[0.011s][info][gc,init] CardTable entry size: 512
[0.011s][info][gc     ] Using Serial
[0.012s][info][gc,init] Version: 18.0.1+10 (release)
[0.012s][info][gc,init] CPUs: 8 total, 8 available
[0.012s][info][gc,init] Memory: 16063M
[0.012s][info][gc,init] Large Page Support: Disabled
[0.012s][info][gc,init] NUMA Support: Disabled
[0.012s][info][gc,init] Compressed Oops: Enabled (32-bit)
[0.012s][info][gc,init] Heap Min Capacity: 2M
[0.012s][info][gc,init] Heap Initial Capacity: 2M
[0.012s][info][gc,init] Heap Max Capacity: 1900M
[0.012s][info][gc,init] Pre-touch: Disabled
[0.012s][info][gc,metaspace] CDS archive(s) not mapped
[0.012s][info][gc,metaspace] Compressed class space mapped at: 0x0000000100000000-0x0000000140000000, reserved size: 1073741824
[0.012s][info][gc,metaspace] Narrow klass base: 0x0000000000000000, Narrow klass shift: 3, Narrow klass range: 0x140000000
[0.179s][info][gc,start    ] GC(0) Pause Young (Allocation Failure)
[0.180s][info][gc,heap     ] GC(0) DefNew: 1023K(1152K)->127K(1152K) Eden: 1023K(1024K)->0K(1024K) From: 0K(128K)->127K(128K)
[0.180s][info][gc,heap     ] GC(0) Tenured: 0K(768K)->440K(768K)
[0.180s][info][gc,metaspace] GC(0) Metaspace: 5903K(6016K)->5903K(6016K) NonClass: 5403K(5504K)->5403K(5504K) Class: 499K(512K)->499K(512K)
[0.180s][info][gc          ] GC(0) Pause Young (Allocation Failure) 0M->0M(1M) 1.470ms
[0.180s][info][gc,cpu      ] GC(0) User=0.00s Sys=0.00s Real=0.00s
[0.199s][info][gc,start    ] GC(1) Pause Young (Allocation Failure)
[0.200s][info][gc          ] GC(1) Pause Young (Allocation Failure) 1M->0M(2M) 1.113ms
[0.200s][info][gc,cpu      ] GC(1) User=0.00s Sys=0.00s Real=0.00s
[0.200s][info][gc,start    ] GC(2) Pause Full (Allocation Failure)
[0.200s][info][gc,phases,start] GC(2) Phase 1: Mark live objects
[0.201s][info][gc,phases      ] GC(2) Phase 1: Mark live objects 0.844ms
[0.201s][info][gc,phases,start] GC(2) Phase 2: Compute new object addresses
[0.201s][info][gc,phases      ] GC(2) Phase 2: Compute new object addresses 0.197ms
[0.201s][info][gc,phases,start] GC(2) Phase 3: Adjust pointers
[0.202s][info][gc,phases      ] GC(2) Phase 3: Adjust pointers 0.442ms
[0.202s][info][gc,phases,start] GC(2) Phase 4: Move objects
[0.202s][info][gc,phases      ] GC(2) Phase 4: Move objects 0.075ms
[0.202s][info][gc,heap        ] GC(2) DefNew: 1151K(1152K)->40K(1152K) Eden: 1024K(1024K)->40K(1024K) From: 127K(128K)->0K(128K)
[0.202s][info][gc,heap        ] GC(2) Tenured: 440K(768K)->959K(1600K)
[0.202s][info][gc,metaspace   ] GC(2) Metaspace: 6301K(6528K)->6301K(6528K) NonClass: 5768K(5888K)->5768K(5888K) Class: 533K(640K)->533K(640K)
[0.202s][info][gc             ] GC(2) Pause Full (Allocation Failure) 0M->0M(2M) 1.829ms
[0.202s][info][gc,cpu         ] GC(2) User=0.00s Sys=0.00s Real=0.00s
[0.204s][info][gc,start       ] GC(3) Pause Young (Allocation Failure)
[0.205s][info][gc,heap        ] GC(3) DefNew: 1024K(1152K)->128K(1152K) Eden: 1024K(1024K)->0K(1024K) From: 0K(128K)->128K(128K)
[0.205s][info][gc,heap        ] GC(3) Tenured: 959K(1600K)->1375K(1600K)
[0.205s][info][gc,metaspace   ] GC(3) Metaspace: 6301K(6528K)->6301K(6528K) NonClass: 5768K(5888K)->5768K(5888K) Class: 533K(640K)->533K(640K)
[0.205s][info][gc             ] GC(3) Pause Young (Allocation Failure) 1M->1M(2M) 1.466ms
[0.205s][info][gc,cpu         ] GC(3) User=0.00s Sys=0.00s Real=0.00s
[0.207s][info][gc,start       ] GC(4) Pause Young (Allocation Failure)
[0.208s][info][gc             ] GC(4) Pause Young (Allocation Failure) 2M->1M(3M) 1.199ms
[0.208s][info][gc,cpu         ] GC(4) User=0.00s Sys=0.00s Real=0.00s
[0.208s][info][gc,start       ] GC(5) Pause Full (Allocation Failure)
[0.208s][info][gc,phases,start] GC(5) Phase 1: Mark live objects
[0.209s][info][gc,phases      ] GC(5) Phase 1: Mark live objects 1.454ms
[0.209s][info][gc,phases,start] GC(5) Phase 2: Compute new object addresses
[0.210s][info][gc,phases      ] GC(5) Phase 2: Compute new object addresses 0.393ms
[0.210s][info][gc,phases,start] GC(5) Phase 3: Adjust pointers
[0.211s][info][gc,phases      ] GC(5) Phase 3: Adjust pointers 0.800ms
[0.211s][info][gc,phases,start] GC(5) Phase 4: Move objects
[0.211s][info][gc,phases      ] GC(5) Phase 4: Move objects 0.086ms
[0.211s][info][gc,heap        ] GC(5) DefNew: 1152K(1152K)->35K(1536K) Eden: 1024K(1024K)->35K(1408K) From: 128K(128K)->0K(128K)
[0.211s][info][gc,heap        ] GC(5) Tenured: 1375K(1600K)->1983K(3308K)
[0.211s][info][gc,metaspace   ] GC(5) Metaspace: 6301K(6528K)->6301K(6528K) NonClass: 5768K(5888K)->5768K(5888K) Class: 533K(640K)->533K(640K)
[0.211s][info][gc             ] GC(5) Pause Full (Allocation Failure) 1M->1M(4M) 3.093ms
[0.211s][info][gc,cpu         ] GC(5) User=0.00s Sys=0.00s Real=0.00s
[0.212s][info][gc,start       ] GC(6) Pause Young (Allocation Failure)
[0.214s][info][gc,heap        ] GC(6) DefNew: 1408K(1536K)->128K(1536K) Eden: 1408K(1408K)->0K(1408K) From: 0K(128K)->128K(128K)
[0.214s][info][gc,heap        ] GC(6) Tenured: 1983K(3308K)->2617K(3308K)
[0.214s][info][gc,metaspace   ] GC(6) Metaspace: 6301K(6528K)->6301K(6528K) NonClass: 5768K(5888K)->5768K(5888K) Class: 533K(640K)->533K(640K)
[0.214s][info][gc             ] GC(6) Pause Young (Allocation Failure) 3M->2M(4M) 1.744ms
[0.214s][info][gc,cpu         ] GC(6) User=0.00s Sys=0.00s Real=0.00s
[0.216s][info][gc,start       ] GC(7) Pause Young (Allocation Failure)
[0.217s][info][gc             ] GC(7) Pause Young (Allocation Failure) 4M->3M(4M) 1.786ms
[0.217s][info][gc,cpu         ] GC(7) User=0.00s Sys=0.00s Real=0.00s
[0.217s][info][gc,start       ] GC(8) Pause Full (Allocation Failure)
[0.217s][info][gc,phases,start] GC(8) Phase 1: Mark live objects
[0.219s][info][gc,phases      ] GC(8) Phase 1: Mark live objects 1.860ms
[0.219s][info][gc,phases,start] GC(8) Phase 2: Compute new object addresses
[0.220s][info][gc,phases      ] GC(8) Phase 2: Compute new object addresses 0.499ms
[0.220s][info][gc,phases,start] GC(8) Phase 3: Adjust pointers
[0.221s][info][gc,phases      ] GC(8) Phase 3: Adjust pointers 0.754ms
[0.221s][info][gc,phases,start] GC(8) Phase 4: Move objects
[0.221s][info][gc,phases      ] GC(8) Phase 4: Move objects 0.079ms
[0.221s][info][gc,heap        ] GC(8) DefNew: 1536K(1536K)->0K(2688K) Eden: 1408K(1408K)->0K(2432K) From: 128K(128K)->0K(256K)
[0.221s][info][gc,heap        ] GC(8) Tenured: 2617K(3308K)->3460K(5768K)
[0.221s][info][gc,metaspace   ] GC(8) Metaspace: 6301K(6528K)->6301K(6528K) NonClass: 5768K(5888K)->5768K(5888K) Class: 533K(640K)->533K(640K)
[0.221s][info][gc             ] GC(8) Pause Full (Allocation Failure) 3M->3M(8M) 3.427ms
[0.221s][info][gc,cpu         ] GC(8) User=0.02s Sys=0.00s Real=0.00s
[0.224s][info][gc,start       ] GC(9) Pause Young (Allocation Failure)
[0.227s][info][gc,heap        ] GC(9) DefNew: 2432K(2688K)->256K(2688K) Eden: 2432K(2432K)->0K(2432K) From: 0K(256K)->256K(256K)
[0.227s][info][gc,heap        ] GC(9) Tenured: 3460K(5768K)->4512K(5768K)
[0.227s][info][gc,metaspace   ] GC(9) Metaspace: 6301K(6528K)->6301K(6528K) NonClass: 5768K(5888K)->5768K(5888K) Class: 533K(640K)->533K(640K)
[0.227s][info][gc             ] GC(9) Pause Young (Allocation Failure) 5M->4M(8M) 2.626ms
[0.227s][info][gc,cpu         ] GC(9) User=0.00s Sys=0.00s Real=0.00s
[0.229s][info][gc,start       ] GC(10) Pause Young (Allocation Failure)
[0.232s][info][gc,heap        ] GC(10) DefNew: 2688K(2688K)->255K(2688K) Eden: 2432K(2432K)->0K(2432K) From: 256K(256K)->255K(256K)
[0.232s][info][gc,heap        ] GC(10) Tenured: 4512K(5768K)->5755K(5768K)
[0.232s][info][gc,metaspace   ] GC(10) Metaspace: 6301K(6528K)->6301K(6528K) NonClass: 5768K(5888K)->5768K(5888K) Class: 533K(640K)->533K(640K)
[0.232s][info][gc             ] GC(10) Pause Young (Allocation Failure) 7M->5M(8M) 2.679ms
[0.232s][info][gc,cpu         ] GC(10) User=0.00s Sys=0.00s Real=0.00s
[0.235s][info][gc,start       ] GC(11) Pause Young (Allocation Failure)
[0.238s][info][gc             ] GC(11) Pause Young (Allocation Failure) 8M->7M(9M) 2.801ms
[0.238s][info][gc,cpu         ] GC(11) User=0.00s Sys=0.00s Real=0.00s
[0.238s][info][gc,start       ] GC(12) Pause Full (Allocation Failure)
[0.238s][info][gc,phases,start] GC(12) Phase 1: Mark live objects
[0.242s][info][gc,phases      ] GC(12) Phase 1: Mark live objects 3.654ms
[0.242s][info][gc,phases,start] GC(12) Phase 2: Compute new object addresses
[0.243s][info][gc,phases      ] GC(12) Phase 2: Compute new object addresses 1.124ms
[0.243s][info][gc,phases,start] GC(12) Phase 3: Adjust pointers
[0.244s][info][gc,phases      ] GC(12) Phase 3: Adjust pointers 1.635ms
[0.244s][info][gc,phases,start] GC(12) Phase 4: Move objects
[0.246s][info][gc,phases      ] GC(12) Phase 4: Move objects 1.174ms
[0.246s][info][gc,heap        ] GC(12) DefNew: 2687K(2688K)->0K(5376K) Eden: 2432K(2432K)->0K(4800K) From: 255K(256K)->0K(576K)
[0.246s][info][gc,heap        ] GC(12) Tenured: 5755K(5768K)->7132K(11888K)
[0.246s][info][gc,metaspace   ] GC(12) Metaspace: 6301K(6528K)->6301K(6528K) NonClass: 5768K(5888K)->5768K(5888K) Class: 533K(640K)->533K(640K)
[0.246s][info][gc             ] GC(12) Pause Full (Allocation Failure) 7M->6M(16M) 8.065ms
[0.246s][info][gc,cpu         ] GC(12) User=0.00s Sys=0.00s Real=0.01s
[0.251s][info][gc,start       ] GC(13) Pause Young (Allocation Failure)
[0.257s][info][gc,heap        ] GC(13) DefNew: 4800K(5376K)->576K(5376K) Eden: 4800K(4800K)->0K(4800K) From: 0K(576K)->576K(576K)
[0.257s][info][gc,heap        ] GC(13) Tenured: 7132K(11888K)->9027K(11888K)
[0.257s][info][gc,metaspace   ] GC(13) Metaspace: 6301K(6528K)->6301K(6528K) NonClass: 5768K(5888K)->5768K(5888K) Class: 533K(640K)->533K(640K)
[0.257s][info][gc             ] GC(13) Pause Young (Allocation Failure) 11M->9M(16M) 6.441ms
[0.257s][info][gc,cpu         ] GC(13) User=0.00s Sys=0.00s Real=0.01s
[0.263s][info][gc,start       ] GC(14) Pause Young (Allocation Failure)
[0.269s][info][gc,heap        ] GC(14) DefNew: 5376K(5376K)->576K(5376K) Eden: 4800K(4800K)->0K(4800K) From: 576K(576K)->576K(576K)
[0.269s][info][gc,heap        ] GC(14) Tenured: 9027K(11888K)->11747K(11888K)
[0.269s][info][gc,metaspace   ] GC(14) Metaspace: 6301K(6528K)->6301K(6528K) NonClass: 5768K(5888K)->5768K(5888K) Class: 533K(640K)->533K(640K)
[0.269s][info][gc             ] GC(14) Pause Young (Allocation Failure) 14M->12M(16M) 5.902ms
[0.269s][info][gc,cpu         ] GC(14) User=0.00s Sys=0.00s Real=0.01s
[0.273s][info][gc,start       ] GC(15) Pause Young (Allocation Failure)
[0.279s][info][gc             ] GC(15) Pause Young (Allocation Failure) 16M->14M(19M) 5.266ms
[0.279s][info][gc,cpu         ] GC(15) User=0.00s Sys=0.00s Real=0.00s
[0.279s][info][gc,start       ] GC(16) Pause Full (Allocation Failure)
[0.279s][info][gc,phases,start] GC(16) Phase 1: Mark live objects
[0.286s][info][gc,phases      ] GC(16) Phase 1: Mark live objects 7.045ms
[0.286s][info][gc,phases,start] GC(16) Phase 2: Compute new object addresses
[0.288s][info][gc,phases      ] GC(16) Phase 2: Compute new object addresses 2.263ms
[0.288s][info][gc,phases,start] GC(16) Phase 3: Adjust pointers
[0.291s][info][gc,phases      ] GC(16) Phase 3: Adjust pointers 2.821ms
[0.291s][info][gc,phases,start] GC(16) Phase 4: Move objects
[0.291s][info][gc,phases      ] GC(16) Phase 4: Move objects 0.174ms
[0.291s][info][gc,heap        ] GC(16) DefNew: 5376K(5376K)->387K(10880K) Eden: 4800K(4800K)->387K(9728K) From: 576K(576K)->0K(1152K)
[0.291s][info][gc,heap        ] GC(16) Tenured: 11747K(11888K)->14383K(23976K)
[0.291s][info][gc,metaspace   ] GC(16) Metaspace: 6303K(6528K)->6303K(6528K) NonClass: 5769K(5888K)->5769K(5888K) Class: 533K(640K)->533K(640K)
[0.291s][info][gc             ] GC(16) Pause Full (Allocation Failure) 14M->14M(34M) 12.655ms
[0.291s][info][gc,cpu         ] GC(16) User=0.02s Sys=0.00s Real=0.01s
[0.300s][info][gc,start       ] GC(17) Pause Young (Allocation Failure)
[0.312s][info][gc,heap        ] GC(17) DefNew: 9728K(10880K)->1151K(10880K) Eden: 9728K(9728K)->0K(9728K) From: 0K(1152K)->1151K(1152K)
[0.312s][info][gc,heap        ] GC(17) Tenured: 14383K(23976K)->18415K(23976K)
[0.312s][info][gc,metaspace   ] GC(17) Metaspace: 6303K(6528K)->6303K(6528K) NonClass: 5769K(5888K)->5769K(5888K) Class: 533K(640K)->533K(640K)
[0.313s][info][gc             ] GC(17) Pause Young (Allocation Failure) 23M->19M(34M) 12.330ms
[0.313s][info][gc,cpu         ] GC(17) User=0.00s Sys=0.00s Real=0.01s
[0.321s][info][gc,start       ] GC(18) Pause Young (Allocation Failure)
[0.334s][info][gc,heap        ] GC(18) DefNew: 10879K(10880K)->1151K(10880K) Eden: 9728K(9728K)->0K(9728K) From: 1151K(1152K)->1151K(1152K)
[0.334s][info][gc,heap        ] GC(18) Tenured: 18415K(23976K)->23936K(23976K)
[0.334s][info][gc,metaspace   ] GC(18) Metaspace: 6303K(6528K)->6303K(6528K) NonClass: 5769K(5888K)->5769K(5888K) Class: 533K(640K)->533K(640K)
[0.334s][info][gc             ] GC(18) Pause Young (Allocation Failure) 28M->24M(34M) 13.497ms
[0.334s][info][gc,cpu         ] GC(18) User=0.02s Sys=0.00s Real=0.01s
[0.339s][info][gc,start       ] GC(19) Pause Young (Allocation Failure)
[0.350s][info][gc             ] GC(19) Pause Young (Allocation Failure) 34M->29M(38M) 11.161ms
[0.350s][info][gc,cpu         ] GC(19) User=0.02s Sys=0.00s Real=0.01s
[0.350s][info][gc,start       ] GC(20) Pause Full (Allocation Failure)
[0.351s][info][gc,phases,start] GC(20) Phase 1: Mark live objects
[0.364s][info][gc,phases      ] GC(20) Phase 1: Mark live objects 13.705ms
[0.364s][info][gc,phases,start] GC(20) Phase 2: Compute new object addresses
[0.369s][info][gc,phases      ] GC(20) Phase 2: Compute new object addresses 4.600ms
[0.369s][info][gc,phases,start] GC(20) Phase 3: Adjust pointers
[0.375s][info][gc,phases      ] GC(20) Phase 3: Adjust pointers 5.796ms
[0.375s][info][gc,phases,start] GC(20) Phase 4: Move objects
[0.375s][info][gc,phases      ] GC(20) Phase 4: Move objects 0.169ms
[0.375s][info][gc,heap        ] GC(20) DefNew: 10879K(10880K)->1080K(21888K) Eden: 9728K(9728K)->1080K(19520K) From: 1151K(1152K)->0K(2368K)
[0.375s][info][gc,heap        ] GC(20) Tenured: 23936K(23976K)->29035K(48396K)
[0.375s][info][gc,metaspace   ] GC(20) Metaspace: 6303K(6528K)->6303K(6528K) NonClass: 5769K(5888K)->5769K(5888K) Class: 533K(640K)->533K(640K)
[0.375s][info][gc             ] GC(20) Pause Full (Allocation Failure) 29M->29M(68M) 24.699ms
[0.375s][info][gc,cpu         ] GC(20) User=0.02s Sys=0.00s Real=0.03s
[0.391s][info][gc,start       ] GC(21) Pause Young (Allocation Failure)
[0.419s][info][gc,heap        ] GC(21) DefNew: 19520K(21888K)->2367K(21888K) Eden: 19520K(19520K)->0K(19520K) From: 0K(2368K)->2367K(2368K)
[0.419s][info][gc,heap        ] GC(21) Tenured: 29035K(48396K)->39358K(48396K)
[0.419s][info][gc,metaspace   ] GC(21) Metaspace: 6303K(6528K)->6303K(6528K) NonClass: 5769K(5888K)->5769K(5888K) Class: 533K(640K)->533K(640K)
[0.419s][info][gc             ] GC(21) Pause Young (Allocation Failure) 47M->40M(68M) 28.192ms
[0.419s][info][gc,cpu         ] GC(21) User=0.02s Sys=0.00s Real=0.03s
[0.437s][info][gc,start       ] GC(22) Pause Young (Allocation Failure)
[0.472s][info][gc             ] GC(22) Pause Young (Allocation Failure) 59M->59M(78M) 34.866ms
[0.472s][info][gc,cpu         ] GC(22) User=0.03s Sys=0.00s Real=0.04s
[0.472s][info][gc,start       ] GC(23) Pause Full (Allocation Failure)
[0.472s][info][gc,phases,start] GC(23) Phase 1: Mark live objects
[0.496s][info][gc,phases      ] GC(23) Phase 1: Mark live objects 24.171ms
[0.496s][info][gc,phases,start] GC(23) Phase 2: Compute new object addresses
[0.506s][info][gc,phases      ] GC(23) Phase 2: Compute new object addresses 9.717ms
[0.506s][info][gc,phases,start] GC(23) Phase 3: Adjust pointers
[0.516s][info][gc,phases      ] GC(23) Phase 3: Adjust pointers 10.476ms
[0.516s][info][gc,phases,start] GC(23) Phase 4: Move objects
[0.517s][info][gc,phases      ] GC(23) Phase 4: Move objects 0.358ms
[0.517s][info][gc,heap        ] GC(23) DefNew: 21887K(21888K)->2259K(44288K) Eden: 19520K(19520K)->2259K(39424K) From: 2367K(2368K)->0K(4864K)
[0.517s][info][gc,heap        ] GC(23) Tenured: 39358K(48396K)->58955K(98260K)
[0.517s][info][gc,metaspace   ] GC(23) Metaspace: 6303K(6528K)->6303K(6528K) NonClass: 5769K(5888K)->5769K(5888K) Class: 533K(640K)->533K(640K)
[0.517s][info][gc             ] GC(23) Pause Full (Allocation Failure) 59M->59M(139M) 45.361ms
[0.517s][info][gc,cpu         ] GC(23) User=0.03s Sys=0.03s Real=0.05s
[0.557s][info][gc,start       ] GC(24) Pause Young (Allocation Failure)
[0.617s][info][gc,heap        ] GC(24) DefNew: 39424K(44288K)->4863K(44288K) Eden: 39424K(39424K)->0K(39424K) From: 0K(4864K)->4863K(4864K)
[0.617s][info][gc,heap        ] GC(24) Tenured: 58955K(98260K)->93487K(98260K)
[0.617s][info][gc,metaspace   ] GC(24) Metaspace: 6303K(6528K)->6303K(6528K) NonClass: 5769K(5888K)->5769K(5888K) Class: 533K(640K)->533K(640K)
[0.617s][info][gc             ] GC(24) Pause Young (Allocation Failure) 96M->96M(139M) 60.230ms
[0.617s][info][gc,cpu         ] GC(24) User=0.05s Sys=0.00s Real=0.06s
[0.649s][info][gc,start       ] GC(25) Pause Young (Allocation Failure)
[0.719s][info][gc             ] GC(25) Pause Young (Allocation Failure) 134M->134M(173M) 70.358ms
[0.719s][info][gc,cpu         ] GC(25) User=0.05s Sys=0.02s Real=0.07s
[0.719s][info][gc,start       ] GC(26) Pause Full (Allocation Failure)
[0.719s][info][gc,phases,start] GC(26) Phase 1: Mark live objects
[0.774s][info][gc,phases      ] GC(26) Phase 1: Mark live objects 54.900ms
[0.774s][info][gc,phases,start] GC(26) Phase 2: Compute new object addresses
[0.795s][info][gc,phases      ] GC(26) Phase 2: Compute new object addresses 21.394ms
[0.795s][info][gc,phases,start] GC(26) Phase 3: Adjust pointers
[0.824s][info][gc,phases      ] GC(26) Phase 3: Adjust pointers 28.219ms
[0.824s][info][gc,phases,start] GC(26) Phase 4: Move objects
[0.851s][info][gc,phases      ] GC(26) Phase 4: Move objects 27.234ms
[0.852s][info][gc,heap        ] GC(26) DefNew: 44287K(44288K)->1016K(99712K) Eden: 39424K(39424K)->1016K(88640K) From: 4863K(4864K)->0K(11072K)
[0.852s][info][gc,heap        ] GC(26) Tenured: 93487K(98260K)->132887K(221480K)
[0.852s][info][gc,metaspace   ] GC(26) Metaspace: 6303K(6528K)->6303K(6528K) NonClass: 5769K(5888K)->5769K(5888K) Class: 533K(640K)->533K(640K)
[0.852s][info][gc             ] GC(26) Pause Full (Allocation Failure) 134M->130M(313M) 132.579ms
[0.852s][info][gc,cpu         ] GC(26) User=0.12s Sys=0.00s Real=0.13s
[0.942s][info][gc,start       ] GC(27) Pause Young (Allocation Failure)
[1.096s][info][gc,heap        ] GC(27) DefNew: 88640K(99712K)->11071K(99712K) Eden: 88640K(88640K)->0K(88640K) From: 0K(11072K)->11071K(11072K)
[1.096s][info][gc,heap        ] GC(27) Tenured: 132887K(221480K)->210425K(221480K)
[1.096s][info][gc,metaspace   ] GC(27) Metaspace: 6303K(6528K)->6303K(6528K) NonClass: 5769K(5888K)->5769K(5888K) Class: 533K(640K)->533K(640K)
[1.096s][info][gc             ] GC(27) Pause Young (Allocation Failure) 216M->216M(313M) 153.494ms
[1.096s][info][gc,cpu         ] GC(27) User=0.14s Sys=0.02s Real=0.15s
[1.175s][info][gc,start       ] GC(28) Pause Young (Allocation Failure)
[1.343s][info][gc             ] GC(28) Pause Young (Allocation Failure) 302M->302M(389M) 167.851ms
[1.343s][info][gc,cpu         ] GC(28) User=0.16s Sys=0.00s Real=0.17s
[1.343s][info][gc,start       ] GC(29) Pause Full (Allocation Failure)
[1.343s][info][gc,phases,start] GC(29) Phase 1: Mark live objects
[1.476s][info][gc,phases      ] GC(29) Phase 1: Mark live objects 133.200ms
[1.476s][info][gc,phases,start] GC(29) Phase 2: Compute new object addresses
[1.524s][info][gc,phases      ] GC(29) Phase 2: Compute new object addresses 47.575ms
[1.524s][info][gc,phases,start] GC(29) Phase 3: Adjust pointers
[1.582s][info][gc,phases      ] GC(29) Phase 3: Adjust pointers 57.964ms
[1.582s][info][gc,phases,start] GC(29) Phase 4: Move objects
[1.584s][info][gc,phases      ] GC(29) Phase 4: Move objects 2.450ms
[1.585s][info][gc,heap        ] GC(29) DefNew: 99711K(99712K)->10928K(224448K) Eden: 88640K(88640K)->10928K(199552K) From: 11071K(11072K)->0K(24896K)
[1.585s][info][gc,heap        ] GC(29) Tenured: 210425K(221480K)->299180K(498636K)
[1.585s][info][gc,metaspace   ] GC(29) Metaspace: 6303K(6528K)->6303K(6528K) NonClass: 5769K(5888K)->5769K(5888K) Class: 533K(640K)->533K(640K)
[1.585s][info][gc             ] GC(29) Pause Full (Allocation Failure) 302M->302M(706M) 242.429ms
[1.585s][info][gc,cpu         ] GC(29) User=0.23s Sys=0.00s Real=0.24s
[1.791s][info][gc,start       ] GC(30) Pause Young (Allocation Failure)
[2.114s][info][gc,heap        ] GC(30) DefNew: 199552K(224448K)->24895K(224448K) Eden: 199552K(199552K)->0K(199552K) From: 0K(24896K)->24895K(24896K)
[2.114s][info][gc,heap        ] GC(30) Tenured: 299180K(498636K)->473808K(498636K)
[2.114s][info][gc,metaspace   ] GC(30) Metaspace: 6303K(6528K)->6303K(6528K) NonClass: 5769K(5888K)->5769K(5888K) Class: 533K(640K)->533K(640K)
[2.114s][info][gc             ] GC(30) Pause Young (Allocation Failure) 487M->487M(706M) 323.066ms
[2.114s][info][gc,cpu         ] GC(30) User=0.27s Sys=0.06s Real=0.32s
[2.292s][info][gc,start       ] GC(31) Pause Young (Allocation Failure)
[2.668s][info][gc             ] GC(31) Pause Young (Allocation Failure) 681M->681M(876M) 375.693ms
[2.668s][info][gc,cpu         ] GC(31) User=0.30s Sys=0.05s Real=0.38s
[2.668s][info][gc,start       ] GC(32) Pause Full (Allocation Failure)
[2.668s][info][gc,phases,start] GC(32) Phase 1: Mark live objects
[2.967s][info][gc,phases      ] GC(32) Phase 1: Mark live objects 299.511ms
[2.967s][info][gc,phases,start] GC(32) Phase 2: Compute new object addresses
[3.070s][info][gc,phases      ] GC(32) Phase 2: Compute new object addresses 102.806ms
[3.070s][info][gc,phases,start] GC(32) Phase 3: Adjust pointers
[3.184s][info][gc,phases      ] GC(32) Phase 3: Adjust pointers 113.861ms
[3.184s][info][gc,phases,start] GC(32) Phase 4: Move objects
[3.189s][info][gc,phases      ] GC(32) Phase 4: Move objects 5.120ms
[3.191s][info][gc,heap        ] GC(32) DefNew: 224447K(224448K)->24796K(505152K) Eden: 199552K(199552K)->24796K(449088K) From: 24895K(24896K)->0K(56064K)
[3.191s][info][gc,heap        ] GC(32) Tenured: 473808K(498636K)->673424K(1122376K)
[3.191s][info][gc,metaspace   ] GC(32) Metaspace: 6303K(6528K)->6303K(6528K) NonClass: 5769K(5888K)->5769K(5888K) Class: 533K(640K)->533K(640K)
[3.191s][info][gc             ] GC(32) Pause Full (Allocation Failure) 681M->681M(1589M) 523.566ms
[3.191s][info][gc,cpu         ] GC(32) User=0.50s Sys=0.00s Real=0.52s
[3.648s][info][gc,start       ] GC(33) Pause Young (Allocation Failure)
[4.392s][info][gc,heap        ] GC(33) DefNew: 449088K(505152K)->56064K(505152K) Eden: 449088K(449088K)->0K(449088K) From: 0K(56064K)->56064K(56064K)
[4.392s][info][gc,heap        ] GC(33) Tenured: 673424K(1122376K)->1066419K(1122376K)
[4.392s][info][gc,metaspace   ] GC(33) Metaspace: 6303K(6528K)->6303K(6528K) NonClass: 5769K(5888K)->5769K(5888K) Class: 533K(640K)->533K(640K)
[4.392s][info][gc             ] GC(33) Pause Young (Allocation Failure) 1096M->1096M(1589M) 743.745ms
[4.392s][info][gc,cpu         ] GC(33) User=0.62s Sys=0.09s Real=0.74s
[4.858s][info][gc,start       ] GC(34) Pause Young (Allocation Failure)
[4.858s][info][gc             ] GC(34) Pause Young (Allocation Failure) 1534M->1534M(1589M) 0.143ms
[4.858s][info][gc,cpu         ] GC(34) User=0.00s Sys=0.00s Real=0.00s
[4.858s][info][gc,start       ] GC(35) Pause Full (Allocation Failure)
[4.858s][info][gc,phases,start] GC(35) Phase 1: Mark live objects
[5.528s][info][gc,phases      ] GC(35) Phase 1: Mark live objects 669.594ms
[5.528s][info][gc,phases,start] GC(35) Phase 2: Compute new object addresses
[5.743s][info][gc,phases      ] GC(35) Phase 2: Compute new object addresses 215.046ms
[5.743s][info][gc,phases,start] GC(35) Phase 3: Adjust pointers
[6.062s][info][gc,phases      ] GC(35) Phase 3: Adjust pointers 318.806ms
[6.062s][info][gc,phases,start] GC(35) Phase 4: Move objects
[6.162s][info][gc,phases      ] GC(35) Phase 4: Move objects 99.908ms
[6.162s][info][gc,heap        ] GC(35) DefNew: 505152K(505152K)->394766K(583680K) Eden: 449088K(449088K)->394766K(518848K) From: 56064K(56064K)->0K(64832K)
[6.163s][info][gc,heap        ] GC(35) Tenured: 1066419K(1122376K)->1122375K(1297088K)
[6.163s][info][gc,metaspace   ] GC(35) Metaspace: 6303K(6528K)->6303K(6528K) NonClass: 5769K(5888K)->5769K(5888K) Class: 533K(640K)->533K(640K)
[6.163s][info][gc             ] GC(35) Pause Full (Allocation Failure) 1534M->1481M(1836M) 1304.686ms
[6.163s][info][gc,cpu         ] GC(35) User=1.27s Sys=0.02s Real=1.31s
[7.119s][info][gc,start       ] GC(36) Pause Full (Allocation Failure)
[7.119s][info][gc,phases,start] GC(36) Phase 1: Mark live objects
[8.010s][info][gc,phases      ] GC(36) Phase 1: Mark live objects 891.123ms
[8.010s][info][gc,phases,start] GC(36) Phase 2: Compute new object addresses
[8.272s][info][gc,phases      ] GC(36) Phase 2: Compute new object addresses 261.615ms
[8.272s][info][gc,phases,start] GC(36) Phase 3: Adjust pointers
[8.711s][info][gc,phases      ] GC(36) Phase 3: Adjust pointers 439.407ms
[8.712s][info][gc,phases,start] GC(36) Phase 4: Move objects
[9.036s][info][gc,phases      ] GC(36) Phase 4: Move objects 323.997ms
[9.036s][info][gc,heap        ] GC(36) DefNew: 583680K(583680K)->554999K(583680K) Eden: 518848K(518848K)->518847K(518848K) From: 64832K(64832K)->36151K(64832K)
[9.036s][info][gc,heap        ] GC(36) Tenured: 1297087K(1297088K)->1297087K(1297088K)
[9.036s][info][gc,metaspace   ] GC(36) Metaspace: 6303K(6528K)->6303K(6528K) NonClass: 5769K(5888K)->5769K(5888K) Class: 533K(640K)->533K(640K)
[9.036s][info][gc             ] GC(36) Pause Full (Allocation Failure) 1836M->1808M(1836M) 1916.869ms
[9.036s][info][gc,cpu         ] GC(36) User=1.80s Sys=0.00s Real=1.92s
[9.120s][info][gc,start       ] GC(37) Pause Full (Allocation Failure)
[9.120s][info][gc,phases,start] GC(37) Phase 1: Mark live objects
[9.968s][info][gc,phases      ] GC(37) Phase 1: Mark live objects 847.843ms
[9.968s][info][gc,phases,start] GC(37) Phase 2: Compute new object addresses
[10.244s][info][gc,phases      ] GC(37) Phase 2: Compute new object addresses 275.528ms
[10.244s][info][gc,phases,start] GC(37) Phase 3: Adjust pointers
[10.607s][info][gc,phases      ] GC(37) Phase 3: Adjust pointers 363.141ms
[10.607s][info][gc,phases,start] GC(37) Phase 4: Move objects
[10.607s][info][gc,phases      ] GC(37) Phase 4: Move objects 0.017ms
[10.607s][info][gc,heap        ] GC(37) DefNew: 583679K(583680K)->583679K(583680K) Eden: 518848K(518848K)->518848K(518848K) From: 64831K(64832K)->64831K(64832K)
[10.607s][info][gc,heap        ] GC(37) Tenured: 1297087K(1297088K)->1297087K(1297088K)
[10.607s][info][gc,metaspace   ] GC(37) Metaspace: 6303K(6528K)->6303K(6528K) NonClass: 5769K(5888K)->5769K(5888K) Class: 533K(640K)->533K(640K)
[10.607s][info][gc             ] GC(37) Pause Full (Allocation Failure) 1836M->1836M(1836M) 1487.106ms
[10.607s][info][gc,cpu         ] GC(37) User=1.47s Sys=0.00s Real=1.49s
[10.607s][info][gc,start       ] GC(38) Pause Full (Allocation Failure)
[10.607s][info][gc,phases,start] GC(38) Phase 1: Mark live objects
[11.480s][info][gc,phases      ] GC(38) Phase 1: Mark live objects 872.667ms
[11.480s][info][gc,phases,start] GC(38) Phase 2: Compute new object addresses
[11.756s][info][gc,phases      ] GC(38) Phase 2: Compute new object addresses 275.853ms
[11.756s][info][gc,phases,start] GC(38) Phase 3: Adjust pointers
[12.212s][info][gc,phases      ] GC(38) Phase 3: Adjust pointers 456.345ms
[12.212s][info][gc,phases,start] GC(38) Phase 4: Move objects
[12.512s][info][gc,phases      ] GC(38) Phase 4: Move objects 299.422ms
[12.512s][info][gc,heap        ] GC(38) DefNew: 583679K(583680K)->583675K(583680K) Eden: 518848K(518848K)->518848K(518848K) From: 64831K(64832K)->64827K(64832K)
[12.512s][info][gc,heap        ] GC(38) Tenured: 1297087K(1297088K)->1297087K(1297088K)
[12.512s][info][gc,metaspace   ] GC(38) Metaspace: 6303K(6528K)->6301K(6528K) NonClass: 5769K(5888K)->5768K(5888K) Class: 533K(640K)->532K(640K)
[12.512s][info][gc             ] GC(38) Pause Full (Allocation Failure) 1836M->1836M(1836M) 1905.070ms
[12.512s][info][gc,cpu         ] GC(38) User=1.86s Sys=0.00s Real=1.91s
[12.513s][info][gc,start       ] GC(39) Pause Full (Allocation Failure)
[12.513s][info][gc,phases,start] GC(39) Phase 1: Mark live objects
[13.362s][info][gc,phases      ] GC(39) Phase 1: Mark live objects 848.787ms
[13.362s][info][gc,phases,start] GC(39) Phase 2: Compute new object addresses
[13.627s][info][gc,phases      ] GC(39) Phase 2: Compute new object addresses 265.558ms
[13.627s][info][gc,phases,start] GC(39) Phase 3: Adjust pointers
[13.979s][info][gc,phases      ] GC(39) Phase 3: Adjust pointers 351.884ms
[13.979s][info][gc,phases,start] GC(39) Phase 4: Move objects
[13.979s][info][gc,phases      ] GC(39) Phase 4: Move objects 0.015ms
[13.980s][info][gc,heap        ] GC(39) DefNew: 583679K(583680K)->583679K(583680K) Eden: 518848K(518848K)->518848K(518848K) From: 64831K(64832K)->64831K(64832K)
[13.980s][info][gc,heap        ] GC(39) Tenured: 1297087K(1297088K)->1297087K(1297088K)
[13.980s][info][gc,metaspace   ] GC(39) Metaspace: 6301K(6528K)->6301K(6528K) NonClass: 5768K(5888K)->5768K(5888K) Class: 532K(640K)->532K(640K)
[13.980s][info][gc             ] GC(39) Pause Full (Allocation Failure) 1836M->1836M(1836M) 1466.748ms
[13.980s][info][gc,cpu         ] GC(39) User=1.42s Sys=0.00s Real=1.47s
[13.980s][info][gc,start       ] GC(40) Pause Full (Allocation Failure)
[13.980s][info][gc,phases,start] GC(40) Phase 1: Mark live objects
[14.837s][info][gc,phases      ] GC(40) Phase 1: Mark live objects 857.513ms
[14.837s][info][gc,phases,start] GC(40) Phase 2: Compute new object addresses
[15.106s][info][gc,phases      ] GC(40) Phase 2: Compute new object addresses 268.918ms
[15.106s][info][gc,phases,start] GC(40) Phase 3: Adjust pointers
[15.462s][info][gc,phases      ] GC(40) Phase 3: Adjust pointers 355.455ms
[15.462s][info][gc,phases,start] GC(40) Phase 4: Move objects
[15.462s][info][gc,phases      ] GC(40) Phase 4: Move objects 0.016ms
[15.462s][info][gc,heap        ] GC(40) DefNew: 583679K(583680K)->583679K(583680K) Eden: 518848K(518848K)->518848K(518848K) From: 64831K(64832K)->64831K(64832K)
[15.462s][info][gc,heap        ] GC(40) Tenured: 1297087K(1297088K)->1297087K(1297088K)
[15.462s][info][gc,metaspace   ] GC(40) Metaspace: 6301K(6528K)->6301K(6528K) NonClass: 5768K(5888K)->5768K(5888K) Class: 532K(640K)->532K(640K)
[15.462s][info][gc             ] GC(40) Pause Full (Allocation Failure) 1836M->1836M(1836M) 1482.356ms
[15.462s][info][gc,cpu         ] GC(40) User=1.45s Sys=0.00s Real=1.48s
[15.463s][info][gc,start       ] GC(41) Pause Full (Allocation Failure)
[15.463s][info][gc,phases,start] GC(41) Phase 1: Mark live objects
[16.341s][info][gc,phases      ] GC(41) Phase 1: Mark live objects 878.392ms
[16.341s][info][gc,phases,start] GC(41) Phase 2: Compute new object addresses
[16.670s][info][gc,phases      ] GC(41) Phase 2: Compute new object addresses 328.466ms
[16.670s][info][gc,phases,start] GC(41) Phase 3: Adjust pointers
[17.047s][info][gc,phases      ] GC(41) Phase 3: Adjust pointers 376.695ms
[17.047s][info][gc,phases,start] GC(41) Phase 4: Move objects
[17.047s][info][gc,phases      ] GC(41) Phase 4: Move objects 0.017ms
[17.047s][info][gc,heap        ] GC(41) DefNew: 583679K(583680K)->583679K(583680K) Eden: 518848K(518848K)->518848K(518848K) From: 64831K(64832K)->64831K(64832K)
[17.047s][info][gc,heap        ] GC(41) Tenured: 1297087K(1297088K)->1297087K(1297088K)
[17.047s][info][gc,metaspace   ] GC(41) Metaspace: 6301K(6528K)->6301K(6528K) NonClass: 5768K(5888K)->5768K(5888K) Class: 532K(640K)->532K(640K)
[17.047s][info][gc             ] GC(41) Pause Full (Allocation Failure) 1836M->1836M(1836M) 1584.096ms
[17.047s][info][gc,cpu         ] GC(41) User=1.47s Sys=0.00s Real=1.58s
[17.047s][info][gc,start       ] GC(42) Pause Full (Allocation Failure)
[17.047s][info][gc,phases,start] GC(42) Phase 1: Mark live objects
[17.902s][info][gc,phases      ] GC(42) Phase 1: Mark live objects 854.923ms
[17.902s][info][gc,phases,start] GC(42) Phase 2: Compute new object addresses
[18.170s][info][gc,phases      ] GC(42) Phase 2: Compute new object addresses 267.757ms
[18.170s][info][gc,phases,start] GC(42) Phase 3: Adjust pointers
[18.602s][info][gc,phases      ] GC(42) Phase 3: Adjust pointers 432.615ms
[18.603s][info][gc,phases,start] GC(42) Phase 4: Move objects
[18.895s][info][gc,phases      ] GC(42) Phase 4: Move objects 292.899ms
[18.896s][info][gc,heap        ] GC(42) DefNew: 583679K(583680K)->583678K(583680K) Eden: 518848K(518848K)->518848K(518848K) From: 64831K(64832K)->64830K(64832K)
[18.896s][info][gc,heap        ] GC(42) Tenured: 1297087K(1297088K)->1297087K(1297088K)
[18.896s][info][gc,metaspace   ] GC(42) Metaspace: 6301K(6528K)->6301K(6528K) NonClass: 5768K(5888K)->5768K(5888K) Class: 532K(640K)->532K(640K)
[18.896s][info][gc             ] GC(42) Pause Full (Allocation Failure) 1836M->1836M(1836M) 1849.050ms
[18.896s][info][gc,cpu         ] GC(42) User=1.83s Sys=0.00s Real=1.85s
[18.897s][info][gc,start       ] GC(43) Pause Full (Allocation Failure)
[18.897s][info][gc,phases,start] GC(43) Phase 1: Mark live objects
[19.751s][info][gc,phases      ] GC(43) Phase 1: Mark live objects 854.034ms
[19.751s][info][gc,phases,start] GC(43) Phase 2: Compute new object addresses
[20.055s][info][gc,phases      ] GC(43) Phase 2: Compute new object addresses 303.646ms
[20.055s][info][gc,phases,start] GC(43) Phase 3: Adjust pointers
[20.407s][info][gc,phases      ] GC(43) Phase 3: Adjust pointers 351.751ms
[20.407s][info][gc,phases,start] GC(43) Phase 4: Move objects
[20.407s][info][gc,phases      ] GC(43) Phase 4: Move objects 0.017ms
[20.407s][info][gc,heap        ] GC(43) DefNew: 583679K(583680K)->583679K(583680K) Eden: 518848K(518848K)->518848K(518848K) From: 64831K(64832K)->64831K(64832K)
[20.407s][info][gc,heap        ] GC(43) Tenured: 1297087K(1297088K)->1297087K(1297088K)
[20.407s][info][gc,metaspace   ] GC(43) Metaspace: 6303K(6528K)->6303K(6528K) NonClass: 5769K(5888K)->5769K(5888K) Class: 533K(640K)->533K(640K)
[20.407s][info][gc             ] GC(43) Pause Full (Allocation Failure) 1836M->1836M(1836M) 1509.995ms
[20.407s][info][gc,cpu         ] GC(43) User=1.44s Sys=0.00s Real=1.51s
[20.408s][info][gc,heap,exit   ] Heap
[20.408s][info][gc,heap,exit   ]  def new generation   total 583680K, used 583679K [0x0000000089400000, 0x00000000b0d50000, 0x00000000b0d50000)
[20.408s][info][gc,heap,exit   ]   eden space 518848K, 100% used [0x0000000089400000, 0x00000000a8eb0000, 0x00000000a8eb0000)
[20.408s][info][gc,heap,exit   ]   from space 64832K,  99% used [0x00000000a8eb0000, 0x00000000acdfffe8, 0x00000000ace00000)
[20.408s][info][gc,heap,exit   ]   to   space 64832K,   0% used [0x00000000ace00000, 0x00000000ace00000, 0x00000000b0d50000)
[20.408s][info][gc,heap,exit   ]  tenured generation   total 1297088K, used 1297087K [0x00000000b0d50000, 0x0000000100000000, 0x0000000100000000)
[20.408s][info][gc,heap,exit   ]    the space 1297088K,  99% used [0x00000000b0d50000, 0x00000000ffffffa8, 0x0000000100000000, 0x0000000100000000)
[20.408s][info][gc,heap,exit   ]  Metaspace       used 6306K, committed 6528K, reserved 1114112K
[20.408s][info][gc,heap,exit   ]   class space    used 534K, committed 640K, reserved 1048576K
