[0.010s][info][gc,init] CardTable entry size: 512
[0.011s][info][gc     ] Using Serial
[0.011s][info][gc,init] Version: 18.0.1+10 (release)
[0.011s][info][gc,init] CPUs: 8 total, 8 available
[0.011s][info][gc,init] Memory: 16063M
[0.011s][info][gc,init] Large Page Support: Disabled
[0.011s][info][gc,init] NUMA Support: Disabled
[0.011s][info][gc,init] Compressed Oops: Enabled (Zero based)
[0.011s][info][gc,init] Heap Min Capacity: 2M
[0.011s][info][gc,init] Heap Initial Capacity: 2M
[0.011s][info][gc,init] Heap Max Capacity: 13300M
[0.011s][info][gc,init] Pre-touch: Disabled
[0.011s][info][gc,metaspace] CDS archive(s) not mapped
[0.011s][info][gc,metaspace] Compressed class space mapped at: 0x0000000800000000-0x0000000840000000, reserved size: 1073741824
[0.012s][info][gc,metaspace] Narrow klass base: 0x0000000800000000, Narrow klass shift: 0, Narrow klass range: 0x40000000
[0.160s][info][gc,start    ] GC(0) Pause Young (Allocation Failure)
[0.161s][info][gc,heap     ] GC(0) DefNew: 1023K(1152K)->127K(1152K) Eden: 1023K(1024K)->0K(1024K) From: 0K(128K)->127K(128K)
[0.161s][info][gc,heap     ] GC(0) Tenured: 0K(768K)->439K(768K)
[0.161s][info][gc,metaspace] GC(0) Metaspace: 5903K(6016K)->5903K(6016K) NonClass: 5403K(5504K)->5403K(5504K) Class: 499K(512K)->499K(512K)
[0.161s][info][gc          ] GC(0) Pause Young (Allocation Failure) 0M->0M(1M) 1.485ms
[0.161s][info][gc,cpu      ] GC(0) User=0.00s Sys=0.00s Real=0.00s
[0.180s][info][gc,start    ] GC(1) Pause Young (Allocation Failure)
[0.181s][info][gc          ] GC(1) Pause Young (Allocation Failure) 1M->0M(2M) 1.443ms
[0.181s][info][gc,cpu      ] GC(1) User=0.00s Sys=0.00s Real=0.00s
[0.181s][info][gc,start    ] GC(2) Pause Full (Allocation Failure)
[0.181s][info][gc,phases,start] GC(2) Phase 1: Mark live objects
[0.182s][info][gc,phases      ] GC(2) Phase 1: Mark live objects 1.032ms
[0.182s][info][gc,phases,start] GC(2) Phase 2: Compute new object addresses
[0.182s][info][gc,phases      ] GC(2) Phase 2: Compute new object addresses 0.230ms
[0.183s][info][gc,phases,start] GC(2) Phase 3: Adjust pointers
[0.183s][info][gc,phases      ] GC(2) Phase 3: Adjust pointers 0.507ms
[0.183s][info][gc,phases,start] GC(2) Phase 4: Move objects
[0.183s][info][gc,phases      ] GC(2) Phase 4: Move objects 0.064ms
[0.183s][info][gc,heap        ] GC(2) DefNew: 1151K(1152K)->40K(1152K) Eden: 1024K(1024K)->40K(1024K) From: 127K(128K)->0K(128K)
[0.183s][info][gc,heap        ] GC(2) Tenured: 439K(768K)->959K(1600K)
[0.183s][info][gc,metaspace   ] GC(2) Metaspace: 6300K(6464K)->6300K(6464K) NonClass: 5766K(5824K)->5766K(5824K) Class: 533K(640K)->533K(640K)
[0.183s][info][gc             ] GC(2) Pause Full (Allocation Failure) 0M->0M(2M) 2.115ms
[0.183s][info][gc,cpu         ] GC(2) User=0.00s Sys=0.00s Real=0.00s
[0.185s][info][gc,start       ] GC(3) Pause Young (Allocation Failure)
[0.186s][info][gc,heap        ] GC(3) DefNew: 1024K(1152K)->128K(1152K) Eden: 1024K(1024K)->0K(1024K) From: 0K(128K)->128K(128K)
[0.186s][info][gc,heap        ] GC(3) Tenured: 959K(1600K)->1375K(1600K)
[0.186s][info][gc,metaspace   ] GC(3) Metaspace: 6300K(6464K)->6300K(6464K) NonClass: 5766K(5824K)->5766K(5824K) Class: 533K(640K)->533K(640K)
[0.186s][info][gc             ] GC(3) Pause Young (Allocation Failure) 1M->1M(2M) 1.331ms
[0.186s][info][gc,cpu         ] GC(3) User=0.00s Sys=0.00s Real=0.00s
[0.187s][info][gc,start       ] GC(4) Pause Young (Allocation Failure)
[0.188s][info][gc             ] GC(4) Pause Young (Allocation Failure) 2M->1M(3M) 1.191ms
[0.188s][info][gc,cpu         ] GC(4) User=0.00s Sys=0.00s Real=0.00s
[0.188s][info][gc,start       ] GC(5) Pause Full (Allocation Failure)
[0.188s][info][gc,phases,start] GC(5) Phase 1: Mark live objects
[0.190s][info][gc,phases      ] GC(5) Phase 1: Mark live objects 1.435ms
[0.190s][info][gc,phases,start] GC(5) Phase 2: Compute new object addresses
[0.190s][info][gc,phases      ] GC(5) Phase 2: Compute new object addresses 0.364ms
[0.190s][info][gc,phases,start] GC(5) Phase 3: Adjust pointers
[0.191s][info][gc,phases      ] GC(5) Phase 3: Adjust pointers 0.665ms
[0.191s][info][gc,phases,start] GC(5) Phase 4: Move objects
[0.191s][info][gc,phases      ] GC(5) Phase 4: Move objects 0.064ms
[0.191s][info][gc,heap        ] GC(5) DefNew: 1152K(1152K)->35K(1536K) Eden: 1024K(1024K)->35K(1408K) From: 128K(128K)->0K(128K)
[0.191s][info][gc,heap        ] GC(5) Tenured: 1375K(1600K)->1983K(3308K)
[0.191s][info][gc,metaspace   ] GC(5) Metaspace: 6300K(6464K)->6300K(6464K) NonClass: 5766K(5824K)->5766K(5824K) Class: 533K(640K)->533K(640K)
[0.191s][info][gc             ] GC(5) Pause Full (Allocation Failure) 1M->1M(4M) 2.841ms
[0.191s][info][gc,cpu         ] GC(5) User=0.00s Sys=0.00s Real=0.00s
[0.193s][info][gc,start       ] GC(6) Pause Young (Allocation Failure)
[0.195s][info][gc,heap        ] GC(6) DefNew: 1407K(1536K)->127K(1536K) Eden: 1407K(1408K)->0K(1408K) From: 0K(128K)->127K(128K)
[0.195s][info][gc,heap        ] GC(6) Tenured: 1983K(3308K)->2617K(3308K)
[0.195s][info][gc,metaspace   ] GC(6) Metaspace: 6300K(6464K)->6300K(6464K) NonClass: 5766K(5824K)->5766K(5824K) Class: 533K(640K)->533K(640K)
[0.195s][info][gc             ] GC(6) Pause Young (Allocation Failure) 3M->2M(4M) 1.911ms
[0.195s][info][gc,cpu         ] GC(6) User=0.00s Sys=0.00s Real=0.00s
[0.196s][info][gc,start       ] GC(7) Pause Young (Allocation Failure)
[0.198s][info][gc             ] GC(7) Pause Young (Allocation Failure) 4M->3M(4M) 1.483ms
[0.198s][info][gc,cpu         ] GC(7) User=0.00s Sys=0.00s Real=0.00s
[0.198s][info][gc,start       ] GC(8) Pause Full (Allocation Failure)
[0.198s][info][gc,phases,start] GC(8) Phase 1: Mark live objects
[0.200s][info][gc,phases      ] GC(8) Phase 1: Mark live objects 1.945ms
[0.200s][info][gc,phases,start] GC(8) Phase 2: Compute new object addresses
[0.200s][info][gc,phases      ] GC(8) Phase 2: Compute new object addresses 0.538ms
[0.200s][info][gc,phases,start] GC(8) Phase 3: Adjust pointers
[0.201s][info][gc,phases      ] GC(8) Phase 3: Adjust pointers 0.861ms
[0.201s][info][gc,phases,start] GC(8) Phase 4: Move objects
[0.201s][info][gc,phases      ] GC(8) Phase 4: Move objects 0.080ms
[0.202s][info][gc,heap        ] GC(8) DefNew: 1535K(1536K)->0K(2688K) Eden: 1408K(1408K)->0K(2432K) From: 127K(128K)->0K(256K)
[0.202s][info][gc,heap        ] GC(8) Tenured: 2617K(3308K)->3460K(5768K)
[0.202s][info][gc,metaspace   ] GC(8) Metaspace: 6300K(6464K)->6300K(6464K) NonClass: 5766K(5824K)->5766K(5824K) Class: 533K(640K)->533K(640K)
[0.202s][info][gc             ] GC(8) Pause Full (Allocation Failure) 3M->3M(8M) 3.691ms
[0.202s][info][gc,cpu         ] GC(8) User=0.00s Sys=0.00s Real=0.00s
[0.205s][info][gc,start       ] GC(9) Pause Young (Allocation Failure)
[0.207s][info][gc,heap        ] GC(9) DefNew: 2431K(2688K)->256K(2688K) Eden: 2431K(2432K)->0K(2432K) From: 0K(256K)->256K(256K)
[0.207s][info][gc,heap        ] GC(9) Tenured: 3460K(5768K)->4512K(5768K)
[0.207s][info][gc,metaspace   ] GC(9) Metaspace: 6300K(6464K)->6300K(6464K) NonClass: 5766K(5824K)->5766K(5824K) Class: 533K(640K)->533K(640K)
[0.207s][info][gc             ] GC(9) Pause Young (Allocation Failure) 5M->4M(8M) 2.277ms
[0.207s][info][gc,cpu         ] GC(9) User=0.00s Sys=0.00s Real=0.00s
[0.209s][info][gc,start       ] GC(10) Pause Young (Allocation Failure)
[0.212s][info][gc,heap        ] GC(10) DefNew: 2688K(2688K)->255K(2688K) Eden: 2432K(2432K)->0K(2432K) From: 256K(256K)->255K(256K)
[0.212s][info][gc,heap        ] GC(10) Tenured: 4512K(5768K)->5755K(5768K)
[0.212s][info][gc,metaspace   ] GC(10) Metaspace: 6300K(6464K)->6300K(6464K) NonClass: 5766K(5824K)->5766K(5824K) Class: 533K(640K)->533K(640K)
[0.212s][info][gc             ] GC(10) Pause Young (Allocation Failure) 7M->5M(8M) 2.941ms
[0.212s][info][gc,cpu         ] GC(10) User=0.00s Sys=0.00s Real=0.00s
[0.215s][info][gc,start       ] GC(11) Pause Young (Allocation Failure)
[0.218s][info][gc             ] GC(11) Pause Young (Allocation Failure) 8M->7M(9M) 2.987ms
[0.218s][info][gc,cpu         ] GC(11) User=0.00s Sys=0.00s Real=0.00s
[0.218s][info][gc,start       ] GC(12) Pause Full (Allocation Failure)
[0.218s][info][gc,phases,start] GC(12) Phase 1: Mark live objects
[0.222s][info][gc,phases      ] GC(12) Phase 1: Mark live objects 3.867ms
[0.222s][info][gc,phases,start] GC(12) Phase 2: Compute new object addresses
[0.223s][info][gc,phases      ] GC(12) Phase 2: Compute new object addresses 1.154ms
[0.223s][info][gc,phases,start] GC(12) Phase 3: Adjust pointers
[0.225s][info][gc,phases      ] GC(12) Phase 3: Adjust pointers 1.752ms
[0.225s][info][gc,phases,start] GC(12) Phase 4: Move objects
[0.226s][info][gc,phases      ] GC(12) Phase 4: Move objects 1.580ms
[0.227s][info][gc,heap        ] GC(12) DefNew: 2687K(2688K)->0K(5376K) Eden: 2432K(2432K)->0K(4800K) From: 255K(256K)->0K(576K)
[0.227s][info][gc,heap        ] GC(12) Tenured: 5755K(5768K)->7132K(11888K)
[0.227s][info][gc,metaspace   ] GC(12) Metaspace: 6300K(6464K)->6300K(6464K) NonClass: 5766K(5824K)->5766K(5824K) Class: 533K(640K)->533K(640K)
[0.227s][info][gc             ] GC(12) Pause Full (Allocation Failure) 7M->6M(16M) 8.851ms
[0.227s][info][gc,cpu         ] GC(12) User=0.02s Sys=0.00s Real=0.01s
[0.232s][info][gc,start       ] GC(13) Pause Young (Allocation Failure)
[0.238s][info][gc,heap        ] GC(13) DefNew: 4800K(5376K)->575K(5376K) Eden: 4800K(4800K)->0K(4800K) From: 0K(576K)->575K(576K)
[0.238s][info][gc,heap        ] GC(13) Tenured: 7132K(11888K)->9027K(11888K)
[0.238s][info][gc,metaspace   ] GC(13) Metaspace: 6300K(6464K)->6300K(6464K) NonClass: 5766K(5824K)->5766K(5824K) Class: 533K(640K)->533K(640K)
[0.238s][info][gc             ] GC(13) Pause Young (Allocation Failure) 11M->9M(16M) 5.824ms
[0.238s][info][gc,cpu         ] GC(13) User=0.00s Sys=0.00s Real=0.01s
[0.243s][info][gc,start       ] GC(14) Pause Young (Allocation Failure)
[0.249s][info][gc,heap        ] GC(14) DefNew: 5375K(5376K)->576K(5376K) Eden: 4800K(4800K)->0K(4800K) From: 575K(576K)->576K(576K)
[0.249s][info][gc,heap        ] GC(14) Tenured: 9027K(11888K)->11746K(11888K)
[0.249s][info][gc,metaspace   ] GC(14) Metaspace: 6300K(6464K)->6300K(6464K) NonClass: 5766K(5824K)->5766K(5824K) Class: 533K(640K)->533K(640K)
[0.249s][info][gc             ] GC(14) Pause Young (Allocation Failure) 14M->12M(16M) 6.288ms
[0.249s][info][gc,cpu         ] GC(14) User=0.00s Sys=0.00s Real=0.01s
[0.253s][info][gc,start       ] GC(15) Pause Young (Allocation Failure)
[0.259s][info][gc             ] GC(15) Pause Young (Allocation Failure) 16M->14M(19M) 5.842ms
[0.259s][info][gc,cpu         ] GC(15) User=0.00s Sys=0.00s Real=0.01s
[0.259s][info][gc,start       ] GC(16) Pause Full (Allocation Failure)
[0.259s][info][gc,phases,start] GC(16) Phase 1: Mark live objects
[0.267s][info][gc,phases      ] GC(16) Phase 1: Mark live objects 7.759ms
[0.267s][info][gc,phases,start] GC(16) Phase 2: Compute new object addresses
[0.269s][info][gc,phases      ] GC(16) Phase 2: Compute new object addresses 2.394ms
[0.269s][info][gc,phases,start] GC(16) Phase 3: Adjust pointers
[0.272s][info][gc,phases      ] GC(16) Phase 3: Adjust pointers 3.153ms
[0.272s][info][gc,phases,start] GC(16) Phase 4: Move objects
[0.273s][info][gc,phases      ] GC(16) Phase 4: Move objects 0.185ms
[0.273s][info][gc,heap        ] GC(16) DefNew: 5376K(5376K)->387K(10880K) Eden: 4800K(4800K)->387K(9728K) From: 576K(576K)->0K(1152K)
[0.273s][info][gc,heap        ] GC(16) Tenured: 11746K(11888K)->14383K(23976K)
[0.273s][info][gc,metaspace   ] GC(16) Metaspace: 6302K(6464K)->6302K(6464K) NonClass: 5768K(5824K)->5768K(5824K) Class: 533K(640K)->533K(640K)
[0.273s][info][gc             ] GC(16) Pause Full (Allocation Failure) 14M->14M(34M) 13.837ms
[0.273s][info][gc,cpu         ] GC(16) User=0.02s Sys=0.00s Real=0.01s
[0.280s][info][gc,start       ] GC(17) Pause Young (Allocation Failure)
[0.292s][info][gc,heap        ] GC(17) DefNew: 9728K(10880K)->1152K(10880K) Eden: 9728K(9728K)->0K(9728K) From: 0K(1152K)->1152K(1152K)
[0.293s][info][gc,heap        ] GC(17) Tenured: 14383K(23976K)->18415K(23976K)
[0.293s][info][gc,metaspace   ] GC(17) Metaspace: 6302K(6464K)->6302K(6464K) NonClass: 5768K(5824K)->5768K(5824K) Class: 533K(640K)->533K(640K)
[0.293s][info][gc             ] GC(17) Pause Young (Allocation Failure) 23M->19M(34M) 12.912ms
[0.293s][info][gc,cpu         ] GC(17) User=0.02s Sys=0.00s Real=0.01s
[0.299s][info][gc,start       ] GC(18) Pause Young (Allocation Failure)
[0.311s][info][gc,heap        ] GC(18) DefNew: 10880K(10880K)->1151K(10880K) Eden: 9728K(9728K)->0K(9728K) From: 1152K(1152K)->1151K(1152K)
[0.311s][info][gc,heap        ] GC(18) Tenured: 18415K(23976K)->23936K(23976K)
[0.311s][info][gc,metaspace   ] GC(18) Metaspace: 6302K(6464K)->6302K(6464K) NonClass: 5768K(5824K)->5768K(5824K) Class: 533K(640K)->533K(640K)
[0.311s][info][gc             ] GC(18) Pause Young (Allocation Failure) 28M->24M(34M) 11.889ms
[0.311s][info][gc,cpu         ] GC(18) User=0.00s Sys=0.00s Real=0.01s
[0.316s][info][gc,start       ] GC(19) Pause Young (Allocation Failure)
[0.328s][info][gc             ] GC(19) Pause Young (Allocation Failure) 34M->29M(38M) 11.475ms
[0.328s][info][gc,cpu         ] GC(19) User=0.00s Sys=0.00s Real=0.01s
[0.328s][info][gc,start       ] GC(20) Pause Full (Allocation Failure)
[0.328s][info][gc,phases,start] GC(20) Phase 1: Mark live objects
[0.342s][info][gc,phases      ] GC(20) Phase 1: Mark live objects 14.472ms
[0.342s][info][gc,phases,start] GC(20) Phase 2: Compute new object addresses
[0.348s][info][gc,phases      ] GC(20) Phase 2: Compute new object addresses 5.513ms
[0.348s][info][gc,phases,start] GC(20) Phase 3: Adjust pointers
[0.354s][info][gc,phases      ] GC(20) Phase 3: Adjust pointers 5.864ms
[0.354s][info][gc,phases,start] GC(20) Phase 4: Move objects
[0.354s][info][gc,phases      ] GC(20) Phase 4: Move objects 0.192ms
[0.354s][info][gc,heap        ] GC(20) DefNew: 10879K(10880K)->1080K(21888K) Eden: 9728K(9728K)->1080K(19520K) From: 1151K(1152K)->0K(2368K)
[0.354s][info][gc,heap        ] GC(20) Tenured: 23936K(23976K)->29035K(48396K)
[0.354s][info][gc,metaspace   ] GC(20) Metaspace: 6302K(6464K)->6302K(6464K) NonClass: 5768K(5824K)->5768K(5824K) Class: 533K(640K)->533K(640K)
[0.354s][info][gc             ] GC(20) Pause Full (Allocation Failure) 29M->29M(68M) 26.440ms
[0.354s][info][gc,cpu         ] GC(20) User=0.03s Sys=0.00s Real=0.03s
[0.368s][info][gc,start       ] GC(21) Pause Young (Allocation Failure)
[0.395s][info][gc,heap        ] GC(21) DefNew: 19520K(21888K)->2367K(21888K) Eden: 19520K(19520K)->0K(19520K) From: 0K(2368K)->2367K(2368K)
[0.395s][info][gc,heap        ] GC(21) Tenured: 29035K(48396K)->39353K(48396K)
[0.395s][info][gc,metaspace   ] GC(21) Metaspace: 6302K(6464K)->6302K(6464K) NonClass: 5768K(5824K)->5768K(5824K) Class: 533K(640K)->533K(640K)
[0.395s][info][gc             ] GC(21) Pause Young (Allocation Failure) 47M->40M(68M) 26.800ms
[0.395s][info][gc,cpu         ] GC(21) User=0.02s Sys=0.00s Real=0.03s
[0.413s][info][gc,start       ] GC(22) Pause Young (Allocation Failure)
[0.448s][info][gc             ] GC(22) Pause Young (Allocation Failure) 59M->59M(78M) 35.106ms
[0.448s][info][gc,cpu         ] GC(22) User=0.03s Sys=0.00s Real=0.03s
[0.448s][info][gc,start       ] GC(23) Pause Full (Allocation Failure)
[0.448s][info][gc,phases,start] GC(23) Phase 1: Mark live objects
[0.473s][info][gc,phases      ] GC(23) Phase 1: Mark live objects 24.746ms
[0.473s][info][gc,phases,start] GC(23) Phase 2: Compute new object addresses
[0.483s][info][gc,phases      ] GC(23) Phase 2: Compute new object addresses 9.569ms
[0.483s][info][gc,phases,start] GC(23) Phase 3: Adjust pointers
[0.494s][info][gc,phases      ] GC(23) Phase 3: Adjust pointers 10.984ms
[0.494s][info][gc,phases,start] GC(23) Phase 4: Move objects
[0.494s][info][gc,phases      ] GC(23) Phase 4: Move objects 0.386ms
[0.494s][info][gc,heap        ] GC(23) DefNew: 21887K(21888K)->2253K(44288K) Eden: 19520K(19520K)->2253K(39424K) From: 2367K(2368K)->0K(4864K)
[0.494s][info][gc,heap        ] GC(23) Tenured: 39353K(48396K)->58955K(98260K)
[0.494s][info][gc,metaspace   ] GC(23) Metaspace: 6302K(6464K)->6302K(6464K) NonClass: 5768K(5824K)->5768K(5824K) Class: 533K(640K)->533K(640K)
[0.495s][info][gc             ] GC(23) Pause Full (Allocation Failure) 59M->59M(139M) 46.380ms
[0.495s][info][gc,cpu         ] GC(23) User=0.03s Sys=0.00s Real=0.05s
[0.535s][info][gc,start       ] GC(24) Pause Young (Allocation Failure)
[0.596s][info][gc,heap        ] GC(24) DefNew: 39424K(44288K)->4864K(44288K) Eden: 39424K(39424K)->0K(39424K) From: 0K(4864K)->4864K(4864K)
[0.596s][info][gc,heap        ] GC(24) Tenured: 58955K(98260K)->93487K(98260K)
[0.596s][info][gc,metaspace   ] GC(24) Metaspace: 6302K(6464K)->6302K(6464K) NonClass: 5768K(5824K)->5768K(5824K) Class: 533K(640K)->533K(640K)
[0.596s][info][gc             ] GC(24) Pause Young (Allocation Failure) 96M->96M(139M) 60.992ms
[0.596s][info][gc,cpu         ] GC(24) User=0.03s Sys=0.02s Real=0.06s
[0.629s][info][gc,start       ] GC(25) Pause Young (Allocation Failure)
[0.698s][info][gc             ] GC(25) Pause Young (Allocation Failure) 134M->134M(173M) 69.110ms
[0.698s][info][gc,cpu         ] GC(25) User=0.06s Sys=0.00s Real=0.07s
[0.698s][info][gc,start       ] GC(26) Pause Full (Allocation Failure)
[0.698s][info][gc,phases,start] GC(26) Phase 1: Mark live objects
[0.753s][info][gc,phases      ] GC(26) Phase 1: Mark live objects 55.160ms
[0.753s][info][gc,phases,start] GC(26) Phase 2: Compute new object addresses
[0.774s][info][gc,phases      ] GC(26) Phase 2: Compute new object addresses 21.027ms
[0.774s][info][gc,phases,start] GC(26) Phase 3: Adjust pointers
[0.803s][info][gc,phases      ] GC(26) Phase 3: Adjust pointers 28.563ms
[0.803s][info][gc,phases,start] GC(26) Phase 4: Move objects
[0.828s][info][gc,phases      ] GC(26) Phase 4: Move objects 24.717ms
[0.828s][info][gc,heap        ] GC(26) DefNew: 44288K(44288K)->1014K(99712K) Eden: 39424K(39424K)->1014K(88640K) From: 4864K(4864K)->0K(11072K)
[0.828s][info][gc,heap        ] GC(26) Tenured: 93487K(98260K)->132887K(221480K)
[0.828s][info][gc,metaspace   ] GC(26) Metaspace: 6302K(6464K)->6302K(6464K) NonClass: 5768K(5824K)->5768K(5824K) Class: 533K(640K)->533K(640K)
[0.828s][info][gc             ] GC(26) Pause Full (Allocation Failure) 134M->130M(313M) 130.310ms
[0.828s][info][gc,cpu         ] GC(26) User=0.11s Sys=0.00s Real=0.13s
[0.919s][info][gc,start       ] GC(27) Pause Young (Allocation Failure)
[1.069s][info][gc,heap        ] GC(27) DefNew: 88640K(99712K)->11071K(99712K) Eden: 88640K(88640K)->0K(88640K) From: 0K(11072K)->11071K(11072K)
[1.069s][info][gc,heap        ] GC(27) Tenured: 132887K(221480K)->210424K(221480K)
[1.069s][info][gc,metaspace   ] GC(27) Metaspace: 6302K(6464K)->6302K(6464K) NonClass: 5768K(5824K)->5768K(5824K) Class: 533K(640K)->533K(640K)
[1.069s][info][gc             ] GC(27) Pause Young (Allocation Failure) 216M->216M(313M) 149.487ms
[1.069s][info][gc,cpu         ] GC(27) User=0.12s Sys=0.03s Real=0.15s
[1.149s][info][gc,start       ] GC(28) Pause Young (Allocation Failure)
[1.315s][info][gc             ] GC(28) Pause Young (Allocation Failure) 302M->302M(389M) 166.443ms
[1.315s][info][gc,cpu         ] GC(28) User=0.11s Sys=0.05s Real=0.17s
[1.315s][info][gc,start       ] GC(29) Pause Full (Allocation Failure)
[1.315s][info][gc,phases,start] GC(29) Phase 1: Mark live objects
[1.450s][info][gc,phases      ] GC(29) Phase 1: Mark live objects 134.635ms
[1.450s][info][gc,phases,start] GC(29) Phase 2: Compute new object addresses
[1.497s][info][gc,phases      ] GC(29) Phase 2: Compute new object addresses 47.138ms
[1.497s][info][gc,phases,start] GC(29) Phase 3: Adjust pointers
[1.555s][info][gc,phases      ] GC(29) Phase 3: Adjust pointers 57.378ms
[1.555s][info][gc,phases,start] GC(29) Phase 4: Move objects
[1.558s][info][gc,phases      ] GC(29) Phase 4: Move objects 2.763ms
[1.559s][info][gc,heap        ] GC(29) DefNew: 99711K(99712K)->10926K(224448K) Eden: 88640K(88640K)->10926K(199552K) From: 11071K(11072K)->0K(24896K)
[1.559s][info][gc,heap        ] GC(29) Tenured: 210424K(221480K)->299179K(498636K)
[1.559s][info][gc,metaspace   ] GC(29) Metaspace: 6302K(6464K)->6302K(6464K) NonClass: 5768K(5824K)->5768K(5824K) Class: 533K(640K)->533K(640K)
[1.559s][info][gc             ] GC(29) Pause Full (Allocation Failure) 302M->302M(706M) 243.325ms
[1.559s][info][gc,cpu         ] GC(29) User=0.25s Sys=0.00s Real=0.24s
[1.768s][info][gc,start       ] GC(30) Pause Young (Allocation Failure)
[2.110s][info][gc,heap        ] GC(30) DefNew: 199552K(224448K)->24895K(224448K) Eden: 199552K(199552K)->0K(199552K) From: 0K(24896K)->24895K(24896K)
[2.110s][info][gc,heap        ] GC(30) Tenured: 299179K(498636K)->473807K(498636K)
[2.110s][info][gc,metaspace   ] GC(30) Metaspace: 6302K(6464K)->6302K(6464K) NonClass: 5768K(5824K)->5768K(5824K) Class: 533K(640K)->533K(640K)
[2.110s][info][gc             ] GC(30) Pause Young (Allocation Failure) 487M->487M(706M) 341.558ms
[2.110s][info][gc,cpu         ] GC(30) User=0.31s Sys=0.02s Real=0.34s
[2.290s][info][gc,start       ] GC(31) Pause Young (Allocation Failure)
[2.666s][info][gc             ] GC(31) Pause Young (Allocation Failure) 681M->681M(876M) 375.822ms
[2.666s][info][gc,cpu         ] GC(31) User=0.28s Sys=0.08s Real=0.38s
[2.666s][info][gc,start       ] GC(32) Pause Full (Allocation Failure)
[2.666s][info][gc,phases,start] GC(32) Phase 1: Mark live objects
[2.972s][info][gc,phases      ] GC(32) Phase 1: Mark live objects 306.007ms
[2.972s][info][gc,phases,start] GC(32) Phase 2: Compute new object addresses
[3.076s][info][gc,phases      ] GC(32) Phase 2: Compute new object addresses 103.932ms
[3.076s][info][gc,phases,start] GC(32) Phase 3: Adjust pointers
[3.190s][info][gc,phases      ] GC(32) Phase 3: Adjust pointers 114.021ms
[3.190s][info][gc,phases,start] GC(32) Phase 4: Move objects
[3.195s][info][gc,phases      ] GC(32) Phase 4: Move objects 4.822ms
[3.197s][info][gc,heap        ] GC(32) DefNew: 224447K(224448K)->24801K(505152K) Eden: 199552K(199552K)->24801K(449088K) From: 24895K(24896K)->0K(56064K)
[3.197s][info][gc,heap        ] GC(32) Tenured: 473807K(498636K)->673423K(1122376K)
[3.197s][info][gc,metaspace   ] GC(32) Metaspace: 6302K(6464K)->6302K(6464K) NonClass: 5768K(5824K)->5768K(5824K) Class: 533K(640K)->533K(640K)
[3.197s][info][gc             ] GC(32) Pause Full (Allocation Failure) 681M->681M(1589M) 531.076ms
[3.197s][info][gc,cpu         ] GC(32) User=0.50s Sys=0.00s Real=0.53s
[3.655s][info][gc,start       ] GC(33) Pause Young (Allocation Failure)
[4.429s][info][gc,heap        ] GC(33) DefNew: 449088K(505152K)->56064K(505152K) Eden: 449088K(449088K)->0K(449088K) From: 0K(56064K)->56064K(56064K)
[4.429s][info][gc,heap        ] GC(33) Tenured: 673423K(1122376K)->1066422K(1122376K)
[4.429s][info][gc,metaspace   ] GC(33) Metaspace: 6302K(6464K)->6302K(6464K) NonClass: 5768K(5824K)->5768K(5824K) Class: 533K(640K)->533K(640K)
[4.429s][info][gc             ] GC(33) Pause Young (Allocation Failure) 1096M->1096M(1589M) 774.438ms
[4.429s][info][gc,cpu         ] GC(33) User=0.69s Sys=0.08s Real=0.77s
[4.897s][info][gc,start       ] GC(34) Pause Young (Allocation Failure)
[5.633s][info][gc             ] GC(34) Pause Young (Allocation Failure) 1534M->1484M(1923M) 735.461ms
[5.633s][info][gc,cpu         ] GC(34) User=0.58s Sys=0.14s Real=0.74s
[5.633s][info][gc,start       ] GC(35) Pause Full (Allocation Failure)
[5.633s][info][gc,phases,start] GC(35) Phase 1: Mark live objects
[6.289s][info][gc,phases      ] GC(35) Phase 1: Mark live objects 656.168ms
[6.289s][info][gc,phases,start] GC(35) Phase 2: Compute new object addresses
[6.512s][info][gc,phases      ] GC(35) Phase 2: Compute new object addresses 222.703ms
[6.512s][info][gc,phases,start] GC(35) Phase 3: Adjust pointers
[6.778s][info][gc,phases      ] GC(35) Phase 3: Adjust pointers 265.796ms
[6.778s][info][gc,phases,start] GC(35) Phase 4: Move objects
[6.789s][info][gc,phases      ] GC(35) Phase 4: Move objects 10.944ms
[6.793s][info][gc,heap        ] GC(35) DefNew: 505152K(505152K)->55886K(1098496K) Eden: 449088K(449088K)->55886K(976448K) From: 56064K(56064K)->0K(122048K)
[6.793s][info][gc,heap        ] GC(35) Tenured: 1066422K(1122376K)->1464588K(2440980K)
[6.793s][info][gc,metaspace   ] GC(35) Metaspace: 6302K(6464K)->6302K(6464K) NonClass: 5768K(5824K)->5768K(5824K) Class: 533K(640K)->533K(640K)
[6.793s][info][gc             ] GC(35) Pause Full (Allocation Failure) 1484M->1484M(3456M) 1160.053ms
[6.793s][info][gc,cpu         ] GC(35) User=1.11s Sys=0.00s Real=1.16s
[7.758s][info][gc,start       ] GC(36) Pause Young (Allocation Failure)
[9.518s][info][gc,heap        ] GC(36) DefNew: 976448K(1098496K)->122048K(1098496K) Eden: 976448K(976448K)->0K(976448K) From: 0K(122048K)->122048K(122048K)
[9.518s][info][gc,heap        ] GC(36) Tenured: 1464588K(2440980K)->2318955K(2440980K)
[9.518s][info][gc,metaspace   ] GC(36) Metaspace: 6302K(6464K)->6302K(6464K) NonClass: 5768K(5824K)->5768K(5824K) Class: 533K(640K)->533K(640K)
[9.518s][info][gc             ] GC(36) Pause Young (Allocation Failure) 2383M->2383M(3456M) 1759.575ms
[9.518s][info][gc,cpu         ] GC(36) User=1.52s Sys=0.25s Real=1.76s
[10.518s][info][gc,start       ] GC(37) Pause Young (Allocation Failure)
[12.206s][info][gc             ] GC(37) Pause Young (Allocation Failure) 3337M->3337M(4291M) 1688.500ms
[12.206s][info][gc,cpu         ] GC(37) User=1.44s Sys=0.25s Real=1.69s
[12.206s][info][gc,start       ] GC(38) Pause Full (Allocation Failure)
[12.206s][info][gc,phases,start] GC(38) Phase 1: Mark live objects
[13.721s][info][gc,phases      ] GC(38) Phase 1: Mark live objects 1514.704ms
[13.721s][info][gc,phases,start] GC(38) Phase 2: Compute new object addresses
[14.215s][info][gc,phases      ] GC(38) Phase 2: Compute new object addresses 493.940ms
[14.215s][info][gc,phases,start] GC(38) Phase 3: Adjust pointers
[14.890s][info][gc,phases      ] GC(38) Phase 3: Adjust pointers 674.394ms
[14.890s][info][gc,phases,start] GC(38) Phase 4: Move objects
[15.534s][info][gc,phases      ] GC(38) Phase 4: Move objects 643.916ms
[15.543s][info][gc,heap        ] GC(38) DefNew: 1098496K(1098496K)->27703K(2471680K) Eden: 976448K(976448K)->27703K(2197056K) From: 122048K(122048K)->0K(274624K)
[15.543s][info][gc,heap        ] GC(38) Tenured: 2318955K(2440980K)->3295511K(5492520K)
[15.543s][info][gc,metaspace   ] GC(38) Metaspace: 6302K(6464K)->6302K(6464K) NonClass: 5768K(5824K)->5768K(5824K) Class: 533K(640K)->533K(640K)
[15.543s][info][gc             ] GC(38) Pause Full (Allocation Failure) 3337M->3245M(7777M) 3336.520ms
[15.543s][info][gc,cpu         ] GC(38) User=3.30s Sys=0.00s Real=3.34s
[17.767s][info][gc,start       ] GC(39) Pause Young (Allocation Failure)
[21.679s][info][gc,heap        ] GC(39) DefNew: 2197056K(2471680K)->274623K(2471680K) Eden: 2197056K(2197056K)->0K(2197056K) From: 0K(274624K)->274623K(274624K)
[21.680s][info][gc,heap        ] GC(39) Tenured: 3295511K(5492520K)->5217909K(5492520K)
[21.680s][info][gc,metaspace   ] GC(39) Metaspace: 6302K(6464K)->6302K(6464K) NonClass: 5768K(5824K)->5768K(5824K) Class: 533K(640K)->533K(640K)
[21.680s][info][gc             ] GC(39) Pause Young (Allocation Failure) 5363M->5363M(7777M) 3912.764ms
[21.680s][info][gc,cpu         ] GC(39) User=3.33s Sys=0.53s Real=3.91s
[23.751s][info][gc,start       ] GC(40) Pause Young (Allocation Failure)
[27.565s][info][gc             ] GC(40) Pause Young (Allocation Failure) 7509M->7509M(9655M) 3814.409ms
[27.565s][info][gc,cpu         ] GC(40) User=3.12s Sys=0.66s Real=3.82s
[27.565s][info][gc,start       ] GC(41) Pause Full (Allocation Failure)
[27.565s][info][gc,phases,start] GC(41) Phase 1: Mark live objects
[31.102s][info][gc,phases      ] GC(41) Phase 1: Mark live objects 3536.223ms
[31.102s][info][gc,phases,start] GC(41) Phase 2: Compute new object addresses
[32.279s][info][gc,phases      ] GC(41) Phase 2: Compute new object addresses 1177.688ms
[32.280s][info][gc,phases,start] GC(41) Phase 3: Adjust pointers
[33.582s][info][gc,phases      ] GC(41) Phase 3: Adjust pointers 1302.135ms
[33.582s][info][gc,phases,start] GC(41) Phase 4: Move objects
[33.640s][info][gc,phases      ] GC(41) Phase 4: Move objects 58.628ms
[33.707s][info][gc,heap        ] GC(41) DefNew: 2471679K(2471680K)->274474K(4085760K) Eden: 2197056K(2197056K)->274474K(3631808K) From: 274623K(274624K)->0K(453952K)
[33.707s][info][gc,heap        ] GC(41) Tenured: 5217909K(5492520K)->7415083K(9079488K)
[33.707s][info][gc,metaspace   ] GC(41) Metaspace: 6302K(6464K)->6302K(6464K) NonClass: 5768K(5824K)->5768K(5824K) Class: 533K(640K)->533K(640K)
[33.708s][info][gc             ] GC(41) Pause Full (Allocation Failure) 7509M->7509M(12856M) 6142.041ms
[33.708s][info][gc,cpu         ] GC(41) User=6.06s Sys=0.00s Real=6.14s
[36.957s][info][gc,start       ] GC(42) Pause Young (Allocation Failure)
[36.957s][info][gc             ] GC(42) Pause Young (Allocation Failure) 10787M->10787M(12856M) 0.119ms
[36.957s][info][gc,cpu         ] GC(42) User=0.00s Sys=0.00s Real=0.00s
[36.957s][info][gc,start       ] GC(43) Pause Full (Allocation Failure)
[36.957s][info][gc,phases,start] GC(43) Phase 1: Mark live objects
[41.942s][info][gc,phases      ] GC(43) Phase 1: Mark live objects 4984.522ms
[41.942s][info][gc,phases,start] GC(43) Phase 2: Compute new object addresses
[43.648s][info][gc,phases      ] GC(43) Phase 2: Compute new object addresses 1706.233ms
[43.648s][info][gc,phases,start] GC(43) Phase 3: Adjust pointers
[45.922s][info][gc,phases      ] GC(43) Phase 3: Adjust pointers 2273.276ms
[45.922s][info][gc,phases,start] GC(43) Phase 4: Move objects
[47.095s][info][gc,phases      ] GC(43) Phase 4: Move objects 1173.076ms
[47.096s][info][gc,heap        ] GC(43) DefNew: 3631808K(4085760K)->1967373K(4085760K) Eden: 3631808K(3631808K)->1967373K(3631808K) From: 0K(453952K)->0K(453952K)
[47.096s][info][gc,heap        ] GC(43) Tenured: 7415083K(9079488K)->9079487K(9079488K)
[47.096s][info][gc,metaspace   ] GC(43) Metaspace: 6302K(6464K)->6302K(6464K) NonClass: 5768K(5824K)->5768K(5824K) Class: 533K(640K)->533K(640K)
[47.096s][info][gc             ] GC(43) Pause Full (Allocation Failure) 10787M->10787M(12856M) 10138.551ms
[47.096s][info][gc,cpu         ] GC(43) User=9.64s Sys=0.38s Real=10.14s
[50.891s][info][gc,start       ] GC(44) Pause Full (Allocation Failure)
[50.891s][info][gc,phases,start] GC(44) Phase 1: Mark live objects
[56.930s][info][gc,phases      ] GC(44) Phase 1: Mark live objects 6038.502ms
[56.930s][info][gc,phases,start] GC(44) Phase 2: Compute new object addresses
[58.702s][info][gc,phases      ] GC(44) Phase 2: Compute new object addresses 1772.110ms
[58.702s][info][gc,phases,start] GC(44) Phase 3: Adjust pointers
[61.107s][info][gc,phases      ] GC(44) Phase 3: Adjust pointers 2405.512ms
[61.108s][info][gc,phases,start] GC(44) Phase 4: Move objects
[61.400s][info][gc,phases      ] GC(44) Phase 4: Move objects 292.061ms
[61.401s][info][gc,heap        ] GC(44) DefNew: 4085759K(4085760K)->4085749K(4085760K) Eden: 3631808K(3631808K)->3631807K(3631808K) From: 453951K(453952K)->453941K(453952K)
[61.401s][info][gc,heap        ] GC(44) Tenured: 9079487K(9079488K)->9079487K(9079488K)
[61.401s][info][gc,metaspace   ] GC(44) Metaspace: 6302K(6464K)->6302K(6464K) NonClass: 5768K(5824K)->5768K(5824K) Class: 533K(640K)->533K(640K)
[61.401s][info][gc             ] GC(44) Pause Full (Allocation Failure) 12856M->12856M(12856M) 10509.562ms
[61.401s][info][gc,cpu         ] GC(44) User=10.36s Sys=0.02s Real=10.51s
[61.401s][info][gc,start       ] GC(45) Pause Full (Allocation Failure)
[61.401s][info][gc,phases,start] GC(45) Phase 1: Mark live objects
[67.044s][info][gc,phases      ] GC(45) Phase 1: Mark live objects 5643.627ms
[67.045s][info][gc,phases,start] GC(45) Phase 2: Compute new object addresses
[68.759s][info][gc,phases      ] GC(45) Phase 2: Compute new object addresses 1714.234ms
[68.759s][info][gc,phases,start] GC(45) Phase 3: Adjust pointers
[71.501s][info][gc,phases      ] GC(45) Phase 3: Adjust pointers 2742.314ms
[71.501s][info][gc,phases,start] GC(45) Phase 4: Move objects
[73.446s][info][gc,phases      ] GC(45) Phase 4: Move objects 1945.098ms
[73.447s][info][gc,heap        ] GC(45) DefNew: 4085759K(4085760K)->3692543K(4085760K) Eden: 3631807K(3631808K)->3631807K(3631808K) From: 453951K(453952K)->60735K(453952K)
[73.447s][info][gc,heap        ] GC(45) Tenured: 9079487K(9079488K)->9079487K(9079488K)
[73.447s][info][gc,metaspace   ] GC(45) Metaspace: 6302K(6464K)->6302K(6464K) NonClass: 5768K(5824K)->5768K(5824K) Class: 533K(640K)->533K(640K)
[73.447s][info][gc             ] GC(45) Pause Full (Allocation Failure) 12856M->12472M(12856M) 12046.404ms
[73.447s][info][gc,cpu         ] GC(45) User=12.03s Sys=0.00s Real=12.05s
[74.527s][info][gc,start       ] GC(46) Pause Full (Allocation Failure)
[74.527s][info][gc,phases,start] GC(46) Phase 1: Mark live objects
[80.357s][info][gc,phases      ] GC(46) Phase 1: Mark live objects 5829.865ms
[80.357s][info][gc,phases,start] GC(46) Phase 2: Compute new object addresses
[82.116s][info][gc,phases      ] GC(46) Phase 2: Compute new object addresses 1758.889ms
[82.116s][info][gc,phases,start] GC(46) Phase 3: Adjust pointers
[84.486s][info][gc,phases      ] GC(46) Phase 3: Adjust pointers 2369.432ms
[84.486s][info][gc,phases,start] GC(46) Phase 4: Move objects
[84.486s][info][gc,phases      ] GC(46) Phase 4: Move objects 0.015ms
[84.486s][info][gc,heap        ] GC(46) DefNew: 4085759K(4085760K)->4085759K(4085760K) Eden: 3631807K(3631808K)->3631807K(3631808K) From: 453951K(453952K)->453951K(453952K)
[84.486s][info][gc,heap        ] GC(46) Tenured: 9079487K(9079488K)->9079487K(9079488K)
[84.486s][info][gc,metaspace   ] GC(46) Metaspace: 6302K(6464K)->6302K(6464K) NonClass: 5768K(5824K)->5768K(5824K) Class: 533K(640K)->533K(640K)
[84.486s][info][gc             ] GC(46) Pause Full (Allocation Failure) 12856M->12856M(12856M) 9959.248ms
[84.486s][info][gc,cpu         ] GC(46) User=9.91s Sys=0.00s Real=9.96s
[84.486s][info][gc,start       ] GC(47) Pause Full (Allocation Failure)
[84.486s][info][gc,phases,start] GC(47) Phase 1: Mark live objects
[90.291s][info][gc,phases      ] GC(47) Phase 1: Mark live objects 5804.406ms
[90.291s][info][gc,phases,start] GC(47) Phase 2: Compute new object addresses
[92.050s][info][gc,phases      ] GC(47) Phase 2: Compute new object addresses 1759.400ms
[92.050s][info][gc,phases,start] GC(47) Phase 3: Adjust pointers
[94.944s][info][gc,phases      ] GC(47) Phase 3: Adjust pointers 2893.368ms
[94.944s][info][gc,phases,start] GC(47) Phase 4: Move objects
[97.067s][info][gc,phases      ] GC(47) Phase 4: Move objects 2123.324ms
[97.068s][info][gc,heap        ] GC(47) DefNew: 4085759K(4085760K)->4085755K(4085760K) Eden: 3631807K(3631808K)->3631807K(3631808K) From: 453951K(453952K)->453947K(453952K)
[97.068s][info][gc,heap        ] GC(47) Tenured: 9079487K(9079488K)->9079487K(9079488K)
[97.068s][info][gc,metaspace   ] GC(47) Metaspace: 6302K(6464K)->6300K(6464K) NonClass: 5768K(5824K)->5767K(5824K) Class: 533K(640K)->532K(640K)
[97.068s][info][gc             ] GC(47) Pause Full (Allocation Failure) 12856M->12856M(12856M) 12581.557ms
[97.068s][info][gc,cpu         ] GC(47) User=12.52s Sys=0.00s Real=12.58s
[97.069s][info][gc,start       ] GC(48) Pause Full (Allocation Failure)
[97.069s][info][gc,phases,start] GC(48) Phase 1: Mark live objects
[102.895s][info][gc,phases      ] GC(48) Phase 1: Mark live objects 5826.747ms
[102.895s][info][gc,phases,start] GC(48) Phase 2: Compute new object addresses
[104.652s][info][gc,phases      ] GC(48) Phase 2: Compute new object addresses 1756.609ms
[104.652s][info][gc,phases,start] GC(48) Phase 3: Adjust pointers
[107.041s][info][gc,phases      ] GC(48) Phase 3: Adjust pointers 2389.241ms
[107.041s][info][gc,phases,start] GC(48) Phase 4: Move objects
[107.041s][info][gc,phases      ] GC(48) Phase 4: Move objects 0.023ms
[107.042s][info][gc,heap        ] GC(48) DefNew: 4085759K(4085760K)->4085759K(4085760K) Eden: 3631807K(3631808K)->3631807K(3631808K) From: 453951K(453952K)->453951K(453952K)
[107.042s][info][gc,heap        ] GC(48) Tenured: 9079487K(9079488K)->9079487K(9079488K)
[107.042s][info][gc,metaspace   ] GC(48) Metaspace: 6300K(6464K)->6300K(6464K) NonClass: 5767K(5824K)->5767K(5824K) Class: 532K(640K)->532K(640K)
[107.042s][info][gc             ] GC(48) Pause Full (Allocation Failure) 12856M->12856M(12856M) 9973.566ms
[107.042s][info][gc,cpu         ] GC(48) User=9.92s Sys=0.00s Real=9.97s
[107.042s][info][gc,start       ] GC(49) Pause Full (Allocation Failure)
[107.042s][info][gc,phases,start] GC(49) Phase 1: Mark live objects
[112.893s][info][gc,phases      ] GC(49) Phase 1: Mark live objects 5850.582ms
[112.893s][info][gc,phases,start] GC(49) Phase 2: Compute new object addresses
[114.640s][info][gc,phases      ] GC(49) Phase 2: Compute new object addresses 1747.406ms
[114.640s][info][gc,phases,start] GC(49) Phase 3: Adjust pointers
[117.018s][info][gc,phases      ] GC(49) Phase 3: Adjust pointers 2377.930ms
[117.018s][info][gc,phases,start] GC(49) Phase 4: Move objects
[117.018s][info][gc,phases      ] GC(49) Phase 4: Move objects 0.017ms
[117.019s][info][gc,heap        ] GC(49) DefNew: 4085759K(4085760K)->4085759K(4085760K) Eden: 3631807K(3631808K)->3631807K(3631808K) From: 453951K(453952K)->453951K(453952K)
[117.019s][info][gc,heap        ] GC(49) Tenured: 9079487K(9079488K)->9079487K(9079488K)
[117.019s][info][gc,metaspace   ] GC(49) Metaspace: 6300K(6464K)->6300K(6464K) NonClass: 5767K(5824K)->5767K(5824K) Class: 532K(640K)->532K(640K)
[117.019s][info][gc             ] GC(49) Pause Full (Allocation Failure) 12856M->12856M(12856M) 9976.876ms
[117.019s][info][gc,cpu         ] GC(49) User=9.89s Sys=0.00s Real=9.98s
[117.019s][info][gc,start       ] GC(50) Pause Full (Allocation Failure)
[117.019s][info][gc,phases,start] GC(50) Phase 1: Mark live objects
[122.864s][info][gc,phases      ] GC(50) Phase 1: Mark live objects 5844.975ms
[122.864s][info][gc,phases,start] GC(50) Phase 2: Compute new object addresses
[124.620s][info][gc,phases      ] GC(50) Phase 2: Compute new object addresses 1755.330ms
[124.620s][info][gc,phases,start] GC(50) Phase 3: Adjust pointers
[127.021s][info][gc,phases      ] GC(50) Phase 3: Adjust pointers 2401.197ms
[127.021s][info][gc,phases,start] GC(50) Phase 4: Move objects
[127.021s][info][gc,phases      ] GC(50) Phase 4: Move objects 0.017ms
[127.022s][info][gc,heap        ] GC(50) DefNew: 4085759K(4085760K)->4085759K(4085760K) Eden: 3631807K(3631808K)->3631807K(3631808K) From: 453951K(453952K)->453951K(453952K)
[127.022s][info][gc,heap        ] GC(50) Tenured: 9079487K(9079488K)->9079487K(9079488K)
[127.022s][info][gc,metaspace   ] GC(50) Metaspace: 6300K(6464K)->6300K(6464K) NonClass: 5767K(5824K)->5767K(5824K) Class: 532K(640K)->532K(640K)
[127.022s][info][gc             ] GC(50) Pause Full (Allocation Failure) 12856M->12856M(12856M) 10002.461ms
[127.022s][info][gc,cpu         ] GC(50) User=9.91s Sys=0.00s Real=10.00s
[127.022s][info][gc,start       ] GC(51) Pause Full (Allocation Failure)
[127.022s][info][gc,phases,start] GC(51) Phase 1: Mark live objects
[132.846s][info][gc,phases      ] GC(51) Phase 1: Mark live objects 5824.172ms
[132.846s][info][gc,phases,start] GC(51) Phase 2: Compute new object addresses
[134.608s][info][gc,phases      ] GC(51) Phase 2: Compute new object addresses 1762.412ms
[134.609s][info][gc,phases,start] GC(51) Phase 3: Adjust pointers
[137.510s][info][gc,phases      ] GC(51) Phase 3: Adjust pointers 2901.140ms
[137.510s][info][gc,phases,start] GC(51) Phase 4: Move objects
[139.631s][info][gc,phases      ] GC(51) Phase 4: Move objects 2120.965ms
[139.631s][info][gc,heap        ] GC(51) DefNew: 4085759K(4085760K)->4085758K(4085760K) Eden: 3631807K(3631808K)->3631807K(3631808K) From: 453951K(453952K)->453950K(453952K)
[139.632s][info][gc,heap        ] GC(51) Tenured: 9079487K(9079488K)->9079487K(9079488K)
[139.632s][info][gc,metaspace   ] GC(51) Metaspace: 6300K(6464K)->6300K(6464K) NonClass: 5767K(5824K)->5767K(5824K) Class: 532K(640K)->532K(640K)
[139.632s][info][gc             ] GC(51) Pause Full (Allocation Failure) 12856M->12856M(12856M) 12609.750ms
[139.632s][info][gc,cpu         ] GC(51) User=12.55s Sys=0.00s Real=12.61s
[139.633s][info][gc,start       ] GC(52) Pause Full (Allocation Failure)
[139.633s][info][gc,phases,start] GC(52) Phase 1: Mark live objects
[145.472s][info][gc,phases      ] GC(52) Phase 1: Mark live objects 5838.792ms
[145.472s][info][gc,phases,start] GC(52) Phase 2: Compute new object addresses
[147.227s][info][gc,phases      ] GC(52) Phase 2: Compute new object addresses 1755.444ms
[147.227s][info][gc,phases,start] GC(52) Phase 3: Adjust pointers
[149.604s][info][gc,phases      ] GC(52) Phase 3: Adjust pointers 2376.674ms
[149.604s][info][gc,phases,start] GC(52) Phase 4: Move objects
[149.604s][info][gc,phases      ] GC(52) Phase 4: Move objects 0.017ms
[149.605s][info][gc,heap        ] GC(52) DefNew: 4085759K(4085760K)->4085758K(4085760K) Eden: 3631807K(3631808K)->3631807K(3631808K) From: 453951K(453952K)->453950K(453952K)
[149.605s][info][gc,heap        ] GC(52) Tenured: 9079487K(9079488K)->9079487K(9079488K)
[149.605s][info][gc,metaspace   ] GC(52) Metaspace: 6302K(6528K)->6302K(6528K) NonClass: 5768K(5888K)->5768K(5888K) Class: 533K(640K)->533K(640K)
[149.605s][info][gc             ] GC(52) Pause Full (Allocation Failure) 12856M->12856M(12856M) 9971.962ms
[149.605s][info][gc,cpu         ] GC(52) User=9.94s Sys=0.00s Real=9.97s
[149.605s][info][gc,heap,exit   ] Heap
[149.605s][info][gc,heap,exit   ]  def new generation   total 4085760K, used 4085759K [0x00000004c0c00000, 0x00000005d5d50000, 0x00000005d5d50000)
[149.605s][info][gc,heap,exit   ]   eden space 3631808K,  99% used [0x00000004c0c00000, 0x000000059e6afff8, 0x000000059e6b0000)
[149.606s][info][gc,heap,exit   ]   from space 453952K,  99% used [0x000000059e6b0000, 0x00000005ba1fff60, 0x00000005ba200000)
[149.606s][info][gc,heap,exit   ]   to   space 453952K,   0% used [0x00000005ba200000, 0x00000005ba200000, 0x00000005d5d50000)
[149.606s][info][gc,heap,exit   ]  tenured generation   total 9079488K, used 9079487K [0x00000005d5d50000, 0x0000000800000000, 0x0000000800000000)
[149.606s][info][gc,heap,exit   ]    the space 9079488K,  99% used [0x00000005d5d50000, 0x00000007ffffff80, 0x0000000800000000, 0x0000000800000000)
[149.606s][info][gc,heap,exit   ]  Metaspace       used 6305K, committed 6528K, reserved 1114112K
[149.606s][info][gc,heap,exit   ]   class space    used 534K, committed 640K, reserved 1048576K
