[0.012s][info][gc,init] CardTable entry size: 512
[0.013s][info][gc     ] Using Serial
[0.013s][info][gc,init] Version: 18.0.1+10 (release)
[0.013s][info][gc,init] CPUs: 8 total, 8 available
[0.013s][info][gc,init] Memory: 16063M
[0.013s][info][gc,init] Large Page Support: Disabled
[0.013s][info][gc,init] NUMA Support: Disabled
[0.013s][info][gc,init] Compressed Oops: Enabled (Zero based)
[0.013s][info][gc,init] Heap Min Capacity: 2M
[0.013s][info][gc,init] Heap Initial Capacity: 2M
[0.013s][info][gc,init] Heap Max Capacity: 7700M
[0.013s][info][gc,init] Pre-touch: Disabled
[0.014s][info][gc,metaspace] CDS archive(s) not mapped
[0.014s][info][gc,metaspace] Compressed class space mapped at: 0x0000000800000000-0x0000000840000000, reserved size: 1073741824
[0.014s][info][gc,metaspace] Narrow klass base: 0x0000000800000000, Narrow klass shift: 0, Narrow klass range: 0x40000000
[0.182s][info][gc,start    ] GC(0) Pause Young (Allocation Failure)
[0.184s][info][gc,heap     ] GC(0) DefNew: 1023K(1152K)->127K(1152K) Eden: 1023K(1024K)->0K(1024K) From: 0K(128K)->127K(128K)
[0.184s][info][gc,heap     ] GC(0) Tenured: 0K(768K)->439K(768K)
[0.184s][info][gc,metaspace] GC(0) Metaspace: 5898K(6016K)->5898K(6016K) NonClass: 5398K(5504K)->5398K(5504K) Class: 499K(512K)->499K(512K)
[0.184s][info][gc          ] GC(0) Pause Young (Allocation Failure) 0M->0M(1M) 1.596ms
[0.184s][info][gc,cpu      ] GC(0) User=0.00s Sys=0.00s Real=0.00s
[0.206s][info][gc,start    ] GC(1) Pause Young (Allocation Failure)
[0.208s][info][gc          ] GC(1) Pause Young (Allocation Failure) 1M->0M(2M) 1.436ms
[0.208s][info][gc,cpu      ] GC(1) User=0.00s Sys=0.00s Real=0.00s
[0.208s][info][gc,start    ] GC(2) Pause Full (Allocation Failure)
[0.208s][info][gc,phases,start] GC(2) Phase 1: Mark live objects
[0.209s][info][gc,phases      ] GC(2) Phase 1: Mark live objects 1.086ms
[0.209s][info][gc,phases,start] GC(2) Phase 2: Compute new object addresses
[0.209s][info][gc,phases      ] GC(2) Phase 2: Compute new object addresses 0.260ms
[0.209s][info][gc,phases,start] GC(2) Phase 3: Adjust pointers
[0.210s][info][gc,phases      ] GC(2) Phase 3: Adjust pointers 0.634ms
[0.210s][info][gc,phases,start] GC(2) Phase 4: Move objects
[0.210s][info][gc,phases      ] GC(2) Phase 4: Move objects 0.077ms
[0.210s][info][gc,heap        ] GC(2) DefNew: 1151K(1152K)->40K(1152K) Eden: 1024K(1024K)->40K(1024K) From: 127K(128K)->0K(128K)
[0.210s][info][gc,heap        ] GC(2) Tenured: 439K(768K)->959K(1600K)
[0.210s][info][gc,metaspace   ] GC(2) Metaspace: 6296K(6464K)->6296K(6464K) NonClass: 5762K(5824K)->5762K(5824K) Class: 533K(640K)->533K(640K)
[0.210s][info][gc             ] GC(2) Pause Full (Allocation Failure) 0M->0M(2M) 2.477ms
[0.210s][info][gc,cpu         ] GC(2) User=0.00s Sys=0.00s Real=0.00s
[0.212s][info][gc,start       ] GC(3) Pause Young (Allocation Failure)
[0.214s][info][gc,heap        ] GC(3) DefNew: 1024K(1152K)->128K(1152K) Eden: 1024K(1024K)->0K(1024K) From: 0K(128K)->128K(128K)
[0.214s][info][gc,heap        ] GC(3) Tenured: 959K(1600K)->1375K(1600K)
[0.214s][info][gc,metaspace   ] GC(3) Metaspace: 6296K(6464K)->6296K(6464K) NonClass: 5762K(5824K)->5762K(5824K) Class: 533K(640K)->533K(640K)
[0.214s][info][gc             ] GC(3) Pause Young (Allocation Failure) 1M->1M(2M) 1.956ms
[0.214s][info][gc,cpu         ] GC(3) User=0.00s Sys=0.00s Real=0.00s
[0.216s][info][gc,start       ] GC(4) Pause Young (Allocation Failure)
[0.218s][info][gc             ] GC(4) Pause Young (Allocation Failure) 2M->1M(3M) 1.608ms
[0.218s][info][gc,cpu         ] GC(4) User=0.00s Sys=0.00s Real=0.00s
[0.218s][info][gc,start       ] GC(5) Pause Full (Allocation Failure)
[0.218s][info][gc,phases,start] GC(5) Phase 1: Mark live objects
[0.219s][info][gc,phases      ] GC(5) Phase 1: Mark live objects 1.524ms
[0.220s][info][gc,phases,start] GC(5) Phase 2: Compute new object addresses
[0.220s][info][gc,phases      ] GC(5) Phase 2: Compute new object addresses 0.415ms
[0.220s][info][gc,phases,start] GC(5) Phase 3: Adjust pointers
[0.221s][info][gc,phases      ] GC(5) Phase 3: Adjust pointers 0.737ms
[0.221s][info][gc,phases,start] GC(5) Phase 4: Move objects
[0.221s][info][gc,phases      ] GC(5) Phase 4: Move objects 0.084ms
[0.221s][info][gc,heap        ] GC(5) DefNew: 1152K(1152K)->35K(1536K) Eden: 1024K(1024K)->35K(1408K) From: 128K(128K)->0K(128K)
[0.221s][info][gc,heap        ] GC(5) Tenured: 1375K(1600K)->1984K(3308K)
[0.221s][info][gc,metaspace   ] GC(5) Metaspace: 6296K(6464K)->6296K(6464K) NonClass: 5762K(5824K)->5762K(5824K) Class: 533K(640K)->533K(640K)
[0.221s][info][gc             ] GC(5) Pause Full (Allocation Failure) 1M->1M(4M) 3.115ms
[0.221s][info][gc,cpu         ] GC(5) User=0.00s Sys=0.00s Real=0.00s
[0.223s][info][gc,start       ] GC(6) Pause Young (Allocation Failure)
[0.225s][info][gc,heap        ] GC(6) DefNew: 1408K(1536K)->127K(1536K) Eden: 1408K(1408K)->0K(1408K) From: 0K(128K)->127K(128K)
[0.225s][info][gc,heap        ] GC(6) Tenured: 1984K(3308K)->2617K(3308K)
[0.225s][info][gc,metaspace   ] GC(6) Metaspace: 6296K(6464K)->6296K(6464K) NonClass: 5762K(5824K)->5762K(5824K) Class: 533K(640K)->533K(640K)
[0.225s][info][gc             ] GC(6) Pause Young (Allocation Failure) 3M->2M(4M) 1.972ms
[0.225s][info][gc,cpu         ] GC(6) User=0.00s Sys=0.00s Real=0.00s
[0.227s][info][gc,start       ] GC(7) Pause Young (Allocation Failure)
[0.229s][info][gc             ] GC(7) Pause Young (Allocation Failure) 4M->3M(4M) 2.013ms
[0.229s][info][gc,cpu         ] GC(7) User=0.00s Sys=0.00s Real=0.00s
[0.229s][info][gc,start       ] GC(8) Pause Full (Allocation Failure)
[0.229s][info][gc,phases,start] GC(8) Phase 1: Mark live objects
[0.231s][info][gc,phases      ] GC(8) Phase 1: Mark live objects 2.601ms
[0.231s][info][gc,phases,start] GC(8) Phase 2: Compute new object addresses
[0.233s][info][gc,phases      ] GC(8) Phase 2: Compute new object addresses 1.198ms
[0.233s][info][gc,phases,start] GC(8) Phase 3: Adjust pointers
[0.234s][info][gc,phases      ] GC(8) Phase 3: Adjust pointers 1.065ms
[0.234s][info][gc,phases,start] GC(8) Phase 4: Move objects
[0.234s][info][gc,phases      ] GC(8) Phase 4: Move objects 0.081ms
[0.234s][info][gc,heap        ] GC(8) DefNew: 1535K(1536K)->0K(2688K) Eden: 1408K(1408K)->0K(2432K) From: 127K(128K)->0K(256K)
[0.234s][info][gc,heap        ] GC(8) Tenured: 2617K(3308K)->3460K(5768K)
[0.234s][info][gc,metaspace   ] GC(8) Metaspace: 6296K(6464K)->6296K(6464K) NonClass: 5762K(5824K)->5762K(5824K) Class: 533K(640K)->533K(640K)
[0.234s][info][gc             ] GC(8) Pause Full (Allocation Failure) 3M->3M(8M) 5.308ms
[0.234s][info][gc,cpu         ] GC(8) User=0.00s Sys=0.00s Real=0.01s
[0.237s][info][gc,start       ] GC(9) Pause Young (Allocation Failure)
[0.241s][info][gc,heap        ] GC(9) DefNew: 2432K(2688K)->255K(2688K) Eden: 2432K(2432K)->0K(2432K) From: 0K(256K)->255K(256K)
[0.241s][info][gc,heap        ] GC(9) Tenured: 3460K(5768K)->4512K(5768K)
[0.241s][info][gc,metaspace   ] GC(9) Metaspace: 6296K(6464K)->6296K(6464K) NonClass: 5762K(5824K)->5762K(5824K) Class: 533K(640K)->533K(640K)
[0.241s][info][gc             ] GC(9) Pause Young (Allocation Failure) 5M->4M(8M) 3.414ms
[0.241s][info][gc,cpu         ] GC(9) User=0.00s Sys=0.00s Real=0.00s
[0.245s][info][gc,start       ] GC(10) Pause Young (Allocation Failure)
[0.249s][info][gc,heap        ] GC(10) DefNew: 2687K(2688K)->255K(2688K) Eden: 2432K(2432K)->0K(2432K) From: 255K(256K)->255K(256K)
[0.249s][info][gc,heap        ] GC(10) Tenured: 4512K(5768K)->5755K(5768K)
[0.249s][info][gc,metaspace   ] GC(10) Metaspace: 6296K(6464K)->6296K(6464K) NonClass: 5762K(5824K)->5762K(5824K) Class: 533K(640K)->533K(640K)
[0.249s][info][gc             ] GC(10) Pause Young (Allocation Failure) 7M->5M(8M) 3.768ms
[0.249s][info][gc,cpu         ] GC(10) User=0.00s Sys=0.00s Real=0.00s
[0.254s][info][gc,start       ] GC(11) Pause Young (Allocation Failure)
[0.257s][info][gc             ] GC(11) Pause Young (Allocation Failure) 8M->7M(9M) 3.773ms
[0.257s][info][gc,cpu         ] GC(11) User=0.00s Sys=0.00s Real=0.00s
[0.257s][info][gc,start       ] GC(12) Pause Full (Allocation Failure)
[0.257s][info][gc,phases,start] GC(12) Phase 1: Mark live objects
[0.263s][info][gc,phases      ] GC(12) Phase 1: Mark live objects 5.720ms
[0.263s][info][gc,phases,start] GC(12) Phase 2: Compute new object addresses
[0.265s][info][gc,phases      ] GC(12) Phase 2: Compute new object addresses 1.378ms
[0.265s][info][gc,phases,start] GC(12) Phase 3: Adjust pointers
[0.267s][info][gc,phases      ] GC(12) Phase 3: Adjust pointers 2.135ms
[0.267s][info][gc,phases,start] GC(12) Phase 4: Move objects
[0.269s][info][gc,phases      ] GC(12) Phase 4: Move objects 1.775ms
[0.269s][info][gc,heap        ] GC(12) DefNew: 2687K(2688K)->0K(5376K) Eden: 2432K(2432K)->0K(4800K) From: 255K(256K)->0K(576K)
[0.269s][info][gc,heap        ] GC(12) Tenured: 5755K(5768K)->7132K(11888K)
[0.269s][info][gc,metaspace   ] GC(12) Metaspace: 6296K(6464K)->6296K(6464K) NonClass: 5762K(5824K)->5762K(5824K) Class: 533K(640K)->533K(640K)
[0.269s][info][gc             ] GC(12) Pause Full (Allocation Failure) 7M->6M(16M) 11.653ms
[0.269s][info][gc,cpu         ] GC(12) User=0.02s Sys=0.00s Real=0.01s
[0.279s][info][gc,start       ] GC(13) Pause Young (Allocation Failure)
[0.284s][info][gc,heap        ] GC(13) DefNew: 4800K(5376K)->575K(5376K) Eden: 4800K(4800K)->0K(4800K) From: 0K(576K)->575K(576K)
[0.284s][info][gc,heap        ] GC(13) Tenured: 7132K(11888K)->9027K(11888K)
[0.284s][info][gc,metaspace   ] GC(13) Metaspace: 6296K(6464K)->6296K(6464K) NonClass: 5762K(5824K)->5762K(5824K) Class: 533K(640K)->533K(640K)
[0.284s][info][gc             ] GC(13) Pause Young (Allocation Failure) 11M->9M(16M) 5.693ms
[0.284s][info][gc,cpu         ] GC(13) User=0.02s Sys=0.00s Real=0.01s
[0.291s][info][gc,start       ] GC(14) Pause Young (Allocation Failure)
[0.299s][info][gc,heap        ] GC(14) DefNew: 5375K(5376K)->576K(5376K) Eden: 4800K(4800K)->0K(4800K) From: 575K(576K)->576K(576K)
[0.299s][info][gc,heap        ] GC(14) Tenured: 9027K(11888K)->11747K(11888K)
[0.299s][info][gc,metaspace   ] GC(14) Metaspace: 6296K(6464K)->6296K(6464K) NonClass: 5762K(5824K)->5762K(5824K) Class: 533K(640K)->533K(640K)
[0.299s][info][gc             ] GC(14) Pause Young (Allocation Failure) 14M->12M(16M) 7.434ms
[0.299s][info][gc,cpu         ] GC(14) User=0.00s Sys=0.00s Real=0.01s
[0.303s][info][gc,start       ] GC(15) Pause Young (Allocation Failure)
[0.310s][info][gc             ] GC(15) Pause Young (Allocation Failure) 16M->14M(19M) 6.986ms
[0.310s][info][gc,cpu         ] GC(15) User=0.00s Sys=0.00s Real=0.01s
[0.310s][info][gc,start       ] GC(16) Pause Full (Allocation Failure)
[0.310s][info][gc,phases,start] GC(16) Phase 1: Mark live objects
[0.319s][info][gc,phases      ] GC(16) Phase 1: Mark live objects 8.669ms
[0.319s][info][gc,phases,start] GC(16) Phase 2: Compute new object addresses
[0.321s][info][gc,phases      ] GC(16) Phase 2: Compute new object addresses 2.508ms
[0.321s][info][gc,phases,start] GC(16) Phase 3: Adjust pointers
[0.325s][info][gc,phases      ] GC(16) Phase 3: Adjust pointers 3.543ms
[0.325s][info][gc,phases,start] GC(16) Phase 4: Move objects
[0.325s][info][gc,phases      ] GC(16) Phase 4: Move objects 0.134ms
[0.325s][info][gc,heap        ] GC(16) DefNew: 5376K(5376K)->447K(10816K) Eden: 4800K(4800K)->447K(9664K) From: 576K(576K)->0K(1152K)
[0.325s][info][gc,heap        ] GC(16) Tenured: 11747K(11888K)->14324K(23876K)
[0.325s][info][gc,metaspace   ] GC(16) Metaspace: 6298K(6464K)->6298K(6464K) NonClass: 5764K(5824K)->5764K(5824K) Class: 533K(640K)->533K(640K)
[0.325s][info][gc             ] GC(16) Pause Full (Allocation Failure) 14M->14M(33M) 15.246ms
[0.325s][info][gc,cpu         ] GC(16) User=0.02s Sys=0.00s Real=0.02s
[0.333s][info][gc,start       ] GC(17) Pause Young (Allocation Failure)
[0.347s][info][gc,heap        ] GC(17) DefNew: 9664K(10816K)->1151K(10816K) Eden: 9664K(9664K)->0K(9664K) From: 0K(1152K)->1151K(1152K)
[0.347s][info][gc,heap        ] GC(17) Tenured: 14324K(23876K)->18352K(23876K)
[0.347s][info][gc,metaspace   ] GC(17) Metaspace: 6298K(6464K)->6298K(6464K) NonClass: 5764K(5824K)->5764K(5824K) Class: 533K(640K)->533K(640K)
[0.347s][info][gc             ] GC(17) Pause Young (Allocation Failure) 23M->19M(33M) 14.009ms
[0.347s][info][gc,cpu         ] GC(17) User=0.00s Sys=0.00s Real=0.01s
[0.355s][info][gc,start       ] GC(18) Pause Young (Allocation Failure)
[0.367s][info][gc,heap        ] GC(18) DefNew: 10815K(10816K)->1152K(10816K) Eden: 9664K(9664K)->0K(9664K) From: 1151K(1152K)->1152K(1152K)
[0.367s][info][gc,heap        ] GC(18) Tenured: 18352K(23876K)->23839K(23876K)
[0.367s][info][gc,metaspace   ] GC(18) Metaspace: 6298K(6464K)->6298K(6464K) NonClass: 5764K(5824K)->5764K(5824K) Class: 533K(640K)->533K(640K)
[0.367s][info][gc             ] GC(18) Pause Young (Allocation Failure) 28M->24M(33M) 12.400ms
[0.367s][info][gc,cpu         ] GC(18) User=0.00s Sys=0.00s Real=0.01s
[0.373s][info][gc,start       ] GC(19) Pause Young (Allocation Failure)
[0.384s][info][gc             ] GC(19) Pause Young (Allocation Failure) 33M->29M(38M) 11.446ms
[0.384s][info][gc,cpu         ] GC(19) User=0.00s Sys=0.00s Real=0.01s
[0.384s][info][gc,start       ] GC(20) Pause Full (Allocation Failure)
[0.384s][info][gc,phases,start] GC(20) Phase 1: Mark live objects
[0.399s][info][gc,phases      ] GC(20) Phase 1: Mark live objects 15.022ms
[0.399s][info][gc,phases,start] GC(20) Phase 2: Compute new object addresses
[0.404s][info][gc,phases      ] GC(20) Phase 2: Compute new object addresses 5.005ms
[0.404s][info][gc,phases,start] GC(20) Phase 3: Adjust pointers
[0.410s][info][gc,phases      ] GC(20) Phase 3: Adjust pointers 5.811ms
[0.410s][info][gc,phases,start] GC(20) Phase 4: Move objects
[0.410s][info][gc,phases      ] GC(20) Phase 4: Move objects 0.176ms
[0.411s][info][gc,heap        ] GC(20) DefNew: 10816K(10816K)->1048K(21760K) Eden: 9664K(9664K)->1048K(19392K) From: 1152K(1152K)->0K(2368K)
[0.411s][info][gc,heap        ] GC(20) Tenured: 23839K(23876K)->28935K(48228K)
[0.411s][info][gc,metaspace   ] GC(20) Metaspace: 6298K(6464K)->6298K(6464K) NonClass: 5764K(5824K)->5764K(5824K) Class: 533K(640K)->533K(640K)
[0.411s][info][gc             ] GC(20) Pause Full (Allocation Failure) 29M->29M(68M) 26.431ms
[0.411s][info][gc,cpu         ] GC(20) User=0.02s Sys=0.00s Real=0.03s
[0.424s][info][gc,start       ] GC(21) Pause Young (Allocation Failure)
[0.451s][info][gc,heap        ] GC(21) DefNew: 19392K(21760K)->2367K(21760K) Eden: 19392K(19392K)->0K(19392K) From: 0K(2368K)->2367K(2368K)
[0.451s][info][gc,heap        ] GC(21) Tenured: 28935K(48228K)->38999K(48228K)
[0.451s][info][gc,metaspace   ] GC(21) Metaspace: 6298K(6464K)->6298K(6464K) NonClass: 5764K(5824K)->5764K(5824K) Class: 533K(640K)->533K(640K)
[0.451s][info][gc             ] GC(21) Pause Young (Allocation Failure) 47M->40M(68M) 27.015ms
[0.451s][info][gc,cpu         ] GC(21) User=0.02s Sys=0.00s Real=0.03s
[0.469s][info][gc,start       ] GC(22) Pause Young (Allocation Failure)
[0.505s][info][gc             ] GC(22) Pause Young (Allocation Failure) 59M->59M(78M) 35.334ms
[0.505s][info][gc,cpu         ] GC(22) User=0.03s Sys=0.00s Real=0.03s
[0.505s][info][gc,start       ] GC(23) Pause Full (Allocation Failure)
[0.505s][info][gc,phases,start] GC(23) Phase 1: Mark live objects
[0.530s][info][gc,phases      ] GC(23) Phase 1: Mark live objects 24.896ms
[0.530s][info][gc,phases,start] GC(23) Phase 2: Compute new object addresses
[0.539s][info][gc,phases      ] GC(23) Phase 2: Compute new object addresses 9.446ms
[0.539s][info][gc,phases,start] GC(23) Phase 3: Adjust pointers
[0.550s][info][gc,phases      ] GC(23) Phase 3: Adjust pointers 10.951ms
[0.550s][info][gc,phases,start] GC(23) Phase 4: Move objects
[0.551s][info][gc,phases      ] GC(23) Phase 4: Move objects 0.308ms
[0.551s][info][gc,heap        ] GC(23) DefNew: 21759K(21760K)->2367K(43776K) Eden: 19392K(19392K)->2367K(38912K) From: 2367K(2368K)->0K(4864K)
[0.551s][info][gc,heap        ] GC(23) Tenured: 38999K(48228K)->58358K(97268K)
[0.551s][info][gc,metaspace   ] GC(23) Metaspace: 6298K(6464K)->6298K(6464K) NonClass: 5764K(5824K)->5764K(5824K) Class: 533K(640K)->533K(640K)
[0.551s][info][gc             ] GC(23) Pause Full (Allocation Failure) 59M->59M(137M) 46.116ms
[0.551s][info][gc,cpu         ] GC(23) User=0.05s Sys=0.00s Real=0.05s
[0.590s][info][gc,start       ] GC(24) Pause Young (Allocation Failure)
[0.650s][info][gc,heap        ] GC(24) DefNew: 38912K(43776K)->4863K(43776K) Eden: 38912K(38912K)->0K(38912K) From: 0K(4864K)->4863K(4864K)
[0.650s][info][gc,heap        ] GC(24) Tenured: 58358K(97268K)->90334K(97268K)
[0.650s][info][gc,metaspace   ] GC(24) Metaspace: 6298K(6464K)->6298K(6464K) NonClass: 5764K(5824K)->5764K(5824K) Class: 533K(640K)->533K(640K)
[0.650s][info][gc             ] GC(24) Pause Young (Allocation Failure) 94M->92M(137M) 59.284ms
[0.650s][info][gc,cpu         ] GC(24) User=0.03s Sys=0.02s Real=0.06s
[0.682s][info][gc,start       ] GC(25) Pause Young (Allocation Failure)
[0.753s][info][gc             ] GC(25) Pause Young (Allocation Failure) 130M->130M(169M) 71.715ms
[0.753s][info][gc,cpu         ] GC(25) User=0.05s Sys=0.00s Real=0.07s
[0.753s][info][gc,start       ] GC(26) Pause Full (Allocation Failure)
[0.753s][info][gc,phases,start] GC(26) Phase 1: Mark live objects
[0.808s][info][gc,phases      ] GC(26) Phase 1: Mark live objects 54.726ms
[0.808s][info][gc,phases,start] GC(26) Phase 2: Compute new object addresses
[0.829s][info][gc,phases      ] GC(26) Phase 2: Compute new object addresses 20.711ms
[0.829s][info][gc,phases,start] GC(26) Phase 3: Adjust pointers
[0.855s][info][gc,phases      ] GC(26) Phase 3: Adjust pointers 25.907ms
[0.855s][info][gc,phases,start] GC(26) Phase 4: Move objects
[0.891s][info][gc,phases      ] GC(26) Phase 4: Move objects 35.763ms
[0.891s][info][gc,heap        ] GC(26) DefNew: 43775K(43776K)->2955K(97088K) Eden: 38912K(38912K)->2955K(86336K) From: 4863K(4864K)->0K(10752K)
[0.891s][info][gc,heap        ] GC(26) Tenured: 90334K(97268K)->129331K(215556K)
[0.891s][info][gc,metaspace   ] GC(26) Metaspace: 6298K(6464K)->6298K(6464K) NonClass: 5764K(5824K)->5764K(5824K) Class: 533K(640K)->533K(640K)
[0.891s][info][gc             ] GC(26) Pause Full (Allocation Failure) 130M->129M(305M) 137.982ms
[0.891s][info][gc,cpu         ] GC(26) User=0.11s Sys=0.00s Real=0.14s
[0.984s][info][gc,start       ] GC(27) Pause Young (Allocation Failure)
[1.139s][info][gc,heap        ] GC(27) DefNew: 86336K(97088K)->10751K(97088K) Eden: 86336K(86336K)->0K(86336K) From: 0K(10752K)->10751K(10752K)
[1.139s][info][gc,heap        ] GC(27) Tenured: 129331K(215556K)->204886K(215556K)
[1.139s][info][gc,metaspace   ] GC(27) Metaspace: 6298K(6464K)->6298K(6464K) NonClass: 5764K(5824K)->5764K(5824K) Class: 533K(640K)->533K(640K)
[1.139s][info][gc             ] GC(27) Pause Young (Allocation Failure) 210M->210M(305M) 155.327ms
[1.140s][info][gc,cpu         ] GC(27) User=0.12s Sys=0.02s Real=0.16s
[1.215s][info][gc,start       ] GC(28) Pause Young (Allocation Failure)
[1.384s][info][gc             ] GC(28) Pause Young (Allocation Failure) 294M->294M(379M) 168.763ms
[1.384s][info][gc,cpu         ] GC(28) User=0.16s Sys=0.00s Real=0.17s
[1.384s][info][gc,start       ] GC(29) Pause Full (Allocation Failure)
[1.384s][info][gc,phases,start] GC(29) Phase 1: Mark live objects
[1.515s][info][gc,phases      ] GC(29) Phase 1: Mark live objects 130.792ms
[1.515s][info][gc,phases,start] GC(29) Phase 2: Compute new object addresses
[1.561s][info][gc,phases      ] GC(29) Phase 2: Compute new object addresses 46.143ms
[1.561s][info][gc,phases,start] GC(29) Phase 3: Adjust pointers
[1.611s][info][gc,phases      ] GC(29) Phase 3: Adjust pointers 49.737ms
[1.611s][info][gc,phases,start] GC(29) Phase 4: Move objects
[1.613s][info][gc,phases      ] GC(29) Phase 4: Move objects 2.396ms
[1.614s][info][gc,heap        ] GC(29) DefNew: 97087K(97088K)->10602K(218560K) Eden: 86336K(86336K)->10602K(194304K) From: 10751K(10752K)->0K(24256K)
[1.614s][info][gc,heap        ] GC(29) Tenured: 204886K(215556K)->291335K(485560K)
[1.614s][info][gc,metaspace   ] GC(29) Metaspace: 6298K(6464K)->6298K(6464K) NonClass: 5764K(5824K)->5764K(5824K) Class: 533K(640K)->533K(640K)
[1.614s][info][gc             ] GC(29) Pause Full (Allocation Failure) 294M->294M(687M) 230.265ms
[1.614s][info][gc,cpu         ] GC(29) User=0.25s Sys=0.00s Real=0.23s
[1.823s][info][gc,start       ] GC(30) Pause Young (Allocation Failure)
[2.154s][info][gc,heap        ] GC(30) DefNew: 194304K(218560K)->24255K(218560K) Eden: 194304K(194304K)->0K(194304K) From: 0K(24256K)->24255K(24256K)
[2.154s][info][gc,heap        ] GC(30) Tenured: 291335K(485560K)->461358K(485560K)
[2.154s][info][gc,metaspace   ] GC(30) Metaspace: 6298K(6464K)->6298K(6464K) NonClass: 5764K(5824K)->5764K(5824K) Class: 533K(640K)->533K(640K)
[2.154s][info][gc             ] GC(30) Pause Young (Allocation Failure) 474M->474M(687M) 331.386ms
[2.154s][info][gc,cpu         ] GC(30) User=0.33s Sys=0.00s Real=0.33s
[2.328s][info][gc,start       ] GC(31) Pause Young (Allocation Failure)
[2.696s][info][gc             ] GC(31) Pause Young (Allocation Failure) 663M->663M(853M) 367.687ms
[2.696s][info][gc,cpu         ] GC(31) User=0.28s Sys=0.06s Real=0.37s
[2.696s][info][gc,start       ] GC(32) Pause Full (Allocation Failure)
[2.696s][info][gc,phases,start] GC(32) Phase 1: Mark live objects
[2.998s][info][gc,phases      ] GC(32) Phase 1: Mark live objects 301.427ms
[2.998s][info][gc,phases,start] GC(32) Phase 2: Compute new object addresses
[3.101s][info][gc,phases      ] GC(32) Phase 2: Compute new object addresses 103.099ms
[3.101s][info][gc,phases,start] GC(32) Phase 3: Adjust pointers
[3.212s][info][gc,phases      ] GC(32) Phase 3: Adjust pointers 110.938ms
[3.212s][info][gc,phases,start] GC(32) Phase 4: Move objects
[3.217s][info][gc,phases      ] GC(32) Phase 4: Move objects 5.018ms
[3.219s][info][gc,heap        ] GC(32) DefNew: 218559K(218560K)->24143K(491904K) Eden: 194304K(194304K)->24143K(437312K) From: 24255K(24256K)->0K(54592K)
[3.219s][info][gc,heap        ] GC(32) Tenured: 461358K(485560K)->655739K(1092900K)
[3.219s][info][gc,metaspace   ] GC(32) Metaspace: 6298K(6464K)->6298K(6464K) NonClass: 5764K(5824K)->5764K(5824K) Class: 533K(640K)->533K(640K)
[3.219s][info][gc             ] GC(32) Pause Full (Allocation Failure) 663M->663M(1547M) 522.698ms
[3.219s][info][gc,cpu         ] GC(32) User=0.50s Sys=0.00s Real=0.52s
[3.687s][info][gc,start       ] GC(33) Pause Young (Allocation Failure)
[4.430s][info][gc,heap        ] GC(33) DefNew: 437312K(491904K)->54591K(491904K) Eden: 437312K(437312K)->0K(437312K) From: 0K(54592K)->54591K(54592K)
[4.430s][info][gc,heap        ] GC(33) Tenured: 655739K(1092900K)->1038433K(1092900K)
[4.430s][info][gc,metaspace   ] GC(33) Metaspace: 6298K(6464K)->6298K(6464K) NonClass: 5764K(5824K)->5764K(5824K) Class: 533K(640K)->533K(640K)
[4.430s][info][gc             ] GC(33) Pause Young (Allocation Failure) 1067M->1067M(1547M) 742.538ms
[4.430s][info][gc,cpu         ] GC(33) User=0.66s Sys=0.06s Real=0.74s
[4.761s][info][gc,start       ] GC(34) Pause Young (Allocation Failure)
[5.518s][info][gc             ] GC(34) Pause Young (Allocation Failure) 1431M->1404M(1831M) 756.704ms
[5.518s][info][gc,cpu         ] GC(34) User=0.53s Sys=0.09s Real=0.76s
[5.518s][info][gc,start       ] GC(35) Pause Full (Allocation Failure)
[5.518s][info][gc,phases,start] GC(35) Phase 1: Mark live objects
[6.192s][info][gc,phases      ] GC(35) Phase 1: Mark live objects 673.585ms
[6.192s][info][gc,phases,start] GC(35) Phase 2: Compute new object addresses
[6.405s][info][gc,phases      ] GC(35) Phase 2: Compute new object addresses 212.998ms
[6.405s][info][gc,phases,start] GC(35) Phase 3: Adjust pointers
[6.657s][info][gc,phases      ] GC(35) Phase 3: Adjust pointers 251.790ms
[6.657s][info][gc,phases,start] GC(35) Phase 4: Move objects
[6.668s][info][gc,phases      ] GC(35) Phase 4: Move objects 11.518ms
[6.672s][info][gc,heap        ] GC(35) DefNew: 427013K(491904K)->54581K(1037952K) Eden: 372421K(437312K)->54581K(922688K) From: 54591K(54592K)->0K(115264K)
[6.672s][info][gc,heap        ] GC(35) Tenured: 1038433K(1092900K)->1383779K(2306300K)
[6.672s][info][gc,metaspace   ] GC(35) Metaspace: 6298K(6464K)->6298K(6464K) NonClass: 5764K(5824K)->5764K(5824K) Class: 533K(640K)->533K(640K)
[6.672s][info][gc             ] GC(35) Pause Full (Allocation Failure) 1404M->1404M(3265M) 1153.926ms
[6.672s][info][gc,cpu         ] GC(35) User=1.06s Sys=0.00s Real=1.15s
[7.593s][info][gc,start       ] GC(36) Pause Young (Allocation Failure)
[9.171s][info][gc,heap        ] GC(36) DefNew: 922688K(1037952K)->115264K(1037952K) Eden: 922688K(922688K)->0K(922688K) From: 0K(115264K)->115264K(115264K)
[9.171s][info][gc,heap        ] GC(36) Tenured: 1383779K(2306300K)->2191177K(2306300K)
[9.171s][info][gc,metaspace   ] GC(36) Metaspace: 6298K(6464K)->6298K(6464K) NonClass: 5764K(5824K)->5764K(5824K) Class: 533K(640K)->533K(640K)
[9.171s][info][gc             ] GC(36) Pause Young (Allocation Failure) 2252M->2252M(3265M) 1578.264ms
[9.171s][info][gc,cpu         ] GC(36) User=1.36s Sys=0.19s Real=1.58s
[10.149s][info][gc,start       ] GC(37) Pause Young (Allocation Failure)
[11.685s][info][gc             ] GC(37) Pause Young (Allocation Failure) 3153M->3089M(3990M) 1535.269ms
[11.685s][info][gc,cpu         ] GC(37) User=1.20s Sys=0.31s Real=1.54s
[11.685s][info][gc,start       ] GC(38) Pause Full (Allocation Failure)
[11.685s][info][gc,phases,start] GC(38) Phase 1: Mark live objects
[13.135s][info][gc,phases      ] GC(38) Phase 1: Mark live objects 1450.106ms
[13.135s][info][gc,phases,start] GC(38) Phase 2: Compute new object addresses
[13.589s][info][gc,phases      ] GC(38) Phase 2: Compute new object addresses 454.165ms
[13.589s][info][gc,phases,start] GC(38) Phase 3: Adjust pointers
[14.230s][info][gc,phases      ] GC(38) Phase 3: Adjust pointers 640.363ms
[14.230s][info][gc,phases,start] GC(38) Phase 4: Move objects
[14.823s][info][gc,phases      ] GC(38) Phase 4: Move objects 592.845ms
[14.831s][info][gc,heap        ] GC(38) DefNew: 1037952K(1037952K)->53806K(2286272K) Eden: 922688K(922688K)->53806K(2032256K) From: 115264K(115264K)->0K(254016K)
[14.831s][info][gc,heap        ] GC(38) Tenured: 2191177K(2306300K)->3048319K(5080536K)
[14.831s][info][gc,metaspace   ] GC(38) Metaspace: 6298K(6464K)->6298K(6464K) NonClass: 5764K(5824K)->5764K(5824K) Class: 533K(640K)->533K(640K)
[14.831s][info][gc             ] GC(38) Pause Full (Allocation Failure) 3089M->3029M(7194M) 3146.123ms
[14.831s][info][gc,cpu         ] GC(38) User=3.14s Sys=0.02s Real=3.15s
[16.865s][info][gc,start       ] GC(39) Pause Young (Allocation Failure)
[20.362s][info][gc,heap        ] GC(39) DefNew: 2032256K(2286272K)->254015K(2286272K) Eden: 2032256K(2032256K)->0K(2032256K) From: 0K(254016K)->254015K(254016K)
[20.362s][info][gc,heap        ] GC(39) Tenured: 3048319K(5080536K)->4826526K(5080536K)
[20.362s][info][gc,metaspace   ] GC(39) Metaspace: 6298K(6464K)->6298K(6464K) NonClass: 5764K(5824K)->5764K(5824K) Class: 533K(640K)->533K(640K)
[20.363s][info][gc             ] GC(39) Pause Young (Allocation Failure) 4961M->4961M(7194M) 3497.627ms
[20.363s][info][gc,cpu         ] GC(39) User=3.02s Sys=0.44s Real=3.50s
[22.424s][info][gc,start       ] GC(40) Pause Young (Allocation Failure)
[22.424s][info][gc             ] GC(40) Pause Young (Allocation Failure) 6946M->6946M(7194M) 0.122ms
[22.424s][info][gc,cpu         ] GC(40) User=0.00s Sys=0.00s Real=0.00s
[22.424s][info][gc,start       ] GC(41) Pause Full (Allocation Failure)
[22.424s][info][gc,phases,start] GC(41) Phase 1: Mark live objects
[25.695s][info][gc,phases      ] GC(41) Phase 1: Mark live objects 3270.921ms
[25.695s][info][gc,phases,start] GC(41) Phase 2: Compute new object addresses
[26.686s][info][gc,phases      ] GC(41) Phase 2: Compute new object addresses 990.802ms
[26.686s][info][gc,phases,start] GC(41) Phase 3: Adjust pointers
[28.101s][info][gc,phases      ] GC(41) Phase 3: Adjust pointers 1415.229ms
[28.101s][info][gc,phases,start] GC(41) Phase 4: Move objects
[28.556s][info][gc,phases      ] GC(41) Phase 4: Move objects 455.149ms
[28.558s][info][gc,heap        ] GC(41) DefNew: 2286271K(2286272K)->2032236K(2365440K) Eden: 2032256K(2032256K)->2032236K(2102656K) From: 254015K(254016K)->0K(262784K)
[28.558s][info][gc,heap        ] GC(41) Tenured: 4826526K(5080536K)->5080535K(5256576K)
[28.558s][info][gc,metaspace   ] GC(41) Metaspace: 6298K(6464K)->6298K(6464K) NonClass: 5764K(5824K)->5764K(5824K) Class: 533K(640K)->533K(640K)
[28.558s][info][gc             ] GC(41) Pause Full (Allocation Failure) 6946M->6946M(7443M) 6133.602ms
[28.558s][info][gc,cpu         ] GC(41) User=6.05s Sys=0.02s Real=6.13s
[30.051s][info][gc,start       ] GC(42) Pause Full (Allocation Failure)
[30.051s][info][gc,phases,start] GC(42) Phase 1: Mark live objects
[33.465s][info][gc,phases      ] GC(42) Phase 1: Mark live objects 3414.124ms
[33.465s][info][gc,phases,start] GC(42) Phase 2: Compute new object addresses
[34.513s][info][gc,phases      ] GC(42) Phase 2: Compute new object addresses 1047.690ms
[34.513s][info][gc,phases,start] GC(42) Phase 3: Adjust pointers
[35.916s][info][gc,phases      ] GC(42) Phase 3: Adjust pointers 1403.464ms
[35.916s][info][gc,phases,start] GC(42) Phase 4: Move objects
[35.961s][info][gc,phases      ] GC(42) Phase 4: Move objects 44.975ms
[35.962s][info][gc,heap        ] GC(42) DefNew: 2365439K(2365440K)->2365438K(2365440K) Eden: 2102656K(2102656K)->2102655K(2102656K) From: 262783K(262784K)->262782K(262784K)
[35.962s][info][gc,heap        ] GC(42) Tenured: 5256575K(5256576K)->5256575K(5256576K)
[35.962s][info][gc,metaspace   ] GC(42) Metaspace: 6298K(6464K)->6298K(6464K) NonClass: 5764K(5824K)->5764K(5824K) Class: 533K(640K)->533K(640K)
[35.962s][info][gc             ] GC(42) Pause Full (Allocation Failure) 7443M->7443M(7443M) 5911.142ms
[35.962s][info][gc,cpu         ] GC(42) User=5.89s Sys=0.00s Real=5.91s
[35.962s][info][gc,start       ] GC(43) Pause Full (Allocation Failure)
[35.962s][info][gc,phases,start] GC(43) Phase 1: Mark live objects
[39.339s][info][gc,phases      ] GC(43) Phase 1: Mark live objects 3376.278ms
[39.339s][info][gc,phases,start] GC(43) Phase 2: Compute new object addresses
[40.355s][info][gc,phases      ] GC(43) Phase 2: Compute new object addresses 1016.695ms
[40.355s][info][gc,phases,start] GC(43) Phase 3: Adjust pointers
[41.726s][info][gc,phases      ] GC(43) Phase 3: Adjust pointers 1370.112ms
[41.726s][info][gc,phases,start] GC(43) Phase 4: Move objects
[41.726s][info][gc,phases      ] GC(43) Phase 4: Move objects 0.015ms
[41.726s][info][gc,heap        ] GC(43) DefNew: 2365439K(2365440K)->2365439K(2365440K) Eden: 2102655K(2102656K)->2102655K(2102656K) From: 262783K(262784K)->262783K(262784K)
[41.726s][info][gc,heap        ] GC(43) Tenured: 5256575K(5256576K)->5256575K(5256576K)
[41.726s][info][gc,metaspace   ] GC(43) Metaspace: 6298K(6464K)->6298K(6464K) NonClass: 5764K(5824K)->5764K(5824K) Class: 533K(640K)->533K(640K)
[41.726s][info][gc             ] GC(43) Pause Full (Allocation Failure) 7443M->7443M(7443M) 5763.801ms
[41.726s][info][gc,cpu         ] GC(43) User=5.77s Sys=0.00s Real=5.76s
[41.726s][info][gc,start       ] GC(44) Pause Full (Allocation Failure)
[41.726s][info][gc,phases,start] GC(44) Phase 1: Mark live objects
[45.094s][info][gc,phases      ] GC(44) Phase 1: Mark live objects 3367.552ms
[45.094s][info][gc,phases,start] GC(44) Phase 2: Compute new object addresses
[46.110s][info][gc,phases      ] GC(44) Phase 2: Compute new object addresses 1016.748ms
[46.111s][info][gc,phases,start] GC(44) Phase 3: Adjust pointers
[47.766s][info][gc,phases      ] GC(44) Phase 3: Adjust pointers 1655.704ms
[47.766s][info][gc,phases,start] GC(44) Phase 4: Move objects
[49.151s][info][gc,phases      ] GC(44) Phase 4: Move objects 1384.283ms
[49.151s][info][gc,heap        ] GC(44) DefNew: 2365439K(2365440K)->2234363K(2365440K) Eden: 2102655K(2102656K)->2102655K(2102656K) From: 262783K(262784K)->131707K(262784K)
[49.151s][info][gc,heap        ] GC(44) Tenured: 5256575K(5256576K)->5256575K(5256576K)
[49.151s][info][gc,metaspace   ] GC(44) Metaspace: 6298K(6464K)->6296K(6464K) NonClass: 5764K(5824K)->5763K(5824K) Class: 533K(640K)->532K(640K)
[49.151s][info][gc             ] GC(44) Pause Full (Allocation Failure) 7443M->7315M(7443M) 7425.072ms
[49.151s][info][gc,cpu         ] GC(44) User=7.41s Sys=0.02s Real=7.43s
[49.519s][info][gc,start       ] GC(45) Pause Full (Allocation Failure)
[49.519s][info][gc,phases,start] GC(45) Phase 1: Mark live objects
[52.958s][info][gc,phases      ] GC(45) Phase 1: Mark live objects 3439.280ms
[52.958s][info][gc,phases,start] GC(45) Phase 2: Compute new object addresses
[53.990s][info][gc,phases      ] GC(45) Phase 2: Compute new object addresses 1032.105ms
[53.990s][info][gc,phases,start] GC(45) Phase 3: Adjust pointers
[55.385s][info][gc,phases      ] GC(45) Phase 3: Adjust pointers 1394.752ms
[55.385s][info][gc,phases,start] GC(45) Phase 4: Move objects
[55.385s][info][gc,phases      ] GC(45) Phase 4: Move objects 0.016ms
[55.385s][info][gc,heap        ] GC(45) DefNew: 2365439K(2365440K)->2365439K(2365440K) Eden: 2102655K(2102656K)->2102655K(2102656K) From: 262783K(262784K)->262783K(262784K)
[55.385s][info][gc,heap        ] GC(45) Tenured: 5256575K(5256576K)->5256575K(5256576K)
[55.385s][info][gc,metaspace   ] GC(45) Metaspace: 6296K(6464K)->6296K(6464K) NonClass: 5763K(5824K)->5763K(5824K) Class: 532K(640K)->532K(640K)
[55.386s][info][gc             ] GC(45) Pause Full (Allocation Failure) 7443M->7443M(7443M) 5866.951ms
[55.386s][info][gc,cpu         ] GC(45) User=5.84s Sys=0.00s Real=5.87s
[55.386s][info][gc,start       ] GC(46) Pause Full (Allocation Failure)
[55.386s][info][gc,phases,start] GC(46) Phase 1: Mark live objects
[58.818s][info][gc,phases      ] GC(46) Phase 1: Mark live objects 3432.116ms
[58.818s][info][gc,phases,start] GC(46) Phase 2: Compute new object addresses
[59.848s][info][gc,phases      ] GC(46) Phase 2: Compute new object addresses 1030.275ms
[59.848s][info][gc,phases,start] GC(46) Phase 3: Adjust pointers
[61.244s][info][gc,phases      ] GC(46) Phase 3: Adjust pointers 1395.601ms
[61.244s][info][gc,phases,start] GC(46) Phase 4: Move objects
[61.244s][info][gc,phases      ] GC(46) Phase 4: Move objects 0.016ms
[61.244s][info][gc,heap        ] GC(46) DefNew: 2365439K(2365440K)->2365439K(2365440K) Eden: 2102655K(2102656K)->2102655K(2102656K) From: 262783K(262784K)->262783K(262784K)
[61.244s][info][gc,heap        ] GC(46) Tenured: 5256575K(5256576K)->5256575K(5256576K)
[61.244s][info][gc,metaspace   ] GC(46) Metaspace: 6296K(6464K)->6296K(6464K) NonClass: 5763K(5824K)->5763K(5824K) Class: 532K(640K)->532K(640K)
[61.244s][info][gc             ] GC(46) Pause Full (Allocation Failure) 7443M->7443M(7443M) 5858.694ms
[61.244s][info][gc,cpu         ] GC(46) User=5.84s Sys=0.00s Real=5.86s
[61.244s][info][gc,start       ] GC(47) Pause Full (Allocation Failure)
[61.244s][info][gc,phases,start] GC(47) Phase 1: Mark live objects
[64.677s][info][gc,phases      ] GC(47) Phase 1: Mark live objects 3432.932ms
[64.677s][info][gc,phases,start] GC(47) Phase 2: Compute new object addresses
[65.714s][info][gc,phases      ] GC(47) Phase 2: Compute new object addresses 1036.641ms
[65.714s][info][gc,phases,start] GC(47) Phase 3: Adjust pointers
[67.109s][info][gc,phases      ] GC(47) Phase 3: Adjust pointers 1395.202ms
[67.109s][info][gc,phases,start] GC(47) Phase 4: Move objects
[67.109s][info][gc,phases      ] GC(47) Phase 4: Move objects 0.016ms
[67.110s][info][gc,heap        ] GC(47) DefNew: 2365439K(2365440K)->2365439K(2365440K) Eden: 2102656K(2102656K)->2102656K(2102656K) From: 262783K(262784K)->262783K(262784K)
[67.110s][info][gc,heap        ] GC(47) Tenured: 5256575K(5256576K)->5256575K(5256576K)
[67.110s][info][gc,metaspace   ] GC(47) Metaspace: 6296K(6464K)->6296K(6464K) NonClass: 5763K(5824K)->5763K(5824K) Class: 532K(640K)->532K(640K)
[67.110s][info][gc             ] GC(47) Pause Full (Allocation Failure) 7443M->7443M(7443M) 5865.494ms
[67.110s][info][gc,cpu         ] GC(47) User=5.86s Sys=0.00s Real=5.87s
[67.110s][info][gc,start       ] GC(48) Pause Full (Allocation Failure)
[67.110s][info][gc,phases,start] GC(48) Phase 1: Mark live objects
[70.535s][info][gc,phases      ] GC(48) Phase 1: Mark live objects 3425.197ms
[70.535s][info][gc,phases,start] GC(48) Phase 2: Compute new object addresses
[71.567s][info][gc,phases      ] GC(48) Phase 2: Compute new object addresses 1031.535ms
[71.567s][info][gc,phases,start] GC(48) Phase 3: Adjust pointers
[73.252s][info][gc,phases      ] GC(48) Phase 3: Adjust pointers 1685.498ms
[73.252s][info][gc,phases,start] GC(48) Phase 4: Move objects
[74.485s][info][gc,phases      ] GC(48) Phase 4: Move objects 1232.425ms
[74.485s][info][gc,heap        ] GC(48) DefNew: 2365439K(2365440K)->2365438K(2365440K) Eden: 2102656K(2102656K)->2102656K(2102656K) From: 262783K(262784K)->262782K(262784K)
[74.485s][info][gc,heap        ] GC(48) Tenured: 5256575K(5256576K)->5256575K(5256576K)
[74.485s][info][gc,metaspace   ] GC(48) Metaspace: 6296K(6464K)->6296K(6464K) NonClass: 5763K(5824K)->5763K(5824K) Class: 532K(640K)->532K(640K)
[74.485s][info][gc             ] GC(48) Pause Full (Allocation Failure) 7443M->7443M(7443M) 7375.477ms
[74.485s][info][gc,cpu         ] GC(48) User=7.39s Sys=0.00s Real=7.38s
[74.486s][info][gc,start       ] GC(49) Pause Full (Allocation Failure)
[74.487s][info][gc,phases,start] GC(49) Phase 1: Mark live objects
[77.924s][info][gc,phases      ] GC(49) Phase 1: Mark live objects 3437.013ms
[77.924s][info][gc,phases,start] GC(49) Phase 2: Compute new object addresses
[78.954s][info][gc,phases      ] GC(49) Phase 2: Compute new object addresses 1030.590ms
[78.954s][info][gc,phases,start] GC(49) Phase 3: Adjust pointers
[80.354s][info][gc,phases      ] GC(49) Phase 3: Adjust pointers 1399.267ms
[80.354s][info][gc,phases,start] GC(49) Phase 4: Move objects
[80.354s][info][gc,phases      ] GC(49) Phase 4: Move objects 0.017ms
[80.354s][info][gc,heap        ] GC(49) DefNew: 2365439K(2365440K)->2365439K(2365440K) Eden: 2102656K(2102656K)->2102656K(2102656K) From: 262783K(262784K)->262783K(262784K)
[80.354s][info][gc,heap        ] GC(49) Tenured: 5256575K(5256576K)->5256575K(5256576K)
[80.354s][info][gc,metaspace   ] GC(49) Metaspace: 6298K(6464K)->6298K(6464K) NonClass: 5764K(5824K)->5764K(5824K) Class: 533K(640K)->533K(640K)
[80.354s][info][gc             ] GC(49) Pause Full (Allocation Failure) 7443M->7443M(7443M) 5867.618ms
[80.354s][info][gc,cpu         ] GC(49) User=5.86s Sys=0.00s Real=5.87s
[80.355s][info][gc,heap,exit   ] Heap
[80.355s][info][gc,heap,exit   ]  def new generation   total 2365440K, used 2365439K [0x000000061ec00000, 0x00000006bf2a0000, 0x00000006bf2a0000)
[80.355s][info][gc,heap,exit   ]   eden space 2102656K, 100% used [0x000000061ec00000, 0x000000069f160000, 0x000000069f160000)
[80.355s][info][gc,heap,exit   ]   from space 262784K,  99% used [0x000000069f160000, 0x00000006af1fff78, 0x00000006af200000)
[80.355s][info][gc,heap,exit   ]   to   space 262784K,   0% used [0x00000006af200000, 0x00000006af200000, 0x00000006bf2a0000)
[80.355s][info][gc,heap,exit   ]  tenured generation   total 5256576K, used 5256575K [0x00000006bf2a0000, 0x0000000800000000, 0x0000000800000000)
[80.355s][info][gc,heap,exit   ]    the space 5256576K,  99% used [0x00000006bf2a0000, 0x00000007ffffffb8, 0x0000000800000000, 0x0000000800000000)
[80.355s][info][gc,heap,exit   ]  Metaspace       used 6301K, committed 6464K, reserved 1114112K
[80.355s][info][gc,heap,exit   ]   class space    used 534K, committed 640K, reserved 1048576K
