[0.012s][info][gc,init] CardTable entry size: 512
[0.012s][info][gc     ] Using Serial
[0.012s][info][gc,init] Version: 18.0.1+10 (release)
[0.012s][info][gc,init] CPUs: 8 total, 8 available
[0.012s][info][gc,init] Memory: 16063M
[0.012s][info][gc,init] Large Page Support: Disabled
[0.012s][info][gc,init] NUMA Support: Disabled
[0.012s][info][gc,init] Compressed Oops: Enabled (Zero based)
[0.012s][info][gc,init] Heap Min Capacity: 2M
[0.013s][info][gc,init] Heap Initial Capacity: 2M
[0.013s][info][gc,init] Heap Max Capacity: 6100M
[0.013s][info][gc,init] Pre-touch: Disabled
[0.013s][info][gc,metaspace] CDS archive(s) not mapped
[0.013s][info][gc,metaspace] Compressed class space mapped at: 0x0000000800000000-0x0000000840000000, reserved size: 1073741824
[0.013s][info][gc,metaspace] Narrow klass base: 0x0000000800000000, Narrow klass shift: 0, Narrow klass range: 0x40000000
[0.200s][info][gc,start    ] GC(0) Pause Young (Allocation Failure)
[0.202s][info][gc,heap     ] GC(0) DefNew: 1023K(1152K)->127K(1152K) Eden: 1023K(1024K)->0K(1024K) From: 0K(128K)->127K(128K)
[0.202s][info][gc,heap     ] GC(0) Tenured: 0K(768K)->439K(768K)
[0.202s][info][gc,metaspace] GC(0) Metaspace: 5903K(6016K)->5903K(6016K) NonClass: 5403K(5504K)->5403K(5504K) Class: 499K(512K)->499K(512K)
[0.202s][info][gc          ] GC(0) Pause Young (Allocation Failure) 0M->0M(1M) 1.875ms
[0.202s][info][gc,cpu      ] GC(0) User=0.00s Sys=0.00s Real=0.00s
[0.224s][info][gc,start    ] GC(1) Pause Young (Allocation Failure)
[0.226s][info][gc          ] GC(1) Pause Young (Allocation Failure) 1M->0M(2M) 1.374ms
[0.226s][info][gc,cpu      ] GC(1) User=0.00s Sys=0.00s Real=0.00s
[0.226s][info][gc,start    ] GC(2) Pause Full (Allocation Failure)
[0.226s][info][gc,phases,start] GC(2) Phase 1: Mark live objects
[0.227s][info][gc,phases      ] GC(2) Phase 1: Mark live objects 1.042ms
[0.227s][info][gc,phases,start] GC(2) Phase 2: Compute new object addresses
[0.227s][info][gc,phases      ] GC(2) Phase 2: Compute new object addresses 0.252ms
[0.227s][info][gc,phases,start] GC(2) Phase 3: Adjust pointers
[0.228s][info][gc,phases      ] GC(2) Phase 3: Adjust pointers 0.534ms
[0.228s][info][gc,phases,start] GC(2) Phase 4: Move objects
[0.228s][info][gc,phases      ] GC(2) Phase 4: Move objects 0.084ms
[0.228s][info][gc,heap        ] GC(2) DefNew: 1151K(1152K)->40K(1152K) Eden: 1024K(1024K)->40K(1024K) From: 127K(128K)->0K(128K)
[0.228s][info][gc,heap        ] GC(2) Tenured: 439K(768K)->960K(1600K)
[0.228s][info][gc,metaspace   ] GC(2) Metaspace: 6299K(6464K)->6299K(6464K) NonClass: 5766K(5824K)->5766K(5824K) Class: 533K(640K)->533K(640K)
[0.228s][info][gc             ] GC(2) Pause Full (Allocation Failure) 0M->0M(2M) 2.201ms
[0.228s][info][gc,cpu         ] GC(2) User=0.00s Sys=0.00s Real=0.00s
[0.229s][info][gc,start       ] GC(3) Pause Young (Allocation Failure)
[0.231s][info][gc,heap        ] GC(3) DefNew: 1024K(1152K)->128K(1152K) Eden: 1024K(1024K)->0K(1024K) From: 0K(128K)->128K(128K)
[0.231s][info][gc,heap        ] GC(3) Tenured: 960K(1600K)->1375K(1600K)
[0.231s][info][gc,metaspace   ] GC(3) Metaspace: 6299K(6464K)->6299K(6464K) NonClass: 5766K(5824K)->5766K(5824K) Class: 533K(640K)->533K(640K)
[0.231s][info][gc             ] GC(3) Pause Young (Allocation Failure) 1M->1M(2M) 1.734ms
[0.231s][info][gc,cpu         ] GC(3) User=0.00s Sys=0.00s Real=0.00s
[0.232s][info][gc,start       ] GC(4) Pause Young (Allocation Failure)
[0.234s][info][gc             ] GC(4) Pause Young (Allocation Failure) 2M->1M(3M) 1.378ms
[0.234s][info][gc,cpu         ] GC(4) User=0.00s Sys=0.00s Real=0.00s
[0.234s][info][gc,start       ] GC(5) Pause Full (Allocation Failure)
[0.234s][info][gc,phases,start] GC(5) Phase 1: Mark live objects
[0.236s][info][gc,phases      ] GC(5) Phase 1: Mark live objects 1.612ms
[0.236s][info][gc,phases,start] GC(5) Phase 2: Compute new object addresses
[0.236s][info][gc,phases      ] GC(5) Phase 2: Compute new object addresses 0.446ms
[0.236s][info][gc,phases,start] GC(5) Phase 3: Adjust pointers
[0.237s][info][gc,phases      ] GC(5) Phase 3: Adjust pointers 0.873ms
[0.237s][info][gc,phases,start] GC(5) Phase 4: Move objects
[0.237s][info][gc,phases      ] GC(5) Phase 4: Move objects 0.113ms
[0.237s][info][gc,heap        ] GC(5) DefNew: 1152K(1152K)->35K(1536K) Eden: 1024K(1024K)->35K(1408K) From: 128K(128K)->0K(128K)
[0.237s][info][gc,heap        ] GC(5) Tenured: 1375K(1600K)->1983K(3308K)
[0.237s][info][gc,metaspace   ] GC(5) Metaspace: 6299K(6464K)->6299K(6464K) NonClass: 5766K(5824K)->5766K(5824K) Class: 533K(640K)->533K(640K)
[0.237s][info][gc             ] GC(5) Pause Full (Allocation Failure) 1M->1M(4M) 3.499ms
[0.237s][info][gc,cpu         ] GC(5) User=0.00s Sys=0.00s Real=0.00s
[0.239s][info][gc,start       ] GC(6) Pause Young (Allocation Failure)
[0.241s][info][gc,heap        ] GC(6) DefNew: 1407K(1536K)->127K(1536K) Eden: 1407K(1408K)->0K(1408K) From: 0K(128K)->127K(128K)
[0.241s][info][gc,heap        ] GC(6) Tenured: 1983K(3308K)->2617K(3308K)
[0.241s][info][gc,metaspace   ] GC(6) Metaspace: 6299K(6464K)->6299K(6464K) NonClass: 5766K(5824K)->5766K(5824K) Class: 533K(640K)->533K(640K)
[0.241s][info][gc             ] GC(6) Pause Young (Allocation Failure) 3M->2M(4M) 1.949ms
[0.241s][info][gc,cpu         ] GC(6) User=0.00s Sys=0.00s Real=0.00s
[0.243s][info][gc,start       ] GC(7) Pause Young (Allocation Failure)
[0.245s][info][gc             ] GC(7) Pause Young (Allocation Failure) 4M->3M(4M) 1.760ms
[0.245s][info][gc,cpu         ] GC(7) User=0.00s Sys=0.00s Real=0.00s
[0.245s][info][gc,start       ] GC(8) Pause Full (Allocation Failure)
[0.245s][info][gc,phases,start] GC(8) Phase 1: Mark live objects
[0.247s][info][gc,phases      ] GC(8) Phase 1: Mark live objects 2.490ms
[0.247s][info][gc,phases,start] GC(8) Phase 2: Compute new object addresses
[0.248s][info][gc,phases      ] GC(8) Phase 2: Compute new object addresses 0.711ms
[0.248s][info][gc,phases,start] GC(8) Phase 3: Adjust pointers
[0.249s][info][gc,phases      ] GC(8) Phase 3: Adjust pointers 1.097ms
[0.249s][info][gc,phases,start] GC(8) Phase 4: Move objects
[0.249s][info][gc,phases      ] GC(8) Phase 4: Move objects 0.091ms
[0.249s][info][gc,heap        ] GC(8) DefNew: 1535K(1536K)->0K(2688K) Eden: 1408K(1408K)->0K(2432K) From: 127K(128K)->0K(256K)
[0.249s][info][gc,heap        ] GC(8) Tenured: 2617K(3308K)->3460K(5768K)
[0.249s][info][gc,metaspace   ] GC(8) Metaspace: 6299K(6464K)->6299K(6464K) NonClass: 5766K(5824K)->5766K(5824K) Class: 533K(640K)->533K(640K)
[0.249s][info][gc             ] GC(8) Pause Full (Allocation Failure) 3M->3M(8M) 4.718ms
[0.249s][info][gc,cpu         ] GC(8) User=0.00s Sys=0.00s Real=0.01s
[0.253s][info][gc,start       ] GC(9) Pause Young (Allocation Failure)
[0.256s][info][gc,heap        ] GC(9) DefNew: 2431K(2688K)->256K(2688K) Eden: 2431K(2432K)->0K(2432K) From: 0K(256K)->256K(256K)
[0.256s][info][gc,heap        ] GC(9) Tenured: 3460K(5768K)->4512K(5768K)
[0.256s][info][gc,metaspace   ] GC(9) Metaspace: 6299K(6464K)->6299K(6464K) NonClass: 5766K(5824K)->5766K(5824K) Class: 533K(640K)->533K(640K)
[0.256s][info][gc             ] GC(9) Pause Young (Allocation Failure) 5M->4M(8M) 2.908ms
[0.256s][info][gc,cpu         ] GC(9) User=0.00s Sys=0.00s Real=0.00s
[0.259s][info][gc,start       ] GC(10) Pause Young (Allocation Failure)
[0.263s][info][gc,heap        ] GC(10) DefNew: 2688K(2688K)->255K(2688K) Eden: 2432K(2432K)->0K(2432K) From: 256K(256K)->255K(256K)
[0.263s][info][gc,heap        ] GC(10) Tenured: 4512K(5768K)->5755K(5768K)
[0.263s][info][gc,metaspace   ] GC(10) Metaspace: 6299K(6464K)->6299K(6464K) NonClass: 5766K(5824K)->5766K(5824K) Class: 533K(640K)->533K(640K)
[0.263s][info][gc             ] GC(10) Pause Young (Allocation Failure) 7M->5M(8M) 3.668ms
[0.263s][info][gc,cpu         ] GC(10) User=0.00s Sys=0.00s Real=0.00s
[0.267s][info][gc,start       ] GC(11) Pause Young (Allocation Failure)
[0.270s][info][gc             ] GC(11) Pause Young (Allocation Failure) 8M->7M(9M) 3.607ms
[0.270s][info][gc,cpu         ] GC(11) User=0.00s Sys=0.00s Real=0.00s
[0.270s][info][gc,start       ] GC(12) Pause Full (Allocation Failure)
[0.270s][info][gc,phases,start] GC(12) Phase 1: Mark live objects
[0.275s][info][gc,phases      ] GC(12) Phase 1: Mark live objects 4.711ms
[0.275s][info][gc,phases,start] GC(12) Phase 2: Compute new object addresses
[0.277s][info][gc,phases      ] GC(12) Phase 2: Compute new object addresses 1.375ms
[0.277s][info][gc,phases,start] GC(12) Phase 3: Adjust pointers
[0.279s][info][gc,phases      ] GC(12) Phase 3: Adjust pointers 1.975ms
[0.279s][info][gc,phases,start] GC(12) Phase 4: Move objects
[0.280s][info][gc,phases      ] GC(12) Phase 4: Move objects 1.488ms
[0.280s][info][gc,heap        ] GC(12) DefNew: 2687K(2688K)->0K(5376K) Eden: 2432K(2432K)->0K(4800K) From: 255K(256K)->0K(576K)
[0.280s][info][gc,heap        ] GC(12) Tenured: 5755K(5768K)->7132K(11888K)
[0.280s][info][gc,metaspace   ] GC(12) Metaspace: 6299K(6464K)->6299K(6464K) NonClass: 5766K(5824K)->5766K(5824K) Class: 533K(640K)->533K(640K)
[0.280s][info][gc             ] GC(12) Pause Full (Allocation Failure) 7M->6M(16M) 10.063ms
[0.280s][info][gc,cpu         ] GC(12) User=0.00s Sys=0.00s Real=0.01s
[0.285s][info][gc,start       ] GC(13) Pause Young (Allocation Failure)
[0.291s][info][gc,heap        ] GC(13) DefNew: 4800K(5376K)->575K(5376K) Eden: 4800K(4800K)->0K(4800K) From: 0K(576K)->575K(576K)
[0.292s][info][gc,heap        ] GC(13) Tenured: 7132K(11888K)->9027K(11888K)
[0.292s][info][gc,metaspace   ] GC(13) Metaspace: 6299K(6464K)->6299K(6464K) NonClass: 5766K(5824K)->5766K(5824K) Class: 533K(640K)->533K(640K)
[0.292s][info][gc             ] GC(13) Pause Young (Allocation Failure) 11M->9M(16M) 6.117ms
[0.292s][info][gc,cpu         ] GC(13) User=0.00s Sys=0.00s Real=0.01s
[0.297s][info][gc,start       ] GC(14) Pause Young (Allocation Failure)
[0.303s][info][gc,heap        ] GC(14) DefNew: 5375K(5376K)->576K(5376K) Eden: 4800K(4800K)->0K(4800K) From: 575K(576K)->576K(576K)
[0.303s][info][gc,heap        ] GC(14) Tenured: 9027K(11888K)->11746K(11888K)
[0.303s][info][gc,metaspace   ] GC(14) Metaspace: 6299K(6464K)->6299K(6464K) NonClass: 5766K(5824K)->5766K(5824K) Class: 533K(640K)->533K(640K)
[0.303s][info][gc             ] GC(14) Pause Young (Allocation Failure) 14M->12M(16M) 5.910ms
[0.303s][info][gc,cpu         ] GC(14) User=0.00s Sys=0.00s Real=0.01s
[0.306s][info][gc,start       ] GC(15) Pause Young (Allocation Failure)
[0.312s][info][gc             ] GC(15) Pause Young (Allocation Failure) 16M->14M(19M) 5.965ms
[0.312s][info][gc,cpu         ] GC(15) User=0.00s Sys=0.02s Real=0.01s
[0.312s][info][gc,start       ] GC(16) Pause Full (Allocation Failure)
[0.312s][info][gc,phases,start] GC(16) Phase 1: Mark live objects
[0.320s][info][gc,phases      ] GC(16) Phase 1: Mark live objects 7.782ms
[0.320s][info][gc,phases,start] GC(16) Phase 2: Compute new object addresses
[0.323s][info][gc,phases      ] GC(16) Phase 2: Compute new object addresses 2.448ms
[0.323s][info][gc,phases,start] GC(16) Phase 3: Adjust pointers
[0.326s][info][gc,phases      ] GC(16) Phase 3: Adjust pointers 3.112ms
[0.326s][info][gc,phases,start] GC(16) Phase 4: Move objects
[0.326s][info][gc,phases      ] GC(16) Phase 4: Move objects 0.176ms
[0.326s][info][gc,heap        ] GC(16) DefNew: 5376K(5376K)->387K(10880K) Eden: 4800K(4800K)->387K(9728K) From: 576K(576K)->0K(1152K)
[0.326s][info][gc,heap        ] GC(16) Tenured: 11746K(11888K)->14383K(23976K)
[0.326s][info][gc,metaspace   ] GC(16) Metaspace: 6301K(6464K)->6301K(6464K) NonClass: 5768K(5824K)->5768K(5824K) Class: 533K(640K)->533K(640K)
[0.326s][info][gc             ] GC(16) Pause Full (Allocation Failure) 14M->14M(34M) 13.894ms
[0.326s][info][gc,cpu         ] GC(16) User=0.02s Sys=0.00s Real=0.01s
[0.334s][info][gc,start       ] GC(17) Pause Young (Allocation Failure)
[0.346s][info][gc,heap        ] GC(17) DefNew: 9728K(10880K)->1151K(10880K) Eden: 9728K(9728K)->0K(9728K) From: 0K(1152K)->1151K(1152K)
[0.346s][info][gc,heap        ] GC(17) Tenured: 14383K(23976K)->18415K(23976K)
[0.346s][info][gc,metaspace   ] GC(17) Metaspace: 6301K(6464K)->6301K(6464K) NonClass: 5768K(5824K)->5768K(5824K) Class: 533K(640K)->533K(640K)
[0.346s][info][gc             ] GC(17) Pause Young (Allocation Failure) 23M->19M(34M) 12.396ms
[0.346s][info][gc,cpu         ] GC(17) User=0.00s Sys=0.00s Real=0.01s
[0.353s][info][gc,start       ] GC(18) Pause Young (Allocation Failure)
[0.364s][info][gc,heap        ] GC(18) DefNew: 10879K(10880K)->1151K(10880K) Eden: 9728K(9728K)->0K(9728K) From: 1151K(1152K)->1151K(1152K)
[0.364s][info][gc,heap        ] GC(18) Tenured: 18415K(23976K)->23936K(23976K)
[0.364s][info][gc,metaspace   ] GC(18) Metaspace: 6301K(6464K)->6301K(6464K) NonClass: 5768K(5824K)->5768K(5824K) Class: 533K(640K)->533K(640K)
[0.364s][info][gc             ] GC(18) Pause Young (Allocation Failure) 28M->24M(34M) 11.689ms
[0.364s][info][gc,cpu         ] GC(18) User=0.00s Sys=0.00s Real=0.01s
[0.371s][info][gc,start       ] GC(19) Pause Young (Allocation Failure)
[0.384s][info][gc             ] GC(19) Pause Young (Allocation Failure) 34M->29M(38M) 12.638ms
[0.384s][info][gc,cpu         ] GC(19) User=0.00s Sys=0.00s Real=0.01s
[0.384s][info][gc,start       ] GC(20) Pause Full (Allocation Failure)
[0.384s][info][gc,phases,start] GC(20) Phase 1: Mark live objects
[0.398s][info][gc,phases      ] GC(20) Phase 1: Mark live objects 14.348ms
[0.398s][info][gc,phases,start] GC(20) Phase 2: Compute new object addresses
[0.403s][info][gc,phases      ] GC(20) Phase 2: Compute new object addresses 4.638ms
[0.403s][info][gc,phases,start] GC(20) Phase 3: Adjust pointers
[0.409s][info][gc,phases      ] GC(20) Phase 3: Adjust pointers 5.496ms
[0.409s][info][gc,phases,start] GC(20) Phase 4: Move objects
[0.409s][info][gc,phases      ] GC(20) Phase 4: Move objects 0.191ms
[0.409s][info][gc,heap        ] GC(20) DefNew: 10879K(10880K)->1080K(21888K) Eden: 9728K(9728K)->1080K(19520K) From: 1151K(1152K)->0K(2368K)
[0.409s][info][gc,heap        ] GC(20) Tenured: 23936K(23976K)->29035K(48396K)
[0.409s][info][gc,metaspace   ] GC(20) Metaspace: 6301K(6464K)->6301K(6464K) NonClass: 5768K(5824K)->5768K(5824K) Class: 533K(640K)->533K(640K)
[0.409s][info][gc             ] GC(20) Pause Full (Allocation Failure) 29M->29M(68M) 25.118ms
[0.409s][info][gc,cpu         ] GC(20) User=0.02s Sys=0.02s Real=0.02s
[0.426s][info][gc,start       ] GC(21) Pause Young (Allocation Failure)
[0.460s][info][gc,heap        ] GC(21) DefNew: 18427K(21888K)->2368K(21888K) Eden: 18427K(19520K)->0K(19520K) From: 0K(2368K)->2368K(2368K)
[0.460s][info][gc,heap        ] GC(21) Tenured: 29035K(48396K)->43096K(48396K)
[0.460s][info][gc,metaspace   ] GC(21) Metaspace: 6301K(6464K)->6301K(6464K) NonClass: 5768K(5824K)->5768K(5824K) Class: 533K(640K)->533K(640K)
[0.460s][info][gc             ] GC(21) Pause Young (Allocation Failure) 46M->44M(68M) 33.675ms
[0.460s][info][gc,cpu         ] GC(21) User=0.03s Sys=0.00s Real=0.03s
[0.478s][info][gc,start       ] GC(22) Pause Young (Allocation Failure)
[0.515s][info][gc             ] GC(22) Pause Young (Allocation Failure) 63M->63M(82M) 37.159ms
[0.515s][info][gc,cpu         ] GC(22) User=0.02s Sys=0.00s Real=0.04s
[0.515s][info][gc,start       ] GC(23) Pause Full (Allocation Failure)
[0.515s][info][gc,phases,start] GC(23) Phase 1: Mark live objects
[0.543s][info][gc,phases      ] GC(23) Phase 1: Mark live objects 28.019ms
[0.543s][info][gc,phases,start] GC(23) Phase 2: Compute new object addresses
[0.555s][info][gc,phases      ] GC(23) Phase 2: Compute new object addresses 11.395ms
[0.555s][info][gc,phases,start] GC(23) Phase 3: Adjust pointers
[0.567s][info][gc,phases      ] GC(23) Phase 3: Adjust pointers 11.795ms
[0.567s][info][gc,phases,start] GC(23) Phase 4: Move objects
[0.567s][info][gc,phases      ] GC(23) Phase 4: Move objects 0.332ms
[0.567s][info][gc,heap        ] GC(23) DefNew: 21888K(21888K)->2350K(47040K) Eden: 19520K(19520K)->2350K(41856K) From: 2368K(2368K)->0K(5184K)
[0.567s][info][gc,heap        ] GC(23) Tenured: 43096K(48396K)->62603K(104340K)
[0.567s][info][gc,metaspace   ] GC(23) Metaspace: 6301K(6464K)->6301K(6464K) NonClass: 5768K(5824K)->5768K(5824K) Class: 533K(640K)->533K(640K)
[0.568s][info][gc             ] GC(23) Pause Full (Allocation Failure) 63M->63M(147M) 52.206ms
[0.568s][info][gc,cpu         ] GC(23) User=0.06s Sys=0.00s Real=0.05s
[0.610s][info][gc,start       ] GC(24) Pause Young (Allocation Failure)
[0.678s][info][gc,heap        ] GC(24) DefNew: 41856K(47040K)->5183K(47040K) Eden: 41856K(41856K)->0K(41856K) From: 0K(5184K)->5183K(5184K)
[0.678s][info][gc,heap        ] GC(24) Tenured: 62603K(104340K)->99251K(104340K)
[0.678s][info][gc,metaspace   ] GC(24) Metaspace: 6301K(6464K)->6301K(6464K) NonClass: 5768K(5824K)->5768K(5824K) Class: 533K(640K)->533K(640K)
[0.678s][info][gc             ] GC(24) Pause Young (Allocation Failure) 102M->101M(147M) 67.780ms
[0.678s][info][gc,cpu         ] GC(24) User=0.05s Sys=0.02s Real=0.07s
[0.713s][info][gc,start       ] GC(25) Pause Young (Allocation Failure)
[0.789s][info][gc             ] GC(25) Pause Young (Allocation Failure) 142M->142M(183M) 76.727ms
[0.789s][info][gc,cpu         ] GC(25) User=0.03s Sys=0.03s Real=0.08s
[0.789s][info][gc,start       ] GC(26) Pause Full (Allocation Failure)
[0.789s][info][gc,phases,start] GC(26) Phase 1: Mark live objects
[0.852s][info][gc,phases      ] GC(26) Phase 1: Mark live objects 62.505ms
[0.852s][info][gc,phases,start] GC(26) Phase 2: Compute new object addresses
[0.875s][info][gc,phases      ] GC(26) Phase 2: Compute new object addresses 23.026ms
[0.875s][info][gc,phases,start] GC(26) Phase 3: Adjust pointers
[0.904s][info][gc,phases      ] GC(26) Phase 3: Adjust pointers 28.481ms
[0.904s][info][gc,phases,start] GC(26) Phase 4: Move objects
[0.932s][info][gc,phases      ] GC(26) Phase 4: Move objects 28.116ms
[0.932s][info][gc,heap        ] GC(26) DefNew: 47039K(47040K)->1341K(105920K) Eden: 41856K(41856K)->1341K(94208K) From: 5183K(5184K)->0K(11712K)
[0.932s][info][gc,heap        ] GC(26) Tenured: 99251K(104340K)->141079K(235136K)
[0.932s][info][gc,metaspace   ] GC(26) Metaspace: 6301K(6464K)->6301K(6464K) NonClass: 5768K(5824K)->5768K(5824K) Class: 533K(640K)->533K(640K)
[0.932s][info][gc             ] GC(26) Pause Full (Allocation Failure) 142M->139M(333M) 143.007ms
[0.932s][info][gc,cpu         ] GC(26) User=0.16s Sys=0.00s Real=0.14s
[1.034s][info][gc,start       ] GC(27) Pause Young (Allocation Failure)
[1.196s][info][gc,heap        ] GC(27) DefNew: 94208K(105920K)->11711K(105920K) Eden: 94208K(94208K)->0K(94208K) From: 0K(11712K)->11711K(11712K)
[1.196s][info][gc,heap        ] GC(27) Tenured: 141079K(235136K)->223545K(235136K)
[1.196s][info][gc,metaspace   ] GC(27) Metaspace: 6301K(6464K)->6301K(6464K) NonClass: 5768K(5824K)->5768K(5824K) Class: 533K(640K)->533K(640K)
[1.196s][info][gc             ] GC(27) Pause Young (Allocation Failure) 229M->229M(333M) 162.804ms
[1.197s][info][gc,cpu         ] GC(27) User=0.14s Sys=0.00s Real=0.16s
[1.279s][info][gc,start       ] GC(28) Pause Young (Allocation Failure)
[1.479s][info][gc             ] GC(28) Pause Young (Allocation Failure) 321M->321M(413M) 199.813ms
[1.479s][info][gc,cpu         ] GC(28) User=0.14s Sys=0.03s Real=0.20s
[1.479s][info][gc,start       ] GC(29) Pause Full (Allocation Failure)
[1.479s][info][gc,phases,start] GC(29) Phase 1: Mark live objects
[1.643s][info][gc,phases      ] GC(29) Phase 1: Mark live objects 164.122ms
[1.643s][info][gc,phases,start] GC(29) Phase 2: Compute new object addresses
[1.701s][info][gc,phases      ] GC(29) Phase 2: Compute new object addresses 57.345ms
[1.701s][info][gc,phases,start] GC(29) Phase 3: Adjust pointers
[1.771s][info][gc,phases      ] GC(29) Phase 3: Adjust pointers 70.098ms
[1.771s][info][gc,phases,start] GC(29) Phase 4: Move objects
[1.775s][info][gc,phases      ] GC(29) Phase 4: Move objects 3.794ms
[1.776s][info][gc,heap        ] GC(29) DefNew: 105919K(105920K)->11602K(238464K) Eden: 94208K(94208K)->11602K(212032K) From: 11711K(11712K)->0K(26432K)
[1.776s][info][gc,heap        ] GC(29) Tenured: 223545K(235136K)->317827K(529716K)
[1.776s][info][gc,metaspace   ] GC(29) Metaspace: 6301K(6464K)->6301K(6464K) NonClass: 5768K(5824K)->5768K(5824K) Class: 533K(640K)->533K(640K)
[1.776s][info][gc             ] GC(29) Pause Full (Allocation Failure) 321M->321M(750M) 297.051ms
[1.776s][info][gc,cpu         ] GC(29) User=0.22s Sys=0.00s Real=0.30s
[2.000s][info][gc,start       ] GC(30) Pause Young (Allocation Failure)
[2.356s][info][gc,heap        ] GC(30) DefNew: 212032K(238464K)->26431K(238464K) Eden: 212032K(212032K)->0K(212032K) From: 0K(26432K)->26431K(26432K)
[2.356s][info][gc,heap        ] GC(30) Tenured: 317827K(529716K)->503401K(529716K)
[2.356s][info][gc,metaspace   ] GC(30) Metaspace: 6301K(6464K)->6301K(6464K) NonClass: 5768K(5824K)->5768K(5824K) Class: 533K(640K)->533K(640K)
[2.356s][info][gc             ] GC(30) Pause Young (Allocation Failure) 517M->517M(750M) 356.060ms
[2.356s][info][gc,cpu         ] GC(30) User=0.28s Sys=0.06s Real=0.36s
[2.527s][info][gc,start       ] GC(31) Pause Young (Allocation Failure)
[2.888s][info][gc             ] GC(31) Pause Young (Allocation Failure) 702M->700M(907M) 360.463ms
[2.888s][info][gc,cpu         ] GC(31) User=0.31s Sys=0.05s Real=0.36s
[2.888s][info][gc,start       ] GC(32) Pause Full (Allocation Failure)
[2.888s][info][gc,phases,start] GC(32) Phase 1: Mark live objects
[3.215s][info][gc,phases      ] GC(32) Phase 1: Mark live objects 326.978ms
[3.215s][info][gc,phases,start] GC(32) Phase 2: Compute new object addresses
[3.323s][info][gc,phases      ] GC(32) Phase 2: Compute new object addresses 107.617ms
[3.323s][info][gc,phases,start] GC(32) Phase 3: Adjust pointers
[3.442s][info][gc,phases      ] GC(32) Phase 3: Adjust pointers 119.660ms
[3.442s][info][gc,phases,start] GC(32) Phase 4: Move objects
[3.448s][info][gc,phases      ] GC(32) Phase 4: Move objects 5.374ms
[3.450s][info][gc,heap        ] GC(32) DefNew: 216079K(238464K)->26276K(518400K) Eden: 189647K(212032K)->26276K(460800K) From: 26431K(26432K)->0K(57600K)
[3.450s][info][gc,heap        ] GC(32) Tenured: 503401K(529716K)->691187K(1151980K)
[3.450s][info][gc,metaspace   ] GC(32) Metaspace: 6301K(6464K)->6301K(6464K) NonClass: 5768K(5824K)->5768K(5824K) Class: 533K(640K)->533K(640K)
[3.450s][info][gc             ] GC(32) Pause Full (Allocation Failure) 700M->700M(1631M) 561.905ms
[3.450s][info][gc,cpu         ] GC(32) User=0.55s Sys=0.00s Real=0.56s
[3.923s][info][gc,start       ] GC(33) Pause Young (Allocation Failure)
[4.693s][info][gc,heap        ] GC(33) DefNew: 460800K(518400K)->57599K(518400K) Eden: 460800K(460800K)->0K(460800K) From: 0K(57600K)->57599K(57600K)
[4.693s][info][gc,heap        ] GC(33) Tenured: 691187K(1151980K)->1094359K(1151980K)
[4.693s][info][gc,metaspace   ] GC(33) Metaspace: 6301K(6464K)->6301K(6464K) NonClass: 5768K(5824K)->5768K(5824K) Class: 533K(640K)->533K(640K)
[4.693s][info][gc             ] GC(33) Pause Young (Allocation Failure) 1124M->1124M(1631M) 770.136ms
[4.693s][info][gc,cpu         ] GC(33) User=0.64s Sys=0.12s Real=0.77s
[5.165s][info][gc,start       ] GC(34) Pause Young (Allocation Failure)
[5.895s][info][gc             ] GC(34) Pause Young (Allocation Failure) 1574M->1521M(1971M) 730.553ms
[5.895s][info][gc,cpu         ] GC(34) User=0.53s Sys=0.17s Real=0.73s
[5.895s][info][gc,start       ] GC(35) Pause Full (Allocation Failure)
[5.895s][info][gc,phases,start] GC(35) Phase 1: Mark live objects
[6.575s][info][gc,phases      ] GC(35) Phase 1: Mark live objects 679.670ms
[6.575s][info][gc,phases,start] GC(35) Phase 2: Compute new object addresses
[6.797s][info][gc,phases      ] GC(35) Phase 2: Compute new object addresses 221.557ms
[6.797s][info][gc,phases,start] GC(35) Phase 3: Adjust pointers
[7.064s][info][gc,phases      ] GC(35) Phase 3: Adjust pointers 267.071ms
[7.064s][info][gc,phases,start] GC(35) Phase 4: Move objects
[7.075s][info][gc,phases      ] GC(35) Phase 4: Move objects 11.166ms
[7.079s][info][gc,heap        ] GC(35) DefNew: 518399K(518400K)->57420K(1125760K) Eden: 460800K(460800K)->57420K(1000704K) From: 57599K(57600K)->0K(125056K)
[7.079s][info][gc,heap        ] GC(35) Tenured: 1094359K(1151980K)->1500911K(2501520K)
[7.079s][info][gc,metaspace   ] GC(35) Metaspace: 6301K(6464K)->6301K(6464K) NonClass: 5768K(5824K)->5768K(5824K) Class: 533K(640K)->533K(640K)
[7.079s][info][gc             ] GC(35) Pause Full (Allocation Failure) 1521M->1521M(3542M) 1183.880ms
[7.079s][info][gc,cpu         ] GC(35) User=1.19s Sys=0.00s Real=1.17s
[8.055s][info][gc,start       ] GC(36) Pause Young (Allocation Failure)
[9.845s][info][gc,heap        ] GC(36) DefNew: 1000704K(1125760K)->125056K(1125760K) Eden: 1000704K(1000704K)->0K(1000704K) From: 0K(125056K)->125056K(125056K)
[9.845s][info][gc,heap        ] GC(36) Tenured: 1500911K(2501520K)->2376526K(2501520K)
[9.845s][info][gc,metaspace   ] GC(36) Metaspace: 6301K(6464K)->6301K(6464K) NonClass: 5768K(5824K)->5768K(5824K) Class: 533K(640K)->533K(640K)
[9.845s][info][gc             ] GC(36) Pause Young (Allocation Failure) 2442M->2442M(3542M) 1790.006ms
[9.845s][info][gc,cpu         ] GC(36) User=1.47s Sys=0.27s Real=1.79s
[10.837s][info][gc,start       ] GC(37) Pause Young (Allocation Failure)
[12.561s][info][gc             ] GC(37) Pause Young (Allocation Failure) 3420M->3420M(4397M) 1723.544ms
[12.561s][info][gc,cpu         ] GC(37) User=1.36s Sys=0.34s Real=1.72s
[12.561s][info][gc,start       ] GC(38) Pause Full (Allocation Failure)
[12.561s][info][gc,phases,start] GC(38) Phase 1: Mark live objects
[14.123s][info][gc,phases      ] GC(38) Phase 1: Mark live objects 1562.092ms
[14.123s][info][gc,phases,start] GC(38) Phase 2: Compute new object addresses
[14.614s][info][gc,phases      ] GC(38) Phase 2: Compute new object addresses 490.574ms
[14.614s][info][gc,phases,start] GC(38) Phase 3: Adjust pointers
[15.284s][info][gc,phases      ] GC(38) Phase 3: Adjust pointers 670.360ms
[15.284s][info][gc,phases,start] GC(38) Phase 4: Move objects
[15.921s][info][gc,phases      ] GC(38) Phase 4: Move objects 636.494ms
[15.925s][info][gc,heap        ] GC(38) DefNew: 1125760K(1125760K)->30682K(1873920K) Eden: 1000704K(1000704K)->30682K(1665728K) From: 125056K(125056K)->0K(208192K)
[15.925s][info][gc,heap        ] GC(38) Tenured: 2376526K(2501520K)->3377363K(4164288K)
[15.925s][info][gc,metaspace   ] GC(38) Metaspace: 6301K(6464K)->6301K(6464K) NonClass: 5768K(5824K)->5768K(5824K) Class: 533K(640K)->533K(640K)
[15.925s][info][gc             ] GC(38) Pause Full (Allocation Failure) 3420M->3328M(5896M) 3364.360ms
[15.925s][info][gc,cpu         ] GC(38) User=3.28s Sys=0.00s Real=3.37s
[17.486s][info][gc,start       ] GC(39) Pause Young (Allocation Failure)
[17.486s][info][gc             ] GC(39) Pause Young (Allocation Failure) 4924M->4924M(5896M) 0.118ms
[17.486s][info][gc,cpu         ] GC(39) User=0.00s Sys=0.00s Real=0.00s
[17.487s][info][gc,start       ] GC(40) Pause Full (Allocation Failure)
[17.487s][info][gc,phases,start] GC(40) Phase 1: Mark live objects
[19.849s][info][gc,phases      ] GC(40) Phase 1: Mark live objects 2362.282ms
[19.849s][info][gc,phases,start] GC(40) Phase 2: Compute new object addresses
[20.549s][info][gc,phases      ] GC(40) Phase 2: Compute new object addresses 700.082ms
[20.549s][info][gc,phases,start] GC(40) Phase 3: Adjust pointers
[21.593s][info][gc,phases      ] GC(40) Phase 3: Adjust pointers 1044.053ms
[21.593s][info][gc,phases,start] GC(40) Phase 4: Move objects
[22.078s][info][gc,phases      ] GC(40) Phase 4: Move objects 484.949ms
[22.079s][info][gc,heap        ] GC(40) DefNew: 1665728K(1873920K)->878769K(1873920K) Eden: 1665728K(1665728K)->878769K(1665728K) From: 0K(208192K)->0K(208192K)
[22.079s][info][gc,heap        ] GC(40) Tenured: 3377363K(4164288K)->4164287K(4164288K)
[22.079s][info][gc,metaspace   ] GC(40) Metaspace: 6301K(6464K)->6301K(6464K) NonClass: 5768K(5824K)->5768K(5824K) Class: 533K(640K)->533K(640K)
[22.079s][info][gc             ] GC(40) Pause Full (Allocation Failure) 4924M->4924M(5896M) 4592.134ms
[22.079s][info][gc,cpu         ] GC(40) User=4.23s Sys=0.16s Real=4.60s
[22.726s][info][gc,start       ] GC(41) Pause Full (Allocation Failure)
[22.726s][info][gc,phases,start] GC(41) Phase 1: Mark live objects
[25.360s][info][gc,phases      ] GC(41) Phase 1: Mark live objects 2633.491ms
[25.360s][info][gc,phases,start] GC(41) Phase 2: Compute new object addresses
[26.155s][info][gc,phases      ] GC(41) Phase 2: Compute new object addresses 795.019ms
[26.155s][info][gc,phases,start] GC(41) Phase 3: Adjust pointers
[27.312s][info][gc,phases      ] GC(41) Phase 3: Adjust pointers 1157.353ms
[27.313s][info][gc,phases,start] GC(41) Phase 4: Move objects
[27.437s][info][gc,phases      ] GC(41) Phase 4: Move objects 124.274ms
[27.437s][info][gc,heap        ] GC(41) DefNew: 1596141K(1873920K)->1590955K(1873920K) Eden: 1596141K(1665728K)->1590955K(1665728K) From: 0K(208192K)->0K(208192K)
[27.437s][info][gc,heap        ] GC(41) Tenured: 4164287K(4164288K)->4164287K(4164288K)
[27.437s][info][gc,metaspace   ] GC(41) Metaspace: 6301K(6464K)->6301K(6464K) NonClass: 5768K(5824K)->5768K(5824K) Class: 533K(640K)->533K(640K)
[27.437s][info][gc             ] GC(41) Pause Full (Allocation Failure) 5625M->5620M(5896M) 4711.158ms
[27.437s][info][gc,cpu         ] GC(41) User=4.66s Sys=0.00s Real=4.71s
[27.437s][info][gc,start       ] GC(42) Pause Full (Allocation Failure)
[27.438s][info][gc,phases,start] GC(42) Phase 1: Mark live objects
[30.184s][info][gc,phases      ] GC(42) Phase 1: Mark live objects 2746.166ms
[30.184s][info][gc,phases,start] GC(42) Phase 2: Compute new object addresses
[31.082s][info][gc,phases      ] GC(42) Phase 2: Compute new object addresses 898.434ms
[31.082s][info][gc,phases,start] GC(42) Phase 3: Adjust pointers
[32.552s][info][gc,phases      ] GC(42) Phase 3: Adjust pointers 1470.159ms
[32.553s][info][gc,phases,start] GC(42) Phase 4: Move objects
[33.540s][info][gc,phases      ] GC(42) Phase 4: Move objects 987.881ms
[33.541s][info][gc,heap        ] GC(42) DefNew: 1590955K(1873920K)->1590950K(1873920K) Eden: 1590955K(1665728K)->1590950K(1665728K) From: 0K(208192K)->0K(208192K)
[33.541s][info][gc,heap        ] GC(42) Tenured: 4164287K(4164288K)->4164287K(4164288K)
[33.541s][info][gc,metaspace   ] GC(42) Metaspace: 6301K(6464K)->6300K(6464K) NonClass: 5768K(5824K)->5767K(5824K) Class: 533K(640K)->532K(640K)
[33.541s][info][gc             ] GC(42) Pause Full (Allocation Failure) 5620M->5620M(5896M) 6103.380ms
[33.541s][info][gc,cpu         ] GC(42) User=5.81s Sys=0.00s Real=6.10s
[33.542s][info][gc,heap,exit   ] Heap
[33.542s][info][gc,heap,exit   ]  def new generation   total 1873920K, used 1650462K [0x0000000682c00000, 0x0000000701d50000, 0x0000000701d50000)
[33.542s][info][gc,heap,exit   ]   eden space 1665728K,  99% used [0x0000000682c00000, 0x00000006e77c7be8, 0x00000006e86b0000)
[33.542s][info][gc,heap,exit   ]   from space 208192K,   0% used [0x00000006e86b0000, 0x00000006e86b0000, 0x00000006f5200000)
[33.542s][info][gc,heap,exit   ]   to   space 208192K,   0% used [0x00000006f5200000, 0x00000006f5200000, 0x0000000701d50000)
[33.542s][info][gc,heap,exit   ]  tenured generation   total 4164288K, used 4164287K [0x0000000701d50000, 0x0000000800000000, 0x0000000800000000)
[33.542s][info][gc,heap,exit   ]    the space 4164288K,  99% used [0x0000000701d50000, 0x00000007ffffffd8, 0x0000000800000000, 0x0000000800000000)
[33.542s][info][gc,heap,exit   ]  Metaspace       used 6305K, committed 6528K, reserved 1114112K
[33.542s][info][gc,heap,exit   ]   class space    used 534K, committed 640K, reserved 1048576K
