[0.011s][info][gc,init] CardTable entry size: 512
[0.012s][info][gc     ] Using Serial
[0.012s][info][gc,init] Version: 18.0.1+10 (release)
[0.012s][info][gc,init] CPUs: 8 total, 8 available
[0.012s][info][gc,init] Memory: 16063M
[0.012s][info][gc,init] Large Page Support: Disabled
[0.012s][info][gc,init] NUMA Support: Disabled
[0.012s][info][gc,init] Compressed Oops: Enabled (32-bit)
[0.012s][info][gc,init] Heap Min Capacity: 2M
[0.012s][info][gc,init] Heap Initial Capacity: 2M
[0.012s][info][gc,init] Heap Max Capacity: 100M
[0.012s][info][gc,init] Pre-touch: Disabled
[0.013s][info][gc,metaspace] CDS archive(s) not mapped
[0.013s][info][gc,metaspace] Compressed class space mapped at: 0x0000000100000000-0x0000000140000000, reserved size: 1073741824
[0.013s][info][gc,metaspace] Narrow klass base: 0x0000000000000000, Narrow klass shift: 3, Narrow klass range: 0x140000000
[0.194s][info][gc,start    ] GC(0) Pause Young (Allocation Failure)
[0.196s][info][gc,heap     ] GC(0) DefNew: 1023K(1152K)->127K(1152K) Eden: 1023K(1024K)->0K(1024K) From: 0K(128K)->127K(128K)
[0.196s][info][gc,heap     ] GC(0) Tenured: 0K(768K)->439K(768K)
[0.196s][info][gc,metaspace] GC(0) Metaspace: 5899K(6016K)->5899K(6016K) NonClass: 5399K(5504K)->5399K(5504K) Class: 499K(512K)->499K(512K)
[0.196s][info][gc          ] GC(0) Pause Young (Allocation Failure) 0M->0M(1M) 2.071ms
[0.196s][info][gc,cpu      ] GC(0) User=0.00s Sys=0.00s Real=0.00s
[0.218s][info][gc,start    ] GC(1) Pause Young (Allocation Failure)
[0.219s][info][gc          ] GC(1) Pause Young (Allocation Failure) 1M->0M(2M) 1.483ms
[0.219s][info][gc,cpu      ] GC(1) User=0.00s Sys=0.00s Real=0.00s
[0.219s][info][gc,start    ] GC(2) Pause Full (Allocation Failure)
[0.219s][info][gc,phases,start] GC(2) Phase 1: Mark live objects
[0.221s][info][gc,phases      ] GC(2) Phase 1: Mark live objects 2.020ms
[0.222s][info][gc,phases,start] GC(2) Phase 2: Compute new object addresses
[0.222s][info][gc,phases      ] GC(2) Phase 2: Compute new object addresses 0.431ms
[0.222s][info][gc,phases,start] GC(2) Phase 3: Adjust pointers
[0.223s][info][gc,phases      ] GC(2) Phase 3: Adjust pointers 0.857ms
[0.223s][info][gc,phases,start] GC(2) Phase 4: Move objects
[0.223s][info][gc,phases      ] GC(2) Phase 4: Move objects 0.091ms
[0.223s][info][gc,heap        ] GC(2) DefNew: 1151K(1152K)->41K(1152K) Eden: 1024K(1024K)->41K(1024K) From: 127K(128K)->0K(128K)
[0.223s][info][gc,heap        ] GC(2) Tenured: 439K(768K)->959K(1600K)
[0.223s][info][gc,metaspace   ] GC(2) Metaspace: 6295K(6464K)->6295K(6464K) NonClass: 5762K(5824K)->5762K(5824K) Class: 533K(640K)->533K(640K)
[0.223s][info][gc             ] GC(2) Pause Full (Allocation Failure) 0M->0M(2M) 3.828ms
[0.223s][info][gc,cpu         ] GC(2) User=0.00s Sys=0.00s Real=0.00s
[0.225s][info][gc,start       ] GC(3) Pause Young (Allocation Failure)
[0.227s][info][gc,heap        ] GC(3) DefNew: 1024K(1152K)->127K(1152K) Eden: 1024K(1024K)->0K(1024K) From: 0K(128K)->127K(128K)
[0.227s][info][gc,heap        ] GC(3) Tenured: 959K(1600K)->1375K(1600K)
[0.227s][info][gc,metaspace   ] GC(3) Metaspace: 6295K(6464K)->6295K(6464K) NonClass: 5762K(5824K)->5762K(5824K) Class: 533K(640K)->533K(640K)
[0.227s][info][gc             ] GC(3) Pause Young (Allocation Failure) 1M->1M(2M) 2.323ms
[0.227s][info][gc,cpu         ] GC(3) User=0.00s Sys=0.00s Real=0.00s
[0.229s][info][gc,start       ] GC(4) Pause Young (Allocation Failure)
[0.230s][info][gc             ] GC(4) Pause Young (Allocation Failure) 2M->1M(3M) 1.309ms
[0.230s][info][gc,cpu         ] GC(4) User=0.00s Sys=0.00s Real=0.00s
[0.230s][info][gc,start       ] GC(5) Pause Full (Allocation Failure)
[0.231s][info][gc,phases,start] GC(5) Phase 1: Mark live objects
[0.232s][info][gc,phases      ] GC(5) Phase 1: Mark live objects 1.746ms
[0.232s][info][gc,phases,start] GC(5) Phase 2: Compute new object addresses
[0.233s][info][gc,phases      ] GC(5) Phase 2: Compute new object addresses 0.421ms
[0.233s][info][gc,phases,start] GC(5) Phase 3: Adjust pointers
[0.234s][info][gc,phases      ] GC(5) Phase 3: Adjust pointers 0.964ms
[0.234s][info][gc,phases,start] GC(5) Phase 4: Move objects
[0.234s][info][gc,phases      ] GC(5) Phase 4: Move objects 0.119ms
[0.234s][info][gc,heap        ] GC(5) DefNew: 1151K(1152K)->35K(1536K) Eden: 1024K(1024K)->35K(1408K) From: 127K(128K)->0K(128K)
[0.234s][info][gc,heap        ] GC(5) Tenured: 1375K(1600K)->1983K(3308K)
[0.234s][info][gc,metaspace   ] GC(5) Metaspace: 6295K(6464K)->6295K(6464K) NonClass: 5762K(5824K)->5762K(5824K) Class: 533K(640K)->533K(640K)
[0.234s][info][gc             ] GC(5) Pause Full (Allocation Failure) 1M->1M(4M) 3.715ms
[0.234s][info][gc,cpu         ] GC(5) User=0.00s Sys=0.00s Real=0.00s
[0.236s][info][gc,start       ] GC(6) Pause Young (Allocation Failure)
[0.238s][info][gc,heap        ] GC(6) DefNew: 1408K(1536K)->128K(1536K) Eden: 1408K(1408K)->0K(1408K) From: 0K(128K)->128K(128K)
[0.238s][info][gc,heap        ] GC(6) Tenured: 1983K(3308K)->2618K(3308K)
[0.238s][info][gc,metaspace   ] GC(6) Metaspace: 6295K(6464K)->6295K(6464K) NonClass: 5762K(5824K)->5762K(5824K) Class: 533K(640K)->533K(640K)
[0.238s][info][gc             ] GC(6) Pause Young (Allocation Failure) 3M->2M(4M) 1.920ms
[0.238s][info][gc,cpu         ] GC(6) User=0.00s Sys=0.00s Real=0.00s
[0.240s][info][gc,start       ] GC(7) Pause Young (Allocation Failure)
[0.242s][info][gc             ] GC(7) Pause Young (Allocation Failure) 4M->3M(4M) 1.776ms
[0.242s][info][gc,cpu         ] GC(7) User=0.00s Sys=0.00s Real=0.00s
[0.242s][info][gc,start       ] GC(8) Pause Full (Allocation Failure)
[0.242s][info][gc,phases,start] GC(8) Phase 1: Mark live objects
[0.244s][info][gc,phases      ] GC(8) Phase 1: Mark live objects 2.277ms
[0.244s][info][gc,phases,start] GC(8) Phase 2: Compute new object addresses
[0.245s][info][gc,phases      ] GC(8) Phase 2: Compute new object addresses 0.630ms
[0.245s][info][gc,phases,start] GC(8) Phase 3: Adjust pointers
[0.246s][info][gc,phases      ] GC(8) Phase 3: Adjust pointers 0.970ms
[0.246s][info][gc,phases,start] GC(8) Phase 4: Move objects
[0.246s][info][gc,phases      ] GC(8) Phase 4: Move objects 0.086ms
[0.246s][info][gc,heap        ] GC(8) DefNew: 1536K(1536K)->0K(2688K) Eden: 1408K(1408K)->0K(2432K) From: 128K(128K)->0K(256K)
[0.246s][info][gc,heap        ] GC(8) Tenured: 2618K(3308K)->3460K(5772K)
[0.246s][info][gc,metaspace   ] GC(8) Metaspace: 6295K(6464K)->6295K(6464K) NonClass: 5762K(5824K)->5762K(5824K) Class: 533K(640K)->533K(640K)
[0.246s][info][gc             ] GC(8) Pause Full (Allocation Failure) 3M->3M(8M) 4.278ms
[0.246s][info][gc,cpu         ] GC(8) User=0.00s Sys=0.00s Real=0.00s
[0.250s][info][gc,start       ] GC(9) Pause Young (Allocation Failure)
[0.254s][info][gc,heap        ] GC(9) DefNew: 2432K(2688K)->255K(2688K) Eden: 2432K(2432K)->0K(2432K) From: 0K(256K)->255K(256K)
[0.254s][info][gc,heap        ] GC(9) Tenured: 3460K(5772K)->4513K(5772K)
[0.254s][info][gc,metaspace   ] GC(9) Metaspace: 6295K(6464K)->6295K(6464K) NonClass: 5762K(5824K)->5762K(5824K) Class: 533K(640K)->533K(640K)
[0.254s][info][gc             ] GC(9) Pause Young (Allocation Failure) 5M->4M(8M) 3.775ms
[0.254s][info][gc,cpu         ] GC(9) User=0.00s Sys=0.00s Real=0.00s
[0.257s][info][gc,start       ] GC(10) Pause Young (Allocation Failure)
[0.260s][info][gc,heap        ] GC(10) DefNew: 2687K(2688K)->255K(2688K) Eden: 2432K(2432K)->0K(2432K) From: 255K(256K)->255K(256K)
[0.260s][info][gc,heap        ] GC(10) Tenured: 4513K(5772K)->5755K(5772K)
[0.260s][info][gc,metaspace   ] GC(10) Metaspace: 6295K(6464K)->6295K(6464K) NonClass: 5762K(5824K)->5762K(5824K) Class: 533K(640K)->533K(640K)
[0.260s][info][gc             ] GC(10) Pause Young (Allocation Failure) 7M->5M(8M) 3.094ms
[0.260s][info][gc,cpu         ] GC(10) User=0.00s Sys=0.00s Real=0.00s
[0.263s][info][gc,start       ] GC(11) Pause Young (Allocation Failure)
[0.266s][info][gc             ] GC(11) Pause Young (Allocation Failure) 8M->7M(9M) 3.135ms
[0.266s][info][gc,cpu         ] GC(11) User=0.02s Sys=0.00s Real=0.00s
[0.266s][info][gc,start       ] GC(12) Pause Full (Allocation Failure)
[0.266s][info][gc,phases,start] GC(12) Phase 1: Mark live objects
[0.271s][info][gc,phases      ] GC(12) Phase 1: Mark live objects 4.140ms
[0.271s][info][gc,phases,start] GC(12) Phase 2: Compute new object addresses
[0.272s][info][gc,phases      ] GC(12) Phase 2: Compute new object addresses 1.175ms
[0.272s][info][gc,phases,start] GC(12) Phase 3: Adjust pointers
[0.274s][info][gc,phases      ] GC(12) Phase 3: Adjust pointers 1.861ms
[0.274s][info][gc,phases,start] GC(12) Phase 4: Move objects
[0.275s][info][gc,phases      ] GC(12) Phase 4: Move objects 1.247ms
[0.275s][info][gc,heap        ] GC(12) DefNew: 2687K(2688K)->0K(5376K) Eden: 2432K(2432K)->0K(4800K) From: 255K(256K)->0K(576K)
[0.275s][info][gc,heap        ] GC(12) Tenured: 5755K(5772K)->7131K(11888K)
[0.275s][info][gc,metaspace   ] GC(12) Metaspace: 6295K(6464K)->6295K(6464K) NonClass: 5762K(5824K)->5762K(5824K) Class: 533K(640K)->533K(640K)
[0.275s][info][gc             ] GC(12) Pause Full (Allocation Failure) 7M->6M(16M) 8.912ms
[0.275s][info][gc,cpu         ] GC(12) User=0.00s Sys=0.00s Real=0.01s
[0.281s][info][gc,start       ] GC(13) Pause Young (Allocation Failure)
[0.286s][info][gc,heap        ] GC(13) DefNew: 4800K(5376K)->575K(5376K) Eden: 4800K(4800K)->0K(4800K) From: 0K(576K)->575K(576K)
[0.286s][info][gc,heap        ] GC(13) Tenured: 7131K(11888K)->9027K(11888K)
[0.286s][info][gc,metaspace   ] GC(13) Metaspace: 6295K(6464K)->6295K(6464K) NonClass: 5762K(5824K)->5762K(5824K) Class: 533K(640K)->533K(640K)
[0.286s][info][gc             ] GC(13) Pause Young (Allocation Failure) 11M->9M(16M) 5.508ms
[0.286s][info][gc,cpu         ] GC(13) User=0.00s Sys=0.00s Real=0.01s
[0.291s][info][gc,start       ] GC(14) Pause Young (Allocation Failure)
[0.297s][info][gc,heap        ] GC(14) DefNew: 5375K(5376K)->575K(5376K) Eden: 4800K(4800K)->0K(4800K) From: 575K(576K)->575K(576K)
[0.297s][info][gc,heap        ] GC(14) Tenured: 9027K(11888K)->11746K(11888K)
[0.297s][info][gc,metaspace   ] GC(14) Metaspace: 6295K(6464K)->6295K(6464K) NonClass: 5762K(5824K)->5762K(5824K) Class: 533K(640K)->533K(640K)
[0.297s][info][gc             ] GC(14) Pause Young (Allocation Failure) 14M->12M(16M) 5.653ms
[0.297s][info][gc,cpu         ] GC(14) User=0.00s Sys=0.00s Real=0.01s
[0.300s][info][gc,start       ] GC(15) Pause Young (Allocation Failure)
[0.305s][info][gc             ] GC(15) Pause Young (Allocation Failure) 16M->14M(19M) 4.978ms
[0.306s][info][gc,cpu         ] GC(15) User=0.00s Sys=0.00s Real=0.01s
[0.306s][info][gc,start       ] GC(16) Pause Full (Allocation Failure)
[0.306s][info][gc,phases,start] GC(16) Phase 1: Mark live objects
[0.313s][info][gc,phases      ] GC(16) Phase 1: Mark live objects 7.022ms
[0.313s][info][gc,phases,start] GC(16) Phase 2: Compute new object addresses
[0.315s][info][gc,phases      ] GC(16) Phase 2: Compute new object addresses 2.263ms
[0.315s][info][gc,phases,start] GC(16) Phase 3: Adjust pointers
[0.318s][info][gc,phases      ] GC(16) Phase 3: Adjust pointers 3.085ms
[0.318s][info][gc,phases,start] GC(16) Phase 4: Move objects
[0.318s][info][gc,phases      ] GC(16) Phase 4: Move objects 0.171ms
[0.318s][info][gc,heap        ] GC(16) DefNew: 5375K(5376K)->386K(10880K) Eden: 4800K(4800K)->386K(9728K) From: 575K(576K)->0K(1152K)
[0.318s][info][gc,heap        ] GC(16) Tenured: 11746K(11888K)->14383K(23976K)
[0.318s][info][gc,metaspace   ] GC(16) Metaspace: 6297K(6464K)->6297K(6464K) NonClass: 5763K(5824K)->5763K(5824K) Class: 533K(640K)->533K(640K)
[0.318s][info][gc             ] GC(16) Pause Full (Allocation Failure) 14M->14M(34M) 12.901ms
[0.319s][info][gc,cpu         ] GC(16) User=0.02s Sys=0.00s Real=0.01s
[0.327s][info][gc,start       ] GC(17) Pause Young (Allocation Failure)
[0.339s][info][gc,heap        ] GC(17) DefNew: 9728K(10880K)->1151K(10880K) Eden: 9728K(9728K)->0K(9728K) From: 0K(1152K)->1151K(1152K)
[0.339s][info][gc,heap        ] GC(17) Tenured: 14383K(23976K)->18415K(23976K)
[0.339s][info][gc,metaspace   ] GC(17) Metaspace: 6297K(6464K)->6297K(6464K) NonClass: 5763K(5824K)->5763K(5824K) Class: 533K(640K)->533K(640K)
[0.340s][info][gc             ] GC(17) Pause Young (Allocation Failure) 23M->19M(34M) 12.616ms
[0.340s][info][gc,cpu         ] GC(17) User=0.00s Sys=0.00s Real=0.01s
[0.348s][info][gc,start       ] GC(18) Pause Young (Allocation Failure)
[0.360s][info][gc,heap        ] GC(18) DefNew: 10879K(10880K)->1151K(10880K) Eden: 9728K(9728K)->0K(9728K) From: 1151K(1152K)->1151K(1152K)
[0.360s][info][gc,heap        ] GC(18) Tenured: 18415K(23976K)->23936K(23976K)
[0.360s][info][gc,metaspace   ] GC(18) Metaspace: 6297K(6464K)->6297K(6464K) NonClass: 5763K(5824K)->5763K(5824K) Class: 533K(640K)->533K(640K)
[0.360s][info][gc             ] GC(18) Pause Young (Allocation Failure) 28M->24M(34M) 12.490ms
[0.360s][info][gc,cpu         ] GC(18) User=0.00s Sys=0.00s Real=0.01s
[0.367s][info][gc,start       ] GC(19) Pause Young (Allocation Failure)
[0.378s][info][gc             ] GC(19) Pause Young (Allocation Failure) 34M->29M(38M) 10.867ms
[0.378s][info][gc,cpu         ] GC(19) User=0.00s Sys=0.00s Real=0.01s
[0.378s][info][gc,start       ] GC(20) Pause Full (Allocation Failure)
[0.378s][info][gc,phases,start] GC(20) Phase 1: Mark live objects
[0.392s][info][gc,phases      ] GC(20) Phase 1: Mark live objects 13.835ms
[0.392s][info][gc,phases,start] GC(20) Phase 2: Compute new object addresses
[0.396s][info][gc,phases      ] GC(20) Phase 2: Compute new object addresses 4.670ms
[0.396s][info][gc,phases,start] GC(20) Phase 3: Adjust pointers
[0.403s][info][gc,phases      ] GC(20) Phase 3: Adjust pointers 6.372ms
[0.403s][info][gc,phases,start] GC(20) Phase 4: Move objects
[0.403s][info][gc,phases      ] GC(20) Phase 4: Move objects 0.182ms
[0.403s][info][gc,heap        ] GC(20) DefNew: 10879K(10880K)->1079K(21888K) Eden: 9728K(9728K)->1079K(19520K) From: 1151K(1152K)->0K(2368K)
[0.403s][info][gc,heap        ] GC(20) Tenured: 23936K(23976K)->29035K(48396K)
[0.403s][info][gc,metaspace   ] GC(20) Metaspace: 6297K(6464K)->6297K(6464K) NonClass: 5763K(5824K)->5763K(5824K) Class: 533K(640K)->533K(640K)
[0.403s][info][gc             ] GC(20) Pause Full (Allocation Failure) 29M->29M(68M) 25.483ms
[0.403s][info][gc,cpu         ] GC(20) User=0.02s Sys=0.00s Real=0.02s
[0.419s][info][gc,start       ] GC(21) Pause Young (Allocation Failure)
[0.447s][info][gc,heap        ] GC(21) DefNew: 19520K(21888K)->2367K(21888K) Eden: 19520K(19520K)->0K(19520K) From: 0K(2368K)->2367K(2368K)
[0.447s][info][gc,heap        ] GC(21) Tenured: 29035K(48396K)->39355K(48396K)
[0.447s][info][gc,metaspace   ] GC(21) Metaspace: 6297K(6464K)->6297K(6464K) NonClass: 5763K(5824K)->5763K(5824K) Class: 533K(640K)->533K(640K)
[0.447s][info][gc             ] GC(21) Pause Young (Allocation Failure) 47M->40M(68M) 28.287ms
[0.447s][info][gc,cpu         ] GC(21) User=0.02s Sys=0.00s Real=0.03s
[0.466s][info][gc,start       ] GC(22) Pause Young (Allocation Failure)
[0.502s][info][gc             ] GC(22) Pause Young (Allocation Failure) 59M->59M(78M) 35.986ms
[0.502s][info][gc,cpu         ] GC(22) User=0.03s Sys=0.00s Real=0.04s
[0.502s][info][gc,start       ] GC(23) Pause Full (Allocation Failure)
[0.502s][info][gc,phases,start] GC(23) Phase 1: Mark live objects
[0.526s][info][gc,phases      ] GC(23) Phase 1: Mark live objects 24.228ms
[0.526s][info][gc,phases,start] GC(23) Phase 2: Compute new object addresses
[0.536s][info][gc,phases      ] GC(23) Phase 2: Compute new object addresses 9.728ms
[0.536s][info][gc,phases,start] GC(23) Phase 3: Adjust pointers
[0.548s][info][gc,phases      ] GC(23) Phase 3: Adjust pointers 11.971ms
[0.548s][info][gc,phases,start] GC(23) Phase 4: Move objects
[0.548s][info][gc,phases      ] GC(23) Phase 4: Move objects 0.360ms
[0.549s][info][gc,heap        ] GC(23) DefNew: 21887K(21888K)->2256K(30720K) Eden: 19520K(19520K)->2256K(27328K) From: 2367K(2368K)->0K(3392K)
[0.549s][info][gc,heap        ] GC(23) Tenured: 39355K(48396K)->58956K(68288K)
[0.549s][info][gc,metaspace   ] GC(23) Metaspace: 6297K(6464K)->6297K(6464K) NonClass: 5763K(5824K)->5763K(5824K) Class: 533K(640K)->533K(640K)
[0.549s][info][gc             ] GC(23) Pause Full (Allocation Failure) 59M->59M(96M) 47.004ms
[0.549s][info][gc,cpu         ] GC(23) User=0.05s Sys=0.00s Real=0.05s
[0.572s][info][gc,start       ] GC(24) Pause Young (Allocation Failure)
[0.572s][info][gc             ] GC(24) Pause Young (Allocation Failure) 84M->84M(96M) 0.108ms
[0.572s][info][gc,cpu         ] GC(24) User=0.00s Sys=0.00s Real=0.00s
[0.572s][info][gc,start       ] GC(25) Pause Full (Allocation Failure)
[0.572s][info][gc,phases,start] GC(25) Phase 1: Mark live objects
[0.609s][info][gc,phases      ] GC(25) Phase 1: Mark live objects 37.572ms
[0.609s][info][gc,phases,start] GC(25) Phase 2: Compute new object addresses
[0.622s][info][gc,phases      ] GC(25) Phase 2: Compute new object addresses 12.970ms
[0.622s][info][gc,phases,start] GC(25) Phase 3: Adjust pointers
[0.643s][info][gc,phases      ] GC(25) Phase 3: Adjust pointers 20.105ms
[0.643s][info][gc,phases,start] GC(25) Phase 4: Move objects
[0.660s][info][gc,phases      ] GC(25) Phase 4: Move objects 17.471ms
[0.660s][info][gc,heap        ] GC(25) DefNew: 27328K(30720K)->16172K(30720K) Eden: 27328K(27328K)->16172K(27328K) From: 0K(3392K)->0K(3392K)
[0.660s][info][gc,heap        ] GC(25) Tenured: 58956K(68288K)->68287K(68288K)
[0.660s][info][gc,metaspace   ] GC(25) Metaspace: 6297K(6464K)->6297K(6464K) NonClass: 5763K(5824K)->5763K(5824K) Class: 533K(640K)->533K(640K)
[0.660s][info][gc             ] GC(25) Pause Full (Allocation Failure) 84M->82M(96M) 88.562ms
[0.660s][info][gc,cpu         ] GC(25) User=0.06s Sys=0.03s Real=0.09s
[0.686s][info][gc,start       ] GC(26) Pause Full (Allocation Failure)
[0.686s][info][gc,phases,start] GC(26) Phase 1: Mark live objects
[0.728s][info][gc,phases      ] GC(26) Phase 1: Mark live objects 42.170ms
[0.728s][info][gc,phases,start] GC(26) Phase 2: Compute new object addresses
[0.743s][info][gc,phases      ] GC(26) Phase 2: Compute new object addresses 15.130ms
[0.743s][info][gc,phases,start] GC(26) Phase 3: Adjust pointers
[0.762s][info][gc,phases      ] GC(26) Phase 3: Adjust pointers 19.089ms
[0.763s][info][gc,phases,start] GC(26) Phase 4: Move objects
[0.764s][info][gc,phases      ] GC(26) Phase 4: Move objects 1.927ms
[0.765s][info][gc,heap        ] GC(26) DefNew: 30719K(30720K)->30711K(30720K) Eden: 27328K(27328K)->27327K(27328K) From: 3391K(3392K)->3383K(3392K)
[0.765s][info][gc,heap        ] GC(26) Tenured: 68287K(68288K)->68287K(68288K)
[0.765s][info][gc,metaspace   ] GC(26) Metaspace: 6297K(6464K)->6297K(6464K) NonClass: 5763K(5824K)->5763K(5824K) Class: 533K(640K)->533K(640K)
[0.765s][info][gc             ] GC(26) Pause Full (Allocation Failure) 96M->96M(96M) 78.848ms
[0.765s][info][gc,cpu         ] GC(26) User=0.06s Sys=0.00s Real=0.08s
[0.765s][info][gc,start       ] GC(27) Pause Full (Allocation Failure)
[0.765s][info][gc,phases,start] GC(27) Phase 1: Mark live objects
[0.808s][info][gc,phases      ] GC(27) Phase 1: Mark live objects 43.147ms
[0.808s][info][gc,phases,start] GC(27) Phase 2: Compute new object addresses
[0.824s][info][gc,phases      ] GC(27) Phase 2: Compute new object addresses 16.281ms
[0.824s][info][gc,phases,start] GC(27) Phase 3: Adjust pointers
[0.843s][info][gc,phases      ] GC(27) Phase 3: Adjust pointers 18.534ms
[0.843s][info][gc,phases,start] GC(27) Phase 4: Move objects
[0.843s][info][gc,phases      ] GC(27) Phase 4: Move objects 0.016ms
[0.843s][info][gc,heap        ] GC(27) DefNew: 30719K(30720K)->30719K(30720K) Eden: 27328K(27328K)->27328K(27328K) From: 3391K(3392K)->3391K(3392K)
[0.843s][info][gc,heap        ] GC(27) Tenured: 68287K(68288K)->68287K(68288K)
[0.843s][info][gc,metaspace   ] GC(27) Metaspace: 6297K(6464K)->6297K(6464K) NonClass: 5763K(5824K)->5763K(5824K) Class: 533K(640K)->533K(640K)
[0.843s][info][gc             ] GC(27) Pause Full (Allocation Failure) 96M->96M(96M) 78.297ms
[0.843s][info][gc,cpu         ] GC(27) User=0.06s Sys=0.00s Real=0.08s
[0.843s][info][gc,start       ] GC(28) Pause Full (Allocation Failure)
[0.843s][info][gc,phases,start] GC(28) Phase 1: Mark live objects
[0.885s][info][gc,phases      ] GC(28) Phase 1: Mark live objects 41.910ms
[0.885s][info][gc,phases,start] GC(28) Phase 2: Compute new object addresses
[0.899s][info][gc,phases      ] GC(28) Phase 2: Compute new object addresses 13.783ms
[0.899s][info][gc,phases,start] GC(28) Phase 3: Adjust pointers
[0.920s][info][gc,phases      ] GC(28) Phase 3: Adjust pointers 20.702ms
[0.920s][info][gc,phases,start] GC(28) Phase 4: Move objects
[0.936s][info][gc,phases      ] GC(28) Phase 4: Move objects 16.230ms
[0.936s][info][gc,heap        ] GC(28) DefNew: 30719K(30720K)->28667K(30720K) Eden: 27328K(27328K)->27328K(27328K) From: 3391K(3392K)->1339K(3392K)
[0.936s][info][gc,heap        ] GC(28) Tenured: 68287K(68288K)->68287K(68288K)
[0.936s][info][gc,metaspace   ] GC(28) Metaspace: 6297K(6464K)->6295K(6464K) NonClass: 5763K(5824K)->5762K(5824K) Class: 533K(640K)->532K(640K)
[0.936s][info][gc             ] GC(28) Pause Full (Allocation Failure) 96M->94M(96M) 93.018ms
[0.936s][info][gc,cpu         ] GC(28) User=0.08s Sys=0.00s Real=0.09s
[0.944s][info][gc,start       ] GC(29) Pause Full (Allocation Failure)
[0.944s][info][gc,phases,start] GC(29) Phase 1: Mark live objects
[0.990s][info][gc,phases      ] GC(29) Phase 1: Mark live objects 45.124ms
[0.990s][info][gc,phases,start] GC(29) Phase 2: Compute new object addresses
[1.005s][info][gc,phases      ] GC(29) Phase 2: Compute new object addresses 15.067ms
[1.005s][info][gc,phases,start] GC(29) Phase 3: Adjust pointers
[1.025s][info][gc,phases      ] GC(29) Phase 3: Adjust pointers 20.338ms
[1.025s][info][gc,phases,start] GC(29) Phase 4: Move objects
[1.025s][info][gc,phases      ] GC(29) Phase 4: Move objects 0.023ms
[1.025s][info][gc,heap        ] GC(29) DefNew: 30719K(30720K)->30719K(30720K) Eden: 27328K(27328K)->27328K(27328K) From: 3391K(3392K)->3391K(3392K)
[1.025s][info][gc,heap        ] GC(29) Tenured: 68287K(68288K)->68287K(68288K)
[1.025s][info][gc,metaspace   ] GC(29) Metaspace: 6295K(6464K)->6295K(6464K) NonClass: 5762K(5824K)->5762K(5824K) Class: 532K(640K)->532K(640K)
[1.025s][info][gc             ] GC(29) Pause Full (Allocation Failure) 96M->96M(96M) 80.934ms
[1.025s][info][gc,cpu         ] GC(29) User=0.08s Sys=0.00s Real=0.08s
[1.025s][info][gc,start       ] GC(30) Pause Full (Allocation Failure)
[1.025s][info][gc,phases,start] GC(30) Phase 1: Mark live objects
[1.071s][info][gc,phases      ] GC(30) Phase 1: Mark live objects 45.615ms
[1.071s][info][gc,phases,start] GC(30) Phase 2: Compute new object addresses
[1.086s][info][gc,phases      ] GC(30) Phase 2: Compute new object addresses 14.610ms
[1.086s][info][gc,phases,start] GC(30) Phase 3: Adjust pointers
[1.103s][info][gc,phases      ] GC(30) Phase 3: Adjust pointers 17.256ms
[1.103s][info][gc,phases,start] GC(30) Phase 4: Move objects
[1.103s][info][gc,phases      ] GC(30) Phase 4: Move objects 0.016ms
[1.103s][info][gc,heap        ] GC(30) DefNew: 30719K(30720K)->30719K(30720K) Eden: 27328K(27328K)->27328K(27328K) From: 3391K(3392K)->3391K(3392K)
[1.103s][info][gc,heap        ] GC(30) Tenured: 68287K(68288K)->68287K(68288K)
[1.103s][info][gc,metaspace   ] GC(30) Metaspace: 6295K(6464K)->6295K(6464K) NonClass: 5762K(5824K)->5762K(5824K) Class: 532K(640K)->532K(640K)
[1.103s][info][gc             ] GC(30) Pause Full (Allocation Failure) 96M->96M(96M) 77.826ms
[1.103s][info][gc,cpu         ] GC(30) User=0.06s Sys=0.00s Real=0.08s
[1.103s][info][gc,start       ] GC(31) Pause Full (Allocation Failure)
[1.104s][info][gc,phases,start] GC(31) Phase 1: Mark live objects
[1.145s][info][gc,phases      ] GC(31) Phase 1: Mark live objects 41.897ms
[1.145s][info][gc,phases,start] GC(31) Phase 2: Compute new object addresses
[1.161s][info][gc,phases      ] GC(31) Phase 2: Compute new object addresses 15.617ms
[1.161s][info][gc,phases,start] GC(31) Phase 3: Adjust pointers
[1.179s][info][gc,phases      ] GC(31) Phase 3: Adjust pointers 17.843ms
[1.179s][info][gc,phases,start] GC(31) Phase 4: Move objects
[1.179s][info][gc,phases      ] GC(31) Phase 4: Move objects 0.016ms
[1.179s][info][gc,heap        ] GC(31) DefNew: 30720K(30720K)->30719K(30720K) Eden: 27328K(27328K)->27328K(27328K) From: 3392K(3392K)->3391K(3392K)
[1.179s][info][gc,heap        ] GC(31) Tenured: 68287K(68288K)->68287K(68288K)
[1.179s][info][gc,metaspace   ] GC(31) Metaspace: 6295K(6464K)->6295K(6464K) NonClass: 5762K(5824K)->5762K(5824K) Class: 532K(640K)->532K(640K)
[1.179s][info][gc             ] GC(31) Pause Full (Allocation Failure) 96M->96M(96M) 75.706ms
[1.179s][info][gc,cpu         ] GC(31) User=0.06s Sys=0.00s Real=0.08s
[1.179s][info][gc,start       ] GC(32) Pause Full (Allocation Failure)
[1.179s][info][gc,phases,start] GC(32) Phase 1: Mark live objects
[1.220s][info][gc,phases      ] GC(32) Phase 1: Mark live objects 41.203ms
[1.221s][info][gc,phases,start] GC(32) Phase 2: Compute new object addresses
[1.235s][info][gc,phases      ] GC(32) Phase 2: Compute new object addresses 14.602ms
[1.235s][info][gc,phases,start] GC(32) Phase 3: Adjust pointers
[1.256s][info][gc,phases      ] GC(32) Phase 3: Adjust pointers 21.107ms
[1.256s][info][gc,phases,start] GC(32) Phase 4: Move objects
[1.272s][info][gc,phases      ] GC(32) Phase 4: Move objects 15.703ms
[1.272s][info][gc,heap        ] GC(32) DefNew: 30719K(30720K)->30718K(30720K) Eden: 27328K(27328K)->27328K(27328K) From: 3391K(3392K)->3390K(3392K)
[1.272s][info][gc,heap        ] GC(32) Tenured: 68287K(68288K)->68287K(68288K)
[1.272s][info][gc,metaspace   ] GC(32) Metaspace: 6295K(6464K)->6295K(6464K) NonClass: 5762K(5824K)->5762K(5824K) Class: 532K(640K)->532K(640K)
[1.272s][info][gc             ] GC(32) Pause Full (Allocation Failure) 96M->96M(96M) 93.034ms
[1.272s][info][gc,cpu         ] GC(32) User=0.09s Sys=0.00s Real=0.09s
[1.273s][info][gc,start       ] GC(33) Pause Full (Allocation Failure)
[1.273s][info][gc,phases,start] GC(33) Phase 1: Mark live objects
[1.315s][info][gc,phases      ] GC(33) Phase 1: Mark live objects 41.767ms
[1.315s][info][gc,phases,start] GC(33) Phase 2: Compute new object addresses
[1.330s][info][gc,phases      ] GC(33) Phase 2: Compute new object addresses 14.721ms
[1.330s][info][gc,phases,start] GC(33) Phase 3: Adjust pointers
[1.351s][info][gc,phases      ] GC(33) Phase 3: Adjust pointers 21.184ms
[1.351s][info][gc,phases,start] GC(33) Phase 4: Move objects
[1.366s][info][gc,phases      ] GC(33) Phase 4: Move objects 15.386ms
[1.367s][info][gc,heap        ] GC(33) DefNew: 30719K(30720K)->30716K(30720K) Eden: 27328K(27328K)->27328K(27328K) From: 3391K(3392K)->3388K(3392K)
[1.367s][info][gc,heap        ] GC(33) Tenured: 68287K(68288K)->68287K(68288K)
[1.367s][info][gc,metaspace   ] GC(33) Metaspace: 6297K(6464K)->6297K(6464K) NonClass: 5763K(5824K)->5763K(5824K) Class: 533K(640K)->533K(640K)
[1.367s][info][gc             ] GC(33) Pause Full (Allocation Failure) 96M->96M(96M) 93.515ms
[1.367s][info][gc,cpu         ] GC(33) User=0.08s Sys=0.00s Real=0.09s
[1.367s][info][gc,heap,exit   ] Heap
[1.367s][info][gc,heap,exit   ]  def new generation   total 30720K, used 30717K [0x00000000f9c00000, 0x00000000fbd50000, 0x00000000fbd50000)
[1.367s][info][gc,heap,exit   ]   eden space 27328K, 100% used [0x00000000f9c00000, 0x00000000fb6b0000, 0x00000000fb6b0000)
[1.367s][info][gc,heap,exit   ]   from space 3392K,  99% used [0x00000000fb6b0000, 0x00000000fb9ff5d0, 0x00000000fba00000)
[1.367s][info][gc,heap,exit   ]   to   space 3392K,   0% used [0x00000000fba00000, 0x00000000fba00000, 0x00000000fbd50000)
[1.367s][info][gc,heap,exit   ]  tenured generation   total 68288K, used 68287K [0x00000000fbd50000, 0x0000000100000000, 0x0000000100000000)
[1.367s][info][gc,heap,exit   ]    the space 68288K,  99% used [0x00000000fbd50000, 0x00000000ffffff78, 0x0000000100000000, 0x0000000100000000)
[1.367s][info][gc,heap,exit   ]  Metaspace       used 6300K, committed 6464K, reserved 1114112K
[1.367s][info][gc,heap,exit   ]   class space    used 534K, committed 640K, reserved 1048576K
