[0.023s][info][gc,init] CardTable entry size: 512
[0.023s][info][gc     ] Using Serial
[0.024s][info][gc,init] Version: 18.0.1+10 (release)
[0.024s][info][gc,init] CPUs: 8 total, 8 available
[0.024s][info][gc,init] Memory: 16063M
[0.024s][info][gc,init] Large Page Support: Disabled
[0.024s][info][gc,init] NUMA Support: Disabled
[0.024s][info][gc,init] Compressed Oops: Enabled (Zero based)
[0.024s][info][gc,init] Heap Min Capacity: 2M
[0.024s][info][gc,init] Heap Initial Capacity: 2M
[0.024s][info][gc,init] Heap Max Capacity: 14500M
[0.024s][info][gc,init] Pre-touch: Disabled
[0.024s][info][gc,metaspace] CDS archive(s) not mapped
[0.024s][info][gc,metaspace] Compressed class space mapped at: 0x0000000800000000-0x0000000840000000, reserved size: 1073741824
[0.024s][info][gc,metaspace] Narrow klass base: 0x0000000800000000, Narrow klass shift: 0, Narrow klass range: 0x40000000
[0.181s][info][gc,start    ] GC(0) Pause Young (Allocation Failure)
[0.182s][info][gc,heap     ] GC(0) DefNew: 1023K(1152K)->127K(1152K) Eden: 1023K(1024K)->0K(1024K) From: 0K(128K)->127K(128K)
[0.182s][info][gc,heap     ] GC(0) Tenured: 0K(768K)->439K(768K)
[0.182s][info][gc,metaspace] GC(0) Metaspace: 5898K(6016K)->5898K(6016K) NonClass: 5399K(5504K)->5399K(5504K) Class: 499K(512K)->499K(512K)
[0.182s][info][gc          ] GC(0) Pause Young (Allocation Failure) 0M->0M(1M) 1.700ms
[0.182s][info][gc,cpu      ] GC(0) User=0.00s Sys=0.00s Real=0.00s
[0.202s][info][gc,start    ] GC(1) Pause Young (Allocation Failure)
[0.203s][info][gc          ] GC(1) Pause Young (Allocation Failure) 1M->0M(2M) 1.197ms
[0.203s][info][gc,cpu      ] GC(1) User=0.00s Sys=0.00s Real=0.00s
[0.203s][info][gc,start    ] GC(2) Pause Full (Allocation Failure)
[0.203s][info][gc,phases,start] GC(2) Phase 1: Mark live objects
[0.204s][info][gc,phases      ] GC(2) Phase 1: Mark live objects 0.923ms
[0.204s][info][gc,phases,start] GC(2) Phase 2: Compute new object addresses
[0.204s][info][gc,phases      ] GC(2) Phase 2: Compute new object addresses 0.209ms
[0.205s][info][gc,phases,start] GC(2) Phase 3: Adjust pointers
[0.205s][info][gc,phases      ] GC(2) Phase 3: Adjust pointers 0.456ms
[0.205s][info][gc,phases,start] GC(2) Phase 4: Move objects
[0.205s][info][gc,phases      ] GC(2) Phase 4: Move objects 0.067ms
[0.205s][info][gc,heap        ] GC(2) DefNew: 1151K(1152K)->40K(1152K) Eden: 1024K(1024K)->40K(1024K) From: 127K(128K)->0K(128K)
[0.205s][info][gc,heap        ] GC(2) Tenured: 439K(768K)->959K(1600K)
[0.205s][info][gc,metaspace   ] GC(2) Metaspace: 6296K(6464K)->6296K(6464K) NonClass: 5763K(5824K)->5763K(5824K) Class: 533K(640K)->533K(640K)
[0.205s][info][gc             ] GC(2) Pause Full (Allocation Failure) 0M->0M(2M) 1.907ms
[0.205s][info][gc,cpu         ] GC(2) User=0.00s Sys=0.00s Real=0.00s
[0.207s][info][gc,start       ] GC(3) Pause Young (Allocation Failure)
[0.208s][info][gc,heap        ] GC(3) DefNew: 1024K(1152K)->127K(1152K) Eden: 1024K(1024K)->0K(1024K) From: 0K(128K)->127K(128K)
[0.208s][info][gc,heap        ] GC(3) Tenured: 959K(1600K)->1375K(1600K)
[0.208s][info][gc,metaspace   ] GC(3) Metaspace: 6296K(6464K)->6296K(6464K) NonClass: 5763K(5824K)->5763K(5824K) Class: 533K(640K)->533K(640K)
[0.209s][info][gc             ] GC(3) Pause Young (Allocation Failure) 1M->1M(2M) 1.551ms
[0.209s][info][gc,cpu         ] GC(3) User=0.00s Sys=0.00s Real=0.00s
[0.210s][info][gc,start       ] GC(4) Pause Young (Allocation Failure)
[0.211s][info][gc             ] GC(4) Pause Young (Allocation Failure) 2M->1M(3M) 1.096ms
[0.211s][info][gc,cpu         ] GC(4) User=0.00s Sys=0.00s Real=0.00s
[0.211s][info][gc,start       ] GC(5) Pause Full (Allocation Failure)
[0.211s][info][gc,phases,start] GC(5) Phase 1: Mark live objects
[0.213s][info][gc,phases      ] GC(5) Phase 1: Mark live objects 1.862ms
[0.213s][info][gc,phases,start] GC(5) Phase 2: Compute new object addresses
[0.214s][info][gc,phases      ] GC(5) Phase 2: Compute new object addresses 0.566ms
[0.214s][info][gc,phases,start] GC(5) Phase 3: Adjust pointers
[0.215s][info][gc,phases      ] GC(5) Phase 3: Adjust pointers 0.893ms
[0.215s][info][gc,phases,start] GC(5) Phase 4: Move objects
[0.215s][info][gc,phases      ] GC(5) Phase 4: Move objects 0.086ms
[0.215s][info][gc,heap        ] GC(5) DefNew: 1151K(1152K)->35K(1536K) Eden: 1024K(1024K)->35K(1408K) From: 127K(128K)->0K(128K)
[0.215s][info][gc,heap        ] GC(5) Tenured: 1375K(1600K)->1983K(3308K)
[0.215s][info][gc,metaspace   ] GC(5) Metaspace: 6296K(6464K)->6296K(6464K) NonClass: 5763K(5824K)->5763K(5824K) Class: 533K(640K)->533K(640K)
[0.215s][info][gc             ] GC(5) Pause Full (Allocation Failure) 1M->1M(4M) 3.846ms
[0.215s][info][gc,cpu         ] GC(5) User=0.00s Sys=0.00s Real=0.00s
[0.217s][info][gc,start       ] GC(6) Pause Young (Allocation Failure)
[0.218s][info][gc,heap        ] GC(6) DefNew: 1407K(1536K)->127K(1536K) Eden: 1407K(1408K)->0K(1408K) From: 0K(128K)->127K(128K)
[0.218s][info][gc,heap        ] GC(6) Tenured: 1983K(3308K)->2617K(3308K)
[0.218s][info][gc,metaspace   ] GC(6) Metaspace: 6296K(6464K)->6296K(6464K) NonClass: 5763K(5824K)->5763K(5824K) Class: 533K(640K)->533K(640K)
[0.218s][info][gc             ] GC(6) Pause Young (Allocation Failure) 3M->2M(4M) 1.827ms
[0.218s][info][gc,cpu         ] GC(6) User=0.00s Sys=0.00s Real=0.00s
[0.220s][info][gc,start       ] GC(7) Pause Young (Allocation Failure)
[0.222s][info][gc             ] GC(7) Pause Young (Allocation Failure) 4M->3M(4M) 1.616ms
[0.222s][info][gc,cpu         ] GC(7) User=0.00s Sys=0.00s Real=0.00s
[0.222s][info][gc,start       ] GC(8) Pause Full (Allocation Failure)
[0.222s][info][gc,phases,start] GC(8) Phase 1: Mark live objects
[0.224s][info][gc,phases      ] GC(8) Phase 1: Mark live objects 1.996ms
[0.224s][info][gc,phases,start] GC(8) Phase 2: Compute new object addresses
[0.225s][info][gc,phases      ] GC(8) Phase 2: Compute new object addresses 0.617ms
[0.225s][info][gc,phases,start] GC(8) Phase 3: Adjust pointers
[0.226s][info][gc,phases      ] GC(8) Phase 3: Adjust pointers 0.961ms
[0.226s][info][gc,phases,start] GC(8) Phase 4: Move objects
[0.226s][info][gc,phases      ] GC(8) Phase 4: Move objects 0.084ms
[0.226s][info][gc,heap        ] GC(8) DefNew: 1535K(1536K)->0K(2688K) Eden: 1408K(1408K)->0K(2432K) From: 127K(128K)->0K(256K)
[0.226s][info][gc,heap        ] GC(8) Tenured: 2617K(3308K)->3460K(5768K)
[0.226s][info][gc,metaspace   ] GC(8) Metaspace: 6296K(6464K)->6296K(6464K) NonClass: 5763K(5824K)->5763K(5824K) Class: 533K(640K)->533K(640K)
[0.226s][info][gc             ] GC(8) Pause Full (Allocation Failure) 3M->3M(8M) 3.966ms
[0.226s][info][gc,cpu         ] GC(8) User=0.00s Sys=0.00s Real=0.00s
[0.230s][info][gc,start       ] GC(9) Pause Young (Allocation Failure)
[0.233s][info][gc,heap        ] GC(9) DefNew: 2431K(2688K)->255K(2688K) Eden: 2431K(2432K)->0K(2432K) From: 0K(256K)->255K(256K)
[0.233s][info][gc,heap        ] GC(9) Tenured: 3460K(5768K)->4512K(5768K)
[0.233s][info][gc,metaspace   ] GC(9) Metaspace: 6296K(6464K)->6296K(6464K) NonClass: 5763K(5824K)->5763K(5824K) Class: 533K(640K)->533K(640K)
[0.233s][info][gc             ] GC(9) Pause Young (Allocation Failure) 5M->4M(8M) 2.841ms
[0.233s][info][gc,cpu         ] GC(9) User=0.00s Sys=0.00s Real=0.00s
[0.236s][info][gc,start       ] GC(10) Pause Young (Allocation Failure)
[0.239s][info][gc,heap        ] GC(10) DefNew: 2687K(2688K)->255K(2688K) Eden: 2432K(2432K)->0K(2432K) From: 255K(256K)->255K(256K)
[0.239s][info][gc,heap        ] GC(10) Tenured: 4512K(5768K)->5755K(5768K)
[0.239s][info][gc,metaspace   ] GC(10) Metaspace: 6296K(6464K)->6296K(6464K) NonClass: 5763K(5824K)->5763K(5824K) Class: 533K(640K)->533K(640K)
[0.239s][info][gc             ] GC(10) Pause Young (Allocation Failure) 7M->5M(8M) 3.078ms
[0.239s][info][gc,cpu         ] GC(10) User=0.00s Sys=0.00s Real=0.00s
[0.243s][info][gc,start       ] GC(11) Pause Young (Allocation Failure)
[0.247s][info][gc             ] GC(11) Pause Young (Allocation Failure) 8M->7M(9M) 4.176ms
[0.247s][info][gc,cpu         ] GC(11) User=0.00s Sys=0.00s Real=0.00s
[0.247s][info][gc,start       ] GC(12) Pause Full (Allocation Failure)
[0.247s][info][gc,phases,start] GC(12) Phase 1: Mark live objects
[0.252s][info][gc,phases      ] GC(12) Phase 1: Mark live objects 5.484ms
[0.252s][info][gc,phases,start] GC(12) Phase 2: Compute new object addresses
[0.254s][info][gc,phases      ] GC(12) Phase 2: Compute new object addresses 1.364ms
[0.254s][info][gc,phases,start] GC(12) Phase 3: Adjust pointers
[0.256s][info][gc,phases      ] GC(12) Phase 3: Adjust pointers 1.925ms
[0.256s][info][gc,phases,start] GC(12) Phase 4: Move objects
[0.257s][info][gc,phases      ] GC(12) Phase 4: Move objects 1.236ms
[0.257s][info][gc,heap        ] GC(12) DefNew: 2687K(2688K)->0K(5376K) Eden: 2432K(2432K)->0K(4800K) From: 255K(256K)->0K(576K)
[0.257s][info][gc,heap        ] GC(12) Tenured: 5755K(5768K)->7132K(11888K)
[0.257s][info][gc,metaspace   ] GC(12) Metaspace: 6296K(6464K)->6296K(6464K) NonClass: 5763K(5824K)->5763K(5824K) Class: 533K(640K)->533K(640K)
[0.257s][info][gc             ] GC(12) Pause Full (Allocation Failure) 7M->6M(16M) 10.626ms
[0.257s][info][gc,cpu         ] GC(12) User=0.00s Sys=0.00s Real=0.01s
[0.263s][info][gc,start       ] GC(13) Pause Young (Allocation Failure)
[0.268s][info][gc,heap        ] GC(13) DefNew: 4800K(5376K)->575K(5376K) Eden: 4800K(4800K)->0K(4800K) From: 0K(576K)->575K(576K)
[0.268s][info][gc,heap        ] GC(13) Tenured: 7132K(11888K)->9027K(11888K)
[0.268s][info][gc,metaspace   ] GC(13) Metaspace: 6296K(6464K)->6296K(6464K) NonClass: 5763K(5824K)->5763K(5824K) Class: 533K(640K)->533K(640K)
[0.268s][info][gc             ] GC(13) Pause Young (Allocation Failure) 11M->9M(16M) 5.459ms
[0.268s][info][gc,cpu         ] GC(13) User=0.00s Sys=0.00s Real=0.01s
[0.273s][info][gc,start       ] GC(14) Pause Young (Allocation Failure)
[0.280s][info][gc,heap        ] GC(14) DefNew: 5375K(5376K)->576K(5376K) Eden: 4800K(4800K)->0K(4800K) From: 575K(576K)->576K(576K)
[0.280s][info][gc,heap        ] GC(14) Tenured: 9027K(11888K)->11746K(11888K)
[0.280s][info][gc,metaspace   ] GC(14) Metaspace: 6296K(6464K)->6296K(6464K) NonClass: 5763K(5824K)->5763K(5824K) Class: 533K(640K)->533K(640K)
[0.280s][info][gc             ] GC(14) Pause Young (Allocation Failure) 14M->12M(16M) 6.506ms
[0.280s][info][gc,cpu         ] GC(14) User=0.02s Sys=0.00s Real=0.01s
[0.284s][info][gc,start       ] GC(15) Pause Young (Allocation Failure)
[0.290s][info][gc             ] GC(15) Pause Young (Allocation Failure) 16M->14M(19M) 5.804ms
[0.290s][info][gc,cpu         ] GC(15) User=0.00s Sys=0.00s Real=0.01s
[0.290s][info][gc,start       ] GC(16) Pause Full (Allocation Failure)
[0.290s][info][gc,phases,start] GC(16) Phase 1: Mark live objects
[0.297s][info][gc,phases      ] GC(16) Phase 1: Mark live objects 7.598ms
[0.297s][info][gc,phases,start] GC(16) Phase 2: Compute new object addresses
[0.300s][info][gc,phases      ] GC(16) Phase 2: Compute new object addresses 2.491ms
[0.300s][info][gc,phases,start] GC(16) Phase 3: Adjust pointers
[0.303s][info][gc,phases      ] GC(16) Phase 3: Adjust pointers 3.220ms
[0.303s][info][gc,phases,start] GC(16) Phase 4: Move objects
[0.304s][info][gc,phases      ] GC(16) Phase 4: Move objects 0.186ms
[0.304s][info][gc,heap        ] GC(16) DefNew: 5376K(5376K)->386K(10880K) Eden: 4800K(4800K)->386K(9728K) From: 576K(576K)->0K(1152K)
[0.304s][info][gc,heap        ] GC(16) Tenured: 11746K(11888K)->14384K(23976K)
[0.304s][info][gc,metaspace   ] GC(16) Metaspace: 6298K(6464K)->6298K(6464K) NonClass: 5765K(5824K)->5765K(5824K) Class: 533K(640K)->533K(640K)
[0.304s][info][gc             ] GC(16) Pause Full (Allocation Failure) 14M->14M(34M) 13.885ms
[0.304s][info][gc,cpu         ] GC(16) User=0.02s Sys=0.00s Real=0.01s
[0.311s][info][gc,start       ] GC(17) Pause Young (Allocation Failure)
[0.324s][info][gc,heap        ] GC(17) DefNew: 9728K(10880K)->1151K(10880K) Eden: 9728K(9728K)->0K(9728K) From: 0K(1152K)->1151K(1152K)
[0.324s][info][gc,heap        ] GC(17) Tenured: 14384K(23976K)->18415K(23976K)
[0.324s][info][gc,metaspace   ] GC(17) Metaspace: 6298K(6464K)->6298K(6464K) NonClass: 5765K(5824K)->5765K(5824K) Class: 533K(640K)->533K(640K)
[0.324s][info][gc             ] GC(17) Pause Young (Allocation Failure) 23M->19M(34M) 12.958ms
[0.324s][info][gc,cpu         ] GC(17) User=0.00s Sys=0.00s Real=0.01s
[0.331s][info][gc,start       ] GC(18) Pause Young (Allocation Failure)
[0.343s][info][gc,heap        ] GC(18) DefNew: 10879K(10880K)->1151K(10880K) Eden: 9728K(9728K)->0K(9728K) From: 1151K(1152K)->1151K(1152K)
[0.343s][info][gc,heap        ] GC(18) Tenured: 18415K(23976K)->23936K(23976K)
[0.343s][info][gc,metaspace   ] GC(18) Metaspace: 6298K(6464K)->6298K(6464K) NonClass: 5765K(5824K)->5765K(5824K) Class: 533K(640K)->533K(640K)
[0.343s][info][gc             ] GC(18) Pause Young (Allocation Failure) 28M->24M(34M) 12.327ms
[0.343s][info][gc,cpu         ] GC(18) User=0.00s Sys=0.00s Real=0.01s
[0.349s][info][gc,start       ] GC(19) Pause Young (Allocation Failure)
[0.360s][info][gc             ] GC(19) Pause Young (Allocation Failure) 34M->29M(38M) 11.183ms
[0.360s][info][gc,cpu         ] GC(19) User=0.02s Sys=0.00s Real=0.01s
[0.360s][info][gc,start       ] GC(20) Pause Full (Allocation Failure)
[0.360s][info][gc,phases,start] GC(20) Phase 1: Mark live objects
[0.374s][info][gc,phases      ] GC(20) Phase 1: Mark live objects 14.011ms
[0.374s][info][gc,phases,start] GC(20) Phase 2: Compute new object addresses
[0.379s][info][gc,phases      ] GC(20) Phase 2: Compute new object addresses 5.019ms
[0.379s][info][gc,phases,start] GC(20) Phase 3: Adjust pointers
[0.385s][info][gc,phases      ] GC(20) Phase 3: Adjust pointers 5.959ms
[0.385s][info][gc,phases,start] GC(20) Phase 4: Move objects
[0.385s][info][gc,phases      ] GC(20) Phase 4: Move objects 0.196ms
[0.385s][info][gc,heap        ] GC(20) DefNew: 10879K(10880K)->1080K(21888K) Eden: 9728K(9728K)->1080K(19520K) From: 1151K(1152K)->0K(2368K)
[0.385s][info][gc,heap        ] GC(20) Tenured: 23936K(23976K)->29036K(48396K)
[0.385s][info][gc,metaspace   ] GC(20) Metaspace: 6298K(6464K)->6298K(6464K) NonClass: 5765K(5824K)->5765K(5824K) Class: 533K(640K)->533K(640K)
[0.385s][info][gc             ] GC(20) Pause Full (Allocation Failure) 29M->29M(68M) 25.640ms
[0.385s][info][gc,cpu         ] GC(20) User=0.02s Sys=0.00s Real=0.02s
[0.403s][info][gc,start       ] GC(21) Pause Young (Allocation Failure)
[0.430s][info][gc,heap        ] GC(21) DefNew: 19520K(21888K)->2368K(21888K) Eden: 19520K(19520K)->0K(19520K) From: 0K(2368K)->2368K(2368K)
[0.430s][info][gc,heap        ] GC(21) Tenured: 29036K(48396K)->39354K(48396K)
[0.430s][info][gc,metaspace   ] GC(21) Metaspace: 6298K(6464K)->6298K(6464K) NonClass: 5765K(5824K)->5765K(5824K) Class: 533K(640K)->533K(640K)
[0.430s][info][gc             ] GC(21) Pause Young (Allocation Failure) 47M->40M(68M) 27.104ms
[0.430s][info][gc,cpu         ] GC(21) User=0.02s Sys=0.00s Real=0.03s
[0.449s][info][gc,start       ] GC(22) Pause Young (Allocation Failure)
[0.485s][info][gc             ] GC(22) Pause Young (Allocation Failure) 59M->59M(78M) 36.133ms
[0.485s][info][gc,cpu         ] GC(22) User=0.00s Sys=0.03s Real=0.04s
[0.485s][info][gc,start       ] GC(23) Pause Full (Allocation Failure)
[0.485s][info][gc,phases,start] GC(23) Phase 1: Mark live objects
[0.510s][info][gc,phases      ] GC(23) Phase 1: Mark live objects 24.544ms
[0.510s][info][gc,phases,start] GC(23) Phase 2: Compute new object addresses
[0.519s][info][gc,phases      ] GC(23) Phase 2: Compute new object addresses 9.476ms
[0.519s][info][gc,phases,start] GC(23) Phase 3: Adjust pointers
[0.530s][info][gc,phases      ] GC(23) Phase 3: Adjust pointers 10.689ms
[0.530s][info][gc,phases,start] GC(23) Phase 4: Move objects
[0.530s][info][gc,phases      ] GC(23) Phase 4: Move objects 0.366ms
[0.531s][info][gc,heap        ] GC(23) DefNew: 21888K(21888K)->2254K(44288K) Eden: 19520K(19520K)->2254K(39424K) From: 2368K(2368K)->0K(4864K)
[0.531s][info][gc,heap        ] GC(23) Tenured: 39354K(48396K)->58955K(98260K)
[0.531s][info][gc,metaspace   ] GC(23) Metaspace: 6298K(6464K)->6298K(6464K) NonClass: 5765K(5824K)->5765K(5824K) Class: 533K(640K)->533K(640K)
[0.531s][info][gc             ] GC(23) Pause Full (Allocation Failure) 59M->59M(139M) 45.741ms
[0.531s][info][gc,cpu         ] GC(23) User=0.05s Sys=0.00s Real=0.05s
[0.572s][info][gc,start       ] GC(24) Pause Young (Allocation Failure)
[0.633s][info][gc,heap        ] GC(24) DefNew: 39424K(44288K)->4863K(44288K) Eden: 39424K(39424K)->0K(39424K) From: 0K(4864K)->4863K(4864K)
[0.633s][info][gc,heap        ] GC(24) Tenured: 58955K(98260K)->93487K(98260K)
[0.633s][info][gc,metaspace   ] GC(24) Metaspace: 6298K(6464K)->6298K(6464K) NonClass: 5765K(5824K)->5765K(5824K) Class: 533K(640K)->533K(640K)
[0.633s][info][gc             ] GC(24) Pause Young (Allocation Failure) 96M->96M(139M) 61.177ms
[0.633s][info][gc,cpu         ] GC(24) User=0.03s Sys=0.02s Real=0.06s
[0.664s][info][gc,start       ] GC(25) Pause Young (Allocation Failure)
[0.736s][info][gc             ] GC(25) Pause Young (Allocation Failure) 134M->134M(173M) 71.106ms
[0.736s][info][gc,cpu         ] GC(25) User=0.06s Sys=0.00s Real=0.07s
[0.736s][info][gc,start       ] GC(26) Pause Full (Allocation Failure)
[0.736s][info][gc,phases,start] GC(26) Phase 1: Mark live objects
[0.792s][info][gc,phases      ] GC(26) Phase 1: Mark live objects 56.165ms
[0.792s][info][gc,phases,start] GC(26) Phase 2: Compute new object addresses
[0.817s][info][gc,phases      ] GC(26) Phase 2: Compute new object addresses 25.364ms
[0.817s][info][gc,phases,start] GC(26) Phase 3: Adjust pointers
[0.847s][info][gc,phases      ] GC(26) Phase 3: Adjust pointers 29.397ms
[0.847s][info][gc,phases,start] GC(26) Phase 4: Move objects
[0.873s][info][gc,phases      ] GC(26) Phase 4: Move objects 26.231ms
[0.873s][info][gc,heap        ] GC(26) DefNew: 44287K(44288K)->1014K(99712K) Eden: 39424K(39424K)->1014K(88640K) From: 4863K(4864K)->0K(11072K)
[0.874s][info][gc,heap        ] GC(26) Tenured: 93487K(98260K)->132887K(221480K)
[0.874s][info][gc,metaspace   ] GC(26) Metaspace: 6298K(6464K)->6298K(6464K) NonClass: 5765K(5824K)->5765K(5824K) Class: 533K(640K)->533K(640K)
[0.874s][info][gc             ] GC(26) Pause Full (Allocation Failure) 134M->130M(313M) 137.961ms
[0.874s][info][gc,cpu         ] GC(26) User=0.14s Sys=0.00s Real=0.14s
[0.968s][info][gc,start       ] GC(27) Pause Young (Allocation Failure)
[1.115s][info][gc,heap        ] GC(27) DefNew: 88640K(99712K)->11072K(99712K) Eden: 88640K(88640K)->0K(88640K) From: 0K(11072K)->11072K(11072K)
[1.115s][info][gc,heap        ] GC(27) Tenured: 132887K(221480K)->210424K(221480K)
[1.115s][info][gc,metaspace   ] GC(27) Metaspace: 6298K(6464K)->6298K(6464K) NonClass: 5765K(5824K)->5765K(5824K) Class: 533K(640K)->533K(640K)
[1.115s][info][gc             ] GC(27) Pause Young (Allocation Failure) 216M->216M(313M) 147.805ms
[1.116s][info][gc,cpu         ] GC(27) User=0.11s Sys=0.03s Real=0.15s
[1.197s][info][gc,start       ] GC(28) Pause Young (Allocation Failure)
[1.372s][info][gc             ] GC(28) Pause Young (Allocation Failure) 302M->302M(389M) 175.061ms
[1.372s][info][gc,cpu         ] GC(28) User=0.12s Sys=0.03s Real=0.18s
[1.372s][info][gc,start       ] GC(29) Pause Full (Allocation Failure)
[1.372s][info][gc,phases,start] GC(29) Phase 1: Mark live objects
[1.509s][info][gc,phases      ] GC(29) Phase 1: Mark live objects 136.511ms
[1.509s][info][gc,phases,start] GC(29) Phase 2: Compute new object addresses
[1.562s][info][gc,phases      ] GC(29) Phase 2: Compute new object addresses 53.418ms
[1.562s][info][gc,phases,start] GC(29) Phase 3: Adjust pointers
[1.620s][info][gc,phases      ] GC(29) Phase 3: Adjust pointers 57.553ms
[1.620s][info][gc,phases,start] GC(29) Phase 4: Move objects
[1.622s][info][gc,phases      ] GC(29) Phase 4: Move objects 2.396ms
[1.623s][info][gc,heap        ] GC(29) DefNew: 99712K(99712K)->11058K(224320K) Eden: 88640K(88640K)->11058K(199424K) From: 11072K(11072K)->0K(24896K)
[1.623s][info][gc,heap        ] GC(29) Tenured: 210424K(221480K)->299047K(498416K)
[1.623s][info][gc,metaspace   ] GC(29) Metaspace: 6298K(6464K)->6298K(6464K) NonClass: 5765K(5824K)->5765K(5824K) Class: 533K(640K)->533K(640K)
[1.623s][info][gc             ] GC(29) Pause Full (Allocation Failure) 302M->302M(705M) 251.109ms
[1.623s][info][gc,cpu         ] GC(29) User=0.25s Sys=0.00s Real=0.25s
[1.839s][info][gc,start       ] GC(30) Pause Young (Allocation Failure)
[2.192s][info][gc,heap        ] GC(30) DefNew: 199424K(224320K)->24895K(224320K) Eden: 199424K(199424K)->0K(199424K) From: 0K(24896K)->24895K(24896K)
[2.192s][info][gc,heap        ] GC(30) Tenured: 299047K(498416K)->473550K(498416K)
[2.192s][info][gc,metaspace   ] GC(30) Metaspace: 6298K(6464K)->6298K(6464K) NonClass: 5765K(5824K)->5765K(5824K) Class: 533K(640K)->533K(640K)
[2.192s][info][gc             ] GC(30) Pause Young (Allocation Failure) 486M->486M(705M) 353.408ms
[2.192s][info][gc,cpu         ] GC(30) User=0.28s Sys=0.03s Real=0.35s
[2.373s][info][gc,start       ] GC(31) Pause Young (Allocation Failure)
[2.763s][info][gc             ] GC(31) Pause Young (Allocation Failure) 681M->681M(876M) 389.737ms
[2.763s][info][gc,cpu         ] GC(31) User=0.36s Sys=0.02s Real=0.39s
[2.763s][info][gc,start       ] GC(32) Pause Full (Allocation Failure)
[2.763s][info][gc,phases,start] GC(32) Phase 1: Mark live objects
[3.103s][info][gc,phases      ] GC(32) Phase 1: Mark live objects 340.484ms
[3.103s][info][gc,phases,start] GC(32) Phase 2: Compute new object addresses
[3.242s][info][gc,phases      ] GC(32) Phase 2: Compute new object addresses 138.328ms
[3.242s][info][gc,phases,start] GC(32) Phase 3: Adjust pointers
[3.374s][info][gc,phases      ] GC(32) Phase 3: Adjust pointers 132.359ms
[3.374s][info][gc,phases,start] GC(32) Phase 4: Move objects
[3.381s][info][gc,phases      ] GC(32) Phase 4: Move objects 6.296ms
[3.383s][info][gc,heap        ] GC(32) DefNew: 224319K(224320K)->24828K(504832K) Eden: 199424K(199424K)->24828K(448768K) From: 24895K(24896K)->0K(56064K)
[3.383s][info][gc,heap        ] GC(32) Tenured: 473550K(498416K)->673011K(1121688K)
[3.383s][info][gc,metaspace   ] GC(32) Metaspace: 6298K(6464K)->6298K(6464K) NonClass: 5765K(5824K)->5765K(5824K) Class: 533K(640K)->533K(640K)
[3.383s][info][gc             ] GC(32) Pause Full (Allocation Failure) 681M->681M(1588M) 619.897ms
[3.383s][info][gc,cpu         ] GC(32) User=0.61s Sys=0.00s Real=0.62s
[3.854s][info][gc,start       ] GC(33) Pause Young (Allocation Failure)
[4.644s][info][gc,heap        ] GC(33) DefNew: 448768K(504832K)->56064K(504832K) Eden: 448768K(448768K)->0K(448768K) From: 0K(56064K)->56064K(56064K)
[4.644s][info][gc,heap        ] GC(33) Tenured: 673011K(1121688K)->1065690K(1121688K)
[4.644s][info][gc,metaspace   ] GC(33) Metaspace: 6298K(6464K)->6298K(6464K) NonClass: 5765K(5824K)->5765K(5824K) Class: 533K(640K)->533K(640K)
[4.645s][info][gc             ] GC(33) Pause Young (Allocation Failure) 1095M->1095M(1588M) 790.564ms
[4.645s][info][gc,cpu         ] GC(33) User=0.72s Sys=0.08s Real=0.79s
[5.125s][info][gc,start       ] GC(34) Pause Young (Allocation Failure)
[5.848s][info][gc             ] GC(34) Pause Young (Allocation Failure) 1533M->1477M(1915M) 722.888ms
[5.848s][info][gc,cpu         ] GC(34) User=0.59s Sys=0.12s Real=0.72s
[5.848s][info][gc,start       ] GC(35) Pause Full (Allocation Failure)
[5.848s][info][gc,phases,start] GC(35) Phase 1: Mark live objects
[6.556s][info][gc,phases      ] GC(35) Phase 1: Mark live objects 708.605ms
[6.557s][info][gc,phases,start] GC(35) Phase 2: Compute new object addresses
[6.782s][info][gc,phases      ] GC(35) Phase 2: Compute new object addresses 225.508ms
[6.782s][info][gc,phases,start] GC(35) Phase 3: Adjust pointers
[7.060s][info][gc,phases      ] GC(35) Phase 3: Adjust pointers 277.898ms
[7.060s][info][gc,phases,start] GC(35) Phase 4: Move objects
[7.073s][info][gc,phases      ] GC(35) Phase 4: Move objects 13.298ms
[7.078s][info][gc,heap        ] GC(35) DefNew: 504832K(504832K)->55970K(1092672K) Eden: 448768K(448768K)->55970K(971328K) From: 56064K(56064K)->0K(121344K)
[7.078s][info][gc,heap        ] GC(35) Tenured: 1065690K(1121688K)->1456796K(2427996K)
[7.078s][info][gc,metaspace   ] GC(35) Metaspace: 6298K(6464K)->6298K(6464K) NonClass: 5765K(5824K)->5765K(5824K) Class: 533K(640K)->533K(640K)
[7.078s][info][gc             ] GC(35) Pause Full (Allocation Failure) 1477M->1477M(3438M) 1230.443ms
[7.078s][info][gc,cpu         ] GC(35) User=1.12s Sys=0.02s Real=1.23s
[8.085s][info][gc,start       ] GC(36) Pause Young (Allocation Failure)
[9.887s][info][gc,heap        ] GC(36) DefNew: 971328K(1092672K)->121344K(1092672K) Eden: 971328K(971328K)->0K(971328K) From: 0K(121344K)->121344K(121344K)
[9.887s][info][gc,heap        ] GC(36) Tenured: 1456796K(2427996K)->2306751K(2427996K)
[9.887s][info][gc,metaspace   ] GC(36) Metaspace: 6298K(6464K)->6298K(6464K) NonClass: 5765K(5824K)->5765K(5824K) Class: 533K(640K)->533K(640K)
[9.887s][info][gc             ] GC(36) Pause Young (Allocation Failure) 2371M->2371M(3438M) 1801.722ms
[9.887s][info][gc,cpu         ] GC(36) User=1.47s Sys=0.34s Real=1.80s
[10.868s][info][gc,start       ] GC(37) Pause Young (Allocation Failure)
[12.577s][info][gc             ] GC(37) Pause Young (Allocation Failure) 3319M->3319M(4268M) 1709.122ms
[12.577s][info][gc,cpu         ] GC(37) User=1.36s Sys=0.34s Real=1.71s
[12.577s][info][gc,start       ] GC(38) Pause Full (Allocation Failure)
[12.577s][info][gc,phases,start] GC(38) Phase 1: Mark live objects
[14.098s][info][gc,phases      ] GC(38) Phase 1: Mark live objects 1520.389ms
[14.098s][info][gc,phases,start] GC(38) Phase 2: Compute new object addresses
[14.607s][info][gc,phases      ] GC(38) Phase 2: Compute new object addresses 508.960ms
[14.607s][info][gc,phases,start] GC(38) Phase 3: Adjust pointers
[15.273s][info][gc,phases      ] GC(38) Phase 3: Adjust pointers 666.329ms
[15.273s][info][gc,phases,start] GC(38) Phase 4: Move objects
[15.910s][info][gc,phases      ] GC(38) Phase 4: Move objects 636.762ms
[15.921s][info][gc,heap        ] GC(38) DefNew: 1092672K(1092672K)->27071K(2458624K) Eden: 971328K(971328K)->27071K(2185472K) From: 121344K(121344K)->0K(273152K)
[15.921s][info][gc,heap        ] GC(38) Tenured: 2306751K(2427996K)->3278111K(5463520K)
[15.921s][info][gc,metaspace   ] GC(38) Metaspace: 6298K(6464K)->6298K(6464K) NonClass: 5765K(5824K)->5765K(5824K) Class: 533K(640K)->533K(640K)
[15.921s][info][gc             ] GC(38) Pause Full (Allocation Failure) 3319M->3227M(7736M) 3343.789ms
[15.921s][info][gc,cpu         ] GC(38) User=3.33s Sys=0.02s Real=3.34s
[18.168s][info][gc,start       ] GC(39) Pause Young (Allocation Failure)
[21.975s][info][gc,heap        ] GC(39) DefNew: 2185472K(2458624K)->273151K(2458624K) Eden: 2185472K(2185472K)->0K(2185472K) From: 0K(273152K)->273151K(273152K)
[21.975s][info][gc,heap        ] GC(39) Tenured: 3278111K(5463520K)->5190396K(5463520K)
[21.975s][info][gc,metaspace   ] GC(39) Metaspace: 6298K(6464K)->6298K(6464K) NonClass: 5765K(5824K)->5765K(5824K) Class: 533K(640K)->533K(640K)
[21.975s][info][gc             ] GC(39) Pause Young (Allocation Failure) 5335M->5335M(7736M) 3807.194ms
[21.975s][info][gc,cpu         ] GC(39) User=3.27s Sys=0.52s Real=3.81s
[24.047s][info][gc,start       ] GC(40) Pause Young (Allocation Failure)
[27.867s][info][gc             ] GC(40) Pause Young (Allocation Failure) 7469M->7469M(9604M) 3820.841ms
[27.868s][info][gc,cpu         ] GC(40) User=3.23s Sys=0.55s Real=3.82s
[27.868s][info][gc,start       ] GC(41) Pause Full (Allocation Failure)
[27.868s][info][gc,phases,start] GC(41) Phase 1: Mark live objects
[31.415s][info][gc,phases      ] GC(41) Phase 1: Mark live objects 3547.257ms
[31.415s][info][gc,phases,start] GC(41) Phase 2: Compute new object addresses
[32.630s][info][gc,phases      ] GC(41) Phase 2: Compute new object addresses 1214.877ms
[32.630s][info][gc,phases,start] GC(41) Phase 3: Adjust pointers
[33.993s][info][gc,phases      ] GC(41) Phase 3: Adjust pointers 1362.998ms
[33.993s][info][gc,phases,start] GC(41) Phase 4: Move objects
[34.051s][info][gc,phases      ] GC(41) Phase 4: Move objects 58.413ms
[34.062s][info][gc,heap        ] GC(41) DefNew: 2458623K(2458624K)->273086K(4454400K) Eden: 2185472K(2185472K)->273086K(3959488K) From: 273151K(273152K)->0K(494912K)
[34.063s][info][gc,heap        ] GC(41) Tenured: 5190396K(5463520K)->7375907K(9898688K)
[34.063s][info][gc,metaspace   ] GC(41) Metaspace: 6298K(6464K)->6298K(6464K) NonClass: 5765K(5824K)->5765K(5824K) Class: 533K(640K)->533K(640K)
[34.063s][info][gc             ] GC(41) Pause Full (Allocation Failure) 7469M->7469M(14016M) 6195.041ms
[34.063s][info][gc,cpu         ] GC(41) User=6.19s Sys=0.02s Real=6.19s
[37.701s][info][gc,start       ] GC(42) Pause Young (Allocation Failure)
[46.438s][info][gc,promotion   ] GC(42) Promotion failed
[46.438s][info][gc             ] GC(42) Pause Young (Allocation Failure) 11069M->14016M(14016M) 8736.855ms
[46.438s][info][gc,cpu         ] GC(42) User=7.34s Sys=1.14s Real=8.74s
[46.438s][info][gc,start       ] GC(43) Pause Full (Allocation Failure)
[46.438s][info][gc,phases,start] GC(43) Phase 1: Mark live objects
[57.312s][info][gc,phases      ] GC(43) Phase 1: Mark live objects 10873.382ms
[57.312s][info][gc,phases,start] GC(43) Phase 2: Compute new object addresses
[60.390s][info][gc,phases      ] GC(43) Phase 2: Compute new object addresses 3078.308ms
[60.390s][info][gc,phases,start] GC(43) Phase 3: Adjust pointers
[63.460s][info][gc,phases      ] GC(43) Phase 3: Adjust pointers 3070.017ms
[63.460s][info][gc,phases,start] GC(43) Phase 4: Move objects
[64.109s][info][gc,phases      ] GC(43) Phase 4: Move objects 648.403ms
[64.127s][info][gc,heap        ] GC(43) DefNew: 3959488K(4454400K)->1436680K(4454400K) Eden: 3959488K(3959488K)->1436680K(3959488K) From: 0K(494912K)->0K(494912K)
[64.127s][info][gc,heap        ] GC(43) Tenured: 7375907K(9898688K)->9898687K(9898688K)
[64.127s][info][gc,metaspace   ] GC(43) Metaspace: 6298K(6464K)->6298K(6464K) NonClass: 5765K(5824K)->5765K(5824K) Class: 533K(640K)->533K(640K)
[64.127s][info][gc             ] GC(43) Pause Full (Allocation Failure) 14016M->11069M(14016M) 17689.148ms
[64.127s][info][gc,cpu         ] GC(43) User=10.00s Sys=2.91s Real=17.69s
[68.170s][info][gc,start       ] GC(44) Pause Full (Allocation Failure)
[68.171s][info][gc,phases,start] GC(44) Phase 1: Mark live objects
[76.600s][info][gc,phases      ] GC(44) Phase 1: Mark live objects 8428.980ms
[76.600s][info][gc,phases,start] GC(44) Phase 2: Compute new object addresses
[79.319s][info][gc,phases      ] GC(44) Phase 2: Compute new object addresses 2718.611ms
[79.319s][info][gc,phases,start] GC(44) Phase 3: Adjust pointers
[82.444s][info][gc,phases      ] GC(44) Phase 3: Adjust pointers 3125.109ms
[82.444s][info][gc,phases,start] GC(44) Phase 4: Move objects
[82.877s][info][gc,phases      ] GC(44) Phase 4: Move objects 433.070ms
[82.881s][info][gc,heap        ] GC(44) DefNew: 4454399K(4454400K)->4454384K(4454400K) Eden: 3959488K(3959488K)->3959487K(3959488K) From: 494911K(494912K)->494896K(494912K)
[82.881s][info][gc,heap        ] GC(44) Tenured: 9898687K(9898688K)->9898687K(9898688K)
[82.881s][info][gc,metaspace   ] GC(44) Metaspace: 6298K(6464K)->6298K(6464K) NonClass: 5765K(5824K)->5765K(5824K) Class: 533K(640K)->533K(640K)
[82.881s][info][gc             ] GC(44) Pause Full (Allocation Failure) 14016M->14016M(14016M) 14711.668ms
[82.881s][info][gc,cpu         ] GC(44) User=12.08s Sys=1.59s Real=14.71s
[82.882s][info][gc,start       ] GC(45) Pause Full (Allocation Failure)
[82.882s][info][gc,phases,start] GC(45) Phase 1: Mark live objects
[89.664s][info][gc,phases      ] GC(45) Phase 1: Mark live objects 6782.775ms
[89.665s][info][gc,phases,start] GC(45) Phase 2: Compute new object addresses
[92.212s][info][gc,phases      ] GC(45) Phase 2: Compute new object addresses 2547.651ms
[92.212s][info][gc,phases,start] GC(45) Phase 3: Adjust pointers
[95.453s][info][gc,phases      ] GC(45) Phase 3: Adjust pointers 3240.745ms
[95.453s][info][gc,phases,start] GC(45) Phase 4: Move objects
[101.721s][info][gc,phases      ] GC(45) Phase 4: Move objects 6266.339ms
[101.734s][info][gc,heap        ] GC(45) DefNew: 4454399K(4454400K)->4061184K(4454400K) Eden: 3959487K(3959488K)->3959487K(3959488K) From: 494911K(494912K)->101696K(494912K)
[101.735s][info][gc,heap        ] GC(45) Tenured: 9898687K(9898688K)->9898687K(9898688K)
[101.735s][info][gc,metaspace   ] GC(45) Metaspace: 6298K(6464K)->6298K(6464K) NonClass: 5765K(5824K)->5765K(5824K) Class: 533K(640K)->533K(640K)
[101.736s][info][gc             ] GC(45) Pause Full (Allocation Failure) 14016M->13632M(14016M) 18853.865ms
[101.736s][info][gc,cpu         ] GC(45) User=15.08s Sys=2.75s Real=18.85s
[102.928s][info][gc,start       ] GC(46) Pause Full (Allocation Failure)
[102.928s][info][gc,phases,start] GC(46) Phase 1: Mark live objects
[113.779s][info][gc,phases      ] GC(46) Phase 1: Mark live objects 10850.652ms
[113.779s][info][gc,phases,start] GC(46) Phase 2: Compute new object addresses
[118.721s][info][gc,phases      ] GC(46) Phase 2: Compute new object addresses 4941.580ms
[118.721s][info][gc,phases,start] GC(46) Phase 3: Adjust pointers
[123.965s][info][gc,phases      ] GC(46) Phase 3: Adjust pointers 5243.514ms
[123.965s][info][gc,phases,start] GC(46) Phase 4: Move objects
[123.965s][info][gc,phases      ] GC(46) Phase 4: Move objects 0.030ms
[123.986s][info][gc,heap        ] GC(46) DefNew: 4454399K(4454400K)->4454399K(4454400K) Eden: 3959487K(3959488K)->3959487K(3959488K) From: 494911K(494912K)->494911K(494912K)
[123.986s][info][gc,heap        ] GC(46) Tenured: 9898687K(9898688K)->9898687K(9898688K)
[123.986s][info][gc,metaspace   ] GC(46) Metaspace: 6298K(6464K)->6298K(6464K) NonClass: 5765K(5824K)->5765K(5824K) Class: 533K(640K)->533K(640K)
[123.986s][info][gc             ] GC(46) Pause Full (Allocation Failure) 14016M->14016M(14016M) 21058.767ms
[123.986s][info][gc,cpu         ] GC(46) User=11.92s Sys=5.70s Real=21.06s
[123.986s][info][gc,start       ] GC(47) Pause Full (Allocation Failure)
[123.986s][info][gc,phases,start] GC(47) Phase 1: Mark live objects
[134.781s][info][gc,phases      ] GC(47) Phase 1: Mark live objects 10794.185ms
[134.786s][info][gc,phases,start] GC(47) Phase 2: Compute new object addresses
[139.931s][info][gc,phases      ] GC(47) Phase 2: Compute new object addresses 5144.852ms
[139.931s][info][gc,phases,start] GC(47) Phase 3: Adjust pointers
[145.387s][info][gc,phases      ] GC(47) Phase 3: Adjust pointers 5456.345ms
[145.387s][info][gc,phases,start] GC(47) Phase 4: Move objects
[168.188s][info][gc,phases      ] GC(47) Phase 4: Move objects 22784.590ms
[168.236s][info][gc,heap        ] GC(47) DefNew: 4454399K(4454400K)->4454395K(4454400K) Eden: 3959487K(3959488K)->3959487K(3959488K) From: 494911K(494912K)->494907K(494912K)
[168.236s][info][gc,heap        ] GC(47) Tenured: 9898687K(9898688K)->9898687K(9898688K)
[168.236s][info][gc,metaspace   ] GC(47) Metaspace: 6298K(6464K)->6296K(6464K) NonClass: 5765K(5824K)->5763K(5824K) Class: 533K(640K)->532K(640K)
[168.242s][info][gc             ] GC(47) Pause Full (Allocation Failure) 14016M->14016M(14016M) 44253.864ms
[168.242s][info][gc,cpu         ] GC(47) User=14.45s Sys=18.22s Real=44.26s
[168.298s][info][gc,start       ] GC(48) Pause Full (Allocation Failure)
[168.299s][info][gc,phases,start] GC(48) Phase 1: Mark live objects
[183.037s][info][gc,phases      ] GC(48) Phase 1: Mark live objects 14738.160ms
[183.037s][info][gc,phases,start] GC(48) Phase 2: Compute new object addresses
[187.592s][info][gc,phases      ] GC(48) Phase 2: Compute new object addresses 4555.346ms
[187.593s][info][gc,phases,start] GC(48) Phase 3: Adjust pointers
[192.560s][info][gc,phases      ] GC(48) Phase 3: Adjust pointers 4967.676ms
[192.561s][info][gc,phases,start] GC(48) Phase 4: Move objects
[192.561s][info][gc,phases      ] GC(48) Phase 4: Move objects 0.029ms
[192.580s][info][gc,heap        ] GC(48) DefNew: 4454399K(4454400K)->4454399K(4454400K) Eden: 3959487K(3959488K)->3959487K(3959488K) From: 494912K(494912K)->494912K(494912K)
[192.580s][info][gc,heap        ] GC(48) Tenured: 9898687K(9898688K)->9898687K(9898688K)
[192.580s][info][gc,metaspace   ] GC(48) Metaspace: 6296K(6464K)->6296K(6464K) NonClass: 5763K(5824K)->5763K(5824K) Class: 532K(640K)->532K(640K)
[192.580s][info][gc             ] GC(48) Pause Full (Allocation Failure) 14016M->14016M(14016M) 24282.119ms
[192.580s][info][gc,cpu         ] GC(48) User=12.98s Sys=8.22s Real=24.28s
[192.581s][info][gc,start       ] GC(49) Pause Full (Allocation Failure)
[192.581s][info][gc,phases,start] GC(49) Phase 1: Mark live objects
[201.883s][info][gc,phases      ] GC(49) Phase 1: Mark live objects 9302.750ms
[201.883s][info][gc,phases,start] GC(49) Phase 2: Compute new object addresses
[205.837s][info][gc,phases      ] GC(49) Phase 2: Compute new object addresses 3953.731ms
[205.837s][info][gc,phases,start] GC(49) Phase 3: Adjust pointers
[211.495s][info][gc,phases      ] GC(49) Phase 3: Adjust pointers 5657.956ms
[211.495s][info][gc,phases,start] GC(49) Phase 4: Move objects
[211.495s][info][gc,phases      ] GC(49) Phase 4: Move objects 0.040ms
[211.505s][info][gc,heap        ] GC(49) DefNew: 4454399K(4454400K)->4454399K(4454400K) Eden: 3959487K(3959488K)->3959487K(3959488K) From: 494912K(494912K)->494912K(494912K)
[211.507s][info][gc,heap        ] GC(49) Tenured: 9898687K(9898688K)->9898687K(9898688K)
[211.507s][info][gc,metaspace   ] GC(49) Metaspace: 6296K(6464K)->6296K(6464K) NonClass: 5763K(5824K)->5763K(5824K) Class: 532K(640K)->532K(640K)
[211.507s][info][gc             ] GC(49) Pause Full (Allocation Failure) 14016M->14016M(14016M) 18926.850ms
[211.507s][info][gc,cpu         ] GC(49) User=13.25s Sys=5.19s Real=18.93s
[211.559s][info][gc,start       ] GC(50) Pause Full (Allocation Failure)
[211.559s][info][gc,phases,start] GC(50) Phase 1: Mark live objects
[219.552s][info][gc,phases      ] GC(50) Phase 1: Mark live objects 7992.915ms
[219.552s][info][gc,phases,start] GC(50) Phase 2: Compute new object addresses
[224.257s][info][gc,phases      ] GC(50) Phase 2: Compute new object addresses 4704.885ms
[224.257s][info][gc,phases,start] GC(50) Phase 3: Adjust pointers
[230.137s][info][gc,phases      ] GC(50) Phase 3: Adjust pointers 5878.713ms
[230.137s][info][gc,phases,start] GC(50) Phase 4: Move objects
[230.137s][info][gc,phases      ] GC(50) Phase 4: Move objects 0.031ms
[230.149s][info][gc,heap        ] GC(50) DefNew: 4454400K(4454400K)->4454400K(4454400K) Eden: 3959488K(3959488K)->3959488K(3959488K) From: 494912K(494912K)->494912K(494912K)
[230.149s][info][gc,heap        ] GC(50) Tenured: 9898688K(9898688K)->9898688K(9898688K)
[230.149s][info][gc,metaspace   ] GC(50) Metaspace: 6296K(6464K)->6296K(6464K) NonClass: 5763K(5824K)->5763K(5824K) Class: 532K(640K)->532K(640K)
[230.151s][info][gc             ] GC(50) Pause Full (Allocation Failure) 14016M->14016M(14016M) 18591.418ms
[230.151s][info][gc,cpu         ] GC(50) User=12.70s Sys=4.17s Real=18.59s
[230.151s][info][gc,start       ] GC(51) Pause Full (Allocation Failure)
[230.152s][info][gc,phases,start] GC(51) Phase 1: Mark live objects
[242.146s][info][gc,phases      ] GC(51) Phase 1: Mark live objects 11993.756ms
[242.146s][info][gc,phases,start] GC(51) Phase 2: Compute new object addresses
[248.348s][info][gc,phases      ] GC(51) Phase 2: Compute new object addresses 6202.489ms
[248.348s][info][gc,phases,start] GC(51) Phase 3: Adjust pointers
[257.986s][info][gc,phases      ] GC(51) Phase 3: Adjust pointers 9636.855ms
[257.986s][info][gc,phases,start] GC(51) Phase 4: Move objects
[274.060s][info][gc,phases      ] GC(51) Phase 4: Move objects 16074.638ms
[274.108s][info][gc,heap        ] GC(51) DefNew: 4454400K(4454400K)->4454398K(4454400K) Eden: 3959488K(3959488K)->3959487K(3959488K) From: 494912K(494912K)->494910K(494912K)
[274.109s][info][gc,heap        ] GC(51) Tenured: 9898688K(9898688K)->9898687K(9898688K)
[274.109s][info][gc,metaspace   ] GC(51) Metaspace: 6296K(6464K)->6296K(6464K) NonClass: 5763K(5824K)->5763K(5824K) Class: 532K(640K)->532K(640K)
[274.116s][info][gc             ] GC(51) Pause Full (Allocation Failure) 14016M->14016M(14016M) 43962.836ms
[274.117s][info][gc,cpu         ] GC(51) User=13.00s Sys=14.53s Real=43.97s
[274.293s][info][gc,start       ] GC(52) Pause Full (Allocation Failure)
[274.294s][info][gc,phases,start] GC(52) Phase 1: Mark live objects
[286.345s][info][gc,phases      ] GC(52) Phase 1: Mark live objects 12050.960ms
[286.345s][info][gc,phases,start] GC(52) Phase 2: Compute new object addresses
[293.488s][info][gc,phases      ] GC(52) Phase 2: Compute new object addresses 7143.000ms
[293.489s][info][gc,phases,start] GC(52) Phase 3: Adjust pointers
[299.831s][info][gc,phases      ] GC(52) Phase 3: Adjust pointers 6342.100ms
[299.831s][info][gc,phases,start] GC(52) Phase 4: Move objects
[299.831s][info][gc,phases      ] GC(52) Phase 4: Move objects 0.024ms
[299.874s][info][gc,heap        ] GC(52) DefNew: 4454399K(4454400K)->4454399K(4454400K) Eden: 3959488K(3959488K)->3959487K(3959488K) From: 494911K(494912K)->494911K(494912K)
[299.874s][info][gc,heap        ] GC(52) Tenured: 9898687K(9898688K)->9898687K(9898688K)
[299.874s][info][gc,metaspace   ] GC(52) Metaspace: 6298K(6464K)->6298K(6464K) NonClass: 5764K(5824K)->5764K(5824K) Class: 533K(640K)->533K(640K)
[299.875s][info][gc             ] GC(52) Pause Full (Allocation Failure) 14016M->14016M(14016M) 25581.924ms
[299.879s][info][gc,cpu         ] GC(52) User=10.75s Sys=7.64s Real=25.58s
[299.937s][info][gc,heap,exit   ] Heap
[299.937s][info][gc,heap,exit   ]  def new generation   total 4454400K, used 4454399K [0x0000000475c00000, 0x00000005a3d50000, 0x00000005a3d50000)
[299.937s][info][gc,heap,exit   ]   eden space 3959488K, 100% used [0x0000000475c00000, 0x00000005676b0000, 0x00000005676b0000)
[299.937s][info][gc,heap,exit   ]   from space 494912K,  99% used [0x0000000585a00000, 0x00000005a3d4ff80, 0x00000005a3d50000)
[299.937s][info][gc,heap,exit   ]   to   space 494912K,   0% used [0x00000005676b0000, 0x00000005676b0000, 0x0000000585a00000)
[299.937s][info][gc,heap,exit   ]  tenured generation   total 9898688K, used 9898687K [0x00000005a3d50000, 0x0000000800000000, 0x0000000800000000)
[299.937s][info][gc,heap,exit   ]    the space 9898688K,  99% used [0x00000005a3d50000, 0x00000007ffffffe0, 0x0000000800000000, 0x0000000800000000)
[299.937s][info][gc,heap,exit   ]  Metaspace       used 6301K, committed 6464K, reserved 1114112K
[299.937s][info][gc,heap,exit   ]   class space    used 534K, committed 640K, reserved 1048576K
