[0.011s][info][gc,init] CardTable entry size: 512
[0.011s][info][gc     ] Using Serial
[0.011s][info][gc,init] Version: 18.0.1+10 (release)
[0.011s][info][gc,init] CPUs: 8 total, 8 available
[0.011s][info][gc,init] Memory: 16063M
[0.011s][info][gc,init] Large Page Support: Disabled
[0.011s][info][gc,init] NUMA Support: Disabled
[0.011s][info][gc,init] Compressed Oops: Enabled (Zero based)
[0.011s][info][gc,init] Heap Min Capacity: 2M
[0.011s][info][gc,init] Heap Initial Capacity: 2M
[0.011s][info][gc,init] Heap Max Capacity: 5600M
[0.011s][info][gc,init] Pre-touch: Disabled
[0.012s][info][gc,metaspace] CDS archive(s) not mapped
[0.012s][info][gc,metaspace] Compressed class space mapped at: 0x0000000800000000-0x0000000840000000, reserved size: 1073741824
[0.012s][info][gc,metaspace] Narrow klass base: 0x0000000800000000, Narrow klass shift: 0, Narrow klass range: 0x40000000
[0.165s][info][gc,start    ] GC(0) Pause Young (Allocation Failure)
[0.167s][info][gc,heap     ] GC(0) DefNew: 1023K(1152K)->127K(1152K) Eden: 1023K(1024K)->0K(1024K) From: 0K(128K)->127K(128K)
[0.167s][info][gc,heap     ] GC(0) Tenured: 0K(768K)->439K(768K)
[0.167s][info][gc,metaspace] GC(0) Metaspace: 5899K(6016K)->5899K(6016K) NonClass: 5399K(5504K)->5399K(5504K) Class: 499K(512K)->499K(512K)
[0.167s][info][gc          ] GC(0) Pause Young (Allocation Failure) 0M->0M(1M) 1.813ms
[0.167s][info][gc,cpu      ] GC(0) User=0.00s Sys=0.00s Real=0.00s
[0.186s][info][gc,start    ] GC(1) Pause Young (Allocation Failure)
[0.187s][info][gc          ] GC(1) Pause Young (Allocation Failure) 1M->0M(2M) 1.311ms
[0.187s][info][gc,cpu      ] GC(1) User=0.00s Sys=0.00s Real=0.00s
[0.187s][info][gc,start    ] GC(2) Pause Full (Allocation Failure)
[0.188s][info][gc,phases,start] GC(2) Phase 1: Mark live objects
[0.189s][info][gc,phases      ] GC(2) Phase 1: Mark live objects 1.020ms
[0.189s][info][gc,phases,start] GC(2) Phase 2: Compute new object addresses
[0.189s][info][gc,phases      ] GC(2) Phase 2: Compute new object addresses 0.238ms
[0.189s][info][gc,phases,start] GC(2) Phase 3: Adjust pointers
[0.189s][info][gc,phases      ] GC(2) Phase 3: Adjust pointers 0.515ms
[0.189s][info][gc,phases,start] GC(2) Phase 4: Move objects
[0.189s][info][gc,phases      ] GC(2) Phase 4: Move objects 0.065ms
[0.190s][info][gc,heap        ] GC(2) DefNew: 1151K(1152K)->40K(1152K) Eden: 1024K(1024K)->40K(1024K) From: 127K(128K)->0K(128K)
[0.190s][info][gc,heap        ] GC(2) Tenured: 439K(768K)->959K(1600K)
[0.190s][info][gc,metaspace   ] GC(2) Metaspace: 6296K(6464K)->6296K(6464K) NonClass: 5763K(5824K)->5763K(5824K) Class: 533K(640K)->533K(640K)
[0.190s][info][gc             ] GC(2) Pause Full (Allocation Failure) 0M->0M(2M) 2.147ms
[0.190s][info][gc,cpu         ] GC(2) User=0.00s Sys=0.00s Real=0.00s
[0.191s][info][gc,start       ] GC(3) Pause Young (Allocation Failure)
[0.192s][info][gc,heap        ] GC(3) DefNew: 1024K(1152K)->128K(1152K) Eden: 1024K(1024K)->0K(1024K) From: 0K(128K)->128K(128K)
[0.193s][info][gc,heap        ] GC(3) Tenured: 959K(1600K)->1375K(1600K)
[0.193s][info][gc,metaspace   ] GC(3) Metaspace: 6296K(6464K)->6296K(6464K) NonClass: 5763K(5824K)->5763K(5824K) Class: 533K(640K)->533K(640K)
[0.193s][info][gc             ] GC(3) Pause Young (Allocation Failure) 1M->1M(2M) 1.556ms
[0.193s][info][gc,cpu         ] GC(3) User=0.00s Sys=0.00s Real=0.00s
[0.194s][info][gc,start       ] GC(4) Pause Young (Allocation Failure)
[0.195s][info][gc             ] GC(4) Pause Young (Allocation Failure) 2M->1M(3M) 1.348ms
[0.195s][info][gc,cpu         ] GC(4) User=0.00s Sys=0.00s Real=0.00s
[0.195s][info][gc,start       ] GC(5) Pause Full (Allocation Failure)
[0.195s][info][gc,phases,start] GC(5) Phase 1: Mark live objects
[0.197s][info][gc,phases      ] GC(5) Phase 1: Mark live objects 1.514ms
[0.197s][info][gc,phases,start] GC(5) Phase 2: Compute new object addresses
[0.197s][info][gc,phases      ] GC(5) Phase 2: Compute new object addresses 0.404ms
[0.197s][info][gc,phases,start] GC(5) Phase 3: Adjust pointers
[0.198s][info][gc,phases      ] GC(5) Phase 3: Adjust pointers 0.660ms
[0.198s][info][gc,phases,start] GC(5) Phase 4: Move objects
[0.198s][info][gc,phases      ] GC(5) Phase 4: Move objects 0.071ms
[0.198s][info][gc,heap        ] GC(5) DefNew: 1152K(1152K)->35K(1536K) Eden: 1024K(1024K)->35K(1408K) From: 128K(128K)->0K(128K)
[0.198s][info][gc,heap        ] GC(5) Tenured: 1375K(1600K)->1983K(3308K)
[0.198s][info][gc,metaspace   ] GC(5) Metaspace: 6296K(6464K)->6296K(6464K) NonClass: 5763K(5824K)->5763K(5824K) Class: 533K(640K)->533K(640K)
[0.198s][info][gc             ] GC(5) Pause Full (Allocation Failure) 1M->1M(4M) 2.966ms
[0.198s][info][gc,cpu         ] GC(5) User=0.00s Sys=0.00s Real=0.00s
[0.200s][info][gc,start       ] GC(6) Pause Young (Allocation Failure)
[0.202s][info][gc,heap        ] GC(6) DefNew: 1407K(1536K)->127K(1536K) Eden: 1407K(1408K)->0K(1408K) From: 0K(128K)->127K(128K)
[0.202s][info][gc,heap        ] GC(6) Tenured: 1983K(3308K)->2617K(3308K)
[0.202s][info][gc,metaspace   ] GC(6) Metaspace: 6296K(6464K)->6296K(6464K) NonClass: 5763K(5824K)->5763K(5824K) Class: 533K(640K)->533K(640K)
[0.202s][info][gc             ] GC(6) Pause Young (Allocation Failure) 3M->2M(4M) 1.696ms
[0.202s][info][gc,cpu         ] GC(6) User=0.00s Sys=0.00s Real=0.00s
[0.203s][info][gc,start       ] GC(7) Pause Young (Allocation Failure)
[0.205s][info][gc             ] GC(7) Pause Young (Allocation Failure) 4M->3M(4M) 1.740ms
[0.205s][info][gc,cpu         ] GC(7) User=0.00s Sys=0.00s Real=0.00s
[0.205s][info][gc,start       ] GC(8) Pause Full (Allocation Failure)
[0.205s][info][gc,phases,start] GC(8) Phase 1: Mark live objects
[0.208s][info][gc,phases      ] GC(8) Phase 1: Mark live objects 2.315ms
[0.208s][info][gc,phases,start] GC(8) Phase 2: Compute new object addresses
[0.208s][info][gc,phases      ] GC(8) Phase 2: Compute new object addresses 0.659ms
[0.208s][info][gc,phases,start] GC(8) Phase 3: Adjust pointers
[0.209s][info][gc,phases      ] GC(8) Phase 3: Adjust pointers 1.040ms
[0.209s][info][gc,phases,start] GC(8) Phase 4: Move objects
[0.210s][info][gc,phases      ] GC(8) Phase 4: Move objects 0.073ms
[0.210s][info][gc,heap        ] GC(8) DefNew: 1535K(1536K)->0K(2688K) Eden: 1408K(1408K)->0K(2432K) From: 127K(128K)->0K(256K)
[0.210s][info][gc,heap        ] GC(8) Tenured: 2617K(3308K)->3460K(5768K)
[0.210s][info][gc,metaspace   ] GC(8) Metaspace: 6296K(6464K)->6296K(6464K) NonClass: 5763K(5824K)->5763K(5824K) Class: 533K(640K)->533K(640K)
[0.210s][info][gc             ] GC(8) Pause Full (Allocation Failure) 3M->3M(8M) 4.419ms
[0.210s][info][gc,cpu         ] GC(8) User=0.00s Sys=0.00s Real=0.00s
[0.213s][info][gc,start       ] GC(9) Pause Young (Allocation Failure)
[0.216s][info][gc,heap        ] GC(9) DefNew: 2431K(2688K)->256K(2688K) Eden: 2431K(2432K)->0K(2432K) From: 0K(256K)->256K(256K)
[0.216s][info][gc,heap        ] GC(9) Tenured: 3460K(5768K)->4512K(5768K)
[0.216s][info][gc,metaspace   ] GC(9) Metaspace: 6296K(6464K)->6296K(6464K) NonClass: 5763K(5824K)->5763K(5824K) Class: 533K(640K)->533K(640K)
[0.216s][info][gc             ] GC(9) Pause Young (Allocation Failure) 5M->4M(8M) 2.816ms
[0.216s][info][gc,cpu         ] GC(9) User=0.00s Sys=0.00s Real=0.00s
[0.219s][info][gc,start       ] GC(10) Pause Young (Allocation Failure)
[0.221s][info][gc,heap        ] GC(10) DefNew: 2688K(2688K)->256K(2688K) Eden: 2432K(2432K)->0K(2432K) From: 256K(256K)->256K(256K)
[0.222s][info][gc,heap        ] GC(10) Tenured: 4512K(5768K)->5755K(5768K)
[0.222s][info][gc,metaspace   ] GC(10) Metaspace: 6296K(6464K)->6296K(6464K) NonClass: 5763K(5824K)->5763K(5824K) Class: 533K(640K)->533K(640K)
[0.222s][info][gc             ] GC(10) Pause Young (Allocation Failure) 7M->5M(8M) 3.060ms
[0.222s][info][gc,cpu         ] GC(10) User=0.00s Sys=0.00s Real=0.00s
[0.225s][info][gc,start       ] GC(11) Pause Young (Allocation Failure)
[0.228s][info][gc             ] GC(11) Pause Young (Allocation Failure) 8M->7M(9M) 3.242ms
[0.228s][info][gc,cpu         ] GC(11) User=0.00s Sys=0.00s Real=0.00s
[0.228s][info][gc,start       ] GC(12) Pause Full (Allocation Failure)
[0.228s][info][gc,phases,start] GC(12) Phase 1: Mark live objects
[0.232s][info][gc,phases      ] GC(12) Phase 1: Mark live objects 4.088ms
[0.232s][info][gc,phases,start] GC(12) Phase 2: Compute new object addresses
[0.234s][info][gc,phases      ] GC(12) Phase 2: Compute new object addresses 1.313ms
[0.234s][info][gc,phases,start] GC(12) Phase 3: Adjust pointers
[0.236s][info][gc,phases      ] GC(12) Phase 3: Adjust pointers 1.942ms
[0.236s][info][gc,phases,start] GC(12) Phase 4: Move objects
[0.237s][info][gc,phases      ] GC(12) Phase 4: Move objects 1.474ms
[0.237s][info][gc,heap        ] GC(12) DefNew: 2688K(2688K)->0K(5376K) Eden: 2432K(2432K)->0K(4800K) From: 256K(256K)->0K(576K)
[0.237s][info][gc,heap        ] GC(12) Tenured: 5755K(5768K)->7132K(11888K)
[0.237s][info][gc,metaspace   ] GC(12) Metaspace: 6296K(6464K)->6296K(6464K) NonClass: 5763K(5824K)->5763K(5824K) Class: 533K(640K)->533K(640K)
[0.237s][info][gc             ] GC(12) Pause Full (Allocation Failure) 7M->6M(16M) 9.361ms
[0.237s][info][gc,cpu         ] GC(12) User=0.00s Sys=0.00s Real=0.01s
[0.244s][info][gc,start       ] GC(13) Pause Young (Allocation Failure)
[0.249s][info][gc,heap        ] GC(13) DefNew: 4800K(5376K)->575K(5376K) Eden: 4800K(4800K)->0K(4800K) From: 0K(576K)->575K(576K)
[0.250s][info][gc,heap        ] GC(13) Tenured: 7132K(11888K)->9027K(11888K)
[0.250s][info][gc,metaspace   ] GC(13) Metaspace: 6296K(6464K)->6296K(6464K) NonClass: 5763K(5824K)->5763K(5824K) Class: 533K(640K)->533K(640K)
[0.250s][info][gc             ] GC(13) Pause Young (Allocation Failure) 11M->9M(16M) 5.825ms
[0.250s][info][gc,cpu         ] GC(13) User=0.00s Sys=0.00s Real=0.01s
[0.255s][info][gc,start       ] GC(14) Pause Young (Allocation Failure)
[0.261s][info][gc,heap        ] GC(14) DefNew: 5375K(5376K)->576K(5376K) Eden: 4800K(4800K)->0K(4800K) From: 575K(576K)->576K(576K)
[0.261s][info][gc,heap        ] GC(14) Tenured: 9027K(11888K)->11746K(11888K)
[0.261s][info][gc,metaspace   ] GC(14) Metaspace: 6296K(6464K)->6296K(6464K) NonClass: 5763K(5824K)->5763K(5824K) Class: 533K(640K)->533K(640K)
[0.261s][info][gc             ] GC(14) Pause Young (Allocation Failure) 14M->12M(16M) 6.300ms
[0.261s][info][gc,cpu         ] GC(14) User=0.00s Sys=0.00s Real=0.01s
[0.265s][info][gc,start       ] GC(15) Pause Young (Allocation Failure)
[0.271s][info][gc             ] GC(15) Pause Young (Allocation Failure) 16M->14M(19M) 5.480ms
[0.271s][info][gc,cpu         ] GC(15) User=0.00s Sys=0.00s Real=0.00s
[0.271s][info][gc,start       ] GC(16) Pause Full (Allocation Failure)
[0.271s][info][gc,phases,start] GC(16) Phase 1: Mark live objects
[0.278s][info][gc,phases      ] GC(16) Phase 1: Mark live objects 7.686ms
[0.278s][info][gc,phases,start] GC(16) Phase 2: Compute new object addresses
[0.281s][info][gc,phases      ] GC(16) Phase 2: Compute new object addresses 2.337ms
[0.281s][info][gc,phases,start] GC(16) Phase 3: Adjust pointers
[0.284s][info][gc,phases      ] GC(16) Phase 3: Adjust pointers 3.032ms
[0.284s][info][gc,phases,start] GC(16) Phase 4: Move objects
[0.284s][info][gc,phases      ] GC(16) Phase 4: Move objects 0.188ms
[0.284s][info][gc,heap        ] GC(16) DefNew: 5376K(5376K)->386K(10880K) Eden: 4800K(4800K)->386K(9728K) From: 576K(576K)->0K(1152K)
[0.284s][info][gc,heap        ] GC(16) Tenured: 11746K(11888K)->14384K(23976K)
[0.284s][info][gc,metaspace   ] GC(16) Metaspace: 6298K(6464K)->6298K(6464K) NonClass: 5765K(5824K)->5765K(5824K) Class: 533K(640K)->533K(640K)
[0.284s][info][gc             ] GC(16) Pause Full (Allocation Failure) 14M->14M(34M) 13.619ms
[0.284s][info][gc,cpu         ] GC(16) User=0.02s Sys=0.00s Real=0.01s
[0.292s][info][gc,start       ] GC(17) Pause Young (Allocation Failure)
[0.304s][info][gc,heap        ] GC(17) DefNew: 9728K(10880K)->1151K(10880K) Eden: 9728K(9728K)->0K(9728K) From: 0K(1152K)->1151K(1152K)
[0.304s][info][gc,heap        ] GC(17) Tenured: 14384K(23976K)->18415K(23976K)
[0.304s][info][gc,metaspace   ] GC(17) Metaspace: 6298K(6464K)->6298K(6464K) NonClass: 5765K(5824K)->5765K(5824K) Class: 533K(640K)->533K(640K)
[0.305s][info][gc             ] GC(17) Pause Young (Allocation Failure) 23M->19M(34M) 12.678ms
[0.305s][info][gc,cpu         ] GC(17) User=0.00s Sys=0.00s Real=0.01s
[0.312s][info][gc,start       ] GC(18) Pause Young (Allocation Failure)
[0.323s][info][gc,heap        ] GC(18) DefNew: 10879K(10880K)->1151K(10880K) Eden: 9728K(9728K)->0K(9728K) From: 1151K(1152K)->1151K(1152K)
[0.323s][info][gc,heap        ] GC(18) Tenured: 18415K(23976K)->23936K(23976K)
[0.323s][info][gc,metaspace   ] GC(18) Metaspace: 6298K(6464K)->6298K(6464K) NonClass: 5765K(5824K)->5765K(5824K) Class: 533K(640K)->533K(640K)
[0.323s][info][gc             ] GC(18) Pause Young (Allocation Failure) 28M->24M(34M) 11.595ms
[0.323s][info][gc,cpu         ] GC(18) User=0.00s Sys=0.00s Real=0.01s
[0.330s][info][gc,start       ] GC(19) Pause Young (Allocation Failure)
[0.341s][info][gc             ] GC(19) Pause Young (Allocation Failure) 34M->29M(38M) 11.380ms
[0.341s][info][gc,cpu         ] GC(19) User=0.00s Sys=0.00s Real=0.01s
[0.341s][info][gc,start       ] GC(20) Pause Full (Allocation Failure)
[0.341s][info][gc,phases,start] GC(20) Phase 1: Mark live objects
[0.355s][info][gc,phases      ] GC(20) Phase 1: Mark live objects 13.868ms
[0.355s][info][gc,phases,start] GC(20) Phase 2: Compute new object addresses
[0.360s][info][gc,phases      ] GC(20) Phase 2: Compute new object addresses 4.580ms
[0.360s][info][gc,phases,start] GC(20) Phase 3: Adjust pointers
[0.366s][info][gc,phases      ] GC(20) Phase 3: Adjust pointers 5.580ms
[0.366s][info][gc,phases,start] GC(20) Phase 4: Move objects
[0.366s][info][gc,phases      ] GC(20) Phase 4: Move objects 0.181ms
[0.366s][info][gc,heap        ] GC(20) DefNew: 10879K(10880K)->1080K(21888K) Eden: 9728K(9728K)->1080K(19520K) From: 1151K(1152K)->0K(2368K)
[0.366s][info][gc,heap        ] GC(20) Tenured: 23936K(23976K)->29036K(48396K)
[0.366s][info][gc,metaspace   ] GC(20) Metaspace: 6298K(6464K)->6298K(6464K) NonClass: 5765K(5824K)->5765K(5824K) Class: 533K(640K)->533K(640K)
[0.366s][info][gc             ] GC(20) Pause Full (Allocation Failure) 29M->29M(68M) 24.634ms
[0.366s][info][gc,cpu         ] GC(20) User=0.03s Sys=0.00s Real=0.03s
[0.382s][info][gc,start       ] GC(21) Pause Young (Allocation Failure)
[0.410s][info][gc,heap        ] GC(21) DefNew: 19520K(21888K)->2368K(21888K) Eden: 19520K(19520K)->0K(19520K) From: 0K(2368K)->2368K(2368K)
[0.410s][info][gc,heap        ] GC(21) Tenured: 29036K(48396K)->39355K(48396K)
[0.410s][info][gc,metaspace   ] GC(21) Metaspace: 6298K(6464K)->6298K(6464K) NonClass: 5765K(5824K)->5765K(5824K) Class: 533K(640K)->533K(640K)
[0.410s][info][gc             ] GC(21) Pause Young (Allocation Failure) 47M->40M(68M) 28.366ms
[0.410s][info][gc,cpu         ] GC(21) User=0.03s Sys=0.00s Real=0.03s
[0.428s][info][gc,start       ] GC(22) Pause Young (Allocation Failure)
[0.465s][info][gc             ] GC(22) Pause Young (Allocation Failure) 59M->59M(78M) 36.710ms
[0.465s][info][gc,cpu         ] GC(22) User=0.02s Sys=0.02s Real=0.04s
[0.465s][info][gc,start       ] GC(23) Pause Full (Allocation Failure)
[0.465s][info][gc,phases,start] GC(23) Phase 1: Mark live objects
[0.490s][info][gc,phases      ] GC(23) Phase 1: Mark live objects 24.747ms
[0.490s][info][gc,phases,start] GC(23) Phase 2: Compute new object addresses
[0.500s][info][gc,phases      ] GC(23) Phase 2: Compute new object addresses 9.593ms
[0.500s][info][gc,phases,start] GC(23) Phase 3: Adjust pointers
[0.511s][info][gc,phases      ] GC(23) Phase 3: Adjust pointers 10.822ms
[0.511s][info][gc,phases,start] GC(23) Phase 4: Move objects
[0.511s][info][gc,phases      ] GC(23) Phase 4: Move objects 0.457ms
[0.511s][info][gc,heap        ] GC(23) DefNew: 21888K(21888K)->2256K(44288K) Eden: 19520K(19520K)->2256K(39424K) From: 2368K(2368K)->0K(4864K)
[0.511s][info][gc,heap        ] GC(23) Tenured: 39355K(48396K)->58956K(98260K)
[0.511s][info][gc,metaspace   ] GC(23) Metaspace: 6298K(6464K)->6298K(6464K) NonClass: 5765K(5824K)->5765K(5824K) Class: 533K(640K)->533K(640K)
[0.512s][info][gc             ] GC(23) Pause Full (Allocation Failure) 59M->59M(139M) 46.289ms
[0.512s][info][gc,cpu         ] GC(23) User=0.06s Sys=0.00s Real=0.05s
[0.553s][info][gc,start       ] GC(24) Pause Young (Allocation Failure)
[0.617s][info][gc,heap        ] GC(24) DefNew: 39424K(44288K)->4863K(44288K) Eden: 39424K(39424K)->0K(39424K) From: 0K(4864K)->4863K(4864K)
[0.617s][info][gc,heap        ] GC(24) Tenured: 58956K(98260K)->93487K(98260K)
[0.618s][info][gc,metaspace   ] GC(24) Metaspace: 6298K(6464K)->6298K(6464K) NonClass: 5765K(5824K)->5765K(5824K) Class: 533K(640K)->533K(640K)
[0.618s][info][gc             ] GC(24) Pause Young (Allocation Failure) 96M->96M(139M) 64.759ms
[0.618s][info][gc,cpu         ] GC(24) User=0.05s Sys=0.00s Real=0.07s
[0.650s][info][gc,start       ] GC(25) Pause Young (Allocation Failure)
[0.723s][info][gc             ] GC(25) Pause Young (Allocation Failure) 134M->134M(173M) 72.934ms
[0.723s][info][gc,cpu         ] GC(25) User=0.06s Sys=0.02s Real=0.07s
[0.723s][info][gc,start       ] GC(26) Pause Full (Allocation Failure)
[0.723s][info][gc,phases,start] GC(26) Phase 1: Mark live objects
[0.780s][info][gc,phases      ] GC(26) Phase 1: Mark live objects 57.022ms
[0.780s][info][gc,phases,start] GC(26) Phase 2: Compute new object addresses
[0.801s][info][gc,phases      ] GC(26) Phase 2: Compute new object addresses 21.399ms
[0.802s][info][gc,phases,start] GC(26) Phase 3: Adjust pointers
[0.829s][info][gc,phases      ] GC(26) Phase 3: Adjust pointers 27.304ms
[0.829s][info][gc,phases,start] GC(26) Phase 4: Move objects
[0.853s][info][gc,phases      ] GC(26) Phase 4: Move objects 24.537ms
[0.854s][info][gc,heap        ] GC(26) DefNew: 44287K(44288K)->891K(99840K) Eden: 39424K(39424K)->891K(88768K) From: 4863K(4864K)->0K(11072K)
[0.854s][info][gc,heap        ] GC(26) Tenured: 93487K(98260K)->133011K(221688K)
[0.854s][info][gc,metaspace   ] GC(26) Metaspace: 6298K(6464K)->6298K(6464K) NonClass: 5765K(5824K)->5765K(5824K) Class: 533K(640K)->533K(640K)
[0.854s][info][gc             ] GC(26) Pause Full (Allocation Failure) 134M->130M(313M) 131.067ms
[0.854s][info][gc,cpu         ] GC(26) User=0.12s Sys=0.00s Real=0.13s
[0.950s][info][gc,start       ] GC(27) Pause Young (Allocation Failure)
[1.103s][info][gc,heap        ] GC(27) DefNew: 88768K(99840K)->11072K(99840K) Eden: 88768K(88768K)->0K(88768K) From: 0K(11072K)->11072K(11072K)
[1.103s][info][gc,heap        ] GC(27) Tenured: 133011K(221688K)->210680K(221688K)
[1.103s][info][gc,metaspace   ] GC(27) Metaspace: 6298K(6464K)->6298K(6464K) NonClass: 5765K(5824K)->5765K(5824K) Class: 533K(640K)->533K(640K)
[1.103s][info][gc             ] GC(27) Pause Young (Allocation Failure) 216M->216M(313M) 152.864ms
[1.103s][info][gc,cpu         ] GC(27) User=0.12s Sys=0.02s Real=0.15s
[1.188s][info][gc,start       ] GC(28) Pause Young (Allocation Failure)
[1.368s][info][gc             ] GC(28) Pause Young (Allocation Failure) 303M->303M(390M) 180.017ms
[1.368s][info][gc,cpu         ] GC(28) User=0.16s Sys=0.02s Real=0.18s
[1.368s][info][gc,start       ] GC(29) Pause Full (Allocation Failure)
[1.368s][info][gc,phases,start] GC(29) Phase 1: Mark live objects
[1.511s][info][gc,phases      ] GC(29) Phase 1: Mark live objects 142.462ms
[1.511s][info][gc,phases,start] GC(29) Phase 2: Compute new object addresses
[1.580s][info][gc,phases      ] GC(29) Phase 2: Compute new object addresses 68.802ms
[1.580s][info][gc,phases,start] GC(29) Phase 3: Adjust pointers
[1.639s][info][gc,phases      ] GC(29) Phase 3: Adjust pointers 59.626ms
[1.639s][info][gc,phases,start] GC(29) Phase 4: Move objects
[1.642s][info][gc,phases      ] GC(29) Phase 4: Move objects 2.554ms
[1.643s][info][gc,heap        ] GC(29) DefNew: 99840K(99840K)->10906K(224704K) Eden: 88768K(88768K)->10906K(199744K) From: 11072K(11072K)->0K(24960K)
[1.643s][info][gc,heap        ] GC(29) Tenured: 210680K(221688K)->299579K(499300K)
[1.643s][info][gc,metaspace   ] GC(29) Metaspace: 6298K(6464K)->6298K(6464K) NonClass: 5765K(5824K)->5765K(5824K) Class: 533K(640K)->533K(640K)
[1.643s][info][gc             ] GC(29) Pause Full (Allocation Failure) 303M->303M(707M) 274.799ms
[1.643s][info][gc,cpu         ] GC(29) User=0.25s Sys=0.00s Real=0.28s
[1.856s][info][gc,start       ] GC(30) Pause Young (Allocation Failure)
[2.201s][info][gc,heap        ] GC(30) DefNew: 199744K(224704K)->24959K(224704K) Eden: 199744K(199744K)->0K(199744K) From: 0K(24960K)->24959K(24960K)
[2.201s][info][gc,heap        ] GC(30) Tenured: 299579K(499300K)->474334K(499300K)
[2.201s][info][gc,metaspace   ] GC(30) Metaspace: 6298K(6464K)->6298K(6464K) NonClass: 5765K(5824K)->5765K(5824K) Class: 533K(640K)->533K(640K)
[2.201s][info][gc             ] GC(30) Pause Young (Allocation Failure) 487M->487M(707M) 345.095ms
[2.201s][info][gc,cpu         ] GC(30) User=0.23s Sys=0.08s Real=0.34s
[2.382s][info][gc,start       ] GC(31) Pause Young (Allocation Failure)
[2.791s][info][gc             ] GC(31) Pause Young (Allocation Failure) 682M->682M(877M) 408.727ms
[2.791s][info][gc,cpu         ] GC(31) User=0.31s Sys=0.08s Real=0.41s
[2.791s][info][gc,start       ] GC(32) Pause Full (Allocation Failure)
[2.791s][info][gc,phases,start] GC(32) Phase 1: Mark live objects
[3.114s][info][gc,phases      ] GC(32) Phase 1: Mark live objects 323.241ms
[3.114s][info][gc,phases,start] GC(32) Phase 2: Compute new object addresses
[3.217s][info][gc,phases      ] GC(32) Phase 2: Compute new object addresses 102.633ms
[3.217s][info][gc,phases,start] GC(32) Phase 3: Adjust pointers
[3.331s][info][gc,phases      ] GC(32) Phase 3: Adjust pointers 114.313ms
[3.331s][info][gc,phases,start] GC(32) Phase 4: Move objects
[3.336s][info][gc,phases      ] GC(32) Phase 4: Move objects 5.020ms
[3.339s][info][gc,heap        ] GC(32) DefNew: 224703K(224704K)->24793K(505728K) Eden: 199744K(199744K)->24793K(449600K) From: 24959K(24960K)->0K(56128K)
[3.339s][info][gc,heap        ] GC(32) Tenured: 474334K(499300K)->674211K(1123688K)
[3.339s][info][gc,metaspace   ] GC(32) Metaspace: 6298K(6464K)->6298K(6464K) NonClass: 5765K(5824K)->5765K(5824K) Class: 533K(640K)->533K(640K)
[3.339s][info][gc             ] GC(32) Pause Full (Allocation Failure) 682M->682M(1591M) 547.622ms
[3.339s][info][gc,cpu         ] GC(32) User=0.55s Sys=0.00s Real=0.55s
[3.809s][info][gc,start       ] GC(33) Pause Young (Allocation Failure)
[4.564s][info][gc,heap        ] GC(33) DefNew: 449600K(505728K)->56127K(505728K) Eden: 449600K(449600K)->0K(449600K) From: 0K(56128K)->56127K(56128K)
[4.564s][info][gc,heap        ] GC(33) Tenured: 674211K(1123688K)->1067654K(1123688K)
[4.564s][info][gc,metaspace   ] GC(33) Metaspace: 6298K(6464K)->6298K(6464K) NonClass: 5765K(5824K)->5765K(5824K) Class: 533K(640K)->533K(640K)
[4.564s][info][gc             ] GC(33) Pause Young (Allocation Failure) 1097M->1097M(1591M) 755.674ms
[4.564s][info][gc,cpu         ] GC(33) User=0.69s Sys=0.06s Real=0.76s
[5.010s][info][gc,start       ] GC(34) Pause Young (Allocation Failure)
[5.712s][info][gc             ] GC(34) Pause Young (Allocation Failure) 1536M->1478M(1917M) 702.515ms
[5.712s][info][gc,cpu         ] GC(34) User=0.64s Sys=0.05s Real=0.70s
[5.712s][info][gc,start       ] GC(35) Pause Full (Allocation Failure)
[5.712s][info][gc,phases,start] GC(35) Phase 1: Mark live objects
[6.358s][info][gc,phases      ] GC(35) Phase 1: Mark live objects 646.012ms
[6.359s][info][gc,phases,start] GC(35) Phase 2: Compute new object addresses
[6.574s][info][gc,phases      ] GC(35) Phase 2: Compute new object addresses 215.863ms
[6.574s][info][gc,phases,start] GC(35) Phase 3: Adjust pointers
[6.832s][info][gc,phases      ] GC(35) Phase 3: Adjust pointers 257.063ms
[6.832s][info][gc,phases,start] GC(35) Phase 4: Move objects
[6.842s][info][gc,phases      ] GC(35) Phase 4: Move objects 10.705ms
[6.846s][info][gc,heap        ] GC(35) DefNew: 505727K(505728K)->56126K(1093440K) Eden: 449600K(449600K)->56126K(971968K) From: 56127K(56128K)->0K(121472K)
[6.846s][info][gc,heap        ] GC(35) Tenured: 1067654K(1123688K)->1457835K(2429728K)
[6.846s][info][gc,metaspace   ] GC(35) Metaspace: 6298K(6464K)->6298K(6464K) NonClass: 5765K(5824K)->5765K(5824K) Class: 533K(640K)->533K(640K)
[6.846s][info][gc             ] GC(35) Pause Full (Allocation Failure) 1478M->1478M(3440M) 1133.983ms
[6.846s][info][gc,cpu         ] GC(35) User=1.14s Sys=0.00s Real=1.13s
[7.795s][info][gc,start       ] GC(36) Pause Young (Allocation Failure)
[9.489s][info][gc,heap        ] GC(36) DefNew: 971968K(1093440K)->121471K(1093440K) Eden: 971968K(971968K)->0K(971968K) From: 0K(121472K)->121471K(121472K)
[9.489s][info][gc,heap        ] GC(36) Tenured: 1457835K(2429728K)->2308299K(2429728K)
[9.490s][info][gc,metaspace   ] GC(36) Metaspace: 6298K(6464K)->6298K(6464K) NonClass: 5765K(5824K)->5765K(5824K) Class: 533K(640K)->533K(640K)
[9.490s][info][gc             ] GC(36) Pause Young (Allocation Failure) 2372M->2372M(3440M) 1694.204ms
[9.490s][info][gc,cpu         ] GC(36) User=1.38s Sys=0.31s Real=1.69s
[10.456s][info][gc,start       ] GC(37) Pause Young (Allocation Failure)
[12.096s][info][gc             ] GC(37) Pause Young (Allocation Failure) 3322M->3321M(4271M) 1639.673ms
[12.096s][info][gc,cpu         ] GC(37) User=1.36s Sys=0.28s Real=1.64s
[12.096s][info][gc,start       ] GC(38) Pause Full (Allocation Failure)
[12.096s][info][gc,phases,start] GC(38) Phase 1: Mark live objects
[13.560s][info][gc,phases      ] GC(38) Phase 1: Mark live objects 1463.765ms
[13.560s][info][gc,phases,start] GC(38) Phase 2: Compute new object addresses
[14.030s][info][gc,phases      ] GC(38) Phase 2: Compute new object addresses 470.388ms
[14.030s][info][gc,phases,start] GC(38) Phase 3: Adjust pointers
[14.683s][info][gc,phases      ] GC(38) Phase 3: Adjust pointers 652.991ms
[14.683s][info][gc,phases,start] GC(38) Phase 4: Move objects
[15.292s][info][gc,phases      ] GC(38) Phase 4: Move objects 609.027ms
[15.296s][info][gc,heap        ] GC(38) DefNew: 1093439K(1093440K)->27083K(1720320K) Eden: 971968K(971968K)->27083K(1529216K) From: 121471K(121472K)->0K(191104K)
[15.296s][info][gc,heap        ] GC(38) Tenured: 2308299K(2429728K)->3280419K(3822976K)
[15.296s][info][gc,metaspace   ] GC(38) Metaspace: 6298K(6464K)->6298K(6464K) NonClass: 5765K(5824K)->5765K(5824K) Class: 533K(640K)->533K(640K)
[15.296s][info][gc             ] GC(38) Pause Full (Allocation Failure) 3321M->3229M(5413M) 3200.052ms
[15.296s][info][gc,cpu         ] GC(38) User=3.19s Sys=0.00s Real=3.20s
[16.702s][info][gc,start       ] GC(39) Pause Young (Allocation Failure)
[16.702s][info][gc             ] GC(39) Pause Young (Allocation Failure) 4696M->4696M(5413M) 0.126ms
[16.702s][info][gc,cpu         ] GC(39) User=0.00s Sys=0.00s Real=0.00s
[16.702s][info][gc,start       ] GC(40) Pause Full (Allocation Failure)
[16.702s][info][gc,phases,start] GC(40) Phase 1: Mark live objects
[18.865s][info][gc,phases      ] GC(40) Phase 1: Mark live objects 2163.332ms
[18.865s][info][gc,phases,start] GC(40) Phase 2: Compute new object addresses
[19.526s][info][gc,phases      ] GC(40) Phase 2: Compute new object addresses 660.920ms
[19.526s][info][gc,phases,start] GC(40) Phase 3: Adjust pointers
[20.511s][info][gc,phases      ] GC(40) Phase 3: Adjust pointers 985.008ms
[20.511s][info][gc,phases,start] GC(40) Phase 4: Move objects
[20.909s][info][gc,phases      ] GC(40) Phase 4: Move objects 397.698ms
[20.910s][info][gc,heap        ] GC(40) DefNew: 1529216K(1720320K)->986624K(1720320K) Eden: 1529216K(1529216K)->986624K(1529216K) From: 0K(191104K)->0K(191104K)
[20.910s][info][gc,heap        ] GC(40) Tenured: 3280419K(3822976K)->3822975K(3822976K)
[20.910s][info][gc,metaspace   ] GC(40) Metaspace: 6298K(6464K)->6298K(6464K) NonClass: 5765K(5824K)->5765K(5824K) Class: 533K(640K)->533K(640K)
[20.910s][info][gc             ] GC(40) Pause Full (Allocation Failure) 4696M->4696M(5413M) 4208.267ms
[20.910s][info][gc,cpu         ] GC(40) User=4.06s Sys=0.09s Real=4.21s
[21.980s][info][gc,start       ] GC(41) Pause Full (Allocation Failure)
[21.980s][info][gc,phases,start] GC(41) Phase 1: Mark live objects
[24.484s][info][gc,phases      ] GC(41) Phase 1: Mark live objects 2504.141ms
[24.484s][info][gc,phases,start] GC(41) Phase 2: Compute new object addresses
[25.237s][info][gc,phases      ] GC(41) Phase 2: Compute new object addresses 752.975ms
[25.238s][info][gc,phases,start] GC(41) Phase 3: Adjust pointers
[26.339s][info][gc,phases      ] GC(41) Phase 3: Adjust pointers 1101.053ms
[26.339s][info][gc,phases,start] GC(41) Phase 4: Move objects
[26.447s][info][gc,phases      ] GC(41) Phase 4: Move objects 108.659ms
[26.448s][info][gc,heap        ] GC(41) DefNew: 1720319K(1720320K)->1720308K(1720320K) Eden: 1529216K(1529216K)->1529215K(1529216K) From: 191103K(191104K)->191092K(191104K)
[26.448s][info][gc,heap        ] GC(41) Tenured: 3822975K(3822976K)->3822975K(3822976K)
[26.448s][info][gc,metaspace   ] GC(41) Metaspace: 6298K(6464K)->6298K(6464K) NonClass: 5765K(5824K)->5765K(5824K) Class: 533K(640K)->533K(640K)
[26.448s][info][gc             ] GC(41) Pause Full (Allocation Failure) 5413M->5413M(5413M) 4468.321ms
[26.448s][info][gc,cpu         ] GC(41) User=4.39s Sys=0.00s Real=4.47s
[26.449s][info][gc,start       ] GC(42) Pause Full (Allocation Failure)
[26.449s][info][gc,phases,start] GC(42) Phase 1: Mark live objects
[28.952s][info][gc,phases      ] GC(42) Phase 1: Mark live objects 2503.617ms
[28.952s][info][gc,phases,start] GC(42) Phase 2: Compute new object addresses
[29.701s][info][gc,phases      ] GC(42) Phase 2: Compute new object addresses 748.824ms
[29.701s][info][gc,phases,start] GC(42) Phase 3: Adjust pointers
[30.747s][info][gc,phases      ] GC(42) Phase 3: Adjust pointers 1045.433ms
[30.747s][info][gc,phases,start] GC(42) Phase 4: Move objects
[30.747s][info][gc,phases      ] GC(42) Phase 4: Move objects 0.016ms
[30.748s][info][gc,heap        ] GC(42) DefNew: 1720319K(1720320K)->1720319K(1720320K) Eden: 1529215K(1529216K)->1529215K(1529216K) From: 191103K(191104K)->191103K(191104K)
[30.748s][info][gc,heap        ] GC(42) Tenured: 3822975K(3822976K)->3822975K(3822976K)
[30.748s][info][gc,metaspace   ] GC(42) Metaspace: 6298K(6464K)->6298K(6464K) NonClass: 5765K(5824K)->5765K(5824K) Class: 533K(640K)->533K(640K)
[30.748s][info][gc             ] GC(42) Pause Full (Allocation Failure) 5413M->5413M(5413M) 4298.970ms
[30.748s][info][gc,cpu         ] GC(42) User=4.28s Sys=0.00s Real=4.30s
[30.748s][info][gc,start       ] GC(43) Pause Full (Allocation Failure)
[30.748s][info][gc,phases,start] GC(43) Phase 1: Mark live objects
[33.251s][info][gc,phases      ] GC(43) Phase 1: Mark live objects 2503.261ms
[33.251s][info][gc,phases,start] GC(43) Phase 2: Compute new object addresses
[34.005s][info][gc,phases      ] GC(43) Phase 2: Compute new object addresses 753.885ms
[34.005s][info][gc,phases,start] GC(43) Phase 3: Adjust pointers
[35.282s][info][gc,phases      ] GC(43) Phase 3: Adjust pointers 1277.210ms
[35.282s][info][gc,phases,start] GC(43) Phase 4: Move objects
[36.171s][info][gc,phases      ] GC(43) Phase 4: Move objects 889.183ms
[36.173s][info][gc,heap        ] GC(43) DefNew: 1720319K(1720320K)->1720315K(1720320K) Eden: 1529215K(1529216K)->1529215K(1529216K) From: 191103K(191104K)->191099K(191104K)
[36.173s][info][gc,heap        ] GC(43) Tenured: 3822975K(3822976K)->3822975K(3822976K)
[36.173s][info][gc,metaspace   ] GC(43) Metaspace: 6298K(6464K)->6296K(6464K) NonClass: 5765K(5824K)->5763K(5824K) Class: 533K(640K)->532K(640K)
[36.173s][info][gc             ] GC(43) Pause Full (Allocation Failure) 5413M->5413M(5413M) 5425.009ms
[36.173s][info][gc,cpu         ] GC(43) User=5.38s Sys=0.00s Real=5.42s
[36.173s][info][gc,start       ] GC(44) Pause Full (Allocation Failure)
[36.173s][info][gc,phases,start] GC(44) Phase 1: Mark live objects
[38.670s][info][gc,phases      ] GC(44) Phase 1: Mark live objects 2496.731ms
[38.670s][info][gc,phases,start] GC(44) Phase 2: Compute new object addresses
[39.422s][info][gc,phases      ] GC(44) Phase 2: Compute new object addresses 752.222ms
[39.422s][info][gc,phases,start] GC(44) Phase 3: Adjust pointers
[40.466s][info][gc,phases      ] GC(44) Phase 3: Adjust pointers 1043.414ms
[40.466s][info][gc,phases,start] GC(44) Phase 4: Move objects
[40.466s][info][gc,phases      ] GC(44) Phase 4: Move objects 0.021ms
[40.467s][info][gc,heap        ] GC(44) DefNew: 1720319K(1720320K)->1720319K(1720320K) Eden: 1529215K(1529216K)->1529215K(1529216K) From: 191103K(191104K)->191103K(191104K)
[40.467s][info][gc,heap        ] GC(44) Tenured: 3822975K(3822976K)->3822975K(3822976K)
[40.467s][info][gc,metaspace   ] GC(44) Metaspace: 6296K(6464K)->6296K(6464K) NonClass: 5763K(5824K)->5763K(5824K) Class: 532K(640K)->532K(640K)
[40.467s][info][gc             ] GC(44) Pause Full (Allocation Failure) 5413M->5413M(5413M) 4293.652ms
[40.467s][info][gc,cpu         ] GC(44) User=4.30s Sys=0.00s Real=4.29s
[40.467s][info][gc,start       ] GC(45) Pause Full (Allocation Failure)
[40.467s][info][gc,phases,start] GC(45) Phase 1: Mark live objects
[42.974s][info][gc,phases      ] GC(45) Phase 1: Mark live objects 2506.768ms
[42.974s][info][gc,phases,start] GC(45) Phase 2: Compute new object addresses
[43.726s][info][gc,phases      ] GC(45) Phase 2: Compute new object addresses 752.355ms
[43.726s][info][gc,phases,start] GC(45) Phase 3: Adjust pointers
[44.770s][info][gc,phases      ] GC(45) Phase 3: Adjust pointers 1044.165ms
[44.770s][info][gc,phases,start] GC(45) Phase 4: Move objects
[44.770s][info][gc,phases      ] GC(45) Phase 4: Move objects 0.016ms
[44.771s][info][gc,heap        ] GC(45) DefNew: 1720319K(1720320K)->1720319K(1720320K) Eden: 1529215K(1529216K)->1529215K(1529216K) From: 191103K(191104K)->191103K(191104K)
[44.771s][info][gc,heap        ] GC(45) Tenured: 3822975K(3822976K)->3822975K(3822976K)
[44.771s][info][gc,metaspace   ] GC(45) Metaspace: 6296K(6464K)->6296K(6464K) NonClass: 5763K(5824K)->5763K(5824K) Class: 532K(640K)->532K(640K)
[44.771s][info][gc             ] GC(45) Pause Full (Allocation Failure) 5413M->5413M(5413M) 4304.343ms
[44.771s][info][gc,cpu         ] GC(45) User=4.30s Sys=0.00s Real=4.30s
[44.772s][info][gc,start       ] GC(46) Pause Full (Allocation Failure)
[44.772s][info][gc,phases,start] GC(46) Phase 1: Mark live objects
[47.267s][info][gc,phases      ] GC(46) Phase 1: Mark live objects 2495.131ms
[47.267s][info][gc,phases,start] GC(46) Phase 2: Compute new object addresses
[48.022s][info][gc,phases      ] GC(46) Phase 2: Compute new object addresses 754.999ms
[48.022s][info][gc,phases,start] GC(46) Phase 3: Adjust pointers
[49.073s][info][gc,phases      ] GC(46) Phase 3: Adjust pointers 1050.522ms
[49.073s][info][gc,phases,start] GC(46) Phase 4: Move objects
[49.073s][info][gc,phases      ] GC(46) Phase 4: Move objects 0.017ms
[49.073s][info][gc,heap        ] GC(46) DefNew: 1720319K(1720320K)->1720319K(1720320K) Eden: 1529215K(1529216K)->1529215K(1529216K) From: 191104K(191104K)->191104K(191104K)
[49.073s][info][gc,heap        ] GC(46) Tenured: 3822976K(3822976K)->3822976K(3822976K)
[49.073s][info][gc,metaspace   ] GC(46) Metaspace: 6296K(6464K)->6296K(6464K) NonClass: 5763K(5824K)->5763K(5824K) Class: 532K(640K)->532K(640K)
[49.073s][info][gc             ] GC(46) Pause Full (Allocation Failure) 5413M->5413M(5413M) 4301.757ms
[49.073s][info][gc,cpu         ] GC(46) User=4.30s Sys=0.00s Real=4.30s
[49.074s][info][gc,start       ] GC(47) Pause Full (Allocation Failure)
[49.074s][info][gc,phases,start] GC(47) Phase 1: Mark live objects
[51.578s][info][gc,phases      ] GC(47) Phase 1: Mark live objects 2503.970ms
[51.578s][info][gc,phases,start] GC(47) Phase 2: Compute new object addresses
[52.332s][info][gc,phases      ] GC(47) Phase 2: Compute new object addresses 754.134ms
[52.332s][info][gc,phases,start] GC(47) Phase 3: Adjust pointers
[53.606s][info][gc,phases      ] GC(47) Phase 3: Adjust pointers 1274.384ms
[53.606s][info][gc,phases,start] GC(47) Phase 4: Move objects
[54.530s][info][gc,phases      ] GC(47) Phase 4: Move objects 923.315ms
[54.531s][info][gc,heap        ] GC(47) DefNew: 1720319K(1720320K)->1720318K(1720320K) Eden: 1529215K(1529216K)->1529215K(1529216K) From: 191104K(191104K)->191102K(191104K)
[54.531s][info][gc,heap        ] GC(47) Tenured: 3822976K(3822976K)->3822975K(3822976K)
[54.531s][info][gc,metaspace   ] GC(47) Metaspace: 6296K(6464K)->6296K(6464K) NonClass: 5763K(5824K)->5763K(5824K) Class: 532K(640K)->532K(640K)
[54.531s][info][gc             ] GC(47) Pause Full (Allocation Failure) 5413M->5413M(5413M) 5457.276ms
[54.531s][info][gc,cpu         ] GC(47) User=5.45s Sys=0.00s Real=5.46s
[54.532s][info][gc,start       ] GC(48) Pause Full (Allocation Failure)
[54.532s][info][gc,phases,start] GC(48) Phase 1: Mark live objects
[57.062s][info][gc,phases      ] GC(48) Phase 1: Mark live objects 2530.184ms
[57.062s][info][gc,phases,start] GC(48) Phase 2: Compute new object addresses
[57.854s][info][gc,phases      ] GC(48) Phase 2: Compute new object addresses 792.400ms
[57.855s][info][gc,phases,start] GC(48) Phase 3: Adjust pointers
[58.929s][info][gc,phases      ] GC(48) Phase 3: Adjust pointers 1074.247ms
[58.929s][info][gc,phases,start] GC(48) Phase 4: Move objects
[58.929s][info][gc,phases      ] GC(48) Phase 4: Move objects 0.016ms
[58.930s][info][gc,heap        ] GC(48) DefNew: 1720319K(1720320K)->1720318K(1720320K) Eden: 1529215K(1529216K)->1529215K(1529216K) From: 191103K(191104K)->191102K(191104K)
[58.930s][info][gc,heap        ] GC(48) Tenured: 3822975K(3822976K)->3822975K(3822976K)
[58.930s][info][gc,metaspace   ] GC(48) Metaspace: 6298K(6464K)->6298K(6464K) NonClass: 5764K(5824K)->5764K(5824K) Class: 533K(640K)->533K(640K)
[58.930s][info][gc             ] GC(48) Pause Full (Allocation Failure) 5413M->5413M(5413M) 4398.149ms
[58.930s][info][gc,cpu         ] GC(48) User=4.31s Sys=0.00s Real=4.40s
[58.930s][info][gc,heap,exit   ] Heap
[58.930s][info][gc,heap,exit   ]  def new generation   total 1720320K, used 1720319K [0x00000006a2000000, 0x0000000716aa0000, 0x0000000716aa0000)
[58.930s][info][gc,heap,exit   ]   eden space 1529216K,  99% used [0x00000006a2000000, 0x00000006ff55fff8, 0x00000006ff560000)
[58.931s][info][gc,heap,exit   ]   from space 191104K,  99% used [0x00000006ff560000, 0x000000070affff58, 0x000000070b000000)
[58.931s][info][gc,heap,exit   ]   to   space 191104K,   0% used [0x000000070b000000, 0x000000070b000000, 0x0000000716aa0000)
[58.931s][info][gc,heap,exit   ]  tenured generation   total 3822976K, used 3822975K [0x0000000716aa0000, 0x0000000800000000, 0x0000000800000000)
[58.931s][info][gc,heap,exit   ]    the space 3822976K,  99% used [0x0000000716aa0000, 0x00000007ffffff98, 0x0000000800000000, 0x0000000800000000)
[58.931s][info][gc,heap,exit   ]  Metaspace       used 6301K, committed 6464K, reserved 1114112K
[58.931s][info][gc,heap,exit   ]   class space    used 534K, committed 640K, reserved 1048576K
