[0.010s][info][gc,init] CardTable entry size: 512
[0.010s][info][gc     ] Using Serial
[0.010s][info][gc,init] Version: 18.0.1+10 (release)
[0.010s][info][gc,init] CPUs: 8 total, 8 available
[0.010s][info][gc,init] Memory: 16063M
[0.010s][info][gc,init] Large Page Support: Disabled
[0.010s][info][gc,init] NUMA Support: Disabled
[0.010s][info][gc,init] Compressed Oops: Enabled (Zero based)
[0.011s][info][gc,init] Heap Min Capacity: 2M
[0.011s][info][gc,init] Heap Initial Capacity: 2M
[0.011s][info][gc,init] Heap Max Capacity: 8800M
[0.011s][info][gc,init] Pre-touch: Disabled
[0.011s][info][gc,metaspace] CDS archive(s) not mapped
[0.011s][info][gc,metaspace] Compressed class space mapped at: 0x0000000800000000-0x0000000840000000, reserved size: 1073741824
[0.011s][info][gc,metaspace] Narrow klass base: 0x0000000800000000, Narrow klass shift: 0, Narrow klass range: 0x40000000
[0.161s][info][gc,start    ] GC(0) Pause Young (Allocation Failure)
[0.163s][info][gc,heap     ] GC(0) DefNew: 1023K(1152K)->127K(1152K) Eden: 1023K(1024K)->0K(1024K) From: 0K(128K)->127K(128K)
[0.163s][info][gc,heap     ] GC(0) Tenured: 0K(768K)->439K(768K)
[0.163s][info][gc,metaspace] GC(0) Metaspace: 5898K(6016K)->5898K(6016K) NonClass: 5399K(5504K)->5399K(5504K) Class: 499K(512K)->499K(512K)
[0.163s][info][gc          ] GC(0) Pause Young (Allocation Failure) 0M->0M(1M) 1.573ms
[0.163s][info][gc,cpu      ] GC(0) User=0.00s Sys=0.00s Real=0.00s
[0.181s][info][gc,start    ] GC(1) Pause Young (Allocation Failure)
[0.182s][info][gc          ] GC(1) Pause Young (Allocation Failure) 1M->0M(2M) 1.246ms
[0.182s][info][gc,cpu      ] GC(1) User=0.00s Sys=0.00s Real=0.00s
[0.182s][info][gc,start    ] GC(2) Pause Full (Allocation Failure)
[0.182s][info][gc,phases,start] GC(2) Phase 1: Mark live objects
[0.183s][info][gc,phases      ] GC(2) Phase 1: Mark live objects 1.125ms
[0.183s][info][gc,phases,start] GC(2) Phase 2: Compute new object addresses
[0.183s][info][gc,phases      ] GC(2) Phase 2: Compute new object addresses 0.232ms
[0.183s][info][gc,phases,start] GC(2) Phase 3: Adjust pointers
[0.184s][info][gc,phases      ] GC(2) Phase 3: Adjust pointers 0.489ms
[0.184s][info][gc,phases,start] GC(2) Phase 4: Move objects
[0.184s][info][gc,phases      ] GC(2) Phase 4: Move objects 0.072ms
[0.184s][info][gc,heap        ] GC(2) DefNew: 1151K(1152K)->40K(1152K) Eden: 1024K(1024K)->40K(1024K) From: 127K(128K)->0K(128K)
[0.184s][info][gc,heap        ] GC(2) Tenured: 439K(768K)->959K(1600K)
[0.184s][info][gc,metaspace   ] GC(2) Metaspace: 6296K(6464K)->6296K(6464K) NonClass: 5762K(5824K)->5762K(5824K) Class: 533K(640K)->533K(640K)
[0.184s][info][gc             ] GC(2) Pause Full (Allocation Failure) 0M->0M(2M) 2.204ms
[0.184s][info][gc,cpu         ] GC(2) User=0.00s Sys=0.00s Real=0.00s
[0.185s][info][gc,start       ] GC(3) Pause Young (Allocation Failure)
[0.187s][info][gc,heap        ] GC(3) DefNew: 1024K(1152K)->128K(1152K) Eden: 1024K(1024K)->0K(1024K) From: 0K(128K)->128K(128K)
[0.187s][info][gc,heap        ] GC(3) Tenured: 959K(1600K)->1375K(1600K)
[0.187s][info][gc,metaspace   ] GC(3) Metaspace: 6296K(6464K)->6296K(6464K) NonClass: 5762K(5824K)->5762K(5824K) Class: 533K(640K)->533K(640K)
[0.187s][info][gc             ] GC(3) Pause Young (Allocation Failure) 1M->1M(2M) 1.355ms
[0.187s][info][gc,cpu         ] GC(3) User=0.00s Sys=0.00s Real=0.00s
[0.188s][info][gc,start       ] GC(4) Pause Young (Allocation Failure)
[0.189s][info][gc             ] GC(4) Pause Young (Allocation Failure) 2M->1M(3M) 1.142ms
[0.189s][info][gc,cpu         ] GC(4) User=0.00s Sys=0.00s Real=0.00s
[0.189s][info][gc,start       ] GC(5) Pause Full (Allocation Failure)
[0.189s][info][gc,phases,start] GC(5) Phase 1: Mark live objects
[0.191s][info][gc,phases      ] GC(5) Phase 1: Mark live objects 1.464ms
[0.191s][info][gc,phases,start] GC(5) Phase 2: Compute new object addresses
[0.191s][info][gc,phases      ] GC(5) Phase 2: Compute new object addresses 0.440ms
[0.191s][info][gc,phases,start] GC(5) Phase 3: Adjust pointers
[0.192s][info][gc,phases      ] GC(5) Phase 3: Adjust pointers 0.766ms
[0.192s][info][gc,phases,start] GC(5) Phase 4: Move objects
[0.192s][info][gc,phases      ] GC(5) Phase 4: Move objects 0.070ms
[0.192s][info][gc,heap        ] GC(5) DefNew: 1152K(1152K)->35K(1536K) Eden: 1024K(1024K)->35K(1408K) From: 128K(128K)->0K(128K)
[0.192s][info][gc,heap        ] GC(5) Tenured: 1375K(1600K)->1983K(3308K)
[0.192s][info][gc,metaspace   ] GC(5) Metaspace: 6296K(6464K)->6296K(6464K) NonClass: 5762K(5824K)->5762K(5824K) Class: 533K(640K)->533K(640K)
[0.192s][info][gc             ] GC(5) Pause Full (Allocation Failure) 1M->1M(4M) 3.073ms
[0.192s][info][gc,cpu         ] GC(5) User=0.00s Sys=0.00s Real=0.00s
[0.194s][info][gc,start       ] GC(6) Pause Young (Allocation Failure)
[0.195s][info][gc,heap        ] GC(6) DefNew: 1407K(1536K)->127K(1536K) Eden: 1407K(1408K)->0K(1408K) From: 0K(128K)->127K(128K)
[0.195s][info][gc,heap        ] GC(6) Tenured: 1983K(3308K)->2617K(3308K)
[0.195s][info][gc,metaspace   ] GC(6) Metaspace: 6296K(6464K)->6296K(6464K) NonClass: 5762K(5824K)->5762K(5824K) Class: 533K(640K)->533K(640K)
[0.195s][info][gc             ] GC(6) Pause Young (Allocation Failure) 3M->2M(4M) 1.555ms
[0.195s][info][gc,cpu         ] GC(6) User=0.00s Sys=0.00s Real=0.00s
[0.197s][info][gc,start       ] GC(7) Pause Young (Allocation Failure)
[0.198s][info][gc             ] GC(7) Pause Young (Allocation Failure) 4M->3M(4M) 1.514ms
[0.198s][info][gc,cpu         ] GC(7) User=0.00s Sys=0.00s Real=0.00s
[0.198s][info][gc,start       ] GC(8) Pause Full (Allocation Failure)
[0.198s][info][gc,phases,start] GC(8) Phase 1: Mark live objects
[0.200s][info][gc,phases      ] GC(8) Phase 1: Mark live objects 1.942ms
[0.200s][info][gc,phases,start] GC(8) Phase 2: Compute new object addresses
[0.201s][info][gc,phases      ] GC(8) Phase 2: Compute new object addresses 0.540ms
[0.201s][info][gc,phases,start] GC(8) Phase 3: Adjust pointers
[0.202s][info][gc,phases      ] GC(8) Phase 3: Adjust pointers 0.774ms
[0.202s][info][gc,phases,start] GC(8) Phase 4: Move objects
[0.202s][info][gc,phases      ] GC(8) Phase 4: Move objects 0.070ms
[0.202s][info][gc,heap        ] GC(8) DefNew: 1535K(1536K)->0K(2688K) Eden: 1408K(1408K)->0K(2432K) From: 127K(128K)->0K(256K)
[0.202s][info][gc,heap        ] GC(8) Tenured: 2617K(3308K)->3460K(5772K)
[0.202s][info][gc,metaspace   ] GC(8) Metaspace: 6296K(6464K)->6296K(6464K) NonClass: 5762K(5824K)->5762K(5824K) Class: 533K(640K)->533K(640K)
[0.202s][info][gc             ] GC(8) Pause Full (Allocation Failure) 3M->3M(8M) 3.568ms
[0.202s][info][gc,cpu         ] GC(8) User=0.00s Sys=0.00s Real=0.00s
[0.205s][info][gc,start       ] GC(9) Pause Young (Allocation Failure)
[0.208s][info][gc,heap        ] GC(9) DefNew: 2431K(2688K)->255K(2688K) Eden: 2431K(2432K)->0K(2432K) From: 0K(256K)->255K(256K)
[0.208s][info][gc,heap        ] GC(9) Tenured: 3460K(5772K)->4512K(5772K)
[0.208s][info][gc,metaspace   ] GC(9) Metaspace: 6296K(6464K)->6296K(6464K) NonClass: 5762K(5824K)->5762K(5824K) Class: 533K(640K)->533K(640K)
[0.208s][info][gc             ] GC(9) Pause Young (Allocation Failure) 5M->4M(8M) 2.782ms
[0.208s][info][gc,cpu         ] GC(9) User=0.00s Sys=0.00s Real=0.00s
[0.211s][info][gc,start       ] GC(10) Pause Young (Allocation Failure)
[0.213s][info][gc,heap        ] GC(10) DefNew: 2687K(2688K)->255K(2688K) Eden: 2432K(2432K)->0K(2432K) From: 255K(256K)->255K(256K)
[0.213s][info][gc,heap        ] GC(10) Tenured: 4512K(5772K)->5755K(5772K)
[0.213s][info][gc,metaspace   ] GC(10) Metaspace: 6296K(6464K)->6296K(6464K) NonClass: 5762K(5824K)->5762K(5824K) Class: 533K(640K)->533K(640K)
[0.213s][info][gc             ] GC(10) Pause Young (Allocation Failure) 7M->5M(8M) 2.617ms
[0.213s][info][gc,cpu         ] GC(10) User=0.00s Sys=0.00s Real=0.00s
[0.216s][info][gc,start       ] GC(11) Pause Young (Allocation Failure)
[0.219s][info][gc             ] GC(11) Pause Young (Allocation Failure) 8M->7M(9M) 3.037ms
[0.219s][info][gc,cpu         ] GC(11) User=0.00s Sys=0.00s Real=0.00s
[0.219s][info][gc,start       ] GC(12) Pause Full (Allocation Failure)
[0.220s][info][gc,phases,start] GC(12) Phase 1: Mark live objects
[0.223s][info][gc,phases      ] GC(12) Phase 1: Mark live objects 3.727ms
[0.223s][info][gc,phases,start] GC(12) Phase 2: Compute new object addresses
[0.225s][info][gc,phases      ] GC(12) Phase 2: Compute new object addresses 1.128ms
[0.225s][info][gc,phases,start] GC(12) Phase 3: Adjust pointers
[0.226s][info][gc,phases      ] GC(12) Phase 3: Adjust pointers 1.627ms
[0.226s][info][gc,phases,start] GC(12) Phase 4: Move objects
[0.228s][info][gc,phases      ] GC(12) Phase 4: Move objects 1.170ms
[0.228s][info][gc,heap        ] GC(12) DefNew: 2687K(2688K)->0K(5376K) Eden: 2432K(2432K)->0K(4800K) From: 255K(256K)->0K(576K)
[0.228s][info][gc,heap        ] GC(12) Tenured: 5755K(5772K)->7132K(11888K)
[0.228s][info][gc,metaspace   ] GC(12) Metaspace: 6296K(6464K)->6296K(6464K) NonClass: 5762K(5824K)->5762K(5824K) Class: 533K(640K)->533K(640K)
[0.228s][info][gc             ] GC(12) Pause Full (Allocation Failure) 7M->6M(16M) 8.412ms
[0.228s][info][gc,cpu         ] GC(12) User=0.02s Sys=0.00s Real=0.01s
[0.233s][info][gc,start       ] GC(13) Pause Young (Allocation Failure)
[0.237s][info][gc,heap        ] GC(13) DefNew: 4800K(5376K)->575K(5376K) Eden: 4800K(4800K)->0K(4800K) From: 0K(576K)->575K(576K)
[0.237s][info][gc,heap        ] GC(13) Tenured: 7132K(11888K)->9027K(11888K)
[0.237s][info][gc,metaspace   ] GC(13) Metaspace: 6296K(6464K)->6296K(6464K) NonClass: 5762K(5824K)->5762K(5824K) Class: 533K(640K)->533K(640K)
[0.237s][info][gc             ] GC(13) Pause Young (Allocation Failure) 11M->9M(16M) 4.671ms
[0.237s][info][gc,cpu         ] GC(13) User=0.00s Sys=0.00s Real=0.01s
[0.243s][info][gc,start       ] GC(14) Pause Young (Allocation Failure)
[0.249s][info][gc,heap        ] GC(14) DefNew: 5375K(5376K)->575K(5376K) Eden: 4800K(4800K)->0K(4800K) From: 575K(576K)->575K(576K)
[0.249s][info][gc,heap        ] GC(14) Tenured: 9027K(11888K)->11747K(11888K)
[0.249s][info][gc,metaspace   ] GC(14) Metaspace: 6296K(6464K)->6296K(6464K) NonClass: 5762K(5824K)->5762K(5824K) Class: 533K(640K)->533K(640K)
[0.249s][info][gc             ] GC(14) Pause Young (Allocation Failure) 14M->12M(16M) 6.084ms
[0.249s][info][gc,cpu         ] GC(14) User=0.00s Sys=0.00s Real=0.01s
[0.254s][info][gc,start       ] GC(15) Pause Young (Allocation Failure)
[0.261s][info][gc             ] GC(15) Pause Young (Allocation Failure) 16M->14M(19M) 6.987ms
[0.261s][info][gc,cpu         ] GC(15) User=0.02s Sys=0.00s Real=0.01s
[0.261s][info][gc,start       ] GC(16) Pause Full (Allocation Failure)
[0.261s][info][gc,phases,start] GC(16) Phase 1: Mark live objects
[0.269s][info][gc,phases      ] GC(16) Phase 1: Mark live objects 8.067ms
[0.269s][info][gc,phases,start] GC(16) Phase 2: Compute new object addresses
[0.271s][info][gc,phases      ] GC(16) Phase 2: Compute new object addresses 2.291ms
[0.271s][info][gc,phases,start] GC(16) Phase 3: Adjust pointers
[0.274s][info][gc,phases      ] GC(16) Phase 3: Adjust pointers 3.068ms
[0.274s][info][gc,phases,start] GC(16) Phase 4: Move objects
[0.275s][info][gc,phases      ] GC(16) Phase 4: Move objects 0.199ms
[0.275s][info][gc,heap        ] GC(16) DefNew: 5375K(5376K)->387K(10880K) Eden: 4800K(4800K)->387K(9728K) From: 575K(576K)->0K(1152K)
[0.275s][info][gc,heap        ] GC(16) Tenured: 11747K(11888K)->14384K(23976K)
[0.275s][info][gc,metaspace   ] GC(16) Metaspace: 6297K(6464K)->6297K(6464K) NonClass: 5764K(5824K)->5764K(5824K) Class: 533K(640K)->533K(640K)
[0.275s][info][gc             ] GC(16) Pause Full (Allocation Failure) 14M->14M(34M) 13.995ms
[0.275s][info][gc,cpu         ] GC(16) User=0.02s Sys=0.00s Real=0.01s
[0.282s][info][gc,start       ] GC(17) Pause Young (Allocation Failure)
[0.295s][info][gc,heap        ] GC(17) DefNew: 9728K(10880K)->1152K(10880K) Eden: 9728K(9728K)->0K(9728K) From: 0K(1152K)->1152K(1152K)
[0.295s][info][gc,heap        ] GC(17) Tenured: 14384K(23976K)->18415K(23976K)
[0.295s][info][gc,metaspace   ] GC(17) Metaspace: 6297K(6464K)->6297K(6464K) NonClass: 5764K(5824K)->5764K(5824K) Class: 533K(640K)->533K(640K)
[0.295s][info][gc             ] GC(17) Pause Young (Allocation Failure) 23M->19M(34M) 12.898ms
[0.295s][info][gc,cpu         ] GC(17) User=0.00s Sys=0.00s Real=0.01s
[0.303s][info][gc,start       ] GC(18) Pause Young (Allocation Failure)
[0.315s][info][gc,heap        ] GC(18) DefNew: 10880K(10880K)->1151K(10880K) Eden: 9728K(9728K)->0K(9728K) From: 1152K(1152K)->1151K(1152K)
[0.315s][info][gc,heap        ] GC(18) Tenured: 18415K(23976K)->23936K(23976K)
[0.315s][info][gc,metaspace   ] GC(18) Metaspace: 6297K(6464K)->6297K(6464K) NonClass: 5764K(5824K)->5764K(5824K) Class: 533K(640K)->533K(640K)
[0.315s][info][gc             ] GC(18) Pause Young (Allocation Failure) 28M->24M(34M) 11.963ms
[0.315s][info][gc,cpu         ] GC(18) User=0.00s Sys=0.00s Real=0.01s
[0.322s][info][gc,start       ] GC(19) Pause Young (Allocation Failure)
[0.332s][info][gc             ] GC(19) Pause Young (Allocation Failure) 34M->29M(38M) 10.890ms
[0.333s][info][gc,cpu         ] GC(19) User=0.00s Sys=0.00s Real=0.01s
[0.333s][info][gc,start       ] GC(20) Pause Full (Allocation Failure)
[0.333s][info][gc,phases,start] GC(20) Phase 1: Mark live objects
[0.347s][info][gc,phases      ] GC(20) Phase 1: Mark live objects 13.978ms
[0.347s][info][gc,phases,start] GC(20) Phase 2: Compute new object addresses
[0.351s][info][gc,phases      ] GC(20) Phase 2: Compute new object addresses 4.651ms
[0.351s][info][gc,phases,start] GC(20) Phase 3: Adjust pointers
[0.357s][info][gc,phases      ] GC(20) Phase 3: Adjust pointers 5.268ms
[0.357s][info][gc,phases,start] GC(20) Phase 4: Move objects
[0.357s][info][gc,phases      ] GC(20) Phase 4: Move objects 0.180ms
[0.357s][info][gc,heap        ] GC(20) DefNew: 10879K(10880K)->1080K(21888K) Eden: 9728K(9728K)->1080K(19520K) From: 1151K(1152K)->0K(2368K)
[0.357s][info][gc,heap        ] GC(20) Tenured: 23936K(23976K)->29035K(48396K)
[0.357s][info][gc,metaspace   ] GC(20) Metaspace: 6297K(6464K)->6297K(6464K) NonClass: 5764K(5824K)->5764K(5824K) Class: 533K(640K)->533K(640K)
[0.357s][info][gc             ] GC(20) Pause Full (Allocation Failure) 29M->29M(68M) 24.508ms
[0.357s][info][gc,cpu         ] GC(20) User=0.03s Sys=0.00s Real=0.02s
[0.372s][info][gc,start       ] GC(21) Pause Young (Allocation Failure)
[0.397s][info][gc,heap        ] GC(21) DefNew: 19520K(21888K)->2367K(21888K) Eden: 19520K(19520K)->0K(19520K) From: 0K(2368K)->2367K(2368K)
[0.397s][info][gc,heap        ] GC(21) Tenured: 29035K(48396K)->37685K(48396K)
[0.397s][info][gc,metaspace   ] GC(21) Metaspace: 6297K(6464K)->6297K(6464K) NonClass: 5764K(5824K)->5764K(5824K) Class: 533K(640K)->533K(640K)
[0.397s][info][gc             ] GC(21) Pause Young (Allocation Failure) 47M->39M(68M) 25.826ms
[0.398s][info][gc,cpu         ] GC(21) User=0.02s Sys=0.00s Real=0.03s
[0.415s][info][gc,start       ] GC(22) Pause Young (Allocation Failure)
[0.450s][info][gc             ] GC(22) Pause Young (Allocation Failure) 58M->58M(77M) 34.909ms
[0.450s][info][gc,cpu         ] GC(22) User=0.03s Sys=0.00s Real=0.03s
[0.450s][info][gc,start       ] GC(23) Pause Full (Allocation Failure)
[0.450s][info][gc,phases,start] GC(23) Phase 1: Mark live objects
[0.474s][info][gc,phases      ] GC(23) Phase 1: Mark live objects 23.942ms
[0.474s][info][gc,phases,start] GC(23) Phase 2: Compute new object addresses
[0.483s][info][gc,phases      ] GC(23) Phase 2: Compute new object addresses 9.027ms
[0.483s][info][gc,phases,start] GC(23) Phase 3: Adjust pointers
[0.494s][info][gc,phases      ] GC(23) Phase 3: Adjust pointers 10.530ms
[0.494s][info][gc,phases,start] GC(23) Phase 4: Move objects
[0.494s][info][gc,phases      ] GC(23) Phase 4: Move objects 0.358ms
[0.495s][info][gc,heap        ] GC(23) DefNew: 21887K(21888K)->2314K(43008K) Eden: 19520K(19520K)->2314K(38272K) From: 2367K(2368K)->0K(4736K)
[0.495s][info][gc,heap        ] GC(23) Tenured: 37685K(48396K)->57228K(95380K)
[0.495s][info][gc,metaspace   ] GC(23) Metaspace: 6297K(6464K)->6297K(6464K) NonClass: 5764K(5824K)->5764K(5824K) Class: 533K(640K)->533K(640K)
[0.495s][info][gc             ] GC(23) Pause Full (Allocation Failure) 58M->58M(135M) 44.500ms
[0.495s][info][gc,cpu         ] GC(23) User=0.03s Sys=0.00s Real=0.04s
[0.535s][info][gc,start       ] GC(24) Pause Young (Allocation Failure)
[0.595s][info][gc,heap        ] GC(24) DefNew: 38272K(43008K)->4735K(43008K) Eden: 38272K(38272K)->0K(38272K) From: 0K(4736K)->4735K(4736K)
[0.595s][info][gc,heap        ] GC(24) Tenured: 57228K(95380K)->90738K(95380K)
[0.595s][info][gc,metaspace   ] GC(24) Metaspace: 6297K(6464K)->6297K(6464K) NonClass: 5764K(5824K)->5764K(5824K) Class: 533K(640K)->533K(640K)
[0.596s][info][gc             ] GC(24) Pause Young (Allocation Failure) 93M->93M(135M) 60.645ms
[0.596s][info][gc,cpu         ] GC(24) User=0.03s Sys=0.02s Real=0.06s
[0.627s][info][gc,start       ] GC(25) Pause Young (Allocation Failure)
[0.695s][info][gc             ] GC(25) Pause Young (Allocation Failure) 130M->130M(168M) 68.324ms
[0.695s][info][gc,cpu         ] GC(25) User=0.06s Sys=0.00s Real=0.07s
[0.695s][info][gc,start       ] GC(26) Pause Full (Allocation Failure)
[0.695s][info][gc,phases,start] GC(26) Phase 1: Mark live objects
[0.749s][info][gc,phases      ] GC(26) Phase 1: Mark live objects 53.335ms
[0.749s][info][gc,phases,start] GC(26) Phase 2: Compute new object addresses
[0.769s][info][gc,phases      ] GC(26) Phase 2: Compute new object addresses 20.339ms
[0.769s][info][gc,phases,start] GC(26) Phase 3: Adjust pointers
[0.795s][info][gc,phases      ] GC(26) Phase 3: Adjust pointers 25.862ms
[0.795s][info][gc,phases,start] GC(26) Phase 4: Move objects
[0.819s][info][gc,phases      ] GC(26) Phase 4: Move objects 24.181ms
[0.820s][info][gc,heap        ] GC(26) DefNew: 43007K(43008K)->823K(96832K) Eden: 38272K(38272K)->823K(86080K) From: 4735K(4736K)->0K(10752K)
[0.820s][info][gc,heap        ] GC(26) Tenured: 90738K(95380K)->129048K(215080K)
[0.820s][info][gc,metaspace   ] GC(26) Metaspace: 6297K(6464K)->6297K(6464K) NonClass: 5764K(5824K)->5764K(5824K) Class: 533K(640K)->533K(640K)
[0.820s][info][gc             ] GC(26) Pause Full (Allocation Failure) 130M->126M(304M) 124.499ms
[0.820s][info][gc,cpu         ] GC(26) User=0.11s Sys=0.00s Real=0.12s
[0.909s][info][gc,start       ] GC(27) Pause Young (Allocation Failure)
[1.052s][info][gc,heap        ] GC(27) DefNew: 86080K(96832K)->10751K(96832K) Eden: 86080K(86080K)->0K(86080K) From: 0K(10752K)->10751K(10752K)
[1.052s][info][gc,heap        ] GC(27) Tenured: 129048K(215080K)->204344K(215080K)
[1.052s][info][gc,metaspace   ] GC(27) Metaspace: 6297K(6464K)->6297K(6464K) NonClass: 5764K(5824K)->5764K(5824K) Class: 533K(640K)->533K(640K)
[1.052s][info][gc             ] GC(27) Pause Young (Allocation Failure) 210M->210M(304M) 142.711ms
[1.052s][info][gc,cpu         ] GC(27) User=0.11s Sys=0.03s Real=0.14s
[1.133s][info][gc,start       ] GC(28) Pause Young (Allocation Failure)
[1.295s][info][gc             ] GC(28) Pause Young (Allocation Failure) 294M->294M(378M) 161.287ms
[1.295s][info][gc,cpu         ] GC(28) User=0.14s Sys=0.02s Real=0.16s
[1.295s][info][gc,start       ] GC(29) Pause Full (Allocation Failure)
[1.295s][info][gc,phases,start] GC(29) Phase 1: Mark live objects
[1.423s][info][gc,phases      ] GC(29) Phase 1: Mark live objects 128.368ms
[1.423s][info][gc,phases,start] GC(29) Phase 2: Compute new object addresses
[1.470s][info][gc,phases      ] GC(29) Phase 2: Compute new object addresses 46.995ms
[1.470s][info][gc,phases,start] GC(29) Phase 3: Adjust pointers
[1.524s][info][gc,phases      ] GC(29) Phase 3: Adjust pointers 53.669ms
[1.524s][info][gc,phases,start] GC(29) Phase 4: Move objects
[1.526s][info][gc,phases      ] GC(29) Phase 4: Move objects 2.371ms
[1.527s][info][gc,heap        ] GC(29) DefNew: 96831K(96832K)->10668K(217920K) Eden: 86080K(86080K)->10668K(193728K) From: 10751K(10752K)->0K(24192K)
[1.527s][info][gc,heap        ] GC(29) Tenured: 204344K(215080K)->290475K(484128K)
[1.527s][info][gc,metaspace   ] GC(29) Metaspace: 6297K(6464K)->6297K(6464K) NonClass: 5764K(5824K)->5764K(5824K) Class: 533K(640K)->533K(640K)
[1.527s][info][gc             ] GC(29) Pause Full (Allocation Failure) 294M->294M(685M) 232.706ms
[1.527s][info][gc,cpu         ] GC(29) User=0.20s Sys=0.02s Real=0.23s
[1.730s][info][gc,start       ] GC(30) Pause Young (Allocation Failure)
[2.067s][info][gc,heap        ] GC(30) DefNew: 193728K(217920K)->24191K(217920K) Eden: 193728K(193728K)->0K(193728K) From: 0K(24192K)->24191K(24192K)
[2.067s][info][gc,heap        ] GC(30) Tenured: 290475K(484128K)->459986K(484128K)
[2.067s][info][gc,metaspace   ] GC(30) Metaspace: 6297K(6464K)->6297K(6464K) NonClass: 5764K(5824K)->5764K(5824K) Class: 533K(640K)->533K(640K)
[2.067s][info][gc             ] GC(30) Pause Young (Allocation Failure) 472M->472M(685M) 337.032ms
[2.067s][info][gc,cpu         ] GC(30) User=0.30s Sys=0.03s Real=0.34s
[2.250s][info][gc,start       ] GC(31) Pause Young (Allocation Failure)
[2.656s][info][gc             ] GC(31) Pause Young (Allocation Failure) 662M->661M(851M) 405.659ms
[2.656s][info][gc,cpu         ] GC(31) User=0.34s Sys=0.03s Real=0.41s
[2.656s][info][gc,start       ] GC(32) Pause Full (Allocation Failure)
[2.656s][info][gc,phases,start] GC(32) Phase 1: Mark live objects
[2.969s][info][gc,phases      ] GC(32) Phase 1: Mark live objects 312.441ms
[2.969s][info][gc,phases,start] GC(32) Phase 2: Compute new object addresses
[3.074s][info][gc,phases      ] GC(32) Phase 2: Compute new object addresses 105.473ms
[3.074s][info][gc,phases,start] GC(32) Phase 3: Adjust pointers
[3.189s][info][gc,phases      ] GC(32) Phase 3: Adjust pointers 114.725ms
[3.189s][info][gc,phases,start] GC(32) Phase 4: Move objects
[3.194s][info][gc,phases      ] GC(32) Phase 4: Move objects 4.757ms
[3.196s][info][gc,heap        ] GC(32) DefNew: 217919K(217920K)->24144K(490368K) Eden: 193728K(193728K)->24144K(435904K) From: 24191K(24192K)->0K(54464K)
[3.196s][info][gc,heap        ] GC(32) Tenured: 459986K(484128K)->653731K(1089556K)
[3.196s][info][gc,metaspace   ] GC(32) Metaspace: 6297K(6464K)->6297K(6464K) NonClass: 5764K(5824K)->5764K(5824K) Class: 533K(640K)->533K(640K)
[3.196s][info][gc             ] GC(32) Pause Full (Allocation Failure) 661M->661M(1542M) 539.829ms
[3.196s][info][gc,cpu         ] GC(32) User=0.48s Sys=0.00s Real=0.54s
[3.664s][info][gc,start       ] GC(33) Pause Young (Allocation Failure)
[4.428s][info][gc,heap        ] GC(33) DefNew: 435904K(490368K)->54464K(490368K) Eden: 435904K(435904K)->0K(435904K) From: 0K(54464K)->54464K(54464K)
[4.428s][info][gc,heap        ] GC(33) Tenured: 653731K(1089556K)->1035143K(1089556K)
[4.428s][info][gc,metaspace   ] GC(33) Metaspace: 6297K(6464K)->6297K(6464K) NonClass: 5764K(5824K)->5764K(5824K) Class: 533K(640K)->533K(640K)
[4.428s][info][gc             ] GC(33) Pause Young (Allocation Failure) 1064M->1064M(1542M) 764.282ms
[4.428s][info][gc,cpu         ] GC(33) User=0.64s Sys=0.09s Real=0.77s
[4.759s][info][gc,start       ] GC(34) Pause Young (Allocation Failure)
[5.485s][info][gc             ] GC(34) Pause Young (Allocation Failure) 1427M->1404M(1830M) 725.501ms
[5.485s][info][gc,cpu         ] GC(34) User=0.56s Sys=0.14s Real=0.73s
[5.485s][info][gc,start       ] GC(35) Pause Full (Allocation Failure)
[5.485s][info][gc,phases,start] GC(35) Phase 1: Mark live objects
[6.144s][info][gc,phases      ] GC(35) Phase 1: Mark live objects 659.063ms
[6.144s][info][gc,phases,start] GC(35) Phase 2: Compute new object addresses
[6.389s][info][gc,phases      ] GC(35) Phase 2: Compute new object addresses 244.785ms
[6.389s][info][gc,phases,start] GC(35) Phase 3: Adjust pointers
[6.661s][info][gc,phases      ] GC(35) Phase 3: Adjust pointers 272.105ms
[6.661s][info][gc,phases,start] GC(35) Phase 4: Move objects
[6.673s][info][gc,phases      ] GC(35) Phase 4: Move objects 11.446ms
[6.676s][info][gc,heap        ] GC(35) DefNew: 426236K(490368K)->54277K(1038144K) Eden: 371772K(435904K)->54277K(922816K) From: 54464K(54464K)->0K(115328K)
[6.676s][info][gc,heap        ] GC(35) Tenured: 1035143K(1089556K)->1384083K(2306808K)
[6.676s][info][gc,metaspace   ] GC(35) Metaspace: 6297K(6464K)->6297K(6464K) NonClass: 5764K(5824K)->5764K(5824K) Class: 533K(640K)->533K(640K)
[6.676s][info][gc             ] GC(35) Pause Full (Allocation Failure) 1404M->1404M(3266M) 1191.659ms
[6.676s][info][gc,cpu         ] GC(35) User=1.17s Sys=0.00s Real=1.19s
[7.617s][info][gc,start       ] GC(36) Pause Young (Allocation Failure)
[9.260s][info][gc,heap        ] GC(36) DefNew: 922816K(1038144K)->115327K(1038144K) Eden: 922816K(922816K)->0K(922816K) From: 0K(115328K)->115327K(115328K)
[9.260s][info][gc,heap        ] GC(36) Tenured: 1384083K(2306808K)->2191543K(2306808K)
[9.260s][info][gc,metaspace   ] GC(36) Metaspace: 6297K(6464K)->6297K(6464K) NonClass: 5764K(5824K)->5764K(5824K) Class: 533K(640K)->533K(640K)
[9.260s][info][gc             ] GC(36) Pause Young (Allocation Failure) 2252M->2252M(3266M) 1642.734ms
[9.260s][info][gc,cpu         ] GC(36) User=1.25s Sys=0.31s Real=1.64s
[10.232s][info][gc,start       ] GC(37) Pause Young (Allocation Failure)
[11.782s][info][gc             ] GC(37) Pause Young (Allocation Failure) 3153M->3089M(3991M) 1550.081ms
[11.782s][info][gc,cpu         ] GC(37) User=1.23s Sys=0.25s Real=1.55s
[11.782s][info][gc,start       ] GC(38) Pause Full (Allocation Failure)
[11.782s][info][gc,phases,start] GC(38) Phase 1: Mark live objects
[13.236s][info][gc,phases      ] GC(38) Phase 1: Mark live objects 1454.089ms
[13.236s][info][gc,phases,start] GC(38) Phase 2: Compute new object addresses
[13.696s][info][gc,phases      ] GC(38) Phase 2: Compute new object addresses 459.965ms
[13.696s][info][gc,phases,start] GC(38) Phase 3: Adjust pointers
[14.327s][info][gc,phases      ] GC(38) Phase 3: Adjust pointers 630.874ms
[14.327s][info][gc,phases,start] GC(38) Phase 4: Move objects
[14.923s][info][gc,phases      ] GC(38) Phase 4: Move objects 596.304ms
[14.932s][info][gc,heap        ] GC(38) DefNew: 1038143K(1038144K)->53855K(2286720K) Eden: 922816K(922816K)->53855K(2032704K) From: 115327K(115328K)->0K(254016K)
[14.932s][info][gc,heap        ] GC(38) Tenured: 2191543K(2306808K)->3048827K(5081380K)
[14.932s][info][gc,metaspace   ] GC(38) Metaspace: 6297K(6464K)->6297K(6464K) NonClass: 5764K(5824K)->5764K(5824K) Class: 533K(640K)->533K(640K)
[14.932s][info][gc             ] GC(38) Pause Full (Allocation Failure) 3089M->3029M(7195M) 3150.056ms
[14.932s][info][gc,cpu         ] GC(38) User=3.08s Sys=0.02s Real=3.15s
[16.944s][info][gc,start       ] GC(39) Pause Young (Allocation Failure)
[20.515s][info][gc,heap        ] GC(39) DefNew: 2032704K(2286720K)->254015K(2286720K) Eden: 2032704K(2032704K)->0K(2032704K) From: 0K(254016K)->254015K(254016K)
[20.515s][info][gc,heap        ] GC(39) Tenured: 3048827K(5081380K)->4827481K(5081380K)
[20.515s][info][gc,metaspace   ] GC(39) Metaspace: 6297K(6464K)->6297K(6464K) NonClass: 5764K(5824K)->5764K(5824K) Class: 533K(640K)->533K(640K)
[20.515s][info][gc             ] GC(39) Pause Young (Allocation Failure) 4962M->4962M(7195M) 3571.021ms
[20.515s][info][gc,cpu         ] GC(39) User=3.14s Sys=0.41s Real=3.57s
[22.517s][info][gc,start       ] GC(40) Pause Young (Allocation Failure)
[22.517s][info][gc             ] GC(40) Pause Young (Allocation Failure) 6947M->6947M(7195M) 0.126ms
[22.517s][info][gc,cpu         ] GC(40) User=0.00s Sys=0.00s Real=0.00s
[22.517s][info][gc,start       ] GC(41) Pause Full (Allocation Failure)
[22.517s][info][gc,phases,start] GC(41) Phase 1: Mark live objects
[25.888s][info][gc,phases      ] GC(41) Phase 1: Mark live objects 3370.326ms
[25.888s][info][gc,phases,start] GC(41) Phase 2: Compute new object addresses
[26.931s][info][gc,phases      ] GC(41) Phase 2: Compute new object addresses 1043.707ms
[26.931s][info][gc,phases,start] GC(41) Phase 3: Adjust pointers
[28.359s][info][gc,phases      ] GC(41) Phase 3: Adjust pointers 1427.833ms
[28.359s][info][gc,phases,start] GC(41) Phase 4: Move objects
[28.869s][info][gc,phases      ] GC(41) Phase 4: Move objects 509.626ms
[28.872s][info][gc,heap        ] GC(41) DefNew: 2286719K(2286720K)->2032761K(2286720K) Eden: 2032704K(2032704K)->2032703K(2032704K) From: 254015K(254016K)->57K(254016K)
[28.872s][info][gc,heap        ] GC(41) Tenured: 4827481K(5081380K)->5081379K(6007488K)
[28.872s][info][gc,metaspace   ] GC(41) Metaspace: 6297K(6464K)->6297K(6464K) NonClass: 5764K(5824K)->5764K(5824K) Class: 533K(640K)->533K(640K)
[28.872s][info][gc             ] GC(41) Pause Full (Allocation Failure) 6947M->6947M(8099M) 6354.505ms
[28.872s][info][gc,cpu         ] GC(41) User=6.14s Sys=0.06s Real=6.35s
[32.791s][info][gc,start       ] GC(42) Pause Full (Allocation Failure)
[32.791s][info][gc,phases,start] GC(42) Phase 1: Mark live objects
[36.578s][info][gc,phases      ] GC(42) Phase 1: Mark live objects 3786.904ms
[36.578s][info][gc,phases,start] GC(42) Phase 2: Compute new object addresses
[37.769s][info][gc,phases      ] GC(42) Phase 2: Compute new object addresses 1190.945ms
[37.769s][info][gc,phases,start] GC(42) Phase 3: Adjust pointers
[39.326s][info][gc,phases      ] GC(42) Phase 3: Adjust pointers 1556.738ms
[39.326s][info][gc,phases,start] GC(42) Phase 4: Move objects
[39.326s][info][gc,phases      ] GC(42) Phase 4: Move objects 0.017ms
[39.326s][info][gc,heap        ] GC(42) DefNew: 2286719K(2286720K)->2286719K(2286720K) Eden: 2032703K(2032704K)->2032703K(2032704K) From: 254015K(254016K)->254015K(254016K)
[39.326s][info][gc,heap        ] GC(42) Tenured: 6007487K(6007488K)->6007487K(6007488K)
[39.326s][info][gc,metaspace   ] GC(42) Metaspace: 6297K(6464K)->6297K(6464K) NonClass: 5764K(5824K)->5764K(5824K) Class: 533K(640K)->533K(640K)
[39.326s][info][gc             ] GC(42) Pause Full (Allocation Failure) 8099M->8099M(8099M) 6535.633ms
[39.326s][info][gc,cpu         ] GC(42) User=6.47s Sys=0.00s Real=6.54s
[39.327s][info][gc,start       ] GC(43) Pause Full (Allocation Failure)
[39.327s][info][gc,phases,start] GC(43) Phase 1: Mark live objects
[43.009s][info][gc,phases      ] GC(43) Phase 1: Mark live objects 3682.067ms
[43.009s][info][gc,phases,start] GC(43) Phase 2: Compute new object addresses
[44.119s][info][gc,phases      ] GC(43) Phase 2: Compute new object addresses 1110.262ms
[44.119s][info][gc,phases,start] GC(43) Phase 3: Adjust pointers
[45.971s][info][gc,phases      ] GC(43) Phase 3: Adjust pointers 1851.810ms
[45.971s][info][gc,phases,start] GC(43) Phase 4: Move objects
[47.490s][info][gc,phases      ] GC(43) Phase 4: Move objects 1519.173ms
[47.491s][info][gc,heap        ] GC(43) DefNew: 2286719K(2286720K)->2155643K(2286720K) Eden: 2032703K(2032704K)->2032703K(2032704K) From: 254015K(254016K)->122939K(254016K)
[47.491s][info][gc,heap        ] GC(43) Tenured: 6007487K(6007488K)->6007488K(6007488K)
[47.491s][info][gc,metaspace   ] GC(43) Metaspace: 6297K(6464K)->6296K(6464K) NonClass: 5764K(5824K)->5763K(5824K) Class: 533K(640K)->532K(640K)
[47.491s][info][gc             ] GC(43) Pause Full (Allocation Failure) 8099M->7971M(8099M) 8164.154ms
[47.491s][info][gc,cpu         ] GC(43) User=8.12s Sys=0.00s Real=8.16s
[47.850s][info][gc,start       ] GC(44) Pause Full (Allocation Failure)
[47.851s][info][gc,phases,start] GC(44) Phase 1: Mark live objects
[51.607s][info][gc,phases      ] GC(44) Phase 1: Mark live objects 3755.989ms
[51.607s][info][gc,phases,start] GC(44) Phase 2: Compute new object addresses
[52.740s][info][gc,phases      ] GC(44) Phase 2: Compute new object addresses 1133.170ms
[52.740s][info][gc,phases,start] GC(44) Phase 3: Adjust pointers
[54.284s][info][gc,phases      ] GC(44) Phase 3: Adjust pointers 1543.752ms
[54.284s][info][gc,phases,start] GC(44) Phase 4: Move objects
[54.284s][info][gc,phases      ] GC(44) Phase 4: Move objects 0.017ms
[54.284s][info][gc,heap        ] GC(44) DefNew: 2286719K(2286720K)->2286719K(2286720K) Eden: 2032703K(2032704K)->2032703K(2032704K) From: 254015K(254016K)->254015K(254016K)
[54.284s][info][gc,heap        ] GC(44) Tenured: 6007488K(6007488K)->6007488K(6007488K)
[54.284s][info][gc,metaspace   ] GC(44) Metaspace: 6296K(6464K)->6296K(6464K) NonClass: 5763K(5824K)->5763K(5824K) Class: 532K(640K)->532K(640K)
[54.284s][info][gc             ] GC(44) Pause Full (Allocation Failure) 8099M->8099M(8099M) 6433.767ms
[54.284s][info][gc,cpu         ] GC(44) User=6.39s Sys=0.02s Real=6.43s
[54.284s][info][gc,start       ] GC(45) Pause Full (Allocation Failure)
[54.284s][info][gc,phases,start] GC(45) Phase 1: Mark live objects
[58.033s][info][gc,phases      ] GC(45) Phase 1: Mark live objects 3748.714ms
[58.033s][info][gc,phases,start] GC(45) Phase 2: Compute new object addresses
[59.155s][info][gc,phases      ] GC(45) Phase 2: Compute new object addresses 1122.105ms
[59.155s][info][gc,phases,start] GC(45) Phase 3: Adjust pointers
[60.692s][info][gc,phases      ] GC(45) Phase 3: Adjust pointers 1536.308ms
[60.692s][info][gc,phases,start] GC(45) Phase 4: Move objects
[60.692s][info][gc,phases      ] GC(45) Phase 4: Move objects 0.017ms
[60.692s][info][gc,heap        ] GC(45) DefNew: 2286719K(2286720K)->2286719K(2286720K) Eden: 2032703K(2032704K)->2032703K(2032704K) From: 254015K(254016K)->254015K(254016K)
[60.692s][info][gc,heap        ] GC(45) Tenured: 6007488K(6007488K)->6007488K(6007488K)
[60.692s][info][gc,metaspace   ] GC(45) Metaspace: 6296K(6464K)->6296K(6464K) NonClass: 5763K(5824K)->5763K(5824K) Class: 532K(640K)->532K(640K)
[60.692s][info][gc             ] GC(45) Pause Full (Allocation Failure) 8099M->8099M(8099M) 6407.916ms
[60.692s][info][gc,cpu         ] GC(45) User=6.33s Sys=0.02s Real=6.41s
[60.693s][info][gc,start       ] GC(46) Pause Full (Allocation Failure)
[60.693s][info][gc,phases,start] GC(46) Phase 1: Mark live objects
[64.434s][info][gc,phases      ] GC(46) Phase 1: Mark live objects 3741.538ms
[64.434s][info][gc,phases,start] GC(46) Phase 2: Compute new object addresses
[65.565s][info][gc,phases      ] GC(46) Phase 2: Compute new object addresses 1130.764ms
[65.565s][info][gc,phases,start] GC(46) Phase 3: Adjust pointers
[67.126s][info][gc,phases      ] GC(46) Phase 3: Adjust pointers 1560.770ms
[67.126s][info][gc,phases,start] GC(46) Phase 4: Move objects
[67.126s][info][gc,phases      ] GC(46) Phase 4: Move objects 0.017ms
[67.126s][info][gc,heap        ] GC(46) DefNew: 2286719K(2286720K)->2286719K(2286720K) Eden: 2032703K(2032704K)->2032703K(2032704K) From: 254016K(254016K)->254015K(254016K)
[67.126s][info][gc,heap        ] GC(46) Tenured: 6007488K(6007488K)->6007488K(6007488K)
[67.126s][info][gc,metaspace   ] GC(46) Metaspace: 6296K(6464K)->6296K(6464K) NonClass: 5763K(5824K)->5763K(5824K) Class: 532K(640K)->532K(640K)
[67.127s][info][gc             ] GC(46) Pause Full (Allocation Failure) 8099M->8099M(8099M) 6433.871ms
[67.127s][info][gc,cpu         ] GC(46) User=6.44s Sys=0.00s Real=6.43s
[67.127s][info][gc,start       ] GC(47) Pause Full (Allocation Failure)
[67.127s][info][gc,phases,start] GC(47) Phase 1: Mark live objects
[70.866s][info][gc,phases      ] GC(47) Phase 1: Mark live objects 3738.784ms
[70.866s][info][gc,phases,start] GC(47) Phase 2: Compute new object addresses
[71.987s][info][gc,phases      ] GC(47) Phase 2: Compute new object addresses 1121.310ms
[71.987s][info][gc,phases,start] GC(47) Phase 3: Adjust pointers
[73.526s][info][gc,phases      ] GC(47) Phase 3: Adjust pointers 1538.682ms
[73.526s][info][gc,phases,start] GC(47) Phase 4: Move objects
[73.526s][info][gc,phases      ] GC(47) Phase 4: Move objects 0.017ms
[73.526s][info][gc,heap        ] GC(47) DefNew: 2286719K(2286720K)->2286719K(2286720K) Eden: 2032703K(2032704K)->2032703K(2032704K) From: 254015K(254016K)->254015K(254016K)
[73.526s][info][gc,heap        ] GC(47) Tenured: 6007488K(6007488K)->6007488K(6007488K)
[73.526s][info][gc,metaspace   ] GC(47) Metaspace: 6296K(6464K)->6296K(6464K) NonClass: 5763K(5824K)->5763K(5824K) Class: 532K(640K)->532K(640K)
[73.526s][info][gc             ] GC(47) Pause Full (Allocation Failure) 8099M->8099M(8099M) 6399.546ms
[73.526s][info][gc,cpu         ] GC(47) User=6.39s Sys=0.00s Real=6.40s
[73.527s][info][gc,start       ] GC(48) Pause Full (Allocation Failure)
[73.527s][info][gc,phases,start] GC(48) Phase 1: Mark live objects
[77.313s][info][gc,phases      ] GC(48) Phase 1: Mark live objects 3785.969ms
[77.313s][info][gc,phases,start] GC(48) Phase 2: Compute new object addresses
[78.556s][info][gc,phases      ] GC(48) Phase 2: Compute new object addresses 1243.408ms
[78.556s][info][gc,phases,start] GC(48) Phase 3: Adjust pointers
[80.463s][info][gc,phases      ] GC(48) Phase 3: Adjust pointers 1906.505ms
[80.463s][info][gc,phases,start] GC(48) Phase 4: Move objects
[81.797s][info][gc,phases      ] GC(48) Phase 4: Move objects 1333.679ms
[81.797s][info][gc,heap        ] GC(48) DefNew: 2286719K(2286720K)->2286718K(2286720K) Eden: 2032703K(2032704K)->2032703K(2032704K) From: 254015K(254016K)->254014K(254016K)
[81.797s][info][gc,heap        ] GC(48) Tenured: 6007488K(6007488K)->6007487K(6007488K)
[81.797s][info][gc,metaspace   ] GC(48) Metaspace: 6296K(6464K)->6296K(6464K) NonClass: 5763K(5824K)->5763K(5824K) Class: 532K(640K)->532K(640K)
[81.797s][info][gc             ] GC(48) Pause Full (Allocation Failure) 8099M->8099M(8099M) 8270.418ms
[81.797s][info][gc,cpu         ] GC(48) User=8.19s Sys=0.00s Real=8.27s
[81.798s][info][gc,start       ] GC(49) Pause Full (Allocation Failure)
[81.798s][info][gc,phases,start] GC(49) Phase 1: Mark live objects
[85.586s][info][gc,phases      ] GC(49) Phase 1: Mark live objects 3787.528ms
[85.586s][info][gc,phases,start] GC(49) Phase 2: Compute new object addresses
[86.741s][info][gc,phases      ] GC(49) Phase 2: Compute new object addresses 1155.365ms
[86.741s][info][gc,phases,start] GC(49) Phase 3: Adjust pointers
[88.321s][info][gc,phases      ] GC(49) Phase 3: Adjust pointers 1580.037ms
[88.322s][info][gc,phases,start] GC(49) Phase 4: Move objects
[88.322s][info][gc,phases      ] GC(49) Phase 4: Move objects 0.017ms
[88.322s][info][gc,heap        ] GC(49) DefNew: 2286719K(2286720K)->2286718K(2286720K) Eden: 2032704K(2032704K)->2032703K(2032704K) From: 254015K(254016K)->254014K(254016K)
[88.322s][info][gc,heap        ] GC(49) Tenured: 6007487K(6007488K)->6007487K(6007488K)
[88.322s][info][gc,metaspace   ] GC(49) Metaspace: 6298K(6464K)->6298K(6464K) NonClass: 5764K(5824K)->5764K(5824K) Class: 533K(640K)->533K(640K)
[88.322s][info][gc             ] GC(49) Pause Full (Allocation Failure) 8099M->8099M(8099M) 6523.801ms
[88.322s][info][gc,cpu         ] GC(49) User=6.38s Sys=0.00s Real=6.52s
[88.322s][info][gc,heap,exit   ] Heap
[88.323s][info][gc,heap,exit   ]  def new generation   total 2286720K, used 2286719K [0x00000005da000000, 0x0000000675130000, 0x0000000691550000)
[88.323s][info][gc,heap,exit   ]   eden space 2032704K, 100% used [0x00000005da000000, 0x0000000656110000, 0x0000000656110000)
[88.323s][info][gc,heap,exit   ]   from space 254016K,  99% used [0x0000000665920000, 0x000000067512fee0, 0x0000000675130000)
[88.323s][info][gc,heap,exit   ]   to   space 254016K,   0% used [0x0000000656110000, 0x0000000656110000, 0x0000000665920000)
[88.323s][info][gc,heap,exit   ]  tenured generation   total 6007488K, used 6007487K [0x0000000691550000, 0x0000000800000000, 0x0000000800000000)
[88.323s][info][gc,heap,exit   ]    the space 6007488K,  99% used [0x0000000691550000, 0x00000007fffffff0, 0x0000000800000000, 0x0000000800000000)
[88.323s][info][gc,heap,exit   ]  Metaspace       used 6301K, committed 6464K, reserved 1114112K
[88.323s][info][gc,heap,exit   ]   class space    used 534K, committed 640K, reserved 1048576K
