[0.014s][info][gc,init] CardTable entry size: 512
[0.014s][info][gc     ] Using Serial
[0.014s][info][gc,init] Version: 18.0.1+10 (release)
[0.014s][info][gc,init] CPUs: 8 total, 8 available
[0.014s][info][gc,init] Memory: 16063M
[0.014s][info][gc,init] Large Page Support: Disabled
[0.014s][info][gc,init] NUMA Support: Disabled
[0.014s][info][gc,init] Compressed Oops: Enabled (Zero based)
[0.014s][info][gc,init] Heap Min Capacity: 2M
[0.014s][info][gc,init] Heap Initial Capacity: 2M
[0.014s][info][gc,init] Heap Max Capacity: 17300M
[0.014s][info][gc,init] Pre-touch: Disabled
[0.015s][info][gc,metaspace] CDS archive(s) not mapped
[0.015s][info][gc,metaspace] Compressed class space mapped at: 0x0000000800000000-0x0000000840000000, reserved size: 1073741824
[0.015s][info][gc,metaspace] Narrow klass base: 0x0000000800000000, Narrow klass shift: 0, Narrow klass range: 0x40000000
[0.214s][info][gc,start    ] GC(0) Pause Young (Allocation Failure)
[0.215s][info][gc,heap     ] GC(0) DefNew: 1023K(1152K)->127K(1152K) Eden: 1023K(1024K)->0K(1024K) From: 0K(128K)->127K(128K)
[0.215s][info][gc,heap     ] GC(0) Tenured: 0K(768K)->439K(768K)
[0.215s][info][gc,metaspace] GC(0) Metaspace: 5898K(6016K)->5898K(6016K) NonClass: 5399K(5504K)->5399K(5504K) Class: 499K(512K)->499K(512K)
[0.215s][info][gc          ] GC(0) Pause Young (Allocation Failure) 0M->0M(1M) 1.680ms
[0.215s][info][gc,cpu      ] GC(0) User=0.00s Sys=0.00s Real=0.00s
[0.233s][info][gc,start    ] GC(1) Pause Young (Allocation Failure)
[0.234s][info][gc          ] GC(1) Pause Young (Allocation Failure) 1M->0M(2M) 1.182ms
[0.235s][info][gc,cpu      ] GC(1) User=0.00s Sys=0.00s Real=0.00s
[0.235s][info][gc,start    ] GC(2) Pause Full (Allocation Failure)
[0.235s][info][gc,phases,start] GC(2) Phase 1: Mark live objects
[0.236s][info][gc,phases      ] GC(2) Phase 1: Mark live objects 0.955ms
[0.236s][info][gc,phases,start] GC(2) Phase 2: Compute new object addresses
[0.236s][info][gc,phases      ] GC(2) Phase 2: Compute new object addresses 0.237ms
[0.236s][info][gc,phases,start] GC(2) Phase 3: Adjust pointers
[0.236s][info][gc,phases      ] GC(2) Phase 3: Adjust pointers 0.520ms
[0.236s][info][gc,phases,start] GC(2) Phase 4: Move objects
[0.236s][info][gc,phases      ] GC(2) Phase 4: Move objects 0.066ms
[0.237s][info][gc,heap        ] GC(2) DefNew: 1151K(1152K)->40K(1152K) Eden: 1024K(1024K)->40K(1024K) From: 127K(128K)->0K(128K)
[0.237s][info][gc,heap        ] GC(2) Tenured: 439K(768K)->959K(1600K)
[0.237s][info][gc,metaspace   ] GC(2) Metaspace: 6295K(6464K)->6295K(6464K) NonClass: 5762K(5824K)->5762K(5824K) Class: 533K(640K)->533K(640K)
[0.237s][info][gc             ] GC(2) Pause Full (Allocation Failure) 0M->0M(2M) 2.106ms
[0.237s][info][gc,cpu         ] GC(2) User=0.00s Sys=0.00s Real=0.00s
[0.238s][info][gc,start       ] GC(3) Pause Young (Allocation Failure)
[0.239s][info][gc,heap        ] GC(3) DefNew: 1024K(1152K)->127K(1152K) Eden: 1024K(1024K)->0K(1024K) From: 0K(128K)->127K(128K)
[0.239s][info][gc,heap        ] GC(3) Tenured: 959K(1600K)->1375K(1600K)
[0.239s][info][gc,metaspace   ] GC(3) Metaspace: 6295K(6464K)->6295K(6464K) NonClass: 5762K(5824K)->5762K(5824K) Class: 533K(640K)->533K(640K)
[0.239s][info][gc             ] GC(3) Pause Young (Allocation Failure) 1M->1M(2M) 1.413ms
[0.239s][info][gc,cpu         ] GC(3) User=0.00s Sys=0.00s Real=0.00s
[0.241s][info][gc,start       ] GC(4) Pause Young (Allocation Failure)
[0.242s][info][gc             ] GC(4) Pause Young (Allocation Failure) 2M->1M(3M) 1.136ms
[0.242s][info][gc,cpu         ] GC(4) User=0.00s Sys=0.00s Real=0.00s
[0.242s][info][gc,start       ] GC(5) Pause Full (Allocation Failure)
[0.242s][info][gc,phases,start] GC(5) Phase 1: Mark live objects
[0.243s][info][gc,phases      ] GC(5) Phase 1: Mark live objects 1.499ms
[0.243s][info][gc,phases,start] GC(5) Phase 2: Compute new object addresses
[0.244s][info][gc,phases      ] GC(5) Phase 2: Compute new object addresses 0.416ms
[0.244s][info][gc,phases,start] GC(5) Phase 3: Adjust pointers
[0.244s][info][gc,phases      ] GC(5) Phase 3: Adjust pointers 0.723ms
[0.245s][info][gc,phases,start] GC(5) Phase 4: Move objects
[0.245s][info][gc,phases      ] GC(5) Phase 4: Move objects 0.068ms
[0.245s][info][gc,heap        ] GC(5) DefNew: 1151K(1152K)->35K(1536K) Eden: 1024K(1024K)->35K(1408K) From: 127K(128K)->0K(128K)
[0.245s][info][gc,heap        ] GC(5) Tenured: 1375K(1600K)->1983K(3308K)
[0.245s][info][gc,metaspace   ] GC(5) Metaspace: 6295K(6464K)->6295K(6464K) NonClass: 5762K(5824K)->5762K(5824K) Class: 533K(640K)->533K(640K)
[0.245s][info][gc             ] GC(5) Pause Full (Allocation Failure) 1M->1M(4M) 3.026ms
[0.245s][info][gc,cpu         ] GC(5) User=0.00s Sys=0.00s Real=0.00s
[0.246s][info][gc,start       ] GC(6) Pause Young (Allocation Failure)
[0.248s][info][gc,heap        ] GC(6) DefNew: 1407K(1536K)->127K(1536K) Eden: 1407K(1408K)->0K(1408K) From: 0K(128K)->127K(128K)
[0.248s][info][gc,heap        ] GC(6) Tenured: 1983K(3308K)->2617K(3308K)
[0.248s][info][gc,metaspace   ] GC(6) Metaspace: 6295K(6464K)->6295K(6464K) NonClass: 5762K(5824K)->5762K(5824K) Class: 533K(640K)->533K(640K)
[0.248s][info][gc             ] GC(6) Pause Young (Allocation Failure) 3M->2M(4M) 1.794ms
[0.248s][info][gc,cpu         ] GC(6) User=0.00s Sys=0.00s Real=0.00s
[0.250s][info][gc,start       ] GC(7) Pause Young (Allocation Failure)
[0.252s][info][gc             ] GC(7) Pause Young (Allocation Failure) 4M->3M(4M) 1.807ms
[0.252s][info][gc,cpu         ] GC(7) User=0.00s Sys=0.00s Real=0.00s
[0.252s][info][gc,start       ] GC(8) Pause Full (Allocation Failure)
[0.252s][info][gc,phases,start] GC(8) Phase 1: Mark live objects
[0.254s][info][gc,phases      ] GC(8) Phase 1: Mark live objects 2.081ms
[0.254s][info][gc,phases,start] GC(8) Phase 2: Compute new object addresses
[0.254s][info][gc,phases      ] GC(8) Phase 2: Compute new object addresses 0.591ms
[0.254s][info][gc,phases,start] GC(8) Phase 3: Adjust pointers
[0.255s][info][gc,phases      ] GC(8) Phase 3: Adjust pointers 0.978ms
[0.255s][info][gc,phases,start] GC(8) Phase 4: Move objects
[0.256s][info][gc,phases      ] GC(8) Phase 4: Move objects 0.071ms
[0.256s][info][gc,heap        ] GC(8) DefNew: 1535K(1536K)->0K(2688K) Eden: 1408K(1408K)->0K(2432K) From: 127K(128K)->0K(256K)
[0.256s][info][gc,heap        ] GC(8) Tenured: 2617K(3308K)->3460K(5768K)
[0.256s][info][gc,metaspace   ] GC(8) Metaspace: 6295K(6464K)->6295K(6464K) NonClass: 5762K(5824K)->5762K(5824K) Class: 533K(640K)->533K(640K)
[0.256s][info][gc             ] GC(8) Pause Full (Allocation Failure) 3M->3M(8M) 4.032ms
[0.256s][info][gc,cpu         ] GC(8) User=0.00s Sys=0.00s Real=0.00s
[0.259s][info][gc,start       ] GC(9) Pause Young (Allocation Failure)
[0.261s][info][gc,heap        ] GC(9) DefNew: 2431K(2688K)->256K(2688K) Eden: 2431K(2432K)->0K(2432K) From: 0K(256K)->256K(256K)
[0.262s][info][gc,heap        ] GC(9) Tenured: 3460K(5768K)->4512K(5768K)
[0.262s][info][gc,metaspace   ] GC(9) Metaspace: 6295K(6464K)->6295K(6464K) NonClass: 5762K(5824K)->5762K(5824K) Class: 533K(640K)->533K(640K)
[0.262s][info][gc             ] GC(9) Pause Young (Allocation Failure) 5M->4M(8M) 2.618ms
[0.262s][info][gc,cpu         ] GC(9) User=0.00s Sys=0.00s Real=0.00s
[0.264s][info][gc,start       ] GC(10) Pause Young (Allocation Failure)
[0.268s][info][gc,heap        ] GC(10) DefNew: 2688K(2688K)->256K(2688K) Eden: 2432K(2432K)->0K(2432K) From: 256K(256K)->256K(256K)
[0.268s][info][gc,heap        ] GC(10) Tenured: 4512K(5768K)->5755K(5768K)
[0.268s][info][gc,metaspace   ] GC(10) Metaspace: 6295K(6464K)->6295K(6464K) NonClass: 5762K(5824K)->5762K(5824K) Class: 533K(640K)->533K(640K)
[0.268s][info][gc             ] GC(10) Pause Young (Allocation Failure) 7M->5M(8M) 3.328ms
[0.268s][info][gc,cpu         ] GC(10) User=0.00s Sys=0.00s Real=0.00s
[0.271s][info][gc,start       ] GC(11) Pause Young (Allocation Failure)
[0.274s][info][gc             ] GC(11) Pause Young (Allocation Failure) 8M->7M(9M) 3.661ms
[0.274s][info][gc,cpu         ] GC(11) User=0.02s Sys=0.00s Real=0.00s
[0.274s][info][gc,start       ] GC(12) Pause Full (Allocation Failure)
[0.274s][info][gc,phases,start] GC(12) Phase 1: Mark live objects
[0.279s][info][gc,phases      ] GC(12) Phase 1: Mark live objects 4.610ms
[0.279s][info][gc,phases,start] GC(12) Phase 2: Compute new object addresses
[0.280s][info][gc,phases      ] GC(12) Phase 2: Compute new object addresses 1.168ms
[0.280s][info][gc,phases,start] GC(12) Phase 3: Adjust pointers
[0.282s][info][gc,phases      ] GC(12) Phase 3: Adjust pointers 1.724ms
[0.282s][info][gc,phases,start] GC(12) Phase 4: Move objects
[0.283s][info][gc,phases      ] GC(12) Phase 4: Move objects 1.222ms
[0.284s][info][gc,heap        ] GC(12) DefNew: 2688K(2688K)->0K(5376K) Eden: 2432K(2432K)->0K(4800K) From: 256K(256K)->0K(576K)
[0.284s][info][gc,heap        ] GC(12) Tenured: 5755K(5768K)->7132K(11888K)
[0.284s][info][gc,metaspace   ] GC(12) Metaspace: 6295K(6464K)->6295K(6464K) NonClass: 5762K(5824K)->5762K(5824K) Class: 533K(640K)->533K(640K)
[0.284s][info][gc             ] GC(12) Pause Full (Allocation Failure) 7M->6M(16M) 9.227ms
[0.284s][info][gc,cpu         ] GC(12) User=0.00s Sys=0.00s Real=0.01s
[0.290s][info][gc,start       ] GC(13) Pause Young (Allocation Failure)
[0.295s][info][gc,heap        ] GC(13) DefNew: 4800K(5376K)->575K(5376K) Eden: 4800K(4800K)->0K(4800K) From: 0K(576K)->575K(576K)
[0.295s][info][gc,heap        ] GC(13) Tenured: 7132K(11888K)->9027K(11888K)
[0.295s][info][gc,metaspace   ] GC(13) Metaspace: 6295K(6464K)->6295K(6464K) NonClass: 5762K(5824K)->5762K(5824K) Class: 533K(640K)->533K(640K)
[0.295s][info][gc             ] GC(13) Pause Young (Allocation Failure) 11M->9M(16M) 5.669ms
[0.295s][info][gc,cpu         ] GC(13) User=0.00s Sys=0.00s Real=0.00s
[0.300s][info][gc,start       ] GC(14) Pause Young (Allocation Failure)
[0.306s][info][gc,heap        ] GC(14) DefNew: 5375K(5376K)->576K(5376K) Eden: 4800K(4800K)->0K(4800K) From: 575K(576K)->576K(576K)
[0.306s][info][gc,heap        ] GC(14) Tenured: 9027K(11888K)->11746K(11888K)
[0.307s][info][gc,metaspace   ] GC(14) Metaspace: 6295K(6464K)->6295K(6464K) NonClass: 5762K(5824K)->5762K(5824K) Class: 533K(640K)->533K(640K)
[0.307s][info][gc             ] GC(14) Pause Young (Allocation Failure) 14M->12M(16M) 6.675ms
[0.307s][info][gc,cpu         ] GC(14) User=0.00s Sys=0.00s Real=0.01s
[0.310s][info][gc,start       ] GC(15) Pause Young (Allocation Failure)
[0.316s][info][gc             ] GC(15) Pause Young (Allocation Failure) 16M->14M(19M) 5.311ms
[0.316s][info][gc,cpu         ] GC(15) User=0.00s Sys=0.00s Real=0.01s
[0.316s][info][gc,start       ] GC(16) Pause Full (Allocation Failure)
[0.316s][info][gc,phases,start] GC(16) Phase 1: Mark live objects
[0.323s][info][gc,phases      ] GC(16) Phase 1: Mark live objects 7.012ms
[0.323s][info][gc,phases,start] GC(16) Phase 2: Compute new object addresses
[0.325s][info][gc,phases      ] GC(16) Phase 2: Compute new object addresses 2.230ms
[0.325s][info][gc,phases,start] GC(16) Phase 3: Adjust pointers
[0.328s][info][gc,phases      ] GC(16) Phase 3: Adjust pointers 3.316ms
[0.328s][info][gc,phases,start] GC(16) Phase 4: Move objects
[0.329s][info][gc,phases      ] GC(16) Phase 4: Move objects 0.182ms
[0.329s][info][gc,heap        ] GC(16) DefNew: 5376K(5376K)->411K(10880K) Eden: 4800K(4800K)->411K(9728K) From: 576K(576K)->0K(1152K)
[0.329s][info][gc,heap        ] GC(16) Tenured: 11746K(11888K)->14383K(23976K)
[0.329s][info][gc,metaspace   ] GC(16) Metaspace: 6297K(6464K)->6297K(6464K) NonClass: 5764K(5824K)->5764K(5824K) Class: 533K(640K)->533K(640K)
[0.329s][info][gc             ] GC(16) Pause Full (Allocation Failure) 14M->14M(34M) 13.092ms
[0.329s][info][gc,cpu         ] GC(16) User=0.02s Sys=0.00s Real=0.01s
[0.337s][info][gc,start       ] GC(17) Pause Young (Allocation Failure)
[0.350s][info][gc,heap        ] GC(17) DefNew: 9728K(10880K)->1151K(10880K) Eden: 9728K(9728K)->0K(9728K) From: 0K(1152K)->1151K(1152K)
[0.350s][info][gc,heap        ] GC(17) Tenured: 14383K(23976K)->18409K(23976K)
[0.350s][info][gc,metaspace   ] GC(17) Metaspace: 6297K(6464K)->6297K(6464K) NonClass: 5764K(5824K)->5764K(5824K) Class: 533K(640K)->533K(640K)
[0.350s][info][gc             ] GC(17) Pause Young (Allocation Failure) 23M->19M(34M) 13.019ms
[0.350s][info][gc,cpu         ] GC(17) User=0.00s Sys=0.00s Real=0.01s
[0.357s][info][gc,start       ] GC(18) Pause Young (Allocation Failure)
[0.369s][info][gc,heap        ] GC(18) DefNew: 10879K(10880K)->1151K(10880K) Eden: 9728K(9728K)->0K(9728K) From: 1151K(1152K)->1151K(1152K)
[0.369s][info][gc,heap        ] GC(18) Tenured: 18409K(23976K)->23930K(23976K)
[0.369s][info][gc,metaspace   ] GC(18) Metaspace: 6297K(6464K)->6297K(6464K) NonClass: 5764K(5824K)->5764K(5824K) Class: 533K(640K)->533K(640K)
[0.369s][info][gc             ] GC(18) Pause Young (Allocation Failure) 28M->24M(34M) 11.911ms
[0.369s][info][gc,cpu         ] GC(18) User=0.00s Sys=0.00s Real=0.01s
[0.376s][info][gc,start       ] GC(19) Pause Young (Allocation Failure)
[0.387s][info][gc             ] GC(19) Pause Young (Allocation Failure) 33M->29M(38M) 10.736ms
[0.387s][info][gc,cpu         ] GC(19) User=0.00s Sys=0.00s Real=0.01s
[0.387s][info][gc,start       ] GC(20) Pause Full (Allocation Failure)
[0.387s][info][gc,phases,start] GC(20) Phase 1: Mark live objects
[0.403s][info][gc,phases      ] GC(20) Phase 1: Mark live objects 15.346ms
[0.403s][info][gc,phases,start] GC(20) Phase 2: Compute new object addresses
[0.408s][info][gc,phases      ] GC(20) Phase 2: Compute new object addresses 4.857ms
[0.408s][info][gc,phases,start] GC(20) Phase 3: Adjust pointers
[0.413s][info][gc,phases      ] GC(20) Phase 3: Adjust pointers 5.245ms
[0.413s][info][gc,phases,start] GC(20) Phase 4: Move objects
[0.413s][info][gc,phases      ] GC(20) Phase 4: Move objects 0.170ms
[0.413s][info][gc,heap        ] GC(20) DefNew: 10879K(10880K)->1074K(21888K) Eden: 9728K(9728K)->1074K(19520K) From: 1151K(1152K)->0K(2368K)
[0.413s][info][gc,heap        ] GC(20) Tenured: 23930K(23976K)->29036K(48396K)
[0.413s][info][gc,metaspace   ] GC(20) Metaspace: 6297K(6464K)->6297K(6464K) NonClass: 5764K(5824K)->5764K(5824K) Class: 533K(640K)->533K(640K)
[0.413s][info][gc             ] GC(20) Pause Full (Allocation Failure) 29M->29M(68M) 26.040ms
[0.413s][info][gc,cpu         ] GC(20) User=0.02s Sys=0.00s Real=0.03s
[0.430s][info][gc,start       ] GC(21) Pause Young (Allocation Failure)
[0.460s][info][gc,heap        ] GC(21) DefNew: 19520K(21888K)->2367K(21888K) Eden: 19520K(19520K)->0K(19520K) From: 0K(2368K)->2367K(2368K)
[0.460s][info][gc,heap        ] GC(21) Tenured: 29036K(48396K)->41006K(48396K)
[0.460s][info][gc,metaspace   ] GC(21) Metaspace: 6297K(6464K)->6297K(6464K) NonClass: 5764K(5824K)->5764K(5824K) Class: 533K(640K)->533K(640K)
[0.460s][info][gc             ] GC(21) Pause Young (Allocation Failure) 47M->42M(68M) 30.489ms
[0.460s][info][gc,cpu         ] GC(21) User=0.02s Sys=0.00s Real=0.03s
[0.478s][info][gc,start       ] GC(22) Pause Young (Allocation Failure)
[0.513s][info][gc             ] GC(22) Pause Young (Allocation Failure) 61M->61M(80M) 35.196ms
[0.513s][info][gc,cpu         ] GC(22) User=0.03s Sys=0.00s Real=0.04s
[0.513s][info][gc,start       ] GC(23) Pause Full (Allocation Failure)
[0.513s][info][gc,phases,start] GC(23) Phase 1: Mark live objects
[0.539s][info][gc,phases      ] GC(23) Phase 1: Mark live objects 26.155ms
[0.539s][info][gc,phases,start] GC(23) Phase 2: Compute new object addresses
[0.549s][info][gc,phases      ] GC(23) Phase 2: Compute new object addresses 9.559ms
[0.549s][info][gc,phases,start] GC(23) Phase 3: Adjust pointers
[0.560s][info][gc,phases      ] GC(23) Phase 3: Adjust pointers 10.642ms
[0.560s][info][gc,phases,start] GC(23) Phase 4: Move objects
[0.560s][info][gc,phases      ] GC(23) Phase 4: Move objects 0.400ms
[0.560s][info][gc,heap        ] GC(23) DefNew: 21887K(21888K)->2177K(45568K) Eden: 19520K(19520K)->2177K(40512K) From: 2367K(2368K)->0K(5056K)
[0.560s][info][gc,heap        ] GC(23) Tenured: 41006K(48396K)->60683K(101140K)
[0.561s][info][gc,metaspace   ] GC(23) Metaspace: 6297K(6464K)->6297K(6464K) NonClass: 5764K(5824K)->5764K(5824K) Class: 533K(640K)->533K(640K)
[0.561s][info][gc             ] GC(23) Pause Full (Allocation Failure) 61M->61M(143M) 47.404ms
[0.561s][info][gc,cpu         ] GC(23) User=0.05s Sys=0.00s Real=0.05s
[0.601s][info][gc,start       ] GC(24) Pause Young (Allocation Failure)
[0.664s][info][gc,heap        ] GC(24) DefNew: 40512K(45568K)->5055K(45568K) Eden: 40512K(40512K)->0K(40512K) From: 0K(5056K)->5055K(5056K)
[0.664s][info][gc,heap        ] GC(24) Tenured: 60683K(101140K)->96112K(101140K)
[0.664s][info][gc,metaspace   ] GC(24) Metaspace: 6297K(6464K)->6297K(6464K) NonClass: 5764K(5824K)->5764K(5824K) Class: 533K(640K)->533K(640K)
[0.664s][info][gc             ] GC(24) Pause Young (Allocation Failure) 98M->98M(143M) 62.544ms
[0.664s][info][gc,cpu         ] GC(24) User=0.05s Sys=0.00s Real=0.06s
[0.697s][info][gc,start       ] GC(25) Pause Young (Allocation Failure)
[0.768s][info][gc             ] GC(25) Pause Young (Allocation Failure) 138M->138M(178M) 70.823ms
[0.768s][info][gc,cpu         ] GC(25) User=0.05s Sys=0.02s Real=0.07s
[0.768s][info][gc,start       ] GC(26) Pause Full (Allocation Failure)
[0.768s][info][gc,phases,start] GC(26) Phase 1: Mark live objects
[0.825s][info][gc,phases      ] GC(26) Phase 1: Mark live objects 57.422ms
[0.825s][info][gc,phases,start] GC(26) Phase 2: Compute new object addresses
[0.847s][info][gc,phases      ] GC(26) Phase 2: Compute new object addresses 21.293ms
[0.847s][info][gc,phases,start] GC(26) Phase 3: Adjust pointers
[0.875s][info][gc,phases      ] GC(26) Phase 3: Adjust pointers 28.657ms
[0.875s][info][gc,phases,start] GC(26) Phase 4: Move objects
[0.901s][info][gc,phases      ] GC(26) Phase 4: Move objects 25.639ms
[0.902s][info][gc,heap        ] GC(26) DefNew: 45567K(45568K)->1080K(102592K) Eden: 40512K(40512K)->1080K(91200K) From: 5055K(5056K)->0K(11392K)
[0.902s][info][gc,heap        ] GC(26) Tenured: 96112K(101140K)->136727K(227880K)
[0.902s][info][gc,metaspace   ] GC(26) Metaspace: 6297K(6464K)->6297K(6464K) NonClass: 5764K(5824K)->5764K(5824K) Class: 533K(640K)->533K(640K)
[0.902s][info][gc             ] GC(26) Pause Full (Allocation Failure) 138M->134M(322M) 133.836ms
[0.902s][info][gc,cpu         ] GC(26) User=0.12s Sys=0.00s Real=0.13s
[0.996s][info][gc,start       ] GC(27) Pause Young (Allocation Failure)
[1.147s][info][gc,heap        ] GC(27) DefNew: 91200K(102592K)->11392K(102592K) Eden: 91200K(91200K)->0K(91200K) From: 0K(11392K)->11392K(11392K)
[1.147s][info][gc,heap        ] GC(27) Tenured: 136727K(227880K)->216504K(227880K)
[1.147s][info][gc,metaspace   ] GC(27) Metaspace: 6297K(6464K)->6297K(6464K) NonClass: 5764K(5824K)->5764K(5824K) Class: 533K(640K)->533K(640K)
[1.147s][info][gc             ] GC(27) Pause Young (Allocation Failure) 222M->222M(322M) 151.310ms
[1.147s][info][gc,cpu         ] GC(27) User=0.12s Sys=0.03s Real=0.15s
[1.230s][info][gc,start       ] GC(28) Pause Young (Allocation Failure)
[1.404s][info][gc             ] GC(28) Pause Young (Allocation Failure) 311M->311M(400M) 174.139ms
[1.404s][info][gc,cpu         ] GC(28) User=0.11s Sys=0.05s Real=0.17s
[1.404s][info][gc,start       ] GC(29) Pause Full (Allocation Failure)
[1.404s][info][gc,phases,start] GC(29) Phase 1: Mark live objects
[1.541s][info][gc,phases      ] GC(29) Phase 1: Mark live objects 137.579ms
[1.541s][info][gc,phases,start] GC(29) Phase 2: Compute new object addresses
[1.598s][info][gc,phases      ] GC(29) Phase 2: Compute new object addresses 56.481ms
[1.598s][info][gc,phases,start] GC(29) Phase 3: Adjust pointers
[1.667s][info][gc,phases      ] GC(29) Phase 3: Adjust pointers 69.068ms
[1.667s][info][gc,phases,start] GC(29) Phase 4: Move objects
[1.670s][info][gc,phases      ] GC(29) Phase 4: Move objects 2.949ms
[1.671s][info][gc,heap        ] GC(29) DefNew: 102592K(102592K)->11374K(230848K) Eden: 91200K(91200K)->11374K(205248K) From: 11392K(11392K)->0K(25600K)
[1.671s][info][gc,heap        ] GC(29) Tenured: 216504K(227880K)->307692K(512820K)
[1.671s][info][gc,metaspace   ] GC(29) Metaspace: 6297K(6464K)->6297K(6464K) NonClass: 5764K(5824K)->5764K(5824K) Class: 533K(640K)->533K(640K)
[1.671s][info][gc             ] GC(29) Pause Full (Allocation Failure) 311M->311M(726M) 267.358ms
[1.671s][info][gc,cpu         ] GC(29) User=0.23s Sys=0.00s Real=0.27s
[1.897s][info][gc,start       ] GC(30) Pause Young (Allocation Failure)
[2.255s][info][gc,heap        ] GC(30) DefNew: 205248K(230848K)->25599K(230848K) Eden: 205248K(205248K)->0K(205248K) From: 0K(25600K)->25599K(25600K)
[2.255s][info][gc,heap        ] GC(30) Tenured: 307692K(512820K)->487314K(512820K)
[2.255s][info][gc,metaspace   ] GC(30) Metaspace: 6297K(6464K)->6297K(6464K) NonClass: 5764K(5824K)->5764K(5824K) Class: 533K(640K)->533K(640K)
[2.255s][info][gc             ] GC(30) Pause Young (Allocation Failure) 500M->500M(726M) 358.392ms
[2.255s][info][gc,cpu         ] GC(30) User=0.27s Sys=0.08s Real=0.36s
[2.441s][info][gc,start       ] GC(31) Pause Young (Allocation Failure)
[2.840s][info][gc             ] GC(31) Pause Young (Allocation Failure) 701M->700M(901M) 399.343ms
[2.840s][info][gc,cpu         ] GC(31) User=0.33s Sys=0.05s Real=0.40s
[2.840s][info][gc,start       ] GC(32) Pause Full (Allocation Failure)
[2.840s][info][gc,phases,start] GC(32) Phase 1: Mark live objects
[3.157s][info][gc,phases      ] GC(32) Phase 1: Mark live objects 317.103ms
[3.157s][info][gc,phases,start] GC(32) Phase 2: Compute new object addresses
[3.264s][info][gc,phases      ] GC(32) Phase 2: Compute new object addresses 106.422ms
[3.264s][info][gc,phases,start] GC(32) Phase 3: Adjust pointers
[3.413s][info][gc,phases      ] GC(32) Phase 3: Adjust pointers 148.920ms
[3.413s][info][gc,phases,start] GC(32) Phase 4: Move objects
[3.419s][info][gc,phases      ] GC(32) Phase 4: Move objects 5.989ms
[3.421s][info][gc,heap        ] GC(32) DefNew: 230847K(230848K)->25508K(518976K) Eden: 205248K(205248K)->25508K(461312K) From: 25599K(25600K)->0K(57664K)
[3.421s][info][gc,heap        ] GC(32) Tenured: 487314K(512820K)->691955K(1153260K)
[3.421s][info][gc,metaspace   ] GC(32) Metaspace: 6297K(6464K)->6297K(6464K) NonClass: 5764K(5824K)->5764K(5824K) Class: 533K(640K)->533K(640K)
[3.421s][info][gc             ] GC(32) Pause Full (Allocation Failure) 700M->700M(1633M) 580.751ms
[3.421s][info][gc,cpu         ] GC(32) User=0.53s Sys=0.00s Real=0.58s
[3.991s][info][gc,start       ] GC(33) Pause Young (Allocation Failure)
[4.828s][info][gc,heap        ] GC(33) DefNew: 461312K(518976K)->57663K(518976K) Eden: 461312K(461312K)->0K(461312K) From: 0K(57664K)->57663K(57664K)
[4.828s][info][gc,heap        ] GC(33) Tenured: 691955K(1153260K)->1095578K(1153260K)
[4.828s][info][gc,metaspace   ] GC(33) Metaspace: 6297K(6464K)->6297K(6464K) NonClass: 5764K(5824K)->5764K(5824K) Class: 533K(640K)->533K(640K)
[4.828s][info][gc             ] GC(33) Pause Young (Allocation Failure) 1126M->1126M(1633M) 836.999ms
[4.828s][info][gc,cpu         ] GC(33) User=0.66s Sys=0.16s Real=0.84s
[5.300s][info][gc,start       ] GC(34) Pause Young (Allocation Failure)
[6.045s][info][gc             ] GC(34) Pause Young (Allocation Failure) 1576M->1523M(1974M) 745.056ms
[6.045s][info][gc,cpu         ] GC(34) User=0.56s Sys=0.17s Real=0.74s
[6.045s][info][gc,start       ] GC(35) Pause Full (Allocation Failure)
[6.045s][info][gc,phases,start] GC(35) Phase 1: Mark live objects
[6.718s][info][gc,phases      ] GC(35) Phase 1: Mark live objects 673.115ms
[6.718s][info][gc,phases,start] GC(35) Phase 2: Compute new object addresses
[6.942s][info][gc,phases      ] GC(35) Phase 2: Compute new object addresses 224.084ms
[6.942s][info][gc,phases,start] GC(35) Phase 3: Adjust pointers
[7.212s][info][gc,phases      ] GC(35) Phase 3: Adjust pointers 269.933ms
[7.212s][info][gc,phases,start] GC(35) Phase 4: Move objects
[7.223s][info][gc,phases      ] GC(35) Phase 4: Move objects 10.765ms
[7.227s][info][gc,heap        ] GC(35) DefNew: 518975K(518976K)->57551K(1126976K) Eden: 461312K(461312K)->57551K(1001792K) From: 57663K(57664K)->0K(125184K)
[7.227s][info][gc,heap        ] GC(35) Tenured: 1095578K(1153260K)->1502575K(2504296K)
[7.227s][info][gc,metaspace   ] GC(35) Metaspace: 6297K(6464K)->6297K(6464K) NonClass: 5764K(5824K)->5764K(5824K) Class: 533K(640K)->533K(640K)
[7.227s][info][gc             ] GC(35) Pause Full (Allocation Failure) 1523M->1523M(3546M) 1182.266ms
[7.227s][info][gc,cpu         ] GC(35) User=1.17s Sys=0.02s Real=1.18s
[8.213s][info][gc,start       ] GC(36) Pause Young (Allocation Failure)
[9.991s][info][gc,heap        ] GC(36) DefNew: 1001792K(1126976K)->125183K(1126976K) Eden: 1001792K(1001792K)->0K(1001792K) From: 0K(125184K)->125183K(125184K)
[9.992s][info][gc,heap        ] GC(36) Tenured: 1502575K(2504296K)->2379150K(2504296K)
[9.992s][info][gc,metaspace   ] GC(36) Metaspace: 6297K(6464K)->6297K(6464K) NonClass: 5764K(5824K)->5764K(5824K) Class: 533K(640K)->533K(640K)
[9.992s][info][gc             ] GC(36) Pause Young (Allocation Failure) 2445M->2445M(3546M) 1778.323ms
[9.992s][info][gc,cpu         ] GC(36) User=1.50s Sys=0.25s Real=1.78s
[11.014s][info][gc,start       ] GC(37) Pause Young (Allocation Failure)
[12.744s][info][gc             ] GC(37) Pause Young (Allocation Failure) 3423M->3423M(4402M) 1729.436ms
[12.744s][info][gc,cpu         ] GC(37) User=1.39s Sys=0.27s Real=1.73s
[12.744s][info][gc,start       ] GC(38) Pause Full (Allocation Failure)
[12.744s][info][gc,phases,start] GC(38) Phase 1: Mark live objects
[14.325s][info][gc,phases      ] GC(38) Phase 1: Mark live objects 1581.276ms
[14.325s][info][gc,phases,start] GC(38) Phase 2: Compute new object addresses
[14.832s][info][gc,phases      ] GC(38) Phase 2: Compute new object addresses 506.815ms
[14.832s][info][gc,phases,start] GC(38) Phase 3: Adjust pointers
[15.509s][info][gc,phases      ] GC(38) Phase 3: Adjust pointers 677.138ms
[15.509s][info][gc,phases,start] GC(38) Phase 4: Move objects
[16.156s][info][gc,phases      ] GC(38) Phase 4: Move objects 646.245ms
[16.165s][info][gc,heap        ] GC(38) DefNew: 1126975K(1126976K)->30789K(2535872K) Eden: 1001792K(1001792K)->30789K(2254144K) From: 125183K(125184K)->0K(281728K)
[16.165s][info][gc,heap        ] GC(38) Tenured: 2379150K(2504296K)->3381099K(5635168K)
[16.165s][info][gc,metaspace   ] GC(38) Metaspace: 6297K(6464K)->6297K(6464K) NonClass: 5764K(5824K)->5764K(5824K) Class: 533K(640K)->533K(640K)
[16.165s][info][gc             ] GC(38) Pause Full (Allocation Failure) 3423M->3331M(7979M) 3421.136ms
[16.165s][info][gc,cpu         ] GC(38) User=3.41s Sys=0.02s Real=3.42s
[18.440s][info][gc,start       ] GC(39) Pause Young (Allocation Failure)
[22.431s][info][gc,heap        ] GC(39) DefNew: 2254144K(2535872K)->281728K(2535872K) Eden: 2254144K(2254144K)->0K(2254144K) From: 0K(281728K)->281728K(281728K)
[22.431s][info][gc,heap        ] GC(39) Tenured: 3381099K(5635168K)->5353481K(5635168K)
[22.431s][info][gc,metaspace   ] GC(39) Metaspace: 6297K(6464K)->6297K(6464K) NonClass: 5764K(5824K)->5764K(5824K) Class: 533K(640K)->533K(640K)
[22.431s][info][gc             ] GC(39) Pause Young (Allocation Failure) 5503M->5503M(7979M) 3991.451ms
[22.431s][info][gc,cpu         ] GC(39) User=3.48s Sys=0.45s Real=3.99s
[24.580s][info][gc,start       ] GC(40) Pause Young (Allocation Failure)
[28.594s][info][gc             ] GC(40) Pause Young (Allocation Failure) 7704M->7704M(9905M) 4013.148ms
[28.594s][info][gc,cpu         ] GC(40) User=3.11s Sys=0.84s Real=4.01s
[28.594s][info][gc,start       ] GC(41) Pause Full (Allocation Failure)
[28.594s][info][gc,phases,start] GC(41) Phase 1: Mark live objects
[32.189s][info][gc,phases      ] GC(41) Phase 1: Mark live objects 3595.072ms
[32.189s][info][gc,phases,start] GC(41) Phase 2: Compute new object addresses
[33.425s][info][gc,phases      ] GC(41) Phase 2: Compute new object addresses 1236.523ms
[33.425s][info][gc,phases,start] GC(41) Phase 3: Adjust pointers
[34.751s][info][gc,phases      ] GC(41) Phase 3: Adjust pointers 1325.915ms
[34.751s][info][gc,phases,start] GC(41) Phase 4: Move objects
[34.780s][info][gc,phases      ] GC(41) Phase 4: Move objects 28.280ms
[35.150s][info][gc,heap        ] GC(41) DefNew: 2535872K(2535872K)->281728K(5314560K) Eden: 2254144K(2254144K)->281728K(4724096K) From: 281728K(281728K)->0K(590464K)
[35.150s][info][gc,heap        ] GC(41) Tenured: 5353481K(5635168K)->7607595K(11810176K)
[35.150s][info][gc,metaspace   ] GC(41) Metaspace: 6297K(6464K)->6297K(6464K) NonClass: 5764K(5824K)->5764K(5824K) Class: 533K(640K)->533K(640K)
[35.150s][info][gc             ] GC(41) Pause Full (Allocation Failure) 7704M->7704M(16723M) 6556.858ms
[35.151s][info][gc,cpu         ] GC(41) User=6.09s Sys=0.00s Real=6.56s
[39.136s][info][gc,start       ] GC(42) Pause Young (Allocation Failure)
[56.612s][info][gc,heap        ] GC(42) DefNew: 4200992K(5314560K)->590463K(5314560K) Eden: 4200992K(4724096K)->0K(4724096K) From: 0K(590464K)->590463K(590464K)
[56.616s][info][gc,heap        ] GC(42) Tenured: 7607595K(11810176K)->11128555K(11810176K)
[56.616s][info][gc,metaspace   ] GC(42) Metaspace: 6297K(6464K)->6297K(6464K) NonClass: 5764K(5824K)->5764K(5824K) Class: 533K(640K)->533K(640K)
[56.623s][info][gc             ] GC(42) Pause Young (Allocation Failure) 11531M->11444M(16723M) 17485.962ms
[56.626s][info][gc,cpu         ] GC(42) User=5.66s Sys=7.84s Real=17.49s
[69.351s][info][gc,start       ] GC(43) Pause Young (Allocation Failure)
[69.351s][info][gc             ] GC(43) Pause Young (Allocation Failure) 16057M->16057M(16723M) 0.171ms
[69.351s][info][gc,cpu         ] GC(43) User=0.00s Sys=0.00s Real=0.00s
[69.351s][info][gc,start       ] GC(44) Pause Full (Allocation Failure)
[69.351s][info][gc,phases,start] GC(44) Phase 1: Mark live objects
[120.247s][info][gc,phases      ] GC(44) Phase 1: Mark live objects 50896.485ms
[120.248s][info][gc,phases,start] GC(44) Phase 2: Compute new object addresses
[146.772s][info][gc,phases      ] GC(44) Phase 2: Compute new object addresses 26523.616ms
[146.773s][info][gc,phases,start] GC(44) Phase 3: Adjust pointers
[195.315s][info][gc,phases      ] GC(44) Phase 3: Adjust pointers 48541.729ms
[195.316s][info][gc,phases,start] GC(44) Phase 4: Move objects
[196.533s][info][gc,phases      ] GC(44) Phase 4: Move objects 1217.195ms
[196.585s][info][gc,heap        ] GC(44) DefNew: 5314559K(5314560K)->4355786K(5314560K) Eden: 4724096K(4724096K)->4355786K(4724096K) From: 590463K(590464K)->0K(590464K)
[196.585s][info][gc,heap        ] GC(44) Tenured: 11128555K(11810176K)->11810175K(11810176K)
[196.585s][info][gc,metaspace   ] GC(44) Metaspace: 6297K(6464K)->6297K(6464K) NonClass: 5764K(5824K)->5764K(5824K) Class: 533K(640K)->533K(640K)
[196.586s][info][gc             ] GC(44) Pause Full (Allocation Failure) 16057M->15787M(16723M) 127234.708ms
[196.586s][info][gc,cpu         ] GC(44) User=12.11s Sys=48.89s Real=127.24s
[198.896s][info][gc,start       ] GC(45) Pause Full (Allocation Failure)
[198.897s][info][gc,phases,start] GC(45) Phase 1: Mark live objects
[250.316s][info][gc,phases      ] GC(45) Phase 1: Mark live objects 51418.836ms
[250.316s][info][gc,phases,start] GC(45) Phase 2: Compute new object addresses
[280.692s][info][gc,phases      ] GC(45) Phase 2: Compute new object addresses 30375.874ms
[280.693s][info][gc,phases,start] GC(45) Phase 3: Adjust pointers
[349.626s][info][gc,phases      ] GC(45) Phase 3: Adjust pointers 68917.492ms
[349.628s][info][gc,phases,start] GC(45) Phase 4: Move objects
[349.811s][info][gc,phases      ] GC(45) Phase 4: Move objects 183.809ms
[349.833s][info][gc,heap        ] GC(45) DefNew: 5314559K(5314560K)->5314556K(5314560K) Eden: 4724096K(4724096K)->4724095K(4724096K) From: 590463K(590464K)->590460K(590464K)
[349.833s][info][gc,heap        ] GC(45) Tenured: 11810175K(11810176K)->11810175K(11810176K)
[349.833s][info][gc,metaspace   ] GC(45) Metaspace: 6297K(6464K)->6297K(6464K) NonClass: 5764K(5824K)->5764K(5824K) Class: 533K(640K)->533K(640K)
[349.835s][info][gc             ] GC(45) Pause Full (Allocation Failure) 16723M->16723M(16723M) 150938.278ms
[349.835s][info][gc,cpu         ] GC(45) User=10.94s Sys=49.98s Real=150.94s
[349.841s][info][gc,start       ] GC(46) Pause Full (Allocation Failure)
[349.842s][info][gc,phases,start] GC(46) Phase 1: Mark live objects
[412.586s][info][gc,phases      ] GC(46) Phase 1: Mark live objects 62743.209ms
[412.587s][info][gc,phases,start] GC(46) Phase 2: Compute new object addresses
[442.797s][info][gc,phases      ] GC(46) Phase 2: Compute new object addresses 30210.425ms
[442.798s][info][gc,phases,start] GC(46) Phase 3: Adjust pointers
[509.683s][info][gc,phases      ] GC(46) Phase 3: Adjust pointers 66876.583ms
[509.683s][info][gc,phases,start] GC(46) Phase 4: Move objects
[530.349s][info][gc,phases      ] GC(46) Phase 4: Move objects 20665.359ms
[530.386s][info][gc,heap        ] GC(46) DefNew: 5314559K(5314560K)->5183487K(5314560K) Eden: 4724095K(4724096K)->4724095K(4724096K) From: 590463K(590464K)->459391K(590464K)
[530.386s][info][gc,heap        ] GC(46) Tenured: 11810175K(11810176K)->11810175K(11810176K)
[530.387s][info][gc,metaspace   ] GC(46) Metaspace: 6297K(6464K)->6297K(6464K) NonClass: 5764K(5824K)->5764K(5824K) Class: 533K(640K)->533K(640K)
[530.393s][info][gc             ] GC(46) Pause Full (Allocation Failure) 16723M->16595M(16723M) 180550.627ms
[530.394s][info][gc,cpu         ] GC(46) User=14.95s Sys=63.03s Real=180.55s
[531.148s][info][gc,start       ] GC(47) Pause Full (Allocation Failure)
[531.148s][info][gc,phases,start] GC(47) Phase 1: Mark live objects
[596.203s][info][gc,phases      ] GC(47) Phase 1: Mark live objects 65054.167ms
[596.205s][info][gc,phases,start] GC(47) Phase 2: Compute new object addresses
[633.522s][info][gc,phases      ] GC(47) Phase 2: Compute new object addresses 37317.353ms
[633.523s][info][gc,phases,start] GC(47) Phase 3: Adjust pointers
[693.421s][info][gc,phases      ] GC(47) Phase 3: Adjust pointers 59898.266ms
[693.421s][info][gc,phases,start] GC(47) Phase 4: Move objects
[693.421s][info][gc,phases      ] GC(47) Phase 4: Move objects 0.116ms
[693.433s][info][gc,heap        ] GC(47) DefNew: 5314559K(5314560K)->5314559K(5314560K) Eden: 4724095K(4724096K)->4724095K(4724096K) From: 590463K(590464K)->590463K(590464K)
[693.433s][info][gc,heap        ] GC(47) Tenured: 11810175K(11810176K)->11810175K(11810176K)
[693.434s][info][gc,metaspace   ] GC(47) Metaspace: 6297K(6464K)->6297K(6464K) NonClass: 5764K(5824K)->5764K(5824K) Class: 533K(640K)->533K(640K)
[693.434s][info][gc             ] GC(47) Pause Full (Allocation Failure) 16723M->16723M(16723M) 162285.980ms
[693.434s][info][gc,cpu         ] GC(47) User=10.84s Sys=54.97s Real=162.28s
[693.434s][info][gc,start       ] GC(48) Pause Full (Allocation Failure)
[693.435s][info][gc,phases,start] GC(48) Phase 1: Mark live objects
[752.108s][info][gc,phases      ] GC(48) Phase 1: Mark live objects 58672.098ms
[752.109s][info][gc,phases,start] GC(48) Phase 2: Compute new object addresses
[783.744s][info][gc,phases      ] GC(48) Phase 2: Compute new object addresses 31634.737ms
[783.745s][info][gc,phases,start] GC(48) Phase 3: Adjust pointers
[850.800s][info][gc,phases      ] GC(48) Phase 3: Adjust pointers 67054.667ms
[850.800s][info][gc,phases,start] GC(48) Phase 4: Move objects
[906.486s][info][gc,phases      ] GC(48) Phase 4: Move objects 55685.267ms
[906.510s][info][gc,heap        ] GC(48) DefNew: 5314559K(5314560K)->5314555K(5314560K) Eden: 4724095K(4724096K)->4724095K(4724096K) From: 590463K(590464K)->590459K(590464K)
[906.510s][info][gc,heap        ] GC(48) Tenured: 11810175K(11810176K)->11810175K(11810176K)
[906.511s][info][gc,metaspace   ] GC(48) Metaspace: 6297K(6464K)->6295K(6464K) NonClass: 5764K(5824K)->5762K(5824K) Class: 533K(640K)->532K(640K)
[906.512s][info][gc             ] GC(48) Pause Full (Allocation Failure) 16723M->16723M(16723M) 213077.059ms
[906.512s][info][gc,cpu         ] GC(48) User=13.39s Sys=75.53s Real=213.08s
[906.530s][info][gc,start       ] GC(49) Pause Full (Allocation Failure)
[906.530s][info][gc,phases,start] GC(49) Phase 1: Mark live objects
[973.209s][info][gc,phases      ] GC(49) Phase 1: Mark live objects 66678.100ms
[973.210s][info][gc,phases,start] GC(49) Phase 2: Compute new object addresses
[1001.248s][info][gc,phases      ] GC(49) Phase 2: Compute new object addresses 28035.890ms
[1001.250s][info][gc,phases,start] GC(49) Phase 3: Adjust pointers
[1068.819s][info][gc,phases      ] GC(49) Phase 3: Adjust pointers 67567.217ms
[1068.820s][info][gc,phases,start] GC(49) Phase 4: Move objects
[1068.821s][info][gc,phases      ] GC(49) Phase 4: Move objects 0.678ms
[1068.836s][info][gc,heap        ] GC(49) DefNew: 5314559K(5314560K)->5314559K(5314560K) Eden: 4724095K(4724096K)->4724095K(4724096K) From: 590463K(590464K)->590463K(590464K)
[1068.836s][info][gc,heap        ] GC(49) Tenured: 11810175K(11810176K)->11810175K(11810176K)
[1068.836s][info][gc,metaspace   ] GC(49) Metaspace: 6295K(6464K)->6295K(6464K) NonClass: 5762K(5824K)->5762K(5824K) Class: 532K(640K)->532K(640K)
[1068.838s][info][gc             ] GC(49) Pause Full (Allocation Failure) 16723M->16723M(16723M) 162307.870ms
[1068.838s][info][gc,cpu         ] GC(49) User=10.17s Sys=51.86s Real=162.31s
[1068.838s][info][gc,start       ] GC(50) Pause Full (Allocation Failure)
[1068.838s][info][gc,phases,start] GC(50) Phase 1: Mark live objects
[1129.101s][info][gc,phases      ] GC(50) Phase 1: Mark live objects 60262.724ms
[1129.102s][info][gc,phases,start] GC(50) Phase 2: Compute new object addresses
[1164.607s][info][gc,phases      ] GC(50) Phase 2: Compute new object addresses 35504.616ms
[1164.607s][info][gc,phases,start] GC(50) Phase 3: Adjust pointers
[1212.807s][info][gc,phases      ] GC(50) Phase 3: Adjust pointers 48198.686ms
[1212.807s][info][gc,phases,start] GC(50) Phase 4: Move objects
[1212.807s][info][gc,phases      ] GC(50) Phase 4: Move objects 0.082ms
[1212.821s][info][gc,heap        ] GC(50) DefNew: 5314559K(5314560K)->5314559K(5314560K) Eden: 4724095K(4724096K)->4724095K(4724096K) From: 590463K(590464K)->590463K(590464K)
[1212.821s][info][gc,heap        ] GC(50) Tenured: 11810175K(11810176K)->11810175K(11810176K)
[1212.821s][info][gc,metaspace   ] GC(50) Metaspace: 6295K(6464K)->6295K(6464K) NonClass: 5762K(5824K)->5762K(5824K) Class: 532K(640K)->532K(640K)
[1212.822s][info][gc             ] GC(50) Pause Full (Allocation Failure) 16723M->16723M(16723M) 143984.068ms
[1212.822s][info][gc,cpu         ] GC(50) User=10.27s Sys=50.70s Real=143.98s
[1212.840s][info][gc,start       ] GC(51) Pause Full (Allocation Failure)
[1212.840s][info][gc,phases,start] GC(51) Phase 1: Mark live objects
[1269.415s][info][gc,phases      ] GC(51) Phase 1: Mark live objects 56575.040ms
[1269.416s][info][gc,phases,start] GC(51) Phase 2: Compute new object addresses
[1307.480s][info][gc,phases      ] GC(51) Phase 2: Compute new object addresses 38063.516ms
[1307.481s][info][gc,phases,start] GC(51) Phase 3: Adjust pointers
[1378.646s][info][gc,phases      ] GC(51) Phase 3: Adjust pointers 71163.123ms
[1378.647s][info][gc,phases,start] GC(51) Phase 4: Move objects
[1378.647s][info][gc,phases      ] GC(51) Phase 4: Move objects 0.391ms
[1378.664s][info][gc,heap        ] GC(51) DefNew: 5314559K(5314560K)->5314559K(5314560K) Eden: 4724095K(4724096K)->4724095K(4724096K) From: 590463K(590464K)->590463K(590464K)
[1378.664s][info][gc,heap        ] GC(51) Tenured: 11810176K(11810176K)->11810176K(11810176K)
[1378.664s][info][gc,metaspace   ] GC(51) Metaspace: 6295K(6464K)->6295K(6464K) NonClass: 5762K(5824K)->5762K(5824K) Class: 532K(640K)->532K(640K)
[1378.666s][info][gc             ] GC(51) Pause Full (Allocation Failure) 16723M->16723M(16723M) 165825.693ms
[1378.666s][info][gc,cpu         ] GC(51) User=10.72s Sys=52.67s Real=165.83s
[1378.666s][info][gc,start       ] GC(52) Pause Full (Allocation Failure)
[1378.666s][info][gc,phases,start] GC(52) Phase 1: Mark live objects
[1440.329s][info][gc,phases      ] GC(52) Phase 1: Mark live objects 61663.248ms
[1440.330s][info][gc,phases,start] GC(52) Phase 2: Compute new object addresses
[1470.352s][info][gc,phases      ] GC(52) Phase 2: Compute new object addresses 30021.023ms
[1470.353s][info][gc,phases,start] GC(52) Phase 3: Adjust pointers
[1571.355s][info][gc,phases      ] GC(52) Phase 3: Adjust pointers 100999.731ms
[1571.356s][info][gc,phases,start] GC(52) Phase 4: Move objects
[1634.025s][info][gc,phases      ] GC(52) Phase 4: Move objects 62666.535ms
[1634.051s][info][gc,heap        ] GC(52) DefNew: 5314559K(5314560K)->5314558K(5314560K) Eden: 4724095K(4724096K)->4724095K(4724096K) From: 590463K(590464K)->590462K(590464K)
[1634.051s][info][gc,heap        ] GC(52) Tenured: 11810176K(11810176K)->11810175K(11810176K)
[1634.052s][info][gc,metaspace   ] GC(52) Metaspace: 6295K(6464K)->6295K(6464K) NonClass: 5762K(5824K)->5762K(5824K) Class: 532K(640K)->532K(640K)
[1634.053s][info][gc             ] GC(52) Pause Full (Allocation Failure) 16723M->16723M(16723M) 255387.581ms
[1634.053s][info][gc,cpu         ] GC(52) User=12.22s Sys=69.06s Real=255.39s
[1634.112s][info][gc,start       ] GC(53) Pause Full (Allocation Failure)
[1634.112s][info][gc,phases,start] GC(53) Phase 1: Mark live objects
[1712.307s][info][gc,phases      ] GC(53) Phase 1: Mark live objects 78194.735ms
[1712.307s][info][gc,phases,start] GC(53) Phase 2: Compute new object addresses
[1750.632s][info][gc,phases      ] GC(53) Phase 2: Compute new object addresses 38324.176ms
[1750.632s][info][gc,phases,start] GC(53) Phase 3: Adjust pointers
[1838.153s][info][gc,phases      ] GC(53) Phase 3: Adjust pointers 87520.076ms
[1838.154s][info][gc,phases,start] GC(53) Phase 4: Move objects
[1838.154s][info][gc,phases      ] GC(53) Phase 4: Move objects 0.081ms
[1838.175s][info][gc,heap        ] GC(53) DefNew: 5314559K(5314560K)->5314559K(5314560K) Eden: 4724096K(4724096K)->4724096K(4724096K) From: 590463K(590464K)->590463K(590464K)
[1838.175s][info][gc,heap        ] GC(53) Tenured: 11810175K(11810176K)->11810175K(11810176K)
[1838.175s][info][gc,metaspace   ] GC(53) Metaspace: 6297K(6464K)->6297K(6464K) NonClass: 5763K(5824K)->5763K(5824K) Class: 533K(640K)->533K(640K)
[1838.176s][info][gc             ] GC(53) Pause Full (Allocation Failure) 16723M->16723M(16723M) 204063.980ms
[1838.176s][info][gc,cpu         ] GC(53) User=9.52s Sys=50.56s Real=204.07s
[1838.188s][info][gc,heap,exit   ] Heap
[1838.189s][info][gc,heap,exit   ]  def new generation   total 5314560K, used 5314559K [0x00000003c6c00000, 0x000000052f2a0000, 0x000000052f2a0000)
[1838.189s][info][gc,heap,exit   ]   eden space 4724096K, 100% used [0x00000003c6c00000, 0x00000004e7160000, 0x00000004e7160000)
[1838.189s][info][gc,heap,exit   ]   from space 590464K,  99% used [0x000000050b200000, 0x000000052f29ffb8, 0x000000052f2a0000)
[1838.189s][info][gc,heap,exit   ]   to   space 590464K,   0% used [0x00000004e7160000, 0x00000004e7160000, 0x000000050b200000)
[1838.189s][info][gc,heap,exit   ]  tenured generation   total 11810176K, used 11810175K [0x000000052f2a0000, 0x0000000800000000, 0x0000000800000000)
[1838.189s][info][gc,heap,exit   ]    the space 11810176K,  99% used [0x000000052f2a0000, 0x00000007ffffffd0, 0x0000000800000000, 0x0000000800000000)
[1838.189s][info][gc,heap,exit   ]  Metaspace       used 6300K, committed 6464K, reserved 1114112K
[1838.189s][info][gc,heap,exit   ]   class space    used 534K, committed 640K, reserved 1048576K
