[0.020s][info][gc,init] CardTable entry size: 512
[0.020s][info][gc     ] Using Serial
[0.021s][info][gc,init] Version: 18.0.1+10 (release)
[0.021s][info][gc,init] CPUs: 8 total, 8 available
[0.021s][info][gc,init] Memory: 16063M
[0.021s][info][gc,init] Large Page Support: Disabled
[0.021s][info][gc,init] NUMA Support: Disabled
[0.021s][info][gc,init] Compressed Oops: Enabled (Zero based)
[0.021s][info][gc,init] Heap Min Capacity: 2M
[0.021s][info][gc,init] Heap Initial Capacity: 2M
[0.021s][info][gc,init] Heap Max Capacity: 16700M
[0.021s][info][gc,init] Pre-touch: Disabled
[0.021s][info][gc,metaspace] CDS archive(s) not mapped
[0.021s][info][gc,metaspace] Compressed class space mapped at: 0x0000000800000000-0x0000000840000000, reserved size: 1073741824
[0.021s][info][gc,metaspace] Narrow klass base: 0x0000000800000000, Narrow klass shift: 0, Narrow klass range: 0x40000000
[0.181s][info][gc,start    ] GC(0) Pause Young (Allocation Failure)
[0.183s][info][gc,heap     ] GC(0) DefNew: 1023K(1152K)->127K(1152K) Eden: 1023K(1024K)->0K(1024K) From: 0K(128K)->127K(128K)
[0.183s][info][gc,heap     ] GC(0) Tenured: 0K(768K)->439K(768K)
[0.183s][info][gc,metaspace] GC(0) Metaspace: 5899K(6016K)->5899K(6016K) NonClass: 5400K(5504K)->5400K(5504K) Class: 499K(512K)->499K(512K)
[0.183s][info][gc          ] GC(0) Pause Young (Allocation Failure) 0M->0M(1M) 1.971ms
[0.183s][info][gc,cpu      ] GC(0) User=0.00s Sys=0.00s Real=0.00s
[0.203s][info][gc,start    ] GC(1) Pause Young (Allocation Failure)
[0.204s][info][gc          ] GC(1) Pause Young (Allocation Failure) 1M->0M(2M) 1.107ms
[0.204s][info][gc,cpu      ] GC(1) User=0.00s Sys=0.00s Real=0.00s
[0.204s][info][gc,start    ] GC(2) Pause Full (Allocation Failure)
[0.204s][info][gc,phases,start] GC(2) Phase 1: Mark live objects
[0.205s][info][gc,phases      ] GC(2) Phase 1: Mark live objects 0.983ms
[0.205s][info][gc,phases,start] GC(2) Phase 2: Compute new object addresses
[0.206s][info][gc,phases      ] GC(2) Phase 2: Compute new object addresses 0.255ms
[0.206s][info][gc,phases,start] GC(2) Phase 3: Adjust pointers
[0.206s][info][gc,phases      ] GC(2) Phase 3: Adjust pointers 0.622ms
[0.206s][info][gc,phases,start] GC(2) Phase 4: Move objects
[0.206s][info][gc,phases      ] GC(2) Phase 4: Move objects 0.101ms
[0.207s][info][gc,heap        ] GC(2) DefNew: 1151K(1152K)->40K(1152K) Eden: 1024K(1024K)->40K(1024K) From: 127K(128K)->0K(128K)
[0.207s][info][gc,heap        ] GC(2) Tenured: 439K(768K)->959K(1600K)
[0.207s][info][gc,metaspace   ] GC(2) Metaspace: 6297K(6464K)->6297K(6464K) NonClass: 5764K(5824K)->5764K(5824K) Class: 533K(640K)->533K(640K)
[0.207s][info][gc             ] GC(2) Pause Full (Allocation Failure) 0M->0M(2M) 2.381ms
[0.207s][info][gc,cpu         ] GC(2) User=0.00s Sys=0.00s Real=0.00s
[0.209s][info][gc,start       ] GC(3) Pause Young (Allocation Failure)
[0.210s][info][gc,heap        ] GC(3) DefNew: 1024K(1152K)->128K(1152K) Eden: 1024K(1024K)->0K(1024K) From: 0K(128K)->128K(128K)
[0.210s][info][gc,heap        ] GC(3) Tenured: 959K(1600K)->1375K(1600K)
[0.210s][info][gc,metaspace   ] GC(3) Metaspace: 6297K(6464K)->6297K(6464K) NonClass: 5764K(5824K)->5764K(5824K) Class: 533K(640K)->533K(640K)
[0.210s][info][gc             ] GC(3) Pause Young (Allocation Failure) 1M->1M(2M) 1.742ms
[0.210s][info][gc,cpu         ] GC(3) User=0.00s Sys=0.00s Real=0.00s
[0.212s][info][gc,start       ] GC(4) Pause Young (Allocation Failure)
[0.214s][info][gc             ] GC(4) Pause Young (Allocation Failure) 2M->1M(3M) 1.685ms
[0.214s][info][gc,cpu         ] GC(4) User=0.00s Sys=0.00s Real=0.00s
[0.214s][info][gc,start       ] GC(5) Pause Full (Allocation Failure)
[0.214s][info][gc,phases,start] GC(5) Phase 1: Mark live objects
[0.216s][info][gc,phases      ] GC(5) Phase 1: Mark live objects 1.883ms
[0.216s][info][gc,phases,start] GC(5) Phase 2: Compute new object addresses
[0.216s][info][gc,phases      ] GC(5) Phase 2: Compute new object addresses 0.526ms
[0.216s][info][gc,phases,start] GC(5) Phase 3: Adjust pointers
[0.217s][info][gc,phases      ] GC(5) Phase 3: Adjust pointers 0.957ms
[0.217s][info][gc,phases,start] GC(5) Phase 4: Move objects
[0.217s][info][gc,phases      ] GC(5) Phase 4: Move objects 0.070ms
[0.217s][info][gc,heap        ] GC(5) DefNew: 1152K(1152K)->35K(1536K) Eden: 1024K(1024K)->35K(1408K) From: 128K(128K)->0K(128K)
[0.218s][info][gc,heap        ] GC(5) Tenured: 1375K(1600K)->1983K(3308K)
[0.218s][info][gc,metaspace   ] GC(5) Metaspace: 6297K(6464K)->6297K(6464K) NonClass: 5764K(5824K)->5764K(5824K) Class: 533K(640K)->533K(640K)
[0.218s][info][gc             ] GC(5) Pause Full (Allocation Failure) 1M->1M(4M) 3.844ms
[0.218s][info][gc,cpu         ] GC(5) User=0.00s Sys=0.02s Real=0.00s
[0.220s][info][gc,start       ] GC(6) Pause Young (Allocation Failure)
[0.222s][info][gc,heap        ] GC(6) DefNew: 1407K(1536K)->127K(1536K) Eden: 1407K(1408K)->0K(1408K) From: 0K(128K)->127K(128K)
[0.222s][info][gc,heap        ] GC(6) Tenured: 1983K(3308K)->2617K(3308K)
[0.222s][info][gc,metaspace   ] GC(6) Metaspace: 6297K(6464K)->6297K(6464K) NonClass: 5764K(5824K)->5764K(5824K) Class: 533K(640K)->533K(640K)
[0.222s][info][gc             ] GC(6) Pause Young (Allocation Failure) 3M->2M(4M) 2.561ms
[0.222s][info][gc,cpu         ] GC(6) User=0.00s Sys=0.00s Real=0.00s
[0.224s][info][gc,start       ] GC(7) Pause Young (Allocation Failure)
[0.225s][info][gc             ] GC(7) Pause Young (Allocation Failure) 4M->3M(4M) 1.621ms
[0.226s][info][gc,cpu         ] GC(7) User=0.00s Sys=0.00s Real=0.00s
[0.226s][info][gc,start       ] GC(8) Pause Full (Allocation Failure)
[0.226s][info][gc,phases,start] GC(8) Phase 1: Mark live objects
[0.228s][info][gc,phases      ] GC(8) Phase 1: Mark live objects 2.350ms
[0.228s][info][gc,phases,start] GC(8) Phase 2: Compute new object addresses
[0.229s][info][gc,phases      ] GC(8) Phase 2: Compute new object addresses 0.600ms
[0.229s][info][gc,phases,start] GC(8) Phase 3: Adjust pointers
[0.230s][info][gc,phases      ] GC(8) Phase 3: Adjust pointers 0.940ms
[0.230s][info][gc,phases,start] GC(8) Phase 4: Move objects
[0.230s][info][gc,phases      ] GC(8) Phase 4: Move objects 0.070ms
[0.230s][info][gc,heap        ] GC(8) DefNew: 1535K(1536K)->0K(2688K) Eden: 1408K(1408K)->0K(2432K) From: 127K(128K)->0K(256K)
[0.230s][info][gc,heap        ] GC(8) Tenured: 2617K(3308K)->3460K(5768K)
[0.230s][info][gc,metaspace   ] GC(8) Metaspace: 6297K(6464K)->6297K(6464K) NonClass: 5764K(5824K)->5764K(5824K) Class: 533K(640K)->533K(640K)
[0.230s][info][gc             ] GC(8) Pause Full (Allocation Failure) 3M->3M(8M) 4.253ms
[0.230s][info][gc,cpu         ] GC(8) User=0.00s Sys=0.00s Real=0.01s
[0.234s][info][gc,start       ] GC(9) Pause Young (Allocation Failure)
[0.239s][info][gc,heap        ] GC(9) DefNew: 2431K(2688K)->255K(2688K) Eden: 2431K(2432K)->0K(2432K) From: 0K(256K)->255K(256K)
[0.239s][info][gc,heap        ] GC(9) Tenured: 3460K(5768K)->4512K(5768K)
[0.239s][info][gc,metaspace   ] GC(9) Metaspace: 6297K(6464K)->6297K(6464K) NonClass: 5764K(5824K)->5764K(5824K) Class: 533K(640K)->533K(640K)
[0.239s][info][gc             ] GC(9) Pause Young (Allocation Failure) 5M->4M(8M) 4.358ms
[0.239s][info][gc,cpu         ] GC(9) User=0.00s Sys=0.00s Real=0.00s
[0.242s][info][gc,start       ] GC(10) Pause Young (Allocation Failure)
[0.245s][info][gc,heap        ] GC(10) DefNew: 2687K(2688K)->255K(2688K) Eden: 2432K(2432K)->0K(2432K) From: 255K(256K)->255K(256K)
[0.245s][info][gc,heap        ] GC(10) Tenured: 4512K(5768K)->5755K(5768K)
[0.245s][info][gc,metaspace   ] GC(10) Metaspace: 6297K(6464K)->6297K(6464K) NonClass: 5764K(5824K)->5764K(5824K) Class: 533K(640K)->533K(640K)
[0.245s][info][gc             ] GC(10) Pause Young (Allocation Failure) 7M->5M(8M) 2.891ms
[0.245s][info][gc,cpu         ] GC(10) User=0.00s Sys=0.00s Real=0.00s
[0.249s][info][gc,start       ] GC(11) Pause Young (Allocation Failure)
[0.254s][info][gc             ] GC(11) Pause Young (Allocation Failure) 8M->7M(9M) 4.982ms
[0.254s][info][gc,cpu         ] GC(11) User=0.00s Sys=0.00s Real=0.01s
[0.254s][info][gc,start       ] GC(12) Pause Full (Allocation Failure)
[0.254s][info][gc,phases,start] GC(12) Phase 1: Mark live objects
[0.258s][info][gc,phases      ] GC(12) Phase 1: Mark live objects 4.691ms
[0.259s][info][gc,phases,start] GC(12) Phase 2: Compute new object addresses
[0.260s][info][gc,phases      ] GC(12) Phase 2: Compute new object addresses 1.668ms
[0.260s][info][gc,phases,start] GC(12) Phase 3: Adjust pointers
[0.262s][info][gc,phases      ] GC(12) Phase 3: Adjust pointers 2.045ms
[0.262s][info][gc,phases,start] GC(12) Phase 4: Move objects
[0.264s][info][gc,phases      ] GC(12) Phase 4: Move objects 1.363ms
[0.264s][info][gc,heap        ] GC(12) DefNew: 2687K(2688K)->0K(5376K) Eden: 2432K(2432K)->0K(4800K) From: 255K(256K)->0K(576K)
[0.264s][info][gc,heap        ] GC(12) Tenured: 5755K(5768K)->7132K(11888K)
[0.264s][info][gc,metaspace   ] GC(12) Metaspace: 6297K(6464K)->6297K(6464K) NonClass: 5764K(5824K)->5764K(5824K) Class: 533K(640K)->533K(640K)
[0.264s][info][gc             ] GC(12) Pause Full (Allocation Failure) 7M->6M(16M) 10.372ms
[0.264s][info][gc,cpu         ] GC(12) User=0.00s Sys=0.00s Real=0.01s
[0.270s][info][gc,start       ] GC(13) Pause Young (Allocation Failure)
[0.276s][info][gc,heap        ] GC(13) DefNew: 4800K(5376K)->575K(5376K) Eden: 4800K(4800K)->0K(4800K) From: 0K(576K)->575K(576K)
[0.276s][info][gc,heap        ] GC(13) Tenured: 7132K(11888K)->9027K(11888K)
[0.276s][info][gc,metaspace   ] GC(13) Metaspace: 6297K(6464K)->6297K(6464K) NonClass: 5764K(5824K)->5764K(5824K) Class: 533K(640K)->533K(640K)
[0.277s][info][gc             ] GC(13) Pause Young (Allocation Failure) 11M->9M(16M) 6.318ms
[0.277s][info][gc,cpu         ] GC(13) User=0.00s Sys=0.00s Real=0.01s
[0.283s][info][gc,start       ] GC(14) Pause Young (Allocation Failure)
[0.292s][info][gc,heap        ] GC(14) DefNew: 5375K(5376K)->576K(5376K) Eden: 4800K(4800K)->0K(4800K) From: 575K(576K)->576K(576K)
[0.292s][info][gc,heap        ] GC(14) Tenured: 9027K(11888K)->11746K(11888K)
[0.292s][info][gc,metaspace   ] GC(14) Metaspace: 6297K(6464K)->6297K(6464K) NonClass: 5764K(5824K)->5764K(5824K) Class: 533K(640K)->533K(640K)
[0.292s][info][gc             ] GC(14) Pause Young (Allocation Failure) 14M->12M(16M) 8.680ms
[0.292s][info][gc,cpu         ] GC(14) User=0.00s Sys=0.00s Real=0.01s
[0.296s][info][gc,start       ] GC(15) Pause Young (Allocation Failure)
[0.305s][info][gc             ] GC(15) Pause Young (Allocation Failure) 16M->14M(19M) 8.914ms
[0.305s][info][gc,cpu         ] GC(15) User=0.00s Sys=0.00s Real=0.01s
[0.305s][info][gc,start       ] GC(16) Pause Full (Allocation Failure)
[0.305s][info][gc,phases,start] GC(16) Phase 1: Mark live objects
[0.313s][info][gc,phases      ] GC(16) Phase 1: Mark live objects 8.278ms
[0.313s][info][gc,phases,start] GC(16) Phase 2: Compute new object addresses
[0.317s][info][gc,phases      ] GC(16) Phase 2: Compute new object addresses 3.062ms
[0.317s][info][gc,phases,start] GC(16) Phase 3: Adjust pointers
[0.320s][info][gc,phases      ] GC(16) Phase 3: Adjust pointers 3.457ms
[0.320s][info][gc,phases,start] GC(16) Phase 4: Move objects
[0.320s][info][gc,phases      ] GC(16) Phase 4: Move objects 0.192ms
[0.320s][info][gc,heap        ] GC(16) DefNew: 5376K(5376K)->387K(10880K) Eden: 4800K(4800K)->387K(9728K) From: 576K(576K)->0K(1152K)
[0.320s][info][gc,heap        ] GC(16) Tenured: 11746K(11888K)->14384K(23976K)
[0.320s][info][gc,metaspace   ] GC(16) Metaspace: 6299K(6464K)->6299K(6464K) NonClass: 5766K(5824K)->5766K(5824K) Class: 533K(640K)->533K(640K)
[0.320s][info][gc             ] GC(16) Pause Full (Allocation Failure) 14M->14M(34M) 15.412ms
[0.320s][info][gc,cpu         ] GC(16) User=0.00s Sys=0.00s Real=0.01s
[0.330s][info][gc,start       ] GC(17) Pause Young (Allocation Failure)
[0.346s][info][gc,heap        ] GC(17) DefNew: 9728K(10880K)->1151K(10880K) Eden: 9728K(9728K)->0K(9728K) From: 0K(1152K)->1151K(1152K)
[0.346s][info][gc,heap        ] GC(17) Tenured: 14384K(23976K)->18415K(23976K)
[0.346s][info][gc,metaspace   ] GC(17) Metaspace: 6299K(6464K)->6299K(6464K) NonClass: 5766K(5824K)->5766K(5824K) Class: 533K(640K)->533K(640K)
[0.346s][info][gc             ] GC(17) Pause Young (Allocation Failure) 23M->19M(34M) 15.763ms
[0.346s][info][gc,cpu         ] GC(17) User=0.00s Sys=0.00s Real=0.02s
[0.355s][info][gc,start       ] GC(18) Pause Young (Allocation Failure)
[0.369s][info][gc,heap        ] GC(18) DefNew: 10879K(10880K)->1151K(10880K) Eden: 9728K(9728K)->0K(9728K) From: 1151K(1152K)->1151K(1152K)
[0.369s][info][gc,heap        ] GC(18) Tenured: 18415K(23976K)->23936K(23976K)
[0.369s][info][gc,metaspace   ] GC(18) Metaspace: 6299K(6464K)->6299K(6464K) NonClass: 5766K(5824K)->5766K(5824K) Class: 533K(640K)->533K(640K)
[0.369s][info][gc             ] GC(18) Pause Young (Allocation Failure) 28M->24M(34M) 14.101ms
[0.369s][info][gc,cpu         ] GC(18) User=0.00s Sys=0.00s Real=0.01s
[0.375s][info][gc,start       ] GC(19) Pause Young (Allocation Failure)
[0.388s][info][gc             ] GC(19) Pause Young (Allocation Failure) 34M->29M(38M) 12.916ms
[0.388s][info][gc,cpu         ] GC(19) User=0.00s Sys=0.00s Real=0.01s
[0.388s][info][gc,start       ] GC(20) Pause Full (Allocation Failure)
[0.388s][info][gc,phases,start] GC(20) Phase 1: Mark live objects
[0.405s][info][gc,phases      ] GC(20) Phase 1: Mark live objects 16.498ms
[0.405s][info][gc,phases,start] GC(20) Phase 2: Compute new object addresses
[0.411s][info][gc,phases      ] GC(20) Phase 2: Compute new object addresses 5.883ms
[0.411s][info][gc,phases,start] GC(20) Phase 3: Adjust pointers
[0.417s][info][gc,phases      ] GC(20) Phase 3: Adjust pointers 6.397ms
[0.417s][info][gc,phases,start] GC(20) Phase 4: Move objects
[0.418s][info][gc,phases      ] GC(20) Phase 4: Move objects 0.196ms
[0.418s][info][gc,heap        ] GC(20) DefNew: 10879K(10880K)->1080K(21888K) Eden: 9728K(9728K)->1080K(19520K) From: 1151K(1152K)->0K(2368K)
[0.418s][info][gc,heap        ] GC(20) Tenured: 23936K(23976K)->29036K(48396K)
[0.418s][info][gc,metaspace   ] GC(20) Metaspace: 6299K(6464K)->6299K(6464K) NonClass: 5766K(5824K)->5766K(5824K) Class: 533K(640K)->533K(640K)
[0.418s][info][gc             ] GC(20) Pause Full (Allocation Failure) 29M->29M(68M) 29.423ms
[0.418s][info][gc,cpu         ] GC(20) User=0.03s Sys=0.00s Real=0.03s
[0.434s][info][gc,start       ] GC(21) Pause Young (Allocation Failure)
[0.469s][info][gc,heap        ] GC(21) DefNew: 19520K(21888K)->2367K(21888K) Eden: 19520K(19520K)->0K(19520K) From: 0K(2368K)->2367K(2368K)
[0.469s][info][gc,heap        ] GC(21) Tenured: 29036K(48396K)->41006K(48396K)
[0.469s][info][gc,metaspace   ] GC(21) Metaspace: 6299K(6464K)->6299K(6464K) NonClass: 5766K(5824K)->5766K(5824K) Class: 533K(640K)->533K(640K)
[0.469s][info][gc             ] GC(21) Pause Young (Allocation Failure) 47M->42M(68M) 34.946ms
[0.469s][info][gc,cpu         ] GC(21) User=0.03s Sys=0.00s Real=0.04s
[0.488s][info][gc,start       ] GC(22) Pause Young (Allocation Failure)
[0.527s][info][gc             ] GC(22) Pause Young (Allocation Failure) 61M->61M(80M) 38.132ms
[0.527s][info][gc,cpu         ] GC(22) User=0.02s Sys=0.02s Real=0.04s
[0.527s][info][gc,start       ] GC(23) Pause Full (Allocation Failure)
[0.527s][info][gc,phases,start] GC(23) Phase 1: Mark live objects
[0.554s][info][gc,phases      ] GC(23) Phase 1: Mark live objects 27.067ms
[0.554s][info][gc,phases,start] GC(23) Phase 2: Compute new object addresses
[0.564s][info][gc,phases      ] GC(23) Phase 2: Compute new object addresses 9.680ms
[0.564s][info][gc,phases,start] GC(23) Phase 3: Adjust pointers
[0.575s][info][gc,phases      ] GC(23) Phase 3: Adjust pointers 11.632ms
[0.575s][info][gc,phases,start] GC(23) Phase 4: Move objects
[0.576s][info][gc,phases      ] GC(23) Phase 4: Move objects 0.425ms
[0.576s][info][gc,heap        ] GC(23) DefNew: 21887K(21888K)->2178K(45568K) Eden: 19520K(19520K)->2178K(40512K) From: 2367K(2368K)->0K(5056K)
[0.576s][info][gc,heap        ] GC(23) Tenured: 41006K(48396K)->60683K(101140K)
[0.576s][info][gc,metaspace   ] GC(23) Metaspace: 6299K(6464K)->6299K(6464K) NonClass: 5766K(5824K)->5766K(5824K) Class: 533K(640K)->533K(640K)
[0.576s][info][gc             ] GC(23) Pause Full (Allocation Failure) 61M->61M(143M) 49.501ms
[0.576s][info][gc,cpu         ] GC(23) User=0.02s Sys=0.00s Real=0.05s
[0.618s][info][gc,start       ] GC(24) Pause Young (Allocation Failure)
[0.684s][info][gc,heap        ] GC(24) DefNew: 40512K(45568K)->5056K(45568K) Eden: 40512K(40512K)->0K(40512K) From: 0K(5056K)->5056K(5056K)
[0.684s][info][gc,heap        ] GC(24) Tenured: 60683K(101140K)->96114K(101140K)
[0.684s][info][gc,metaspace   ] GC(24) Metaspace: 6299K(6464K)->6299K(6464K) NonClass: 5766K(5824K)->5766K(5824K) Class: 533K(640K)->533K(640K)
[0.684s][info][gc             ] GC(24) Pause Young (Allocation Failure) 98M->98M(143M) 65.262ms
[0.684s][info][gc,cpu         ] GC(24) User=0.05s Sys=0.00s Real=0.07s
[0.717s][info][gc,start       ] GC(25) Pause Young (Allocation Failure)
[0.793s][info][gc             ] GC(25) Pause Young (Allocation Failure) 138M->138M(178M) 75.517ms
[0.793s][info][gc,cpu         ] GC(25) User=0.08s Sys=0.00s Real=0.08s
[0.793s][info][gc,start       ] GC(26) Pause Full (Allocation Failure)
[0.793s][info][gc,phases,start] GC(26) Phase 1: Mark live objects
[0.854s][info][gc,phases      ] GC(26) Phase 1: Mark live objects 60.891ms
[0.854s][info][gc,phases,start] GC(26) Phase 2: Compute new object addresses
[0.878s][info][gc,phases      ] GC(26) Phase 2: Compute new object addresses 23.624ms
[0.878s][info][gc,phases,start] GC(26) Phase 3: Adjust pointers
[0.907s][info][gc,phases      ] GC(26) Phase 3: Adjust pointers 28.878ms
[0.907s][info][gc,phases,start] GC(26) Phase 4: Move objects
[0.936s][info][gc,phases      ] GC(26) Phase 4: Move objects 28.829ms
[0.936s][info][gc,heap        ] GC(26) DefNew: 45568K(45568K)->1084K(102592K) Eden: 40512K(40512K)->1084K(91200K) From: 5056K(5056K)->0K(11392K)
[0.936s][info][gc,heap        ] GC(26) Tenured: 96114K(101140K)->136727K(227880K)
[0.936s][info][gc,metaspace   ] GC(26) Metaspace: 6299K(6464K)->6299K(6464K) NonClass: 5766K(5824K)->5766K(5824K) Class: 533K(640K)->533K(640K)
[0.936s][info][gc             ] GC(26) Pause Full (Allocation Failure) 138M->134M(322M) 143.119ms
[0.936s][info][gc,cpu         ] GC(26) User=0.12s Sys=0.02s Real=0.14s
[1.034s][info][gc,start       ] GC(27) Pause Young (Allocation Failure)
[1.193s][info][gc,heap        ] GC(27) DefNew: 91200K(102592K)->11391K(102592K) Eden: 91200K(91200K)->0K(91200K) From: 0K(11392K)->11391K(11392K)
[1.193s][info][gc,heap        ] GC(27) Tenured: 136727K(227880K)->216505K(227880K)
[1.193s][info][gc,metaspace   ] GC(27) Metaspace: 6299K(6464K)->6299K(6464K) NonClass: 5766K(5824K)->5766K(5824K) Class: 533K(640K)->533K(640K)
[1.193s][info][gc             ] GC(27) Pause Young (Allocation Failure) 222M->222M(322M) 159.210ms
[1.193s][info][gc,cpu         ] GC(27) User=0.11s Sys=0.03s Real=0.16s
[1.276s][info][gc,start       ] GC(28) Pause Young (Allocation Failure)
[1.461s][info][gc             ] GC(28) Pause Young (Allocation Failure) 311M->311M(400M) 185.590ms
[1.461s][info][gc,cpu         ] GC(28) User=0.11s Sys=0.05s Real=0.18s
[1.461s][info][gc,start       ] GC(29) Pause Full (Allocation Failure)
[1.461s][info][gc,phases,start] GC(29) Phase 1: Mark live objects
[1.609s][info][gc,phases      ] GC(29) Phase 1: Mark live objects 147.685ms
[1.609s][info][gc,phases,start] GC(29) Phase 2: Compute new object addresses
[1.664s][info][gc,phases      ] GC(29) Phase 2: Compute new object addresses 55.136ms
[1.664s][info][gc,phases,start] GC(29) Phase 3: Adjust pointers
[1.720s][info][gc,phases      ] GC(29) Phase 3: Adjust pointers 55.941ms
[1.720s][info][gc,phases,start] GC(29) Phase 4: Move objects
[1.723s][info][gc,phases      ] GC(29) Phase 4: Move objects 2.278ms
[1.723s][info][gc,heap        ] GC(29) DefNew: 102591K(102592K)->11376K(230848K) Eden: 91200K(91200K)->11376K(205248K) From: 11391K(11392K)->0K(25600K)
[1.724s][info][gc,heap        ] GC(29) Tenured: 216505K(227880K)->307692K(512820K)
[1.724s][info][gc,metaspace   ] GC(29) Metaspace: 6299K(6464K)->6299K(6464K) NonClass: 5766K(5824K)->5766K(5824K) Class: 533K(640K)->533K(640K)
[1.724s][info][gc             ] GC(29) Pause Full (Allocation Failure) 311M->311M(726M) 262.431ms
[1.724s][info][gc,cpu         ] GC(29) User=0.23s Sys=0.00s Real=0.26s
[1.939s][info][gc,start       ] GC(30) Pause Young (Allocation Failure)
[2.302s][info][gc,heap        ] GC(30) DefNew: 205248K(230848K)->25599K(230848K) Eden: 205248K(205248K)->0K(205248K) From: 0K(25600K)->25599K(25600K)
[2.302s][info][gc,heap        ] GC(30) Tenured: 307692K(512820K)->487314K(512820K)
[2.302s][info][gc,metaspace   ] GC(30) Metaspace: 6299K(6464K)->6299K(6464K) NonClass: 5766K(5824K)->5766K(5824K) Class: 533K(640K)->533K(640K)
[2.302s][info][gc             ] GC(30) Pause Young (Allocation Failure) 500M->500M(726M) 363.158ms
[2.302s][info][gc,cpu         ] GC(30) User=0.20s Sys=0.12s Real=0.36s
[2.499s][info][gc,start       ] GC(31) Pause Young (Allocation Failure)
[2.917s][info][gc             ] GC(31) Pause Young (Allocation Failure) 701M->700M(901M) 418.203ms
[2.917s][info][gc,cpu         ] GC(31) User=0.31s Sys=0.05s Real=0.42s
[2.918s][info][gc,start       ] GC(32) Pause Full (Allocation Failure)
[2.918s][info][gc,phases,start] GC(32) Phase 1: Mark live objects
[3.257s][info][gc,phases      ] GC(32) Phase 1: Mark live objects 339.506ms
[3.257s][info][gc,phases,start] GC(32) Phase 2: Compute new object addresses
[3.369s][info][gc,phases      ] GC(32) Phase 2: Compute new object addresses 112.165ms
[3.369s][info][gc,phases,start] GC(32) Phase 3: Adjust pointers
[3.492s][info][gc,phases      ] GC(32) Phase 3: Adjust pointers 122.683ms
[3.492s][info][gc,phases,start] GC(32) Phase 4: Move objects
[3.498s][info][gc,phases      ] GC(32) Phase 4: Move objects 5.552ms
[3.500s][info][gc,heap        ] GC(32) DefNew: 230847K(230848K)->25508K(518976K) Eden: 205248K(205248K)->25508K(461312K) From: 25599K(25600K)->0K(57664K)
[3.500s][info][gc,heap        ] GC(32) Tenured: 487314K(512820K)->691956K(1153260K)
[3.500s][info][gc,metaspace   ] GC(32) Metaspace: 6299K(6464K)->6299K(6464K) NonClass: 5766K(5824K)->5766K(5824K) Class: 533K(640K)->533K(640K)
[3.500s][info][gc             ] GC(32) Pause Full (Allocation Failure) 700M->700M(1633M) 582.263ms
[3.500s][info][gc,cpu         ] GC(32) User=0.58s Sys=0.00s Real=0.58s
[3.990s][info][gc,start       ] GC(33) Pause Young (Allocation Failure)
[4.814s][info][gc,heap        ] GC(33) DefNew: 461312K(518976K)->57664K(518976K) Eden: 461312K(461312K)->0K(461312K) From: 0K(57664K)->57664K(57664K)
[4.814s][info][gc,heap        ] GC(33) Tenured: 691956K(1153260K)->1095572K(1153260K)
[4.814s][info][gc,metaspace   ] GC(33) Metaspace: 6299K(6464K)->6299K(6464K) NonClass: 5766K(5824K)->5766K(5824K) Class: 533K(640K)->533K(640K)
[4.814s][info][gc             ] GC(33) Pause Young (Allocation Failure) 1126M->1126M(1633M) 823.400ms
[4.814s][info][gc,cpu         ] GC(33) User=0.75s Sys=0.06s Real=0.82s
[5.285s][info][gc,start       ] GC(34) Pause Young (Allocation Failure)
[6.069s][info][gc             ] GC(34) Pause Young (Allocation Failure) 1576M->1523M(1974M) 784.360ms
[6.069s][info][gc,cpu         ] GC(34) User=0.59s Sys=0.14s Real=0.78s
[6.069s][info][gc,start       ] GC(35) Pause Full (Allocation Failure)
[6.069s][info][gc,phases,start] GC(35) Phase 1: Mark live objects
[6.785s][info][gc,phases      ] GC(35) Phase 1: Mark live objects 715.557ms
[6.785s][info][gc,phases,start] GC(35) Phase 2: Compute new object addresses
[7.024s][info][gc,phases      ] GC(35) Phase 2: Compute new object addresses 239.204ms
[7.024s][info][gc,phases,start] GC(35) Phase 3: Adjust pointers
[7.308s][info][gc,phases      ] GC(35) Phase 3: Adjust pointers 283.981ms
[7.308s][info][gc,phases,start] GC(35) Phase 4: Move objects
[7.320s][info][gc,phases      ] GC(35) Phase 4: Move objects 11.523ms
[7.324s][info][gc,heap        ] GC(35) DefNew: 518976K(518976K)->57543K(1126976K) Eden: 461312K(461312K)->57543K(1001792K) From: 57664K(57664K)->0K(125184K)
[7.324s][info][gc,heap        ] GC(35) Tenured: 1095572K(1153260K)->1502575K(2504296K)
[7.324s][info][gc,metaspace   ] GC(35) Metaspace: 6299K(6464K)->6299K(6464K) NonClass: 5766K(5824K)->5766K(5824K) Class: 533K(640K)->533K(640K)
[7.324s][info][gc             ] GC(35) Pause Full (Allocation Failure) 1523M->1523M(3546M) 1254.916ms
[7.324s][info][gc,cpu         ] GC(35) User=1.19s Sys=0.00s Real=1.26s
[8.348s][info][gc,start       ] GC(36) Pause Young (Allocation Failure)
[10.201s][info][gc,heap        ] GC(36) DefNew: 1001792K(1126976K)->125184K(1126976K) Eden: 1001792K(1001792K)->0K(1001792K) From: 0K(125184K)->125184K(125184K)
[10.201s][info][gc,heap        ] GC(36) Tenured: 1502575K(2504296K)->2379154K(2504296K)
[10.201s][info][gc,metaspace   ] GC(36) Metaspace: 6299K(6464K)->6299K(6464K) NonClass: 5766K(5824K)->5766K(5824K) Class: 533K(640K)->533K(640K)
[10.201s][info][gc             ] GC(36) Pause Young (Allocation Failure) 2445M->2445M(3546M) 1852.984ms
[10.201s][info][gc,cpu         ] GC(36) User=1.31s Sys=0.48s Real=1.85s
[11.247s][info][gc,start       ] GC(37) Pause Young (Allocation Failure)
[13.081s][info][gc             ] GC(37) Pause Young (Allocation Failure) 3423M->3423M(4402M) 1833.667ms
[13.081s][info][gc,cpu         ] GC(37) User=1.45s Sys=0.34s Real=1.83s
[13.081s][info][gc,start       ] GC(38) Pause Full (Allocation Failure)
[13.081s][info][gc,phases,start] GC(38) Phase 1: Mark live objects
[14.735s][info][gc,phases      ] GC(38) Phase 1: Mark live objects 1654.207ms
[14.735s][info][gc,phases,start] GC(38) Phase 2: Compute new object addresses
[15.282s][info][gc,phases      ] GC(38) Phase 2: Compute new object addresses 546.402ms
[15.282s][info][gc,phases,start] GC(38) Phase 3: Adjust pointers
[16.010s][info][gc,phases      ] GC(38) Phase 3: Adjust pointers 728.024ms
[16.010s][info][gc,phases,start] GC(38) Phase 4: Move objects
[16.692s][info][gc,phases      ] GC(38) Phase 4: Move objects 682.398ms
[16.702s][info][gc,heap        ] GC(38) DefNew: 1126976K(1126976K)->30794K(2535872K) Eden: 1001792K(1001792K)->30794K(2254144K) From: 125184K(125184K)->0K(281728K)
[16.702s][info][gc,heap        ] GC(38) Tenured: 2379154K(2504296K)->3381099K(5635168K)
[16.702s][info][gc,metaspace   ] GC(38) Metaspace: 6299K(6464K)->6299K(6464K) NonClass: 5766K(5824K)->5766K(5824K) Class: 533K(640K)->533K(640K)
[16.702s][info][gc             ] GC(38) Pause Full (Allocation Failure) 3423M->3331M(7979M) 3621.071ms
[16.702s][info][gc,cpu         ] GC(38) User=3.55s Sys=0.03s Real=3.62s
[19.023s][info][gc,start       ] GC(39) Pause Young (Allocation Failure)
[23.122s][info][gc,heap        ] GC(39) DefNew: 2254144K(2535872K)->281728K(2535872K) Eden: 2254144K(2254144K)->0K(2254144K) From: 0K(281728K)->281728K(281728K)
[23.122s][info][gc,heap        ] GC(39) Tenured: 3381099K(5635168K)->5353480K(5635168K)
[23.122s][info][gc,metaspace   ] GC(39) Metaspace: 6299K(6464K)->6299K(6464K) NonClass: 5766K(5824K)->5766K(5824K) Class: 533K(640K)->533K(640K)
[23.122s][info][gc             ] GC(39) Pause Young (Allocation Failure) 5503M->5503M(7979M) 4098.885ms
[23.122s][info][gc,cpu         ] GC(39) User=3.23s Sys=0.75s Real=4.10s
[25.262s][info][gc,start       ] GC(40) Pause Young (Allocation Failure)
[29.472s][info][gc             ] GC(40) Pause Young (Allocation Failure) 7704M->7704M(9905M) 4209.480ms
[29.472s][info][gc,cpu         ] GC(40) User=3.30s Sys=0.59s Real=4.21s
[29.472s][info][gc,start       ] GC(41) Pause Full (Allocation Failure)
[29.472s][info][gc,phases,start] GC(41) Phase 1: Mark live objects
[33.273s][info][gc,phases      ] GC(41) Phase 1: Mark live objects 3801.160ms
[33.273s][info][gc,phases,start] GC(41) Phase 2: Compute new object addresses
[34.524s][info][gc,phases      ] GC(41) Phase 2: Compute new object addresses 1250.670ms
[34.524s][info][gc,phases,start] GC(41) Phase 3: Adjust pointers
[35.961s][info][gc,phases      ] GC(41) Phase 3: Adjust pointers 1437.478ms
[35.961s][info][gc,phases,start] GC(41) Phase 4: Move objects
[36.024s][info][gc,phases      ] GC(41) Phase 4: Move objects 62.572ms
[36.225s][info][gc,heap        ] GC(41) DefNew: 2535872K(2535872K)->281672K(5130240K) Eden: 2254144K(2254144K)->281672K(4560256K) From: 281728K(281728K)->0K(569984K)
[36.226s][info][gc,heap        ] GC(41) Tenured: 5353480K(5635168K)->7607651K(11400576K)
[36.226s][info][gc,metaspace   ] GC(41) Metaspace: 6299K(6464K)->6299K(6464K) NonClass: 5766K(5824K)->5766K(5824K) Class: 533K(640K)->533K(640K)
[36.226s][info][gc             ] GC(41) Pause Full (Allocation Failure) 7704M->7704M(16143M) 6754.034ms
[36.226s][info][gc,cpu         ] GC(41) User=6.31s Sys=0.00s Real=6.76s
[40.076s][info][gc,start       ] GC(42) Pause Young (Allocation Failure)
[52.319s][info][gc,heap        ] GC(42) DefNew: 4155088K(5130240K)->569984K(5130240K) Eden: 4155088K(4560256K)->0K(4560256K) From: 0K(569984K)->569984K(569984K)
[52.319s][info][gc,heap        ] GC(42) Tenured: 7607651K(11400576K)->11149035K(11400576K)
[52.319s][info][gc,metaspace   ] GC(42) Metaspace: 6299K(6464K)->6299K(6464K) NonClass: 5766K(5824K)->5766K(5824K) Class: 533K(640K)->533K(640K)
[52.319s][info][gc             ] GC(42) Pause Young (Allocation Failure) 11487M->11444M(16143M) 12243.283ms
[52.319s][info][gc,cpu         ] GC(42) User=6.70s Sys=4.50s Real=12.24s
[63.262s][info][gc,start       ] GC(43) Pause Young (Allocation Failure)
[63.263s][info][gc             ] GC(43) Pause Young (Allocation Failure) 15897M->15897M(16143M) 0.123ms
[63.263s][info][gc,cpu         ] GC(43) User=0.00s Sys=0.00s Real=0.00s
[63.263s][info][gc,start       ] GC(44) Pause Full (Allocation Failure)
[63.263s][info][gc,phases,start] GC(44) Phase 1: Mark live objects
[108.493s][info][gc,phases      ] GC(44) Phase 1: Mark live objects 45230.064ms
[108.493s][info][gc,phases,start] GC(44) Phase 2: Compute new object addresses
[137.198s][info][gc,phases      ] GC(44) Phase 2: Compute new object addresses 28704.786ms
[137.199s][info][gc,phases,start] GC(44) Phase 3: Adjust pointers
[192.007s][info][gc,phases      ] GC(44) Phase 3: Adjust pointers 54808.522ms
[192.008s][info][gc,phases,start] GC(44) Phase 4: Move objects
[192.984s][info][gc,phases      ] GC(44) Phase 4: Move objects 976.956ms
[193.031s][info][gc,heap        ] GC(44) DefNew: 5130240K(5130240K)->5115236K(5130240K) Eden: 4560256K(4560256K)->4560256K(4560256K) From: 569984K(569984K)->554980K(569984K)
[193.032s][info][gc,heap        ] GC(44) Tenured: 11149035K(11400576K)->11149035K(11400576K)
[193.032s][info][gc,metaspace   ] GC(44) Metaspace: 6299K(6464K)->6299K(6464K) NonClass: 5766K(5824K)->5766K(5824K) Class: 533K(640K)->533K(640K)
[193.032s][info][gc             ] GC(44) Pause Full (Allocation Failure) 15897M->15883M(16143M) 129769.824ms
[193.033s][info][gc,cpu         ] GC(44) User=11.45s Sys=43.41s Real=129.77s
[194.049s][info][gc,start       ] GC(45) Pause Full (Allocation Failure)
[194.050s][info][gc,phases,start] GC(45) Phase 1: Mark live objects
[252.775s][info][gc,phases      ] GC(45) Phase 1: Mark live objects 58724.318ms
[252.776s][info][gc,phases,start] GC(45) Phase 2: Compute new object addresses
[278.428s][info][gc,phases      ] GC(45) Phase 2: Compute new object addresses 25652.333ms
[278.428s][info][gc,phases,start] GC(45) Phase 3: Adjust pointers
[335.488s][info][gc,phases      ] GC(45) Phase 3: Adjust pointers 57053.241ms
[335.489s][info][gc,phases,start] GC(45) Phase 4: Move objects
[335.490s][info][gc,phases      ] GC(45) Phase 4: Move objects 0.868ms
[335.502s][info][gc,heap        ] GC(45) DefNew: 5130239K(5130240K)->5130239K(5130240K) Eden: 4560256K(4560256K)->4560256K(4560256K) From: 569983K(569984K)->569983K(569984K)
[335.502s][info][gc,heap        ] GC(45) Tenured: 11400575K(11400576K)->11400575K(11400576K)
[335.502s][info][gc,metaspace   ] GC(45) Metaspace: 6299K(6464K)->6299K(6464K) NonClass: 5766K(5824K)->5766K(5824K) Class: 533K(640K)->533K(640K)
[335.503s][info][gc             ] GC(45) Pause Full (Allocation Failure) 16143M->16143M(16143M) 141453.857ms
[335.504s][info][gc,cpu         ] GC(45) User=9.58s Sys=38.45s Real=141.45s
[335.504s][info][gc,start       ] GC(46) Pause Full (Allocation Failure)
[335.505s][info][gc,phases,start] GC(46) Phase 1: Mark live objects
[383.307s][info][gc,phases      ] GC(46) Phase 1: Mark live objects 47802.107ms
[383.308s][info][gc,phases,start] GC(46) Phase 2: Compute new object addresses
[403.874s][info][gc,phases      ] GC(46) Phase 2: Compute new object addresses 20565.647ms
[403.874s][info][gc,phases,start] GC(46) Phase 3: Adjust pointers
[464.492s][info][gc,phases      ] GC(46) Phase 3: Adjust pointers 60617.195ms
[464.493s][info][gc,phases,start] GC(46) Phase 4: Move objects
[494.399s][info][gc,phases      ] GC(46) Phase 4: Move objects 29905.269ms
[494.417s][info][gc,heap        ] GC(46) DefNew: 5130239K(5130240K)->5130239K(5130240K) Eden: 4560256K(4560256K)->4560256K(4560256K) From: 569983K(569984K)->569983K(569984K)
[494.417s][info][gc,heap        ] GC(46) Tenured: 11400575K(11400576K)->11007355K(11400576K)
[494.418s][info][gc,metaspace   ] GC(46) Metaspace: 6299K(6464K)->6297K(6464K) NonClass: 5766K(5824K)->5764K(5824K) Class: 533K(640K)->532K(640K)
[494.419s][info][gc             ] GC(46) Pause Full (Allocation Failure) 16143M->15759M(16143M) 158914.844ms
[494.419s][info][gc,cpu         ] GC(46) User=12.81s Sys=50.02s Real=158.92s
[497.814s][info][gc,start       ] GC(47) Pause Full (Allocation Failure)
[497.814s][info][gc,phases,start] GC(47) Phase 1: Mark live objects
[538.796s][info][gc,phases      ] GC(47) Phase 1: Mark live objects 40981.340ms
[538.796s][info][gc,phases,start] GC(47) Phase 2: Compute new object addresses
[565.776s][info][gc,phases      ] GC(47) Phase 2: Compute new object addresses 26979.690ms
[565.776s][info][gc,phases,start] GC(47) Phase 3: Adjust pointers
[620.146s][info][gc,phases      ] GC(47) Phase 3: Adjust pointers 54370.153ms
[620.147s][info][gc,phases,start] GC(47) Phase 4: Move objects
[620.153s][info][gc,phases      ] GC(47) Phase 4: Move objects 6.406ms
[620.184s][info][gc,heap        ] GC(47) DefNew: 5130239K(5130240K)->5130239K(5130240K) Eden: 4560256K(4560256K)->4560256K(4560256K) From: 569983K(569984K)->569983K(569984K)
[620.184s][info][gc,heap        ] GC(47) Tenured: 11400576K(11400576K)->11400576K(11400576K)
[620.185s][info][gc,metaspace   ] GC(47) Metaspace: 6297K(6464K)->6297K(6464K) NonClass: 5764K(5824K)->5764K(5824K) Class: 532K(640K)->532K(640K)
[620.188s][info][gc             ] GC(47) Pause Full (Allocation Failure) 16143M->16143M(16143M) 122373.852ms
[620.190s][info][gc,cpu         ] GC(47) User=10.95s Sys=36.83s Real=122.38s
[620.190s][info][gc,start       ] GC(48) Pause Full (Allocation Failure)
[620.192s][info][gc,phases,start] GC(48) Phase 1: Mark live objects
[672.410s][info][gc,phases      ] GC(48) Phase 1: Mark live objects 52217.598ms
[672.410s][info][gc,phases,start] GC(48) Phase 2: Compute new object addresses
[703.111s][info][gc,phases      ] GC(48) Phase 2: Compute new object addresses 30700.637ms
[703.111s][info][gc,phases,start] GC(48) Phase 3: Adjust pointers
[761.817s][info][gc,phases      ] GC(48) Phase 3: Adjust pointers 58706.115ms
[761.817s][info][gc,phases,start] GC(48) Phase 4: Move objects
[761.818s][info][gc,phases      ] GC(48) Phase 4: Move objects 0.973ms
[761.835s][info][gc,heap        ] GC(48) DefNew: 5130239K(5130240K)->5130239K(5130240K) Eden: 4560256K(4560256K)->4560256K(4560256K) From: 569983K(569984K)->569983K(569984K)
[761.835s][info][gc,heap        ] GC(48) Tenured: 11400576K(11400576K)->11400576K(11400576K)
[761.835s][info][gc,metaspace   ] GC(48) Metaspace: 6297K(6464K)->6297K(6464K) NonClass: 5764K(5824K)->5764K(5824K) Class: 532K(640K)->532K(640K)
[761.837s][info][gc             ] GC(48) Pause Full (Allocation Failure) 16143M->16143M(16143M) 141646.807ms
[761.837s][info][gc,cpu         ] GC(48) User=9.42s Sys=43.98s Real=141.65s
[761.861s][info][gc,start       ] GC(49) Pause Full (Allocation Failure)
[761.863s][info][gc,phases,start] GC(49) Phase 1: Mark live objects
[809.175s][info][gc,phases      ] GC(49) Phase 1: Mark live objects 47311.873ms
[809.175s][info][gc,phases,start] GC(49) Phase 2: Compute new object addresses
[838.388s][info][gc,phases      ] GC(49) Phase 2: Compute new object addresses 29212.059ms
[838.388s][info][gc,phases,start] GC(49) Phase 3: Adjust pointers
[902.945s][info][gc,phases      ] GC(49) Phase 3: Adjust pointers 64556.366ms
[902.945s][info][gc,phases,start] GC(49) Phase 4: Move objects
[902.946s][info][gc,phases      ] GC(49) Phase 4: Move objects 0.451ms
[902.961s][info][gc,heap        ] GC(49) DefNew: 5130239K(5130240K)->5130239K(5130240K) Eden: 4560256K(4560256K)->4560256K(4560256K) From: 569983K(569984K)->569983K(569984K)
[902.961s][info][gc,heap        ] GC(49) Tenured: 11400576K(11400576K)->11400576K(11400576K)
[902.962s][info][gc,metaspace   ] GC(49) Metaspace: 6297K(6464K)->6297K(6464K) NonClass: 5764K(5824K)->5764K(5824K) Class: 532K(640K)->532K(640K)
[902.964s][info][gc             ] GC(49) Pause Full (Allocation Failure) 16143M->16143M(16143M) 141102.183ms
[902.964s][info][gc,cpu         ] GC(49) User=11.36s Sys=49.58s Real=141.10s
[902.964s][info][gc,start       ] GC(50) Pause Full (Allocation Failure)
[902.966s][info][gc,phases,start] GC(50) Phase 1: Mark live objects
[956.016s][info][gc,phases      ] GC(50) Phase 1: Mark live objects 53050.040ms
[956.017s][info][gc,phases,start] GC(50) Phase 2: Compute new object addresses
[982.423s][info][gc,phases      ] GC(50) Phase 2: Compute new object addresses 26403.125ms
[982.425s][info][gc,phases,start] GC(50) Phase 3: Adjust pointers
[1044.101s][info][gc,phases      ] GC(50) Phase 3: Adjust pointers 61675.712ms
[1044.101s][info][gc,phases,start] GC(50) Phase 4: Move objects
[1078.170s][info][gc,phases      ] GC(50) Phase 4: Move objects 34068.688ms
[1078.188s][info][gc,heap        ] GC(50) DefNew: 5130239K(5130240K)->5130239K(5130240K) Eden: 4560256K(4560256K)->4560256K(4560256K) From: 569983K(569984K)->569983K(569984K)
[1078.188s][info][gc,heap        ] GC(50) Tenured: 11400576K(11400576K)->11400574K(11400576K)
[1078.188s][info][gc,metaspace   ] GC(50) Metaspace: 6297K(6464K)->6297K(6464K) NonClass: 5764K(5824K)->5764K(5824K) Class: 532K(640K)->532K(640K)
[1078.191s][info][gc             ] GC(50) Pause Full (Allocation Failure) 16143M->16143M(16143M) 175226.062ms
[1078.191s][info][gc,cpu         ] GC(50) User=11.30s Sys=57.98s Real=175.23s
[1078.260s][info][gc,start       ] GC(51) Pause Full (Allocation Failure)
[1078.261s][info][gc,phases,start] GC(51) Phase 1: Mark live objects
[1119.565s][info][gc,phases      ] GC(51) Phase 1: Mark live objects 41303.682ms
[1119.565s][info][gc,phases,start] GC(51) Phase 2: Compute new object addresses
[1145.552s][info][gc,phases      ] GC(51) Phase 2: Compute new object addresses 25986.745ms
[1145.552s][info][gc,phases,start] GC(51) Phase 3: Adjust pointers
[1205.822s][info][gc,phases      ] GC(51) Phase 3: Adjust pointers 60269.027ms
[1205.822s][info][gc,phases,start] GC(51) Phase 4: Move objects
[1205.822s][info][gc,phases      ] GC(51) Phase 4: Move objects 0.125ms
[1205.843s][info][gc,heap        ] GC(51) DefNew: 5130240K(5130240K)->5130240K(5130240K) Eden: 4560256K(4560256K)->4560256K(4560256K) From: 569984K(569984K)->569984K(569984K)
[1205.843s][info][gc,heap        ] GC(51) Tenured: 11400575K(11400576K)->11400575K(11400576K)
[1205.843s][info][gc,metaspace   ] GC(51) Metaspace: 6299K(6464K)->6299K(6464K) NonClass: 5765K(5824K)->5765K(5824K) Class: 533K(640K)->533K(640K)
[1205.844s][info][gc             ] GC(51) Pause Full (Allocation Failure) 16143M->16143M(16143M) 127583.780ms
[1205.845s][info][gc,cpu         ] GC(51) User=10.06s Sys=39.52s Real=127.58s
[1205.845s][info][gc,start       ] GC(52) Pause Full (Allocation Failure)
[1205.846s][info][gc,phases,start] GC(52) Phase 1: Mark live objects
[1253.472s][info][gc,phases      ] GC(52) Phase 1: Mark live objects 47625.373ms
[1253.473s][info][gc,phases,start] GC(52) Phase 2: Compute new object addresses
[1284.834s][info][gc,phases      ] GC(52) Phase 2: Compute new object addresses 31358.969ms
[1284.836s][info][gc,phases,start] GC(52) Phase 3: Adjust pointers
[1345.315s][info][gc,phases      ] GC(52) Phase 3: Adjust pointers 60480.216ms
[1345.316s][info][gc,phases,start] GC(52) Phase 4: Move objects
[1376.235s][info][gc,phases      ] GC(52) Phase 4: Move objects 30917.916ms
[1376.252s][info][gc,heap        ] GC(52) DefNew: 5130240K(5130240K)->5130240K(5130240K) Eden: 4560256K(4560256K)->4560256K(4560256K) From: 569984K(569984K)->569984K(569984K)
[1376.253s][info][gc,heap        ] GC(52) Tenured: 11400575K(11400576K)->11400572K(11400576K)
[1376.253s][info][gc,metaspace   ] GC(52) Metaspace: 6299K(6464K)->6299K(6464K) NonClass: 5765K(5824K)->5765K(5824K) Class: 533K(640K)->533K(640K)
[1376.255s][info][gc             ] GC(52) Pause Full (Allocation Failure) 16143M->16143M(16143M) 170410.329ms
[1376.255s][info][gc,cpu         ] GC(52) User=11.52s Sys=51.36s Real=170.41s
[1376.293s][info][gc,heap,exit   ] Heap
[1376.293s][info][gc,heap,exit   ]  def new generation   total 5130240K, used 5130240K [0x00000003ec400000, 0x00000005482a0000, 0x00000005482a0000)
[1376.293s][info][gc,heap,exit   ]   eden space 4560256K, 100% used [0x00000003ec400000, 0x0000000502960000, 0x0000000502960000)
[1376.293s][info][gc,heap,exit   ]   from space 569984K, 100% used [0x0000000525600000, 0x00000005482a0000, 0x00000005482a0000)
[1376.293s][info][gc,heap,exit   ]   to   space 569984K,   0% used [0x0000000502960000, 0x0000000502960000, 0x0000000525600000)
[1376.293s][info][gc,heap,exit   ]  tenured generation   total 11400576K, used 11400573K [0x00000005482a0000, 0x0000000800000000, 0x0000000800000000)
[1376.293s][info][gc,heap,exit   ]    the space 11400576K,  99% used [0x00000005482a0000, 0x00000007fffff5a0, 0x00000007fffff600, 0x0000000800000000)
[1376.293s][info][gc,heap,exit   ]  Metaspace       used 6302K, committed 6464K, reserved 1114112K
[1376.293s][info][gc,heap,exit   ]   class space    used 534K, committed 640K, reserved 1048576K
