[0.012s][info][gc,init] CardTable entry size: 512
[0.012s][info][gc     ] Using Serial
[0.012s][info][gc,init] Version: 18.0.1+10 (release)
[0.012s][info][gc,init] CPUs: 8 total, 8 available
[0.012s][info][gc,init] Memory: 16063M
[0.012s][info][gc,init] Large Page Support: Disabled
[0.012s][info][gc,init] NUMA Support: Disabled
[0.012s][info][gc,init] Compressed Oops: Enabled (Zero based)
[0.012s][info][gc,init] Heap Min Capacity: 2M
[0.012s][info][gc,init] Heap Initial Capacity: 2M
[0.012s][info][gc,init] Heap Max Capacity: 12400M
[0.012s][info][gc,init] Pre-touch: Disabled
[0.013s][info][gc,metaspace] CDS archive(s) not mapped
[0.013s][info][gc,metaspace] Compressed class space mapped at: 0x0000000800000000-0x0000000840000000, reserved size: 1073741824
[0.013s][info][gc,metaspace] Narrow klass base: 0x0000000800000000, Narrow klass shift: 0, Narrow klass range: 0x40000000
[0.176s][info][gc,start    ] GC(0) Pause Young (Allocation Failure)
[0.178s][info][gc,heap     ] GC(0) DefNew: 1023K(1152K)->127K(1152K) Eden: 1023K(1024K)->0K(1024K) From: 0K(128K)->127K(128K)
[0.178s][info][gc,heap     ] GC(0) Tenured: 0K(768K)->439K(768K)
[0.178s][info][gc,metaspace] GC(0) Metaspace: 5903K(6016K)->5903K(6016K) NonClass: 5403K(5504K)->5403K(5504K) Class: 499K(512K)->499K(512K)
[0.178s][info][gc          ] GC(0) Pause Young (Allocation Failure) 0M->0M(1M) 1.813ms
[0.178s][info][gc,cpu      ] GC(0) User=0.00s Sys=0.00s Real=0.00s
[0.195s][info][gc,start    ] GC(1) Pause Young (Allocation Failure)
[0.196s][info][gc          ] GC(1) Pause Young (Allocation Failure) 1M->0M(2M) 1.122ms
[0.196s][info][gc,cpu      ] GC(1) User=0.00s Sys=0.00s Real=0.00s
[0.196s][info][gc,start    ] GC(2) Pause Full (Allocation Failure)
[0.196s][info][gc,phases,start] GC(2) Phase 1: Mark live objects
[0.197s][info][gc,phases      ] GC(2) Phase 1: Mark live objects 0.878ms
[0.197s][info][gc,phases,start] GC(2) Phase 2: Compute new object addresses
[0.198s][info][gc,phases      ] GC(2) Phase 2: Compute new object addresses 0.204ms
[0.198s][info][gc,phases,start] GC(2) Phase 3: Adjust pointers
[0.198s][info][gc,phases      ] GC(2) Phase 3: Adjust pointers 0.440ms
[0.198s][info][gc,phases,start] GC(2) Phase 4: Move objects
[0.198s][info][gc,phases      ] GC(2) Phase 4: Move objects 0.063ms
[0.198s][info][gc,heap        ] GC(2) DefNew: 1151K(1152K)->40K(1152K) Eden: 1024K(1024K)->40K(1024K) From: 127K(128K)->0K(128K)
[0.198s][info][gc,heap        ] GC(2) Tenured: 439K(768K)->959K(1600K)
[0.198s][info][gc,metaspace   ] GC(2) Metaspace: 6299K(6464K)->6299K(6464K) NonClass: 5766K(5824K)->5766K(5824K) Class: 533K(640K)->533K(640K)
[0.198s][info][gc             ] GC(2) Pause Full (Allocation Failure) 0M->0M(2M) 1.824ms
[0.198s][info][gc,cpu         ] GC(2) User=0.00s Sys=0.00s Real=0.00s
[0.199s][info][gc,start       ] GC(3) Pause Young (Allocation Failure)
[0.201s][info][gc,heap        ] GC(3) DefNew: 1024K(1152K)->127K(1152K) Eden: 1024K(1024K)->0K(1024K) From: 0K(128K)->127K(128K)
[0.201s][info][gc,heap        ] GC(3) Tenured: 959K(1600K)->1375K(1600K)
[0.201s][info][gc,metaspace   ] GC(3) Metaspace: 6299K(6464K)->6299K(6464K) NonClass: 5766K(5824K)->5766K(5824K) Class: 533K(640K)->533K(640K)
[0.201s][info][gc             ] GC(3) Pause Young (Allocation Failure) 1M->1M(2M) 1.512ms
[0.201s][info][gc,cpu         ] GC(3) User=0.00s Sys=0.00s Real=0.00s
[0.202s][info][gc,start       ] GC(4) Pause Young (Allocation Failure)
[0.203s][info][gc             ] GC(4) Pause Young (Allocation Failure) 2M->1M(3M) 1.075ms
[0.203s][info][gc,cpu         ] GC(4) User=0.00s Sys=0.00s Real=0.00s
[0.203s][info][gc,start       ] GC(5) Pause Full (Allocation Failure)
[0.203s][info][gc,phases,start] GC(5) Phase 1: Mark live objects
[0.205s][info][gc,phases      ] GC(5) Phase 1: Mark live objects 1.400ms
[0.205s][info][gc,phases,start] GC(5) Phase 2: Compute new object addresses
[0.205s][info][gc,phases      ] GC(5) Phase 2: Compute new object addresses 0.375ms
[0.205s][info][gc,phases,start] GC(5) Phase 3: Adjust pointers
[0.206s][info][gc,phases      ] GC(5) Phase 3: Adjust pointers 0.624ms
[0.206s][info][gc,phases,start] GC(5) Phase 4: Move objects
[0.206s][info][gc,phases      ] GC(5) Phase 4: Move objects 0.129ms
[0.206s][info][gc,heap        ] GC(5) DefNew: 1151K(1152K)->35K(1536K) Eden: 1024K(1024K)->35K(1408K) From: 127K(128K)->0K(128K)
[0.206s][info][gc,heap        ] GC(5) Tenured: 1375K(1600K)->1983K(3308K)
[0.206s][info][gc,metaspace   ] GC(5) Metaspace: 6299K(6464K)->6299K(6464K) NonClass: 5766K(5824K)->5766K(5824K) Class: 533K(640K)->533K(640K)
[0.206s][info][gc             ] GC(5) Pause Full (Allocation Failure) 1M->1M(4M) 2.918ms
[0.206s][info][gc,cpu         ] GC(5) User=0.00s Sys=0.00s Real=0.00s
[0.208s][info][gc,start       ] GC(6) Pause Young (Allocation Failure)
[0.210s][info][gc,heap        ] GC(6) DefNew: 1407K(1536K)->127K(1536K) Eden: 1407K(1408K)->0K(1408K) From: 0K(128K)->127K(128K)
[0.210s][info][gc,heap        ] GC(6) Tenured: 1983K(3308K)->2617K(3308K)
[0.210s][info][gc,metaspace   ] GC(6) Metaspace: 6299K(6464K)->6299K(6464K) NonClass: 5766K(5824K)->5766K(5824K) Class: 533K(640K)->533K(640K)
[0.210s][info][gc             ] GC(6) Pause Young (Allocation Failure) 3M->2M(4M) 1.893ms
[0.210s][info][gc,cpu         ] GC(6) User=0.00s Sys=0.00s Real=0.00s
[0.211s][info][gc,start       ] GC(7) Pause Young (Allocation Failure)
[0.213s][info][gc             ] GC(7) Pause Young (Allocation Failure) 4M->3M(4M) 1.365ms
[0.213s][info][gc,cpu         ] GC(7) User=0.00s Sys=0.00s Real=0.00s
[0.213s][info][gc,start       ] GC(8) Pause Full (Allocation Failure)
[0.213s][info][gc,phases,start] GC(8) Phase 1: Mark live objects
[0.215s][info][gc,phases      ] GC(8) Phase 1: Mark live objects 1.888ms
[0.215s][info][gc,phases,start] GC(8) Phase 2: Compute new object addresses
[0.215s][info][gc,phases      ] GC(8) Phase 2: Compute new object addresses 0.536ms
[0.215s][info][gc,phases,start] GC(8) Phase 3: Adjust pointers
[0.216s][info][gc,phases      ] GC(8) Phase 3: Adjust pointers 0.766ms
[0.216s][info][gc,phases,start] GC(8) Phase 4: Move objects
[0.216s][info][gc,phases      ] GC(8) Phase 4: Move objects 0.080ms
[0.216s][info][gc,heap        ] GC(8) DefNew: 1535K(1536K)->0K(2688K) Eden: 1408K(1408K)->0K(2432K) From: 127K(128K)->0K(256K)
[0.216s][info][gc,heap        ] GC(8) Tenured: 2617K(3308K)->3460K(5768K)
[0.216s][info][gc,metaspace   ] GC(8) Metaspace: 6299K(6464K)->6299K(6464K) NonClass: 5766K(5824K)->5766K(5824K) Class: 533K(640K)->533K(640K)
[0.216s][info][gc             ] GC(8) Pause Full (Allocation Failure) 3M->3M(8M) 3.505ms
[0.216s][info][gc,cpu         ] GC(8) User=0.02s Sys=0.00s Real=0.00s
[0.219s][info][gc,start       ] GC(9) Pause Young (Allocation Failure)
[0.222s][info][gc,heap        ] GC(9) DefNew: 2431K(2688K)->256K(2688K) Eden: 2431K(2432K)->0K(2432K) From: 0K(256K)->256K(256K)
[0.222s][info][gc,heap        ] GC(9) Tenured: 3460K(5768K)->4512K(5768K)
[0.222s][info][gc,metaspace   ] GC(9) Metaspace: 6299K(6464K)->6299K(6464K) NonClass: 5766K(5824K)->5766K(5824K) Class: 533K(640K)->533K(640K)
[0.222s][info][gc             ] GC(9) Pause Young (Allocation Failure) 5M->4M(8M) 2.959ms
[0.222s][info][gc,cpu         ] GC(9) User=0.00s Sys=0.00s Real=0.00s
[0.225s][info][gc,start       ] GC(10) Pause Young (Allocation Failure)
[0.227s][info][gc,heap        ] GC(10) DefNew: 2688K(2688K)->255K(2688K) Eden: 2432K(2432K)->0K(2432K) From: 256K(256K)->255K(256K)
[0.227s][info][gc,heap        ] GC(10) Tenured: 4512K(5768K)->5755K(5768K)
[0.227s][info][gc,metaspace   ] GC(10) Metaspace: 6299K(6464K)->6299K(6464K) NonClass: 5766K(5824K)->5766K(5824K) Class: 533K(640K)->533K(640K)
[0.227s][info][gc             ] GC(10) Pause Young (Allocation Failure) 7M->5M(8M) 2.800ms
[0.227s][info][gc,cpu         ] GC(10) User=0.00s Sys=0.00s Real=0.00s
[0.230s][info][gc,start       ] GC(11) Pause Young (Allocation Failure)
[0.233s][info][gc             ] GC(11) Pause Young (Allocation Failure) 8M->7M(9M) 3.028ms
[0.233s][info][gc,cpu         ] GC(11) User=0.00s Sys=0.00s Real=0.00s
[0.233s][info][gc,start       ] GC(12) Pause Full (Allocation Failure)
[0.233s][info][gc,phases,start] GC(12) Phase 1: Mark live objects
[0.237s][info][gc,phases      ] GC(12) Phase 1: Mark live objects 4.045ms
[0.237s][info][gc,phases,start] GC(12) Phase 2: Compute new object addresses
[0.239s][info][gc,phases      ] GC(12) Phase 2: Compute new object addresses 1.147ms
[0.239s][info][gc,phases,start] GC(12) Phase 3: Adjust pointers
[0.240s][info][gc,phases      ] GC(12) Phase 3: Adjust pointers 1.609ms
[0.240s][info][gc,phases,start] GC(12) Phase 4: Move objects
[0.241s][info][gc,phases      ] GC(12) Phase 4: Move objects 1.165ms
[0.242s][info][gc,heap        ] GC(12) DefNew: 2687K(2688K)->0K(5376K) Eden: 2432K(2432K)->0K(4800K) From: 255K(256K)->0K(576K)
[0.242s][info][gc,heap        ] GC(12) Tenured: 5755K(5768K)->7132K(11888K)
[0.242s][info][gc,metaspace   ] GC(12) Metaspace: 6299K(6464K)->6299K(6464K) NonClass: 5766K(5824K)->5766K(5824K) Class: 533K(640K)->533K(640K)
[0.242s][info][gc             ] GC(12) Pause Full (Allocation Failure) 7M->6M(16M) 8.451ms
[0.242s][info][gc,cpu         ] GC(12) User=0.00s Sys=0.00s Real=0.01s
[0.246s][info][gc,start       ] GC(13) Pause Young (Allocation Failure)
[0.251s][info][gc,heap        ] GC(13) DefNew: 4800K(5376K)->575K(5376K) Eden: 4800K(4800K)->0K(4800K) From: 0K(576K)->575K(576K)
[0.251s][info][gc,heap        ] GC(13) Tenured: 7132K(11888K)->9027K(11888K)
[0.251s][info][gc,metaspace   ] GC(13) Metaspace: 6299K(6464K)->6299K(6464K) NonClass: 5766K(5824K)->5766K(5824K) Class: 533K(640K)->533K(640K)
[0.251s][info][gc             ] GC(13) Pause Young (Allocation Failure) 11M->9M(16M) 4.777ms
[0.251s][info][gc,cpu         ] GC(13) User=0.00s Sys=0.00s Real=0.00s
[0.255s][info][gc,start       ] GC(14) Pause Young (Allocation Failure)
[0.261s][info][gc,heap        ] GC(14) DefNew: 5375K(5376K)->576K(5376K) Eden: 4800K(4800K)->0K(4800K) From: 575K(576K)->576K(576K)
[0.261s][info][gc,heap        ] GC(14) Tenured: 9027K(11888K)->11746K(11888K)
[0.261s][info][gc,metaspace   ] GC(14) Metaspace: 6299K(6464K)->6299K(6464K) NonClass: 5766K(5824K)->5766K(5824K) Class: 533K(640K)->533K(640K)
[0.261s][info][gc             ] GC(14) Pause Young (Allocation Failure) 14M->12M(16M) 5.622ms
[0.261s][info][gc,cpu         ] GC(14) User=0.00s Sys=0.00s Real=0.01s
[0.265s][info][gc,start       ] GC(15) Pause Young (Allocation Failure)
[0.270s][info][gc             ] GC(15) Pause Young (Allocation Failure) 16M->14M(19M) 5.416ms
[0.270s][info][gc,cpu         ] GC(15) User=0.00s Sys=0.00s Real=0.00s
[0.270s][info][gc,start       ] GC(16) Pause Full (Allocation Failure)
[0.270s][info][gc,phases,start] GC(16) Phase 1: Mark live objects
[0.277s][info][gc,phases      ] GC(16) Phase 1: Mark live objects 7.136ms
[0.277s][info][gc,phases,start] GC(16) Phase 2: Compute new object addresses
[0.280s][info][gc,phases      ] GC(16) Phase 2: Compute new object addresses 2.345ms
[0.280s][info][gc,phases,start] GC(16) Phase 3: Adjust pointers
[0.283s][info][gc,phases      ] GC(16) Phase 3: Adjust pointers 2.925ms
[0.283s][info][gc,phases,start] GC(16) Phase 4: Move objects
[0.283s][info][gc,phases      ] GC(16) Phase 4: Move objects 0.189ms
[0.283s][info][gc,heap        ] GC(16) DefNew: 5376K(5376K)->387K(10880K) Eden: 4800K(4800K)->387K(9728K) From: 576K(576K)->0K(1152K)
[0.283s][info][gc,heap        ] GC(16) Tenured: 11746K(11888K)->14383K(23976K)
[0.283s][info][gc,metaspace   ] GC(16) Metaspace: 6301K(6464K)->6301K(6464K) NonClass: 5768K(5824K)->5768K(5824K) Class: 533K(640K)->533K(640K)
[0.283s][info][gc             ] GC(16) Pause Full (Allocation Failure) 14M->14M(34M) 12.961ms
[0.283s][info][gc,cpu         ] GC(16) User=0.02s Sys=0.00s Real=0.01s
[0.292s][info][gc,start       ] GC(17) Pause Young (Allocation Failure)
[0.306s][info][gc,heap        ] GC(17) DefNew: 9728K(10880K)->1152K(10880K) Eden: 9728K(9728K)->0K(9728K) From: 0K(1152K)->1152K(1152K)
[0.306s][info][gc,heap        ] GC(17) Tenured: 14383K(23976K)->18415K(23976K)
[0.306s][info][gc,metaspace   ] GC(17) Metaspace: 6301K(6464K)->6301K(6464K) NonClass: 5768K(5824K)->5768K(5824K) Class: 533K(640K)->533K(640K)
[0.306s][info][gc             ] GC(17) Pause Young (Allocation Failure) 23M->19M(34M) 14.405ms
[0.306s][info][gc,cpu         ] GC(17) User=0.00s Sys=0.00s Real=0.01s
[0.314s][info][gc,start       ] GC(18) Pause Young (Allocation Failure)
[0.325s][info][gc,heap        ] GC(18) DefNew: 10880K(10880K)->1151K(10880K) Eden: 9728K(9728K)->0K(9728K) From: 1152K(1152K)->1151K(1152K)
[0.326s][info][gc,heap        ] GC(18) Tenured: 18415K(23976K)->23936K(23976K)
[0.326s][info][gc,metaspace   ] GC(18) Metaspace: 6301K(6464K)->6301K(6464K) NonClass: 5768K(5824K)->5768K(5824K) Class: 533K(640K)->533K(640K)
[0.326s][info][gc             ] GC(18) Pause Young (Allocation Failure) 28M->24M(34M) 11.399ms
[0.326s][info][gc,cpu         ] GC(18) User=0.00s Sys=0.00s Real=0.01s
[0.332s][info][gc,start       ] GC(19) Pause Young (Allocation Failure)
[0.343s][info][gc             ] GC(19) Pause Young (Allocation Failure) 34M->29M(38M) 11.230ms
[0.343s][info][gc,cpu         ] GC(19) User=0.00s Sys=0.00s Real=0.01s
[0.343s][info][gc,start       ] GC(20) Pause Full (Allocation Failure)
[0.343s][info][gc,phases,start] GC(20) Phase 1: Mark live objects
[0.357s][info][gc,phases      ] GC(20) Phase 1: Mark live objects 13.551ms
[0.357s][info][gc,phases,start] GC(20) Phase 2: Compute new object addresses
[0.361s][info][gc,phases      ] GC(20) Phase 2: Compute new object addresses 4.742ms
[0.361s][info][gc,phases,start] GC(20) Phase 3: Adjust pointers
[0.367s][info][gc,phases      ] GC(20) Phase 3: Adjust pointers 5.292ms
[0.367s][info][gc,phases,start] GC(20) Phase 4: Move objects
[0.367s][info][gc,phases      ] GC(20) Phase 4: Move objects 0.174ms
[0.367s][info][gc,heap        ] GC(20) DefNew: 10879K(10880K)->1080K(21888K) Eden: 9728K(9728K)->1080K(19520K) From: 1151K(1152K)->0K(2368K)
[0.367s][info][gc,heap        ] GC(20) Tenured: 23936K(23976K)->29035K(48396K)
[0.367s][info][gc,metaspace   ] GC(20) Metaspace: 6301K(6464K)->6301K(6464K) NonClass: 5768K(5824K)->5768K(5824K) Class: 533K(640K)->533K(640K)
[0.367s][info][gc             ] GC(20) Pause Full (Allocation Failure) 29M->29M(68M) 24.176ms
[0.367s][info][gc,cpu         ] GC(20) User=0.03s Sys=0.00s Real=0.02s
[0.384s][info][gc,start       ] GC(21) Pause Young (Allocation Failure)
[0.414s][info][gc,heap        ] GC(21) DefNew: 19520K(21888K)->2368K(21888K) Eden: 19520K(19520K)->0K(19520K) From: 0K(2368K)->2368K(2368K)
[0.414s][info][gc,heap        ] GC(21) Tenured: 29035K(48396K)->41011K(48396K)
[0.414s][info][gc,metaspace   ] GC(21) Metaspace: 6301K(6464K)->6301K(6464K) NonClass: 5768K(5824K)->5768K(5824K) Class: 533K(640K)->533K(640K)
[0.414s][info][gc             ] GC(21) Pause Young (Allocation Failure) 47M->42M(68M) 30.568ms
[0.414s][info][gc,cpu         ] GC(21) User=0.02s Sys=0.00s Real=0.03s
[0.432s][info][gc,start       ] GC(22) Pause Young (Allocation Failure)
[0.467s][info][gc             ] GC(22) Pause Young (Allocation Failure) 61M->61M(80M) 35.123ms
[0.467s][info][gc,cpu         ] GC(22) User=0.02s Sys=0.02s Real=0.03s
[0.467s][info][gc,start       ] GC(23) Pause Full (Allocation Failure)
[0.467s][info][gc,phases,start] GC(23) Phase 1: Mark live objects
[0.492s][info][gc,phases      ] GC(23) Phase 1: Mark live objects 24.928ms
[0.492s][info][gc,phases,start] GC(23) Phase 2: Compute new object addresses
[0.503s][info][gc,phases      ] GC(23) Phase 2: Compute new object addresses 10.970ms
[0.503s][info][gc,phases,start] GC(23) Phase 3: Adjust pointers
[0.514s][info][gc,phases      ] GC(23) Phase 3: Adjust pointers 10.861ms
[0.514s][info][gc,phases,start] GC(23) Phase 4: Move objects
[0.515s][info][gc,phases      ] GC(23) Phase 4: Move objects 0.375ms
[0.515s][info][gc,heap        ] GC(23) DefNew: 21888K(21888K)->2184K(45568K) Eden: 19520K(19520K)->2184K(40512K) From: 2368K(2368K)->0K(5056K)
[0.515s][info][gc,heap        ] GC(23) Tenured: 41011K(48396K)->60683K(101140K)
[0.515s][info][gc,metaspace   ] GC(23) Metaspace: 6301K(6464K)->6301K(6464K) NonClass: 5768K(5824K)->5768K(5824K) Class: 533K(640K)->533K(640K)
[0.515s][info][gc             ] GC(23) Pause Full (Allocation Failure) 61M->61M(143M) 47.800ms
[0.515s][info][gc,cpu         ] GC(23) User=0.05s Sys=0.00s Real=0.05s
[0.557s][info][gc,start       ] GC(24) Pause Young (Allocation Failure)
[0.620s][info][gc,heap        ] GC(24) DefNew: 40512K(45568K)->5056K(45568K) Eden: 40512K(40512K)->0K(40512K) From: 0K(5056K)->5056K(5056K)
[0.620s][info][gc,heap        ] GC(24) Tenured: 60683K(101140K)->96114K(101140K)
[0.620s][info][gc,metaspace   ] GC(24) Metaspace: 6301K(6464K)->6301K(6464K) NonClass: 5768K(5824K)->5768K(5824K) Class: 533K(640K)->533K(640K)
[0.620s][info][gc             ] GC(24) Pause Young (Allocation Failure) 98M->98M(143M) 63.363ms
[0.620s][info][gc,cpu         ] GC(24) User=0.05s Sys=0.02s Real=0.06s
[0.653s][info][gc,start       ] GC(25) Pause Young (Allocation Failure)
[0.725s][info][gc             ] GC(25) Pause Young (Allocation Failure) 138M->138M(178M) 71.617ms
[0.725s][info][gc,cpu         ] GC(25) User=0.06s Sys=0.00s Real=0.07s
[0.725s][info][gc,start       ] GC(26) Pause Full (Allocation Failure)
[0.725s][info][gc,phases,start] GC(26) Phase 1: Mark live objects
[0.780s][info][gc,phases      ] GC(26) Phase 1: Mark live objects 55.721ms
[0.780s][info][gc,phases,start] GC(26) Phase 2: Compute new object addresses
[0.802s][info][gc,phases      ] GC(26) Phase 2: Compute new object addresses 21.853ms
[0.802s][info][gc,phases,start] GC(26) Phase 3: Adjust pointers
[0.829s][info][gc,phases      ] GC(26) Phase 3: Adjust pointers 27.107ms
[0.830s][info][gc,phases,start] GC(26) Phase 4: Move objects
[0.855s][info][gc,phases      ] GC(26) Phase 4: Move objects 25.631ms
[0.856s][info][gc,heap        ] GC(26) DefNew: 45568K(45568K)->1084K(102592K) Eden: 40512K(40512K)->1084K(91200K) From: 5056K(5056K)->0K(11392K)
[0.856s][info][gc,heap        ] GC(26) Tenured: 96114K(101140K)->136727K(227880K)
[0.856s][info][gc,metaspace   ] GC(26) Metaspace: 6301K(6464K)->6301K(6464K) NonClass: 5768K(5824K)->5768K(5824K) Class: 533K(640K)->533K(640K)
[0.856s][info][gc             ] GC(26) Pause Full (Allocation Failure) 138M->134M(322M) 131.153ms
[0.856s][info][gc,cpu         ] GC(26) User=0.12s Sys=0.00s Real=0.13s
[0.950s][info][gc,start       ] GC(27) Pause Young (Allocation Failure)
[1.101s][info][gc,heap        ] GC(27) DefNew: 91200K(102592K)->11391K(102592K) Eden: 91200K(91200K)->0K(91200K) From: 0K(11392K)->11391K(11392K)
[1.101s][info][gc,heap        ] GC(27) Tenured: 136727K(227880K)->216508K(227880K)
[1.101s][info][gc,metaspace   ] GC(27) Metaspace: 6301K(6464K)->6301K(6464K) NonClass: 5768K(5824K)->5768K(5824K) Class: 533K(640K)->533K(640K)
[1.101s][info][gc             ] GC(27) Pause Young (Allocation Failure) 222M->222M(322M) 150.924ms
[1.101s][info][gc,cpu         ] GC(27) User=0.11s Sys=0.03s Real=0.15s
[1.181s][info][gc,start       ] GC(28) Pause Young (Allocation Failure)
[1.352s][info][gc             ] GC(28) Pause Young (Allocation Failure) 311M->311M(400M) 170.904ms
[1.352s][info][gc,cpu         ] GC(28) User=0.12s Sys=0.03s Real=0.17s
[1.352s][info][gc,start       ] GC(29) Pause Full (Allocation Failure)
[1.352s][info][gc,phases,start] GC(29) Phase 1: Mark live objects
[1.492s][info][gc,phases      ] GC(29) Phase 1: Mark live objects 139.620ms
[1.492s][info][gc,phases,start] GC(29) Phase 2: Compute new object addresses
[1.544s][info][gc,phases      ] GC(29) Phase 2: Compute new object addresses 52.624ms
[1.544s][info][gc,phases,start] GC(29) Phase 3: Adjust pointers
[1.600s][info][gc,phases      ] GC(29) Phase 3: Adjust pointers 55.930ms
[1.600s][info][gc,phases,start] GC(29) Phase 4: Move objects
[1.603s][info][gc,phases      ] GC(29) Phase 4: Move objects 2.322ms
[1.604s][info][gc,heap        ] GC(29) DefNew: 102591K(102592K)->11378K(230848K) Eden: 91200K(91200K)->11378K(205248K) From: 11391K(11392K)->0K(25600K)
[1.604s][info][gc,heap        ] GC(29) Tenured: 216508K(227880K)->307691K(512820K)
[1.604s][info][gc,metaspace   ] GC(29) Metaspace: 6301K(6464K)->6301K(6464K) NonClass: 5768K(5824K)->5768K(5824K) Class: 533K(640K)->533K(640K)
[1.604s][info][gc             ] GC(29) Pause Full (Allocation Failure) 311M->311M(726M) 251.782ms
[1.604s][info][gc,cpu         ] GC(29) User=0.23s Sys=0.00s Real=0.25s
[1.813s][info][gc,start       ] GC(30) Pause Young (Allocation Failure)
[2.163s][info][gc,heap        ] GC(30) DefNew: 205248K(230848K)->25599K(230848K) Eden: 205248K(205248K)->0K(205248K) From: 0K(25600K)->25599K(25600K)
[2.163s][info][gc,heap        ] GC(30) Tenured: 307691K(512820K)->487314K(512820K)
[2.163s][info][gc,metaspace   ] GC(30) Metaspace: 6301K(6464K)->6301K(6464K) NonClass: 5768K(5824K)->5768K(5824K) Class: 533K(640K)->533K(640K)
[2.163s][info][gc             ] GC(30) Pause Young (Allocation Failure) 500M->500M(726M) 349.791ms
[2.163s][info][gc,cpu         ] GC(30) User=0.27s Sys=0.05s Real=0.35s
[2.349s][info][gc,start       ] GC(31) Pause Young (Allocation Failure)
[2.739s][info][gc             ] GC(31) Pause Young (Allocation Failure) 701M->700M(901M) 390.180ms
[2.739s][info][gc,cpu         ] GC(31) User=0.36s Sys=0.03s Real=0.39s
[2.739s][info][gc,start       ] GC(32) Pause Full (Allocation Failure)
[2.739s][info][gc,phases,start] GC(32) Phase 1: Mark live objects
[3.054s][info][gc,phases      ] GC(32) Phase 1: Mark live objects 315.084ms
[3.054s][info][gc,phases,start] GC(32) Phase 2: Compute new object addresses
[3.167s][info][gc,phases      ] GC(32) Phase 2: Compute new object addresses 112.425ms
[3.167s][info][gc,phases,start] GC(32) Phase 3: Adjust pointers
[3.288s][info][gc,phases      ] GC(32) Phase 3: Adjust pointers 120.702ms
[3.288s][info][gc,phases,start] GC(32) Phase 4: Move objects
[3.293s][info][gc,phases      ] GC(32) Phase 4: Move objects 5.192ms
[3.295s][info][gc,heap        ] GC(32) DefNew: 230847K(230848K)->25508K(518976K) Eden: 205248K(205248K)->25508K(461312K) From: 25599K(25600K)->0K(57664K)
[3.295s][info][gc,heap        ] GC(32) Tenured: 487314K(512820K)->691955K(1153260K)
[3.295s][info][gc,metaspace   ] GC(32) Metaspace: 6301K(6464K)->6301K(6464K) NonClass: 5768K(5824K)->5768K(5824K) Class: 533K(640K)->533K(640K)
[3.295s][info][gc             ] GC(32) Pause Full (Allocation Failure) 700M->700M(1633M) 555.579ms
[3.295s][info][gc,cpu         ] GC(32) User=0.53s Sys=0.00s Real=0.56s
[3.762s][info][gc,start       ] GC(33) Pause Young (Allocation Failure)
[4.554s][info][gc,heap        ] GC(33) DefNew: 461312K(518976K)->57664K(518976K) Eden: 461312K(461312K)->0K(461312K) From: 0K(57664K)->57664K(57664K)
[4.554s][info][gc,heap        ] GC(33) Tenured: 691955K(1153260K)->1095575K(1153260K)
[4.554s][info][gc,metaspace   ] GC(33) Metaspace: 6301K(6464K)->6301K(6464K) NonClass: 5768K(5824K)->5768K(5824K) Class: 533K(640K)->533K(640K)
[4.554s][info][gc             ] GC(33) Pause Young (Allocation Failure) 1126M->1126M(1633M) 791.477ms
[4.554s][info][gc,cpu         ] GC(33) User=0.72s Sys=0.05s Real=0.79s
[5.010s][info][gc,start       ] GC(34) Pause Young (Allocation Failure)
[5.756s][info][gc             ] GC(34) Pause Young (Allocation Failure) 1576M->1520M(1970M) 746.684ms
[5.756s][info][gc,cpu         ] GC(34) User=0.59s Sys=0.11s Real=0.75s
[5.756s][info][gc,start       ] GC(35) Pause Full (Allocation Failure)
[5.756s][info][gc,phases,start] GC(35) Phase 1: Mark live objects
[6.436s][info][gc,phases      ] GC(35) Phase 1: Mark live objects 679.829ms
[6.436s][info][gc,phases,start] GC(35) Phase 2: Compute new object addresses
[6.666s][info][gc,phases      ] GC(35) Phase 2: Compute new object addresses 229.472ms
[6.666s][info][gc,phases,start] GC(35) Phase 3: Adjust pointers
[6.934s][info][gc,phases      ] GC(35) Phase 3: Adjust pointers 267.869ms
[6.934s][info][gc,phases,start] GC(35) Phase 4: Move objects
[6.945s][info][gc,phases      ] GC(35) Phase 4: Move objects 11.063ms
[6.949s][info][gc,heap        ] GC(35) DefNew: 518976K(518976K)->57480K(1124544K) Eden: 461312K(461312K)->57480K(999616K) From: 57664K(57664K)->0K(124928K)
[6.949s][info][gc,heap        ] GC(35) Tenured: 1095575K(1153260K)->1499311K(2498856K)
[6.949s][info][gc,metaspace   ] GC(35) Metaspace: 6301K(6464K)->6301K(6464K) NonClass: 5768K(5824K)->5768K(5824K) Class: 533K(640K)->533K(640K)
[6.949s][info][gc             ] GC(35) Pause Full (Allocation Failure) 1520M->1520M(3538M) 1192.854ms
[6.949s][info][gc,cpu         ] GC(35) User=1.19s Sys=0.00s Real=1.19s
[7.926s][info][gc,start       ] GC(36) Pause Young (Allocation Failure)
[9.705s][info][gc,heap        ] GC(36) DefNew: 999616K(1124544K)->124928K(1124544K) Eden: 999616K(999616K)->0K(999616K) From: 0K(124928K)->124928K(124928K)
[9.705s][info][gc,heap        ] GC(36) Tenured: 1499311K(2498856K)->2373971K(2498856K)
[9.705s][info][gc,metaspace   ] GC(36) Metaspace: 6301K(6464K)->6301K(6464K) NonClass: 5768K(5824K)->5768K(5824K) Class: 533K(640K)->533K(640K)
[9.705s][info][gc             ] GC(36) Pause Young (Allocation Failure) 2440M->2440M(3538M) 1778.349ms
[9.705s][info][gc,cpu         ] GC(36) User=1.59s Sys=0.17s Real=1.78s
[10.708s][info][gc,start       ] GC(37) Pause Young (Allocation Failure)
[12.438s][info][gc             ] GC(37) Pause Young (Allocation Failure) 3416M->3416M(4392M) 1730.158ms
[12.438s][info][gc,cpu         ] GC(37) User=1.41s Sys=0.33s Real=1.73s
[12.438s][info][gc,start       ] GC(38) Pause Full (Allocation Failure)
[12.438s][info][gc,phases,start] GC(38) Phase 1: Mark live objects
[14.003s][info][gc,phases      ] GC(38) Phase 1: Mark live objects 1564.291ms
[14.003s][info][gc,phases,start] GC(38) Phase 2: Compute new object addresses
[14.538s][info][gc,phases      ] GC(38) Phase 2: Compute new object addresses 535.121ms
[14.538s][info][gc,phases,start] GC(38) Phase 3: Adjust pointers
[15.219s][info][gc,phases      ] GC(38) Phase 3: Adjust pointers 680.812ms
[15.219s][info][gc,phases,start] GC(38) Phase 4: Move objects
[15.850s][info][gc,phases      ] GC(38) Phase 4: Move objects 631.386ms
[15.860s][info][gc,heap        ] GC(38) DefNew: 1124544K(1124544K)->30537K(2530368K) Eden: 999616K(999616K)->30537K(2249280K) From: 124928K(124928K)->0K(281088K)
[15.860s][info][gc,heap        ] GC(38) Tenured: 2373971K(2498856K)->3373739K(5622900K)
[15.860s][info][gc,metaspace   ] GC(38) Metaspace: 6301K(6464K)->6301K(6464K) NonClass: 5768K(5824K)->5768K(5824K) Class: 533K(640K)->533K(640K)
[15.860s][info][gc             ] GC(38) Pause Full (Allocation Failure) 3416M->3324M(7962M) 3421.506ms
[15.860s][info][gc,cpu         ] GC(38) User=3.39s Sys=0.02s Real=3.42s
[18.124s][info][gc,start       ] GC(39) Pause Young (Allocation Failure)
[22.112s][info][gc,heap        ] GC(39) DefNew: 2249280K(2530368K)->281088K(2530368K) Eden: 2249280K(2249280K)->0K(2249280K) From: 0K(281088K)->281088K(281088K)
[22.112s][info][gc,heap        ] GC(39) Tenured: 3373739K(5622900K)->5341897K(5622900K)
[22.112s][info][gc,metaspace   ] GC(39) Metaspace: 6301K(6464K)->6301K(6464K) NonClass: 5768K(5824K)->5768K(5824K) Class: 533K(640K)->533K(640K)
[22.112s][info][gc             ] GC(39) Pause Young (Allocation Failure) 5491M->5491M(7962M) 3987.873ms
[22.112s][info][gc,cpu         ] GC(39) User=3.45s Sys=0.50s Real=3.99s
[24.274s][info][gc,start       ] GC(40) Pause Young (Allocation Failure)
[28.193s][info][gc             ] GC(40) Pause Young (Allocation Failure) 7687M->7687M(9884M) 3918.992ms
[28.193s][info][gc,cpu         ] GC(40) User=3.28s Sys=0.61s Real=3.92s
[28.193s][info][gc,start       ] GC(41) Pause Full (Allocation Failure)
[28.193s][info][gc,phases,start] GC(41) Phase 1: Mark live objects
[31.815s][info][gc,phases      ] GC(41) Phase 1: Mark live objects 3621.974ms
[31.815s][info][gc,phases,start] GC(41) Phase 2: Compute new object addresses
[33.125s][info][gc,phases      ] GC(41) Phase 2: Compute new object addresses 1310.584ms
[33.125s][info][gc,phases,start] GC(41) Phase 3: Adjust pointers
[34.501s][info][gc,phases      ] GC(41) Phase 3: Adjust pointers 1375.305ms
[34.501s][info][gc,phases,start] GC(41) Phase 4: Move objects
[34.559s][info][gc,phases      ] GC(41) Phase 4: Move objects 58.729ms
[34.621s][info][gc,heap        ] GC(41) DefNew: 2530368K(2530368K)->280940K(3809280K) Eden: 2249280K(2249280K)->280940K(3386048K) From: 281088K(281088K)->0K(423232K)
[34.621s][info][gc,heap        ] GC(41) Tenured: 5341897K(5622900K)->7591159K(8465088K)
[34.621s][info][gc,metaspace   ] GC(41) Metaspace: 6301K(6464K)->6301K(6464K) NonClass: 5768K(5824K)->5768K(5824K) Class: 533K(640K)->533K(640K)
[34.622s][info][gc             ] GC(41) Pause Full (Allocation Failure) 7687M->7687M(11986M) 6428.892ms
[34.622s][info][gc,cpu         ] GC(41) User=6.31s Sys=0.00s Real=6.43s
[37.522s][info][gc,start       ] GC(42) Pause Young (Allocation Failure)
[37.522s][info][gc             ] GC(42) Pause Young (Allocation Failure) 10719M->10719M(11986M) 0.114ms
[37.522s][info][gc,cpu         ] GC(42) User=0.00s Sys=0.00s Real=0.00s
[37.522s][info][gc,start       ] GC(43) Pause Full (Allocation Failure)
[37.522s][info][gc,phases,start] GC(43) Phase 1: Mark live objects
[42.365s][info][gc,phases      ] GC(43) Phase 1: Mark live objects 4842.353ms
[42.365s][info][gc,phases,start] GC(43) Phase 2: Compute new object addresses
[44.001s][info][gc,phases      ] GC(43) Phase 2: Compute new object addresses 1636.638ms
[44.001s][info][gc,phases,start] GC(43) Phase 3: Adjust pointers
[46.245s][info][gc,phases      ] GC(43) Phase 3: Adjust pointers 2243.693ms
[46.245s][info][gc,phases,start] GC(43) Phase 4: Move objects
[47.089s][info][gc,phases      ] GC(43) Phase 4: Move objects 844.024ms
[47.090s][info][gc,heap        ] GC(43) DefNew: 3386048K(3809280K)->2512090K(3809280K) Eden: 3386048K(3386048K)->2512090K(3386048K) From: 0K(423232K)->0K(423232K)
[47.090s][info][gc,heap        ] GC(43) Tenured: 7591159K(8465088K)->8465087K(8465088K)
[47.090s][info][gc,metaspace   ] GC(43) Metaspace: 6301K(6464K)->6301K(6464K) NonClass: 5768K(5824K)->5768K(5824K) Class: 533K(640K)->533K(640K)
[47.090s][info][gc             ] GC(43) Pause Full (Allocation Failure) 10719M->10719M(11986M) 9567.925ms
[47.090s][info][gc,cpu         ] GC(43) User=9.36s Sys=0.20s Real=9.57s
[47.808s][info][gc,start       ] GC(44) Pause Full (Allocation Failure)
[47.808s][info][gc,phases,start] GC(44) Phase 1: Mark live objects
[53.323s][info][gc,phases      ] GC(44) Phase 1: Mark live objects 5515.726ms
[53.323s][info][gc,phases,start] GC(44) Phase 2: Compute new object addresses
[55.216s][info][gc,phases      ] GC(44) Phase 2: Compute new object addresses 1892.809ms
[55.216s][info][gc,phases,start] GC(44) Phase 3: Adjust pointers
[57.455s][info][gc,phases      ] GC(44) Phase 3: Adjust pointers 2238.843ms
[57.455s][info][gc,phases,start] GC(44) Phase 4: Move objects
[57.561s][info][gc,phases      ] GC(44) Phase 4: Move objects 105.836ms
[57.562s][info][gc,heap        ] GC(44) DefNew: 3294617K(3809280K)->3253931K(3809280K) Eden: 3294617K(3386048K)->3253931K(3386048K) From: 0K(423232K)->0K(423232K)
[57.562s][info][gc,heap        ] GC(44) Tenured: 8465087K(8465088K)->8465087K(8465088K)
[57.562s][info][gc,metaspace   ] GC(44) Metaspace: 6301K(6464K)->6301K(6464K) NonClass: 5768K(5824K)->5768K(5824K) Class: 533K(640K)->533K(640K)
[57.562s][info][gc             ] GC(44) Pause Full (Allocation Failure) 11484M->11444M(11986M) 9754.533ms
[57.562s][info][gc,cpu         ] GC(44) User=9.69s Sys=0.00s Real=9.75s
[57.562s][info][gc,start       ] GC(45) Pause Full (Allocation Failure)
[57.562s][info][gc,phases,start] GC(45) Phase 1: Mark live objects
[62.708s][info][gc,phases      ] GC(45) Phase 1: Mark live objects 5146.302ms
[62.709s][info][gc,phases,start] GC(45) Phase 2: Compute new object addresses
[64.323s][info][gc,phases      ] GC(45) Phase 2: Compute new object addresses 1614.085ms
[64.323s][info][gc,phases,start] GC(45) Phase 3: Adjust pointers
[66.914s][info][gc,phases      ] GC(45) Phase 3: Adjust pointers 2591.494ms
[66.914s][info][gc,phases,start] GC(45) Phase 4: Move objects
[69.128s][info][gc,phases      ] GC(45) Phase 4: Move objects 2213.334ms
[69.128s][info][gc,heap        ] GC(45) DefNew: 3253931K(3809280K)->3122854K(3809280K) Eden: 3253931K(3386048K)->3122854K(3386048K) From: 0K(423232K)->0K(423232K)
[69.128s][info][gc,heap        ] GC(45) Tenured: 8465087K(8465088K)->8465088K(8465088K)
[69.128s][info][gc,metaspace   ] GC(45) Metaspace: 6301K(6464K)->6300K(6464K) NonClass: 5768K(5824K)->5767K(5824K) Class: 533K(640K)->532K(640K)
[69.128s][info][gc             ] GC(45) Pause Full (Allocation Failure) 11444M->11316M(11986M) 11566.216ms
[69.128s][info][gc,cpu         ] GC(45) User=11.56s Sys=0.00s Real=11.57s
[69.130s][info][gc,heap,exit   ] Heap
[69.130s][info][gc,heap,exit   ]  def new generation   total 3809280K, used 3238123K [0x00000004f9000000, 0x00000005fb550000, 0x00000005fb550000)
[69.130s][info][gc,heap,exit   ]   eden space 3386048K,  95% used [0x00000004f9000000, 0x00000005bea3add0, 0x00000005c7ab0000)
[69.130s][info][gc,heap,exit   ]   from space 423232K,   0% used [0x00000005c7ab0000, 0x00000005c7ab0000, 0x00000005e1800000)
[69.130s][info][gc,heap,exit   ]   to   space 423232K,   0% used [0x00000005e1800000, 0x00000005e1800000, 0x00000005fb550000)
[69.131s][info][gc,heap,exit   ]  tenured generation   total 8465088K, used 8465088K [0x00000005fb550000, 0x0000000800000000, 0x0000000800000000)
[69.131s][info][gc,heap,exit   ]    the space 8465088K, 100% used [0x00000005fb550000, 0x0000000800000000, 0x0000000800000000, 0x0000000800000000)
[69.131s][info][gc,heap,exit   ]  Metaspace       used 6305K, committed 6528K, reserved 1114112K
[69.131s][info][gc,heap,exit   ]   class space    used 534K, committed 640K, reserved 1048576K
