[0.011s][info][gc,init] CardTable entry size: 512
[0.011s][info][gc     ] Using Serial
[0.012s][info][gc,init] Version: 18.0.1+10 (release)
[0.012s][info][gc,init] CPUs: 8 total, 8 available
[0.012s][info][gc,init] Memory: 16063M
[0.012s][info][gc,init] Large Page Support: Disabled
[0.012s][info][gc,init] NUMA Support: Disabled
[0.012s][info][gc,init] Compressed Oops: Enabled (Zero based)
[0.012s][info][gc,init] Heap Min Capacity: 2M
[0.012s][info][gc,init] Heap Initial Capacity: 2M
[0.012s][info][gc,init] Heap Max Capacity: 4900M
[0.012s][info][gc,init] Pre-touch: Disabled
[0.012s][info][gc,metaspace] CDS archive(s) not mapped
[0.012s][info][gc,metaspace] Compressed class space mapped at: 0x0000000800000000-0x0000000840000000, reserved size: 1073741824
[0.012s][info][gc,metaspace] Narrow klass base: 0x0000000800000000, Narrow klass shift: 0, Narrow klass range: 0x40000000
[0.170s][info][gc,start    ] GC(0) Pause Young (Allocation Failure)
[0.171s][info][gc,heap     ] GC(0) DefNew: 1023K(1152K)->127K(1152K) Eden: 1023K(1024K)->0K(1024K) From: 0K(128K)->127K(128K)
[0.171s][info][gc,heap     ] GC(0) Tenured: 0K(768K)->439K(768K)
[0.171s][info][gc,metaspace] GC(0) Metaspace: 5898K(6016K)->5898K(6016K) NonClass: 5399K(5504K)->5399K(5504K) Class: 499K(512K)->499K(512K)
[0.172s][info][gc          ] GC(0) Pause Young (Allocation Failure) 0M->0M(1M) 1.620ms
[0.172s][info][gc,cpu      ] GC(0) User=0.00s Sys=0.00s Real=0.00s
[0.190s][info][gc,start    ] GC(1) Pause Young (Allocation Failure)
[0.192s][info][gc          ] GC(1) Pause Young (Allocation Failure) 1M->0M(2M) 1.124ms
[0.192s][info][gc,cpu      ] GC(1) User=0.00s Sys=0.00s Real=0.00s
[0.192s][info][gc,start    ] GC(2) Pause Full (Allocation Failure)
[0.192s][info][gc,phases,start] GC(2) Phase 1: Mark live objects
[0.193s][info][gc,phases      ] GC(2) Phase 1: Mark live objects 0.933ms
[0.193s][info][gc,phases,start] GC(2) Phase 2: Compute new object addresses
[0.193s][info][gc,phases      ] GC(2) Phase 2: Compute new object addresses 0.212ms
[0.193s][info][gc,phases,start] GC(2) Phase 3: Adjust pointers
[0.193s][info][gc,phases      ] GC(2) Phase 3: Adjust pointers 0.452ms
[0.193s][info][gc,phases,start] GC(2) Phase 4: Move objects
[0.193s][info][gc,phases      ] GC(2) Phase 4: Move objects 0.061ms
[0.194s][info][gc,heap        ] GC(2) DefNew: 1151K(1152K)->40K(1152K) Eden: 1024K(1024K)->40K(1024K) From: 127K(128K)->0K(128K)
[0.194s][info][gc,heap        ] GC(2) Tenured: 439K(768K)->959K(1600K)
[0.194s][info][gc,metaspace   ] GC(2) Metaspace: 6295K(6464K)->6295K(6464K) NonClass: 5762K(5824K)->5762K(5824K) Class: 533K(640K)->533K(640K)
[0.194s][info][gc             ] GC(2) Pause Full (Allocation Failure) 0M->0M(2M) 1.918ms
[0.194s][info][gc,cpu         ] GC(2) User=0.00s Sys=0.00s Real=0.00s
[0.195s][info][gc,start       ] GC(3) Pause Young (Allocation Failure)
[0.196s][info][gc,heap        ] GC(3) DefNew: 1024K(1152K)->127K(1152K) Eden: 1024K(1024K)->0K(1024K) From: 0K(128K)->127K(128K)
[0.196s][info][gc,heap        ] GC(3) Tenured: 959K(1600K)->1374K(1600K)
[0.196s][info][gc,metaspace   ] GC(3) Metaspace: 6295K(6464K)->6295K(6464K) NonClass: 5762K(5824K)->5762K(5824K) Class: 533K(640K)->533K(640K)
[0.196s][info][gc             ] GC(3) Pause Young (Allocation Failure) 1M->1M(2M) 1.405ms
[0.196s][info][gc,cpu         ] GC(3) User=0.00s Sys=0.00s Real=0.00s
[0.198s][info][gc,start       ] GC(4) Pause Young (Allocation Failure)
[0.199s][info][gc             ] GC(4) Pause Young (Allocation Failure) 2M->1M(3M) 1.164ms
[0.199s][info][gc,cpu         ] GC(4) User=0.00s Sys=0.00s Real=0.00s
[0.199s][info][gc,start       ] GC(5) Pause Full (Allocation Failure)
[0.199s][info][gc,phases,start] GC(5) Phase 1: Mark live objects
[0.200s][info][gc,phases      ] GC(5) Phase 1: Mark live objects 1.445ms
[0.200s][info][gc,phases,start] GC(5) Phase 2: Compute new object addresses
[0.201s][info][gc,phases      ] GC(5) Phase 2: Compute new object addresses 0.503ms
[0.201s][info][gc,phases,start] GC(5) Phase 3: Adjust pointers
[0.202s][info][gc,phases      ] GC(5) Phase 3: Adjust pointers 0.723ms
[0.202s][info][gc,phases,start] GC(5) Phase 4: Move objects
[0.202s][info][gc,phases      ] GC(5) Phase 4: Move objects 0.069ms
[0.202s][info][gc,heap        ] GC(5) DefNew: 1151K(1152K)->34K(1536K) Eden: 1024K(1024K)->34K(1408K) From: 127K(128K)->0K(128K)
[0.202s][info][gc,heap        ] GC(5) Tenured: 1374K(1600K)->1983K(3308K)
[0.202s][info][gc,metaspace   ] GC(5) Metaspace: 6295K(6464K)->6295K(6464K) NonClass: 5762K(5824K)->5762K(5824K) Class: 533K(640K)->533K(640K)
[0.202s][info][gc             ] GC(5) Pause Full (Allocation Failure) 1M->1M(4M) 3.151ms
[0.202s][info][gc,cpu         ] GC(5) User=0.00s Sys=0.00s Real=0.00s
[0.203s][info][gc,start       ] GC(6) Pause Young (Allocation Failure)
[0.205s][info][gc,heap        ] GC(6) DefNew: 1407K(1536K)->127K(1536K) Eden: 1407K(1408K)->0K(1408K) From: 0K(128K)->127K(128K)
[0.205s][info][gc,heap        ] GC(6) Tenured: 1983K(3308K)->2617K(3308K)
[0.205s][info][gc,metaspace   ] GC(6) Metaspace: 6295K(6464K)->6295K(6464K) NonClass: 5762K(5824K)->5762K(5824K) Class: 533K(640K)->533K(640K)
[0.205s][info][gc             ] GC(6) Pause Young (Allocation Failure) 3M->2M(4M) 1.654ms
[0.205s][info][gc,cpu         ] GC(6) User=0.00s Sys=0.00s Real=0.00s
[0.207s][info][gc,start       ] GC(7) Pause Young (Allocation Failure)
[0.209s][info][gc             ] GC(7) Pause Young (Allocation Failure) 4M->3M(4M) 1.917ms
[0.209s][info][gc,cpu         ] GC(7) User=0.00s Sys=0.00s Real=0.00s
[0.209s][info][gc,start       ] GC(8) Pause Full (Allocation Failure)
[0.209s][info][gc,phases,start] GC(8) Phase 1: Mark live objects
[0.211s][info][gc,phases      ] GC(8) Phase 1: Mark live objects 2.153ms
[0.211s][info][gc,phases,start] GC(8) Phase 2: Compute new object addresses
[0.211s][info][gc,phases      ] GC(8) Phase 2: Compute new object addresses 0.613ms
[0.212s][info][gc,phases,start] GC(8) Phase 3: Adjust pointers
[0.212s][info][gc,phases      ] GC(8) Phase 3: Adjust pointers 0.958ms
[0.213s][info][gc,phases,start] GC(8) Phase 4: Move objects
[0.213s][info][gc,phases      ] GC(8) Phase 4: Move objects 0.076ms
[0.213s][info][gc,heap        ] GC(8) DefNew: 1535K(1536K)->0K(2688K) Eden: 1408K(1408K)->0K(2432K) From: 127K(128K)->0K(256K)
[0.213s][info][gc,heap        ] GC(8) Tenured: 2617K(3308K)->3460K(5768K)
[0.213s][info][gc,metaspace   ] GC(8) Metaspace: 6295K(6464K)->6295K(6464K) NonClass: 5762K(5824K)->5762K(5824K) Class: 533K(640K)->533K(640K)
[0.213s][info][gc             ] GC(8) Pause Full (Allocation Failure) 3M->3M(8M) 4.099ms
[0.213s][info][gc,cpu         ] GC(8) User=0.00s Sys=0.00s Real=0.00s
[0.217s][info][gc,start       ] GC(9) Pause Young (Allocation Failure)
[0.219s][info][gc,heap        ] GC(9) DefNew: 2432K(2688K)->256K(2688K) Eden: 2432K(2432K)->0K(2432K) From: 0K(256K)->256K(256K)
[0.219s][info][gc,heap        ] GC(9) Tenured: 3460K(5768K)->4512K(5768K)
[0.219s][info][gc,metaspace   ] GC(9) Metaspace: 6295K(6464K)->6295K(6464K) NonClass: 5762K(5824K)->5762K(5824K) Class: 533K(640K)->533K(640K)
[0.220s][info][gc             ] GC(9) Pause Young (Allocation Failure) 5M->4M(8M) 2.924ms
[0.220s][info][gc,cpu         ] GC(9) User=0.00s Sys=0.00s Real=0.00s
[0.222s][info][gc,start       ] GC(10) Pause Young (Allocation Failure)
[0.225s][info][gc,heap        ] GC(10) DefNew: 2688K(2688K)->255K(2688K) Eden: 2432K(2432K)->0K(2432K) From: 256K(256K)->255K(256K)
[0.225s][info][gc,heap        ] GC(10) Tenured: 4512K(5768K)->5755K(5768K)
[0.225s][info][gc,metaspace   ] GC(10) Metaspace: 6295K(6464K)->6295K(6464K) NonClass: 5762K(5824K)->5762K(5824K) Class: 533K(640K)->533K(640K)
[0.225s][info][gc             ] GC(10) Pause Young (Allocation Failure) 7M->5M(8M) 3.439ms
[0.225s][info][gc,cpu         ] GC(10) User=0.00s Sys=0.00s Real=0.00s
[0.228s][info][gc,start       ] GC(11) Pause Young (Allocation Failure)
[0.232s][info][gc             ] GC(11) Pause Young (Allocation Failure) 8M->7M(9M) 3.370ms
[0.232s][info][gc,cpu         ] GC(11) User=0.00s Sys=0.00s Real=0.00s
[0.232s][info][gc,start       ] GC(12) Pause Full (Allocation Failure)
[0.232s][info][gc,phases,start] GC(12) Phase 1: Mark live objects
[0.236s][info][gc,phases      ] GC(12) Phase 1: Mark live objects 4.479ms
[0.236s][info][gc,phases,start] GC(12) Phase 2: Compute new object addresses
[0.238s][info][gc,phases      ] GC(12) Phase 2: Compute new object addresses 1.094ms
[0.238s][info][gc,phases,start] GC(12) Phase 3: Adjust pointers
[0.239s][info][gc,phases      ] GC(12) Phase 3: Adjust pointers 1.743ms
[0.239s][info][gc,phases,start] GC(12) Phase 4: Move objects
[0.241s][info][gc,phases      ] GC(12) Phase 4: Move objects 1.381ms
[0.241s][info][gc,heap        ] GC(12) DefNew: 2687K(2688K)->0K(5376K) Eden: 2432K(2432K)->0K(4800K) From: 255K(256K)->0K(576K)
[0.241s][info][gc,heap        ] GC(12) Tenured: 5755K(5768K)->7132K(11888K)
[0.241s][info][gc,metaspace   ] GC(12) Metaspace: 6295K(6464K)->6295K(6464K) NonClass: 5762K(5824K)->5762K(5824K) Class: 533K(640K)->533K(640K)
[0.241s][info][gc             ] GC(12) Pause Full (Allocation Failure) 7M->6M(16M) 9.225ms
[0.241s][info][gc,cpu         ] GC(12) User=0.00s Sys=0.00s Real=0.01s
[0.246s][info][gc,start       ] GC(13) Pause Young (Allocation Failure)
[0.252s][info][gc,heap        ] GC(13) DefNew: 4800K(5376K)->575K(5376K) Eden: 4800K(4800K)->0K(4800K) From: 0K(576K)->575K(576K)
[0.252s][info][gc,heap        ] GC(13) Tenured: 7132K(11888K)->9027K(11888K)
[0.252s][info][gc,metaspace   ] GC(13) Metaspace: 6295K(6464K)->6295K(6464K) NonClass: 5762K(5824K)->5762K(5824K) Class: 533K(640K)->533K(640K)
[0.252s][info][gc             ] GC(13) Pause Young (Allocation Failure) 11M->9M(16M) 6.434ms
[0.252s][info][gc,cpu         ] GC(13) User=0.00s Sys=0.00s Real=0.01s
[0.258s][info][gc,start       ] GC(14) Pause Young (Allocation Failure)
[0.265s][info][gc,heap        ] GC(14) DefNew: 5375K(5376K)->576K(5376K) Eden: 4800K(4800K)->0K(4800K) From: 575K(576K)->576K(576K)
[0.265s][info][gc,heap        ] GC(14) Tenured: 9027K(11888K)->11746K(11888K)
[0.265s][info][gc,metaspace   ] GC(14) Metaspace: 6295K(6464K)->6295K(6464K) NonClass: 5762K(5824K)->5762K(5824K) Class: 533K(640K)->533K(640K)
[0.265s][info][gc             ] GC(14) Pause Young (Allocation Failure) 14M->12M(16M) 7.063ms
[0.265s][info][gc,cpu         ] GC(14) User=0.00s Sys=0.00s Real=0.01s
[0.269s][info][gc,start       ] GC(15) Pause Young (Allocation Failure)
[0.274s][info][gc             ] GC(15) Pause Young (Allocation Failure) 16M->14M(19M) 5.207ms
[0.274s][info][gc,cpu         ] GC(15) User=0.00s Sys=0.00s Real=0.01s
[0.274s][info][gc,start       ] GC(16) Pause Full (Allocation Failure)
[0.274s][info][gc,phases,start] GC(16) Phase 1: Mark live objects
[0.282s][info][gc,phases      ] GC(16) Phase 1: Mark live objects 7.679ms
[0.282s][info][gc,phases,start] GC(16) Phase 2: Compute new object addresses
[0.284s][info][gc,phases      ] GC(16) Phase 2: Compute new object addresses 2.357ms
[0.284s][info][gc,phases,start] GC(16) Phase 3: Adjust pointers
[0.287s][info][gc,phases      ] GC(16) Phase 3: Adjust pointers 2.884ms
[0.287s][info][gc,phases,start] GC(16) Phase 4: Move objects
[0.287s][info][gc,phases      ] GC(16) Phase 4: Move objects 0.125ms
[0.287s][info][gc,heap        ] GC(16) DefNew: 5376K(5376K)->446K(10816K) Eden: 4800K(4800K)->446K(9664K) From: 576K(576K)->0K(1152K)
[0.287s][info][gc,heap        ] GC(16) Tenured: 11746K(11888K)->14323K(23876K)
[0.287s][info][gc,metaspace   ] GC(16) Metaspace: 6297K(6464K)->6297K(6464K) NonClass: 5764K(5824K)->5764K(5824K) Class: 533K(640K)->533K(640K)
[0.287s][info][gc             ] GC(16) Pause Full (Allocation Failure) 14M->14M(33M) 13.396ms
[0.287s][info][gc,cpu         ] GC(16) User=0.02s Sys=0.00s Real=0.01s
[0.295s][info][gc,start       ] GC(17) Pause Young (Allocation Failure)
[0.308s][info][gc,heap        ] GC(17) DefNew: 9664K(10816K)->1151K(10816K) Eden: 9664K(9664K)->0K(9664K) From: 0K(1152K)->1151K(1152K)
[0.308s][info][gc,heap        ] GC(17) Tenured: 14323K(23876K)->18351K(23876K)
[0.308s][info][gc,metaspace   ] GC(17) Metaspace: 6297K(6464K)->6297K(6464K) NonClass: 5764K(5824K)->5764K(5824K) Class: 533K(640K)->533K(640K)
[0.308s][info][gc             ] GC(17) Pause Young (Allocation Failure) 23M->19M(33M) 12.443ms
[0.308s][info][gc,cpu         ] GC(17) User=0.00s Sys=0.00s Real=0.01s
[0.315s][info][gc,start       ] GC(18) Pause Young (Allocation Failure)
[0.327s][info][gc,heap        ] GC(18) DefNew: 10815K(10816K)->1151K(10816K) Eden: 9664K(9664K)->0K(9664K) From: 1151K(1152K)->1151K(1152K)
[0.327s][info][gc,heap        ] GC(18) Tenured: 18351K(23876K)->23839K(23876K)
[0.327s][info][gc,metaspace   ] GC(18) Metaspace: 6297K(6464K)->6297K(6464K) NonClass: 5764K(5824K)->5764K(5824K) Class: 533K(640K)->533K(640K)
[0.327s][info][gc             ] GC(18) Pause Young (Allocation Failure) 28M->24M(33M) 12.084ms
[0.327s][info][gc,cpu         ] GC(18) User=0.00s Sys=0.00s Real=0.01s
[0.332s][info][gc,start       ] GC(19) Pause Young (Allocation Failure)
[0.343s][info][gc             ] GC(19) Pause Young (Allocation Failure) 33M->29M(38M) 11.173ms
[0.343s][info][gc,cpu         ] GC(19) User=0.00s Sys=0.00s Real=0.01s
[0.343s][info][gc,start       ] GC(20) Pause Full (Allocation Failure)
[0.343s][info][gc,phases,start] GC(20) Phase 1: Mark live objects
[0.358s][info][gc,phases      ] GC(20) Phase 1: Mark live objects 14.315ms
[0.358s][info][gc,phases,start] GC(20) Phase 2: Compute new object addresses
[0.363s][info][gc,phases      ] GC(20) Phase 2: Compute new object addresses 4.920ms
[0.363s][info][gc,phases,start] GC(20) Phase 3: Adjust pointers
[0.368s][info][gc,phases      ] GC(20) Phase 3: Adjust pointers 5.503ms
[0.368s][info][gc,phases,start] GC(20) Phase 4: Move objects
[0.368s][info][gc,phases      ] GC(20) Phase 4: Move objects 0.191ms
[0.368s][info][gc,heap        ] GC(20) DefNew: 10815K(10816K)->1048K(21760K) Eden: 9664K(9664K)->1048K(19392K) From: 1151K(1152K)->0K(2368K)
[0.368s][info][gc,heap        ] GC(20) Tenured: 23839K(23876K)->28935K(48228K)
[0.368s][info][gc,metaspace   ] GC(20) Metaspace: 6297K(6464K)->6297K(6464K) NonClass: 5764K(5824K)->5764K(5824K) Class: 533K(640K)->533K(640K)
[0.369s][info][gc             ] GC(20) Pause Full (Allocation Failure) 29M->29M(68M) 25.335ms
[0.369s][info][gc,cpu         ] GC(20) User=0.03s Sys=0.00s Real=0.03s
[0.383s][info][gc,start       ] GC(21) Pause Young (Allocation Failure)
[0.411s][info][gc,heap        ] GC(21) DefNew: 19392K(21760K)->2367K(21760K) Eden: 19392K(19392K)->0K(19392K) From: 0K(2368K)->2367K(2368K)
[0.411s][info][gc,heap        ] GC(21) Tenured: 28935K(48228K)->39000K(48228K)
[0.411s][info][gc,metaspace   ] GC(21) Metaspace: 6297K(6464K)->6297K(6464K) NonClass: 5764K(5824K)->5764K(5824K) Class: 533K(640K)->533K(640K)
[0.411s][info][gc             ] GC(21) Pause Young (Allocation Failure) 47M->40M(68M) 27.225ms
[0.411s][info][gc,cpu         ] GC(21) User=0.02s Sys=0.00s Real=0.03s
[0.429s][info][gc,start       ] GC(22) Pause Young (Allocation Failure)
[0.464s][info][gc             ] GC(22) Pause Young (Allocation Failure) 59M->59M(78M) 35.686ms
[0.464s][info][gc,cpu         ] GC(22) User=0.02s Sys=0.02s Real=0.03s
[0.464s][info][gc,start       ] GC(23) Pause Full (Allocation Failure)
[0.464s][info][gc,phases,start] GC(23) Phase 1: Mark live objects
[0.490s][info][gc,phases      ] GC(23) Phase 1: Mark live objects 25.485ms
[0.490s][info][gc,phases,start] GC(23) Phase 2: Compute new object addresses
[0.500s][info][gc,phases      ] GC(23) Phase 2: Compute new object addresses 10.512ms
[0.501s][info][gc,phases,start] GC(23) Phase 3: Adjust pointers
[0.513s][info][gc,phases      ] GC(23) Phase 3: Adjust pointers 12.240ms
[0.513s][info][gc,phases,start] GC(23) Phase 4: Move objects
[0.513s][info][gc,phases      ] GC(23) Phase 4: Move objects 0.227ms
[0.513s][info][gc,heap        ] GC(23) DefNew: 21759K(21760K)->2367K(43776K) Eden: 19392K(19392K)->2367K(38912K) From: 2367K(2368K)->0K(4864K)
[0.513s][info][gc,heap        ] GC(23) Tenured: 39000K(48228K)->58360K(97268K)
[0.513s][info][gc,metaspace   ] GC(23) Metaspace: 6297K(6464K)->6297K(6464K) NonClass: 5764K(5824K)->5764K(5824K) Class: 533K(640K)->533K(640K)
[0.513s][info][gc             ] GC(23) Pause Full (Allocation Failure) 59M->59M(137M) 49.029ms
[0.513s][info][gc,cpu         ] GC(23) User=0.03s Sys=0.00s Real=0.05s
[0.554s][info][gc,start       ] GC(24) Pause Young (Allocation Failure)
[0.614s][info][gc,heap        ] GC(24) DefNew: 38912K(43776K)->4863K(43776K) Eden: 38912K(38912K)->0K(38912K) From: 0K(4864K)->4863K(4864K)
[0.615s][info][gc,heap        ] GC(24) Tenured: 58360K(97268K)->90335K(97268K)
[0.615s][info][gc,metaspace   ] GC(24) Metaspace: 6297K(6464K)->6297K(6464K) NonClass: 5764K(5824K)->5764K(5824K) Class: 533K(640K)->533K(640K)
[0.615s][info][gc             ] GC(24) Pause Young (Allocation Failure) 94M->92M(137M) 60.767ms
[0.615s][info][gc,cpu         ] GC(24) User=0.06s Sys=0.00s Real=0.06s
[0.646s][info][gc,start       ] GC(25) Pause Young (Allocation Failure)
[0.715s][info][gc             ] GC(25) Pause Young (Allocation Failure) 130M->130M(169M) 68.561ms
[0.715s][info][gc,cpu         ] GC(25) User=0.06s Sys=0.00s Real=0.07s
[0.715s][info][gc,start       ] GC(26) Pause Full (Allocation Failure)
[0.715s][info][gc,phases,start] GC(26) Phase 1: Mark live objects
[0.767s][info][gc,phases      ] GC(26) Phase 1: Mark live objects 52.750ms
[0.768s][info][gc,phases,start] GC(26) Phase 2: Compute new object addresses
[0.788s][info][gc,phases      ] GC(26) Phase 2: Compute new object addresses 20.639ms
[0.788s][info][gc,phases,start] GC(26) Phase 3: Adjust pointers
[0.814s][info][gc,phases      ] GC(26) Phase 3: Adjust pointers 26.098ms
[0.814s][info][gc,phases,start] GC(26) Phase 4: Move objects
[0.837s][info][gc,phases      ] GC(26) Phase 4: Move objects 23.010ms
[0.838s][info][gc,heap        ] GC(26) DefNew: 43775K(43776K)->2956K(97088K) Eden: 38912K(38912K)->2956K(86336K) From: 4863K(4864K)->0K(10752K)
[0.838s][info][gc,heap        ] GC(26) Tenured: 90335K(97268K)->129331K(215556K)
[0.838s][info][gc,metaspace   ] GC(26) Metaspace: 6297K(6464K)->6297K(6464K) NonClass: 5764K(5824K)->5764K(5824K) Class: 533K(640K)->533K(640K)
[0.838s][info][gc             ] GC(26) Pause Full (Allocation Failure) 130M->129M(305M) 123.286ms
[0.838s][info][gc,cpu         ] GC(26) User=0.11s Sys=0.00s Real=0.12s
[0.928s][info][gc,start       ] GC(27) Pause Young (Allocation Failure)
[1.068s][info][gc,heap        ] GC(27) DefNew: 86336K(97088K)->10751K(97088K) Eden: 86336K(86336K)->0K(86336K) From: 0K(10752K)->10751K(10752K)
[1.068s][info][gc,heap        ] GC(27) Tenured: 129331K(215556K)->204886K(215556K)
[1.068s][info][gc,metaspace   ] GC(27) Metaspace: 6297K(6464K)->6297K(6464K) NonClass: 5764K(5824K)->5764K(5824K) Class: 533K(640K)->533K(640K)
[1.068s][info][gc             ] GC(27) Pause Young (Allocation Failure) 210M->210M(305M) 140.973ms
[1.069s][info][gc,cpu         ] GC(27) User=0.08s Sys=0.03s Real=0.14s
[1.147s][info][gc,start       ] GC(28) Pause Young (Allocation Failure)
[1.306s][info][gc             ] GC(28) Pause Young (Allocation Failure) 294M->294M(379M) 158.780ms
[1.306s][info][gc,cpu         ] GC(28) User=0.14s Sys=0.00s Real=0.16s
[1.306s][info][gc,start       ] GC(29) Pause Full (Allocation Failure)
[1.306s][info][gc,phases,start] GC(29) Phase 1: Mark live objects
[1.435s][info][gc,phases      ] GC(29) Phase 1: Mark live objects 129.240ms
[1.435s][info][gc,phases,start] GC(29) Phase 2: Compute new object addresses
[1.482s][info][gc,phases      ] GC(29) Phase 2: Compute new object addresses 46.705ms
[1.482s][info][gc,phases,start] GC(29) Phase 3: Adjust pointers
[1.536s][info][gc,phases      ] GC(29) Phase 3: Adjust pointers 54.232ms
[1.536s][info][gc,phases,start] GC(29) Phase 4: Move objects
[1.539s][info][gc,phases      ] GC(29) Phase 4: Move objects 2.637ms
[1.540s][info][gc,heap        ] GC(29) DefNew: 97087K(97088K)->10734K(218432K) Eden: 86336K(86336K)->10734K(194176K) From: 10751K(10752K)->0K(24256K)
[1.540s][info][gc,heap        ] GC(29) Tenured: 204886K(215556K)->291203K(485340K)
[1.540s][info][gc,metaspace   ] GC(29) Metaspace: 6297K(6464K)->6297K(6464K) NonClass: 5764K(5824K)->5764K(5824K) Class: 533K(640K)->533K(640K)
[1.540s][info][gc             ] GC(29) Pause Full (Allocation Failure) 294M->294M(687M) 234.107ms
[1.540s][info][gc,cpu         ] GC(29) User=0.23s Sys=0.00s Real=0.23s
[1.743s][info][gc,start       ] GC(30) Pause Young (Allocation Failure)
[2.067s][info][gc,heap        ] GC(30) DefNew: 194176K(218432K)->24255K(218432K) Eden: 194176K(194176K)->0K(194176K) From: 0K(24256K)->24255K(24256K)
[2.067s][info][gc,heap        ] GC(30) Tenured: 291203K(485340K)->461093K(485340K)
[2.067s][info][gc,metaspace   ] GC(30) Metaspace: 6297K(6464K)->6297K(6464K) NonClass: 5764K(5824K)->5764K(5824K) Class: 533K(640K)->533K(640K)
[2.067s][info][gc             ] GC(30) Pause Young (Allocation Failure) 474M->473M(687M) 324.172ms
[2.067s][info][gc,cpu         ] GC(30) User=0.27s Sys=0.06s Real=0.33s
[2.246s][info][gc,start       ] GC(31) Pause Young (Allocation Failure)
[2.605s][info][gc             ] GC(31) Pause Young (Allocation Failure) 663M->663M(853M) 359.042ms
[2.605s][info][gc,cpu         ] GC(31) User=0.31s Sys=0.02s Real=0.36s
[2.605s][info][gc,start       ] GC(32) Pause Full (Allocation Failure)
[2.605s][info][gc,phases,start] GC(32) Phase 1: Mark live objects
[2.902s][info][gc,phases      ] GC(32) Phase 1: Mark live objects 296.885ms
[2.902s][info][gc,phases,start] GC(32) Phase 2: Compute new object addresses
[3.004s][info][gc,phases      ] GC(32) Phase 2: Compute new object addresses 101.723ms
[3.004s][info][gc,phases,start] GC(32) Phase 3: Adjust pointers
[3.114s][info][gc,phases      ] GC(32) Phase 3: Adjust pointers 109.586ms
[3.114s][info][gc,phases,start] GC(32) Phase 4: Move objects
[3.119s][info][gc,phases      ] GC(32) Phase 4: Move objects 5.269ms
[3.121s][info][gc,heap        ] GC(32) DefNew: 218431K(218432K)->24162K(491584K) Eden: 194176K(194176K)->24162K(436992K) From: 24255K(24256K)->0K(54592K)
[3.121s][info][gc,heap        ] GC(32) Tenured: 461093K(485340K)->655327K(1092216K)
[3.121s][info][gc,metaspace   ] GC(32) Metaspace: 6297K(6464K)->6297K(6464K) NonClass: 5764K(5824K)->5764K(5824K) Class: 533K(640K)->533K(640K)
[3.121s][info][gc             ] GC(32) Pause Full (Allocation Failure) 663M->663M(1546M) 515.640ms
[3.121s][info][gc,cpu         ] GC(32) User=0.50s Sys=0.00s Real=0.51s
[3.578s][info][gc,start       ] GC(33) Pause Young (Allocation Failure)
[4.314s][info][gc,heap        ] GC(33) DefNew: 436992K(491584K)->54592K(491584K) Eden: 436992K(436992K)->0K(436992K) From: 0K(54592K)->54592K(54592K)
[4.314s][info][gc,heap        ] GC(33) Tenured: 655327K(1092216K)->1037702K(1092216K)
[4.314s][info][gc,metaspace   ] GC(33) Metaspace: 6297K(6464K)->6297K(6464K) NonClass: 5764K(5824K)->5764K(5824K) Class: 533K(640K)->533K(640K)
[4.314s][info][gc             ] GC(33) Pause Young (Allocation Failure) 1066M->1066M(1546M) 735.519ms
[4.314s][info][gc,cpu         ] GC(33) User=0.61s Sys=0.11s Real=0.74s
[4.642s][info][gc,start       ] GC(34) Pause Young (Allocation Failure)
[5.339s][info][gc             ] GC(34) Pause Young (Allocation Failure) 1430M->1404M(1831M) 696.801ms
[5.339s][info][gc,cpu         ] GC(34) User=0.58s Sys=0.12s Real=0.70s
[5.339s][info][gc,start       ] GC(35) Pause Full (Allocation Failure)
[5.339s][info][gc,phases,start] GC(35) Phase 1: Mark live objects
[5.982s][info][gc,phases      ] GC(35) Phase 1: Mark live objects 643.716ms
[5.982s][info][gc,phases,start] GC(35) Phase 2: Compute new object addresses
[6.190s][info][gc,phases      ] GC(35) Phase 2: Compute new object addresses 207.563ms
[6.190s][info][gc,phases,start] GC(35) Phase 3: Adjust pointers
[6.429s][info][gc,phases      ] GC(35) Phase 3: Adjust pointers 238.909ms
[6.429s][info][gc,phases,start] GC(35) Phase 4: Move objects
[6.440s][info][gc,phases      ] GC(35) Phase 4: Move objects 11.268ms
[6.444s][info][gc,heap        ] GC(35) DefNew: 426690K(491584K)->54497K(1037952K) Eden: 372098K(436992K)->54497K(922624K) From: 54592K(54592K)->0K(115328K)
[6.444s][info][gc,heap        ] GC(35) Tenured: 1037702K(1092216K)->1383863K(2306440K)
[6.444s][info][gc,metaspace   ] GC(35) Metaspace: 6297K(6464K)->6297K(6464K) NonClass: 5764K(5824K)->5764K(5824K) Class: 533K(640K)->533K(640K)
[6.444s][info][gc             ] GC(35) Pause Full (Allocation Failure) 1404M->1404M(3266M) 1105.503ms
[6.444s][info][gc,cpu         ] GC(35) User=1.09s Sys=0.00s Real=1.11s
[7.350s][info][gc,start       ] GC(36) Pause Young (Allocation Failure)
[8.888s][info][gc,heap        ] GC(36) DefNew: 922624K(1037952K)->115327K(1037952K) Eden: 922624K(922624K)->0K(922624K) From: 0K(115328K)->115327K(115328K)
[8.888s][info][gc,heap        ] GC(36) Tenured: 1383863K(2306440K)->2191128K(2306440K)
[8.888s][info][gc,metaspace   ] GC(36) Metaspace: 6297K(6464K)->6297K(6464K) NonClass: 5764K(5824K)->5764K(5824K) Class: 533K(640K)->533K(640K)
[8.888s][info][gc             ] GC(36) Pause Young (Allocation Failure) 2252M->2252M(3266M) 1538.187ms
[8.888s][info][gc,cpu         ] GC(36) User=1.31s Sys=0.20s Real=1.54s
[9.846s][info][gc,start       ] GC(37) Pause Young (Allocation Failure)
[11.345s][info][gc             ] GC(37) Pause Young (Allocation Failure) 3153M->3089M(3990M) 1499.667ms
[11.345s][info][gc,cpu         ] GC(37) User=1.33s Sys=0.16s Real=1.50s
[11.345s][info][gc,start       ] GC(38) Pause Full (Allocation Failure)
[11.345s][info][gc,phases,start] GC(38) Phase 1: Mark live objects
[12.749s][info][gc,phases      ] GC(38) Phase 1: Mark live objects 1403.235ms
[12.749s][info][gc,phases,start] GC(38) Phase 2: Compute new object addresses
[13.186s][info][gc,phases      ] GC(38) Phase 2: Compute new object addresses 437.061ms
[13.186s][info][gc,phases,start] GC(38) Phase 3: Adjust pointers
[13.799s][info][gc,phases      ] GC(38) Phase 3: Adjust pointers 613.077ms
[13.799s][info][gc,phases,start] GC(38) Phase 4: Move objects
[14.361s][info][gc,phases      ] GC(38) Phase 4: Move objects 562.389ms
[14.364s][info][gc,heap        ] GC(38) DefNew: 1037951K(1037952K)->53808K(1505280K) Eden: 922624K(922624K)->53808K(1338048K) From: 115327K(115328K)->0K(167232K)
[14.364s][info][gc,heap        ] GC(38) Tenured: 2191128K(2306440K)->3048267K(3345088K)
[14.364s][info][gc,metaspace   ] GC(38) Metaspace: 6297K(6464K)->6297K(6464K) NonClass: 5764K(5824K)->5764K(5824K) Class: 533K(640K)->533K(640K)
[14.364s][info][gc             ] GC(38) Pause Full (Allocation Failure) 3089M->3029M(4736M) 3018.725ms
[14.364s][info][gc,cpu         ] GC(38) User=3.00s Sys=0.00s Real=3.02s
[15.523s][info][gc,start       ] GC(39) Pause Young (Allocation Failure)
[15.524s][info][gc             ] GC(39) Pause Young (Allocation Failure) 4283M->4283M(4736M) 0.117ms
[15.524s][info][gc,cpu         ] GC(39) User=0.00s Sys=0.00s Real=0.00s
[15.524s][info][gc,start       ] GC(40) Pause Full (Allocation Failure)
[15.524s][info][gc,phases,start] GC(40) Phase 1: Mark live objects
[17.567s][info][gc,phases      ] GC(40) Phase 1: Mark live objects 2043.262ms
[17.567s][info][gc,phases,start] GC(40) Phase 2: Compute new object addresses
[18.262s][info][gc,phases      ] GC(40) Phase 2: Compute new object addresses 695.477ms
[18.263s][info][gc,phases,start] GC(40) Phase 3: Adjust pointers
[19.395s][info][gc,phases      ] GC(40) Phase 3: Adjust pointers 1132.130ms
[19.395s][info][gc,phases,start] GC(40) Phase 4: Move objects
[19.774s][info][gc,phases      ] GC(40) Phase 4: Move objects 379.549ms
[19.776s][info][gc,heap        ] GC(40) DefNew: 1338048K(1505280K)->1041198K(1505280K) Eden: 1338048K(1338048K)->1041198K(1338048K) From: 0K(167232K)->0K(167232K)
[19.776s][info][gc,heap        ] GC(40) Tenured: 3048267K(3345088K)->3345087K(3345088K)
[19.776s][info][gc,metaspace   ] GC(40) Metaspace: 6297K(6464K)->6297K(6464K) NonClass: 5764K(5824K)->5764K(5824K) Class: 533K(640K)->533K(640K)
[19.776s][info][gc             ] GC(40) Pause Full (Allocation Failure) 4283M->4283M(4736M) 4252.352ms
[19.776s][info][gc,cpu         ] GC(40) User=3.92s Sys=0.11s Real=4.25s
[20.574s][info][gc,start       ] GC(41) Pause Full (Allocation Failure)
[20.574s][info][gc,phases,start] GC(41) Phase 1: Mark live objects
[23.118s][info][gc,phases      ] GC(41) Phase 1: Mark live objects 2544.451ms
[23.119s][info][gc,phases,start] GC(41) Phase 2: Compute new object addresses
[23.924s][info][gc,phases      ] GC(41) Phase 2: Compute new object addresses 805.116ms
[23.924s][info][gc,phases,start] GC(41) Phase 3: Adjust pointers
[25.054s][info][gc,phases      ] GC(41) Phase 3: Adjust pointers 1129.950ms
[25.054s][info][gc,phases,start] GC(41) Phase 4: Move objects
[25.144s][info][gc,phases      ] GC(41) Phase 4: Move objects 90.005ms
[25.145s][info][gc,heap        ] GC(41) DefNew: 1505279K(1505280K)->1505271K(1505280K) Eden: 1338048K(1338048K)->1338047K(1338048K) From: 167231K(167232K)->167224K(167232K)
[25.145s][info][gc,heap        ] GC(41) Tenured: 3345087K(3345088K)->3345087K(3345088K)
[25.145s][info][gc,metaspace   ] GC(41) Metaspace: 6297K(6464K)->6297K(6464K) NonClass: 5764K(5824K)->5764K(5824K) Class: 533K(640K)->533K(640K)
[25.145s][info][gc             ] GC(41) Pause Full (Allocation Failure) 4736M->4736M(4736M) 4571.313ms
[25.145s][info][gc,cpu         ] GC(41) User=4.34s Sys=0.00s Real=4.57s
[25.145s][info][gc,start       ] GC(42) Pause Full (Allocation Failure)
[25.145s][info][gc,phases,start] GC(42) Phase 1: Mark live objects
[27.720s][info][gc,phases      ] GC(42) Phase 1: Mark live objects 2574.399ms
[27.720s][info][gc,phases,start] GC(42) Phase 2: Compute new object addresses
[28.513s][info][gc,phases      ] GC(42) Phase 2: Compute new object addresses 793.195ms
[28.513s][info][gc,phases,start] GC(42) Phase 3: Adjust pointers
[29.575s][info][gc,phases      ] GC(42) Phase 3: Adjust pointers 1061.682ms
[29.575s][info][gc,phases,start] GC(42) Phase 4: Move objects
[29.575s][info][gc,phases      ] GC(42) Phase 4: Move objects 0.017ms
[29.576s][info][gc,heap        ] GC(42) DefNew: 1505279K(1505280K)->1505279K(1505280K) Eden: 1338047K(1338048K)->1338047K(1338048K) From: 167231K(167232K)->167231K(167232K)
[29.576s][info][gc,heap        ] GC(42) Tenured: 3345087K(3345088K)->3345087K(3345088K)
[29.576s][info][gc,metaspace   ] GC(42) Metaspace: 6297K(6464K)->6297K(6464K) NonClass: 5764K(5824K)->5764K(5824K) Class: 533K(640K)->533K(640K)
[29.576s][info][gc             ] GC(42) Pause Full (Allocation Failure) 4736M->4736M(4736M) 4430.237ms
[29.576s][info][gc,cpu         ] GC(42) User=4.09s Sys=0.00s Real=4.43s
[29.576s][info][gc,start       ] GC(43) Pause Full (Allocation Failure)
[29.576s][info][gc,phases,start] GC(43) Phase 1: Mark live objects
[31.818s][info][gc,phases      ] GC(43) Phase 1: Mark live objects 2242.663ms
[31.818s][info][gc,phases,start] GC(43) Phase 2: Compute new object addresses
[32.480s][info][gc,phases      ] GC(43) Phase 2: Compute new object addresses 661.777ms
[32.480s][info][gc,phases,start] GC(43) Phase 3: Adjust pointers
[33.589s][info][gc,phases      ] GC(43) Phase 3: Adjust pointers 1108.649ms
[33.589s][info][gc,phases,start] GC(43) Phase 4: Move objects
[34.370s][info][gc,phases      ] GC(43) Phase 4: Move objects 781.384ms
[34.371s][info][gc,heap        ] GC(43) DefNew: 1505279K(1505280K)->1505275K(1505280K) Eden: 1338047K(1338048K)->1338047K(1338048K) From: 167231K(167232K)->167227K(167232K)
[34.371s][info][gc,heap        ] GC(43) Tenured: 3345087K(3345088K)->3345087K(3345088K)
[34.371s][info][gc,metaspace   ] GC(43) Metaspace: 6297K(6464K)->6295K(6464K) NonClass: 5764K(5824K)->5762K(5824K) Class: 533K(640K)->532K(640K)
[34.371s][info][gc             ] GC(43) Pause Full (Allocation Failure) 4736M->4736M(4736M) 4795.800ms
[34.371s][info][gc,cpu         ] GC(43) User=4.78s Sys=0.00s Real=4.80s
[34.372s][info][gc,start       ] GC(44) Pause Full (Allocation Failure)
[34.372s][info][gc,phases,start] GC(44) Phase 1: Mark live objects
[36.710s][info][gc,phases      ] GC(44) Phase 1: Mark live objects 2338.245ms
[36.710s][info][gc,phases,start] GC(44) Phase 2: Compute new object addresses
[37.398s][info][gc,phases      ] GC(44) Phase 2: Compute new object addresses 687.404ms
[37.398s][info][gc,phases,start] GC(44) Phase 3: Adjust pointers
[38.326s][info][gc,phases      ] GC(44) Phase 3: Adjust pointers 928.596ms
[38.326s][info][gc,phases,start] GC(44) Phase 4: Move objects
[38.326s][info][gc,phases      ] GC(44) Phase 4: Move objects 0.023ms
[38.327s][info][gc,heap        ] GC(44) DefNew: 1505279K(1505280K)->1505279K(1505280K) Eden: 1338047K(1338048K)->1338047K(1338048K) From: 167231K(167232K)->167231K(167232K)
[38.327s][info][gc,heap        ] GC(44) Tenured: 3345087K(3345088K)->3345087K(3345088K)
[38.327s][info][gc,metaspace   ] GC(44) Metaspace: 6295K(6464K)->6295K(6464K) NonClass: 5762K(5824K)->5762K(5824K) Class: 532K(640K)->532K(640K)
[38.327s][info][gc             ] GC(44) Pause Full (Allocation Failure) 4736M->4736M(4736M) 3955.304ms
[38.327s][info][gc,cpu         ] GC(44) User=3.80s Sys=0.00s Real=3.96s
[38.327s][info][gc,start       ] GC(45) Pause Full (Allocation Failure)
[38.327s][info][gc,phases,start] GC(45) Phase 1: Mark live objects
[40.573s][info][gc,phases      ] GC(45) Phase 1: Mark live objects 2246.278ms
[40.573s][info][gc,phases,start] GC(45) Phase 2: Compute new object addresses
[41.262s][info][gc,phases      ] GC(45) Phase 2: Compute new object addresses 688.674ms
[41.262s][info][gc,phases,start] GC(45) Phase 3: Adjust pointers
[42.180s][info][gc,phases      ] GC(45) Phase 3: Adjust pointers 918.145ms
[42.180s][info][gc,phases,start] GC(45) Phase 4: Move objects
[42.180s][info][gc,phases      ] GC(45) Phase 4: Move objects 0.016ms
[42.181s][info][gc,heap        ] GC(45) DefNew: 1505279K(1505280K)->1505279K(1505280K) Eden: 1338047K(1338048K)->1338047K(1338048K) From: 167231K(167232K)->167231K(167232K)
[42.181s][info][gc,heap        ] GC(45) Tenured: 3345087K(3345088K)->3345087K(3345088K)
[42.181s][info][gc,metaspace   ] GC(45) Metaspace: 6295K(6464K)->6295K(6464K) NonClass: 5762K(5824K)->5762K(5824K) Class: 532K(640K)->532K(640K)
[42.181s][info][gc             ] GC(45) Pause Full (Allocation Failure) 4736M->4736M(4736M) 3854.024ms
[42.181s][info][gc,cpu         ] GC(45) User=3.70s Sys=0.00s Real=3.85s
[42.182s][info][gc,start       ] GC(46) Pause Full (Allocation Failure)
[42.182s][info][gc,phases,start] GC(46) Phase 1: Mark live objects
[44.414s][info][gc,phases      ] GC(46) Phase 1: Mark live objects 2232.044ms
[44.414s][info][gc,phases,start] GC(46) Phase 2: Compute new object addresses
[45.076s][info][gc,phases      ] GC(46) Phase 2: Compute new object addresses 661.607ms
[45.076s][info][gc,phases,start] GC(46) Phase 3: Adjust pointers
[45.982s][info][gc,phases      ] GC(46) Phase 3: Adjust pointers 906.119ms
[45.982s][info][gc,phases,start] GC(46) Phase 4: Move objects
[45.982s][info][gc,phases      ] GC(46) Phase 4: Move objects 0.016ms
[45.982s][info][gc,heap        ] GC(46) DefNew: 1505279K(1505280K)->1505279K(1505280K) Eden: 1338047K(1338048K)->1338047K(1338048K) From: 167232K(167232K)->167232K(167232K)
[45.982s][info][gc,heap        ] GC(46) Tenured: 3345087K(3345088K)->3345087K(3345088K)
[45.982s][info][gc,metaspace   ] GC(46) Metaspace: 6295K(6464K)->6295K(6464K) NonClass: 5762K(5824K)->5762K(5824K) Class: 532K(640K)->532K(640K)
[45.982s][info][gc             ] GC(46) Pause Full (Allocation Failure) 4736M->4736M(4736M) 3800.714ms
[45.982s][info][gc,cpu         ] GC(46) User=3.77s Sys=0.00s Real=3.80s
[45.982s][info][gc,start       ] GC(47) Pause Full (Allocation Failure)
[45.982s][info][gc,phases,start] GC(47) Phase 1: Mark live objects
[48.202s][info][gc,phases      ] GC(47) Phase 1: Mark live objects 2219.889ms
[48.202s][info][gc,phases,start] GC(47) Phase 2: Compute new object addresses
[48.869s][info][gc,phases      ] GC(47) Phase 2: Compute new object addresses 666.664ms
[48.869s][info][gc,phases,start] GC(47) Phase 3: Adjust pointers
[49.998s][info][gc,phases      ] GC(47) Phase 3: Adjust pointers 1128.789ms
[49.998s][info][gc,phases,start] GC(47) Phase 4: Move objects
[50.770s][info][gc,phases      ] GC(47) Phase 4: Move objects 772.409ms
[50.772s][info][gc,heap        ] GC(47) DefNew: 1505279K(1505280K)->1505278K(1505280K) Eden: 1338047K(1338048K)->1338047K(1338048K) From: 167232K(167232K)->167230K(167232K)
[50.772s][info][gc,heap        ] GC(47) Tenured: 3345087K(3345088K)->3345087K(3345088K)
[50.772s][info][gc,metaspace   ] GC(47) Metaspace: 6295K(6464K)->6295K(6464K) NonClass: 5762K(5824K)->5762K(5824K) Class: 532K(640K)->532K(640K)
[50.772s][info][gc             ] GC(47) Pause Full (Allocation Failure) 4736M->4736M(4736M) 4789.243ms
[50.772s][info][gc,cpu         ] GC(47) User=4.77s Sys=0.00s Real=4.79s
[50.773s][info][gc,start       ] GC(48) Pause Full (Allocation Failure)
[50.773s][info][gc,phases,start] GC(48) Phase 1: Mark live objects
[53.018s][info][gc,phases      ] GC(48) Phase 1: Mark live objects 2245.345ms
[53.018s][info][gc,phases,start] GC(48) Phase 2: Compute new object addresses
[53.692s][info][gc,phases      ] GC(48) Phase 2: Compute new object addresses 673.893ms
[53.692s][info][gc,phases,start] GC(48) Phase 3: Adjust pointers
[54.603s][info][gc,phases      ] GC(48) Phase 3: Adjust pointers 910.394ms
[54.603s][info][gc,phases,start] GC(48) Phase 4: Move objects
[54.603s][info][gc,phases      ] GC(48) Phase 4: Move objects 0.017ms
[54.603s][info][gc,heap        ] GC(48) DefNew: 1505279K(1505280K)->1505278K(1505280K) Eden: 1338047K(1338048K)->1338047K(1338048K) From: 167231K(167232K)->167231K(167232K)
[54.603s][info][gc,heap        ] GC(48) Tenured: 3345087K(3345088K)->3345087K(3345088K)
[54.604s][info][gc,metaspace   ] GC(48) Metaspace: 6297K(6464K)->6297K(6464K) NonClass: 5763K(5824K)->5763K(5824K) Class: 533K(640K)->533K(640K)
[54.604s][info][gc             ] GC(48) Pause Full (Allocation Failure) 4736M->4736M(4736M) 3830.788ms
[54.604s][info][gc,cpu         ] GC(48) User=3.78s Sys=0.00s Real=3.83s
[54.604s][info][gc,heap,exit   ] Heap
[54.604s][info][gc,heap,exit   ]  def new generation   total 1505280K, used 1505279K [0x00000006cdc00000, 0x0000000733d50000, 0x0000000733d50000)
[54.604s][info][gc,heap,exit   ]   eden space 1338048K,  99% used [0x00000006cdc00000, 0x000000071f6afff8, 0x000000071f6b0000)
[54.604s][info][gc,heap,exit   ]   from space 167232K,  99% used [0x000000071f6b0000, 0x00000007299fff70, 0x0000000729a00000)
[54.604s][info][gc,heap,exit   ]   to   space 167232K,   0% used [0x0000000729a00000, 0x0000000729a00000, 0x0000000733d50000)
[54.604s][info][gc,heap,exit   ]  tenured generation   total 3345088K, used 3345087K [0x0000000733d50000, 0x0000000800000000, 0x0000000800000000)
[54.604s][info][gc,heap,exit   ]    the space 3345088K,  99% used [0x0000000733d50000, 0x00000007ffffffe8, 0x0000000800000000, 0x0000000800000000)
[54.604s][info][gc,heap,exit   ]  Metaspace       used 6300K, committed 6464K, reserved 1114112K
[54.604s][info][gc,heap,exit   ]   class space    used 534K, committed 640K, reserved 1048576K
