[0.012s][info][gc,init] CardTable entry size: 512
[0.012s][info][gc     ] Using Serial
[0.012s][info][gc,init] Version: 18.0.1+10 (release)
[0.012s][info][gc,init] CPUs: 8 total, 8 available
[0.012s][info][gc,init] Memory: 16063M
[0.012s][info][gc,init] Large Page Support: Disabled
[0.012s][info][gc,init] NUMA Support: Disabled
[0.012s][info][gc,init] Compressed Oops: Enabled (Zero based)
[0.012s][info][gc,init] Heap Min Capacity: 2M
[0.012s][info][gc,init] Heap Initial Capacity: 2M
[0.013s][info][gc,init] Heap Max Capacity: 4300M
[0.013s][info][gc,init] Pre-touch: Disabled
[0.013s][info][gc,metaspace] CDS archive(s) not mapped
[0.013s][info][gc,metaspace] Compressed class space mapped at: 0x0000000800000000-0x0000000840000000, reserved size: 1073741824
[0.013s][info][gc,metaspace] Narrow klass base: 0x0000000800000000, Narrow klass shift: 0, Narrow klass range: 0x40000000
[0.202s][info][gc,start    ] GC(0) Pause Young (Allocation Failure)
[0.204s][info][gc,heap     ] GC(0) DefNew: 1023K(1152K)->127K(1152K) Eden: 1023K(1024K)->0K(1024K) From: 0K(128K)->127K(128K)
[0.204s][info][gc,heap     ] GC(0) Tenured: 0K(768K)->439K(768K)
[0.204s][info][gc,metaspace] GC(0) Metaspace: 5899K(6016K)->5899K(6016K) NonClass: 5399K(5504K)->5399K(5504K) Class: 499K(512K)->499K(512K)
[0.204s][info][gc          ] GC(0) Pause Young (Allocation Failure) 0M->0M(1M) 1.508ms
[0.204s][info][gc,cpu      ] GC(0) User=0.00s Sys=0.00s Real=0.00s
[0.225s][info][gc,start    ] GC(1) Pause Young (Allocation Failure)
[0.226s][info][gc          ] GC(1) Pause Young (Allocation Failure) 1M->0M(2M) 1.424ms
[0.226s][info][gc,cpu      ] GC(1) User=0.00s Sys=0.00s Real=0.00s
[0.226s][info][gc,start    ] GC(2) Pause Full (Allocation Failure)
[0.226s][info][gc,phases,start] GC(2) Phase 1: Mark live objects
[0.227s][info][gc,phases      ] GC(2) Phase 1: Mark live objects 1.095ms
[0.227s][info][gc,phases,start] GC(2) Phase 2: Compute new object addresses
[0.228s][info][gc,phases      ] GC(2) Phase 2: Compute new object addresses 0.276ms
[0.228s][info][gc,phases,start] GC(2) Phase 3: Adjust pointers
[0.228s][info][gc,phases      ] GC(2) Phase 3: Adjust pointers 0.639ms
[0.228s][info][gc,phases,start] GC(2) Phase 4: Move objects
[0.228s][info][gc,phases      ] GC(2) Phase 4: Move objects 0.079ms
[0.228s][info][gc,heap        ] GC(2) DefNew: 1151K(1152K)->41K(1152K) Eden: 1024K(1024K)->41K(1024K) From: 127K(128K)->0K(128K)
[0.228s][info][gc,heap        ] GC(2) Tenured: 439K(768K)->960K(1600K)
[0.228s][info][gc,metaspace   ] GC(2) Metaspace: 6297K(6464K)->6297K(6464K) NonClass: 5764K(5824K)->5764K(5824K) Class: 533K(640K)->533K(640K)
[0.228s][info][gc             ] GC(2) Pause Full (Allocation Failure) 0M->0M(2M) 2.433ms
[0.228s][info][gc,cpu         ] GC(2) User=0.00s Sys=0.00s Real=0.00s
[0.230s][info][gc,start       ] GC(3) Pause Young (Allocation Failure)
[0.231s][info][gc,heap        ] GC(3) DefNew: 1024K(1152K)->128K(1152K) Eden: 1024K(1024K)->0K(1024K) From: 0K(128K)->128K(128K)
[0.231s][info][gc,heap        ] GC(3) Tenured: 960K(1600K)->1375K(1600K)
[0.231s][info][gc,metaspace   ] GC(3) Metaspace: 6297K(6464K)->6297K(6464K) NonClass: 5764K(5824K)->5764K(5824K) Class: 533K(640K)->533K(640K)
[0.231s][info][gc             ] GC(3) Pause Young (Allocation Failure) 1M->1M(2M) 1.399ms
[0.231s][info][gc,cpu         ] GC(3) User=0.00s Sys=0.00s Real=0.00s
[0.233s][info][gc,start       ] GC(4) Pause Young (Allocation Failure)
[0.234s][info][gc             ] GC(4) Pause Young (Allocation Failure) 2M->1M(3M) 1.406ms
[0.234s][info][gc,cpu         ] GC(4) User=0.00s Sys=0.00s Real=0.00s
[0.234s][info][gc,start       ] GC(5) Pause Full (Allocation Failure)
[0.234s][info][gc,phases,start] GC(5) Phase 1: Mark live objects
[0.236s][info][gc,phases      ] GC(5) Phase 1: Mark live objects 1.715ms
[0.236s][info][gc,phases,start] GC(5) Phase 2: Compute new object addresses
[0.237s][info][gc,phases      ] GC(5) Phase 2: Compute new object addresses 0.453ms
[0.237s][info][gc,phases,start] GC(5) Phase 3: Adjust pointers
[0.237s][info][gc,phases      ] GC(5) Phase 3: Adjust pointers 0.800ms
[0.238s][info][gc,phases,start] GC(5) Phase 4: Move objects
[0.238s][info][gc,phases      ] GC(5) Phase 4: Move objects 0.079ms
[0.238s][info][gc,heap        ] GC(5) DefNew: 1152K(1152K)->35K(1536K) Eden: 1024K(1024K)->35K(1408K) From: 128K(128K)->0K(128K)
[0.238s][info][gc,heap        ] GC(5) Tenured: 1375K(1600K)->1984K(3308K)
[0.238s][info][gc,metaspace   ] GC(5) Metaspace: 6297K(6464K)->6297K(6464K) NonClass: 5764K(5824K)->5764K(5824K) Class: 533K(640K)->533K(640K)
[0.238s][info][gc             ] GC(5) Pause Full (Allocation Failure) 1M->1M(4M) 3.408ms
[0.238s][info][gc,cpu         ] GC(5) User=0.00s Sys=0.00s Real=0.00s
[0.240s][info][gc,start       ] GC(6) Pause Young (Allocation Failure)
[0.241s][info][gc,heap        ] GC(6) DefNew: 1408K(1536K)->128K(1536K) Eden: 1408K(1408K)->0K(1408K) From: 0K(128K)->128K(128K)
[0.241s][info][gc,heap        ] GC(6) Tenured: 1984K(3308K)->2617K(3308K)
[0.241s][info][gc,metaspace   ] GC(6) Metaspace: 6297K(6464K)->6297K(6464K) NonClass: 5764K(5824K)->5764K(5824K) Class: 533K(640K)->533K(640K)
[0.241s][info][gc             ] GC(6) Pause Young (Allocation Failure) 3M->2M(4M) 1.948ms
[0.242s][info][gc,cpu         ] GC(6) User=0.00s Sys=0.00s Real=0.00s
[0.243s][info][gc,start       ] GC(7) Pause Young (Allocation Failure)
[0.245s][info][gc             ] GC(7) Pause Young (Allocation Failure) 4M->3M(4M) 1.567ms
[0.245s][info][gc,cpu         ] GC(7) User=0.00s Sys=0.00s Real=0.00s
[0.245s][info][gc,start       ] GC(8) Pause Full (Allocation Failure)
[0.245s][info][gc,phases,start] GC(8) Phase 1: Mark live objects
[0.247s][info][gc,phases      ] GC(8) Phase 1: Mark live objects 2.136ms
[0.247s][info][gc,phases,start] GC(8) Phase 2: Compute new object addresses
[0.248s][info][gc,phases      ] GC(8) Phase 2: Compute new object addresses 0.688ms
[0.248s][info][gc,phases,start] GC(8) Phase 3: Adjust pointers
[0.249s][info][gc,phases      ] GC(8) Phase 3: Adjust pointers 1.035ms
[0.249s][info][gc,phases,start] GC(8) Phase 4: Move objects
[0.249s][info][gc,phases      ] GC(8) Phase 4: Move objects 0.079ms
[0.249s][info][gc,heap        ] GC(8) DefNew: 1536K(1536K)->0K(2688K) Eden: 1408K(1408K)->0K(2432K) From: 128K(128K)->0K(256K)
[0.249s][info][gc,heap        ] GC(8) Tenured: 2617K(3308K)->3460K(5768K)
[0.249s][info][gc,metaspace   ] GC(8) Metaspace: 6297K(6464K)->6297K(6464K) NonClass: 5764K(5824K)->5764K(5824K) Class: 533K(640K)->533K(640K)
[0.249s][info][gc             ] GC(8) Pause Full (Allocation Failure) 3M->3M(8M) 4.242ms
[0.249s][info][gc,cpu         ] GC(8) User=0.00s Sys=0.00s Real=0.00s
[0.253s][info][gc,start       ] GC(9) Pause Young (Allocation Failure)
[0.256s][info][gc,heap        ] GC(9) DefNew: 2432K(2688K)->255K(2688K) Eden: 2432K(2432K)->0K(2432K) From: 0K(256K)->255K(256K)
[0.256s][info][gc,heap        ] GC(9) Tenured: 3460K(5768K)->4509K(5768K)
[0.256s][info][gc,metaspace   ] GC(9) Metaspace: 6297K(6464K)->6297K(6464K) NonClass: 5764K(5824K)->5764K(5824K) Class: 533K(640K)->533K(640K)
[0.257s][info][gc             ] GC(9) Pause Young (Allocation Failure) 5M->4M(8M) 3.484ms
[0.257s][info][gc,cpu         ] GC(9) User=0.00s Sys=0.00s Real=0.00s
[0.260s][info][gc,start       ] GC(10) Pause Young (Allocation Failure)
[0.263s][info][gc,heap        ] GC(10) DefNew: 2687K(2688K)->256K(2688K) Eden: 2432K(2432K)->0K(2432K) From: 255K(256K)->256K(256K)
[0.263s][info][gc,heap        ] GC(10) Tenured: 4509K(5768K)->5753K(5768K)
[0.263s][info][gc,metaspace   ] GC(10) Metaspace: 6297K(6464K)->6297K(6464K) NonClass: 5764K(5824K)->5764K(5824K) Class: 533K(640K)->533K(640K)
[0.263s][info][gc             ] GC(10) Pause Young (Allocation Failure) 7M->5M(8M) 3.208ms
[0.263s][info][gc,cpu         ] GC(10) User=0.00s Sys=0.00s Real=0.00s
[0.267s][info][gc,start       ] GC(11) Pause Young (Allocation Failure)
[0.270s][info][gc             ] GC(11) Pause Young (Allocation Failure) 8M->7M(9M) 3.330ms
[0.270s][info][gc,cpu         ] GC(11) User=0.00s Sys=0.00s Real=0.00s
[0.270s][info][gc,start       ] GC(12) Pause Full (Allocation Failure)
[0.270s][info][gc,phases,start] GC(12) Phase 1: Mark live objects
[0.275s][info][gc,phases      ] GC(12) Phase 1: Mark live objects 4.367ms
[0.275s][info][gc,phases,start] GC(12) Phase 2: Compute new object addresses
[0.276s][info][gc,phases      ] GC(12) Phase 2: Compute new object addresses 1.405ms
[0.276s][info][gc,phases,start] GC(12) Phase 3: Adjust pointers
[0.278s][info][gc,phases      ] GC(12) Phase 3: Adjust pointers 1.877ms
[0.278s][info][gc,phases,start] GC(12) Phase 4: Move objects
[0.280s][info][gc,phases      ] GC(12) Phase 4: Move objects 1.415ms
[0.280s][info][gc,heap        ] GC(12) DefNew: 2688K(2688K)->0K(5376K) Eden: 2432K(2432K)->0K(4800K) From: 256K(256K)->0K(576K)
[0.280s][info][gc,heap        ] GC(12) Tenured: 5753K(5768K)->7129K(11884K)
[0.280s][info][gc,metaspace   ] GC(12) Metaspace: 6297K(6464K)->6297K(6464K) NonClass: 5764K(5824K)->5764K(5824K) Class: 533K(640K)->533K(640K)
[0.280s][info][gc             ] GC(12) Pause Full (Allocation Failure) 7M->6M(16M) 9.561ms
[0.280s][info][gc,cpu         ] GC(12) User=0.00s Sys=0.00s Real=0.01s
[0.285s][info][gc,start       ] GC(13) Pause Young (Allocation Failure)
[0.290s][info][gc,heap        ] GC(13) DefNew: 4800K(5376K)->575K(5376K) Eden: 4800K(4800K)->0K(4800K) From: 0K(576K)->575K(576K)
[0.290s][info][gc,heap        ] GC(13) Tenured: 7129K(11884K)->9024K(11884K)
[0.290s][info][gc,metaspace   ] GC(13) Metaspace: 6297K(6464K)->6297K(6464K) NonClass: 5764K(5824K)->5764K(5824K) Class: 533K(640K)->533K(640K)
[0.290s][info][gc             ] GC(13) Pause Young (Allocation Failure) 11M->9M(16M) 5.170ms
[0.290s][info][gc,cpu         ] GC(13) User=0.00s Sys=0.00s Real=0.01s
[0.295s][info][gc,start       ] GC(14) Pause Young (Allocation Failure)
[0.302s][info][gc,heap        ] GC(14) DefNew: 5375K(5376K)->576K(5376K) Eden: 4800K(4800K)->0K(4800K) From: 575K(576K)->576K(576K)
[0.302s][info][gc,heap        ] GC(14) Tenured: 9024K(11884K)->11744K(11884K)
[0.302s][info][gc,metaspace   ] GC(14) Metaspace: 6297K(6464K)->6297K(6464K) NonClass: 5764K(5824K)->5764K(5824K) Class: 533K(640K)->533K(640K)
[0.302s][info][gc             ] GC(14) Pause Young (Allocation Failure) 14M->12M(16M) 6.623ms
[0.302s][info][gc,cpu         ] GC(14) User=0.02s Sys=0.00s Real=0.01s
[0.305s][info][gc,start       ] GC(15) Pause Young (Allocation Failure)
[0.311s][info][gc             ] GC(15) Pause Young (Allocation Failure) 16M->14M(19M) 5.221ms
[0.311s][info][gc,cpu         ] GC(15) User=0.00s Sys=0.00s Real=0.00s
[0.311s][info][gc,start       ] GC(16) Pause Full (Allocation Failure)
[0.311s][info][gc,phases,start] GC(16) Phase 1: Mark live objects
[0.319s][info][gc,phases      ] GC(16) Phase 1: Mark live objects 8.335ms
[0.319s][info][gc,phases,start] GC(16) Phase 2: Compute new object addresses
[0.322s][info][gc,phases      ] GC(16) Phase 2: Compute new object addresses 2.589ms
[0.322s][info][gc,phases,start] GC(16) Phase 3: Adjust pointers
[0.325s][info][gc,phases      ] GC(16) Phase 3: Adjust pointers 3.112ms
[0.325s][info][gc,phases,start] GC(16) Phase 4: Move objects
[0.325s][info][gc,phases      ] GC(16) Phase 4: Move objects 0.148ms
[0.325s][info][gc,heap        ] GC(16) DefNew: 5376K(5376K)->448K(10816K) Eden: 4800K(4800K)->448K(9664K) From: 576K(576K)->0K(1152K)
[0.325s][info][gc,heap        ] GC(16) Tenured: 11744K(11884K)->14320K(23868K)
[0.325s][info][gc,metaspace   ] GC(16) Metaspace: 6299K(6464K)->6299K(6464K) NonClass: 5766K(5824K)->5766K(5824K) Class: 533K(640K)->533K(640K)
[0.325s][info][gc             ] GC(16) Pause Full (Allocation Failure) 14M->14M(33M) 14.570ms
[0.325s][info][gc,cpu         ] GC(16) User=0.02s Sys=0.00s Real=0.01s
[0.333s][info][gc,start       ] GC(17) Pause Young (Allocation Failure)
[0.345s][info][gc,heap        ] GC(17) DefNew: 9664K(10816K)->1151K(10816K) Eden: 9664K(9664K)->0K(9664K) From: 0K(1152K)->1151K(1152K)
[0.345s][info][gc,heap        ] GC(17) Tenured: 14320K(23868K)->18348K(23868K)
[0.345s][info][gc,metaspace   ] GC(17) Metaspace: 6299K(6464K)->6299K(6464K) NonClass: 5766K(5824K)->5766K(5824K) Class: 533K(640K)->533K(640K)
[0.345s][info][gc             ] GC(17) Pause Young (Allocation Failure) 23M->19M(33M) 12.590ms
[0.345s][info][gc,cpu         ] GC(17) User=0.00s Sys=0.00s Real=0.01s
[0.353s][info][gc,start       ] GC(18) Pause Young (Allocation Failure)
[0.364s][info][gc,heap        ] GC(18) DefNew: 10815K(10816K)->1151K(10816K) Eden: 9664K(9664K)->0K(9664K) From: 1151K(1152K)->1151K(1152K)
[0.364s][info][gc,heap        ] GC(18) Tenured: 18348K(23868K)->23836K(23868K)
[0.364s][info][gc,metaspace   ] GC(18) Metaspace: 6299K(6464K)->6299K(6464K) NonClass: 5766K(5824K)->5766K(5824K) Class: 533K(640K)->533K(640K)
[0.364s][info][gc             ] GC(18) Pause Young (Allocation Failure) 28M->24M(33M) 11.460ms
[0.364s][info][gc,cpu         ] GC(18) User=0.00s Sys=0.00s Real=0.01s
[0.370s][info][gc,start       ] GC(19) Pause Young (Allocation Failure)
[0.381s][info][gc             ] GC(19) Pause Young (Allocation Failure) 33M->29M(38M) 11.213ms
[0.381s][info][gc,cpu         ] GC(19) User=0.00s Sys=0.00s Real=0.01s
[0.381s][info][gc,start       ] GC(20) Pause Full (Allocation Failure)
[0.382s][info][gc,phases,start] GC(20) Phase 1: Mark live objects
[0.396s][info][gc,phases      ] GC(20) Phase 1: Mark live objects 14.151ms
[0.396s][info][gc,phases,start] GC(20) Phase 2: Compute new object addresses
[0.400s][info][gc,phases      ] GC(20) Phase 2: Compute new object addresses 4.526ms
[0.400s][info][gc,phases,start] GC(20) Phase 3: Adjust pointers
[0.406s][info][gc,phases      ] GC(20) Phase 3: Adjust pointers 5.528ms
[0.406s][info][gc,phases,start] GC(20) Phase 4: Move objects
[0.406s][info][gc,phases      ] GC(20) Phase 4: Move objects 0.183ms
[0.406s][info][gc,heap        ] GC(20) DefNew: 10815K(10816K)->1053K(21760K) Eden: 9664K(9664K)->1053K(19392K) From: 1151K(1152K)->0K(2368K)
[0.406s][info][gc,heap        ] GC(20) Tenured: 23836K(23868K)->28927K(48216K)
[0.406s][info][gc,metaspace   ] GC(20) Metaspace: 6299K(6464K)->6299K(6464K) NonClass: 5766K(5824K)->5766K(5824K) Class: 533K(640K)->533K(640K)
[0.406s][info][gc             ] GC(20) Pause Full (Allocation Failure) 29M->29M(68M) 24.807ms
[0.406s][info][gc,cpu         ] GC(20) User=0.03s Sys=0.00s Real=0.03s
[0.424s][info][gc,start       ] GC(21) Pause Young (Allocation Failure)
[0.454s][info][gc,heap        ] GC(21) DefNew: 19392K(21760K)->2368K(21760K) Eden: 19392K(19392K)->0K(19392K) From: 0K(2368K)->2368K(2368K)
[0.454s][info][gc,heap        ] GC(21) Tenured: 28927K(48216K)->40652K(48216K)
[0.454s][info][gc,metaspace   ] GC(21) Metaspace: 6299K(6464K)->6299K(6464K) NonClass: 5766K(5824K)->5766K(5824K) Class: 533K(640K)->533K(640K)
[0.454s][info][gc             ] GC(21) Pause Young (Allocation Failure) 47M->42M(68M) 30.141ms
[0.454s][info][gc,cpu         ] GC(21) User=0.02s Sys=0.00s Real=0.03s
[0.472s][info][gc,start       ] GC(22) Pause Young (Allocation Failure)
[0.508s][info][gc             ] GC(22) Pause Young (Allocation Failure) 60M->60M(79M) 35.281ms
[0.508s][info][gc,cpu         ] GC(22) User=0.03s Sys=0.00s Real=0.04s
[0.508s][info][gc,start       ] GC(23) Pause Full (Allocation Failure)
[0.508s][info][gc,phases,start] GC(23) Phase 1: Mark live objects
[0.533s][info][gc,phases      ] GC(23) Phase 1: Mark live objects 25.585ms
[0.533s][info][gc,phases,start] GC(23) Phase 2: Compute new object addresses
[0.543s][info][gc,phases      ] GC(23) Phase 2: Compute new object addresses 9.677ms
[0.543s][info][gc,phases,start] GC(23) Phase 3: Adjust pointers
[0.554s][info][gc,phases      ] GC(23) Phase 3: Adjust pointers 10.938ms
[0.554s][info][gc,phases,start] GC(23) Phase 4: Move objects
[0.554s][info][gc,phases      ] GC(23) Phase 4: Move objects 0.350ms
[0.555s][info][gc,heap        ] GC(23) DefNew: 21760K(21760K)->2262K(45120K) Eden: 19392K(19392K)->2262K(40128K) From: 2368K(2368K)->0K(4992K)
[0.555s][info][gc,heap        ] GC(23) Tenured: 40652K(48216K)->60119K(100200K)
[0.555s][info][gc,metaspace   ] GC(23) Metaspace: 6299K(6464K)->6299K(6464K) NonClass: 5766K(5824K)->5766K(5824K) Class: 533K(640K)->533K(640K)
[0.555s][info][gc             ] GC(23) Pause Full (Allocation Failure) 60M->60M(141M) 47.229ms
[0.555s][info][gc,cpu         ] GC(23) User=0.05s Sys=0.00s Real=0.05s
[0.595s][info][gc,start       ] GC(24) Pause Young (Allocation Failure)
[0.660s][info][gc,heap        ] GC(24) DefNew: 40128K(45120K)->4991K(45120K) Eden: 40128K(40128K)->0K(40128K) From: 0K(4992K)->4991K(4992K)
[0.660s][info][gc,heap        ] GC(24) Tenured: 60119K(100200K)->95231K(100200K)
[0.660s][info][gc,metaspace   ] GC(24) Metaspace: 6299K(6464K)->6299K(6464K) NonClass: 5766K(5824K)->5766K(5824K) Class: 533K(640K)->533K(640K)
[0.660s][info][gc             ] GC(24) Pause Young (Allocation Failure) 97M->97M(141M) 64.901ms
[0.660s][info][gc,cpu         ] GC(24) User=0.03s Sys=0.02s Real=0.06s
[0.695s][info][gc,start       ] GC(25) Pause Young (Allocation Failure)
[0.767s][info][gc             ] GC(25) Pause Young (Allocation Failure) 137M->137M(176M) 71.852ms
[0.767s][info][gc,cpu         ] GC(25) User=0.06s Sys=0.00s Real=0.07s
[0.767s][info][gc,start       ] GC(26) Pause Full (Allocation Failure)
[0.767s][info][gc,phases,start] GC(26) Phase 1: Mark live objects
[0.823s][info][gc,phases      ] GC(26) Phase 1: Mark live objects 56.495ms
[0.823s][info][gc,phases,start] GC(26) Phase 2: Compute new object addresses
[0.845s][info][gc,phases      ] GC(26) Phase 2: Compute new object addresses 21.834ms
[0.845s][info][gc,phases,start] GC(26) Phase 3: Adjust pointers
[0.872s][info][gc,phases      ] GC(26) Phase 3: Adjust pointers 27.238ms
[0.872s][info][gc,phases,start] GC(26) Phase 4: Move objects
[0.898s][info][gc,phases      ] GC(26) Phase 4: Move objects 25.492ms
[0.898s][info][gc,heap        ] GC(26) DefNew: 45119K(45120K)->1075K(101632K) Eden: 40128K(40128K)->1075K(90368K) From: 4991K(4992K)->0K(11264K)
[0.898s][info][gc,heap        ] GC(26) Tenured: 95231K(100200K)->135403K(225676K)
[0.898s][info][gc,metaspace   ] GC(26) Metaspace: 6299K(6464K)->6299K(6464K) NonClass: 5766K(5824K)->5766K(5824K) Class: 533K(640K)->533K(640K)
[0.898s][info][gc             ] GC(26) Pause Full (Allocation Failure) 137M->133M(319M) 131.850ms
[0.898s][info][gc,cpu         ] GC(26) User=0.12s Sys=0.00s Real=0.13s
[0.989s][info][gc,start       ] GC(27) Pause Young (Allocation Failure)
[1.146s][info][gc,heap        ] GC(27) DefNew: 90368K(101632K)->11263K(101632K) Eden: 90368K(90368K)->0K(90368K) From: 0K(11264K)->11263K(11264K)
[1.146s][info][gc,heap        ] GC(27) Tenured: 135403K(225676K)->214480K(225676K)
[1.146s][info][gc,metaspace   ] GC(27) Metaspace: 6299K(6464K)->6299K(6464K) NonClass: 5766K(5824K)->5766K(5824K) Class: 533K(640K)->533K(640K)
[1.146s][info][gc             ] GC(27) Pause Young (Allocation Failure) 220M->220M(319M) 157.777ms
[1.146s][info][gc,cpu         ] GC(27) User=0.14s Sys=0.00s Real=0.16s
[1.228s][info][gc,start       ] GC(28) Pause Young (Allocation Failure)
[1.402s][info][gc             ] GC(28) Pause Young (Allocation Failure) 308M->308M(397M) 174.040ms
[1.402s][info][gc,cpu         ] GC(28) User=0.16s Sys=0.00s Real=0.17s
[1.402s][info][gc,start       ] GC(29) Pause Full (Allocation Failure)
[1.402s][info][gc,phases,start] GC(29) Phase 1: Mark live objects
[1.560s][info][gc,phases      ] GC(29) Phase 1: Mark live objects 158.288ms
[1.560s][info][gc,phases,start] GC(29) Phase 2: Compute new object addresses
[1.620s][info][gc,phases      ] GC(29) Phase 2: Compute new object addresses 60.323ms
[1.621s][info][gc,phases,start] GC(29) Phase 3: Adjust pointers
[1.687s][info][gc,phases      ] GC(29) Phase 3: Adjust pointers 65.993ms
[1.687s][info][gc,phases,start] GC(29) Phase 4: Move objects
[1.689s][info][gc,phases      ] GC(29) Phase 4: Move objects 2.375ms
[1.690s][info][gc,heap        ] GC(29) DefNew: 101631K(101632K)->11165K(228736K) Eden: 90368K(90368K)->11165K(203328K) From: 11263K(11264K)->0K(25408K)
[1.690s][info][gc,heap        ] GC(29) Tenured: 214480K(225676K)->304911K(508188K)
[1.690s][info][gc,metaspace   ] GC(29) Metaspace: 6299K(6464K)->6299K(6464K) NonClass: 5766K(5824K)->5766K(5824K) Class: 533K(640K)->533K(640K)
[1.690s][info][gc             ] GC(29) Pause Full (Allocation Failure) 308M->308M(719M) 288.355ms
[1.690s][info][gc,cpu         ] GC(29) User=0.28s Sys=0.00s Real=0.29s
[1.913s][info][gc,start       ] GC(30) Pause Young (Allocation Failure)
[2.260s][info][gc,heap        ] GC(30) DefNew: 203328K(228736K)->25407K(228736K) Eden: 203328K(203328K)->0K(203328K) From: 0K(25408K)->25407K(25408K)
[2.260s][info][gc,heap        ] GC(30) Tenured: 304911K(508188K)->482802K(508188K)
[2.260s][info][gc,metaspace   ] GC(30) Metaspace: 6299K(6464K)->6299K(6464K) NonClass: 5766K(5824K)->5766K(5824K) Class: 533K(640K)->533K(640K)
[2.260s][info][gc             ] GC(30) Pause Young (Allocation Failure) 496M->496M(719M) 346.463ms
[2.260s][info][gc,cpu         ] GC(30) User=0.33s Sys=0.02s Real=0.35s
[2.451s][info][gc,start       ] GC(31) Pause Young (Allocation Failure)
[2.849s][info][gc             ] GC(31) Pause Young (Allocation Failure) 694M->694M(893M) 398.122ms
[2.849s][info][gc,cpu         ] GC(31) User=0.36s Sys=0.05s Real=0.40s
[2.849s][info][gc,start       ] GC(32) Pause Full (Allocation Failure)
[2.849s][info][gc,phases,start] GC(32) Phase 1: Mark live objects
[3.176s][info][gc,phases      ] GC(32) Phase 1: Mark live objects 326.642ms
[3.176s][info][gc,phases,start] GC(32) Phase 2: Compute new object addresses
[3.283s][info][gc,phases      ] GC(32) Phase 2: Compute new object addresses 107.195ms
[3.283s][info][gc,phases,start] GC(32) Phase 3: Adjust pointers
[3.399s][info][gc,phases      ] GC(32) Phase 3: Adjust pointers 116.480ms
[3.400s][info][gc,phases,start] GC(32) Phase 4: Move objects
[3.405s][info][gc,phases      ] GC(32) Phase 4: Move objects 5.111ms
[3.407s][info][gc,heap        ] GC(32) DefNew: 228735K(228736K)->25268K(514752K) Eden: 203328K(203328K)->25268K(457600K) From: 25407K(25408K)->0K(57152K)
[3.407s][info][gc,heap        ] GC(32) Tenured: 482802K(508188K)->686239K(1143736K)
[3.407s][info][gc,metaspace   ] GC(32) Metaspace: 6299K(6464K)->6299K(6464K) NonClass: 5766K(5824K)->5766K(5824K) Class: 533K(640K)->533K(640K)
[3.407s][info][gc             ] GC(32) Pause Full (Allocation Failure) 694M->694M(1619M) 557.712ms
[3.407s][info][gc,cpu         ] GC(32) User=0.53s Sys=0.00s Real=0.56s
[3.874s][info][gc,start       ] GC(33) Pause Young (Allocation Failure)
[4.643s][info][gc,heap        ] GC(33) DefNew: 457600K(514752K)->57152K(514752K) Eden: 457600K(457600K)->0K(457600K) From: 0K(57152K)->57152K(57152K)
[4.643s][info][gc,heap        ] GC(33) Tenured: 686239K(1143736K)->1086661K(1143736K)
[4.643s][info][gc,metaspace   ] GC(33) Metaspace: 6299K(6464K)->6299K(6464K) NonClass: 5766K(5824K)->5766K(5824K) Class: 533K(640K)->533K(640K)
[4.643s][info][gc             ] GC(33) Pause Young (Allocation Failure) 1117M->1117M(1619M) 768.797ms
[4.643s][info][gc,cpu         ] GC(33) User=0.67s Sys=0.08s Real=0.77s
[5.169s][info][gc,start       ] GC(34) Pause Young (Allocation Failure)
[5.903s][info][gc             ] GC(34) Pause Young (Allocation Failure) 1563M->1513M(1960M) 734.092ms
[5.903s][info][gc,cpu         ] GC(34) User=0.62s Sys=0.11s Real=0.73s
[5.903s][info][gc,start       ] GC(35) Pause Full (Allocation Failure)
[5.903s][info][gc,phases,start] GC(35) Phase 1: Mark live objects
[6.590s][info][gc,phases      ] GC(35) Phase 1: Mark live objects 686.715ms
[6.590s][info][gc,phases,start] GC(35) Phase 2: Compute new object addresses
[6.811s][info][gc,phases      ] GC(35) Phase 2: Compute new object addresses 221.343ms
[6.811s][info][gc,phases,start] GC(35) Phase 3: Adjust pointers
[7.076s][info][gc,phases      ] GC(35) Phase 3: Adjust pointers 264.543ms
[7.076s][info][gc,phases,start] GC(35) Phase 4: Move objects
[7.087s][info][gc,phases      ] GC(35) Phase 4: Move objects 11.566ms
[7.091s][info][gc,heap        ] GC(35) DefNew: 514752K(514752K)->57068K(1120000K) Eden: 457600K(457600K)->57068K(995584K) From: 57152K(57152K)->0K(124416K)
[7.091s][info][gc,heap        ] GC(35) Tenured: 1086661K(1143736K)->1493243K(2488740K)
[7.092s][info][gc,metaspace   ] GC(35) Metaspace: 6299K(6464K)->6299K(6464K) NonClass: 5766K(5824K)->5766K(5824K) Class: 533K(640K)->533K(640K)
[7.092s][info][gc             ] GC(35) Pause Full (Allocation Failure) 1513M->1513M(3524M) 1188.584ms
[7.092s][info][gc,cpu         ] GC(35) User=1.16s Sys=0.00s Real=1.19s
[8.036s][info][gc,start       ] GC(36) Pause Young (Allocation Failure)
[9.777s][info][gc,heap        ] GC(36) DefNew: 995584K(1120000K)->124415K(1120000K) Eden: 995584K(995584K)->0K(995584K) From: 0K(124416K)->124415K(124416K)
[9.777s][info][gc,heap        ] GC(36) Tenured: 1493243K(2488740K)->2364383K(2488740K)
[9.777s][info][gc,metaspace   ] GC(36) Metaspace: 6299K(6464K)->6299K(6464K) NonClass: 5766K(5824K)->5766K(5824K) Class: 533K(640K)->533K(640K)
[9.777s][info][gc             ] GC(36) Pause Young (Allocation Failure) 2430M->2430M(3524M) 1740.612ms
[9.777s][info][gc,cpu         ] GC(36) User=1.55s Sys=0.17s Real=1.74s
[10.750s][info][gc,start       ] GC(37) Pause Young (Allocation Failure)
[10.750s][info][gc             ] GC(37) Pause Young (Allocation Failure) 3402M->3402M(3524M) 0.115ms
[10.750s][info][gc,cpu         ] GC(37) User=0.00s Sys=0.00s Real=0.00s
[10.750s][info][gc,start       ] GC(38) Pause Full (Allocation Failure)
[10.750s][info][gc,phases,start] GC(38) Phase 1: Mark live objects
[12.290s][info][gc,phases      ] GC(38) Phase 1: Mark live objects 1540.693ms
[12.291s][info][gc,phases,start] GC(38) Phase 2: Compute new object addresses
[12.753s][info][gc,phases      ] GC(38) Phase 2: Compute new object addresses 462.874ms
[12.753s][info][gc,phases,start] GC(38) Phase 3: Adjust pointers
[13.495s][info][gc,phases      ] GC(38) Phase 3: Adjust pointers 741.738ms
[13.495s][info][gc,phases,start] GC(38) Phase 4: Move objects
[14.135s][info][gc,phases      ] GC(38) Phase 4: Move objects 640.014ms
[14.137s][info][gc,heap        ] GC(38) DefNew: 1119999K(1120000K)->901404K(1320960K) Eden: 995584K(995584K)->901404K(1174208K) From: 124415K(124416K)->0K(146752K)
[14.137s][info][gc,heap        ] GC(38) Tenured: 2364383K(2488740K)->2488739K(2935488K)
[14.137s][info][gc,metaspace   ] GC(38) Metaspace: 6299K(6464K)->6299K(6464K) NonClass: 5766K(5824K)->5766K(5824K) Class: 533K(640K)->533K(640K)
[14.138s][info][gc             ] GC(38) Pause Full (Allocation Failure) 3402M->3310M(4156M) 3387.776ms
[14.138s][info][gc,cpu         ] GC(38) User=3.28s Sys=0.03s Real=3.39s
[16.326s][info][gc,start       ] GC(39) Pause Full (Allocation Failure)
[16.326s][info][gc,phases,start] GC(39) Phase 1: Mark live objects
[18.273s][info][gc,phases      ] GC(39) Phase 1: Mark live objects 1946.349ms
[18.273s][info][gc,phases,start] GC(39) Phase 2: Compute new object addresses
[18.849s][info][gc,phases      ] GC(39) Phase 2: Compute new object addresses 576.641ms
[18.849s][info][gc,phases,start] GC(39) Phase 3: Adjust pointers
[19.678s][info][gc,phases      ] GC(39) Phase 3: Adjust pointers 828.469ms
[19.678s][info][gc,phases,start] GC(39) Phase 4: Move objects
[19.738s][info][gc,phases      ] GC(39) Phase 4: Move objects 60.360ms
[19.739s][info][gc,heap        ] GC(39) DefNew: 1320960K(1320960K)->1320952K(1320960K) Eden: 1174208K(1174208K)->1174207K(1174208K) From: 146752K(146752K)->146744K(146752K)
[19.739s][info][gc,heap        ] GC(39) Tenured: 2935487K(2935488K)->2935487K(2935488K)
[19.739s][info][gc,metaspace   ] GC(39) Metaspace: 6299K(6464K)->6299K(6464K) NonClass: 5766K(5824K)->5766K(5824K) Class: 533K(640K)->533K(640K)
[19.739s][info][gc             ] GC(39) Pause Full (Allocation Failure) 4156M->4156M(4156M) 3413.134ms
[19.739s][info][gc,cpu         ] GC(39) User=3.38s Sys=0.00s Real=3.41s
[19.740s][info][gc,start       ] GC(40) Pause Full (Allocation Failure)
[19.740s][info][gc,phases,start] GC(40) Phase 1: Mark live objects
[21.687s][info][gc,phases      ] GC(40) Phase 1: Mark live objects 1947.622ms
[21.687s][info][gc,phases,start] GC(40) Phase 2: Compute new object addresses
[22.266s][info][gc,phases      ] GC(40) Phase 2: Compute new object addresses 578.278ms
[22.266s][info][gc,phases,start] GC(40) Phase 3: Adjust pointers
[23.093s][info][gc,phases      ] GC(40) Phase 3: Adjust pointers 827.503ms
[23.093s][info][gc,phases,start] GC(40) Phase 4: Move objects
[23.093s][info][gc,phases      ] GC(40) Phase 4: Move objects 0.017ms
[23.094s][info][gc,heap        ] GC(40) DefNew: 1320959K(1320960K)->1320959K(1320960K) Eden: 1174207K(1174208K)->1174207K(1174208K) From: 146752K(146752K)->146752K(146752K)
[23.094s][info][gc,heap        ] GC(40) Tenured: 2935487K(2935488K)->2935487K(2935488K)
[23.094s][info][gc,metaspace   ] GC(40) Metaspace: 6299K(6464K)->6299K(6464K) NonClass: 5766K(5824K)->5766K(5824K) Class: 533K(640K)->533K(640K)
[23.094s][info][gc             ] GC(40) Pause Full (Allocation Failure) 4156M->4156M(4156M) 3354.367ms
[23.094s][info][gc,cpu         ] GC(40) User=3.33s Sys=0.00s Real=3.35s
[23.094s][info][gc,start       ] GC(41) Pause Full (Allocation Failure)
[23.094s][info][gc,phases,start] GC(41) Phase 1: Mark live objects
[25.027s][info][gc,phases      ] GC(41) Phase 1: Mark live objects 1932.888ms
[25.027s][info][gc,phases,start] GC(41) Phase 2: Compute new object addresses
[25.601s][info][gc,phases      ] GC(41) Phase 2: Compute new object addresses 574.341ms
[25.601s][info][gc,phases,start] GC(41) Phase 3: Adjust pointers
[26.568s][info][gc,phases      ] GC(41) Phase 3: Adjust pointers 966.650ms
[26.568s][info][gc,phases,start] GC(41) Phase 4: Move objects
[27.250s][info][gc,phases      ] GC(41) Phase 4: Move objects 681.784ms
[27.251s][info][gc,heap        ] GC(41) DefNew: 1320959K(1320960K)->1320955K(1320960K) Eden: 1174207K(1174208K)->1174207K(1174208K) From: 146752K(146752K)->146747K(146752K)
[27.251s][info][gc,heap        ] GC(41) Tenured: 2935487K(2935488K)->2935488K(2935488K)
[27.251s][info][gc,metaspace   ] GC(41) Metaspace: 6299K(6464K)->6297K(6464K) NonClass: 5766K(5824K)->5764K(5824K) Class: 533K(640K)->532K(640K)
[27.251s][info][gc             ] GC(41) Pause Full (Allocation Failure) 4156M->4156M(4156M) 4156.906ms
[27.251s][info][gc,cpu         ] GC(41) User=4.12s Sys=0.00s Real=4.16s
[27.251s][info][gc,start       ] GC(42) Pause Full (Allocation Failure)
[27.251s][info][gc,phases,start] GC(42) Phase 1: Mark live objects
[29.196s][info][gc,phases      ] GC(42) Phase 1: Mark live objects 1944.110ms
[29.196s][info][gc,phases,start] GC(42) Phase 2: Compute new object addresses
[29.767s][info][gc,phases      ] GC(42) Phase 2: Compute new object addresses 571.240ms
[29.767s][info][gc,phases,start] GC(42) Phase 3: Adjust pointers
[30.565s][info][gc,phases      ] GC(42) Phase 3: Adjust pointers 797.546ms
[30.565s][info][gc,phases,start] GC(42) Phase 4: Move objects
[30.565s][info][gc,phases      ] GC(42) Phase 4: Move objects 0.016ms
[30.565s][info][gc,heap        ] GC(42) DefNew: 1320959K(1320960K)->1320959K(1320960K) Eden: 1174207K(1174208K)->1174207K(1174208K) From: 146751K(146752K)->146751K(146752K)
[30.565s][info][gc,heap        ] GC(42) Tenured: 2935488K(2935488K)->2935488K(2935488K)
[30.565s][info][gc,metaspace   ] GC(42) Metaspace: 6297K(6464K)->6297K(6464K) NonClass: 5764K(5824K)->5764K(5824K) Class: 532K(640K)->532K(640K)
[30.565s][info][gc             ] GC(42) Pause Full (Allocation Failure) 4156M->4156M(4156M) 3313.750ms
[30.565s][info][gc,cpu         ] GC(42) User=3.27s Sys=0.00s Real=3.31s
[30.565s][info][gc,start       ] GC(43) Pause Full (Allocation Failure)
[30.565s][info][gc,phases,start] GC(43) Phase 1: Mark live objects
[32.491s][info][gc,phases      ] GC(43) Phase 1: Mark live objects 1925.474ms
[32.491s][info][gc,phases,start] GC(43) Phase 2: Compute new object addresses
[33.060s][info][gc,phases      ] GC(43) Phase 2: Compute new object addresses 569.266ms
[33.060s][info][gc,phases,start] GC(43) Phase 3: Adjust pointers
[33.856s][info][gc,phases      ] GC(43) Phase 3: Adjust pointers 796.230ms
[33.856s][info][gc,phases,start] GC(43) Phase 4: Move objects
[33.856s][info][gc,phases      ] GC(43) Phase 4: Move objects 0.015ms
[33.857s][info][gc,heap        ] GC(43) DefNew: 1320959K(1320960K)->1320959K(1320960K) Eden: 1174207K(1174208K)->1174207K(1174208K) From: 146751K(146752K)->146751K(146752K)
[33.857s][info][gc,heap        ] GC(43) Tenured: 2935488K(2935488K)->2935488K(2935488K)
[33.857s][info][gc,metaspace   ] GC(43) Metaspace: 6297K(6464K)->6297K(6464K) NonClass: 5764K(5824K)->5764K(5824K) Class: 532K(640K)->532K(640K)
[33.857s][info][gc             ] GC(43) Pause Full (Allocation Failure) 4156M->4156M(4156M) 3291.915ms
[33.857s][info][gc,cpu         ] GC(43) User=3.30s Sys=0.00s Real=3.29s
[33.858s][info][gc,start       ] GC(44) Pause Full (Allocation Failure)
[33.858s][info][gc,phases,start] GC(44) Phase 1: Mark live objects
[35.801s][info][gc,phases      ] GC(44) Phase 1: Mark live objects 1943.301ms
[35.801s][info][gc,phases,start] GC(44) Phase 2: Compute new object addresses
[36.378s][info][gc,phases      ] GC(44) Phase 2: Compute new object addresses 576.626ms
[36.378s][info][gc,phases,start] GC(44) Phase 3: Adjust pointers
[37.183s][info][gc,phases      ] GC(44) Phase 3: Adjust pointers 805.450ms
[37.183s][info][gc,phases,start] GC(44) Phase 4: Move objects
[37.183s][info][gc,phases      ] GC(44) Phase 4: Move objects 0.016ms
[37.184s][info][gc,heap        ] GC(44) DefNew: 1320959K(1320960K)->1320959K(1320960K) Eden: 1174207K(1174208K)->1174207K(1174208K) From: 146752K(146752K)->146752K(146752K)
[37.184s][info][gc,heap        ] GC(44) Tenured: 2935488K(2935488K)->2935488K(2935488K)
[37.184s][info][gc,metaspace   ] GC(44) Metaspace: 6297K(6464K)->6297K(6464K) NonClass: 5764K(5824K)->5764K(5824K) Class: 532K(640K)->532K(640K)
[37.184s][info][gc             ] GC(44) Pause Full (Allocation Failure) 4156M->4156M(4156M) 3326.237ms
[37.184s][info][gc,cpu         ] GC(44) User=3.33s Sys=0.00s Real=3.33s
[37.184s][info][gc,start       ] GC(45) Pause Full (Allocation Failure)
[37.184s][info][gc,phases,start] GC(45) Phase 1: Mark live objects
[39.105s][info][gc,phases      ] GC(45) Phase 1: Mark live objects 1921.374ms
[39.105s][info][gc,phases,start] GC(45) Phase 2: Compute new object addresses
[39.676s][info][gc,phases      ] GC(45) Phase 2: Compute new object addresses 570.076ms
[39.676s][info][gc,phases,start] GC(45) Phase 3: Adjust pointers
[40.655s][info][gc,phases      ] GC(45) Phase 3: Adjust pointers 979.028ms
[40.655s][info][gc,phases,start] GC(45) Phase 4: Move objects
[41.324s][info][gc,phases      ] GC(45) Phase 4: Move objects 669.148ms
[41.325s][info][gc,heap        ] GC(45) DefNew: 1320959K(1320960K)->1320958K(1320960K) Eden: 1174207K(1174208K)->1174207K(1174208K) From: 146752K(146752K)->146750K(146752K)
[41.325s][info][gc,heap        ] GC(45) Tenured: 2935488K(2935488K)->2935487K(2935488K)
[41.325s][info][gc,metaspace   ] GC(45) Metaspace: 6297K(6464K)->6297K(6464K) NonClass: 5764K(5824K)->5764K(5824K) Class: 532K(640K)->532K(640K)
[41.325s][info][gc             ] GC(45) Pause Full (Allocation Failure) 4156M->4156M(4156M) 4140.873ms
[41.325s][info][gc,cpu         ] GC(45) User=4.12s Sys=0.00s Real=4.14s
[41.326s][info][gc,start       ] GC(46) Pause Full (Allocation Failure)
[41.326s][info][gc,phases,start] GC(46) Phase 1: Mark live objects
[43.264s][info][gc,phases      ] GC(46) Phase 1: Mark live objects 1937.876ms
[43.264s][info][gc,phases,start] GC(46) Phase 2: Compute new object addresses
[43.849s][info][gc,phases      ] GC(46) Phase 2: Compute new object addresses 585.031ms
[43.849s][info][gc,phases,start] GC(46) Phase 3: Adjust pointers
[44.859s][info][gc,phases      ] GC(46) Phase 3: Adjust pointers 1009.391ms
[44.859s][info][gc,phases,start] GC(46) Phase 4: Move objects
[45.557s][info][gc,phases      ] GC(46) Phase 4: Move objects 698.147ms
[45.558s][info][gc,heap        ] GC(46) DefNew: 1320959K(1320960K)->1320957K(1320960K) Eden: 1174208K(1174208K)->1174208K(1174208K) From: 146751K(146752K)->146749K(146752K)
[45.558s][info][gc,heap        ] GC(46) Tenured: 2935487K(2935488K)->2935487K(2935488K)
[45.558s][info][gc,metaspace   ] GC(46) Metaspace: 6299K(6464K)->6299K(6464K) NonClass: 5765K(5824K)->5765K(5824K) Class: 533K(640K)->533K(640K)
[45.558s][info][gc             ] GC(46) Pause Full (Allocation Failure) 4156M->4156M(4156M) 4231.803ms
[45.558s][info][gc,cpu         ] GC(46) User=4.17s Sys=0.00s Real=4.23s
[45.558s][info][gc,heap,exit   ] Heap
[45.559s][info][gc,heap,exit   ]  def new generation   total 1320960K, used 1320958K [0x00000006f3400000, 0x000000074cd50000, 0x000000074cd50000)
[45.559s][info][gc,heap,exit   ]   eden space 1174208K, 100% used [0x00000006f3400000, 0x000000073aeb0000, 0x000000073aeb0000)
[45.559s][info][gc,heap,exit   ]   from space 146752K,  99% used [0x000000073aeb0000, 0x0000000743dff860, 0x0000000743e00000)
[45.559s][info][gc,heap,exit   ]   to   space 146752K,   0% used [0x0000000743e00000, 0x0000000743e00000, 0x000000074cd50000)
[45.559s][info][gc,heap,exit   ]  tenured generation   total 2935488K, used 2935487K [0x000000074cd50000, 0x0000000800000000, 0x0000000800000000)
[45.559s][info][gc,heap,exit   ]    the space 2935488K,  99% used [0x000000074cd50000, 0x00000007ffffffa0, 0x0000000800000000, 0x0000000800000000)
[45.559s][info][gc,heap,exit   ]  Metaspace       used 6302K, committed 6464K, reserved 1114112K
[45.559s][info][gc,heap,exit   ]   class space    used 534K, committed 640K, reserved 1048576K
