[0.011s][info][gc,init] CardTable entry size: 512
[0.011s][info][gc     ] Using Serial
[0.011s][info][gc,init] Version: 18.0.1+10 (release)
[0.011s][info][gc,init] CPUs: 8 total, 8 available
[0.011s][info][gc,init] Memory: 16063M
[0.012s][info][gc,init] Large Page Support: Disabled
[0.012s][info][gc,init] NUMA Support: Disabled
[0.012s][info][gc,init] Compressed Oops: Enabled (32-bit)
[0.012s][info][gc,init] Heap Min Capacity: 2M
[0.012s][info][gc,init] Heap Initial Capacity: 2M
[0.012s][info][gc,init] Heap Max Capacity: 1100M
[0.012s][info][gc,init] Pre-touch: Disabled
[0.012s][info][gc,metaspace] CDS archive(s) not mapped
[0.012s][info][gc,metaspace] Compressed class space mapped at: 0x0000000100000000-0x0000000140000000, reserved size: 1073741824
[0.012s][info][gc,metaspace] Narrow klass base: 0x0000000000000000, Narrow klass shift: 3, Narrow klass range: 0x140000000
[0.179s][info][gc,start    ] GC(0) Pause Young (Allocation Failure)
[0.181s][info][gc,heap     ] GC(0) DefNew: 1023K(1152K)->127K(1152K) Eden: 1023K(1024K)->0K(1024K) From: 0K(128K)->127K(128K)
[0.181s][info][gc,heap     ] GC(0) Tenured: 0K(768K)->439K(768K)
[0.181s][info][gc,metaspace] GC(0) Metaspace: 5898K(6016K)->5898K(6016K) NonClass: 5399K(5504K)->5399K(5504K) Class: 499K(512K)->499K(512K)
[0.181s][info][gc          ] GC(0) Pause Young (Allocation Failure) 0M->0M(1M) 1.723ms
[0.181s][info][gc,cpu      ] GC(0) User=0.00s Sys=0.00s Real=0.00s
[0.199s][info][gc,start    ] GC(1) Pause Young (Allocation Failure)
[0.201s][info][gc          ] GC(1) Pause Young (Allocation Failure) 1M->0M(2M) 1.492ms
[0.201s][info][gc,cpu      ] GC(1) User=0.00s Sys=0.00s Real=0.00s
[0.201s][info][gc,start    ] GC(2) Pause Full (Allocation Failure)
[0.201s][info][gc,phases,start] GC(2) Phase 1: Mark live objects
[0.202s][info][gc,phases      ] GC(2) Phase 1: Mark live objects 1.072ms
[0.202s][info][gc,phases,start] GC(2) Phase 2: Compute new object addresses
[0.202s][info][gc,phases      ] GC(2) Phase 2: Compute new object addresses 0.259ms
[0.202s][info][gc,phases,start] GC(2) Phase 3: Adjust pointers
[0.203s][info][gc,phases      ] GC(2) Phase 3: Adjust pointers 0.577ms
[0.203s][info][gc,phases,start] GC(2) Phase 4: Move objects
[0.203s][info][gc,phases      ] GC(2) Phase 4: Move objects 0.089ms
[0.203s][info][gc,heap        ] GC(2) DefNew: 1151K(1152K)->40K(1152K) Eden: 1024K(1024K)->40K(1024K) From: 127K(128K)->0K(128K)
[0.203s][info][gc,heap        ] GC(2) Tenured: 439K(768K)->959K(1600K)
[0.203s][info][gc,metaspace   ] GC(2) Metaspace: 6296K(6464K)->6296K(6464K) NonClass: 5763K(5824K)->5763K(5824K) Class: 533K(640K)->533K(640K)
[0.203s][info][gc             ] GC(2) Pause Full (Allocation Failure) 0M->0M(2M) 2.309ms
[0.203s][info][gc,cpu         ] GC(2) User=0.00s Sys=0.00s Real=0.00s
[0.205s][info][gc,start       ] GC(3) Pause Young (Allocation Failure)
[0.206s][info][gc,heap        ] GC(3) DefNew: 1024K(1152K)->128K(1152K) Eden: 1024K(1024K)->0K(1024K) From: 0K(128K)->128K(128K)
[0.206s][info][gc,heap        ] GC(3) Tenured: 959K(1600K)->1375K(1600K)
[0.206s][info][gc,metaspace   ] GC(3) Metaspace: 6296K(6464K)->6296K(6464K) NonClass: 5763K(5824K)->5763K(5824K) Class: 533K(640K)->533K(640K)
[0.206s][info][gc             ] GC(3) Pause Young (Allocation Failure) 1M->1M(2M) 1.579ms
[0.206s][info][gc,cpu         ] GC(3) User=0.00s Sys=0.00s Real=0.00s
[0.208s][info][gc,start       ] GC(4) Pause Young (Allocation Failure)
[0.209s][info][gc             ] GC(4) Pause Young (Allocation Failure) 2M->1M(3M) 1.227ms
[0.209s][info][gc,cpu         ] GC(4) User=0.00s Sys=0.00s Real=0.00s
[0.209s][info][gc,start       ] GC(5) Pause Full (Allocation Failure)
[0.209s][info][gc,phases,start] GC(5) Phase 1: Mark live objects
[0.210s][info][gc,phases      ] GC(5) Phase 1: Mark live objects 1.328ms
[0.210s][info][gc,phases,start] GC(5) Phase 2: Compute new object addresses
[0.211s][info][gc,phases      ] GC(5) Phase 2: Compute new object addresses 0.329ms
[0.211s][info][gc,phases,start] GC(5) Phase 3: Adjust pointers
[0.211s][info][gc,phases      ] GC(5) Phase 3: Adjust pointers 0.583ms
[0.211s][info][gc,phases,start] GC(5) Phase 4: Move objects
[0.211s][info][gc,phases      ] GC(5) Phase 4: Move objects 0.074ms
[0.211s][info][gc,heap        ] GC(5) DefNew: 1152K(1152K)->35K(1536K) Eden: 1024K(1024K)->35K(1408K) From: 128K(128K)->0K(128K)
[0.211s][info][gc,heap        ] GC(5) Tenured: 1375K(1600K)->1983K(3308K)
[0.211s][info][gc,metaspace   ] GC(5) Metaspace: 6296K(6464K)->6296K(6464K) NonClass: 5763K(5824K)->5763K(5824K) Class: 533K(640K)->533K(640K)
[0.212s][info][gc             ] GC(5) Pause Full (Allocation Failure) 1M->1M(4M) 2.630ms
[0.212s][info][gc,cpu         ] GC(5) User=0.00s Sys=0.00s Real=0.00s
[0.213s][info][gc,start       ] GC(6) Pause Young (Allocation Failure)
[0.215s][info][gc,heap        ] GC(6) DefNew: 1407K(1536K)->127K(1536K) Eden: 1407K(1408K)->0K(1408K) From: 0K(128K)->127K(128K)
[0.215s][info][gc,heap        ] GC(6) Tenured: 1983K(3308K)->2617K(3308K)
[0.215s][info][gc,metaspace   ] GC(6) Metaspace: 6296K(6464K)->6296K(6464K) NonClass: 5763K(5824K)->5763K(5824K) Class: 533K(640K)->533K(640K)
[0.215s][info][gc             ] GC(6) Pause Young (Allocation Failure) 3M->2M(4M) 1.767ms
[0.215s][info][gc,cpu         ] GC(6) User=0.00s Sys=0.00s Real=0.00s
[0.217s][info][gc,start       ] GC(7) Pause Young (Allocation Failure)
[0.218s][info][gc             ] GC(7) Pause Young (Allocation Failure) 4M->3M(4M) 1.619ms
[0.219s][info][gc,cpu         ] GC(7) User=0.00s Sys=0.00s Real=0.00s
[0.219s][info][gc,start       ] GC(8) Pause Full (Allocation Failure)
[0.219s][info][gc,phases,start] GC(8) Phase 1: Mark live objects
[0.221s][info][gc,phases      ] GC(8) Phase 1: Mark live objects 2.273ms
[0.221s][info][gc,phases,start] GC(8) Phase 2: Compute new object addresses
[0.222s][info][gc,phases      ] GC(8) Phase 2: Compute new object addresses 0.637ms
[0.222s][info][gc,phases,start] GC(8) Phase 3: Adjust pointers
[0.223s][info][gc,phases      ] GC(8) Phase 3: Adjust pointers 1.060ms
[0.223s][info][gc,phases,start] GC(8) Phase 4: Move objects
[0.223s][info][gc,phases      ] GC(8) Phase 4: Move objects 0.074ms
[0.223s][info][gc,heap        ] GC(8) DefNew: 1535K(1536K)->0K(2688K) Eden: 1408K(1408K)->0K(2432K) From: 127K(128K)->0K(256K)
[0.223s][info][gc,heap        ] GC(8) Tenured: 2617K(3308K)->3460K(5768K)
[0.223s][info][gc,metaspace   ] GC(8) Metaspace: 6296K(6464K)->6296K(6464K) NonClass: 5763K(5824K)->5763K(5824K) Class: 533K(640K)->533K(640K)
[0.223s][info][gc             ] GC(8) Pause Full (Allocation Failure) 3M->3M(8M) 4.326ms
[0.223s][info][gc,cpu         ] GC(8) User=0.00s Sys=0.00s Real=0.01s
[0.226s][info][gc,start       ] GC(9) Pause Young (Allocation Failure)
[0.228s][info][gc,heap        ] GC(9) DefNew: 2431K(2688K)->256K(2688K) Eden: 2431K(2432K)->0K(2432K) From: 0K(256K)->256K(256K)
[0.228s][info][gc,heap        ] GC(9) Tenured: 3460K(5768K)->4512K(5768K)
[0.228s][info][gc,metaspace   ] GC(9) Metaspace: 6296K(6464K)->6296K(6464K) NonClass: 5763K(5824K)->5763K(5824K) Class: 533K(640K)->533K(640K)
[0.229s][info][gc             ] GC(9) Pause Young (Allocation Failure) 5M->4M(8M) 2.551ms
[0.229s][info][gc,cpu         ] GC(9) User=0.00s Sys=0.00s Real=0.00s
[0.231s][info][gc,start       ] GC(10) Pause Young (Allocation Failure)
[0.233s][info][gc,heap        ] GC(10) DefNew: 2688K(2688K)->255K(2688K) Eden: 2432K(2432K)->0K(2432K) From: 256K(256K)->255K(256K)
[0.233s][info][gc,heap        ] GC(10) Tenured: 4512K(5768K)->5755K(5768K)
[0.234s][info][gc,metaspace   ] GC(10) Metaspace: 6296K(6464K)->6296K(6464K) NonClass: 5763K(5824K)->5763K(5824K) Class: 533K(640K)->533K(640K)
[0.234s][info][gc             ] GC(10) Pause Young (Allocation Failure) 7M->5M(8M) 2.534ms
[0.234s][info][gc,cpu         ] GC(10) User=0.00s Sys=0.00s Real=0.00s
[0.236s][info][gc,start       ] GC(11) Pause Young (Allocation Failure)
[0.239s][info][gc             ] GC(11) Pause Young (Allocation Failure) 8M->7M(9M) 2.900ms
[0.239s][info][gc,cpu         ] GC(11) User=0.00s Sys=0.00s Real=0.00s
[0.239s][info][gc,start       ] GC(12) Pause Full (Allocation Failure)
[0.239s][info][gc,phases,start] GC(12) Phase 1: Mark live objects
[0.243s][info][gc,phases      ] GC(12) Phase 1: Mark live objects 3.810ms
[0.243s][info][gc,phases,start] GC(12) Phase 2: Compute new object addresses
[0.244s][info][gc,phases      ] GC(12) Phase 2: Compute new object addresses 1.116ms
[0.244s][info][gc,phases,start] GC(12) Phase 3: Adjust pointers
[0.246s][info][gc,phases      ] GC(12) Phase 3: Adjust pointers 2.069ms
[0.247s][info][gc,phases,start] GC(12) Phase 4: Move objects
[0.248s][info][gc,phases      ] GC(12) Phase 4: Move objects 1.294ms
[0.248s][info][gc,heap        ] GC(12) DefNew: 2687K(2688K)->0K(5376K) Eden: 2432K(2432K)->0K(4800K) From: 255K(256K)->0K(576K)
[0.248s][info][gc,heap        ] GC(12) Tenured: 5755K(5768K)->7132K(11888K)
[0.248s][info][gc,metaspace   ] GC(12) Metaspace: 6296K(6464K)->6296K(6464K) NonClass: 5763K(5824K)->5763K(5824K) Class: 533K(640K)->533K(640K)
[0.248s][info][gc             ] GC(12) Pause Full (Allocation Failure) 7M->6M(16M) 8.888ms
[0.248s][info][gc,cpu         ] GC(12) User=0.00s Sys=0.00s Real=0.01s
[0.254s][info][gc,start       ] GC(13) Pause Young (Allocation Failure)
[0.259s][info][gc,heap        ] GC(13) DefNew: 4800K(5376K)->575K(5376K) Eden: 4800K(4800K)->0K(4800K) From: 0K(576K)->575K(576K)
[0.259s][info][gc,heap        ] GC(13) Tenured: 7132K(11888K)->9027K(11888K)
[0.259s][info][gc,metaspace   ] GC(13) Metaspace: 6296K(6464K)->6296K(6464K) NonClass: 5763K(5824K)->5763K(5824K) Class: 533K(640K)->533K(640K)
[0.259s][info][gc             ] GC(13) Pause Young (Allocation Failure) 11M->9M(16M) 5.058ms
[0.259s][info][gc,cpu         ] GC(13) User=0.00s Sys=0.00s Real=0.00s
[0.263s][info][gc,start       ] GC(14) Pause Young (Allocation Failure)
[0.269s][info][gc,heap        ] GC(14) DefNew: 5375K(5376K)->576K(5376K) Eden: 4800K(4800K)->0K(4800K) From: 575K(576K)->576K(576K)
[0.269s][info][gc,heap        ] GC(14) Tenured: 9027K(11888K)->11746K(11888K)
[0.269s][info][gc,metaspace   ] GC(14) Metaspace: 6296K(6464K)->6296K(6464K) NonClass: 5763K(5824K)->5763K(5824K) Class: 533K(640K)->533K(640K)
[0.269s][info][gc             ] GC(14) Pause Young (Allocation Failure) 14M->12M(16M) 6.133ms
[0.269s][info][gc,cpu         ] GC(14) User=0.02s Sys=0.00s Real=0.01s
[0.274s][info][gc,start       ] GC(15) Pause Young (Allocation Failure)
[0.279s][info][gc             ] GC(15) Pause Young (Allocation Failure) 16M->14M(19M) 5.268ms
[0.279s][info][gc,cpu         ] GC(15) User=0.00s Sys=0.00s Real=0.01s
[0.279s][info][gc,start       ] GC(16) Pause Full (Allocation Failure)
[0.279s][info][gc,phases,start] GC(16) Phase 1: Mark live objects
[0.286s][info][gc,phases      ] GC(16) Phase 1: Mark live objects 7.282ms
[0.287s][info][gc,phases,start] GC(16) Phase 2: Compute new object addresses
[0.289s][info][gc,phases      ] GC(16) Phase 2: Compute new object addresses 2.261ms
[0.289s][info][gc,phases,start] GC(16) Phase 3: Adjust pointers
[0.292s][info][gc,phases      ] GC(16) Phase 3: Adjust pointers 3.023ms
[0.292s][info][gc,phases,start] GC(16) Phase 4: Move objects
[0.292s][info][gc,phases      ] GC(16) Phase 4: Move objects 0.177ms
[0.292s][info][gc,heap        ] GC(16) DefNew: 5376K(5376K)->386K(10880K) Eden: 4800K(4800K)->386K(9728K) From: 576K(576K)->0K(1152K)
[0.292s][info][gc,heap        ] GC(16) Tenured: 11746K(11888K)->14383K(23976K)
[0.292s][info][gc,metaspace   ] GC(16) Metaspace: 6298K(6464K)->6298K(6464K) NonClass: 5765K(5824K)->5765K(5824K) Class: 533K(640K)->533K(640K)
[0.292s][info][gc             ] GC(16) Pause Full (Allocation Failure) 14M->14M(34M) 13.109ms
[0.292s][info][gc,cpu         ] GC(16) User=0.02s Sys=0.00s Real=0.01s
[0.302s][info][gc,start       ] GC(17) Pause Young (Allocation Failure)
[0.314s][info][gc,heap        ] GC(17) DefNew: 9728K(10880K)->1151K(10880K) Eden: 9728K(9728K)->0K(9728K) From: 0K(1152K)->1151K(1152K)
[0.314s][info][gc,heap        ] GC(17) Tenured: 14383K(23976K)->18415K(23976K)
[0.314s][info][gc,metaspace   ] GC(17) Metaspace: 6298K(6464K)->6298K(6464K) NonClass: 5765K(5824K)->5765K(5824K) Class: 533K(640K)->533K(640K)
[0.314s][info][gc             ] GC(17) Pause Young (Allocation Failure) 23M->19M(34M) 12.585ms
[0.314s][info][gc,cpu         ] GC(17) User=0.02s Sys=0.00s Real=0.01s
[0.322s][info][gc,start       ] GC(18) Pause Young (Allocation Failure)
[0.334s][info][gc,heap        ] GC(18) DefNew: 10879K(10880K)->1151K(10880K) Eden: 9728K(9728K)->0K(9728K) From: 1151K(1152K)->1151K(1152K)
[0.334s][info][gc,heap        ] GC(18) Tenured: 18415K(23976K)->23936K(23976K)
[0.334s][info][gc,metaspace   ] GC(18) Metaspace: 6298K(6464K)->6298K(6464K) NonClass: 5765K(5824K)->5765K(5824K) Class: 533K(640K)->533K(640K)
[0.334s][info][gc             ] GC(18) Pause Young (Allocation Failure) 28M->24M(34M) 12.393ms
[0.334s][info][gc,cpu         ] GC(18) User=0.00s Sys=0.00s Real=0.01s
[0.341s][info][gc,start       ] GC(19) Pause Young (Allocation Failure)
[0.351s][info][gc             ] GC(19) Pause Young (Allocation Failure) 34M->29M(38M) 10.815ms
[0.351s][info][gc,cpu         ] GC(19) User=0.00s Sys=0.00s Real=0.01s
[0.351s][info][gc,start       ] GC(20) Pause Full (Allocation Failure)
[0.351s][info][gc,phases,start] GC(20) Phase 1: Mark live objects
[0.365s][info][gc,phases      ] GC(20) Phase 1: Mark live objects 13.449ms
[0.365s][info][gc,phases,start] GC(20) Phase 2: Compute new object addresses
[0.369s][info][gc,phases      ] GC(20) Phase 2: Compute new object addresses 4.498ms
[0.370s][info][gc,phases,start] GC(20) Phase 3: Adjust pointers
[0.375s][info][gc,phases      ] GC(20) Phase 3: Adjust pointers 5.177ms
[0.375s][info][gc,phases,start] GC(20) Phase 4: Move objects
[0.375s][info][gc,phases      ] GC(20) Phase 4: Move objects 0.170ms
[0.375s][info][gc,heap        ] GC(20) DefNew: 10879K(10880K)->1080K(21888K) Eden: 9728K(9728K)->1080K(19520K) From: 1151K(1152K)->0K(2368K)
[0.375s][info][gc,heap        ] GC(20) Tenured: 23936K(23976K)->29035K(48396K)
[0.375s][info][gc,metaspace   ] GC(20) Metaspace: 6298K(6464K)->6298K(6464K) NonClass: 5765K(5824K)->5765K(5824K) Class: 533K(640K)->533K(640K)
[0.375s][info][gc             ] GC(20) Pause Full (Allocation Failure) 29M->29M(68M) 23.686ms
[0.375s][info][gc,cpu         ] GC(20) User=0.03s Sys=0.00s Real=0.02s
[0.391s][info][gc,start       ] GC(21) Pause Young (Allocation Failure)
[0.419s][info][gc,heap        ] GC(21) DefNew: 19520K(21888K)->2367K(21888K) Eden: 19520K(19520K)->0K(19520K) From: 0K(2368K)->2367K(2368K)
[0.419s][info][gc,heap        ] GC(21) Tenured: 29035K(48396K)->39358K(48396K)
[0.419s][info][gc,metaspace   ] GC(21) Metaspace: 6298K(6464K)->6298K(6464K) NonClass: 5765K(5824K)->5765K(5824K) Class: 533K(640K)->533K(640K)
[0.419s][info][gc             ] GC(21) Pause Young (Allocation Failure) 47M->40M(68M) 27.872ms
[0.419s][info][gc,cpu         ] GC(21) User=0.02s Sys=0.00s Real=0.03s
[0.436s][info][gc,start       ] GC(22) Pause Young (Allocation Failure)
[0.471s][info][gc             ] GC(22) Pause Young (Allocation Failure) 59M->59M(78M) 34.459ms
[0.471s][info][gc,cpu         ] GC(22) User=0.03s Sys=0.00s Real=0.04s
[0.471s][info][gc,start       ] GC(23) Pause Full (Allocation Failure)
[0.471s][info][gc,phases,start] GC(23) Phase 1: Mark live objects
[0.497s][info][gc,phases      ] GC(23) Phase 1: Mark live objects 25.899ms
[0.497s][info][gc,phases,start] GC(23) Phase 2: Compute new object addresses
[0.506s][info][gc,phases      ] GC(23) Phase 2: Compute new object addresses 9.134ms
[0.506s][info][gc,phases,start] GC(23) Phase 3: Adjust pointers
[0.517s][info][gc,phases      ] GC(23) Phase 3: Adjust pointers 10.412ms
[0.517s][info][gc,phases,start] GC(23) Phase 4: Move objects
[0.517s][info][gc,phases      ] GC(23) Phase 4: Move objects 0.361ms
[0.517s][info][gc,heap        ] GC(23) DefNew: 21887K(21888K)->2258K(44288K) Eden: 19520K(19520K)->2258K(39424K) From: 2367K(2368K)->0K(4864K)
[0.517s][info][gc,heap        ] GC(23) Tenured: 39358K(48396K)->58956K(98260K)
[0.517s][info][gc,metaspace   ] GC(23) Metaspace: 6298K(6464K)->6298K(6464K) NonClass: 5765K(5824K)->5765K(5824K) Class: 533K(640K)->533K(640K)
[0.517s][info][gc             ] GC(23) Pause Full (Allocation Failure) 59M->59M(139M) 46.461ms
[0.517s][info][gc,cpu         ] GC(23) User=0.03s Sys=0.00s Real=0.05s
[0.558s][info][gc,start       ] GC(24) Pause Young (Allocation Failure)
[0.617s][info][gc,heap        ] GC(24) DefNew: 39424K(44288K)->4864K(44288K) Eden: 39424K(39424K)->0K(39424K) From: 0K(4864K)->4864K(4864K)
[0.618s][info][gc,heap        ] GC(24) Tenured: 58956K(98260K)->93487K(98260K)
[0.618s][info][gc,metaspace   ] GC(24) Metaspace: 6298K(6464K)->6298K(6464K) NonClass: 5765K(5824K)->5765K(5824K) Class: 533K(640K)->533K(640K)
[0.618s][info][gc             ] GC(24) Pause Young (Allocation Failure) 96M->96M(139M) 59.693ms
[0.618s][info][gc,cpu         ] GC(24) User=0.03s Sys=0.02s Real=0.06s
[0.649s][info][gc,start       ] GC(25) Pause Young (Allocation Failure)
[0.717s][info][gc             ] GC(25) Pause Young (Allocation Failure) 134M->134M(173M) 67.647ms
[0.717s][info][gc,cpu         ] GC(25) User=0.05s Sys=0.02s Real=0.07s
[0.717s][info][gc,start       ] GC(26) Pause Full (Allocation Failure)
[0.717s][info][gc,phases,start] GC(26) Phase 1: Mark live objects
[0.770s][info][gc,phases      ] GC(26) Phase 1: Mark live objects 52.993ms
[0.770s][info][gc,phases,start] GC(26) Phase 2: Compute new object addresses
[0.791s][info][gc,phases      ] GC(26) Phase 2: Compute new object addresses 20.522ms
[0.791s][info][gc,phases,start] GC(26) Phase 3: Adjust pointers
[0.816s][info][gc,phases      ] GC(26) Phase 3: Adjust pointers 25.676ms
[0.816s][info][gc,phases,start] GC(26) Phase 4: Move objects
[0.841s][info][gc,phases      ] GC(26) Phase 4: Move objects 24.272ms
[0.841s][info][gc,heap        ] GC(26) DefNew: 44288K(44288K)->891K(99840K) Eden: 39424K(39424K)->891K(88768K) From: 4864K(4864K)->0K(11072K)
[0.841s][info][gc,heap        ] GC(26) Tenured: 93487K(98260K)->133011K(221688K)
[0.841s][info][gc,metaspace   ] GC(26) Metaspace: 6298K(6464K)->6298K(6464K) NonClass: 5765K(5824K)->5765K(5824K) Class: 533K(640K)->533K(640K)
[0.841s][info][gc             ] GC(26) Pause Full (Allocation Failure) 134M->130M(313M) 124.255ms
[0.841s][info][gc,cpu         ] GC(26) User=0.11s Sys=0.00s Real=0.12s
[0.930s][info][gc,start       ] GC(27) Pause Young (Allocation Failure)
[1.082s][info][gc,heap        ] GC(27) DefNew: 88768K(99840K)->11071K(99840K) Eden: 88768K(88768K)->0K(88768K) From: 0K(11072K)->11071K(11072K)
[1.082s][info][gc,heap        ] GC(27) Tenured: 133011K(221688K)->210681K(221688K)
[1.082s][info][gc,metaspace   ] GC(27) Metaspace: 6298K(6464K)->6298K(6464K) NonClass: 5765K(5824K)->5765K(5824K) Class: 533K(640K)->533K(640K)
[1.082s][info][gc             ] GC(27) Pause Young (Allocation Failure) 216M->216M(313M) 151.585ms
[1.082s][info][gc,cpu         ] GC(27) User=0.12s Sys=0.02s Real=0.15s
[1.160s][info][gc,start       ] GC(28) Pause Young (Allocation Failure)
[1.327s][info][gc             ] GC(28) Pause Young (Allocation Failure) 303M->303M(390M) 166.594ms
[1.327s][info][gc,cpu         ] GC(28) User=0.12s Sys=0.03s Real=0.17s
[1.327s][info][gc,start       ] GC(29) Pause Full (Allocation Failure)
[1.327s][info][gc,phases,start] GC(29) Phase 1: Mark live objects
[1.467s][info][gc,phases      ] GC(29) Phase 1: Mark live objects 140.003ms
[1.467s][info][gc,phases,start] GC(29) Phase 2: Compute new object addresses
[1.519s][info][gc,phases      ] GC(29) Phase 2: Compute new object addresses 52.120ms
[1.519s][info][gc,phases,start] GC(29) Phase 3: Adjust pointers
[1.580s][info][gc,phases      ] GC(29) Phase 3: Adjust pointers 61.443ms
[1.580s][info][gc,phases,start] GC(29) Phase 4: Move objects
[1.583s][info][gc,phases      ] GC(29) Phase 4: Move objects 2.528ms
[1.584s][info][gc,heap        ] GC(29) DefNew: 99839K(99840K)->10907K(224704K) Eden: 88768K(88768K)->10907K(199744K) From: 11071K(11072K)->0K(24960K)
[1.584s][info][gc,heap        ] GC(29) Tenured: 210681K(221688K)->299579K(499300K)
[1.584s][info][gc,metaspace   ] GC(29) Metaspace: 6298K(6464K)->6298K(6464K) NonClass: 5765K(5824K)->5765K(5824K) Class: 533K(640K)->533K(640K)
[1.584s][info][gc             ] GC(29) Pause Full (Allocation Failure) 303M->303M(707M) 257.341ms
[1.584s][info][gc,cpu         ] GC(29) User=0.22s Sys=0.00s Real=0.26s
[1.798s][info][gc,start       ] GC(30) Pause Young (Allocation Failure)
[2.164s][info][gc,heap        ] GC(30) DefNew: 199744K(224704K)->24959K(224704K) Eden: 199744K(199744K)->0K(199744K) From: 0K(24960K)->24959K(24960K)
[2.164s][info][gc,heap        ] GC(30) Tenured: 299579K(499300K)->474335K(499300K)
[2.164s][info][gc,metaspace   ] GC(30) Metaspace: 6298K(6464K)->6298K(6464K) NonClass: 5765K(5824K)->5765K(5824K) Class: 533K(640K)->533K(640K)
[2.164s][info][gc             ] GC(30) Pause Young (Allocation Failure) 487M->487M(707M) 365.639ms
[2.164s][info][gc,cpu         ] GC(30) User=0.25s Sys=0.06s Real=0.37s
[2.355s][info][gc,start       ] GC(31) Pause Young (Allocation Failure)
[2.747s][info][gc             ] GC(31) Pause Young (Allocation Failure) 682M->682M(877M) 391.923ms
[2.747s][info][gc,cpu         ] GC(31) User=0.28s Sys=0.05s Real=0.39s
[2.747s][info][gc,start       ] GC(32) Pause Full (Allocation Failure)
[2.747s][info][gc,phases,start] GC(32) Phase 1: Mark live objects
[3.078s][info][gc,phases      ] GC(32) Phase 1: Mark live objects 330.437ms
[3.078s][info][gc,phases,start] GC(32) Phase 2: Compute new object addresses
[3.193s][info][gc,phases      ] GC(32) Phase 2: Compute new object addresses 114.641ms
[3.193s][info][gc,phases,start] GC(32) Phase 3: Adjust pointers
[3.318s][info][gc,phases      ] GC(32) Phase 3: Adjust pointers 125.070ms
[3.318s][info][gc,phases,start] GC(32) Phase 4: Move objects
[3.324s][info][gc,phases      ] GC(32) Phase 4: Move objects 5.890ms
[3.324s][info][gc,heap        ] GC(32) DefNew: 224703K(224704K)->24794K(337920K) Eden: 199744K(199744K)->24794K(300416K) From: 24959K(24960K)->0K(37504K)
[3.324s][info][gc,heap        ] GC(32) Tenured: 474335K(499300K)->674211K(750976K)
[3.324s][info][gc,metaspace   ] GC(32) Metaspace: 6298K(6464K)->6298K(6464K) NonClass: 5765K(5824K)->5765K(5824K) Class: 533K(640K)->533K(640K)
[3.325s][info][gc             ] GC(32) Pause Full (Allocation Failure) 682M->682M(1063M) 577.118ms
[3.325s][info][gc,cpu         ] GC(32) User=0.56s Sys=0.00s Real=0.58s
[3.601s][info][gc,start       ] GC(33) Pause Young (Allocation Failure)
[3.602s][info][gc             ] GC(33) Pause Young (Allocation Failure) 951M->951M(1063M) 0.112ms
[3.602s][info][gc,cpu         ] GC(33) User=0.00s Sys=0.00s Real=0.00s
[3.602s][info][gc,start       ] GC(34) Pause Full (Allocation Failure)
[3.602s][info][gc,phases,start] GC(34) Phase 1: Mark live objects
[4.053s][info][gc,phases      ] GC(34) Phase 1: Mark live objects 451.757ms
[4.053s][info][gc,phases,start] GC(34) Phase 2: Compute new object addresses
[4.222s][info][gc,phases      ] GC(34) Phase 2: Compute new object addresses 168.484ms
[4.222s][info][gc,phases,start] GC(34) Phase 3: Adjust pointers
[4.435s][info][gc,phases      ] GC(34) Phase 3: Adjust pointers 212.692ms
[4.435s][info][gc,phases,start] GC(34) Phase 4: Move objects
[4.506s][info][gc,phases      ] GC(34) Phase 4: Move objects 71.545ms
[4.507s][info][gc,heap        ] GC(34) DefNew: 300416K(337920K)->251983K(337920K) Eden: 300416K(300416K)->251983K(300416K) From: 0K(37504K)->0K(37504K)
[4.507s][info][gc,heap        ] GC(34) Tenured: 674211K(750976K)->722619K(750976K)
[4.507s][info][gc,metaspace   ] GC(34) Metaspace: 6298K(6464K)->6298K(6464K) NonClass: 5765K(5824K)->5765K(5824K) Class: 533K(640K)->533K(640K)
[4.507s][info][gc             ] GC(34) Pause Full (Allocation Failure) 951M->951M(1063M) 905.084ms
[4.507s][info][gc,cpu         ] GC(34) User=0.83s Sys=0.00s Real=0.91s
[4.779s][info][gc,start       ] GC(35) Pause Full (Allocation Failure)
[4.779s][info][gc,phases,start] GC(35) Phase 1: Mark live objects
[5.276s][info][gc,phases      ] GC(35) Phase 1: Mark live objects 497.604ms
[5.276s][info][gc,phases,start] GC(35) Phase 2: Compute new object addresses
[5.434s][info][gc,phases      ] GC(35) Phase 2: Compute new object addresses 157.833ms
[5.434s][info][gc,phases,start] GC(35) Phase 3: Adjust pointers
[5.719s][info][gc,phases      ] GC(35) Phase 3: Adjust pointers 284.309ms
[5.719s][info][gc,phases,start] GC(35) Phase 4: Move objects
[5.847s][info][gc,phases      ] GC(35) Phase 4: Move objects 128.128ms
[5.847s][info][gc,heap        ] GC(35) DefNew: 337920K(337920K)->337914K(337920K) Eden: 300416K(300416K)->300415K(300416K) From: 37504K(37504K)->37498K(37504K)
[5.847s][info][gc,heap        ] GC(35) Tenured: 750975K(750976K)->722303K(750976K)
[5.847s][info][gc,metaspace   ] GC(35) Metaspace: 6298K(6464K)->6298K(6464K) NonClass: 5765K(5824K)->5765K(5824K) Class: 533K(640K)->533K(640K)
[5.847s][info][gc             ] GC(35) Pause Full (Allocation Failure) 1063M->1035M(1063M) 1068.607ms
[5.847s][info][gc,cpu         ] GC(35) User=0.97s Sys=0.00s Real=1.07s
[5.947s][info][gc,start       ] GC(36) Pause Full (Allocation Failure)
[5.947s][info][gc,phases,start] GC(36) Phase 1: Mark live objects
[6.447s][info][gc,phases      ] GC(36) Phase 1: Mark live objects 500.314ms
[6.447s][info][gc,phases,start] GC(36) Phase 2: Compute new object addresses
[6.602s][info][gc,phases      ] GC(36) Phase 2: Compute new object addresses 155.187ms
[6.602s][info][gc,phases,start] GC(36) Phase 3: Adjust pointers
[6.814s][info][gc,phases      ] GC(36) Phase 3: Adjust pointers 211.514ms
[6.814s][info][gc,phases,start] GC(36) Phase 4: Move objects
[6.814s][info][gc,phases      ] GC(36) Phase 4: Move objects 0.016ms
[6.814s][info][gc,heap        ] GC(36) DefNew: 337920K(337920K)->337920K(337920K) Eden: 300416K(300416K)->300416K(300416K) From: 37504K(37504K)->37504K(37504K)
[6.814s][info][gc,heap        ] GC(36) Tenured: 750975K(750976K)->750975K(750976K)
[6.814s][info][gc,metaspace   ] GC(36) Metaspace: 6298K(6464K)->6298K(6464K) NonClass: 5765K(5824K)->5765K(5824K) Class: 533K(640K)->533K(640K)
[6.814s][info][gc             ] GC(36) Pause Full (Allocation Failure) 1063M->1063M(1063M) 867.512ms
[6.814s][info][gc,cpu         ] GC(36) User=0.84s Sys=0.00s Real=0.87s
[6.814s][info][gc,start       ] GC(37) Pause Full (Allocation Failure)
[6.814s][info][gc,phases,start] GC(37) Phase 1: Mark live objects
[7.311s][info][gc,phases      ] GC(37) Phase 1: Mark live objects 496.368ms
[7.311s][info][gc,phases,start] GC(37) Phase 2: Compute new object addresses
[7.467s][info][gc,phases      ] GC(37) Phase 2: Compute new object addresses 156.331ms
[7.467s][info][gc,phases,start] GC(37) Phase 3: Adjust pointers
[7.715s][info][gc,phases      ] GC(37) Phase 3: Adjust pointers 247.925ms
[7.715s][info][gc,phases,start] GC(37) Phase 4: Move objects
[7.838s][info][gc,phases      ] GC(37) Phase 4: Move objects 123.495ms
[7.839s][info][gc,heap        ] GC(37) DefNew: 337920K(337920K)->337920K(337920K) Eden: 300416K(300416K)->300416K(300416K) From: 37504K(37504K)->37504K(37504K)
[7.839s][info][gc,heap        ] GC(37) Tenured: 750975K(750976K)->750971K(750976K)
[7.839s][info][gc,metaspace   ] GC(37) Metaspace: 6298K(6464K)->6296K(6464K) NonClass: 5765K(5824K)->5763K(5824K) Class: 533K(640K)->532K(640K)
[7.839s][info][gc             ] GC(37) Pause Full (Allocation Failure) 1063M->1063M(1063M) 1024.755ms
[7.839s][info][gc,cpu         ] GC(37) User=1.02s Sys=0.00s Real=1.03s
[7.839s][info][gc,start       ] GC(38) Pause Full (Allocation Failure)
[7.839s][info][gc,phases,start] GC(38) Phase 1: Mark live objects
[8.336s][info][gc,phases      ] GC(38) Phase 1: Mark live objects 496.301ms
[8.336s][info][gc,phases,start] GC(38) Phase 2: Compute new object addresses
[8.490s][info][gc,phases      ] GC(38) Phase 2: Compute new object addresses 154.859ms
[8.491s][info][gc,phases,start] GC(38) Phase 3: Adjust pointers
[8.698s][info][gc,phases      ] GC(38) Phase 3: Adjust pointers 207.547ms
[8.698s][info][gc,phases,start] GC(38) Phase 4: Move objects
[8.698s][info][gc,phases      ] GC(38) Phase 4: Move objects 0.016ms
[8.698s][info][gc,heap        ] GC(38) DefNew: 337920K(337920K)->337920K(337920K) Eden: 300416K(300416K)->300416K(300416K) From: 37504K(37504K)->37504K(37504K)
[8.698s][info][gc,heap        ] GC(38) Tenured: 750975K(750976K)->750975K(750976K)
[8.698s][info][gc,metaspace   ] GC(38) Metaspace: 6296K(6464K)->6296K(6464K) NonClass: 5763K(5824K)->5763K(5824K) Class: 532K(640K)->532K(640K)
[8.698s][info][gc             ] GC(38) Pause Full (Allocation Failure) 1063M->1063M(1063M) 859.217ms
[8.698s][info][gc,cpu         ] GC(38) User=0.86s Sys=0.00s Real=0.86s
[8.698s][info][gc,start       ] GC(39) Pause Full (Allocation Failure)
[8.698s][info][gc,phases,start] GC(39) Phase 1: Mark live objects
[9.197s][info][gc,phases      ] GC(39) Phase 1: Mark live objects 498.805ms
[9.197s][info][gc,phases,start] GC(39) Phase 2: Compute new object addresses
[9.353s][info][gc,phases      ] GC(39) Phase 2: Compute new object addresses 155.561ms
[9.353s][info][gc,phases,start] GC(39) Phase 3: Adjust pointers
[9.560s][info][gc,phases      ] GC(39) Phase 3: Adjust pointers 207.096ms
[9.560s][info][gc,phases,start] GC(39) Phase 4: Move objects
[9.560s][info][gc,phases      ] GC(39) Phase 4: Move objects 0.016ms
[9.560s][info][gc,heap        ] GC(39) DefNew: 337920K(337920K)->337920K(337920K) Eden: 300416K(300416K)->300416K(300416K) From: 37504K(37504K)->37504K(37504K)
[9.560s][info][gc,heap        ] GC(39) Tenured: 750975K(750976K)->750975K(750976K)
[9.560s][info][gc,metaspace   ] GC(39) Metaspace: 6296K(6464K)->6296K(6464K) NonClass: 5763K(5824K)->5763K(5824K) Class: 532K(640K)->532K(640K)
[9.560s][info][gc             ] GC(39) Pause Full (Allocation Failure) 1063M->1063M(1063M) 861.880ms
[9.560s][info][gc,cpu         ] GC(39) User=0.84s Sys=0.00s Real=0.86s
[9.561s][info][gc,start       ] GC(40) Pause Full (Allocation Failure)
[9.561s][info][gc,phases,start] GC(40) Phase 1: Mark live objects
[10.068s][info][gc,phases      ] GC(40) Phase 1: Mark live objects 507.789ms
[10.068s][info][gc,phases,start] GC(40) Phase 2: Compute new object addresses
[10.222s][info][gc,phases      ] GC(40) Phase 2: Compute new object addresses 153.615ms
[10.222s][info][gc,phases,start] GC(40) Phase 3: Adjust pointers
[10.428s][info][gc,phases      ] GC(40) Phase 3: Adjust pointers 206.111ms
[10.428s][info][gc,phases,start] GC(40) Phase 4: Move objects
[10.428s][info][gc,phases      ] GC(40) Phase 4: Move objects 0.016ms
[10.428s][info][gc,heap        ] GC(40) DefNew: 337920K(337920K)->337920K(337920K) Eden: 300416K(300416K)->300416K(300416K) From: 37504K(37504K)->37504K(37504K)
[10.428s][info][gc,heap        ] GC(40) Tenured: 750976K(750976K)->750976K(750976K)
[10.429s][info][gc,metaspace   ] GC(40) Metaspace: 6296K(6464K)->6296K(6464K) NonClass: 5763K(5824K)->5763K(5824K) Class: 532K(640K)->532K(640K)
[10.429s][info][gc             ] GC(40) Pause Full (Allocation Failure) 1063M->1063M(1063M) 867.955ms
[10.429s][info][gc,cpu         ] GC(40) User=0.86s Sys=0.00s Real=0.87s
[10.429s][info][gc,start       ] GC(41) Pause Full (Allocation Failure)
[10.429s][info][gc,phases,start] GC(41) Phase 1: Mark live objects
[10.925s][info][gc,phases      ] GC(41) Phase 1: Mark live objects 496.416ms
[10.925s][info][gc,phases,start] GC(41) Phase 2: Compute new object addresses
[11.082s][info][gc,phases      ] GC(41) Phase 2: Compute new object addresses 156.696ms
[11.082s][info][gc,phases,start] GC(41) Phase 3: Adjust pointers
[11.324s][info][gc,phases      ] GC(41) Phase 3: Adjust pointers 242.570ms
[11.324s][info][gc,phases,start] GC(41) Phase 4: Move objects
[11.445s][info][gc,phases      ] GC(41) Phase 4: Move objects 120.837ms
[11.446s][info][gc,heap        ] GC(41) DefNew: 337920K(337920K)->337920K(337920K) Eden: 300416K(300416K)->300416K(300416K) From: 37504K(37504K)->37504K(37504K)
[11.446s][info][gc,heap        ] GC(41) Tenured: 750976K(750976K)->750974K(750976K)
[11.446s][info][gc,metaspace   ] GC(41) Metaspace: 6296K(6464K)->6296K(6464K) NonClass: 5763K(5824K)->5763K(5824K) Class: 532K(640K)->532K(640K)
[11.446s][info][gc             ] GC(41) Pause Full (Allocation Failure) 1063M->1063M(1063M) 1017.138ms
[11.446s][info][gc,cpu         ] GC(41) User=1.02s Sys=0.00s Real=1.02s
[11.447s][info][gc,start       ] GC(42) Pause Full (Allocation Failure)
[11.447s][info][gc,phases,start] GC(42) Phase 1: Mark live objects
[11.951s][info][gc,phases      ] GC(42) Phase 1: Mark live objects 503.959ms
[11.951s][info][gc,phases,start] GC(42) Phase 2: Compute new object addresses
[12.105s][info][gc,phases      ] GC(42) Phase 2: Compute new object addresses 153.908ms
[12.105s][info][gc,phases,start] GC(42) Phase 3: Adjust pointers
[12.317s][info][gc,phases      ] GC(42) Phase 3: Adjust pointers 211.830ms
[12.317s][info][gc,phases,start] GC(42) Phase 4: Move objects
[12.317s][info][gc,phases      ] GC(42) Phase 4: Move objects 0.016ms
[12.317s][info][gc,heap        ] GC(42) DefNew: 337920K(337920K)->337920K(337920K) Eden: 300416K(300416K)->300416K(300416K) From: 37504K(37504K)->37504K(37504K)
[12.317s][info][gc,heap        ] GC(42) Tenured: 750975K(750976K)->750975K(750976K)
[12.317s][info][gc,metaspace   ] GC(42) Metaspace: 6298K(6464K)->6298K(6464K) NonClass: 5764K(5824K)->5764K(5824K) Class: 533K(640K)->533K(640K)
[12.317s][info][gc             ] GC(42) Pause Full (Allocation Failure) 1063M->1063M(1063M) 870.195ms
[12.317s][info][gc,cpu         ] GC(42) User=0.84s Sys=0.00s Real=0.87s
[12.317s][info][gc,start       ] GC(43) Pause Full (Allocation Failure)
[12.317s][info][gc,phases,start] GC(43) Phase 1: Mark live objects
[12.810s][info][gc,phases      ] GC(43) Phase 1: Mark live objects 493.202ms
[12.810s][info][gc,phases,start] GC(43) Phase 2: Compute new object addresses
[12.966s][info][gc,phases      ] GC(43) Phase 2: Compute new object addresses 156.001ms
[12.966s][info][gc,phases,start] GC(43) Phase 3: Adjust pointers
[13.209s][info][gc,phases      ] GC(43) Phase 3: Adjust pointers 242.342ms
[13.209s][info][gc,phases,start] GC(43) Phase 4: Move objects
[13.331s][info][gc,phases      ] GC(43) Phase 4: Move objects 122.421ms
[13.332s][info][gc,heap        ] GC(43) DefNew: 337920K(337920K)->337920K(337920K) Eden: 300416K(300416K)->300416K(300416K) From: 37504K(37504K)->37504K(37504K)
[13.332s][info][gc,heap        ] GC(43) Tenured: 750975K(750976K)->750973K(750976K)
[13.332s][info][gc,metaspace   ] GC(43) Metaspace: 6298K(6464K)->6298K(6464K) NonClass: 5764K(5824K)->5764K(5824K) Class: 533K(640K)->533K(640K)
[13.332s][info][gc             ] GC(43) Pause Full (Allocation Failure) 1063M->1063M(1063M) 1014.669ms
[13.332s][info][gc,cpu         ] GC(43) User=1.02s Sys=0.00s Real=1.01s
[13.332s][info][gc,heap,exit   ] Heap
[13.332s][info][gc,heap,exit   ]  def new generation   total 337920K, used 337920K [0x00000000bb400000, 0x00000000d22a0000, 0x00000000d22a0000)
[13.332s][info][gc,heap,exit   ]   eden space 300416K, 100% used [0x00000000bb400000, 0x00000000cd960000, 0x00000000cd960000)
[13.332s][info][gc,heap,exit   ]   from space 37504K, 100% used [0x00000000cd960000, 0x00000000cfe00000, 0x00000000cfe00000)
[13.332s][info][gc,heap,exit   ]   to   space 37504K,   0% used [0x00000000cfe00000, 0x00000000cfe00000, 0x00000000d22a0000)
[13.332s][info][gc,heap,exit   ]  tenured generation   total 750976K, used 750973K [0x00000000d22a0000, 0x0000000100000000, 0x0000000100000000)
[13.332s][info][gc,heap,exit   ]    the space 750976K,  99% used [0x00000000d22a0000, 0x00000000fffff798, 0x00000000fffff800, 0x0000000100000000)
[13.332s][info][gc,heap,exit   ]  Metaspace       used 6301K, committed 6464K, reserved 1114112K
[13.332s][info][gc,heap,exit   ]   class space    used 534K, committed 640K, reserved 1048576K
