[0.010s][info][gc,init] CardTable entry size: 512
[0.011s][info][gc     ] Using Serial
[0.011s][info][gc,init] Version: 18.0.1+10 (release)
[0.011s][info][gc,init] CPUs: 8 total, 8 available
[0.011s][info][gc,init] Memory: 16063M
[0.011s][info][gc,init] Large Page Support: Disabled
[0.011s][info][gc,init] NUMA Support: Disabled
[0.011s][info][gc,init] Compressed Oops: Enabled (Zero based)
[0.011s][info][gc,init] Heap Min Capacity: 2M
[0.011s][info][gc,init] Heap Initial Capacity: 2M
[0.011s][info][gc,init] Heap Max Capacity: 3900M
[0.011s][info][gc,init] Pre-touch: Disabled
[0.011s][info][gc,metaspace] CDS archive(s) not mapped
[0.011s][info][gc,metaspace] Compressed class space mapped at: 0x0000000800000000-0x0000000840000000, reserved size: 1073741824
[0.011s][info][gc,metaspace] Narrow klass base: 0x0000000800000000, Narrow klass shift: 0, Narrow klass range: 0x40000000
[0.172s][info][gc,start    ] GC(0) Pause Young (Allocation Failure)
[0.174s][info][gc,heap     ] GC(0) DefNew: 1023K(1152K)->127K(1152K) Eden: 1023K(1024K)->0K(1024K) From: 0K(128K)->127K(128K)
[0.174s][info][gc,heap     ] GC(0) Tenured: 0K(768K)->440K(768K)
[0.174s][info][gc,metaspace] GC(0) Metaspace: 5901K(6016K)->5901K(6016K) NonClass: 5402K(5504K)->5402K(5504K) Class: 499K(512K)->499K(512K)
[0.174s][info][gc          ] GC(0) Pause Young (Allocation Failure) 0M->0M(1M) 1.715ms
[0.174s][info][gc,cpu      ] GC(0) User=0.00s Sys=0.00s Real=0.00s
[0.193s][info][gc,start    ] GC(1) Pause Young (Allocation Failure)
[0.194s][info][gc          ] GC(1) Pause Young (Allocation Failure) 1M->0M(2M) 1.248ms
[0.194s][info][gc,cpu      ] GC(1) User=0.00s Sys=0.00s Real=0.00s
[0.194s][info][gc,start    ] GC(2) Pause Full (Allocation Failure)
[0.194s][info][gc,phases,start] GC(2) Phase 1: Mark live objects
[0.195s][info][gc,phases      ] GC(2) Phase 1: Mark live objects 1.042ms
[0.196s][info][gc,phases,start] GC(2) Phase 2: Compute new object addresses
[0.196s][info][gc,phases      ] GC(2) Phase 2: Compute new object addresses 0.272ms
[0.196s][info][gc,phases,start] GC(2) Phase 3: Adjust pointers
[0.196s][info][gc,phases      ] GC(2) Phase 3: Adjust pointers 0.621ms
[0.197s][info][gc,phases,start] GC(2) Phase 4: Move objects
[0.197s][info][gc,phases      ] GC(2) Phase 4: Move objects 0.073ms
[0.197s][info][gc,heap        ] GC(2) DefNew: 1151K(1152K)->40K(1152K) Eden: 1024K(1024K)->40K(1024K) From: 127K(128K)->0K(128K)
[0.197s][info][gc,heap        ] GC(2) Tenured: 440K(768K)->959K(1600K)
[0.197s][info][gc,metaspace   ] GC(2) Metaspace: 6299K(6464K)->6299K(6464K) NonClass: 5766K(5824K)->5766K(5824K) Class: 533K(640K)->533K(640K)
[0.197s][info][gc             ] GC(2) Pause Full (Allocation Failure) 0M->0M(2M) 2.404ms
[0.197s][info][gc,cpu         ] GC(2) User=0.00s Sys=0.00s Real=0.00s
[0.198s][info][gc,start       ] GC(3) Pause Young (Allocation Failure)
[0.199s][info][gc,heap        ] GC(3) DefNew: 1024K(1152K)->128K(1152K) Eden: 1024K(1024K)->0K(1024K) From: 0K(128K)->128K(128K)
[0.199s][info][gc,heap        ] GC(3) Tenured: 959K(1600K)->1374K(1600K)
[0.199s][info][gc,metaspace   ] GC(3) Metaspace: 6299K(6464K)->6299K(6464K) NonClass: 5766K(5824K)->5766K(5824K) Class: 533K(640K)->533K(640K)
[0.199s][info][gc             ] GC(3) Pause Young (Allocation Failure) 1M->1M(2M) 1.330ms
[0.199s][info][gc,cpu         ] GC(3) User=0.00s Sys=0.00s Real=0.00s
[0.201s][info][gc,start       ] GC(4) Pause Young (Allocation Failure)
[0.202s][info][gc             ] GC(4) Pause Young (Allocation Failure) 2M->1M(3M) 1.085ms
[0.202s][info][gc,cpu         ] GC(4) User=0.00s Sys=0.00s Real=0.00s
[0.202s][info][gc,start       ] GC(5) Pause Full (Allocation Failure)
[0.202s][info][gc,phases,start] GC(5) Phase 1: Mark live objects
[0.203s][info][gc,phases      ] GC(5) Phase 1: Mark live objects 1.617ms
[0.203s][info][gc,phases,start] GC(5) Phase 2: Compute new object addresses
[0.204s][info][gc,phases      ] GC(5) Phase 2: Compute new object addresses 0.380ms
[0.204s][info][gc,phases,start] GC(5) Phase 3: Adjust pointers
[0.205s][info][gc,phases      ] GC(5) Phase 3: Adjust pointers 0.765ms
[0.205s][info][gc,phases,start] GC(5) Phase 4: Move objects
[0.205s][info][gc,phases      ] GC(5) Phase 4: Move objects 0.071ms
[0.205s][info][gc,heap        ] GC(5) DefNew: 1152K(1152K)->34K(1536K) Eden: 1024K(1024K)->34K(1408K) From: 128K(128K)->0K(128K)
[0.205s][info][gc,heap        ] GC(5) Tenured: 1374K(1600K)->1984K(3308K)
[0.205s][info][gc,metaspace   ] GC(5) Metaspace: 6299K(6464K)->6299K(6464K) NonClass: 5766K(5824K)->5766K(5824K) Class: 533K(640K)->533K(640K)
[0.205s][info][gc             ] GC(5) Pause Full (Allocation Failure) 1M->1M(4M) 3.177ms
[0.205s][info][gc,cpu         ] GC(5) User=0.00s Sys=0.00s Real=0.00s
[0.206s][info][gc,start       ] GC(6) Pause Young (Allocation Failure)
[0.208s][info][gc,heap        ] GC(6) DefNew: 1408K(1536K)->127K(1536K) Eden: 1408K(1408K)->0K(1408K) From: 0K(128K)->127K(128K)
[0.208s][info][gc,heap        ] GC(6) Tenured: 1984K(3308K)->2617K(3308K)
[0.208s][info][gc,metaspace   ] GC(6) Metaspace: 6299K(6464K)->6299K(6464K) NonClass: 5766K(5824K)->5766K(5824K) Class: 533K(640K)->533K(640K)
[0.208s][info][gc             ] GC(6) Pause Young (Allocation Failure) 3M->2M(4M) 1.842ms
[0.208s][info][gc,cpu         ] GC(6) User=0.00s Sys=0.00s Real=0.00s
[0.210s][info][gc,start       ] GC(7) Pause Young (Allocation Failure)
[0.213s][info][gc             ] GC(7) Pause Young (Allocation Failure) 4M->3M(4M) 2.419ms
[0.213s][info][gc,cpu         ] GC(7) User=0.00s Sys=0.00s Real=0.00s
[0.213s][info][gc,start       ] GC(8) Pause Full (Allocation Failure)
[0.213s][info][gc,phases,start] GC(8) Phase 1: Mark live objects
[0.215s][info][gc,phases      ] GC(8) Phase 1: Mark live objects 2.295ms
[0.215s][info][gc,phases,start] GC(8) Phase 2: Compute new object addresses
[0.216s][info][gc,phases      ] GC(8) Phase 2: Compute new object addresses 0.605ms
[0.216s][info][gc,phases,start] GC(8) Phase 3: Adjust pointers
[0.217s][info][gc,phases      ] GC(8) Phase 3: Adjust pointers 1.014ms
[0.217s][info][gc,phases,start] GC(8) Phase 4: Move objects
[0.217s][info][gc,phases      ] GC(8) Phase 4: Move objects 0.072ms
[0.217s][info][gc,heap        ] GC(8) DefNew: 1535K(1536K)->0K(2688K) Eden: 1408K(1408K)->0K(2432K) From: 127K(128K)->0K(256K)
[0.217s][info][gc,heap        ] GC(8) Tenured: 2617K(3308K)->3459K(5768K)
[0.217s][info][gc,metaspace   ] GC(8) Metaspace: 6299K(6464K)->6299K(6464K) NonClass: 5766K(5824K)->5766K(5824K) Class: 533K(640K)->533K(640K)
[0.217s][info][gc             ] GC(8) Pause Full (Allocation Failure) 3M->3M(8M) 4.328ms
[0.217s][info][gc,cpu         ] GC(8) User=0.00s Sys=0.00s Real=0.00s
[0.221s][info][gc,start       ] GC(9) Pause Young (Allocation Failure)
[0.224s][info][gc,heap        ] GC(9) DefNew: 2432K(2688K)->256K(2688K) Eden: 2432K(2432K)->0K(2432K) From: 0K(256K)->256K(256K)
[0.224s][info][gc,heap        ] GC(9) Tenured: 3459K(5768K)->4512K(5768K)
[0.224s][info][gc,metaspace   ] GC(9) Metaspace: 6299K(6464K)->6299K(6464K) NonClass: 5766K(5824K)->5766K(5824K) Class: 533K(640K)->533K(640K)
[0.224s][info][gc             ] GC(9) Pause Young (Allocation Failure) 5M->4M(8M) 2.772ms
[0.224s][info][gc,cpu         ] GC(9) User=0.00s Sys=0.00s Real=0.00s
[0.227s][info][gc,start       ] GC(10) Pause Young (Allocation Failure)
[0.231s][info][gc,heap        ] GC(10) DefNew: 2688K(2688K)->255K(2688K) Eden: 2432K(2432K)->0K(2432K) From: 256K(256K)->255K(256K)
[0.231s][info][gc,heap        ] GC(10) Tenured: 4512K(5768K)->5755K(5768K)
[0.231s][info][gc,metaspace   ] GC(10) Metaspace: 6299K(6464K)->6299K(6464K) NonClass: 5766K(5824K)->5766K(5824K) Class: 533K(640K)->533K(640K)
[0.231s][info][gc             ] GC(10) Pause Young (Allocation Failure) 7M->5M(8M) 3.234ms
[0.231s][info][gc,cpu         ] GC(10) User=0.00s Sys=0.00s Real=0.00s
[0.234s][info][gc,start       ] GC(11) Pause Young (Allocation Failure)
[0.239s][info][gc             ] GC(11) Pause Young (Allocation Failure) 8M->7M(9M) 4.364ms
[0.239s][info][gc,cpu         ] GC(11) User=0.00s Sys=0.00s Real=0.00s
[0.239s][info][gc,start       ] GC(12) Pause Full (Allocation Failure)
[0.239s][info][gc,phases,start] GC(12) Phase 1: Mark live objects
[0.243s][info][gc,phases      ] GC(12) Phase 1: Mark live objects 4.141ms
[0.243s][info][gc,phases,start] GC(12) Phase 2: Compute new object addresses
[0.244s][info][gc,phases      ] GC(12) Phase 2: Compute new object addresses 1.146ms
[0.244s][info][gc,phases,start] GC(12) Phase 3: Adjust pointers
[0.247s][info][gc,phases      ] GC(12) Phase 3: Adjust pointers 2.219ms
[0.247s][info][gc,phases,start] GC(12) Phase 4: Move objects
[0.248s][info][gc,phases      ] GC(12) Phase 4: Move objects 1.347ms
[0.248s][info][gc,heap        ] GC(12) DefNew: 2687K(2688K)->0K(5376K) Eden: 2432K(2432K)->0K(4800K) From: 255K(256K)->0K(576K)
[0.248s][info][gc,heap        ] GC(12) Tenured: 5755K(5768K)->7132K(11888K)
[0.248s][info][gc,metaspace   ] GC(12) Metaspace: 6299K(6464K)->6299K(6464K) NonClass: 5766K(5824K)->5766K(5824K) Class: 533K(640K)->533K(640K)
[0.248s][info][gc             ] GC(12) Pause Full (Allocation Failure) 7M->6M(16M) 9.455ms
[0.248s][info][gc,cpu         ] GC(12) User=0.00s Sys=0.00s Real=0.01s
[0.253s][info][gc,start       ] GC(13) Pause Young (Allocation Failure)
[0.258s][info][gc,heap        ] GC(13) DefNew: 4800K(5376K)->576K(5376K) Eden: 4800K(4800K)->0K(4800K) From: 0K(576K)->576K(576K)
[0.258s][info][gc,heap        ] GC(13) Tenured: 7132K(11888K)->9027K(11888K)
[0.258s][info][gc,metaspace   ] GC(13) Metaspace: 6299K(6464K)->6299K(6464K) NonClass: 5766K(5824K)->5766K(5824K) Class: 533K(640K)->533K(640K)
[0.258s][info][gc             ] GC(13) Pause Young (Allocation Failure) 11M->9M(16M) 5.079ms
[0.258s][info][gc,cpu         ] GC(13) User=0.00s Sys=0.00s Real=0.01s
[0.263s][info][gc,start       ] GC(14) Pause Young (Allocation Failure)
[0.270s][info][gc,heap        ] GC(14) DefNew: 5376K(5376K)->576K(5376K) Eden: 4800K(4800K)->0K(4800K) From: 576K(576K)->576K(576K)
[0.270s][info][gc,heap        ] GC(14) Tenured: 9027K(11888K)->11746K(11888K)
[0.270s][info][gc,metaspace   ] GC(14) Metaspace: 6299K(6464K)->6299K(6464K) NonClass: 5766K(5824K)->5766K(5824K) Class: 533K(640K)->533K(640K)
[0.270s][info][gc             ] GC(14) Pause Young (Allocation Failure) 14M->12M(16M) 6.522ms
[0.270s][info][gc,cpu         ] GC(14) User=0.00s Sys=0.00s Real=0.01s
[0.274s][info][gc,start       ] GC(15) Pause Young (Allocation Failure)
[0.280s][info][gc             ] GC(15) Pause Young (Allocation Failure) 16M->14M(19M) 5.984ms
[0.280s][info][gc,cpu         ] GC(15) User=0.00s Sys=0.00s Real=0.01s
[0.280s][info][gc,start       ] GC(16) Pause Full (Allocation Failure)
[0.280s][info][gc,phases,start] GC(16) Phase 1: Mark live objects
[0.288s][info][gc,phases      ] GC(16) Phase 1: Mark live objects 8.402ms
[0.288s][info][gc,phases,start] GC(16) Phase 2: Compute new object addresses
[0.291s][info][gc,phases      ] GC(16) Phase 2: Compute new object addresses 2.402ms
[0.291s][info][gc,phases,start] GC(16) Phase 3: Adjust pointers
[0.294s][info][gc,phases      ] GC(16) Phase 3: Adjust pointers 3.253ms
[0.294s][info][gc,phases,start] GC(16) Phase 4: Move objects
[0.294s][info][gc,phases      ] GC(16) Phase 4: Move objects 0.198ms
[0.294s][info][gc,heap        ] GC(16) DefNew: 5376K(5376K)->408K(10880K) Eden: 4800K(4800K)->408K(9728K) From: 576K(576K)->0K(1152K)
[0.294s][info][gc,heap        ] GC(16) Tenured: 11746K(11888K)->14384K(23976K)
[0.294s][info][gc,metaspace   ] GC(16) Metaspace: 6301K(6464K)->6301K(6464K) NonClass: 5768K(5824K)->5768K(5824K) Class: 533K(640K)->533K(640K)
[0.294s][info][gc             ] GC(16) Pause Full (Allocation Failure) 14M->14M(34M) 14.635ms
[0.294s][info][gc,cpu         ] GC(16) User=0.02s Sys=0.00s Real=0.02s
[0.302s][info][gc,start       ] GC(17) Pause Young (Allocation Failure)
[0.314s][info][gc,heap        ] GC(17) DefNew: 9728K(10880K)->1152K(10880K) Eden: 9728K(9728K)->0K(9728K) From: 0K(1152K)->1152K(1152K)
[0.314s][info][gc,heap        ] GC(17) Tenured: 14384K(23976K)->18406K(23976K)
[0.314s][info][gc,metaspace   ] GC(17) Metaspace: 6301K(6464K)->6301K(6464K) NonClass: 5768K(5824K)->5768K(5824K) Class: 533K(640K)->533K(640K)
[0.314s][info][gc             ] GC(17) Pause Young (Allocation Failure) 23M->19M(34M) 12.786ms
[0.314s][info][gc,cpu         ] GC(17) User=0.00s Sys=0.00s Real=0.01s
[0.322s][info][gc,start       ] GC(18) Pause Young (Allocation Failure)
[0.333s][info][gc,heap        ] GC(18) DefNew: 10880K(10880K)->1152K(10880K) Eden: 9728K(9728K)->0K(9728K) From: 1152K(1152K)->1152K(1152K)
[0.333s][info][gc,heap        ] GC(18) Tenured: 18406K(23976K)->23928K(23976K)
[0.333s][info][gc,metaspace   ] GC(18) Metaspace: 6301K(6464K)->6301K(6464K) NonClass: 5768K(5824K)->5768K(5824K) Class: 533K(640K)->533K(640K)
[0.333s][info][gc             ] GC(18) Pause Young (Allocation Failure) 28M->24M(34M) 11.375ms
[0.333s][info][gc,cpu         ] GC(18) User=0.00s Sys=0.00s Real=0.01s
[0.339s][info][gc,start       ] GC(19) Pause Young (Allocation Failure)
[0.351s][info][gc             ] GC(19) Pause Young (Allocation Failure) 33M->29M(38M) 12.060ms
[0.351s][info][gc,cpu         ] GC(19) User=0.02s Sys=0.00s Real=0.01s
[0.351s][info][gc,start       ] GC(20) Pause Full (Allocation Failure)
[0.351s][info][gc,phases,start] GC(20) Phase 1: Mark live objects
[0.366s][info][gc,phases      ] GC(20) Phase 1: Mark live objects 14.867ms
[0.366s][info][gc,phases,start] GC(20) Phase 2: Compute new object addresses
[0.371s][info][gc,phases      ] GC(20) Phase 2: Compute new object addresses 4.968ms
[0.371s][info][gc,phases,start] GC(20) Phase 3: Adjust pointers
[0.377s][info][gc,phases      ] GC(20) Phase 3: Adjust pointers 5.918ms
[0.377s][info][gc,phases,start] GC(20) Phase 4: Move objects
[0.378s][info][gc,phases      ] GC(20) Phase 4: Move objects 0.181ms
[0.378s][info][gc,heap        ] GC(20) DefNew: 10880K(10880K)->1070K(21888K) Eden: 9728K(9728K)->1070K(19520K) From: 1152K(1152K)->0K(2368K)
[0.378s][info][gc,heap        ] GC(20) Tenured: 23928K(23976K)->29036K(48396K)
[0.378s][info][gc,metaspace   ] GC(20) Metaspace: 6301K(6464K)->6301K(6464K) NonClass: 5768K(5824K)->5768K(5824K) Class: 533K(640K)->533K(640K)
[0.378s][info][gc             ] GC(20) Pause Full (Allocation Failure) 29M->29M(68M) 26.440ms
[0.378s][info][gc,cpu         ] GC(20) User=0.03s Sys=0.00s Real=0.03s
[0.394s][info][gc,start       ] GC(21) Pause Young (Allocation Failure)
[0.424s][info][gc,heap        ] GC(21) DefNew: 19520K(21888K)->2367K(21888K) Eden: 19520K(19520K)->0K(19520K) From: 0K(2368K)->2367K(2368K)
[0.424s][info][gc,heap        ] GC(21) Tenured: 29036K(48396K)->40993K(48396K)
[0.424s][info][gc,metaspace   ] GC(21) Metaspace: 6301K(6464K)->6301K(6464K) NonClass: 5768K(5824K)->5768K(5824K) Class: 533K(640K)->533K(640K)
[0.424s][info][gc             ] GC(21) Pause Young (Allocation Failure) 47M->42M(68M) 29.966ms
[0.424s][info][gc,cpu         ] GC(21) User=0.02s Sys=0.00s Real=0.03s
[0.443s][info][gc,start       ] GC(22) Pause Young (Allocation Failure)
[0.479s][info][gc             ] GC(22) Pause Young (Allocation Failure) 61M->61M(80M) 35.401ms
[0.479s][info][gc,cpu         ] GC(22) User=0.03s Sys=0.00s Real=0.04s
[0.479s][info][gc,start       ] GC(23) Pause Full (Allocation Failure)
[0.479s][info][gc,phases,start] GC(23) Phase 1: Mark live objects
[0.506s][info][gc,phases      ] GC(23) Phase 1: Mark live objects 27.130ms
[0.506s][info][gc,phases,start] GC(23) Phase 2: Compute new object addresses
[0.516s][info][gc,phases      ] GC(23) Phase 2: Compute new object addresses 10.060ms
[0.516s][info][gc,phases,start] GC(23) Phase 3: Adjust pointers
[0.527s][info][gc,phases      ] GC(23) Phase 3: Adjust pointers 10.960ms
[0.527s][info][gc,phases,start] GC(23) Phase 4: Move objects
[0.528s][info][gc,phases      ] GC(23) Phase 4: Move objects 0.378ms
[0.528s][info][gc,heap        ] GC(23) DefNew: 21887K(21888K)->2360K(45440K) Eden: 19520K(19520K)->2360K(40448K) From: 2367K(2368K)->0K(4992K)
[0.528s][info][gc,heap        ] GC(23) Tenured: 40993K(48396K)->60491K(100820K)
[0.528s][info][gc,metaspace   ] GC(23) Metaspace: 6301K(6464K)->6301K(6464K) NonClass: 5768K(5824K)->5768K(5824K) Class: 533K(640K)->533K(640K)
[0.528s][info][gc             ] GC(23) Pause Full (Allocation Failure) 61M->61M(142M) 49.098ms
[0.528s][info][gc,cpu         ] GC(23) User=0.03s Sys=0.00s Real=0.05s
[0.569s][info][gc,start       ] GC(24) Pause Young (Allocation Failure)
[0.632s][info][gc,heap        ] GC(24) DefNew: 40448K(45440K)->4991K(45440K) Eden: 40448K(40448K)->0K(40448K) From: 0K(4992K)->4991K(4992K)
[0.632s][info][gc,heap        ] GC(24) Tenured: 60491K(100820K)->95921K(100820K)
[0.632s][info][gc,metaspace   ] GC(24) Metaspace: 6301K(6464K)->6301K(6464K) NonClass: 5768K(5824K)->5768K(5824K) Class: 533K(640K)->533K(640K)
[0.632s][info][gc             ] GC(24) Pause Young (Allocation Failure) 98M->98M(142M) 62.922ms
[0.632s][info][gc,cpu         ] GC(24) User=0.02s Sys=0.03s Real=0.06s
[0.666s][info][gc,start       ] GC(25) Pause Young (Allocation Failure)
[0.737s][info][gc             ] GC(25) Pause Young (Allocation Failure) 138M->138M(177M) 71.426ms
[0.737s][info][gc,cpu         ] GC(25) User=0.05s Sys=0.02s Real=0.07s
[0.737s][info][gc,start       ] GC(26) Pause Full (Allocation Failure)
[0.737s][info][gc,phases,start] GC(26) Phase 1: Mark live objects
[0.794s][info][gc,phases      ] GC(26) Phase 1: Mark live objects 57.056ms
[0.794s][info][gc,phases,start] GC(26) Phase 2: Compute new object addresses
[0.818s][info][gc,phases      ] GC(26) Phase 2: Compute new object addresses 23.151ms
[0.818s][info][gc,phases,start] GC(26) Phase 3: Adjust pointers
[0.848s][info][gc,phases      ] GC(26) Phase 3: Adjust pointers 30.127ms
[0.848s][info][gc,phases,start] GC(26) Phase 4: Move objects
[0.873s][info][gc,phases      ] GC(26) Phase 4: Move objects 25.505ms
[0.874s][info][gc,heap        ] GC(26) DefNew: 45439K(45440K)->1147K(102336K) Eden: 40448K(40448K)->1147K(91008K) From: 4991K(4992K)->0K(11328K)
[0.874s][info][gc,heap        ] GC(26) Tenured: 95921K(100820K)->136339K(227236K)
[0.874s][info][gc,metaspace   ] GC(26) Metaspace: 6301K(6464K)->6301K(6464K) NonClass: 5768K(5824K)->5768K(5824K) Class: 533K(640K)->533K(640K)
[0.874s][info][gc             ] GC(26) Pause Full (Allocation Failure) 138M->134M(321M) 136.618ms
[0.874s][info][gc,cpu         ] GC(26) User=0.14s Sys=0.00s Real=0.14s
[0.968s][info][gc,start       ] GC(27) Pause Young (Allocation Failure)
[1.138s][info][gc,heap        ] GC(27) DefNew: 91008K(102336K)->11327K(102336K) Eden: 91008K(91008K)->0K(91008K) From: 0K(11328K)->11327K(11328K)
[1.138s][info][gc,heap        ] GC(27) Tenured: 136339K(227236K)->215991K(227236K)
[1.138s][info][gc,metaspace   ] GC(27) Metaspace: 6301K(6464K)->6301K(6464K) NonClass: 5768K(5824K)->5768K(5824K) Class: 533K(640K)->533K(640K)
[1.138s][info][gc             ] GC(27) Pause Young (Allocation Failure) 222M->221M(321M) 169.981ms
[1.138s][info][gc,cpu         ] GC(27) User=0.11s Sys=0.02s Real=0.17s
[1.224s][info][gc,start       ] GC(28) Pause Young (Allocation Failure)
[1.415s][info][gc             ] GC(28) Pause Young (Allocation Failure) 310M->310M(399M) 191.595ms
[1.415s][info][gc,cpu         ] GC(28) User=0.12s Sys=0.02s Real=0.19s
[1.415s][info][gc,start       ] GC(29) Pause Full (Allocation Failure)
[1.415s][info][gc,phases,start] GC(29) Phase 1: Mark live objects
[1.571s][info][gc,phases      ] GC(29) Phase 1: Mark live objects 155.221ms
[1.571s][info][gc,phases,start] GC(29) Phase 2: Compute new object addresses
[1.620s][info][gc,phases      ] GC(29) Phase 2: Compute new object addresses 49.290ms
[1.620s][info][gc,phases,start] GC(29) Phase 3: Adjust pointers
[1.673s][info][gc,phases      ] GC(29) Phase 3: Adjust pointers 53.000ms
[1.673s][info][gc,phases,start] GC(29) Phase 4: Move objects
[1.676s][info][gc,phases      ] GC(29) Phase 4: Move objects 2.420ms
[1.676s][info][gc,heap        ] GC(29) DefNew: 102335K(102336K)->11190K(230400K) Eden: 91008K(91008K)->11190K(204864K) From: 11327K(11328K)->0K(25536K)
[1.676s][info][gc,heap        ] GC(29) Tenured: 215991K(227236K)->307108K(511848K)
[1.676s][info][gc,metaspace   ] GC(29) Metaspace: 6301K(6464K)->6301K(6464K) NonClass: 5768K(5824K)->5768K(5824K) Class: 533K(640K)->533K(640K)
[1.677s][info][gc             ] GC(29) Pause Full (Allocation Failure) 310M->310M(724M) 261.172ms
[1.677s][info][gc,cpu         ] GC(29) User=0.28s Sys=0.00s Real=0.26s
[1.894s][info][gc,start       ] GC(30) Pause Young (Allocation Failure)
[2.240s][info][gc,heap        ] GC(30) DefNew: 204864K(230400K)->25535K(230400K) Eden: 204864K(204864K)->0K(204864K) From: 0K(25536K)->25535K(25536K)
[2.240s][info][gc,heap        ] GC(30) Tenured: 307108K(511848K)->486405K(511848K)
[2.240s][info][gc,metaspace   ] GC(30) Metaspace: 6301K(6464K)->6301K(6464K) NonClass: 5768K(5824K)->5768K(5824K) Class: 533K(640K)->533K(640K)
[2.240s][info][gc             ] GC(30) Pause Young (Allocation Failure) 499M->499M(724M) 346.116ms
[2.240s][info][gc,cpu         ] GC(30) User=0.28s Sys=0.02s Real=0.35s
[2.429s][info][gc,start       ] GC(31) Pause Young (Allocation Failure)
[2.823s][info][gc             ] GC(31) Pause Young (Allocation Failure) 700M->699M(900M) 394.611ms
[2.823s][info][gc,cpu         ] GC(31) User=0.36s Sys=0.02s Real=0.39s
[2.823s][info][gc,start       ] GC(32) Pause Full (Allocation Failure)
[2.823s][info][gc,phases,start] GC(32) Phase 1: Mark live objects
[3.144s][info][gc,phases      ] GC(32) Phase 1: Mark live objects 321.087ms
[3.144s][info][gc,phases,start] GC(32) Phase 2: Compute new object addresses
[3.256s][info][gc,phases      ] GC(32) Phase 2: Compute new object addresses 111.153ms
[3.256s][info][gc,phases,start] GC(32) Phase 3: Adjust pointers
[3.374s][info][gc,phases      ] GC(32) Phase 3: Adjust pointers 117.832ms
[3.374s][info][gc,phases,start] GC(32) Phase 4: Move objects
[3.379s][info][gc,phases      ] GC(32) Phase 4: Move objects 5.095ms
[3.381s][info][gc,heap        ] GC(32) DefNew: 230399K(230400K)->25532K(518464K) Eden: 204864K(204864K)->25532K(460864K) From: 25535K(25536K)->0K(57600K)
[3.381s][info][gc,heap        ] GC(32) Tenured: 486405K(511848K)->691243K(1152076K)
[3.381s][info][gc,metaspace   ] GC(32) Metaspace: 6301K(6464K)->6301K(6464K) NonClass: 5768K(5824K)->5768K(5824K) Class: 533K(640K)->533K(640K)
[3.381s][info][gc             ] GC(32) Pause Full (Allocation Failure) 699M->699M(1631M) 557.411ms
[3.381s][info][gc,cpu         ] GC(32) User=0.55s Sys=0.00s Real=0.56s
[3.843s][info][gc,start       ] GC(33) Pause Young (Allocation Failure)
[4.620s][info][gc,heap        ] GC(33) DefNew: 460864K(518464K)->57600K(518464K) Eden: 460864K(460864K)->0K(460864K) From: 0K(57600K)->57600K(57600K)
[4.620s][info][gc,heap        ] GC(33) Tenured: 691243K(1152076K)->1094478K(1152076K)
[4.620s][info][gc,metaspace   ] GC(33) Metaspace: 6301K(6464K)->6301K(6464K) NonClass: 5768K(5824K)->5768K(5824K) Class: 533K(640K)->533K(640K)
[4.620s][info][gc             ] GC(33) Pause Young (Allocation Failure) 1125M->1125M(1631M) 776.975ms
[4.620s][info][gc,cpu         ] GC(33) User=0.61s Sys=0.14s Real=0.78s
[5.098s][info][gc,start       ] GC(34) Pause Young (Allocation Failure)
[5.839s][info][gc             ] GC(34) Pause Young (Allocation Failure) 1575M->1520M(1970M) 741.409ms
[5.839s][info][gc,cpu         ] GC(34) User=0.64s Sys=0.08s Real=0.74s
[5.839s][info][gc,start       ] GC(35) Pause Full (Allocation Failure)
[5.839s][info][gc,phases,start] GC(35) Phase 1: Mark live objects
[6.516s][info][gc,phases      ] GC(35) Phase 1: Mark live objects 676.758ms
[6.516s][info][gc,phases,start] GC(35) Phase 2: Compute new object addresses
[6.743s][info][gc,phases      ] GC(35) Phase 2: Compute new object addresses 227.208ms
[6.744s][info][gc,phases,start] GC(35) Phase 3: Adjust pointers
[7.009s][info][gc,phases      ] GC(35) Phase 3: Adjust pointers 265.891ms
[7.010s][info][gc,phases,start] GC(35) Phase 4: Move objects
[7.021s][info][gc,phases      ] GC(35) Phase 4: Move objects 11.168ms
[7.025s][info][gc,heap        ] GC(35) DefNew: 518464K(518464K)->57570K(1124480K) Eden: 460864K(460864K)->57570K(999552K) From: 57600K(57600K)->0K(124928K)
[7.025s][info][gc,heap        ] GC(35) Tenured: 1094478K(1152076K)->1499279K(2498800K)
[7.025s][info][gc,metaspace   ] GC(35) Metaspace: 6301K(6464K)->6301K(6464K) NonClass: 5768K(5824K)->5768K(5824K) Class: 533K(640K)->533K(640K)
[7.025s][info][gc             ] GC(35) Pause Full (Allocation Failure) 1520M->1520M(3538M) 1185.442ms
[7.025s][info][gc,cpu         ] GC(35) User=1.19s Sys=0.00s Real=1.19s
[7.998s][info][gc,start       ] GC(36) Pause Young (Allocation Failure)
[9.721s][info][gc,heap        ] GC(36) DefNew: 999552K(1124480K)->124927K(1124480K) Eden: 999552K(999552K)->0K(999552K) From: 0K(124928K)->124927K(124928K)
[9.721s][info][gc,heap        ] GC(36) Tenured: 1499279K(2498800K)->2373874K(2498800K)
[9.721s][info][gc,metaspace   ] GC(36) Metaspace: 6301K(6464K)->6301K(6464K) NonClass: 5768K(5824K)->5768K(5824K) Class: 533K(640K)->533K(640K)
[9.721s][info][gc             ] GC(36) Pause Young (Allocation Failure) 2440M->2440M(3538M) 1723.392ms
[9.721s][info][gc,cpu         ] GC(36) User=1.58s Sys=0.11s Real=1.73s
[10.697s][info][gc,start       ] GC(37) Pause Young (Allocation Failure)
[10.697s][info][gc             ] GC(37) Pause Young (Allocation Failure) 3416M->3416M(3538M) 0.119ms
[10.697s][info][gc,cpu         ] GC(37) User=0.00s Sys=0.00s Real=0.00s
[10.697s][info][gc,start       ] GC(38) Pause Full (Allocation Failure)
[10.697s][info][gc,phases,start] GC(38) Phase 1: Mark live objects
[12.263s][info][gc,phases      ] GC(38) Phase 1: Mark live objects 1565.899ms
[12.263s][info][gc,phases,start] GC(38) Phase 2: Compute new object addresses
[12.732s][info][gc,phases      ] GC(38) Phase 2: Compute new object addresses 469.086ms
[12.732s][info][gc,phases,start] GC(38) Phase 3: Adjust pointers
[13.506s][info][gc,phases      ] GC(38) Phase 3: Adjust pointers 773.267ms
[13.506s][info][gc,phases,start] GC(38) Phase 4: Move objects
[14.256s][info][gc,phases      ] GC(38) Phase 4: Move objects 750.493ms
[14.257s][info][gc,heap        ] GC(38) DefNew: 1124479K(1124480K)->905315K(1198080K) Eden: 999552K(999552K)->905315K(1064960K) From: 124927K(124928K)->0K(133120K)
[14.258s][info][gc,heap        ] GC(38) Tenured: 2373874K(2498800K)->2498799K(2662400K)
[14.258s][info][gc,metaspace   ] GC(38) Metaspace: 6301K(6464K)->6301K(6464K) NonClass: 5768K(5824K)->5768K(5824K) Class: 533K(640K)->533K(640K)
[14.258s][info][gc             ] GC(38) Pause Full (Allocation Failure) 3416M->3324M(3770M) 3560.471ms
[14.258s][info][gc,cpu         ] GC(38) User=3.44s Sys=0.05s Real=3.56s
[15.427s][info][gc,start       ] GC(39) Pause Full (Allocation Failure)
[15.427s][info][gc,phases,start] GC(39) Phase 1: Mark live objects
[17.194s][info][gc,phases      ] GC(39) Phase 1: Mark live objects 1766.934ms
[17.194s][info][gc,phases,start] GC(39) Phase 2: Compute new object addresses
[17.742s][info][gc,phases      ] GC(39) Phase 2: Compute new object addresses 547.980ms
[17.742s][info][gc,phases,start] GC(39) Phase 3: Adjust pointers
[18.500s][info][gc,phases      ] GC(39) Phase 3: Adjust pointers 757.161ms
[18.500s][info][gc,phases,start] GC(39) Phase 4: Move objects
[18.541s][info][gc,phases      ] GC(39) Phase 4: Move objects 41.488ms
[18.542s][info][gc,heap        ] GC(39) DefNew: 1198079K(1198080K)->1198074K(1198080K) Eden: 1064960K(1064960K)->1064959K(1064960K) From: 133119K(133120K)->133114K(133120K)
[18.542s][info][gc,heap        ] GC(39) Tenured: 2662400K(2662400K)->2662400K(2662400K)
[18.542s][info][gc,metaspace   ] GC(39) Metaspace: 6301K(6464K)->6301K(6464K) NonClass: 5768K(5824K)->5768K(5824K) Class: 533K(640K)->533K(640K)
[18.542s][info][gc             ] GC(39) Pause Full (Allocation Failure) 3769M->3769M(3770M) 3114.929ms
[18.542s][info][gc,cpu         ] GC(39) User=3.03s Sys=0.00s Real=3.12s
[18.542s][info][gc,start       ] GC(40) Pause Full (Allocation Failure)
[18.542s][info][gc,phases,start] GC(40) Phase 1: Mark live objects
[20.332s][info][gc,phases      ] GC(40) Phase 1: Mark live objects 1789.564ms
[20.332s][info][gc,phases,start] GC(40) Phase 2: Compute new object addresses
[20.862s][info][gc,phases      ] GC(40) Phase 2: Compute new object addresses 529.771ms
[20.862s][info][gc,phases,start] GC(40) Phase 3: Adjust pointers
[21.584s][info][gc,phases      ] GC(40) Phase 3: Adjust pointers 722.028ms
[21.584s][info][gc,phases,start] GC(40) Phase 4: Move objects
[21.584s][info][gc,phases      ] GC(40) Phase 4: Move objects 0.016ms
[21.584s][info][gc,heap        ] GC(40) DefNew: 1198079K(1198080K)->1198079K(1198080K) Eden: 1064959K(1064960K)->1064959K(1064960K) From: 133119K(133120K)->133119K(133120K)
[21.584s][info][gc,heap        ] GC(40) Tenured: 2662400K(2662400K)->2662400K(2662400K)
[21.584s][info][gc,metaspace   ] GC(40) Metaspace: 6301K(6464K)->6301K(6464K) NonClass: 5768K(5824K)->5768K(5824K) Class: 533K(640K)->533K(640K)
[21.584s][info][gc             ] GC(40) Pause Full (Allocation Failure) 3769M->3769M(3770M) 3042.151ms
[21.584s][info][gc,cpu         ] GC(40) User=2.98s Sys=0.00s Real=3.04s
[21.584s][info][gc,start       ] GC(41) Pause Full (Allocation Failure)
[21.584s][info][gc,phases,start] GC(41) Phase 1: Mark live objects
[23.353s][info][gc,phases      ] GC(41) Phase 1: Mark live objects 1768.076ms
[23.353s][info][gc,phases,start] GC(41) Phase 2: Compute new object addresses
[23.879s][info][gc,phases      ] GC(41) Phase 2: Compute new object addresses 526.672ms
[23.879s][info][gc,phases,start] GC(41) Phase 3: Adjust pointers
[24.752s][info][gc,phases      ] GC(41) Phase 3: Adjust pointers 872.955ms
[24.752s][info][gc,phases,start] GC(41) Phase 4: Move objects
[25.370s][info][gc,phases      ] GC(41) Phase 4: Move objects 618.062ms
[25.371s][info][gc,heap        ] GC(41) DefNew: 1198079K(1198080K)->1198075K(1198080K) Eden: 1064959K(1064960K)->1064959K(1064960K) From: 133119K(133120K)->133115K(133120K)
[25.371s][info][gc,heap        ] GC(41) Tenured: 2662400K(2662400K)->2662399K(2662400K)
[25.371s][info][gc,metaspace   ] GC(41) Metaspace: 6301K(6464K)->6300K(6464K) NonClass: 5768K(5824K)->5767K(5824K) Class: 533K(640K)->532K(640K)
[25.371s][info][gc             ] GC(41) Pause Full (Allocation Failure) 3769M->3769M(3770M) 3786.935ms
[25.371s][info][gc,cpu         ] GC(41) User=3.75s Sys=0.00s Real=3.79s
[25.372s][info][gc,start       ] GC(42) Pause Full (Allocation Failure)
[25.372s][info][gc,phases,start] GC(42) Phase 1: Mark live objects
[27.132s][info][gc,phases      ] GC(42) Phase 1: Mark live objects 1760.044ms
[27.132s][info][gc,phases,start] GC(42) Phase 2: Compute new object addresses
[27.655s][info][gc,phases      ] GC(42) Phase 2: Compute new object addresses 522.879ms
[27.655s][info][gc,phases,start] GC(42) Phase 3: Adjust pointers
[28.375s][info][gc,phases      ] GC(42) Phase 3: Adjust pointers 719.819ms
[28.375s][info][gc,phases,start] GC(42) Phase 4: Move objects
[28.375s][info][gc,phases      ] GC(42) Phase 4: Move objects 0.022ms
[28.376s][info][gc,heap        ] GC(42) DefNew: 1198079K(1198080K)->1198079K(1198080K) Eden: 1064959K(1064960K)->1064959K(1064960K) From: 133119K(133120K)->133119K(133120K)
[28.376s][info][gc,heap        ] GC(42) Tenured: 2662399K(2662400K)->2662399K(2662400K)
[28.376s][info][gc,metaspace   ] GC(42) Metaspace: 6300K(6464K)->6300K(6464K) NonClass: 5767K(5824K)->5767K(5824K) Class: 532K(640K)->532K(640K)
[28.376s][info][gc             ] GC(42) Pause Full (Allocation Failure) 3769M->3769M(3770M) 3003.572ms
[28.376s][info][gc,cpu         ] GC(42) User=2.98s Sys=0.02s Real=3.00s
[28.376s][info][gc,start       ] GC(43) Pause Full (Allocation Failure)
[28.376s][info][gc,phases,start] GC(43) Phase 1: Mark live objects
[30.147s][info][gc,phases      ] GC(43) Phase 1: Mark live objects 1771.783ms
[30.148s][info][gc,phases,start] GC(43) Phase 2: Compute new object addresses
[30.673s][info][gc,phases      ] GC(43) Phase 2: Compute new object addresses 525.613ms
[30.673s][info][gc,phases,start] GC(43) Phase 3: Adjust pointers
[31.394s][info][gc,phases      ] GC(43) Phase 3: Adjust pointers 720.869ms
[31.394s][info][gc,phases,start] GC(43) Phase 4: Move objects
[31.394s][info][gc,phases      ] GC(43) Phase 4: Move objects 0.016ms
[31.395s][info][gc,heap        ] GC(43) DefNew: 1198079K(1198080K)->1198079K(1198080K) Eden: 1064959K(1064960K)->1064959K(1064960K) From: 133119K(133120K)->133119K(133120K)
[31.395s][info][gc,heap        ] GC(43) Tenured: 2662399K(2662400K)->2662399K(2662400K)
[31.395s][info][gc,metaspace   ] GC(43) Metaspace: 6300K(6464K)->6300K(6464K) NonClass: 5767K(5824K)->5767K(5824K) Class: 532K(640K)->532K(640K)
[31.395s][info][gc             ] GC(43) Pause Full (Allocation Failure) 3769M->3769M(3770M) 3019.142ms
[31.395s][info][gc,cpu         ] GC(43) User=3.02s Sys=0.00s Real=3.02s
[31.395s][info][gc,start       ] GC(44) Pause Full (Allocation Failure)
[31.395s][info][gc,phases,start] GC(44) Phase 1: Mark live objects
[33.149s][info][gc,phases      ] GC(44) Phase 1: Mark live objects 1753.312ms
[33.149s][info][gc,phases,start] GC(44) Phase 2: Compute new object addresses
[33.672s][info][gc,phases      ] GC(44) Phase 2: Compute new object addresses 522.797ms
[33.672s][info][gc,phases,start] GC(44) Phase 3: Adjust pointers
[34.387s][info][gc,phases      ] GC(44) Phase 3: Adjust pointers 715.388ms
[34.387s][info][gc,phases,start] GC(44) Phase 4: Move objects
[34.387s][info][gc,phases      ] GC(44) Phase 4: Move objects 0.016ms
[34.388s][info][gc,heap        ] GC(44) DefNew: 1198079K(1198080K)->1198079K(1198080K) Eden: 1064959K(1064960K)->1064959K(1064960K) From: 133119K(133120K)->133119K(133120K)
[34.388s][info][gc,heap        ] GC(44) Tenured: 2662399K(2662400K)->2662399K(2662400K)
[34.388s][info][gc,metaspace   ] GC(44) Metaspace: 6300K(6464K)->6300K(6464K) NonClass: 5767K(5824K)->5767K(5824K) Class: 532K(640K)->532K(640K)
[34.388s][info][gc             ] GC(44) Pause Full (Allocation Failure) 3769M->3769M(3770M) 2992.328ms
[34.388s][info][gc,cpu         ] GC(44) User=2.97s Sys=0.02s Real=2.99s
[34.388s][info][gc,start       ] GC(45) Pause Full (Allocation Failure)
[34.388s][info][gc,phases,start] GC(45) Phase 1: Mark live objects
[36.151s][info][gc,phases      ] GC(45) Phase 1: Mark live objects 1762.966ms
[36.151s][info][gc,phases,start] GC(45) Phase 2: Compute new object addresses
[36.678s][info][gc,phases      ] GC(45) Phase 2: Compute new object addresses 526.640ms
[36.678s][info][gc,phases,start] GC(45) Phase 3: Adjust pointers
[37.393s][info][gc,phases      ] GC(45) Phase 3: Adjust pointers 715.348ms
[37.393s][info][gc,phases,start] GC(45) Phase 4: Move objects
[37.393s][info][gc,phases      ] GC(45) Phase 4: Move objects 0.016ms
[37.394s][info][gc,heap        ] GC(45) DefNew: 1198079K(1198080K)->1198079K(1198080K) Eden: 1064960K(1064960K)->1064960K(1064960K) From: 133119K(133120K)->133119K(133120K)
[37.394s][info][gc,heap        ] GC(45) Tenured: 2662399K(2662400K)->2662399K(2662400K)
[37.394s][info][gc,metaspace   ] GC(45) Metaspace: 6300K(6464K)->6300K(6464K) NonClass: 5767K(5824K)->5767K(5824K) Class: 532K(640K)->532K(640K)
[37.394s][info][gc             ] GC(45) Pause Full (Allocation Failure) 3769M->3769M(3770M) 3005.755ms
[37.394s][info][gc,cpu         ] GC(45) User=2.98s Sys=0.00s Real=3.01s
[37.395s][info][gc,start       ] GC(46) Pause Full (Allocation Failure)
[37.395s][info][gc,phases,start] GC(46) Phase 1: Mark live objects
[39.149s][info][gc,phases      ] GC(46) Phase 1: Mark live objects 1754.219ms
[39.149s][info][gc,phases,start] GC(46) Phase 2: Compute new object addresses
[39.669s][info][gc,phases      ] GC(46) Phase 2: Compute new object addresses 520.279ms
[39.669s][info][gc,phases,start] GC(46) Phase 3: Adjust pointers
[40.537s][info][gc,phases      ] GC(46) Phase 3: Adjust pointers 867.524ms
[40.537s][info][gc,phases,start] GC(46) Phase 4: Move objects
[41.152s][info][gc,phases      ] GC(46) Phase 4: Move objects 614.643ms
[41.152s][info][gc,heap        ] GC(46) DefNew: 1198079K(1198080K)->1198078K(1198080K) Eden: 1064960K(1064960K)->1064960K(1064960K) From: 133119K(133120K)->133118K(133120K)
[41.152s][info][gc,heap        ] GC(46) Tenured: 2662399K(2662400K)->2662399K(2662400K)
[41.152s][info][gc,metaspace   ] GC(46) Metaspace: 6300K(6464K)->6300K(6464K) NonClass: 5767K(5824K)->5767K(5824K) Class: 532K(640K)->532K(640K)
[41.152s][info][gc             ] GC(46) Pause Full (Allocation Failure) 3769M->3769M(3770M) 3757.916ms
[41.153s][info][gc,cpu         ] GC(46) User=3.73s Sys=0.00s Real=3.76s
[41.154s][info][gc,start       ] GC(47) Pause Full (Allocation Failure)
[41.154s][info][gc,phases,start] GC(47) Phase 1: Mark live objects
[42.904s][info][gc,phases      ] GC(47) Phase 1: Mark live objects 1749.853ms
[42.904s][info][gc,phases,start] GC(47) Phase 2: Compute new object addresses
[43.425s][info][gc,phases      ] GC(47) Phase 2: Compute new object addresses 521.617ms
[43.425s][info][gc,phases,start] GC(47) Phase 3: Adjust pointers
[44.145s][info][gc,phases      ] GC(47) Phase 3: Adjust pointers 719.782ms
[44.145s][info][gc,phases,start] GC(47) Phase 4: Move objects
[44.145s][info][gc,phases      ] GC(47) Phase 4: Move objects 0.017ms
[44.146s][info][gc,heap        ] GC(47) DefNew: 1198079K(1198080K)->1198078K(1198080K) Eden: 1064960K(1064960K)->1064960K(1064960K) From: 133119K(133120K)->133118K(133120K)
[44.146s][info][gc,heap        ] GC(47) Tenured: 2662399K(2662400K)->2662399K(2662400K)
[44.146s][info][gc,metaspace   ] GC(47) Metaspace: 6301K(6464K)->6301K(6464K) NonClass: 5767K(5824K)->5767K(5824K) Class: 533K(640K)->533K(640K)
[44.146s][info][gc             ] GC(47) Pause Full (Allocation Failure) 3769M->3769M(3770M) 2992.073ms
[44.146s][info][gc,cpu         ] GC(47) User=2.97s Sys=0.00s Real=2.99s
[44.146s][info][gc,heap,exit   ] Heap
[44.146s][info][gc,heap,exit   ]  def new generation   total 1198080K, used 1198079K [0x000000070c400000, 0x000000075d800000, 0x000000075d800000)
[44.147s][info][gc,heap,exit   ]   eden space 1064960K, 100% used [0x000000070c400000, 0x000000074d400000, 0x000000074d400000)
[44.147s][info][gc,heap,exit   ]   from space 133120K,  99% used [0x000000074d400000, 0x00000007555fff08, 0x0000000755600000)
[44.147s][info][gc,heap,exit   ]   to   space 133120K,   0% used [0x0000000755600000, 0x0000000755600000, 0x000000075d800000)
[44.147s][info][gc,heap,exit   ]  tenured generation   total 2662400K, used 2662399K [0x000000075d800000, 0x0000000800000000, 0x0000000800000000)
[44.147s][info][gc,heap,exit   ]    the space 2662400K,  99% used [0x000000075d800000, 0x00000007ffffffc0, 0x0000000800000000, 0x0000000800000000)
[44.147s][info][gc,heap,exit   ]  Metaspace       used 6304K, committed 6528K, reserved 1114112K
[44.147s][info][gc,heap,exit   ]   class space    used 534K, committed 640K, reserved 1048576K
