[0.016s][info][gc,init] CardTable entry size: 512
[0.017s][info][gc     ] Using Serial
[0.017s][info][gc,init] Version: 18.0.1+10 (release)
[0.017s][info][gc,init] CPUs: 8 total, 8 available
[0.017s][info][gc,init] Memory: 16063M
[0.017s][info][gc,init] Large Page Support: Disabled
[0.017s][info][gc,init] NUMA Support: Disabled
[0.017s][info][gc,init] Compressed Oops: Enabled (Zero based)
[0.017s][info][gc,init] Heap Min Capacity: 2M
[0.017s][info][gc,init] Heap Initial Capacity: 2M
[0.017s][info][gc,init] Heap Max Capacity: 16900M
[0.017s][info][gc,init] Pre-touch: Disabled
[0.017s][info][gc,metaspace] CDS archive(s) not mapped
[0.018s][info][gc,metaspace] Compressed class space mapped at: 0x0000000800000000-0x0000000840000000, reserved size: 1073741824
[0.018s][info][gc,metaspace] Narrow klass base: 0x0000000800000000, Narrow klass shift: 0, Narrow klass range: 0x40000000
[0.195s][info][gc,start    ] GC(0) Pause Young (Allocation Failure)
[0.197s][info][gc,heap     ] GC(0) DefNew: 1023K(1152K)->127K(1152K) Eden: 1023K(1024K)->0K(1024K) From: 0K(128K)->127K(128K)
[0.198s][info][gc,heap     ] GC(0) Tenured: 0K(768K)->439K(768K)
[0.198s][info][gc,metaspace] GC(0) Metaspace: 5899K(6016K)->5899K(6016K) NonClass: 5400K(5504K)->5400K(5504K) Class: 499K(512K)->499K(512K)
[0.198s][info][gc          ] GC(0) Pause Young (Allocation Failure) 0M->0M(1M) 2.497ms
[0.198s][info][gc,cpu      ] GC(0) User=0.00s Sys=0.00s Real=0.00s
[0.222s][info][gc,start    ] GC(1) Pause Young (Allocation Failure)
[0.224s][info][gc          ] GC(1) Pause Young (Allocation Failure) 1M->0M(2M) 1.294ms
[0.224s][info][gc,cpu      ] GC(1) User=0.00s Sys=0.00s Real=0.00s
[0.224s][info][gc,start    ] GC(2) Pause Full (Allocation Failure)
[0.224s][info][gc,phases,start] GC(2) Phase 1: Mark live objects
[0.225s][info][gc,phases      ] GC(2) Phase 1: Mark live objects 1.013ms
[0.225s][info][gc,phases,start] GC(2) Phase 2: Compute new object addresses
[0.225s][info][gc,phases      ] GC(2) Phase 2: Compute new object addresses 0.223ms
[0.225s][info][gc,phases,start] GC(2) Phase 3: Adjust pointers
[0.226s][info][gc,phases      ] GC(2) Phase 3: Adjust pointers 0.487ms
[0.226s][info][gc,phases,start] GC(2) Phase 4: Move objects
[0.226s][info][gc,phases      ] GC(2) Phase 4: Move objects 0.064ms
[0.226s][info][gc,heap        ] GC(2) DefNew: 1151K(1152K)->40K(1152K) Eden: 1024K(1024K)->40K(1024K) From: 127K(128K)->0K(128K)
[0.226s][info][gc,heap        ] GC(2) Tenured: 439K(768K)->960K(1600K)
[0.226s][info][gc,metaspace   ] GC(2) Metaspace: 6297K(6464K)->6297K(6464K) NonClass: 5764K(5824K)->5764K(5824K) Class: 533K(640K)->533K(640K)
[0.226s][info][gc             ] GC(2) Pause Full (Allocation Failure) 0M->0M(2M) 2.081ms
[0.226s][info][gc,cpu         ] GC(2) User=0.00s Sys=0.00s Real=0.00s
[0.227s][info][gc,start       ] GC(3) Pause Young (Allocation Failure)
[0.228s][info][gc,heap        ] GC(3) DefNew: 1024K(1152K)->128K(1152K) Eden: 1024K(1024K)->0K(1024K) From: 0K(128K)->128K(128K)
[0.229s][info][gc,heap        ] GC(3) Tenured: 960K(1600K)->1374K(1600K)
[0.229s][info][gc,metaspace   ] GC(3) Metaspace: 6297K(6464K)->6297K(6464K) NonClass: 5764K(5824K)->5764K(5824K) Class: 533K(640K)->533K(640K)
[0.229s][info][gc             ] GC(3) Pause Young (Allocation Failure) 1M->1M(2M) 1.383ms
[0.229s][info][gc,cpu         ] GC(3) User=0.00s Sys=0.00s Real=0.00s
[0.230s][info][gc,start       ] GC(4) Pause Young (Allocation Failure)
[0.232s][info][gc             ] GC(4) Pause Young (Allocation Failure) 2M->1M(3M) 1.523ms
[0.232s][info][gc,cpu         ] GC(4) User=0.00s Sys=0.00s Real=0.00s
[0.232s][info][gc,start       ] GC(5) Pause Full (Allocation Failure)
[0.232s][info][gc,phases,start] GC(5) Phase 1: Mark live objects
[0.233s][info][gc,phases      ] GC(5) Phase 1: Mark live objects 1.509ms
[0.233s][info][gc,phases,start] GC(5) Phase 2: Compute new object addresses
[0.234s][info][gc,phases      ] GC(5) Phase 2: Compute new object addresses 0.499ms
[0.234s][info][gc,phases,start] GC(5) Phase 3: Adjust pointers
[0.235s][info][gc,phases      ] GC(5) Phase 3: Adjust pointers 0.810ms
[0.235s][info][gc,phases,start] GC(5) Phase 4: Move objects
[0.235s][info][gc,phases      ] GC(5) Phase 4: Move objects 0.076ms
[0.235s][info][gc,heap        ] GC(5) DefNew: 1152K(1152K)->34K(1536K) Eden: 1024K(1024K)->34K(1408K) From: 128K(128K)->0K(128K)
[0.235s][info][gc,heap        ] GC(5) Tenured: 1374K(1600K)->1983K(3308K)
[0.235s][info][gc,metaspace   ] GC(5) Metaspace: 6297K(6464K)->6297K(6464K) NonClass: 5764K(5824K)->5764K(5824K) Class: 533K(640K)->533K(640K)
[0.235s][info][gc             ] GC(5) Pause Full (Allocation Failure) 1M->1M(4M) 3.316ms
[0.235s][info][gc,cpu         ] GC(5) User=0.00s Sys=0.00s Real=0.00s
[0.237s][info][gc,start       ] GC(6) Pause Young (Allocation Failure)
[0.239s][info][gc,heap        ] GC(6) DefNew: 1408K(1536K)->127K(1536K) Eden: 1408K(1408K)->0K(1408K) From: 0K(128K)->127K(128K)
[0.239s][info][gc,heap        ] GC(6) Tenured: 1983K(3308K)->2617K(3308K)
[0.239s][info][gc,metaspace   ] GC(6) Metaspace: 6297K(6464K)->6297K(6464K) NonClass: 5764K(5824K)->5764K(5824K) Class: 533K(640K)->533K(640K)
[0.239s][info][gc             ] GC(6) Pause Young (Allocation Failure) 3M->2M(4M) 1.953ms
[0.239s][info][gc,cpu         ] GC(6) User=0.00s Sys=0.00s Real=0.00s
[0.240s][info][gc,start       ] GC(7) Pause Young (Allocation Failure)
[0.242s][info][gc             ] GC(7) Pause Young (Allocation Failure) 4M->3M(4M) 2.031ms
[0.242s][info][gc,cpu         ] GC(7) User=0.00s Sys=0.00s Real=0.00s
[0.243s][info][gc,start       ] GC(8) Pause Full (Allocation Failure)
[0.243s][info][gc,phases,start] GC(8) Phase 1: Mark live objects
[0.245s][info][gc,phases      ] GC(8) Phase 1: Mark live objects 2.503ms
[0.245s][info][gc,phases,start] GC(8) Phase 2: Compute new object addresses
[0.246s][info][gc,phases      ] GC(8) Phase 2: Compute new object addresses 0.724ms
[0.246s][info][gc,phases,start] GC(8) Phase 3: Adjust pointers
[0.247s][info][gc,phases      ] GC(8) Phase 3: Adjust pointers 1.119ms
[0.247s][info][gc,phases,start] GC(8) Phase 4: Move objects
[0.247s][info][gc,phases      ] GC(8) Phase 4: Move objects 0.091ms
[0.247s][info][gc,heap        ] GC(8) DefNew: 1535K(1536K)->0K(2688K) Eden: 1408K(1408K)->0K(2432K) From: 127K(128K)->0K(256K)
[0.247s][info][gc,heap        ] GC(8) Tenured: 2617K(3308K)->3459K(5768K)
[0.247s][info][gc,metaspace   ] GC(8) Metaspace: 6297K(6464K)->6297K(6464K) NonClass: 5764K(5824K)->5764K(5824K) Class: 533K(640K)->533K(640K)
[0.247s][info][gc             ] GC(8) Pause Full (Allocation Failure) 3M->3M(8M) 4.771ms
[0.247s][info][gc,cpu         ] GC(8) User=0.00s Sys=0.00s Real=0.00s
[0.252s][info][gc,start       ] GC(9) Pause Young (Allocation Failure)
[0.255s][info][gc,heap        ] GC(9) DefNew: 2432K(2688K)->256K(2688K) Eden: 2432K(2432K)->0K(2432K) From: 0K(256K)->256K(256K)
[0.255s][info][gc,heap        ] GC(9) Tenured: 3459K(5768K)->4512K(5768K)
[0.255s][info][gc,metaspace   ] GC(9) Metaspace: 6297K(6464K)->6297K(6464K) NonClass: 5764K(5824K)->5764K(5824K) Class: 533K(640K)->533K(640K)
[0.255s][info][gc             ] GC(9) Pause Young (Allocation Failure) 5M->4M(8M) 3.761ms
[0.255s][info][gc,cpu         ] GC(9) User=0.00s Sys=0.00s Real=0.00s
[0.259s][info][gc,start       ] GC(10) Pause Young (Allocation Failure)
[0.263s][info][gc,heap        ] GC(10) DefNew: 2688K(2688K)->255K(2688K) Eden: 2432K(2432K)->0K(2432K) From: 256K(256K)->255K(256K)
[0.263s][info][gc,heap        ] GC(10) Tenured: 4512K(5768K)->5754K(5768K)
[0.263s][info][gc,metaspace   ] GC(10) Metaspace: 6297K(6464K)->6297K(6464K) NonClass: 5764K(5824K)->5764K(5824K) Class: 533K(640K)->533K(640K)
[0.263s][info][gc             ] GC(10) Pause Young (Allocation Failure) 7M->5M(8M) 3.594ms
[0.263s][info][gc,cpu         ] GC(10) User=0.00s Sys=0.00s Real=0.00s
[0.266s][info][gc,start       ] GC(11) Pause Young (Allocation Failure)
[0.270s][info][gc             ] GC(11) Pause Young (Allocation Failure) 8M->7M(9M) 3.608ms
[0.270s][info][gc,cpu         ] GC(11) User=0.00s Sys=0.00s Real=0.00s
[0.270s][info][gc,start       ] GC(12) Pause Full (Allocation Failure)
[0.270s][info][gc,phases,start] GC(12) Phase 1: Mark live objects
[0.274s][info][gc,phases      ] GC(12) Phase 1: Mark live objects 4.208ms
[0.274s][info][gc,phases,start] GC(12) Phase 2: Compute new object addresses
[0.276s][info][gc,phases      ] GC(12) Phase 2: Compute new object addresses 1.438ms
[0.276s][info][gc,phases,start] GC(12) Phase 3: Adjust pointers
[0.278s][info][gc,phases      ] GC(12) Phase 3: Adjust pointers 1.788ms
[0.278s][info][gc,phases,start] GC(12) Phase 4: Move objects
[0.279s][info][gc,phases      ] GC(12) Phase 4: Move objects 1.302ms
[0.279s][info][gc,heap        ] GC(12) DefNew: 2687K(2688K)->0K(5376K) Eden: 2432K(2432K)->0K(4800K) From: 255K(256K)->0K(576K)
[0.279s][info][gc,heap        ] GC(12) Tenured: 5754K(5768K)->7132K(11888K)
[0.279s][info][gc,metaspace   ] GC(12) Metaspace: 6297K(6464K)->6297K(6464K) NonClass: 5764K(5824K)->5764K(5824K) Class: 533K(640K)->533K(640K)
[0.279s][info][gc             ] GC(12) Pause Full (Allocation Failure) 7M->6M(16M) 9.306ms
[0.279s][info][gc,cpu         ] GC(12) User=0.00s Sys=0.00s Real=0.01s
[0.285s][info][gc,start       ] GC(13) Pause Young (Allocation Failure)
[0.290s][info][gc,heap        ] GC(13) DefNew: 4800K(5376K)->576K(5376K) Eden: 4800K(4800K)->0K(4800K) From: 0K(576K)->576K(576K)
[0.290s][info][gc,heap        ] GC(13) Tenured: 7132K(11888K)->9027K(11888K)
[0.290s][info][gc,metaspace   ] GC(13) Metaspace: 6297K(6464K)->6297K(6464K) NonClass: 5764K(5824K)->5764K(5824K) Class: 533K(640K)->533K(640K)
[0.290s][info][gc             ] GC(13) Pause Young (Allocation Failure) 11M->9M(16M) 5.045ms
[0.290s][info][gc,cpu         ] GC(13) User=0.00s Sys=0.00s Real=0.01s
[0.295s][info][gc,start       ] GC(14) Pause Young (Allocation Failure)
[0.302s][info][gc,heap        ] GC(14) DefNew: 5376K(5376K)->576K(5376K) Eden: 4800K(4800K)->0K(4800K) From: 576K(576K)->576K(576K)
[0.302s][info][gc,heap        ] GC(14) Tenured: 9027K(11888K)->11746K(11888K)
[0.302s][info][gc,metaspace   ] GC(14) Metaspace: 6297K(6464K)->6297K(6464K) NonClass: 5764K(5824K)->5764K(5824K) Class: 533K(640K)->533K(640K)
[0.302s][info][gc             ] GC(14) Pause Young (Allocation Failure) 14M->12M(16M) 6.539ms
[0.302s][info][gc,cpu         ] GC(14) User=0.02s Sys=0.00s Real=0.01s
[0.306s][info][gc,start       ] GC(15) Pause Young (Allocation Failure)
[0.313s][info][gc             ] GC(15) Pause Young (Allocation Failure) 16M->14M(19M) 7.179ms
[0.313s][info][gc,cpu         ] GC(15) User=0.00s Sys=0.00s Real=0.01s
[0.313s][info][gc,start       ] GC(16) Pause Full (Allocation Failure)
[0.313s][info][gc,phases,start] GC(16) Phase 1: Mark live objects
[0.322s][info][gc,phases      ] GC(16) Phase 1: Mark live objects 8.894ms
[0.322s][info][gc,phases,start] GC(16) Phase 2: Compute new object addresses
[0.325s][info][gc,phases      ] GC(16) Phase 2: Compute new object addresses 2.496ms
[0.325s][info][gc,phases,start] GC(16) Phase 3: Adjust pointers
[0.329s][info][gc,phases      ] GC(16) Phase 3: Adjust pointers 3.614ms
[0.329s][info][gc,phases,start] GC(16) Phase 4: Move objects
[0.329s][info][gc,phases      ] GC(16) Phase 4: Move objects 0.189ms
[0.329s][info][gc,heap        ] GC(16) DefNew: 5376K(5376K)->386K(10880K) Eden: 4800K(4800K)->386K(9728K) From: 576K(576K)->0K(1152K)
[0.329s][info][gc,heap        ] GC(16) Tenured: 11746K(11888K)->14383K(23976K)
[0.329s][info][gc,metaspace   ] GC(16) Metaspace: 6299K(6464K)->6299K(6464K) NonClass: 5766K(5824K)->5766K(5824K) Class: 533K(640K)->533K(640K)
[0.329s][info][gc             ] GC(16) Pause Full (Allocation Failure) 14M->14M(34M) 15.583ms
[0.329s][info][gc,cpu         ] GC(16) User=0.02s Sys=0.00s Real=0.02s
[0.336s][info][gc,start       ] GC(17) Pause Young (Allocation Failure)
[0.350s][info][gc,heap        ] GC(17) DefNew: 9728K(10880K)->1151K(10880K) Eden: 9728K(9728K)->0K(9728K) From: 0K(1152K)->1151K(1152K)
[0.350s][info][gc,heap        ] GC(17) Tenured: 14383K(23976K)->18415K(23976K)
[0.350s][info][gc,metaspace   ] GC(17) Metaspace: 6299K(6464K)->6299K(6464K) NonClass: 5766K(5824K)->5766K(5824K) Class: 533K(640K)->533K(640K)
[0.350s][info][gc             ] GC(17) Pause Young (Allocation Failure) 23M->19M(34M) 13.362ms
[0.350s][info][gc,cpu         ] GC(17) User=0.00s Sys=0.00s Real=0.01s
[0.360s][info][gc,start       ] GC(18) Pause Young (Allocation Failure)
[0.372s][info][gc,heap        ] GC(18) DefNew: 10879K(10880K)->1151K(10880K) Eden: 9728K(9728K)->0K(9728K) From: 1151K(1152K)->1151K(1152K)
[0.372s][info][gc,heap        ] GC(18) Tenured: 18415K(23976K)->23936K(23976K)
[0.372s][info][gc,metaspace   ] GC(18) Metaspace: 6299K(6464K)->6299K(6464K) NonClass: 5766K(5824K)->5766K(5824K) Class: 533K(640K)->533K(640K)
[0.372s][info][gc             ] GC(18) Pause Young (Allocation Failure) 28M->24M(34M) 12.130ms
[0.372s][info][gc,cpu         ] GC(18) User=0.00s Sys=0.00s Real=0.01s
[0.378s][info][gc,start       ] GC(19) Pause Young (Allocation Failure)
[0.389s][info][gc             ] GC(19) Pause Young (Allocation Failure) 34M->29M(38M) 11.314ms
[0.389s][info][gc,cpu         ] GC(19) User=0.00s Sys=0.00s Real=0.01s
[0.389s][info][gc,start       ] GC(20) Pause Full (Allocation Failure)
[0.389s][info][gc,phases,start] GC(20) Phase 1: Mark live objects
[0.403s][info][gc,phases      ] GC(20) Phase 1: Mark live objects 13.646ms
[0.403s][info][gc,phases,start] GC(20) Phase 2: Compute new object addresses
[0.407s][info][gc,phases      ] GC(20) Phase 2: Compute new object addresses 4.583ms
[0.407s][info][gc,phases,start] GC(20) Phase 3: Adjust pointers
[0.413s][info][gc,phases      ] GC(20) Phase 3: Adjust pointers 5.256ms
[0.413s][info][gc,phases,start] GC(20) Phase 4: Move objects
[0.413s][info][gc,phases      ] GC(20) Phase 4: Move objects 0.171ms
[0.413s][info][gc,heap        ] GC(20) DefNew: 10879K(10880K)->1079K(21888K) Eden: 9728K(9728K)->1079K(19520K) From: 1151K(1152K)->0K(2368K)
[0.413s][info][gc,heap        ] GC(20) Tenured: 23936K(23976K)->29035K(48396K)
[0.413s][info][gc,metaspace   ] GC(20) Metaspace: 6299K(6464K)->6299K(6464K) NonClass: 5766K(5824K)->5766K(5824K) Class: 533K(640K)->533K(640K)
[0.413s][info][gc             ] GC(20) Pause Full (Allocation Failure) 29M->29M(68M) 24.113ms
[0.413s][info][gc,cpu         ] GC(20) User=0.03s Sys=0.00s Real=0.02s
[0.429s][info][gc,start       ] GC(21) Pause Young (Allocation Failure)
[0.457s][info][gc,heap        ] GC(21) DefNew: 19520K(21888K)->2367K(21888K) Eden: 19520K(19520K)->0K(19520K) From: 0K(2368K)->2367K(2368K)
[0.457s][info][gc,heap        ] GC(21) Tenured: 29035K(48396K)->39350K(48396K)
[0.457s][info][gc,metaspace   ] GC(21) Metaspace: 6299K(6464K)->6299K(6464K) NonClass: 5766K(5824K)->5766K(5824K) Class: 533K(640K)->533K(640K)
[0.457s][info][gc             ] GC(21) Pause Young (Allocation Failure) 47M->40M(68M) 28.471ms
[0.457s][info][gc,cpu         ] GC(21) User=0.02s Sys=0.00s Real=0.03s
[0.473s][info][gc,start       ] GC(22) Pause Young (Allocation Failure)
[0.508s][info][gc             ] GC(22) Pause Young (Allocation Failure) 59M->59M(78M) 34.780ms
[0.508s][info][gc,cpu         ] GC(22) User=0.03s Sys=0.00s Real=0.03s
[0.508s][info][gc,start       ] GC(23) Pause Full (Allocation Failure)
[0.508s][info][gc,phases,start] GC(23) Phase 1: Mark live objects
[0.533s][info][gc,phases      ] GC(23) Phase 1: Mark live objects 24.714ms
[0.533s][info][gc,phases,start] GC(23) Phase 2: Compute new object addresses
[0.543s][info][gc,phases      ] GC(23) Phase 2: Compute new object addresses 10.018ms
[0.543s][info][gc,phases,start] GC(23) Phase 3: Adjust pointers
[0.554s][info][gc,phases      ] GC(23) Phase 3: Adjust pointers 11.195ms
[0.554s][info][gc,phases,start] GC(23) Phase 4: Move objects
[0.555s][info][gc,phases      ] GC(23) Phase 4: Move objects 0.410ms
[0.555s][info][gc,heap        ] GC(23) DefNew: 21887K(21888K)->2250K(44288K) Eden: 19520K(19520K)->2250K(39424K) From: 2367K(2368K)->0K(4864K)
[0.555s][info][gc,heap        ] GC(23) Tenured: 39350K(48396K)->58955K(98260K)
[0.555s][info][gc,metaspace   ] GC(23) Metaspace: 6299K(6464K)->6299K(6464K) NonClass: 5766K(5824K)->5766K(5824K) Class: 533K(640K)->533K(640K)
[0.555s][info][gc             ] GC(23) Pause Full (Allocation Failure) 59M->59M(139M) 47.049ms
[0.555s][info][gc,cpu         ] GC(23) User=0.05s Sys=0.00s Real=0.05s
[0.594s][info][gc,start       ] GC(24) Pause Young (Allocation Failure)
[0.655s][info][gc,heap        ] GC(24) DefNew: 39424K(44288K)->4863K(44288K) Eden: 39424K(39424K)->0K(39424K) From: 0K(4864K)->4863K(4864K)
[0.655s][info][gc,heap        ] GC(24) Tenured: 58955K(98260K)->93487K(98260K)
[0.655s][info][gc,metaspace   ] GC(24) Metaspace: 6299K(6464K)->6299K(6464K) NonClass: 5766K(5824K)->5766K(5824K) Class: 533K(640K)->533K(640K)
[0.655s][info][gc             ] GC(24) Pause Young (Allocation Failure) 96M->96M(139M) 61.131ms
[0.655s][info][gc,cpu         ] GC(24) User=0.05s Sys=0.00s Real=0.06s
[0.688s][info][gc,start       ] GC(25) Pause Young (Allocation Failure)
[0.758s][info][gc             ] GC(25) Pause Young (Allocation Failure) 134M->134M(173M) 69.770ms
[0.758s][info][gc,cpu         ] GC(25) User=0.08s Sys=0.00s Real=0.07s
[0.758s][info][gc,start       ] GC(26) Pause Full (Allocation Failure)
[0.758s][info][gc,phases,start] GC(26) Phase 1: Mark live objects
[0.812s][info][gc,phases      ] GC(26) Phase 1: Mark live objects 53.532ms
[0.812s][info][gc,phases,start] GC(26) Phase 2: Compute new object addresses
[0.833s][info][gc,phases      ] GC(26) Phase 2: Compute new object addresses 21.096ms
[0.833s][info][gc,phases,start] GC(26) Phase 3: Adjust pointers
[0.860s][info][gc,phases      ] GC(26) Phase 3: Adjust pointers 26.966ms
[0.860s][info][gc,phases,start] GC(26) Phase 4: Move objects
[0.885s][info][gc,phases      ] GC(26) Phase 4: Move objects 25.226ms
[0.886s][info][gc,heap        ] GC(26) DefNew: 44287K(44288K)->1013K(99712K) Eden: 39424K(39424K)->1013K(88640K) From: 4863K(4864K)->0K(11072K)
[0.886s][info][gc,heap        ] GC(26) Tenured: 93487K(98260K)->132887K(221480K)
[0.886s][info][gc,metaspace   ] GC(26) Metaspace: 6299K(6464K)->6299K(6464K) NonClass: 5766K(5824K)->5766K(5824K) Class: 533K(640K)->533K(640K)
[0.886s][info][gc             ] GC(26) Pause Full (Allocation Failure) 134M->130M(313M) 127.906ms
[0.886s][info][gc,cpu         ] GC(26) User=0.12s Sys=0.00s Real=0.13s
[0.980s][info][gc,start       ] GC(27) Pause Young (Allocation Failure)
[1.124s][info][gc,heap        ] GC(27) DefNew: 88640K(99712K)->11071K(99712K) Eden: 88640K(88640K)->0K(88640K) From: 0K(11072K)->11071K(11072K)
[1.124s][info][gc,heap        ] GC(27) Tenured: 132887K(221480K)->210423K(221480K)
[1.124s][info][gc,metaspace   ] GC(27) Metaspace: 6299K(6464K)->6299K(6464K) NonClass: 5766K(5824K)->5766K(5824K) Class: 533K(640K)->533K(640K)
[1.124s][info][gc             ] GC(27) Pause Young (Allocation Failure) 216M->216M(313M) 143.512ms
[1.124s][info][gc,cpu         ] GC(27) User=0.11s Sys=0.02s Real=0.14s
[1.201s][info][gc,start       ] GC(28) Pause Young (Allocation Failure)
[1.365s][info][gc             ] GC(28) Pause Young (Allocation Failure) 302M->302M(389M) 163.703ms
[1.365s][info][gc,cpu         ] GC(28) User=0.11s Sys=0.02s Real=0.16s
[1.365s][info][gc,start       ] GC(29) Pause Full (Allocation Failure)
[1.365s][info][gc,phases,start] GC(29) Phase 1: Mark live objects
[1.499s][info][gc,phases      ] GC(29) Phase 1: Mark live objects 134.476ms
[1.499s][info][gc,phases,start] GC(29) Phase 2: Compute new object addresses
[1.546s][info][gc,phases      ] GC(29) Phase 2: Compute new object addresses 46.731ms
[1.546s][info][gc,phases,start] GC(29) Phase 3: Adjust pointers
[1.599s][info][gc,phases      ] GC(29) Phase 3: Adjust pointers 52.404ms
[1.599s][info][gc,phases,start] GC(29) Phase 4: Move objects
[1.601s][info][gc,phases      ] GC(29) Phase 4: Move objects 2.145ms
[1.602s][info][gc,heap        ] GC(29) DefNew: 99711K(99712K)->10927K(224448K) Eden: 88640K(88640K)->10927K(199552K) From: 11071K(11072K)->0K(24896K)
[1.602s][info][gc,heap        ] GC(29) Tenured: 210423K(221480K)->299179K(498636K)
[1.602s][info][gc,metaspace   ] GC(29) Metaspace: 6299K(6464K)->6299K(6464K) NonClass: 5766K(5824K)->5766K(5824K) Class: 533K(640K)->533K(640K)
[1.602s][info][gc             ] GC(29) Pause Full (Allocation Failure) 302M->302M(706M) 236.986ms
[1.602s][info][gc,cpu         ] GC(29) User=0.22s Sys=0.02s Real=0.24s
[1.811s][info][gc,start       ] GC(30) Pause Young (Allocation Failure)
[2.142s][info][gc,heap        ] GC(30) DefNew: 199552K(224448K)->24895K(224448K) Eden: 199552K(199552K)->0K(199552K) From: 0K(24896K)->24895K(24896K)
[2.142s][info][gc,heap        ] GC(30) Tenured: 299179K(498636K)->473805K(498636K)
[2.142s][info][gc,metaspace   ] GC(30) Metaspace: 6299K(6464K)->6299K(6464K) NonClass: 5766K(5824K)->5766K(5824K) Class: 533K(640K)->533K(640K)
[2.142s][info][gc             ] GC(30) Pause Young (Allocation Failure) 487M->487M(706M) 331.193ms
[2.142s][info][gc,cpu         ] GC(30) User=0.23s Sys=0.09s Real=0.33s
[2.317s][info][gc,start       ] GC(31) Pause Young (Allocation Failure)
[2.700s][info][gc             ] GC(31) Pause Young (Allocation Failure) 681M->681M(876M) 383.180ms
[2.700s][info][gc,cpu         ] GC(31) User=0.30s Sys=0.06s Real=0.38s
[2.700s][info][gc,start       ] GC(32) Pause Full (Allocation Failure)
[2.700s][info][gc,phases,start] GC(32) Phase 1: Mark live objects
[3.002s][info][gc,phases      ] GC(32) Phase 1: Mark live objects 301.131ms
[3.002s][info][gc,phases,start] GC(32) Phase 2: Compute new object addresses
[3.106s][info][gc,phases      ] GC(32) Phase 2: Compute new object addresses 104.297ms
[3.106s][info][gc,phases,start] GC(32) Phase 3: Adjust pointers
[3.220s][info][gc,phases      ] GC(32) Phase 3: Adjust pointers 114.038ms
[3.220s][info][gc,phases,start] GC(32) Phase 4: Move objects
[3.225s][info][gc,phases      ] GC(32) Phase 4: Move objects 4.647ms
[3.227s][info][gc,heap        ] GC(32) DefNew: 224447K(224448K)->24799K(505152K) Eden: 199552K(199552K)->24799K(449088K) From: 24895K(24896K)->0K(56064K)
[3.227s][info][gc,heap        ] GC(32) Tenured: 473805K(498636K)->673423K(1122376K)
[3.227s][info][gc,metaspace   ] GC(32) Metaspace: 6299K(6464K)->6299K(6464K) NonClass: 5766K(5824K)->5766K(5824K) Class: 533K(640K)->533K(640K)
[3.227s][info][gc             ] GC(32) Pause Full (Allocation Failure) 681M->681M(1589M) 526.408ms
[3.227s][info][gc,cpu         ] GC(32) User=0.53s Sys=0.00s Real=0.53s
[3.679s][info][gc,start       ] GC(33) Pause Young (Allocation Failure)
[4.446s][info][gc,heap        ] GC(33) DefNew: 449088K(505152K)->56064K(505152K) Eden: 449088K(449088K)->0K(449088K) From: 0K(56064K)->56064K(56064K)
[4.446s][info][gc,heap        ] GC(33) Tenured: 673423K(1122376K)->1066421K(1122376K)
[4.446s][info][gc,metaspace   ] GC(33) Metaspace: 6299K(6464K)->6299K(6464K) NonClass: 5766K(5824K)->5766K(5824K) Class: 533K(640K)->533K(640K)
[4.446s][info][gc             ] GC(33) Pause Young (Allocation Failure) 1096M->1096M(1589M) 766.741ms
[4.446s][info][gc,cpu         ] GC(33) User=0.64s Sys=0.09s Real=0.77s
[4.898s][info][gc,start       ] GC(34) Pause Young (Allocation Failure)
[5.619s][info][gc             ] GC(34) Pause Young (Allocation Failure) 1534M->1481M(1920M) 721.598ms
[5.620s][info][gc,cpu         ] GC(34) User=0.59s Sys=0.11s Real=0.72s
[5.620s][info][gc,start       ] GC(35) Pause Full (Allocation Failure)
[5.620s][info][gc,phases,start] GC(35) Phase 1: Mark live objects
[6.268s][info][gc,phases      ] GC(35) Phase 1: Mark live objects 648.839ms
[6.268s][info][gc,phases,start] GC(35) Phase 2: Compute new object addresses
[6.482s][info][gc,phases      ] GC(35) Phase 2: Compute new object addresses 213.584ms
[6.482s][info][gc,phases,start] GC(35) Phase 3: Adjust pointers
[6.740s][info][gc,phases      ] GC(35) Phase 3: Adjust pointers 257.973ms
[6.740s][info][gc,phases,start] GC(35) Phase 4: Move objects
[6.751s][info][gc,phases      ] GC(35) Phase 4: Move objects 10.634ms
[6.755s][info][gc,heap        ] GC(35) DefNew: 505152K(505152K)->56011K(1095936K) Eden: 449088K(449088K)->56011K(974208K) From: 56064K(56064K)->0K(121728K)
[6.755s][info][gc,heap        ] GC(35) Tenured: 1066421K(1122376K)->1461132K(2435220K)
[6.755s][info][gc,metaspace   ] GC(35) Metaspace: 6299K(6464K)->6299K(6464K) NonClass: 5766K(5824K)->5766K(5824K) Class: 533K(640K)->533K(640K)
[6.755s][info][gc             ] GC(35) Pause Full (Allocation Failure) 1481M->1481M(3448M) 1135.400ms
[6.755s][info][gc,cpu         ] GC(35) User=1.11s Sys=0.00s Real=1.14s
[7.690s][info][gc,start       ] GC(36) Pause Young (Allocation Failure)
[9.399s][info][gc,heap        ] GC(36) DefNew: 974208K(1095936K)->121727K(1095936K) Eden: 974208K(974208K)->0K(974208K) From: 0K(121728K)->121727K(121728K)
[9.399s][info][gc,heap        ] GC(36) Tenured: 1461132K(2435220K)->2313578K(2435220K)
[9.399s][info][gc,metaspace   ] GC(36) Metaspace: 6299K(6464K)->6299K(6464K) NonClass: 5766K(5824K)->5766K(5824K) Class: 533K(640K)->533K(640K)
[9.399s][info][gc             ] GC(36) Pause Young (Allocation Failure) 2378M->2378M(3448M) 1709.289ms
[9.399s][info][gc,cpu         ] GC(36) User=1.33s Sys=0.36s Real=1.71s
[10.370s][info][gc,start       ] GC(37) Pause Young (Allocation Failure)
[12.040s][info][gc             ] GC(37) Pause Young (Allocation Failure) 3329M->3329M(4281M) 1669.568ms
[12.040s][info][gc,cpu         ] GC(37) User=1.34s Sys=0.31s Real=1.67s
[12.040s][info][gc,start       ] GC(38) Pause Full (Allocation Failure)
[12.040s][info][gc,phases,start] GC(38) Phase 1: Mark live objects
[13.497s][info][gc,phases      ] GC(38) Phase 1: Mark live objects 1457.512ms
[13.497s][info][gc,phases,start] GC(38) Phase 2: Compute new object addresses
[13.972s][info][gc,phases      ] GC(38) Phase 2: Compute new object addresses 474.799ms
[13.972s][info][gc,phases,start] GC(38) Phase 3: Adjust pointers
[14.621s][info][gc,phases      ] GC(38) Phase 3: Adjust pointers 648.448ms
[14.621s][info][gc,phases,start] GC(38) Phase 4: Move objects
[15.233s][info][gc,phases      ] GC(38) Phase 4: Move objects 612.359ms
[15.242s][info][gc,heap        ] GC(38) DefNew: 1095935K(1095936K)->27446K(2465920K) Eden: 974208K(974208K)->27446K(2191936K) From: 121727K(121728K)->0K(273984K)
[15.242s][info][gc,heap        ] GC(38) Tenured: 2313578K(2435220K)->3287832K(5479720K)
[15.242s][info][gc,metaspace   ] GC(38) Metaspace: 6299K(6464K)->6299K(6464K) NonClass: 5766K(5824K)->5766K(5824K) Class: 533K(640K)->533K(640K)
[15.242s][info][gc             ] GC(38) Pause Full (Allocation Failure) 3329M->3237M(7759M) 3202.632ms
[15.242s][info][gc,cpu         ] GC(38) User=3.19s Sys=0.02s Real=3.20s
[17.423s][info][gc,start       ] GC(39) Pause Young (Allocation Failure)
[21.165s][info][gc,heap        ] GC(39) DefNew: 2191936K(2465920K)->273983K(2465920K) Eden: 2191936K(2191936K)->0K(2191936K) From: 0K(273984K)->273983K(273984K)
[21.165s][info][gc,heap        ] GC(39) Tenured: 3287832K(5479720K)->5205754K(5479720K)
[21.165s][info][gc,metaspace   ] GC(39) Metaspace: 6299K(6464K)->6299K(6464K) NonClass: 5766K(5824K)->5766K(5824K) Class: 533K(640K)->533K(640K)
[21.165s][info][gc             ] GC(39) Pause Young (Allocation Failure) 5351M->5351M(7759M) 3742.861ms
[21.165s][info][gc,cpu         ] GC(39) User=3.25s Sys=0.45s Real=3.74s
[23.160s][info][gc,start       ] GC(40) Pause Young (Allocation Failure)
[26.749s][info][gc             ] GC(40) Pause Young (Allocation Failure) 7491M->7491M(9632M) 3589.308ms
[26.750s][info][gc,cpu         ] GC(40) User=3.02s Sys=0.52s Real=3.59s
[26.750s][info][gc,start       ] GC(41) Pause Full (Allocation Failure)
[26.750s][info][gc,phases,start] GC(41) Phase 1: Mark live objects
[29.990s][info][gc,phases      ] GC(41) Phase 1: Mark live objects 3240.731ms
[29.990s][info][gc,phases,start] GC(41) Phase 2: Compute new object addresses
[31.067s][info][gc,phases      ] GC(41) Phase 2: Compute new object addresses 1076.550ms
[31.067s][info][gc,phases,start] GC(41) Phase 3: Adjust pointers
[32.308s][info][gc,phases      ] GC(41) Phase 3: Adjust pointers 1240.512ms
[32.308s][info][gc,phases,start] GC(41) Phase 4: Move objects
[32.332s][info][gc,phases      ] GC(41) Phase 4: Move objects 24.365ms
[32.529s][info][gc,heap        ] GC(41) DefNew: 2465919K(2465920K)->273984K(5191680K) Eden: 2191936K(2191936K)->273984K(4614848K) From: 273983K(273984K)->0K(576832K)
[32.529s][info][gc,heap        ] GC(41) Tenured: 5205754K(5479720K)->7397660K(11537088K)
[32.529s][info][gc,metaspace   ] GC(41) Metaspace: 6299K(6464K)->6299K(6464K) NonClass: 5766K(5824K)->5766K(5824K) Class: 533K(640K)->533K(640K)
[32.530s][info][gc             ] GC(41) Pause Full (Allocation Failure) 7491M->7491M(16336M) 5779.958ms
[32.530s][info][gc,cpu         ] GC(41) User=5.58s Sys=0.00s Real=5.78s
[36.462s][info][gc,start       ] GC(42) Pause Young (Allocation Failure)
[59.060s][info][gc,heap        ] GC(42) DefNew: 4377667K(5191680K)->576831K(5191680K) Eden: 4377667K(4614848K)->0K(4614848K) From: 0K(576832K)->576831K(576832K)
[59.062s][info][gc,heap        ] GC(42) Tenured: 7397660K(11537088K)->11142187K(11537088K)
[59.062s][info][gc,metaspace   ] GC(42) Metaspace: 6299K(6464K)->6299K(6464K) NonClass: 5766K(5824K)->5766K(5824K) Class: 533K(640K)->533K(640K)
[59.062s][info][gc             ] GC(42) Pause Young (Allocation Failure) 11499M->11444M(16336M) 22600.008ms
[59.062s][info][gc,cpu         ] GC(42) User=5.33s Sys=5.67s Real=22.60s
[70.158s][info][gc,start       ] GC(43) Pause Young (Allocation Failure)
[70.158s][info][gc             ] GC(43) Pause Young (Allocation Failure) 15951M->15951M(16336M) 0.470ms
[70.158s][info][gc,cpu         ] GC(43) User=0.00s Sys=0.00s Real=0.00s
[70.158s][info][gc,start       ] GC(44) Pause Full (Allocation Failure)
[70.158s][info][gc,phases,start] GC(44) Phase 1: Mark live objects
[109.756s][info][gc,phases      ] GC(44) Phase 1: Mark live objects 39597.926ms
[109.756s][info][gc,phases,start] GC(44) Phase 2: Compute new object addresses
[133.840s][info][gc,phases      ] GC(44) Phase 2: Compute new object addresses 24083.203ms
[133.840s][info][gc,phases,start] GC(44) Phase 3: Adjust pointers
[186.055s][info][gc,phases      ] GC(44) Phase 3: Adjust pointers 52214.004ms
[186.055s][info][gc,phases,start] GC(44) Phase 4: Move objects
[186.974s][info][gc,phases      ] GC(44) Phase 4: Move objects 919.111ms
[187.024s][info][gc,heap        ] GC(44) DefNew: 5191679K(5191680K)->4912867K(5191680K) Eden: 4614848K(4614848K)->4614847K(4614848K) From: 576831K(576832K)->298019K(576832K)
[187.024s][info][gc,heap        ] GC(44) Tenured: 11142187K(11537088K)->11142187K(11537088K)
[187.024s][info][gc,metaspace   ] GC(44) Metaspace: 6299K(6464K)->6299K(6464K) NonClass: 5766K(5824K)->5766K(5824K) Class: 533K(640K)->533K(640K)
[187.025s][info][gc             ] GC(44) Pause Full (Allocation Failure) 15951M->15678M(16336M) 116866.619ms
[187.025s][info][gc,cpu         ] GC(44) User=12.52s Sys=48.83s Real=116.87s
[189.342s][info][gc,start       ] GC(45) Pause Full (Allocation Failure)
[189.343s][info][gc,phases,start] GC(45) Phase 1: Mark live objects
[236.933s][info][gc,phases      ] GC(45) Phase 1: Mark live objects 47590.041ms
[236.934s][info][gc,phases,start] GC(45) Phase 2: Compute new object addresses
[268.153s][info][gc,phases      ] GC(45) Phase 2: Compute new object addresses 31217.864ms
[268.155s][info][gc,phases,start] GC(45) Phase 3: Adjust pointers
[323.698s][info][gc,phases      ] GC(45) Phase 3: Adjust pointers 55541.837ms
[323.700s][info][gc,phases,start] GC(45) Phase 4: Move objects
[323.700s][info][gc,phases      ] GC(45) Phase 4: Move objects 0.635ms
[323.714s][info][gc,heap        ] GC(45) DefNew: 5191680K(5191680K)->5191680K(5191680K) Eden: 4614848K(4614848K)->4614848K(4614848K) From: 576832K(576832K)->576832K(576832K)
[323.714s][info][gc,heap        ] GC(45) Tenured: 11537087K(11537088K)->11537087K(11537088K)
[323.715s][info][gc,metaspace   ] GC(45) Metaspace: 6299K(6464K)->6299K(6464K) NonClass: 5766K(5824K)->5766K(5824K) Class: 533K(640K)->533K(640K)
[323.716s][info][gc             ] GC(45) Pause Full (Allocation Failure) 16336M->16336M(16336M) 134373.290ms
[323.716s][info][gc,cpu         ] GC(45) User=10.02s Sys=49.50s Real=134.37s
[323.716s][info][gc,start       ] GC(46) Pause Full (Allocation Failure)
[323.717s][info][gc,phases,start] GC(46) Phase 1: Mark live objects
[373.924s][info][gc,phases      ] GC(46) Phase 1: Mark live objects 50206.356ms
[373.925s][info][gc,phases,start] GC(46) Phase 2: Compute new object addresses
[403.464s][info][gc,phases      ] GC(46) Phase 2: Compute new object addresses 29538.713ms
[403.464s][info][gc,phases,start] GC(46) Phase 3: Adjust pointers
[461.755s][info][gc,phases      ] GC(46) Phase 3: Adjust pointers 58290.255ms
[461.756s][info][gc,phases,start] GC(46) Phase 4: Move objects
[492.222s][info][gc,phases      ] GC(46) Phase 4: Move objects 30464.156ms
[492.262s][info][gc,heap        ] GC(46) DefNew: 5191680K(5191680K)->5191680K(5191680K) Eden: 4614848K(4614848K)->4614848K(4614848K) From: 576832K(576832K)->576832K(576832K)
[492.262s][info][gc,heap        ] GC(46) Tenured: 11537087K(11537088K)->11406011K(11537088K)
[492.262s][info][gc,metaspace   ] GC(46) Metaspace: 6299K(6464K)->6297K(6464K) NonClass: 5766K(5824K)->5764K(5824K) Class: 533K(640K)->532K(640K)
[492.264s][info][gc             ] GC(46) Pause Full (Allocation Failure) 16336M->16208M(16336M) 168547.962ms
[492.264s][info][gc,cpu         ] GC(46) User=12.23s Sys=59.03s Real=168.55s
[494.141s][info][gc,start       ] GC(47) Pause Full (Allocation Failure)
[494.142s][info][gc,phases,start] GC(47) Phase 1: Mark live objects
[531.171s][info][gc,phases      ] GC(47) Phase 1: Mark live objects 37028.651ms
[531.173s][info][gc,phases,start] GC(47) Phase 2: Compute new object addresses
[559.600s][info][gc,phases      ] GC(47) Phase 2: Compute new object addresses 28426.885ms
[559.600s][info][gc,phases,start] GC(47) Phase 3: Adjust pointers
[610.007s][info][gc,phases      ] GC(47) Phase 3: Adjust pointers 50406.005ms
[610.008s][info][gc,phases,start] GC(47) Phase 4: Move objects
[610.008s][info][gc,phases      ] GC(47) Phase 4: Move objects 0.291ms
[610.021s][info][gc,heap        ] GC(47) DefNew: 5191680K(5191680K)->5191680K(5191680K) Eden: 4614848K(4614848K)->4614848K(4614848K) From: 576832K(576832K)->576832K(576832K)
[610.021s][info][gc,heap        ] GC(47) Tenured: 11537087K(11537088K)->11537087K(11537088K)
[610.022s][info][gc,metaspace   ] GC(47) Metaspace: 6297K(6464K)->6297K(6464K) NonClass: 5764K(5824K)->5764K(5824K) Class: 532K(640K)->532K(640K)
[610.024s][info][gc             ] GC(47) Pause Full (Allocation Failure) 16336M->16336M(16336M) 115881.410ms
[610.024s][info][gc,cpu         ] GC(47) User=10.80s Sys=35.45s Real=115.88s
[610.024s][info][gc,start       ] GC(48) Pause Full (Allocation Failure)
[610.024s][info][gc,phases,start] GC(48) Phase 1: Mark live objects
[657.156s][info][gc,phases      ] GC(48) Phase 1: Mark live objects 47132.160ms
[657.157s][info][gc,phases,start] GC(48) Phase 2: Compute new object addresses
[681.288s][info][gc,phases      ] GC(48) Phase 2: Compute new object addresses 24131.619ms
[681.288s][info][gc,phases,start] GC(48) Phase 3: Adjust pointers
[736.758s][info][gc,phases      ] GC(48) Phase 3: Adjust pointers 55455.601ms
[736.759s][info][gc,phases,start] GC(48) Phase 4: Move objects
[736.760s][info][gc,phases      ] GC(48) Phase 4: Move objects 0.214ms
[736.773s][info][gc,heap        ] GC(48) DefNew: 5191680K(5191680K)->5191680K(5191680K) Eden: 4614848K(4614848K)->4614848K(4614848K) From: 576832K(576832K)->576832K(576832K)
[736.773s][info][gc,heap        ] GC(48) Tenured: 11537087K(11537088K)->11537087K(11537088K)
[736.773s][info][gc,metaspace   ] GC(48) Metaspace: 6297K(6464K)->6297K(6464K) NonClass: 5764K(5824K)->5764K(5824K) Class: 532K(640K)->532K(640K)
[736.773s][info][gc             ] GC(48) Pause Full (Allocation Failure) 16336M->16336M(16336M) 126749.546ms
[736.773s][info][gc,cpu         ] GC(48) User=10.75s Sys=48.30s Real=126.75s
[736.795s][info][gc,start       ] GC(49) Pause Full (Allocation Failure)
[736.795s][info][gc,phases,start] GC(49) Phase 1: Mark live objects
[784.188s][info][gc,phases      ] GC(49) Phase 1: Mark live objects 47393.037ms
[784.189s][info][gc,phases,start] GC(49) Phase 2: Compute new object addresses
[810.252s][info][gc,phases      ] GC(49) Phase 2: Compute new object addresses 26062.173ms
[810.252s][info][gc,phases,start] GC(49) Phase 3: Adjust pointers
[867.283s][info][gc,phases      ] GC(49) Phase 3: Adjust pointers 57030.003ms
[867.283s][info][gc,phases,start] GC(49) Phase 4: Move objects
[867.284s][info][gc,phases      ] GC(49) Phase 4: Move objects 0.141ms
[867.293s][info][gc,heap        ] GC(49) DefNew: 5191680K(5191680K)->5191680K(5191680K) Eden: 4614848K(4614848K)->4614848K(4614848K) From: 576832K(576832K)->576832K(576832K)
[867.293s][info][gc,heap        ] GC(49) Tenured: 11537088K(11537088K)->11537088K(11537088K)
[867.293s][info][gc,metaspace   ] GC(49) Metaspace: 6297K(6464K)->6297K(6464K) NonClass: 5764K(5824K)->5764K(5824K) Class: 532K(640K)->532K(640K)
[867.295s][info][gc             ] GC(49) Pause Full (Allocation Failure) 16336M->16336M(16336M) 130499.188ms
[867.295s][info][gc,cpu         ] GC(49) User=11.72s Sys=46.33s Real=130.50s
[867.295s][info][gc,start       ] GC(50) Pause Full (Allocation Failure)
[867.295s][info][gc,phases,start] GC(50) Phase 1: Mark live objects
[918.140s][info][gc,phases      ] GC(50) Phase 1: Mark live objects 50844.612ms
[918.141s][info][gc,phases,start] GC(50) Phase 2: Compute new object addresses
[941.060s][info][gc,phases      ] GC(50) Phase 2: Compute new object addresses 22919.321ms
[941.060s][info][gc,phases,start] GC(50) Phase 3: Adjust pointers
[999.080s][info][gc,phases      ] GC(50) Phase 3: Adjust pointers 58017.123ms
[999.080s][info][gc,phases,start] GC(50) Phase 4: Move objects
[1031.939s][info][gc,phases      ] GC(50) Phase 4: Move objects 32858.871ms
[1031.957s][info][gc,heap        ] GC(50) DefNew: 5191680K(5191680K)->5191680K(5191680K) Eden: 4614848K(4614848K)->4614848K(4614848K) From: 576832K(576832K)->576832K(576832K)
[1031.957s][info][gc,heap        ] GC(50) Tenured: 11537088K(11537088K)->11537086K(11537088K)
[1031.957s][info][gc,metaspace   ] GC(50) Metaspace: 6297K(6464K)->6297K(6464K) NonClass: 5764K(5824K)->5764K(5824K) Class: 532K(640K)->532K(640K)
[1031.959s][info][gc             ] GC(50) Pause Full (Allocation Failure) 16336M->16336M(16336M) 164664.381ms
[1031.960s][info][gc,cpu         ] GC(50) User=12.17s Sys=58.41s Real=164.67s
[1032.622s][info][gc,start       ] GC(51) Pause Full (Allocation Failure)
[1032.623s][info][gc,phases,start] GC(51) Phase 1: Mark live objects
[1069.675s][info][gc,phases      ] GC(51) Phase 1: Mark live objects 37051.740ms
[1069.677s][info][gc,phases,start] GC(51) Phase 2: Compute new object addresses
[1098.768s][info][gc,phases      ] GC(51) Phase 2: Compute new object addresses 29090.446ms
[1098.768s][info][gc,phases,start] GC(51) Phase 3: Adjust pointers
[1155.034s][info][gc,phases      ] GC(51) Phase 3: Adjust pointers 56265.950ms
[1155.034s][info][gc,phases,start] GC(51) Phase 4: Move objects
[1155.034s][info][gc,phases      ] GC(51) Phase 4: Move objects 0.196ms
[1155.050s][info][gc,heap        ] GC(51) DefNew: 5191680K(5191680K)->5191680K(5191680K) Eden: 4614848K(4614848K)->4614848K(4614848K) From: 576832K(576832K)->576832K(576832K)
[1155.050s][info][gc,heap        ] GC(51) Tenured: 11537087K(11537088K)->11537087K(11537088K)
[1155.050s][info][gc,metaspace   ] GC(51) Metaspace: 6299K(6464K)->6299K(6464K) NonClass: 5765K(5824K)->5765K(5824K) Class: 533K(640K)->533K(640K)
[1155.050s][info][gc             ] GC(51) Pause Full (Allocation Failure) 16336M->16336M(16336M) 122428.471ms
[1155.051s][info][gc,cpu         ] GC(51) User=9.67s Sys=45.94s Real=122.43s
[1155.051s][info][gc,start       ] GC(52) Pause Full (Allocation Failure)
[1155.051s][info][gc,phases,start] GC(52) Phase 1: Mark live objects
[1204.328s][info][gc,phases      ] GC(52) Phase 1: Mark live objects 49276.462ms
[1204.330s][info][gc,phases,start] GC(52) Phase 2: Compute new object addresses
[1228.462s][info][gc,phases      ] GC(52) Phase 2: Compute new object addresses 24129.883ms
[1228.464s][info][gc,phases,start] GC(52) Phase 3: Adjust pointers
[1286.032s][info][gc,phases      ] GC(52) Phase 3: Adjust pointers 57566.968ms
[1286.033s][info][gc,phases,start] GC(52) Phase 4: Move objects
[1321.303s][info][gc,phases      ] GC(52) Phase 4: Move objects 35270.174ms
[1321.320s][info][gc,heap        ] GC(52) DefNew: 5191680K(5191680K)->5191680K(5191680K) Eden: 4614848K(4614848K)->4614848K(4614848K) From: 576832K(576832K)->576832K(576832K)
[1321.320s][info][gc,heap        ] GC(52) Tenured: 11537087K(11537088K)->11537084K(11537088K)
[1321.320s][info][gc,metaspace   ] GC(52) Metaspace: 6299K(6464K)->6299K(6464K) NonClass: 5765K(5824K)->5765K(5824K) Class: 533K(640K)->533K(640K)
[1321.322s][info][gc             ] GC(52) Pause Full (Allocation Failure) 16336M->16336M(16336M) 166271.062ms
[1321.322s][info][gc,cpu         ] GC(52) User=11.41s Sys=53.73s Real=166.27s
[1321.357s][info][gc,heap,exit   ] Heap
[1321.357s][info][gc,heap,exit   ]  def new generation   total 5191680K, used 5191680K [0x00000003dfc00000, 0x000000053fd50000, 0x000000053fd50000)
[1321.357s][info][gc,heap,exit   ]   eden space 4614848K, 100% used [0x00000003dfc00000, 0x00000004f96b0000, 0x00000004f96b0000)
[1321.357s][info][gc,heap,exit   ]   from space 576832K, 100% used [0x000000051ca00000, 0x000000053fd50000, 0x000000053fd50000)
[1321.357s][info][gc,heap,exit   ]   to   space 576832K,   0% used [0x00000004f96b0000, 0x00000004f96b0000, 0x000000051ca00000)
[1321.357s][info][gc,heap,exit   ]  tenured generation   total 11537088K, used 11537085K [0x000000053fd50000, 0x0000000800000000, 0x0000000800000000)
[1321.357s][info][gc,heap,exit   ]    the space 11537088K,  99% used [0x000000053fd50000, 0x00000007fffff660, 0x00000007fffff800, 0x0000000800000000)
[1321.357s][info][gc,heap,exit   ]  Metaspace       used 6302K, committed 6464K, reserved 1114112K
[1321.357s][info][gc,heap,exit   ]   class space    used 534K, committed 640K, reserved 1048576K
