[0.011s][info][gc,init] CardTable entry size: 512
[0.011s][info][gc     ] Using Serial
[0.011s][info][gc,init] Version: 18.0.1+10 (release)
[0.011s][info][gc,init] CPUs: 8 total, 8 available
[0.011s][info][gc,init] Memory: 16063M
[0.011s][info][gc,init] Large Page Support: Disabled
[0.011s][info][gc,init] NUMA Support: Disabled
[0.011s][info][gc,init] Compressed Oops: Enabled (Zero based)
[0.011s][info][gc,init] Heap Min Capacity: 2M
[0.011s][info][gc,init] Heap Initial Capacity: 2M
[0.011s][info][gc,init] Heap Max Capacity: 6200M
[0.011s][info][gc,init] Pre-touch: Disabled
[0.012s][info][gc,metaspace] CDS archive(s) not mapped
[0.012s][info][gc,metaspace] Compressed class space mapped at: 0x0000000800000000-0x0000000840000000, reserved size: 1073741824
[0.012s][info][gc,metaspace] Narrow klass base: 0x0000000800000000, Narrow klass shift: 0, Narrow klass range: 0x40000000
[0.169s][info][gc,start    ] GC(0) Pause Young (Allocation Failure)
[0.170s][info][gc,heap     ] GC(0) DefNew: 1023K(1152K)->127K(1152K) Eden: 1023K(1024K)->0K(1024K) From: 0K(128K)->127K(128K)
[0.170s][info][gc,heap     ] GC(0) Tenured: 0K(768K)->439K(768K)
[0.170s][info][gc,metaspace] GC(0) Metaspace: 5902K(6016K)->5902K(6016K) NonClass: 5403K(5504K)->5403K(5504K) Class: 499K(512K)->499K(512K)
[0.170s][info][gc          ] GC(0) Pause Young (Allocation Failure) 0M->0M(1M) 1.592ms
[0.170s][info][gc,cpu      ] GC(0) User=0.00s Sys=0.00s Real=0.00s
[0.190s][info][gc,start    ] GC(1) Pause Young (Allocation Failure)
[0.191s][info][gc          ] GC(1) Pause Young (Allocation Failure) 1M->0M(2M) 1.296ms
[0.191s][info][gc,cpu      ] GC(1) User=0.00s Sys=0.00s Real=0.00s
[0.191s][info][gc,start    ] GC(2) Pause Full (Allocation Failure)
[0.191s][info][gc,phases,start] GC(2) Phase 1: Mark live objects
[0.192s][info][gc,phases      ] GC(2) Phase 1: Mark live objects 0.896ms
[0.192s][info][gc,phases,start] GC(2) Phase 2: Compute new object addresses
[0.192s][info][gc,phases      ] GC(2) Phase 2: Compute new object addresses 0.193ms
[0.192s][info][gc,phases,start] GC(2) Phase 3: Adjust pointers
[0.193s][info][gc,phases      ] GC(2) Phase 3: Adjust pointers 0.453ms
[0.193s][info][gc,phases,start] GC(2) Phase 4: Move objects
[0.193s][info][gc,phases      ] GC(2) Phase 4: Move objects 0.062ms
[0.193s][info][gc,heap        ] GC(2) DefNew: 1151K(1152K)->40K(1152K) Eden: 1024K(1024K)->40K(1024K) From: 127K(128K)->0K(128K)
[0.193s][info][gc,heap        ] GC(2) Tenured: 439K(768K)->959K(1600K)
[0.193s][info][gc,metaspace   ] GC(2) Metaspace: 6300K(6464K)->6300K(6464K) NonClass: 5767K(5824K)->5767K(5824K) Class: 533K(640K)->533K(640K)
[0.193s][info][gc             ] GC(2) Pause Full (Allocation Failure) 0M->0M(2M) 1.852ms
[0.193s][info][gc,cpu         ] GC(2) User=0.00s Sys=0.00s Real=0.00s
[0.194s][info][gc,start       ] GC(3) Pause Young (Allocation Failure)
[0.195s][info][gc,heap        ] GC(3) DefNew: 1024K(1152K)->128K(1152K) Eden: 1024K(1024K)->0K(1024K) From: 0K(128K)->128K(128K)
[0.195s][info][gc,heap        ] GC(3) Tenured: 959K(1600K)->1374K(1600K)
[0.195s][info][gc,metaspace   ] GC(3) Metaspace: 6300K(6464K)->6300K(6464K) NonClass: 5767K(5824K)->5767K(5824K) Class: 533K(640K)->533K(640K)
[0.195s][info][gc             ] GC(3) Pause Young (Allocation Failure) 1M->1M(2M) 1.250ms
[0.195s][info][gc,cpu         ] GC(3) User=0.00s Sys=0.00s Real=0.00s
[0.196s][info][gc,start       ] GC(4) Pause Young (Allocation Failure)
[0.198s][info][gc             ] GC(4) Pause Young (Allocation Failure) 2M->1M(3M) 1.264ms
[0.198s][info][gc,cpu         ] GC(4) User=0.00s Sys=0.00s Real=0.00s
[0.198s][info][gc,start       ] GC(5) Pause Full (Allocation Failure)
[0.198s][info][gc,phases,start] GC(5) Phase 1: Mark live objects
[0.199s][info][gc,phases      ] GC(5) Phase 1: Mark live objects 1.527ms
[0.199s][info][gc,phases,start] GC(5) Phase 2: Compute new object addresses
[0.200s][info][gc,phases      ] GC(5) Phase 2: Compute new object addresses 0.377ms
[0.200s][info][gc,phases,start] GC(5) Phase 3: Adjust pointers
[0.201s][info][gc,phases      ] GC(5) Phase 3: Adjust pointers 0.698ms
[0.201s][info][gc,phases,start] GC(5) Phase 4: Move objects
[0.201s][info][gc,phases      ] GC(5) Phase 4: Move objects 0.075ms
[0.201s][info][gc,heap        ] GC(5) DefNew: 1152K(1152K)->34K(1536K) Eden: 1024K(1024K)->34K(1408K) From: 128K(128K)->0K(128K)
[0.201s][info][gc,heap        ] GC(5) Tenured: 1374K(1600K)->1984K(3308K)
[0.201s][info][gc,metaspace   ] GC(5) Metaspace: 6300K(6464K)->6300K(6464K) NonClass: 5767K(5824K)->5767K(5824K) Class: 533K(640K)->533K(640K)
[0.201s][info][gc             ] GC(5) Pause Full (Allocation Failure) 1M->1M(4M) 3.015ms
[0.201s][info][gc,cpu         ] GC(5) User=0.00s Sys=0.00s Real=0.00s
[0.203s][info][gc,start       ] GC(6) Pause Young (Allocation Failure)
[0.205s][info][gc,heap        ] GC(6) DefNew: 1408K(1536K)->127K(1536K) Eden: 1408K(1408K)->0K(1408K) From: 0K(128K)->127K(128K)
[0.205s][info][gc,heap        ] GC(6) Tenured: 1984K(3308K)->2617K(3308K)
[0.205s][info][gc,metaspace   ] GC(6) Metaspace: 6300K(6464K)->6300K(6464K) NonClass: 5767K(5824K)->5767K(5824K) Class: 533K(640K)->533K(640K)
[0.205s][info][gc             ] GC(6) Pause Young (Allocation Failure) 3M->2M(4M) 2.137ms
[0.205s][info][gc,cpu         ] GC(6) User=0.00s Sys=0.00s Real=0.00s
[0.206s][info][gc,start       ] GC(7) Pause Young (Allocation Failure)
[0.208s][info][gc             ] GC(7) Pause Young (Allocation Failure) 4M->3M(4M) 1.599ms
[0.208s][info][gc,cpu         ] GC(7) User=0.00s Sys=0.00s Real=0.00s
[0.208s][info][gc,start       ] GC(8) Pause Full (Allocation Failure)
[0.208s][info][gc,phases,start] GC(8) Phase 1: Mark live objects
[0.210s][info][gc,phases      ] GC(8) Phase 1: Mark live objects 2.080ms
[0.210s][info][gc,phases,start] GC(8) Phase 2: Compute new object addresses
[0.211s][info][gc,phases      ] GC(8) Phase 2: Compute new object addresses 0.616ms
[0.211s][info][gc,phases,start] GC(8) Phase 3: Adjust pointers
[0.212s][info][gc,phases      ] GC(8) Phase 3: Adjust pointers 0.941ms
[0.212s][info][gc,phases,start] GC(8) Phase 4: Move objects
[0.212s][info][gc,phases      ] GC(8) Phase 4: Move objects 0.082ms
[0.212s][info][gc,heap        ] GC(8) DefNew: 1535K(1536K)->0K(2688K) Eden: 1408K(1408K)->0K(2432K) From: 127K(128K)->0K(256K)
[0.212s][info][gc,heap        ] GC(8) Tenured: 2617K(3308K)->3459K(5768K)
[0.212s][info][gc,metaspace   ] GC(8) Metaspace: 6300K(6464K)->6300K(6464K) NonClass: 5767K(5824K)->5767K(5824K) Class: 533K(640K)->533K(640K)
[0.212s][info][gc             ] GC(8) Pause Full (Allocation Failure) 3M->3M(8M) 4.059ms
[0.212s][info][gc,cpu         ] GC(8) User=0.00s Sys=0.00s Real=0.00s
[0.216s][info][gc,start       ] GC(9) Pause Young (Allocation Failure)
[0.219s][info][gc,heap        ] GC(9) DefNew: 2432K(2688K)->256K(2688K) Eden: 2432K(2432K)->0K(2432K) From: 0K(256K)->256K(256K)
[0.219s][info][gc,heap        ] GC(9) Tenured: 3459K(5768K)->4512K(5768K)
[0.219s][info][gc,metaspace   ] GC(9) Metaspace: 6300K(6464K)->6300K(6464K) NonClass: 5767K(5824K)->5767K(5824K) Class: 533K(640K)->533K(640K)
[0.219s][info][gc             ] GC(9) Pause Young (Allocation Failure) 5M->4M(8M) 3.614ms
[0.219s][info][gc,cpu         ] GC(9) User=0.00s Sys=0.00s Real=0.00s
[0.222s][info][gc,start       ] GC(10) Pause Young (Allocation Failure)
[0.225s][info][gc,heap        ] GC(10) DefNew: 2688K(2688K)->256K(2688K) Eden: 2432K(2432K)->0K(2432K) From: 256K(256K)->256K(256K)
[0.225s][info][gc,heap        ] GC(10) Tenured: 4512K(5768K)->5754K(5768K)
[0.225s][info][gc,metaspace   ] GC(10) Metaspace: 6300K(6464K)->6300K(6464K) NonClass: 5767K(5824K)->5767K(5824K) Class: 533K(640K)->533K(640K)
[0.225s][info][gc             ] GC(10) Pause Young (Allocation Failure) 7M->5M(8M) 3.028ms
[0.225s][info][gc,cpu         ] GC(10) User=0.00s Sys=0.00s Real=0.00s
[0.228s][info][gc,start       ] GC(11) Pause Young (Allocation Failure)
[0.231s][info][gc             ] GC(11) Pause Young (Allocation Failure) 8M->7M(9M) 3.049ms
[0.231s][info][gc,cpu         ] GC(11) User=0.00s Sys=0.00s Real=0.00s
[0.231s][info][gc,start       ] GC(12) Pause Full (Allocation Failure)
[0.232s][info][gc,phases,start] GC(12) Phase 1: Mark live objects
[0.236s][info][gc,phases      ] GC(12) Phase 1: Mark live objects 4.009ms
[0.236s][info][gc,phases,start] GC(12) Phase 2: Compute new object addresses
[0.237s][info][gc,phases      ] GC(12) Phase 2: Compute new object addresses 1.258ms
[0.237s][info][gc,phases,start] GC(12) Phase 3: Adjust pointers
[0.239s][info][gc,phases      ] GC(12) Phase 3: Adjust pointers 2.217ms
[0.239s][info][gc,phases,start] GC(12) Phase 4: Move objects
[0.241s][info][gc,phases      ] GC(12) Phase 4: Move objects 1.396ms
[0.241s][info][gc,heap        ] GC(12) DefNew: 2688K(2688K)->0K(5376K) Eden: 2432K(2432K)->0K(4800K) From: 256K(256K)->0K(576K)
[0.241s][info][gc,heap        ] GC(12) Tenured: 5754K(5768K)->7132K(11888K)
[0.241s][info][gc,metaspace   ] GC(12) Metaspace: 6300K(6464K)->6300K(6464K) NonClass: 5767K(5824K)->5767K(5824K) Class: 533K(640K)->533K(640K)
[0.241s][info][gc             ] GC(12) Pause Full (Allocation Failure) 7M->6M(16M) 9.461ms
[0.241s][info][gc,cpu         ] GC(12) User=0.00s Sys=0.00s Real=0.01s
[0.246s][info][gc,start       ] GC(13) Pause Young (Allocation Failure)
[0.251s][info][gc,heap        ] GC(13) DefNew: 4800K(5376K)->576K(5376K) Eden: 4800K(4800K)->0K(4800K) From: 0K(576K)->576K(576K)
[0.251s][info][gc,heap        ] GC(13) Tenured: 7132K(11888K)->9027K(11888K)
[0.251s][info][gc,metaspace   ] GC(13) Metaspace: 6300K(6464K)->6300K(6464K) NonClass: 5767K(5824K)->5767K(5824K) Class: 533K(640K)->533K(640K)
[0.251s][info][gc             ] GC(13) Pause Young (Allocation Failure) 11M->9M(16M) 5.407ms
[0.251s][info][gc,cpu         ] GC(13) User=0.00s Sys=0.00s Real=0.01s
[0.256s][info][gc,start       ] GC(14) Pause Young (Allocation Failure)
[0.261s][info][gc,heap        ] GC(14) DefNew: 5376K(5376K)->576K(5376K) Eden: 4800K(4800K)->0K(4800K) From: 576K(576K)->576K(576K)
[0.261s][info][gc,heap        ] GC(14) Tenured: 9027K(11888K)->11746K(11888K)
[0.261s][info][gc,metaspace   ] GC(14) Metaspace: 6300K(6464K)->6300K(6464K) NonClass: 5767K(5824K)->5767K(5824K) Class: 533K(640K)->533K(640K)
[0.262s][info][gc             ] GC(14) Pause Young (Allocation Failure) 14M->12M(16M) 5.951ms
[0.262s][info][gc,cpu         ] GC(14) User=0.00s Sys=0.00s Real=0.01s
[0.265s][info][gc,start       ] GC(15) Pause Young (Allocation Failure)
[0.271s][info][gc             ] GC(15) Pause Young (Allocation Failure) 16M->14M(19M) 5.795ms
[0.271s][info][gc,cpu         ] GC(15) User=0.00s Sys=0.00s Real=0.01s
[0.271s][info][gc,start       ] GC(16) Pause Full (Allocation Failure)
[0.271s][info][gc,phases,start] GC(16) Phase 1: Mark live objects
[0.279s][info][gc,phases      ] GC(16) Phase 1: Mark live objects 7.798ms
[0.279s][info][gc,phases,start] GC(16) Phase 2: Compute new object addresses
[0.281s][info][gc,phases      ] GC(16) Phase 2: Compute new object addresses 2.326ms
[0.281s][info][gc,phases,start] GC(16) Phase 3: Adjust pointers
[0.284s][info][gc,phases      ] GC(16) Phase 3: Adjust pointers 2.927ms
[0.284s][info][gc,phases,start] GC(16) Phase 4: Move objects
[0.284s][info][gc,phases      ] GC(16) Phase 4: Move objects 0.188ms
[0.285s][info][gc,heap        ] GC(16) DefNew: 5376K(5376K)->386K(10880K) Eden: 4800K(4800K)->386K(9728K) From: 576K(576K)->0K(1152K)
[0.285s][info][gc,heap        ] GC(16) Tenured: 11746K(11888K)->14383K(23976K)
[0.285s][info][gc,metaspace   ] GC(16) Metaspace: 6302K(6464K)->6302K(6464K) NonClass: 5769K(5824K)->5769K(5824K) Class: 533K(640K)->533K(640K)
[0.285s][info][gc             ] GC(16) Pause Full (Allocation Failure) 14M->14M(34M) 13.616ms
[0.285s][info][gc,cpu         ] GC(16) User=0.02s Sys=0.00s Real=0.01s
[0.292s][info][gc,start       ] GC(17) Pause Young (Allocation Failure)
[0.306s][info][gc,heap        ] GC(17) DefNew: 9728K(10880K)->1151K(10880K) Eden: 9728K(9728K)->0K(9728K) From: 0K(1152K)->1151K(1152K)
[0.306s][info][gc,heap        ] GC(17) Tenured: 14383K(23976K)->18415K(23976K)
[0.306s][info][gc,metaspace   ] GC(17) Metaspace: 6302K(6464K)->6302K(6464K) NonClass: 5769K(5824K)->5769K(5824K) Class: 533K(640K)->533K(640K)
[0.306s][info][gc             ] GC(17) Pause Young (Allocation Failure) 23M->19M(34M) 13.488ms
[0.306s][info][gc,cpu         ] GC(17) User=0.00s Sys=0.00s Real=0.01s
[0.314s][info][gc,start       ] GC(18) Pause Young (Allocation Failure)
[0.327s][info][gc,heap        ] GC(18) DefNew: 10879K(10880K)->1151K(10880K) Eden: 9728K(9728K)->0K(9728K) From: 1151K(1152K)->1151K(1152K)
[0.327s][info][gc,heap        ] GC(18) Tenured: 18415K(23976K)->23936K(23976K)
[0.327s][info][gc,metaspace   ] GC(18) Metaspace: 6302K(6464K)->6302K(6464K) NonClass: 5769K(5824K)->5769K(5824K) Class: 533K(640K)->533K(640K)
[0.327s][info][gc             ] GC(18) Pause Young (Allocation Failure) 28M->24M(34M) 13.108ms
[0.327s][info][gc,cpu         ] GC(18) User=0.00s Sys=0.00s Real=0.01s
[0.333s][info][gc,start       ] GC(19) Pause Young (Allocation Failure)
[0.345s][info][gc             ] GC(19) Pause Young (Allocation Failure) 34M->29M(38M) 11.943ms
[0.345s][info][gc,cpu         ] GC(19) User=0.00s Sys=0.00s Real=0.01s
[0.345s][info][gc,start       ] GC(20) Pause Full (Allocation Failure)
[0.345s][info][gc,phases,start] GC(20) Phase 1: Mark live objects
[0.359s][info][gc,phases      ] GC(20) Phase 1: Mark live objects 14.378ms
[0.359s][info][gc,phases,start] GC(20) Phase 2: Compute new object addresses
[0.366s][info][gc,phases      ] GC(20) Phase 2: Compute new object addresses 6.266ms
[0.366s][info][gc,phases,start] GC(20) Phase 3: Adjust pointers
[0.372s][info][gc,phases      ] GC(20) Phase 3: Adjust pointers 5.818ms
[0.372s][info][gc,phases,start] GC(20) Phase 4: Move objects
[0.372s][info][gc,phases      ] GC(20) Phase 4: Move objects 0.173ms
[0.372s][info][gc,heap        ] GC(20) DefNew: 10879K(10880K)->1079K(21888K) Eden: 9728K(9728K)->1079K(19520K) From: 1151K(1152K)->0K(2368K)
[0.372s][info][gc,heap        ] GC(20) Tenured: 23936K(23976K)->29035K(48396K)
[0.372s][info][gc,metaspace   ] GC(20) Metaspace: 6302K(6464K)->6302K(6464K) NonClass: 5769K(5824K)->5769K(5824K) Class: 533K(640K)->533K(640K)
[0.372s][info][gc             ] GC(20) Pause Full (Allocation Failure) 29M->29M(68M) 27.084ms
[0.372s][info][gc,cpu         ] GC(20) User=0.02s Sys=0.00s Real=0.03s
[0.388s][info][gc,start       ] GC(21) Pause Young (Allocation Failure)
[0.418s][info][gc,heap        ] GC(21) DefNew: 19520K(21888K)->2368K(21888K) Eden: 19520K(19520K)->0K(19520K) From: 0K(2368K)->2368K(2368K)
[0.418s][info][gc,heap        ] GC(21) Tenured: 29035K(48396K)->41014K(48396K)
[0.418s][info][gc,metaspace   ] GC(21) Metaspace: 6302K(6464K)->6302K(6464K) NonClass: 5769K(5824K)->5769K(5824K) Class: 533K(640K)->533K(640K)
[0.418s][info][gc             ] GC(21) Pause Young (Allocation Failure) 47M->42M(68M) 30.491ms
[0.418s][info][gc,cpu         ] GC(21) User=0.02s Sys=0.00s Real=0.03s
[0.437s][info][gc,start       ] GC(22) Pause Young (Allocation Failure)
[0.474s][info][gc             ] GC(22) Pause Young (Allocation Failure) 61M->61M(80M) 36.960ms
[0.474s][info][gc,cpu         ] GC(22) User=0.02s Sys=0.00s Real=0.04s
[0.474s][info][gc,start       ] GC(23) Pause Full (Allocation Failure)
[0.474s][info][gc,phases,start] GC(23) Phase 1: Mark live objects
[0.501s][info][gc,phases      ] GC(23) Phase 1: Mark live objects 26.825ms
[0.501s][info][gc,phases,start] GC(23) Phase 2: Compute new object addresses
[0.511s][info][gc,phases      ] GC(23) Phase 2: Compute new object addresses 9.955ms
[0.511s][info][gc,phases,start] GC(23) Phase 3: Adjust pointers
[0.523s][info][gc,phases      ] GC(23) Phase 3: Adjust pointers 11.481ms
[0.523s][info][gc,phases,start] GC(23) Phase 4: Move objects
[0.523s][info][gc,phases      ] GC(23) Phase 4: Move objects 0.409ms
[0.523s][info][gc,heap        ] GC(23) DefNew: 21888K(21888K)->2187K(45568K) Eden: 19520K(19520K)->2187K(40512K) From: 2368K(2368K)->0K(5056K)
[0.523s][info][gc,heap        ] GC(23) Tenured: 41014K(48396K)->60684K(101140K)
[0.523s][info][gc,metaspace   ] GC(23) Metaspace: 6302K(6464K)->6302K(6464K) NonClass: 5769K(5824K)->5769K(5824K) Class: 533K(640K)->533K(640K)
[0.523s][info][gc             ] GC(23) Pause Full (Allocation Failure) 61M->61M(143M) 49.383ms
[0.523s][info][gc,cpu         ] GC(23) User=0.05s Sys=0.00s Real=0.05s
[0.566s][info][gc,start       ] GC(24) Pause Young (Allocation Failure)
[0.631s][info][gc,heap        ] GC(24) DefNew: 40512K(45568K)->5056K(45568K) Eden: 40512K(40512K)->0K(40512K) From: 0K(5056K)->5056K(5056K)
[0.631s][info][gc,heap        ] GC(24) Tenured: 60684K(101140K)->96114K(101140K)
[0.631s][info][gc,metaspace   ] GC(24) Metaspace: 6302K(6464K)->6302K(6464K) NonClass: 5769K(5824K)->5769K(5824K) Class: 533K(640K)->533K(640K)
[0.631s][info][gc             ] GC(24) Pause Young (Allocation Failure) 98M->98M(143M) 65.556ms
[0.631s][info][gc,cpu         ] GC(24) User=0.06s Sys=0.00s Real=0.07s
[0.664s][info][gc,start       ] GC(25) Pause Young (Allocation Failure)
[0.737s][info][gc             ] GC(25) Pause Young (Allocation Failure) 138M->138M(178M) 73.424ms
[0.737s][info][gc,cpu         ] GC(25) User=0.05s Sys=0.00s Real=0.07s
[0.737s][info][gc,start       ] GC(26) Pause Full (Allocation Failure)
[0.737s][info][gc,phases,start] GC(26) Phase 1: Mark live objects
[0.794s][info][gc,phases      ] GC(26) Phase 1: Mark live objects 56.861ms
[0.794s][info][gc,phases,start] GC(26) Phase 2: Compute new object addresses
[0.816s][info][gc,phases      ] GC(26) Phase 2: Compute new object addresses 21.648ms
[0.816s][info][gc,phases,start] GC(26) Phase 3: Adjust pointers
[0.843s][info][gc,phases      ] GC(26) Phase 3: Adjust pointers 27.681ms
[0.843s][info][gc,phases,start] GC(26) Phase 4: Move objects
[0.868s][info][gc,phases      ] GC(26) Phase 4: Move objects 24.975ms
[0.869s][info][gc,heap        ] GC(26) DefNew: 45568K(45568K)->1084K(102592K) Eden: 40512K(40512K)->1084K(91200K) From: 5056K(5056K)->0K(11392K)
[0.869s][info][gc,heap        ] GC(26) Tenured: 96114K(101140K)->136727K(227880K)
[0.869s][info][gc,metaspace   ] GC(26) Metaspace: 6302K(6464K)->6302K(6464K) NonClass: 5769K(5824K)->5769K(5824K) Class: 533K(640K)->533K(640K)
[0.869s][info][gc             ] GC(26) Pause Full (Allocation Failure) 138M->134M(322M) 131.973ms
[0.869s][info][gc,cpu         ] GC(26) User=0.12s Sys=0.00s Real=0.13s
[0.971s][info][gc,start       ] GC(27) Pause Young (Allocation Failure)
[1.126s][info][gc,heap        ] GC(27) DefNew: 91200K(102592K)->11391K(102592K) Eden: 91200K(91200K)->0K(91200K) From: 0K(11392K)->11391K(11392K)
[1.126s][info][gc,heap        ] GC(27) Tenured: 136727K(227880K)->216509K(227880K)
[1.126s][info][gc,metaspace   ] GC(27) Metaspace: 6302K(6464K)->6302K(6464K) NonClass: 5769K(5824K)->5769K(5824K) Class: 533K(640K)->533K(640K)
[1.126s][info][gc             ] GC(27) Pause Young (Allocation Failure) 222M->222M(322M) 155.216ms
[1.126s][info][gc,cpu         ] GC(27) User=0.11s Sys=0.02s Real=0.15s
[1.212s][info][gc,start       ] GC(28) Pause Young (Allocation Failure)
[1.386s][info][gc             ] GC(28) Pause Young (Allocation Failure) 311M->311M(400M) 173.299ms
[1.386s][info][gc,cpu         ] GC(28) User=0.12s Sys=0.03s Real=0.17s
[1.386s][info][gc,start       ] GC(29) Pause Full (Allocation Failure)
[1.386s][info][gc,phases,start] GC(29) Phase 1: Mark live objects
[1.524s][info][gc,phases      ] GC(29) Phase 1: Mark live objects 138.702ms
[1.524s][info][gc,phases,start] GC(29) Phase 2: Compute new object addresses
[1.580s][info][gc,phases      ] GC(29) Phase 2: Compute new object addresses 55.069ms
[1.580s][info][gc,phases,start] GC(29) Phase 3: Adjust pointers
[1.634s][info][gc,phases      ] GC(29) Phase 3: Adjust pointers 54.688ms
[1.634s][info][gc,phases,start] GC(29) Phase 4: Move objects
[1.637s][info][gc,phases      ] GC(29) Phase 4: Move objects 2.222ms
[1.637s][info][gc,heap        ] GC(29) DefNew: 102591K(102592K)->11379K(230848K) Eden: 91200K(91200K)->11379K(205248K) From: 11391K(11392K)->0K(25600K)
[1.638s][info][gc,heap        ] GC(29) Tenured: 216509K(227880K)->307691K(512820K)
[1.638s][info][gc,metaspace   ] GC(29) Metaspace: 6302K(6464K)->6302K(6464K) NonClass: 5769K(5824K)->5769K(5824K) Class: 533K(640K)->533K(640K)
[1.638s][info][gc             ] GC(29) Pause Full (Allocation Failure) 311M->311M(726M) 251.912ms
[1.638s][info][gc,cpu         ] GC(29) User=0.27s Sys=0.00s Real=0.25s
[1.853s][info][gc,start       ] GC(30) Pause Young (Allocation Failure)
[2.205s][info][gc,heap        ] GC(30) DefNew: 205248K(230848K)->25599K(230848K) Eden: 205248K(205248K)->0K(205248K) From: 0K(25600K)->25599K(25600K)
[2.205s][info][gc,heap        ] GC(30) Tenured: 307691K(512820K)->487315K(512820K)
[2.205s][info][gc,metaspace   ] GC(30) Metaspace: 6302K(6464K)->6302K(6464K) NonClass: 5769K(5824K)->5769K(5824K) Class: 533K(640K)->533K(640K)
[2.205s][info][gc             ] GC(30) Pause Young (Allocation Failure) 500M->500M(726M) 352.355ms
[2.205s][info][gc,cpu         ] GC(30) User=0.28s Sys=0.06s Real=0.35s
[2.397s][info][gc,start       ] GC(31) Pause Young (Allocation Failure)
[2.794s][info][gc             ] GC(31) Pause Young (Allocation Failure) 701M->700M(901M) 396.681ms
[2.794s][info][gc,cpu         ] GC(31) User=0.33s Sys=0.03s Real=0.40s
[2.794s][info][gc,start       ] GC(32) Pause Full (Allocation Failure)
[2.794s][info][gc,phases,start] GC(32) Phase 1: Mark live objects
[3.111s][info][gc,phases      ] GC(32) Phase 1: Mark live objects 317.813ms
[3.112s][info][gc,phases,start] GC(32) Phase 2: Compute new object addresses
[3.219s][info][gc,phases      ] GC(32) Phase 2: Compute new object addresses 107.771ms
[3.219s][info][gc,phases,start] GC(32) Phase 3: Adjust pointers
[3.338s][info][gc,phases      ] GC(32) Phase 3: Adjust pointers 118.900ms
[3.338s][info][gc,phases,start] GC(32) Phase 4: Move objects
[3.343s][info][gc,phases      ] GC(32) Phase 4: Move objects 5.107ms
[3.346s][info][gc,heap        ] GC(32) DefNew: 230847K(230848K)->25508K(518976K) Eden: 205248K(205248K)->25508K(461312K) From: 25599K(25600K)->0K(57664K)
[3.346s][info][gc,heap        ] GC(32) Tenured: 487315K(512820K)->691955K(1153260K)
[3.346s][info][gc,metaspace   ] GC(32) Metaspace: 6302K(6464K)->6302K(6464K) NonClass: 5769K(5824K)->5769K(5824K) Class: 533K(640K)->533K(640K)
[3.346s][info][gc             ] GC(32) Pause Full (Allocation Failure) 700M->700M(1633M) 552.057ms
[3.346s][info][gc,cpu         ] GC(32) User=0.55s Sys=0.00s Real=0.55s
[3.814s][info][gc,start       ] GC(33) Pause Young (Allocation Failure)
[4.627s][info][gc,heap        ] GC(33) DefNew: 461312K(518976K)->57663K(518976K) Eden: 461312K(461312K)->0K(461312K) From: 0K(57664K)->57663K(57664K)
[4.627s][info][gc,heap        ] GC(33) Tenured: 691955K(1153260K)->1095576K(1153260K)
[4.627s][info][gc,metaspace   ] GC(33) Metaspace: 6302K(6464K)->6302K(6464K) NonClass: 5769K(5824K)->5769K(5824K) Class: 533K(640K)->533K(640K)
[4.627s][info][gc             ] GC(33) Pause Young (Allocation Failure) 1126M->1126M(1633M) 812.699ms
[4.627s][info][gc,cpu         ] GC(33) User=0.67s Sys=0.11s Real=0.81s
[5.129s][info][gc,start       ] GC(34) Pause Young (Allocation Failure)
[6.057s][info][gc             ] GC(34) Pause Young (Allocation Failure) 1576M->1525M(1975M) 928.072ms
[6.057s][info][gc,cpu         ] GC(34) User=0.77s Sys=0.08s Real=0.93s
[6.057s][info][gc,start       ] GC(35) Pause Full (Allocation Failure)
[6.057s][info][gc,phases,start] GC(35) Phase 1: Mark live objects
[6.923s][info][gc,phases      ] GC(35) Phase 1: Mark live objects 866.253ms
[6.924s][info][gc,phases,start] GC(35) Phase 2: Compute new object addresses
[7.241s][info][gc,phases      ] GC(35) Phase 2: Compute new object addresses 317.061ms
[7.241s][info][gc,phases,start] GC(35) Phase 3: Adjust pointers
[7.592s][info][gc,phases      ] GC(35) Phase 3: Adjust pointers 350.950ms
[7.592s][info][gc,phases,start] GC(35) Phase 4: Move objects
[7.606s][info][gc,phases      ] GC(35) Phase 4: Move objects 14.416ms
[7.611s][info][gc,heap        ] GC(35) DefNew: 518975K(518976K)->57482K(1128320K) Eden: 461312K(461312K)->57482K(1003008K) From: 57663K(57664K)->0K(125312K)
[7.611s][info][gc,heap        ] GC(35) Tenured: 1095576K(1153260K)->1504303K(2507176K)
[7.611s][info][gc,metaspace   ] GC(35) Metaspace: 6302K(6464K)->6302K(6464K) NonClass: 5769K(5824K)->5769K(5824K) Class: 533K(640K)->533K(640K)
[7.611s][info][gc             ] GC(35) Pause Full (Allocation Failure) 1525M->1525M(3550M) 1553.920ms
[7.611s][info][gc,cpu         ] GC(35) User=1.17s Sys=0.02s Real=1.55s
[8.728s][info][gc,start       ] GC(36) Pause Young (Allocation Failure)
[10.734s][info][gc,heap        ] GC(36) DefNew: 1003008K(1128320K)->125311K(1128320K) Eden: 1003008K(1003008K)->0K(1003008K) From: 0K(125312K)->125311K(125312K)
[10.734s][info][gc,heap        ] GC(36) Tenured: 1504303K(2507176K)->2381967K(2507176K)
[10.734s][info][gc,metaspace   ] GC(36) Metaspace: 6302K(6464K)->6302K(6464K) NonClass: 5769K(5824K)->5769K(5824K) Class: 533K(640K)->533K(640K)
[10.734s][info][gc             ] GC(36) Pause Young (Allocation Failure) 2448M->2448M(3550M) 2005.562ms
[10.734s][info][gc,cpu         ] GC(36) User=1.50s Sys=0.27s Real=2.01s
[11.768s][info][gc,start       ] GC(37) Pause Young (Allocation Failure)
[13.665s][info][gc             ] GC(37) Pause Young (Allocation Failure) 3428M->3427M(4407M) 1896.902ms
[13.665s][info][gc,cpu         ] GC(37) User=1.56s Sys=0.16s Real=1.90s
[13.665s][info][gc,start       ] GC(38) Pause Full (Allocation Failure)
[13.665s][info][gc,phases,start] GC(38) Phase 1: Mark live objects
[15.394s][info][gc,phases      ] GC(38) Phase 1: Mark live objects 1728.912ms
[15.394s][info][gc,phases,start] GC(38) Phase 2: Compute new object addresses
[16.023s][info][gc,phases      ] GC(38) Phase 2: Compute new object addresses 629.054ms
[16.023s][info][gc,phases,start] GC(38) Phase 3: Adjust pointers
[16.856s][info][gc,phases      ] GC(38) Phase 3: Adjust pointers 833.058ms
[16.856s][info][gc,phases,start] GC(38) Phase 4: Move objects
[17.501s][info][gc,phases      ] GC(38) Phase 4: Move objects 644.941ms
[17.506s][info][gc,heap        ] GC(38) DefNew: 1128319K(1128320K)->30915K(1904640K) Eden: 1003008K(1003008K)->30915K(1693056K) From: 125311K(125312K)->0K(211584K)
[17.506s][info][gc,heap        ] GC(38) Tenured: 2381967K(2507176K)->3385131K(4232576K)
[17.506s][info][gc,metaspace   ] GC(38) Metaspace: 6302K(6464K)->6302K(6464K) NonClass: 5769K(5824K)->5769K(5824K) Class: 533K(640K)->533K(640K)
[17.506s][info][gc             ] GC(38) Pause Full (Allocation Failure) 3427M->3335M(5993M) 3840.828ms
[17.506s][info][gc,cpu         ] GC(38) User=3.52s Sys=0.00s Real=3.84s
[19.093s][info][gc,start       ] GC(39) Pause Young (Allocation Failure)
[19.093s][info][gc             ] GC(39) Pause Young (Allocation Failure) 4959M->4959M(5993M) 0.119ms
[19.093s][info][gc,cpu         ] GC(39) User=0.00s Sys=0.00s Real=0.00s
[19.093s][info][gc,start       ] GC(40) Pause Full (Allocation Failure)
[19.093s][info][gc,phases,start] GC(40) Phase 1: Mark live objects
[21.402s][info][gc,phases      ] GC(40) Phase 1: Mark live objects 2308.874ms
[21.402s][info][gc,phases,start] GC(40) Phase 2: Compute new object addresses
[22.108s][info][gc,phases      ] GC(40) Phase 2: Compute new object addresses 705.842ms
[22.108s][info][gc,phases,start] GC(40) Phase 3: Adjust pointers
[23.168s][info][gc,phases      ] GC(40) Phase 3: Adjust pointers 1060.508ms
[23.168s][info][gc,phases,start] GC(40) Phase 4: Move objects
[23.668s][info][gc,phases      ] GC(40) Phase 4: Move objects 499.276ms
[23.668s][info][gc,heap        ] GC(40) DefNew: 1693056K(1904640K)->845582K(1904640K) Eden: 1693056K(1693056K)->845582K(1693056K) From: 0K(211584K)->0K(211584K)
[23.668s][info][gc,heap        ] GC(40) Tenured: 3385131K(4232576K)->4232576K(4232576K)
[23.668s][info][gc,metaspace   ] GC(40) Metaspace: 6302K(6464K)->6302K(6464K) NonClass: 5769K(5824K)->5769K(5824K) Class: 533K(640K)->533K(640K)
[23.668s][info][gc             ] GC(40) Pause Full (Allocation Failure) 4959M->4959M(5993M) 4575.215ms
[23.668s][info][gc,cpu         ] GC(40) User=4.33s Sys=0.22s Real=4.58s
[24.284s][info][gc,start       ] GC(41) Pause Full (Allocation Failure)
[24.284s][info][gc,phases,start] GC(41) Phase 1: Mark live objects
[26.896s][info][gc,phases      ] GC(41) Phase 1: Mark live objects 2611.805ms
[26.896s][info][gc,phases,start] GC(41) Phase 2: Compute new object addresses
[27.680s][info][gc,phases      ] GC(41) Phase 2: Compute new object addresses 783.898ms
[27.680s][info][gc,phases,start] GC(41) Phase 3: Adjust pointers
[28.836s][info][gc,phases      ] GC(41) Phase 3: Adjust pointers 1155.986ms
[28.836s][info][gc,phases,start] GC(41) Phase 4: Move objects
[28.937s][info][gc,phases      ] GC(41) Phase 4: Move objects 101.264ms
[28.937s][info][gc,heap        ] GC(41) DefNew: 1542035K(1904640K)->1522667K(1904640K) Eden: 1542035K(1693056K)->1522667K(1693056K) From: 0K(211584K)->0K(211584K)
[28.937s][info][gc,heap        ] GC(41) Tenured: 4232576K(4232576K)->4232576K(4232576K)
[28.937s][info][gc,metaspace   ] GC(41) Metaspace: 6302K(6464K)->6302K(6464K) NonClass: 5769K(5824K)->5769K(5824K) Class: 533K(640K)->533K(640K)
[28.938s][info][gc             ] GC(41) Pause Full (Allocation Failure) 5639M->5620M(5993M) 4653.832ms
[28.938s][info][gc,cpu         ] GC(41) User=4.62s Sys=0.00s Real=4.66s
[28.938s][info][gc,start       ] GC(42) Pause Full (Allocation Failure)
[28.938s][info][gc,phases,start] GC(42) Phase 1: Mark live objects
[31.708s][info][gc,phases      ] GC(42) Phase 1: Mark live objects 2770.110ms
[31.708s][info][gc,phases,start] GC(42) Phase 2: Compute new object addresses
[32.540s][info][gc,phases      ] GC(42) Phase 2: Compute new object addresses 832.515ms
[32.540s][info][gc,phases,start] GC(42) Phase 3: Adjust pointers
[33.899s][info][gc,phases      ] GC(42) Phase 3: Adjust pointers 1358.379ms
[33.899s][info][gc,phases,start] GC(42) Phase 4: Move objects
[34.836s][info][gc,phases      ] GC(42) Phase 4: Move objects 937.538ms
[34.837s][info][gc,heap        ] GC(42) DefNew: 1522667K(1904640K)->1522662K(1904640K) Eden: 1522667K(1693056K)->1522662K(1693056K) From: 0K(211584K)->0K(211584K)
[34.837s][info][gc,heap        ] GC(42) Tenured: 4232576K(4232576K)->4232575K(4232576K)
[34.837s][info][gc,metaspace   ] GC(42) Metaspace: 6302K(6464K)->6300K(6464K) NonClass: 5769K(5824K)->5767K(5824K) Class: 533K(640K)->532K(640K)
[34.837s][info][gc             ] GC(42) Pause Full (Allocation Failure) 5620M->5620M(5993M) 5899.268ms
[34.837s][info][gc,cpu         ] GC(42) User=5.59s Sys=0.00s Real=5.90s
[34.838s][info][gc,heap,exit   ] Heap
[34.838s][info][gc,heap,exit   ]  def new generation   total 1904640K, used 1583178K [0x000000067c800000, 0x00000006fdaa0000, 0x00000006fdaa0000)
[34.838s][info][gc,heap,exit   ]   eden space 1693056K,  93% used [0x000000067c800000, 0x00000006dd212b88, 0x00000006e3d60000)
[34.838s][info][gc,heap,exit   ]   from space 211584K,   0% used [0x00000006e3d60000, 0x00000006e3d60000, 0x00000006f0c00000)
[34.838s][info][gc,heap,exit   ]   to   space 211584K,   0% used [0x00000006f0c00000, 0x00000006f0c00000, 0x00000006fdaa0000)
[34.838s][info][gc,heap,exit   ]  tenured generation   total 4232576K, used 4232575K [0x00000006fdaa0000, 0x0000000800000000, 0x0000000800000000)
[34.839s][info][gc,heap,exit   ]    the space 4232576K,  99% used [0x00000006fdaa0000, 0x00000007fffffff0, 0x0000000800000000, 0x0000000800000000)
[34.839s][info][gc,heap,exit   ]  Metaspace       used 6305K, committed 6528K, reserved 1114112K
[34.839s][info][gc,heap,exit   ]   class space    used 534K, committed 640K, reserved 1048576K
