[0.011s][info][gc,init] CardTable entry size: 512
[0.011s][info][gc     ] Using Serial
[0.012s][info][gc,init] Version: 18.0.1+10 (release)
[0.012s][info][gc,init] CPUs: 8 total, 8 available
[0.012s][info][gc,init] Memory: 16063M
[0.012s][info][gc,init] Large Page Support: Disabled
[0.012s][info][gc,init] NUMA Support: Disabled
[0.012s][info][gc,init] Compressed Oops: Enabled (Zero based)
[0.012s][info][gc,init] Heap Min Capacity: 2M
[0.012s][info][gc,init] Heap Initial Capacity: 2M
[0.012s][info][gc,init] Heap Max Capacity: 8000M
[0.012s][info][gc,init] Pre-touch: Disabled
[0.012s][info][gc,metaspace] CDS archive(s) not mapped
[0.012s][info][gc,metaspace] Compressed class space mapped at: 0x0000000800000000-0x0000000840000000, reserved size: 1073741824
[0.012s][info][gc,metaspace] Narrow klass base: 0x0000000800000000, Narrow klass shift: 0, Narrow klass range: 0x40000000
[0.181s][info][gc,start    ] GC(0) Pause Young (Allocation Failure)
[0.183s][info][gc,heap     ] GC(0) DefNew: 1023K(1152K)->127K(1152K) Eden: 1023K(1024K)->0K(1024K) From: 0K(128K)->127K(128K)
[0.183s][info][gc,heap     ] GC(0) Tenured: 0K(768K)->439K(768K)
[0.183s][info][gc,metaspace] GC(0) Metaspace: 5898K(6016K)->5898K(6016K) NonClass: 5398K(5504K)->5398K(5504K) Class: 499K(512K)->499K(512K)
[0.183s][info][gc          ] GC(0) Pause Young (Allocation Failure) 0M->0M(1M) 1.650ms
[0.183s][info][gc,cpu      ] GC(0) User=0.00s Sys=0.00s Real=0.00s
[0.204s][info][gc,start    ] GC(1) Pause Young (Allocation Failure)
[0.205s][info][gc          ] GC(1) Pause Young (Allocation Failure) 1M->0M(2M) 1.301ms
[0.205s][info][gc,cpu      ] GC(1) User=0.00s Sys=0.00s Real=0.00s
[0.205s][info][gc,start    ] GC(2) Pause Full (Allocation Failure)
[0.205s][info][gc,phases,start] GC(2) Phase 1: Mark live objects
[0.206s][info][gc,phases      ] GC(2) Phase 1: Mark live objects 1.133ms
[0.206s][info][gc,phases,start] GC(2) Phase 2: Compute new object addresses
[0.207s][info][gc,phases      ] GC(2) Phase 2: Compute new object addresses 0.243ms
[0.207s][info][gc,phases,start] GC(2) Phase 3: Adjust pointers
[0.207s][info][gc,phases      ] GC(2) Phase 3: Adjust pointers 0.546ms
[0.207s][info][gc,phases,start] GC(2) Phase 4: Move objects
[0.207s][info][gc,phases      ] GC(2) Phase 4: Move objects 0.061ms
[0.207s][info][gc,heap        ] GC(2) DefNew: 1151K(1152K)->40K(1152K) Eden: 1024K(1024K)->40K(1024K) From: 127K(128K)->0K(128K)
[0.207s][info][gc,heap        ] GC(2) Tenured: 439K(768K)->959K(1600K)
[0.207s][info][gc,metaspace   ] GC(2) Metaspace: 6295K(6464K)->6295K(6464K) NonClass: 5762K(5824K)->5762K(5824K) Class: 533K(640K)->533K(640K)
[0.207s][info][gc             ] GC(2) Pause Full (Allocation Failure) 0M->0M(2M) 2.368ms
[0.207s][info][gc,cpu         ] GC(2) User=0.00s Sys=0.00s Real=0.00s
[0.209s][info][gc,start       ] GC(3) Pause Young (Allocation Failure)
[0.211s][info][gc,heap        ] GC(3) DefNew: 1024K(1152K)->127K(1152K) Eden: 1024K(1024K)->0K(1024K) From: 0K(128K)->127K(128K)
[0.211s][info][gc,heap        ] GC(3) Tenured: 959K(1600K)->1375K(1600K)
[0.211s][info][gc,metaspace   ] GC(3) Metaspace: 6295K(6464K)->6295K(6464K) NonClass: 5762K(5824K)->5762K(5824K) Class: 533K(640K)->533K(640K)
[0.211s][info][gc             ] GC(3) Pause Young (Allocation Failure) 1M->1M(2M) 1.582ms
[0.211s][info][gc,cpu         ] GC(3) User=0.00s Sys=0.00s Real=0.00s
[0.212s][info][gc,start       ] GC(4) Pause Young (Allocation Failure)
[0.214s][info][gc             ] GC(4) Pause Young (Allocation Failure) 2M->1M(3M) 1.558ms
[0.214s][info][gc,cpu         ] GC(4) User=0.00s Sys=0.00s Real=0.00s
[0.214s][info][gc,start       ] GC(5) Pause Full (Allocation Failure)
[0.214s][info][gc,phases,start] GC(5) Phase 1: Mark live objects
[0.216s][info][gc,phases      ] GC(5) Phase 1: Mark live objects 1.730ms
[0.216s][info][gc,phases,start] GC(5) Phase 2: Compute new object addresses
[0.216s][info][gc,phases      ] GC(5) Phase 2: Compute new object addresses 0.440ms
[0.216s][info][gc,phases,start] GC(5) Phase 3: Adjust pointers
[0.217s][info][gc,phases      ] GC(5) Phase 3: Adjust pointers 0.710ms
[0.217s][info][gc,phases,start] GC(5) Phase 4: Move objects
[0.217s][info][gc,phases      ] GC(5) Phase 4: Move objects 0.076ms
[0.217s][info][gc,heap        ] GC(5) DefNew: 1151K(1152K)->35K(1536K) Eden: 1024K(1024K)->35K(1408K) From: 127K(128K)->0K(128K)
[0.217s][info][gc,heap        ] GC(5) Tenured: 1375K(1600K)->1983K(3308K)
[0.217s][info][gc,metaspace   ] GC(5) Metaspace: 6295K(6464K)->6295K(6464K) NonClass: 5762K(5824K)->5762K(5824K) Class: 533K(640K)->533K(640K)
[0.217s][info][gc             ] GC(5) Pause Full (Allocation Failure) 1M->1M(4M) 3.290ms
[0.217s][info][gc,cpu         ] GC(5) User=0.00s Sys=0.00s Real=0.00s
[0.219s][info][gc,start       ] GC(6) Pause Young (Allocation Failure)
[0.221s][info][gc,heap        ] GC(6) DefNew: 1408K(1536K)->127K(1536K) Eden: 1408K(1408K)->0K(1408K) From: 0K(128K)->127K(128K)
[0.221s][info][gc,heap        ] GC(6) Tenured: 1983K(3308K)->2617K(3308K)
[0.221s][info][gc,metaspace   ] GC(6) Metaspace: 6295K(6464K)->6295K(6464K) NonClass: 5762K(5824K)->5762K(5824K) Class: 533K(640K)->533K(640K)
[0.221s][info][gc             ] GC(6) Pause Young (Allocation Failure) 3M->2M(4M) 2.003ms
[0.221s][info][gc,cpu         ] GC(6) User=0.00s Sys=0.00s Real=0.00s
[0.223s][info][gc,start       ] GC(7) Pause Young (Allocation Failure)
[0.224s][info][gc             ] GC(7) Pause Young (Allocation Failure) 4M->3M(4M) 1.643ms
[0.225s][info][gc,cpu         ] GC(7) User=0.00s Sys=0.00s Real=0.00s
[0.225s][info][gc,start       ] GC(8) Pause Full (Allocation Failure)
[0.225s][info][gc,phases,start] GC(8) Phase 1: Mark live objects
[0.227s][info][gc,phases      ] GC(8) Phase 1: Mark live objects 2.257ms
[0.227s][info][gc,phases,start] GC(8) Phase 2: Compute new object addresses
[0.228s][info][gc,phases      ] GC(8) Phase 2: Compute new object addresses 0.765ms
[0.228s][info][gc,phases,start] GC(8) Phase 3: Adjust pointers
[0.229s][info][gc,phases      ] GC(8) Phase 3: Adjust pointers 1.129ms
[0.229s][info][gc,phases,start] GC(8) Phase 4: Move objects
[0.229s][info][gc,phases      ] GC(8) Phase 4: Move objects 0.091ms
[0.229s][info][gc,heap        ] GC(8) DefNew: 1535K(1536K)->0K(2688K) Eden: 1408K(1408K)->0K(2432K) From: 127K(128K)->0K(256K)
[0.229s][info][gc,heap        ] GC(8) Tenured: 2617K(3308K)->3460K(5768K)
[0.229s][info][gc,metaspace   ] GC(8) Metaspace: 6295K(6464K)->6295K(6464K) NonClass: 5762K(5824K)->5762K(5824K) Class: 533K(640K)->533K(640K)
[0.229s][info][gc             ] GC(8) Pause Full (Allocation Failure) 3M->3M(8M) 4.617ms
[0.229s][info][gc,cpu         ] GC(8) User=0.00s Sys=0.00s Real=0.00s
[0.233s][info][gc,start       ] GC(9) Pause Young (Allocation Failure)
[0.236s][info][gc,heap        ] GC(9) DefNew: 2431K(2688K)->255K(2688K) Eden: 2431K(2432K)->0K(2432K) From: 0K(256K)->255K(256K)
[0.236s][info][gc,heap        ] GC(9) Tenured: 3460K(5768K)->4512K(5768K)
[0.236s][info][gc,metaspace   ] GC(9) Metaspace: 6295K(6464K)->6295K(6464K) NonClass: 5762K(5824K)->5762K(5824K) Class: 533K(640K)->533K(640K)
[0.236s][info][gc             ] GC(9) Pause Young (Allocation Failure) 5M->4M(8M) 3.182ms
[0.236s][info][gc,cpu         ] GC(9) User=0.00s Sys=0.00s Real=0.00s
[0.239s][info][gc,start       ] GC(10) Pause Young (Allocation Failure)
[0.243s][info][gc,heap        ] GC(10) DefNew: 2687K(2688K)->255K(2688K) Eden: 2432K(2432K)->0K(2432K) From: 255K(256K)->255K(256K)
[0.243s][info][gc,heap        ] GC(10) Tenured: 4512K(5768K)->5755K(5768K)
[0.243s][info][gc,metaspace   ] GC(10) Metaspace: 6295K(6464K)->6295K(6464K) NonClass: 5762K(5824K)->5762K(5824K) Class: 533K(640K)->533K(640K)
[0.243s][info][gc             ] GC(10) Pause Young (Allocation Failure) 7M->5M(8M) 3.912ms
[0.243s][info][gc,cpu         ] GC(10) User=0.02s Sys=0.00s Real=0.00s
[0.247s][info][gc,start       ] GC(11) Pause Young (Allocation Failure)
[0.251s][info][gc             ] GC(11) Pause Young (Allocation Failure) 8M->7M(9M) 3.731ms
[0.251s][info][gc,cpu         ] GC(11) User=0.00s Sys=0.00s Real=0.00s
[0.251s][info][gc,start       ] GC(12) Pause Full (Allocation Failure)
[0.251s][info][gc,phases,start] GC(12) Phase 1: Mark live objects
[0.255s][info][gc,phases      ] GC(12) Phase 1: Mark live objects 4.467ms
[0.256s][info][gc,phases,start] GC(12) Phase 2: Compute new object addresses
[0.257s][info][gc,phases      ] GC(12) Phase 2: Compute new object addresses 1.392ms
[0.257s][info][gc,phases,start] GC(12) Phase 3: Adjust pointers
[0.259s][info][gc,phases      ] GC(12) Phase 3: Adjust pointers 2.202ms
[0.259s][info][gc,phases,start] GC(12) Phase 4: Move objects
[0.261s][info][gc,phases      ] GC(12) Phase 4: Move objects 1.431ms
[0.261s][info][gc,heap        ] GC(12) DefNew: 2687K(2688K)->0K(5376K) Eden: 2432K(2432K)->0K(4800K) From: 255K(256K)->0K(576K)
[0.261s][info][gc,heap        ] GC(12) Tenured: 5755K(5768K)->7132K(11888K)
[0.261s][info][gc,metaspace   ] GC(12) Metaspace: 6295K(6464K)->6295K(6464K) NonClass: 5762K(5824K)->5762K(5824K) Class: 533K(640K)->533K(640K)
[0.261s][info][gc             ] GC(12) Pause Full (Allocation Failure) 7M->6M(16M) 10.026ms
[0.261s][info][gc,cpu         ] GC(12) User=0.00s Sys=0.00s Real=0.01s
[0.266s][info][gc,start       ] GC(13) Pause Young (Allocation Failure)
[0.273s][info][gc,heap        ] GC(13) DefNew: 4800K(5376K)->575K(5376K) Eden: 4800K(4800K)->0K(4800K) From: 0K(576K)->575K(576K)
[0.273s][info][gc,heap        ] GC(13) Tenured: 7132K(11888K)->9027K(11888K)
[0.273s][info][gc,metaspace   ] GC(13) Metaspace: 6295K(6464K)->6295K(6464K) NonClass: 5762K(5824K)->5762K(5824K) Class: 533K(640K)->533K(640K)
[0.273s][info][gc             ] GC(13) Pause Young (Allocation Failure) 11M->9M(16M) 6.862ms
[0.273s][info][gc,cpu         ] GC(13) User=0.00s Sys=0.00s Real=0.01s
[0.279s][info][gc,start       ] GC(14) Pause Young (Allocation Failure)
[0.285s][info][gc,heap        ] GC(14) DefNew: 5375K(5376K)->576K(5376K) Eden: 4800K(4800K)->0K(4800K) From: 575K(576K)->576K(576K)
[0.285s][info][gc,heap        ] GC(14) Tenured: 9027K(11888K)->11746K(11888K)
[0.285s][info][gc,metaspace   ] GC(14) Metaspace: 6295K(6464K)->6295K(6464K) NonClass: 5762K(5824K)->5762K(5824K) Class: 533K(640K)->533K(640K)
[0.285s][info][gc             ] GC(14) Pause Young (Allocation Failure) 14M->12M(16M) 6.541ms
[0.285s][info][gc,cpu         ] GC(14) User=0.00s Sys=0.00s Real=0.01s
[0.289s][info][gc,start       ] GC(15) Pause Young (Allocation Failure)
[0.296s][info][gc             ] GC(15) Pause Young (Allocation Failure) 16M->14M(19M) 7.541ms
[0.296s][info][gc,cpu         ] GC(15) User=0.02s Sys=0.00s Real=0.01s
[0.296s][info][gc,start       ] GC(16) Pause Full (Allocation Failure)
[0.297s][info][gc,phases,start] GC(16) Phase 1: Mark live objects
[0.305s][info][gc,phases      ] GC(16) Phase 1: Mark live objects 8.762ms
[0.305s][info][gc,phases,start] GC(16) Phase 2: Compute new object addresses
[0.308s][info][gc,phases      ] GC(16) Phase 2: Compute new object addresses 2.668ms
[0.308s][info][gc,phases,start] GC(16) Phase 3: Adjust pointers
[0.311s][info][gc,phases      ] GC(16) Phase 3: Adjust pointers 3.230ms
[0.311s][info][gc,phases,start] GC(16) Phase 4: Move objects
[0.312s][info][gc,phases      ] GC(16) Phase 4: Move objects 0.223ms
[0.312s][info][gc,heap        ] GC(16) DefNew: 5376K(5376K)->386K(10880K) Eden: 4800K(4800K)->386K(9728K) From: 576K(576K)->0K(1152K)
[0.312s][info][gc,heap        ] GC(16) Tenured: 11746K(11888K)->14384K(23976K)
[0.312s][info][gc,metaspace   ] GC(16) Metaspace: 6297K(6464K)->6297K(6464K) NonClass: 5764K(5824K)->5764K(5824K) Class: 533K(640K)->533K(640K)
[0.312s][info][gc             ] GC(16) Pause Full (Allocation Failure) 14M->14M(34M) 15.290ms
[0.312s][info][gc,cpu         ] GC(16) User=0.03s Sys=0.00s Real=0.02s
[0.319s][info][gc,start       ] GC(17) Pause Young (Allocation Failure)
[0.332s][info][gc,heap        ] GC(17) DefNew: 9728K(10880K)->1151K(10880K) Eden: 9728K(9728K)->0K(9728K) From: 0K(1152K)->1151K(1152K)
[0.332s][info][gc,heap        ] GC(17) Tenured: 14384K(23976K)->18415K(23976K)
[0.332s][info][gc,metaspace   ] GC(17) Metaspace: 6297K(6464K)->6297K(6464K) NonClass: 5764K(5824K)->5764K(5824K) Class: 533K(640K)->533K(640K)
[0.332s][info][gc             ] GC(17) Pause Young (Allocation Failure) 23M->19M(34M) 12.833ms
[0.332s][info][gc,cpu         ] GC(17) User=0.02s Sys=0.00s Real=0.01s
[0.339s][info][gc,start       ] GC(18) Pause Young (Allocation Failure)
[0.351s][info][gc,heap        ] GC(18) DefNew: 10879K(10880K)->1151K(10880K) Eden: 9728K(9728K)->0K(9728K) From: 1151K(1152K)->1151K(1152K)
[0.351s][info][gc,heap        ] GC(18) Tenured: 18415K(23976K)->23936K(23976K)
[0.351s][info][gc,metaspace   ] GC(18) Metaspace: 6297K(6464K)->6297K(6464K) NonClass: 5764K(5824K)->5764K(5824K) Class: 533K(640K)->533K(640K)
[0.351s][info][gc             ] GC(18) Pause Young (Allocation Failure) 28M->24M(34M) 11.731ms
[0.351s][info][gc,cpu         ] GC(18) User=0.00s Sys=0.00s Real=0.01s
[0.356s][info][gc,start       ] GC(19) Pause Young (Allocation Failure)
[0.367s][info][gc             ] GC(19) Pause Young (Allocation Failure) 34M->29M(38M) 11.230ms
[0.367s][info][gc,cpu         ] GC(19) User=0.00s Sys=0.00s Real=0.01s
[0.367s][info][gc,start       ] GC(20) Pause Full (Allocation Failure)
[0.367s][info][gc,phases,start] GC(20) Phase 1: Mark live objects
[0.382s][info][gc,phases      ] GC(20) Phase 1: Mark live objects 14.207ms
[0.382s][info][gc,phases,start] GC(20) Phase 2: Compute new object addresses
[0.387s][info][gc,phases      ] GC(20) Phase 2: Compute new object addresses 4.837ms
[0.387s][info][gc,phases,start] GC(20) Phase 3: Adjust pointers
[0.392s][info][gc,phases      ] GC(20) Phase 3: Adjust pointers 5.554ms
[0.392s][info][gc,phases,start] GC(20) Phase 4: Move objects
[0.392s][info][gc,phases      ] GC(20) Phase 4: Move objects 0.180ms
[0.393s][info][gc,heap        ] GC(20) DefNew: 10879K(10880K)->1080K(21888K) Eden: 9728K(9728K)->1080K(19520K) From: 1151K(1152K)->0K(2368K)
[0.393s][info][gc,heap        ] GC(20) Tenured: 23936K(23976K)->29036K(48396K)
[0.393s][info][gc,metaspace   ] GC(20) Metaspace: 6297K(6464K)->6297K(6464K) NonClass: 5764K(5824K)->5764K(5824K) Class: 533K(640K)->533K(640K)
[0.393s][info][gc             ] GC(20) Pause Full (Allocation Failure) 29M->29M(68M) 25.194ms
[0.393s][info][gc,cpu         ] GC(20) User=0.03s Sys=0.00s Real=0.03s
[0.409s][info][gc,start       ] GC(21) Pause Young (Allocation Failure)
[0.440s][info][gc,heap        ] GC(21) DefNew: 19520K(21888K)->2367K(21888K) Eden: 19520K(19520K)->0K(19520K) From: 0K(2368K)->2367K(2368K)
[0.440s][info][gc,heap        ] GC(21) Tenured: 29036K(48396K)->41014K(48396K)
[0.441s][info][gc,metaspace   ] GC(21) Metaspace: 6297K(6464K)->6297K(6464K) NonClass: 5764K(5824K)->5764K(5824K) Class: 533K(640K)->533K(640K)
[0.441s][info][gc             ] GC(21) Pause Young (Allocation Failure) 47M->42M(68M) 31.700ms
[0.441s][info][gc,cpu         ] GC(21) User=0.02s Sys=0.00s Real=0.03s
[0.459s][info][gc,start       ] GC(22) Pause Young (Allocation Failure)
[0.496s][info][gc             ] GC(22) Pause Young (Allocation Failure) 61M->61M(80M) 36.991ms
[0.496s][info][gc,cpu         ] GC(22) User=0.03s Sys=0.00s Real=0.04s
[0.496s][info][gc,start       ] GC(23) Pause Full (Allocation Failure)
[0.496s][info][gc,phases,start] GC(23) Phase 1: Mark live objects
[0.522s][info][gc,phases      ] GC(23) Phase 1: Mark live objects 25.991ms
[0.522s][info][gc,phases,start] GC(23) Phase 2: Compute new object addresses
[0.532s][info][gc,phases      ] GC(23) Phase 2: Compute new object addresses 9.916ms
[0.532s][info][gc,phases,start] GC(23) Phase 3: Adjust pointers
[0.543s][info][gc,phases      ] GC(23) Phase 3: Adjust pointers 10.861ms
[0.543s][info][gc,phases,start] GC(23) Phase 4: Move objects
[0.543s][info][gc,phases      ] GC(23) Phase 4: Move objects 0.376ms
[0.544s][info][gc,heap        ] GC(23) DefNew: 21887K(21888K)->2187K(45568K) Eden: 19520K(19520K)->2187K(40512K) From: 2367K(2368K)->0K(5056K)
[0.544s][info][gc,heap        ] GC(23) Tenured: 41014K(48396K)->60683K(101140K)
[0.544s][info][gc,metaspace   ] GC(23) Metaspace: 6297K(6464K)->6297K(6464K) NonClass: 5764K(5824K)->5764K(5824K) Class: 533K(640K)->533K(640K)
[0.544s][info][gc             ] GC(23) Pause Full (Allocation Failure) 61M->61M(143M) 47.754ms
[0.544s][info][gc,cpu         ] GC(23) User=0.05s Sys=0.00s Real=0.05s
[0.591s][info][gc,start       ] GC(24) Pause Young (Allocation Failure)
[0.658s][info][gc,heap        ] GC(24) DefNew: 40512K(45568K)->5055K(45568K) Eden: 40512K(40512K)->0K(40512K) From: 0K(5056K)->5055K(5056K)
[0.658s][info][gc,heap        ] GC(24) Tenured: 60683K(101140K)->96114K(101140K)
[0.658s][info][gc,metaspace   ] GC(24) Metaspace: 6297K(6464K)->6297K(6464K) NonClass: 5764K(5824K)->5764K(5824K) Class: 533K(640K)->533K(640K)
[0.658s][info][gc             ] GC(24) Pause Young (Allocation Failure) 98M->98M(143M) 67.559ms
[0.658s][info][gc,cpu         ] GC(24) User=0.03s Sys=0.02s Real=0.07s
[0.693s][info][gc,start       ] GC(25) Pause Young (Allocation Failure)
[0.767s][info][gc             ] GC(25) Pause Young (Allocation Failure) 138M->138M(178M) 73.813ms
[0.767s][info][gc,cpu         ] GC(25) User=0.06s Sys=0.00s Real=0.07s
[0.767s][info][gc,start       ] GC(26) Pause Full (Allocation Failure)
[0.767s][info][gc,phases,start] GC(26) Phase 1: Mark live objects
[0.825s][info][gc,phases      ] GC(26) Phase 1: Mark live objects 57.992ms
[0.825s][info][gc,phases,start] GC(26) Phase 2: Compute new object addresses
[0.847s][info][gc,phases      ] GC(26) Phase 2: Compute new object addresses 21.712ms
[0.847s][info][gc,phases,start] GC(26) Phase 3: Adjust pointers
[0.878s][info][gc,phases      ] GC(26) Phase 3: Adjust pointers 31.329ms
[0.878s][info][gc,phases,start] GC(26) Phase 4: Move objects
[0.913s][info][gc,phases      ] GC(26) Phase 4: Move objects 34.857ms
[0.914s][info][gc,heap        ] GC(26) DefNew: 45567K(45568K)->1084K(102592K) Eden: 40512K(40512K)->1084K(91200K) From: 5055K(5056K)->0K(11392K)
[0.914s][info][gc,heap        ] GC(26) Tenured: 96114K(101140K)->136727K(227880K)
[0.914s][info][gc,metaspace   ] GC(26) Metaspace: 6297K(6464K)->6297K(6464K) NonClass: 5764K(5824K)->5764K(5824K) Class: 533K(640K)->533K(640K)
[0.914s][info][gc             ] GC(26) Pause Full (Allocation Failure) 138M->134M(322M) 146.735ms
[0.914s][info][gc,cpu         ] GC(26) User=0.12s Sys=0.00s Real=0.15s
[1.008s][info][gc,start       ] GC(27) Pause Young (Allocation Failure)
[1.173s][info][gc,heap        ] GC(27) DefNew: 91200K(102592K)->11391K(102592K) Eden: 91200K(91200K)->0K(91200K) From: 0K(11392K)->11391K(11392K)
[1.173s][info][gc,heap        ] GC(27) Tenured: 136727K(227880K)->216509K(227880K)
[1.173s][info][gc,metaspace   ] GC(27) Metaspace: 6297K(6464K)->6297K(6464K) NonClass: 5764K(5824K)->5764K(5824K) Class: 533K(640K)->533K(640K)
[1.174s][info][gc             ] GC(27) Pause Young (Allocation Failure) 222M->222M(322M) 165.404ms
[1.174s][info][gc,cpu         ] GC(27) User=0.14s Sys=0.00s Real=0.17s
[1.257s][info][gc,start       ] GC(28) Pause Young (Allocation Failure)
[1.439s][info][gc             ] GC(28) Pause Young (Allocation Failure) 311M->311M(400M) 181.888ms
[1.439s][info][gc,cpu         ] GC(28) User=0.14s Sys=0.03s Real=0.18s
[1.439s][info][gc,start       ] GC(29) Pause Full (Allocation Failure)
[1.439s][info][gc,phases,start] GC(29) Phase 1: Mark live objects
[1.587s][info][gc,phases      ] GC(29) Phase 1: Mark live objects 148.364ms
[1.587s][info][gc,phases,start] GC(29) Phase 2: Compute new object addresses
[1.639s][info][gc,phases      ] GC(29) Phase 2: Compute new object addresses 51.357ms
[1.639s][info][gc,phases,start] GC(29) Phase 3: Adjust pointers
[1.694s][info][gc,phases      ] GC(29) Phase 3: Adjust pointers 55.219ms
[1.694s][info][gc,phases,start] GC(29) Phase 4: Move objects
[1.697s][info][gc,phases      ] GC(29) Phase 4: Move objects 2.713ms
[1.698s][info][gc,heap        ] GC(29) DefNew: 102591K(102592K)->11379K(230848K) Eden: 91200K(91200K)->11379K(205248K) From: 11391K(11392K)->0K(25600K)
[1.698s][info][gc,heap        ] GC(29) Tenured: 216509K(227880K)->307691K(512820K)
[1.698s][info][gc,metaspace   ] GC(29) Metaspace: 6297K(6464K)->6297K(6464K) NonClass: 5764K(5824K)->5764K(5824K) Class: 533K(640K)->533K(640K)
[1.698s][info][gc             ] GC(29) Pause Full (Allocation Failure) 311M->311M(726M) 259.049ms
[1.698s][info][gc,cpu         ] GC(29) User=0.23s Sys=0.00s Real=0.26s
[1.912s][info][gc,start       ] GC(30) Pause Young (Allocation Failure)
[2.266s][info][gc,heap        ] GC(30) DefNew: 205248K(230848K)->25600K(230848K) Eden: 205248K(205248K)->0K(205248K) From: 0K(25600K)->25600K(25600K)
[2.266s][info][gc,heap        ] GC(30) Tenured: 307691K(512820K)->487314K(512820K)
[2.266s][info][gc,metaspace   ] GC(30) Metaspace: 6297K(6464K)->6297K(6464K) NonClass: 5764K(5824K)->5764K(5824K) Class: 533K(640K)->533K(640K)
[2.266s][info][gc             ] GC(30) Pause Young (Allocation Failure) 500M->500M(726M) 354.241ms
[2.266s][info][gc,cpu         ] GC(30) User=0.30s Sys=0.05s Real=0.35s
[2.457s][info][gc,start       ] GC(31) Pause Young (Allocation Failure)
[2.849s][info][gc             ] GC(31) Pause Young (Allocation Failure) 701M->700M(901M) 392.685ms
[2.849s][info][gc,cpu         ] GC(31) User=0.30s Sys=0.09s Real=0.39s
[2.849s][info][gc,start       ] GC(32) Pause Full (Allocation Failure)
[2.849s][info][gc,phases,start] GC(32) Phase 1: Mark live objects
[3.171s][info][gc,phases      ] GC(32) Phase 1: Mark live objects 321.781ms
[3.171s][info][gc,phases,start] GC(32) Phase 2: Compute new object addresses
[3.277s][info][gc,phases      ] GC(32) Phase 2: Compute new object addresses 106.301ms
[3.278s][info][gc,phases,start] GC(32) Phase 3: Adjust pointers
[3.394s][info][gc,phases      ] GC(32) Phase 3: Adjust pointers 116.428ms
[3.394s][info][gc,phases,start] GC(32) Phase 4: Move objects
[3.399s][info][gc,phases      ] GC(32) Phase 4: Move objects 5.269ms
[3.401s][info][gc,heap        ] GC(32) DefNew: 230848K(230848K)->25508K(518976K) Eden: 205248K(205248K)->25508K(461312K) From: 25600K(25600K)->0K(57664K)
[3.401s][info][gc,heap        ] GC(32) Tenured: 487314K(512820K)->691955K(1153260K)
[3.401s][info][gc,metaspace   ] GC(32) Metaspace: 6297K(6464K)->6297K(6464K) NonClass: 5764K(5824K)->5764K(5824K) Class: 533K(640K)->533K(640K)
[3.401s][info][gc             ] GC(32) Pause Full (Allocation Failure) 700M->700M(1633M) 552.022ms
[3.401s][info][gc,cpu         ] GC(32) User=0.53s Sys=0.00s Real=0.55s
[3.884s][info][gc,start       ] GC(33) Pause Young (Allocation Failure)
[4.728s][info][gc,heap        ] GC(33) DefNew: 461312K(518976K)->57663K(518976K) Eden: 461312K(461312K)->0K(461312K) From: 0K(57664K)->57663K(57664K)
[4.728s][info][gc,heap        ] GC(33) Tenured: 691955K(1153260K)->1095576K(1153260K)
[4.728s][info][gc,metaspace   ] GC(33) Metaspace: 6297K(6464K)->6297K(6464K) NonClass: 5764K(5824K)->5764K(5824K) Class: 533K(640K)->533K(640K)
[4.728s][info][gc             ] GC(33) Pause Young (Allocation Failure) 1126M->1126M(1633M) 844.926ms
[4.729s][info][gc,cpu         ] GC(33) User=0.67s Sys=0.08s Real=0.85s
[5.201s][info][gc,start       ] GC(34) Pause Young (Allocation Failure)
[5.958s][info][gc             ] GC(34) Pause Young (Allocation Failure) 1576M->1526M(1977M) 756.856ms
[5.958s][info][gc,cpu         ] GC(34) User=0.59s Sys=0.14s Real=0.76s
[5.958s][info][gc,start       ] GC(35) Pause Full (Allocation Failure)
[5.958s][info][gc,phases,start] GC(35) Phase 1: Mark live objects
[6.633s][info][gc,phases      ] GC(35) Phase 1: Mark live objects 675.346ms
[6.633s][info][gc,phases,start] GC(35) Phase 2: Compute new object addresses
[6.855s][info][gc,phases      ] GC(35) Phase 2: Compute new object addresses 222.249ms
[6.855s][info][gc,phases,start] GC(35) Phase 3: Adjust pointers
[7.124s][info][gc,phases      ] GC(35) Phase 3: Adjust pointers 268.876ms
[7.124s][info][gc,phases,start] GC(35) Phase 4: Move objects
[7.135s][info][gc,phases      ] GC(35) Phase 4: Move objects 10.966ms
[7.140s][info][gc,heap        ] GC(35) DefNew: 518975K(518976K)->57610K(1129472K) Eden: 461312K(461312K)->57610K(1004032K) From: 57663K(57664K)->0K(125440K)
[7.140s][info][gc,heap        ] GC(35) Tenured: 1095576K(1153260K)->1505839K(2509736K)
[7.140s][info][gc,metaspace   ] GC(35) Metaspace: 6297K(6464K)->6297K(6464K) NonClass: 5764K(5824K)->5764K(5824K) Class: 533K(640K)->533K(640K)
[7.140s][info][gc             ] GC(35) Pause Full (Allocation Failure) 1526M->1526M(3553M) 1182.173ms
[7.140s][info][gc,cpu         ] GC(35) User=1.17s Sys=0.02s Real=1.18s
[8.138s][info][gc,start       ] GC(36) Pause Young (Allocation Failure)
[9.934s][info][gc,heap        ] GC(36) DefNew: 1004032K(1129472K)->125439K(1129472K) Eden: 1004032K(1004032K)->0K(1004032K) From: 0K(125440K)->125439K(125440K)
[9.934s][info][gc,heap        ] GC(36) Tenured: 1505839K(2509736K)->2384400K(2509736K)
[9.934s][info][gc,metaspace   ] GC(36) Metaspace: 6297K(6464K)->6297K(6464K) NonClass: 5764K(5824K)->5764K(5824K) Class: 533K(640K)->533K(640K)
[9.934s][info][gc             ] GC(36) Pause Young (Allocation Failure) 2451M->2451M(3553M) 1796.137ms
[9.934s][info][gc,cpu         ] GC(36) User=1.59s Sys=0.17s Real=1.80s
[10.941s][info][gc,start       ] GC(37) Pause Young (Allocation Failure)
[12.674s][info][gc             ] GC(37) Pause Young (Allocation Failure) 3431M->3431M(4412M) 1732.880ms
[12.674s][info][gc,cpu         ] GC(37) User=1.50s Sys=0.23s Real=1.73s
[12.674s][info][gc,start       ] GC(38) Pause Full (Allocation Failure)
[12.674s][info][gc,phases,start] GC(38) Phase 1: Mark live objects
[14.270s][info][gc,phases      ] GC(38) Phase 1: Mark live objects 1596.425ms
[14.270s][info][gc,phases,start] GC(38) Phase 2: Compute new object addresses
[14.803s][info][gc,phases      ] GC(38) Phase 2: Compute new object addresses 532.599ms
[14.803s][info][gc,phases,start] GC(38) Phase 3: Adjust pointers
[15.481s][info][gc,phases      ] GC(38) Phase 3: Adjust pointers 678.396ms
[15.481s][info][gc,phases,start] GC(38) Phase 4: Move objects
[16.132s][info][gc,phases      ] GC(38) Phase 4: Move objects 650.052ms
[16.141s][info][gc,heap        ] GC(38) DefNew: 1129471K(1129472K)->31177K(2457600K) Eden: 1004032K(1004032K)->31177K(2184576K) From: 125439K(125440K)->0K(273024K)
[16.141s][info][gc,heap        ] GC(38) Tenured: 2384400K(2509736K)->3388459K(5461376K)
[16.141s][info][gc,metaspace   ] GC(38) Metaspace: 6297K(6464K)->6297K(6464K) NonClass: 5764K(5824K)->5764K(5824K) Class: 533K(640K)->533K(640K)
[16.141s][info][gc             ] GC(38) Pause Full (Allocation Failure) 3431M->3339M(7733M) 3466.811ms
[16.141s][info][gc,cpu         ] GC(38) User=3.44s Sys=0.00s Real=3.47s
[18.343s][info][gc,start       ] GC(39) Pause Young (Allocation Failure)
[22.142s][info][gc,heap        ] GC(39) DefNew: 2184576K(2457600K)->273023K(2457600K) Eden: 2184576K(2184576K)->0K(2184576K) From: 0K(273024K)->273023K(273024K)
[22.142s][info][gc,heap        ] GC(39) Tenured: 3388459K(5461376K)->5299983K(5461376K)
[22.142s][info][gc,metaspace   ] GC(39) Metaspace: 6297K(6464K)->6297K(6464K) NonClass: 5764K(5824K)->5764K(5824K) Class: 533K(640K)->533K(640K)
[22.142s][info][gc             ] GC(39) Pause Young (Allocation Failure) 5442M->5442M(7733M) 3798.919ms
[22.142s][info][gc,cpu         ] GC(39) User=3.33s Sys=0.47s Real=3.80s
[24.204s][info][gc,start       ] GC(40) Pause Young (Allocation Failure)
[24.204s][info][gc             ] GC(40) Pause Young (Allocation Failure) 7575M->7575M(7733M) 0.131ms
[24.204s][info][gc,cpu         ] GC(40) User=0.00s Sys=0.00s Real=0.00s
[24.204s][info][gc,start       ] GC(41) Pause Full (Allocation Failure)
[24.204s][info][gc,phases,start] GC(41) Phase 1: Mark live objects
[27.814s][info][gc,phases      ] GC(41) Phase 1: Mark live objects 3609.369ms
[27.814s][info][gc,phases,start] GC(41) Phase 2: Compute new object addresses
[28.895s][info][gc,phases      ] GC(41) Phase 2: Compute new object addresses 1080.613ms
[28.895s][info][gc,phases,start] GC(41) Phase 3: Adjust pointers
[30.427s][info][gc,phases      ] GC(41) Phase 3: Adjust pointers 1532.137ms
[30.427s][info][gc,phases,start] GC(41) Phase 4: Move objects
[30.897s][info][gc,phases      ] GC(41) Phase 4: Move objects 470.064ms
[30.897s][info][gc,heap        ] GC(41) DefNew: 2457599K(2457600K)->2296180K(2457600K) Eden: 2184576K(2184576K)->2184575K(2184576K) From: 273023K(273024K)->111604K(273024K)
[30.898s][info][gc,heap        ] GC(41) Tenured: 5299983K(5461376K)->5461375K(5461376K)
[30.898s][info][gc,metaspace   ] GC(41) Metaspace: 6297K(6464K)->6297K(6464K) NonClass: 5764K(5824K)->5764K(5824K) Class: 533K(640K)->533K(640K)
[30.898s][info][gc             ] GC(41) Pause Full (Allocation Failure) 7575M->7575M(7733M) 6693.101ms
[30.898s][info][gc,cpu         ] GC(41) User=6.62s Sys=0.05s Real=6.69s
[31.337s][info][gc,start       ] GC(42) Pause Full (Allocation Failure)
[31.338s][info][gc,phases,start] GC(42) Phase 1: Mark live objects
[34.845s][info][gc,phases      ] GC(42) Phase 1: Mark live objects 3507.308ms
[34.845s][info][gc,phases,start] GC(42) Phase 2: Compute new object addresses
[35.910s][info][gc,phases      ] GC(42) Phase 2: Compute new object addresses 1065.041ms
[35.910s][info][gc,phases,start] GC(42) Phase 3: Adjust pointers
[37.338s][info][gc,phases      ] GC(42) Phase 3: Adjust pointers 1428.251ms
[37.338s][info][gc,phases,start] GC(42) Phase 4: Move objects
[37.338s][info][gc,phases      ] GC(42) Phase 4: Move objects 0.017ms
[37.339s][info][gc,heap        ] GC(42) DefNew: 2457599K(2457600K)->2457599K(2457600K) Eden: 2184576K(2184576K)->2184576K(2184576K) From: 273023K(273024K)->273023K(273024K)
[37.339s][info][gc,heap        ] GC(42) Tenured: 5461375K(5461376K)->5461375K(5461376K)
[37.339s][info][gc,metaspace   ] GC(42) Metaspace: 6297K(6464K)->6297K(6464K) NonClass: 5764K(5824K)->5764K(5824K) Class: 533K(640K)->533K(640K)
[37.339s][info][gc             ] GC(42) Pause Full (Allocation Failure) 7733M->7733M(7733M) 6001.439ms
[37.339s][info][gc,cpu         ] GC(42) User=5.94s Sys=0.00s Real=6.00s
[37.339s][info][gc,start       ] GC(43) Pause Full (Allocation Failure)
[37.339s][info][gc,phases,start] GC(43) Phase 1: Mark live objects
[40.829s][info][gc,phases      ] GC(43) Phase 1: Mark live objects 3489.906ms
[40.829s][info][gc,phases,start] GC(43) Phase 2: Compute new object addresses
[41.897s][info][gc,phases      ] GC(43) Phase 2: Compute new object addresses 1068.005ms
[41.897s][info][gc,phases,start] GC(43) Phase 3: Adjust pointers
[43.608s][info][gc,phases      ] GC(43) Phase 3: Adjust pointers 1710.544ms
[43.608s][info][gc,phases,start] GC(43) Phase 4: Move objects
[45.034s][info][gc,phases      ] GC(43) Phase 4: Move objects 1426.106ms
[45.034s][info][gc,heap        ] GC(43) DefNew: 2457599K(2457600K)->2404729K(2457600K) Eden: 2184576K(2184576K)->2184575K(2184576K) From: 273023K(273024K)->220153K(273024K)
[45.034s][info][gc,heap        ] GC(43) Tenured: 5461375K(5461376K)->5383170K(5461376K)
[45.034s][info][gc,metaspace   ] GC(43) Metaspace: 6297K(6464K)->6296K(6464K) NonClass: 5764K(5824K)->5763K(5824K) Class: 533K(640K)->532K(640K)
[45.034s][info][gc             ] GC(43) Pause Full (Allocation Failure) 7733M->7605M(7733M) 7695.386ms
[45.034s][info][gc,cpu         ] GC(43) User=7.67s Sys=0.00s Real=7.70s
[45.425s][info][gc,start       ] GC(44) Pause Full (Allocation Failure)
[45.425s][info][gc,phases,start] GC(44) Phase 1: Mark live objects
[48.969s][info][gc,phases      ] GC(44) Phase 1: Mark live objects 3543.495ms
[48.969s][info][gc,phases,start] GC(44) Phase 2: Compute new object addresses
[50.043s][info][gc,phases      ] GC(44) Phase 2: Compute new object addresses 1074.476ms
[50.043s][info][gc,phases,start] GC(44) Phase 3: Adjust pointers
[51.484s][info][gc,phases      ] GC(44) Phase 3: Adjust pointers 1441.194ms
[51.484s][info][gc,phases,start] GC(44) Phase 4: Move objects
[51.484s][info][gc,phases      ] GC(44) Phase 4: Move objects 0.016ms
[51.485s][info][gc,heap        ] GC(44) DefNew: 2457599K(2457600K)->2457599K(2457600K) Eden: 2184575K(2184576K)->2184575K(2184576K) From: 273023K(273024K)->273023K(273024K)
[51.485s][info][gc,heap        ] GC(44) Tenured: 5461375K(5461376K)->5461375K(5461376K)
[51.485s][info][gc,metaspace   ] GC(44) Metaspace: 6296K(6464K)->6296K(6464K) NonClass: 5763K(5824K)->5763K(5824K) Class: 532K(640K)->532K(640K)
[51.485s][info][gc             ] GC(44) Pause Full (Allocation Failure) 7733M->7733M(7733M) 6060.080ms
[51.485s][info][gc,cpu         ] GC(44) User=5.98s Sys=0.03s Real=6.06s
[51.485s][info][gc,start       ] GC(45) Pause Full (Allocation Failure)
[51.485s][info][gc,phases,start] GC(45) Phase 1: Mark live objects
[55.012s][info][gc,phases      ] GC(45) Phase 1: Mark live objects 3526.605ms
[55.012s][info][gc,phases,start] GC(45) Phase 2: Compute new object addresses
[56.080s][info][gc,phases      ] GC(45) Phase 2: Compute new object addresses 1068.380ms
[56.080s][info][gc,phases,start] GC(45) Phase 3: Adjust pointers
[58.123s][info][gc,phases      ] GC(45) Phase 3: Adjust pointers 2042.501ms
[58.123s][info][gc,phases,start] GC(45) Phase 4: Move objects
[58.123s][info][gc,phases      ] GC(45) Phase 4: Move objects 0.017ms
[58.123s][info][gc,heap        ] GC(45) DefNew: 2457599K(2457600K)->2457599K(2457600K) Eden: 2184575K(2184576K)->2184575K(2184576K) From: 273023K(273024K)->273023K(273024K)
[58.123s][info][gc,heap        ] GC(45) Tenured: 5461375K(5461376K)->5461375K(5461376K)
[58.123s][info][gc,metaspace   ] GC(45) Metaspace: 6296K(6464K)->6296K(6464K) NonClass: 5763K(5824K)->5763K(5824K) Class: 532K(640K)->532K(640K)
[58.123s][info][gc             ] GC(45) Pause Full (Allocation Failure) 7733M->7733M(7733M) 6638.207ms
[58.123s][info][gc,cpu         ] GC(45) User=6.20s Sys=0.00s Real=6.64s
[58.123s][info][gc,start       ] GC(46) Pause Full (Allocation Failure)
[58.124s][info][gc,phases,start] GC(46) Phase 1: Mark live objects
[62.725s][info][gc,phases      ] GC(46) Phase 1: Mark live objects 4601.448ms
[62.725s][info][gc,phases,start] GC(46) Phase 2: Compute new object addresses
[64.245s][info][gc,phases      ] GC(46) Phase 2: Compute new object addresses 1519.463ms
[64.245s][info][gc,phases,start] GC(46) Phase 3: Adjust pointers
[66.030s][info][gc,phases      ] GC(46) Phase 3: Adjust pointers 1785.313ms
[66.030s][info][gc,phases,start] GC(46) Phase 4: Move objects
[66.030s][info][gc,phases      ] GC(46) Phase 4: Move objects 0.019ms
[66.030s][info][gc,heap        ] GC(46) DefNew: 2457599K(2457600K)->2457599K(2457600K) Eden: 2184575K(2184576K)->2184575K(2184576K) From: 273024K(273024K)->273024K(273024K)
[66.030s][info][gc,heap        ] GC(46) Tenured: 5461375K(5461376K)->5461375K(5461376K)
[66.030s][info][gc,metaspace   ] GC(46) Metaspace: 6296K(6464K)->6296K(6464K) NonClass: 5763K(5824K)->5763K(5824K) Class: 532K(640K)->532K(640K)
[66.031s][info][gc             ] GC(46) Pause Full (Allocation Failure) 7733M->7733M(7733M) 7907.021ms
[66.031s][info][gc,cpu         ] GC(46) User=6.61s Sys=0.00s Real=7.91s
[66.031s][info][gc,start       ] GC(47) Pause Full (Allocation Failure)
[66.031s][info][gc,phases,start] GC(47) Phase 1: Mark live objects
[69.825s][info][gc,phases      ] GC(47) Phase 1: Mark live objects 3794.072ms
[69.825s][info][gc,phases,start] GC(47) Phase 2: Compute new object addresses
[70.906s][info][gc,phases      ] GC(47) Phase 2: Compute new object addresses 1081.509ms
[70.906s][info][gc,phases,start] GC(47) Phase 3: Adjust pointers
[72.597s][info][gc,phases      ] GC(47) Phase 3: Adjust pointers 1690.466ms
[72.597s][info][gc,phases,start] GC(47) Phase 4: Move objects
[73.513s][info][gc,phases      ] GC(47) Phase 4: Move objects 916.252ms
[73.514s][info][gc,heap        ] GC(47) DefNew: 2457599K(2457600K)->2457599K(2457600K) Eden: 2184575K(2184576K)->2184575K(2184576K) From: 273024K(273024K)->273024K(273024K)
[73.514s][info][gc,heap        ] GC(47) Tenured: 5461375K(5461376K)->5461374K(5461376K)
[73.514s][info][gc,metaspace   ] GC(47) Metaspace: 6296K(6464K)->6296K(6464K) NonClass: 5763K(5824K)->5763K(5824K) Class: 532K(640K)->532K(640K)
[73.514s][info][gc             ] GC(47) Pause Full (Allocation Failure) 7733M->7733M(7733M) 7483.106ms
[73.514s][info][gc,cpu         ] GC(47) User=7.44s Sys=0.00s Real=7.48s
[73.515s][info][gc,start       ] GC(48) Pause Full (Allocation Failure)
[73.515s][info][gc,phases,start] GC(48) Phase 1: Mark live objects
[77.115s][info][gc,phases      ] GC(48) Phase 1: Mark live objects 3600.049ms
[77.115s][info][gc,phases,start] GC(48) Phase 2: Compute new object addresses
[78.197s][info][gc,phases      ] GC(48) Phase 2: Compute new object addresses 1082.119ms
[78.197s][info][gc,phases,start] GC(48) Phase 3: Adjust pointers
[79.870s][info][gc,phases      ] GC(48) Phase 3: Adjust pointers 1672.543ms
[79.870s][info][gc,phases,start] GC(48) Phase 4: Move objects
[80.824s][info][gc,phases      ] GC(48) Phase 4: Move objects 953.889ms
[80.824s][info][gc,heap        ] GC(48) DefNew: 2457599K(2457600K)->2457599K(2457600K) Eden: 2184575K(2184576K)->2184575K(2184576K) From: 273024K(273024K)->273024K(273024K)
[80.824s][info][gc,heap        ] GC(48) Tenured: 5461375K(5461376K)->5461372K(5461376K)
[80.824s][info][gc,metaspace   ] GC(48) Metaspace: 6297K(6464K)->6297K(6464K) NonClass: 5763K(5824K)->5763K(5824K) Class: 533K(640K)->533K(640K)
[80.824s][info][gc             ] GC(48) Pause Full (Allocation Failure) 7733M->7733M(7733M) 7309.494ms
[80.824s][info][gc,cpu         ] GC(48) User=7.28s Sys=0.00s Real=7.31s
[80.825s][info][gc,heap,exit   ] Heap
[80.825s][info][gc,heap,exit   ]  def new generation   total 2457600K, used 2457599K [0x000000060c000000, 0x00000006b2aa0000, 0x00000006b2aa0000)
[80.825s][info][gc,heap,exit   ]   eden space 2184576K,  99% used [0x000000060c000000, 0x000000069155fff8, 0x0000000691560000)
[80.825s][info][gc,heap,exit   ]   from space 273024K, 100% used [0x00000006a2000000, 0x00000006b2aa0000, 0x00000006b2aa0000)
[80.825s][info][gc,heap,exit   ]   to   space 273024K,   0% used [0x0000000691560000, 0x0000000691560000, 0x00000006a2000000)
[80.825s][info][gc,heap,exit   ]  tenured generation   total 5461376K, used 5461373K [0x00000006b2aa0000, 0x0000000800000000, 0x0000000800000000)
[80.825s][info][gc,heap,exit   ]    the space 5461376K,  99% used [0x00000006b2aa0000, 0x00000007fffff5f8, 0x00000007fffff600, 0x0000000800000000)
[80.825s][info][gc,heap,exit   ]  Metaspace       used 6300K, committed 6464K, reserved 1114112K
[80.825s][info][gc,heap,exit   ]   class space    used 534K, committed 640K, reserved 1048576K
