[0.030s][info][gc,init] CardTable entry size: 512
[0.030s][info][gc     ] Using Serial
[0.031s][info][gc,init] Version: 18.0.1+10 (release)
[0.031s][info][gc,init] CPUs: 8 total, 8 available
[0.031s][info][gc,init] Memory: 16063M
[0.031s][info][gc,init] Large Page Support: Disabled
[0.031s][info][gc,init] NUMA Support: Disabled
[0.031s][info][gc,init] Compressed Oops: Enabled (Zero based)
[0.031s][info][gc,init] Heap Min Capacity: 2M
[0.031s][info][gc,init] Heap Initial Capacity: 2M
[0.031s][info][gc,init] Heap Max Capacity: 15800M
[0.031s][info][gc,init] Pre-touch: Disabled
[0.032s][info][gc,metaspace] CDS archive(s) not mapped
[0.032s][info][gc,metaspace] Compressed class space mapped at: 0x0000000800000000-0x0000000840000000, reserved size: 1073741824
[0.032s][info][gc,metaspace] Narrow klass base: 0x0000000800000000, Narrow klass shift: 0, Narrow klass range: 0x40000000
[0.260s][info][gc,start    ] GC(0) Pause Young (Allocation Failure)
[0.263s][info][gc,heap     ] GC(0) DefNew: 1023K(1152K)->127K(1152K) Eden: 1023K(1024K)->0K(1024K) From: 0K(128K)->127K(128K)
[0.263s][info][gc,heap     ] GC(0) Tenured: 0K(768K)->439K(768K)
[0.263s][info][gc,metaspace] GC(0) Metaspace: 5904K(6016K)->5904K(6016K) NonClass: 5404K(5504K)->5404K(5504K) Class: 499K(512K)->499K(512K)
[0.263s][info][gc          ] GC(0) Pause Young (Allocation Failure) 0M->0M(1M) 3.167ms
[0.263s][info][gc,cpu      ] GC(0) User=0.00s Sys=0.00s Real=0.00s
[0.295s][info][gc,start    ] GC(1) Pause Young (Allocation Failure)
[0.297s][info][gc          ] GC(1) Pause Young (Allocation Failure) 1M->0M(2M) 2.457ms
[0.297s][info][gc,cpu      ] GC(1) User=0.00s Sys=0.00s Real=0.00s
[0.297s][info][gc,start    ] GC(2) Pause Full (Allocation Failure)
[0.297s][info][gc,phases,start] GC(2) Phase 1: Mark live objects
[0.299s][info][gc,phases      ] GC(2) Phase 1: Mark live objects 2.017ms
[0.299s][info][gc,phases,start] GC(2) Phase 2: Compute new object addresses
[0.300s][info][gc,phases      ] GC(2) Phase 2: Compute new object addresses 0.416ms
[0.300s][info][gc,phases,start] GC(2) Phase 3: Adjust pointers
[0.301s][info][gc,phases      ] GC(2) Phase 3: Adjust pointers 1.078ms
[0.301s][info][gc,phases,start] GC(2) Phase 4: Move objects
[0.301s][info][gc,phases      ] GC(2) Phase 4: Move objects 0.107ms
[0.301s][info][gc,heap        ] GC(2) DefNew: 1151K(1152K)->40K(1152K) Eden: 1024K(1024K)->40K(1024K) From: 127K(128K)->0K(128K)
[0.301s][info][gc,heap        ] GC(2) Tenured: 439K(768K)->959K(1600K)
[0.301s][info][gc,metaspace   ] GC(2) Metaspace: 6300K(6528K)->6300K(6528K) NonClass: 5767K(5888K)->5767K(5888K) Class: 533K(640K)->533K(640K)
[0.301s][info][gc             ] GC(2) Pause Full (Allocation Failure) 0M->0M(2M) 4.242ms
[0.301s][info][gc,cpu         ] GC(2) User=0.00s Sys=0.00s Real=0.00s
[0.304s][info][gc,start       ] GC(3) Pause Young (Allocation Failure)
[0.308s][info][gc,heap        ] GC(3) DefNew: 1024K(1152K)->127K(1152K) Eden: 1024K(1024K)->0K(1024K) From: 0K(128K)->127K(128K)
[0.308s][info][gc,heap        ] GC(3) Tenured: 959K(1600K)->1375K(1600K)
[0.308s][info][gc,metaspace   ] GC(3) Metaspace: 6300K(6528K)->6300K(6528K) NonClass: 5767K(5888K)->5767K(5888K) Class: 533K(640K)->533K(640K)
[0.308s][info][gc             ] GC(3) Pause Young (Allocation Failure) 1M->1M(2M) 3.236ms
[0.308s][info][gc,cpu         ] GC(3) User=0.00s Sys=0.00s Real=0.00s
[0.310s][info][gc,start       ] GC(4) Pause Young (Allocation Failure)
[0.312s][info][gc             ] GC(4) Pause Young (Allocation Failure) 2M->1M(3M) 2.051ms
[0.312s][info][gc,cpu         ] GC(4) User=0.00s Sys=0.00s Real=0.00s
[0.312s][info][gc,start       ] GC(5) Pause Full (Allocation Failure)
[0.312s][info][gc,phases,start] GC(5) Phase 1: Mark live objects
[0.314s][info][gc,phases      ] GC(5) Phase 1: Mark live objects 1.908ms
[0.314s][info][gc,phases,start] GC(5) Phase 2: Compute new object addresses
[0.314s][info][gc,phases      ] GC(5) Phase 2: Compute new object addresses 0.536ms
[0.314s][info][gc,phases,start] GC(5) Phase 3: Adjust pointers
[0.315s][info][gc,phases      ] GC(5) Phase 3: Adjust pointers 0.855ms
[0.315s][info][gc,phases,start] GC(5) Phase 4: Move objects
[0.316s][info][gc,phases      ] GC(5) Phase 4: Move objects 0.089ms
[0.316s][info][gc,heap        ] GC(5) DefNew: 1151K(1152K)->35K(1536K) Eden: 1024K(1024K)->35K(1408K) From: 127K(128K)->0K(128K)
[0.316s][info][gc,heap        ] GC(5) Tenured: 1375K(1600K)->1983K(3308K)
[0.316s][info][gc,metaspace   ] GC(5) Metaspace: 6300K(6528K)->6300K(6528K) NonClass: 5767K(5888K)->5767K(5888K) Class: 533K(640K)->533K(640K)
[0.316s][info][gc             ] GC(5) Pause Full (Allocation Failure) 1M->1M(4M) 3.907ms
[0.316s][info][gc,cpu         ] GC(5) User=0.00s Sys=0.00s Real=0.00s
[0.318s][info][gc,start       ] GC(6) Pause Young (Allocation Failure)
[0.321s][info][gc,heap        ] GC(6) DefNew: 1407K(1536K)->127K(1536K) Eden: 1407K(1408K)->0K(1408K) From: 0K(128K)->127K(128K)
[0.321s][info][gc,heap        ] GC(6) Tenured: 1983K(3308K)->2617K(3308K)
[0.321s][info][gc,metaspace   ] GC(6) Metaspace: 6300K(6528K)->6300K(6528K) NonClass: 5767K(5888K)->5767K(5888K) Class: 533K(640K)->533K(640K)
[0.321s][info][gc             ] GC(6) Pause Young (Allocation Failure) 3M->2M(4M) 2.723ms
[0.321s][info][gc,cpu         ] GC(6) User=0.00s Sys=0.02s Real=0.00s
[0.325s][info][gc,start       ] GC(7) Pause Young (Allocation Failure)
[0.327s][info][gc             ] GC(7) Pause Young (Allocation Failure) 4M->3M(4M) 2.611ms
[0.327s][info][gc,cpu         ] GC(7) User=0.00s Sys=0.00s Real=0.00s
[0.327s][info][gc,start       ] GC(8) Pause Full (Allocation Failure)
[0.327s][info][gc,phases,start] GC(8) Phase 1: Mark live objects
[0.330s][info][gc,phases      ] GC(8) Phase 1: Mark live objects 2.253ms
[0.330s][info][gc,phases,start] GC(8) Phase 2: Compute new object addresses
[0.330s][info][gc,phases      ] GC(8) Phase 2: Compute new object addresses 0.743ms
[0.330s][info][gc,phases,start] GC(8) Phase 3: Adjust pointers
[0.332s][info][gc,phases      ] GC(8) Phase 3: Adjust pointers 1.142ms
[0.332s][info][gc,phases,start] GC(8) Phase 4: Move objects
[0.332s][info][gc,phases      ] GC(8) Phase 4: Move objects 0.099ms
[0.332s][info][gc,heap        ] GC(8) DefNew: 1535K(1536K)->0K(2688K) Eden: 1408K(1408K)->0K(2432K) From: 127K(128K)->0K(256K)
[0.332s][info][gc,heap        ] GC(8) Tenured: 2617K(3308K)->3460K(5768K)
[0.332s][info][gc,metaspace   ] GC(8) Metaspace: 6300K(6528K)->6300K(6528K) NonClass: 5767K(5888K)->5767K(5888K) Class: 533K(640K)->533K(640K)
[0.332s][info][gc             ] GC(8) Pause Full (Allocation Failure) 3M->3M(8M) 4.622ms
[0.332s][info][gc,cpu         ] GC(8) User=0.00s Sys=0.00s Real=0.01s
[0.336s][info][gc,start       ] GC(9) Pause Young (Allocation Failure)
[0.340s][info][gc,heap        ] GC(9) DefNew: 2431K(2688K)->256K(2688K) Eden: 2431K(2432K)->0K(2432K) From: 0K(256K)->256K(256K)
[0.340s][info][gc,heap        ] GC(9) Tenured: 3460K(5768K)->4512K(5768K)
[0.340s][info][gc,metaspace   ] GC(9) Metaspace: 6300K(6528K)->6300K(6528K) NonClass: 5767K(5888K)->5767K(5888K) Class: 533K(640K)->533K(640K)
[0.340s][info][gc             ] GC(9) Pause Young (Allocation Failure) 5M->4M(8M) 4.087ms
[0.340s][info][gc,cpu         ] GC(9) User=0.00s Sys=0.00s Real=0.00s
[0.344s][info][gc,start       ] GC(10) Pause Young (Allocation Failure)
[0.348s][info][gc,heap        ] GC(10) DefNew: 2688K(2688K)->256K(2688K) Eden: 2432K(2432K)->0K(2432K) From: 256K(256K)->256K(256K)
[0.348s][info][gc,heap        ] GC(10) Tenured: 4512K(5768K)->5755K(5768K)
[0.348s][info][gc,metaspace   ] GC(10) Metaspace: 6300K(6528K)->6300K(6528K) NonClass: 5767K(5888K)->5767K(5888K) Class: 533K(640K)->533K(640K)
[0.348s][info][gc             ] GC(10) Pause Young (Allocation Failure) 7M->5M(8M) 4.142ms
[0.348s][info][gc,cpu         ] GC(10) User=0.00s Sys=0.00s Real=0.00s
[0.354s][info][gc,start       ] GC(11) Pause Young (Allocation Failure)
[0.359s][info][gc             ] GC(11) Pause Young (Allocation Failure) 8M->7M(9M) 4.846ms
[0.359s][info][gc,cpu         ] GC(11) User=0.00s Sys=0.00s Real=0.01s
[0.359s][info][gc,start       ] GC(12) Pause Full (Allocation Failure)
[0.359s][info][gc,phases,start] GC(12) Phase 1: Mark live objects
[0.364s][info][gc,phases      ] GC(12) Phase 1: Mark live objects 5.073ms
[0.364s][info][gc,phases,start] GC(12) Phase 2: Compute new object addresses
[0.365s][info][gc,phases      ] GC(12) Phase 2: Compute new object addresses 1.377ms
[0.365s][info][gc,phases,start] GC(12) Phase 3: Adjust pointers
[0.368s][info][gc,phases      ] GC(12) Phase 3: Adjust pointers 2.418ms
[0.368s][info][gc,phases,start] GC(12) Phase 4: Move objects
[0.370s][info][gc,phases      ] GC(12) Phase 4: Move objects 1.609ms
[0.370s][info][gc,heap        ] GC(12) DefNew: 2688K(2688K)->0K(5376K) Eden: 2432K(2432K)->0K(4800K) From: 256K(256K)->0K(576K)
[0.370s][info][gc,heap        ] GC(12) Tenured: 5755K(5768K)->7132K(11888K)
[0.370s][info][gc,metaspace   ] GC(12) Metaspace: 6300K(6528K)->6300K(6528K) NonClass: 5767K(5888K)->5767K(5888K) Class: 533K(640K)->533K(640K)
[0.370s][info][gc             ] GC(12) Pause Full (Allocation Failure) 7M->6M(16M) 11.254ms
[0.370s][info][gc,cpu         ] GC(12) User=0.02s Sys=0.00s Real=0.01s
[0.376s][info][gc,start       ] GC(13) Pause Young (Allocation Failure)
[0.382s][info][gc,heap        ] GC(13) DefNew: 4800K(5376K)->575K(5376K) Eden: 4800K(4800K)->0K(4800K) From: 0K(576K)->575K(576K)
[0.382s][info][gc,heap        ] GC(13) Tenured: 7132K(11888K)->9027K(11888K)
[0.382s][info][gc,metaspace   ] GC(13) Metaspace: 6300K(6528K)->6300K(6528K) NonClass: 5767K(5888K)->5767K(5888K) Class: 533K(640K)->533K(640K)
[0.382s][info][gc             ] GC(13) Pause Young (Allocation Failure) 11M->9M(16M) 6.397ms
[0.382s][info][gc,cpu         ] GC(13) User=0.00s Sys=0.00s Real=0.01s
[0.388s][info][gc,start       ] GC(14) Pause Young (Allocation Failure)
[0.396s][info][gc,heap        ] GC(14) DefNew: 5375K(5376K)->576K(5376K) Eden: 4800K(4800K)->0K(4800K) From: 575K(576K)->576K(576K)
[0.396s][info][gc,heap        ] GC(14) Tenured: 9027K(11888K)->11746K(11888K)
[0.396s][info][gc,metaspace   ] GC(14) Metaspace: 6300K(6528K)->6300K(6528K) NonClass: 5767K(5888K)->5767K(5888K) Class: 533K(640K)->533K(640K)
[0.396s][info][gc             ] GC(14) Pause Young (Allocation Failure) 14M->12M(16M) 7.707ms
[0.396s][info][gc,cpu         ] GC(14) User=0.00s Sys=0.00s Real=0.01s
[0.400s][info][gc,start       ] GC(15) Pause Young (Allocation Failure)
[0.407s][info][gc             ] GC(15) Pause Young (Allocation Failure) 16M->14M(19M) 6.864ms
[0.407s][info][gc,cpu         ] GC(15) User=0.00s Sys=0.00s Real=0.01s
[0.407s][info][gc,start       ] GC(16) Pause Full (Allocation Failure)
[0.407s][info][gc,phases,start] GC(16) Phase 1: Mark live objects
[0.416s][info][gc,phases      ] GC(16) Phase 1: Mark live objects 9.638ms
[0.417s][info][gc,phases,start] GC(16) Phase 2: Compute new object addresses
[0.420s][info][gc,phases      ] GC(16) Phase 2: Compute new object addresses 2.978ms
[0.420s][info][gc,phases,start] GC(16) Phase 3: Adjust pointers
[0.423s][info][gc,phases      ] GC(16) Phase 3: Adjust pointers 3.683ms
[0.423s][info][gc,phases,start] GC(16) Phase 4: Move objects
[0.424s][info][gc,phases      ] GC(16) Phase 4: Move objects 0.203ms
[0.424s][info][gc,heap        ] GC(16) DefNew: 5376K(5376K)->411K(10880K) Eden: 4800K(4800K)->411K(9728K) From: 576K(576K)->0K(1152K)
[0.424s][info][gc,heap        ] GC(16) Tenured: 11746K(11888K)->14383K(23976K)
[0.424s][info][gc,metaspace   ] GC(16) Metaspace: 6302K(6528K)->6302K(6528K) NonClass: 5769K(5888K)->5769K(5888K) Class: 533K(640K)->533K(640K)
[0.424s][info][gc             ] GC(16) Pause Full (Allocation Failure) 14M->14M(34M) 16.912ms
[0.424s][info][gc,cpu         ] GC(16) User=0.02s Sys=0.00s Real=0.02s
[0.431s][info][gc,start       ] GC(17) Pause Young (Allocation Failure)
[0.445s][info][gc,heap        ] GC(17) DefNew: 9728K(10880K)->1152K(10880K) Eden: 9728K(9728K)->0K(9728K) From: 0K(1152K)->1152K(1152K)
[0.446s][info][gc,heap        ] GC(17) Tenured: 14383K(23976K)->18409K(23976K)
[0.446s][info][gc,metaspace   ] GC(17) Metaspace: 6302K(6528K)->6302K(6528K) NonClass: 5769K(5888K)->5769K(5888K) Class: 533K(640K)->533K(640K)
[0.446s][info][gc             ] GC(17) Pause Young (Allocation Failure) 23M->19M(34M) 14.117ms
[0.446s][info][gc,cpu         ] GC(17) User=0.00s Sys=0.00s Real=0.01s
[0.453s][info][gc,start       ] GC(18) Pause Young (Allocation Failure)
[0.466s][info][gc,heap        ] GC(18) DefNew: 10880K(10880K)->1151K(10880K) Eden: 9728K(9728K)->0K(9728K) From: 1152K(1152K)->1151K(1152K)
[0.467s][info][gc,heap        ] GC(18) Tenured: 18409K(23976K)->23929K(23976K)
[0.467s][info][gc,metaspace   ] GC(18) Metaspace: 6302K(6528K)->6302K(6528K) NonClass: 5769K(5888K)->5769K(5888K) Class: 533K(640K)->533K(640K)
[0.467s][info][gc             ] GC(18) Pause Young (Allocation Failure) 28M->24M(34M) 13.734ms
[0.467s][info][gc,cpu         ] GC(18) User=0.00s Sys=0.00s Real=0.01s
[0.472s][info][gc,start       ] GC(19) Pause Young (Allocation Failure)
[0.483s][info][gc             ] GC(19) Pause Young (Allocation Failure) 33M->29M(38M) 11.076ms
[0.483s][info][gc,cpu         ] GC(19) User=0.00s Sys=0.00s Real=0.01s
[0.483s][info][gc,start       ] GC(20) Pause Full (Allocation Failure)
[0.483s][info][gc,phases,start] GC(20) Phase 1: Mark live objects
[0.497s][info][gc,phases      ] GC(20) Phase 1: Mark live objects 13.810ms
[0.497s][info][gc,phases,start] GC(20) Phase 2: Compute new object addresses
[0.502s][info][gc,phases      ] GC(20) Phase 2: Compute new object addresses 4.815ms
[0.502s][info][gc,phases,start] GC(20) Phase 3: Adjust pointers
[0.508s][info][gc,phases      ] GC(20) Phase 3: Adjust pointers 5.555ms
[0.508s][info][gc,phases,start] GC(20) Phase 4: Move objects
[0.508s][info][gc,phases      ] GC(20) Phase 4: Move objects 0.172ms
[0.508s][info][gc,heap        ] GC(20) DefNew: 10879K(10880K)->1073K(21888K) Eden: 9728K(9728K)->1073K(19520K) From: 1151K(1152K)->0K(2368K)
[0.508s][info][gc,heap        ] GC(20) Tenured: 23929K(23976K)->29035K(48396K)
[0.508s][info][gc,metaspace   ] GC(20) Metaspace: 6302K(6528K)->6302K(6528K) NonClass: 5769K(5888K)->5769K(5888K) Class: 533K(640K)->533K(640K)
[0.508s][info][gc             ] GC(20) Pause Full (Allocation Failure) 29M->29M(68M) 24.772ms
[0.508s][info][gc,cpu         ] GC(20) User=0.03s Sys=0.00s Real=0.02s
[0.524s][info][gc,start       ] GC(21) Pause Young (Allocation Failure)
[0.552s][info][gc,heap        ] GC(21) DefNew: 19520K(21888K)->2367K(21888K) Eden: 19520K(19520K)->0K(19520K) From: 0K(2368K)->2367K(2368K)
[0.552s][info][gc,heap        ] GC(21) Tenured: 29035K(48396K)->39332K(48396K)
[0.552s][info][gc,metaspace   ] GC(21) Metaspace: 6302K(6528K)->6302K(6528K) NonClass: 5769K(5888K)->5769K(5888K) Class: 533K(640K)->533K(640K)
[0.552s][info][gc             ] GC(21) Pause Young (Allocation Failure) 47M->40M(68M) 28.684ms
[0.552s][info][gc,cpu         ] GC(21) User=0.03s Sys=0.00s Real=0.03s
[0.569s][info][gc,start       ] GC(22) Pause Young (Allocation Failure)
[0.605s][info][gc             ] GC(22) Pause Young (Allocation Failure) 59M->59M(78M) 35.738ms
[0.605s][info][gc,cpu         ] GC(22) User=0.03s Sys=0.00s Real=0.04s
[0.605s][info][gc,start       ] GC(23) Pause Full (Allocation Failure)
[0.605s][info][gc,phases,start] GC(23) Phase 1: Mark live objects
[0.630s][info][gc,phases      ] GC(23) Phase 1: Mark live objects 24.591ms
[0.630s][info][gc,phases,start] GC(23) Phase 2: Compute new object addresses
[0.640s][info][gc,phases      ] GC(23) Phase 2: Compute new object addresses 9.539ms
[0.640s][info][gc,phases,start] GC(23) Phase 3: Adjust pointers
[0.651s][info][gc,phases      ] GC(23) Phase 3: Adjust pointers 11.233ms
[0.651s][info][gc,phases,start] GC(23) Phase 4: Move objects
[0.651s][info][gc,phases      ] GC(23) Phase 4: Move objects 0.350ms
[0.652s][info][gc,heap        ] GC(23) DefNew: 21887K(21888K)->2237K(44288K) Eden: 19520K(19520K)->2237K(39424K) From: 2367K(2368K)->0K(4864K)
[0.652s][info][gc,heap        ] GC(23) Tenured: 39332K(48396K)->58955K(98260K)
[0.652s][info][gc,metaspace   ] GC(23) Metaspace: 6302K(6528K)->6302K(6528K) NonClass: 5769K(5888K)->5769K(5888K) Class: 533K(640K)->533K(640K)
[0.652s][info][gc             ] GC(23) Pause Full (Allocation Failure) 59M->59M(139M) 46.378ms
[0.652s][info][gc,cpu         ] GC(23) User=0.06s Sys=0.00s Real=0.05s
[0.697s][info][gc,start       ] GC(24) Pause Young (Allocation Failure)
[0.764s][info][gc,heap        ] GC(24) DefNew: 39424K(44288K)->4863K(44288K) Eden: 39424K(39424K)->0K(39424K) From: 0K(4864K)->4863K(4864K)
[0.764s][info][gc,heap        ] GC(24) Tenured: 58955K(98260K)->93491K(98260K)
[0.764s][info][gc,metaspace   ] GC(24) Metaspace: 6302K(6528K)->6302K(6528K) NonClass: 5769K(5888K)->5769K(5888K) Class: 533K(640K)->533K(640K)
[0.764s][info][gc             ] GC(24) Pause Young (Allocation Failure) 96M->96M(139M) 67.101ms
[0.764s][info][gc,cpu         ] GC(24) User=0.05s Sys=0.02s Real=0.07s
[0.796s][info][gc,start       ] GC(25) Pause Young (Allocation Failure)
[0.872s][info][gc             ] GC(25) Pause Young (Allocation Failure) 134M->134M(173M) 75.158ms
[0.872s][info][gc,cpu         ] GC(25) User=0.06s Sys=0.00s Real=0.08s
[0.872s][info][gc,start       ] GC(26) Pause Full (Allocation Failure)
[0.872s][info][gc,phases,start] GC(26) Phase 1: Mark live objects
[0.929s][info][gc,phases      ] GC(26) Phase 1: Mark live objects 57.477ms
[0.929s][info][gc,phases,start] GC(26) Phase 2: Compute new object addresses
[0.950s][info][gc,phases      ] GC(26) Phase 2: Compute new object addresses 21.105ms
[0.950s][info][gc,phases,start] GC(26) Phase 3: Adjust pointers
[0.976s][info][gc,phases      ] GC(26) Phase 3: Adjust pointers 25.201ms
[0.976s][info][gc,phases,start] GC(26) Phase 4: Move objects
[1.000s][info][gc,phases      ] GC(26) Phase 4: Move objects 24.229ms
[1.000s][info][gc,heap        ] GC(26) DefNew: 44287K(44288K)->1017K(99712K) Eden: 39424K(39424K)->1017K(88640K) From: 4863K(4864K)->0K(11072K)
[1.000s][info][gc,heap        ] GC(26) Tenured: 93491K(98260K)->132887K(221480K)
[1.000s][info][gc,metaspace   ] GC(26) Metaspace: 6302K(6528K)->6302K(6528K) NonClass: 5769K(5888K)->5769K(5888K) Class: 533K(640K)->533K(640K)
[1.000s][info][gc             ] GC(26) Pause Full (Allocation Failure) 134M->130M(313M) 128.833ms
[1.000s][info][gc,cpu         ] GC(26) User=0.12s Sys=0.00s Real=0.13s
[1.097s][info][gc,start       ] GC(27) Pause Young (Allocation Failure)
[1.251s][info][gc,heap        ] GC(27) DefNew: 88640K(99712K)->11071K(99712K) Eden: 88640K(88640K)->0K(88640K) From: 0K(11072K)->11071K(11072K)
[1.251s][info][gc,heap        ] GC(27) Tenured: 132887K(221480K)->210429K(221480K)
[1.251s][info][gc,metaspace   ] GC(27) Metaspace: 6302K(6528K)->6302K(6528K) NonClass: 5769K(5888K)->5769K(5888K) Class: 533K(640K)->533K(640K)
[1.251s][info][gc             ] GC(27) Pause Young (Allocation Failure) 216M->216M(313M) 153.819ms
[1.251s][info][gc,cpu         ] GC(27) User=0.09s Sys=0.05s Real=0.15s
[1.330s][info][gc,start       ] GC(28) Pause Young (Allocation Failure)
[1.503s][info][gc             ] GC(28) Pause Young (Allocation Failure) 302M->302M(389M) 173.654ms
[1.503s][info][gc,cpu         ] GC(28) User=0.12s Sys=0.03s Real=0.17s
[1.503s][info][gc,start       ] GC(29) Pause Full (Allocation Failure)
[1.503s][info][gc,phases,start] GC(29) Phase 1: Mark live objects
[1.642s][info][gc,phases      ] GC(29) Phase 1: Mark live objects 139.026ms
[1.642s][info][gc,phases,start] GC(29) Phase 2: Compute new object addresses
[1.692s][info][gc,phases      ] GC(29) Phase 2: Compute new object addresses 50.055ms
[1.693s][info][gc,phases,start] GC(29) Phase 3: Adjust pointers
[1.746s][info][gc,phases      ] GC(29) Phase 3: Adjust pointers 53.664ms
[1.746s][info][gc,phases,start] GC(29) Phase 4: Move objects
[1.748s][info][gc,phases      ] GC(29) Phase 4: Move objects 2.166ms
[1.749s][info][gc,heap        ] GC(29) DefNew: 99711K(99712K)->10931K(224448K) Eden: 88640K(88640K)->10931K(199552K) From: 11071K(11072K)->0K(24896K)
[1.749s][info][gc,heap        ] GC(29) Tenured: 210429K(221480K)->299179K(498636K)
[1.749s][info][gc,metaspace   ] GC(29) Metaspace: 6302K(6528K)->6302K(6528K) NonClass: 5769K(5888K)->5769K(5888K) Class: 533K(640K)->533K(640K)
[1.749s][info][gc             ] GC(29) Pause Full (Allocation Failure) 302M->302M(706M) 246.124ms
[1.749s][info][gc,cpu         ] GC(29) User=0.25s Sys=0.00s Real=0.25s
[1.960s][info][gc,start       ] GC(30) Pause Young (Allocation Failure)
[2.302s][info][gc,heap        ] GC(30) DefNew: 199552K(224448K)->24895K(224448K) Eden: 199552K(199552K)->0K(199552K) From: 0K(24896K)->24895K(24896K)
[2.302s][info][gc,heap        ] GC(30) Tenured: 299179K(498636K)->473810K(498636K)
[2.302s][info][gc,metaspace   ] GC(30) Metaspace: 6302K(6528K)->6302K(6528K) NonClass: 5769K(5888K)->5769K(5888K) Class: 533K(640K)->533K(640K)
[2.302s][info][gc             ] GC(30) Pause Young (Allocation Failure) 487M->487M(706M) 341.980ms
[2.302s][info][gc,cpu         ] GC(30) User=0.33s Sys=0.02s Real=0.34s
[2.505s][info][gc,start       ] GC(31) Pause Young (Allocation Failure)
[2.912s][info][gc             ] GC(31) Pause Young (Allocation Failure) 681M->681M(876M) 406.909ms
[2.912s][info][gc,cpu         ] GC(31) User=0.28s Sys=0.11s Real=0.41s
[2.912s][info][gc,start       ] GC(32) Pause Full (Allocation Failure)
[2.912s][info][gc,phases,start] GC(32) Phase 1: Mark live objects
[3.230s][info][gc,phases      ] GC(32) Phase 1: Mark live objects 318.131ms
[3.230s][info][gc,phases,start] GC(32) Phase 2: Compute new object addresses
[3.336s][info][gc,phases      ] GC(32) Phase 2: Compute new object addresses 106.213ms
[3.336s][info][gc,phases,start] GC(32) Phase 3: Adjust pointers
[3.462s][info][gc,phases      ] GC(32) Phase 3: Adjust pointers 125.486ms
[3.462s][info][gc,phases,start] GC(32) Phase 4: Move objects
[3.468s][info][gc,phases      ] GC(32) Phase 4: Move objects 5.729ms
[3.470s][info][gc,heap        ] GC(32) DefNew: 224447K(224448K)->24798K(505152K) Eden: 199552K(199552K)->24798K(449088K) From: 24895K(24896K)->0K(56064K)
[3.470s][info][gc,heap        ] GC(32) Tenured: 473810K(498636K)->673423K(1122376K)
[3.470s][info][gc,metaspace   ] GC(32) Metaspace: 6302K(6528K)->6302K(6528K) NonClass: 5769K(5888K)->5769K(5888K) Class: 533K(640K)->533K(640K)
[3.470s][info][gc             ] GC(32) Pause Full (Allocation Failure) 681M->681M(1589M) 558.184ms
[3.470s][info][gc,cpu         ] GC(32) User=0.52s Sys=0.00s Real=0.56s
[3.946s][info][gc,start       ] GC(33) Pause Young (Allocation Failure)
[4.826s][info][gc,heap        ] GC(33) DefNew: 449088K(505152K)->56063K(505152K) Eden: 449088K(449088K)->0K(449088K) From: 0K(56064K)->56063K(56064K)
[4.826s][info][gc,heap        ] GC(33) Tenured: 673423K(1122376K)->1066422K(1122376K)
[4.826s][info][gc,metaspace   ] GC(33) Metaspace: 6302K(6528K)->6302K(6528K) NonClass: 5769K(5888K)->5769K(5888K) Class: 533K(640K)->533K(640K)
[4.826s][info][gc             ] GC(33) Pause Young (Allocation Failure) 1096M->1096M(1589M) 880.393ms
[4.826s][info][gc,cpu         ] GC(33) User=0.67s Sys=0.09s Real=0.88s
[5.459s][info][gc,start       ] GC(34) Pause Young (Allocation Failure)
[6.317s][info][gc             ] GC(34) Pause Young (Allocation Failure) 1534M->1479M(1918M) 857.955ms
[6.317s][info][gc,cpu         ] GC(34) User=0.61s Sys=0.12s Real=0.86s
[6.317s][info][gc,start       ] GC(35) Pause Full (Allocation Failure)
[6.317s][info][gc,phases,start] GC(35) Phase 1: Mark live objects
[6.986s][info][gc,phases      ] GC(35) Phase 1: Mark live objects 668.307ms
[6.986s][info][gc,phases,start] GC(35) Phase 2: Compute new object addresses
[7.228s][info][gc,phases      ] GC(35) Phase 2: Compute new object addresses 241.985ms
[7.228s][info][gc,phases,start] GC(35) Phase 3: Adjust pointers
[7.520s][info][gc,phases      ] GC(35) Phase 3: Adjust pointers 292.151ms
[7.520s][info][gc,phases,start] GC(35) Phase 4: Move objects
[7.532s][info][gc,phases      ] GC(35) Phase 4: Move objects 11.752ms
[7.536s][info][gc,heap        ] GC(35) DefNew: 505151K(505152K)->55885K(1094784K) Eden: 449088K(449088K)->55885K(973184K) From: 56063K(56064K)->0K(121600K)
[7.536s][info][gc,heap        ] GC(35) Tenured: 1066422K(1122376K)->1459595K(2432660K)
[7.536s][info][gc,metaspace   ] GC(35) Metaspace: 6302K(6528K)->6302K(6528K) NonClass: 5769K(5888K)->5769K(5888K) Class: 533K(640K)->533K(640K)
[7.537s][info][gc             ] GC(35) Pause Full (Allocation Failure) 1479M->1479M(3444M) 1219.200ms
[7.537s][info][gc,cpu         ] GC(35) User=1.12s Sys=0.03s Real=1.22s
[8.513s][info][gc,start       ] GC(36) Pause Young (Allocation Failure)
[10.354s][info][gc,heap        ] GC(36) DefNew: 973184K(1094784K)->121600K(1094784K) Eden: 973184K(973184K)->0K(973184K) From: 0K(121600K)->121600K(121600K)
[10.354s][info][gc,heap        ] GC(36) Tenured: 1459595K(2432660K)->2311150K(2432660K)
[10.354s][info][gc,metaspace   ] GC(36) Metaspace: 6302K(6528K)->6302K(6528K) NonClass: 5769K(5888K)->5769K(5888K) Class: 533K(640K)->533K(640K)
[10.355s][info][gc             ] GC(36) Pause Young (Allocation Failure) 2375M->2375M(3444M) 1841.089ms
[10.355s][info][gc,cpu         ] GC(36) User=1.45s Sys=0.28s Real=1.84s
[11.425s][info][gc,start       ] GC(37) Pause Young (Allocation Failure)
[13.122s][info][gc             ] GC(37) Pause Young (Allocation Failure) 3326M->3326M(4276M) 1697.687ms
[13.123s][info][gc,cpu         ] GC(37) User=1.39s Sys=0.28s Real=1.70s
[13.123s][info][gc,start       ] GC(38) Pause Full (Allocation Failure)
[13.123s][info][gc,phases,start] GC(38) Phase 1: Mark live objects
[14.658s][info][gc,phases      ] GC(38) Phase 1: Mark live objects 1535.306ms
[14.658s][info][gc,phases,start] GC(38) Phase 2: Compute new object addresses
[15.177s][info][gc,phases      ] GC(38) Phase 2: Compute new object addresses 519.230ms
[15.177s][info][gc,phases,start] GC(38) Phase 3: Adjust pointers
[15.841s][info][gc,phases      ] GC(38) Phase 3: Adjust pointers 663.405ms
[15.841s][info][gc,phases,start] GC(38) Phase 4: Move objects
[16.468s][info][gc,phases      ] GC(38) Phase 4: Move objects 626.745ms
[16.477s][info][gc,heap        ] GC(38) DefNew: 1094784K(1094784K)->27385K(2463296K) Eden: 973184K(973184K)->27385K(2189632K) From: 121600K(121600K)->0K(273664K)
[16.477s][info][gc,heap        ] GC(38) Tenured: 2311150K(2432660K)->3284311K(5473856K)
[16.477s][info][gc,metaspace   ] GC(38) Metaspace: 6302K(6528K)->6302K(6528K) NonClass: 5769K(5888K)->5769K(5888K) Class: 533K(640K)->533K(640K)
[16.477s][info][gc             ] GC(38) Pause Full (Allocation Failure) 3326M->3234M(7751M) 3354.297ms
[16.477s][info][gc,cpu         ] GC(38) User=3.27s Sys=0.06s Real=3.35s
[18.721s][info][gc,start       ] GC(39) Pause Young (Allocation Failure)
[22.531s][info][gc,heap        ] GC(39) DefNew: 2189632K(2463296K)->273663K(2463296K) Eden: 2189632K(2189632K)->0K(2189632K) From: 0K(273664K)->273663K(273664K)
[22.531s][info][gc,heap        ] GC(39) Tenured: 3284311K(5473856K)->5200251K(5473856K)
[22.531s][info][gc,metaspace   ] GC(39) Metaspace: 6302K(6528K)->6302K(6528K) NonClass: 5769K(5888K)->5769K(5888K) Class: 533K(640K)->533K(640K)
[22.531s][info][gc             ] GC(39) Pause Young (Allocation Failure) 5345M->5345M(7751M) 3810.335ms
[22.531s][info][gc,cpu         ] GC(39) User=3.20s Sys=0.58s Real=3.81s
[24.674s][info][gc,start       ] GC(40) Pause Young (Allocation Failure)
[28.615s][info][gc             ] GC(40) Pause Young (Allocation Failure) 7483M->7483M(9622M) 3941.491ms
[28.616s][info][gc,cpu         ] GC(40) User=3.27s Sys=0.66s Real=3.94s
[28.616s][info][gc,start       ] GC(41) Pause Full (Allocation Failure)
[28.616s][info][gc,phases,start] GC(41) Phase 1: Mark live objects
[32.231s][info][gc,phases      ] GC(41) Phase 1: Mark live objects 3615.471ms
[32.231s][info][gc,phases,start] GC(41) Phase 2: Compute new object addresses
[33.361s][info][gc,phases      ] GC(41) Phase 2: Compute new object addresses 1130.143ms
[33.361s][info][gc,phases,start] GC(41) Phase 3: Adjust pointers
[34.666s][info][gc,phases      ] GC(41) Phase 3: Adjust pointers 1304.959ms
[34.666s][info][gc,phases,start] GC(41) Phase 4: Move objects
[34.729s][info][gc,phases      ] GC(41) Phase 4: Move objects 63.067ms
[34.744s][info][gc,heap        ] GC(41) DefNew: 2463295K(2463296K)->273625K(4853760K) Eden: 2189632K(2189632K)->273625K(4314496K) From: 273663K(273664K)->0K(539264K)
[34.744s][info][gc,heap        ] GC(41) Tenured: 5200251K(5473856K)->7389891K(10786176K)
[34.744s][info][gc,metaspace   ] GC(41) Metaspace: 6302K(6528K)->6302K(6528K) NonClass: 5769K(5888K)->5769K(5888K) Class: 533K(640K)->533K(640K)
[34.744s][info][gc             ] GC(41) Pause Full (Allocation Failure) 7483M->7483M(15273M) 6128.286ms
[34.744s][info][gc,cpu         ] GC(41) User=6.08s Sys=0.05s Real=6.13s
[39.016s][info][gc,start       ] GC(42) Pause Young (Allocation Failure)
[75.281s][info][gc,promotion   ] GC(42) Promotion failed
[75.283s][info][gc             ] GC(42) Pause Young (Allocation Failure) 11430M->15273M(15273M) 36267.658ms
[75.283s][info][gc,cpu         ] GC(42) User=6.95s Sys=20.11s Real=36.27s
[75.284s][info][gc,start       ] GC(43) Pause Full (Allocation Failure)
[75.284s][info][gc,phases,start] GC(43) Phase 1: Mark live objects
[113.808s][info][gc,phases      ] GC(43) Phase 1: Mark live objects 38523.625ms
[113.809s][info][gc,phases,start] GC(43) Phase 2: Compute new object addresses
[135.364s][info][gc,phases      ] GC(43) Phase 2: Compute new object addresses 21554.780ms
[135.365s][info][gc,phases,start] GC(43) Phase 3: Adjust pointers
[170.540s][info][gc,phases      ] GC(43) Phase 3: Adjust pointers 35174.925ms
[170.540s][info][gc,phases,start] GC(43) Phase 4: Move objects
[172.970s][info][gc,phases      ] GC(43) Phase 4: Move objects 2429.946ms
[173.032s][info][gc,heap        ] GC(43) DefNew: 4314496K(4853760K)->918180K(4853760K) Eden: 4314496K(4314496K)->918180K(4314496K) From: 0K(539264K)->0K(539264K)
[173.032s][info][gc,heap        ] GC(43) Tenured: 7389891K(10786176K)->10786175K(10786176K)
[173.032s][info][gc,metaspace   ] GC(43) Metaspace: 6302K(6528K)->6302K(6528K) NonClass: 5769K(5888K)->5769K(5888K) Class: 533K(640K)->533K(640K)
[173.033s][info][gc             ] GC(43) Pause Full (Allocation Failure) 15273M->11430M(15273M) 97749.493ms
[173.033s][info][gc,cpu         ] GC(43) User=8.00s Sys=35.95s Real=97.75s
[186.027s][info][gc,start       ] GC(44) Pause Full (Allocation Failure)
[186.037s][info][gc,phases,start] GC(44) Phase 1: Mark live objects
[218.360s][info][gc,phases      ] GC(44) Phase 1: Mark live objects 32323.409ms
[218.360s][info][gc,phases,start] GC(44) Phase 2: Compute new object addresses
[237.366s][info][gc,phases      ] GC(44) Phase 2: Compute new object addresses 19005.586ms
[237.366s][info][gc,phases,start] GC(44) Phase 3: Adjust pointers
[286.406s][info][gc,phases      ] GC(44) Phase 3: Adjust pointers 49039.496ms
[286.407s][info][gc,phases,start] GC(44) Phase 4: Move objects
[287.192s][info][gc,phases      ] GC(44) Phase 4: Move objects 784.988ms
[287.203s][info][gc,heap        ] GC(44) DefNew: 4853759K(4853760K)->4853736K(4853760K) Eden: 4314496K(4314496K)->4314495K(4314496K) From: 539263K(539264K)->539240K(539264K)
[287.203s][info][gc,heap        ] GC(44) Tenured: 10786175K(10786176K)->10786175K(10786176K)
[287.203s][info][gc,metaspace   ] GC(44) Metaspace: 6302K(6528K)->6302K(6528K) NonClass: 5769K(5888K)->5769K(5888K) Class: 533K(640K)->533K(640K)
[287.204s][info][gc             ] GC(44) Pause Full (Allocation Failure) 15273M->15273M(15273M) 101177.078ms
[287.204s][info][gc,cpu         ] GC(44) User=10.48s Sys=29.25s Real=101.18s
[287.205s][info][gc,start       ] GC(45) Pause Full (Allocation Failure)
[287.205s][info][gc,phases,start] GC(45) Phase 1: Mark live objects
[317.149s][info][gc,phases      ] GC(45) Phase 1: Mark live objects 29943.649ms
[317.149s][info][gc,phases,start] GC(45) Phase 2: Compute new object addresses
[340.680s][info][gc,phases      ] GC(45) Phase 2: Compute new object addresses 23529.307ms
[340.681s][info][gc,phases,start] GC(45) Phase 3: Adjust pointers
[373.561s][info][gc,phases      ] GC(45) Phase 3: Adjust pointers 32879.897ms
[373.561s][info][gc,phases,start] GC(45) Phase 4: Move objects
[378.085s][info][gc,phases      ] GC(45) Phase 4: Move objects 4524.547ms
[378.098s][info][gc,heap        ] GC(45) DefNew: 4853759K(4853760K)->4460543K(4853760K) Eden: 4314495K(4314496K)->4314495K(4314496K) From: 539263K(539264K)->146047K(539264K)
[378.098s][info][gc,heap        ] GC(45) Tenured: 10786175K(10786176K)->10786175K(10786176K)
[378.099s][info][gc,metaspace   ] GC(45) Metaspace: 6302K(6528K)->6302K(6528K) NonClass: 5769K(5888K)->5769K(5888K) Class: 533K(640K)->533K(640K)
[378.099s][info][gc             ] GC(45) Pause Full (Allocation Failure) 15273M->14889M(15273M) 90894.219ms
[378.100s][info][gc,cpu         ] GC(45) User=13.36s Sys=37.58s Real=90.89s
[379.247s][info][gc,start       ] GC(46) Pause Full (Allocation Failure)
[379.248s][info][gc,phases,start] GC(46) Phase 1: Mark live objects
[418.562s][info][gc,phases      ] GC(46) Phase 1: Mark live objects 39314.092ms
[418.563s][info][gc,phases,start] GC(46) Phase 2: Compute new object addresses
[434.476s][info][gc,phases      ] GC(46) Phase 2: Compute new object addresses 15913.463ms
[434.476s][info][gc,phases,start] GC(46) Phase 3: Adjust pointers
[470.052s][info][gc,phases      ] GC(46) Phase 3: Adjust pointers 35566.796ms
[470.053s][info][gc,phases,start] GC(46) Phase 4: Move objects
[470.054s][info][gc,phases      ] GC(46) Phase 4: Move objects 0.435ms
[470.065s][info][gc,heap        ] GC(46) DefNew: 4853759K(4853760K)->4853759K(4853760K) Eden: 4314496K(4314496K)->4314496K(4314496K) From: 539263K(539264K)->539263K(539264K)
[470.065s][info][gc,heap        ] GC(46) Tenured: 10786175K(10786176K)->10786175K(10786176K)
[470.065s][info][gc,metaspace   ] GC(46) Metaspace: 6302K(6528K)->6302K(6528K) NonClass: 5769K(5888K)->5769K(5888K) Class: 533K(640K)->533K(640K)
[470.066s][info][gc             ] GC(46) Pause Full (Allocation Failure) 15273M->15273M(15273M) 90819.373ms
[470.067s][info][gc,cpu         ] GC(46) User=11.47s Sys=41.50s Real=90.82s
[470.067s][info][gc,start       ] GC(47) Pause Full (Allocation Failure)
[470.067s][info][gc,phases,start] GC(47) Phase 1: Mark live objects
[500.818s][info][gc,phases      ] GC(47) Phase 1: Mark live objects 30749.924ms
[500.819s][info][gc,phases,start] GC(47) Phase 2: Compute new object addresses
[514.481s][info][gc,phases      ] GC(47) Phase 2: Compute new object addresses 13662.470ms
[514.481s][info][gc,phases,start] GC(47) Phase 3: Adjust pointers
[559.603s][info][gc,phases      ] GC(47) Phase 3: Adjust pointers 45118.363ms
[559.605s][info][gc,phases,start] GC(47) Phase 4: Move objects
[604.705s][info][gc,phases      ] GC(47) Phase 4: Move objects 45098.196ms
[604.728s][info][gc,heap        ] GC(47) DefNew: 4853759K(4853760K)->4853755K(4853760K) Eden: 4314496K(4314496K)->4314495K(4314496K) From: 539263K(539264K)->539259K(539264K)
[604.728s][info][gc,heap        ] GC(47) Tenured: 10786175K(10786176K)->10786175K(10786176K)
[604.729s][info][gc,metaspace   ] GC(47) Metaspace: 6302K(6528K)->6301K(6528K) NonClass: 5769K(5888K)->5768K(5888K) Class: 533K(640K)->532K(640K)
[604.730s][info][gc             ] GC(47) Pause Full (Allocation Failure) 15273M->15273M(15273M) 134663.371ms
[604.731s][info][gc,cpu         ] GC(47) User=12.84s Sys=46.86s Real=134.66s
[604.760s][info][gc,start       ] GC(48) Pause Full (Allocation Failure)
[604.761s][info][gc,phases,start] GC(48) Phase 1: Mark live objects
[640.742s][info][gc,phases      ] GC(48) Phase 1: Mark live objects 35981.329ms
[640.744s][info][gc,phases,start] GC(48) Phase 2: Compute new object addresses
[661.836s][info][gc,phases      ] GC(48) Phase 2: Compute new object addresses 21090.618ms
[661.838s][info][gc,phases,start] GC(48) Phase 3: Adjust pointers
[708.269s][info][gc,phases      ] GC(48) Phase 3: Adjust pointers 46430.943ms
[708.269s][info][gc,phases,start] GC(48) Phase 4: Move objects
[708.269s][info][gc,phases      ] GC(48) Phase 4: Move objects 0.023ms
[708.304s][info][gc,heap        ] GC(48) DefNew: 4853759K(4853760K)->4853759K(4853760K) Eden: 4314495K(4314496K)->4314495K(4314496K) From: 539263K(539264K)->539263K(539264K)
[708.304s][info][gc,heap        ] GC(48) Tenured: 10786175K(10786176K)->10786175K(10786176K)
[708.304s][info][gc,metaspace   ] GC(48) Metaspace: 6301K(6528K)->6301K(6528K) NonClass: 5768K(5888K)->5768K(5888K) Class: 532K(640K)->532K(640K)
[708.305s][info][gc             ] GC(48) Pause Full (Allocation Failure) 15273M->15273M(15273M) 103545.644ms
[708.306s][info][gc,cpu         ] GC(48) User=10.14s Sys=27.84s Real=103.55s
[708.306s][info][gc,start       ] GC(49) Pause Full (Allocation Failure)
[708.306s][info][gc,phases,start] GC(49) Phase 1: Mark live objects
[741.287s][info][gc,phases      ] GC(49) Phase 1: Mark live objects 32980.518ms
[741.289s][info][gc,phases,start] GC(49) Phase 2: Compute new object addresses
[759.516s][info][gc,phases      ] GC(49) Phase 2: Compute new object addresses 18226.368ms
[759.518s][info][gc,phases,start] GC(49) Phase 3: Adjust pointers
[806.070s][info][gc,phases      ] GC(49) Phase 3: Adjust pointers 46550.516ms
[806.072s][info][gc,phases,start] GC(49) Phase 4: Move objects
[806.072s][info][gc,phases      ] GC(49) Phase 4: Move objects 0.803ms
[806.084s][info][gc,heap        ] GC(49) DefNew: 4853759K(4853760K)->4853759K(4853760K) Eden: 4314495K(4314496K)->4314495K(4314496K) From: 539263K(539264K)->539263K(539264K)
[806.084s][info][gc,heap        ] GC(49) Tenured: 10786175K(10786176K)->10786175K(10786176K)
[806.084s][info][gc,metaspace   ] GC(49) Metaspace: 6301K(6528K)->6301K(6528K) NonClass: 5768K(5888K)->5768K(5888K) Class: 532K(640K)->532K(640K)
[806.086s][info][gc             ] GC(49) Pause Full (Allocation Failure) 15273M->15273M(15273M) 97780.028ms
[806.086s][info][gc,cpu         ] GC(49) User=10.55s Sys=38.17s Real=97.78s
[806.115s][info][gc,start       ] GC(50) Pause Full (Allocation Failure)
[806.116s][info][gc,phases,start] GC(50) Phase 1: Mark live objects
[840.981s][info][gc,phases      ] GC(50) Phase 1: Mark live objects 34864.468ms
[840.982s][info][gc,phases,start] GC(50) Phase 2: Compute new object addresses
[856.717s][info][gc,phases      ] GC(50) Phase 2: Compute new object addresses 15735.166ms
[856.717s][info][gc,phases,start] GC(50) Phase 3: Adjust pointers
[902.908s][info][gc,phases      ] GC(50) Phase 3: Adjust pointers 46190.404ms
[902.908s][info][gc,phases,start] GC(50) Phase 4: Move objects
[902.908s][info][gc,phases      ] GC(50) Phase 4: Move objects 0.032ms
[902.926s][info][gc,heap        ] GC(50) DefNew: 4853759K(4853760K)->4853759K(4853760K) Eden: 4314495K(4314496K)->4314495K(4314496K) From: 539264K(539264K)->539263K(539264K)
[902.926s][info][gc,heap        ] GC(50) Tenured: 10786175K(10786176K)->10786175K(10786176K)
[902.926s][info][gc,metaspace   ] GC(50) Metaspace: 6301K(6528K)->6301K(6528K) NonClass: 5768K(5888K)->5768K(5888K) Class: 532K(640K)->532K(640K)
[902.928s][info][gc             ] GC(50) Pause Full (Allocation Failure) 15273M->15273M(15273M) 96812.971ms
[902.929s][info][gc,cpu         ] GC(50) User=10.16s Sys=38.31s Real=96.81s
[902.949s][info][gc,start       ] GC(51) Pause Full (Allocation Failure)
[902.951s][info][gc,phases,start] GC(51) Phase 1: Mark live objects
[934.910s][info][gc,phases      ] GC(51) Phase 1: Mark live objects 31958.734ms
[934.910s][info][gc,phases,start] GC(51) Phase 2: Compute new object addresses
[957.412s][info][gc,phases      ] GC(51) Phase 2: Compute new object addresses 22501.746ms
[957.412s][info][gc,phases,start] GC(51) Phase 3: Adjust pointers
[1002.079s][info][gc,phases      ] GC(51) Phase 3: Adjust pointers 44664.915ms
[1002.079s][info][gc,phases,start] GC(51) Phase 4: Move objects
[1002.079s][info][gc,phases      ] GC(51) Phase 4: Move objects 0.043ms
[1002.099s][info][gc,heap        ] GC(51) DefNew: 4853759K(4853760K)->4853759K(4853760K) Eden: 4314495K(4314496K)->4314495K(4314496K) From: 539263K(539264K)->539263K(539264K)
[1002.099s][info][gc,heap        ] GC(51) Tenured: 10786175K(10786176K)->10786175K(10786176K)
[1002.099s][info][gc,metaspace   ] GC(51) Metaspace: 6301K(6528K)->6301K(6528K) NonClass: 5768K(5888K)->5768K(5888K) Class: 532K(640K)->532K(640K)
[1002.101s][info][gc             ] GC(51) Pause Full (Allocation Failure) 15273M->15273M(15273M) 99151.749ms
[1002.102s][info][gc,cpu         ] GC(51) User=11.16s Sys=38.05s Real=99.15s
[1002.139s][info][gc,start       ] GC(52) Pause Full (Allocation Failure)
[1002.140s][info][gc,phases,start] GC(52) Phase 1: Mark live objects
[1035.376s][info][gc,phases      ] GC(52) Phase 1: Mark live objects 33235.799ms
[1035.376s][info][gc,phases,start] GC(52) Phase 2: Compute new object addresses
[1055.090s][info][gc,phases      ] GC(52) Phase 2: Compute new object addresses 19712.247ms
[1055.090s][info][gc,phases,start] GC(52) Phase 3: Adjust pointers
[1104.709s][info][gc,phases      ] GC(52) Phase 3: Adjust pointers 49616.297ms
[1104.711s][info][gc,phases,start] GC(52) Phase 4: Move objects
[1104.711s][info][gc,phases      ] GC(52) Phase 4: Move objects 0.768ms
[1104.722s][info][gc,heap        ] GC(52) DefNew: 4853759K(4853760K)->4853759K(4853760K) Eden: 4314495K(4314496K)->4314495K(4314496K) From: 539263K(539264K)->539263K(539264K)
[1104.723s][info][gc,heap        ] GC(52) Tenured: 10786176K(10786176K)->10786176K(10786176K)
[1104.723s][info][gc,metaspace   ] GC(52) Metaspace: 6301K(6528K)->6301K(6528K) NonClass: 5768K(5888K)->5768K(5888K) Class: 532K(640K)->532K(640K)
[1104.724s][info][gc             ] GC(52) Pause Full (Allocation Failure) 15273M->15273M(15273M) 102585.062ms
[1104.724s][info][gc,cpu         ] GC(52) User=10.53s Sys=34.98s Real=102.59s
[1104.724s][info][gc,start       ] GC(53) Pause Full (Allocation Failure)
[1104.724s][info][gc,phases,start] GC(53) Phase 1: Mark live objects
[1141.634s][info][gc,phases      ] GC(53) Phase 1: Mark live objects 36908.800ms
[1141.635s][info][gc,phases,start] GC(53) Phase 2: Compute new object addresses
[1161.939s][info][gc,phases      ] GC(53) Phase 2: Compute new object addresses 20302.218ms
[1161.941s][info][gc,phases,start] GC(53) Phase 3: Adjust pointers
[1214.367s][info][gc,phases      ] GC(53) Phase 3: Adjust pointers 52423.057ms
[1214.369s][info][gc,phases,start] GC(53) Phase 4: Move objects
[1259.222s][info][gc,phases      ] GC(53) Phase 4: Move objects 44852.805ms
[1259.235s][info][gc,heap        ] GC(53) DefNew: 4853759K(4853760K)->4853758K(4853760K) Eden: 4314495K(4314496K)->4314495K(4314496K) From: 539263K(539264K)->539262K(539264K)
[1259.235s][info][gc,heap        ] GC(53) Tenured: 10786176K(10786176K)->10786176K(10786176K)
[1259.235s][info][gc,metaspace   ] GC(53) Metaspace: 6301K(6528K)->6301K(6528K) NonClass: 5768K(5888K)->5768K(5888K) Class: 532K(640K)->532K(640K)
[1259.237s][info][gc             ] GC(53) Pause Full (Allocation Failure) 15273M->15273M(15273M) 154512.859ms
[1259.237s][info][gc,cpu         ] GC(53) User=12.44s Sys=56.61s Real=154.51s
[1259.294s][info][gc,start       ] GC(54) Pause Full (Allocation Failure)
[1259.295s][info][gc,phases,start] GC(54) Phase 1: Mark live objects
[1293.185s][info][gc,phases      ] GC(54) Phase 1: Mark live objects 33889.679ms
[1293.185s][info][gc,phases,start] GC(54) Phase 2: Compute new object addresses
[1308.181s][info][gc,phases      ] GC(54) Phase 2: Compute new object addresses 14994.324ms
[1308.183s][info][gc,phases,start] GC(54) Phase 3: Adjust pointers
[1342.356s][info][gc,phases      ] GC(54) Phase 3: Adjust pointers 34171.083ms
[1342.357s][info][gc,phases,start] GC(54) Phase 4: Move objects
[1342.357s][info][gc,phases      ] GC(54) Phase 4: Move objects 0.049ms
[1342.377s][info][gc,heap        ] GC(54) DefNew: 4853759K(4853760K)->4853758K(4853760K) Eden: 4314495K(4314496K)->4314495K(4314496K) From: 539263K(539264K)->539262K(539264K)
[1342.377s][info][gc,heap        ] GC(54) Tenured: 10786176K(10786176K)->10786176K(10786176K)
[1342.378s][info][gc,metaspace   ] GC(54) Metaspace: 6302K(6528K)->6302K(6528K) NonClass: 5768K(5888K)->5768K(5888K) Class: 533K(640K)->533K(640K)
[1342.379s][info][gc             ] GC(54) Pause Full (Allocation Failure) 15273M->15273M(15273M) 83084.482ms
[1342.379s][info][gc,cpu         ] GC(54) User=9.55s Sys=24.70s Real=83.09s
[1342.409s][info][gc,heap,exit   ] Heap
[1342.409s][info][gc,heap,exit   ]  def new generation   total 4853760K, used 4853759K [0x0000000424800000, 0x000000056daa0000, 0x000000056daa0000)
[1342.409s][info][gc,heap,exit   ]   eden space 4314496K,  99% used [0x0000000424800000, 0x000000052bd5fff8, 0x000000052bd60000)
[1342.409s][info][gc,heap,exit   ]   from space 539264K,  99% used [0x000000054cc00000, 0x000000056da9fec0, 0x000000056daa0000)
[1342.409s][info][gc,heap,exit   ]   to   space 539264K,   0% used [0x000000052bd60000, 0x000000052bd60000, 0x000000054cc00000)
[1342.409s][info][gc,heap,exit   ]  tenured generation   total 10786176K, used 10786176K [0x000000056daa0000, 0x0000000800000000, 0x0000000800000000)
[1342.409s][info][gc,heap,exit   ]    the space 10786176K, 100% used [0x000000056daa0000, 0x0000000800000000, 0x0000000800000000, 0x0000000800000000)
[1342.409s][info][gc,heap,exit   ]  Metaspace       used 6305K, committed 6528K, reserved 1114112K
[1342.409s][info][gc,heap,exit   ]   class space    used 534K, committed 640K, reserved 1048576K
