[0.021s][info][gc,init] CardTable entry size: 512
[0.021s][info][gc     ] Using Serial
[0.021s][info][gc,init] Version: 18.0.1+10 (release)
[0.021s][info][gc,init] CPUs: 8 total, 8 available
[0.021s][info][gc,init] Memory: 16063M
[0.021s][info][gc,init] Large Page Support: Disabled
[0.021s][info][gc,init] NUMA Support: Disabled
[0.021s][info][gc,init] Compressed Oops: Enabled (Zero based)
[0.021s][info][gc,init] Heap Min Capacity: 2M
[0.021s][info][gc,init] Heap Initial Capacity: 2M
[0.021s][info][gc,init] Heap Max Capacity: 14900M
[0.021s][info][gc,init] Pre-touch: Disabled
[0.022s][info][gc,metaspace] CDS archive(s) not mapped
[0.022s][info][gc,metaspace] Compressed class space mapped at: 0x0000000800000000-0x0000000840000000, reserved size: 1073741824
[0.022s][info][gc,metaspace] Narrow klass base: 0x0000000800000000, Narrow klass shift: 0, Narrow klass range: 0x40000000
[0.196s][info][gc,start    ] GC(0) Pause Young (Allocation Failure)
[0.198s][info][gc,heap     ] GC(0) DefNew: 1023K(1152K)->127K(1152K) Eden: 1023K(1024K)->0K(1024K) From: 0K(128K)->127K(128K)
[0.198s][info][gc,heap     ] GC(0) Tenured: 0K(768K)->439K(768K)
[0.198s][info][gc,metaspace] GC(0) Metaspace: 5898K(6016K)->5898K(6016K) NonClass: 5399K(5504K)->5399K(5504K) Class: 499K(512K)->499K(512K)
[0.198s][info][gc          ] GC(0) Pause Young (Allocation Failure) 0M->0M(1M) 2.023ms
[0.198s][info][gc,cpu      ] GC(0) User=0.00s Sys=0.00s Real=0.00s
[0.218s][info][gc,start    ] GC(1) Pause Young (Allocation Failure)
[0.220s][info][gc          ] GC(1) Pause Young (Allocation Failure) 1M->0M(2M) 1.098ms
[0.220s][info][gc,cpu      ] GC(1) User=0.00s Sys=0.00s Real=0.00s
[0.220s][info][gc,start    ] GC(2) Pause Full (Allocation Failure)
[0.220s][info][gc,phases,start] GC(2) Phase 1: Mark live objects
[0.221s][info][gc,phases      ] GC(2) Phase 1: Mark live objects 0.900ms
[0.221s][info][gc,phases,start] GC(2) Phase 2: Compute new object addresses
[0.221s][info][gc,phases      ] GC(2) Phase 2: Compute new object addresses 0.201ms
[0.221s][info][gc,phases,start] GC(2) Phase 3: Adjust pointers
[0.221s][info][gc,phases      ] GC(2) Phase 3: Adjust pointers 0.419ms
[0.221s][info][gc,phases,start] GC(2) Phase 4: Move objects
[0.221s][info][gc,phases      ] GC(2) Phase 4: Move objects 0.058ms
[0.221s][info][gc,heap        ] GC(2) DefNew: 1151K(1152K)->40K(1152K) Eden: 1024K(1024K)->40K(1024K) From: 127K(128K)->0K(128K)
[0.221s][info][gc,heap        ] GC(2) Tenured: 439K(768K)->959K(1600K)
[0.221s][info][gc,metaspace   ] GC(2) Metaspace: 6297K(6464K)->6297K(6464K) NonClass: 5763K(5824K)->5763K(5824K) Class: 533K(640K)->533K(640K)
[0.221s][info][gc             ] GC(2) Pause Full (Allocation Failure) 0M->0M(2M) 1.820ms
[0.221s][info][gc,cpu         ] GC(2) User=0.00s Sys=0.00s Real=0.00s
[0.223s][info][gc,start       ] GC(3) Pause Young (Allocation Failure)
[0.224s][info][gc,heap        ] GC(3) DefNew: 1024K(1152K)->127K(1152K) Eden: 1024K(1024K)->0K(1024K) From: 0K(128K)->127K(128K)
[0.224s][info][gc,heap        ] GC(3) Tenured: 959K(1600K)->1375K(1600K)
[0.224s][info][gc,metaspace   ] GC(3) Metaspace: 6297K(6464K)->6297K(6464K) NonClass: 5763K(5824K)->5763K(5824K) Class: 533K(640K)->533K(640K)
[0.224s][info][gc             ] GC(3) Pause Young (Allocation Failure) 1M->1M(2M) 1.417ms
[0.224s][info][gc,cpu         ] GC(3) User=0.00s Sys=0.00s Real=0.00s
[0.226s][info][gc,start       ] GC(4) Pause Young (Allocation Failure)
[0.227s][info][gc             ] GC(4) Pause Young (Allocation Failure) 2M->1M(3M) 1.191ms
[0.227s][info][gc,cpu         ] GC(4) User=0.00s Sys=0.00s Real=0.00s
[0.227s][info][gc,start       ] GC(5) Pause Full (Allocation Failure)
[0.227s][info][gc,phases,start] GC(5) Phase 1: Mark live objects
[0.229s][info][gc,phases      ] GC(5) Phase 1: Mark live objects 1.481ms
[0.229s][info][gc,phases,start] GC(5) Phase 2: Compute new object addresses
[0.229s][info][gc,phases      ] GC(5) Phase 2: Compute new object addresses 0.411ms
[0.229s][info][gc,phases,start] GC(5) Phase 3: Adjust pointers
[0.230s][info][gc,phases      ] GC(5) Phase 3: Adjust pointers 0.945ms
[0.230s][info][gc,phases,start] GC(5) Phase 4: Move objects
[0.230s][info][gc,phases      ] GC(5) Phase 4: Move objects 0.079ms
[0.230s][info][gc,heap        ] GC(5) DefNew: 1151K(1152K)->35K(1536K) Eden: 1024K(1024K)->35K(1408K) From: 127K(128K)->0K(128K)
[0.230s][info][gc,heap        ] GC(5) Tenured: 1375K(1600K)->1983K(3308K)
[0.230s][info][gc,metaspace   ] GC(5) Metaspace: 6297K(6464K)->6297K(6464K) NonClass: 5763K(5824K)->5763K(5824K) Class: 533K(640K)->533K(640K)
[0.230s][info][gc             ] GC(5) Pause Full (Allocation Failure) 1M->1M(4M) 3.285ms
[0.230s][info][gc,cpu         ] GC(5) User=0.00s Sys=0.00s Real=0.00s
[0.232s][info][gc,start       ] GC(6) Pause Young (Allocation Failure)
[0.234s][info][gc,heap        ] GC(6) DefNew: 1407K(1536K)->127K(1536K) Eden: 1407K(1408K)->0K(1408K) From: 0K(128K)->127K(128K)
[0.234s][info][gc,heap        ] GC(6) Tenured: 1983K(3308K)->2617K(3308K)
[0.234s][info][gc,metaspace   ] GC(6) Metaspace: 6297K(6464K)->6297K(6464K) NonClass: 5763K(5824K)->5763K(5824K) Class: 533K(640K)->533K(640K)
[0.234s][info][gc             ] GC(6) Pause Young (Allocation Failure) 3M->2M(4M) 1.599ms
[0.234s][info][gc,cpu         ] GC(6) User=0.00s Sys=0.00s Real=0.00s
[0.236s][info][gc,start       ] GC(7) Pause Young (Allocation Failure)
[0.237s][info][gc             ] GC(7) Pause Young (Allocation Failure) 4M->3M(4M) 1.388ms
[0.237s][info][gc,cpu         ] GC(7) User=0.00s Sys=0.00s Real=0.00s
[0.237s][info][gc,start       ] GC(8) Pause Full (Allocation Failure)
[0.237s][info][gc,phases,start] GC(8) Phase 1: Mark live objects
[0.239s][info][gc,phases      ] GC(8) Phase 1: Mark live objects 1.989ms
[0.239s][info][gc,phases,start] GC(8) Phase 2: Compute new object addresses
[0.240s][info][gc,phases      ] GC(8) Phase 2: Compute new object addresses 0.548ms
[0.240s][info][gc,phases,start] GC(8) Phase 3: Adjust pointers
[0.240s][info][gc,phases      ] GC(8) Phase 3: Adjust pointers 0.764ms
[0.240s][info][gc,phases,start] GC(8) Phase 4: Move objects
[0.241s][info][gc,phases      ] GC(8) Phase 4: Move objects 0.076ms
[0.241s][info][gc,heap        ] GC(8) DefNew: 1535K(1536K)->0K(2688K) Eden: 1408K(1408K)->0K(2432K) From: 127K(128K)->0K(256K)
[0.241s][info][gc,heap        ] GC(8) Tenured: 2617K(3308K)->3460K(5768K)
[0.241s][info][gc,metaspace   ] GC(8) Metaspace: 6297K(6464K)->6297K(6464K) NonClass: 5763K(5824K)->5763K(5824K) Class: 533K(640K)->533K(640K)
[0.241s][info][gc             ] GC(8) Pause Full (Allocation Failure) 3M->3M(8M) 3.615ms
[0.241s][info][gc,cpu         ] GC(8) User=0.00s Sys=0.00s Real=0.00s
[0.244s][info][gc,start       ] GC(9) Pause Young (Allocation Failure)
[0.248s][info][gc,heap        ] GC(9) DefNew: 2431K(2688K)->256K(2688K) Eden: 2431K(2432K)->0K(2432K) From: 0K(256K)->256K(256K)
[0.248s][info][gc,heap        ] GC(9) Tenured: 3460K(5768K)->4512K(5768K)
[0.248s][info][gc,metaspace   ] GC(9) Metaspace: 6297K(6464K)->6297K(6464K) NonClass: 5763K(5824K)->5763K(5824K) Class: 533K(640K)->533K(640K)
[0.248s][info][gc             ] GC(9) Pause Young (Allocation Failure) 5M->4M(8M) 3.468ms
[0.248s][info][gc,cpu         ] GC(9) User=0.00s Sys=0.00s Real=0.00s
[0.251s][info][gc,start       ] GC(10) Pause Young (Allocation Failure)
[0.254s][info][gc,heap        ] GC(10) DefNew: 2688K(2688K)->255K(2688K) Eden: 2432K(2432K)->0K(2432K) From: 256K(256K)->255K(256K)
[0.255s][info][gc,heap        ] GC(10) Tenured: 4512K(5768K)->5755K(5768K)
[0.255s][info][gc,metaspace   ] GC(10) Metaspace: 6297K(6464K)->6297K(6464K) NonClass: 5763K(5824K)->5763K(5824K) Class: 533K(640K)->533K(640K)
[0.255s][info][gc             ] GC(10) Pause Young (Allocation Failure) 7M->5M(8M) 3.190ms
[0.255s][info][gc,cpu         ] GC(10) User=0.00s Sys=0.00s Real=0.00s
[0.258s][info][gc,start       ] GC(11) Pause Young (Allocation Failure)
[0.262s][info][gc             ] GC(11) Pause Young (Allocation Failure) 8M->7M(9M) 3.689ms
[0.262s][info][gc,cpu         ] GC(11) User=0.02s Sys=0.00s Real=0.00s
[0.262s][info][gc,start       ] GC(12) Pause Full (Allocation Failure)
[0.262s][info][gc,phases,start] GC(12) Phase 1: Mark live objects
[0.267s][info][gc,phases      ] GC(12) Phase 1: Mark live objects 5.665ms
[0.268s][info][gc,phases,start] GC(12) Phase 2: Compute new object addresses
[0.269s][info][gc,phases      ] GC(12) Phase 2: Compute new object addresses 1.295ms
[0.269s][info][gc,phases,start] GC(12) Phase 3: Adjust pointers
[0.271s][info][gc,phases      ] GC(12) Phase 3: Adjust pointers 1.912ms
[0.271s][info][gc,phases,start] GC(12) Phase 4: Move objects
[0.272s][info][gc,phases      ] GC(12) Phase 4: Move objects 1.311ms
[0.272s][info][gc,heap        ] GC(12) DefNew: 2687K(2688K)->0K(5376K) Eden: 2432K(2432K)->0K(4800K) From: 255K(256K)->0K(576K)
[0.272s][info][gc,heap        ] GC(12) Tenured: 5755K(5768K)->7132K(11888K)
[0.272s][info][gc,metaspace   ] GC(12) Metaspace: 6297K(6464K)->6297K(6464K) NonClass: 5763K(5824K)->5763K(5824K) Class: 533K(640K)->533K(640K)
[0.272s][info][gc             ] GC(12) Pause Full (Allocation Failure) 7M->6M(16M) 10.739ms
[0.272s][info][gc,cpu         ] GC(12) User=0.00s Sys=0.00s Real=0.01s
[0.277s][info][gc,start       ] GC(13) Pause Young (Allocation Failure)
[0.283s][info][gc,heap        ] GC(13) DefNew: 4800K(5376K)->575K(5376K) Eden: 4800K(4800K)->0K(4800K) From: 0K(576K)->575K(576K)
[0.283s][info][gc,heap        ] GC(13) Tenured: 7132K(11888K)->9027K(11888K)
[0.283s][info][gc,metaspace   ] GC(13) Metaspace: 6297K(6464K)->6297K(6464K) NonClass: 5763K(5824K)->5763K(5824K) Class: 533K(640K)->533K(640K)
[0.283s][info][gc             ] GC(13) Pause Young (Allocation Failure) 11M->9M(16M) 5.871ms
[0.283s][info][gc,cpu         ] GC(13) User=0.00s Sys=0.00s Real=0.01s
[0.288s][info][gc,start       ] GC(14) Pause Young (Allocation Failure)
[0.295s][info][gc,heap        ] GC(14) DefNew: 5375K(5376K)->576K(5376K) Eden: 4800K(4800K)->0K(4800K) From: 575K(576K)->576K(576K)
[0.295s][info][gc,heap        ] GC(14) Tenured: 9027K(11888K)->11746K(11888K)
[0.295s][info][gc,metaspace   ] GC(14) Metaspace: 6297K(6464K)->6297K(6464K) NonClass: 5763K(5824K)->5763K(5824K) Class: 533K(640K)->533K(640K)
[0.295s][info][gc             ] GC(14) Pause Young (Allocation Failure) 14M->12M(16M) 6.849ms
[0.295s][info][gc,cpu         ] GC(14) User=0.00s Sys=0.00s Real=0.01s
[0.300s][info][gc,start       ] GC(15) Pause Young (Allocation Failure)
[0.306s][info][gc             ] GC(15) Pause Young (Allocation Failure) 16M->14M(19M) 5.467ms
[0.306s][info][gc,cpu         ] GC(15) User=0.00s Sys=0.00s Real=0.01s
[0.306s][info][gc,start       ] GC(16) Pause Full (Allocation Failure)
[0.306s][info][gc,phases,start] GC(16) Phase 1: Mark live objects
[0.317s][info][gc,phases      ] GC(16) Phase 1: Mark live objects 10.939ms
[0.317s][info][gc,phases,start] GC(16) Phase 2: Compute new object addresses
[0.321s][info][gc,phases      ] GC(16) Phase 2: Compute new object addresses 4.705ms
[0.322s][info][gc,phases,start] GC(16) Phase 3: Adjust pointers
[0.325s][info][gc,phases      ] GC(16) Phase 3: Adjust pointers 3.163ms
[0.325s][info][gc,phases,start] GC(16) Phase 4: Move objects
[0.325s][info][gc,phases      ] GC(16) Phase 4: Move objects 0.179ms
[0.325s][info][gc,heap        ] GC(16) DefNew: 5376K(5376K)->386K(10880K) Eden: 4800K(4800K)->386K(9728K) From: 576K(576K)->0K(1152K)
[0.325s][info][gc,heap        ] GC(16) Tenured: 11746K(11888K)->14384K(23976K)
[0.325s][info][gc,metaspace   ] GC(16) Metaspace: 6299K(6464K)->6299K(6464K) NonClass: 5765K(5824K)->5765K(5824K) Class: 533K(640K)->533K(640K)
[0.325s][info][gc             ] GC(16) Pause Full (Allocation Failure) 14M->14M(34M) 19.491ms
[0.325s][info][gc,cpu         ] GC(16) User=0.02s Sys=0.00s Real=0.02s
[0.335s][info][gc,start       ] GC(17) Pause Young (Allocation Failure)
[0.347s][info][gc,heap        ] GC(17) DefNew: 9728K(10880K)->1151K(10880K) Eden: 9728K(9728K)->0K(9728K) From: 0K(1152K)->1151K(1152K)
[0.347s][info][gc,heap        ] GC(17) Tenured: 14384K(23976K)->18415K(23976K)
[0.347s][info][gc,metaspace   ] GC(17) Metaspace: 6299K(6464K)->6299K(6464K) NonClass: 5765K(5824K)->5765K(5824K) Class: 533K(640K)->533K(640K)
[0.347s][info][gc             ] GC(17) Pause Young (Allocation Failure) 23M->19M(34M) 12.404ms
[0.347s][info][gc,cpu         ] GC(17) User=0.00s Sys=0.00s Real=0.01s
[0.355s][info][gc,start       ] GC(18) Pause Young (Allocation Failure)
[0.366s][info][gc,heap        ] GC(18) DefNew: 10879K(10880K)->1151K(10880K) Eden: 9728K(9728K)->0K(9728K) From: 1151K(1152K)->1151K(1152K)
[0.366s][info][gc,heap        ] GC(18) Tenured: 18415K(23976K)->23936K(23976K)
[0.366s][info][gc,metaspace   ] GC(18) Metaspace: 6299K(6464K)->6299K(6464K) NonClass: 5765K(5824K)->5765K(5824K) Class: 533K(640K)->533K(640K)
[0.366s][info][gc             ] GC(18) Pause Young (Allocation Failure) 28M->24M(34M) 11.726ms
[0.367s][info][gc,cpu         ] GC(18) User=0.00s Sys=0.00s Real=0.01s
[0.373s][info][gc,start       ] GC(19) Pause Young (Allocation Failure)
[0.384s][info][gc             ] GC(19) Pause Young (Allocation Failure) 34M->29M(38M) 10.778ms
[0.384s][info][gc,cpu         ] GC(19) User=0.00s Sys=0.00s Real=0.01s
[0.384s][info][gc,start       ] GC(20) Pause Full (Allocation Failure)
[0.384s][info][gc,phases,start] GC(20) Phase 1: Mark live objects
[0.398s][info][gc,phases      ] GC(20) Phase 1: Mark live objects 13.538ms
[0.398s][info][gc,phases,start] GC(20) Phase 2: Compute new object addresses
[0.402s][info][gc,phases      ] GC(20) Phase 2: Compute new object addresses 4.803ms
[0.402s][info][gc,phases,start] GC(20) Phase 3: Adjust pointers
[0.408s][info][gc,phases      ] GC(20) Phase 3: Adjust pointers 5.338ms
[0.408s][info][gc,phases,start] GC(20) Phase 4: Move objects
[0.408s][info][gc,phases      ] GC(20) Phase 4: Move objects 0.214ms
[0.408s][info][gc,heap        ] GC(20) DefNew: 10879K(10880K)->1080K(21888K) Eden: 9728K(9728K)->1080K(19520K) From: 1151K(1152K)->0K(2368K)
[0.408s][info][gc,heap        ] GC(20) Tenured: 23936K(23976K)->29036K(48396K)
[0.408s][info][gc,metaspace   ] GC(20) Metaspace: 6299K(6464K)->6299K(6464K) NonClass: 5765K(5824K)->5765K(5824K) Class: 533K(640K)->533K(640K)
[0.408s][info][gc             ] GC(20) Pause Full (Allocation Failure) 29M->29M(68M) 24.346ms
[0.408s][info][gc,cpu         ] GC(20) User=0.03s Sys=0.00s Real=0.02s
[0.425s][info][gc,start       ] GC(21) Pause Young (Allocation Failure)
[0.456s][info][gc,heap        ] GC(21) DefNew: 19520K(21888K)->2368K(21888K) Eden: 19520K(19520K)->0K(19520K) From: 0K(2368K)->2368K(2368K)
[0.456s][info][gc,heap        ] GC(21) Tenured: 29036K(48396K)->41028K(48396K)
[0.456s][info][gc,metaspace   ] GC(21) Metaspace: 6299K(6464K)->6299K(6464K) NonClass: 5765K(5824K)->5765K(5824K) Class: 533K(640K)->533K(640K)
[0.456s][info][gc             ] GC(21) Pause Young (Allocation Failure) 47M->42M(68M) 31.248ms
[0.456s][info][gc,cpu         ] GC(21) User=0.02s Sys=0.00s Real=0.03s
[0.475s][info][gc,start       ] GC(22) Pause Young (Allocation Failure)
[0.510s][info][gc             ] GC(22) Pause Young (Allocation Failure) 61M->61M(80M) 35.449ms
[0.510s][info][gc,cpu         ] GC(22) User=0.03s Sys=0.00s Real=0.04s
[0.510s][info][gc,start       ] GC(23) Pause Full (Allocation Failure)
[0.510s][info][gc,phases,start] GC(23) Phase 1: Mark live objects
[0.535s][info][gc,phases      ] GC(23) Phase 1: Mark live objects 24.699ms
[0.535s][info][gc,phases,start] GC(23) Phase 2: Compute new object addresses
[0.544s][info][gc,phases      ] GC(23) Phase 2: Compute new object addresses 9.467ms
[0.545s][info][gc,phases,start] GC(23) Phase 3: Adjust pointers
[0.555s][info][gc,phases      ] GC(23) Phase 3: Adjust pointers 10.500ms
[0.555s][info][gc,phases,start] GC(23) Phase 4: Move objects
[0.556s][info][gc,phases      ] GC(23) Phase 4: Move objects 0.427ms
[0.556s][info][gc,heap        ] GC(23) DefNew: 21888K(21888K)->2200K(45568K) Eden: 19520K(19520K)->2200K(40512K) From: 2368K(2368K)->0K(5056K)
[0.556s][info][gc,heap        ] GC(23) Tenured: 41028K(48396K)->60684K(101140K)
[0.556s][info][gc,metaspace   ] GC(23) Metaspace: 6299K(6464K)->6299K(6464K) NonClass: 5765K(5824K)->5765K(5824K) Class: 533K(640K)->533K(640K)
[0.556s][info][gc             ] GC(23) Pause Full (Allocation Failure) 61M->61M(143M) 45.776ms
[0.556s][info][gc,cpu         ] GC(23) User=0.05s Sys=0.00s Real=0.05s
[0.597s][info][gc,start       ] GC(24) Pause Young (Allocation Failure)
[0.660s][info][gc,heap        ] GC(24) DefNew: 40512K(45568K)->5055K(45568K) Eden: 40512K(40512K)->0K(40512K) From: 0K(5056K)->5055K(5056K)
[0.660s][info][gc,heap        ] GC(24) Tenured: 60684K(101140K)->96114K(101140K)
[0.660s][info][gc,metaspace   ] GC(24) Metaspace: 6299K(6464K)->6299K(6464K) NonClass: 5765K(5824K)->5765K(5824K) Class: 533K(640K)->533K(640K)
[0.660s][info][gc             ] GC(24) Pause Young (Allocation Failure) 98M->98M(143M) 62.219ms
[0.660s][info][gc,cpu         ] GC(24) User=0.03s Sys=0.02s Real=0.06s
[0.691s][info][gc,start       ] GC(25) Pause Young (Allocation Failure)
[0.762s][info][gc             ] GC(25) Pause Young (Allocation Failure) 138M->138M(178M) 70.761ms
[0.762s][info][gc,cpu         ] GC(25) User=0.02s Sys=0.05s Real=0.07s
[0.762s][info][gc,start       ] GC(26) Pause Full (Allocation Failure)
[0.762s][info][gc,phases,start] GC(26) Phase 1: Mark live objects
[0.818s][info][gc,phases      ] GC(26) Phase 1: Mark live objects 56.790ms
[0.818s][info][gc,phases,start] GC(26) Phase 2: Compute new object addresses
[0.843s][info][gc,phases      ] GC(26) Phase 2: Compute new object addresses 24.064ms
[0.843s][info][gc,phases,start] GC(26) Phase 3: Adjust pointers
[0.874s][info][gc,phases      ] GC(26) Phase 3: Adjust pointers 31.712ms
[0.874s][info][gc,phases,start] GC(26) Phase 4: Move objects
[0.903s][info][gc,phases      ] GC(26) Phase 4: Move objects 28.108ms
[0.903s][info][gc,heap        ] GC(26) DefNew: 45567K(45568K)->1080K(102592K) Eden: 40512K(40512K)->1080K(91200K) From: 5055K(5056K)->0K(11392K)
[0.903s][info][gc,heap        ] GC(26) Tenured: 96114K(101140K)->136727K(227880K)
[0.903s][info][gc,metaspace   ] GC(26) Metaspace: 6299K(6464K)->6299K(6464K) NonClass: 5765K(5824K)->5765K(5824K) Class: 533K(640K)->533K(640K)
[0.903s][info][gc             ] GC(26) Pause Full (Allocation Failure) 138M->134M(322M) 141.559ms
[0.903s][info][gc,cpu         ] GC(26) User=0.14s Sys=0.00s Real=0.14s
[1.000s][info][gc,start       ] GC(27) Pause Young (Allocation Failure)
[1.150s][info][gc,heap        ] GC(27) DefNew: 91200K(102592K)->11392K(102592K) Eden: 91200K(91200K)->0K(91200K) From: 0K(11392K)->11392K(11392K)
[1.150s][info][gc,heap        ] GC(27) Tenured: 136727K(227880K)->216508K(227880K)
[1.150s][info][gc,metaspace   ] GC(27) Metaspace: 6299K(6464K)->6299K(6464K) NonClass: 5765K(5824K)->5765K(5824K) Class: 533K(640K)->533K(640K)
[1.150s][info][gc             ] GC(27) Pause Young (Allocation Failure) 222M->222M(322M) 150.583ms
[1.150s][info][gc,cpu         ] GC(27) User=0.11s Sys=0.03s Real=0.15s
[1.233s][info][gc,start       ] GC(28) Pause Young (Allocation Failure)
[1.404s][info][gc             ] GC(28) Pause Young (Allocation Failure) 311M->311M(400M) 170.731ms
[1.404s][info][gc,cpu         ] GC(28) User=0.14s Sys=0.02s Real=0.17s
[1.404s][info][gc,start       ] GC(29) Pause Full (Allocation Failure)
[1.404s][info][gc,phases,start] GC(29) Phase 1: Mark live objects
[1.544s][info][gc,phases      ] GC(29) Phase 1: Mark live objects 139.673ms
[1.544s][info][gc,phases,start] GC(29) Phase 2: Compute new object addresses
[1.598s][info][gc,phases      ] GC(29) Phase 2: Compute new object addresses 53.653ms
[1.598s][info][gc,phases,start] GC(29) Phase 3: Adjust pointers
[1.655s][info][gc,phases      ] GC(29) Phase 3: Adjust pointers 57.593ms
[1.655s][info][gc,phases,start] GC(29) Phase 4: Move objects
[1.658s][info][gc,phases      ] GC(29) Phase 4: Move objects 2.441ms
[1.659s][info][gc,heap        ] GC(29) DefNew: 102592K(102592K)->11375K(230848K) Eden: 91200K(91200K)->11375K(205248K) From: 11392K(11392K)->0K(25600K)
[1.659s][info][gc,heap        ] GC(29) Tenured: 216508K(227880K)->307692K(512820K)
[1.659s][info][gc,metaspace   ] GC(29) Metaspace: 6299K(6464K)->6299K(6464K) NonClass: 5765K(5824K)->5765K(5824K) Class: 533K(640K)->533K(640K)
[1.659s][info][gc             ] GC(29) Pause Full (Allocation Failure) 311M->311M(726M) 254.610ms
[1.659s][info][gc,cpu         ] GC(29) User=0.23s Sys=0.00s Real=0.25s
[1.868s][info][gc,start       ] GC(30) Pause Young (Allocation Failure)
[2.212s][info][gc,heap        ] GC(30) DefNew: 205248K(230848K)->25599K(230848K) Eden: 205248K(205248K)->0K(205248K) From: 0K(25600K)->25599K(25600K)
[2.212s][info][gc,heap        ] GC(30) Tenured: 307692K(512820K)->487314K(512820K)
[2.212s][info][gc,metaspace   ] GC(30) Metaspace: 6299K(6464K)->6299K(6464K) NonClass: 5765K(5824K)->5765K(5824K) Class: 533K(640K)->533K(640K)
[2.212s][info][gc             ] GC(30) Pause Young (Allocation Failure) 500M->500M(726M) 343.191ms
[2.212s][info][gc,cpu         ] GC(30) User=0.28s Sys=0.05s Real=0.34s
[2.393s][info][gc,start       ] GC(31) Pause Young (Allocation Failure)
[2.779s][info][gc             ] GC(31) Pause Young (Allocation Failure) 701M->700M(901M) 386.007ms
[2.779s][info][gc,cpu         ] GC(31) User=0.28s Sys=0.08s Real=0.38s
[2.779s][info][gc,start       ] GC(32) Pause Full (Allocation Failure)
[2.779s][info][gc,phases,start] GC(32) Phase 1: Mark live objects
[3.094s][info][gc,phases      ] GC(32) Phase 1: Mark live objects 315.307ms
[3.094s][info][gc,phases,start] GC(32) Phase 2: Compute new object addresses
[3.201s][info][gc,phases      ] GC(32) Phase 2: Compute new object addresses 106.158ms
[3.201s][info][gc,phases,start] GC(32) Phase 3: Adjust pointers
[3.321s][info][gc,phases      ] GC(32) Phase 3: Adjust pointers 120.338ms
[3.321s][info][gc,phases,start] GC(32) Phase 4: Move objects
[3.326s][info][gc,phases      ] GC(32) Phase 4: Move objects 5.222ms
[3.328s][info][gc,heap        ] GC(32) DefNew: 230847K(230848K)->25508K(518976K) Eden: 205248K(205248K)->25508K(461312K) From: 25599K(25600K)->0K(57664K)
[3.328s][info][gc,heap        ] GC(32) Tenured: 487314K(512820K)->691956K(1153260K)
[3.328s][info][gc,metaspace   ] GC(32) Metaspace: 6299K(6464K)->6299K(6464K) NonClass: 5765K(5824K)->5765K(5824K) Class: 533K(640K)->533K(640K)
[3.328s][info][gc             ] GC(32) Pause Full (Allocation Failure) 700M->700M(1633M) 549.402ms
[3.328s][info][gc,cpu         ] GC(32) User=0.53s Sys=0.00s Real=0.55s
[3.796s][info][gc,start       ] GC(33) Pause Young (Allocation Failure)
[4.571s][info][gc,heap        ] GC(33) DefNew: 461312K(518976K)->57664K(518976K) Eden: 461312K(461312K)->0K(461312K) From: 0K(57664K)->57664K(57664K)
[4.571s][info][gc,heap        ] GC(33) Tenured: 691956K(1153260K)->1095571K(1153260K)
[4.571s][info][gc,metaspace   ] GC(33) Metaspace: 6299K(6464K)->6299K(6464K) NonClass: 5765K(5824K)->5765K(5824K) Class: 533K(640K)->533K(640K)
[4.571s][info][gc             ] GC(33) Pause Young (Allocation Failure) 1126M->1126M(1633M) 774.527ms
[4.571s][info][gc,cpu         ] GC(33) User=0.70s Sys=0.06s Real=0.77s
[5.039s][info][gc,start       ] GC(34) Pause Young (Allocation Failure)
[5.776s][info][gc             ] GC(34) Pause Young (Allocation Failure) 1576M->1525M(1975M) 737.872ms
[5.777s][info][gc,cpu         ] GC(34) User=0.62s Sys=0.12s Real=0.74s
[5.777s][info][gc,start       ] GC(35) Pause Full (Allocation Failure)
[5.777s][info][gc,phases,start] GC(35) Phase 1: Mark live objects
[6.445s][info][gc,phases      ] GC(35) Phase 1: Mark live objects 668.086ms
[6.445s][info][gc,phases,start] GC(35) Phase 2: Compute new object addresses
[6.668s][info][gc,phases      ] GC(35) Phase 2: Compute new object addresses 223.001ms
[6.668s][info][gc,phases,start] GC(35) Phase 3: Adjust pointers
[6.933s][info][gc,phases      ] GC(35) Phase 3: Adjust pointers 265.666ms
[6.934s][info][gc,phases,start] GC(35) Phase 4: Move objects
[6.945s][info][gc,phases      ] GC(35) Phase 4: Move objects 11.158ms
[6.949s][info][gc,heap        ] GC(35) DefNew: 518976K(518976K)->57480K(1128320K) Eden: 461312K(461312K)->57480K(1003008K) From: 57664K(57664K)->0K(125312K)
[6.949s][info][gc,heap        ] GC(35) Tenured: 1095571K(1153260K)->1504304K(2507176K)
[6.949s][info][gc,metaspace   ] GC(35) Metaspace: 6299K(6464K)->6299K(6464K) NonClass: 5765K(5824K)->5765K(5824K) Class: 533K(640K)->533K(640K)
[6.949s][info][gc             ] GC(35) Pause Full (Allocation Failure) 1525M->1525M(3550M) 1172.439ms
[6.949s][info][gc,cpu         ] GC(35) User=1.14s Sys=0.03s Real=1.17s
[7.938s][info][gc,start       ] GC(36) Pause Young (Allocation Failure)
[9.725s][info][gc,heap        ] GC(36) DefNew: 1003008K(1128320K)->125311K(1128320K) Eden: 1003008K(1003008K)->0K(1003008K) From: 0K(125312K)->125311K(125312K)
[9.725s][info][gc,heap        ] GC(36) Tenured: 1504304K(2507176K)->2381971K(2507176K)
[9.725s][info][gc,metaspace   ] GC(36) Metaspace: 6299K(6464K)->6299K(6464K) NonClass: 5765K(5824K)->5765K(5824K) Class: 533K(640K)->533K(640K)
[9.725s][info][gc             ] GC(36) Pause Young (Allocation Failure) 2448M->2448M(3550M) 1786.604ms
[9.725s][info][gc,cpu         ] GC(36) User=1.45s Sys=0.30s Real=1.79s
[10.710s][info][gc,start       ] GC(37) Pause Young (Allocation Failure)
[12.422s][info][gc             ] GC(37) Pause Young (Allocation Failure) 3428M->3427M(4407M) 1711.856ms
[12.422s][info][gc,cpu         ] GC(37) User=1.38s Sys=0.31s Real=1.71s
[12.422s][info][gc,start       ] GC(38) Pause Full (Allocation Failure)
[12.422s][info][gc,phases,start] GC(38) Phase 1: Mark live objects
[13.991s][info][gc,phases      ] GC(38) Phase 1: Mark live objects 1568.799ms
[13.991s][info][gc,phases,start] GC(38) Phase 2: Compute new object addresses
[14.494s][info][gc,phases      ] GC(38) Phase 2: Compute new object addresses 503.035ms
[14.494s][info][gc,phases,start] GC(38) Phase 3: Adjust pointers
[15.188s][info][gc,phases      ] GC(38) Phase 3: Adjust pointers 693.467ms
[15.188s][info][gc,phases,start] GC(38) Phase 4: Move objects
[15.837s][info][gc,phases      ] GC(38) Phase 4: Move objects 649.020ms
[15.846s][info][gc,heap        ] GC(38) DefNew: 1128319K(1128320K)->30923K(2538944K) Eden: 1003008K(1003008K)->30923K(2256896K) From: 125311K(125312K)->0K(282048K)
[15.846s][info][gc,heap        ] GC(38) Tenured: 2381971K(2507176K)->3385131K(5641888K)
[15.846s][info][gc,metaspace   ] GC(38) Metaspace: 6299K(6464K)->6299K(6464K) NonClass: 5765K(5824K)->5765K(5824K) Class: 533K(640K)->533K(640K)
[15.846s][info][gc             ] GC(38) Pause Full (Allocation Failure) 3427M->3335M(7989M) 3423.858ms
[15.846s][info][gc,cpu         ] GC(38) User=3.39s Sys=0.00s Real=3.42s
[18.071s][info][gc,start       ] GC(39) Pause Young (Allocation Failure)
[21.924s][info][gc,heap        ] GC(39) DefNew: 2256896K(2538944K)->282047K(2538944K) Eden: 2256896K(2256896K)->0K(2256896K) From: 0K(282048K)->282047K(282048K)
[21.924s][info][gc,heap        ] GC(39) Tenured: 3385131K(5641888K)->5359948K(5641888K)
[21.924s][info][gc,metaspace   ] GC(39) Metaspace: 6299K(6464K)->6299K(6464K) NonClass: 5765K(5824K)->5765K(5824K) Class: 533K(640K)->533K(640K)
[21.924s][info][gc             ] GC(39) Pause Young (Allocation Failure) 5509M->5509M(7989M) 3853.032ms
[21.924s][info][gc,cpu         ] GC(39) User=3.30s Sys=0.56s Real=3.85s
[24.008s][info][gc,start       ] GC(40) Pause Young (Allocation Failure)
[27.961s][info][gc             ] GC(40) Pause Young (Allocation Failure) 7713M->7713M(9917M) 3952.856ms
[27.961s][info][gc,cpu         ] GC(40) User=3.33s Sys=0.59s Real=3.95s
[27.961s][info][gc,start       ] GC(41) Pause Full (Allocation Failure)
[27.961s][info][gc,phases,start] GC(41) Phase 1: Mark live objects
[31.571s][info][gc,phases      ] GC(41) Phase 1: Mark live objects 3610.444ms
[31.571s][info][gc,phases,start] GC(41) Phase 2: Compute new object addresses
[32.763s][info][gc,phases      ] GC(41) Phase 2: Compute new object addresses 1191.541ms
[32.763s][info][gc,phases,start] GC(41) Phase 3: Adjust pointers
[34.084s][info][gc,phases      ] GC(41) Phase 3: Adjust pointers 1321.506ms
[34.084s][info][gc,phases,start] GC(41) Phase 4: Move objects
[34.145s][info][gc,phases      ] GC(41) Phase 4: Move objects 60.512ms
[34.266s][info][gc,heap        ] GC(41) DefNew: 2538943K(2538944K)->281998K(4577280K) Eden: 2256896K(2256896K)->281998K(4068736K) From: 282047K(282048K)->0K(508544K)
[34.266s][info][gc,heap        ] GC(41) Tenured: 5359948K(5641888K)->7616867K(10171776K)
[34.267s][info][gc,metaspace   ] GC(41) Metaspace: 6299K(6464K)->6299K(6464K) NonClass: 5765K(5824K)->5765K(5824K) Class: 533K(640K)->533K(640K)
[34.267s][info][gc             ] GC(41) Pause Full (Allocation Failure) 7713M->7713M(14403M) 6305.879ms
[34.267s][info][gc,cpu         ] GC(41) User=6.11s Sys=0.00s Real=6.31s
[38.015s][info][gc,start       ] GC(42) Pause Young (Allocation Failure)
[49.231s][info][gc,promotion   ] GC(42) Promotion failed
[49.233s][info][gc             ] GC(42) Pause Young (Allocation Failure) 11411M->14403M(14403M) 11217.959ms
[49.233s][info][gc,cpu         ] GC(42) User=7.75s Sys=2.83s Real=11.22s
[49.233s][info][gc,start       ] GC(43) Pause Full (Allocation Failure)
[49.233s][info][gc,phases,start] GC(43) Phase 1: Mark live objects
[71.575s][info][gc,phases      ] GC(43) Phase 1: Mark live objects 22341.588ms
[71.575s][info][gc,phases,start] GC(43) Phase 2: Compute new object addresses
[85.245s][info][gc,phases      ] GC(43) Phase 2: Compute new object addresses 13668.925ms
[85.245s][info][gc,phases,start] GC(43) Phase 3: Adjust pointers
[90.837s][info][gc,phases      ] GC(43) Phase 3: Adjust pointers 5592.438ms
[90.837s][info][gc,phases,start] GC(43) Phase 4: Move objects
[93.819s][info][gc,phases      ] GC(43) Phase 4: Move objects 2981.719ms
[93.858s][info][gc,heap        ] GC(43) DefNew: 4068736K(4577280K)->1513795K(4577280K) Eden: 4068736K(4068736K)->1513795K(4068736K) From: 0K(508544K)->0K(508544K)
[93.858s][info][gc,heap        ] GC(43) Tenured: 7616867K(10171776K)->10171775K(10171776K)
[93.858s][info][gc,metaspace   ] GC(43) Metaspace: 6299K(6464K)->6299K(6464K) NonClass: 5765K(5824K)->5765K(5824K) Class: 533K(640K)->533K(640K)
[93.858s][info][gc             ] GC(43) Pause Full (Allocation Failure) 14403M->11411M(14403M) 44624.609ms
[93.858s][info][gc,cpu         ] GC(43) User=9.56s Sys=18.33s Real=44.62s
[106.207s][info][gc,start       ] GC(44) Pause Full (Allocation Failure)
[106.208s][info][gc,phases,start] GC(44) Phase 1: Mark live objects
[115.981s][info][gc,phases      ] GC(44) Phase 1: Mark live objects 9772.536ms
[115.981s][info][gc,phases,start] GC(44) Phase 2: Compute new object addresses
[118.598s][info][gc,phases      ] GC(44) Phase 2: Compute new object addresses 2616.961ms
[118.598s][info][gc,phases,start] GC(44) Phase 3: Adjust pointers
[121.454s][info][gc,phases      ] GC(44) Phase 3: Adjust pointers 2855.913ms
[121.454s][info][gc,phases,start] GC(44) Phase 4: Move objects
[121.911s][info][gc,phases      ] GC(44) Phase 4: Move objects 457.343ms
[121.915s][info][gc,heap        ] GC(44) DefNew: 4577280K(4577280K)->4577263K(4577280K) Eden: 4068736K(4068736K)->4068735K(4068736K) From: 508544K(508544K)->508527K(508544K)
[121.915s][info][gc,heap        ] GC(44) Tenured: 10171775K(10171776K)->10171775K(10171776K)
[121.915s][info][gc,metaspace   ] GC(44) Metaspace: 6299K(6464K)->6299K(6464K) NonClass: 5765K(5824K)->5765K(5824K) Class: 533K(640K)->533K(640K)
[121.915s][info][gc             ] GC(44) Pause Full (Allocation Failure) 14403M->14403M(14403M) 15707.904ms
[121.915s][info][gc,cpu         ] GC(44) User=11.77s Sys=2.56s Real=15.71s
[121.915s][info][gc,start       ] GC(45) Pause Full (Allocation Failure)
[121.915s][info][gc,phases,start] GC(45) Phase 1: Mark live objects
[128.518s][info][gc,phases      ] GC(45) Phase 1: Mark live objects 6602.988ms
[128.518s][info][gc,phases,start] GC(45) Phase 2: Compute new object addresses
[130.491s][info][gc,phases      ] GC(45) Phase 2: Compute new object addresses 1972.862ms
[130.491s][info][gc,phases,start] GC(45) Phase 3: Adjust pointers
[133.593s][info][gc,phases      ] GC(45) Phase 3: Adjust pointers 3101.163ms
[133.593s][info][gc,phases,start] GC(45) Phase 4: Move objects
[155.850s][info][gc,phases      ] GC(45) Phase 4: Move objects 22255.096ms
[155.868s][info][gc,heap        ] GC(45) DefNew: 4577279K(4577280K)->4184064K(4577280K) Eden: 4068735K(4068736K)->4068735K(4068736K) From: 508544K(508544K)->115328K(508544K)
[155.868s][info][gc,heap        ] GC(45) Tenured: 10171775K(10171776K)->10171775K(10171776K)
[155.868s][info][gc,metaspace   ] GC(45) Metaspace: 6299K(6464K)->6299K(6464K) NonClass: 5765K(5824K)->5765K(5824K) Class: 533K(640K)->533K(640K)
[155.870s][info][gc             ] GC(45) Pause Full (Allocation Failure) 14403M->14019M(14403M) 33953.924ms
[155.870s][info][gc,cpu         ] GC(45) User=13.89s Sys=8.00s Real=33.95s
[157.115s][info][gc,start       ] GC(46) Pause Full (Allocation Failure)
[157.116s][info][gc,phases,start] GC(46) Phase 1: Mark live objects
[179.337s][info][gc,phases      ] GC(46) Phase 1: Mark live objects 22221.394ms
[179.337s][info][gc,phases,start] GC(46) Phase 2: Compute new object addresses
[189.671s][info][gc,phases      ] GC(46) Phase 2: Compute new object addresses 10333.621ms
[189.671s][info][gc,phases,start] GC(46) Phase 3: Adjust pointers
[206.676s][info][gc,phases      ] GC(46) Phase 3: Adjust pointers 17001.018ms
[206.679s][info][gc,phases,start] GC(46) Phase 4: Move objects
[206.681s][info][gc,phases      ] GC(46) Phase 4: Move objects 1.909ms
[206.696s][info][gc,heap        ] GC(46) DefNew: 4577279K(4577280K)->4577279K(4577280K) Eden: 4068735K(4068736K)->4068735K(4068736K) From: 508543K(508544K)->508543K(508544K)
[206.696s][info][gc,heap        ] GC(46) Tenured: 10171775K(10171776K)->10171775K(10171776K)
[206.697s][info][gc,metaspace   ] GC(46) Metaspace: 6299K(6464K)->6299K(6464K) NonClass: 5765K(5824K)->5765K(5824K) Class: 533K(640K)->533K(640K)
[206.699s][info][gc             ] GC(46) Pause Full (Allocation Failure) 14403M->14403M(14403M) 49583.971ms
[206.699s][info][gc,cpu         ] GC(46) User=10.59s Sys=19.16s Real=49.58s
[206.699s][info][gc,start       ] GC(47) Pause Full (Allocation Failure)
[206.700s][info][gc,phases,start] GC(47) Phase 1: Mark live objects
[226.699s][info][gc,phases      ] GC(47) Phase 1: Mark live objects 19998.771ms
[226.699s][info][gc,phases,start] GC(47) Phase 2: Compute new object addresses
[232.544s][info][gc,phases      ] GC(47) Phase 2: Compute new object addresses 5845.057ms
[232.544s][info][gc,phases,start] GC(47) Phase 3: Adjust pointers
[242.145s][info][gc,phases      ] GC(47) Phase 3: Adjust pointers 9600.027ms
[242.145s][info][gc,phases,start] GC(47) Phase 4: Move objects
[278.489s][info][gc,phases      ] GC(47) Phase 4: Move objects 36341.525ms
[278.564s][info][gc,heap        ] GC(47) DefNew: 4577279K(4577280K)->4577275K(4577280K) Eden: 4068735K(4068736K)->4068736K(4068736K) From: 508543K(508544K)->508539K(508544K)
[278.564s][info][gc,heap        ] GC(47) Tenured: 10171775K(10171776K)->10171775K(10171776K)
[278.564s][info][gc,metaspace   ] GC(47) Metaspace: 6299K(6464K)->6297K(6464K) NonClass: 5765K(5824K)->5764K(5824K) Class: 533K(640K)->532K(640K)
[278.571s][info][gc             ] GC(47) Pause Full (Allocation Failure) 14403M->14403M(14403M) 71871.323ms
[278.572s][info][gc,cpu         ] GC(47) User=14.55s Sys=22.28s Real=71.87s
[278.870s][info][gc,start       ] GC(48) Pause Full (Allocation Failure)
[278.871s][info][gc,phases,start] GC(48) Phase 1: Mark live objects
[302.270s][info][gc,phases      ] GC(48) Phase 1: Mark live objects 23399.286ms
[302.270s][info][gc,phases,start] GC(48) Phase 2: Compute new object addresses
[315.986s][info][gc,phases      ] GC(48) Phase 2: Compute new object addresses 13715.577ms
[315.986s][info][gc,phases,start] GC(48) Phase 3: Adjust pointers
[332.677s][info][gc,phases      ] GC(48) Phase 3: Adjust pointers 16689.970ms
[332.678s][info][gc,phases,start] GC(48) Phase 4: Move objects
[332.678s][info][gc,phases      ] GC(48) Phase 4: Move objects 0.278ms
[332.690s][info][gc,heap        ] GC(48) DefNew: 4577279K(4577280K)->4577279K(4577280K) Eden: 4068736K(4068736K)->4068736K(4068736K) From: 508543K(508544K)->508543K(508544K)
[332.691s][info][gc,heap        ] GC(48) Tenured: 10171775K(10171776K)->10171775K(10171776K)
[332.691s][info][gc,metaspace   ] GC(48) Metaspace: 6297K(6464K)->6297K(6464K) NonClass: 5764K(5824K)->5764K(5824K) Class: 532K(640K)->532K(640K)
[332.692s][info][gc             ] GC(48) Pause Full (Allocation Failure) 14403M->14403M(14403M) 53822.432ms
[332.692s][info][gc,cpu         ] GC(48) User=10.84s Sys=16.73s Real=53.82s
[332.692s][info][gc,start       ] GC(49) Pause Full (Allocation Failure)
[332.692s][info][gc,phases,start] GC(49) Phase 1: Mark live objects
[348.985s][info][gc,phases      ] GC(49) Phase 1: Mark live objects 16292.003ms
[348.985s][info][gc,phases,start] GC(49) Phase 2: Compute new object addresses
[359.801s][info][gc,phases      ] GC(49) Phase 2: Compute new object addresses 10816.641ms
[359.801s][info][gc,phases,start] GC(49) Phase 3: Adjust pointers
[369.330s][info][gc,phases      ] GC(49) Phase 3: Adjust pointers 9528.158ms
[369.331s][info][gc,phases,start] GC(49) Phase 4: Move objects
[369.334s][info][gc,phases      ] GC(49) Phase 4: Move objects 3.248ms
[369.371s][info][gc,heap        ] GC(49) DefNew: 4577279K(4577280K)->4577279K(4577280K) Eden: 4068736K(4068736K)->4068736K(4068736K) From: 508543K(508544K)->508543K(508544K)
[369.372s][info][gc,heap        ] GC(49) Tenured: 10171775K(10171776K)->10171775K(10171776K)
[369.372s][info][gc,metaspace   ] GC(49) Metaspace: 6297K(6464K)->6297K(6464K) NonClass: 5764K(5824K)->5764K(5824K) Class: 532K(640K)->532K(640K)
[369.373s][info][gc             ] GC(49) Pause Full (Allocation Failure) 14403M->14403M(14403M) 36680.664ms
[369.374s][info][gc,cpu         ] GC(49) User=11.19s Sys=12.55s Real=36.68s
[369.493s][info][gc,start       ] GC(50) Pause Full (Allocation Failure)
[369.494s][info][gc,phases,start] GC(50) Phase 1: Mark live objects
[386.503s][info][gc,phases      ] GC(50) Phase 1: Mark live objects 17009.238ms
[386.503s][info][gc,phases,start] GC(50) Phase 2: Compute new object addresses
[394.602s][info][gc,phases      ] GC(50) Phase 2: Compute new object addresses 8098.453ms
[394.602s][info][gc,phases,start] GC(50) Phase 3: Adjust pointers
[407.328s][info][gc,phases      ] GC(50) Phase 3: Adjust pointers 12724.190ms
[407.328s][info][gc,phases,start] GC(50) Phase 4: Move objects
[407.330s][info][gc,phases      ] GC(50) Phase 4: Move objects 2.362ms
[407.357s][info][gc,heap        ] GC(50) DefNew: 4577280K(4577280K)->4577279K(4577280K) Eden: 4068736K(4068736K)->4068736K(4068736K) From: 508544K(508544K)->508543K(508544K)
[407.357s][info][gc,heap        ] GC(50) Tenured: 10171775K(10171776K)->10171775K(10171776K)
[407.357s][info][gc,metaspace   ] GC(50) Metaspace: 6297K(6464K)->6297K(6464K) NonClass: 5764K(5824K)->5764K(5824K) Class: 532K(640K)->532K(640K)
[407.358s][info][gc             ] GC(50) Pause Full (Allocation Failure) 14403M->14403M(14403M) 37864.044ms
[407.359s][info][gc,cpu         ] GC(50) User=11.16s Sys=13.81s Real=37.86s
[407.366s][info][gc,start       ] GC(51) Pause Full (Allocation Failure)
[407.369s][info][gc,phases,start] GC(51) Phase 1: Mark live objects
[421.042s][info][gc,phases      ] GC(51) Phase 1: Mark live objects 13672.489ms
[421.042s][info][gc,phases,start] GC(51) Phase 2: Compute new object addresses
[427.929s][info][gc,phases      ] GC(51) Phase 2: Compute new object addresses 6887.417ms
[427.930s][info][gc,phases,start] GC(51) Phase 3: Adjust pointers
[436.263s][info][gc,phases      ] GC(51) Phase 3: Adjust pointers 8332.581ms
[436.263s][info][gc,phases,start] GC(51) Phase 4: Move objects
[436.263s][info][gc,phases      ] GC(51) Phase 4: Move objects 0.036ms
[436.276s][info][gc,heap        ] GC(51) DefNew: 4577280K(4577280K)->4577280K(4577280K) Eden: 4068736K(4068736K)->4068736K(4068736K) From: 508544K(508544K)->508544K(508544K)
[436.276s][info][gc,heap        ] GC(51) Tenured: 10171775K(10171776K)->10171775K(10171776K)
[436.276s][info][gc,metaspace   ] GC(51) Metaspace: 6297K(6464K)->6297K(6464K) NonClass: 5764K(5824K)->5764K(5824K) Class: 532K(640K)->532K(640K)
[436.282s][info][gc             ] GC(51) Pause Full (Allocation Failure) 14403M->14403M(14403M) 28915.996ms
[436.284s][info][gc,cpu         ] GC(51) User=11.70s Sys=8.89s Real=28.92s
[436.285s][info][gc,start       ] GC(52) Pause Full (Allocation Failure)
[436.285s][info][gc,phases,start] GC(52) Phase 1: Mark live objects
[449.755s][info][gc,phases      ] GC(52) Phase 1: Mark live objects 13469.354ms
[449.755s][info][gc,phases,start] GC(52) Phase 2: Compute new object addresses
[459.704s][info][gc,phases      ] GC(52) Phase 2: Compute new object addresses 9949.395ms
[459.704s][info][gc,phases,start] GC(52) Phase 3: Adjust pointers
[475.200s][info][gc,phases      ] GC(52) Phase 3: Adjust pointers 15496.010ms
[475.200s][info][gc,phases,start] GC(52) Phase 4: Move objects
[502.666s][info][gc,phases      ] GC(52) Phase 4: Move objects 27465.865ms
[502.679s][info][gc,heap        ] GC(52) DefNew: 4577280K(4577280K)->4577278K(4577280K) Eden: 4068736K(4068736K)->4068735K(4068736K) From: 508544K(508544K)->508542K(508544K)
[502.679s][info][gc,heap        ] GC(52) Tenured: 10171775K(10171776K)->10171775K(10171776K)
[502.679s][info][gc,metaspace   ] GC(52) Metaspace: 6297K(6464K)->6297K(6464K) NonClass: 5764K(5824K)->5764K(5824K) Class: 532K(640K)->532K(640K)
[502.680s][info][gc             ] GC(52) Pause Full (Allocation Failure) 14403M->14403M(14403M) 66394.430ms
[502.680s][info][gc,cpu         ] GC(52) User=13.94s Sys=28.64s Real=66.39s
[502.754s][info][gc,start       ] GC(53) Pause Full (Allocation Failure)
[502.754s][info][gc,phases,start] GC(53) Phase 1: Mark live objects
[518.144s][info][gc,phases      ] GC(53) Phase 1: Mark live objects 15390.419ms
[518.144s][info][gc,phases,start] GC(53) Phase 2: Compute new object addresses
[525.559s][info][gc,phases      ] GC(53) Phase 2: Compute new object addresses 7414.841ms
[525.559s][info][gc,phases,start] GC(53) Phase 3: Adjust pointers
[535.860s][info][gc,phases      ] GC(53) Phase 3: Adjust pointers 10300.312ms
[535.860s][info][gc,phases,start] GC(53) Phase 4: Move objects
[564.753s][info][gc,phases      ] GC(53) Phase 4: Move objects 28892.650ms
[564.774s][info][gc,heap        ] GC(53) DefNew: 4577279K(4577280K)->4577276K(4577280K) Eden: 4068736K(4068736K)->4068735K(4068736K) From: 508543K(508544K)->508540K(508544K)
[564.775s][info][gc,heap        ] GC(53) Tenured: 10171775K(10171776K)->10171775K(10171776K)
[564.775s][info][gc,metaspace   ] GC(53) Metaspace: 6299K(6464K)->6299K(6464K) NonClass: 5765K(5824K)->5765K(5824K) Class: 533K(640K)->533K(640K)
[564.776s][info][gc             ] GC(53) Pause Full (Allocation Failure) 14403M->14403M(14403M) 62022.343ms
[564.776s][info][gc,cpu         ] GC(53) User=14.41s Sys=24.67s Real=62.02s
[564.812s][info][gc,heap,exit   ] Heap
[564.812s][info][gc,heap,exit   ]  def new generation   total 4577280K, used 4577277K [0x000000045cc00000, 0x00000005932a0000, 0x00000005932a0000)
[564.812s][info][gc,heap,exit   ]   eden space 4068736K, 100% used [0x000000045cc00000, 0x0000000555160000, 0x0000000555160000)
[564.812s][info][gc,heap,exit   ]   from space 508544K,  99% used [0x0000000574200000, 0x000000059329f5a8, 0x00000005932a0000)
[564.812s][info][gc,heap,exit   ]   to   space 508544K,   0% used [0x0000000555160000, 0x0000000555160000, 0x0000000574200000)
[564.812s][info][gc,heap,exit   ]  tenured generation   total 10171776K, used 10171775K [0x00000005932a0000, 0x0000000800000000, 0x0000000800000000)
[564.812s][info][gc,heap,exit   ]    the space 10171776K,  99% used [0x00000005932a0000, 0x00000007ffffffb8, 0x0000000800000000, 0x0000000800000000)
[564.812s][info][gc,heap,exit   ]  Metaspace       used 6302K, committed 6464K, reserved 1114112K
[564.812s][info][gc,heap,exit   ]   class space    used 534K, committed 640K, reserved 1048576K
