[0.013s][info][gc,init] CardTable entry size: 512
[0.014s][info][gc     ] Using Serial
[0.014s][info][gc,init] Version: 18.0.1+10 (release)
[0.014s][info][gc,init] CPUs: 8 total, 8 available
[0.014s][info][gc,init] Memory: 16063M
[0.014s][info][gc,init] Large Page Support: Disabled
[0.014s][info][gc,init] NUMA Support: Disabled
[0.014s][info][gc,init] Compressed Oops: Enabled (Zero based)
[0.014s][info][gc,init] Heap Min Capacity: 2M
[0.014s][info][gc,init] Heap Initial Capacity: 2M
[0.014s][info][gc,init] Heap Max Capacity: 12900M
[0.014s][info][gc,init] Pre-touch: Disabled
[0.015s][info][gc,metaspace] CDS archive(s) not mapped
[0.015s][info][gc,metaspace] Compressed class space mapped at: 0x0000000800000000-0x0000000840000000, reserved size: 1073741824
[0.015s][info][gc,metaspace] Narrow klass base: 0x0000000800000000, Narrow klass shift: 0, Narrow klass range: 0x40000000
[0.190s][info][gc,start    ] GC(0) Pause Young (Allocation Failure)
[0.192s][info][gc,heap     ] GC(0) DefNew: 1023K(1152K)->127K(1152K) Eden: 1023K(1024K)->0K(1024K) From: 0K(128K)->127K(128K)
[0.192s][info][gc,heap     ] GC(0) Tenured: 0K(768K)->439K(768K)
[0.192s][info][gc,metaspace] GC(0) Metaspace: 5899K(6016K)->5899K(6016K) NonClass: 5400K(5504K)->5400K(5504K) Class: 499K(512K)->499K(512K)
[0.192s][info][gc          ] GC(0) Pause Young (Allocation Failure) 0M->0M(1M) 2.016ms
[0.192s][info][gc,cpu      ] GC(0) User=0.00s Sys=0.00s Real=0.00s
[0.212s][info][gc,start    ] GC(1) Pause Young (Allocation Failure)
[0.213s][info][gc          ] GC(1) Pause Young (Allocation Failure) 1M->0M(2M) 1.266ms
[0.213s][info][gc,cpu      ] GC(1) User=0.00s Sys=0.00s Real=0.00s
[0.213s][info][gc,start    ] GC(2) Pause Full (Allocation Failure)
[0.214s][info][gc,phases,start] GC(2) Phase 1: Mark live objects
[0.215s][info][gc,phases      ] GC(2) Phase 1: Mark live objects 0.977ms
[0.215s][info][gc,phases,start] GC(2) Phase 2: Compute new object addresses
[0.215s][info][gc,phases      ] GC(2) Phase 2: Compute new object addresses 0.244ms
[0.215s][info][gc,phases,start] GC(2) Phase 3: Adjust pointers
[0.215s][info][gc,phases      ] GC(2) Phase 3: Adjust pointers 0.642ms
[0.216s][info][gc,phases,start] GC(2) Phase 4: Move objects
[0.216s][info][gc,phases      ] GC(2) Phase 4: Move objects 0.075ms
[0.216s][info][gc,heap        ] GC(2) DefNew: 1151K(1152K)->40K(1152K) Eden: 1024K(1024K)->40K(1024K) From: 127K(128K)->0K(128K)
[0.216s][info][gc,heap        ] GC(2) Tenured: 439K(768K)->959K(1600K)
[0.216s][info][gc,metaspace   ] GC(2) Metaspace: 6297K(6464K)->6297K(6464K) NonClass: 5763K(5824K)->5763K(5824K) Class: 533K(640K)->533K(640K)
[0.216s][info][gc             ] GC(2) Pause Full (Allocation Failure) 0M->0M(2M) 2.251ms
[0.216s][info][gc,cpu         ] GC(2) User=0.00s Sys=0.00s Real=0.00s
[0.217s][info][gc,start       ] GC(3) Pause Young (Allocation Failure)
[0.218s][info][gc,heap        ] GC(3) DefNew: 1024K(1152K)->128K(1152K) Eden: 1024K(1024K)->0K(1024K) From: 0K(128K)->128K(128K)
[0.218s][info][gc,heap        ] GC(3) Tenured: 959K(1600K)->1374K(1600K)
[0.218s][info][gc,metaspace   ] GC(3) Metaspace: 6297K(6464K)->6297K(6464K) NonClass: 5763K(5824K)->5763K(5824K) Class: 533K(640K)->533K(640K)
[0.219s][info][gc             ] GC(3) Pause Young (Allocation Failure) 1M->1M(2M) 1.411ms
[0.219s][info][gc,cpu         ] GC(3) User=0.00s Sys=0.00s Real=0.00s
[0.220s][info][gc,start       ] GC(4) Pause Young (Allocation Failure)
[0.221s][info][gc             ] GC(4) Pause Young (Allocation Failure) 2M->1M(3M) 1.251ms
[0.221s][info][gc,cpu         ] GC(4) User=0.00s Sys=0.00s Real=0.00s
[0.221s][info][gc,start       ] GC(5) Pause Full (Allocation Failure)
[0.221s][info][gc,phases,start] GC(5) Phase 1: Mark live objects
[0.223s][info][gc,phases      ] GC(5) Phase 1: Mark live objects 1.858ms
[0.223s][info][gc,phases,start] GC(5) Phase 2: Compute new object addresses
[0.224s][info][gc,phases      ] GC(5) Phase 2: Compute new object addresses 0.417ms
[0.224s][info][gc,phases,start] GC(5) Phase 3: Adjust pointers
[0.224s][info][gc,phases      ] GC(5) Phase 3: Adjust pointers 0.718ms
[0.224s][info][gc,phases,start] GC(5) Phase 4: Move objects
[0.225s][info][gc,phases      ] GC(5) Phase 4: Move objects 0.075ms
[0.225s][info][gc,heap        ] GC(5) DefNew: 1152K(1152K)->35K(1536K) Eden: 1024K(1024K)->35K(1408K) From: 128K(128K)->0K(128K)
[0.225s][info][gc,heap        ] GC(5) Tenured: 1374K(1600K)->1984K(3308K)
[0.225s][info][gc,metaspace   ] GC(5) Metaspace: 6297K(6464K)->6297K(6464K) NonClass: 5763K(5824K)->5763K(5824K) Class: 533K(640K)->533K(640K)
[0.225s][info][gc             ] GC(5) Pause Full (Allocation Failure) 1M->1M(4M) 3.430ms
[0.225s][info][gc,cpu         ] GC(5) User=0.00s Sys=0.00s Real=0.00s
[0.227s][info][gc,start       ] GC(6) Pause Young (Allocation Failure)
[0.228s][info][gc,heap        ] GC(6) DefNew: 1407K(1536K)->127K(1536K) Eden: 1407K(1408K)->0K(1408K) From: 0K(128K)->127K(128K)
[0.228s][info][gc,heap        ] GC(6) Tenured: 1984K(3308K)->2617K(3308K)
[0.229s][info][gc,metaspace   ] GC(6) Metaspace: 6297K(6464K)->6297K(6464K) NonClass: 5763K(5824K)->5763K(5824K) Class: 533K(640K)->533K(640K)
[0.229s][info][gc             ] GC(6) Pause Young (Allocation Failure) 3M->2M(4M) 2.003ms
[0.229s][info][gc,cpu         ] GC(6) User=0.00s Sys=0.00s Real=0.00s
[0.230s][info][gc,start       ] GC(7) Pause Young (Allocation Failure)
[0.232s][info][gc             ] GC(7) Pause Young (Allocation Failure) 4M->3M(4M) 1.936ms
[0.232s][info][gc,cpu         ] GC(7) User=0.00s Sys=0.00s Real=0.00s
[0.232s][info][gc,start       ] GC(8) Pause Full (Allocation Failure)
[0.232s][info][gc,phases,start] GC(8) Phase 1: Mark live objects
[0.234s][info][gc,phases      ] GC(8) Phase 1: Mark live objects 2.083ms
[0.234s][info][gc,phases,start] GC(8) Phase 2: Compute new object addresses
[0.235s][info][gc,phases      ] GC(8) Phase 2: Compute new object addresses 0.598ms
[0.235s][info][gc,phases,start] GC(8) Phase 3: Adjust pointers
[0.236s][info][gc,phases      ] GC(8) Phase 3: Adjust pointers 0.923ms
[0.236s][info][gc,phases,start] GC(8) Phase 4: Move objects
[0.236s][info][gc,phases      ] GC(8) Phase 4: Move objects 0.084ms
[0.236s][info][gc,heap        ] GC(8) DefNew: 1535K(1536K)->0K(2688K) Eden: 1408K(1408K)->0K(2432K) From: 127K(128K)->0K(256K)
[0.236s][info][gc,heap        ] GC(8) Tenured: 2617K(3308K)->3459K(5768K)
[0.236s][info][gc,metaspace   ] GC(8) Metaspace: 6297K(6464K)->6297K(6464K) NonClass: 5763K(5824K)->5763K(5824K) Class: 533K(640K)->533K(640K)
[0.236s][info][gc             ] GC(8) Pause Full (Allocation Failure) 3M->3M(8M) 3.994ms
[0.236s][info][gc,cpu         ] GC(8) User=0.00s Sys=0.00s Real=0.00s
[0.240s][info][gc,start       ] GC(9) Pause Young (Allocation Failure)
[0.242s][info][gc,heap        ] GC(9) DefNew: 2432K(2688K)->256K(2688K) Eden: 2432K(2432K)->0K(2432K) From: 0K(256K)->256K(256K)
[0.243s][info][gc,heap        ] GC(9) Tenured: 3459K(5768K)->4512K(5768K)
[0.243s][info][gc,metaspace   ] GC(9) Metaspace: 6297K(6464K)->6297K(6464K) NonClass: 5763K(5824K)->5763K(5824K) Class: 533K(640K)->533K(640K)
[0.243s][info][gc             ] GC(9) Pause Young (Allocation Failure) 5M->4M(8M) 2.536ms
[0.243s][info][gc,cpu         ] GC(9) User=0.00s Sys=0.00s Real=0.00s
[0.245s][info][gc,start       ] GC(10) Pause Young (Allocation Failure)
[0.248s][info][gc,heap        ] GC(10) DefNew: 2688K(2688K)->256K(2688K) Eden: 2432K(2432K)->0K(2432K) From: 256K(256K)->256K(256K)
[0.248s][info][gc,heap        ] GC(10) Tenured: 4512K(5768K)->5755K(5768K)
[0.248s][info][gc,metaspace   ] GC(10) Metaspace: 6297K(6464K)->6297K(6464K) NonClass: 5763K(5824K)->5763K(5824K) Class: 533K(640K)->533K(640K)
[0.248s][info][gc             ] GC(10) Pause Young (Allocation Failure) 7M->5M(8M) 2.880ms
[0.248s][info][gc,cpu         ] GC(10) User=0.00s Sys=0.00s Real=0.00s
[0.251s][info][gc,start       ] GC(11) Pause Young (Allocation Failure)
[0.256s][info][gc             ] GC(11) Pause Young (Allocation Failure) 8M->7M(9M) 4.302ms
[0.256s][info][gc,cpu         ] GC(11) User=0.00s Sys=0.00s Real=0.00s
[0.256s][info][gc,start       ] GC(12) Pause Full (Allocation Failure)
[0.256s][info][gc,phases,start] GC(12) Phase 1: Mark live objects
[0.260s][info][gc,phases      ] GC(12) Phase 1: Mark live objects 4.170ms
[0.260s][info][gc,phases,start] GC(12) Phase 2: Compute new object addresses
[0.261s][info][gc,phases      ] GC(12) Phase 2: Compute new object addresses 1.186ms
[0.261s][info][gc,phases,start] GC(12) Phase 3: Adjust pointers
[0.263s][info][gc,phases      ] GC(12) Phase 3: Adjust pointers 1.735ms
[0.263s][info][gc,phases,start] GC(12) Phase 4: Move objects
[0.264s][info][gc,phases      ] GC(12) Phase 4: Move objects 1.163ms
[0.264s][info][gc,heap        ] GC(12) DefNew: 2688K(2688K)->0K(5376K) Eden: 2432K(2432K)->0K(4800K) From: 256K(256K)->0K(576K)
[0.264s][info][gc,heap        ] GC(12) Tenured: 5755K(5768K)->7132K(11888K)
[0.265s][info][gc,metaspace   ] GC(12) Metaspace: 6297K(6464K)->6297K(6464K) NonClass: 5763K(5824K)->5763K(5824K) Class: 533K(640K)->533K(640K)
[0.265s][info][gc             ] GC(12) Pause Full (Allocation Failure) 7M->6M(16M) 8.757ms
[0.265s][info][gc,cpu         ] GC(12) User=0.00s Sys=0.00s Real=0.01s
[0.270s][info][gc,start       ] GC(13) Pause Young (Allocation Failure)
[0.275s][info][gc,heap        ] GC(13) DefNew: 4800K(5376K)->575K(5376K) Eden: 4800K(4800K)->0K(4800K) From: 0K(576K)->575K(576K)
[0.275s][info][gc,heap        ] GC(13) Tenured: 7132K(11888K)->9027K(11888K)
[0.275s][info][gc,metaspace   ] GC(13) Metaspace: 6297K(6464K)->6297K(6464K) NonClass: 5763K(5824K)->5763K(5824K) Class: 533K(640K)->533K(640K)
[0.275s][info][gc             ] GC(13) Pause Young (Allocation Failure) 11M->9M(16M) 5.530ms
[0.275s][info][gc,cpu         ] GC(13) User=0.02s Sys=0.00s Real=0.01s
[0.280s][info][gc,start       ] GC(14) Pause Young (Allocation Failure)
[0.286s][info][gc,heap        ] GC(14) DefNew: 5375K(5376K)->576K(5376K) Eden: 4800K(4800K)->0K(4800K) From: 575K(576K)->576K(576K)
[0.286s][info][gc,heap        ] GC(14) Tenured: 9027K(11888K)->11746K(11888K)
[0.286s][info][gc,metaspace   ] GC(14) Metaspace: 6297K(6464K)->6297K(6464K) NonClass: 5763K(5824K)->5763K(5824K) Class: 533K(640K)->533K(640K)
[0.286s][info][gc             ] GC(14) Pause Young (Allocation Failure) 14M->12M(16M) 6.513ms
[0.286s][info][gc,cpu         ] GC(14) User=0.00s Sys=0.00s Real=0.01s
[0.290s][info][gc,start       ] GC(15) Pause Young (Allocation Failure)
[0.296s][info][gc             ] GC(15) Pause Young (Allocation Failure) 16M->14M(19M) 5.469ms
[0.296s][info][gc,cpu         ] GC(15) User=0.00s Sys=0.00s Real=0.00s
[0.296s][info][gc,start       ] GC(16) Pause Full (Allocation Failure)
[0.296s][info][gc,phases,start] GC(16) Phase 1: Mark live objects
[0.303s][info][gc,phases      ] GC(16) Phase 1: Mark live objects 7.498ms
[0.303s][info][gc,phases,start] GC(16) Phase 2: Compute new object addresses
[0.306s][info][gc,phases      ] GC(16) Phase 2: Compute new object addresses 2.266ms
[0.306s][info][gc,phases,start] GC(16) Phase 3: Adjust pointers
[0.309s][info][gc,phases      ] GC(16) Phase 3: Adjust pointers 2.886ms
[0.309s][info][gc,phases,start] GC(16) Phase 4: Move objects
[0.309s][info][gc,phases      ] GC(16) Phase 4: Move objects 0.187ms
[0.309s][info][gc,heap        ] GC(16) DefNew: 5376K(5376K)->387K(10880K) Eden: 4800K(4800K)->387K(9728K) From: 576K(576K)->0K(1152K)
[0.309s][info][gc,heap        ] GC(16) Tenured: 11746K(11888K)->14384K(23976K)
[0.309s][info][gc,metaspace   ] GC(16) Metaspace: 6298K(6464K)->6298K(6464K) NonClass: 5765K(5824K)->5765K(5824K) Class: 533K(640K)->533K(640K)
[0.309s][info][gc             ] GC(16) Pause Full (Allocation Failure) 14M->14M(34M) 13.206ms
[0.309s][info][gc,cpu         ] GC(16) User=0.02s Sys=0.00s Real=0.01s
[0.318s][info][gc,start       ] GC(17) Pause Young (Allocation Failure)
[0.331s][info][gc,heap        ] GC(17) DefNew: 9728K(10880K)->1151K(10880K) Eden: 9728K(9728K)->0K(9728K) From: 0K(1152K)->1151K(1152K)
[0.331s][info][gc,heap        ] GC(17) Tenured: 14384K(23976K)->18415K(23976K)
[0.331s][info][gc,metaspace   ] GC(17) Metaspace: 6298K(6464K)->6298K(6464K) NonClass: 5765K(5824K)->5765K(5824K) Class: 533K(640K)->533K(640K)
[0.331s][info][gc             ] GC(17) Pause Young (Allocation Failure) 23M->19M(34M) 13.192ms
[0.331s][info][gc,cpu         ] GC(17) User=0.00s Sys=0.00s Real=0.01s
[0.340s][info][gc,start       ] GC(18) Pause Young (Allocation Failure)
[0.351s][info][gc,heap        ] GC(18) DefNew: 10879K(10880K)->1151K(10880K) Eden: 9728K(9728K)->0K(9728K) From: 1151K(1152K)->1151K(1152K)
[0.351s][info][gc,heap        ] GC(18) Tenured: 18415K(23976K)->23936K(23976K)
[0.351s][info][gc,metaspace   ] GC(18) Metaspace: 6298K(6464K)->6298K(6464K) NonClass: 5765K(5824K)->5765K(5824K) Class: 533K(640K)->533K(640K)
[0.352s][info][gc             ] GC(18) Pause Young (Allocation Failure) 28M->24M(34M) 11.976ms
[0.352s][info][gc,cpu         ] GC(18) User=0.00s Sys=0.00s Real=0.01s
[0.359s][info][gc,start       ] GC(19) Pause Young (Allocation Failure)
[0.370s][info][gc             ] GC(19) Pause Young (Allocation Failure) 34M->29M(38M) 11.802ms
[0.370s][info][gc,cpu         ] GC(19) User=0.00s Sys=0.00s Real=0.01s
[0.370s][info][gc,start       ] GC(20) Pause Full (Allocation Failure)
[0.371s][info][gc,phases,start] GC(20) Phase 1: Mark live objects
[0.384s][info][gc,phases      ] GC(20) Phase 1: Mark live objects 13.641ms
[0.384s][info][gc,phases,start] GC(20) Phase 2: Compute new object addresses
[0.389s][info][gc,phases      ] GC(20) Phase 2: Compute new object addresses 4.569ms
[0.389s][info][gc,phases,start] GC(20) Phase 3: Adjust pointers
[0.394s][info][gc,phases      ] GC(20) Phase 3: Adjust pointers 5.345ms
[0.394s][info][gc,phases,start] GC(20) Phase 4: Move objects
[0.394s][info][gc,phases      ] GC(20) Phase 4: Move objects 0.170ms
[0.395s][info][gc,heap        ] GC(20) DefNew: 10879K(10880K)->1080K(21888K) Eden: 9728K(9728K)->1080K(19520K) From: 1151K(1152K)->0K(2368K)
[0.395s][info][gc,heap        ] GC(20) Tenured: 23936K(23976K)->29036K(48396K)
[0.395s][info][gc,metaspace   ] GC(20) Metaspace: 6298K(6464K)->6298K(6464K) NonClass: 5765K(5824K)->5765K(5824K) Class: 533K(640K)->533K(640K)
[0.395s][info][gc             ] GC(20) Pause Full (Allocation Failure) 29M->29M(68M) 24.138ms
[0.395s][info][gc,cpu         ] GC(20) User=0.03s Sys=0.00s Real=0.02s
[0.412s][info][gc,start       ] GC(21) Pause Young (Allocation Failure)
[0.445s][info][gc,heap        ] GC(21) DefNew: 18427K(21888K)->2367K(21888K) Eden: 18427K(19520K)->0K(19520K) From: 0K(2368K)->2367K(2368K)
[0.445s][info][gc,heap        ] GC(21) Tenured: 29036K(48396K)->43096K(48396K)
[0.445s][info][gc,metaspace   ] GC(21) Metaspace: 6298K(6464K)->6298K(6464K) NonClass: 5765K(5824K)->5765K(5824K) Class: 533K(640K)->533K(640K)
[0.445s][info][gc             ] GC(21) Pause Young (Allocation Failure) 46M->44M(68M) 32.691ms
[0.445s][info][gc,cpu         ] GC(21) User=0.03s Sys=0.00s Real=0.03s
[0.463s][info][gc,start       ] GC(22) Pause Young (Allocation Failure)
[0.499s][info][gc             ] GC(22) Pause Young (Allocation Failure) 63M->63M(82M) 36.190ms
[0.499s][info][gc,cpu         ] GC(22) User=0.02s Sys=0.02s Real=0.04s
[0.499s][info][gc,start       ] GC(23) Pause Full (Allocation Failure)
[0.499s][info][gc,phases,start] GC(23) Phase 1: Mark live objects
[0.526s][info][gc,phases      ] GC(23) Phase 1: Mark live objects 26.126ms
[0.526s][info][gc,phases,start] GC(23) Phase 2: Compute new object addresses
[0.536s][info][gc,phases      ] GC(23) Phase 2: Compute new object addresses 9.894ms
[0.536s][info][gc,phases,start] GC(23) Phase 3: Adjust pointers
[0.547s][info][gc,phases      ] GC(23) Phase 3: Adjust pointers 11.111ms
[0.547s][info][gc,phases,start] GC(23) Phase 4: Move objects
[0.547s][info][gc,phases      ] GC(23) Phase 4: Move objects 0.345ms
[0.547s][info][gc,heap        ] GC(23) DefNew: 21887K(21888K)->2350K(47040K) Eden: 19520K(19520K)->2350K(41856K) From: 2367K(2368K)->0K(5184K)
[0.547s][info][gc,heap        ] GC(23) Tenured: 43096K(48396K)->62604K(104340K)
[0.547s][info][gc,metaspace   ] GC(23) Metaspace: 6298K(6464K)->6298K(6464K) NonClass: 5765K(5824K)->5765K(5824K) Class: 533K(640K)->533K(640K)
[0.548s][info][gc             ] GC(23) Pause Full (Allocation Failure) 63M->63M(147M) 48.155ms
[0.548s][info][gc,cpu         ] GC(23) User=0.05s Sys=0.00s Real=0.05s
[0.590s][info][gc,start       ] GC(24) Pause Young (Allocation Failure)
[0.656s][info][gc,heap        ] GC(24) DefNew: 41856K(47040K)->5183K(47040K) Eden: 41856K(41856K)->0K(41856K) From: 0K(5184K)->5183K(5184K)
[0.656s][info][gc,heap        ] GC(24) Tenured: 62604K(104340K)->99251K(104340K)
[0.656s][info][gc,metaspace   ] GC(24) Metaspace: 6298K(6464K)->6298K(6464K) NonClass: 5765K(5824K)->5765K(5824K) Class: 533K(640K)->533K(640K)
[0.656s][info][gc             ] GC(24) Pause Young (Allocation Failure) 102M->101M(147M) 65.715ms
[0.656s][info][gc,cpu         ] GC(24) User=0.06s Sys=0.00s Real=0.07s
[0.691s][info][gc,start       ] GC(25) Pause Young (Allocation Failure)
[0.766s][info][gc             ] GC(25) Pause Young (Allocation Failure) 142M->142M(183M) 75.067ms
[0.766s][info][gc,cpu         ] GC(25) User=0.06s Sys=0.00s Real=0.07s
[0.766s][info][gc,start       ] GC(26) Pause Full (Allocation Failure)
[0.766s][info][gc,phases,start] GC(26) Phase 1: Mark live objects
[0.826s][info][gc,phases      ] GC(26) Phase 1: Mark live objects 59.926ms
[0.826s][info][gc,phases,start] GC(26) Phase 2: Compute new object addresses
[0.849s][info][gc,phases      ] GC(26) Phase 2: Compute new object addresses 23.697ms
[0.850s][info][gc,phases,start] GC(26) Phase 3: Adjust pointers
[0.878s][info][gc,phases      ] GC(26) Phase 3: Adjust pointers 28.022ms
[0.878s][info][gc,phases,start] GC(26) Phase 4: Move objects
[0.906s][info][gc,phases      ] GC(26) Phase 4: Move objects 28.107ms
[0.906s][info][gc,heap        ] GC(26) DefNew: 47039K(47040K)->1341K(105920K) Eden: 41856K(41856K)->1341K(94208K) From: 5183K(5184K)->0K(11712K)
[0.906s][info][gc,heap        ] GC(26) Tenured: 99251K(104340K)->141079K(235136K)
[0.906s][info][gc,metaspace   ] GC(26) Metaspace: 6298K(6464K)->6298K(6464K) NonClass: 5765K(5824K)->5765K(5824K) Class: 533K(640K)->533K(640K)
[0.906s][info][gc             ] GC(26) Pause Full (Allocation Failure) 142M->139M(333M) 140.624ms
[0.906s][info][gc,cpu         ] GC(26) User=0.16s Sys=0.00s Real=0.14s
[1.007s][info][gc,start       ] GC(27) Pause Young (Allocation Failure)
[1.174s][info][gc,heap        ] GC(27) DefNew: 94208K(105920K)->11711K(105920K) Eden: 94208K(94208K)->0K(94208K) From: 0K(11712K)->11711K(11712K)
[1.174s][info][gc,heap        ] GC(27) Tenured: 141079K(235136K)->223545K(235136K)
[1.174s][info][gc,metaspace   ] GC(27) Metaspace: 6298K(6464K)->6298K(6464K) NonClass: 5765K(5824K)->5765K(5824K) Class: 533K(640K)->533K(640K)
[1.174s][info][gc             ] GC(27) Pause Young (Allocation Failure) 229M->229M(333M) 167.316ms
[1.174s][info][gc,cpu         ] GC(27) User=0.14s Sys=0.02s Real=0.17s
[1.258s][info][gc,start       ] GC(28) Pause Young (Allocation Failure)
[1.434s][info][gc             ] GC(28) Pause Young (Allocation Failure) 321M->321M(413M) 175.728ms
[1.434s][info][gc,cpu         ] GC(28) User=0.14s Sys=0.02s Real=0.17s
[1.434s][info][gc,start       ] GC(29) Pause Full (Allocation Failure)
[1.434s][info][gc,phases,start] GC(29) Phase 1: Mark live objects
[1.582s][info][gc,phases      ] GC(29) Phase 1: Mark live objects 147.744ms
[1.582s][info][gc,phases,start] GC(29) Phase 2: Compute new object addresses
[1.633s][info][gc,phases      ] GC(29) Phase 2: Compute new object addresses 50.910ms
[1.633s][info][gc,phases,start] GC(29) Phase 3: Adjust pointers
[1.689s][info][gc,phases      ] GC(29) Phase 3: Adjust pointers 56.039ms
[1.689s][info][gc,phases,start] GC(29) Phase 4: Move objects
[1.691s][info][gc,phases      ] GC(29) Phase 4: Move objects 2.266ms
[1.692s][info][gc,heap        ] GC(29) DefNew: 105919K(105920K)->11602K(238464K) Eden: 94208K(94208K)->11602K(212032K) From: 11711K(11712K)->0K(26432K)
[1.692s][info][gc,heap        ] GC(29) Tenured: 223545K(235136K)->317827K(529716K)
[1.692s][info][gc,metaspace   ] GC(29) Metaspace: 6298K(6464K)->6298K(6464K) NonClass: 5765K(5824K)->5765K(5824K) Class: 533K(640K)->533K(640K)
[1.692s][info][gc             ] GC(29) Pause Full (Allocation Failure) 321M->321M(750M) 258.309ms
[1.692s][info][gc,cpu         ] GC(29) User=0.27s Sys=0.00s Real=0.26s
[1.916s][info][gc,start       ] GC(30) Pause Young (Allocation Failure)
[2.276s][info][gc,heap        ] GC(30) DefNew: 212032K(238464K)->26432K(238464K) Eden: 212032K(212032K)->0K(212032K) From: 0K(26432K)->26432K(26432K)
[2.276s][info][gc,heap        ] GC(30) Tenured: 317827K(529716K)->503402K(529716K)
[2.276s][info][gc,metaspace   ] GC(30) Metaspace: 6298K(6464K)->6298K(6464K) NonClass: 5765K(5824K)->5765K(5824K) Class: 533K(640K)->533K(640K)
[2.276s][info][gc             ] GC(30) Pause Young (Allocation Failure) 517M->517M(750M) 360.667ms
[2.276s][info][gc,cpu         ] GC(30) User=0.23s Sys=0.12s Real=0.36s
[2.451s][info][gc,start       ] GC(31) Pause Young (Allocation Failure)
[2.815s][info][gc             ] GC(31) Pause Young (Allocation Failure) 702M->700M(907M) 364.780ms
[2.815s][info][gc,cpu         ] GC(31) User=0.31s Sys=0.05s Real=0.36s
[2.815s][info][gc,start       ] GC(32) Pause Full (Allocation Failure)
[2.815s][info][gc,phases,start] GC(32) Phase 1: Mark live objects
[3.134s][info][gc,phases      ] GC(32) Phase 1: Mark live objects 318.557ms
[3.134s][info][gc,phases,start] GC(32) Phase 2: Compute new object addresses
[3.241s][info][gc,phases      ] GC(32) Phase 2: Compute new object addresses 106.513ms
[3.241s][info][gc,phases,start] GC(32) Phase 3: Adjust pointers
[3.360s][info][gc,phases      ] GC(32) Phase 3: Adjust pointers 119.055ms
[3.360s][info][gc,phases,start] GC(32) Phase 4: Move objects
[3.366s][info][gc,phases      ] GC(32) Phase 4: Move objects 6.093ms
[3.368s][info][gc,heap        ] GC(32) DefNew: 216079K(238464K)->26276K(518400K) Eden: 189647K(212032K)->26276K(460800K) From: 26432K(26432K)->0K(57600K)
[3.368s][info][gc,heap        ] GC(32) Tenured: 503402K(529716K)->691188K(1151980K)
[3.368s][info][gc,metaspace   ] GC(32) Metaspace: 6298K(6464K)->6298K(6464K) NonClass: 5765K(5824K)->5765K(5824K) Class: 533K(640K)->533K(640K)
[3.368s][info][gc             ] GC(32) Pause Full (Allocation Failure) 700M->700M(1631M) 552.538ms
[3.368s][info][gc,cpu         ] GC(32) User=0.55s Sys=0.00s Real=0.55s
[3.845s][info][gc,start       ] GC(33) Pause Young (Allocation Failure)
[4.637s][info][gc,heap        ] GC(33) DefNew: 460800K(518400K)->57599K(518400K) Eden: 460800K(460800K)->0K(460800K) From: 0K(57600K)->57599K(57600K)
[4.637s][info][gc,heap        ] GC(33) Tenured: 691188K(1151980K)->1094360K(1151980K)
[4.637s][info][gc,metaspace   ] GC(33) Metaspace: 6298K(6464K)->6298K(6464K) NonClass: 5765K(5824K)->5765K(5824K) Class: 533K(640K)->533K(640K)
[4.637s][info][gc             ] GC(33) Pause Young (Allocation Failure) 1124M->1124M(1631M) 791.844ms
[4.637s][info][gc,cpu         ] GC(33) User=0.64s Sys=0.12s Real=0.79s
[5.102s][info][gc,start       ] GC(34) Pause Young (Allocation Failure)
[5.842s][info][gc             ] GC(34) Pause Young (Allocation Failure) 1574M->1516M(1967M) 739.080ms
[5.842s][info][gc,cpu         ] GC(34) User=0.62s Sys=0.09s Real=0.74s
[5.842s][info][gc,start       ] GC(35) Pause Full (Allocation Failure)
[5.842s][info][gc,phases,start] GC(35) Phase 1: Mark live objects
[6.521s][info][gc,phases      ] GC(35) Phase 1: Mark live objects 679.448ms
[6.521s][info][gc,phases,start] GC(35) Phase 2: Compute new object addresses
[6.743s][info][gc,phases      ] GC(35) Phase 2: Compute new object addresses 221.832ms
[6.743s][info][gc,phases,start] GC(35) Phase 3: Adjust pointers
[7.010s][info][gc,phases      ] GC(35) Phase 3: Adjust pointers 266.581ms
[7.010s][info][gc,phases,start] GC(35) Phase 4: Move objects
[7.021s][info][gc,phases      ] GC(35) Phase 4: Move objects 11.122ms
[7.025s][info][gc,heap        ] GC(35) DefNew: 518399K(518400K)->57421K(1122048K) Eden: 460800K(460800K)->57421K(997440K) From: 57599K(57600K)->0K(124608K)
[7.025s][info][gc,heap        ] GC(35) Tenured: 1094360K(1151980K)->1495919K(2493200K)
[7.025s][info][gc,metaspace   ] GC(35) Metaspace: 6298K(6464K)->6298K(6464K) NonClass: 5765K(5824K)->5765K(5824K) Class: 533K(640K)->533K(640K)
[7.025s][info][gc             ] GC(35) Pause Full (Allocation Failure) 1516M->1516M(3530M) 1183.587ms
[7.025s][info][gc,cpu         ] GC(35) User=1.17s Sys=0.00s Real=1.18s
[8.024s][info][gc,start       ] GC(36) Pause Young (Allocation Failure)
[9.814s][info][gc,heap        ] GC(36) DefNew: 997440K(1122048K)->124607K(1122048K) Eden: 997440K(997440K)->0K(997440K) From: 0K(124608K)->124607K(124608K)
[9.814s][info][gc,heap        ] GC(36) Tenured: 1495919K(2493200K)->2368722K(2493200K)
[9.814s][info][gc,metaspace   ] GC(36) Metaspace: 6298K(6464K)->6298K(6464K) NonClass: 5765K(5824K)->5765K(5824K) Class: 533K(640K)->533K(640K)
[9.814s][info][gc             ] GC(36) Pause Young (Allocation Failure) 2434M->2434M(3530M) 1789.464ms
[9.814s][info][gc,cpu         ] GC(36) User=1.48s Sys=0.28s Real=1.79s
[10.802s][info][gc,start       ] GC(37) Pause Young (Allocation Failure)
[12.558s][info][gc             ] GC(37) Pause Young (Allocation Failure) 3408M->3408M(4383M) 1756.027ms
[12.558s][info][gc,cpu         ] GC(37) User=1.25s Sys=0.47s Real=1.76s
[12.558s][info][gc,start       ] GC(38) Pause Full (Allocation Failure)
[12.558s][info][gc,phases,start] GC(38) Phase 1: Mark live objects
[14.120s][info][gc,phases      ] GC(38) Phase 1: Mark live objects 1562.403ms
[14.120s][info][gc,phases,start] GC(38) Phase 2: Compute new object addresses
[14.633s][info][gc,phases      ] GC(38) Phase 2: Compute new object addresses 512.035ms
[14.633s][info][gc,phases,start] GC(38) Phase 3: Adjust pointers
[15.324s][info][gc,phases      ] GC(38) Phase 3: Adjust pointers 691.545ms
[15.324s][info][gc,phases,start] GC(38) Phase 4: Move objects
[15.969s][info][gc,phases      ] GC(38) Phase 4: Move objects 644.805ms
[15.978s][info][gc,heap        ] GC(38) DefNew: 1122047K(1122048K)->30371K(2524672K) Eden: 997440K(997440K)->30371K(2244160K) From: 124607K(124608K)->0K(280512K)
[15.978s][info][gc,heap        ] GC(38) Tenured: 2368722K(2493200K)->3366163K(5610276K)
[15.978s][info][gc,metaspace   ] GC(38) Metaspace: 6298K(6464K)->6298K(6464K) NonClass: 5765K(5824K)->5765K(5824K) Class: 533K(640K)->533K(640K)
[15.978s][info][gc             ] GC(38) Pause Full (Allocation Failure) 3408M->3316M(7944M) 3420.438ms
[15.978s][info][gc,cpu         ] GC(38) User=3.39s Sys=0.02s Real=3.42s
[18.248s][info][gc,start       ] GC(39) Pause Young (Allocation Failure)
[22.221s][info][gc,heap        ] GC(39) DefNew: 2244160K(2524672K)->280512K(2524672K) Eden: 2244160K(2244160K)->0K(2244160K) From: 0K(280512K)->280512K(280512K)
[22.221s][info][gc,heap        ] GC(39) Tenured: 3366163K(5610276K)->5329781K(5610276K)
[22.221s][info][gc,metaspace   ] GC(39) Metaspace: 6298K(6464K)->6298K(6464K) NonClass: 5765K(5824K)->5765K(5824K) Class: 533K(640K)->533K(640K)
[22.221s][info][gc             ] GC(39) Pause Young (Allocation Failure) 5478M->5478M(7944M) 3973.689ms
[22.221s][info][gc,cpu         ] GC(39) User=3.50s Sys=0.44s Real=3.97s
[24.365s][info][gc,start       ] GC(40) Pause Young (Allocation Failure)
[28.282s][info][gc             ] GC(40) Pause Young (Allocation Failure) 7670M->7670M(9861M) 3917.444ms
[28.282s][info][gc,cpu         ] GC(40) User=3.11s Sys=0.80s Real=3.92s
[28.282s][info][gc,start       ] GC(41) Pause Full (Allocation Failure)
[28.282s][info][gc,phases,start] GC(41) Phase 1: Mark live objects
[31.966s][info][gc,phases      ] GC(41) Phase 1: Mark live objects 3683.491ms
[31.966s][info][gc,phases,start] GC(41) Phase 2: Compute new object addresses
[33.171s][info][gc,phases      ] GC(41) Phase 2: Compute new object addresses 1205.598ms
[33.171s][info][gc,phases,start] GC(41) Phase 3: Adjust pointers
[34.493s][info][gc,phases      ] GC(41) Phase 3: Adjust pointers 1321.617ms
[34.493s][info][gc,phases,start] GC(41) Phase 4: Move objects
[34.555s][info][gc,phases      ] GC(41) Phase 4: Move objects 61.707ms
[34.625s][info][gc,heap        ] GC(41) DefNew: 2524672K(2524672K)->280499K(3962880K) Eden: 2244160K(2244160K)->280499K(3522560K) From: 280512K(280512K)->0K(440320K)
[34.625s][info][gc,heap        ] GC(41) Tenured: 5329781K(5610276K)->7573928K(8806400K)
[34.625s][info][gc,metaspace   ] GC(41) Metaspace: 6298K(6464K)->6298K(6464K) NonClass: 5765K(5824K)->5765K(5824K) Class: 533K(640K)->533K(640K)
[34.625s][info][gc             ] GC(41) Pause Full (Allocation Failure) 7670M->7670M(12470M) 6343.006ms
[34.625s][info][gc,cpu         ] GC(41) User=6.23s Sys=0.00s Real=6.34s
[37.661s][info][gc,start       ] GC(42) Pause Young (Allocation Failure)
[37.661s][info][gc             ] GC(42) Pause Young (Allocation Failure) 10836M->10836M(12470M) 0.125ms
[37.661s][info][gc,cpu         ] GC(42) User=0.00s Sys=0.00s Real=0.00s
[37.661s][info][gc,start       ] GC(43) Pause Full (Allocation Failure)
[37.661s][info][gc,phases,start] GC(43) Phase 1: Mark live objects
[42.667s][info][gc,phases      ] GC(43) Phase 1: Mark live objects 5005.966ms
[42.667s][info][gc,phases,start] GC(43) Phase 2: Compute new object addresses
[44.293s][info][gc,phases      ] GC(43) Phase 2: Compute new object addresses 1626.263ms
[44.293s][info][gc,phases,start] GC(43) Phase 3: Adjust pointers
[46.557s][info][gc,phases      ] GC(43) Phase 3: Adjust pointers 2263.763ms
[46.557s][info][gc,phases,start] GC(43) Phase 4: Move objects
[47.632s][info][gc,phases      ] GC(43) Phase 4: Move objects 1074.529ms
[47.633s][info][gc,heap        ] GC(43) DefNew: 3522560K(3962880K)->2290061K(3962880K) Eden: 3522560K(3522560K)->2290061K(3522560K) From: 0K(440320K)->0K(440320K)
[47.633s][info][gc,heap        ] GC(43) Tenured: 7573928K(8806400K)->8806399K(8806400K)
[47.633s][info][gc,metaspace   ] GC(43) Metaspace: 6298K(6464K)->6298K(6464K) NonClass: 5765K(5824K)->5765K(5824K) Class: 533K(640K)->533K(640K)
[47.633s][info][gc             ] GC(43) Pause Full (Allocation Failure) 10836M->10836M(12470M) 9971.813ms
[47.633s][info][gc,cpu         ] GC(43) User=9.59s Sys=0.30s Real=9.97s
[50.890s][info][gc,start       ] GC(44) Pause Full (Allocation Failure)
[50.891s][info][gc,phases,start] GC(44) Phase 1: Mark live objects
[56.786s][info][gc,phases      ] GC(44) Phase 1: Mark live objects 5895.039ms
[56.786s][info][gc,phases,start] GC(44) Phase 2: Compute new object addresses
[58.552s][info][gc,phases      ] GC(44) Phase 2: Compute new object addresses 1766.020ms
[58.552s][info][gc,phases,start] GC(44) Phase 3: Adjust pointers
[60.828s][info][gc,phases      ] GC(44) Phase 3: Adjust pointers 2275.857ms
[60.828s][info][gc,phases,start] GC(44) Phase 4: Move objects
[61.038s][info][gc,phases      ] GC(44) Phase 4: Move objects 210.404ms
[61.039s][info][gc,heap        ] GC(44) DefNew: 3962879K(3962880K)->3962873K(3962880K) Eden: 3522560K(3522560K)->3522559K(3522560K) From: 440319K(440320K)->440313K(440320K)
[61.039s][info][gc,heap        ] GC(44) Tenured: 8806399K(8806400K)->8806399K(8806400K)
[61.039s][info][gc,metaspace   ] GC(44) Metaspace: 6298K(6464K)->6298K(6464K) NonClass: 5765K(5824K)->5765K(5824K) Class: 533K(640K)->533K(640K)
[61.039s][info][gc             ] GC(44) Pause Full (Allocation Failure) 12469M->12469M(12470M) 10148.689ms
[61.039s][info][gc,cpu         ] GC(44) User=10.12s Sys=0.00s Real=10.15s
[61.039s][info][gc,start       ] GC(45) Pause Full (Allocation Failure)
[61.039s][info][gc,phases,start] GC(45) Phase 1: Mark live objects
[66.529s][info][gc,phases      ] GC(45) Phase 1: Mark live objects 5489.202ms
[66.529s][info][gc,phases,start] GC(45) Phase 2: Compute new object addresses
[68.183s][info][gc,phases      ] GC(45) Phase 2: Compute new object addresses 1654.305ms
[68.183s][info][gc,phases,start] GC(45) Phase 3: Adjust pointers
[70.812s][info][gc,phases      ] GC(45) Phase 3: Adjust pointers 2629.320ms
[70.812s][info][gc,phases,start] GC(45) Phase 4: Move objects
[72.721s][info][gc,phases      ] GC(45) Phase 4: Move objects 1908.055ms
[72.721s][info][gc,heap        ] GC(45) DefNew: 3962879K(3962880K)->3569663K(3962880K) Eden: 3522560K(3522560K)->3522560K(3522560K) From: 440319K(440320K)->47103K(440320K)
[72.721s][info][gc,heap        ] GC(45) Tenured: 8806399K(8806400K)->8806399K(8806400K)
[72.721s][info][gc,metaspace   ] GC(45) Metaspace: 6298K(6464K)->6298K(6464K) NonClass: 5765K(5824K)->5765K(5824K) Class: 533K(640K)->533K(640K)
[72.721s][info][gc             ] GC(45) Pause Full (Allocation Failure) 12469M->12085M(12470M) 11681.922ms
[72.721s][info][gc,cpu         ] GC(45) User=11.61s Sys=0.00s Real=11.68s
[73.784s][info][gc,start       ] GC(46) Pause Full (Allocation Failure)
[73.785s][info][gc,phases,start] GC(46) Phase 1: Mark live objects
[79.466s][info][gc,phases      ] GC(46) Phase 1: Mark live objects 5681.534ms
[79.466s][info][gc,phases,start] GC(46) Phase 2: Compute new object addresses
[81.175s][info][gc,phases      ] GC(46) Phase 2: Compute new object addresses 1709.034ms
[81.175s][info][gc,phases,start] GC(46) Phase 3: Adjust pointers
[83.492s][info][gc,phases      ] GC(46) Phase 3: Adjust pointers 2316.521ms
[83.492s][info][gc,phases,start] GC(46) Phase 4: Move objects
[83.492s][info][gc,phases      ] GC(46) Phase 4: Move objects 0.016ms
[83.493s][info][gc,heap        ] GC(46) DefNew: 3962879K(3962880K)->3962879K(3962880K) Eden: 3522560K(3522560K)->3522560K(3522560K) From: 440319K(440320K)->440319K(440320K)
[83.493s][info][gc,heap        ] GC(46) Tenured: 8806399K(8806400K)->8806399K(8806400K)
[83.493s][info][gc,metaspace   ] GC(46) Metaspace: 6298K(6464K)->6298K(6464K) NonClass: 5765K(5824K)->5765K(5824K) Class: 533K(640K)->533K(640K)
[83.493s][info][gc             ] GC(46) Pause Full (Allocation Failure) 12469M->12469M(12470M) 9708.108ms
[83.493s][info][gc,cpu         ] GC(46) User=9.58s Sys=0.02s Real=9.71s
[83.493s][info][gc,start       ] GC(47) Pause Full (Allocation Failure)
[83.493s][info][gc,phases,start] GC(47) Phase 1: Mark live objects
[89.164s][info][gc,phases      ] GC(47) Phase 1: Mark live objects 5671.547ms
[89.164s][info][gc,phases,start] GC(47) Phase 2: Compute new object addresses
[90.877s][info][gc,phases      ] GC(47) Phase 2: Compute new object addresses 1712.478ms
[90.877s][info][gc,phases,start] GC(47) Phase 3: Adjust pointers
[93.671s][info][gc,phases      ] GC(47) Phase 3: Adjust pointers 2793.984ms
[93.671s][info][gc,phases,start] GC(47) Phase 4: Move objects
[95.742s][info][gc,phases      ] GC(47) Phase 4: Move objects 2071.182ms
[95.743s][info][gc,heap        ] GC(47) DefNew: 3962879K(3962880K)->3962875K(3962880K) Eden: 3522560K(3522560K)->3522560K(3522560K) From: 440319K(440320K)->440315K(440320K)
[95.743s][info][gc,heap        ] GC(47) Tenured: 8806399K(8806400K)->8806399K(8806400K)
[95.743s][info][gc,metaspace   ] GC(47) Metaspace: 6298K(6464K)->6297K(6464K) NonClass: 5765K(5824K)->5764K(5824K) Class: 533K(640K)->532K(640K)
[95.743s][info][gc             ] GC(47) Pause Full (Allocation Failure) 12469M->12469M(12470M) 12250.247ms
[95.743s][info][gc,cpu         ] GC(47) User=12.17s Sys=0.00s Real=12.25s
[95.743s][info][gc,start       ] GC(48) Pause Full (Allocation Failure)
[95.744s][info][gc,phases,start] GC(48) Phase 1: Mark live objects
[101.418s][info][gc,phases      ] GC(48) Phase 1: Mark live objects 5674.346ms
[101.418s][info][gc,phases,start] GC(48) Phase 2: Compute new object addresses
[103.137s][info][gc,phases      ] GC(48) Phase 2: Compute new object addresses 1719.045ms
[103.137s][info][gc,phases,start] GC(48) Phase 3: Adjust pointers
[105.453s][info][gc,phases      ] GC(48) Phase 3: Adjust pointers 2316.036ms
[105.453s][info][gc,phases,start] GC(48) Phase 4: Move objects
[105.453s][info][gc,phases      ] GC(48) Phase 4: Move objects 0.017ms
[105.454s][info][gc,heap        ] GC(48) DefNew: 3962879K(3962880K)->3962879K(3962880K) Eden: 3522560K(3522560K)->3522560K(3522560K) From: 440319K(440320K)->440319K(440320K)
[105.454s][info][gc,heap        ] GC(48) Tenured: 8806399K(8806400K)->8806399K(8806400K)
[105.454s][info][gc,metaspace   ] GC(48) Metaspace: 6297K(6464K)->6297K(6464K) NonClass: 5764K(5824K)->5764K(5824K) Class: 532K(640K)->532K(640K)
[105.454s][info][gc             ] GC(48) Pause Full (Allocation Failure) 12469M->12469M(12470M) 9710.385ms
[105.454s][info][gc,cpu         ] GC(48) User=9.64s Sys=0.02s Real=9.71s
[105.454s][info][gc,start       ] GC(49) Pause Full (Allocation Failure)
[105.454s][info][gc,phases,start] GC(49) Phase 1: Mark live objects
[111.128s][info][gc,phases      ] GC(49) Phase 1: Mark live objects 5674.458ms
[111.128s][info][gc,phases,start] GC(49) Phase 2: Compute new object addresses
[112.863s][info][gc,phases      ] GC(49) Phase 2: Compute new object addresses 1734.273ms
[112.863s][info][gc,phases,start] GC(49) Phase 3: Adjust pointers
[115.204s][info][gc,phases      ] GC(49) Phase 3: Adjust pointers 2340.998ms
[115.204s][info][gc,phases,start] GC(49) Phase 4: Move objects
[115.204s][info][gc,phases      ] GC(49) Phase 4: Move objects 0.017ms
[115.205s][info][gc,heap        ] GC(49) DefNew: 3962879K(3962880K)->3962879K(3962880K) Eden: 3522560K(3522560K)->3522560K(3522560K) From: 440319K(440320K)->440319K(440320K)
[115.205s][info][gc,heap        ] GC(49) Tenured: 8806399K(8806400K)->8806399K(8806400K)
[115.205s][info][gc,metaspace   ] GC(49) Metaspace: 6297K(6464K)->6297K(6464K) NonClass: 5764K(5824K)->5764K(5824K) Class: 532K(640K)->532K(640K)
[115.205s][info][gc             ] GC(49) Pause Full (Allocation Failure) 12469M->12469M(12470M) 9750.912ms
[115.205s][info][gc,cpu         ] GC(49) User=9.77s Sys=0.00s Real=9.75s
[115.205s][info][gc,start       ] GC(50) Pause Full (Allocation Failure)
[115.206s][info][gc,phases,start] GC(50) Phase 1: Mark live objects
[120.879s][info][gc,phases      ] GC(50) Phase 1: Mark live objects 5673.584ms
[120.879s][info][gc,phases,start] GC(50) Phase 2: Compute new object addresses
[122.597s][info][gc,phases      ] GC(50) Phase 2: Compute new object addresses 1717.908ms
[122.597s][info][gc,phases,start] GC(50) Phase 3: Adjust pointers
[124.923s][info][gc,phases      ] GC(50) Phase 3: Adjust pointers 2325.408ms
[124.923s][info][gc,phases,start] GC(50) Phase 4: Move objects
[124.923s][info][gc,phases      ] GC(50) Phase 4: Move objects 0.016ms
[124.923s][info][gc,heap        ] GC(50) DefNew: 3962879K(3962880K)->3962879K(3962880K) Eden: 3522560K(3522560K)->3522560K(3522560K) From: 440319K(440320K)->440319K(440320K)
[124.923s][info][gc,heap        ] GC(50) Tenured: 8806399K(8806400K)->8806399K(8806400K)
[124.923s][info][gc,metaspace   ] GC(50) Metaspace: 6297K(6464K)->6297K(6464K) NonClass: 5764K(5824K)->5764K(5824K) Class: 532K(640K)->532K(640K)
[124.923s][info][gc             ] GC(50) Pause Full (Allocation Failure) 12469M->12469M(12470M) 9717.890ms
[124.923s][info][gc,cpu         ] GC(50) User=9.64s Sys=0.00s Real=9.72s
[124.923s][info][gc,start       ] GC(51) Pause Full (Allocation Failure)
[124.923s][info][gc,phases,start] GC(51) Phase 1: Mark live objects
[130.582s][info][gc,phases      ] GC(51) Phase 1: Mark live objects 5658.476ms
[130.582s][info][gc,phases,start] GC(51) Phase 2: Compute new object addresses
[132.303s][info][gc,phases      ] GC(51) Phase 2: Compute new object addresses 1721.060ms
[132.303s][info][gc,phases,start] GC(51) Phase 3: Adjust pointers
[135.097s][info][gc,phases      ] GC(51) Phase 3: Adjust pointers 2793.849ms
[135.097s][info][gc,phases,start] GC(51) Phase 4: Move objects
[137.143s][info][gc,phases      ] GC(51) Phase 4: Move objects 2046.321ms
[137.144s][info][gc,heap        ] GC(51) DefNew: 3962879K(3962880K)->3962878K(3962880K) Eden: 3522560K(3522560K)->3522560K(3522560K) From: 440319K(440320K)->440318K(440320K)
[137.144s][info][gc,heap        ] GC(51) Tenured: 8806399K(8806400K)->8806399K(8806400K)
[137.144s][info][gc,metaspace   ] GC(51) Metaspace: 6297K(6464K)->6297K(6464K) NonClass: 5764K(5824K)->5764K(5824K) Class: 532K(640K)->532K(640K)
[137.144s][info][gc             ] GC(51) Pause Full (Allocation Failure) 12469M->12469M(12470M) 12220.788ms
[137.144s][info][gc,cpu         ] GC(51) User=12.17s Sys=0.00s Real=12.22s
[137.145s][info][gc,start       ] GC(52) Pause Full (Allocation Failure)
[137.145s][info][gc,phases,start] GC(52) Phase 1: Mark live objects
[142.942s][info][gc,phases      ] GC(52) Phase 1: Mark live objects 5797.094ms
[142.942s][info][gc,phases,start] GC(52) Phase 2: Compute new object addresses
[144.661s][info][gc,phases      ] GC(52) Phase 2: Compute new object addresses 1718.681ms
[144.661s][info][gc,phases,start] GC(52) Phase 3: Adjust pointers
[146.970s][info][gc,phases      ] GC(52) Phase 3: Adjust pointers 2308.831ms
[146.970s][info][gc,phases,start] GC(52) Phase 4: Move objects
[146.970s][info][gc,phases      ] GC(52) Phase 4: Move objects 0.017ms
[146.971s][info][gc,heap        ] GC(52) DefNew: 3962879K(3962880K)->3962878K(3962880K) Eden: 3522560K(3522560K)->3522560K(3522560K) From: 440319K(440320K)->440318K(440320K)
[146.971s][info][gc,heap        ] GC(52) Tenured: 8806399K(8806400K)->8806399K(8806400K)
[146.971s][info][gc,metaspace   ] GC(52) Metaspace: 6299K(6464K)->6299K(6464K) NonClass: 5765K(5824K)->5765K(5824K) Class: 533K(640K)->533K(640K)
[146.971s][info][gc             ] GC(52) Pause Full (Allocation Failure) 12469M->12469M(12470M) 9825.665ms
[146.971s][info][gc,cpu         ] GC(52) User=9.72s Sys=0.00s Real=9.83s
[146.971s][info][gc,heap,exit   ] Heap
[146.971s][info][gc,heap,exit   ]  def new generation   total 3962880K, used 3962879K [0x00000004d9c00000, 0x00000005e6800000, 0x00000005e6800000)
[146.971s][info][gc,heap,exit   ]   eden space 3522560K, 100% used [0x00000004d9c00000, 0x00000005b0c00000, 0x00000005b0c00000)
[146.971s][info][gc,heap,exit   ]   from space 440320K,  99% used [0x00000005b0c00000, 0x00000005cb9fff60, 0x00000005cba00000)
[146.971s][info][gc,heap,exit   ]   to   space 440320K,   0% used [0x00000005cba00000, 0x00000005cba00000, 0x00000005e6800000)
[146.971s][info][gc,heap,exit   ]  tenured generation   total 8806400K, used 8806399K [0x00000005e6800000, 0x0000000800000000, 0x0000000800000000)
[146.971s][info][gc,heap,exit   ]    the space 8806400K,  99% used [0x00000005e6800000, 0x00000007ffffff88, 0x0000000800000000, 0x0000000800000000)
[146.971s][info][gc,heap,exit   ]  Metaspace       used 6302K, committed 6464K, reserved 1114112K
[146.971s][info][gc,heap,exit   ]   class space    used 534K, committed 640K, reserved 1048576K
