[0.011s][info][gc,init] CardTable entry size: 512
[0.011s][info][gc     ] Using Serial
[0.011s][info][gc,init] Version: 18.0.1+10 (release)
[0.012s][info][gc,init] CPUs: 8 total, 8 available
[0.012s][info][gc,init] Memory: 16063M
[0.012s][info][gc,init] Large Page Support: Disabled
[0.012s][info][gc,init] NUMA Support: Disabled
[0.012s][info][gc,init] Compressed Oops: Enabled (Zero based)
[0.012s][info][gc,init] Heap Min Capacity: 2M
[0.012s][info][gc,init] Heap Initial Capacity: 2M
[0.012s][info][gc,init] Heap Max Capacity: 2600M
[0.012s][info][gc,init] Pre-touch: Disabled
[0.012s][info][gc,metaspace] CDS archive(s) not mapped
[0.012s][info][gc,metaspace] Compressed class space mapped at: 0x0000000800000000-0x0000000840000000, reserved size: 1073741824
[0.012s][info][gc,metaspace] Narrow klass base: 0x0000000800000000, Narrow klass shift: 0, Narrow klass range: 0x40000000
[0.191s][info][gc,start    ] GC(0) Pause Young (Allocation Failure)
[0.192s][info][gc,heap     ] GC(0) DefNew: 1023K(1152K)->127K(1152K) Eden: 1023K(1024K)->0K(1024K) From: 0K(128K)->127K(128K)
[0.192s][info][gc,heap     ] GC(0) Tenured: 0K(768K)->439K(768K)
[0.192s][info][gc,metaspace] GC(0) Metaspace: 5899K(6016K)->5899K(6016K) NonClass: 5399K(5504K)->5399K(5504K) Class: 499K(512K)->499K(512K)
[0.192s][info][gc          ] GC(0) Pause Young (Allocation Failure) 0M->0M(1M) 1.434ms
[0.192s][info][gc,cpu      ] GC(0) User=0.00s Sys=0.00s Real=0.00s
[0.212s][info][gc,start    ] GC(1) Pause Young (Allocation Failure)
[0.214s][info][gc          ] GC(1) Pause Young (Allocation Failure) 1M->0M(2M) 1.177ms
[0.214s][info][gc,cpu      ] GC(1) User=0.00s Sys=0.00s Real=0.00s
[0.214s][info][gc,start    ] GC(2) Pause Full (Allocation Failure)
[0.214s][info][gc,phases,start] GC(2) Phase 1: Mark live objects
[0.215s][info][gc,phases      ] GC(2) Phase 1: Mark live objects 1.082ms
[0.215s][info][gc,phases,start] GC(2) Phase 2: Compute new object addresses
[0.215s][info][gc,phases      ] GC(2) Phase 2: Compute new object addresses 0.236ms
[0.215s][info][gc,phases,start] GC(2) Phase 3: Adjust pointers
[0.216s][info][gc,phases      ] GC(2) Phase 3: Adjust pointers 0.487ms
[0.216s][info][gc,phases,start] GC(2) Phase 4: Move objects
[0.216s][info][gc,phases      ] GC(2) Phase 4: Move objects 0.062ms
[0.216s][info][gc,heap        ] GC(2) DefNew: 1151K(1152K)->40K(1152K) Eden: 1024K(1024K)->40K(1024K) From: 127K(128K)->0K(128K)
[0.216s][info][gc,heap        ] GC(2) Tenured: 439K(768K)->959K(1600K)
[0.216s][info][gc,metaspace   ] GC(2) Metaspace: 6296K(6464K)->6296K(6464K) NonClass: 5763K(5824K)->5763K(5824K) Class: 533K(640K)->533K(640K)
[0.216s][info][gc             ] GC(2) Pause Full (Allocation Failure) 0M->0M(2M) 2.164ms
[0.216s][info][gc,cpu         ] GC(2) User=0.00s Sys=0.00s Real=0.00s
[0.217s][info][gc,start       ] GC(3) Pause Young (Allocation Failure)
[0.219s][info][gc,heap        ] GC(3) DefNew: 1024K(1152K)->128K(1152K) Eden: 1024K(1024K)->0K(1024K) From: 0K(128K)->128K(128K)
[0.219s][info][gc,heap        ] GC(3) Tenured: 959K(1600K)->1375K(1600K)
[0.219s][info][gc,metaspace   ] GC(3) Metaspace: 6296K(6464K)->6296K(6464K) NonClass: 5763K(5824K)->5763K(5824K) Class: 533K(640K)->533K(640K)
[0.219s][info][gc             ] GC(3) Pause Young (Allocation Failure) 1M->1M(2M) 1.408ms
[0.219s][info][gc,cpu         ] GC(3) User=0.02s Sys=0.00s Real=0.00s
[0.220s][info][gc,start       ] GC(4) Pause Young (Allocation Failure)
[0.221s][info][gc             ] GC(4) Pause Young (Allocation Failure) 2M->1M(3M) 1.263ms
[0.221s][info][gc,cpu         ] GC(4) User=0.00s Sys=0.00s Real=0.00s
[0.221s][info][gc,start       ] GC(5) Pause Full (Allocation Failure)
[0.221s][info][gc,phases,start] GC(5) Phase 1: Mark live objects
[0.223s][info][gc,phases      ] GC(5) Phase 1: Mark live objects 1.606ms
[0.223s][info][gc,phases,start] GC(5) Phase 2: Compute new object addresses
[0.223s][info][gc,phases      ] GC(5) Phase 2: Compute new object addresses 0.372ms
[0.223s][info][gc,phases,start] GC(5) Phase 3: Adjust pointers
[0.224s][info][gc,phases      ] GC(5) Phase 3: Adjust pointers 0.618ms
[0.224s][info][gc,phases,start] GC(5) Phase 4: Move objects
[0.224s][info][gc,phases      ] GC(5) Phase 4: Move objects 0.070ms
[0.224s][info][gc,heap        ] GC(5) DefNew: 1152K(1152K)->35K(1536K) Eden: 1024K(1024K)->35K(1408K) From: 128K(128K)->0K(128K)
[0.224s][info][gc,heap        ] GC(5) Tenured: 1375K(1600K)->1983K(3308K)
[0.224s][info][gc,metaspace   ] GC(5) Metaspace: 6296K(6464K)->6296K(6464K) NonClass: 5763K(5824K)->5763K(5824K) Class: 533K(640K)->533K(640K)
[0.224s][info][gc             ] GC(5) Pause Full (Allocation Failure) 1M->1M(4M) 2.968ms
[0.224s][info][gc,cpu         ] GC(5) User=0.00s Sys=0.00s Real=0.00s
[0.226s][info][gc,start       ] GC(6) Pause Young (Allocation Failure)
[0.228s][info][gc,heap        ] GC(6) DefNew: 1407K(1536K)->127K(1536K) Eden: 1407K(1408K)->0K(1408K) From: 0K(128K)->127K(128K)
[0.228s][info][gc,heap        ] GC(6) Tenured: 1983K(3308K)->2617K(3308K)
[0.228s][info][gc,metaspace   ] GC(6) Metaspace: 6296K(6464K)->6296K(6464K) NonClass: 5763K(5824K)->5763K(5824K) Class: 533K(640K)->533K(640K)
[0.228s][info][gc             ] GC(6) Pause Young (Allocation Failure) 3M->2M(4M) 1.817ms
[0.228s][info][gc,cpu         ] GC(6) User=0.00s Sys=0.00s Real=0.00s
[0.230s][info][gc,start       ] GC(7) Pause Young (Allocation Failure)
[0.232s][info][gc             ] GC(7) Pause Young (Allocation Failure) 4M->3M(4M) 1.904ms
[0.232s][info][gc,cpu         ] GC(7) User=0.00s Sys=0.00s Real=0.00s
[0.232s][info][gc,start       ] GC(8) Pause Full (Allocation Failure)
[0.232s][info][gc,phases,start] GC(8) Phase 1: Mark live objects
[0.234s][info][gc,phases      ] GC(8) Phase 1: Mark live objects 2.003ms
[0.234s][info][gc,phases,start] GC(8) Phase 2: Compute new object addresses
[0.235s][info][gc,phases      ] GC(8) Phase 2: Compute new object addresses 0.671ms
[0.235s][info][gc,phases,start] GC(8) Phase 3: Adjust pointers
[0.236s][info][gc,phases      ] GC(8) Phase 3: Adjust pointers 1.038ms
[0.236s][info][gc,phases,start] GC(8) Phase 4: Move objects
[0.236s][info][gc,phases      ] GC(8) Phase 4: Move objects 0.079ms
[0.236s][info][gc,heap        ] GC(8) DefNew: 1535K(1536K)->0K(2688K) Eden: 1408K(1408K)->0K(2432K) From: 127K(128K)->0K(256K)
[0.236s][info][gc,heap        ] GC(8) Tenured: 2617K(3308K)->3460K(5768K)
[0.236s][info][gc,metaspace   ] GC(8) Metaspace: 6296K(6464K)->6296K(6464K) NonClass: 5763K(5824K)->5763K(5824K) Class: 533K(640K)->533K(640K)
[0.236s][info][gc             ] GC(8) Pause Full (Allocation Failure) 3M->3M(8M) 4.117ms
[0.236s][info][gc,cpu         ] GC(8) User=0.02s Sys=0.00s Real=0.01s
[0.240s][info][gc,start       ] GC(9) Pause Young (Allocation Failure)
[0.243s][info][gc,heap        ] GC(9) DefNew: 2431K(2688K)->256K(2688K) Eden: 2431K(2432K)->0K(2432K) From: 0K(256K)->256K(256K)
[0.243s][info][gc,heap        ] GC(9) Tenured: 3460K(5768K)->4512K(5768K)
[0.243s][info][gc,metaspace   ] GC(9) Metaspace: 6296K(6464K)->6296K(6464K) NonClass: 5763K(5824K)->5763K(5824K) Class: 533K(640K)->533K(640K)
[0.243s][info][gc             ] GC(9) Pause Young (Allocation Failure) 5M->4M(8M) 3.439ms
[0.243s][info][gc,cpu         ] GC(9) User=0.00s Sys=0.00s Real=0.00s
[0.246s][info][gc,start       ] GC(10) Pause Young (Allocation Failure)
[0.249s][info][gc,heap        ] GC(10) DefNew: 2688K(2688K)->255K(2688K) Eden: 2432K(2432K)->0K(2432K) From: 256K(256K)->255K(256K)
[0.250s][info][gc,heap        ] GC(10) Tenured: 4512K(5768K)->5755K(5768K)
[0.250s][info][gc,metaspace   ] GC(10) Metaspace: 6296K(6464K)->6296K(6464K) NonClass: 5763K(5824K)->5763K(5824K) Class: 533K(640K)->533K(640K)
[0.250s][info][gc             ] GC(10) Pause Young (Allocation Failure) 7M->5M(8M) 3.436ms
[0.250s][info][gc,cpu         ] GC(10) User=0.00s Sys=0.00s Real=0.00s
[0.253s][info][gc,start       ] GC(11) Pause Young (Allocation Failure)
[0.257s][info][gc             ] GC(11) Pause Young (Allocation Failure) 8M->7M(9M) 3.707ms
[0.257s][info][gc,cpu         ] GC(11) User=0.00s Sys=0.00s Real=0.00s
[0.257s][info][gc,start       ] GC(12) Pause Full (Allocation Failure)
[0.257s][info][gc,phases,start] GC(12) Phase 1: Mark live objects
[0.262s][info][gc,phases      ] GC(12) Phase 1: Mark live objects 4.804ms
[0.262s][info][gc,phases,start] GC(12) Phase 2: Compute new object addresses
[0.263s][info][gc,phases      ] GC(12) Phase 2: Compute new object addresses 1.429ms
[0.263s][info][gc,phases,start] GC(12) Phase 3: Adjust pointers
[0.265s][info][gc,phases      ] GC(12) Phase 3: Adjust pointers 1.973ms
[0.265s][info][gc,phases,start] GC(12) Phase 4: Move objects
[0.267s][info][gc,phases      ] GC(12) Phase 4: Move objects 1.409ms
[0.267s][info][gc,heap        ] GC(12) DefNew: 2687K(2688K)->0K(5376K) Eden: 2432K(2432K)->0K(4800K) From: 255K(256K)->0K(576K)
[0.267s][info][gc,heap        ] GC(12) Tenured: 5755K(5768K)->7132K(11888K)
[0.267s][info][gc,metaspace   ] GC(12) Metaspace: 6296K(6464K)->6296K(6464K) NonClass: 5763K(5824K)->5763K(5824K) Class: 533K(640K)->533K(640K)
[0.267s][info][gc             ] GC(12) Pause Full (Allocation Failure) 7M->6M(16M) 10.194ms
[0.267s][info][gc,cpu         ] GC(12) User=0.00s Sys=0.00s Real=0.01s
[0.272s][info][gc,start       ] GC(13) Pause Young (Allocation Failure)
[0.278s][info][gc,heap        ] GC(13) DefNew: 4800K(5376K)->575K(5376K) Eden: 4800K(4800K)->0K(4800K) From: 0K(576K)->575K(576K)
[0.278s][info][gc,heap        ] GC(13) Tenured: 7132K(11888K)->9027K(11888K)
[0.278s][info][gc,metaspace   ] GC(13) Metaspace: 6296K(6464K)->6296K(6464K) NonClass: 5763K(5824K)->5763K(5824K) Class: 533K(640K)->533K(640K)
[0.278s][info][gc             ] GC(13) Pause Young (Allocation Failure) 11M->9M(16M) 6.428ms
[0.278s][info][gc,cpu         ] GC(13) User=0.00s Sys=0.00s Real=0.01s
[0.283s][info][gc,start       ] GC(14) Pause Young (Allocation Failure)
[0.289s][info][gc,heap        ] GC(14) DefNew: 5375K(5376K)->576K(5376K) Eden: 4800K(4800K)->0K(4800K) From: 575K(576K)->576K(576K)
[0.289s][info][gc,heap        ] GC(14) Tenured: 9027K(11888K)->11746K(11888K)
[0.289s][info][gc,metaspace   ] GC(14) Metaspace: 6296K(6464K)->6296K(6464K) NonClass: 5763K(5824K)->5763K(5824K) Class: 533K(640K)->533K(640K)
[0.289s][info][gc             ] GC(14) Pause Young (Allocation Failure) 14M->12M(16M) 6.165ms
[0.289s][info][gc,cpu         ] GC(14) User=0.00s Sys=0.00s Real=0.01s
[0.293s][info][gc,start       ] GC(15) Pause Young (Allocation Failure)
[0.299s][info][gc             ] GC(15) Pause Young (Allocation Failure) 16M->14M(19M) 5.279ms
[0.299s][info][gc,cpu         ] GC(15) User=0.02s Sys=0.00s Real=0.00s
[0.299s][info][gc,start       ] GC(16) Pause Full (Allocation Failure)
[0.299s][info][gc,phases,start] GC(16) Phase 1: Mark live objects
[0.306s][info][gc,phases      ] GC(16) Phase 1: Mark live objects 7.494ms
[0.306s][info][gc,phases,start] GC(16) Phase 2: Compute new object addresses
[0.309s][info][gc,phases      ] GC(16) Phase 2: Compute new object addresses 2.369ms
[0.309s][info][gc,phases,start] GC(16) Phase 3: Adjust pointers
[0.312s][info][gc,phases      ] GC(16) Phase 3: Adjust pointers 2.882ms
[0.312s][info][gc,phases,start] GC(16) Phase 4: Move objects
[0.312s][info][gc,phases      ] GC(16) Phase 4: Move objects 0.179ms
[0.312s][info][gc,heap        ] GC(16) DefNew: 5376K(5376K)->387K(10880K) Eden: 4800K(4800K)->387K(9728K) From: 576K(576K)->0K(1152K)
[0.312s][info][gc,heap        ] GC(16) Tenured: 11746K(11888K)->14384K(23976K)
[0.312s][info][gc,metaspace   ] GC(16) Metaspace: 6298K(6464K)->6298K(6464K) NonClass: 5765K(5824K)->5765K(5824K) Class: 533K(640K)->533K(640K)
[0.312s][info][gc             ] GC(16) Pause Full (Allocation Failure) 14M->14M(34M) 13.317ms
[0.312s][info][gc,cpu         ] GC(16) User=0.02s Sys=0.00s Real=0.01s
[0.321s][info][gc,start       ] GC(17) Pause Young (Allocation Failure)
[0.334s][info][gc,heap        ] GC(17) DefNew: 9728K(10880K)->1151K(10880K) Eden: 9728K(9728K)->0K(9728K) From: 0K(1152K)->1151K(1152K)
[0.334s][info][gc,heap        ] GC(17) Tenured: 14384K(23976K)->18415K(23976K)
[0.334s][info][gc,metaspace   ] GC(17) Metaspace: 6298K(6464K)->6298K(6464K) NonClass: 5765K(5824K)->5765K(5824K) Class: 533K(640K)->533K(640K)
[0.334s][info][gc             ] GC(17) Pause Young (Allocation Failure) 23M->19M(34M) 12.798ms
[0.334s][info][gc,cpu         ] GC(17) User=0.00s Sys=0.00s Real=0.01s
[0.342s][info][gc,start       ] GC(18) Pause Young (Allocation Failure)
[0.354s][info][gc,heap        ] GC(18) DefNew: 10879K(10880K)->1151K(10880K) Eden: 9728K(9728K)->0K(9728K) From: 1151K(1152K)->1151K(1152K)
[0.354s][info][gc,heap        ] GC(18) Tenured: 18415K(23976K)->23936K(23976K)
[0.354s][info][gc,metaspace   ] GC(18) Metaspace: 6298K(6464K)->6298K(6464K) NonClass: 5765K(5824K)->5765K(5824K) Class: 533K(640K)->533K(640K)
[0.354s][info][gc             ] GC(18) Pause Young (Allocation Failure) 28M->24M(34M) 11.887ms
[0.354s][info][gc,cpu         ] GC(18) User=0.00s Sys=0.00s Real=0.01s
[0.359s][info][gc,start       ] GC(19) Pause Young (Allocation Failure)
[0.371s][info][gc             ] GC(19) Pause Young (Allocation Failure) 34M->29M(38M) 12.342ms
[0.371s][info][gc,cpu         ] GC(19) User=0.00s Sys=0.00s Real=0.01s
[0.371s][info][gc,start       ] GC(20) Pause Full (Allocation Failure)
[0.371s][info][gc,phases,start] GC(20) Phase 1: Mark live objects
[0.385s][info][gc,phases      ] GC(20) Phase 1: Mark live objects 13.819ms
[0.385s][info][gc,phases,start] GC(20) Phase 2: Compute new object addresses
[0.390s][info][gc,phases      ] GC(20) Phase 2: Compute new object addresses 4.627ms
[0.390s][info][gc,phases,start] GC(20) Phase 3: Adjust pointers
[0.396s][info][gc,phases      ] GC(20) Phase 3: Adjust pointers 5.743ms
[0.396s][info][gc,phases,start] GC(20) Phase 4: Move objects
[0.396s][info][gc,phases      ] GC(20) Phase 4: Move objects 0.169ms
[0.396s][info][gc,heap        ] GC(20) DefNew: 10879K(10880K)->1080K(21888K) Eden: 9728K(9728K)->1080K(19520K) From: 1151K(1152K)->0K(2368K)
[0.396s][info][gc,heap        ] GC(20) Tenured: 23936K(23976K)->29036K(48396K)
[0.396s][info][gc,metaspace   ] GC(20) Metaspace: 6298K(6464K)->6298K(6464K) NonClass: 5765K(5824K)->5765K(5824K) Class: 533K(640K)->533K(640K)
[0.396s][info][gc             ] GC(20) Pause Full (Allocation Failure) 29M->29M(68M) 24.747ms
[0.396s][info][gc,cpu         ] GC(20) User=0.03s Sys=0.00s Real=0.02s
[0.413s][info][gc,start       ] GC(21) Pause Young (Allocation Failure)
[0.441s][info][gc,heap        ] GC(21) DefNew: 19520K(21888K)->2367K(21888K) Eden: 19520K(19520K)->0K(19520K) From: 0K(2368K)->2367K(2368K)
[0.441s][info][gc,heap        ] GC(21) Tenured: 29036K(48396K)->39362K(48396K)
[0.441s][info][gc,metaspace   ] GC(21) Metaspace: 6298K(6464K)->6298K(6464K) NonClass: 5765K(5824K)->5765K(5824K) Class: 533K(640K)->533K(640K)
[0.441s][info][gc             ] GC(21) Pause Young (Allocation Failure) 47M->40M(68M) 28.128ms
[0.441s][info][gc,cpu         ] GC(21) User=0.02s Sys=0.00s Real=0.03s
[0.461s][info][gc,start       ] GC(22) Pause Young (Allocation Failure)
[0.498s][info][gc             ] GC(22) Pause Young (Allocation Failure) 59M->59M(78M) 36.923ms
[0.498s][info][gc,cpu         ] GC(22) User=0.03s Sys=0.00s Real=0.04s
[0.498s][info][gc,start       ] GC(23) Pause Full (Allocation Failure)
[0.498s][info][gc,phases,start] GC(23) Phase 1: Mark live objects
[0.523s][info][gc,phases      ] GC(23) Phase 1: Mark live objects 24.892ms
[0.523s][info][gc,phases,start] GC(23) Phase 2: Compute new object addresses
[0.533s][info][gc,phases      ] GC(23) Phase 2: Compute new object addresses 10.088ms
[0.533s][info][gc,phases,start] GC(23) Phase 3: Adjust pointers
[0.544s][info][gc,phases      ] GC(23) Phase 3: Adjust pointers 11.376ms
[0.545s][info][gc,phases,start] GC(23) Phase 4: Move objects
[0.545s][info][gc,phases      ] GC(23) Phase 4: Move objects 0.541ms
[0.545s][info][gc,heap        ] GC(23) DefNew: 21887K(21888K)->2263K(44288K) Eden: 19520K(19520K)->2263K(39424K) From: 2367K(2368K)->0K(4864K)
[0.545s][info][gc,heap        ] GC(23) Tenured: 39362K(48396K)->58956K(98260K)
[0.545s][info][gc,metaspace   ] GC(23) Metaspace: 6298K(6464K)->6298K(6464K) NonClass: 5765K(5824K)->5765K(5824K) Class: 533K(640K)->533K(640K)
[0.546s][info][gc             ] GC(23) Pause Full (Allocation Failure) 59M->59M(139M) 47.657ms
[0.546s][info][gc,cpu         ] GC(23) User=0.05s Sys=0.00s Real=0.05s
[0.589s][info][gc,start       ] GC(24) Pause Young (Allocation Failure)
[0.651s][info][gc,heap        ] GC(24) DefNew: 39424K(44288K)->4863K(44288K) Eden: 39424K(39424K)->0K(39424K) From: 0K(4864K)->4863K(4864K)
[0.651s][info][gc,heap        ] GC(24) Tenured: 58956K(98260K)->93487K(98260K)
[0.651s][info][gc,metaspace   ] GC(24) Metaspace: 6298K(6464K)->6298K(6464K) NonClass: 5765K(5824K)->5765K(5824K) Class: 533K(640K)->533K(640K)
[0.651s][info][gc             ] GC(24) Pause Young (Allocation Failure) 96M->96M(139M) 62.065ms
[0.651s][info][gc,cpu         ] GC(24) User=0.05s Sys=0.00s Real=0.06s
[0.684s][info][gc,start       ] GC(25) Pause Young (Allocation Failure)
[0.752s][info][gc             ] GC(25) Pause Young (Allocation Failure) 134M->134M(173M) 68.029ms
[0.752s][info][gc,cpu         ] GC(25) User=0.05s Sys=0.02s Real=0.07s
[0.752s][info][gc,start       ] GC(26) Pause Full (Allocation Failure)
[0.752s][info][gc,phases,start] GC(26) Phase 1: Mark live objects
[0.824s][info][gc,phases      ] GC(26) Phase 1: Mark live objects 72.174ms
[0.824s][info][gc,phases,start] GC(26) Phase 2: Compute new object addresses
[0.848s][info][gc,phases      ] GC(26) Phase 2: Compute new object addresses 23.939ms
[0.848s][info][gc,phases,start] GC(26) Phase 3: Adjust pointers
[0.876s][info][gc,phases      ] GC(26) Phase 3: Adjust pointers 28.453ms
[0.877s][info][gc,phases,start] GC(26) Phase 4: Move objects
[0.906s][info][gc,phases      ] GC(26) Phase 4: Move objects 29.846ms
[0.907s][info][gc,heap        ] GC(26) DefNew: 44287K(44288K)->1017K(99712K) Eden: 39424K(39424K)->1017K(88640K) From: 4863K(4864K)->0K(11072K)
[0.907s][info][gc,heap        ] GC(26) Tenured: 93487K(98260K)->132887K(221480K)
[0.907s][info][gc,metaspace   ] GC(26) Metaspace: 6298K(6464K)->6298K(6464K) NonClass: 5765K(5824K)->5765K(5824K) Class: 533K(640K)->533K(640K)
[0.907s][info][gc             ] GC(26) Pause Full (Allocation Failure) 134M->130M(313M) 155.273ms
[0.907s][info][gc,cpu         ] GC(26) User=0.12s Sys=0.00s Real=0.16s
[1.010s][info][gc,start       ] GC(27) Pause Young (Allocation Failure)
[1.177s][info][gc,heap        ] GC(27) DefNew: 88640K(99712K)->11071K(99712K) Eden: 88640K(88640K)->0K(88640K) From: 0K(11072K)->11071K(11072K)
[1.177s][info][gc,heap        ] GC(27) Tenured: 132887K(221480K)->210426K(221480K)
[1.177s][info][gc,metaspace   ] GC(27) Metaspace: 6298K(6464K)->6298K(6464K) NonClass: 5765K(5824K)->5765K(5824K) Class: 533K(640K)->533K(640K)
[1.177s][info][gc             ] GC(27) Pause Young (Allocation Failure) 216M->216M(313M) 166.421ms
[1.177s][info][gc,cpu         ] GC(27) User=0.11s Sys=0.05s Real=0.17s
[1.262s][info][gc,start       ] GC(28) Pause Young (Allocation Failure)
[1.434s][info][gc             ] GC(28) Pause Young (Allocation Failure) 302M->302M(389M) 171.130ms
[1.434s][info][gc,cpu         ] GC(28) User=0.12s Sys=0.02s Real=0.17s
[1.434s][info][gc,start       ] GC(29) Pause Full (Allocation Failure)
[1.434s][info][gc,phases,start] GC(29) Phase 1: Mark live objects
[1.566s][info][gc,phases      ] GC(29) Phase 1: Mark live objects 132.156ms
[1.566s][info][gc,phases,start] GC(29) Phase 2: Compute new object addresses
[1.615s][info][gc,phases      ] GC(29) Phase 2: Compute new object addresses 49.129ms
[1.615s][info][gc,phases,start] GC(29) Phase 3: Adjust pointers
[1.668s][info][gc,phases      ] GC(29) Phase 3: Adjust pointers 52.403ms
[1.668s][info][gc,phases,start] GC(29) Phase 4: Move objects
[1.670s][info][gc,phases      ] GC(29) Phase 4: Move objects 2.216ms
[1.671s][info][gc,heap        ] GC(29) DefNew: 99711K(99712K)->10929K(224448K) Eden: 88640K(88640K)->10929K(199552K) From: 11071K(11072K)->0K(24896K)
[1.671s][info][gc,heap        ] GC(29) Tenured: 210426K(221480K)->299180K(498636K)
[1.671s][info][gc,metaspace   ] GC(29) Metaspace: 6298K(6464K)->6298K(6464K) NonClass: 5765K(5824K)->5765K(5824K) Class: 533K(640K)->533K(640K)
[1.671s][info][gc             ] GC(29) Pause Full (Allocation Failure) 302M->302M(706M) 237.109ms
[1.671s][info][gc,cpu         ] GC(29) User=0.23s Sys=0.00s Real=0.24s
[1.868s][info][gc,start       ] GC(30) Pause Young (Allocation Failure)
[2.192s][info][gc,heap        ] GC(30) DefNew: 199552K(224448K)->24896K(224448K) Eden: 199552K(199552K)->0K(199552K) From: 0K(24896K)->24896K(24896K)
[2.192s][info][gc,heap        ] GC(30) Tenured: 299180K(498636K)->473808K(498636K)
[2.192s][info][gc,metaspace   ] GC(30) Metaspace: 6298K(6464K)->6298K(6464K) NonClass: 5765K(5824K)->5765K(5824K) Class: 533K(640K)->533K(640K)
[2.192s][info][gc             ] GC(30) Pause Young (Allocation Failure) 487M->487M(706M) 324.924ms
[2.192s][info][gc,cpu         ] GC(30) User=0.27s Sys=0.06s Real=0.33s
[2.372s][info][gc,start       ] GC(31) Pause Young (Allocation Failure)
[2.755s][info][gc             ] GC(31) Pause Young (Allocation Failure) 681M->681M(876M) 382.805ms
[2.755s][info][gc,cpu         ] GC(31) User=0.36s Sys=0.03s Real=0.38s
[2.755s][info][gc,start       ] GC(32) Pause Full (Allocation Failure)
[2.755s][info][gc,phases,start] GC(32) Phase 1: Mark live objects
[3.073s][info][gc,phases      ] GC(32) Phase 1: Mark live objects 317.662ms
[3.073s][info][gc,phases,start] GC(32) Phase 2: Compute new object addresses
[3.177s][info][gc,phases      ] GC(32) Phase 2: Compute new object addresses 103.899ms
[3.177s][info][gc,phases,start] GC(32) Phase 3: Adjust pointers
[3.291s][info][gc,phases      ] GC(32) Phase 3: Adjust pointers 113.652ms
[3.291s][info][gc,phases,start] GC(32) Phase 4: Move objects
[3.296s][info][gc,phases      ] GC(32) Phase 4: Move objects 5.397ms
[3.298s][info][gc,heap        ] GC(32) DefNew: 224448K(224448K)->24798K(505152K) Eden: 199552K(199552K)->24798K(449088K) From: 24896K(24896K)->0K(56064K)
[3.298s][info][gc,heap        ] GC(32) Tenured: 473808K(498636K)->673423K(1122376K)
[3.298s][info][gc,metaspace   ] GC(32) Metaspace: 6298K(6464K)->6298K(6464K) NonClass: 5765K(5824K)->5765K(5824K) Class: 533K(640K)->533K(640K)
[3.298s][info][gc             ] GC(32) Pause Full (Allocation Failure) 681M->681M(1589M) 542.923ms
[3.298s][info][gc,cpu         ] GC(32) User=0.55s Sys=0.00s Real=0.54s
[3.779s][info][gc,start       ] GC(33) Pause Young (Allocation Failure)
[4.539s][info][gc,heap        ] GC(33) DefNew: 449088K(505152K)->56064K(505152K) Eden: 449088K(449088K)->0K(449088K) From: 0K(56064K)->56064K(56064K)
[4.539s][info][gc,heap        ] GC(33) Tenured: 673423K(1122376K)->1066420K(1122376K)
[4.539s][info][gc,metaspace   ] GC(33) Metaspace: 6298K(6464K)->6298K(6464K) NonClass: 5765K(5824K)->5765K(5824K) Class: 533K(640K)->533K(640K)
[4.539s][info][gc             ] GC(33) Pause Young (Allocation Failure) 1096M->1096M(1589M) 760.524ms
[4.539s][info][gc,cpu         ] GC(33) User=0.61s Sys=0.12s Real=0.76s
[4.996s][info][gc,start       ] GC(34) Pause Young (Allocation Failure)
[5.706s][info][gc             ] GC(34) Pause Young (Allocation Failure) 1534M->1484M(1923M) 710.190ms
[5.706s][info][gc,cpu         ] GC(34) User=0.66s Sys=0.03s Real=0.71s
[5.706s][info][gc,start       ] GC(35) Pause Full (Allocation Failure)
[5.706s][info][gc,phases,start] GC(35) Phase 1: Mark live objects
[6.384s][info][gc,phases      ] GC(35) Phase 1: Mark live objects 677.910ms
[6.384s][info][gc,phases,start] GC(35) Phase 2: Compute new object addresses
[6.622s][info][gc,phases      ] GC(35) Phase 2: Compute new object addresses 237.310ms
[6.622s][info][gc,phases,start] GC(35) Phase 3: Adjust pointers
[6.887s][info][gc,phases      ] GC(35) Phase 3: Adjust pointers 264.931ms
[6.887s][info][gc,phases,start] GC(35) Phase 4: Move objects
[6.900s][info][gc,phases      ] GC(35) Phase 4: Move objects 13.223ms
[6.902s][info][gc,heap        ] GC(35) DefNew: 505152K(505152K)->55883K(798720K) Eden: 449088K(449088K)->55883K(710016K) From: 56064K(56064K)->0K(88704K)
[6.902s][info][gc,heap        ] GC(35) Tenured: 1066420K(1122376K)->1464587K(1774976K)
[6.902s][info][gc,metaspace   ] GC(35) Metaspace: 6298K(6464K)->6298K(6464K) NonClass: 5765K(5824K)->5765K(5824K) Class: 533K(640K)->533K(640K)
[6.903s][info][gc             ] GC(35) Pause Full (Allocation Failure) 1484M->1484M(2513M) 1196.109ms
[6.903s][info][gc,cpu         ] GC(35) User=1.17s Sys=0.00s Real=1.20s
[7.580s][info][gc,start       ] GC(36) Pause Young (Allocation Failure)
[7.580s][info][gc             ] GC(36) Pause Young (Allocation Failure) 2123M->2123M(2513M) 0.134ms
[7.580s][info][gc,cpu         ] GC(36) User=0.00s Sys=0.00s Real=0.00s
[7.580s][info][gc,start       ] GC(37) Pause Full (Allocation Failure)
[7.580s][info][gc,phases,start] GC(37) Phase 1: Mark live objects
[8.542s][info][gc,phases      ] GC(37) Phase 1: Mark live objects 961.751ms
[8.542s][info][gc,phases,start] GC(37) Phase 2: Compute new object addresses
[8.857s][info][gc,phases      ] GC(37) Phase 2: Compute new object addresses 314.972ms
[8.857s][info][gc,phases,start] GC(37) Phase 3: Adjust pointers
[9.345s][info][gc,phases      ] GC(37) Phase 3: Adjust pointers 488.555ms
[9.345s][info][gc,phases,start] GC(37) Phase 4: Move objects
[9.803s][info][gc,phases      ] GC(37) Phase 4: Move objects 457.415ms
[9.803s][info][gc,heap        ] GC(37) DefNew: 710016K(798720K)->370926K(798720K) Eden: 710016K(710016K)->370926K(710016K) From: 0K(88704K)->0K(88704K)
[9.803s][info][gc,heap        ] GC(37) Tenured: 1464587K(1774976K)->1774975K(1774976K)
[9.803s][info][gc,metaspace   ] GC(37) Metaspace: 6298K(6464K)->6298K(6464K) NonClass: 5765K(5824K)->5765K(5824K) Class: 533K(640K)->533K(640K)
[9.803s][info][gc             ] GC(37) Pause Full (Allocation Failure) 2123M->2095M(2513M) 2223.484ms
[9.803s][info][gc,cpu         ] GC(37) User=1.98s Sys=0.06s Real=2.22s
[10.386s][info][gc,start       ] GC(38) Pause Full (Allocation Failure)
[10.386s][info][gc,phases,start] GC(38) Phase 1: Mark live objects
[11.536s][info][gc,phases      ] GC(38) Phase 1: Mark live objects 1149.819ms
[11.536s][info][gc,phases,start] GC(38) Phase 2: Compute new object addresses
[11.891s][info][gc,phases      ] GC(38) Phase 2: Compute new object addresses 355.455ms
[11.891s][info][gc,phases,start] GC(38) Phase 3: Adjust pointers
[12.420s][info][gc,phases      ] GC(38) Phase 3: Adjust pointers 528.484ms
[12.420s][info][gc,phases,start] GC(38) Phase 4: Move objects
[12.484s][info][gc,phases      ] GC(38) Phase 4: Move objects 64.193ms
[12.485s][info][gc,heap        ] GC(38) DefNew: 798719K(798720K)->798704K(798720K) Eden: 710016K(710016K)->710015K(710016K) From: 88703K(88704K)->88688K(88704K)
[12.485s][info][gc,heap        ] GC(38) Tenured: 1774975K(1774976K)->1774975K(1774976K)
[12.485s][info][gc,metaspace   ] GC(38) Metaspace: 6298K(6464K)->6298K(6464K) NonClass: 5765K(5824K)->5765K(5824K) Class: 533K(640K)->533K(640K)
[12.485s][info][gc             ] GC(38) Pause Full (Allocation Failure) 2513M->2513M(2513M) 2098.961ms
[12.485s][info][gc,cpu         ] GC(38) User=2.09s Sys=0.00s Real=2.10s
[12.485s][info][gc,start       ] GC(39) Pause Full (Allocation Failure)
[12.485s][info][gc,phases,start] GC(39) Phase 1: Mark live objects
[13.633s][info][gc,phases      ] GC(39) Phase 1: Mark live objects 1148.405ms
[13.633s][info][gc,phases,start] GC(39) Phase 2: Compute new object addresses
[13.991s][info][gc,phases      ] GC(39) Phase 2: Compute new object addresses 357.436ms
[13.991s][info][gc,phases,start] GC(39) Phase 3: Adjust pointers
[14.487s][info][gc,phases      ] GC(39) Phase 3: Adjust pointers 496.408ms
[14.487s][info][gc,phases,start] GC(39) Phase 4: Move objects
[14.487s][info][gc,phases      ] GC(39) Phase 4: Move objects 0.016ms
[14.488s][info][gc,heap        ] GC(39) DefNew: 798719K(798720K)->798719K(798720K) Eden: 710016K(710016K)->710016K(710016K) From: 88703K(88704K)->88703K(88704K)
[14.488s][info][gc,heap        ] GC(39) Tenured: 1774975K(1774976K)->1774975K(1774976K)
[14.488s][info][gc,metaspace   ] GC(39) Metaspace: 6298K(6464K)->6298K(6464K) NonClass: 5765K(5824K)->5765K(5824K) Class: 533K(640K)->533K(640K)
[14.488s][info][gc             ] GC(39) Pause Full (Allocation Failure) 2513M->2513M(2513M) 2002.798ms
[14.488s][info][gc,cpu         ] GC(39) User=2.00s Sys=0.00s Real=2.00s
[14.488s][info][gc,start       ] GC(40) Pause Full (Allocation Failure)
[14.488s][info][gc,phases,start] GC(40) Phase 1: Mark live objects
[15.635s][info][gc,phases      ] GC(40) Phase 1: Mark live objects 1147.436ms
[15.635s][info][gc,phases,start] GC(40) Phase 2: Compute new object addresses
[15.989s][info][gc,phases      ] GC(40) Phase 2: Compute new object addresses 353.581ms
[15.989s][info][gc,phases,start] GC(40) Phase 3: Adjust pointers
[16.598s][info][gc,phases      ] GC(40) Phase 3: Adjust pointers 608.739ms
[16.598s][info][gc,phases,start] GC(40) Phase 4: Move objects
[17.005s][info][gc,phases      ] GC(40) Phase 4: Move objects 406.983ms
[17.005s][info][gc,heap        ] GC(40) DefNew: 798719K(798720K)->798715K(798720K) Eden: 710016K(710016K)->710015K(710016K) From: 88703K(88704K)->88699K(88704K)
[17.005s][info][gc,heap        ] GC(40) Tenured: 1774975K(1774976K)->1774975K(1774976K)
[17.005s][info][gc,metaspace   ] GC(40) Metaspace: 6298K(6464K)->6296K(6464K) NonClass: 5765K(5824K)->5764K(5824K) Class: 533K(640K)->532K(640K)
[17.005s][info][gc             ] GC(40) Pause Full (Allocation Failure) 2513M->2513M(2513M) 2517.662ms
[17.005s][info][gc,cpu         ] GC(40) User=2.50s Sys=0.00s Real=2.52s
[17.006s][info][gc,start       ] GC(41) Pause Full (Allocation Failure)
[17.006s][info][gc,phases,start] GC(41) Phase 1: Mark live objects
[18.147s][info][gc,phases      ] GC(41) Phase 1: Mark live objects 1141.139ms
[18.147s][info][gc,phases,start] GC(41) Phase 2: Compute new object addresses
[18.503s][info][gc,phases      ] GC(41) Phase 2: Compute new object addresses 356.120ms
[18.503s][info][gc,phases,start] GC(41) Phase 3: Adjust pointers
[19.006s][info][gc,phases      ] GC(41) Phase 3: Adjust pointers 502.551ms
[19.006s][info][gc,phases,start] GC(41) Phase 4: Move objects
[19.006s][info][gc,phases      ] GC(41) Phase 4: Move objects 0.016ms
[19.006s][info][gc,heap        ] GC(41) DefNew: 798719K(798720K)->798719K(798720K) Eden: 710015K(710016K)->710015K(710016K) From: 88703K(88704K)->88703K(88704K)
[19.006s][info][gc,heap        ] GC(41) Tenured: 1774975K(1774976K)->1774975K(1774976K)
[19.006s][info][gc,metaspace   ] GC(41) Metaspace: 6296K(6464K)->6296K(6464K) NonClass: 5764K(5824K)->5764K(5824K) Class: 532K(640K)->532K(640K)
[19.006s][info][gc             ] GC(41) Pause Full (Allocation Failure) 2513M->2513M(2513M) 2000.418ms
[19.006s][info][gc,cpu         ] GC(41) User=1.98s Sys=0.00s Real=2.00s
[19.006s][info][gc,start       ] GC(42) Pause Full (Allocation Failure)
[19.006s][info][gc,phases,start] GC(42) Phase 1: Mark live objects
[20.146s][info][gc,phases      ] GC(42) Phase 1: Mark live objects 1139.201ms
[20.146s][info][gc,phases,start] GC(42) Phase 2: Compute new object addresses
[20.500s][info][gc,phases      ] GC(42) Phase 2: Compute new object addresses 353.799ms
[20.500s][info][gc,phases,start] GC(42) Phase 3: Adjust pointers
[21.007s][info][gc,phases      ] GC(42) Phase 3: Adjust pointers 507.272ms
[21.007s][info][gc,phases,start] GC(42) Phase 4: Move objects
[21.007s][info][gc,phases      ] GC(42) Phase 4: Move objects 0.016ms
[21.007s][info][gc,heap        ] GC(42) DefNew: 798719K(798720K)->798719K(798720K) Eden: 710015K(710016K)->710015K(710016K) From: 88703K(88704K)->88703K(88704K)
[21.007s][info][gc,heap        ] GC(42) Tenured: 1774975K(1774976K)->1774975K(1774976K)
[21.007s][info][gc,metaspace   ] GC(42) Metaspace: 6296K(6464K)->6296K(6464K) NonClass: 5764K(5824K)->5764K(5824K) Class: 532K(640K)->532K(640K)
[21.007s][info][gc             ] GC(42) Pause Full (Allocation Failure) 2513M->2513M(2513M) 2000.816ms
[21.007s][info][gc,cpu         ] GC(42) User=1.97s Sys=0.00s Real=2.00s
[21.008s][info][gc,start       ] GC(43) Pause Full (Allocation Failure)
[21.008s][info][gc,phases,start] GC(43) Phase 1: Mark live objects
[22.150s][info][gc,phases      ] GC(43) Phase 1: Mark live objects 1141.681ms
[22.150s][info][gc,phases,start] GC(43) Phase 2: Compute new object addresses
[22.502s][info][gc,phases      ] GC(43) Phase 2: Compute new object addresses 352.268ms
[22.502s][info][gc,phases,start] GC(43) Phase 3: Adjust pointers
[23.004s][info][gc,phases      ] GC(43) Phase 3: Adjust pointers 501.745ms
[23.004s][info][gc,phases,start] GC(43) Phase 4: Move objects
[23.004s][info][gc,phases      ] GC(43) Phase 4: Move objects 0.016ms
[23.004s][info][gc,heap        ] GC(43) DefNew: 798719K(798720K)->798719K(798720K) Eden: 710015K(710016K)->710015K(710016K) From: 88703K(88704K)->88703K(88704K)
[23.004s][info][gc,heap        ] GC(43) Tenured: 1774975K(1774976K)->1774975K(1774976K)
[23.004s][info][gc,metaspace   ] GC(43) Metaspace: 6296K(6464K)->6296K(6464K) NonClass: 5764K(5824K)->5764K(5824K) Class: 532K(640K)->532K(640K)
[23.004s][info][gc             ] GC(43) Pause Full (Allocation Failure) 2513M->2513M(2513M) 1996.417ms
[23.004s][info][gc,cpu         ] GC(43) User=1.98s Sys=0.00s Real=2.00s
[23.004s][info][gc,start       ] GC(44) Pause Full (Allocation Failure)
[23.004s][info][gc,phases,start] GC(44) Phase 1: Mark live objects
[24.146s][info][gc,phases      ] GC(44) Phase 1: Mark live objects 1141.811ms
[24.146s][info][gc,phases,start] GC(44) Phase 2: Compute new object addresses
[24.499s][info][gc,phases      ] GC(44) Phase 2: Compute new object addresses 352.330ms
[24.499s][info][gc,phases,start] GC(44) Phase 3: Adjust pointers
[25.108s][info][gc,phases      ] GC(44) Phase 3: Adjust pointers 609.267ms
[25.108s][info][gc,phases,start] GC(44) Phase 4: Move objects
[25.516s][info][gc,phases      ] GC(44) Phase 4: Move objects 407.600ms
[25.516s][info][gc,heap        ] GC(44) DefNew: 798719K(798720K)->798718K(798720K) Eden: 710015K(710016K)->710015K(710016K) From: 88703K(88704K)->88702K(88704K)
[25.516s][info][gc,heap        ] GC(44) Tenured: 1774975K(1774976K)->1774975K(1774976K)
[25.516s][info][gc,metaspace   ] GC(44) Metaspace: 6296K(6464K)->6296K(6464K) NonClass: 5764K(5824K)->5764K(5824K) Class: 532K(640K)->532K(640K)
[25.516s][info][gc             ] GC(44) Pause Full (Allocation Failure) 2513M->2513M(2513M) 2511.918ms
[25.516s][info][gc,cpu         ] GC(44) User=2.50s Sys=0.00s Real=2.51s
[25.517s][info][gc,start       ] GC(45) Pause Full (Allocation Failure)
[25.517s][info][gc,phases,start] GC(45) Phase 1: Mark live objects
[26.667s][info][gc,phases      ] GC(45) Phase 1: Mark live objects 1149.696ms
[26.667s][info][gc,phases,start] GC(45) Phase 2: Compute new object addresses
[27.030s][info][gc,phases      ] GC(45) Phase 2: Compute new object addresses 362.546ms
[27.030s][info][gc,phases,start] GC(45) Phase 3: Adjust pointers
[27.641s][info][gc,phases      ] GC(45) Phase 3: Adjust pointers 611.401ms
[27.641s][info][gc,phases,start] GC(45) Phase 4: Move objects
[28.046s][info][gc,phases      ] GC(45) Phase 4: Move objects 404.415ms
[28.046s][info][gc,heap        ] GC(45) DefNew: 798719K(798720K)->798716K(798720K) Eden: 710016K(710016K)->710015K(710016K) From: 88703K(88704K)->88700K(88704K)
[28.046s][info][gc,heap        ] GC(45) Tenured: 1774975K(1774976K)->1774975K(1774976K)
[28.046s][info][gc,metaspace   ] GC(45) Metaspace: 6298K(6464K)->6298K(6464K) NonClass: 5764K(5824K)->5764K(5824K) Class: 533K(640K)->533K(640K)
[28.046s][info][gc             ] GC(45) Pause Full (Allocation Failure) 2513M->2513M(2513M) 2529.010ms
[28.046s][info][gc,cpu         ] GC(45) User=2.50s Sys=0.00s Real=2.53s
[28.047s][info][gc,heap,exit   ] Heap
[28.047s][info][gc,heap,exit   ]  def new generation   total 798720K, used 798717K [0x000000075d800000, 0x0000000793aa0000, 0x0000000793aa0000)
[28.047s][info][gc,heap,exit   ]   eden space 710016K, 100% used [0x000000075d800000, 0x0000000788d60000, 0x0000000788d60000)
[28.047s][info][gc,heap,exit   ]   from space 88704K,  99% used [0x0000000788d60000, 0x000000078e3ff660, 0x000000078e400000)
[28.047s][info][gc,heap,exit   ]   to   space 88704K,   0% used [0x000000078e400000, 0x000000078e400000, 0x0000000793aa0000)
[28.047s][info][gc,heap,exit   ]  tenured generation   total 1774976K, used 1774975K [0x0000000793aa0000, 0x0000000800000000, 0x0000000800000000)
[28.047s][info][gc,heap,exit   ]    the space 1774976K,  99% used [0x0000000793aa0000, 0x00000007fffffff0, 0x0000000800000000, 0x0000000800000000)
[28.047s][info][gc,heap,exit   ]  Metaspace       used 6301K, committed 6464K, reserved 1114112K
[28.047s][info][gc,heap,exit   ]   class space    used 534K, committed 640K, reserved 1048576K
