[0.013s][info][gc,init] CardTable entry size: 512
[0.013s][info][gc     ] Using Serial
[0.014s][info][gc,init] Version: 18.0.1+10 (release)
[0.014s][info][gc,init] CPUs: 8 total, 8 available
[0.014s][info][gc,init] Memory: 16063M
[0.014s][info][gc,init] Large Page Support: Disabled
[0.014s][info][gc,init] NUMA Support: Disabled
[0.014s][info][gc,init] Compressed Oops: Enabled (Zero based)
[0.014s][info][gc,init] Heap Min Capacity: 2M
[0.014s][info][gc,init] Heap Initial Capacity: 2M
[0.014s][info][gc,init] Heap Max Capacity: 9300M
[0.014s][info][gc,init] Pre-touch: Disabled
[0.015s][info][gc,metaspace] CDS archive(s) not mapped
[0.015s][info][gc,metaspace] Compressed class space mapped at: 0x0000000800000000-0x0000000840000000, reserved size: 1073741824
[0.015s][info][gc,metaspace] Narrow klass base: 0x0000000800000000, Narrow klass shift: 0, Narrow klass range: 0x40000000
[0.180s][info][gc,start    ] GC(0) Pause Young (Allocation Failure)
[0.182s][info][gc,heap     ] GC(0) DefNew: 1023K(1152K)->127K(1152K) Eden: 1023K(1024K)->0K(1024K) From: 0K(128K)->127K(128K)
[0.182s][info][gc,heap     ] GC(0) Tenured: 0K(768K)->439K(768K)
[0.182s][info][gc,metaspace] GC(0) Metaspace: 5899K(6016K)->5899K(6016K) NonClass: 5400K(5504K)->5400K(5504K) Class: 499K(512K)->499K(512K)
[0.182s][info][gc          ] GC(0) Pause Young (Allocation Failure) 0M->0M(1M) 2.074ms
[0.182s][info][gc,cpu      ] GC(0) User=0.00s Sys=0.00s Real=0.00s
[0.202s][info][gc,start    ] GC(1) Pause Young (Allocation Failure)
[0.203s][info][gc          ] GC(1) Pause Young (Allocation Failure) 1M->0M(2M) 1.265ms
[0.204s][info][gc,cpu      ] GC(1) User=0.00s Sys=0.00s Real=0.00s
[0.204s][info][gc,start    ] GC(2) Pause Full (Allocation Failure)
[0.204s][info][gc,phases,start] GC(2) Phase 1: Mark live objects
[0.205s][info][gc,phases      ] GC(2) Phase 1: Mark live objects 0.989ms
[0.205s][info][gc,phases,start] GC(2) Phase 2: Compute new object addresses
[0.205s][info][gc,phases      ] GC(2) Phase 2: Compute new object addresses 0.224ms
[0.205s][info][gc,phases,start] GC(2) Phase 3: Adjust pointers
[0.206s][info][gc,phases      ] GC(2) Phase 3: Adjust pointers 0.647ms
[0.206s][info][gc,phases,start] GC(2) Phase 4: Move objects
[0.206s][info][gc,phases      ] GC(2) Phase 4: Move objects 0.066ms
[0.206s][info][gc,heap        ] GC(2) DefNew: 1151K(1152K)->40K(1152K) Eden: 1024K(1024K)->40K(1024K) From: 127K(128K)->0K(128K)
[0.206s][info][gc,heap        ] GC(2) Tenured: 439K(768K)->959K(1600K)
[0.206s][info][gc,metaspace   ] GC(2) Metaspace: 6296K(6464K)->6296K(6464K) NonClass: 5762K(5824K)->5762K(5824K) Class: 533K(640K)->533K(640K)
[0.206s][info][gc             ] GC(2) Pause Full (Allocation Failure) 0M->0M(2M) 2.259ms
[0.206s][info][gc,cpu         ] GC(2) User=0.00s Sys=0.00s Real=0.00s
[0.208s][info][gc,start       ] GC(3) Pause Young (Allocation Failure)
[0.209s][info][gc,heap        ] GC(3) DefNew: 1024K(1152K)->128K(1152K) Eden: 1024K(1024K)->0K(1024K) From: 0K(128K)->128K(128K)
[0.209s][info][gc,heap        ] GC(3) Tenured: 959K(1600K)->1375K(1600K)
[0.209s][info][gc,metaspace   ] GC(3) Metaspace: 6296K(6464K)->6296K(6464K) NonClass: 5762K(5824K)->5762K(5824K) Class: 533K(640K)->533K(640K)
[0.209s][info][gc             ] GC(3) Pause Young (Allocation Failure) 1M->1M(2M) 1.822ms
[0.209s][info][gc,cpu         ] GC(3) User=0.00s Sys=0.00s Real=0.00s
[0.211s][info][gc,start       ] GC(4) Pause Young (Allocation Failure)
[0.212s][info][gc             ] GC(4) Pause Young (Allocation Failure) 2M->1M(3M) 1.294ms
[0.212s][info][gc,cpu         ] GC(4) User=0.00s Sys=0.00s Real=0.00s
[0.212s][info][gc,start       ] GC(5) Pause Full (Allocation Failure)
[0.212s][info][gc,phases,start] GC(5) Phase 1: Mark live objects
[0.214s][info][gc,phases      ] GC(5) Phase 1: Mark live objects 1.746ms
[0.214s][info][gc,phases,start] GC(5) Phase 2: Compute new object addresses
[0.214s][info][gc,phases      ] GC(5) Phase 2: Compute new object addresses 0.423ms
[0.214s][info][gc,phases,start] GC(5) Phase 3: Adjust pointers
[0.215s][info][gc,phases      ] GC(5) Phase 3: Adjust pointers 0.710ms
[0.215s][info][gc,phases,start] GC(5) Phase 4: Move objects
[0.215s][info][gc,phases      ] GC(5) Phase 4: Move objects 0.073ms
[0.215s][info][gc,heap        ] GC(5) DefNew: 1152K(1152K)->35K(1536K) Eden: 1024K(1024K)->35K(1408K) From: 128K(128K)->0K(128K)
[0.215s][info][gc,heap        ] GC(5) Tenured: 1375K(1600K)->1983K(3308K)
[0.215s][info][gc,metaspace   ] GC(5) Metaspace: 6296K(6464K)->6296K(6464K) NonClass: 5762K(5824K)->5762K(5824K) Class: 533K(640K)->533K(640K)
[0.215s][info][gc             ] GC(5) Pause Full (Allocation Failure) 1M->1M(4M) 3.317ms
[0.215s][info][gc,cpu         ] GC(5) User=0.00s Sys=0.00s Real=0.00s
[0.217s][info][gc,start       ] GC(6) Pause Young (Allocation Failure)
[0.219s][info][gc,heap        ] GC(6) DefNew: 1407K(1536K)->127K(1536K) Eden: 1407K(1408K)->0K(1408K) From: 0K(128K)->127K(128K)
[0.219s][info][gc,heap        ] GC(6) Tenured: 1983K(3308K)->2617K(3308K)
[0.219s][info][gc,metaspace   ] GC(6) Metaspace: 6296K(6464K)->6296K(6464K) NonClass: 5762K(5824K)->5762K(5824K) Class: 533K(640K)->533K(640K)
[0.219s][info][gc             ] GC(6) Pause Young (Allocation Failure) 3M->2M(4M) 1.886ms
[0.219s][info][gc,cpu         ] GC(6) User=0.00s Sys=0.00s Real=0.00s
[0.221s][info][gc,start       ] GC(7) Pause Young (Allocation Failure)
[0.223s][info][gc             ] GC(7) Pause Young (Allocation Failure) 4M->3M(4M) 1.874ms
[0.223s][info][gc,cpu         ] GC(7) User=0.02s Sys=0.00s Real=0.00s
[0.223s][info][gc,start       ] GC(8) Pause Full (Allocation Failure)
[0.223s][info][gc,phases,start] GC(8) Phase 1: Mark live objects
[0.226s][info][gc,phases      ] GC(8) Phase 1: Mark live objects 2.593ms
[0.226s][info][gc,phases,start] GC(8) Phase 2: Compute new object addresses
[0.227s][info][gc,phases      ] GC(8) Phase 2: Compute new object addresses 0.724ms
[0.227s][info][gc,phases,start] GC(8) Phase 3: Adjust pointers
[0.228s][info][gc,phases      ] GC(8) Phase 3: Adjust pointers 1.204ms
[0.228s][info][gc,phases,start] GC(8) Phase 4: Move objects
[0.228s][info][gc,phases      ] GC(8) Phase 4: Move objects 0.082ms
[0.228s][info][gc,heap        ] GC(8) DefNew: 1535K(1536K)->0K(2688K) Eden: 1408K(1408K)->0K(2432K) From: 127K(128K)->0K(256K)
[0.228s][info][gc,heap        ] GC(8) Tenured: 2617K(3308K)->3460K(5768K)
[0.228s][info][gc,metaspace   ] GC(8) Metaspace: 6296K(6464K)->6296K(6464K) NonClass: 5762K(5824K)->5762K(5824K) Class: 533K(640K)->533K(640K)
[0.228s][info][gc             ] GC(8) Pause Full (Allocation Failure) 3M->3M(8M) 5.021ms
[0.228s][info][gc,cpu         ] GC(8) User=0.00s Sys=0.00s Real=0.01s
[0.233s][info][gc,start       ] GC(9) Pause Young (Allocation Failure)
[0.237s][info][gc,heap        ] GC(9) DefNew: 2431K(2688K)->256K(2688K) Eden: 2431K(2432K)->0K(2432K) From: 0K(256K)->256K(256K)
[0.237s][info][gc,heap        ] GC(9) Tenured: 3460K(5768K)->4512K(5768K)
[0.237s][info][gc,metaspace   ] GC(9) Metaspace: 6296K(6464K)->6296K(6464K) NonClass: 5762K(5824K)->5762K(5824K) Class: 533K(640K)->533K(640K)
[0.237s][info][gc             ] GC(9) Pause Young (Allocation Failure) 5M->4M(8M) 3.736ms
[0.237s][info][gc,cpu         ] GC(9) User=0.00s Sys=0.00s Real=0.00s
[0.240s][info][gc,start       ] GC(10) Pause Young (Allocation Failure)
[0.244s][info][gc,heap        ] GC(10) DefNew: 2688K(2688K)->255K(2688K) Eden: 2432K(2432K)->0K(2432K) From: 256K(256K)->255K(256K)
[0.244s][info][gc,heap        ] GC(10) Tenured: 4512K(5768K)->5755K(5768K)
[0.244s][info][gc,metaspace   ] GC(10) Metaspace: 6296K(6464K)->6296K(6464K) NonClass: 5762K(5824K)->5762K(5824K) Class: 533K(640K)->533K(640K)
[0.244s][info][gc             ] GC(10) Pause Young (Allocation Failure) 7M->5M(8M) 3.934ms
[0.244s][info][gc,cpu         ] GC(10) User=0.00s Sys=0.00s Real=0.00s
[0.248s][info][gc,start       ] GC(11) Pause Young (Allocation Failure)
[0.252s][info][gc             ] GC(11) Pause Young (Allocation Failure) 8M->7M(9M) 4.416ms
[0.252s][info][gc,cpu         ] GC(11) User=0.00s Sys=0.02s Real=0.00s
[0.252s][info][gc,start       ] GC(12) Pause Full (Allocation Failure)
[0.252s][info][gc,phases,start] GC(12) Phase 1: Mark live objects
[0.258s][info][gc,phases      ] GC(12) Phase 1: Mark live objects 5.283ms
[0.258s][info][gc,phases,start] GC(12) Phase 2: Compute new object addresses
[0.259s][info][gc,phases      ] GC(12) Phase 2: Compute new object addresses 1.306ms
[0.259s][info][gc,phases,start] GC(12) Phase 3: Adjust pointers
[0.261s][info][gc,phases      ] GC(12) Phase 3: Adjust pointers 1.817ms
[0.261s][info][gc,phases,start] GC(12) Phase 4: Move objects
[0.263s][info][gc,phases      ] GC(12) Phase 4: Move objects 1.535ms
[0.263s][info][gc,heap        ] GC(12) DefNew: 2687K(2688K)->0K(5376K) Eden: 2432K(2432K)->0K(4800K) From: 255K(256K)->0K(576K)
[0.263s][info][gc,heap        ] GC(12) Tenured: 5755K(5768K)->7132K(11888K)
[0.263s][info][gc,metaspace   ] GC(12) Metaspace: 6296K(6464K)->6296K(6464K) NonClass: 5762K(5824K)->5762K(5824K) Class: 533K(640K)->533K(640K)
[0.263s][info][gc             ] GC(12) Pause Full (Allocation Failure) 7M->6M(16M) 10.527ms
[0.263s][info][gc,cpu         ] GC(12) User=0.00s Sys=0.00s Real=0.01s
[0.268s][info][gc,start       ] GC(13) Pause Young (Allocation Failure)
[0.275s][info][gc,heap        ] GC(13) DefNew: 4800K(5376K)->575K(5376K) Eden: 4800K(4800K)->0K(4800K) From: 0K(576K)->575K(576K)
[0.275s][info][gc,heap        ] GC(13) Tenured: 7132K(11888K)->9027K(11888K)
[0.275s][info][gc,metaspace   ] GC(13) Metaspace: 6296K(6464K)->6296K(6464K) NonClass: 5762K(5824K)->5762K(5824K) Class: 533K(640K)->533K(640K)
[0.275s][info][gc             ] GC(13) Pause Young (Allocation Failure) 11M->9M(16M) 7.151ms
[0.276s][info][gc,cpu         ] GC(13) User=0.00s Sys=0.00s Real=0.01s
[0.281s][info][gc,start       ] GC(14) Pause Young (Allocation Failure)
[0.288s][info][gc,heap        ] GC(14) DefNew: 5375K(5376K)->576K(5376K) Eden: 4800K(4800K)->0K(4800K) From: 575K(576K)->576K(576K)
[0.288s][info][gc,heap        ] GC(14) Tenured: 9027K(11888K)->11746K(11888K)
[0.288s][info][gc,metaspace   ] GC(14) Metaspace: 6296K(6464K)->6296K(6464K) NonClass: 5762K(5824K)->5762K(5824K) Class: 533K(640K)->533K(640K)
[0.288s][info][gc             ] GC(14) Pause Young (Allocation Failure) 14M->12M(16M) 7.359ms
[0.288s][info][gc,cpu         ] GC(14) User=0.00s Sys=0.00s Real=0.01s
[0.292s][info][gc,start       ] GC(15) Pause Young (Allocation Failure)
[0.298s][info][gc             ] GC(15) Pause Young (Allocation Failure) 16M->14M(19M) 6.407ms
[0.298s][info][gc,cpu         ] GC(15) User=0.00s Sys=0.00s Real=0.01s
[0.298s][info][gc,start       ] GC(16) Pause Full (Allocation Failure)
[0.298s][info][gc,phases,start] GC(16) Phase 1: Mark live objects
[0.307s][info][gc,phases      ] GC(16) Phase 1: Mark live objects 8.952ms
[0.307s][info][gc,phases,start] GC(16) Phase 2: Compute new object addresses
[0.310s][info][gc,phases      ] GC(16) Phase 2: Compute new object addresses 2.528ms
[0.310s][info][gc,phases,start] GC(16) Phase 3: Adjust pointers
[0.313s][info][gc,phases      ] GC(16) Phase 3: Adjust pointers 3.541ms
[0.313s][info][gc,phases,start] GC(16) Phase 4: Move objects
[0.314s][info][gc,phases      ] GC(16) Phase 4: Move objects 0.197ms
[0.314s][info][gc,heap        ] GC(16) DefNew: 5376K(5376K)->387K(10880K) Eden: 4800K(4800K)->387K(9728K) From: 576K(576K)->0K(1152K)
[0.314s][info][gc,heap        ] GC(16) Tenured: 11746K(11888K)->14383K(23976K)
[0.314s][info][gc,metaspace   ] GC(16) Metaspace: 6297K(6464K)->6297K(6464K) NonClass: 5764K(5824K)->5764K(5824K) Class: 533K(640K)->533K(640K)
[0.314s][info][gc             ] GC(16) Pause Full (Allocation Failure) 14M->14M(34M) 15.630ms
[0.314s][info][gc,cpu         ] GC(16) User=0.02s Sys=0.00s Real=0.02s
[0.322s][info][gc,start       ] GC(17) Pause Young (Allocation Failure)
[0.335s][info][gc,heap        ] GC(17) DefNew: 9728K(10880K)->1152K(10880K) Eden: 9728K(9728K)->0K(9728K) From: 0K(1152K)->1152K(1152K)
[0.335s][info][gc,heap        ] GC(17) Tenured: 14383K(23976K)->18415K(23976K)
[0.335s][info][gc,metaspace   ] GC(17) Metaspace: 6297K(6464K)->6297K(6464K) NonClass: 5764K(5824K)->5764K(5824K) Class: 533K(640K)->533K(640K)
[0.335s][info][gc             ] GC(17) Pause Young (Allocation Failure) 23M->19M(34M) 13.537ms
[0.335s][info][gc,cpu         ] GC(17) User=0.00s Sys=0.00s Real=0.01s
[0.342s][info][gc,start       ] GC(18) Pause Young (Allocation Failure)
[0.354s][info][gc,heap        ] GC(18) DefNew: 10880K(10880K)->1151K(10880K) Eden: 9728K(9728K)->0K(9728K) From: 1152K(1152K)->1151K(1152K)
[0.354s][info][gc,heap        ] GC(18) Tenured: 18415K(23976K)->23936K(23976K)
[0.354s][info][gc,metaspace   ] GC(18) Metaspace: 6297K(6464K)->6297K(6464K) NonClass: 5764K(5824K)->5764K(5824K) Class: 533K(640K)->533K(640K)
[0.354s][info][gc             ] GC(18) Pause Young (Allocation Failure) 28M->24M(34M) 11.846ms
[0.354s][info][gc,cpu         ] GC(18) User=0.00s Sys=0.00s Real=0.01s
[0.360s][info][gc,start       ] GC(19) Pause Young (Allocation Failure)
[0.371s][info][gc             ] GC(19) Pause Young (Allocation Failure) 34M->29M(38M) 11.865ms
[0.372s][info][gc,cpu         ] GC(19) User=0.00s Sys=0.00s Real=0.01s
[0.372s][info][gc,start       ] GC(20) Pause Full (Allocation Failure)
[0.372s][info][gc,phases,start] GC(20) Phase 1: Mark live objects
[0.387s][info][gc,phases      ] GC(20) Phase 1: Mark live objects 14.964ms
[0.387s][info][gc,phases,start] GC(20) Phase 2: Compute new object addresses
[0.392s][info][gc,phases      ] GC(20) Phase 2: Compute new object addresses 5.237ms
[0.392s][info][gc,phases,start] GC(20) Phase 3: Adjust pointers
[0.398s][info][gc,phases      ] GC(20) Phase 3: Adjust pointers 6.002ms
[0.398s][info][gc,phases,start] GC(20) Phase 4: Move objects
[0.398s][info][gc,phases      ] GC(20) Phase 4: Move objects 0.197ms
[0.398s][info][gc,heap        ] GC(20) DefNew: 10879K(10880K)->1080K(21888K) Eden: 9728K(9728K)->1080K(19520K) From: 1151K(1152K)->0K(2368K)
[0.398s][info][gc,heap        ] GC(20) Tenured: 23936K(23976K)->29036K(48396K)
[0.398s][info][gc,metaspace   ] GC(20) Metaspace: 6297K(6464K)->6297K(6464K) NonClass: 5764K(5824K)->5764K(5824K) Class: 533K(640K)->533K(640K)
[0.398s][info][gc             ] GC(20) Pause Full (Allocation Failure) 29M->29M(68M) 26.952ms
[0.398s][info][gc,cpu         ] GC(20) User=0.03s Sys=0.00s Real=0.03s
[0.414s][info][gc,start       ] GC(21) Pause Young (Allocation Failure)
[0.442s][info][gc,heap        ] GC(21) DefNew: 19520K(21888K)->2367K(21888K) Eden: 19520K(19520K)->0K(19520K) From: 0K(2368K)->2367K(2368K)
[0.442s][info][gc,heap        ] GC(21) Tenured: 29036K(48396K)->39351K(48396K)
[0.442s][info][gc,metaspace   ] GC(21) Metaspace: 6297K(6464K)->6297K(6464K) NonClass: 5764K(5824K)->5764K(5824K) Class: 533K(640K)->533K(640K)
[0.442s][info][gc             ] GC(21) Pause Young (Allocation Failure) 47M->40M(68M) 28.362ms
[0.442s][info][gc,cpu         ] GC(21) User=0.02s Sys=0.00s Real=0.03s
[0.460s][info][gc,start       ] GC(22) Pause Young (Allocation Failure)
[0.497s][info][gc             ] GC(22) Pause Young (Allocation Failure) 59M->59M(78M) 36.565ms
[0.497s][info][gc,cpu         ] GC(22) User=0.03s Sys=0.00s Real=0.04s
[0.497s][info][gc,start       ] GC(23) Pause Full (Allocation Failure)
[0.497s][info][gc,phases,start] GC(23) Phase 1: Mark live objects
[0.523s][info][gc,phases      ] GC(23) Phase 1: Mark live objects 25.439ms
[0.523s][info][gc,phases,start] GC(23) Phase 2: Compute new object addresses
[0.533s][info][gc,phases      ] GC(23) Phase 2: Compute new object addresses 10.076ms
[0.533s][info][gc,phases,start] GC(23) Phase 3: Adjust pointers
[0.544s][info][gc,phases      ] GC(23) Phase 3: Adjust pointers 11.355ms
[0.544s][info][gc,phases,start] GC(23) Phase 4: Move objects
[0.545s][info][gc,phases      ] GC(23) Phase 4: Move objects 0.376ms
[0.545s][info][gc,heap        ] GC(23) DefNew: 21887K(21888K)->2252K(44288K) Eden: 19520K(19520K)->2252K(39424K) From: 2367K(2368K)->0K(4864K)
[0.545s][info][gc,heap        ] GC(23) Tenured: 39351K(48396K)->58956K(98260K)
[0.545s][info][gc,metaspace   ] GC(23) Metaspace: 6297K(6464K)->6297K(6464K) NonClass: 5764K(5824K)->5764K(5824K) Class: 533K(640K)->533K(640K)
[0.545s][info][gc             ] GC(23) Pause Full (Allocation Failure) 59M->59M(139M) 47.813ms
[0.545s][info][gc,cpu         ] GC(23) User=0.05s Sys=0.00s Real=0.05s
[0.586s][info][gc,start       ] GC(24) Pause Young (Allocation Failure)
[0.650s][info][gc,heap        ] GC(24) DefNew: 39424K(44288K)->4863K(44288K) Eden: 39424K(39424K)->0K(39424K) From: 0K(4864K)->4863K(4864K)
[0.650s][info][gc,heap        ] GC(24) Tenured: 58956K(98260K)->93487K(98260K)
[0.650s][info][gc,metaspace   ] GC(24) Metaspace: 6297K(6464K)->6297K(6464K) NonClass: 5764K(5824K)->5764K(5824K) Class: 533K(640K)->533K(640K)
[0.650s][info][gc             ] GC(24) Pause Young (Allocation Failure) 96M->96M(139M) 63.674ms
[0.650s][info][gc,cpu         ] GC(24) User=0.05s Sys=0.00s Real=0.06s
[0.681s][info][gc,start       ] GC(25) Pause Young (Allocation Failure)
[0.761s][info][gc             ] GC(25) Pause Young (Allocation Failure) 134M->134M(173M) 80.139ms
[0.761s][info][gc,cpu         ] GC(25) User=0.06s Sys=0.00s Real=0.08s
[0.761s][info][gc,start       ] GC(26) Pause Full (Allocation Failure)
[0.761s][info][gc,phases,start] GC(26) Phase 1: Mark live objects
[0.816s][info][gc,phases      ] GC(26) Phase 1: Mark live objects 55.173ms
[0.816s][info][gc,phases,start] GC(26) Phase 2: Compute new object addresses
[0.837s][info][gc,phases      ] GC(26) Phase 2: Compute new object addresses 21.014ms
[0.838s][info][gc,phases,start] GC(26) Phase 3: Adjust pointers
[0.863s][info][gc,phases      ] GC(26) Phase 3: Adjust pointers 25.421ms
[0.863s][info][gc,phases,start] GC(26) Phase 4: Move objects
[0.886s][info][gc,phases      ] GC(26) Phase 4: Move objects 23.457ms
[0.887s][info][gc,heap        ] GC(26) DefNew: 44287K(44288K)->889K(99840K) Eden: 39424K(39424K)->889K(88768K) From: 4863K(4864K)->0K(11072K)
[0.887s][info][gc,heap        ] GC(26) Tenured: 93487K(98260K)->133011K(221688K)
[0.887s][info][gc,metaspace   ] GC(26) Metaspace: 6297K(6464K)->6297K(6464K) NonClass: 5764K(5824K)->5764K(5824K) Class: 533K(640K)->533K(640K)
[0.887s][info][gc             ] GC(26) Pause Full (Allocation Failure) 134M->130M(313M) 125.850ms
[0.887s][info][gc,cpu         ] GC(26) User=0.12s Sys=0.00s Real=0.13s
[1.019s][info][gc,start       ] GC(27) Pause Young (Allocation Failure)
[1.216s][info][gc,heap        ] GC(27) DefNew: 88768K(99840K)->11071K(99840K) Eden: 88768K(88768K)->0K(88768K) From: 0K(11072K)->11071K(11072K)
[1.216s][info][gc,heap        ] GC(27) Tenured: 133011K(221688K)->210681K(221688K)
[1.216s][info][gc,metaspace   ] GC(27) Metaspace: 6297K(6464K)->6297K(6464K) NonClass: 5764K(5824K)->5764K(5824K) Class: 533K(640K)->533K(640K)
[1.216s][info][gc             ] GC(27) Pause Young (Allocation Failure) 216M->216M(313M) 197.206ms
[1.216s][info][gc,cpu         ] GC(27) User=0.16s Sys=0.03s Real=0.20s
[1.300s][info][gc,start       ] GC(28) Pause Young (Allocation Failure)
[1.480s][info][gc             ] GC(28) Pause Young (Allocation Failure) 303M->303M(390M) 179.111ms
[1.480s][info][gc,cpu         ] GC(28) User=0.12s Sys=0.03s Real=0.18s
[1.480s][info][gc,start       ] GC(29) Pause Full (Allocation Failure)
[1.480s][info][gc,phases,start] GC(29) Phase 1: Mark live objects
[1.620s][info][gc,phases      ] GC(29) Phase 1: Mark live objects 140.684ms
[1.620s][info][gc,phases,start] GC(29) Phase 2: Compute new object addresses
[1.670s][info][gc,phases      ] GC(29) Phase 2: Compute new object addresses 49.599ms
[1.670s][info][gc,phases,start] GC(29) Phase 3: Adjust pointers
[1.725s][info][gc,phases      ] GC(29) Phase 3: Adjust pointers 54.630ms
[1.725s][info][gc,phases,start] GC(29) Phase 4: Move objects
[1.727s][info][gc,phases      ] GC(29) Phase 4: Move objects 2.103ms
[1.728s][info][gc,heap        ] GC(29) DefNew: 99839K(99840K)->10912K(224704K) Eden: 88768K(88768K)->10912K(199744K) From: 11071K(11072K)->0K(24960K)
[1.728s][info][gc,heap        ] GC(29) Tenured: 210681K(221688K)->299579K(499300K)
[1.728s][info][gc,metaspace   ] GC(29) Metaspace: 6297K(6464K)->6297K(6464K) NonClass: 5764K(5824K)->5764K(5824K) Class: 533K(640K)->533K(640K)
[1.728s][info][gc             ] GC(29) Pause Full (Allocation Failure) 303M->303M(707M) 248.418ms
[1.728s][info][gc,cpu         ] GC(29) User=0.23s Sys=0.00s Real=0.25s
[1.947s][info][gc,start       ] GC(30) Pause Young (Allocation Failure)
[2.295s][info][gc,heap        ] GC(30) DefNew: 199744K(224704K)->24959K(224704K) Eden: 199744K(199744K)->0K(199744K) From: 0K(24960K)->24959K(24960K)
[2.295s][info][gc,heap        ] GC(30) Tenured: 299579K(499300K)->474338K(499300K)
[2.295s][info][gc,metaspace   ] GC(30) Metaspace: 6297K(6464K)->6297K(6464K) NonClass: 5764K(5824K)->5764K(5824K) Class: 533K(640K)->533K(640K)
[2.295s][info][gc             ] GC(30) Pause Young (Allocation Failure) 487M->487M(707M) 347.807ms
[2.295s][info][gc,cpu         ] GC(30) User=0.30s Sys=0.02s Real=0.35s
[2.476s][info][gc,start       ] GC(31) Pause Young (Allocation Failure)
[2.865s][info][gc             ] GC(31) Pause Young (Allocation Failure) 682M->682M(877M) 389.047ms
[2.865s][info][gc,cpu         ] GC(31) User=0.28s Sys=0.08s Real=0.39s
[2.865s][info][gc,start       ] GC(32) Pause Full (Allocation Failure)
[2.865s][info][gc,phases,start] GC(32) Phase 1: Mark live objects
[3.181s][info][gc,phases      ] GC(32) Phase 1: Mark live objects 315.043ms
[3.181s][info][gc,phases,start] GC(32) Phase 2: Compute new object addresses
[3.290s][info][gc,phases      ] GC(32) Phase 2: Compute new object addresses 109.411ms
[3.290s][info][gc,phases,start] GC(32) Phase 3: Adjust pointers
[3.406s][info][gc,phases      ] GC(32) Phase 3: Adjust pointers 116.299ms
[3.406s][info][gc,phases,start] GC(32) Phase 4: Move objects
[3.412s][info][gc,phases      ] GC(32) Phase 4: Move objects 5.307ms
[3.414s][info][gc,heap        ] GC(32) DefNew: 224703K(224704K)->24800K(505728K) Eden: 199744K(199744K)->24800K(449600K) From: 24959K(24960K)->0K(56128K)
[3.414s][info][gc,heap        ] GC(32) Tenured: 474338K(499300K)->674211K(1123688K)
[3.414s][info][gc,metaspace   ] GC(32) Metaspace: 6297K(6464K)->6297K(6464K) NonClass: 5764K(5824K)->5764K(5824K) Class: 533K(640K)->533K(640K)
[3.414s][info][gc             ] GC(32) Pause Full (Allocation Failure) 682M->682M(1591M) 548.485ms
[3.414s][info][gc,cpu         ] GC(32) User=0.53s Sys=0.00s Real=0.55s
[3.884s][info][gc,start       ] GC(33) Pause Young (Allocation Failure)
[4.671s][info][gc,heap        ] GC(33) DefNew: 449600K(505728K)->56127K(505728K) Eden: 449600K(449600K)->0K(449600K) From: 0K(56128K)->56127K(56128K)
[4.671s][info][gc,heap        ] GC(33) Tenured: 674211K(1123688K)->1067657K(1123688K)
[4.671s][info][gc,metaspace   ] GC(33) Metaspace: 6297K(6464K)->6297K(6464K) NonClass: 5764K(5824K)->5764K(5824K) Class: 533K(640K)->533K(640K)
[4.671s][info][gc             ] GC(33) Pause Young (Allocation Failure) 1097M->1097M(1591M) 786.776ms
[4.671s][info][gc,cpu         ] GC(33) User=0.64s Sys=0.14s Real=0.79s
[5.132s][info][gc,start       ] GC(34) Pause Young (Allocation Failure)
[5.888s][info][gc             ] GC(34) Pause Young (Allocation Failure) 1536M->1484M(1924M) 755.727ms
[5.888s][info][gc,cpu         ] GC(34) User=0.59s Sys=0.14s Real=0.76s
[5.888s][info][gc,start       ] GC(35) Pause Full (Allocation Failure)
[5.888s][info][gc,phases,start] GC(35) Phase 1: Mark live objects
[6.561s][info][gc,phases      ] GC(35) Phase 1: Mark live objects 672.585ms
[6.561s][info][gc,phases,start] GC(35) Phase 2: Compute new object addresses
[6.778s][info][gc,phases      ] GC(35) Phase 2: Compute new object addresses 217.313ms
[6.778s][info][gc,phases,start] GC(35) Phase 3: Adjust pointers
[7.047s][info][gc,phases      ] GC(35) Phase 3: Adjust pointers 269.159ms
[7.047s][info][gc,phases,start] GC(35) Phase 4: Move objects
[7.059s][info][gc,phases      ] GC(35) Phase 4: Move objects 11.445ms
[7.063s][info][gc,heap        ] GC(35) DefNew: 505727K(505728K)->56063K(1098432K) Eden: 449600K(449600K)->56063K(976384K) From: 56127K(56128K)->0K(122048K)
[7.063s][info][gc,heap        ] GC(35) Tenured: 1067657K(1123688K)->1464555K(2440928K)
[7.063s][info][gc,metaspace   ] GC(35) Metaspace: 6297K(6464K)->6297K(6464K) NonClass: 5764K(5824K)->5764K(5824K) Class: 533K(640K)->533K(640K)
[7.063s][info][gc             ] GC(35) Pause Full (Allocation Failure) 1484M->1484M(3456M) 1174.860ms
[7.063s][info][gc,cpu         ] GC(35) User=1.16s Sys=0.00s Real=1.17s
[8.037s][info][gc,start       ] GC(36) Pause Young (Allocation Failure)
[9.809s][info][gc,heap        ] GC(36) DefNew: 976384K(1098432K)->122047K(1098432K) Eden: 976384K(976384K)->0K(976384K) From: 0K(122048K)->122047K(122048K)
[9.809s][info][gc,heap        ] GC(36) Tenured: 1464555K(2440928K)->2318859K(2440928K)
[9.809s][info][gc,metaspace   ] GC(36) Metaspace: 6297K(6464K)->6297K(6464K) NonClass: 5764K(5824K)->5764K(5824K) Class: 533K(640K)->533K(640K)
[9.809s][info][gc             ] GC(36) Pause Young (Allocation Failure) 2383M->2383M(3456M) 1771.934ms
[9.809s][info][gc,cpu         ] GC(36) User=1.45s Sys=0.25s Real=1.77s
[10.812s][info][gc,start       ] GC(37) Pause Young (Allocation Failure)
[12.512s][info][gc             ] GC(37) Pause Young (Allocation Failure) 3337M->3337M(4290M) 1699.567ms
[12.512s][info][gc,cpu         ] GC(37) User=1.27s Sys=0.41s Real=1.70s
[12.512s][info][gc,start       ] GC(38) Pause Full (Allocation Failure)
[12.512s][info][gc,phases,start] GC(38) Phase 1: Mark live objects
[14.026s][info][gc,phases      ] GC(38) Phase 1: Mark live objects 1513.900ms
[14.026s][info][gc,phases,start] GC(38) Phase 2: Compute new object addresses
[14.531s][info][gc,phases      ] GC(38) Phase 2: Compute new object addresses 505.493ms
[14.531s][info][gc,phases,start] GC(38) Phase 3: Adjust pointers
[15.189s][info][gc,phases      ] GC(38) Phase 3: Adjust pointers 657.562ms
[15.189s][info][gc,phases,start] GC(38) Phase 4: Move objects
[15.828s][info][gc,phases      ] GC(38) Phase 4: Move objects 639.531ms
[15.838s][info][gc,heap        ] GC(38) DefNew: 1098431K(1098432K)->27788K(2471552K) Eden: 976384K(976384K)->27788K(2196992K) From: 122047K(122048K)->0K(274560K)
[15.838s][info][gc,heap        ] GC(38) Tenured: 2318859K(2440928K)->3295267K(5492116K)
[15.838s][info][gc,metaspace   ] GC(38) Metaspace: 6297K(6464K)->6297K(6464K) NonClass: 5764K(5824K)->5764K(5824K) Class: 533K(640K)->533K(640K)
[15.838s][info][gc             ] GC(38) Pause Full (Allocation Failure) 3337M->3245M(7777M) 3325.948ms
[15.838s][info][gc,cpu         ] GC(38) User=3.30s Sys=0.02s Real=3.33s
[18.050s][info][gc,start       ] GC(39) Pause Young (Allocation Failure)
[21.882s][info][gc,heap        ] GC(39) DefNew: 2196992K(2471552K)->274560K(2471552K) Eden: 2196992K(2196992K)->0K(2196992K) From: 0K(274560K)->274560K(274560K)
[21.882s][info][gc,heap        ] GC(39) Tenured: 3295267K(5492116K)->5217670K(5492116K)
[21.882s][info][gc,metaspace   ] GC(39) Metaspace: 6297K(6464K)->6297K(6464K) NonClass: 5764K(5824K)->5764K(5824K) Class: 533K(640K)->533K(640K)
[21.882s][info][gc             ] GC(39) Pause Young (Allocation Failure) 5363M->5363M(7777M) 3832.480ms
[21.882s][info][gc,cpu         ] GC(39) User=3.27s Sys=0.52s Real=3.83s
[23.954s][info][gc,start       ] GC(40) Pause Young (Allocation Failure)
[23.955s][info][gc             ] GC(40) Pause Young (Allocation Failure) 7509M->7509M(7777M) 0.130ms
[23.955s][info][gc,cpu         ] GC(40) User=0.00s Sys=0.00s Real=0.00s
[23.955s][info][gc,start       ] GC(41) Pause Full (Allocation Failure)
[23.955s][info][gc,phases,start] GC(41) Phase 1: Mark live objects
[27.520s][info][gc,phases      ] GC(41) Phase 1: Mark live objects 3565.781ms
[27.521s][info][gc,phases,start] GC(41) Phase 2: Compute new object addresses
[28.598s][info][gc,phases      ] GC(41) Phase 2: Compute new object addresses 1077.821ms
[28.598s][info][gc,phases,start] GC(41) Phase 3: Adjust pointers
[30.120s][info][gc,phases      ] GC(41) Phase 3: Adjust pointers 1521.522ms
[30.120s][info][gc,phases,start] GC(41) Phase 4: Move objects
[30.616s][info][gc,phases      ] GC(41) Phase 4: Move objects 495.836ms
[30.618s][info][gc,heap        ] GC(41) DefNew: 2471552K(2471552K)->2197080K(2471552K) Eden: 2196992K(2196992K)->2196991K(2196992K) From: 274560K(274560K)->88K(274560K)
[30.618s][info][gc,heap        ] GC(41) Tenured: 5217670K(5492116K)->5492115K(6348800K)
[30.618s][info][gc,metaspace   ] GC(41) Metaspace: 6297K(6464K)->6297K(6464K) NonClass: 5764K(5824K)->5764K(5824K) Class: 533K(640K)->533K(640K)
[30.618s][info][gc             ] GC(41) Pause Full (Allocation Failure) 7509M->7508M(8613M) 6663.713ms
[30.618s][info][gc,cpu         ] GC(41) User=6.55s Sys=0.06s Real=6.66s
[34.295s][info][gc,start       ] GC(42) Pause Full (Allocation Failure)
[34.295s][info][gc,phases,start] GC(42) Phase 1: Mark live objects
[38.306s][info][gc,phases      ] GC(42) Phase 1: Mark live objects 4010.801ms
[38.306s][info][gc,phases,start] GC(42) Phase 2: Compute new object addresses
[39.577s][info][gc,phases      ] GC(42) Phase 2: Compute new object addresses 1270.578ms
[39.577s][info][gc,phases,start] GC(42) Phase 3: Adjust pointers
[41.197s][info][gc,phases      ] GC(42) Phase 3: Adjust pointers 1620.458ms
[41.197s][info][gc,phases,start] GC(42) Phase 4: Move objects
[41.197s][info][gc,phases      ] GC(42) Phase 4: Move objects 0.018ms
[41.198s][info][gc,heap        ] GC(42) DefNew: 2471552K(2471552K)->2471552K(2471552K) Eden: 2196992K(2196992K)->2196992K(2196992K) From: 274560K(274560K)->274560K(274560K)
[41.198s][info][gc,heap        ] GC(42) Tenured: 6348799K(6348800K)->6348799K(6348800K)
[41.198s][info][gc,metaspace   ] GC(42) Metaspace: 6297K(6464K)->6297K(6464K) NonClass: 5764K(5824K)->5764K(5824K) Class: 533K(640K)->533K(640K)
[41.198s][info][gc             ] GC(42) Pause Full (Allocation Failure) 8613M->8613M(8613M) 6902.989ms
[41.198s][info][gc,cpu         ] GC(42) User=6.86s Sys=0.00s Real=6.90s
[41.198s][info][gc,start       ] GC(43) Pause Full (Allocation Failure)
[41.198s][info][gc,phases,start] GC(43) Phase 1: Mark live objects
[45.089s][info][gc,phases      ] GC(43) Phase 1: Mark live objects 3891.448ms
[45.090s][info][gc,phases,start] GC(43) Phase 2: Compute new object addresses
[46.268s][info][gc,phases      ] GC(43) Phase 2: Compute new object addresses 1178.115ms
[46.268s][info][gc,phases,start] GC(43) Phase 3: Adjust pointers
[48.224s][info][gc,phases      ] GC(43) Phase 3: Adjust pointers 1956.321ms
[48.224s][info][gc,phases,start] GC(43) Phase 4: Move objects
[49.830s][info][gc,phases      ] GC(43) Phase 4: Move objects 1606.235ms
[49.831s][info][gc,heap        ] GC(43) DefNew: 2471552K(2471552K)->2444082K(2471552K) Eden: 2196992K(2196992K)->2196991K(2196992K) From: 274560K(274560K)->247091K(274560K)
[49.831s][info][gc,heap        ] GC(43) Tenured: 6348799K(6348800K)->6245192K(6348800K)
[49.831s][info][gc,metaspace   ] GC(43) Metaspace: 6297K(6464K)->6296K(6464K) NonClass: 5764K(5824K)->5763K(5824K) Class: 533K(640K)->532K(640K)
[49.831s][info][gc             ] GC(43) Pause Full (Allocation Failure) 8613M->8485M(8613M) 8632.997ms
[49.831s][info][gc,cpu         ] GC(43) User=8.59s Sys=0.00s Real=8.63s
[50.220s][info][gc,start       ] GC(44) Pause Full (Allocation Failure)
[50.220s][info][gc,phases,start] GC(44) Phase 1: Mark live objects
[54.183s][info][gc,phases      ] GC(44) Phase 1: Mark live objects 3963.035ms
[54.183s][info][gc,phases,start] GC(44) Phase 2: Compute new object addresses
[55.382s][info][gc,phases      ] GC(44) Phase 2: Compute new object addresses 1199.171ms
[55.382s][info][gc,phases,start] GC(44) Phase 3: Adjust pointers
[57.022s][info][gc,phases      ] GC(44) Phase 3: Adjust pointers 1639.602ms
[57.022s][info][gc,phases,start] GC(44) Phase 4: Move objects
[57.022s][info][gc,phases      ] GC(44) Phase 4: Move objects 0.017ms
[57.023s][info][gc,heap        ] GC(44) DefNew: 2471551K(2471552K)->2471551K(2471552K) Eden: 2196991K(2196992K)->2196991K(2196992K) From: 274559K(274560K)->274559K(274560K)
[57.023s][info][gc,heap        ] GC(44) Tenured: 6348799K(6348800K)->6348799K(6348800K)
[57.023s][info][gc,metaspace   ] GC(44) Metaspace: 6296K(6464K)->6296K(6464K) NonClass: 5763K(5824K)->5763K(5824K) Class: 532K(640K)->532K(640K)
[57.023s][info][gc             ] GC(44) Pause Full (Allocation Failure) 8613M->8613M(8613M) 6802.699ms
[57.023s][info][gc,cpu         ] GC(44) User=6.78s Sys=0.00s Real=6.80s
[57.023s][info][gc,start       ] GC(45) Pause Full (Allocation Failure)
[57.023s][info][gc,phases,start] GC(45) Phase 1: Mark live objects
[60.959s][info][gc,phases      ] GC(45) Phase 1: Mark live objects 3936.309ms
[60.959s][info][gc,phases,start] GC(45) Phase 2: Compute new object addresses
[62.159s][info][gc,phases      ] GC(45) Phase 2: Compute new object addresses 1199.829ms
[62.159s][info][gc,phases,start] GC(45) Phase 3: Adjust pointers
[63.803s][info][gc,phases      ] GC(45) Phase 3: Adjust pointers 1643.952ms
[63.803s][info][gc,phases,start] GC(45) Phase 4: Move objects
[63.803s][info][gc,phases      ] GC(45) Phase 4: Move objects 0.017ms
[63.804s][info][gc,heap        ] GC(45) DefNew: 2471551K(2471552K)->2471551K(2471552K) Eden: 2196991K(2196992K)->2196991K(2196992K) From: 274559K(274560K)->274559K(274560K)
[63.804s][info][gc,heap        ] GC(45) Tenured: 6348799K(6348800K)->6348799K(6348800K)
[63.804s][info][gc,metaspace   ] GC(45) Metaspace: 6296K(6464K)->6296K(6464K) NonClass: 5763K(5824K)->5763K(5824K) Class: 532K(640K)->532K(640K)
[63.804s][info][gc             ] GC(45) Pause Full (Allocation Failure) 8613M->8613M(8613M) 6780.906ms
[63.804s][info][gc,cpu         ] GC(45) User=6.80s Sys=0.00s Real=6.78s
[63.804s][info][gc,start       ] GC(46) Pause Full (Allocation Failure)
[63.804s][info][gc,phases,start] GC(46) Phase 1: Mark live objects
[67.754s][info][gc,phases      ] GC(46) Phase 1: Mark live objects 3949.751ms
[67.754s][info][gc,phases,start] GC(46) Phase 2: Compute new object addresses
[68.968s][info][gc,phases      ] GC(46) Phase 2: Compute new object addresses 1213.590ms
[68.968s][info][gc,phases,start] GC(46) Phase 3: Adjust pointers
[70.634s][info][gc,phases      ] GC(46) Phase 3: Adjust pointers 1666.013ms
[70.634s][info][gc,phases,start] GC(46) Phase 4: Move objects
[70.634s][info][gc,phases      ] GC(46) Phase 4: Move objects 0.018ms
[70.634s][info][gc,heap        ] GC(46) DefNew: 2471551K(2471552K)->2471551K(2471552K) Eden: 2196991K(2196992K)->2196991K(2196992K) From: 274560K(274560K)->274560K(274560K)
[70.634s][info][gc,heap        ] GC(46) Tenured: 6348799K(6348800K)->6348799K(6348800K)
[70.634s][info][gc,metaspace   ] GC(46) Metaspace: 6296K(6464K)->6296K(6464K) NonClass: 5763K(5824K)->5763K(5824K) Class: 532K(640K)->532K(640K)
[70.634s][info][gc             ] GC(46) Pause Full (Allocation Failure) 8613M->8613M(8613M) 6830.257ms
[70.634s][info][gc,cpu         ] GC(46) User=6.78s Sys=0.00s Real=6.83s
[70.634s][info][gc,start       ] GC(47) Pause Full (Allocation Failure)
[70.634s][info][gc,phases,start] GC(47) Phase 1: Mark live objects
[74.583s][info][gc,phases      ] GC(47) Phase 1: Mark live objects 3948.048ms
[74.583s][info][gc,phases,start] GC(47) Phase 2: Compute new object addresses
[75.779s][info][gc,phases      ] GC(47) Phase 2: Compute new object addresses 1196.112ms
[75.779s][info][gc,phases,start] GC(47) Phase 3: Adjust pointers
[77.705s][info][gc,phases      ] GC(47) Phase 3: Adjust pointers 1926.597ms
[77.705s][info][gc,phases,start] GC(47) Phase 4: Move objects
[78.761s][info][gc,phases      ] GC(47) Phase 4: Move objects 1055.919ms
[78.762s][info][gc,heap        ] GC(47) DefNew: 2471551K(2471552K)->2471551K(2471552K) Eden: 2196991K(2196992K)->2196991K(2196992K) From: 274560K(274560K)->274560K(274560K)
[78.762s][info][gc,heap        ] GC(47) Tenured: 6348799K(6348800K)->6348798K(6348800K)
[78.762s][info][gc,metaspace   ] GC(47) Metaspace: 6296K(6464K)->6296K(6464K) NonClass: 5763K(5824K)->5763K(5824K) Class: 532K(640K)->532K(640K)
[78.762s][info][gc             ] GC(47) Pause Full (Allocation Failure) 8613M->8613M(8613M) 8127.554ms
[78.762s][info][gc,cpu         ] GC(47) User=8.12s Sys=0.00s Real=8.13s
[78.763s][info][gc,start       ] GC(48) Pause Full (Allocation Failure)
[78.763s][info][gc,phases,start] GC(48) Phase 1: Mark live objects
[82.714s][info][gc,phases      ] GC(48) Phase 1: Mark live objects 3950.453ms
[82.714s][info][gc,phases,start] GC(48) Phase 2: Compute new object addresses
[83.908s][info][gc,phases      ] GC(48) Phase 2: Compute new object addresses 1194.045ms
[83.908s][info][gc,phases,start] GC(48) Phase 3: Adjust pointers
[85.837s][info][gc,phases      ] GC(48) Phase 3: Adjust pointers 1929.548ms
[85.838s][info][gc,phases,start] GC(48) Phase 4: Move objects
[86.889s][info][gc,phases      ] GC(48) Phase 4: Move objects 1051.801ms
[86.890s][info][gc,heap        ] GC(48) DefNew: 2471551K(2471552K)->2471551K(2471552K) Eden: 2196991K(2196992K)->2196991K(2196992K) From: 274560K(274560K)->274560K(274560K)
[86.890s][info][gc,heap        ] GC(48) Tenured: 6348799K(6348800K)->6348796K(6348800K)
[86.890s][info][gc,metaspace   ] GC(48) Metaspace: 6298K(6464K)->6298K(6464K) NonClass: 5764K(5824K)->5764K(5824K) Class: 533K(640K)->533K(640K)
[86.890s][info][gc             ] GC(48) Pause Full (Allocation Failure) 8613M->8613M(8613M) 8126.766ms
[86.890s][info][gc,cpu         ] GC(48) User=8.08s Sys=0.00s Real=8.13s
[86.891s][info][gc,heap,exit   ] Heap
[86.891s][info][gc,heap,exit   ]  def new generation   total 2471552K, used 2471551K [0x00000005bac00000, 0x00000006625c0000, 0x000000067c800000)
[86.891s][info][gc,heap,exit   ]   eden space 2196992K,  99% used [0x00000005bac00000, 0x0000000640d7fff8, 0x0000000640d80000)
[86.891s][info][gc,heap,exit   ]   from space 274560K, 100% used [0x00000006519a0000, 0x00000006625c0000, 0x00000006625c0000)
[86.891s][info][gc,heap,exit   ]   to   space 274560K,   0% used [0x0000000640d80000, 0x0000000640d80000, 0x00000006519a0000)
[86.891s][info][gc,heap,exit   ]  tenured generation   total 6348800K, used 6348797K [0x000000067c800000, 0x0000000800000000, 0x0000000800000000)
[86.891s][info][gc,heap,exit   ]    the space 6348800K,  99% used [0x000000067c800000, 0x00000007fffff610, 0x00000007fffff800, 0x0000000800000000)
[86.891s][info][gc,heap,exit   ]  Metaspace       used 6301K, committed 6464K, reserved 1114112K
[86.891s][info][gc,heap,exit   ]   class space    used 534K, committed 640K, reserved 1048576K
