[0.010s][info][gc,init] CardTable entry size: 512
[0.010s][info][gc     ] Using Serial
[0.010s][info][gc,init] Version: 18.0.1+10 (release)
[0.010s][info][gc,init] CPUs: 8 total, 8 available
[0.010s][info][gc,init] Memory: 16063M
[0.011s][info][gc,init] Large Page Support: Disabled
[0.011s][info][gc,init] NUMA Support: Disabled
[0.011s][info][gc,init] Compressed Oops: Enabled (Zero based)
[0.011s][info][gc,init] Heap Min Capacity: 2M
[0.011s][info][gc,init] Heap Initial Capacity: 2M
[0.011s][info][gc,init] Heap Max Capacity: 6400M
[0.011s][info][gc,init] Pre-touch: Disabled
[0.011s][info][gc,metaspace] CDS archive(s) not mapped
[0.011s][info][gc,metaspace] Compressed class space mapped at: 0x0000000800000000-0x0000000840000000, reserved size: 1073741824
[0.011s][info][gc,metaspace] Narrow klass base: 0x0000000800000000, Narrow klass shift: 0, Narrow klass range: 0x40000000
[0.161s][info][gc,start    ] GC(0) Pause Young (Allocation Failure)
[0.163s][info][gc,heap     ] GC(0) DefNew: 1023K(1152K)->127K(1152K) Eden: 1023K(1024K)->0K(1024K) From: 0K(128K)->127K(128K)
[0.163s][info][gc,heap     ] GC(0) Tenured: 0K(768K)->440K(768K)
[0.163s][info][gc,metaspace] GC(0) Metaspace: 5903K(6016K)->5903K(6016K) NonClass: 5403K(5504K)->5403K(5504K) Class: 499K(512K)->499K(512K)
[0.163s][info][gc          ] GC(0) Pause Young (Allocation Failure) 0M->0M(1M) 1.576ms
[0.163s][info][gc,cpu      ] GC(0) User=0.00s Sys=0.00s Real=0.00s
[0.181s][info][gc,start    ] GC(1) Pause Young (Allocation Failure)
[0.182s][info][gc          ] GC(1) Pause Young (Allocation Failure) 1M->0M(2M) 1.254ms
[0.182s][info][gc,cpu      ] GC(1) User=0.00s Sys=0.00s Real=0.00s
[0.182s][info][gc,start    ] GC(2) Pause Full (Allocation Failure)
[0.182s][info][gc,phases,start] GC(2) Phase 1: Mark live objects
[0.183s][info][gc,phases      ] GC(2) Phase 1: Mark live objects 0.924ms
[0.183s][info][gc,phases,start] GC(2) Phase 2: Compute new object addresses
[0.183s][info][gc,phases      ] GC(2) Phase 2: Compute new object addresses 0.216ms
[0.183s][info][gc,phases,start] GC(2) Phase 3: Adjust pointers
[0.184s][info][gc,phases      ] GC(2) Phase 3: Adjust pointers 0.467ms
[0.184s][info][gc,phases,start] GC(2) Phase 4: Move objects
[0.184s][info][gc,phases      ] GC(2) Phase 4: Move objects 0.068ms
[0.184s][info][gc,heap        ] GC(2) DefNew: 1151K(1152K)->40K(1152K) Eden: 1024K(1024K)->40K(1024K) From: 127K(128K)->0K(128K)
[0.184s][info][gc,heap        ] GC(2) Tenured: 440K(768K)->960K(1600K)
[0.184s][info][gc,metaspace   ] GC(2) Metaspace: 6300K(6528K)->6300K(6528K) NonClass: 5767K(5888K)->5767K(5888K) Class: 533K(640K)->533K(640K)
[0.184s][info][gc             ] GC(2) Pause Full (Allocation Failure) 0M->0M(2M) 1.995ms
[0.184s][info][gc,cpu         ] GC(2) User=0.00s Sys=0.00s Real=0.00s
[0.185s][info][gc,start       ] GC(3) Pause Young (Allocation Failure)
[0.187s][info][gc,heap        ] GC(3) DefNew: 1024K(1152K)->128K(1152K) Eden: 1024K(1024K)->0K(1024K) From: 0K(128K)->128K(128K)
[0.187s][info][gc,heap        ] GC(3) Tenured: 960K(1600K)->1375K(1600K)
[0.187s][info][gc,metaspace   ] GC(3) Metaspace: 6300K(6528K)->6300K(6528K) NonClass: 5767K(5888K)->5767K(5888K) Class: 533K(640K)->533K(640K)
[0.187s][info][gc             ] GC(3) Pause Young (Allocation Failure) 1M->1M(2M) 1.412ms
[0.187s][info][gc,cpu         ] GC(3) User=0.00s Sys=0.00s Real=0.00s
[0.188s][info][gc,start       ] GC(4) Pause Young (Allocation Failure)
[0.189s][info][gc             ] GC(4) Pause Young (Allocation Failure) 2M->1M(3M) 1.105ms
[0.189s][info][gc,cpu         ] GC(4) User=0.00s Sys=0.00s Real=0.00s
[0.189s][info][gc,start       ] GC(5) Pause Full (Allocation Failure)
[0.189s][info][gc,phases,start] GC(5) Phase 1: Mark live objects
[0.191s][info][gc,phases      ] GC(5) Phase 1: Mark live objects 1.238ms
[0.191s][info][gc,phases,start] GC(5) Phase 2: Compute new object addresses
[0.191s][info][gc,phases      ] GC(5) Phase 2: Compute new object addresses 0.330ms
[0.191s][info][gc,phases,start] GC(5) Phase 3: Adjust pointers
[0.192s][info][gc,phases      ] GC(5) Phase 3: Adjust pointers 0.692ms
[0.192s][info][gc,phases,start] GC(5) Phase 4: Move objects
[0.192s][info][gc,phases      ] GC(5) Phase 4: Move objects 0.073ms
[0.192s][info][gc,heap        ] GC(5) DefNew: 1152K(1152K)->35K(1536K) Eden: 1024K(1024K)->35K(1408K) From: 128K(128K)->0K(128K)
[0.192s][info][gc,heap        ] GC(5) Tenured: 1375K(1600K)->1983K(3308K)
[0.192s][info][gc,metaspace   ] GC(5) Metaspace: 6300K(6528K)->6300K(6528K) NonClass: 5767K(5888K)->5767K(5888K) Class: 533K(640K)->533K(640K)
[0.192s][info][gc             ] GC(5) Pause Full (Allocation Failure) 1M->1M(4M) 2.641ms
[0.192s][info][gc,cpu         ] GC(5) User=0.00s Sys=0.00s Real=0.00s
[0.193s][info][gc,start       ] GC(6) Pause Young (Allocation Failure)
[0.195s][info][gc,heap        ] GC(6) DefNew: 1408K(1536K)->127K(1536K) Eden: 1408K(1408K)->0K(1408K) From: 0K(128K)->127K(128K)
[0.195s][info][gc,heap        ] GC(6) Tenured: 1983K(3308K)->2617K(3308K)
[0.195s][info][gc,metaspace   ] GC(6) Metaspace: 6300K(6528K)->6300K(6528K) NonClass: 5767K(5888K)->5767K(5888K) Class: 533K(640K)->533K(640K)
[0.195s][info][gc             ] GC(6) Pause Young (Allocation Failure) 3M->2M(4M) 1.575ms
[0.195s][info][gc,cpu         ] GC(6) User=0.00s Sys=0.00s Real=0.00s
[0.196s][info][gc,start       ] GC(7) Pause Young (Allocation Failure)
[0.198s][info][gc             ] GC(7) Pause Young (Allocation Failure) 4M->3M(4M) 1.704ms
[0.198s][info][gc,cpu         ] GC(7) User=0.00s Sys=0.00s Real=0.00s
[0.198s][info][gc,start       ] GC(8) Pause Full (Allocation Failure)
[0.198s][info][gc,phases,start] GC(8) Phase 1: Mark live objects
[0.200s][info][gc,phases      ] GC(8) Phase 1: Mark live objects 1.838ms
[0.200s][info][gc,phases,start] GC(8) Phase 2: Compute new object addresses
[0.201s][info][gc,phases      ] GC(8) Phase 2: Compute new object addresses 0.522ms
[0.201s][info][gc,phases,start] GC(8) Phase 3: Adjust pointers
[0.201s][info][gc,phases      ] GC(8) Phase 3: Adjust pointers 0.814ms
[0.202s][info][gc,phases,start] GC(8) Phase 4: Move objects
[0.202s][info][gc,phases      ] GC(8) Phase 4: Move objects 0.071ms
[0.202s][info][gc,heap        ] GC(8) DefNew: 1535K(1536K)->0K(2688K) Eden: 1408K(1408K)->0K(2432K) From: 127K(128K)->0K(256K)
[0.202s][info][gc,heap        ] GC(8) Tenured: 2617K(3308K)->3460K(5768K)
[0.202s][info][gc,metaspace   ] GC(8) Metaspace: 6300K(6528K)->6300K(6528K) NonClass: 5767K(5888K)->5767K(5888K) Class: 533K(640K)->533K(640K)
[0.202s][info][gc             ] GC(8) Pause Full (Allocation Failure) 3M->3M(8M) 3.478ms
[0.202s][info][gc,cpu         ] GC(8) User=0.00s Sys=0.00s Real=0.00s
[0.205s][info][gc,start       ] GC(9) Pause Young (Allocation Failure)
[0.208s][info][gc,heap        ] GC(9) DefNew: 2431K(2688K)->256K(2688K) Eden: 2431K(2432K)->0K(2432K) From: 0K(256K)->256K(256K)
[0.208s][info][gc,heap        ] GC(9) Tenured: 3460K(5768K)->4512K(5768K)
[0.208s][info][gc,metaspace   ] GC(9) Metaspace: 6300K(6528K)->6300K(6528K) NonClass: 5767K(5888K)->5767K(5888K) Class: 533K(640K)->533K(640K)
[0.208s][info][gc             ] GC(9) Pause Young (Allocation Failure) 5M->4M(8M) 2.268ms
[0.208s][info][gc,cpu         ] GC(9) User=0.00s Sys=0.00s Real=0.00s
[0.210s][info][gc,start       ] GC(10) Pause Young (Allocation Failure)
[0.213s][info][gc,heap        ] GC(10) DefNew: 2688K(2688K)->255K(2688K) Eden: 2432K(2432K)->0K(2432K) From: 256K(256K)->255K(256K)
[0.213s][info][gc,heap        ] GC(10) Tenured: 4512K(5768K)->5755K(5768K)
[0.213s][info][gc,metaspace   ] GC(10) Metaspace: 6300K(6528K)->6300K(6528K) NonClass: 5767K(5888K)->5767K(5888K) Class: 533K(640K)->533K(640K)
[0.213s][info][gc             ] GC(10) Pause Young (Allocation Failure) 7M->5M(8M) 2.752ms
[0.213s][info][gc,cpu         ] GC(10) User=0.00s Sys=0.00s Real=0.00s
[0.215s][info][gc,start       ] GC(11) Pause Young (Allocation Failure)
[0.218s][info][gc             ] GC(11) Pause Young (Allocation Failure) 8M->7M(9M) 2.788ms
[0.218s][info][gc,cpu         ] GC(11) User=0.00s Sys=0.00s Real=0.00s
[0.218s][info][gc,start       ] GC(12) Pause Full (Allocation Failure)
[0.218s][info][gc,phases,start] GC(12) Phase 1: Mark live objects
[0.222s][info][gc,phases      ] GC(12) Phase 1: Mark live objects 3.833ms
[0.222s][info][gc,phases,start] GC(12) Phase 2: Compute new object addresses
[0.223s][info][gc,phases      ] GC(12) Phase 2: Compute new object addresses 1.109ms
[0.223s][info][gc,phases,start] GC(12) Phase 3: Adjust pointers
[0.225s][info][gc,phases      ] GC(12) Phase 3: Adjust pointers 1.641ms
[0.225s][info][gc,phases,start] GC(12) Phase 4: Move objects
[0.226s][info][gc,phases      ] GC(12) Phase 4: Move objects 1.237ms
[0.226s][info][gc,heap        ] GC(12) DefNew: 2687K(2688K)->0K(5376K) Eden: 2432K(2432K)->0K(4800K) From: 255K(256K)->0K(576K)
[0.227s][info][gc,heap        ] GC(12) Tenured: 5755K(5768K)->7132K(11888K)
[0.227s][info][gc,metaspace   ] GC(12) Metaspace: 6300K(6528K)->6300K(6528K) NonClass: 5767K(5888K)->5767K(5888K) Class: 533K(640K)->533K(640K)
[0.227s][info][gc             ] GC(12) Pause Full (Allocation Failure) 7M->6M(16M) 8.339ms
[0.227s][info][gc,cpu         ] GC(12) User=0.00s Sys=0.00s Real=0.01s
[0.232s][info][gc,start       ] GC(13) Pause Young (Allocation Failure)
[0.237s][info][gc,heap        ] GC(13) DefNew: 4800K(5376K)->575K(5376K) Eden: 4800K(4800K)->0K(4800K) From: 0K(576K)->575K(576K)
[0.237s][info][gc,heap        ] GC(13) Tenured: 7132K(11888K)->9027K(11888K)
[0.237s][info][gc,metaspace   ] GC(13) Metaspace: 6300K(6528K)->6300K(6528K) NonClass: 5767K(5888K)->5767K(5888K) Class: 533K(640K)->533K(640K)
[0.237s][info][gc             ] GC(13) Pause Young (Allocation Failure) 11M->9M(16M) 4.990ms
[0.237s][info][gc,cpu         ] GC(13) User=0.00s Sys=0.00s Real=0.00s
[0.242s][info][gc,start       ] GC(14) Pause Young (Allocation Failure)
[0.247s][info][gc,heap        ] GC(14) DefNew: 5375K(5376K)->576K(5376K) Eden: 4800K(4800K)->0K(4800K) From: 575K(576K)->576K(576K)
[0.247s][info][gc,heap        ] GC(14) Tenured: 9027K(11888K)->11747K(11888K)
[0.247s][info][gc,metaspace   ] GC(14) Metaspace: 6300K(6528K)->6300K(6528K) NonClass: 5767K(5888K)->5767K(5888K) Class: 533K(640K)->533K(640K)
[0.247s][info][gc             ] GC(14) Pause Young (Allocation Failure) 14M->12M(16M) 5.447ms
[0.247s][info][gc,cpu         ] GC(14) User=0.00s Sys=0.00s Real=0.01s
[0.251s][info][gc,start       ] GC(15) Pause Young (Allocation Failure)
[0.257s][info][gc             ] GC(15) Pause Young (Allocation Failure) 16M->14M(19M) 5.620ms
[0.257s][info][gc,cpu         ] GC(15) User=0.00s Sys=0.00s Real=0.01s
[0.257s][info][gc,start       ] GC(16) Pause Full (Allocation Failure)
[0.257s][info][gc,phases,start] GC(16) Phase 1: Mark live objects
[0.264s][info][gc,phases      ] GC(16) Phase 1: Mark live objects 7.461ms
[0.264s][info][gc,phases,start] GC(16) Phase 2: Compute new object addresses
[0.267s][info][gc,phases      ] GC(16) Phase 2: Compute new object addresses 2.618ms
[0.267s][info][gc,phases,start] GC(16) Phase 3: Adjust pointers
[0.270s][info][gc,phases      ] GC(16) Phase 3: Adjust pointers 2.988ms
[0.270s][info][gc,phases,start] GC(16) Phase 4: Move objects
[0.270s][info][gc,phases      ] GC(16) Phase 4: Move objects 0.186ms
[0.271s][info][gc,heap        ] GC(16) DefNew: 5376K(5376K)->387K(10880K) Eden: 4800K(4800K)->387K(9728K) From: 576K(576K)->0K(1152K)
[0.271s][info][gc,heap        ] GC(16) Tenured: 11747K(11888K)->14383K(23976K)
[0.271s][info][gc,metaspace   ] GC(16) Metaspace: 6302K(6528K)->6302K(6528K) NonClass: 5769K(5888K)->5769K(5888K) Class: 533K(640K)->533K(640K)
[0.271s][info][gc             ] GC(16) Pause Full (Allocation Failure) 14M->14M(34M) 13.637ms
[0.271s][info][gc,cpu         ] GC(16) User=0.02s Sys=0.00s Real=0.01s
[0.280s][info][gc,start       ] GC(17) Pause Young (Allocation Failure)
[0.292s][info][gc,heap        ] GC(17) DefNew: 9728K(10880K)->1151K(10880K) Eden: 9728K(9728K)->0K(9728K) From: 0K(1152K)->1151K(1152K)
[0.292s][info][gc,heap        ] GC(17) Tenured: 14383K(23976K)->18415K(23976K)
[0.292s][info][gc,metaspace   ] GC(17) Metaspace: 6302K(6528K)->6302K(6528K) NonClass: 5769K(5888K)->5769K(5888K) Class: 533K(640K)->533K(640K)
[0.292s][info][gc             ] GC(17) Pause Young (Allocation Failure) 23M->19M(34M) 12.743ms
[0.292s][info][gc,cpu         ] GC(17) User=0.00s Sys=0.00s Real=0.01s
[0.302s][info][gc,start       ] GC(18) Pause Young (Allocation Failure)
[0.313s][info][gc,heap        ] GC(18) DefNew: 10879K(10880K)->1151K(10880K) Eden: 9728K(9728K)->0K(9728K) From: 1151K(1152K)->1151K(1152K)
[0.314s][info][gc,heap        ] GC(18) Tenured: 18415K(23976K)->23936K(23976K)
[0.314s][info][gc,metaspace   ] GC(18) Metaspace: 6302K(6528K)->6302K(6528K) NonClass: 5769K(5888K)->5769K(5888K) Class: 533K(640K)->533K(640K)
[0.314s][info][gc             ] GC(18) Pause Young (Allocation Failure) 28M->24M(34M) 11.894ms
[0.314s][info][gc,cpu         ] GC(18) User=0.00s Sys=0.00s Real=0.01s
[0.319s][info][gc,start       ] GC(19) Pause Young (Allocation Failure)
[0.330s][info][gc             ] GC(19) Pause Young (Allocation Failure) 34M->29M(38M) 11.400ms
[0.330s][info][gc,cpu         ] GC(19) User=0.00s Sys=0.00s Real=0.01s
[0.330s][info][gc,start       ] GC(20) Pause Full (Allocation Failure)
[0.330s][info][gc,phases,start] GC(20) Phase 1: Mark live objects
[0.344s][info][gc,phases      ] GC(20) Phase 1: Mark live objects 14.112ms
[0.345s][info][gc,phases,start] GC(20) Phase 2: Compute new object addresses
[0.349s][info][gc,phases      ] GC(20) Phase 2: Compute new object addresses 4.678ms
[0.349s][info][gc,phases,start] GC(20) Phase 3: Adjust pointers
[0.355s][info][gc,phases      ] GC(20) Phase 3: Adjust pointers 5.339ms
[0.355s][info][gc,phases,start] GC(20) Phase 4: Move objects
[0.355s][info][gc,phases      ] GC(20) Phase 4: Move objects 0.181ms
[0.355s][info][gc,heap        ] GC(20) DefNew: 10879K(10880K)->1080K(21888K) Eden: 9728K(9728K)->1080K(19520K) From: 1151K(1152K)->0K(2368K)
[0.355s][info][gc,heap        ] GC(20) Tenured: 23936K(23976K)->29035K(48396K)
[0.355s][info][gc,metaspace   ] GC(20) Metaspace: 6302K(6528K)->6302K(6528K) NonClass: 5769K(5888K)->5769K(5888K) Class: 533K(640K)->533K(640K)
[0.355s][info][gc             ] GC(20) Pause Full (Allocation Failure) 29M->29M(68M) 24.774ms
[0.355s][info][gc,cpu         ] GC(20) User=0.03s Sys=0.00s Real=0.03s
[0.372s][info][gc,start       ] GC(21) Pause Young (Allocation Failure)
[0.405s][info][gc,heap        ] GC(21) DefNew: 19520K(21888K)->2367K(21888K) Eden: 19520K(19520K)->0K(19520K) From: 0K(2368K)->2367K(2368K)
[0.405s][info][gc,heap        ] GC(21) Tenured: 29035K(48396K)->41022K(48396K)
[0.405s][info][gc,metaspace   ] GC(21) Metaspace: 6302K(6528K)->6302K(6528K) NonClass: 5769K(5888K)->5769K(5888K) Class: 533K(640K)->533K(640K)
[0.405s][info][gc             ] GC(21) Pause Young (Allocation Failure) 47M->42M(68M) 32.663ms
[0.405s][info][gc,cpu         ] GC(21) User=0.03s Sys=0.00s Real=0.03s
[0.422s][info][gc,start       ] GC(22) Pause Young (Allocation Failure)
[0.459s][info][gc             ] GC(22) Pause Young (Allocation Failure) 61M->61M(80M) 36.244ms
[0.459s][info][gc,cpu         ] GC(22) User=0.03s Sys=0.00s Real=0.04s
[0.459s][info][gc,start       ] GC(23) Pause Full (Allocation Failure)
[0.459s][info][gc,phases,start] GC(23) Phase 1: Mark live objects
[0.488s][info][gc,phases      ] GC(23) Phase 1: Mark live objects 28.843ms
[0.488s][info][gc,phases,start] GC(23) Phase 2: Compute new object addresses
[0.498s][info][gc,phases      ] GC(23) Phase 2: Compute new object addresses 9.935ms
[0.498s][info][gc,phases,start] GC(23) Phase 3: Adjust pointers
[0.509s][info][gc,phases      ] GC(23) Phase 3: Adjust pointers 10.985ms
[0.509s][info][gc,phases,start] GC(23) Phase 4: Move objects
[0.509s][info][gc,phases      ] GC(23) Phase 4: Move objects 0.428ms
[0.509s][info][gc,heap        ] GC(23) DefNew: 21887K(21888K)->2194K(45568K) Eden: 19520K(19520K)->2194K(40512K) From: 2367K(2368K)->0K(5056K)
[0.509s][info][gc,heap        ] GC(23) Tenured: 41022K(48396K)->60683K(101140K)
[0.509s][info][gc,metaspace   ] GC(23) Metaspace: 6302K(6528K)->6302K(6528K) NonClass: 5769K(5888K)->5769K(5888K) Class: 533K(640K)->533K(640K)
[0.510s][info][gc             ] GC(23) Pause Full (Allocation Failure) 61M->61M(143M) 50.940ms
[0.510s][info][gc,cpu         ] GC(23) User=0.03s Sys=0.00s Real=0.05s
[0.554s][info][gc,start       ] GC(24) Pause Young (Allocation Failure)
[0.618s][info][gc,heap        ] GC(24) DefNew: 40512K(45568K)->5055K(45568K) Eden: 40512K(40512K)->0K(40512K) From: 0K(5056K)->5055K(5056K)
[0.618s][info][gc,heap        ] GC(24) Tenured: 60683K(101140K)->96114K(101140K)
[0.618s][info][gc,metaspace   ] GC(24) Metaspace: 6302K(6528K)->6302K(6528K) NonClass: 5769K(5888K)->5769K(5888K) Class: 533K(640K)->533K(640K)
[0.618s][info][gc             ] GC(24) Pause Young (Allocation Failure) 98M->98M(143M) 64.606ms
[0.618s][info][gc,cpu         ] GC(24) User=0.06s Sys=0.00s Real=0.06s
[0.651s][info][gc,start       ] GC(25) Pause Young (Allocation Failure)
[0.727s][info][gc             ] GC(25) Pause Young (Allocation Failure) 138M->138M(178M) 76.184ms
[0.727s][info][gc,cpu         ] GC(25) User=0.06s Sys=0.00s Real=0.08s
[0.728s][info][gc,start       ] GC(26) Pause Full (Allocation Failure)
[0.728s][info][gc,phases,start] GC(26) Phase 1: Mark live objects
[0.788s][info][gc,phases      ] GC(26) Phase 1: Mark live objects 60.094ms
[0.788s][info][gc,phases,start] GC(26) Phase 2: Compute new object addresses
[0.810s][info][gc,phases      ] GC(26) Phase 2: Compute new object addresses 21.952ms
[0.810s][info][gc,phases,start] GC(26) Phase 3: Adjust pointers
[0.838s][info][gc,phases      ] GC(26) Phase 3: Adjust pointers 28.251ms
[0.838s][info][gc,phases,start] GC(26) Phase 4: Move objects
[0.865s][info][gc,phases      ] GC(26) Phase 4: Move objects 26.655ms
[0.865s][info][gc,heap        ] GC(26) DefNew: 45567K(45568K)->1078K(102592K) Eden: 40512K(40512K)->1078K(91200K) From: 5055K(5056K)->0K(11392K)
[0.865s][info][gc,heap        ] GC(26) Tenured: 96114K(101140K)->136727K(227880K)
[0.865s][info][gc,metaspace   ] GC(26) Metaspace: 6302K(6528K)->6302K(6528K) NonClass: 5769K(5888K)->5769K(5888K) Class: 533K(640K)->533K(640K)
[0.865s][info][gc             ] GC(26) Pause Full (Allocation Failure) 138M->134M(322M) 137.887ms
[0.865s][info][gc,cpu         ] GC(26) User=0.12s Sys=0.00s Real=0.14s
[0.961s][info][gc,start       ] GC(27) Pause Young (Allocation Failure)
[1.116s][info][gc,heap        ] GC(27) DefNew: 91200K(102592K)->11391K(102592K) Eden: 91200K(91200K)->0K(91200K) From: 0K(11392K)->11391K(11392K)
[1.116s][info][gc,heap        ] GC(27) Tenured: 136727K(227880K)->216506K(227880K)
[1.116s][info][gc,metaspace   ] GC(27) Metaspace: 6302K(6528K)->6302K(6528K) NonClass: 5769K(5888K)->5769K(5888K) Class: 533K(640K)->533K(640K)
[1.116s][info][gc             ] GC(27) Pause Young (Allocation Failure) 222M->222M(322M) 154.865ms
[1.116s][info][gc,cpu         ] GC(27) User=0.12s Sys=0.03s Real=0.15s
[1.197s][info][gc,start       ] GC(28) Pause Young (Allocation Failure)
[1.372s][info][gc             ] GC(28) Pause Young (Allocation Failure) 311M->311M(400M) 175.103ms
[1.372s][info][gc,cpu         ] GC(28) User=0.16s Sys=0.02s Real=0.17s
[1.372s][info][gc,start       ] GC(29) Pause Full (Allocation Failure)
[1.372s][info][gc,phases,start] GC(29) Phase 1: Mark live objects
[1.516s][info][gc,phases      ] GC(29) Phase 1: Mark live objects 143.728ms
[1.516s][info][gc,phases,start] GC(29) Phase 2: Compute new object addresses
[1.568s][info][gc,phases      ] GC(29) Phase 2: Compute new object addresses 52.143ms
[1.568s][info][gc,phases,start] GC(29) Phase 3: Adjust pointers
[1.623s][info][gc,phases      ] GC(29) Phase 3: Adjust pointers 54.564ms
[1.623s][info][gc,phases,start] GC(29) Phase 4: Move objects
[1.625s][info][gc,phases      ] GC(29) Phase 4: Move objects 2.273ms
[1.626s][info][gc,heap        ] GC(29) DefNew: 102591K(102592K)->11373K(230848K) Eden: 91200K(91200K)->11373K(205248K) From: 11391K(11392K)->0K(25600K)
[1.626s][info][gc,heap        ] GC(29) Tenured: 216506K(227880K)->307691K(512820K)
[1.626s][info][gc,metaspace   ] GC(29) Metaspace: 6302K(6528K)->6302K(6528K) NonClass: 5769K(5888K)->5769K(5888K) Class: 533K(640K)->533K(640K)
[1.626s][info][gc             ] GC(29) Pause Full (Allocation Failure) 311M->311M(726M) 253.973ms
[1.626s][info][gc,cpu         ] GC(29) User=0.25s Sys=0.00s Real=0.25s
[1.837s][info][gc,start       ] GC(30) Pause Young (Allocation Failure)
[2.182s][info][gc,heap        ] GC(30) DefNew: 205248K(230848K)->25599K(230848K) Eden: 205248K(205248K)->0K(205248K) From: 0K(25600K)->25599K(25600K)
[2.182s][info][gc,heap        ] GC(30) Tenured: 307691K(512820K)->487314K(512820K)
[2.182s][info][gc,metaspace   ] GC(30) Metaspace: 6302K(6528K)->6302K(6528K) NonClass: 5769K(5888K)->5769K(5888K) Class: 533K(640K)->533K(640K)
[2.182s][info][gc             ] GC(30) Pause Young (Allocation Failure) 500M->500M(726M) 344.436ms
[2.182s][info][gc,cpu         ] GC(30) User=0.31s Sys=0.02s Real=0.34s
[2.367s][info][gc,start       ] GC(31) Pause Young (Allocation Failure)
[2.762s][info][gc             ] GC(31) Pause Young (Allocation Failure) 701M->700M(901M) 395.131ms
[2.762s][info][gc,cpu         ] GC(31) User=0.31s Sys=0.06s Real=0.39s
[2.762s][info][gc,start       ] GC(32) Pause Full (Allocation Failure)
[2.762s][info][gc,phases,start] GC(32) Phase 1: Mark live objects
[3.079s][info][gc,phases      ] GC(32) Phase 1: Mark live objects 316.307ms
[3.079s][info][gc,phases,start] GC(32) Phase 2: Compute new object addresses
[3.187s][info][gc,phases      ] GC(32) Phase 2: Compute new object addresses 108.466ms
[3.187s][info][gc,phases,start] GC(32) Phase 3: Adjust pointers
[3.305s][info][gc,phases      ] GC(32) Phase 3: Adjust pointers 118.223ms
[3.305s][info][gc,phases,start] GC(32) Phase 4: Move objects
[3.310s][info][gc,phases      ] GC(32) Phase 4: Move objects 5.022ms
[3.312s][info][gc,heap        ] GC(32) DefNew: 230847K(230848K)->25508K(518976K) Eden: 205248K(205248K)->25508K(461312K) From: 25599K(25600K)->0K(57664K)
[3.312s][info][gc,heap        ] GC(32) Tenured: 487314K(512820K)->691955K(1153260K)
[3.312s][info][gc,metaspace   ] GC(32) Metaspace: 6302K(6528K)->6302K(6528K) NonClass: 5769K(5888K)->5769K(5888K) Class: 533K(640K)->533K(640K)
[3.312s][info][gc             ] GC(32) Pause Full (Allocation Failure) 700M->700M(1633M) 550.284ms
[3.312s][info][gc,cpu         ] GC(32) User=0.56s Sys=0.00s Real=0.55s
[3.786s][info][gc,start       ] GC(33) Pause Young (Allocation Failure)
[4.565s][info][gc,heap        ] GC(33) DefNew: 461312K(518976K)->57663K(518976K) Eden: 461312K(461312K)->0K(461312K) From: 0K(57664K)->57663K(57664K)
[4.565s][info][gc,heap        ] GC(33) Tenured: 691955K(1153260K)->1095577K(1153260K)
[4.565s][info][gc,metaspace   ] GC(33) Metaspace: 6302K(6528K)->6302K(6528K) NonClass: 5769K(5888K)->5769K(5888K) Class: 533K(640K)->533K(640K)
[4.565s][info][gc             ] GC(33) Pause Young (Allocation Failure) 1126M->1126M(1633M) 779.382ms
[4.565s][info][gc,cpu         ] GC(33) User=0.69s Sys=0.08s Real=0.78s
[5.037s][info][gc,start       ] GC(34) Pause Young (Allocation Failure)
[5.766s][info][gc             ] GC(34) Pause Young (Allocation Failure) 1576M->1523M(1974M) 729.109ms
[5.766s][info][gc,cpu         ] GC(34) User=0.59s Sys=0.12s Real=0.73s
[5.766s][info][gc,start       ] GC(35) Pause Full (Allocation Failure)
[5.766s][info][gc,phases,start] GC(35) Phase 1: Mark live objects
[6.438s][info][gc,phases      ] GC(35) Phase 1: Mark live objects 671.843ms
[6.438s][info][gc,phases,start] GC(35) Phase 2: Compute new object addresses
[6.663s][info][gc,phases      ] GC(35) Phase 2: Compute new object addresses 224.692ms
[6.663s][info][gc,phases,start] GC(35) Phase 3: Adjust pointers
[6.930s][info][gc,phases      ] GC(35) Phase 3: Adjust pointers 267.483ms
[6.930s][info][gc,phases,start] GC(35) Phase 4: Move objects
[6.941s][info][gc,phases      ] GC(35) Phase 4: Move objects 10.918ms
[6.945s][info][gc,heap        ] GC(35) DefNew: 518975K(518976K)->57551K(1126976K) Eden: 461312K(461312K)->57551K(1001792K) From: 57663K(57664K)->0K(125184K)
[6.945s][info][gc,heap        ] GC(35) Tenured: 1095577K(1153260K)->1502575K(2504296K)
[6.946s][info][gc,metaspace   ] GC(35) Metaspace: 6302K(6528K)->6302K(6528K) NonClass: 5769K(5888K)->5769K(5888K) Class: 533K(640K)->533K(640K)
[6.946s][info][gc             ] GC(35) Pause Full (Allocation Failure) 1523M->1523M(3546M) 1179.380ms
[6.946s][info][gc,cpu         ] GC(35) User=1.19s Sys=0.00s Real=1.18s
[7.930s][info][gc,start       ] GC(36) Pause Young (Allocation Failure)
[9.700s][info][gc,heap        ] GC(36) DefNew: 1001792K(1126976K)->125183K(1126976K) Eden: 1001792K(1001792K)->0K(1001792K) From: 0K(125184K)->125183K(125184K)
[9.700s][info][gc,heap        ] GC(36) Tenured: 1502575K(2504296K)->2379152K(2504296K)
[9.701s][info][gc,metaspace   ] GC(36) Metaspace: 6302K(6528K)->6302K(6528K) NonClass: 5769K(5888K)->5769K(5888K) Class: 533K(640K)->533K(640K)
[9.701s][info][gc             ] GC(36) Pause Young (Allocation Failure) 2445M->2445M(3546M) 1770.629ms
[9.701s][info][gc,cpu         ] GC(36) User=1.55s Sys=0.19s Real=1.77s
[10.699s][info][gc,start       ] GC(37) Pause Young (Allocation Failure)
[12.383s][info][gc             ] GC(37) Pause Young (Allocation Failure) 3423M->3423M(4402M) 1683.790ms
[12.383s][info][gc,cpu         ] GC(37) User=1.39s Sys=0.27s Real=1.68s
[12.383s][info][gc,start       ] GC(38) Pause Full (Allocation Failure)
[12.383s][info][gc,phases,start] GC(38) Phase 1: Mark live objects
[13.909s][info][gc,phases      ] GC(38) Phase 1: Mark live objects 1526.035ms
[13.909s][info][gc,phases,start] GC(38) Phase 2: Compute new object addresses
[14.404s][info][gc,phases      ] GC(38) Phase 2: Compute new object addresses 495.709ms
[14.405s][info][gc,phases,start] GC(38) Phase 3: Adjust pointers
[15.082s][info][gc,phases      ] GC(38) Phase 3: Adjust pointers 677.043ms
[15.082s][info][gc,phases,start] GC(38) Phase 4: Move objects
[15.707s][info][gc,phases      ] GC(38) Phase 4: Move objects 625.026ms
[15.712s][info][gc,heap        ] GC(38) DefNew: 1126975K(1126976K)->30790K(1966080K) Eden: 1001792K(1001792K)->30790K(1747648K) From: 125183K(125184K)->0K(218432K)
[15.712s][info][gc,heap        ] GC(38) Tenured: 2379152K(2504296K)->3381099K(4369088K)
[15.712s][info][gc,metaspace   ] GC(38) Metaspace: 6302K(6528K)->6302K(6528K) NonClass: 5769K(5888K)->5769K(5888K) Class: 533K(640K)->533K(640K)
[15.712s][info][gc             ] GC(38) Pause Full (Allocation Failure) 3423M->3331M(6186M) 3329.151ms
[15.712s][info][gc,cpu         ] GC(38) User=3.31s Sys=0.02s Real=3.33s
[17.362s][info][gc,start       ] GC(39) Pause Young (Allocation Failure)
[20.551s][info][gc,promotion   ] GC(39) Promotion failed
[20.551s][info][gc             ] GC(39) Pause Young (Allocation Failure) 5008M->6186M(6186M) 3188.968ms
[20.551s][info][gc,cpu         ] GC(39) User=2.89s Sys=0.28s Real=3.19s
[20.551s][info][gc,start       ] GC(40) Pause Full (Allocation Failure)
[20.551s][info][gc,phases,start] GC(40) Phase 1: Mark live objects
[23.086s][info][gc,phases      ] GC(40) Phase 1: Mark live objects 2535.018ms
[23.087s][info][gc,phases,start] GC(40) Phase 2: Compute new object addresses
[23.954s][info][gc,phases      ] GC(40) Phase 2: Compute new object addresses 867.390ms
[23.954s][info][gc,phases,start] GC(40) Phase 3: Adjust pointers
[25.065s][info][gc,phases      ] GC(40) Phase 3: Adjust pointers 1111.341ms
[25.065s][info][gc,phases,start] GC(40) Phase 4: Move objects
[25.285s][info][gc,phases      ] GC(40) Phase 4: Move objects 219.703ms
[25.285s][info][gc,heap        ] GC(40) DefNew: 1747648K(1966080K)->759630K(1966080K) Eden: 1747648K(1747648K)->759630K(1747648K) From: 0K(218432K)->0K(218432K)
[25.286s][info][gc,heap        ] GC(40) Tenured: 3381099K(4369088K)->4369088K(4369088K)
[25.286s][info][gc,metaspace   ] GC(40) Metaspace: 6302K(6528K)->6302K(6528K) NonClass: 5769K(5888K)->5769K(5888K) Class: 533K(640K)->533K(640K)
[25.286s][info][gc             ] GC(40) Pause Full (Allocation Failure) 6186M->5008M(6186M) 4734.149ms
[25.286s][info][gc,cpu         ] GC(40) User=4.56s Sys=0.00s Real=4.73s
[26.965s][info][gc,start       ] GC(41) Pause Full (Allocation Failure)
[26.966s][info][gc,phases,start] GC(41) Phase 1: Mark live objects
[29.845s][info][gc,phases      ] GC(41) Phase 1: Mark live objects 2879.853ms
[29.845s][info][gc,phases,start] GC(41) Phase 2: Compute new object addresses
[30.707s][info][gc,phases      ] GC(41) Phase 2: Compute new object addresses 861.485ms
[30.707s][info][gc,phases,start] GC(41) Phase 3: Adjust pointers
[31.918s][info][gc,phases      ] GC(41) Phase 3: Adjust pointers 1211.228ms
[31.918s][info][gc,phases,start] GC(41) Phase 4: Move objects
[32.083s][info][gc,phases      ] GC(41) Phase 4: Move objects 164.900ms
[32.084s][info][gc,heap        ] GC(41) DefNew: 1966079K(1966080K)->1966065K(1966080K) Eden: 1747648K(1747648K)->1747647K(1747648K) From: 218431K(218432K)->218417K(218432K)
[32.084s][info][gc,heap        ] GC(41) Tenured: 4369088K(4369088K)->4369088K(4369088K)
[32.084s][info][gc,metaspace   ] GC(41) Metaspace: 6302K(6528K)->6302K(6528K) NonClass: 5769K(5888K)->5769K(5888K) Class: 533K(640K)->533K(640K)
[32.084s][info][gc             ] GC(41) Pause Full (Allocation Failure) 6186M->6186M(6186M) 5118.271ms
[32.084s][info][gc,cpu         ] GC(41) User=4.92s Sys=0.02s Real=5.12s
[32.084s][info][gc,start       ] GC(42) Pause Full (Allocation Failure)
[32.084s][info][gc,phases,start] GC(42) Phase 1: Mark live objects
[34.867s][info][gc,phases      ] GC(42) Phase 1: Mark live objects 2782.829ms
[34.867s][info][gc,phases,start] GC(42) Phase 2: Compute new object addresses
[35.720s][info][gc,phases      ] GC(42) Phase 2: Compute new object addresses 853.045ms
[35.720s][info][gc,phases,start] GC(42) Phase 3: Adjust pointers
[36.882s][info][gc,phases      ] GC(42) Phase 3: Adjust pointers 1161.794ms
[36.882s][info][gc,phases,start] GC(42) Phase 4: Move objects
[36.882s][info][gc,phases      ] GC(42) Phase 4: Move objects 0.017ms
[36.882s][info][gc,heap        ] GC(42) DefNew: 1966079K(1966080K)->1966079K(1966080K) Eden: 1747648K(1747648K)->1747648K(1747648K) From: 218431K(218432K)->218431K(218432K)
[36.882s][info][gc,heap        ] GC(42) Tenured: 4369088K(4369088K)->4369088K(4369088K)
[36.882s][info][gc,metaspace   ] GC(42) Metaspace: 6302K(6528K)->6302K(6528K) NonClass: 5769K(5888K)->5769K(5888K) Class: 533K(640K)->533K(640K)
[36.882s][info][gc             ] GC(42) Pause Full (Allocation Failure) 6186M->6186M(6186M) 4798.352ms
[36.882s][info][gc,cpu         ] GC(42) User=4.78s Sys=0.00s Real=4.80s
[36.882s][info][gc,start       ] GC(43) Pause Full (Allocation Failure)
[36.882s][info][gc,phases,start] GC(43) Phase 1: Mark live objects
[39.714s][info][gc,phases      ] GC(43) Phase 1: Mark live objects 2831.429ms
[39.714s][info][gc,phases,start] GC(43) Phase 2: Compute new object addresses
[40.565s][info][gc,phases      ] GC(43) Phase 2: Compute new object addresses 851.418ms
[40.565s][info][gc,phases,start] GC(43) Phase 3: Adjust pointers
[41.914s][info][gc,phases      ] GC(43) Phase 3: Adjust pointers 1348.267ms
[41.914s][info][gc,phases,start] GC(43) Phase 4: Move objects
[43.029s][info][gc,phases      ] GC(43) Phase 4: Move objects 1115.209ms
[43.029s][info][gc,heap        ] GC(43) DefNew: 1966079K(1966080K)->1835003K(1966080K) Eden: 1747648K(1747648K)->1747647K(1747648K) From: 218431K(218432K)->87355K(218432K)
[43.029s][info][gc,heap        ] GC(43) Tenured: 4369088K(4369088K)->4369088K(4369088K)
[43.029s][info][gc,metaspace   ] GC(43) Metaspace: 6302K(6528K)->6300K(6528K) NonClass: 5769K(5888K)->5768K(5888K) Class: 533K(640K)->532K(640K)
[43.029s][info][gc             ] GC(43) Pause Full (Allocation Failure) 6186M->6058M(6186M) 6147.031ms
[43.029s][info][gc,cpu         ] GC(43) User=6.12s Sys=0.00s Real=6.15s
[43.397s][info][gc,start       ] GC(44) Pause Full (Allocation Failure)
[43.397s][info][gc,phases,start] GC(44) Phase 1: Mark live objects
[46.312s][info][gc,phases      ] GC(44) Phase 1: Mark live objects 2914.480ms
[46.312s][info][gc,phases,start] GC(44) Phase 2: Compute new object addresses
[47.176s][info][gc,phases      ] GC(44) Phase 2: Compute new object addresses 863.897ms
[47.176s][info][gc,phases,start] GC(44) Phase 3: Adjust pointers
[48.348s][info][gc,phases      ] GC(44) Phase 3: Adjust pointers 1172.363ms
[48.348s][info][gc,phases,start] GC(44) Phase 4: Move objects
[48.348s][info][gc,phases      ] GC(44) Phase 4: Move objects 0.017ms
[48.348s][info][gc,heap        ] GC(44) DefNew: 1966079K(1966080K)->1966079K(1966080K) Eden: 1747647K(1747648K)->1747647K(1747648K) From: 218431K(218432K)->218431K(218432K)
[48.348s][info][gc,heap        ] GC(44) Tenured: 4369088K(4369088K)->4369088K(4369088K)
[48.348s][info][gc,metaspace   ] GC(44) Metaspace: 6300K(6528K)->6300K(6528K) NonClass: 5768K(5888K)->5768K(5888K) Class: 532K(640K)->532K(640K)
[48.348s][info][gc             ] GC(44) Pause Full (Allocation Failure) 6186M->6186M(6186M) 4951.450ms
[48.348s][info][gc,cpu         ] GC(44) User=4.84s Sys=0.00s Real=4.95s
[48.348s][info][gc,start       ] GC(45) Pause Full (Allocation Failure)
[48.348s][info][gc,phases,start] GC(45) Phase 1: Mark live objects
[51.187s][info][gc,phases      ] GC(45) Phase 1: Mark live objects 2838.840ms
[51.187s][info][gc,phases,start] GC(45) Phase 2: Compute new object addresses
[52.052s][info][gc,phases      ] GC(45) Phase 2: Compute new object addresses 864.306ms
[52.052s][info][gc,phases,start] GC(45) Phase 3: Adjust pointers
[53.230s][info][gc,phases      ] GC(45) Phase 3: Adjust pointers 1178.511ms
[53.230s][info][gc,phases,start] GC(45) Phase 4: Move objects
[53.230s][info][gc,phases      ] GC(45) Phase 4: Move objects 0.017ms
[53.231s][info][gc,heap        ] GC(45) DefNew: 1966079K(1966080K)->1966079K(1966080K) Eden: 1747647K(1747648K)->1747647K(1747648K) From: 218431K(218432K)->218431K(218432K)
[53.231s][info][gc,heap        ] GC(45) Tenured: 4369088K(4369088K)->4369088K(4369088K)
[53.231s][info][gc,metaspace   ] GC(45) Metaspace: 6300K(6528K)->6300K(6528K) NonClass: 5768K(5888K)->5768K(5888K) Class: 532K(640K)->532K(640K)
[53.231s][info][gc             ] GC(45) Pause Full (Allocation Failure) 6186M->6186M(6186M) 4882.330ms
[53.231s][info][gc,cpu         ] GC(45) User=4.80s Sys=0.00s Real=4.89s
[53.231s][info][gc,start       ] GC(46) Pause Full (Allocation Failure)
[53.231s][info][gc,phases,start] GC(46) Phase 1: Mark live objects
[56.070s][info][gc,phases      ] GC(46) Phase 1: Mark live objects 2838.678ms
[56.070s][info][gc,phases,start] GC(46) Phase 2: Compute new object addresses
[56.935s][info][gc,phases      ] GC(46) Phase 2: Compute new object addresses 865.323ms
[56.935s][info][gc,phases,start] GC(46) Phase 3: Adjust pointers
[58.110s][info][gc,phases      ] GC(46) Phase 3: Adjust pointers 1174.372ms
[58.110s][info][gc,phases,start] GC(46) Phase 4: Move objects
[58.110s][info][gc,phases      ] GC(46) Phase 4: Move objects 0.016ms
[58.110s][info][gc,heap        ] GC(46) DefNew: 1966079K(1966080K)->1966079K(1966080K) Eden: 1747647K(1747648K)->1747647K(1747648K) From: 218432K(218432K)->218432K(218432K)
[58.110s][info][gc,heap        ] GC(46) Tenured: 4369088K(4369088K)->4369088K(4369088K)
[58.110s][info][gc,metaspace   ] GC(46) Metaspace: 6300K(6528K)->6300K(6528K) NonClass: 5768K(5888K)->5768K(5888K) Class: 532K(640K)->532K(640K)
[58.110s][info][gc             ] GC(46) Pause Full (Allocation Failure) 6186M->6186M(6186M) 4879.054ms
[58.110s][info][gc,cpu         ] GC(46) User=4.86s Sys=0.00s Real=4.88s
[58.110s][info][gc,start       ] GC(47) Pause Full (Allocation Failure)
[58.110s][info][gc,phases,start] GC(47) Phase 1: Mark live objects
[60.976s][info][gc,phases      ] GC(47) Phase 1: Mark live objects 2865.971ms
[60.976s][info][gc,phases,start] GC(47) Phase 2: Compute new object addresses
[61.845s][info][gc,phases      ] GC(47) Phase 2: Compute new object addresses 868.639ms
[61.845s][info][gc,phases,start] GC(47) Phase 3: Adjust pointers
[63.228s][info][gc,phases      ] GC(47) Phase 3: Adjust pointers 1382.798ms
[63.228s][info][gc,phases,start] GC(47) Phase 4: Move objects
[64.247s][info][gc,phases      ] GC(47) Phase 4: Move objects 1019.087ms
[64.247s][info][gc,heap        ] GC(47) DefNew: 1966079K(1966080K)->1966078K(1966080K) Eden: 1747647K(1747648K)->1747647K(1747648K) From: 218432K(218432K)->218430K(218432K)
[64.247s][info][gc,heap        ] GC(47) Tenured: 4369088K(4369088K)->4369087K(4369088K)
[64.247s][info][gc,metaspace   ] GC(47) Metaspace: 6300K(6528K)->6300K(6528K) NonClass: 5768K(5888K)->5768K(5888K) Class: 532K(640K)->532K(640K)
[64.247s][info][gc             ] GC(47) Pause Full (Allocation Failure) 6186M->6186M(6186M) 6137.227ms
[64.247s][info][gc,cpu         ] GC(47) User=6.06s Sys=0.00s Real=6.14s
[64.249s][info][gc,start       ] GC(48) Pause Full (Allocation Failure)
[64.249s][info][gc,phases,start] GC(48) Phase 1: Mark live objects
[67.141s][info][gc,phases      ] GC(48) Phase 1: Mark live objects 2892.443ms
[67.141s][info][gc,phases,start] GC(48) Phase 2: Compute new object addresses
[68.032s][info][gc,phases      ] GC(48) Phase 2: Compute new object addresses 890.562ms
[68.032s][info][gc,phases,start] GC(48) Phase 3: Adjust pointers
[69.294s][info][gc,phases      ] GC(48) Phase 3: Adjust pointers 1262.222ms
[69.294s][info][gc,phases,start] GC(48) Phase 4: Move objects
[69.294s][info][gc,phases      ] GC(48) Phase 4: Move objects 0.017ms
[69.295s][info][gc,heap        ] GC(48) DefNew: 1966079K(1966080K)->1966079K(1966080K) Eden: 1747647K(1747648K)->1747647K(1747648K) From: 218431K(218432K)->218431K(218432K)
[69.295s][info][gc,heap        ] GC(48) Tenured: 4369087K(4369088K)->4369087K(4369088K)
[69.295s][info][gc,metaspace   ] GC(48) Metaspace: 6302K(6528K)->6302K(6528K) NonClass: 5768K(5888K)->5768K(5888K) Class: 533K(640K)->533K(640K)
[69.295s][info][gc             ] GC(48) Pause Full (Allocation Failure) 6186M->6186M(6186M) 5045.888ms
[69.295s][info][gc,cpu         ] GC(48) User=4.97s Sys=0.00s Real=5.05s
[69.295s][info][gc,heap,exit   ] Heap
[69.295s][info][gc,heap,exit   ]  def new generation   total 1966080K, used 1966079K [0x0000000670000000, 0x00000006f5550000, 0x00000006f5550000)
[69.295s][info][gc,heap,exit   ]   eden space 1747648K,  99% used [0x0000000670000000, 0x00000006daaafff8, 0x00000006daab0000)
[69.295s][info][gc,heap,exit   ]   from space 218432K,  99% used [0x00000006e8000000, 0x00000006f554ffb8, 0x00000006f5550000)
[69.295s][info][gc,heap,exit   ]   to   space 218432K,   0% used [0x00000006daab0000, 0x00000006daab0000, 0x00000006e8000000)
[69.295s][info][gc,heap,exit   ]  tenured generation   total 4369088K, used 4369087K [0x00000006f5550000, 0x0000000800000000, 0x0000000800000000)
[69.295s][info][gc,heap,exit   ]    the space 4369088K,  99% used [0x00000006f5550000, 0x00000007ffffffe0, 0x0000000800000000, 0x0000000800000000)
[69.295s][info][gc,heap,exit   ]  Metaspace       used 6305K, committed 6528K, reserved 1114112K
[69.295s][info][gc,heap,exit   ]   class space    used 534K, committed 640K, reserved 1048576K
