[0.011s][info][gc,init] CardTable entry size: 512
[0.012s][info][gc     ] Using Serial
[0.012s][info][gc,init] Version: 18.0.1+10 (release)
[0.012s][info][gc,init] CPUs: 8 total, 8 available
[0.012s][info][gc,init] Memory: 16063M
[0.012s][info][gc,init] Large Page Support: Disabled
[0.012s][info][gc,init] NUMA Support: Disabled
[0.012s][info][gc,init] Compressed Oops: Enabled (Zero based)
[0.012s][info][gc,init] Heap Min Capacity: 2M
[0.012s][info][gc,init] Heap Initial Capacity: 2M
[0.012s][info][gc,init] Heap Max Capacity: 13800M
[0.012s][info][gc,init] Pre-touch: Disabled
[0.012s][info][gc,metaspace] CDS archive(s) not mapped
[0.012s][info][gc,metaspace] Compressed class space mapped at: 0x0000000800000000-0x0000000840000000, reserved size: 1073741824
[0.012s][info][gc,metaspace] Narrow klass base: 0x0000000800000000, Narrow klass shift: 0, Narrow klass range: 0x40000000
[0.180s][info][gc,start    ] GC(0) Pause Young (Allocation Failure)
[0.181s][info][gc,heap     ] GC(0) DefNew: 1023K(1152K)->127K(1152K) Eden: 1023K(1024K)->0K(1024K) From: 0K(128K)->127K(128K)
[0.181s][info][gc,heap     ] GC(0) Tenured: 0K(768K)->439K(768K)
[0.181s][info][gc,metaspace] GC(0) Metaspace: 5898K(6016K)->5898K(6016K) NonClass: 5398K(5504K)->5398K(5504K) Class: 499K(512K)->499K(512K)
[0.181s][info][gc          ] GC(0) Pause Young (Allocation Failure) 0M->0M(1M) 1.411ms
[0.181s][info][gc,cpu      ] GC(0) User=0.00s Sys=0.00s Real=0.00s
[0.200s][info][gc,start    ] GC(1) Pause Young (Allocation Failure)
[0.201s][info][gc          ] GC(1) Pause Young (Allocation Failure) 1M->0M(2M) 1.221ms
[0.201s][info][gc,cpu      ] GC(1) User=0.00s Sys=0.00s Real=0.00s
[0.202s][info][gc,start    ] GC(2) Pause Full (Allocation Failure)
[0.202s][info][gc,phases,start] GC(2) Phase 1: Mark live objects
[0.203s][info][gc,phases      ] GC(2) Phase 1: Mark live objects 1.002ms
[0.203s][info][gc,phases,start] GC(2) Phase 2: Compute new object addresses
[0.203s][info][gc,phases      ] GC(2) Phase 2: Compute new object addresses 0.246ms
[0.203s][info][gc,phases,start] GC(2) Phase 3: Adjust pointers
[0.203s][info][gc,phases      ] GC(2) Phase 3: Adjust pointers 0.578ms
[0.204s][info][gc,phases,start] GC(2) Phase 4: Move objects
[0.204s][info][gc,phases      ] GC(2) Phase 4: Move objects 0.071ms
[0.204s][info][gc,heap        ] GC(2) DefNew: 1151K(1152K)->40K(1152K) Eden: 1024K(1024K)->40K(1024K) From: 127K(128K)->0K(128K)
[0.204s][info][gc,heap        ] GC(2) Tenured: 439K(768K)->959K(1600K)
[0.204s][info][gc,metaspace   ] GC(2) Metaspace: 6296K(6464K)->6296K(6464K) NonClass: 5763K(5824K)->5763K(5824K) Class: 533K(640K)->533K(640K)
[0.204s][info][gc             ] GC(2) Pause Full (Allocation Failure) 0M->0M(2M) 2.256ms
[0.204s][info][gc,cpu         ] GC(2) User=0.00s Sys=0.00s Real=0.00s
[0.205s][info][gc,start       ] GC(3) Pause Young (Allocation Failure)
[0.206s][info][gc,heap        ] GC(3) DefNew: 1024K(1152K)->127K(1152K) Eden: 1024K(1024K)->0K(1024K) From: 0K(128K)->127K(128K)
[0.206s][info][gc,heap        ] GC(3) Tenured: 959K(1600K)->1375K(1600K)
[0.206s][info][gc,metaspace   ] GC(3) Metaspace: 6296K(6464K)->6296K(6464K) NonClass: 5763K(5824K)->5763K(5824K) Class: 533K(640K)->533K(640K)
[0.206s][info][gc             ] GC(3) Pause Young (Allocation Failure) 1M->1M(2M) 1.458ms
[0.207s][info][gc,cpu         ] GC(3) User=0.00s Sys=0.00s Real=0.00s
[0.208s][info][gc,start       ] GC(4) Pause Young (Allocation Failure)
[0.209s][info][gc             ] GC(4) Pause Young (Allocation Failure) 2M->1M(3M) 1.212ms
[0.209s][info][gc,cpu         ] GC(4) User=0.00s Sys=0.00s Real=0.00s
[0.209s][info][gc,start       ] GC(5) Pause Full (Allocation Failure)
[0.209s][info][gc,phases,start] GC(5) Phase 1: Mark live objects
[0.211s][info][gc,phases      ] GC(5) Phase 1: Mark live objects 1.505ms
[0.211s][info][gc,phases,start] GC(5) Phase 2: Compute new object addresses
[0.211s][info][gc,phases      ] GC(5) Phase 2: Compute new object addresses 0.374ms
[0.211s][info][gc,phases,start] GC(5) Phase 3: Adjust pointers
[0.212s][info][gc,phases      ] GC(5) Phase 3: Adjust pointers 0.696ms
[0.212s][info][gc,phases,start] GC(5) Phase 4: Move objects
[0.212s][info][gc,phases      ] GC(5) Phase 4: Move objects 0.073ms
[0.212s][info][gc,heap        ] GC(5) DefNew: 1151K(1152K)->35K(1536K) Eden: 1024K(1024K)->35K(1408K) From: 127K(128K)->0K(128K)
[0.212s][info][gc,heap        ] GC(5) Tenured: 1375K(1600K)->1983K(3308K)
[0.212s][info][gc,metaspace   ] GC(5) Metaspace: 6296K(6464K)->6296K(6464K) NonClass: 5763K(5824K)->5763K(5824K) Class: 533K(640K)->533K(640K)
[0.212s][info][gc             ] GC(5) Pause Full (Allocation Failure) 1M->1M(4M) 2.995ms
[0.212s][info][gc,cpu         ] GC(5) User=0.00s Sys=0.00s Real=0.00s
[0.214s][info][gc,start       ] GC(6) Pause Young (Allocation Failure)
[0.216s][info][gc,heap        ] GC(6) DefNew: 1407K(1536K)->127K(1536K) Eden: 1407K(1408K)->0K(1408K) From: 0K(128K)->127K(128K)
[0.216s][info][gc,heap        ] GC(6) Tenured: 1983K(3308K)->2617K(3308K)
[0.216s][info][gc,metaspace   ] GC(6) Metaspace: 6296K(6464K)->6296K(6464K) NonClass: 5763K(5824K)->5763K(5824K) Class: 533K(640K)->533K(640K)
[0.216s][info][gc             ] GC(6) Pause Young (Allocation Failure) 3M->2M(4M) 2.093ms
[0.216s][info][gc,cpu         ] GC(6) User=0.00s Sys=0.00s Real=0.00s
[0.218s][info][gc,start       ] GC(7) Pause Young (Allocation Failure)
[0.220s][info][gc             ] GC(7) Pause Young (Allocation Failure) 4M->3M(4M) 1.791ms
[0.220s][info][gc,cpu         ] GC(7) User=0.00s Sys=0.00s Real=0.00s
[0.220s][info][gc,start       ] GC(8) Pause Full (Allocation Failure)
[0.220s][info][gc,phases,start] GC(8) Phase 1: Mark live objects
[0.222s][info][gc,phases      ] GC(8) Phase 1: Mark live objects 2.096ms
[0.222s][info][gc,phases,start] GC(8) Phase 2: Compute new object addresses
[0.223s][info][gc,phases      ] GC(8) Phase 2: Compute new object addresses 0.602ms
[0.223s][info][gc,phases,start] GC(8) Phase 3: Adjust pointers
[0.224s][info][gc,phases      ] GC(8) Phase 3: Adjust pointers 1.019ms
[0.224s][info][gc,phases,start] GC(8) Phase 4: Move objects
[0.224s][info][gc,phases      ] GC(8) Phase 4: Move objects 0.075ms
[0.224s][info][gc,heap        ] GC(8) DefNew: 1535K(1536K)->0K(2688K) Eden: 1408K(1408K)->0K(2432K) From: 127K(128K)->0K(256K)
[0.224s][info][gc,heap        ] GC(8) Tenured: 2617K(3308K)->3460K(5768K)
[0.224s][info][gc,metaspace   ] GC(8) Metaspace: 6296K(6464K)->6296K(6464K) NonClass: 5763K(5824K)->5763K(5824K) Class: 533K(640K)->533K(640K)
[0.224s][info][gc             ] GC(8) Pause Full (Allocation Failure) 3M->3M(8M) 4.095ms
[0.224s][info][gc,cpu         ] GC(8) User=0.00s Sys=0.00s Real=0.00s
[0.228s][info][gc,start       ] GC(9) Pause Young (Allocation Failure)
[0.231s][info][gc,heap        ] GC(9) DefNew: 2431K(2688K)->255K(2688K) Eden: 2431K(2432K)->0K(2432K) From: 0K(256K)->255K(256K)
[0.231s][info][gc,heap        ] GC(9) Tenured: 3460K(5768K)->4512K(5768K)
[0.231s][info][gc,metaspace   ] GC(9) Metaspace: 6296K(6464K)->6296K(6464K) NonClass: 5763K(5824K)->5763K(5824K) Class: 533K(640K)->533K(640K)
[0.231s][info][gc             ] GC(9) Pause Young (Allocation Failure) 5M->4M(8M) 3.060ms
[0.231s][info][gc,cpu         ] GC(9) User=0.00s Sys=0.00s Real=0.00s
[0.235s][info][gc,start       ] GC(10) Pause Young (Allocation Failure)
[0.238s][info][gc,heap        ] GC(10) DefNew: 2687K(2688K)->255K(2688K) Eden: 2432K(2432K)->0K(2432K) From: 255K(256K)->255K(256K)
[0.238s][info][gc,heap        ] GC(10) Tenured: 4512K(5768K)->5755K(5768K)
[0.238s][info][gc,metaspace   ] GC(10) Metaspace: 6296K(6464K)->6296K(6464K) NonClass: 5763K(5824K)->5763K(5824K) Class: 533K(640K)->533K(640K)
[0.238s][info][gc             ] GC(10) Pause Young (Allocation Failure) 7M->5M(8M) 3.240ms
[0.238s][info][gc,cpu         ] GC(10) User=0.00s Sys=0.00s Real=0.00s
[0.241s][info][gc,start       ] GC(11) Pause Young (Allocation Failure)
[0.244s][info][gc             ] GC(11) Pause Young (Allocation Failure) 8M->7M(9M) 3.433ms
[0.244s][info][gc,cpu         ] GC(11) User=0.00s Sys=0.00s Real=0.00s
[0.245s][info][gc,start       ] GC(12) Pause Full (Allocation Failure)
[0.245s][info][gc,phases,start] GC(12) Phase 1: Mark live objects
[0.249s][info][gc,phases      ] GC(12) Phase 1: Mark live objects 4.759ms
[0.249s][info][gc,phases,start] GC(12) Phase 2: Compute new object addresses
[0.251s][info][gc,phases      ] GC(12) Phase 2: Compute new object addresses 1.197ms
[0.251s][info][gc,phases,start] GC(12) Phase 3: Adjust pointers
[0.253s][info][gc,phases      ] GC(12) Phase 3: Adjust pointers 1.972ms
[0.253s][info][gc,phases,start] GC(12) Phase 4: Move objects
[0.254s][info][gc,phases      ] GC(12) Phase 4: Move objects 1.657ms
[0.255s][info][gc,heap        ] GC(12) DefNew: 2687K(2688K)->0K(5376K) Eden: 2432K(2432K)->0K(4800K) From: 255K(256K)->0K(576K)
[0.255s][info][gc,heap        ] GC(12) Tenured: 5755K(5768K)->7132K(11888K)
[0.255s][info][gc,metaspace   ] GC(12) Metaspace: 6296K(6464K)->6296K(6464K) NonClass: 5763K(5824K)->5763K(5824K) Class: 533K(640K)->533K(640K)
[0.255s][info][gc             ] GC(12) Pause Full (Allocation Failure) 7M->6M(16M) 10.091ms
[0.255s][info][gc,cpu         ] GC(12) User=0.00s Sys=0.00s Real=0.01s
[0.259s][info][gc,start       ] GC(13) Pause Young (Allocation Failure)
[0.265s][info][gc,heap        ] GC(13) DefNew: 4800K(5376K)->575K(5376K) Eden: 4800K(4800K)->0K(4800K) From: 0K(576K)->575K(576K)
[0.265s][info][gc,heap        ] GC(13) Tenured: 7132K(11888K)->9027K(11888K)
[0.265s][info][gc,metaspace   ] GC(13) Metaspace: 6296K(6464K)->6296K(6464K) NonClass: 5763K(5824K)->5763K(5824K) Class: 533K(640K)->533K(640K)
[0.265s][info][gc             ] GC(13) Pause Young (Allocation Failure) 11M->9M(16M) 5.616ms
[0.265s][info][gc,cpu         ] GC(13) User=0.00s Sys=0.00s Real=0.01s
[0.270s][info][gc,start       ] GC(14) Pause Young (Allocation Failure)
[0.276s][info][gc,heap        ] GC(14) DefNew: 5375K(5376K)->576K(5376K) Eden: 4800K(4800K)->0K(4800K) From: 575K(576K)->576K(576K)
[0.276s][info][gc,heap        ] GC(14) Tenured: 9027K(11888K)->11746K(11888K)
[0.276s][info][gc,metaspace   ] GC(14) Metaspace: 6296K(6464K)->6296K(6464K) NonClass: 5763K(5824K)->5763K(5824K) Class: 533K(640K)->533K(640K)
[0.276s][info][gc             ] GC(14) Pause Young (Allocation Failure) 14M->12M(16M) 6.069ms
[0.276s][info][gc,cpu         ] GC(14) User=0.00s Sys=0.00s Real=0.01s
[0.280s][info][gc,start       ] GC(15) Pause Young (Allocation Failure)
[0.285s][info][gc             ] GC(15) Pause Young (Allocation Failure) 16M->14M(19M) 5.360ms
[0.285s][info][gc,cpu         ] GC(15) User=0.00s Sys=0.00s Real=0.01s
[0.285s][info][gc,start       ] GC(16) Pause Full (Allocation Failure)
[0.285s][info][gc,phases,start] GC(16) Phase 1: Mark live objects
[0.293s][info][gc,phases      ] GC(16) Phase 1: Mark live objects 7.523ms
[0.293s][info][gc,phases,start] GC(16) Phase 2: Compute new object addresses
[0.296s][info][gc,phases      ] GC(16) Phase 2: Compute new object addresses 2.485ms
[0.296s][info][gc,phases,start] GC(16) Phase 3: Adjust pointers
[0.298s][info][gc,phases      ] GC(16) Phase 3: Adjust pointers 2.854ms
[0.299s][info][gc,phases,start] GC(16) Phase 4: Move objects
[0.299s][info][gc,phases      ] GC(16) Phase 4: Move objects 0.172ms
[0.299s][info][gc,heap        ] GC(16) DefNew: 5376K(5376K)->386K(10880K) Eden: 4800K(4800K)->386K(9728K) From: 576K(576K)->0K(1152K)
[0.299s][info][gc,heap        ] GC(16) Tenured: 11746K(11888K)->14384K(23976K)
[0.299s][info][gc,metaspace   ] GC(16) Metaspace: 6298K(6464K)->6298K(6464K) NonClass: 5765K(5824K)->5765K(5824K) Class: 533K(640K)->533K(640K)
[0.299s][info][gc             ] GC(16) Pause Full (Allocation Failure) 14M->14M(34M) 13.409ms
[0.299s][info][gc,cpu         ] GC(16) User=0.02s Sys=0.00s Real=0.01s
[0.306s][info][gc,start       ] GC(17) Pause Young (Allocation Failure)
[0.318s][info][gc,heap        ] GC(17) DefNew: 9728K(10880K)->1151K(10880K) Eden: 9728K(9728K)->0K(9728K) From: 0K(1152K)->1151K(1152K)
[0.318s][info][gc,heap        ] GC(17) Tenured: 14384K(23976K)->18415K(23976K)
[0.318s][info][gc,metaspace   ] GC(17) Metaspace: 6298K(6464K)->6298K(6464K) NonClass: 5765K(5824K)->5765K(5824K) Class: 533K(640K)->533K(640K)
[0.318s][info][gc             ] GC(17) Pause Young (Allocation Failure) 23M->19M(34M) 12.113ms
[0.318s][info][gc,cpu         ] GC(17) User=0.00s Sys=0.00s Real=0.01s
[0.326s][info][gc,start       ] GC(18) Pause Young (Allocation Failure)
[0.337s][info][gc,heap        ] GC(18) DefNew: 10879K(10880K)->1151K(10880K) Eden: 9728K(9728K)->0K(9728K) From: 1151K(1152K)->1151K(1152K)
[0.337s][info][gc,heap        ] GC(18) Tenured: 18415K(23976K)->23936K(23976K)
[0.337s][info][gc,metaspace   ] GC(18) Metaspace: 6298K(6464K)->6298K(6464K) NonClass: 5765K(5824K)->5765K(5824K) Class: 533K(640K)->533K(640K)
[0.337s][info][gc             ] GC(18) Pause Young (Allocation Failure) 28M->24M(34M) 11.340ms
[0.337s][info][gc,cpu         ] GC(18) User=0.00s Sys=0.00s Real=0.01s
[0.343s][info][gc,start       ] GC(19) Pause Young (Allocation Failure)
[0.354s][info][gc             ] GC(19) Pause Young (Allocation Failure) 34M->29M(38M) 11.179ms
[0.354s][info][gc,cpu         ] GC(19) User=0.00s Sys=0.00s Real=0.01s
[0.354s][info][gc,start       ] GC(20) Pause Full (Allocation Failure)
[0.354s][info][gc,phases,start] GC(20) Phase 1: Mark live objects
[0.368s][info][gc,phases      ] GC(20) Phase 1: Mark live objects 14.223ms
[0.368s][info][gc,phases,start] GC(20) Phase 2: Compute new object addresses
[0.373s][info][gc,phases      ] GC(20) Phase 2: Compute new object addresses 5.037ms
[0.373s][info][gc,phases,start] GC(20) Phase 3: Adjust pointers
[0.379s][info][gc,phases      ] GC(20) Phase 3: Adjust pointers 5.507ms
[0.379s][info][gc,phases,start] GC(20) Phase 4: Move objects
[0.379s][info][gc,phases      ] GC(20) Phase 4: Move objects 0.186ms
[0.379s][info][gc,heap        ] GC(20) DefNew: 10879K(10880K)->1080K(21888K) Eden: 9728K(9728K)->1080K(19520K) From: 1151K(1152K)->0K(2368K)
[0.379s][info][gc,heap        ] GC(20) Tenured: 23936K(23976K)->29036K(48396K)
[0.379s][info][gc,metaspace   ] GC(20) Metaspace: 6298K(6464K)->6298K(6464K) NonClass: 5765K(5824K)->5765K(5824K) Class: 533K(640K)->533K(640K)
[0.379s][info][gc             ] GC(20) Pause Full (Allocation Failure) 29M->29M(68M) 25.365ms
[0.379s][info][gc,cpu         ] GC(20) User=0.03s Sys=0.00s Real=0.03s
[0.394s][info][gc,start       ] GC(21) Pause Young (Allocation Failure)
[0.421s][info][gc,heap        ] GC(21) DefNew: 19520K(21888K)->2367K(21888K) Eden: 19520K(19520K)->0K(19520K) From: 0K(2368K)->2367K(2368K)
[0.421s][info][gc,heap        ] GC(21) Tenured: 29036K(48396K)->39349K(48396K)
[0.421s][info][gc,metaspace   ] GC(21) Metaspace: 6298K(6464K)->6298K(6464K) NonClass: 5765K(5824K)->5765K(5824K) Class: 533K(640K)->533K(640K)
[0.421s][info][gc             ] GC(21) Pause Young (Allocation Failure) 47M->40M(68M) 27.407ms
[0.421s][info][gc,cpu         ] GC(21) User=0.02s Sys=0.00s Real=0.03s
[0.438s][info][gc,start       ] GC(22) Pause Young (Allocation Failure)
[0.475s][info][gc             ] GC(22) Pause Young (Allocation Failure) 59M->59M(78M) 37.030ms
[0.475s][info][gc,cpu         ] GC(22) User=0.02s Sys=0.00s Real=0.04s
[0.475s][info][gc,start       ] GC(23) Pause Full (Allocation Failure)
[0.475s][info][gc,phases,start] GC(23) Phase 1: Mark live objects
[0.501s][info][gc,phases      ] GC(23) Phase 1: Mark live objects 25.167ms
[0.501s][info][gc,phases,start] GC(23) Phase 2: Compute new object addresses
[0.510s][info][gc,phases      ] GC(23) Phase 2: Compute new object addresses 9.531ms
[0.510s][info][gc,phases,start] GC(23) Phase 3: Adjust pointers
[0.521s][info][gc,phases      ] GC(23) Phase 3: Adjust pointers 10.425ms
[0.521s][info][gc,phases,start] GC(23) Phase 4: Move objects
[0.521s][info][gc,phases      ] GC(23) Phase 4: Move objects 0.350ms
[0.521s][info][gc,heap        ] GC(23) DefNew: 21887K(21888K)->2250K(44288K) Eden: 19520K(19520K)->2250K(39424K) From: 2367K(2368K)->0K(4864K)
[0.521s][info][gc,heap        ] GC(23) Tenured: 39349K(48396K)->58955K(98260K)
[0.521s][info][gc,metaspace   ] GC(23) Metaspace: 6298K(6464K)->6298K(6464K) NonClass: 5765K(5824K)->5765K(5824K) Class: 533K(640K)->533K(640K)
[0.522s][info][gc             ] GC(23) Pause Full (Allocation Failure) 59M->59M(139M) 46.155ms
[0.522s][info][gc,cpu         ] GC(23) User=0.05s Sys=0.00s Real=0.05s
[0.563s][info][gc,start       ] GC(24) Pause Young (Allocation Failure)
[0.625s][info][gc,heap        ] GC(24) DefNew: 39424K(44288K)->4863K(44288K) Eden: 39424K(39424K)->0K(39424K) From: 0K(4864K)->4863K(4864K)
[0.625s][info][gc,heap        ] GC(24) Tenured: 58955K(98260K)->93487K(98260K)
[0.625s][info][gc,metaspace   ] GC(24) Metaspace: 6298K(6464K)->6298K(6464K) NonClass: 5765K(5824K)->5765K(5824K) Class: 533K(640K)->533K(640K)
[0.625s][info][gc             ] GC(24) Pause Young (Allocation Failure) 96M->96M(139M) 62.173ms
[0.625s][info][gc,cpu         ] GC(24) User=0.05s Sys=0.00s Real=0.06s
[0.658s][info][gc,start       ] GC(25) Pause Young (Allocation Failure)
[0.732s][info][gc             ] GC(25) Pause Young (Allocation Failure) 134M->134M(173M) 73.801ms
[0.732s][info][gc,cpu         ] GC(25) User=0.03s Sys=0.03s Real=0.07s
[0.732s][info][gc,start       ] GC(26) Pause Full (Allocation Failure)
[0.732s][info][gc,phases,start] GC(26) Phase 1: Mark live objects
[0.795s][info][gc,phases      ] GC(26) Phase 1: Mark live objects 63.577ms
[0.795s][info][gc,phases,start] GC(26) Phase 2: Compute new object addresses
[0.824s][info][gc,phases      ] GC(26) Phase 2: Compute new object addresses 29.111ms
[0.825s][info][gc,phases,start] GC(26) Phase 3: Adjust pointers
[0.857s][info][gc,phases      ] GC(26) Phase 3: Adjust pointers 31.979ms
[0.857s][info][gc,phases,start] GC(26) Phase 4: Move objects
[0.886s][info][gc,phases      ] GC(26) Phase 4: Move objects 29.850ms
[0.887s][info][gc,heap        ] GC(26) DefNew: 44287K(44288K)->1013K(99712K) Eden: 39424K(39424K)->1013K(88640K) From: 4863K(4864K)->0K(11072K)
[0.887s][info][gc,heap        ] GC(26) Tenured: 93487K(98260K)->132887K(221480K)
[0.887s][info][gc,metaspace   ] GC(26) Metaspace: 6298K(6464K)->6298K(6464K) NonClass: 5765K(5824K)->5765K(5824K) Class: 533K(640K)->533K(640K)
[0.887s][info][gc             ] GC(26) Pause Full (Allocation Failure) 134M->130M(313M) 155.328ms
[0.887s][info][gc,cpu         ] GC(26) User=0.09s Sys=0.00s Real=0.15s
[0.982s][info][gc,start       ] GC(27) Pause Young (Allocation Failure)
[1.146s][info][gc,heap        ] GC(27) DefNew: 88640K(99712K)->11071K(99712K) Eden: 88640K(88640K)->0K(88640K) From: 0K(11072K)->11071K(11072K)
[1.146s][info][gc,heap        ] GC(27) Tenured: 132887K(221480K)->210430K(221480K)
[1.146s][info][gc,metaspace   ] GC(27) Metaspace: 6298K(6464K)->6298K(6464K) NonClass: 5765K(5824K)->5765K(5824K) Class: 533K(640K)->533K(640K)
[1.146s][info][gc             ] GC(27) Pause Young (Allocation Failure) 216M->216M(313M) 164.602ms
[1.146s][info][gc,cpu         ] GC(27) User=0.09s Sys=0.06s Real=0.16s
[1.225s][info][gc,start       ] GC(28) Pause Young (Allocation Failure)
[1.394s][info][gc             ] GC(28) Pause Young (Allocation Failure) 302M->302M(389M) 169.836ms
[1.395s][info][gc,cpu         ] GC(28) User=0.12s Sys=0.05s Real=0.17s
[1.395s][info][gc,start       ] GC(29) Pause Full (Allocation Failure)
[1.395s][info][gc,phases,start] GC(29) Phase 1: Mark live objects
[1.533s][info][gc,phases      ] GC(29) Phase 1: Mark live objects 138.232ms
[1.533s][info][gc,phases,start] GC(29) Phase 2: Compute new object addresses
[1.582s][info][gc,phases      ] GC(29) Phase 2: Compute new object addresses 48.675ms
[1.582s][info][gc,phases,start] GC(29) Phase 3: Adjust pointers
[1.635s][info][gc,phases      ] GC(29) Phase 3: Adjust pointers 53.274ms
[1.635s][info][gc,phases,start] GC(29) Phase 4: Move objects
[1.638s][info][gc,phases      ] GC(29) Phase 4: Move objects 2.635ms
[1.639s][info][gc,heap        ] GC(29) DefNew: 99711K(99712K)->10931K(224448K) Eden: 88640K(88640K)->10931K(199552K) From: 11071K(11072K)->0K(24896K)
[1.639s][info][gc,heap        ] GC(29) Tenured: 210430K(221480K)->299179K(498636K)
[1.639s][info][gc,metaspace   ] GC(29) Metaspace: 6298K(6464K)->6298K(6464K) NonClass: 5765K(5824K)->5765K(5824K) Class: 533K(640K)->533K(640K)
[1.639s][info][gc             ] GC(29) Pause Full (Allocation Failure) 302M->302M(706M) 244.153ms
[1.639s][info][gc,cpu         ] GC(29) User=0.23s Sys=0.00s Real=0.24s
[1.851s][info][gc,start       ] GC(30) Pause Young (Allocation Failure)
[2.198s][info][gc,heap        ] GC(30) DefNew: 199552K(224448K)->24895K(224448K) Eden: 199552K(199552K)->0K(199552K) From: 0K(24896K)->24895K(24896K)
[2.198s][info][gc,heap        ] GC(30) Tenured: 299179K(498636K)->473811K(498636K)
[2.198s][info][gc,metaspace   ] GC(30) Metaspace: 6298K(6464K)->6298K(6464K) NonClass: 5765K(5824K)->5765K(5824K) Class: 533K(640K)->533K(640K)
[2.198s][info][gc             ] GC(30) Pause Young (Allocation Failure) 487M->487M(706M) 347.570ms
[2.198s][info][gc,cpu         ] GC(30) User=0.27s Sys=0.06s Real=0.35s
[2.384s][info][gc,start       ] GC(31) Pause Young (Allocation Failure)
[2.778s][info][gc             ] GC(31) Pause Young (Allocation Failure) 681M->681M(876M) 393.815ms
[2.778s][info][gc,cpu         ] GC(31) User=0.30s Sys=0.09s Real=0.39s
[2.778s][info][gc,start       ] GC(32) Pause Full (Allocation Failure)
[2.778s][info][gc,phases,start] GC(32) Phase 1: Mark live objects
[3.088s][info][gc,phases      ] GC(32) Phase 1: Mark live objects 310.012ms
[3.088s][info][gc,phases,start] GC(32) Phase 2: Compute new object addresses
[3.232s][info][gc,phases      ] GC(32) Phase 2: Compute new object addresses 144.191ms
[3.232s][info][gc,phases,start] GC(32) Phase 3: Adjust pointers
[3.362s][info][gc,phases      ] GC(32) Phase 3: Adjust pointers 129.860ms
[3.362s][info][gc,phases,start] GC(32) Phase 4: Move objects
[3.368s][info][gc,phases      ] GC(32) Phase 4: Move objects 5.372ms
[3.370s][info][gc,heap        ] GC(32) DefNew: 224447K(224448K)->24805K(505152K) Eden: 199552K(199552K)->24805K(449088K) From: 24895K(24896K)->0K(56064K)
[3.370s][info][gc,heap        ] GC(32) Tenured: 473811K(498636K)->673423K(1122376K)
[3.370s][info][gc,metaspace   ] GC(32) Metaspace: 6298K(6464K)->6298K(6464K) NonClass: 5765K(5824K)->5765K(5824K) Class: 533K(640K)->533K(640K)
[3.370s][info][gc             ] GC(32) Pause Full (Allocation Failure) 681M->681M(1589M) 591.904ms
[3.370s][info][gc,cpu         ] GC(32) User=0.52s Sys=0.00s Real=0.59s
[3.844s][info][gc,start       ] GC(33) Pause Young (Allocation Failure)
[4.624s][info][gc,heap        ] GC(33) DefNew: 449088K(505152K)->56064K(505152K) Eden: 449088K(449088K)->0K(449088K) From: 0K(56064K)->56064K(56064K)
[4.624s][info][gc,heap        ] GC(33) Tenured: 673423K(1122376K)->1066421K(1122376K)
[4.624s][info][gc,metaspace   ] GC(33) Metaspace: 6298K(6464K)->6298K(6464K) NonClass: 5765K(5824K)->5765K(5824K) Class: 533K(640K)->533K(640K)
[4.624s][info][gc             ] GC(33) Pause Young (Allocation Failure) 1096M->1096M(1589M) 780.576ms
[4.624s][info][gc,cpu         ] GC(33) User=0.55s Sys=0.20s Real=0.78s
[5.100s][info][gc,start       ] GC(34) Pause Young (Allocation Failure)
[5.830s][info][gc             ] GC(34) Pause Young (Allocation Failure) 1534M->1481M(1920M) 730.842ms
[5.831s][info][gc,cpu         ] GC(34) User=0.62s Sys=0.08s Real=0.73s
[5.831s][info][gc,start       ] GC(35) Pause Full (Allocation Failure)
[5.831s][info][gc,phases,start] GC(35) Phase 1: Mark live objects
[6.488s][info][gc,phases      ] GC(35) Phase 1: Mark live objects 657.101ms
[6.488s][info][gc,phases,start] GC(35) Phase 2: Compute new object addresses
[6.706s][info][gc,phases      ] GC(35) Phase 2: Compute new object addresses 218.482ms
[6.706s][info][gc,phases,start] GC(35) Phase 3: Adjust pointers
[6.966s][info][gc,phases      ] GC(35) Phase 3: Adjust pointers 260.068ms
[6.966s][info][gc,phases,start] GC(35) Phase 4: Move objects
[6.977s][info][gc,phases      ] GC(35) Phase 4: Move objects 10.924ms
[6.981s][info][gc,heap        ] GC(35) DefNew: 505152K(505152K)->56013K(1095936K) Eden: 449088K(449088K)->56013K(974208K) From: 56064K(56064K)->0K(121728K)
[6.982s][info][gc,heap        ] GC(35) Tenured: 1066421K(1122376K)->1461132K(2435220K)
[6.982s][info][gc,metaspace   ] GC(35) Metaspace: 6298K(6464K)->6298K(6464K) NonClass: 5765K(5824K)->5765K(5824K) Class: 533K(640K)->533K(640K)
[6.982s][info][gc             ] GC(35) Pause Full (Allocation Failure) 1481M->1481M(3448M) 1151.080ms
[6.982s][info][gc,cpu         ] GC(35) User=1.14s Sys=0.00s Real=1.15s
[7.943s][info][gc,start       ] GC(36) Pause Young (Allocation Failure)
[9.690s][info][gc,heap        ] GC(36) DefNew: 974208K(1095936K)->121728K(1095936K) Eden: 974208K(974208K)->0K(974208K) From: 0K(121728K)->121728K(121728K)
[9.690s][info][gc,heap        ] GC(36) Tenured: 1461132K(2435220K)->2313583K(2435220K)
[9.690s][info][gc,metaspace   ] GC(36) Metaspace: 6298K(6464K)->6298K(6464K) NonClass: 5765K(5824K)->5765K(5824K) Class: 533K(640K)->533K(640K)
[9.690s][info][gc             ] GC(36) Pause Young (Allocation Failure) 2378M->2378M(3448M) 1747.718ms
[9.690s][info][gc,cpu         ] GC(36) User=1.50s Sys=0.23s Real=1.75s
[10.675s][info][gc,start       ] GC(37) Pause Young (Allocation Failure)
[12.380s][info][gc             ] GC(37) Pause Young (Allocation Failure) 3329M->3329M(4281M) 1704.314ms
[12.380s][info][gc,cpu         ] GC(37) User=1.41s Sys=0.27s Real=1.70s
[12.380s][info][gc,start       ] GC(38) Pause Full (Allocation Failure)
[12.380s][info][gc,phases,start] GC(38) Phase 1: Mark live objects
[13.890s][info][gc,phases      ] GC(38) Phase 1: Mark live objects 1510.583ms
[13.891s][info][gc,phases,start] GC(38) Phase 2: Compute new object addresses
[14.386s][info][gc,phases      ] GC(38) Phase 2: Compute new object addresses 495.181ms
[14.386s][info][gc,phases,start] GC(38) Phase 3: Adjust pointers
[15.068s][info][gc,phases      ] GC(38) Phase 3: Adjust pointers 682.565ms
[15.068s][info][gc,phases,start] GC(38) Phase 4: Move objects
[15.701s][info][gc,phases      ] GC(38) Phase 4: Move objects 632.512ms
[15.710s][info][gc,heap        ] GC(38) DefNew: 1095936K(1095936K)->27451K(2465920K) Eden: 974208K(974208K)->27451K(2191936K) From: 121728K(121728K)->0K(273984K)
[15.710s][info][gc,heap        ] GC(38) Tenured: 2313583K(2435220K)->3287831K(5479720K)
[15.710s][info][gc,metaspace   ] GC(38) Metaspace: 6298K(6464K)->6298K(6464K) NonClass: 5765K(5824K)->5765K(5824K) Class: 533K(640K)->533K(640K)
[15.710s][info][gc             ] GC(38) Pause Full (Allocation Failure) 3329M->3237M(7759M) 3330.247ms
[15.710s][info][gc,cpu         ] GC(38) User=3.23s Sys=0.02s Real=3.33s
[17.970s][info][gc,start       ] GC(39) Pause Young (Allocation Failure)
[21.818s][info][gc,heap        ] GC(39) DefNew: 2191936K(2465920K)->273984K(2465920K) Eden: 2191936K(2191936K)->0K(2191936K) From: 0K(273984K)->273984K(273984K)
[21.818s][info][gc,heap        ] GC(39) Tenured: 3287831K(5479720K)->5205754K(5479720K)
[21.818s][info][gc,metaspace   ] GC(39) Metaspace: 6298K(6464K)->6298K(6464K) NonClass: 5765K(5824K)->5765K(5824K) Class: 533K(640K)->533K(640K)
[21.818s][info][gc             ] GC(39) Pause Young (Allocation Failure) 5351M->5351M(7759M) 3847.682ms
[21.818s][info][gc,cpu         ] GC(39) User=3.23s Sys=0.55s Real=3.85s
[23.920s][info][gc,start       ] GC(40) Pause Young (Allocation Failure)
[27.711s][info][gc             ] GC(40) Pause Young (Allocation Failure) 7491M->7491M(9632M) 3790.636ms
[27.711s][info][gc,cpu         ] GC(40) User=3.16s Sys=0.59s Real=3.79s
[27.711s][info][gc,start       ] GC(41) Pause Full (Allocation Failure)
[27.711s][info][gc,phases,start] GC(41) Phase 1: Mark live objects
[31.260s][info][gc,phases      ] GC(41) Phase 1: Mark live objects 3549.412ms
[31.260s][info][gc,phases,start] GC(41) Phase 2: Compute new object addresses
[32.513s][info][gc,phases      ] GC(41) Phase 2: Compute new object addresses 1253.078ms
[32.514s][info][gc,phases,start] GC(41) Phase 3: Adjust pointers
[33.841s][info][gc,phases      ] GC(41) Phase 3: Adjust pointers 1327.650ms
[33.841s][info][gc,phases,start] GC(41) Phase 4: Move objects
[33.897s][info][gc,phases      ] GC(41) Phase 4: Move objects 55.736ms
[33.907s][info][gc,heap        ] GC(41) DefNew: 2465920K(2465920K)->273968K(4239360K) Eden: 2191936K(2191936K)->273968K(3768320K) From: 273984K(273984K)->0K(471040K)
[33.907s][info][gc,heap        ] GC(41) Tenured: 5205754K(5479720K)->7397676K(9420800K)
[33.907s][info][gc,metaspace   ] GC(41) Metaspace: 6298K(6464K)->6298K(6464K) NonClass: 5765K(5824K)->5765K(5824K) Class: 533K(640K)->533K(640K)
[33.907s][info][gc             ] GC(41) Pause Full (Allocation Failure) 7491M->7491M(13340M) 6195.794ms
[33.907s][info][gc,cpu         ] GC(41) User=6.09s Sys=0.02s Real=6.20s
[37.310s][info][gc,start       ] GC(42) Pause Young (Allocation Failure)
[44.929s][info][gc,promotion   ] GC(42) Promotion failed
[44.929s][info][gc             ] GC(42) Pause Young (Allocation Failure) 10904M->13340M(13340M) 7619.401ms
[44.929s][info][gc,cpu         ] GC(42) User=6.77s Sys=0.81s Real=7.62s
[44.929s][info][gc,start       ] GC(43) Pause Full (Allocation Failure)
[44.929s][info][gc,phases,start] GC(43) Phase 1: Mark live objects
[50.441s][info][gc,phases      ] GC(43) Phase 1: Mark live objects 5511.566ms
[50.441s][info][gc,phases,start] GC(43) Phase 2: Compute new object addresses
[52.311s][info][gc,phases      ] GC(43) Phase 2: Compute new object addresses 1869.937ms
[52.311s][info][gc,phases,start] GC(43) Phase 3: Adjust pointers
[54.487s][info][gc,phases      ] GC(43) Phase 3: Adjust pointers 2176.111ms
[54.487s][info][gc,phases,start] GC(43) Phase 4: Move objects
[54.948s][info][gc,phases      ] GC(43) Phase 4: Move objects 461.019ms
[54.949s][info][gc,heap        ] GC(43) DefNew: 3768320K(4239360K)->1745165K(4239360K) Eden: 3768320K(3768320K)->1745165K(3768320K) From: 0K(471040K)->0K(471040K)
[54.949s][info][gc,heap        ] GC(43) Tenured: 7397676K(9420800K)->9420800K(9420800K)
[54.949s][info][gc,metaspace   ] GC(43) Metaspace: 6298K(6464K)->6298K(6464K) NonClass: 5765K(5824K)->5765K(5824K) Class: 533K(640K)->533K(640K)
[54.949s][info][gc             ] GC(43) Pause Full (Allocation Failure) 13340M->10904M(13340M) 10020.027ms
[54.949s][info][gc,cpu         ] GC(43) User=9.95s Sys=0.06s Real=10.02s
[58.228s][info][gc,start       ] GC(44) Pause Full (Allocation Failure)
[58.229s][info][gc,phases,start] GC(44) Phase 1: Mark live objects
[64.285s][info][gc,phases      ] GC(44) Phase 1: Mark live objects 6056.418ms
[64.285s][info][gc,phases,start] GC(44) Phase 2: Compute new object addresses
[66.105s][info][gc,phases      ] GC(44) Phase 2: Compute new object addresses 1819.948ms
[66.105s][info][gc,phases,start] GC(44) Phase 3: Adjust pointers
[68.695s][info][gc,phases      ] GC(44) Phase 3: Adjust pointers 2589.525ms
[68.695s][info][gc,phases,start] GC(44) Phase 4: Move objects
[69.047s][info][gc,phases      ] GC(44) Phase 4: Move objects 352.409ms
[69.048s][info][gc,heap        ] GC(44) DefNew: 4239359K(4239360K)->4239345K(4239360K) Eden: 3768320K(3768320K)->3768319K(3768320K) From: 471039K(471040K)->471025K(471040K)
[69.048s][info][gc,heap        ] GC(44) Tenured: 9420800K(9420800K)->9420800K(9420800K)
[69.048s][info][gc,metaspace   ] GC(44) Metaspace: 6298K(6464K)->6298K(6464K) NonClass: 5765K(5824K)->5765K(5824K) Class: 533K(640K)->533K(640K)
[69.048s][info][gc             ] GC(44) Pause Full (Allocation Failure) 13339M->13339M(13340M) 10819.476ms
[69.048s][info][gc,cpu         ] GC(44) User=10.69s Sys=0.00s Real=10.82s
[69.048s][info][gc,start       ] GC(45) Pause Full (Allocation Failure)
[69.048s][info][gc,phases,start] GC(45) Phase 1: Mark live objects
[75.100s][info][gc,phases      ] GC(45) Phase 1: Mark live objects 6051.222ms
[75.100s][info][gc,phases,start] GC(45) Phase 2: Compute new object addresses
[77.120s][info][gc,phases      ] GC(45) Phase 2: Compute new object addresses 2020.341ms
[77.120s][info][gc,phases,start] GC(45) Phase 3: Adjust pointers
[79.970s][info][gc,phases      ] GC(45) Phase 3: Adjust pointers 2850.282ms
[79.971s][info][gc,phases,start] GC(45) Phase 4: Move objects
[82.065s][info][gc,phases      ] GC(45) Phase 4: Move objects 2094.812ms
[82.066s][info][gc,heap        ] GC(45) DefNew: 4239359K(4239360K)->3846143K(4239360K) Eden: 3768319K(3768320K)->3768319K(3768320K) From: 471039K(471040K)->77824K(471040K)
[82.066s][info][gc,heap        ] GC(45) Tenured: 9420800K(9420800K)->9420799K(9420800K)
[82.066s][info][gc,metaspace   ] GC(45) Metaspace: 6298K(6464K)->6298K(6464K) NonClass: 5765K(5824K)->5765K(5824K) Class: 533K(640K)->533K(640K)
[82.066s][info][gc             ] GC(45) Pause Full (Allocation Failure) 13339M->12955M(13340M) 13017.868ms
[82.066s][info][gc,cpu         ] GC(45) User=12.78s Sys=0.02s Real=13.02s
[83.145s][info][gc,start       ] GC(46) Pause Full (Allocation Failure)
[83.145s][info][gc,phases,start] GC(46) Phase 1: Mark live objects
[89.363s][info][gc,phases      ] GC(46) Phase 1: Mark live objects 6218.086ms
[89.363s][info][gc,phases,start] GC(46) Phase 2: Compute new object addresses
[91.240s][info][gc,phases      ] GC(46) Phase 2: Compute new object addresses 1876.785ms
[91.240s][info][gc,phases,start] GC(46) Phase 3: Adjust pointers
[93.770s][info][gc,phases      ] GC(46) Phase 3: Adjust pointers 2530.615ms
[93.770s][info][gc,phases,start] GC(46) Phase 4: Move objects
[93.771s][info][gc,phases      ] GC(46) Phase 4: Move objects 0.017ms
[93.771s][info][gc,heap        ] GC(46) DefNew: 4239359K(4239360K)->4239359K(4239360K) Eden: 3768320K(3768320K)->3768320K(3768320K) From: 471039K(471040K)->471039K(471040K)
[93.771s][info][gc,heap        ] GC(46) Tenured: 9420799K(9420800K)->9420799K(9420800K)
[93.771s][info][gc,metaspace   ] GC(46) Metaspace: 6298K(6464K)->6298K(6464K) NonClass: 5765K(5824K)->5765K(5824K) Class: 533K(640K)->533K(640K)
[93.771s][info][gc             ] GC(46) Pause Full (Allocation Failure) 13339M->13339M(13340M) 10626.534ms
[93.771s][info][gc,cpu         ] GC(46) User=10.56s Sys=0.00s Real=10.63s
[93.771s][info][gc,start       ] GC(47) Pause Full (Allocation Failure)
[93.771s][info][gc,phases,start] GC(47) Phase 1: Mark live objects
[99.981s][info][gc,phases      ] GC(47) Phase 1: Mark live objects 6210.040ms
[99.981s][info][gc,phases,start] GC(47) Phase 2: Compute new object addresses
[102.146s][info][gc,phases      ] GC(47) Phase 2: Compute new object addresses 2164.211ms
[102.146s][info][gc,phases,start] GC(47) Phase 3: Adjust pointers
[105.429s][info][gc,phases      ] GC(47) Phase 3: Adjust pointers 3283.160ms
[105.429s][info][gc,phases,start] GC(47) Phase 4: Move objects
[108.125s][info][gc,phases      ] GC(47) Phase 4: Move objects 2696.045ms
[108.127s][info][gc,heap        ] GC(47) DefNew: 4239359K(4239360K)->4239355K(4239360K) Eden: 3768320K(3768320K)->3768319K(3768320K) From: 471039K(471040K)->471035K(471040K)
[108.127s][info][gc,heap        ] GC(47) Tenured: 9420799K(9420800K)->9420799K(9420800K)
[108.127s][info][gc,metaspace   ] GC(47) Metaspace: 6298K(6464K)->6296K(6464K) NonClass: 5765K(5824K)->5763K(5824K) Class: 533K(640K)->532K(640K)
[108.127s][info][gc             ] GC(47) Pause Full (Allocation Failure) 13339M->13339M(13340M) 14355.373ms
[108.127s][info][gc,cpu         ] GC(47) User=13.92s Sys=0.00s Real=14.36s
[108.144s][info][gc,start       ] GC(48) Pause Full (Allocation Failure)
[108.144s][info][gc,phases,start] GC(48) Phase 1: Mark live objects
[114.545s][info][gc,phases      ] GC(48) Phase 1: Mark live objects 6400.723ms
[114.545s][info][gc,phases,start] GC(48) Phase 2: Compute new object addresses
[116.502s][info][gc,phases      ] GC(48) Phase 2: Compute new object addresses 1956.911ms
[116.502s][info][gc,phases,start] GC(48) Phase 3: Adjust pointers
[119.113s][info][gc,phases      ] GC(48) Phase 3: Adjust pointers 2611.166ms
[119.113s][info][gc,phases,start] GC(48) Phase 4: Move objects
[119.113s][info][gc,phases      ] GC(48) Phase 4: Move objects 0.017ms
[119.114s][info][gc,heap        ] GC(48) DefNew: 4239359K(4239360K)->4239359K(4239360K) Eden: 3768319K(3768320K)->3768319K(3768320K) From: 471039K(471040K)->471039K(471040K)
[119.114s][info][gc,heap        ] GC(48) Tenured: 9420799K(9420800K)->9420799K(9420800K)
[119.114s][info][gc,metaspace   ] GC(48) Metaspace: 6296K(6464K)->6296K(6464K) NonClass: 5763K(5824K)->5763K(5824K) Class: 532K(640K)->532K(640K)
[119.114s][info][gc             ] GC(48) Pause Full (Allocation Failure) 13339M->13339M(13340M) 10969.976ms
[119.114s][info][gc,cpu         ] GC(48) User=10.86s Sys=0.03s Real=10.97s
[119.114s][info][gc,start       ] GC(49) Pause Full (Allocation Failure)
[119.114s][info][gc,phases,start] GC(49) Phase 1: Mark live objects
[128.070s][info][gc,phases      ] GC(49) Phase 1: Mark live objects 8956.063ms
[128.071s][info][gc,phases,start] GC(49) Phase 2: Compute new object addresses
[132.879s][info][gc,phases      ] GC(49) Phase 2: Compute new object addresses 4808.155ms
[132.879s][info][gc,phases,start] GC(49) Phase 3: Adjust pointers
[140.780s][info][gc,phases      ] GC(49) Phase 3: Adjust pointers 7900.425ms
[140.780s][info][gc,phases,start] GC(49) Phase 4: Move objects
[140.780s][info][gc,phases      ] GC(49) Phase 4: Move objects 0.035ms
[140.789s][info][gc,heap        ] GC(49) DefNew: 4239359K(4239360K)->4239359K(4239360K) Eden: 3768319K(3768320K)->3768319K(3768320K) From: 471039K(471040K)->471039K(471040K)
[140.789s][info][gc,heap        ] GC(49) Tenured: 9420799K(9420800K)->9420799K(9420800K)
[140.789s][info][gc,metaspace   ] GC(49) Metaspace: 6296K(6464K)->6296K(6464K) NonClass: 5763K(5824K)->5763K(5824K) Class: 532K(640K)->532K(640K)
[140.789s][info][gc             ] GC(49) Pause Full (Allocation Failure) 13339M->13339M(13340M) 21674.939ms
[140.789s][info][gc,cpu         ] GC(49) User=12.34s Sys=6.33s Real=21.67s
[140.795s][info][gc,start       ] GC(50) Pause Full (Allocation Failure)
[140.795s][info][gc,phases,start] GC(50) Phase 1: Mark live objects
[149.051s][info][gc,phases      ] GC(50) Phase 1: Mark live objects 8255.913ms
[149.051s][info][gc,phases,start] GC(50) Phase 2: Compute new object addresses
[151.305s][info][gc,phases      ] GC(50) Phase 2: Compute new object addresses 2253.253ms
[151.305s][info][gc,phases,start] GC(50) Phase 3: Adjust pointers
[154.450s][info][gc,phases      ] GC(50) Phase 3: Adjust pointers 3144.932ms
[154.450s][info][gc,phases,start] GC(50) Phase 4: Move objects
[154.450s][info][gc,phases      ] GC(50) Phase 4: Move objects 0.018ms
[154.451s][info][gc,heap        ] GC(50) DefNew: 4239359K(4239360K)->4239359K(4239360K) Eden: 3768320K(3768320K)->3768320K(3768320K) From: 471039K(471040K)->471039K(471040K)
[154.451s][info][gc,heap        ] GC(50) Tenured: 9420799K(9420800K)->9420799K(9420800K)
[154.451s][info][gc,metaspace   ] GC(50) Metaspace: 6296K(6464K)->6296K(6464K) NonClass: 5763K(5824K)->5763K(5824K) Class: 532K(640K)->532K(640K)
[154.451s][info][gc             ] GC(50) Pause Full (Allocation Failure) 13339M->13339M(13340M) 13655.473ms
[154.451s][info][gc,cpu         ] GC(50) User=11.94s Sys=1.38s Real=13.65s
[154.451s][info][gc,start       ] GC(51) Pause Full (Allocation Failure)
[154.451s][info][gc,phases,start] GC(51) Phase 1: Mark live objects
[161.144s][info][gc,phases      ] GC(51) Phase 1: Mark live objects 6692.972ms
[161.144s][info][gc,phases,start] GC(51) Phase 2: Compute new object addresses
[163.437s][info][gc,phases      ] GC(51) Phase 2: Compute new object addresses 2293.178ms
[163.437s][info][gc,phases,start] GC(51) Phase 3: Adjust pointers
[167.164s][info][gc,phases      ] GC(51) Phase 3: Adjust pointers 3726.502ms
[167.164s][info][gc,phases,start] GC(51) Phase 4: Move objects
[170.196s][info][gc,phases      ] GC(51) Phase 4: Move objects 3031.880ms
[170.197s][info][gc,heap        ] GC(51) DefNew: 4239359K(4239360K)->4239358K(4239360K) Eden: 3768320K(3768320K)->3768319K(3768320K) From: 471039K(471040K)->471038K(471040K)
[170.197s][info][gc,heap        ] GC(51) Tenured: 9420799K(9420800K)->9420799K(9420800K)
[170.197s][info][gc,metaspace   ] GC(51) Metaspace: 6296K(6464K)->6296K(6464K) NonClass: 5763K(5824K)->5763K(5824K) Class: 532K(640K)->532K(640K)
[170.197s][info][gc             ] GC(51) Pause Full (Allocation Failure) 13339M->13339M(13340M) 15745.916ms
[170.197s][info][gc,cpu         ] GC(51) User=15.45s Sys=0.14s Real=15.75s
[170.211s][info][gc,start       ] GC(52) Pause Full (Allocation Failure)
[170.211s][info][gc,phases,start] GC(52) Phase 1: Mark live objects
[176.921s][info][gc,phases      ] GC(52) Phase 1: Mark live objects 6709.572ms
[176.921s][info][gc,phases,start] GC(52) Phase 2: Compute new object addresses
[179.505s][info][gc,phases      ] GC(52) Phase 2: Compute new object addresses 2584.491ms
[179.505s][info][gc,phases,start] GC(52) Phase 3: Adjust pointers
[183.161s][info][gc,phases      ] GC(52) Phase 3: Adjust pointers 3655.363ms
[183.161s][info][gc,phases,start] GC(52) Phase 4: Move objects
[183.161s][info][gc,phases      ] GC(52) Phase 4: Move objects 0.019ms
[183.162s][info][gc,heap        ] GC(52) DefNew: 4239359K(4239360K)->4239358K(4239360K) Eden: 3768320K(3768320K)->3768320K(3768320K) From: 471039K(471040K)->471038K(471040K)
[183.162s][info][gc,heap        ] GC(52) Tenured: 9420799K(9420800K)->9420799K(9420800K)
[183.162s][info][gc,metaspace   ] GC(52) Metaspace: 6298K(6464K)->6298K(6464K) NonClass: 5764K(5824K)->5764K(5824K) Class: 533K(640K)->533K(640K)
[183.162s][info][gc             ] GC(52) Pause Full (Allocation Failure) 13339M->13339M(13340M) 12950.773ms
[183.162s][info][gc,cpu         ] GC(52) User=12.44s Sys=0.00s Real=12.95s
[183.164s][info][gc,heap,exit   ] Heap
[183.164s][info][gc,heap,exit   ]  def new generation   total 4239360K, used 4239359K [0x00000004a1800000, 0x00000005c1000000, 0x00000005c1000000)
[183.164s][info][gc,heap,exit   ]   eden space 3768320K, 100% used [0x00000004a1800000, 0x0000000587800000, 0x0000000587800000)
[183.164s][info][gc,heap,exit   ]   from space 471040K,  99% used [0x00000005a4400000, 0x00000005c0ffff40, 0x00000005c1000000)
[183.164s][info][gc,heap,exit   ]   to   space 471040K,   0% used [0x0000000587800000, 0x0000000587800000, 0x00000005a4400000)
[183.164s][info][gc,heap,exit   ]  tenured generation   total 9420800K, used 9420799K [0x00000005c1000000, 0x0000000800000000, 0x0000000800000000)
[183.164s][info][gc,heap,exit   ]    the space 9420800K,  99% used [0x00000005c1000000, 0x00000007fffffff8, 0x0000000800000000, 0x0000000800000000)
[183.164s][info][gc,heap,exit   ]  Metaspace       used 6301K, committed 6464K, reserved 1114112K
[183.164s][info][gc,heap,exit   ]   class space    used 534K, committed 640K, reserved 1048576K
