[0.016s][info][gc,init] CardTable entry size: 512
[0.017s][info][gc     ] Using Serial
[0.017s][info][gc,init] Version: 18.0.1+10 (release)
[0.017s][info][gc,init] CPUs: 8 total, 8 available
[0.017s][info][gc,init] Memory: 16063M
[0.017s][info][gc,init] Large Page Support: Disabled
[0.017s][info][gc,init] NUMA Support: Disabled
[0.017s][info][gc,init] Compressed Oops: Enabled (Zero based)
[0.017s][info][gc,init] Heap Min Capacity: 2M
[0.017s][info][gc,init] Heap Initial Capacity: 2M
[0.017s][info][gc,init] Heap Max Capacity: 17600M
[0.017s][info][gc,init] Pre-touch: Disabled
[0.017s][info][gc,metaspace] CDS archive(s) not mapped
[0.017s][info][gc,metaspace] Compressed class space mapped at: 0x0000000800000000-0x0000000840000000, reserved size: 1073741824
[0.017s][info][gc,metaspace] Narrow klass base: 0x0000000800000000, Narrow klass shift: 0, Narrow klass range: 0x40000000
[0.163s][info][gc,start    ] GC(0) Pause Young (Allocation Failure)
[0.165s][info][gc,heap     ] GC(0) DefNew: 1023K(1152K)->127K(1152K) Eden: 1023K(1024K)->0K(1024K) From: 0K(128K)->127K(128K)
[0.165s][info][gc,heap     ] GC(0) Tenured: 0K(768K)->439K(768K)
[0.165s][info][gc,metaspace] GC(0) Metaspace: 5898K(6016K)->5898K(6016K) NonClass: 5399K(5504K)->5399K(5504K) Class: 499K(512K)->499K(512K)
[0.165s][info][gc          ] GC(0) Pause Young (Allocation Failure) 0M->0M(1M) 1.827ms
[0.165s][info][gc,cpu      ] GC(0) User=0.00s Sys=0.00s Real=0.00s
[0.183s][info][gc,start    ] GC(1) Pause Young (Allocation Failure)
[0.185s][info][gc          ] GC(1) Pause Young (Allocation Failure) 1M->0M(2M) 1.372ms
[0.185s][info][gc,cpu      ] GC(1) User=0.00s Sys=0.00s Real=0.00s
[0.185s][info][gc,start    ] GC(2) Pause Full (Allocation Failure)
[0.185s][info][gc,phases,start] GC(2) Phase 1: Mark live objects
[0.186s][info][gc,phases      ] GC(2) Phase 1: Mark live objects 1.020ms
[0.186s][info][gc,phases,start] GC(2) Phase 2: Compute new object addresses
[0.186s][info][gc,phases      ] GC(2) Phase 2: Compute new object addresses 0.252ms
[0.186s][info][gc,phases,start] GC(2) Phase 3: Adjust pointers
[0.187s][info][gc,phases      ] GC(2) Phase 3: Adjust pointers 0.537ms
[0.187s][info][gc,phases,start] GC(2) Phase 4: Move objects
[0.187s][info][gc,phases      ] GC(2) Phase 4: Move objects 0.069ms
[0.187s][info][gc,heap        ] GC(2) DefNew: 1151K(1152K)->40K(1152K) Eden: 1024K(1024K)->40K(1024K) From: 127K(128K)->0K(128K)
[0.187s][info][gc,heap        ] GC(2) Tenured: 439K(768K)->959K(1600K)
[0.187s][info][gc,metaspace   ] GC(2) Metaspace: 6296K(6464K)->6296K(6464K) NonClass: 5762K(5824K)->5762K(5824K) Class: 533K(640K)->533K(640K)
[0.187s][info][gc             ] GC(2) Pause Full (Allocation Failure) 0M->0M(2M) 2.147ms
[0.187s][info][gc,cpu         ] GC(2) User=0.00s Sys=0.00s Real=0.00s
[0.188s][info][gc,start       ] GC(3) Pause Young (Allocation Failure)
[0.191s][info][gc,heap        ] GC(3) DefNew: 1024K(1152K)->128K(1152K) Eden: 1024K(1024K)->0K(1024K) From: 0K(128K)->128K(128K)
[0.191s][info][gc,heap        ] GC(3) Tenured: 959K(1600K)->1375K(1600K)
[0.191s][info][gc,metaspace   ] GC(3) Metaspace: 6296K(6464K)->6296K(6464K) NonClass: 5762K(5824K)->5762K(5824K) Class: 533K(640K)->533K(640K)
[0.191s][info][gc             ] GC(3) Pause Young (Allocation Failure) 1M->1M(2M) 2.315ms
[0.191s][info][gc,cpu         ] GC(3) User=0.00s Sys=0.00s Real=0.00s
[0.192s][info][gc,start       ] GC(4) Pause Young (Allocation Failure)
[0.194s][info][gc             ] GC(4) Pause Young (Allocation Failure) 2M->1M(3M) 1.264ms
[0.194s][info][gc,cpu         ] GC(4) User=0.00s Sys=0.00s Real=0.00s
[0.194s][info][gc,start       ] GC(5) Pause Full (Allocation Failure)
[0.194s][info][gc,phases,start] GC(5) Phase 1: Mark live objects
[0.195s][info][gc,phases      ] GC(5) Phase 1: Mark live objects 1.421ms
[0.195s][info][gc,phases,start] GC(5) Phase 2: Compute new object addresses
[0.196s][info][gc,phases      ] GC(5) Phase 2: Compute new object addresses 0.398ms
[0.196s][info][gc,phases,start] GC(5) Phase 3: Adjust pointers
[0.196s][info][gc,phases      ] GC(5) Phase 3: Adjust pointers 0.711ms
[0.197s][info][gc,phases,start] GC(5) Phase 4: Move objects
[0.197s][info][gc,phases      ] GC(5) Phase 4: Move objects 0.082ms
[0.197s][info][gc,heap        ] GC(5) DefNew: 1152K(1152K)->35K(1536K) Eden: 1024K(1024K)->35K(1408K) From: 128K(128K)->0K(128K)
[0.197s][info][gc,heap        ] GC(5) Tenured: 1375K(1600K)->1983K(3308K)
[0.197s][info][gc,metaspace   ] GC(5) Metaspace: 6296K(6464K)->6296K(6464K) NonClass: 5762K(5824K)->5762K(5824K) Class: 533K(640K)->533K(640K)
[0.197s][info][gc             ] GC(5) Pause Full (Allocation Failure) 1M->1M(4M) 2.966ms
[0.197s][info][gc,cpu         ] GC(5) User=0.00s Sys=0.00s Real=0.00s
[0.198s][info][gc,start       ] GC(6) Pause Young (Allocation Failure)
[0.200s][info][gc,heap        ] GC(6) DefNew: 1408K(1536K)->127K(1536K) Eden: 1408K(1408K)->0K(1408K) From: 0K(128K)->127K(128K)
[0.200s][info][gc,heap        ] GC(6) Tenured: 1983K(3308K)->2617K(3308K)
[0.200s][info][gc,metaspace   ] GC(6) Metaspace: 6296K(6464K)->6296K(6464K) NonClass: 5762K(5824K)->5762K(5824K) Class: 533K(640K)->533K(640K)
[0.200s][info][gc             ] GC(6) Pause Young (Allocation Failure) 3M->2M(4M) 1.722ms
[0.200s][info][gc,cpu         ] GC(6) User=0.00s Sys=0.00s Real=0.00s
[0.202s][info][gc,start       ] GC(7) Pause Young (Allocation Failure)
[0.204s][info][gc             ] GC(7) Pause Young (Allocation Failure) 4M->3M(4M) 1.923ms
[0.204s][info][gc,cpu         ] GC(7) User=0.00s Sys=0.00s Real=0.00s
[0.204s][info][gc,start       ] GC(8) Pause Full (Allocation Failure)
[0.204s][info][gc,phases,start] GC(8) Phase 1: Mark live objects
[0.207s][info][gc,phases      ] GC(8) Phase 1: Mark live objects 2.163ms
[0.207s][info][gc,phases,start] GC(8) Phase 2: Compute new object addresses
[0.207s][info][gc,phases      ] GC(8) Phase 2: Compute new object addresses 0.585ms
[0.207s][info][gc,phases,start] GC(8) Phase 3: Adjust pointers
[0.208s][info][gc,phases      ] GC(8) Phase 3: Adjust pointers 0.900ms
[0.208s][info][gc,phases,start] GC(8) Phase 4: Move objects
[0.208s][info][gc,phases      ] GC(8) Phase 4: Move objects 0.067ms
[0.208s][info][gc,heap        ] GC(8) DefNew: 1535K(1536K)->0K(2688K) Eden: 1408K(1408K)->0K(2432K) From: 127K(128K)->0K(256K)
[0.208s][info][gc,heap        ] GC(8) Tenured: 2617K(3308K)->3460K(5768K)
[0.208s][info][gc,metaspace   ] GC(8) Metaspace: 6296K(6464K)->6296K(6464K) NonClass: 5762K(5824K)->5762K(5824K) Class: 533K(640K)->533K(640K)
[0.208s][info][gc             ] GC(8) Pause Full (Allocation Failure) 3M->3M(8M) 4.003ms
[0.208s][info][gc,cpu         ] GC(8) User=0.00s Sys=0.00s Real=0.00s
[0.212s][info][gc,start       ] GC(9) Pause Young (Allocation Failure)
[0.215s][info][gc,heap        ] GC(9) DefNew: 2431K(2688K)->256K(2688K) Eden: 2431K(2432K)->0K(2432K) From: 0K(256K)->256K(256K)
[0.215s][info][gc,heap        ] GC(9) Tenured: 3460K(5768K)->4512K(5768K)
[0.215s][info][gc,metaspace   ] GC(9) Metaspace: 6296K(6464K)->6296K(6464K) NonClass: 5762K(5824K)->5762K(5824K) Class: 533K(640K)->533K(640K)
[0.215s][info][gc             ] GC(9) Pause Young (Allocation Failure) 5M->4M(8M) 2.682ms
[0.215s][info][gc,cpu         ] GC(9) User=0.00s Sys=0.00s Real=0.00s
[0.217s][info][gc,start       ] GC(10) Pause Young (Allocation Failure)
[0.220s][info][gc,heap        ] GC(10) DefNew: 2688K(2688K)->256K(2688K) Eden: 2432K(2432K)->0K(2432K) From: 256K(256K)->256K(256K)
[0.220s][info][gc,heap        ] GC(10) Tenured: 4512K(5768K)->5755K(5768K)
[0.220s][info][gc,metaspace   ] GC(10) Metaspace: 6296K(6464K)->6296K(6464K) NonClass: 5762K(5824K)->5762K(5824K) Class: 533K(640K)->533K(640K)
[0.220s][info][gc             ] GC(10) Pause Young (Allocation Failure) 7M->5M(8M) 2.901ms
[0.220s][info][gc,cpu         ] GC(10) User=0.02s Sys=0.00s Real=0.00s
[0.222s][info][gc,start       ] GC(11) Pause Young (Allocation Failure)
[0.225s][info][gc             ] GC(11) Pause Young (Allocation Failure) 8M->7M(9M) 2.933ms
[0.225s][info][gc,cpu         ] GC(11) User=0.00s Sys=0.00s Real=0.00s
[0.225s][info][gc,start       ] GC(12) Pause Full (Allocation Failure)
[0.226s][info][gc,phases,start] GC(12) Phase 1: Mark live objects
[0.229s][info][gc,phases      ] GC(12) Phase 1: Mark live objects 3.892ms
[0.230s][info][gc,phases,start] GC(12) Phase 2: Compute new object addresses
[0.231s][info][gc,phases      ] GC(12) Phase 2: Compute new object addresses 1.159ms
[0.231s][info][gc,phases,start] GC(12) Phase 3: Adjust pointers
[0.232s][info][gc,phases      ] GC(12) Phase 3: Adjust pointers 1.680ms
[0.233s][info][gc,phases,start] GC(12) Phase 4: Move objects
[0.234s][info][gc,phases      ] GC(12) Phase 4: Move objects 1.158ms
[0.234s][info][gc,heap        ] GC(12) DefNew: 2688K(2688K)->0K(5376K) Eden: 2432K(2432K)->0K(4800K) From: 256K(256K)->0K(576K)
[0.234s][info][gc,heap        ] GC(12) Tenured: 5755K(5768K)->7132K(11888K)
[0.234s][info][gc,metaspace   ] GC(12) Metaspace: 6296K(6464K)->6296K(6464K) NonClass: 5762K(5824K)->5762K(5824K) Class: 533K(640K)->533K(640K)
[0.234s][info][gc             ] GC(12) Pause Full (Allocation Failure) 7M->6M(16M) 8.398ms
[0.234s][info][gc,cpu         ] GC(12) User=0.00s Sys=0.00s Real=0.01s
[0.239s][info][gc,start       ] GC(13) Pause Young (Allocation Failure)
[0.244s][info][gc,heap        ] GC(13) DefNew: 4800K(5376K)->575K(5376K) Eden: 4800K(4800K)->0K(4800K) From: 0K(576K)->575K(576K)
[0.244s][info][gc,heap        ] GC(13) Tenured: 7132K(11888K)->9027K(11888K)
[0.244s][info][gc,metaspace   ] GC(13) Metaspace: 6296K(6464K)->6296K(6464K) NonClass: 5762K(5824K)->5762K(5824K) Class: 533K(640K)->533K(640K)
[0.244s][info][gc             ] GC(13) Pause Young (Allocation Failure) 11M->9M(16M) 5.350ms
[0.244s][info][gc,cpu         ] GC(13) User=0.00s Sys=0.00s Real=0.00s
[0.249s][info][gc,start       ] GC(14) Pause Young (Allocation Failure)
[0.255s][info][gc,heap        ] GC(14) DefNew: 5375K(5376K)->576K(5376K) Eden: 4800K(4800K)->0K(4800K) From: 575K(576K)->576K(576K)
[0.255s][info][gc,heap        ] GC(14) Tenured: 9027K(11888K)->11746K(11888K)
[0.255s][info][gc,metaspace   ] GC(14) Metaspace: 6296K(6464K)->6296K(6464K) NonClass: 5762K(5824K)->5762K(5824K) Class: 533K(640K)->533K(640K)
[0.255s][info][gc             ] GC(14) Pause Young (Allocation Failure) 14M->12M(16M) 6.181ms
[0.255s][info][gc,cpu         ] GC(14) User=0.00s Sys=0.00s Real=0.01s
[0.259s][info][gc,start       ] GC(15) Pause Young (Allocation Failure)
[0.264s][info][gc             ] GC(15) Pause Young (Allocation Failure) 16M->14M(19M) 5.217ms
[0.264s][info][gc,cpu         ] GC(15) User=0.00s Sys=0.00s Real=0.01s
[0.264s][info][gc,start       ] GC(16) Pause Full (Allocation Failure)
[0.264s][info][gc,phases,start] GC(16) Phase 1: Mark live objects
[0.272s][info][gc,phases      ] GC(16) Phase 1: Mark live objects 7.764ms
[0.272s][info][gc,phases,start] GC(16) Phase 2: Compute new object addresses
[0.275s][info][gc,phases      ] GC(16) Phase 2: Compute new object addresses 2.318ms
[0.275s][info][gc,phases,start] GC(16) Phase 3: Adjust pointers
[0.278s][info][gc,phases      ] GC(16) Phase 3: Adjust pointers 2.820ms
[0.278s][info][gc,phases,start] GC(16) Phase 4: Move objects
[0.278s][info][gc,phases      ] GC(16) Phase 4: Move objects 0.188ms
[0.278s][info][gc,heap        ] GC(16) DefNew: 5376K(5376K)->386K(10880K) Eden: 4800K(4800K)->386K(9728K) From: 576K(576K)->0K(1152K)
[0.278s][info][gc,heap        ] GC(16) Tenured: 11746K(11888K)->14384K(23976K)
[0.278s][info][gc,metaspace   ] GC(16) Metaspace: 6298K(6464K)->6298K(6464K) NonClass: 5764K(5824K)->5764K(5824K) Class: 533K(640K)->533K(640K)
[0.278s][info][gc             ] GC(16) Pause Full (Allocation Failure) 14M->14M(34M) 13.462ms
[0.278s][info][gc,cpu         ] GC(16) User=0.02s Sys=0.00s Real=0.01s
[0.287s][info][gc,start       ] GC(17) Pause Young (Allocation Failure)
[0.299s][info][gc,heap        ] GC(17) DefNew: 9728K(10880K)->1151K(10880K) Eden: 9728K(9728K)->0K(9728K) From: 0K(1152K)->1151K(1152K)
[0.299s][info][gc,heap        ] GC(17) Tenured: 14384K(23976K)->18415K(23976K)
[0.299s][info][gc,metaspace   ] GC(17) Metaspace: 6298K(6464K)->6298K(6464K) NonClass: 5764K(5824K)->5764K(5824K) Class: 533K(640K)->533K(640K)
[0.299s][info][gc             ] GC(17) Pause Young (Allocation Failure) 23M->19M(34M) 12.429ms
[0.299s][info][gc,cpu         ] GC(17) User=0.00s Sys=0.00s Real=0.01s
[0.307s][info][gc,start       ] GC(18) Pause Young (Allocation Failure)
[0.318s][info][gc,heap        ] GC(18) DefNew: 10879K(10880K)->1151K(10880K) Eden: 9728K(9728K)->0K(9728K) From: 1151K(1152K)->1151K(1152K)
[0.319s][info][gc,heap        ] GC(18) Tenured: 18415K(23976K)->23936K(23976K)
[0.319s][info][gc,metaspace   ] GC(18) Metaspace: 6298K(6464K)->6298K(6464K) NonClass: 5764K(5824K)->5764K(5824K) Class: 533K(640K)->533K(640K)
[0.319s][info][gc             ] GC(18) Pause Young (Allocation Failure) 28M->24M(34M) 11.886ms
[0.319s][info][gc,cpu         ] GC(18) User=0.00s Sys=0.00s Real=0.01s
[0.326s][info][gc,start       ] GC(19) Pause Young (Allocation Failure)
[0.336s][info][gc             ] GC(19) Pause Young (Allocation Failure) 34M->29M(38M) 10.822ms
[0.337s][info][gc,cpu         ] GC(19) User=0.00s Sys=0.00s Real=0.01s
[0.337s][info][gc,start       ] GC(20) Pause Full (Allocation Failure)
[0.337s][info][gc,phases,start] GC(20) Phase 1: Mark live objects
[0.350s][info][gc,phases      ] GC(20) Phase 1: Mark live objects 13.544ms
[0.350s][info][gc,phases,start] GC(20) Phase 2: Compute new object addresses
[0.355s][info][gc,phases      ] GC(20) Phase 2: Compute new object addresses 4.504ms
[0.355s][info][gc,phases,start] GC(20) Phase 3: Adjust pointers
[0.360s][info][gc,phases      ] GC(20) Phase 3: Adjust pointers 5.444ms
[0.360s][info][gc,phases,start] GC(20) Phase 4: Move objects
[0.360s][info][gc,phases      ] GC(20) Phase 4: Move objects 0.170ms
[0.361s][info][gc,heap        ] GC(20) DefNew: 10879K(10880K)->1080K(21888K) Eden: 9728K(9728K)->1080K(19520K) From: 1151K(1152K)->0K(2368K)
[0.361s][info][gc,heap        ] GC(20) Tenured: 23936K(23976K)->29036K(48396K)
[0.361s][info][gc,metaspace   ] GC(20) Metaspace: 6298K(6464K)->6298K(6464K) NonClass: 5764K(5824K)->5764K(5824K) Class: 533K(640K)->533K(640K)
[0.361s][info][gc             ] GC(20) Pause Full (Allocation Failure) 29M->29M(68M) 24.076ms
[0.361s][info][gc,cpu         ] GC(20) User=0.03s Sys=0.00s Real=0.02s
[0.378s][info][gc,start       ] GC(21) Pause Young (Allocation Failure)
[0.410s][info][gc,heap        ] GC(21) DefNew: 18427K(21888K)->2368K(21888K) Eden: 18427K(19520K)->0K(19520K) From: 0K(2368K)->2368K(2368K)
[0.410s][info][gc,heap        ] GC(21) Tenured: 29036K(48396K)->43096K(48396K)
[0.410s][info][gc,metaspace   ] GC(21) Metaspace: 6298K(6464K)->6298K(6464K) NonClass: 5764K(5824K)->5764K(5824K) Class: 533K(640K)->533K(640K)
[0.410s][info][gc             ] GC(21) Pause Young (Allocation Failure) 46M->44M(68M) 32.806ms
[0.410s][info][gc,cpu         ] GC(21) User=0.03s Sys=0.00s Real=0.03s
[0.429s][info][gc,start       ] GC(22) Pause Young (Allocation Failure)
[0.464s][info][gc             ] GC(22) Pause Young (Allocation Failure) 63M->63M(82M) 35.562ms
[0.464s][info][gc,cpu         ] GC(22) User=0.03s Sys=0.00s Real=0.03s
[0.464s][info][gc,start       ] GC(23) Pause Full (Allocation Failure)
[0.464s][info][gc,phases,start] GC(23) Phase 1: Mark live objects
[0.490s][info][gc,phases      ] GC(23) Phase 1: Mark live objects 25.805ms
[0.490s][info][gc,phases,start] GC(23) Phase 2: Compute new object addresses
[0.500s][info][gc,phases      ] GC(23) Phase 2: Compute new object addresses 9.812ms
[0.500s][info][gc,phases,start] GC(23) Phase 3: Adjust pointers
[0.511s][info][gc,phases      ] GC(23) Phase 3: Adjust pointers 10.934ms
[0.511s][info][gc,phases,start] GC(23) Phase 4: Move objects
[0.512s][info][gc,phases      ] GC(23) Phase 4: Move objects 0.341ms
[0.512s][info][gc,heap        ] GC(23) DefNew: 21888K(21888K)->2350K(47040K) Eden: 19520K(19520K)->2350K(41856K) From: 2368K(2368K)->0K(5184K)
[0.512s][info][gc,heap        ] GC(23) Tenured: 43096K(48396K)->62604K(104340K)
[0.512s][info][gc,metaspace   ] GC(23) Metaspace: 6298K(6464K)->6298K(6464K) NonClass: 5764K(5824K)->5764K(5824K) Class: 533K(640K)->533K(640K)
[0.512s][info][gc             ] GC(23) Pause Full (Allocation Failure) 63M->63M(147M) 47.583ms
[0.512s][info][gc,cpu         ] GC(23) User=0.05s Sys=0.00s Real=0.05s
[0.558s][info][gc,start       ] GC(24) Pause Young (Allocation Failure)
[0.623s][info][gc,heap        ] GC(24) DefNew: 41856K(47040K)->5183K(47040K) Eden: 41856K(41856K)->0K(41856K) From: 0K(5184K)->5183K(5184K)
[0.623s][info][gc,heap        ] GC(24) Tenured: 62604K(104340K)->99251K(104340K)
[0.623s][info][gc,metaspace   ] GC(24) Metaspace: 6298K(6464K)->6298K(6464K) NonClass: 5764K(5824K)->5764K(5824K) Class: 533K(640K)->533K(640K)
[0.623s][info][gc             ] GC(24) Pause Young (Allocation Failure) 102M->101M(147M) 64.881ms
[0.623s][info][gc,cpu         ] GC(24) User=0.06s Sys=0.00s Real=0.07s
[0.658s][info][gc,start       ] GC(25) Pause Young (Allocation Failure)
[0.732s][info][gc             ] GC(25) Pause Young (Allocation Failure) 142M->142M(183M) 74.358ms
[0.732s][info][gc,cpu         ] GC(25) User=0.06s Sys=0.00s Real=0.07s
[0.732s][info][gc,start       ] GC(26) Pause Full (Allocation Failure)
[0.732s][info][gc,phases,start] GC(26) Phase 1: Mark live objects
[0.793s][info][gc,phases      ] GC(26) Phase 1: Mark live objects 61.115ms
[0.793s][info][gc,phases,start] GC(26) Phase 2: Compute new object addresses
[0.817s][info][gc,phases      ] GC(26) Phase 2: Compute new object addresses 23.213ms
[0.817s][info][gc,phases,start] GC(26) Phase 3: Adjust pointers
[0.845s][info][gc,phases      ] GC(26) Phase 3: Adjust pointers 28.212ms
[0.845s][info][gc,phases,start] GC(26) Phase 4: Move objects
[0.871s][info][gc,phases      ] GC(26) Phase 4: Move objects 26.349ms
[0.872s][info][gc,heap        ] GC(26) DefNew: 47039K(47040K)->1341K(105920K) Eden: 41856K(41856K)->1341K(94208K) From: 5183K(5184K)->0K(11712K)
[0.872s][info][gc,heap        ] GC(26) Tenured: 99251K(104340K)->141079K(235136K)
[0.872s][info][gc,metaspace   ] GC(26) Metaspace: 6298K(6464K)->6298K(6464K) NonClass: 5764K(5824K)->5764K(5824K) Class: 533K(640K)->533K(640K)
[0.872s][info][gc             ] GC(26) Pause Full (Allocation Failure) 142M->139M(333M) 139.751ms
[0.872s][info][gc,cpu         ] GC(26) User=0.14s Sys=0.00s Real=0.14s
[0.969s][info][gc,start       ] GC(27) Pause Young (Allocation Failure)
[1.133s][info][gc,heap        ] GC(27) DefNew: 94208K(105920K)->11711K(105920K) Eden: 94208K(94208K)->0K(94208K) From: 0K(11712K)->11711K(11712K)
[1.133s][info][gc,heap        ] GC(27) Tenured: 141079K(235136K)->223545K(235136K)
[1.133s][info][gc,metaspace   ] GC(27) Metaspace: 6298K(6464K)->6298K(6464K) NonClass: 5764K(5824K)->5764K(5824K) Class: 533K(640K)->533K(640K)
[1.133s][info][gc             ] GC(27) Pause Young (Allocation Failure) 229M->229M(333M) 163.865ms
[1.133s][info][gc,cpu         ] GC(27) User=0.12s Sys=0.05s Real=0.16s
[1.217s][info][gc,start       ] GC(28) Pause Young (Allocation Failure)
[1.393s][info][gc             ] GC(28) Pause Young (Allocation Failure) 321M->321M(413M) 176.051ms
[1.393s][info][gc,cpu         ] GC(28) User=0.14s Sys=0.05s Real=0.18s
[1.393s][info][gc,start       ] GC(29) Pause Full (Allocation Failure)
[1.393s][info][gc,phases,start] GC(29) Phase 1: Mark live objects
[1.536s][info][gc,phases      ] GC(29) Phase 1: Mark live objects 143.583ms
[1.536s][info][gc,phases,start] GC(29) Phase 2: Compute new object addresses
[1.589s][info][gc,phases      ] GC(29) Phase 2: Compute new object addresses 52.285ms
[1.589s][info][gc,phases,start] GC(29) Phase 3: Adjust pointers
[1.646s][info][gc,phases      ] GC(29) Phase 3: Adjust pointers 57.368ms
[1.646s][info][gc,phases,start] GC(29) Phase 4: Move objects
[1.649s][info][gc,phases      ] GC(29) Phase 4: Move objects 2.259ms
[1.649s][info][gc,heap        ] GC(29) DefNew: 105919K(105920K)->11602K(238464K) Eden: 94208K(94208K)->11602K(212032K) From: 11711K(11712K)->0K(26432K)
[1.650s][info][gc,heap        ] GC(29) Tenured: 223545K(235136K)->317827K(529716K)
[1.650s][info][gc,metaspace   ] GC(29) Metaspace: 6298K(6464K)->6298K(6464K) NonClass: 5764K(5824K)->5764K(5824K) Class: 533K(640K)->533K(640K)
[1.650s][info][gc             ] GC(29) Pause Full (Allocation Failure) 321M->321M(750M) 256.815ms
[1.650s][info][gc,cpu         ] GC(29) User=0.23s Sys=0.00s Real=0.26s
[1.867s][info][gc,start       ] GC(30) Pause Young (Allocation Failure)
[2.225s][info][gc,heap        ] GC(30) DefNew: 212032K(238464K)->26432K(238464K) Eden: 212032K(212032K)->0K(212032K) From: 0K(26432K)->26432K(26432K)
[2.225s][info][gc,heap        ] GC(30) Tenured: 317827K(529716K)->503401K(529716K)
[2.225s][info][gc,metaspace   ] GC(30) Metaspace: 6298K(6464K)->6298K(6464K) NonClass: 5764K(5824K)->5764K(5824K) Class: 533K(640K)->533K(640K)
[2.225s][info][gc             ] GC(30) Pause Young (Allocation Failure) 517M->517M(750M) 358.581ms
[2.225s][info][gc,cpu         ] GC(30) User=0.28s Sys=0.06s Real=0.36s
[2.394s][info][gc,start       ] GC(31) Pause Young (Allocation Failure)
[2.757s][info][gc             ] GC(31) Pause Young (Allocation Failure) 702M->700M(907M) 363.159ms
[2.757s][info][gc,cpu         ] GC(31) User=0.31s Sys=0.03s Real=0.36s
[2.757s][info][gc,start       ] GC(32) Pause Full (Allocation Failure)
[2.757s][info][gc,phases,start] GC(32) Phase 1: Mark live objects
[3.080s][info][gc,phases      ] GC(32) Phase 1: Mark live objects 322.972ms
[3.080s][info][gc,phases,start] GC(32) Phase 2: Compute new object addresses
[3.187s][info][gc,phases      ] GC(32) Phase 2: Compute new object addresses 106.513ms
[3.187s][info][gc,phases,start] GC(32) Phase 3: Adjust pointers
[3.310s][info][gc,phases      ] GC(32) Phase 3: Adjust pointers 123.654ms
[3.311s][info][gc,phases,start] GC(32) Phase 4: Move objects
[3.316s][info][gc,phases      ] GC(32) Phase 4: Move objects 5.291ms
[3.318s][info][gc,heap        ] GC(32) DefNew: 216079K(238464K)->26276K(518400K) Eden: 189647K(212032K)->26276K(460800K) From: 26432K(26432K)->0K(57600K)
[3.318s][info][gc,heap        ] GC(32) Tenured: 503401K(529716K)->691187K(1151980K)
[3.318s][info][gc,metaspace   ] GC(32) Metaspace: 6298K(6464K)->6298K(6464K) NonClass: 5764K(5824K)->5764K(5824K) Class: 533K(640K)->533K(640K)
[3.318s][info][gc             ] GC(32) Pause Full (Allocation Failure) 700M->700M(1631M) 560.623ms
[3.318s][info][gc,cpu         ] GC(32) User=0.56s Sys=0.00s Real=0.56s
[3.776s][info][gc,start       ] GC(33) Pause Young (Allocation Failure)
[4.561s][info][gc,heap        ] GC(33) DefNew: 460800K(518400K)->57599K(518400K) Eden: 460800K(460800K)->0K(460800K) From: 0K(57600K)->57599K(57600K)
[4.562s][info][gc,heap        ] GC(33) Tenured: 691187K(1151980K)->1094360K(1151980K)
[4.562s][info][gc,metaspace   ] GC(33) Metaspace: 6298K(6464K)->6298K(6464K) NonClass: 5764K(5824K)->5764K(5824K) Class: 533K(640K)->533K(640K)
[4.562s][info][gc             ] GC(33) Pause Young (Allocation Failure) 1124M->1124M(1631M) 786.013ms
[4.562s][info][gc,cpu         ] GC(33) User=0.69s Sys=0.09s Real=0.79s
[5.023s][info][gc,start       ] GC(34) Pause Young (Allocation Failure)
[5.758s][info][gc             ] GC(34) Pause Young (Allocation Failure) 1574M->1523M(1973M) 735.438ms
[5.758s][info][gc,cpu         ] GC(34) User=0.61s Sys=0.11s Real=0.74s
[5.758s][info][gc,start       ] GC(35) Pause Full (Allocation Failure)
[5.758s][info][gc,phases,start] GC(35) Phase 1: Mark live objects
[6.439s][info][gc,phases      ] GC(35) Phase 1: Mark live objects 680.502ms
[6.439s][info][gc,phases,start] GC(35) Phase 2: Compute new object addresses
[6.658s][info][gc,phases      ] GC(35) Phase 2: Compute new object addresses 219.183ms
[6.658s][info][gc,phases,start] GC(35) Phase 3: Adjust pointers
[6.923s][info][gc,phases      ] GC(35) Phase 3: Adjust pointers 264.955ms
[6.923s][info][gc,phases,start] GC(35) Phase 4: Move objects
[6.934s][info][gc,phases      ] GC(35) Phase 4: Move objects 10.802ms
[6.938s][info][gc,heap        ] GC(35) DefNew: 518399K(518400K)->57548K(1126912K) Eden: 460800K(460800K)->57548K(1001728K) From: 57599K(57600K)->0K(125184K)
[6.938s][info][gc,heap        ] GC(35) Tenured: 1094360K(1151980K)->1502447K(2504080K)
[6.938s][info][gc,metaspace   ] GC(35) Metaspace: 6298K(6464K)->6298K(6464K) NonClass: 5764K(5824K)->5764K(5824K) Class: 533K(640K)->533K(640K)
[6.938s][info][gc             ] GC(35) Pause Full (Allocation Failure) 1523M->1523M(3545M) 1179.979ms
[6.938s][info][gc,cpu         ] GC(35) User=1.19s Sys=0.00s Real=1.18s
[7.896s][info][gc,start       ] GC(36) Pause Young (Allocation Failure)
[9.672s][info][gc,heap        ] GC(36) DefNew: 1001728K(1126912K)->125183K(1126912K) Eden: 1001728K(1001728K)->0K(1001728K) From: 0K(125184K)->125183K(125184K)
[9.672s][info][gc,heap        ] GC(36) Tenured: 1502447K(2504080K)->2378963K(2504080K)
[9.672s][info][gc,metaspace   ] GC(36) Metaspace: 6298K(6464K)->6298K(6464K) NonClass: 5764K(5824K)->5764K(5824K) Class: 533K(640K)->533K(640K)
[9.672s][info][gc             ] GC(36) Pause Young (Allocation Failure) 2445M->2445M(3545M) 1776.228ms
[9.672s][info][gc,cpu         ] GC(36) User=1.56s Sys=0.20s Real=1.78s
[10.617s][info][gc,start       ] GC(37) Pause Young (Allocation Failure)
[12.351s][info][gc             ] GC(37) Pause Young (Allocation Failure) 3423M->3423M(4401M) 1733.497ms
[12.351s][info][gc,cpu         ] GC(37) User=1.34s Sys=0.34s Real=1.73s
[12.351s][info][gc,start       ] GC(38) Pause Full (Allocation Failure)
[12.351s][info][gc,phases,start] GC(38) Phase 1: Mark live objects
[13.872s][info][gc,phases      ] GC(38) Phase 1: Mark live objects 1521.523ms
[13.872s][info][gc,phases,start] GC(38) Phase 2: Compute new object addresses
[14.358s][info][gc,phases      ] GC(38) Phase 2: Compute new object addresses 485.361ms
[14.358s][info][gc,phases,start] GC(38) Phase 3: Adjust pointers
[15.039s][info][gc,phases      ] GC(38) Phase 3: Adjust pointers 681.476ms
[15.039s][info][gc,phases,start] GC(38) Phase 4: Move objects
[15.672s][info][gc,phases      ] GC(38) Phase 4: Move objects 632.904ms
[15.682s][info][gc,heap        ] GC(38) DefNew: 1126911K(1126912K)->30941K(2535552K) Eden: 1001728K(1001728K)->30941K(2253824K) From: 125183K(125184K)->0K(281728K)
[15.682s][info][gc,heap        ] GC(38) Tenured: 2378963K(2504080K)->3380691K(5634488K)
[15.682s][info][gc,metaspace   ] GC(38) Metaspace: 6298K(6464K)->6298K(6464K) NonClass: 5764K(5824K)->5764K(5824K) Class: 533K(640K)->533K(640K)
[15.682s][info][gc             ] GC(38) Pause Full (Allocation Failure) 3423M->3331M(7978M) 3330.872ms
[15.682s][info][gc,cpu         ] GC(38) User=3.31s Sys=0.02s Real=3.33s
[17.892s][info][gc,start       ] GC(39) Pause Young (Allocation Failure)
[21.729s][info][gc,heap        ] GC(39) DefNew: 2253824K(2535552K)->281728K(2535552K) Eden: 2253824K(2253824K)->0K(2253824K) From: 0K(281728K)->281728K(281728K)
[21.729s][info][gc,heap        ] GC(39) Tenured: 3380691K(5634488K)->5352758K(5634488K)
[21.729s][info][gc,metaspace   ] GC(39) Metaspace: 6298K(6464K)->6298K(6464K) NonClass: 5764K(5824K)->5764K(5824K) Class: 533K(640K)->533K(640K)
[21.729s][info][gc             ] GC(39) Pause Young (Allocation Failure) 5502M->5502M(7978M) 3837.058ms
[21.729s][info][gc,cpu         ] GC(39) User=3.19s Sys=0.64s Real=3.84s
[23.762s][info][gc,start       ] GC(40) Pause Young (Allocation Failure)
[27.475s][info][gc             ] GC(40) Pause Young (Allocation Failure) 7703M->7703M(9904M) 3713.355ms
[27.475s][info][gc,cpu         ] GC(40) User=3.12s Sys=0.58s Real=3.71s
[27.475s][info][gc,start       ] GC(41) Pause Full (Allocation Failure)
[27.475s][info][gc,phases,start] GC(41) Phase 1: Mark live objects
[30.853s][info][gc,phases      ] GC(41) Phase 1: Mark live objects 3377.613ms
[30.853s][info][gc,phases,start] GC(41) Phase 2: Compute new object addresses
[31.943s][info][gc,phases      ] GC(41) Phase 2: Compute new object addresses 1090.324ms
[31.943s][info][gc,phases,start] GC(41) Phase 3: Adjust pointers
[33.229s][info][gc,phases      ] GC(41) Phase 3: Adjust pointers 1285.802ms
[33.229s][info][gc,phases,start] GC(41) Phase 4: Move objects
[33.256s][info][gc,phases      ] GC(41) Phase 4: Move objects 26.508ms
[33.572s][info][gc,heap        ] GC(41) DefNew: 2535552K(2535552K)->281727K(5406720K) Eden: 2253824K(2253824K)->281727K(4806016K) From: 281728K(281728K)->0K(600704K)
[33.572s][info][gc,heap        ] GC(41) Tenured: 5352758K(5634488K)->7606556K(12014976K)
[33.572s][info][gc,metaspace   ] GC(41) Metaspace: 6298K(6464K)->6298K(6464K) NonClass: 5764K(5824K)->5764K(5824K) Class: 533K(640K)->533K(640K)
[33.572s][info][gc             ] GC(41) Pause Full (Allocation Failure) 7703M->7703M(17013M) 6096.691ms
[33.572s][info][gc,cpu         ] GC(41) User=5.73s Sys=0.00s Real=6.10s
[41.124s][info][gc,start       ] GC(42) Pause Young (Allocation Failure)
[64.684s][info][gc,heap        ] GC(42) DefNew: 4806016K(5406720K)->600703K(5406720K) Eden: 4806016K(4806016K)->0K(4806016K) From: 0K(600704K)->600703K(600704K)
[64.692s][info][gc,heap        ] GC(42) Tenured: 7606556K(12014976K)->11549693K(12014976K)
[64.693s][info][gc,metaspace   ] GC(42) Metaspace: 6298K(6464K)->6298K(6464K) NonClass: 5764K(5824K)->5764K(5824K) Class: 533K(640K)->533K(640K)
[64.699s][info][gc             ] GC(42) Pause Young (Allocation Failure) 12121M->11865M(17013M) 23572.516ms
[64.700s][info][gc,cpu         ] GC(42) User=5.77s Sys=12.84s Real=23.58s
[77.376s][info][gc,start       ] GC(43) Pause Young (Allocation Failure)
[77.376s][info][gc             ] GC(43) Pause Young (Allocation Failure) 16558M->16558M(17013M) 0.447ms
[77.376s][info][gc,cpu         ] GC(43) User=0.00s Sys=0.00s Real=0.00s
[77.376s][info][gc,start       ] GC(44) Pause Full (Allocation Failure)
[77.376s][info][gc,phases,start] GC(44) Phase 1: Mark live objects
[149.257s][info][gc,phases      ] GC(44) Phase 1: Mark live objects 71880.250ms
[149.258s][info][gc,phases,start] GC(44) Phase 2: Compute new object addresses
[181.077s][info][gc,phases      ] GC(44) Phase 2: Compute new object addresses 31818.899ms
[181.078s][info][gc,phases,start] GC(44) Phase 3: Adjust pointers
[239.195s][info][gc,phases      ] GC(44) Phase 3: Adjust pointers 58114.083ms
[239.197s][info][gc,phases,start] GC(44) Phase 4: Move objects
[240.456s][info][gc,phases      ] GC(44) Phase 4: Move objects 1258.664ms
[240.919s][info][gc,heap        ] GC(44) DefNew: 5406719K(5406720K)->4923100K(5406720K) Eden: 4806016K(4806016K)->4322401K(4806016K) From: 600703K(600704K)->600699K(600704K)
[240.920s][info][gc,heap        ] GC(44) Tenured: 11549693K(12014976K)->12014975K(12014976K)
[240.920s][info][gc,metaspace   ] GC(44) Metaspace: 6298K(6464K)->6298K(6464K) NonClass: 5764K(5824K)->5764K(5824K) Class: 533K(640K)->533K(640K)
[240.931s][info][gc             ] GC(44) Pause Full (Allocation Failure) 16558M->16541M(17013M) 163550.785ms
[240.934s][info][gc,cpu         ] GC(44) User=11.77s Sys=51.33s Real=163.56s
[241.500s][info][gc,start       ] GC(45) Pause Full (Allocation Failure)
[241.501s][info][gc,phases,start] GC(45) Phase 1: Mark live objects
[311.598s][info][gc,phases      ] GC(45) Phase 1: Mark live objects 70096.230ms
[311.599s][info][gc,phases,start] GC(45) Phase 2: Compute new object addresses
[351.149s][info][gc,phases      ] GC(45) Phase 2: Compute new object addresses 39545.437ms
[351.161s][info][gc,phases,start] GC(45) Phase 3: Adjust pointers
[420.159s][info][gc,phases      ] GC(45) Phase 3: Adjust pointers 68994.781ms
[420.161s][info][gc,phases,start] GC(45) Phase 4: Move objects
[420.261s][info][gc,phases      ] GC(45) Phase 4: Move objects 100.074ms
[420.294s][info][gc,heap        ] GC(45) DefNew: 5406720K(5406720K)->5406716K(5406720K) Eden: 4806016K(4806016K)->4806012K(4806016K) From: 600704K(600704K)->600704K(600704K)
[420.294s][info][gc,heap        ] GC(45) Tenured: 12014975K(12014976K)->12014975K(12014976K)
[420.294s][info][gc,metaspace   ] GC(45) Metaspace: 6298K(6464K)->6298K(6464K) NonClass: 5764K(5824K)->5764K(5824K) Class: 533K(640K)->533K(640K)
[420.296s][info][gc             ] GC(45) Pause Full (Allocation Failure) 17013M->17013M(17013M) 178796.051ms
[420.296s][info][gc,cpu         ] GC(45) User=10.84s Sys=47.45s Real=178.80s
[420.300s][info][gc,start       ] GC(46) Pause Full (Allocation Failure)
[420.301s][info][gc,phases,start] GC(46) Phase 1: Mark live objects
[482.625s][info][gc,phases      ] GC(46) Phase 1: Mark live objects 62323.861ms
[482.626s][info][gc,phases,start] GC(46) Phase 2: Compute new object addresses
[523.018s][info][gc,phases      ] GC(46) Phase 2: Compute new object addresses 40368.982ms
[523.035s][info][gc,phases,start] GC(46) Phase 3: Adjust pointers
[595.673s][info][gc,phases      ] GC(46) Phase 3: Adjust pointers 72637.084ms
[595.676s][info][gc,phases,start] GC(46) Phase 4: Move objects
[643.957s][info][gc,phases      ] GC(46) Phase 4: Move objects 48277.805ms
[644.026s][info][gc,heap        ] GC(46) DefNew: 5406720K(5406720K)->5275647K(5406720K) Eden: 4806016K(4806016K)->4674943K(4806016K) From: 600704K(600704K)->600704K(600704K)
[644.026s][info][gc,heap        ] GC(46) Tenured: 12014975K(12014976K)->12014976K(12014976K)
[644.027s][info][gc,metaspace   ] GC(46) Metaspace: 6298K(6464K)->6298K(6464K) NonClass: 5764K(5824K)->5764K(5824K) Class: 533K(640K)->533K(640K)
[644.047s][info][gc             ] GC(46) Pause Full (Allocation Failure) 17013M->16885M(17013M) 223737.434ms
[644.071s][info][gc,cpu         ] GC(46) User=12.28s Sys=66.41s Real=223.77s
[646.444s][info][gc,start       ] GC(47) Pause Full (Allocation Failure)
[646.447s][info][gc,phases,start] GC(47) Phase 1: Mark live objects
[720.242s][info][gc,phases      ] GC(47) Phase 1: Mark live objects 73794.838ms
[720.243s][info][gc,phases,start] GC(47) Phase 2: Compute new object addresses
[753.102s][info][gc,phases      ] GC(47) Phase 2: Compute new object addresses 32859.015ms
[753.102s][info][gc,phases,start] GC(47) Phase 3: Adjust pointers
[819.978s][info][gc,phases      ] GC(47) Phase 3: Adjust pointers 66872.040ms
[819.980s][info][gc,phases,start] GC(47) Phase 4: Move objects
[820.003s][info][gc,phases      ] GC(47) Phase 4: Move objects 22.905ms
[820.020s][info][gc,heap        ] GC(47) DefNew: 5406720K(5406720K)->5406717K(5406720K) Eden: 4806016K(4806016K)->4806013K(4806016K) From: 600704K(600704K)->600704K(600704K)
[820.020s][info][gc,heap        ] GC(47) Tenured: 12014976K(12014976K)->12014976K(12014976K)
[820.021s][info][gc,metaspace   ] GC(47) Metaspace: 6298K(6464K)->6298K(6464K) NonClass: 5764K(5824K)->5764K(5824K) Class: 533K(640K)->533K(640K)
[820.023s][info][gc             ] GC(47) Pause Full (Allocation Failure) 17013M->17013M(17013M) 173577.963ms
[820.023s][info][gc,cpu         ] GC(47) User=10.17s Sys=53.27s Real=173.58s
[820.027s][info][gc,start       ] GC(48) Pause Full (Allocation Failure)
[820.027s][info][gc,phases,start] GC(48) Phase 1: Mark live objects
[889.342s][info][gc,phases      ] GC(48) Phase 1: Mark live objects 69314.382ms
[889.343s][info][gc,phases,start] GC(48) Phase 2: Compute new object addresses
[924.691s][info][gc,phases      ] GC(48) Phase 2: Compute new object addresses 35347.003ms
[924.692s][info][gc,phases,start] GC(48) Phase 3: Adjust pointers
[987.688s][info][gc,phases      ] GC(48) Phase 3: Adjust pointers 62991.092ms
[987.690s][info][gc,phases,start] GC(48) Phase 4: Move objects
[987.691s][info][gc,phases      ] GC(48) Phase 4: Move objects 1.874ms
[987.730s][info][gc,heap        ] GC(48) DefNew: 5406720K(5406720K)->5406719K(5406720K) Eden: 4806016K(4806016K)->4806015K(4806016K) From: 600704K(600704K)->600704K(600704K)
[987.730s][info][gc,heap        ] GC(48) Tenured: 12014976K(12014976K)->12014976K(12014976K)
[987.730s][info][gc,metaspace   ] GC(48) Metaspace: 6298K(6464K)->6296K(6464K) NonClass: 5764K(5824K)->5763K(5824K) Class: 533K(640K)->532K(640K)
[987.732s][info][gc             ] GC(48) Pause Full (Allocation Failure) 17013M->17013M(17013M) 167704.841ms
[987.732s][info][gc,cpu         ] GC(48) User=9.52s Sys=54.14s Real=167.71s
[987.838s][info][gc,start       ] GC(49) Pause Full (Allocation Failure)
[987.839s][info][gc,phases,start] GC(49) Phase 1: Mark live objects
[1047.726s][info][gc,phases      ] GC(49) Phase 1: Mark live objects 59887.414ms
[1047.727s][info][gc,phases,start] GC(49) Phase 2: Compute new object addresses
[1088.656s][info][gc,phases      ] GC(49) Phase 2: Compute new object addresses 40926.092ms
[1088.658s][info][gc,phases,start] GC(49) Phase 3: Adjust pointers
[1167.510s][info][gc,phases      ] GC(49) Phase 3: Adjust pointers 78843.554ms
[1167.513s][info][gc,phases,start] GC(49) Phase 4: Move objects
[1167.515s][info][gc,phases      ] GC(49) Phase 4: Move objects 2.223ms
[1167.531s][info][gc,heap        ] GC(49) DefNew: 5406719K(5406720K)->5406719K(5406720K) Eden: 4806015K(4806016K)->4806015K(4806016K) From: 600704K(600704K)->600704K(600704K)
[1167.531s][info][gc,heap        ] GC(49) Tenured: 12014976K(12014976K)->12014976K(12014976K)
[1167.532s][info][gc,metaspace   ] GC(49) Metaspace: 6296K(6464K)->6296K(6464K) NonClass: 5763K(5824K)->5763K(5824K) Class: 532K(640K)->532K(640K)
[1167.535s][info][gc             ] GC(49) Pause Full (Allocation Failure) 17013M->17013M(17013M) 179696.023ms
[1167.535s][info][gc,cpu         ] GC(49) User=10.66s Sys=50.62s Real=179.70s
[1167.535s][info][gc,start       ] GC(50) Pause Full (Allocation Failure)
[1167.536s][info][gc,phases,start] GC(50) Phase 1: Mark live objects
[1229.369s][info][gc,phases      ] GC(50) Phase 1: Mark live objects 61832.736ms
[1229.370s][info][gc,phases,start] GC(50) Phase 2: Compute new object addresses
[1261.881s][info][gc,phases      ] GC(50) Phase 2: Compute new object addresses 32509.285ms
[1261.882s][info][gc,phases,start] GC(50) Phase 3: Adjust pointers
[1339.803s][info][gc,phases      ] GC(50) Phase 3: Adjust pointers 77919.699ms
[1339.805s][info][gc,phases,start] GC(50) Phase 4: Move objects
[1394.530s][info][gc,phases      ] GC(50) Phase 4: Move objects 54724.032ms
[1394.545s][info][gc,heap        ] GC(50) DefNew: 5406719K(5406720K)->5406715K(5406720K) Eden: 4806015K(4806016K)->4806011K(4806016K) From: 600704K(600704K)->600704K(600704K)
[1394.545s][info][gc,heap        ] GC(50) Tenured: 12014976K(12014976K)->12014975K(12014976K)
[1394.545s][info][gc,metaspace   ] GC(50) Metaspace: 6296K(6464K)->6296K(6464K) NonClass: 5763K(5824K)->5763K(5824K) Class: 532K(640K)->532K(640K)
[1394.547s][info][gc             ] GC(50) Pause Full (Allocation Failure) 17013M->17013M(17013M) 227011.768ms
[1394.547s][info][gc,cpu         ] GC(50) User=13.64s Sys=74.31s Real=227.01s
[1394.576s][info][gc,start       ] GC(51) Pause Full (Allocation Failure)
[1394.576s][info][gc,phases,start] GC(51) Phase 1: Mark live objects
[1461.321s][info][gc,phases      ] GC(51) Phase 1: Mark live objects 66744.118ms
[1461.322s][info][gc,phases,start] GC(51) Phase 2: Compute new object addresses
[1502.652s][info][gc,phases      ] GC(51) Phase 2: Compute new object addresses 41324.980ms
[1502.655s][info][gc,phases,start] GC(51) Phase 3: Adjust pointers
[1572.379s][info][gc,phases      ] GC(51) Phase 3: Adjust pointers 69722.742ms
[1572.380s][info][gc,phases,start] GC(51) Phase 4: Move objects
[1572.380s][info][gc,phases      ] GC(51) Phase 4: Move objects 0.425ms
[1572.397s][info][gc,heap        ] GC(51) DefNew: 5406720K(5406720K)->5406719K(5406720K) Eden: 4806016K(4806016K)->4806015K(4806016K) From: 600704K(600704K)->600704K(600704K)
[1572.397s][info][gc,heap        ] GC(51) Tenured: 12014975K(12014976K)->12014975K(12014976K)
[1572.398s][info][gc,metaspace   ] GC(51) Metaspace: 6296K(6464K)->6296K(6464K) NonClass: 5763K(5824K)->5763K(5824K) Class: 532K(640K)->532K(640K)
[1572.400s][info][gc             ] GC(51) Pause Full (Allocation Failure) 17013M->17013M(17013M) 177823.783ms
[1572.400s][info][gc,cpu         ] GC(51) User=10.31s Sys=51.83s Real=177.83s
[1572.426s][info][gc,start       ] GC(52) Pause Full (Allocation Failure)
[1572.427s][info][gc,phases,start] GC(52) Phase 1: Mark live objects
[1635.933s][info][gc,phases      ] GC(52) Phase 1: Mark live objects 63506.348ms
[1635.933s][info][gc,phases,start] GC(52) Phase 2: Compute new object addresses
[1669.970s][info][gc,phases      ] GC(52) Phase 2: Compute new object addresses 33982.216ms
[1669.971s][info][gc,phases,start] GC(52) Phase 3: Adjust pointers
[1738.527s][info][gc,phases      ] GC(52) Phase 3: Adjust pointers 68548.744ms
[1738.532s][info][gc,phases,start] GC(52) Phase 4: Move objects
[1738.533s][info][gc,phases      ] GC(52) Phase 4: Move objects 1.021ms
[1738.563s][info][gc,heap        ] GC(52) DefNew: 5406719K(5406720K)->5406719K(5406720K) Eden: 4806015K(4806016K)->4806015K(4806016K) From: 600704K(600704K)->600704K(600704K)
[1738.563s][info][gc,heap        ] GC(52) Tenured: 12014975K(12014976K)->12014975K(12014976K)
[1738.563s][info][gc,metaspace   ] GC(52) Metaspace: 6296K(6464K)->6296K(6464K) NonClass: 5763K(5824K)->5763K(5824K) Class: 532K(640K)->532K(640K)
[1738.571s][info][gc             ] GC(52) Pause Full (Allocation Failure) 17013M->17013M(17013M) 166144.004ms
[1738.571s][info][gc,cpu         ] GC(52) User=10.78s Sys=55.27s Real=166.15s
[1738.571s][info][gc,start       ] GC(53) Pause Full (Allocation Failure)
[1738.572s][info][gc,phases,start] GC(53) Phase 1: Mark live objects
[1801.864s][info][gc,phases      ] GC(53) Phase 1: Mark live objects 63292.035ms
[1801.865s][info][gc,phases,start] GC(53) Phase 2: Compute new object addresses
[1840.589s][info][gc,phases      ] GC(53) Phase 2: Compute new object addresses 38724.085ms
[1840.589s][info][gc,phases,start] GC(53) Phase 3: Adjust pointers
[1909.139s][info][gc,phases      ] GC(53) Phase 3: Adjust pointers 68532.721ms
[1909.140s][info][gc,phases,start] GC(53) Phase 4: Move objects
[1909.141s][info][gc,phases      ] GC(53) Phase 4: Move objects 1.218ms
[1909.180s][info][gc,heap        ] GC(53) DefNew: 5406719K(5406720K)->5406719K(5406720K) Eden: 4806015K(4806016K)->4806015K(4806016K) From: 600704K(600704K)->600704K(600704K)
[1909.180s][info][gc,heap        ] GC(53) Tenured: 12014975K(12014976K)->12014975K(12014976K)
[1909.181s][info][gc,metaspace   ] GC(53) Metaspace: 6296K(6464K)->6296K(6464K) NonClass: 5763K(5824K)->5763K(5824K) Class: 532K(640K)->532K(640K)
[1909.182s][info][gc             ] GC(53) Pause Full (Allocation Failure) 17013M->17013M(17013M) 170611.103ms
[1909.183s][info][gc,cpu         ] GC(53) User=10.62s Sys=52.52s Real=170.61s
[1909.206s][info][gc,start       ] GC(54) Pause Full (Allocation Failure)
[1909.207s][info][gc,phases,start] GC(54) Phase 1: Mark live objects
[1984.225s][info][gc,phases      ] GC(54) Phase 1: Mark live objects 75017.342ms
[1984.226s][info][gc,phases,start] GC(54) Phase 2: Compute new object addresses
[2019.168s][info][gc,phases      ] GC(54) Phase 2: Compute new object addresses 34939.899ms
[2019.169s][info][gc,phases,start] GC(54) Phase 3: Adjust pointers
[2092.112s][info][gc,phases      ] GC(54) Phase 3: Adjust pointers 72936.266ms
[2092.114s][info][gc,phases,start] GC(54) Phase 4: Move objects
[2141.727s][info][gc,phases      ] GC(54) Phase 4: Move objects 49608.446ms
[2141.782s][info][gc,heap        ] GC(54) DefNew: 5406719K(5406720K)->5406718K(5406720K) Eden: 4806015K(4806016K)->4806014K(4806016K) From: 600704K(600704K)->600704K(600704K)
[2141.782s][info][gc,heap        ] GC(54) Tenured: 12014976K(12014976K)->12014975K(12014976K)
[2141.782s][info][gc,metaspace   ] GC(54) Metaspace: 6296K(6464K)->6296K(6464K) NonClass: 5763K(5824K)->5763K(5824K) Class: 532K(640K)->532K(640K)
[2141.796s][info][gc             ] GC(54) Pause Full (Allocation Failure) 17013M->17013M(17013M) 232585.048ms
[2141.796s][info][gc,cpu         ] GC(54) User=12.23s Sys=62.62s Real=232.59s
[2141.952s][info][gc,start       ] GC(55) Pause Full (Allocation Failure)
[2141.953s][info][gc,phases,start] GC(55) Phase 1: Mark live objects
[2207.768s][info][gc,phases      ] GC(55) Phase 1: Mark live objects 65814.625ms
[2207.768s][info][gc,phases,start] GC(55) Phase 2: Compute new object addresses
[2246.796s][info][gc,phases      ] GC(55) Phase 2: Compute new object addresses 39027.470ms
[2246.797s][info][gc,phases,start] GC(55) Phase 3: Adjust pointers
[2309.659s][info][gc,phases      ] GC(55) Phase 3: Adjust pointers 62855.522ms
[2309.660s][info][gc,phases,start] GC(55) Phase 4: Move objects
[2309.660s][info][gc,phases      ] GC(55) Phase 4: Move objects 0.178ms
[2309.679s][info][gc,heap        ] GC(55) DefNew: 5406719K(5406720K)->5406718K(5406720K) Eden: 4806015K(4806016K)->4806014K(4806016K) From: 600704K(600704K)->600704K(600704K)
[2309.679s][info][gc,heap        ] GC(55) Tenured: 12014975K(12014976K)->12014975K(12014976K)
[2309.680s][info][gc,metaspace   ] GC(55) Metaspace: 6298K(6464K)->6298K(6464K) NonClass: 5764K(5824K)->5764K(5824K) Class: 533K(640K)->533K(640K)
[2309.681s][info][gc             ] GC(55) Pause Full (Allocation Failure) 17013M->17013M(17013M) 167729.004ms
[2309.681s][info][gc,cpu         ] GC(55) User=9.89s Sys=49.19s Real=167.73s
[2309.709s][info][gc,heap,exit   ] Heap
[2309.709s][info][gc,heap,exit   ]  def new generation   total 5406720K, used 5406719K [0x00000003b4000000, 0x0000000522aa0000, 0x0000000522aa0000)
[2309.709s][info][gc,heap,exit   ]   eden space 4806016K,  99% used [0x00000003b4000000, 0x00000004d955ff68, 0x00000004d9560000)
[2309.709s][info][gc,heap,exit   ]   from space 600704K, 100% used [0x00000004fe000000, 0x0000000522aa0000, 0x0000000522aa0000)
[2309.709s][info][gc,heap,exit   ]   to   space 600704K,   0% used [0x00000004d9560000, 0x00000004d9560000, 0x00000004fe000000)
[2309.709s][info][gc,heap,exit   ]  tenured generation   total 12014976K, used 12014975K [0x0000000522aa0000, 0x0000000800000000, 0x0000000800000000)
[2309.709s][info][gc,heap,exit   ]    the space 12014976K,  99% used [0x0000000522aa0000, 0x00000007fffffff0, 0x0000000800000000, 0x0000000800000000)
[2309.709s][info][gc,heap,exit   ]  Metaspace       used 6301K, committed 6464K, reserved 1114112K
[2309.709s][info][gc,heap,exit   ]   class space    used 534K, committed 640K, reserved 1048576K
