[0.015s][info][gc,init] CardTable entry size: 512
[0.015s][info][gc     ] Using Serial
[0.015s][info][gc,init] Version: 18.0.1+10 (release)
[0.016s][info][gc,init] CPUs: 8 total, 8 available
[0.016s][info][gc,init] Memory: 16063M
[0.016s][info][gc,init] Large Page Support: Disabled
[0.016s][info][gc,init] NUMA Support: Disabled
[0.016s][info][gc,init] Compressed Oops: Enabled (Zero based)
[0.016s][info][gc,init] Heap Min Capacity: 2M
[0.016s][info][gc,init] Heap Initial Capacity: 2M
[0.016s][info][gc,init] Heap Max Capacity: 16200M
[0.016s][info][gc,init] Pre-touch: Disabled
[0.016s][info][gc,metaspace] CDS archive(s) not mapped
[0.016s][info][gc,metaspace] Compressed class space mapped at: 0x0000000800000000-0x0000000840000000, reserved size: 1073741824
[0.016s][info][gc,metaspace] Narrow klass base: 0x0000000800000000, Narrow klass shift: 0, Narrow klass range: 0x40000000
[0.197s][info][gc,start    ] GC(0) Pause Young (Allocation Failure)
[0.199s][info][gc,heap     ] GC(0) DefNew: 1023K(1152K)->127K(1152K) Eden: 1023K(1024K)->0K(1024K) From: 0K(128K)->127K(128K)
[0.199s][info][gc,heap     ] GC(0) Tenured: 0K(768K)->439K(768K)
[0.199s][info][gc,metaspace] GC(0) Metaspace: 5899K(6016K)->5899K(6016K) NonClass: 5399K(5504K)->5399K(5504K) Class: 499K(512K)->499K(512K)
[0.199s][info][gc          ] GC(0) Pause Young (Allocation Failure) 0M->0M(1M) 1.793ms
[0.199s][info][gc,cpu      ] GC(0) User=0.00s Sys=0.00s Real=0.00s
[0.231s][info][gc,start    ] GC(1) Pause Young (Allocation Failure)
[0.232s][info][gc          ] GC(1) Pause Young (Allocation Failure) 1M->0M(2M) 1.274ms
[0.233s][info][gc,cpu      ] GC(1) User=0.00s Sys=0.00s Real=0.00s
[0.233s][info][gc,start    ] GC(2) Pause Full (Allocation Failure)
[0.233s][info][gc,phases,start] GC(2) Phase 1: Mark live objects
[0.234s][info][gc,phases      ] GC(2) Phase 1: Mark live objects 1.042ms
[0.234s][info][gc,phases,start] GC(2) Phase 2: Compute new object addresses
[0.234s][info][gc,phases      ] GC(2) Phase 2: Compute new object addresses 0.260ms
[0.234s][info][gc,phases,start] GC(2) Phase 3: Adjust pointers
[0.235s][info][gc,phases      ] GC(2) Phase 3: Adjust pointers 0.584ms
[0.235s][info][gc,phases,start] GC(2) Phase 4: Move objects
[0.235s][info][gc,phases      ] GC(2) Phase 4: Move objects 0.088ms
[0.235s][info][gc,heap        ] GC(2) DefNew: 1151K(1152K)->40K(1152K) Eden: 1024K(1024K)->40K(1024K) From: 127K(128K)->0K(128K)
[0.235s][info][gc,heap        ] GC(2) Tenured: 439K(768K)->959K(1600K)
[0.235s][info][gc,metaspace   ] GC(2) Metaspace: 6296K(6464K)->6296K(6464K) NonClass: 5763K(5824K)->5763K(5824K) Class: 533K(640K)->533K(640K)
[0.235s][info][gc             ] GC(2) Pause Full (Allocation Failure) 0M->0M(2M) 2.324ms
[0.235s][info][gc,cpu         ] GC(2) User=0.00s Sys=0.00s Real=0.00s
[0.237s][info][gc,start       ] GC(3) Pause Young (Allocation Failure)
[0.239s][info][gc,heap        ] GC(3) DefNew: 1024K(1152K)->127K(1152K) Eden: 1024K(1024K)->0K(1024K) From: 0K(128K)->127K(128K)
[0.239s][info][gc,heap        ] GC(3) Tenured: 959K(1600K)->1374K(1600K)
[0.239s][info][gc,metaspace   ] GC(3) Metaspace: 6296K(6464K)->6296K(6464K) NonClass: 5763K(5824K)->5763K(5824K) Class: 533K(640K)->533K(640K)
[0.239s][info][gc             ] GC(3) Pause Young (Allocation Failure) 1M->1M(2M) 1.741ms
[0.239s][info][gc,cpu         ] GC(3) User=0.00s Sys=0.00s Real=0.00s
[0.240s][info][gc,start       ] GC(4) Pause Young (Allocation Failure)
[0.241s][info][gc             ] GC(4) Pause Young (Allocation Failure) 2M->1M(3M) 1.193ms
[0.242s][info][gc,cpu         ] GC(4) User=0.00s Sys=0.00s Real=0.00s
[0.242s][info][gc,start       ] GC(5) Pause Full (Allocation Failure)
[0.242s][info][gc,phases,start] GC(5) Phase 1: Mark live objects
[0.243s][info][gc,phases      ] GC(5) Phase 1: Mark live objects 1.502ms
[0.243s][info][gc,phases,start] GC(5) Phase 2: Compute new object addresses
[0.244s][info][gc,phases      ] GC(5) Phase 2: Compute new object addresses 0.421ms
[0.244s][info][gc,phases,start] GC(5) Phase 3: Adjust pointers
[0.244s][info][gc,phases      ] GC(5) Phase 3: Adjust pointers 0.796ms
[0.245s][info][gc,phases,start] GC(5) Phase 4: Move objects
[0.245s][info][gc,phases      ] GC(5) Phase 4: Move objects 0.077ms
[0.245s][info][gc,heap        ] GC(5) DefNew: 1151K(1152K)->34K(1536K) Eden: 1024K(1024K)->34K(1408K) From: 127K(128K)->0K(128K)
[0.245s][info][gc,heap        ] GC(5) Tenured: 1374K(1600K)->1983K(3308K)
[0.245s][info][gc,metaspace   ] GC(5) Metaspace: 6296K(6464K)->6296K(6464K) NonClass: 5763K(5824K)->5763K(5824K) Class: 533K(640K)->533K(640K)
[0.245s][info][gc             ] GC(5) Pause Full (Allocation Failure) 1M->1M(4M) 3.179ms
[0.245s][info][gc,cpu         ] GC(5) User=0.00s Sys=0.00s Real=0.00s
[0.246s][info][gc,start       ] GC(6) Pause Young (Allocation Failure)
[0.248s][info][gc,heap        ] GC(6) DefNew: 1407K(1536K)->127K(1536K) Eden: 1407K(1408K)->0K(1408K) From: 0K(128K)->127K(128K)
[0.248s][info][gc,heap        ] GC(6) Tenured: 1983K(3308K)->2617K(3308K)
[0.248s][info][gc,metaspace   ] GC(6) Metaspace: 6296K(6464K)->6296K(6464K) NonClass: 5763K(5824K)->5763K(5824K) Class: 533K(640K)->533K(640K)
[0.248s][info][gc             ] GC(6) Pause Young (Allocation Failure) 3M->2M(4M) 1.814ms
[0.248s][info][gc,cpu         ] GC(6) User=0.00s Sys=0.00s Real=0.00s
[0.250s][info][gc,start       ] GC(7) Pause Young (Allocation Failure)
[0.252s][info][gc             ] GC(7) Pause Young (Allocation Failure) 4M->3M(4M) 1.934ms
[0.252s][info][gc,cpu         ] GC(7) User=0.00s Sys=0.00s Real=0.00s
[0.252s][info][gc,start       ] GC(8) Pause Full (Allocation Failure)
[0.252s][info][gc,phases,start] GC(8) Phase 1: Mark live objects
[0.254s][info][gc,phases      ] GC(8) Phase 1: Mark live objects 2.266ms
[0.254s][info][gc,phases,start] GC(8) Phase 2: Compute new object addresses
[0.255s][info][gc,phases      ] GC(8) Phase 2: Compute new object addresses 0.769ms
[0.255s][info][gc,phases,start] GC(8) Phase 3: Adjust pointers
[0.256s][info][gc,phases      ] GC(8) Phase 3: Adjust pointers 1.033ms
[0.256s][info][gc,phases,start] GC(8) Phase 4: Move objects
[0.256s][info][gc,phases      ] GC(8) Phase 4: Move objects 0.085ms
[0.256s][info][gc,heap        ] GC(8) DefNew: 1535K(1536K)->0K(2688K) Eden: 1408K(1408K)->0K(2432K) From: 127K(128K)->0K(256K)
[0.256s][info][gc,heap        ] GC(8) Tenured: 2617K(3308K)->3460K(5768K)
[0.256s][info][gc,metaspace   ] GC(8) Metaspace: 6296K(6464K)->6296K(6464K) NonClass: 5763K(5824K)->5763K(5824K) Class: 533K(640K)->533K(640K)
[0.256s][info][gc             ] GC(8) Pause Full (Allocation Failure) 3M->3M(8M) 4.495ms
[0.256s][info][gc,cpu         ] GC(8) User=0.00s Sys=0.00s Real=0.00s
[0.262s][info][gc,start       ] GC(9) Pause Young (Allocation Failure)
[0.265s][info][gc,heap        ] GC(9) DefNew: 2432K(2688K)->255K(2688K) Eden: 2432K(2432K)->0K(2432K) From: 0K(256K)->255K(256K)
[0.265s][info][gc,heap        ] GC(9) Tenured: 3460K(5768K)->4512K(5768K)
[0.265s][info][gc,metaspace   ] GC(9) Metaspace: 6296K(6464K)->6296K(6464K) NonClass: 5763K(5824K)->5763K(5824K) Class: 533K(640K)->533K(640K)
[0.265s][info][gc             ] GC(9) Pause Young (Allocation Failure) 5M->4M(8M) 3.449ms
[0.265s][info][gc,cpu         ] GC(9) User=0.00s Sys=0.00s Real=0.00s
[0.268s][info][gc,start       ] GC(10) Pause Young (Allocation Failure)
[0.272s][info][gc,heap        ] GC(10) DefNew: 2687K(2688K)->256K(2688K) Eden: 2432K(2432K)->0K(2432K) From: 255K(256K)->256K(256K)
[0.272s][info][gc,heap        ] GC(10) Tenured: 4512K(5768K)->5755K(5768K)
[0.272s][info][gc,metaspace   ] GC(10) Metaspace: 6296K(6464K)->6296K(6464K) NonClass: 5763K(5824K)->5763K(5824K) Class: 533K(640K)->533K(640K)
[0.272s][info][gc             ] GC(10) Pause Young (Allocation Failure) 7M->5M(8M) 4.021ms
[0.272s][info][gc,cpu         ] GC(10) User=0.00s Sys=0.00s Real=0.00s
[0.276s][info][gc,start       ] GC(11) Pause Young (Allocation Failure)
[0.280s][info][gc             ] GC(11) Pause Young (Allocation Failure) 8M->7M(9M) 3.590ms
[0.280s][info][gc,cpu         ] GC(11) User=0.00s Sys=0.00s Real=0.00s
[0.280s][info][gc,start       ] GC(12) Pause Full (Allocation Failure)
[0.280s][info][gc,phases,start] GC(12) Phase 1: Mark live objects
[0.285s][info][gc,phases      ] GC(12) Phase 1: Mark live objects 4.452ms
[0.285s][info][gc,phases,start] GC(12) Phase 2: Compute new object addresses
[0.286s][info][gc,phases      ] GC(12) Phase 2: Compute new object addresses 1.446ms
[0.286s][info][gc,phases,start] GC(12) Phase 3: Adjust pointers
[0.288s][info][gc,phases      ] GC(12) Phase 3: Adjust pointers 1.959ms
[0.288s][info][gc,phases,start] GC(12) Phase 4: Move objects
[0.290s][info][gc,phases      ] GC(12) Phase 4: Move objects 1.359ms
[0.290s][info][gc,heap        ] GC(12) DefNew: 2688K(2688K)->0K(5376K) Eden: 2432K(2432K)->0K(4800K) From: 256K(256K)->0K(576K)
[0.290s][info][gc,heap        ] GC(12) Tenured: 5755K(5768K)->7132K(11888K)
[0.290s][info][gc,metaspace   ] GC(12) Metaspace: 6296K(6464K)->6296K(6464K) NonClass: 5763K(5824K)->5763K(5824K) Class: 533K(640K)->533K(640K)
[0.290s][info][gc             ] GC(12) Pause Full (Allocation Failure) 7M->6M(16M) 9.779ms
[0.290s][info][gc,cpu         ] GC(12) User=0.02s Sys=0.00s Real=0.01s
[0.296s][info][gc,start       ] GC(13) Pause Young (Allocation Failure)
[0.302s][info][gc,heap        ] GC(13) DefNew: 4800K(5376K)->575K(5376K) Eden: 4800K(4800K)->0K(4800K) From: 0K(576K)->575K(576K)
[0.302s][info][gc,heap        ] GC(13) Tenured: 7132K(11888K)->9027K(11888K)
[0.302s][info][gc,metaspace   ] GC(13) Metaspace: 6296K(6464K)->6296K(6464K) NonClass: 5763K(5824K)->5763K(5824K) Class: 533K(640K)->533K(640K)
[0.302s][info][gc             ] GC(13) Pause Young (Allocation Failure) 11M->9M(16M) 6.086ms
[0.302s][info][gc,cpu         ] GC(13) User=0.00s Sys=0.00s Real=0.01s
[0.307s][info][gc,start       ] GC(14) Pause Young (Allocation Failure)
[0.313s][info][gc,heap        ] GC(14) DefNew: 5375K(5376K)->576K(5376K) Eden: 4800K(4800K)->0K(4800K) From: 575K(576K)->576K(576K)
[0.313s][info][gc,heap        ] GC(14) Tenured: 9027K(11888K)->11746K(11888K)
[0.313s][info][gc,metaspace   ] GC(14) Metaspace: 6296K(6464K)->6296K(6464K) NonClass: 5763K(5824K)->5763K(5824K) Class: 533K(640K)->533K(640K)
[0.314s][info][gc             ] GC(14) Pause Young (Allocation Failure) 14M->12M(16M) 6.744ms
[0.314s][info][gc,cpu         ] GC(14) User=0.00s Sys=0.00s Real=0.01s
[0.318s][info][gc,start       ] GC(15) Pause Young (Allocation Failure)
[0.324s][info][gc             ] GC(15) Pause Young (Allocation Failure) 16M->14M(19M) 5.975ms
[0.324s][info][gc,cpu         ] GC(15) User=0.00s Sys=0.00s Real=0.01s
[0.324s][info][gc,start       ] GC(16) Pause Full (Allocation Failure)
[0.324s][info][gc,phases,start] GC(16) Phase 1: Mark live objects
[0.333s][info][gc,phases      ] GC(16) Phase 1: Mark live objects 8.567ms
[0.333s][info][gc,phases,start] GC(16) Phase 2: Compute new object addresses
[0.336s][info][gc,phases      ] GC(16) Phase 2: Compute new object addresses 2.724ms
[0.336s][info][gc,phases,start] GC(16) Phase 3: Adjust pointers
[0.339s][info][gc,phases      ] GC(16) Phase 3: Adjust pointers 3.203ms
[0.339s][info][gc,phases,start] GC(16) Phase 4: Move objects
[0.339s][info][gc,phases      ] GC(16) Phase 4: Move objects 0.132ms
[0.339s][info][gc,heap        ] GC(16) DefNew: 5376K(5376K)->446K(10816K) Eden: 4800K(4800K)->446K(9664K) From: 576K(576K)->0K(1152K)
[0.339s][info][gc,heap        ] GC(16) Tenured: 11746K(11888K)->14323K(23876K)
[0.339s][info][gc,metaspace   ] GC(16) Metaspace: 6298K(6464K)->6298K(6464K) NonClass: 5765K(5824K)->5765K(5824K) Class: 533K(640K)->533K(640K)
[0.339s][info][gc             ] GC(16) Pause Full (Allocation Failure) 14M->14M(33M) 15.070ms
[0.339s][info][gc,cpu         ] GC(16) User=0.02s Sys=0.00s Real=0.02s
[0.348s][info][gc,start       ] GC(17) Pause Young (Allocation Failure)
[0.361s][info][gc,heap        ] GC(17) DefNew: 9664K(10816K)->1151K(10816K) Eden: 9664K(9664K)->0K(9664K) From: 0K(1152K)->1151K(1152K)
[0.361s][info][gc,heap        ] GC(17) Tenured: 14323K(23876K)->18351K(23876K)
[0.361s][info][gc,metaspace   ] GC(17) Metaspace: 6298K(6464K)->6298K(6464K) NonClass: 5765K(5824K)->5765K(5824K) Class: 533K(640K)->533K(640K)
[0.361s][info][gc             ] GC(17) Pause Young (Allocation Failure) 23M->19M(33M) 13.059ms
[0.361s][info][gc,cpu         ] GC(17) User=0.00s Sys=0.00s Real=0.01s
[0.367s][info][gc,start       ] GC(18) Pause Young (Allocation Failure)
[0.380s][info][gc,heap        ] GC(18) DefNew: 10815K(10816K)->1151K(10816K) Eden: 9664K(9664K)->0K(9664K) From: 1151K(1152K)->1151K(1152K)
[0.380s][info][gc,heap        ] GC(18) Tenured: 18351K(23876K)->23839K(23876K)
[0.380s][info][gc,metaspace   ] GC(18) Metaspace: 6298K(6464K)->6298K(6464K) NonClass: 5765K(5824K)->5765K(5824K) Class: 533K(640K)->533K(640K)
[0.380s][info][gc             ] GC(18) Pause Young (Allocation Failure) 28M->24M(33M) 12.906ms
[0.380s][info][gc,cpu         ] GC(18) User=0.00s Sys=0.00s Real=0.01s
[0.386s][info][gc,start       ] GC(19) Pause Young (Allocation Failure)
[0.397s][info][gc             ] GC(19) Pause Young (Allocation Failure) 33M->29M(38M) 11.372ms
[0.397s][info][gc,cpu         ] GC(19) User=0.00s Sys=0.00s Real=0.01s
[0.397s][info][gc,start       ] GC(20) Pause Full (Allocation Failure)
[0.397s][info][gc,phases,start] GC(20) Phase 1: Mark live objects
[0.413s][info][gc,phases      ] GC(20) Phase 1: Mark live objects 15.263ms
[0.413s][info][gc,phases,start] GC(20) Phase 2: Compute new object addresses
[0.418s][info][gc,phases      ] GC(20) Phase 2: Compute new object addresses 5.020ms
[0.418s][info][gc,phases,start] GC(20) Phase 3: Adjust pointers
[0.423s][info][gc,phases      ] GC(20) Phase 3: Adjust pointers 5.687ms
[0.424s][info][gc,phases,start] GC(20) Phase 4: Move objects
[0.424s][info][gc,phases      ] GC(20) Phase 4: Move objects 0.204ms
[0.424s][info][gc,heap        ] GC(20) DefNew: 10815K(10816K)->1048K(21760K) Eden: 9664K(9664K)->1048K(19392K) From: 1151K(1152K)->0K(2368K)
[0.424s][info][gc,heap        ] GC(20) Tenured: 23839K(23876K)->28935K(48228K)
[0.424s][info][gc,metaspace   ] GC(20) Metaspace: 6298K(6464K)->6298K(6464K) NonClass: 5765K(5824K)->5765K(5824K) Class: 533K(640K)->533K(640K)
[0.424s][info][gc             ] GC(20) Pause Full (Allocation Failure) 29M->29M(68M) 26.616ms
[0.424s][info][gc,cpu         ] GC(20) User=0.03s Sys=0.00s Real=0.03s
[0.438s][info][gc,start       ] GC(21) Pause Young (Allocation Failure)
[0.465s][info][gc,heap        ] GC(21) DefNew: 19392K(21760K)->2367K(21760K) Eden: 19392K(19392K)->0K(19392K) From: 0K(2368K)->2367K(2368K)
[0.465s][info][gc,heap        ] GC(21) Tenured: 28935K(48228K)->39006K(48228K)
[0.465s][info][gc,metaspace   ] GC(21) Metaspace: 6298K(6464K)->6298K(6464K) NonClass: 5765K(5824K)->5765K(5824K) Class: 533K(640K)->533K(640K)
[0.465s][info][gc             ] GC(21) Pause Young (Allocation Failure) 47M->40M(68M) 27.181ms
[0.465s][info][gc,cpu         ] GC(21) User=0.02s Sys=0.00s Real=0.03s
[0.484s][info][gc,start       ] GC(22) Pause Young (Allocation Failure)
[0.518s][info][gc             ] GC(22) Pause Young (Allocation Failure) 59M->59M(78M) 34.176ms
[0.518s][info][gc,cpu         ] GC(22) User=0.02s Sys=0.02s Real=0.03s
[0.518s][info][gc,start       ] GC(23) Pause Full (Allocation Failure)
[0.518s][info][gc,phases,start] GC(23) Phase 1: Mark live objects
[0.543s][info][gc,phases      ] GC(23) Phase 1: Mark live objects 24.971ms
[0.543s][info][gc,phases,start] GC(23) Phase 2: Compute new object addresses
[0.553s][info][gc,phases      ] GC(23) Phase 2: Compute new object addresses 9.465ms
[0.553s][info][gc,phases,start] GC(23) Phase 3: Adjust pointers
[0.564s][info][gc,phases      ] GC(23) Phase 3: Adjust pointers 11.010ms
[0.564s][info][gc,phases,start] GC(23) Phase 4: Move objects
[0.564s][info][gc,phases      ] GC(23) Phase 4: Move objects 0.253ms
[0.564s][info][gc,heap        ] GC(23) DefNew: 21759K(21760K)->2367K(43840K) Eden: 19392K(19392K)->2367K(38976K) From: 2367K(2368K)->0K(4864K)
[0.564s][info][gc,heap        ] GC(23) Tenured: 39006K(48228K)->58365K(97280K)
[0.564s][info][gc,metaspace   ] GC(23) Metaspace: 6298K(6464K)->6298K(6464K) NonClass: 5765K(5824K)->5765K(5824K) Class: 533K(640K)->533K(640K)
[0.564s][info][gc             ] GC(23) Pause Full (Allocation Failure) 59M->59M(137M) 46.269ms
[0.564s][info][gc,cpu         ] GC(23) User=0.06s Sys=0.00s Real=0.05s
[0.609s][info][gc,start       ] GC(24) Pause Young (Allocation Failure)
[0.686s][info][gc,heap        ] GC(24) DefNew: 38976K(43840K)->4863K(43840K) Eden: 38976K(38976K)->0K(38976K) From: 0K(4864K)->4863K(4864K)
[0.686s][info][gc,heap        ] GC(24) Tenured: 58365K(97280K)->90400K(97280K)
[0.686s][info][gc,metaspace   ] GC(24) Metaspace: 6298K(6464K)->6298K(6464K) NonClass: 5765K(5824K)->5765K(5824K) Class: 533K(640K)->533K(640K)
[0.686s][info][gc             ] GC(24) Pause Young (Allocation Failure) 95M->93M(137M) 76.820ms
[0.686s][info][gc,cpu         ] GC(24) User=0.06s Sys=0.02s Real=0.08s
[0.716s][info][gc,start       ] GC(25) Pause Young (Allocation Failure)
[0.800s][info][gc             ] GC(25) Pause Young (Allocation Failure) 131M->131M(169M) 83.995ms
[0.800s][info][gc,cpu         ] GC(25) User=0.06s Sys=0.02s Real=0.08s
[0.800s][info][gc,start       ] GC(26) Pause Full (Allocation Failure)
[0.800s][info][gc,phases,start] GC(26) Phase 1: Mark live objects
[0.868s][info][gc,phases      ] GC(26) Phase 1: Mark live objects 68.514ms
[0.869s][info][gc,phases,start] GC(26) Phase 2: Compute new object addresses
[0.892s][info][gc,phases      ] GC(26) Phase 2: Compute new object addresses 23.729ms
[0.892s][info][gc,phases,start] GC(26) Phase 3: Adjust pointers
[0.929s][info][gc,phases      ] GC(26) Phase 3: Adjust pointers 36.528ms
[0.929s][info][gc,phases,start] GC(26) Phase 4: Move objects
[0.961s][info][gc,phases      ] GC(26) Phase 4: Move objects 31.617ms
[0.961s][info][gc,heap        ] GC(26) DefNew: 43839K(43840K)->2882K(97216K) Eden: 38976K(38976K)->2882K(86464K) From: 4863K(4864K)->0K(10752K)
[0.961s][info][gc,heap        ] GC(26) Tenured: 90400K(97280K)->129535K(215896K)
[0.961s][info][gc,metaspace   ] GC(26) Metaspace: 6298K(6464K)->6298K(6464K) NonClass: 5765K(5824K)->5765K(5824K) Class: 533K(640K)->533K(640K)
[0.962s][info][gc             ] GC(26) Pause Full (Allocation Failure) 131M->129M(305M) 161.595ms
[0.962s][info][gc,cpu         ] GC(26) User=0.16s Sys=0.00s Real=0.16s
[1.093s][info][gc,start       ] GC(27) Pause Young (Allocation Failure)
[1.310s][info][gc,heap        ] GC(27) DefNew: 86464K(97216K)->10751K(97216K) Eden: 86464K(86464K)->0K(86464K) From: 0K(10752K)->10751K(10752K)
[1.310s][info][gc,heap        ] GC(27) Tenured: 129535K(215896K)->205222K(215896K)
[1.310s][info][gc,metaspace   ] GC(27) Metaspace: 6298K(6464K)->6298K(6464K) NonClass: 5765K(5824K)->5765K(5824K) Class: 533K(640K)->533K(640K)
[1.310s][info][gc             ] GC(27) Pause Young (Allocation Failure) 210M->210M(305M) 217.273ms
[1.310s][info][gc,cpu         ] GC(27) User=0.14s Sys=0.03s Real=0.22s
[1.402s][info][gc,start       ] GC(28) Pause Young (Allocation Failure)
[1.656s][info][gc             ] GC(28) Pause Young (Allocation Failure) 295M->295M(379M) 254.475ms
[1.656s][info][gc,cpu         ] GC(28) User=0.19s Sys=0.02s Real=0.25s
[1.656s][info][gc,start       ] GC(29) Pause Full (Allocation Failure)
[1.656s][info][gc,phases,start] GC(29) Phase 1: Mark live objects
[1.831s][info][gc,phases      ] GC(29) Phase 1: Mark live objects 174.611ms
[1.831s][info][gc,phases,start] GC(29) Phase 2: Compute new object addresses
[1.900s][info][gc,phases      ] GC(29) Phase 2: Compute new object addresses 69.222ms
[1.900s][info][gc,phases,start] GC(29) Phase 3: Adjust pointers
[1.967s][info][gc,phases      ] GC(29) Phase 3: Adjust pointers 66.893ms
[1.967s][info][gc,phases,start] GC(29) Phase 4: Move objects
[1.971s][info][gc,phases      ] GC(29) Phase 4: Move objects 3.248ms
[1.972s][info][gc,heap        ] GC(29) DefNew: 97215K(97216K)->10725K(218816K) Eden: 86464K(86464K)->10725K(194560K) From: 10751K(10752K)->0K(24256K)
[1.972s][info][gc,heap        ] GC(29) Tenured: 205222K(215896K)->291676K(486128K)
[1.972s][info][gc,metaspace   ] GC(29) Metaspace: 6298K(6464K)->6298K(6464K) NonClass: 5765K(5824K)->5765K(5824K) Class: 533K(640K)->533K(640K)
[1.972s][info][gc             ] GC(29) Pause Full (Allocation Failure) 295M->295M(688M) 315.557ms
[1.972s][info][gc,cpu         ] GC(29) User=0.25s Sys=0.00s Real=0.32s
[2.212s][info][gc,start       ] GC(30) Pause Young (Allocation Failure)
[2.565s][info][gc,heap        ] GC(30) DefNew: 194560K(218816K)->24255K(218816K) Eden: 194560K(194560K)->0K(194560K) From: 0K(24256K)->24255K(24256K)
[2.565s][info][gc,heap        ] GC(30) Tenured: 291676K(486128K)->461953K(486128K)
[2.565s][info][gc,metaspace   ] GC(30) Metaspace: 6298K(6464K)->6298K(6464K) NonClass: 5765K(5824K)->5765K(5824K) Class: 533K(640K)->533K(640K)
[2.565s][info][gc             ] GC(30) Pause Young (Allocation Failure) 474M->474M(688M) 352.490ms
[2.565s][info][gc,cpu         ] GC(30) User=0.27s Sys=0.03s Real=0.35s
[2.754s][info][gc,start       ] GC(31) Pause Young (Allocation Failure)
[3.145s][info][gc             ] GC(31) Pause Young (Allocation Failure) 664M->664M(854M) 391.141ms
[3.145s][info][gc,cpu         ] GC(31) User=0.30s Sys=0.06s Real=0.39s
[3.145s][info][gc,start       ] GC(32) Pause Full (Allocation Failure)
[3.145s][info][gc,phases,start] GC(32) Phase 1: Mark live objects
[3.457s][info][gc,phases      ] GC(32) Phase 1: Mark live objects 311.546ms
[3.457s][info][gc,phases,start] GC(32) Phase 2: Compute new object addresses
[3.570s][info][gc,phases      ] GC(32) Phase 2: Compute new object addresses 113.683ms
[3.570s][info][gc,phases,start] GC(32) Phase 3: Adjust pointers
[3.695s][info][gc,phases      ] GC(32) Phase 3: Adjust pointers 125.047ms
[3.696s][info][gc,phases,start] GC(32) Phase 4: Move objects
[3.701s][info][gc,phases      ] GC(32) Phase 4: Move objects 5.331ms
[3.703s][info][gc,heap        ] GC(32) DefNew: 218815K(218816K)->24239K(492480K) Eden: 194560K(194560K)->24239K(437824K) From: 24255K(24256K)->0K(54656K)
[3.703s][info][gc,heap        ] GC(32) Tenured: 461953K(486128K)->656500K(1094168K)
[3.703s][info][gc,metaspace   ] GC(32) Metaspace: 6298K(6464K)->6298K(6464K) NonClass: 5765K(5824K)->5765K(5824K) Class: 533K(640K)->533K(640K)
[3.703s][info][gc             ] GC(32) Pause Full (Allocation Failure) 664M->664M(1549M) 557.926ms
[3.703s][info][gc,cpu         ] GC(32) User=0.50s Sys=0.00s Real=0.56s
[4.217s][info][gc,start       ] GC(33) Pause Young (Allocation Failure)
[5.007s][info][gc,heap        ] GC(33) DefNew: 437824K(492480K)->54656K(492480K) Eden: 437824K(437824K)->0K(437824K) From: 0K(54656K)->54656K(54656K)
[5.007s][info][gc,heap        ] GC(33) Tenured: 656500K(1094168K)->1039642K(1094168K)
[5.007s][info][gc,metaspace   ] GC(33) Metaspace: 6298K(6464K)->6298K(6464K) NonClass: 5765K(5824K)->5765K(5824K) Class: 533K(640K)->533K(640K)
[5.007s][info][gc             ] GC(33) Pause Young (Allocation Failure) 1068M->1068M(1549M) 789.800ms
[5.007s][info][gc,cpu         ] GC(33) User=0.64s Sys=0.09s Real=0.79s
[5.339s][info][gc,start       ] GC(34) Pause Young (Allocation Failure)
[6.019s][info][gc             ] GC(34) Pause Young (Allocation Failure) 1432M->1404M(1832M) 679.864ms
[6.019s][info][gc,cpu         ] GC(34) User=0.55s Sys=0.12s Real=0.68s
[6.019s][info][gc,start       ] GC(35) Pause Full (Allocation Failure)
[6.019s][info][gc,phases,start] GC(35) Phase 1: Mark live objects
[6.666s][info][gc,phases      ] GC(35) Phase 1: Mark live objects 647.035ms
[6.666s][info][gc,phases,start] GC(35) Phase 2: Compute new object addresses
[6.891s][info][gc,phases      ] GC(35) Phase 2: Compute new object addresses 224.440ms
[6.891s][info][gc,phases,start] GC(35) Phase 3: Adjust pointers
[7.136s][info][gc,phases      ] GC(35) Phase 3: Adjust pointers 245.250ms
[7.136s][info][gc,phases,start] GC(35) Phase 4: Move objects
[7.147s][info][gc,phases      ] GC(35) Phase 4: Move objects 10.919ms
[7.151s][info][gc,heap        ] GC(35) DefNew: 427488K(492480K)->54465K(1037952K) Eden: 372832K(437824K)->54465K(922624K) From: 54656K(54656K)->0K(115328K)
[7.151s][info][gc,heap        ] GC(35) Tenured: 1039642K(1094168K)->1383895K(2306496K)
[7.151s][info][gc,metaspace   ] GC(35) Metaspace: 6298K(6464K)->6298K(6464K) NonClass: 5765K(5824K)->5765K(5824K) Class: 533K(640K)->533K(640K)
[7.151s][info][gc             ] GC(35) Pause Full (Allocation Failure) 1404M->1404M(3266M) 1131.888ms
[7.151s][info][gc,cpu         ] GC(35) User=1.12s Sys=0.02s Real=1.13s
[8.074s][info][gc,start       ] GC(36) Pause Young (Allocation Failure)
[9.616s][info][gc,heap        ] GC(36) DefNew: 922624K(1037952K)->115327K(1037952K) Eden: 922624K(922624K)->0K(922624K) From: 0K(115328K)->115327K(115328K)
[9.616s][info][gc,heap        ] GC(36) Tenured: 1383895K(2306496K)->2191165K(2306496K)
[9.616s][info][gc,metaspace   ] GC(36) Metaspace: 6298K(6464K)->6298K(6464K) NonClass: 5765K(5824K)->5765K(5824K) Class: 533K(640K)->533K(640K)
[9.616s][info][gc             ] GC(36) Pause Young (Allocation Failure) 2252M->2252M(3266M) 1542.088ms
[9.617s][info][gc,cpu         ] GC(36) User=1.36s Sys=0.19s Real=1.54s
[10.569s][info][gc,start       ] GC(37) Pause Young (Allocation Failure)
[12.221s][info][gc             ] GC(37) Pause Young (Allocation Failure) 3153M->3089M(3990M) 1652.094ms
[12.221s][info][gc,cpu         ] GC(37) User=1.30s Sys=0.25s Real=1.65s
[12.221s][info][gc,start       ] GC(38) Pause Full (Allocation Failure)
[12.221s][info][gc,phases,start] GC(38) Phase 1: Mark live objects
[13.983s][info][gc,phases      ] GC(38) Phase 1: Mark live objects 1761.670ms
[13.983s][info][gc,phases,start] GC(38) Phase 2: Compute new object addresses
[14.451s][info][gc,phases      ] GC(38) Phase 2: Compute new object addresses 468.006ms
[14.451s][info][gc,phases,start] GC(38) Phase 3: Adjust pointers
[15.115s][info][gc,phases      ] GC(38) Phase 3: Adjust pointers 664.648ms
[15.115s][info][gc,phases,start] GC(38) Phase 4: Move objects
[15.678s][info][gc,phases      ] GC(38) Phase 4: Move objects 562.317ms
[15.687s][info][gc,heap        ] GC(38) DefNew: 1037951K(1037952K)->53788K(2286272K) Eden: 922624K(922624K)->53788K(2032256K) From: 115327K(115328K)->0K(254016K)
[15.687s][info][gc,heap        ] GC(38) Tenured: 2191165K(2306496K)->3048323K(5080540K)
[15.687s][info][gc,metaspace   ] GC(38) Metaspace: 6298K(6464K)->6298K(6464K) NonClass: 5765K(5824K)->5765K(5824K) Class: 533K(640K)->533K(640K)
[15.687s][info][gc             ] GC(38) Pause Full (Allocation Failure) 3089M->3029M(7194M) 3466.014ms
[15.687s][info][gc,cpu         ] GC(38) User=3.36s Sys=0.03s Real=3.46s
[17.656s][info][gc,start       ] GC(39) Pause Young (Allocation Failure)
[21.229s][info][gc,heap        ] GC(39) DefNew: 2032256K(2286272K)->254016K(2286272K) Eden: 2032256K(2032256K)->0K(2032256K) From: 0K(254016K)->254016K(254016K)
[21.229s][info][gc,heap        ] GC(39) Tenured: 3048323K(5080540K)->4826534K(5080540K)
[21.229s][info][gc,metaspace   ] GC(39) Metaspace: 6298K(6464K)->6298K(6464K) NonClass: 5765K(5824K)->5765K(5824K) Class: 533K(640K)->533K(640K)
[21.229s][info][gc             ] GC(39) Pause Young (Allocation Failure) 4961M->4961M(7194M) 3573.177ms
[21.229s][info][gc,cpu         ] GC(39) User=3.00s Sys=0.53s Real=3.57s
[23.326s][info][gc,start       ] GC(40) Pause Young (Allocation Failure)
[26.954s][info][gc             ] GC(40) Pause Young (Allocation Failure) 6946M->6946M(8930M) 3627.561ms
[26.954s][info][gc,cpu         ] GC(40) User=2.95s Sys=0.53s Real=3.63s
[26.954s][info][gc,start       ] GC(41) Pause Full (Allocation Failure)
[26.954s][info][gc,phases,start] GC(41) Phase 1: Mark live objects
[30.289s][info][gc,phases      ] GC(41) Phase 1: Mark live objects 3334.720ms
[30.289s][info][gc,phases,start] GC(41) Phase 2: Compute new object addresses
[31.350s][info][gc,phases      ] GC(41) Phase 2: Compute new object addresses 1061.746ms
[31.350s][info][gc,phases,start] GC(41) Phase 3: Adjust pointers
[32.593s][info][gc,phases      ] GC(41) Phase 3: Adjust pointers 1242.530ms
[32.593s][info][gc,phases,start] GC(41) Phase 4: Move objects
[32.650s][info][gc,phases      ] GC(41) Phase 4: Move objects 57.046ms
[32.668s][info][gc,heap        ] GC(41) DefNew: 2286272K(2286272K)->253863K(4976640K) Eden: 2032256K(2032256K)->253863K(4423680K) From: 254016K(254016K)->0K(552960K)
[32.668s][info][gc,heap        ] GC(41) Tenured: 4826534K(5080540K)->6858912K(11059200K)
[32.668s][info][gc,metaspace   ] GC(41) Metaspace: 6298K(6464K)->6298K(6464K) NonClass: 5765K(5824K)->5765K(5824K) Class: 533K(640K)->533K(640K)
[32.668s][info][gc             ] GC(41) Pause Full (Allocation Failure) 6946M->6946M(15660M) 5714.585ms
[32.668s][info][gc,cpu         ] GC(41) User=5.56s Sys=0.02s Real=5.72s
[37.121s][info][gc,start       ] GC(42) Pause Young (Allocation Failure)
[60.593s][info][gc,heap        ] GC(42) DefNew: 4423680K(4976640K)->552959K(4976640K) Eden: 4423680K(4423680K)->0K(4423680K) From: 0K(552960K)->552959K(552960K)
[60.594s][info][gc,heap        ] GC(42) Tenured: 6858912K(11059200K)->10729603K(11059200K)
[60.595s][info][gc,metaspace   ] GC(42) Metaspace: 6298K(6464K)->6298K(6464K) NonClass: 5765K(5824K)->5765K(5824K) Class: 533K(640K)->533K(640K)
[60.596s][info][gc             ] GC(42) Pause Young (Allocation Failure) 11018M->11018M(15660M) 23474.888ms
[60.596s][info][gc,cpu         ] GC(42) User=5.94s Sys=9.88s Real=23.48s
[73.980s][info][gc,start       ] GC(43) Pause Young (Allocation Failure)
[73.980s][info][gc             ] GC(43) Pause Young (Allocation Failure) 15338M->15338M(15660M) 0.179ms
[73.980s][info][gc,cpu         ] GC(43) User=0.00s Sys=0.00s Real=0.00s
[73.980s][info][gc,start       ] GC(44) Pause Full (Allocation Failure)
[73.980s][info][gc,phases,start] GC(44) Phase 1: Mark live objects
[106.860s][info][gc,phases      ] GC(44) Phase 1: Mark live objects 32879.581ms
[106.862s][info][gc,phases,start] GC(44) Phase 2: Compute new object addresses
[125.520s][info][gc,phases      ] GC(44) Phase 2: Compute new object addresses 18658.255ms
[125.521s][info][gc,phases,start] GC(44) Phase 3: Adjust pointers
[165.687s][info][gc,phases      ] GC(44) Phase 3: Adjust pointers 40163.114ms
[165.689s][info][gc,phases,start] GC(44) Phase 4: Move objects
[166.878s][info][gc,phases      ] GC(44) Phase 4: Move objects 1189.227ms
[166.928s][info][gc,heap        ] GC(44) DefNew: 4976639K(4976640K)->4647012K(4976640K) Eden: 4423680K(4423680K)->4423680K(4423680K) From: 552959K(552960K)->223332K(552960K)
[166.928s][info][gc,heap        ] GC(44) Tenured: 10729603K(11059200K)->11059200K(11059200K)
[166.928s][info][gc,metaspace   ] GC(44) Metaspace: 6298K(6464K)->6298K(6464K) NonClass: 5765K(5824K)->5765K(5824K) Class: 533K(640K)->533K(640K)
[166.929s][info][gc             ] GC(44) Pause Full (Allocation Failure) 15338M->15338M(15660M) 92949.249ms
[166.929s][info][gc,cpu         ] GC(44) User=9.56s Sys=24.09s Real=92.95s
[167.909s][info][gc,start       ] GC(45) Pause Full (Allocation Failure)
[167.909s][info][gc,phases,start] GC(45) Phase 1: Mark live objects
[201.956s][info][gc,phases      ] GC(45) Phase 1: Mark live objects 34046.838ms
[201.957s][info][gc,phases,start] GC(45) Phase 2: Compute new object addresses
[221.542s][info][gc,phases      ] GC(45) Phase 2: Compute new object addresses 19585.569ms
[221.542s][info][gc,phases,start] GC(45) Phase 3: Adjust pointers
[261.148s][info][gc,phases      ] GC(45) Phase 3: Adjust pointers 39605.776ms
[261.148s][info][gc,phases,start] GC(45) Phase 4: Move objects
[261.148s][info][gc,phases      ] GC(45) Phase 4: Move objects 0.163ms
[261.163s][info][gc,heap        ] GC(45) DefNew: 4976639K(4976640K)->4976639K(4976640K) Eden: 4423680K(4423680K)->4423680K(4423680K) From: 552959K(552960K)->552959K(552960K)
[261.163s][info][gc,heap        ] GC(45) Tenured: 11059200K(11059200K)->11059200K(11059200K)
[261.163s][info][gc,metaspace   ] GC(45) Metaspace: 6298K(6464K)->6298K(6464K) NonClass: 5765K(5824K)->5765K(5824K) Class: 533K(640K)->533K(640K)
[261.164s][info][gc             ] GC(45) Pause Full (Allocation Failure) 15659M->15659M(15660M) 93254.483ms
[261.164s][info][gc,cpu         ] GC(45) User=9.20s Sys=27.69s Real=93.25s
[261.164s][info][gc,start       ] GC(46) Pause Full (Allocation Failure)
[261.165s][info][gc,phases,start] GC(46) Phase 1: Mark live objects
[294.094s][info][gc,phases      ] GC(46) Phase 1: Mark live objects 32928.351ms
[294.096s][info][gc,phases,start] GC(46) Phase 2: Compute new object addresses
[311.183s][info][gc,phases      ] GC(46) Phase 2: Compute new object addresses 17084.839ms
[311.184s][info][gc,phases,start] GC(46) Phase 3: Adjust pointers
[354.704s][info][gc,phases      ] GC(46) Phase 3: Adjust pointers 43517.219ms
[354.705s][info][gc,phases,start] GC(46) Phase 4: Move objects
[395.447s][info][gc,phases      ] GC(46) Phase 4: Move objects 40740.199ms
[395.478s][info][gc,heap        ] GC(46) DefNew: 4976639K(4976640K)->4791660K(4976640K) Eden: 4423680K(4423680K)->4423680K(4423680K) From: 552959K(552960K)->367980K(552960K)
[395.478s][info][gc,heap        ] GC(46) Tenured: 11059200K(11059200K)->10850959K(11059200K)
[395.478s][info][gc,metaspace   ] GC(46) Metaspace: 6298K(6464K)->6296K(6464K) NonClass: 5765K(5824K)->5763K(5824K) Class: 533K(640K)->532K(640K)
[395.481s][info][gc             ] GC(46) Pause Full (Allocation Failure) 15659M->15275M(15660M) 134316.856ms
[395.481s][info][gc,cpu         ] GC(46) User=11.61s Sys=42.64s Real=134.32s
[397.160s][info][gc,start       ] GC(47) Pause Full (Allocation Failure)
[397.161s][info][gc,phases,start] GC(47) Phase 1: Mark live objects
[432.782s][info][gc,phases      ] GC(47) Phase 1: Mark live objects 35620.474ms
[432.782s][info][gc,phases,start] GC(47) Phase 2: Compute new object addresses
[454.149s][info][gc,phases      ] GC(47) Phase 2: Compute new object addresses 21364.881ms
[454.151s][info][gc,phases,start] GC(47) Phase 3: Adjust pointers
[499.492s][info][gc,phases      ] GC(47) Phase 3: Adjust pointers 45338.086ms
[499.494s][info][gc,phases,start] GC(47) Phase 4: Move objects
[499.527s][info][gc,phases      ] GC(47) Phase 4: Move objects 34.070ms
[499.546s][info][gc,heap        ] GC(47) DefNew: 4976639K(4976640K)->4963328K(4976640K) Eden: 4423680K(4423680K)->4423680K(4423680K) From: 552959K(552960K)->539648K(552960K)
[499.546s][info][gc,heap        ] GC(47) Tenured: 11059199K(11059200K)->11059199K(11059200K)
[499.546s][info][gc,metaspace   ] GC(47) Metaspace: 6296K(6464K)->6296K(6464K) NonClass: 5763K(5824K)->5763K(5824K) Class: 532K(640K)->532K(640K)
[499.548s][info][gc             ] GC(47) Pause Full (Allocation Failure) 15659M->15647M(15660M) 102387.180ms
[499.548s][info][gc,cpu         ] GC(47) User=10.09s Sys=33.95s Real=102.39s
[499.594s][info][gc,start       ] GC(48) Pause Full (Allocation Failure)
[499.595s][info][gc,phases,start] GC(48) Phase 1: Mark live objects
[534.776s][info][gc,phases      ] GC(48) Phase 1: Mark live objects 35179.796ms
[534.777s][info][gc,phases,start] GC(48) Phase 2: Compute new object addresses
[555.720s][info][gc,phases      ] GC(48) Phase 2: Compute new object addresses 20939.812ms
[555.722s][info][gc,phases,start] GC(48) Phase 3: Adjust pointers
[601.527s][info][gc,phases      ] GC(48) Phase 3: Adjust pointers 45802.250ms
[601.529s][info][gc,phases,start] GC(48) Phase 4: Move objects
[601.529s][info][gc,phases      ] GC(48) Phase 4: Move objects 0.964ms
[601.542s][info][gc,heap        ] GC(48) DefNew: 4976639K(4976640K)->4976639K(4976640K) Eden: 4423680K(4423680K)->4423680K(4423680K) From: 552959K(552960K)->552959K(552960K)
[601.542s][info][gc,heap        ] GC(48) Tenured: 11059199K(11059200K)->11059199K(11059200K)
[601.542s][info][gc,metaspace   ] GC(48) Metaspace: 6296K(6464K)->6296K(6464K) NonClass: 5763K(5824K)->5763K(5824K) Class: 532K(640K)->532K(640K)
[601.543s][info][gc             ] GC(48) Pause Full (Allocation Failure) 15659M->15659M(15660M) 101948.733ms
[601.543s][info][gc,cpu         ] GC(48) User=8.31s Sys=22.25s Real=101.95s
[601.543s][info][gc,start       ] GC(49) Pause Full (Allocation Failure)
[601.544s][info][gc,phases,start] GC(49) Phase 1: Mark live objects
[638.004s][info][gc,phases      ] GC(49) Phase 1: Mark live objects 36459.336ms
[638.005s][info][gc,phases,start] GC(49) Phase 2: Compute new object addresses
[658.200s][info][gc,phases      ] GC(49) Phase 2: Compute new object addresses 20192.698ms
[658.203s][info][gc,phases,start] GC(49) Phase 3: Adjust pointers
[703.835s][info][gc,phases      ] GC(49) Phase 3: Adjust pointers 45628.732ms
[703.838s][info][gc,phases,start] GC(49) Phase 4: Move objects
[703.838s][info][gc,phases      ] GC(49) Phase 4: Move objects 0.945ms
[703.852s][info][gc,heap        ] GC(49) DefNew: 4976639K(4976640K)->4976639K(4976640K) Eden: 4423680K(4423680K)->4423680K(4423680K) From: 552959K(552960K)->552959K(552960K)
[703.852s][info][gc,heap        ] GC(49) Tenured: 11059199K(11059200K)->11059199K(11059200K)
[703.853s][info][gc,metaspace   ] GC(49) Metaspace: 6296K(6464K)->6296K(6464K) NonClass: 5763K(5824K)->5763K(5824K) Class: 532K(640K)->532K(640K)
[703.855s][info][gc             ] GC(49) Pause Full (Allocation Failure) 15659M->15659M(15660M) 102311.132ms
[703.855s][info][gc,cpu         ] GC(49) User=9.84s Sys=34.81s Real=102.31s
[703.895s][info][gc,start       ] GC(50) Pause Full (Allocation Failure)
[703.897s][info][gc,phases,start] GC(50) Phase 1: Mark live objects
[736.087s][info][gc,phases      ] GC(50) Phase 1: Mark live objects 32190.662ms
[736.088s][info][gc,phases,start] GC(50) Phase 2: Compute new object addresses
[755.207s][info][gc,phases      ] GC(50) Phase 2: Compute new object addresses 19119.342ms
[755.207s][info][gc,phases,start] GC(50) Phase 3: Adjust pointers
[803.156s][info][gc,phases      ] GC(50) Phase 3: Adjust pointers 47945.058ms
[803.159s][info][gc,phases,start] GC(50) Phase 4: Move objects
[827.226s][info][gc,phases      ] GC(50) Phase 4: Move objects 24062.546ms
[827.253s][info][gc,heap        ] GC(50) DefNew: 4976640K(4976640K)->4976640K(4976640K) Eden: 4423680K(4423680K)->4423680K(4423680K) From: 552960K(552960K)->552960K(552960K)
[827.253s][info][gc,heap        ] GC(50) Tenured: 11059199K(11059200K)->11059198K(11059200K)
[827.253s][info][gc,metaspace   ] GC(50) Metaspace: 6296K(6464K)->6296K(6464K) NonClass: 5763K(5824K)->5763K(5824K) Class: 532K(640K)->532K(640K)
[827.255s][info][gc             ] GC(50) Pause Full (Allocation Failure) 15659M->15659M(15660M) 123359.979ms
[827.255s][info][gc,cpu         ] GC(50) User=10.56s Sys=35.77s Real=123.36s
[827.315s][info][gc,start       ] GC(51) Pause Full (Allocation Failure)
[827.316s][info][gc,phases,start] GC(51) Phase 1: Mark live objects
[855.609s][info][gc,phases      ] GC(51) Phase 1: Mark live objects 28293.001ms
[855.611s][info][gc,phases,start] GC(51) Phase 2: Compute new object addresses
[874.612s][info][gc,phases      ] GC(51) Phase 2: Compute new object addresses 18999.779ms
[874.614s][info][gc,phases,start] GC(51) Phase 3: Adjust pointers
[913.883s][info][gc,phases      ] GC(51) Phase 3: Adjust pointers 39266.033ms
[913.886s][info][gc,phases,start] GC(51) Phase 4: Move objects
[913.887s][info][gc,phases      ] GC(51) Phase 4: Move objects 1.599ms
[913.917s][info][gc,heap        ] GC(51) DefNew: 4976640K(4976640K)->4976640K(4976640K) Eden: 4423680K(4423680K)->4423680K(4423680K) From: 552960K(552960K)->552960K(552960K)
[913.917s][info][gc,heap        ] GC(51) Tenured: 11059199K(11059200K)->11059199K(11059200K)
[913.918s][info][gc,metaspace   ] GC(51) Metaspace: 6298K(6464K)->6298K(6464K) NonClass: 5764K(5824K)->5764K(5824K) Class: 533K(640K)->533K(640K)
[913.920s][info][gc             ] GC(51) Pause Full (Allocation Failure) 15659M->15659M(15660M) 86604.306ms
[913.920s][info][gc,cpu         ] GC(51) User=9.81s Sys=24.33s Real=86.61s
[913.921s][info][gc,start       ] GC(52) Pause Full (Allocation Failure)
[913.921s][info][gc,phases,start] GC(52) Phase 1: Mark live objects
[948.465s][info][gc,phases      ] GC(52) Phase 1: Mark live objects 34542.658ms
[948.466s][info][gc,phases,start] GC(52) Phase 2: Compute new object addresses
[968.255s][info][gc,phases      ] GC(52) Phase 2: Compute new object addresses 19782.928ms
[968.259s][info][gc,phases,start] GC(52) Phase 3: Adjust pointers
[1011.529s][info][gc,phases      ] GC(52) Phase 3: Adjust pointers 43265.202ms
[1011.531s][info][gc,phases,start] GC(52) Phase 4: Move objects
[1036.178s][info][gc,phases      ] GC(52) Phase 4: Move objects 24646.054ms
[1036.198s][info][gc,heap        ] GC(52) DefNew: 4976640K(4976640K)->4976640K(4976640K) Eden: 4423680K(4423680K)->4423680K(4423680K) From: 552960K(552960K)->552960K(552960K)
[1036.199s][info][gc,heap        ] GC(52) Tenured: 11059199K(11059200K)->11059196K(11059200K)
[1036.199s][info][gc,metaspace   ] GC(52) Metaspace: 6298K(6464K)->6298K(6464K) NonClass: 5764K(5824K)->5764K(5824K) Class: 533K(640K)->533K(640K)
[1036.201s][info][gc             ] GC(52) Pause Full (Allocation Failure) 15659M->15659M(15660M) 122280.458ms
[1036.202s][info][gc,cpu         ] GC(52) User=12.66s Sys=44.83s Real=122.28s
[1036.261s][info][gc,heap,exit   ] Heap
[1036.261s][info][gc,heap,exit   ]  def new generation   total 4976640K, used 4976640K [0x000000040b800000, 0x000000055d000000, 0x000000055d000000)
[1036.261s][info][gc,heap,exit   ]   eden space 4423680K, 100% used [0x000000040b800000, 0x0000000519800000, 0x0000000519800000)
[1036.261s][info][gc,heap,exit   ]   from space 552960K, 100% used [0x000000053b400000, 0x000000055d000000, 0x000000055d000000)
[1036.261s][info][gc,heap,exit   ]   to   space 552960K,   0% used [0x0000000519800000, 0x0000000519800000, 0x000000053b400000)
[1036.261s][info][gc,heap,exit   ]  tenured generation   total 11059200K, used 11059197K [0x000000055d000000, 0x0000000800000000, 0x0000000800000000)
[1036.261s][info][gc,heap,exit   ]    the space 11059200K,  99% used [0x000000055d000000, 0x00000007fffff5f8, 0x00000007fffff600, 0x0000000800000000)
[1036.261s][info][gc,heap,exit   ]  Metaspace       used 6301K, committed 6464K, reserved 1114112K
[1036.261s][info][gc,heap,exit   ]   class space    used 534K, committed 640K, reserved 1048576K
