[0.011s][info][gc,init] CardTable entry size: 512
[0.012s][info][gc     ] Using Serial
[0.012s][info][gc,init] Version: 18.0.1+10 (release)
[0.012s][info][gc,init] CPUs: 8 total, 8 available
[0.012s][info][gc,init] Memory: 16063M
[0.012s][info][gc,init] Large Page Support: Disabled
[0.012s][info][gc,init] NUMA Support: Disabled
[0.012s][info][gc,init] Compressed Oops: Enabled (Zero based)
[0.012s][info][gc,init] Heap Min Capacity: 2M
[0.012s][info][gc,init] Heap Initial Capacity: 2M
[0.012s][info][gc,init] Heap Max Capacity: 12200M
[0.012s][info][gc,init] Pre-touch: Disabled
[0.012s][info][gc,metaspace] CDS archive(s) not mapped
[0.013s][info][gc,metaspace] Compressed class space mapped at: 0x0000000800000000-0x0000000840000000, reserved size: 1073741824
[0.013s][info][gc,metaspace] Narrow klass base: 0x0000000800000000, Narrow klass shift: 0, Narrow klass range: 0x40000000
[0.183s][info][gc,start    ] GC(0) Pause Young (Allocation Failure)
[0.185s][info][gc,heap     ] GC(0) DefNew: 1023K(1152K)->127K(1152K) Eden: 1023K(1024K)->0K(1024K) From: 0K(128K)->127K(128K)
[0.185s][info][gc,heap     ] GC(0) Tenured: 0K(768K)->439K(768K)
[0.185s][info][gc,metaspace] GC(0) Metaspace: 5903K(6016K)->5903K(6016K) NonClass: 5403K(5504K)->5403K(5504K) Class: 499K(512K)->499K(512K)
[0.185s][info][gc          ] GC(0) Pause Young (Allocation Failure) 0M->0M(1M) 1.735ms
[0.185s][info][gc,cpu      ] GC(0) User=0.00s Sys=0.00s Real=0.00s
[0.206s][info][gc,start    ] GC(1) Pause Young (Allocation Failure)
[0.208s][info][gc          ] GC(1) Pause Young (Allocation Failure) 1M->0M(2M) 1.282ms
[0.208s][info][gc,cpu      ] GC(1) User=0.00s Sys=0.00s Real=0.00s
[0.208s][info][gc,start    ] GC(2) Pause Full (Allocation Failure)
[0.208s][info][gc,phases,start] GC(2) Phase 1: Mark live objects
[0.209s][info][gc,phases      ] GC(2) Phase 1: Mark live objects 1.049ms
[0.209s][info][gc,phases,start] GC(2) Phase 2: Compute new object addresses
[0.209s][info][gc,phases      ] GC(2) Phase 2: Compute new object addresses 0.259ms
[0.209s][info][gc,phases,start] GC(2) Phase 3: Adjust pointers
[0.210s][info][gc,phases      ] GC(2) Phase 3: Adjust pointers 0.615ms
[0.210s][info][gc,phases,start] GC(2) Phase 4: Move objects
[0.210s][info][gc,phases      ] GC(2) Phase 4: Move objects 0.076ms
[0.210s][info][gc,heap        ] GC(2) DefNew: 1151K(1152K)->40K(1152K) Eden: 1024K(1024K)->40K(1024K) From: 127K(128K)->0K(128K)
[0.210s][info][gc,heap        ] GC(2) Tenured: 439K(768K)->959K(1600K)
[0.210s][info][gc,metaspace   ] GC(2) Metaspace: 6300K(6528K)->6300K(6528K) NonClass: 5767K(5888K)->5767K(5888K) Class: 533K(640K)->533K(640K)
[0.210s][info][gc             ] GC(2) Pause Full (Allocation Failure) 0M->0M(2M) 2.342ms
[0.210s][info][gc,cpu         ] GC(2) User=0.00s Sys=0.00s Real=0.00s
[0.211s][info][gc,start       ] GC(3) Pause Young (Allocation Failure)
[0.213s][info][gc,heap        ] GC(3) DefNew: 1024K(1152K)->127K(1152K) Eden: 1024K(1024K)->0K(1024K) From: 0K(128K)->127K(128K)
[0.213s][info][gc,heap        ] GC(3) Tenured: 959K(1600K)->1375K(1600K)
[0.213s][info][gc,metaspace   ] GC(3) Metaspace: 6300K(6528K)->6300K(6528K) NonClass: 5767K(5888K)->5767K(5888K) Class: 533K(640K)->533K(640K)
[0.213s][info][gc             ] GC(3) Pause Young (Allocation Failure) 1M->1M(2M) 1.489ms
[0.213s][info][gc,cpu         ] GC(3) User=0.00s Sys=0.00s Real=0.00s
[0.214s][info][gc,start       ] GC(4) Pause Young (Allocation Failure)
[0.215s][info][gc             ] GC(4) Pause Young (Allocation Failure) 2M->1M(3M) 1.168ms
[0.215s][info][gc,cpu         ] GC(4) User=0.00s Sys=0.00s Real=0.00s
[0.215s][info][gc,start       ] GC(5) Pause Full (Allocation Failure)
[0.215s][info][gc,phases,start] GC(5) Phase 1: Mark live objects
[0.217s][info][gc,phases      ] GC(5) Phase 1: Mark live objects 1.590ms
[0.217s][info][gc,phases,start] GC(5) Phase 2: Compute new object addresses
[0.217s][info][gc,phases      ] GC(5) Phase 2: Compute new object addresses 0.416ms
[0.217s][info][gc,phases,start] GC(5) Phase 3: Adjust pointers
[0.218s][info][gc,phases      ] GC(5) Phase 3: Adjust pointers 0.741ms
[0.218s][info][gc,phases,start] GC(5) Phase 4: Move objects
[0.218s][info][gc,phases      ] GC(5) Phase 4: Move objects 0.080ms
[0.218s][info][gc,heap        ] GC(5) DefNew: 1151K(1152K)->35K(1536K) Eden: 1024K(1024K)->35K(1408K) From: 127K(128K)->0K(128K)
[0.218s][info][gc,heap        ] GC(5) Tenured: 1375K(1600K)->1983K(3308K)
[0.219s][info][gc,metaspace   ] GC(5) Metaspace: 6300K(6528K)->6300K(6528K) NonClass: 5767K(5888K)->5767K(5888K) Class: 533K(640K)->533K(640K)
[0.219s][info][gc             ] GC(5) Pause Full (Allocation Failure) 1M->1M(4M) 3.176ms
[0.219s][info][gc,cpu         ] GC(5) User=0.00s Sys=0.00s Real=0.00s
[0.220s][info][gc,start       ] GC(6) Pause Young (Allocation Failure)
[0.222s][info][gc,heap        ] GC(6) DefNew: 1407K(1536K)->127K(1536K) Eden: 1407K(1408K)->0K(1408K) From: 0K(128K)->127K(128K)
[0.222s][info][gc,heap        ] GC(6) Tenured: 1983K(3308K)->2617K(3308K)
[0.222s][info][gc,metaspace   ] GC(6) Metaspace: 6300K(6528K)->6300K(6528K) NonClass: 5767K(5888K)->5767K(5888K) Class: 533K(640K)->533K(640K)
[0.222s][info][gc             ] GC(6) Pause Young (Allocation Failure) 3M->2M(4M) 2.229ms
[0.222s][info][gc,cpu         ] GC(6) User=0.00s Sys=0.00s Real=0.00s
[0.224s][info][gc,start       ] GC(7) Pause Young (Allocation Failure)
[0.226s][info][gc             ] GC(7) Pause Young (Allocation Failure) 4M->3M(4M) 2.130ms
[0.226s][info][gc,cpu         ] GC(7) User=0.00s Sys=0.00s Real=0.00s
[0.226s][info][gc,start       ] GC(8) Pause Full (Allocation Failure)
[0.226s][info][gc,phases,start] GC(8) Phase 1: Mark live objects
[0.228s][info][gc,phases      ] GC(8) Phase 1: Mark live objects 2.188ms
[0.228s][info][gc,phases,start] GC(8) Phase 2: Compute new object addresses
[0.229s][info][gc,phases      ] GC(8) Phase 2: Compute new object addresses 0.691ms
[0.229s][info][gc,phases,start] GC(8) Phase 3: Adjust pointers
[0.230s][info][gc,phases      ] GC(8) Phase 3: Adjust pointers 1.149ms
[0.230s][info][gc,phases,start] GC(8) Phase 4: Move objects
[0.231s][info][gc,phases      ] GC(8) Phase 4: Move objects 0.084ms
[0.231s][info][gc,heap        ] GC(8) DefNew: 1535K(1536K)->0K(2688K) Eden: 1408K(1408K)->0K(2432K) From: 127K(128K)->0K(256K)
[0.231s][info][gc,heap        ] GC(8) Tenured: 2617K(3308K)->3460K(5768K)
[0.231s][info][gc,metaspace   ] GC(8) Metaspace: 6300K(6528K)->6300K(6528K) NonClass: 5767K(5888K)->5767K(5888K) Class: 533K(640K)->533K(640K)
[0.231s][info][gc             ] GC(8) Pause Full (Allocation Failure) 3M->3M(8M) 4.451ms
[0.231s][info][gc,cpu         ] GC(8) User=0.00s Sys=0.00s Real=0.00s
[0.235s][info][gc,start       ] GC(9) Pause Young (Allocation Failure)
[0.237s][info][gc,heap        ] GC(9) DefNew: 2431K(2688K)->256K(2688K) Eden: 2431K(2432K)->0K(2432K) From: 0K(256K)->256K(256K)
[0.237s][info][gc,heap        ] GC(9) Tenured: 3460K(5768K)->4512K(5768K)
[0.237s][info][gc,metaspace   ] GC(9) Metaspace: 6300K(6528K)->6300K(6528K) NonClass: 5767K(5888K)->5767K(5888K) Class: 533K(640K)->533K(640K)
[0.237s][info][gc             ] GC(9) Pause Young (Allocation Failure) 5M->4M(8M) 2.655ms
[0.237s][info][gc,cpu         ] GC(9) User=0.00s Sys=0.00s Real=0.00s
[0.241s][info][gc,start       ] GC(10) Pause Young (Allocation Failure)
[0.245s][info][gc,heap        ] GC(10) DefNew: 2688K(2688K)->255K(2688K) Eden: 2432K(2432K)->0K(2432K) From: 256K(256K)->255K(256K)
[0.245s][info][gc,heap        ] GC(10) Tenured: 4512K(5768K)->5755K(5768K)
[0.245s][info][gc,metaspace   ] GC(10) Metaspace: 6300K(6528K)->6300K(6528K) NonClass: 5767K(5888K)->5767K(5888K) Class: 533K(640K)->533K(640K)
[0.245s][info][gc             ] GC(10) Pause Young (Allocation Failure) 7M->5M(8M) 3.373ms
[0.245s][info][gc,cpu         ] GC(10) User=0.00s Sys=0.00s Real=0.00s
[0.248s][info][gc,start       ] GC(11) Pause Young (Allocation Failure)
[0.252s][info][gc             ] GC(11) Pause Young (Allocation Failure) 8M->7M(9M) 3.396ms
[0.252s][info][gc,cpu         ] GC(11) User=0.00s Sys=0.00s Real=0.00s
[0.252s][info][gc,start       ] GC(12) Pause Full (Allocation Failure)
[0.252s][info][gc,phases,start] GC(12) Phase 1: Mark live objects
[0.256s][info][gc,phases      ] GC(12) Phase 1: Mark live objects 4.482ms
[0.256s][info][gc,phases,start] GC(12) Phase 2: Compute new object addresses
[0.258s][info][gc,phases      ] GC(12) Phase 2: Compute new object addresses 1.237ms
[0.258s][info][gc,phases,start] GC(12) Phase 3: Adjust pointers
[0.260s][info][gc,phases      ] GC(12) Phase 3: Adjust pointers 1.997ms
[0.260s][info][gc,phases,start] GC(12) Phase 4: Move objects
[0.261s][info][gc,phases      ] GC(12) Phase 4: Move objects 1.460ms
[0.261s][info][gc,heap        ] GC(12) DefNew: 2687K(2688K)->0K(5376K) Eden: 2432K(2432K)->0K(4800K) From: 255K(256K)->0K(576K)
[0.261s][info][gc,heap        ] GC(12) Tenured: 5755K(5768K)->7132K(11888K)
[0.261s][info][gc,metaspace   ] GC(12) Metaspace: 6300K(6528K)->6300K(6528K) NonClass: 5767K(5888K)->5767K(5888K) Class: 533K(640K)->533K(640K)
[0.261s][info][gc             ] GC(12) Pause Full (Allocation Failure) 7M->6M(16M) 9.727ms
[0.261s][info][gc,cpu         ] GC(12) User=0.00s Sys=0.00s Real=0.01s
[0.267s][info][gc,start       ] GC(13) Pause Young (Allocation Failure)
[0.273s][info][gc,heap        ] GC(13) DefNew: 4800K(5376K)->575K(5376K) Eden: 4800K(4800K)->0K(4800K) From: 0K(576K)->575K(576K)
[0.273s][info][gc,heap        ] GC(13) Tenured: 7132K(11888K)->9027K(11888K)
[0.273s][info][gc,metaspace   ] GC(13) Metaspace: 6300K(6528K)->6300K(6528K) NonClass: 5767K(5888K)->5767K(5888K) Class: 533K(640K)->533K(640K)
[0.273s][info][gc             ] GC(13) Pause Young (Allocation Failure) 11M->9M(16M) 5.522ms
[0.273s][info][gc,cpu         ] GC(13) User=0.00s Sys=0.00s Real=0.01s
[0.278s][info][gc,start       ] GC(14) Pause Young (Allocation Failure)
[0.285s][info][gc,heap        ] GC(14) DefNew: 5375K(5376K)->576K(5376K) Eden: 4800K(4800K)->0K(4800K) From: 575K(576K)->576K(576K)
[0.285s][info][gc,heap        ] GC(14) Tenured: 9027K(11888K)->11746K(11888K)
[0.285s][info][gc,metaspace   ] GC(14) Metaspace: 6300K(6528K)->6300K(6528K) NonClass: 5767K(5888K)->5767K(5888K) Class: 533K(640K)->533K(640K)
[0.285s][info][gc             ] GC(14) Pause Young (Allocation Failure) 14M->12M(16M) 6.276ms
[0.285s][info][gc,cpu         ] GC(14) User=0.00s Sys=0.00s Real=0.01s
[0.289s][info][gc,start       ] GC(15) Pause Young (Allocation Failure)
[0.294s][info][gc             ] GC(15) Pause Young (Allocation Failure) 16M->14M(19M) 5.088ms
[0.294s][info][gc,cpu         ] GC(15) User=0.00s Sys=0.00s Real=0.00s
[0.294s][info][gc,start       ] GC(16) Pause Full (Allocation Failure)
[0.294s][info][gc,phases,start] GC(16) Phase 1: Mark live objects
[0.302s][info][gc,phases      ] GC(16) Phase 1: Mark live objects 7.232ms
[0.302s][info][gc,phases,start] GC(16) Phase 2: Compute new object addresses
[0.304s][info][gc,phases      ] GC(16) Phase 2: Compute new object addresses 2.275ms
[0.304s][info][gc,phases,start] GC(16) Phase 3: Adjust pointers
[0.307s][info][gc,phases      ] GC(16) Phase 3: Adjust pointers 2.794ms
[0.307s][info][gc,phases,start] GC(16) Phase 4: Move objects
[0.307s][info][gc,phases      ] GC(16) Phase 4: Move objects 0.170ms
[0.307s][info][gc,heap        ] GC(16) DefNew: 5376K(5376K)->387K(10880K) Eden: 4800K(4800K)->387K(9728K) From: 576K(576K)->0K(1152K)
[0.307s][info][gc,heap        ] GC(16) Tenured: 11746K(11888K)->14383K(23976K)
[0.307s][info][gc,metaspace   ] GC(16) Metaspace: 6302K(6528K)->6302K(6528K) NonClass: 5769K(5888K)->5769K(5888K) Class: 533K(640K)->533K(640K)
[0.307s][info][gc             ] GC(16) Pause Full (Allocation Failure) 14M->14M(34M) 12.830ms
[0.307s][info][gc,cpu         ] GC(16) User=0.02s Sys=0.00s Real=0.01s
[0.316s][info][gc,start       ] GC(17) Pause Young (Allocation Failure)
[0.329s][info][gc,heap        ] GC(17) DefNew: 9728K(10880K)->1151K(10880K) Eden: 9728K(9728K)->0K(9728K) From: 0K(1152K)->1151K(1152K)
[0.329s][info][gc,heap        ] GC(17) Tenured: 14383K(23976K)->18415K(23976K)
[0.329s][info][gc,metaspace   ] GC(17) Metaspace: 6302K(6528K)->6302K(6528K) NonClass: 5769K(5888K)->5769K(5888K) Class: 533K(640K)->533K(640K)
[0.329s][info][gc             ] GC(17) Pause Young (Allocation Failure) 23M->19M(34M) 13.331ms
[0.329s][info][gc,cpu         ] GC(17) User=0.00s Sys=0.00s Real=0.01s
[0.336s][info][gc,start       ] GC(18) Pause Young (Allocation Failure)
[0.348s][info][gc,heap        ] GC(18) DefNew: 10879K(10880K)->1151K(10880K) Eden: 9728K(9728K)->0K(9728K) From: 1151K(1152K)->1151K(1152K)
[0.348s][info][gc,heap        ] GC(18) Tenured: 18415K(23976K)->23936K(23976K)
[0.348s][info][gc,metaspace   ] GC(18) Metaspace: 6302K(6528K)->6302K(6528K) NonClass: 5769K(5888K)->5769K(5888K) Class: 533K(640K)->533K(640K)
[0.348s][info][gc             ] GC(18) Pause Young (Allocation Failure) 28M->24M(34M) 12.569ms
[0.348s][info][gc,cpu         ] GC(18) User=0.00s Sys=0.00s Real=0.01s
[0.354s][info][gc,start       ] GC(19) Pause Young (Allocation Failure)
[0.365s][info][gc             ] GC(19) Pause Young (Allocation Failure) 34M->29M(38M) 10.942ms
[0.365s][info][gc,cpu         ] GC(19) User=0.00s Sys=0.00s Real=0.01s
[0.365s][info][gc,start       ] GC(20) Pause Full (Allocation Failure)
[0.365s][info][gc,phases,start] GC(20) Phase 1: Mark live objects
[0.379s][info][gc,phases      ] GC(20) Phase 1: Mark live objects 13.513ms
[0.379s][info][gc,phases,start] GC(20) Phase 2: Compute new object addresses
[0.383s][info][gc,phases      ] GC(20) Phase 2: Compute new object addresses 4.603ms
[0.383s][info][gc,phases,start] GC(20) Phase 3: Adjust pointers
[0.389s][info][gc,phases      ] GC(20) Phase 3: Adjust pointers 5.309ms
[0.389s][info][gc,phases,start] GC(20) Phase 4: Move objects
[0.389s][info][gc,phases      ] GC(20) Phase 4: Move objects 0.184ms
[0.389s][info][gc,heap        ] GC(20) DefNew: 10879K(10880K)->1080K(21888K) Eden: 9728K(9728K)->1080K(19520K) From: 1151K(1152K)->0K(2368K)
[0.389s][info][gc,heap        ] GC(20) Tenured: 23936K(23976K)->29035K(48396K)
[0.389s][info][gc,metaspace   ] GC(20) Metaspace: 6302K(6528K)->6302K(6528K) NonClass: 5769K(5888K)->5769K(5888K) Class: 533K(640K)->533K(640K)
[0.389s][info][gc             ] GC(20) Pause Full (Allocation Failure) 29M->29M(68M) 24.017ms
[0.389s][info][gc,cpu         ] GC(20) User=0.03s Sys=0.00s Real=0.02s
[0.405s][info][gc,start       ] GC(21) Pause Young (Allocation Failure)
[0.433s][info][gc,heap        ] GC(21) DefNew: 19520K(21888K)->2367K(21888K) Eden: 19520K(19520K)->0K(19520K) From: 0K(2368K)->2367K(2368K)
[0.433s][info][gc,heap        ] GC(21) Tenured: 29035K(48396K)->39356K(48396K)
[0.433s][info][gc,metaspace   ] GC(21) Metaspace: 6302K(6528K)->6302K(6528K) NonClass: 5769K(5888K)->5769K(5888K) Class: 533K(640K)->533K(640K)
[0.433s][info][gc             ] GC(21) Pause Young (Allocation Failure) 47M->40M(68M) 28.446ms
[0.433s][info][gc,cpu         ] GC(21) User=0.02s Sys=0.00s Real=0.03s
[0.452s][info][gc,start       ] GC(22) Pause Young (Allocation Failure)
[0.487s][info][gc             ] GC(22) Pause Young (Allocation Failure) 59M->59M(78M) 34.996ms
[0.487s][info][gc,cpu         ] GC(22) User=0.03s Sys=0.00s Real=0.04s
[0.487s][info][gc,start       ] GC(23) Pause Full (Allocation Failure)
[0.487s][info][gc,phases,start] GC(23) Phase 1: Mark live objects
[0.512s][info][gc,phases      ] GC(23) Phase 1: Mark live objects 24.439ms
[0.512s][info][gc,phases,start] GC(23) Phase 2: Compute new object addresses
[0.521s][info][gc,phases      ] GC(23) Phase 2: Compute new object addresses 9.444ms
[0.521s][info][gc,phases,start] GC(23) Phase 3: Adjust pointers
[0.532s][info][gc,phases      ] GC(23) Phase 3: Adjust pointers 10.669ms
[0.532s][info][gc,phases,start] GC(23) Phase 4: Move objects
[0.532s][info][gc,phases      ] GC(23) Phase 4: Move objects 0.372ms
[0.533s][info][gc,heap        ] GC(23) DefNew: 21887K(21888K)->2257K(44288K) Eden: 19520K(19520K)->2257K(39424K) From: 2367K(2368K)->0K(4864K)
[0.533s][info][gc,heap        ] GC(23) Tenured: 39356K(48396K)->58955K(98260K)
[0.533s][info][gc,metaspace   ] GC(23) Metaspace: 6302K(6528K)->6302K(6528K) NonClass: 5769K(5888K)->5769K(5888K) Class: 533K(640K)->533K(640K)
[0.533s][info][gc             ] GC(23) Pause Full (Allocation Failure) 59M->59M(139M) 45.500ms
[0.533s][info][gc,cpu         ] GC(23) User=0.05s Sys=0.00s Real=0.05s
[0.577s][info][gc,start       ] GC(24) Pause Young (Allocation Failure)
[0.638s][info][gc,heap        ] GC(24) DefNew: 39424K(44288K)->4863K(44288K) Eden: 39424K(39424K)->0K(39424K) From: 0K(4864K)->4863K(4864K)
[0.638s][info][gc,heap        ] GC(24) Tenured: 58955K(98260K)->93487K(98260K)
[0.638s][info][gc,metaspace   ] GC(24) Metaspace: 6302K(6528K)->6302K(6528K) NonClass: 5769K(5888K)->5769K(5888K) Class: 533K(640K)->533K(640K)
[0.638s][info][gc             ] GC(24) Pause Young (Allocation Failure) 96M->96M(139M) 61.205ms
[0.638s][info][gc,cpu         ] GC(24) User=0.05s Sys=0.00s Real=0.06s
[0.670s][info][gc,start       ] GC(25) Pause Young (Allocation Failure)
[0.739s][info][gc             ] GC(25) Pause Young (Allocation Failure) 134M->134M(173M) 69.082ms
[0.740s][info][gc,cpu         ] GC(25) User=0.06s Sys=0.00s Real=0.07s
[0.740s][info][gc,start       ] GC(26) Pause Full (Allocation Failure)
[0.740s][info][gc,phases,start] GC(26) Phase 1: Mark live objects
[0.793s][info][gc,phases      ] GC(26) Phase 1: Mark live objects 53.120ms
[0.793s][info][gc,phases,start] GC(26) Phase 2: Compute new object addresses
[0.814s][info][gc,phases      ] GC(26) Phase 2: Compute new object addresses 20.874ms
[0.814s][info][gc,phases,start] GC(26) Phase 3: Adjust pointers
[0.839s][info][gc,phases      ] GC(26) Phase 3: Adjust pointers 25.646ms
[0.839s][info][gc,phases,start] GC(26) Phase 4: Move objects
[0.864s][info][gc,phases      ] GC(26) Phase 4: Move objects 24.403ms
[0.864s][info][gc,heap        ] GC(26) DefNew: 44287K(44288K)->1015K(99712K) Eden: 39424K(39424K)->1015K(88640K) From: 4863K(4864K)->0K(11072K)
[0.864s][info][gc,heap        ] GC(26) Tenured: 93487K(98260K)->132887K(221480K)
[0.864s][info][gc,metaspace   ] GC(26) Metaspace: 6302K(6528K)->6302K(6528K) NonClass: 5769K(5888K)->5769K(5888K) Class: 533K(640K)->533K(640K)
[0.865s][info][gc             ] GC(26) Pause Full (Allocation Failure) 134M->130M(313M) 124.981ms
[0.865s][info][gc,cpu         ] GC(26) User=0.12s Sys=0.00s Real=0.12s
[0.956s][info][gc,start       ] GC(27) Pause Young (Allocation Failure)
[1.104s][info][gc,heap        ] GC(27) DefNew: 88640K(99712K)->11071K(99712K) Eden: 88640K(88640K)->0K(88640K) From: 0K(11072K)->11071K(11072K)
[1.104s][info][gc,heap        ] GC(27) Tenured: 132887K(221480K)->210425K(221480K)
[1.104s][info][gc,metaspace   ] GC(27) Metaspace: 6302K(6528K)->6302K(6528K) NonClass: 5769K(5888K)->5769K(5888K) Class: 533K(640K)->533K(640K)
[1.104s][info][gc             ] GC(27) Pause Young (Allocation Failure) 216M->216M(313M) 147.469ms
[1.104s][info][gc,cpu         ] GC(27) User=0.08s Sys=0.06s Real=0.15s
[1.182s][info][gc,start       ] GC(28) Pause Young (Allocation Failure)
[1.346s][info][gc             ] GC(28) Pause Young (Allocation Failure) 302M->302M(389M) 164.578ms
[1.346s][info][gc,cpu         ] GC(28) User=0.14s Sys=0.03s Real=0.16s
[1.346s][info][gc,start       ] GC(29) Pause Full (Allocation Failure)
[1.346s][info][gc,phases,start] GC(29) Phase 1: Mark live objects
[1.479s][info][gc,phases      ] GC(29) Phase 1: Mark live objects 132.476ms
[1.479s][info][gc,phases,start] GC(29) Phase 2: Compute new object addresses
[1.527s][info][gc,phases      ] GC(29) Phase 2: Compute new object addresses 48.362ms
[1.527s][info][gc,phases,start] GC(29) Phase 3: Adjust pointers
[1.586s][info][gc,phases      ] GC(29) Phase 3: Adjust pointers 59.152ms
[1.586s][info][gc,phases,start] GC(29) Phase 4: Move objects
[1.589s][info][gc,phases      ] GC(29) Phase 4: Move objects 2.330ms
[1.590s][info][gc,heap        ] GC(29) DefNew: 99711K(99712K)->10927K(224448K) Eden: 88640K(88640K)->10927K(199552K) From: 11071K(11072K)->0K(24896K)
[1.590s][info][gc,heap        ] GC(29) Tenured: 210425K(221480K)->299179K(498636K)
[1.590s][info][gc,metaspace   ] GC(29) Metaspace: 6302K(6528K)->6302K(6528K) NonClass: 5769K(5888K)->5769K(5888K) Class: 533K(640K)->533K(640K)
[1.590s][info][gc             ] GC(29) Pause Full (Allocation Failure) 302M->302M(706M) 243.661ms
[1.590s][info][gc,cpu         ] GC(29) User=0.22s Sys=0.00s Real=0.24s
[1.799s][info][gc,start       ] GC(30) Pause Young (Allocation Failure)
[2.130s][info][gc,heap        ] GC(30) DefNew: 199552K(224448K)->24895K(224448K) Eden: 199552K(199552K)->0K(199552K) From: 0K(24896K)->24895K(24896K)
[2.130s][info][gc,heap        ] GC(30) Tenured: 299179K(498636K)->473807K(498636K)
[2.130s][info][gc,metaspace   ] GC(30) Metaspace: 6302K(6528K)->6302K(6528K) NonClass: 5769K(5888K)->5769K(5888K) Class: 533K(640K)->533K(640K)
[2.130s][info][gc             ] GC(30) Pause Young (Allocation Failure) 487M->487M(706M) 330.987ms
[2.130s][info][gc,cpu         ] GC(30) User=0.27s Sys=0.05s Real=0.33s
[2.314s][info][gc,start       ] GC(31) Pause Young (Allocation Failure)
[2.688s][info][gc             ] GC(31) Pause Young (Allocation Failure) 681M->681M(876M) 373.651ms
[2.688s][info][gc,cpu         ] GC(31) User=0.27s Sys=0.08s Real=0.37s
[2.688s][info][gc,start       ] GC(32) Pause Full (Allocation Failure)
[2.688s][info][gc,phases,start] GC(32) Phase 1: Mark live objects
[2.989s][info][gc,phases      ] GC(32) Phase 1: Mark live objects 300.822ms
[2.989s][info][gc,phases,start] GC(32) Phase 2: Compute new object addresses
[3.093s][info][gc,phases      ] GC(32) Phase 2: Compute new object addresses 103.741ms
[3.093s][info][gc,phases,start] GC(32) Phase 3: Adjust pointers
[3.206s][info][gc,phases      ] GC(32) Phase 3: Adjust pointers 113.748ms
[3.206s][info][gc,phases,start] GC(32) Phase 4: Move objects
[3.212s][info][gc,phases      ] GC(32) Phase 4: Move objects 5.392ms
[3.214s][info][gc,heap        ] GC(32) DefNew: 224447K(224448K)->24795K(505152K) Eden: 199552K(199552K)->24795K(449088K) From: 24895K(24896K)->0K(56064K)
[3.214s][info][gc,heap        ] GC(32) Tenured: 473807K(498636K)->673423K(1122376K)
[3.214s][info][gc,metaspace   ] GC(32) Metaspace: 6302K(6528K)->6302K(6528K) NonClass: 5769K(5888K)->5769K(5888K) Class: 533K(640K)->533K(640K)
[3.214s][info][gc             ] GC(32) Pause Full (Allocation Failure) 681M->681M(1589M) 526.057ms
[3.214s][info][gc,cpu         ] GC(32) User=0.52s Sys=0.00s Real=0.53s
[3.664s][info][gc,start       ] GC(33) Pause Young (Allocation Failure)
[4.428s][info][gc,heap        ] GC(33) DefNew: 449088K(505152K)->56063K(505152K) Eden: 449088K(449088K)->0K(449088K) From: 0K(56064K)->56063K(56064K)
[4.428s][info][gc,heap        ] GC(33) Tenured: 673423K(1122376K)->1066419K(1122376K)
[4.428s][info][gc,metaspace   ] GC(33) Metaspace: 6302K(6528K)->6302K(6528K) NonClass: 5769K(5888K)->5769K(5888K) Class: 533K(640K)->533K(640K)
[4.428s][info][gc             ] GC(33) Pause Young (Allocation Failure) 1096M->1096M(1589M) 763.633ms
[4.428s][info][gc,cpu         ] GC(33) User=0.64s Sys=0.08s Real=0.76s
[4.877s][info][gc,start       ] GC(34) Pause Young (Allocation Failure)
[5.593s][info][gc             ] GC(34) Pause Young (Allocation Failure) 1534M->1481M(1920M) 715.406ms
[5.593s][info][gc,cpu         ] GC(34) User=0.55s Sys=0.16s Real=0.72s
[5.593s][info][gc,start       ] GC(35) Pause Full (Allocation Failure)
[5.593s][info][gc,phases,start] GC(35) Phase 1: Mark live objects
[6.283s][info][gc,phases      ] GC(35) Phase 1: Mark live objects 690.654ms
[6.283s][info][gc,phases,start] GC(35) Phase 2: Compute new object addresses
[6.527s][info][gc,phases      ] GC(35) Phase 2: Compute new object addresses 243.483ms
[6.527s][info][gc,phases,start] GC(35) Phase 3: Adjust pointers
[6.822s][info][gc,phases      ] GC(35) Phase 3: Adjust pointers 294.758ms
[6.822s][info][gc,phases,start] GC(35) Phase 4: Move objects
[6.836s][info][gc,phases      ] GC(35) Phase 4: Move objects 14.304ms
[6.840s][info][gc,heap        ] GC(35) DefNew: 505151K(505152K)->56010K(1095936K) Eden: 449088K(449088K)->56010K(974208K) From: 56063K(56064K)->0K(121728K)
[6.841s][info][gc,heap        ] GC(35) Tenured: 1066419K(1122376K)->1461132K(2435220K)
[6.841s][info][gc,metaspace   ] GC(35) Metaspace: 6302K(6528K)->6302K(6528K) NonClass: 5769K(5888K)->5769K(5888K) Class: 533K(640K)->533K(640K)
[6.841s][info][gc             ] GC(35) Pause Full (Allocation Failure) 1481M->1481M(3448M) 1247.889ms
[6.841s][info][gc,cpu         ] GC(35) User=1.11s Sys=0.00s Real=1.25s
[7.795s][info][gc,start       ] GC(36) Pause Young (Allocation Failure)
[9.583s][info][gc,heap        ] GC(36) DefNew: 974208K(1095936K)->121728K(1095936K) Eden: 974208K(974208K)->0K(974208K) From: 0K(121728K)->121728K(121728K)
[9.583s][info][gc,heap        ] GC(36) Tenured: 1461132K(2435220K)->2313580K(2435220K)
[9.583s][info][gc,metaspace   ] GC(36) Metaspace: 6302K(6528K)->6302K(6528K) NonClass: 5769K(5888K)->5769K(5888K) Class: 533K(640K)->533K(640K)
[9.583s][info][gc             ] GC(36) Pause Young (Allocation Failure) 2378M->2378M(3448M) 1787.695ms
[9.583s][info][gc,cpu         ] GC(36) User=1.44s Sys=0.31s Real=1.79s
[10.645s][info][gc,start       ] GC(37) Pause Young (Allocation Failure)
[12.330s][info][gc             ] GC(37) Pause Young (Allocation Failure) 3329M->3329M(4281M) 1684.910ms
[12.330s][info][gc,cpu         ] GC(37) User=1.41s Sys=0.25s Real=1.68s
[12.330s][info][gc,start       ] GC(38) Pause Full (Allocation Failure)
[12.330s][info][gc,phases,start] GC(38) Phase 1: Mark live objects
[13.833s][info][gc,phases      ] GC(38) Phase 1: Mark live objects 1502.885ms
[13.833s][info][gc,phases,start] GC(38) Phase 2: Compute new object addresses
[14.333s][info][gc,phases      ] GC(38) Phase 2: Compute new object addresses 499.355ms
[14.333s][info][gc,phases,start] GC(38) Phase 3: Adjust pointers
[15.009s][info][gc,phases      ] GC(38) Phase 3: Adjust pointers 676.305ms
[15.009s][info][gc,phases,start] GC(38) Phase 4: Move objects
[15.624s][info][gc,phases      ] GC(38) Phase 4: Move objects 614.509ms
[15.633s][info][gc,heap        ] GC(38) DefNew: 1095936K(1095936K)->27448K(2465920K) Eden: 974208K(974208K)->27448K(2191936K) From: 121728K(121728K)->0K(273984K)
[15.633s][info][gc,heap        ] GC(38) Tenured: 2313580K(2435220K)->3287831K(5479720K)
[15.633s][info][gc,metaspace   ] GC(38) Metaspace: 6302K(6528K)->6302K(6528K) NonClass: 5769K(5888K)->5769K(5888K) Class: 533K(640K)->533K(640K)
[15.633s][info][gc             ] GC(38) Pause Full (Allocation Failure) 3329M->3237M(7759M) 3302.388ms
[15.633s][info][gc,cpu         ] GC(38) User=3.28s Sys=0.00s Real=3.30s
[17.853s][info][gc,start       ] GC(39) Pause Young (Allocation Failure)
[21.684s][info][gc,heap        ] GC(39) DefNew: 2191936K(2465920K)->273983K(2465920K) Eden: 2191936K(2191936K)->0K(2191936K) From: 0K(273984K)->273983K(273984K)
[21.684s][info][gc,heap        ] GC(39) Tenured: 3287831K(5479720K)->5205749K(5479720K)
[21.684s][info][gc,metaspace   ] GC(39) Metaspace: 6302K(6528K)->6302K(6528K) NonClass: 5769K(5888K)->5769K(5888K) Class: 533K(640K)->533K(640K)
[21.685s][info][gc             ] GC(39) Pause Young (Allocation Failure) 5351M->5351M(7759M) 3831.982ms
[21.685s][info][gc,cpu         ] GC(39) User=3.23s Sys=0.59s Real=3.83s
[23.771s][info][gc,start       ] GC(40) Pause Young (Allocation Failure)
[27.569s][info][gc             ] GC(40) Pause Young (Allocation Failure) 7491M->7491M(9632M) 3797.117ms
[27.569s][info][gc,cpu         ] GC(40) User=3.17s Sys=0.59s Real=3.80s
[27.569s][info][gc,start       ] GC(41) Pause Full (Allocation Failure)
[27.569s][info][gc,phases,start] GC(41) Phase 1: Mark live objects
[31.111s][info][gc,phases      ] GC(41) Phase 1: Mark live objects 3542.273ms
[31.111s][info][gc,phases,start] GC(41) Phase 2: Compute new object addresses
[32.263s][info][gc,phases      ] GC(41) Phase 2: Compute new object addresses 1151.983ms
[32.263s][info][gc,phases,start] GC(41) Phase 3: Adjust pointers
[33.590s][info][gc,phases      ] GC(41) Phase 3: Adjust pointers 1327.238ms
[33.590s][info][gc,phases,start] GC(41) Phase 4: Move objects
[33.650s][info][gc,phases      ] GC(41) Phase 4: Move objects 59.489ms
[33.677s][info][gc,heap        ] GC(41) DefNew: 2465919K(2465920K)->273966K(3747840K) Eden: 2191936K(2191936K)->273966K(3331456K) From: 273983K(273984K)->0K(416384K)
[33.677s][info][gc,heap        ] GC(41) Tenured: 5205749K(5479720K)->7397676K(8328576K)
[33.677s][info][gc,metaspace   ] GC(41) Metaspace: 6302K(6528K)->6302K(6528K) NonClass: 5769K(5888K)->5769K(5888K) Class: 533K(640K)->533K(640K)
[33.677s][info][gc             ] GC(41) Pause Full (Allocation Failure) 7491M->7491M(11793M) 6108.771ms
[33.677s][info][gc,cpu         ] GC(41) User=6.05s Sys=0.00s Real=6.11s
[36.528s][info][gc,start       ] GC(42) Pause Young (Allocation Failure)
[36.528s][info][gc             ] GC(42) Pause Young (Allocation Failure) 10477M->10477M(11793M) 0.109ms
[36.528s][info][gc,cpu         ] GC(42) User=0.00s Sys=0.00s Real=0.00s
[36.528s][info][gc,start       ] GC(43) Pause Full (Allocation Failure)
[36.528s][info][gc,phases,start] GC(43) Phase 1: Mark live objects
[41.274s][info][gc,phases      ] GC(43) Phase 1: Mark live objects 4746.290ms
[41.274s][info][gc,phases,start] GC(43) Phase 2: Compute new object addresses
[42.833s][info][gc,phases      ] GC(43) Phase 2: Compute new object addresses 1559.282ms
[42.834s][info][gc,phases,start] GC(43) Phase 3: Adjust pointers
[45.002s][info][gc,phases      ] GC(43) Phase 3: Adjust pointers 2168.414ms
[45.002s][info][gc,phases,start] GC(43) Phase 4: Move objects
[45.849s][info][gc,phases      ] GC(43) Phase 4: Move objects 847.397ms
[45.850s][info][gc,heap        ] GC(43) DefNew: 3331456K(3747840K)->2400529K(3747840K) Eden: 3331456K(3331456K)->2400529K(3331456K) From: 0K(416384K)->0K(416384K)
[45.850s][info][gc,heap        ] GC(43) Tenured: 7397676K(8328576K)->8328575K(8328576K)
[45.850s][info][gc,metaspace   ] GC(43) Metaspace: 6302K(6528K)->6302K(6528K) NonClass: 5769K(5888K)->5769K(5888K) Class: 533K(640K)->533K(640K)
[45.850s][info][gc             ] GC(43) Pause Full (Allocation Failure) 10477M->10477M(11793M) 9322.644ms
[45.850s][info][gc,cpu         ] GC(43) User=9.08s Sys=0.20s Real=9.32s
[46.940s][info][gc,start       ] GC(44) Pause Full (Allocation Failure)
[46.940s][info][gc,phases,start] GC(44) Phase 1: Mark live objects
[52.419s][info][gc,phases      ] GC(44) Phase 1: Mark live objects 5478.601ms
[52.419s][info][gc,phases,start] GC(44) Phase 2: Compute new object addresses
[54.230s][info][gc,phases      ] GC(44) Phase 2: Compute new object addresses 1811.047ms
[54.230s][info][gc,phases,start] GC(44) Phase 3: Adjust pointers
[56.477s][info][gc,phases      ] GC(44) Phase 3: Adjust pointers 2247.017ms
[56.477s][info][gc,phases,start] GC(44) Phase 4: Move objects
[56.623s][info][gc,phases      ] GC(44) Phase 4: Move objects 145.262ms
[56.623s][info][gc,heap        ] GC(44) DefNew: 3390451K(3747840K)->3390443K(3747840K) Eden: 3331456K(3331456K)->3331455K(3331456K) From: 58995K(416384K)->58987K(416384K)
[56.623s][info][gc,heap        ] GC(44) Tenured: 8328575K(8328576K)->8328575K(8328576K)
[56.623s][info][gc,metaspace   ] GC(44) Metaspace: 6302K(6528K)->6302K(6528K) NonClass: 5769K(5888K)->5769K(5888K) Class: 533K(640K)->533K(640K)
[56.623s][info][gc             ] GC(44) Pause Full (Allocation Failure) 11444M->11444M(11793M) 9683.226ms
[56.623s][info][gc,cpu         ] GC(44) User=9.62s Sys=0.00s Real=9.68s
[56.623s][info][gc,start       ] GC(45) Pause Full (Allocation Failure)
[56.624s][info][gc,phases,start] GC(45) Phase 1: Mark live objects
[61.736s][info][gc,phases      ] GC(45) Phase 1: Mark live objects 5112.497ms
[61.736s][info][gc,phases,start] GC(45) Phase 2: Compute new object addresses
[63.309s][info][gc,phases      ] GC(45) Phase 2: Compute new object addresses 1572.819ms
[63.309s][info][gc,phases,start] GC(45) Phase 3: Adjust pointers
[65.900s][info][gc,phases      ] GC(45) Phase 3: Adjust pointers 2591.174ms
[65.900s][info][gc,phases,start] GC(45) Phase 4: Move objects
[68.086s][info][gc,phases      ] GC(45) Phase 4: Move objects 2185.416ms
[68.086s][info][gc,heap        ] GC(45) DefNew: 3390443K(3747840K)->3259366K(3747840K) Eden: 3331455K(3331456K)->3259366K(3331456K) From: 58987K(416384K)->0K(416384K)
[68.086s][info][gc,heap        ] GC(45) Tenured: 8328575K(8328576K)->8328575K(8328576K)
[68.086s][info][gc,metaspace   ] GC(45) Metaspace: 6302K(6528K)->6301K(6528K) NonClass: 5769K(5888K)->5768K(5888K) Class: 533K(640K)->532K(640K)
[68.087s][info][gc             ] GC(45) Pause Full (Allocation Failure) 11444M->11316M(11793M) 11463.005ms
[68.087s][info][gc,cpu         ] GC(45) User=11.39s Sys=0.00s Real=11.46s
[68.088s][info][gc,heap,exit   ] Heap
[68.088s][info][gc,heap,exit   ]  def new generation   total 3747840K, used 3331456K [0x0000000505800000, 0x0000000603aa0000, 0x0000000603aa0000)
[68.088s][info][gc,heap,exit   ]   eden space 3331456K, 100% used [0x0000000505800000, 0x00000005d0d60000, 0x00000005d0d60000)
[68.088s][info][gc,heap,exit   ]   from space 416384K,   0% used [0x00000005d0d60000, 0x00000005d0d60000, 0x00000005ea400000)
[68.088s][info][gc,heap,exit   ]   to   space 416384K,   0% used [0x00000005ea400000, 0x00000005ea400000, 0x0000000603aa0000)
[68.088s][info][gc,heap,exit   ]  tenured generation   total 8328576K, used 8328575K [0x0000000603aa0000, 0x0000000800000000, 0x0000000800000000)
[68.088s][info][gc,heap,exit   ]    the space 8328576K,  99% used [0x0000000603aa0000, 0x00000007fffffff0, 0x0000000800000000, 0x0000000800000000)
[68.088s][info][gc,heap,exit   ]  Metaspace       used 6306K, committed 6528K, reserved 1114112K
[68.088s][info][gc,heap,exit   ]   class space    used 534K, committed 640K, reserved 1048576K
