[0.012s][info][gc,init] CardTable entry size: 512
[0.012s][info][gc     ] Using Serial
[0.012s][info][gc,init] Version: 18.0.1+10 (release)
[0.012s][info][gc,init] CPUs: 8 total, 8 available
[0.012s][info][gc,init] Memory: 16063M
[0.013s][info][gc,init] Large Page Support: Disabled
[0.013s][info][gc,init] NUMA Support: Disabled
[0.013s][info][gc,init] Compressed Oops: Enabled (Zero based)
[0.013s][info][gc,init] Heap Min Capacity: 2M
[0.013s][info][gc,init] Heap Initial Capacity: 2M
[0.013s][info][gc,init] Heap Max Capacity: 13500M
[0.013s][info][gc,init] Pre-touch: Disabled
[0.013s][info][gc,metaspace] CDS archive(s) not mapped
[0.013s][info][gc,metaspace] Compressed class space mapped at: 0x0000000800000000-0x0000000840000000, reserved size: 1073741824
[0.013s][info][gc,metaspace] Narrow klass base: 0x0000000800000000, Narrow klass shift: 0, Narrow klass range: 0x40000000
[0.202s][info][gc,start    ] GC(0) Pause Young (Allocation Failure)
[0.204s][info][gc,heap     ] GC(0) DefNew: 1023K(1152K)->127K(1152K) Eden: 1023K(1024K)->0K(1024K) From: 0K(128K)->127K(128K)
[0.204s][info][gc,heap     ] GC(0) Tenured: 0K(768K)->439K(768K)
[0.204s][info][gc,metaspace] GC(0) Metaspace: 5898K(6016K)->5898K(6016K) NonClass: 5398K(5504K)->5398K(5504K) Class: 499K(512K)->499K(512K)
[0.204s][info][gc          ] GC(0) Pause Young (Allocation Failure) 0M->0M(1M) 1.810ms
[0.204s][info][gc,cpu      ] GC(0) User=0.00s Sys=0.00s Real=0.00s
[0.222s][info][gc,start    ] GC(1) Pause Young (Allocation Failure)
[0.223s][info][gc          ] GC(1) Pause Young (Allocation Failure) 1M->0M(2M) 1.029ms
[0.223s][info][gc,cpu      ] GC(1) User=0.00s Sys=0.00s Real=0.00s
[0.223s][info][gc,start    ] GC(2) Pause Full (Allocation Failure)
[0.223s][info][gc,phases,start] GC(2) Phase 1: Mark live objects
[0.224s][info][gc,phases      ] GC(2) Phase 1: Mark live objects 0.779ms
[0.224s][info][gc,phases,start] GC(2) Phase 2: Compute new object addresses
[0.224s][info][gc,phases      ] GC(2) Phase 2: Compute new object addresses 0.179ms
[0.224s][info][gc,phases,start] GC(2) Phase 3: Adjust pointers
[0.224s][info][gc,phases      ] GC(2) Phase 3: Adjust pointers 0.389ms
[0.224s][info][gc,phases,start] GC(2) Phase 4: Move objects
[0.225s][info][gc,phases      ] GC(2) Phase 4: Move objects 0.057ms
[0.225s][info][gc,heap        ] GC(2) DefNew: 1151K(1152K)->40K(1152K) Eden: 1024K(1024K)->40K(1024K) From: 127K(128K)->0K(128K)
[0.225s][info][gc,heap        ] GC(2) Tenured: 439K(768K)->959K(1600K)
[0.225s][info][gc,metaspace   ] GC(2) Metaspace: 6296K(6464K)->6296K(6464K) NonClass: 5763K(5824K)->5763K(5824K) Class: 533K(640K)->533K(640K)
[0.225s][info][gc             ] GC(2) Pause Full (Allocation Failure) 0M->0M(2M) 1.584ms
[0.225s][info][gc,cpu         ] GC(2) User=0.00s Sys=0.00s Real=0.00s
[0.226s][info][gc,start       ] GC(3) Pause Young (Allocation Failure)
[0.227s][info][gc,heap        ] GC(3) DefNew: 1024K(1152K)->128K(1152K) Eden: 1024K(1024K)->0K(1024K) From: 0K(128K)->128K(128K)
[0.227s][info][gc,heap        ] GC(3) Tenured: 959K(1600K)->1375K(1600K)
[0.227s][info][gc,metaspace   ] GC(3) Metaspace: 6296K(6464K)->6296K(6464K) NonClass: 5763K(5824K)->5763K(5824K) Class: 533K(640K)->533K(640K)
[0.227s][info][gc             ] GC(3) Pause Young (Allocation Failure) 1M->1M(2M) 1.068ms
[0.227s][info][gc,cpu         ] GC(3) User=0.00s Sys=0.00s Real=0.00s
[0.228s][info][gc,start       ] GC(4) Pause Young (Allocation Failure)
[0.229s][info][gc             ] GC(4) Pause Young (Allocation Failure) 2M->1M(3M) 0.946ms
[0.229s][info][gc,cpu         ] GC(4) User=0.00s Sys=0.00s Real=0.00s
[0.229s][info][gc,start       ] GC(5) Pause Full (Allocation Failure)
[0.229s][info][gc,phases,start] GC(5) Phase 1: Mark live objects
[0.231s][info][gc,phases      ] GC(5) Phase 1: Mark live objects 1.230ms
[0.231s][info][gc,phases,start] GC(5) Phase 2: Compute new object addresses
[0.231s][info][gc,phases      ] GC(5) Phase 2: Compute new object addresses 0.294ms
[0.231s][info][gc,phases,start] GC(5) Phase 3: Adjust pointers
[0.232s][info][gc,phases      ] GC(5) Phase 3: Adjust pointers 0.500ms
[0.232s][info][gc,phases,start] GC(5) Phase 4: Move objects
[0.232s][info][gc,phases      ] GC(5) Phase 4: Move objects 0.068ms
[0.232s][info][gc,heap        ] GC(5) DefNew: 1152K(1152K)->35K(1536K) Eden: 1024K(1024K)->35K(1408K) From: 128K(128K)->0K(128K)
[0.232s][info][gc,heap        ] GC(5) Tenured: 1375K(1600K)->1983K(3308K)
[0.232s][info][gc,metaspace   ] GC(5) Metaspace: 6296K(6464K)->6296K(6464K) NonClass: 5763K(5824K)->5763K(5824K) Class: 533K(640K)->533K(640K)
[0.232s][info][gc             ] GC(5) Pause Full (Allocation Failure) 1M->1M(4M) 2.349ms
[0.232s][info][gc,cpu         ] GC(5) User=0.00s Sys=0.00s Real=0.00s
[0.234s][info][gc,start       ] GC(6) Pause Young (Allocation Failure)
[0.235s][info][gc,heap        ] GC(6) DefNew: 1407K(1536K)->127K(1536K) Eden: 1407K(1408K)->0K(1408K) From: 0K(128K)->127K(128K)
[0.235s][info][gc,heap        ] GC(6) Tenured: 1983K(3308K)->2617K(3308K)
[0.235s][info][gc,metaspace   ] GC(6) Metaspace: 6296K(6464K)->6296K(6464K) NonClass: 5763K(5824K)->5763K(5824K) Class: 533K(640K)->533K(640K)
[0.235s][info][gc             ] GC(6) Pause Young (Allocation Failure) 3M->2M(4M) 1.555ms
[0.235s][info][gc,cpu         ] GC(6) User=0.00s Sys=0.00s Real=0.00s
[0.237s][info][gc,start       ] GC(7) Pause Young (Allocation Failure)
[0.238s][info][gc             ] GC(7) Pause Young (Allocation Failure) 4M->3M(4M) 1.300ms
[0.238s][info][gc,cpu         ] GC(7) User=0.00s Sys=0.00s Real=0.00s
[0.238s][info][gc,start       ] GC(8) Pause Full (Allocation Failure)
[0.238s][info][gc,phases,start] GC(8) Phase 1: Mark live objects
[0.240s][info][gc,phases      ] GC(8) Phase 1: Mark live objects 1.824ms
[0.240s][info][gc,phases,start] GC(8) Phase 2: Compute new object addresses
[0.241s][info][gc,phases      ] GC(8) Phase 2: Compute new object addresses 0.535ms
[0.241s][info][gc,phases,start] GC(8) Phase 3: Adjust pointers
[0.242s][info][gc,phases      ] GC(8) Phase 3: Adjust pointers 0.752ms
[0.242s][info][gc,phases,start] GC(8) Phase 4: Move objects
[0.242s][info][gc,phases      ] GC(8) Phase 4: Move objects 0.074ms
[0.242s][info][gc,heap        ] GC(8) DefNew: 1535K(1536K)->0K(2688K) Eden: 1408K(1408K)->0K(2432K) From: 127K(128K)->0K(256K)
[0.242s][info][gc,heap        ] GC(8) Tenured: 2617K(3308K)->3460K(5768K)
[0.242s][info][gc,metaspace   ] GC(8) Metaspace: 6296K(6464K)->6296K(6464K) NonClass: 5763K(5824K)->5763K(5824K) Class: 533K(640K)->533K(640K)
[0.242s][info][gc             ] GC(8) Pause Full (Allocation Failure) 3M->3M(8M) 3.416ms
[0.242s][info][gc,cpu         ] GC(8) User=0.00s Sys=0.00s Real=0.00s
[0.245s][info][gc,start       ] GC(9) Pause Young (Allocation Failure)
[0.248s][info][gc,heap        ] GC(9) DefNew: 2431K(2688K)->255K(2688K) Eden: 2431K(2432K)->0K(2432K) From: 0K(256K)->255K(256K)
[0.248s][info][gc,heap        ] GC(9) Tenured: 3460K(5768K)->4512K(5768K)
[0.248s][info][gc,metaspace   ] GC(9) Metaspace: 6296K(6464K)->6296K(6464K) NonClass: 5763K(5824K)->5763K(5824K) Class: 533K(640K)->533K(640K)
[0.248s][info][gc             ] GC(9) Pause Young (Allocation Failure) 5M->4M(8M) 2.503ms
[0.248s][info][gc,cpu         ] GC(9) User=0.00s Sys=0.00s Real=0.00s
[0.252s][info][gc,start       ] GC(10) Pause Young (Allocation Failure)
[0.255s][info][gc,heap        ] GC(10) DefNew: 2687K(2688K)->255K(2688K) Eden: 2432K(2432K)->0K(2432K) From: 255K(256K)->255K(256K)
[0.255s][info][gc,heap        ] GC(10) Tenured: 4512K(5768K)->5755K(5768K)
[0.255s][info][gc,metaspace   ] GC(10) Metaspace: 6296K(6464K)->6296K(6464K) NonClass: 5763K(5824K)->5763K(5824K) Class: 533K(640K)->533K(640K)
[0.255s][info][gc             ] GC(10) Pause Young (Allocation Failure) 7M->5M(8M) 3.347ms
[0.255s][info][gc,cpu         ] GC(10) User=0.00s Sys=0.00s Real=0.00s
[0.258s][info][gc,start       ] GC(11) Pause Young (Allocation Failure)
[0.261s][info][gc             ] GC(11) Pause Young (Allocation Failure) 8M->7M(9M) 3.131ms
[0.261s][info][gc,cpu         ] GC(11) User=0.00s Sys=0.00s Real=0.00s
[0.261s][info][gc,start       ] GC(12) Pause Full (Allocation Failure)
[0.261s][info][gc,phases,start] GC(12) Phase 1: Mark live objects
[0.266s][info][gc,phases      ] GC(12) Phase 1: Mark live objects 4.457ms
[0.266s][info][gc,phases,start] GC(12) Phase 2: Compute new object addresses
[0.267s][info][gc,phases      ] GC(12) Phase 2: Compute new object addresses 1.233ms
[0.267s][info][gc,phases,start] GC(12) Phase 3: Adjust pointers
[0.269s][info][gc,phases      ] GC(12) Phase 3: Adjust pointers 1.763ms
[0.269s][info][gc,phases,start] GC(12) Phase 4: Move objects
[0.270s][info][gc,phases      ] GC(12) Phase 4: Move objects 1.171ms
[0.270s][info][gc,heap        ] GC(12) DefNew: 2687K(2688K)->0K(5376K) Eden: 2432K(2432K)->0K(4800K) From: 255K(256K)->0K(576K)
[0.270s][info][gc,heap        ] GC(12) Tenured: 5755K(5768K)->7132K(11888K)
[0.270s][info][gc,metaspace   ] GC(12) Metaspace: 6296K(6464K)->6296K(6464K) NonClass: 5763K(5824K)->5763K(5824K) Class: 533K(640K)->533K(640K)
[0.270s][info][gc             ] GC(12) Pause Full (Allocation Failure) 7M->6M(16M) 9.165ms
[0.270s][info][gc,cpu         ] GC(12) User=0.00s Sys=0.00s Real=0.01s
[0.275s][info][gc,start       ] GC(13) Pause Young (Allocation Failure)
[0.280s][info][gc,heap        ] GC(13) DefNew: 4800K(5376K)->575K(5376K) Eden: 4800K(4800K)->0K(4800K) From: 0K(576K)->575K(576K)
[0.280s][info][gc,heap        ] GC(13) Tenured: 7132K(11888K)->9027K(11888K)
[0.280s][info][gc,metaspace   ] GC(13) Metaspace: 6296K(6464K)->6296K(6464K) NonClass: 5763K(5824K)->5763K(5824K) Class: 533K(640K)->533K(640K)
[0.280s][info][gc             ] GC(13) Pause Young (Allocation Failure) 11M->9M(16M) 5.032ms
[0.280s][info][gc,cpu         ] GC(13) User=0.00s Sys=0.00s Real=0.00s
[0.286s][info][gc,start       ] GC(14) Pause Young (Allocation Failure)
[0.291s][info][gc,heap        ] GC(14) DefNew: 5375K(5376K)->576K(5376K) Eden: 4800K(4800K)->0K(4800K) From: 575K(576K)->576K(576K)
[0.291s][info][gc,heap        ] GC(14) Tenured: 9027K(11888K)->11746K(11888K)
[0.291s][info][gc,metaspace   ] GC(14) Metaspace: 6296K(6464K)->6296K(6464K) NonClass: 5763K(5824K)->5763K(5824K) Class: 533K(640K)->533K(640K)
[0.291s][info][gc             ] GC(14) Pause Young (Allocation Failure) 14M->12M(16M) 5.650ms
[0.291s][info][gc,cpu         ] GC(14) User=0.00s Sys=0.00s Real=0.01s
[0.296s][info][gc,start       ] GC(15) Pause Young (Allocation Failure)
[0.302s][info][gc             ] GC(15) Pause Young (Allocation Failure) 16M->14M(19M) 5.461ms
[0.302s][info][gc,cpu         ] GC(15) User=0.00s Sys=0.00s Real=0.01s
[0.302s][info][gc,start       ] GC(16) Pause Full (Allocation Failure)
[0.302s][info][gc,phases,start] GC(16) Phase 1: Mark live objects
[0.309s][info][gc,phases      ] GC(16) Phase 1: Mark live objects 7.099ms
[0.309s][info][gc,phases,start] GC(16) Phase 2: Compute new object addresses
[0.311s][info][gc,phases      ] GC(16) Phase 2: Compute new object addresses 2.241ms
[0.311s][info][gc,phases,start] GC(16) Phase 3: Adjust pointers
[0.314s][info][gc,phases      ] GC(16) Phase 3: Adjust pointers 2.790ms
[0.314s][info][gc,phases,start] GC(16) Phase 4: Move objects
[0.314s][info][gc,phases      ] GC(16) Phase 4: Move objects 0.178ms
[0.314s][info][gc,heap        ] GC(16) DefNew: 5376K(5376K)->386K(10880K) Eden: 4800K(4800K)->386K(9728K) From: 576K(576K)->0K(1152K)
[0.314s][info][gc,heap        ] GC(16) Tenured: 11746K(11888K)->14384K(23976K)
[0.314s][info][gc,metaspace   ] GC(16) Metaspace: 6298K(6464K)->6298K(6464K) NonClass: 5765K(5824K)->5765K(5824K) Class: 533K(640K)->533K(640K)
[0.314s][info][gc             ] GC(16) Pause Full (Allocation Failure) 14M->14M(34M) 12.678ms
[0.314s][info][gc,cpu         ] GC(16) User=0.02s Sys=0.00s Real=0.01s
[0.321s][info][gc,start       ] GC(17) Pause Young (Allocation Failure)
[0.334s][info][gc,heap        ] GC(17) DefNew: 9728K(10880K)->1151K(10880K) Eden: 9728K(9728K)->0K(9728K) From: 0K(1152K)->1151K(1152K)
[0.334s][info][gc,heap        ] GC(17) Tenured: 14384K(23976K)->18415K(23976K)
[0.334s][info][gc,metaspace   ] GC(17) Metaspace: 6298K(6464K)->6298K(6464K) NonClass: 5765K(5824K)->5765K(5824K) Class: 533K(640K)->533K(640K)
[0.334s][info][gc             ] GC(17) Pause Young (Allocation Failure) 23M->19M(34M) 12.308ms
[0.334s][info][gc,cpu         ] GC(17) User=0.00s Sys=0.00s Real=0.01s
[0.342s][info][gc,start       ] GC(18) Pause Young (Allocation Failure)
[0.354s][info][gc,heap        ] GC(18) DefNew: 10879K(10880K)->1151K(10880K) Eden: 9728K(9728K)->0K(9728K) From: 1151K(1152K)->1151K(1152K)
[0.354s][info][gc,heap        ] GC(18) Tenured: 18415K(23976K)->23936K(23976K)
[0.354s][info][gc,metaspace   ] GC(18) Metaspace: 6298K(6464K)->6298K(6464K) NonClass: 5765K(5824K)->5765K(5824K) Class: 533K(640K)->533K(640K)
[0.354s][info][gc             ] GC(18) Pause Young (Allocation Failure) 28M->24M(34M) 12.117ms
[0.354s][info][gc,cpu         ] GC(18) User=0.00s Sys=0.00s Real=0.01s
[0.361s][info][gc,start       ] GC(19) Pause Young (Allocation Failure)
[0.372s][info][gc             ] GC(19) Pause Young (Allocation Failure) 34M->29M(38M) 11.139ms
[0.372s][info][gc,cpu         ] GC(19) User=0.00s Sys=0.00s Real=0.01s
[0.372s][info][gc,start       ] GC(20) Pause Full (Allocation Failure)
[0.372s][info][gc,phases,start] GC(20) Phase 1: Mark live objects
[0.386s][info][gc,phases      ] GC(20) Phase 1: Mark live objects 13.485ms
[0.386s][info][gc,phases,start] GC(20) Phase 2: Compute new object addresses
[0.390s][info][gc,phases      ] GC(20) Phase 2: Compute new object addresses 4.462ms
[0.390s][info][gc,phases,start] GC(20) Phase 3: Adjust pointers
[0.396s][info][gc,phases      ] GC(20) Phase 3: Adjust pointers 5.255ms
[0.396s][info][gc,phases,start] GC(20) Phase 4: Move objects
[0.396s][info][gc,phases      ] GC(20) Phase 4: Move objects 0.169ms
[0.396s][info][gc,heap        ] GC(20) DefNew: 10879K(10880K)->1080K(21888K) Eden: 9728K(9728K)->1080K(19520K) From: 1151K(1152K)->0K(2368K)
[0.396s][info][gc,heap        ] GC(20) Tenured: 23936K(23976K)->29036K(48396K)
[0.396s][info][gc,metaspace   ] GC(20) Metaspace: 6298K(6464K)->6298K(6464K) NonClass: 5765K(5824K)->5765K(5824K) Class: 533K(640K)->533K(640K)
[0.396s][info][gc             ] GC(20) Pause Full (Allocation Failure) 29M->29M(68M) 23.769ms
[0.396s][info][gc,cpu         ] GC(20) User=0.03s Sys=0.00s Real=0.02s
[0.413s][info][gc,start       ] GC(21) Pause Young (Allocation Failure)
[0.440s][info][gc,heap        ] GC(21) DefNew: 19520K(21888K)->2368K(21888K) Eden: 19520K(19520K)->0K(19520K) From: 0K(2368K)->2368K(2368K)
[0.441s][info][gc,heap        ] GC(21) Tenured: 29036K(48396K)->39362K(48396K)
[0.441s][info][gc,metaspace   ] GC(21) Metaspace: 6298K(6464K)->6298K(6464K) NonClass: 5765K(5824K)->5765K(5824K) Class: 533K(640K)->533K(640K)
[0.441s][info][gc             ] GC(21) Pause Young (Allocation Failure) 47M->40M(68M) 27.810ms
[0.441s][info][gc,cpu         ] GC(21) User=0.00s Sys=0.02s Real=0.03s
[0.459s][info][gc,start       ] GC(22) Pause Young (Allocation Failure)
[0.494s][info][gc             ] GC(22) Pause Young (Allocation Failure) 59M->59M(78M) 35.483ms
[0.495s][info][gc,cpu         ] GC(22) User=0.03s Sys=0.00s Real=0.04s
[0.495s][info][gc,start       ] GC(23) Pause Full (Allocation Failure)
[0.495s][info][gc,phases,start] GC(23) Phase 1: Mark live objects
[0.519s][info][gc,phases      ] GC(23) Phase 1: Mark live objects 24.428ms
[0.519s][info][gc,phases,start] GC(23) Phase 2: Compute new object addresses
[0.531s][info][gc,phases      ] GC(23) Phase 2: Compute new object addresses 11.977ms
[0.531s][info][gc,phases,start] GC(23) Phase 3: Adjust pointers
[0.542s][info][gc,phases      ] GC(23) Phase 3: Adjust pointers 10.631ms
[0.542s][info][gc,phases,start] GC(23) Phase 4: Move objects
[0.542s][info][gc,phases      ] GC(23) Phase 4: Move objects 0.394ms
[0.543s][info][gc,heap        ] GC(23) DefNew: 21888K(21888K)->2263K(44288K) Eden: 19520K(19520K)->2263K(39424K) From: 2368K(2368K)->0K(4864K)
[0.543s][info][gc,heap        ] GC(23) Tenured: 39362K(48396K)->58956K(98260K)
[0.543s][info][gc,metaspace   ] GC(23) Metaspace: 6298K(6464K)->6298K(6464K) NonClass: 5765K(5824K)->5765K(5824K) Class: 533K(640K)->533K(640K)
[0.543s][info][gc             ] GC(23) Pause Full (Allocation Failure) 59M->59M(139M) 48.123ms
[0.543s][info][gc,cpu         ] GC(23) User=0.03s Sys=0.00s Real=0.05s
[0.582s][info][gc,start       ] GC(24) Pause Young (Allocation Failure)
[0.645s][info][gc,heap        ] GC(24) DefNew: 39424K(44288K)->4863K(44288K) Eden: 39424K(39424K)->0K(39424K) From: 0K(4864K)->4863K(4864K)
[0.645s][info][gc,heap        ] GC(24) Tenured: 58956K(98260K)->93487K(98260K)
[0.645s][info][gc,metaspace   ] GC(24) Metaspace: 6298K(6464K)->6298K(6464K) NonClass: 5765K(5824K)->5765K(5824K) Class: 533K(640K)->533K(640K)
[0.645s][info][gc             ] GC(24) Pause Young (Allocation Failure) 96M->96M(139M) 62.788ms
[0.645s][info][gc,cpu         ] GC(24) User=0.05s Sys=0.02s Real=0.06s
[0.677s][info][gc,start       ] GC(25) Pause Young (Allocation Failure)
[0.746s][info][gc             ] GC(25) Pause Young (Allocation Failure) 134M->134M(173M) 69.887ms
[0.746s][info][gc,cpu         ] GC(25) User=0.06s Sys=0.02s Real=0.07s
[0.746s][info][gc,start       ] GC(26) Pause Full (Allocation Failure)
[0.747s][info][gc,phases,start] GC(26) Phase 1: Mark live objects
[0.802s][info][gc,phases      ] GC(26) Phase 1: Mark live objects 55.262ms
[0.802s][info][gc,phases,start] GC(26) Phase 2: Compute new object addresses
[0.823s][info][gc,phases      ] GC(26) Phase 2: Compute new object addresses 21.212ms
[0.823s][info][gc,phases,start] GC(26) Phase 3: Adjust pointers
[0.850s][info][gc,phases      ] GC(26) Phase 3: Adjust pointers 27.330ms
[0.851s][info][gc,phases,start] GC(26) Phase 4: Move objects
[0.876s][info][gc,phases      ] GC(26) Phase 4: Move objects 25.949ms
[0.877s][info][gc,heap        ] GC(26) DefNew: 44287K(44288K)->1017K(99712K) Eden: 39424K(39424K)->1017K(88640K) From: 4863K(4864K)->0K(11072K)
[0.877s][info][gc,heap        ] GC(26) Tenured: 93487K(98260K)->132887K(221480K)
[0.877s][info][gc,metaspace   ] GC(26) Metaspace: 6298K(6464K)->6298K(6464K) NonClass: 5765K(5824K)->5765K(5824K) Class: 533K(640K)->533K(640K)
[0.877s][info][gc             ] GC(26) Pause Full (Allocation Failure) 134M->130M(313M) 130.566ms
[0.877s][info][gc,cpu         ] GC(26) User=0.12s Sys=0.00s Real=0.13s
[0.966s][info][gc,start       ] GC(27) Pause Young (Allocation Failure)
[1.112s][info][gc,heap        ] GC(27) DefNew: 88640K(99712K)->11071K(99712K) Eden: 88640K(88640K)->0K(88640K) From: 0K(11072K)->11071K(11072K)
[1.112s][info][gc,heap        ] GC(27) Tenured: 132887K(221480K)->210426K(221480K)
[1.112s][info][gc,metaspace   ] GC(27) Metaspace: 6298K(6464K)->6298K(6464K) NonClass: 5765K(5824K)->5765K(5824K) Class: 533K(640K)->533K(640K)
[1.112s][info][gc             ] GC(27) Pause Young (Allocation Failure) 216M->216M(313M) 146.240ms
[1.112s][info][gc,cpu         ] GC(27) User=0.11s Sys=0.02s Real=0.15s
[1.190s][info][gc,start       ] GC(28) Pause Young (Allocation Failure)
[1.354s][info][gc             ] GC(28) Pause Young (Allocation Failure) 302M->302M(389M) 163.554ms
[1.354s][info][gc,cpu         ] GC(28) User=0.14s Sys=0.03s Real=0.16s
[1.354s][info][gc,start       ] GC(29) Pause Full (Allocation Failure)
[1.354s][info][gc,phases,start] GC(29) Phase 1: Mark live objects
[1.487s][info][gc,phases      ] GC(29) Phase 1: Mark live objects 133.481ms
[1.487s][info][gc,phases,start] GC(29) Phase 2: Compute new object addresses
[1.535s][info][gc,phases      ] GC(29) Phase 2: Compute new object addresses 47.919ms
[1.535s][info][gc,phases,start] GC(29) Phase 3: Adjust pointers
[1.591s][info][gc,phases      ] GC(29) Phase 3: Adjust pointers 55.726ms
[1.591s][info][gc,phases,start] GC(29) Phase 4: Move objects
[1.593s][info][gc,phases      ] GC(29) Phase 4: Move objects 2.208ms
[1.594s][info][gc,heap        ] GC(29) DefNew: 99711K(99712K)->10930K(224448K) Eden: 88640K(88640K)->10930K(199552K) From: 11071K(11072K)->0K(24896K)
[1.594s][info][gc,heap        ] GC(29) Tenured: 210426K(221480K)->299179K(498636K)
[1.594s][info][gc,metaspace   ] GC(29) Metaspace: 6298K(6464K)->6298K(6464K) NonClass: 5765K(5824K)->5765K(5824K) Class: 533K(640K)->533K(640K)
[1.594s][info][gc             ] GC(29) Pause Full (Allocation Failure) 302M->302M(706M) 240.617ms
[1.595s][info][gc,cpu         ] GC(29) User=0.22s Sys=0.02s Real=0.24s
[1.796s][info][gc,start       ] GC(30) Pause Young (Allocation Failure)
[2.125s][info][gc,heap        ] GC(30) DefNew: 199552K(224448K)->24895K(224448K) Eden: 199552K(199552K)->0K(199552K) From: 0K(24896K)->24895K(24896K)
[2.125s][info][gc,heap        ] GC(30) Tenured: 299179K(498636K)->473808K(498636K)
[2.125s][info][gc,metaspace   ] GC(30) Metaspace: 6298K(6464K)->6298K(6464K) NonClass: 5765K(5824K)->5765K(5824K) Class: 533K(640K)->533K(640K)
[2.125s][info][gc             ] GC(30) Pause Young (Allocation Failure) 487M->487M(706M) 329.418ms
[2.125s][info][gc,cpu         ] GC(30) User=0.23s Sys=0.09s Real=0.33s
[2.305s][info][gc,start       ] GC(31) Pause Young (Allocation Failure)
[2.680s][info][gc             ] GC(31) Pause Young (Allocation Failure) 681M->681M(876M) 374.829ms
[2.680s][info][gc,cpu         ] GC(31) User=0.27s Sys=0.09s Real=0.38s
[2.680s][info][gc,start       ] GC(32) Pause Full (Allocation Failure)
[2.680s][info][gc,phases,start] GC(32) Phase 1: Mark live objects
[2.983s][info][gc,phases      ] GC(32) Phase 1: Mark live objects 302.823ms
[2.983s][info][gc,phases,start] GC(32) Phase 2: Compute new object addresses
[3.087s][info][gc,phases      ] GC(32) Phase 2: Compute new object addresses 104.361ms
[3.087s][info][gc,phases,start] GC(32) Phase 3: Adjust pointers
[3.203s][info][gc,phases      ] GC(32) Phase 3: Adjust pointers 115.501ms
[3.203s][info][gc,phases,start] GC(32) Phase 4: Move objects
[3.208s][info][gc,phases      ] GC(32) Phase 4: Move objects 5.515ms
[3.210s][info][gc,heap        ] GC(32) DefNew: 224447K(224448K)->24798K(505152K) Eden: 199552K(199552K)->24798K(449088K) From: 24895K(24896K)->0K(56064K)
[3.210s][info][gc,heap        ] GC(32) Tenured: 473808K(498636K)->673424K(1122376K)
[3.210s][info][gc,metaspace   ] GC(32) Metaspace: 6298K(6464K)->6298K(6464K) NonClass: 5765K(5824K)->5765K(5824K) Class: 533K(640K)->533K(640K)
[3.210s][info][gc             ] GC(32) Pause Full (Allocation Failure) 681M->681M(1589M) 530.438ms
[3.210s][info][gc,cpu         ] GC(32) User=0.53s Sys=0.00s Real=0.53s
[3.682s][info][gc,start       ] GC(33) Pause Young (Allocation Failure)
[4.455s][info][gc,heap        ] GC(33) DefNew: 449088K(505152K)->56063K(505152K) Eden: 449088K(449088K)->0K(449088K) From: 0K(56064K)->56063K(56064K)
[4.455s][info][gc,heap        ] GC(33) Tenured: 673424K(1122376K)->1066420K(1122376K)
[4.455s][info][gc,metaspace   ] GC(33) Metaspace: 6298K(6464K)->6298K(6464K) NonClass: 5765K(5824K)->5765K(5824K) Class: 533K(640K)->533K(640K)
[4.455s][info][gc             ] GC(33) Pause Young (Allocation Failure) 1096M->1096M(1589M) 773.299ms
[4.455s][info][gc,cpu         ] GC(33) User=0.72s Sys=0.03s Real=0.77s
[4.912s][info][gc,start       ] GC(34) Pause Young (Allocation Failure)
[5.651s][info][gc             ] GC(34) Pause Young (Allocation Failure) 1534M->1484M(1923M) 739.465ms
[5.651s][info][gc,cpu         ] GC(34) User=0.56s Sys=0.12s Real=0.74s
[5.651s][info][gc,start       ] GC(35) Pause Full (Allocation Failure)
[5.651s][info][gc,phases,start] GC(35) Phase 1: Mark live objects
[6.305s][info][gc,phases      ] GC(35) Phase 1: Mark live objects 653.728ms
[6.305s][info][gc,phases,start] GC(35) Phase 2: Compute new object addresses
[6.554s][info][gc,phases      ] GC(35) Phase 2: Compute new object addresses 249.291ms
[6.554s][info][gc,phases,start] GC(35) Phase 3: Adjust pointers
[6.839s][info][gc,phases      ] GC(35) Phase 3: Adjust pointers 284.790ms
[6.839s][info][gc,phases,start] GC(35) Phase 4: Move objects
[6.850s][info][gc,phases      ] GC(35) Phase 4: Move objects 11.131ms
[6.854s][info][gc,heap        ] GC(35) DefNew: 505151K(505152K)->55883K(1098496K) Eden: 449088K(449088K)->55883K(976448K) From: 56063K(56064K)->0K(122048K)
[6.854s][info][gc,heap        ] GC(35) Tenured: 1066420K(1122376K)->1464587K(2440980K)
[6.854s][info][gc,metaspace   ] GC(35) Metaspace: 6298K(6464K)->6298K(6464K) NonClass: 5765K(5824K)->5765K(5824K) Class: 533K(640K)->533K(640K)
[6.854s][info][gc             ] GC(35) Pause Full (Allocation Failure) 1484M->1484M(3456M) 1203.389ms
[6.854s][info][gc,cpu         ] GC(35) User=1.19s Sys=0.00s Real=1.20s
[7.833s][info][gc,start       ] GC(36) Pause Young (Allocation Failure)
[9.625s][info][gc,heap        ] GC(36) DefNew: 976448K(1098496K)->122048K(1098496K) Eden: 976448K(976448K)->0K(976448K) From: 0K(122048K)->122048K(122048K)
[9.625s][info][gc,heap        ] GC(36) Tenured: 1464587K(2440980K)->2318958K(2440980K)
[9.625s][info][gc,metaspace   ] GC(36) Metaspace: 6298K(6464K)->6298K(6464K) NonClass: 5765K(5824K)->5765K(5824K) Class: 533K(640K)->533K(640K)
[9.625s][info][gc             ] GC(36) Pause Young (Allocation Failure) 2383M->2383M(3456M) 1792.112ms
[9.625s][info][gc,cpu         ] GC(36) User=1.52s Sys=0.27s Real=1.79s
[10.587s][info][gc,start       ] GC(37) Pause Young (Allocation Failure)
[12.286s][info][gc             ] GC(37) Pause Young (Allocation Failure) 3337M->3337M(4291M) 1698.892ms
[12.286s][info][gc,cpu         ] GC(37) User=1.41s Sys=0.27s Real=1.70s
[12.286s][info][gc,start       ] GC(38) Pause Full (Allocation Failure)
[12.286s][info][gc,phases,start] GC(38) Phase 1: Mark live objects
[13.916s][info][gc,phases      ] GC(38) Phase 1: Mark live objects 1629.976ms
[13.916s][info][gc,phases,start] GC(38) Phase 2: Compute new object addresses
[14.460s][info][gc,phases      ] GC(38) Phase 2: Compute new object addresses 543.994ms
[14.460s][info][gc,phases,start] GC(38) Phase 3: Adjust pointers
[15.131s][info][gc,phases      ] GC(38) Phase 3: Adjust pointers 670.678ms
[15.131s][info][gc,phases,start] GC(38) Phase 4: Move objects
[15.751s][info][gc,phases      ] GC(38) Phase 4: Move objects 619.935ms
[15.760s][info][gc,heap        ] GC(38) DefNew: 1098496K(1098496K)->27707K(2471680K) Eden: 976448K(976448K)->27707K(2197056K) From: 122048K(122048K)->0K(274624K)
[15.760s][info][gc,heap        ] GC(38) Tenured: 2318958K(2440980K)->3295511K(5492520K)
[15.760s][info][gc,metaspace   ] GC(38) Metaspace: 6298K(6464K)->6298K(6464K) NonClass: 5765K(5824K)->5765K(5824K) Class: 533K(640K)->533K(640K)
[15.760s][info][gc             ] GC(38) Pause Full (Allocation Failure) 3337M->3245M(7777M) 3474.197ms
[15.760s][info][gc,cpu         ] GC(38) User=3.39s Sys=0.00s Real=3.47s
[17.988s][info][gc,start       ] GC(39) Pause Young (Allocation Failure)
[21.784s][info][gc,heap        ] GC(39) DefNew: 2197056K(2471680K)->274624K(2471680K) Eden: 2197056K(2197056K)->0K(2197056K) From: 0K(274624K)->274624K(274624K)
[21.784s][info][gc,heap        ] GC(39) Tenured: 3295511K(5492520K)->5217911K(5492520K)
[21.784s][info][gc,metaspace   ] GC(39) Metaspace: 6298K(6464K)->6298K(6464K) NonClass: 5765K(5824K)->5765K(5824K) Class: 533K(640K)->533K(640K)
[21.784s][info][gc             ] GC(39) Pause Young (Allocation Failure) 5363M->5363M(7777M) 3796.493ms
[21.784s][info][gc,cpu         ] GC(39) User=3.14s Sys=0.56s Real=3.80s
[23.838s][info][gc,start       ] GC(40) Pause Young (Allocation Failure)
[27.614s][info][gc             ] GC(40) Pause Young (Allocation Failure) 7509M->7509M(9655M) 3775.184ms
[27.614s][info][gc,cpu         ] GC(40) User=3.12s Sys=0.62s Real=3.78s
[27.614s][info][gc,start       ] GC(41) Pause Full (Allocation Failure)
[27.614s][info][gc,phases,start] GC(41) Phase 1: Mark live objects
[31.115s][info][gc,phases      ] GC(41) Phase 1: Mark live objects 3501.056ms
[31.115s][info][gc,phases,start] GC(41) Phase 2: Compute new object addresses
[32.249s][info][gc,phases      ] GC(41) Phase 2: Compute new object addresses 1134.638ms
[32.250s][info][gc,phases,start] GC(41) Phase 3: Adjust pointers
[33.560s][info][gc,phases      ] GC(41) Phase 3: Adjust pointers 1310.601ms
[33.560s][info][gc,phases,start] GC(41) Phase 4: Move objects
[33.618s][info][gc,phases      ] GC(41) Phase 4: Move objects 58.179ms
[33.721s][info][gc,heap        ] GC(41) DefNew: 2471680K(2471680K)->274477K(4147200K) Eden: 2197056K(2197056K)->274477K(3686400K) From: 274624K(274624K)->0K(460800K)
[33.721s][info][gc,heap        ] GC(41) Tenured: 5217911K(5492520K)->7415083K(9216000K)
[33.722s][info][gc,metaspace   ] GC(41) Metaspace: 6298K(6464K)->6298K(6464K) NonClass: 5765K(5824K)->5765K(5824K) Class: 533K(640K)->533K(640K)
[33.722s][info][gc             ] GC(41) Pause Full (Allocation Failure) 7509M->7509M(13050M) 6107.866ms
[33.722s][info][gc,cpu         ] GC(41) User=5.92s Sys=0.00s Real=6.11s
[36.994s][info][gc,start       ] GC(42) Pause Young (Allocation Failure)
[36.995s][info][gc             ] GC(42) Pause Young (Allocation Failure) 10841M->10841M(13050M) 0.155ms
[36.995s][info][gc,cpu         ] GC(42) User=0.00s Sys=0.00s Real=0.00s
[36.995s][info][gc,start       ] GC(43) Pause Full (Allocation Failure)
[36.995s][info][gc,phases,start] GC(43) Phase 1: Mark live objects
[42.086s][info][gc,phases      ] GC(43) Phase 1: Mark live objects 5091.793ms
[42.087s][info][gc,phases,start] GC(43) Phase 2: Compute new object addresses
[43.860s][info][gc,phases      ] GC(43) Phase 2: Compute new object addresses 1773.175ms
[43.860s][info][gc,phases,start] GC(43) Phase 3: Adjust pointers
[46.183s][info][gc,phases      ] GC(43) Phase 3: Adjust pointers 2322.957ms
[46.183s][info][gc,phases,start] GC(43) Phase 4: Move objects
[47.389s][info][gc,phases      ] GC(43) Phase 4: Move objects 1206.264ms
[47.390s][info][gc,heap        ] GC(43) DefNew: 3686400K(4147200K)->1885457K(4147200K) Eden: 3686400K(3686400K)->1885457K(3686400K) From: 0K(460800K)->0K(460800K)
[47.390s][info][gc,heap        ] GC(43) Tenured: 7415083K(9216000K)->9215999K(9216000K)
[47.390s][info][gc,metaspace   ] GC(43) Metaspace: 6298K(6464K)->6298K(6464K) NonClass: 5765K(5824K)->5765K(5824K) Class: 533K(640K)->533K(640K)
[47.390s][info][gc             ] GC(43) Pause Full (Allocation Failure) 10841M->10841M(13050M) 10395.591ms
[47.390s][info][gc,cpu         ] GC(43) User=9.81s Sys=0.50s Real=10.40s
[52.727s][info][gc,start       ] GC(44) Pause Full (Allocation Failure)
[52.727s][info][gc,phases,start] GC(44) Phase 1: Mark live objects
[63.351s][info][gc,phases      ] GC(44) Phase 1: Mark live objects 10624.717ms
[63.352s][info][gc,phases,start] GC(44) Phase 2: Compute new object addresses
[65.079s][info][gc,phases      ] GC(44) Phase 2: Compute new object addresses 1727.701ms
[65.079s][info][gc,phases,start] GC(44) Phase 3: Adjust pointers
[67.505s][info][gc,phases      ] GC(44) Phase 3: Adjust pointers 2425.285ms
[67.505s][info][gc,phases,start] GC(44) Phase 4: Move objects
[67.811s][info][gc,phases      ] GC(44) Phase 4: Move objects 306.606ms
[67.813s][info][gc,heap        ] GC(44) DefNew: 4147200K(4147200K)->4147189K(4147200K) Eden: 3686400K(3686400K)->3686399K(3686400K) From: 460800K(460800K)->460789K(460800K)
[67.813s][info][gc,heap        ] GC(44) Tenured: 9215999K(9216000K)->9215999K(9216000K)
[67.813s][info][gc,metaspace   ] GC(44) Metaspace: 6298K(6464K)->6298K(6464K) NonClass: 5765K(5824K)->5765K(5824K) Class: 533K(640K)->533K(640K)
[67.813s][info][gc             ] GC(44) Pause Full (Allocation Failure) 13049M->13049M(13050M) 15086.524ms
[67.813s][info][gc,cpu         ] GC(44) User=9.30s Sys=3.56s Real=15.09s
[67.814s][info][gc,start       ] GC(45) Pause Full (Allocation Failure)
[67.814s][info][gc,phases,start] GC(45) Phase 1: Mark live objects
[73.492s][info][gc,phases      ] GC(45) Phase 1: Mark live objects 5678.089ms
[73.492s][info][gc,phases,start] GC(45) Phase 2: Compute new object addresses
[75.211s][info][gc,phases      ] GC(45) Phase 2: Compute new object addresses 1718.380ms
[75.211s][info][gc,phases,start] GC(45) Phase 3: Adjust pointers
[78.008s][info][gc,phases      ] GC(45) Phase 3: Adjust pointers 2797.155ms
[78.008s][info][gc,phases,start] GC(45) Phase 4: Move objects
[82.516s][info][gc,phases      ] GC(45) Phase 4: Move objects 4508.400ms
[82.517s][info][gc,heap        ] GC(45) DefNew: 4147199K(4147200K)->3753984K(4147200K) Eden: 3686399K(3686400K)->3686399K(3686400K) From: 460800K(460800K)->67584K(460800K)
[82.517s][info][gc,heap        ] GC(45) Tenured: 9215999K(9216000K)->9215999K(9216000K)
[82.517s][info][gc,metaspace   ] GC(45) Metaspace: 6298K(6464K)->6298K(6464K) NonClass: 5765K(5824K)->5765K(5824K) Class: 533K(640K)->533K(640K)
[82.517s][info][gc             ] GC(45) Pause Full (Allocation Failure) 13049M->12665M(13050M) 14703.172ms
[82.517s][info][gc,cpu         ] GC(45) User=12.09s Sys=2.47s Real=14.70s
[83.595s][info][gc,start       ] GC(46) Pause Full (Allocation Failure)
[83.595s][info][gc,phases,start] GC(46) Phase 1: Mark live objects
[89.518s][info][gc,phases      ] GC(46) Phase 1: Mark live objects 5922.593ms
[89.518s][info][gc,phases,start] GC(46) Phase 2: Compute new object addresses
[91.384s][info][gc,phases      ] GC(46) Phase 2: Compute new object addresses 1866.571ms
[91.384s][info][gc,phases,start] GC(46) Phase 3: Adjust pointers
[93.860s][info][gc,phases      ] GC(46) Phase 3: Adjust pointers 2475.460ms
[93.860s][info][gc,phases,start] GC(46) Phase 4: Move objects
[93.860s][info][gc,phases      ] GC(46) Phase 4: Move objects 0.017ms
[93.861s][info][gc,heap        ] GC(46) DefNew: 4147199K(4147200K)->4147199K(4147200K) Eden: 3686399K(3686400K)->3686399K(3686400K) From: 460800K(460800K)->460800K(460800K)
[93.861s][info][gc,heap        ] GC(46) Tenured: 9215999K(9216000K)->9215999K(9216000K)
[93.861s][info][gc,metaspace   ] GC(46) Metaspace: 6298K(6464K)->6298K(6464K) NonClass: 5765K(5824K)->5765K(5824K) Class: 533K(640K)->533K(640K)
[93.861s][info][gc             ] GC(46) Pause Full (Allocation Failure) 13049M->13049M(13050M) 10265.766ms
[93.861s][info][gc,cpu         ] GC(46) User=10.02s Sys=0.00s Real=10.27s
[93.861s][info][gc,start       ] GC(47) Pause Full (Allocation Failure)
[93.861s][info][gc,phases,start] GC(47) Phase 1: Mark live objects
[99.839s][info][gc,phases      ] GC(47) Phase 1: Mark live objects 5978.094ms
[99.839s][info][gc,phases,start] GC(47) Phase 2: Compute new object addresses
[101.621s][info][gc,phases      ] GC(47) Phase 2: Compute new object addresses 1782.505ms
[101.622s][info][gc,phases,start] GC(47) Phase 3: Adjust pointers
[104.541s][info][gc,phases      ] GC(47) Phase 3: Adjust pointers 2919.110ms
[104.541s][info][gc,phases,start] GC(47) Phase 4: Move objects
[106.712s][info][gc,phases      ] GC(47) Phase 4: Move objects 2170.824ms
[106.713s][info][gc,heap        ] GC(47) DefNew: 4147199K(4147200K)->4147195K(4147200K) Eden: 3686399K(3686400K)->3686399K(3686400K) From: 460800K(460800K)->460795K(460800K)
[106.713s][info][gc,heap        ] GC(47) Tenured: 9215999K(9216000K)->9215999K(9216000K)
[106.713s][info][gc,metaspace   ] GC(47) Metaspace: 6298K(6464K)->6296K(6464K) NonClass: 5765K(5824K)->5764K(5824K) Class: 533K(640K)->532K(640K)
[106.713s][info][gc             ] GC(47) Pause Full (Allocation Failure) 13049M->13049M(13050M) 12852.113ms
[106.713s][info][gc,cpu         ] GC(47) User=12.78s Sys=0.02s Real=12.85s
[106.722s][info][gc,start       ] GC(48) Pause Full (Allocation Failure)
[106.722s][info][gc,phases,start] GC(48) Phase 1: Mark live objects
[112.595s][info][gc,phases      ] GC(48) Phase 1: Mark live objects 5873.124ms
[112.595s][info][gc,phases,start] GC(48) Phase 2: Compute new object addresses
[114.358s][info][gc,phases      ] GC(48) Phase 2: Compute new object addresses 1762.997ms
[114.358s][info][gc,phases,start] GC(48) Phase 3: Adjust pointers
[116.780s][info][gc,phases      ] GC(48) Phase 3: Adjust pointers 2421.390ms
[116.780s][info][gc,phases,start] GC(48) Phase 4: Move objects
[116.780s][info][gc,phases      ] GC(48) Phase 4: Move objects 0.016ms
[116.780s][info][gc,heap        ] GC(48) DefNew: 4147199K(4147200K)->4147199K(4147200K) Eden: 3686399K(3686400K)->3686399K(3686400K) From: 460800K(460800K)->460800K(460800K)
[116.780s][info][gc,heap        ] GC(48) Tenured: 9215999K(9216000K)->9215999K(9216000K)
[116.780s][info][gc,metaspace   ] GC(48) Metaspace: 6296K(6464K)->6296K(6464K) NonClass: 5764K(5824K)->5764K(5824K) Class: 532K(640K)->532K(640K)
[116.780s][info][gc             ] GC(48) Pause Full (Allocation Failure) 13049M->13049M(13050M) 10058.570ms
[116.780s][info][gc,cpu         ] GC(48) User=10.05s Sys=0.00s Real=10.06s
[116.780s][info][gc,start       ] GC(49) Pause Full (Allocation Failure)
[116.780s][info][gc,phases,start] GC(49) Phase 1: Mark live objects
[122.677s][info][gc,phases      ] GC(49) Phase 1: Mark live objects 5896.217ms
[122.677s][info][gc,phases,start] GC(49) Phase 2: Compute new object addresses
[124.442s][info][gc,phases      ] GC(49) Phase 2: Compute new object addresses 1765.823ms
[124.443s][info][gc,phases,start] GC(49) Phase 3: Adjust pointers
[126.851s][info][gc,phases      ] GC(49) Phase 3: Adjust pointers 2408.448ms
[126.851s][info][gc,phases,start] GC(49) Phase 4: Move objects
[126.851s][info][gc,phases      ] GC(49) Phase 4: Move objects 0.016ms
[126.852s][info][gc,heap        ] GC(49) DefNew: 4147199K(4147200K)->4147199K(4147200K) Eden: 3686399K(3686400K)->3686399K(3686400K) From: 460800K(460800K)->460800K(460800K)
[126.852s][info][gc,heap        ] GC(49) Tenured: 9215999K(9216000K)->9215999K(9216000K)
[126.852s][info][gc,metaspace   ] GC(49) Metaspace: 6296K(6464K)->6296K(6464K) NonClass: 5764K(5824K)->5764K(5824K) Class: 532K(640K)->532K(640K)
[126.852s][info][gc             ] GC(49) Pause Full (Allocation Failure) 13049M->13049M(13050M) 10071.435ms
[126.852s][info][gc,cpu         ] GC(49) User=9.89s Sys=0.02s Real=10.07s
[126.854s][info][gc,start       ] GC(50) Pause Full (Allocation Failure)
[126.854s][info][gc,phases,start] GC(50) Phase 1: Mark live objects
[132.752s][info][gc,phases      ] GC(50) Phase 1: Mark live objects 5898.342ms
[132.753s][info][gc,phases,start] GC(50) Phase 2: Compute new object addresses
[134.516s][info][gc,phases      ] GC(50) Phase 2: Compute new object addresses 1763.446ms
[134.516s][info][gc,phases,start] GC(50) Phase 3: Adjust pointers
[136.951s][info][gc,phases      ] GC(50) Phase 3: Adjust pointers 2434.489ms
[136.951s][info][gc,phases,start] GC(50) Phase 4: Move objects
[136.951s][info][gc,phases      ] GC(50) Phase 4: Move objects 0.017ms
[136.951s][info][gc,heap        ] GC(50) DefNew: 4147200K(4147200K)->4147200K(4147200K) Eden: 3686400K(3686400K)->3686400K(3686400K) From: 460800K(460800K)->460800K(460800K)
[136.951s][info][gc,heap        ] GC(50) Tenured: 9215999K(9216000K)->9215999K(9216000K)
[136.951s][info][gc,metaspace   ] GC(50) Metaspace: 6296K(6464K)->6296K(6464K) NonClass: 5764K(5824K)->5764K(5824K) Class: 532K(640K)->532K(640K)
[136.951s][info][gc             ] GC(50) Pause Full (Allocation Failure) 13049M->13049M(13050M) 10097.332ms
[136.951s][info][gc,cpu         ] GC(50) User=10.02s Sys=0.00s Real=10.10s
[136.951s][info][gc,start       ] GC(51) Pause Full (Allocation Failure)
[136.951s][info][gc,phases,start] GC(51) Phase 1: Mark live objects
[142.837s][info][gc,phases      ] GC(51) Phase 1: Mark live objects 5885.787ms
[142.837s][info][gc,phases,start] GC(51) Phase 2: Compute new object addresses
[144.607s][info][gc,phases      ] GC(51) Phase 2: Compute new object addresses 1769.674ms
[144.607s][info][gc,phases,start] GC(51) Phase 3: Adjust pointers
[147.530s][info][gc,phases      ] GC(51) Phase 3: Adjust pointers 2923.388ms
[147.531s][info][gc,phases,start] GC(51) Phase 4: Move objects
[149.664s][info][gc,phases      ] GC(51) Phase 4: Move objects 2133.383ms
[149.665s][info][gc,heap        ] GC(51) DefNew: 4147200K(4147200K)->4147198K(4147200K) Eden: 3686400K(3686400K)->3686400K(3686400K) From: 460800K(460800K)->460798K(460800K)
[149.665s][info][gc,heap        ] GC(51) Tenured: 9215999K(9216000K)->9215999K(9216000K)
[149.665s][info][gc,metaspace   ] GC(51) Metaspace: 6296K(6464K)->6296K(6464K) NonClass: 5764K(5824K)->5764K(5824K) Class: 532K(640K)->532K(640K)
[149.665s][info][gc             ] GC(51) Pause Full (Allocation Failure) 13049M->13049M(13050M) 12713.296ms
[149.665s][info][gc,cpu         ] GC(51) User=12.66s Sys=0.00s Real=12.71s
[149.669s][info][gc,start       ] GC(52) Pause Full (Allocation Failure)
[149.669s][info][gc,phases,start] GC(52) Phase 1: Mark live objects
[155.553s][info][gc,phases      ] GC(52) Phase 1: Mark live objects 5884.730ms
[155.553s][info][gc,phases,start] GC(52) Phase 2: Compute new object addresses
[157.553s][info][gc,phases      ] GC(52) Phase 2: Compute new object addresses 1999.381ms
[157.553s][info][gc,phases,start] GC(52) Phase 3: Adjust pointers
[160.459s][info][gc,phases      ] GC(52) Phase 3: Adjust pointers 2905.887ms
[160.459s][info][gc,phases,start] GC(52) Phase 4: Move objects
[160.459s][info][gc,phases      ] GC(52) Phase 4: Move objects 0.018ms
[160.460s][info][gc,heap        ] GC(52) DefNew: 4147199K(4147200K)->4147199K(4147200K) Eden: 3686400K(3686400K)->3686400K(3686400K) From: 460799K(460800K)->460799K(460800K)
[160.460s][info][gc,heap        ] GC(52) Tenured: 9215999K(9216000K)->9215999K(9216000K)
[160.460s][info][gc,metaspace   ] GC(52) Metaspace: 6298K(6464K)->6298K(6464K) NonClass: 5764K(5824K)->5764K(5824K) Class: 533K(640K)->533K(640K)
[160.460s][info][gc             ] GC(52) Pause Full (Allocation Failure) 13049M->13049M(13050M) 10791.331ms
[160.460s][info][gc,cpu         ] GC(52) User=10.23s Sys=0.00s Real=10.79s
[160.463s][info][gc,heap,exit   ] Heap
[160.463s][info][gc,heap,exit   ]  def new generation   total 4147200K, used 4147199K [0x00000004b4400000, 0x00000005cd800000, 0x00000005cd800000)
[160.463s][info][gc,heap,exit   ]   eden space 3686400K, 100% used [0x00000004b4400000, 0x0000000595400000, 0x0000000595400000)
[160.463s][info][gc,heap,exit   ]   from space 460800K,  99% used [0x0000000595400000, 0x00000005b15fff70, 0x00000005b1600000)
[160.463s][info][gc,heap,exit   ]   to   space 460800K,   0% used [0x00000005b1600000, 0x00000005b1600000, 0x00000005cd800000)
[160.463s][info][gc,heap,exit   ]  tenured generation   total 9216000K, used 9215999K [0x00000005cd800000, 0x0000000800000000, 0x0000000800000000)
[160.463s][info][gc,heap,exit   ]    the space 9216000K,  99% used [0x00000005cd800000, 0x00000007ffffffc8, 0x0000000800000000, 0x0000000800000000)
[160.463s][info][gc,heap,exit   ]  Metaspace       used 6301K, committed 6464K, reserved 1114112K
[160.463s][info][gc,heap,exit   ]   class space    used 534K, committed 640K, reserved 1048576K
