[0.012s][info][gc,init] CardTable entry size: 512
[0.012s][info][gc     ] Using Serial
[0.013s][info][gc,init] Version: 18.0.1+10 (release)
[0.013s][info][gc,init] CPUs: 8 total, 8 available
[0.013s][info][gc,init] Memory: 16063M
[0.013s][info][gc,init] Large Page Support: Disabled
[0.013s][info][gc,init] NUMA Support: Disabled
[0.013s][info][gc,init] Compressed Oops: Enabled (Zero based)
[0.013s][info][gc,init] Heap Min Capacity: 2M
[0.013s][info][gc,init] Heap Initial Capacity: 2M
[0.013s][info][gc,init] Heap Max Capacity: 8700M
[0.013s][info][gc,init] Pre-touch: Disabled
[0.013s][info][gc,metaspace] CDS archive(s) not mapped
[0.013s][info][gc,metaspace] Compressed class space mapped at: 0x0000000800000000-0x0000000840000000, reserved size: 1073741824
[0.013s][info][gc,metaspace] Narrow klass base: 0x0000000800000000, Narrow klass shift: 0, Narrow klass range: 0x40000000
[0.198s][info][gc,start    ] GC(0) Pause Young (Allocation Failure)
[0.200s][info][gc,heap     ] GC(0) DefNew: 1023K(1152K)->127K(1152K) Eden: 1023K(1024K)->0K(1024K) From: 0K(128K)->127K(128K)
[0.200s][info][gc,heap     ] GC(0) Tenured: 0K(768K)->439K(768K)
[0.200s][info][gc,metaspace] GC(0) Metaspace: 5899K(6016K)->5899K(6016K) NonClass: 5399K(5504K)->5399K(5504K) Class: 499K(512K)->499K(512K)
[0.200s][info][gc          ] GC(0) Pause Young (Allocation Failure) 0M->0M(1M) 1.901ms
[0.200s][info][gc,cpu      ] GC(0) User=0.00s Sys=0.00s Real=0.00s
[0.224s][info][gc,start    ] GC(1) Pause Young (Allocation Failure)
[0.225s][info][gc          ] GC(1) Pause Young (Allocation Failure) 1M->0M(2M) 1.574ms
[0.225s][info][gc,cpu      ] GC(1) User=0.00s Sys=0.00s Real=0.00s
[0.225s][info][gc,start    ] GC(2) Pause Full (Allocation Failure)
[0.226s][info][gc,phases,start] GC(2) Phase 1: Mark live objects
[0.227s][info][gc,phases      ] GC(2) Phase 1: Mark live objects 1.112ms
[0.227s][info][gc,phases,start] GC(2) Phase 2: Compute new object addresses
[0.227s][info][gc,phases      ] GC(2) Phase 2: Compute new object addresses 0.281ms
[0.227s][info][gc,phases,start] GC(2) Phase 3: Adjust pointers
[0.228s][info][gc,phases      ] GC(2) Phase 3: Adjust pointers 0.605ms
[0.228s][info][gc,phases,start] GC(2) Phase 4: Move objects
[0.228s][info][gc,phases      ] GC(2) Phase 4: Move objects 0.088ms
[0.228s][info][gc,heap        ] GC(2) DefNew: 1151K(1152K)->40K(1152K) Eden: 1024K(1024K)->40K(1024K) From: 127K(128K)->0K(128K)
[0.228s][info][gc,heap        ] GC(2) Tenured: 439K(768K)->959K(1600K)
[0.228s][info][gc,metaspace   ] GC(2) Metaspace: 6297K(6464K)->6297K(6464K) NonClass: 5763K(5824K)->5763K(5824K) Class: 533K(640K)->533K(640K)
[0.228s][info][gc             ] GC(2) Pause Full (Allocation Failure) 0M->0M(2M) 2.401ms
[0.228s][info][gc,cpu         ] GC(2) User=0.00s Sys=0.00s Real=0.00s
[0.230s][info][gc,start       ] GC(3) Pause Young (Allocation Failure)
[0.231s][info][gc,heap        ] GC(3) DefNew: 1024K(1152K)->127K(1152K) Eden: 1024K(1024K)->0K(1024K) From: 0K(128K)->127K(128K)
[0.231s][info][gc,heap        ] GC(3) Tenured: 959K(1600K)->1375K(1600K)
[0.231s][info][gc,metaspace   ] GC(3) Metaspace: 6297K(6464K)->6297K(6464K) NonClass: 5763K(5824K)->5763K(5824K) Class: 533K(640K)->533K(640K)
[0.231s][info][gc             ] GC(3) Pause Young (Allocation Failure) 1M->1M(2M) 1.711ms
[0.231s][info][gc,cpu         ] GC(3) User=0.00s Sys=0.00s Real=0.00s
[0.233s][info][gc,start       ] GC(4) Pause Young (Allocation Failure)
[0.234s][info][gc             ] GC(4) Pause Young (Allocation Failure) 2M->1M(3M) 1.526ms
[0.234s][info][gc,cpu         ] GC(4) User=0.00s Sys=0.00s Real=0.00s
[0.234s][info][gc,start       ] GC(5) Pause Full (Allocation Failure)
[0.234s][info][gc,phases,start] GC(5) Phase 1: Mark live objects
[0.236s][info][gc,phases      ] GC(5) Phase 1: Mark live objects 2.048ms
[0.236s][info][gc,phases,start] GC(5) Phase 2: Compute new object addresses
[0.237s][info][gc,phases      ] GC(5) Phase 2: Compute new object addresses 0.527ms
[0.237s][info][gc,phases,start] GC(5) Phase 3: Adjust pointers
[0.238s][info][gc,phases      ] GC(5) Phase 3: Adjust pointers 0.992ms
[0.238s][info][gc,phases,start] GC(5) Phase 4: Move objects
[0.238s][info][gc,phases      ] GC(5) Phase 4: Move objects 0.093ms
[0.238s][info][gc,heap        ] GC(5) DefNew: 1151K(1152K)->35K(1536K) Eden: 1024K(1024K)->35K(1408K) From: 127K(128K)->0K(128K)
[0.238s][info][gc,heap        ] GC(5) Tenured: 1375K(1600K)->1983K(3308K)
[0.238s][info][gc,metaspace   ] GC(5) Metaspace: 6297K(6464K)->6297K(6464K) NonClass: 5763K(5824K)->5763K(5824K) Class: 533K(640K)->533K(640K)
[0.238s][info][gc             ] GC(5) Pause Full (Allocation Failure) 1M->1M(4M) 4.050ms
[0.238s][info][gc,cpu         ] GC(5) User=0.00s Sys=0.00s Real=0.00s
[0.240s][info][gc,start       ] GC(6) Pause Young (Allocation Failure)
[0.242s][info][gc,heap        ] GC(6) DefNew: 1407K(1536K)->127K(1536K) Eden: 1407K(1408K)->0K(1408K) From: 0K(128K)->127K(128K)
[0.242s][info][gc,heap        ] GC(6) Tenured: 1983K(3308K)->2617K(3308K)
[0.242s][info][gc,metaspace   ] GC(6) Metaspace: 6297K(6464K)->6297K(6464K) NonClass: 5763K(5824K)->5763K(5824K) Class: 533K(640K)->533K(640K)
[0.242s][info][gc             ] GC(6) Pause Young (Allocation Failure) 3M->2M(4M) 1.914ms
[0.242s][info][gc,cpu         ] GC(6) User=0.00s Sys=0.00s Real=0.00s
[0.244s][info][gc,start       ] GC(7) Pause Young (Allocation Failure)
[0.246s][info][gc             ] GC(7) Pause Young (Allocation Failure) 4M->3M(4M) 1.715ms
[0.246s][info][gc,cpu         ] GC(7) User=0.00s Sys=0.00s Real=0.00s
[0.246s][info][gc,start       ] GC(8) Pause Full (Allocation Failure)
[0.246s][info][gc,phases,start] GC(8) Phase 1: Mark live objects
[0.248s][info][gc,phases      ] GC(8) Phase 1: Mark live objects 2.081ms
[0.248s][info][gc,phases,start] GC(8) Phase 2: Compute new object addresses
[0.249s][info][gc,phases      ] GC(8) Phase 2: Compute new object addresses 0.690ms
[0.249s][info][gc,phases,start] GC(8) Phase 3: Adjust pointers
[0.250s][info][gc,phases      ] GC(8) Phase 3: Adjust pointers 1.193ms
[0.250s][info][gc,phases,start] GC(8) Phase 4: Move objects
[0.250s][info][gc,phases      ] GC(8) Phase 4: Move objects 0.071ms
[0.250s][info][gc,heap        ] GC(8) DefNew: 1535K(1536K)->0K(2688K) Eden: 1408K(1408K)->0K(2432K) From: 127K(128K)->0K(256K)
[0.250s][info][gc,heap        ] GC(8) Tenured: 2617K(3308K)->3460K(5768K)
[0.250s][info][gc,metaspace   ] GC(8) Metaspace: 6297K(6464K)->6297K(6464K) NonClass: 5763K(5824K)->5763K(5824K) Class: 533K(640K)->533K(640K)
[0.250s][info][gc             ] GC(8) Pause Full (Allocation Failure) 3M->3M(8M) 4.361ms
[0.250s][info][gc,cpu         ] GC(8) User=0.02s Sys=0.00s Real=0.00s
[0.254s][info][gc,start       ] GC(9) Pause Young (Allocation Failure)
[0.257s][info][gc,heap        ] GC(9) DefNew: 2431K(2688K)->255K(2688K) Eden: 2431K(2432K)->0K(2432K) From: 0K(256K)->255K(256K)
[0.257s][info][gc,heap        ] GC(9) Tenured: 3460K(5768K)->4512K(5768K)
[0.257s][info][gc,metaspace   ] GC(9) Metaspace: 6297K(6464K)->6297K(6464K) NonClass: 5763K(5824K)->5763K(5824K) Class: 533K(640K)->533K(640K)
[0.257s][info][gc             ] GC(9) Pause Young (Allocation Failure) 5M->4M(8M) 3.254ms
[0.257s][info][gc,cpu         ] GC(9) User=0.00s Sys=0.00s Real=0.00s
[0.261s][info][gc,start       ] GC(10) Pause Young (Allocation Failure)
[0.265s][info][gc,heap        ] GC(10) DefNew: 2687K(2688K)->255K(2688K) Eden: 2432K(2432K)->0K(2432K) From: 255K(256K)->255K(256K)
[0.265s][info][gc,heap        ] GC(10) Tenured: 4512K(5768K)->5755K(5768K)
[0.265s][info][gc,metaspace   ] GC(10) Metaspace: 6297K(6464K)->6297K(6464K) NonClass: 5763K(5824K)->5763K(5824K) Class: 533K(640K)->533K(640K)
[0.265s][info][gc             ] GC(10) Pause Young (Allocation Failure) 7M->5M(8M) 4.458ms
[0.265s][info][gc,cpu         ] GC(10) User=0.00s Sys=0.02s Real=0.00s
[0.270s][info][gc,start       ] GC(11) Pause Young (Allocation Failure)
[0.274s][info][gc             ] GC(11) Pause Young (Allocation Failure) 8M->7M(9M) 4.443ms
[0.274s][info][gc,cpu         ] GC(11) User=0.00s Sys=0.00s Real=0.00s
[0.274s][info][gc,start       ] GC(12) Pause Full (Allocation Failure)
[0.274s][info][gc,phases,start] GC(12) Phase 1: Mark live objects
[0.280s][info][gc,phases      ] GC(12) Phase 1: Mark live objects 5.377ms
[0.280s][info][gc,phases,start] GC(12) Phase 2: Compute new object addresses
[0.282s][info][gc,phases      ] GC(12) Phase 2: Compute new object addresses 1.782ms
[0.282s][info][gc,phases,start] GC(12) Phase 3: Adjust pointers
[0.284s][info][gc,phases      ] GC(12) Phase 3: Adjust pointers 2.135ms
[0.284s][info][gc,phases,start] GC(12) Phase 4: Move objects
[0.286s][info][gc,phases      ] GC(12) Phase 4: Move objects 1.726ms
[0.286s][info][gc,heap        ] GC(12) DefNew: 2687K(2688K)->0K(5376K) Eden: 2432K(2432K)->0K(4800K) From: 255K(256K)->0K(576K)
[0.286s][info][gc,heap        ] GC(12) Tenured: 5755K(5768K)->7132K(11888K)
[0.286s][info][gc,metaspace   ] GC(12) Metaspace: 6297K(6464K)->6297K(6464K) NonClass: 5763K(5824K)->5763K(5824K) Class: 533K(640K)->533K(640K)
[0.286s][info][gc             ] GC(12) Pause Full (Allocation Failure) 7M->6M(16M) 11.631ms
[0.286s][info][gc,cpu         ] GC(12) User=0.02s Sys=0.00s Real=0.01s
[0.293s][info][gc,start       ] GC(13) Pause Young (Allocation Failure)
[0.299s][info][gc,heap        ] GC(13) DefNew: 4800K(5376K)->575K(5376K) Eden: 4800K(4800K)->0K(4800K) From: 0K(576K)->575K(576K)
[0.299s][info][gc,heap        ] GC(13) Tenured: 7132K(11888K)->9027K(11888K)
[0.299s][info][gc,metaspace   ] GC(13) Metaspace: 6297K(6464K)->6297K(6464K) NonClass: 5763K(5824K)->5763K(5824K) Class: 533K(640K)->533K(640K)
[0.299s][info][gc             ] GC(13) Pause Young (Allocation Failure) 11M->9M(16M) 6.359ms
[0.299s][info][gc,cpu         ] GC(13) User=0.02s Sys=0.00s Real=0.01s
[0.304s][info][gc,start       ] GC(14) Pause Young (Allocation Failure)
[0.311s][info][gc,heap        ] GC(14) DefNew: 5375K(5376K)->576K(5376K) Eden: 4800K(4800K)->0K(4800K) From: 575K(576K)->576K(576K)
[0.311s][info][gc,heap        ] GC(14) Tenured: 9027K(11888K)->11746K(11888K)
[0.311s][info][gc,metaspace   ] GC(14) Metaspace: 6297K(6464K)->6297K(6464K) NonClass: 5763K(5824K)->5763K(5824K) Class: 533K(640K)->533K(640K)
[0.311s][info][gc             ] GC(14) Pause Young (Allocation Failure) 14M->12M(16M) 7.402ms
[0.311s][info][gc,cpu         ] GC(14) User=0.00s Sys=0.00s Real=0.01s
[0.316s][info][gc,start       ] GC(15) Pause Young (Allocation Failure)
[0.323s][info][gc             ] GC(15) Pause Young (Allocation Failure) 16M->14M(19M) 6.185ms
[0.323s][info][gc,cpu         ] GC(15) User=0.00s Sys=0.00s Real=0.01s
[0.323s][info][gc,start       ] GC(16) Pause Full (Allocation Failure)
[0.323s][info][gc,phases,start] GC(16) Phase 1: Mark live objects
[0.331s][info][gc,phases      ] GC(16) Phase 1: Mark live objects 8.439ms
[0.331s][info][gc,phases,start] GC(16) Phase 2: Compute new object addresses
[0.334s][info][gc,phases      ] GC(16) Phase 2: Compute new object addresses 2.340ms
[0.334s][info][gc,phases,start] GC(16) Phase 3: Adjust pointers
[0.337s][info][gc,phases      ] GC(16) Phase 3: Adjust pointers 3.181ms
[0.337s][info][gc,phases,start] GC(16) Phase 4: Move objects
[0.337s][info][gc,phases      ] GC(16) Phase 4: Move objects 0.198ms
[0.337s][info][gc,heap        ] GC(16) DefNew: 5376K(5376K)->386K(10880K) Eden: 4800K(4800K)->386K(9728K) From: 576K(576K)->0K(1152K)
[0.337s][info][gc,heap        ] GC(16) Tenured: 11746K(11888K)->14384K(23976K)
[0.337s][info][gc,metaspace   ] GC(16) Metaspace: 6298K(6464K)->6298K(6464K) NonClass: 5765K(5824K)->5765K(5824K) Class: 533K(640K)->533K(640K)
[0.337s][info][gc             ] GC(16) Pause Full (Allocation Failure) 14M->14M(34M) 14.522ms
[0.337s][info][gc,cpu         ] GC(16) User=0.02s Sys=0.00s Real=0.01s
[0.346s][info][gc,start       ] GC(17) Pause Young (Allocation Failure)
[0.359s][info][gc,heap        ] GC(17) DefNew: 9728K(10880K)->1151K(10880K) Eden: 9728K(9728K)->0K(9728K) From: 0K(1152K)->1151K(1152K)
[0.359s][info][gc,heap        ] GC(17) Tenured: 14384K(23976K)->18415K(23976K)
[0.359s][info][gc,metaspace   ] GC(17) Metaspace: 6298K(6464K)->6298K(6464K) NonClass: 5765K(5824K)->5765K(5824K) Class: 533K(640K)->533K(640K)
[0.359s][info][gc             ] GC(17) Pause Young (Allocation Failure) 23M->19M(34M) 13.318ms
[0.359s][info][gc,cpu         ] GC(17) User=0.00s Sys=0.00s Real=0.01s
[0.367s][info][gc,start       ] GC(18) Pause Young (Allocation Failure)
[0.380s][info][gc,heap        ] GC(18) DefNew: 10879K(10880K)->1151K(10880K) Eden: 9728K(9728K)->0K(9728K) From: 1151K(1152K)->1151K(1152K)
[0.380s][info][gc,heap        ] GC(18) Tenured: 18415K(23976K)->23936K(23976K)
[0.380s][info][gc,metaspace   ] GC(18) Metaspace: 6298K(6464K)->6298K(6464K) NonClass: 5765K(5824K)->5765K(5824K) Class: 533K(640K)->533K(640K)
[0.380s][info][gc             ] GC(18) Pause Young (Allocation Failure) 28M->24M(34M) 13.111ms
[0.380s][info][gc,cpu         ] GC(18) User=0.00s Sys=0.00s Real=0.01s
[0.387s][info][gc,start       ] GC(19) Pause Young (Allocation Failure)
[0.399s][info][gc             ] GC(19) Pause Young (Allocation Failure) 34M->29M(38M) 12.234ms
[0.399s][info][gc,cpu         ] GC(19) User=0.00s Sys=0.00s Real=0.01s
[0.399s][info][gc,start       ] GC(20) Pause Full (Allocation Failure)
[0.399s][info][gc,phases,start] GC(20) Phase 1: Mark live objects
[0.413s][info][gc,phases      ] GC(20) Phase 1: Mark live objects 13.915ms
[0.413s][info][gc,phases,start] GC(20) Phase 2: Compute new object addresses
[0.418s][info][gc,phases      ] GC(20) Phase 2: Compute new object addresses 4.601ms
[0.418s][info][gc,phases,start] GC(20) Phase 3: Adjust pointers
[0.423s][info][gc,phases      ] GC(20) Phase 3: Adjust pointers 5.659ms
[0.423s][info][gc,phases,start] GC(20) Phase 4: Move objects
[0.424s][info][gc,phases      ] GC(20) Phase 4: Move objects 0.167ms
[0.424s][info][gc,heap        ] GC(20) DefNew: 10879K(10880K)->1080K(21888K) Eden: 9728K(9728K)->1080K(19520K) From: 1151K(1152K)->0K(2368K)
[0.424s][info][gc,heap        ] GC(20) Tenured: 23936K(23976K)->29036K(48396K)
[0.424s][info][gc,metaspace   ] GC(20) Metaspace: 6298K(6464K)->6298K(6464K) NonClass: 5765K(5824K)->5765K(5824K) Class: 533K(640K)->533K(640K)
[0.424s][info][gc             ] GC(20) Pause Full (Allocation Failure) 29M->29M(68M) 24.762ms
[0.424s][info][gc,cpu         ] GC(20) User=0.03s Sys=0.00s Real=0.02s
[0.441s][info][gc,start       ] GC(21) Pause Young (Allocation Failure)
[0.471s][info][gc,heap        ] GC(21) DefNew: 19520K(21888K)->2367K(21888K) Eden: 19520K(19520K)->0K(19520K) From: 0K(2368K)->2367K(2368K)
[0.471s][info][gc,heap        ] GC(21) Tenured: 29036K(48396K)->39361K(48396K)
[0.471s][info][gc,metaspace   ] GC(21) Metaspace: 6298K(6464K)->6298K(6464K) NonClass: 5765K(5824K)->5765K(5824K) Class: 533K(640K)->533K(640K)
[0.471s][info][gc             ] GC(21) Pause Young (Allocation Failure) 47M->40M(68M) 30.468ms
[0.471s][info][gc,cpu         ] GC(21) User=0.02s Sys=0.00s Real=0.03s
[0.490s][info][gc,start       ] GC(22) Pause Young (Allocation Failure)
[0.526s][info][gc             ] GC(22) Pause Young (Allocation Failure) 59M->59M(78M) 35.987ms
[0.526s][info][gc,cpu         ] GC(22) User=0.03s Sys=0.00s Real=0.04s
[0.526s][info][gc,start       ] GC(23) Pause Full (Allocation Failure)
[0.526s][info][gc,phases,start] GC(23) Phase 1: Mark live objects
[0.553s][info][gc,phases      ] GC(23) Phase 1: Mark live objects 26.826ms
[0.553s][info][gc,phases,start] GC(23) Phase 2: Compute new object addresses
[0.562s][info][gc,phases      ] GC(23) Phase 2: Compute new object addresses 9.557ms
[0.563s][info][gc,phases,start] GC(23) Phase 3: Adjust pointers
[0.574s][info][gc,phases      ] GC(23) Phase 3: Adjust pointers 11.245ms
[0.574s][info][gc,phases,start] GC(23) Phase 4: Move objects
[0.574s][info][gc,phases      ] GC(23) Phase 4: Move objects 0.535ms
[0.575s][info][gc,heap        ] GC(23) DefNew: 21887K(21888K)->2262K(44288K) Eden: 19520K(19520K)->2262K(39424K) From: 2367K(2368K)->0K(4864K)
[0.575s][info][gc,heap        ] GC(23) Tenured: 39361K(48396K)->58956K(98260K)
[0.575s][info][gc,metaspace   ] GC(23) Metaspace: 6298K(6464K)->6298K(6464K) NonClass: 5765K(5824K)->5765K(5824K) Class: 533K(640K)->533K(640K)
[0.575s][info][gc             ] GC(23) Pause Full (Allocation Failure) 59M->59M(139M) 48.891ms
[0.575s][info][gc,cpu         ] GC(23) User=0.02s Sys=0.02s Real=0.05s
[0.615s][info][gc,start       ] GC(24) Pause Young (Allocation Failure)
[0.678s][info][gc,heap        ] GC(24) DefNew: 39424K(44288K)->4863K(44288K) Eden: 39424K(39424K)->0K(39424K) From: 0K(4864K)->4863K(4864K)
[0.678s][info][gc,heap        ] GC(24) Tenured: 58956K(98260K)->93487K(98260K)
[0.678s][info][gc,metaspace   ] GC(24) Metaspace: 6298K(6464K)->6298K(6464K) NonClass: 5765K(5824K)->5765K(5824K) Class: 533K(640K)->533K(640K)
[0.678s][info][gc             ] GC(24) Pause Young (Allocation Failure) 96M->96M(139M) 63.599ms
[0.678s][info][gc,cpu         ] GC(24) User=0.05s Sys=0.00s Real=0.06s
[0.712s][info][gc,start       ] GC(25) Pause Young (Allocation Failure)
[0.789s][info][gc             ] GC(25) Pause Young (Allocation Failure) 134M->134M(173M) 77.457ms
[0.789s][info][gc,cpu         ] GC(25) User=0.06s Sys=0.00s Real=0.08s
[0.789s][info][gc,start       ] GC(26) Pause Full (Allocation Failure)
[0.789s][info][gc,phases,start] GC(26) Phase 1: Mark live objects
[0.850s][info][gc,phases      ] GC(26) Phase 1: Mark live objects 60.178ms
[0.850s][info][gc,phases,start] GC(26) Phase 2: Compute new object addresses
[0.875s][info][gc,phases      ] GC(26) Phase 2: Compute new object addresses 25.287ms
[0.875s][info][gc,phases,start] GC(26) Phase 3: Adjust pointers
[0.904s][info][gc,phases      ] GC(26) Phase 3: Adjust pointers 28.779ms
[0.904s][info][gc,phases,start] GC(26) Phase 4: Move objects
[0.933s][info][gc,phases      ] GC(26) Phase 4: Move objects 28.587ms
[0.933s][info][gc,heap        ] GC(26) DefNew: 44287K(44288K)->1017K(99712K) Eden: 39424K(39424K)->1017K(88640K) From: 4863K(4864K)->0K(11072K)
[0.933s][info][gc,heap        ] GC(26) Tenured: 93487K(98260K)->132887K(221480K)
[0.933s][info][gc,metaspace   ] GC(26) Metaspace: 6298K(6464K)->6298K(6464K) NonClass: 5765K(5824K)->5765K(5824K) Class: 533K(640K)->533K(640K)
[0.933s][info][gc             ] GC(26) Pause Full (Allocation Failure) 134M->130M(313M) 143.680ms
[0.933s][info][gc,cpu         ] GC(26) User=0.14s Sys=0.00s Real=0.14s
[1.027s][info][gc,start       ] GC(27) Pause Young (Allocation Failure)
[1.186s][info][gc,heap        ] GC(27) DefNew: 88640K(99712K)->11071K(99712K) Eden: 88640K(88640K)->0K(88640K) From: 0K(11072K)->11071K(11072K)
[1.186s][info][gc,heap        ] GC(27) Tenured: 132887K(221480K)->210426K(221480K)
[1.186s][info][gc,metaspace   ] GC(27) Metaspace: 6298K(6464K)->6298K(6464K) NonClass: 5765K(5824K)->5765K(5824K) Class: 533K(640K)->533K(640K)
[1.186s][info][gc             ] GC(27) Pause Young (Allocation Failure) 216M->216M(313M) 158.754ms
[1.186s][info][gc,cpu         ] GC(27) User=0.11s Sys=0.03s Real=0.16s
[1.267s][info][gc,start       ] GC(28) Pause Young (Allocation Failure)
[1.435s][info][gc             ] GC(28) Pause Young (Allocation Failure) 302M->302M(389M) 168.104ms
[1.435s][info][gc,cpu         ] GC(28) User=0.12s Sys=0.02s Real=0.17s
[1.436s][info][gc,start       ] GC(29) Pause Full (Allocation Failure)
[1.436s][info][gc,phases,start] GC(29) Phase 1: Mark live objects
[1.573s][info][gc,phases      ] GC(29) Phase 1: Mark live objects 137.606ms
[1.573s][info][gc,phases,start] GC(29) Phase 2: Compute new object addresses
[1.621s][info][gc,phases      ] GC(29) Phase 2: Compute new object addresses 47.522ms
[1.621s][info][gc,phases,start] GC(29) Phase 3: Adjust pointers
[1.674s][info][gc,phases      ] GC(29) Phase 3: Adjust pointers 53.664ms
[1.675s][info][gc,phases,start] GC(29) Phase 4: Move objects
[1.677s][info][gc,phases      ] GC(29) Phase 4: Move objects 2.147ms
[1.678s][info][gc,heap        ] GC(29) DefNew: 99711K(99712K)->10929K(224448K) Eden: 88640K(88640K)->10929K(199552K) From: 11071K(11072K)->0K(24896K)
[1.678s][info][gc,heap        ] GC(29) Tenured: 210426K(221480K)->299179K(498636K)
[1.678s][info][gc,metaspace   ] GC(29) Metaspace: 6298K(6464K)->6298K(6464K) NonClass: 5765K(5824K)->5765K(5824K) Class: 533K(640K)->533K(640K)
[1.678s][info][gc             ] GC(29) Pause Full (Allocation Failure) 302M->302M(706M) 242.289ms
[1.678s][info][gc,cpu         ] GC(29) User=0.23s Sys=0.00s Real=0.24s
[1.881s][info][gc,start       ] GC(30) Pause Young (Allocation Failure)
[2.215s][info][gc,heap        ] GC(30) DefNew: 199552K(224448K)->24895K(224448K) Eden: 199552K(199552K)->0K(199552K) From: 0K(24896K)->24895K(24896K)
[2.215s][info][gc,heap        ] GC(30) Tenured: 299179K(498636K)->473808K(498636K)
[2.215s][info][gc,metaspace   ] GC(30) Metaspace: 6298K(6464K)->6298K(6464K) NonClass: 5765K(5824K)->5765K(5824K) Class: 533K(640K)->533K(640K)
[2.215s][info][gc             ] GC(30) Pause Young (Allocation Failure) 487M->487M(706M) 334.470ms
[2.215s][info][gc,cpu         ] GC(30) User=0.25s Sys=0.06s Real=0.33s
[2.397s][info][gc,start       ] GC(31) Pause Young (Allocation Failure)
[2.773s][info][gc             ] GC(31) Pause Young (Allocation Failure) 681M->681M(876M) 376.672ms
[2.773s][info][gc,cpu         ] GC(31) User=0.28s Sys=0.06s Real=0.38s
[2.773s][info][gc,start       ] GC(32) Pause Full (Allocation Failure)
[2.773s][info][gc,phases,start] GC(32) Phase 1: Mark live objects
[3.084s][info][gc,phases      ] GC(32) Phase 1: Mark live objects 310.300ms
[3.084s][info][gc,phases,start] GC(32) Phase 2: Compute new object addresses
[3.188s][info][gc,phases      ] GC(32) Phase 2: Compute new object addresses 104.457ms
[3.188s][info][gc,phases,start] GC(32) Phase 3: Adjust pointers
[3.304s][info][gc,phases      ] GC(32) Phase 3: Adjust pointers 115.598ms
[3.304s][info][gc,phases,start] GC(32) Phase 4: Move objects
[3.309s][info][gc,phases      ] GC(32) Phase 4: Move objects 5.182ms
[3.311s][info][gc,heap        ] GC(32) DefNew: 224447K(224448K)->24797K(505152K) Eden: 199552K(199552K)->24797K(449088K) From: 24895K(24896K)->0K(56064K)
[3.311s][info][gc,heap        ] GC(32) Tenured: 473808K(498636K)->673423K(1122376K)
[3.311s][info][gc,metaspace   ] GC(32) Metaspace: 6298K(6464K)->6298K(6464K) NonClass: 5765K(5824K)->5765K(5824K) Class: 533K(640K)->533K(640K)
[3.311s][info][gc             ] GC(32) Pause Full (Allocation Failure) 681M->681M(1589M) 537.725ms
[3.311s][info][gc,cpu         ] GC(32) User=0.55s Sys=0.00s Real=0.54s
[3.778s][info][gc,start       ] GC(33) Pause Young (Allocation Failure)
[4.563s][info][gc,heap        ] GC(33) DefNew: 449088K(505152K)->56064K(505152K) Eden: 449088K(449088K)->0K(449088K) From: 0K(56064K)->56064K(56064K)
[4.563s][info][gc,heap        ] GC(33) Tenured: 673423K(1122376K)->1066420K(1122376K)
[4.563s][info][gc,metaspace   ] GC(33) Metaspace: 6298K(6464K)->6298K(6464K) NonClass: 5765K(5824K)->5765K(5824K) Class: 533K(640K)->533K(640K)
[4.563s][info][gc             ] GC(33) Pause Young (Allocation Failure) 1096M->1096M(1589M) 784.794ms
[4.563s][info][gc,cpu         ] GC(33) User=0.73s Sys=0.03s Real=0.79s
[5.046s][info][gc,start       ] GC(34) Pause Young (Allocation Failure)
[5.781s][info][gc             ] GC(34) Pause Young (Allocation Failure) 1534M->1484M(1923M) 734.734ms
[5.781s][info][gc,cpu         ] GC(34) User=0.59s Sys=0.12s Real=0.73s
[5.781s][info][gc,start       ] GC(35) Pause Full (Allocation Failure)
[5.781s][info][gc,phases,start] GC(35) Phase 1: Mark live objects
[6.433s][info][gc,phases      ] GC(35) Phase 1: Mark live objects 651.846ms
[6.433s][info][gc,phases,start] GC(35) Phase 2: Compute new object addresses
[6.649s][info][gc,phases      ] GC(35) Phase 2: Compute new object addresses 216.249ms
[6.649s][info][gc,phases,start] GC(35) Phase 3: Adjust pointers
[6.910s][info][gc,phases      ] GC(35) Phase 3: Adjust pointers 260.354ms
[6.910s][info][gc,phases,start] GC(35) Phase 4: Move objects
[6.921s][info][gc,phases      ] GC(35) Phase 4: Move objects 10.686ms
[6.925s][info][gc,heap        ] GC(35) DefNew: 505152K(505152K)->55883K(1098496K) Eden: 449088K(449088K)->55883K(976448K) From: 56064K(56064K)->0K(122048K)
[6.925s][info][gc,heap        ] GC(35) Tenured: 1066420K(1122376K)->1464587K(2440980K)
[6.925s][info][gc,metaspace   ] GC(35) Metaspace: 6298K(6464K)->6298K(6464K) NonClass: 5765K(5824K)->5765K(5824K) Class: 533K(640K)->533K(640K)
[6.925s][info][gc             ] GC(35) Pause Full (Allocation Failure) 1484M->1484M(3456M) 1143.543ms
[6.925s][info][gc,cpu         ] GC(35) User=1.12s Sys=0.00s Real=1.14s
[7.871s][info][gc,start       ] GC(36) Pause Young (Allocation Failure)
[9.625s][info][gc,heap        ] GC(36) DefNew: 976448K(1098496K)->122047K(1098496K) Eden: 976448K(976448K)->0K(976448K) From: 0K(122048K)->122047K(122048K)
[9.625s][info][gc,heap        ] GC(36) Tenured: 1464587K(2440980K)->2318959K(2440980K)
[9.625s][info][gc,metaspace   ] GC(36) Metaspace: 6298K(6464K)->6298K(6464K) NonClass: 5765K(5824K)->5765K(5824K) Class: 533K(640K)->533K(640K)
[9.625s][info][gc             ] GC(36) Pause Young (Allocation Failure) 2383M->2383M(3456M) 1753.631ms
[9.625s][info][gc,cpu         ] GC(36) User=1.41s Sys=0.31s Real=1.75s
[10.583s][info][gc,start       ] GC(37) Pause Young (Allocation Failure)
[12.280s][info][gc             ] GC(37) Pause Young (Allocation Failure) 3337M->3337M(4291M) 1696.810ms
[12.280s][info][gc,cpu         ] GC(37) User=1.36s Sys=0.27s Real=1.70s
[12.280s][info][gc,start       ] GC(38) Pause Full (Allocation Failure)
[12.280s][info][gc,phases,start] GC(38) Phase 1: Mark live objects
[13.799s][info][gc,phases      ] GC(38) Phase 1: Mark live objects 1518.784ms
[13.799s][info][gc,phases,start] GC(38) Phase 2: Compute new object addresses
[14.314s][info][gc,phases      ] GC(38) Phase 2: Compute new object addresses 515.381ms
[14.314s][info][gc,phases,start] GC(38) Phase 3: Adjust pointers
[14.982s][info][gc,phases      ] GC(38) Phase 3: Adjust pointers 668.259ms
[14.982s][info][gc,phases,start] GC(38) Phase 4: Move objects
[15.602s][info][gc,phases      ] GC(38) Phase 4: Move objects 619.736ms
[15.611s][info][gc,heap        ] GC(38) DefNew: 1098495K(1098496K)->27707K(2471680K) Eden: 976448K(976448K)->27707K(2197056K) From: 122047K(122048K)->0K(274624K)
[15.612s][info][gc,heap        ] GC(38) Tenured: 2318959K(2440980K)->3295511K(5492520K)
[15.612s][info][gc,metaspace   ] GC(38) Metaspace: 6298K(6464K)->6298K(6464K) NonClass: 5765K(5824K)->5765K(5824K) Class: 533K(640K)->533K(640K)
[15.612s][info][gc             ] GC(38) Pause Full (Allocation Failure) 3337M->3245M(7777M) 3331.848ms
[15.612s][info][gc,cpu         ] GC(38) User=3.30s Sys=0.00s Real=3.33s
[17.844s][info][gc,start       ] GC(39) Pause Young (Allocation Failure)
[21.669s][info][gc,heap        ] GC(39) DefNew: 2197056K(2471680K)->274623K(2471680K) Eden: 2197056K(2197056K)->0K(2197056K) From: 0K(274624K)->274623K(274624K)
[21.670s][info][gc,heap        ] GC(39) Tenured: 3295511K(5492520K)->5217910K(5492520K)
[21.670s][info][gc,metaspace   ] GC(39) Metaspace: 6298K(6464K)->6298K(6464K) NonClass: 5765K(5824K)->5765K(5824K) Class: 533K(640K)->533K(640K)
[21.670s][info][gc             ] GC(39) Pause Young (Allocation Failure) 5363M->5363M(7777M) 3825.711ms
[21.670s][info][gc,cpu         ] GC(39) User=3.34s Sys=0.45s Real=3.83s
[23.740s][info][gc,start       ] GC(40) Pause Young (Allocation Failure)
[23.741s][info][gc             ] GC(40) Pause Young (Allocation Failure) 7509M->7509M(7777M) 0.135ms
[23.741s][info][gc,cpu         ] GC(40) User=0.00s Sys=0.00s Real=0.00s
[23.741s][info][gc,start       ] GC(41) Pause Full (Allocation Failure)
[23.741s][info][gc,phases,start] GC(41) Phase 1: Mark live objects
[27.281s][info][gc,phases      ] GC(41) Phase 1: Mark live objects 3540.837ms
[27.282s][info][gc,phases,start] GC(41) Phase 2: Compute new object addresses
[28.342s][info][gc,phases      ] GC(41) Phase 2: Compute new object addresses 1060.247ms
[28.342s][info][gc,phases,start] GC(41) Phase 3: Adjust pointers
[29.854s][info][gc,phases      ] GC(41) Phase 3: Adjust pointers 1511.910ms
[29.854s][info][gc,phases,start] GC(41) Phase 4: Move objects
[30.354s][info][gc,phases      ] GC(41) Phase 4: Move objects 499.855ms
[30.356s][info][gc,heap        ] GC(41) DefNew: 2471679K(2471680K)->2197041K(2672640K) Eden: 2197056K(2197056K)->2197041K(2375680K) From: 274623K(274624K)->0K(296960K)
[30.356s][info][gc,heap        ] GC(41) Tenured: 5217910K(5492520K)->5492519K(5939200K)
[30.356s][info][gc,metaspace   ] GC(41) Metaspace: 6298K(6464K)->6298K(6464K) NonClass: 5765K(5824K)->5765K(5824K) Class: 533K(640K)->533K(640K)
[30.356s][info][gc             ] GC(41) Pause Full (Allocation Failure) 7509M->7509M(8410M) 6615.185ms
[30.356s][info][gc,cpu         ] GC(41) User=6.48s Sys=0.09s Real=6.62s
[32.912s][info][gc,start       ] GC(42) Pause Full (Allocation Failure)
[32.912s][info][gc,phases,start] GC(42) Phase 1: Mark live objects
[36.744s][info][gc,phases      ] GC(42) Phase 1: Mark live objects 3832.511ms
[36.745s][info][gc,phases,start] GC(42) Phase 2: Compute new object addresses
[37.967s][info][gc,phases      ] GC(42) Phase 2: Compute new object addresses 1222.782ms
[37.967s][info][gc,phases,start] GC(42) Phase 3: Adjust pointers
[39.702s][info][gc,phases      ] GC(42) Phase 3: Adjust pointers 1735.045ms
[39.702s][info][gc,phases,start] GC(42) Phase 4: Move objects
[40.110s][info][gc,phases      ] GC(42) Phase 4: Move objects 407.298ms
[40.110s][info][gc,heap        ] GC(42) DefNew: 2672640K(2672640K)->2672637K(2672640K) Eden: 2375680K(2375680K)->2375679K(2375680K) From: 296960K(296960K)->296957K(296960K)
[40.110s][info][gc,heap        ] GC(42) Tenured: 5939199K(5939200K)->5939199K(5939200K)
[40.111s][info][gc,metaspace   ] GC(42) Metaspace: 6298K(6464K)->6298K(6464K) NonClass: 5765K(5824K)->5765K(5824K) Class: 533K(640K)->533K(640K)
[40.111s][info][gc             ] GC(42) Pause Full (Allocation Failure) 8409M->8409M(8410M) 7198.720ms
[40.111s][info][gc,cpu         ] GC(42) User=7.17s Sys=0.00s Real=7.20s
[40.111s][info][gc,start       ] GC(43) Pause Full (Allocation Failure)
[40.111s][info][gc,phases,start] GC(43) Phase 1: Mark live objects
[43.901s][info][gc,phases      ] GC(43) Phase 1: Mark live objects 3790.575ms
[43.902s][info][gc,phases,start] GC(43) Phase 2: Compute new object addresses
[45.056s][info][gc,phases      ] GC(43) Phase 2: Compute new object addresses 1154.036ms
[45.056s][info][gc,phases,start] GC(43) Phase 3: Adjust pointers
[46.627s][info][gc,phases      ] GC(43) Phase 3: Adjust pointers 1571.095ms
[46.627s][info][gc,phases,start] GC(43) Phase 4: Move objects
[46.627s][info][gc,phases      ] GC(43) Phase 4: Move objects 0.017ms
[46.627s][info][gc,heap        ] GC(43) DefNew: 2672639K(2672640K)->2672639K(2672640K) Eden: 2375679K(2375680K)->2375679K(2375680K) From: 296960K(296960K)->296960K(296960K)
[46.627s][info][gc,heap        ] GC(43) Tenured: 5939199K(5939200K)->5939199K(5939200K)
[46.627s][info][gc,metaspace   ] GC(43) Metaspace: 6298K(6464K)->6298K(6464K) NonClass: 5765K(5824K)->5765K(5824K) Class: 533K(640K)->533K(640K)
[46.627s][info][gc             ] GC(43) Pause Full (Allocation Failure) 8409M->8409M(8410M) 6516.496ms
[46.627s][info][gc,cpu         ] GC(43) User=6.47s Sys=0.00s Real=6.52s
[46.627s][info][gc,start       ] GC(44) Pause Full (Allocation Failure)
[46.627s][info][gc,phases,start] GC(44) Phase 1: Mark live objects
[50.437s][info][gc,phases      ] GC(44) Phase 1: Mark live objects 3809.733ms
[50.437s][info][gc,phases,start] GC(44) Phase 2: Compute new object addresses
[51.591s][info][gc,phases      ] GC(44) Phase 2: Compute new object addresses 1153.325ms
[51.591s][info][gc,phases,start] GC(44) Phase 3: Adjust pointers
[53.463s][info][gc,phases      ] GC(44) Phase 3: Adjust pointers 1872.218ms
[53.463s][info][gc,phases,start] GC(44) Phase 4: Move objects
[55.017s][info][gc,phases      ] GC(44) Phase 4: Move objects 1554.137ms
[55.018s][info][gc,heap        ] GC(44) DefNew: 2672639K(2672640K)->2645321K(2672640K) Eden: 2375679K(2375680K)->2375679K(2375680K) From: 296960K(296960K)->269641K(296960K)
[55.018s][info][gc,heap        ] GC(44) Tenured: 5939199K(5939200K)->5835442K(5939200K)
[55.018s][info][gc,metaspace   ] GC(44) Metaspace: 6298K(6464K)->6297K(6464K) NonClass: 5765K(5824K)->5764K(5824K) Class: 533K(640K)->532K(640K)
[55.018s][info][gc             ] GC(44) Pause Full (Allocation Failure) 8409M->8281M(8410M) 8390.259ms
[55.018s][info][gc,cpu         ] GC(44) User=8.30s Sys=0.03s Real=8.39s
[55.416s][info][gc,start       ] GC(45) Pause Full (Allocation Failure)
[55.416s][info][gc,phases,start] GC(45) Phase 1: Mark live objects
[59.262s][info][gc,phases      ] GC(45) Phase 1: Mark live objects 3845.589ms
[59.262s][info][gc,phases,start] GC(45) Phase 2: Compute new object addresses
[60.425s][info][gc,phases      ] GC(45) Phase 2: Compute new object addresses 1162.586ms
[60.425s][info][gc,phases,start] GC(45) Phase 3: Adjust pointers
[62.021s][info][gc,phases      ] GC(45) Phase 3: Adjust pointers 1596.043ms
[62.021s][info][gc,phases,start] GC(45) Phase 4: Move objects
[62.021s][info][gc,phases      ] GC(45) Phase 4: Move objects 0.016ms
[62.021s][info][gc,heap        ] GC(45) DefNew: 2672639K(2672640K)->2672639K(2672640K) Eden: 2375679K(2375680K)->2375679K(2375680K) From: 296960K(296960K)->296960K(296960K)
[62.021s][info][gc,heap        ] GC(45) Tenured: 5939200K(5939200K)->5939200K(5939200K)
[62.021s][info][gc,metaspace   ] GC(45) Metaspace: 6297K(6464K)->6297K(6464K) NonClass: 5764K(5824K)->5764K(5824K) Class: 532K(640K)->532K(640K)
[62.021s][info][gc             ] GC(45) Pause Full (Allocation Failure) 8409M->8409M(8410M) 6605.047ms
[62.021s][info][gc,cpu         ] GC(45) User=6.59s Sys=0.00s Real=6.61s
[62.021s][info][gc,start       ] GC(46) Pause Full (Allocation Failure)
[62.021s][info][gc,phases,start] GC(46) Phase 1: Mark live objects
[65.874s][info][gc,phases      ] GC(46) Phase 1: Mark live objects 3852.343ms
[65.874s][info][gc,phases,start] GC(46) Phase 2: Compute new object addresses
[67.131s][info][gc,phases      ] GC(46) Phase 2: Compute new object addresses 1257.114ms
[67.131s][info][gc,phases,start] GC(46) Phase 3: Adjust pointers
[68.802s][info][gc,phases      ] GC(46) Phase 3: Adjust pointers 1671.194ms
[68.802s][info][gc,phases,start] GC(46) Phase 4: Move objects
[68.802s][info][gc,phases      ] GC(46) Phase 4: Move objects 0.017ms
[68.803s][info][gc,heap        ] GC(46) DefNew: 2672639K(2672640K)->2672639K(2672640K) Eden: 2375679K(2375680K)->2375679K(2375680K) From: 296960K(296960K)->296960K(296960K)
[68.803s][info][gc,heap        ] GC(46) Tenured: 5939200K(5939200K)->5939200K(5939200K)
[68.803s][info][gc,metaspace   ] GC(46) Metaspace: 6297K(6464K)->6297K(6464K) NonClass: 5764K(5824K)->5764K(5824K) Class: 532K(640K)->532K(640K)
[68.803s][info][gc             ] GC(46) Pause Full (Allocation Failure) 8409M->8409M(8410M) 6781.504ms
[68.803s][info][gc,cpu         ] GC(46) User=6.66s Sys=0.00s Real=6.78s
[68.803s][info][gc,start       ] GC(47) Pause Full (Allocation Failure)
[68.803s][info][gc,phases,start] GC(47) Phase 1: Mark live objects
[72.740s][info][gc,phases      ] GC(47) Phase 1: Mark live objects 3936.680ms
[72.740s][info][gc,phases,start] GC(47) Phase 2: Compute new object addresses
[73.902s][info][gc,phases      ] GC(47) Phase 2: Compute new object addresses 1161.934ms
[73.902s][info][gc,phases,start] GC(47) Phase 3: Adjust pointers
[75.543s][info][gc,phases      ] GC(47) Phase 3: Adjust pointers 1641.592ms
[75.543s][info][gc,phases,start] GC(47) Phase 4: Move objects
[75.543s][info][gc,phases      ] GC(47) Phase 4: Move objects 0.016ms
[75.544s][info][gc,heap        ] GC(47) DefNew: 2672639K(2672640K)->2672639K(2672640K) Eden: 2375679K(2375680K)->2375679K(2375680K) From: 296960K(296960K)->296960K(296960K)
[75.544s][info][gc,heap        ] GC(47) Tenured: 5939200K(5939200K)->5939200K(5939200K)
[75.544s][info][gc,metaspace   ] GC(47) Metaspace: 6297K(6464K)->6297K(6464K) NonClass: 5764K(5824K)->5764K(5824K) Class: 532K(640K)->532K(640K)
[75.544s][info][gc             ] GC(47) Pause Full (Allocation Failure) 8409M->8409M(8410M) 6740.954ms
[75.544s][info][gc,cpu         ] GC(47) User=6.52s Sys=0.02s Real=6.74s
[75.544s][info][gc,start       ] GC(48) Pause Full (Allocation Failure)
[75.544s][info][gc,phases,start] GC(48) Phase 1: Mark live objects
[79.412s][info][gc,phases      ] GC(48) Phase 1: Mark live objects 3868.407ms
[79.412s][info][gc,phases,start] GC(48) Phase 2: Compute new object addresses
[80.578s][info][gc,phases      ] GC(48) Phase 2: Compute new object addresses 1165.704ms
[80.578s][info][gc,phases,start] GC(48) Phase 3: Adjust pointers
[82.444s][info][gc,phases      ] GC(48) Phase 3: Adjust pointers 1865.972ms
[82.444s][info][gc,phases,start] GC(48) Phase 4: Move objects
[83.429s][info][gc,phases      ] GC(48) Phase 4: Move objects 984.440ms
[83.429s][info][gc,heap        ] GC(48) DefNew: 2672639K(2672640K)->2672639K(2672640K) Eden: 2375679K(2375680K)->2375679K(2375680K) From: 296960K(296960K)->296960K(296960K)
[83.429s][info][gc,heap        ] GC(48) Tenured: 5939200K(5939200K)->5939198K(5939200K)
[83.429s][info][gc,metaspace   ] GC(48) Metaspace: 6297K(6464K)->6297K(6464K) NonClass: 5764K(5824K)->5764K(5824K) Class: 532K(640K)->532K(640K)
[83.429s][info][gc             ] GC(48) Pause Full (Allocation Failure) 8409M->8409M(8410M) 7885.404ms
[83.429s][info][gc,cpu         ] GC(48) User=7.81s Sys=0.00s Real=7.89s
[83.431s][info][gc,start       ] GC(49) Pause Full (Allocation Failure)
[83.431s][info][gc,phases,start] GC(49) Phase 1: Mark live objects
[87.293s][info][gc,phases      ] GC(49) Phase 1: Mark live objects 3862.706ms
[87.293s][info][gc,phases,start] GC(49) Phase 2: Compute new object addresses
[88.466s][info][gc,phases      ] GC(49) Phase 2: Compute new object addresses 1172.438ms
[88.466s][info][gc,phases,start] GC(49) Phase 3: Adjust pointers
[90.101s][info][gc,phases      ] GC(49) Phase 3: Adjust pointers 1635.025ms
[90.101s][info][gc,phases,start] GC(49) Phase 4: Move objects
[90.101s][info][gc,phases      ] GC(49) Phase 4: Move objects 0.017ms
[90.101s][info][gc,heap        ] GC(49) DefNew: 2672640K(2672640K)->2672640K(2672640K) Eden: 2375680K(2375680K)->2375680K(2375680K) From: 296960K(296960K)->296960K(296960K)
[90.101s][info][gc,heap        ] GC(49) Tenured: 5939199K(5939200K)->5939199K(5939200K)
[90.101s][info][gc,metaspace   ] GC(49) Metaspace: 6299K(6464K)->6299K(6464K) NonClass: 5765K(5824K)->5765K(5824K) Class: 533K(640K)->533K(640K)
[90.102s][info][gc             ] GC(49) Pause Full (Allocation Failure) 8409M->8409M(8410M) 6670.995ms
[90.102s][info][gc,cpu         ] GC(49) User=6.59s Sys=0.00s Real=6.67s
[90.102s][info][gc,start       ] GC(50) Pause Full (Allocation Failure)
[90.102s][info][gc,phases,start] GC(50) Phase 1: Mark live objects
[93.955s][info][gc,phases      ] GC(50) Phase 1: Mark live objects 3853.146ms
[93.955s][info][gc,phases,start] GC(50) Phase 2: Compute new object addresses
[95.119s][info][gc,phases      ] GC(50) Phase 2: Compute new object addresses 1163.869ms
[95.119s][info][gc,phases,start] GC(50) Phase 3: Adjust pointers
[97.002s][info][gc,phases      ] GC(50) Phase 3: Adjust pointers 1883.040ms
[97.002s][info][gc,phases,start] GC(50) Phase 4: Move objects
[97.988s][info][gc,phases      ] GC(50) Phase 4: Move objects 986.057ms
[97.988s][info][gc,heap        ] GC(50) DefNew: 2672640K(2672640K)->2672640K(2672640K) Eden: 2375680K(2375680K)->2375680K(2375680K) From: 296960K(296960K)->296960K(296960K)
[97.988s][info][gc,heap        ] GC(50) Tenured: 5939199K(5939200K)->5939196K(5939200K)
[97.988s][info][gc,metaspace   ] GC(50) Metaspace: 6299K(6464K)->6299K(6464K) NonClass: 5765K(5824K)->5765K(5824K) Class: 533K(640K)->533K(640K)
[97.989s][info][gc             ] GC(50) Pause Full (Allocation Failure) 8409M->8409M(8410M) 7886.989ms
[97.989s][info][gc,cpu         ] GC(50) User=7.86s Sys=0.00s Real=7.89s
[97.989s][info][gc,heap,exit   ] Heap
[97.989s][info][gc,heap,exit   ]  def new generation   total 2672640K, used 2672640K [0x00000005e0400000, 0x0000000695800000, 0x0000000695800000)
[97.989s][info][gc,heap,exit   ]   eden space 2375680K, 100% used [0x00000005e0400000, 0x0000000671400000, 0x0000000671400000)
[97.989s][info][gc,heap,exit   ]   from space 296960K, 100% used [0x0000000671400000, 0x0000000683600000, 0x0000000683600000)
[97.989s][info][gc,heap,exit   ]   to   space 296960K,   0% used [0x0000000683600000, 0x0000000683600000, 0x0000000695800000)
[97.989s][info][gc,heap,exit   ]  tenured generation   total 5939200K, used 5939197K [0x0000000695800000, 0x0000000800000000, 0x0000000800000000)
[97.989s][info][gc,heap,exit   ]    the space 5939200K,  99% used [0x0000000695800000, 0x00000007fffff5a0, 0x00000007fffff600, 0x0000000800000000)
[97.989s][info][gc,heap,exit   ]  Metaspace       used 6302K, committed 6464K, reserved 1114112K
[97.989s][info][gc,heap,exit   ]   class space    used 534K, committed 640K, reserved 1048576K
