[0.012s][info][gc,init] CardTable entry size: 512
[0.012s][info][gc     ] Using Serial
[0.012s][info][gc,init] Version: 18.0.1+10 (release)
[0.012s][info][gc,init] CPUs: 8 total, 8 available
[0.012s][info][gc,init] Memory: 16063M
[0.012s][info][gc,init] Large Page Support: Disabled
[0.013s][info][gc,init] NUMA Support: Disabled
[0.013s][info][gc,init] Compressed Oops: Enabled (Zero based)
[0.013s][info][gc,init] Heap Min Capacity: 2M
[0.013s][info][gc,init] Heap Initial Capacity: 2M
[0.013s][info][gc,init] Heap Max Capacity: 14200M
[0.013s][info][gc,init] Pre-touch: Disabled
[0.013s][info][gc,metaspace] CDS archive(s) not mapped
[0.013s][info][gc,metaspace] Compressed class space mapped at: 0x0000000800000000-0x0000000840000000, reserved size: 1073741824
[0.013s][info][gc,metaspace] Narrow klass base: 0x0000000800000000, Narrow klass shift: 0, Narrow klass range: 0x40000000
[0.176s][info][gc,start    ] GC(0) Pause Young (Allocation Failure)
[0.178s][info][gc,heap     ] GC(0) DefNew: 1023K(1152K)->127K(1152K) Eden: 1023K(1024K)->0K(1024K) From: 0K(128K)->127K(128K)
[0.178s][info][gc,heap     ] GC(0) Tenured: 0K(768K)->439K(768K)
[0.178s][info][gc,metaspace] GC(0) Metaspace: 5898K(6016K)->5898K(6016K) NonClass: 5399K(5504K)->5399K(5504K) Class: 499K(512K)->499K(512K)
[0.178s][info][gc          ] GC(0) Pause Young (Allocation Failure) 0M->0M(1M) 1.563ms
[0.178s][info][gc,cpu      ] GC(0) User=0.00s Sys=0.00s Real=0.00s
[0.198s][info][gc,start    ] GC(1) Pause Young (Allocation Failure)
[0.199s][info][gc          ] GC(1) Pause Young (Allocation Failure) 1M->0M(2M) 1.182ms
[0.199s][info][gc,cpu      ] GC(1) User=0.00s Sys=0.00s Real=0.00s
[0.199s][info][gc,start    ] GC(2) Pause Full (Allocation Failure)
[0.199s][info][gc,phases,start] GC(2) Phase 1: Mark live objects
[0.200s][info][gc,phases      ] GC(2) Phase 1: Mark live objects 0.874ms
[0.200s][info][gc,phases,start] GC(2) Phase 2: Compute new object addresses
[0.200s][info][gc,phases      ] GC(2) Phase 2: Compute new object addresses 0.203ms
[0.200s][info][gc,phases,start] GC(2) Phase 3: Adjust pointers
[0.201s][info][gc,phases      ] GC(2) Phase 3: Adjust pointers 0.439ms
[0.201s][info][gc,phases,start] GC(2) Phase 4: Move objects
[0.201s][info][gc,phases      ] GC(2) Phase 4: Move objects 0.060ms
[0.201s][info][gc,heap        ] GC(2) DefNew: 1151K(1152K)->40K(1152K) Eden: 1024K(1024K)->40K(1024K) From: 127K(128K)->0K(128K)
[0.201s][info][gc,heap        ] GC(2) Tenured: 439K(768K)->959K(1600K)
[0.201s][info][gc,metaspace   ] GC(2) Metaspace: 6296K(6464K)->6296K(6464K) NonClass: 5762K(5824K)->5762K(5824K) Class: 533K(640K)->533K(640K)
[0.201s][info][gc             ] GC(2) Pause Full (Allocation Failure) 0M->0M(2M) 1.818ms
[0.201s][info][gc,cpu         ] GC(2) User=0.00s Sys=0.00s Real=0.00s
[0.202s][info][gc,start       ] GC(3) Pause Young (Allocation Failure)
[0.204s][info][gc,heap        ] GC(3) DefNew: 1024K(1152K)->127K(1152K) Eden: 1024K(1024K)->0K(1024K) From: 0K(128K)->127K(128K)
[0.204s][info][gc,heap        ] GC(3) Tenured: 959K(1600K)->1375K(1600K)
[0.204s][info][gc,metaspace   ] GC(3) Metaspace: 6296K(6464K)->6296K(6464K) NonClass: 5762K(5824K)->5762K(5824K) Class: 533K(640K)->533K(640K)
[0.204s][info][gc             ] GC(3) Pause Young (Allocation Failure) 1M->1M(2M) 1.459ms
[0.204s][info][gc,cpu         ] GC(3) User=0.00s Sys=0.00s Real=0.00s
[0.206s][info][gc,start       ] GC(4) Pause Young (Allocation Failure)
[0.207s][info][gc             ] GC(4) Pause Young (Allocation Failure) 2M->1M(3M) 1.651ms
[0.207s][info][gc,cpu         ] GC(4) User=0.00s Sys=0.00s Real=0.00s
[0.207s][info][gc,start       ] GC(5) Pause Full (Allocation Failure)
[0.207s][info][gc,phases,start] GC(5) Phase 1: Mark live objects
[0.209s][info][gc,phases      ] GC(5) Phase 1: Mark live objects 1.474ms
[0.209s][info][gc,phases,start] GC(5) Phase 2: Compute new object addresses
[0.209s][info][gc,phases      ] GC(5) Phase 2: Compute new object addresses 0.391ms
[0.209s][info][gc,phases,start] GC(5) Phase 3: Adjust pointers
[0.210s][info][gc,phases      ] GC(5) Phase 3: Adjust pointers 0.665ms
[0.210s][info][gc,phases,start] GC(5) Phase 4: Move objects
[0.210s][info][gc,phases      ] GC(5) Phase 4: Move objects 0.066ms
[0.210s][info][gc,heap        ] GC(5) DefNew: 1151K(1152K)->35K(1536K) Eden: 1024K(1024K)->35K(1408K) From: 127K(128K)->0K(128K)
[0.210s][info][gc,heap        ] GC(5) Tenured: 1375K(1600K)->1983K(3308K)
[0.210s][info][gc,metaspace   ] GC(5) Metaspace: 6296K(6464K)->6296K(6464K) NonClass: 5762K(5824K)->5762K(5824K) Class: 533K(640K)->533K(640K)
[0.210s][info][gc             ] GC(5) Pause Full (Allocation Failure) 1M->1M(4M) 2.918ms
[0.210s][info][gc,cpu         ] GC(5) User=0.00s Sys=0.00s Real=0.00s
[0.212s][info][gc,start       ] GC(6) Pause Young (Allocation Failure)
[0.214s][info][gc,heap        ] GC(6) DefNew: 1407K(1536K)->127K(1536K) Eden: 1407K(1408K)->0K(1408K) From: 0K(128K)->127K(128K)
[0.214s][info][gc,heap        ] GC(6) Tenured: 1983K(3308K)->2617K(3308K)
[0.214s][info][gc,metaspace   ] GC(6) Metaspace: 6296K(6464K)->6296K(6464K) NonClass: 5762K(5824K)->5762K(5824K) Class: 533K(640K)->533K(640K)
[0.214s][info][gc             ] GC(6) Pause Young (Allocation Failure) 3M->2M(4M) 1.909ms
[0.214s][info][gc,cpu         ] GC(6) User=0.00s Sys=0.00s Real=0.00s
[0.215s][info][gc,start       ] GC(7) Pause Young (Allocation Failure)
[0.217s][info][gc             ] GC(7) Pause Young (Allocation Failure) 4M->3M(4M) 1.487ms
[0.217s][info][gc,cpu         ] GC(7) User=0.00s Sys=0.00s Real=0.00s
[0.217s][info][gc,start       ] GC(8) Pause Full (Allocation Failure)
[0.217s][info][gc,phases,start] GC(8) Phase 1: Mark live objects
[0.219s][info][gc,phases      ] GC(8) Phase 1: Mark live objects 2.004ms
[0.219s][info][gc,phases,start] GC(8) Phase 2: Compute new object addresses
[0.219s][info][gc,phases      ] GC(8) Phase 2: Compute new object addresses 0.550ms
[0.220s][info][gc,phases,start] GC(8) Phase 3: Adjust pointers
[0.220s][info][gc,phases      ] GC(8) Phase 3: Adjust pointers 0.796ms
[0.220s][info][gc,phases,start] GC(8) Phase 4: Move objects
[0.220s][info][gc,phases      ] GC(8) Phase 4: Move objects 0.074ms
[0.220s][info][gc,heap        ] GC(8) DefNew: 1535K(1536K)->0K(2688K) Eden: 1408K(1408K)->0K(2432K) From: 127K(128K)->0K(256K)
[0.220s][info][gc,heap        ] GC(8) Tenured: 2617K(3308K)->3460K(5768K)
[0.220s][info][gc,metaspace   ] GC(8) Metaspace: 6296K(6464K)->6296K(6464K) NonClass: 5762K(5824K)->5762K(5824K) Class: 533K(640K)->533K(640K)
[0.221s][info][gc             ] GC(8) Pause Full (Allocation Failure) 3M->3M(8M) 3.673ms
[0.221s][info][gc,cpu         ] GC(8) User=0.00s Sys=0.00s Real=0.00s
[0.223s][info][gc,start       ] GC(9) Pause Young (Allocation Failure)
[0.226s][info][gc,heap        ] GC(9) DefNew: 2431K(2688K)->256K(2688K) Eden: 2431K(2432K)->0K(2432K) From: 0K(256K)->256K(256K)
[0.226s][info][gc,heap        ] GC(9) Tenured: 3460K(5768K)->4512K(5768K)
[0.226s][info][gc,metaspace   ] GC(9) Metaspace: 6296K(6464K)->6296K(6464K) NonClass: 5762K(5824K)->5762K(5824K) Class: 533K(640K)->533K(640K)
[0.226s][info][gc             ] GC(9) Pause Young (Allocation Failure) 5M->4M(8M) 2.479ms
[0.226s][info][gc,cpu         ] GC(9) User=0.00s Sys=0.02s Real=0.00s
[0.229s][info][gc,start       ] GC(10) Pause Young (Allocation Failure)
[0.233s][info][gc,heap        ] GC(10) DefNew: 2688K(2688K)->255K(2688K) Eden: 2432K(2432K)->0K(2432K) From: 256K(256K)->255K(256K)
[0.233s][info][gc,heap        ] GC(10) Tenured: 4512K(5768K)->5755K(5768K)
[0.233s][info][gc,metaspace   ] GC(10) Metaspace: 6296K(6464K)->6296K(6464K) NonClass: 5762K(5824K)->5762K(5824K) Class: 533K(640K)->533K(640K)
[0.233s][info][gc             ] GC(10) Pause Young (Allocation Failure) 7M->5M(8M) 3.563ms
[0.233s][info][gc,cpu         ] GC(10) User=0.00s Sys=0.00s Real=0.00s
[0.236s][info][gc,start       ] GC(11) Pause Young (Allocation Failure)
[0.239s][info][gc             ] GC(11) Pause Young (Allocation Failure) 8M->7M(9M) 3.151ms
[0.239s][info][gc,cpu         ] GC(11) User=0.00s Sys=0.00s Real=0.00s
[0.239s][info][gc,start       ] GC(12) Pause Full (Allocation Failure)
[0.239s][info][gc,phases,start] GC(12) Phase 1: Mark live objects
[0.243s][info][gc,phases      ] GC(12) Phase 1: Mark live objects 4.211ms
[0.243s][info][gc,phases,start] GC(12) Phase 2: Compute new object addresses
[0.244s][info][gc,phases      ] GC(12) Phase 2: Compute new object addresses 1.113ms
[0.245s][info][gc,phases,start] GC(12) Phase 3: Adjust pointers
[0.246s][info][gc,phases      ] GC(12) Phase 3: Adjust pointers 1.608ms
[0.246s][info][gc,phases,start] GC(12) Phase 4: Move objects
[0.247s][info][gc,phases      ] GC(12) Phase 4: Move objects 1.195ms
[0.248s][info][gc,heap        ] GC(12) DefNew: 2687K(2688K)->0K(5376K) Eden: 2432K(2432K)->0K(4800K) From: 255K(256K)->0K(576K)
[0.248s][info][gc,heap        ] GC(12) Tenured: 5755K(5768K)->7132K(11888K)
[0.248s][info][gc,metaspace   ] GC(12) Metaspace: 6296K(6464K)->6296K(6464K) NonClass: 5762K(5824K)->5762K(5824K) Class: 533K(640K)->533K(640K)
[0.248s][info][gc             ] GC(12) Pause Full (Allocation Failure) 7M->6M(16M) 8.603ms
[0.248s][info][gc,cpu         ] GC(12) User=0.00s Sys=0.00s Real=0.01s
[0.252s][info][gc,start       ] GC(13) Pause Young (Allocation Failure)
[0.257s][info][gc,heap        ] GC(13) DefNew: 4800K(5376K)->575K(5376K) Eden: 4800K(4800K)->0K(4800K) From: 0K(576K)->575K(576K)
[0.257s][info][gc,heap        ] GC(13) Tenured: 7132K(11888K)->9027K(11888K)
[0.257s][info][gc,metaspace   ] GC(13) Metaspace: 6296K(6464K)->6296K(6464K) NonClass: 5762K(5824K)->5762K(5824K) Class: 533K(640K)->533K(640K)
[0.257s][info][gc             ] GC(13) Pause Young (Allocation Failure) 11M->9M(16M) 5.115ms
[0.257s][info][gc,cpu         ] GC(13) User=0.00s Sys=0.00s Real=0.00s
[0.263s][info][gc,start       ] GC(14) Pause Young (Allocation Failure)
[0.269s][info][gc,heap        ] GC(14) DefNew: 5375K(5376K)->576K(5376K) Eden: 4800K(4800K)->0K(4800K) From: 575K(576K)->576K(576K)
[0.269s][info][gc,heap        ] GC(14) Tenured: 9027K(11888K)->11746K(11888K)
[0.269s][info][gc,metaspace   ] GC(14) Metaspace: 6296K(6464K)->6296K(6464K) NonClass: 5762K(5824K)->5762K(5824K) Class: 533K(640K)->533K(640K)
[0.269s][info][gc             ] GC(14) Pause Young (Allocation Failure) 14M->12M(16M) 6.186ms
[0.269s][info][gc,cpu         ] GC(14) User=0.00s Sys=0.00s Real=0.01s
[0.273s][info][gc,start       ] GC(15) Pause Young (Allocation Failure)
[0.278s][info][gc             ] GC(15) Pause Young (Allocation Failure) 16M->14M(19M) 5.320ms
[0.278s][info][gc,cpu         ] GC(15) User=0.00s Sys=0.00s Real=0.01s
[0.278s][info][gc,start       ] GC(16) Pause Full (Allocation Failure)
[0.278s][info][gc,phases,start] GC(16) Phase 1: Mark live objects
[0.285s][info][gc,phases      ] GC(16) Phase 1: Mark live objects 7.139ms
[0.285s][info][gc,phases,start] GC(16) Phase 2: Compute new object addresses
[0.288s][info][gc,phases      ] GC(16) Phase 2: Compute new object addresses 2.319ms
[0.288s][info][gc,phases,start] GC(16) Phase 3: Adjust pointers
[0.291s][info][gc,phases      ] GC(16) Phase 3: Adjust pointers 3.058ms
[0.291s][info][gc,phases,start] GC(16) Phase 4: Move objects
[0.291s][info][gc,phases      ] GC(16) Phase 4: Move objects 0.167ms
[0.291s][info][gc,heap        ] GC(16) DefNew: 5376K(5376K)->411K(10880K) Eden: 4800K(4800K)->411K(9728K) From: 576K(576K)->0K(1152K)
[0.291s][info][gc,heap        ] GC(16) Tenured: 11746K(11888K)->14383K(23976K)
[0.291s][info][gc,metaspace   ] GC(16) Metaspace: 6297K(6464K)->6297K(6464K) NonClass: 5764K(5824K)->5764K(5824K) Class: 533K(640K)->533K(640K)
[0.291s][info][gc             ] GC(16) Pause Full (Allocation Failure) 14M->14M(34M) 13.059ms
[0.291s][info][gc,cpu         ] GC(16) User=0.02s Sys=0.00s Real=0.01s
[0.298s][info][gc,start       ] GC(17) Pause Young (Allocation Failure)
[0.310s][info][gc,heap        ] GC(17) DefNew: 9728K(10880K)->1151K(10880K) Eden: 9728K(9728K)->0K(9728K) From: 0K(1152K)->1151K(1152K)
[0.310s][info][gc,heap        ] GC(17) Tenured: 14383K(23976K)->18409K(23976K)
[0.310s][info][gc,metaspace   ] GC(17) Metaspace: 6297K(6464K)->6297K(6464K) NonClass: 5764K(5824K)->5764K(5824K) Class: 533K(640K)->533K(640K)
[0.310s][info][gc             ] GC(17) Pause Young (Allocation Failure) 23M->19M(34M) 12.379ms
[0.310s][info][gc,cpu         ] GC(17) User=0.00s Sys=0.00s Real=0.01s
[0.319s][info][gc,start       ] GC(18) Pause Young (Allocation Failure)
[0.332s][info][gc,heap        ] GC(18) DefNew: 10879K(10880K)->1151K(10880K) Eden: 9728K(9728K)->0K(9728K) From: 1151K(1152K)->1151K(1152K)
[0.332s][info][gc,heap        ] GC(18) Tenured: 18409K(23976K)->23930K(23976K)
[0.332s][info][gc,metaspace   ] GC(18) Metaspace: 6297K(6464K)->6297K(6464K) NonClass: 5764K(5824K)->5764K(5824K) Class: 533K(640K)->533K(640K)
[0.332s][info][gc             ] GC(18) Pause Young (Allocation Failure) 28M->24M(34M) 12.506ms
[0.332s][info][gc,cpu         ] GC(18) User=0.00s Sys=0.00s Real=0.01s
[0.339s][info][gc,start       ] GC(19) Pause Young (Allocation Failure)
[0.350s][info][gc             ] GC(19) Pause Young (Allocation Failure) 33M->29M(38M) 10.922ms
[0.350s][info][gc,cpu         ] GC(19) User=0.00s Sys=0.00s Real=0.01s
[0.350s][info][gc,start       ] GC(20) Pause Full (Allocation Failure)
[0.350s][info][gc,phases,start] GC(20) Phase 1: Mark live objects
[0.364s][info][gc,phases      ] GC(20) Phase 1: Mark live objects 14.262ms
[0.364s][info][gc,phases,start] GC(20) Phase 2: Compute new object addresses
[0.369s][info][gc,phases      ] GC(20) Phase 2: Compute new object addresses 4.938ms
[0.369s][info][gc,phases,start] GC(20) Phase 3: Adjust pointers
[0.375s][info][gc,phases      ] GC(20) Phase 3: Adjust pointers 5.650ms
[0.375s][info][gc,phases,start] GC(20) Phase 4: Move objects
[0.375s][info][gc,phases      ] GC(20) Phase 4: Move objects 0.173ms
[0.375s][info][gc,heap        ] GC(20) DefNew: 10879K(10880K)->1074K(21888K) Eden: 9728K(9728K)->1074K(19520K) From: 1151K(1152K)->0K(2368K)
[0.375s][info][gc,heap        ] GC(20) Tenured: 23930K(23976K)->29036K(48396K)
[0.375s][info][gc,metaspace   ] GC(20) Metaspace: 6297K(6464K)->6297K(6464K) NonClass: 5764K(5824K)->5764K(5824K) Class: 533K(640K)->533K(640K)
[0.375s][info][gc             ] GC(20) Pause Full (Allocation Failure) 29M->29M(68M) 25.437ms
[0.375s][info][gc,cpu         ] GC(20) User=0.03s Sys=0.00s Real=0.02s
[0.390s][info][gc,start       ] GC(21) Pause Young (Allocation Failure)
[0.418s][info][gc,heap        ] GC(21) DefNew: 19520K(21888K)->2367K(21888K) Eden: 19520K(19520K)->0K(19520K) From: 0K(2368K)->2367K(2368K)
[0.418s][info][gc,heap        ] GC(21) Tenured: 29036K(48396K)->39331K(48396K)
[0.418s][info][gc,metaspace   ] GC(21) Metaspace: 6297K(6464K)->6297K(6464K) NonClass: 5764K(5824K)->5764K(5824K) Class: 533K(640K)->533K(640K)
[0.418s][info][gc             ] GC(21) Pause Young (Allocation Failure) 47M->40M(68M) 28.475ms
[0.418s][info][gc,cpu         ] GC(21) User=0.02s Sys=0.00s Real=0.03s
[0.437s][info][gc,start       ] GC(22) Pause Young (Allocation Failure)
[0.472s][info][gc             ] GC(22) Pause Young (Allocation Failure) 59M->59M(78M) 35.024ms
[0.472s][info][gc,cpu         ] GC(22) User=0.03s Sys=0.00s Real=0.04s
[0.472s][info][gc,start       ] GC(23) Pause Full (Allocation Failure)
[0.472s][info][gc,phases,start] GC(23) Phase 1: Mark live objects
[0.498s][info][gc,phases      ] GC(23) Phase 1: Mark live objects 25.425ms
[0.498s][info][gc,phases,start] GC(23) Phase 2: Compute new object addresses
[0.509s][info][gc,phases      ] GC(23) Phase 2: Compute new object addresses 10.758ms
[0.509s][info][gc,phases,start] GC(23) Phase 3: Adjust pointers
[0.520s][info][gc,phases      ] GC(23) Phase 3: Adjust pointers 10.890ms
[0.520s][info][gc,phases,start] GC(23) Phase 4: Move objects
[0.520s][info][gc,phases      ] GC(23) Phase 4: Move objects 0.423ms
[0.520s][info][gc,heap        ] GC(23) DefNew: 21887K(21888K)->2229K(44288K) Eden: 19520K(19520K)->2229K(39424K) From: 2367K(2368K)->0K(4864K)
[0.520s][info][gc,heap        ] GC(23) Tenured: 39331K(48396K)->58955K(98260K)
[0.520s][info][gc,metaspace   ] GC(23) Metaspace: 6297K(6464K)->6297K(6464K) NonClass: 5764K(5824K)->5764K(5824K) Class: 533K(640K)->533K(640K)
[0.521s][info][gc             ] GC(23) Pause Full (Allocation Failure) 59M->59M(139M) 48.176ms
[0.521s][info][gc,cpu         ] GC(23) User=0.05s Sys=0.00s Real=0.05s
[0.561s][info][gc,start       ] GC(24) Pause Young (Allocation Failure)
[0.623s][info][gc,heap        ] GC(24) DefNew: 39424K(44288K)->4864K(44288K) Eden: 39424K(39424K)->0K(39424K) From: 0K(4864K)->4864K(4864K)
[0.623s][info][gc,heap        ] GC(24) Tenured: 58955K(98260K)->93491K(98260K)
[0.623s][info][gc,metaspace   ] GC(24) Metaspace: 6297K(6464K)->6297K(6464K) NonClass: 5764K(5824K)->5764K(5824K) Class: 533K(640K)->533K(640K)
[0.623s][info][gc             ] GC(24) Pause Young (Allocation Failure) 96M->96M(139M) 62.041ms
[0.623s][info][gc,cpu         ] GC(24) User=0.03s Sys=0.02s Real=0.06s
[0.656s][info][gc,start       ] GC(25) Pause Young (Allocation Failure)
[0.725s][info][gc             ] GC(25) Pause Young (Allocation Failure) 134M->134M(173M) 69.634ms
[0.725s][info][gc,cpu         ] GC(25) User=0.05s Sys=0.02s Real=0.07s
[0.725s][info][gc,start       ] GC(26) Pause Full (Allocation Failure)
[0.725s][info][gc,phases,start] GC(26) Phase 1: Mark live objects
[0.779s][info][gc,phases      ] GC(26) Phase 1: Mark live objects 53.343ms
[0.779s][info][gc,phases,start] GC(26) Phase 2: Compute new object addresses
[0.800s][info][gc,phases      ] GC(26) Phase 2: Compute new object addresses 21.217ms
[0.800s][info][gc,phases,start] GC(26) Phase 3: Adjust pointers
[0.827s][info][gc,phases      ] GC(26) Phase 3: Adjust pointers 27.059ms
[0.827s][info][gc,phases,start] GC(26) Phase 4: Move objects
[0.853s][info][gc,phases      ] GC(26) Phase 4: Move objects 25.423ms
[0.853s][info][gc,heap        ] GC(26) DefNew: 44288K(44288K)->1018K(99712K) Eden: 39424K(39424K)->1018K(88640K) From: 4864K(4864K)->0K(11072K)
[0.853s][info][gc,heap        ] GC(26) Tenured: 93491K(98260K)->132887K(221480K)
[0.853s][info][gc,metaspace   ] GC(26) Metaspace: 6297K(6464K)->6297K(6464K) NonClass: 5764K(5824K)->5764K(5824K) Class: 533K(640K)->533K(640K)
[0.853s][info][gc             ] GC(26) Pause Full (Allocation Failure) 134M->130M(313M) 127.905ms
[0.853s][info][gc,cpu         ] GC(26) User=0.12s Sys=0.00s Real=0.13s
[0.951s][info][gc,start       ] GC(27) Pause Young (Allocation Failure)
[1.098s][info][gc,heap        ] GC(27) DefNew: 88640K(99712K)->11071K(99712K) Eden: 88640K(88640K)->0K(88640K) From: 0K(11072K)->11071K(11072K)
[1.098s][info][gc,heap        ] GC(27) Tenured: 132887K(221480K)->210429K(221480K)
[1.098s][info][gc,metaspace   ] GC(27) Metaspace: 6297K(6464K)->6297K(6464K) NonClass: 5764K(5824K)->5764K(5824K) Class: 533K(640K)->533K(640K)
[1.098s][info][gc             ] GC(27) Pause Young (Allocation Failure) 216M->216M(313M) 147.600ms
[1.098s][info][gc,cpu         ] GC(27) User=0.14s Sys=0.00s Real=0.15s
[1.182s][info][gc,start       ] GC(28) Pause Young (Allocation Failure)
[1.352s][info][gc             ] GC(28) Pause Young (Allocation Failure) 302M->302M(389M) 170.146ms
[1.352s][info][gc,cpu         ] GC(28) User=0.14s Sys=0.02s Real=0.17s
[1.352s][info][gc,start       ] GC(29) Pause Full (Allocation Failure)
[1.352s][info][gc,phases,start] GC(29) Phase 1: Mark live objects
[1.484s][info][gc,phases      ] GC(29) Phase 1: Mark live objects 132.010ms
[1.484s][info][gc,phases,start] GC(29) Phase 2: Compute new object addresses
[1.533s][info][gc,phases      ] GC(29) Phase 2: Compute new object addresses 48.668ms
[1.533s][info][gc,phases,start] GC(29) Phase 3: Adjust pointers
[1.590s][info][gc,phases      ] GC(29) Phase 3: Adjust pointers 56.837ms
[1.590s][info][gc,phases,start] GC(29) Phase 4: Move objects
[1.592s][info][gc,phases      ] GC(29) Phase 4: Move objects 2.284ms
[1.593s][info][gc,heap        ] GC(29) DefNew: 99711K(99712K)->10931K(224448K) Eden: 88640K(88640K)->10931K(199552K) From: 11071K(11072K)->0K(24896K)
[1.593s][info][gc,heap        ] GC(29) Tenured: 210429K(221480K)->299179K(498636K)
[1.593s][info][gc,metaspace   ] GC(29) Metaspace: 6297K(6464K)->6297K(6464K) NonClass: 5764K(5824K)->5764K(5824K) Class: 533K(640K)->533K(640K)
[1.593s][info][gc             ] GC(29) Pause Full (Allocation Failure) 302M->302M(706M) 241.231ms
[1.593s][info][gc,cpu         ] GC(29) User=0.23s Sys=0.00s Real=0.24s
[1.802s][info][gc,start       ] GC(30) Pause Young (Allocation Failure)
[2.138s][info][gc,heap        ] GC(30) DefNew: 199552K(224448K)->24895K(224448K) Eden: 199552K(199552K)->0K(199552K) From: 0K(24896K)->24895K(24896K)
[2.138s][info][gc,heap        ] GC(30) Tenured: 299179K(498636K)->473810K(498636K)
[2.138s][info][gc,metaspace   ] GC(30) Metaspace: 6297K(6464K)->6297K(6464K) NonClass: 5764K(5824K)->5764K(5824K) Class: 533K(640K)->533K(640K)
[2.138s][info][gc             ] GC(30) Pause Young (Allocation Failure) 487M->487M(706M) 336.415ms
[2.138s][info][gc,cpu         ] GC(30) User=0.27s Sys=0.06s Real=0.34s
[2.323s][info][gc,start       ] GC(31) Pause Young (Allocation Failure)
[2.703s][info][gc             ] GC(31) Pause Young (Allocation Failure) 681M->681M(876M) 380.524ms
[2.703s][info][gc,cpu         ] GC(31) User=0.30s Sys=0.05s Real=0.38s
[2.703s][info][gc,start       ] GC(32) Pause Full (Allocation Failure)
[2.703s][info][gc,phases,start] GC(32) Phase 1: Mark live objects
[3.010s][info][gc,phases      ] GC(32) Phase 1: Mark live objects 307.120ms
[3.010s][info][gc,phases,start] GC(32) Phase 2: Compute new object addresses
[3.116s][info][gc,phases      ] GC(32) Phase 2: Compute new object addresses 105.069ms
[3.116s][info][gc,phases,start] GC(32) Phase 3: Adjust pointers
[3.231s][info][gc,phases      ] GC(32) Phase 3: Adjust pointers 115.492ms
[3.231s][info][gc,phases,start] GC(32) Phase 4: Move objects
[3.237s][info][gc,phases      ] GC(32) Phase 4: Move objects 5.405ms
[3.239s][info][gc,heap        ] GC(32) DefNew: 224447K(224448K)->24799K(505152K) Eden: 199552K(199552K)->24799K(449088K) From: 24895K(24896K)->0K(56064K)
[3.239s][info][gc,heap        ] GC(32) Tenured: 473810K(498636K)->673423K(1122376K)
[3.239s][info][gc,metaspace   ] GC(32) Metaspace: 6297K(6464K)->6297K(6464K) NonClass: 5764K(5824K)->5764K(5824K) Class: 533K(640K)->533K(640K)
[3.239s][info][gc             ] GC(32) Pause Full (Allocation Failure) 681M->681M(1589M) 535.342ms
[3.239s][info][gc,cpu         ] GC(32) User=0.55s Sys=0.00s Real=0.54s
[3.714s][info][gc,start       ] GC(33) Pause Young (Allocation Failure)
[4.490s][info][gc,heap        ] GC(33) DefNew: 449088K(505152K)->56064K(505152K) Eden: 449088K(449088K)->0K(449088K) From: 0K(56064K)->56064K(56064K)
[4.490s][info][gc,heap        ] GC(33) Tenured: 673423K(1122376K)->1066422K(1122376K)
[4.490s][info][gc,metaspace   ] GC(33) Metaspace: 6297K(6464K)->6297K(6464K) NonClass: 5764K(5824K)->5764K(5824K) Class: 533K(640K)->533K(640K)
[4.490s][info][gc             ] GC(33) Pause Young (Allocation Failure) 1096M->1096M(1589M) 775.535ms
[4.490s][info][gc,cpu         ] GC(33) User=0.61s Sys=0.12s Real=0.78s
[4.975s][info][gc,start       ] GC(34) Pause Young (Allocation Failure)
[5.705s][info][gc             ] GC(34) Pause Young (Allocation Failure) 1534M->1483M(1921M) 729.579ms
[5.705s][info][gc,cpu         ] GC(34) User=0.59s Sys=0.09s Real=0.73s
[5.705s][info][gc,start       ] GC(35) Pause Full (Allocation Failure)
[5.705s][info][gc,phases,start] GC(35) Phase 1: Mark live objects
[6.358s][info][gc,phases      ] GC(35) Phase 1: Mark live objects 653.068ms
[6.358s][info][gc,phases,start] GC(35) Phase 2: Compute new object addresses
[6.574s][info][gc,phases      ] GC(35) Phase 2: Compute new object addresses 215.788ms
[6.574s][info][gc,phases,start] GC(35) Phase 3: Adjust pointers
[6.876s][info][gc,phases      ] GC(35) Phase 3: Adjust pointers 302.140ms
[6.876s][info][gc,phases,start] GC(35) Phase 4: Move objects
[6.888s][info][gc,phases      ] GC(35) Phase 4: Move objects 11.980ms
[6.892s][info][gc,heap        ] GC(35) DefNew: 505152K(505152K)->55950K(1097216K) Eden: 449088K(449088K)->55950K(975360K) From: 56064K(56064K)->0K(121856K)
[6.892s][info][gc,heap        ] GC(35) Tenured: 1066422K(1122376K)->1462859K(2438100K)
[6.893s][info][gc,metaspace   ] GC(35) Metaspace: 6297K(6464K)->6297K(6464K) NonClass: 5764K(5824K)->5764K(5824K) Class: 533K(640K)->533K(640K)
[6.893s][info][gc             ] GC(35) Pause Full (Allocation Failure) 1483M->1483M(3452M) 1187.719ms
[6.893s][info][gc,cpu         ] GC(35) User=1.20s Sys=0.00s Real=1.19s
[7.889s][info][gc,start       ] GC(36) Pause Young (Allocation Failure)
[9.671s][info][gc,heap        ] GC(36) DefNew: 975360K(1097216K)->121856K(1097216K) Eden: 975360K(975360K)->0K(975360K) From: 0K(121856K)->121856K(121856K)
[9.671s][info][gc,heap        ] GC(36) Tenured: 1462859K(2438100K)->2316334K(2438100K)
[9.671s][info][gc,metaspace   ] GC(36) Metaspace: 6297K(6464K)->6297K(6464K) NonClass: 5764K(5824K)->5764K(5824K) Class: 533K(640K)->533K(640K)
[9.671s][info][gc             ] GC(36) Pause Young (Allocation Failure) 2381M->2381M(3452M) 1781.733ms
[9.671s][info][gc,cpu         ] GC(36) User=1.50s Sys=0.27s Real=1.78s
[10.636s][info][gc,start       ] GC(37) Pause Young (Allocation Failure)
[12.339s][info][gc             ] GC(37) Pause Young (Allocation Failure) 3333M->3333M(4286M) 1703.745ms
[12.339s][info][gc,cpu         ] GC(37) User=1.30s Sys=0.41s Real=1.70s
[12.340s][info][gc,start       ] GC(38) Pause Full (Allocation Failure)
[12.340s][info][gc,phases,start] GC(38) Phase 1: Mark live objects
[13.851s][info][gc,phases      ] GC(38) Phase 1: Mark live objects 1511.703ms
[13.851s][info][gc,phases,start] GC(38) Phase 2: Compute new object addresses
[14.351s][info][gc,phases      ] GC(38) Phase 2: Compute new object addresses 499.232ms
[14.351s][info][gc,phases,start] GC(38) Phase 3: Adjust pointers
[15.024s][info][gc,phases      ] GC(38) Phase 3: Adjust pointers 673.550ms
[15.024s][info][gc,phases,start] GC(38) Phase 4: Move objects
[15.662s][info][gc,phases      ] GC(38) Phase 4: Move objects 637.712ms
[15.671s][info][gc,heap        ] GC(38) DefNew: 1097216K(1097216K)->27642K(2468800K) Eden: 975360K(975360K)->27642K(2194496K) From: 121856K(121856K)->0K(274304K)
[15.671s][info][gc,heap        ] GC(38) Tenured: 2316334K(2438100K)->3291671K(5486120K)
[15.671s][info][gc,metaspace   ] GC(38) Metaspace: 6297K(6464K)->6297K(6464K) NonClass: 5764K(5824K)->5764K(5824K) Class: 533K(640K)->533K(640K)
[15.671s][info][gc             ] GC(38) Pause Full (Allocation Failure) 3333M->3241M(7768M) 3331.736ms
[15.671s][info][gc,cpu         ] GC(38) User=3.31s Sys=0.00s Real=3.33s
[17.890s][info][gc,start       ] GC(39) Pause Young (Allocation Failure)
[21.720s][info][gc,heap        ] GC(39) DefNew: 2194496K(2468800K)->274303K(2468800K) Eden: 2194496K(2194496K)->0K(2194496K) From: 0K(274304K)->274303K(274304K)
[21.720s][info][gc,heap        ] GC(39) Tenured: 3291671K(5486120K)->5211835K(5486120K)
[21.720s][info][gc,metaspace   ] GC(39) Metaspace: 6297K(6464K)->6297K(6464K) NonClass: 5764K(5824K)->5764K(5824K) Class: 533K(640K)->533K(640K)
[21.720s][info][gc             ] GC(39) Pause Young (Allocation Failure) 5357M->5357M(7768M) 3830.003ms
[21.720s][info][gc,cpu         ] GC(39) User=3.08s Sys=0.70s Real=3.83s
[23.773s][info][gc,start       ] GC(40) Pause Young (Allocation Failure)
[27.619s][info][gc             ] GC(40) Pause Young (Allocation Failure) 7500M->7500M(9643M) 3845.737ms
[27.619s][info][gc,cpu         ] GC(40) User=3.34s Sys=0.45s Real=3.85s
[27.619s][info][gc,start       ] GC(41) Pause Full (Allocation Failure)
[27.619s][info][gc,phases,start] GC(41) Phase 1: Mark live objects
[31.145s][info][gc,phases      ] GC(41) Phase 1: Mark live objects 3525.332ms
[31.145s][info][gc,phases,start] GC(41) Phase 2: Compute new object addresses
[32.367s][info][gc,phases      ] GC(41) Phase 2: Compute new object addresses 1222.396ms
[32.367s][info][gc,phases,start] GC(41) Phase 3: Adjust pointers
[33.638s][info][gc,phases      ] GC(41) Phase 3: Adjust pointers 1270.457ms
[33.638s][info][gc,phases,start] GC(41) Phase 4: Move objects
[33.695s][info][gc,phases      ] GC(41) Phase 4: Move objects 57.604ms
[33.706s][info][gc,heap        ] GC(41) DefNew: 2468799K(2468800K)->274229K(4362240K) Eden: 2194496K(2194496K)->274229K(3877568K) From: 274303K(274304K)->0K(484672K)
[33.706s][info][gc,heap        ] GC(41) Tenured: 5211835K(5486120K)->7406379K(9693888K)
[33.706s][info][gc,metaspace   ] GC(41) Metaspace: 6297K(6464K)->6297K(6464K) NonClass: 5764K(5824K)->5764K(5824K) Class: 533K(640K)->533K(640K)
[33.706s][info][gc             ] GC(41) Pause Full (Allocation Failure) 7500M->7500M(13726M) 6086.560ms
[33.706s][info][gc,cpu         ] GC(41) User=6.03s Sys=0.02s Real=6.09s
[37.211s][info][gc,start       ] GC(42) Pause Young (Allocation Failure)
[46.442s][info][gc,promotion   ] GC(42) Promotion failed
[46.442s][info][gc             ] GC(42) Pause Young (Allocation Failure) 11019M->13726M(13726M) 9231.290ms
[46.442s][info][gc,cpu         ] GC(42) User=7.11s Sys=1.98s Real=9.23s
[46.442s][info][gc,start       ] GC(43) Pause Full (Allocation Failure)
[46.442s][info][gc,phases,start] GC(43) Phase 1: Mark live objects
[56.150s][info][gc,phases      ] GC(43) Phase 1: Mark live objects 9707.928ms
[56.150s][info][gc,phases,start] GC(43) Phase 2: Compute new object addresses
[58.428s][info][gc,phases      ] GC(43) Phase 2: Compute new object addresses 2277.602ms
[58.428s][info][gc,phases,start] GC(43) Phase 3: Adjust pointers
[62.620s][info][gc,phases      ] GC(43) Phase 3: Adjust pointers 4192.378ms
[62.620s][info][gc,phases,start] GC(43) Phase 4: Move objects
[63.063s][info][gc,phases      ] GC(43) Phase 4: Move objects 443.170ms
[63.086s][info][gc,heap        ] GC(43) DefNew: 3877568K(4362240K)->1590026K(4362240K) Eden: 3877568K(3877568K)->1590026K(3877568K) From: 0K(484672K)->0K(484672K)
[63.086s][info][gc,heap        ] GC(43) Tenured: 7406379K(9693888K)->9693888K(9693888K)
[63.086s][info][gc,metaspace   ] GC(43) Metaspace: 6297K(6464K)->6297K(6464K) NonClass: 5764K(5824K)->5764K(5824K) Class: 533K(640K)->533K(640K)
[63.086s][info][gc             ] GC(43) Pause Full (Allocation Failure) 13726M->11019M(13726M) 16644.310ms
[63.086s][info][gc,cpu         ] GC(43) User=8.48s Sys=3.44s Real=16.64s
[66.775s][info][gc,start       ] GC(44) Pause Full (Allocation Failure)
[66.775s][info][gc,phases,start] GC(44) Phase 1: Mark live objects
[73.386s][info][gc,phases      ] GC(44) Phase 1: Mark live objects 6610.493ms
[73.386s][info][gc,phases,start] GC(44) Phase 2: Compute new object addresses
[75.340s][info][gc,phases      ] GC(44) Phase 2: Compute new object addresses 1953.944ms
[75.340s][info][gc,phases,start] GC(44) Phase 3: Adjust pointers
[78.021s][info][gc,phases      ] GC(44) Phase 3: Adjust pointers 2681.445ms
[78.021s][info][gc,phases,start] GC(44) Phase 4: Move objects
[78.411s][info][gc,phases      ] GC(44) Phase 4: Move objects 389.841ms
[78.412s][info][gc,heap        ] GC(44) DefNew: 4362239K(4362240K)->4362225K(4362240K) Eden: 3877568K(3877568K)->3877567K(3877568K) From: 484671K(484672K)->484657K(484672K)
[78.412s][info][gc,heap        ] GC(44) Tenured: 9693888K(9693888K)->9693888K(9693888K)
[78.412s][info][gc,metaspace   ] GC(44) Metaspace: 6297K(6464K)->6297K(6464K) NonClass: 5764K(5824K)->5764K(5824K) Class: 533K(640K)->533K(640K)
[78.412s][info][gc             ] GC(44) Pause Full (Allocation Failure) 13726M->13726M(13726M) 11637.252ms
[78.412s][info][gc,cpu         ] GC(44) User=11.59s Sys=0.02s Real=11.64s
[78.413s][info][gc,start       ] GC(45) Pause Full (Allocation Failure)
[78.413s][info][gc,phases,start] GC(45) Phase 1: Mark live objects
[84.671s][info][gc,phases      ] GC(45) Phase 1: Mark live objects 6258.158ms
[84.671s][info][gc,phases,start] GC(45) Phase 2: Compute new object addresses
[86.638s][info][gc,phases      ] GC(45) Phase 2: Compute new object addresses 1966.667ms
[86.638s][info][gc,phases,start] GC(45) Phase 3: Adjust pointers
[89.649s][info][gc,phases      ] GC(45) Phase 3: Adjust pointers 3011.093ms
[89.649s][info][gc,phases,start] GC(45) Phase 4: Move objects
[93.614s][info][gc,phases      ] GC(45) Phase 4: Move objects 3965.525ms
[93.615s][info][gc,heap        ] GC(45) DefNew: 4362239K(4362240K)->3969024K(4362240K) Eden: 3877567K(3877568K)->3877567K(3877568K) From: 484671K(484672K)->91456K(484672K)
[93.615s][info][gc,heap        ] GC(45) Tenured: 9693888K(9693888K)->9693887K(9693888K)
[93.615s][info][gc,metaspace   ] GC(45) Metaspace: 6297K(6464K)->6297K(6464K) NonClass: 5764K(5824K)->5764K(5824K) Class: 533K(640K)->533K(640K)
[93.616s][info][gc             ] GC(45) Pause Full (Allocation Failure) 13726M->13342M(13726M) 15202.874ms
[93.616s][info][gc,cpu         ] GC(45) User=13.91s Sys=1.20s Real=15.20s
[94.716s][info][gc,start       ] GC(46) Pause Full (Allocation Failure)
[94.717s][info][gc,phases,start] GC(46) Phase 1: Mark live objects
[101.410s][info][gc,phases      ] GC(46) Phase 1: Mark live objects 6693.672ms
[101.410s][info][gc,phases,start] GC(46) Phase 2: Compute new object addresses
[103.545s][info][gc,phases      ] GC(46) Phase 2: Compute new object addresses 2134.445ms
[103.545s][info][gc,phases,start] GC(46) Phase 3: Adjust pointers
[106.464s][info][gc,phases      ] GC(46) Phase 3: Adjust pointers 2919.111ms
[106.464s][info][gc,phases,start] GC(46) Phase 4: Move objects
[106.464s][info][gc,phases      ] GC(46) Phase 4: Move objects 0.018ms
[106.465s][info][gc,heap        ] GC(46) DefNew: 4362240K(4362240K)->4362240K(4362240K) Eden: 3877568K(3877568K)->3877568K(3877568K) From: 484672K(484672K)->484672K(484672K)
[106.465s][info][gc,heap        ] GC(46) Tenured: 9693887K(9693888K)->9693887K(9693888K)
[106.465s][info][gc,metaspace   ] GC(46) Metaspace: 6297K(6464K)->6297K(6464K) NonClass: 5764K(5824K)->5764K(5824K) Class: 533K(640K)->533K(640K)
[106.465s][info][gc             ] GC(46) Pause Full (Allocation Failure) 13726M->13726M(13726M) 11748.607ms
[106.465s][info][gc,cpu         ] GC(46) User=11.64s Sys=0.02s Real=11.75s
[106.465s][info][gc,start       ] GC(47) Pause Full (Allocation Failure)
[106.465s][info][gc,phases,start] GC(47) Phase 1: Mark live objects
[113.338s][info][gc,phases      ] GC(47) Phase 1: Mark live objects 6873.098ms
[113.338s][info][gc,phases,start] GC(47) Phase 2: Compute new object addresses
[115.913s][info][gc,phases      ] GC(47) Phase 2: Compute new object addresses 2574.852ms
[115.913s][info][gc,phases,start] GC(47) Phase 3: Adjust pointers
[119.552s][info][gc,phases      ] GC(47) Phase 3: Adjust pointers 3638.895ms
[119.552s][info][gc,phases,start] GC(47) Phase 4: Move objects
[121.968s][info][gc,phases      ] GC(47) Phase 4: Move objects 2415.517ms
[121.971s][info][gc,heap        ] GC(47) DefNew: 4362240K(4362240K)->4362235K(4362240K) Eden: 3877568K(3877568K)->3877567K(3877568K) From: 484672K(484672K)->484667K(484672K)
[121.971s][info][gc,heap        ] GC(47) Tenured: 9693887K(9693888K)->9693887K(9693888K)
[121.971s][info][gc,metaspace   ] GC(47) Metaspace: 6297K(6464K)->6296K(6464K) NonClass: 5764K(5824K)->5763K(5824K) Class: 533K(640K)->532K(640K)
[121.971s][info][gc             ] GC(47) Pause Full (Allocation Failure) 13726M->13726M(13726M) 15505.633ms
[121.971s][info][gc,cpu         ] GC(47) User=15.33s Sys=0.02s Real=15.51s
[121.991s][info][gc,start       ] GC(48) Pause Full (Allocation Failure)
[121.991s][info][gc,phases,start] GC(48) Phase 1: Mark live objects
[128.922s][info][gc,phases      ] GC(48) Phase 1: Mark live objects 6931.087ms
[128.922s][info][gc,phases,start] GC(48) Phase 2: Compute new object addresses
[131.203s][info][gc,phases      ] GC(48) Phase 2: Compute new object addresses 2280.676ms
[131.203s][info][gc,phases,start] GC(48) Phase 3: Adjust pointers
[133.858s][info][gc,phases      ] GC(48) Phase 3: Adjust pointers 2655.012ms
[133.858s][info][gc,phases,start] GC(48) Phase 4: Move objects
[133.858s][info][gc,phases      ] GC(48) Phase 4: Move objects 0.017ms
[133.859s][info][gc,heap        ] GC(48) DefNew: 4362239K(4362240K)->4362239K(4362240K) Eden: 3877568K(3877568K)->3877568K(3877568K) From: 484671K(484672K)->484671K(484672K)
[133.859s][info][gc,heap        ] GC(48) Tenured: 9693887K(9693888K)->9693887K(9693888K)
[133.859s][info][gc,metaspace   ] GC(48) Metaspace: 6296K(6464K)->6296K(6464K) NonClass: 5763K(5824K)->5763K(5824K) Class: 532K(640K)->532K(640K)
[133.859s][info][gc             ] GC(48) Pause Full (Allocation Failure) 13726M->13726M(13726M) 11868.163ms
[133.859s][info][gc,cpu         ] GC(48) User=11.77s Sys=0.00s Real=11.87s
[133.859s][info][gc,start       ] GC(49) Pause Full (Allocation Failure)
[133.859s][info][gc,phases,start] GC(49) Phase 1: Mark live objects
[140.268s][info][gc,phases      ] GC(49) Phase 1: Mark live objects 6409.372ms
[140.268s][info][gc,phases,start] GC(49) Phase 2: Compute new object addresses
[142.282s][info][gc,phases      ] GC(49) Phase 2: Compute new object addresses 2013.411ms
[142.282s][info][gc,phases,start] GC(49) Phase 3: Adjust pointers
[145.009s][info][gc,phases      ] GC(49) Phase 3: Adjust pointers 2727.201ms
[145.009s][info][gc,phases,start] GC(49) Phase 4: Move objects
[145.009s][info][gc,phases      ] GC(49) Phase 4: Move objects 0.017ms
[145.010s][info][gc,heap        ] GC(49) DefNew: 4362239K(4362240K)->4362239K(4362240K) Eden: 3877568K(3877568K)->3877568K(3877568K) From: 484671K(484672K)->484671K(484672K)
[145.010s][info][gc,heap        ] GC(49) Tenured: 9693887K(9693888K)->9693887K(9693888K)
[145.010s][info][gc,metaspace   ] GC(49) Metaspace: 6296K(6464K)->6296K(6464K) NonClass: 5763K(5824K)->5763K(5824K) Class: 532K(640K)->532K(640K)
[145.010s][info][gc             ] GC(49) Pause Full (Allocation Failure) 13726M->13726M(13726M) 11151.000ms
[145.010s][info][gc,cpu         ] GC(49) User=11.12s Sys=0.00s Real=11.15s
[145.021s][info][gc,start       ] GC(50) Pause Full (Allocation Failure)
[145.021s][info][gc,phases,start] GC(50) Phase 1: Mark live objects
[151.647s][info][gc,phases      ] GC(50) Phase 1: Mark live objects 6625.932ms
[151.647s][info][gc,phases,start] GC(50) Phase 2: Compute new object addresses
[153.698s][info][gc,phases      ] GC(50) Phase 2: Compute new object addresses 2051.005ms
[153.698s][info][gc,phases,start] GC(50) Phase 3: Adjust pointers
[156.336s][info][gc,phases      ] GC(50) Phase 3: Adjust pointers 2637.720ms
[156.336s][info][gc,phases,start] GC(50) Phase 4: Move objects
[156.336s][info][gc,phases      ] GC(50) Phase 4: Move objects 0.016ms
[156.337s][info][gc,heap        ] GC(50) DefNew: 4362240K(4362240K)->4362240K(4362240K) Eden: 3877568K(3877568K)->3877568K(3877568K) From: 484672K(484672K)->484672K(484672K)
[156.337s][info][gc,heap        ] GC(50) Tenured: 9693888K(9693888K)->9693888K(9693888K)
[156.337s][info][gc,metaspace   ] GC(50) Metaspace: 6296K(6464K)->6296K(6464K) NonClass: 5763K(5824K)->5763K(5824K) Class: 532K(640K)->532K(640K)
[156.337s][info][gc             ] GC(50) Pause Full (Allocation Failure) 13726M->13726M(13726M) 11316.025ms
[156.337s][info][gc,cpu         ] GC(50) User=11.31s Sys=0.00s Real=11.32s
[156.337s][info][gc,start       ] GC(51) Pause Full (Allocation Failure)
[156.337s][info][gc,phases,start] GC(51) Phase 1: Mark live objects
[162.771s][info][gc,phases      ] GC(51) Phase 1: Mark live objects 6434.001ms
[162.771s][info][gc,phases,start] GC(51) Phase 2: Compute new object addresses
[164.690s][info][gc,phases      ] GC(51) Phase 2: Compute new object addresses 1919.287ms
[164.690s][info][gc,phases,start] GC(51) Phase 3: Adjust pointers
[167.991s][info][gc,phases      ] GC(51) Phase 3: Adjust pointers 3300.878ms
[167.991s][info][gc,phases,start] GC(51) Phase 4: Move objects
[170.482s][info][gc,phases      ] GC(51) Phase 4: Move objects 2491.018ms
[170.483s][info][gc,heap        ] GC(51) DefNew: 4362240K(4362240K)->4362238K(4362240K) Eden: 3877568K(3877568K)->3877567K(3877568K) From: 484672K(484672K)->484670K(484672K)
[170.483s][info][gc,heap        ] GC(51) Tenured: 9693888K(9693888K)->9693887K(9693888K)
[170.483s][info][gc,metaspace   ] GC(51) Metaspace: 6296K(6464K)->6296K(6464K) NonClass: 5763K(5824K)->5763K(5824K) Class: 532K(640K)->532K(640K)
[170.483s][info][gc             ] GC(51) Pause Full (Allocation Failure) 13726M->13726M(13726M) 14146.578ms
[170.483s][info][gc,cpu         ] GC(51) User=14.09s Sys=0.00s Real=14.15s
[170.502s][info][gc,start       ] GC(52) Pause Full (Allocation Failure)
[170.503s][info][gc,phases,start] GC(52) Phase 1: Mark live objects
[177.584s][info][gc,phases      ] GC(52) Phase 1: Mark live objects 7081.890ms
[177.584s][info][gc,phases,start] GC(52) Phase 2: Compute new object addresses
[180.259s][info][gc,phases      ] GC(52) Phase 2: Compute new object addresses 2674.720ms
[180.259s][info][gc,phases,start] GC(52) Phase 3: Adjust pointers
[183.176s][info][gc,phases      ] GC(52) Phase 3: Adjust pointers 2916.865ms
[183.176s][info][gc,phases,start] GC(52) Phase 4: Move objects
[183.176s][info][gc,phases      ] GC(52) Phase 4: Move objects 0.024ms
[183.177s][info][gc,heap        ] GC(52) DefNew: 4362239K(4362240K)->4362239K(4362240K) Eden: 3877568K(3877568K)->3877567K(3877568K) From: 484671K(484672K)->484671K(484672K)
[183.177s][info][gc,heap        ] GC(52) Tenured: 9693887K(9693888K)->9693887K(9693888K)
[183.177s][info][gc,metaspace   ] GC(52) Metaspace: 6298K(6464K)->6298K(6464K) NonClass: 5764K(5824K)->5764K(5824K) Class: 533K(640K)->533K(640K)
[183.177s][info][gc             ] GC(52) Pause Full (Allocation Failure) 13726M->13726M(13726M) 12674.975ms
[183.177s][info][gc,cpu         ] GC(52) User=12.25s Sys=0.00s Real=12.67s
[183.182s][info][gc,heap,exit   ] Heap
[183.182s][info][gc,heap,exit   ]  def new generation   total 4362240K, used 4362239K [0x0000000488800000, 0x00000005b0550000, 0x00000005b0550000)
[183.182s][info][gc,heap,exit   ]   eden space 3877568K, 100% used [0x0000000488800000, 0x00000005752b0000, 0x00000005752b0000)
[183.182s][info][gc,heap,exit   ]   from space 484672K,  99% used [0x0000000592c00000, 0x00000005b054ff80, 0x00000005b0550000)
[183.182s][info][gc,heap,exit   ]   to   space 484672K,   0% used [0x00000005752b0000, 0x00000005752b0000, 0x0000000592c00000)
[183.182s][info][gc,heap,exit   ]  tenured generation   total 9693888K, used 9693887K [0x00000005b0550000, 0x0000000800000000, 0x0000000800000000)
[183.182s][info][gc,heap,exit   ]    the space 9693888K,  99% used [0x00000005b0550000, 0x00000007ffffffe0, 0x0000000800000000, 0x0000000800000000)
[183.182s][info][gc,heap,exit   ]  Metaspace       used 6301K, committed 6464K, reserved 1114112K
[183.182s][info][gc,heap,exit   ]   class space    used 534K, committed 640K, reserved 1048576K
