[0.010s][info][gc,init] CardTable entry size: 512
[0.010s][info][gc     ] Using Serial
[0.010s][info][gc,init] Version: 18.0.1+10 (release)
[0.010s][info][gc,init] CPUs: 8 total, 8 available
[0.010s][info][gc,init] Memory: 16063M
[0.010s][info][gc,init] Large Page Support: Disabled
[0.010s][info][gc,init] NUMA Support: Disabled
[0.010s][info][gc,init] Compressed Oops: Enabled (Zero based)
[0.010s][info][gc,init] Heap Min Capacity: 2M
[0.010s][info][gc,init] Heap Initial Capacity: 2M
[0.010s][info][gc,init] Heap Max Capacity: 10700M
[0.010s][info][gc,init] Pre-touch: Disabled
[0.011s][info][gc,metaspace] CDS archive(s) not mapped
[0.011s][info][gc,metaspace] Compressed class space mapped at: 0x0000000800000000-0x0000000840000000, reserved size: 1073741824
[0.011s][info][gc,metaspace] Narrow klass base: 0x0000000800000000, Narrow klass shift: 0, Narrow klass range: 0x40000000
[0.160s][info][gc,start    ] GC(0) Pause Young (Allocation Failure)
[0.161s][info][gc,heap     ] GC(0) DefNew: 1023K(1152K)->127K(1152K) Eden: 1023K(1024K)->0K(1024K) From: 0K(128K)->127K(128K)
[0.161s][info][gc,heap     ] GC(0) Tenured: 0K(768K)->439K(768K)
[0.161s][info][gc,metaspace] GC(0) Metaspace: 5904K(6016K)->5904K(6016K) NonClass: 5405K(5504K)->5405K(5504K) Class: 499K(512K)->499K(512K)
[0.161s][info][gc          ] GC(0) Pause Young (Allocation Failure) 0M->0M(1M) 1.430ms
[0.161s][info][gc,cpu      ] GC(0) User=0.00s Sys=0.00s Real=0.00s
[0.179s][info][gc,start    ] GC(1) Pause Young (Allocation Failure)
[0.180s][info][gc          ] GC(1) Pause Young (Allocation Failure) 1M->0M(2M) 1.273ms
[0.180s][info][gc,cpu      ] GC(1) User=0.00s Sys=0.00s Real=0.00s
[0.180s][info][gc,start    ] GC(2) Pause Full (Allocation Failure)
[0.180s][info][gc,phases,start] GC(2) Phase 1: Mark live objects
[0.181s][info][gc,phases      ] GC(2) Phase 1: Mark live objects 1.118ms
[0.181s][info][gc,phases,start] GC(2) Phase 2: Compute new object addresses
[0.181s][info][gc,phases      ] GC(2) Phase 2: Compute new object addresses 0.238ms
[0.181s][info][gc,phases,start] GC(2) Phase 3: Adjust pointers
[0.182s][info][gc,phases      ] GC(2) Phase 3: Adjust pointers 0.489ms
[0.182s][info][gc,phases,start] GC(2) Phase 4: Move objects
[0.182s][info][gc,phases      ] GC(2) Phase 4: Move objects 0.064ms
[0.182s][info][gc,heap        ] GC(2) DefNew: 1151K(1152K)->40K(1152K) Eden: 1024K(1024K)->40K(1024K) From: 127K(128K)->0K(128K)
[0.182s][info][gc,heap        ] GC(2) Tenured: 439K(768K)->959K(1600K)
[0.182s][info][gc,metaspace   ] GC(2) Metaspace: 6300K(6464K)->6300K(6464K) NonClass: 5767K(5824K)->5767K(5824K) Class: 533K(640K)->533K(640K)
[0.182s][info][gc             ] GC(2) Pause Full (Allocation Failure) 0M->0M(2M) 2.218ms
[0.182s][info][gc,cpu         ] GC(2) User=0.00s Sys=0.00s Real=0.00s
[0.183s][info][gc,start       ] GC(3) Pause Young (Allocation Failure)
[0.185s][info][gc,heap        ] GC(3) DefNew: 1024K(1152K)->128K(1152K) Eden: 1024K(1024K)->0K(1024K) From: 0K(128K)->128K(128K)
[0.185s][info][gc,heap        ] GC(3) Tenured: 959K(1600K)->1375K(1600K)
[0.185s][info][gc,metaspace   ] GC(3) Metaspace: 6300K(6464K)->6300K(6464K) NonClass: 5767K(5824K)->5767K(5824K) Class: 533K(640K)->533K(640K)
[0.185s][info][gc             ] GC(3) Pause Young (Allocation Failure) 1M->1M(2M) 1.353ms
[0.185s][info][gc,cpu         ] GC(3) User=0.00s Sys=0.00s Real=0.00s
[0.186s][info][gc,start       ] GC(4) Pause Young (Allocation Failure)
[0.187s][info][gc             ] GC(4) Pause Young (Allocation Failure) 2M->1M(3M) 1.141ms
[0.187s][info][gc,cpu         ] GC(4) User=0.00s Sys=0.00s Real=0.00s
[0.187s][info][gc,start       ] GC(5) Pause Full (Allocation Failure)
[0.187s][info][gc,phases,start] GC(5) Phase 1: Mark live objects
[0.189s][info][gc,phases      ] GC(5) Phase 1: Mark live objects 1.472ms
[0.189s][info][gc,phases,start] GC(5) Phase 2: Compute new object addresses
[0.189s][info][gc,phases      ] GC(5) Phase 2: Compute new object addresses 0.389ms
[0.189s][info][gc,phases,start] GC(5) Phase 3: Adjust pointers
[0.190s][info][gc,phases      ] GC(5) Phase 3: Adjust pointers 0.603ms
[0.190s][info][gc,phases,start] GC(5) Phase 4: Move objects
[0.190s][info][gc,phases      ] GC(5) Phase 4: Move objects 0.069ms
[0.190s][info][gc,heap        ] GC(5) DefNew: 1152K(1152K)->35K(1536K) Eden: 1024K(1024K)->35K(1408K) From: 128K(128K)->0K(128K)
[0.190s][info][gc,heap        ] GC(5) Tenured: 1375K(1600K)->1983K(3308K)
[0.190s][info][gc,metaspace   ] GC(5) Metaspace: 6300K(6464K)->6300K(6464K) NonClass: 5767K(5824K)->5767K(5824K) Class: 533K(640K)->533K(640K)
[0.190s][info][gc             ] GC(5) Pause Full (Allocation Failure) 1M->1M(4M) 2.841ms
[0.190s][info][gc,cpu         ] GC(5) User=0.00s Sys=0.00s Real=0.00s
[0.192s][info][gc,start       ] GC(6) Pause Young (Allocation Failure)
[0.193s][info][gc,heap        ] GC(6) DefNew: 1407K(1536K)->127K(1536K) Eden: 1407K(1408K)->0K(1408K) From: 0K(128K)->127K(128K)
[0.193s][info][gc,heap        ] GC(6) Tenured: 1983K(3308K)->2617K(3308K)
[0.193s][info][gc,metaspace   ] GC(6) Metaspace: 6300K(6464K)->6300K(6464K) NonClass: 5767K(5824K)->5767K(5824K) Class: 533K(640K)->533K(640K)
[0.193s][info][gc             ] GC(6) Pause Young (Allocation Failure) 3M->2M(4M) 1.799ms
[0.193s][info][gc,cpu         ] GC(6) User=0.00s Sys=0.00s Real=0.00s
[0.195s][info][gc,start       ] GC(7) Pause Young (Allocation Failure)
[0.197s][info][gc             ] GC(7) Pause Young (Allocation Failure) 4M->3M(4M) 1.610ms
[0.197s][info][gc,cpu         ] GC(7) User=0.00s Sys=0.00s Real=0.00s
[0.197s][info][gc,start       ] GC(8) Pause Full (Allocation Failure)
[0.197s][info][gc,phases,start] GC(8) Phase 1: Mark live objects
[0.199s][info][gc,phases      ] GC(8) Phase 1: Mark live objects 1.936ms
[0.199s][info][gc,phases,start] GC(8) Phase 2: Compute new object addresses
[0.199s][info][gc,phases      ] GC(8) Phase 2: Compute new object addresses 0.605ms
[0.199s][info][gc,phases,start] GC(8) Phase 3: Adjust pointers
[0.200s][info][gc,phases      ] GC(8) Phase 3: Adjust pointers 0.887ms
[0.200s][info][gc,phases,start] GC(8) Phase 4: Move objects
[0.200s][info][gc,phases      ] GC(8) Phase 4: Move objects 0.073ms
[0.200s][info][gc,heap        ] GC(8) DefNew: 1535K(1536K)->0K(2688K) Eden: 1408K(1408K)->0K(2432K) From: 127K(128K)->0K(256K)
[0.200s][info][gc,heap        ] GC(8) Tenured: 2617K(3308K)->3460K(5768K)
[0.200s][info][gc,metaspace   ] GC(8) Metaspace: 6300K(6464K)->6300K(6464K) NonClass: 5767K(5824K)->5767K(5824K) Class: 533K(640K)->533K(640K)
[0.200s][info][gc             ] GC(8) Pause Full (Allocation Failure) 3M->3M(8M) 3.784ms
[0.200s][info][gc,cpu         ] GC(8) User=0.00s Sys=0.00s Real=0.00s
[0.205s][info][gc,start       ] GC(9) Pause Young (Allocation Failure)
[0.207s][info][gc,heap        ] GC(9) DefNew: 2431K(2688K)->256K(2688K) Eden: 2431K(2432K)->0K(2432K) From: 0K(256K)->256K(256K)
[0.207s][info][gc,heap        ] GC(9) Tenured: 3460K(5768K)->4512K(5768K)
[0.207s][info][gc,metaspace   ] GC(9) Metaspace: 6300K(6464K)->6300K(6464K) NonClass: 5767K(5824K)->5767K(5824K) Class: 533K(640K)->533K(640K)
[0.207s][info][gc             ] GC(9) Pause Young (Allocation Failure) 5M->4M(8M) 2.502ms
[0.207s][info][gc,cpu         ] GC(9) User=0.00s Sys=0.00s Real=0.00s
[0.210s][info][gc,start       ] GC(10) Pause Young (Allocation Failure)
[0.213s][info][gc,heap        ] GC(10) DefNew: 2688K(2688K)->256K(2688K) Eden: 2432K(2432K)->0K(2432K) From: 256K(256K)->256K(256K)
[0.213s][info][gc,heap        ] GC(10) Tenured: 4512K(5768K)->5755K(5768K)
[0.213s][info][gc,metaspace   ] GC(10) Metaspace: 6300K(6464K)->6300K(6464K) NonClass: 5767K(5824K)->5767K(5824K) Class: 533K(640K)->533K(640K)
[0.213s][info][gc             ] GC(10) Pause Young (Allocation Failure) 7M->5M(8M) 2.935ms
[0.213s][info][gc,cpu         ] GC(10) User=0.00s Sys=0.00s Real=0.00s
[0.215s][info][gc,start       ] GC(11) Pause Young (Allocation Failure)
[0.219s][info][gc             ] GC(11) Pause Young (Allocation Failure) 8M->7M(9M) 3.879ms
[0.219s][info][gc,cpu         ] GC(11) User=0.00s Sys=0.00s Real=0.00s
[0.219s][info][gc,start       ] GC(12) Pause Full (Allocation Failure)
[0.219s][info][gc,phases,start] GC(12) Phase 1: Mark live objects
[0.223s][info][gc,phases      ] GC(12) Phase 1: Mark live objects 4.054ms
[0.223s][info][gc,phases,start] GC(12) Phase 2: Compute new object addresses
[0.225s][info][gc,phases      ] GC(12) Phase 2: Compute new object addresses 1.148ms
[0.225s][info][gc,phases,start] GC(12) Phase 3: Adjust pointers
[0.226s][info][gc,phases      ] GC(12) Phase 3: Adjust pointers 1.708ms
[0.226s][info][gc,phases,start] GC(12) Phase 4: Move objects
[0.228s][info][gc,phases      ] GC(12) Phase 4: Move objects 1.277ms
[0.228s][info][gc,heap        ] GC(12) DefNew: 2688K(2688K)->0K(5376K) Eden: 2432K(2432K)->0K(4800K) From: 256K(256K)->0K(576K)
[0.228s][info][gc,heap        ] GC(12) Tenured: 5755K(5768K)->7132K(11888K)
[0.228s][info][gc,metaspace   ] GC(12) Metaspace: 6300K(6464K)->6300K(6464K) NonClass: 5767K(5824K)->5767K(5824K) Class: 533K(640K)->533K(640K)
[0.228s][info][gc             ] GC(12) Pause Full (Allocation Failure) 7M->6M(16M) 8.826ms
[0.228s][info][gc,cpu         ] GC(12) User=0.00s Sys=0.00s Real=0.01s
[0.234s][info][gc,start       ] GC(13) Pause Young (Allocation Failure)
[0.239s][info][gc,heap        ] GC(13) DefNew: 4800K(5376K)->575K(5376K) Eden: 4800K(4800K)->0K(4800K) From: 0K(576K)->575K(576K)
[0.239s][info][gc,heap        ] GC(13) Tenured: 7132K(11888K)->9027K(11888K)
[0.239s][info][gc,metaspace   ] GC(13) Metaspace: 6300K(6464K)->6300K(6464K) NonClass: 5767K(5824K)->5767K(5824K) Class: 533K(640K)->533K(640K)
[0.239s][info][gc             ] GC(13) Pause Young (Allocation Failure) 11M->9M(16M) 4.615ms
[0.239s][info][gc,cpu         ] GC(13) User=0.00s Sys=0.00s Real=0.00s
[0.243s][info][gc,start       ] GC(14) Pause Young (Allocation Failure)
[0.251s][info][gc,heap        ] GC(14) DefNew: 5375K(5376K)->576K(5376K) Eden: 4800K(4800K)->0K(4800K) From: 575K(576K)->576K(576K)
[0.251s][info][gc,heap        ] GC(14) Tenured: 9027K(11888K)->11746K(11888K)
[0.251s][info][gc,metaspace   ] GC(14) Metaspace: 6300K(6464K)->6300K(6464K) NonClass: 5767K(5824K)->5767K(5824K) Class: 533K(640K)->533K(640K)
[0.251s][info][gc             ] GC(14) Pause Young (Allocation Failure) 14M->12M(16M) 7.869ms
[0.251s][info][gc,cpu         ] GC(14) User=0.00s Sys=0.00s Real=0.01s
[0.255s][info][gc,start       ] GC(15) Pause Young (Allocation Failure)
[0.261s][info][gc             ] GC(15) Pause Young (Allocation Failure) 16M->14M(19M) 6.032ms
[0.261s][info][gc,cpu         ] GC(15) User=0.00s Sys=0.00s Real=0.01s
[0.261s][info][gc,start       ] GC(16) Pause Full (Allocation Failure)
[0.261s][info][gc,phases,start] GC(16) Phase 1: Mark live objects
[0.268s][info][gc,phases      ] GC(16) Phase 1: Mark live objects 7.579ms
[0.268s][info][gc,phases,start] GC(16) Phase 2: Compute new object addresses
[0.271s][info][gc,phases      ] GC(16) Phase 2: Compute new object addresses 2.276ms
[0.271s][info][gc,phases,start] GC(16) Phase 3: Adjust pointers
[0.274s][info][gc,phases      ] GC(16) Phase 3: Adjust pointers 2.859ms
[0.274s][info][gc,phases,start] GC(16) Phase 4: Move objects
[0.274s][info][gc,phases      ] GC(16) Phase 4: Move objects 0.171ms
[0.274s][info][gc,heap        ] GC(16) DefNew: 5376K(5376K)->397K(10880K) Eden: 4800K(4800K)->397K(9728K) From: 576K(576K)->0K(1152K)
[0.274s][info][gc,heap        ] GC(16) Tenured: 11746K(11888K)->14383K(23976K)
[0.274s][info][gc,metaspace   ] GC(16) Metaspace: 6302K(6464K)->6302K(6464K) NonClass: 5769K(5824K)->5769K(5824K) Class: 533K(640K)->533K(640K)
[0.274s][info][gc             ] GC(16) Pause Full (Allocation Failure) 14M->14M(34M) 13.229ms
[0.274s][info][gc,cpu         ] GC(16) User=0.02s Sys=0.00s Real=0.01s
[0.282s][info][gc,start       ] GC(17) Pause Young (Allocation Failure)
[0.296s][info][gc,heap        ] GC(17) DefNew: 9728K(10880K)->1151K(10880K) Eden: 9728K(9728K)->0K(9728K) From: 0K(1152K)->1151K(1152K)
[0.296s][info][gc,heap        ] GC(17) Tenured: 14383K(23976K)->18403K(23976K)
[0.296s][info][gc,metaspace   ] GC(17) Metaspace: 6302K(6464K)->6302K(6464K) NonClass: 5769K(5824K)->5769K(5824K) Class: 533K(640K)->533K(640K)
[0.296s][info][gc             ] GC(17) Pause Young (Allocation Failure) 23M->19M(34M) 13.584ms
[0.296s][info][gc,cpu         ] GC(17) User=0.00s Sys=0.00s Real=0.01s
[0.304s][info][gc,start       ] GC(18) Pause Young (Allocation Failure)
[0.316s][info][gc,heap        ] GC(18) DefNew: 10879K(10880K)->1151K(10880K) Eden: 9728K(9728K)->0K(9728K) From: 1151K(1152K)->1151K(1152K)
[0.316s][info][gc,heap        ] GC(18) Tenured: 18403K(23976K)->23923K(23976K)
[0.316s][info][gc,metaspace   ] GC(18) Metaspace: 6302K(6464K)->6302K(6464K) NonClass: 5769K(5824K)->5769K(5824K) Class: 533K(640K)->533K(640K)
[0.316s][info][gc             ] GC(18) Pause Young (Allocation Failure) 28M->24M(34M) 12.333ms
[0.316s][info][gc,cpu         ] GC(18) User=0.00s Sys=0.00s Real=0.01s
[0.322s][info][gc,start       ] GC(19) Pause Young (Allocation Failure)
[0.333s][info][gc             ] GC(19) Pause Young (Allocation Failure) 33M->29M(38M) 10.959ms
[0.334s][info][gc,cpu         ] GC(19) User=0.00s Sys=0.00s Real=0.01s
[0.334s][info][gc,start       ] GC(20) Pause Full (Allocation Failure)
[0.334s][info][gc,phases,start] GC(20) Phase 1: Mark live objects
[0.347s][info][gc,phases      ] GC(20) Phase 1: Mark live objects 13.792ms
[0.347s][info][gc,phases,start] GC(20) Phase 2: Compute new object addresses
[0.352s][info][gc,phases      ] GC(20) Phase 2: Compute new object addresses 4.531ms
[0.352s][info][gc,phases,start] GC(20) Phase 3: Adjust pointers
[0.357s][info][gc,phases      ] GC(20) Phase 3: Adjust pointers 5.296ms
[0.357s][info][gc,phases,start] GC(20) Phase 4: Move objects
[0.358s][info][gc,phases      ] GC(20) Phase 4: Move objects 0.181ms
[0.358s][info][gc,heap        ] GC(20) DefNew: 10879K(10880K)->1067K(21888K) Eden: 9728K(9728K)->1067K(19520K) From: 1151K(1152K)->0K(2368K)
[0.358s][info][gc,heap        ] GC(20) Tenured: 23923K(23976K)->29035K(48396K)
[0.358s][info][gc,metaspace   ] GC(20) Metaspace: 6302K(6464K)->6302K(6464K) NonClass: 5769K(5824K)->5769K(5824K) Class: 533K(640K)->533K(640K)
[0.358s][info][gc             ] GC(20) Pause Full (Allocation Failure) 29M->29M(68M) 24.206ms
[0.358s][info][gc,cpu         ] GC(20) User=0.03s Sys=0.00s Real=0.02s
[0.374s][info][gc,start       ] GC(21) Pause Young (Allocation Failure)
[0.402s][info][gc,heap        ] GC(21) DefNew: 19520K(21888K)->2367K(21888K) Eden: 19520K(19520K)->0K(19520K) From: 0K(2368K)->2367K(2368K)
[0.402s][info][gc,heap        ] GC(21) Tenured: 29035K(48396K)->39333K(48396K)
[0.402s][info][gc,metaspace   ] GC(21) Metaspace: 6302K(6464K)->6302K(6464K) NonClass: 5769K(5824K)->5769K(5824K) Class: 533K(640K)->533K(640K)
[0.402s][info][gc             ] GC(21) Pause Young (Allocation Failure) 47M->40M(68M) 28.311ms
[0.402s][info][gc,cpu         ] GC(21) User=0.02s Sys=0.00s Real=0.03s
[0.420s][info][gc,start       ] GC(22) Pause Young (Allocation Failure)
[0.456s][info][gc             ] GC(22) Pause Young (Allocation Failure) 59M->59M(78M) 35.341ms
[0.456s][info][gc,cpu         ] GC(22) User=0.03s Sys=0.00s Real=0.03s
[0.456s][info][gc,start       ] GC(23) Pause Full (Allocation Failure)
[0.456s][info][gc,phases,start] GC(23) Phase 1: Mark live objects
[0.481s][info][gc,phases      ] GC(23) Phase 1: Mark live objects 24.949ms
[0.481s][info][gc,phases,start] GC(23) Phase 2: Compute new object addresses
[0.490s][info][gc,phases      ] GC(23) Phase 2: Compute new object addresses 9.249ms
[0.490s][info][gc,phases,start] GC(23) Phase 3: Adjust pointers
[0.501s][info][gc,phases      ] GC(23) Phase 3: Adjust pointers 10.509ms
[0.501s][info][gc,phases,start] GC(23) Phase 4: Move objects
[0.501s][info][gc,phases      ] GC(23) Phase 4: Move objects 0.358ms
[0.501s][info][gc,heap        ] GC(23) DefNew: 21887K(21888K)->2235K(44288K) Eden: 19520K(19520K)->2235K(39424K) From: 2367K(2368K)->0K(4864K)
[0.501s][info][gc,heap        ] GC(23) Tenured: 39333K(48396K)->58956K(98260K)
[0.501s][info][gc,metaspace   ] GC(23) Metaspace: 6302K(6464K)->6302K(6464K) NonClass: 5769K(5824K)->5769K(5824K) Class: 533K(640K)->533K(640K)
[0.501s][info][gc             ] GC(23) Pause Full (Allocation Failure) 59M->59M(139M) 45.699ms
[0.501s][info][gc,cpu         ] GC(23) User=0.05s Sys=0.00s Real=0.05s
[0.542s][info][gc,start       ] GC(24) Pause Young (Allocation Failure)
[0.603s][info][gc,heap        ] GC(24) DefNew: 39424K(44288K)->4864K(44288K) Eden: 39424K(39424K)->0K(39424K) From: 0K(4864K)->4864K(4864K)
[0.603s][info][gc,heap        ] GC(24) Tenured: 58956K(98260K)->93488K(98260K)
[0.604s][info][gc,metaspace   ] GC(24) Metaspace: 6302K(6464K)->6302K(6464K) NonClass: 5769K(5824K)->5769K(5824K) Class: 533K(640K)->533K(640K)
[0.604s][info][gc             ] GC(24) Pause Young (Allocation Failure) 96M->96M(139M) 61.267ms
[0.604s][info][gc,cpu         ] GC(24) User=0.03s Sys=0.02s Real=0.06s
[0.636s][info][gc,start       ] GC(25) Pause Young (Allocation Failure)
[0.706s][info][gc             ] GC(25) Pause Young (Allocation Failure) 134M->134M(173M) 69.658ms
[0.706s][info][gc,cpu         ] GC(25) User=0.06s Sys=0.00s Real=0.07s
[0.706s][info][gc,start       ] GC(26) Pause Full (Allocation Failure)
[0.706s][info][gc,phases,start] GC(26) Phase 1: Mark live objects
[0.761s][info][gc,phases      ] GC(26) Phase 1: Mark live objects 55.220ms
[0.761s][info][gc,phases,start] GC(26) Phase 2: Compute new object addresses
[0.782s][info][gc,phases      ] GC(26) Phase 2: Compute new object addresses 20.890ms
[0.782s][info][gc,phases,start] GC(26) Phase 3: Adjust pointers
[0.809s][info][gc,phases      ] GC(26) Phase 3: Adjust pointers 27.328ms
[0.809s][info][gc,phases,start] GC(26) Phase 4: Move objects
[0.835s][info][gc,phases      ] GC(26) Phase 4: Move objects 25.417ms
[0.835s][info][gc,heap        ] GC(26) DefNew: 44288K(44288K)->1017K(99712K) Eden: 39424K(39424K)->1017K(88640K) From: 4864K(4864K)->0K(11072K)
[0.835s][info][gc,heap        ] GC(26) Tenured: 93488K(98260K)->132887K(221480K)
[0.835s][info][gc,metaspace   ] GC(26) Metaspace: 6302K(6464K)->6302K(6464K) NonClass: 5769K(5824K)->5769K(5824K) Class: 533K(640K)->533K(640K)
[0.835s][info][gc             ] GC(26) Pause Full (Allocation Failure) 134M->130M(313M) 129.782ms
[0.835s][info][gc,cpu         ] GC(26) User=0.12s Sys=0.00s Real=0.13s
[0.926s][info][gc,start       ] GC(27) Pause Young (Allocation Failure)
[1.073s][info][gc,heap        ] GC(27) DefNew: 88640K(99712K)->11071K(99712K) Eden: 88640K(88640K)->0K(88640K) From: 0K(11072K)->11071K(11072K)
[1.073s][info][gc,heap        ] GC(27) Tenured: 132887K(221480K)->210424K(221480K)
[1.073s][info][gc,metaspace   ] GC(27) Metaspace: 6302K(6464K)->6302K(6464K) NonClass: 5769K(5824K)->5769K(5824K) Class: 533K(640K)->533K(640K)
[1.073s][info][gc             ] GC(27) Pause Young (Allocation Failure) 216M->216M(313M) 146.472ms
[1.073s][info][gc,cpu         ] GC(27) User=0.12s Sys=0.02s Real=0.15s
[1.156s][info][gc,start       ] GC(28) Pause Young (Allocation Failure)
[1.323s][info][gc             ] GC(28) Pause Young (Allocation Failure) 302M->302M(389M) 166.977ms
[1.323s][info][gc,cpu         ] GC(28) User=0.11s Sys=0.06s Real=0.17s
[1.323s][info][gc,start       ] GC(29) Pause Full (Allocation Failure)
[1.323s][info][gc,phases,start] GC(29) Phase 1: Mark live objects
[1.457s][info][gc,phases      ] GC(29) Phase 1: Mark live objects 134.490ms
[1.457s][info][gc,phases,start] GC(29) Phase 2: Compute new object addresses
[1.506s][info][gc,phases      ] GC(29) Phase 2: Compute new object addresses 48.586ms
[1.506s][info][gc,phases,start] GC(29) Phase 3: Adjust pointers
[1.567s][info][gc,phases      ] GC(29) Phase 3: Adjust pointers 61.256ms
[1.567s][info][gc,phases,start] GC(29) Phase 4: Move objects
[1.570s][info][gc,phases      ] GC(29) Phase 4: Move objects 2.415ms
[1.571s][info][gc,heap        ] GC(29) DefNew: 99711K(99712K)->11054K(224320K) Eden: 88640K(88640K)->11054K(199424K) From: 11071K(11072K)->0K(24896K)
[1.571s][info][gc,heap        ] GC(29) Tenured: 210424K(221480K)->299048K(498416K)
[1.571s][info][gc,metaspace   ] GC(29) Metaspace: 6302K(6464K)->6302K(6464K) NonClass: 5769K(5824K)->5769K(5824K) Class: 533K(640K)->533K(640K)
[1.571s][info][gc             ] GC(29) Pause Full (Allocation Failure) 302M->302M(705M) 247.990ms
[1.571s][info][gc,cpu         ] GC(29) User=0.22s Sys=0.00s Real=0.25s
[1.774s][info][gc,start       ] GC(30) Pause Young (Allocation Failure)
[2.108s][info][gc,heap        ] GC(30) DefNew: 199424K(224320K)->24895K(224320K) Eden: 199424K(199424K)->0K(199424K) From: 0K(24896K)->24895K(24896K)
[2.108s][info][gc,heap        ] GC(30) Tenured: 299048K(498416K)->473547K(498416K)
[2.108s][info][gc,metaspace   ] GC(30) Metaspace: 6302K(6464K)->6302K(6464K) NonClass: 5769K(5824K)->5769K(5824K) Class: 533K(640K)->533K(640K)
[2.108s][info][gc             ] GC(30) Pause Young (Allocation Failure) 486M->486M(705M) 333.869ms
[2.108s][info][gc,cpu         ] GC(30) User=0.25s Sys=0.06s Real=0.33s
[2.289s][info][gc,start       ] GC(31) Pause Young (Allocation Failure)
[2.678s][info][gc             ] GC(31) Pause Young (Allocation Failure) 681M->681M(876M) 388.834ms
[2.678s][info][gc,cpu         ] GC(31) User=0.31s Sys=0.05s Real=0.39s
[2.678s][info][gc,start       ] GC(32) Pause Full (Allocation Failure)
[2.678s][info][gc,phases,start] GC(32) Phase 1: Mark live objects
[2.986s][info][gc,phases      ] GC(32) Phase 1: Mark live objects 308.007ms
[2.986s][info][gc,phases,start] GC(32) Phase 2: Compute new object addresses
[3.091s][info][gc,phases      ] GC(32) Phase 2: Compute new object addresses 105.307ms
[3.091s][info][gc,phases,start] GC(32) Phase 3: Adjust pointers
[3.207s][info][gc,phases      ] GC(32) Phase 3: Adjust pointers 115.334ms
[3.207s][info][gc,phases,start] GC(32) Phase 4: Move objects
[3.212s][info][gc,phases      ] GC(32) Phase 4: Move objects 5.077ms
[3.214s][info][gc,heap        ] GC(32) DefNew: 224319K(224320K)->24823K(504832K) Eden: 199424K(199424K)->24823K(448768K) From: 24895K(24896K)->0K(56064K)
[3.214s][info][gc,heap        ] GC(32) Tenured: 473547K(498416K)->673011K(1121688K)
[3.214s][info][gc,metaspace   ] GC(32) Metaspace: 6302K(6464K)->6302K(6464K) NonClass: 5769K(5824K)->5769K(5824K) Class: 533K(640K)->533K(640K)
[3.214s][info][gc             ] GC(32) Pause Full (Allocation Failure) 681M->681M(1588M) 536.185ms
[3.214s][info][gc,cpu         ] GC(32) User=0.55s Sys=0.00s Real=0.54s
[3.676s][info][gc,start       ] GC(33) Pause Young (Allocation Failure)
[4.447s][info][gc,heap        ] GC(33) DefNew: 448768K(504832K)->56064K(504832K) Eden: 448768K(448768K)->0K(448768K) From: 0K(56064K)->56064K(56064K)
[4.447s][info][gc,heap        ] GC(33) Tenured: 673011K(1121688K)->1065689K(1121688K)
[4.447s][info][gc,metaspace   ] GC(33) Metaspace: 6302K(6464K)->6302K(6464K) NonClass: 5769K(5824K)->5769K(5824K) Class: 533K(640K)->533K(640K)
[4.447s][info][gc             ] GC(33) Pause Young (Allocation Failure) 1095M->1095M(1588M) 770.903ms
[4.447s][info][gc,cpu         ] GC(33) User=0.50s Sys=0.27s Real=0.77s
[4.902s][info][gc,start       ] GC(34) Pause Young (Allocation Failure)
[5.628s][info][gc             ] GC(34) Pause Young (Allocation Failure) 1533M->1483M(1922M) 725.456ms
[5.628s][info][gc,cpu         ] GC(34) User=0.59s Sys=0.12s Real=0.73s
[5.628s][info][gc,start       ] GC(35) Pause Full (Allocation Failure)
[5.628s][info][gc,phases,start] GC(35) Phase 1: Mark live objects
[6.283s][info][gc,phases      ] GC(35) Phase 1: Mark live objects 655.269ms
[6.283s][info][gc,phases,start] GC(35) Phase 2: Compute new object addresses
[6.504s][info][gc,phases      ] GC(35) Phase 2: Compute new object addresses 220.662ms
[6.504s][info][gc,phases,start] GC(35) Phase 3: Adjust pointers
[6.765s][info][gc,phases      ] GC(35) Phase 3: Adjust pointers 260.819ms
[6.765s][info][gc,phases,start] GC(35) Phase 4: Move objects
[6.776s][info][gc,phases      ] GC(35) Phase 4: Move objects 10.961ms
[6.780s][info][gc,heap        ] GC(35) DefNew: 504832K(504832K)->55906K(1097728K) Eden: 448768K(448768K)->55906K(975808K) From: 56064K(56064K)->0K(121920K)
[6.780s][info][gc,heap        ] GC(35) Tenured: 1065689K(1121688K)->1463516K(2439196K)
[6.780s][info][gc,metaspace   ] GC(35) Metaspace: 6302K(6464K)->6302K(6464K) NonClass: 5769K(5824K)->5769K(5824K) Class: 533K(640K)->533K(640K)
[6.780s][info][gc             ] GC(35) Pause Full (Allocation Failure) 1483M->1483M(3454M) 1152.051ms
[6.780s][info][gc,cpu         ] GC(35) User=1.14s Sys=0.00s Real=1.15s
[7.738s][info][gc,start       ] GC(36) Pause Young (Allocation Failure)
[9.471s][info][gc,heap        ] GC(36) DefNew: 975808K(1097728K)->121920K(1097728K) Eden: 975808K(975808K)->0K(975808K) From: 0K(121920K)->121920K(121920K)
[9.471s][info][gc,heap        ] GC(36) Tenured: 1463516K(2439196K)->2317374K(2439196K)
[9.471s][info][gc,metaspace   ] GC(36) Metaspace: 6302K(6464K)->6302K(6464K) NonClass: 5769K(5824K)->5769K(5824K) Class: 533K(640K)->533K(640K)
[9.471s][info][gc             ] GC(36) Pause Young (Allocation Failure) 2382M->2382M(3454M) 1733.402ms
[9.471s][info][gc,cpu         ] GC(36) User=1.44s Sys=0.28s Real=1.73s
[10.442s][info][gc,start       ] GC(37) Pause Young (Allocation Failure)
[12.127s][info][gc             ] GC(37) Pause Young (Allocation Failure) 3335M->3335M(4288M) 1684.655ms
[12.127s][info][gc,cpu         ] GC(37) User=1.36s Sys=0.31s Real=1.68s
[12.127s][info][gc,start       ] GC(38) Pause Full (Allocation Failure)
[12.127s][info][gc,phases,start] GC(38) Phase 1: Mark live objects
[13.632s][info][gc,phases      ] GC(38) Phase 1: Mark live objects 1504.993ms
[13.632s][info][gc,phases,start] GC(38) Phase 2: Compute new object addresses
[14.134s][info][gc,phases      ] GC(38) Phase 2: Compute new object addresses 502.480ms
[14.134s][info][gc,phases,start] GC(38) Phase 3: Adjust pointers
[14.822s][info][gc,phases      ] GC(38) Phase 3: Adjust pointers 687.994ms
[14.822s][info][gc,phases,start] GC(38) Phase 4: Move objects
[15.452s][info][gc,phases      ] GC(38) Phase 4: Move objects 629.540ms
[15.461s][info][gc,heap        ] GC(38) DefNew: 1097728K(1097728K)->27523K(2470080K) Eden: 975808K(975808K)->27523K(2195648K) From: 121920K(121920K)->0K(274432K)
[15.461s][info][gc,heap        ] GC(38) Tenured: 2317374K(2439196K)->3293343K(5488908K)
[15.461s][info][gc,metaspace   ] GC(38) Metaspace: 6302K(6464K)->6302K(6464K) NonClass: 5769K(5824K)->5769K(5824K) Class: 533K(640K)->533K(640K)
[15.462s][info][gc             ] GC(38) Pause Full (Allocation Failure) 3335M->3243M(7772M) 3334.834ms
[15.462s][info][gc,cpu         ] GC(38) User=3.31s Sys=0.02s Real=3.34s
[17.703s][info][gc,start       ] GC(39) Pause Young (Allocation Failure)
[21.570s][info][gc,heap        ] GC(39) DefNew: 2195648K(2470080K)->274431K(2470080K) Eden: 2195648K(2195648K)->0K(2195648K) From: 0K(274432K)->274431K(274432K)
[21.570s][info][gc,heap        ] GC(39) Tenured: 3293343K(5488908K)->5214530K(5488908K)
[21.570s][info][gc,metaspace   ] GC(39) Metaspace: 6302K(6464K)->6302K(6464K) NonClass: 5769K(5824K)->5769K(5824K) Class: 533K(640K)->533K(640K)
[21.570s][info][gc             ] GC(39) Pause Young (Allocation Failure) 5360M->5360M(7772M) 3867.546ms
[21.570s][info][gc,cpu         ] GC(39) User=3.33s Sys=0.53s Real=3.87s
[23.700s][info][gc,start       ] GC(40) Pause Young (Allocation Failure)
[27.866s][info][gc,promotion   ] GC(40) Promotion failed
[27.866s][info][gc             ] GC(40) Pause Young (Allocation Failure) 7504M->9545M(9545M) 4166.250ms
[27.866s][info][gc,cpu         ] GC(40) User=3.53s Sys=0.58s Real=4.17s
[27.866s][info][gc,start       ] GC(41) Pause Full (Allocation Failure)
[27.866s][info][gc,phases,start] GC(41) Phase 1: Mark live objects
[31.402s][info][gc,phases      ] GC(41) Phase 1: Mark live objects 3535.833ms
[31.402s][info][gc,phases,start] GC(41) Phase 2: Compute new object addresses
[32.872s][info][gc,phases      ] GC(41) Phase 2: Compute new object addresses 1469.980ms
[32.872s][info][gc,phases,start] GC(41) Phase 3: Adjust pointers
[34.271s][info][gc,phases      ] GC(41) Phase 3: Adjust pointers 1399.162ms
[34.271s][info][gc,phases,start] GC(41) Phase 4: Move objects
[34.368s][info][gc,phases      ] GC(41) Phase 4: Move objects 97.295ms
[34.371s][info][gc,heap        ] GC(41) DefNew: 2470079K(2470080K)->380008K(3287040K) Eden: 2195648K(2195648K)->380008K(2921856K) From: 274431K(274432K)->0K(365184K)
[34.371s][info][gc,heap        ] GC(41) Tenured: 5214530K(5488908K)->7304575K(7304576K)
[34.371s][info][gc,metaspace   ] GC(41) Metaspace: 6302K(6464K)->6302K(6464K) NonClass: 5769K(5824K)->5769K(5824K) Class: 533K(640K)->533K(640K)
[34.371s][info][gc             ] GC(41) Pause Full (Allocation Failure) 9545M->7504M(10343M) 6505.345ms
[34.371s][info][gc,cpu         ] GC(41) User=6.44s Sys=0.00s Real=6.50s
[37.789s][info][gc,start       ] GC(42) Pause Full (Allocation Failure)
[37.789s][info][gc,phases,start] GC(42) Phase 1: Mark live objects
[42.549s][info][gc,phases      ] GC(42) Phase 1: Mark live objects 4760.048ms
[42.549s][info][gc,phases,start] GC(42) Phase 2: Compute new object addresses
[44.054s][info][gc,phases      ] GC(42) Phase 2: Compute new object addresses 1504.438ms
[44.054s][info][gc,phases,start] GC(42) Phase 3: Adjust pointers
[46.156s][info][gc,phases      ] GC(42) Phase 3: Adjust pointers 2102.408ms
[46.156s][info][gc,phases,start] GC(42) Phase 4: Move objects
[46.599s][info][gc,phases      ] GC(42) Phase 4: Move objects 442.275ms
[46.599s][info][gc,heap        ] GC(42) DefNew: 3287039K(3287040K)->3287014K(3287040K) Eden: 2921856K(2921856K)->2921856K(2921856K) From: 365183K(365184K)->365158K(365184K)
[46.599s][info][gc,heap        ] GC(42) Tenured: 7304575K(7304576K)->7304575K(7304576K)
[46.599s][info][gc,metaspace   ] GC(42) Metaspace: 6302K(6464K)->6302K(6464K) NonClass: 5769K(5824K)->5769K(5824K) Class: 533K(640K)->533K(640K)
[46.600s][info][gc             ] GC(42) Pause Full (Allocation Failure) 10343M->10343M(10343M) 8810.384ms
[46.600s][info][gc,cpu         ] GC(42) User=8.77s Sys=0.00s Real=8.81s
[46.600s][info][gc,start       ] GC(43) Pause Full (Allocation Failure)
[46.600s][info][gc,phases,start] GC(43) Phase 1: Mark live objects
[51.231s][info][gc,phases      ] GC(43) Phase 1: Mark live objects 4630.801ms
[51.231s][info][gc,phases,start] GC(43) Phase 2: Compute new object addresses
[52.661s][info][gc,phases      ] GC(43) Phase 2: Compute new object addresses 1430.490ms
[52.661s][info][gc,phases,start] GC(43) Phase 3: Adjust pointers
[54.562s][info][gc,phases      ] GC(43) Phase 3: Adjust pointers 1900.590ms
[54.562s][info][gc,phases,start] GC(43) Phase 4: Move objects
[54.562s][info][gc,phases      ] GC(43) Phase 4: Move objects 0.017ms
[54.563s][info][gc,heap        ] GC(43) DefNew: 3287039K(3287040K)->3287039K(3287040K) Eden: 2921856K(2921856K)->2921856K(2921856K) From: 365183K(365184K)->365183K(365184K)
[54.563s][info][gc,heap        ] GC(43) Tenured: 7304575K(7304576K)->7304575K(7304576K)
[54.563s][info][gc,metaspace   ] GC(43) Metaspace: 6302K(6464K)->6302K(6464K) NonClass: 5769K(5824K)->5769K(5824K) Class: 533K(640K)->533K(640K)
[54.563s][info][gc             ] GC(43) Pause Full (Allocation Failure) 10343M->10343M(10343M) 7962.765ms
[54.563s][info][gc,cpu         ] GC(43) User=7.94s Sys=0.00s Real=7.96s
[54.563s][info][gc,start       ] GC(44) Pause Full (Allocation Failure)
[54.563s][info][gc,phases,start] GC(44) Phase 1: Mark live objects
[59.195s][info][gc,phases      ] GC(44) Phase 1: Mark live objects 4632.408ms
[59.195s][info][gc,phases,start] GC(44) Phase 2: Compute new object addresses
[60.636s][info][gc,phases      ] GC(44) Phase 2: Compute new object addresses 1440.579ms
[60.636s][info][gc,phases,start] GC(44) Phase 3: Adjust pointers
[62.942s][info][gc,phases      ] GC(44) Phase 3: Adjust pointers 2305.726ms
[62.942s][info][gc,phases,start] GC(44) Phase 4: Move objects
[64.915s][info][gc,phases      ] GC(44) Phase 4: Move objects 1973.381ms
[64.916s][info][gc,heap        ] GC(44) DefNew: 3287039K(3287040K)->3155963K(3287040K) Eden: 2921856K(2921856K)->2921855K(2921856K) From: 365183K(365184K)->234107K(365184K)
[64.916s][info][gc,heap        ] GC(44) Tenured: 7304575K(7304576K)->7304575K(7304576K)
[64.916s][info][gc,metaspace   ] GC(44) Metaspace: 6302K(6464K)->6300K(6464K) NonClass: 5769K(5824K)->5767K(5824K) Class: 533K(640K)->532K(640K)
[64.916s][info][gc             ] GC(44) Pause Full (Allocation Failure) 10343M->10215M(10343M) 10353.114ms
[64.916s][info][gc,cpu         ] GC(44) User=10.34s Sys=0.00s Real=10.35s
[65.276s][info][gc,start       ] GC(45) Pause Full (Allocation Failure)
[65.276s][info][gc,phases,start] GC(45) Phase 1: Mark live objects
[69.994s][info][gc,phases      ] GC(45) Phase 1: Mark live objects 4718.032ms
[69.994s][info][gc,phases,start] GC(45) Phase 2: Compute new object addresses
[71.446s][info][gc,phases      ] GC(45) Phase 2: Compute new object addresses 1451.743ms
[71.446s][info][gc,phases,start] GC(45) Phase 3: Adjust pointers
[73.388s][info][gc,phases      ] GC(45) Phase 3: Adjust pointers 1942.281ms
[73.388s][info][gc,phases,start] GC(45) Phase 4: Move objects
[73.388s][info][gc,phases      ] GC(45) Phase 4: Move objects 0.017ms
[73.389s][info][gc,heap        ] GC(45) DefNew: 3287039K(3287040K)->3287039K(3287040K) Eden: 2921856K(2921856K)->2921856K(2921856K) From: 365183K(365184K)->365183K(365184K)
[73.389s][info][gc,heap        ] GC(45) Tenured: 7304575K(7304576K)->7304575K(7304576K)
[73.389s][info][gc,metaspace   ] GC(45) Metaspace: 6300K(6464K)->6300K(6464K) NonClass: 5767K(5824K)->5767K(5824K) Class: 532K(640K)->532K(640K)
[73.389s][info][gc             ] GC(45) Pause Full (Allocation Failure) 10343M->10343M(10343M) 8112.972ms
[73.389s][info][gc,cpu         ] GC(45) User=8.06s Sys=0.00s Real=8.11s
[73.389s][info][gc,start       ] GC(46) Pause Full (Allocation Failure)
[73.389s][info][gc,phases,start] GC(46) Phase 1: Mark live objects
[78.079s][info][gc,phases      ] GC(46) Phase 1: Mark live objects 4690.139ms
[78.079s][info][gc,phases,start] GC(46) Phase 2: Compute new object addresses
[79.530s][info][gc,phases      ] GC(46) Phase 2: Compute new object addresses 1450.459ms
[79.530s][info][gc,phases,start] GC(46) Phase 3: Adjust pointers
[81.462s][info][gc,phases      ] GC(46) Phase 3: Adjust pointers 1932.204ms
[81.462s][info][gc,phases,start] GC(46) Phase 4: Move objects
[81.462s][info][gc,phases      ] GC(46) Phase 4: Move objects 0.016ms
[81.463s][info][gc,heap        ] GC(46) DefNew: 3287039K(3287040K)->3287039K(3287040K) Eden: 2921856K(2921856K)->2921856K(2921856K) From: 365183K(365184K)->365183K(365184K)
[81.463s][info][gc,heap        ] GC(46) Tenured: 7304575K(7304576K)->7304575K(7304576K)
[81.463s][info][gc,metaspace   ] GC(46) Metaspace: 6300K(6464K)->6300K(6464K) NonClass: 5767K(5824K)->5767K(5824K) Class: 532K(640K)->532K(640K)
[81.463s][info][gc             ] GC(46) Pause Full (Allocation Failure) 10343M->10343M(10343M) 8073.652ms
[81.463s][info][gc,cpu         ] GC(46) User=8.08s Sys=0.00s Real=8.07s
[81.463s][info][gc,start       ] GC(47) Pause Full (Allocation Failure)
[81.463s][info][gc,phases,start] GC(47) Phase 1: Mark live objects
[86.167s][info][gc,phases      ] GC(47) Phase 1: Mark live objects 4703.796ms
[86.167s][info][gc,phases,start] GC(47) Phase 2: Compute new object addresses
[87.618s][info][gc,phases      ] GC(47) Phase 2: Compute new object addresses 1450.735ms
[87.618s][info][gc,phases,start] GC(47) Phase 3: Adjust pointers
[89.582s][info][gc,phases      ] GC(47) Phase 3: Adjust pointers 1964.406ms
[89.582s][info][gc,phases,start] GC(47) Phase 4: Move objects
[89.582s][info][gc,phases      ] GC(47) Phase 4: Move objects 0.017ms
[89.583s][info][gc,heap        ] GC(47) DefNew: 3287039K(3287040K)->3287039K(3287040K) Eden: 2921856K(2921856K)->2921856K(2921856K) From: 365183K(365184K)->365183K(365184K)
[89.583s][info][gc,heap        ] GC(47) Tenured: 7304575K(7304576K)->7304575K(7304576K)
[89.583s][info][gc,metaspace   ] GC(47) Metaspace: 6300K(6464K)->6300K(6464K) NonClass: 5767K(5824K)->5767K(5824K) Class: 532K(640K)->532K(640K)
[89.583s][info][gc             ] GC(47) Pause Full (Allocation Failure) 10343M->10343M(10343M) 8119.798ms
[89.583s][info][gc,cpu         ] GC(47) User=8.05s Sys=0.00s Real=8.12s
[89.583s][info][gc,start       ] GC(48) Pause Full (Allocation Failure)
[89.583s][info][gc,phases,start] GC(48) Phase 1: Mark live objects
[94.298s][info][gc,phases      ] GC(48) Phase 1: Mark live objects 4714.864ms
[94.298s][info][gc,phases,start] GC(48) Phase 2: Compute new object addresses
[95.762s][info][gc,phases      ] GC(48) Phase 2: Compute new object addresses 1464.275ms
[95.762s][info][gc,phases,start] GC(48) Phase 3: Adjust pointers
[98.083s][info][gc,phases      ] GC(48) Phase 3: Adjust pointers 2320.860ms
[98.083s][info][gc,phases,start] GC(48) Phase 4: Move objects
[99.805s][info][gc,phases      ] GC(48) Phase 4: Move objects 1721.983ms
[99.806s][info][gc,heap        ] GC(48) DefNew: 3287039K(3287040K)->3287038K(3287040K) Eden: 2921856K(2921856K)->2921855K(2921856K) From: 365183K(365184K)->365182K(365184K)
[99.806s][info][gc,heap        ] GC(48) Tenured: 7304575K(7304576K)->7304575K(7304576K)
[99.806s][info][gc,metaspace   ] GC(48) Metaspace: 6300K(6464K)->6300K(6464K) NonClass: 5767K(5824K)->5767K(5824K) Class: 532K(640K)->532K(640K)
[99.806s][info][gc             ] GC(48) Pause Full (Allocation Failure) 10343M->10343M(10343M) 10222.932ms
[99.806s][info][gc,cpu         ] GC(48) User=10.19s Sys=0.00s Real=10.22s
[99.807s][info][gc,start       ] GC(49) Pause Full (Allocation Failure)
[99.807s][info][gc,phases,start] GC(49) Phase 1: Mark live objects
[104.535s][info][gc,phases      ] GC(49) Phase 1: Mark live objects 4728.080ms
[104.535s][info][gc,phases,start] GC(49) Phase 2: Compute new object addresses
[105.981s][info][gc,phases      ] GC(49) Phase 2: Compute new object addresses 1445.934ms
[105.981s][info][gc,phases,start] GC(49) Phase 3: Adjust pointers
[107.932s][info][gc,phases      ] GC(49) Phase 3: Adjust pointers 1950.567ms
[107.932s][info][gc,phases,start] GC(49) Phase 4: Move objects
[107.932s][info][gc,phases      ] GC(49) Phase 4: Move objects 0.018ms
[107.933s][info][gc,heap        ] GC(49) DefNew: 3287039K(3287040K)->3287039K(3287040K) Eden: 2921856K(2921856K)->2921856K(2921856K) From: 365183K(365184K)->365183K(365184K)
[107.933s][info][gc,heap        ] GC(49) Tenured: 7304575K(7304576K)->7304575K(7304576K)
[107.933s][info][gc,metaspace   ] GC(49) Metaspace: 6302K(6528K)->6302K(6528K) NonClass: 5768K(5888K)->5768K(5888K) Class: 533K(640K)->533K(640K)
[107.933s][info][gc             ] GC(49) Pause Full (Allocation Failure) 10343M->10343M(10343M) 8125.489ms
[107.933s][info][gc,cpu         ] GC(49) User=8.08s Sys=0.00s Real=8.13s
[107.933s][info][gc,heap,exit   ] Heap
[107.933s][info][gc,heap,exit   ]  def new generation   total 3287040K, used 3287039K [0x0000000563400000, 0x00000006422a0000, 0x00000006422a0000)
[107.933s][info][gc,heap,exit   ]   eden space 2921856K, 100% used [0x0000000563400000, 0x0000000615960000, 0x0000000615960000)
[107.933s][info][gc,heap,exit   ]   from space 365184K,  99% used [0x0000000615960000, 0x000000062bdfff88, 0x000000062be00000)
[107.933s][info][gc,heap,exit   ]   to   space 365184K,   0% used [0x000000062be00000, 0x000000062be00000, 0x00000006422a0000)
[107.933s][info][gc,heap,exit   ]  tenured generation   total 7304576K, used 7304575K [0x00000006422a0000, 0x0000000800000000, 0x0000000800000000)
[107.933s][info][gc,heap,exit   ]    the space 7304576K,  99% used [0x00000006422a0000, 0x00000007fffffff0, 0x0000000800000000, 0x0000000800000000)
[107.934s][info][gc,heap,exit   ]  Metaspace       used 6305K, committed 6528K, reserved 1114112K
[107.934s][info][gc,heap,exit   ]   class space    used 534K, committed 640K, reserved 1048576K
