[0.012s][info][gc,init] CardTable entry size: 512
[0.012s][info][gc     ] Using Serial
[0.013s][info][gc,init] Version: 18.0.1+10 (release)
[0.013s][info][gc,init] CPUs: 8 total, 8 available
[0.013s][info][gc,init] Memory: 16063M
[0.013s][info][gc,init] Large Page Support: Disabled
[0.013s][info][gc,init] NUMA Support: Disabled
[0.013s][info][gc,init] Compressed Oops: Enabled (32-bit)
[0.013s][info][gc,init] Heap Min Capacity: 2M
[0.013s][info][gc,init] Heap Initial Capacity: 2M
[0.013s][info][gc,init] Heap Max Capacity: 1300M
[0.013s][info][gc,init] Pre-touch: Disabled
[0.013s][info][gc,metaspace] CDS archive(s) not mapped
[0.013s][info][gc,metaspace] Compressed class space mapped at: 0x0000000100000000-0x0000000140000000, reserved size: 1073741824
[0.013s][info][gc,metaspace] Narrow klass base: 0x0000000000000000, Narrow klass shift: 3, Narrow klass range: 0x140000000
[0.187s][info][gc,start    ] GC(0) Pause Young (Allocation Failure)
[0.189s][info][gc,heap     ] GC(0) DefNew: 1023K(1152K)->127K(1152K) Eden: 1023K(1024K)->0K(1024K) From: 0K(128K)->127K(128K)
[0.189s][info][gc,heap     ] GC(0) Tenured: 0K(768K)->439K(768K)
[0.189s][info][gc,metaspace] GC(0) Metaspace: 5899K(6016K)->5899K(6016K) NonClass: 5400K(5504K)->5400K(5504K) Class: 499K(512K)->499K(512K)
[0.189s][info][gc          ] GC(0) Pause Young (Allocation Failure) 0M->0M(1M) 2.013ms
[0.189s][info][gc,cpu      ] GC(0) User=0.00s Sys=0.00s Real=0.00s
[0.208s][info][gc,start    ] GC(1) Pause Young (Allocation Failure)
[0.209s][info][gc          ] GC(1) Pause Young (Allocation Failure) 1M->0M(2M) 1.332ms
[0.209s][info][gc,cpu      ] GC(1) User=0.00s Sys=0.00s Real=0.00s
[0.209s][info][gc,start    ] GC(2) Pause Full (Allocation Failure)
[0.209s][info][gc,phases,start] GC(2) Phase 1: Mark live objects
[0.210s][info][gc,phases      ] GC(2) Phase 1: Mark live objects 0.873ms
[0.210s][info][gc,phases,start] GC(2) Phase 2: Compute new object addresses
[0.210s][info][gc,phases      ] GC(2) Phase 2: Compute new object addresses 0.212ms
[0.210s][info][gc,phases,start] GC(2) Phase 3: Adjust pointers
[0.211s][info][gc,phases      ] GC(2) Phase 3: Adjust pointers 0.449ms
[0.211s][info][gc,phases,start] GC(2) Phase 4: Move objects
[0.211s][info][gc,phases      ] GC(2) Phase 4: Move objects 0.057ms
[0.211s][info][gc,heap        ] GC(2) DefNew: 1151K(1152K)->40K(1152K) Eden: 1024K(1024K)->40K(1024K) From: 127K(128K)->0K(128K)
[0.211s][info][gc,heap        ] GC(2) Tenured: 439K(768K)->959K(1600K)
[0.211s][info][gc,metaspace   ] GC(2) Metaspace: 6296K(6464K)->6296K(6464K) NonClass: 5763K(5824K)->5763K(5824K) Class: 533K(640K)->533K(640K)
[0.211s][info][gc             ] GC(2) Pause Full (Allocation Failure) 0M->0M(2M) 1.836ms
[0.211s][info][gc,cpu         ] GC(2) User=0.00s Sys=0.00s Real=0.00s
[0.212s][info][gc,start       ] GC(3) Pause Young (Allocation Failure)
[0.213s][info][gc,heap        ] GC(3) DefNew: 1024K(1152K)->128K(1152K) Eden: 1024K(1024K)->0K(1024K) From: 0K(128K)->128K(128K)
[0.214s][info][gc,heap        ] GC(3) Tenured: 959K(1600K)->1374K(1600K)
[0.214s][info][gc,metaspace   ] GC(3) Metaspace: 6296K(6464K)->6296K(6464K) NonClass: 5763K(5824K)->5763K(5824K) Class: 533K(640K)->533K(640K)
[0.214s][info][gc             ] GC(3) Pause Young (Allocation Failure) 1M->1M(2M) 1.426ms
[0.214s][info][gc,cpu         ] GC(3) User=0.00s Sys=0.00s Real=0.00s
[0.215s][info][gc,start       ] GC(4) Pause Young (Allocation Failure)
[0.216s][info][gc             ] GC(4) Pause Young (Allocation Failure) 2M->1M(3M) 1.178ms
[0.216s][info][gc,cpu         ] GC(4) User=0.00s Sys=0.00s Real=0.00s
[0.216s][info][gc,start       ] GC(5) Pause Full (Allocation Failure)
[0.216s][info][gc,phases,start] GC(5) Phase 1: Mark live objects
[0.218s][info][gc,phases      ] GC(5) Phase 1: Mark live objects 1.553ms
[0.218s][info][gc,phases,start] GC(5) Phase 2: Compute new object addresses
[0.218s][info][gc,phases      ] GC(5) Phase 2: Compute new object addresses 0.393ms
[0.218s][info][gc,phases,start] GC(5) Phase 3: Adjust pointers
[0.219s][info][gc,phases      ] GC(5) Phase 3: Adjust pointers 0.744ms
[0.219s][info][gc,phases,start] GC(5) Phase 4: Move objects
[0.219s][info][gc,phases      ] GC(5) Phase 4: Move objects 0.066ms
[0.219s][info][gc,heap        ] GC(5) DefNew: 1152K(1152K)->34K(1536K) Eden: 1024K(1024K)->34K(1408K) From: 128K(128K)->0K(128K)
[0.219s][info][gc,heap        ] GC(5) Tenured: 1374K(1600K)->1983K(3308K)
[0.219s][info][gc,metaspace   ] GC(5) Metaspace: 6296K(6464K)->6296K(6464K) NonClass: 5763K(5824K)->5763K(5824K) Class: 533K(640K)->533K(640K)
[0.219s][info][gc             ] GC(5) Pause Full (Allocation Failure) 1M->1M(4M) 3.087ms
[0.219s][info][gc,cpu         ] GC(5) User=0.00s Sys=0.00s Real=0.00s
[0.222s][info][gc,start       ] GC(6) Pause Young (Allocation Failure)
[0.223s][info][gc,heap        ] GC(6) DefNew: 1408K(1536K)->127K(1536K) Eden: 1408K(1408K)->0K(1408K) From: 0K(128K)->127K(128K)
[0.223s][info][gc,heap        ] GC(6) Tenured: 1983K(3308K)->2617K(3308K)
[0.223s][info][gc,metaspace   ] GC(6) Metaspace: 6296K(6464K)->6296K(6464K) NonClass: 5763K(5824K)->5763K(5824K) Class: 533K(640K)->533K(640K)
[0.223s][info][gc             ] GC(6) Pause Young (Allocation Failure) 3M->2M(4M) 1.675ms
[0.223s][info][gc,cpu         ] GC(6) User=0.00s Sys=0.00s Real=0.00s
[0.225s][info][gc,start       ] GC(7) Pause Young (Allocation Failure)
[0.227s][info][gc             ] GC(7) Pause Young (Allocation Failure) 4M->3M(4M) 1.506ms
[0.227s][info][gc,cpu         ] GC(7) User=0.00s Sys=0.00s Real=0.00s
[0.227s][info][gc,start       ] GC(8) Pause Full (Allocation Failure)
[0.227s][info][gc,phases,start] GC(8) Phase 1: Mark live objects
[0.229s][info][gc,phases      ] GC(8) Phase 1: Mark live objects 2.033ms
[0.229s][info][gc,phases,start] GC(8) Phase 2: Compute new object addresses
[0.229s][info][gc,phases      ] GC(8) Phase 2: Compute new object addresses 0.678ms
[0.230s][info][gc,phases,start] GC(8) Phase 3: Adjust pointers
[0.230s][info][gc,phases      ] GC(8) Phase 3: Adjust pointers 0.929ms
[0.230s][info][gc,phases,start] GC(8) Phase 4: Move objects
[0.231s][info][gc,phases      ] GC(8) Phase 4: Move objects 0.077ms
[0.231s][info][gc,heap        ] GC(8) DefNew: 1535K(1536K)->0K(2688K) Eden: 1408K(1408K)->0K(2432K) From: 127K(128K)->0K(256K)
[0.231s][info][gc,heap        ] GC(8) Tenured: 2617K(3308K)->3459K(5768K)
[0.231s][info][gc,metaspace   ] GC(8) Metaspace: 6296K(6464K)->6296K(6464K) NonClass: 5763K(5824K)->5763K(5824K) Class: 533K(640K)->533K(640K)
[0.231s][info][gc             ] GC(8) Pause Full (Allocation Failure) 3M->3M(8M) 4.001ms
[0.231s][info][gc,cpu         ] GC(8) User=0.00s Sys=0.00s Real=0.00s
[0.235s][info][gc,start       ] GC(9) Pause Young (Allocation Failure)
[0.237s][info][gc,heap        ] GC(9) DefNew: 2432K(2688K)->255K(2688K) Eden: 2432K(2432K)->0K(2432K) From: 0K(256K)->255K(256K)
[0.237s][info][gc,heap        ] GC(9) Tenured: 3459K(5768K)->4512K(5768K)
[0.237s][info][gc,metaspace   ] GC(9) Metaspace: 6296K(6464K)->6296K(6464K) NonClass: 5763K(5824K)->5763K(5824K) Class: 533K(640K)->533K(640K)
[0.237s][info][gc             ] GC(9) Pause Young (Allocation Failure) 5M->4M(8M) 2.572ms
[0.237s][info][gc,cpu         ] GC(9) User=0.00s Sys=0.00s Real=0.00s
[0.241s][info][gc,start       ] GC(10) Pause Young (Allocation Failure)
[0.244s][info][gc,heap        ] GC(10) DefNew: 2687K(2688K)->255K(2688K) Eden: 2432K(2432K)->0K(2432K) From: 255K(256K)->255K(256K)
[0.244s][info][gc,heap        ] GC(10) Tenured: 4512K(5768K)->5754K(5768K)
[0.244s][info][gc,metaspace   ] GC(10) Metaspace: 6296K(6464K)->6296K(6464K) NonClass: 5763K(5824K)->5763K(5824K) Class: 533K(640K)->533K(640K)
[0.244s][info][gc             ] GC(10) Pause Young (Allocation Failure) 7M->5M(8M) 2.710ms
[0.244s][info][gc,cpu         ] GC(10) User=0.00s Sys=0.00s Real=0.00s
[0.247s][info][gc,start       ] GC(11) Pause Young (Allocation Failure)
[0.250s][info][gc             ] GC(11) Pause Young (Allocation Failure) 8M->7M(9M) 3.158ms
[0.250s][info][gc,cpu         ] GC(11) User=0.00s Sys=0.00s Real=0.00s
[0.250s][info][gc,start       ] GC(12) Pause Full (Allocation Failure)
[0.251s][info][gc,phases,start] GC(12) Phase 1: Mark live objects
[0.255s][info][gc,phases      ] GC(12) Phase 1: Mark live objects 4.221ms
[0.255s][info][gc,phases,start] GC(12) Phase 2: Compute new object addresses
[0.256s][info][gc,phases      ] GC(12) Phase 2: Compute new object addresses 1.290ms
[0.256s][info][gc,phases,start] GC(12) Phase 3: Adjust pointers
[0.258s][info][gc,phases      ] GC(12) Phase 3: Adjust pointers 1.734ms
[0.258s][info][gc,phases,start] GC(12) Phase 4: Move objects
[0.259s][info][gc,phases      ] GC(12) Phase 4: Move objects 1.355ms
[0.260s][info][gc,heap        ] GC(12) DefNew: 2687K(2688K)->0K(5376K) Eden: 2432K(2432K)->0K(4800K) From: 255K(256K)->0K(576K)
[0.260s][info][gc,heap        ] GC(12) Tenured: 5754K(5768K)->7132K(11888K)
[0.260s][info][gc,metaspace   ] GC(12) Metaspace: 6296K(6464K)->6296K(6464K) NonClass: 5763K(5824K)->5763K(5824K) Class: 533K(640K)->533K(640K)
[0.260s][info][gc             ] GC(12) Pause Full (Allocation Failure) 7M->6M(16M) 9.217ms
[0.260s][info][gc,cpu         ] GC(12) User=0.00s Sys=0.00s Real=0.01s
[0.264s][info][gc,start       ] GC(13) Pause Young (Allocation Failure)
[0.270s][info][gc,heap        ] GC(13) DefNew: 4800K(5376K)->576K(5376K) Eden: 4800K(4800K)->0K(4800K) From: 0K(576K)->576K(576K)
[0.270s][info][gc,heap        ] GC(13) Tenured: 7132K(11888K)->9027K(11888K)
[0.270s][info][gc,metaspace   ] GC(13) Metaspace: 6296K(6464K)->6296K(6464K) NonClass: 5763K(5824K)->5763K(5824K) Class: 533K(640K)->533K(640K)
[0.270s][info][gc             ] GC(13) Pause Young (Allocation Failure) 11M->9M(16M) 6.104ms
[0.270s][info][gc,cpu         ] GC(13) User=0.00s Sys=0.00s Real=0.01s
[0.276s][info][gc,start       ] GC(14) Pause Young (Allocation Failure)
[0.282s][info][gc,heap        ] GC(14) DefNew: 5376K(5376K)->576K(5376K) Eden: 4800K(4800K)->0K(4800K) From: 576K(576K)->576K(576K)
[0.282s][info][gc,heap        ] GC(14) Tenured: 9027K(11888K)->11746K(11888K)
[0.282s][info][gc,metaspace   ] GC(14) Metaspace: 6296K(6464K)->6296K(6464K) NonClass: 5763K(5824K)->5763K(5824K) Class: 533K(640K)->533K(640K)
[0.282s][info][gc             ] GC(14) Pause Young (Allocation Failure) 14M->12M(16M) 6.099ms
[0.282s][info][gc,cpu         ] GC(14) User=0.00s Sys=0.00s Real=0.01s
[0.286s][info][gc,start       ] GC(15) Pause Young (Allocation Failure)
[0.292s][info][gc             ] GC(15) Pause Young (Allocation Failure) 16M->14M(19M) 6.184ms
[0.292s][info][gc,cpu         ] GC(15) User=0.00s Sys=0.00s Real=0.01s
[0.292s][info][gc,start       ] GC(16) Pause Full (Allocation Failure)
[0.292s][info][gc,phases,start] GC(16) Phase 1: Mark live objects
[0.300s][info][gc,phases      ] GC(16) Phase 1: Mark live objects 8.322ms
[0.300s][info][gc,phases,start] GC(16) Phase 2: Compute new object addresses
[0.303s][info][gc,phases      ] GC(16) Phase 2: Compute new object addresses 2.301ms
[0.303s][info][gc,phases,start] GC(16) Phase 3: Adjust pointers
[0.306s][info][gc,phases      ] GC(16) Phase 3: Adjust pointers 2.942ms
[0.306s][info][gc,phases,start] GC(16) Phase 4: Move objects
[0.306s][info][gc,phases      ] GC(16) Phase 4: Move objects 0.187ms
[0.306s][info][gc,heap        ] GC(16) DefNew: 5376K(5376K)->386K(10880K) Eden: 4800K(4800K)->386K(9728K) From: 576K(576K)->0K(1152K)
[0.306s][info][gc,heap        ] GC(16) Tenured: 11746K(11888K)->14383K(23976K)
[0.306s][info][gc,metaspace   ] GC(16) Metaspace: 6298K(6464K)->6298K(6464K) NonClass: 5765K(5824K)->5765K(5824K) Class: 533K(640K)->533K(640K)
[0.306s][info][gc             ] GC(16) Pause Full (Allocation Failure) 14M->14M(34M) 14.117ms
[0.306s][info][gc,cpu         ] GC(16) User=0.02s Sys=0.00s Real=0.01s
[0.314s][info][gc,start       ] GC(17) Pause Young (Allocation Failure)
[0.326s][info][gc,heap        ] GC(17) DefNew: 9728K(10880K)->1151K(10880K) Eden: 9728K(9728K)->0K(9728K) From: 0K(1152K)->1151K(1152K)
[0.327s][info][gc,heap        ] GC(17) Tenured: 14383K(23976K)->18415K(23976K)
[0.327s][info][gc,metaspace   ] GC(17) Metaspace: 6298K(6464K)->6298K(6464K) NonClass: 5765K(5824K)->5765K(5824K) Class: 533K(640K)->533K(640K)
[0.327s][info][gc             ] GC(17) Pause Young (Allocation Failure) 23M->19M(34M) 12.486ms
[0.327s][info][gc,cpu         ] GC(17) User=0.00s Sys=0.00s Real=0.01s
[0.335s][info][gc,start       ] GC(18) Pause Young (Allocation Failure)
[0.347s][info][gc,heap        ] GC(18) DefNew: 10879K(10880K)->1151K(10880K) Eden: 9728K(9728K)->0K(9728K) From: 1151K(1152K)->1151K(1152K)
[0.347s][info][gc,heap        ] GC(18) Tenured: 18415K(23976K)->23936K(23976K)
[0.347s][info][gc,metaspace   ] GC(18) Metaspace: 6298K(6464K)->6298K(6464K) NonClass: 5765K(5824K)->5765K(5824K) Class: 533K(640K)->533K(640K)
[0.347s][info][gc             ] GC(18) Pause Young (Allocation Failure) 28M->24M(34M) 11.764ms
[0.347s][info][gc,cpu         ] GC(18) User=0.00s Sys=0.00s Real=0.01s
[0.353s][info][gc,start       ] GC(19) Pause Young (Allocation Failure)
[0.365s][info][gc             ] GC(19) Pause Young (Allocation Failure) 34M->29M(38M) 12.040ms
[0.365s][info][gc,cpu         ] GC(19) User=0.00s Sys=0.00s Real=0.01s
[0.365s][info][gc,start       ] GC(20) Pause Full (Allocation Failure)
[0.365s][info][gc,phases,start] GC(20) Phase 1: Mark live objects
[0.380s][info][gc,phases      ] GC(20) Phase 1: Mark live objects 14.761ms
[0.380s][info][gc,phases,start] GC(20) Phase 2: Compute new object addresses
[0.385s][info][gc,phases      ] GC(20) Phase 2: Compute new object addresses 5.352ms
[0.385s][info][gc,phases,start] GC(20) Phase 3: Adjust pointers
[0.391s][info][gc,phases      ] GC(20) Phase 3: Adjust pointers 5.661ms
[0.391s][info][gc,phases,start] GC(20) Phase 4: Move objects
[0.391s][info][gc,phases      ] GC(20) Phase 4: Move objects 0.180ms
[0.391s][info][gc,heap        ] GC(20) DefNew: 10879K(10880K)->1079K(21888K) Eden: 9728K(9728K)->1079K(19520K) From: 1151K(1152K)->0K(2368K)
[0.391s][info][gc,heap        ] GC(20) Tenured: 23936K(23976K)->29035K(48396K)
[0.391s][info][gc,metaspace   ] GC(20) Metaspace: 6298K(6464K)->6298K(6464K) NonClass: 5765K(5824K)->5765K(5824K) Class: 533K(640K)->533K(640K)
[0.391s][info][gc             ] GC(20) Pause Full (Allocation Failure) 29M->29M(68M) 26.460ms
[0.391s][info][gc,cpu         ] GC(20) User=0.03s Sys=0.00s Real=0.03s
[0.406s][info][gc,start       ] GC(21) Pause Young (Allocation Failure)
[0.433s][info][gc,heap        ] GC(21) DefNew: 19520K(21888K)->2367K(21888K) Eden: 19520K(19520K)->0K(19520K) From: 0K(2368K)->2367K(2368K)
[0.433s][info][gc,heap        ] GC(21) Tenured: 29035K(48396K)->39353K(48396K)
[0.433s][info][gc,metaspace   ] GC(21) Metaspace: 6298K(6464K)->6298K(6464K) NonClass: 5765K(5824K)->5765K(5824K) Class: 533K(640K)->533K(640K)
[0.434s][info][gc             ] GC(21) Pause Young (Allocation Failure) 47M->40M(68M) 27.526ms
[0.434s][info][gc,cpu         ] GC(21) User=0.02s Sys=0.00s Real=0.03s
[0.451s][info][gc,start       ] GC(22) Pause Young (Allocation Failure)
[0.486s][info][gc             ] GC(22) Pause Young (Allocation Failure) 59M->59M(78M) 35.394ms
[0.486s][info][gc,cpu         ] GC(22) User=0.03s Sys=0.00s Real=0.03s
[0.486s][info][gc,start       ] GC(23) Pause Full (Allocation Failure)
[0.486s][info][gc,phases,start] GC(23) Phase 1: Mark live objects
[0.513s][info][gc,phases      ] GC(23) Phase 1: Mark live objects 26.750ms
[0.513s][info][gc,phases,start] GC(23) Phase 2: Compute new object addresses
[0.523s][info][gc,phases      ] GC(23) Phase 2: Compute new object addresses 10.282ms
[0.523s][info][gc,phases,start] GC(23) Phase 3: Adjust pointers
[0.535s][info][gc,phases      ] GC(23) Phase 3: Adjust pointers 11.701ms
[0.535s][info][gc,phases,start] GC(23) Phase 4: Move objects
[0.535s][info][gc,phases      ] GC(23) Phase 4: Move objects 0.343ms
[0.536s][info][gc,heap        ] GC(23) DefNew: 21887K(21888K)->2253K(44288K) Eden: 19520K(19520K)->2253K(39424K) From: 2367K(2368K)->0K(4864K)
[0.536s][info][gc,heap        ] GC(23) Tenured: 39353K(48396K)->58955K(98260K)
[0.536s][info][gc,metaspace   ] GC(23) Metaspace: 6298K(6464K)->6298K(6464K) NonClass: 5765K(5824K)->5765K(5824K) Class: 533K(640K)->533K(640K)
[0.536s][info][gc             ] GC(23) Pause Full (Allocation Failure) 59M->59M(139M) 49.728ms
[0.536s][info][gc,cpu         ] GC(23) User=0.05s Sys=0.00s Real=0.05s
[0.575s][info][gc,start       ] GC(24) Pause Young (Allocation Failure)
[0.636s][info][gc,heap        ] GC(24) DefNew: 39424K(44288K)->4863K(44288K) Eden: 39424K(39424K)->0K(39424K) From: 0K(4864K)->4863K(4864K)
[0.636s][info][gc,heap        ] GC(24) Tenured: 58955K(98260K)->93487K(98260K)
[0.637s][info][gc,metaspace   ] GC(24) Metaspace: 6298K(6464K)->6298K(6464K) NonClass: 5765K(5824K)->5765K(5824K) Class: 533K(640K)->533K(640K)
[0.637s][info][gc             ] GC(24) Pause Young (Allocation Failure) 96M->96M(139M) 61.713ms
[0.637s][info][gc,cpu         ] GC(24) User=0.03s Sys=0.02s Real=0.06s
[0.668s][info][gc,start       ] GC(25) Pause Young (Allocation Failure)
[0.736s][info][gc             ] GC(25) Pause Young (Allocation Failure) 134M->134M(173M) 68.346ms
[0.736s][info][gc,cpu         ] GC(25) User=0.05s Sys=0.00s Real=0.07s
[0.737s][info][gc,start       ] GC(26) Pause Full (Allocation Failure)
[0.737s][info][gc,phases,start] GC(26) Phase 1: Mark live objects
[0.791s][info][gc,phases      ] GC(26) Phase 1: Mark live objects 54.435ms
[0.791s][info][gc,phases,start] GC(26) Phase 2: Compute new object addresses
[0.812s][info][gc,phases      ] GC(26) Phase 2: Compute new object addresses 21.337ms
[0.812s][info][gc,phases,start] GC(26) Phase 3: Adjust pointers
[0.839s][info][gc,phases      ] GC(26) Phase 3: Adjust pointers 26.248ms
[0.839s][info][gc,phases,start] GC(26) Phase 4: Move objects
[0.863s][info][gc,phases      ] GC(26) Phase 4: Move objects 24.676ms
[0.864s][info][gc,heap        ] GC(26) DefNew: 44287K(44288K)->1014K(99712K) Eden: 39424K(39424K)->1014K(88640K) From: 4863K(4864K)->0K(11072K)
[0.864s][info][gc,heap        ] GC(26) Tenured: 93487K(98260K)->132887K(221480K)
[0.864s][info][gc,metaspace   ] GC(26) Metaspace: 6298K(6464K)->6298K(6464K) NonClass: 5765K(5824K)->5765K(5824K) Class: 533K(640K)->533K(640K)
[0.864s][info][gc             ] GC(26) Pause Full (Allocation Failure) 134M->130M(313M) 127.494ms
[0.864s][info][gc,cpu         ] GC(26) User=0.11s Sys=0.00s Real=0.13s
[0.959s][info][gc,start       ] GC(27) Pause Young (Allocation Failure)
[1.105s][info][gc,heap        ] GC(27) DefNew: 88640K(99712K)->11071K(99712K) Eden: 88640K(88640K)->0K(88640K) From: 0K(11072K)->11071K(11072K)
[1.105s][info][gc,heap        ] GC(27) Tenured: 132887K(221480K)->210424K(221480K)
[1.105s][info][gc,metaspace   ] GC(27) Metaspace: 6298K(6464K)->6298K(6464K) NonClass: 5765K(5824K)->5765K(5824K) Class: 533K(640K)->533K(640K)
[1.105s][info][gc             ] GC(27) Pause Young (Allocation Failure) 216M->216M(313M) 146.036ms
[1.106s][info][gc,cpu         ] GC(27) User=0.11s Sys=0.02s Real=0.15s
[1.189s][info][gc,start       ] GC(28) Pause Young (Allocation Failure)
[1.350s][info][gc             ] GC(28) Pause Young (Allocation Failure) 302M->302M(389M) 160.947ms
[1.350s][info][gc,cpu         ] GC(28) User=0.14s Sys=0.02s Real=0.16s
[1.350s][info][gc,start       ] GC(29) Pause Full (Allocation Failure)
[1.350s][info][gc,phases,start] GC(29) Phase 1: Mark live objects
[1.481s][info][gc,phases      ] GC(29) Phase 1: Mark live objects 131.418ms
[1.482s][info][gc,phases,start] GC(29) Phase 2: Compute new object addresses
[1.531s][info][gc,phases      ] GC(29) Phase 2: Compute new object addresses 49.370ms
[1.531s][info][gc,phases,start] GC(29) Phase 3: Adjust pointers
[1.587s][info][gc,phases      ] GC(29) Phase 3: Adjust pointers 56.475ms
[1.588s][info][gc,phases,start] GC(29) Phase 4: Move objects
[1.590s][info][gc,phases      ] GC(29) Phase 4: Move objects 2.322ms
[1.591s][info][gc,heap        ] GC(29) DefNew: 99711K(99712K)->10926K(224448K) Eden: 88640K(88640K)->10926K(199552K) From: 11071K(11072K)->0K(24896K)
[1.591s][info][gc,heap        ] GC(29) Tenured: 210424K(221480K)->299179K(498636K)
[1.591s][info][gc,metaspace   ] GC(29) Metaspace: 6298K(6464K)->6298K(6464K) NonClass: 5765K(5824K)->5765K(5824K) Class: 533K(640K)->533K(640K)
[1.591s][info][gc             ] GC(29) Pause Full (Allocation Failure) 302M->302M(706M) 240.820ms
[1.591s][info][gc,cpu         ] GC(29) User=0.22s Sys=0.00s Real=0.24s
[1.796s][info][gc,start       ] GC(30) Pause Young (Allocation Failure)
[2.120s][info][gc,heap        ] GC(30) DefNew: 199552K(224448K)->24895K(224448K) Eden: 199552K(199552K)->0K(199552K) From: 0K(24896K)->24895K(24896K)
[2.120s][info][gc,heap        ] GC(30) Tenured: 299179K(498636K)->473807K(498636K)
[2.120s][info][gc,metaspace   ] GC(30) Metaspace: 6298K(6464K)->6298K(6464K) NonClass: 5765K(5824K)->5765K(5824K) Class: 533K(640K)->533K(640K)
[2.120s][info][gc             ] GC(30) Pause Young (Allocation Failure) 487M->487M(706M) 324.078ms
[2.120s][info][gc,cpu         ] GC(30) User=0.28s Sys=0.03s Real=0.33s
[2.311s][info][gc,start       ] GC(31) Pause Young (Allocation Failure)
[2.676s][info][gc             ] GC(31) Pause Young (Allocation Failure) 681M->681M(876M) 364.760ms
[2.676s][info][gc,cpu         ] GC(31) User=0.27s Sys=0.08s Real=0.37s
[2.676s][info][gc,start       ] GC(32) Pause Full (Allocation Failure)
[2.676s][info][gc,phases,start] GC(32) Phase 1: Mark live objects
[2.981s][info][gc,phases      ] GC(32) Phase 1: Mark live objects 305.265ms
[2.981s][info][gc,phases,start] GC(32) Phase 2: Compute new object addresses
[3.086s][info][gc,phases      ] GC(32) Phase 2: Compute new object addresses 104.546ms
[3.086s][info][gc,phases,start] GC(32) Phase 3: Adjust pointers
[3.200s][info][gc,phases      ] GC(32) Phase 3: Adjust pointers 114.023ms
[3.200s][info][gc,phases,start] GC(32) Phase 4: Move objects
[3.205s][info][gc,phases      ] GC(32) Phase 4: Move objects 5.114ms
[3.206s][info][gc,heap        ] GC(32) DefNew: 224447K(224448K)->24801K(399360K) Eden: 199552K(199552K)->24801K(355008K) From: 24895K(24896K)->0K(44352K)
[3.207s][info][gc,heap        ] GC(32) Tenured: 473807K(498636K)->673424K(887488K)
[3.207s][info][gc,metaspace   ] GC(32) Metaspace: 6298K(6464K)->6298K(6464K) NonClass: 5765K(5824K)->5765K(5824K) Class: 533K(640K)->533K(640K)
[3.207s][info][gc             ] GC(32) Pause Full (Allocation Failure) 681M->681M(1256M) 530.414ms
[3.207s][info][gc,cpu         ] GC(32) User=0.50s Sys=0.00s Real=0.53s
[3.542s][info][gc,start       ] GC(33) Pause Young (Allocation Failure)
[4.172s][info][gc,promotion   ] GC(33) Promotion failed
[4.173s][info][gc             ] GC(33) Pause Young (Allocation Failure) 1004M->1256M(1256M) 630.586ms
[4.173s][info][gc,cpu         ] GC(33) User=0.55s Sys=0.06s Real=0.63s
[4.173s][info][gc,start       ] GC(34) Pause Full (Allocation Failure)
[4.173s][info][gc,phases,start] GC(34) Phase 1: Mark live objects
[4.650s][info][gc,phases      ] GC(34) Phase 1: Mark live objects 476.903ms
[4.650s][info][gc,phases,start] GC(34) Phase 2: Compute new object addresses
[4.825s][info][gc,phases      ] GC(34) Phase 2: Compute new object addresses 174.984ms
[4.825s][info][gc,phases,start] GC(34) Phase 3: Adjust pointers
[5.028s][info][gc,phases      ] GC(34) Phase 3: Adjust pointers 203.363ms
[5.028s][info][gc,phases,start] GC(34) Phase 4: Move objects
[5.062s][info][gc,phases      ] GC(34) Phase 4: Move objects 33.975ms
[5.062s][info][gc,heap        ] GC(34) DefNew: 355008K(399360K)->140917K(399360K) Eden: 355008K(355008K)->140917K(355008K) From: 0K(44352K)->0K(44352K)
[5.062s][info][gc,heap        ] GC(34) Tenured: 673424K(887488K)->887487K(887488K)
[5.062s][info][gc,metaspace   ] GC(34) Metaspace: 6298K(6464K)->6298K(6464K) NonClass: 5765K(5824K)->5765K(5824K) Class: 533K(640K)->533K(640K)
[5.062s][info][gc             ] GC(34) Pause Full (Allocation Failure) 1256M->1004M(1256M) 889.812ms
[5.062s][info][gc,cpu         ] GC(34) User=0.84s Sys=0.00s Real=0.89s
[5.384s][info][gc,start       ] GC(35) Pause Full (Allocation Failure)
[5.385s][info][gc,phases,start] GC(35) Phase 1: Mark live objects
[5.976s][info][gc,phases      ] GC(35) Phase 1: Mark live objects 591.479ms
[5.976s][info][gc,phases,start] GC(35) Phase 2: Compute new object addresses
[6.156s][info][gc,phases      ] GC(35) Phase 2: Compute new object addresses 179.847ms
[6.156s][info][gc,phases,start] GC(35) Phase 3: Adjust pointers
[6.449s][info][gc,phases      ] GC(35) Phase 3: Adjust pointers 293.291ms
[6.449s][info][gc,phases,start] GC(35) Phase 4: Move objects
[6.658s][info][gc,phases      ] GC(35) Phase 4: Move objects 208.815ms
[6.658s][info][gc,heap        ] GC(35) DefNew: 399360K(399360K)->370668K(399360K) Eden: 355008K(355008K)->355007K(355008K) From: 44352K(44352K)->15660K(44352K)
[6.658s][info][gc,heap        ] GC(35) Tenured: 887487K(887488K)->887487K(887488K)
[6.658s][info][gc,metaspace   ] GC(35) Metaspace: 6298K(6464K)->6298K(6464K) NonClass: 5765K(5824K)->5765K(5824K) Class: 533K(640K)->533K(640K)
[6.659s][info][gc             ] GC(35) Pause Full (Allocation Failure) 1256M->1228M(1256M) 1274.125ms
[6.659s][info][gc,cpu         ] GC(35) User=1.23s Sys=0.02s Real=1.27s
[6.739s][info][gc,start       ] GC(36) Pause Full (Allocation Failure)
[6.739s][info][gc,phases,start] GC(36) Phase 1: Mark live objects
[7.329s][info][gc,phases      ] GC(36) Phase 1: Mark live objects 589.822ms
[7.329s][info][gc,phases,start] GC(36) Phase 2: Compute new object addresses
[7.516s][info][gc,phases      ] GC(36) Phase 2: Compute new object addresses 187.162ms
[7.516s][info][gc,phases,start] GC(36) Phase 3: Adjust pointers
[7.759s][info][gc,phases      ] GC(36) Phase 3: Adjust pointers 243.349ms
[7.759s][info][gc,phases,start] GC(36) Phase 4: Move objects
[7.760s][info][gc,phases      ] GC(36) Phase 4: Move objects 0.016ms
[7.760s][info][gc,heap        ] GC(36) DefNew: 399359K(399360K)->399359K(399360K) Eden: 355008K(355008K)->355008K(355008K) From: 44351K(44352K)->44351K(44352K)
[7.760s][info][gc,heap        ] GC(36) Tenured: 887487K(887488K)->887487K(887488K)
[7.760s][info][gc,metaspace   ] GC(36) Metaspace: 6298K(6464K)->6298K(6464K) NonClass: 5765K(5824K)->5765K(5824K) Class: 533K(640K)->533K(640K)
[7.760s][info][gc             ] GC(36) Pause Full (Allocation Failure) 1256M->1256M(1256M) 1020.852ms
[7.760s][info][gc,cpu         ] GC(36) User=1.02s Sys=0.00s Real=1.02s
[7.760s][info][gc,start       ] GC(37) Pause Full (Allocation Failure)
[7.760s][info][gc,phases,start] GC(37) Phase 1: Mark live objects
[8.352s][info][gc,phases      ] GC(37) Phase 1: Mark live objects 592.581ms
[8.352s][info][gc,phases,start] GC(37) Phase 2: Compute new object addresses
[8.537s][info][gc,phases      ] GC(37) Phase 2: Compute new object addresses 184.547ms
[8.537s][info][gc,phases,start] GC(37) Phase 3: Adjust pointers
[8.841s][info][gc,phases      ] GC(37) Phase 3: Adjust pointers 304.136ms
[8.841s][info][gc,phases,start] GC(37) Phase 4: Move objects
[9.048s][info][gc,phases      ] GC(37) Phase 4: Move objects 206.796ms
[9.048s][info][gc,heap        ] GC(37) DefNew: 399359K(399360K)->399355K(399360K) Eden: 355008K(355008K)->355007K(355008K) From: 44351K(44352K)->44347K(44352K)
[9.048s][info][gc,heap        ] GC(37) Tenured: 887487K(887488K)->887487K(887488K)
[9.048s][info][gc,metaspace   ] GC(37) Metaspace: 6298K(6464K)->6297K(6464K) NonClass: 5765K(5824K)->5764K(5824K) Class: 533K(640K)->532K(640K)
[9.048s][info][gc             ] GC(37) Pause Full (Allocation Failure) 1256M->1256M(1256M) 1288.706ms
[9.048s][info][gc,cpu         ] GC(37) User=1.28s Sys=0.00s Real=1.29s
[9.049s][info][gc,start       ] GC(38) Pause Full (Allocation Failure)
[9.049s][info][gc,phases,start] GC(38) Phase 1: Mark live objects
[9.647s][info][gc,phases      ] GC(38) Phase 1: Mark live objects 597.819ms
[9.647s][info][gc,phases,start] GC(38) Phase 2: Compute new object addresses
[9.832s][info][gc,phases      ] GC(38) Phase 2: Compute new object addresses 184.977ms
[9.832s][info][gc,phases,start] GC(38) Phase 3: Adjust pointers
[10.079s][info][gc,phases      ] GC(38) Phase 3: Adjust pointers 247.163ms
[10.079s][info][gc,phases,start] GC(38) Phase 4: Move objects
[10.079s][info][gc,phases      ] GC(38) Phase 4: Move objects 0.017ms
[10.079s][info][gc,heap        ] GC(38) DefNew: 399360K(399360K)->399360K(399360K) Eden: 355008K(355008K)->355008K(355008K) From: 44352K(44352K)->44352K(44352K)
[10.079s][info][gc,heap        ] GC(38) Tenured: 887487K(887488K)->887487K(887488K)
[10.079s][info][gc,metaspace   ] GC(38) Metaspace: 6297K(6464K)->6297K(6464K) NonClass: 5764K(5824K)->5764K(5824K) Class: 532K(640K)->532K(640K)
[10.079s][info][gc             ] GC(38) Pause Full (Allocation Failure) 1256M->1256M(1256M) 1030.426ms
[10.079s][info][gc,cpu         ] GC(38) User=1.00s Sys=0.00s Real=1.03s
[10.079s][info][gc,start       ] GC(39) Pause Full (Allocation Failure)
[10.079s][info][gc,phases,start] GC(39) Phase 1: Mark live objects
[10.669s][info][gc,phases      ] GC(39) Phase 1: Mark live objects 590.126ms
[10.669s][info][gc,phases,start] GC(39) Phase 2: Compute new object addresses
[10.852s][info][gc,phases      ] GC(39) Phase 2: Compute new object addresses 182.090ms
[10.852s][info][gc,phases,start] GC(39) Phase 3: Adjust pointers
[11.097s][info][gc,phases      ] GC(39) Phase 3: Adjust pointers 245.324ms
[11.097s][info][gc,phases,start] GC(39) Phase 4: Move objects
[11.097s][info][gc,phases      ] GC(39) Phase 4: Move objects 0.016ms
[11.097s][info][gc,heap        ] GC(39) DefNew: 399360K(399360K)->399360K(399360K) Eden: 355008K(355008K)->355008K(355008K) From: 44352K(44352K)->44352K(44352K)
[11.097s][info][gc,heap        ] GC(39) Tenured: 887487K(887488K)->887487K(887488K)
[11.097s][info][gc,metaspace   ] GC(39) Metaspace: 6297K(6464K)->6297K(6464K) NonClass: 5764K(5824K)->5764K(5824K) Class: 532K(640K)->532K(640K)
[11.097s][info][gc             ] GC(39) Pause Full (Allocation Failure) 1256M->1256M(1256M) 1018.015ms
[11.097s][info][gc,cpu         ] GC(39) User=1.02s Sys=0.00s Real=1.02s
[11.098s][info][gc,start       ] GC(40) Pause Full (Allocation Failure)
[11.098s][info][gc,phases,start] GC(40) Phase 1: Mark live objects
[11.693s][info][gc,phases      ] GC(40) Phase 1: Mark live objects 595.622ms
[11.693s][info][gc,phases,start] GC(40) Phase 2: Compute new object addresses
[11.879s][info][gc,phases      ] GC(40) Phase 2: Compute new object addresses 185.524ms
[11.879s][info][gc,phases,start] GC(40) Phase 3: Adjust pointers
[12.133s][info][gc,phases      ] GC(40) Phase 3: Adjust pointers 253.936ms
[12.133s][info][gc,phases,start] GC(40) Phase 4: Move objects
[12.133s][info][gc,phases      ] GC(40) Phase 4: Move objects 0.017ms
[12.133s][info][gc,heap        ] GC(40) DefNew: 399360K(399360K)->399359K(399360K) Eden: 355008K(355008K)->355008K(355008K) From: 44352K(44352K)->44351K(44352K)
[12.133s][info][gc,heap        ] GC(40) Tenured: 887487K(887488K)->887487K(887488K)
[12.133s][info][gc,metaspace   ] GC(40) Metaspace: 6297K(6464K)->6297K(6464K) NonClass: 5764K(5824K)->5764K(5824K) Class: 532K(640K)->532K(640K)
[12.133s][info][gc             ] GC(40) Pause Full (Allocation Failure) 1256M->1256M(1256M) 1035.551ms
[12.133s][info][gc,cpu         ] GC(40) User=1.02s Sys=0.00s Real=1.04s
[12.134s][info][gc,start       ] GC(41) Pause Full (Allocation Failure)
[12.134s][info][gc,phases,start] GC(41) Phase 1: Mark live objects
[12.728s][info][gc,phases      ] GC(41) Phase 1: Mark live objects 594.777ms
[12.728s][info][gc,phases,start] GC(41) Phase 2: Compute new object addresses
[12.914s][info][gc,phases      ] GC(41) Phase 2: Compute new object addresses 185.296ms
[12.914s][info][gc,phases,start] GC(41) Phase 3: Adjust pointers
[13.158s][info][gc,phases      ] GC(41) Phase 3: Adjust pointers 244.281ms
[13.158s][info][gc,phases,start] GC(41) Phase 4: Move objects
[13.158s][info][gc,phases      ] GC(41) Phase 4: Move objects 0.015ms
[13.158s][info][gc,heap        ] GC(41) DefNew: 399359K(399360K)->399359K(399360K) Eden: 355008K(355008K)->355008K(355008K) From: 44351K(44352K)->44351K(44352K)
[13.158s][info][gc,heap        ] GC(41) Tenured: 887487K(887488K)->887487K(887488K)
[13.158s][info][gc,metaspace   ] GC(41) Metaspace: 6297K(6464K)->6297K(6464K) NonClass: 5764K(5824K)->5764K(5824K) Class: 532K(640K)->532K(640K)
[13.158s][info][gc             ] GC(41) Pause Full (Allocation Failure) 1256M->1256M(1256M) 1024.831ms
[13.159s][info][gc,cpu         ] GC(41) User=1.02s Sys=0.00s Real=1.02s
[13.159s][info][gc,start       ] GC(42) Pause Full (Allocation Failure)
[13.159s][info][gc,phases,start] GC(42) Phase 1: Mark live objects
[13.751s][info][gc,phases      ] GC(42) Phase 1: Mark live objects 592.920ms
[13.752s][info][gc,phases,start] GC(42) Phase 2: Compute new object addresses
[13.933s][info][gc,phases      ] GC(42) Phase 2: Compute new object addresses 181.801ms
[13.933s][info][gc,phases,start] GC(42) Phase 3: Adjust pointers
[14.228s][info][gc,phases      ] GC(42) Phase 3: Adjust pointers 294.579ms
[14.228s][info][gc,phases,start] GC(42) Phase 4: Move objects
[14.434s][info][gc,phases      ] GC(42) Phase 4: Move objects 205.710ms
[14.434s][info][gc,heap        ] GC(42) DefNew: 399359K(399360K)->399358K(399360K) Eden: 355008K(355008K)->355007K(355008K) From: 44351K(44352K)->44350K(44352K)
[14.434s][info][gc,heap        ] GC(42) Tenured: 887487K(887488K)->887487K(887488K)
[14.434s][info][gc,metaspace   ] GC(42) Metaspace: 6297K(6464K)->6297K(6464K) NonClass: 5764K(5824K)->5764K(5824K) Class: 532K(640K)->532K(640K)
[14.434s][info][gc             ] GC(42) Pause Full (Allocation Failure) 1256M->1256M(1256M) 1275.676ms
[14.434s][info][gc,cpu         ] GC(42) User=1.25s Sys=0.00s Real=1.28s
[14.435s][info][gc,start       ] GC(43) Pause Full (Allocation Failure)
[14.435s][info][gc,phases,start] GC(43) Phase 1: Mark live objects
[15.027s][info][gc,phases      ] GC(43) Phase 1: Mark live objects 591.389ms
[15.027s][info][gc,phases,start] GC(43) Phase 2: Compute new object addresses
[15.220s][info][gc,phases      ] GC(43) Phase 2: Compute new object addresses 192.710ms
[15.220s][info][gc,phases,start] GC(43) Phase 3: Adjust pointers
[15.512s][info][gc,phases      ] GC(43) Phase 3: Adjust pointers 292.592ms
[15.512s][info][gc,phases,start] GC(43) Phase 4: Move objects
[15.718s][info][gc,phases      ] GC(43) Phase 4: Move objects 205.902ms
[15.719s][info][gc,heap        ] GC(43) DefNew: 399359K(399360K)->399356K(399360K) Eden: 355007K(355008K)->355007K(355008K) From: 44351K(44352K)->44348K(44352K)
[15.719s][info][gc,heap        ] GC(43) Tenured: 887487K(887488K)->887487K(887488K)
[15.719s][info][gc,metaspace   ] GC(43) Metaspace: 6298K(6464K)->6298K(6464K) NonClass: 5764K(5824K)->5764K(5824K) Class: 533K(640K)->533K(640K)
[15.719s][info][gc             ] GC(43) Pause Full (Allocation Failure) 1256M->1256M(1256M) 1283.307ms
[15.719s][info][gc,cpu         ] GC(43) User=1.25s Sys=0.02s Real=1.28s
[15.719s][info][gc,heap,exit   ] Heap
[15.719s][info][gc,heap,exit   ]  def new generation   total 399360K, used 399357K [0x00000000aec00000, 0x00000000c9d50000, 0x00000000c9d50000)
[15.719s][info][gc,heap,exit   ]   eden space 355008K, 100% used [0x00000000aec00000, 0x00000000c46b0000, 0x00000000c46b0000)
[15.719s][info][gc,heap,exit   ]   from space 44352K,  99% used [0x00000000c7200000, 0x00000000c9d4f5f8, 0x00000000c9d50000)
[15.719s][info][gc,heap,exit   ]   to   space 44352K,   0% used [0x00000000c46b0000, 0x00000000c46b0000, 0x00000000c7200000)
[15.719s][info][gc,heap,exit   ]  tenured generation   total 887488K, used 887487K [0x00000000c9d50000, 0x0000000100000000, 0x0000000100000000)
[15.719s][info][gc,heap,exit   ]    the space 887488K,  99% used [0x00000000c9d50000, 0x00000000ffffffd0, 0x0000000100000000, 0x0000000100000000)
[15.719s][info][gc,heap,exit   ]  Metaspace       used 6301K, committed 6464K, reserved 1114112K
[15.719s][info][gc,heap,exit   ]   class space    used 534K, committed 640K, reserved 1048576K
