[0.017s][info][gc,init] CardTable entry size: 512
[0.018s][info][gc     ] Using Serial
[0.018s][info][gc,init] Version: 18.0.1+10 (release)
[0.018s][info][gc,init] CPUs: 8 total, 8 available
[0.018s][info][gc,init] Memory: 16063M
[0.018s][info][gc,init] Large Page Support: Disabled
[0.018s][info][gc,init] NUMA Support: Disabled
[0.018s][info][gc,init] Compressed Oops: Enabled (32-bit)
[0.018s][info][gc,init] Heap Min Capacity: 2M
[0.018s][info][gc,init] Heap Initial Capacity: 2M
[0.018s][info][gc,init] Heap Max Capacity: 1200M
[0.018s][info][gc,init] Pre-touch: Disabled
[0.019s][info][gc,metaspace] CDS archive(s) not mapped
[0.019s][info][gc,metaspace] Compressed class space mapped at: 0x0000000100000000-0x0000000140000000, reserved size: 1073741824
[0.019s][info][gc,metaspace] Narrow klass base: 0x0000000000000000, Narrow klass shift: 3, Narrow klass range: 0x140000000
[0.200s][info][gc,start    ] GC(0) Pause Young (Allocation Failure)
[0.202s][info][gc,heap     ] GC(0) DefNew: 1023K(1152K)->127K(1152K) Eden: 1023K(1024K)->0K(1024K) From: 0K(128K)->127K(128K)
[0.202s][info][gc,heap     ] GC(0) Tenured: 0K(768K)->440K(768K)
[0.202s][info][gc,metaspace] GC(0) Metaspace: 5903K(6016K)->5903K(6016K) NonClass: 5403K(5504K)->5403K(5504K) Class: 499K(512K)->499K(512K)
[0.202s][info][gc          ] GC(0) Pause Young (Allocation Failure) 0M->0M(1M) 1.749ms
[0.202s][info][gc,cpu      ] GC(0) User=0.00s Sys=0.00s Real=0.00s
[0.228s][info][gc,start    ] GC(1) Pause Young (Allocation Failure)
[0.229s][info][gc          ] GC(1) Pause Young (Allocation Failure) 1M->0M(2M) 1.342ms
[0.229s][info][gc,cpu      ] GC(1) User=0.00s Sys=0.00s Real=0.00s
[0.229s][info][gc,start    ] GC(2) Pause Full (Allocation Failure)
[0.229s][info][gc,phases,start] GC(2) Phase 1: Mark live objects
[0.231s][info][gc,phases      ] GC(2) Phase 1: Mark live objects 1.137ms
[0.231s][info][gc,phases,start] GC(2) Phase 2: Compute new object addresses
[0.231s][info][gc,phases      ] GC(2) Phase 2: Compute new object addresses 0.285ms
[0.231s][info][gc,phases,start] GC(2) Phase 3: Adjust pointers
[0.232s][info][gc,phases      ] GC(2) Phase 3: Adjust pointers 0.634ms
[0.232s][info][gc,phases,start] GC(2) Phase 4: Move objects
[0.232s][info][gc,phases      ] GC(2) Phase 4: Move objects 0.071ms
[0.232s][info][gc,heap        ] GC(2) DefNew: 1151K(1152K)->40K(1152K) Eden: 1024K(1024K)->40K(1024K) From: 127K(128K)->0K(128K)
[0.232s][info][gc,heap        ] GC(2) Tenured: 440K(768K)->959K(1600K)
[0.232s][info][gc,metaspace   ] GC(2) Metaspace: 6300K(6464K)->6300K(6464K) NonClass: 5767K(5824K)->5767K(5824K) Class: 533K(640K)->533K(640K)
[0.232s][info][gc             ] GC(2) Pause Full (Allocation Failure) 0M->0M(2M) 2.470ms
[0.232s][info][gc,cpu         ] GC(2) User=0.00s Sys=0.00s Real=0.00s
[0.233s][info][gc,start       ] GC(3) Pause Young (Allocation Failure)
[0.234s][info][gc,heap        ] GC(3) DefNew: 1024K(1152K)->127K(1152K) Eden: 1024K(1024K)->0K(1024K) From: 0K(128K)->127K(128K)
[0.234s][info][gc,heap        ] GC(3) Tenured: 959K(1600K)->1375K(1600K)
[0.234s][info][gc,metaspace   ] GC(3) Metaspace: 6300K(6464K)->6300K(6464K) NonClass: 5767K(5824K)->5767K(5824K) Class: 533K(640K)->533K(640K)
[0.234s][info][gc             ] GC(3) Pause Young (Allocation Failure) 1M->1M(2M) 1.295ms
[0.234s][info][gc,cpu         ] GC(3) User=0.00s Sys=0.00s Real=0.00s
[0.236s][info][gc,start       ] GC(4) Pause Young (Allocation Failure)
[0.237s][info][gc             ] GC(4) Pause Young (Allocation Failure) 2M->1M(3M) 1.574ms
[0.237s][info][gc,cpu         ] GC(4) User=0.00s Sys=0.00s Real=0.00s
[0.237s][info][gc,start       ] GC(5) Pause Full (Allocation Failure)
[0.237s][info][gc,phases,start] GC(5) Phase 1: Mark live objects
[0.239s][info][gc,phases      ] GC(5) Phase 1: Mark live objects 1.436ms
[0.239s][info][gc,phases,start] GC(5) Phase 2: Compute new object addresses
[0.239s][info][gc,phases      ] GC(5) Phase 2: Compute new object addresses 0.356ms
[0.239s][info][gc,phases,start] GC(5) Phase 3: Adjust pointers
[0.240s][info][gc,phases      ] GC(5) Phase 3: Adjust pointers 0.592ms
[0.240s][info][gc,phases,start] GC(5) Phase 4: Move objects
[0.240s][info][gc,phases      ] GC(5) Phase 4: Move objects 0.066ms
[0.240s][info][gc,heap        ] GC(5) DefNew: 1151K(1152K)->35K(1536K) Eden: 1024K(1024K)->35K(1408K) From: 127K(128K)->0K(128K)
[0.240s][info][gc,heap        ] GC(5) Tenured: 1375K(1600K)->1984K(3308K)
[0.240s][info][gc,metaspace   ] GC(5) Metaspace: 6300K(6464K)->6300K(6464K) NonClass: 5767K(5824K)->5767K(5824K) Class: 533K(640K)->533K(640K)
[0.240s][info][gc             ] GC(5) Pause Full (Allocation Failure) 1M->1M(4M) 2.743ms
[0.240s][info][gc,cpu         ] GC(5) User=0.00s Sys=0.00s Real=0.00s
[0.242s][info][gc,start       ] GC(6) Pause Young (Allocation Failure)
[0.244s][info][gc,heap        ] GC(6) DefNew: 1408K(1536K)->127K(1536K) Eden: 1408K(1408K)->0K(1408K) From: 0K(128K)->127K(128K)
[0.244s][info][gc,heap        ] GC(6) Tenured: 1984K(3308K)->2617K(3308K)
[0.244s][info][gc,metaspace   ] GC(6) Metaspace: 6300K(6464K)->6300K(6464K) NonClass: 5767K(5824K)->5767K(5824K) Class: 533K(640K)->533K(640K)
[0.244s][info][gc             ] GC(6) Pause Young (Allocation Failure) 3M->2M(4M) 2.006ms
[0.244s][info][gc,cpu         ] GC(6) User=0.00s Sys=0.00s Real=0.00s
[0.246s][info][gc,start       ] GC(7) Pause Young (Allocation Failure)
[0.247s][info][gc             ] GC(7) Pause Young (Allocation Failure) 4M->3M(4M) 1.720ms
[0.247s][info][gc,cpu         ] GC(7) User=0.00s Sys=0.00s Real=0.00s
[0.247s][info][gc,start       ] GC(8) Pause Full (Allocation Failure)
[0.248s][info][gc,phases,start] GC(8) Phase 1: Mark live objects
[0.250s][info][gc,phases      ] GC(8) Phase 1: Mark live objects 2.219ms
[0.250s][info][gc,phases,start] GC(8) Phase 2: Compute new object addresses
[0.251s][info][gc,phases      ] GC(8) Phase 2: Compute new object addresses 0.867ms
[0.251s][info][gc,phases,start] GC(8) Phase 3: Adjust pointers
[0.252s][info][gc,phases      ] GC(8) Phase 3: Adjust pointers 1.126ms
[0.252s][info][gc,phases,start] GC(8) Phase 4: Move objects
[0.252s][info][gc,phases      ] GC(8) Phase 4: Move objects 0.078ms
[0.252s][info][gc,heap        ] GC(8) DefNew: 1535K(1536K)->0K(2688K) Eden: 1408K(1408K)->0K(2432K) From: 127K(128K)->0K(256K)
[0.252s][info][gc,heap        ] GC(8) Tenured: 2617K(3308K)->3460K(5768K)
[0.252s][info][gc,metaspace   ] GC(8) Metaspace: 6300K(6464K)->6300K(6464K) NonClass: 5767K(5824K)->5767K(5824K) Class: 533K(640K)->533K(640K)
[0.252s][info][gc             ] GC(8) Pause Full (Allocation Failure) 3M->3M(8M) 4.698ms
[0.252s][info][gc,cpu         ] GC(8) User=0.00s Sys=0.00s Real=0.01s
[0.257s][info][gc,start       ] GC(9) Pause Young (Allocation Failure)
[0.260s][info][gc,heap        ] GC(9) DefNew: 2431K(2688K)->255K(2688K) Eden: 2431K(2432K)->0K(2432K) From: 0K(256K)->255K(256K)
[0.260s][info][gc,heap        ] GC(9) Tenured: 3460K(5768K)->4512K(5768K)
[0.260s][info][gc,metaspace   ] GC(9) Metaspace: 6300K(6464K)->6300K(6464K) NonClass: 5767K(5824K)->5767K(5824K) Class: 533K(640K)->533K(640K)
[0.260s][info][gc             ] GC(9) Pause Young (Allocation Failure) 5M->4M(8M) 3.388ms
[0.260s][info][gc,cpu         ] GC(9) User=0.00s Sys=0.00s Real=0.00s
[0.263s][info][gc,start       ] GC(10) Pause Young (Allocation Failure)
[0.266s][info][gc,heap        ] GC(10) DefNew: 2687K(2688K)->256K(2688K) Eden: 2432K(2432K)->0K(2432K) From: 255K(256K)->256K(256K)
[0.266s][info][gc,heap        ] GC(10) Tenured: 4512K(5768K)->5755K(5768K)
[0.266s][info][gc,metaspace   ] GC(10) Metaspace: 6300K(6464K)->6300K(6464K) NonClass: 5767K(5824K)->5767K(5824K) Class: 533K(640K)->533K(640K)
[0.266s][info][gc             ] GC(10) Pause Young (Allocation Failure) 7M->5M(8M) 3.449ms
[0.266s][info][gc,cpu         ] GC(10) User=0.00s Sys=0.00s Real=0.00s
[0.269s][info][gc,start       ] GC(11) Pause Young (Allocation Failure)
[0.272s][info][gc             ] GC(11) Pause Young (Allocation Failure) 8M->7M(9M) 3.102ms
[0.272s][info][gc,cpu         ] GC(11) User=0.00s Sys=0.00s Real=0.00s
[0.272s][info][gc,start       ] GC(12) Pause Full (Allocation Failure)
[0.272s][info][gc,phases,start] GC(12) Phase 1: Mark live objects
[0.276s][info][gc,phases      ] GC(12) Phase 1: Mark live objects 4.035ms
[0.276s][info][gc,phases,start] GC(12) Phase 2: Compute new object addresses
[0.277s][info][gc,phases      ] GC(12) Phase 2: Compute new object addresses 1.251ms
[0.278s][info][gc,phases,start] GC(12) Phase 3: Adjust pointers
[0.279s][info][gc,phases      ] GC(12) Phase 3: Adjust pointers 1.822ms
[0.279s][info][gc,phases,start] GC(12) Phase 4: Move objects
[0.281s][info][gc,phases      ] GC(12) Phase 4: Move objects 1.216ms
[0.281s][info][gc,heap        ] GC(12) DefNew: 2688K(2688K)->0K(5376K) Eden: 2432K(2432K)->0K(4800K) From: 256K(256K)->0K(576K)
[0.281s][info][gc,heap        ] GC(12) Tenured: 5755K(5768K)->7132K(11888K)
[0.281s][info][gc,metaspace   ] GC(12) Metaspace: 6300K(6464K)->6300K(6464K) NonClass: 5767K(5824K)->5767K(5824K) Class: 533K(640K)->533K(640K)
[0.281s][info][gc             ] GC(12) Pause Full (Allocation Failure) 7M->6M(16M) 9.023ms
[0.281s][info][gc,cpu         ] GC(12) User=0.00s Sys=0.00s Real=0.01s
[0.286s][info][gc,start       ] GC(13) Pause Young (Allocation Failure)
[0.292s][info][gc,heap        ] GC(13) DefNew: 4800K(5376K)->575K(5376K) Eden: 4800K(4800K)->0K(4800K) From: 0K(576K)->575K(576K)
[0.292s][info][gc,heap        ] GC(13) Tenured: 7132K(11888K)->9027K(11888K)
[0.292s][info][gc,metaspace   ] GC(13) Metaspace: 6300K(6464K)->6300K(6464K) NonClass: 5767K(5824K)->5767K(5824K) Class: 533K(640K)->533K(640K)
[0.293s][info][gc             ] GC(13) Pause Young (Allocation Failure) 11M->9M(16M) 6.075ms
[0.293s][info][gc,cpu         ] GC(13) User=0.00s Sys=0.00s Real=0.01s
[0.297s][info][gc,start       ] GC(14) Pause Young (Allocation Failure)
[0.305s][info][gc,heap        ] GC(14) DefNew: 5375K(5376K)->576K(5376K) Eden: 4800K(4800K)->0K(4800K) From: 575K(576K)->576K(576K)
[0.305s][info][gc,heap        ] GC(14) Tenured: 9027K(11888K)->11747K(11888K)
[0.305s][info][gc,metaspace   ] GC(14) Metaspace: 6300K(6464K)->6300K(6464K) NonClass: 5767K(5824K)->5767K(5824K) Class: 533K(640K)->533K(640K)
[0.305s][info][gc             ] GC(14) Pause Young (Allocation Failure) 14M->12M(16M) 7.423ms
[0.305s][info][gc,cpu         ] GC(14) User=0.00s Sys=0.00s Real=0.01s
[0.309s][info][gc,start       ] GC(15) Pause Young (Allocation Failure)
[0.315s][info][gc             ] GC(15) Pause Young (Allocation Failure) 16M->14M(19M) 5.919ms
[0.315s][info][gc,cpu         ] GC(15) User=0.00s Sys=0.00s Real=0.01s
[0.315s][info][gc,start       ] GC(16) Pause Full (Allocation Failure)
[0.315s][info][gc,phases,start] GC(16) Phase 1: Mark live objects
[0.323s][info][gc,phases      ] GC(16) Phase 1: Mark live objects 8.299ms
[0.323s][info][gc,phases,start] GC(16) Phase 2: Compute new object addresses
[0.326s][info][gc,phases      ] GC(16) Phase 2: Compute new object addresses 2.499ms
[0.326s][info][gc,phases,start] GC(16) Phase 3: Adjust pointers
[0.329s][info][gc,phases      ] GC(16) Phase 3: Adjust pointers 3.233ms
[0.329s][info][gc,phases,start] GC(16) Phase 4: Move objects
[0.329s][info][gc,phases      ] GC(16) Phase 4: Move objects 0.176ms
[0.329s][info][gc,heap        ] GC(16) DefNew: 5376K(5376K)->387K(10880K) Eden: 4800K(4800K)->387K(9728K) From: 576K(576K)->0K(1152K)
[0.329s][info][gc,heap        ] GC(16) Tenured: 11747K(11888K)->14384K(23976K)
[0.329s][info][gc,metaspace   ] GC(16) Metaspace: 6302K(6464K)->6302K(6464K) NonClass: 5769K(5824K)->5769K(5824K) Class: 533K(640K)->533K(640K)
[0.329s][info][gc             ] GC(16) Pause Full (Allocation Failure) 14M->14M(34M) 14.569ms
[0.329s][info][gc,cpu         ] GC(16) User=0.02s Sys=0.00s Real=0.01s
[0.337s][info][gc,start       ] GC(17) Pause Young (Allocation Failure)
[0.349s][info][gc,heap        ] GC(17) DefNew: 9728K(10880K)->1151K(10880K) Eden: 9728K(9728K)->0K(9728K) From: 0K(1152K)->1151K(1152K)
[0.349s][info][gc,heap        ] GC(17) Tenured: 14384K(23976K)->18415K(23976K)
[0.349s][info][gc,metaspace   ] GC(17) Metaspace: 6302K(6464K)->6302K(6464K) NonClass: 5769K(5824K)->5769K(5824K) Class: 533K(640K)->533K(640K)
[0.349s][info][gc             ] GC(17) Pause Young (Allocation Failure) 23M->19M(34M) 12.429ms
[0.349s][info][gc,cpu         ] GC(17) User=0.00s Sys=0.00s Real=0.01s
[0.356s][info][gc,start       ] GC(18) Pause Young (Allocation Failure)
[0.368s][info][gc,heap        ] GC(18) DefNew: 10879K(10880K)->1151K(10880K) Eden: 9728K(9728K)->0K(9728K) From: 1151K(1152K)->1151K(1152K)
[0.368s][info][gc,heap        ] GC(18) Tenured: 18415K(23976K)->23936K(23976K)
[0.368s][info][gc,metaspace   ] GC(18) Metaspace: 6302K(6464K)->6302K(6464K) NonClass: 5769K(5824K)->5769K(5824K) Class: 533K(640K)->533K(640K)
[0.368s][info][gc             ] GC(18) Pause Young (Allocation Failure) 28M->24M(34M) 11.783ms
[0.368s][info][gc,cpu         ] GC(18) User=0.00s Sys=0.00s Real=0.01s
[0.375s][info][gc,start       ] GC(19) Pause Young (Allocation Failure)
[0.386s][info][gc             ] GC(19) Pause Young (Allocation Failure) 34M->29M(38M) 11.192ms
[0.386s][info][gc,cpu         ] GC(19) User=0.00s Sys=0.00s Real=0.01s
[0.386s][info][gc,start       ] GC(20) Pause Full (Allocation Failure)
[0.386s][info][gc,phases,start] GC(20) Phase 1: Mark live objects
[0.400s][info][gc,phases      ] GC(20) Phase 1: Mark live objects 13.891ms
[0.400s][info][gc,phases,start] GC(20) Phase 2: Compute new object addresses
[0.405s][info][gc,phases      ] GC(20) Phase 2: Compute new object addresses 4.680ms
[0.405s][info][gc,phases,start] GC(20) Phase 3: Adjust pointers
[0.410s][info][gc,phases      ] GC(20) Phase 3: Adjust pointers 5.398ms
[0.410s][info][gc,phases,start] GC(20) Phase 4: Move objects
[0.410s][info][gc,phases      ] GC(20) Phase 4: Move objects 0.174ms
[0.410s][info][gc,heap        ] GC(20) DefNew: 10879K(10880K)->1080K(21888K) Eden: 9728K(9728K)->1080K(19520K) From: 1151K(1152K)->0K(2368K)
[0.410s][info][gc,heap        ] GC(20) Tenured: 23936K(23976K)->29035K(48396K)
[0.411s][info][gc,metaspace   ] GC(20) Metaspace: 6302K(6464K)->6302K(6464K) NonClass: 5769K(5824K)->5769K(5824K) Class: 533K(640K)->533K(640K)
[0.411s][info][gc             ] GC(20) Pause Full (Allocation Failure) 29M->29M(68M) 24.560ms
[0.411s][info][gc,cpu         ] GC(20) User=0.05s Sys=0.00s Real=0.02s
[0.428s][info][gc,start       ] GC(21) Pause Young (Allocation Failure)
[0.460s][info][gc,heap        ] GC(21) DefNew: 18427K(21888K)->2367K(21888K) Eden: 18427K(19520K)->0K(19520K) From: 0K(2368K)->2367K(2368K)
[0.461s][info][gc,heap        ] GC(21) Tenured: 29035K(48396K)->43096K(48396K)
[0.461s][info][gc,metaspace   ] GC(21) Metaspace: 6302K(6464K)->6302K(6464K) NonClass: 5769K(5824K)->5769K(5824K) Class: 533K(640K)->533K(640K)
[0.461s][info][gc             ] GC(21) Pause Young (Allocation Failure) 46M->44M(68M) 32.905ms
[0.461s][info][gc,cpu         ] GC(21) User=0.03s Sys=0.00s Real=0.03s
[0.479s][info][gc,start       ] GC(22) Pause Young (Allocation Failure)
[0.519s][info][gc             ] GC(22) Pause Young (Allocation Failure) 63M->63M(82M) 39.609ms
[0.519s][info][gc,cpu         ] GC(22) User=0.02s Sys=0.00s Real=0.04s
[0.519s][info][gc,start       ] GC(23) Pause Full (Allocation Failure)
[0.519s][info][gc,phases,start] GC(23) Phase 1: Mark live objects
[0.547s][info][gc,phases      ] GC(23) Phase 1: Mark live objects 27.668ms
[0.547s][info][gc,phases,start] GC(23) Phase 2: Compute new object addresses
[0.557s][info][gc,phases      ] GC(23) Phase 2: Compute new object addresses 10.358ms
[0.557s][info][gc,phases,start] GC(23) Phase 3: Adjust pointers
[0.569s][info][gc,phases      ] GC(23) Phase 3: Adjust pointers 11.182ms
[0.569s][info][gc,phases,start] GC(23) Phase 4: Move objects
[0.569s][info][gc,phases      ] GC(23) Phase 4: Move objects 0.395ms
[0.569s][info][gc,heap        ] GC(23) DefNew: 21887K(21888K)->2350K(47040K) Eden: 19520K(19520K)->2350K(41856K) From: 2367K(2368K)->0K(5184K)
[0.569s][info][gc,heap        ] GC(23) Tenured: 43096K(48396K)->62604K(104340K)
[0.569s][info][gc,metaspace   ] GC(23) Metaspace: 6302K(6464K)->6302K(6464K) NonClass: 5769K(5824K)->5769K(5824K) Class: 533K(640K)->533K(640K)
[0.569s][info][gc             ] GC(23) Pause Full (Allocation Failure) 63M->63M(147M) 50.295ms
[0.569s][info][gc,cpu         ] GC(23) User=0.03s Sys=0.00s Real=0.05s
[0.614s][info][gc,start       ] GC(24) Pause Young (Allocation Failure)
[0.685s][info][gc,heap        ] GC(24) DefNew: 41856K(47040K)->5183K(47040K) Eden: 41856K(41856K)->0K(41856K) From: 0K(5184K)->5183K(5184K)
[0.685s][info][gc,heap        ] GC(24) Tenured: 62604K(104340K)->99251K(104340K)
[0.685s][info][gc,metaspace   ] GC(24) Metaspace: 6302K(6464K)->6302K(6464K) NonClass: 5769K(5824K)->5769K(5824K) Class: 533K(640K)->533K(640K)
[0.685s][info][gc             ] GC(24) Pause Young (Allocation Failure) 102M->101M(147M) 71.139ms
[0.685s][info][gc,cpu         ] GC(24) User=0.06s Sys=0.00s Real=0.07s
[0.720s][info][gc,start       ] GC(25) Pause Young (Allocation Failure)
[0.797s][info][gc             ] GC(25) Pause Young (Allocation Failure) 142M->142M(183M) 76.621ms
[0.797s][info][gc,cpu         ] GC(25) User=0.05s Sys=0.02s Real=0.08s
[0.797s][info][gc,start       ] GC(26) Pause Full (Allocation Failure)
[0.797s][info][gc,phases,start] GC(26) Phase 1: Mark live objects
[0.856s][info][gc,phases      ] GC(26) Phase 1: Mark live objects 59.798ms
[0.857s][info][gc,phases,start] GC(26) Phase 2: Compute new object addresses
[0.879s][info][gc,phases      ] GC(26) Phase 2: Compute new object addresses 22.096ms
[0.879s][info][gc,phases,start] GC(26) Phase 3: Adjust pointers
[0.906s][info][gc,phases      ] GC(26) Phase 3: Adjust pointers 27.431ms
[0.906s][info][gc,phases,start] GC(26) Phase 4: Move objects
[0.931s][info][gc,phases      ] GC(26) Phase 4: Move objects 25.122ms
[0.932s][info][gc,heap        ] GC(26) DefNew: 47039K(47040K)->1341K(105920K) Eden: 41856K(41856K)->1341K(94208K) From: 5183K(5184K)->0K(11712K)
[0.932s][info][gc,heap        ] GC(26) Tenured: 99251K(104340K)->141079K(235136K)
[0.932s][info][gc,metaspace   ] GC(26) Metaspace: 6302K(6464K)->6302K(6464K) NonClass: 5769K(5824K)->5769K(5824K) Class: 533K(640K)->533K(640K)
[0.932s][info][gc             ] GC(26) Pause Full (Allocation Failure) 142M->139M(333M) 135.253ms
[0.932s][info][gc,cpu         ] GC(26) User=0.12s Sys=0.00s Real=0.13s
[1.033s][info][gc,start       ] GC(27) Pause Young (Allocation Failure)
[1.193s][info][gc,heap        ] GC(27) DefNew: 94208K(105920K)->11711K(105920K) Eden: 94208K(94208K)->0K(94208K) From: 0K(11712K)->11711K(11712K)
[1.193s][info][gc,heap        ] GC(27) Tenured: 141079K(235136K)->223545K(235136K)
[1.193s][info][gc,metaspace   ] GC(27) Metaspace: 6302K(6464K)->6302K(6464K) NonClass: 5769K(5824K)->5769K(5824K) Class: 533K(640K)->533K(640K)
[1.193s][info][gc             ] GC(27) Pause Young (Allocation Failure) 229M->229M(333M) 159.925ms
[1.193s][info][gc,cpu         ] GC(27) User=0.14s Sys=0.00s Real=0.16s
[1.288s][info][gc,start       ] GC(28) Pause Young (Allocation Failure)
[1.496s][info][gc             ] GC(28) Pause Young (Allocation Failure) 321M->321M(413M) 208.505ms
[1.496s][info][gc,cpu         ] GC(28) User=0.16s Sys=0.00s Real=0.21s
[1.496s][info][gc,start       ] GC(29) Pause Full (Allocation Failure)
[1.497s][info][gc,phases,start] GC(29) Phase 1: Mark live objects
[1.680s][info][gc,phases      ] GC(29) Phase 1: Mark live objects 183.388ms
[1.680s][info][gc,phases,start] GC(29) Phase 2: Compute new object addresses
[1.742s][info][gc,phases      ] GC(29) Phase 2: Compute new object addresses 61.724ms
[1.742s][info][gc,phases,start] GC(29) Phase 3: Adjust pointers
[1.803s][info][gc,phases      ] GC(29) Phase 3: Adjust pointers 61.723ms
[1.804s][info][gc,phases,start] GC(29) Phase 4: Move objects
[1.806s][info][gc,phases      ] GC(29) Phase 4: Move objects 2.467ms
[1.807s][info][gc,heap        ] GC(29) DefNew: 105919K(105920K)->11602K(238464K) Eden: 94208K(94208K)->11602K(212032K) From: 11711K(11712K)->0K(26432K)
[1.807s][info][gc,heap        ] GC(29) Tenured: 223545K(235136K)->317827K(529716K)
[1.807s][info][gc,metaspace   ] GC(29) Metaspace: 6302K(6464K)->6302K(6464K) NonClass: 5769K(5824K)->5769K(5824K) Class: 533K(640K)->533K(640K)
[1.807s][info][gc             ] GC(29) Pause Full (Allocation Failure) 321M->321M(750M) 310.700ms
[1.807s][info][gc,cpu         ] GC(29) User=0.28s Sys=0.00s Real=0.31s
[2.031s][info][gc,start       ] GC(30) Pause Young (Allocation Failure)
[2.386s][info][gc,heap        ] GC(30) DefNew: 212032K(238464K)->26431K(238464K) Eden: 212032K(212032K)->0K(212032K) From: 0K(26432K)->26431K(26432K)
[2.386s][info][gc,heap        ] GC(30) Tenured: 317827K(529716K)->503402K(529716K)
[2.386s][info][gc,metaspace   ] GC(30) Metaspace: 6302K(6464K)->6302K(6464K) NonClass: 5769K(5824K)->5769K(5824K) Class: 533K(640K)->533K(640K)
[2.386s][info][gc             ] GC(30) Pause Young (Allocation Failure) 517M->517M(750M) 355.523ms
[2.387s][info][gc,cpu         ] GC(30) User=0.28s Sys=0.06s Real=0.36s
[2.554s][info][gc,start       ] GC(31) Pause Young (Allocation Failure)
[2.919s][info][gc             ] GC(31) Pause Young (Allocation Failure) 702M->700M(907M) 365.464ms
[2.920s][info][gc,cpu         ] GC(31) User=0.31s Sys=0.03s Real=0.37s
[2.920s][info][gc,start       ] GC(32) Pause Full (Allocation Failure)
[2.920s][info][gc,phases,start] GC(32) Phase 1: Mark live objects
[3.248s][info][gc,phases      ] GC(32) Phase 1: Mark live objects 328.303ms
[3.248s][info][gc,phases,start] GC(32) Phase 2: Compute new object addresses
[3.362s][info][gc,phases      ] GC(32) Phase 2: Compute new object addresses 113.882ms
[3.362s][info][gc,phases,start] GC(32) Phase 3: Adjust pointers
[3.493s][info][gc,phases      ] GC(32) Phase 3: Adjust pointers 131.042ms
[3.493s][info][gc,phases,start] GC(32) Phase 4: Move objects
[3.498s][info][gc,phases      ] GC(32) Phase 4: Move objects 5.381ms
[3.499s][info][gc,heap        ] GC(32) DefNew: 216079K(238464K)->26276K(368640K) Eden: 189647K(212032K)->26276K(327680K) From: 26431K(26432K)->0K(40960K)
[3.499s][info][gc,heap        ] GC(32) Tenured: 503402K(529716K)->691188K(819200K)
[3.499s][info][gc,metaspace   ] GC(32) Metaspace: 6302K(6464K)->6302K(6464K) NonClass: 5769K(5824K)->5769K(5824K) Class: 533K(640K)->533K(640K)
[3.499s][info][gc             ] GC(32) Pause Full (Allocation Failure) 700M->700M(1160M) 579.760ms
[3.499s][info][gc,cpu         ] GC(32) User=0.55s Sys=0.00s Real=0.58s
[3.797s][info][gc,start       ] GC(33) Pause Young (Allocation Failure)
[3.797s][info][gc             ] GC(33) Pause Young (Allocation Failure) 994M->994M(1160M) 0.112ms
[3.797s][info][gc,cpu         ] GC(33) User=0.00s Sys=0.00s Real=0.00s
[3.797s][info][gc,start       ] GC(34) Pause Full (Allocation Failure)
[3.797s][info][gc,phases,start] GC(34) Phase 1: Mark live objects
[4.269s][info][gc,phases      ] GC(34) Phase 1: Mark live objects 472.021ms
[4.269s][info][gc,phases,start] GC(34) Phase 2: Compute new object addresses
[4.412s][info][gc,phases      ] GC(34) Phase 2: Compute new object addresses 143.356ms
[4.412s][info][gc,phases,start] GC(34) Phase 3: Adjust pointers
[4.621s][info][gc,phases      ] GC(34) Phase 3: Adjust pointers 209.056ms
[4.621s][info][gc,phases,start] GC(34) Phase 4: Move objects
[4.714s][info][gc,phases      ] GC(34) Phase 4: Move objects 92.485ms
[4.714s][info][gc,heap        ] GC(34) DefNew: 327680K(368640K)->199639K(368640K) Eden: 327680K(327680K)->199639K(327680K) From: 0K(40960K)->0K(40960K)
[4.714s][info][gc,heap        ] GC(34) Tenured: 691188K(819200K)->819199K(819200K)
[4.714s][info][gc,metaspace   ] GC(34) Metaspace: 6302K(6464K)->6302K(6464K) NonClass: 5769K(5824K)->5769K(5824K) Class: 533K(640K)->533K(640K)
[4.714s][info][gc             ] GC(34) Pause Full (Allocation Failure) 994M->994M(1160M) 917.551ms
[4.714s][info][gc,cpu         ] GC(34) User=0.88s Sys=0.03s Real=0.92s
[5.006s][info][gc,start       ] GC(35) Pause Full (Allocation Failure)
[5.006s][info][gc,phases,start] GC(35) Phase 1: Mark live objects
[5.703s][info][gc,phases      ] GC(35) Phase 1: Mark live objects 697.358ms
[5.703s][info][gc,phases,start] GC(35) Phase 2: Compute new object addresses
[5.897s][info][gc,phases      ] GC(35) Phase 2: Compute new object addresses 194.188ms
[5.898s][info][gc,phases,start] GC(35) Phase 3: Adjust pointers
[6.190s][info][gc,phases      ] GC(35) Phase 3: Adjust pointers 292.452ms
[6.190s][info][gc,phases,start] GC(35) Phase 4: Move objects
[6.393s][info][gc,phases      ] GC(35) Phase 4: Move objects 203.227ms
[6.394s][info][gc,heap        ] GC(35) DefNew: 368639K(368640K)->339955K(368640K) Eden: 327680K(327680K)->327679K(327680K) From: 40959K(40960K)->12276K(40960K)
[6.394s][info][gc,heap        ] GC(35) Tenured: 819199K(819200K)->819199K(819200K)
[6.394s][info][gc,metaspace   ] GC(35) Metaspace: 6302K(6464K)->6302K(6464K) NonClass: 5769K(5824K)->5769K(5824K) Class: 533K(640K)->533K(640K)
[6.394s][info][gc             ] GC(35) Pause Full (Allocation Failure) 1159M->1131M(1160M) 1387.869ms
[6.394s][info][gc,cpu         ] GC(35) User=1.27s Sys=0.00s Real=1.39s
[6.476s][info][gc,start       ] GC(36) Pause Full (Allocation Failure)
[6.476s][info][gc,phases,start] GC(36) Phase 1: Mark live objects
[7.043s][info][gc,phases      ] GC(36) Phase 1: Mark live objects 566.936ms
[7.043s][info][gc,phases,start] GC(36) Phase 2: Compute new object addresses
[7.211s][info][gc,phases      ] GC(36) Phase 2: Compute new object addresses 168.382ms
[7.211s][info][gc,phases,start] GC(36) Phase 3: Adjust pointers
[7.438s][info][gc,phases      ] GC(36) Phase 3: Adjust pointers 226.322ms
[7.438s][info][gc,phases,start] GC(36) Phase 4: Move objects
[7.438s][info][gc,phases      ] GC(36) Phase 4: Move objects 0.016ms
[7.438s][info][gc,heap        ] GC(36) DefNew: 368639K(368640K)->368639K(368640K) Eden: 327680K(327680K)->327680K(327680K) From: 40959K(40960K)->40959K(40960K)
[7.438s][info][gc,heap        ] GC(36) Tenured: 819199K(819200K)->819199K(819200K)
[7.438s][info][gc,metaspace   ] GC(36) Metaspace: 6302K(6464K)->6302K(6464K) NonClass: 5769K(5824K)->5769K(5824K) Class: 533K(640K)->533K(640K)
[7.438s][info][gc             ] GC(36) Pause Full (Allocation Failure) 1159M->1159M(1160M) 962.142ms
[7.438s][info][gc,cpu         ] GC(36) User=0.92s Sys=0.00s Real=0.96s
[7.438s][info][gc,start       ] GC(37) Pause Full (Allocation Failure)
[7.438s][info][gc,phases,start] GC(37) Phase 1: Mark live objects
[8.002s][info][gc,phases      ] GC(37) Phase 1: Mark live objects 563.762ms
[8.002s][info][gc,phases,start] GC(37) Phase 2: Compute new object addresses
[8.214s][info][gc,phases      ] GC(37) Phase 2: Compute new object addresses 211.824ms
[8.214s][info][gc,phases,start] GC(37) Phase 3: Adjust pointers
[8.544s][info][gc,phases      ] GC(37) Phase 3: Adjust pointers 329.936ms
[8.544s][info][gc,phases,start] GC(37) Phase 4: Move objects
[8.752s][info][gc,phases      ] GC(37) Phase 4: Move objects 208.261ms
[8.752s][info][gc,heap        ] GC(37) DefNew: 368639K(368640K)->368635K(368640K) Eden: 327680K(327680K)->327680K(327680K) From: 40959K(40960K)->40955K(40960K)
[8.752s][info][gc,heap        ] GC(37) Tenured: 819199K(819200K)->819199K(819200K)
[8.752s][info][gc,metaspace   ] GC(37) Metaspace: 6302K(6464K)->6300K(6464K) NonClass: 5769K(5824K)->5767K(5824K) Class: 533K(640K)->532K(640K)
[8.752s][info][gc             ] GC(37) Pause Full (Allocation Failure) 1159M->1159M(1160M) 1314.481ms
[8.752s][info][gc,cpu         ] GC(37) User=1.23s Sys=0.00s Real=1.31s
[8.753s][info][gc,start       ] GC(38) Pause Full (Allocation Failure)
[8.753s][info][gc,phases,start] GC(38) Phase 1: Mark live objects
[9.326s][info][gc,phases      ] GC(38) Phase 1: Mark live objects 573.445ms
[9.326s][info][gc,phases,start] GC(38) Phase 2: Compute new object addresses
[9.515s][info][gc,phases      ] GC(38) Phase 2: Compute new object addresses 189.015ms
[9.515s][info][gc,phases,start] GC(38) Phase 3: Adjust pointers
[9.787s][info][gc,phases      ] GC(38) Phase 3: Adjust pointers 271.600ms
[9.787s][info][gc,phases,start] GC(38) Phase 4: Move objects
[9.787s][info][gc,phases      ] GC(38) Phase 4: Move objects 0.016ms
[9.787s][info][gc,heap        ] GC(38) DefNew: 368639K(368640K)->368639K(368640K) Eden: 327680K(327680K)->327680K(327680K) From: 40959K(40960K)->40959K(40960K)
[9.787s][info][gc,heap        ] GC(38) Tenured: 819199K(819200K)->819199K(819200K)
[9.787s][info][gc,metaspace   ] GC(38) Metaspace: 6300K(6464K)->6300K(6464K) NonClass: 5767K(5824K)->5767K(5824K) Class: 532K(640K)->532K(640K)
[9.787s][info][gc             ] GC(38) Pause Full (Allocation Failure) 1159M->1159M(1160M) 1034.580ms
[9.787s][info][gc,cpu         ] GC(38) User=1.03s Sys=0.00s Real=1.04s
[9.787s][info][gc,start       ] GC(39) Pause Full (Allocation Failure)
[9.787s][info][gc,phases,start] GC(39) Phase 1: Mark live objects
[10.382s][info][gc,phases      ] GC(39) Phase 1: Mark live objects 594.308ms
[10.382s][info][gc,phases,start] GC(39) Phase 2: Compute new object addresses
[10.564s][info][gc,phases      ] GC(39) Phase 2: Compute new object addresses 182.236ms
[10.564s][info][gc,phases,start] GC(39) Phase 3: Adjust pointers
[10.823s][info][gc,phases      ] GC(39) Phase 3: Adjust pointers 258.846ms
[10.823s][info][gc,phases,start] GC(39) Phase 4: Move objects
[10.823s][info][gc,phases      ] GC(39) Phase 4: Move objects 0.016ms
[10.823s][info][gc,heap        ] GC(39) DefNew: 368639K(368640K)->368639K(368640K) Eden: 327680K(327680K)->327680K(327680K) From: 40959K(40960K)->40959K(40960K)
[10.823s][info][gc,heap        ] GC(39) Tenured: 819199K(819200K)->819199K(819200K)
[10.823s][info][gc,metaspace   ] GC(39) Metaspace: 6300K(6464K)->6300K(6464K) NonClass: 5767K(5824K)->5767K(5824K) Class: 532K(640K)->532K(640K)
[10.823s][info][gc             ] GC(39) Pause Full (Allocation Failure) 1159M->1159M(1160M) 1035.831ms
[10.823s][info][gc,cpu         ] GC(39) User=0.95s Sys=0.00s Real=1.04s
[10.823s][info][gc,start       ] GC(40) Pause Full (Allocation Failure)
[10.824s][info][gc,phases,start] GC(40) Phase 1: Mark live objects
[11.386s][info][gc,phases      ] GC(40) Phase 1: Mark live objects 562.631ms
[11.386s][info][gc,phases,start] GC(40) Phase 2: Compute new object addresses
[11.554s][info][gc,phases      ] GC(40) Phase 2: Compute new object addresses 167.427ms
[11.554s][info][gc,phases,start] GC(40) Phase 3: Adjust pointers
[11.782s][info][gc,phases      ] GC(40) Phase 3: Adjust pointers 227.871ms
[11.782s][info][gc,phases,start] GC(40) Phase 4: Move objects
[11.782s][info][gc,phases      ] GC(40) Phase 4: Move objects 0.016ms
[11.782s][info][gc,heap        ] GC(40) DefNew: 368639K(368640K)->368639K(368640K) Eden: 327680K(327680K)->327680K(327680K) From: 40959K(40960K)->40959K(40960K)
[11.782s][info][gc,heap        ] GC(40) Tenured: 819199K(819200K)->819199K(819200K)
[11.782s][info][gc,metaspace   ] GC(40) Metaspace: 6300K(6464K)->6300K(6464K) NonClass: 5767K(5824K)->5767K(5824K) Class: 532K(640K)->532K(640K)
[11.782s][info][gc             ] GC(40) Pause Full (Allocation Failure) 1159M->1159M(1160M) 958.352ms
[11.782s][info][gc,cpu         ] GC(40) User=0.94s Sys=0.00s Real=0.96s
[11.782s][info][gc,start       ] GC(41) Pause Full (Allocation Failure)
[11.782s][info][gc,phases,start] GC(41) Phase 1: Mark live objects
[12.332s][info][gc,phases      ] GC(41) Phase 1: Mark live objects 549.767ms
[12.332s][info][gc,phases,start] GC(41) Phase 2: Compute new object addresses
[12.502s][info][gc,phases      ] GC(41) Phase 2: Compute new object addresses 169.900ms
[12.502s][info][gc,phases,start] GC(41) Phase 3: Adjust pointers
[12.778s][info][gc,phases      ] GC(41) Phase 3: Adjust pointers 276.098ms
[12.778s][info][gc,phases,start] GC(41) Phase 4: Move objects
[12.966s][info][gc,phases      ] GC(41) Phase 4: Move objects 188.503ms
[12.967s][info][gc,heap        ] GC(41) DefNew: 368639K(368640K)->368638K(368640K) Eden: 327680K(327680K)->327680K(327680K) From: 40959K(40960K)->40958K(40960K)
[12.967s][info][gc,heap        ] GC(41) Tenured: 819199K(819200K)->819199K(819200K)
[12.967s][info][gc,metaspace   ] GC(41) Metaspace: 6300K(6464K)->6300K(6464K) NonClass: 5767K(5824K)->5767K(5824K) Class: 532K(640K)->532K(640K)
[12.967s][info][gc             ] GC(41) Pause Full (Allocation Failure) 1159M->1159M(1160M) 1184.911ms
[12.967s][info][gc,cpu         ] GC(41) User=1.16s Sys=0.00s Real=1.18s
[12.968s][info][gc,start       ] GC(42) Pause Full (Allocation Failure)
[12.968s][info][gc,phases,start] GC(42) Phase 1: Mark live objects
[13.524s][info][gc,phases      ] GC(42) Phase 1: Mark live objects 556.474ms
[13.525s][info][gc,phases,start] GC(42) Phase 2: Compute new object addresses
[13.694s][info][gc,phases      ] GC(42) Phase 2: Compute new object addresses 169.361ms
[13.694s][info][gc,phases,start] GC(42) Phase 3: Adjust pointers
[13.931s][info][gc,phases      ] GC(42) Phase 3: Adjust pointers 236.552ms
[13.931s][info][gc,phases,start] GC(42) Phase 4: Move objects
[13.931s][info][gc,phases      ] GC(42) Phase 4: Move objects 0.016ms
[13.931s][info][gc,heap        ] GC(42) DefNew: 368639K(368640K)->368639K(368640K) Eden: 327680K(327680K)->327680K(327680K) From: 40959K(40960K)->40959K(40960K)
[13.931s][info][gc,heap        ] GC(42) Tenured: 819199K(819200K)->819199K(819200K)
[13.931s][info][gc,metaspace   ] GC(42) Metaspace: 6302K(6528K)->6302K(6528K) NonClass: 5768K(5888K)->5768K(5888K) Class: 533K(640K)->533K(640K)
[13.931s][info][gc             ] GC(42) Pause Full (Allocation Failure) 1159M->1159M(1160M) 962.955ms
[13.931s][info][gc,cpu         ] GC(42) User=0.92s Sys=0.00s Real=0.96s
[13.931s][info][gc,heap,exit   ] Heap
[13.931s][info][gc,heap,exit   ]  def new generation   total 368640K, used 368639K [0x00000000b5000000, 0x00000000ce000000, 0x00000000ce000000)
[13.932s][info][gc,heap,exit   ]   eden space 327680K, 100% used [0x00000000b5000000, 0x00000000c9000000, 0x00000000c9000000)
[13.932s][info][gc,heap,exit   ]   from space 40960K,  99% used [0x00000000c9000000, 0x00000000cb7fffb8, 0x00000000cb800000)
[13.932s][info][gc,heap,exit   ]   to   space 40960K,   0% used [0x00000000cb800000, 0x00000000cb800000, 0x00000000ce000000)
[13.932s][info][gc,heap,exit   ]  tenured generation   total 819200K, used 819199K [0x00000000ce000000, 0x0000000100000000, 0x0000000100000000)
[13.932s][info][gc,heap,exit   ]    the space 819200K,  99% used [0x00000000ce000000, 0x00000000ffffff98, 0x0000000100000000, 0x0000000100000000)
[13.932s][info][gc,heap,exit   ]  Metaspace       used 6305K, committed 6528K, reserved 1114112K
[13.932s][info][gc,heap,exit   ]   class space    used 534K, committed 640K, reserved 1048576K
