[0.012s][info][gc,init] CardTable entry size: 512
[0.013s][info][gc     ] Using Serial
[0.013s][info][gc,init] Version: 18.0.1+10 (release)
[0.013s][info][gc,init] CPUs: 8 total, 8 available
[0.013s][info][gc,init] Memory: 16063M
[0.013s][info][gc,init] Large Page Support: Disabled
[0.013s][info][gc,init] NUMA Support: Disabled
[0.013s][info][gc,init] Compressed Oops: Enabled (Zero based)
[0.013s][info][gc,init] Heap Min Capacity: 2M
[0.013s][info][gc,init] Heap Initial Capacity: 2M
[0.013s][info][gc,init] Heap Max Capacity: 3000M
[0.013s][info][gc,init] Pre-touch: Disabled
[0.013s][info][gc,metaspace] CDS archive(s) not mapped
[0.014s][info][gc,metaspace] Compressed class space mapped at: 0x0000000800000000-0x0000000840000000, reserved size: 1073741824
[0.014s][info][gc,metaspace] Narrow klass base: 0x0000000800000000, Narrow klass shift: 0, Narrow klass range: 0x40000000
[0.200s][info][gc,start    ] GC(0) Pause Young (Allocation Failure)
[0.202s][info][gc,heap     ] GC(0) DefNew: 1023K(1152K)->127K(1152K) Eden: 1023K(1024K)->0K(1024K) From: 0K(128K)->127K(128K)
[0.202s][info][gc,heap     ] GC(0) Tenured: 0K(768K)->439K(768K)
[0.202s][info][gc,metaspace] GC(0) Metaspace: 5898K(6016K)->5898K(6016K) NonClass: 5398K(5504K)->5398K(5504K) Class: 499K(512K)->499K(512K)
[0.202s][info][gc          ] GC(0) Pause Young (Allocation Failure) 0M->0M(1M) 1.907ms
[0.202s][info][gc,cpu      ] GC(0) User=0.00s Sys=0.00s Real=0.00s
[0.224s][info][gc,start    ] GC(1) Pause Young (Allocation Failure)
[0.226s][info][gc          ] GC(1) Pause Young (Allocation Failure) 1M->0M(2M) 1.235ms
[0.226s][info][gc,cpu      ] GC(1) User=0.00s Sys=0.00s Real=0.00s
[0.226s][info][gc,start    ] GC(2) Pause Full (Allocation Failure)
[0.226s][info][gc,phases,start] GC(2) Phase 1: Mark live objects
[0.227s][info][gc,phases      ] GC(2) Phase 1: Mark live objects 1.020ms
[0.227s][info][gc,phases,start] GC(2) Phase 2: Compute new object addresses
[0.227s][info][gc,phases      ] GC(2) Phase 2: Compute new object addresses 0.294ms
[0.227s][info][gc,phases,start] GC(2) Phase 3: Adjust pointers
[0.228s][info][gc,phases      ] GC(2) Phase 3: Adjust pointers 0.596ms
[0.228s][info][gc,phases,start] GC(2) Phase 4: Move objects
[0.228s][info][gc,phases      ] GC(2) Phase 4: Move objects 0.066ms
[0.228s][info][gc,heap        ] GC(2) DefNew: 1151K(1152K)->40K(1152K) Eden: 1024K(1024K)->40K(1024K) From: 127K(128K)->0K(128K)
[0.228s][info][gc,heap        ] GC(2) Tenured: 439K(768K)->960K(1600K)
[0.228s][info][gc,metaspace   ] GC(2) Metaspace: 6295K(6464K)->6295K(6464K) NonClass: 5762K(5824K)->5762K(5824K) Class: 533K(640K)->533K(640K)
[0.228s][info][gc             ] GC(2) Pause Full (Allocation Failure) 0M->0M(2M) 2.338ms
[0.228s][info][gc,cpu         ] GC(2) User=0.00s Sys=0.00s Real=0.00s
[0.229s][info][gc,start       ] GC(3) Pause Young (Allocation Failure)
[0.231s][info][gc,heap        ] GC(3) DefNew: 1024K(1152K)->128K(1152K) Eden: 1024K(1024K)->0K(1024K) From: 0K(128K)->128K(128K)
[0.231s][info][gc,heap        ] GC(3) Tenured: 960K(1600K)->1374K(1600K)
[0.231s][info][gc,metaspace   ] GC(3) Metaspace: 6295K(6464K)->6295K(6464K) NonClass: 5762K(5824K)->5762K(5824K) Class: 533K(640K)->533K(640K)
[0.231s][info][gc             ] GC(3) Pause Young (Allocation Failure) 1M->1M(2M) 1.417ms
[0.231s][info][gc,cpu         ] GC(3) User=0.00s Sys=0.00s Real=0.00s
[0.232s][info][gc,start       ] GC(4) Pause Young (Allocation Failure)
[0.233s][info][gc             ] GC(4) Pause Young (Allocation Failure) 2M->1M(3M) 1.267ms
[0.233s][info][gc,cpu         ] GC(4) User=0.00s Sys=0.00s Real=0.00s
[0.233s][info][gc,start       ] GC(5) Pause Full (Allocation Failure)
[0.233s][info][gc,phases,start] GC(5) Phase 1: Mark live objects
[0.235s][info][gc,phases      ] GC(5) Phase 1: Mark live objects 1.448ms
[0.235s][info][gc,phases,start] GC(5) Phase 2: Compute new object addresses
[0.235s][info][gc,phases      ] GC(5) Phase 2: Compute new object addresses 0.398ms
[0.235s][info][gc,phases,start] GC(5) Phase 3: Adjust pointers
[0.236s][info][gc,phases      ] GC(5) Phase 3: Adjust pointers 0.732ms
[0.236s][info][gc,phases,start] GC(5) Phase 4: Move objects
[0.236s][info][gc,phases      ] GC(5) Phase 4: Move objects 0.079ms
[0.236s][info][gc,heap        ] GC(5) DefNew: 1152K(1152K)->34K(1536K) Eden: 1024K(1024K)->34K(1408K) From: 128K(128K)->0K(128K)
[0.236s][info][gc,heap        ] GC(5) Tenured: 1374K(1600K)->1983K(3308K)
[0.236s][info][gc,metaspace   ] GC(5) Metaspace: 6295K(6464K)->6295K(6464K) NonClass: 5762K(5824K)->5762K(5824K) Class: 533K(640K)->533K(640K)
[0.236s][info][gc             ] GC(5) Pause Full (Allocation Failure) 1M->1M(4M) 3.061ms
[0.236s][info][gc,cpu         ] GC(5) User=0.00s Sys=0.00s Real=0.00s
[0.238s][info][gc,start       ] GC(6) Pause Young (Allocation Failure)
[0.240s][info][gc,heap        ] GC(6) DefNew: 1407K(1536K)->127K(1536K) Eden: 1407K(1408K)->0K(1408K) From: 0K(128K)->127K(128K)
[0.240s][info][gc,heap        ] GC(6) Tenured: 1983K(3308K)->2617K(3308K)
[0.240s][info][gc,metaspace   ] GC(6) Metaspace: 6295K(6464K)->6295K(6464K) NonClass: 5762K(5824K)->5762K(5824K) Class: 533K(640K)->533K(640K)
[0.240s][info][gc             ] GC(6) Pause Young (Allocation Failure) 3M->2M(4M) 1.830ms
[0.240s][info][gc,cpu         ] GC(6) User=0.00s Sys=0.00s Real=0.00s
[0.242s][info][gc,start       ] GC(7) Pause Young (Allocation Failure)
[0.244s][info][gc             ] GC(7) Pause Young (Allocation Failure) 4M->3M(4M) 1.848ms
[0.244s][info][gc,cpu         ] GC(7) User=0.00s Sys=0.00s Real=0.00s
[0.244s][info][gc,start       ] GC(8) Pause Full (Allocation Failure)
[0.244s][info][gc,phases,start] GC(8) Phase 1: Mark live objects
[0.246s][info][gc,phases      ] GC(8) Phase 1: Mark live objects 2.255ms
[0.246s][info][gc,phases,start] GC(8) Phase 2: Compute new object addresses
[0.247s][info][gc,phases      ] GC(8) Phase 2: Compute new object addresses 0.636ms
[0.247s][info][gc,phases,start] GC(8) Phase 3: Adjust pointers
[0.248s][info][gc,phases      ] GC(8) Phase 3: Adjust pointers 1.032ms
[0.248s][info][gc,phases,start] GC(8) Phase 4: Move objects
[0.248s][info][gc,phases      ] GC(8) Phase 4: Move objects 0.086ms
[0.248s][info][gc,heap        ] GC(8) DefNew: 1535K(1536K)->0K(2688K) Eden: 1408K(1408K)->0K(2432K) From: 127K(128K)->0K(256K)
[0.248s][info][gc,heap        ] GC(8) Tenured: 2617K(3308K)->3460K(5768K)
[0.248s][info][gc,metaspace   ] GC(8) Metaspace: 6295K(6464K)->6295K(6464K) NonClass: 5762K(5824K)->5762K(5824K) Class: 533K(640K)->533K(640K)
[0.248s][info][gc             ] GC(8) Pause Full (Allocation Failure) 3M->3M(8M) 4.356ms
[0.248s][info][gc,cpu         ] GC(8) User=0.00s Sys=0.00s Real=0.00s
[0.251s][info][gc,start       ] GC(9) Pause Young (Allocation Failure)
[0.256s][info][gc,heap        ] GC(9) DefNew: 2432K(2688K)->255K(2688K) Eden: 2432K(2432K)->0K(2432K) From: 0K(256K)->255K(256K)
[0.256s][info][gc,heap        ] GC(9) Tenured: 3460K(5768K)->4512K(5768K)
[0.256s][info][gc,metaspace   ] GC(9) Metaspace: 6295K(6464K)->6295K(6464K) NonClass: 5762K(5824K)->5762K(5824K) Class: 533K(640K)->533K(640K)
[0.256s][info][gc             ] GC(9) Pause Young (Allocation Failure) 5M->4M(8M) 4.635ms
[0.256s][info][gc,cpu         ] GC(9) User=0.00s Sys=0.00s Real=0.00s
[0.260s][info][gc,start       ] GC(10) Pause Young (Allocation Failure)
[0.264s][info][gc,heap        ] GC(10) DefNew: 2687K(2688K)->256K(2688K) Eden: 2432K(2432K)->0K(2432K) From: 255K(256K)->256K(256K)
[0.264s][info][gc,heap        ] GC(10) Tenured: 4512K(5768K)->5755K(5768K)
[0.264s][info][gc,metaspace   ] GC(10) Metaspace: 6295K(6464K)->6295K(6464K) NonClass: 5762K(5824K)->5762K(5824K) Class: 533K(640K)->533K(640K)
[0.264s][info][gc             ] GC(10) Pause Young (Allocation Failure) 7M->5M(8M) 3.716ms
[0.264s][info][gc,cpu         ] GC(10) User=0.00s Sys=0.00s Real=0.00s
[0.268s][info][gc,start       ] GC(11) Pause Young (Allocation Failure)
[0.273s][info][gc             ] GC(11) Pause Young (Allocation Failure) 8M->7M(9M) 4.339ms
[0.273s][info][gc,cpu         ] GC(11) User=0.00s Sys=0.00s Real=0.00s
[0.273s][info][gc,start       ] GC(12) Pause Full (Allocation Failure)
[0.273s][info][gc,phases,start] GC(12) Phase 1: Mark live objects
[0.279s][info][gc,phases      ] GC(12) Phase 1: Mark live objects 5.562ms
[0.279s][info][gc,phases,start] GC(12) Phase 2: Compute new object addresses
[0.280s][info][gc,phases      ] GC(12) Phase 2: Compute new object addresses 1.446ms
[0.280s][info][gc,phases,start] GC(12) Phase 3: Adjust pointers
[0.282s][info][gc,phases      ] GC(12) Phase 3: Adjust pointers 2.195ms
[0.282s][info][gc,phases,start] GC(12) Phase 4: Move objects
[0.284s][info][gc,phases      ] GC(12) Phase 4: Move objects 1.694ms
[0.284s][info][gc,heap        ] GC(12) DefNew: 2688K(2688K)->0K(5376K) Eden: 2432K(2432K)->0K(4800K) From: 256K(256K)->0K(576K)
[0.284s][info][gc,heap        ] GC(12) Tenured: 5755K(5768K)->7132K(11888K)
[0.284s][info][gc,metaspace   ] GC(12) Metaspace: 6295K(6464K)->6295K(6464K) NonClass: 5762K(5824K)->5762K(5824K) Class: 533K(640K)->533K(640K)
[0.284s][info][gc             ] GC(12) Pause Full (Allocation Failure) 7M->6M(16M) 11.477ms
[0.284s][info][gc,cpu         ] GC(12) User=0.02s Sys=0.00s Real=0.01s
[0.291s][info][gc,start       ] GC(13) Pause Young (Allocation Failure)
[0.297s][info][gc,heap        ] GC(13) DefNew: 4800K(5376K)->575K(5376K) Eden: 4800K(4800K)->0K(4800K) From: 0K(576K)->575K(576K)
[0.297s][info][gc,heap        ] GC(13) Tenured: 7132K(11888K)->9027K(11888K)
[0.297s][info][gc,metaspace   ] GC(13) Metaspace: 6295K(6464K)->6295K(6464K) NonClass: 5762K(5824K)->5762K(5824K) Class: 533K(640K)->533K(640K)
[0.297s][info][gc             ] GC(13) Pause Young (Allocation Failure) 11M->9M(16M) 6.617ms
[0.297s][info][gc,cpu         ] GC(13) User=0.00s Sys=0.00s Real=0.01s
[0.303s][info][gc,start       ] GC(14) Pause Young (Allocation Failure)
[0.310s][info][gc,heap        ] GC(14) DefNew: 5375K(5376K)->576K(5376K) Eden: 4800K(4800K)->0K(4800K) From: 575K(576K)->576K(576K)
[0.310s][info][gc,heap        ] GC(14) Tenured: 9027K(11888K)->11746K(11888K)
[0.310s][info][gc,metaspace   ] GC(14) Metaspace: 6295K(6464K)->6295K(6464K) NonClass: 5762K(5824K)->5762K(5824K) Class: 533K(640K)->533K(640K)
[0.310s][info][gc             ] GC(14) Pause Young (Allocation Failure) 14M->12M(16M) 6.675ms
[0.310s][info][gc,cpu         ] GC(14) User=0.00s Sys=0.00s Real=0.01s
[0.315s][info][gc,start       ] GC(15) Pause Young (Allocation Failure)
[0.322s][info][gc             ] GC(15) Pause Young (Allocation Failure) 16M->14M(19M) 7.380ms
[0.322s][info][gc,cpu         ] GC(15) User=0.00s Sys=0.00s Real=0.01s
[0.322s][info][gc,start       ] GC(16) Pause Full (Allocation Failure)
[0.322s][info][gc,phases,start] GC(16) Phase 1: Mark live objects
[0.331s][info][gc,phases      ] GC(16) Phase 1: Mark live objects 8.611ms
[0.331s][info][gc,phases,start] GC(16) Phase 2: Compute new object addresses
[0.334s][info][gc,phases      ] GC(16) Phase 2: Compute new object addresses 2.737ms
[0.334s][info][gc,phases,start] GC(16) Phase 3: Adjust pointers
[0.337s][info][gc,phases      ] GC(16) Phase 3: Adjust pointers 3.220ms
[0.337s][info][gc,phases,start] GC(16) Phase 4: Move objects
[0.337s][info][gc,phases      ] GC(16) Phase 4: Move objects 0.171ms
[0.337s][info][gc,heap        ] GC(16) DefNew: 5376K(5376K)->446K(10816K) Eden: 4800K(4800K)->446K(9664K) From: 576K(576K)->0K(1152K)
[0.337s][info][gc,heap        ] GC(16) Tenured: 11746K(11888K)->14323K(23876K)
[0.337s][info][gc,metaspace   ] GC(16) Metaspace: 6297K(6464K)->6297K(6464K) NonClass: 5764K(5824K)->5764K(5824K) Class: 533K(640K)->533K(640K)
[0.337s][info][gc             ] GC(16) Pause Full (Allocation Failure) 14M->14M(33M) 15.162ms
[0.337s][info][gc,cpu         ] GC(16) User=0.02s Sys=0.00s Real=0.02s
[0.349s][info][gc,start       ] GC(17) Pause Young (Allocation Failure)
[0.362s][info][gc,heap        ] GC(17) DefNew: 9664K(10816K)->1151K(10816K) Eden: 9664K(9664K)->0K(9664K) From: 0K(1152K)->1151K(1152K)
[0.362s][info][gc,heap        ] GC(17) Tenured: 14323K(23876K)->18351K(23876K)
[0.362s][info][gc,metaspace   ] GC(17) Metaspace: 6297K(6464K)->6297K(6464K) NonClass: 5764K(5824K)->5764K(5824K) Class: 533K(640K)->533K(640K)
[0.362s][info][gc             ] GC(17) Pause Young (Allocation Failure) 23M->19M(33M) 12.863ms
[0.362s][info][gc,cpu         ] GC(17) User=0.00s Sys=0.00s Real=0.01s
[0.371s][info][gc,start       ] GC(18) Pause Young (Allocation Failure)
[0.383s][info][gc,heap        ] GC(18) DefNew: 10815K(10816K)->1151K(10816K) Eden: 9664K(9664K)->0K(9664K) From: 1151K(1152K)->1151K(1152K)
[0.383s][info][gc,heap        ] GC(18) Tenured: 18351K(23876K)->23839K(23876K)
[0.383s][info][gc,metaspace   ] GC(18) Metaspace: 6297K(6464K)->6297K(6464K) NonClass: 5764K(5824K)->5764K(5824K) Class: 533K(640K)->533K(640K)
[0.383s][info][gc             ] GC(18) Pause Young (Allocation Failure) 28M->24M(33M) 12.614ms
[0.383s][info][gc,cpu         ] GC(18) User=0.00s Sys=0.00s Real=0.01s
[0.390s][info][gc,start       ] GC(19) Pause Young (Allocation Failure)
[0.401s][info][gc             ] GC(19) Pause Young (Allocation Failure) 33M->29M(38M) 11.584ms
[0.401s][info][gc,cpu         ] GC(19) User=0.00s Sys=0.00s Real=0.01s
[0.401s][info][gc,start       ] GC(20) Pause Full (Allocation Failure)
[0.401s][info][gc,phases,start] GC(20) Phase 1: Mark live objects
[0.415s][info][gc,phases      ] GC(20) Phase 1: Mark live objects 14.047ms
[0.415s][info][gc,phases,start] GC(20) Phase 2: Compute new object addresses
[0.420s][info][gc,phases      ] GC(20) Phase 2: Compute new object addresses 4.532ms
[0.420s][info][gc,phases,start] GC(20) Phase 3: Adjust pointers
[0.425s][info][gc,phases      ] GC(20) Phase 3: Adjust pointers 5.434ms
[0.425s][info][gc,phases,start] GC(20) Phase 4: Move objects
[0.426s][info][gc,phases      ] GC(20) Phase 4: Move objects 0.203ms
[0.426s][info][gc,heap        ] GC(20) DefNew: 10815K(10816K)->1048K(21760K) Eden: 9664K(9664K)->1048K(19392K) From: 1151K(1152K)->0K(2368K)
[0.426s][info][gc,heap        ] GC(20) Tenured: 23839K(23876K)->28935K(48228K)
[0.426s][info][gc,metaspace   ] GC(20) Metaspace: 6297K(6464K)->6297K(6464K) NonClass: 5764K(5824K)->5764K(5824K) Class: 533K(640K)->533K(640K)
[0.426s][info][gc             ] GC(20) Pause Full (Allocation Failure) 29M->29M(68M) 24.635ms
[0.426s][info][gc,cpu         ] GC(20) User=0.02s Sys=0.00s Real=0.03s
[0.443s][info][gc,start       ] GC(21) Pause Young (Allocation Failure)
[0.475s][info][gc,heap        ] GC(21) DefNew: 19392K(21760K)->2367K(21760K) Eden: 19392K(19392K)->0K(19392K) From: 0K(2368K)->2367K(2368K)
[0.475s][info][gc,heap        ] GC(21) Tenured: 28935K(48228K)->40665K(48228K)
[0.475s][info][gc,metaspace   ] GC(21) Metaspace: 6297K(6464K)->6297K(6464K) NonClass: 5764K(5824K)->5764K(5824K) Class: 533K(640K)->533K(640K)
[0.475s][info][gc             ] GC(21) Pause Young (Allocation Failure) 47M->42M(68M) 32.879ms
[0.475s][info][gc,cpu         ] GC(21) User=0.03s Sys=0.00s Real=0.03s
[0.494s][info][gc,start       ] GC(22) Pause Young (Allocation Failure)
[0.530s][info][gc             ] GC(22) Pause Young (Allocation Failure) 60M->60M(79M) 35.797ms
[0.530s][info][gc,cpu         ] GC(22) User=0.03s Sys=0.00s Real=0.04s
[0.530s][info][gc,start       ] GC(23) Pause Full (Allocation Failure)
[0.530s][info][gc,phases,start] GC(23) Phase 1: Mark live objects
[0.556s][info][gc,phases      ] GC(23) Phase 1: Mark live objects 25.874ms
[0.556s][info][gc,phases,start] GC(23) Phase 2: Compute new object addresses
[0.566s][info][gc,phases      ] GC(23) Phase 2: Compute new object addresses 10.226ms
[0.566s][info][gc,phases,start] GC(23) Phase 3: Adjust pointers
[0.578s][info][gc,phases      ] GC(23) Phase 3: Adjust pointers 11.721ms
[0.578s][info][gc,phases,start] GC(23) Phase 4: Move objects
[0.578s][info][gc,phases      ] GC(23) Phase 4: Move objects 0.385ms
[0.578s][info][gc,heap        ] GC(23) DefNew: 21759K(21760K)->2261K(45184K) Eden: 19392K(19392K)->2261K(40192K) From: 2367K(2368K)->0K(4992K)
[0.578s][info][gc,heap        ] GC(23) Tenured: 40665K(48228K)->60132K(100220K)
[0.578s][info][gc,metaspace   ] GC(23) Metaspace: 6297K(6464K)->6297K(6464K) NonClass: 5764K(5824K)->5764K(5824K) Class: 533K(640K)->533K(640K)
[0.579s][info][gc             ] GC(23) Pause Full (Allocation Failure) 60M->60M(141M) 48.858ms
[0.579s][info][gc,cpu         ] GC(23) User=0.05s Sys=0.00s Real=0.05s
[0.623s][info][gc,start       ] GC(24) Pause Young (Allocation Failure)
[0.686s][info][gc,heap        ] GC(24) DefNew: 40192K(45184K)->4991K(45184K) Eden: 40192K(40192K)->0K(40192K) From: 0K(4992K)->4991K(4992K)
[0.686s][info][gc,heap        ] GC(24) Tenured: 60132K(100220K)->95302K(100220K)
[0.686s][info][gc,metaspace   ] GC(24) Metaspace: 6297K(6464K)->6297K(6464K) NonClass: 5764K(5824K)->5764K(5824K) Class: 533K(640K)->533K(640K)
[0.687s][info][gc             ] GC(24) Pause Young (Allocation Failure) 97M->97M(141M) 63.093ms
[0.687s][info][gc,cpu         ] GC(24) User=0.05s Sys=0.00s Real=0.06s
[0.720s][info][gc,start       ] GC(25) Pause Young (Allocation Failure)
[0.790s][info][gc             ] GC(25) Pause Young (Allocation Failure) 137M->137M(176M) 70.740ms
[0.791s][info][gc,cpu         ] GC(25) User=0.05s Sys=0.02s Real=0.07s
[0.791s][info][gc,start       ] GC(26) Pause Full (Allocation Failure)
[0.791s][info][gc,phases,start] GC(26) Phase 1: Mark live objects
[0.849s][info][gc,phases      ] GC(26) Phase 1: Mark live objects 58.221ms
[0.849s][info][gc,phases,start] GC(26) Phase 2: Compute new object addresses
[0.881s][info][gc,phases      ] GC(26) Phase 2: Compute new object addresses 31.852ms
[0.881s][info][gc,phases,start] GC(26) Phase 3: Adjust pointers
[0.911s][info][gc,phases      ] GC(26) Phase 3: Adjust pointers 29.744ms
[0.911s][info][gc,phases,start] GC(26) Phase 4: Move objects
[0.938s][info][gc,phases      ] GC(26) Phase 4: Move objects 27.178ms
[0.938s][info][gc,heap        ] GC(26) DefNew: 45183K(45184K)->999K(101760K) Eden: 40192K(40192K)->999K(90496K) From: 4991K(4992K)->0K(11264K)
[0.938s][info][gc,heap        ] GC(26) Tenured: 95302K(100220K)->135615K(226028K)
[0.939s][info][gc,metaspace   ] GC(26) Metaspace: 6297K(6464K)->6297K(6464K) NonClass: 5764K(5824K)->5764K(5824K) Class: 533K(640K)->533K(640K)
[0.939s][info][gc             ] GC(26) Pause Full (Allocation Failure) 137M->133M(320M) 148.013ms
[0.939s][info][gc,cpu         ] GC(26) User=0.12s Sys=0.00s Real=0.15s
[1.043s][info][gc,start       ] GC(27) Pause Young (Allocation Failure)
[1.213s][info][gc,heap        ] GC(27) DefNew: 90496K(101760K)->11263K(101760K) Eden: 90496K(90496K)->0K(90496K) From: 0K(11264K)->11263K(11264K)
[1.213s][info][gc,heap        ] GC(27) Tenured: 135615K(226028K)->214821K(226028K)
[1.213s][info][gc,metaspace   ] GC(27) Metaspace: 6297K(6464K)->6297K(6464K) NonClass: 5764K(5824K)->5764K(5824K) Class: 533K(640K)->533K(640K)
[1.213s][info][gc             ] GC(27) Pause Young (Allocation Failure) 220M->220M(320M) 169.805ms
[1.213s][info][gc,cpu         ] GC(27) User=0.12s Sys=0.02s Real=0.17s
[1.300s][info][gc,start       ] GC(28) Pause Young (Allocation Failure)
[1.474s][info][gc             ] GC(28) Pause Young (Allocation Failure) 309M->309M(397M) 173.279ms
[1.474s][info][gc,cpu         ] GC(28) User=0.11s Sys=0.05s Real=0.17s
[1.474s][info][gc,start       ] GC(29) Pause Full (Allocation Failure)
[1.474s][info][gc,phases,start] GC(29) Phase 1: Mark live objects
[1.609s][info][gc,phases      ] GC(29) Phase 1: Mark live objects 135.622ms
[1.609s][info][gc,phases,start] GC(29) Phase 2: Compute new object addresses
[1.658s][info][gc,phases      ] GC(29) Phase 2: Compute new object addresses 48.634ms
[1.658s][info][gc,phases,start] GC(29) Phase 3: Adjust pointers
[1.711s][info][gc,phases      ] GC(29) Phase 3: Adjust pointers 53.202ms
[1.711s][info][gc,phases,start] GC(29) Phase 4: Move objects
[1.714s][info][gc,phases      ] GC(29) Phase 4: Move objects 2.432ms
[1.715s][info][gc,heap        ] GC(29) DefNew: 101759K(101760K)->11229K(229056K) Eden: 90496K(90496K)->11229K(203648K) From: 11263K(11264K)->0K(25408K)
[1.715s][info][gc,heap        ] GC(29) Tenured: 214821K(226028K)->305323K(508876K)
[1.715s][info][gc,metaspace   ] GC(29) Metaspace: 6297K(6464K)->6297K(6464K) NonClass: 5764K(5824K)->5764K(5824K) Class: 533K(640K)->533K(640K)
[1.715s][info][gc             ] GC(29) Pause Full (Allocation Failure) 309M->309M(720M) 241.258ms
[1.715s][info][gc,cpu         ] GC(29) User=0.25s Sys=0.00s Real=0.24s
[1.922s][info][gc,start       ] GC(30) Pause Young (Allocation Failure)
[2.255s][info][gc,heap        ] GC(30) DefNew: 203648K(229056K)->25407K(229056K) Eden: 203648K(203648K)->0K(203648K) From: 0K(25408K)->25407K(25408K)
[2.255s][info][gc,heap        ] GC(30) Tenured: 305323K(508876K)->483532K(508876K)
[2.255s][info][gc,metaspace   ] GC(30) Metaspace: 6297K(6464K)->6297K(6464K) NonClass: 5764K(5824K)->5764K(5824K) Class: 533K(640K)->533K(640K)
[2.255s][info][gc             ] GC(30) Pause Young (Allocation Failure) 497M->497M(720M) 333.187ms
[2.255s][info][gc,cpu         ] GC(30) User=0.25s Sys=0.08s Real=0.33s
[2.438s][info][gc,start       ] GC(31) Pause Young (Allocation Failure)
[2.815s][info][gc             ] GC(31) Pause Young (Allocation Failure) 695M->695M(894M) 376.121ms
[2.815s][info][gc,cpu         ] GC(31) User=0.34s Sys=0.03s Real=0.38s
[2.815s][info][gc,start       ] GC(32) Pause Full (Allocation Failure)
[2.815s][info][gc,phases,start] GC(32) Phase 1: Mark live objects
[3.134s][info][gc,phases      ] GC(32) Phase 1: Mark live objects 319.626ms
[3.134s][info][gc,phases,start] GC(32) Phase 2: Compute new object addresses
[3.242s][info][gc,phases      ] GC(32) Phase 2: Compute new object addresses 107.128ms
[3.242s][info][gc,phases,start] GC(32) Phase 3: Adjust pointers
[3.360s][info][gc,phases      ] GC(32) Phase 3: Adjust pointers 118.066ms
[3.360s][info][gc,phases,start] GC(32) Phase 4: Move objects
[3.365s][info][gc,phases      ] GC(32) Phase 4: Move objects 5.190ms
[3.367s][info][gc,heap        ] GC(32) DefNew: 229055K(229056K)->25241K(515520K) Eden: 203648K(203648K)->25241K(458240K) From: 25407K(25408K)->0K(57280K)
[3.367s][info][gc,heap        ] GC(32) Tenured: 483532K(508876K)->687312K(1145520K)
[3.367s][info][gc,metaspace   ] GC(32) Metaspace: 6297K(6464K)->6297K(6464K) NonClass: 5764K(5824K)->5764K(5824K) Class: 533K(640K)->533K(640K)
[3.367s][info][gc             ] GC(32) Pause Full (Allocation Failure) 695M->695M(1622M) 552.286ms
[3.367s][info][gc,cpu         ] GC(32) User=0.53s Sys=0.02s Real=0.55s
[3.820s][info][gc,start       ] GC(33) Pause Young (Allocation Failure)
[4.587s][info][gc,heap        ] GC(33) DefNew: 458240K(515520K)->57280K(515520K) Eden: 458240K(458240K)->0K(458240K) From: 0K(57280K)->57280K(57280K)
[4.588s][info][gc,heap        ] GC(33) Tenured: 687312K(1145520K)->1088245K(1145520K)
[4.588s][info][gc,metaspace   ] GC(33) Metaspace: 6297K(6464K)->6297K(6464K) NonClass: 5764K(5824K)->5764K(5824K) Class: 533K(640K)->533K(640K)
[4.588s][info][gc             ] GC(33) Pause Young (Allocation Failure) 1118M->1118M(1622M) 767.666ms
[4.588s][info][gc,cpu         ] GC(33) User=0.62s Sys=0.14s Real=0.77s
[5.047s][info][gc,start       ] GC(34) Pause Young (Allocation Failure)
[5.762s][info][gc             ] GC(34) Pause Young (Allocation Failure) 1566M->1511M(1958M) 715.163ms
[5.762s][info][gc,cpu         ] GC(34) User=0.55s Sys=0.14s Real=0.72s
[5.762s][info][gc,start       ] GC(35) Pause Full (Allocation Failure)
[5.762s][info][gc,phases,start] GC(35) Phase 1: Mark live objects
[6.425s][info][gc,phases      ] GC(35) Phase 1: Mark live objects 662.453ms
[6.425s][info][gc,phases,start] GC(35) Phase 2: Compute new object addresses
[6.643s][info][gc,phases      ] GC(35) Phase 2: Compute new object addresses 217.823ms
[6.643s][info][gc,phases,start] GC(35) Phase 3: Adjust pointers
[6.906s][info][gc,phases      ] GC(35) Phase 3: Adjust pointers 263.394ms
[6.906s][info][gc,phases,start] GC(35) Phase 4: Move objects
[6.917s][info][gc,phases      ] GC(35) Phase 4: Move objects 10.909ms
[6.920s][info][gc,heap        ] GC(35) DefNew: 515520K(515520K)->57255K(921600K) Eden: 458240K(458240K)->57255K(819200K) From: 57280K(57280K)->0K(102400K)
[6.920s][info][gc,heap        ] GC(35) Tenured: 1088245K(1145520K)->1490420K(2048000K)
[6.920s][info][gc,metaspace   ] GC(35) Metaspace: 6297K(6464K)->6297K(6464K) NonClass: 5764K(5824K)->5764K(5824K) Class: 533K(640K)->533K(640K)
[6.920s][info][gc             ] GC(35) Pause Full (Allocation Failure) 1511M->1511M(2900M) 1157.949ms
[6.920s][info][gc,cpu         ] GC(35) User=1.14s Sys=0.00s Real=1.16s
[7.665s][info][gc,start       ] GC(36) Pause Young (Allocation Failure)
[9.189s][info][gc,promotion   ] GC(36) Promotion failed
[9.189s][info][gc             ] GC(36) Pause Young (Allocation Failure) 2255M->2899M(2900M) 1524.671ms
[9.189s][info][gc,cpu         ] GC(36) User=1.42s Sys=0.09s Real=1.52s
[9.189s][info][gc,start       ] GC(37) Pause Full (Allocation Failure)
[9.189s][info][gc,phases,start] GC(37) Phase 1: Mark live objects
[10.247s][info][gc,phases      ] GC(37) Phase 1: Mark live objects 1057.314ms
[10.247s][info][gc,phases,start] GC(37) Phase 2: Compute new object addresses
[10.632s][info][gc,phases      ] GC(37) Phase 2: Compute new object addresses 385.762ms
[10.632s][info][gc,phases,start] GC(37) Phase 3: Adjust pointers
[11.127s][info][gc,phases      ] GC(37) Phase 3: Adjust pointers 494.913ms
[11.127s][info][gc,phases,start] GC(37) Phase 4: Move objects
[11.565s][info][gc,phases      ] GC(37) Phase 4: Move objects 437.522ms
[11.566s][info][gc,heap        ] GC(37) DefNew: 819200K(921600K)->232919K(921600K) Eden: 819200K(819200K)->232919K(819200K) From: 0K(102400K)->0K(102400K)
[11.566s][info][gc,heap        ] GC(37) Tenured: 1490420K(2048000K)->2047999K(2048000K)
[11.566s][info][gc,metaspace   ] GC(37) Metaspace: 6297K(6464K)->6297K(6464K) NonClass: 5764K(5824K)->5764K(5824K) Class: 533K(640K)->533K(640K)
[11.566s][info][gc             ] GC(37) Pause Full (Allocation Failure) 2899M->2227M(2900M) 2376.393ms
[11.566s][info][gc,cpu         ] GC(37) User=2.34s Sys=0.00s Real=2.38s
[12.061s][info][gc,start       ] GC(38) Pause Full (Allocation Failure)
[12.061s][info][gc,phases,start] GC(38) Phase 1: Mark live objects
[13.412s][info][gc,phases      ] GC(38) Phase 1: Mark live objects 1351.224ms
[13.412s][info][gc,phases,start] GC(38) Phase 2: Compute new object addresses
[13.870s][info][gc,phases      ] GC(38) Phase 2: Compute new object addresses 457.562ms
[13.870s][info][gc,phases,start] GC(38) Phase 3: Adjust pointers
[14.467s][info][gc,phases      ] GC(38) Phase 3: Adjust pointers 597.723ms
[14.467s][info][gc,phases,start] GC(38) Phase 4: Move objects
[14.553s][info][gc,phases      ] GC(38) Phase 4: Move objects 86.050ms
[14.554s][info][gc,heap        ] GC(38) DefNew: 800649K(921600K)->790891K(921600K) Eden: 800649K(819200K)->790891K(819200K) From: 0K(102400K)->0K(102400K)
[14.554s][info][gc,heap        ] GC(38) Tenured: 2047999K(2048000K)->2047999K(2048000K)
[14.554s][info][gc,metaspace   ] GC(38) Metaspace: 6297K(6464K)->6297K(6464K) NonClass: 5764K(5824K)->5764K(5824K) Class: 533K(640K)->533K(640K)
[14.554s][info][gc             ] GC(38) Pause Full (Allocation Failure) 2781M->2772M(2900M) 2493.582ms
[14.554s][info][gc,cpu         ] GC(38) User=2.42s Sys=0.00s Real=2.49s
[14.554s][info][gc,start       ] GC(39) Pause Full (Allocation Failure)
[14.554s][info][gc,phases,start] GC(39) Phase 1: Mark live objects
[15.876s][info][gc,phases      ] GC(39) Phase 1: Mark live objects 1321.603ms
[15.876s][info][gc,phases,start] GC(39) Phase 2: Compute new object addresses
[16.277s][info][gc,phases      ] GC(39) Phase 2: Compute new object addresses 401.310ms
[16.277s][info][gc,phases,start] GC(39) Phase 3: Adjust pointers
[16.923s][info][gc,phases      ] GC(39) Phase 3: Adjust pointers 645.805ms
[16.923s][info][gc,phases,start] GC(39) Phase 4: Move objects
[17.401s][info][gc,phases      ] GC(39) Phase 4: Move objects 477.563ms
[17.401s][info][gc,heap        ] GC(39) DefNew: 790891K(921600K)->790887K(921600K) Eden: 790891K(819200K)->790887K(819200K) From: 0K(102400K)->0K(102400K)
[17.401s][info][gc,heap        ] GC(39) Tenured: 2047999K(2048000K)->2047999K(2048000K)
[17.401s][info][gc,metaspace   ] GC(39) Metaspace: 6297K(6464K)->6295K(6464K) NonClass: 5764K(5824K)->5763K(5824K) Class: 533K(640K)->532K(640K)
[17.401s][info][gc             ] GC(39) Pause Full (Allocation Failure) 2772M->2772M(2900M) 2847.282ms
[17.401s][info][gc,cpu         ] GC(39) User=2.83s Sys=0.00s Real=2.85s
[17.403s][info][gc,heap,exit   ] Heap
[17.403s][info][gc,heap,exit   ]  def new generation   total 921600K, used 819200K [0x0000000744800000, 0x0000000783000000, 0x0000000783000000)
[17.403s][info][gc,heap,exit   ]   eden space 819200K, 100% used [0x0000000744800000, 0x0000000776800000, 0x0000000776800000)
[17.403s][info][gc,heap,exit   ]   from space 102400K,   0% used [0x000000077cc00000, 0x000000077cc00000, 0x0000000783000000)
[17.403s][info][gc,heap,exit   ]   to   space 102400K,   0% used [0x0000000776800000, 0x0000000776800000, 0x000000077cc00000)
[17.403s][info][gc,heap,exit   ]  tenured generation   total 2048000K, used 2047999K [0x0000000783000000, 0x0000000800000000, 0x0000000800000000)
[17.403s][info][gc,heap,exit   ]    the space 2048000K,  99% used [0x0000000783000000, 0x00000007fffffff8, 0x0000000800000000, 0x0000000800000000)
[17.403s][info][gc,heap,exit   ]  Metaspace       used 6300K, committed 6464K, reserved 1114112K
[17.403s][info][gc,heap,exit   ]   class space    used 534K, committed 640K, reserved 1048576K
