[0.011s][info][gc,init] CardTable entry size: 512
[0.012s][info][gc     ] Using Serial
[0.012s][info][gc,init] Version: 18.0.1+10 (release)
[0.012s][info][gc,init] CPUs: 8 total, 8 available
[0.012s][info][gc,init] Memory: 16063M
[0.012s][info][gc,init] Large Page Support: Disabled
[0.012s][info][gc,init] NUMA Support: Disabled
[0.012s][info][gc,init] Compressed Oops: Enabled (Zero based)
[0.012s][info][gc,init] Heap Min Capacity: 2M
[0.012s][info][gc,init] Heap Initial Capacity: 2M
[0.012s][info][gc,init] Heap Max Capacity: 13000M
[0.012s][info][gc,init] Pre-touch: Disabled
[0.012s][info][gc,metaspace] CDS archive(s) not mapped
[0.012s][info][gc,metaspace] Compressed class space mapped at: 0x0000000800000000-0x0000000840000000, reserved size: 1073741824
[0.012s][info][gc,metaspace] Narrow klass base: 0x0000000800000000, Narrow klass shift: 0, Narrow klass range: 0x40000000
[0.167s][info][gc,start    ] GC(0) Pause Young (Allocation Failure)
[0.169s][info][gc,heap     ] GC(0) DefNew: 1023K(1152K)->127K(1152K) Eden: 1023K(1024K)->0K(1024K) From: 0K(128K)->127K(128K)
[0.169s][info][gc,heap     ] GC(0) Tenured: 0K(768K)->439K(768K)
[0.169s][info][gc,metaspace] GC(0) Metaspace: 5902K(6016K)->5902K(6016K) NonClass: 5403K(5504K)->5403K(5504K) Class: 499K(512K)->499K(512K)
[0.169s][info][gc          ] GC(0) Pause Young (Allocation Failure) 0M->0M(1M) 2.177ms
[0.169s][info][gc,cpu      ] GC(0) User=0.00s Sys=0.00s Real=0.00s
[0.186s][info][gc,start    ] GC(1) Pause Young (Allocation Failure)
[0.188s][info][gc          ] GC(1) Pause Young (Allocation Failure) 1M->0M(2M) 1.367ms
[0.188s][info][gc,cpu      ] GC(1) User=0.00s Sys=0.00s Real=0.00s
[0.188s][info][gc,start    ] GC(2) Pause Full (Allocation Failure)
[0.188s][info][gc,phases,start] GC(2) Phase 1: Mark live objects
[0.189s][info][gc,phases      ] GC(2) Phase 1: Mark live objects 1.240ms
[0.189s][info][gc,phases,start] GC(2) Phase 2: Compute new object addresses
[0.190s][info][gc,phases      ] GC(2) Phase 2: Compute new object addresses 0.273ms
[0.190s][info][gc,phases,start] GC(2) Phase 3: Adjust pointers
[0.190s][info][gc,phases      ] GC(2) Phase 3: Adjust pointers 0.657ms
[0.190s][info][gc,phases,start] GC(2) Phase 4: Move objects
[0.190s][info][gc,phases      ] GC(2) Phase 4: Move objects 0.068ms
[0.190s][info][gc,heap        ] GC(2) DefNew: 1151K(1152K)->40K(1152K) Eden: 1024K(1024K)->40K(1024K) From: 127K(128K)->0K(128K)
[0.190s][info][gc,heap        ] GC(2) Tenured: 439K(768K)->959K(1600K)
[0.191s][info][gc,metaspace   ] GC(2) Metaspace: 6300K(6464K)->6300K(6464K) NonClass: 5766K(5824K)->5766K(5824K) Class: 533K(640K)->533K(640K)
[0.191s][info][gc             ] GC(2) Pause Full (Allocation Failure) 0M->0M(2M) 2.619ms
[0.191s][info][gc,cpu         ] GC(2) User=0.00s Sys=0.00s Real=0.00s
[0.192s][info][gc,start       ] GC(3) Pause Young (Allocation Failure)
[0.193s][info][gc,heap        ] GC(3) DefNew: 1024K(1152K)->127K(1152K) Eden: 1024K(1024K)->0K(1024K) From: 0K(128K)->127K(128K)
[0.193s][info][gc,heap        ] GC(3) Tenured: 959K(1600K)->1374K(1600K)
[0.193s][info][gc,metaspace   ] GC(3) Metaspace: 6300K(6464K)->6300K(6464K) NonClass: 5766K(5824K)->5766K(5824K) Class: 533K(640K)->533K(640K)
[0.193s][info][gc             ] GC(3) Pause Young (Allocation Failure) 1M->1M(2M) 1.238ms
[0.193s][info][gc,cpu         ] GC(3) User=0.00s Sys=0.00s Real=0.00s
[0.195s][info][gc,start       ] GC(4) Pause Young (Allocation Failure)
[0.196s][info][gc             ] GC(4) Pause Young (Allocation Failure) 2M->1M(3M) 1.335ms
[0.196s][info][gc,cpu         ] GC(4) User=0.00s Sys=0.00s Real=0.00s
[0.196s][info][gc,start       ] GC(5) Pause Full (Allocation Failure)
[0.196s][info][gc,phases,start] GC(5) Phase 1: Mark live objects
[0.198s][info][gc,phases      ] GC(5) Phase 1: Mark live objects 1.634ms
[0.198s][info][gc,phases,start] GC(5) Phase 2: Compute new object addresses
[0.198s][info][gc,phases      ] GC(5) Phase 2: Compute new object addresses 0.377ms
[0.198s][info][gc,phases,start] GC(5) Phase 3: Adjust pointers
[0.199s][info][gc,phases      ] GC(5) Phase 3: Adjust pointers 0.668ms
[0.199s][info][gc,phases,start] GC(5) Phase 4: Move objects
[0.199s][info][gc,phases      ] GC(5) Phase 4: Move objects 0.071ms
[0.199s][info][gc,heap        ] GC(5) DefNew: 1151K(1152K)->34K(1536K) Eden: 1024K(1024K)->34K(1408K) From: 127K(128K)->0K(128K)
[0.199s][info][gc,heap        ] GC(5) Tenured: 1374K(1600K)->1984K(3308K)
[0.199s][info][gc,metaspace   ] GC(5) Metaspace: 6300K(6464K)->6300K(6464K) NonClass: 5766K(5824K)->5766K(5824K) Class: 533K(640K)->533K(640K)
[0.199s][info][gc             ] GC(5) Pause Full (Allocation Failure) 1M->1M(4M) 3.093ms
[0.199s][info][gc,cpu         ] GC(5) User=0.00s Sys=0.00s Real=0.00s
[0.201s][info][gc,start       ] GC(6) Pause Young (Allocation Failure)
[0.203s][info][gc,heap        ] GC(6) DefNew: 1408K(1536K)->127K(1536K) Eden: 1408K(1408K)->0K(1408K) From: 0K(128K)->127K(128K)
[0.203s][info][gc,heap        ] GC(6) Tenured: 1984K(3308K)->2617K(3308K)
[0.203s][info][gc,metaspace   ] GC(6) Metaspace: 6300K(6464K)->6300K(6464K) NonClass: 5766K(5824K)->5766K(5824K) Class: 533K(640K)->533K(640K)
[0.203s][info][gc             ] GC(6) Pause Young (Allocation Failure) 3M->2M(4M) 2.054ms
[0.203s][info][gc,cpu         ] GC(6) User=0.00s Sys=0.00s Real=0.00s
[0.205s][info][gc,start       ] GC(7) Pause Young (Allocation Failure)
[0.206s][info][gc             ] GC(7) Pause Young (Allocation Failure) 4M->3M(4M) 1.645ms
[0.206s][info][gc,cpu         ] GC(7) User=0.00s Sys=0.00s Real=0.00s
[0.206s][info][gc,start       ] GC(8) Pause Full (Allocation Failure)
[0.206s][info][gc,phases,start] GC(8) Phase 1: Mark live objects
[0.208s][info][gc,phases      ] GC(8) Phase 1: Mark live objects 1.913ms
[0.208s][info][gc,phases,start] GC(8) Phase 2: Compute new object addresses
[0.209s][info][gc,phases      ] GC(8) Phase 2: Compute new object addresses 0.588ms
[0.209s][info][gc,phases,start] GC(8) Phase 3: Adjust pointers
[0.210s][info][gc,phases      ] GC(8) Phase 3: Adjust pointers 1.155ms
[0.210s][info][gc,phases,start] GC(8) Phase 4: Move objects
[0.210s][info][gc,phases      ] GC(8) Phase 4: Move objects 0.076ms
[0.210s][info][gc,heap        ] GC(8) DefNew: 1535K(1536K)->0K(2688K) Eden: 1408K(1408K)->0K(2432K) From: 127K(128K)->0K(256K)
[0.210s][info][gc,heap        ] GC(8) Tenured: 2617K(3308K)->3459K(5768K)
[0.210s][info][gc,metaspace   ] GC(8) Metaspace: 6300K(6464K)->6300K(6464K) NonClass: 5766K(5824K)->5766K(5824K) Class: 533K(640K)->533K(640K)
[0.210s][info][gc             ] GC(8) Pause Full (Allocation Failure) 3M->3M(8M) 4.047ms
[0.210s][info][gc,cpu         ] GC(8) User=0.00s Sys=0.00s Real=0.00s
[0.215s][info][gc,start       ] GC(9) Pause Young (Allocation Failure)
[0.218s][info][gc,heap        ] GC(9) DefNew: 2432K(2688K)->255K(2688K) Eden: 2432K(2432K)->0K(2432K) From: 0K(256K)->255K(256K)
[0.218s][info][gc,heap        ] GC(9) Tenured: 3459K(5768K)->4512K(5768K)
[0.218s][info][gc,metaspace   ] GC(9) Metaspace: 6300K(6464K)->6300K(6464K) NonClass: 5766K(5824K)->5766K(5824K) Class: 533K(640K)->533K(640K)
[0.218s][info][gc             ] GC(9) Pause Young (Allocation Failure) 5M->4M(8M) 3.158ms
[0.218s][info][gc,cpu         ] GC(9) User=0.02s Sys=0.02s Real=0.00s
[0.221s][info][gc,start       ] GC(10) Pause Young (Allocation Failure)
[0.224s][info][gc,heap        ] GC(10) DefNew: 2687K(2688K)->256K(2688K) Eden: 2432K(2432K)->0K(2432K) From: 255K(256K)->256K(256K)
[0.224s][info][gc,heap        ] GC(10) Tenured: 4512K(5768K)->5754K(5768K)
[0.224s][info][gc,metaspace   ] GC(10) Metaspace: 6300K(6464K)->6300K(6464K) NonClass: 5766K(5824K)->5766K(5824K) Class: 533K(640K)->533K(640K)
[0.224s][info][gc             ] GC(10) Pause Young (Allocation Failure) 7M->5M(8M) 3.355ms
[0.224s][info][gc,cpu         ] GC(10) User=0.00s Sys=0.00s Real=0.00s
[0.227s][info][gc,start       ] GC(11) Pause Young (Allocation Failure)
[0.230s][info][gc             ] GC(11) Pause Young (Allocation Failure) 8M->7M(9M) 3.091ms
[0.230s][info][gc,cpu         ] GC(11) User=0.00s Sys=0.00s Real=0.00s
[0.230s][info][gc,start       ] GC(12) Pause Full (Allocation Failure)
[0.231s][info][gc,phases,start] GC(12) Phase 1: Mark live objects
[0.235s][info][gc,phases      ] GC(12) Phase 1: Mark live objects 4.734ms
[0.235s][info][gc,phases,start] GC(12) Phase 2: Compute new object addresses
[0.237s][info][gc,phases      ] GC(12) Phase 2: Compute new object addresses 1.300ms
[0.237s][info][gc,phases,start] GC(12) Phase 3: Adjust pointers
[0.239s][info][gc,phases      ] GC(12) Phase 3: Adjust pointers 2.263ms
[0.239s][info][gc,phases,start] GC(12) Phase 4: Move objects
[0.241s][info][gc,phases      ] GC(12) Phase 4: Move objects 1.893ms
[0.241s][info][gc,heap        ] GC(12) DefNew: 2688K(2688K)->0K(5376K) Eden: 2432K(2432K)->0K(4800K) From: 256K(256K)->0K(576K)
[0.241s][info][gc,heap        ] GC(12) Tenured: 5754K(5768K)->7132K(11888K)
[0.241s][info][gc,metaspace   ] GC(12) Metaspace: 6300K(6464K)->6300K(6464K) NonClass: 5766K(5824K)->5766K(5824K) Class: 533K(640K)->533K(640K)
[0.241s][info][gc             ] GC(12) Pause Full (Allocation Failure) 7M->6M(16M) 10.729ms
[0.241s][info][gc,cpu         ] GC(12) User=0.03s Sys=0.00s Real=0.01s
[0.246s][info][gc,start       ] GC(13) Pause Young (Allocation Failure)
[0.252s][info][gc,heap        ] GC(13) DefNew: 4800K(5376K)->576K(5376K) Eden: 4800K(4800K)->0K(4800K) From: 0K(576K)->576K(576K)
[0.252s][info][gc,heap        ] GC(13) Tenured: 7132K(11888K)->9027K(11888K)
[0.252s][info][gc,metaspace   ] GC(13) Metaspace: 6300K(6464K)->6300K(6464K) NonClass: 5766K(5824K)->5766K(5824K) Class: 533K(640K)->533K(640K)
[0.252s][info][gc             ] GC(13) Pause Young (Allocation Failure) 11M->9M(16M) 6.086ms
[0.252s][info][gc,cpu         ] GC(13) User=0.00s Sys=0.00s Real=0.01s
[0.258s][info][gc,start       ] GC(14) Pause Young (Allocation Failure)
[0.264s][info][gc,heap        ] GC(14) DefNew: 5376K(5376K)->576K(5376K) Eden: 4800K(4800K)->0K(4800K) From: 576K(576K)->576K(576K)
[0.264s][info][gc,heap        ] GC(14) Tenured: 9027K(11888K)->11746K(11888K)
[0.264s][info][gc,metaspace   ] GC(14) Metaspace: 6300K(6464K)->6300K(6464K) NonClass: 5766K(5824K)->5766K(5824K) Class: 533K(640K)->533K(640K)
[0.265s][info][gc             ] GC(14) Pause Young (Allocation Failure) 14M->12M(16M) 6.840ms
[0.265s][info][gc,cpu         ] GC(14) User=0.00s Sys=0.00s Real=0.01s
[0.270s][info][gc,start       ] GC(15) Pause Young (Allocation Failure)
[0.277s][info][gc             ] GC(15) Pause Young (Allocation Failure) 16M->14M(19M) 6.375ms
[0.277s][info][gc,cpu         ] GC(15) User=0.00s Sys=0.00s Real=0.01s
[0.277s][info][gc,start       ] GC(16) Pause Full (Allocation Failure)
[0.277s][info][gc,phases,start] GC(16) Phase 1: Mark live objects
[0.284s][info][gc,phases      ] GC(16) Phase 1: Mark live objects 7.508ms
[0.284s][info][gc,phases,start] GC(16) Phase 2: Compute new object addresses
[0.287s][info][gc,phases      ] GC(16) Phase 2: Compute new object addresses 2.376ms
[0.287s][info][gc,phases,start] GC(16) Phase 3: Adjust pointers
[0.290s][info][gc,phases      ] GC(16) Phase 3: Adjust pointers 3.028ms
[0.290s][info][gc,phases,start] GC(16) Phase 4: Move objects
[0.290s][info][gc,phases      ] GC(16) Phase 4: Move objects 0.216ms
[0.290s][info][gc,heap        ] GC(16) DefNew: 5376K(5376K)->394K(10880K) Eden: 4800K(4800K)->394K(9728K) From: 576K(576K)->0K(1152K)
[0.290s][info][gc,heap        ] GC(16) Tenured: 11746K(11888K)->14383K(23976K)
[0.290s][info][gc,metaspace   ] GC(16) Metaspace: 6302K(6464K)->6302K(6464K) NonClass: 5768K(5824K)->5768K(5824K) Class: 533K(640K)->533K(640K)
[0.290s][info][gc             ] GC(16) Pause Full (Allocation Failure) 14M->14M(34M) 13.470ms
[0.290s][info][gc,cpu         ] GC(16) User=0.02s Sys=0.00s Real=0.01s
[0.297s][info][gc,start       ] GC(17) Pause Young (Allocation Failure)
[0.311s][info][gc,heap        ] GC(17) DefNew: 9728K(10880K)->1151K(10880K) Eden: 9728K(9728K)->0K(9728K) From: 0K(1152K)->1151K(1152K)
[0.311s][info][gc,heap        ] GC(17) Tenured: 14383K(23976K)->18399K(23976K)
[0.311s][info][gc,metaspace   ] GC(17) Metaspace: 6302K(6464K)->6302K(6464K) NonClass: 5768K(5824K)->5768K(5824K) Class: 533K(640K)->533K(640K)
[0.311s][info][gc             ] GC(17) Pause Young (Allocation Failure) 23M->19M(34M) 13.647ms
[0.311s][info][gc,cpu         ] GC(17) User=0.00s Sys=0.00s Real=0.01s
[0.318s][info][gc,start       ] GC(18) Pause Young (Allocation Failure)
[0.331s][info][gc,heap        ] GC(18) DefNew: 10879K(10880K)->1151K(10880K) Eden: 9728K(9728K)->0K(9728K) From: 1151K(1152K)->1151K(1152K)
[0.331s][info][gc,heap        ] GC(18) Tenured: 18399K(23976K)->23920K(23976K)
[0.331s][info][gc,metaspace   ] GC(18) Metaspace: 6302K(6464K)->6302K(6464K) NonClass: 5768K(5824K)->5768K(5824K) Class: 533K(640K)->533K(640K)
[0.331s][info][gc             ] GC(18) Pause Young (Allocation Failure) 28M->24M(34M) 12.847ms
[0.331s][info][gc,cpu         ] GC(18) User=0.00s Sys=0.00s Real=0.01s
[0.337s][info][gc,start       ] GC(19) Pause Young (Allocation Failure)
[0.349s][info][gc             ] GC(19) Pause Young (Allocation Failure) 33M->29M(38M) 12.324ms
[0.349s][info][gc,cpu         ] GC(19) User=0.00s Sys=0.00s Real=0.01s
[0.349s][info][gc,start       ] GC(20) Pause Full (Allocation Failure)
[0.349s][info][gc,phases,start] GC(20) Phase 1: Mark live objects
[0.364s][info][gc,phases      ] GC(20) Phase 1: Mark live objects 15.482ms
[0.365s][info][gc,phases,start] GC(20) Phase 2: Compute new object addresses
[0.369s][info][gc,phases      ] GC(20) Phase 2: Compute new object addresses 4.735ms
[0.369s][info][gc,phases,start] GC(20) Phase 3: Adjust pointers
[0.375s][info][gc,phases      ] GC(20) Phase 3: Adjust pointers 6.050ms
[0.375s][info][gc,phases,start] GC(20) Phase 4: Move objects
[0.376s][info][gc,phases      ] GC(20) Phase 4: Move objects 0.234ms
[0.376s][info][gc,heap        ] GC(20) DefNew: 10879K(10880K)->1064K(21888K) Eden: 9728K(9728K)->1064K(19520K) From: 1151K(1152K)->0K(2368K)
[0.376s][info][gc,heap        ] GC(20) Tenured: 23920K(23976K)->29035K(48396K)
[0.376s][info][gc,metaspace   ] GC(20) Metaspace: 6302K(6464K)->6302K(6464K) NonClass: 5768K(5824K)->5768K(5824K) Class: 533K(640K)->533K(640K)
[0.376s][info][gc             ] GC(20) Pause Full (Allocation Failure) 29M->29M(68M) 26.965ms
[0.376s][info][gc,cpu         ] GC(20) User=0.03s Sys=0.00s Real=0.03s
[0.390s][info][gc,start       ] GC(21) Pause Young (Allocation Failure)
[0.417s][info][gc,heap        ] GC(21) DefNew: 19520K(21888K)->2367K(21888K) Eden: 19520K(19520K)->0K(19520K) From: 0K(2368K)->2367K(2368K)
[0.417s][info][gc,heap        ] GC(21) Tenured: 29035K(48396K)->39331K(48396K)
[0.417s][info][gc,metaspace   ] GC(21) Metaspace: 6302K(6464K)->6302K(6464K) NonClass: 5768K(5824K)->5768K(5824K) Class: 533K(640K)->533K(640K)
[0.417s][info][gc             ] GC(21) Pause Young (Allocation Failure) 47M->40M(68M) 27.075ms
[0.417s][info][gc,cpu         ] GC(21) User=0.02s Sys=0.00s Real=0.03s
[0.436s][info][gc,start       ] GC(22) Pause Young (Allocation Failure)
[0.471s][info][gc             ] GC(22) Pause Young (Allocation Failure) 59M->59M(78M) 35.402ms
[0.471s][info][gc,cpu         ] GC(22) User=0.02s Sys=0.02s Real=0.04s
[0.471s][info][gc,start       ] GC(23) Pause Full (Allocation Failure)
[0.472s][info][gc,phases,start] GC(23) Phase 1: Mark live objects
[0.497s][info][gc,phases      ] GC(23) Phase 1: Mark live objects 25.046ms
[0.497s][info][gc,phases,start] GC(23) Phase 2: Compute new object addresses
[0.506s][info][gc,phases      ] GC(23) Phase 2: Compute new object addresses 9.225ms
[0.506s][info][gc,phases,start] GC(23) Phase 3: Adjust pointers
[0.518s][info][gc,phases      ] GC(23) Phase 3: Adjust pointers 11.795ms
[0.518s][info][gc,phases,start] GC(23) Phase 4: Move objects
[0.518s][info][gc,phases      ] GC(23) Phase 4: Move objects 0.232ms
[0.518s][info][gc,heap        ] GC(23) DefNew: 21887K(21888K)->2367K(44160K) Eden: 19520K(19520K)->2367K(39296K) From: 2367K(2368K)->0K(4864K)
[0.518s][info][gc,heap        ] GC(23) Tenured: 39331K(48396K)->58820K(98036K)
[0.518s][info][gc,metaspace   ] GC(23) Metaspace: 6302K(6464K)->6302K(6464K) NonClass: 5768K(5824K)->5768K(5824K) Class: 533K(640K)->533K(640K)
[0.518s][info][gc             ] GC(23) Pause Full (Allocation Failure) 59M->59M(138M) 46.838ms
[0.518s][info][gc,cpu         ] GC(23) User=0.03s Sys=0.00s Real=0.05s
[0.559s][info][gc,start       ] GC(24) Pause Young (Allocation Failure)
[0.622s][info][gc,heap        ] GC(24) DefNew: 39296K(44160K)->4863K(44160K) Eden: 39296K(39296K)->0K(39296K) From: 0K(4864K)->4863K(4864K)
[0.623s][info][gc,heap        ] GC(24) Tenured: 58820K(98036K)->91178K(98036K)
[0.623s][info][gc,metaspace   ] GC(24) Metaspace: 6302K(6464K)->6302K(6464K) NonClass: 5768K(5824K)->5768K(5824K) Class: 533K(640K)->533K(640K)
[0.623s][info][gc             ] GC(24) Pause Young (Allocation Failure) 95M->93M(138M) 63.280ms
[0.623s][info][gc,cpu         ] GC(24) User=0.05s Sys=0.00s Real=0.06s
[0.655s][info][gc,start       ] GC(25) Pause Young (Allocation Failure)
[0.725s][info][gc             ] GC(25) Pause Young (Allocation Failure) 132M->132M(170M) 69.949ms
[0.725s][info][gc,cpu         ] GC(25) User=0.06s Sys=0.00s Real=0.07s
[0.725s][info][gc,start       ] GC(26) Pause Full (Allocation Failure)
[0.725s][info][gc,phases,start] GC(26) Phase 1: Mark live objects
[0.780s][info][gc,phases      ] GC(26) Phase 1: Mark live objects 55.073ms
[0.780s][info][gc,phases,start] GC(26) Phase 2: Compute new object addresses
[0.803s][info][gc,phases      ] GC(26) Phase 2: Compute new object addresses 22.538ms
[0.803s][info][gc,phases,start] GC(26) Phase 3: Adjust pointers
[0.829s][info][gc,phases      ] GC(26) Phase 3: Adjust pointers 25.897ms
[0.829s][info][gc,phases,start] GC(26) Phase 4: Move objects
[0.852s][info][gc,phases      ] GC(26) Phase 4: Move objects 23.451ms
[0.853s][info][gc,heap        ] GC(26) DefNew: 44159K(44160K)->3031K(97920K) Eden: 39296K(39296K)->3031K(87040K) From: 4863K(4864K)->0K(10880K)
[0.853s][info][gc,heap        ] GC(26) Tenured: 91178K(98036K)->130484K(217476K)
[0.853s][info][gc,metaspace   ] GC(26) Metaspace: 6302K(6464K)->6302K(6464K) NonClass: 5768K(5824K)->5768K(5824K) Class: 533K(640K)->533K(640K)
[0.853s][info][gc             ] GC(26) Pause Full (Allocation Failure) 132M->130M(308M) 127.767ms
[0.853s][info][gc,cpu         ] GC(26) User=0.12s Sys=0.00s Real=0.13s
[0.949s][info][gc,start       ] GC(27) Pause Young (Allocation Failure)
[1.116s][info][gc,heap        ] GC(27) DefNew: 87040K(97920K)->10879K(97920K) Eden: 87040K(87040K)->0K(87040K) From: 0K(10880K)->10879K(10880K)
[1.116s][info][gc,heap        ] GC(27) Tenured: 130484K(217476K)->206618K(217476K)
[1.116s][info][gc,metaspace   ] GC(27) Metaspace: 6302K(6464K)->6302K(6464K) NonClass: 5768K(5824K)->5768K(5824K) Class: 533K(640K)->533K(640K)
[1.116s][info][gc             ] GC(27) Pause Young (Allocation Failure) 212M->212M(308M) 166.432ms
[1.116s][info][gc,cpu         ] GC(27) User=0.12s Sys=0.02s Real=0.17s
[1.196s][info][gc,start       ] GC(28) Pause Young (Allocation Failure)
[1.379s][info][gc             ] GC(28) Pause Young (Allocation Failure) 297M->297M(382M) 182.832ms
[1.379s][info][gc,cpu         ] GC(28) User=0.12s Sys=0.05s Real=0.18s
[1.379s][info][gc,start       ] GC(29) Pause Full (Allocation Failure)
[1.379s][info][gc,phases,start] GC(29) Phase 1: Mark live objects
[1.510s][info][gc,phases      ] GC(29) Phase 1: Mark live objects 131.295ms
[1.510s][info][gc,phases,start] GC(29) Phase 2: Compute new object addresses
[1.560s][info][gc,phases      ] GC(29) Phase 2: Compute new object addresses 49.693ms
[1.560s][info][gc,phases,start] GC(29) Phase 3: Adjust pointers
[1.611s][info][gc,phases      ] GC(29) Phase 3: Adjust pointers 51.068ms
[1.611s][info][gc,phases,start] GC(29) Phase 4: Move objects
[1.614s][info][gc,phases      ] GC(29) Phase 4: Move objects 2.326ms
[1.615s][info][gc,heap        ] GC(29) DefNew: 97919K(97920K)->10868K(220288K) Eden: 87040K(87040K)->10868K(195840K) From: 10879K(10880K)->0K(24448K)
[1.615s][info][gc,heap        ] GC(29) Tenured: 206618K(217476K)->293639K(489400K)
[1.615s][info][gc,metaspace   ] GC(29) Metaspace: 6302K(6464K)->6302K(6464K) NonClass: 5768K(5824K)->5768K(5824K) Class: 533K(640K)->533K(640K)
[1.615s][info][gc             ] GC(29) Pause Full (Allocation Failure) 297M->297M(693M) 235.725ms
[1.615s][info][gc,cpu         ] GC(29) User=0.25s Sys=0.00s Real=0.24s
[1.826s][info][gc,start       ] GC(30) Pause Young (Allocation Failure)
[2.157s][info][gc,heap        ] GC(30) DefNew: 195840K(220288K)->24447K(220288K) Eden: 195840K(195840K)->0K(195840K) From: 0K(24448K)->24447K(24448K)
[2.157s][info][gc,heap        ] GC(30) Tenured: 293639K(489400K)->465006K(489400K)
[2.157s][info][gc,metaspace   ] GC(30) Metaspace: 6302K(6464K)->6302K(6464K) NonClass: 5768K(5824K)->5768K(5824K) Class: 533K(640K)->533K(640K)
[2.157s][info][gc             ] GC(30) Pause Young (Allocation Failure) 478M->477M(693M) 331.404ms
[2.157s][info][gc,cpu         ] GC(30) User=0.25s Sys=0.05s Real=0.33s
[2.336s][info][gc,start       ] GC(31) Pause Young (Allocation Failure)
[2.719s][info][gc             ] GC(31) Pause Young (Allocation Failure) 669M->669M(860M) 383.274ms
[2.719s][info][gc,cpu         ] GC(31) User=0.28s Sys=0.11s Real=0.38s
[2.719s][info][gc,start       ] GC(32) Pause Full (Allocation Failure)
[2.719s][info][gc,phases,start] GC(32) Phase 1: Mark live objects
[3.018s][info][gc,phases      ] GC(32) Phase 1: Mark live objects 298.319ms
[3.018s][info][gc,phases,start] GC(32) Phase 2: Compute new object addresses
[3.149s][info][gc,phases      ] GC(32) Phase 2: Compute new object addresses 131.655ms
[3.149s][info][gc,phases,start] GC(32) Phase 3: Adjust pointers
[3.280s][info][gc,phases      ] GC(32) Phase 3: Adjust pointers 130.120ms
[3.280s][info][gc,phases,start] GC(32) Phase 4: Move objects
[3.285s][info][gc,phases      ] GC(32) Phase 4: Move objects 5.190ms
[3.287s][info][gc,heap        ] GC(32) DefNew: 220287K(220288K)->24340K(495744K) Eden: 195840K(195840K)->24340K(440704K) From: 24447K(24448K)->0K(55040K)
[3.287s][info][gc,heap        ] GC(32) Tenured: 465006K(489400K)->660923K(1101540K)
[3.287s][info][gc,metaspace   ] GC(32) Metaspace: 6302K(6464K)->6302K(6464K) NonClass: 5768K(5824K)->5768K(5824K) Class: 533K(640K)->533K(640K)
[3.287s][info][gc             ] GC(32) Pause Full (Allocation Failure) 669M->669M(1559M) 567.485ms
[3.287s][info][gc,cpu         ] GC(32) User=0.55s Sys=0.00s Real=0.57s
[3.759s][info][gc,start       ] GC(33) Pause Young (Allocation Failure)
[4.509s][info][gc,heap        ] GC(33) DefNew: 440704K(495744K)->55039K(495744K) Eden: 440704K(440704K)->0K(440704K) From: 0K(55040K)->55039K(55040K)
[4.509s][info][gc,heap        ] GC(33) Tenured: 660923K(1101540K)->1046562K(1101540K)
[4.509s][info][gc,metaspace   ] GC(33) Metaspace: 6302K(6464K)->6302K(6464K) NonClass: 5768K(5824K)->5768K(5824K) Class: 533K(640K)->533K(640K)
[4.509s][info][gc             ] GC(33) Pause Young (Allocation Failure) 1075M->1075M(1559M) 750.284ms
[4.510s][info][gc,cpu         ] GC(33) User=0.61s Sys=0.14s Real=0.75s
[4.972s][info][gc,start       ] GC(34) Pause Young (Allocation Failure)
[5.691s][info][gc             ] GC(34) Pause Young (Allocation Failure) 1506M->1454M(1885M) 718.545ms
[5.691s][info][gc,cpu         ] GC(34) User=0.56s Sys=0.14s Real=0.72s
[5.691s][info][gc,start       ] GC(35) Pause Full (Allocation Failure)
[5.691s][info][gc,phases,start] GC(35) Phase 1: Mark live objects
[6.322s][info][gc,phases      ] GC(35) Phase 1: Mark live objects 631.257ms
[6.322s][info][gc,phases,start] GC(35) Phase 2: Compute new object addresses
[6.539s][info][gc,phases      ] GC(35) Phase 2: Compute new object addresses 216.209ms
[6.539s][info][gc,phases,start] GC(35) Phase 3: Adjust pointers
[6.797s][info][gc,phases      ] GC(35) Phase 3: Adjust pointers 257.868ms
[6.797s][info][gc,phases,start] GC(35) Phase 4: Move objects
[6.807s][info][gc,phases      ] GC(35) Phase 4: Move objects 10.339ms
[6.811s][info][gc,heap        ] GC(35) DefNew: 495743K(495744K)->55006K(1075968K) Eden: 440704K(440704K)->55006K(956480K) From: 55039K(55040K)->0K(119488K)
[6.811s][info][gc,heap        ] GC(35) Tenured: 1046562K(1101540K)->1434535K(2390896K)
[6.811s][info][gc,metaspace   ] GC(35) Metaspace: 6302K(6464K)->6302K(6464K) NonClass: 5768K(5824K)->5768K(5824K) Class: 533K(640K)->533K(640K)
[6.811s][info][gc             ] GC(35) Pause Full (Allocation Failure) 1454M->1454M(3385M) 1120.067ms
[6.811s][info][gc,cpu         ] GC(35) User=1.08s Sys=0.00s Real=1.12s
[7.735s][info][gc,start       ] GC(36) Pause Young (Allocation Failure)
[9.415s][info][gc,heap        ] GC(36) DefNew: 956480K(1075968K)->119487K(1075968K) Eden: 956480K(956480K)->0K(956480K) From: 0K(119488K)->119487K(119488K)
[9.415s][info][gc,heap        ] GC(36) Tenured: 1434535K(2390896K)->2271500K(2390896K)
[9.415s][info][gc,metaspace   ] GC(36) Metaspace: 6302K(6464K)->6302K(6464K) NonClass: 5768K(5824K)->5768K(5824K) Class: 533K(640K)->533K(640K)
[9.415s][info][gc             ] GC(36) Pause Young (Allocation Failure) 2334M->2334M(3385M) 1679.632ms
[9.415s][info][gc,cpu         ] GC(36) User=1.44s Sys=0.22s Real=1.68s
[10.396s][info][gc,start       ] GC(37) Pause Young (Allocation Failure)
[12.041s][info][gc             ] GC(37) Pause Young (Allocation Failure) 3269M->3268M(4203M) 1645.698ms
[12.041s][info][gc,cpu         ] GC(37) User=1.19s Sys=0.44s Real=1.65s
[12.041s][info][gc,start       ] GC(38) Pause Full (Allocation Failure)
[12.042s][info][gc,phases,start] GC(38) Phase 1: Mark live objects
[13.514s][info][gc,phases      ] GC(38) Phase 1: Mark live objects 1472.014ms
[13.514s][info][gc,phases,start] GC(38) Phase 2: Compute new object addresses
[14.002s][info][gc,phases      ] GC(38) Phase 2: Compute new object addresses 488.552ms
[14.002s][info][gc,phases,start] GC(38) Phase 3: Adjust pointers
[14.670s][info][gc,phases      ] GC(38) Phase 3: Adjust pointers 668.153ms
[14.670s][info][gc,phases,start] GC(38) Phase 4: Move objects
[15.279s][info][gc,phases      ] GC(38) Phase 4: Move objects 608.109ms
[15.288s][info][gc,heap        ] GC(38) DefNew: 1075967K(1075968K)->25276K(2420992K) Eden: 956480K(956480K)->25276K(2152000K) From: 119487K(119488K)->0K(268992K)
[15.288s][info][gc,heap        ] GC(38) Tenured: 2271500K(2390896K)->3227955K(5379928K)
[15.288s][info][gc,metaspace   ] GC(38) Metaspace: 6302K(6464K)->6302K(6464K) NonClass: 5768K(5824K)->5768K(5824K) Class: 533K(640K)->533K(640K)
[15.288s][info][gc             ] GC(38) Pause Full (Allocation Failure) 3268M->3176M(7618M) 3246.280ms
[15.288s][info][gc,cpu         ] GC(38) User=3.25s Sys=0.00s Real=3.25s
[17.491s][info][gc,start       ] GC(39) Pause Young (Allocation Failure)
[21.288s][info][gc,heap        ] GC(39) DefNew: 2152000K(2420992K)->268991K(2420992K) Eden: 2152000K(2152000K)->0K(2152000K) From: 0K(268992K)->268991K(268992K)
[21.288s][info][gc,heap        ] GC(39) Tenured: 3227955K(5379928K)->5110933K(5379928K)
[21.288s][info][gc,metaspace   ] GC(39) Metaspace: 6302K(6464K)->6302K(6464K) NonClass: 5768K(5824K)->5768K(5824K) Class: 533K(640K)->533K(640K)
[21.288s][info][gc             ] GC(39) Pause Young (Allocation Failure) 5253M->5253M(7618M) 3796.990ms
[21.288s][info][gc,cpu         ] GC(39) User=3.09s Sys=0.67s Real=3.80s
[23.355s][info][gc,start       ] GC(40) Pause Young (Allocation Failure)
[27.071s][info][gc             ] GC(40) Pause Young (Allocation Failure) 7355M->7355M(9456M) 3715.943ms
[27.071s][info][gc,cpu         ] GC(40) User=3.06s Sys=0.66s Real=3.72s
[27.071s][info][gc,start       ] GC(41) Pause Full (Allocation Failure)
[27.071s][info][gc,phases,start] GC(41) Phase 1: Mark live objects
[30.535s][info][gc,phases      ] GC(41) Phase 1: Mark live objects 3464.460ms
[30.535s][info][gc,phases,start] GC(41) Phase 2: Compute new object addresses
[31.763s][info][gc,phases      ] GC(41) Phase 2: Compute new object addresses 1228.053ms
[31.763s][info][gc,phases,start] GC(41) Phase 3: Adjust pointers
[33.050s][info][gc,phases      ] GC(41) Phase 3: Adjust pointers 1286.102ms
[33.050s][info][gc,phases,start] GC(41) Phase 4: Move objects
[33.107s][info][gc,phases      ] GC(41) Phase 4: Move objects 57.250ms
[33.180s][info][gc,heap        ] GC(41) DefNew: 2420991K(2420992K)->268956K(3993600K) Eden: 2152000K(2152000K)->268956K(3549888K) From: 268991K(268992K)->0K(443712K)
[33.180s][info][gc,heap        ] GC(41) Tenured: 5110933K(5379928K)->7262939K(8874688K)
[33.180s][info][gc,metaspace   ] GC(41) Metaspace: 6302K(6464K)->6302K(6464K) NonClass: 5768K(5824K)->5768K(5824K) Class: 533K(640K)->533K(640K)
[33.180s][info][gc             ] GC(41) Pause Full (Allocation Failure) 7355M->7355M(12566M) 6109.741ms
[33.180s][info][gc,cpu         ] GC(41) User=6.02s Sys=0.00s Real=6.11s
[36.338s][info][gc,start       ] GC(42) Pause Young (Allocation Failure)
[36.339s][info][gc             ] GC(42) Pause Young (Allocation Failure) 10559M->10559M(12566M) 0.166ms
[36.339s][info][gc,cpu         ] GC(42) User=0.00s Sys=0.00s Real=0.00s
[36.339s][info][gc,start       ] GC(43) Pause Full (Allocation Failure)
[36.339s][info][gc,phases,start] GC(43) Phase 1: Mark live objects
[41.151s][info][gc,phases      ] GC(43) Phase 1: Mark live objects 4812.296ms
[41.151s][info][gc,phases,start] GC(43) Phase 2: Compute new object addresses
[42.760s][info][gc,phases      ] GC(43) Phase 2: Compute new object addresses 1608.811ms
[42.760s][info][gc,phases,start] GC(43) Phase 3: Adjust pointers
[44.981s][info][gc,phases      ] GC(43) Phase 3: Adjust pointers 2221.144ms
[44.981s][info][gc,phases,start] GC(43) Phase 4: Move objects
[46.040s][info][gc,phases      ] GC(43) Phase 4: Move objects 1058.755ms
[46.041s][info][gc,heap        ] GC(43) DefNew: 3549888K(3993600K)->1938112K(3993600K) Eden: 3549888K(3549888K)->1938112K(3549888K) From: 0K(443712K)->0K(443712K)
[46.041s][info][gc,heap        ] GC(43) Tenured: 7262939K(8874688K)->8874687K(8874688K)
[46.041s][info][gc,metaspace   ] GC(43) Metaspace: 6302K(6464K)->6302K(6464K) NonClass: 5768K(5824K)->5768K(5824K) Class: 533K(640K)->533K(640K)
[46.041s][info][gc             ] GC(43) Pause Full (Allocation Failure) 10559M->10559M(12566M) 9702.116ms
[46.041s][info][gc,cpu         ] GC(43) User=9.33s Sys=0.34s Real=9.70s
[49.794s][info][gc,start       ] GC(44) Pause Full (Allocation Failure)
[49.795s][info][gc,phases,start] GC(44) Phase 1: Mark live objects
[55.649s][info][gc,phases      ] GC(44) Phase 1: Mark live objects 5854.593ms
[55.649s][info][gc,phases,start] GC(44) Phase 2: Compute new object addresses
[57.415s][info][gc,phases      ] GC(44) Phase 2: Compute new object addresses 1765.303ms
[57.415s][info][gc,phases,start] GC(44) Phase 3: Adjust pointers
[59.744s][info][gc,phases      ] GC(44) Phase 3: Adjust pointers 2329.173ms
[59.744s][info][gc,phases,start] GC(44) Phase 4: Move objects
[60.017s][info][gc,phases      ] GC(44) Phase 4: Move objects 273.475ms
[60.018s][info][gc,heap        ] GC(44) DefNew: 3993599K(3993600K)->3993590K(3993600K) Eden: 3549888K(3549888K)->3549887K(3549888K) From: 443711K(443712K)->443702K(443712K)
[60.018s][info][gc,heap        ] GC(44) Tenured: 8874687K(8874688K)->8874687K(8874688K)
[60.018s][info][gc,metaspace   ] GC(44) Metaspace: 6302K(6464K)->6302K(6464K) NonClass: 5768K(5824K)->5768K(5824K) Class: 533K(640K)->533K(640K)
[60.018s][info][gc             ] GC(44) Pause Full (Allocation Failure) 12566M->12566M(12566M) 10223.968ms
[60.018s][info][gc,cpu         ] GC(44) User=10.16s Sys=0.00s Real=10.22s
[60.019s][info][gc,start       ] GC(45) Pause Full (Allocation Failure)
[60.019s][info][gc,phases,start] GC(45) Phase 1: Mark live objects
[65.501s][info][gc,phases      ] GC(45) Phase 1: Mark live objects 5482.532ms
[65.501s][info][gc,phases,start] GC(45) Phase 2: Compute new object addresses
[67.183s][info][gc,phases      ] GC(45) Phase 2: Compute new object addresses 1682.159ms
[67.184s][info][gc,phases,start] GC(45) Phase 3: Adjust pointers
[69.896s][info][gc,phases      ] GC(45) Phase 3: Adjust pointers 2712.124ms
[69.896s][info][gc,phases,start] GC(45) Phase 4: Move objects
[71.846s][info][gc,phases      ] GC(45) Phase 4: Move objects 1950.630ms
[71.847s][info][gc,heap        ] GC(45) DefNew: 3993599K(3993600K)->3600383K(3993600K) Eden: 3549888K(3549888K)->3549888K(3549888K) From: 443711K(443712K)->50495K(443712K)
[71.847s][info][gc,heap        ] GC(45) Tenured: 8874687K(8874688K)->8874687K(8874688K)
[71.847s][info][gc,metaspace   ] GC(45) Metaspace: 6302K(6464K)->6302K(6464K) NonClass: 5768K(5824K)->5768K(5824K) Class: 533K(640K)->533K(640K)
[71.847s][info][gc             ] GC(45) Pause Full (Allocation Failure) 12566M->12182M(12566M) 11828.488ms
[71.847s][info][gc,cpu         ] GC(45) User=11.73s Sys=0.00s Real=11.83s
[72.910s][info][gc,start       ] GC(46) Pause Full (Allocation Failure)
[72.910s][info][gc,phases,start] GC(46) Phase 1: Mark live objects
[78.578s][info][gc,phases      ] GC(46) Phase 1: Mark live objects 5668.655ms
[78.578s][info][gc,phases,start] GC(46) Phase 2: Compute new object addresses
[80.290s][info][gc,phases      ] GC(46) Phase 2: Compute new object addresses 1711.364ms
[80.290s][info][gc,phases,start] GC(46) Phase 3: Adjust pointers
[82.616s][info][gc,phases      ] GC(46) Phase 3: Adjust pointers 2326.349ms
[82.616s][info][gc,phases,start] GC(46) Phase 4: Move objects
[82.616s][info][gc,phases      ] GC(46) Phase 4: Move objects 0.017ms
[82.617s][info][gc,heap        ] GC(46) DefNew: 3993599K(3993600K)->3993599K(3993600K) Eden: 3549888K(3549888K)->3549888K(3549888K) From: 443711K(443712K)->443711K(443712K)
[82.617s][info][gc,heap        ] GC(46) Tenured: 8874687K(8874688K)->8874687K(8874688K)
[82.617s][info][gc,metaspace   ] GC(46) Metaspace: 6302K(6464K)->6302K(6464K) NonClass: 5768K(5824K)->5768K(5824K) Class: 533K(640K)->533K(640K)
[82.617s][info][gc             ] GC(46) Pause Full (Allocation Failure) 12566M->12566M(12566M) 9707.401ms
[82.617s][info][gc,cpu         ] GC(46) User=9.66s Sys=0.00s Real=9.71s
[82.617s][info][gc,start       ] GC(47) Pause Full (Allocation Failure)
[82.617s][info][gc,phases,start] GC(47) Phase 1: Mark live objects
[88.275s][info][gc,phases      ] GC(47) Phase 1: Mark live objects 5657.989ms
[88.275s][info][gc,phases,start] GC(47) Phase 2: Compute new object addresses
[89.994s][info][gc,phases      ] GC(47) Phase 2: Compute new object addresses 1719.233ms
[89.994s][info][gc,phases,start] GC(47) Phase 3: Adjust pointers
[92.801s][info][gc,phases      ] GC(47) Phase 3: Adjust pointers 2806.842ms
[92.801s][info][gc,phases,start] GC(47) Phase 4: Move objects
[94.879s][info][gc,phases      ] GC(47) Phase 4: Move objects 2077.175ms
[94.879s][info][gc,heap        ] GC(47) DefNew: 3993599K(3993600K)->3993595K(3993600K) Eden: 3549888K(3549888K)->3549888K(3549888K) From: 443711K(443712K)->443707K(443712K)
[94.879s][info][gc,heap        ] GC(47) Tenured: 8874687K(8874688K)->8874687K(8874688K)
[94.879s][info][gc,metaspace   ] GC(47) Metaspace: 6302K(6464K)->6300K(6464K) NonClass: 5768K(5824K)->5767K(5824K) Class: 533K(640K)->532K(640K)
[94.879s][info][gc             ] GC(47) Pause Full (Allocation Failure) 12566M->12566M(12566M) 12262.277ms
[94.879s][info][gc,cpu         ] GC(47) User=12.22s Sys=0.00s Real=12.26s
[94.880s][info][gc,start       ] GC(48) Pause Full (Allocation Failure)
[94.880s][info][gc,phases,start] GC(48) Phase 1: Mark live objects
[100.523s][info][gc,phases      ] GC(48) Phase 1: Mark live objects 5643.370ms
[100.523s][info][gc,phases,start] GC(48) Phase 2: Compute new object addresses
[102.241s][info][gc,phases      ] GC(48) Phase 2: Compute new object addresses 1717.661ms
[102.241s][info][gc,phases,start] GC(48) Phase 3: Adjust pointers
[104.569s][info][gc,phases      ] GC(48) Phase 3: Adjust pointers 2327.823ms
[104.569s][info][gc,phases,start] GC(48) Phase 4: Move objects
[104.569s][info][gc,phases      ] GC(48) Phase 4: Move objects 0.017ms
[104.569s][info][gc,heap        ] GC(48) DefNew: 3993599K(3993600K)->3993599K(3993600K) Eden: 3549888K(3549888K)->3549888K(3549888K) From: 443711K(443712K)->443711K(443712K)
[104.569s][info][gc,heap        ] GC(48) Tenured: 8874687K(8874688K)->8874687K(8874688K)
[104.569s][info][gc,metaspace   ] GC(48) Metaspace: 6300K(6464K)->6300K(6464K) NonClass: 5767K(5824K)->5767K(5824K) Class: 532K(640K)->532K(640K)
[104.569s][info][gc             ] GC(48) Pause Full (Allocation Failure) 12566M->12566M(12566M) 9689.798ms
[104.569s][info][gc,cpu         ] GC(48) User=9.67s Sys=0.00s Real=9.69s
[104.569s][info][gc,start       ] GC(49) Pause Full (Allocation Failure)
[104.570s][info][gc,phases,start] GC(49) Phase 1: Mark live objects
[110.236s][info][gc,phases      ] GC(49) Phase 1: Mark live objects 5666.746ms
[110.236s][info][gc,phases,start] GC(49) Phase 2: Compute new object addresses
[111.945s][info][gc,phases      ] GC(49) Phase 2: Compute new object addresses 1708.496ms
[111.945s][info][gc,phases,start] GC(49) Phase 3: Adjust pointers
[114.279s][info][gc,phases      ] GC(49) Phase 3: Adjust pointers 2334.173ms
[114.279s][info][gc,phases,start] GC(49) Phase 4: Move objects
[114.279s][info][gc,phases      ] GC(49) Phase 4: Move objects 0.017ms
[114.280s][info][gc,heap        ] GC(49) DefNew: 3993599K(3993600K)->3993599K(3993600K) Eden: 3549888K(3549888K)->3549888K(3549888K) From: 443711K(443712K)->443711K(443712K)
[114.280s][info][gc,heap        ] GC(49) Tenured: 8874687K(8874688K)->8874687K(8874688K)
[114.280s][info][gc,metaspace   ] GC(49) Metaspace: 6300K(6464K)->6300K(6464K) NonClass: 5767K(5824K)->5767K(5824K) Class: 532K(640K)->532K(640K)
[114.280s][info][gc             ] GC(49) Pause Full (Allocation Failure) 12566M->12566M(12566M) 9710.348ms
[114.280s][info][gc,cpu         ] GC(49) User=9.62s Sys=0.00s Real=9.71s
[114.280s][info][gc,start       ] GC(50) Pause Full (Allocation Failure)
[114.280s][info][gc,phases,start] GC(50) Phase 1: Mark live objects
[119.949s][info][gc,phases      ] GC(50) Phase 1: Mark live objects 5668.318ms
[119.949s][info][gc,phases,start] GC(50) Phase 2: Compute new object addresses
[121.666s][info][gc,phases      ] GC(50) Phase 2: Compute new object addresses 1717.334ms
[121.666s][info][gc,phases,start] GC(50) Phase 3: Adjust pointers
[123.968s][info][gc,phases      ] GC(50) Phase 3: Adjust pointers 2302.028ms
[123.968s][info][gc,phases,start] GC(50) Phase 4: Move objects
[123.968s][info][gc,phases      ] GC(50) Phase 4: Move objects 0.017ms
[123.969s][info][gc,heap        ] GC(50) DefNew: 3993599K(3993600K)->3993599K(3993600K) Eden: 3549888K(3549888K)->3549888K(3549888K) From: 443711K(443712K)->443711K(443712K)
[123.969s][info][gc,heap        ] GC(50) Tenured: 8874687K(8874688K)->8874687K(8874688K)
[123.969s][info][gc,metaspace   ] GC(50) Metaspace: 6300K(6464K)->6300K(6464K) NonClass: 5767K(5824K)->5767K(5824K) Class: 532K(640K)->532K(640K)
[123.969s][info][gc             ] GC(50) Pause Full (Allocation Failure) 12566M->12566M(12566M) 9688.634ms
[123.969s][info][gc,cpu         ] GC(50) User=9.66s Sys=0.00s Real=9.69s
[123.969s][info][gc,start       ] GC(51) Pause Full (Allocation Failure)
[123.969s][info][gc,phases,start] GC(51) Phase 1: Mark live objects
[129.618s][info][gc,phases      ] GC(51) Phase 1: Mark live objects 5648.758ms
[129.618s][info][gc,phases,start] GC(51) Phase 2: Compute new object addresses
[131.334s][info][gc,phases      ] GC(51) Phase 2: Compute new object addresses 1716.517ms
[131.334s][info][gc,phases,start] GC(51) Phase 3: Adjust pointers
[134.156s][info][gc,phases      ] GC(51) Phase 3: Adjust pointers 2821.862ms
[134.156s][info][gc,phases,start] GC(51) Phase 4: Move objects
[136.211s][info][gc,phases      ] GC(51) Phase 4: Move objects 2054.249ms
[136.211s][info][gc,heap        ] GC(51) DefNew: 3993599K(3993600K)->3993598K(3993600K) Eden: 3549888K(3549888K)->3549888K(3549888K) From: 443711K(443712K)->443710K(443712K)
[136.211s][info][gc,heap        ] GC(51) Tenured: 8874687K(8874688K)->8874687K(8874688K)
[136.211s][info][gc,metaspace   ] GC(51) Metaspace: 6300K(6464K)->6300K(6464K) NonClass: 5767K(5824K)->5767K(5824K) Class: 532K(640K)->532K(640K)
[136.211s][info][gc             ] GC(51) Pause Full (Allocation Failure) 12566M->12566M(12566M) 12242.428ms
[136.211s][info][gc,cpu         ] GC(51) User=12.17s Sys=0.00s Real=12.24s
[136.213s][info][gc,start       ] GC(52) Pause Full (Allocation Failure)
[136.213s][info][gc,phases,start] GC(52) Phase 1: Mark live objects
[141.879s][info][gc,phases      ] GC(52) Phase 1: Mark live objects 5666.321ms
[141.879s][info][gc,phases,start] GC(52) Phase 2: Compute new object addresses
[143.594s][info][gc,phases      ] GC(52) Phase 2: Compute new object addresses 1715.044ms
[143.594s][info][gc,phases,start] GC(52) Phase 3: Adjust pointers
[145.926s][info][gc,phases      ] GC(52) Phase 3: Adjust pointers 2331.284ms
[145.926s][info][gc,phases,start] GC(52) Phase 4: Move objects
[145.926s][info][gc,phases      ] GC(52) Phase 4: Move objects 0.017ms
[145.926s][info][gc,heap        ] GC(52) DefNew: 3993599K(3993600K)->3993598K(3993600K) Eden: 3549888K(3549888K)->3549888K(3549888K) From: 443711K(443712K)->443710K(443712K)
[145.926s][info][gc,heap        ] GC(52) Tenured: 8874687K(8874688K)->8874687K(8874688K)
[145.926s][info][gc,metaspace   ] GC(52) Metaspace: 6302K(6528K)->6302K(6528K) NonClass: 5768K(5888K)->5768K(5888K) Class: 533K(640K)->533K(640K)
[145.926s][info][gc             ] GC(52) Pause Full (Allocation Failure) 12566M->12566M(12566M) 9713.666ms
[145.926s][info][gc,cpu         ] GC(52) User=9.69s Sys=0.00s Real=9.71s
[145.927s][info][gc,heap,exit   ] Heap
[145.927s][info][gc,heap,exit   ]  def new generation   total 3993600K, used 3993599K [0x00000004d3800000, 0x00000005e2550000, 0x00000005e2550000)
[145.927s][info][gc,heap,exit   ]   eden space 3549888K, 100% used [0x00000004d3800000, 0x00000005ac2b0000, 0x00000005ac2b0000)
[145.927s][info][gc,heap,exit   ]   from space 443712K,  99% used [0x00000005ac2b0000, 0x00000005c73fff60, 0x00000005c7400000)
[145.927s][info][gc,heap,exit   ]   to   space 443712K,   0% used [0x00000005c7400000, 0x00000005c7400000, 0x00000005e2550000)
[145.927s][info][gc,heap,exit   ]  tenured generation   total 8874688K, used 8874687K [0x00000005e2550000, 0x0000000800000000, 0x0000000800000000)
[145.927s][info][gc,heap,exit   ]    the space 8874688K,  99% used [0x00000005e2550000, 0x00000007ffffff78, 0x0000000800000000, 0x0000000800000000)
[145.927s][info][gc,heap,exit   ]  Metaspace       used 6305K, committed 6528K, reserved 1114112K
[145.927s][info][gc,heap,exit   ]   class space    used 534K, committed 640K, reserved 1048576K
