[0.011s][info][gc,init] CardTable entry size: 512
[0.011s][info][gc     ] Using Serial
[0.012s][info][gc,init] Version: 18.0.1+10 (release)
[0.012s][info][gc,init] CPUs: 8 total, 8 available
[0.012s][info][gc,init] Memory: 16063M
[0.012s][info][gc,init] Large Page Support: Disabled
[0.012s][info][gc,init] NUMA Support: Disabled
[0.012s][info][gc,init] Compressed Oops: Enabled (Zero based)
[0.012s][info][gc,init] Heap Min Capacity: 2M
[0.012s][info][gc,init] Heap Initial Capacity: 2M
[0.012s][info][gc,init] Heap Max Capacity: 8600M
[0.012s][info][gc,init] Pre-touch: Disabled
[0.012s][info][gc,metaspace] CDS archive(s) not mapped
[0.012s][info][gc,metaspace] Compressed class space mapped at: 0x0000000800000000-0x0000000840000000, reserved size: 1073741824
[0.012s][info][gc,metaspace] Narrow klass base: 0x0000000800000000, Narrow klass shift: 0, Narrow klass range: 0x40000000
[0.170s][info][gc,start    ] GC(0) Pause Young (Allocation Failure)
[0.171s][info][gc,heap     ] GC(0) DefNew: 1023K(1152K)->127K(1152K) Eden: 1023K(1024K)->0K(1024K) From: 0K(128K)->127K(128K)
[0.171s][info][gc,heap     ] GC(0) Tenured: 0K(768K)->439K(768K)
[0.171s][info][gc,metaspace] GC(0) Metaspace: 5899K(6016K)->5899K(6016K) NonClass: 5399K(5504K)->5399K(5504K) Class: 499K(512K)->499K(512K)
[0.171s][info][gc          ] GC(0) Pause Young (Allocation Failure) 0M->0M(1M) 1.572ms
[0.171s][info][gc,cpu      ] GC(0) User=0.00s Sys=0.00s Real=0.00s
[0.190s][info][gc,start    ] GC(1) Pause Young (Allocation Failure)
[0.191s][info][gc          ] GC(1) Pause Young (Allocation Failure) 1M->0M(2M) 1.221ms
[0.191s][info][gc,cpu      ] GC(1) User=0.00s Sys=0.00s Real=0.00s
[0.191s][info][gc,start    ] GC(2) Pause Full (Allocation Failure)
[0.191s][info][gc,phases,start] GC(2) Phase 1: Mark live objects
[0.192s][info][gc,phases      ] GC(2) Phase 1: Mark live objects 0.963ms
[0.192s][info][gc,phases,start] GC(2) Phase 2: Compute new object addresses
[0.192s][info][gc,phases      ] GC(2) Phase 2: Compute new object addresses 0.228ms
[0.193s][info][gc,phases,start] GC(2) Phase 3: Adjust pointers
[0.193s][info][gc,phases      ] GC(2) Phase 3: Adjust pointers 0.498ms
[0.193s][info][gc,phases,start] GC(2) Phase 4: Move objects
[0.193s][info][gc,phases      ] GC(2) Phase 4: Move objects 0.066ms
[0.193s][info][gc,heap        ] GC(2) DefNew: 1151K(1152K)->40K(1152K) Eden: 1024K(1024K)->40K(1024K) From: 127K(128K)->0K(128K)
[0.193s][info][gc,heap        ] GC(2) Tenured: 439K(768K)->959K(1600K)
[0.193s][info][gc,metaspace   ] GC(2) Metaspace: 6296K(6464K)->6296K(6464K) NonClass: 5762K(5824K)->5762K(5824K) Class: 533K(640K)->533K(640K)
[0.193s][info][gc             ] GC(2) Pause Full (Allocation Failure) 0M->0M(2M) 2.064ms
[0.193s][info][gc,cpu         ] GC(2) User=0.00s Sys=0.00s Real=0.00s
[0.195s][info][gc,start       ] GC(3) Pause Young (Allocation Failure)
[0.196s][info][gc,heap        ] GC(3) DefNew: 1024K(1152K)->128K(1152K) Eden: 1024K(1024K)->0K(1024K) From: 0K(128K)->128K(128K)
[0.196s][info][gc,heap        ] GC(3) Tenured: 959K(1600K)->1375K(1600K)
[0.196s][info][gc,metaspace   ] GC(3) Metaspace: 6296K(6464K)->6296K(6464K) NonClass: 5762K(5824K)->5762K(5824K) Class: 533K(640K)->533K(640K)
[0.196s][info][gc             ] GC(3) Pause Young (Allocation Failure) 1M->1M(2M) 1.610ms
[0.196s][info][gc,cpu         ] GC(3) User=0.00s Sys=0.00s Real=0.00s
[0.198s][info][gc,start       ] GC(4) Pause Young (Allocation Failure)
[0.199s][info][gc             ] GC(4) Pause Young (Allocation Failure) 2M->1M(3M) 1.346ms
[0.199s][info][gc,cpu         ] GC(4) User=0.00s Sys=0.00s Real=0.00s
[0.199s][info][gc,start       ] GC(5) Pause Full (Allocation Failure)
[0.199s][info][gc,phases,start] GC(5) Phase 1: Mark live objects
[0.201s][info][gc,phases      ] GC(5) Phase 1: Mark live objects 1.749ms
[0.201s][info][gc,phases,start] GC(5) Phase 2: Compute new object addresses
[0.201s][info][gc,phases      ] GC(5) Phase 2: Compute new object addresses 0.478ms
[0.201s][info][gc,phases,start] GC(5) Phase 3: Adjust pointers
[0.202s][info][gc,phases      ] GC(5) Phase 3: Adjust pointers 0.804ms
[0.202s][info][gc,phases,start] GC(5) Phase 4: Move objects
[0.202s][info][gc,phases      ] GC(5) Phase 4: Move objects 0.073ms
[0.203s][info][gc,heap        ] GC(5) DefNew: 1152K(1152K)->35K(1536K) Eden: 1024K(1024K)->35K(1408K) From: 128K(128K)->0K(128K)
[0.203s][info][gc,heap        ] GC(5) Tenured: 1375K(1600K)->1983K(3308K)
[0.203s][info][gc,metaspace   ] GC(5) Metaspace: 6296K(6464K)->6296K(6464K) NonClass: 5762K(5824K)->5762K(5824K) Class: 533K(640K)->533K(640K)
[0.203s][info][gc             ] GC(5) Pause Full (Allocation Failure) 1M->1M(4M) 3.498ms
[0.203s][info][gc,cpu         ] GC(5) User=0.00s Sys=0.00s Real=0.00s
[0.204s][info][gc,start       ] GC(6) Pause Young (Allocation Failure)
[0.206s][info][gc,heap        ] GC(6) DefNew: 1407K(1536K)->127K(1536K) Eden: 1407K(1408K)->0K(1408K) From: 0K(128K)->127K(128K)
[0.206s][info][gc,heap        ] GC(6) Tenured: 1983K(3308K)->2617K(3308K)
[0.206s][info][gc,metaspace   ] GC(6) Metaspace: 6296K(6464K)->6296K(6464K) NonClass: 5762K(5824K)->5762K(5824K) Class: 533K(640K)->533K(640K)
[0.206s][info][gc             ] GC(6) Pause Young (Allocation Failure) 3M->2M(4M) 1.818ms
[0.206s][info][gc,cpu         ] GC(6) User=0.00s Sys=0.00s Real=0.00s
[0.208s][info][gc,start       ] GC(7) Pause Young (Allocation Failure)
[0.209s][info][gc             ] GC(7) Pause Young (Allocation Failure) 4M->3M(4M) 1.652ms
[0.209s][info][gc,cpu         ] GC(7) User=0.00s Sys=0.00s Real=0.00s
[0.209s][info][gc,start       ] GC(8) Pause Full (Allocation Failure)
[0.209s][info][gc,phases,start] GC(8) Phase 1: Mark live objects
[0.211s][info][gc,phases      ] GC(8) Phase 1: Mark live objects 2.069ms
[0.211s][info][gc,phases,start] GC(8) Phase 2: Compute new object addresses
[0.212s][info][gc,phases      ] GC(8) Phase 2: Compute new object addresses 0.589ms
[0.212s][info][gc,phases,start] GC(8) Phase 3: Adjust pointers
[0.213s][info][gc,phases      ] GC(8) Phase 3: Adjust pointers 0.980ms
[0.213s][info][gc,phases,start] GC(8) Phase 4: Move objects
[0.213s][info][gc,phases      ] GC(8) Phase 4: Move objects 0.071ms
[0.213s][info][gc,heap        ] GC(8) DefNew: 1535K(1536K)->0K(2688K) Eden: 1408K(1408K)->0K(2432K) From: 127K(128K)->0K(256K)
[0.213s][info][gc,heap        ] GC(8) Tenured: 2617K(3308K)->3460K(5768K)
[0.213s][info][gc,metaspace   ] GC(8) Metaspace: 6296K(6464K)->6296K(6464K) NonClass: 5762K(5824K)->5762K(5824K) Class: 533K(640K)->533K(640K)
[0.213s][info][gc             ] GC(8) Pause Full (Allocation Failure) 3M->3M(8M) 4.001ms
[0.213s][info][gc,cpu         ] GC(8) User=0.00s Sys=0.00s Real=0.00s
[0.217s][info][gc,start       ] GC(9) Pause Young (Allocation Failure)
[0.220s][info][gc,heap        ] GC(9) DefNew: 2431K(2688K)->256K(2688K) Eden: 2431K(2432K)->0K(2432K) From: 0K(256K)->256K(256K)
[0.220s][info][gc,heap        ] GC(9) Tenured: 3460K(5768K)->4512K(5768K)
[0.220s][info][gc,metaspace   ] GC(9) Metaspace: 6296K(6464K)->6296K(6464K) NonClass: 5762K(5824K)->5762K(5824K) Class: 533K(640K)->533K(640K)
[0.220s][info][gc             ] GC(9) Pause Young (Allocation Failure) 5M->4M(8M) 2.787ms
[0.220s][info][gc,cpu         ] GC(9) User=0.00s Sys=0.00s Real=0.00s
[0.223s][info][gc,start       ] GC(10) Pause Young (Allocation Failure)
[0.226s][info][gc,heap        ] GC(10) DefNew: 2688K(2688K)->256K(2688K) Eden: 2432K(2432K)->0K(2432K) From: 256K(256K)->256K(256K)
[0.226s][info][gc,heap        ] GC(10) Tenured: 4512K(5768K)->5755K(5768K)
[0.226s][info][gc,metaspace   ] GC(10) Metaspace: 6296K(6464K)->6296K(6464K) NonClass: 5762K(5824K)->5762K(5824K) Class: 533K(640K)->533K(640K)
[0.226s][info][gc             ] GC(10) Pause Young (Allocation Failure) 7M->5M(8M) 3.529ms
[0.226s][info][gc,cpu         ] GC(10) User=0.00s Sys=0.00s Real=0.00s
[0.230s][info][gc,start       ] GC(11) Pause Young (Allocation Failure)
[0.234s][info][gc             ] GC(11) Pause Young (Allocation Failure) 8M->7M(9M) 3.855ms
[0.234s][info][gc,cpu         ] GC(11) User=0.00s Sys=0.00s Real=0.00s
[0.234s][info][gc,start       ] GC(12) Pause Full (Allocation Failure)
[0.234s][info][gc,phases,start] GC(12) Phase 1: Mark live objects
[0.238s][info][gc,phases      ] GC(12) Phase 1: Mark live objects 4.392ms
[0.239s][info][gc,phases,start] GC(12) Phase 2: Compute new object addresses
[0.240s][info][gc,phases      ] GC(12) Phase 2: Compute new object addresses 1.305ms
[0.240s][info][gc,phases,start] GC(12) Phase 3: Adjust pointers
[0.242s][info][gc,phases      ] GC(12) Phase 3: Adjust pointers 1.812ms
[0.242s][info][gc,phases,start] GC(12) Phase 4: Move objects
[0.243s][info][gc,phases      ] GC(12) Phase 4: Move objects 1.249ms
[0.243s][info][gc,heap        ] GC(12) DefNew: 2688K(2688K)->0K(5376K) Eden: 2432K(2432K)->0K(4800K) From: 256K(256K)->0K(576K)
[0.243s][info][gc,heap        ] GC(12) Tenured: 5755K(5768K)->7132K(11888K)
[0.243s][info][gc,metaspace   ] GC(12) Metaspace: 6296K(6464K)->6296K(6464K) NonClass: 5762K(5824K)->5762K(5824K) Class: 533K(640K)->533K(640K)
[0.243s][info][gc             ] GC(12) Pause Full (Allocation Failure) 7M->6M(16M) 9.294ms
[0.243s][info][gc,cpu         ] GC(12) User=0.02s Sys=0.00s Real=0.01s
[0.248s][info][gc,start       ] GC(13) Pause Young (Allocation Failure)
[0.254s][info][gc,heap        ] GC(13) DefNew: 4800K(5376K)->575K(5376K) Eden: 4800K(4800K)->0K(4800K) From: 0K(576K)->575K(576K)
[0.254s][info][gc,heap        ] GC(13) Tenured: 7132K(11888K)->9027K(11888K)
[0.254s][info][gc,metaspace   ] GC(13) Metaspace: 6296K(6464K)->6296K(6464K) NonClass: 5762K(5824K)->5762K(5824K) Class: 533K(640K)->533K(640K)
[0.254s][info][gc             ] GC(13) Pause Young (Allocation Failure) 11M->9M(16M) 5.340ms
[0.254s][info][gc,cpu         ] GC(13) User=0.00s Sys=0.00s Real=0.01s
[0.259s][info][gc,start       ] GC(14) Pause Young (Allocation Failure)
[0.265s][info][gc,heap        ] GC(14) DefNew: 5375K(5376K)->576K(5376K) Eden: 4800K(4800K)->0K(4800K) From: 575K(576K)->576K(576K)
[0.265s][info][gc,heap        ] GC(14) Tenured: 9027K(11888K)->11746K(11888K)
[0.265s][info][gc,metaspace   ] GC(14) Metaspace: 6296K(6464K)->6296K(6464K) NonClass: 5762K(5824K)->5762K(5824K) Class: 533K(640K)->533K(640K)
[0.265s][info][gc             ] GC(14) Pause Young (Allocation Failure) 14M->12M(16M) 5.898ms
[0.265s][info][gc,cpu         ] GC(14) User=0.00s Sys=0.00s Real=0.01s
[0.268s][info][gc,start       ] GC(15) Pause Young (Allocation Failure)
[0.274s][info][gc             ] GC(15) Pause Young (Allocation Failure) 16M->14M(19M) 5.599ms
[0.274s][info][gc,cpu         ] GC(15) User=0.00s Sys=0.00s Real=0.01s
[0.274s][info][gc,start       ] GC(16) Pause Full (Allocation Failure)
[0.274s][info][gc,phases,start] GC(16) Phase 1: Mark live objects
[0.281s][info][gc,phases      ] GC(16) Phase 1: Mark live objects 7.460ms
[0.282s][info][gc,phases,start] GC(16) Phase 2: Compute new object addresses
[0.284s][info][gc,phases      ] GC(16) Phase 2: Compute new object addresses 2.328ms
[0.284s][info][gc,phases,start] GC(16) Phase 3: Adjust pointers
[0.287s][info][gc,phases      ] GC(16) Phase 3: Adjust pointers 2.877ms
[0.287s][info][gc,phases,start] GC(16) Phase 4: Move objects
[0.287s][info][gc,phases      ] GC(16) Phase 4: Move objects 0.176ms
[0.287s][info][gc,heap        ] GC(16) DefNew: 5376K(5376K)->386K(10880K) Eden: 4800K(4800K)->386K(9728K) From: 576K(576K)->0K(1152K)
[0.287s][info][gc,heap        ] GC(16) Tenured: 11746K(11888K)->14384K(23976K)
[0.287s][info][gc,metaspace   ] GC(16) Metaspace: 6298K(6464K)->6298K(6464K) NonClass: 5764K(5824K)->5764K(5824K) Class: 533K(640K)->533K(640K)
[0.287s][info][gc             ] GC(16) Pause Full (Allocation Failure) 14M->14M(34M) 13.183ms
[0.287s][info][gc,cpu         ] GC(16) User=0.02s Sys=0.00s Real=0.01s
[0.294s][info][gc,start       ] GC(17) Pause Young (Allocation Failure)
[0.307s][info][gc,heap        ] GC(17) DefNew: 9728K(10880K)->1151K(10880K) Eden: 9728K(9728K)->0K(9728K) From: 0K(1152K)->1151K(1152K)
[0.307s][info][gc,heap        ] GC(17) Tenured: 14384K(23976K)->18415K(23976K)
[0.307s][info][gc,metaspace   ] GC(17) Metaspace: 6298K(6464K)->6298K(6464K) NonClass: 5764K(5824K)->5764K(5824K) Class: 533K(640K)->533K(640K)
[0.307s][info][gc             ] GC(17) Pause Young (Allocation Failure) 23M->19M(34M) 12.400ms
[0.307s][info][gc,cpu         ] GC(17) User=0.00s Sys=0.00s Real=0.01s
[0.314s][info][gc,start       ] GC(18) Pause Young (Allocation Failure)
[0.326s][info][gc,heap        ] GC(18) DefNew: 10879K(10880K)->1151K(10880K) Eden: 9728K(9728K)->0K(9728K) From: 1151K(1152K)->1151K(1152K)
[0.326s][info][gc,heap        ] GC(18) Tenured: 18415K(23976K)->23936K(23976K)
[0.326s][info][gc,metaspace   ] GC(18) Metaspace: 6298K(6464K)->6298K(6464K) NonClass: 5764K(5824K)->5764K(5824K) Class: 533K(640K)->533K(640K)
[0.326s][info][gc             ] GC(18) Pause Young (Allocation Failure) 28M->24M(34M) 12.249ms
[0.326s][info][gc,cpu         ] GC(18) User=0.00s Sys=0.00s Real=0.01s
[0.331s][info][gc,start       ] GC(19) Pause Young (Allocation Failure)
[0.342s][info][gc             ] GC(19) Pause Young (Allocation Failure) 34M->29M(38M) 10.801ms
[0.342s][info][gc,cpu         ] GC(19) User=0.00s Sys=0.00s Real=0.01s
[0.342s][info][gc,start       ] GC(20) Pause Full (Allocation Failure)
[0.342s][info][gc,phases,start] GC(20) Phase 1: Mark live objects
[0.356s][info][gc,phases      ] GC(20) Phase 1: Mark live objects 14.136ms
[0.357s][info][gc,phases,start] GC(20) Phase 2: Compute new object addresses
[0.361s][info][gc,phases      ] GC(20) Phase 2: Compute new object addresses 4.863ms
[0.361s][info][gc,phases,start] GC(20) Phase 3: Adjust pointers
[0.367s][info][gc,phases      ] GC(20) Phase 3: Adjust pointers 5.490ms
[0.367s][info][gc,phases,start] GC(20) Phase 4: Move objects
[0.367s][info][gc,phases      ] GC(20) Phase 4: Move objects 0.187ms
[0.367s][info][gc,heap        ] GC(20) DefNew: 10879K(10880K)->1080K(21888K) Eden: 9728K(9728K)->1080K(19520K) From: 1151K(1152K)->0K(2368K)
[0.367s][info][gc,heap        ] GC(20) Tenured: 23936K(23976K)->29036K(48396K)
[0.367s][info][gc,metaspace   ] GC(20) Metaspace: 6298K(6464K)->6298K(6464K) NonClass: 5764K(5824K)->5764K(5824K) Class: 533K(640K)->533K(640K)
[0.367s][info][gc             ] GC(20) Pause Full (Allocation Failure) 29M->29M(68M) 25.078ms
[0.367s][info][gc,cpu         ] GC(20) User=0.03s Sys=0.00s Real=0.02s
[0.382s][info][gc,start       ] GC(21) Pause Young (Allocation Failure)
[0.410s][info][gc,heap        ] GC(21) DefNew: 19520K(21888K)->2367K(21888K) Eden: 19520K(19520K)->0K(19520K) From: 0K(2368K)->2367K(2368K)
[0.410s][info][gc,heap        ] GC(21) Tenured: 29036K(48396K)->39353K(48396K)
[0.410s][info][gc,metaspace   ] GC(21) Metaspace: 6298K(6464K)->6298K(6464K) NonClass: 5764K(5824K)->5764K(5824K) Class: 533K(640K)->533K(640K)
[0.410s][info][gc             ] GC(21) Pause Young (Allocation Failure) 47M->40M(68M) 27.858ms
[0.410s][info][gc,cpu         ] GC(21) User=0.02s Sys=0.00s Real=0.03s
[0.428s][info][gc,start       ] GC(22) Pause Young (Allocation Failure)
[0.465s][info][gc             ] GC(22) Pause Young (Allocation Failure) 59M->59M(78M) 37.286ms
[0.465s][info][gc,cpu         ] GC(22) User=0.03s Sys=0.00s Real=0.04s
[0.465s][info][gc,start       ] GC(23) Pause Full (Allocation Failure)
[0.465s][info][gc,phases,start] GC(23) Phase 1: Mark live objects
[0.492s][info][gc,phases      ] GC(23) Phase 1: Mark live objects 26.185ms
[0.492s][info][gc,phases,start] GC(23) Phase 2: Compute new object addresses
[0.501s][info][gc,phases      ] GC(23) Phase 2: Compute new object addresses 9.614ms
[0.501s][info][gc,phases,start] GC(23) Phase 3: Adjust pointers
[0.512s][info][gc,phases      ] GC(23) Phase 3: Adjust pointers 10.640ms
[0.512s][info][gc,phases,start] GC(23) Phase 4: Move objects
[0.512s][info][gc,phases      ] GC(23) Phase 4: Move objects 0.337ms
[0.513s][info][gc,heap        ] GC(23) DefNew: 21887K(21888K)->2253K(44288K) Eden: 19520K(19520K)->2253K(39424K) From: 2367K(2368K)->0K(4864K)
[0.513s][info][gc,heap        ] GC(23) Tenured: 39353K(48396K)->58956K(98260K)
[0.513s][info][gc,metaspace   ] GC(23) Metaspace: 6298K(6464K)->6298K(6464K) NonClass: 5764K(5824K)->5764K(5824K) Class: 533K(640K)->533K(640K)
[0.513s][info][gc             ] GC(23) Pause Full (Allocation Failure) 59M->59M(139M) 47.383ms
[0.513s][info][gc,cpu         ] GC(23) User=0.05s Sys=0.00s Real=0.05s
[0.554s][info][gc,start       ] GC(24) Pause Young (Allocation Failure)
[0.616s][info][gc,heap        ] GC(24) DefNew: 39424K(44288K)->4863K(44288K) Eden: 39424K(39424K)->0K(39424K) From: 0K(4864K)->4863K(4864K)
[0.616s][info][gc,heap        ] GC(24) Tenured: 58956K(98260K)->93487K(98260K)
[0.616s][info][gc,metaspace   ] GC(24) Metaspace: 6298K(6464K)->6298K(6464K) NonClass: 5764K(5824K)->5764K(5824K) Class: 533K(640K)->533K(640K)
[0.616s][info][gc             ] GC(24) Pause Young (Allocation Failure) 96M->96M(139M) 61.791ms
[0.616s][info][gc,cpu         ] GC(24) User=0.02s Sys=0.03s Real=0.06s
[0.649s][info][gc,start       ] GC(25) Pause Young (Allocation Failure)
[0.718s][info][gc             ] GC(25) Pause Young (Allocation Failure) 134M->134M(173M) 69.120ms
[0.718s][info][gc,cpu         ] GC(25) User=0.05s Sys=0.02s Real=0.07s
[0.718s][info][gc,start       ] GC(26) Pause Full (Allocation Failure)
[0.718s][info][gc,phases,start] GC(26) Phase 1: Mark live objects
[0.772s][info][gc,phases      ] GC(26) Phase 1: Mark live objects 53.649ms
[0.772s][info][gc,phases,start] GC(26) Phase 2: Compute new object addresses
[0.794s][info][gc,phases      ] GC(26) Phase 2: Compute new object addresses 21.748ms
[0.794s][info][gc,phases,start] GC(26) Phase 3: Adjust pointers
[0.823s][info][gc,phases      ] GC(26) Phase 3: Adjust pointers 29.010ms
[0.823s][info][gc,phases,start] GC(26) Phase 4: Move objects
[0.847s][info][gc,phases      ] GC(26) Phase 4: Move objects 24.668ms
[0.848s][info][gc,heap        ] GC(26) DefNew: 44287K(44288K)->1014K(99712K) Eden: 39424K(39424K)->1014K(88640K) From: 4863K(4864K)->0K(11072K)
[0.848s][info][gc,heap        ] GC(26) Tenured: 93487K(98260K)->132887K(221480K)
[0.848s][info][gc,metaspace   ] GC(26) Metaspace: 6298K(6464K)->6298K(6464K) NonClass: 5764K(5824K)->5764K(5824K) Class: 533K(640K)->533K(640K)
[0.848s][info][gc             ] GC(26) Pause Full (Allocation Failure) 134M->130M(313M) 129.924ms
[0.848s][info][gc,cpu         ] GC(26) User=0.12s Sys=0.00s Real=0.13s
[0.951s][info][gc,start       ] GC(27) Pause Young (Allocation Failure)
[1.154s][info][gc,heap        ] GC(27) DefNew: 88640K(99712K)->11071K(99712K) Eden: 88640K(88640K)->0K(88640K) From: 0K(11072K)->11071K(11072K)
[1.155s][info][gc,heap        ] GC(27) Tenured: 132887K(221480K)->210424K(221480K)
[1.155s][info][gc,metaspace   ] GC(27) Metaspace: 6298K(6464K)->6298K(6464K) NonClass: 5764K(5824K)->5764K(5824K) Class: 533K(640K)->533K(640K)
[1.155s][info][gc             ] GC(27) Pause Young (Allocation Failure) 216M->216M(313M) 203.553ms
[1.155s][info][gc,cpu         ] GC(27) User=0.16s Sys=0.02s Real=0.20s
[1.248s][info][gc,start       ] GC(28) Pause Young (Allocation Failure)
[1.428s][info][gc             ] GC(28) Pause Young (Allocation Failure) 302M->302M(389M) 179.663ms
[1.428s][info][gc,cpu         ] GC(28) User=0.12s Sys=0.03s Real=0.18s
[1.428s][info][gc,start       ] GC(29) Pause Full (Allocation Failure)
[1.428s][info][gc,phases,start] GC(29) Phase 1: Mark live objects
[1.622s][info][gc,phases      ] GC(29) Phase 1: Mark live objects 194.062ms
[1.622s][info][gc,phases,start] GC(29) Phase 2: Compute new object addresses
[1.685s][info][gc,phases      ] GC(29) Phase 2: Compute new object addresses 62.540ms
[1.685s][info][gc,phases,start] GC(29) Phase 3: Adjust pointers
[1.744s][info][gc,phases      ] GC(29) Phase 3: Adjust pointers 58.903ms
[1.744s][info][gc,phases,start] GC(29) Phase 4: Move objects
[1.746s][info][gc,phases      ] GC(29) Phase 4: Move objects 2.521ms
[1.747s][info][gc,heap        ] GC(29) DefNew: 99711K(99712K)->10926K(224448K) Eden: 88640K(88640K)->10926K(199552K) From: 11071K(11072K)->0K(24896K)
[1.747s][info][gc,heap        ] GC(29) Tenured: 210424K(221480K)->299179K(498636K)
[1.747s][info][gc,metaspace   ] GC(29) Metaspace: 6298K(6464K)->6298K(6464K) NonClass: 5764K(5824K)->5764K(5824K) Class: 533K(640K)->533K(640K)
[1.747s][info][gc             ] GC(29) Pause Full (Allocation Failure) 302M->302M(706M) 319.375ms
[1.747s][info][gc,cpu         ] GC(29) User=0.25s Sys=0.00s Real=0.32s
[1.984s][info][gc,start       ] GC(30) Pause Young (Allocation Failure)
[2.396s][info][gc,heap        ] GC(30) DefNew: 199552K(224448K)->24895K(224448K) Eden: 199552K(199552K)->0K(199552K) From: 0K(24896K)->24895K(24896K)
[2.396s][info][gc,heap        ] GC(30) Tenured: 299179K(498636K)->473807K(498636K)
[2.396s][info][gc,metaspace   ] GC(30) Metaspace: 6298K(6464K)->6298K(6464K) NonClass: 5764K(5824K)->5764K(5824K) Class: 533K(640K)->533K(640K)
[2.396s][info][gc             ] GC(30) Pause Young (Allocation Failure) 487M->487M(706M) 412.116ms
[2.396s][info][gc,cpu         ] GC(30) User=0.30s Sys=0.03s Real=0.41s
[2.621s][info][gc,start       ] GC(31) Pause Young (Allocation Failure)
[3.023s][info][gc             ] GC(31) Pause Young (Allocation Failure) 681M->681M(876M) 401.995ms
[3.024s][info][gc,cpu         ] GC(31) User=0.36s Sys=0.03s Real=0.40s
[3.024s][info][gc,start       ] GC(32) Pause Full (Allocation Failure)
[3.024s][info][gc,phases,start] GC(32) Phase 1: Mark live objects
[3.336s][info][gc,phases      ] GC(32) Phase 1: Mark live objects 312.225ms
[3.336s][info][gc,phases,start] GC(32) Phase 2: Compute new object addresses
[3.441s][info][gc,phases      ] GC(32) Phase 2: Compute new object addresses 104.888ms
[3.441s][info][gc,phases,start] GC(32) Phase 3: Adjust pointers
[3.556s][info][gc,phases      ] GC(32) Phase 3: Adjust pointers 115.427ms
[3.556s][info][gc,phases,start] GC(32) Phase 4: Move objects
[3.561s][info][gc,phases      ] GC(32) Phase 4: Move objects 5.059ms
[3.563s][info][gc,heap        ] GC(32) DefNew: 224447K(224448K)->24801K(505152K) Eden: 199552K(199552K)->24801K(449088K) From: 24895K(24896K)->0K(56064K)
[3.563s][info][gc,heap        ] GC(32) Tenured: 473807K(498636K)->673423K(1122376K)
[3.563s][info][gc,metaspace   ] GC(32) Metaspace: 6298K(6464K)->6298K(6464K) NonClass: 5764K(5824K)->5764K(5824K) Class: 533K(640K)->533K(640K)
[3.563s][info][gc             ] GC(32) Pause Full (Allocation Failure) 681M->681M(1589M) 539.788ms
[3.563s][info][gc,cpu         ] GC(32) User=0.53s Sys=0.02s Real=0.54s
[4.037s][info][gc,start       ] GC(33) Pause Young (Allocation Failure)
[4.813s][info][gc,heap        ] GC(33) DefNew: 449088K(505152K)->56063K(505152K) Eden: 449088K(449088K)->0K(449088K) From: 0K(56064K)->56063K(56064K)
[4.813s][info][gc,heap        ] GC(33) Tenured: 673423K(1122376K)->1066421K(1122376K)
[4.813s][info][gc,metaspace   ] GC(33) Metaspace: 6298K(6464K)->6298K(6464K) NonClass: 5764K(5824K)->5764K(5824K) Class: 533K(640K)->533K(640K)
[4.814s][info][gc             ] GC(33) Pause Young (Allocation Failure) 1096M->1096M(1589M) 776.419ms
[4.814s][info][gc,cpu         ] GC(33) User=0.70s Sys=0.08s Real=0.78s
[5.281s][info][gc,start       ] GC(34) Pause Young (Allocation Failure)
[6.019s][info][gc             ] GC(34) Pause Young (Allocation Failure) 1534M->1479M(1918M) 737.793ms
[6.019s][info][gc,cpu         ] GC(34) User=0.66s Sys=0.08s Real=0.74s
[6.019s][info][gc,start       ] GC(35) Pause Full (Allocation Failure)
[6.019s][info][gc,phases,start] GC(35) Phase 1: Mark live objects
[6.702s][info][gc,phases      ] GC(35) Phase 1: Mark live objects 682.779ms
[6.702s][info][gc,phases,start] GC(35) Phase 2: Compute new object addresses
[6.937s][info][gc,phases      ] GC(35) Phase 2: Compute new object addresses 235.560ms
[6.937s][info][gc,phases,start] GC(35) Phase 3: Adjust pointers
[7.213s][info][gc,phases      ] GC(35) Phase 3: Adjust pointers 275.439ms
[7.213s][info][gc,phases,start] GC(35) Phase 4: Move objects
[7.224s][info][gc,phases      ] GC(35) Phase 4: Move objects 11.543ms
[7.228s][info][gc,heap        ] GC(35) DefNew: 505151K(505152K)->55886K(1094784K) Eden: 449088K(449088K)->55886K(973184K) From: 56063K(56064K)->0K(121600K)
[7.228s][info][gc,heap        ] GC(35) Tenured: 1066421K(1122376K)->1459595K(2432660K)
[7.229s][info][gc,metaspace   ] GC(35) Metaspace: 6298K(6464K)->6298K(6464K) NonClass: 5764K(5824K)->5764K(5824K) Class: 533K(640K)->533K(640K)
[7.229s][info][gc             ] GC(35) Pause Full (Allocation Failure) 1479M->1479M(3444M) 1209.682ms
[7.229s][info][gc,cpu         ] GC(35) User=1.17s Sys=0.00s Real=1.21s
[8.215s][info][gc,start       ] GC(36) Pause Young (Allocation Failure)
[9.994s][info][gc,heap        ] GC(36) DefNew: 973184K(1094784K)->121600K(1094784K) Eden: 973184K(973184K)->0K(973184K) From: 0K(121600K)->121600K(121600K)
[9.994s][info][gc,heap        ] GC(36) Tenured: 1459595K(2432660K)->2311150K(2432660K)
[9.994s][info][gc,metaspace   ] GC(36) Metaspace: 6298K(6464K)->6298K(6464K) NonClass: 5764K(5824K)->5764K(5824K) Class: 533K(640K)->533K(640K)
[9.994s][info][gc             ] GC(36) Pause Young (Allocation Failure) 2375M->2375M(3444M) 1778.453ms
[9.994s][info][gc,cpu         ] GC(36) User=1.48s Sys=0.22s Real=1.78s
[11.011s][info][gc,start       ] GC(37) Pause Young (Allocation Failure)
[12.757s][info][gc             ] GC(37) Pause Young (Allocation Failure) 3326M->3326M(4276M) 1746.098ms
[12.757s][info][gc,cpu         ] GC(37) User=1.36s Sys=0.38s Real=1.75s
[12.757s][info][gc,start       ] GC(38) Pause Full (Allocation Failure)
[12.757s][info][gc,phases,start] GC(38) Phase 1: Mark live objects
[14.269s][info][gc,phases      ] GC(38) Phase 1: Mark live objects 1512.175ms
[14.270s][info][gc,phases,start] GC(38) Phase 2: Compute new object addresses
[14.780s][info][gc,phases      ] GC(38) Phase 2: Compute new object addresses 510.551ms
[14.780s][info][gc,phases,start] GC(38) Phase 3: Adjust pointers
[15.455s][info][gc,phases      ] GC(38) Phase 3: Adjust pointers 674.880ms
[15.455s][info][gc,phases,start] GC(38) Phase 4: Move objects
[16.082s][info][gc,phases      ] GC(38) Phase 4: Move objects 626.746ms
[16.091s][info][gc,heap        ] GC(38) DefNew: 1094784K(1094784K)->27387K(2463296K) Eden: 973184K(973184K)->27387K(2189632K) From: 121600K(121600K)->0K(273664K)
[16.091s][info][gc,heap        ] GC(38) Tenured: 2311150K(2432660K)->3284311K(5473856K)
[16.091s][info][gc,metaspace   ] GC(38) Metaspace: 6298K(6464K)->6298K(6464K) NonClass: 5764K(5824K)->5764K(5824K) Class: 533K(640K)->533K(640K)
[16.091s][info][gc             ] GC(38) Pause Full (Allocation Failure) 3326M->3234M(7751M) 3333.935ms
[16.091s][info][gc,cpu         ] GC(38) User=3.33s Sys=0.00s Real=3.33s
[18.362s][info][gc,start       ] GC(39) Pause Young (Allocation Failure)
[22.141s][info][gc,heap        ] GC(39) DefNew: 2189632K(2463296K)->273664K(2463296K) Eden: 2189632K(2189632K)->0K(2189632K) From: 0K(273664K)->273664K(273664K)
[22.141s][info][gc,heap        ] GC(39) Tenured: 3284311K(5473856K)->5200251K(5473856K)
[22.141s][info][gc,metaspace   ] GC(39) Metaspace: 6298K(6464K)->6298K(6464K) NonClass: 5764K(5824K)->5764K(5824K) Class: 533K(640K)->533K(640K)
[22.141s][info][gc             ] GC(39) Pause Young (Allocation Failure) 5345M->5345M(7751M) 3778.427ms
[22.141s][info][gc,cpu         ] GC(39) User=3.31s Sys=0.42s Real=3.78s
[24.253s][info][gc,start       ] GC(40) Pause Young (Allocation Failure)
[24.254s][info][gc             ] GC(40) Pause Young (Allocation Failure) 7483M->7483M(7751M) 0.132ms
[24.254s][info][gc,cpu         ] GC(40) User=0.00s Sys=0.00s Real=0.00s
[24.254s][info][gc,start       ] GC(41) Pause Full (Allocation Failure)
[24.254s][info][gc,phases,start] GC(41) Phase 1: Mark live objects
[27.795s][info][gc,phases      ] GC(41) Phase 1: Mark live objects 3541.418ms
[27.795s][info][gc,phases,start] GC(41) Phase 2: Compute new object addresses
[28.872s][info][gc,phases      ] GC(41) Phase 2: Compute new object addresses 1076.743ms
[28.872s][info][gc,phases,start] GC(41) Phase 3: Adjust pointers
[30.375s][info][gc,phases      ] GC(41) Phase 3: Adjust pointers 1502.901ms
[30.375s][info][gc,phases,start] GC(41) Phase 4: Move objects
[30.870s][info][gc,phases      ] GC(41) Phase 4: Move objects 495.221ms
[30.872s][info][gc,heap        ] GC(41) DefNew: 2463296K(2463296K)->2189664K(2463296K) Eden: 2189632K(2189632K)->2189631K(2189632K) From: 273664K(273664K)->32K(273664K)
[30.872s][info][gc,heap        ] GC(41) Tenured: 5200251K(5473856K)->5473855K(5870976K)
[30.872s][info][gc,metaspace   ] GC(41) Metaspace: 6298K(6464K)->6298K(6464K) NonClass: 5764K(5824K)->5764K(5824K) Class: 533K(640K)->533K(640K)
[30.872s][info][gc             ] GC(41) Pause Full (Allocation Failure) 7483M->7483M(8138M) 6618.012ms
[30.872s][info][gc,cpu         ] GC(41) User=6.52s Sys=0.08s Real=6.62s
[33.000s][info][gc,start       ] GC(42) Pause Full (Allocation Failure)
[33.000s][info][gc,phases,start] GC(42) Phase 1: Mark live objects
[36.729s][info][gc,phases      ] GC(42) Phase 1: Mark live objects 3728.329ms
[36.729s][info][gc,phases,start] GC(42) Phase 2: Compute new object addresses
[37.869s][info][gc,phases      ] GC(42) Phase 2: Compute new object addresses 1139.836ms
[37.869s][info][gc,phases,start] GC(42) Phase 3: Adjust pointers
[39.387s][info][gc,phases      ] GC(42) Phase 3: Adjust pointers 1518.484ms
[39.387s][info][gc,phases,start] GC(42) Phase 4: Move objects
[39.387s][info][gc,phases      ] GC(42) Phase 4: Move objects 0.016ms
[39.388s][info][gc,heap        ] GC(42) DefNew: 2463295K(2463296K)->2463295K(2463296K) Eden: 2189631K(2189632K)->2189631K(2189632K) From: 273664K(273664K)->273664K(273664K)
[39.388s][info][gc,heap        ] GC(42) Tenured: 5870975K(5870976K)->5870975K(5870976K)
[39.388s][info][gc,metaspace   ] GC(42) Metaspace: 6298K(6464K)->6298K(6464K) NonClass: 5764K(5824K)->5764K(5824K) Class: 533K(640K)->533K(640K)
[39.388s][info][gc             ] GC(42) Pause Full (Allocation Failure) 8138M->8138M(8138M) 6387.701ms
[39.388s][info][gc,cpu         ] GC(42) User=6.38s Sys=0.00s Real=6.39s
[39.388s][info][gc,start       ] GC(43) Pause Full (Allocation Failure)
[39.388s][info][gc,phases,start] GC(43) Phase 1: Mark live objects
[43.056s][info][gc,phases      ] GC(43) Phase 1: Mark live objects 3668.362ms
[43.057s][info][gc,phases,start] GC(43) Phase 2: Compute new object addresses
[44.171s][info][gc,phases      ] GC(43) Phase 2: Compute new object addresses 1114.661ms
[44.171s][info][gc,phases,start] GC(43) Phase 3: Adjust pointers
[46.003s][info][gc,phases      ] GC(43) Phase 3: Adjust pointers 1831.983ms
[46.003s][info][gc,phases,start] GC(43) Phase 4: Move objects
[47.512s][info][gc,phases      ] GC(43) Phase 4: Move objects 1508.684ms
[47.513s][info][gc,heap        ] GC(43) DefNew: 2463295K(2463296K)->2435990K(2463296K) Eden: 2189631K(2189632K)->2189631K(2189632K) From: 273664K(273664K)->246358K(273664K)
[47.513s][info][gc,heap        ] GC(43) Tenured: 5870975K(5870976K)->5767205K(5870976K)
[47.513s][info][gc,metaspace   ] GC(43) Metaspace: 6298K(6464K)->6296K(6464K) NonClass: 5764K(5824K)->5763K(5824K) Class: 533K(640K)->532K(640K)
[47.513s][info][gc             ] GC(43) Pause Full (Allocation Failure) 8138M->8010M(8138M) 8124.535ms
[47.513s][info][gc,cpu         ] GC(43) User=8.08s Sys=0.00s Real=8.12s
[47.905s][info][gc,start       ] GC(44) Pause Full (Allocation Failure)
[47.905s][info][gc,phases,start] GC(44) Phase 1: Mark live objects
[51.641s][info][gc,phases      ] GC(44) Phase 1: Mark live objects 3736.162ms
[51.642s][info][gc,phases,start] GC(44) Phase 2: Compute new object addresses
[52.771s][info][gc,phases      ] GC(44) Phase 2: Compute new object addresses 1129.552ms
[52.771s][info][gc,phases,start] GC(44) Phase 3: Adjust pointers
[54.308s][info][gc,phases      ] GC(44) Phase 3: Adjust pointers 1536.745ms
[54.308s][info][gc,phases,start] GC(44) Phase 4: Move objects
[54.308s][info][gc,phases      ] GC(44) Phase 4: Move objects 0.017ms
[54.308s][info][gc,heap        ] GC(44) DefNew: 2463295K(2463296K)->2463295K(2463296K) Eden: 2189631K(2189632K)->2189631K(2189632K) From: 273663K(273664K)->273663K(273664K)
[54.308s][info][gc,heap        ] GC(44) Tenured: 5870975K(5870976K)->5870975K(5870976K)
[54.308s][info][gc,metaspace   ] GC(44) Metaspace: 6296K(6464K)->6296K(6464K) NonClass: 5763K(5824K)->5763K(5824K) Class: 532K(640K)->532K(640K)
[54.309s][info][gc             ] GC(44) Pause Full (Allocation Failure) 8138M->8138M(8138M) 6403.312ms
[54.309s][info][gc,cpu         ] GC(44) User=6.38s Sys=0.00s Real=6.40s
[54.309s][info][gc,start       ] GC(45) Pause Full (Allocation Failure)
[54.309s][info][gc,phases,start] GC(45) Phase 1: Mark live objects
[58.023s][info][gc,phases      ] GC(45) Phase 1: Mark live objects 3714.369ms
[58.023s][info][gc,phases,start] GC(45) Phase 2: Compute new object addresses
[59.151s][info][gc,phases      ] GC(45) Phase 2: Compute new object addresses 1128.119ms
[59.151s][info][gc,phases,start] GC(45) Phase 3: Adjust pointers
[60.697s][info][gc,phases      ] GC(45) Phase 3: Adjust pointers 1545.667ms
[60.697s][info][gc,phases,start] GC(45) Phase 4: Move objects
[60.697s][info][gc,phases      ] GC(45) Phase 4: Move objects 0.017ms
[60.697s][info][gc,heap        ] GC(45) DefNew: 2463295K(2463296K)->2463295K(2463296K) Eden: 2189631K(2189632K)->2189631K(2189632K) From: 273663K(273664K)->273663K(273664K)
[60.697s][info][gc,heap        ] GC(45) Tenured: 5870975K(5870976K)->5870975K(5870976K)
[60.697s][info][gc,metaspace   ] GC(45) Metaspace: 6296K(6464K)->6296K(6464K) NonClass: 5763K(5824K)->5763K(5824K) Class: 532K(640K)->532K(640K)
[60.698s][info][gc             ] GC(45) Pause Full (Allocation Failure) 8138M->8138M(8138M) 6388.982ms
[60.698s][info][gc,cpu         ] GC(45) User=6.38s Sys=0.02s Real=6.39s
[60.698s][info][gc,start       ] GC(46) Pause Full (Allocation Failure)
[60.698s][info][gc,phases,start] GC(46) Phase 1: Mark live objects
[64.429s][info][gc,phases      ] GC(46) Phase 1: Mark live objects 3731.617ms
[64.429s][info][gc,phases,start] GC(46) Phase 2: Compute new object addresses
[65.569s][info][gc,phases      ] GC(46) Phase 2: Compute new object addresses 1139.398ms
[65.569s][info][gc,phases,start] GC(46) Phase 3: Adjust pointers
[67.124s][info][gc,phases      ] GC(46) Phase 3: Adjust pointers 1554.775ms
[67.124s][info][gc,phases,start] GC(46) Phase 4: Move objects
[67.124s][info][gc,phases      ] GC(46) Phase 4: Move objects 0.017ms
[67.124s][info][gc,heap        ] GC(46) DefNew: 2463295K(2463296K)->2463295K(2463296K) Eden: 2189631K(2189632K)->2189631K(2189632K) From: 273663K(273664K)->273663K(273664K)
[67.124s][info][gc,heap        ] GC(46) Tenured: 5870975K(5870976K)->5870975K(5870976K)
[67.124s][info][gc,metaspace   ] GC(46) Metaspace: 6296K(6464K)->6296K(6464K) NonClass: 5763K(5824K)->5763K(5824K) Class: 532K(640K)->532K(640K)
[67.124s][info][gc             ] GC(46) Pause Full (Allocation Failure) 8138M->8138M(8138M) 6426.609ms
[67.124s][info][gc,cpu         ] GC(46) User=6.42s Sys=0.00s Real=6.43s
[67.124s][info][gc,start       ] GC(47) Pause Full (Allocation Failure)
[67.124s][info][gc,phases,start] GC(47) Phase 1: Mark live objects
[70.860s][info][gc,phases      ] GC(47) Phase 1: Mark live objects 3735.206ms
[70.860s][info][gc,phases,start] GC(47) Phase 2: Compute new object addresses
[71.999s][info][gc,phases      ] GC(47) Phase 2: Compute new object addresses 1139.305ms
[71.999s][info][gc,phases,start] GC(47) Phase 3: Adjust pointers
[73.815s][info][gc,phases      ] GC(47) Phase 3: Adjust pointers 1815.462ms
[73.815s][info][gc,phases,start] GC(47) Phase 4: Move objects
[74.791s][info][gc,phases      ] GC(47) Phase 4: Move objects 976.692ms
[74.792s][info][gc,heap        ] GC(47) DefNew: 2463295K(2463296K)->2463295K(2463296K) Eden: 2189631K(2189632K)->2189631K(2189632K) From: 273663K(273664K)->273663K(273664K)
[74.792s][info][gc,heap        ] GC(47) Tenured: 5870975K(5870976K)->5870974K(5870976K)
[74.792s][info][gc,metaspace   ] GC(47) Metaspace: 6296K(6464K)->6296K(6464K) NonClass: 5763K(5824K)->5763K(5824K) Class: 532K(640K)->532K(640K)
[74.792s][info][gc             ] GC(47) Pause Full (Allocation Failure) 8138M->8138M(8138M) 7667.502ms
[74.792s][info][gc,cpu         ] GC(47) User=7.66s Sys=0.00s Real=7.67s
[74.793s][info][gc,start       ] GC(48) Pause Full (Allocation Failure)
[74.793s][info][gc,phases,start] GC(48) Phase 1: Mark live objects
[78.535s][info][gc,phases      ] GC(48) Phase 1: Mark live objects 3741.372ms
[78.535s][info][gc,phases,start] GC(48) Phase 2: Compute new object addresses
[79.668s][info][gc,phases      ] GC(48) Phase 2: Compute new object addresses 1133.049ms
[79.668s][info][gc,phases,start] GC(48) Phase 3: Adjust pointers
[81.482s][info][gc,phases      ] GC(48) Phase 3: Adjust pointers 1813.901ms
[81.482s][info][gc,phases,start] GC(48) Phase 4: Move objects
[82.462s][info][gc,phases      ] GC(48) Phase 4: Move objects 979.978ms
[82.462s][info][gc,heap        ] GC(48) DefNew: 2463295K(2463296K)->2463295K(2463296K) Eden: 2189631K(2189632K)->2189631K(2189632K) From: 273663K(273664K)->273663K(273664K)
[82.462s][info][gc,heap        ] GC(48) Tenured: 5870975K(5870976K)->5870972K(5870976K)
[82.462s][info][gc,metaspace   ] GC(48) Metaspace: 6298K(6464K)->6298K(6464K) NonClass: 5764K(5824K)->5764K(5824K) Class: 533K(640K)->533K(640K)
[82.462s][info][gc             ] GC(48) Pause Full (Allocation Failure) 8138M->8138M(8138M) 7669.195ms
[82.462s][info][gc,cpu         ] GC(48) User=7.64s Sys=0.00s Real=7.67s
[82.463s][info][gc,heap,exit   ] Heap
[82.463s][info][gc,heap,exit   ]  def new generation   total 2463296K, used 2463295K [0x00000005e6800000, 0x000000068d8d0000, 0x0000000699aa0000)
[82.463s][info][gc,heap,exit   ]   eden space 2189632K,  99% used [0x00000005e6800000, 0x000000066c24fff8, 0x000000066c250000)
[82.463s][info][gc,heap,exit   ]   from space 273664K,  99% used [0x000000067cd90000, 0x000000068d8cfff8, 0x000000068d8d0000)
[82.463s][info][gc,heap,exit   ]   to   space 273664K,   0% used [0x000000066c250000, 0x000000066c250000, 0x000000067cd90000)
[82.463s][info][gc,heap,exit   ]  tenured generation   total 5870976K, used 5870973K [0x0000000699aa0000, 0x0000000800000000, 0x0000000800000000)
[82.463s][info][gc,heap,exit   ]    the space 5870976K,  99% used [0x0000000699aa0000, 0x00000007fffff658, 0x00000007fffff800, 0x0000000800000000)
[82.463s][info][gc,heap,exit   ]  Metaspace       used 6301K, committed 6464K, reserved 1114112K
[82.463s][info][gc,heap,exit   ]   class space    used 534K, committed 640K, reserved 1048576K
