[0.012s][info][gc,init] CardTable entry size: 512
[0.013s][info][gc     ] Using Serial
[0.013s][info][gc,init] Version: 18.0.1+10 (release)
[0.013s][info][gc,init] CPUs: 8 total, 8 available
[0.013s][info][gc,init] Memory: 16063M
[0.013s][info][gc,init] Large Page Support: Disabled
[0.013s][info][gc,init] NUMA Support: Disabled
[0.013s][info][gc,init] Compressed Oops: Enabled (Zero based)
[0.013s][info][gc,init] Heap Min Capacity: 2M
[0.013s][info][gc,init] Heap Initial Capacity: 2M
[0.013s][info][gc,init] Heap Max Capacity: 10500M
[0.013s][info][gc,init] Pre-touch: Disabled
[0.014s][info][gc,metaspace] CDS archive(s) not mapped
[0.014s][info][gc,metaspace] Compressed class space mapped at: 0x0000000800000000-0x0000000840000000, reserved size: 1073741824
[0.014s][info][gc,metaspace] Narrow klass base: 0x0000000800000000, Narrow klass shift: 0, Narrow klass range: 0x40000000
[0.169s][info][gc,start    ] GC(0) Pause Young (Allocation Failure)
[0.170s][info][gc,heap     ] GC(0) DefNew: 1023K(1152K)->127K(1152K) Eden: 1023K(1024K)->0K(1024K) From: 0K(128K)->127K(128K)
[0.170s][info][gc,heap     ] GC(0) Tenured: 0K(768K)->439K(768K)
[0.170s][info][gc,metaspace] GC(0) Metaspace: 5903K(6016K)->5903K(6016K) NonClass: 5403K(5504K)->5403K(5504K) Class: 499K(512K)->499K(512K)
[0.170s][info][gc          ] GC(0) Pause Young (Allocation Failure) 0M->0M(1M) 1.483ms
[0.170s][info][gc,cpu      ] GC(0) User=0.00s Sys=0.00s Real=0.00s
[0.188s][info][gc,start    ] GC(1) Pause Young (Allocation Failure)
[0.189s][info][gc          ] GC(1) Pause Young (Allocation Failure) 1M->0M(2M) 1.218ms
[0.189s][info][gc,cpu      ] GC(1) User=0.00s Sys=0.00s Real=0.00s
[0.189s][info][gc,start    ] GC(2) Pause Full (Allocation Failure)
[0.189s][info][gc,phases,start] GC(2) Phase 1: Mark live objects
[0.190s][info][gc,phases      ] GC(2) Phase 1: Mark live objects 0.953ms
[0.190s][info][gc,phases,start] GC(2) Phase 2: Compute new object addresses
[0.190s][info][gc,phases      ] GC(2) Phase 2: Compute new object addresses 0.219ms
[0.190s][info][gc,phases,start] GC(2) Phase 3: Adjust pointers
[0.191s][info][gc,phases      ] GC(2) Phase 3: Adjust pointers 0.486ms
[0.191s][info][gc,phases,start] GC(2) Phase 4: Move objects
[0.191s][info][gc,phases      ] GC(2) Phase 4: Move objects 0.070ms
[0.191s][info][gc,heap        ] GC(2) DefNew: 1151K(1152K)->40K(1152K) Eden: 1024K(1024K)->40K(1024K) From: 127K(128K)->0K(128K)
[0.191s][info][gc,heap        ] GC(2) Tenured: 439K(768K)->960K(1600K)
[0.191s][info][gc,metaspace   ] GC(2) Metaspace: 6299K(6464K)->6299K(6464K) NonClass: 5766K(5824K)->5766K(5824K) Class: 533K(640K)->533K(640K)
[0.191s][info][gc             ] GC(2) Pause Full (Allocation Failure) 0M->0M(2M) 2.044ms
[0.191s][info][gc,cpu         ] GC(2) User=0.00s Sys=0.00s Real=0.00s
[0.192s][info][gc,start       ] GC(3) Pause Young (Allocation Failure)
[0.194s][info][gc,heap        ] GC(3) DefNew: 1024K(1152K)->128K(1152K) Eden: 1024K(1024K)->0K(1024K) From: 0K(128K)->128K(128K)
[0.194s][info][gc,heap        ] GC(3) Tenured: 960K(1600K)->1375K(1600K)
[0.194s][info][gc,metaspace   ] GC(3) Metaspace: 6299K(6464K)->6299K(6464K) NonClass: 5766K(5824K)->5766K(5824K) Class: 533K(640K)->533K(640K)
[0.194s][info][gc             ] GC(3) Pause Young (Allocation Failure) 1M->1M(2M) 1.306ms
[0.194s][info][gc,cpu         ] GC(3) User=0.00s Sys=0.00s Real=0.00s
[0.195s][info][gc,start       ] GC(4) Pause Young (Allocation Failure)
[0.197s][info][gc             ] GC(4) Pause Young (Allocation Failure) 2M->1M(3M) 1.342ms
[0.197s][info][gc,cpu         ] GC(4) User=0.00s Sys=0.00s Real=0.00s
[0.197s][info][gc,start       ] GC(5) Pause Full (Allocation Failure)
[0.197s][info][gc,phases,start] GC(5) Phase 1: Mark live objects
[0.198s][info][gc,phases      ] GC(5) Phase 1: Mark live objects 1.361ms
[0.198s][info][gc,phases,start] GC(5) Phase 2: Compute new object addresses
[0.199s][info][gc,phases      ] GC(5) Phase 2: Compute new object addresses 0.359ms
[0.199s][info][gc,phases,start] GC(5) Phase 3: Adjust pointers
[0.199s][info][gc,phases      ] GC(5) Phase 3: Adjust pointers 0.614ms
[0.199s][info][gc,phases,start] GC(5) Phase 4: Move objects
[0.200s][info][gc,phases      ] GC(5) Phase 4: Move objects 0.073ms
[0.200s][info][gc,heap        ] GC(5) DefNew: 1152K(1152K)->35K(1536K) Eden: 1024K(1024K)->35K(1408K) From: 128K(128K)->0K(128K)
[0.200s][info][gc,heap        ] GC(5) Tenured: 1375K(1600K)->1983K(3308K)
[0.200s][info][gc,metaspace   ] GC(5) Metaspace: 6299K(6464K)->6299K(6464K) NonClass: 5766K(5824K)->5766K(5824K) Class: 533K(640K)->533K(640K)
[0.200s][info][gc             ] GC(5) Pause Full (Allocation Failure) 1M->1M(4M) 2.714ms
[0.200s][info][gc,cpu         ] GC(5) User=0.00s Sys=0.00s Real=0.00s
[0.201s][info][gc,start       ] GC(6) Pause Young (Allocation Failure)
[0.203s][info][gc,heap        ] GC(6) DefNew: 1407K(1536K)->127K(1536K) Eden: 1407K(1408K)->0K(1408K) From: 0K(128K)->127K(128K)
[0.203s][info][gc,heap        ] GC(6) Tenured: 1983K(3308K)->2617K(3308K)
[0.203s][info][gc,metaspace   ] GC(6) Metaspace: 6299K(6464K)->6299K(6464K) NonClass: 5766K(5824K)->5766K(5824K) Class: 533K(640K)->533K(640K)
[0.203s][info][gc             ] GC(6) Pause Young (Allocation Failure) 3M->2M(4M) 1.701ms
[0.203s][info][gc,cpu         ] GC(6) User=0.00s Sys=0.00s Real=0.00s
[0.204s][info][gc,start       ] GC(7) Pause Young (Allocation Failure)
[0.206s][info][gc             ] GC(7) Pause Young (Allocation Failure) 4M->3M(4M) 1.651ms
[0.206s][info][gc,cpu         ] GC(7) User=0.00s Sys=0.00s Real=0.00s
[0.206s][info][gc,start       ] GC(8) Pause Full (Allocation Failure)
[0.206s][info][gc,phases,start] GC(8) Phase 1: Mark live objects
[0.208s][info][gc,phases      ] GC(8) Phase 1: Mark live objects 2.037ms
[0.208s][info][gc,phases,start] GC(8) Phase 2: Compute new object addresses
[0.209s][info][gc,phases      ] GC(8) Phase 2: Compute new object addresses 0.748ms
[0.209s][info][gc,phases,start] GC(8) Phase 3: Adjust pointers
[0.210s][info][gc,phases      ] GC(8) Phase 3: Adjust pointers 1.107ms
[0.210s][info][gc,phases,start] GC(8) Phase 4: Move objects
[0.210s][info][gc,phases      ] GC(8) Phase 4: Move objects 0.092ms
[0.210s][info][gc,heap        ] GC(8) DefNew: 1535K(1536K)->0K(2688K) Eden: 1408K(1408K)->0K(2432K) From: 127K(128K)->0K(256K)
[0.210s][info][gc,heap        ] GC(8) Tenured: 2617K(3308K)->3460K(5768K)
[0.210s][info][gc,metaspace   ] GC(8) Metaspace: 6299K(6464K)->6299K(6464K) NonClass: 5766K(5824K)->5766K(5824K) Class: 533K(640K)->533K(640K)
[0.210s][info][gc             ] GC(8) Pause Full (Allocation Failure) 3M->3M(8M) 4.313ms
[0.211s][info][gc,cpu         ] GC(8) User=0.00s Sys=0.00s Real=0.00s
[0.214s][info][gc,start       ] GC(9) Pause Young (Allocation Failure)
[0.216s][info][gc,heap        ] GC(9) DefNew: 2431K(2688K)->256K(2688K) Eden: 2431K(2432K)->0K(2432K) From: 0K(256K)->256K(256K)
[0.216s][info][gc,heap        ] GC(9) Tenured: 3460K(5768K)->4512K(5768K)
[0.216s][info][gc,metaspace   ] GC(9) Metaspace: 6299K(6464K)->6299K(6464K) NonClass: 5766K(5824K)->5766K(5824K) Class: 533K(640K)->533K(640K)
[0.216s][info][gc             ] GC(9) Pause Young (Allocation Failure) 5M->4M(8M) 2.483ms
[0.216s][info][gc,cpu         ] GC(9) User=0.00s Sys=0.00s Real=0.00s
[0.218s][info][gc,start       ] GC(10) Pause Young (Allocation Failure)
[0.221s][info][gc,heap        ] GC(10) DefNew: 2688K(2688K)->255K(2688K) Eden: 2432K(2432K)->0K(2432K) From: 256K(256K)->255K(256K)
[0.221s][info][gc,heap        ] GC(10) Tenured: 4512K(5768K)->5755K(5768K)
[0.221s][info][gc,metaspace   ] GC(10) Metaspace: 6299K(6464K)->6299K(6464K) NonClass: 5766K(5824K)->5766K(5824K) Class: 533K(640K)->533K(640K)
[0.221s][info][gc             ] GC(10) Pause Young (Allocation Failure) 7M->5M(8M) 2.783ms
[0.221s][info][gc,cpu         ] GC(10) User=0.00s Sys=0.00s Real=0.00s
[0.224s][info][gc,start       ] GC(11) Pause Young (Allocation Failure)
[0.227s][info][gc             ] GC(11) Pause Young (Allocation Failure) 8M->7M(9M) 2.894ms
[0.227s][info][gc,cpu         ] GC(11) User=0.00s Sys=0.00s Real=0.00s
[0.227s][info][gc,start       ] GC(12) Pause Full (Allocation Failure)
[0.227s][info][gc,phases,start] GC(12) Phase 1: Mark live objects
[0.232s][info][gc,phases      ] GC(12) Phase 1: Mark live objects 4.141ms
[0.232s][info][gc,phases,start] GC(12) Phase 2: Compute new object addresses
[0.233s][info][gc,phases      ] GC(12) Phase 2: Compute new object addresses 1.119ms
[0.233s][info][gc,phases,start] GC(12) Phase 3: Adjust pointers
[0.234s][info][gc,phases      ] GC(12) Phase 3: Adjust pointers 1.610ms
[0.235s][info][gc,phases,start] GC(12) Phase 4: Move objects
[0.236s][info][gc,phases      ] GC(12) Phase 4: Move objects 1.164ms
[0.236s][info][gc,heap        ] GC(12) DefNew: 2687K(2688K)->0K(5376K) Eden: 2432K(2432K)->0K(4800K) From: 255K(256K)->0K(576K)
[0.236s][info][gc,heap        ] GC(12) Tenured: 5755K(5768K)->7132K(11888K)
[0.236s][info][gc,metaspace   ] GC(12) Metaspace: 6299K(6464K)->6299K(6464K) NonClass: 5766K(5824K)->5766K(5824K) Class: 533K(640K)->533K(640K)
[0.236s][info][gc             ] GC(12) Pause Full (Allocation Failure) 7M->6M(16M) 8.528ms
[0.236s][info][gc,cpu         ] GC(12) User=0.00s Sys=0.00s Real=0.01s
[0.241s][info][gc,start       ] GC(13) Pause Young (Allocation Failure)
[0.246s][info][gc,heap        ] GC(13) DefNew: 4800K(5376K)->575K(5376K) Eden: 4800K(4800K)->0K(4800K) From: 0K(576K)->575K(576K)
[0.246s][info][gc,heap        ] GC(13) Tenured: 7132K(11888K)->9027K(11888K)
[0.246s][info][gc,metaspace   ] GC(13) Metaspace: 6299K(6464K)->6299K(6464K) NonClass: 5766K(5824K)->5766K(5824K) Class: 533K(640K)->533K(640K)
[0.246s][info][gc             ] GC(13) Pause Young (Allocation Failure) 11M->9M(16M) 5.288ms
[0.246s][info][gc,cpu         ] GC(13) User=0.00s Sys=0.00s Real=0.01s
[0.251s][info][gc,start       ] GC(14) Pause Young (Allocation Failure)
[0.257s][info][gc,heap        ] GC(14) DefNew: 5375K(5376K)->576K(5376K) Eden: 4800K(4800K)->0K(4800K) From: 575K(576K)->576K(576K)
[0.257s][info][gc,heap        ] GC(14) Tenured: 9027K(11888K)->11746K(11888K)
[0.257s][info][gc,metaspace   ] GC(14) Metaspace: 6299K(6464K)->6299K(6464K) NonClass: 5766K(5824K)->5766K(5824K) Class: 533K(640K)->533K(640K)
[0.257s][info][gc             ] GC(14) Pause Young (Allocation Failure) 14M->12M(16M) 6.255ms
[0.257s][info][gc,cpu         ] GC(14) User=0.00s Sys=0.00s Real=0.01s
[0.262s][info][gc,start       ] GC(15) Pause Young (Allocation Failure)
[0.268s][info][gc             ] GC(15) Pause Young (Allocation Failure) 16M->14M(19M) 5.788ms
[0.268s][info][gc,cpu         ] GC(15) User=0.00s Sys=0.00s Real=0.01s
[0.268s][info][gc,start       ] GC(16) Pause Full (Allocation Failure)
[0.268s][info][gc,phases,start] GC(16) Phase 1: Mark live objects
[0.275s][info][gc,phases      ] GC(16) Phase 1: Mark live objects 7.189ms
[0.275s][info][gc,phases,start] GC(16) Phase 2: Compute new object addresses
[0.277s][info][gc,phases      ] GC(16) Phase 2: Compute new object addresses 2.279ms
[0.277s][info][gc,phases,start] GC(16) Phase 3: Adjust pointers
[0.280s][info][gc,phases      ] GC(16) Phase 3: Adjust pointers 2.846ms
[0.280s][info][gc,phases,start] GC(16) Phase 4: Move objects
[0.281s][info][gc,phases      ] GC(16) Phase 4: Move objects 0.194ms
[0.281s][info][gc,heap        ] GC(16) DefNew: 5376K(5376K)->387K(10880K) Eden: 4800K(4800K)->387K(9728K) From: 576K(576K)->0K(1152K)
[0.281s][info][gc,heap        ] GC(16) Tenured: 11746K(11888K)->14383K(23976K)
[0.281s][info][gc,metaspace   ] GC(16) Metaspace: 6301K(6464K)->6301K(6464K) NonClass: 5768K(5824K)->5768K(5824K) Class: 533K(640K)->533K(640K)
[0.281s][info][gc             ] GC(16) Pause Full (Allocation Failure) 14M->14M(34M) 12.864ms
[0.281s][info][gc,cpu         ] GC(16) User=0.02s Sys=0.00s Real=0.01s
[0.290s][info][gc,start       ] GC(17) Pause Young (Allocation Failure)
[0.303s][info][gc,heap        ] GC(17) DefNew: 9728K(10880K)->1151K(10880K) Eden: 9728K(9728K)->0K(9728K) From: 0K(1152K)->1151K(1152K)
[0.303s][info][gc,heap        ] GC(17) Tenured: 14383K(23976K)->18415K(23976K)
[0.303s][info][gc,metaspace   ] GC(17) Metaspace: 6301K(6464K)->6301K(6464K) NonClass: 5768K(5824K)->5768K(5824K) Class: 533K(640K)->533K(640K)
[0.303s][info][gc             ] GC(17) Pause Young (Allocation Failure) 23M->19M(34M) 13.313ms
[0.303s][info][gc,cpu         ] GC(17) User=0.00s Sys=0.00s Real=0.01s
[0.311s][info][gc,start       ] GC(18) Pause Young (Allocation Failure)
[0.324s][info][gc,heap        ] GC(18) DefNew: 10879K(10880K)->1151K(10880K) Eden: 9728K(9728K)->0K(9728K) From: 1151K(1152K)->1151K(1152K)
[0.324s][info][gc,heap        ] GC(18) Tenured: 18415K(23976K)->23936K(23976K)
[0.324s][info][gc,metaspace   ] GC(18) Metaspace: 6301K(6464K)->6301K(6464K) NonClass: 5768K(5824K)->5768K(5824K) Class: 533K(640K)->533K(640K)
[0.324s][info][gc             ] GC(18) Pause Young (Allocation Failure) 28M->24M(34M) 12.705ms
[0.324s][info][gc,cpu         ] GC(18) User=0.00s Sys=0.02s Real=0.01s
[0.331s][info][gc,start       ] GC(19) Pause Young (Allocation Failure)
[0.342s][info][gc             ] GC(19) Pause Young (Allocation Failure) 34M->29M(38M) 10.810ms
[0.342s][info][gc,cpu         ] GC(19) User=0.02s Sys=0.00s Real=0.01s
[0.342s][info][gc,start       ] GC(20) Pause Full (Allocation Failure)
[0.342s][info][gc,phases,start] GC(20) Phase 1: Mark live objects
[0.356s][info][gc,phases      ] GC(20) Phase 1: Mark live objects 13.809ms
[0.356s][info][gc,phases,start] GC(20) Phase 2: Compute new object addresses
[0.360s][info][gc,phases      ] GC(20) Phase 2: Compute new object addresses 4.656ms
[0.360s][info][gc,phases,start] GC(20) Phase 3: Adjust pointers
[0.366s][info][gc,phases      ] GC(20) Phase 3: Adjust pointers 5.313ms
[0.366s][info][gc,phases,start] GC(20) Phase 4: Move objects
[0.366s][info][gc,phases      ] GC(20) Phase 4: Move objects 0.166ms
[0.366s][info][gc,heap        ] GC(20) DefNew: 10879K(10880K)->1080K(21888K) Eden: 9728K(9728K)->1080K(19520K) From: 1151K(1152K)->0K(2368K)
[0.366s][info][gc,heap        ] GC(20) Tenured: 23936K(23976K)->29035K(48396K)
[0.366s][info][gc,metaspace   ] GC(20) Metaspace: 6301K(6464K)->6301K(6464K) NonClass: 5768K(5824K)->5768K(5824K) Class: 533K(640K)->533K(640K)
[0.366s][info][gc             ] GC(20) Pause Full (Allocation Failure) 29M->29M(68M) 24.382ms
[0.366s][info][gc,cpu         ] GC(20) User=0.03s Sys=0.00s Real=0.02s
[0.383s][info][gc,start       ] GC(21) Pause Young (Allocation Failure)
[0.413s][info][gc,heap        ] GC(21) DefNew: 19520K(21888K)->2367K(21888K) Eden: 19520K(19520K)->0K(19520K) From: 0K(2368K)->2367K(2368K)
[0.413s][info][gc,heap        ] GC(21) Tenured: 29035K(48396K)->41023K(48396K)
[0.413s][info][gc,metaspace   ] GC(21) Metaspace: 6301K(6464K)->6301K(6464K) NonClass: 5768K(5824K)->5768K(5824K) Class: 533K(640K)->533K(640K)
[0.413s][info][gc             ] GC(21) Pause Young (Allocation Failure) 47M->42M(68M) 30.276ms
[0.413s][info][gc,cpu         ] GC(21) User=0.03s Sys=0.00s Real=0.03s
[0.431s][info][gc,start       ] GC(22) Pause Young (Allocation Failure)
[0.468s][info][gc             ] GC(22) Pause Young (Allocation Failure) 61M->61M(80M) 36.329ms
[0.468s][info][gc,cpu         ] GC(22) User=0.02s Sys=0.00s Real=0.04s
[0.468s][info][gc,start       ] GC(23) Pause Full (Allocation Failure)
[0.468s][info][gc,phases,start] GC(23) Phase 1: Mark live objects
[0.493s][info][gc,phases      ] GC(23) Phase 1: Mark live objects 25.237ms
[0.493s][info][gc,phases,start] GC(23) Phase 2: Compute new object addresses
[0.503s][info][gc,phases      ] GC(23) Phase 2: Compute new object addresses 9.588ms
[0.503s][info][gc,phases,start] GC(23) Phase 3: Adjust pointers
[0.513s][info][gc,phases      ] GC(23) Phase 3: Adjust pointers 10.735ms
[0.513s][info][gc,phases,start] GC(23) Phase 4: Move objects
[0.514s][info][gc,phases      ] GC(23) Phase 4: Move objects 0.382ms
[0.514s][info][gc,heap        ] GC(23) DefNew: 21887K(21888K)->2195K(45568K) Eden: 19520K(19520K)->2195K(40512K) From: 2367K(2368K)->0K(5056K)
[0.514s][info][gc,heap        ] GC(23) Tenured: 41023K(48396K)->60683K(101140K)
[0.514s][info][gc,metaspace   ] GC(23) Metaspace: 6301K(6464K)->6301K(6464K) NonClass: 5768K(5824K)->5768K(5824K) Class: 533K(640K)->533K(640K)
[0.514s][info][gc             ] GC(23) Pause Full (Allocation Failure) 61M->61M(143M) 46.583ms
[0.514s][info][gc,cpu         ] GC(23) User=0.05s Sys=0.00s Real=0.05s
[0.557s][info][gc,start       ] GC(24) Pause Young (Allocation Failure)
[0.621s][info][gc,heap        ] GC(24) DefNew: 40512K(45568K)->5056K(45568K) Eden: 40512K(40512K)->0K(40512K) From: 0K(5056K)->5056K(5056K)
[0.621s][info][gc,heap        ] GC(24) Tenured: 60683K(101140K)->96114K(101140K)
[0.621s][info][gc,metaspace   ] GC(24) Metaspace: 6301K(6464K)->6301K(6464K) NonClass: 5768K(5824K)->5768K(5824K) Class: 533K(640K)->533K(640K)
[0.621s][info][gc             ] GC(24) Pause Young (Allocation Failure) 98M->98M(143M) 64.300ms
[0.621s][info][gc,cpu         ] GC(24) User=0.05s Sys=0.00s Real=0.06s
[0.657s][info][gc,start       ] GC(25) Pause Young (Allocation Failure)
[0.729s][info][gc             ] GC(25) Pause Young (Allocation Failure) 138M->138M(178M) 72.495ms
[0.729s][info][gc,cpu         ] GC(25) User=0.06s Sys=0.00s Real=0.07s
[0.729s][info][gc,start       ] GC(26) Pause Full (Allocation Failure)
[0.729s][info][gc,phases,start] GC(26) Phase 1: Mark live objects
[0.786s][info][gc,phases      ] GC(26) Phase 1: Mark live objects 56.996ms
[0.786s][info][gc,phases,start] GC(26) Phase 2: Compute new object addresses
[0.808s][info][gc,phases      ] GC(26) Phase 2: Compute new object addresses 21.608ms
[0.808s][info][gc,phases,start] GC(26) Phase 3: Adjust pointers
[0.836s][info][gc,phases      ] GC(26) Phase 3: Adjust pointers 27.439ms
[0.836s][info][gc,phases,start] GC(26) Phase 4: Move objects
[0.861s][info][gc,phases      ] GC(26) Phase 4: Move objects 25.716ms
[0.862s][info][gc,heap        ] GC(26) DefNew: 45568K(45568K)->1079K(102592K) Eden: 40512K(40512K)->1079K(91200K) From: 5056K(5056K)->0K(11392K)
[0.862s][info][gc,heap        ] GC(26) Tenured: 96114K(101140K)->136727K(227880K)
[0.862s][info][gc,metaspace   ] GC(26) Metaspace: 6301K(6464K)->6301K(6464K) NonClass: 5768K(5824K)->5768K(5824K) Class: 533K(640K)->533K(640K)
[0.862s][info][gc             ] GC(26) Pause Full (Allocation Failure) 138M->134M(322M) 132.571ms
[0.862s][info][gc,cpu         ] GC(26) User=0.14s Sys=0.00s Real=0.13s
[0.965s][info][gc,start       ] GC(27) Pause Young (Allocation Failure)
[1.119s][info][gc,heap        ] GC(27) DefNew: 91200K(102592K)->11391K(102592K) Eden: 91200K(91200K)->0K(91200K) From: 0K(11392K)->11391K(11392K)
[1.119s][info][gc,heap        ] GC(27) Tenured: 136727K(227880K)->216506K(227880K)
[1.119s][info][gc,metaspace   ] GC(27) Metaspace: 6301K(6464K)->6301K(6464K) NonClass: 5768K(5824K)->5768K(5824K) Class: 533K(640K)->533K(640K)
[1.119s][info][gc             ] GC(27) Pause Young (Allocation Failure) 222M->222M(322M) 153.786ms
[1.119s][info][gc,cpu         ] GC(27) User=0.12s Sys=0.02s Real=0.15s
[1.203s][info][gc,start       ] GC(28) Pause Young (Allocation Failure)
[1.374s][info][gc             ] GC(28) Pause Young (Allocation Failure) 311M->311M(400M) 170.159ms
[1.374s][info][gc,cpu         ] GC(28) User=0.12s Sys=0.05s Real=0.17s
[1.374s][info][gc,start       ] GC(29) Pause Full (Allocation Failure)
[1.374s][info][gc,phases,start] GC(29) Phase 1: Mark live objects
[1.517s][info][gc,phases      ] GC(29) Phase 1: Mark live objects 143.006ms
[1.517s][info][gc,phases,start] GC(29) Phase 2: Compute new object addresses
[1.569s][info][gc,phases      ] GC(29) Phase 2: Compute new object addresses 52.341ms
[1.569s][info][gc,phases,start] GC(29) Phase 3: Adjust pointers
[1.626s][info][gc,phases      ] GC(29) Phase 3: Adjust pointers 56.536ms
[1.626s][info][gc,phases,start] GC(29) Phase 4: Move objects
[1.628s][info][gc,phases      ] GC(29) Phase 4: Move objects 2.632ms
[1.629s][info][gc,heap        ] GC(29) DefNew: 102591K(102592K)->11373K(230848K) Eden: 91200K(91200K)->11373K(205248K) From: 11391K(11392K)->0K(25600K)
[1.629s][info][gc,heap        ] GC(29) Tenured: 216506K(227880K)->307691K(512820K)
[1.629s][info][gc,metaspace   ] GC(29) Metaspace: 6301K(6464K)->6301K(6464K) NonClass: 5768K(5824K)->5768K(5824K) Class: 533K(640K)->533K(640K)
[1.629s][info][gc             ] GC(29) Pause Full (Allocation Failure) 311M->311M(726M) 255.843ms
[1.629s][info][gc,cpu         ] GC(29) User=0.23s Sys=0.00s Real=0.25s
[1.846s][info][gc,start       ] GC(30) Pause Young (Allocation Failure)
[2.193s][info][gc,heap        ] GC(30) DefNew: 205248K(230848K)->25599K(230848K) Eden: 205248K(205248K)->0K(205248K) From: 0K(25600K)->25599K(25600K)
[2.193s][info][gc,heap        ] GC(30) Tenured: 307691K(512820K)->487315K(512820K)
[2.193s][info][gc,metaspace   ] GC(30) Metaspace: 6301K(6464K)->6301K(6464K) NonClass: 5768K(5824K)->5768K(5824K) Class: 533K(640K)->533K(640K)
[2.193s][info][gc             ] GC(30) Pause Young (Allocation Failure) 500M->500M(726M) 346.831ms
[2.193s][info][gc,cpu         ] GC(30) User=0.30s Sys=0.05s Real=0.35s
[2.385s][info][gc,start       ] GC(31) Pause Young (Allocation Failure)
[2.775s][info][gc             ] GC(31) Pause Young (Allocation Failure) 701M->700M(901M) 390.481ms
[2.775s][info][gc,cpu         ] GC(31) User=0.28s Sys=0.09s Real=0.39s
[2.775s][info][gc,start       ] GC(32) Pause Full (Allocation Failure)
[2.775s][info][gc,phases,start] GC(32) Phase 1: Mark live objects
[3.099s][info][gc,phases      ] GC(32) Phase 1: Mark live objects 323.847ms
[3.099s][info][gc,phases,start] GC(32) Phase 2: Compute new object addresses
[3.207s][info][gc,phases      ] GC(32) Phase 2: Compute new object addresses 107.941ms
[3.207s][info][gc,phases,start] GC(32) Phase 3: Adjust pointers
[3.325s][info][gc,phases      ] GC(32) Phase 3: Adjust pointers 118.271ms
[3.325s][info][gc,phases,start] GC(32) Phase 4: Move objects
[3.331s][info][gc,phases      ] GC(32) Phase 4: Move objects 5.960ms
[3.334s][info][gc,heap        ] GC(32) DefNew: 230847K(230848K)->25508K(518976K) Eden: 205248K(205248K)->25508K(461312K) From: 25599K(25600K)->0K(57664K)
[3.334s][info][gc,heap        ] GC(32) Tenured: 487315K(512820K)->691955K(1153260K)
[3.334s][info][gc,metaspace   ] GC(32) Metaspace: 6301K(6464K)->6301K(6464K) NonClass: 5768K(5824K)->5768K(5824K) Class: 533K(640K)->533K(640K)
[3.334s][info][gc             ] GC(32) Pause Full (Allocation Failure) 700M->700M(1633M) 558.739ms
[3.334s][info][gc,cpu         ] GC(32) User=0.55s Sys=0.02s Real=0.56s
[3.803s][info][gc,start       ] GC(33) Pause Young (Allocation Failure)
[4.597s][info][gc,heap        ] GC(33) DefNew: 461312K(518976K)->57664K(518976K) Eden: 461312K(461312K)->0K(461312K) From: 0K(57664K)->57664K(57664K)
[4.597s][info][gc,heap        ] GC(33) Tenured: 691955K(1153260K)->1095577K(1153260K)
[4.597s][info][gc,metaspace   ] GC(33) Metaspace: 6301K(6464K)->6301K(6464K) NonClass: 5768K(5824K)->5768K(5824K) Class: 533K(640K)->533K(640K)
[4.597s][info][gc             ] GC(33) Pause Young (Allocation Failure) 1126M->1126M(1633M) 794.057ms
[4.597s][info][gc,cpu         ] GC(33) User=0.70s Sys=0.08s Real=0.79s
[5.061s][info][gc,start       ] GC(34) Pause Young (Allocation Failure)
[5.805s][info][gc             ] GC(34) Pause Young (Allocation Failure) 1576M->1525M(1975M) 744.411ms
[5.805s][info][gc,cpu         ] GC(34) User=0.58s Sys=0.09s Real=0.75s
[5.805s][info][gc,start       ] GC(35) Pause Full (Allocation Failure)
[5.805s][info][gc,phases,start] GC(35) Phase 1: Mark live objects
[6.480s][info][gc,phases      ] GC(35) Phase 1: Mark live objects 674.906ms
[6.480s][info][gc,phases,start] GC(35) Phase 2: Compute new object addresses
[6.707s][info][gc,phases      ] GC(35) Phase 2: Compute new object addresses 226.943ms
[6.707s][info][gc,phases,start] GC(35) Phase 3: Adjust pointers
[6.979s][info][gc,phases      ] GC(35) Phase 3: Adjust pointers 271.691ms
[6.979s][info][gc,phases,start] GC(35) Phase 4: Move objects
[6.990s][info][gc,phases      ] GC(35) Phase 4: Move objects 11.208ms
[6.994s][info][gc,heap        ] GC(35) DefNew: 518976K(518976K)->57487K(1128320K) Eden: 461312K(461312K)->57487K(1003008K) From: 57664K(57664K)->0K(125312K)
[6.994s][info][gc,heap        ] GC(35) Tenured: 1095577K(1153260K)->1504303K(2507176K)
[6.994s][info][gc,metaspace   ] GC(35) Metaspace: 6301K(6464K)->6301K(6464K) NonClass: 5768K(5824K)->5768K(5824K) Class: 533K(640K)->533K(640K)
[6.994s][info][gc             ] GC(35) Pause Full (Allocation Failure) 1525M->1525M(3550M) 1189.292ms
[6.994s][info][gc,cpu         ] GC(35) User=1.20s Sys=0.00s Real=1.19s
[7.995s][info][gc,start       ] GC(36) Pause Young (Allocation Failure)
[9.772s][info][gc,heap        ] GC(36) DefNew: 1003008K(1128320K)->125311K(1128320K) Eden: 1003008K(1003008K)->0K(1003008K) From: 0K(125312K)->125311K(125312K)
[9.772s][info][gc,heap        ] GC(36) Tenured: 1504303K(2507176K)->2381971K(2507176K)
[9.772s][info][gc,metaspace   ] GC(36) Metaspace: 6301K(6464K)->6301K(6464K) NonClass: 5768K(5824K)->5768K(5824K) Class: 533K(640K)->533K(640K)
[9.772s][info][gc             ] GC(36) Pause Young (Allocation Failure) 2448M->2448M(3550M) 1776.994ms
[9.772s][info][gc,cpu         ] GC(36) User=1.48s Sys=0.27s Real=1.78s
[10.770s][info][gc,start       ] GC(37) Pause Young (Allocation Failure)
[12.515s][info][gc             ] GC(37) Pause Young (Allocation Failure) 3428M->3427M(4407M) 1745.207ms
[12.515s][info][gc,cpu         ] GC(37) User=1.39s Sys=0.34s Real=1.75s
[12.515s][info][gc,start       ] GC(38) Pause Full (Allocation Failure)
[12.515s][info][gc,phases,start] GC(38) Phase 1: Mark live objects
[14.101s][info][gc,phases      ] GC(38) Phase 1: Mark live objects 1585.977ms
[14.101s][info][gc,phases,start] GC(38) Phase 2: Compute new object addresses
[14.625s][info][gc,phases      ] GC(38) Phase 2: Compute new object addresses 524.270ms
[14.626s][info][gc,phases,start] GC(38) Phase 3: Adjust pointers
[15.306s][info][gc,phases      ] GC(38) Phase 3: Adjust pointers 680.423ms
[15.306s][info][gc,phases,start] GC(38) Phase 4: Move objects
[15.947s][info][gc,phases      ] GC(38) Phase 4: Move objects 640.759ms
[15.956s][info][gc,heap        ] GC(38) DefNew: 1128319K(1128320K)->30922K(2538944K) Eden: 1003008K(1003008K)->30922K(2256896K) From: 125311K(125312K)->0K(282048K)
[15.957s][info][gc,heap        ] GC(38) Tenured: 2381971K(2507176K)->3385131K(5641888K)
[15.957s][info][gc,metaspace   ] GC(38) Metaspace: 6301K(6464K)->6301K(6464K) NonClass: 5768K(5824K)->5768K(5824K) Class: 533K(640K)->533K(640K)
[15.957s][info][gc             ] GC(38) Pause Full (Allocation Failure) 3427M->3335M(7989M) 3441.520ms
[15.957s][info][gc,cpu         ] GC(38) User=3.44s Sys=0.02s Real=3.44s
[18.261s][info][gc,start       ] GC(39) Pause Young (Allocation Failure)
[22.187s][info][gc,heap        ] GC(39) DefNew: 2256896K(2538944K)->282047K(2538944K) Eden: 2256896K(2256896K)->0K(2256896K) From: 0K(282048K)->282047K(282048K)
[22.187s][info][gc,heap        ] GC(39) Tenured: 3385131K(5641888K)->5359948K(5641888K)
[22.187s][info][gc,metaspace   ] GC(39) Metaspace: 6301K(6464K)->6301K(6464K) NonClass: 5768K(5824K)->5768K(5824K) Class: 533K(640K)->533K(640K)
[22.187s][info][gc             ] GC(39) Pause Young (Allocation Failure) 5509M->5509M(7989M) 3926.227ms
[22.187s][info][gc,cpu         ] GC(39) User=3.28s Sys=0.59s Real=3.93s
[24.308s][info][gc,start       ] GC(40) Pause Young (Allocation Failure)
[28.560s][info][gc,promotion   ] GC(40) Promotion failed
[28.560s][info][gc             ] GC(40) Pause Young (Allocation Failure) 7713M->9479M(9479M) 4252.504ms
[28.560s][info][gc,cpu         ] GC(40) User=3.64s Sys=0.58s Real=4.25s
[28.560s][info][gc,start       ] GC(41) Pause Full (Allocation Failure)
[28.560s][info][gc,phases,start] GC(41) Phase 1: Mark live objects
[32.320s][info][gc,phases      ] GC(41) Phase 1: Mark live objects 3759.254ms
[32.320s][info][gc,phases,start] GC(41) Phase 2: Compute new object addresses
[33.724s][info][gc,phases      ] GC(41) Phase 2: Compute new object addresses 1404.379ms
[33.724s][info][gc,phases,start] GC(41) Phase 3: Adjust pointers
[35.240s][info][gc,phases      ] GC(41) Phase 3: Adjust pointers 1515.444ms
[35.240s][info][gc,phases,start] GC(41) Phase 4: Move objects
[35.438s][info][gc,phases      ] GC(41) Phase 4: Move objects 198.236ms
[35.440s][info][gc,heap        ] GC(41) DefNew: 2538943K(2538944K)->730865K(3225600K) Eden: 2256896K(2256896K)->730865K(2867200K) From: 282047K(282048K)->0K(358400K)
[35.440s][info][gc,heap        ] GC(41) Tenured: 5359948K(5641888K)->7167999K(7168000K)
[35.440s][info][gc,metaspace   ] GC(41) Metaspace: 6301K(6464K)->6301K(6464K) NonClass: 5768K(5824K)->5768K(5824K) Class: 533K(640K)->533K(640K)
[35.440s][info][gc             ] GC(41) Pause Full (Allocation Failure) 9479M->7713M(10150M) 6880.077ms
[35.440s][info][gc,cpu         ] GC(41) User=6.84s Sys=0.00s Real=6.88s
[38.421s][info][gc,start       ] GC(42) Pause Full (Allocation Failure)
[38.421s][info][gc,phases,start] GC(42) Phase 1: Mark live objects
[43.101s][info][gc,phases      ] GC(42) Phase 1: Mark live objects 4680.304ms
[43.101s][info][gc,phases,start] GC(42) Phase 2: Compute new object addresses
[44.545s][info][gc,phases      ] GC(42) Phase 2: Compute new object addresses 1443.840ms
[44.545s][info][gc,phases,start] GC(42) Phase 3: Adjust pointers
[46.621s][info][gc,phases      ] GC(42) Phase 3: Adjust pointers 2076.179ms
[46.621s][info][gc,phases,start] GC(42) Phase 4: Move objects
[47.005s][info][gc,phases      ] GC(42) Phase 4: Move objects 383.351ms
[47.005s][info][gc,heap        ] GC(42) DefNew: 3225599K(3225600K)->3225578K(3225600K) Eden: 2867200K(2867200K)->2867199K(2867200K) From: 358399K(358400K)->358378K(358400K)
[47.005s][info][gc,heap        ] GC(42) Tenured: 7167999K(7168000K)->7167999K(7168000K)
[47.005s][info][gc,metaspace   ] GC(42) Metaspace: 6301K(6464K)->6301K(6464K) NonClass: 5768K(5824K)->5768K(5824K) Class: 533K(640K)->533K(640K)
[47.005s][info][gc             ] GC(42) Pause Full (Allocation Failure) 10149M->10149M(10150M) 8584.676ms
[47.005s][info][gc,cpu         ] GC(42) User=8.58s Sys=0.00s Real=8.59s
[47.006s][info][gc,start       ] GC(43) Pause Full (Allocation Failure)
[47.006s][info][gc,phases,start] GC(43) Phase 1: Mark live objects
[51.629s][info][gc,phases      ] GC(43) Phase 1: Mark live objects 4622.841ms
[51.629s][info][gc,phases,start] GC(43) Phase 2: Compute new object addresses
[53.038s][info][gc,phases      ] GC(43) Phase 2: Compute new object addresses 1409.012ms
[53.038s][info][gc,phases,start] GC(43) Phase 3: Adjust pointers
[54.932s][info][gc,phases      ] GC(43) Phase 3: Adjust pointers 1894.397ms
[54.932s][info][gc,phases,start] GC(43) Phase 4: Move objects
[54.932s][info][gc,phases      ] GC(43) Phase 4: Move objects 0.017ms
[54.933s][info][gc,heap        ] GC(43) DefNew: 3225599K(3225600K)->3225599K(3225600K) Eden: 2867199K(2867200K)->2867199K(2867200K) From: 358399K(358400K)->358399K(358400K)
[54.933s][info][gc,heap        ] GC(43) Tenured: 7167999K(7168000K)->7167999K(7168000K)
[54.933s][info][gc,metaspace   ] GC(43) Metaspace: 6301K(6464K)->6301K(6464K) NonClass: 5768K(5824K)->5768K(5824K) Class: 533K(640K)->533K(640K)
[54.933s][info][gc             ] GC(43) Pause Full (Allocation Failure) 10149M->10149M(10150M) 7927.091ms
[54.933s][info][gc,cpu         ] GC(43) User=7.91s Sys=0.00s Real=7.93s
[54.933s][info][gc,start       ] GC(44) Pause Full (Allocation Failure)
[54.933s][info][gc,phases,start] GC(44) Phase 1: Mark live objects
[59.556s][info][gc,phases      ] GC(44) Phase 1: Mark live objects 4623.184ms
[59.556s][info][gc,phases,start] GC(44) Phase 2: Compute new object addresses
[60.972s][info][gc,phases      ] GC(44) Phase 2: Compute new object addresses 1415.553ms
[60.972s][info][gc,phases,start] GC(44) Phase 3: Adjust pointers
[63.232s][info][gc,phases      ] GC(44) Phase 3: Adjust pointers 2260.633ms
[63.232s][info][gc,phases,start] GC(44) Phase 4: Move objects
[65.173s][info][gc,phases      ] GC(44) Phase 4: Move objects 1941.040ms
[65.174s][info][gc,heap        ] GC(44) DefNew: 3225599K(3225600K)->3094523K(3225600K) Eden: 2867199K(2867200K)->2867199K(2867200K) From: 358399K(358400K)->227323K(358400K)
[65.174s][info][gc,heap        ] GC(44) Tenured: 7167999K(7168000K)->7167999K(7168000K)
[65.174s][info][gc,metaspace   ] GC(44) Metaspace: 6301K(6464K)->6300K(6464K) NonClass: 5768K(5824K)->5767K(5824K) Class: 533K(640K)->532K(640K)
[65.174s][info][gc             ] GC(44) Pause Full (Allocation Failure) 10149M->10021M(10150M) 10241.365ms
[65.174s][info][gc,cpu         ] GC(44) User=10.20s Sys=0.00s Real=10.24s
[65.536s][info][gc,start       ] GC(45) Pause Full (Allocation Failure)
[65.536s][info][gc,phases,start] GC(45) Phase 1: Mark live objects
[70.222s][info][gc,phases      ] GC(45) Phase 1: Mark live objects 4686.363ms
[70.222s][info][gc,phases,start] GC(45) Phase 2: Compute new object addresses
[71.647s][info][gc,phases      ] GC(45) Phase 2: Compute new object addresses 1424.224ms
[71.647s][info][gc,phases,start] GC(45) Phase 3: Adjust pointers
[73.602s][info][gc,phases      ] GC(45) Phase 3: Adjust pointers 1955.084ms
[73.602s][info][gc,phases,start] GC(45) Phase 4: Move objects
[73.602s][info][gc,phases      ] GC(45) Phase 4: Move objects 0.016ms
[73.602s][info][gc,heap        ] GC(45) DefNew: 3225599K(3225600K)->3225599K(3225600K) Eden: 2867199K(2867200K)->2867199K(2867200K) From: 358399K(358400K)->358399K(358400K)
[73.602s][info][gc,heap        ] GC(45) Tenured: 7167999K(7168000K)->7167999K(7168000K)
[73.602s][info][gc,metaspace   ] GC(45) Metaspace: 6300K(6464K)->6300K(6464K) NonClass: 5767K(5824K)->5767K(5824K) Class: 532K(640K)->532K(640K)
[73.602s][info][gc             ] GC(45) Pause Full (Allocation Failure) 10149M->10149M(10150M) 8066.641ms
[73.602s][info][gc,cpu         ] GC(45) User=8.06s Sys=0.00s Real=8.07s
[73.602s][info][gc,start       ] GC(46) Pause Full (Allocation Failure)
[73.602s][info][gc,phases,start] GC(46) Phase 1: Mark live objects
[78.344s][info][gc,phases      ] GC(46) Phase 1: Mark live objects 4741.616ms
[78.344s][info][gc,phases,start] GC(46) Phase 2: Compute new object addresses
[79.780s][info][gc,phases      ] GC(46) Phase 2: Compute new object addresses 1435.881ms
[79.780s][info][gc,phases,start] GC(46) Phase 3: Adjust pointers
[81.698s][info][gc,phases      ] GC(46) Phase 3: Adjust pointers 1917.708ms
[81.698s][info][gc,phases,start] GC(46) Phase 4: Move objects
[81.698s][info][gc,phases      ] GC(46) Phase 4: Move objects 0.023ms
[81.698s][info][gc,heap        ] GC(46) DefNew: 3225599K(3225600K)->3225599K(3225600K) Eden: 2867199K(2867200K)->2867199K(2867200K) From: 358399K(358400K)->358399K(358400K)
[81.698s][info][gc,heap        ] GC(46) Tenured: 7167999K(7168000K)->7167999K(7168000K)
[81.698s][info][gc,metaspace   ] GC(46) Metaspace: 6300K(6464K)->6300K(6464K) NonClass: 5767K(5824K)->5767K(5824K) Class: 532K(640K)->532K(640K)
[81.698s][info][gc             ] GC(46) Pause Full (Allocation Failure) 10149M->10149M(10150M) 8096.036ms
[81.698s][info][gc,cpu         ] GC(46) User=8.05s Sys=0.00s Real=8.10s
[81.699s][info][gc,start       ] GC(47) Pause Full (Allocation Failure)
[81.699s][info][gc,phases,start] GC(47) Phase 1: Mark live objects
[86.377s][info][gc,phases      ] GC(47) Phase 1: Mark live objects 4677.918ms
[86.377s][info][gc,phases,start] GC(47) Phase 2: Compute new object addresses
[87.807s][info][gc,phases      ] GC(47) Phase 2: Compute new object addresses 1430.361ms
[87.807s][info][gc,phases,start] GC(47) Phase 3: Adjust pointers
[89.723s][info][gc,phases      ] GC(47) Phase 3: Adjust pointers 1915.744ms
[89.723s][info][gc,phases,start] GC(47) Phase 4: Move objects
[89.723s][info][gc,phases      ] GC(47) Phase 4: Move objects 0.016ms
[89.724s][info][gc,heap        ] GC(47) DefNew: 3225599K(3225600K)->3225599K(3225600K) Eden: 2867200K(2867200K)->2867200K(2867200K) From: 358399K(358400K)->358399K(358400K)
[89.724s][info][gc,heap        ] GC(47) Tenured: 7167999K(7168000K)->7167999K(7168000K)
[89.724s][info][gc,metaspace   ] GC(47) Metaspace: 6300K(6464K)->6300K(6464K) NonClass: 5767K(5824K)->5767K(5824K) Class: 532K(640K)->532K(640K)
[89.724s][info][gc             ] GC(47) Pause Full (Allocation Failure) 10149M->10149M(10150M) 8024.876ms
[89.724s][info][gc,cpu         ] GC(47) User=8.02s Sys=0.00s Real=8.02s
[89.724s][info][gc,start       ] GC(48) Pause Full (Allocation Failure)
[89.724s][info][gc,phases,start] GC(48) Phase 1: Mark live objects
[94.378s][info][gc,phases      ] GC(48) Phase 1: Mark live objects 4654.346ms
[94.378s][info][gc,phases,start] GC(48) Phase 2: Compute new object addresses
[95.809s][info][gc,phases      ] GC(48) Phase 2: Compute new object addresses 1431.060ms
[95.809s][info][gc,phases,start] GC(48) Phase 3: Adjust pointers
[98.113s][info][gc,phases      ] GC(48) Phase 3: Adjust pointers 2303.050ms
[98.113s][info][gc,phases,start] GC(48) Phase 4: Move objects
[99.812s][info][gc,phases      ] GC(48) Phase 4: Move objects 1699.379ms
[99.813s][info][gc,heap        ] GC(48) DefNew: 3225599K(3225600K)->3225598K(3225600K) Eden: 2867200K(2867200K)->2867199K(2867200K) From: 358399K(358400K)->358398K(358400K)
[99.813s][info][gc,heap        ] GC(48) Tenured: 7167999K(7168000K)->7167999K(7168000K)
[99.813s][info][gc,metaspace   ] GC(48) Metaspace: 6300K(6464K)->6300K(6464K) NonClass: 5767K(5824K)->5767K(5824K) Class: 532K(640K)->532K(640K)
[99.813s][info][gc             ] GC(48) Pause Full (Allocation Failure) 10149M->10149M(10150M) 10088.775ms
[99.813s][info][gc,cpu         ] GC(48) User=10.08s Sys=0.00s Real=10.09s
[99.814s][info][gc,start       ] GC(49) Pause Full (Allocation Failure)
[99.814s][info][gc,phases,start] GC(49) Phase 1: Mark live objects
[104.487s][info][gc,phases      ] GC(49) Phase 1: Mark live objects 4672.893ms
[104.487s][info][gc,phases,start] GC(49) Phase 2: Compute new object addresses
[105.923s][info][gc,phases      ] GC(49) Phase 2: Compute new object addresses 1436.192ms
[105.923s][info][gc,phases,start] GC(49) Phase 3: Adjust pointers
[107.849s][info][gc,phases      ] GC(49) Phase 3: Adjust pointers 1925.448ms
[107.849s][info][gc,phases,start] GC(49) Phase 4: Move objects
[107.849s][info][gc,phases      ] GC(49) Phase 4: Move objects 0.017ms
[107.849s][info][gc,heap        ] GC(49) DefNew: 3225599K(3225600K)->3225598K(3225600K) Eden: 2867200K(2867200K)->2867199K(2867200K) From: 358399K(358400K)->358398K(358400K)
[107.849s][info][gc,heap        ] GC(49) Tenured: 7167999K(7168000K)->7167999K(7168000K)
[107.849s][info][gc,metaspace   ] GC(49) Metaspace: 6302K(6528K)->6302K(6528K) NonClass: 5768K(5888K)->5768K(5888K) Class: 533K(640K)->533K(640K)
[107.849s][info][gc             ] GC(49) Pause Full (Allocation Failure) 10149M->10149M(10150M) 8035.443ms
[107.849s][info][gc,cpu         ] GC(49) User=8.03s Sys=0.00s Real=8.04s
[107.850s][info][gc,heap,exit   ] Heap
[107.850s][info][gc,heap,exit   ]  def new generation   total 3225600K, used 3225599K [0x000000056fc00000, 0x000000064a800000, 0x000000064a800000)
[107.850s][info][gc,heap,exit   ]   eden space 2867200K, 100% used [0x000000056fc00000, 0x000000061ec00000, 0x000000061ec00000)
[107.850s][info][gc,heap,exit   ]   from space 358400K,  99% used [0x000000061ec00000, 0x00000006349fff50, 0x0000000634a00000)
[107.850s][info][gc,heap,exit   ]   to   space 358400K,   0% used [0x0000000634a00000, 0x0000000634a00000, 0x000000064a800000)
[107.850s][info][gc,heap,exit   ]  tenured generation   total 7168000K, used 7167999K [0x000000064a800000, 0x0000000800000000, 0x0000000800000000)
[107.850s][info][gc,heap,exit   ]    the space 7168000K,  99% used [0x000000064a800000, 0x00000007ffffffd8, 0x0000000800000000, 0x0000000800000000)
[107.850s][info][gc,heap,exit   ]  Metaspace       used 6305K, committed 6528K, reserved 1114112K
[107.850s][info][gc,heap,exit   ]   class space    used 534K, committed 640K, reserved 1048576K
