[0.012s][info][gc,init] CardTable entry size: 512
[0.012s][info][gc     ] Using Serial
[0.012s][info][gc,init] Version: 18.0.1+10 (release)
[0.013s][info][gc,init] CPUs: 8 total, 8 available
[0.013s][info][gc,init] Memory: 16063M
[0.013s][info][gc,init] Large Page Support: Disabled
[0.013s][info][gc,init] NUMA Support: Disabled
[0.013s][info][gc,init] Compressed Oops: Enabled (Zero based)
[0.013s][info][gc,init] Heap Min Capacity: 2M
[0.013s][info][gc,init] Heap Initial Capacity: 2M
[0.013s][info][gc,init] Heap Max Capacity: 3300M
[0.013s][info][gc,init] Pre-touch: Disabled
[0.013s][info][gc,metaspace] CDS archive(s) not mapped
[0.014s][info][gc,metaspace] Compressed class space mapped at: 0x0000000800000000-0x0000000840000000, reserved size: 1073741824
[0.014s][info][gc,metaspace] Narrow klass base: 0x0000000800000000, Narrow klass shift: 0, Narrow klass range: 0x40000000
[0.181s][info][gc,start    ] GC(0) Pause Young (Allocation Failure)
[0.183s][info][gc,heap     ] GC(0) DefNew: 1023K(1152K)->127K(1152K) Eden: 1023K(1024K)->0K(1024K) From: 0K(128K)->127K(128K)
[0.183s][info][gc,heap     ] GC(0) Tenured: 0K(768K)->440K(768K)
[0.183s][info][gc,metaspace] GC(0) Metaspace: 5904K(6016K)->5904K(6016K) NonClass: 5404K(5504K)->5404K(5504K) Class: 499K(512K)->499K(512K)
[0.183s][info][gc          ] GC(0) Pause Young (Allocation Failure) 0M->0M(1M) 1.538ms
[0.183s][info][gc,cpu      ] GC(0) User=0.00s Sys=0.00s Real=0.00s
[0.206s][info][gc,start    ] GC(1) Pause Young (Allocation Failure)
[0.207s][info][gc          ] GC(1) Pause Young (Allocation Failure) 1M->0M(2M) 1.328ms
[0.207s][info][gc,cpu      ] GC(1) User=0.00s Sys=0.00s Real=0.00s
[0.208s][info][gc,start    ] GC(2) Pause Full (Allocation Failure)
[0.208s][info][gc,phases,start] GC(2) Phase 1: Mark live objects
[0.209s][info][gc,phases      ] GC(2) Phase 1: Mark live objects 1.480ms
[0.209s][info][gc,phases,start] GC(2) Phase 2: Compute new object addresses
[0.210s][info][gc,phases      ] GC(2) Phase 2: Compute new object addresses 0.365ms
[0.210s][info][gc,phases,start] GC(2) Phase 3: Adjust pointers
[0.210s][info][gc,phases      ] GC(2) Phase 3: Adjust pointers 0.772ms
[0.210s][info][gc,phases,start] GC(2) Phase 4: Move objects
[0.210s][info][gc,phases      ] GC(2) Phase 4: Move objects 0.076ms
[0.211s][info][gc,heap        ] GC(2) DefNew: 1151K(1152K)->40K(1152K) Eden: 1024K(1024K)->40K(1024K) From: 127K(128K)->0K(128K)
[0.211s][info][gc,heap        ] GC(2) Tenured: 440K(768K)->959K(1600K)
[0.211s][info][gc,metaspace   ] GC(2) Metaspace: 6300K(6528K)->6300K(6528K) NonClass: 5767K(5888K)->5767K(5888K) Class: 533K(640K)->533K(640K)
[0.211s][info][gc             ] GC(2) Pause Full (Allocation Failure) 0M->0M(2M) 3.103ms
[0.211s][info][gc,cpu         ] GC(2) User=0.00s Sys=0.00s Real=0.00s
[0.212s][info][gc,start       ] GC(3) Pause Young (Allocation Failure)
[0.214s][info][gc,heap        ] GC(3) DefNew: 1024K(1152K)->128K(1152K) Eden: 1024K(1024K)->0K(1024K) From: 0K(128K)->128K(128K)
[0.214s][info][gc,heap        ] GC(3) Tenured: 959K(1600K)->1374K(1600K)
[0.214s][info][gc,metaspace   ] GC(3) Metaspace: 6300K(6528K)->6300K(6528K) NonClass: 5767K(5888K)->5767K(5888K) Class: 533K(640K)->533K(640K)
[0.214s][info][gc             ] GC(3) Pause Young (Allocation Failure) 1M->1M(2M) 1.869ms
[0.214s][info][gc,cpu         ] GC(3) User=0.00s Sys=0.00s Real=0.00s
[0.216s][info][gc,start       ] GC(4) Pause Young (Allocation Failure)
[0.218s][info][gc             ] GC(4) Pause Young (Allocation Failure) 2M->1M(3M) 1.773ms
[0.218s][info][gc,cpu         ] GC(4) User=0.00s Sys=0.00s Real=0.00s
[0.218s][info][gc,start       ] GC(5) Pause Full (Allocation Failure)
[0.218s][info][gc,phases,start] GC(5) Phase 1: Mark live objects
[0.220s][info][gc,phases      ] GC(5) Phase 1: Mark live objects 2.214ms
[0.220s][info][gc,phases,start] GC(5) Phase 2: Compute new object addresses
[0.221s][info][gc,phases      ] GC(5) Phase 2: Compute new object addresses 0.631ms
[0.221s][info][gc,phases,start] GC(5) Phase 3: Adjust pointers
[0.222s][info][gc,phases      ] GC(5) Phase 3: Adjust pointers 0.794ms
[0.222s][info][gc,phases,start] GC(5) Phase 4: Move objects
[0.222s][info][gc,phases      ] GC(5) Phase 4: Move objects 0.078ms
[0.222s][info][gc,heap        ] GC(5) DefNew: 1152K(1152K)->34K(1536K) Eden: 1024K(1024K)->34K(1408K) From: 128K(128K)->0K(128K)
[0.222s][info][gc,heap        ] GC(5) Tenured: 1374K(1600K)->1984K(3308K)
[0.222s][info][gc,metaspace   ] GC(5) Metaspace: 6300K(6528K)->6300K(6528K) NonClass: 5767K(5888K)->5767K(5888K) Class: 533K(640K)->533K(640K)
[0.222s][info][gc             ] GC(5) Pause Full (Allocation Failure) 1M->1M(4M) 4.212ms
[0.222s][info][gc,cpu         ] GC(5) User=0.00s Sys=0.00s Real=0.00s
[0.224s][info][gc,start       ] GC(6) Pause Young (Allocation Failure)
[0.227s][info][gc,heap        ] GC(6) DefNew: 1408K(1536K)->127K(1536K) Eden: 1408K(1408K)->0K(1408K) From: 0K(128K)->127K(128K)
[0.227s][info][gc,heap        ] GC(6) Tenured: 1984K(3308K)->2617K(3308K)
[0.227s][info][gc,metaspace   ] GC(6) Metaspace: 6300K(6528K)->6300K(6528K) NonClass: 5767K(5888K)->5767K(5888K) Class: 533K(640K)->533K(640K)
[0.227s][info][gc             ] GC(6) Pause Young (Allocation Failure) 3M->2M(4M) 2.167ms
[0.227s][info][gc,cpu         ] GC(6) User=0.00s Sys=0.00s Real=0.00s
[0.229s][info][gc,start       ] GC(7) Pause Young (Allocation Failure)
[0.231s][info][gc             ] GC(7) Pause Young (Allocation Failure) 4M->3M(4M) 1.898ms
[0.231s][info][gc,cpu         ] GC(7) User=0.00s Sys=0.00s Real=0.00s
[0.231s][info][gc,start       ] GC(8) Pause Full (Allocation Failure)
[0.231s][info][gc,phases,start] GC(8) Phase 1: Mark live objects
[0.233s][info][gc,phases      ] GC(8) Phase 1: Mark live objects 2.264ms
[0.233s][info][gc,phases,start] GC(8) Phase 2: Compute new object addresses
[0.234s][info][gc,phases      ] GC(8) Phase 2: Compute new object addresses 0.681ms
[0.234s][info][gc,phases,start] GC(8) Phase 3: Adjust pointers
[0.235s][info][gc,phases      ] GC(8) Phase 3: Adjust pointers 1.128ms
[0.235s][info][gc,phases,start] GC(8) Phase 4: Move objects
[0.235s][info][gc,phases      ] GC(8) Phase 4: Move objects 0.094ms
[0.235s][info][gc,heap        ] GC(8) DefNew: 1535K(1536K)->0K(2688K) Eden: 1408K(1408K)->0K(2432K) From: 127K(128K)->0K(256K)
[0.235s][info][gc,heap        ] GC(8) Tenured: 2617K(3308K)->3459K(5768K)
[0.235s][info][gc,metaspace   ] GC(8) Metaspace: 6300K(6528K)->6300K(6528K) NonClass: 5767K(5888K)->5767K(5888K) Class: 533K(640K)->533K(640K)
[0.235s][info][gc             ] GC(8) Pause Full (Allocation Failure) 3M->3M(8M) 4.501ms
[0.235s][info][gc,cpu         ] GC(8) User=0.00s Sys=0.00s Real=0.00s
[0.240s][info][gc,start       ] GC(9) Pause Young (Allocation Failure)
[0.244s][info][gc,heap        ] GC(9) DefNew: 2432K(2688K)->256K(2688K) Eden: 2432K(2432K)->0K(2432K) From: 0K(256K)->256K(256K)
[0.244s][info][gc,heap        ] GC(9) Tenured: 3459K(5768K)->4512K(5768K)
[0.244s][info][gc,metaspace   ] GC(9) Metaspace: 6300K(6528K)->6300K(6528K) NonClass: 5767K(5888K)->5767K(5888K) Class: 533K(640K)->533K(640K)
[0.244s][info][gc             ] GC(9) Pause Young (Allocation Failure) 5M->4M(8M) 3.874ms
[0.244s][info][gc,cpu         ] GC(9) User=0.00s Sys=0.00s Real=0.00s
[0.247s][info][gc,start       ] GC(10) Pause Young (Allocation Failure)
[0.250s][info][gc,heap        ] GC(10) DefNew: 2688K(2688K)->255K(2688K) Eden: 2432K(2432K)->0K(2432K) From: 256K(256K)->255K(256K)
[0.250s][info][gc,heap        ] GC(10) Tenured: 4512K(5768K)->5755K(5768K)
[0.250s][info][gc,metaspace   ] GC(10) Metaspace: 6300K(6528K)->6300K(6528K) NonClass: 5767K(5888K)->5767K(5888K) Class: 533K(640K)->533K(640K)
[0.250s][info][gc             ] GC(10) Pause Young (Allocation Failure) 7M->5M(8M) 3.057ms
[0.250s][info][gc,cpu         ] GC(10) User=0.00s Sys=0.00s Real=0.00s
[0.254s][info][gc,start       ] GC(11) Pause Young (Allocation Failure)
[0.258s][info][gc             ] GC(11) Pause Young (Allocation Failure) 8M->7M(9M) 3.579ms
[0.258s][info][gc,cpu         ] GC(11) User=0.00s Sys=0.00s Real=0.00s
[0.258s][info][gc,start       ] GC(12) Pause Full (Allocation Failure)
[0.258s][info][gc,phases,start] GC(12) Phase 1: Mark live objects
[0.262s][info][gc,phases      ] GC(12) Phase 1: Mark live objects 4.206ms
[0.262s][info][gc,phases,start] GC(12) Phase 2: Compute new object addresses
[0.263s][info][gc,phases      ] GC(12) Phase 2: Compute new object addresses 1.327ms
[0.263s][info][gc,phases,start] GC(12) Phase 3: Adjust pointers
[0.265s][info][gc,phases      ] GC(12) Phase 3: Adjust pointers 1.920ms
[0.265s][info][gc,phases,start] GC(12) Phase 4: Move objects
[0.267s][info][gc,phases      ] GC(12) Phase 4: Move objects 1.544ms
[0.267s][info][gc,heap        ] GC(12) DefNew: 2687K(2688K)->0K(5376K) Eden: 2432K(2432K)->0K(4800K) From: 255K(256K)->0K(576K)
[0.267s][info][gc,heap        ] GC(12) Tenured: 5755K(5768K)->7132K(11888K)
[0.267s][info][gc,metaspace   ] GC(12) Metaspace: 6300K(6528K)->6300K(6528K) NonClass: 5767K(5888K)->5767K(5888K) Class: 533K(640K)->533K(640K)
[0.267s][info][gc             ] GC(12) Pause Full (Allocation Failure) 7M->6M(16M) 9.513ms
[0.267s][info][gc,cpu         ] GC(12) User=0.00s Sys=0.00s Real=0.01s
[0.273s][info][gc,start       ] GC(13) Pause Young (Allocation Failure)
[0.278s][info][gc,heap        ] GC(13) DefNew: 4800K(5376K)->576K(5376K) Eden: 4800K(4800K)->0K(4800K) From: 0K(576K)->576K(576K)
[0.278s][info][gc,heap        ] GC(13) Tenured: 7132K(11888K)->9027K(11888K)
[0.278s][info][gc,metaspace   ] GC(13) Metaspace: 6300K(6528K)->6300K(6528K) NonClass: 5767K(5888K)->5767K(5888K) Class: 533K(640K)->533K(640K)
[0.278s][info][gc             ] GC(13) Pause Young (Allocation Failure) 11M->9M(16M) 5.276ms
[0.278s][info][gc,cpu         ] GC(13) User=0.00s Sys=0.00s Real=0.00s
[0.284s][info][gc,start       ] GC(14) Pause Young (Allocation Failure)
[0.290s][info][gc,heap        ] GC(14) DefNew: 5376K(5376K)->576K(5376K) Eden: 4800K(4800K)->0K(4800K) From: 576K(576K)->576K(576K)
[0.290s][info][gc,heap        ] GC(14) Tenured: 9027K(11888K)->11746K(11888K)
[0.290s][info][gc,metaspace   ] GC(14) Metaspace: 6300K(6528K)->6300K(6528K) NonClass: 5767K(5888K)->5767K(5888K) Class: 533K(640K)->533K(640K)
[0.290s][info][gc             ] GC(14) Pause Young (Allocation Failure) 14M->12M(16M) 6.558ms
[0.290s][info][gc,cpu         ] GC(14) User=0.00s Sys=0.00s Real=0.01s
[0.295s][info][gc,start       ] GC(15) Pause Young (Allocation Failure)
[0.303s][info][gc             ] GC(15) Pause Young (Allocation Failure) 16M->14M(19M) 7.938ms
[0.303s][info][gc,cpu         ] GC(15) User=0.00s Sys=0.00s Real=0.01s
[0.303s][info][gc,start       ] GC(16) Pause Full (Allocation Failure)
[0.303s][info][gc,phases,start] GC(16) Phase 1: Mark live objects
[0.313s][info][gc,phases      ] GC(16) Phase 1: Mark live objects 9.982ms
[0.313s][info][gc,phases,start] GC(16) Phase 2: Compute new object addresses
[0.316s][info][gc,phases      ] GC(16) Phase 2: Compute new object addresses 3.147ms
[0.316s][info][gc,phases,start] GC(16) Phase 3: Adjust pointers
[0.320s][info][gc,phases      ] GC(16) Phase 3: Adjust pointers 4.069ms
[0.320s][info][gc,phases,start] GC(16) Phase 4: Move objects
[0.320s][info][gc,phases      ] GC(16) Phase 4: Move objects 0.226ms
[0.320s][info][gc,heap        ] GC(16) DefNew: 5376K(5376K)->386K(10880K) Eden: 4800K(4800K)->386K(9728K) From: 576K(576K)->0K(1152K)
[0.320s][info][gc,heap        ] GC(16) Tenured: 11746K(11888K)->14383K(23976K)
[0.321s][info][gc,metaspace   ] GC(16) Metaspace: 6302K(6528K)->6302K(6528K) NonClass: 5769K(5888K)->5769K(5888K) Class: 533K(640K)->533K(640K)
[0.321s][info][gc             ] GC(16) Pause Full (Allocation Failure) 14M->14M(34M) 17.855ms
[0.321s][info][gc,cpu         ] GC(16) User=0.02s Sys=0.00s Real=0.02s
[0.329s][info][gc,start       ] GC(17) Pause Young (Allocation Failure)
[0.344s][info][gc,heap        ] GC(17) DefNew: 9728K(10880K)->1152K(10880K) Eden: 9728K(9728K)->0K(9728K) From: 0K(1152K)->1152K(1152K)
[0.344s][info][gc,heap        ] GC(17) Tenured: 14383K(23976K)->18415K(23976K)
[0.344s][info][gc,metaspace   ] GC(17) Metaspace: 6302K(6528K)->6302K(6528K) NonClass: 5769K(5888K)->5769K(5888K) Class: 533K(640K)->533K(640K)
[0.344s][info][gc             ] GC(17) Pause Young (Allocation Failure) 23M->19M(34M) 14.992ms
[0.344s][info][gc,cpu         ] GC(17) User=0.00s Sys=0.00s Real=0.02s
[0.353s][info][gc,start       ] GC(18) Pause Young (Allocation Failure)
[0.366s][info][gc,heap        ] GC(18) DefNew: 10880K(10880K)->1151K(10880K) Eden: 9728K(9728K)->0K(9728K) From: 1152K(1152K)->1151K(1152K)
[0.366s][info][gc,heap        ] GC(18) Tenured: 18415K(23976K)->23936K(23976K)
[0.366s][info][gc,metaspace   ] GC(18) Metaspace: 6302K(6528K)->6302K(6528K) NonClass: 5769K(5888K)->5769K(5888K) Class: 533K(640K)->533K(640K)
[0.366s][info][gc             ] GC(18) Pause Young (Allocation Failure) 28M->24M(34M) 13.295ms
[0.366s][info][gc,cpu         ] GC(18) User=0.00s Sys=0.00s Real=0.01s
[0.375s][info][gc,start       ] GC(19) Pause Young (Allocation Failure)
[0.387s][info][gc             ] GC(19) Pause Young (Allocation Failure) 34M->29M(38M) 12.138ms
[0.387s][info][gc,cpu         ] GC(19) User=0.02s Sys=0.00s Real=0.01s
[0.387s][info][gc,start       ] GC(20) Pause Full (Allocation Failure)
[0.387s][info][gc,phases,start] GC(20) Phase 1: Mark live objects
[0.404s][info][gc,phases      ] GC(20) Phase 1: Mark live objects 16.229ms
[0.404s][info][gc,phases,start] GC(20) Phase 2: Compute new object addresses
[0.409s][info][gc,phases      ] GC(20) Phase 2: Compute new object addresses 5.629ms
[0.410s][info][gc,phases,start] GC(20) Phase 3: Adjust pointers
[0.416s][info][gc,phases      ] GC(20) Phase 3: Adjust pointers 6.071ms
[0.416s][info][gc,phases,start] GC(20) Phase 4: Move objects
[0.416s][info][gc,phases      ] GC(20) Phase 4: Move objects 0.204ms
[0.416s][info][gc,heap        ] GC(20) DefNew: 10879K(10880K)->1080K(21888K) Eden: 9728K(9728K)->1080K(19520K) From: 1151K(1152K)->0K(2368K)
[0.416s][info][gc,heap        ] GC(20) Tenured: 23936K(23976K)->29035K(48396K)
[0.416s][info][gc,metaspace   ] GC(20) Metaspace: 6302K(6528K)->6302K(6528K) NonClass: 5769K(5888K)->5769K(5888K) Class: 533K(640K)->533K(640K)
[0.416s][info][gc             ] GC(20) Pause Full (Allocation Failure) 29M->29M(68M) 28.707ms
[0.416s][info][gc,cpu         ] GC(20) User=0.03s Sys=0.00s Real=0.03s
[0.432s][info][gc,start       ] GC(21) Pause Young (Allocation Failure)
[0.465s][info][gc,heap        ] GC(21) DefNew: 18427K(21888K)->2367K(21888K) Eden: 18427K(19520K)->0K(19520K) From: 0K(2368K)->2367K(2368K)
[0.465s][info][gc,heap        ] GC(21) Tenured: 29035K(48396K)->43096K(48396K)
[0.465s][info][gc,metaspace   ] GC(21) Metaspace: 6302K(6528K)->6302K(6528K) NonClass: 5769K(5888K)->5769K(5888K) Class: 533K(640K)->533K(640K)
[0.465s][info][gc             ] GC(21) Pause Young (Allocation Failure) 46M->44M(68M) 33.386ms
[0.465s][info][gc,cpu         ] GC(21) User=0.03s Sys=0.00s Real=0.03s
[0.484s][info][gc,start       ] GC(22) Pause Young (Allocation Failure)
[0.522s][info][gc             ] GC(22) Pause Young (Allocation Failure) 63M->63M(82M) 37.387ms
[0.522s][info][gc,cpu         ] GC(22) User=0.03s Sys=0.00s Real=0.04s
[0.522s][info][gc,start       ] GC(23) Pause Full (Allocation Failure)
[0.522s][info][gc,phases,start] GC(23) Phase 1: Mark live objects
[0.553s][info][gc,phases      ] GC(23) Phase 1: Mark live objects 30.623ms
[0.553s][info][gc,phases,start] GC(23) Phase 2: Compute new object addresses
[0.564s][info][gc,phases      ] GC(23) Phase 2: Compute new object addresses 11.852ms
[0.564s][info][gc,phases,start] GC(23) Phase 3: Adjust pointers
[0.578s][info][gc,phases      ] GC(23) Phase 3: Adjust pointers 13.992ms
[0.579s][info][gc,phases,start] GC(23) Phase 4: Move objects
[0.579s][info][gc,phases      ] GC(23) Phase 4: Move objects 0.473ms
[0.579s][info][gc,heap        ] GC(23) DefNew: 21887K(21888K)->2350K(47040K) Eden: 19520K(19520K)->2350K(41856K) From: 2367K(2368K)->0K(5184K)
[0.579s][info][gc,heap        ] GC(23) Tenured: 43096K(48396K)->62603K(104340K)
[0.579s][info][gc,metaspace   ] GC(23) Metaspace: 6302K(6528K)->6302K(6528K) NonClass: 5769K(5888K)->5769K(5888K) Class: 533K(640K)->533K(640K)
[0.580s][info][gc             ] GC(23) Pause Full (Allocation Failure) 63M->63M(147M) 57.719ms
[0.580s][info][gc,cpu         ] GC(23) User=0.03s Sys=0.00s Real=0.06s
[0.623s][info][gc,start       ] GC(24) Pause Young (Allocation Failure)
[0.692s][info][gc,heap        ] GC(24) DefNew: 41856K(47040K)->5184K(47040K) Eden: 41856K(41856K)->0K(41856K) From: 0K(5184K)->5184K(5184K)
[0.692s][info][gc,heap        ] GC(24) Tenured: 62603K(104340K)->99251K(104340K)
[0.692s][info][gc,metaspace   ] GC(24) Metaspace: 6302K(6528K)->6302K(6528K) NonClass: 5769K(5888K)->5769K(5888K) Class: 533K(640K)->533K(640K)
[0.692s][info][gc             ] GC(24) Pause Young (Allocation Failure) 102M->101M(147M) 68.587ms
[0.692s][info][gc,cpu         ] GC(24) User=0.05s Sys=0.02s Real=0.07s
[0.726s][info][gc,start       ] GC(25) Pause Young (Allocation Failure)
[0.802s][info][gc             ] GC(25) Pause Young (Allocation Failure) 142M->142M(183M) 76.048ms
[0.802s][info][gc,cpu         ] GC(25) User=0.05s Sys=0.02s Real=0.08s
[0.802s][info][gc,start       ] GC(26) Pause Full (Allocation Failure)
[0.802s][info][gc,phases,start] GC(26) Phase 1: Mark live objects
[0.862s][info][gc,phases      ] GC(26) Phase 1: Mark live objects 59.532ms
[0.862s][info][gc,phases,start] GC(26) Phase 2: Compute new object addresses
[0.884s][info][gc,phases      ] GC(26) Phase 2: Compute new object addresses 22.038ms
[0.884s][info][gc,phases,start] GC(26) Phase 3: Adjust pointers
[0.913s][info][gc,phases      ] GC(26) Phase 3: Adjust pointers 29.253ms
[0.913s][info][gc,phases,start] GC(26) Phase 4: Move objects
[0.938s][info][gc,phases      ] GC(26) Phase 4: Move objects 24.796ms
[0.939s][info][gc,heap        ] GC(26) DefNew: 47040K(47040K)->1334K(105920K) Eden: 41856K(41856K)->1334K(94208K) From: 5184K(5184K)->0K(11712K)
[0.939s][info][gc,heap        ] GC(26) Tenured: 99251K(104340K)->141079K(235136K)
[0.939s][info][gc,metaspace   ] GC(26) Metaspace: 6302K(6528K)->6302K(6528K) NonClass: 5769K(5888K)->5769K(5888K) Class: 533K(640K)->533K(640K)
[0.939s][info][gc             ] GC(26) Pause Full (Allocation Failure) 142M->139M(333M) 136.418ms
[0.939s][info][gc,cpu         ] GC(26) User=0.14s Sys=0.00s Real=0.14s
[1.045s][info][gc,start       ] GC(27) Pause Young (Allocation Failure)
[1.207s][info][gc,heap        ] GC(27) DefNew: 94208K(105920K)->11712K(105920K) Eden: 94208K(94208K)->0K(94208K) From: 0K(11712K)->11712K(11712K)
[1.207s][info][gc,heap        ] GC(27) Tenured: 141079K(235136K)->223548K(235136K)
[1.207s][info][gc,metaspace   ] GC(27) Metaspace: 6302K(6528K)->6302K(6528K) NonClass: 5769K(5888K)->5769K(5888K) Class: 533K(640K)->533K(640K)
[1.207s][info][gc             ] GC(27) Pause Young (Allocation Failure) 229M->229M(333M) 162.010ms
[1.207s][info][gc,cpu         ] GC(27) User=0.11s Sys=0.00s Real=0.16s
[1.289s][info][gc,start       ] GC(28) Pause Young (Allocation Failure)
[1.465s][info][gc             ] GC(28) Pause Young (Allocation Failure) 321M->321M(413M) 175.627ms
[1.465s][info][gc,cpu         ] GC(28) User=0.14s Sys=0.02s Real=0.17s
[1.465s][info][gc,start       ] GC(29) Pause Full (Allocation Failure)
[1.465s][info][gc,phases,start] GC(29) Phase 1: Mark live objects
[1.614s][info][gc,phases      ] GC(29) Phase 1: Mark live objects 149.299ms
[1.614s][info][gc,phases,start] GC(29) Phase 2: Compute new object addresses
[1.664s][info][gc,phases      ] GC(29) Phase 2: Compute new object addresses 50.392ms
[1.664s][info][gc,phases,start] GC(29) Phase 3: Adjust pointers
[1.721s][info][gc,phases      ] GC(29) Phase 3: Adjust pointers 56.165ms
[1.721s][info][gc,phases,start] GC(29) Phase 4: Move objects
[1.723s][info][gc,phases      ] GC(29) Phase 4: Move objects 2.325ms
[1.724s][info][gc,heap        ] GC(29) DefNew: 105920K(105920K)->11605K(238464K) Eden: 94208K(94208K)->11605K(212032K) From: 11712K(11712K)->0K(26432K)
[1.724s][info][gc,heap        ] GC(29) Tenured: 223548K(235136K)->317827K(529716K)
[1.724s][info][gc,metaspace   ] GC(29) Metaspace: 6302K(6528K)->6302K(6528K) NonClass: 5769K(5888K)->5769K(5888K) Class: 533K(640K)->533K(640K)
[1.724s][info][gc             ] GC(29) Pause Full (Allocation Failure) 321M->321M(750M) 259.471ms
[1.724s][info][gc,cpu         ] GC(29) User=0.25s Sys=0.00s Real=0.26s
[1.944s][info][gc,start       ] GC(30) Pause Young (Allocation Failure)
[2.291s][info][gc,heap        ] GC(30) DefNew: 212032K(238464K)->26432K(238464K) Eden: 212032K(212032K)->0K(212032K) From: 0K(26432K)->26432K(26432K)
[2.291s][info][gc,heap        ] GC(30) Tenured: 317827K(529716K)->503402K(529716K)
[2.291s][info][gc,metaspace   ] GC(30) Metaspace: 6302K(6528K)->6302K(6528K) NonClass: 5769K(5888K)->5769K(5888K) Class: 533K(640K)->533K(640K)
[2.291s][info][gc             ] GC(30) Pause Young (Allocation Failure) 517M->517M(750M) 347.506ms
[2.291s][info][gc,cpu         ] GC(30) User=0.20s Sys=0.11s Real=0.35s
[2.462s][info][gc,start       ] GC(31) Pause Young (Allocation Failure)
[2.818s][info][gc             ] GC(31) Pause Young (Allocation Failure) 702M->700M(907M) 355.320ms
[2.818s][info][gc,cpu         ] GC(31) User=0.30s Sys=0.06s Real=0.36s
[2.818s][info][gc,start       ] GC(32) Pause Full (Allocation Failure)
[2.818s][info][gc,phases,start] GC(32) Phase 1: Mark live objects
[3.137s][info][gc,phases      ] GC(32) Phase 1: Mark live objects 318.964ms
[3.137s][info][gc,phases,start] GC(32) Phase 2: Compute new object addresses
[3.245s][info][gc,phases      ] GC(32) Phase 2: Compute new object addresses 107.844ms
[3.245s][info][gc,phases,start] GC(32) Phase 3: Adjust pointers
[3.361s][info][gc,phases      ] GC(32) Phase 3: Adjust pointers 116.365ms
[3.361s][info][gc,phases,start] GC(32) Phase 4: Move objects
[3.366s][info][gc,phases      ] GC(32) Phase 4: Move objects 5.267ms
[3.368s][info][gc,heap        ] GC(32) DefNew: 216076K(238464K)->26276K(518400K) Eden: 189644K(212032K)->26276K(460800K) From: 26432K(26432K)->0K(57600K)
[3.368s][info][gc,heap        ] GC(32) Tenured: 503402K(529716K)->691187K(1151980K)
[3.368s][info][gc,metaspace   ] GC(32) Metaspace: 6302K(6528K)->6302K(6528K) NonClass: 5769K(5888K)->5769K(5888K) Class: 533K(640K)->533K(640K)
[3.369s][info][gc             ] GC(32) Pause Full (Allocation Failure) 700M->700M(1631M) 550.786ms
[3.369s][info][gc,cpu         ] GC(32) User=0.50s Sys=0.02s Real=0.55s
[3.823s][info][gc,start       ] GC(33) Pause Young (Allocation Failure)
[4.587s][info][gc,heap        ] GC(33) DefNew: 460800K(518400K)->57599K(518400K) Eden: 460800K(460800K)->0K(460800K) From: 0K(57600K)->57599K(57600K)
[4.587s][info][gc,heap        ] GC(33) Tenured: 691187K(1151980K)->1094361K(1151980K)
[4.587s][info][gc,metaspace   ] GC(33) Metaspace: 6302K(6528K)->6302K(6528K) NonClass: 5769K(5888K)->5769K(5888K) Class: 533K(640K)->533K(640K)
[4.587s][info][gc             ] GC(33) Pause Young (Allocation Failure) 1124M->1124M(1631M) 764.104ms
[4.587s][info][gc,cpu         ] GC(33) User=0.61s Sys=0.12s Real=0.76s
[5.060s][info][gc,start       ] GC(34) Pause Young (Allocation Failure)
[5.774s][info][gc             ] GC(34) Pause Young (Allocation Failure) 1574M->1520M(1970M) 713.539ms
[5.774s][info][gc,cpu         ] GC(34) User=0.64s Sys=0.08s Real=0.71s
[5.774s][info][gc,start       ] GC(35) Pause Full (Allocation Failure)
[5.774s][info][gc,phases,start] GC(35) Phase 1: Mark live objects
[6.441s][info][gc,phases      ] GC(35) Phase 1: Mark live objects 667.178ms
[6.441s][info][gc,phases,start] GC(35) Phase 2: Compute new object addresses
[6.661s][info][gc,phases      ] GC(35) Phase 2: Compute new object addresses 220.026ms
[6.661s][info][gc,phases,start] GC(35) Phase 3: Adjust pointers
[6.924s][info][gc,phases      ] GC(35) Phase 3: Adjust pointers 262.226ms
[6.924s][info][gc,phases,start] GC(35) Phase 4: Move objects
[6.935s][info][gc,phases      ] GC(35) Phase 4: Move objects 11.122ms
[6.938s][info][gc,heap        ] GC(35) DefNew: 518399K(518400K)->57485K(1013760K) Eden: 460800K(460800K)->57485K(901120K) From: 57599K(57600K)->0K(112640K)
[6.938s][info][gc,heap        ] GC(35) Tenured: 1094361K(1151980K)->1499183K(2252800K)
[6.938s][info][gc,metaspace   ] GC(35) Metaspace: 6302K(6528K)->6302K(6528K) NonClass: 5769K(5888K)->5769K(5888K) Class: 533K(640K)->533K(640K)
[6.938s][info][gc             ] GC(35) Pause Full (Allocation Failure) 1520M->1520M(3190M) 1164.118ms
[6.938s][info][gc,cpu         ] GC(35) User=1.14s Sys=0.00s Real=1.16s
[7.792s][info][gc,start       ] GC(36) Pause Young (Allocation Failure)
[9.498s][info][gc,promotion   ] GC(36) Promotion failed
[9.498s][info][gc             ] GC(36) Pause Young (Allocation Failure) 2344M->3189M(3190M) 1705.857ms
[9.498s][info][gc,cpu         ] GC(36) User=1.50s Sys=0.16s Real=1.71s
[9.498s][info][gc,start       ] GC(37) Pause Full (Allocation Failure)
[9.498s][info][gc,phases,start] GC(37) Phase 1: Mark live objects
[10.581s][info][gc,phases      ] GC(37) Phase 1: Mark live objects 1083.173ms
[10.581s][info][gc,phases,start] GC(37) Phase 2: Compute new object addresses
[10.999s][info][gc,phases      ] GC(37) Phase 2: Compute new object addresses 417.537ms
[10.999s][info][gc,phases,start] GC(37) Phase 3: Adjust pointers
[11.467s][info][gc,phases      ] GC(37) Phase 3: Adjust pointers 468.324ms
[11.467s][info][gc,phases,start] GC(37) Phase 4: Move objects
[11.902s][info][gc,phases      ] GC(37) Phase 4: Move objects 434.765ms
[11.902s][info][gc,heap        ] GC(37) DefNew: 901120K(1013760K)->118798K(1013760K) Eden: 901120K(901120K)->118798K(901120K) From: 0K(112640K)->0K(112640K)
[11.902s][info][gc,heap        ] GC(37) Tenured: 1499183K(2252800K)->2252799K(2252800K)
[11.902s][info][gc,metaspace   ] GC(37) Metaspace: 6302K(6528K)->6302K(6528K) NonClass: 5769K(5888K)->5769K(5888K) Class: 533K(640K)->533K(640K)
[11.903s][info][gc             ] GC(37) Pause Full (Allocation Failure) 3189M->2316M(3190M) 2404.713ms
[11.903s][info][gc,cpu         ] GC(37) User=2.38s Sys=0.00s Real=2.40s
[13.014s][info][gc,start       ] GC(38) Pause Full (Allocation Failure)
[13.014s][info][gc,phases,start] GC(38) Phase 1: Mark live objects
[14.607s][info][gc,phases      ] GC(38) Phase 1: Mark live objects 1592.409ms
[14.607s][info][gc,phases,start] GC(38) Phase 2: Compute new object addresses
[15.057s][info][gc,phases      ] GC(38) Phase 2: Compute new object addresses 450.265ms
[15.057s][info][gc,phases,start] GC(38) Phase 3: Adjust pointers
[15.697s][info][gc,phases      ] GC(38) Phase 3: Adjust pointers 639.993ms
[15.697s][info][gc,phases,start] GC(38) Phase 4: Move objects
[15.822s][info][gc,phases      ] GC(38) Phase 4: Move objects 125.059ms
[15.823s][info][gc,heap        ] GC(38) DefNew: 1013759K(1013760K)->1013737K(1013760K) Eden: 901120K(901120K)->901119K(901120K) From: 112639K(112640K)->112617K(112640K)
[15.823s][info][gc,heap        ] GC(38) Tenured: 2252799K(2252800K)->2252799K(2252800K)
[15.823s][info][gc,metaspace   ] GC(38) Metaspace: 6302K(6528K)->6302K(6528K) NonClass: 5769K(5888K)->5769K(5888K) Class: 533K(640K)->533K(640K)
[15.823s][info][gc             ] GC(38) Pause Full (Allocation Failure) 3189M->3189M(3190M) 2808.829ms
[15.823s][info][gc,cpu         ] GC(38) User=2.64s Sys=0.00s Real=2.81s
[15.824s][info][gc,start       ] GC(39) Pause Full (Allocation Failure)
[15.824s][info][gc,phases,start] GC(39) Phase 1: Mark live objects
[17.360s][info][gc,phases      ] GC(39) Phase 1: Mark live objects 1536.323ms
[17.360s][info][gc,phases,start] GC(39) Phase 2: Compute new object addresses
[17.857s][info][gc,phases      ] GC(39) Phase 2: Compute new object addresses 496.920ms
[17.857s][info][gc,phases,start] GC(39) Phase 3: Adjust pointers
[18.464s][info][gc,phases      ] GC(39) Phase 3: Adjust pointers 606.595ms
[18.464s][info][gc,phases,start] GC(39) Phase 4: Move objects
[18.464s][info][gc,phases      ] GC(39) Phase 4: Move objects 0.017ms
[18.464s][info][gc,heap        ] GC(39) DefNew: 1013759K(1013760K)->1013759K(1013760K) Eden: 901119K(901120K)->901119K(901120K) From: 112639K(112640K)->112639K(112640K)
[18.464s][info][gc,heap        ] GC(39) Tenured: 2252799K(2252800K)->2252799K(2252800K)
[18.464s][info][gc,metaspace   ] GC(39) Metaspace: 6302K(6528K)->6302K(6528K) NonClass: 5769K(5888K)->5769K(5888K) Class: 533K(640K)->533K(640K)
[18.464s][info][gc             ] GC(39) Pause Full (Allocation Failure) 3189M->3189M(3190M) 2640.574ms
[18.464s][info][gc,cpu         ] GC(39) User=2.56s Sys=0.00s Real=2.64s
[18.464s][info][gc,start       ] GC(40) Pause Full (Allocation Failure)
[18.464s][info][gc,phases,start] GC(40) Phase 1: Mark live objects
[19.941s][info][gc,phases      ] GC(40) Phase 1: Mark live objects 1476.987ms
[19.941s][info][gc,phases,start] GC(40) Phase 2: Compute new object addresses
[20.383s][info][gc,phases      ] GC(40) Phase 2: Compute new object addresses 441.607ms
[20.383s][info][gc,phases,start] GC(40) Phase 3: Adjust pointers
[21.087s][info][gc,phases      ] GC(40) Phase 3: Adjust pointers 703.844ms
[21.087s][info][gc,phases,start] GC(40) Phase 4: Move objects
[21.654s][info][gc,phases      ] GC(40) Phase 4: Move objects 566.863ms
[21.654s][info][gc,heap        ] GC(40) DefNew: 1013759K(1013760K)->948218K(1013760K) Eden: 901119K(901120K)->901120K(901120K) From: 112639K(112640K)->47098K(112640K)
[21.654s][info][gc,heap        ] GC(40) Tenured: 2252799K(2252800K)->2252800K(2252800K)
[21.654s][info][gc,metaspace   ] GC(40) Metaspace: 6302K(6528K)->6301K(6528K) NonClass: 5769K(5888K)->5768K(5888K) Class: 533K(640K)->532K(640K)
[21.654s][info][gc             ] GC(40) Pause Full (Allocation Failure) 3189M->3125M(3190M) 3190.203ms
[21.654s][info][gc,cpu         ] GC(40) User=3.17s Sys=0.00s Real=3.19s
[21.841s][info][gc,start       ] GC(41) Pause Full (Allocation Failure)
[21.842s][info][gc,phases,start] GC(41) Phase 1: Mark live objects
[23.330s][info][gc,phases      ] GC(41) Phase 1: Mark live objects 1488.414ms
[23.330s][info][gc,phases,start] GC(41) Phase 2: Compute new object addresses
[23.772s][info][gc,phases      ] GC(41) Phase 2: Compute new object addresses 441.638ms
[23.772s][info][gc,phases,start] GC(41) Phase 3: Adjust pointers
[24.371s][info][gc,phases      ] GC(41) Phase 3: Adjust pointers 599.278ms
[24.371s][info][gc,phases,start] GC(41) Phase 4: Move objects
[24.371s][info][gc,phases      ] GC(41) Phase 4: Move objects 0.018ms
[24.372s][info][gc,heap        ] GC(41) DefNew: 1013759K(1013760K)->1013759K(1013760K) Eden: 901120K(901120K)->901120K(901120K) From: 112639K(112640K)->112639K(112640K)
[24.372s][info][gc,heap        ] GC(41) Tenured: 2252800K(2252800K)->2252800K(2252800K)
[24.372s][info][gc,metaspace   ] GC(41) Metaspace: 6301K(6528K)->6301K(6528K) NonClass: 5768K(5888K)->5768K(5888K) Class: 532K(640K)->532K(640K)
[24.372s][info][gc             ] GC(41) Pause Full (Allocation Failure) 3189M->3189M(3190M) 2530.125ms
[24.372s][info][gc,cpu         ] GC(41) User=2.52s Sys=0.00s Real=2.53s
[24.372s][info][gc,start       ] GC(42) Pause Full (Allocation Failure)
[24.372s][info][gc,phases,start] GC(42) Phase 1: Mark live objects
[25.863s][info][gc,phases      ] GC(42) Phase 1: Mark live objects 1491.196ms
[25.863s][info][gc,phases,start] GC(42) Phase 2: Compute new object addresses
[26.305s][info][gc,phases      ] GC(42) Phase 2: Compute new object addresses 441.866ms
[26.305s][info][gc,phases,start] GC(42) Phase 3: Adjust pointers
[26.902s][info][gc,phases      ] GC(42) Phase 3: Adjust pointers 597.192ms
[26.902s][info][gc,phases,start] GC(42) Phase 4: Move objects
[26.902s][info][gc,phases      ] GC(42) Phase 4: Move objects 0.015ms
[26.902s][info][gc,heap        ] GC(42) DefNew: 1013759K(1013760K)->1013759K(1013760K) Eden: 901120K(901120K)->901120K(901120K) From: 112639K(112640K)->112639K(112640K)
[26.903s][info][gc,heap        ] GC(42) Tenured: 2252800K(2252800K)->2252800K(2252800K)
[26.903s][info][gc,metaspace   ] GC(42) Metaspace: 6301K(6528K)->6301K(6528K) NonClass: 5768K(5888K)->5768K(5888K) Class: 532K(640K)->532K(640K)
[26.903s][info][gc             ] GC(42) Pause Full (Allocation Failure) 3189M->3189M(3190M) 2530.914ms
[26.903s][info][gc,cpu         ] GC(42) User=2.53s Sys=0.00s Real=2.53s
[26.903s][info][gc,start       ] GC(43) Pause Full (Allocation Failure)
[26.903s][info][gc,phases,start] GC(43) Phase 1: Mark live objects
[28.405s][info][gc,phases      ] GC(43) Phase 1: Mark live objects 1501.988ms
[28.405s][info][gc,phases,start] GC(43) Phase 2: Compute new object addresses
[28.846s][info][gc,phases      ] GC(43) Phase 2: Compute new object addresses 441.513ms
[28.847s][info][gc,phases,start] GC(43) Phase 3: Adjust pointers
[29.445s][info][gc,phases      ] GC(43) Phase 3: Adjust pointers 598.082ms
[29.445s][info][gc,phases,start] GC(43) Phase 4: Move objects
[29.445s][info][gc,phases      ] GC(43) Phase 4: Move objects 0.016ms
[29.445s][info][gc,heap        ] GC(43) DefNew: 1013759K(1013760K)->1013759K(1013760K) Eden: 901120K(901120K)->901120K(901120K) From: 112639K(112640K)->112639K(112640K)
[29.445s][info][gc,heap        ] GC(43) Tenured: 2252800K(2252800K)->2252800K(2252800K)
[29.445s][info][gc,metaspace   ] GC(43) Metaspace: 6301K(6528K)->6301K(6528K) NonClass: 5768K(5888K)->5768K(5888K) Class: 532K(640K)->532K(640K)
[29.445s][info][gc             ] GC(43) Pause Full (Allocation Failure) 3189M->3189M(3190M) 2542.259ms
[29.445s][info][gc,cpu         ] GC(43) User=2.53s Sys=0.00s Real=2.54s
[29.445s][info][gc,start       ] GC(44) Pause Full (Allocation Failure)
[29.445s][info][gc,phases,start] GC(44) Phase 1: Mark live objects
[30.961s][info][gc,phases      ] GC(44) Phase 1: Mark live objects 1515.754ms
[30.961s][info][gc,phases,start] GC(44) Phase 2: Compute new object addresses
[31.412s][info][gc,phases      ] GC(44) Phase 2: Compute new object addresses 450.830ms
[31.412s][info][gc,phases,start] GC(44) Phase 3: Adjust pointers
[32.164s][info][gc,phases      ] GC(44) Phase 3: Adjust pointers 752.360ms
[32.164s][info][gc,phases,start] GC(44) Phase 4: Move objects
[32.693s][info][gc,phases      ] GC(44) Phase 4: Move objects 528.451ms
[32.693s][info][gc,heap        ] GC(44) DefNew: 1013759K(1013760K)->1013758K(1013760K) Eden: 901120K(901120K)->901119K(901120K) From: 112639K(112640K)->112638K(112640K)
[32.694s][info][gc,heap        ] GC(44) Tenured: 2252800K(2252800K)->2252800K(2252800K)
[32.694s][info][gc,metaspace   ] GC(44) Metaspace: 6301K(6528K)->6301K(6528K) NonClass: 5768K(5888K)->5768K(5888K) Class: 532K(640K)->532K(640K)
[32.694s][info][gc             ] GC(44) Pause Full (Allocation Failure) 3189M->3189M(3190M) 3248.422ms
[32.694s][info][gc,cpu         ] GC(44) User=3.23s Sys=0.00s Real=3.25s
[32.695s][info][gc,start       ] GC(45) Pause Full (Allocation Failure)
[32.695s][info][gc,phases,start] GC(45) Phase 1: Mark live objects
[34.236s][info][gc,phases      ] GC(45) Phase 1: Mark live objects 1541.314ms
[34.236s][info][gc,phases,start] GC(45) Phase 2: Compute new object addresses
[34.692s][info][gc,phases      ] GC(45) Phase 2: Compute new object addresses 455.880ms
[34.692s][info][gc,phases,start] GC(45) Phase 3: Adjust pointers
[35.433s][info][gc,phases      ] GC(45) Phase 3: Adjust pointers 740.433ms
[35.433s][info][gc,phases,start] GC(45) Phase 4: Move objects
[35.957s][info][gc,phases      ] GC(45) Phase 4: Move objects 523.944ms
[35.957s][info][gc,heap        ] GC(45) DefNew: 1013759K(1013760K)->1013756K(1013760K) Eden: 901120K(901120K)->901119K(901120K) From: 112639K(112640K)->112636K(112640K)
[35.957s][info][gc,heap        ] GC(45) Tenured: 2252800K(2252800K)->2252800K(2252800K)
[35.957s][info][gc,metaspace   ] GC(45) Metaspace: 6302K(6528K)->6302K(6528K) NonClass: 5769K(5888K)->5769K(5888K) Class: 533K(640K)->533K(640K)
[35.957s][info][gc             ] GC(45) Pause Full (Allocation Failure) 3189M->3189M(3190M) 3262.653ms
[35.957s][info][gc,cpu         ] GC(45) User=3.23s Sys=0.00s Real=3.26s
[35.958s][info][gc,heap,exit   ] Heap
[35.958s][info][gc,heap,exit   ]  def new generation   total 1013760K, used 1013757K [0x0000000731c00000, 0x0000000776800000, 0x0000000776800000)
[35.958s][info][gc,heap,exit   ]   eden space 901120K,  99% used [0x0000000731c00000, 0x0000000768bffff8, 0x0000000768c00000)
[35.958s][info][gc,heap,exit   ]   from space 112640K,  99% used [0x000000076fa00000, 0x00000007767ff648, 0x0000000776800000)
[35.958s][info][gc,heap,exit   ]   to   space 112640K,   0% used [0x0000000768c00000, 0x0000000768c00000, 0x000000076fa00000)
[35.958s][info][gc,heap,exit   ]  tenured generation   total 2252800K, used 2252800K [0x0000000776800000, 0x0000000800000000, 0x0000000800000000)
[35.958s][info][gc,heap,exit   ]    the space 2252800K, 100% used [0x0000000776800000, 0x0000000800000000, 0x0000000800000000, 0x0000000800000000)
[35.958s][info][gc,heap,exit   ]  Metaspace       used 6306K, committed 6528K, reserved 1114112K
[35.958s][info][gc,heap,exit   ]   class space    used 534K, committed 640K, reserved 1048576K
