[0.014s][info][gc,init] CardTable entry size: 512
[0.014s][info][gc     ] Using Serial
[0.014s][info][gc,init] Version: 18.0.1+10 (release)
[0.014s][info][gc,init] CPUs: 8 total, 8 available
[0.014s][info][gc,init] Memory: 16063M
[0.015s][info][gc,init] Large Page Support: Disabled
[0.015s][info][gc,init] NUMA Support: Disabled
[0.015s][info][gc,init] Compressed Oops: Enabled (Zero based)
[0.015s][info][gc,init] Heap Min Capacity: 2M
[0.015s][info][gc,init] Heap Initial Capacity: 2M
[0.015s][info][gc,init] Heap Max Capacity: 13900M
[0.015s][info][gc,init] Pre-touch: Disabled
[0.015s][info][gc,metaspace] CDS archive(s) not mapped
[0.015s][info][gc,metaspace] Compressed class space mapped at: 0x0000000800000000-0x0000000840000000, reserved size: 1073741824
[0.015s][info][gc,metaspace] Narrow klass base: 0x0000000800000000, Narrow klass shift: 0, Narrow klass range: 0x40000000
[0.170s][info][gc,start    ] GC(0) Pause Young (Allocation Failure)
[0.172s][info][gc,heap     ] GC(0) DefNew: 1023K(1152K)->127K(1152K) Eden: 1023K(1024K)->0K(1024K) From: 0K(128K)->127K(128K)
[0.172s][info][gc,heap     ] GC(0) Tenured: 0K(768K)->439K(768K)
[0.172s][info][gc,metaspace] GC(0) Metaspace: 5902K(6016K)->5902K(6016K) NonClass: 5402K(5504K)->5402K(5504K) Class: 499K(512K)->499K(512K)
[0.172s][info][gc          ] GC(0) Pause Young (Allocation Failure) 0M->0M(1M) 1.813ms
[0.172s][info][gc,cpu      ] GC(0) User=0.00s Sys=0.00s Real=0.00s
[0.192s][info][gc,start    ] GC(1) Pause Young (Allocation Failure)
[0.193s][info][gc          ] GC(1) Pause Young (Allocation Failure) 1M->0M(2M) 1.106ms
[0.193s][info][gc,cpu      ] GC(1) User=0.00s Sys=0.00s Real=0.00s
[0.193s][info][gc,start    ] GC(2) Pause Full (Allocation Failure)
[0.193s][info][gc,phases,start] GC(2) Phase 1: Mark live objects
[0.194s][info][gc,phases      ] GC(2) Phase 1: Mark live objects 1.101ms
[0.194s][info][gc,phases,start] GC(2) Phase 2: Compute new object addresses
[0.195s][info][gc,phases      ] GC(2) Phase 2: Compute new object addresses 0.235ms
[0.195s][info][gc,phases,start] GC(2) Phase 3: Adjust pointers
[0.195s][info][gc,phases      ] GC(2) Phase 3: Adjust pointers 0.519ms
[0.195s][info][gc,phases,start] GC(2) Phase 4: Move objects
[0.195s][info][gc,phases      ] GC(2) Phase 4: Move objects 0.062ms
[0.195s][info][gc,heap        ] GC(2) DefNew: 1151K(1152K)->41K(1152K) Eden: 1024K(1024K)->41K(1024K) From: 127K(128K)->0K(128K)
[0.195s][info][gc,heap        ] GC(2) Tenured: 439K(768K)->959K(1600K)
[0.195s][info][gc,metaspace   ] GC(2) Metaspace: 6300K(6528K)->6300K(6528K) NonClass: 5767K(5888K)->5767K(5888K) Class: 533K(640K)->533K(640K)
[0.196s][info][gc             ] GC(2) Pause Full (Allocation Failure) 0M->0M(2M) 2.212ms
[0.196s][info][gc,cpu         ] GC(2) User=0.00s Sys=0.00s Real=0.00s
[0.197s][info][gc,start       ] GC(3) Pause Young (Allocation Failure)
[0.198s][info][gc,heap        ] GC(3) DefNew: 1024K(1152K)->128K(1152K) Eden: 1024K(1024K)->0K(1024K) From: 0K(128K)->128K(128K)
[0.198s][info][gc,heap        ] GC(3) Tenured: 959K(1600K)->1375K(1600K)
[0.198s][info][gc,metaspace   ] GC(3) Metaspace: 6300K(6528K)->6300K(6528K) NonClass: 5767K(5888K)->5767K(5888K) Class: 533K(640K)->533K(640K)
[0.198s][info][gc             ] GC(3) Pause Young (Allocation Failure) 1M->1M(2M) 1.407ms
[0.199s][info][gc,cpu         ] GC(3) User=0.00s Sys=0.00s Real=0.00s
[0.200s][info][gc,start       ] GC(4) Pause Young (Allocation Failure)
[0.201s][info][gc             ] GC(4) Pause Young (Allocation Failure) 2M->1M(3M) 1.238ms
[0.201s][info][gc,cpu         ] GC(4) User=0.00s Sys=0.00s Real=0.00s
[0.201s][info][gc,start       ] GC(5) Pause Full (Allocation Failure)
[0.201s][info][gc,phases,start] GC(5) Phase 1: Mark live objects
[0.203s][info][gc,phases      ] GC(5) Phase 1: Mark live objects 1.559ms
[0.203s][info][gc,phases,start] GC(5) Phase 2: Compute new object addresses
[0.203s][info][gc,phases      ] GC(5) Phase 2: Compute new object addresses 0.481ms
[0.203s][info][gc,phases,start] GC(5) Phase 3: Adjust pointers
[0.204s][info][gc,phases      ] GC(5) Phase 3: Adjust pointers 0.830ms
[0.204s][info][gc,phases,start] GC(5) Phase 4: Move objects
[0.204s][info][gc,phases      ] GC(5) Phase 4: Move objects 0.090ms
[0.204s][info][gc,heap        ] GC(5) DefNew: 1152K(1152K)->35K(1536K) Eden: 1024K(1024K)->35K(1408K) From: 128K(128K)->0K(128K)
[0.205s][info][gc,heap        ] GC(5) Tenured: 1375K(1600K)->1983K(3308K)
[0.205s][info][gc,metaspace   ] GC(5) Metaspace: 6300K(6528K)->6300K(6528K) NonClass: 5767K(5888K)->5767K(5888K) Class: 533K(640K)->533K(640K)
[0.205s][info][gc             ] GC(5) Pause Full (Allocation Failure) 1M->1M(4M) 3.410ms
[0.205s][info][gc,cpu         ] GC(5) User=0.00s Sys=0.00s Real=0.00s
[0.206s][info][gc,start       ] GC(6) Pause Young (Allocation Failure)
[0.208s][info][gc,heap        ] GC(6) DefNew: 1408K(1536K)->128K(1536K) Eden: 1408K(1408K)->0K(1408K) From: 0K(128K)->128K(128K)
[0.208s][info][gc,heap        ] GC(6) Tenured: 1983K(3308K)->2617K(3308K)
[0.208s][info][gc,metaspace   ] GC(6) Metaspace: 6300K(6528K)->6300K(6528K) NonClass: 5767K(5888K)->5767K(5888K) Class: 533K(640K)->533K(640K)
[0.208s][info][gc             ] GC(6) Pause Young (Allocation Failure) 3M->2M(4M) 1.766ms
[0.208s][info][gc,cpu         ] GC(6) User=0.00s Sys=0.00s Real=0.00s
[0.210s][info][gc,start       ] GC(7) Pause Young (Allocation Failure)
[0.212s][info][gc             ] GC(7) Pause Young (Allocation Failure) 4M->3M(4M) 2.127ms
[0.212s][info][gc,cpu         ] GC(7) User=0.00s Sys=0.00s Real=0.00s
[0.212s][info][gc,start       ] GC(8) Pause Full (Allocation Failure)
[0.212s][info][gc,phases,start] GC(8) Phase 1: Mark live objects
[0.215s][info][gc,phases      ] GC(8) Phase 1: Mark live objects 2.191ms
[0.215s][info][gc,phases,start] GC(8) Phase 2: Compute new object addresses
[0.215s][info][gc,phases      ] GC(8) Phase 2: Compute new object addresses 0.645ms
[0.215s][info][gc,phases,start] GC(8) Phase 3: Adjust pointers
[0.216s][info][gc,phases      ] GC(8) Phase 3: Adjust pointers 0.969ms
[0.216s][info][gc,phases,start] GC(8) Phase 4: Move objects
[0.216s][info][gc,phases      ] GC(8) Phase 4: Move objects 0.069ms
[0.217s][info][gc,heap        ] GC(8) DefNew: 1536K(1536K)->0K(2688K) Eden: 1408K(1408K)->0K(2432K) From: 128K(128K)->0K(256K)
[0.217s][info][gc,heap        ] GC(8) Tenured: 2617K(3308K)->3460K(5768K)
[0.217s][info][gc,metaspace   ] GC(8) Metaspace: 6300K(6528K)->6300K(6528K) NonClass: 5767K(5888K)->5767K(5888K) Class: 533K(640K)->533K(640K)
[0.217s][info][gc             ] GC(8) Pause Full (Allocation Failure) 3M->3M(8M) 4.160ms
[0.217s][info][gc,cpu         ] GC(8) User=0.00s Sys=0.00s Real=0.00s
[0.220s][info][gc,start       ] GC(9) Pause Young (Allocation Failure)
[0.223s][info][gc,heap        ] GC(9) DefNew: 2431K(2688K)->256K(2688K) Eden: 2431K(2432K)->0K(2432K) From: 0K(256K)->256K(256K)
[0.223s][info][gc,heap        ] GC(9) Tenured: 3460K(5768K)->4513K(5768K)
[0.223s][info][gc,metaspace   ] GC(9) Metaspace: 6300K(6528K)->6300K(6528K) NonClass: 5767K(5888K)->5767K(5888K) Class: 533K(640K)->533K(640K)
[0.223s][info][gc             ] GC(9) Pause Young (Allocation Failure) 5M->4M(8M) 2.938ms
[0.223s][info][gc,cpu         ] GC(9) User=0.00s Sys=0.00s Real=0.00s
[0.226s][info][gc,start       ] GC(10) Pause Young (Allocation Failure)
[0.230s][info][gc,heap        ] GC(10) DefNew: 2688K(2688K)->255K(2688K) Eden: 2432K(2432K)->0K(2432K) From: 256K(256K)->255K(256K)
[0.230s][info][gc,heap        ] GC(10) Tenured: 4513K(5768K)->5755K(5768K)
[0.230s][info][gc,metaspace   ] GC(10) Metaspace: 6300K(6528K)->6300K(6528K) NonClass: 5767K(5888K)->5767K(5888K) Class: 533K(640K)->533K(640K)
[0.230s][info][gc             ] GC(10) Pause Young (Allocation Failure) 7M->5M(8M) 3.542ms
[0.230s][info][gc,cpu         ] GC(10) User=0.00s Sys=0.00s Real=0.00s
[0.233s][info][gc,start       ] GC(11) Pause Young (Allocation Failure)
[0.237s][info][gc             ] GC(11) Pause Young (Allocation Failure) 8M->7M(9M) 3.466ms
[0.237s][info][gc,cpu         ] GC(11) User=0.00s Sys=0.00s Real=0.00s
[0.237s][info][gc,start       ] GC(12) Pause Full (Allocation Failure)
[0.237s][info][gc,phases,start] GC(12) Phase 1: Mark live objects
[0.241s][info][gc,phases      ] GC(12) Phase 1: Mark live objects 4.252ms
[0.241s][info][gc,phases,start] GC(12) Phase 2: Compute new object addresses
[0.242s][info][gc,phases      ] GC(12) Phase 2: Compute new object addresses 1.216ms
[0.242s][info][gc,phases,start] GC(12) Phase 3: Adjust pointers
[0.244s][info][gc,phases      ] GC(12) Phase 3: Adjust pointers 1.680ms
[0.244s][info][gc,phases,start] GC(12) Phase 4: Move objects
[0.245s][info][gc,phases      ] GC(12) Phase 4: Move objects 1.378ms
[0.246s][info][gc,heap        ] GC(12) DefNew: 2687K(2688K)->0K(5376K) Eden: 2432K(2432K)->0K(4800K) From: 255K(256K)->0K(576K)
[0.246s][info][gc,heap        ] GC(12) Tenured: 5755K(5768K)->7131K(11888K)
[0.246s][info][gc,metaspace   ] GC(12) Metaspace: 6300K(6528K)->6300K(6528K) NonClass: 5767K(5888K)->5767K(5888K) Class: 533K(640K)->533K(640K)
[0.246s][info][gc             ] GC(12) Pause Full (Allocation Failure) 7M->6M(16M) 9.014ms
[0.246s][info][gc,cpu         ] GC(12) User=0.00s Sys=0.00s Real=0.01s
[0.252s][info][gc,start       ] GC(13) Pause Young (Allocation Failure)
[0.258s][info][gc,heap        ] GC(13) DefNew: 4800K(5376K)->575K(5376K) Eden: 4800K(4800K)->0K(4800K) From: 0K(576K)->575K(576K)
[0.258s][info][gc,heap        ] GC(13) Tenured: 7131K(11888K)->9026K(11888K)
[0.258s][info][gc,metaspace   ] GC(13) Metaspace: 6300K(6528K)->6300K(6528K) NonClass: 5767K(5888K)->5767K(5888K) Class: 533K(640K)->533K(640K)
[0.258s][info][gc             ] GC(13) Pause Young (Allocation Failure) 11M->9M(16M) 5.636ms
[0.258s][info][gc,cpu         ] GC(13) User=0.00s Sys=0.00s Real=0.01s
[0.263s][info][gc,start       ] GC(14) Pause Young (Allocation Failure)
[0.269s][info][gc,heap        ] GC(14) DefNew: 5375K(5376K)->576K(5376K) Eden: 4800K(4800K)->0K(4800K) From: 575K(576K)->576K(576K)
[0.269s][info][gc,heap        ] GC(14) Tenured: 9026K(11888K)->11746K(11888K)
[0.269s][info][gc,metaspace   ] GC(14) Metaspace: 6300K(6528K)->6300K(6528K) NonClass: 5767K(5888K)->5767K(5888K) Class: 533K(640K)->533K(640K)
[0.270s][info][gc             ] GC(14) Pause Young (Allocation Failure) 14M->12M(16M) 6.450ms
[0.270s][info][gc,cpu         ] GC(14) User=0.00s Sys=0.00s Real=0.01s
[0.274s][info][gc,start       ] GC(15) Pause Young (Allocation Failure)
[0.281s][info][gc             ] GC(15) Pause Young (Allocation Failure) 16M->14M(19M) 6.561ms
[0.281s][info][gc,cpu         ] GC(15) User=0.00s Sys=0.00s Real=0.01s
[0.281s][info][gc,start       ] GC(16) Pause Full (Allocation Failure)
[0.281s][info][gc,phases,start] GC(16) Phase 1: Mark live objects
[0.289s][info][gc,phases      ] GC(16) Phase 1: Mark live objects 7.680ms
[0.289s][info][gc,phases,start] GC(16) Phase 2: Compute new object addresses
[0.291s][info][gc,phases      ] GC(16) Phase 2: Compute new object addresses 2.485ms
[0.291s][info][gc,phases,start] GC(16) Phase 3: Adjust pointers
[0.294s][info][gc,phases      ] GC(16) Phase 3: Adjust pointers 3.001ms
[0.294s][info][gc,phases,start] GC(16) Phase 4: Move objects
[0.295s][info][gc,phases      ] GC(16) Phase 4: Move objects 0.264ms
[0.295s][info][gc,heap        ] GC(16) DefNew: 5376K(5376K)->386K(10880K) Eden: 4800K(4800K)->386K(9728K) From: 576K(576K)->0K(1152K)
[0.295s][info][gc,heap        ] GC(16) Tenured: 11746K(11888K)->14383K(23976K)
[0.295s][info][gc,metaspace   ] GC(16) Metaspace: 6302K(6528K)->6302K(6528K) NonClass: 5769K(5888K)->5769K(5888K) Class: 533K(640K)->533K(640K)
[0.295s][info][gc             ] GC(16) Pause Full (Allocation Failure) 14M->14M(34M) 13.802ms
[0.295s][info][gc,cpu         ] GC(16) User=0.02s Sys=0.00s Real=0.01s
[0.302s][info][gc,start       ] GC(17) Pause Young (Allocation Failure)
[0.314s][info][gc,heap        ] GC(17) DefNew: 9728K(10880K)->1151K(10880K) Eden: 9728K(9728K)->0K(9728K) From: 0K(1152K)->1151K(1152K)
[0.314s][info][gc,heap        ] GC(17) Tenured: 14383K(23976K)->18414K(23976K)
[0.314s][info][gc,metaspace   ] GC(17) Metaspace: 6302K(6528K)->6302K(6528K) NonClass: 5769K(5888K)->5769K(5888K) Class: 533K(640K)->533K(640K)
[0.314s][info][gc             ] GC(17) Pause Young (Allocation Failure) 23M->19M(34M) 12.272ms
[0.314s][info][gc,cpu         ] GC(17) User=0.00s Sys=0.00s Real=0.01s
[0.322s][info][gc,start       ] GC(18) Pause Young (Allocation Failure)
[0.334s][info][gc,heap        ] GC(18) DefNew: 10879K(10880K)->1151K(10880K) Eden: 9728K(9728K)->0K(9728K) From: 1151K(1152K)->1151K(1152K)
[0.334s][info][gc,heap        ] GC(18) Tenured: 18414K(23976K)->23936K(23976K)
[0.334s][info][gc,metaspace   ] GC(18) Metaspace: 6302K(6528K)->6302K(6528K) NonClass: 5769K(5888K)->5769K(5888K) Class: 533K(640K)->533K(640K)
[0.334s][info][gc             ] GC(18) Pause Young (Allocation Failure) 28M->24M(34M) 11.714ms
[0.334s][info][gc,cpu         ] GC(18) User=0.00s Sys=0.00s Real=0.01s
[0.339s][info][gc,start       ] GC(19) Pause Young (Allocation Failure)
[0.351s][info][gc             ] GC(19) Pause Young (Allocation Failure) 34M->29M(38M) 11.521ms
[0.351s][info][gc,cpu         ] GC(19) User=0.00s Sys=0.00s Real=0.01s
[0.351s][info][gc,start       ] GC(20) Pause Full (Allocation Failure)
[0.351s][info][gc,phases,start] GC(20) Phase 1: Mark live objects
[0.365s][info][gc,phases      ] GC(20) Phase 1: Mark live objects 14.504ms
[0.365s][info][gc,phases,start] GC(20) Phase 2: Compute new object addresses
[0.370s][info][gc,phases      ] GC(20) Phase 2: Compute new object addresses 5.077ms
[0.370s][info][gc,phases,start] GC(20) Phase 3: Adjust pointers
[0.376s][info][gc,phases      ] GC(20) Phase 3: Adjust pointers 5.956ms
[0.376s][info][gc,phases,start] GC(20) Phase 4: Move objects
[0.377s][info][gc,phases      ] GC(20) Phase 4: Move objects 0.167ms
[0.377s][info][gc,heap        ] GC(20) DefNew: 10879K(10880K)->1079K(21888K) Eden: 9728K(9728K)->1079K(19520K) From: 1151K(1152K)->0K(2368K)
[0.377s][info][gc,heap        ] GC(20) Tenured: 23936K(23976K)->29035K(48396K)
[0.377s][info][gc,metaspace   ] GC(20) Metaspace: 6302K(6528K)->6302K(6528K) NonClass: 5769K(5888K)->5769K(5888K) Class: 533K(640K)->533K(640K)
[0.377s][info][gc             ] GC(20) Pause Full (Allocation Failure) 29M->29M(68M) 26.150ms
[0.377s][info][gc,cpu         ] GC(20) User=0.03s Sys=0.00s Real=0.03s
[0.393s][info][gc,start       ] GC(21) Pause Young (Allocation Failure)
[0.422s][info][gc,heap        ] GC(21) DefNew: 19520K(21888K)->2367K(21888K) Eden: 19520K(19520K)->0K(19520K) From: 0K(2368K)->2367K(2368K)
[0.422s][info][gc,heap        ] GC(21) Tenured: 29035K(48396K)->39355K(48396K)
[0.422s][info][gc,metaspace   ] GC(21) Metaspace: 6302K(6528K)->6302K(6528K) NonClass: 5769K(5888K)->5769K(5888K) Class: 533K(640K)->533K(640K)
[0.423s][info][gc             ] GC(21) Pause Young (Allocation Failure) 47M->40M(68M) 29.303ms
[0.423s][info][gc,cpu         ] GC(21) User=0.02s Sys=0.00s Real=0.03s
[0.440s][info][gc,start       ] GC(22) Pause Young (Allocation Failure)
[0.477s][info][gc             ] GC(22) Pause Young (Allocation Failure) 59M->59M(78M) 36.322ms
[0.477s][info][gc,cpu         ] GC(22) User=0.03s Sys=0.00s Real=0.04s
[0.477s][info][gc,start       ] GC(23) Pause Full (Allocation Failure)
[0.477s][info][gc,phases,start] GC(23) Phase 1: Mark live objects
[0.503s][info][gc,phases      ] GC(23) Phase 1: Mark live objects 26.059ms
[0.503s][info][gc,phases,start] GC(23) Phase 2: Compute new object addresses
[0.512s][info][gc,phases      ] GC(23) Phase 2: Compute new object addresses 9.563ms
[0.512s][info][gc,phases,start] GC(23) Phase 3: Adjust pointers
[0.523s][info][gc,phases      ] GC(23) Phase 3: Adjust pointers 10.727ms
[0.523s][info][gc,phases,start] GC(23) Phase 4: Move objects
[0.524s][info][gc,phases      ] GC(23) Phase 4: Move objects 0.426ms
[0.524s][info][gc,heap        ] GC(23) DefNew: 21887K(21888K)->2255K(44288K) Eden: 19520K(19520K)->2255K(39424K) From: 2367K(2368K)->0K(4864K)
[0.524s][info][gc,heap        ] GC(23) Tenured: 39355K(48396K)->58956K(98260K)
[0.524s][info][gc,metaspace   ] GC(23) Metaspace: 6302K(6528K)->6302K(6528K) NonClass: 5769K(5888K)->5769K(5888K) Class: 533K(640K)->533K(640K)
[0.524s][info][gc             ] GC(23) Pause Full (Allocation Failure) 59M->59M(139M) 47.442ms
[0.524s][info][gc,cpu         ] GC(23) User=0.03s Sys=0.00s Real=0.05s
[0.566s][info][gc,start       ] GC(24) Pause Young (Allocation Failure)
[0.628s][info][gc,heap        ] GC(24) DefNew: 39424K(44288K)->4863K(44288K) Eden: 39424K(39424K)->0K(39424K) From: 0K(4864K)->4863K(4864K)
[0.628s][info][gc,heap        ] GC(24) Tenured: 58956K(98260K)->93487K(98260K)
[0.628s][info][gc,metaspace   ] GC(24) Metaspace: 6302K(6528K)->6302K(6528K) NonClass: 5769K(5888K)->5769K(5888K) Class: 533K(640K)->533K(640K)
[0.628s][info][gc             ] GC(24) Pause Young (Allocation Failure) 96M->96M(139M) 62.115ms
[0.628s][info][gc,cpu         ] GC(24) User=0.05s Sys=0.00s Real=0.06s
[0.659s][info][gc,start       ] GC(25) Pause Young (Allocation Failure)
[0.728s][info][gc             ] GC(25) Pause Young (Allocation Failure) 134M->134M(173M) 69.209ms
[0.728s][info][gc,cpu         ] GC(25) User=0.05s Sys=0.02s Real=0.07s
[0.728s][info][gc,start       ] GC(26) Pause Full (Allocation Failure)
[0.728s][info][gc,phases,start] GC(26) Phase 1: Mark live objects
[0.783s][info][gc,phases      ] GC(26) Phase 1: Mark live objects 54.701ms
[0.783s][info][gc,phases,start] GC(26) Phase 2: Compute new object addresses
[0.804s][info][gc,phases      ] GC(26) Phase 2: Compute new object addresses 21.117ms
[0.804s][info][gc,phases,start] GC(26) Phase 3: Adjust pointers
[0.831s][info][gc,phases      ] GC(26) Phase 3: Adjust pointers 27.042ms
[0.831s][info][gc,phases,start] GC(26) Phase 4: Move objects
[0.855s][info][gc,phases      ] GC(26) Phase 4: Move objects 24.470ms
[0.856s][info][gc,heap        ] GC(26) DefNew: 44287K(44288K)->1014K(99712K) Eden: 39424K(39424K)->1014K(88640K) From: 4863K(4864K)->0K(11072K)
[0.856s][info][gc,heap        ] GC(26) Tenured: 93487K(98260K)->132887K(221480K)
[0.856s][info][gc,metaspace   ] GC(26) Metaspace: 6302K(6528K)->6302K(6528K) NonClass: 5769K(5888K)->5769K(5888K) Class: 533K(640K)->533K(640K)
[0.856s][info][gc             ] GC(26) Pause Full (Allocation Failure) 134M->130M(313M) 128.128ms
[0.856s][info][gc,cpu         ] GC(26) User=0.12s Sys=0.00s Real=0.13s
[0.947s][info][gc,start       ] GC(27) Pause Young (Allocation Failure)
[1.102s][info][gc,heap        ] GC(27) DefNew: 88640K(99712K)->11072K(99712K) Eden: 88640K(88640K)->0K(88640K) From: 0K(11072K)->11072K(11072K)
[1.102s][info][gc,heap        ] GC(27) Tenured: 132887K(221480K)->210425K(221480K)
[1.102s][info][gc,metaspace   ] GC(27) Metaspace: 6302K(6528K)->6302K(6528K) NonClass: 5769K(5888K)->5769K(5888K) Class: 533K(640K)->533K(640K)
[1.102s][info][gc             ] GC(27) Pause Young (Allocation Failure) 216M->216M(313M) 155.107ms
[1.102s][info][gc,cpu         ] GC(27) User=0.12s Sys=0.00s Real=0.15s
[1.183s][info][gc,start       ] GC(28) Pause Young (Allocation Failure)
[1.350s][info][gc             ] GC(28) Pause Young (Allocation Failure) 302M->302M(389M) 166.698ms
[1.350s][info][gc,cpu         ] GC(28) User=0.14s Sys=0.02s Real=0.17s
[1.350s][info][gc,start       ] GC(29) Pause Full (Allocation Failure)
[1.350s][info][gc,phases,start] GC(29) Phase 1: Mark live objects
[1.484s][info][gc,phases      ] GC(29) Phase 1: Mark live objects 134.593ms
[1.484s][info][gc,phases,start] GC(29) Phase 2: Compute new object addresses
[1.534s][info][gc,phases      ] GC(29) Phase 2: Compute new object addresses 49.294ms
[1.534s][info][gc,phases,start] GC(29) Phase 3: Adjust pointers
[1.594s][info][gc,phases      ] GC(29) Phase 3: Adjust pointers 59.855ms
[1.594s][info][gc,phases,start] GC(29) Phase 4: Move objects
[1.596s][info][gc,phases      ] GC(29) Phase 4: Move objects 2.226ms
[1.597s][info][gc,heap        ] GC(29) DefNew: 99712K(99712K)->10927K(224448K) Eden: 88640K(88640K)->10927K(199552K) From: 11072K(11072K)->0K(24896K)
[1.597s][info][gc,heap        ] GC(29) Tenured: 210425K(221480K)->299179K(498636K)
[1.597s][info][gc,metaspace   ] GC(29) Metaspace: 6302K(6528K)->6302K(6528K) NonClass: 5769K(5888K)->5769K(5888K) Class: 533K(640K)->533K(640K)
[1.597s][info][gc             ] GC(29) Pause Full (Allocation Failure) 302M->302M(706M) 247.191ms
[1.597s][info][gc,cpu         ] GC(29) User=0.25s Sys=0.00s Real=0.25s
[1.810s][info][gc,start       ] GC(30) Pause Young (Allocation Failure)
[2.145s][info][gc,heap        ] GC(30) DefNew: 199552K(224448K)->24895K(224448K) Eden: 199552K(199552K)->0K(199552K) From: 0K(24896K)->24895K(24896K)
[2.145s][info][gc,heap        ] GC(30) Tenured: 299179K(498636K)->473807K(498636K)
[2.145s][info][gc,metaspace   ] GC(30) Metaspace: 6302K(6528K)->6302K(6528K) NonClass: 5769K(5888K)->5769K(5888K) Class: 533K(640K)->533K(640K)
[2.145s][info][gc             ] GC(30) Pause Young (Allocation Failure) 487M->487M(706M) 334.412ms
[2.145s][info][gc,cpu         ] GC(30) User=0.30s Sys=0.03s Real=0.33s
[2.328s][info][gc,start       ] GC(31) Pause Young (Allocation Failure)
[2.708s][info][gc             ] GC(31) Pause Young (Allocation Failure) 681M->681M(876M) 379.634ms
[2.708s][info][gc,cpu         ] GC(31) User=0.30s Sys=0.08s Real=0.38s
[2.708s][info][gc,start       ] GC(32) Pause Full (Allocation Failure)
[2.708s][info][gc,phases,start] GC(32) Phase 1: Mark live objects
[3.017s][info][gc,phases      ] GC(32) Phase 1: Mark live objects 309.543ms
[3.018s][info][gc,phases,start] GC(32) Phase 2: Compute new object addresses
[3.126s][info][gc,phases      ] GC(32) Phase 2: Compute new object addresses 107.996ms
[3.126s][info][gc,phases,start] GC(32) Phase 3: Adjust pointers
[3.241s][info][gc,phases      ] GC(32) Phase 3: Adjust pointers 115.135ms
[3.241s][info][gc,phases,start] GC(32) Phase 4: Move objects
[3.246s][info][gc,phases      ] GC(32) Phase 4: Move objects 5.110ms
[3.248s][info][gc,heap        ] GC(32) DefNew: 224447K(224448K)->24862K(505088K) Eden: 199552K(199552K)->24862K(449024K) From: 24895K(24896K)->0K(56064K)
[3.248s][info][gc,heap        ] GC(32) Tenured: 473807K(498636K)->673355K(1122260K)
[3.248s][info][gc,metaspace   ] GC(32) Metaspace: 6302K(6528K)->6302K(6528K) NonClass: 5769K(5888K)->5769K(5888K) Class: 533K(640K)->533K(640K)
[3.248s][info][gc             ] GC(32) Pause Full (Allocation Failure) 681M->681M(1589M) 540.107ms
[3.248s][info][gc,cpu         ] GC(32) User=0.55s Sys=0.00s Real=0.54s
[3.722s][info][gc,start       ] GC(33) Pause Young (Allocation Failure)
[4.485s][info][gc,heap        ] GC(33) DefNew: 449024K(505088K)->56064K(505088K) Eden: 449024K(449024K)->0K(449024K) From: 0K(56064K)->56064K(56064K)
[4.485s][info][gc,heap        ] GC(33) Tenured: 673355K(1122260K)->1066285K(1122260K)
[4.485s][info][gc,metaspace   ] GC(33) Metaspace: 6302K(6528K)->6302K(6528K) NonClass: 5769K(5888K)->5769K(5888K) Class: 533K(640K)->533K(640K)
[4.485s][info][gc             ] GC(33) Pause Young (Allocation Failure) 1096M->1096M(1589M) 762.825ms
[4.485s][info][gc,cpu         ] GC(33) User=0.56s Sys=0.17s Real=0.76s
[4.937s][info][gc,start       ] GC(34) Pause Young (Allocation Failure)
[5.670s][info][gc             ] GC(34) Pause Young (Allocation Failure) 1534M->1484M(1923M) 733.331ms
[5.670s][info][gc,cpu         ] GC(34) User=0.62s Sys=0.09s Real=0.73s
[5.670s][info][gc,start       ] GC(35) Pause Full (Allocation Failure)
[5.670s][info][gc,phases,start] GC(35) Phase 1: Mark live objects
[6.437s][info][gc,phases      ] GC(35) Phase 1: Mark live objects 766.964ms
[6.437s][info][gc,phases,start] GC(35) Phase 2: Compute new object addresses
[6.711s][info][gc,phases      ] GC(35) Phase 2: Compute new object addresses 273.627ms
[6.711s][info][gc,phases,start] GC(35) Phase 3: Adjust pointers
[7.035s][info][gc,phases      ] GC(35) Phase 3: Adjust pointers 323.718ms
[7.035s][info][gc,phases,start] GC(35) Phase 4: Move objects
[7.049s][info][gc,phases      ] GC(35) Phase 4: Move objects 14.141ms
[7.053s][info][gc,heap        ] GC(35) DefNew: 505088K(505088K)->55992K(1098304K) Eden: 449024K(449024K)->55992K(976320K) From: 56064K(56064K)->0K(121984K)
[7.053s][info][gc,heap        ] GC(35) Tenured: 1066285K(1122260K)->1464279K(2440468K)
[7.053s][info][gc,metaspace   ] GC(35) Metaspace: 6302K(6528K)->6302K(6528K) NonClass: 5769K(5888K)->5769K(5888K) Class: 533K(640K)->533K(640K)
[7.053s][info][gc             ] GC(35) Pause Full (Allocation Failure) 1484M->1484M(3455M) 1382.947ms
[7.053s][info][gc,cpu         ] GC(35) User=1.30s Sys=0.00s Real=1.38s
[8.052s][info][gc,start       ] GC(36) Pause Young (Allocation Failure)
[10.006s][info][gc,heap        ] GC(36) DefNew: 976320K(1098304K)->121984K(1098304K) Eden: 976320K(976320K)->0K(976320K) From: 0K(121984K)->121984K(121984K)
[10.006s][info][gc,heap        ] GC(36) Tenured: 1464279K(2440468K)->2318585K(2440468K)
[10.006s][info][gc,metaspace   ] GC(36) Metaspace: 6302K(6528K)->6302K(6528K) NonClass: 5769K(5888K)->5769K(5888K) Class: 533K(640K)->533K(640K)
[10.006s][info][gc             ] GC(36) Pause Young (Allocation Failure) 2383M->2383M(3455M) 1953.317ms
[10.006s][info][gc,cpu         ] GC(36) User=1.58s Sys=0.27s Real=1.95s
[11.024s][info][gc,start       ] GC(37) Pause Young (Allocation Failure)
[12.877s][info][gc             ] GC(37) Pause Young (Allocation Failure) 3336M->3336M(4290M) 1852.679ms
[12.877s][info][gc,cpu         ] GC(37) User=1.44s Sys=0.36s Real=1.85s
[12.877s][info][gc,start       ] GC(38) Pause Full (Allocation Failure)
[12.877s][info][gc,phases,start] GC(38) Phase 1: Mark live objects
[14.578s][info][gc,phases      ] GC(38) Phase 1: Mark live objects 1700.590ms
[14.578s][info][gc,phases,start] GC(38) Phase 2: Compute new object addresses
[15.169s][info][gc,phases      ] GC(38) Phase 2: Compute new object addresses 591.407ms
[15.169s][info][gc,phases,start] GC(38) Phase 3: Adjust pointers
[15.922s][info][gc,phases      ] GC(38) Phase 3: Adjust pointers 752.482ms
[15.922s][info][gc,phases,start] GC(38) Phase 4: Move objects
[16.777s][info][gc,phases      ] GC(38) Phase 4: Move objects 854.926ms
[16.788s][info][gc,heap        ] GC(38) DefNew: 1098304K(1098304K)->27651K(2471296K) Eden: 976320K(976320K)->27651K(2196736K) From: 121984K(121984K)->0K(274560K)
[16.788s][info][gc,heap        ] GC(38) Tenured: 2318585K(2440468K)->3295000K(5491668K)
[16.788s][info][gc,metaspace   ] GC(38) Metaspace: 6302K(6528K)->6302K(6528K) NonClass: 5769K(5888K)->5769K(5888K) Class: 533K(640K)->533K(640K)
[16.788s][info][gc             ] GC(38) Pause Full (Allocation Failure) 3336M->3244M(7776M) 3911.425ms
[16.788s][info][gc,cpu         ] GC(38) User=3.75s Sys=0.00s Real=3.91s
[19.173s][info][gc,start       ] GC(39) Pause Young (Allocation Failure)
[23.021s][info][gc,heap        ] GC(39) DefNew: 2196736K(2471296K)->274560K(2471296K) Eden: 2196736K(2196736K)->0K(2196736K) From: 0K(274560K)->274560K(274560K)
[23.021s][info][gc,heap        ] GC(39) Tenured: 3295000K(5491668K)->5217143K(5491668K)
[23.021s][info][gc,metaspace   ] GC(39) Metaspace: 6302K(6528K)->6302K(6528K) NonClass: 5769K(5888K)->5769K(5888K) Class: 533K(640K)->533K(640K)
[23.021s][info][gc             ] GC(39) Pause Young (Allocation Failure) 5363M->5362M(7776M) 3847.603ms
[23.021s][info][gc,cpu         ] GC(39) User=3.42s Sys=0.42s Real=3.85s
[25.103s][info][gc,start       ] GC(40) Pause Young (Allocation Failure)
[28.923s][info][gc             ] GC(40) Pause Young (Allocation Failure) 7508M->7508M(9653M) 3819.979ms
[28.923s][info][gc,cpu         ] GC(40) User=3.14s Sys=0.64s Real=3.82s
[28.923s][info][gc,start       ] GC(41) Pause Full (Allocation Failure)
[28.923s][info][gc,phases,start] GC(41) Phase 1: Mark live objects
[32.463s][info][gc,phases      ] GC(41) Phase 1: Mark live objects 3539.348ms
[32.463s][info][gc,phases,start] GC(41) Phase 2: Compute new object addresses
[33.658s][info][gc,phases      ] GC(41) Phase 2: Compute new object addresses 1194.983ms
[33.658s][info][gc,phases,start] GC(41) Phase 3: Adjust pointers
[34.939s][info][gc,phases      ] GC(41) Phase 3: Adjust pointers 1280.939ms
[34.939s][info][gc,phases,start] GC(41) Phase 4: Move objects
[34.997s][info][gc,phases      ] GC(41) Phase 4: Move objects 57.604ms
[35.115s][info][gc,heap        ] GC(41) DefNew: 2471296K(2471296K)->274373K(4270080K) Eden: 2196736K(2196736K)->274373K(3795648K) From: 274560K(274560K)->0K(474432K)
[35.115s][info][gc,heap        ] GC(41) Tenured: 5217143K(5491668K)->7414039K(9489088K)
[35.115s][info][gc,metaspace   ] GC(41) Metaspace: 6302K(6528K)->6302K(6528K) NonClass: 5769K(5888K)->5769K(5888K) Class: 533K(640K)->533K(640K)
[35.115s][info][gc             ] GC(41) Pause Full (Allocation Failure) 7508M->7508M(13436M) 6191.421ms
[35.115s][info][gc,cpu         ] GC(41) User=6.06s Sys=0.00s Real=6.19s
[38.557s][info][gc,start       ] GC(42) Pause Young (Allocation Failure)
[47.495s][info][gc,promotion   ] GC(42) Promotion failed
[47.496s][info][gc             ] GC(42) Pause Young (Allocation Failure) 10946M->13436M(13436M) 8938.900ms
[47.496s][info][gc,cpu         ] GC(42) User=6.97s Sys=1.80s Real=8.94s
[47.496s][info][gc,start       ] GC(43) Pause Full (Allocation Failure)
[47.496s][info][gc,phases,start] GC(43) Phase 1: Mark live objects
[55.291s][info][gc,phases      ] GC(43) Phase 1: Mark live objects 7794.519ms
[55.291s][info][gc,phases,start] GC(43) Phase 2: Compute new object addresses
[57.194s][info][gc,phases      ] GC(43) Phase 2: Compute new object addresses 1903.281ms
[57.194s][info][gc,phases,start] GC(43) Phase 3: Adjust pointers
[59.376s][info][gc,phases      ] GC(43) Phase 3: Adjust pointers 2182.214ms
[59.376s][info][gc,phases,start] GC(43) Phase 4: Move objects
[59.833s][info][gc,phases      ] GC(43) Phase 4: Move objects 456.171ms
[59.834s][info][gc,heap        ] GC(43) DefNew: 3795648K(4270080K)->1720570K(4270080K) Eden: 3795648K(3795648K)->1720570K(3795648K) From: 0K(474432K)->0K(474432K)
[59.834s][info][gc,heap        ] GC(43) Tenured: 7414039K(9489088K)->9489087K(9489088K)
[59.834s][info][gc,metaspace   ] GC(43) Metaspace: 6302K(6528K)->6302K(6528K) NonClass: 5769K(5888K)->5769K(5888K) Class: 533K(640K)->533K(640K)
[59.834s][info][gc             ] GC(43) Pause Full (Allocation Failure) 13436M->10946M(13436M) 12337.593ms
[59.834s][info][gc,cpu         ] GC(43) User=8.31s Sys=1.45s Real=12.34s
[63.166s][info][gc,start       ] GC(44) Pause Full (Allocation Failure)
[63.167s][info][gc,phases,start] GC(44) Phase 1: Mark live objects
[69.281s][info][gc,phases      ] GC(44) Phase 1: Mark live objects 6114.894ms
[69.281s][info][gc,phases,start] GC(44) Phase 2: Compute new object addresses
[71.173s][info][gc,phases      ] GC(44) Phase 2: Compute new object addresses 1891.901ms
[71.173s][info][gc,phases,start] GC(44) Phase 3: Adjust pointers
[73.792s][info][gc,phases      ] GC(44) Phase 3: Adjust pointers 2618.194ms
[73.792s][info][gc,phases,start] GC(44) Phase 4: Move objects
[74.160s][info][gc,phases      ] GC(44) Phase 4: Move objects 368.113ms
[74.161s][info][gc,heap        ] GC(44) DefNew: 4270079K(4270080K)->4270067K(4270080K) Eden: 3795648K(3795648K)->3795647K(3795648K) From: 474431K(474432K)->474419K(474432K)
[74.161s][info][gc,heap        ] GC(44) Tenured: 9489087K(9489088K)->9489087K(9489088K)
[74.161s][info][gc,metaspace   ] GC(44) Metaspace: 6302K(6528K)->6302K(6528K) NonClass: 5769K(5888K)->5769K(5888K) Class: 533K(640K)->533K(640K)
[74.161s][info][gc             ] GC(44) Pause Full (Allocation Failure) 13436M->13436M(13436M) 10994.379ms
[74.161s][info][gc,cpu         ] GC(44) User=10.92s Sys=0.00s Real=10.99s
[74.161s][info][gc,start       ] GC(45) Pause Full (Allocation Failure)
[74.161s][info][gc,phases,start] GC(45) Phase 1: Mark live objects
[80.256s][info][gc,phases      ] GC(45) Phase 1: Mark live objects 6095.241ms
[80.256s][info][gc,phases,start] GC(45) Phase 2: Compute new object addresses
[82.083s][info][gc,phases      ] GC(45) Phase 2: Compute new object addresses 1826.183ms
[82.083s][info][gc,phases,start] GC(45) Phase 3: Adjust pointers
[84.949s][info][gc,phases      ] GC(45) Phase 3: Adjust pointers 2866.396ms
[84.949s][info][gc,phases,start] GC(45) Phase 4: Move objects
[87.460s][info][gc,phases      ] GC(45) Phase 4: Move objects 2510.901ms
[87.461s][info][gc,heap        ] GC(45) DefNew: 4270079K(4270080K)->3876864K(4270080K) Eden: 3795647K(3795648K)->3795647K(3795648K) From: 474431K(474432K)->81216K(474432K)
[87.461s][info][gc,heap        ] GC(45) Tenured: 9489087K(9489088K)->9489087K(9489088K)
[87.461s][info][gc,metaspace   ] GC(45) Metaspace: 6302K(6528K)->6302K(6528K) NonClass: 5769K(5888K)->5769K(5888K) Class: 533K(640K)->533K(640K)
[87.461s][info][gc             ] GC(45) Pause Full (Allocation Failure) 13436M->13052M(13436M) 13299.883ms
[87.461s][info][gc,cpu         ] GC(45) User=12.64s Sys=0.53s Real=13.30s
[88.539s][info][gc,start       ] GC(46) Pause Full (Allocation Failure)
[88.540s][info][gc,phases,start] GC(46) Phase 1: Mark live objects
[94.886s][info][gc,phases      ] GC(46) Phase 1: Mark live objects 6346.447ms
[94.886s][info][gc,phases,start] GC(46) Phase 2: Compute new object addresses
[96.767s][info][gc,phases      ] GC(46) Phase 2: Compute new object addresses 1881.298ms
[96.767s][info][gc,phases,start] GC(46) Phase 3: Adjust pointers
[99.319s][info][gc,phases      ] GC(46) Phase 3: Adjust pointers 2551.267ms
[99.319s][info][gc,phases,start] GC(46) Phase 4: Move objects
[99.319s][info][gc,phases      ] GC(46) Phase 4: Move objects 0.017ms
[99.319s][info][gc,heap        ] GC(46) DefNew: 4270079K(4270080K)->4270079K(4270080K) Eden: 3795647K(3795648K)->3795647K(3795648K) From: 474431K(474432K)->474431K(474432K)
[99.319s][info][gc,heap        ] GC(46) Tenured: 9489087K(9489088K)->9489087K(9489088K)
[99.319s][info][gc,metaspace   ] GC(46) Metaspace: 6302K(6528K)->6302K(6528K) NonClass: 5769K(5888K)->5769K(5888K) Class: 533K(640K)->533K(640K)
[99.320s][info][gc             ] GC(46) Pause Full (Allocation Failure) 13436M->13436M(13436M) 10780.127ms
[99.320s][info][gc,cpu         ] GC(46) User=10.66s Sys=0.00s Real=10.78s
[99.320s][info][gc,start       ] GC(47) Pause Full (Allocation Failure)
[99.320s][info][gc,phases,start] GC(47) Phase 1: Mark live objects
[105.610s][info][gc,phases      ] GC(47) Phase 1: Mark live objects 6290.493ms
[105.610s][info][gc,phases,start] GC(47) Phase 2: Compute new object addresses
[107.529s][info][gc,phases      ] GC(47) Phase 2: Compute new object addresses 1918.660ms
[107.529s][info][gc,phases,start] GC(47) Phase 3: Adjust pointers
[110.538s][info][gc,phases      ] GC(47) Phase 3: Adjust pointers 3008.668ms
[110.538s][info][gc,phases,start] GC(47) Phase 4: Move objects
[112.801s][info][gc,phases      ] GC(47) Phase 4: Move objects 2262.892ms
[112.803s][info][gc,heap        ] GC(47) DefNew: 4270079K(4270080K)->4270075K(4270080K) Eden: 3795647K(3795648K)->3795648K(3795648K) From: 474431K(474432K)->474427K(474432K)
[112.803s][info][gc,heap        ] GC(47) Tenured: 9489087K(9489088K)->9489087K(9489088K)
[112.803s][info][gc,metaspace   ] GC(47) Metaspace: 6302K(6528K)->6301K(6528K) NonClass: 5769K(5888K)->5768K(5888K) Class: 533K(640K)->532K(640K)
[112.803s][info][gc             ] GC(47) Pause Full (Allocation Failure) 13436M->13436M(13436M) 13483.309ms
[112.803s][info][gc,cpu         ] GC(47) User=13.31s Sys=0.02s Real=13.48s
[112.820s][info][gc,start       ] GC(48) Pause Full (Allocation Failure)
[112.820s][info][gc,phases,start] GC(48) Phase 1: Mark live objects
[119.084s][info][gc,phases      ] GC(48) Phase 1: Mark live objects 6264.645ms
[119.084s][info][gc,phases,start] GC(48) Phase 2: Compute new object addresses
[120.993s][info][gc,phases      ] GC(48) Phase 2: Compute new object addresses 1908.961ms
[120.993s][info][gc,phases,start] GC(48) Phase 3: Adjust pointers
[123.570s][info][gc,phases      ] GC(48) Phase 3: Adjust pointers 2576.444ms
[123.570s][info][gc,phases,start] GC(48) Phase 4: Move objects
[123.570s][info][gc,phases      ] GC(48) Phase 4: Move objects 0.016ms
[123.571s][info][gc,heap        ] GC(48) DefNew: 4270079K(4270080K)->4270079K(4270080K) Eden: 3795648K(3795648K)->3795648K(3795648K) From: 474431K(474432K)->474431K(474432K)
[123.571s][info][gc,heap        ] GC(48) Tenured: 9489087K(9489088K)->9489087K(9489088K)
[123.571s][info][gc,metaspace   ] GC(48) Metaspace: 6301K(6528K)->6301K(6528K) NonClass: 5768K(5888K)->5768K(5888K) Class: 532K(640K)->532K(640K)
[123.571s][info][gc             ] GC(48) Pause Full (Allocation Failure) 13436M->13436M(13436M) 10751.207ms
[123.571s][info][gc,cpu         ] GC(48) User=10.75s Sys=0.00s Real=10.75s
[123.571s][info][gc,start       ] GC(49) Pause Full (Allocation Failure)
[123.571s][info][gc,phases,start] GC(49) Phase 1: Mark live objects
[129.851s][info][gc,phases      ] GC(49) Phase 1: Mark live objects 6280.139ms
[129.851s][info][gc,phases,start] GC(49) Phase 2: Compute new object addresses
[131.727s][info][gc,phases      ] GC(49) Phase 2: Compute new object addresses 1875.738ms
[131.727s][info][gc,phases,start] GC(49) Phase 3: Adjust pointers
[134.302s][info][gc,phases      ] GC(49) Phase 3: Adjust pointers 2574.892ms
[134.302s][info][gc,phases,start] GC(49) Phase 4: Move objects
[134.302s][info][gc,phases      ] GC(49) Phase 4: Move objects 0.017ms
[134.302s][info][gc,heap        ] GC(49) DefNew: 4270079K(4270080K)->4270079K(4270080K) Eden: 3795648K(3795648K)->3795648K(3795648K) From: 474431K(474432K)->474431K(474432K)
[134.302s][info][gc,heap        ] GC(49) Tenured: 9489087K(9489088K)->9489087K(9489088K)
[134.302s][info][gc,metaspace   ] GC(49) Metaspace: 6301K(6528K)->6301K(6528K) NonClass: 5768K(5888K)->5768K(5888K) Class: 532K(640K)->532K(640K)
[134.302s][info][gc             ] GC(49) Pause Full (Allocation Failure) 13436M->13436M(13436M) 10731.742ms
[134.303s][info][gc,cpu         ] GC(49) User=10.67s Sys=0.00s Real=10.73s
[134.304s][info][gc,start       ] GC(50) Pause Full (Allocation Failure)
[134.304s][info][gc,phases,start] GC(50) Phase 1: Mark live objects
[140.565s][info][gc,phases      ] GC(50) Phase 1: Mark live objects 6261.147ms
[140.565s][info][gc,phases,start] GC(50) Phase 2: Compute new object addresses
[142.455s][info][gc,phases      ] GC(50) Phase 2: Compute new object addresses 1889.134ms
[142.455s][info][gc,phases,start] GC(50) Phase 3: Adjust pointers
[145.008s][info][gc,phases      ] GC(50) Phase 3: Adjust pointers 2553.622ms
[145.008s][info][gc,phases,start] GC(50) Phase 4: Move objects
[145.008s][info][gc,phases      ] GC(50) Phase 4: Move objects 0.017ms
[145.009s][info][gc,heap        ] GC(50) DefNew: 4270079K(4270080K)->4270079K(4270080K) Eden: 3795648K(3795648K)->3795648K(3795648K) From: 474431K(474432K)->474431K(474432K)
[145.009s][info][gc,heap        ] GC(50) Tenured: 9489087K(9489088K)->9489087K(9489088K)
[145.009s][info][gc,metaspace   ] GC(50) Metaspace: 6301K(6528K)->6301K(6528K) NonClass: 5768K(5888K)->5768K(5888K) Class: 532K(640K)->532K(640K)
[145.009s][info][gc             ] GC(50) Pause Full (Allocation Failure) 13436M->13436M(13436M) 10704.914ms
[145.009s][info][gc,cpu         ] GC(50) User=10.67s Sys=0.00s Real=10.70s
[145.009s][info][gc,start       ] GC(51) Pause Full (Allocation Failure)
[145.009s][info][gc,phases,start] GC(51) Phase 1: Mark live objects
[151.265s][info][gc,phases      ] GC(51) Phase 1: Mark live objects 6256.386ms
[151.266s][info][gc,phases,start] GC(51) Phase 2: Compute new object addresses
[153.146s][info][gc,phases      ] GC(51) Phase 2: Compute new object addresses 1880.165ms
[153.146s][info][gc,phases,start] GC(51) Phase 3: Adjust pointers
[156.157s][info][gc,phases      ] GC(51) Phase 3: Adjust pointers 3011.171ms
[156.157s][info][gc,phases,start] GC(51) Phase 4: Move objects
[158.415s][info][gc,phases      ] GC(51) Phase 4: Move objects 2257.635ms
[158.415s][info][gc,heap        ] GC(51) DefNew: 4270079K(4270080K)->4270078K(4270080K) Eden: 3795648K(3795648K)->3795647K(3795648K) From: 474431K(474432K)->474430K(474432K)
[158.415s][info][gc,heap        ] GC(51) Tenured: 9489087K(9489088K)->9489087K(9489088K)
[158.415s][info][gc,metaspace   ] GC(51) Metaspace: 6301K(6528K)->6301K(6528K) NonClass: 5768K(5888K)->5768K(5888K) Class: 532K(640K)->532K(640K)
[158.416s][info][gc             ] GC(51) Pause Full (Allocation Failure) 13436M->13436M(13436M) 13406.430ms
[158.416s][info][gc,cpu         ] GC(51) User=13.36s Sys=0.00s Real=13.41s
[158.427s][info][gc,start       ] GC(52) Pause Full (Allocation Failure)
[158.427s][info][gc,phases,start] GC(52) Phase 1: Mark live objects
[164.739s][info][gc,phases      ] GC(52) Phase 1: Mark live objects 6311.674ms
[164.739s][info][gc,phases,start] GC(52) Phase 2: Compute new object addresses
[166.725s][info][gc,phases      ] GC(52) Phase 2: Compute new object addresses 1986.285ms
[166.725s][info][gc,phases,start] GC(52) Phase 3: Adjust pointers
[169.842s][info][gc,phases      ] GC(52) Phase 3: Adjust pointers 3116.595ms
[169.842s][info][gc,phases,start] GC(52) Phase 4: Move objects
[169.842s][info][gc,phases      ] GC(52) Phase 4: Move objects 0.018ms
[169.843s][info][gc,heap        ] GC(52) DefNew: 4270079K(4270080K)->4270079K(4270080K) Eden: 3795648K(3795648K)->3795648K(3795648K) From: 474431K(474432K)->474431K(474432K)
[169.843s][info][gc,heap        ] GC(52) Tenured: 9489087K(9489088K)->9489087K(9489088K)
[169.843s][info][gc,metaspace   ] GC(52) Metaspace: 6302K(6528K)->6302K(6528K) NonClass: 5768K(5888K)->5768K(5888K) Class: 533K(640K)->533K(640K)
[169.843s][info][gc             ] GC(52) Pause Full (Allocation Failure) 13436M->13436M(13436M) 11415.906ms
[169.843s][info][gc,cpu         ] GC(52) User=11.06s Sys=0.00s Real=11.42s
[169.847s][info][gc,heap,exit   ] Heap
[169.847s][info][gc,heap,exit   ]  def new generation   total 4270080K, used 4270079K [0x000000049b400000, 0x00000005bcd50000, 0x00000005bcd50000)
[169.847s][info][gc,heap,exit   ]   eden space 3795648K, 100% used [0x000000049b400000, 0x0000000582eb0000, 0x0000000582eb0000)
[169.847s][info][gc,heap,exit   ]   from space 474432K,  99% used [0x000000059fe00000, 0x00000005bcd4ffb0, 0x00000005bcd50000)
[169.847s][info][gc,heap,exit   ]   to   space 474432K,   0% used [0x0000000582eb0000, 0x0000000582eb0000, 0x000000059fe00000)
[169.847s][info][gc,heap,exit   ]  tenured generation   total 9489088K, used 9489087K [0x00000005bcd50000, 0x0000000800000000, 0x0000000800000000)
[169.847s][info][gc,heap,exit   ]    the space 9489088K,  99% used [0x00000005bcd50000, 0x00000007ffffffc8, 0x0000000800000000, 0x0000000800000000)
[169.847s][info][gc,heap,exit   ]  Metaspace       used 6305K, committed 6528K, reserved 1114112K
[169.847s][info][gc,heap,exit   ]   class space    used 534K, committed 640K, reserved 1048576K
