[0.024s][info][gc,init] CardTable entry size: 512
[0.024s][info][gc     ] Using Serial
[0.025s][info][gc,init] Version: 18.0.1+10 (release)
[0.025s][info][gc,init] CPUs: 8 total, 8 available
[0.025s][info][gc,init] Memory: 16063M
[0.025s][info][gc,init] Large Page Support: Disabled
[0.025s][info][gc,init] NUMA Support: Disabled
[0.025s][info][gc,init] Compressed Oops: Enabled (Zero based)
[0.025s][info][gc,init] Heap Min Capacity: 2M
[0.025s][info][gc,init] Heap Initial Capacity: 2M
[0.025s][info][gc,init] Heap Max Capacity: 14700M
[0.025s][info][gc,init] Pre-touch: Disabled
[0.026s][info][gc,metaspace] CDS archive(s) not mapped
[0.026s][info][gc,metaspace] Compressed class space mapped at: 0x0000000800000000-0x0000000840000000, reserved size: 1073741824
[0.026s][info][gc,metaspace] Narrow klass base: 0x0000000800000000, Narrow klass shift: 0, Narrow klass range: 0x40000000
[0.184s][info][gc,start    ] GC(0) Pause Young (Allocation Failure)
[0.186s][info][gc,heap     ] GC(0) DefNew: 1023K(1152K)->127K(1152K) Eden: 1023K(1024K)->0K(1024K) From: 0K(128K)->127K(128K)
[0.186s][info][gc,heap     ] GC(0) Tenured: 0K(768K)->440K(768K)
[0.186s][info][gc,metaspace] GC(0) Metaspace: 5903K(6016K)->5903K(6016K) NonClass: 5404K(5504K)->5404K(5504K) Class: 499K(512K)->499K(512K)
[0.186s][info][gc          ] GC(0) Pause Young (Allocation Failure) 0M->0M(1M) 1.710ms
[0.186s][info][gc,cpu      ] GC(0) User=0.00s Sys=0.00s Real=0.00s
[0.213s][info][gc,start    ] GC(1) Pause Young (Allocation Failure)
[0.214s][info][gc          ] GC(1) Pause Young (Allocation Failure) 1M->0M(2M) 1.679ms
[0.214s][info][gc,cpu      ] GC(1) User=0.00s Sys=0.00s Real=0.00s
[0.214s][info][gc,start    ] GC(2) Pause Full (Allocation Failure)
[0.214s][info][gc,phases,start] GC(2) Phase 1: Mark live objects
[0.216s][info][gc,phases      ] GC(2) Phase 1: Mark live objects 1.272ms
[0.216s][info][gc,phases,start] GC(2) Phase 2: Compute new object addresses
[0.216s][info][gc,phases      ] GC(2) Phase 2: Compute new object addresses 0.313ms
[0.216s][info][gc,phases,start] GC(2) Phase 3: Adjust pointers
[0.217s][info][gc,phases      ] GC(2) Phase 3: Adjust pointers 0.663ms
[0.217s][info][gc,phases,start] GC(2) Phase 4: Move objects
[0.217s][info][gc,phases      ] GC(2) Phase 4: Move objects 0.077ms
[0.217s][info][gc,heap        ] GC(2) DefNew: 1151K(1152K)->40K(1152K) Eden: 1024K(1024K)->40K(1024K) From: 127K(128K)->0K(128K)
[0.217s][info][gc,heap        ] GC(2) Tenured: 440K(768K)->959K(1600K)
[0.217s][info][gc,metaspace   ] GC(2) Metaspace: 6301K(6528K)->6301K(6528K) NonClass: 5768K(5888K)->5768K(5888K) Class: 533K(640K)->533K(640K)
[0.217s][info][gc             ] GC(2) Pause Full (Allocation Failure) 0M->0M(2M) 2.677ms
[0.217s][info][gc,cpu         ] GC(2) User=0.00s Sys=0.00s Real=0.00s
[0.219s][info][gc,start       ] GC(3) Pause Young (Allocation Failure)
[0.220s][info][gc,heap        ] GC(3) DefNew: 1024K(1152K)->127K(1152K) Eden: 1024K(1024K)->0K(1024K) From: 0K(128K)->127K(128K)
[0.220s][info][gc,heap        ] GC(3) Tenured: 959K(1600K)->1375K(1600K)
[0.220s][info][gc,metaspace   ] GC(3) Metaspace: 6301K(6528K)->6301K(6528K) NonClass: 5768K(5888K)->5768K(5888K) Class: 533K(640K)->533K(640K)
[0.220s][info][gc             ] GC(3) Pause Young (Allocation Failure) 1M->1M(2M) 1.745ms
[0.220s][info][gc,cpu         ] GC(3) User=0.02s Sys=0.00s Real=0.00s
[0.222s][info][gc,start       ] GC(4) Pause Young (Allocation Failure)
[0.224s][info][gc             ] GC(4) Pause Young (Allocation Failure) 2M->1M(3M) 1.567ms
[0.224s][info][gc,cpu         ] GC(4) User=0.00s Sys=0.00s Real=0.00s
[0.224s][info][gc,start       ] GC(5) Pause Full (Allocation Failure)
[0.224s][info][gc,phases,start] GC(5) Phase 1: Mark live objects
[0.225s][info][gc,phases      ] GC(5) Phase 1: Mark live objects 1.681ms
[0.225s][info][gc,phases,start] GC(5) Phase 2: Compute new object addresses
[0.226s][info][gc,phases      ] GC(5) Phase 2: Compute new object addresses 0.435ms
[0.226s][info][gc,phases,start] GC(5) Phase 3: Adjust pointers
[0.227s][info][gc,phases      ] GC(5) Phase 3: Adjust pointers 0.794ms
[0.227s][info][gc,phases,start] GC(5) Phase 4: Move objects
[0.227s][info][gc,phases      ] GC(5) Phase 4: Move objects 0.082ms
[0.227s][info][gc,heap        ] GC(5) DefNew: 1151K(1152K)->34K(1536K) Eden: 1024K(1024K)->34K(1408K) From: 127K(128K)->0K(128K)
[0.227s][info][gc,heap        ] GC(5) Tenured: 1375K(1600K)->1984K(3308K)
[0.227s][info][gc,metaspace   ] GC(5) Metaspace: 6301K(6528K)->6301K(6528K) NonClass: 5768K(5888K)->5768K(5888K) Class: 533K(640K)->533K(640K)
[0.227s][info][gc             ] GC(5) Pause Full (Allocation Failure) 1M->1M(4M) 3.346ms
[0.227s][info][gc,cpu         ] GC(5) User=0.00s Sys=0.00s Real=0.00s
[0.229s][info][gc,start       ] GC(6) Pause Young (Allocation Failure)
[0.231s][info][gc,heap        ] GC(6) DefNew: 1408K(1536K)->127K(1536K) Eden: 1408K(1408K)->0K(1408K) From: 0K(128K)->127K(128K)
[0.231s][info][gc,heap        ] GC(6) Tenured: 1984K(3308K)->2617K(3308K)
[0.231s][info][gc,metaspace   ] GC(6) Metaspace: 6301K(6528K)->6301K(6528K) NonClass: 5768K(5888K)->5768K(5888K) Class: 533K(640K)->533K(640K)
[0.231s][info][gc             ] GC(6) Pause Young (Allocation Failure) 3M->2M(4M) 1.948ms
[0.231s][info][gc,cpu         ] GC(6) User=0.00s Sys=0.00s Real=0.00s
[0.233s][info][gc,start       ] GC(7) Pause Young (Allocation Failure)
[0.235s][info][gc             ] GC(7) Pause Young (Allocation Failure) 4M->3M(4M) 2.292ms
[0.235s][info][gc,cpu         ] GC(7) User=0.00s Sys=0.00s Real=0.00s
[0.235s][info][gc,start       ] GC(8) Pause Full (Allocation Failure)
[0.235s][info][gc,phases,start] GC(8) Phase 1: Mark live objects
[0.238s][info][gc,phases      ] GC(8) Phase 1: Mark live objects 3.108ms
[0.239s][info][gc,phases,start] GC(8) Phase 2: Compute new object addresses
[0.239s][info][gc,phases      ] GC(8) Phase 2: Compute new object addresses 0.708ms
[0.239s][info][gc,phases,start] GC(8) Phase 3: Adjust pointers
[0.240s][info][gc,phases      ] GC(8) Phase 3: Adjust pointers 1.093ms
[0.240s][info][gc,phases,start] GC(8) Phase 4: Move objects
[0.241s][info][gc,phases      ] GC(8) Phase 4: Move objects 0.098ms
[0.241s][info][gc,heap        ] GC(8) DefNew: 1535K(1536K)->0K(2688K) Eden: 1408K(1408K)->0K(2432K) From: 127K(128K)->0K(256K)
[0.241s][info][gc,heap        ] GC(8) Tenured: 2617K(3308K)->3459K(5768K)
[0.241s][info][gc,metaspace   ] GC(8) Metaspace: 6301K(6528K)->6301K(6528K) NonClass: 5768K(5888K)->5768K(5888K) Class: 533K(640K)->533K(640K)
[0.241s][info][gc             ] GC(8) Pause Full (Allocation Failure) 3M->3M(8M) 5.347ms
[0.241s][info][gc,cpu         ] GC(8) User=0.00s Sys=0.00s Real=0.01s
[0.245s][info][gc,start       ] GC(9) Pause Young (Allocation Failure)
[0.248s][info][gc,heap        ] GC(9) DefNew: 2432K(2688K)->255K(2688K) Eden: 2432K(2432K)->0K(2432K) From: 0K(256K)->255K(256K)
[0.248s][info][gc,heap        ] GC(9) Tenured: 3459K(5768K)->4512K(5768K)
[0.248s][info][gc,metaspace   ] GC(9) Metaspace: 6301K(6528K)->6301K(6528K) NonClass: 5768K(5888K)->5768K(5888K) Class: 533K(640K)->533K(640K)
[0.248s][info][gc             ] GC(9) Pause Young (Allocation Failure) 5M->4M(8M) 3.033ms
[0.248s][info][gc,cpu         ] GC(9) User=0.00s Sys=0.00s Real=0.00s
[0.253s][info][gc,start       ] GC(10) Pause Young (Allocation Failure)
[0.257s][info][gc,heap        ] GC(10) DefNew: 2687K(2688K)->256K(2688K) Eden: 2432K(2432K)->0K(2432K) From: 255K(256K)->256K(256K)
[0.257s][info][gc,heap        ] GC(10) Tenured: 4512K(5768K)->5754K(5768K)
[0.257s][info][gc,metaspace   ] GC(10) Metaspace: 6301K(6528K)->6301K(6528K) NonClass: 5768K(5888K)->5768K(5888K) Class: 533K(640K)->533K(640K)
[0.257s][info][gc             ] GC(10) Pause Young (Allocation Failure) 7M->5M(8M) 3.979ms
[0.257s][info][gc,cpu         ] GC(10) User=0.00s Sys=0.00s Real=0.00s
[0.261s][info][gc,start       ] GC(11) Pause Young (Allocation Failure)
[0.265s][info][gc             ] GC(11) Pause Young (Allocation Failure) 8M->7M(9M) 3.217ms
[0.265s][info][gc,cpu         ] GC(11) User=0.00s Sys=0.00s Real=0.00s
[0.265s][info][gc,start       ] GC(12) Pause Full (Allocation Failure)
[0.265s][info][gc,phases,start] GC(12) Phase 1: Mark live objects
[0.271s][info][gc,phases      ] GC(12) Phase 1: Mark live objects 5.804ms
[0.271s][info][gc,phases,start] GC(12) Phase 2: Compute new object addresses
[0.272s][info][gc,phases      ] GC(12) Phase 2: Compute new object addresses 1.429ms
[0.272s][info][gc,phases,start] GC(12) Phase 3: Adjust pointers
[0.274s][info][gc,phases      ] GC(12) Phase 3: Adjust pointers 2.269ms
[0.274s][info][gc,phases,start] GC(12) Phase 4: Move objects
[0.276s][info][gc,phases      ] GC(12) Phase 4: Move objects 1.464ms
[0.276s][info][gc,heap        ] GC(12) DefNew: 2688K(2688K)->0K(5376K) Eden: 2432K(2432K)->0K(4800K) From: 256K(256K)->0K(576K)
[0.276s][info][gc,heap        ] GC(12) Tenured: 5754K(5768K)->7132K(11888K)
[0.276s][info][gc,metaspace   ] GC(12) Metaspace: 6301K(6528K)->6301K(6528K) NonClass: 5768K(5888K)->5768K(5888K) Class: 533K(640K)->533K(640K)
[0.276s][info][gc             ] GC(12) Pause Full (Allocation Failure) 7M->6M(16M) 11.484ms
[0.276s][info][gc,cpu         ] GC(12) User=0.00s Sys=0.00s Real=0.01s
[0.282s][info][gc,start       ] GC(13) Pause Young (Allocation Failure)
[0.289s][info][gc,heap        ] GC(13) DefNew: 4800K(5376K)->576K(5376K) Eden: 4800K(4800K)->0K(4800K) From: 0K(576K)->576K(576K)
[0.289s][info][gc,heap        ] GC(13) Tenured: 7132K(11888K)->9027K(11888K)
[0.289s][info][gc,metaspace   ] GC(13) Metaspace: 6301K(6528K)->6301K(6528K) NonClass: 5768K(5888K)->5768K(5888K) Class: 533K(640K)->533K(640K)
[0.289s][info][gc             ] GC(13) Pause Young (Allocation Failure) 11M->9M(16M) 6.390ms
[0.289s][info][gc,cpu         ] GC(13) User=0.00s Sys=0.00s Real=0.01s
[0.294s][info][gc,start       ] GC(14) Pause Young (Allocation Failure)
[0.301s][info][gc,heap        ] GC(14) DefNew: 5376K(5376K)->576K(5376K) Eden: 4800K(4800K)->0K(4800K) From: 576K(576K)->576K(576K)
[0.301s][info][gc,heap        ] GC(14) Tenured: 9027K(11888K)->11746K(11888K)
[0.301s][info][gc,metaspace   ] GC(14) Metaspace: 6301K(6528K)->6301K(6528K) NonClass: 5768K(5888K)->5768K(5888K) Class: 533K(640K)->533K(640K)
[0.301s][info][gc             ] GC(14) Pause Young (Allocation Failure) 14M->12M(16M) 7.436ms
[0.301s][info][gc,cpu         ] GC(14) User=0.00s Sys=0.00s Real=0.01s
[0.306s][info][gc,start       ] GC(15) Pause Young (Allocation Failure)
[0.312s][info][gc             ] GC(15) Pause Young (Allocation Failure) 16M->14M(19M) 6.135ms
[0.312s][info][gc,cpu         ] GC(15) User=0.00s Sys=0.00s Real=0.01s
[0.312s][info][gc,start       ] GC(16) Pause Full (Allocation Failure)
[0.312s][info][gc,phases,start] GC(16) Phase 1: Mark live objects
[0.321s][info][gc,phases      ] GC(16) Phase 1: Mark live objects 8.978ms
[0.321s][info][gc,phases,start] GC(16) Phase 2: Compute new object addresses
[0.324s][info][gc,phases      ] GC(16) Phase 2: Compute new object addresses 2.605ms
[0.324s][info][gc,phases,start] GC(16) Phase 3: Adjust pointers
[0.327s][info][gc,phases      ] GC(16) Phase 3: Adjust pointers 3.054ms
[0.327s][info][gc,phases,start] GC(16) Phase 4: Move objects
[0.327s][info][gc,phases      ] GC(16) Phase 4: Move objects 0.198ms
[0.327s][info][gc,heap        ] GC(16) DefNew: 5376K(5376K)->386K(10880K) Eden: 4800K(4800K)->386K(9728K) From: 576K(576K)->0K(1152K)
[0.327s][info][gc,heap        ] GC(16) Tenured: 11746K(11888K)->14383K(23976K)
[0.327s][info][gc,metaspace   ] GC(16) Metaspace: 6303K(6528K)->6303K(6528K) NonClass: 5770K(5888K)->5770K(5888K) Class: 533K(640K)->533K(640K)
[0.327s][info][gc             ] GC(16) Pause Full (Allocation Failure) 14M->14M(34M) 15.193ms
[0.327s][info][gc,cpu         ] GC(16) User=0.02s Sys=0.00s Real=0.01s
[0.336s][info][gc,start       ] GC(17) Pause Young (Allocation Failure)
[0.350s][info][gc,heap        ] GC(17) DefNew: 9728K(10880K)->1152K(10880K) Eden: 9728K(9728K)->0K(9728K) From: 0K(1152K)->1152K(1152K)
[0.350s][info][gc,heap        ] GC(17) Tenured: 14383K(23976K)->18415K(23976K)
[0.350s][info][gc,metaspace   ] GC(17) Metaspace: 6303K(6528K)->6303K(6528K) NonClass: 5770K(5888K)->5770K(5888K) Class: 533K(640K)->533K(640K)
[0.350s][info][gc             ] GC(17) Pause Young (Allocation Failure) 23M->19M(34M) 13.741ms
[0.350s][info][gc,cpu         ] GC(17) User=0.00s Sys=0.00s Real=0.01s
[0.356s][info][gc,start       ] GC(18) Pause Young (Allocation Failure)
[0.368s][info][gc,heap        ] GC(18) DefNew: 10880K(10880K)->1151K(10880K) Eden: 9728K(9728K)->0K(9728K) From: 1152K(1152K)->1151K(1152K)
[0.368s][info][gc,heap        ] GC(18) Tenured: 18415K(23976K)->23936K(23976K)
[0.368s][info][gc,metaspace   ] GC(18) Metaspace: 6303K(6528K)->6303K(6528K) NonClass: 5770K(5888K)->5770K(5888K) Class: 533K(640K)->533K(640K)
[0.368s][info][gc             ] GC(18) Pause Young (Allocation Failure) 28M->24M(34M) 11.988ms
[0.368s][info][gc,cpu         ] GC(18) User=0.00s Sys=0.00s Real=0.01s
[0.374s][info][gc,start       ] GC(19) Pause Young (Allocation Failure)
[0.385s][info][gc             ] GC(19) Pause Young (Allocation Failure) 34M->29M(38M) 11.223ms
[0.385s][info][gc,cpu         ] GC(19) User=0.00s Sys=0.00s Real=0.01s
[0.385s][info][gc,start       ] GC(20) Pause Full (Allocation Failure)
[0.385s][info][gc,phases,start] GC(20) Phase 1: Mark live objects
[0.400s][info][gc,phases      ] GC(20) Phase 1: Mark live objects 15.355ms
[0.400s][info][gc,phases,start] GC(20) Phase 2: Compute new object addresses
[0.406s][info][gc,phases      ] GC(20) Phase 2: Compute new object addresses 5.115ms
[0.406s][info][gc,phases,start] GC(20) Phase 3: Adjust pointers
[0.412s][info][gc,phases      ] GC(20) Phase 3: Adjust pointers 6.147ms
[0.412s][info][gc,phases,start] GC(20) Phase 4: Move objects
[0.412s][info][gc,phases      ] GC(20) Phase 4: Move objects 0.167ms
[0.412s][info][gc,heap        ] GC(20) DefNew: 10879K(10880K)->1080K(21888K) Eden: 9728K(9728K)->1080K(19520K) From: 1151K(1152K)->0K(2368K)
[0.412s][info][gc,heap        ] GC(20) Tenured: 23936K(23976K)->29035K(48396K)
[0.412s][info][gc,metaspace   ] GC(20) Metaspace: 6303K(6528K)->6303K(6528K) NonClass: 5770K(5888K)->5770K(5888K) Class: 533K(640K)->533K(640K)
[0.412s][info][gc             ] GC(20) Pause Full (Allocation Failure) 29M->29M(68M) 27.198ms
[0.412s][info][gc,cpu         ] GC(20) User=0.03s Sys=0.00s Real=0.03s
[0.427s][info][gc,start       ] GC(21) Pause Young (Allocation Failure)
[0.456s][info][gc,heap        ] GC(21) DefNew: 19520K(21888K)->2368K(21888K) Eden: 19520K(19520K)->0K(19520K) From: 0K(2368K)->2368K(2368K)
[0.456s][info][gc,heap        ] GC(21) Tenured: 29035K(48396K)->39358K(48396K)
[0.456s][info][gc,metaspace   ] GC(21) Metaspace: 6303K(6528K)->6303K(6528K) NonClass: 5770K(5888K)->5770K(5888K) Class: 533K(640K)->533K(640K)
[0.456s][info][gc             ] GC(21) Pause Young (Allocation Failure) 47M->40M(68M) 28.575ms
[0.456s][info][gc,cpu         ] GC(21) User=0.03s Sys=0.00s Real=0.03s
[0.473s][info][gc,start       ] GC(22) Pause Young (Allocation Failure)
[0.508s][info][gc             ] GC(22) Pause Young (Allocation Failure) 59M->59M(78M) 35.221ms
[0.508s][info][gc,cpu         ] GC(22) User=0.02s Sys=0.02s Real=0.03s
[0.509s][info][gc,start       ] GC(23) Pause Full (Allocation Failure)
[0.509s][info][gc,phases,start] GC(23) Phase 1: Mark live objects
[0.534s][info][gc,phases      ] GC(23) Phase 1: Mark live objects 24.999ms
[0.534s][info][gc,phases,start] GC(23) Phase 2: Compute new object addresses
[0.543s][info][gc,phases      ] GC(23) Phase 2: Compute new object addresses 9.891ms
[0.544s][info][gc,phases,start] GC(23) Phase 3: Adjust pointers
[0.555s][info][gc,phases      ] GC(23) Phase 3: Adjust pointers 11.388ms
[0.555s][info][gc,phases,start] GC(23) Phase 4: Move objects
[0.556s][info][gc,phases      ] GC(23) Phase 4: Move objects 0.531ms
[0.556s][info][gc,heap        ] GC(23) DefNew: 21888K(21888K)->2259K(44288K) Eden: 19520K(19520K)->2259K(39424K) From: 2368K(2368K)->0K(4864K)
[0.556s][info][gc,heap        ] GC(23) Tenured: 39358K(48396K)->58955K(98260K)
[0.556s][info][gc,metaspace   ] GC(23) Metaspace: 6303K(6528K)->6303K(6528K) NonClass: 5770K(5888K)->5770K(5888K) Class: 533K(640K)->533K(640K)
[0.556s][info][gc             ] GC(23) Pause Full (Allocation Failure) 59M->59M(139M) 47.505ms
[0.556s][info][gc,cpu         ] GC(23) User=0.05s Sys=0.00s Real=0.05s
[0.597s][info][gc,start       ] GC(24) Pause Young (Allocation Failure)
[0.661s][info][gc,heap        ] GC(24) DefNew: 39424K(44288K)->4863K(44288K) Eden: 39424K(39424K)->0K(39424K) From: 0K(4864K)->4863K(4864K)
[0.661s][info][gc,heap        ] GC(24) Tenured: 58955K(98260K)->93487K(98260K)
[0.661s][info][gc,metaspace   ] GC(24) Metaspace: 6303K(6528K)->6303K(6528K) NonClass: 5770K(5888K)->5770K(5888K) Class: 533K(640K)->533K(640K)
[0.661s][info][gc             ] GC(24) Pause Young (Allocation Failure) 96M->96M(139M) 63.855ms
[0.661s][info][gc,cpu         ] GC(24) User=0.05s Sys=0.00s Real=0.06s
[0.693s][info][gc,start       ] GC(25) Pause Young (Allocation Failure)
[0.763s][info][gc             ] GC(25) Pause Young (Allocation Failure) 134M->134M(173M) 70.288ms
[0.763s][info][gc,cpu         ] GC(25) User=0.06s Sys=0.00s Real=0.07s
[0.763s][info][gc,start       ] GC(26) Pause Full (Allocation Failure)
[0.763s][info][gc,phases,start] GC(26) Phase 1: Mark live objects
[0.821s][info][gc,phases      ] GC(26) Phase 1: Mark live objects 57.937ms
[0.821s][info][gc,phases,start] GC(26) Phase 2: Compute new object addresses
[0.843s][info][gc,phases      ] GC(26) Phase 2: Compute new object addresses 21.274ms
[0.843s][info][gc,phases,start] GC(26) Phase 3: Adjust pointers
[0.870s][info][gc,phases      ] GC(26) Phase 3: Adjust pointers 26.829ms
[0.870s][info][gc,phases,start] GC(26) Phase 4: Move objects
[0.895s][info][gc,phases      ] GC(26) Phase 4: Move objects 24.809ms
[0.895s][info][gc,heap        ] GC(26) DefNew: 44287K(44288K)->891K(99840K) Eden: 39424K(39424K)->891K(88768K) From: 4863K(4864K)->0K(11072K)
[0.895s][info][gc,heap        ] GC(26) Tenured: 93487K(98260K)->133011K(221688K)
[0.895s][info][gc,metaspace   ] GC(26) Metaspace: 6303K(6528K)->6303K(6528K) NonClass: 5770K(5888K)->5770K(5888K) Class: 533K(640K)->533K(640K)
[0.895s][info][gc             ] GC(26) Pause Full (Allocation Failure) 134M->130M(313M) 131.728ms
[0.895s][info][gc,cpu         ] GC(26) User=0.08s Sys=0.00s Real=0.13s
[0.988s][info][gc,start       ] GC(27) Pause Young (Allocation Failure)
[1.137s][info][gc,heap        ] GC(27) DefNew: 88768K(99840K)->11071K(99840K) Eden: 88768K(88768K)->0K(88768K) From: 0K(11072K)->11071K(11072K)
[1.137s][info][gc,heap        ] GC(27) Tenured: 133011K(221688K)->210681K(221688K)
[1.137s][info][gc,metaspace   ] GC(27) Metaspace: 6303K(6528K)->6303K(6528K) NonClass: 5770K(5888K)->5770K(5888K) Class: 533K(640K)->533K(640K)
[1.137s][info][gc             ] GC(27) Pause Young (Allocation Failure) 216M->216M(313M) 148.347ms
[1.137s][info][gc,cpu         ] GC(27) User=0.12s Sys=0.00s Real=0.15s
[1.221s][info][gc,start       ] GC(28) Pause Young (Allocation Failure)
[1.405s][info][gc             ] GC(28) Pause Young (Allocation Failure) 303M->303M(390M) 183.767ms
[1.405s][info][gc,cpu         ] GC(28) User=0.11s Sys=0.02s Real=0.18s
[1.405s][info][gc,start       ] GC(29) Pause Full (Allocation Failure)
[1.405s][info][gc,phases,start] GC(29) Phase 1: Mark live objects
[1.555s][info][gc,phases      ] GC(29) Phase 1: Mark live objects 149.194ms
[1.555s][info][gc,phases,start] GC(29) Phase 2: Compute new object addresses
[1.614s][info][gc,phases      ] GC(29) Phase 2: Compute new object addresses 59.187ms
[1.614s][info][gc,phases,start] GC(29) Phase 3: Adjust pointers
[1.679s][info][gc,phases      ] GC(29) Phase 3: Adjust pointers 64.971ms
[1.679s][info][gc,phases,start] GC(29) Phase 4: Move objects
[1.681s][info][gc,phases      ] GC(29) Phase 4: Move objects 2.294ms
[1.682s][info][gc,heap        ] GC(29) DefNew: 99839K(99840K)->10907K(224704K) Eden: 88768K(88768K)->10907K(199744K) From: 11071K(11072K)->0K(24960K)
[1.682s][info][gc,heap        ] GC(29) Tenured: 210681K(221688K)->299579K(499300K)
[1.682s][info][gc,metaspace   ] GC(29) Metaspace: 6303K(6528K)->6303K(6528K) NonClass: 5770K(5888K)->5770K(5888K) Class: 533K(640K)->533K(640K)
[1.682s][info][gc             ] GC(29) Pause Full (Allocation Failure) 303M->303M(707M) 276.964ms
[1.682s][info][gc,cpu         ] GC(29) User=0.23s Sys=0.00s Real=0.28s
[1.894s][info][gc,start       ] GC(30) Pause Young (Allocation Failure)
[2.237s][info][gc,heap        ] GC(30) DefNew: 199744K(224704K)->24959K(224704K) Eden: 199744K(199744K)->0K(199744K) From: 0K(24960K)->24959K(24960K)
[2.237s][info][gc,heap        ] GC(30) Tenured: 299579K(499300K)->474335K(499300K)
[2.237s][info][gc,metaspace   ] GC(30) Metaspace: 6303K(6528K)->6303K(6528K) NonClass: 5770K(5888K)->5770K(5888K) Class: 533K(640K)->533K(640K)
[2.237s][info][gc             ] GC(30) Pause Young (Allocation Failure) 487M->487M(707M) 343.464ms
[2.237s][info][gc,cpu         ] GC(30) User=0.27s Sys=0.05s Real=0.34s
[2.421s][info][gc,start       ] GC(31) Pause Young (Allocation Failure)
[2.810s][info][gc             ] GC(31) Pause Young (Allocation Failure) 682M->682M(877M) 389.380ms
[2.811s][info][gc,cpu         ] GC(31) User=0.34s Sys=0.05s Real=0.39s
[2.811s][info][gc,start       ] GC(32) Pause Full (Allocation Failure)
[2.811s][info][gc,phases,start] GC(32) Phase 1: Mark live objects
[3.124s][info][gc,phases      ] GC(32) Phase 1: Mark live objects 313.831ms
[3.124s][info][gc,phases,start] GC(32) Phase 2: Compute new object addresses
[3.234s][info][gc,phases      ] GC(32) Phase 2: Compute new object addresses 109.313ms
[3.234s][info][gc,phases,start] GC(32) Phase 3: Adjust pointers
[3.354s][info][gc,phases      ] GC(32) Phase 3: Adjust pointers 120.158ms
[3.354s][info][gc,phases,start] GC(32) Phase 4: Move objects
[3.360s][info][gc,phases      ] GC(32) Phase 4: Move objects 5.575ms
[3.362s][info][gc,heap        ] GC(32) DefNew: 224703K(224704K)->24794K(505728K) Eden: 199744K(199744K)->24794K(449600K) From: 24959K(24960K)->0K(56128K)
[3.362s][info][gc,heap        ] GC(32) Tenured: 474335K(499300K)->674211K(1123688K)
[3.362s][info][gc,metaspace   ] GC(32) Metaspace: 6303K(6528K)->6303K(6528K) NonClass: 5770K(5888K)->5770K(5888K) Class: 533K(640K)->533K(640K)
[3.362s][info][gc             ] GC(32) Pause Full (Allocation Failure) 682M->682M(1591M) 551.182ms
[3.362s][info][gc,cpu         ] GC(32) User=0.52s Sys=0.02s Real=0.55s
[3.831s][info][gc,start       ] GC(33) Pause Young (Allocation Failure)
[4.629s][info][gc,heap        ] GC(33) DefNew: 449600K(505728K)->56127K(505728K) Eden: 449600K(449600K)->0K(449600K) From: 0K(56128K)->56127K(56128K)
[4.629s][info][gc,heap        ] GC(33) Tenured: 674211K(1123688K)->1067655K(1123688K)
[4.629s][info][gc,metaspace   ] GC(33) Metaspace: 6303K(6528K)->6303K(6528K) NonClass: 5770K(5888K)->5770K(5888K) Class: 533K(640K)->533K(640K)
[4.629s][info][gc             ] GC(33) Pause Young (Allocation Failure) 1097M->1097M(1591M) 798.075ms
[4.629s][info][gc,cpu         ] GC(33) User=0.69s Sys=0.08s Real=0.80s
[5.122s][info][gc,start       ] GC(34) Pause Young (Allocation Failure)
[5.872s][info][gc             ] GC(34) Pause Young (Allocation Failure) 1536M->1483M(1922M) 750.756ms
[5.872s][info][gc,cpu         ] GC(34) User=0.58s Sys=0.16s Real=0.75s
[5.872s][info][gc,start       ] GC(35) Pause Full (Allocation Failure)
[5.872s][info][gc,phases,start] GC(35) Phase 1: Mark live objects
[6.526s][info][gc,phases      ] GC(35) Phase 1: Mark live objects 653.686ms
[6.526s][info][gc,phases,start] GC(35) Phase 2: Compute new object addresses
[6.750s][info][gc,phases      ] GC(35) Phase 2: Compute new object addresses 223.665ms
[6.750s][info][gc,phases,start] GC(35) Phase 3: Adjust pointers
[7.009s][info][gc,phases      ] GC(35) Phase 3: Adjust pointers 259.451ms
[7.009s][info][gc,phases,start] GC(35) Phase 4: Move objects
[7.020s][info][gc,phases      ] GC(35) Phase 4: Move objects 10.589ms
[7.024s][info][gc,heap        ] GC(35) DefNew: 505727K(505728K)->56127K(1097216K) Eden: 449600K(449600K)->56127K(975360K) From: 56127K(56128K)->0K(121856K)
[7.024s][info][gc,heap        ] GC(35) Tenured: 1067655K(1123688K)->1462827K(2438048K)
[7.024s][info][gc,metaspace   ] GC(35) Metaspace: 6303K(6528K)->6303K(6528K) NonClass: 5770K(5888K)->5770K(5888K) Class: 533K(640K)->533K(640K)
[7.024s][info][gc             ] GC(35) Pause Full (Allocation Failure) 1483M->1483M(3452M) 1151.791ms
[7.024s][info][gc,cpu         ] GC(35) User=1.16s Sys=0.02s Real=1.15s
[7.999s][info][gc,start       ] GC(36) Pause Young (Allocation Failure)
[9.763s][info][gc,heap        ] GC(36) DefNew: 975360K(1097216K)->121856K(1097216K) Eden: 975360K(975360K)->0K(975360K) From: 0K(121856K)->121856K(121856K)
[9.763s][info][gc,heap        ] GC(36) Tenured: 1462827K(2438048K)->2316300K(2438048K)
[9.763s][info][gc,metaspace   ] GC(36) Metaspace: 6303K(6528K)->6303K(6528K) NonClass: 5770K(5888K)->5770K(5888K) Class: 533K(640K)->533K(640K)
[9.763s][info][gc             ] GC(36) Pause Young (Allocation Failure) 2381M->2381M(3452M) 1763.866ms
[9.763s][info][gc,cpu         ] GC(36) User=1.48s Sys=0.27s Real=1.76s
[10.760s][info][gc,start       ] GC(37) Pause Young (Allocation Failure)
[12.449s][info][gc             ] GC(37) Pause Young (Allocation Failure) 3333M->3333M(4286M) 1689.409ms
[12.450s][info][gc,cpu         ] GC(37) User=1.34s Sys=0.34s Real=1.69s
[12.450s][info][gc,start       ] GC(38) Pause Full (Allocation Failure)
[12.450s][info][gc,phases,start] GC(38) Phase 1: Mark live objects
[13.960s][info][gc,phases      ] GC(38) Phase 1: Mark live objects 1510.307ms
[13.960s][info][gc,phases,start] GC(38) Phase 2: Compute new object addresses
[14.461s][info][gc,phases      ] GC(38) Phase 2: Compute new object addresses 501.166ms
[14.461s][info][gc,phases,start] GC(38) Phase 3: Adjust pointers
[15.141s][info][gc,phases      ] GC(38) Phase 3: Adjust pointers 679.833ms
[15.141s][info][gc,phases,start] GC(38) Phase 4: Move objects
[15.769s][info][gc,phases      ] GC(38) Phase 4: Move objects 627.876ms
[15.778s][info][gc,heap        ] GC(38) DefNew: 1097216K(1097216K)->27465K(2468928K) Eden: 975360K(975360K)->27465K(2194624K) From: 121856K(121856K)->0K(274304K)
[15.778s][info][gc,heap        ] GC(38) Tenured: 2316300K(2438048K)->3291811K(5486356K)
[15.778s][info][gc,metaspace   ] GC(38) Metaspace: 6303K(6528K)->6303K(6528K) NonClass: 5770K(5888K)->5770K(5888K) Class: 533K(640K)->533K(640K)
[15.778s][info][gc             ] GC(38) Pause Full (Allocation Failure) 3333M->3241M(7768M) 3328.789ms
[15.778s][info][gc,cpu         ] GC(38) User=3.33s Sys=0.00s Real=3.33s
[18.022s][info][gc,start       ] GC(39) Pause Young (Allocation Failure)
[21.900s][info][gc,heap        ] GC(39) DefNew: 2194624K(2468928K)->274303K(2468928K) Eden: 2194624K(2194624K)->0K(2194624K) From: 0K(274304K)->274303K(274304K)
[21.900s][info][gc,heap        ] GC(39) Tenured: 3291811K(5486356K)->5212098K(5486356K)
[21.900s][info][gc,metaspace   ] GC(39) Metaspace: 6303K(6528K)->6303K(6528K) NonClass: 5770K(5888K)->5770K(5888K) Class: 533K(640K)->533K(640K)
[21.900s][info][gc             ] GC(39) Pause Young (Allocation Failure) 5357M->5357M(7768M) 3878.719ms
[21.900s][info][gc,cpu         ] GC(39) User=3.22s Sys=0.61s Real=3.88s
[23.984s][info][gc,start       ] GC(40) Pause Young (Allocation Failure)
[27.773s][info][gc             ] GC(40) Pause Young (Allocation Failure) 7501M->7500M(9644M) 3789.334ms
[27.773s][info][gc,cpu         ] GC(40) User=3.23s Sys=0.55s Real=3.79s
[27.773s][info][gc,start       ] GC(41) Pause Full (Allocation Failure)
[27.773s][info][gc,phases,start] GC(41) Phase 1: Mark live objects
[31.341s][info][gc,phases      ] GC(41) Phase 1: Mark live objects 3567.279ms
[31.341s][info][gc,phases,start] GC(41) Phase 2: Compute new object addresses
[32.578s][info][gc,phases      ] GC(41) Phase 2: Compute new object addresses 1237.829ms
[32.579s][info][gc,phases,start] GC(41) Phase 3: Adjust pointers
[33.947s][info][gc,phases      ] GC(41) Phase 3: Adjust pointers 1368.615ms
[33.947s][info][gc,phases,start] GC(41) Phase 4: Move objects
[34.004s][info][gc,phases      ] GC(41) Phase 4: Move objects 56.934ms
[34.087s][info][gc,heap        ] GC(41) DefNew: 2468927K(2468928K)->274192K(4515840K) Eden: 2194624K(2194624K)->274192K(4014080K) From: 274303K(274304K)->0K(501760K)
[34.087s][info][gc,heap        ] GC(41) Tenured: 5212098K(5486356K)->7406808K(10035200K)
[34.087s][info][gc,metaspace   ] GC(41) Metaspace: 6303K(6528K)->6303K(6528K) NonClass: 5770K(5888K)->5770K(5888K) Class: 533K(640K)->533K(640K)
[34.087s][info][gc             ] GC(41) Pause Full (Allocation Failure) 7500M->7500M(14210M) 6313.512ms
[34.087s][info][gc,cpu         ] GC(41) User=6.09s Sys=0.00s Real=6.31s
[37.826s][info][gc,start       ] GC(42) Pause Young (Allocation Failure)
[46.941s][info][gc,promotion   ] GC(42) Promotion failed
[46.941s][info][gc             ] GC(42) Pause Young (Allocation Failure) 11153M->14210M(14210M) 9114.539ms
[46.941s][info][gc,cpu         ] GC(42) User=7.58s Sys=1.27s Real=9.12s
[46.941s][info][gc,start       ] GC(43) Pause Full (Allocation Failure)
[46.941s][info][gc,phases,start] GC(43) Phase 1: Mark live objects
[64.116s][info][gc,phases      ] GC(43) Phase 1: Mark live objects 17175.376ms
[64.116s][info][gc,phases,start] GC(43) Phase 2: Compute new object addresses
[74.261s][info][gc,phases      ] GC(43) Phase 2: Compute new object addresses 10144.259ms
[74.261s][info][gc,phases,start] GC(43) Phase 3: Adjust pointers
[77.812s][info][gc,phases      ] GC(43) Phase 3: Adjust pointers 3550.913ms
[77.812s][info][gc,phases,start] GC(43) Phase 4: Move objects
[80.504s][info][gc,phases      ] GC(43) Phase 4: Move objects 2691.970ms
[80.889s][info][gc,heap        ] GC(43) DefNew: 4014080K(4515840K)->1385660K(4515840K) Eden: 4014080K(4014080K)->1385660K(4014080K) From: 0K(501760K)->0K(501760K)
[80.889s][info][gc,heap        ] GC(43) Tenured: 7406808K(10035200K)->10035200K(10035200K)
[80.889s][info][gc,metaspace   ] GC(43) Metaspace: 6303K(6528K)->6303K(6528K) NonClass: 5770K(5888K)->5770K(5888K) Class: 533K(640K)->533K(640K)
[80.890s][info][gc             ] GC(43) Pause Full (Allocation Failure) 14210M->11153M(14210M) 33948.790ms
[80.890s][info][gc,cpu         ] GC(43) User=8.84s Sys=11.83s Real=33.95s
[87.171s][info][gc,start       ] GC(44) Pause Full (Allocation Failure)
[87.172s][info][gc,phases,start] GC(44) Phase 1: Mark live objects
[96.486s][info][gc,phases      ] GC(44) Phase 1: Mark live objects 9314.012ms
[96.486s][info][gc,phases,start] GC(44) Phase 2: Compute new object addresses
[100.813s][info][gc,phases      ] GC(44) Phase 2: Compute new object addresses 4326.663ms
[100.813s][info][gc,phases,start] GC(44) Phase 3: Adjust pointers
[104.191s][info][gc,phases      ] GC(44) Phase 3: Adjust pointers 3377.907ms
[104.191s][info][gc,phases,start] GC(44) Phase 4: Move objects
[104.656s][info][gc,phases      ] GC(44) Phase 4: Move objects 464.927ms
[104.661s][info][gc,heap        ] GC(44) DefNew: 4515839K(4515840K)->4515821K(4515840K) Eden: 4014080K(4014080K)->4014080K(4014080K) From: 501759K(501760K)->501741K(501760K)
[104.661s][info][gc,heap        ] GC(44) Tenured: 10035200K(10035200K)->10035200K(10035200K)
[104.661s][info][gc,metaspace   ] GC(44) Metaspace: 6303K(6528K)->6303K(6528K) NonClass: 5770K(5888K)->5770K(5888K) Class: 533K(640K)->533K(640K)
[104.661s][info][gc             ] GC(44) Pause Full (Allocation Failure) 14209M->14209M(14210M) 17490.136ms
[104.662s][info][gc,cpu         ] GC(44) User=12.42s Sys=3.52s Real=17.49s
[104.662s][info][gc,start       ] GC(45) Pause Full (Allocation Failure)
[104.662s][info][gc,phases,start] GC(45) Phase 1: Mark live objects
[111.082s][info][gc,phases      ] GC(45) Phase 1: Mark live objects 6419.953ms
[111.082s][info][gc,phases,start] GC(45) Phase 2: Compute new object addresses
[113.012s][info][gc,phases      ] GC(45) Phase 2: Compute new object addresses 1930.130ms
[113.012s][info][gc,phases,start] GC(45) Phase 3: Adjust pointers
[116.030s][info][gc,phases      ] GC(45) Phase 3: Adjust pointers 3017.531ms
[116.030s][info][gc,phases,start] GC(45) Phase 4: Move objects
[127.124s][info][gc,phases      ] GC(45) Phase 4: Move objects 11088.570ms
[127.134s][info][gc,heap        ] GC(45) DefNew: 4515839K(4515840K)->4122623K(4515840K) Eden: 4014080K(4014080K)->4014079K(4014080K) From: 501759K(501760K)->108543K(501760K)
[127.134s][info][gc,heap        ] GC(45) Tenured: 10035200K(10035200K)->10035199K(10035200K)
[127.134s][info][gc,metaspace   ] GC(45) Metaspace: 6303K(6528K)->6303K(6528K) NonClass: 5770K(5888K)->5770K(5888K) Class: 533K(640K)->533K(640K)
[127.138s][info][gc             ] GC(45) Pause Full (Allocation Failure) 14209M->13825M(14210M) 22475.391ms
[127.138s][info][gc,cpu         ] GC(45) User=14.00s Sys=7.81s Real=22.48s
[128.551s][info][gc,start       ] GC(46) Pause Full (Allocation Failure)
[128.552s][info][gc,phases,start] GC(46) Phase 1: Mark live objects
[151.312s][info][gc,phases      ] GC(46) Phase 1: Mark live objects 22759.969ms
[151.312s][info][gc,phases,start] GC(46) Phase 2: Compute new object addresses
[158.270s][info][gc,phases      ] GC(46) Phase 2: Compute new object addresses 6957.544ms
[158.270s][info][gc,phases,start] GC(46) Phase 3: Adjust pointers
[172.215s][info][gc,phases      ] GC(46) Phase 3: Adjust pointers 13944.568ms
[172.215s][info][gc,phases,start] GC(46) Phase 4: Move objects
[172.215s][info][gc,phases      ] GC(46) Phase 4: Move objects 0.126ms
[172.223s][info][gc,heap        ] GC(46) DefNew: 4515839K(4515840K)->4515839K(4515840K) Eden: 4014079K(4014080K)->4014079K(4014080K) From: 501759K(501760K)->501759K(501760K)
[172.223s][info][gc,heap        ] GC(46) Tenured: 10035199K(10035200K)->10035199K(10035200K)
[172.223s][info][gc,metaspace   ] GC(46) Metaspace: 6303K(6528K)->6303K(6528K) NonClass: 5770K(5888K)->5770K(5888K) Class: 533K(640K)->533K(640K)
[172.223s][info][gc             ] GC(46) Pause Full (Allocation Failure) 14209M->14209M(14210M) 43671.784ms
[172.223s][info][gc,cpu         ] GC(46) User=12.42s Sys=17.77s Real=43.67s
[172.223s][info][gc,start       ] GC(47) Pause Full (Allocation Failure)
[172.237s][info][gc,phases,start] GC(47) Phase 1: Mark live objects
[187.051s][info][gc,phases      ] GC(47) Phase 1: Mark live objects 14813.936ms
[187.051s][info][gc,phases,start] GC(47) Phase 2: Compute new object addresses
[193.741s][info][gc,phases      ] GC(47) Phase 2: Compute new object addresses 6689.965ms
[193.741s][info][gc,phases,start] GC(47) Phase 3: Adjust pointers
[203.372s][info][gc,phases      ] GC(47) Phase 3: Adjust pointers 9625.124ms
[203.378s][info][gc,phases,start] GC(47) Phase 4: Move objects
[226.411s][info][gc,phases      ] GC(47) Phase 4: Move objects 23033.598ms
[226.431s][info][gc,heap        ] GC(47) DefNew: 4515839K(4515840K)->4515835K(4515840K) Eden: 4014079K(4014080K)->4014079K(4014080K) From: 501759K(501760K)->501755K(501760K)
[226.431s][info][gc,heap        ] GC(47) Tenured: 10035199K(10035200K)->10035199K(10035200K)
[226.432s][info][gc,metaspace   ] GC(47) Metaspace: 6303K(6528K)->6301K(6528K) NonClass: 5770K(5888K)->5768K(5888K) Class: 533K(640K)->532K(640K)
[226.433s][info][gc             ] GC(47) Pause Full (Allocation Failure) 14209M->14209M(14210M) 54209.496ms
[226.433s][info][gc,cpu         ] GC(47) User=15.61s Sys=22.77s Real=54.21s
[226.461s][info][gc,start       ] GC(48) Pause Full (Allocation Failure)
[226.462s][info][gc,phases,start] GC(48) Phase 1: Mark live objects
[242.596s][info][gc,phases      ] GC(48) Phase 1: Mark live objects 16134.100ms
[242.596s][info][gc,phases,start] GC(48) Phase 2: Compute new object addresses
[251.736s][info][gc,phases      ] GC(48) Phase 2: Compute new object addresses 9139.962ms
[251.736s][info][gc,phases,start] GC(48) Phase 3: Adjust pointers
[267.091s][info][gc,phases      ] GC(48) Phase 3: Adjust pointers 15353.316ms
[267.091s][info][gc,phases,start] GC(48) Phase 4: Move objects
[267.091s][info][gc,phases      ] GC(48) Phase 4: Move objects 0.126ms
[267.106s][info][gc,heap        ] GC(48) DefNew: 4515839K(4515840K)->4515839K(4515840K) Eden: 4014079K(4014080K)->4014079K(4014080K) From: 501759K(501760K)->501759K(501760K)
[267.106s][info][gc,heap        ] GC(48) Tenured: 10035199K(10035200K)->10035199K(10035200K)
[267.106s][info][gc,metaspace   ] GC(48) Metaspace: 6301K(6528K)->6301K(6528K) NonClass: 5768K(5888K)->5768K(5888K) Class: 532K(640K)->532K(640K)
[267.108s][info][gc             ] GC(48) Pause Full (Allocation Failure) 14209M->14209M(14210M) 40646.270ms
[267.108s][info][gc,cpu         ] GC(48) User=11.64s Sys=13.55s Real=40.65s
[267.108s][info][gc,start       ] GC(49) Pause Full (Allocation Failure)
[267.109s][info][gc,phases,start] GC(49) Phase 1: Mark live objects
[282.192s][info][gc,phases      ] GC(49) Phase 1: Mark live objects 15081.336ms
[282.197s][info][gc,phases,start] GC(49) Phase 2: Compute new object addresses
[290.259s][info][gc,phases      ] GC(49) Phase 2: Compute new object addresses 8063.097ms
[290.260s][info][gc,phases,start] GC(49) Phase 3: Adjust pointers
[297.077s][info][gc,phases      ] GC(49) Phase 3: Adjust pointers 6817.205ms
[297.077s][info][gc,phases,start] GC(49) Phase 4: Move objects
[297.078s][info][gc,phases      ] GC(49) Phase 4: Move objects 0.142ms
[297.097s][info][gc,heap        ] GC(49) DefNew: 4515839K(4515840K)->4515839K(4515840K) Eden: 4014079K(4014080K)->4014079K(4014080K) From: 501759K(501760K)->501759K(501760K)
[297.097s][info][gc,heap        ] GC(49) Tenured: 10035199K(10035200K)->10035199K(10035200K)
[297.097s][info][gc,metaspace   ] GC(49) Metaspace: 6301K(6528K)->6301K(6528K) NonClass: 5768K(5888K)->5768K(5888K) Class: 532K(640K)->532K(640K)
[297.098s][info][gc             ] GC(49) Pause Full (Allocation Failure) 14209M->14209M(14210M) 29989.157ms
[297.098s][info][gc,cpu         ] GC(49) User=12.62s Sys=10.41s Real=29.99s
[297.122s][info][gc,start       ] GC(50) Pause Full (Allocation Failure)
[297.122s][info][gc,phases,start] GC(50) Phase 1: Mark live objects
[310.779s][info][gc,phases      ] GC(50) Phase 1: Mark live objects 13656.266ms
[310.779s][info][gc,phases,start] GC(50) Phase 2: Compute new object addresses
[318.629s][info][gc,phases      ] GC(50) Phase 2: Compute new object addresses 7849.621ms
[318.629s][info][gc,phases,start] GC(50) Phase 3: Adjust pointers
[328.833s][info][gc,phases      ] GC(50) Phase 3: Adjust pointers 10204.141ms
[328.834s][info][gc,phases,start] GC(50) Phase 4: Move objects
[328.834s][info][gc,phases      ] GC(50) Phase 4: Move objects 0.126ms
[328.840s][info][gc,heap        ] GC(50) DefNew: 4515839K(4515840K)->4515839K(4515840K) Eden: 4014079K(4014080K)->4014079K(4014080K) From: 501759K(501760K)->501759K(501760K)
[328.841s][info][gc,heap        ] GC(50) Tenured: 10035199K(10035200K)->10035199K(10035200K)
[328.841s][info][gc,metaspace   ] GC(50) Metaspace: 6301K(6528K)->6301K(6528K) NonClass: 5768K(5888K)->5768K(5888K) Class: 532K(640K)->532K(640K)
[328.841s][info][gc             ] GC(50) Pause Full (Allocation Failure) 14209M->14209M(14210M) 31718.506ms
[328.841s][info][gc,cpu         ] GC(50) User=12.19s Sys=12.61s Real=31.72s
[328.841s][info][gc,start       ] GC(51) Pause Full (Allocation Failure)
[328.841s][info][gc,phases,start] GC(51) Phase 1: Mark live objects
[342.293s][info][gc,phases      ] GC(51) Phase 1: Mark live objects 13451.682ms
[342.293s][info][gc,phases,start] GC(51) Phase 2: Compute new object addresses
[352.165s][info][gc,phases      ] GC(51) Phase 2: Compute new object addresses 9872.255ms
[352.166s][info][gc,phases,start] GC(51) Phase 3: Adjust pointers
[367.180s][info][gc,phases      ] GC(51) Phase 3: Adjust pointers 15014.338ms
[367.180s][info][gc,phases,start] GC(51) Phase 4: Move objects
[383.617s][info][gc,phases      ] GC(51) Phase 4: Move objects 16437.112ms
[383.642s][info][gc,heap        ] GC(51) DefNew: 4515839K(4515840K)->4515838K(4515840K) Eden: 4014079K(4014080K)->4014079K(4014080K) From: 501759K(501760K)->501758K(501760K)
[383.642s][info][gc,heap        ] GC(51) Tenured: 10035199K(10035200K)->10035199K(10035200K)
[383.643s][info][gc,metaspace   ] GC(51) Metaspace: 6301K(6528K)->6301K(6528K) NonClass: 5768K(5888K)->5768K(5888K) Class: 532K(640K)->532K(640K)
[383.645s][info][gc             ] GC(51) Pause Full (Allocation Failure) 14209M->14209M(14210M) 54803.514ms
[383.645s][info][gc,cpu         ] GC(51) User=16.06s Sys=23.52s Real=54.80s
[383.818s][info][gc,start       ] GC(52) Pause Full (Allocation Failure)
[383.819s][info][gc,phases,start] GC(52) Phase 1: Mark live objects
[408.786s][info][gc,phases      ] GC(52) Phase 1: Mark live objects 24966.964ms
[408.786s][info][gc,phases,start] GC(52) Phase 2: Compute new object addresses
[418.867s][info][gc,phases      ] GC(52) Phase 2: Compute new object addresses 10081.309ms
[418.867s][info][gc,phases,start] GC(52) Phase 3: Adjust pointers
[436.615s][info][gc,phases      ] GC(52) Phase 3: Adjust pointers 17747.225ms
[436.616s][info][gc,phases,start] GC(52) Phase 4: Move objects
[436.616s][info][gc,phases      ] GC(52) Phase 4: Move objects 0.410ms
[436.632s][info][gc,heap        ] GC(52) DefNew: 4515839K(4515840K)->4515839K(4515840K) Eden: 4014080K(4014080K)->4014080K(4014080K) From: 501759K(501760K)->501759K(501760K)
[436.633s][info][gc,heap        ] GC(52) Tenured: 10035199K(10035200K)->10035199K(10035200K)
[436.633s][info][gc,metaspace   ] GC(52) Metaspace: 6303K(6528K)->6303K(6528K) NonClass: 5769K(5888K)->5769K(5888K) Class: 533K(640K)->533K(640K)
[436.634s][info][gc             ] GC(52) Pause Full (Allocation Failure) 14209M->14209M(14210M) 52815.997ms
[436.634s][info][gc,cpu         ] GC(52) User=10.91s Sys=15.95s Real=52.82s
[436.661s][info][gc,heap,exit   ] Heap
[436.661s][info][gc,heap,exit   ]  def new generation   total 4515840K, used 4515839K [0x0000000469400000, 0x000000059b800000, 0x000000059b800000)
[436.661s][info][gc,heap,exit   ]   eden space 4014080K, 100% used [0x0000000469400000, 0x000000055e400000, 0x000000055e400000)
[436.661s][info][gc,heap,exit   ]   from space 501760K,  99% used [0x000000057ce00000, 0x000000059b7fff70, 0x000000059b800000)
[436.661s][info][gc,heap,exit   ]   to   space 501760K,   0% used [0x000000055e400000, 0x000000055e400000, 0x000000057ce00000)
[436.661s][info][gc,heap,exit   ]  tenured generation   total 10035200K, used 10035199K [0x000000059b800000, 0x0000000800000000, 0x0000000800000000)
[436.661s][info][gc,heap,exit   ]    the space 10035200K,  99% used [0x000000059b800000, 0x00000007ffffff80, 0x0000000800000000, 0x0000000800000000)
[436.661s][info][gc,heap,exit   ]  Metaspace       used 6306K, committed 6528K, reserved 1114112K
[436.661s][info][gc,heap,exit   ]   class space    used 534K, committed 640K, reserved 1048576K
