[0.010s][info][gc,init] CardTable entry size: 512
[0.011s][info][gc     ] Using Serial
[0.011s][info][gc,init] Version: 18.0.1+10 (release)
[0.011s][info][gc,init] CPUs: 8 total, 8 available
[0.011s][info][gc,init] Memory: 16063M
[0.011s][info][gc,init] Large Page Support: Disabled
[0.011s][info][gc,init] NUMA Support: Disabled
[0.011s][info][gc,init] Compressed Oops: Enabled (Zero based)
[0.011s][info][gc,init] Heap Min Capacity: 2M
[0.011s][info][gc,init] Heap Initial Capacity: 2M
[0.011s][info][gc,init] Heap Max Capacity: 4500M
[0.011s][info][gc,init] Pre-touch: Disabled
[0.011s][info][gc,metaspace] CDS archive(s) not mapped
[0.012s][info][gc,metaspace] Compressed class space mapped at: 0x0000000800000000-0x0000000840000000, reserved size: 1073741824
[0.012s][info][gc,metaspace] Narrow klass base: 0x0000000800000000, Narrow klass shift: 0, Narrow klass range: 0x40000000
[0.174s][info][gc,start    ] GC(0) Pause Young (Allocation Failure)
[0.176s][info][gc,heap     ] GC(0) DefNew: 1023K(1152K)->127K(1152K) Eden: 1023K(1024K)->0K(1024K) From: 0K(128K)->127K(128K)
[0.176s][info][gc,heap     ] GC(0) Tenured: 0K(768K)->439K(768K)
[0.176s][info][gc,metaspace] GC(0) Metaspace: 5900K(6016K)->5900K(6016K) NonClass: 5401K(5504K)->5401K(5504K) Class: 499K(512K)->499K(512K)
[0.176s][info][gc          ] GC(0) Pause Young (Allocation Failure) 0M->0M(1M) 1.597ms
[0.176s][info][gc,cpu      ] GC(0) User=0.00s Sys=0.00s Real=0.00s
[0.198s][info][gc,start    ] GC(1) Pause Young (Allocation Failure)
[0.199s][info][gc          ] GC(1) Pause Young (Allocation Failure) 1M->0M(2M) 1.298ms
[0.199s][info][gc,cpu      ] GC(1) User=0.00s Sys=0.00s Real=0.00s
[0.199s][info][gc,start    ] GC(2) Pause Full (Allocation Failure)
[0.199s][info][gc,phases,start] GC(2) Phase 1: Mark live objects
[0.200s][info][gc,phases      ] GC(2) Phase 1: Mark live objects 1.037ms
[0.200s][info][gc,phases,start] GC(2) Phase 2: Compute new object addresses
[0.201s][info][gc,phases      ] GC(2) Phase 2: Compute new object addresses 0.229ms
[0.201s][info][gc,phases,start] GC(2) Phase 3: Adjust pointers
[0.201s][info][gc,phases      ] GC(2) Phase 3: Adjust pointers 0.489ms
[0.201s][info][gc,phases,start] GC(2) Phase 4: Move objects
[0.201s][info][gc,phases      ] GC(2) Phase 4: Move objects 0.064ms
[0.201s][info][gc,heap        ] GC(2) DefNew: 1151K(1152K)->40K(1152K) Eden: 1024K(1024K)->40K(1024K) From: 127K(128K)->0K(128K)
[0.201s][info][gc,heap        ] GC(2) Tenured: 439K(768K)->959K(1600K)
[0.201s][info][gc,metaspace   ] GC(2) Metaspace: 6300K(6464K)->6300K(6464K) NonClass: 5767K(5824K)->5767K(5824K) Class: 533K(640K)->533K(640K)
[0.201s][info][gc             ] GC(2) Pause Full (Allocation Failure) 0M->0M(2M) 2.116ms
[0.201s][info][gc,cpu         ] GC(2) User=0.00s Sys=0.00s Real=0.00s
[0.203s][info][gc,start       ] GC(3) Pause Young (Allocation Failure)
[0.205s][info][gc,heap        ] GC(3) DefNew: 1024K(1152K)->127K(1152K) Eden: 1024K(1024K)->0K(1024K) From: 0K(128K)->127K(128K)
[0.205s][info][gc,heap        ] GC(3) Tenured: 959K(1600K)->1375K(1600K)
[0.205s][info][gc,metaspace   ] GC(3) Metaspace: 6300K(6464K)->6300K(6464K) NonClass: 5767K(5824K)->5767K(5824K) Class: 533K(640K)->533K(640K)
[0.205s][info][gc             ] GC(3) Pause Young (Allocation Failure) 1M->1M(2M) 1.613ms
[0.205s][info][gc,cpu         ] GC(3) User=0.00s Sys=0.00s Real=0.00s
[0.206s][info][gc,start       ] GC(4) Pause Young (Allocation Failure)
[0.207s][info][gc             ] GC(4) Pause Young (Allocation Failure) 2M->1M(3M) 1.100ms
[0.207s][info][gc,cpu         ] GC(4) User=0.00s Sys=0.00s Real=0.00s
[0.207s][info][gc,start       ] GC(5) Pause Full (Allocation Failure)
[0.207s][info][gc,phases,start] GC(5) Phase 1: Mark live objects
[0.209s][info][gc,phases      ] GC(5) Phase 1: Mark live objects 1.416ms
[0.209s][info][gc,phases,start] GC(5) Phase 2: Compute new object addresses
[0.209s][info][gc,phases      ] GC(5) Phase 2: Compute new object addresses 0.455ms
[0.209s][info][gc,phases,start] GC(5) Phase 3: Adjust pointers
[0.210s][info][gc,phases      ] GC(5) Phase 3: Adjust pointers 0.819ms
[0.210s][info][gc,phases,start] GC(5) Phase 4: Move objects
[0.210s][info][gc,phases      ] GC(5) Phase 4: Move objects 0.066ms
[0.211s][info][gc,heap        ] GC(5) DefNew: 1151K(1152K)->35K(1536K) Eden: 1024K(1024K)->35K(1408K) From: 127K(128K)->0K(128K)
[0.211s][info][gc,heap        ] GC(5) Tenured: 1375K(1600K)->1983K(3308K)
[0.211s][info][gc,metaspace   ] GC(5) Metaspace: 6300K(6464K)->6300K(6464K) NonClass: 5767K(5824K)->5767K(5824K) Class: 533K(640K)->533K(640K)
[0.211s][info][gc             ] GC(5) Pause Full (Allocation Failure) 1M->1M(4M) 3.109ms
[0.211s][info][gc,cpu         ] GC(5) User=0.00s Sys=0.00s Real=0.00s
[0.213s][info][gc,start       ] GC(6) Pause Young (Allocation Failure)
[0.214s][info][gc,heap        ] GC(6) DefNew: 1408K(1536K)->127K(1536K) Eden: 1408K(1408K)->0K(1408K) From: 0K(128K)->127K(128K)
[0.214s][info][gc,heap        ] GC(6) Tenured: 1983K(3308K)->2617K(3308K)
[0.214s][info][gc,metaspace   ] GC(6) Metaspace: 6300K(6464K)->6300K(6464K) NonClass: 5767K(5824K)->5767K(5824K) Class: 533K(640K)->533K(640K)
[0.215s][info][gc             ] GC(6) Pause Young (Allocation Failure) 3M->2M(4M) 1.884ms
[0.215s][info][gc,cpu         ] GC(6) User=0.00s Sys=0.00s Real=0.00s
[0.217s][info][gc,start       ] GC(7) Pause Young (Allocation Failure)
[0.219s][info][gc             ] GC(7) Pause Young (Allocation Failure) 4M->3M(4M) 1.701ms
[0.219s][info][gc,cpu         ] GC(7) User=0.00s Sys=0.00s Real=0.00s
[0.219s][info][gc,start       ] GC(8) Pause Full (Allocation Failure)
[0.219s][info][gc,phases,start] GC(8) Phase 1: Mark live objects
[0.221s][info][gc,phases      ] GC(8) Phase 1: Mark live objects 1.942ms
[0.221s][info][gc,phases,start] GC(8) Phase 2: Compute new object addresses
[0.221s][info][gc,phases      ] GC(8) Phase 2: Compute new object addresses 0.554ms
[0.221s][info][gc,phases,start] GC(8) Phase 3: Adjust pointers
[0.222s][info][gc,phases      ] GC(8) Phase 3: Adjust pointers 0.905ms
[0.222s][info][gc,phases,start] GC(8) Phase 4: Move objects
[0.222s][info][gc,phases      ] GC(8) Phase 4: Move objects 0.077ms
[0.222s][info][gc,heap        ] GC(8) DefNew: 1535K(1536K)->0K(2688K) Eden: 1408K(1408K)->0K(2432K) From: 127K(128K)->0K(256K)
[0.222s][info][gc,heap        ] GC(8) Tenured: 2617K(3308K)->3460K(5768K)
[0.222s][info][gc,metaspace   ] GC(8) Metaspace: 6300K(6464K)->6300K(6464K) NonClass: 5767K(5824K)->5767K(5824K) Class: 533K(640K)->533K(640K)
[0.222s][info][gc             ] GC(8) Pause Full (Allocation Failure) 3M->3M(8M) 3.759ms
[0.222s][info][gc,cpu         ] GC(8) User=0.00s Sys=0.00s Real=0.00s
[0.227s][info][gc,start       ] GC(9) Pause Young (Allocation Failure)
[0.230s][info][gc,heap        ] GC(9) DefNew: 2431K(2688K)->256K(2688K) Eden: 2431K(2432K)->0K(2432K) From: 0K(256K)->256K(256K)
[0.230s][info][gc,heap        ] GC(9) Tenured: 3460K(5768K)->4512K(5768K)
[0.230s][info][gc,metaspace   ] GC(9) Metaspace: 6300K(6464K)->6300K(6464K) NonClass: 5767K(5824K)->5767K(5824K) Class: 533K(640K)->533K(640K)
[0.230s][info][gc             ] GC(9) Pause Young (Allocation Failure) 5M->4M(8M) 3.740ms
[0.230s][info][gc,cpu         ] GC(9) User=0.00s Sys=0.00s Real=0.00s
[0.234s][info][gc,start       ] GC(10) Pause Young (Allocation Failure)
[0.237s][info][gc,heap        ] GC(10) DefNew: 2688K(2688K)->255K(2688K) Eden: 2432K(2432K)->0K(2432K) From: 256K(256K)->255K(256K)
[0.237s][info][gc,heap        ] GC(10) Tenured: 4512K(5768K)->5755K(5768K)
[0.237s][info][gc,metaspace   ] GC(10) Metaspace: 6300K(6464K)->6300K(6464K) NonClass: 5767K(5824K)->5767K(5824K) Class: 533K(640K)->533K(640K)
[0.237s][info][gc             ] GC(10) Pause Young (Allocation Failure) 7M->5M(8M) 3.064ms
[0.237s][info][gc,cpu         ] GC(10) User=0.00s Sys=0.00s Real=0.00s
[0.241s][info][gc,start       ] GC(11) Pause Young (Allocation Failure)
[0.244s][info][gc             ] GC(11) Pause Young (Allocation Failure) 8M->7M(9M) 3.352ms
[0.244s][info][gc,cpu         ] GC(11) User=0.00s Sys=0.00s Real=0.00s
[0.244s][info][gc,start       ] GC(12) Pause Full (Allocation Failure)
[0.244s][info][gc,phases,start] GC(12) Phase 1: Mark live objects
[0.249s][info][gc,phases      ] GC(12) Phase 1: Mark live objects 4.234ms
[0.249s][info][gc,phases,start] GC(12) Phase 2: Compute new object addresses
[0.250s][info][gc,phases      ] GC(12) Phase 2: Compute new object addresses 1.227ms
[0.250s][info][gc,phases,start] GC(12) Phase 3: Adjust pointers
[0.252s][info][gc,phases      ] GC(12) Phase 3: Adjust pointers 1.654ms
[0.252s][info][gc,phases,start] GC(12) Phase 4: Move objects
[0.253s][info][gc,phases      ] GC(12) Phase 4: Move objects 1.504ms
[0.253s][info][gc,heap        ] GC(12) DefNew: 2687K(2688K)->0K(5376K) Eden: 2432K(2432K)->0K(4800K) From: 255K(256K)->0K(576K)
[0.253s][info][gc,heap        ] GC(12) Tenured: 5755K(5768K)->7132K(11888K)
[0.253s][info][gc,metaspace   ] GC(12) Metaspace: 6300K(6464K)->6300K(6464K) NonClass: 5767K(5824K)->5767K(5824K) Class: 533K(640K)->533K(640K)
[0.253s][info][gc             ] GC(12) Pause Full (Allocation Failure) 7M->6M(16M) 9.174ms
[0.253s][info][gc,cpu         ] GC(12) User=0.00s Sys=0.00s Real=0.01s
[0.260s][info][gc,start       ] GC(13) Pause Young (Allocation Failure)
[0.265s][info][gc,heap        ] GC(13) DefNew: 4800K(5376K)->575K(5376K) Eden: 4800K(4800K)->0K(4800K) From: 0K(576K)->575K(576K)
[0.265s][info][gc,heap        ] GC(13) Tenured: 7132K(11888K)->9027K(11888K)
[0.265s][info][gc,metaspace   ] GC(13) Metaspace: 6300K(6464K)->6300K(6464K) NonClass: 5767K(5824K)->5767K(5824K) Class: 533K(640K)->533K(640K)
[0.265s][info][gc             ] GC(13) Pause Young (Allocation Failure) 11M->9M(16M) 5.073ms
[0.265s][info][gc,cpu         ] GC(13) User=0.00s Sys=0.00s Real=0.01s
[0.271s][info][gc,start       ] GC(14) Pause Young (Allocation Failure)
[0.277s][info][gc,heap        ] GC(14) DefNew: 5375K(5376K)->575K(5376K) Eden: 4800K(4800K)->0K(4800K) From: 575K(576K)->575K(576K)
[0.277s][info][gc,heap        ] GC(14) Tenured: 9027K(11888K)->11747K(11888K)
[0.277s][info][gc,metaspace   ] GC(14) Metaspace: 6300K(6464K)->6300K(6464K) NonClass: 5767K(5824K)->5767K(5824K) Class: 533K(640K)->533K(640K)
[0.277s][info][gc             ] GC(14) Pause Young (Allocation Failure) 14M->12M(16M) 6.325ms
[0.277s][info][gc,cpu         ] GC(14) User=0.00s Sys=0.00s Real=0.01s
[0.282s][info][gc,start       ] GC(15) Pause Young (Allocation Failure)
[0.288s][info][gc             ] GC(15) Pause Young (Allocation Failure) 16M->14M(19M) 6.219ms
[0.288s][info][gc,cpu         ] GC(15) User=0.02s Sys=0.00s Real=0.01s
[0.288s][info][gc,start       ] GC(16) Pause Full (Allocation Failure)
[0.288s][info][gc,phases,start] GC(16) Phase 1: Mark live objects
[0.296s][info][gc,phases      ] GC(16) Phase 1: Mark live objects 7.901ms
[0.296s][info][gc,phases,start] GC(16) Phase 2: Compute new object addresses
[0.299s][info][gc,phases      ] GC(16) Phase 2: Compute new object addresses 2.362ms
[0.299s][info][gc,phases,start] GC(16) Phase 3: Adjust pointers
[0.302s][info][gc,phases      ] GC(16) Phase 3: Adjust pointers 2.961ms
[0.302s][info][gc,phases,start] GC(16) Phase 4: Move objects
[0.302s][info][gc,phases      ] GC(16) Phase 4: Move objects 0.213ms
[0.302s][info][gc,heap        ] GC(16) DefNew: 5375K(5376K)->387K(10880K) Eden: 4800K(4800K)->387K(9728K) From: 575K(576K)->0K(1152K)
[0.302s][info][gc,heap        ] GC(16) Tenured: 11747K(11888K)->14383K(23976K)
[0.302s][info][gc,metaspace   ] GC(16) Metaspace: 6302K(6464K)->6302K(6464K) NonClass: 5769K(5824K)->5769K(5824K) Class: 533K(640K)->533K(640K)
[0.302s][info][gc             ] GC(16) Pause Full (Allocation Failure) 14M->14M(34M) 13.800ms
[0.302s][info][gc,cpu         ] GC(16) User=0.02s Sys=0.00s Real=0.01s
[0.311s][info][gc,start       ] GC(17) Pause Young (Allocation Failure)
[0.324s][info][gc,heap        ] GC(17) DefNew: 9728K(10880K)->1151K(10880K) Eden: 9728K(9728K)->0K(9728K) From: 0K(1152K)->1151K(1152K)
[0.324s][info][gc,heap        ] GC(17) Tenured: 14383K(23976K)->18415K(23976K)
[0.324s][info][gc,metaspace   ] GC(17) Metaspace: 6302K(6464K)->6302K(6464K) NonClass: 5769K(5824K)->5769K(5824K) Class: 533K(640K)->533K(640K)
[0.324s][info][gc             ] GC(17) Pause Young (Allocation Failure) 23M->19M(34M) 13.045ms
[0.324s][info][gc,cpu         ] GC(17) User=0.00s Sys=0.00s Real=0.01s
[0.331s][info][gc,start       ] GC(18) Pause Young (Allocation Failure)
[0.342s][info][gc,heap        ] GC(18) DefNew: 10879K(10880K)->1151K(10880K) Eden: 9728K(9728K)->0K(9728K) From: 1151K(1152K)->1151K(1152K)
[0.343s][info][gc,heap        ] GC(18) Tenured: 18415K(23976K)->23936K(23976K)
[0.343s][info][gc,metaspace   ] GC(18) Metaspace: 6302K(6464K)->6302K(6464K) NonClass: 5769K(5824K)->5769K(5824K) Class: 533K(640K)->533K(640K)
[0.343s][info][gc             ] GC(18) Pause Young (Allocation Failure) 28M->24M(34M) 11.934ms
[0.343s][info][gc,cpu         ] GC(18) User=0.00s Sys=0.00s Real=0.01s
[0.348s][info][gc,start       ] GC(19) Pause Young (Allocation Failure)
[0.360s][info][gc             ] GC(19) Pause Young (Allocation Failure) 34M->29M(38M) 11.927ms
[0.360s][info][gc,cpu         ] GC(19) User=0.00s Sys=0.00s Real=0.01s
[0.360s][info][gc,start       ] GC(20) Pause Full (Allocation Failure)
[0.360s][info][gc,phases,start] GC(20) Phase 1: Mark live objects
[0.375s][info][gc,phases      ] GC(20) Phase 1: Mark live objects 14.119ms
[0.375s][info][gc,phases,start] GC(20) Phase 2: Compute new object addresses
[0.379s][info][gc,phases      ] GC(20) Phase 2: Compute new object addresses 4.631ms
[0.379s][info][gc,phases,start] GC(20) Phase 3: Adjust pointers
[0.385s][info][gc,phases      ] GC(20) Phase 3: Adjust pointers 5.432ms
[0.385s][info][gc,phases,start] GC(20) Phase 4: Move objects
[0.385s][info][gc,phases      ] GC(20) Phase 4: Move objects 0.169ms
[0.385s][info][gc,heap        ] GC(20) DefNew: 10879K(10880K)->1080K(21888K) Eden: 9728K(9728K)->1080K(19520K) From: 1151K(1152K)->0K(2368K)
[0.385s][info][gc,heap        ] GC(20) Tenured: 23936K(23976K)->29036K(48396K)
[0.385s][info][gc,metaspace   ] GC(20) Metaspace: 6302K(6464K)->6302K(6464K) NonClass: 5769K(5824K)->5769K(5824K) Class: 533K(640K)->533K(640K)
[0.385s][info][gc             ] GC(20) Pause Full (Allocation Failure) 29M->29M(68M) 24.737ms
[0.385s][info][gc,cpu         ] GC(20) User=0.03s Sys=0.00s Real=0.02s
[0.400s][info][gc,start       ] GC(21) Pause Young (Allocation Failure)
[0.429s][info][gc,heap        ] GC(21) DefNew: 19520K(21888K)->2368K(21888K) Eden: 19520K(19520K)->0K(19520K) From: 0K(2368K)->2368K(2368K)
[0.429s][info][gc,heap        ] GC(21) Tenured: 29036K(48396K)->39354K(48396K)
[0.429s][info][gc,metaspace   ] GC(21) Metaspace: 6302K(6464K)->6302K(6464K) NonClass: 5769K(5824K)->5769K(5824K) Class: 533K(640K)->533K(640K)
[0.429s][info][gc             ] GC(21) Pause Young (Allocation Failure) 47M->40M(68M) 28.959ms
[0.429s][info][gc,cpu         ] GC(21) User=0.02s Sys=0.00s Real=0.03s
[0.448s][info][gc,start       ] GC(22) Pause Young (Allocation Failure)
[0.484s][info][gc             ] GC(22) Pause Young (Allocation Failure) 59M->59M(78M) 35.766ms
[0.484s][info][gc,cpu         ] GC(22) User=0.03s Sys=0.00s Real=0.04s
[0.484s][info][gc,start       ] GC(23) Pause Full (Allocation Failure)
[0.484s][info][gc,phases,start] GC(23) Phase 1: Mark live objects
[0.511s][info][gc,phases      ] GC(23) Phase 1: Mark live objects 26.829ms
[0.511s][info][gc,phases,start] GC(23) Phase 2: Compute new object addresses
[0.520s][info][gc,phases      ] GC(23) Phase 2: Compute new object addresses 9.825ms
[0.521s][info][gc,phases,start] GC(23) Phase 3: Adjust pointers
[0.531s][info][gc,phases      ] GC(23) Phase 3: Adjust pointers 10.655ms
[0.531s][info][gc,phases,start] GC(23) Phase 4: Move objects
[0.532s][info][gc,phases      ] GC(23) Phase 4: Move objects 0.368ms
[0.532s][info][gc,heap        ] GC(23) DefNew: 21888K(21888K)->2255K(44288K) Eden: 19520K(19520K)->2255K(39424K) From: 2368K(2368K)->0K(4864K)
[0.532s][info][gc,heap        ] GC(23) Tenured: 39354K(48396K)->58955K(98260K)
[0.532s][info][gc,metaspace   ] GC(23) Metaspace: 6302K(6464K)->6302K(6464K) NonClass: 5769K(5824K)->5769K(5824K) Class: 533K(640K)->533K(640K)
[0.532s][info][gc             ] GC(23) Pause Full (Allocation Failure) 59M->59M(139M) 48.344ms
[0.532s][info][gc,cpu         ] GC(23) User=0.02s Sys=0.00s Real=0.05s
[0.572s][info][gc,start       ] GC(24) Pause Young (Allocation Failure)
[0.636s][info][gc,heap        ] GC(24) DefNew: 39424K(44288K)->4864K(44288K) Eden: 39424K(39424K)->0K(39424K) From: 0K(4864K)->4864K(4864K)
[0.636s][info][gc,heap        ] GC(24) Tenured: 58955K(98260K)->93487K(98260K)
[0.636s][info][gc,metaspace   ] GC(24) Metaspace: 6302K(6464K)->6302K(6464K) NonClass: 5769K(5824K)->5769K(5824K) Class: 533K(640K)->533K(640K)
[0.636s][info][gc             ] GC(24) Pause Young (Allocation Failure) 96M->96M(139M) 64.014ms
[0.636s][info][gc,cpu         ] GC(24) User=0.05s Sys=0.02s Real=0.06s
[0.668s][info][gc,start       ] GC(25) Pause Young (Allocation Failure)
[0.738s][info][gc             ] GC(25) Pause Young (Allocation Failure) 134M->134M(173M) 70.907ms
[0.739s][info][gc,cpu         ] GC(25) User=0.05s Sys=0.02s Real=0.07s
[0.739s][info][gc,start       ] GC(26) Pause Full (Allocation Failure)
[0.739s][info][gc,phases,start] GC(26) Phase 1: Mark live objects
[0.793s][info][gc,phases      ] GC(26) Phase 1: Mark live objects 54.425ms
[0.793s][info][gc,phases,start] GC(26) Phase 2: Compute new object addresses
[0.814s][info][gc,phases      ] GC(26) Phase 2: Compute new object addresses 21.277ms
[0.814s][info][gc,phases,start] GC(26) Phase 3: Adjust pointers
[0.840s][info][gc,phases      ] GC(26) Phase 3: Adjust pointers 26.051ms
[0.841s][info][gc,phases,start] GC(26) Phase 4: Move objects
[0.864s][info][gc,phases      ] GC(26) Phase 4: Move objects 23.469ms
[0.864s][info][gc,heap        ] GC(26) DefNew: 44288K(44288K)->1014K(99712K) Eden: 39424K(39424K)->1014K(88640K) From: 4864K(4864K)->0K(11072K)
[0.865s][info][gc,heap        ] GC(26) Tenured: 93487K(98260K)->132887K(221480K)
[0.865s][info][gc,metaspace   ] GC(26) Metaspace: 6302K(6464K)->6302K(6464K) NonClass: 5769K(5824K)->5769K(5824K) Class: 533K(640K)->533K(640K)
[0.865s][info][gc             ] GC(26) Pause Full (Allocation Failure) 134M->130M(313M) 125.994ms
[0.865s][info][gc,cpu         ] GC(26) User=0.12s Sys=0.00s Real=0.13s
[0.962s][info][gc,start       ] GC(27) Pause Young (Allocation Failure)
[1.117s][info][gc,heap        ] GC(27) DefNew: 88640K(99712K)->11071K(99712K) Eden: 88640K(88640K)->0K(88640K) From: 0K(11072K)->11071K(11072K)
[1.117s][info][gc,heap        ] GC(27) Tenured: 132887K(221480K)->210425K(221480K)
[1.117s][info][gc,metaspace   ] GC(27) Metaspace: 6302K(6464K)->6302K(6464K) NonClass: 5769K(5824K)->5769K(5824K) Class: 533K(640K)->533K(640K)
[1.117s][info][gc             ] GC(27) Pause Young (Allocation Failure) 216M->216M(313M) 155.072ms
[1.117s][info][gc,cpu         ] GC(27) User=0.14s Sys=0.00s Real=0.15s
[1.199s][info][gc,start       ] GC(28) Pause Young (Allocation Failure)
[1.369s][info][gc             ] GC(28) Pause Young (Allocation Failure) 302M->302M(389M) 170.140ms
[1.369s][info][gc,cpu         ] GC(28) User=0.12s Sys=0.03s Real=0.17s
[1.369s][info][gc,start       ] GC(29) Pause Full (Allocation Failure)
[1.369s][info][gc,phases,start] GC(29) Phase 1: Mark live objects
[1.516s][info][gc,phases      ] GC(29) Phase 1: Mark live objects 146.881ms
[1.516s][info][gc,phases,start] GC(29) Phase 2: Compute new object addresses
[1.582s][info][gc,phases      ] GC(29) Phase 2: Compute new object addresses 65.960ms
[1.582s][info][gc,phases,start] GC(29) Phase 3: Adjust pointers
[1.650s][info][gc,phases      ] GC(29) Phase 3: Adjust pointers 67.641ms
[1.650s][info][gc,phases,start] GC(29) Phase 4: Move objects
[1.652s][info][gc,phases      ] GC(29) Phase 4: Move objects 2.602ms
[1.653s][info][gc,heap        ] GC(29) DefNew: 99711K(99712K)->11059K(224320K) Eden: 88640K(88640K)->11059K(199424K) From: 11071K(11072K)->0K(24896K)
[1.653s][info][gc,heap        ] GC(29) Tenured: 210425K(221480K)->299047K(498416K)
[1.653s][info][gc,metaspace   ] GC(29) Metaspace: 6302K(6464K)->6302K(6464K) NonClass: 5769K(5824K)->5769K(5824K) Class: 533K(640K)->533K(640K)
[1.653s][info][gc             ] GC(29) Pause Full (Allocation Failure) 302M->302M(705M) 284.309ms
[1.653s][info][gc,cpu         ] GC(29) User=0.22s Sys=0.00s Real=0.28s
[1.871s][info][gc,start       ] GC(30) Pause Young (Allocation Failure)
[2.226s][info][gc,heap        ] GC(30) DefNew: 199424K(224320K)->24895K(224320K) Eden: 199424K(199424K)->0K(199424K) From: 0K(24896K)->24895K(24896K)
[2.226s][info][gc,heap        ] GC(30) Tenured: 299047K(498416K)->473550K(498416K)
[2.226s][info][gc,metaspace   ] GC(30) Metaspace: 6302K(6464K)->6302K(6464K) NonClass: 5769K(5824K)->5769K(5824K) Class: 533K(640K)->533K(640K)
[2.226s][info][gc             ] GC(30) Pause Young (Allocation Failure) 486M->486M(705M) 355.362ms
[2.226s][info][gc,cpu         ] GC(30) User=0.27s Sys=0.03s Real=0.36s
[2.408s][info][gc,start       ] GC(31) Pause Young (Allocation Failure)
[2.782s][info][gc             ] GC(31) Pause Young (Allocation Failure) 681M->681M(876M) 374.664ms
[2.782s][info][gc,cpu         ] GC(31) User=0.34s Sys=0.03s Real=0.38s
[2.782s][info][gc,start       ] GC(32) Pause Full (Allocation Failure)
[2.782s][info][gc,phases,start] GC(32) Phase 1: Mark live objects
[3.101s][info][gc,phases      ] GC(32) Phase 1: Mark live objects 318.886ms
[3.101s][info][gc,phases,start] GC(32) Phase 2: Compute new object addresses
[3.211s][info][gc,phases      ] GC(32) Phase 2: Compute new object addresses 109.819ms
[3.211s][info][gc,phases,start] GC(32) Phase 3: Adjust pointers
[3.329s][info][gc,phases      ] GC(32) Phase 3: Adjust pointers 117.846ms
[3.329s][info][gc,phases,start] GC(32) Phase 4: Move objects
[3.335s][info][gc,phases      ] GC(32) Phase 4: Move objects 5.433ms
[3.337s][info][gc,heap        ] GC(32) DefNew: 224319K(224320K)->24828K(504832K) Eden: 199424K(199424K)->24828K(448768K) From: 24895K(24896K)->0K(56064K)
[3.337s][info][gc,heap        ] GC(32) Tenured: 473550K(498416K)->673011K(1121688K)
[3.337s][info][gc,metaspace   ] GC(32) Metaspace: 6302K(6464K)->6302K(6464K) NonClass: 5769K(5824K)->5769K(5824K) Class: 533K(640K)->533K(640K)
[3.337s][info][gc             ] GC(32) Pause Full (Allocation Failure) 681M->681M(1588M) 554.618ms
[3.337s][info][gc,cpu         ] GC(32) User=0.50s Sys=0.02s Real=0.56s
[3.802s][info][gc,start       ] GC(33) Pause Young (Allocation Failure)
[4.553s][info][gc,heap        ] GC(33) DefNew: 448768K(504832K)->56064K(504832K) Eden: 448768K(448768K)->0K(448768K) From: 0K(56064K)->56064K(56064K)
[4.553s][info][gc,heap        ] GC(33) Tenured: 673011K(1121688K)->1065690K(1121688K)
[4.553s][info][gc,metaspace   ] GC(33) Metaspace: 6302K(6464K)->6302K(6464K) NonClass: 5769K(5824K)->5769K(5824K) Class: 533K(640K)->533K(640K)
[4.553s][info][gc             ] GC(33) Pause Young (Allocation Failure) 1095M->1095M(1588M) 751.003ms
[4.553s][info][gc,cpu         ] GC(33) User=0.66s Sys=0.06s Real=0.75s
[5.034s][info][gc,start       ] GC(34) Pause Young (Allocation Failure)
[5.752s][info][gc             ] GC(34) Pause Young (Allocation Failure) 1533M->1478M(1917M) 717.812ms
[5.752s][info][gc,cpu         ] GC(34) User=0.55s Sys=0.12s Real=0.72s
[5.752s][info][gc,start       ] GC(35) Pause Full (Allocation Failure)
[5.752s][info][gc,phases,start] GC(35) Phase 1: Mark live objects
[6.415s][info][gc,phases      ] GC(35) Phase 1: Mark live objects 662.721ms
[6.415s][info][gc,phases,start] GC(35) Phase 2: Compute new object addresses
[6.631s][info][gc,phases      ] GC(35) Phase 2: Compute new object addresses 215.918ms
[6.631s][info][gc,phases,start] GC(35) Phase 3: Adjust pointers
[6.890s][info][gc,phases      ] GC(35) Phase 3: Adjust pointers 258.945ms
[6.890s][info][gc,phases,start] GC(35) Phase 4: Move objects
[6.901s][info][gc,phases      ] GC(35) Phase 4: Move objects 10.903ms
[6.905s][info][gc,heap        ] GC(35) DefNew: 504832K(504832K)->55906K(1093952K) Eden: 448768K(448768K)->55906K(972416K) From: 56064K(56064K)->0K(121536K)
[6.905s][info][gc,heap        ] GC(35) Tenured: 1065690K(1121688K)->1458523K(2430876K)
[6.905s][info][gc,metaspace   ] GC(35) Metaspace: 6302K(6464K)->6302K(6464K) NonClass: 5769K(5824K)->5769K(5824K) Class: 533K(640K)->533K(640K)
[6.905s][info][gc             ] GC(35) Pause Full (Allocation Failure) 1478M->1478M(3442M) 1152.819ms
[6.905s][info][gc,cpu         ] GC(35) User=1.14s Sys=0.00s Real=1.15s
[7.859s][info][gc,start       ] GC(36) Pause Young (Allocation Failure)
[9.549s][info][gc,heap        ] GC(36) DefNew: 972416K(1093952K)->121536K(1093952K) Eden: 972416K(972416K)->0K(972416K) From: 0K(121536K)->121536K(121536K)
[9.549s][info][gc,heap        ] GC(36) Tenured: 1458523K(2430876K)->2309372K(2430876K)
[9.549s][info][gc,metaspace   ] GC(36) Metaspace: 6302K(6464K)->6302K(6464K) NonClass: 5769K(5824K)->5769K(5824K) Class: 533K(640K)->533K(640K)
[9.549s][info][gc             ] GC(36) Pause Young (Allocation Failure) 2373M->2373M(3442M) 1690.392ms
[9.549s][info][gc,cpu         ] GC(36) User=1.47s Sys=0.22s Real=1.69s
[10.538s][info][gc,start       ] GC(37) Pause Young (Allocation Failure)
[12.259s][info][gc,promotion   ] GC(37) Promotion failed
[12.259s][info][gc             ] GC(37) Pause Young (Allocation Failure) 3323M->4068M(4068M) 1720.613ms
[12.259s][info][gc,cpu         ] GC(37) User=1.42s Sys=0.28s Real=1.72s
[12.259s][info][gc,start       ] GC(38) Pause Full (Allocation Failure)
[12.259s][info][gc,phases,start] GC(38) Phase 1: Mark live objects
[13.779s][info][gc,phases      ] GC(38) Phase 1: Mark live objects 1520.356ms
[13.779s][info][gc,phases,start] GC(38) Phase 2: Compute new object addresses
[14.319s][info][gc,phases      ] GC(38) Phase 2: Compute new object addresses 539.308ms
[14.319s][info][gc,phases,start] GC(38) Phase 3: Adjust pointers
[15.020s][info][gc,phases      ] GC(38) Phase 3: Adjust pointers 701.329ms
[15.020s][info][gc,phases,start] GC(38) Phase 4: Move objects
[15.648s][info][gc,phases      ] GC(38) Phase 4: Move objects 628.325ms
[15.650s][info][gc,heap        ] GC(38) DefNew: 1093952K(1093952K)->237088K(1382400K) Eden: 972416K(972416K)->237088K(1228800K) From: 121536K(121536K)->0K(153600K)
[15.650s][info][gc,heap        ] GC(38) Tenured: 2309372K(2430876K)->3071999K(3072000K)
[15.650s][info][gc,metaspace   ] GC(38) Metaspace: 6302K(6464K)->6302K(6464K) NonClass: 5769K(5824K)->5769K(5824K) Class: 533K(640K)->533K(640K)
[15.650s][info][gc             ] GC(38) Pause Full (Allocation Failure) 4068M->3231M(4350M) 3391.158ms
[15.650s][info][gc,cpu         ] GC(38) User=3.39s Sys=0.00s Real=3.39s
[16.966s][info][gc,start       ] GC(39) Pause Full (Allocation Failure)
[16.966s][info][gc,phases,start] GC(39) Phase 1: Mark live objects
[18.981s][info][gc,phases      ] GC(39) Phase 1: Mark live objects 2014.934ms
[18.981s][info][gc,phases,start] GC(39) Phase 2: Compute new object addresses
[19.588s][info][gc,phases      ] GC(39) Phase 2: Compute new object addresses 607.172ms
[19.588s][info][gc,phases,start] GC(39) Phase 3: Adjust pointers
[20.482s][info][gc,phases      ] GC(39) Phase 3: Adjust pointers 893.655ms
[20.482s][info][gc,phases,start] GC(39) Phase 4: Move objects
[20.652s][info][gc,phases      ] GC(39) Phase 4: Move objects 170.217ms
[20.653s][info][gc,heap        ] GC(39) DefNew: 1382399K(1382400K)->1382376K(1382400K) Eden: 1228800K(1228800K)->1228799K(1228800K) From: 153599K(153600K)->153576K(153600K)
[20.653s][info][gc,heap        ] GC(39) Tenured: 3071999K(3072000K)->3071999K(3072000K)
[20.653s][info][gc,metaspace   ] GC(39) Metaspace: 6302K(6464K)->6302K(6464K) NonClass: 5769K(5824K)->5769K(5824K) Class: 533K(640K)->533K(640K)
[20.653s][info][gc             ] GC(39) Pause Full (Allocation Failure) 4349M->4349M(4350M) 3687.325ms
[20.653s][info][gc,cpu         ] GC(39) User=3.64s Sys=0.00s Real=3.69s
[20.653s][info][gc,start       ] GC(40) Pause Full (Allocation Failure)
[20.653s][info][gc,phases,start] GC(40) Phase 1: Mark live objects
[22.664s][info][gc,phases      ] GC(40) Phase 1: Mark live objects 2010.832ms
[22.664s][info][gc,phases,start] GC(40) Phase 2: Compute new object addresses
[23.275s][info][gc,phases      ] GC(40) Phase 2: Compute new object addresses 610.485ms
[23.275s][info][gc,phases,start] GC(40) Phase 3: Adjust pointers
[24.100s][info][gc,phases      ] GC(40) Phase 3: Adjust pointers 824.966ms
[24.100s][info][gc,phases,start] GC(40) Phase 4: Move objects
[24.100s][info][gc,phases      ] GC(40) Phase 4: Move objects 0.016ms
[24.100s][info][gc,heap        ] GC(40) DefNew: 1382399K(1382400K)->1382399K(1382400K) Eden: 1228799K(1228800K)->1228799K(1228800K) From: 153599K(153600K)->153599K(153600K)
[24.100s][info][gc,heap        ] GC(40) Tenured: 3071999K(3072000K)->3071999K(3072000K)
[24.101s][info][gc,metaspace   ] GC(40) Metaspace: 6302K(6464K)->6302K(6464K) NonClass: 5769K(5824K)->5769K(5824K) Class: 533K(640K)->533K(640K)
[24.101s][info][gc             ] GC(40) Pause Full (Allocation Failure) 4349M->4349M(4350M) 3447.173ms
[24.101s][info][gc,cpu         ] GC(40) User=3.42s Sys=0.00s Real=3.45s
[24.101s][info][gc,start       ] GC(41) Pause Full (Allocation Failure)
[24.101s][info][gc,phases,start] GC(41) Phase 1: Mark live objects
[26.112s][info][gc,phases      ] GC(41) Phase 1: Mark live objects 2011.405ms
[26.112s][info][gc,phases,start] GC(41) Phase 2: Compute new object addresses
[26.724s][info][gc,phases      ] GC(41) Phase 2: Compute new object addresses 611.592ms
[26.724s][info][gc,phases,start] GC(41) Phase 3: Adjust pointers
[27.698s][info][gc,phases      ] GC(41) Phase 3: Adjust pointers 973.858ms
[27.698s][info][gc,phases,start] GC(41) Phase 4: Move objects
[28.421s][info][gc,phases      ] GC(41) Phase 4: Move objects 723.197ms
[28.422s][info][gc,heap        ] GC(41) DefNew: 1382399K(1382400K)->1382395K(1382400K) Eden: 1228799K(1228800K)->1228800K(1228800K) From: 153599K(153600K)->153595K(153600K)
[28.422s][info][gc,heap        ] GC(41) Tenured: 3071999K(3072000K)->3071999K(3072000K)
[28.422s][info][gc,metaspace   ] GC(41) Metaspace: 6302K(6464K)->6300K(6464K) NonClass: 5769K(5824K)->5767K(5824K) Class: 533K(640K)->532K(640K)
[28.422s][info][gc             ] GC(41) Pause Full (Allocation Failure) 4349M->4349M(4350M) 4321.315ms
[28.422s][info][gc,cpu         ] GC(41) User=4.28s Sys=0.00s Real=4.32s
[28.422s][info][gc,start       ] GC(42) Pause Full (Allocation Failure)
[28.422s][info][gc,phases,start] GC(42) Phase 1: Mark live objects
[30.436s][info][gc,phases      ] GC(42) Phase 1: Mark live objects 2013.164ms
[30.436s][info][gc,phases,start] GC(42) Phase 2: Compute new object addresses
[31.042s][info][gc,phases      ] GC(42) Phase 2: Compute new object addresses 606.201ms
[31.042s][info][gc,phases,start] GC(42) Phase 3: Adjust pointers
[31.858s][info][gc,phases      ] GC(42) Phase 3: Adjust pointers 815.636ms
[31.858s][info][gc,phases,start] GC(42) Phase 4: Move objects
[31.858s][info][gc,phases      ] GC(42) Phase 4: Move objects 0.016ms
[31.858s][info][gc,heap        ] GC(42) DefNew: 1382399K(1382400K)->1382399K(1382400K) Eden: 1228800K(1228800K)->1228800K(1228800K) From: 153599K(153600K)->153599K(153600K)
[31.858s][info][gc,heap        ] GC(42) Tenured: 3071999K(3072000K)->3071999K(3072000K)
[31.858s][info][gc,metaspace   ] GC(42) Metaspace: 6300K(6464K)->6300K(6464K) NonClass: 5767K(5824K)->5767K(5824K) Class: 532K(640K)->532K(640K)
[31.858s][info][gc             ] GC(42) Pause Full (Allocation Failure) 4349M->4349M(4350M) 3435.925ms
[31.858s][info][gc,cpu         ] GC(42) User=3.41s Sys=0.00s Real=3.43s
[31.858s][info][gc,start       ] GC(43) Pause Full (Allocation Failure)
[31.858s][info][gc,phases,start] GC(43) Phase 1: Mark live objects
[33.864s][info][gc,phases      ] GC(43) Phase 1: Mark live objects 2005.602ms
[33.864s][info][gc,phases,start] GC(43) Phase 2: Compute new object addresses
[34.473s][info][gc,phases      ] GC(43) Phase 2: Compute new object addresses 609.170ms
[34.473s][info][gc,phases,start] GC(43) Phase 3: Adjust pointers
[35.299s][info][gc,phases      ] GC(43) Phase 3: Adjust pointers 825.341ms
[35.299s][info][gc,phases,start] GC(43) Phase 4: Move objects
[35.299s][info][gc,phases      ] GC(43) Phase 4: Move objects 0.016ms
[35.299s][info][gc,heap        ] GC(43) DefNew: 1382399K(1382400K)->1382399K(1382400K) Eden: 1228800K(1228800K)->1228800K(1228800K) From: 153599K(153600K)->153599K(153600K)
[35.299s][info][gc,heap        ] GC(43) Tenured: 3071999K(3072000K)->3071999K(3072000K)
[35.299s][info][gc,metaspace   ] GC(43) Metaspace: 6300K(6464K)->6300K(6464K) NonClass: 5767K(5824K)->5767K(5824K) Class: 532K(640K)->532K(640K)
[35.299s][info][gc             ] GC(43) Pause Full (Allocation Failure) 4349M->4349M(4350M) 3441.132ms
[35.300s][info][gc,cpu         ] GC(43) User=3.44s Sys=0.00s Real=3.44s
[35.300s][info][gc,start       ] GC(44) Pause Full (Allocation Failure)
[35.300s][info][gc,phases,start] GC(44) Phase 1: Mark live objects
[37.326s][info][gc,phases      ] GC(44) Phase 1: Mark live objects 2025.950ms
[37.326s][info][gc,phases,start] GC(44) Phase 2: Compute new object addresses
[37.943s][info][gc,phases      ] GC(44) Phase 2: Compute new object addresses 616.974ms
[37.943s][info][gc,phases,start] GC(44) Phase 3: Adjust pointers
[38.769s][info][gc,phases      ] GC(44) Phase 3: Adjust pointers 826.033ms
[38.769s][info][gc,phases,start] GC(44) Phase 4: Move objects
[38.769s][info][gc,phases      ] GC(44) Phase 4: Move objects 0.016ms
[38.770s][info][gc,heap        ] GC(44) DefNew: 1382399K(1382400K)->1382399K(1382400K) Eden: 1228800K(1228800K)->1228800K(1228800K) From: 153599K(153600K)->153599K(153600K)
[38.770s][info][gc,heap        ] GC(44) Tenured: 3071999K(3072000K)->3071999K(3072000K)
[38.770s][info][gc,metaspace   ] GC(44) Metaspace: 6300K(6464K)->6300K(6464K) NonClass: 5767K(5824K)->5767K(5824K) Class: 532K(640K)->532K(640K)
[38.770s][info][gc             ] GC(44) Pause Full (Allocation Failure) 4349M->4349M(4350M) 3469.869ms
[38.770s][info][gc,cpu         ] GC(44) User=3.44s Sys=0.00s Real=3.47s
[38.770s][info][gc,start       ] GC(45) Pause Full (Allocation Failure)
[38.770s][info][gc,phases,start] GC(45) Phase 1: Mark live objects
[40.778s][info][gc,phases      ] GC(45) Phase 1: Mark live objects 2007.758ms
[40.778s][info][gc,phases,start] GC(45) Phase 2: Compute new object addresses
[41.386s][info][gc,phases      ] GC(45) Phase 2: Compute new object addresses 608.048ms
[41.386s][info][gc,phases,start] GC(45) Phase 3: Adjust pointers
[42.364s][info][gc,phases      ] GC(45) Phase 3: Adjust pointers 978.575ms
[42.365s][info][gc,phases,start] GC(45) Phase 4: Move objects
[43.077s][info][gc,phases      ] GC(45) Phase 4: Move objects 712.132ms
[43.078s][info][gc,heap        ] GC(45) DefNew: 1382399K(1382400K)->1382398K(1382400K) Eden: 1228800K(1228800K)->1228799K(1228800K) From: 153599K(153600K)->153598K(153600K)
[43.078s][info][gc,heap        ] GC(45) Tenured: 3071999K(3072000K)->3071999K(3072000K)
[43.078s][info][gc,metaspace   ] GC(45) Metaspace: 6300K(6464K)->6300K(6464K) NonClass: 5767K(5824K)->5767K(5824K) Class: 532K(640K)->532K(640K)
[43.078s][info][gc             ] GC(45) Pause Full (Allocation Failure) 4349M->4349M(4350M) 4307.770ms
[43.078s][info][gc,cpu         ] GC(45) User=4.31s Sys=0.00s Real=4.31s
[43.079s][info][gc,start       ] GC(46) Pause Full (Allocation Failure)
[43.079s][info][gc,phases,start] GC(46) Phase 1: Mark live objects
[45.108s][info][gc,phases      ] GC(46) Phase 1: Mark live objects 2029.379ms
[45.108s][info][gc,phases,start] GC(46) Phase 2: Compute new object addresses
[45.724s][info][gc,phases      ] GC(46) Phase 2: Compute new object addresses 615.503ms
[45.724s][info][gc,phases,start] GC(46) Phase 3: Adjust pointers
[46.718s][info][gc,phases      ] GC(46) Phase 3: Adjust pointers 994.491ms
[46.719s][info][gc,phases,start] GC(46) Phase 4: Move objects
[47.499s][info][gc,phases      ] GC(46) Phase 4: Move objects 780.285ms
[47.500s][info][gc,heap        ] GC(46) DefNew: 1382399K(1382400K)->1382396K(1382400K) Eden: 1228800K(1228800K)->1228799K(1228800K) From: 153599K(153600K)->153596K(153600K)
[47.500s][info][gc,heap        ] GC(46) Tenured: 3071999K(3072000K)->3071999K(3072000K)
[47.500s][info][gc,metaspace   ] GC(46) Metaspace: 6302K(6528K)->6302K(6528K) NonClass: 5768K(5888K)->5768K(5888K) Class: 533K(640K)->533K(640K)
[47.500s][info][gc             ] GC(46) Pause Full (Allocation Failure) 4349M->4349M(4350M) 4421.105ms
[47.500s][info][gc,cpu         ] GC(46) User=4.39s Sys=0.00s Real=4.42s
[47.500s][info][gc,heap,exit   ] Heap
[47.500s][info][gc,heap,exit   ]  def new generation   total 1382400K, used 1382397K [0x00000006e6c00000, 0x0000000744800000, 0x0000000744800000)
[47.500s][info][gc,heap,exit   ]   eden space 1228800K, 100% used [0x00000006e6c00000, 0x0000000731c00000, 0x0000000731c00000)
[47.500s][info][gc,heap,exit   ]   from space 153600K,  99% used [0x0000000731c00000, 0x000000073b1ff688, 0x000000073b200000)
[47.501s][info][gc,heap,exit   ]   to   space 153600K,   0% used [0x000000073b200000, 0x000000073b200000, 0x0000000744800000)
[47.501s][info][gc,heap,exit   ]  tenured generation   total 3072000K, used 3071999K [0x0000000744800000, 0x0000000800000000, 0x0000000800000000)
[47.501s][info][gc,heap,exit   ]    the space 3072000K,  99% used [0x0000000744800000, 0x00000007ffffff78, 0x0000000800000000, 0x0000000800000000)
[47.501s][info][gc,heap,exit   ]  Metaspace       used 6305K, committed 6528K, reserved 1114112K
[47.501s][info][gc,heap,exit   ]   class space    used 534K, committed 640K, reserved 1048576K
