[0.013s][info][gc,init] CardTable entry size: 512
[0.013s][info][gc     ] Using Serial
[0.013s][info][gc,init] Version: 18.0.1+10 (release)
[0.013s][info][gc,init] CPUs: 8 total, 8 available
[0.013s][info][gc,init] Memory: 16063M
[0.013s][info][gc,init] Large Page Support: Disabled
[0.013s][info][gc,init] NUMA Support: Disabled
[0.013s][info][gc,init] Compressed Oops: Enabled (Zero based)
[0.013s][info][gc,init] Heap Min Capacity: 2M
[0.013s][info][gc,init] Heap Initial Capacity: 2M
[0.013s][info][gc,init] Heap Max Capacity: 11700M
[0.013s][info][gc,init] Pre-touch: Disabled
[0.014s][info][gc,metaspace] CDS archive(s) not mapped
[0.014s][info][gc,metaspace] Compressed class space mapped at: 0x0000000800000000-0x0000000840000000, reserved size: 1073741824
[0.014s][info][gc,metaspace] Narrow klass base: 0x0000000800000000, Narrow klass shift: 0, Narrow klass range: 0x40000000
[0.227s][info][gc,start    ] GC(0) Pause Young (Allocation Failure)
[0.230s][info][gc,heap     ] GC(0) DefNew: 1023K(1152K)->127K(1152K) Eden: 1023K(1024K)->0K(1024K) From: 0K(128K)->127K(128K)
[0.230s][info][gc,heap     ] GC(0) Tenured: 0K(768K)->439K(768K)
[0.230s][info][gc,metaspace] GC(0) Metaspace: 5899K(6016K)->5899K(6016K) NonClass: 5400K(5504K)->5400K(5504K) Class: 499K(512K)->499K(512K)
[0.230s][info][gc          ] GC(0) Pause Young (Allocation Failure) 0M->0M(1M) 2.692ms
[0.230s][info][gc,cpu      ] GC(0) User=0.00s Sys=0.00s Real=0.00s
[0.254s][info][gc,start    ] GC(1) Pause Young (Allocation Failure)
[0.256s][info][gc          ] GC(1) Pause Young (Allocation Failure) 1M->0M(2M) 1.659ms
[0.256s][info][gc,cpu      ] GC(1) User=0.00s Sys=0.00s Real=0.00s
[0.256s][info][gc,start    ] GC(2) Pause Full (Allocation Failure)
[0.256s][info][gc,phases,start] GC(2) Phase 1: Mark live objects
[0.257s][info][gc,phases      ] GC(2) Phase 1: Mark live objects 1.096ms
[0.257s][info][gc,phases,start] GC(2) Phase 2: Compute new object addresses
[0.257s][info][gc,phases      ] GC(2) Phase 2: Compute new object addresses 0.251ms
[0.257s][info][gc,phases,start] GC(2) Phase 3: Adjust pointers
[0.258s][info][gc,phases      ] GC(2) Phase 3: Adjust pointers 0.551ms
[0.258s][info][gc,phases,start] GC(2) Phase 4: Move objects
[0.258s][info][gc,phases      ] GC(2) Phase 4: Move objects 0.079ms
[0.258s][info][gc,heap        ] GC(2) DefNew: 1151K(1152K)->40K(1152K) Eden: 1024K(1024K)->40K(1024K) From: 127K(128K)->0K(128K)
[0.258s][info][gc,heap        ] GC(2) Tenured: 439K(768K)->959K(1600K)
[0.258s][info][gc,metaspace   ] GC(2) Metaspace: 6296K(6464K)->6296K(6464K) NonClass: 5763K(5824K)->5763K(5824K) Class: 533K(640K)->533K(640K)
[0.258s][info][gc             ] GC(2) Pause Full (Allocation Failure) 0M->0M(2M) 2.315ms
[0.258s][info][gc,cpu         ] GC(2) User=0.00s Sys=0.00s Real=0.00s
[0.260s][info][gc,start       ] GC(3) Pause Young (Allocation Failure)
[0.262s][info][gc,heap        ] GC(3) DefNew: 1024K(1152K)->127K(1152K) Eden: 1024K(1024K)->0K(1024K) From: 0K(128K)->127K(128K)
[0.262s][info][gc,heap        ] GC(3) Tenured: 959K(1600K)->1375K(1600K)
[0.262s][info][gc,metaspace   ] GC(3) Metaspace: 6296K(6464K)->6296K(6464K) NonClass: 5763K(5824K)->5763K(5824K) Class: 533K(640K)->533K(640K)
[0.262s][info][gc             ] GC(3) Pause Young (Allocation Failure) 1M->1M(2M) 2.082ms
[0.262s][info][gc,cpu         ] GC(3) User=0.00s Sys=0.00s Real=0.00s
[0.264s][info][gc,start       ] GC(4) Pause Young (Allocation Failure)
[0.266s][info][gc             ] GC(4) Pause Young (Allocation Failure) 2M->1M(3M) 1.970ms
[0.267s][info][gc,cpu         ] GC(4) User=0.00s Sys=0.00s Real=0.00s
[0.267s][info][gc,start       ] GC(5) Pause Full (Allocation Failure)
[0.267s][info][gc,phases,start] GC(5) Phase 1: Mark live objects
[0.268s][info][gc,phases      ] GC(5) Phase 1: Mark live objects 1.742ms
[0.268s][info][gc,phases,start] GC(5) Phase 2: Compute new object addresses
[0.269s][info][gc,phases      ] GC(5) Phase 2: Compute new object addresses 0.390ms
[0.269s][info][gc,phases,start] GC(5) Phase 3: Adjust pointers
[0.270s][info][gc,phases      ] GC(5) Phase 3: Adjust pointers 0.676ms
[0.270s][info][gc,phases,start] GC(5) Phase 4: Move objects
[0.270s][info][gc,phases      ] GC(5) Phase 4: Move objects 0.082ms
[0.270s][info][gc,heap        ] GC(5) DefNew: 1151K(1152K)->35K(1536K) Eden: 1024K(1024K)->35K(1408K) From: 127K(128K)->0K(128K)
[0.270s][info][gc,heap        ] GC(5) Tenured: 1375K(1600K)->1983K(3308K)
[0.270s][info][gc,metaspace   ] GC(5) Metaspace: 6296K(6464K)->6296K(6464K) NonClass: 5763K(5824K)->5763K(5824K) Class: 533K(640K)->533K(640K)
[0.270s][info][gc             ] GC(5) Pause Full (Allocation Failure) 1M->1M(4M) 3.232ms
[0.270s][info][gc,cpu         ] GC(5) User=0.00s Sys=0.00s Real=0.00s
[0.272s][info][gc,start       ] GC(6) Pause Young (Allocation Failure)
[0.274s][info][gc,heap        ] GC(6) DefNew: 1407K(1536K)->127K(1536K) Eden: 1407K(1408K)->0K(1408K) From: 0K(128K)->127K(128K)
[0.274s][info][gc,heap        ] GC(6) Tenured: 1983K(3308K)->2617K(3308K)
[0.274s][info][gc,metaspace   ] GC(6) Metaspace: 6296K(6464K)->6296K(6464K) NonClass: 5763K(5824K)->5763K(5824K) Class: 533K(640K)->533K(640K)
[0.274s][info][gc             ] GC(6) Pause Young (Allocation Failure) 3M->2M(4M) 2.095ms
[0.274s][info][gc,cpu         ] GC(6) User=0.00s Sys=0.00s Real=0.00s
[0.276s][info][gc,start       ] GC(7) Pause Young (Allocation Failure)
[0.279s][info][gc             ] GC(7) Pause Young (Allocation Failure) 4M->3M(4M) 2.215ms
[0.279s][info][gc,cpu         ] GC(7) User=0.00s Sys=0.00s Real=0.00s
[0.279s][info][gc,start       ] GC(8) Pause Full (Allocation Failure)
[0.279s][info][gc,phases,start] GC(8) Phase 1: Mark live objects
[0.281s][info][gc,phases      ] GC(8) Phase 1: Mark live objects 2.585ms
[0.281s][info][gc,phases,start] GC(8) Phase 2: Compute new object addresses
[0.282s][info][gc,phases      ] GC(8) Phase 2: Compute new object addresses 0.651ms
[0.282s][info][gc,phases,start] GC(8) Phase 3: Adjust pointers
[0.283s][info][gc,phases      ] GC(8) Phase 3: Adjust pointers 1.008ms
[0.283s][info][gc,phases,start] GC(8) Phase 4: Move objects
[0.283s][info][gc,phases      ] GC(8) Phase 4: Move objects 0.081ms
[0.283s][info][gc,heap        ] GC(8) DefNew: 1535K(1536K)->0K(2688K) Eden: 1408K(1408K)->0K(2432K) From: 127K(128K)->0K(256K)
[0.283s][info][gc,heap        ] GC(8) Tenured: 2617K(3308K)->3460K(5768K)
[0.283s][info][gc,metaspace   ] GC(8) Metaspace: 6296K(6464K)->6296K(6464K) NonClass: 5763K(5824K)->5763K(5824K) Class: 533K(640K)->533K(640K)
[0.283s][info][gc             ] GC(8) Pause Full (Allocation Failure) 3M->3M(8M) 4.662ms
[0.283s][info][gc,cpu         ] GC(8) User=0.00s Sys=0.00s Real=0.01s
[0.289s][info][gc,start       ] GC(9) Pause Young (Allocation Failure)
[0.292s][info][gc,heap        ] GC(9) DefNew: 2431K(2688K)->256K(2688K) Eden: 2431K(2432K)->0K(2432K) From: 0K(256K)->256K(256K)
[0.292s][info][gc,heap        ] GC(9) Tenured: 3460K(5768K)->4512K(5768K)
[0.292s][info][gc,metaspace   ] GC(9) Metaspace: 6296K(6464K)->6296K(6464K) NonClass: 5763K(5824K)->5763K(5824K) Class: 533K(640K)->533K(640K)
[0.292s][info][gc             ] GC(9) Pause Young (Allocation Failure) 5M->4M(8M) 3.210ms
[0.292s][info][gc,cpu         ] GC(9) User=0.00s Sys=0.00s Real=0.00s
[0.295s][info][gc,start       ] GC(10) Pause Young (Allocation Failure)
[0.299s][info][gc,heap        ] GC(10) DefNew: 2688K(2688K)->255K(2688K) Eden: 2432K(2432K)->0K(2432K) From: 256K(256K)->255K(256K)
[0.299s][info][gc,heap        ] GC(10) Tenured: 4512K(5768K)->5755K(5768K)
[0.299s][info][gc,metaspace   ] GC(10) Metaspace: 6296K(6464K)->6296K(6464K) NonClass: 5763K(5824K)->5763K(5824K) Class: 533K(640K)->533K(640K)
[0.299s][info][gc             ] GC(10) Pause Young (Allocation Failure) 7M->5M(8M) 3.315ms
[0.299s][info][gc,cpu         ] GC(10) User=0.00s Sys=0.00s Real=0.00s
[0.303s][info][gc,start       ] GC(11) Pause Young (Allocation Failure)
[0.307s][info][gc             ] GC(11) Pause Young (Allocation Failure) 8M->7M(9M) 3.924ms
[0.307s][info][gc,cpu         ] GC(11) User=0.00s Sys=0.00s Real=0.00s
[0.307s][info][gc,start       ] GC(12) Pause Full (Allocation Failure)
[0.307s][info][gc,phases,start] GC(12) Phase 1: Mark live objects
[0.312s][info][gc,phases      ] GC(12) Phase 1: Mark live objects 4.549ms
[0.312s][info][gc,phases,start] GC(12) Phase 2: Compute new object addresses
[0.313s][info][gc,phases      ] GC(12) Phase 2: Compute new object addresses 1.314ms
[0.313s][info][gc,phases,start] GC(12) Phase 3: Adjust pointers
[0.315s][info][gc,phases      ] GC(12) Phase 3: Adjust pointers 1.902ms
[0.315s][info][gc,phases,start] GC(12) Phase 4: Move objects
[0.317s][info][gc,phases      ] GC(12) Phase 4: Move objects 1.427ms
[0.317s][info][gc,heap        ] GC(12) DefNew: 2687K(2688K)->0K(5376K) Eden: 2432K(2432K)->0K(4800K) From: 255K(256K)->0K(576K)
[0.317s][info][gc,heap        ] GC(12) Tenured: 5755K(5768K)->7132K(11888K)
[0.317s][info][gc,metaspace   ] GC(12) Metaspace: 6296K(6464K)->6296K(6464K) NonClass: 5763K(5824K)->5763K(5824K) Class: 533K(640K)->533K(640K)
[0.317s][info][gc             ] GC(12) Pause Full (Allocation Failure) 7M->6M(16M) 9.790ms
[0.317s][info][gc,cpu         ] GC(12) User=0.00s Sys=0.00s Real=0.01s
[0.324s][info][gc,start       ] GC(13) Pause Young (Allocation Failure)
[0.330s][info][gc,heap        ] GC(13) DefNew: 4800K(5376K)->575K(5376K) Eden: 4800K(4800K)->0K(4800K) From: 0K(576K)->575K(576K)
[0.330s][info][gc,heap        ] GC(13) Tenured: 7132K(11888K)->9027K(11888K)
[0.330s][info][gc,metaspace   ] GC(13) Metaspace: 6296K(6464K)->6296K(6464K) NonClass: 5763K(5824K)->5763K(5824K) Class: 533K(640K)->533K(640K)
[0.330s][info][gc             ] GC(13) Pause Young (Allocation Failure) 11M->9M(16M) 6.064ms
[0.330s][info][gc,cpu         ] GC(13) User=0.00s Sys=0.00s Real=0.01s
[0.336s][info][gc,start       ] GC(14) Pause Young (Allocation Failure)
[0.343s][info][gc,heap        ] GC(14) DefNew: 5375K(5376K)->576K(5376K) Eden: 4800K(4800K)->0K(4800K) From: 575K(576K)->576K(576K)
[0.343s][info][gc,heap        ] GC(14) Tenured: 9027K(11888K)->11746K(11888K)
[0.343s][info][gc,metaspace   ] GC(14) Metaspace: 6296K(6464K)->6296K(6464K) NonClass: 5763K(5824K)->5763K(5824K) Class: 533K(640K)->533K(640K)
[0.343s][info][gc             ] GC(14) Pause Young (Allocation Failure) 14M->12M(16M) 7.039ms
[0.343s][info][gc,cpu         ] GC(14) User=0.00s Sys=0.00s Real=0.01s
[0.347s][info][gc,start       ] GC(15) Pause Young (Allocation Failure)
[0.353s][info][gc             ] GC(15) Pause Young (Allocation Failure) 16M->14M(19M) 6.483ms
[0.353s][info][gc,cpu         ] GC(15) User=0.00s Sys=0.00s Real=0.01s
[0.353s][info][gc,start       ] GC(16) Pause Full (Allocation Failure)
[0.353s][info][gc,phases,start] GC(16) Phase 1: Mark live objects
[0.361s][info][gc,phases      ] GC(16) Phase 1: Mark live objects 7.671ms
[0.361s][info][gc,phases,start] GC(16) Phase 2: Compute new object addresses
[0.363s][info][gc,phases      ] GC(16) Phase 2: Compute new object addresses 2.313ms
[0.363s][info][gc,phases,start] GC(16) Phase 3: Adjust pointers
[0.366s][info][gc,phases      ] GC(16) Phase 3: Adjust pointers 2.831ms
[0.366s][info][gc,phases,start] GC(16) Phase 4: Move objects
[0.367s][info][gc,phases      ] GC(16) Phase 4: Move objects 0.184ms
[0.367s][info][gc,heap        ] GC(16) DefNew: 5376K(5376K)->403K(10880K) Eden: 4800K(4800K)->403K(9728K) From: 576K(576K)->0K(1152K)
[0.367s][info][gc,heap        ] GC(16) Tenured: 11746K(11888K)->14383K(23976K)
[0.367s][info][gc,metaspace   ] GC(16) Metaspace: 6298K(6464K)->6298K(6464K) NonClass: 5765K(5824K)->5765K(5824K) Class: 533K(640K)->533K(640K)
[0.367s][info][gc             ] GC(16) Pause Full (Allocation Failure) 14M->14M(34M) 13.368ms
[0.367s][info][gc,cpu         ] GC(16) User=0.02s Sys=0.00s Real=0.01s
[0.375s][info][gc,start       ] GC(17) Pause Young (Allocation Failure)
[0.387s][info][gc,heap        ] GC(17) DefNew: 9728K(10880K)->1151K(10880K) Eden: 9728K(9728K)->0K(9728K) From: 0K(1152K)->1151K(1152K)
[0.387s][info][gc,heap        ] GC(17) Tenured: 14383K(23976K)->18403K(23976K)
[0.387s][info][gc,metaspace   ] GC(17) Metaspace: 6298K(6464K)->6298K(6464K) NonClass: 5765K(5824K)->5765K(5824K) Class: 533K(640K)->533K(640K)
[0.387s][info][gc             ] GC(17) Pause Young (Allocation Failure) 23M->19M(34M) 12.143ms
[0.387s][info][gc,cpu         ] GC(17) User=0.00s Sys=0.00s Real=0.01s
[0.395s][info][gc,start       ] GC(18) Pause Young (Allocation Failure)
[0.408s][info][gc,heap        ] GC(18) DefNew: 10879K(10880K)->1152K(10880K) Eden: 9728K(9728K)->0K(9728K) From: 1151K(1152K)->1152K(1152K)
[0.408s][info][gc,heap        ] GC(18) Tenured: 18403K(23976K)->23925K(23976K)
[0.408s][info][gc,metaspace   ] GC(18) Metaspace: 6298K(6464K)->6298K(6464K) NonClass: 5765K(5824K)->5765K(5824K) Class: 533K(640K)->533K(640K)
[0.408s][info][gc             ] GC(18) Pause Young (Allocation Failure) 28M->24M(34M) 12.840ms
[0.408s][info][gc,cpu         ] GC(18) User=0.00s Sys=0.00s Real=0.01s
[0.413s][info][gc,start       ] GC(19) Pause Young (Allocation Failure)
[0.425s][info][gc             ] GC(19) Pause Young (Allocation Failure) 33M->29M(38M) 11.502ms
[0.425s][info][gc,cpu         ] GC(19) User=0.00s Sys=0.00s Real=0.01s
[0.425s][info][gc,start       ] GC(20) Pause Full (Allocation Failure)
[0.425s][info][gc,phases,start] GC(20) Phase 1: Mark live objects
[0.439s][info][gc,phases      ] GC(20) Phase 1: Mark live objects 14.236ms
[0.439s][info][gc,phases,start] GC(20) Phase 2: Compute new object addresses
[0.444s][info][gc,phases      ] GC(20) Phase 2: Compute new object addresses 4.957ms
[0.444s][info][gc,phases,start] GC(20) Phase 3: Adjust pointers
[0.450s][info][gc,phases      ] GC(20) Phase 3: Adjust pointers 6.254ms
[0.450s][info][gc,phases,start] GC(20) Phase 4: Move objects
[0.451s][info][gc,phases      ] GC(20) Phase 4: Move objects 0.178ms
[0.451s][info][gc,heap        ] GC(20) DefNew: 10880K(10880K)->1068K(21888K) Eden: 9728K(9728K)->1068K(19520K) From: 1152K(1152K)->0K(2368K)
[0.451s][info][gc,heap        ] GC(20) Tenured: 23925K(23976K)->29035K(48396K)
[0.451s][info][gc,metaspace   ] GC(20) Metaspace: 6298K(6464K)->6298K(6464K) NonClass: 5765K(5824K)->5765K(5824K) Class: 533K(640K)->533K(640K)
[0.451s][info][gc             ] GC(20) Pause Full (Allocation Failure) 29M->29M(68M) 26.061ms
[0.451s][info][gc,cpu         ] GC(20) User=0.03s Sys=0.00s Real=0.03s
[0.467s][info][gc,start       ] GC(21) Pause Young (Allocation Failure)
[0.495s][info][gc,heap        ] GC(21) DefNew: 19520K(21888K)->2367K(21888K) Eden: 19520K(19520K)->0K(19520K) From: 0K(2368K)->2367K(2368K)
[0.495s][info][gc,heap        ] GC(21) Tenured: 29035K(48396K)->39319K(48396K)
[0.495s][info][gc,metaspace   ] GC(21) Metaspace: 6298K(6464K)->6298K(6464K) NonClass: 5765K(5824K)->5765K(5824K) Class: 533K(640K)->533K(640K)
[0.495s][info][gc             ] GC(21) Pause Young (Allocation Failure) 47M->40M(68M) 28.796ms
[0.495s][info][gc,cpu         ] GC(21) User=0.02s Sys=0.00s Real=0.03s
[0.514s][info][gc,start       ] GC(22) Pause Young (Allocation Failure)
[0.551s][info][gc             ] GC(22) Pause Young (Allocation Failure) 59M->59M(78M) 36.620ms
[0.551s][info][gc,cpu         ] GC(22) User=0.02s Sys=0.00s Real=0.04s
[0.551s][info][gc,start       ] GC(23) Pause Full (Allocation Failure)
[0.551s][info][gc,phases,start] GC(23) Phase 1: Mark live objects
[0.577s][info][gc,phases      ] GC(23) Phase 1: Mark live objects 26.127ms
[0.577s][info][gc,phases,start] GC(23) Phase 2: Compute new object addresses
[0.586s][info][gc,phases      ] GC(23) Phase 2: Compute new object addresses 9.428ms
[0.586s][info][gc,phases,start] GC(23) Phase 3: Adjust pointers
[0.599s][info][gc,phases      ] GC(23) Phase 3: Adjust pointers 12.240ms
[0.599s][info][gc,phases,start] GC(23) Phase 4: Move objects
[0.599s][info][gc,phases      ] GC(23) Phase 4: Move objects 0.499ms
[0.600s][info][gc,heap        ] GC(23) DefNew: 21887K(21888K)->2221K(44288K) Eden: 19520K(19520K)->2221K(39424K) From: 2367K(2368K)->0K(4864K)
[0.600s][info][gc,heap        ] GC(23) Tenured: 39319K(48396K)->58955K(98260K)
[0.600s][info][gc,metaspace   ] GC(23) Metaspace: 6298K(6464K)->6298K(6464K) NonClass: 5765K(5824K)->5765K(5824K) Class: 533K(640K)->533K(640K)
[0.600s][info][gc             ] GC(23) Pause Full (Allocation Failure) 59M->59M(139M) 48.988ms
[0.600s][info][gc,cpu         ] GC(23) User=0.05s Sys=0.00s Real=0.05s
[0.645s][info][gc,start       ] GC(24) Pause Young (Allocation Failure)
[0.708s][info][gc,heap        ] GC(24) DefNew: 39424K(44288K)->4863K(44288K) Eden: 39424K(39424K)->0K(39424K) From: 0K(4864K)->4863K(4864K)
[0.708s][info][gc,heap        ] GC(24) Tenured: 58955K(98260K)->93488K(98260K)
[0.708s][info][gc,metaspace   ] GC(24) Metaspace: 6298K(6464K)->6298K(6464K) NonClass: 5765K(5824K)->5765K(5824K) Class: 533K(640K)->533K(640K)
[0.708s][info][gc             ] GC(24) Pause Young (Allocation Failure) 96M->96M(139M) 63.244ms
[0.708s][info][gc,cpu         ] GC(24) User=0.05s Sys=0.02s Real=0.06s
[0.741s][info][gc,start       ] GC(25) Pause Young (Allocation Failure)
[0.812s][info][gc             ] GC(25) Pause Young (Allocation Failure) 134M->134M(173M) 70.457ms
[0.812s][info][gc,cpu         ] GC(25) User=0.05s Sys=0.02s Real=0.07s
[0.812s][info][gc,start       ] GC(26) Pause Full (Allocation Failure)
[0.812s][info][gc,phases,start] GC(26) Phase 1: Mark live objects
[0.871s][info][gc,phases      ] GC(26) Phase 1: Mark live objects 59.736ms
[0.872s][info][gc,phases,start] GC(26) Phase 2: Compute new object addresses
[0.897s][info][gc,phases      ] GC(26) Phase 2: Compute new object addresses 25.164ms
[0.897s][info][gc,phases,start] GC(26) Phase 3: Adjust pointers
[0.925s][info][gc,phases      ] GC(26) Phase 3: Adjust pointers 28.675ms
[0.926s][info][gc,phases,start] GC(26) Phase 4: Move objects
[0.953s][info][gc,phases      ] GC(26) Phase 4: Move objects 27.789ms
[0.954s][info][gc,heap        ] GC(26) DefNew: 44287K(44288K)->1015K(99712K) Eden: 39424K(39424K)->1015K(88640K) From: 4863K(4864K)->0K(11072K)
[0.954s][info][gc,heap        ] GC(26) Tenured: 93488K(98260K)->132887K(221480K)
[0.954s][info][gc,metaspace   ] GC(26) Metaspace: 6298K(6464K)->6298K(6464K) NonClass: 5765K(5824K)->5765K(5824K) Class: 533K(640K)->533K(640K)
[0.954s][info][gc             ] GC(26) Pause Full (Allocation Failure) 134M->130M(313M) 142.320ms
[0.954s][info][gc,cpu         ] GC(26) User=0.14s Sys=0.00s Real=0.14s
[1.058s][info][gc,start       ] GC(27) Pause Young (Allocation Failure)
[1.216s][info][gc,heap        ] GC(27) DefNew: 88640K(99712K)->11071K(99712K) Eden: 88640K(88640K)->0K(88640K) From: 0K(11072K)->11071K(11072K)
[1.216s][info][gc,heap        ] GC(27) Tenured: 132887K(221480K)->210430K(221480K)
[1.216s][info][gc,metaspace   ] GC(27) Metaspace: 6298K(6464K)->6298K(6464K) NonClass: 5765K(5824K)->5765K(5824K) Class: 533K(640K)->533K(640K)
[1.216s][info][gc             ] GC(27) Pause Young (Allocation Failure) 216M->216M(313M) 158.034ms
[1.216s][info][gc,cpu         ] GC(27) User=0.11s Sys=0.02s Real=0.16s
[1.296s][info][gc,start       ] GC(28) Pause Young (Allocation Failure)
[1.465s][info][gc             ] GC(28) Pause Young (Allocation Failure) 302M->302M(389M) 169.154ms
[1.465s][info][gc,cpu         ] GC(28) User=0.09s Sys=0.06s Real=0.17s
[1.465s][info][gc,start       ] GC(29) Pause Full (Allocation Failure)
[1.465s][info][gc,phases,start] GC(29) Phase 1: Mark live objects
[1.598s][info][gc,phases      ] GC(29) Phase 1: Mark live objects 132.674ms
[1.598s][info][gc,phases,start] GC(29) Phase 2: Compute new object addresses
[1.646s][info][gc,phases      ] GC(29) Phase 2: Compute new object addresses 48.009ms
[1.646s][info][gc,phases,start] GC(29) Phase 3: Adjust pointers
[1.698s][info][gc,phases      ] GC(29) Phase 3: Adjust pointers 51.669ms
[1.698s][info][gc,phases,start] GC(29) Phase 4: Move objects
[1.700s][info][gc,phases      ] GC(29) Phase 4: Move objects 2.343ms
[1.701s][info][gc,heap        ] GC(29) DefNew: 99711K(99712K)->10932K(224448K) Eden: 88640K(88640K)->10932K(199552K) From: 11071K(11072K)->0K(24896K)
[1.701s][info][gc,heap        ] GC(29) Tenured: 210430K(221480K)->299179K(498636K)
[1.701s][info][gc,metaspace   ] GC(29) Metaspace: 6298K(6464K)->6298K(6464K) NonClass: 5765K(5824K)->5765K(5824K) Class: 533K(640K)->533K(640K)
[1.701s][info][gc             ] GC(29) Pause Full (Allocation Failure) 302M->302M(706M) 236.045ms
[1.701s][info][gc,cpu         ] GC(29) User=0.22s Sys=0.00s Real=0.24s
[1.914s][info][gc,start       ] GC(30) Pause Young (Allocation Failure)
[2.252s][info][gc,heap        ] GC(30) DefNew: 199552K(224448K)->24895K(224448K) Eden: 199552K(199552K)->0K(199552K) From: 0K(24896K)->24895K(24896K)
[2.252s][info][gc,heap        ] GC(30) Tenured: 299179K(498636K)->473810K(498636K)
[2.252s][info][gc,metaspace   ] GC(30) Metaspace: 6298K(6464K)->6298K(6464K) NonClass: 5765K(5824K)->5765K(5824K) Class: 533K(640K)->533K(640K)
[2.252s][info][gc             ] GC(30) Pause Young (Allocation Failure) 487M->487M(706M) 337.330ms
[2.252s][info][gc,cpu         ] GC(30) User=0.23s Sys=0.06s Real=0.34s
[2.442s][info][gc,start       ] GC(31) Pause Young (Allocation Failure)
[2.819s][info][gc             ] GC(31) Pause Young (Allocation Failure) 681M->681M(876M) 376.496ms
[2.819s][info][gc,cpu         ] GC(31) User=0.31s Sys=0.05s Real=0.38s
[2.819s][info][gc,start       ] GC(32) Pause Full (Allocation Failure)
[2.819s][info][gc,phases,start] GC(32) Phase 1: Mark live objects
[3.128s][info][gc,phases      ] GC(32) Phase 1: Mark live objects 309.201ms
[3.128s][info][gc,phases,start] GC(32) Phase 2: Compute new object addresses
[3.234s][info][gc,phases      ] GC(32) Phase 2: Compute new object addresses 105.707ms
[3.234s][info][gc,phases,start] GC(32) Phase 3: Adjust pointers
[3.350s][info][gc,phases      ] GC(32) Phase 3: Adjust pointers 115.846ms
[3.350s][info][gc,phases,start] GC(32) Phase 4: Move objects
[3.355s][info][gc,phases      ] GC(32) Phase 4: Move objects 5.065ms
[3.357s][info][gc,heap        ] GC(32) DefNew: 224447K(224448K)->24804K(505152K) Eden: 199552K(199552K)->24804K(449088K) From: 24895K(24896K)->0K(56064K)
[3.357s][info][gc,heap        ] GC(32) Tenured: 473810K(498636K)->673423K(1122376K)
[3.357s][info][gc,metaspace   ] GC(32) Metaspace: 6298K(6464K)->6298K(6464K) NonClass: 5765K(5824K)->5765K(5824K) Class: 533K(640K)->533K(640K)
[3.357s][info][gc             ] GC(32) Pause Full (Allocation Failure) 681M->681M(1589M) 538.325ms
[3.357s][info][gc,cpu         ] GC(32) User=0.53s Sys=0.00s Real=0.54s
[3.830s][info][gc,start       ] GC(33) Pause Young (Allocation Failure)
[4.616s][info][gc,heap        ] GC(33) DefNew: 449088K(505152K)->56063K(505152K) Eden: 449088K(449088K)->0K(449088K) From: 0K(56064K)->56063K(56064K)
[4.616s][info][gc,heap        ] GC(33) Tenured: 673423K(1122376K)->1066419K(1122376K)
[4.616s][info][gc,metaspace   ] GC(33) Metaspace: 6298K(6464K)->6298K(6464K) NonClass: 5765K(5824K)->5765K(5824K) Class: 533K(640K)->533K(640K)
[4.616s][info][gc             ] GC(33) Pause Young (Allocation Failure) 1096M->1096M(1589M) 786.562ms
[4.616s][info][gc,cpu         ] GC(33) User=0.64s Sys=0.11s Real=0.79s
[5.106s][info][gc,start       ] GC(34) Pause Young (Allocation Failure)
[5.840s][info][gc             ] GC(34) Pause Young (Allocation Failure) 1534M->1483M(1921M) 733.923ms
[5.840s][info][gc,cpu         ] GC(34) User=0.66s Sys=0.06s Real=0.73s
[5.840s][info][gc,start       ] GC(35) Pause Full (Allocation Failure)
[5.840s][info][gc,phases,start] GC(35) Phase 1: Mark live objects
[6.489s][info][gc,phases      ] GC(35) Phase 1: Mark live objects 649.034ms
[6.489s][info][gc,phases,start] GC(35) Phase 2: Compute new object addresses
[6.713s][info][gc,phases      ] GC(35) Phase 2: Compute new object addresses 223.770ms
[6.713s][info][gc,phases,start] GC(35) Phase 3: Adjust pointers
[6.971s][info][gc,phases      ] GC(35) Phase 3: Adjust pointers 258.784ms
[6.971s][info][gc,phases,start] GC(35) Phase 4: Move objects
[6.982s][info][gc,phases      ] GC(35) Phase 4: Move objects 10.927ms
[6.986s][info][gc,heap        ] GC(35) DefNew: 505151K(505152K)->55946K(1097216K) Eden: 449088K(449088K)->55946K(975360K) From: 56063K(56064K)->0K(121856K)
[6.987s][info][gc,heap        ] GC(35) Tenured: 1066419K(1122376K)->1462859K(2438100K)
[6.987s][info][gc,metaspace   ] GC(35) Metaspace: 6298K(6464K)->6298K(6464K) NonClass: 5765K(5824K)->5765K(5824K) Class: 533K(640K)->533K(640K)
[6.987s][info][gc             ] GC(35) Pause Full (Allocation Failure) 1483M->1483M(3452M) 1146.938ms
[6.987s][info][gc,cpu         ] GC(35) User=1.12s Sys=0.00s Real=1.15s
[7.943s][info][gc,start       ] GC(36) Pause Young (Allocation Failure)
[9.956s][info][gc,heap        ] GC(36) DefNew: 975360K(1097216K)->121856K(1097216K) Eden: 975360K(975360K)->0K(975360K) From: 0K(121856K)->121856K(121856K)
[9.956s][info][gc,heap        ] GC(36) Tenured: 1462859K(2438100K)->2316335K(2438100K)
[9.956s][info][gc,metaspace   ] GC(36) Metaspace: 6298K(6464K)->6298K(6464K) NonClass: 5765K(5824K)->5765K(5824K) Class: 533K(640K)->533K(640K)
[9.956s][info][gc             ] GC(36) Pause Young (Allocation Failure) 2381M->2381M(3452M) 2012.912ms
[9.956s][info][gc,cpu         ] GC(36) User=1.56s Sys=0.25s Real=2.01s
[10.950s][info][gc,start       ] GC(37) Pause Young (Allocation Failure)
[12.641s][info][gc             ] GC(37) Pause Young (Allocation Failure) 3333M->3333M(4286M) 1690.716ms
[12.641s][info][gc,cpu         ] GC(37) User=1.33s Sys=0.34s Real=1.68s
[12.641s][info][gc,start       ] GC(38) Pause Full (Allocation Failure)
[12.641s][info][gc,phases,start] GC(38) Phase 1: Mark live objects
[14.153s][info][gc,phases      ] GC(38) Phase 1: Mark live objects 1512.396ms
[14.153s][info][gc,phases,start] GC(38) Phase 2: Compute new object addresses
[14.652s][info][gc,phases      ] GC(38) Phase 2: Compute new object addresses 498.971ms
[14.652s][info][gc,phases,start] GC(38) Phase 3: Adjust pointers
[15.329s][info][gc,phases      ] GC(38) Phase 3: Adjust pointers 676.366ms
[15.329s][info][gc,phases,start] GC(38) Phase 4: Move objects
[15.970s][info][gc,phases      ] GC(38) Phase 4: Move objects 640.891ms
[15.979s][info][gc,heap        ] GC(38) DefNew: 1097216K(1097216K)->27643K(2468800K) Eden: 975360K(975360K)->27643K(2194496K) From: 121856K(121856K)->0K(274304K)
[15.979s][info][gc,heap        ] GC(38) Tenured: 2316335K(2438100K)->3291671K(5486120K)
[15.979s][info][gc,metaspace   ] GC(38) Metaspace: 6298K(6464K)->6298K(6464K) NonClass: 5765K(5824K)->5765K(5824K) Class: 533K(640K)->533K(640K)
[15.979s][info][gc             ] GC(38) Pause Full (Allocation Failure) 3333M->3241M(7768M) 3338.296ms
[15.979s][info][gc,cpu         ] GC(38) User=3.30s Sys=0.02s Real=3.35s
[18.222s][info][gc,start       ] GC(39) Pause Young (Allocation Failure)
[22.145s][info][gc,heap        ] GC(39) DefNew: 2194496K(2468800K)->274304K(2468800K) Eden: 2194496K(2194496K)->0K(2194496K) From: 0K(274304K)->274304K(274304K)
[22.145s][info][gc,heap        ] GC(39) Tenured: 3291671K(5486120K)->5211833K(5486120K)
[22.145s][info][gc,metaspace   ] GC(39) Metaspace: 6298K(6464K)->6298K(6464K) NonClass: 5765K(5824K)->5765K(5824K) Class: 533K(640K)->533K(640K)
[22.145s][info][gc             ] GC(39) Pause Young (Allocation Failure) 5357M->5357M(7768M) 3922.888ms
[22.145s][info][gc,cpu         ] GC(39) User=3.42s Sys=0.44s Real=3.92s
[24.356s][info][gc,start       ] GC(40) Pause Young (Allocation Failure)
[28.283s][info][gc             ] GC(40) Pause Young (Allocation Failure) 7500M->7500M(9643M) 3926.674ms
[28.283s][info][gc,cpu         ] GC(40) User=3.17s Sys=0.62s Real=3.94s
[28.283s][info][gc,start       ] GC(41) Pause Full (Allocation Failure)
[28.283s][info][gc,phases,start] GC(41) Phase 1: Mark live objects
[32.031s][info][gc,phases      ] GC(41) Phase 1: Mark live objects 3748.120ms
[32.031s][info][gc,phases,start] GC(41) Phase 2: Compute new object addresses
[33.264s][info][gc,phases      ] GC(41) Phase 2: Compute new object addresses 1233.452ms
[33.264s][info][gc,phases,start] GC(41) Phase 3: Adjust pointers
[34.684s][info][gc,phases      ] GC(41) Phase 3: Adjust pointers 1419.158ms
[34.684s][info][gc,phases,start] GC(41) Phase 4: Move objects
[34.747s][info][gc,phases      ] GC(41) Phase 4: Move objects 63.223ms
[34.773s][info][gc,heap        ] GC(41) DefNew: 2468800K(2468800K)->274227K(3594240K) Eden: 2194496K(2194496K)->274227K(3194880K) From: 274304K(274304K)->0K(399360K)
[34.773s][info][gc,heap        ] GC(41) Tenured: 5211833K(5486120K)->7406380K(7987200K)
[34.773s][info][gc,metaspace   ] GC(41) Metaspace: 6298K(6464K)->6298K(6464K) NonClass: 5765K(5824K)->5765K(5824K) Class: 533K(640K)->533K(640K)
[34.773s][info][gc             ] GC(41) Pause Full (Allocation Failure) 7500M->7500M(11310M) 6490.517ms
[34.773s][info][gc,cpu         ] GC(41) User=6.14s Sys=0.00s Real=6.48s
[37.501s][info][gc,start       ] GC(42) Pause Young (Allocation Failure)
[37.502s][info][gc             ] GC(42) Pause Young (Allocation Failure) 10352M->10352M(11310M) 0.127ms
[37.502s][info][gc,cpu         ] GC(42) User=0.00s Sys=0.00s Real=0.00s
[37.502s][info][gc,start       ] GC(43) Pause Full (Allocation Failure)
[37.502s][info][gc,phases,start] GC(43) Phase 1: Mark live objects
[42.246s][info][gc,phases      ] GC(43) Phase 1: Mark live objects 4744.478ms
[42.246s][info][gc,phases,start] GC(43) Phase 2: Compute new object addresses
[43.742s][info][gc,phases      ] GC(43) Phase 2: Compute new object addresses 1495.959ms
[43.742s][info][gc,phases,start] GC(43) Phase 3: Adjust pointers
[45.878s][info][gc,phases      ] GC(43) Phase 3: Adjust pointers 2135.483ms
[45.878s][info][gc,phases,start] GC(43) Phase 4: Move objects
[46.618s][info][gc,phases      ] GC(43) Phase 4: Move objects 739.738ms
[46.618s][info][gc,heap        ] GC(43) DefNew: 3194880K(3594240K)->2614032K(3594240K) Eden: 3194880K(3194880K)->2614032K(3194880K) From: 0K(399360K)->0K(399360K)
[46.618s][info][gc,heap        ] GC(43) Tenured: 7406380K(7987200K)->7987199K(7987200K)
[46.618s][info][gc,metaspace   ] GC(43) Metaspace: 6298K(6464K)->6298K(6464K) NonClass: 5765K(5824K)->5765K(5824K) Class: 533K(640K)->533K(640K)
[46.618s][info][gc             ] GC(43) Pause Full (Allocation Failure) 10352M->10352M(11310M) 9116.757ms
[46.618s][info][gc,cpu         ] GC(43) User=8.84s Sys=0.16s Real=9.12s
[48.401s][info][gc,start       ] GC(44) Pause Full (Allocation Failure)
[48.401s][info][gc,phases,start] GC(44) Phase 1: Mark live objects
[53.788s][info][gc,phases      ] GC(44) Phase 1: Mark live objects 5386.234ms
[53.788s][info][gc,phases,start] GC(44) Phase 2: Compute new object addresses
[55.547s][info][gc,phases      ] GC(44) Phase 2: Compute new object addresses 1758.787ms
[55.547s][info][gc,phases,start] GC(44) Phase 3: Adjust pointers
[57.777s][info][gc,phases      ] GC(44) Phase 3: Adjust pointers 2230.732ms
[57.777s][info][gc,phases,start] GC(44) Phase 4: Move objects
[57.921s][info][gc,phases      ] GC(44) Phase 4: Move objects 143.290ms
[57.922s][info][gc,heap        ] GC(44) DefNew: 3594239K(3594240K)->3594233K(3594240K) Eden: 3194880K(3194880K)->3194879K(3194880K) From: 399359K(399360K)->399353K(399360K)
[57.922s][info][gc,heap        ] GC(44) Tenured: 7987199K(7987200K)->7987199K(7987200K)
[57.922s][info][gc,metaspace   ] GC(44) Metaspace: 6298K(6464K)->6298K(6464K) NonClass: 5765K(5824K)->5765K(5824K) Class: 533K(640K)->533K(640K)
[57.922s][info][gc             ] GC(44) Pause Full (Allocation Failure) 11309M->11309M(11310M) 9520.348ms
[57.922s][info][gc,cpu         ] GC(44) User=9.45s Sys=0.02s Real=9.52s
[57.922s][info][gc,start       ] GC(45) Pause Full (Allocation Failure)
[57.922s][info][gc,phases,start] GC(45) Phase 1: Mark live objects
[63.004s][info][gc,phases      ] GC(45) Phase 1: Mark live objects 5081.796ms
[63.004s][info][gc,phases,start] GC(45) Phase 2: Compute new object addresses
[64.571s][info][gc,phases      ] GC(45) Phase 2: Compute new object addresses 1567.558ms
[64.571s][info][gc,phases,start] GC(45) Phase 3: Adjust pointers
[67.109s][info][gc,phases      ] GC(45) Phase 3: Adjust pointers 2537.788ms
[67.109s][info][gc,phases,start] GC(45) Phase 4: Move objects
[68.729s][info][gc,phases      ] GC(45) Phase 4: Move objects 1619.713ms
[68.730s][info][gc,heap        ] GC(45) DefNew: 3594239K(3594240K)->3463167K(3594240K) Eden: 3194879K(3194880K)->3194879K(3194880K) From: 399359K(399360K)->268287K(399360K)
[68.730s][info][gc,heap        ] GC(45) Tenured: 7987199K(7987200K)->7987199K(7987200K)
[68.730s][info][gc,metaspace   ] GC(45) Metaspace: 6298K(6464K)->6298K(6464K) NonClass: 5765K(5824K)->5765K(5824K) Class: 533K(640K)->533K(640K)
[68.730s][info][gc             ] GC(45) Pause Full (Allocation Failure) 11309M->11181M(11310M) 10807.926ms
[68.730s][info][gc,cpu         ] GC(45) User=10.81s Sys=0.00s Real=10.81s
[69.098s][info][gc,start       ] GC(46) Pause Full (Allocation Failure)
[69.098s][info][gc,phases,start] GC(46) Phase 1: Mark live objects
[74.260s][info][gc,phases      ] GC(46) Phase 1: Mark live objects 5162.134ms
[74.260s][info][gc,phases,start] GC(46) Phase 2: Compute new object addresses
[75.846s][info][gc,phases      ] GC(46) Phase 2: Compute new object addresses 1585.904ms
[75.846s][info][gc,phases,start] GC(46) Phase 3: Adjust pointers
[78.029s][info][gc,phases      ] GC(46) Phase 3: Adjust pointers 2182.573ms
[78.029s][info][gc,phases,start] GC(46) Phase 4: Move objects
[78.029s][info][gc,phases      ] GC(46) Phase 4: Move objects 0.016ms
[78.029s][info][gc,heap        ] GC(46) DefNew: 3594239K(3594240K)->3594239K(3594240K) Eden: 3194879K(3194880K)->3194879K(3194880K) From: 399359K(399360K)->399359K(399360K)
[78.029s][info][gc,heap        ] GC(46) Tenured: 7987199K(7987200K)->7987199K(7987200K)
[78.029s][info][gc,metaspace   ] GC(46) Metaspace: 6298K(6464K)->6298K(6464K) NonClass: 5765K(5824K)->5765K(5824K) Class: 533K(640K)->533K(640K)
[78.029s][info][gc             ] GC(46) Pause Full (Allocation Failure) 11309M->11309M(11310M) 8931.567ms
[78.029s][info][gc,cpu         ] GC(46) User=8.86s Sys=0.00s Real=8.93s
[78.029s][info][gc,start       ] GC(47) Pause Full (Allocation Failure)
[78.029s][info][gc,phases,start] GC(47) Phase 1: Mark live objects
[83.165s][info][gc,phases      ] GC(47) Phase 1: Mark live objects 5135.814ms
[83.165s][info][gc,phases,start] GC(47) Phase 2: Compute new object addresses
[84.748s][info][gc,phases      ] GC(47) Phase 2: Compute new object addresses 1582.721ms
[84.748s][info][gc,phases,start] GC(47) Phase 3: Adjust pointers
[87.368s][info][gc,phases      ] GC(47) Phase 3: Adjust pointers 2619.642ms
[87.368s][info][gc,phases,start] GC(47) Phase 4: Move objects
[89.268s][info][gc,phases      ] GC(47) Phase 4: Move objects 1899.850ms
[89.268s][info][gc,heap        ] GC(47) DefNew: 3594239K(3594240K)->3594235K(3594240K) Eden: 3194879K(3194880K)->3194879K(3194880K) From: 399359K(399360K)->399355K(399360K)
[89.268s][info][gc,heap        ] GC(47) Tenured: 7987199K(7987200K)->7987199K(7987200K)
[89.268s][info][gc,metaspace   ] GC(47) Metaspace: 6298K(6464K)->6296K(6464K) NonClass: 5765K(5824K)->5764K(5824K) Class: 533K(640K)->532K(640K)
[89.268s][info][gc             ] GC(47) Pause Full (Allocation Failure) 11309M->11309M(11310M) 11239.033ms
[89.268s][info][gc,cpu         ] GC(47) User=11.23s Sys=0.00s Real=11.24s
[89.269s][info][gc,start       ] GC(48) Pause Full (Allocation Failure)
[89.269s][info][gc,phases,start] GC(48) Phase 1: Mark live objects
[94.418s][info][gc,phases      ] GC(48) Phase 1: Mark live objects 5148.925ms
[94.418s][info][gc,phases,start] GC(48) Phase 2: Compute new object addresses
[96.012s][info][gc,phases      ] GC(48) Phase 2: Compute new object addresses 1593.542ms
[96.012s][info][gc,phases,start] GC(48) Phase 3: Adjust pointers
[98.195s][info][gc,phases      ] GC(48) Phase 3: Adjust pointers 2183.512ms
[98.195s][info][gc,phases,start] GC(48) Phase 4: Move objects
[98.195s][info][gc,phases      ] GC(48) Phase 4: Move objects 0.018ms
[98.196s][info][gc,heap        ] GC(48) DefNew: 3594239K(3594240K)->3594239K(3594240K) Eden: 3194879K(3194880K)->3194879K(3194880K) From: 399359K(399360K)->399359K(399360K)
[98.196s][info][gc,heap        ] GC(48) Tenured: 7987199K(7987200K)->7987199K(7987200K)
[98.196s][info][gc,metaspace   ] GC(48) Metaspace: 6296K(6464K)->6296K(6464K) NonClass: 5764K(5824K)->5764K(5824K) Class: 532K(640K)->532K(640K)
[98.196s][info][gc             ] GC(48) Pause Full (Allocation Failure) 11309M->11309M(11310M) 8926.902ms
[98.196s][info][gc,cpu         ] GC(48) User=8.94s Sys=0.00s Real=8.93s
[98.196s][info][gc,start       ] GC(49) Pause Full (Allocation Failure)
[98.196s][info][gc,phases,start] GC(49) Phase 1: Mark live objects
[103.354s][info][gc,phases      ] GC(49) Phase 1: Mark live objects 5158.008ms
[103.354s][info][gc,phases,start] GC(49) Phase 2: Compute new object addresses
[104.936s][info][gc,phases      ] GC(49) Phase 2: Compute new object addresses 1581.737ms
[104.936s][info][gc,phases,start] GC(49) Phase 3: Adjust pointers
[107.110s][info][gc,phases      ] GC(49) Phase 3: Adjust pointers 2174.078ms
[107.110s][info][gc,phases,start] GC(49) Phase 4: Move objects
[107.110s][info][gc,phases      ] GC(49) Phase 4: Move objects 0.016ms
[107.111s][info][gc,heap        ] GC(49) DefNew: 3594239K(3594240K)->3594239K(3594240K) Eden: 3194879K(3194880K)->3194879K(3194880K) From: 399359K(399360K)->399359K(399360K)
[107.111s][info][gc,heap        ] GC(49) Tenured: 7987199K(7987200K)->7987199K(7987200K)
[107.111s][info][gc,metaspace   ] GC(49) Metaspace: 6296K(6464K)->6296K(6464K) NonClass: 5764K(5824K)->5764K(5824K) Class: 532K(640K)->532K(640K)
[107.111s][info][gc             ] GC(49) Pause Full (Allocation Failure) 11309M->11309M(11310M) 8914.708ms
[107.111s][info][gc,cpu         ] GC(49) User=8.86s Sys=0.00s Real=8.91s
[107.111s][info][gc,start       ] GC(50) Pause Full (Allocation Failure)
[107.111s][info][gc,phases,start] GC(50) Phase 1: Mark live objects
[112.253s][info][gc,phases      ] GC(50) Phase 1: Mark live objects 5141.568ms
[112.253s][info][gc,phases,start] GC(50) Phase 2: Compute new object addresses
[113.837s][info][gc,phases      ] GC(50) Phase 2: Compute new object addresses 1584.469ms
[113.837s][info][gc,phases,start] GC(50) Phase 3: Adjust pointers
[116.042s][info][gc,phases      ] GC(50) Phase 3: Adjust pointers 2204.191ms
[116.042s][info][gc,phases,start] GC(50) Phase 4: Move objects
[116.042s][info][gc,phases      ] GC(50) Phase 4: Move objects 0.017ms
[116.042s][info][gc,heap        ] GC(50) DefNew: 3594240K(3594240K)->3594239K(3594240K) Eden: 3194880K(3194880K)->3194880K(3194880K) From: 399360K(399360K)->399359K(399360K)
[116.042s][info][gc,heap        ] GC(50) Tenured: 7987200K(7987200K)->7987200K(7987200K)
[116.042s][info][gc,metaspace   ] GC(50) Metaspace: 6296K(6464K)->6296K(6464K) NonClass: 5764K(5824K)->5764K(5824K) Class: 532K(640K)->532K(640K)
[116.042s][info][gc             ] GC(50) Pause Full (Allocation Failure) 11310M->11309M(11310M) 8931.118ms
[116.042s][info][gc,cpu         ] GC(50) User=8.92s Sys=0.00s Real=8.93s
[116.043s][info][gc,start       ] GC(51) Pause Full (Allocation Failure)
[116.043s][info][gc,phases,start] GC(51) Phase 1: Mark live objects
[121.201s][info][gc,phases      ] GC(51) Phase 1: Mark live objects 5158.250ms
[121.201s][info][gc,phases,start] GC(51) Phase 2: Compute new object addresses
[122.784s][info][gc,phases      ] GC(51) Phase 2: Compute new object addresses 1582.398ms
[122.784s][info][gc,phases,start] GC(51) Phase 3: Adjust pointers
[124.953s][info][gc,phases      ] GC(51) Phase 3: Adjust pointers 2169.107ms
[124.953s][info][gc,phases,start] GC(51) Phase 4: Move objects
[124.953s][info][gc,phases      ] GC(51) Phase 4: Move objects 0.015ms
[124.953s][info][gc,heap        ] GC(51) DefNew: 3594240K(3594240K)->3594240K(3594240K) Eden: 3194880K(3194880K)->3194880K(3194880K) From: 399360K(399360K)->399360K(399360K)
[124.953s][info][gc,heap        ] GC(51) Tenured: 7987200K(7987200K)->7987200K(7987200K)
[124.953s][info][gc,metaspace   ] GC(51) Metaspace: 6296K(6464K)->6296K(6464K) NonClass: 5764K(5824K)->5764K(5824K) Class: 532K(640K)->532K(640K)
[124.953s][info][gc             ] GC(51) Pause Full (Allocation Failure) 11310M->11310M(11310M) 8910.699ms
[124.953s][info][gc,cpu         ] GC(51) User=8.89s Sys=0.00s Real=8.91s
[124.953s][info][gc,start       ] GC(52) Pause Full (Allocation Failure)
[124.954s][info][gc,phases,start] GC(52) Phase 1: Mark live objects
[130.088s][info][gc,phases      ] GC(52) Phase 1: Mark live objects 5134.148ms
[130.088s][info][gc,phases,start] GC(52) Phase 2: Compute new object addresses
[131.672s][info][gc,phases      ] GC(52) Phase 2: Compute new object addresses 1584.589ms
[131.672s][info][gc,phases,start] GC(52) Phase 3: Adjust pointers
[134.431s][info][gc,phases      ] GC(52) Phase 3: Adjust pointers 2758.733ms
[134.431s][info][gc,phases,start] GC(52) Phase 4: Move objects
[136.449s][info][gc,phases      ] GC(52) Phase 4: Move objects 2017.481ms
[136.450s][info][gc,heap        ] GC(52) DefNew: 3594240K(3594240K)->3594238K(3594240K) Eden: 3194880K(3194880K)->3194880K(3194880K) From: 399360K(399360K)->399358K(399360K)
[136.450s][info][gc,heap        ] GC(52) Tenured: 7987200K(7987200K)->7987199K(7987200K)
[136.450s][info][gc,metaspace   ] GC(52) Metaspace: 6296K(6464K)->6296K(6464K) NonClass: 5764K(5824K)->5764K(5824K) Class: 532K(640K)->532K(640K)
[136.450s][info][gc             ] GC(52) Pause Full (Allocation Failure) 11310M->11309M(11310M) 11496.125ms
[136.450s][info][gc,cpu         ] GC(52) User=11.31s Sys=0.00s Real=11.50s
[136.451s][info][gc,start       ] GC(53) Pause Full (Allocation Failure)
[136.451s][info][gc,phases,start] GC(53) Phase 1: Mark live objects
[141.729s][info][gc,phases      ] GC(53) Phase 1: Mark live objects 5278.034ms
[141.729s][info][gc,phases,start] GC(53) Phase 2: Compute new object addresses
[143.340s][info][gc,phases      ] GC(53) Phase 2: Compute new object addresses 1611.548ms
[143.340s][info][gc,phases,start] GC(53) Phase 3: Adjust pointers
[145.971s][info][gc,phases      ] GC(53) Phase 3: Adjust pointers 2630.525ms
[145.971s][info][gc,phases,start] GC(53) Phase 4: Move objects
[147.896s][info][gc,phases      ] GC(53) Phase 4: Move objects 1924.878ms
[147.896s][info][gc,heap        ] GC(53) DefNew: 3594239K(3594240K)->3594236K(3594240K) Eden: 3194880K(3194880K)->3194880K(3194880K) From: 399359K(399360K)->399356K(399360K)
[147.896s][info][gc,heap        ] GC(53) Tenured: 7987199K(7987200K)->7987199K(7987200K)
[147.897s][info][gc,metaspace   ] GC(53) Metaspace: 6298K(6464K)->6298K(6464K) NonClass: 5764K(5824K)->5764K(5824K) Class: 533K(640K)->533K(640K)
[147.897s][info][gc             ] GC(53) Pause Full (Allocation Failure) 11309M->11309M(11310M) 11446.033ms
[147.897s][info][gc,cpu         ] GC(53) User=11.23s Sys=0.00s Real=11.45s
[147.897s][info][gc,heap,exit   ] Heap
[147.897s][info][gc,heap,exit   ]  def new generation   total 3594240K, used 3594237K [0x0000000524c00000, 0x0000000618800000, 0x0000000618800000)
[147.897s][info][gc,heap,exit   ]   eden space 3194880K, 100% used [0x0000000524c00000, 0x00000005e7c00000, 0x00000005e7c00000)
[147.897s][info][gc,heap,exit   ]   from space 399360K,  99% used [0x00000005e7c00000, 0x00000006001ff580, 0x0000000600200000)
[147.897s][info][gc,heap,exit   ]   to   space 399360K,   0% used [0x0000000600200000, 0x0000000600200000, 0x0000000618800000)
[147.897s][info][gc,heap,exit   ]  tenured generation   total 7987200K, used 7987199K [0x0000000618800000, 0x0000000800000000, 0x0000000800000000)
[147.897s][info][gc,heap,exit   ]    the space 7987200K,  99% used [0x0000000618800000, 0x00000007fffffff0, 0x0000000800000000, 0x0000000800000000)
[147.897s][info][gc,heap,exit   ]  Metaspace       used 6301K, committed 6464K, reserved 1114112K
[147.897s][info][gc,heap,exit   ]   class space    used 534K, committed 640K, reserved 1048576K
