[0.013s][info][gc,init] CardTable entry size: 512
[0.013s][info][gc     ] Using Serial
[0.013s][info][gc,init] Version: 18.0.1+10 (release)
[0.013s][info][gc,init] CPUs: 8 total, 8 available
[0.013s][info][gc,init] Memory: 16063M
[0.013s][info][gc,init] Large Page Support: Disabled
[0.013s][info][gc,init] NUMA Support: Disabled
[0.013s][info][gc,init] Compressed Oops: Enabled (Zero based)
[0.014s][info][gc,init] Heap Min Capacity: 2M
[0.014s][info][gc,init] Heap Initial Capacity: 2M
[0.014s][info][gc,init] Heap Max Capacity: 3500M
[0.014s][info][gc,init] Pre-touch: Disabled
[0.014s][info][gc,metaspace] CDS archive(s) not mapped
[0.014s][info][gc,metaspace] Compressed class space mapped at: 0x0000000800000000-0x0000000840000000, reserved size: 1073741824
[0.014s][info][gc,metaspace] Narrow klass base: 0x0000000800000000, Narrow klass shift: 0, Narrow klass range: 0x40000000
[0.196s][info][gc,start    ] GC(0) Pause Young (Allocation Failure)
[0.197s][info][gc,heap     ] GC(0) DefNew: 1023K(1152K)->127K(1152K) Eden: 1023K(1024K)->0K(1024K) From: 0K(128K)->127K(128K)
[0.197s][info][gc,heap     ] GC(0) Tenured: 0K(768K)->440K(768K)
[0.198s][info][gc,metaspace] GC(0) Metaspace: 5902K(6016K)->5902K(6016K) NonClass: 5403K(5504K)->5403K(5504K) Class: 499K(512K)->499K(512K)
[0.198s][info][gc          ] GC(0) Pause Young (Allocation Failure) 0M->0M(1M) 1.610ms
[0.198s][info][gc,cpu      ] GC(0) User=0.00s Sys=0.00s Real=0.00s
[0.216s][info][gc,start    ] GC(1) Pause Young (Allocation Failure)
[0.218s][info][gc          ] GC(1) Pause Young (Allocation Failure) 1M->0M(2M) 1.288ms
[0.218s][info][gc,cpu      ] GC(1) User=0.00s Sys=0.00s Real=0.00s
[0.218s][info][gc,start    ] GC(2) Pause Full (Allocation Failure)
[0.218s][info][gc,phases,start] GC(2) Phase 1: Mark live objects
[0.219s][info][gc,phases      ] GC(2) Phase 1: Mark live objects 0.948ms
[0.219s][info][gc,phases,start] GC(2) Phase 2: Compute new object addresses
[0.219s][info][gc,phases      ] GC(2) Phase 2: Compute new object addresses 0.234ms
[0.219s][info][gc,phases,start] GC(2) Phase 3: Adjust pointers
[0.220s][info][gc,phases      ] GC(2) Phase 3: Adjust pointers 0.484ms
[0.220s][info][gc,phases,start] GC(2) Phase 4: Move objects
[0.220s][info][gc,phases      ] GC(2) Phase 4: Move objects 0.067ms
[0.220s][info][gc,heap        ] GC(2) DefNew: 1151K(1152K)->40K(1152K) Eden: 1024K(1024K)->40K(1024K) From: 127K(128K)->0K(128K)
[0.220s][info][gc,heap        ] GC(2) Tenured: 440K(768K)->959K(1600K)
[0.220s][info][gc,metaspace   ] GC(2) Metaspace: 6300K(6528K)->6300K(6528K) NonClass: 5767K(5888K)->5767K(5888K) Class: 533K(640K)->533K(640K)
[0.220s][info][gc             ] GC(2) Pause Full (Allocation Failure) 0M->0M(2M) 2.001ms
[0.220s][info][gc,cpu         ] GC(2) User=0.00s Sys=0.00s Real=0.00s
[0.221s][info][gc,start       ] GC(3) Pause Young (Allocation Failure)
[0.222s][info][gc,heap        ] GC(3) DefNew: 1024K(1152K)->127K(1152K) Eden: 1024K(1024K)->0K(1024K) From: 0K(128K)->127K(128K)
[0.223s][info][gc,heap        ] GC(3) Tenured: 959K(1600K)->1375K(1600K)
[0.223s][info][gc,metaspace   ] GC(3) Metaspace: 6300K(6528K)->6300K(6528K) NonClass: 5767K(5888K)->5767K(5888K) Class: 533K(640K)->533K(640K)
[0.223s][info][gc             ] GC(3) Pause Young (Allocation Failure) 1M->1M(2M) 1.431ms
[0.223s][info][gc,cpu         ] GC(3) User=0.00s Sys=0.00s Real=0.00s
[0.224s][info][gc,start       ] GC(4) Pause Young (Allocation Failure)
[0.225s][info][gc             ] GC(4) Pause Young (Allocation Failure) 2M->1M(3M) 1.342ms
[0.225s][info][gc,cpu         ] GC(4) User=0.00s Sys=0.00s Real=0.00s
[0.225s][info][gc,start       ] GC(5) Pause Full (Allocation Failure)
[0.225s][info][gc,phases,start] GC(5) Phase 1: Mark live objects
[0.227s][info][gc,phases      ] GC(5) Phase 1: Mark live objects 1.452ms
[0.227s][info][gc,phases,start] GC(5) Phase 2: Compute new object addresses
[0.227s][info][gc,phases      ] GC(5) Phase 2: Compute new object addresses 0.402ms
[0.227s][info][gc,phases,start] GC(5) Phase 3: Adjust pointers
[0.228s][info][gc,phases      ] GC(5) Phase 3: Adjust pointers 0.658ms
[0.228s][info][gc,phases,start] GC(5) Phase 4: Move objects
[0.228s][info][gc,phases      ] GC(5) Phase 4: Move objects 0.074ms
[0.228s][info][gc,heap        ] GC(5) DefNew: 1151K(1152K)->34K(1536K) Eden: 1024K(1024K)->34K(1408K) From: 127K(128K)->0K(128K)
[0.228s][info][gc,heap        ] GC(5) Tenured: 1375K(1600K)->1983K(3308K)
[0.228s][info][gc,metaspace   ] GC(5) Metaspace: 6300K(6528K)->6300K(6528K) NonClass: 5767K(5888K)->5767K(5888K) Class: 533K(640K)->533K(640K)
[0.228s][info][gc             ] GC(5) Pause Full (Allocation Failure) 1M->1M(4M) 2.923ms
[0.228s][info][gc,cpu         ] GC(5) User=0.00s Sys=0.00s Real=0.00s
[0.230s][info][gc,start       ] GC(6) Pause Young (Allocation Failure)
[0.231s][info][gc,heap        ] GC(6) DefNew: 1408K(1536K)->128K(1536K) Eden: 1408K(1408K)->0K(1408K) From: 0K(128K)->128K(128K)
[0.232s][info][gc,heap        ] GC(6) Tenured: 1983K(3308K)->2617K(3308K)
[0.232s][info][gc,metaspace   ] GC(6) Metaspace: 6300K(6528K)->6300K(6528K) NonClass: 5767K(5888K)->5767K(5888K) Class: 533K(640K)->533K(640K)
[0.232s][info][gc             ] GC(6) Pause Young (Allocation Failure) 3M->2M(4M) 1.688ms
[0.232s][info][gc,cpu         ] GC(6) User=0.00s Sys=0.00s Real=0.00s
[0.233s][info][gc,start       ] GC(7) Pause Young (Allocation Failure)
[0.235s][info][gc             ] GC(7) Pause Young (Allocation Failure) 4M->3M(4M) 1.463ms
[0.235s][info][gc,cpu         ] GC(7) User=0.00s Sys=0.00s Real=0.00s
[0.235s][info][gc,start       ] GC(8) Pause Full (Allocation Failure)
[0.235s][info][gc,phases,start] GC(8) Phase 1: Mark live objects
[0.237s][info][gc,phases      ] GC(8) Phase 1: Mark live objects 2.094ms
[0.237s][info][gc,phases,start] GC(8) Phase 2: Compute new object addresses
[0.238s][info][gc,phases      ] GC(8) Phase 2: Compute new object addresses 0.606ms
[0.238s][info][gc,phases,start] GC(8) Phase 3: Adjust pointers
[0.239s][info][gc,phases      ] GC(8) Phase 3: Adjust pointers 0.933ms
[0.239s][info][gc,phases,start] GC(8) Phase 4: Move objects
[0.239s][info][gc,phases      ] GC(8) Phase 4: Move objects 0.077ms
[0.239s][info][gc,heap        ] GC(8) DefNew: 1536K(1536K)->0K(2688K) Eden: 1408K(1408K)->0K(2432K) From: 128K(128K)->0K(256K)
[0.239s][info][gc,heap        ] GC(8) Tenured: 2617K(3308K)->3460K(5768K)
[0.239s][info][gc,metaspace   ] GC(8) Metaspace: 6300K(6528K)->6300K(6528K) NonClass: 5767K(5888K)->5767K(5888K) Class: 533K(640K)->533K(640K)
[0.239s][info][gc             ] GC(8) Pause Full (Allocation Failure) 3M->3M(8M) 4.002ms
[0.239s][info][gc,cpu         ] GC(8) User=0.00s Sys=0.00s Real=0.00s
[0.244s][info][gc,start       ] GC(9) Pause Young (Allocation Failure)
[0.246s][info][gc,heap        ] GC(9) DefNew: 2431K(2688K)->255K(2688K) Eden: 2431K(2432K)->0K(2432K) From: 0K(256K)->255K(256K)
[0.246s][info][gc,heap        ] GC(9) Tenured: 3460K(5768K)->4512K(5768K)
[0.246s][info][gc,metaspace   ] GC(9) Metaspace: 6300K(6528K)->6300K(6528K) NonClass: 5767K(5888K)->5767K(5888K) Class: 533K(640K)->533K(640K)
[0.246s][info][gc             ] GC(9) Pause Young (Allocation Failure) 5M->4M(8M) 2.385ms
[0.246s][info][gc,cpu         ] GC(9) User=0.00s Sys=0.00s Real=0.00s
[0.249s][info][gc,start       ] GC(10) Pause Young (Allocation Failure)
[0.252s][info][gc,heap        ] GC(10) DefNew: 2687K(2688K)->256K(2688K) Eden: 2432K(2432K)->0K(2432K) From: 255K(256K)->256K(256K)
[0.252s][info][gc,heap        ] GC(10) Tenured: 4512K(5768K)->5755K(5768K)
[0.252s][info][gc,metaspace   ] GC(10) Metaspace: 6300K(6528K)->6300K(6528K) NonClass: 5767K(5888K)->5767K(5888K) Class: 533K(640K)->533K(640K)
[0.252s][info][gc             ] GC(10) Pause Young (Allocation Failure) 7M->5M(8M) 3.292ms
[0.252s][info][gc,cpu         ] GC(10) User=0.00s Sys=0.00s Real=0.00s
[0.255s][info][gc,start       ] GC(11) Pause Young (Allocation Failure)
[0.259s][info][gc             ] GC(11) Pause Young (Allocation Failure) 8M->7M(9M) 3.945ms
[0.259s][info][gc,cpu         ] GC(11) User=0.00s Sys=0.00s Real=0.00s
[0.259s][info][gc,start       ] GC(12) Pause Full (Allocation Failure)
[0.259s][info][gc,phases,start] GC(12) Phase 1: Mark live objects
[0.264s][info][gc,phases      ] GC(12) Phase 1: Mark live objects 4.218ms
[0.264s][info][gc,phases,start] GC(12) Phase 2: Compute new object addresses
[0.265s][info][gc,phases      ] GC(12) Phase 2: Compute new object addresses 1.363ms
[0.265s][info][gc,phases,start] GC(12) Phase 3: Adjust pointers
[0.267s][info][gc,phases      ] GC(12) Phase 3: Adjust pointers 1.784ms
[0.267s][info][gc,phases,start] GC(12) Phase 4: Move objects
[0.268s][info][gc,phases      ] GC(12) Phase 4: Move objects 1.303ms
[0.268s][info][gc,heap        ] GC(12) DefNew: 2688K(2688K)->0K(5376K) Eden: 2432K(2432K)->0K(4800K) From: 256K(256K)->0K(576K)
[0.269s][info][gc,heap        ] GC(12) Tenured: 5755K(5768K)->7132K(11888K)
[0.269s][info][gc,metaspace   ] GC(12) Metaspace: 6300K(6528K)->6300K(6528K) NonClass: 5767K(5888K)->5767K(5888K) Class: 533K(640K)->533K(640K)
[0.269s][info][gc             ] GC(12) Pause Full (Allocation Failure) 7M->6M(16M) 9.224ms
[0.269s][info][gc,cpu         ] GC(12) User=0.00s Sys=0.00s Real=0.01s
[0.275s][info][gc,start       ] GC(13) Pause Young (Allocation Failure)
[0.282s][info][gc,heap        ] GC(13) DefNew: 4800K(5376K)->575K(5376K) Eden: 4800K(4800K)->0K(4800K) From: 0K(576K)->575K(576K)
[0.282s][info][gc,heap        ] GC(13) Tenured: 7132K(11888K)->9027K(11888K)
[0.282s][info][gc,metaspace   ] GC(13) Metaspace: 6300K(6528K)->6300K(6528K) NonClass: 5767K(5888K)->5767K(5888K) Class: 533K(640K)->533K(640K)
[0.282s][info][gc             ] GC(13) Pause Young (Allocation Failure) 11M->9M(16M) 6.903ms
[0.282s][info][gc,cpu         ] GC(13) User=0.00s Sys=0.00s Real=0.01s
[0.288s][info][gc,start       ] GC(14) Pause Young (Allocation Failure)
[0.295s][info][gc,heap        ] GC(14) DefNew: 5375K(5376K)->576K(5376K) Eden: 4800K(4800K)->0K(4800K) From: 575K(576K)->576K(576K)
[0.295s][info][gc,heap        ] GC(14) Tenured: 9027K(11888K)->11747K(11888K)
[0.295s][info][gc,metaspace   ] GC(14) Metaspace: 6300K(6528K)->6300K(6528K) NonClass: 5767K(5888K)->5767K(5888K) Class: 533K(640K)->533K(640K)
[0.295s][info][gc             ] GC(14) Pause Young (Allocation Failure) 14M->12M(16M) 7.073ms
[0.295s][info][gc,cpu         ] GC(14) User=0.00s Sys=0.00s Real=0.01s
[0.299s][info][gc,start       ] GC(15) Pause Young (Allocation Failure)
[0.306s][info][gc             ] GC(15) Pause Young (Allocation Failure) 16M->14M(19M) 6.410ms
[0.306s][info][gc,cpu         ] GC(15) User=0.00s Sys=0.00s Real=0.01s
[0.306s][info][gc,start       ] GC(16) Pause Full (Allocation Failure)
[0.306s][info][gc,phases,start] GC(16) Phase 1: Mark live objects
[0.315s][info][gc,phases      ] GC(16) Phase 1: Mark live objects 9.028ms
[0.315s][info][gc,phases,start] GC(16) Phase 2: Compute new object addresses
[0.318s][info][gc,phases      ] GC(16) Phase 2: Compute new object addresses 2.799ms
[0.318s][info][gc,phases,start] GC(16) Phase 3: Adjust pointers
[0.321s][info][gc,phases      ] GC(16) Phase 3: Adjust pointers 3.516ms
[0.321s][info][gc,phases,start] GC(16) Phase 4: Move objects
[0.321s][info][gc,phases      ] GC(16) Phase 4: Move objects 0.202ms
[0.322s][info][gc,heap        ] GC(16) DefNew: 5376K(5376K)->387K(10880K) Eden: 4800K(4800K)->387K(9728K) From: 576K(576K)->0K(1152K)
[0.322s][info][gc,heap        ] GC(16) Tenured: 11747K(11888K)->14383K(23976K)
[0.322s][info][gc,metaspace   ] GC(16) Metaspace: 6302K(6528K)->6302K(6528K) NonClass: 5769K(5888K)->5769K(5888K) Class: 533K(640K)->533K(640K)
[0.322s][info][gc             ] GC(16) Pause Full (Allocation Failure) 14M->14M(34M) 15.955ms
[0.322s][info][gc,cpu         ] GC(16) User=0.02s Sys=0.00s Real=0.02s
[0.329s][info][gc,start       ] GC(17) Pause Young (Allocation Failure)
[0.344s][info][gc,heap        ] GC(17) DefNew: 9728K(10880K)->1152K(10880K) Eden: 9728K(9728K)->0K(9728K) From: 0K(1152K)->1152K(1152K)
[0.344s][info][gc,heap        ] GC(17) Tenured: 14383K(23976K)->18415K(23976K)
[0.344s][info][gc,metaspace   ] GC(17) Metaspace: 6302K(6528K)->6302K(6528K) NonClass: 5769K(5888K)->5769K(5888K) Class: 533K(640K)->533K(640K)
[0.344s][info][gc             ] GC(17) Pause Young (Allocation Failure) 23M->19M(34M) 15.247ms
[0.344s][info][gc,cpu         ] GC(17) User=0.00s Sys=0.00s Real=0.01s
[0.351s][info][gc,start       ] GC(18) Pause Young (Allocation Failure)
[0.368s][info][gc,heap        ] GC(18) DefNew: 10880K(10880K)->1151K(10880K) Eden: 9728K(9728K)->0K(9728K) From: 1152K(1152K)->1151K(1152K)
[0.368s][info][gc,heap        ] GC(18) Tenured: 18415K(23976K)->23936K(23976K)
[0.368s][info][gc,metaspace   ] GC(18) Metaspace: 6302K(6528K)->6302K(6528K) NonClass: 5769K(5888K)->5769K(5888K) Class: 533K(640K)->533K(640K)
[0.368s][info][gc             ] GC(18) Pause Young (Allocation Failure) 28M->24M(34M) 16.573ms
[0.368s][info][gc,cpu         ] GC(18) User=0.02s Sys=0.00s Real=0.02s
[0.373s][info][gc,start       ] GC(19) Pause Young (Allocation Failure)
[0.385s][info][gc             ] GC(19) Pause Young (Allocation Failure) 34M->29M(38M) 11.699ms
[0.385s][info][gc,cpu         ] GC(19) User=0.00s Sys=0.00s Real=0.01s
[0.385s][info][gc,start       ] GC(20) Pause Full (Allocation Failure)
[0.385s][info][gc,phases,start] GC(20) Phase 1: Mark live objects
[0.400s][info][gc,phases      ] GC(20) Phase 1: Mark live objects 15.248ms
[0.400s][info][gc,phases,start] GC(20) Phase 2: Compute new object addresses
[0.405s][info][gc,phases      ] GC(20) Phase 2: Compute new object addresses 5.317ms
[0.405s][info][gc,phases,start] GC(20) Phase 3: Adjust pointers
[0.412s][info][gc,phases      ] GC(20) Phase 3: Adjust pointers 6.364ms
[0.412s][info][gc,phases,start] GC(20) Phase 4: Move objects
[0.412s][info][gc,phases      ] GC(20) Phase 4: Move objects 0.179ms
[0.412s][info][gc,heap        ] GC(20) DefNew: 10879K(10880K)->1080K(21888K) Eden: 9728K(9728K)->1080K(19520K) From: 1151K(1152K)->0K(2368K)
[0.412s][info][gc,heap        ] GC(20) Tenured: 23936K(23976K)->29035K(48396K)
[0.412s][info][gc,metaspace   ] GC(20) Metaspace: 6302K(6528K)->6302K(6528K) NonClass: 5769K(5888K)->5769K(5888K) Class: 533K(640K)->533K(640K)
[0.412s][info][gc             ] GC(20) Pause Full (Allocation Failure) 29M->29M(68M) 27.518ms
[0.412s][info][gc,cpu         ] GC(20) User=0.03s Sys=0.00s Real=0.03s
[0.427s][info][gc,start       ] GC(21) Pause Young (Allocation Failure)
[0.456s][info][gc,heap        ] GC(21) DefNew: 19520K(21888K)->2367K(21888K) Eden: 19520K(19520K)->0K(19520K) From: 0K(2368K)->2367K(2368K)
[0.456s][info][gc,heap        ] GC(21) Tenured: 29035K(48396K)->39344K(48396K)
[0.457s][info][gc,metaspace   ] GC(21) Metaspace: 6302K(6528K)->6302K(6528K) NonClass: 5769K(5888K)->5769K(5888K) Class: 533K(640K)->533K(640K)
[0.457s][info][gc             ] GC(21) Pause Young (Allocation Failure) 47M->40M(68M) 29.863ms
[0.457s][info][gc,cpu         ] GC(21) User=0.02s Sys=0.00s Real=0.03s
[0.475s][info][gc,start       ] GC(22) Pause Young (Allocation Failure)
[0.511s][info][gc             ] GC(22) Pause Young (Allocation Failure) 59M->59M(78M) 36.219ms
[0.511s][info][gc,cpu         ] GC(22) User=0.03s Sys=0.00s Real=0.04s
[0.511s][info][gc,start       ] GC(23) Pause Full (Allocation Failure)
[0.511s][info][gc,phases,start] GC(23) Phase 1: Mark live objects
[0.538s][info][gc,phases      ] GC(23) Phase 1: Mark live objects 26.214ms
[0.538s][info][gc,phases,start] GC(23) Phase 2: Compute new object addresses
[0.548s][info][gc,phases      ] GC(23) Phase 2: Compute new object addresses 9.988ms
[0.548s][info][gc,phases,start] GC(23) Phase 3: Adjust pointers
[0.560s][info][gc,phases      ] GC(23) Phase 3: Adjust pointers 11.683ms
[0.560s][info][gc,phases,start] GC(23) Phase 4: Move objects
[0.560s][info][gc,phases      ] GC(23) Phase 4: Move objects 0.428ms
[0.560s][info][gc,heap        ] GC(23) DefNew: 21887K(21888K)->2244K(44288K) Eden: 19520K(19520K)->2244K(39424K) From: 2367K(2368K)->0K(4864K)
[0.560s][info][gc,heap        ] GC(23) Tenured: 39344K(48396K)->58955K(98260K)
[0.560s][info][gc,metaspace   ] GC(23) Metaspace: 6302K(6528K)->6302K(6528K) NonClass: 5769K(5888K)->5769K(5888K) Class: 533K(640K)->533K(640K)
[0.560s][info][gc             ] GC(23) Pause Full (Allocation Failure) 59M->59M(139M) 49.031ms
[0.561s][info][gc,cpu         ] GC(23) User=0.03s Sys=0.00s Real=0.05s
[0.603s][info][gc,start       ] GC(24) Pause Young (Allocation Failure)
[0.666s][info][gc,heap        ] GC(24) DefNew: 39424K(44288K)->4863K(44288K) Eden: 39424K(39424K)->0K(39424K) From: 0K(4864K)->4863K(4864K)
[0.666s][info][gc,heap        ] GC(24) Tenured: 58955K(98260K)->93487K(98260K)
[0.666s][info][gc,metaspace   ] GC(24) Metaspace: 6302K(6528K)->6302K(6528K) NonClass: 5769K(5888K)->5769K(5888K) Class: 533K(640K)->533K(640K)
[0.666s][info][gc             ] GC(24) Pause Young (Allocation Failure) 96M->96M(139M) 63.940ms
[0.666s][info][gc,cpu         ] GC(24) User=0.05s Sys=0.00s Real=0.06s
[0.703s][info][gc,start       ] GC(25) Pause Young (Allocation Failure)
[0.772s][info][gc             ] GC(25) Pause Young (Allocation Failure) 134M->134M(173M) 68.973ms
[0.772s][info][gc,cpu         ] GC(25) User=0.06s Sys=0.00s Real=0.07s
[0.772s][info][gc,start       ] GC(26) Pause Full (Allocation Failure)
[0.772s][info][gc,phases,start] GC(26) Phase 1: Mark live objects
[0.828s][info][gc,phases      ] GC(26) Phase 1: Mark live objects 55.934ms
[0.828s][info][gc,phases,start] GC(26) Phase 2: Compute new object addresses
[0.852s][info][gc,phases      ] GC(26) Phase 2: Compute new object addresses 23.671ms
[0.852s][info][gc,phases,start] GC(26) Phase 3: Adjust pointers
[0.881s][info][gc,phases      ] GC(26) Phase 3: Adjust pointers 29.235ms
[0.881s][info][gc,phases,start] GC(26) Phase 4: Move objects
[0.906s][info][gc,phases      ] GC(26) Phase 4: Move objects 25.376ms
[0.907s][info][gc,heap        ] GC(26) DefNew: 44287K(44288K)->1011K(99712K) Eden: 39424K(39424K)->1011K(88640K) From: 4863K(4864K)->0K(11072K)
[0.907s][info][gc,heap        ] GC(26) Tenured: 93487K(98260K)->132888K(221480K)
[0.907s][info][gc,metaspace   ] GC(26) Metaspace: 6302K(6528K)->6302K(6528K) NonClass: 5769K(5888K)->5769K(5888K) Class: 533K(640K)->533K(640K)
[0.907s][info][gc             ] GC(26) Pause Full (Allocation Failure) 134M->130M(313M) 135.051ms
[0.907s][info][gc,cpu         ] GC(26) User=0.12s Sys=0.00s Real=0.14s
[1.003s][info][gc,start       ] GC(27) Pause Young (Allocation Failure)
[1.190s][info][gc,heap        ] GC(27) DefNew: 88640K(99712K)->11072K(99712K) Eden: 88640K(88640K)->0K(88640K) From: 0K(11072K)->11072K(11072K)
[1.190s][info][gc,heap        ] GC(27) Tenured: 132888K(221480K)->210430K(221480K)
[1.190s][info][gc,metaspace   ] GC(27) Metaspace: 6302K(6528K)->6302K(6528K) NonClass: 5769K(5888K)->5769K(5888K) Class: 533K(640K)->533K(640K)
[1.190s][info][gc             ] GC(27) Pause Young (Allocation Failure) 216M->216M(313M) 186.974ms
[1.190s][info][gc,cpu         ] GC(27) User=0.16s Sys=0.02s Real=0.19s
[1.278s][info][gc,start       ] GC(28) Pause Young (Allocation Failure)
[1.501s][info][gc             ] GC(28) Pause Young (Allocation Failure) 302M->302M(389M) 223.517ms
[1.502s][info][gc,cpu         ] GC(28) User=0.19s Sys=0.00s Real=0.22s
[1.502s][info][gc,start       ] GC(29) Pause Full (Allocation Failure)
[1.502s][info][gc,phases,start] GC(29) Phase 1: Mark live objects
[1.677s][info][gc,phases      ] GC(29) Phase 1: Mark live objects 175.807ms
[1.677s][info][gc,phases,start] GC(29) Phase 2: Compute new object addresses
[1.732s][info][gc,phases      ] GC(29) Phase 2: Compute new object addresses 54.866ms
[1.732s][info][gc,phases,start] GC(29) Phase 3: Adjust pointers
[1.796s][info][gc,phases      ] GC(29) Phase 3: Adjust pointers 63.273ms
[1.796s][info][gc,phases,start] GC(29) Phase 4: Move objects
[1.799s][info][gc,phases      ] GC(29) Phase 4: Move objects 2.794ms
[1.800s][info][gc,heap        ] GC(29) DefNew: 99712K(99712K)->10929K(224448K) Eden: 88640K(88640K)->10929K(199552K) From: 11072K(11072K)->0K(24896K)
[1.800s][info][gc,heap        ] GC(29) Tenured: 210430K(221480K)->299180K(498636K)
[1.800s][info][gc,metaspace   ] GC(29) Metaspace: 6302K(6528K)->6302K(6528K) NonClass: 5769K(5888K)->5769K(5888K) Class: 533K(640K)->533K(640K)
[1.800s][info][gc             ] GC(29) Pause Full (Allocation Failure) 302M->302M(706M) 298.193ms
[1.800s][info][gc,cpu         ] GC(29) User=0.23s Sys=0.00s Real=0.30s
[2.026s][info][gc,start       ] GC(30) Pause Young (Allocation Failure)
[2.423s][info][gc,heap        ] GC(30) DefNew: 199552K(224448K)->24895K(224448K) Eden: 199552K(199552K)->0K(199552K) From: 0K(24896K)->24895K(24896K)
[2.423s][info][gc,heap        ] GC(30) Tenured: 299180K(498636K)->473810K(498636K)
[2.423s][info][gc,metaspace   ] GC(30) Metaspace: 6302K(6528K)->6302K(6528K) NonClass: 5769K(5888K)->5769K(5888K) Class: 533K(640K)->533K(640K)
[2.423s][info][gc             ] GC(30) Pause Young (Allocation Failure) 487M->487M(706M) 396.943ms
[2.423s][info][gc,cpu         ] GC(30) User=0.34s Sys=0.03s Real=0.40s
[2.651s][info][gc,start       ] GC(31) Pause Young (Allocation Failure)
[3.061s][info][gc             ] GC(31) Pause Young (Allocation Failure) 681M->681M(876M) 410.822ms
[3.061s][info][gc,cpu         ] GC(31) User=0.31s Sys=0.06s Real=0.41s
[3.062s][info][gc,start       ] GC(32) Pause Full (Allocation Failure)
[3.062s][info][gc,phases,start] GC(32) Phase 1: Mark live objects
[3.375s][info][gc,phases      ] GC(32) Phase 1: Mark live objects 313.636ms
[3.375s][info][gc,phases,start] GC(32) Phase 2: Compute new object addresses
[3.488s][info][gc,phases      ] GC(32) Phase 2: Compute new object addresses 113.026ms
[3.488s][info][gc,phases,start] GC(32) Phase 3: Adjust pointers
[3.621s][info][gc,phases      ] GC(32) Phase 3: Adjust pointers 133.089ms
[3.622s][info][gc,phases,start] GC(32) Phase 4: Move objects
[3.627s][info][gc,phases      ] GC(32) Phase 4: Move objects 5.599ms
[3.629s][info][gc,heap        ] GC(32) DefNew: 224447K(224448K)->24803K(505152K) Eden: 199552K(199552K)->24803K(449088K) From: 24895K(24896K)->0K(56064K)
[3.629s][info][gc,heap        ] GC(32) Tenured: 473810K(498636K)->673423K(1122376K)
[3.629s][info][gc,metaspace   ] GC(32) Metaspace: 6302K(6528K)->6302K(6528K) NonClass: 5769K(5888K)->5769K(5888K) Class: 533K(640K)->533K(640K)
[3.629s][info][gc             ] GC(32) Pause Full (Allocation Failure) 681M->681M(1589M) 567.666ms
[3.629s][info][gc,cpu         ] GC(32) User=0.56s Sys=0.00s Real=0.57s
[4.118s][info][gc,start       ] GC(33) Pause Young (Allocation Failure)
[5.038s][info][gc,heap        ] GC(33) DefNew: 449088K(505152K)->56064K(505152K) Eden: 449088K(449088K)->0K(449088K) From: 0K(56064K)->56064K(56064K)
[5.039s][info][gc,heap        ] GC(33) Tenured: 673423K(1122376K)->1066420K(1122376K)
[5.039s][info][gc,metaspace   ] GC(33) Metaspace: 6302K(6528K)->6302K(6528K) NonClass: 5769K(5888K)->5769K(5888K) Class: 533K(640K)->533K(640K)
[5.039s][info][gc             ] GC(33) Pause Young (Allocation Failure) 1096M->1096M(1589M) 920.665ms
[5.039s][info][gc,cpu         ] GC(33) User=0.84s Sys=0.08s Real=0.92s
[5.543s][info][gc,start       ] GC(34) Pause Young (Allocation Failure)
[6.277s][info][gc             ] GC(34) Pause Young (Allocation Failure) 1534M->1483M(1921M) 734.197ms
[6.277s][info][gc,cpu         ] GC(34) User=0.67s Sys=0.06s Real=0.73s
[6.277s][info][gc,start       ] GC(35) Pause Full (Allocation Failure)
[6.277s][info][gc,phases,start] GC(35) Phase 1: Mark live objects
[6.955s][info][gc,phases      ] GC(35) Phase 1: Mark live objects 678.452ms
[6.955s][info][gc,phases,start] GC(35) Phase 2: Compute new object addresses
[7.224s][info][gc,phases      ] GC(35) Phase 2: Compute new object addresses 268.557ms
[7.224s][info][gc,phases,start] GC(35) Phase 3: Adjust pointers
[7.622s][info][gc,phases      ] GC(35) Phase 3: Adjust pointers 398.482ms
[7.623s][info][gc,phases,start] GC(35) Phase 4: Move objects
[7.635s][info][gc,phases      ] GC(35) Phase 4: Move objects 12.450ms
[7.639s][info][gc,heap        ] GC(35) DefNew: 505152K(505152K)->55950K(1075200K) Eden: 449088K(449088K)->55950K(955776K) From: 56064K(56064K)->0K(119424K)
[7.639s][info][gc,heap        ] GC(35) Tenured: 1066420K(1122376K)->1462860K(2389376K)
[7.639s][info][gc,metaspace   ] GC(35) Metaspace: 6302K(6528K)->6302K(6528K) NonClass: 5769K(5888K)->5769K(5888K) Class: 533K(640K)->533K(640K)
[7.639s][info][gc             ] GC(35) Pause Full (Allocation Failure) 1483M->1483M(3383M) 1362.290ms
[7.639s][info][gc,cpu         ] GC(35) User=1.28s Sys=0.00s Real=1.35s
[8.687s][info][gc,start       ] GC(36) Pause Young (Allocation Failure)
[10.580s][info][gc,heap        ] GC(36) DefNew: 955776K(1075200K)->119423K(1075200K) Eden: 955776K(955776K)->0K(955776K) From: 0K(119424K)->119423K(119424K)
[10.580s][info][gc,heap        ] GC(36) Tenured: 1462860K(2389376K)->2299178K(2389376K)
[10.580s][info][gc,metaspace   ] GC(36) Metaspace: 6302K(6528K)->6302K(6528K) NonClass: 5769K(5888K)->5769K(5888K) Class: 533K(640K)->533K(640K)
[10.580s][info][gc             ] GC(36) Pause Young (Allocation Failure) 2361M->2361M(3383M) 1893.022ms
[10.580s][info][gc,cpu         ] GC(36) User=1.59s Sys=0.28s Real=1.89s
[11.662s][info][gc,start       ] GC(37) Pause Young (Allocation Failure)
[11.662s][info][gc             ] GC(37) Pause Young (Allocation Failure) 3295M->3295M(3383M) 0.116ms
[11.662s][info][gc,cpu         ] GC(37) User=0.00s Sys=0.00s Real=0.00s
[11.662s][info][gc,start       ] GC(38) Pause Full (Allocation Failure)
[11.662s][info][gc,phases,start] GC(38) Phase 1: Mark live objects
[13.237s][info][gc,phases      ] GC(38) Phase 1: Mark live objects 1575.110ms
[13.237s][info][gc,phases,start] GC(38) Phase 2: Compute new object addresses
[13.685s][info][gc,phases      ] GC(38) Phase 2: Compute new object addresses 448.006ms
[13.685s][info][gc,phases,start] GC(38) Phase 3: Adjust pointers
[14.402s][info][gc,phases      ] GC(38) Phase 3: Adjust pointers 716.561ms
[14.402s][info][gc,phases,start] GC(38) Phase 4: Move objects
[15.011s][info][gc,phases      ] GC(38) Phase 4: Move objects 608.680ms
[15.011s][info][gc,heap        ] GC(38) DefNew: 1075199K(1075200K)->890765K(1075200K) Eden: 955776K(955776K)->890765K(955776K) From: 119423K(119424K)->0K(119424K)
[15.011s][info][gc,heap        ] GC(38) Tenured: 2299178K(2389376K)->2389375K(2389376K)
[15.011s][info][gc,metaspace   ] GC(38) Metaspace: 6302K(6528K)->6302K(6528K) NonClass: 5769K(5888K)->5769K(5888K) Class: 533K(640K)->533K(640K)
[15.011s][info][gc             ] GC(38) Pause Full (Allocation Failure) 3295M->3203M(3383M) 3349.326ms
[15.011s][info][gc,cpu         ] GC(38) User=3.23s Sys=0.02s Real=3.35s
[15.405s][info][gc,start       ] GC(39) Pause Full (Allocation Failure)
[15.405s][info][gc,phases,start] GC(39) Phase 1: Mark live objects
[16.989s][info][gc,phases      ] GC(39) Phase 1: Mark live objects 1584.029ms
[16.989s][info][gc,phases,start] GC(39) Phase 2: Compute new object addresses
[17.460s][info][gc,phases      ] GC(39) Phase 2: Compute new object addresses 471.550ms
[17.460s][info][gc,phases,start] GC(39) Phase 3: Adjust pointers
[18.130s][info][gc,phases      ] GC(39) Phase 3: Adjust pointers 669.531ms
[18.130s][info][gc,phases,start] GC(39) Phase 4: Move objects
[18.155s][info][gc,phases      ] GC(39) Phase 4: Move objects 24.577ms
[18.155s][info][gc,heap        ] GC(39) DefNew: 1075199K(1075200K)->1075197K(1075200K) Eden: 955776K(955776K)->955775K(955776K) From: 119423K(119424K)->119421K(119424K)
[18.155s][info][gc,heap        ] GC(39) Tenured: 2389375K(2389376K)->2389375K(2389376K)
[18.155s][info][gc,metaspace   ] GC(39) Metaspace: 6302K(6528K)->6302K(6528K) NonClass: 5769K(5888K)->5769K(5888K) Class: 533K(640K)->533K(640K)
[18.155s][info][gc             ] GC(39) Pause Full (Allocation Failure) 3383M->3383M(3383M) 2750.840ms
[18.155s][info][gc,cpu         ] GC(39) User=2.69s Sys=0.00s Real=2.75s
[18.156s][info][gc,start       ] GC(40) Pause Full (Allocation Failure)
[18.156s][info][gc,phases,start] GC(40) Phase 1: Mark live objects
[19.738s][info][gc,phases      ] GC(40) Phase 1: Mark live objects 1582.755ms
[19.738s][info][gc,phases,start] GC(40) Phase 2: Compute new object addresses
[20.210s][info][gc,phases      ] GC(40) Phase 2: Compute new object addresses 471.003ms
[20.210s][info][gc,phases,start] GC(40) Phase 3: Adjust pointers
[20.848s][info][gc,phases      ] GC(40) Phase 3: Adjust pointers 637.993ms
[20.848s][info][gc,phases,start] GC(40) Phase 4: Move objects
[20.848s][info][gc,phases      ] GC(40) Phase 4: Move objects 0.018ms
[20.848s][info][gc,heap        ] GC(40) DefNew: 1075199K(1075200K)->1075199K(1075200K) Eden: 955776K(955776K)->955776K(955776K) From: 119423K(119424K)->119423K(119424K)
[20.848s][info][gc,heap        ] GC(40) Tenured: 2389375K(2389376K)->2389375K(2389376K)
[20.848s][info][gc,metaspace   ] GC(40) Metaspace: 6302K(6528K)->6302K(6528K) NonClass: 5769K(5888K)->5769K(5888K) Class: 533K(640K)->533K(640K)
[20.848s][info][gc             ] GC(40) Pause Full (Allocation Failure) 3383M->3383M(3383M) 2692.468ms
[20.848s][info][gc,cpu         ] GC(40) User=2.69s Sys=0.00s Real=2.69s
[20.848s][info][gc,start       ] GC(41) Pause Full (Allocation Failure)
[20.848s][info][gc,phases,start] GC(41) Phase 1: Mark live objects
[22.430s][info][gc,phases      ] GC(41) Phase 1: Mark live objects 1581.758ms
[22.430s][info][gc,phases,start] GC(41) Phase 2: Compute new object addresses
[22.901s][info][gc,phases      ] GC(41) Phase 2: Compute new object addresses 470.672ms
[22.901s][info][gc,phases,start] GC(41) Phase 3: Adjust pointers
[23.794s][info][gc,phases      ] GC(41) Phase 3: Adjust pointers 892.770ms
[23.794s][info][gc,phases,start] GC(41) Phase 4: Move objects
[24.549s][info][gc,phases      ] GC(41) Phase 4: Move objects 755.783ms
[24.550s][info][gc,heap        ] GC(41) DefNew: 1075199K(1075200K)->1075195K(1075200K) Eden: 955776K(955776K)->955776K(955776K) From: 119423K(119424K)->119419K(119424K)
[24.550s][info][gc,heap        ] GC(41) Tenured: 2389375K(2389376K)->2389375K(2389376K)
[24.550s][info][gc,metaspace   ] GC(41) Metaspace: 6302K(6528K)->6301K(6528K) NonClass: 5769K(5888K)->5768K(5888K) Class: 533K(640K)->532K(640K)
[24.550s][info][gc             ] GC(41) Pause Full (Allocation Failure) 3383M->3383M(3383M) 3702.170ms
[24.550s][info][gc,cpu         ] GC(41) User=3.50s Sys=0.02s Real=3.71s
[24.551s][info][gc,start       ] GC(42) Pause Full (Allocation Failure)
[24.551s][info][gc,phases,start] GC(42) Phase 1: Mark live objects
[26.231s][info][gc,phases      ] GC(42) Phase 1: Mark live objects 1680.618ms
[26.231s][info][gc,phases,start] GC(42) Phase 2: Compute new object addresses
[26.806s][info][gc,phases      ] GC(42) Phase 2: Compute new object addresses 575.005ms
[26.806s][info][gc,phases,start] GC(42) Phase 3: Adjust pointers
[27.478s][info][gc,phases      ] GC(42) Phase 3: Adjust pointers 671.707ms
[27.478s][info][gc,phases,start] GC(42) Phase 4: Move objects
[27.478s][info][gc,phases      ] GC(42) Phase 4: Move objects 0.017ms
[27.479s][info][gc,heap        ] GC(42) DefNew: 1075199K(1075200K)->1075199K(1075200K) Eden: 955776K(955776K)->955776K(955776K) From: 119423K(119424K)->119423K(119424K)
[27.479s][info][gc,heap        ] GC(42) Tenured: 2389376K(2389376K)->2389376K(2389376K)
[27.479s][info][gc,metaspace   ] GC(42) Metaspace: 6301K(6528K)->6301K(6528K) NonClass: 5768K(5888K)->5768K(5888K) Class: 532K(640K)->532K(640K)
[27.479s][info][gc             ] GC(42) Pause Full (Allocation Failure) 3383M->3383M(3383M) 2928.174ms
[27.479s][info][gc,cpu         ] GC(42) User=2.75s Sys=0.00s Real=2.93s
[27.479s][info][gc,start       ] GC(43) Pause Full (Allocation Failure)
[27.479s][info][gc,phases,start] GC(43) Phase 1: Mark live objects
[29.166s][info][gc,phases      ] GC(43) Phase 1: Mark live objects 1686.775ms
[29.166s][info][gc,phases,start] GC(43) Phase 2: Compute new object addresses
[29.646s][info][gc,phases      ] GC(43) Phase 2: Compute new object addresses 479.863ms
[29.646s][info][gc,phases,start] GC(43) Phase 3: Adjust pointers
[30.299s][info][gc,phases      ] GC(43) Phase 3: Adjust pointers 653.276ms
[30.299s][info][gc,phases,start] GC(43) Phase 4: Move objects
[30.299s][info][gc,phases      ] GC(43) Phase 4: Move objects 0.017ms
[30.299s][info][gc,heap        ] GC(43) DefNew: 1075199K(1075200K)->1075199K(1075200K) Eden: 955776K(955776K)->955776K(955776K) From: 119423K(119424K)->119423K(119424K)
[30.300s][info][gc,heap        ] GC(43) Tenured: 2389376K(2389376K)->2389376K(2389376K)
[30.300s][info][gc,metaspace   ] GC(43) Metaspace: 6301K(6528K)->6301K(6528K) NonClass: 5768K(5888K)->5768K(5888K) Class: 532K(640K)->532K(640K)
[30.300s][info][gc             ] GC(43) Pause Full (Allocation Failure) 3383M->3383M(3383M) 2820.700ms
[30.300s][info][gc,cpu         ] GC(43) User=2.73s Sys=0.00s Real=2.82s
[30.300s][info][gc,start       ] GC(44) Pause Full (Allocation Failure)
[30.300s][info][gc,phases,start] GC(44) Phase 1: Mark live objects
[31.927s][info][gc,phases      ] GC(44) Phase 1: Mark live objects 1627.367ms
[31.927s][info][gc,phases,start] GC(44) Phase 2: Compute new object addresses
[32.401s][info][gc,phases      ] GC(44) Phase 2: Compute new object addresses 473.136ms
[32.401s][info][gc,phases,start] GC(44) Phase 3: Adjust pointers
[33.094s][info][gc,phases      ] GC(44) Phase 3: Adjust pointers 693.259ms
[33.094s][info][gc,phases,start] GC(44) Phase 4: Move objects
[33.094s][info][gc,phases      ] GC(44) Phase 4: Move objects 0.017ms
[33.095s][info][gc,heap        ] GC(44) DefNew: 1075199K(1075200K)->1075199K(1075200K) Eden: 955776K(955776K)->955776K(955776K) From: 119423K(119424K)->119423K(119424K)
[33.095s][info][gc,heap        ] GC(44) Tenured: 2389376K(2389376K)->2389376K(2389376K)
[33.095s][info][gc,metaspace   ] GC(44) Metaspace: 6301K(6528K)->6301K(6528K) NonClass: 5768K(5888K)->5768K(5888K) Class: 532K(640K)->532K(640K)
[33.095s][info][gc             ] GC(44) Pause Full (Allocation Failure) 3383M->3383M(3383M) 2794.743ms
[33.095s][info][gc,cpu         ] GC(44) User=2.69s Sys=0.00s Real=2.80s
[33.095s][info][gc,start       ] GC(45) Pause Full (Allocation Failure)
[33.095s][info][gc,phases,start] GC(45) Phase 1: Mark live objects
[34.733s][info][gc,phases      ] GC(45) Phase 1: Mark live objects 1638.166ms
[34.733s][info][gc,phases,start] GC(45) Phase 2: Compute new object addresses
[35.219s][info][gc,phases      ] GC(45) Phase 2: Compute new object addresses 485.767ms
[35.219s][info][gc,phases,start] GC(45) Phase 3: Adjust pointers
[35.869s][info][gc,phases      ] GC(45) Phase 3: Adjust pointers 650.058ms
[35.869s][info][gc,phases,start] GC(45) Phase 4: Move objects
[35.869s][info][gc,phases      ] GC(45) Phase 4: Move objects 0.018ms
[35.870s][info][gc,heap        ] GC(45) DefNew: 1075199K(1075200K)->1075199K(1075200K) Eden: 955776K(955776K)->955776K(955776K) From: 119423K(119424K)->119423K(119424K)
[35.870s][info][gc,heap        ] GC(45) Tenured: 2389376K(2389376K)->2389376K(2389376K)
[35.870s][info][gc,metaspace   ] GC(45) Metaspace: 6301K(6528K)->6301K(6528K) NonClass: 5768K(5888K)->5768K(5888K) Class: 532K(640K)->532K(640K)
[35.870s][info][gc             ] GC(45) Pause Full (Allocation Failure) 3383M->3383M(3383M) 2774.729ms
[35.870s][info][gc,cpu         ] GC(45) User=2.62s Sys=0.00s Real=2.77s
[35.871s][info][gc,start       ] GC(46) Pause Full (Allocation Failure)
[35.871s][info][gc,phases,start] GC(46) Phase 1: Mark live objects
[37.468s][info][gc,phases      ] GC(46) Phase 1: Mark live objects 1597.141ms
[37.468s][info][gc,phases,start] GC(46) Phase 2: Compute new object addresses
[37.945s][info][gc,phases      ] GC(46) Phase 2: Compute new object addresses 476.945ms
[37.945s][info][gc,phases,start] GC(46) Phase 3: Adjust pointers
[38.720s][info][gc,phases      ] GC(46) Phase 3: Adjust pointers 775.230ms
[38.720s][info][gc,phases,start] GC(46) Phase 4: Move objects
[39.272s][info][gc,phases      ] GC(46) Phase 4: Move objects 551.532ms
[39.272s][info][gc,heap        ] GC(46) DefNew: 1075199K(1075200K)->1075198K(1075200K) Eden: 955776K(955776K)->955776K(955776K) From: 119423K(119424K)->119422K(119424K)
[39.272s][info][gc,heap        ] GC(46) Tenured: 2389376K(2389376K)->2389375K(2389376K)
[39.273s][info][gc,metaspace   ] GC(46) Metaspace: 6301K(6528K)->6301K(6528K) NonClass: 5768K(5888K)->5768K(5888K) Class: 532K(640K)->532K(640K)
[39.273s][info][gc             ] GC(46) Pause Full (Allocation Failure) 3383M->3383M(3383M) 3401.996ms
[39.273s][info][gc,cpu         ] GC(46) User=3.36s Sys=0.02s Real=3.40s
[39.274s][info][gc,start       ] GC(47) Pause Full (Allocation Failure)
[39.274s][info][gc,phases,start] GC(47) Phase 1: Mark live objects
[40.884s][info][gc,phases      ] GC(47) Phase 1: Mark live objects 1610.131ms
[40.884s][info][gc,phases,start] GC(47) Phase 2: Compute new object addresses
[41.365s][info][gc,phases      ] GC(47) Phase 2: Compute new object addresses 480.768ms
[41.365s][info][gc,phases,start] GC(47) Phase 3: Adjust pointers
[42.012s][info][gc,phases      ] GC(47) Phase 3: Adjust pointers 646.472ms
[42.012s][info][gc,phases,start] GC(47) Phase 4: Move objects
[42.012s][info][gc,phases      ] GC(47) Phase 4: Move objects 0.017ms
[42.012s][info][gc,heap        ] GC(47) DefNew: 1075199K(1075200K)->1075198K(1075200K) Eden: 955776K(955776K)->955776K(955776K) From: 119423K(119424K)->119422K(119424K)
[42.012s][info][gc,heap        ] GC(47) Tenured: 2389375K(2389376K)->2389375K(2389376K)
[42.012s][info][gc,metaspace   ] GC(47) Metaspace: 6303K(6528K)->6303K(6528K) NonClass: 5769K(5888K)->5769K(5888K) Class: 533K(640K)->533K(640K)
[42.012s][info][gc             ] GC(47) Pause Full (Allocation Failure) 3383M->3383M(3383M) 2738.106ms
[42.012s][info][gc,cpu         ] GC(47) User=2.64s Sys=0.00s Real=2.74s
[42.013s][info][gc,heap,exit   ] Heap
[42.013s][info][gc,heap,exit   ]  def new generation   total 1075200K, used 1075199K [0x0000000725400000, 0x000000076e2a0000, 0x000000076e2a0000)
[42.013s][info][gc,heap,exit   ]   eden space 955776K, 100% used [0x0000000725400000, 0x000000075f960000, 0x000000075f960000)
[42.013s][info][gc,heap,exit   ]   from space 119424K,  99% used [0x0000000766e00000, 0x000000076e29ff10, 0x000000076e2a0000)
[42.013s][info][gc,heap,exit   ]   to   space 119424K,   0% used [0x000000075f960000, 0x000000075f960000, 0x0000000766e00000)
[42.013s][info][gc,heap,exit   ]  tenured generation   total 2389376K, used 2389375K [0x000000076e2a0000, 0x0000000800000000, 0x0000000800000000)
[42.013s][info][gc,heap,exit   ]    the space 2389376K,  99% used [0x000000076e2a0000, 0x00000007ffffffd8, 0x0000000800000000, 0x0000000800000000)
[42.013s][info][gc,heap,exit   ]  Metaspace       used 6306K, committed 6528K, reserved 1114112K
[42.013s][info][gc,heap,exit   ]   class space    used 534K, committed 640K, reserved 1048576K
