[0.012s][info][gc,init] CardTable entry size: 512
[0.013s][info][gc     ] Using Parallel
[0.014s][info][gc,init] Version: 18.0.1+10 (release)
[0.014s][info][gc,init] CPUs: 8 total, 8 available
[0.014s][info][gc,init] Memory: 16063M
[0.014s][info][gc,init] Large Page Support: Disabled
[0.014s][info][gc,init] NUMA Support: Disabled
[0.014s][info][gc,init] Compressed Oops: Enabled (Zero based)
[0.014s][info][gc,init] Alignments: Space 512K, Generation 512K, Heap 2M
[0.014s][info][gc,init] Heap Min Capacity: 2M
[0.014s][info][gc,init] Heap Initial Capacity: 2M
[0.014s][info][gc,init] Heap Max Capacity: 7100M
[0.014s][info][gc,init] Pre-touch: Disabled
[0.014s][info][gc,init] Parallel Workers: 8
[0.014s][info][gc,metaspace] CDS archive(s) not mapped
[0.015s][info][gc,metaspace] Compressed class space mapped at: 0x0000000800000000-0x0000000840000000, reserved size: 1073741824
[0.015s][info][gc,metaspace] Narrow klass base: 0x0000000800000000, Narrow klass shift: 0, Narrow klass range: 0x40000000
[0.099s][info][gc,start    ] GC(0) Pause Young (Allocation Failure)
[0.100s][info][gc,heap     ] GC(0) PSYoungGen: 512K(1024K)->480K(1024K) Eden: 512K(512K)->0K(512K) From: 0K(512K)->480K(512K)
[0.100s][info][gc,heap     ] GC(0) ParOldGen: 0K(512K)->8K(512K)
[0.100s][info][gc,metaspace] GC(0) Metaspace: 4229K(4352K)->4229K(4352K) NonClass: 3908K(3968K)->3908K(3968K) Class: 321K(384K)->321K(384K)
[0.100s][info][gc          ] GC(0) Pause Young (Allocation Failure) 0M->0M(1M) 1.194ms
[0.100s][info][gc,cpu      ] GC(0) User=0.00s Sys=0.00s Real=0.00s
[0.169s][info][gc,start    ] GC(1) Pause Young (Allocation Failure)
[0.170s][info][gc,heap     ] GC(1) PSYoungGen: 991K(1024K)->512K(1536K) Eden: 511K(512K)->0K(1024K) From: 480K(512K)->512K(512K)
[0.170s][info][gc,heap     ] GC(1) ParOldGen: 8K(512K)->104K(512K)
[0.170s][info][gc,metaspace] GC(1) Metaspace: 5877K(6016K)->5877K(6016K) NonClass: 5381K(5504K)->5381K(5504K) Class: 496K(512K)->496K(512K)
[0.170s][info][gc          ] GC(1) Pause Young (Allocation Failure) 0M->0M(2M) 0.995ms
[0.170s][info][gc,cpu      ] GC(1) User=0.00s Sys=0.00s Real=0.00s
[0.191s][info][gc,start    ] GC(2) Pause Young (Allocation Failure)
[0.192s][info][gc,heap     ] GC(2) PSYoungGen: 1536K(1536K)->512K(1536K) Eden: 1024K(1024K)->0K(1024K) From: 512K(512K)->512K(512K)
[0.192s][info][gc,heap     ] GC(2) ParOldGen: 104K(512K)->496K(512K)
[0.192s][info][gc,metaspace] GC(2) Metaspace: 6296K(6464K)->6296K(6464K) NonClass: 5763K(5824K)->5763K(5824K) Class: 533K(640K)->533K(640K)
[0.192s][info][gc          ] GC(2) Pause Young (Allocation Failure) 1M->0M(2M) 1.078ms
[0.192s][info][gc,cpu      ] GC(2) User=0.00s Sys=0.00s Real=0.00s
[0.192s][info][gc,start    ] GC(3) Pause Full (Ergonomics)
[0.192s][info][gc,phases,start] GC(3) Marking Phase
[0.193s][info][gc,phases      ] GC(3) Marking Phase 0.965ms
[0.193s][info][gc,phases,start] GC(3) Summary Phase
[0.193s][info][gc,phases      ] GC(3) Summary Phase 0.015ms
[0.193s][info][gc,phases,start] GC(3) Adjust Roots
[0.193s][info][gc,phases      ] GC(3) Adjust Roots 0.402ms
[0.193s][info][gc,phases,start] GC(3) Compaction Phase
[0.195s][info][gc,phases      ] GC(3) Compaction Phase 1.552ms
[0.195s][info][gc,phases,start] GC(3) Post Compact
[0.195s][info][gc,phases      ] GC(3) Post Compact 0.094ms
[0.195s][info][gc,heap        ] GC(3) PSYoungGen: 512K(1536K)->510K(1536K) Eden: 0K(1024K)->0K(1024K) From: 512K(512K)->510K(512K)
[0.195s][info][gc,heap        ] GC(3) ParOldGen: 496K(512K)->469K(2048K)
[0.195s][info][gc,metaspace   ] GC(3) Metaspace: 6296K(6464K)->6296K(6464K) NonClass: 5763K(5824K)->5763K(5824K) Class: 533K(640K)->533K(640K)
[0.195s][info][gc             ] GC(3) Pause Full (Ergonomics) 0M->0M(3M) 3.313ms
[0.195s][info][gc,cpu         ] GC(3) User=0.00s Sys=0.00s Real=0.00s
[0.197s][info][gc,start       ] GC(4) Pause Young (Allocation Failure)
[0.199s][info][gc,heap        ] GC(4) PSYoungGen: 1534K(1536K)->480K(2560K) Eden: 1024K(1024K)->0K(2048K) From: 510K(512K)->480K(512K)
[0.199s][info][gc,heap        ] GC(4) ParOldGen: 469K(2048K)->1037K(2048K)
[0.199s][info][gc,metaspace   ] GC(4) Metaspace: 6296K(6464K)->6296K(6464K) NonClass: 5763K(5824K)->5763K(5824K) Class: 533K(640K)->533K(640K)
[0.199s][info][gc             ] GC(4) Pause Young (Allocation Failure) 1M->1M(4M) 1.547ms
[0.199s][info][gc,cpu         ] GC(4) User=0.00s Sys=0.00s Real=0.00s
[0.201s][info][gc,start       ] GC(5) Pause Young (Allocation Failure)
[0.203s][info][gc,heap        ] GC(5) PSYoungGen: 2528K(2560K)->480K(2560K) Eden: 2048K(2048K)->0K(2048K) From: 480K(512K)->480K(512K)
[0.203s][info][gc,heap        ] GC(5) ParOldGen: 1037K(2048K)->2109K(2560K)
[0.203s][info][gc,metaspace   ] GC(5) Metaspace: 6296K(6464K)->6296K(6464K) NonClass: 5763K(5824K)->5763K(5824K) Class: 533K(640K)->533K(640K)
[0.203s][info][gc             ] GC(5) Pause Young (Allocation Failure) 3M->2M(5M) 1.923ms
[0.203s][info][gc,cpu         ] GC(5) User=0.00s Sys=0.00s Real=0.00s
[0.203s][info][gc,start       ] GC(6) Pause Full (Ergonomics)
[0.203s][info][gc,phases,start] GC(6) Marking Phase
[0.205s][info][gc,phases      ] GC(6) Marking Phase 1.403ms
[0.205s][info][gc,phases,start] GC(6) Summary Phase
[0.205s][info][gc,phases      ] GC(6) Summary Phase 0.016ms
[0.205s][info][gc,phases,start] GC(6) Adjust Roots
[0.205s][info][gc,phases      ] GC(6) Adjust Roots 0.278ms
[0.205s][info][gc,phases,start] GC(6) Compaction Phase
[0.207s][info][gc,phases      ] GC(6) Compaction Phase 2.232ms
[0.208s][info][gc,phases,start] GC(6) Post Compact
[0.208s][info][gc,phases      ] GC(6) Post Compact 0.036ms
[0.208s][info][gc,heap        ] GC(6) PSYoungGen: 480K(2560K)->0K(4096K) Eden: 0K(2048K)->0K(3072K) From: 480K(512K)->0K(1024K)
[0.208s][info][gc,heap        ] GC(6) ParOldGen: 2109K(2560K)->2542K(6144K)
[0.208s][info][gc,metaspace   ] GC(6) Metaspace: 6296K(6464K)->6296K(6464K) NonClass: 5763K(5824K)->5763K(5824K) Class: 533K(640K)->533K(640K)
[0.208s][info][gc             ] GC(6) Pause Full (Ergonomics) 2M->2M(10M) 4.323ms
[0.208s][info][gc,cpu         ] GC(6) User=0.00s Sys=0.00s Real=0.00s
[0.213s][info][gc,start       ] GC(7) Pause Young (Allocation Failure)
[0.215s][info][gc,heap        ] GC(7) PSYoungGen: 3072K(4096K)->1664K(5120K) Eden: 3072K(3072K)->0K(3072K) From: 0K(1024K)->1664K(2048K)
[0.215s][info][gc,heap        ] GC(7) ParOldGen: 2542K(6144K)->2542K(6144K)
[0.215s][info][gc,metaspace   ] GC(7) Metaspace: 6296K(6464K)->6296K(6464K) NonClass: 5763K(5824K)->5763K(5824K) Class: 533K(640K)->533K(640K)
[0.215s][info][gc             ] GC(7) Pause Young (Allocation Failure) 5M->4M(11M) 1.869ms
[0.215s][info][gc,cpu         ] GC(7) User=0.00s Sys=0.00s Real=0.00s
[0.219s][info][gc,start       ] GC(8) Pause Young (Allocation Failure)
[0.221s][info][gc,heap        ] GC(8) PSYoungGen: 4736K(5120K)->2016K(5632K) Eden: 3072K(3072K)->0K(3584K) From: 1664K(2048K)->2016K(2048K)
[0.222s][info][gc,heap        ] GC(8) ParOldGen: 2542K(6144K)->3766K(6144K)
[0.222s][info][gc,metaspace   ] GC(8) Metaspace: 6296K(6464K)->6296K(6464K) NonClass: 5763K(5824K)->5763K(5824K) Class: 533K(640K)->533K(640K)
[0.222s][info][gc             ] GC(8) Pause Young (Allocation Failure) 7M->5M(11M) 2.746ms
[0.222s][info][gc,cpu         ] GC(8) User=0.00s Sys=0.00s Real=0.00s
[0.227s][info][gc,start       ] GC(9) Pause Young (Allocation Failure)
[0.231s][info][gc,heap        ] GC(9) PSYoungGen: 5600K(5632K)->3040K(6656K) Eden: 3584K(3584K)->0K(3584K) From: 2016K(2048K)->3040K(3072K)
[0.231s][info][gc,heap        ] GC(9) ParOldGen: 3766K(6144K)->4606K(6144K)
[0.231s][info][gc,metaspace   ] GC(9) Metaspace: 6296K(6464K)->6296K(6464K) NonClass: 5763K(5824K)->5763K(5824K) Class: 533K(640K)->533K(640K)
[0.231s][info][gc             ] GC(9) Pause Young (Allocation Failure) 9M->7M(12M) 3.783ms
[0.231s][info][gc,cpu         ] GC(9) User=0.00s Sys=0.00s Real=0.00s
[0.236s][info][gc,start       ] GC(10) Pause Young (Allocation Failure)
[0.239s][info][gc,heap        ] GC(10) PSYoungGen: 6624K(6656K)->4064K(9216K) Eden: 3584K(3584K)->0K(5120K) From: 3040K(3072K)->4064K(4096K)
[0.239s][info][gc,heap        ] GC(10) ParOldGen: 4606K(6144K)->5446K(6144K)
[0.240s][info][gc,metaspace   ] GC(10) Metaspace: 6296K(6464K)->6296K(6464K) NonClass: 5763K(5824K)->5763K(5824K) Class: 533K(640K)->533K(640K)
[0.240s][info][gc             ] GC(10) Pause Young (Allocation Failure) 10M->9M(15M) 3.975ms
[0.240s][info][gc,cpu         ] GC(10) User=0.00s Sys=0.00s Real=0.00s
[0.240s][info][gc,start       ] GC(11) Pause Full (Ergonomics)
[0.240s][info][gc,phases,start] GC(11) Marking Phase
[0.244s][info][gc,phases      ] GC(11) Marking Phase 4.167ms
[0.244s][info][gc,phases,start] GC(11) Summary Phase
[0.244s][info][gc,phases      ] GC(11) Summary Phase 0.020ms
[0.244s][info][gc,phases,start] GC(11) Adjust Roots
[0.244s][info][gc,phases      ] GC(11) Adjust Roots 0.354ms
[0.244s][info][gc,phases,start] GC(11) Compaction Phase
[0.250s][info][gc,phases      ] GC(11) Compaction Phase 6.082ms
[0.250s][info][gc,phases,start] GC(11) Post Compact
[0.251s][info][gc,phases      ] GC(11) Post Compact 0.059ms
[0.251s][info][gc,heap        ] GC(11) PSYoungGen: 4064K(9216K)->3545K(9216K) Eden: 0K(5120K)->0K(5120K) From: 4064K(4096K)->3545K(4096K)
[0.251s][info][gc,heap        ] GC(11) ParOldGen: 5446K(6144K)->5820K(10752K)
[0.251s][info][gc,metaspace   ] GC(11) Metaspace: 6296K(6464K)->6296K(6464K) NonClass: 5763K(5824K)->5763K(5824K) Class: 533K(640K)->533K(640K)
[0.251s][info][gc             ] GC(11) Pause Full (Ergonomics) 9M->9M(19M) 11.036ms
[0.251s][info][gc,cpu         ] GC(11) User=0.02s Sys=0.00s Real=0.01s
[0.257s][info][gc,start       ] GC(12) Pause Young (Allocation Failure)
[0.261s][info][gc,heap        ] GC(12) PSYoungGen: 8665K(9216K)->5088K(10240K) Eden: 5120K(5120K)->0K(5120K) From: 3545K(4096K)->5088K(5120K)
[0.261s][info][gc,heap        ] GC(12) ParOldGen: 5820K(10752K)->6940K(10752K)
[0.261s][info][gc,metaspace   ] GC(12) Metaspace: 6296K(6464K)->6296K(6464K) NonClass: 5763K(5824K)->5763K(5824K) Class: 533K(640K)->533K(640K)
[0.261s][info][gc             ] GC(12) Pause Young (Allocation Failure) 14M->11M(20M) 4.014ms
[0.261s][info][gc,cpu         ] GC(12) User=0.00s Sys=0.00s Real=0.00s
[0.266s][info][gc,start       ] GC(13) Pause Young (Allocation Failure)
[0.271s][info][gc,heap        ] GC(13) PSYoungGen: 10208K(10240K)->6496K(12800K) Eden: 5120K(5120K)->0K(6144K) From: 5088K(5120K)->6496K(6656K)
[0.271s][info][gc,heap        ] GC(13) ParOldGen: 6940K(10752K)->8236K(10752K)
[0.271s][info][gc,metaspace   ] GC(13) Metaspace: 6298K(6464K)->6298K(6464K) NonClass: 5765K(5824K)->5765K(5824K) Class: 533K(640K)->533K(640K)
[0.271s][info][gc             ] GC(13) Pause Young (Allocation Failure) 16M->14M(23M) 5.480ms
[0.271s][info][gc,cpu         ] GC(13) User=0.00s Sys=0.00s Real=0.01s
[0.275s][info][gc,start       ] GC(14) Pause Young (Allocation Failure)
[0.281s][info][gc,heap        ] GC(14) PSYoungGen: 12640K(12800K)->5824K(13824K) Eden: 6144K(6144K)->0K(6144K) From: 6496K(6656K)->5824K(7680K)
[0.281s][info][gc,heap        ] GC(14) ParOldGen: 8236K(10752K)->12108K(12288K)
[0.281s][info][gc,metaspace   ] GC(14) Metaspace: 6298K(6464K)->6298K(6464K) NonClass: 5765K(5824K)->5765K(5824K) Class: 533K(640K)->533K(640K)
[0.281s][info][gc             ] GC(14) Pause Young (Allocation Failure) 20M->17M(25M) 5.597ms
[0.281s][info][gc,cpu         ] GC(14) User=0.00s Sys=0.00s Real=0.01s
[0.281s][info][gc,start       ] GC(15) Pause Full (Ergonomics)
[0.281s][info][gc,phases,start] GC(15) Marking Phase
[0.289s][info][gc,phases      ] GC(15) Marking Phase 7.588ms
[0.289s][info][gc,phases,start] GC(15) Summary Phase
[0.289s][info][gc,phases      ] GC(15) Summary Phase 0.019ms
[0.289s][info][gc,phases,start] GC(15) Adjust Roots
[0.289s][info][gc,phases      ] GC(15) Adjust Roots 0.221ms
[0.289s][info][gc,phases,start] GC(15) Compaction Phase
[0.296s][info][gc,phases      ] GC(15) Compaction Phase 7.486ms
[0.297s][info][gc,phases,start] GC(15) Post Compact
[0.297s][info][gc,phases      ] GC(15) Post Compact 0.086ms
[0.297s][info][gc,heap        ] GC(15) PSYoungGen: 5824K(13824K)->5760K(13824K) Eden: 0K(6144K)->0K(6144K) From: 5824K(7680K)->5760K(7680K)
[0.297s][info][gc,heap        ] GC(15) ParOldGen: 12108K(12288K)->11997K(18944K)
[0.297s][info][gc,metaspace   ] GC(15) Metaspace: 6298K(6464K)->6298K(6464K) NonClass: 5765K(5824K)->5765K(5824K) Class: 533K(640K)->533K(640K)
[0.297s][info][gc             ] GC(15) Pause Full (Ergonomics) 17M->17M(32M) 15.828ms
[0.297s][info][gc,cpu         ] GC(15) User=0.00s Sys=0.00s Real=0.02s
[0.301s][info][gc,start       ] GC(16) Pause Young (Allocation Failure)
[0.310s][info][gc,heap        ] GC(16) PSYoungGen: 11904K(13824K)->3200K(15872K) Eden: 6144K(6144K)->0K(8704K) From: 5760K(7680K)->3200K(7168K)
[0.310s][info][gc,heap        ] GC(16) ParOldGen: 11997K(18944K)->17853K(18944K)
[0.310s][info][gc,metaspace   ] GC(16) Metaspace: 6298K(6464K)->6298K(6464K) NonClass: 5765K(5824K)->5765K(5824K) Class: 533K(640K)->533K(640K)
[0.310s][info][gc             ] GC(16) Pause Young (Allocation Failure) 23M->20M(34M) 8.856ms
[0.310s][info][gc,cpu         ] GC(16) User=0.00s Sys=0.00s Real=0.01s
[0.310s][info][gc,start       ] GC(17) Pause Full (Ergonomics)
[0.310s][info][gc,phases,start] GC(17) Marking Phase
[0.319s][info][gc,phases      ] GC(17) Marking Phase 9.009ms
[0.319s][info][gc,phases,start] GC(17) Summary Phase
[0.319s][info][gc,phases      ] GC(17) Summary Phase 0.019ms
[0.319s][info][gc,phases,start] GC(17) Adjust Roots
[0.319s][info][gc,phases      ] GC(17) Adjust Roots 0.206ms
[0.319s][info][gc,phases,start] GC(17) Compaction Phase
[0.325s][info][gc,phases      ] GC(17) Compaction Phase 5.498ms
[0.325s][info][gc,phases,start] GC(17) Post Compact
[0.325s][info][gc,phases      ] GC(17) Post Compact 0.117ms
[0.325s][info][gc,heap        ] GC(17) PSYoungGen: 3200K(15872K)->2146K(16384K) Eden: 0K(8704K)->0K(9216K) From: 3200K(7168K)->2146K(7168K)
[0.325s][info][gc,heap        ] GC(17) ParOldGen: 17853K(18944K)->18779K(28672K)
[0.325s][info][gc,metaspace   ] GC(17) Metaspace: 6298K(6464K)->6298K(6464K) NonClass: 5765K(5824K)->5765K(5824K) Class: 533K(640K)->533K(640K)
[0.325s][info][gc             ] GC(17) Pause Full (Ergonomics) 20M->20M(44M) 15.166ms
[0.325s][info][gc,cpu         ] GC(17) User=0.00s Sys=0.00s Real=0.01s
[0.334s][info][gc,start       ] GC(18) Pause Young (Allocation Failure)
[0.340s][info][gc,heap        ] GC(18) PSYoungGen: 11362K(16384K)->5312K(16896K) Eden: 9216K(9216K)->0K(9216K) From: 2146K(7168K)->5312K(7680K)
[0.340s][info][gc,heap        ] GC(18) ParOldGen: 18779K(28672K)->20971K(28672K)
[0.340s][info][gc,metaspace   ] GC(18) Metaspace: 6298K(6464K)->6298K(6464K) NonClass: 5765K(5824K)->5765K(5824K) Class: 533K(640K)->533K(640K)
[0.340s][info][gc             ] GC(18) Pause Young (Allocation Failure) 29M->25M(44M) 6.079ms
[0.340s][info][gc,cpu         ] GC(18) User=0.00s Sys=0.00s Real=0.01s
[0.346s][info][gc,start       ] GC(19) Pause Young (Allocation Failure)
[0.355s][info][gc,heap        ] GC(19) PSYoungGen: 14528K(16896K)->4800K(20480K) Eden: 9216K(9216K)->0K(12288K) From: 5312K(7680K)->4800K(8192K)
[0.355s][info][gc,heap        ] GC(19) ParOldGen: 20971K(28672K)->26299K(28672K)
[0.355s][info][gc,metaspace   ] GC(19) Metaspace: 6298K(6464K)->6298K(6464K) NonClass: 5765K(5824K)->5765K(5824K) Class: 533K(640K)->533K(640K)
[0.355s][info][gc             ] GC(19) Pause Young (Allocation Failure) 34M->30M(48M) 9.981ms
[0.356s][info][gc,cpu         ] GC(19) User=0.00s Sys=0.00s Real=0.01s
[0.356s][info][gc,start       ] GC(20) Pause Full (Ergonomics)
[0.356s][info][gc,phases,start] GC(20) Marking Phase
[0.369s][info][gc,phases      ] GC(20) Marking Phase 13.293ms
[0.369s][info][gc,phases,start] GC(20) Summary Phase
[0.369s][info][gc,phases      ] GC(20) Summary Phase 0.019ms
[0.369s][info][gc,phases,start] GC(20) Adjust Roots
[0.369s][info][gc,phases      ] GC(20) Adjust Roots 0.181ms
[0.369s][info][gc,phases,start] GC(20) Compaction Phase
[0.381s][info][gc,phases      ] GC(20) Compaction Phase 11.672ms
[0.381s][info][gc,phases,start] GC(20) Post Compact
[0.381s][info][gc,phases      ] GC(20) Post Compact 0.110ms
[0.381s][info][gc,heap        ] GC(20) PSYoungGen: 4800K(20480K)->2206K(20480K) Eden: 0K(12288K)->0K(12288K) From: 4800K(8192K)->2206K(8192K)
[0.381s][info][gc,heap        ] GC(20) ParOldGen: 26299K(28672K)->28226K(39936K)
[0.381s][info][gc,metaspace   ] GC(20) Metaspace: 6298K(6464K)->6298K(6464K) NonClass: 5765K(5824K)->5765K(5824K) Class: 533K(640K)->533K(640K)
[0.381s][info][gc             ] GC(20) Pause Full (Ergonomics) 30M->29M(59M) 25.734ms
[0.381s][info][gc,cpu         ] GC(20) User=0.02s Sys=0.00s Real=0.03s
[0.393s][info][gc,start       ] GC(21) Pause Young (Allocation Failure)
[0.404s][info][gc,heap        ] GC(21) PSYoungGen: 14494K(20480K)->8192K(20480K) Eden: 12288K(12288K)->0K(12288K) From: 2206K(8192K)->8192K(8192K)
[0.404s][info][gc,heap        ] GC(21) ParOldGen: 28226K(39936K)->33810K(39936K)
[0.404s][info][gc,metaspace   ] GC(21) Metaspace: 6298K(6464K)->6298K(6464K) NonClass: 5765K(5824K)->5765K(5824K) Class: 533K(640K)->533K(640K)
[0.404s][info][gc             ] GC(21) Pause Young (Allocation Failure) 41M->41M(59M) 11.435ms
[0.404s][info][gc,cpu         ] GC(21) User=0.00s Sys=0.00s Real=0.01s
[0.404s][info][gc,start       ] GC(22) Pause Full (Ergonomics)
[0.404s][info][gc,phases,start] GC(22) Marking Phase
[0.421s][info][gc,phases      ] GC(22) Marking Phase 16.883ms
[0.421s][info][gc,phases,start] GC(22) Summary Phase
[0.421s][info][gc,phases      ] GC(22) Summary Phase 0.015ms
[0.421s][info][gc,phases,start] GC(22) Adjust Roots
[0.421s][info][gc,phases      ] GC(22) Adjust Roots 0.155ms
[0.421s][info][gc,phases,start] GC(22) Compaction Phase
[0.434s][info][gc,phases      ] GC(22) Compaction Phase 12.283ms
[0.434s][info][gc,phases,start] GC(22) Post Compact
[0.434s][info][gc,phases      ] GC(22) Post Compact 0.200ms
[0.434s][info][gc,heap        ] GC(22) PSYoungGen: 8192K(20480K)->2044K(20480K) Eden: 0K(12288K)->0K(12288K) From: 8192K(8192K)->2044K(8192K)
[0.434s][info][gc,heap        ] GC(22) ParOldGen: 33810K(39936K)->39846K(54272K)
[0.434s][info][gc,metaspace   ] GC(22) Metaspace: 6298K(6464K)->6298K(6464K) NonClass: 5765K(5824K)->5765K(5824K) Class: 533K(640K)->533K(640K)
[0.434s][info][gc             ] GC(22) Pause Full (Ergonomics) 41M->40M(73M) 29.912ms
[0.434s][info][gc,cpu         ] GC(22) User=0.02s Sys=0.00s Real=0.03s
[0.451s][info][gc,start       ] GC(23) Pause Young (Allocation Failure)
[0.464s][info][gc,heap        ] GC(23) PSYoungGen: 14332K(20480K)->11744K(24064K) Eden: 12288K(12288K)->0K(12288K) From: 2044K(8192K)->11744K(11776K)
[0.465s][info][gc,heap        ] GC(23) ParOldGen: 39846K(54272K)->42478K(54272K)
[0.465s][info][gc,metaspace   ] GC(23) Metaspace: 6298K(6464K)->6298K(6464K) NonClass: 5765K(5824K)->5765K(5824K) Class: 533K(640K)->533K(640K)
[0.465s][info][gc             ] GC(23) Pause Young (Allocation Failure) 52M->52M(76M) 13.086ms
[0.465s][info][gc,cpu         ] GC(23) User=0.00s Sys=0.00s Real=0.01s
[0.477s][info][gc,start       ] GC(24) Pause Young (Allocation Failure)
[0.492s][info][gc,heap        ] GC(24) PSYoungGen: 24032K(24064K)->12320K(26624K) Eden: 12288K(12288K)->0K(12288K) From: 11744K(11776K)->12320K(14336K)
[0.492s][info][gc,heap        ] GC(24) ParOldGen: 42478K(54272K)->54366K(54784K)
[0.492s][info][gc,metaspace   ] GC(24) Metaspace: 6298K(6464K)->6298K(6464K) NonClass: 5765K(5824K)->5765K(5824K) Class: 533K(640K)->533K(640K)
[0.492s][info][gc             ] GC(24) Pause Young (Allocation Failure) 64M->65M(79M) 14.771ms
[0.492s][info][gc,cpu         ] GC(24) User=0.00s Sys=0.00s Real=0.01s
[0.492s][info][gc,start       ] GC(25) Pause Full (Ergonomics)
[0.492s][info][gc,phases,start] GC(25) Marking Phase
[0.519s][info][gc,phases      ] GC(25) Marking Phase 27.061ms
[0.519s][info][gc,phases,start] GC(25) Summary Phase
[0.519s][info][gc,phases      ] GC(25) Summary Phase 0.020ms
[0.519s][info][gc,phases,start] GC(25) Adjust Roots
[0.519s][info][gc,phases      ] GC(25) Adjust Roots 0.161ms
[0.519s][info][gc,phases,start] GC(25) Compaction Phase
[0.540s][info][gc,phases      ] GC(25) Compaction Phase 20.756ms
[0.540s][info][gc,phases,start] GC(25) Post Compact
[0.540s][info][gc,phases      ] GC(25) Post Compact 0.248ms
[0.540s][info][gc,heap        ] GC(25) PSYoungGen: 12320K(26624K)->10723K(26624K) Eden: 0K(12288K)->0K(12288K) From: 12320K(14336K)->10723K(14336K)
[0.540s][info][gc,heap        ] GC(25) ParOldGen: 54366K(54784K)->54661K(73728K)
[0.540s][info][gc,metaspace   ] GC(25) Metaspace: 6298K(6464K)->6298K(6464K) NonClass: 5765K(5824K)->5765K(5824K) Class: 533K(640K)->533K(640K)
[0.541s][info][gc             ] GC(25) Pause Full (Ergonomics) 65M->63M(98M) 48.719ms
[0.541s][info][gc,cpu         ] GC(25) User=0.05s Sys=0.00s Real=0.05s
[0.552s][info][gc,start       ] GC(26) Pause Young (Allocation Failure)
[0.572s][info][gc,heap        ] GC(26) PSYoungGen: 23011K(26624K)->12320K(30208K) Eden: 12288K(12288K)->0K(13824K) From: 10723K(14336K)->12320K(16384K)
[0.572s][info][gc,heap        ] GC(26) ParOldGen: 54661K(73728K)->65565K(73728K)
[0.572s][info][gc,metaspace   ] GC(26) Metaspace: 6298K(6464K)->6298K(6464K) NonClass: 5765K(5824K)->5765K(5824K) Class: 533K(640K)->533K(640K)
[0.572s][info][gc             ] GC(26) Pause Young (Allocation Failure) 75M->76M(101M) 19.355ms
[0.572s][info][gc,cpu         ] GC(26) User=0.03s Sys=0.00s Real=0.02s
[0.572s][info][gc,start       ] GC(27) Pause Full (Ergonomics)
[0.572s][info][gc,phases,start] GC(27) Marking Phase
[0.603s][info][gc,phases      ] GC(27) Marking Phase 31.441ms
[0.603s][info][gc,phases,start] GC(27) Summary Phase
[0.603s][info][gc,phases      ] GC(27) Summary Phase 0.020ms
[0.603s][info][gc,phases,start] GC(27) Adjust Roots
[0.604s][info][gc,phases      ] GC(27) Adjust Roots 0.183ms
[0.604s][info][gc,phases,start] GC(27) Compaction Phase
[0.622s][info][gc,phases      ] GC(27) Compaction Phase 17.981ms
[0.622s][info][gc,phases,start] GC(27) Post Compact
[0.622s][info][gc,phases      ] GC(27) Post Compact 0.486ms
[0.622s][info][gc,heap        ] GC(27) PSYoungGen: 12320K(30208K)->4082K(30208K) Eden: 0K(13824K)->0K(13824K) From: 12320K(16384K)->4082K(16384K)
[0.622s][info][gc,heap        ] GC(27) ParOldGen: 65565K(73728K)->73560K(96256K)
[0.622s][info][gc,metaspace   ] GC(27) Metaspace: 6298K(6464K)->6298K(6464K) NonClass: 5765K(5824K)->5765K(5824K) Class: 533K(640K)->533K(640K)
[0.623s][info][gc             ] GC(27) Pause Full (Ergonomics) 76M->75M(123M) 50.582ms
[0.623s][info][gc,cpu         ] GC(27) User=0.06s Sys=0.00s Real=0.05s
[0.634s][info][gc,start       ] GC(28) Pause Young (Allocation Failure)
[0.650s][info][gc,heap        ] GC(28) PSYoungGen: 15390K(30208K)->15232K(31232K) Eden: 11307K(13824K)->0K(13824K) From: 4082K(16384K)->15232K(17408K)
[0.650s][info][gc,heap        ] GC(28) ParOldGen: 73560K(96256K)->73560K(96256K)
[0.650s][info][gc,metaspace   ] GC(28) Metaspace: 6298K(6464K)->6298K(6464K) NonClass: 5765K(5824K)->5765K(5824K) Class: 533K(640K)->533K(640K)
[0.650s][info][gc             ] GC(28) Pause Young (Allocation Failure) 86M->86M(124M) 16.411ms
[0.650s][info][gc,cpu         ] GC(28) User=0.03s Sys=0.00s Real=0.02s
[0.670s][info][gc,start       ] GC(29) Pause Young (Allocation Failure)
[0.692s][info][gc,heap        ] GC(29) PSYoungGen: 29056K(31232K)->19424K(29184K) Eden: 13824K(13824K)->0K(9728K) From: 15232K(17408K)->19424K(19456K)
[0.692s][info][gc,heap        ] GC(29) ParOldGen: 73560K(96256K)->83296K(96256K)
[0.692s][info][gc,metaspace   ] GC(29) Metaspace: 6298K(6464K)->6298K(6464K) NonClass: 5765K(5824K)->5765K(5824K) Class: 533K(640K)->533K(640K)
[0.692s][info][gc             ] GC(29) Pause Young (Allocation Failure) 100M->100M(122M) 21.579ms
[0.692s][info][gc,cpu         ] GC(29) User=0.02s Sys=0.02s Real=0.02s
[0.701s][info][gc,start       ] GC(30) Pause Young (Allocation Failure)
[0.717s][info][gc,heap        ] GC(30) PSYoungGen: 29152K(29184K)->18592K(35840K) Eden: 9728K(9728K)->0K(9728K) From: 19424K(19456K)->18592K(26112K)
[0.717s][info][gc,heap        ] GC(30) ParOldGen: 83296K(96256K)->94048K(96256K)
[0.717s][info][gc,metaspace   ] GC(30) Metaspace: 6298K(6464K)->6298K(6464K) NonClass: 5765K(5824K)->5765K(5824K) Class: 533K(640K)->533K(640K)
[0.717s][info][gc             ] GC(30) Pause Young (Allocation Failure) 109M->110M(129M) 16.093ms
[0.717s][info][gc,cpu         ] GC(30) User=0.00s Sys=0.00s Real=0.02s
[0.717s][info][gc,start       ] GC(31) Pause Full (Ergonomics)
[0.717s][info][gc,phases,start] GC(31) Marking Phase
[0.749s][info][gc,phases      ] GC(31) Marking Phase 32.006ms
[0.749s][info][gc,phases,start] GC(31) Summary Phase
[0.749s][info][gc,phases      ] GC(31) Summary Phase 0.020ms
[0.749s][info][gc,phases,start] GC(31) Adjust Roots
[0.749s][info][gc,phases      ] GC(31) Adjust Roots 0.149ms
[0.749s][info][gc,phases,start] GC(31) Compaction Phase
[0.775s][info][gc,phases      ] GC(31) Compaction Phase 25.788ms
[0.775s][info][gc,phases,start] GC(31) Post Compact
[0.776s][info][gc,phases      ] GC(31) Post Compact 0.425ms
[0.776s][info][gc,heap        ] GC(31) PSYoungGen: 18592K(35840K)->14160K(35840K) Eden: 0K(9728K)->0K(9728K) From: 18592K(26112K)->14160K(26112K)
[0.776s][info][gc,heap        ] GC(31) ParOldGen: 94048K(96256K)->96020K(123392K)
[0.776s][info][gc,metaspace   ] GC(31) Metaspace: 6298K(6464K)->6298K(6464K) NonClass: 5765K(5824K)->5765K(5824K) Class: 533K(640K)->533K(640K)
[0.776s][info][gc             ] GC(31) Pause Full (Ergonomics) 110M->107M(155M) 58.783ms
[0.776s][info][gc,cpu         ] GC(31) User=0.11s Sys=0.00s Real=0.06s
[0.786s][info][gc,start       ] GC(32) Pause Young (Allocation Failure)
[0.805s][info][gc,heap        ] GC(32) PSYoungGen: 23888K(35840K)->19296K(38400K) Eden: 9728K(9728K)->0K(10240K) From: 14160K(26112K)->19296K(28160K)
[0.805s][info][gc,heap        ] GC(32) ParOldGen: 96020K(123392K)->100740K(123392K)
[0.805s][info][gc,metaspace   ] GC(32) Metaspace: 6298K(6464K)->6298K(6464K) NonClass: 5765K(5824K)->5765K(5824K) Class: 533K(640K)->533K(640K)
[0.805s][info][gc             ] GC(32) Pause Young (Allocation Failure) 117M->117M(158M) 19.024ms
[0.805s][info][gc,cpu         ] GC(32) User=0.02s Sys=0.02s Real=0.02s
[0.814s][info][gc,start       ] GC(33) Pause Young (Allocation Failure)
[0.829s][info][gc,heap        ] GC(33) PSYoungGen: 29536K(38400K)->29536K(39936K) Eden: 10240K(10240K)->0K(10240K) From: 19296K(28160K)->29536K(29696K)
[0.829s][info][gc,heap        ] GC(33) ParOldGen: 100740K(123392K)->100740K(123392K)
[0.829s][info][gc,metaspace   ] GC(33) Metaspace: 6298K(6464K)->6298K(6464K) NonClass: 5765K(5824K)->5765K(5824K) Class: 533K(640K)->533K(640K)
[0.829s][info][gc             ] GC(33) Pause Young (Allocation Failure) 127M->127M(159M) 14.423ms
[0.829s][info][gc,cpu         ] GC(33) User=0.02s Sys=0.00s Real=0.02s
[0.839s][info][gc,start       ] GC(34) Pause Young (Allocation Failure)
[0.860s][info][gc,heap        ] GC(34) PSYoungGen: 39776K(39936K)->30208K(42496K) Eden: 10240K(10240K)->0K(8192K) From: 29536K(29696K)->30208K(34304K)
[0.860s][info][gc,heap        ] GC(34) ParOldGen: 100740K(123392K)->110428K(123392K)
[0.860s][info][gc,metaspace   ] GC(34) Metaspace: 6298K(6464K)->6298K(6464K) NonClass: 5765K(5824K)->5765K(5824K) Class: 533K(640K)->533K(640K)
[0.860s][info][gc             ] GC(34) Pause Young (Allocation Failure) 137M->137M(162M) 21.020ms
[0.860s][info][gc,cpu         ] GC(34) User=0.03s Sys=0.03s Real=0.02s
[0.860s][info][gc,start       ] GC(35) Pause Full (Ergonomics)
[0.860s][info][gc,phases,start] GC(35) Marking Phase
[0.897s][info][gc,phases      ] GC(35) Marking Phase 37.156ms
[0.897s][info][gc,phases,start] GC(35) Summary Phase
[0.897s][info][gc,phases      ] GC(35) Summary Phase 0.025ms
[0.897s][info][gc,phases,start] GC(35) Adjust Roots
[0.897s][info][gc,phases      ] GC(35) Adjust Roots 0.152ms
[0.897s][info][gc,phases,start] GC(35) Compaction Phase
[0.919s][info][gc,phases      ] GC(35) Compaction Phase 22.039ms
[0.920s][info][gc,phases,start] GC(35) Post Compact
[0.920s][info][gc,phases      ] GC(35) Post Compact 0.654ms
[0.920s][info][gc,heap        ] GC(35) PSYoungGen: 30208K(42496K)->17332K(42496K) Eden: 0K(8192K)->0K(8192K) From: 30208K(34304K)->17332K(34304K)
[0.920s][info][gc,heap        ] GC(35) ParOldGen: 110428K(123392K)->122956K(151552K)
[0.920s][info][gc,metaspace   ] GC(35) Metaspace: 6298K(6464K)->6298K(6464K) NonClass: 5765K(5824K)->5765K(5824K) Class: 533K(640K)->533K(640K)
[0.920s][info][gc             ] GC(35) Pause Full (Ergonomics) 137M->137M(189M) 60.495ms
[0.920s][info][gc,cpu         ] GC(35) User=0.11s Sys=0.00s Real=0.06s
[0.929s][info][gc,start       ] GC(36) Pause Young (Allocation Failure)
[0.948s][info][gc,heap        ] GC(36) PSYoungGen: 25524K(42496K)->13472K(22016K) Eden: 8192K(8192K)->0K(8192K) From: 17332K(34304K)->13472K(13824K)
[0.948s][info][gc,heap        ] GC(36) ParOldGen: 122956K(151552K)->135252K(151552K)
[0.948s][info][gc,metaspace   ] GC(36) Metaspace: 6298K(6464K)->6298K(6464K) NonClass: 5765K(5824K)->5765K(5824K) Class: 533K(640K)->533K(640K)
[0.948s][info][gc             ] GC(36) Pause Young (Allocation Failure) 145M->145M(169M) 19.314ms
[0.948s][info][gc,cpu         ] GC(36) User=0.03s Sys=0.00s Real=0.02s
[0.956s][info][gc,start       ] GC(37) Pause Young (Allocation Failure)
[0.967s][info][gc,heap        ] GC(37) PSYoungGen: 21664K(22016K)->16384K(43008K) Eden: 8192K(8192K)->0K(9728K) From: 13472K(13824K)->16384K(33280K)
[0.967s][info][gc,heap        ] GC(37) ParOldGen: 135252K(151552K)->140572K(151552K)
[0.967s][info][gc,metaspace   ] GC(37) Metaspace: 6298K(6464K)->6298K(6464K) NonClass: 5765K(5824K)->5765K(5824K) Class: 533K(640K)->533K(640K)
[0.967s][info][gc             ] GC(37) Pause Young (Allocation Failure) 153M->153M(190M) 10.714ms
[0.967s][info][gc,cpu         ] GC(37) User=0.02s Sys=0.00s Real=0.01s
[0.967s][info][gc,start       ] GC(38) Pause Full (Ergonomics)
[0.967s][info][gc,phases,start] GC(38) Marking Phase
[1.005s][info][gc,phases      ] GC(38) Marking Phase 38.138ms
[1.005s][info][gc,phases,start] GC(38) Summary Phase
[1.005s][info][gc,phases      ] GC(38) Summary Phase 0.016ms
[1.005s][info][gc,phases,start] GC(38) Adjust Roots
[1.005s][info][gc,phases      ] GC(38) Adjust Roots 0.142ms
[1.005s][info][gc,phases,start] GC(38) Compaction Phase
[1.029s][info][gc,phases      ] GC(38) Compaction Phase 23.555ms
[1.029s][info][gc,phases,start] GC(38) Post Compact
[1.030s][info][gc,phases      ] GC(38) Post Compact 0.789ms
[1.030s][info][gc,heap        ] GC(38) PSYoungGen: 16384K(43008K)->5081K(44544K) Eden: 0K(9728K)->0K(11264K) From: 16384K(33280K)->5081K(33280K)
[1.030s][info][gc,heap        ] GC(38) ParOldGen: 140572K(151552K)->151530K(182784K)
[1.030s][info][gc,metaspace   ] GC(38) Metaspace: 6298K(6464K)->6298K(6464K) NonClass: 5765K(5824K)->5765K(5824K) Class: 533K(640K)->533K(640K)
[1.030s][info][gc             ] GC(38) Pause Full (Ergonomics) 153M->152M(222M) 63.088ms
[1.030s][info][gc,cpu         ] GC(38) User=0.16s Sys=0.00s Real=0.06s
[1.042s][info][gc,start       ] GC(39) Pause Young (Allocation Failure)
[1.059s][info][gc,heap        ] GC(39) PSYoungGen: 16345K(44544K)->12224K(46080K) Eden: 11264K(11264K)->0K(11264K) From: 5081K(33280K)->12224K(34816K)
[1.059s][info][gc,heap        ] GC(39) ParOldGen: 151530K(182784K)->155794K(182784K)
[1.059s][info][gc,metaspace   ] GC(39) Metaspace: 6298K(6464K)->6298K(6464K) NonClass: 5765K(5824K)->5765K(5824K) Class: 533K(640K)->533K(640K)
[1.059s][info][gc             ] GC(39) Pause Young (Allocation Failure) 163M->164M(223M) 17.132ms
[1.059s][info][gc,cpu         ] GC(39) User=0.00s Sys=0.00s Real=0.02s
[1.096s][info][gc,start       ] GC(40) Pause Young (Allocation Failure)
[1.110s][info][gc,heap        ] GC(40) PSYoungGen: 23488K(46080K)->23520K(45056K) Eden: 11264K(11264K)->0K(11776K) From: 12224K(34816K)->23520K(33280K)
[1.110s][info][gc,heap        ] GC(40) ParOldGen: 163986K(182784K)->163986K(182784K)
[1.110s][info][gc,metaspace   ] GC(40) Metaspace: 6298K(6464K)->6298K(6464K) NonClass: 5765K(5824K)->5765K(5824K) Class: 533K(640K)->533K(640K)
[1.110s][info][gc             ] GC(40) Pause Young (Allocation Failure) 183M->183M(222M) 14.561ms
[1.110s][info][gc,cpu         ] GC(40) User=0.02s Sys=0.00s Real=0.01s
[1.121s][info][gc,start       ] GC(41) Pause Young (Allocation Failure)
[1.137s][info][gc,heap        ] GC(41) PSYoungGen: 35296K(45056K)->34816K(46592K) Eden: 11776K(11776K)->0K(11776K) From: 23520K(33280K)->34816K(34816K)
[1.137s][info][gc,heap        ] GC(41) ParOldGen: 163986K(182784K)->164370K(182784K)
[1.137s][info][gc,metaspace   ] GC(41) Metaspace: 6298K(6464K)->6298K(6464K) NonClass: 5765K(5824K)->5765K(5824K) Class: 533K(640K)->533K(640K)
[1.137s][info][gc             ] GC(41) Pause Young (Allocation Failure) 194M->194M(224M) 15.771ms
[1.137s][info][gc,cpu         ] GC(41) User=0.02s Sys=0.00s Real=0.02s
[1.148s][info][gc,start       ] GC(42) Pause Young (Allocation Failure)
[1.171s][info][gc,heap        ] GC(42) PSYoungGen: 46592K(46592K)->34560K(49664K) Eden: 11776K(11776K)->0K(9728K) From: 34816K(34816K)->34560K(39936K)
[1.171s][info][gc,heap        ] GC(42) ParOldGen: 164370K(182784K)->176650K(182784K)
[1.171s][info][gc,metaspace   ] GC(42) Metaspace: 6298K(6464K)->6298K(6464K) NonClass: 5765K(5824K)->5765K(5824K) Class: 533K(640K)->533K(640K)
[1.171s][info][gc             ] GC(42) Pause Young (Allocation Failure) 206M->206M(227M) 22.652ms
[1.171s][info][gc,cpu         ] GC(42) User=0.03s Sys=0.02s Real=0.02s
[1.171s][info][gc,start       ] GC(43) Pause Full (Ergonomics)
[1.171s][info][gc,phases,start] GC(43) Marking Phase
[1.221s][info][gc,phases      ] GC(43) Marking Phase 50.533ms
[1.221s][info][gc,phases,start] GC(43) Summary Phase
[1.221s][info][gc,phases      ] GC(43) Summary Phase 0.017ms
[1.221s][info][gc,phases,start] GC(43) Adjust Roots
[1.221s][info][gc,phases      ] GC(43) Adjust Roots 0.151ms
[1.221s][info][gc,phases,start] GC(43) Compaction Phase
[1.262s][info][gc,phases      ] GC(43) Compaction Phase 40.702ms
[1.262s][info][gc,phases,start] GC(43) Post Compact
[1.263s][info][gc,phases      ] GC(43) Post Compact 0.944ms
[1.263s][info][gc,heap        ] GC(43) PSYoungGen: 34560K(49664K)->24173K(49664K) Eden: 0K(9728K)->0K(9728K) From: 34560K(39936K)->24173K(39936K)
[1.263s][info][gc,heap        ] GC(43) ParOldGen: 176650K(182784K)->182485K(216576K)
[1.263s][info][gc,metaspace   ] GC(43) Metaspace: 6298K(6464K)->6298K(6464K) NonClass: 5765K(5824K)->5765K(5824K) Class: 533K(640K)->533K(640K)
[1.264s][info][gc             ] GC(43) Pause Full (Ergonomics) 206M->201M(260M) 92.833ms
[1.264s][info][gc,cpu         ] GC(43) User=0.27s Sys=0.00s Real=0.09s
[1.274s][info][gc,start       ] GC(44) Pause Young (Allocation Failure)
[1.297s][info][gc,heap        ] GC(44) PSYoungGen: 33901K(49664K)->25952K(53760K) Eden: 9728K(9728K)->0K(9728K) From: 24173K(39936K)->25952K(44032K)
[1.297s][info][gc,heap        ] GC(44) ParOldGen: 182485K(216576K)->190685K(216576K)
[1.297s][info][gc,metaspace   ] GC(44) Metaspace: 6298K(6464K)->6298K(6464K) NonClass: 5765K(5824K)->5765K(5824K) Class: 533K(640K)->533K(640K)
[1.297s][info][gc             ] GC(44) Pause Young (Allocation Failure) 211M->211M(264M) 22.554ms
[1.297s][info][gc,cpu         ] GC(44) User=0.08s Sys=0.02s Real=0.02s
[1.307s][info][gc,start       ] GC(45) Pause Young (Allocation Failure)
[1.324s][info][gc,heap        ] GC(45) PSYoungGen: 35680K(53760K)->35648K(51712K) Eden: 9728K(9728K)->0K(7680K) From: 25952K(44032K)->35648K(44032K)
[1.324s][info][gc,heap        ] GC(45) ParOldGen: 190685K(216576K)->190685K(216576K)
[1.324s][info][gc,metaspace   ] GC(45) Metaspace: 6298K(6464K)->6298K(6464K) NonClass: 5765K(5824K)->5765K(5824K) Class: 533K(640K)->533K(640K)
[1.324s][info][gc             ] GC(45) Pause Young (Allocation Failure) 221M->221M(262M) 16.794ms
[1.324s][info][gc,cpu         ] GC(45) User=0.02s Sys=0.00s Real=0.02s
[1.332s][info][gc,start       ] GC(46) Pause Young (Allocation Failure)
[1.352s][info][gc,heap        ] GC(46) PSYoungGen: 43328K(51712K)->35264K(55296K) Eden: 7680K(7680K)->0K(7680K) From: 35648K(44032K)->35264K(47616K)
[1.352s][info][gc,heap        ] GC(46) ParOldGen: 190685K(216576K)->198869K(216576K)
[1.352s][info][gc,metaspace   ] GC(46) Metaspace: 6298K(6464K)->6298K(6464K) NonClass: 5765K(5824K)->5765K(5824K) Class: 533K(640K)->533K(640K)
[1.352s][info][gc             ] GC(46) Pause Young (Allocation Failure) 228M->228M(265M) 19.196ms
[1.352s][info][gc,cpu         ] GC(46) User=0.08s Sys=0.00s Real=0.02s
[1.360s][info][gc,start       ] GC(47) Pause Young (Allocation Failure)
[1.380s][info][gc,heap        ] GC(47) PSYoungGen: 42944K(55296K)->25152K(55296K) Eden: 7680K(7680K)->0K(9216K) From: 35264K(47616K)->25152K(46080K)
[1.380s][info][gc,heap        ] GC(47) ParOldGen: 198869K(216576K)->216901K(217088K)
[1.380s][info][gc,metaspace   ] GC(47) Metaspace: 6298K(6464K)->6298K(6464K) NonClass: 5765K(5824K)->5765K(5824K) Class: 533K(640K)->533K(640K)
[1.380s][info][gc             ] GC(47) Pause Young (Allocation Failure) 236M->236M(266M) 19.906ms
[1.380s][info][gc,cpu         ] GC(47) User=0.09s Sys=0.00s Real=0.02s
[1.380s][info][gc,start       ] GC(48) Pause Full (Ergonomics)
[1.380s][info][gc,phases,start] GC(48) Marking Phase
[1.438s][info][gc,phases      ] GC(48) Marking Phase 58.041ms
[1.438s][info][gc,phases,start] GC(48) Summary Phase
[1.438s][info][gc,phases      ] GC(48) Summary Phase 0.017ms
[1.438s][info][gc,phases,start] GC(48) Adjust Roots
[1.439s][info][gc,phases      ] GC(48) Adjust Roots 0.150ms
[1.439s][info][gc,phases,start] GC(48) Compaction Phase
[1.473s][info][gc,phases      ] GC(48) Compaction Phase 34.684ms
[1.473s][info][gc,phases,start] GC(48) Post Compact
[1.475s][info][gc,phases      ] GC(48) Post Compact 1.243ms
[1.475s][info][gc,heap        ] GC(48) PSYoungGen: 25152K(55296K)->24486K(56832K) Eden: 0K(9216K)->0K(10752K) From: 25152K(46080K)->24486K(46080K)
[1.475s][info][gc,heap        ] GC(48) ParOldGen: 216901K(217088K)->216866K(256512K)
[1.475s][info][gc,metaspace   ] GC(48) Metaspace: 6298K(6464K)->6298K(6464K) NonClass: 5765K(5824K)->5765K(5824K) Class: 533K(640K)->533K(640K)
[1.475s][info][gc             ] GC(48) Pause Full (Ergonomics) 236M->235M(306M) 94.645ms
[1.475s][info][gc,cpu         ] GC(48) User=0.39s Sys=0.00s Real=0.10s
[1.487s][info][gc,start       ] GC(49) Pause Young (Allocation Failure)
[1.511s][info][gc,heap        ] GC(49) PSYoungGen: 35238K(56832K)->18272K(58880K) Eden: 10752K(10752K)->0K(10752K) From: 24486K(46080K)->18272K(48128K)
[1.511s][info][gc,heap        ] GC(49) ParOldGen: 216866K(256512K)->234194K(256512K)
[1.511s][info][gc,metaspace   ] GC(49) Metaspace: 6298K(6464K)->6298K(6464K) NonClass: 5765K(5824K)->5765K(5824K) Class: 533K(640K)->533K(640K)
[1.511s][info][gc             ] GC(49) Pause Young (Allocation Failure) 246M->246M(308M) 24.521ms
[1.511s][info][gc,cpu         ] GC(49) User=0.08s Sys=0.03s Real=0.03s
[1.523s][info][gc,start       ] GC(50) Pause Young (Allocation Failure)
[1.539s][info][gc,heap        ] GC(50) PSYoungGen: 29024K(58880K)->21568K(55296K) Eden: 10752K(10752K)->0K(12800K) From: 18272K(48128K)->21568K(42496K)
[1.539s][info][gc,heap        ] GC(50) ParOldGen: 234194K(256512K)->241770K(256512K)
[1.539s][info][gc,metaspace   ] GC(50) Metaspace: 6298K(6464K)->6298K(6464K) NonClass: 5765K(5824K)->5765K(5824K) Class: 533K(640K)->533K(640K)
[1.539s][info][gc             ] GC(50) Pause Young (Allocation Failure) 257M->257M(304M) 15.623ms
[1.539s][info][gc,cpu         ] GC(50) User=0.02s Sys=0.00s Real=0.01s
[1.539s][info][gc,start       ] GC(51) Pause Full (Ergonomics)
[1.539s][info][gc,phases,start] GC(51) Marking Phase
[1.600s][info][gc,phases      ] GC(51) Marking Phase 60.334ms
[1.600s][info][gc,phases,start] GC(51) Summary Phase
[1.600s][info][gc,phases      ] GC(51) Summary Phase 0.018ms
[1.600s][info][gc,phases,start] GC(51) Adjust Roots
[1.600s][info][gc,phases      ] GC(51) Adjust Roots 0.153ms
[1.600s][info][gc,phases,start] GC(51) Compaction Phase
[1.626s][info][gc,phases      ] GC(51) Compaction Phase 26.504ms
[1.626s][info][gc,phases,start] GC(51) Post Compact
[1.628s][info][gc,phases      ] GC(51) Post Compact 1.194ms
[1.628s][info][gc,heap        ] GC(51) PSYoungGen: 21568K(55296K)->6627K(57344K) Eden: 0K(12800K)->0K(14848K) From: 21568K(42496K)->6627K(42496K)
[1.628s][info][gc,heap        ] GC(51) ParOldGen: 241770K(256512K)->256170K(299008K)
[1.628s][info][gc,metaspace   ] GC(51) Metaspace: 6298K(6464K)->6298K(6464K) NonClass: 5765K(5824K)->5765K(5824K) Class: 533K(640K)->533K(640K)
[1.628s][info][gc             ] GC(51) Pause Full (Ergonomics) 257M->256M(348M) 88.794ms
[1.628s][info][gc,cpu         ] GC(51) User=0.39s Sys=0.05s Real=0.09s
[1.644s][info][gc,start       ] GC(52) Pause Young (Allocation Failure)
[1.665s][info][gc,heap        ] GC(52) PSYoungGen: 21475K(57344K)->17568K(59392K) Eden: 14848K(14848K)->0K(14848K) From: 6627K(42496K)->17568K(44544K)
[1.665s][info][gc,heap        ] GC(52) ParOldGen: 256170K(299008K)->260250K(299008K)
[1.665s][info][gc,metaspace   ] GC(52) Metaspace: 6298K(6464K)->6298K(6464K) NonClass: 5765K(5824K)->5765K(5824K) Class: 533K(640K)->533K(640K)
[1.665s][info][gc             ] GC(52) Pause Young (Allocation Failure) 271M->271M(350M) 21.196ms
[1.665s][info][gc,cpu         ] GC(52) User=0.11s Sys=0.02s Real=0.02s
[1.682s][info][gc,start       ] GC(53) Pause Young (Allocation Failure)
[1.699s][info][gc,heap        ] GC(53) PSYoungGen: 32416K(59392K)->32480K(57856K) Eden: 14848K(14848K)->0K(14848K) From: 17568K(44544K)->32480K(43008K)
[1.699s][info][gc,heap        ] GC(53) ParOldGen: 260250K(299008K)->260250K(299008K)
[1.699s][info][gc,metaspace   ] GC(53) Metaspace: 6298K(6464K)->6298K(6464K) NonClass: 5765K(5824K)->5765K(5824K) Class: 533K(640K)->533K(640K)
[1.699s][info][gc             ] GC(53) Pause Young (Allocation Failure) 285M->285M(348M) 16.439ms
[1.699s][info][gc,cpu         ] GC(53) User=0.03s Sys=0.02s Real=0.02s
[1.715s][info][gc,start       ] GC(54) Pause Young (Allocation Failure)
[1.737s][info][gc,heap        ] GC(54) PSYoungGen: 47328K(57856K)->45056K(59904K) Eden: 14848K(14848K)->0K(14848K) From: 32480K(43008K)->45056K(45056K)
[1.737s][info][gc,heap        ] GC(54) ParOldGen: 260250K(299008K)->262434K(299008K)
[1.737s][info][gc,metaspace   ] GC(54) Metaspace: 6298K(6464K)->6298K(6464K) NonClass: 5765K(5824K)->5765K(5824K) Class: 533K(640K)->533K(640K)
[1.737s][info][gc             ] GC(54) Pause Young (Allocation Failure) 300M->300M(350M) 21.732ms
[1.737s][info][gc,cpu         ] GC(54) User=0.12s Sys=0.00s Real=0.02s
[1.754s][info][gc,start       ] GC(55) Pause Young (Allocation Failure)
[1.780s][info][gc,heap        ] GC(55) PSYoungGen: 59904K(59904K)->43264K(64512K) Eden: 14848K(14848K)->0K(12800K) From: 45056K(45056K)->43264K(51712K)
[1.781s][info][gc,heap        ] GC(55) ParOldGen: 262434K(299008K)->279386K(299008K)
[1.781s][info][gc,metaspace   ] GC(55) Metaspace: 6298K(6464K)->6298K(6464K) NonClass: 5765K(5824K)->5765K(5824K) Class: 533K(640K)->533K(640K)
[1.781s][info][gc             ] GC(55) Pause Young (Allocation Failure) 314M->315M(355M) 26.829ms
[1.781s][info][gc,cpu         ] GC(55) User=0.14s Sys=0.00s Real=0.03s
[1.781s][info][gc,start       ] GC(56) Pause Full (Ergonomics)
[1.781s][info][gc,phases,start] GC(56) Marking Phase
[1.847s][info][gc,phases      ] GC(56) Marking Phase 66.013ms
[1.847s][info][gc,phases,start] GC(56) Summary Phase
[1.847s][info][gc,phases      ] GC(56) Summary Phase 0.019ms
[1.847s][info][gc,phases,start] GC(56) Adjust Roots
[1.847s][info][gc,phases      ] GC(56) Adjust Roots 0.149ms
[1.847s][info][gc,phases,start] GC(56) Compaction Phase
[1.882s][info][gc,phases      ] GC(56) Compaction Phase 35.322ms
[1.882s][info][gc,phases,start] GC(56) Post Compact
[1.884s][info][gc,phases      ] GC(56) Post Compact 1.524ms
[1.884s][info][gc,heap        ] GC(56) PSYoungGen: 43264K(64512K)->23148K(64512K) Eden: 0K(12800K)->0K(12800K) From: 43264K(51712K)->23148K(51712K)
[1.884s][info][gc,heap        ] GC(56) ParOldGen: 279386K(299008K)->298911K(345600K)
[1.884s][info][gc,metaspace   ] GC(56) Metaspace: 6298K(6464K)->6298K(6464K) NonClass: 5765K(5824K)->5765K(5824K) Class: 533K(640K)->533K(640K)
[1.884s][info][gc             ] GC(56) Pause Full (Ergonomics) 315M->314M(400M) 103.556ms
[1.884s][info][gc,cpu         ] GC(56) User=0.64s Sys=0.03s Real=0.10s
[1.900s][info][gc,start       ] GC(57) Pause Young (Allocation Failure)
[1.929s][info][gc,heap        ] GC(57) PSYoungGen: 35948K(64512K)->29280K(42496K) Eden: 12800K(12800K)->0K(12800K) From: 23148K(51712K)->29280K(29696K)
[1.929s][info][gc,heap        ] GC(57) ParOldGen: 298911K(345600K)->305895K(345600K)
[1.929s][info][gc,metaspace   ] GC(57) Metaspace: 6298K(6464K)->6298K(6464K) NonClass: 5765K(5824K)->5765K(5824K) Class: 533K(640K)->533K(640K)
[1.929s][info][gc             ] GC(57) Pause Young (Allocation Failure) 327M->327M(379M) 28.808ms
[1.929s][info][gc,cpu         ] GC(57) User=0.14s Sys=0.00s Real=0.03s
[1.943s][info][gc,start       ] GC(58) Pause Young (Allocation Failure)
[1.963s][info][gc,heap        ] GC(58) PSYoungGen: 42080K(42496K)->34464K(68096K) Eden: 12800K(12800K)->0K(14336K) From: 29280K(29696K)->34464K(53760K)
[1.963s][info][gc,heap        ] GC(58) ParOldGen: 305895K(345600K)->313583K(345600K)
[1.963s][info][gc,metaspace   ] GC(58) Metaspace: 6298K(6464K)->6298K(6464K) NonClass: 5765K(5824K)->5765K(5824K) Class: 533K(640K)->533K(640K)
[1.963s][info][gc             ] GC(58) Pause Young (Allocation Failure) 339M->339M(404M) 20.262ms
[1.963s][info][gc,cpu         ] GC(58) User=0.08s Sys=0.05s Real=0.02s
[2.039s][info][gc,start       ] GC(59) Pause Full (Ergonomics)
[2.039s][info][gc,phases,start] GC(59) Marking Phase
[2.117s][info][gc,phases      ] GC(59) Marking Phase 78.661ms
[2.117s][info][gc,phases,start] GC(59) Summary Phase
[2.117s][info][gc,phases      ] GC(59) Summary Phase 0.021ms
[2.118s][info][gc,phases,start] GC(59) Adjust Roots
[2.118s][info][gc,phases      ] GC(59) Adjust Roots 0.150ms
[2.118s][info][gc,phases,start] GC(59) Compaction Phase
[2.185s][info][gc,phases      ] GC(59) Compaction Phase 67.779ms
[2.186s][info][gc,phases,start] GC(59) Post Compact
[2.187s][info][gc,phases      ] GC(59) Post Compact 1.891ms
[2.188s][info][gc,heap        ] GC(59) PSYoungGen: 48800K(68096K)->24555K(68096K) Eden: 14336K(14336K)->0K(14336K) From: 34464K(53760K)->24555K(53760K)
[2.188s][info][gc,heap        ] GC(59) ParOldGen: 329967K(345600K)->345543K(392704K)
[2.188s][info][gc,metaspace   ] GC(59) Metaspace: 6298K(6464K)->6298K(6464K) NonClass: 5765K(5824K)->5765K(5824K) Class: 533K(640K)->533K(640K)
[2.188s][info][gc             ] GC(59) Pause Full (Ergonomics) 369M->361M(450M) 149.075ms
[2.188s][info][gc,cpu         ] GC(59) User=0.77s Sys=0.02s Real=0.15s
[2.204s][info][gc,start       ] GC(60) Pause Young (Allocation Failure)
[2.236s][info][gc,heap        ] GC(60) PSYoungGen: 38891K(68096K)->30752K(68096K) Eden: 14336K(14336K)->0K(14336K) From: 24555K(53760K)->30752K(53760K)
[2.236s][info][gc,heap        ] GC(60) ParOldGen: 345543K(392704K)->353975K(392704K)
[2.236s][info][gc,metaspace   ] GC(60) Metaspace: 6298K(6464K)->6298K(6464K) NonClass: 5765K(5824K)->5765K(5824K) Class: 533K(640K)->533K(640K)
[2.236s][info][gc             ] GC(60) Pause Young (Allocation Failure) 375M->375M(450M) 31.917ms
[2.236s][info][gc,cpu         ] GC(60) User=0.14s Sys=0.00s Real=0.03s
[2.251s][info][gc,start       ] GC(61) Pause Young (Allocation Failure)
[2.272s][info][gc,heap        ] GC(61) PSYoungGen: 45088K(68096K)->45120K(65024K) Eden: 14336K(14336K)->0K(12800K) From: 30752K(53760K)->45120K(52224K)
[2.272s][info][gc,heap        ] GC(61) ParOldGen: 353975K(392704K)->353975K(392704K)
[2.272s][info][gc,metaspace   ] GC(61) Metaspace: 6298K(6464K)->6298K(6464K) NonClass: 5765K(5824K)->5765K(5824K) Class: 533K(640K)->533K(640K)
[2.272s][info][gc             ] GC(61) Pause Young (Allocation Failure) 389M->389M(447M) 20.910ms
[2.272s][info][gc,cpu         ] GC(61) User=0.12s Sys=0.00s Real=0.02s
[2.286s][info][gc,start       ] GC(62) Pause Young (Allocation Failure)
[2.312s][info][gc,heap        ] GC(62) PSYoungGen: 57920K(65024K)->55808K(68608K) Eden: 12800K(12800K)->0K(12800K) From: 45120K(52224K)->55808K(55808K)
[2.312s][info][gc,heap        ] GC(62) ParOldGen: 353975K(392704K)->355983K(392704K)
[2.312s][info][gc,metaspace   ] GC(62) Metaspace: 6298K(6464K)->6298K(6464K) NonClass: 5765K(5824K)->5765K(5824K) Class: 533K(640K)->533K(640K)
[2.312s][info][gc             ] GC(62) Pause Young (Allocation Failure) 402M->402M(450M) 25.898ms
[2.312s][info][gc,cpu         ] GC(62) User=0.14s Sys=0.00s Real=0.03s
[2.326s][info][gc,start       ] GC(63) Pause Young (Allocation Failure)
[2.356s][info][gc,heap        ] GC(63) PSYoungGen: 68608K(68608K)->53376K(73728K) Eden: 12800K(12800K)->0K(10240K) From: 55808K(55808K)->53376K(63488K)
[2.356s][info][gc,heap        ] GC(63) ParOldGen: 355983K(392704K)->371551K(392704K)
[2.356s][info][gc,metaspace   ] GC(63) Metaspace: 6298K(6464K)->6298K(6464K) NonClass: 5765K(5824K)->5765K(5824K) Class: 533K(640K)->533K(640K)
[2.356s][info][gc             ] GC(63) Pause Young (Allocation Failure) 414M->414M(455M) 30.888ms
[2.356s][info][gc,cpu         ] GC(63) User=0.14s Sys=0.00s Real=0.03s
[2.367s][info][gc,start       ] GC(64) Pause Young (Allocation Failure)
[2.396s][info][gc,heap        ] GC(64) PSYoungGen: 63616K(73728K)->35872K(46592K) Eden: 10240K(10240K)->0K(10240K) From: 53376K(63488K)->35872K(36352K)
[2.396s][info][gc,heap        ] GC(64) ParOldGen: 371551K(392704K)->399567K(399872K)
[2.396s][info][gc,metaspace   ] GC(64) Metaspace: 6298K(6464K)->6298K(6464K) NonClass: 5765K(5824K)->5765K(5824K) Class: 533K(640K)->533K(640K)
[2.396s][info][gc             ] GC(64) Pause Young (Allocation Failure) 424M->425M(436M) 29.020ms
[2.396s][info][gc,cpu         ] GC(64) User=0.14s Sys=0.00s Real=0.03s
[2.396s][info][gc,start       ] GC(65) Pause Full (Ergonomics)
[2.396s][info][gc,phases,start] GC(65) Marking Phase
[2.490s][info][gc,phases      ] GC(65) Marking Phase 93.440ms
[2.490s][info][gc,phases,start] GC(65) Summary Phase
[2.490s][info][gc,phases      ] GC(65) Summary Phase 0.019ms
[2.490s][info][gc,phases,start] GC(65) Adjust Roots
[2.490s][info][gc,phases      ] GC(65) Adjust Roots 0.145ms
[2.490s][info][gc,phases,start] GC(65) Compaction Phase
[2.541s][info][gc,phases      ] GC(65) Compaction Phase 51.356ms
[2.541s][info][gc,phases,start] GC(65) Post Compact
[2.544s][info][gc,phases      ] GC(65) Post Compact 2.155ms
[2.544s][info][gc,heap        ] GC(65) PSYoungGen: 35872K(46592K)->34665K(46592K) Eden: 0K(10240K)->0K(10240K) From: 35872K(36352K)->34665K(36352K)
[2.544s][info][gc,heap        ] GC(65) ParOldGen: 399567K(399872K)->399792K(457216K)
[2.544s][info][gc,metaspace   ] GC(65) Metaspace: 6298K(6464K)->6298K(6464K) NonClass: 5765K(5824K)->5765K(5824K) Class: 533K(640K)->533K(640K)
[2.544s][info][gc             ] GC(65) Pause Full (Ergonomics) 425M->424M(492M) 147.656ms
[2.544s][info][gc,cpu         ] GC(65) User=0.86s Sys=0.00s Real=0.15s
[2.555s][info][gc,start       ] GC(66) Pause Young (Allocation Failure)
[2.590s][info][gc,heap        ] GC(66) PSYoungGen: 44905K(46592K)->20544K(75776K) Eden: 10240K(10240K)->0K(11776K) From: 34665K(36352K)->20544K(64000K)
[2.590s][info][gc,heap        ] GC(66) ParOldGen: 399792K(457216K)->424672K(457216K)
[2.590s][info][gc,metaspace   ] GC(66) Metaspace: 6298K(6464K)->6298K(6464K) NonClass: 5765K(5824K)->5765K(5824K) Class: 533K(640K)->533K(640K)
[2.590s][info][gc             ] GC(66) Pause Young (Allocation Failure) 434M->434M(520M) 35.091ms
[2.590s][info][gc,cpu         ] GC(66) User=0.22s Sys=0.03s Real=0.04s
[2.603s][info][gc,start       ] GC(67) Pause Young (Allocation Failure)
[2.619s][info][gc,heap        ] GC(67) PSYoungGen: 32320K(75776K)->22112K(76288K) Eden: 11776K(11776K)->0K(11776K) From: 20544K(64000K)->22112K(64512K)
[2.619s][info][gc,heap        ] GC(67) ParOldGen: 424672K(457216K)->435008K(457216K)
[2.619s][info][gc,metaspace   ] GC(67) Metaspace: 6298K(6464K)->6298K(6464K) NonClass: 5765K(5824K)->5765K(5824K) Class: 533K(640K)->533K(640K)
[2.619s][info][gc             ] GC(67) Pause Young (Allocation Failure) 446M->446M(521M) 16.571ms
[2.619s][info][gc,cpu         ] GC(67) User=0.03s Sys=0.00s Real=0.02s
[2.619s][info][gc,start       ] GC(68) Pause Full (Ergonomics)
[2.619s][info][gc,phases,start] GC(68) Marking Phase
[2.715s][info][gc,phases      ] GC(68) Marking Phase 95.139ms
[2.715s][info][gc,phases,start] GC(68) Summary Phase
[2.715s][info][gc,phases      ] GC(68) Summary Phase 0.032ms
[2.715s][info][gc,phases,start] GC(68) Adjust Roots
[2.715s][info][gc,phases      ] GC(68) Adjust Roots 0.150ms
[2.715s][info][gc,phases,start] GC(68) Compaction Phase
[2.761s][info][gc,phases      ] GC(68) Compaction Phase 46.234ms
[2.761s][info][gc,phases,start] GC(68) Post Compact
[2.763s][info][gc,phases      ] GC(68) Post Compact 2.289ms
[2.764s][info][gc,heap        ] GC(68) PSYoungGen: 22112K(76288K)->0K(76800K) Eden: 0K(11776K)->0K(13312K) From: 22112K(64512K)->0K(63488K)
[2.764s][info][gc,heap        ] GC(68) ParOldGen: 435008K(457216K)->456416K(519680K)
[2.764s][info][gc,metaspace   ] GC(68) Metaspace: 6298K(6464K)->6298K(6464K) NonClass: 5765K(5824K)->5765K(5824K) Class: 533K(640K)->533K(640K)
[2.764s][info][gc             ] GC(68) Pause Full (Ergonomics) 446M->445M(582M) 144.431ms
[2.764s][info][gc,cpu         ] GC(68) User=1.00s Sys=0.00s Real=0.14s
[2.780s][info][gc,start       ] GC(69) Pause Young (Allocation Failure)
[2.790s][info][gc,heap        ] GC(69) PSYoungGen: 13312K(76800K)->13440K(76800K) Eden: 13312K(13312K)->0K(13312K) From: 0K(63488K)->13440K(63488K)
[2.790s][info][gc,heap        ] GC(69) ParOldGen: 456416K(519680K)->456416K(519680K)
[2.790s][info][gc,metaspace   ] GC(69) Metaspace: 6298K(6464K)->6298K(6464K) NonClass: 5765K(5824K)->5765K(5824K) Class: 533K(640K)->533K(640K)
[2.790s][info][gc             ] GC(69) Pause Young (Allocation Failure) 458M->458M(582M) 9.633ms
[2.790s][info][gc,cpu         ] GC(69) User=0.00s Sys=0.00s Real=0.01s
[2.805s][info][gc,start       ] GC(70) Pause Young (Allocation Failure)
[2.819s][info][gc,heap        ] GC(70) PSYoungGen: 26752K(76800K)->26752K(73216K) Eden: 13312K(13312K)->0K(14848K) From: 13440K(63488K)->26752K(58368K)
[2.819s][info][gc,heap        ] GC(70) ParOldGen: 456416K(519680K)->456416K(519680K)
[2.819s][info][gc,metaspace   ] GC(70) Metaspace: 6298K(6464K)->6298K(6464K) NonClass: 5765K(5824K)->5765K(5824K) Class: 533K(640K)->533K(640K)
[2.819s][info][gc             ] GC(70) Pause Young (Allocation Failure) 471M->471M(579M) 14.497ms
[2.819s][info][gc,cpu         ] GC(70) User=0.02s Sys=0.00s Real=0.01s
[2.835s][info][gc,start       ] GC(71) Pause Young (Allocation Failure)
[2.856s][info][gc,heap        ] GC(71) PSYoungGen: 41600K(73216K)->41568K(75776K) Eden: 14848K(14848K)->0K(14848K) From: 26752K(58368K)->41568K(60928K)
[2.856s][info][gc,heap        ] GC(71) ParOldGen: 456416K(519680K)->456416K(519680K)
[2.856s][info][gc,metaspace   ] GC(71) Metaspace: 6298K(6464K)->6298K(6464K) NonClass: 5765K(5824K)->5765K(5824K) Class: 533K(640K)->533K(640K)
[2.856s][info][gc             ] GC(71) Pause Young (Allocation Failure) 486M->486M(581M) 20.695ms
[2.856s][info][gc,cpu         ] GC(71) User=0.12s Sys=0.00s Real=0.02s
[2.872s][info][gc,start       ] GC(72) Pause Young (Allocation Failure)
[2.898s][info][gc,heap        ] GC(72) PSYoungGen: 56416K(75776K)->56416K(72192K) Eden: 14848K(14848K)->0K(10240K) From: 41568K(60928K)->56416K(61952K)
[2.898s][info][gc,heap        ] GC(72) ParOldGen: 456416K(519680K)->456416K(519680K)
[2.898s][info][gc,metaspace   ] GC(72) Metaspace: 6298K(6464K)->6298K(6464K) NonClass: 5765K(5824K)->5765K(5824K) Class: 533K(640K)->533K(640K)
[2.898s][info][gc             ] GC(72) Pause Young (Allocation Failure) 500M->500M(578M) 26.252ms
[2.898s][info][gc,cpu         ] GC(72) User=0.14s Sys=0.00s Real=0.03s
[2.909s][info][gc,start       ] GC(73) Pause Young (Allocation Failure)
[2.939s][info][gc,heap        ] GC(73) PSYoungGen: 66656K(72192K)->53344K(78848K) Eden: 10240K(10240K)->0K(10240K) From: 56416K(61952K)->53344K(68608K)
[2.939s][info][gc,heap        ] GC(73) ParOldGen: 456416K(519680K)->469920K(519680K)
[2.939s][info][gc,metaspace   ] GC(73) Metaspace: 6298K(6464K)->6298K(6464K) NonClass: 5765K(5824K)->5765K(5824K) Class: 533K(640K)->533K(640K)
[2.939s][info][gc             ] GC(73) Pause Young (Allocation Failure) 510M->511M(584M) 30.199ms
[2.939s][info][gc,cpu         ] GC(73) User=0.14s Sys=0.00s Real=0.03s
[2.950s][info][gc,start       ] GC(74) Pause Young (Allocation Failure)
[2.979s][info][gc,heap        ] GC(74) PSYoungGen: 63584K(78848K)->50240K(82432K) Eden: 10240K(10240K)->0K(10240K) From: 53344K(68608K)->50240K(72192K)
[2.979s][info][gc,heap        ] GC(74) ParOldGen: 469920K(519680K)->483416K(519680K)
[2.979s][info][gc,metaspace   ] GC(74) Metaspace: 6298K(6464K)->6298K(6464K) NonClass: 5765K(5824K)->5765K(5824K) Class: 533K(640K)->533K(640K)
[2.979s][info][gc             ] GC(74) Pause Young (Allocation Failure) 521M->521M(588M) 28.743ms
[2.979s][info][gc,cpu         ] GC(74) User=0.12s Sys=0.00s Real=0.03s
[2.990s][info][gc,start       ] GC(75) Pause Young (Allocation Failure)
[3.019s][info][gc,heap        ] GC(75) PSYoungGen: 60480K(82432K)->30816K(41472K) Eden: 10240K(10240K)->0K(10240K) From: 50240K(72192K)->30816K(31232K)
[3.019s][info][gc,heap        ] GC(75) ParOldGen: 483416K(519680K)->513464K(519680K)
[3.019s][info][gc,metaspace   ] GC(75) Metaspace: 6298K(6464K)->6298K(6464K) NonClass: 5765K(5824K)->5765K(5824K) Class: 533K(640K)->533K(640K)
[3.019s][info][gc             ] GC(75) Pause Young (Allocation Failure) 531M->531M(548M) 29.149ms
[3.019s][info][gc,cpu         ] GC(75) User=0.12s Sys=0.02s Real=0.03s
[3.019s][info][gc,start       ] GC(76) Pause Full (Ergonomics)
[3.019s][info][gc,phases,start] GC(76) Marking Phase
[3.134s][info][gc,phases      ] GC(76) Marking Phase 114.888ms
[3.134s][info][gc,phases,start] GC(76) Summary Phase
[3.134s][info][gc,phases      ] GC(76) Summary Phase 0.020ms
[3.134s][info][gc,phases,start] GC(76) Adjust Roots
[3.134s][info][gc,phases      ] GC(76) Adjust Roots 0.145ms
[3.134s][info][gc,phases,start] GC(76) Compaction Phase
[3.187s][info][gc,phases      ] GC(76) Compaction Phase 52.417ms
[3.187s][info][gc,phases,start] GC(76) Post Compact
[3.188s][info][gc,phases      ] GC(76) Post Compact 0.821ms
[3.188s][info][gc,heap        ] GC(76) PSYoungGen: 30816K(41472K)->23985K(41472K) Eden: 0K(10240K)->0K(10240K) From: 30816K(31232K)->23985K(31232K)
[3.188s][info][gc,heap        ] GC(76) ParOldGen: 513464K(519680K)->519250K(589824K)
[3.188s][info][gc,metaspace   ] GC(76) Metaspace: 6298K(6464K)->6298K(6464K) NonClass: 5765K(5824K)->5765K(5824K) Class: 533K(640K)->533K(640K)
[3.188s][info][gc             ] GC(76) Pause Full (Ergonomics) 531M->530M(616M) 168.847ms
[3.188s][info][gc,cpu         ] GC(76) User=1.14s Sys=0.02s Real=0.17s
[3.201s][info][gc,start       ] GC(77) Pause Young (Allocation Failure)
[3.238s][info][gc,heap        ] GC(77) PSYoungGen: 34225K(41472K)->18336K(82944K) Eden: 10240K(10240K)->0K(11776K) From: 23985K(31232K)->18336K(71168K)
[3.238s][info][gc,heap        ] GC(77) ParOldGen: 519250K(589824K)->535530K(589824K)
[3.238s][info][gc,metaspace   ] GC(77) Metaspace: 6298K(6464K)->6298K(6464K) NonClass: 5765K(5824K)->5765K(5824K) Class: 533K(640K)->533K(640K)
[3.238s][info][gc             ] GC(77) Pause Young (Allocation Failure) 540M->540M(657M) 37.074ms
[3.238s][info][gc,cpu         ] GC(77) User=0.23s Sys=0.02s Real=0.04s
[3.251s][info][gc,start       ] GC(78) Pause Young (Allocation Failure)
[3.267s][info][gc,heap        ] GC(78) PSYoungGen: 30112K(82944K)->22176K(82944K) Eden: 11776K(11776K)->0K(11776K) From: 18336K(71168K)->22176K(71168K)
[3.267s][info][gc,heap        ] GC(78) ParOldGen: 535530K(589824K)->543634K(589824K)
[3.267s][info][gc,metaspace   ] GC(78) Metaspace: 6298K(6464K)->6298K(6464K) NonClass: 5765K(5824K)->5765K(5824K) Class: 533K(640K)->533K(640K)
[3.267s][info][gc             ] GC(78) Pause Young (Allocation Failure) 552M->552M(657M) 16.531ms
[3.267s][info][gc,cpu         ] GC(78) User=0.03s Sys=0.00s Real=0.02s
[3.281s][info][gc,start       ] GC(79) Pause Young (Allocation Failure)
[3.299s][info][gc,heap        ] GC(79) PSYoungGen: 33952K(82944K)->23648K(78848K) Eden: 11776K(11776K)->0K(13312K) From: 22176K(71168K)->23648K(65536K)
[3.299s][info][gc,heap        ] GC(79) ParOldGen: 543634K(589824K)->554034K(589824K)
[3.299s][info][gc,metaspace   ] GC(79) Metaspace: 6298K(6464K)->6298K(6464K) NonClass: 5765K(5824K)->5765K(5824K) Class: 533K(640K)->533K(640K)
[3.299s][info][gc             ] GC(79) Pause Young (Allocation Failure) 564M->564M(653M) 18.483ms
[3.299s][info][gc,cpu         ] GC(79) User=0.05s Sys=0.00s Real=0.02s
[3.314s][info][gc,start       ] GC(80) Pause Young (Allocation Failure)
[3.334s][info][gc,heap        ] GC(80) PSYoungGen: 36960K(78848K)->13472K(80896K) Eden: 13312K(13312K)->0K(13312K) From: 23648K(65536K)->13472K(67584K)
[3.334s][info][gc,heap        ] GC(80) ParOldGen: 554034K(589824K)->577874K(589824K)
[3.334s][info][gc,metaspace   ] GC(80) Metaspace: 6298K(6464K)->6298K(6464K) NonClass: 5765K(5824K)->5765K(5824K) Class: 533K(640K)->533K(640K)
[3.334s][info][gc             ] GC(80) Pause Young (Allocation Failure) 577M->577M(655M) 20.150ms
[3.334s][info][gc,cpu         ] GC(80) User=0.09s Sys=0.03s Real=0.02s
[3.334s][info][gc,start       ] GC(81) Pause Full (Ergonomics)
[3.334s][info][gc,phases,start] GC(81) Marking Phase
[3.461s][info][gc,phases      ] GC(81) Marking Phase 127.447ms
[3.461s][info][gc,phases,start] GC(81) Summary Phase
[3.461s][info][gc,phases      ] GC(81) Summary Phase 0.020ms
[3.461s][info][gc,phases,start] GC(81) Adjust Roots
[3.462s][info][gc,phases      ] GC(81) Adjust Roots 0.149ms
[3.462s][info][gc,phases,start] GC(81) Compaction Phase
[3.514s][info][gc,phases      ] GC(81) Compaction Phase 51.961ms
[3.514s][info][gc,phases,start] GC(81) Post Compact
[3.514s][info][gc,phases      ] GC(81) Post Compact 0.828ms
[3.515s][info][gc,heap        ] GC(81) PSYoungGen: 13472K(80896K)->509K(80896K) Eden: 0K(13312K)->0K(13312K) From: 13472K(67584K)->509K(67584K)
[3.515s][info][gc,heap        ] GC(81) ParOldGen: 577874K(589824K)->589712K(664064K)
[3.515s][info][gc,metaspace   ] GC(81) Metaspace: 6298K(6464K)->6298K(6464K) NonClass: 5765K(5824K)->5765K(5824K) Class: 533K(640K)->533K(640K)
[3.515s][info][gc             ] GC(81) Pause Full (Ergonomics) 577M->576M(727M) 180.890ms
[3.515s][info][gc,cpu         ] GC(81) User=1.14s Sys=0.05s Real=0.18s
[3.530s][info][gc,start       ] GC(82) Pause Young (Allocation Failure)
[3.563s][info][gc,heap        ] GC(82) PSYoungGen: 13821K(80896K)->13408K(79872K) Eden: 13312K(13312K)->0K(14848K) From: 509K(67584K)->13408K(65024K)
[3.563s][info][gc,heap        ] GC(82) ParOldGen: 589712K(664064K)->590256K(664064K)
[3.564s][info][gc,metaspace   ] GC(82) Metaspace: 6298K(6464K)->6298K(6464K) NonClass: 5765K(5824K)->5765K(5824K) Class: 533K(640K)->533K(640K)
[3.564s][info][gc             ] GC(82) Pause Young (Allocation Failure) 589M->589M(726M) 33.374ms
[3.564s][info][gc,cpu         ] GC(82) User=0.14s Sys=0.02s Real=0.03s
[3.581s][info][gc,start       ] GC(83) Pause Young (Allocation Failure)
[3.597s][info][gc,heap        ] GC(83) PSYoungGen: 28256K(79872K)->28288K(43520K) Eden: 14848K(14848K)->0K(14848K) From: 13408K(65024K)->28288K(28672K)
[3.598s][info][gc,heap        ] GC(83) ParOldGen: 590256K(664064K)->590256K(664064K)
[3.598s][info][gc,metaspace   ] GC(83) Metaspace: 6298K(6464K)->6298K(6464K) NonClass: 5765K(5824K)->5765K(5824K) Class: 533K(640K)->533K(640K)
[3.598s][info][gc             ] GC(83) Pause Young (Allocation Failure) 604M->604M(691M) 16.730ms
[3.598s][info][gc,cpu         ] GC(83) User=0.03s Sys=0.00s Real=0.02s
[3.617s][info][gc,start       ] GC(84) Pause Young (Allocation Failure)
[3.639s][info][gc,heap        ] GC(84) PSYoungGen: 43136K(43520K)->43104K(77312K) Eden: 14848K(14848K)->0K(14336K) From: 28288K(28672K)->43104K(62976K)
[3.639s][info][gc,heap        ] GC(84) ParOldGen: 590256K(664064K)->590256K(664064K)
[3.639s][info][gc,metaspace   ] GC(84) Metaspace: 6298K(6464K)->6298K(6464K) NonClass: 5765K(5824K)->5765K(5824K) Class: 533K(640K)->533K(640K)
[3.639s][info][gc             ] GC(84) Pause Young (Allocation Failure) 618M->618M(724M) 22.178ms
[3.639s][info][gc,cpu         ] GC(84) User=0.12s Sys=0.00s Real=0.02s
[3.657s][info][gc,start       ] GC(85) Pause Young (Allocation Failure)
[3.685s][info][gc,heap        ] GC(85) PSYoungGen: 57440K(77312K)->44160K(79360K) Eden: 14336K(14336K)->0K(14336K) From: 43104K(62976K)->44160K(65024K)
[3.685s][info][gc,heap        ] GC(85) ParOldGen: 590256K(664064K)->603752K(664064K)
[3.685s][info][gc,metaspace   ] GC(85) Metaspace: 6298K(6464K)->6298K(6464K) NonClass: 5765K(5824K)->5765K(5824K) Class: 533K(640K)->533K(640K)
[3.685s][info][gc             ] GC(85) Pause Young (Allocation Failure) 632M->632M(726M) 28.910ms
[3.686s][info][gc,cpu         ] GC(85) User=0.11s Sys=0.02s Real=0.03s
[3.701s][info][gc,start       ] GC(86) Pause Young (Allocation Failure)
[3.730s][info][gc,heap        ] GC(86) PSYoungGen: 58496K(79360K)->43712K(81920K) Eden: 14336K(14336K)->0K(15360K) From: 44160K(65024K)->43712K(66560K)
[3.730s][info][gc,heap        ] GC(86) ParOldGen: 603752K(664064K)->618808K(664064K)
[3.730s][info][gc,metaspace   ] GC(86) Metaspace: 6298K(6464K)->6298K(6464K) NonClass: 5765K(5824K)->5765K(5824K) Class: 533K(640K)->533K(640K)
[3.730s][info][gc             ] GC(86) Pause Young (Allocation Failure) 646M->646M(728M) 29.046ms
[3.730s][info][gc,cpu         ] GC(86) User=0.12s Sys=0.00s Real=0.03s
[3.749s][info][gc,start       ] GC(87) Pause Young (Allocation Failure)
[3.779s][info][gc,heap        ] GC(87) PSYoungGen: 59072K(81920K)->44160K(82944K) Eden: 15360K(15360K)->0K(15360K) From: 43712K(66560K)->44160K(67584K)
[3.779s][info][gc,heap        ] GC(87) ParOldGen: 618808K(664064K)->633864K(664064K)
[3.779s][info][gc,metaspace   ] GC(87) Metaspace: 6298K(6464K)->6298K(6464K) NonClass: 5765K(5824K)->5765K(5824K) Class: 533K(640K)->533K(640K)
[3.779s][info][gc             ] GC(87) Pause Young (Allocation Failure) 661M->662M(729M) 29.764ms
[3.779s][info][gc,cpu         ] GC(87) User=0.14s Sys=0.00s Real=0.03s
[3.798s][info][gc,start       ] GC(88) Pause Young (Allocation Failure)
[3.828s][info][gc,heap        ] GC(88) PSYoungGen: 59520K(82944K)->30848K(80384K) Eden: 15360K(15360K)->0K(17408K) From: 44160K(67584K)->30848K(62976K)
[3.828s][info][gc,heap        ] GC(88) ParOldGen: 633864K(664064K)->662920K(664064K)
[3.829s][info][gc,metaspace   ] GC(88) Metaspace: 6298K(6464K)->6298K(6464K) NonClass: 5765K(5824K)->5765K(5824K) Class: 533K(640K)->533K(640K)
[3.829s][info][gc             ] GC(88) Pause Young (Allocation Failure) 677M->677M(727M) 30.088ms
[3.829s][info][gc,cpu         ] GC(88) User=0.12s Sys=0.00s Real=0.03s
[3.829s][info][gc,start       ] GC(89) Pause Full (Ergonomics)
[3.829s][info][gc,phases,start] GC(89) Marking Phase
[3.985s][info][gc,phases      ] GC(89) Marking Phase 156.615ms
[3.985s][info][gc,phases,start] GC(89) Summary Phase
[3.985s][info][gc,phases      ] GC(89) Summary Phase 0.023ms
[3.985s][info][gc,phases,start] GC(89) Adjust Roots
[3.985s][info][gc,phases      ] GC(89) Adjust Roots 0.148ms
[3.985s][info][gc,phases,start] GC(89) Compaction Phase
[4.049s][info][gc,phases      ] GC(89) Compaction Phase 63.609ms
[4.049s][info][gc,phases,start] GC(89) Post Compact
[4.050s][info][gc,phases      ] GC(89) Post Compact 1.277ms
[4.051s][info][gc,heap        ] GC(89) PSYoungGen: 30848K(80384K)->28608K(82432K) Eden: 0K(17408K)->0K(19456K) From: 30848K(62976K)->28608K(62976K)
[4.051s][info][gc,heap        ] GC(89) ParOldGen: 662920K(664064K)->663788K(745472K)
[4.051s][info][gc,metaspace   ] GC(89) Metaspace: 6298K(6464K)->6298K(6464K) NonClass: 5765K(5824K)->5765K(5824K) Class: 533K(640K)->533K(640K)
[4.051s][info][gc             ] GC(89) Pause Full (Ergonomics) 677M->676M(808M) 222.273ms
[4.051s][info][gc,cpu         ] GC(89) User=1.52s Sys=0.00s Real=0.22s
[4.182s][info][gc,start       ] GC(90) Pause Young (Allocation Failure)
[4.232s][info][gc,heap        ] GC(90) PSYoungGen: 48064K(82432K)->19584K(84992K) Eden: 19456K(19456K)->0K(19456K) From: 28608K(62976K)->19584K(65536K)
[4.232s][info][gc,heap        ] GC(90) ParOldGen: 696556K(745472K)->725604K(745472K)
[4.232s][info][gc,metaspace   ] GC(90) Metaspace: 6298K(6464K)->6298K(6464K) NonClass: 5765K(5824K)->5765K(5824K) Class: 533K(640K)->533K(640K)
[4.232s][info][gc             ] GC(90) Pause Young (Allocation Failure) 727M->727M(811M) 50.158ms
[4.232s][info][gc,cpu         ] GC(90) User=0.30s Sys=0.02s Real=0.05s
[4.232s][info][gc,start       ] GC(91) Pause Full (Ergonomics)
[4.232s][info][gc,phases,start] GC(91) Marking Phase
[4.390s][info][gc,phases      ] GC(91) Marking Phase 158.191ms
[4.390s][info][gc,phases,start] GC(91) Summary Phase
[4.390s][info][gc,phases      ] GC(91) Summary Phase 0.030ms
[4.390s][info][gc,phases,start] GC(91) Adjust Roots
[4.391s][info][gc,phases      ] GC(91) Adjust Roots 0.148ms
[4.391s][info][gc,phases,start] GC(91) Compaction Phase
[4.506s][info][gc,phases      ] GC(91) Compaction Phase 115.790ms
[4.507s][info][gc,phases,start] GC(91) Post Compact
[4.508s][info][gc,phases      ] GC(91) Post Compact 1.474ms
[4.508s][info][gc,heap        ] GC(91) PSYoungGen: 19584K(84992K)->0K(86016K) Eden: 0K(19456K)->0K(21504K) From: 19584K(65536K)->0K(64512K)
[4.508s][info][gc,heap        ] GC(91) ParOldGen: 725604K(745472K)->728207K(819200K)
[4.508s][info][gc,metaspace   ] GC(91) Metaspace: 6298K(6464K)->6298K(6464K) NonClass: 5765K(5824K)->5765K(5824K) Class: 533K(640K)->533K(640K)
[4.508s][info][gc             ] GC(91) Pause Full (Ergonomics) 727M->711M(884M) 276.183ms
[4.508s][info][gc,cpu         ] GC(91) User=1.78s Sys=0.00s Real=0.28s
[4.534s][info][gc,start       ] GC(92) Pause Young (Allocation Failure)
[4.550s][info][gc,heap        ] GC(92) PSYoungGen: 21504K(86016K)->21664K(86016K) Eden: 21504K(21504K)->0K(21504K) From: 0K(64512K)->21664K(64512K)
[4.550s][info][gc,heap        ] GC(92) ParOldGen: 728207K(819200K)->728207K(819200K)
[4.550s][info][gc,metaspace   ] GC(92) Metaspace: 6298K(6464K)->6298K(6464K) NonClass: 5765K(5824K)->5765K(5824K) Class: 533K(640K)->533K(640K)
[4.550s][info][gc             ] GC(92) Pause Young (Allocation Failure) 732M->732M(884M) 16.182ms
[4.550s][info][gc,cpu         ] GC(92) User=0.02s Sys=0.00s Real=0.02s
[4.573s][info][gc,start       ] GC(93) Pause Young (Allocation Failure)
[4.596s][info][gc,heap        ] GC(93) PSYoungGen: 43168K(86016K)->43168K(86016K) Eden: 21504K(21504K)->0K(22528K) From: 21664K(64512K)->43168K(63488K)
[4.596s][info][gc,heap        ] GC(93) ParOldGen: 728207K(819200K)->728207K(819200K)
[4.596s][info][gc,metaspace   ] GC(93) Metaspace: 6298K(6464K)->6298K(6464K) NonClass: 5765K(5824K)->5765K(5824K) Class: 533K(640K)->533K(640K)
[4.596s][info][gc             ] GC(93) Pause Young (Allocation Failure) 753M->753M(884M) 22.486ms
[4.596s][info][gc,cpu         ] GC(93) User=0.05s Sys=0.00s Real=0.02s
[4.619s][info][gc,start       ] GC(94) Pause Young (Allocation Failure)
[4.650s][info][gc,heap        ] GC(94) PSYoungGen: 65696K(86016K)->64512K(87040K) Eden: 22528K(22528K)->0K(22528K) From: 43168K(63488K)->64512K(64512K)
[4.650s][info][gc,heap        ] GC(94) ParOldGen: 728207K(819200K)->729327K(819200K)
[4.650s][info][gc,metaspace   ] GC(94) Metaspace: 6298K(6464K)->6298K(6464K) NonClass: 5765K(5824K)->5765K(5824K) Class: 533K(640K)->533K(640K)
[4.650s][info][gc             ] GC(94) Pause Young (Allocation Failure) 775M->775M(885M) 30.954ms
[4.650s][info][gc,cpu         ] GC(94) User=0.06s Sys=0.00s Real=0.03s
[4.675s][info][gc,start       ] GC(95) Pause Young (Allocation Failure)
[4.716s][info][gc,heap        ] GC(95) PSYoungGen: 87040K(87040K)->44864K(97792K) Eden: 22528K(22528K)->0K(25088K) From: 64512K(64512K)->44864K(72704K)
[4.716s][info][gc,heap        ] GC(95) ParOldGen: 729327K(819200K)->772127K(819200K)
[4.716s][info][gc,metaspace   ] GC(95) Metaspace: 6298K(6464K)->6298K(6464K) NonClass: 5765K(5824K)->5765K(5824K) Class: 533K(640K)->533K(640K)
[4.716s][info][gc             ] GC(95) Pause Young (Allocation Failure) 797M->797M(895M) 41.187ms
[4.716s][info][gc,cpu         ] GC(95) User=0.23s Sys=0.03s Real=0.04s
[4.742s][info][gc,start       ] GC(96) Pause Young (Allocation Failure)
[4.775s][info][gc,heap        ] GC(96) PSYoungGen: 69952K(97792K)->47776K(98304K) Eden: 25088K(25088K)->0K(25088K) From: 44864K(72704K)->47776K(73216K)
[4.775s][info][gc,heap        ] GC(96) ParOldGen: 772127K(819200K)->794647K(819200K)
[4.775s][info][gc,metaspace   ] GC(96) Metaspace: 6298K(6464K)->6298K(6464K) NonClass: 5765K(5824K)->5765K(5824K) Class: 533K(640K)->533K(640K)
[4.776s][info][gc             ] GC(96) Pause Young (Allocation Failure) 822M->822M(896M) 33.809ms
[4.776s][info][gc,cpu         ] GC(96) User=0.23s Sys=0.02s Real=0.03s
[4.776s][info][gc,start       ] GC(97) Pause Full (Ergonomics)
[4.776s][info][gc,phases,start] GC(97) Marking Phase
[4.967s][info][gc,phases      ] GC(97) Marking Phase 191.276ms
[4.967s][info][gc,phases,start] GC(97) Summary Phase
[4.967s][info][gc,phases      ] GC(97) Summary Phase 0.025ms
[4.967s][info][gc,phases,start] GC(97) Adjust Roots
[4.967s][info][gc,phases      ] GC(97) Adjust Roots 0.167ms
[4.967s][info][gc,phases,start] GC(97) Compaction Phase
[5.066s][info][gc,phases      ] GC(97) Compaction Phase 98.515ms
[5.066s][info][gc,phases,start] GC(97) Post Compact
[5.067s][info][gc,phases      ] GC(97) Post Compact 1.537ms
[5.068s][info][gc,heap        ] GC(97) PSYoungGen: 47776K(98304K)->22010K(98304K) Eden: 0K(25088K)->0K(25088K) From: 47776K(73216K)->22010K(73216K)
[5.068s][info][gc,heap        ] GC(97) ParOldGen: 794647K(819200K)->819194K(922112K)
[5.068s][info][gc,metaspace   ] GC(97) Metaspace: 6298K(6464K)->6298K(6464K) NonClass: 5765K(5824K)->5765K(5824K) Class: 533K(640K)->533K(640K)
[5.068s][info][gc             ] GC(97) Pause Full (Ergonomics) 822M->821M(996M) 292.188ms
[5.068s][info][gc,cpu         ] GC(97) User=2.02s Sys=0.00s Real=0.29s
[5.098s][info][gc,start       ] GC(98) Pause Young (Allocation Failure)
[5.154s][info][gc,heap        ] GC(98) PSYoungGen: 47098K(98304K)->37216K(93696K) Eden: 25088K(25088K)->0K(27648K) From: 22010K(73216K)->37216K(66048K)
[5.154s][info][gc,heap        ] GC(98) ParOldGen: 819194K(922112K)->829434K(922112K)
[5.154s][info][gc,metaspace   ] GC(98) Metaspace: 6298K(6464K)->6298K(6464K) NonClass: 5765K(5824K)->5765K(5824K) Class: 533K(640K)->533K(640K)
[5.154s][info][gc             ] GC(98) Pause Young (Allocation Failure) 845M->846M(992M) 56.335ms
[5.154s][info][gc,cpu         ] GC(98) User=0.38s Sys=0.00s Real=0.06s
[5.184s][info][gc,start       ] GC(99) Pause Young (Allocation Failure)
[5.216s][info][gc,heap        ] GC(99) PSYoungGen: 64864K(93696K)->64864K(97792K) Eden: 27648K(27648K)->0K(27648K) From: 37216K(66048K)->64864K(70144K)
[5.216s][info][gc,heap        ] GC(99) ParOldGen: 829434K(922112K)->829434K(922112K)
[5.216s][info][gc,metaspace   ] GC(99) Metaspace: 6298K(6464K)->6298K(6464K) NonClass: 5765K(5824K)->5765K(5824K) Class: 533K(640K)->533K(640K)
[5.216s][info][gc             ] GC(99) Pause Young (Allocation Failure) 873M->873M(996M) 32.669ms
[5.216s][info][gc,cpu         ] GC(99) User=0.17s Sys=0.00s Real=0.03s
[5.250s][info][gc,start       ] GC(100) Pause Young (Allocation Failure)
[5.295s][info][gc,heap        ] GC(100) PSYoungGen: 92512K(97792K)->77312K(92672K) Eden: 27648K(27648K)->0K(15360K) From: 64864K(70144K)->77312K(77312K)
[5.295s][info][gc,heap        ] GC(100) ParOldGen: 829434K(922112K)->844754K(922112K)
[5.295s][info][gc,metaspace   ] GC(100) Metaspace: 6298K(6464K)->6298K(6464K) NonClass: 5765K(5824K)->5765K(5824K) Class: 533K(640K)->533K(640K)
[5.295s][info][gc             ] GC(100) Pause Young (Allocation Failure) 900M->900M(991M) 45.859ms
[5.295s][info][gc,cpu         ] GC(100) User=0.20s Sys=0.05s Real=0.04s
[5.312s][info][gc,start       ] GC(101) Pause Young (Allocation Failure)
[5.355s][info][gc,heap        ] GC(101) PSYoungGen: 92672K(92672K)->61952K(108032K) Eden: 15360K(15360K)->0K(15360K) From: 77312K(77312K)->61952K(92672K)
[5.355s][info][gc,heap        ] GC(101) ParOldGen: 844754K(922112K)->875994K(922112K)
[5.355s][info][gc,metaspace   ] GC(101) Metaspace: 6298K(6464K)->6298K(6464K) NonClass: 5765K(5824K)->5765K(5824K) Class: 533K(640K)->533K(640K)
[5.355s][info][gc             ] GC(101) Pause Young (Allocation Failure) 915M->915M(1006M) 43.468ms
[5.355s][info][gc,cpu         ] GC(101) User=0.25s Sys=0.00s Real=0.04s
[5.372s][info][gc,start       ] GC(102) Pause Young (Allocation Failure)
[5.409s][info][gc,heap        ] GC(102) PSYoungGen: 77312K(108032K)->54112K(107520K) Eden: 15360K(15360K)->0K(17408K) From: 61952K(92672K)->54112K(90112K)
[5.409s][info][gc,heap        ] GC(102) ParOldGen: 875994K(922112K)->899418K(922112K)
[5.409s][info][gc,metaspace   ] GC(102) Metaspace: 6298K(6464K)->6298K(6464K) NonClass: 5765K(5824K)->5765K(5824K) Class: 533K(640K)->533K(640K)
[5.410s][info][gc             ] GC(102) Pause Young (Allocation Failure) 930M->931M(1005M) 37.274ms
[5.410s][info][gc,cpu         ] GC(102) User=0.25s Sys=0.00s Real=0.04s
[5.410s][info][gc,start       ] GC(103) Pause Full (Ergonomics)
[5.410s][info][gc,phases,start] GC(103) Marking Phase
[5.615s][info][gc,phases      ] GC(103) Marking Phase 205.594ms
[5.615s][info][gc,phases,start] GC(103) Summary Phase
[5.615s][info][gc,phases      ] GC(103) Summary Phase 0.024ms
[5.615s][info][gc,phases,start] GC(103) Adjust Roots
[5.615s][info][gc,phases      ] GC(103) Adjust Roots 0.155ms
[5.615s][info][gc,phases,start] GC(103) Compaction Phase
[5.717s][info][gc,phases      ] GC(103) Compaction Phase 101.337ms
[5.717s][info][gc,phases,start] GC(103) Post Compact
[5.719s][info][gc,phases      ] GC(103) Post Compact 1.745ms
[5.719s][info][gc,heap        ] GC(103) PSYoungGen: 54112K(107520K)->30396K(109568K) Eden: 0K(17408K)->0K(19456K) From: 54112K(90112K)->30396K(90112K)
[5.719s][info][gc,heap        ] GC(103) ParOldGen: 899418K(922112K)->921759K(1029632K)
[5.719s][info][gc,metaspace   ] GC(103) Metaspace: 6298K(6464K)->6298K(6464K) NonClass: 5765K(5824K)->5765K(5824K) Class: 533K(640K)->533K(640K)
[5.719s][info][gc             ] GC(103) Pause Full (Ergonomics) 931M->929M(1112M) 309.591ms
[5.719s][info][gc,cpu         ] GC(103) User=2.00s Sys=0.05s Real=0.31s
[5.741s][info][gc,start       ] GC(104) Pause Young (Allocation Failure)
[5.803s][info][gc,heap        ] GC(104) PSYoungGen: 49852K(109568K)->28544K(111616K) Eden: 19456K(19456K)->0K(19456K) From: 30396K(90112K)->28544K(92160K)
[5.803s][info][gc,heap        ] GC(104) ParOldGen: 921759K(1029632K)->943543K(1029632K)
[5.803s][info][gc,metaspace   ] GC(104) Metaspace: 6298K(6464K)->6298K(6464K) NonClass: 5765K(5824K)->5765K(5824K) Class: 533K(640K)->533K(640K)
[5.803s][info][gc             ] GC(104) Pause Young (Allocation Failure) 948M->949M(1114M) 61.503ms
[5.803s][info][gc,cpu         ] GC(104) User=0.38s Sys=0.02s Real=0.06s
[5.826s][info][gc,start       ] GC(105) Pause Young (Allocation Failure)
[5.852s][info][gc,heap        ] GC(105) PSYoungGen: 48000K(111616K)->39104K(105472K) Eden: 19456K(19456K)->0K(21504K) From: 28544K(92160K)->39104K(83968K)
[5.852s][info][gc,heap        ] GC(105) ParOldGen: 943543K(1029632K)->952591K(1029632K)
[5.852s][info][gc,metaspace   ] GC(105) Metaspace: 6298K(6464K)->6298K(6464K) NonClass: 5765K(5824K)->5765K(5824K) Class: 533K(640K)->533K(640K)
[5.852s][info][gc             ] GC(105) Pause Young (Allocation Failure) 968M->968M(1108M) 25.466ms
[5.852s][info][gc,cpu         ] GC(105) User=0.12s Sys=0.00s Real=0.03s
[5.876s][info][gc,start       ] GC(106) Pause Young (Allocation Failure)
[5.907s][info][gc,heap        ] GC(106) PSYoungGen: 60608K(105472K)->41120K(62976K) Eden: 21504K(21504K)->0K(21504K) From: 39104K(83968K)->41120K(41472K)
[5.907s][info][gc,heap        ] GC(106) ParOldGen: 952591K(1029632K)->972303K(1029632K)
[5.907s][info][gc,metaspace   ] GC(106) Metaspace: 6298K(6464K)->6298K(6464K) NonClass: 5765K(5824K)->5765K(5824K) Class: 533K(640K)->533K(640K)
[5.907s][info][gc             ] GC(106) Pause Young (Allocation Failure) 989M->989M(1067M) 31.362ms
[5.907s][info][gc,cpu         ] GC(106) User=0.12s Sys=0.02s Real=0.03s
[5.932s][info][gc,start       ] GC(107) Pause Young (Allocation Failure)
[5.965s][info][gc,heap        ] GC(107) PSYoungGen: 62624K(62976K)->43136K(100864K) Eden: 21504K(21504K)->0K(24064K) From: 41120K(41472K)->43136K(76800K)
[5.965s][info][gc,heap        ] GC(107) ParOldGen: 972303K(1029632K)->992039K(1029632K)
[5.965s][info][gc,metaspace   ] GC(107) Metaspace: 6298K(6464K)->6298K(6464K) NonClass: 5765K(5824K)->5765K(5824K) Class: 533K(640K)->533K(640K)
[5.965s][info][gc             ] GC(107) Pause Young (Allocation Failure) 1010M->1010M(1104M) 32.518ms
[5.965s][info][gc,cpu         ] GC(107) User=0.16s Sys=0.00s Real=0.03s
[5.965s][info][gc,start       ] GC(108) Pause Full (Ergonomics)
[5.965s][info][gc,phases,start] GC(108) Marking Phase
[6.193s][info][gc,phases      ] GC(108) Marking Phase 227.924ms
[6.193s][info][gc,phases,start] GC(108) Summary Phase
[6.193s][info][gc,phases      ] GC(108) Summary Phase 0.032ms
[6.193s][info][gc,phases,start] GC(108) Adjust Roots
[6.193s][info][gc,phases      ] GC(108) Adjust Roots 0.167ms
[6.193s][info][gc,phases,start] GC(108) Compaction Phase
[6.292s][info][gc,phases      ] GC(108) Compaction Phase 99.002ms
[6.292s][info][gc,phases,start] GC(108) Post Compact
[6.294s][info][gc,phases      ] GC(108) Post Compact 1.768ms
[6.294s][info][gc,heap        ] GC(108) PSYoungGen: 43136K(100864K)->4626K(103936K) Eden: 0K(24064K)->0K(27136K) From: 43136K(76800K)->4626K(76800K)
[6.294s][info][gc,heap        ] GC(108) ParOldGen: 992039K(1029632K)->1029328K(1139712K)
[6.294s][info][gc,metaspace   ] GC(108) Metaspace: 6298K(6464K)->6298K(6464K) NonClass: 5765K(5824K)->5765K(5824K) Class: 533K(640K)->533K(640K)
[6.294s][info][gc             ] GC(108) Pause Full (Ergonomics) 1010M->1009M(1214M) 329.589ms
[6.294s][info][gc,cpu         ] GC(108) User=2.41s Sys=0.02s Real=0.33s
[6.329s][info][gc,start       ] GC(109) Pause Young (Allocation Failure)
[6.388s][info][gc,heap        ] GC(109) PSYoungGen: 31762K(103936K)->31264K(107520K) Eden: 27136K(27136K)->0K(27136K) From: 4626K(76800K)->31264K(80384K)
[6.388s][info][gc,heap        ] GC(109) ParOldGen: 1029328K(1139712K)->1030040K(1139712K)
[6.388s][info][gc,metaspace   ] GC(109) Metaspace: 6298K(6464K)->6298K(6464K) NonClass: 5765K(5824K)->5765K(5824K) Class: 533K(640K)->533K(640K)
[6.388s][info][gc             ] GC(109) Pause Young (Allocation Failure) 1036M->1036M(1218M) 59.401ms
[6.388s][info][gc,cpu         ] GC(109) User=0.38s Sys=0.00s Real=0.06s
[6.418s][info][gc,start       ] GC(110) Pause Young (Allocation Failure)
[6.449s][info][gc,heap        ] GC(110) PSYoungGen: 58400K(107520K)->58432K(107008K) Eden: 27136K(27136K)->0K(27648K) From: 31264K(80384K)->58432K(79360K)
[6.450s][info][gc,heap        ] GC(110) ParOldGen: 1030040K(1139712K)->1030040K(1139712K)
[6.450s][info][gc,metaspace   ] GC(110) Metaspace: 6298K(6464K)->6298K(6464K) NonClass: 5765K(5824K)->5765K(5824K) Class: 533K(640K)->533K(640K)
[6.450s][info][gc             ] GC(110) Pause Young (Allocation Failure) 1062M->1062M(1217M) 31.231ms
[6.450s][info][gc,cpu         ] GC(110) User=0.23s Sys=0.00s Real=0.03s
[6.481s][info][gc,start       ] GC(111) Pause Young (Allocation Failure)
[6.524s][info][gc,heap        ] GC(111) PSYoungGen: 86080K(107008K)->81408K(109056K) Eden: 27648K(27648K)->0K(27648K) From: 58432K(79360K)->81408K(81408K)
[6.524s][info][gc,heap        ] GC(111) ParOldGen: 1030040K(1139712K)->1034704K(1139712K)
[6.524s][info][gc,metaspace   ] GC(111) Metaspace: 6298K(6464K)->6298K(6464K) NonClass: 5765K(5824K)->5765K(5824K) Class: 533K(640K)->533K(640K)
[6.524s][info][gc             ] GC(111) Pause Young (Allocation Failure) 1089M->1089M(1219M) 43.585ms
[6.524s][info][gc,cpu         ] GC(111) User=0.38s Sys=0.00s Real=0.04s
[6.556s][info][gc,start       ] GC(112) Pause Young (Allocation Failure)
[6.615s][info][gc,heap        ] GC(112) PSYoungGen: 109056K(109056K)->80256K(115712K) Eden: 27648K(27648K)->0K(23040K) From: 81408K(81408K)->80256K(92672K)
[6.615s][info][gc,heap        ] GC(112) ParOldGen: 1034704K(1139712K)->1064048K(1139712K)
[6.615s][info][gc,metaspace   ] GC(112) Metaspace: 6298K(6464K)->6298K(6464K) NonClass: 5765K(5824K)->5765K(5824K) Class: 533K(640K)->533K(640K)
[6.615s][info][gc             ] GC(112) Pause Young (Allocation Failure) 1116M->1117M(1226M) 58.655ms
[6.615s][info][gc,cpu         ] GC(112) User=0.38s Sys=0.02s Real=0.06s
[6.642s][info][gc,start       ] GC(113) Pause Young (Allocation Failure)
[6.695s][info][gc,heap        ] GC(113) PSYoungGen: 103296K(115712K)->77568K(123392K) Eden: 23040K(23040K)->0K(23040K) From: 80256K(92672K)->77568K(100352K)
[6.696s][info][gc,heap        ] GC(113) ParOldGen: 1064048K(1139712K)->1090080K(1139712K)
[6.696s][info][gc,metaspace   ] GC(113) Metaspace: 6298K(6464K)->6298K(6464K) NonClass: 5765K(5824K)->5765K(5824K) Class: 533K(640K)->533K(640K)
[6.696s][info][gc             ] GC(113) Pause Young (Allocation Failure) 1139M->1140M(1233M) 53.938ms
[6.696s][info][gc,cpu         ] GC(113) User=0.34s Sys=0.02s Real=0.05s
[6.722s][info][gc,start       ] GC(114) Pause Young (Allocation Failure)
[6.776s][info][gc,heap        ] GC(114) PSYoungGen: 100608K(123392K)->73952K(129024K) Eden: 23040K(23040K)->0K(24064K) From: 77568K(100352K)->73952K(104960K)
[6.776s][info][gc,heap        ] GC(114) ParOldGen: 1090080K(1139712K)->1117096K(1139712K)
[6.776s][info][gc,metaspace   ] GC(114) Metaspace: 6298K(6464K)->6298K(6464K) NonClass: 5765K(5824K)->5765K(5824K) Class: 533K(640K)->533K(640K)
[6.776s][info][gc             ] GC(114) Pause Young (Allocation Failure) 1162M->1163M(1239M) 53.883ms
[6.776s][info][gc,cpu         ] GC(114) User=0.38s Sys=0.00s Real=0.05s
[6.776s][info][gc,start       ] GC(115) Pause Full (Ergonomics)
[6.776s][info][gc,phases,start] GC(115) Marking Phase
[7.048s][info][gc,phases      ] GC(115) Marking Phase 272.033ms
[7.048s][info][gc,phases,start] GC(115) Summary Phase
[7.048s][info][gc,phases      ] GC(115) Summary Phase 0.026ms
[7.048s][info][gc,phases,start] GC(115) Adjust Roots
[7.048s][info][gc,phases      ] GC(115) Adjust Roots 0.173ms
[7.048s][info][gc,phases,start] GC(115) Compaction Phase
[7.158s][info][gc,phases      ] GC(115) Compaction Phase 109.793ms
[7.158s][info][gc,phases,start] GC(115) Post Compact
[7.160s][info][gc,phases      ] GC(115) Post Compact 2.077ms
[7.161s][info][gc,heap        ] GC(115) PSYoungGen: 73952K(129024K)->50131K(129024K) Eden: 0K(24064K)->0K(24064K) From: 73952K(104960K)->50131K(104960K)
[7.161s][info][gc,heap        ] GC(115) ParOldGen: 1117096K(1139712K)->1139288K(1262080K)
[7.161s][info][gc,metaspace   ] GC(115) Metaspace: 6298K(6464K)->6298K(6464K) NonClass: 5765K(5824K)->5765K(5824K) Class: 533K(640K)->533K(640K)
[7.161s][info][gc             ] GC(115) Pause Full (Ergonomics) 1163M->1161M(1358M) 384.863ms
[7.161s][info][gc,cpu         ] GC(115) User=2.84s Sys=0.00s Real=0.38s
[7.193s][info][gc,start       ] GC(116) Pause Young (Allocation Failure)
[7.281s][info][gc,heap        ] GC(116) PSYoungGen: 74195K(129024K)->39584K(131072K) Eden: 24064K(24064K)->0K(24064K) From: 50131K(104960K)->39584K(107008K)
[7.281s][info][gc,heap        ] GC(116) ParOldGen: 1139288K(1262080K)->1174552K(1262080K)
[7.281s][info][gc,metaspace   ] GC(116) Metaspace: 6298K(6464K)->6298K(6464K) NonClass: 5765K(5824K)->5765K(5824K) Class: 533K(640K)->533K(640K)
[7.281s][info][gc             ] GC(116) Pause Young (Allocation Failure) 1185M->1185M(1360M) 88.136ms
[7.281s][info][gc,cpu         ] GC(116) User=0.55s Sys=0.00s Real=0.09s
[7.310s][info][gc,start       ] GC(117) Pause Young (Allocation Failure)
[7.344s][info][gc,heap        ] GC(117) PSYoungGen: 63648K(131072K)->48320K(123392K) Eden: 24064K(24064K)->0K(26624K) From: 39584K(107008K)->48320K(96768K)
[7.344s][info][gc,heap        ] GC(117) ParOldGen: 1174552K(1262080K)->1190112K(1262080K)
[7.344s][info][gc,metaspace   ] GC(117) Metaspace: 6298K(6464K)->6298K(6464K) NonClass: 5765K(5824K)->5765K(5824K) Class: 533K(640K)->533K(640K)
[7.345s][info][gc             ] GC(117) Pause Young (Allocation Failure) 1209M->1209M(1353M) 34.948ms
[7.345s][info][gc,cpu         ] GC(117) User=0.14s Sys=0.00s Real=0.03s
[7.376s][info][gc,start       ] GC(118) Pause Young (Allocation Failure)
[7.416s][info][gc,heap        ] GC(118) PSYoungGen: 74944K(123392K)->50848K(77824K) Eden: 26624K(26624K)->0K(26624K) From: 48320K(96768K)->50848K(51200K)
[7.416s][info][gc,heap        ] GC(118) ParOldGen: 1190112K(1262080K)->1214512K(1262080K)
[7.416s][info][gc,metaspace   ] GC(118) Metaspace: 6298K(6464K)->6298K(6464K) NonClass: 5765K(5824K)->5765K(5824K) Class: 533K(640K)->533K(640K)
[7.416s][info][gc             ] GC(118) Pause Young (Allocation Failure) 1235M->1235M(1308M) 39.478ms
[7.416s][info][gc,cpu         ] GC(118) User=0.25s Sys=0.00s Real=0.04s
[7.448s][info][gc,start       ] GC(119) Pause Young (Allocation Failure)
[7.489s][info][gc,heap        ] GC(119) PSYoungGen: 77472K(77824K)->53440K(118272K) Eden: 26624K(26624K)->0K(29696K) From: 50848K(51200K)->53440K(88576K)
[7.489s][info][gc,heap        ] GC(119) ParOldGen: 1214512K(1262080K)->1238912K(1262080K)
[7.489s][info][gc,metaspace   ] GC(119) Metaspace: 6298K(6464K)->6298K(6464K) NonClass: 5765K(5824K)->5765K(5824K) Class: 533K(640K)->533K(640K)
[7.489s][info][gc             ] GC(119) Pause Young (Allocation Failure) 1261M->1262M(1348M) 41.096ms
[7.489s][info][gc,cpu         ] GC(119) User=0.20s Sys=0.06s Real=0.04s
[7.489s][info][gc,start       ] GC(120) Pause Full (Ergonomics)
[7.489s][info][gc,phases,start] GC(120) Marking Phase
[7.787s][info][gc,phases      ] GC(120) Marking Phase 297.764ms
[7.787s][info][gc,phases,start] GC(120) Summary Phase
[7.787s][info][gc,phases      ] GC(120) Summary Phase 0.034ms
[7.787s][info][gc,phases,start] GC(120) Adjust Roots
[7.787s][info][gc,phases      ] GC(120) Adjust Roots 0.170ms
[7.787s][info][gc,phases,start] GC(120) Compaction Phase
[7.901s][info][gc,phases      ] GC(120) Compaction Phase 114.403ms
[7.901s][info][gc,phases,start] GC(120) Post Compact
[7.904s][info][gc,phases      ] GC(120) Post Compact 2.168ms
[7.904s][info][gc,heap        ] GC(120) PSYoungGen: 53440K(118272K)->28657K(121856K) Eden: 0K(29696K)->0K(33280K) From: 53440K(88576K)->28657K(88576K)
[7.904s][info][gc,heap        ] GC(120) ParOldGen: 1238912K(1262080K)->1262008K(1393664K)
[7.904s][info][gc,metaspace   ] GC(120) Metaspace: 6298K(6464K)->6298K(6464K) NonClass: 5765K(5824K)->5765K(5824K) Class: 533K(640K)->533K(640K)
[7.904s][info][gc             ] GC(120) Pause Full (Ergonomics) 1262M->1260M(1480M) 415.295ms
[7.904s][info][gc,cpu         ] GC(120) User=2.97s Sys=0.03s Real=0.41s
[7.940s][info][gc,start       ] GC(121) Pause Young (Allocation Failure)
[8.022s][info][gc,heap        ] GC(121) PSYoungGen: 61937K(121856K)->37024K(125952K) Eden: 33280K(33280K)->0K(33280K) From: 28657K(88576K)->37024K(92672K)
[8.022s][info][gc,heap        ] GC(121) ParOldGen: 1262008K(1393664K)->1276376K(1393664K)
[8.022s][info][gc,metaspace   ] GC(121) Metaspace: 6298K(6464K)->6298K(6464K) NonClass: 5765K(5824K)->5765K(5824K) Class: 533K(640K)->533K(640K)
[8.022s][info][gc             ] GC(121) Pause Young (Allocation Failure) 1292M->1282M(1484M) 81.957ms
[8.022s][info][gc,cpu         ] GC(121) User=0.50s Sys=0.00s Real=0.08s
[8.057s][info][gc,start       ] GC(122) Pause Young (Allocation Failure)
[8.092s][info][gc,heap        ] GC(122) PSYoungGen: 70304K(125952K)->62976K(128000K) Eden: 33280K(33280K)->0K(36352K) From: 37024K(92672K)->62976K(91648K)
[8.092s][info][gc,heap        ] GC(122) ParOldGen: 1276376K(1393664K)->1276376K(1393664K)
[8.092s][info][gc,metaspace   ] GC(122) Metaspace: 6298K(6464K)->6298K(6464K) NonClass: 5765K(5824K)->5765K(5824K) Class: 533K(640K)->533K(640K)
[8.092s][info][gc             ] GC(122) Pause Young (Allocation Failure) 1315M->1307M(1486M) 35.269ms
[8.092s][info][gc,cpu         ] GC(122) User=0.14s Sys=0.00s Real=0.04s
[8.138s][info][gc,start       ] GC(123) Pause Young (Allocation Failure)
[8.194s][info][gc,heap        ] GC(123) PSYoungGen: 99328K(128000K)->91648K(128000K) Eden: 36352K(36352K)->0K(36352K) From: 62976K(91648K)->91648K(91648K)
[8.195s][info][gc,heap        ] GC(123) ParOldGen: 1276376K(1393664K)->1284088K(1393664K)
[8.195s][info][gc,metaspace   ] GC(123) Metaspace: 6298K(6464K)->6298K(6464K) NonClass: 5765K(5824K)->5765K(5824K) Class: 533K(640K)->533K(640K)
[8.195s][info][gc             ] GC(123) Pause Young (Allocation Failure) 1343M->1343M(1486M) 56.078ms
[8.195s][info][gc,cpu         ] GC(123) User=0.36s Sys=0.02s Real=0.06s
[8.469s][info][gc,start       ] GC(124) Pause Young (Allocation Failure)
[8.560s][info][gc,heap        ] GC(124) PSYoungGen: 128000K(128000K)->94720K(136192K) Eden: 36352K(36352K)->0K(31232K) From: 91648K(91648K)->94720K(104960K)
[8.560s][info][gc,heap        ] GC(124) ParOldGen: 1349624K(1393664K)->1383440K(1393664K)
[8.560s][info][gc,metaspace   ] GC(124) Metaspace: 6298K(6464K)->6298K(6464K) NonClass: 5765K(5824K)->5765K(5824K) Class: 533K(640K)->533K(640K)
[8.561s][info][gc             ] GC(124) Pause Young (Allocation Failure) 1442M->1443M(1494M) 91.954ms
[8.561s][info][gc,cpu         ] GC(124) User=0.56s Sys=0.08s Real=0.09s
[8.561s][info][gc,start       ] GC(125) Pause Full (Ergonomics)
[8.561s][info][gc,phases,start] GC(125) Marking Phase
[8.873s][info][gc,phases      ] GC(125) Marking Phase 312.312ms
[8.873s][info][gc,phases,start] GC(125) Summary Phase
[8.873s][info][gc,phases      ] GC(125) Summary Phase 0.028ms
[8.873s][info][gc,phases,start] GC(125) Adjust Roots
[8.873s][info][gc,phases      ] GC(125) Adjust Roots 0.226ms
[8.873s][info][gc,phases,start] GC(125) Compaction Phase
[9.213s][info][gc,phases      ] GC(125) Compaction Phase 340.106ms
[9.213s][info][gc,phases,start] GC(125) Post Compact
[9.217s][info][gc,phases      ] GC(125) Post Compact 3.066ms
[9.217s][info][gc,heap        ] GC(125) PSYoungGen: 94720K(136192K)->50986K(136192K) Eden: 0K(31232K)->0K(31232K) From: 94720K(104960K)->50986K(104960K)
[9.217s][info][gc,heap        ] GC(125) ParOldGen: 1383440K(1393664K)->1393276K(1534464K)
[9.217s][info][gc,metaspace   ] GC(125) Metaspace: 6298K(6464K)->6298K(6464K) NonClass: 5765K(5824K)->5765K(5824K) Class: 533K(640K)->533K(640K)
[9.217s][info][gc             ] GC(125) Pause Full (Ergonomics) 1443M->1410M(1631M) 656.592ms
[9.217s][info][gc,cpu         ] GC(125) User=4.38s Sys=0.02s Real=0.66s
[9.251s][info][gc,start       ] GC(126) Pause Young (Allocation Failure)
[9.342s][info][gc,heap        ] GC(126) PSYoungGen: 82218K(136192K)->82496K(145408K) Eden: 31232K(31232K)->0K(31232K) From: 50986K(104960K)->82496K(114176K)
[9.342s][info][gc,heap        ] GC(126) ParOldGen: 1393276K(1534464K)->1393276K(1534464K)
[9.342s][info][gc,metaspace   ] GC(126) Metaspace: 6298K(6464K)->6298K(6464K) NonClass: 5765K(5824K)->5765K(5824K) Class: 533K(640K)->533K(640K)
[9.342s][info][gc             ] GC(126) Pause Young (Allocation Failure) 1440M->1441M(1640M) 91.058ms
[9.342s][info][gc,cpu         ] GC(126) User=0.53s Sys=0.00s Real=0.09s
[9.370s][info][gc,start       ] GC(127) Pause Young (Allocation Failure)
[9.425s][info][gc,heap        ] GC(127) PSYoungGen: 113728K(145408K)->113792K(137216K) Eden: 31232K(31232K)->0K(20992K) From: 82496K(114176K)->113792K(116224K)
[9.425s][info][gc,heap        ] GC(127) ParOldGen: 1393276K(1534464K)->1393276K(1534464K)
[9.425s][info][gc,metaspace   ] GC(127) Metaspace: 6298K(6464K)->6298K(6464K) NonClass: 5765K(5824K)->5765K(5824K) Class: 533K(640K)->533K(640K)
[9.425s][info][gc             ] GC(127) Pause Young (Allocation Failure) 1471M->1471M(1632M) 54.601ms
[9.425s][info][gc,cpu         ] GC(127) User=0.30s Sys=0.06s Real=0.06s
[9.444s][info][gc,start       ] GC(128) Pause Young (Allocation Failure)
[9.508s][info][gc,heap        ] GC(128) PSYoungGen: 134784K(137216K)->129536K(150528K) Eden: 20992K(20992K)->0K(20992K) From: 113792K(116224K)->129536K(129536K)
[9.508s][info][gc,heap        ] GC(128) ParOldGen: 1393276K(1534464K)->1398492K(1534464K)
[9.508s][info][gc,metaspace   ] GC(128) Metaspace: 6298K(6464K)->6298K(6464K) NonClass: 5765K(5824K)->5765K(5824K) Class: 533K(640K)->533K(640K)
[9.508s][info][gc             ] GC(128) Pause Young (Allocation Failure) 1492M->1492M(1645M) 64.064ms
[9.508s][info][gc,cpu         ] GC(128) User=0.36s Sys=0.00s Real=0.06s
[9.529s][info][gc,start       ] GC(129) Pause Young (Allocation Failure)
[9.608s][info][gc,heap        ] GC(129) PSYoungGen: 150528K(150528K)->122208K(161280K) Eden: 20992K(20992K)->0K(13312K) From: 129536K(129536K)->122208K(147968K)
[9.608s][info][gc,heap        ] GC(129) ParOldGen: 1398492K(1534464K)->1427260K(1534464K)
[9.608s][info][gc,metaspace   ] GC(129) Metaspace: 6298K(6464K)->6298K(6464K) NonClass: 5765K(5824K)->5765K(5824K) Class: 533K(640K)->533K(640K)
[9.608s][info][gc             ] GC(129) Pause Young (Allocation Failure) 1512M->1513M(1656M) 78.658ms
[9.608s][info][gc,cpu         ] GC(129) User=0.48s Sys=0.03s Real=0.08s
[9.621s][info][gc,start       ] GC(130) Pause Young (Allocation Failure)
[9.688s][info][gc,heap        ] GC(130) PSYoungGen: 135520K(161280K)->85184K(98816K) Eden: 13312K(13312K)->0K(13312K) From: 122208K(147968K)->85184K(85504K)
[9.688s][info][gc,heap        ] GC(130) ParOldGen: 1427260K(1534464K)->1478140K(1534464K)
[9.688s][info][gc,metaspace   ] GC(130) Metaspace: 6298K(6464K)->6298K(6464K) NonClass: 5765K(5824K)->5765K(5824K) Class: 533K(640K)->533K(640K)
[9.688s][info][gc             ] GC(130) Pause Young (Allocation Failure) 1526M->1526M(1595M) 66.959ms
[9.688s][info][gc,cpu         ] GC(130) User=0.56s Sys=0.06s Real=0.07s
[9.702s][info][gc,start       ] GC(131) Pause Young (Allocation Failure)
[9.751s][info][gc,heap        ] GC(131) PSYoungGen: 98496K(98816K)->47712K(165888K) Eden: 13312K(13312K)->0K(15872K) From: 85184K(85504K)->47712K(150016K)
[9.751s][info][gc,heap        ] GC(131) ParOldGen: 1478140K(1534464K)->1529420K(1534464K)
[9.751s][info][gc,metaspace   ] GC(131) Metaspace: 6298K(6464K)->6298K(6464K) NonClass: 5765K(5824K)->5765K(5824K) Class: 533K(640K)->533K(640K)
[9.751s][info][gc             ] GC(131) Pause Young (Allocation Failure) 1539M->1540M(1660M) 49.421ms
[9.751s][info][gc,cpu         ] GC(131) User=0.27s Sys=0.03s Real=0.05s
[9.751s][info][gc,start       ] GC(132) Pause Full (Ergonomics)
[9.751s][info][gc,phases,start] GC(132) Marking Phase
[10.100s][info][gc,phases      ] GC(132) Marking Phase 348.134ms
[10.100s][info][gc,phases,start] GC(132) Summary Phase
[10.100s][info][gc,phases      ] GC(132) Summary Phase 0.037ms
[10.100s][info][gc,phases,start] GC(132) Adjust Roots
[10.100s][info][gc,phases      ] GC(132) Adjust Roots 0.176ms
[10.100s][info][gc,phases,start] GC(132) Compaction Phase
[10.268s][info][gc,phases      ] GC(132) Compaction Phase 168.209ms
[10.268s][info][gc,phases,start] GC(132) Post Compact
[10.271s][info][gc,phases      ] GC(132) Post Compact 2.831ms
[10.272s][info][gc,heap        ] GC(132) PSYoungGen: 47712K(165888K)->40877K(166912K) Eden: 0K(15872K)->0K(16896K) From: 47712K(150016K)->40877K(150016K)
[10.272s][info][gc,heap        ] GC(132) ParOldGen: 1529420K(1534464K)->1534271K(1703424K)
[10.272s][info][gc,metaspace   ] GC(132) Metaspace: 6298K(6464K)->6298K(6464K) NonClass: 5765K(5824K)->5765K(5824K) Class: 533K(640K)->533K(640K)
[10.272s][info][gc             ] GC(132) Pause Full (Ergonomics) 1540M->1538M(1826M) 520.481ms
[10.272s][info][gc,cpu         ] GC(132) User=3.50s Sys=0.02s Real=0.52s
[10.292s][info][gc,start       ] GC(133) Pause Young (Allocation Failure)
[10.387s][info][gc,heap        ] GC(133) PSYoungGen: 57773K(166912K)->28672K(167936K) Eden: 16896K(16896K)->0K(16896K) From: 40877K(150016K)->28672K(151040K)
[10.387s][info][gc,heap        ] GC(133) ParOldGen: 1534271K(1703424K)->1564015K(1703424K)
[10.387s][info][gc,metaspace   ] GC(133) Metaspace: 6298K(6464K)->6298K(6464K) NonClass: 5765K(5824K)->5765K(5824K) Class: 533K(640K)->533K(640K)
[10.387s][info][gc             ] GC(133) Pause Young (Allocation Failure) 1554M->1555M(1827M) 95.151ms
[10.387s][info][gc,cpu         ] GC(133) User=0.59s Sys=0.14s Real=0.10s
[10.403s][info][gc,start       ] GC(134) Pause Young (Allocation Failure)
[10.433s][info][gc,heap        ] GC(134) PSYoungGen: 45568K(167936K)->33984K(168448K) Eden: 16896K(16896K)->0K(18944K) From: 28672K(151040K)->33984K(149504K)
[10.434s][info][gc,heap        ] GC(134) ParOldGen: 1564015K(1703424K)->1575831K(1703424K)
[10.434s][info][gc,metaspace   ] GC(134) Metaspace: 6298K(6464K)->6298K(6464K) NonClass: 5765K(5824K)->5765K(5824K) Class: 533K(640K)->533K(640K)
[10.434s][info][gc             ] GC(134) Pause Young (Allocation Failure) 1571M->1572M(1828M) 30.163ms
[10.434s][info][gc,cpu         ] GC(134) User=0.03s Sys=0.00s Real=0.03s
[10.453s][info][gc,start       ] GC(135) Pause Young (Allocation Failure)
[10.492s][info][gc,heap        ] GC(135) PSYoungGen: 52928K(168448K)->19040K(169472K) Eden: 18944K(18944K)->0K(18944K) From: 33984K(149504K)->19040K(150528K)
[10.492s][info][gc,heap        ] GC(135) ParOldGen: 1575831K(1703424K)->1610119K(1703424K)
[10.492s][info][gc,metaspace   ] GC(135) Metaspace: 6298K(6464K)->6298K(6464K) NonClass: 5765K(5824K)->5765K(5824K) Class: 533K(640K)->533K(640K)
[10.492s][info][gc             ] GC(135) Pause Young (Allocation Failure) 1590M->1590M(1829M) 38.867ms
[10.492s][info][gc,cpu         ] GC(135) User=0.17s Sys=0.08s Real=0.04s
[10.510s][info][gc,start       ] GC(136) Pause Young (Allocation Failure)
[10.540s][info][gc,heap        ] GC(136) PSYoungGen: 37984K(169472K)->19040K(169984K) Eden: 18944K(18944K)->0K(21504K) From: 19040K(150528K)->19040K(148480K)
[10.540s][info][gc,heap        ] GC(136) ParOldGen: 1610119K(1703424K)->1629359K(1703424K)
[10.540s][info][gc,metaspace   ] GC(136) Metaspace: 6298K(6464K)->6298K(6464K) NonClass: 5765K(5824K)->5765K(5824K) Class: 533K(640K)->533K(640K)
[10.540s][info][gc             ] GC(136) Pause Young (Allocation Failure) 1609M->1609M(1829M) 29.518ms
[10.540s][info][gc,cpu         ] GC(136) User=0.14s Sys=0.00s Real=0.03s
[10.562s][info][gc,start       ] GC(137) Pause Young (Allocation Failure)
[10.592s][info][gc,heap        ] GC(137) PSYoungGen: 40544K(169984K)->21632K(171008K) Eden: 21504K(21504K)->0K(21504K) From: 19040K(148480K)->21632K(149504K)
[10.592s][info][gc,heap        ] GC(137) ParOldGen: 1629359K(1703424K)->1648599K(1703424K)
[10.593s][info][gc,metaspace   ] GC(137) Metaspace: 6298K(6464K)->6298K(6464K) NonClass: 5765K(5824K)->5765K(5824K) Class: 533K(640K)->533K(640K)
[10.593s][info][gc             ] GC(137) Pause Young (Allocation Failure) 1630M->1631M(1830M) 30.235ms
[10.593s][info][gc,cpu         ] GC(137) User=0.05s Sys=0.00s Real=0.03s
[10.615s][info][gc,start       ] GC(138) Pause Young (Allocation Failure)
[10.647s][info][gc,heap        ] GC(138) PSYoungGen: 43136K(171008K)->21664K(164352K) Eden: 21504K(21504K)->0K(24576K) From: 21632K(149504K)->21664K(139776K)
[10.647s][info][gc,heap        ] GC(138) ParOldGen: 1648599K(1703424K)->1670447K(1703424K)
[10.647s][info][gc,metaspace   ] GC(138) Metaspace: 6298K(6464K)->6298K(6464K) NonClass: 5765K(5824K)->5765K(5824K) Class: 533K(640K)->533K(640K)
[10.647s][info][gc             ] GC(138) Pause Young (Allocation Failure) 1652M->1652M(1824M) 31.837ms
[10.647s][info][gc,cpu         ] GC(138) User=0.05s Sys=0.09s Real=0.03s
[10.647s][info][gc,start       ] GC(139) Pause Full (Ergonomics)
[10.647s][info][gc,phases,start] GC(139) Marking Phase
[11.015s][info][gc,phases      ] GC(139) Marking Phase 367.840ms
[11.015s][info][gc,phases,start] GC(139) Summary Phase
[11.015s][info][gc,phases      ] GC(139) Summary Phase 0.047ms
[11.015s][info][gc,phases,start] GC(139) Adjust Roots
[11.015s][info][gc,phases      ] GC(139) Adjust Roots 0.201ms
[11.015s][info][gc,phases,start] GC(139) Compaction Phase
[11.186s][info][gc,phases      ] GC(139) Compaction Phase 170.591ms
[11.186s][info][gc,phases,start] GC(139) Post Compact
[11.189s][info][gc,phases      ] GC(139) Post Compact 2.984ms
[11.190s][info][gc,heap        ] GC(139) PSYoungGen: 21664K(164352K)->0K(167936K) Eden: 0K(24576K)->0K(24576K) From: 21664K(139776K)->0K(143360K)
[11.190s][info][gc,heap        ] GC(139) ParOldGen: 1670447K(1703424K)->1689657K(1859072K)
[11.190s][info][gc,metaspace   ] GC(139) Metaspace: 6298K(6464K)->6298K(6464K) NonClass: 5765K(5824K)->5765K(5824K) Class: 533K(640K)->533K(640K)
[11.190s][info][gc             ] GC(139) Pause Full (Ergonomics) 1652M->1650M(1979M) 543.160ms
[11.190s][info][gc,cpu         ] GC(139) User=3.72s Sys=0.09s Real=0.54s
[11.216s][info][gc,start       ] GC(140) Pause Young (Allocation Failure)
[11.241s][info][gc,heap        ] GC(140) PSYoungGen: 24576K(167936K)->24672K(160768K) Eden: 24576K(24576K)->0K(27136K) From: 0K(143360K)->24672K(133632K)
[11.241s][info][gc,heap        ] GC(140) ParOldGen: 1689657K(1859072K)->1689657K(1859072K)
[11.241s][info][gc,metaspace   ] GC(140) Metaspace: 6298K(6464K)->6298K(6464K) NonClass: 5765K(5824K)->5765K(5824K) Class: 533K(640K)->533K(640K)
[11.241s][info][gc             ] GC(140) Pause Young (Allocation Failure) 1674M->1674M(1972M) 25.490ms
[11.241s][info][gc,cpu         ] GC(140) User=0.02s Sys=0.00s Real=0.03s
[11.270s][info][gc,start       ] GC(141) Pause Young (Allocation Failure)
[11.302s][info][gc,heap        ] GC(141) PSYoungGen: 51808K(160768K)->51872K(79360K) Eden: 27136K(27136K)->0K(27136K) From: 24672K(133632K)->51872K(52224K)
[11.302s][info][gc,heap        ] GC(141) ParOldGen: 1689657K(1859072K)->1689657K(1859072K)
[11.302s][info][gc,metaspace   ] GC(141) Metaspace: 6298K(6464K)->6298K(6464K) NonClass: 5765K(5824K)->5765K(5824K) Class: 533K(640K)->533K(640K)
[11.302s][info][gc             ] GC(141) Pause Young (Allocation Failure) 1700M->1700M(1893M) 32.201ms
[11.302s][info][gc,cpu         ] GC(141) User=0.05s Sys=0.00s Real=0.03s
[11.331s][info][gc,start       ] GC(142) Pause Young (Allocation Failure)
[11.372s][info][gc,heap        ] GC(142) PSYoungGen: 79008K(79360K)->79072K(158720K) Eden: 27136K(27136K)->0K(27648K) From: 51872K(52224K)->79072K(131072K)
[11.372s][info][gc,heap        ] GC(142) ParOldGen: 1689657K(1859072K)->1689657K(1859072K)
[11.372s][info][gc,metaspace   ] GC(142) Metaspace: 6298K(6464K)->6298K(6464K) NonClass: 5765K(5824K)->5765K(5824K) Class: 533K(640K)->533K(640K)
[11.372s][info][gc             ] GC(142) Pause Young (Allocation Failure) 1727M->1727M(1970M) 40.829ms
[11.372s][info][gc,cpu         ] GC(142) User=0.16s Sys=0.00s Real=0.04s
[11.404s][info][gc,start       ] GC(143) Pause Young (Allocation Failure)
[11.460s][info][gc,heap        ] GC(143) PSYoungGen: 106720K(158720K)->82144K(161280K) Eden: 27648K(27648K)->0K(27648K) From: 79072K(131072K)->82144K(133632K)
[11.460s][info][gc,heap        ] GC(143) ParOldGen: 1689657K(1859072K)->1714609K(1859072K)
[11.460s][info][gc,metaspace   ] GC(143) Metaspace: 6298K(6464K)->6298K(6464K) NonClass: 5765K(5824K)->5765K(5824K) Class: 533K(640K)->533K(640K)
[11.460s][info][gc             ] GC(143) Pause Young (Allocation Failure) 1754M->1754M(1973M) 56.424ms
[11.460s][info][gc,cpu         ] GC(143) User=0.27s Sys=0.11s Real=0.06s
[11.489s][info][gc,start       ] GC(144) Pause Young (Allocation Failure)
[11.548s][info][gc,heap        ] GC(144) PSYoungGen: 109792K(161280K)->82624K(165376K) Eden: 27648K(27648K)->0K(28672K) From: 82144K(133632K)->82624K(136704K)
[11.548s][info][gc,heap        ] GC(144) ParOldGen: 1714609K(1859072K)->1742161K(1859072K)
[11.548s][info][gc,metaspace   ] GC(144) Metaspace: 6298K(6464K)->6298K(6464K) NonClass: 5765K(5824K)->5765K(5824K) Class: 533K(640K)->533K(640K)
[11.548s][info][gc             ] GC(144) Pause Young (Allocation Failure) 1781M->1782M(1977M) 58.997ms
[11.548s][info][gc,cpu         ] GC(144) User=0.33s Sys=0.06s Real=0.06s
[11.577s][info][gc,start       ] GC(145) Pause Young (Allocation Failure)
[11.637s][info][gc,heap        ] GC(145) PSYoungGen: 111296K(165376K)->84192K(167424K) Eden: 28672K(28672K)->0K(28672K) From: 82624K(136704K)->84192K(138752K)
[11.637s][info][gc,heap        ] GC(145) ParOldGen: 1742161K(1859072K)->1769705K(1859072K)
[11.637s][info][gc,metaspace   ] GC(145) Metaspace: 6298K(6464K)->6298K(6464K) NonClass: 5765K(5824K)->5765K(5824K) Class: 533K(640K)->533K(640K)
[11.637s][info][gc             ] GC(145) Pause Young (Allocation Failure) 1810M->1810M(1979M) 59.504ms
[11.637s][info][gc,cpu         ] GC(145) User=0.27s Sys=0.11s Real=0.06s
[11.671s][info][gc,start       ] GC(146) Pause Young (Allocation Failure)
[11.747s][info][gc,heap        ] GC(146) PSYoungGen: 112864K(167424K)->57536K(158720K) Eden: 28672K(28672K)->0K(32768K) From: 84192K(138752K)->57536K(125952K)
[11.747s][info][gc,heap        ] GC(146) ParOldGen: 1769705K(1859072K)->1825809K(1859072K)
[11.747s][info][gc,metaspace   ] GC(146) Metaspace: 6298K(6464K)->6298K(6464K) NonClass: 5765K(5824K)->5765K(5824K) Class: 533K(640K)->533K(640K)
[11.747s][info][gc             ] GC(146) Pause Young (Allocation Failure) 1838M->1839M(1970M) 75.352ms
[11.747s][info][gc,cpu         ] GC(146) User=0.14s Sys=0.36s Real=0.08s
[11.747s][info][gc,start       ] GC(147) Pause Full (Ergonomics)
[11.747s][info][gc,phases,start] GC(147) Marking Phase
[12.173s][info][gc,phases      ] GC(147) Marking Phase 426.005ms
[12.173s][info][gc,phases,start] GC(147) Summary Phase
[12.173s][info][gc,phases      ] GC(147) Summary Phase 0.043ms
[12.173s][info][gc,phases,start] GC(147) Adjust Roots
[12.173s][info][gc,phases      ] GC(147) Adjust Roots 0.158ms
[12.173s][info][gc,phases,start] GC(147) Compaction Phase
[12.353s][info][gc,phases      ] GC(147) Compaction Phase 179.830ms
[12.353s][info][gc,phases,start] GC(147) Post Compact
[12.357s][info][gc,phases      ] GC(147) Post Compact 3.573ms
[12.358s][info][gc,heap        ] GC(147) PSYoungGen: 57536K(158720K)->22030K(162816K) Eden: 0K(32768K)->0K(36864K) From: 57536K(125952K)->22030K(125952K)
[12.358s][info][gc,heap        ] GC(147) ParOldGen: 1825809K(1859072K)->1858909K(2048000K)
[12.358s][info][gc,metaspace   ] GC(147) Metaspace: 6298K(6464K)->6298K(6464K) NonClass: 5765K(5824K)->5765K(5824K) Class: 533K(640K)->533K(640K)
[12.358s][info][gc             ] GC(147) Pause Full (Ergonomics) 1839M->1836M(2159M) 611.628ms
[12.359s][info][gc,cpu         ] GC(147) User=4.30s Sys=0.16s Real=0.61s
[12.402s][info][gc,start       ] GC(148) Pause Young (Allocation Failure)
[12.514s][info][gc,heap        ] GC(148) PSYoungGen: 58894K(162816K)->37056K(169984K) Eden: 36864K(36864K)->0K(36864K) From: 22030K(125952K)->37056K(133120K)
[12.514s][info][gc,heap        ] GC(148) ParOldGen: 1858909K(2048000K)->1881293K(2048000K)
[12.514s][info][gc,metaspace   ] GC(148) Metaspace: 6298K(6464K)->6298K(6464K) NonClass: 5765K(5824K)->5765K(5824K) Class: 533K(640K)->533K(640K)
[12.514s][info][gc             ] GC(148) Pause Young (Allocation Failure) 1872M->1873M(2166M) 112.280ms
[12.514s][info][gc,cpu         ] GC(148) User=0.81s Sys=0.06s Real=0.11s
[12.553s][info][gc,start       ] GC(149) Pause Young (Allocation Failure)
[12.605s][info][gc,heap        ] GC(149) PSYoungGen: 73920K(169984K)->37024K(163328K) Eden: 36864K(36864K)->0K(40960K) From: 37056K(133120K)->37024K(122368K)
[12.605s][info][gc,heap        ] GC(149) ParOldGen: 1881293K(2048000K)->1918733K(2048000K)
[12.605s][info][gc,metaspace   ] GC(149) Metaspace: 6298K(6464K)->6298K(6464K) NonClass: 5765K(5824K)->5765K(5824K) Class: 533K(640K)->533K(640K)
[12.605s][info][gc             ] GC(149) Pause Young (Allocation Failure) 1909M->1909M(2159M) 51.961ms
[12.605s][info][gc,cpu         ] GC(149) User=0.33s Sys=0.05s Real=0.05s
[12.655s][info][gc,start       ] GC(150) Pause Young (Allocation Failure)
[12.709s][info][gc,heap        ] GC(150) PSYoungGen: 77984K(163328K)->41152K(166912K) Eden: 40960K(40960K)->0K(40960K) From: 37024K(122368K)->41152K(125952K)
[12.709s][info][gc,heap        ] GC(150) ParOldGen: 1918733K(2048000K)->1956157K(2048000K)
[12.710s][info][gc,metaspace   ] GC(150) Metaspace: 6298K(6464K)->6298K(6464K) NonClass: 5765K(5824K)->5765K(5824K) Class: 533K(640K)->533K(640K)
[12.710s][info][gc             ] GC(150) Pause Young (Allocation Failure) 1949M->1950M(2163M) 54.042ms
[12.710s][info][gc,cpu         ] GC(150) User=0.28s Sys=0.09s Real=0.05s
[12.763s][info][gc,start       ] GC(151) Pause Young (Allocation Failure)
[12.822s][info][gc,heap        ] GC(151) PSYoungGen: 82112K(166912K)->41152K(158208K) Eden: 40960K(40960K)->0K(45568K) From: 41152K(125952K)->41152K(112640K)
[12.822s][info][gc,heap        ] GC(151) ParOldGen: 1956157K(2048000K)->1997749K(2048000K)
[12.822s][info][gc,metaspace   ] GC(151) Metaspace: 6298K(6464K)->6298K(6464K) NonClass: 5765K(5824K)->5765K(5824K) Class: 533K(640K)->533K(640K)
[12.822s][info][gc             ] GC(151) Pause Young (Allocation Failure) 1990M->1991M(2154M) 59.041ms
[12.822s][info][gc,cpu         ] GC(151) User=0.27s Sys=0.11s Real=0.06s
[12.822s][info][gc,start       ] GC(152) Pause Full (Ergonomics)
[12.822s][info][gc,phases,start] GC(152) Marking Phase
[13.265s][info][gc,phases      ] GC(152) Marking Phase 442.316ms
[13.265s][info][gc,phases,start] GC(152) Summary Phase
[13.265s][info][gc,phases      ] GC(152) Summary Phase 0.042ms
[13.265s][info][gc,phases,start] GC(152) Adjust Roots
[13.265s][info][gc,phases      ] GC(152) Adjust Roots 0.159ms
[13.265s][info][gc,phases,start] GC(152) Compaction Phase
[13.471s][info][gc,phases      ] GC(152) Compaction Phase 206.215ms
[13.471s][info][gc,phases,start] GC(152) Post Compact
[13.475s][info][gc,phases      ] GC(152) Post Compact 4.042ms
[13.477s][info][gc,heap        ] GC(152) PSYoungGen: 41152K(158208K)->0K(162816K) Eden: 0K(45568K)->0K(45568K) From: 41152K(112640K)->0K(117248K)
[13.477s][info][gc,heap        ] GC(152) ParOldGen: 1997749K(2048000K)->2036455K(2243584K)
[13.477s][info][gc,metaspace   ] GC(152) Metaspace: 6298K(6464K)->6298K(6464K) NonClass: 5765K(5824K)->5765K(5824K) Class: 533K(640K)->533K(640K)
[13.477s][info][gc             ] GC(152) Pause Full (Ergonomics) 1991M->1988M(2350M) 655.027ms
[13.477s][info][gc,cpu         ] GC(152) User=4.66s Sys=0.05s Real=0.65s
[13.527s][info][gc,start       ] GC(153) Pause Young (Allocation Failure)
[13.558s][info][gc,heap        ] GC(153) PSYoungGen: 45568K(162816K)->45760K(155648K) Eden: 45568K(45568K)->0K(49664K) From: 0K(117248K)->45760K(105984K)
[13.558s][info][gc,heap        ] GC(153) ParOldGen: 2036455K(2243584K)->2036455K(2243584K)
[13.558s][info][gc,metaspace   ] GC(153) Metaspace: 6298K(6464K)->6298K(6464K) NonClass: 5765K(5824K)->5765K(5824K) Class: 533K(640K)->533K(640K)
[13.558s][info][gc             ] GC(153) Pause Young (Allocation Failure) 2033M->2033M(2343M) 31.514ms
[13.558s][info][gc,cpu         ] GC(153) User=0.14s Sys=0.00s Real=0.03s
[13.609s][info][gc,start       ] GC(154) Pause Young (Allocation Failure)
[13.658s][info][gc,heap        ] GC(154) PSYoungGen: 95424K(155648K)->95488K(161792K) Eden: 49664K(49664K)->0K(49664K) From: 45760K(105984K)->95488K(112128K)
[13.658s][info][gc,heap        ] GC(154) ParOldGen: 2036455K(2243584K)->2036455K(2243584K)
[13.658s][info][gc,metaspace   ] GC(154) Metaspace: 6298K(6464K)->6298K(6464K) NonClass: 5765K(5824K)->5765K(5824K) Class: 533K(640K)->533K(640K)
[13.658s][info][gc             ] GC(154) Pause Young (Allocation Failure) 2081M->2081M(2349M) 49.357ms
[13.658s][info][gc,cpu         ] GC(154) User=0.28s Sys=0.00s Real=0.05s
[13.710s][info][gc,start       ] GC(155) Pause Young (Allocation Failure)
[13.799s][info][gc,heap        ] GC(155) PSYoungGen: 145152K(161792K)->121856K(149504K) Eden: 49664K(49664K)->0K(27648K) From: 95488K(112128K)->121856K(121856K)
[13.799s][info][gc,heap        ] GC(155) ParOldGen: 2036455K(2243584K)->2060031K(2243584K)
[13.799s][info][gc,metaspace   ] GC(155) Metaspace: 6298K(6464K)->6298K(6464K) NonClass: 5765K(5824K)->5765K(5824K) Class: 533K(640K)->533K(640K)
[13.799s][info][gc             ] GC(155) Pause Young (Allocation Failure) 2130M->2130M(2337M) 88.741ms
[13.799s][info][gc,cpu         ] GC(155) User=0.52s Sys=0.11s Real=0.09s
[13.834s][info][gc,start       ] GC(156) Pause Young (Allocation Failure)
[13.939s][info][gc,heap        ] GC(156) PSYoungGen: 149504K(149504K)->69280K(97280K) Eden: 27648K(27648K)->0K(27648K) From: 121856K(121856K)->69280K(69632K)
[13.939s][info][gc,heap        ] GC(156) ParOldGen: 2060031K(2243584K)->2141455K(2243584K)
[13.939s][info][gc,metaspace   ] GC(156) Metaspace: 6298K(6464K)->6298K(6464K) NonClass: 5765K(5824K)->5765K(5824K) Class: 533K(640K)->533K(640K)
[13.939s][info][gc             ] GC(156) Pause Young (Allocation Failure) 2157M->2158M(2286M) 105.269ms
[13.939s][info][gc,cpu         ] GC(156) User=0.59s Sys=0.17s Real=0.11s
[13.973s][info][gc,start       ] GC(157) Pause Young (Allocation Failure)
[14.035s][info][gc,heap        ] GC(157) PSYoungGen: 96928K(97280K)->55488K(161792K) Eden: 27648K(27648K)->0K(31232K) From: 69280K(69632K)->55488K(130560K)
[14.035s][info][gc,heap        ] GC(157) ParOldGen: 2141455K(2243584K)->2183447K(2243584K)
[14.035s][info][gc,metaspace   ] GC(157) Metaspace: 6298K(6464K)->6298K(6464K) NonClass: 5765K(5824K)->5765K(5824K) Class: 533K(640K)->533K(640K)
[14.035s][info][gc             ] GC(157) Pause Young (Allocation Failure) 2185M->2186M(2349M) 61.854ms
[14.035s][info][gc,cpu         ] GC(157) User=0.28s Sys=0.11s Real=0.06s
[14.035s][info][gc,start       ] GC(158) Pause Full (Ergonomics)
[14.035s][info][gc,phases,start] GC(158) Marking Phase
[14.540s][info][gc,phases      ] GC(158) Marking Phase 504.540ms
[14.540s][info][gc,phases,start] GC(158) Summary Phase
[14.540s][info][gc,phases      ] GC(158) Summary Phase 0.052ms
[14.540s][info][gc,phases,start] GC(158) Adjust Roots
[14.540s][info][gc,phases      ] GC(158) Adjust Roots 0.189ms
[14.540s][info][gc,phases,start] GC(158) Compaction Phase
[14.740s][info][gc,phases      ] GC(158) Compaction Phase 200.100ms
[14.740s][info][gc,phases,start] GC(158) Post Compact
[14.745s][info][gc,phases      ] GC(158) Post Compact 4.493ms
[14.747s][info][gc,heap        ] GC(158) PSYoungGen: 55488K(161792K)->0K(166912K) Eden: 0K(31232K)->0K(31232K) From: 55488K(130560K)->0K(135680K)
[14.747s][info][gc,heap        ] GC(158) ParOldGen: 2183447K(2243584K)->2236493K(2471936K)
[14.747s][info][gc,metaspace   ] GC(158) Metaspace: 6298K(6464K)->6298K(6464K) NonClass: 5765K(5824K)->5765K(5824K) Class: 533K(640K)->533K(640K)
[14.747s][info][gc             ] GC(158) Pause Full (Ergonomics) 2186M->2184M(2577M) 711.913ms
[14.747s][info][gc,cpu         ] GC(158) User=5.36s Sys=0.14s Real=0.71s
[14.788s][info][gc,start       ] GC(159) Pause Young (Allocation Failure)
[14.815s][info][gc,heap        ] GC(159) PSYoungGen: 31232K(166912K)->31360K(166912K) Eden: 31232K(31232K)->0K(34304K) From: 0K(135680K)->31360K(132608K)
[14.815s][info][gc,heap        ] GC(159) ParOldGen: 2236493K(2471936K)->2236493K(2471936K)
[14.815s][info][gc,metaspace   ] GC(159) Metaspace: 6298K(6464K)->6298K(6464K) NonClass: 5765K(5824K)->5765K(5824K) Class: 533K(640K)->533K(640K)
[14.815s][info][gc             ] GC(159) Pause Young (Allocation Failure) 2214M->2214M(2577M) 27.046ms
[14.815s][info][gc,cpu         ] GC(159) User=0.05s Sys=0.00s Real=0.03s
[14.853s][info][gc,start       ] GC(160) Pause Young (Allocation Failure)
[14.891s][info][gc,heap        ] GC(160) PSYoungGen: 65664K(166912K)->65728K(100352K) Eden: 34304K(34304K)->0K(34304K) From: 31360K(132608K)->65728K(66048K)
[14.891s][info][gc,heap        ] GC(160) ParOldGen: 2236493K(2471936K)->2236493K(2471936K)
[14.891s][info][gc,metaspace   ] GC(160) Metaspace: 6298K(6464K)->6298K(6464K) NonClass: 5765K(5824K)->5765K(5824K) Class: 533K(640K)->533K(640K)
[14.891s][info][gc             ] GC(160) Pause Young (Allocation Failure) 2248M->2248M(2512M) 37.715ms
[14.891s][info][gc,cpu         ] GC(160) User=0.17s Sys=0.00s Real=0.04s
[14.930s][info][gc,start       ] GC(161) Pause Young (Allocation Failure)
[14.979s][info][gc,heap        ] GC(161) PSYoungGen: 100032K(100352K)->100096K(158720K) Eden: 34304K(34304K)->0K(30208K) From: 65728K(66048K)->100096K(128512K)
[14.979s][info][gc,heap        ] GC(161) ParOldGen: 2236493K(2471936K)->2236493K(2471936K)
[14.979s][info][gc,metaspace   ] GC(161) Metaspace: 6298K(6464K)->6298K(6464K) NonClass: 5765K(5824K)->5765K(5824K) Class: 533K(640K)->533K(640K)
[14.979s][info][gc             ] GC(161) Pause Young (Allocation Failure) 2281M->2281M(2569M) 48.963ms
[14.979s][info][gc,cpu         ] GC(161) User=0.27s Sys=0.00s Real=0.05s
[15.012s][info][gc,start       ] GC(162) Pause Young (Allocation Failure)
[15.074s][info][gc,heap        ] GC(162) PSYoungGen: 130304K(158720K)->130304K(166400K) Eden: 30208K(30208K)->0K(30208K) From: 100096K(128512K)->130304K(136192K)
[15.074s][info][gc,heap        ] GC(162) ParOldGen: 2236493K(2471936K)->2236493K(2471936K)
[15.074s][info][gc,metaspace   ] GC(162) Metaspace: 6298K(6464K)->6298K(6464K) NonClass: 5765K(5824K)->5765K(5824K) Class: 533K(640K)->533K(640K)
[15.074s][info][gc             ] GC(162) Pause Young (Allocation Failure) 2311M->2311M(2576M) 61.471ms
[15.074s][info][gc,cpu         ] GC(162) User=0.38s Sys=0.00s Real=0.06s
[15.110s][info][gc,start       ] GC(163) Pause Young (Allocation Failure)
[15.202s][info][gc,heap        ] GC(163) PSYoungGen: 160512K(166400K)->153088K(162304K) Eden: 30208K(30208K)->0K(9216K) From: 130304K(136192K)->153088K(153088K)
[15.202s][info][gc,heap        ] GC(163) ParOldGen: 2236493K(2471936K)->2243965K(2471936K)
[15.202s][info][gc,metaspace   ] GC(163) Metaspace: 6298K(6464K)->6298K(6464K) NonClass: 5765K(5824K)->5765K(5824K) Class: 533K(640K)->533K(640K)
[15.202s][info][gc             ] GC(163) Pause Young (Allocation Failure) 2340M->2340M(2572M) 92.244ms
[15.202s][info][gc,cpu         ] GC(163) User=0.47s Sys=0.16s Real=0.09s
[15.212s][info][gc,start       ] GC(164) Pause Young (Allocation Failure)
[15.309s][info][gc,heap        ] GC(164) PSYoungGen: 162303K(162304K)->99840K(109056K) Eden: 9215K(9216K)->0K(9216K) From: 153088K(153088K)->99840K(99840K)
[15.309s][info][gc,heap        ] GC(164) ParOldGen: 2243965K(2471936K)->2307069K(2471936K)
[15.309s][info][gc,metaspace   ] GC(164) Metaspace: 6298K(6464K)->6298K(6464K) NonClass: 5765K(5824K)->5765K(5824K) Class: 533K(640K)->533K(640K)
[15.309s][info][gc             ] GC(164) Pause Young (Allocation Failure) 2349M->2350M(2520M) 96.851ms
[15.309s][info][gc,cpu         ] GC(164) User=0.56s Sys=0.08s Real=0.10s
[15.320s][info][gc,start       ] GC(165) Pause Young (Allocation Failure)
[15.396s][info][gc,heap        ] GC(165) PSYoungGen: 109056K(109056K)->47104K(179712K) Eden: 9216K(9216K)->0K(10752K) From: 99840K(99840K)->47104K(168960K)
[15.396s][info][gc,heap        ] GC(165) ParOldGen: 2307069K(2471936K)->2369469K(2471936K)
[15.396s][info][gc,metaspace   ] GC(165) Metaspace: 6298K(6464K)->6298K(6464K) NonClass: 5765K(5824K)->5765K(5824K) Class: 533K(640K)->533K(640K)
[15.396s][info][gc             ] GC(165) Pause Young (Allocation Failure) 2359M->2359M(2589M) 76.639ms
[15.396s][info][gc,cpu         ] GC(165) User=0.27s Sys=0.25s Real=0.08s
[15.410s][info][gc,start       ] GC(166) Pause Young (Allocation Failure)
[15.457s][info][gc,heap        ] GC(166) PSYoungGen: 57856K(179712K)->20064K(182784K) Eden: 10752K(10752K)->0K(10752K) From: 47104K(168960K)->20064K(172032K)
[15.457s][info][gc,heap        ] GC(166) ParOldGen: 2369469K(2471936K)->2407517K(2471936K)
[15.457s][info][gc,metaspace   ] GC(166) Metaspace: 6298K(6464K)->6298K(6464K) NonClass: 5765K(5824K)->5765K(5824K) Class: 533K(640K)->533K(640K)
[15.457s][info][gc             ] GC(166) Pause Young (Allocation Failure) 2370M->2370M(2592M) 46.923ms
[15.457s][info][gc,cpu         ] GC(166) User=0.14s Sys=0.12s Real=0.05s
[15.457s][info][gc,start       ] GC(167) Pause Full (Ergonomics)
[15.457s][info][gc,phases,start] GC(167) Marking Phase
[16.004s][info][gc,phases      ] GC(167) Marking Phase 546.528ms
[16.004s][info][gc,phases,start] GC(167) Summary Phase
[16.004s][info][gc,phases      ] GC(167) Summary Phase 0.053ms
[16.004s][info][gc,phases,start] GC(167) Adjust Roots
[16.004s][info][gc,phases      ] GC(167) Adjust Roots 0.183ms
[16.004s][info][gc,phases,start] GC(167) Compaction Phase
[16.209s][info][gc,phases      ] GC(167) Compaction Phase 204.693ms
[16.209s][info][gc,phases,start] GC(167) Post Compact
[16.213s][info][gc,phases      ] GC(167) Post Compact 4.011ms
[16.215s][info][gc,heap        ] GC(167) PSYoungGen: 20064K(182784K)->0K(185344K) Eden: 0K(10752K)->0K(12800K) From: 20064K(172032K)->0K(172544K)
[16.215s][info][gc,heap        ] GC(167) ParOldGen: 2407517K(2471936K)->2425677K(2687488K)
[16.215s][info][gc,metaspace   ] GC(167) Metaspace: 6298K(6464K)->6298K(6464K) NonClass: 5765K(5824K)->5765K(5824K) Class: 533K(640K)->533K(640K)
[16.215s][info][gc             ] GC(167) Pause Full (Ergonomics) 2370M->2368M(2805M) 757.582ms
[16.215s][info][gc,cpu         ] GC(167) User=5.70s Sys=0.06s Real=0.76s
[16.232s][info][gc,start       ] GC(168) Pause Young (Allocation Failure)
[16.253s][info][gc,heap        ] GC(168) PSYoungGen: 12800K(185344K)->12896K(185344K) Eden: 12800K(12800K)->0K(12800K) From: 0K(172544K)->12896K(172544K)
[16.253s][info][gc,heap        ] GC(168) ParOldGen: 2425677K(2687488K)->2425677K(2687488K)
[16.253s][info][gc,metaspace   ] GC(168) Metaspace: 6298K(6464K)->6298K(6464K) NonClass: 5765K(5824K)->5765K(5824K) Class: 533K(640K)->533K(640K)
[16.253s][info][gc             ] GC(168) Pause Young (Allocation Failure) 2381M->2381M(2805M) 20.827ms
[16.253s][info][gc,cpu         ] GC(168) User=0.02s Sys=0.00s Real=0.02s
[16.267s][info][gc,start       ] GC(169) Pause Young (Allocation Failure)
[16.294s][info][gc,heap        ] GC(169) PSYoungGen: 25696K(185344K)->12928K(185344K) Eden: 12800K(12800K)->0K(14336K) From: 12896K(172544K)->12928K(171008K)
[16.294s][info][gc,heap        ] GC(169) ParOldGen: 2425677K(2687488K)->2438597K(2687488K)
[16.294s][info][gc,metaspace   ] GC(169) Metaspace: 6298K(6464K)->6298K(6464K) NonClass: 5765K(5824K)->5765K(5824K) Class: 533K(640K)->533K(640K)
[16.294s][info][gc             ] GC(169) Pause Young (Allocation Failure) 2393M->2394M(2805M) 27.382ms
[16.294s][info][gc,cpu         ] GC(169) User=0.02s Sys=0.00s Real=0.03s
[16.311s][info][gc,start       ] GC(170) Pause Young (Allocation Failure)
[16.337s][info][gc,heap        ] GC(170) PSYoungGen: 27264K(185344K)->14432K(29184K) Eden: 14336K(14336K)->0K(14336K) From: 12928K(171008K)->14432K(14848K)
[16.337s][info][gc,heap        ] GC(170) ParOldGen: 2438597K(2687488K)->2451525K(2687488K)
[16.337s][info][gc,metaspace   ] GC(170) Metaspace: 6298K(6464K)->6298K(6464K) NonClass: 5765K(5824K)->5765K(5824K) Class: 533K(640K)->533K(640K)
[16.337s][info][gc             ] GC(170) Pause Young (Allocation Failure) 2408M->2408M(2653M) 26.272ms
[16.337s][info][gc,cpu         ] GC(170) User=0.03s Sys=0.00s Real=0.03s
[16.354s][info][gc,start       ] GC(171) Pause Young (Allocation Failure)
[16.380s][info][gc,heap        ] GC(171) PSYoungGen: 28768K(29184K)->14496K(177152K) Eden: 14336K(14336K)->0K(16384K) From: 14432K(14848K)->14496K(160768K)
[16.380s][info][gc,heap        ] GC(171) ParOldGen: 2451525K(2687488K)->2465997K(2687488K)
[16.380s][info][gc,metaspace   ] GC(171) Metaspace: 6298K(6464K)->6298K(6464K) NonClass: 5765K(5824K)->5765K(5824K) Class: 533K(640K)->533K(640K)
[16.380s][info][gc             ] GC(171) Pause Young (Allocation Failure) 2422M->2422M(2797M) 26.632ms
[16.380s][info][gc,cpu         ] GC(171) User=0.08s Sys=0.06s Real=0.03s
[16.399s][info][gc,start       ] GC(172) Pause Young (Allocation Failure)
[16.427s][info][gc,heap        ] GC(172) PSYoungGen: 30880K(177152K)->16544K(33280K) Eden: 16384K(16384K)->0K(16384K) From: 14496K(160768K)->16544K(16896K)
[16.427s][info][gc,heap        ] GC(172) ParOldGen: 2465997K(2687488K)->2480453K(2687488K)
[16.427s][info][gc,metaspace   ] GC(172) Metaspace: 6298K(6464K)->6298K(6464K) NonClass: 5765K(5824K)->5765K(5824K) Class: 533K(640K)->533K(640K)
[16.427s][info][gc             ] GC(172) Pause Young (Allocation Failure) 2438M->2438M(2657M) 27.642ms
[16.427s][info][gc,cpu         ] GC(172) User=0.05s Sys=0.02s Real=0.03s
[16.446s][info][gc,start       ] GC(173) Pause Young (Allocation Failure)
[16.475s][info][gc,heap        ] GC(173) PSYoungGen: 32928K(33280K)->16512K(167936K) Eden: 16384K(16384K)->0K(18944K) From: 16544K(16896K)->16512K(148992K)
[16.475s][info][gc,heap        ] GC(173) ParOldGen: 2480453K(2687488K)->2496997K(2687488K)
[16.475s][info][gc,metaspace   ] GC(173) Metaspace: 6298K(6464K)->6298K(6464K) NonClass: 5765K(5824K)->5765K(5824K) Class: 533K(640K)->533K(640K)
[16.475s][info][gc             ] GC(173) Pause Young (Allocation Failure) 2454M->2454M(2788M) 29.255ms
[16.475s][info][gc,cpu         ] GC(173) User=0.06s Sys=0.08s Real=0.03s
[16.498s][info][gc,start       ] GC(174) Pause Young (Allocation Failure)
[16.527s][info][gc,heap        ] GC(174) PSYoungGen: 35456K(167936K)->19040K(38400K) Eden: 18944K(18944K)->0K(18944K) From: 16512K(148992K)->19040K(19456K)
[16.527s][info][gc,heap        ] GC(174) ParOldGen: 2496997K(2687488K)->2513525K(2687488K)
[16.527s][info][gc,metaspace   ] GC(174) Metaspace: 6298K(6464K)->6298K(6464K) NonClass: 5765K(5824K)->5765K(5824K) Class: 533K(640K)->533K(640K)
[16.527s][info][gc             ] GC(174) Pause Young (Allocation Failure) 2473M->2473M(2662M) 29.475ms
[16.527s][info][gc,cpu         ] GC(174) User=0.09s Sys=0.03s Real=0.03s
[16.548s][info][gc,start       ] GC(175) Pause Young (Allocation Failure)
[16.578s][info][gc,heap        ] GC(175) PSYoungGen: 37984K(38400K)->19072K(156672K) Eden: 18944K(18944K)->0K(21504K) From: 19040K(19456K)->19072K(135168K)
[16.578s][info][gc,heap        ] GC(175) ParOldGen: 2513525K(2687488K)->2532645K(2687488K)
[16.578s][info][gc,metaspace   ] GC(175) Metaspace: 6298K(6464K)->6298K(6464K) NonClass: 5765K(5824K)->5765K(5824K) Class: 533K(640K)->533K(640K)
[16.578s][info][gc             ] GC(175) Pause Young (Allocation Failure) 2491M->2491M(2777M) 29.766ms
[16.578s][info][gc,cpu         ] GC(175) User=0.08s Sys=0.06s Real=0.03s
[16.603s][info][gc,start       ] GC(176) Pause Young (Allocation Failure)
[16.634s][info][gc,heap        ] GC(176) PSYoungGen: 40576K(156672K)->21600K(43520K) Eden: 21504K(21504K)->0K(21504K) From: 19072K(135168K)->21600K(22016K)
[16.634s][info][gc,heap        ] GC(176) ParOldGen: 2532645K(2687488K)->2551757K(2687488K)
[16.634s][info][gc,metaspace   ] GC(176) Metaspace: 6298K(6464K)->6298K(6464K) NonClass: 5765K(5824K)->5765K(5824K) Class: 533K(640K)->533K(640K)
[16.634s][info][gc             ] GC(176) Pause Young (Allocation Failure) 2512M->2513M(2667M) 30.673ms
[16.634s][info][gc,cpu         ] GC(176) User=0.14s Sys=0.00s Real=0.03s
[16.660s][info][gc,start       ] GC(177) Pause Young (Allocation Failure)
[16.691s][info][gc,heap        ] GC(177) PSYoungGen: 43104K(43520K)->21632K(146432K) Eden: 21504K(21504K)->0K(24576K) From: 21600K(22016K)->21632K(121856K)
[16.691s][info][gc,heap        ] GC(177) ParOldGen: 2551757K(2687488K)->2573453K(2687488K)
[16.691s][info][gc,metaspace   ] GC(177) Metaspace: 6298K(6464K)->6298K(6464K) NonClass: 5765K(5824K)->5765K(5824K) Class: 533K(640K)->533K(640K)
[16.691s][info][gc             ] GC(177) Pause Young (Allocation Failure) 2534M->2534M(2767M) 31.620ms
[16.691s][info][gc,cpu         ] GC(177) User=0.11s Sys=0.03s Real=0.03s
[16.720s][info][gc,start       ] GC(178) Pause Young (Allocation Failure)
[16.754s][info][gc,heap        ] GC(178) PSYoungGen: 46208K(146432K)->24736K(49664K) Eden: 24576K(24576K)->0K(24576K) From: 21632K(121856K)->24736K(25088K)
[16.754s][info][gc,heap        ] GC(178) ParOldGen: 2573453K(2687488K)->2595149K(2687488K)
[16.754s][info][gc,metaspace   ] GC(178) Metaspace: 6298K(6464K)->6298K(6464K) NonClass: 5765K(5824K)->5765K(5824K) Class: 533K(640K)->533K(640K)
[16.754s][info][gc             ] GC(178) Pause Young (Allocation Failure) 2558M->2558M(2673M) 33.802ms
[16.754s][info][gc,cpu         ] GC(178) User=0.12s Sys=0.02s Real=0.03s
[16.785s][info][gc,start       ] GC(179) Pause Young (Allocation Failure)
[16.821s][info][gc,heap        ] GC(179) PSYoungGen: 49312K(49664K)->24736K(135680K) Eden: 24576K(24576K)->0K(27648K) From: 24736K(25088K)->24736K(108032K)
[16.821s][info][gc,heap        ] GC(179) ParOldGen: 2595149K(2687488K)->2619941K(2687488K)
[16.821s][info][gc,metaspace   ] GC(179) Metaspace: 6298K(6464K)->6298K(6464K) NonClass: 5765K(5824K)->5765K(5824K) Class: 533K(640K)->533K(640K)
[16.821s][info][gc             ] GC(179) Pause Young (Allocation Failure) 2582M->2582M(2757M) 35.852ms
[16.821s][info][gc,cpu         ] GC(179) User=0.12s Sys=0.03s Real=0.04s
[16.855s][info][gc,start       ] GC(180) Pause Young (Allocation Failure)
[16.892s][info][gc,heap        ] GC(180) PSYoungGen: 52384K(135680K)->27808K(55808K) Eden: 27648K(27648K)->0K(27648K) From: 24736K(108032K)->27808K(28160K)
[16.892s][info][gc,heap        ] GC(180) ParOldGen: 2619941K(2687488K)->2644733K(2687488K)
[16.892s][info][gc,metaspace   ] GC(180) Metaspace: 6298K(6464K)->6298K(6464K) NonClass: 5765K(5824K)->5765K(5824K) Class: 533K(640K)->533K(640K)
[16.892s][info][gc             ] GC(180) Pause Young (Allocation Failure) 2609M->2609M(2679M) 37.930ms
[16.892s][info][gc,cpu         ] GC(180) User=0.17s Sys=0.09s Real=0.04s
[16.893s][info][gc,start       ] GC(181) Pause Full (Ergonomics)
[16.893s][info][gc,phases,start] GC(181) Marking Phase
[17.485s][info][gc,phases      ] GC(181) Marking Phase 592.729ms
[17.485s][info][gc,phases,start] GC(181) Summary Phase
[17.485s][info][gc,phases      ] GC(181) Summary Phase 0.051ms
[17.485s][info][gc,phases,start] GC(181) Adjust Roots
[17.486s][info][gc,phases      ] GC(181) Adjust Roots 0.169ms
[17.486s][info][gc,phases,start] GC(181) Compaction Phase
[17.709s][info][gc,phases      ] GC(181) Compaction Phase 223.394ms
[17.709s][info][gc,phases,start] GC(181) Post Compact
[17.714s][info][gc,phases      ] GC(181) Post Compact 4.460ms
[17.715s][info][gc,heap        ] GC(181) PSYoungGen: 27808K(55808K)->0K(138752K) Eden: 0K(27648K)->0K(30720K) From: 27808K(28160K)->0K(108032K)
[17.715s][info][gc,heap        ] GC(181) ParOldGen: 2644733K(2687488K)->2669993K(2914816K)
[17.715s][info][gc,metaspace   ] GC(181) Metaspace: 6298K(6464K)->6298K(6464K) NonClass: 5765K(5824K)->5765K(5824K) Class: 533K(640K)->533K(640K)
[17.716s][info][gc             ] GC(181) Pause Full (Ergonomics) 2609M->2607M(2982M) 822.961ms
[17.716s][info][gc,cpu         ] GC(181) User=6.14s Sys=0.12s Real=0.82s
[17.760s][info][gc,start       ] GC(182) Pause Young (Allocation Failure)
[17.788s][info][gc,heap        ] GC(182) PSYoungGen: 30720K(138752K)->30880K(61952K) Eden: 30720K(30720K)->0K(30720K) From: 0K(108032K)->30880K(31232K)
[17.788s][info][gc,heap        ] GC(182) ParOldGen: 2669993K(2914816K)->2669993K(2914816K)
[17.788s][info][gc,metaspace   ] GC(182) Metaspace: 6298K(6464K)->6298K(6464K) NonClass: 5765K(5824K)->5765K(5824K) Class: 533K(640K)->533K(640K)
[17.788s][info][gc             ] GC(182) Pause Young (Allocation Failure) 2637M->2637M(2907M) 28.161ms
[17.788s][info][gc,cpu         ] GC(182) User=0.02s Sys=0.00s Real=0.03s
[17.822s][info][gc,start       ] GC(183) Pause Young (Allocation Failure)
[17.857s][info][gc,heap        ] GC(183) PSYoungGen: 61600K(61952K)->61600K(131584K) Eden: 30720K(30720K)->0K(30208K) From: 30880K(31232K)->61600K(101376K)
[17.857s][info][gc,heap        ] GC(183) ParOldGen: 2669993K(2914816K)->2669993K(2914816K)
[17.857s][info][gc,metaspace   ] GC(183) Metaspace: 6298K(6464K)->6298K(6464K) NonClass: 5765K(5824K)->5765K(5824K) Class: 533K(640K)->533K(640K)
[17.857s][info][gc             ] GC(183) Pause Young (Allocation Failure) 2667M->2667M(2975M) 35.652ms
[17.857s][info][gc,cpu         ] GC(183) User=0.17s Sys=0.00s Real=0.04s
[17.892s][info][gc,start       ] GC(184) Pause Young (Allocation Failure)
[17.940s][info][gc,heap        ] GC(184) PSYoungGen: 91808K(131584K)->91904K(135168K) Eden: 30208K(30208K)->0K(30208K) From: 61600K(101376K)->91904K(104960K)
[17.940s][info][gc,heap        ] GC(184) ParOldGen: 2669993K(2914816K)->2669993K(2914816K)
[17.940s][info][gc,metaspace   ] GC(184) Metaspace: 6298K(6464K)->6298K(6464K) NonClass: 5765K(5824K)->5765K(5824K) Class: 533K(640K)->533K(640K)
[17.940s][info][gc             ] GC(184) Pause Young (Allocation Failure) 2697M->2697M(2978M) 47.786ms
[17.940s][info][gc,cpu         ] GC(184) User=0.27s Sys=0.00s Real=0.05s
[17.975s][info][gc,start       ] GC(185) Pause Young (Allocation Failure)
[18.045s][info][gc,heap        ] GC(185) PSYoungGen: 122112K(135168K)->118272K(129536K) Eden: 30208K(30208K)->0K(11264K) From: 91904K(104960K)->118272K(118272K)
[18.045s][info][gc,heap        ] GC(185) ParOldGen: 2669993K(2914816K)->2673761K(2914816K)
[18.045s][info][gc,metaspace   ] GC(185) Metaspace: 6298K(6464K)->6298K(6464K) NonClass: 5765K(5824K)->5765K(5824K) Class: 533K(640K)->533K(640K)
[18.045s][info][gc             ] GC(185) Pause Young (Allocation Failure) 2726M->2726M(2973M) 70.718ms
[18.045s][info][gc,cpu         ] GC(185) User=0.28s Sys=0.14s Real=0.07s
[18.058s][info][gc,start       ] GC(186) Pause Young (Allocation Failure)
[18.145s][info][gc,heap        ] GC(186) PSYoungGen: 129536K(129536K)->69952K(151552K) Eden: 11264K(11264K)->0K(11264K) From: 118272K(118272K)->69952K(140288K)
[18.145s][info][gc,heap        ] GC(186) ParOldGen: 2673761K(2914816K)->2733921K(2914816K)
[18.145s][info][gc,metaspace   ] GC(186) Metaspace: 6298K(6464K)->6298K(6464K) NonClass: 5765K(5824K)->5765K(5824K) Class: 533K(640K)->533K(640K)
[18.145s][info][gc             ] GC(186) Pause Young (Allocation Failure) 2737M->2738M(2994M) 86.433ms
[18.145s][info][gc,cpu         ] GC(186) User=0.36s Sys=0.39s Real=0.09s
[18.157s][info][gc,start       ] GC(187) Pause Young (Allocation Failure)
[18.221s][info][gc,heap        ] GC(187) PSYoungGen: 81216K(151552K)->22560K(144896K) Eden: 11264K(11264K)->0K(13312K) From: 69952K(140288K)->22560K(131584K)
[18.221s][info][gc,heap        ] GC(187) ParOldGen: 2733921K(2914816K)->2792921K(2914816K)
[18.221s][info][gc,metaspace   ] GC(187) Metaspace: 6298K(6464K)->6298K(6464K) NonClass: 5765K(5824K)->5765K(5824K) Class: 533K(640K)->533K(640K)
[18.221s][info][gc             ] GC(187) Pause Young (Allocation Failure) 2749M->2749M(2988M) 63.465ms
[18.221s][info][gc,cpu         ] GC(187) User=0.28s Sys=0.11s Real=0.06s
[18.238s][info][gc,start       ] GC(188) Pause Young (Allocation Failure)
[18.268s][info][gc,heap        ] GC(188) PSYoungGen: 35872K(144896K)->13440K(27136K) Eden: 13312K(13312K)->0K(13312K) From: 22560K(131584K)->13440K(13824K)
[18.268s][info][gc,heap        ] GC(188) ParOldGen: 2792921K(2914816K)->2815609K(2914816K)
[18.268s][info][gc,metaspace   ] GC(188) Metaspace: 6298K(6464K)->6298K(6464K) NonClass: 5765K(5824K)->5765K(5824K) Class: 533K(640K)->533K(640K)
[18.268s][info][gc             ] GC(188) Pause Young (Allocation Failure) 2762M->2762M(2873M) 30.093ms
[18.268s][info][gc,cpu         ] GC(188) User=0.06s Sys=0.08s Real=0.03s
[18.873s][info][gc,start       ] GC(189) Pause Young (Allocation Failure)
[18.964s][info][gc,heap        ] GC(189) PSYoungGen: 26752K(27136K)->13440K(141824K) Eden: 13312K(13312K)->0K(15360K) From: 13440K(13824K)->13440K(126464K)
[18.964s][info][gc,heap        ] GC(189) ParOldGen: 2946681K(3046400K)->2960129K(3046400K)
[18.964s][info][gc,metaspace   ] GC(189) Metaspace: 6298K(6464K)->6298K(6464K) NonClass: 5765K(5824K)->5765K(5824K) Class: 533K(640K)->533K(640K)
[18.964s][info][gc             ] GC(189) Pause Young (Allocation Failure) 2903M->2903M(3113M) 91.515ms
[18.964s][info][gc,cpu         ] GC(189) User=0.50s Sys=0.02s Real=0.09s
[18.982s][info][gc,start       ] GC(190) Pause Young (Allocation Failure)
[19.026s][info][gc,heap        ] GC(190) PSYoungGen: 28800K(141824K)->15456K(31232K) Eden: 15360K(15360K)->0K(15360K) From: 13440K(126464K)->15456K(15872K)
[19.026s][info][gc,heap        ] GC(190) ParOldGen: 2960129K(3046400K)->2973561K(3046400K)
[19.026s][info][gc,metaspace   ] GC(190) Metaspace: 6298K(6464K)->6298K(6464K) NonClass: 5765K(5824K)->5765K(5824K) Class: 533K(640K)->533K(640K)
[19.026s][info][gc             ] GC(190) Pause Young (Allocation Failure) 2918M->2918M(3005M) 43.555ms
[19.026s][info][gc,cpu         ] GC(190) User=0.06s Sys=0.00s Real=0.04s
[19.043s][info][gc,start       ] GC(191) Pause Young (Allocation Failure)
[19.088s][info][gc,heap        ] GC(191) PSYoungGen: 30816K(31232K)->15488K(133632K) Eden: 15360K(15360K)->0K(17408K) From: 15456K(15872K)->15488K(116224K)
[19.088s][info][gc,heap        ] GC(191) ParOldGen: 2973561K(3046400K)->2989073K(3046400K)
[19.088s][info][gc,metaspace   ] GC(191) Metaspace: 6298K(6464K)->6298K(6464K) NonClass: 5765K(5824K)->5765K(5824K) Class: 533K(640K)->533K(640K)
[19.088s][info][gc             ] GC(191) Pause Young (Allocation Failure) 2933M->2934M(3105M) 44.250ms
[19.088s][info][gc,cpu         ] GC(191) User=0.03s Sys=0.02s Real=0.04s
[19.106s][info][gc,start       ] GC(192) Pause Young (Allocation Failure)
[19.143s][info][gc,heap        ] GC(192) PSYoungGen: 32896K(133632K)->17536K(35328K) Eden: 17408K(17408K)->0K(17408K) From: 15488K(116224K)->17536K(17920K)
[19.143s][info][gc,heap        ] GC(192) ParOldGen: 2989073K(3046400K)->3004585K(3046400K)
[19.143s][info][gc,metaspace   ] GC(192) Metaspace: 6298K(6464K)->6298K(6464K) NonClass: 5765K(5824K)->5765K(5824K) Class: 533K(640K)->533K(640K)
[19.143s][info][gc             ] GC(192) Pause Young (Allocation Failure) 2951M->2951M(3009M) 36.928ms
[19.143s][info][gc,cpu         ] GC(192) User=0.02s Sys=0.02s Real=0.04s
[19.143s][info][gc,start       ] GC(193) Pause Full (Ergonomics)
[19.143s][info][gc,phases,start] GC(193) Marking Phase
[19.798s][info][gc,phases      ] GC(193) Marking Phase 654.281ms
[19.798s][info][gc,phases,start] GC(193) Summary Phase
[19.798s][info][gc,phases      ] GC(193) Summary Phase 0.059ms
[19.798s][info][gc,phases,start] GC(193) Adjust Roots
[19.798s][info][gc,phases      ] GC(193) Adjust Roots 0.191ms
[19.798s][info][gc,phases,start] GC(193) Compaction Phase
[20.262s][info][gc,phases      ] GC(193) Compaction Phase 463.564ms
[20.262s][info][gc,phases,start] GC(193) Post Compact
[20.269s][info][gc,phases      ] GC(193) Post Compact 7.457ms
[20.271s][info][gc,heap        ] GC(193) PSYoungGen: 17536K(35328K)->0K(135680K) Eden: 0K(17408K)->0K(19968K) From: 17536K(17920K)->0K(115712K)
[20.271s][info][gc,heap        ] GC(193) ParOldGen: 3004585K(3046400K)->2954325K(3226624K)
[20.271s][info][gc,metaspace   ] GC(193) Metaspace: 6298K(6464K)->6298K(6464K) NonClass: 5765K(5824K)->5765K(5824K) Class: 533K(640K)->533K(640K)
[20.271s][info][gc             ] GC(193) Pause Full (Ergonomics) 2951M->2885M(3283M) 1127.699ms
[20.271s][info][gc,cpu         ] GC(193) User=7.77s Sys=0.02s Real=1.13s
[20.302s][info][gc,start       ] GC(194) Pause Young (Allocation Failure)
[20.334s][info][gc,heap        ] GC(194) PSYoungGen: 19968K(135680K)->20064K(40448K) Eden: 19968K(19968K)->0K(19968K) From: 0K(115712K)->20064K(20480K)
[20.334s][info][gc,heap        ] GC(194) ParOldGen: 2954325K(3226624K)->2954325K(3226624K)
[20.334s][info][gc,metaspace   ] GC(194) Metaspace: 6298K(6464K)->6298K(6464K) NonClass: 5765K(5824K)->5765K(5824K) Class: 533K(640K)->533K(640K)
[20.334s][info][gc             ] GC(194) Pause Young (Allocation Failure) 2904M->2904M(3190M) 32.474ms
[20.334s][info][gc,cpu         ] GC(194) User=0.03s Sys=0.00s Real=0.03s
[20.356s][info][gc,start       ] GC(195) Pause Young (Allocation Failure)
[20.400s][info][gc,heap        ] GC(195) PSYoungGen: 40032K(40448K)->20096K(122368K) Eden: 19968K(19968K)->0K(22528K) From: 20064K(20480K)->20096K(99840K)
[20.400s][info][gc,heap        ] GC(195) ParOldGen: 2954325K(3226624K)->2974469K(3226624K)
[20.400s][info][gc,metaspace   ] GC(195) Metaspace: 6298K(6464K)->6298K(6464K) NonClass: 5765K(5824K)->5765K(5824K) Class: 533K(640K)->533K(640K)
[20.400s][info][gc             ] GC(195) Pause Young (Allocation Failure) 2924M->2924M(3270M) 43.957ms
[20.400s][info][gc,cpu         ] GC(195) User=0.12s Sys=0.00s Real=0.04s
[20.434s][info][gc,start       ] GC(196) Pause Young (Allocation Failure)
[20.486s][info][gc,heap        ] GC(196) PSYoungGen: 42624K(122368K)->22656K(45568K) Eden: 22528K(22528K)->0K(22528K) From: 20096K(99840K)->22656K(23040K)
[20.486s][info][gc,heap        ] GC(196) ParOldGen: 2974469K(3226624K)->2994621K(3226624K)
[20.486s][info][gc,metaspace   ] GC(196) Metaspace: 6298K(6464K)->6298K(6464K) NonClass: 5765K(5824K)->5765K(5824K) Class: 533K(640K)->533K(640K)
[20.486s][info][gc             ] GC(196) Pause Young (Allocation Failure) 2946M->2946M(3195M) 52.361ms
[20.486s][info][gc,cpu         ] GC(196) User=0.08s Sys=0.00s Real=0.05s
[20.510s][info][gc,start       ] GC(197) Pause Young (Allocation Failure)
[20.560s][info][gc,heap        ] GC(197) PSYoungGen: 45184K(45568K)->22688K(115200K) Eden: 22528K(22528K)->0K(25600K) From: 22656K(23040K)->22688K(89600K)
[20.560s][info][gc,heap        ] GC(197) ParOldGen: 2994621K(3226624K)->3017357K(3226624K)
[20.560s][info][gc,metaspace   ] GC(197) Metaspace: 6298K(6464K)->6298K(6464K) NonClass: 5765K(5824K)->5765K(5824K) Class: 533K(640K)->533K(640K)
[20.560s][info][gc             ] GC(197) Pause Young (Allocation Failure) 2968M->2968M(3263M) 50.658ms
[20.560s][info][gc,cpu         ] GC(197) User=0.06s Sys=0.00s Real=0.05s
[20.586s][info][gc,start       ] GC(198) Pause Young (Allocation Failure)
[20.636s][info][gc,heap        ] GC(198) PSYoungGen: 48288K(115200K)->25760K(51712K) Eden: 25600K(25600K)->0K(25600K) From: 22688K(89600K)->25760K(26112K)
[20.636s][info][gc,heap        ] GC(198) ParOldGen: 3017357K(3226624K)->3040117K(3226624K)
[20.636s][info][gc,metaspace   ] GC(198) Metaspace: 6298K(6464K)->6298K(6464K) NonClass: 5765K(5824K)->5765K(5824K) Class: 533K(640K)->533K(640K)
[20.636s][info][gc             ] GC(198) Pause Young (Allocation Failure) 2993M->2994M(3201M) 50.632ms
[20.636s][info][gc,cpu         ] GC(198) User=0.11s Sys=0.00s Real=0.05s
[20.661s][info][gc,start       ] GC(199) Pause Young (Allocation Failure)
[20.712s][info][gc,heap        ] GC(199) PSYoungGen: 51360K(51712K)->25760K(108032K) Eden: 25600K(25600K)->0K(29184K) From: 25760K(26112K)->25760K(78848K)
[20.712s][info][gc,heap        ] GC(199) ParOldGen: 3040117K(3226624K)->3065957K(3226624K)
[20.712s][info][gc,metaspace   ] GC(199) Metaspace: 6298K(6464K)->6298K(6464K) NonClass: 5765K(5824K)->5765K(5824K) Class: 533K(640K)->533K(640K)
[20.712s][info][gc             ] GC(199) Pause Young (Allocation Failure) 3019M->3019M(3256M) 51.753ms
[20.712s][info][gc,cpu         ] GC(199) User=0.14s Sys=0.03s Real=0.05s
[20.739s][info][gc,start       ] GC(200) Pause Young (Allocation Failure)
[20.786s][info][gc,heap        ] GC(200) PSYoungGen: 54944K(108032K)->29344K(58880K) Eden: 29184K(29184K)->0K(29184K) From: 25760K(78848K)->29344K(29696K)
[20.786s][info][gc,heap        ] GC(200) ParOldGen: 3065957K(3226624K)->3091789K(3226624K)
[20.786s][info][gc,metaspace   ] GC(200) Metaspace: 6298K(6464K)->6298K(6464K) NonClass: 5765K(5824K)->5765K(5824K) Class: 533K(640K)->533K(640K)
[20.786s][info][gc             ] GC(200) Pause Young (Allocation Failure) 3047M->3047M(3208M) 46.593ms
[20.786s][info][gc,cpu         ] GC(200) User=0.06s Sys=0.09s Real=0.05s
[20.815s][info][gc,start       ] GC(201) Pause Young (Allocation Failure)
[20.864s][info][gc,heap        ] GC(201) PSYoungGen: 58528K(58880K)->29312K(102400K) Eden: 29184K(29184K)->0K(33280K) From: 29344K(29696K)->29312K(69120K)
[20.864s][info][gc,heap        ] GC(201) ParOldGen: 3091789K(3226624K)->3121237K(3226624K)
[20.864s][info][gc,metaspace   ] GC(201) Metaspace: 6298K(6464K)->6298K(6464K) NonClass: 5765K(5824K)->5765K(5824K) Class: 533K(640K)->533K(640K)
[20.864s][info][gc             ] GC(201) Pause Young (Allocation Failure) 3076M->3076M(3251M) 49.197ms
[20.864s][info][gc,cpu         ] GC(201) User=0.06s Sys=0.12s Real=0.05s
[20.902s][info][gc,start       ] GC(202) Pause Young (Allocation Failure)
[20.954s][info][gc,heap        ] GC(202) PSYoungGen: 62592K(102400K)->33408K(107008K) Eden: 33280K(33280K)->0K(33280K) From: 29312K(69120K)->33408K(73728K)
[20.954s][info][gc,heap        ] GC(202) ParOldGen: 3121237K(3226624K)->3150685K(3226624K)
[20.954s][info][gc,metaspace   ] GC(202) Metaspace: 6298K(6464K)->6298K(6464K) NonClass: 5765K(5824K)->5765K(5824K) Class: 533K(640K)->533K(640K)
[20.954s][info][gc             ] GC(202) Pause Young (Allocation Failure) 3109M->3109M(3255M) 52.236ms
[20.954s][info][gc,cpu         ] GC(202) User=0.17s Sys=0.11s Real=0.05s
[20.990s][info][gc,start       ] GC(203) Pause Young (Allocation Failure)
[21.044s][info][gc,heap        ] GC(203) PSYoungGen: 66688K(107008K)->33472K(101888K) Eden: 33280K(33280K)->0K(37376K) From: 33408K(73728K)->33472K(64512K)
[21.044s][info][gc,heap        ] GC(203) ParOldGen: 3150685K(3226624K)->3184261K(3226624K)
[21.044s][info][gc,metaspace   ] GC(203) Metaspace: 6298K(6464K)->6298K(6464K) NonClass: 5765K(5824K)->5765K(5824K) Class: 533K(640K)->533K(640K)
[21.044s][info][gc             ] GC(203) Pause Young (Allocation Failure) 3141M->3142M(3250M) 54.928ms
[21.044s][info][gc,cpu         ] GC(203) User=0.11s Sys=0.06s Real=0.05s
[21.045s][info][gc,start       ] GC(204) Pause Full (Ergonomics)
[21.045s][info][gc,phases,start] GC(204) Marking Phase
[21.760s][info][gc,phases      ] GC(204) Marking Phase 715.469ms
[21.760s][info][gc,phases,start] GC(204) Summary Phase
[21.760s][info][gc,phases      ] GC(204) Summary Phase 0.066ms
[21.760s][info][gc,phases,start] GC(204) Adjust Roots
[21.760s][info][gc,phases      ] GC(204) Adjust Roots 0.196ms
[21.760s][info][gc,phases,start] GC(204) Compaction Phase
[22.094s][info][gc,phases      ] GC(204) Compaction Phase 333.096ms
[22.094s][info][gc,phases,start] GC(204) Post Compact
[22.099s][info][gc,phases      ] GC(204) Post Compact 5.757ms
[22.102s][info][gc,heap        ] GC(204) PSYoungGen: 33472K(101888K)->0K(104960K) Eden: 0K(37376K)->0K(37376K) From: 33472K(64512K)->0K(67584K)
[22.102s][info][gc,heap        ] GC(204) ParOldGen: 3184261K(3226624K)->3215140K(3507200K)
[22.102s][info][gc,metaspace   ] GC(204) Metaspace: 6298K(6464K)->6298K(6464K) NonClass: 5765K(5824K)->5765K(5824K) Class: 533K(640K)->533K(640K)
[22.102s][info][gc             ] GC(204) Pause Full (Ergonomics) 3142M->3139M(3527M) 1057.077ms
[22.102s][info][gc,cpu         ] GC(204) User=7.34s Sys=0.09s Real=1.06s
[22.142s][info][gc,start       ] GC(205) Pause Young (Allocation Failure)
[22.183s][info][gc,heap        ] GC(205) PSYoungGen: 37376K(104960K)->37568K(104960K) Eden: 37376K(37376K)->0K(40960K) From: 0K(67584K)->37568K(64000K)
[22.183s][info][gc,heap        ] GC(205) ParOldGen: 3215140K(3507200K)->3215140K(3507200K)
[22.183s][info][gc,metaspace   ] GC(205) Metaspace: 6298K(6464K)->6298K(6464K) NonClass: 5765K(5824K)->5765K(5824K) Class: 533K(640K)->533K(640K)
[22.183s][info][gc             ] GC(205) Pause Young (Allocation Failure) 3176M->3176M(3527M) 41.145ms
[22.183s][info][gc,cpu         ] GC(205) User=0.05s Sys=0.00s Real=0.04s
[22.224s][info][gc,start       ] GC(206) Pause Young (Allocation Failure)
[22.276s][info][gc,heap        ] GC(206) PSYoungGen: 78528K(104960K)->66560K(107520K) Eden: 40960K(40960K)->0K(40960K) From: 37568K(64000K)->66560K(66560K)
[22.276s][info][gc,heap        ] GC(206) ParOldGen: 3215140K(3507200K)->3227140K(3507200K)
[22.276s][info][gc,metaspace   ] GC(206) Metaspace: 6298K(6464K)->6298K(6464K) NonClass: 5765K(5824K)->5765K(5824K) Class: 533K(640K)->533K(640K)
[22.277s][info][gc             ] GC(206) Pause Young (Allocation Failure) 3216M->3216M(3530M) 52.188ms
[22.277s][info][gc,cpu         ] GC(206) User=0.17s Sys=0.00s Real=0.05s
[22.322s][info][gc,start       ] GC(207) Pause Young (Allocation Failure)
[22.405s][info][gc,heap        ] GC(207) PSYoungGen: 107520K(107520K)->41152K(121856K) Eden: 40960K(40960K)->0K(45568K) From: 66560K(66560K)->41152K(76288K)
[22.405s][info][gc,heap        ] GC(207) ParOldGen: 3227140K(3507200K)->3294180K(3507200K)
[22.405s][info][gc,metaspace   ] GC(207) Metaspace: 6298K(6464K)->6298K(6464K) NonClass: 5765K(5824K)->5765K(5824K) Class: 533K(640K)->533K(640K)
[22.405s][info][gc             ] GC(207) Pause Young (Allocation Failure) 3256M->3257M(3544M) 82.811ms
[22.405s][info][gc,cpu         ] GC(207) User=0.38s Sys=0.27s Real=0.08s
[22.454s][info][gc,start       ] GC(208) Pause Young (Allocation Failure)
[22.523s][info][gc,heap        ] GC(208) PSYoungGen: 86720K(121856K)->45728K(123904K) Eden: 45568K(45568K)->0K(45568K) From: 41152K(76288K)->45728K(78336K)
[22.523s][info][gc,heap        ] GC(208) ParOldGen: 3294180K(3507200K)->3335516K(3507200K)
[22.523s][info][gc,metaspace   ] GC(208) Metaspace: 6298K(6464K)->6298K(6464K) NonClass: 5765K(5824K)->5765K(5824K) Class: 533K(640K)->533K(640K)
[22.523s][info][gc             ] GC(208) Pause Young (Allocation Failure) 3301M->3301M(3546M) 69.432ms
[22.523s][info][gc,cpu         ] GC(208) User=0.23s Sys=0.16s Real=0.07s
[22.573s][info][gc,start       ] GC(209) Pause Young (Allocation Failure)
[22.642s][info][gc,heap        ] GC(209) PSYoungGen: 91296K(123904K)->45760K(126464K) Eden: 45568K(45568K)->0K(50688K) From: 45728K(78336K)->45760K(75776K)
[22.642s][info][gc,heap        ] GC(209) ParOldGen: 3335516K(3507200K)->3381492K(3507200K)
[22.642s][info][gc,metaspace   ] GC(209) Metaspace: 6298K(6464K)->6298K(6464K) NonClass: 5765K(5824K)->5765K(5824K) Class: 533K(640K)->533K(640K)
[22.642s][info][gc             ] GC(209) Pause Young (Allocation Failure) 3346M->3346M(3548M) 68.725ms
[22.642s][info][gc,cpu         ] GC(209) User=0.11s Sys=0.22s Real=0.07s
[22.693s][info][gc,start       ] GC(210) Pause Young (Allocation Failure)
[22.760s][info][gc,heap        ] GC(210) PSYoungGen: 96448K(126464K)->50912K(127488K) Eden: 50688K(50688K)->0K(50688K) From: 45760K(75776K)->50912K(76800K)
[22.760s][info][gc,heap        ] GC(210) ParOldGen: 3381492K(3507200K)->3427460K(3507200K)
[22.760s][info][gc,metaspace   ] GC(210) Metaspace: 6298K(6464K)->6298K(6464K) NonClass: 5765K(5824K)->5765K(5824K) Class: 533K(640K)->533K(640K)
[22.760s][info][gc             ] GC(210) Pause Young (Allocation Failure) 3396M->3396M(3549M) 67.045ms
[22.760s][info][gc,cpu         ] GC(210) User=0.28s Sys=0.12s Real=0.07s
[22.808s][info][gc,start       ] GC(211) Pause Young (Allocation Failure)
[22.881s][info][gc,heap        ] GC(211) PSYoungGen: 101600K(127488K)->50912K(134144K) Eden: 50688K(50688K)->0K(56320K) From: 50912K(76800K)->50912K(77824K)
[22.881s][info][gc,heap        ] GC(211) ParOldGen: 3427460K(3507200K)->3478604K(3507200K)
[22.881s][info][gc,metaspace   ] GC(211) Metaspace: 6298K(6464K)->6298K(6464K) NonClass: 5765K(5824K)->5765K(5824K) Class: 533K(640K)->533K(640K)
[22.881s][info][gc             ] GC(211) Pause Young (Allocation Failure) 3446M->3446M(3556M) 73.516ms
[22.881s][info][gc,cpu         ] GC(211) User=0.22s Sys=0.22s Real=0.07s
[22.881s][info][gc,start       ] GC(212) Pause Full (Ergonomics)
[22.881s][info][gc,phases,start] GC(212) Marking Phase
[23.651s][info][gc,phases      ] GC(212) Marking Phase 770.037ms
[23.651s][info][gc,phases,start] GC(212) Summary Phase
[23.651s][info][gc,phases      ] GC(212) Summary Phase 0.045ms
[23.651s][info][gc,phases,start] GC(212) Adjust Roots
[23.651s][info][gc,phases      ] GC(212) Adjust Roots 0.160ms
[23.651s][info][gc,phases,start] GC(212) Compaction Phase
[23.992s][info][gc,phases      ] GC(212) Compaction Phase 340.179ms
[23.992s][info][gc,phases,start] GC(212) Post Compact
[23.998s][info][gc,phases      ] GC(212) Post Compact 6.622ms
[24.001s][info][gc,heap        ] GC(212) PSYoungGen: 50912K(134144K)->20001K(134144K) Eden: 0K(56320K)->0K(56320K) From: 50912K(77824K)->20001K(77824K)
[24.001s][info][gc,heap        ] GC(212) ParOldGen: 3478604K(3507200K)->3506718K(3851264K)
[24.001s][info][gc,metaspace   ] GC(212) Metaspace: 6298K(6464K)->6298K(6464K) NonClass: 5765K(5824K)->5765K(5824K) Class: 533K(640K)->533K(640K)
[24.001s][info][gc             ] GC(212) Pause Full (Ergonomics) 3446M->3444M(3892M) 1120.276ms
[24.001s][info][gc,cpu         ] GC(212) User=8.23s Sys=0.05s Real=1.12s
[24.058s][info][gc,start       ] GC(213) Pause Young (Allocation Failure)
[24.245s][info][gc,heap        ] GC(213) PSYoungGen: 76321K(134144K)->56576K(134656K) Eden: 56320K(56320K)->0K(56320K) From: 20001K(77824K)->56576K(78336K)
[24.245s][info][gc,heap        ] GC(213) ParOldGen: 3506718K(3851264K)->3526926K(3851264K)
[24.245s][info][gc,metaspace   ] GC(213) Metaspace: 6298K(6464K)->6298K(6464K) NonClass: 5765K(5824K)->5765K(5824K) Class: 533K(640K)->533K(640K)
[24.245s][info][gc             ] GC(213) Pause Young (Allocation Failure) 3499M->3499M(3892M) 186.747ms
[24.245s][info][gc,cpu         ] GC(213) User=1.27s Sys=0.11s Real=0.19s
[24.307s][info][gc,start       ] GC(214) Pause Young (Allocation Failure)
[24.392s][info][gc,heap        ] GC(214) PSYoungGen: 112896K(134656K)->80384K(119808K) Eden: 56320K(56320K)->0K(39424K) From: 56576K(78336K)->80384K(80384K)
[24.392s][info][gc,heap        ] GC(214) ParOldGen: 3526926K(3851264K)->3559582K(3851264K)
[24.392s][info][gc,metaspace   ] GC(214) Metaspace: 6298K(6464K)->6298K(6464K) NonClass: 5765K(5824K)->5765K(5824K) Class: 533K(640K)->533K(640K)
[24.392s][info][gc             ] GC(214) Pause Young (Allocation Failure) 3554M->3554M(3878M) 84.668ms
[24.392s][info][gc,cpu         ] GC(214) User=0.27s Sys=0.33s Real=0.09s
[24.434s][info][gc,start       ] GC(215) Pause Young (Allocation Failure)
[24.523s][info][gc,heap        ] GC(215) PSYoungGen: 119808K(119808K)->39616K(142336K) Eden: 39424K(39424K)->0K(39424K) From: 80384K(80384K)->39616K(102912K)
[24.524s][info][gc,heap        ] GC(215) ParOldGen: 3559582K(3851264K)->3640574K(3851264K)
[24.524s][info][gc,metaspace   ] GC(215) Metaspace: 6298K(6464K)->6298K(6464K) NonClass: 5765K(5824K)->5765K(5824K) Class: 533K(640K)->533K(640K)
[24.524s][info][gc             ] GC(215) Pause Young (Allocation Failure) 3593M->3593M(3900M) 89.272ms
[24.524s][info][gc,cpu         ] GC(215) User=0.45s Sys=0.17s Real=0.09s
[24.564s][info][gc,start       ] GC(216) Pause Young (Allocation Failure)
[24.627s][info][gc,heap        ] GC(216) PSYoungGen: 79040K(142336K)->39552K(136704K) Eden: 39424K(39424K)->0K(44032K) From: 39616K(102912K)->39552K(92672K)
[24.627s][info][gc,heap        ] GC(216) ParOldGen: 3640574K(3851264K)->3680350K(3851264K)
[24.627s][info][gc,metaspace   ] GC(216) Metaspace: 6298K(6464K)->6298K(6464K) NonClass: 5765K(5824K)->5765K(5824K) Class: 533K(640K)->533K(640K)
[24.627s][info][gc             ] GC(216) Pause Young (Allocation Failure) 3632M->3632M(3894M) 62.935ms
[24.627s][info][gc,cpu         ] GC(216) User=0.25s Sys=0.05s Real=0.06s
[24.671s][info][gc,start       ] GC(217) Pause Young (Allocation Failure)
[24.734s][info][gc,heap        ] GC(217) PSYoungGen: 83584K(136704K)->44256K(139776K) Eden: 44032K(44032K)->0K(44032K) From: 39552K(92672K)->44256K(95744K)
[24.734s][info][gc,heap        ] GC(217) ParOldGen: 3680350K(3851264K)->3720126K(3851264K)
[24.734s][info][gc,metaspace   ] GC(217) Metaspace: 6298K(6464K)->6298K(6464K) NonClass: 5765K(5824K)->5765K(5824K) Class: 533K(640K)->533K(640K)
[24.734s][info][gc             ] GC(217) Pause Young (Allocation Failure) 3675M->3676M(3897M) 62.649ms
[24.734s][info][gc,cpu         ] GC(217) User=0.25s Sys=0.14s Real=0.06s
[24.777s][info][gc,start       ] GC(218) Pause Young (Allocation Failure)
[24.845s][info][gc,heap        ] GC(218) PSYoungGen: 88288K(139776K)->44256K(133632K) Eden: 44032K(44032K)->0K(49664K) From: 44256K(95744K)->44256K(83968K)
[24.845s][info][gc,heap        ] GC(218) ParOldGen: 3720126K(3851264K)->3764558K(3851264K)
[24.845s][info][gc,metaspace   ] GC(218) Metaspace: 6298K(6464K)->6298K(6464K) NonClass: 5765K(5824K)->5765K(5824K) Class: 533K(640K)->533K(640K)
[24.845s][info][gc             ] GC(218) Pause Young (Allocation Failure) 3719M->3719M(3891M) 67.767ms
[24.845s][info][gc,cpu         ] GC(218) User=0.36s Sys=0.11s Real=0.07s
[24.900s][info][gc,start       ] GC(219) Pause Young (Allocation Failure)
[24.970s][info][gc,heap        ] GC(219) PSYoungGen: 93920K(133632K)->49888K(137216K) Eden: 49664K(49664K)->0K(49664K) From: 44256K(83968K)->49888K(87552K)
[24.970s][info][gc,heap        ] GC(219) ParOldGen: 3764558K(3851264K)->3808974K(3851264K)
[24.970s][info][gc,metaspace   ] GC(219) Metaspace: 6298K(6464K)->6298K(6464K) NonClass: 5765K(5824K)->5765K(5824K) Class: 533K(640K)->533K(640K)
[24.970s][info][gc             ] GC(219) Pause Young (Allocation Failure) 3768M->3768M(3895M) 70.325ms
[24.970s][info][gc,cpu         ] GC(219) User=0.20s Sys=0.12s Real=0.07s
[24.970s][info][gc,start       ] GC(220) Pause Full (Ergonomics)
[24.970s][info][gc,phases,start] GC(220) Marking Phase
[25.835s][info][gc,phases      ] GC(220) Marking Phase 865.046ms
[25.835s][info][gc,phases,start] GC(220) Summary Phase
[25.836s][info][gc,phases      ] GC(220) Summary Phase 0.057ms
[25.836s][info][gc,phases,start] GC(220) Adjust Roots
[25.836s][info][gc,phases      ] GC(220) Adjust Roots 0.157ms
[25.836s][info][gc,phases,start] GC(220) Compaction Phase
[26.207s][info][gc,phases      ] GC(220) Compaction Phase 371.446ms
[26.207s][info][gc,phases,start] GC(220) Post Compact
[26.214s][info][gc,phases      ] GC(220) Post Compact 6.994ms
[26.217s][info][gc,heap        ] GC(220) PSYoungGen: 49888K(137216K)->4681K(137216K) Eden: 0K(49664K)->0K(49664K) From: 49888K(87552K)->4681K(87552K)
[26.217s][info][gc,heap        ] GC(220) ParOldGen: 3808974K(3851264K)->3851028K(4227072K)
[26.217s][info][gc,metaspace   ] GC(220) Metaspace: 6298K(6464K)->6298K(6464K) NonClass: 5765K(5824K)->5765K(5824K) Class: 533K(640K)->533K(640K)
[26.217s][info][gc             ] GC(220) Pause Full (Ergonomics) 3768M->3765M(4262M) 1246.855ms
[26.217s][info][gc,cpu         ] GC(220) User=9.08s Sys=0.14s Real=1.25s
[26.271s][info][gc,start       ] GC(221) Pause Young (Allocation Failure)
[26.465s][info][gc,heap        ] GC(221) PSYoungGen: 54345K(137216K)->49888K(133120K) Eden: 49664K(49664K)->0K(54784K) From: 4681K(87552K)->49888K(78336K)
[26.465s][info][gc,heap        ] GC(221) ParOldGen: 3851028K(4227072K)->3855788K(4227072K)
[26.465s][info][gc,metaspace   ] GC(221) Metaspace: 6298K(6464K)->6298K(6464K) NonClass: 5765K(5824K)->5765K(5824K) Class: 533K(640K)->533K(640K)
[26.465s][info][gc             ] GC(221) Pause Young (Allocation Failure) 3813M->3814M(4258M) 194.117ms
[26.465s][info][gc,cpu         ] GC(221) User=1.28s Sys=0.00s Real=0.19s
[26.522s][info][gc,start       ] GC(222) Pause Young (Allocation Failure)
[26.591s][info][gc,heap        ] GC(222) PSYoungGen: 104672K(133120K)->81920K(136704K) Eden: 54784K(54784K)->0K(54784K) From: 49888K(78336K)->81920K(81920K)
[26.591s][info][gc,heap        ] GC(222) ParOldGen: 3855788K(4227072K)->3878660K(4227072K)
[26.591s][info][gc,metaspace   ] GC(222) Metaspace: 6298K(6464K)->6298K(6464K) NonClass: 5765K(5824K)->5765K(5824K) Class: 533K(640K)->533K(640K)
[26.591s][info][gc             ] GC(222) Pause Young (Allocation Failure) 3867M->3867M(4261M) 68.546ms
[26.591s][info][gc,cpu         ] GC(222) User=0.31s Sys=0.08s Real=0.07s
[26.645s][info][gc,start       ] GC(223) Pause Young (Allocation Failure)
[26.748s][info][gc,heap        ] GC(223) PSYoungGen: 136704K(136704K)->55008K(153088K) Eden: 54784K(54784K)->0K(60928K) From: 81920K(81920K)->55008K(92160K)
[26.748s][info][gc,heap        ] GC(223) ParOldGen: 3878660K(4227072K)->3961172K(4227072K)
[26.748s][info][gc,metaspace   ] GC(223) Metaspace: 6298K(6464K)->6298K(6464K) NonClass: 5765K(5824K)->5765K(5824K) Class: 533K(640K)->533K(640K)
[26.748s][info][gc             ] GC(223) Pause Young (Allocation Failure) 3921M->3922M(4277M) 102.698ms
[26.748s][info][gc,cpu         ] GC(223) User=0.41s Sys=0.36s Real=0.10s
[26.815s][info][gc,start       ] GC(224) Pause Young (Allocation Failure)
[26.894s][info][gc,heap        ] GC(224) PSYoungGen: 115936K(153088K)->61152K(156672K) Eden: 60928K(60928K)->0K(60928K) From: 55008K(92160K)->61152K(95744K)
[26.894s][info][gc,heap        ] GC(224) ParOldGen: 3961172K(4227072K)->4016444K(4227072K)
[26.894s][info][gc,metaspace   ] GC(224) Metaspace: 6298K(6464K)->6298K(6464K) NonClass: 5765K(5824K)->5765K(5824K) Class: 533K(640K)->533K(640K)
[26.894s][info][gc             ] GC(224) Pause Young (Allocation Failure) 3981M->3982M(4281M) 79.119ms
[26.894s][info][gc,cpu         ] GC(224) User=0.34s Sys=0.16s Real=0.08s
[26.967s][info][gc,start       ] GC(225) Pause Young (Allocation Failure)
[27.056s][info][gc,heap        ] GC(225) PSYoungGen: 122080K(156672K)->61120K(159744K) Eden: 60928K(60928K)->0K(67584K) From: 61152K(95744K)->61120K(92160K)
[27.056s][info][gc,heap        ] GC(225) ParOldGen: 4016444K(4227072K)->4077908K(4227072K)
[27.056s][info][gc,metaspace   ] GC(225) Metaspace: 6298K(6464K)->6298K(6464K) NonClass: 5765K(5824K)->5765K(5824K) Class: 533K(640K)->533K(640K)
[27.057s][info][gc             ] GC(225) Pause Young (Allocation Failure) 4041M->4042M(4284M) 89.600ms
[27.057s][info][gc,cpu         ] GC(225) User=0.38s Sys=0.23s Real=0.09s
[27.126s][info][gc,start       ] GC(226) Pause Young (Allocation Failure)
[27.215s][info][gc,heap        ] GC(226) PSYoungGen: 128704K(159744K)->67840K(160768K) Eden: 67584K(67584K)->0K(67584K) From: 61120K(92160K)->67840K(93184K)
[27.215s][info][gc,heap        ] GC(226) ParOldGen: 4077908K(4227072K)->4139364K(4227072K)
[27.215s][info][gc,metaspace   ] GC(226) Metaspace: 6298K(6464K)->6298K(6464K) NonClass: 5765K(5824K)->5765K(5824K) Class: 533K(640K)->533K(640K)
[27.215s][info][gc             ] GC(226) Pause Young (Allocation Failure) 4108M->4108M(4285M) 89.022ms
[27.215s][info][gc,cpu         ] GC(226) User=0.39s Sys=0.23s Real=0.09s
[27.215s][info][gc,start       ] GC(227) Pause Full (Ergonomics)
[27.215s][info][gc,phases,start] GC(227) Marking Phase
[28.146s][info][gc,phases      ] GC(227) Marking Phase 931.596ms
[28.147s][info][gc,phases,start] GC(227) Summary Phase
[28.147s][info][gc,phases      ] GC(227) Summary Phase 0.077ms
[28.147s][info][gc,phases,start] GC(227) Adjust Roots
[28.147s][info][gc,phases      ] GC(227) Adjust Roots 0.161ms
[28.147s][info][gc,phases,start] GC(227) Compaction Phase
[28.543s][info][gc,phases      ] GC(227) Compaction Phase 396.069ms
[28.543s][info][gc,phases,start] GC(227) Post Compact
[28.549s][info][gc,phases      ] GC(227) Post Compact 6.223ms
[28.553s][info][gc,heap        ] GC(227) PSYoungGen: 67840K(160768K)->0K(169472K) Eden: 0K(67584K)->0K(75264K) From: 67840K(93184K)->0K(94208K)
[28.553s][info][gc,heap        ] GC(227) ParOldGen: 4139364K(4227072K)->4204189K(4635136K)
[28.553s][info][gc,metaspace   ] GC(227) Metaspace: 6298K(6464K)->6298K(6464K) NonClass: 5765K(5824K)->5765K(5824K) Class: 533K(640K)->533K(640K)
[28.553s][info][gc             ] GC(227) Pause Full (Ergonomics) 4108M->4105M(4692M) 1337.941ms
[28.553s][info][gc,cpu         ] GC(227) User=9.98s Sys=0.11s Real=1.34s
[28.636s][info][gc,start       ] GC(228) Pause Young (Allocation Failure)
[28.690s][info][gc,heap        ] GC(228) PSYoungGen: 75264K(169472K)->75488K(169472K) Eden: 75264K(75264K)->0K(75264K) From: 0K(94208K)->75488K(94208K)
[28.690s][info][gc,heap        ] GC(228) ParOldGen: 4204189K(4635136K)->4204189K(4635136K)
[28.690s][info][gc,metaspace   ] GC(228) Metaspace: 6298K(6464K)->6298K(6464K) NonClass: 5765K(5824K)->5765K(5824K) Class: 533K(640K)->533K(640K)
[28.690s][info][gc             ] GC(228) Pause Young (Allocation Failure) 4179M->4179M(4692M) 53.934ms
[28.690s][info][gc,cpu         ] GC(228) User=0.20s Sys=0.00s Real=0.05s
[28.785s][info][gc,start       ] GC(229) Pause Young (Allocation Failure)
[28.897s][info][gc,heap        ] GC(229) PSYoungGen: 150752K(169472K)->97280K(148480K) Eden: 75264K(75264K)->0K(51200K) From: 75488K(94208K)->97280K(97280K)
[28.897s][info][gc,heap        ] GC(229) ParOldGen: 4204189K(4635136K)->4258053K(4635136K)
[28.897s][info][gc,metaspace   ] GC(229) Metaspace: 6298K(6464K)->6298K(6464K) NonClass: 5765K(5824K)->5765K(5824K) Class: 533K(640K)->533K(640K)
[28.897s][info][gc             ] GC(229) Pause Young (Allocation Failure) 4252M->4253M(4671M) 112.209ms
[28.898s][info][gc,cpu         ] GC(229) User=0.45s Sys=0.31s Real=0.11s
[28.950s][info][gc,start       ] GC(230) Pause Young (Allocation Failure)
[29.061s][info][gc,heap        ] GC(230) PSYoungGen: 148480K(148480K)->51424K(179200K) Eden: 51200K(51200K)->0K(51200K) From: 97280K(97280K)->51424K(128000K)
[29.061s][info][gc,heap        ] GC(230) ParOldGen: 4258053K(4635136K)->4356053K(4635136K)
[29.061s][info][gc,metaspace   ] GC(230) Metaspace: 6298K(6464K)->6298K(6464K) NonClass: 5765K(5824K)->5765K(5824K) Class: 533K(640K)->533K(640K)
[29.061s][info][gc             ] GC(230) Pause Young (Allocation Failure) 4303M->4304M(4701M) 110.990ms
[29.061s][info][gc,cpu         ] GC(230) User=0.42s Sys=0.33s Real=0.11s
[29.113s][info][gc,start       ] GC(231) Pause Young (Allocation Failure)
[29.177s][info][gc,heap        ] GC(231) PSYoungGen: 102624K(179200K)->102656K(173056K) Eden: 51200K(51200K)->0K(48640K) From: 51424K(128000K)->102656K(124416K)
[29.177s][info][gc,heap        ] GC(231) ParOldGen: 4356053K(4635136K)->4356053K(4635136K)
[29.177s][info][gc,metaspace   ] GC(231) Metaspace: 6298K(6464K)->6298K(6464K) NonClass: 5765K(5824K)->5765K(5824K) Class: 533K(640K)->533K(640K)
[29.177s][info][gc             ] GC(231) Pause Young (Allocation Failure) 4354M->4354M(4695M) 63.634ms
[29.177s][info][gc,cpu         ] GC(231) User=0.19s Sys=0.00s Real=0.06s
[29.228s][info][gc,start       ] GC(232) Pause Young (Allocation Failure)
[29.317s][info][gc,heap        ] GC(232) PSYoungGen: 151296K(173056K)->100096K(181248K) Eden: 48640K(48640K)->0K(48640K) From: 102656K(124416K)->100096K(132608K)
[29.317s][info][gc,heap        ] GC(232) ParOldGen: 4356053K(4635136K)->4407701K(4635136K)
[29.317s][info][gc,metaspace   ] GC(232) Metaspace: 6298K(6464K)->6298K(6464K) NonClass: 5765K(5824K)->5765K(5824K) Class: 533K(640K)->533K(640K)
[29.317s][info][gc             ] GC(232) Pause Young (Allocation Failure) 4401M->4402M(4703M) 88.855ms
[29.317s][info][gc,cpu         ] GC(232) User=0.39s Sys=0.25s Real=0.09s
[29.375s][info][gc,start       ] GC(233) Pause Young (Allocation Failure)
[29.468s][info][gc,heap        ] GC(233) PSYoungGen: 148736K(181248K)->97536K(188416K) Eden: 48640K(48640K)->0K(51200K) From: 100096K(132608K)->97536K(137216K)
[29.468s][info][gc,heap        ] GC(233) ParOldGen: 4407701K(4635136K)->4459349K(4635136K)
[29.468s][info][gc,metaspace   ] GC(233) Metaspace: 6298K(6464K)->6298K(6464K) NonClass: 5765K(5824K)->5765K(5824K) Class: 533K(640K)->533K(640K)
[29.468s][info][gc             ] GC(233) Pause Young (Allocation Failure) 4449M->4450M(4710M) 92.989ms
[29.468s][info][gc,cpu         ] GC(233) User=0.42s Sys=0.20s Real=0.09s
[29.530s][info][gc,start       ] GC(234) Pause Young (Allocation Failure)
[29.631s][info][gc,heap        ] GC(234) PSYoungGen: 148736K(188416K)->100160K(191488K) Eden: 51200K(51200K)->0K(51200K) From: 97536K(137216K)->100160K(140288K)
[29.631s][info][gc,heap        ] GC(234) ParOldGen: 4459349K(4635136K)->4508421K(4635136K)
[29.631s][info][gc,metaspace   ] GC(234) Metaspace: 6298K(6464K)->6298K(6464K) NonClass: 5765K(5824K)->5765K(5824K) Class: 533K(640K)->533K(640K)
[29.631s][info][gc             ] GC(234) Pause Young (Allocation Failure) 4500M->4500M(4713M) 100.868ms
[29.631s][info][gc,cpu         ] GC(234) User=0.36s Sys=0.30s Real=0.10s
[29.686s][info][gc,start       ] GC(235) Pause Young (Allocation Failure)
[29.795s][info][gc,heap        ] GC(235) PSYoungGen: 151360K(191488K)->102688K(197120K) Eden: 51200K(51200K)->0K(54272K) From: 100160K(140288K)->102688K(142848K)
[29.795s][info][gc,heap        ] GC(235) ParOldGen: 4508421K(4635136K)->4557509K(4635136K)
[29.795s][info][gc,metaspace   ] GC(235) Metaspace: 6298K(6464K)->6298K(6464K) NonClass: 5765K(5824K)->5765K(5824K) Class: 533K(640K)->533K(640K)
[29.795s][info][gc             ] GC(235) Pause Young (Allocation Failure) 4550M->4550M(4719M) 109.253ms
[29.795s][info][gc,cpu         ] GC(235) User=0.41s Sys=0.36s Real=0.11s
[29.795s][info][gc,start       ] GC(236) Pause Full (Ergonomics)
[29.795s][info][gc,phases,start] GC(236) Marking Phase
[30.843s][info][gc,phases      ] GC(236) Marking Phase 1048.282ms
[30.843s][info][gc,phases,start] GC(236) Summary Phase
[30.843s][info][gc,phases      ] GC(236) Summary Phase 0.090ms
[30.843s][info][gc,phases,start] GC(236) Adjust Roots
[30.844s][info][gc,phases      ] GC(236) Adjust Roots 0.189ms
[30.844s][info][gc,phases,start] GC(236) Compaction Phase
[31.331s][info][gc,phases      ] GC(236) Compaction Phase 487.212ms
[31.331s][info][gc,phases,start] GC(236) Post Compact
[31.338s][info][gc,phases      ] GC(236) Post Compact 6.752ms
[31.339s][info][gc,heap        ] GC(236) PSYoungGen: 102688K(197120K)->21603K(197120K) Eden: 0K(54272K)->0K(54272K) From: 102688K(142848K)->21603K(142848K)
[31.339s][info][gc,heap        ] GC(236) ParOldGen: 4557509K(4635136K)->4634940K(4847104K)
[31.339s][info][gc,metaspace   ] GC(236) Metaspace: 6298K(6464K)->6298K(6464K) NonClass: 5765K(5824K)->5765K(5824K) Class: 533K(640K)->533K(640K)
[31.339s][info][gc             ] GC(236) Pause Full (Ergonomics) 4550M->4547M(4926M) 1544.270ms
[31.339s][info][gc,cpu         ] GC(236) User=10.97s Sys=0.16s Real=1.54s
[31.394s][info][gc,start       ] GC(237) Pause Young (Allocation Failure)
[31.649s][info][gc,heap        ] GC(237) PSYoungGen: 75875K(197120K)->61056K(200192K) Eden: 54272K(54272K)->0K(54272K) From: 21603K(142848K)->61056K(145920K)
[31.649s][info][gc,heap        ] GC(237) ParOldGen: 4634940K(4847104K)->4650228K(4847104K)
[31.649s][info][gc,metaspace   ] GC(237) Metaspace: 6298K(6464K)->6298K(6464K) NonClass: 5765K(5824K)->5765K(5824K) Class: 533K(640K)->533K(640K)
[31.649s][info][gc             ] GC(237) Pause Young (Allocation Failure) 4600M->4600M(4929M) 255.742ms
[31.649s][info][gc,cpu         ] GC(237) User=1.64s Sys=0.05s Real=0.26s
[31.712s][info][gc,start       ] GC(238) Pause Young (Allocation Failure)
[31.792s][info][gc,heap        ] GC(238) PSYoungGen: 115328K(200192K)->115360K(194560K) Eden: 54272K(54272K)->0K(52224K) From: 61056K(145920K)->115360K(142336K)
[31.792s][info][gc,heap        ] GC(238) ParOldGen: 4650228K(4847104K)->4650228K(4847104K)
[31.792s][info][gc,metaspace   ] GC(238) Metaspace: 6298K(6464K)->6298K(6464K) NonClass: 5765K(5824K)->5765K(5824K) Class: 533K(640K)->533K(640K)
[31.792s][info][gc             ] GC(238) Pause Young (Allocation Failure) 4653M->4653M(4923M) 80.441ms
[31.792s][info][gc,cpu         ] GC(238) User=0.33s Sys=0.02s Real=0.08s
[31.857s][info][gc,start       ] GC(239) Pause Young (Allocation Failure)
[31.954s][info][gc,heap        ] GC(239) PSYoungGen: 167584K(194560K)->150016K(202240K) Eden: 52224K(52224K)->0K(52224K) From: 115360K(142336K)->150016K(150016K)
[31.954s][info][gc,heap        ] GC(239) ParOldGen: 4650228K(4847104K)->4667884K(4847104K)
[31.954s][info][gc,metaspace   ] GC(239) Metaspace: 6298K(6464K)->6298K(6464K) NonClass: 5765K(5824K)->5765K(5824K) Class: 533K(640K)->533K(640K)
[31.954s][info][gc             ] GC(239) Pause Young (Allocation Failure) 4704M->4704M(4931M) 96.834ms
[31.954s][info][gc,cpu         ] GC(239) User=0.55s Sys=0.09s Real=0.10s
[32.006s][info][gc,start       ] GC(240) Pause Young (Allocation Failure)
[32.174s][info][gc,heap        ] GC(240) PSYoungGen: 202240K(202240K)->148768K(219648K) Eden: 52224K(52224K)->0K(45056K) From: 150016K(150016K)->148768K(174592K)
[32.174s][info][gc,heap        ] GC(240) ParOldGen: 4667884K(4847104K)->4721988K(4847104K)
[32.174s][info][gc,metaspace   ] GC(240) Metaspace: 6298K(6464K)->6298K(6464K) NonClass: 5765K(5824K)->5765K(5824K) Class: 533K(640K)->533K(640K)
[32.174s][info][gc             ] GC(240) Pause Young (Allocation Failure) 4755M->4756M(4948M) 168.077ms
[32.174s][info][gc,cpu         ] GC(240) User=0.69s Sys=0.58s Real=0.17s
[32.220s][info][gc,start       ] GC(241) Pause Young (Allocation Failure)
[32.344s][info][gc,heap        ] GC(241) PSYoungGen: 193824K(219648K)->145760K(232960K) Eden: 45056K(45056K)->0K(45056K) From: 148768K(174592K)->145760K(187904K)
[32.344s][info][gc,heap        ] GC(241) ParOldGen: 4721988K(4847104K)->4770476K(4847104K)
[32.344s][info][gc,metaspace   ] GC(241) Metaspace: 6298K(6464K)->6298K(6464K) NonClass: 5765K(5824K)->5765K(5824K) Class: 533K(640K)->533K(640K)
[32.344s][info][gc             ] GC(241) Pause Young (Allocation Failure) 4800M->4801M(4961M) 124.726ms
[32.344s][info][gc,cpu         ] GC(241) User=0.70s Sys=0.17s Real=0.12s
[32.344s][info][gc,start       ] GC(242) Pause Full (Ergonomics)
[32.344s][info][gc,phases,start] GC(242) Marking Phase
[33.435s][info][gc,phases      ] GC(242) Marking Phase 1091.038ms
[33.436s][info][gc,phases,start] GC(242) Summary Phase
[33.436s][info][gc,phases      ] GC(242) Summary Phase 0.080ms
[33.436s][info][gc,phases,start] GC(242) Adjust Roots
[33.436s][info][gc,phases      ] GC(242) Adjust Roots 0.155ms
[33.436s][info][gc,phases,start] GC(242) Compaction Phase
[33.826s][info][gc,phases      ] GC(242) Compaction Phase 390.474ms
[33.826s][info][gc,phases,start] GC(242) Post Compact
[33.833s][info][gc,phases      ] GC(242) Post Compact 7.092ms
[33.834s][info][gc,heap        ] GC(242) PSYoungGen: 145760K(232960K)->67640K(232960K) Eden: 0K(45056K)->0K(45056K) From: 145760K(187904K)->67640K(187904K)
[33.834s][info][gc,heap        ] GC(242) ParOldGen: 4770476K(4847104K)->4846788K(4847104K)
[33.834s][info][gc,metaspace   ] GC(242) Metaspace: 6298K(6464K)->6298K(6464K) NonClass: 5765K(5824K)->5765K(5824K) Class: 533K(640K)->533K(640K)
[33.834s][info][gc             ] GC(242) Pause Full (Ergonomics) 4801M->4799M(4961M) 1489.210ms
[33.834s][info][gc,cpu         ] GC(242) User=11.42s Sys=0.14s Real=1.49s
[33.881s][info][gc,start       ] GC(243) Pause Full (Ergonomics)
[33.881s][info][gc,phases,start] GC(243) Marking Phase
[34.966s][info][gc,phases      ] GC(243) Marking Phase 1085.243ms
[34.966s][info][gc,phases,start] GC(243) Summary Phase
[34.966s][info][gc,phases      ] GC(243) Summary Phase 0.056ms
[34.966s][info][gc,phases,start] GC(243) Adjust Roots
[34.966s][info][gc,phases      ] GC(243) Adjust Roots 0.160ms
[34.966s][info][gc,phases,start] GC(243) Compaction Phase
[35.286s][info][gc,phases      ] GC(243) Compaction Phase 319.060ms
[35.286s][info][gc,phases,start] GC(243) Post Compact
[35.293s][info][gc,phases      ] GC(243) Post Compact 7.321ms
[35.293s][info][gc,heap        ] GC(243) PSYoungGen: 112696K(232960K)->112667K(232960K) Eden: 45056K(45056K)->45026K(45056K) From: 67640K(187904K)->67640K(187904K)
[35.293s][info][gc,heap        ] GC(243) ParOldGen: 4846788K(4847104K)->4846788K(4847104K)
[35.293s][info][gc,metaspace   ] GC(243) Metaspace: 6298K(6464K)->6298K(6464K) NonClass: 5765K(5824K)->5765K(5824K) Class: 533K(640K)->533K(640K)
[35.293s][info][gc             ] GC(243) Pause Full (Ergonomics) 4843M->4843M(4961M) 1412.294ms
[35.293s][info][gc,cpu         ] GC(243) User=10.84s Sys=0.02s Real=1.41s
[35.293s][info][gc,start       ] GC(244) Pause Full (Ergonomics)
[35.293s][info][gc,phases,start] GC(244) Marking Phase
[36.410s][info][gc,phases      ] GC(244) Marking Phase 1116.727ms
[36.410s][info][gc,phases,start] GC(244) Summary Phase
[36.410s][info][gc,phases      ] GC(244) Summary Phase 0.131ms
[36.410s][info][gc,phases,start] GC(244) Adjust Roots
[36.411s][info][gc,phases      ] GC(244) Adjust Roots 0.279ms
[36.411s][info][gc,phases,start] GC(244) Compaction Phase
[36.719s][info][gc,phases      ] GC(244) Compaction Phase 307.805ms
[36.719s][info][gc,phases,start] GC(244) Post Compact
[36.727s][info][gc,phases      ] GC(244) Post Compact 8.527ms
[36.727s][info][gc,heap        ] GC(244) PSYoungGen: 112696K(232960K)->112696K(232960K) Eden: 45056K(45056K)->45055K(45056K) From: 67640K(187904K)->67640K(187904K)
[36.727s][info][gc,heap        ] GC(244) ParOldGen: 4846788K(4847104K)->4846788K(4847104K)
[36.727s][info][gc,metaspace   ] GC(244) Metaspace: 6298K(6464K)->6298K(6464K) NonClass: 5765K(5824K)->5765K(5824K) Class: 533K(640K)->533K(640K)
[36.727s][info][gc             ] GC(244) Pause Full (Ergonomics) 4843M->4843M(4961M) 1433.884ms
[36.727s][info][gc,cpu         ] GC(244) User=10.77s Sys=0.02s Real=1.43s
[36.727s][info][gc,start       ] GC(245) Pause Full (Ergonomics)
[36.727s][info][gc,phases,start] GC(245) Marking Phase
[37.801s][info][gc,phases      ] GC(245) Marking Phase 1073.526ms
[37.801s][info][gc,phases,start] GC(245) Summary Phase
[37.801s][info][gc,phases      ] GC(245) Summary Phase 0.054ms
[37.801s][info][gc,phases,start] GC(245) Adjust Roots
[37.801s][info][gc,phases      ] GC(245) Adjust Roots 0.164ms
[37.801s][info][gc,phases,start] GC(245) Compaction Phase
[38.108s][info][gc,phases      ] GC(245) Compaction Phase 306.203ms
[38.108s][info][gc,phases,start] GC(245) Post Compact
[38.114s][info][gc,phases      ] GC(245) Post Compact 6.403ms
[38.114s][info][gc,heap        ] GC(245) PSYoungGen: 112696K(232960K)->112696K(232960K) Eden: 45056K(45056K)->45056K(45056K) From: 67640K(187904K)->67640K(187904K)
[38.114s][info][gc,heap        ] GC(245) ParOldGen: 4846788K(4847104K)->4846788K(4847104K)
[38.114s][info][gc,metaspace   ] GC(245) Metaspace: 6298K(6464K)->6298K(6464K) NonClass: 5765K(5824K)->5765K(5824K) Class: 533K(640K)->533K(640K)
[38.114s][info][gc             ] GC(245) Pause Full (Ergonomics) 4843M->4843M(4961M) 1386.676ms
[38.114s][info][gc,cpu         ] GC(245) User=10.75s Sys=0.00s Real=1.39s
[38.114s][info][gc,start       ] GC(246) Pause Full (Ergonomics)
[38.114s][info][gc,phases,start] GC(246) Marking Phase
[39.229s][info][gc,phases      ] GC(246) Marking Phase 1115.105ms
[39.229s][info][gc,phases,start] GC(246) Summary Phase
[39.230s][info][gc,phases      ] GC(246) Summary Phase 0.054ms
[39.230s][info][gc,phases,start] GC(246) Adjust Roots
[39.230s][info][gc,phases      ] GC(246) Adjust Roots 0.171ms
[39.230s][info][gc,phases,start] GC(246) Compaction Phase
[39.574s][info][gc,phases      ] GC(246) Compaction Phase 344.608ms
[39.574s][info][gc,phases,start] GC(246) Post Compact
[39.582s][info][gc,phases      ] GC(246) Post Compact 7.183ms
[39.582s][info][gc,heap        ] GC(246) PSYoungGen: 112696K(232960K)->112696K(232960K) Eden: 45056K(45056K)->45056K(45056K) From: 67640K(187904K)->67640K(187904K)
[39.582s][info][gc,heap        ] GC(246) ParOldGen: 4846792K(4847104K)->4846792K(4847104K)
[39.582s][info][gc,metaspace   ] GC(246) Metaspace: 6298K(6464K)->6298K(6464K) NonClass: 5765K(5824K)->5765K(5824K) Class: 533K(640K)->533K(640K)
[39.582s][info][gc             ] GC(246) Pause Full (Ergonomics) 4843M->4843M(4961M) 1467.426ms
[39.582s][info][gc,cpu         ] GC(246) User=11.08s Sys=0.00s Real=1.47s
[39.582s][info][gc,start       ] GC(247) Pause Full (Ergonomics)
[39.582s][info][gc,phases,start] GC(247) Marking Phase
[40.721s][info][gc,phases      ] GC(247) Marking Phase 1139.125ms
[40.721s][info][gc,phases,start] GC(247) Summary Phase
[40.721s][info][gc,phases      ] GC(247) Summary Phase 0.053ms
[40.721s][info][gc,phases,start] GC(247) Adjust Roots
[40.721s][info][gc,phases      ] GC(247) Adjust Roots 0.159ms
[40.721s][info][gc,phases,start] GC(247) Compaction Phase
[41.031s][info][gc,phases      ] GC(247) Compaction Phase 309.714ms
[41.031s][info][gc,phases,start] GC(247) Post Compact
[41.038s][info][gc,phases      ] GC(247) Post Compact 6.386ms
[41.038s][info][gc,heap        ] GC(247) PSYoungGen: 112696K(232960K)->112696K(232960K) Eden: 45056K(45056K)->45056K(45056K) From: 67640K(187904K)->67640K(187904K)
[41.038s][info][gc,heap        ] GC(247) ParOldGen: 4846797K(4847104K)->4846797K(4847104K)
[41.038s][info][gc,metaspace   ] GC(247) Metaspace: 6298K(6464K)->6298K(6464K) NonClass: 5765K(5824K)->5765K(5824K) Class: 533K(640K)->533K(640K)
[41.038s][info][gc             ] GC(247) Pause Full (Ergonomics) 4843M->4843M(4961M) 1455.765ms
[41.038s][info][gc,cpu         ] GC(247) User=11.38s Sys=0.00s Real=1.46s
[41.038s][info][gc,start       ] GC(248) Pause Full (Ergonomics)
[41.038s][info][gc,phases,start] GC(248) Marking Phase
[42.163s][info][gc,phases      ] GC(248) Marking Phase 1124.627ms
[42.163s][info][gc,phases,start] GC(248) Summary Phase
[42.163s][info][gc,phases      ] GC(248) Summary Phase 0.061ms
[42.163s][info][gc,phases,start] GC(248) Adjust Roots
[42.163s][info][gc,phases      ] GC(248) Adjust Roots 0.202ms
[42.163s][info][gc,phases,start] GC(248) Compaction Phase
[42.497s][info][gc,phases      ] GC(248) Compaction Phase 334.468ms
[42.497s][info][gc,phases,start] GC(248) Post Compact
[42.505s][info][gc,phases      ] GC(248) Post Compact 7.149ms
[42.505s][info][gc,heap        ] GC(248) PSYoungGen: 112696K(232960K)->112696K(232960K) Eden: 45056K(45056K)->45056K(45056K) From: 67640K(187904K)->67640K(187904K)
[42.505s][info][gc,heap        ] GC(248) ParOldGen: 4846802K(4847104K)->4846802K(4847104K)
[42.505s][info][gc,metaspace   ] GC(248) Metaspace: 6298K(6464K)->6298K(6464K) NonClass: 5765K(5824K)->5765K(5824K) Class: 533K(640K)->533K(640K)
[42.505s][info][gc             ] GC(248) Pause Full (Ergonomics) 4843M->4843M(4961M) 1466.838ms
[42.505s][info][gc,cpu         ] GC(248) User=11.22s Sys=0.00s Real=1.47s
[42.505s][info][gc,start       ] GC(249) Pause Full (Ergonomics)
[42.505s][info][gc,phases,start] GC(249) Marking Phase
[43.618s][info][gc,phases      ] GC(249) Marking Phase 1113.471ms
[43.618s][info][gc,phases,start] GC(249) Summary Phase
[43.619s][info][gc,phases      ] GC(249) Summary Phase 0.054ms
[43.619s][info][gc,phases,start] GC(249) Adjust Roots
[43.619s][info][gc,phases      ] GC(249) Adjust Roots 0.159ms
[43.619s][info][gc,phases,start] GC(249) Compaction Phase
[43.934s][info][gc,phases      ] GC(249) Compaction Phase 315.022ms
[43.934s][info][gc,phases,start] GC(249) Post Compact
[43.940s][info][gc,phases      ] GC(249) Post Compact 6.256ms
[43.940s][info][gc,heap        ] GC(249) PSYoungGen: 112696K(232960K)->112696K(232960K) Eden: 45056K(45056K)->45056K(45056K) From: 67640K(187904K)->67640K(187904K)
[43.940s][info][gc,heap        ] GC(249) ParOldGen: 4846807K(4847104K)->4846807K(4847104K)
[43.940s][info][gc,metaspace   ] GC(249) Metaspace: 6298K(6464K)->6298K(6464K) NonClass: 5765K(5824K)->5765K(5824K) Class: 533K(640K)->533K(640K)
[43.940s][info][gc             ] GC(249) Pause Full (Ergonomics) 4843M->4843M(4961M) 1435.272ms
[43.940s][info][gc,cpu         ] GC(249) User=11.28s Sys=0.00s Real=1.43s
[43.940s][info][gc,start       ] GC(250) Pause Full (Ergonomics)
[43.940s][info][gc,phases,start] GC(250) Marking Phase
[45.059s][info][gc,phases      ] GC(250) Marking Phase 1118.484ms
[45.059s][info][gc,phases,start] GC(250) Summary Phase
[45.059s][info][gc,phases      ] GC(250) Summary Phase 0.054ms
[45.059s][info][gc,phases,start] GC(250) Adjust Roots
[45.059s][info][gc,phases      ] GC(250) Adjust Roots 0.162ms
[45.059s][info][gc,phases,start] GC(250) Compaction Phase
[45.372s][info][gc,phases      ] GC(250) Compaction Phase 312.251ms
[45.372s][info][gc,phases,start] GC(250) Post Compact
[45.378s][info][gc,phases      ] GC(250) Post Compact 6.503ms
[45.378s][info][gc,heap        ] GC(250) PSYoungGen: 112696K(232960K)->112696K(232960K) Eden: 45056K(45056K)->45056K(45056K) From: 67640K(187904K)->67640K(187904K)
[45.378s][info][gc,heap        ] GC(250) ParOldGen: 4846812K(4847104K)->4846812K(4847104K)
[45.378s][info][gc,metaspace   ] GC(250) Metaspace: 6298K(6464K)->6298K(6464K) NonClass: 5765K(5824K)->5765K(5824K) Class: 533K(640K)->533K(640K)
[45.378s][info][gc             ] GC(250) Pause Full (Ergonomics) 4843M->4843M(4961M) 1437.775ms
[45.378s][info][gc,cpu         ] GC(250) User=11.00s Sys=0.00s Real=1.44s
[45.378s][info][gc,start       ] GC(251) Pause Full (Ergonomics)
[45.378s][info][gc,phases,start] GC(251) Marking Phase
[46.491s][info][gc,phases      ] GC(251) Marking Phase 1112.864ms
[46.491s][info][gc,phases,start] GC(251) Summary Phase
[46.491s][info][gc,phases      ] GC(251) Summary Phase 0.067ms
[46.492s][info][gc,phases,start] GC(251) Adjust Roots
[46.492s][info][gc,phases      ] GC(251) Adjust Roots 0.215ms
[46.492s][info][gc,phases,start] GC(251) Compaction Phase
[46.816s][info][gc,phases      ] GC(251) Compaction Phase 324.714ms
[46.817s][info][gc,phases,start] GC(251) Post Compact
[46.825s][info][gc,phases      ] GC(251) Post Compact 8.834ms
[46.825s][info][gc,heap        ] GC(251) PSYoungGen: 112696K(232960K)->112696K(232960K) Eden: 45056K(45056K)->45056K(45056K) From: 67640K(187904K)->67640K(187904K)
[46.825s][info][gc,heap        ] GC(251) ParOldGen: 4846817K(4847104K)->4846817K(4847104K)
[46.825s][info][gc,metaspace   ] GC(251) Metaspace: 6298K(6464K)->6298K(6464K) NonClass: 5765K(5824K)->5765K(5824K) Class: 533K(640K)->533K(640K)
[46.826s][info][gc             ] GC(251) Pause Full (Ergonomics) 4843M->4843M(4961M) 1447.056ms
[46.826s][info][gc,cpu         ] GC(251) User=11.19s Sys=0.00s Real=1.45s
[46.826s][info][gc,start       ] GC(252) Pause Full (Ergonomics)
[46.826s][info][gc,phases,start] GC(252) Marking Phase
[47.948s][info][gc,phases      ] GC(252) Marking Phase 1122.117ms
[47.948s][info][gc,phases,start] GC(252) Summary Phase
[47.948s][info][gc,phases      ] GC(252) Summary Phase 0.058ms
[47.948s][info][gc,phases,start] GC(252) Adjust Roots
[47.948s][info][gc,phases      ] GC(252) Adjust Roots 0.181ms
[47.948s][info][gc,phases,start] GC(252) Compaction Phase
[48.272s][info][gc,phases      ] GC(252) Compaction Phase 323.969ms
[48.272s][info][gc,phases,start] GC(252) Post Compact
[48.279s][info][gc,phases      ] GC(252) Post Compact 7.034ms
[48.279s][info][gc,heap        ] GC(252) PSYoungGen: 112696K(232960K)->112696K(232960K) Eden: 45056K(45056K)->45056K(45056K) From: 67640K(187904K)->67640K(187904K)
[48.279s][info][gc,heap        ] GC(252) ParOldGen: 4846821K(4847104K)->4846821K(4847104K)
[48.279s][info][gc,metaspace   ] GC(252) Metaspace: 6298K(6464K)->6298K(6464K) NonClass: 5765K(5824K)->5765K(5824K) Class: 533K(640K)->533K(640K)
[48.279s][info][gc             ] GC(252) Pause Full (Ergonomics) 4843M->4843M(4961M) 1453.687ms
[48.279s][info][gc,cpu         ] GC(252) User=11.08s Sys=0.00s Real=1.45s
[48.280s][info][gc,start       ] GC(253) Pause Full (Ergonomics)
[48.280s][info][gc,phases,start] GC(253) Marking Phase
[49.400s][info][gc,phases      ] GC(253) Marking Phase 1120.546ms
[49.400s][info][gc,phases,start] GC(253) Summary Phase
[49.400s][info][gc,phases      ] GC(253) Summary Phase 0.053ms
[49.400s][info][gc,phases,start] GC(253) Adjust Roots
[49.400s][info][gc,phases      ] GC(253) Adjust Roots 0.161ms
[49.401s][info][gc,phases,start] GC(253) Compaction Phase
[49.743s][info][gc,phases      ] GC(253) Compaction Phase 342.443ms
[49.743s][info][gc,phases,start] GC(253) Post Compact
[49.750s][info][gc,phases      ] GC(253) Post Compact 7.216ms
[49.750s][info][gc,heap        ] GC(253) PSYoungGen: 112696K(232960K)->112696K(232960K) Eden: 45056K(45056K)->45056K(45056K) From: 67640K(187904K)->67640K(187904K)
[49.750s][info][gc,heap        ] GC(253) ParOldGen: 4846826K(4847104K)->4846826K(4847104K)
[49.750s][info][gc,metaspace   ] GC(253) Metaspace: 6298K(6464K)->6298K(6464K) NonClass: 5765K(5824K)->5765K(5824K) Class: 533K(640K)->533K(640K)
[49.750s][info][gc             ] GC(253) Pause Full (Ergonomics) 4843M->4843M(4961M) 1470.729ms
[49.750s][info][gc,cpu         ] GC(253) User=11.14s Sys=0.00s Real=1.47s
[49.751s][info][gc,start       ] GC(254) Pause Full (Ergonomics)
[49.751s][info][gc,phases,start] GC(254) Marking Phase
[50.841s][info][gc,phases      ] GC(254) Marking Phase 1090.587ms
[50.841s][info][gc,phases,start] GC(254) Summary Phase
[50.841s][info][gc,phases      ] GC(254) Summary Phase 0.054ms
[50.841s][info][gc,phases,start] GC(254) Adjust Roots
[50.841s][info][gc,phases      ] GC(254) Adjust Roots 0.163ms
[50.841s][info][gc,phases,start] GC(254) Compaction Phase
[51.173s][info][gc,phases      ] GC(254) Compaction Phase 331.059ms
[51.173s][info][gc,phases,start] GC(254) Post Compact
[51.180s][info][gc,phases      ] GC(254) Post Compact 7.139ms
[51.180s][info][gc,heap        ] GC(254) PSYoungGen: 112696K(232960K)->112696K(232960K) Eden: 45056K(45056K)->45056K(45056K) From: 67640K(187904K)->67640K(187904K)
[51.180s][info][gc,heap        ] GC(254) ParOldGen: 4846831K(4847104K)->4846831K(4847104K)
[51.180s][info][gc,metaspace   ] GC(254) Metaspace: 6298K(6464K)->6298K(6464K) NonClass: 5765K(5824K)->5765K(5824K) Class: 533K(640K)->533K(640K)
[51.180s][info][gc             ] GC(254) Pause Full (Ergonomics) 4843M->4843M(4961M) 1429.290ms
[51.180s][info][gc,cpu         ] GC(254) User=10.88s Sys=0.00s Real=1.43s
[51.180s][info][gc,start       ] GC(255) Pause Full (Ergonomics)
[51.180s][info][gc,phases,start] GC(255) Marking Phase
[52.295s][info][gc,phases      ] GC(255) Marking Phase 1114.869ms
[52.295s][info][gc,phases,start] GC(255) Summary Phase
[52.295s][info][gc,phases      ] GC(255) Summary Phase 0.053ms
[52.295s][info][gc,phases,start] GC(255) Adjust Roots
[52.295s][info][gc,phases      ] GC(255) Adjust Roots 0.163ms
[52.295s][info][gc,phases,start] GC(255) Compaction Phase
[52.634s][info][gc,phases      ] GC(255) Compaction Phase 338.974ms
[52.634s][info][gc,phases,start] GC(255) Post Compact
[52.641s][info][gc,phases      ] GC(255) Post Compact 7.215ms
[52.642s][info][gc,heap        ] GC(255) PSYoungGen: 112696K(232960K)->112696K(232960K) Eden: 45056K(45056K)->45056K(45056K) From: 67640K(187904K)->67640K(187904K)
[52.642s][info][gc,heap        ] GC(255) ParOldGen: 4846836K(4847104K)->4846836K(4847104K)
[52.642s][info][gc,metaspace   ] GC(255) Metaspace: 6298K(6464K)->6298K(6464K) NonClass: 5765K(5824K)->5765K(5824K) Class: 533K(640K)->533K(640K)
[52.642s][info][gc             ] GC(255) Pause Full (Ergonomics) 4843M->4843M(4961M) 1461.582ms
[52.642s][info][gc,cpu         ] GC(255) User=11.09s Sys=0.00s Real=1.46s
[52.642s][info][gc,start       ] GC(256) Pause Full (Ergonomics)
[52.642s][info][gc,phases,start] GC(256) Marking Phase
[53.766s][info][gc,phases      ] GC(256) Marking Phase 1124.110ms
[53.766s][info][gc,phases,start] GC(256) Summary Phase
[53.766s][info][gc,phases      ] GC(256) Summary Phase 0.054ms
[53.766s][info][gc,phases,start] GC(256) Adjust Roots
[53.766s][info][gc,phases      ] GC(256) Adjust Roots 0.161ms
[53.766s][info][gc,phases,start] GC(256) Compaction Phase
[54.101s][info][gc,phases      ] GC(256) Compaction Phase 334.908ms
[54.101s][info][gc,phases,start] GC(256) Post Compact
[54.108s][info][gc,phases      ] GC(256) Post Compact 7.196ms
[54.108s][info][gc,heap        ] GC(256) PSYoungGen: 112696K(232960K)->112696K(232960K) Eden: 45056K(45056K)->45056K(45056K) From: 67640K(187904K)->67640K(187904K)
[54.108s][info][gc,heap        ] GC(256) ParOldGen: 4846841K(4847104K)->4846841K(4847104K)
[54.109s][info][gc,metaspace   ] GC(256) Metaspace: 6298K(6464K)->6298K(6464K) NonClass: 5765K(5824K)->5765K(5824K) Class: 533K(640K)->533K(640K)
[54.109s][info][gc             ] GC(256) Pause Full (Ergonomics) 4843M->4843M(4961M) 1466.754ms
[54.109s][info][gc,cpu         ] GC(256) User=11.14s Sys=0.03s Real=1.47s
[54.109s][info][gc,start       ] GC(257) Pause Full (Ergonomics)
[54.109s][info][gc,phases,start] GC(257) Marking Phase
[55.212s][info][gc,phases      ] GC(257) Marking Phase 1103.401ms
[55.212s][info][gc,phases,start] GC(257) Summary Phase
[55.212s][info][gc,phases      ] GC(257) Summary Phase 0.064ms
[55.212s][info][gc,phases,start] GC(257) Adjust Roots
[55.213s][info][gc,phases      ] GC(257) Adjust Roots 0.167ms
[55.213s][info][gc,phases,start] GC(257) Compaction Phase
[55.540s][info][gc,phases      ] GC(257) Compaction Phase 327.648ms
[55.540s][info][gc,phases,start] GC(257) Post Compact
[55.547s][info][gc,phases      ] GC(257) Post Compact 6.291ms
[55.547s][info][gc,heap        ] GC(257) PSYoungGen: 112696K(232960K)->112696K(232960K) Eden: 45056K(45056K)->45056K(45056K) From: 67640K(187904K)->67640K(187904K)
[55.547s][info][gc,heap        ] GC(257) ParOldGen: 4846846K(4847104K)->4846846K(4847104K)
[55.547s][info][gc,metaspace   ] GC(257) Metaspace: 6298K(6464K)->6298K(6464K) NonClass: 5765K(5824K)->5765K(5824K) Class: 533K(640K)->533K(640K)
[55.547s][info][gc             ] GC(257) Pause Full (Ergonomics) 4843M->4843M(4961M) 1437.916ms
[55.547s][info][gc,cpu         ] GC(257) User=10.92s Sys=0.00s Real=1.44s
[55.547s][info][gc,start       ] GC(258) Pause Full (Ergonomics)
[55.547s][info][gc,phases,start] GC(258) Marking Phase
[56.676s][info][gc,phases      ] GC(258) Marking Phase 1129.211ms
[56.676s][info][gc,phases,start] GC(258) Summary Phase
[56.676s][info][gc,phases      ] GC(258) Summary Phase 0.056ms
[56.676s][info][gc,phases,start] GC(258) Adjust Roots
[56.676s][info][gc,phases      ] GC(258) Adjust Roots 0.186ms
[56.676s][info][gc,phases,start] GC(258) Compaction Phase
[57.000s][info][gc,phases      ] GC(258) Compaction Phase 323.840ms
[57.000s][info][gc,phases,start] GC(258) Post Compact
[57.007s][info][gc,phases      ] GC(258) Post Compact 6.334ms
[57.007s][info][gc,heap        ] GC(258) PSYoungGen: 112696K(232960K)->112696K(232960K) Eden: 45056K(45056K)->45056K(45056K) From: 67640K(187904K)->67640K(187904K)
[57.007s][info][gc,heap        ] GC(258) ParOldGen: 4846850K(4847104K)->4846850K(4847104K)
[57.007s][info][gc,metaspace   ] GC(258) Metaspace: 6298K(6464K)->6298K(6464K) NonClass: 5765K(5824K)->5765K(5824K) Class: 533K(640K)->533K(640K)
[57.007s][info][gc             ] GC(258) Pause Full (Ergonomics) 4843M->4843M(4961M) 1459.921ms
[57.007s][info][gc,cpu         ] GC(258) User=11.08s Sys=0.00s Real=1.46s
[57.007s][info][gc,start       ] GC(259) Pause Full (Ergonomics)
[57.007s][info][gc,phases,start] GC(259) Marking Phase
[58.133s][info][gc,phases      ] GC(259) Marking Phase 1125.496ms
[58.133s][info][gc,phases,start] GC(259) Summary Phase
[58.133s][info][gc,phases      ] GC(259) Summary Phase 0.054ms
[58.133s][info][gc,phases,start] GC(259) Adjust Roots
[58.133s][info][gc,phases      ] GC(259) Adjust Roots 0.171ms
[58.133s][info][gc,phases,start] GC(259) Compaction Phase
[58.460s][info][gc,phases      ] GC(259) Compaction Phase 327.336ms
[58.460s][info][gc,phases,start] GC(259) Post Compact
[58.468s][info][gc,phases      ] GC(259) Post Compact 8.051ms
[58.468s][info][gc,heap        ] GC(259) PSYoungGen: 112696K(232960K)->112696K(232960K) Eden: 45056K(45056K)->45056K(45056K) From: 67640K(187904K)->67640K(187904K)
[58.468s][info][gc,heap        ] GC(259) ParOldGen: 4846855K(4847104K)->4846855K(4847104K)
[58.468s][info][gc,metaspace   ] GC(259) Metaspace: 6298K(6464K)->6298K(6464K) NonClass: 5765K(5824K)->5765K(5824K) Class: 533K(640K)->533K(640K)
[58.468s][info][gc             ] GC(259) Pause Full (Ergonomics) 4843M->4843M(4961M) 1461.468ms
[58.468s][info][gc,cpu         ] GC(259) User=11.22s Sys=0.02s Real=1.46s
[58.469s][info][gc,start       ] GC(260) Pause Full (Ergonomics)
[58.469s][info][gc,phases,start] GC(260) Marking Phase
[59.559s][info][gc,phases      ] GC(260) Marking Phase 1089.771ms
[59.559s][info][gc,phases,start] GC(260) Summary Phase
[59.559s][info][gc,phases      ] GC(260) Summary Phase 0.054ms
[59.559s][info][gc,phases,start] GC(260) Adjust Roots
[59.559s][info][gc,phases      ] GC(260) Adjust Roots 0.194ms
[59.559s][info][gc,phases,start] GC(260) Compaction Phase
[59.875s][info][gc,phases      ] GC(260) Compaction Phase 316.028ms
[59.875s][info][gc,phases,start] GC(260) Post Compact
[59.881s][info][gc,phases      ] GC(260) Post Compact 6.516ms
[59.882s][info][gc,heap        ] GC(260) PSYoungGen: 112696K(232960K)->112696K(232960K) Eden: 45056K(45056K)->45056K(45056K) From: 67640K(187904K)->67640K(187904K)
[59.882s][info][gc,heap        ] GC(260) ParOldGen: 4846860K(4847104K)->4846860K(4847104K)
[59.882s][info][gc,metaspace   ] GC(260) Metaspace: 6298K(6464K)->6298K(6464K) NonClass: 5765K(5824K)->5765K(5824K) Class: 533K(640K)->533K(640K)
[59.882s][info][gc             ] GC(260) Pause Full (Ergonomics) 4843M->4843M(4961M) 1412.875ms
[59.882s][info][gc,cpu         ] GC(260) User=10.72s Sys=0.00s Real=1.41s
[59.882s][info][gc,start       ] GC(261) Pause Full (Ergonomics)
[59.882s][info][gc,phases,start] GC(261) Marking Phase
[60.990s][info][gc,phases      ] GC(261) Marking Phase 1107.764ms
[60.990s][info][gc,phases,start] GC(261) Summary Phase
[60.990s][info][gc,phases      ] GC(261) Summary Phase 0.053ms
[60.990s][info][gc,phases,start] GC(261) Adjust Roots
[60.990s][info][gc,phases      ] GC(261) Adjust Roots 0.161ms
[60.990s][info][gc,phases,start] GC(261) Compaction Phase
[61.319s][info][gc,phases      ] GC(261) Compaction Phase 328.953ms
[61.319s][info][gc,phases,start] GC(261) Post Compact
[61.326s][info][gc,phases      ] GC(261) Post Compact 6.769ms
[61.326s][info][gc,heap        ] GC(261) PSYoungGen: 112696K(232960K)->112696K(232960K) Eden: 45056K(45056K)->45056K(45056K) From: 67640K(187904K)->67640K(187904K)
[61.326s][info][gc,heap        ] GC(261) ParOldGen: 4846865K(4847104K)->4846865K(4847104K)
[61.326s][info][gc,metaspace   ] GC(261) Metaspace: 6298K(6464K)->6298K(6464K) NonClass: 5765K(5824K)->5765K(5824K) Class: 533K(640K)->533K(640K)
[61.326s][info][gc             ] GC(261) Pause Full (Ergonomics) 4843M->4843M(4961M) 1444.026ms
[61.326s][info][gc,cpu         ] GC(261) User=11.28s Sys=0.00s Real=1.44s
[61.326s][info][gc,start       ] GC(262) Pause Full (Ergonomics)
[61.326s][info][gc,phases,start] GC(262) Marking Phase
[62.442s][info][gc,phases      ] GC(262) Marking Phase 1115.539ms
[62.442s][info][gc,phases,start] GC(262) Summary Phase
[62.442s][info][gc,phases      ] GC(262) Summary Phase 0.062ms
[62.442s][info][gc,phases,start] GC(262) Adjust Roots
[62.442s][info][gc,phases      ] GC(262) Adjust Roots 0.191ms
[62.442s][info][gc,phases,start] GC(262) Compaction Phase
[62.772s][info][gc,phases      ] GC(262) Compaction Phase 329.736ms
[62.772s][info][gc,phases,start] GC(262) Post Compact
[62.779s][info][gc,phases      ] GC(262) Post Compact 7.593ms
[62.779s][info][gc,heap        ] GC(262) PSYoungGen: 112696K(232960K)->112696K(232960K) Eden: 45056K(45056K)->45056K(45056K) From: 67640K(187904K)->67640K(187904K)
[62.779s][info][gc,heap        ] GC(262) ParOldGen: 4846870K(4847104K)->4846870K(4847104K)
[62.779s][info][gc,metaspace   ] GC(262) Metaspace: 6298K(6464K)->6298K(6464K) NonClass: 5765K(5824K)->5765K(5824K) Class: 533K(640K)->533K(640K)
[62.779s][info][gc             ] GC(262) Pause Full (Ergonomics) 4843M->4843M(4961M) 1453.470ms
[62.779s][info][gc,cpu         ] GC(262) User=11.16s Sys=0.00s Real=1.45s
[62.780s][info][gc,start       ] GC(263) Pause Full (Ergonomics)
[62.780s][info][gc,phases,start] GC(263) Marking Phase
[63.912s][info][gc,phases      ] GC(263) Marking Phase 1132.408ms
[63.912s][info][gc,phases,start] GC(263) Summary Phase
[63.912s][info][gc,phases      ] GC(263) Summary Phase 0.054ms
[63.912s][info][gc,phases,start] GC(263) Adjust Roots
[63.912s][info][gc,phases      ] GC(263) Adjust Roots 0.166ms
[63.912s][info][gc,phases,start] GC(263) Compaction Phase
[64.259s][info][gc,phases      ] GC(263) Compaction Phase 346.321ms
[64.259s][info][gc,phases,start] GC(263) Post Compact
[64.266s][info][gc,phases      ] GC(263) Post Compact 7.192ms
[64.266s][info][gc,heap        ] GC(263) PSYoungGen: 112696K(232960K)->112696K(232960K) Eden: 45056K(45056K)->45056K(45056K) From: 67640K(187904K)->67640K(187904K)
[64.266s][info][gc,heap        ] GC(263) ParOldGen: 4846875K(4847104K)->4846875K(4847104K)
[64.266s][info][gc,metaspace   ] GC(263) Metaspace: 6298K(6464K)->6298K(6464K) NonClass: 5765K(5824K)->5765K(5824K) Class: 533K(640K)->533K(640K)
[64.266s][info][gc             ] GC(263) Pause Full (Ergonomics) 4843M->4843M(4961M) 1486.433ms
[64.266s][info][gc,cpu         ] GC(263) User=11.20s Sys=0.00s Real=1.49s
[64.266s][info][gc,start       ] GC(264) Pause Full (Ergonomics)
[64.266s][info][gc,phases,start] GC(264) Marking Phase
[65.388s][info][gc,phases      ] GC(264) Marking Phase 1121.838ms
[65.388s][info][gc,phases,start] GC(264) Summary Phase
[65.388s][info][gc,phases      ] GC(264) Summary Phase 0.054ms
[65.388s][info][gc,phases,start] GC(264) Adjust Roots
[65.388s][info][gc,phases      ] GC(264) Adjust Roots 0.165ms
[65.388s][info][gc,phases,start] GC(264) Compaction Phase
[65.721s][info][gc,phases      ] GC(264) Compaction Phase 332.484ms
[65.721s][info][gc,phases,start] GC(264) Post Compact
[65.728s][info][gc,phases      ] GC(264) Post Compact 6.805ms
[65.728s][info][gc,heap        ] GC(264) PSYoungGen: 112696K(232960K)->112696K(232960K) Eden: 45056K(45056K)->45056K(45056K) From: 67640K(187904K)->67640K(187904K)
[65.728s][info][gc,heap        ] GC(264) ParOldGen: 4846879K(4847104K)->4846879K(4847104K)
[65.728s][info][gc,metaspace   ] GC(264) Metaspace: 6298K(6464K)->6298K(6464K) NonClass: 5765K(5824K)->5765K(5824K) Class: 533K(640K)->533K(640K)
[65.728s][info][gc             ] GC(264) Pause Full (Ergonomics) 4843M->4843M(4961M) 1461.652ms
[65.728s][info][gc,cpu         ] GC(264) User=11.12s Sys=0.02s Real=1.46s
[65.728s][info][gc,start       ] GC(265) Pause Full (Ergonomics)
[65.728s][info][gc,phases,start] GC(265) Marking Phase
[66.849s][info][gc,phases      ] GC(265) Marking Phase 1121.068ms
[66.849s][info][gc,phases,start] GC(265) Summary Phase
[66.849s][info][gc,phases      ] GC(265) Summary Phase 0.058ms
[66.849s][info][gc,phases,start] GC(265) Adjust Roots
[66.850s][info][gc,phases      ] GC(265) Adjust Roots 0.174ms
[66.850s][info][gc,phases,start] GC(265) Compaction Phase
[67.165s][info][gc,phases      ] GC(265) Compaction Phase 315.675ms
[67.165s][info][gc,phases,start] GC(265) Post Compact
[67.171s][info][gc,phases      ] GC(265) Post Compact 6.076ms
[67.171s][info][gc,heap        ] GC(265) PSYoungGen: 112696K(232960K)->112696K(232960K) Eden: 45056K(45056K)->45056K(45056K) From: 67640K(187904K)->67640K(187904K)
[67.171s][info][gc,heap        ] GC(265) ParOldGen: 4846884K(4847104K)->4846884K(4847104K)
[67.171s][info][gc,metaspace   ] GC(265) Metaspace: 6298K(6464K)->6298K(6464K) NonClass: 5765K(5824K)->5765K(5824K) Class: 533K(640K)->533K(640K)
[67.171s][info][gc             ] GC(265) Pause Full (Ergonomics) 4843M->4843M(4961M) 1443.324ms
[67.171s][info][gc,cpu         ] GC(265) User=11.30s Sys=0.00s Real=1.44s
[67.172s][info][gc,start       ] GC(266) Pause Full (Ergonomics)
[67.172s][info][gc,phases,start] GC(266) Marking Phase
[68.313s][info][gc,phases      ] GC(266) Marking Phase 1141.258ms
[68.313s][info][gc,phases,start] GC(266) Summary Phase
[68.313s][info][gc,phases      ] GC(266) Summary Phase 0.053ms
[68.313s][info][gc,phases,start] GC(266) Adjust Roots
[68.313s][info][gc,phases      ] GC(266) Adjust Roots 0.169ms
[68.313s][info][gc,phases,start] GC(266) Compaction Phase
[68.646s][info][gc,phases      ] GC(266) Compaction Phase 332.813ms
[68.646s][info][gc,phases,start] GC(266) Post Compact
[68.653s][info][gc,phases      ] GC(266) Post Compact 6.398ms
[68.653s][info][gc,heap        ] GC(266) PSYoungGen: 112696K(232960K)->112696K(232960K) Eden: 45056K(45056K)->45056K(45056K) From: 67640K(187904K)->67640K(187904K)
[68.653s][info][gc,heap        ] GC(266) ParOldGen: 4846889K(4847104K)->4846889K(4847104K)
[68.653s][info][gc,metaspace   ] GC(266) Metaspace: 6298K(6464K)->6298K(6464K) NonClass: 5765K(5824K)->5765K(5824K) Class: 533K(640K)->533K(640K)
[68.653s][info][gc             ] GC(266) Pause Full (Ergonomics) 4843M->4843M(4961M) 1481.006ms
[68.653s][info][gc,cpu         ] GC(266) User=11.38s Sys=0.00s Real=1.48s
[68.653s][info][gc,start       ] GC(267) Pause Full (Ergonomics)
[68.653s][info][gc,phases,start] GC(267) Marking Phase
[69.742s][info][gc,phases      ] GC(267) Marking Phase 1088.881ms
[69.742s][info][gc,phases,start] GC(267) Summary Phase
[69.742s][info][gc,phases      ] GC(267) Summary Phase 0.053ms
[69.742s][info][gc,phases,start] GC(267) Adjust Roots
[69.742s][info][gc,phases      ] GC(267) Adjust Roots 0.160ms
[69.742s][info][gc,phases,start] GC(267) Compaction Phase
[70.097s][info][gc,phases      ] GC(267) Compaction Phase 354.922ms
[70.097s][info][gc,phases,start] GC(267) Post Compact
[70.104s][info][gc,phases      ] GC(267) Post Compact 7.340ms
[70.105s][info][gc,heap        ] GC(267) PSYoungGen: 112696K(232960K)->112696K(232960K) Eden: 45056K(45056K)->45056K(45056K) From: 67640K(187904K)->67640K(187904K)
[70.105s][info][gc,heap        ] GC(267) ParOldGen: 4846894K(4847104K)->4846894K(4847104K)
[70.105s][info][gc,metaspace   ] GC(267) Metaspace: 6298K(6464K)->6298K(6464K) NonClass: 5765K(5824K)->5765K(5824K) Class: 533K(640K)->533K(640K)
[70.105s][info][gc             ] GC(267) Pause Full (Ergonomics) 4843M->4843M(4961M) 1451.723ms
[70.105s][info][gc,cpu         ] GC(267) User=10.89s Sys=0.00s Real=1.45s
[70.105s][info][gc,start       ] GC(268) Pause Full (Ergonomics)
[70.105s][info][gc,phases,start] GC(268) Marking Phase
[71.211s][info][gc,phases      ] GC(268) Marking Phase 1106.243ms
[71.211s][info][gc,phases,start] GC(268) Summary Phase
[71.211s][info][gc,phases      ] GC(268) Summary Phase 0.053ms
[71.211s][info][gc,phases,start] GC(268) Adjust Roots
[71.211s][info][gc,phases      ] GC(268) Adjust Roots 0.160ms
[71.211s][info][gc,phases,start] GC(268) Compaction Phase
[71.557s][info][gc,phases      ] GC(268) Compaction Phase 345.945ms
[71.557s][info][gc,phases,start] GC(268) Post Compact
[71.565s][info][gc,phases      ] GC(268) Post Compact 7.433ms
[71.565s][info][gc,heap        ] GC(268) PSYoungGen: 112696K(232960K)->112696K(232960K) Eden: 45056K(45056K)->45056K(45056K) From: 67640K(187904K)->67640K(187904K)
[71.565s][info][gc,heap        ] GC(268) ParOldGen: 4846899K(4847104K)->4846899K(4847104K)
[71.565s][info][gc,metaspace   ] GC(268) Metaspace: 6298K(6464K)->6298K(6464K) NonClass: 5765K(5824K)->5765K(5824K) Class: 533K(640K)->533K(640K)
[71.565s][info][gc             ] GC(268) Pause Full (Ergonomics) 4843M->4843M(4961M) 1460.159ms
[71.565s][info][gc,cpu         ] GC(268) User=11.17s Sys=0.00s Real=1.46s
[71.565s][info][gc,start       ] GC(269) Pause Full (Ergonomics)
[71.565s][info][gc,phases,start] GC(269) Marking Phase
[72.685s][info][gc,phases      ] GC(269) Marking Phase 1119.981ms
[72.685s][info][gc,phases,start] GC(269) Summary Phase
[72.685s][info][gc,phases      ] GC(269) Summary Phase 0.055ms
[72.685s][info][gc,phases,start] GC(269) Adjust Roots
[72.686s][info][gc,phases      ] GC(269) Adjust Roots 0.166ms
[72.686s][info][gc,phases,start] GC(269) Compaction Phase
[73.027s][info][gc,phases      ] GC(269) Compaction Phase 341.081ms
[73.027s][info][gc,phases,start] GC(269) Post Compact
[73.034s][info][gc,phases      ] GC(269) Post Compact 7.448ms
[73.034s][info][gc,heap        ] GC(269) PSYoungGen: 112696K(232960K)->112696K(232960K) Eden: 45056K(45056K)->45056K(45056K) From: 67640K(187904K)->67640K(187904K)
[73.034s][info][gc,heap        ] GC(269) ParOldGen: 4846904K(4847104K)->4846904K(4847104K)
[73.034s][info][gc,metaspace   ] GC(269) Metaspace: 6298K(6464K)->6298K(6464K) NonClass: 5765K(5824K)->5765K(5824K) Class: 533K(640K)->533K(640K)
[73.034s][info][gc             ] GC(269) Pause Full (Ergonomics) 4843M->4843M(4961M) 1469.072ms
[73.034s][info][gc,cpu         ] GC(269) User=11.17s Sys=0.00s Real=1.47s
[73.034s][info][gc,start       ] GC(270) Pause Full (Ergonomics)
[73.034s][info][gc,phases,start] GC(270) Marking Phase
[74.168s][info][gc,phases      ] GC(270) Marking Phase 1133.206ms
[74.168s][info][gc,phases,start] GC(270) Summary Phase
[74.168s][info][gc,phases      ] GC(270) Summary Phase 0.054ms
[74.168s][info][gc,phases,start] GC(270) Adjust Roots
[74.168s][info][gc,phases      ] GC(270) Adjust Roots 0.159ms
[74.168s][info][gc,phases,start] GC(270) Compaction Phase
[74.508s][info][gc,phases      ] GC(270) Compaction Phase 339.582ms
[74.508s][info][gc,phases,start] GC(270) Post Compact
[74.515s][info][gc,phases      ] GC(270) Post Compact 7.526ms
[74.515s][info][gc,heap        ] GC(270) PSYoungGen: 112696K(232960K)->112696K(232960K) Eden: 45056K(45056K)->45056K(45056K) From: 67640K(187904K)->67640K(187904K)
[74.515s][info][gc,heap        ] GC(270) ParOldGen: 4846908K(4847104K)->4846908K(4847104K)
[74.515s][info][gc,metaspace   ] GC(270) Metaspace: 6298K(6464K)->6298K(6464K) NonClass: 5765K(5824K)->5765K(5824K) Class: 533K(640K)->533K(640K)
[74.515s][info][gc             ] GC(270) Pause Full (Ergonomics) 4843M->4843M(4961M) 1480.842ms
[74.515s][info][gc,cpu         ] GC(270) User=11.28s Sys=0.00s Real=1.48s
[74.515s][info][gc,start       ] GC(271) Pause Full (Ergonomics)
[74.515s][info][gc,phases,start] GC(271) Marking Phase
[75.629s][info][gc,phases      ] GC(271) Marking Phase 1113.616ms
[75.629s][info][gc,phases,start] GC(271) Summary Phase
[75.629s][info][gc,phases      ] GC(271) Summary Phase 0.053ms
[75.629s][info][gc,phases,start] GC(271) Adjust Roots
[75.629s][info][gc,phases      ] GC(271) Adjust Roots 0.163ms
[75.629s][info][gc,phases,start] GC(271) Compaction Phase
[75.969s][info][gc,phases      ] GC(271) Compaction Phase 339.139ms
[75.969s][info][gc,phases,start] GC(271) Post Compact
[75.976s][info][gc,phases      ] GC(271) Post Compact 7.719ms
[75.976s][info][gc,heap        ] GC(271) PSYoungGen: 112696K(232960K)->112696K(232960K) Eden: 45056K(45056K)->45056K(45056K) From: 67640K(187904K)->67640K(187904K)
[75.976s][info][gc,heap        ] GC(271) ParOldGen: 4846913K(4847104K)->4846913K(4847104K)
[75.977s][info][gc,metaspace   ] GC(271) Metaspace: 6298K(6464K)->6298K(6464K) NonClass: 5765K(5824K)->5765K(5824K) Class: 533K(640K)->533K(640K)
[75.977s][info][gc             ] GC(271) Pause Full (Ergonomics) 4843M->4843M(4961M) 1461.051ms
[75.977s][info][gc,cpu         ] GC(271) User=11.08s Sys=0.00s Real=1.46s
[75.977s][info][gc,start       ] GC(272) Pause Full (Ergonomics)
[75.977s][info][gc,phases,start] GC(272) Marking Phase
[77.086s][info][gc,phases      ] GC(272) Marking Phase 1109.405ms
[77.086s][info][gc,phases,start] GC(272) Summary Phase
[77.086s][info][gc,phases      ] GC(272) Summary Phase 0.054ms
[77.086s][info][gc,phases,start] GC(272) Adjust Roots
[77.086s][info][gc,phases      ] GC(272) Adjust Roots 0.162ms
[77.087s][info][gc,phases,start] GC(272) Compaction Phase
[77.413s][info][gc,phases      ] GC(272) Compaction Phase 326.219ms
[77.413s][info][gc,phases,start] GC(272) Post Compact
[77.419s][info][gc,phases      ] GC(272) Post Compact 6.158ms
[77.419s][info][gc,heap        ] GC(272) PSYoungGen: 112696K(232960K)->112696K(232960K) Eden: 45056K(45056K)->45056K(45056K) From: 67640K(187904K)->67640K(187904K)
[77.419s][info][gc,heap        ] GC(272) ParOldGen: 4846918K(4847104K)->4846918K(4847104K)
[77.419s][info][gc,metaspace   ] GC(272) Metaspace: 6298K(6464K)->6298K(6464K) NonClass: 5765K(5824K)->5765K(5824K) Class: 533K(640K)->533K(640K)
[77.419s][info][gc             ] GC(272) Pause Full (Ergonomics) 4843M->4843M(4961M) 1442.316ms
[77.419s][info][gc,cpu         ] GC(272) User=11.17s Sys=0.00s Real=1.44s
[77.419s][info][gc,start       ] GC(273) Pause Full (Ergonomics)
[77.419s][info][gc,phases,start] GC(273) Marking Phase
[78.542s][info][gc,phases      ] GC(273) Marking Phase 1122.965ms
[78.542s][info][gc,phases,start] GC(273) Summary Phase
[78.542s][info][gc,phases      ] GC(273) Summary Phase 0.056ms
[78.542s][info][gc,phases,start] GC(273) Adjust Roots
[78.543s][info][gc,phases      ] GC(273) Adjust Roots 0.201ms
[78.543s][info][gc,phases,start] GC(273) Compaction Phase
[78.875s][info][gc,phases      ] GC(273) Compaction Phase 332.329ms
[78.875s][info][gc,phases,start] GC(273) Post Compact
[78.882s][info][gc,phases      ] GC(273) Post Compact 6.780ms
[78.882s][info][gc,heap        ] GC(273) PSYoungGen: 112696K(232960K)->112696K(232960K) Eden: 45056K(45056K)->45056K(45056K) From: 67640K(187904K)->67640K(187904K)
[78.882s][info][gc,heap        ] GC(273) ParOldGen: 4846923K(4847104K)->4846923K(4847104K)
[78.882s][info][gc,metaspace   ] GC(273) Metaspace: 6298K(6464K)->6298K(6464K) NonClass: 5765K(5824K)->5765K(5824K) Class: 533K(640K)->533K(640K)
[78.882s][info][gc             ] GC(273) Pause Full (Ergonomics) 4843M->4843M(4961M) 1462.670ms
[78.882s][info][gc,cpu         ] GC(273) User=11.30s Sys=0.00s Real=1.46s
[78.882s][info][gc,start       ] GC(274) Pause Full (Ergonomics)
[78.882s][info][gc,phases,start] GC(274) Marking Phase
[80.002s][info][gc,phases      ] GC(274) Marking Phase 1119.683ms
[80.002s][info][gc,phases,start] GC(274) Summary Phase
[80.002s][info][gc,phases      ] GC(274) Summary Phase 0.060ms
[80.002s][info][gc,phases,start] GC(274) Adjust Roots
[80.002s][info][gc,phases      ] GC(274) Adjust Roots 0.213ms
[80.002s][info][gc,phases,start] GC(274) Compaction Phase
[80.326s][info][gc,phases      ] GC(274) Compaction Phase 323.876ms
[80.326s][info][gc,phases,start] GC(274) Post Compact
[80.332s][info][gc,phases      ] GC(274) Post Compact 6.045ms
[80.332s][info][gc,heap        ] GC(274) PSYoungGen: 112696K(232960K)->112696K(232960K) Eden: 45056K(45056K)->45056K(45056K) From: 67640K(187904K)->67640K(187904K)
[80.332s][info][gc,heap        ] GC(274) ParOldGen: 4846928K(4847104K)->4846928K(4847104K)
[80.332s][info][gc,metaspace   ] GC(274) Metaspace: 6298K(6464K)->6298K(6464K) NonClass: 5765K(5824K)->5765K(5824K) Class: 533K(640K)->533K(640K)
[80.332s][info][gc             ] GC(274) Pause Full (Ergonomics) 4843M->4843M(4961M) 1450.187ms
[80.332s][info][gc,cpu         ] GC(274) User=11.20s Sys=0.00s Real=1.45s
[80.333s][info][gc,start       ] GC(275) Pause Full (Ergonomics)
[80.333s][info][gc,phases,start] GC(275) Marking Phase
[81.442s][info][gc,phases      ] GC(275) Marking Phase 1109.698ms
[81.442s][info][gc,phases,start] GC(275) Summary Phase
[81.442s][info][gc,phases      ] GC(275) Summary Phase 0.054ms
[81.442s][info][gc,phases,start] GC(275) Adjust Roots
[81.443s][info][gc,phases      ] GC(275) Adjust Roots 0.164ms
[81.443s][info][gc,phases,start] GC(275) Compaction Phase
[81.782s][info][gc,phases      ] GC(275) Compaction Phase 339.401ms
[81.782s][info][gc,phases,start] GC(275) Post Compact
[81.789s][info][gc,phases      ] GC(275) Post Compact 6.969ms
[81.789s][info][gc,heap        ] GC(275) PSYoungGen: 112696K(232960K)->112696K(232960K) Eden: 45056K(45056K)->45056K(45056K) From: 67640K(187904K)->67640K(187904K)
[81.789s][info][gc,heap        ] GC(275) ParOldGen: 4846933K(4847104K)->4846933K(4847104K)
[81.789s][info][gc,metaspace   ] GC(275) Metaspace: 6298K(6464K)->6298K(6464K) NonClass: 5765K(5824K)->5765K(5824K) Class: 533K(640K)->533K(640K)
[81.789s][info][gc             ] GC(275) Pause Full (Ergonomics) 4843M->4843M(4961M) 1456.631ms
[81.789s][info][gc,cpu         ] GC(275) User=11.16s Sys=0.00s Real=1.46s
[81.789s][info][gc,start       ] GC(276) Pause Full (Ergonomics)
[81.789s][info][gc,phases,start] GC(276) Marking Phase
[82.906s][info][gc,phases      ] GC(276) Marking Phase 1116.613ms
[82.906s][info][gc,phases,start] GC(276) Summary Phase
[82.906s][info][gc,phases      ] GC(276) Summary Phase 0.055ms
[82.906s][info][gc,phases,start] GC(276) Adjust Roots
[82.906s][info][gc,phases      ] GC(276) Adjust Roots 0.167ms
[82.906s][info][gc,phases,start] GC(276) Compaction Phase
[83.236s][info][gc,phases      ] GC(276) Compaction Phase 329.680ms
[83.236s][info][gc,phases,start] GC(276) Post Compact
[83.244s][info][gc,phases      ] GC(276) Post Compact 7.469ms
[83.244s][info][gc,heap        ] GC(276) PSYoungGen: 112696K(232960K)->112696K(232960K) Eden: 45056K(45056K)->45056K(45056K) From: 67640K(187904K)->67640K(187904K)
[83.244s][info][gc,heap        ] GC(276) ParOldGen: 4846937K(4847104K)->4846937K(4847104K)
[83.244s][info][gc,metaspace   ] GC(276) Metaspace: 6298K(6464K)->6298K(6464K) NonClass: 5765K(5824K)->5765K(5824K) Class: 533K(640K)->533K(640K)
[83.244s][info][gc             ] GC(276) Pause Full (Ergonomics) 4843M->4843M(4961M) 1454.305ms
[83.244s][info][gc,cpu         ] GC(276) User=11.20s Sys=0.00s Real=1.45s
[83.244s][info][gc,start       ] GC(277) Pause Full (Ergonomics)
[83.244s][info][gc,phases,start] GC(277) Marking Phase
[84.368s][info][gc,phases      ] GC(277) Marking Phase 1124.432ms
[84.368s][info][gc,phases,start] GC(277) Summary Phase
[84.369s][info][gc,phases      ] GC(277) Summary Phase 0.064ms
[84.369s][info][gc,phases,start] GC(277) Adjust Roots
[84.369s][info][gc,phases      ] GC(277) Adjust Roots 0.185ms
[84.369s][info][gc,phases,start] GC(277) Compaction Phase
[84.704s][info][gc,phases      ] GC(277) Compaction Phase 335.602ms
[84.704s][info][gc,phases,start] GC(277) Post Compact
[84.712s][info][gc,phases      ] GC(277) Post Compact 7.063ms
[84.712s][info][gc,heap        ] GC(277) PSYoungGen: 112696K(232960K)->112696K(232960K) Eden: 45056K(45056K)->45056K(45056K) From: 67640K(187904K)->67640K(187904K)
[84.712s][info][gc,heap        ] GC(277) ParOldGen: 4846942K(4847104K)->4846942K(4847104K)
[84.712s][info][gc,metaspace   ] GC(277) Metaspace: 6298K(6464K)->6298K(6464K) NonClass: 5765K(5824K)->5765K(5824K) Class: 533K(640K)->533K(640K)
[84.712s][info][gc             ] GC(277) Pause Full (Ergonomics) 4843M->4843M(4961M) 1467.715ms
[84.712s][info][gc,cpu         ] GC(277) User=11.38s Sys=0.00s Real=1.47s
[84.712s][info][gc,start       ] GC(278) Pause Full (Ergonomics)
[84.712s][info][gc,phases,start] GC(278) Marking Phase
[85.843s][info][gc,phases      ] GC(278) Marking Phase 1131.422ms
[85.843s][info][gc,phases,start] GC(278) Summary Phase
[85.843s][info][gc,phases      ] GC(278) Summary Phase 0.053ms
[85.843s][info][gc,phases,start] GC(278) Adjust Roots
[85.844s][info][gc,phases      ] GC(278) Adjust Roots 0.163ms
[85.844s][info][gc,phases,start] GC(278) Compaction Phase
[86.172s][info][gc,phases      ] GC(278) Compaction Phase 328.738ms
[86.172s][info][gc,phases,start] GC(278) Post Compact
[86.179s][info][gc,phases      ] GC(278) Post Compact 6.413ms
[86.179s][info][gc,heap        ] GC(278) PSYoungGen: 112696K(232960K)->112696K(232960K) Eden: 45056K(45056K)->45056K(45056K) From: 67640K(187904K)->67640K(187904K)
[86.179s][info][gc,heap        ] GC(278) ParOldGen: 4846947K(4847104K)->4846947K(4847104K)
[86.179s][info][gc,metaspace   ] GC(278) Metaspace: 6298K(6464K)->6298K(6464K) NonClass: 5765K(5824K)->5765K(5824K) Class: 533K(640K)->533K(640K)
[86.179s][info][gc             ] GC(278) Pause Full (Ergonomics) 4843M->4843M(4961M) 1467.107ms
[86.179s][info][gc,cpu         ] GC(278) User=11.38s Sys=0.00s Real=1.47s
[86.179s][info][gc,start       ] GC(279) Pause Full (Ergonomics)
[86.179s][info][gc,phases,start] GC(279) Marking Phase
[87.283s][info][gc,phases      ] GC(279) Marking Phase 1104.209ms
[87.283s][info][gc,phases,start] GC(279) Summary Phase
[87.283s][info][gc,phases      ] GC(279) Summary Phase 0.054ms
[87.284s][info][gc,phases,start] GC(279) Adjust Roots
[87.284s][info][gc,phases      ] GC(279) Adjust Roots 0.159ms
[87.284s][info][gc,phases,start] GC(279) Compaction Phase
[87.616s][info][gc,phases      ] GC(279) Compaction Phase 331.906ms
[87.616s][info][gc,phases,start] GC(279) Post Compact
[87.622s][info][gc,phases      ] GC(279) Post Compact 6.474ms
[87.622s][info][gc,heap        ] GC(279) PSYoungGen: 112696K(232960K)->112696K(232960K) Eden: 45056K(45056K)->45056K(45056K) From: 67640K(187904K)->67640K(187904K)
[87.622s][info][gc,heap        ] GC(279) ParOldGen: 4846952K(4847104K)->4846952K(4847104K)
[87.622s][info][gc,metaspace   ] GC(279) Metaspace: 6298K(6464K)->6298K(6464K) NonClass: 5765K(5824K)->5765K(5824K) Class: 533K(640K)->533K(640K)
[87.622s][info][gc             ] GC(279) Pause Full (Ergonomics) 4843M->4843M(4961M) 1443.110ms
[87.622s][info][gc,cpu         ] GC(279) User=11.08s Sys=0.00s Real=1.44s
[87.622s][info][gc,start       ] GC(280) Pause Full (Ergonomics)
[87.623s][info][gc,phases,start] GC(280) Marking Phase
[88.738s][info][gc,phases      ] GC(280) Marking Phase 1115.739ms
[88.738s][info][gc,phases,start] GC(280) Summary Phase
[88.738s][info][gc,phases      ] GC(280) Summary Phase 0.054ms
[88.738s][info][gc,phases,start] GC(280) Adjust Roots
[88.739s][info][gc,phases      ] GC(280) Adjust Roots 0.165ms
[88.739s][info][gc,phases,start] GC(280) Compaction Phase
[89.058s][info][gc,phases      ] GC(280) Compaction Phase 319.377ms
[89.058s][info][gc,phases,start] GC(280) Post Compact
[89.064s][info][gc,phases      ] GC(280) Post Compact 6.476ms
[89.065s][info][gc,heap        ] GC(280) PSYoungGen: 112696K(232960K)->112696K(232960K) Eden: 45056K(45056K)->45056K(45056K) From: 67640K(187904K)->67640K(187904K)
[89.065s][info][gc,heap        ] GC(280) ParOldGen: 4846957K(4847104K)->4846957K(4847104K)
[89.065s][info][gc,metaspace   ] GC(280) Metaspace: 6298K(6464K)->6298K(6464K) NonClass: 5765K(5824K)->5765K(5824K) Class: 533K(640K)->533K(640K)
[89.065s][info][gc             ] GC(280) Pause Full (Ergonomics) 4843M->4843M(4961M) 1442.208ms
[89.065s][info][gc,cpu         ] GC(280) User=11.05s Sys=0.02s Real=1.44s
[89.065s][info][gc,start       ] GC(281) Pause Full (Ergonomics)
[89.065s][info][gc,phases,start] GC(281) Marking Phase
[90.190s][info][gc,phases      ] GC(281) Marking Phase 1124.987ms
[90.190s][info][gc,phases,start] GC(281) Summary Phase
[90.190s][info][gc,phases      ] GC(281) Summary Phase 0.054ms
[90.190s][info][gc,phases,start] GC(281) Adjust Roots
[90.190s][info][gc,phases      ] GC(281) Adjust Roots 0.158ms
[90.190s][info][gc,phases,start] GC(281) Compaction Phase
[90.545s][info][gc,phases      ] GC(281) Compaction Phase 354.854ms
[90.545s][info][gc,phases,start] GC(281) Post Compact
[90.553s][info][gc,phases      ] GC(281) Post Compact 7.634ms
[90.553s][info][gc,heap        ] GC(281) PSYoungGen: 112696K(232960K)->112696K(232960K) Eden: 45056K(45056K)->45056K(45056K) From: 67640K(187904K)->67640K(187904K)
[90.553s][info][gc,heap        ] GC(281) ParOldGen: 4846962K(4847104K)->4846962K(4847104K)
[90.553s][info][gc,metaspace   ] GC(281) Metaspace: 6298K(6464K)->6298K(6464K) NonClass: 5765K(5824K)->5765K(5824K) Class: 533K(640K)->533K(640K)
[90.553s][info][gc             ] GC(281) Pause Full (Ergonomics) 4843M->4843M(4961M) 1488.044ms
[90.553s][info][gc,cpu         ] GC(281) User=11.39s Sys=0.00s Real=1.49s
[90.553s][info][gc,start       ] GC(282) Pause Full (Ergonomics)
[90.553s][info][gc,phases,start] GC(282) Marking Phase
[91.677s][info][gc,phases      ] GC(282) Marking Phase 1124.006ms
[91.677s][info][gc,phases,start] GC(282) Summary Phase
[91.677s][info][gc,phases      ] GC(282) Summary Phase 0.097ms
[91.677s][info][gc,phases,start] GC(282) Adjust Roots
[91.678s][info][gc,phases      ] GC(282) Adjust Roots 0.280ms
[91.678s][info][gc,phases,start] GC(282) Compaction Phase
[92.013s][info][gc,phases      ] GC(282) Compaction Phase 335.447ms
[92.013s][info][gc,phases,start] GC(282) Post Compact
[92.021s][info][gc,phases      ] GC(282) Post Compact 7.471ms
[92.021s][info][gc,heap        ] GC(282) PSYoungGen: 112696K(232960K)->112696K(232960K) Eden: 45056K(45056K)->45056K(45056K) From: 67640K(187904K)->67640K(187904K)
[92.021s][info][gc,heap        ] GC(282) ParOldGen: 4846966K(4847104K)->4846966K(4847104K)
[92.021s][info][gc,metaspace   ] GC(282) Metaspace: 6298K(6464K)->6298K(6464K) NonClass: 5765K(5824K)->5765K(5824K) Class: 533K(640K)->533K(640K)
[92.021s][info][gc             ] GC(282) Pause Full (Ergonomics) 4843M->4843M(4961M) 1467.727ms
[92.021s][info][gc,cpu         ] GC(282) User=11.45s Sys=0.00s Real=1.47s
[92.021s][info][gc,start       ] GC(283) Pause Full (Ergonomics)
[92.021s][info][gc,phases,start] GC(283) Marking Phase
[93.117s][info][gc,phases      ] GC(283) Marking Phase 1095.991ms
[93.117s][info][gc,phases,start] GC(283) Summary Phase
[93.117s][info][gc,phases      ] GC(283) Summary Phase 0.053ms
[93.117s][info][gc,phases,start] GC(283) Adjust Roots
[93.117s][info][gc,phases      ] GC(283) Adjust Roots 0.189ms
[93.117s][info][gc,phases,start] GC(283) Compaction Phase
[93.450s][info][gc,phases      ] GC(283) Compaction Phase 332.792ms
[93.450s][info][gc,phases,start] GC(283) Post Compact
[93.458s][info][gc,phases      ] GC(283) Post Compact 7.479ms
[93.458s][info][gc,heap        ] GC(283) PSYoungGen: 112696K(232960K)->112696K(232960K) Eden: 45056K(45056K)->45056K(45056K) From: 67640K(187904K)->67640K(187904K)
[93.458s][info][gc,heap        ] GC(283) ParOldGen: 4846971K(4847104K)->4846971K(4847104K)
[93.458s][info][gc,metaspace   ] GC(283) Metaspace: 6298K(6464K)->6298K(6464K) NonClass: 5765K(5824K)->5765K(5824K) Class: 533K(640K)->533K(640K)
[93.458s][info][gc             ] GC(283) Pause Full (Ergonomics) 4843M->4843M(4961M) 1436.814ms
[93.458s][info][gc,cpu         ] GC(283) User=11.09s Sys=0.00s Real=1.44s
[93.458s][info][gc,start       ] GC(284) Pause Full (Ergonomics)
[93.458s][info][gc,phases,start] GC(284) Marking Phase
[94.573s][info][gc,phases      ] GC(284) Marking Phase 1114.486ms
[94.573s][info][gc,phases,start] GC(284) Summary Phase
[94.573s][info][gc,phases      ] GC(284) Summary Phase 0.054ms
[94.573s][info][gc,phases,start] GC(284) Adjust Roots
[94.573s][info][gc,phases      ] GC(284) Adjust Roots 0.168ms
[94.573s][info][gc,phases,start] GC(284) Compaction Phase
[94.903s][info][gc,phases      ] GC(284) Compaction Phase 330.247ms
[94.903s][info][gc,phases,start] GC(284) Post Compact
[94.910s][info][gc,phases      ] GC(284) Post Compact 6.398ms
[94.910s][info][gc,heap        ] GC(284) PSYoungGen: 112696K(232960K)->112696K(232960K) Eden: 45056K(45056K)->45056K(45056K) From: 67640K(187904K)->67640K(187904K)
[94.910s][info][gc,heap        ] GC(284) ParOldGen: 4846976K(4847104K)->4846976K(4847104K)
[94.910s][info][gc,metaspace   ] GC(284) Metaspace: 6298K(6464K)->6298K(6464K) NonClass: 5765K(5824K)->5765K(5824K) Class: 533K(640K)->533K(640K)
[94.910s][info][gc             ] GC(284) Pause Full (Ergonomics) 4843M->4843M(4961M) 1451.665ms
[94.910s][info][gc,cpu         ] GC(284) User=11.25s Sys=0.00s Real=1.45s
[94.910s][info][gc,start       ] GC(285) Pause Full (Ergonomics)
[94.910s][info][gc,phases,start] GC(285) Marking Phase
[96.032s][info][gc,phases      ] GC(285) Marking Phase 1121.510ms
[96.032s][info][gc,phases,start] GC(285) Summary Phase
[96.032s][info][gc,phases      ] GC(285) Summary Phase 0.054ms
[96.032s][info][gc,phases,start] GC(285) Adjust Roots
[96.032s][info][gc,phases      ] GC(285) Adjust Roots 0.163ms
[96.032s][info][gc,phases,start] GC(285) Compaction Phase
[96.357s][info][gc,phases      ] GC(285) Compaction Phase 325.450ms
[96.357s][info][gc,phases,start] GC(285) Post Compact
[96.364s][info][gc,phases      ] GC(285) Post Compact 6.189ms
[96.364s][info][gc,heap        ] GC(285) PSYoungGen: 112696K(232960K)->112696K(232960K) Eden: 45056K(45056K)->45056K(45056K) From: 67640K(187904K)->67640K(187904K)
[96.364s][info][gc,heap        ] GC(285) ParOldGen: 4846981K(4847104K)->4846981K(4847104K)
[96.364s][info][gc,metaspace   ] GC(285) Metaspace: 6298K(6464K)->6298K(6464K) NonClass: 5765K(5824K)->5765K(5824K) Class: 533K(640K)->533K(640K)
[96.364s][info][gc             ] GC(285) Pause Full (Ergonomics) 4843M->4843M(4961M) 1453.704ms
[96.364s][info][gc,cpu         ] GC(285) User=11.22s Sys=0.00s Real=1.45s
[96.364s][info][gc,start       ] GC(286) Pause Full (Ergonomics)
[96.364s][info][gc,phases,start] GC(286) Marking Phase
[97.482s][info][gc,phases      ] GC(286) Marking Phase 1118.392ms
[97.482s][info][gc,phases,start] GC(286) Summary Phase
[97.482s][info][gc,phases      ] GC(286) Summary Phase 0.054ms
[97.482s][info][gc,phases,start] GC(286) Adjust Roots
[97.483s][info][gc,phases      ] GC(286) Adjust Roots 0.166ms
[97.483s][info][gc,phases,start] GC(286) Compaction Phase
[97.843s][info][gc,phases      ] GC(286) Compaction Phase 360.726ms
[97.843s][info][gc,phases,start] GC(286) Post Compact
[97.851s][info][gc,phases      ] GC(286) Post Compact 7.222ms
[97.851s][info][gc,heap        ] GC(286) PSYoungGen: 112696K(232960K)->112696K(232960K) Eden: 45056K(45056K)->45056K(45056K) From: 67640K(187904K)->67640K(187904K)
[97.851s][info][gc,heap        ] GC(286) ParOldGen: 4846986K(4847104K)->4846986K(4847104K)
[97.851s][info][gc,metaspace   ] GC(286) Metaspace: 6298K(6464K)->6298K(6464K) NonClass: 5765K(5824K)->5765K(5824K) Class: 533K(640K)->533K(640K)
[97.851s][info][gc             ] GC(286) Pause Full (Ergonomics) 4843M->4843M(4961M) 1486.904ms
[97.851s][info][gc,cpu         ] GC(286) User=11.12s Sys=0.00s Real=1.49s
[97.851s][info][gc,start       ] GC(287) Pause Full (Ergonomics)
[97.851s][info][gc,phases,start] GC(287) Marking Phase
[98.946s][info][gc,phases      ] GC(287) Marking Phase 1095.235ms
[98.946s][info][gc,phases,start] GC(287) Summary Phase
[98.946s][info][gc,phases      ] GC(287) Summary Phase 0.053ms
[98.946s][info][gc,phases,start] GC(287) Adjust Roots
[98.947s][info][gc,phases      ] GC(287) Adjust Roots 0.160ms
[98.947s][info][gc,phases,start] GC(287) Compaction Phase
[99.265s][info][gc,phases      ] GC(287) Compaction Phase 318.392ms
[99.265s][info][gc,phases,start] GC(287) Post Compact
[99.271s][info][gc,phases      ] GC(287) Post Compact 5.834ms
[99.271s][info][gc,heap        ] GC(287) PSYoungGen: 112696K(232960K)->112696K(232960K) Eden: 45056K(45056K)->45056K(45056K) From: 67640K(187904K)->67640K(187904K)
[99.271s][info][gc,heap        ] GC(287) ParOldGen: 4846991K(4847104K)->4846991K(4847104K)
[99.271s][info][gc,metaspace   ] GC(287) Metaspace: 6298K(6464K)->6298K(6464K) NonClass: 5765K(5824K)->5765K(5824K) Class: 533K(640K)->533K(640K)
[99.271s][info][gc             ] GC(287) Pause Full (Ergonomics) 4843M->4843M(4961M) 1419.987ms
[99.271s][info][gc,cpu         ] GC(287) User=11.22s Sys=0.00s Real=1.42s
[99.271s][info][gc,start       ] GC(288) Pause Full (Ergonomics)
[99.271s][info][gc,phases,start] GC(288) Marking Phase
[100.380s][info][gc,phases      ] GC(288) Marking Phase 1108.791ms
[100.380s][info][gc,phases,start] GC(288) Summary Phase
[100.380s][info][gc,phases      ] GC(288) Summary Phase 0.064ms
[100.380s][info][gc,phases,start] GC(288) Adjust Roots
[100.380s][info][gc,phases      ] GC(288) Adjust Roots 0.184ms
[100.380s][info][gc,phases,start] GC(288) Compaction Phase
[100.715s][info][gc,phases      ] GC(288) Compaction Phase 334.390ms
[100.715s][info][gc,phases,start] GC(288) Post Compact
[100.722s][info][gc,phases      ] GC(288) Post Compact 7.246ms
[100.722s][info][gc,heap        ] GC(288) PSYoungGen: 112696K(232960K)->112696K(232960K) Eden: 45056K(45056K)->45056K(45056K) From: 67640K(187904K)->67640K(187904K)
[100.722s][info][gc,heap        ] GC(288) ParOldGen: 4846995K(4847104K)->4846995K(4847104K)
[100.722s][info][gc,metaspace   ] GC(288) Metaspace: 6298K(6464K)->6298K(6464K) NonClass: 5765K(5824K)->5765K(5824K) Class: 533K(640K)->533K(640K)
[100.722s][info][gc             ] GC(288) Pause Full (Ergonomics) 4843M->4843M(4961M) 1451.013ms
[100.722s][info][gc,cpu         ] GC(288) User=11.28s Sys=0.02s Real=1.45s
[100.722s][info][gc,start       ] GC(289) Pause Full (Ergonomics)
[100.722s][info][gc,phases,start] GC(289) Marking Phase
[101.828s][info][gc,phases      ] GC(289) Marking Phase 1105.214ms
[101.828s][info][gc,phases,start] GC(289) Summary Phase
[101.828s][info][gc,phases      ] GC(289) Summary Phase 0.053ms
[101.828s][info][gc,phases,start] GC(289) Adjust Roots
[101.828s][info][gc,phases      ] GC(289) Adjust Roots 0.165ms
[101.828s][info][gc,phases,start] GC(289) Compaction Phase
[102.152s][info][gc,phases      ] GC(289) Compaction Phase 323.576ms
[102.152s][info][gc,phases,start] GC(289) Post Compact
[102.158s][info][gc,phases      ] GC(289) Post Compact 6.560ms
[102.158s][info][gc,heap        ] GC(289) PSYoungGen: 112696K(232960K)->112696K(232960K) Eden: 45056K(45056K)->45056K(45056K) From: 67640K(187904K)->67640K(187904K)
[102.158s][info][gc,heap        ] GC(289) ParOldGen: 4847000K(4847104K)->4847000K(4847104K)
[102.158s][info][gc,metaspace   ] GC(289) Metaspace: 6298K(6464K)->6298K(6464K) NonClass: 5765K(5824K)->5765K(5824K) Class: 533K(640K)->533K(640K)
[102.158s][info][gc             ] GC(289) Pause Full (Ergonomics) 4843M->4843M(4961M) 1435.895ms
[102.158s][info][gc,cpu         ] GC(289) User=11.02s Sys=0.00s Real=1.44s
[102.159s][info][gc,start       ] GC(290) Pause Full (Ergonomics)
[102.159s][info][gc,phases,start] GC(290) Marking Phase
[103.290s][info][gc,phases      ] GC(290) Marking Phase 1131.309ms
[103.290s][info][gc,phases,start] GC(290) Summary Phase
[103.290s][info][gc,phases      ] GC(290) Summary Phase 0.054ms
[103.290s][info][gc,phases,start] GC(290) Adjust Roots
[103.290s][info][gc,phases      ] GC(290) Adjust Roots 0.185ms
[103.290s][info][gc,phases,start] GC(290) Compaction Phase
[103.598s][info][gc,phases      ] GC(290) Compaction Phase 307.292ms
[103.598s][info][gc,phases,start] GC(290) Post Compact
[103.604s][info][gc,phases      ] GC(290) Post Compact 6.326ms
[103.604s][info][gc,heap        ] GC(290) PSYoungGen: 112696K(232960K)->112696K(232960K) Eden: 45056K(45056K)->45056K(45056K) From: 67640K(187904K)->67640K(187904K)
[103.604s][info][gc,heap        ] GC(290) ParOldGen: 4847005K(4847104K)->4847005K(4847104K)
[103.604s][info][gc,metaspace   ] GC(290) Metaspace: 6298K(6464K)->6298K(6464K) NonClass: 5765K(5824K)->5765K(5824K) Class: 533K(640K)->533K(640K)
[103.604s][info][gc             ] GC(290) Pause Full (Ergonomics) 4843M->4843M(4961M) 1445.459ms
[103.604s][info][gc,cpu         ] GC(290) User=11.17s Sys=0.00s Real=1.44s
[103.604s][info][gc,start       ] GC(291) Pause Full (Ergonomics)
[103.604s][info][gc,phases,start] GC(291) Marking Phase
[104.726s][info][gc,phases      ] GC(291) Marking Phase 1122.061ms
[104.726s][info][gc,phases,start] GC(291) Summary Phase
[104.726s][info][gc,phases      ] GC(291) Summary Phase 0.056ms
[104.726s][info][gc,phases,start] GC(291) Adjust Roots
[104.727s][info][gc,phases      ] GC(291) Adjust Roots 0.191ms
[104.727s][info][gc,phases,start] GC(291) Compaction Phase
[105.042s][info][gc,phases      ] GC(291) Compaction Phase 314.841ms
[105.042s][info][gc,phases,start] GC(291) Post Compact
[105.049s][info][gc,phases      ] GC(291) Post Compact 7.272ms
[105.049s][info][gc,heap        ] GC(291) PSYoungGen: 112696K(232960K)->112696K(232960K) Eden: 45056K(45056K)->45056K(45056K) From: 67640K(187904K)->67640K(187904K)
[105.049s][info][gc,heap        ] GC(291) ParOldGen: 4847010K(4847104K)->4847010K(4847104K)
[105.049s][info][gc,metaspace   ] GC(291) Metaspace: 6298K(6464K)->6298K(6464K) NonClass: 5765K(5824K)->5765K(5824K) Class: 533K(640K)->533K(640K)
[105.049s][info][gc             ] GC(291) Pause Full (Ergonomics) 4843M->4843M(4961M) 1444.760ms
[105.049s][info][gc,cpu         ] GC(291) User=11.19s Sys=0.00s Real=1.44s
[105.049s][info][gc,start       ] GC(292) Pause Full (Ergonomics)
[105.049s][info][gc,phases,start] GC(292) Marking Phase
[106.178s][info][gc,phases      ] GC(292) Marking Phase 1128.783ms
[106.178s][info][gc,phases,start] GC(292) Summary Phase
[106.178s][info][gc,phases      ] GC(292) Summary Phase 0.060ms
[106.178s][info][gc,phases,start] GC(292) Adjust Roots
[106.178s][info][gc,phases      ] GC(292) Adjust Roots 0.171ms
[106.178s][info][gc,phases,start] GC(292) Compaction Phase
[106.488s][info][gc,phases      ] GC(292) Compaction Phase 309.842ms
[106.488s][info][gc,phases,start] GC(292) Post Compact
[106.495s][info][gc,phases      ] GC(292) Post Compact 6.463ms
[106.495s][info][gc,heap        ] GC(292) PSYoungGen: 112696K(232960K)->112696K(232960K) Eden: 45056K(45056K)->45056K(45056K) From: 67640K(187904K)->67640K(187904K)
[106.495s][info][gc,heap        ] GC(292) ParOldGen: 4847015K(4847104K)->4847015K(4847104K)
[106.495s][info][gc,metaspace   ] GC(292) Metaspace: 6298K(6464K)->6298K(6464K) NonClass: 5765K(5824K)->5765K(5824K) Class: 533K(640K)->533K(640K)
[106.495s][info][gc             ] GC(292) Pause Full (Ergonomics) 4843M->4843M(4961M) 1445.644ms
[106.495s][info][gc,cpu         ] GC(292) User=11.28s Sys=0.00s Real=1.45s
[106.495s][info][gc,start       ] GC(293) Pause Full (Ergonomics)
[106.495s][info][gc,phases,start] GC(293) Marking Phase
[107.610s][info][gc,phases      ] GC(293) Marking Phase 1114.577ms
[107.610s][info][gc,phases,start] GC(293) Summary Phase
[107.610s][info][gc,phases      ] GC(293) Summary Phase 0.055ms
[107.610s][info][gc,phases,start] GC(293) Adjust Roots
[107.610s][info][gc,phases      ] GC(293) Adjust Roots 0.161ms
[107.610s][info][gc,phases,start] GC(293) Compaction Phase
[107.924s][info][gc,phases      ] GC(293) Compaction Phase 313.787ms
[107.924s][info][gc,phases,start] GC(293) Post Compact
[107.931s][info][gc,phases      ] GC(293) Post Compact 7.196ms
[107.931s][info][gc,heap        ] GC(293) PSYoungGen: 112696K(232960K)->112696K(232960K) Eden: 45056K(45056K)->45056K(45056K) From: 67640K(187904K)->67640K(187904K)
[107.931s][info][gc,heap        ] GC(293) ParOldGen: 4847020K(4847104K)->4847020K(4847104K)
[107.931s][info][gc,metaspace   ] GC(293) Metaspace: 6298K(6464K)->6298K(6464K) NonClass: 5765K(5824K)->5765K(5824K) Class: 533K(640K)->533K(640K)
[107.931s][info][gc             ] GC(293) Pause Full (Ergonomics) 4843M->4843M(4961M) 1436.102ms
[107.931s][info][gc,cpu         ] GC(293) User=11.00s Sys=0.00s Real=1.44s
[107.931s][info][gc,start       ] GC(294) Pause Full (Ergonomics)
[107.931s][info][gc,phases,start] GC(294) Marking Phase
[109.043s][info][gc,phases      ] GC(294) Marking Phase 1111.928ms
[109.043s][info][gc,phases,start] GC(294) Summary Phase
[109.043s][info][gc,phases      ] GC(294) Summary Phase 0.054ms
[109.043s][info][gc,phases,start] GC(294) Adjust Roots
[109.044s][info][gc,phases      ] GC(294) Adjust Roots 0.168ms
[109.044s][info][gc,phases,start] GC(294) Compaction Phase
[109.349s][info][gc,phases      ] GC(294) Compaction Phase 304.992ms
[109.349s][info][gc,phases,start] GC(294) Post Compact
[109.355s][info][gc,phases      ] GC(294) Post Compact 6.476ms
[109.355s][info][gc,heap        ] GC(294) PSYoungGen: 112696K(232960K)->112696K(232960K) Eden: 45056K(45056K)->45056K(45056K) From: 67640K(187904K)->67640K(187904K)
[109.355s][info][gc,heap        ] GC(294) ParOldGen: 4847024K(4847104K)->4847024K(4847104K)
[109.355s][info][gc,metaspace   ] GC(294) Metaspace: 6298K(6464K)->6298K(6464K) NonClass: 5765K(5824K)->5765K(5824K) Class: 533K(640K)->533K(640K)
[109.355s][info][gc             ] GC(294) Pause Full (Ergonomics) 4843M->4843M(4961M) 1423.924ms
[109.355s][info][gc,cpu         ] GC(294) User=10.92s Sys=0.00s Real=1.42s
[109.355s][info][gc,start       ] GC(295) Pause Full (Ergonomics)
[109.355s][info][gc,phases,start] GC(295) Marking Phase
[110.486s][info][gc,phases      ] GC(295) Marking Phase 1130.403ms
[110.486s][info][gc,phases,start] GC(295) Summary Phase
[110.486s][info][gc,phases      ] GC(295) Summary Phase 0.055ms
[110.486s][info][gc,phases,start] GC(295) Adjust Roots
[110.486s][info][gc,phases      ] GC(295) Adjust Roots 0.166ms
[110.486s][info][gc,phases,start] GC(295) Compaction Phase
[110.800s][info][gc,phases      ] GC(295) Compaction Phase 313.738ms
[110.800s][info][gc,phases,start] GC(295) Post Compact
[110.807s][info][gc,phases      ] GC(295) Post Compact 7.009ms
[110.807s][info][gc,heap        ] GC(295) PSYoungGen: 112696K(232960K)->112696K(232960K) Eden: 45056K(45056K)->45056K(45056K) From: 67640K(187904K)->67640K(187904K)
[110.807s][info][gc,heap        ] GC(295) ParOldGen: 4847029K(4847104K)->4847029K(4847104K)
[110.807s][info][gc,metaspace   ] GC(295) Metaspace: 6298K(6464K)->6298K(6464K) NonClass: 5765K(5824K)->5765K(5824K) Class: 533K(640K)->533K(640K)
[110.807s][info][gc             ] GC(295) Pause Full (Ergonomics) 4843M->4843M(4961M) 1451.696ms
[110.807s][info][gc,cpu         ] GC(295) User=10.98s Sys=0.00s Real=1.45s
[110.807s][info][gc,start       ] GC(296) Pause Full (Ergonomics)
[110.807s][info][gc,phases,start] GC(296) Marking Phase
[111.943s][info][gc,phases      ] GC(296) Marking Phase 1135.540ms
[111.943s][info][gc,phases,start] GC(296) Summary Phase
[111.943s][info][gc,phases      ] GC(296) Summary Phase 0.060ms
[111.943s][info][gc,phases,start] GC(296) Adjust Roots
[111.943s][info][gc,phases      ] GC(296) Adjust Roots 0.177ms
[111.943s][info][gc,phases,start] GC(296) Compaction Phase
[112.260s][info][gc,phases      ] GC(296) Compaction Phase 316.793ms
[112.260s][info][gc,phases,start] GC(296) Post Compact
[112.267s][info][gc,phases      ] GC(296) Post Compact 6.960ms
[112.267s][info][gc,heap        ] GC(296) PSYoungGen: 112696K(232960K)->112696K(232960K) Eden: 45056K(45056K)->45056K(45056K) From: 67640K(187904K)->67640K(187904K)
[112.267s][info][gc,heap        ] GC(296) ParOldGen: 4847034K(4847104K)->4847034K(4847104K)
[112.267s][info][gc,metaspace   ] GC(296) Metaspace: 6298K(6464K)->6298K(6464K) NonClass: 5765K(5824K)->5765K(5824K) Class: 533K(640K)->533K(640K)
[112.267s][info][gc             ] GC(296) Pause Full (Ergonomics) 4843M->4843M(4961M) 1459.866ms
[112.267s][info][gc,cpu         ] GC(296) User=11.25s Sys=0.02s Real=1.46s
[112.267s][info][gc,start       ] GC(297) Pause Full (Ergonomics)
[112.267s][info][gc,phases,start] GC(297) Marking Phase
[113.392s][info][gc,phases      ] GC(297) Marking Phase 1124.292ms
[113.392s][info][gc,phases,start] GC(297) Summary Phase
[113.392s][info][gc,phases      ] GC(297) Summary Phase 0.056ms
[113.392s][info][gc,phases,start] GC(297) Adjust Roots
[113.392s][info][gc,phases      ] GC(297) Adjust Roots 0.204ms
[113.392s][info][gc,phases,start] GC(297) Compaction Phase
[113.700s][info][gc,phases      ] GC(297) Compaction Phase 307.797ms
[113.700s][info][gc,phases,start] GC(297) Post Compact
[113.707s][info][gc,phases      ] GC(297) Post Compact 7.204ms
[113.707s][info][gc,heap        ] GC(297) PSYoungGen: 112696K(232960K)->112696K(232960K) Eden: 45056K(45056K)->45056K(45056K) From: 67640K(187904K)->67640K(187904K)
[113.707s][info][gc,heap        ] GC(297) ParOldGen: 4847039K(4847104K)->4847039K(4847104K)
[113.707s][info][gc,metaspace   ] GC(297) Metaspace: 6298K(6464K)->6298K(6464K) NonClass: 5765K(5824K)->5765K(5824K) Class: 533K(640K)->533K(640K)
[113.707s][info][gc             ] GC(297) Pause Full (Ergonomics) 4843M->4843M(4961M) 1439.921ms
[113.707s][info][gc,cpu         ] GC(297) User=11.05s Sys=0.00s Real=1.44s
[113.708s][info][gc,start       ] GC(298) Pause Full (Ergonomics)
[113.708s][info][gc,phases,start] GC(298) Marking Phase
[114.851s][info][gc,phases      ] GC(298) Marking Phase 1143.102ms
[114.851s][info][gc,phases,start] GC(298) Summary Phase
[114.851s][info][gc,phases      ] GC(298) Summary Phase 0.063ms
[114.851s][info][gc,phases,start] GC(298) Adjust Roots
[114.851s][info][gc,phases      ] GC(298) Adjust Roots 0.195ms
[114.851s][info][gc,phases,start] GC(298) Compaction Phase
[115.163s][info][gc,phases      ] GC(298) Compaction Phase 312.043ms
[115.163s][info][gc,phases,start] GC(298) Post Compact
[115.170s][info][gc,phases      ] GC(298) Post Compact 7.008ms
[115.170s][info][gc,heap        ] GC(298) PSYoungGen: 112696K(232960K)->112696K(232960K) Eden: 45056K(45056K)->45056K(45056K) From: 67640K(187904K)->67640K(187904K)
[115.170s][info][gc,heap        ] GC(298) ParOldGen: 4847044K(4847104K)->4847044K(4847104K)
[115.170s][info][gc,metaspace   ] GC(298) Metaspace: 6298K(6464K)->6298K(6464K) NonClass: 5765K(5824K)->5765K(5824K) Class: 533K(640K)->533K(640K)
[115.170s][info][gc             ] GC(298) Pause Full (Ergonomics) 4843M->4843M(4961M) 1462.781ms
[115.170s][info][gc,cpu         ] GC(298) User=11.19s Sys=0.00s Real=1.46s
[115.171s][info][gc,start       ] GC(299) Pause Full (Ergonomics)
[115.171s][info][gc,phases,start] GC(299) Marking Phase
[116.280s][info][gc,phases      ] GC(299) Marking Phase 1109.282ms
[116.280s][info][gc,phases,start] GC(299) Summary Phase
[116.280s][info][gc,phases      ] GC(299) Summary Phase 0.065ms
[116.280s][info][gc,phases,start] GC(299) Adjust Roots
[116.280s][info][gc,phases      ] GC(299) Adjust Roots 0.180ms
[116.280s][info][gc,phases,start] GC(299) Compaction Phase
[116.594s][info][gc,phases      ] GC(299) Compaction Phase 313.586ms
[116.594s][info][gc,phases,start] GC(299) Post Compact
[116.601s][info][gc,phases      ] GC(299) Post Compact 7.025ms
[116.601s][info][gc,heap        ] GC(299) PSYoungGen: 112696K(232960K)->112696K(232960K) Eden: 45056K(45056K)->45056K(45056K) From: 67640K(187904K)->67640K(187904K)
[116.601s][info][gc,heap        ] GC(299) ParOldGen: 4847049K(4847104K)->4847049K(4847104K)
[116.601s][info][gc,metaspace   ] GC(299) Metaspace: 6298K(6464K)->6298K(6464K) NonClass: 5765K(5824K)->5765K(5824K) Class: 533K(640K)->533K(640K)
[116.601s][info][gc             ] GC(299) Pause Full (Ergonomics) 4843M->4843M(4961M) 1430.493ms
[116.601s][info][gc,cpu         ] GC(299) User=10.88s Sys=0.00s Real=1.43s
[116.601s][info][gc,start       ] GC(300) Pause Full (Ergonomics)
[116.601s][info][gc,phases,start] GC(300) Marking Phase
[117.730s][info][gc,phases      ] GC(300) Marking Phase 1128.305ms
[117.730s][info][gc,phases,start] GC(300) Summary Phase
[117.730s][info][gc,phases      ] GC(300) Summary Phase 0.099ms
[117.730s][info][gc,phases,start] GC(300) Adjust Roots
[117.730s][info][gc,phases      ] GC(300) Adjust Roots 0.269ms
[117.730s][info][gc,phases,start] GC(300) Compaction Phase
[118.044s][info][gc,phases      ] GC(300) Compaction Phase 313.962ms
[118.044s][info][gc,phases,start] GC(300) Post Compact
[118.051s][info][gc,phases      ] GC(300) Post Compact 7.161ms
[118.051s][info][gc,heap        ] GC(300) PSYoungGen: 112696K(232960K)->112696K(232960K) Eden: 45056K(45056K)->45056K(45056K) From: 67640K(187904K)->67640K(187904K)
[118.051s][info][gc,heap        ] GC(300) ParOldGen: 4847053K(4847104K)->4847053K(4847104K)
[118.051s][info][gc,metaspace   ] GC(300) Metaspace: 6298K(6464K)->6298K(6464K) NonClass: 5765K(5824K)->5765K(5824K) Class: 533K(640K)->533K(640K)
[118.051s][info][gc             ] GC(300) Pause Full (Ergonomics) 4843M->4843M(4961M) 1450.176ms
[118.051s][info][gc,cpu         ] GC(300) User=11.06s Sys=0.03s Real=1.45s
[118.052s][info][gc,start       ] GC(301) Pause Full (Ergonomics)
[118.052s][info][gc,phases,start] GC(301) Marking Phase
[119.178s][info][gc,phases      ] GC(301) Marking Phase 1126.044ms
[119.178s][info][gc,phases,start] GC(301) Summary Phase
[119.178s][info][gc,phases      ] GC(301) Summary Phase 0.062ms
[119.178s][info][gc,phases,start] GC(301) Adjust Roots
[119.178s][info][gc,phases      ] GC(301) Adjust Roots 0.177ms
[119.178s][info][gc,phases,start] GC(301) Compaction Phase
[119.491s][info][gc,phases      ] GC(301) Compaction Phase 313.197ms
[119.491s][info][gc,phases,start] GC(301) Post Compact
[119.499s][info][gc,phases      ] GC(301) Post Compact 7.353ms
[119.499s][info][gc,heap        ] GC(301) PSYoungGen: 112696K(232960K)->112696K(232960K) Eden: 45056K(45056K)->45056K(45056K) From: 67640K(187904K)->67640K(187904K)
[119.499s][info][gc,heap        ] GC(301) ParOldGen: 4847058K(4847104K)->4847058K(4847104K)
[119.499s][info][gc,metaspace   ] GC(301) Metaspace: 6298K(6464K)->6298K(6464K) NonClass: 5765K(5824K)->5765K(5824K) Class: 533K(640K)->533K(640K)
[119.499s][info][gc             ] GC(301) Pause Full (Ergonomics) 4843M->4843M(4961M) 1447.255ms
[119.499s][info][gc,cpu         ] GC(301) User=11.17s Sys=0.00s Real=1.45s
[119.499s][info][gc,start       ] GC(302) Pause Full (Ergonomics)
[119.499s][info][gc,phases,start] GC(302) Marking Phase
[120.646s][info][gc,phases      ] GC(302) Marking Phase 1146.892ms
[120.646s][info][gc,phases,start] GC(302) Summary Phase
[120.646s][info][gc,phases      ] GC(302) Summary Phase 0.056ms
[120.646s][info][gc,phases,start] GC(302) Adjust Roots
[120.646s][info][gc,phases      ] GC(302) Adjust Roots 0.174ms
[120.646s][info][gc,phases,start] GC(302) Compaction Phase
[120.957s][info][gc,phases      ] GC(302) Compaction Phase 310.168ms
[120.957s][info][gc,phases,start] GC(302) Post Compact
[120.964s][info][gc,phases      ] GC(302) Post Compact 7.136ms
[120.964s][info][gc,heap        ] GC(302) PSYoungGen: 112696K(232960K)->112696K(232960K) Eden: 45056K(45056K)->45056K(45056K) From: 67640K(187904K)->67640K(187904K)
[120.964s][info][gc,heap        ] GC(302) ParOldGen: 4847063K(4847104K)->4847063K(4847104K)
[120.964s][info][gc,metaspace   ] GC(302) Metaspace: 6298K(6464K)->6298K(6464K) NonClass: 5765K(5824K)->5765K(5824K) Class: 533K(640K)->533K(640K)
[120.964s][info][gc             ] GC(302) Pause Full (Ergonomics) 4843M->4843M(4961M) 1464.787ms
[120.964s][info][gc,cpu         ] GC(302) User=11.31s Sys=0.00s Real=1.47s
[120.964s][info][gc,start       ] GC(303) Pause Full (Ergonomics)
[120.964s][info][gc,phases,start] GC(303) Marking Phase
[122.105s][info][gc,phases      ] GC(303) Marking Phase 1141.208ms
[122.105s][info][gc,phases,start] GC(303) Summary Phase
[122.105s][info][gc,phases      ] GC(303) Summary Phase 0.061ms
[122.105s][info][gc,phases,start] GC(303) Adjust Roots
[122.106s][info][gc,phases      ] GC(303) Adjust Roots 0.199ms
[122.106s][info][gc,phases,start] GC(303) Compaction Phase
[122.421s][info][gc,phases      ] GC(303) Compaction Phase 315.158ms
[122.421s][info][gc,phases,start] GC(303) Post Compact
[122.428s][info][gc,phases      ] GC(303) Post Compact 7.195ms
[122.428s][info][gc,heap        ] GC(303) PSYoungGen: 112696K(232960K)->112696K(232960K) Eden: 45056K(45056K)->45056K(45056K) From: 67640K(187904K)->67640K(187904K)
[122.428s][info][gc,heap        ] GC(303) ParOldGen: 4847068K(4847104K)->4847068K(4847104K)
[122.428s][info][gc,metaspace   ] GC(303) Metaspace: 6298K(6464K)->6298K(6464K) NonClass: 5765K(5824K)->5765K(5824K) Class: 533K(640K)->533K(640K)
[122.428s][info][gc             ] GC(303) Pause Full (Ergonomics) 4843M->4843M(4961M) 1464.184ms
[122.428s][info][gc,cpu         ] GC(303) User=11.30s Sys=0.00s Real=1.46s
[122.429s][info][gc,start       ] GC(304) Pause Full (Ergonomics)
[122.429s][info][gc,phases,start] GC(304) Marking Phase
[123.561s][info][gc,phases      ] GC(304) Marking Phase 1131.982ms
[123.561s][info][gc,phases,start] GC(304) Summary Phase
[123.561s][info][gc,phases      ] GC(304) Summary Phase 0.056ms
[123.561s][info][gc,phases,start] GC(304) Adjust Roots
[123.561s][info][gc,phases      ] GC(304) Adjust Roots 0.165ms
[123.561s][info][gc,phases,start] GC(304) Compaction Phase
[123.869s][info][gc,phases      ] GC(304) Compaction Phase 308.426ms
[123.869s][info][gc,phases,start] GC(304) Post Compact
[123.876s][info][gc,phases      ] GC(304) Post Compact 6.318ms
[123.876s][info][gc,heap        ] GC(304) PSYoungGen: 112696K(232960K)->112696K(232960K) Eden: 45056K(45056K)->45056K(45056K) From: 67640K(187904K)->67640K(187904K)
[123.876s][info][gc,heap        ] GC(304) ParOldGen: 4847073K(4847104K)->4847073K(4847104K)
[123.876s][info][gc,metaspace   ] GC(304) Metaspace: 6298K(6464K)->6298K(6464K) NonClass: 5765K(5824K)->5765K(5824K) Class: 533K(640K)->533K(640K)
[123.876s][info][gc             ] GC(304) Pause Full (Ergonomics) 4843M->4843M(4961M) 1447.252ms
[123.876s][info][gc,cpu         ] GC(304) User=11.14s Sys=0.02s Real=1.45s
[123.876s][info][gc,start       ] GC(305) Pause Full (Ergonomics)
[123.876s][info][gc,phases,start] GC(305) Marking Phase
[125.034s][info][gc,phases      ] GC(305) Marking Phase 1158.473ms
[125.035s][info][gc,phases,start] GC(305) Summary Phase
[125.035s][info][gc,phases      ] GC(305) Summary Phase 0.073ms
[125.035s][info][gc,phases,start] GC(305) Adjust Roots
[125.035s][info][gc,phases      ] GC(305) Adjust Roots 0.253ms
[125.035s][info][gc,phases,start] GC(305) Compaction Phase
[125.351s][info][gc,phases      ] GC(305) Compaction Phase 316.410ms
[125.351s][info][gc,phases,start] GC(305) Post Compact
[125.359s][info][gc,phases      ] GC(305) Post Compact 7.309ms
[125.359s][info][gc,heap        ] GC(305) PSYoungGen: 112696K(232960K)->112696K(232960K) Eden: 45056K(45056K)->45056K(45056K) From: 67640K(187904K)->67640K(187904K)
[125.359s][info][gc,heap        ] GC(305) ParOldGen: 4847078K(4847104K)->4847078K(4847104K)
[125.359s][info][gc,metaspace   ] GC(305) Metaspace: 6298K(6464K)->6298K(6464K) NonClass: 5765K(5824K)->5765K(5824K) Class: 533K(640K)->533K(640K)
[125.359s][info][gc             ] GC(305) Pause Full (Ergonomics) 4843M->4843M(4961M) 1482.915ms
[125.359s][info][gc,cpu         ] GC(305) User=11.33s Sys=0.00s Real=1.48s
[125.359s][info][gc,start       ] GC(306) Pause Full (Ergonomics)
[125.359s][info][gc,phases,start] GC(306) Marking Phase
[126.517s][info][gc,phases      ] GC(306) Marking Phase 1157.620ms
[126.517s][info][gc,phases,start] GC(306) Summary Phase
[126.517s][info][gc,phases      ] GC(306) Summary Phase 0.057ms
[126.517s][info][gc,phases,start] GC(306) Adjust Roots
[126.517s][info][gc,phases      ] GC(306) Adjust Roots 0.169ms
[126.517s][info][gc,phases,start] GC(306) Compaction Phase
[126.834s][info][gc,phases      ] GC(306) Compaction Phase 317.416ms
[126.835s][info][gc,phases,start] GC(306) Post Compact
[126.842s][info][gc,phases      ] GC(306) Post Compact 6.993ms
[126.842s][info][gc,heap        ] GC(306) PSYoungGen: 112696K(232960K)->112696K(232960K) Eden: 45056K(45056K)->45056K(45056K) From: 67640K(187904K)->67640K(187904K)
[126.842s][info][gc,heap        ] GC(306) ParOldGen: 4847082K(4847104K)->4847082K(4847104K)
[126.842s][info][gc,metaspace   ] GC(306) Metaspace: 6298K(6464K)->6298K(6464K) NonClass: 5765K(5824K)->5765K(5824K) Class: 533K(640K)->533K(640K)
[126.842s][info][gc             ] GC(306) Pause Full (Ergonomics) 4843M->4843M(4961M) 1482.585ms
[126.842s][info][gc,cpu         ] GC(306) User=11.28s Sys=0.00s Real=1.48s
[126.842s][info][gc,start       ] GC(307) Pause Full (Ergonomics)
[126.842s][info][gc,phases,start] GC(307) Marking Phase
[128.001s][info][gc,phases      ] GC(307) Marking Phase 1159.258ms
[128.001s][info][gc,phases,start] GC(307) Summary Phase
[128.001s][info][gc,phases      ] GC(307) Summary Phase 0.055ms
[128.001s][info][gc,phases,start] GC(307) Adjust Roots
[128.002s][info][gc,phases      ] GC(307) Adjust Roots 0.178ms
[128.002s][info][gc,phases,start] GC(307) Compaction Phase
[128.319s][info][gc,phases      ] GC(307) Compaction Phase 317.421ms
[128.319s][info][gc,phases,start] GC(307) Post Compact
[128.326s][info][gc,phases      ] GC(307) Post Compact 7.181ms
[128.326s][info][gc,heap        ] GC(307) PSYoungGen: 112696K(232960K)->112696K(232960K) Eden: 45056K(45056K)->45056K(45056K) From: 67640K(187904K)->67640K(187904K)
[128.326s][info][gc,heap        ] GC(307) ParOldGen: 4847087K(4847104K)->4847087K(4847104K)
[128.326s][info][gc,metaspace   ] GC(307) Metaspace: 6298K(6464K)->6298K(6464K) NonClass: 5765K(5824K)->5765K(5824K) Class: 533K(640K)->533K(640K)
[128.326s][info][gc             ] GC(307) Pause Full (Ergonomics) 4843M->4843M(4961M) 1484.437ms
[128.326s][info][gc,cpu         ] GC(307) User=11.34s Sys=0.00s Real=1.48s
[128.327s][info][gc,start       ] GC(308) Pause Full (Ergonomics)
[128.327s][info][gc,phases,start] GC(308) Marking Phase
[129.461s][info][gc,phases      ] GC(308) Marking Phase 1134.850ms
[129.462s][info][gc,phases,start] GC(308) Summary Phase
[129.462s][info][gc,phases      ] GC(308) Summary Phase 0.058ms
[129.462s][info][gc,phases,start] GC(308) Adjust Roots
[129.462s][info][gc,phases      ] GC(308) Adjust Roots 0.177ms
[129.462s][info][gc,phases,start] GC(308) Compaction Phase
[129.773s][info][gc,phases      ] GC(308) Compaction Phase 310.998ms
[129.773s][info][gc,phases,start] GC(308) Post Compact
[129.780s][info][gc,phases      ] GC(308) Post Compact 6.935ms
[129.780s][info][gc,heap        ] GC(308) PSYoungGen: 112696K(232960K)->112696K(232960K) Eden: 45056K(45056K)->45056K(45056K) From: 67640K(187904K)->67640K(187904K)
[129.780s][info][gc,heap        ] GC(308) ParOldGen: 4847092K(4847104K)->4847092K(4847104K)
[129.780s][info][gc,metaspace   ] GC(308) Metaspace: 6298K(6464K)->6298K(6464K) NonClass: 5765K(5824K)->5765K(5824K) Class: 533K(640K)->533K(640K)
[129.780s][info][gc             ] GC(308) Pause Full (Ergonomics) 4843M->4843M(4961M) 1453.385ms
[129.780s][info][gc,cpu         ] GC(308) User=11.11s Sys=0.00s Real=1.45s
[129.780s][info][gc,start       ] GC(309) Pause Full (Ergonomics)
[129.780s][info][gc,phases,start] GC(309) Marking Phase
[130.925s][info][gc,phases      ] GC(309) Marking Phase 1144.940ms
[130.925s][info][gc,phases,start] GC(309) Summary Phase
[130.925s][info][gc,phases      ] GC(309) Summary Phase 0.055ms
[130.925s][info][gc,phases,start] GC(309) Adjust Roots
[130.925s][info][gc,phases      ] GC(309) Adjust Roots 0.159ms
[130.925s][info][gc,phases,start] GC(309) Compaction Phase
[131.244s][info][gc,phases      ] GC(309) Compaction Phase 318.303ms
[131.244s][info][gc,phases,start] GC(309) Post Compact
[131.251s][info][gc,phases      ] GC(309) Post Compact 7.473ms
[131.251s][info][gc,heap        ] GC(309) PSYoungGen: 112696K(232960K)->112696K(232960K) Eden: 45056K(45056K)->45056K(45056K) From: 67640K(187904K)->67640K(187904K)
[131.251s][info][gc,heap        ] GC(309) ParOldGen: 4847097K(4847104K)->4847097K(4847104K)
[131.251s][info][gc,metaspace   ] GC(309) Metaspace: 6298K(6464K)->6298K(6464K) NonClass: 5765K(5824K)->5765K(5824K) Class: 533K(640K)->533K(640K)
[131.251s][info][gc             ] GC(309) Pause Full (Ergonomics) 4843M->4843M(4961M) 1471.254ms
[131.251s][info][gc,cpu         ] GC(309) User=11.23s Sys=0.00s Real=1.47s
[131.252s][info][gc,start       ] GC(310) Pause Full (Ergonomics)
[131.252s][info][gc,phases,start] GC(310) Marking Phase
[132.383s][info][gc,phases      ] GC(310) Marking Phase 1131.685ms
[132.383s][info][gc,phases,start] GC(310) Summary Phase
[132.383s][info][gc,phases      ] GC(310) Summary Phase 0.055ms
[132.383s][info][gc,phases,start] GC(310) Adjust Roots
[132.384s][info][gc,phases      ] GC(310) Adjust Roots 0.162ms
[132.384s][info][gc,phases,start] GC(310) Compaction Phase
[132.707s][info][gc,phases      ] GC(310) Compaction Phase 323.807ms
[132.707s][info][gc,phases,start] GC(310) Post Compact
[132.714s][info][gc,phases      ] GC(310) Post Compact 6.791ms
[132.714s][info][gc,heap        ] GC(310) PSYoungGen: 112696K(232960K)->112696K(232960K) Eden: 45056K(45056K)->45056K(45056K) From: 67640K(187904K)->67640K(187904K)
[132.714s][info][gc,heap        ] GC(310) ParOldGen: 4847102K(4847104K)->4847102K(4847104K)
[132.714s][info][gc,metaspace   ] GC(310) Metaspace: 6298K(6464K)->6298K(6464K) NonClass: 5765K(5824K)->5765K(5824K) Class: 533K(640K)->533K(640K)
[132.714s][info][gc             ] GC(310) Pause Full (Ergonomics) 4843M->4843M(4961M) 1462.793ms
[132.714s][info][gc,cpu         ] GC(310) User=11.23s Sys=0.02s Real=1.46s
[132.715s][info][gc,start       ] GC(311) Pause Full (Ergonomics)
[132.715s][info][gc,phases,start] GC(311) Marking Phase
[133.858s][info][gc,phases      ] GC(311) Marking Phase 1143.037ms
[133.858s][info][gc,phases,start] GC(311) Summary Phase
[133.858s][info][gc,phases      ] GC(311) Summary Phase 0.055ms
[133.858s][info][gc,phases,start] GC(311) Adjust Roots
[133.858s][info][gc,phases      ] GC(311) Adjust Roots 0.161ms
[133.858s][info][gc,phases,start] GC(311) Compaction Phase
[134.181s][info][gc,phases      ] GC(311) Compaction Phase 323.535ms
[134.182s][info][gc,phases,start] GC(311) Post Compact
[134.188s][info][gc,phases      ] GC(311) Post Compact 6.789ms
[134.188s][info][gc,heap        ] GC(311) PSYoungGen: 112696K(232960K)->112696K(232960K) Eden: 45056K(45056K)->45056K(45056K) From: 67640K(187904K)->67640K(187904K)
[134.188s][info][gc,heap        ] GC(311) ParOldGen: 4847103K(4847104K)->4847103K(4847104K)
[134.188s][info][gc,metaspace   ] GC(311) Metaspace: 6298K(6464K)->6298K(6464K) NonClass: 5765K(5824K)->5765K(5824K) Class: 533K(640K)->533K(640K)
[134.188s][info][gc             ] GC(311) Pause Full (Ergonomics) 4843M->4843M(4961M) 1473.916ms
[134.188s][info][gc,cpu         ] GC(311) User=11.33s Sys=0.00s Real=1.47s
[134.189s][info][gc,start       ] GC(312) Pause Full (Allocation Failure)
[134.189s][info][gc,phases,start] GC(312) Marking Phase
[135.325s][info][gc,phases      ] GC(312) Marking Phase 1136.607ms
[135.325s][info][gc,phases,start] GC(312) Summary Phase
[135.325s][info][gc,phases      ] GC(312) Summary Phase 0.055ms
[135.325s][info][gc,phases,start] GC(312) Adjust Roots
[135.326s][info][gc,phases      ] GC(312) Adjust Roots 0.340ms
[135.326s][info][gc,phases,start] GC(312) Compaction Phase
[136.564s][info][gc,phases      ] GC(312) Compaction Phase 1238.638ms
[136.564s][info][gc,phases,start] GC(312) Post Compact
[136.572s][info][gc,phases      ] GC(312) Post Compact 7.306ms
[136.572s][info][gc,heap        ] GC(312) PSYoungGen: 112696K(232960K)->112696K(232960K) Eden: 45056K(45056K)->45056K(45056K) From: 67640K(187904K)->67640K(187904K)
[136.572s][info][gc,heap        ] GC(312) ParOldGen: 4847103K(4847104K)->4847099K(4847104K)
[136.572s][info][gc,metaspace   ] GC(312) Metaspace: 6298K(6464K)->6297K(6464K) NonClass: 5765K(5824K)->5764K(5824K) Class: 533K(640K)->532K(640K)
[136.572s][info][gc             ] GC(312) Pause Full (Allocation Failure) 4843M->4843M(4961M) 2383.254ms
[136.572s][info][gc,cpu         ] GC(312) User=17.78s Sys=0.00s Real=2.38s
[136.572s][info][gc,start       ] GC(313) Pause Full (Ergonomics)
[136.572s][info][gc,phases,start] GC(313) Marking Phase
[137.696s][info][gc,phases      ] GC(313) Marking Phase 1123.769ms
[137.696s][info][gc,phases,start] GC(313) Summary Phase
[137.696s][info][gc,phases      ] GC(313) Summary Phase 0.056ms
[137.696s][info][gc,phases,start] GC(313) Adjust Roots
[137.696s][info][gc,phases      ] GC(313) Adjust Roots 0.168ms
[137.696s][info][gc,phases,start] GC(313) Compaction Phase
[138.022s][info][gc,phases      ] GC(313) Compaction Phase 325.150ms
[138.022s][info][gc,phases,start] GC(313) Post Compact
[138.029s][info][gc,phases      ] GC(313) Post Compact 7.246ms
[138.029s][info][gc,heap        ] GC(313) PSYoungGen: 112696K(232960K)->112696K(232960K) Eden: 45056K(45056K)->45056K(45056K) From: 67640K(187904K)->67640K(187904K)
[138.029s][info][gc,heap        ] GC(313) ParOldGen: 4847102K(4847104K)->4847102K(4847104K)
[138.029s][info][gc,metaspace   ] GC(313) Metaspace: 6297K(6464K)->6297K(6464K) NonClass: 5764K(5824K)->5764K(5824K) Class: 532K(640K)->532K(640K)
[138.029s][info][gc             ] GC(313) Pause Full (Ergonomics) 4843M->4843M(4961M) 1456.741ms
[138.029s][info][gc,cpu         ] GC(313) User=11.22s Sys=0.00s Real=1.45s
[138.029s][info][gc,start       ] GC(314) Pause Full (Ergonomics)
[138.029s][info][gc,phases,start] GC(314) Marking Phase
[139.169s][info][gc,phases      ] GC(314) Marking Phase 1139.138ms
[139.169s][info][gc,phases,start] GC(314) Summary Phase
[139.169s][info][gc,phases      ] GC(314) Summary Phase 0.055ms
[139.169s][info][gc,phases,start] GC(314) Adjust Roots
[139.169s][info][gc,phases      ] GC(314) Adjust Roots 0.163ms
[139.169s][info][gc,phases,start] GC(314) Compaction Phase
[139.486s][info][gc,phases      ] GC(314) Compaction Phase 317.093ms
[139.486s][info][gc,phases,start] GC(314) Post Compact
[139.493s][info][gc,phases      ] GC(314) Post Compact 6.981ms
[139.493s][info][gc,heap        ] GC(314) PSYoungGen: 112696K(232960K)->112696K(232960K) Eden: 45056K(45056K)->45056K(45056K) From: 67640K(187904K)->67640K(187904K)
[139.493s][info][gc,heap        ] GC(314) ParOldGen: 4847103K(4847104K)->4847103K(4847104K)
[139.493s][info][gc,metaspace   ] GC(314) Metaspace: 6297K(6464K)->6297K(6464K) NonClass: 5764K(5824K)->5764K(5824K) Class: 532K(640K)->532K(640K)
[139.493s][info][gc             ] GC(314) Pause Full (Ergonomics) 4843M->4843M(4961M) 1463.769ms
[139.493s][info][gc,cpu         ] GC(314) User=11.17s Sys=0.00s Real=1.47s
[139.493s][info][gc,start       ] GC(315) Pause Full (Allocation Failure)
[139.493s][info][gc,phases,start] GC(315) Marking Phase
[140.630s][info][gc,phases      ] GC(315) Marking Phase 1136.985ms
[140.630s][info][gc,phases,start] GC(315) Summary Phase
[140.630s][info][gc,phases      ] GC(315) Summary Phase 0.055ms
[140.630s][info][gc,phases,start] GC(315) Adjust Roots
[140.631s][info][gc,phases      ] GC(315) Adjust Roots 0.165ms
[140.631s][info][gc,phases,start] GC(315) Compaction Phase
[140.948s][info][gc,phases      ] GC(315) Compaction Phase 317.508ms
[140.948s][info][gc,phases,start] GC(315) Post Compact
[140.955s][info][gc,phases      ] GC(315) Post Compact 6.770ms
[140.955s][info][gc,heap        ] GC(315) PSYoungGen: 112696K(232960K)->112696K(232960K) Eden: 45056K(45056K)->45056K(45056K) From: 67640K(187904K)->67640K(187904K)
[140.955s][info][gc,heap        ] GC(315) ParOldGen: 4847103K(4847104K)->4847103K(4847104K)
[140.955s][info][gc,metaspace   ] GC(315) Metaspace: 6297K(6464K)->6297K(6464K) NonClass: 5764K(5824K)->5764K(5824K) Class: 532K(640K)->532K(640K)
[140.955s][info][gc             ] GC(315) Pause Full (Allocation Failure) 4843M->4843M(4961M) 1461.770ms
[140.955s][info][gc,cpu         ] GC(315) User=11.25s Sys=0.00s Real=1.46s
[140.956s][info][gc,start       ] GC(316) Pause Full (Ergonomics)
[140.956s][info][gc,phases,start] GC(316) Marking Phase
[142.121s][info][gc,phases      ] GC(316) Marking Phase 1165.066ms
[142.121s][info][gc,phases,start] GC(316) Summary Phase
[142.121s][info][gc,phases      ] GC(316) Summary Phase 0.055ms
[142.121s][info][gc,phases,start] GC(316) Adjust Roots
[142.121s][info][gc,phases      ] GC(316) Adjust Roots 0.258ms
[142.121s][info][gc,phases,start] GC(316) Compaction Phase
[143.362s][info][gc,phases      ] GC(316) Compaction Phase 1240.655ms
[143.362s][info][gc,phases,start] GC(316) Post Compact
[143.369s][info][gc,phases      ] GC(316) Post Compact 7.334ms
[143.369s][info][gc,heap        ] GC(316) PSYoungGen: 112696K(232960K)->112696K(232960K) Eden: 45056K(45056K)->45056K(45056K) From: 67640K(187904K)->67640K(187904K)
[143.369s][info][gc,heap        ] GC(316) ParOldGen: 4847103K(4847104K)->4847102K(4847104K)
[143.369s][info][gc,metaspace   ] GC(316) Metaspace: 6297K(6464K)->6297K(6464K) NonClass: 5764K(5824K)->5764K(5824K) Class: 532K(640K)->532K(640K)
[143.369s][info][gc             ] GC(316) Pause Full (Ergonomics) 4843M->4843M(4961M) 2413.711ms
[143.369s][info][gc,cpu         ] GC(316) User=18.11s Sys=0.00s Real=2.41s
[143.370s][info][gc,start       ] GC(317) Pause Full (Ergonomics)
[143.370s][info][gc,phases,start] GC(317) Marking Phase
[144.492s][info][gc,phases      ] GC(317) Marking Phase 1121.649ms
[144.492s][info][gc,phases,start] GC(317) Summary Phase
[144.492s][info][gc,phases      ] GC(317) Summary Phase 0.058ms
[144.492s][info][gc,phases,start] GC(317) Adjust Roots
[144.493s][info][gc,phases      ] GC(317) Adjust Roots 0.342ms
[144.493s][info][gc,phases,start] GC(317) Compaction Phase
[145.718s][info][gc,phases      ] GC(317) Compaction Phase 1225.361ms
[145.718s][info][gc,phases,start] GC(317) Post Compact
[145.726s][info][gc,phases      ] GC(317) Post Compact 8.331ms
[145.726s][info][gc,heap        ] GC(317) PSYoungGen: 112696K(232960K)->112696K(232960K) Eden: 45056K(45056K)->45056K(45056K) From: 67640K(187904K)->67640K(187904K)
[145.726s][info][gc,heap        ] GC(317) ParOldGen: 4847103K(4847104K)->4847101K(4847104K)
[145.726s][info][gc,metaspace   ] GC(317) Metaspace: 6298K(6464K)->6298K(6464K) NonClass: 5764K(5824K)->5764K(5824K) Class: 533K(640K)->533K(640K)
[145.726s][info][gc             ] GC(317) Pause Full (Ergonomics) 4843M->4843M(4961M) 2356.139ms
[145.727s][info][gc,cpu         ] GC(317) User=17.62s Sys=0.02s Real=2.36s
[145.727s][info][gc,heap,exit   ] Heap
[145.727s][info][gc,heap,exit   ]  PSYoungGen      total 232960K, used 112696K [0x000000076c180000, 0x0000000787480000, 0x0000000800000000)
[145.727s][info][gc,heap,exit   ]   eden space 45056K, 100% used [0x000000076c180000,0x000000076ed80000,0x000000076ed80000)
[145.727s][info][gc,heap,exit   ]   from space 187904K, 35% used [0x000000076ed80000,0x0000000772f8e2a8,0x000000077a500000)
[145.727s][info][gc,heap,exit   ]   to   space 197120K, 0% used [0x000000077b400000,0x000000077b400000,0x0000000787480000)
[145.727s][info][gc,heap,exit   ]  ParOldGen       total 4847104K, used 4847101K [0x0000000644400000, 0x000000076c180000, 0x000000076c180000)
[145.727s][info][gc,heap,exit   ]   object space 4847104K, 99% used [0x0000000644400000,0x000000076c17f7a0,0x000000076c180000)
[145.727s][info][gc,heap,exit   ]  Metaspace       used 6301K, committed 6464K, reserved 1114112K
[145.727s][info][gc,heap,exit   ]   class space    used 534K, committed 640K, reserved 1048576K
