[0.011s][info][gc,init] CardTable entry size: 512
[0.011s][info][gc     ] Using Serial
[0.011s][info][gc,init] Version: 18.0.1+10 (release)
[0.011s][info][gc,init] CPUs: 8 total, 8 available
[0.011s][info][gc,init] Memory: 16063M
[0.012s][info][gc,init] Large Page Support: Disabled
[0.012s][info][gc,init] NUMA Support: Disabled
[0.012s][info][gc,init] Compressed Oops: Enabled (Zero based)
[0.012s][info][gc,init] Heap Min Capacity: 2M
[0.012s][info][gc,init] Heap Initial Capacity: 2M
[0.012s][info][gc,init] Heap Max Capacity: 9700M
[0.012s][info][gc,init] Pre-touch: Disabled
[0.012s][info][gc,metaspace] CDS archive(s) not mapped
[0.012s][info][gc,metaspace] Compressed class space mapped at: 0x0000000800000000-0x0000000840000000, reserved size: 1073741824
[0.012s][info][gc,metaspace] Narrow klass base: 0x0000000800000000, Narrow klass shift: 0, Narrow klass range: 0x40000000
[0.176s][info][gc,start    ] GC(0) Pause Young (Allocation Failure)
[0.178s][info][gc,heap     ] GC(0) DefNew: 1023K(1152K)->127K(1152K) Eden: 1023K(1024K)->0K(1024K) From: 0K(128K)->127K(128K)
[0.178s][info][gc,heap     ] GC(0) Tenured: 0K(768K)->439K(768K)
[0.178s][info][gc,metaspace] GC(0) Metaspace: 5903K(6016K)->5903K(6016K) NonClass: 5404K(5504K)->5404K(5504K) Class: 499K(512K)->499K(512K)
[0.178s][info][gc          ] GC(0) Pause Young (Allocation Failure) 0M->0M(1M) 2.436ms
[0.178s][info][gc,cpu      ] GC(0) User=0.00s Sys=0.00s Real=0.00s
[0.201s][info][gc,start    ] GC(1) Pause Young (Allocation Failure)
[0.203s][info][gc          ] GC(1) Pause Young (Allocation Failure) 1M->0M(2M) 1.490ms
[0.203s][info][gc,cpu      ] GC(1) User=0.00s Sys=0.00s Real=0.00s
[0.203s][info][gc,start    ] GC(2) Pause Full (Allocation Failure)
[0.203s][info][gc,phases,start] GC(2) Phase 1: Mark live objects
[0.204s][info][gc,phases      ] GC(2) Phase 1: Mark live objects 1.495ms
[0.204s][info][gc,phases,start] GC(2) Phase 2: Compute new object addresses
[0.205s][info][gc,phases      ] GC(2) Phase 2: Compute new object addresses 0.423ms
[0.205s][info][gc,phases,start] GC(2) Phase 3: Adjust pointers
[0.206s][info][gc,phases      ] GC(2) Phase 3: Adjust pointers 0.973ms
[0.206s][info][gc,phases,start] GC(2) Phase 4: Move objects
[0.206s][info][gc,phases      ] GC(2) Phase 4: Move objects 0.106ms
[0.206s][info][gc,heap        ] GC(2) DefNew: 1151K(1152K)->40K(1152K) Eden: 1024K(1024K)->40K(1024K) From: 127K(128K)->0K(128K)
[0.206s][info][gc,heap        ] GC(2) Tenured: 439K(768K)->959K(1600K)
[0.206s][info][gc,metaspace   ] GC(2) Metaspace: 6301K(6528K)->6301K(6528K) NonClass: 5767K(5888K)->5767K(5888K) Class: 533K(640K)->533K(640K)
[0.206s][info][gc             ] GC(2) Pause Full (Allocation Failure) 0M->0M(2M) 3.510ms
[0.206s][info][gc,cpu         ] GC(2) User=0.00s Sys=0.00s Real=0.00s
[0.208s][info][gc,start       ] GC(3) Pause Young (Allocation Failure)
[0.209s][info][gc,heap        ] GC(3) DefNew: 1024K(1152K)->128K(1152K) Eden: 1024K(1024K)->0K(1024K) From: 0K(128K)->128K(128K)
[0.209s][info][gc,heap        ] GC(3) Tenured: 959K(1600K)->1374K(1600K)
[0.209s][info][gc,metaspace   ] GC(3) Metaspace: 6301K(6528K)->6301K(6528K) NonClass: 5767K(5888K)->5767K(5888K) Class: 533K(640K)->533K(640K)
[0.209s][info][gc             ] GC(3) Pause Young (Allocation Failure) 1M->1M(2M) 1.408ms
[0.209s][info][gc,cpu         ] GC(3) User=0.00s Sys=0.00s Real=0.00s
[0.211s][info][gc,start       ] GC(4) Pause Young (Allocation Failure)
[0.212s][info][gc             ] GC(4) Pause Young (Allocation Failure) 2M->1M(3M) 1.526ms
[0.213s][info][gc,cpu         ] GC(4) User=0.00s Sys=0.00s Real=0.00s
[0.213s][info][gc,start       ] GC(5) Pause Full (Allocation Failure)
[0.213s][info][gc,phases,start] GC(5) Phase 1: Mark live objects
[0.214s][info][gc,phases      ] GC(5) Phase 1: Mark live objects 1.673ms
[0.214s][info][gc,phases,start] GC(5) Phase 2: Compute new object addresses
[0.215s][info][gc,phases      ] GC(5) Phase 2: Compute new object addresses 0.424ms
[0.215s][info][gc,phases,start] GC(5) Phase 3: Adjust pointers
[0.216s][info][gc,phases      ] GC(5) Phase 3: Adjust pointers 0.767ms
[0.216s][info][gc,phases,start] GC(5) Phase 4: Move objects
[0.216s][info][gc,phases      ] GC(5) Phase 4: Move objects 0.069ms
[0.216s][info][gc,heap        ] GC(5) DefNew: 1152K(1152K)->34K(1536K) Eden: 1024K(1024K)->34K(1408K) From: 128K(128K)->0K(128K)
[0.216s][info][gc,heap        ] GC(5) Tenured: 1374K(1600K)->1983K(3308K)
[0.216s][info][gc,metaspace   ] GC(5) Metaspace: 6301K(6528K)->6301K(6528K) NonClass: 5767K(5888K)->5767K(5888K) Class: 533K(640K)->533K(640K)
[0.216s][info][gc             ] GC(5) Pause Full (Allocation Failure) 1M->1M(4M) 3.268ms
[0.216s][info][gc,cpu         ] GC(5) User=0.00s Sys=0.00s Real=0.00s
[0.218s][info][gc,start       ] GC(6) Pause Young (Allocation Failure)
[0.220s][info][gc,heap        ] GC(6) DefNew: 1408K(1536K)->128K(1536K) Eden: 1408K(1408K)->0K(1408K) From: 0K(128K)->128K(128K)
[0.220s][info][gc,heap        ] GC(6) Tenured: 1983K(3308K)->2617K(3308K)
[0.220s][info][gc,metaspace   ] GC(6) Metaspace: 6301K(6528K)->6301K(6528K) NonClass: 5767K(5888K)->5767K(5888K) Class: 533K(640K)->533K(640K)
[0.220s][info][gc             ] GC(6) Pause Young (Allocation Failure) 3M->2M(4M) 2.397ms
[0.220s][info][gc,cpu         ] GC(6) User=0.00s Sys=0.00s Real=0.00s
[0.222s][info][gc,start       ] GC(7) Pause Young (Allocation Failure)
[0.224s][info][gc             ] GC(7) Pause Young (Allocation Failure) 4M->3M(4M) 1.864ms
[0.224s][info][gc,cpu         ] GC(7) User=0.00s Sys=0.00s Real=0.00s
[0.224s][info][gc,start       ] GC(8) Pause Full (Allocation Failure)
[0.224s][info][gc,phases,start] GC(8) Phase 1: Mark live objects
[0.226s][info][gc,phases      ] GC(8) Phase 1: Mark live objects 2.508ms
[0.226s][info][gc,phases,start] GC(8) Phase 2: Compute new object addresses
[0.227s][info][gc,phases      ] GC(8) Phase 2: Compute new object addresses 0.749ms
[0.227s][info][gc,phases,start] GC(8) Phase 3: Adjust pointers
[0.228s][info][gc,phases      ] GC(8) Phase 3: Adjust pointers 1.255ms
[0.228s][info][gc,phases,start] GC(8) Phase 4: Move objects
[0.229s][info][gc,phases      ] GC(8) Phase 4: Move objects 0.114ms
[0.229s][info][gc,heap        ] GC(8) DefNew: 1536K(1536K)->0K(2688K) Eden: 1408K(1408K)->0K(2432K) From: 128K(128K)->0K(256K)
[0.229s][info][gc,heap        ] GC(8) Tenured: 2617K(3308K)->3460K(5768K)
[0.229s][info][gc,metaspace   ] GC(8) Metaspace: 6301K(6528K)->6301K(6528K) NonClass: 5767K(5888K)->5767K(5888K) Class: 533K(640K)->533K(640K)
[0.229s][info][gc             ] GC(8) Pause Full (Allocation Failure) 3M->3M(8M) 4.980ms
[0.229s][info][gc,cpu         ] GC(8) User=0.00s Sys=0.00s Real=0.00s
[0.233s][info][gc,start       ] GC(9) Pause Young (Allocation Failure)
[0.236s][info][gc,heap        ] GC(9) DefNew: 2432K(2688K)->256K(2688K) Eden: 2432K(2432K)->0K(2432K) From: 0K(256K)->256K(256K)
[0.236s][info][gc,heap        ] GC(9) Tenured: 3460K(5768K)->4512K(5768K)
[0.236s][info][gc,metaspace   ] GC(9) Metaspace: 6301K(6528K)->6301K(6528K) NonClass: 5767K(5888K)->5767K(5888K) Class: 533K(640K)->533K(640K)
[0.236s][info][gc             ] GC(9) Pause Young (Allocation Failure) 5M->4M(8M) 2.974ms
[0.236s][info][gc,cpu         ] GC(9) User=0.00s Sys=0.00s Real=0.00s
[0.239s][info][gc,start       ] GC(10) Pause Young (Allocation Failure)
[0.243s][info][gc,heap        ] GC(10) DefNew: 2688K(2688K)->256K(2688K) Eden: 2432K(2432K)->0K(2432K) From: 256K(256K)->256K(256K)
[0.243s][info][gc,heap        ] GC(10) Tenured: 4512K(5768K)->5755K(5768K)
[0.243s][info][gc,metaspace   ] GC(10) Metaspace: 6301K(6528K)->6301K(6528K) NonClass: 5767K(5888K)->5767K(5888K) Class: 533K(640K)->533K(640K)
[0.243s][info][gc             ] GC(10) Pause Young (Allocation Failure) 7M->5M(8M) 3.580ms
[0.243s][info][gc,cpu         ] GC(10) User=0.00s Sys=0.00s Real=0.00s
[0.246s][info][gc,start       ] GC(11) Pause Young (Allocation Failure)
[0.251s][info][gc             ] GC(11) Pause Young (Allocation Failure) 8M->7M(9M) 4.647ms
[0.251s][info][gc,cpu         ] GC(11) User=0.00s Sys=0.00s Real=0.00s
[0.251s][info][gc,start       ] GC(12) Pause Full (Allocation Failure)
[0.251s][info][gc,phases,start] GC(12) Phase 1: Mark live objects
[0.256s][info][gc,phases      ] GC(12) Phase 1: Mark live objects 4.333ms
[0.256s][info][gc,phases,start] GC(12) Phase 2: Compute new object addresses
[0.257s][info][gc,phases      ] GC(12) Phase 2: Compute new object addresses 1.197ms
[0.257s][info][gc,phases,start] GC(12) Phase 3: Adjust pointers
[0.259s][info][gc,phases      ] GC(12) Phase 3: Adjust pointers 1.682ms
[0.259s][info][gc,phases,start] GC(12) Phase 4: Move objects
[0.260s][info][gc,phases      ] GC(12) Phase 4: Move objects 1.134ms
[0.260s][info][gc,heap        ] GC(12) DefNew: 2688K(2688K)->0K(5376K) Eden: 2432K(2432K)->0K(4800K) From: 256K(256K)->0K(576K)
[0.260s][info][gc,heap        ] GC(12) Tenured: 5755K(5768K)->7132K(11888K)
[0.260s][info][gc,metaspace   ] GC(12) Metaspace: 6301K(6528K)->6301K(6528K) NonClass: 5767K(5888K)->5767K(5888K) Class: 533K(640K)->533K(640K)
[0.260s][info][gc             ] GC(12) Pause Full (Allocation Failure) 7M->6M(16M) 8.849ms
[0.260s][info][gc,cpu         ] GC(12) User=0.00s Sys=0.00s Real=0.01s
[0.265s][info][gc,start       ] GC(13) Pause Young (Allocation Failure)
[0.270s][info][gc,heap        ] GC(13) DefNew: 4800K(5376K)->575K(5376K) Eden: 4800K(4800K)->0K(4800K) From: 0K(576K)->575K(576K)
[0.270s][info][gc,heap        ] GC(13) Tenured: 7132K(11888K)->9027K(11888K)
[0.270s][info][gc,metaspace   ] GC(13) Metaspace: 6301K(6528K)->6301K(6528K) NonClass: 5767K(5888K)->5767K(5888K) Class: 533K(640K)->533K(640K)
[0.270s][info][gc             ] GC(13) Pause Young (Allocation Failure) 11M->9M(16M) 5.056ms
[0.270s][info][gc,cpu         ] GC(13) User=0.00s Sys=0.00s Real=0.01s
[0.276s][info][gc,start       ] GC(14) Pause Young (Allocation Failure)
[0.281s][info][gc,heap        ] GC(14) DefNew: 5375K(5376K)->576K(5376K) Eden: 4800K(4800K)->0K(4800K) From: 575K(576K)->576K(576K)
[0.281s][info][gc,heap        ] GC(14) Tenured: 9027K(11888K)->11746K(11888K)
[0.281s][info][gc,metaspace   ] GC(14) Metaspace: 6301K(6528K)->6301K(6528K) NonClass: 5767K(5888K)->5767K(5888K) Class: 533K(640K)->533K(640K)
[0.281s][info][gc             ] GC(14) Pause Young (Allocation Failure) 14M->12M(16M) 5.704ms
[0.281s][info][gc,cpu         ] GC(14) User=0.00s Sys=0.00s Real=0.01s
[0.285s][info][gc,start       ] GC(15) Pause Young (Allocation Failure)
[0.290s][info][gc             ] GC(15) Pause Young (Allocation Failure) 16M->14M(19M) 5.226ms
[0.290s][info][gc,cpu         ] GC(15) User=0.00s Sys=0.00s Real=0.00s
[0.290s][info][gc,start       ] GC(16) Pause Full (Allocation Failure)
[0.290s][info][gc,phases,start] GC(16) Phase 1: Mark live objects
[0.298s][info][gc,phases      ] GC(16) Phase 1: Mark live objects 7.406ms
[0.298s][info][gc,phases,start] GC(16) Phase 2: Compute new object addresses
[0.300s][info][gc,phases      ] GC(16) Phase 2: Compute new object addresses 2.226ms
[0.300s][info][gc,phases,start] GC(16) Phase 3: Adjust pointers
[0.303s][info][gc,phases      ] GC(16) Phase 3: Adjust pointers 2.738ms
[0.303s][info][gc,phases,start] GC(16) Phase 4: Move objects
[0.303s][info][gc,phases      ] GC(16) Phase 4: Move objects 0.126ms
[0.303s][info][gc,heap        ] GC(16) DefNew: 5376K(5376K)->447K(10816K) Eden: 4800K(4800K)->447K(9664K) From: 576K(576K)->0K(1152K)
[0.303s][info][gc,heap        ] GC(16) Tenured: 11746K(11888K)->14323K(23876K)
[0.303s][info][gc,metaspace   ] GC(16) Metaspace: 6303K(6528K)->6303K(6528K) NonClass: 5769K(5888K)->5769K(5888K) Class: 533K(640K)->533K(640K)
[0.303s][info][gc             ] GC(16) Pause Full (Allocation Failure) 14M->14M(33M) 12.849ms
[0.303s][info][gc,cpu         ] GC(16) User=0.02s Sys=0.00s Real=0.01s
[0.310s][info][gc,start       ] GC(17) Pause Young (Allocation Failure)
[0.323s][info][gc,heap        ] GC(17) DefNew: 9664K(10816K)->1152K(10816K) Eden: 9664K(9664K)->0K(9664K) From: 0K(1152K)->1152K(1152K)
[0.323s][info][gc,heap        ] GC(17) Tenured: 14323K(23876K)->18351K(23876K)
[0.323s][info][gc,metaspace   ] GC(17) Metaspace: 6303K(6528K)->6303K(6528K) NonClass: 5769K(5888K)->5769K(5888K) Class: 533K(640K)->533K(640K)
[0.323s][info][gc             ] GC(17) Pause Young (Allocation Failure) 23M->19M(33M) 12.854ms
[0.323s][info][gc,cpu         ] GC(17) User=0.00s Sys=0.00s Real=0.01s
[0.332s][info][gc,start       ] GC(18) Pause Young (Allocation Failure)
[0.343s][info][gc,heap        ] GC(18) DefNew: 10816K(10816K)->1151K(10816K) Eden: 9664K(9664K)->0K(9664K) From: 1152K(1152K)->1151K(1152K)
[0.343s][info][gc,heap        ] GC(18) Tenured: 18351K(23876K)->23839K(23876K)
[0.343s][info][gc,metaspace   ] GC(18) Metaspace: 6303K(6528K)->6303K(6528K) NonClass: 5769K(5888K)->5769K(5888K) Class: 533K(640K)->533K(640K)
[0.343s][info][gc             ] GC(18) Pause Young (Allocation Failure) 28M->24M(33M) 11.660ms
[0.343s][info][gc,cpu         ] GC(18) User=0.00s Sys=0.00s Real=0.01s
[0.350s][info][gc,start       ] GC(19) Pause Young (Allocation Failure)
[0.362s][info][gc             ] GC(19) Pause Young (Allocation Failure) 33M->29M(38M) 11.385ms
[0.362s][info][gc,cpu         ] GC(19) User=0.00s Sys=0.00s Real=0.01s
[0.362s][info][gc,start       ] GC(20) Pause Full (Allocation Failure)
[0.362s][info][gc,phases,start] GC(20) Phase 1: Mark live objects
[0.376s][info][gc,phases      ] GC(20) Phase 1: Mark live objects 14.290ms
[0.376s][info][gc,phases,start] GC(20) Phase 2: Compute new object addresses
[0.381s][info][gc,phases      ] GC(20) Phase 2: Compute new object addresses 4.605ms
[0.381s][info][gc,phases,start] GC(20) Phase 3: Adjust pointers
[0.386s][info][gc,phases      ] GC(20) Phase 3: Adjust pointers 5.501ms
[0.386s][info][gc,phases,start] GC(20) Phase 4: Move objects
[0.387s][info][gc,phases      ] GC(20) Phase 4: Move objects 0.174ms
[0.387s][info][gc,heap        ] GC(20) DefNew: 10815K(10816K)->1048K(21760K) Eden: 9664K(9664K)->1048K(19392K) From: 1151K(1152K)->0K(2368K)
[0.387s][info][gc,heap        ] GC(20) Tenured: 23839K(23876K)->28935K(48228K)
[0.387s][info][gc,metaspace   ] GC(20) Metaspace: 6303K(6528K)->6303K(6528K) NonClass: 5769K(5888K)->5769K(5888K) Class: 533K(640K)->533K(640K)
[0.387s][info][gc             ] GC(20) Pause Full (Allocation Failure) 29M->29M(68M) 24.970ms
[0.387s][info][gc,cpu         ] GC(20) User=0.03s Sys=0.00s Real=0.03s
[0.404s][info][gc,start       ] GC(21) Pause Young (Allocation Failure)
[0.435s][info][gc,heap        ] GC(21) DefNew: 19392K(21760K)->2368K(21760K) Eden: 19392K(19392K)->0K(19392K) From: 0K(2368K)->2368K(2368K)
[0.435s][info][gc,heap        ] GC(21) Tenured: 28935K(48228K)->40657K(48228K)
[0.435s][info][gc,metaspace   ] GC(21) Metaspace: 6303K(6528K)->6303K(6528K) NonClass: 5769K(5888K)->5769K(5888K) Class: 533K(640K)->533K(640K)
[0.435s][info][gc             ] GC(21) Pause Young (Allocation Failure) 47M->42M(68M) 30.644ms
[0.435s][info][gc,cpu         ] GC(21) User=0.02s Sys=0.00s Real=0.03s
[0.453s][info][gc,start       ] GC(22) Pause Young (Allocation Failure)
[0.488s][info][gc             ] GC(22) Pause Young (Allocation Failure) 60M->60M(79M) 34.704ms
[0.488s][info][gc,cpu         ] GC(22) User=0.03s Sys=0.00s Real=0.03s
[0.488s][info][gc,start       ] GC(23) Pause Full (Allocation Failure)
[0.488s][info][gc,phases,start] GC(23) Phase 1: Mark live objects
[0.513s][info][gc,phases      ] GC(23) Phase 1: Mark live objects 25.366ms
[0.513s][info][gc,phases,start] GC(23) Phase 2: Compute new object addresses
[0.523s][info][gc,phases      ] GC(23) Phase 2: Compute new object addresses 9.558ms
[0.523s][info][gc,phases,start] GC(23) Phase 3: Adjust pointers
[0.534s][info][gc,phases      ] GC(23) Phase 3: Adjust pointers 10.632ms
[0.534s][info][gc,phases,start] GC(23) Phase 4: Move objects
[0.534s][info][gc,phases      ] GC(23) Phase 4: Move objects 0.364ms
[0.534s][info][gc,heap        ] GC(23) DefNew: 21760K(21760K)->2253K(45184K) Eden: 19392K(19392K)->2253K(40192K) From: 2368K(2368K)->0K(4992K)
[0.534s][info][gc,heap        ] GC(23) Tenured: 40657K(48228K)->60131K(100220K)
[0.534s][info][gc,metaspace   ] GC(23) Metaspace: 6303K(6528K)->6303K(6528K) NonClass: 5769K(5888K)->5769K(5888K) Class: 533K(640K)->533K(640K)
[0.534s][info][gc             ] GC(23) Pause Full (Allocation Failure) 60M->60M(141M) 46.570ms
[0.534s][info][gc,cpu         ] GC(23) User=0.05s Sys=0.00s Real=0.05s
[0.577s][info][gc,start       ] GC(24) Pause Young (Allocation Failure)
[0.650s][info][gc,heap        ] GC(24) DefNew: 40192K(45184K)->4991K(45184K) Eden: 40192K(40192K)->0K(40192K) From: 0K(4992K)->4991K(4992K)
[0.650s][info][gc,heap        ] GC(24) Tenured: 60131K(100220K)->95307K(100220K)
[0.650s][info][gc,metaspace   ] GC(24) Metaspace: 6303K(6528K)->6303K(6528K) NonClass: 5769K(5888K)->5769K(5888K) Class: 533K(640K)->533K(640K)
[0.650s][info][gc             ] GC(24) Pause Young (Allocation Failure) 97M->97M(141M) 72.654ms
[0.650s][info][gc,cpu         ] GC(24) User=0.06s Sys=0.00s Real=0.07s
[0.683s][info][gc,start       ] GC(25) Pause Young (Allocation Failure)
[0.767s][info][gc             ] GC(25) Pause Young (Allocation Failure) 137M->137M(176M) 83.820ms
[0.767s][info][gc,cpu         ] GC(25) User=0.05s Sys=0.00s Real=0.08s
[0.767s][info][gc,start       ] GC(26) Pause Full (Allocation Failure)
[0.767s][info][gc,phases,start] GC(26) Phase 1: Mark live objects
[0.830s][info][gc,phases      ] GC(26) Phase 1: Mark live objects 63.806ms
[0.830s][info][gc,phases,start] GC(26) Phase 2: Compute new object addresses
[0.856s][info][gc,phases      ] GC(26) Phase 2: Compute new object addresses 25.861ms
[0.856s][info][gc,phases,start] GC(26) Phase 3: Adjust pointers
[0.885s][info][gc,phases      ] GC(26) Phase 3: Adjust pointers 28.610ms
[0.885s][info][gc,phases,start] GC(26) Phase 4: Move objects
[0.913s][info][gc,phases      ] GC(26) Phase 4: Move objects 27.910ms
[0.914s][info][gc,heap        ] GC(26) DefNew: 45183K(45184K)->1002K(101760K) Eden: 40192K(40192K)->1002K(90496K) From: 4991K(4992K)->0K(11264K)
[0.914s][info][gc,heap        ] GC(26) Tenured: 95307K(100220K)->135616K(226028K)
[0.914s][info][gc,metaspace   ] GC(26) Metaspace: 6303K(6528K)->6303K(6528K) NonClass: 5769K(5888K)->5769K(5888K) Class: 533K(640K)->533K(640K)
[0.914s][info][gc             ] GC(26) Pause Full (Allocation Failure) 137M->133M(320M) 147.039ms
[0.914s][info][gc,cpu         ] GC(26) User=0.14s Sys=0.00s Real=0.15s
[1.017s][info][gc,start       ] GC(27) Pause Young (Allocation Failure)
[1.179s][info][gc,heap        ] GC(27) DefNew: 90496K(101760K)->11264K(101760K) Eden: 90496K(90496K)->0K(90496K) From: 0K(11264K)->11264K(11264K)
[1.179s][info][gc,heap        ] GC(27) Tenured: 135616K(226028K)->214819K(226028K)
[1.179s][info][gc,metaspace   ] GC(27) Metaspace: 6303K(6528K)->6303K(6528K) NonClass: 5769K(5888K)->5769K(5888K) Class: 533K(640K)->533K(640K)
[1.179s][info][gc             ] GC(27) Pause Young (Allocation Failure) 220M->220M(320M) 161.759ms
[1.179s][info][gc,cpu         ] GC(27) User=0.12s Sys=0.00s Real=0.16s
[1.262s][info][gc,start       ] GC(28) Pause Young (Allocation Failure)
[1.439s][info][gc             ] GC(28) Pause Young (Allocation Failure) 309M->309M(397M) 177.486ms
[1.439s][info][gc,cpu         ] GC(28) User=0.16s Sys=0.02s Real=0.18s
[1.439s][info][gc,start       ] GC(29) Pause Full (Allocation Failure)
[1.439s][info][gc,phases,start] GC(29) Phase 1: Mark live objects
[1.583s][info][gc,phases      ] GC(29) Phase 1: Mark live objects 143.934ms
[1.583s][info][gc,phases,start] GC(29) Phase 2: Compute new object addresses
[1.632s][info][gc,phases      ] GC(29) Phase 2: Compute new object addresses 48.304ms
[1.632s][info][gc,phases,start] GC(29) Phase 3: Adjust pointers
[1.683s][info][gc,phases      ] GC(29) Phase 3: Adjust pointers 51.775ms
[1.683s][info][gc,phases,start] GC(29) Phase 4: Move objects
[1.686s][info][gc,phases      ] GC(29) Phase 4: Move objects 2.272ms
[1.687s][info][gc,heap        ] GC(29) DefNew: 101760K(101760K)->11226K(229056K) Eden: 90496K(90496K)->11226K(203648K) From: 11264K(11264K)->0K(25408K)
[1.687s][info][gc,heap        ] GC(29) Tenured: 214819K(226028K)->305323K(508876K)
[1.687s][info][gc,metaspace   ] GC(29) Metaspace: 6303K(6528K)->6303K(6528K) NonClass: 5769K(5888K)->5769K(5888K) Class: 533K(640K)->533K(640K)
[1.687s][info][gc             ] GC(29) Pause Full (Allocation Failure) 309M->309M(720M) 247.645ms
[1.687s][info][gc,cpu         ] GC(29) User=0.23s Sys=0.00s Real=0.25s
[1.898s][info][gc,start       ] GC(30) Pause Young (Allocation Failure)
[2.243s][info][gc,heap        ] GC(30) DefNew: 203648K(229056K)->25408K(229056K) Eden: 203648K(203648K)->0K(203648K) From: 0K(25408K)->25408K(25408K)
[2.244s][info][gc,heap        ] GC(30) Tenured: 305323K(508876K)->483538K(508876K)
[2.244s][info][gc,metaspace   ] GC(30) Metaspace: 6303K(6528K)->6303K(6528K) NonClass: 5769K(5888K)->5769K(5888K) Class: 533K(640K)->533K(640K)
[2.244s][info][gc             ] GC(30) Pause Young (Allocation Failure) 497M->497M(720M) 345.712ms
[2.244s][info][gc,cpu         ] GC(30) User=0.22s Sys=0.11s Real=0.35s
[2.434s][info][gc,start       ] GC(31) Pause Young (Allocation Failure)
[2.821s][info][gc             ] GC(31) Pause Young (Allocation Failure) 695M->695M(894M) 386.792ms
[2.821s][info][gc,cpu         ] GC(31) User=0.34s Sys=0.03s Real=0.39s
[2.821s][info][gc,start       ] GC(32) Pause Full (Allocation Failure)
[2.821s][info][gc,phases,start] GC(32) Phase 1: Mark live objects
[3.138s][info][gc,phases      ] GC(32) Phase 1: Mark live objects 317.307ms
[3.139s][info][gc,phases,start] GC(32) Phase 2: Compute new object addresses
[3.248s][info][gc,phases      ] GC(32) Phase 2: Compute new object addresses 109.531ms
[3.248s][info][gc,phases,start] GC(32) Phase 3: Adjust pointers
[3.368s][info][gc,phases      ] GC(32) Phase 3: Adjust pointers 119.949ms
[3.368s][info][gc,phases,start] GC(32) Phase 4: Move objects
[3.373s][info][gc,phases      ] GC(32) Phase 4: Move objects 5.059ms
[3.375s][info][gc,heap        ] GC(32) DefNew: 229056K(229056K)->25251K(515520K) Eden: 203648K(203648K)->25251K(458240K) From: 25408K(25408K)->0K(57280K)
[3.375s][info][gc,heap        ] GC(32) Tenured: 483538K(508876K)->687311K(1145520K)
[3.375s][info][gc,metaspace   ] GC(32) Metaspace: 6303K(6528K)->6303K(6528K) NonClass: 5769K(5888K)->5769K(5888K) Class: 533K(640K)->533K(640K)
[3.375s][info][gc             ] GC(32) Pause Full (Allocation Failure) 695M->695M(1622M) 554.089ms
[3.375s][info][gc,cpu         ] GC(32) User=0.56s Sys=0.00s Real=0.55s
[3.854s][info][gc,start       ] GC(33) Pause Young (Allocation Failure)
[4.641s][info][gc,heap        ] GC(33) DefNew: 458240K(515520K)->57280K(515520K) Eden: 458240K(458240K)->0K(458240K) From: 0K(57280K)->57280K(57280K)
[4.641s][info][gc,heap        ] GC(33) Tenured: 687311K(1145520K)->1088245K(1145520K)
[4.641s][info][gc,metaspace   ] GC(33) Metaspace: 6303K(6528K)->6303K(6528K) NonClass: 5769K(5888K)->5769K(5888K) Class: 533K(640K)->533K(640K)
[4.641s][info][gc             ] GC(33) Pause Young (Allocation Failure) 1118M->1118M(1622M) 787.173ms
[4.641s][info][gc,cpu         ] GC(33) User=0.64s Sys=0.12s Real=0.79s
[5.113s][info][gc,start       ] GC(34) Pause Young (Allocation Failure)
[5.846s][info][gc             ] GC(34) Pause Young (Allocation Failure) 1566M->1513M(1960M) 732.370ms
[5.846s][info][gc,cpu         ] GC(34) User=0.55s Sys=0.17s Real=0.73s
[5.846s][info][gc,start       ] GC(35) Pause Full (Allocation Failure)
[5.846s][info][gc,phases,start] GC(35) Phase 1: Mark live objects
[6.508s][info][gc,phases      ] GC(35) Phase 1: Mark live objects 662.187ms
[6.508s][info][gc,phases,start] GC(35) Phase 2: Compute new object addresses
[6.726s][info][gc,phases      ] GC(35) Phase 2: Compute new object addresses 218.125ms
[6.726s][info][gc,phases,start] GC(35) Phase 3: Adjust pointers
[6.994s][info][gc,phases      ] GC(35) Phase 3: Adjust pointers 267.904ms
[6.994s][info][gc,phases,start] GC(35) Phase 4: Move objects
[7.005s][info][gc,phases      ] GC(35) Phase 4: Move objects 11.027ms
[7.010s][info][gc,heap        ] GC(35) DefNew: 515520K(515520K)->57189K(1119168K) Eden: 458240K(458240K)->57189K(994816K) From: 57280K(57280K)->0K(124352K)
[7.010s][info][gc,heap        ] GC(35) Tenured: 1088245K(1145520K)->1492148K(2486916K)
[7.010s][info][gc,metaspace   ] GC(35) Metaspace: 6303K(6528K)->6303K(6528K) NonClass: 5769K(5888K)->5769K(5888K) Class: 533K(640K)->533K(640K)
[7.010s][info][gc             ] GC(35) Pause Full (Allocation Failure) 1513M->1513M(3521M) 1163.968ms
[7.010s][info][gc,cpu         ] GC(35) User=1.12s Sys=0.00s Real=1.15s
[8.007s][info][gc,start       ] GC(36) Pause Young (Allocation Failure)
[9.769s][info][gc,heap        ] GC(36) DefNew: 994816K(1119168K)->124351K(1119168K) Eden: 994816K(994816K)->0K(994816K) From: 0K(124352K)->124351K(124352K)
[9.769s][info][gc,heap        ] GC(36) Tenured: 1492148K(2486916K)->2362579K(2486916K)
[9.769s][info][gc,metaspace   ] GC(36) Metaspace: 6303K(6528K)->6303K(6528K) NonClass: 5769K(5888K)->5769K(5888K) Class: 533K(640K)->533K(640K)
[9.769s][info][gc             ] GC(36) Pause Young (Allocation Failure) 2428M->2428M(3521M) 1762.075ms
[9.769s][info][gc,cpu         ] GC(36) User=1.53s Sys=0.20s Real=1.76s
[10.769s][info][gc,start       ] GC(37) Pause Young (Allocation Failure)
[12.490s][info][gc             ] GC(37) Pause Young (Allocation Failure) 3400M->3400M(4371M) 1720.270ms
[12.490s][info][gc,cpu         ] GC(37) User=1.28s Sys=0.39s Real=1.72s
[12.490s][info][gc,start       ] GC(38) Pause Full (Allocation Failure)
[12.490s][info][gc,phases,start] GC(38) Phase 1: Mark live objects
[14.062s][info][gc,phases      ] GC(38) Phase 1: Mark live objects 1572.370ms
[14.062s][info][gc,phases,start] GC(38) Phase 2: Compute new object addresses
[14.591s][info][gc,phases      ] GC(38) Phase 2: Compute new object addresses 529.315ms
[14.591s][info][gc,phases,start] GC(38) Phase 3: Adjust pointers
[15.272s][info][gc,phases      ] GC(38) Phase 3: Adjust pointers 680.855ms
[15.272s][info][gc,phases,start] GC(38) Phase 4: Move objects
[15.906s][info][gc,phases      ] GC(38) Phase 4: Move objects 633.242ms
[15.915s][info][gc,heap        ] GC(38) DefNew: 1119167K(1119168K)->30123K(2518144K) Eden: 994816K(994816K)->30123K(2238400K) From: 124351K(124352K)->0K(279744K)
[15.915s][info][gc,heap        ] GC(38) Tenured: 2362579K(2486916K)->3357383K(5595640K)
[15.915s][info][gc,metaspace   ] GC(38) Metaspace: 6303K(6528K)->6303K(6528K) NonClass: 5769K(5888K)->5769K(5888K) Class: 533K(640K)->533K(640K)
[15.915s][info][gc             ] GC(38) Pause Full (Allocation Failure) 3400M->3308M(7923M) 3425.421ms
[15.915s][info][gc,cpu         ] GC(38) User=3.41s Sys=0.00s Real=3.43s
[18.185s][info][gc,start       ] GC(39) Pause Young (Allocation Failure)
[22.071s][info][gc,heap        ] GC(39) DefNew: 2238400K(2518144K)->279743K(2518144K) Eden: 2238400K(2238400K)->0K(2238400K) From: 0K(279744K)->279743K(279744K)
[22.071s][info][gc,heap        ] GC(39) Tenured: 3357383K(5595640K)->5316008K(5595640K)
[22.071s][info][gc,metaspace   ] GC(39) Metaspace: 6303K(6528K)->6303K(6528K) NonClass: 5769K(5888K)->5769K(5888K) Class: 533K(640K)->533K(640K)
[22.071s][info][gc             ] GC(39) Pause Young (Allocation Failure) 5464M->5464M(7923M) 3885.968ms
[22.071s][info][gc,cpu         ] GC(39) User=3.44s Sys=0.44s Real=3.89s
[24.222s][info][gc,start       ] GC(40) Pause Young (Allocation Failure)
[24.222s][info][gc             ] GC(40) Pause Young (Allocation Failure) 7650M->7650M(7923M) 0.132ms
[24.222s][info][gc,cpu         ] GC(40) User=0.00s Sys=0.00s Real=0.00s
[24.222s][info][gc,start       ] GC(41) Pause Full (Allocation Failure)
[24.222s][info][gc,phases,start] GC(41) Phase 1: Mark live objects
[27.860s][info][gc,phases      ] GC(41) Phase 1: Mark live objects 3637.883ms
[27.860s][info][gc,phases,start] GC(41) Phase 2: Compute new object addresses
[28.957s][info][gc,phases      ] GC(41) Phase 2: Compute new object addresses 1097.410ms
[28.957s][info][gc,phases,start] GC(41) Phase 3: Adjust pointers
[30.500s][info][gc,phases      ] GC(41) Phase 3: Adjust pointers 1542.466ms
[30.500s][info][gc,phases,start] GC(41) Phase 4: Move objects
[30.985s][info][gc,phases      ] GC(41) Phase 4: Move objects 484.828ms
[30.987s][info][gc,heap        ] GC(41) DefNew: 2518143K(2518144K)->2342395K(2518144K) Eden: 2238400K(2238400K)->2238399K(2238400K) From: 279743K(279744K)->103995K(279744K)
[30.987s][info][gc,heap        ] GC(41) Tenured: 5316008K(5595640K)->5491726K(6621888K)
[30.987s][info][gc,metaspace   ] GC(41) Metaspace: 6303K(6528K)->6303K(6528K) NonClass: 5769K(5888K)->5769K(5888K) Class: 533K(640K)->533K(640K)
[30.988s][info][gc             ] GC(41) Pause Full (Allocation Failure) 7650M->7650M(8925M) 6765.706ms
[30.988s][info][gc,cpu         ] GC(41) User=6.67s Sys=0.05s Real=6.77s
[35.443s][info][gc,start       ] GC(42) Pause Full (Allocation Failure)
[35.443s][info][gc,phases,start] GC(42) Phase 1: Mark live objects
[39.560s][info][gc,phases      ] GC(42) Phase 1: Mark live objects 4116.610ms
[39.560s][info][gc,phases,start] GC(42) Phase 2: Compute new object addresses
[40.835s][info][gc,phases      ] GC(42) Phase 2: Compute new object addresses 1274.754ms
[40.835s][info][gc,phases,start] GC(42) Phase 3: Adjust pointers
[42.533s][info][gc,phases      ] GC(42) Phase 3: Adjust pointers 1698.002ms
[42.533s][info][gc,phases,start] GC(42) Phase 4: Move objects
[42.533s][info][gc,phases      ] GC(42) Phase 4: Move objects 0.017ms
[42.534s][info][gc,heap        ] GC(42) DefNew: 2518143K(2518144K)->2518143K(2518144K) Eden: 2238399K(2238400K)->2238399K(2238400K) From: 279743K(279744K)->279743K(279744K)
[42.534s][info][gc,heap        ] GC(42) Tenured: 6621887K(6621888K)->6621887K(6621888K)
[42.534s][info][gc,metaspace   ] GC(42) Metaspace: 6303K(6528K)->6303K(6528K) NonClass: 5769K(5888K)->5769K(5888K) Class: 533K(640K)->533K(640K)
[42.534s][info][gc             ] GC(42) Pause Full (Allocation Failure) 8925M->8925M(8925M) 7090.562ms
[42.534s][info][gc,cpu         ] GC(42) User=7.09s Sys=0.00s Real=7.09s
[42.534s][info][gc,start       ] GC(43) Pause Full (Allocation Failure)
[42.534s][info][gc,phases,start] GC(43) Phase 1: Mark live objects
[46.589s][info][gc,phases      ] GC(43) Phase 1: Mark live objects 4055.415ms
[46.589s][info][gc,phases,start] GC(43) Phase 2: Compute new object addresses
[47.807s][info][gc,phases      ] GC(43) Phase 2: Compute new object addresses 1217.214ms
[47.807s][info][gc,phases,start] GC(43) Phase 3: Adjust pointers
[49.778s][info][gc,phases      ] GC(43) Phase 3: Adjust pointers 1971.508ms
[49.778s][info][gc,phases,start] GC(43) Phase 4: Move objects
[50.990s][info][gc,phases      ] GC(43) Phase 4: Move objects 1212.175ms
[50.991s][info][gc,heap        ] GC(43) DefNew: 2518143K(2518144K)->2518143K(2518144K) Eden: 2238399K(2238400K)->2238399K(2238400K) From: 279743K(279744K)->279743K(279744K)
[50.991s][info][gc,heap        ] GC(43) Tenured: 6621887K(6621888K)->6490811K(6621888K)
[50.991s][info][gc,metaspace   ] GC(43) Metaspace: 6303K(6528K)->6301K(6528K) NonClass: 5769K(5888K)->5768K(5888K) Class: 533K(640K)->532K(640K)
[50.991s][info][gc             ] GC(43) Pause Full (Allocation Failure) 8925M->8797M(8925M) 8457.196ms
[50.991s][info][gc,cpu         ] GC(43) User=8.39s Sys=0.00s Real=8.46s
[51.400s][info][gc,start       ] GC(44) Pause Full (Allocation Failure)
[51.400s][info][gc,phases,start] GC(44) Phase 1: Mark live objects
[55.618s][info][gc,phases      ] GC(44) Phase 1: Mark live objects 4217.717ms
[55.618s][info][gc,phases,start] GC(44) Phase 2: Compute new object addresses
[56.858s][info][gc,phases      ] GC(44) Phase 2: Compute new object addresses 1240.402ms
[56.858s][info][gc,phases,start] GC(44) Phase 3: Adjust pointers
[58.565s][info][gc,phases      ] GC(44) Phase 3: Adjust pointers 1707.067ms
[58.565s][info][gc,phases,start] GC(44) Phase 4: Move objects
[58.565s][info][gc,phases      ] GC(44) Phase 4: Move objects 0.018ms
[58.566s][info][gc,heap        ] GC(44) DefNew: 2518143K(2518144K)->2518143K(2518144K) Eden: 2238399K(2238400K)->2238399K(2238400K) From: 279743K(279744K)->279743K(279744K)
[58.566s][info][gc,heap        ] GC(44) Tenured: 6621888K(6621888K)->6621888K(6621888K)
[58.566s][info][gc,metaspace   ] GC(44) Metaspace: 6301K(6528K)->6301K(6528K) NonClass: 5768K(5888K)->5768K(5888K) Class: 532K(640K)->532K(640K)
[58.566s][info][gc             ] GC(44) Pause Full (Allocation Failure) 8925M->8925M(8925M) 7166.261ms
[58.566s][info][gc,cpu         ] GC(44) User=6.98s Sys=0.00s Real=7.17s
[58.566s][info][gc,start       ] GC(45) Pause Full (Allocation Failure)
[58.566s][info][gc,phases,start] GC(45) Phase 1: Mark live objects
[62.758s][info][gc,phases      ] GC(45) Phase 1: Mark live objects 4191.487ms
[62.758s][info][gc,phases,start] GC(45) Phase 2: Compute new object addresses
[64.004s][info][gc,phases      ] GC(45) Phase 2: Compute new object addresses 1246.403ms
[64.004s][info][gc,phases,start] GC(45) Phase 3: Adjust pointers
[65.711s][info][gc,phases      ] GC(45) Phase 3: Adjust pointers 1706.573ms
[65.711s][info][gc,phases,start] GC(45) Phase 4: Move objects
[65.711s][info][gc,phases      ] GC(45) Phase 4: Move objects 0.017ms
[65.711s][info][gc,heap        ] GC(45) DefNew: 2518143K(2518144K)->2518143K(2518144K) Eden: 2238399K(2238400K)->2238399K(2238400K) From: 279743K(279744K)->279743K(279744K)
[65.711s][info][gc,heap        ] GC(45) Tenured: 6621888K(6621888K)->6621888K(6621888K)
[65.711s][info][gc,metaspace   ] GC(45) Metaspace: 6301K(6528K)->6301K(6528K) NonClass: 5768K(5888K)->5768K(5888K) Class: 532K(640K)->532K(640K)
[65.711s][info][gc             ] GC(45) Pause Full (Allocation Failure) 8925M->8925M(8925M) 7145.354ms
[65.711s][info][gc,cpu         ] GC(45) User=7.06s Sys=0.00s Real=7.14s
[65.712s][info][gc,start       ] GC(46) Pause Full (Allocation Failure)
[65.712s][info][gc,phases,start] GC(46) Phase 1: Mark live objects
[69.806s][info][gc,phases      ] GC(46) Phase 1: Mark live objects 4093.751ms
[69.806s][info][gc,phases,start] GC(46) Phase 2: Compute new object addresses
[71.045s][info][gc,phases      ] GC(46) Phase 2: Compute new object addresses 1238.968ms
[71.045s][info][gc,phases,start] GC(46) Phase 3: Adjust pointers
[72.760s][info][gc,phases      ] GC(46) Phase 3: Adjust pointers 1715.145ms
[72.760s][info][gc,phases,start] GC(46) Phase 4: Move objects
[72.760s][info][gc,phases      ] GC(46) Phase 4: Move objects 0.017ms
[72.761s][info][gc,heap        ] GC(46) DefNew: 2518143K(2518144K)->2518143K(2518144K) Eden: 2238399K(2238400K)->2238399K(2238400K) From: 279743K(279744K)->279743K(279744K)
[72.761s][info][gc,heap        ] GC(46) Tenured: 6621888K(6621888K)->6621888K(6621888K)
[72.761s][info][gc,metaspace   ] GC(46) Metaspace: 6301K(6528K)->6301K(6528K) NonClass: 5768K(5888K)->5768K(5888K) Class: 532K(640K)->532K(640K)
[72.761s][info][gc             ] GC(46) Pause Full (Allocation Failure) 8925M->8925M(8925M) 7048.772ms
[72.761s][info][gc,cpu         ] GC(46) User=7.02s Sys=0.00s Real=7.05s
[72.761s][info][gc,start       ] GC(47) Pause Full (Allocation Failure)
[72.761s][info][gc,phases,start] GC(47) Phase 1: Mark live objects
[76.878s][info][gc,phases      ] GC(47) Phase 1: Mark live objects 4117.334ms
[76.878s][info][gc,phases,start] GC(47) Phase 2: Compute new object addresses
[78.166s][info][gc,phases      ] GC(47) Phase 2: Compute new object addresses 1287.438ms
[78.166s][info][gc,phases,start] GC(47) Phase 3: Adjust pointers
[80.208s][info][gc,phases      ] GC(47) Phase 3: Adjust pointers 2041.976ms
[80.208s][info][gc,phases,start] GC(47) Phase 4: Move objects
[81.367s][info][gc,phases      ] GC(47) Phase 4: Move objects 1159.116ms
[81.367s][info][gc,heap        ] GC(47) DefNew: 2518143K(2518144K)->2518143K(2518144K) Eden: 2238399K(2238400K)->2238399K(2238400K) From: 279743K(279744K)->279743K(279744K)
[81.367s][info][gc,heap        ] GC(47) Tenured: 6621888K(6621888K)->6621886K(6621888K)
[81.367s][info][gc,metaspace   ] GC(47) Metaspace: 6301K(6528K)->6301K(6528K) NonClass: 5768K(5888K)->5768K(5888K) Class: 532K(640K)->532K(640K)
[81.367s][info][gc             ] GC(47) Pause Full (Allocation Failure) 8925M->8925M(8925M) 8606.737ms
[81.367s][info][gc,cpu         ] GC(47) User=8.41s Sys=0.00s Real=8.61s
[81.368s][info][gc,start       ] GC(48) Pause Full (Allocation Failure)
[81.368s][info][gc,phases,start] GC(48) Phase 1: Mark live objects
[85.501s][info][gc,phases      ] GC(48) Phase 1: Mark live objects 4132.211ms
[85.501s][info][gc,phases,start] GC(48) Phase 2: Compute new object addresses
[86.821s][info][gc,phases      ] GC(48) Phase 2: Compute new object addresses 1320.731ms
[86.821s][info][gc,phases,start] GC(48) Phase 3: Adjust pointers
[88.839s][info][gc,phases      ] GC(48) Phase 3: Adjust pointers 2017.908ms
[88.839s][info][gc,phases,start] GC(48) Phase 4: Move objects
[89.933s][info][gc,phases      ] GC(48) Phase 4: Move objects 1093.201ms
[89.933s][info][gc,heap        ] GC(48) DefNew: 2518143K(2518144K)->2518143K(2518144K) Eden: 2238399K(2238400K)->2238399K(2238400K) From: 279743K(279744K)->279743K(279744K)
[89.933s][info][gc,heap        ] GC(48) Tenured: 6621887K(6621888K)->6621884K(6621888K)
[89.933s][info][gc,metaspace   ] GC(48) Metaspace: 6303K(6528K)->6303K(6528K) NonClass: 5769K(5888K)->5769K(5888K) Class: 533K(640K)->533K(640K)
[89.933s][info][gc             ] GC(48) Pause Full (Allocation Failure) 8925M->8925M(8925M) 8564.981ms
[89.933s][info][gc,cpu         ] GC(48) User=8.48s Sys=0.00s Real=8.57s
[89.934s][info][gc,heap,exit   ] Heap
[89.934s][info][gc,heap,exit   ]  def new generation   total 2518144K, used 2518143K [0x00000005a1c00000, 0x000000064c850000, 0x000000066bd50000)
[89.934s][info][gc,heap,exit   ]   eden space 2238400K,  99% used [0x00000005a1c00000, 0x000000062a5efff8, 0x000000062a5f0000)
[89.934s][info][gc,heap,exit   ]   from space 279744K,  99% used [0x000000063b720000, 0x000000064c84fff8, 0x000000064c850000)
[89.934s][info][gc,heap,exit   ]   to   space 279744K,   0% used [0x000000062a5f0000, 0x000000062a5f0000, 0x000000063b720000)
[89.934s][info][gc,heap,exit   ]  tenured generation   total 6621888K, used 6621885K [0x000000066bd50000, 0x0000000800000000, 0x0000000800000000)
[89.934s][info][gc,heap,exit   ]    the space 6621888K,  99% used [0x000000066bd50000, 0x00000007fffff5c8, 0x00000007fffff600, 0x0000000800000000)
[89.934s][info][gc,heap,exit   ]  Metaspace       used 6306K, committed 6528K, reserved 1114112K
[89.934s][info][gc,heap,exit   ]   class space    used 534K, committed 640K, reserved 1048576K
