[0.011s][info][gc,init] CardTable entry size: 512
[0.011s][info][gc     ] Using Parallel
[0.012s][info][gc,init] Version: 18.0.1+10 (release)
[0.012s][info][gc,init] CPUs: 8 total, 8 available
[0.012s][info][gc,init] Memory: 16063M
[0.012s][info][gc,init] Large Page Support: Disabled
[0.012s][info][gc,init] NUMA Support: Disabled
[0.012s][info][gc,init] Compressed Oops: Enabled (Zero based)
[0.012s][info][gc,init] Alignments: Space 512K, Generation 512K, Heap 2M
[0.012s][info][gc,init] Heap Min Capacity: 2M
[0.012s][info][gc,init] Heap Initial Capacity: 2M
[0.012s][info][gc,init] Heap Max Capacity: 2500M
[0.013s][info][gc,init] Pre-touch: Disabled
[0.013s][info][gc,init] Parallel Workers: 8
[0.013s][info][gc,metaspace] CDS archive(s) not mapped
[0.013s][info][gc,metaspace] Compressed class space mapped at: 0x00000005b4000000-0x00000005f4000000, reserved size: 1073741824
[0.013s][info][gc,metaspace] Narrow klass base: 0x0000000000000000, Narrow klass shift: 3, Narrow klass range: 0x5f4000000
[0.106s][info][gc,start    ] GC(0) Pause Young (Allocation Failure)
[0.108s][info][gc,heap     ] GC(0) PSYoungGen: 512K(1024K)->480K(1024K) Eden: 512K(512K)->0K(512K) From: 0K(512K)->480K(512K)
[0.108s][info][gc,heap     ] GC(0) ParOldGen: 0K(512K)->8K(512K)
[0.108s][info][gc,metaspace] GC(0) Metaspace: 4230K(4352K)->4230K(4352K) NonClass: 3909K(3968K)->3909K(3968K) Class: 321K(384K)->321K(384K)
[0.108s][info][gc          ] GC(0) Pause Young (Allocation Failure) 0M->0M(1M) 1.440ms
[0.108s][info][gc,cpu      ] GC(0) User=0.00s Sys=0.00s Real=0.00s
[0.178s][info][gc,start    ] GC(1) Pause Young (Allocation Failure)
[0.179s][info][gc,heap     ] GC(1) PSYoungGen: 991K(1024K)->512K(1536K) Eden: 511K(512K)->0K(1024K) From: 480K(512K)->512K(512K)
[0.179s][info][gc,heap     ] GC(1) ParOldGen: 8K(512K)->88K(512K)
[0.179s][info][gc,metaspace] GC(1) Metaspace: 5877K(6016K)->5877K(6016K) NonClass: 5381K(5504K)->5381K(5504K) Class: 496K(512K)->496K(512K)
[0.179s][info][gc          ] GC(1) Pause Young (Allocation Failure) 0M->0M(2M) 0.887ms
[0.179s][info][gc,cpu      ] GC(1) User=0.00s Sys=0.00s Real=0.00s
[0.200s][info][gc,start    ] GC(2) Pause Young (Allocation Failure)
[0.201s][info][gc,heap     ] GC(2) PSYoungGen: 1536K(1536K)->512K(1536K) Eden: 1024K(1024K)->0K(1024K) From: 512K(512K)->512K(512K)
[0.201s][info][gc,heap     ] GC(2) ParOldGen: 88K(512K)->504K(512K)
[0.201s][info][gc,metaspace] GC(2) Metaspace: 6296K(6464K)->6296K(6464K) NonClass: 5763K(5824K)->5763K(5824K) Class: 533K(640K)->533K(640K)
[0.201s][info][gc          ] GC(2) Pause Young (Allocation Failure) 1M->0M(2M) 1.213ms
[0.201s][info][gc,cpu      ] GC(2) User=0.00s Sys=0.00s Real=0.00s
[0.201s][info][gc,start    ] GC(3) Pause Full (Ergonomics)
[0.201s][info][gc,phases,start] GC(3) Marking Phase
[0.202s][info][gc,phases      ] GC(3) Marking Phase 1.027ms
[0.202s][info][gc,phases,start] GC(3) Summary Phase
[0.202s][info][gc,phases      ] GC(3) Summary Phase 0.016ms
[0.202s][info][gc,phases,start] GC(3) Adjust Roots
[0.202s][info][gc,phases      ] GC(3) Adjust Roots 0.396ms
[0.202s][info][gc,phases,start] GC(3) Compaction Phase
[0.204s][info][gc,phases      ] GC(3) Compaction Phase 1.494ms
[0.204s][info][gc,phases,start] GC(3) Post Compact
[0.204s][info][gc,phases      ] GC(3) Post Compact 0.089ms
[0.204s][info][gc,heap        ] GC(3) PSYoungGen: 512K(1536K)->506K(1536K) Eden: 0K(1024K)->0K(1024K) From: 512K(512K)->506K(512K)
[0.204s][info][gc,heap        ] GC(3) ParOldGen: 504K(512K)->474K(2048K)
[0.204s][info][gc,metaspace   ] GC(3) Metaspace: 6296K(6464K)->6296K(6464K) NonClass: 5763K(5824K)->5763K(5824K) Class: 533K(640K)->533K(640K)
[0.204s][info][gc             ] GC(3) Pause Full (Ergonomics) 0M->0M(3M) 3.302ms
[0.204s][info][gc,cpu         ] GC(3) User=0.00s Sys=0.00s Real=0.00s
[0.206s][info][gc,start       ] GC(4) Pause Young (Allocation Failure)
[0.207s][info][gc,heap        ] GC(4) PSYoungGen: 1530K(1536K)->480K(2560K) Eden: 1024K(1024K)->0K(2048K) From: 506K(512K)->480K(512K)
[0.207s][info][gc,heap        ] GC(4) ParOldGen: 474K(2048K)->1034K(2048K)
[0.208s][info][gc,metaspace   ] GC(4) Metaspace: 6296K(6464K)->6296K(6464K) NonClass: 5763K(5824K)->5763K(5824K) Class: 533K(640K)->533K(640K)
[0.208s][info][gc             ] GC(4) Pause Young (Allocation Failure) 1M->1M(4M) 1.594ms
[0.208s][info][gc,cpu         ] GC(4) User=0.00s Sys=0.00s Real=0.00s
[0.211s][info][gc,start       ] GC(5) Pause Young (Allocation Failure)
[0.213s][info][gc,heap        ] GC(5) PSYoungGen: 2528K(2560K)->480K(2560K) Eden: 2048K(2048K)->0K(2048K) From: 480K(512K)->480K(512K)
[0.213s][info][gc,heap        ] GC(5) ParOldGen: 1034K(2048K)->2106K(2560K)
[0.213s][info][gc,metaspace   ] GC(5) Metaspace: 6296K(6464K)->6296K(6464K) NonClass: 5763K(5824K)->5763K(5824K) Class: 533K(640K)->533K(640K)
[0.213s][info][gc             ] GC(5) Pause Young (Allocation Failure) 3M->2M(5M) 1.751ms
[0.213s][info][gc,cpu         ] GC(5) User=0.00s Sys=0.00s Real=0.00s
[0.213s][info][gc,start       ] GC(6) Pause Full (Ergonomics)
[0.213s][info][gc,phases,start] GC(6) Marking Phase
[0.214s][info][gc,phases      ] GC(6) Marking Phase 1.557ms
[0.214s][info][gc,phases,start] GC(6) Summary Phase
[0.214s][info][gc,phases      ] GC(6) Summary Phase 0.017ms
[0.214s][info][gc,phases,start] GC(6) Adjust Roots
[0.215s][info][gc,phases      ] GC(6) Adjust Roots 0.299ms
[0.215s][info][gc,phases,start] GC(6) Compaction Phase
[0.217s][info][gc,phases      ] GC(6) Compaction Phase 2.564ms
[0.217s][info][gc,phases,start] GC(6) Post Compact
[0.217s][info][gc,phases      ] GC(6) Post Compact 0.039ms
[0.218s][info][gc,heap        ] GC(6) PSYoungGen: 480K(2560K)->0K(4096K) Eden: 0K(2048K)->0K(3072K) From: 480K(512K)->0K(1024K)
[0.218s][info][gc,heap        ] GC(6) ParOldGen: 2106K(2560K)->2542K(6144K)
[0.218s][info][gc,metaspace   ] GC(6) Metaspace: 6296K(6464K)->6296K(6464K) NonClass: 5763K(5824K)->5763K(5824K) Class: 533K(640K)->533K(640K)
[0.218s][info][gc             ] GC(6) Pause Full (Ergonomics) 2M->2M(10M) 4.889ms
[0.218s][info][gc,cpu         ] GC(6) User=0.00s Sys=0.00s Real=0.01s
[0.222s][info][gc,start       ] GC(7) Pause Young (Allocation Failure)
[0.224s][info][gc,heap        ] GC(7) PSYoungGen: 3072K(4096K)->1696K(5120K) Eden: 3072K(3072K)->0K(3072K) From: 0K(1024K)->1696K(2048K)
[0.224s][info][gc,heap        ] GC(7) ParOldGen: 2542K(6144K)->2542K(6144K)
[0.224s][info][gc,metaspace   ] GC(7) Metaspace: 6296K(6464K)->6296K(6464K) NonClass: 5763K(5824K)->5763K(5824K) Class: 533K(640K)->533K(640K)
[0.224s][info][gc             ] GC(7) Pause Young (Allocation Failure) 5M->4M(11M) 2.603ms
[0.224s][info][gc,cpu         ] GC(7) User=0.00s Sys=0.00s Real=0.00s
[0.229s][info][gc,start       ] GC(8) Pause Young (Allocation Failure)
[0.233s][info][gc,heap        ] GC(8) PSYoungGen: 4768K(5120K)->2016K(5632K) Eden: 3072K(3072K)->0K(3584K) From: 1696K(2048K)->2016K(2048K)
[0.233s][info][gc,heap        ] GC(8) ParOldGen: 2542K(6144K)->3774K(6144K)
[0.233s][info][gc,metaspace   ] GC(8) Metaspace: 6296K(6464K)->6296K(6464K) NonClass: 5763K(5824K)->5763K(5824K) Class: 533K(640K)->533K(640K)
[0.233s][info][gc             ] GC(8) Pause Young (Allocation Failure) 7M->5M(11M) 3.620ms
[0.233s][info][gc,cpu         ] GC(8) User=0.03s Sys=0.00s Real=0.00s
[0.240s][info][gc,start       ] GC(9) Pause Young (Allocation Failure)
[0.244s][info][gc,heap        ] GC(9) PSYoungGen: 5600K(5632K)->3040K(6656K) Eden: 3584K(3584K)->0K(3584K) From: 2016K(2048K)->3040K(3072K)
[0.244s][info][gc,heap        ] GC(9) ParOldGen: 3774K(6144K)->4606K(6144K)
[0.244s][info][gc,metaspace   ] GC(9) Metaspace: 6296K(6464K)->6296K(6464K) NonClass: 5763K(5824K)->5763K(5824K) Class: 533K(640K)->533K(640K)
[0.244s][info][gc             ] GC(9) Pause Young (Allocation Failure) 9M->7M(12M) 3.817ms
[0.244s][info][gc,cpu         ] GC(9) User=0.00s Sys=0.00s Real=0.00s
[0.249s][info][gc,start       ] GC(10) Pause Young (Allocation Failure)
[0.253s][info][gc,heap        ] GC(10) PSYoungGen: 6624K(6656K)->4064K(8704K) Eden: 3584K(3584K)->0K(4608K) From: 3040K(3072K)->4064K(4096K)
[0.253s][info][gc,heap        ] GC(10) ParOldGen: 4606K(6144K)->5454K(6144K)
[0.253s][info][gc,metaspace   ] GC(10) Metaspace: 6296K(6464K)->6296K(6464K) NonClass: 5763K(5824K)->5763K(5824K) Class: 533K(640K)->533K(640K)
[0.253s][info][gc             ] GC(10) Pause Young (Allocation Failure) 10M->9M(14M) 4.309ms
[0.253s][info][gc,cpu         ] GC(10) User=0.00s Sys=0.00s Real=0.00s
[0.253s][info][gc,start       ] GC(11) Pause Full (Ergonomics)
[0.253s][info][gc,phases,start] GC(11) Marking Phase
[0.259s][info][gc,phases      ] GC(11) Marking Phase 5.643ms
[0.259s][info][gc,phases,start] GC(11) Summary Phase
[0.259s][info][gc,phases      ] GC(11) Summary Phase 0.016ms
[0.259s][info][gc,phases,start] GC(11) Adjust Roots
[0.259s][info][gc,phases      ] GC(11) Adjust Roots 0.329ms
[0.259s][info][gc,phases,start] GC(11) Compaction Phase
[0.266s][info][gc,phases      ] GC(11) Compaction Phase 6.463ms
[0.266s][info][gc,phases,start] GC(11) Post Compact
[0.266s][info][gc,phases      ] GC(11) Post Compact 0.066ms
[0.266s][info][gc,heap        ] GC(11) PSYoungGen: 4064K(8704K)->3545K(8704K) Eden: 0K(4608K)->0K(4608K) From: 4064K(4096K)->3545K(4096K)
[0.266s][info][gc,heap        ] GC(11) ParOldGen: 5454K(6144K)->5831K(10752K)
[0.266s][info][gc,metaspace   ] GC(11) Metaspace: 6296K(6464K)->6296K(6464K) NonClass: 5763K(5824K)->5763K(5824K) Class: 533K(640K)->533K(640K)
[0.266s][info][gc             ] GC(11) Pause Full (Ergonomics) 9M->9M(19M) 12.851ms
[0.266s][info][gc,cpu         ] GC(11) User=0.00s Sys=0.00s Real=0.01s
[0.271s][info][gc,start       ] GC(12) Pause Young (Allocation Failure)
[0.276s][info][gc,heap        ] GC(12) PSYoungGen: 8013K(8704K)->5088K(9728K) Eden: 4468K(4608K)->0K(4608K) From: 3545K(4096K)->5088K(5120K)
[0.276s][info][gc,heap        ] GC(12) ParOldGen: 5831K(10752K)->6615K(10752K)
[0.276s][info][gc,metaspace   ] GC(12) Metaspace: 6296K(6464K)->6296K(6464K) NonClass: 5763K(5824K)->5763K(5824K) Class: 533K(640K)->533K(640K)
[0.276s][info][gc             ] GC(12) Pause Young (Allocation Failure) 13M->11M(20M) 4.864ms
[0.276s][info][gc,cpu         ] GC(12) User=0.00s Sys=0.00s Real=0.00s
[0.282s][info][gc,start       ] GC(13) Pause Young (Allocation Failure)
[0.288s][info][gc,heap        ] GC(13) PSYoungGen: 9696K(9728K)->6112K(11264K) Eden: 4608K(4608K)->0K(5120K) From: 5088K(5120K)->6112K(6144K)
[0.288s][info][gc,heap        ] GC(13) ParOldGen: 6615K(10752K)->7983K(10752K)
[0.288s][info][gc,metaspace   ] GC(13) Metaspace: 6296K(6464K)->6296K(6464K) NonClass: 5763K(5824K)->5763K(5824K) Class: 533K(640K)->533K(640K)
[0.288s][info][gc             ] GC(13) Pause Young (Allocation Failure) 15M->13M(21M) 6.101ms
[0.288s][info][gc,cpu         ] GC(13) User=0.00s Sys=0.00s Real=0.01s
[0.292s][info][gc,start       ] GC(14) Pause Young (Allocation Failure)
[0.299s][info][gc,heap        ] GC(14) PSYoungGen: 11232K(11264K)->5216K(12800K) Eden: 5120K(5120K)->0K(5120K) From: 6112K(6144K)->5216K(7680K)
[0.299s][info][gc,heap        ] GC(14) ParOldGen: 7983K(10752K)->11575K(11776K)
[0.299s][info][gc,metaspace   ] GC(14) Metaspace: 6298K(6464K)->6298K(6464K) NonClass: 5765K(5824K)->5765K(5824K) Class: 533K(640K)->533K(640K)
[0.299s][info][gc             ] GC(14) Pause Young (Allocation Failure) 18M->16M(24M) 6.148ms
[0.299s][info][gc,cpu         ] GC(14) User=0.00s Sys=0.00s Real=0.01s
[0.299s][info][gc,start       ] GC(15) Pause Full (Ergonomics)
[0.299s][info][gc,phases,start] GC(15) Marking Phase
[0.308s][info][gc,phases      ] GC(15) Marking Phase 9.657ms
[0.308s][info][gc,phases,start] GC(15) Summary Phase
[0.308s][info][gc,phases      ] GC(15) Summary Phase 0.015ms
[0.308s][info][gc,phases,start] GC(15) Adjust Roots
[0.309s][info][gc,phases      ] GC(15) Adjust Roots 0.227ms
[0.309s][info][gc,phases,start] GC(15) Compaction Phase
[0.316s][info][gc,phases      ] GC(15) Compaction Phase 6.926ms
[0.316s][info][gc,phases,start] GC(15) Post Compact
[0.316s][info][gc,phases      ] GC(15) Post Compact 0.062ms
[0.316s][info][gc,heap        ] GC(15) PSYoungGen: 5216K(12800K)->5188K(12800K) Eden: 0K(5120K)->0K(5120K) From: 5216K(7680K)->5188K(7680K)
[0.316s][info][gc,heap        ] GC(15) ParOldGen: 11575K(11776K)->11462K(18432K)
[0.316s][info][gc,metaspace   ] GC(15) Metaspace: 6298K(6464K)->6298K(6464K) NonClass: 5765K(5824K)->5765K(5824K) Class: 533K(640K)->533K(640K)
[0.316s][info][gc             ] GC(15) Pause Full (Ergonomics) 16M->16M(30M) 17.194ms
[0.316s][info][gc,cpu         ] GC(15) User=0.00s Sys=0.00s Real=0.02s
[0.319s][info][gc,start       ] GC(16) Pause Young (Allocation Failure)
[0.326s][info][gc,heap        ] GC(16) PSYoungGen: 10308K(12800K)->2656K(14336K) Eden: 5120K(5120K)->0K(7168K) From: 5188K(7680K)->2656K(7168K)
[0.326s][info][gc,heap        ] GC(16) ParOldGen: 11462K(18432K)->16726K(18432K)
[0.326s][info][gc,metaspace   ] GC(16) Metaspace: 6298K(6464K)->6298K(6464K) NonClass: 5765K(5824K)->5765K(5824K) Class: 533K(640K)->533K(640K)
[0.326s][info][gc             ] GC(16) Pause Young (Allocation Failure) 21M->18M(32M) 6.262ms
[0.326s][info][gc,cpu         ] GC(16) User=0.00s Sys=0.00s Real=0.01s
[0.326s][info][gc,start       ] GC(17) Pause Full (Ergonomics)
[0.326s][info][gc,phases,start] GC(17) Marking Phase
[0.334s][info][gc,phases      ] GC(17) Marking Phase 8.556ms
[0.334s][info][gc,phases,start] GC(17) Summary Phase
[0.334s][info][gc,phases      ] GC(17) Summary Phase 0.015ms
[0.334s][info][gc,phases,start] GC(17) Adjust Roots
[0.335s][info][gc,phases      ] GC(17) Adjust Roots 0.186ms
[0.335s][info][gc,phases,start] GC(17) Compaction Phase
[0.341s][info][gc,phases      ] GC(17) Compaction Phase 6.660ms
[0.341s][info][gc,phases,start] GC(17) Post Compact
[0.341s][info][gc,phases      ] GC(17) Post Compact 0.070ms
[0.341s][info][gc,heap        ] GC(17) PSYoungGen: 2656K(14336K)->1105K(14848K) Eden: 0K(7168K)->0K(7680K) From: 2656K(7168K)->1105K(7168K)
[0.341s][info][gc,heap        ] GC(17) ParOldGen: 16726K(18432K)->18183K(27648K)
[0.341s][info][gc,metaspace   ] GC(17) Metaspace: 6298K(6464K)->6298K(6464K) NonClass: 5765K(5824K)->5765K(5824K) Class: 533K(640K)->533K(640K)
[0.342s][info][gc             ] GC(17) Pause Full (Ergonomics) 18M->18M(41M) 15.800ms
[0.342s][info][gc,cpu         ] GC(17) User=0.00s Sys=0.00s Real=0.01s
[0.346s][info][gc,start       ] GC(18) Pause Young (Allocation Failure)
[0.350s][info][gc,heap        ] GC(18) PSYoungGen: 7799K(14848K)->3424K(15360K) Eden: 6694K(7680K)->0K(7680K) From: 1105K(7168K)->3424K(7680K)
[0.350s][info][gc,heap        ] GC(18) ParOldGen: 18183K(27648K)->19311K(27648K)
[0.350s][info][gc,metaspace   ] GC(18) Metaspace: 6298K(6464K)->6298K(6464K) NonClass: 5765K(5824K)->5765K(5824K) Class: 533K(640K)->533K(640K)
[0.350s][info][gc             ] GC(18) Pause Young (Allocation Failure) 25M->22M(42M) 4.696ms
[0.351s][info][gc,cpu         ] GC(18) User=0.00s Sys=0.00s Real=0.00s
[0.358s][info][gc,start       ] GC(19) Pause Young (Allocation Failure)
[0.365s][info][gc,heap        ] GC(19) PSYoungGen: 11103K(15360K)->7648K(16896K) Eden: 7679K(7680K)->0K(9216K) From: 3424K(7680K)->7648K(7680K)
[0.365s][info][gc,heap        ] GC(19) ParOldGen: 19311K(27648K)->19535K(27648K)
[0.365s][info][gc,metaspace   ] GC(19) Metaspace: 6298K(6464K)->6298K(6464K) NonClass: 5765K(5824K)->5765K(5824K) Class: 533K(640K)->533K(640K)
[0.365s][info][gc             ] GC(19) Pause Young (Allocation Failure) 29M->26M(43M) 7.124ms
[0.365s][info][gc,cpu         ] GC(19) User=0.00s Sys=0.00s Real=0.01s
[0.371s][info][gc,start       ] GC(20) Pause Young (Allocation Failure)
[0.380s][info][gc,heap        ] GC(20) PSYoungGen: 16864K(16896K)->4800K(17920K) Eden: 9216K(9216K)->0K(9216K) From: 7648K(7680K)->4800K(8704K)
[0.380s][info][gc,heap        ] GC(20) ParOldGen: 19535K(27648K)->27279K(27648K)
[0.380s][info][gc,metaspace   ] GC(20) Metaspace: 6298K(6464K)->6298K(6464K) NonClass: 5765K(5824K)->5765K(5824K) Class: 533K(640K)->533K(640K)
[0.380s][info][gc             ] GC(20) Pause Young (Allocation Failure) 35M->31M(44M) 8.265ms
[0.380s][info][gc,cpu         ] GC(20) User=0.00s Sys=0.00s Real=0.01s
[0.380s][info][gc,start       ] GC(21) Pause Full (Ergonomics)
[0.380s][info][gc,phases,start] GC(21) Marking Phase
[0.394s][info][gc,phases      ] GC(21) Marking Phase 13.648ms
[0.394s][info][gc,phases,start] GC(21) Summary Phase
[0.394s][info][gc,phases      ] GC(21) Summary Phase 0.014ms
[0.394s][info][gc,phases,start] GC(21) Adjust Roots
[0.394s][info][gc,phases      ] GC(21) Adjust Roots 0.179ms
[0.394s][info][gc,phases,start] GC(21) Compaction Phase
[0.405s][info][gc,phases      ] GC(21) Compaction Phase 11.440ms
[0.405s][info][gc,phases,start] GC(21) Post Compact
[0.405s][info][gc,phases      ] GC(21) Post Compact 0.105ms
[0.406s][info][gc,heap        ] GC(21) PSYoungGen: 4800K(17920K)->4249K(17920K) Eden: 0K(9216K)->0K(9216K) From: 4800K(8704K)->4249K(8704K)
[0.406s][info][gc,heap        ] GC(21) ParOldGen: 27279K(27648K)->27140K(39424K)
[0.406s][info][gc,metaspace   ] GC(21) Metaspace: 6298K(6464K)->6298K(6464K) NonClass: 5765K(5824K)->5765K(5824K) Class: 533K(640K)->533K(640K)
[0.406s][info][gc             ] GC(21) Pause Full (Ergonomics) 31M->30M(56M) 25.804ms
[0.406s][info][gc,cpu         ] GC(21) User=0.00s Sys=0.00s Real=0.03s
[0.413s][info][gc,start       ] GC(22) Pause Young (Allocation Failure)
[0.423s][info][gc,heap        ] GC(22) PSYoungGen: 13465K(17920K)->7648K(19456K) Eden: 9216K(9216K)->0K(10752K) From: 4249K(8704K)->7648K(8704K)
[0.423s][info][gc,heap        ] GC(22) ParOldGen: 27140K(39424K)->31460K(39424K)
[0.423s][info][gc,metaspace   ] GC(22) Metaspace: 6298K(6464K)->6298K(6464K) NonClass: 5765K(5824K)->5765K(5824K) Class: 533K(640K)->533K(640K)
[0.423s][info][gc             ] GC(22) Pause Young (Allocation Failure) 39M->38M(57M) 10.203ms
[0.423s][info][gc,cpu         ] GC(22) User=0.00s Sys=0.00s Real=0.01s
[0.438s][info][gc,start       ] GC(23) Pause Young (Allocation Failure)
[0.451s][info][gc,heap        ] GC(23) PSYoungGen: 18400K(19456K)->9696K(20480K) Eden: 10752K(10752K)->0K(10752K) From: 7648K(8704K)->9696K(9728K)
[0.451s][info][gc,heap        ] GC(23) ParOldGen: 31460K(39424K)->40276K(40448K)
[0.451s][info][gc,metaspace   ] GC(23) Metaspace: 6298K(6464K)->6298K(6464K) NonClass: 5765K(5824K)->5765K(5824K) Class: 533K(640K)->533K(640K)
[0.451s][info][gc             ] GC(23) Pause Young (Allocation Failure) 48M->48M(59M) 13.023ms
[0.451s][info][gc,cpu         ] GC(23) User=0.00s Sys=0.00s Real=0.01s
[0.451s][info][gc,start       ] GC(24) Pause Full (Ergonomics)
[0.452s][info][gc,phases,start] GC(24) Marking Phase
[0.470s][info][gc,phases      ] GC(24) Marking Phase 18.310ms
[0.470s][info][gc,phases,start] GC(24) Summary Phase
[0.470s][info][gc,phases      ] GC(24) Summary Phase 0.014ms
[0.470s][info][gc,phases,start] GC(24) Adjust Roots
[0.470s][info][gc,phases      ] GC(24) Adjust Roots 0.147ms
[0.470s][info][gc,phases,start] GC(24) Compaction Phase
[0.485s][info][gc,phases      ] GC(24) Compaction Phase 14.998ms
[0.485s][info][gc,phases,start] GC(24) Post Compact
[0.485s][info][gc,phases      ] GC(24) Post Compact 0.157ms
[0.485s][info][gc,heap        ] GC(24) PSYoungGen: 9696K(20480K)->9681K(20480K) Eden: 0K(10752K)->0K(10752K) From: 9696K(9728K)->9681K(9728K)
[0.485s][info][gc,heap        ] GC(24) ParOldGen: 40276K(40448K)->39029K(54784K)
[0.485s][info][gc,metaspace   ] GC(24) Metaspace: 6298K(6464K)->6298K(6464K) NonClass: 5765K(5824K)->5765K(5824K) Class: 533K(640K)->533K(640K)
[0.485s][info][gc             ] GC(24) Pause Full (Ergonomics) 48M->47M(73M) 33.935ms
[0.485s][info][gc,cpu         ] GC(24) User=0.03s Sys=0.00s Real=0.03s
[0.495s][info][gc,start       ] GC(25) Pause Young (Allocation Failure)
[0.511s][info][gc,heap        ] GC(25) PSYoungGen: 20433K(20480K)->10784K(26624K) Eden: 10752K(10752K)->0K(12288K) From: 9681K(9728K)->10784K(14336K)
[0.511s][info][gc,heap        ] GC(25) ParOldGen: 39029K(54784K)->48845K(54784K)
[0.511s][info][gc,metaspace   ] GC(25) Metaspace: 6298K(6464K)->6298K(6464K) NonClass: 5765K(5824K)->5765K(5824K) Class: 533K(640K)->533K(640K)
[0.511s][info][gc             ] GC(25) Pause Young (Allocation Failure) 58M->58M(79M) 15.508ms
[0.511s][info][gc,cpu         ] GC(25) User=0.00s Sys=0.00s Real=0.01s
[0.511s][info][gc,start       ] GC(26) Pause Full (Ergonomics)
[0.511s][info][gc,phases,start] GC(26) Marking Phase
[0.533s][info][gc,phases      ] GC(26) Marking Phase 21.962ms
[0.533s][info][gc,phases,start] GC(26) Summary Phase
[0.533s][info][gc,phases      ] GC(26) Summary Phase 0.024ms
[0.533s][info][gc,phases,start] GC(26) Adjust Roots
[0.533s][info][gc,phases      ] GC(26) Adjust Roots 0.150ms
[0.533s][info][gc,phases,start] GC(26) Compaction Phase
[0.549s][info][gc,phases      ] GC(26) Compaction Phase 15.935ms
[0.549s][info][gc,phases,start] GC(26) Post Compact
[0.549s][info][gc,phases      ] GC(26) Post Compact 0.214ms
[0.550s][info][gc,heap        ] GC(26) PSYoungGen: 10784K(26624K)->5098K(26624K) Eden: 0K(12288K)->0K(12288K) From: 10784K(14336K)->5098K(14336K)
[0.550s][info][gc,heap        ] GC(26) ParOldGen: 48845K(54784K)->54331K(73728K)
[0.550s][info][gc,metaspace   ] GC(26) Metaspace: 6298K(6464K)->6298K(6464K) NonClass: 5765K(5824K)->5765K(5824K) Class: 533K(640K)->533K(640K)
[0.550s][info][gc             ] GC(26) Pause Full (Ergonomics) 58M->58M(98M) 38.632ms
[0.550s][info][gc,cpu         ] GC(26) User=0.00s Sys=0.00s Real=0.04s
[0.562s][info][gc,start       ] GC(27) Pause Young (Allocation Failure)
[0.578s][info][gc,heap        ] GC(27) PSYoungGen: 17386K(26624K)->12320K(27648K) Eden: 12288K(12288K)->0K(12288K) From: 5098K(14336K)->12320K(15360K)
[0.578s][info][gc,heap        ] GC(27) ParOldGen: 54331K(73728K)->59515K(73728K)
[0.578s][info][gc,metaspace   ] GC(27) Metaspace: 6298K(6464K)->6298K(6464K) NonClass: 5765K(5824K)->5765K(5824K) Class: 533K(640K)->533K(640K)
[0.578s][info][gc             ] GC(27) Pause Young (Allocation Failure) 70M->70M(99M) 16.442ms
[0.578s][info][gc,cpu         ] GC(27) User=0.03s Sys=0.00s Real=0.02s
[0.590s][info][gc,start       ] GC(28) Pause Young (Allocation Failure)
[0.610s][info][gc,heap        ] GC(28) PSYoungGen: 24608K(27648K)->16896K(26112K) Eden: 12288K(12288K)->0K(9216K) From: 12320K(15360K)->16896K(16896K)
[0.610s][info][gc,heap        ] GC(28) ParOldGen: 59515K(73728K)->67283K(73728K)
[0.610s][info][gc,metaspace   ] GC(28) Metaspace: 6298K(6464K)->6298K(6464K) NonClass: 5765K(5824K)->5765K(5824K) Class: 533K(640K)->533K(640K)
[0.610s][info][gc             ] GC(28) Pause Young (Allocation Failure) 82M->82M(97M) 19.586ms
[0.610s][info][gc,cpu         ] GC(28) User=0.02s Sys=0.02s Real=0.02s
[0.610s][info][gc,start       ] GC(29) Pause Full (Ergonomics)
[0.610s][info][gc,phases,start] GC(29) Marking Phase
[0.643s][info][gc,phases      ] GC(29) Marking Phase 33.181ms
[0.643s][info][gc,phases,start] GC(29) Summary Phase
[0.643s][info][gc,phases      ] GC(29) Summary Phase 0.017ms
[0.643s][info][gc,phases,start] GC(29) Adjust Roots
[0.643s][info][gc,phases      ] GC(29) Adjust Roots 0.178ms
[0.643s][info][gc,phases,start] GC(29) Compaction Phase
[0.664s][info][gc,phases      ] GC(29) Compaction Phase 20.961ms
[0.664s][info][gc,phases,start] GC(29) Post Compact
[0.665s][info][gc,phases      ] GC(29) Post Compact 0.438ms
[0.665s][info][gc,heap        ] GC(29) PSYoungGen: 16896K(26112K)->10219K(26112K) Eden: 0K(9216K)->0K(9216K) From: 16896K(16896K)->10219K(16896K)
[0.665s][info][gc,heap        ] GC(29) ParOldGen: 67283K(73728K)->73722K(95744K)
[0.665s][info][gc,metaspace   ] GC(29) Metaspace: 6298K(6464K)->6298K(6464K) NonClass: 5765K(5824K)->5765K(5824K) Class: 533K(640K)->533K(640K)
[0.665s][info][gc             ] GC(29) Pause Full (Ergonomics) 82M->81M(119M) 55.217ms
[0.665s][info][gc,cpu         ] GC(29) User=0.09s Sys=0.00s Real=0.06s
[0.684s][info][gc,start       ] GC(30) Pause Young (Allocation Failure)
[0.701s][info][gc,heap        ] GC(30) PSYoungGen: 19435K(26112K)->9248K(31744K) Eden: 9216K(9216K)->0K(9216K) From: 10219K(16896K)->9248K(22528K)
[0.701s][info][gc,heap        ] GC(30) ParOldGen: 73722K(95744K)->84106K(95744K)
[0.701s][info][gc,metaspace   ] GC(30) Metaspace: 6298K(6464K)->6298K(6464K) NonClass: 5765K(5824K)->5765K(5824K) Class: 533K(640K)->533K(640K)
[0.701s][info][gc             ] GC(30) Pause Young (Allocation Failure) 90M->91M(124M) 16.767ms
[0.701s][info][gc,cpu         ] GC(30) User=0.03s Sys=0.00s Real=0.02s
[0.701s][info][gc,start       ] GC(31) Pause Full (Ergonomics)
[0.701s][info][gc,phases,start] GC(31) Marking Phase
[0.736s][info][gc,phases      ] GC(31) Marking Phase 34.491ms
[0.736s][info][gc,phases,start] GC(31) Summary Phase
[0.736s][info][gc,phases      ] GC(31) Summary Phase 0.022ms
[0.736s][info][gc,phases,start] GC(31) Adjust Roots
[0.736s][info][gc,phases      ] GC(31) Adjust Roots 0.161ms
[0.736s][info][gc,phases,start] GC(31) Compaction Phase
[0.759s][info][gc,phases      ] GC(31) Compaction Phase 22.915ms
[0.759s][info][gc,phases,start] GC(31) Post Compact
[0.759s][info][gc,phases      ] GC(31) Post Compact 0.295ms
[0.759s][info][gc,heap        ] GC(31) PSYoungGen: 9248K(31744K)->0K(32768K) Eden: 0K(9216K)->0K(11264K) From: 9248K(22528K)->0K(21504K)
[0.759s][info][gc,heap        ] GC(31) ParOldGen: 84106K(95744K)->91093K(116224K)
[0.759s][info][gc,metaspace   ] GC(31) Metaspace: 6298K(6464K)->6298K(6464K) NonClass: 5765K(5824K)->5765K(5824K) Class: 533K(640K)->533K(640K)
[0.759s][info][gc             ] GC(31) Pause Full (Ergonomics) 91M->88M(145M) 58.248ms
[0.759s][info][gc,cpu         ] GC(31) User=0.09s Sys=0.00s Real=0.06s
[0.771s][info][gc,start       ] GC(32) Pause Young (Allocation Failure)
[0.777s][info][gc,heap        ] GC(32) PSYoungGen: 11264K(32768K)->11296K(32768K) Eden: 11264K(11264K)->0K(11264K) From: 0K(21504K)->11296K(21504K)
[0.777s][info][gc,heap        ] GC(32) ParOldGen: 91093K(116224K)->91093K(116224K)
[0.777s][info][gc,metaspace   ] GC(32) Metaspace: 6298K(6464K)->6298K(6464K) NonClass: 5765K(5824K)->5765K(5824K) Class: 533K(640K)->533K(640K)
[0.777s][info][gc             ] GC(32) Pause Young (Allocation Failure) 99M->99M(145M) 6.450ms
[0.777s][info][gc,cpu         ] GC(32) User=0.00s Sys=0.00s Real=0.01s
[0.787s][info][gc,start       ] GC(33) Pause Young (Allocation Failure)
[0.800s][info][gc,heap        ] GC(33) PSYoungGen: 22560K(32768K)->21504K(31232K) Eden: 11264K(11264K)->0K(9728K) From: 11296K(21504K)->21504K(21504K)
[0.800s][info][gc,heap        ] GC(33) ParOldGen: 91093K(116224K)->92133K(116224K)
[0.800s][info][gc,metaspace   ] GC(33) Metaspace: 6298K(6464K)->6298K(6464K) NonClass: 5765K(5824K)->5765K(5824K) Class: 533K(640K)->533K(640K)
[0.800s][info][gc             ] GC(33) Pause Young (Allocation Failure) 110M->110M(144M) 13.001ms
[0.800s][info][gc,cpu         ] GC(33) User=0.00s Sys=0.00s Real=0.01s
[0.810s][info][gc,start       ] GC(34) Pause Young (Allocation Failure)
[0.825s][info][gc,heap        ] GC(34) PSYoungGen: 31232K(31232K)->20128K(34816K) Eden: 9728K(9728K)->0K(9728K) From: 21504K(21504K)->20128K(25088K)
[0.825s][info][gc,heap        ] GC(34) ParOldGen: 92133K(116224K)->103445K(116224K)
[0.825s][info][gc,metaspace   ] GC(34) Metaspace: 6298K(6464K)->6298K(6464K) NonClass: 5765K(5824K)->5765K(5824K) Class: 533K(640K)->533K(640K)
[0.825s][info][gc             ] GC(34) Pause Young (Allocation Failure) 120M->120M(147M) 15.227ms
[0.825s][info][gc,cpu         ] GC(34) User=0.00s Sys=0.00s Real=0.01s
[0.825s][info][gc,start       ] GC(35) Pause Full (Ergonomics)
[0.825s][info][gc,phases,start] GC(35) Marking Phase
[0.857s][info][gc,phases      ] GC(35) Marking Phase 32.060ms
[0.857s][info][gc,phases,start] GC(35) Summary Phase
[0.857s][info][gc,phases      ] GC(35) Summary Phase 0.028ms
[0.857s][info][gc,phases,start] GC(35) Adjust Roots
[0.857s][info][gc,phases      ] GC(35) Adjust Roots 0.157ms
[0.857s][info][gc,phases,start] GC(35) Compaction Phase
[0.876s][info][gc,phases      ] GC(35) Compaction Phase 18.607ms
[0.876s][info][gc,phases,start] GC(35) Post Compact
[0.876s][info][gc,phases      ] GC(35) Post Compact 0.505ms
[0.877s][info][gc,heap        ] GC(35) PSYoungGen: 20128K(34816K)->7256K(34816K) Eden: 0K(9728K)->0K(9728K) From: 20128K(25088K)->7256K(25088K)
[0.877s][info][gc,heap        ] GC(35) ParOldGen: 103445K(116224K)->116001K(144384K)
[0.877s][info][gc,metaspace   ] GC(35) Metaspace: 6298K(6464K)->6298K(6464K) NonClass: 5765K(5824K)->5765K(5824K) Class: 533K(640K)->533K(640K)
[0.877s][info][gc             ] GC(35) Pause Full (Ergonomics) 120M->120M(175M) 51.754ms
[0.877s][info][gc,cpu         ] GC(35) User=0.08s Sys=0.00s Real=0.05s
[0.886s][info][gc,start       ] GC(36) Pause Young (Allocation Failure)
[0.901s][info][gc,heap        ] GC(36) PSYoungGen: 16984K(34816K)->17056K(37888K) Eden: 9728K(9728K)->0K(10752K) From: 7256K(25088K)->17056K(27136K)
[0.901s][info][gc,heap        ] GC(36) ParOldGen: 116001K(144384K)->116001K(144384K)
[0.901s][info][gc,metaspace   ] GC(36) Metaspace: 6298K(6464K)->6298K(6464K) NonClass: 5765K(5824K)->5765K(5824K) Class: 533K(640K)->533K(640K)
[0.901s][info][gc             ] GC(36) Pause Young (Allocation Failure) 129M->129M(178M) 14.984ms
[0.901s][info][gc,cpu         ] GC(36) User=0.00s Sys=0.00s Real=0.02s
[0.911s][info][gc,start       ] GC(37) Pause Young (Allocation Failure)
[0.924s][info][gc,heap        ] GC(37) PSYoungGen: 27808K(37888K)->27648K(38400K) Eden: 10752K(10752K)->0K(10752K) From: 17056K(27136K)->27648K(27648K)
[0.925s][info][gc,heap        ] GC(37) ParOldGen: 116001K(144384K)->116105K(144384K)
[0.925s][info][gc,metaspace   ] GC(37) Metaspace: 6298K(6464K)->6298K(6464K) NonClass: 5765K(5824K)->5765K(5824K) Class: 533K(640K)->533K(640K)
[0.925s][info][gc             ] GC(37) Pause Young (Allocation Failure) 140M->140M(178M) 13.255ms
[0.925s][info][gc,cpu         ] GC(37) User=0.00s Sys=0.00s Real=0.01s
[0.935s][info][gc,start       ] GC(38) Pause Young (Allocation Failure)
[0.954s][info][gc,heap        ] GC(38) PSYoungGen: 38400K(38400K)->31200K(40448K) Eden: 10752K(10752K)->0K(8192K) From: 27648K(27648K)->31200K(32256K)
[0.954s][info][gc,heap        ] GC(38) ParOldGen: 116105K(144384K)->123473K(144384K)
[0.955s][info][gc,metaspace   ] GC(38) Metaspace: 6298K(6464K)->6298K(6464K) NonClass: 5765K(5824K)->5765K(5824K) Class: 533K(640K)->533K(640K)
[0.955s][info][gc             ] GC(38) Pause Young (Allocation Failure) 150M->151M(180M) 19.496ms
[0.955s][info][gc,cpu         ] GC(38) User=0.05s Sys=0.02s Real=0.02s
[0.962s][info][gc,start       ] GC(39) Pause Young (Allocation Failure)
[0.982s][info][gc,heap        ] GC(39) PSYoungGen: 39392K(40448K)->29664K(45056K) Eden: 8192K(8192K)->0K(8192K) From: 31200K(32256K)->29664K(36864K)
[0.982s][info][gc,heap        ] GC(39) ParOldGen: 123473K(144384K)->133321K(144384K)
[0.982s][info][gc,metaspace   ] GC(39) Metaspace: 6298K(6464K)->6298K(6464K) NonClass: 5765K(5824K)->5765K(5824K) Class: 533K(640K)->533K(640K)
[0.982s][info][gc             ] GC(39) Pause Young (Allocation Failure) 159M->159M(185M) 19.346ms
[0.982s][info][gc,cpu         ] GC(39) User=0.06s Sys=0.00s Real=0.02s
[0.982s][info][gc,start       ] GC(40) Pause Full (Ergonomics)
[0.982s][info][gc,phases,start] GC(40) Marking Phase
[1.025s][info][gc,phases      ] GC(40) Marking Phase 42.923ms
[1.025s][info][gc,phases,start] GC(40) Summary Phase
[1.025s][info][gc,phases      ] GC(40) Summary Phase 0.021ms
[1.025s][info][gc,phases,start] GC(40) Adjust Roots
[1.025s][info][gc,phases      ] GC(40) Adjust Roots 0.168ms
[1.025s][info][gc,phases,start] GC(40) Compaction Phase
[1.049s][info][gc,phases      ] GC(40) Compaction Phase 24.154ms
[1.049s][info][gc,phases,start] GC(40) Post Compact
[1.050s][info][gc,phases      ] GC(40) Post Compact 0.705ms
[1.050s][info][gc,heap        ] GC(40) PSYoungGen: 29664K(45056K)->18289K(45056K) Eden: 0K(8192K)->0K(8192K) From: 29664K(36864K)->18289K(36864K)
[1.050s][info][gc,heap        ] GC(40) ParOldGen: 133321K(144384K)->144269K(174592K)
[1.050s][info][gc,metaspace   ] GC(40) Metaspace: 6298K(6464K)->6298K(6464K) NonClass: 5765K(5824K)->5765K(5824K) Class: 533K(640K)->533K(640K)
[1.050s][info][gc             ] GC(40) Pause Full (Ergonomics) 159M->158M(214M) 68.557ms
[1.050s][info][gc,cpu         ] GC(40) User=0.16s Sys=0.03s Real=0.07s
[1.059s][info][gc,start       ] GC(41) Pause Young (Allocation Failure)
[1.080s][info][gc,heap        ] GC(41) PSYoungGen: 26481K(45056K)->13728K(46592K) Eden: 8192K(8192K)->0K(9728K) From: 18289K(36864K)->13728K(36864K)
[1.080s][info][gc,heap        ] GC(41) ParOldGen: 144269K(174592K)->157293K(174592K)
[1.080s][info][gc,metaspace   ] GC(41) Metaspace: 6298K(6464K)->6298K(6464K) NonClass: 5765K(5824K)->5765K(5824K) Class: 533K(640K)->533K(640K)
[1.080s][info][gc             ] GC(41) Pause Young (Allocation Failure) 166M->167M(216M) 21.368ms
[1.080s][info][gc,cpu         ] GC(41) User=0.02s Sys=0.02s Real=0.02s
[1.116s][info][gc,start       ] GC(42) Pause Full (Ergonomics)
[1.117s][info][gc,phases,start] GC(42) Marking Phase
[1.159s][info][gc,phases      ] GC(42) Marking Phase 42.334ms
[1.159s][info][gc,phases,start] GC(42) Summary Phase
[1.159s][info][gc,phases      ] GC(42) Summary Phase 0.018ms
[1.159s][info][gc,phases,start] GC(42) Adjust Roots
[1.159s][info][gc,phases      ] GC(42) Adjust Roots 0.147ms
[1.159s][info][gc,phases,start] GC(42) Compaction Phase
[1.195s][info][gc,phases      ] GC(42) Compaction Phase 35.905ms
[1.195s][info][gc,phases,start] GC(42) Post Compact
[1.196s][info][gc,phases      ] GC(42) Post Compact 0.754ms
[1.196s][info][gc,heap        ] GC(42) PSYoungGen: 23456K(46592K)->10060K(48128K) Eden: 9728K(9728K)->0K(11264K) From: 13728K(36864K)->10060K(36864K)
[1.196s][info][gc,heap        ] GC(42) ParOldGen: 165485K(174592K)->174450K(208896K)
[1.196s][info][gc,metaspace   ] GC(42) Metaspace: 6298K(6464K)->6298K(6464K) NonClass: 5765K(5824K)->5765K(5824K) Class: 533K(640K)->533K(640K)
[1.196s][info][gc             ] GC(42) Pause Full (Ergonomics) 184M->180M(251M) 79.647ms
[1.196s][info][gc,cpu         ] GC(42) User=0.23s Sys=0.00s Real=0.08s
[1.208s][info][gc,start       ] GC(43) Pause Young (Allocation Failure)
[1.227s][info][gc,heap        ] GC(43) PSYoungGen: 21324K(48128K)->16736K(49664K) Eden: 11264K(11264K)->0K(11264K) From: 10060K(36864K)->16736K(38400K)
[1.227s][info][gc,heap        ] GC(43) ParOldGen: 174450K(208896K)->179210K(208896K)
[1.227s][info][gc,metaspace   ] GC(43) Metaspace: 6298K(6464K)->6298K(6464K) NonClass: 5765K(5824K)->5765K(5824K) Class: 533K(640K)->533K(640K)
[1.227s][info][gc             ] GC(43) Pause Young (Allocation Failure) 191M->191M(252M) 18.528ms
[1.227s][info][gc,cpu         ] GC(43) User=0.05s Sys=0.00s Real=0.02s
[1.238s][info][gc,start       ] GC(44) Pause Young (Allocation Failure)
[1.252s][info][gc,heap        ] GC(44) PSYoungGen: 28000K(49664K)->28032K(47616K) Eden: 11264K(11264K)->0K(11264K) From: 16736K(38400K)->28032K(36352K)
[1.252s][info][gc,heap        ] GC(44) ParOldGen: 179210K(208896K)->179210K(208896K)
[1.252s][info][gc,metaspace   ] GC(44) Metaspace: 6298K(6464K)->6298K(6464K) NonClass: 5765K(5824K)->5765K(5824K) Class: 533K(640K)->533K(640K)
[1.252s][info][gc             ] GC(44) Pause Young (Allocation Failure) 202M->202M(250M) 14.522ms
[1.252s][info][gc,cpu         ] GC(44) User=0.02s Sys=0.00s Real=0.01s
[1.263s][info][gc,start       ] GC(45) Pause Young (Allocation Failure)
[1.282s][info][gc,heap        ] GC(45) PSYoungGen: 39296K(47616K)->38400K(49664K) Eden: 11264K(11264K)->0K(11264K) From: 28032K(36352K)->38400K(38400K)
[1.282s][info][gc,heap        ] GC(45) ParOldGen: 179210K(208896K)->180026K(208896K)
[1.282s][info][gc,metaspace   ] GC(45) Metaspace: 6298K(6464K)->6298K(6464K) NonClass: 5765K(5824K)->5765K(5824K) Class: 533K(640K)->533K(640K)
[1.282s][info][gc             ] GC(45) Pause Young (Allocation Failure) 213M->213M(252M) 18.887ms
[1.282s][info][gc,cpu         ] GC(45) User=0.06s Sys=0.00s Real=0.02s
[1.294s][info][gc,start       ] GC(46) Pause Young (Allocation Failure)
[1.318s][info][gc,heap        ] GC(46) PSYoungGen: 49664K(49664K)->33312K(54784K) Eden: 11264K(11264K)->0K(10240K) From: 38400K(38400K)->33312K(44544K)
[1.318s][info][gc,heap        ] GC(46) ParOldGen: 180026K(208896K)->196634K(208896K)
[1.318s][info][gc,metaspace   ] GC(46) Metaspace: 6298K(6464K)->6298K(6464K) NonClass: 5765K(5824K)->5765K(5824K) Class: 533K(640K)->533K(640K)
[1.318s][info][gc             ] GC(46) Pause Young (Allocation Failure) 224M->224M(257M) 23.382ms
[1.318s][info][gc,cpu         ] GC(46) User=0.06s Sys=0.02s Real=0.02s
[1.318s][info][gc,start       ] GC(47) Pause Full (Ergonomics)
[1.318s][info][gc,phases,start] GC(47) Marking Phase
[1.372s][info][gc,phases      ] GC(47) Marking Phase 53.800ms
[1.372s][info][gc,phases,start] GC(47) Summary Phase
[1.372s][info][gc,phases      ] GC(47) Summary Phase 0.016ms
[1.372s][info][gc,phases,start] GC(47) Adjust Roots
[1.372s][info][gc,phases      ] GC(47) Adjust Roots 0.151ms
[1.372s][info][gc,phases,start] GC(47) Compaction Phase
[1.398s][info][gc,phases      ] GC(47) Compaction Phase 25.766ms
[1.398s][info][gc,phases,start] GC(47) Post Compact
[1.399s][info][gc,phases      ] GC(47) Post Compact 0.938ms
[1.399s][info][gc,heap        ] GC(47) PSYoungGen: 33312K(54784K)->20931K(54784K) Eden: 0K(10240K)->0K(10240K) From: 33312K(44544K)->20931K(44544K)
[1.399s][info][gc,heap        ] GC(47) ParOldGen: 196634K(208896K)->208510K(246784K)
[1.399s][info][gc,metaspace   ] GC(47) Metaspace: 6298K(6464K)->6298K(6464K) NonClass: 5765K(5824K)->5765K(5824K) Class: 533K(640K)->533K(640K)
[1.399s][info][gc             ] GC(47) Pause Full (Ergonomics) 224M->224M(294M) 81.128ms
[1.399s][info][gc,cpu         ] GC(47) User=0.33s Sys=0.02s Real=0.08s
[1.410s][info][gc,start       ] GC(48) Pause Young (Allocation Failure)
[1.435s][info][gc,heap        ] GC(48) PSYoungGen: 31171K(54784K)->24000K(57344K) Eden: 10240K(10240K)->0K(10240K) From: 20931K(44544K)->24000K(47104K)
[1.435s][info][gc,heap        ] GC(48) ParOldGen: 208510K(246784K)->215902K(246784K)
[1.435s][info][gc,metaspace   ] GC(48) Metaspace: 6298K(6464K)->6298K(6464K) NonClass: 5765K(5824K)->5765K(5824K) Class: 533K(640K)->533K(640K)
[1.435s][info][gc             ] GC(48) Pause Young (Allocation Failure) 234M->234M(297M) 24.829ms
[1.435s][info][gc,cpu         ] GC(48) User=0.09s Sys=0.02s Real=0.03s
[1.446s][info][gc,start       ] GC(49) Pause Young (Allocation Failure)
[1.463s][info][gc,heap        ] GC(49) PSYoungGen: 34240K(57344K)->27520K(57344K) Eden: 10240K(10240K)->0K(11776K) From: 24000K(47104K)->27520K(45568K)
[1.463s][info][gc,heap        ] GC(49) ParOldGen: 215902K(246784K)->222766K(246784K)
[1.463s][info][gc,metaspace   ] GC(49) Metaspace: 6298K(6464K)->6298K(6464K) NonClass: 5765K(5824K)->5765K(5824K) Class: 533K(640K)->533K(640K)
[1.463s][info][gc             ] GC(49) Pause Young (Allocation Failure) 244M->244M(297M) 16.300ms
[1.463s][info][gc,cpu         ] GC(49) User=0.02s Sys=0.00s Real=0.02s
[1.476s][info][gc,start       ] GC(50) Pause Young (Allocation Failure)
[1.494s][info][gc,heap        ] GC(50) PSYoungGen: 39296K(57344K)->32320K(57344K) Eden: 11776K(11776K)->0K(11776K) From: 27520K(45568K)->32320K(45568K)
[1.494s][info][gc,heap        ] GC(50) ParOldGen: 222766K(246784K)->229806K(246784K)
[1.494s][info][gc,metaspace   ] GC(50) Metaspace: 6298K(6464K)->6298K(6464K) NonClass: 5765K(5824K)->5765K(5824K) Class: 533K(640K)->533K(640K)
[1.494s][info][gc             ] GC(50) Pause Young (Allocation Failure) 255M->255M(297M) 18.066ms
[1.494s][info][gc,cpu         ] GC(50) User=0.09s Sys=0.02s Real=0.02s
[1.507s][info][gc,start       ] GC(51) Pause Young (Allocation Failure)
[1.528s][info][gc,heap        ] GC(51) PSYoungGen: 44096K(57344K)->33888K(59392K) Eden: 11776K(11776K)->0K(12288K) From: 32320K(45568K)->33888K(47104K)
[1.528s][info][gc,heap        ] GC(51) ParOldGen: 229806K(246784K)->240190K(246784K)
[1.528s][info][gc,metaspace   ] GC(51) Metaspace: 6298K(6464K)->6298K(6464K) NonClass: 5765K(5824K)->5765K(5824K) Class: 533K(640K)->533K(640K)
[1.528s][info][gc             ] GC(51) Pause Young (Allocation Failure) 267M->267M(299M) 21.520ms
[1.528s][info][gc,cpu         ] GC(51) User=0.11s Sys=0.00s Real=0.02s
[1.528s][info][gc,start       ] GC(52) Pause Full (Ergonomics)
[1.528s][info][gc,phases,start] GC(52) Marking Phase
[1.594s][info][gc,phases      ] GC(52) Marking Phase 65.964ms
[1.594s][info][gc,phases,start] GC(52) Summary Phase
[1.594s][info][gc,phases      ] GC(52) Summary Phase 0.018ms
[1.594s][info][gc,phases,start] GC(52) Adjust Roots
[1.595s][info][gc,phases      ] GC(52) Adjust Roots 0.151ms
[1.595s][info][gc,phases,start] GC(52) Compaction Phase
[1.628s][info][gc,phases      ] GC(52) Compaction Phase 33.649ms
[1.628s][info][gc,phases,start] GC(52) Post Compact
[1.629s][info][gc,phases      ] GC(52) Post Compact 1.186ms
[1.630s][info][gc,heap        ] GC(52) PSYoungGen: 33888K(59392K)->27059K(59392K) Eden: 0K(12288K)->0K(12288K) From: 33888K(47104K)->27059K(47104K)
[1.630s][info][gc,heap        ] GC(52) ParOldGen: 240190K(246784K)->246296K(284672K)
[1.630s][info][gc,metaspace   ] GC(52) Metaspace: 6298K(6464K)->6298K(6464K) NonClass: 5765K(5824K)->5765K(5824K) Class: 533K(640K)->533K(640K)
[1.630s][info][gc             ] GC(52) Pause Full (Ergonomics) 267M->266M(336M) 101.488ms
[1.630s][info][gc,cpu         ] GC(52) User=0.53s Sys=0.00s Real=0.10s
[1.645s][info][gc,start       ] GC(53) Pause Young (Allocation Failure)
[1.672s][info][gc,heap        ] GC(53) PSYoungGen: 39347K(59392K)->21888K(34304K) Eden: 12288K(12288K)->0K(12288K) From: 27059K(47104K)->21888K(22016K)
[1.672s][info][gc,heap        ] GC(53) ParOldGen: 246296K(284672K)->264144K(284672K)
[1.672s][info][gc,metaspace   ] GC(53) Metaspace: 6298K(6464K)->6298K(6464K) NonClass: 5765K(5824K)->5765K(5824K) Class: 533K(640K)->533K(640K)
[1.672s][info][gc             ] GC(53) Pause Young (Allocation Failure) 278M->279M(311M) 27.161ms
[1.672s][info][gc,cpu         ] GC(53) User=0.14s Sys=0.00s Real=0.03s
[1.686s][info][gc,start       ] GC(54) Pause Young (Allocation Failure)
[1.703s][info][gc,heap        ] GC(54) PSYoungGen: 34176K(34304K)->24672K(57344K) Eden: 12288K(12288K)->0K(14336K) From: 21888K(22016K)->24672K(43008K)
[1.703s][info][gc,heap        ] GC(54) ParOldGen: 264144K(284672K)->273784K(284672K)
[1.703s][info][gc,metaspace   ] GC(54) Metaspace: 6298K(6464K)->6298K(6464K) NonClass: 5765K(5824K)->5765K(5824K) Class: 533K(640K)->533K(640K)
[1.703s][info][gc             ] GC(54) Pause Young (Allocation Failure) 291M->291M(334M) 17.317ms
[1.703s][info][gc,cpu         ] GC(54) User=0.05s Sys=0.00s Real=0.02s
[1.703s][info][gc,start       ] GC(55) Pause Full (Ergonomics)
[1.703s][info][gc,phases,start] GC(55) Marking Phase
[1.771s][info][gc,phases      ] GC(55) Marking Phase 67.519ms
[1.771s][info][gc,phases,start] GC(55) Summary Phase
[1.771s][info][gc,phases      ] GC(55) Summary Phase 0.018ms
[1.771s][info][gc,phases,start] GC(55) Adjust Roots
[1.771s][info][gc,phases      ] GC(55) Adjust Roots 0.147ms
[1.771s][info][gc,phases,start] GC(55) Compaction Phase
[1.802s][info][gc,phases      ] GC(55) Compaction Phase 31.175ms
[1.802s][info][gc,phases,start] GC(55) Post Compact
[1.803s][info][gc,phases      ] GC(55) Post Compact 1.287ms
[1.804s][info][gc,heap        ] GC(55) PSYoungGen: 24672K(57344K)->13262K(58880K) Eden: 0K(14336K)->0K(15872K) From: 24672K(43008K)->13262K(43008K)
[1.804s][info][gc,heap        ] GC(55) ParOldGen: 273784K(284672K)->284598K(328192K)
[1.804s][info][gc,metaspace   ] GC(55) Metaspace: 6298K(6464K)->6298K(6464K) NonClass: 5765K(5824K)->5765K(5824K) Class: 533K(640K)->533K(640K)
[1.804s][info][gc             ] GC(55) Pause Full (Ergonomics) 291M->290M(378M) 100.622ms
[1.804s][info][gc,cpu         ] GC(55) User=0.64s Sys=0.00s Real=0.10s
[1.823s][info][gc,start       ] GC(56) Pause Young (Allocation Failure)
[1.849s][info][gc,heap        ] GC(56) PSYoungGen: 29134K(58880K)->23072K(60416K) Eden: 15872K(15872K)->0K(15872K) From: 13262K(43008K)->23072K(44544K)
[1.849s][info][gc,heap        ] GC(56) ParOldGen: 284598K(328192K)->290910K(328192K)
[1.849s][info][gc,metaspace   ] GC(56) Metaspace: 6298K(6464K)->6298K(6464K) NonClass: 5765K(5824K)->5765K(5824K) Class: 533K(640K)->533K(640K)
[1.849s][info][gc             ] GC(56) Pause Young (Allocation Failure) 306M->306M(379M) 26.178ms
[1.849s][info][gc,cpu         ] GC(56) User=0.23s Sys=0.00s Real=0.03s
[1.867s][info][gc,start       ] GC(57) Pause Young (Allocation Failure)
[1.887s][info][gc,heap        ] GC(57) PSYoungGen: 38944K(60416K)->38912K(57344K) Eden: 15872K(15872K)->0K(14336K) From: 23072K(44544K)->38912K(43008K)
[1.887s][info][gc,heap        ] GC(57) ParOldGen: 290910K(328192K)->290910K(328192K)
[1.887s][info][gc,metaspace   ] GC(57) Metaspace: 6298K(6464K)->6298K(6464K) NonClass: 5765K(5824K)->5765K(5824K) Class: 533K(640K)->533K(640K)
[1.887s][info][gc             ] GC(57) Pause Young (Allocation Failure) 322M->322M(376M) 19.755ms
[1.887s][info][gc,cpu         ] GC(57) User=0.12s Sys=0.00s Real=0.02s
[1.903s][info][gc,start       ] GC(58) Pause Young (Allocation Failure)
[1.927s][info][gc,heap        ] GC(58) PSYoungGen: 53248K(57344K)->46592K(60928K) Eden: 14336K(14336K)->0K(14336K) From: 38912K(43008K)->46592K(46592K)
[1.927s][info][gc,heap        ] GC(58) ParOldGen: 290910K(328192K)->297598K(328192K)
[1.927s][info][gc,metaspace   ] GC(58) Metaspace: 6298K(6464K)->6298K(6464K) NonClass: 5765K(5824K)->5765K(5824K) Class: 533K(640K)->533K(640K)
[1.927s][info][gc             ] GC(58) Pause Young (Allocation Failure) 336M->336M(380M) 24.595ms
[1.927s][info][gc,cpu         ] GC(58) User=0.12s Sys=0.00s Real=0.03s
[2.004s][info][gc,start       ] GC(59) Pause Full (Ergonomics)
[2.004s][info][gc,phases,start] GC(59) Marking Phase
[2.080s][info][gc,phases      ] GC(59) Marking Phase 76.261ms
[2.080s][info][gc,phases,start] GC(59) Summary Phase
[2.080s][info][gc,phases      ] GC(59) Summary Phase 0.026ms
[2.080s][info][gc,phases,start] GC(59) Adjust Roots
[2.080s][info][gc,phases      ] GC(59) Adjust Roots 0.160ms
[2.081s][info][gc,phases,start] GC(59) Compaction Phase
[2.149s][info][gc,phases      ] GC(59) Compaction Phase 68.713ms
[2.149s][info][gc,phases,start] GC(59) Post Compact
[2.151s][info][gc,phases      ] GC(59) Post Compact 1.842ms
[2.151s][info][gc,heap        ] GC(59) PSYoungGen: 60928K(60928K)->38316K(60928K) Eden: 14336K(14336K)->0K(14336K) From: 46592K(46592K)->38316K(46592K)
[2.151s][info][gc,heap        ] GC(59) ParOldGen: 313982K(328192K)->328033K(371712K)
[2.151s][info][gc,metaspace   ] GC(59) Metaspace: 6298K(6464K)->6298K(6464K) NonClass: 5765K(5824K)->5765K(5824K) Class: 533K(640K)->533K(640K)
[2.151s][info][gc             ] GC(59) Pause Full (Ergonomics) 366M->357M(422M) 147.555ms
[2.151s][info][gc,cpu         ] GC(59) User=0.78s Sys=0.00s Real=0.15s
[2.167s][info][gc,start       ] GC(60) Pause Young (Allocation Failure)
[2.204s][info][gc,heap        ] GC(60) PSYoungGen: 52652K(60928K)->36480K(70656K) Eden: 14336K(14336K)->0K(15872K) From: 38316K(46592K)->36480K(54784K)
[2.204s][info][gc,heap        ] GC(60) ParOldGen: 328033K(371712K)->344641K(371712K)
[2.204s][info][gc,metaspace   ] GC(60) Metaspace: 6298K(6464K)->6298K(6464K) NonClass: 5765K(5824K)->5765K(5824K) Class: 533K(640K)->533K(640K)
[2.204s][info][gc             ] GC(60) Pause Young (Allocation Failure) 371M->372M(432M) 36.690ms
[2.204s][info][gc,cpu         ] GC(60) User=0.20s Sys=0.05s Real=0.04s
[2.220s][info][gc,start       ] GC(61) Pause Young (Allocation Failure)
[2.244s][info][gc,heap        ] GC(61) PSYoungGen: 52352K(70656K)->52352K(71168K) Eden: 15872K(15872K)->0K(15872K) From: 36480K(54784K)->52352K(55296K)
[2.244s][info][gc,heap        ] GC(61) ParOldGen: 344641K(371712K)->344641K(371712K)
[2.244s][info][gc,metaspace   ] GC(61) Metaspace: 6298K(6464K)->6298K(6464K) NonClass: 5765K(5824K)->5765K(5824K) Class: 533K(640K)->533K(640K)
[2.244s][info][gc             ] GC(61) Pause Young (Allocation Failure) 387M->387M(432M) 23.835ms
[2.244s][info][gc,cpu         ] GC(61) User=0.12s Sys=0.00s Real=0.03s
[2.260s][info][gc,start       ] GC(62) Pause Young (Allocation Failure)
[2.291s][info][gc,heap        ] GC(62) PSYoungGen: 68224K(71168K)->57344K(72704K) Eden: 15872K(15872K)->0K(11264K) From: 52352K(55296K)->57344K(61440K)
[2.291s][info][gc,heap        ] GC(62) ParOldGen: 344641K(371712K)->355649K(371712K)
[2.291s][info][gc,metaspace   ] GC(62) Metaspace: 6298K(6464K)->6298K(6464K) NonClass: 5765K(5824K)->5765K(5824K) Class: 533K(640K)->533K(640K)
[2.291s][info][gc             ] GC(62) Pause Young (Allocation Failure) 403M->403M(434M) 30.983ms
[2.291s][info][gc,cpu         ] GC(62) User=0.12s Sys=0.02s Real=0.03s
[2.292s][info][gc,start       ] GC(63) Pause Full (Ergonomics)
[2.292s][info][gc,phases,start] GC(63) Marking Phase
[2.381s][info][gc,phases      ] GC(63) Marking Phase 89.247ms
[2.381s][info][gc,phases,start] GC(63) Summary Phase
[2.381s][info][gc,phases      ] GC(63) Summary Phase 0.026ms
[2.381s][info][gc,phases,start] GC(63) Adjust Roots
[2.381s][info][gc,phases      ] GC(63) Adjust Roots 0.151ms
[2.381s][info][gc,phases,start] GC(63) Compaction Phase
[2.429s][info][gc,phases      ] GC(63) Compaction Phase 48.139ms
[2.429s][info][gc,phases,start] GC(63) Post Compact
[2.431s][info][gc,phases      ] GC(63) Post Compact 1.905ms
[2.431s][info][gc,heap        ] GC(63) PSYoungGen: 57344K(72704K)->40764K(72704K) Eden: 0K(11264K)->0K(11264K) From: 57344K(61440K)->40764K(61440K)
[2.431s][info][gc,heap        ] GC(63) ParOldGen: 355649K(371712K)->371576K(420352K)
[2.431s][info][gc,metaspace   ] GC(63) Metaspace: 6298K(6464K)->6298K(6464K) NonClass: 5765K(5824K)->5765K(5824K) Class: 533K(640K)->533K(640K)
[2.432s][info][gc             ] GC(63) Pause Full (Ergonomics) 403M->402M(481M) 140.006ms
[2.432s][info][gc,cpu         ] GC(63) User=0.98s Sys=0.02s Real=0.14s
[2.443s][info][gc,start       ] GC(64) Pause Young (Allocation Failure)
[2.481s][info][gc,heap        ] GC(64) PSYoungGen: 52028K(72704K)->43776K(79360K) Eden: 11264K(11264K)->0K(11264K) From: 40764K(61440K)->43776K(68096K)
[2.481s][info][gc,heap        ] GC(64) ParOldGen: 371576K(420352K)->380160K(420352K)
[2.481s][info][gc,metaspace   ] GC(64) Metaspace: 6298K(6464K)->6298K(6464K) NonClass: 5765K(5824K)->5765K(5824K) Class: 533K(640K)->533K(640K)
[2.481s][info][gc             ] GC(64) Pause Young (Allocation Failure) 413M->414M(488M) 37.835ms
[2.481s][info][gc,cpu         ] GC(64) User=0.25s Sys=0.02s Real=0.04s
[2.492s][info][gc,start       ] GC(65) Pause Young (Allocation Failure)
[2.517s][info][gc,heap        ] GC(65) PSYoungGen: 55040K(79360K)->55040K(76800K) Eden: 11264K(11264K)->0K(8704K) From: 43776K(68096K)->55040K(68096K)
[2.517s][info][gc,heap        ] GC(65) ParOldGen: 380160K(420352K)->380160K(420352K)
[2.517s][info][gc,metaspace   ] GC(65) Metaspace: 6298K(6464K)->6298K(6464K) NonClass: 5765K(5824K)->5765K(5824K) Class: 533K(640K)->533K(640K)
[2.517s][info][gc             ] GC(65) Pause Young (Allocation Failure) 425M->425M(485M) 24.702ms
[2.517s][info][gc,cpu         ] GC(65) User=0.14s Sys=0.00s Real=0.02s
[2.526s][info][gc,start       ] GC(66) Pause Young (Allocation Failure)
[2.555s][info][gc,heap        ] GC(66) PSYoungGen: 63744K(76800K)->52832K(80896K) Eden: 8704K(8704K)->0K(8704K) From: 55040K(68096K)->52832K(72192K)
[2.555s][info][gc,heap        ] GC(66) ParOldGen: 380160K(420352K)->391184K(420352K)
[2.555s][info][gc,metaspace   ] GC(66) Metaspace: 6298K(6464K)->6298K(6464K) NonClass: 5765K(5824K)->5765K(5824K) Class: 533K(640K)->533K(640K)
[2.555s][info][gc             ] GC(66) Pause Young (Allocation Failure) 433M->433M(489M) 28.671ms
[2.555s][info][gc,cpu         ] GC(66) User=0.14s Sys=0.00s Real=0.03s
[2.564s][info][gc,start       ] GC(67) Pause Young (Allocation Failure)
[2.592s][info][gc,heap        ] GC(67) PSYoungGen: 61536K(80896K)->40032K(78848K) Eden: 8704K(8704K)->0K(10240K) From: 52832K(72192K)->40032K(68608K)
[2.592s][info][gc,heap        ] GC(67) ParOldGen: 391184K(420352K)->412928K(420352K)
[2.592s][info][gc,metaspace   ] GC(67) Metaspace: 6298K(6464K)->6298K(6464K) NonClass: 5765K(5824K)->5765K(5824K) Class: 533K(640K)->533K(640K)
[2.592s][info][gc             ] GC(67) Pause Young (Allocation Failure) 442M->442M(487M) 28.206ms
[2.592s][info][gc,cpu         ] GC(67) User=0.14s Sys=0.00s Real=0.03s
[2.592s][info][gc,start       ] GC(68) Pause Full (Ergonomics)
[2.592s][info][gc,phases,start] GC(68) Marking Phase
[2.690s][info][gc,phases      ] GC(68) Marking Phase 97.991ms
[2.690s][info][gc,phases,start] GC(68) Summary Phase
[2.690s][info][gc,phases      ] GC(68) Summary Phase 0.039ms
[2.690s][info][gc,phases,start] GC(68) Adjust Roots
[2.690s][info][gc,phases      ] GC(68) Adjust Roots 0.152ms
[2.690s][info][gc,phases,start] GC(68) Compaction Phase
[2.743s][info][gc,phases      ] GC(68) Compaction Phase 52.723ms
[2.743s][info][gc,phases,start] GC(68) Post Compact
[2.745s][info][gc,phases      ] GC(68) Post Compact 2.145ms
[2.745s][info][gc,heap        ] GC(68) PSYoungGen: 40032K(78848K)->32150K(80896K) Eden: 0K(10240K)->0K(12288K) From: 40032K(68608K)->32150K(68608K)
[2.745s][info][gc,heap        ] GC(68) ParOldGen: 412928K(420352K)->420006K(475136K)
[2.745s][info][gc,metaspace   ] GC(68) Metaspace: 6298K(6464K)->6298K(6464K) NonClass: 5765K(5824K)->5765K(5824K) Class: 533K(640K)->533K(640K)
[2.745s][info][gc             ] GC(68) Pause Full (Ergonomics) 442M->441M(543M) 153.592ms
[2.745s][info][gc,cpu         ] GC(68) User=1.00s Sys=0.00s Real=0.15s
[2.760s][info][gc,start       ] GC(69) Pause Young (Allocation Failure)
[2.798s][info][gc,heap        ] GC(69) PSYoungGen: 44438K(80896K)->26624K(83968K) Eden: 12288K(12288K)->0K(12288K) From: 32150K(68608K)->26624K(71680K)
[2.798s][info][gc,heap        ] GC(69) ParOldGen: 420006K(475136K)->438198K(475136K)
[2.798s][info][gc,metaspace   ] GC(69) Metaspace: 6298K(6464K)->6298K(6464K) NonClass: 5765K(5824K)->5765K(5824K) Class: 533K(640K)->533K(640K)
[2.798s][info][gc             ] GC(69) Pause Young (Allocation Failure) 453M->453M(546M) 37.326ms
[2.798s][info][gc,cpu         ] GC(69) User=0.34s Sys=0.03s Real=0.04s
[2.811s][info][gc,start       ] GC(70) Pause Young (Allocation Failure)
[2.830s][info][gc,heap        ] GC(70) PSYoungGen: 38912K(83968K)->31616K(79872K) Eden: 12288K(12288K)->0K(14336K) From: 26624K(71680K)->31616K(65536K)
[2.830s][info][gc,heap        ] GC(70) ParOldGen: 438198K(475136K)->445638K(475136K)
[2.830s][info][gc,metaspace   ] GC(70) Metaspace: 6298K(6464K)->6298K(6464K) NonClass: 5765K(5824K)->5765K(5824K) Class: 533K(640K)->533K(640K)
[2.830s][info][gc             ] GC(70) Pause Young (Allocation Failure) 465M->466M(542M) 19.433ms
[2.830s][info][gc,cpu         ] GC(70) User=0.12s Sys=0.00s Real=0.02s
[2.847s][info][gc,start       ] GC(71) Pause Young (Allocation Failure)
[2.869s][info][gc,heap        ] GC(71) PSYoungGen: 45952K(79872K)->39008K(82432K) Eden: 14336K(14336K)->0K(14336K) From: 31616K(65536K)->39008K(68096K)
[2.869s][info][gc,heap        ] GC(71) ParOldGen: 445638K(475136K)->452678K(475136K)
[2.869s][info][gc,metaspace   ] GC(71) Metaspace: 6298K(6464K)->6298K(6464K) NonClass: 5765K(5824K)->5765K(5824K) Class: 533K(640K)->533K(640K)
[2.869s][info][gc             ] GC(71) Pause Young (Allocation Failure) 480M->480M(544M) 22.252ms
[2.869s][info][gc,cpu         ] GC(71) User=0.12s Sys=0.00s Real=0.02s
[2.883s][info][gc,start       ] GC(72) Pause Young (Allocation Failure)
[2.909s][info][gc,heap        ] GC(72) PSYoungGen: 53344K(82432K)->28832K(79360K) Eden: 14336K(14336K)->0K(16384K) From: 39008K(68096K)->28832K(62976K)
[2.909s][info][gc,heap        ] GC(72) ParOldGen: 452678K(475136K)->477558K(477696K)
[2.910s][info][gc,metaspace   ] GC(72) Metaspace: 6298K(6464K)->6298K(6464K) NonClass: 5765K(5824K)->5765K(5824K) Class: 533K(640K)->533K(640K)
[2.910s][info][gc             ] GC(72) Pause Young (Allocation Failure) 494M->494M(544M) 26.037ms
[2.910s][info][gc,cpu         ] GC(72) User=0.14s Sys=0.00s Real=0.03s
[2.910s][info][gc,start       ] GC(73) Pause Full (Ergonomics)
[2.910s][info][gc,phases,start] GC(73) Marking Phase
[3.017s][info][gc,phases      ] GC(73) Marking Phase 106.979ms
[3.017s][info][gc,phases,start] GC(73) Summary Phase
[3.017s][info][gc,phases      ] GC(73) Summary Phase 0.021ms
[3.017s][info][gc,phases,start] GC(73) Adjust Roots
[3.017s][info][gc,phases      ] GC(73) Adjust Roots 0.152ms
[3.017s][info][gc,phases,start] GC(73) Compaction Phase
[3.072s][info][gc,phases      ] GC(73) Compaction Phase 54.650ms
[3.072s][info][gc,phases,start] GC(73) Post Compact
[3.074s][info][gc,phases      ] GC(73) Post Compact 2.460ms
[3.074s][info][gc,heap        ] GC(73) PSYoungGen: 28832K(79360K)->27584K(80896K) Eden: 0K(16384K)->0K(17920K) From: 28832K(62976K)->27584K(62976K)
[3.074s][info][gc,heap        ] GC(73) ParOldGen: 477558K(477696K)->477689K(541184K)
[3.074s][info][gc,metaspace   ] GC(73) Metaspace: 6298K(6464K)->6298K(6464K) NonClass: 5765K(5824K)->5765K(5824K) Class: 533K(640K)->533K(640K)
[3.075s][info][gc             ] GC(73) Pause Full (Ergonomics) 494M->493M(607M) 164.907ms
[3.075s][info][gc,cpu         ] GC(73) User=1.00s Sys=0.00s Real=0.16s
[3.095s][info][gc,start       ] GC(74) Pause Young (Allocation Failure)
[3.135s][info][gc,heap        ] GC(74) PSYoungGen: 45504K(80896K)->18048K(82432K) Eden: 17920K(17920K)->0K(17920K) From: 27584K(62976K)->18048K(64512K)
[3.135s][info][gc,heap        ] GC(74) ParOldGen: 477689K(541184K)->505697K(541184K)
[3.135s][info][gc,metaspace   ] GC(74) Metaspace: 6298K(6464K)->6298K(6464K) NonClass: 5765K(5824K)->5765K(5824K) Class: 533K(640K)->533K(640K)
[3.135s][info][gc             ] GC(74) Pause Young (Allocation Failure) 510M->511M(609M) 40.225ms
[3.135s][info][gc,cpu         ] GC(74) User=0.19s Sys=0.06s Real=0.04s
[3.154s][info][gc,start       ] GC(75) Pause Young (Allocation Failure)
[3.174s][info][gc,heap        ] GC(75) PSYoungGen: 35968K(82432K)->18048K(84480K) Eden: 17920K(17920K)->0K(19968K) From: 18048K(64512K)->18048K(64512K)
[3.174s][info][gc,heap        ] GC(75) ParOldGen: 505697K(541184K)->523865K(541184K)
[3.174s][info][gc,metaspace   ] GC(75) Metaspace: 6298K(6464K)->6298K(6464K) NonClass: 5765K(5824K)->5765K(5824K) Class: 533K(640K)->533K(640K)
[3.174s][info][gc             ] GC(75) Pause Young (Allocation Failure) 528M->529M(611M) 19.817ms
[3.174s][info][gc,cpu         ] GC(75) User=0.12s Sys=0.00s Real=0.02s
[3.174s][info][gc,start       ] GC(76) Pause Full (Ergonomics)
[3.174s][info][gc,phases,start] GC(76) Marking Phase
[3.288s][info][gc,phases      ] GC(76) Marking Phase 114.183ms
[3.288s][info][gc,phases,start] GC(76) Summary Phase
[3.288s][info][gc,phases      ] GC(76) Summary Phase 0.033ms
[3.288s][info][gc,phases,start] GC(76) Adjust Roots
[3.288s][info][gc,phases      ] GC(76) Adjust Roots 0.148ms
[3.289s][info][gc,phases,start] GC(76) Compaction Phase
[3.336s][info][gc,phases      ] GC(76) Compaction Phase 47.040ms
[3.336s][info][gc,phases,start] GC(76) Post Compact
[3.336s][info][gc,phases      ] GC(76) Post Compact 0.783ms
[3.337s][info][gc,heap        ] GC(76) PSYoungGen: 18048K(84480K)->0K(84480K) Eden: 0K(19968K)->0K(19968K) From: 18048K(64512K)->0K(64512K)
[3.337s][info][gc,heap        ] GC(76) ParOldGen: 523865K(541184K)->541050K(613376K)
[3.337s][info][gc,metaspace   ] GC(76) Metaspace: 6298K(6464K)->6298K(6464K) NonClass: 5765K(5824K)->5765K(5824K) Class: 533K(640K)->533K(640K)
[3.337s][info][gc             ] GC(76) Pause Full (Ergonomics) 529M->528M(681M) 162.688ms
[3.337s][info][gc,cpu         ] GC(76) User=1.12s Sys=0.02s Real=0.16s
[3.359s][info][gc,start       ] GC(77) Pause Young (Allocation Failure)
[3.371s][info][gc,heap        ] GC(77) PSYoungGen: 19968K(84480K)->20096K(84480K) Eden: 19968K(19968K)->0K(22016K) From: 0K(64512K)->20096K(62464K)
[3.371s][info][gc,heap        ] GC(77) ParOldGen: 541050K(613376K)->541050K(613376K)
[3.371s][info][gc,metaspace   ] GC(77) Metaspace: 6298K(6464K)->6298K(6464K) NonClass: 5765K(5824K)->5765K(5824K) Class: 533K(640K)->533K(640K)
[3.371s][info][gc             ] GC(77) Pause Young (Allocation Failure) 547M->547M(681M) 12.137ms
[3.371s][info][gc,cpu         ] GC(77) User=0.00s Sys=0.00s Real=0.01s
[3.397s][info][gc,start       ] GC(78) Pause Young (Allocation Failure)
[3.419s][info][gc,heap        ] GC(78) PSYoungGen: 42112K(84480K)->42176K(85504K) Eden: 22016K(22016K)->0K(22016K) From: 20096K(62464K)->42176K(63488K)
[3.419s][info][gc,heap        ] GC(78) ParOldGen: 541050K(613376K)->541050K(613376K)
[3.419s][info][gc,metaspace   ] GC(78) Metaspace: 6298K(6464K)->6298K(6464K) NonClass: 5765K(5824K)->5765K(5824K) Class: 533K(640K)->533K(640K)
[3.419s][info][gc             ] GC(78) Pause Young (Allocation Failure) 569M->569M(682M) 22.147ms
[3.420s][info][gc,cpu         ] GC(78) User=0.12s Sys=0.00s Real=0.02s
[3.443s][info][gc,start       ] GC(79) Pause Young (Allocation Failure)
[3.475s][info][gc,heap        ] GC(79) PSYoungGen: 64192K(85504K)->64192K(80384K) Eden: 22016K(22016K)->0K(15872K) From: 42176K(63488K)->64192K(64512K)
[3.475s][info][gc,heap        ] GC(79) ParOldGen: 541050K(613376K)->541050K(613376K)
[3.475s][info][gc,metaspace   ] GC(79) Metaspace: 6298K(6464K)->6298K(6464K) NonClass: 5765K(5824K)->5765K(5824K) Class: 533K(640K)->533K(640K)
[3.475s][info][gc             ] GC(79) Pause Young (Allocation Failure) 591M->591M(677M) 31.387ms
[3.475s][info][gc,cpu         ] GC(79) User=0.14s Sys=0.00s Real=0.03s
[3.493s][info][gc,start       ] GC(80) Pause Young (Allocation Failure)
[3.533s][info][gc,heap        ] GC(80) PSYoungGen: 80064K(80384K)->72704K(88576K) Eden: 15872K(15872K)->0K(15872K) From: 64192K(64512K)->72704K(72704K)
[3.533s][info][gc,heap        ] GC(80) ParOldGen: 541050K(613376K)->548386K(613376K)
[3.533s][info][gc,metaspace   ] GC(80) Metaspace: 6298K(6464K)->6298K(6464K) NonClass: 5765K(5824K)->5765K(5824K) Class: 533K(640K)->533K(640K)
[3.533s][info][gc             ] GC(80) Pause Young (Allocation Failure) 606M->606M(685M) 39.892ms
[3.533s][info][gc,cpu         ] GC(80) User=0.27s Sys=0.00s Real=0.04s
[3.553s][info][gc,start       ] GC(81) Pause Young (Allocation Failure)
[3.596s][info][gc,heap        ] GC(81) PSYoungGen: 88576K(88576K)->51104K(102400K) Eden: 15872K(15872K)->0K(17920K) From: 72704K(72704K)->51104K(84480K)
[3.596s][info][gc,heap        ] GC(81) ParOldGen: 548386K(613376K)->586450K(613376K)
[3.596s][info][gc,metaspace   ] GC(81) Metaspace: 6298K(6464K)->6298K(6464K) NonClass: 5765K(5824K)->5765K(5824K) Class: 533K(640K)->533K(640K)
[3.596s][info][gc             ] GC(81) Pause Young (Allocation Failure) 622M->622M(699M) 43.666ms
[3.596s][info][gc,cpu         ] GC(81) User=0.25s Sys=0.02s Real=0.04s
[3.596s][info][gc,start       ] GC(82) Pause Full (Ergonomics)
[3.596s][info][gc,phases,start] GC(82) Marking Phase
[3.728s][info][gc,phases      ] GC(82) Marking Phase 131.936ms
[3.728s][info][gc,phases,start] GC(82) Summary Phase
[3.728s][info][gc,phases      ] GC(82) Summary Phase 0.021ms
[3.728s][info][gc,phases,start] GC(82) Adjust Roots
[3.728s][info][gc,phases      ] GC(82) Adjust Roots 0.149ms
[3.728s][info][gc,phases,start] GC(82) Compaction Phase
[3.784s][info][gc,phases      ] GC(82) Compaction Phase 55.010ms
[3.784s][info][gc,phases,start] GC(82) Post Compact
[3.785s][info][gc,phases      ] GC(82) Post Compact 1.124ms
[3.785s][info][gc,heap        ] GC(82) PSYoungGen: 51104K(102400K)->23281K(102912K) Eden: 0K(17920K)->0K(18432K) From: 51104K(84480K)->23281K(84480K)
[3.785s][info][gc,heap        ] GC(82) ParOldGen: 586450K(613376K)->613357K(693760K)
[3.785s][info][gc,metaspace   ] GC(82) Metaspace: 6298K(6464K)->6298K(6464K) NonClass: 5765K(5824K)->5765K(5824K) Class: 533K(640K)->533K(640K)
[3.785s][info][gc             ] GC(82) Pause Full (Ergonomics) 622M->621M(778M) 188.813ms
[3.785s][info][gc,cpu         ] GC(82) User=1.47s Sys=0.03s Real=0.19s
[3.808s][info][gc,start       ] GC(83) Pause Young (Allocation Failure)
[3.856s][info][gc,heap        ] GC(83) PSYoungGen: 41713K(102912K)->32416K(51200K) Eden: 18432K(18432K)->0K(18432K) From: 23281K(84480K)->32416K(32768K)
[3.856s][info][gc,heap        ] GC(83) ParOldGen: 613357K(693760K)->622949K(693760K)
[3.856s][info][gc,metaspace   ] GC(83) Metaspace: 6298K(6464K)->6298K(6464K) NonClass: 5765K(5824K)->5765K(5824K) Class: 533K(640K)->533K(640K)
[3.856s][info][gc             ] GC(83) Pause Young (Allocation Failure) 639M->640M(727M) 48.511ms
[3.856s][info][gc,cpu         ] GC(83) User=0.36s Sys=0.02s Real=0.05s
[3.879s][info][gc,start       ] GC(84) Pause Young (Allocation Failure)
[3.905s][info][gc,heap        ] GC(84) PSYoungGen: 50848K(51200K)->43456K(96768K) Eden: 18432K(18432K)->0K(20480K) From: 32416K(32768K)->43456K(76288K)
[3.905s][info][gc,heap        ] GC(84) ParOldGen: 622949K(693760K)->630501K(693760K)
[3.905s][info][gc,metaspace   ] GC(84) Metaspace: 6298K(6464K)->6298K(6464K) NonClass: 5765K(5824K)->5765K(5824K) Class: 533K(640K)->533K(640K)
[3.905s][info][gc             ] GC(84) Pause Young (Allocation Failure) 658M->658M(772M) 26.348ms
[3.905s][info][gc,cpu         ] GC(84) User=0.14s Sys=0.00s Real=0.03s
[3.931s][info][gc,start       ] GC(85) Pause Young (Allocation Failure)
[3.963s][info][gc,heap        ] GC(85) PSYoungGen: 63936K(96768K)->57504K(99840K) Eden: 20480K(20480K)->0K(20480K) From: 43456K(76288K)->57504K(79360K)
[3.963s][info][gc,heap        ] GC(85) ParOldGen: 630501K(693760K)->637021K(693760K)
[3.963s][info][gc,metaspace   ] GC(85) Metaspace: 6298K(6464K)->6298K(6464K) NonClass: 5765K(5824K)->5765K(5824K) Class: 533K(640K)->533K(640K)
[3.963s][info][gc             ] GC(85) Pause Young (Allocation Failure) 678M->678M(775M) 31.520ms
[3.963s][info][gc,cpu         ] GC(85) User=0.14s Sys=0.00s Real=0.03s
[4.100s][info][gc,start       ] GC(86) Pause Full (Ergonomics)
[4.100s][info][gc,phases,start] GC(86) Marking Phase
[4.257s][info][gc,phases      ] GC(86) Marking Phase 157.356ms
[4.257s][info][gc,phases,start] GC(86) Summary Phase
[4.257s][info][gc,phases      ] GC(86) Summary Phase 0.035ms
[4.257s][info][gc,phases,start] GC(86) Adjust Roots
[4.257s][info][gc,phases      ] GC(86) Adjust Roots 0.149ms
[4.257s][info][gc,phases,start] GC(86) Compaction Phase
[4.386s][info][gc,phases      ] GC(86) Compaction Phase 128.482ms
[4.386s][info][gc,phases,start] GC(86) Post Compact
[4.388s][info][gc,phases      ] GC(86) Post Compact 1.567ms
[4.388s][info][gc,heap        ] GC(86) PSYoungGen: 77984K(99840K)->37316K(99840K) Eden: 20480K(20480K)->0K(20480K) From: 57504K(79360K)->37316K(79360K)
[4.388s][info][gc,heap        ] GC(86) ParOldGen: 669789K(693760K)->693399K(773632K)
[4.388s][info][gc,metaspace   ] GC(86) Metaspace: 6298K(6464K)->6298K(6464K) NonClass: 5765K(5824K)->5765K(5824K) Class: 533K(640K)->533K(640K)
[4.388s][info][gc             ] GC(86) Pause Full (Ergonomics) 730M->713M(853M) 288.260ms
[4.388s][info][gc,cpu         ] GC(86) User=1.80s Sys=0.02s Real=0.29s
[4.415s][info][gc,start       ] GC(87) Pause Young (Allocation Failure)
[4.469s][info][gc,heap        ] GC(87) PSYoungGen: 57796K(99840K)->46272K(99328K) Eden: 20480K(20480K)->0K(22528K) From: 37316K(79360K)->46272K(76800K)
[4.469s][info][gc,heap        ] GC(87) ParOldGen: 693399K(773632K)->705311K(773632K)
[4.469s][info][gc,metaspace   ] GC(87) Metaspace: 6298K(6464K)->6298K(6464K) NonClass: 5765K(5824K)->5765K(5824K) Class: 533K(640K)->533K(640K)
[4.469s][info][gc             ] GC(87) Pause Young (Allocation Failure) 733M->733M(852M) 54.013ms
[4.469s][info][gc,cpu         ] GC(87) User=0.39s Sys=0.00s Real=0.05s
[4.492s][info][gc,start       ] GC(88) Pause Young (Allocation Failure)
[4.525s][info][gc,heap        ] GC(88) PSYoungGen: 68800K(99328K)->68800K(101888K) Eden: 22528K(22528K)->0K(22528K) From: 46272K(76800K)->68800K(79360K)
[4.525s][info][gc,heap        ] GC(88) ParOldGen: 705311K(773632K)->705311K(773632K)
[4.525s][info][gc,metaspace   ] GC(88) Metaspace: 6298K(6464K)->6298K(6464K) NonClass: 5765K(5824K)->5765K(5824K) Class: 533K(640K)->533K(640K)
[4.525s][info][gc             ] GC(88) Pause Young (Allocation Failure) 755M->755M(855M) 33.165ms
[4.525s][info][gc,cpu         ] GC(88) User=0.25s Sys=0.00s Real=0.03s
[4.549s][info][gc,start       ] GC(89) Pause Young (Allocation Failure)
[4.591s][info][gc,heap        ] GC(89) PSYoungGen: 91328K(101888K)->84992K(96768K) Eden: 22528K(22528K)->0K(11776K) From: 68800K(79360K)->84992K(84992K)
[4.591s][info][gc,heap        ] GC(89) ParOldGen: 705311K(773632K)->711655K(773632K)
[4.591s][info][gc,metaspace   ] GC(89) Metaspace: 6298K(6464K)->6298K(6464K) NonClass: 5765K(5824K)->5765K(5824K) Class: 533K(640K)->533K(640K)
[4.591s][info][gc             ] GC(89) Pause Young (Allocation Failure) 777M->777M(850M) 41.939ms
[4.591s][info][gc,cpu         ] GC(89) User=0.25s Sys=0.02s Real=0.04s
[4.603s][info][gc,start       ] GC(90) Pause Young (Allocation Failure)
[4.646s][info][gc,heap        ] GC(90) PSYoungGen: 96768K(96768K)->73856K(110080K) Eden: 11776K(11776K)->0K(11776K) From: 84992K(84992K)->73856K(98304K)
[4.646s][info][gc,heap        ] GC(90) ParOldGen: 711655K(773632K)->734943K(773632K)
[4.646s][info][gc,metaspace   ] GC(90) Metaspace: 6298K(6464K)->6298K(6464K) NonClass: 5765K(5824K)->5765K(5824K) Class: 533K(640K)->533K(640K)
[4.646s][info][gc             ] GC(90) Pause Young (Allocation Failure) 789M->789M(863M) 42.995ms
[4.646s][info][gc,cpu         ] GC(90) User=0.27s Sys=0.00s Real=0.04s
[4.659s][info][gc,start       ] GC(91) Pause Young (Allocation Failure)
[4.698s][info][gc,heap        ] GC(91) PSYoungGen: 85632K(110080K)->45312K(108544K) Eden: 11776K(11776K)->0K(13824K) From: 73856K(98304K)->45312K(94720K)
[4.698s][info][gc,heap        ] GC(91) ParOldGen: 734943K(773632K)->775751K(776192K)
[4.698s][info][gc,metaspace   ] GC(91) Metaspace: 6298K(6464K)->6298K(6464K) NonClass: 5765K(5824K)->5765K(5824K) Class: 533K(640K)->533K(640K)
[4.698s][info][gc             ] GC(91) Pause Young (Allocation Failure) 801M->801M(864M) 39.673ms
[4.698s][info][gc,cpu         ] GC(91) User=0.22s Sys=0.03s Real=0.04s
[4.698s][info][gc,start       ] GC(92) Pause Full (Ergonomics)
[4.698s][info][gc,phases,start] GC(92) Marking Phase
[4.882s][info][gc,phases      ] GC(92) Marking Phase 183.224ms
[4.882s][info][gc,phases,start] GC(92) Summary Phase
[4.882s][info][gc,phases      ] GC(92) Summary Phase 0.022ms
[4.882s][info][gc,phases,start] GC(92) Adjust Roots
[4.882s][info][gc,phases      ] GC(92) Adjust Roots 0.155ms
[4.882s][info][gc,phases,start] GC(92) Compaction Phase
[4.979s][info][gc,phases      ] GC(92) Compaction Phase 97.561ms
[4.979s][info][gc,phases,start] GC(92) Post Compact
[4.981s][info][gc,phases      ] GC(92) Post Compact 1.432ms
[4.981s][info][gc,heap        ] GC(92) PSYoungGen: 45312K(108544K)->43580K(110592K) Eden: 0K(13824K)->0K(15872K) From: 45312K(94720K)->43580K(94720K)
[4.981s][info][gc,heap        ] GC(92) ParOldGen: 775751K(776192K)->776065K(869888K)
[4.981s][info][gc,metaspace   ] GC(92) Metaspace: 6298K(6464K)->6298K(6464K) NonClass: 5765K(5824K)->5765K(5824K) Class: 533K(640K)->533K(640K)
[4.981s][info][gc             ] GC(92) Pause Full (Ergonomics) 801M->800M(957M) 283.029ms
[4.981s][info][gc,cpu         ] GC(92) User=1.91s Sys=0.02s Real=0.28s
[4.999s][info][gc,start       ] GC(93) Pause Young (Allocation Failure)
[5.056s][info][gc,heap        ] GC(93) PSYoungGen: 59452K(110592K)->27456K(114176K) Eden: 15872K(15872K)->0K(15872K) From: 43580K(94720K)->27456K(98304K)
[5.056s][info][gc,heap        ] GC(93) ParOldGen: 776065K(869888K)->808665K(869888K)
[5.056s][info][gc,metaspace   ] GC(93) Metaspace: 6298K(6464K)->6298K(6464K) NonClass: 5765K(5824K)->5765K(5824K) Class: 533K(640K)->533K(640K)
[5.056s][info][gc             ] GC(93) Pause Young (Allocation Failure) 815M->816M(961M) 57.583ms
[5.056s][info][gc,cpu         ] GC(93) User=0.38s Sys=0.00s Real=0.06s
[5.073s][info][gc,start       ] GC(94) Pause Young (Allocation Failure)
[5.096s][info][gc,heap        ] GC(94) PSYoungGen: 43328K(114176K)->31872K(112640K) Eden: 15872K(15872K)->0K(17920K) From: 27456K(98304K)->31872K(94720K)
[5.096s][info][gc,heap        ] GC(94) ParOldGen: 808665K(869888K)->820281K(869888K)
[5.096s][info][gc,metaspace   ] GC(94) Metaspace: 6298K(6464K)->6298K(6464K) NonClass: 5765K(5824K)->5765K(5824K) Class: 533K(640K)->533K(640K)
[5.096s][info][gc             ] GC(94) Pause Young (Allocation Failure) 832M->832M(959M) 22.908ms
[5.096s][info][gc,cpu         ] GC(94) User=0.25s Sys=0.00s Real=0.02s
[5.115s][info][gc,start       ] GC(95) Pause Young (Allocation Failure)
[5.141s][info][gc,heap        ] GC(95) PSYoungGen: 49792K(112640K)->33952K(52224K) Eden: 17920K(17920K)->0K(17920K) From: 31872K(94720K)->33952K(34304K)
[5.141s][info][gc,heap        ] GC(95) ParOldGen: 820281K(869888K)->836361K(869888K)
[5.141s][info][gc,metaspace   ] GC(95) Metaspace: 6298K(6464K)->6298K(6464K) NonClass: 5765K(5824K)->5765K(5824K) Class: 533K(640K)->533K(640K)
[5.141s][info][gc             ] GC(95) Pause Young (Allocation Failure) 849M->849M(900M) 25.665ms
[5.141s][info][gc,cpu         ] GC(95) User=0.14s Sys=0.00s Real=0.03s
[5.141s][info][gc,start       ] GC(96) Pause Full (Ergonomics)
[5.141s][info][gc,phases,start] GC(96) Marking Phase
[5.338s][info][gc,phases      ] GC(96) Marking Phase 197.621ms
[5.338s][info][gc,phases,start] GC(96) Summary Phase
[5.338s][info][gc,phases      ] GC(96) Summary Phase 0.037ms
[5.338s][info][gc,phases,start] GC(96) Adjust Roots
[5.339s][info][gc,phases      ] GC(96) Adjust Roots 0.148ms
[5.339s][info][gc,phases,start] GC(96) Compaction Phase
[5.430s][info][gc,phases      ] GC(96) Compaction Phase 90.920ms
[5.430s][info][gc,phases,start] GC(96) Post Compact
[5.431s][info][gc,phases      ] GC(96) Post Compact 1.498ms
[5.432s][info][gc,heap        ] GC(96) PSYoungGen: 33952K(52224K)->0K(113664K) Eden: 0K(17920K)->0K(19968K) From: 33952K(34304K)->0K(93696K)
[5.432s][info][gc,heap        ] GC(96) ParOldGen: 836361K(869888K)->869214K(969216K)
[5.432s][info][gc,metaspace   ] GC(96) Metaspace: 6298K(6464K)->6298K(6464K) NonClass: 5765K(5824K)->5765K(5824K) Class: 533K(640K)->533K(640K)
[5.432s][info][gc             ] GC(96) Pause Full (Ergonomics) 849M->848M(1057M) 290.866ms
[5.432s][info][gc,cpu         ] GC(96) User=1.94s Sys=0.06s Real=0.29s
[5.457s][info][gc,start       ] GC(97) Pause Young (Allocation Failure)
[5.473s][info][gc,heap        ] GC(97) PSYoungGen: 19968K(113664K)->20128K(113664K) Eden: 19968K(19968K)->0K(19968K) From: 0K(93696K)->20128K(93696K)
[5.473s][info][gc,heap        ] GC(97) ParOldGen: 869214K(969216K)->869214K(969216K)
[5.473s][info][gc,metaspace   ] GC(97) Metaspace: 6298K(6464K)->6298K(6464K) NonClass: 5765K(5824K)->5765K(5824K) Class: 533K(640K)->533K(640K)
[5.473s][info][gc             ] GC(97) Pause Young (Allocation Failure) 868M->868M(1057M) 15.372ms
[5.473s][info][gc,cpu         ] GC(97) User=0.00s Sys=0.00s Real=0.02s
[5.494s][info][gc,start       ] GC(98) Pause Young (Allocation Failure)
[5.516s][info][gc,heap        ] GC(98) PSYoungGen: 40096K(113664K)->40096K(107008K) Eden: 19968K(19968K)->0K(22016K) From: 20128K(93696K)->40096K(84992K)
[5.516s][info][gc,heap        ] GC(98) ParOldGen: 869214K(969216K)->869214K(969216K)
[5.516s][info][gc,metaspace   ] GC(98) Metaspace: 6298K(6464K)->6298K(6464K) NonClass: 5765K(5824K)->5765K(5824K) Class: 533K(640K)->533K(640K)
[5.516s][info][gc             ] GC(98) Pause Young (Allocation Failure) 887M->887M(1051M) 21.612ms
[5.516s][info][gc,cpu         ] GC(98) User=0.14s Sys=0.00s Real=0.02s
[5.539s][info][gc,start       ] GC(99) Pause Young (Allocation Failure)
[5.570s][info][gc,heap        ] GC(99) PSYoungGen: 62112K(107008K)->62080K(111104K) Eden: 22016K(22016K)->0K(22016K) From: 40096K(84992K)->62080K(89088K)
[5.570s][info][gc,heap        ] GC(99) ParOldGen: 869214K(969216K)->869214K(969216K)
[5.570s][info][gc,metaspace   ] GC(99) Metaspace: 6298K(6464K)->6298K(6464K) NonClass: 5765K(5824K)->5765K(5824K) Class: 533K(640K)->533K(640K)
[5.570s][info][gc             ] GC(99) Pause Young (Allocation Failure) 909M->909M(1055M) 30.576ms
[5.570s][info][gc,cpu         ] GC(99) User=0.14s Sys=0.00s Real=0.03s
[5.596s][info][gc,start       ] GC(100) Pause Young (Allocation Failure)
[5.636s][info][gc,heap        ] GC(100) PSYoungGen: 84096K(111104K)->84096K(105472K) Eden: 22016K(22016K)->0K(14336K) From: 62080K(89088K)->84096K(91136K)
[5.636s][info][gc,heap        ] GC(100) ParOldGen: 869214K(969216K)->869214K(969216K)
[5.636s][info][gc,metaspace   ] GC(100) Metaspace: 6298K(6464K)->6298K(6464K) NonClass: 5765K(5824K)->5765K(5824K) Class: 533K(640K)->533K(640K)
[5.636s][info][gc             ] GC(100) Pause Young (Allocation Failure) 930M->930M(1049M) 39.837ms
[5.636s][info][gc,cpu         ] GC(100) User=0.23s Sys=0.00s Real=0.04s
[5.652s][info][gc,start       ] GC(101) Pause Young (Allocation Failure)
[5.697s][info][gc,heap        ] GC(101) PSYoungGen: 98432K(105472K)->98528K(115712K) Eden: 14336K(14336K)->0K(14336K) From: 84096K(91136K)->98528K(101376K)
[5.697s][info][gc,heap        ] GC(101) ParOldGen: 869214K(969216K)->869214K(969216K)
[5.697s][info][gc,metaspace   ] GC(101) Metaspace: 6298K(6464K)->6298K(6464K) NonClass: 5765K(5824K)->5765K(5824K) Class: 533K(640K)->533K(640K)
[5.697s][info][gc             ] GC(101) Pause Young (Allocation Failure) 944M->945M(1059M) 44.759ms
[5.697s][info][gc,cpu         ] GC(101) User=0.38s Sys=0.00s Real=0.05s
[5.712s][info][gc,start       ] GC(102) Pause Young (Allocation Failure)
[5.768s][info][gc,heap        ] GC(102) PSYoungGen: 112864K(115712K)->92832K(121856K) Eden: 14336K(14336K)->0K(7680K) From: 98528K(101376K)->92832K(114176K)
[5.769s][info][gc,heap        ] GC(102) ParOldGen: 869214K(969216K)->889454K(969216K)
[5.769s][info][gc,metaspace   ] GC(102) Metaspace: 6298K(6464K)->6298K(6464K) NonClass: 5765K(5824K)->5765K(5824K) Class: 533K(640K)->533K(640K)
[5.769s][info][gc             ] GC(102) Pause Young (Allocation Failure) 959M->959M(1065M) 56.108ms
[5.769s][info][gc,cpu         ] GC(102) User=0.39s Sys=0.00s Real=0.06s
[5.777s][info][gc,start       ] GC(103) Pause Young (Allocation Failure)
[5.826s][info][gc,heap        ] GC(103) PSYoungGen: 100512K(121856K)->58496K(66560K) Eden: 7680K(7680K)->0K(7680K) From: 92832K(114176K)->58496K(58880K)
[5.826s][info][gc,heap        ] GC(103) ParOldGen: 889454K(969216K)->931942K(969216K)
[5.826s][info][gc,metaspace   ] GC(103) Metaspace: 6298K(6464K)->6298K(6464K) NonClass: 5765K(5824K)->5765K(5824K) Class: 533K(640K)->533K(640K)
[5.826s][info][gc             ] GC(103) Pause Young (Allocation Failure) 966M->967M(1011M) 49.198ms
[5.826s][info][gc,cpu         ] GC(103) User=0.22s Sys=0.05s Real=0.05s
[5.826s][info][gc,start       ] GC(104) Pause Full (Ergonomics)
[5.827s][info][gc,phases,start] GC(104) Marking Phase
[6.049s][info][gc,phases      ] GC(104) Marking Phase 222.613ms
[6.049s][info][gc,phases,start] GC(104) Summary Phase
[6.049s][info][gc,phases      ] GC(104) Summary Phase 0.029ms
[6.049s][info][gc,phases,start] GC(104) Adjust Roots
[6.049s][info][gc,phases      ] GC(104) Adjust Roots 0.163ms
[6.049s][info][gc,phases,start] GC(104) Compaction Phase
[6.146s][info][gc,phases      ] GC(104) Compaction Phase 96.132ms
[6.146s][info][gc,phases,start] GC(104) Post Compact
[6.148s][info][gc,phases      ] GC(104) Post Compact 2.506ms
[6.149s][info][gc,heap        ] GC(104) PSYoungGen: 58496K(66560K)->20434K(66560K) Eden: 0K(7680K)->0K(7680K) From: 58496K(58880K)->20434K(58880K)
[6.149s][info][gc,heap        ] GC(104) ParOldGen: 931942K(969216K)->968876K(1080320K)
[6.149s][info][gc,metaspace   ] GC(104) Metaspace: 6298K(6464K)->6298K(6464K) NonClass: 5765K(5824K)->5765K(5824K) Class: 533K(640K)->533K(640K)
[6.149s][info][gc             ] GC(104) Pause Full (Ergonomics) 967M->966M(1120M) 322.334ms
[6.149s][info][gc,cpu         ] GC(104) User=2.12s Sys=0.02s Real=0.32s
[6.158s][info][gc,start       ] GC(105) Pause Young (Allocation Failure)
[6.212s][info][gc,heap        ] GC(105) PSYoungGen: 28114K(66560K)->14464K(123904K) Eden: 7680K(7680K)->0K(7680K) From: 20434K(58880K)->14464K(116224K)
[6.212s][info][gc,heap        ] GC(105) ParOldGen: 968876K(1080320K)->982812K(1080320K)
[6.212s][info][gc,metaspace   ] GC(105) Metaspace: 6298K(6464K)->6298K(6464K) NonClass: 5765K(5824K)->5765K(5824K) Class: 533K(640K)->533K(640K)
[6.212s][info][gc             ] GC(105) Pause Young (Allocation Failure) 973M->973M(1176M) 54.292ms
[6.212s][info][gc,cpu         ] GC(105) User=0.25s Sys=0.02s Real=0.05s
[6.221s][info][gc,start       ] GC(106) Pause Young (Allocation Failure)
[6.237s][info][gc,heap        ] GC(106) PSYoungGen: 22144K(123904K)->16192K(125440K) Eden: 7680K(7680K)->0K(7680K) From: 14464K(116224K)->16192K(117760K)
[6.237s][info][gc,heap        ] GC(106) ParOldGen: 982812K(1080320K)->988876K(1080320K)
[6.237s][info][gc,metaspace   ] GC(106) Metaspace: 6298K(6464K)->6298K(6464K) NonClass: 5765K(5824K)->5765K(5824K) Class: 533K(640K)->533K(640K)
[6.237s][info][gc             ] GC(106) Pause Young (Allocation Failure) 981M->981M(1177M) 15.468ms
[6.237s][info][gc,cpu         ] GC(106) User=0.02s Sys=0.00s Real=0.01s
[6.245s][info][gc,start       ] GC(107) Pause Young (Allocation Failure)
[6.262s][info][gc,heap        ] GC(107) PSYoungGen: 23872K(125440K)->15488K(124416K) Eden: 7680K(7680K)->0K(8704K) From: 16192K(117760K)->15488K(115712K)
[6.262s][info][gc,heap        ] GC(107) ParOldGen: 988876K(1080320K)->997420K(1080320K)
[6.262s][info][gc,metaspace   ] GC(107) Metaspace: 6298K(6464K)->6298K(6464K) NonClass: 5765K(5824K)->5765K(5824K) Class: 533K(640K)->533K(640K)
[6.262s][info][gc             ] GC(107) Pause Young (Allocation Failure) 989M->989M(1176M) 16.479ms
[6.262s][info][gc,cpu         ] GC(107) User=0.05s Sys=0.00s Real=0.02s
[6.271s][info][gc,start       ] GC(108) Pause Young (Allocation Failure)
[6.288s][info][gc,heap        ] GC(108) PSYoungGen: 24192K(124416K)->8800K(125440K) Eden: 8704K(8704K)->0K(8704K) From: 15488K(115712K)->8800K(116736K)
[6.288s][info][gc,heap        ] GC(108) ParOldGen: 997420K(1080320K)->1012964K(1080320K)
[6.288s][info][gc,metaspace   ] GC(108) Metaspace: 6298K(6464K)->6298K(6464K) NonClass: 5765K(5824K)->5765K(5824K) Class: 533K(640K)->533K(640K)
[6.288s][info][gc             ] GC(108) Pause Young (Allocation Failure) 997M->997M(1177M) 16.520ms
[6.288s][info][gc,cpu         ] GC(108) User=0.03s Sys=0.00s Real=0.02s
[6.297s][info][gc,start       ] GC(109) Pause Young (Allocation Failure)
[6.312s][info][gc,heap        ] GC(109) PSYoungGen: 17504K(125440K)->8768K(123392K) Eden: 8704K(8704K)->0K(10240K) From: 8800K(116736K)->8768K(113152K)
[6.312s][info][gc,heap        ] GC(109) ParOldGen: 1012964K(1080320K)->1021788K(1080320K)
[6.312s][info][gc,metaspace   ] GC(109) Metaspace: 6298K(6464K)->6298K(6464K) NonClass: 5765K(5824K)->5765K(5824K) Class: 533K(640K)->533K(640K)
[6.312s][info][gc             ] GC(109) Pause Young (Allocation Failure) 1006M->1006M(1175M) 14.433ms
[6.312s][info][gc,cpu         ] GC(109) User=0.02s Sys=0.00s Real=0.01s
[6.323s][info][gc,start       ] GC(110) Pause Young (Allocation Failure)
[6.338s][info][gc,heap        ] GC(110) PSYoungGen: 19008K(123392K)->10368K(20992K) Eden: 10240K(10240K)->0K(10240K) From: 8768K(113152K)->10368K(10752K)
[6.338s][info][gc,heap        ] GC(110) ParOldGen: 1021788K(1080320K)->1030612K(1080320K)
[6.338s][info][gc,metaspace   ] GC(110) Metaspace: 6298K(6464K)->6298K(6464K) NonClass: 5765K(5824K)->5765K(5824K) Class: 533K(640K)->533K(640K)
[6.338s][info][gc             ] GC(110) Pause Young (Allocation Failure) 1016M->1016M(1075M) 15.597ms
[6.338s][info][gc,cpu         ] GC(110) User=0.02s Sys=0.00s Real=0.02s
[6.350s][info][gc,start       ] GC(111) Pause Young (Allocation Failure)
[6.365s][info][gc,heap        ] GC(111) PSYoungGen: 20608K(20992K)->10336K(117760K) Eden: 10240K(10240K)->0K(11776K) From: 10368K(10752K)->10336K(105984K)
[6.365s][info][gc,heap        ] GC(111) ParOldGen: 1030612K(1080320K)->1040980K(1080320K)
[6.365s][info][gc,metaspace   ] GC(111) Metaspace: 6298K(6464K)->6298K(6464K) NonClass: 5765K(5824K)->5765K(5824K) Class: 533K(640K)->533K(640K)
[6.365s][info][gc             ] GC(111) Pause Young (Allocation Failure) 1026M->1026M(1170M) 15.286ms
[6.365s][info][gc,cpu         ] GC(111) User=0.02s Sys=0.00s Real=0.02s
[6.378s][info][gc,start       ] GC(112) Pause Young (Allocation Failure)
[6.394s][info][gc,heap        ] GC(112) PSYoungGen: 22112K(117760K)->11840K(24064K) Eden: 11776K(11776K)->0K(11776K) From: 10336K(105984K)->11840K(12288K)
[6.394s][info][gc,heap        ] GC(112) ParOldGen: 1040980K(1080320K)->1051356K(1080320K)
[6.394s][info][gc,metaspace   ] GC(112) Metaspace: 6298K(6464K)->6298K(6464K) NonClass: 5765K(5824K)->5765K(5824K) Class: 533K(640K)->533K(640K)
[6.394s][info][gc             ] GC(112) Pause Young (Allocation Failure) 1038M->1038M(1078M) 16.521ms
[6.394s][info][gc,cpu         ] GC(112) User=0.02s Sys=0.00s Real=0.02s
[6.394s][info][gc,start       ] GC(113) Pause Full (Ergonomics)
[6.394s][info][gc,phases,start] GC(113) Marking Phase
[6.630s][info][gc,phases      ] GC(113) Marking Phase 235.500ms
[6.630s][info][gc,phases,start] GC(113) Summary Phase
[6.630s][info][gc,phases      ] GC(113) Summary Phase 0.031ms
[6.630s][info][gc,phases,start] GC(113) Adjust Roots
[6.630s][info][gc,phases      ] GC(113) Adjust Roots 0.151ms
[6.630s][info][gc,phases,start] GC(113) Compaction Phase
[6.720s][info][gc,phases      ] GC(113) Compaction Phase 90.194ms
[6.720s][info][gc,phases,start] GC(113) Post Compact
[6.722s][info][gc,phases      ] GC(113) Post Compact 1.589ms
[6.722s][info][gc,heap        ] GC(113) PSYoungGen: 11840K(24064K)->0K(118784K) Eden: 0K(11776K)->0K(13312K) From: 11840K(12288K)->0K(105472K)
[6.722s][info][gc,heap        ] GC(113) ParOldGen: 1051356K(1080320K)->1061767K(1166336K)
[6.722s][info][gc,metaspace   ] GC(113) Metaspace: 6298K(6464K)->6298K(6464K) NonClass: 5765K(5824K)->5765K(5824K) Class: 533K(640K)->533K(640K)
[6.722s][info][gc             ] GC(113) Pause Full (Ergonomics) 1038M->1036M(1255M) 328.045ms
[6.722s][info][gc,cpu         ] GC(113) User=2.27s Sys=0.02s Real=0.33s
[6.739s][info][gc,start       ] GC(114) Pause Young (Allocation Failure)
[6.753s][info][gc,heap        ] GC(114) PSYoungGen: 13312K(118784K)->13408K(27136K) Eden: 13312K(13312K)->0K(13312K) From: 0K(105472K)->13408K(13824K)
[6.753s][info][gc,heap        ] GC(114) ParOldGen: 1061767K(1166336K)->1061767K(1166336K)
[6.753s][info][gc,metaspace   ] GC(114) Metaspace: 6298K(6464K)->6298K(6464K) NonClass: 5765K(5824K)->5765K(5824K) Class: 533K(640K)->533K(640K)
[6.753s][info][gc             ] GC(114) Pause Young (Allocation Failure) 1049M->1049M(1165M) 13.975ms
[6.753s][info][gc,cpu         ] GC(114) User=0.02s Sys=0.00s Real=0.01s
[6.767s][info][gc,start       ] GC(115) Pause Young (Allocation Failure)
[6.785s][info][gc,heap        ] GC(115) PSYoungGen: 26720K(27136K)->26752K(102400K) Eden: 13312K(13312K)->0K(14848K) From: 13408K(13824K)->26752K(87552K)
[6.785s][info][gc,heap        ] GC(115) ParOldGen: 1061767K(1166336K)->1061767K(1166336K)
[6.785s][info][gc,metaspace   ] GC(115) Metaspace: 6298K(6464K)->6298K(6464K) NonClass: 5765K(5824K)->5765K(5824K) Class: 533K(640K)->533K(640K)
[6.785s][info][gc             ] GC(115) Pause Young (Allocation Failure) 1062M->1063M(1239M) 17.990ms
[6.785s][info][gc,cpu         ] GC(115) User=0.03s Sys=0.00s Real=0.02s
[6.802s][info][gc,start       ] GC(116) Pause Young (Allocation Failure)
[6.824s][info][gc,heap        ] GC(116) PSYoungGen: 41600K(102400K)->41600K(56832K) Eden: 14848K(14848K)->0K(14848K) From: 26752K(87552K)->41600K(41984K)
[6.824s][info][gc,heap        ] GC(116) ParOldGen: 1061767K(1166336K)->1061767K(1166336K)
[6.824s][info][gc,metaspace   ] GC(116) Metaspace: 6298K(6464K)->6298K(6464K) NonClass: 5765K(5824K)->5765K(5824K) Class: 533K(640K)->533K(640K)
[6.824s][info][gc             ] GC(116) Pause Young (Allocation Failure) 1077M->1077M(1194M) 22.321ms
[6.824s][info][gc,cpu         ] GC(116) User=0.14s Sys=0.00s Real=0.02s
[6.840s][info][gc,start       ] GC(117) Pause Young (Allocation Failure)
[6.869s][info][gc,heap        ] GC(117) PSYoungGen: 56448K(56832K)->43104K(106496K) Eden: 14848K(14848K)->0K(16896K) From: 41600K(41984K)->43104K(89600K)
[6.869s][info][gc,heap        ] GC(117) ParOldGen: 1061767K(1166336K)->1075247K(1166336K)
[6.869s][info][gc,metaspace   ] GC(117) Metaspace: 6298K(6464K)->6298K(6464K) NonClass: 5765K(5824K)->5765K(5824K) Class: 533K(640K)->533K(640K)
[6.869s][info][gc             ] GC(117) Pause Young (Allocation Failure) 1092M->1092M(1243M) 29.028ms
[6.869s][info][gc,cpu         ] GC(117) User=0.12s Sys=0.00s Real=0.03s
[6.888s][info][gc,start       ] GC(118) Pause Young (Allocation Failure)
[6.918s][info][gc,heap        ] GC(118) PSYoungGen: 60000K(106496K)->46720K(107520K) Eden: 16896K(16896K)->0K(16896K) From: 43104K(89600K)->46720K(90624K)
[6.918s][info][gc,heap        ] GC(118) ParOldGen: 1075247K(1166336K)->1088751K(1166336K)
[6.918s][info][gc,metaspace   ] GC(118) Metaspace: 6298K(6464K)->6298K(6464K) NonClass: 5765K(5824K)->5765K(5824K) Class: 533K(640K)->533K(640K)
[6.918s][info][gc             ] GC(118) Pause Young (Allocation Failure) 1108M->1108M(1244M) 29.893ms
[6.918s][info][gc,cpu         ] GC(118) User=0.12s Sys=0.00s Real=0.03s
[6.936s][info][gc,start       ] GC(119) Pause Young (Allocation Failure)
[6.967s][info][gc,heap        ] GC(119) PSYoungGen: 63616K(107520K)->48768K(109568K) Eden: 16896K(16896K)->0K(18944K) From: 46720K(90624K)->48768K(90624K)
[6.968s][info][gc,heap        ] GC(119) ParOldGen: 1088751K(1166336K)->1103807K(1166336K)
[6.968s][info][gc,metaspace   ] GC(119) Metaspace: 6298K(6464K)->6298K(6464K) NonClass: 5765K(5824K)->5765K(5824K) Class: 533K(640K)->533K(640K)
[6.968s][info][gc             ] GC(119) Pause Young (Allocation Failure) 1125M->1125M(1246M) 31.820ms
[6.968s][info][gc,cpu         ] GC(119) User=0.16s Sys=0.00s Real=0.03s
[6.989s][info][gc,start       ] GC(120) Pause Young (Allocation Failure)
[7.023s][info][gc,heap        ] GC(120) PSYoungGen: 67712K(109568K)->52864K(109568K) Eden: 18944K(18944K)->0K(18944K) From: 48768K(90624K)->52864K(90624K)
[7.023s][info][gc,heap        ] GC(120) ParOldGen: 1103807K(1166336K)->1118855K(1166336K)
[7.023s][info][gc,metaspace   ] GC(120) Metaspace: 6298K(6464K)->6298K(6464K) NonClass: 5765K(5824K)->5765K(5824K) Class: 533K(640K)->533K(640K)
[7.023s][info][gc             ] GC(120) Pause Young (Allocation Failure) 1144M->1144M(1246M) 34.182ms
[7.024s][info][gc,cpu         ] GC(120) User=0.14s Sys=0.00s Real=0.04s
[7.047s][info][gc,start       ] GC(121) Pause Young (Allocation Failure)
[7.084s][info][gc,heap        ] GC(121) PSYoungGen: 71808K(109568K)->38016K(102912K) Eden: 18944K(18944K)->0K(21504K) From: 52864K(90624K)->38016K(81408K)
[7.084s][info][gc,heap        ] GC(121) ParOldGen: 1118855K(1166336K)->1153071K(1166336K)
[7.084s][info][gc,metaspace   ] GC(121) Metaspace: 6298K(6464K)->6298K(6464K) NonClass: 5765K(5824K)->5765K(5824K) Class: 533K(640K)->533K(640K)
[7.084s][info][gc             ] GC(121) Pause Young (Allocation Failure) 1162M->1163M(1239M) 36.998ms
[7.084s][info][gc,cpu         ] GC(121) User=0.22s Sys=0.03s Real=0.04s
[7.084s][info][gc,start       ] GC(122) Pause Full (Ergonomics)
[7.084s][info][gc,phases,start] GC(122) Marking Phase
[7.338s][info][gc,phases      ] GC(122) Marking Phase 254.544ms
[7.338s][info][gc,phases,start] GC(122) Summary Phase
[7.338s][info][gc,phases      ] GC(122) Summary Phase 0.029ms
[7.339s][info][gc,phases,start] GC(122) Adjust Roots
[7.339s][info][gc,phases      ] GC(122) Adjust Roots 0.182ms
[7.339s][info][gc,phases,start] GC(122) Compaction Phase
[7.442s][info][gc,phases      ] GC(122) Compaction Phase 103.556ms
[7.442s][info][gc,phases,start] GC(122) Post Compact
[7.444s][info][gc,phases      ] GC(122) Post Compact 1.853ms
[7.445s][info][gc,heap        ] GC(122) PSYoungGen: 38016K(102912K)->23516K(105984K) Eden: 0K(21504K)->0K(24576K) From: 38016K(81408K)->23516K(81408K)
[7.445s][info][gc,heap        ] GC(122) ParOldGen: 1153071K(1166336K)->1165995K(1283072K)
[7.445s][info][gc,metaspace   ] GC(122) Metaspace: 6298K(6464K)->6298K(6464K) NonClass: 5765K(5824K)->5765K(5824K) Class: 533K(640K)->533K(640K)
[7.445s][info][gc             ] GC(122) Pause Full (Ergonomics) 1163M->1161M(1356M) 360.876ms
[7.445s][info][gc,cpu         ] GC(122) User=2.59s Sys=0.02s Real=0.36s
[7.476s][info][gc,start       ] GC(123) Pause Young (Allocation Failure)
[7.548s][info][gc,heap        ] GC(123) PSYoungGen: 48092K(105984K)->24736K(111104K) Eden: 24576K(24576K)->0K(24576K) From: 23516K(81408K)->24736K(86528K)
[7.548s][info][gc,heap        ] GC(123) ParOldGen: 1165995K(1283072K)->1189867K(1283072K)
[7.548s][info][gc,metaspace   ] GC(123) Metaspace: 6298K(6464K)->6298K(6464K) NonClass: 5765K(5824K)->5765K(5824K) Class: 533K(640K)->533K(640K)
[7.548s][info][gc             ] GC(123) Pause Young (Allocation Failure) 1185M->1186M(1361M) 72.227ms
[7.548s][info][gc,cpu         ] GC(123) User=0.41s Sys=0.00s Real=0.07s
[7.579s][info][gc,start       ] GC(124) Pause Young (Allocation Failure)
[7.609s][info][gc,heap        ] GC(124) PSYoungGen: 49312K(111104K)->24768K(104960K) Eden: 24576K(24576K)->0K(27136K) From: 24736K(86528K)->24768K(77824K)
[7.609s][info][gc,heap        ] GC(124) ParOldGen: 1189867K(1283072K)->1214803K(1283072K)
[7.609s][info][gc,metaspace   ] GC(124) Metaspace: 6298K(6464K)->6298K(6464K) NonClass: 5765K(5824K)->5765K(5824K) Class: 533K(640K)->533K(640K)
[7.609s][info][gc             ] GC(124) Pause Young (Allocation Failure) 1210M->1210M(1355M) 29.607ms
[7.609s][info][gc,cpu         ] GC(124) User=0.11s Sys=0.02s Real=0.03s
[7.641s][info][gc,start       ] GC(125) Pause Young (Allocation Failure)
[7.671s][info][gc,heap        ] GC(125) PSYoungGen: 51904K(104960K)->27328K(54784K) Eden: 27136K(27136K)->0K(27136K) From: 24768K(77824K)->27328K(27648K)
[7.671s][info][gc,heap        ] GC(125) ParOldGen: 1214803K(1283072K)->1239731K(1283072K)
[7.671s][info][gc,metaspace   ] GC(125) Metaspace: 6298K(6464K)->6298K(6464K) NonClass: 5765K(5824K)->5765K(5824K) Class: 533K(640K)->533K(640K)
[7.671s][info][gc             ] GC(125) Pause Young (Allocation Failure) 1237M->1237M(1306M) 30.520ms
[7.671s][info][gc,cpu         ] GC(125) User=0.12s Sys=0.02s Real=0.03s
[7.704s][info][gc,start       ] GC(126) Pause Young (Allocation Failure)
[7.736s][info][gc,heap        ] GC(126) PSYoungGen: 54464K(54784K)->27264K(101376K) Eden: 27136K(27136K)->0K(30208K) From: 27328K(27648K)->27264K(71168K)
[7.736s][info][gc,heap        ] GC(126) ParOldGen: 1239731K(1283072K)->1267243K(1283072K)
[7.736s][info][gc,metaspace   ] GC(126) Metaspace: 6298K(6464K)->6298K(6464K) NonClass: 5765K(5824K)->5765K(5824K) Class: 533K(640K)->533K(640K)
[7.736s][info][gc             ] GC(126) Pause Young (Allocation Failure) 1263M->1264M(1352M) 32.356ms
[7.736s][info][gc,cpu         ] GC(126) User=0.14s Sys=0.00s Real=0.03s
[7.736s][info][gc,start       ] GC(127) Pause Full (Ergonomics)
[7.736s][info][gc,phases,start] GC(127) Marking Phase
[8.033s][info][gc,phases      ] GC(127) Marking Phase 296.773ms
[8.033s][info][gc,phases,start] GC(127) Summary Phase
[8.033s][info][gc,phases      ] GC(127) Summary Phase 0.032ms
[8.033s][info][gc,phases,start] GC(127) Adjust Roots
[8.033s][info][gc,phases      ] GC(127) Adjust Roots 0.171ms
[8.033s][info][gc,phases,start] GC(127) Compaction Phase
[8.135s][info][gc,phases      ] GC(127) Compaction Phase 101.973ms
[8.135s][info][gc,phases,start] GC(127) Post Compact
[8.137s][info][gc,phases      ] GC(127) Post Compact 1.881ms
[8.137s][info][gc,heap        ] GC(127) PSYoungGen: 27264K(101376K)->10244K(104448K) Eden: 0K(30208K)->0K(33280K) From: 27264K(71168K)->10244K(71168K)
[8.138s][info][gc,heap        ] GC(127) ParOldGen: 1267243K(1283072K)->1282566K(1416192K)
[8.138s][info][gc,metaspace   ] GC(127) Metaspace: 6298K(6464K)->6298K(6464K) NonClass: 5765K(5824K)->5765K(5824K) Class: 533K(640K)->533K(640K)
[8.138s][info][gc             ] GC(127) Pause Full (Ergonomics) 1264M->1262M(1485M) 401.606ms
[8.138s][info][gc,cpu         ] GC(127) User=2.98s Sys=0.00s Real=0.40s
[8.171s][info][gc,start       ] GC(128) Pause Young (Allocation Failure)
[8.242s][info][gc,heap        ] GC(128) PSYoungGen: 43524K(104448K)->21440K(107520K) Eden: 33280K(33280K)->0K(33280K) From: 10244K(71168K)->21440K(74240K)
[8.242s][info][gc,heap        ] GC(128) ParOldGen: 1282566K(1416192K)->1292990K(1416192K)
[8.242s][info][gc,metaspace   ] GC(128) Metaspace: 6298K(6464K)->6298K(6464K) NonClass: 5765K(5824K)->5765K(5824K) Class: 533K(640K)->533K(640K)
[8.242s][info][gc             ] GC(128) Pause Young (Allocation Failure) 1295M->1283M(1488M) 71.541ms
[8.242s][info][gc,cpu         ] GC(128) User=0.38s Sys=0.00s Real=0.07s
[8.279s][info][gc,start       ] GC(129) Pause Young (Allocation Failure)
[8.308s][info][gc,heap        ] GC(129) PSYoungGen: 54720K(107520K)->46720K(107008K) Eden: 33280K(33280K)->0K(34816K) From: 21440K(74240K)->46720K(72192K)
[8.308s][info][gc,heap        ] GC(129) ParOldGen: 1292990K(1416192K)->1292990K(1416192K)
[8.308s][info][gc,metaspace   ] GC(129) Metaspace: 6298K(6464K)->6298K(6464K) NonClass: 5765K(5824K)->5765K(5824K) Class: 533K(640K)->533K(640K)
[8.308s][info][gc             ] GC(129) Pause Young (Allocation Failure) 1316M->1308M(1487M) 29.100ms
[8.308s][info][gc,cpu         ] GC(129) User=0.12s Sys=0.00s Real=0.03s
[8.351s][info][gc,start       ] GC(130) Pause Young (Allocation Failure)
[8.395s][info][gc,heap        ] GC(130) PSYoungGen: 81536K(107008K)->73728K(108544K) Eden: 34816K(34816K)->0K(34816K) From: 46720K(72192K)->73728K(73728K)
[8.395s][info][gc,heap        ] GC(130) ParOldGen: 1292990K(1416192K)->1300862K(1416192K)
[8.395s][info][gc,metaspace   ] GC(130) Metaspace: 6298K(6464K)->6298K(6464K) NonClass: 5765K(5824K)->5765K(5824K) Class: 533K(640K)->533K(640K)
[8.395s][info][gc             ] GC(130) Pause Young (Allocation Failure) 1342M->1342M(1489M) 44.172ms
[8.395s][info][gc,cpu         ] GC(130) User=0.27s Sys=0.00s Real=0.04s
[8.442s][info][gc,start       ] GC(131) Pause Young (Allocation Failure)
[8.501s][info][gc,heap        ] GC(131) PSYoungGen: 108544K(108544K)->66176K(120832K) Eden: 34816K(34816K)->0K(33280K) From: 73728K(73728K)->66176K(87552K)
[8.502s][info][gc,heap        ] GC(131) ParOldGen: 1300862K(1416192K)->1343918K(1416192K)
[8.502s][info][gc,metaspace   ] GC(131) Metaspace: 6298K(6464K)->6298K(6464K) NonClass: 5765K(5824K)->5765K(5824K) Class: 533K(640K)->533K(640K)
[8.502s][info][gc             ] GC(131) Pause Young (Allocation Failure) 1376M->1377M(1501M) 59.196ms
[8.502s][info][gc,cpu         ] GC(131) User=0.38s Sys=0.02s Real=0.06s
[8.780s][info][gc,start       ] GC(132) Pause Full (Ergonomics)
[8.780s][info][gc,phases,start] GC(132) Marking Phase
[9.102s][info][gc,phases      ] GC(132) Marking Phase 322.474ms
[9.103s][info][gc,phases,start] GC(132) Summary Phase
[9.103s][info][gc,phases      ] GC(132) Summary Phase 0.032ms
[9.103s][info][gc,phases,start] GC(132) Adjust Roots
[9.103s][info][gc,phases      ] GC(132) Adjust Roots 0.250ms
[9.103s][info][gc,phases,start] GC(132) Compaction Phase
[9.443s][info][gc,phases      ] GC(132) Compaction Phase 340.547ms
[9.443s][info][gc,phases,start] GC(132) Post Compact
[9.446s][info][gc,phases      ] GC(132) Post Compact 3.034ms
[9.447s][info][gc,heap        ] GC(132) PSYoungGen: 99456K(120832K)->58789K(120832K) Eden: 33280K(33280K)->0K(33280K) From: 66176K(87552K)->58789K(87552K)
[9.447s][info][gc,heap        ] GC(132) ParOldGen: 1409454K(1416192K)->1416137K(1564160K)
[9.447s][info][gc,metaspace   ] GC(132) Metaspace: 6298K(6464K)->6298K(6464K) NonClass: 5765K(5824K)->5765K(5824K) Class: 533K(640K)->533K(640K)
[9.447s][info][gc             ] GC(132) Pause Full (Ergonomics) 1473M->1440M(1645M) 667.236ms
[9.447s][info][gc,cpu         ] GC(132) User=4.58s Sys=0.03s Real=0.67s
[9.480s][info][gc,start       ] GC(133) Pause Young (Allocation Failure)
[9.576s][info][gc,heap        ] GC(133) PSYoungGen: 92069K(120832K)->92320K(125952K) Eden: 33280K(33280K)->0K(33280K) From: 58789K(87552K)->92320K(92672K)
[9.576s][info][gc,heap        ] GC(133) ParOldGen: 1416137K(1564160K)->1416137K(1564160K)
[9.576s][info][gc,metaspace   ] GC(133) Metaspace: 6298K(6464K)->6298K(6464K) NonClass: 5765K(5824K)->5765K(5824K) Class: 533K(640K)->533K(640K)
[9.576s][info][gc             ] GC(133) Pause Young (Allocation Failure) 1472M->1473M(1650M) 95.974ms
[9.576s][info][gc,cpu         ] GC(133) User=0.64s Sys=0.00s Real=0.10s
[9.608s][info][gc,start       ] GC(134) Pause Young (Allocation Failure)
[9.668s][info][gc,heap        ] GC(134) PSYoungGen: 125600K(125952K)->106496K(119296K) Eden: 33280K(33280K)->0K(12800K) From: 92320K(92672K)->106496K(106496K)
[9.668s][info][gc,heap        ] GC(134) ParOldGen: 1416137K(1564160K)->1435425K(1564160K)
[9.668s][info][gc,metaspace   ] GC(134) Metaspace: 6298K(6464K)->6298K(6464K) NonClass: 5765K(5824K)->5765K(5824K) Class: 533K(640K)->533K(640K)
[9.668s][info][gc             ] GC(134) Pause Young (Allocation Failure) 1505M->1505M(1644M) 60.412ms
[9.668s][info][gc,cpu         ] GC(134) User=0.28s Sys=0.11s Real=0.06s
[9.682s][info][gc,start       ] GC(135) Pause Young (Allocation Failure)
[9.738s][info][gc,heap        ] GC(135) PSYoungGen: 119296K(119296K)->69984K(142848K) Eden: 12800K(12800K)->0K(12800K) From: 106496K(106496K)->69984K(130048K)
[9.738s][info][gc,heap        ] GC(135) ParOldGen: 1435425K(1564160K)->1485409K(1564160K)
[9.738s][info][gc,metaspace   ] GC(135) Metaspace: 6298K(6464K)->6298K(6464K) NonClass: 5765K(5824K)->5765K(5824K) Class: 533K(640K)->533K(640K)
[9.738s][info][gc             ] GC(135) Pause Young (Allocation Failure) 1518M->1518M(1667M) 56.147ms
[9.738s][info][gc,cpu         ] GC(135) User=0.44s Sys=0.06s Real=0.06s
[9.751s][info][gc,start       ] GC(136) Pause Young (Allocation Failure)
[9.792s][info][gc,heap        ] GC(136) PSYoungGen: 82784K(142848K)->51488K(129536K) Eden: 12800K(12800K)->0K(14336K) From: 69984K(130048K)->51488K(115200K)
[9.792s][info][gc,heap        ] GC(136) ParOldGen: 1485409K(1564160K)->1516977K(1564160K)
[9.792s][info][gc,metaspace   ] GC(136) Metaspace: 6298K(6464K)->6298K(6464K) NonClass: 5765K(5824K)->5765K(5824K) Class: 533K(640K)->533K(640K)
[9.792s][info][gc             ] GC(136) Pause Young (Allocation Failure) 1531M->1531M(1654M) 41.153ms
[9.792s][info][gc,cpu         ] GC(136) User=0.25s Sys=0.00s Real=0.04s
[9.792s][info][gc,start       ] GC(137) Pause Full (Ergonomics)
[9.792s][info][gc,phases,start] GC(137) Marking Phase
[10.128s][info][gc,phases      ] GC(137) Marking Phase 335.567ms
[10.128s][info][gc,phases,start] GC(137) Summary Phase
[10.128s][info][gc,phases      ] GC(137) Summary Phase 0.035ms
[10.128s][info][gc,phases,start] GC(137) Adjust Roots
[10.128s][info][gc,phases      ] GC(137) Adjust Roots 0.183ms
[10.128s][info][gc,phases,start] GC(137) Compaction Phase
[10.285s][info][gc,phases      ] GC(137) Compaction Phase 157.142ms
[10.285s][info][gc,phases,start] GC(137) Post Compact
[10.288s][info][gc,phases      ] GC(137) Post Compact 2.867ms
[10.289s][info][gc,heap        ] GC(137) PSYoungGen: 51488K(129536K)->3268K(131584K) Eden: 0K(14336K)->0K(16384K) From: 51488K(115200K)->3268K(115200K)
[10.289s][info][gc,heap        ] GC(137) ParOldGen: 1516977K(1564160K)->1563698K(1707008K)
[10.289s][info][gc,metaspace   ] GC(137) Metaspace: 6298K(6464K)->6298K(6464K) NonClass: 5765K(5824K)->5765K(5824K) Class: 533K(640K)->533K(640K)
[10.289s][info][gc             ] GC(137) Pause Full (Ergonomics) 1531M->1530M(1795M) 496.675ms
[10.289s][info][gc,cpu         ] GC(137) User=3.33s Sys=0.03s Real=0.50s
[10.307s][info][gc,start       ] GC(138) Pause Young (Allocation Failure)
[10.385s][info][gc,heap        ] GC(138) PSYoungGen: 19652K(131584K)->16544K(138240K) Eden: 16384K(16384K)->0K(16384K) From: 3268K(115200K)->16544K(121856K)
[10.386s][info][gc,heap        ] GC(138) ParOldGen: 1563698K(1707008K)->1566986K(1707008K)
[10.386s][info][gc,metaspace   ] GC(138) Metaspace: 6298K(6464K)->6298K(6464K) NonClass: 5765K(5824K)->5765K(5824K) Class: 533K(640K)->533K(640K)
[10.386s][info][gc             ] GC(138) Pause Young (Allocation Failure) 1546M->1546M(1802M) 78.313ms
[10.386s][info][gc,cpu         ] GC(138) User=0.53s Sys=0.00s Real=0.08s
[10.402s][info][gc,start       ] GC(139) Pause Young (Allocation Failure)
[10.429s][info][gc,heap        ] GC(139) PSYoungGen: 32928K(138240K)->32928K(132096K) Eden: 16384K(16384K)->0K(18432K) From: 16544K(121856K)->32928K(113664K)
[10.430s][info][gc,heap        ] GC(139) ParOldGen: 1566986K(1707008K)->1566986K(1707008K)
[10.430s][info][gc,metaspace   ] GC(139) Metaspace: 6298K(6464K)->6298K(6464K) NonClass: 5765K(5824K)->5765K(5824K) Class: 533K(640K)->533K(640K)
[10.430s][info][gc             ] GC(139) Pause Young (Allocation Failure) 1562M->1562M(1796M) 27.284ms
[10.430s][info][gc,cpu         ] GC(139) User=0.02s Sys=0.00s Real=0.03s
[10.447s][info][gc,start       ] GC(140) Pause Young (Allocation Failure)
[10.479s][info][gc,heap        ] GC(140) PSYoungGen: 51360K(132096K)->51360K(70144K) Eden: 18432K(18432K)->0K(18432K) From: 32928K(113664K)->51360K(51712K)
[10.479s][info][gc,heap        ] GC(140) ParOldGen: 1566986K(1707008K)->1567090K(1707008K)
[10.479s][info][gc,metaspace   ] GC(140) Metaspace: 6298K(6464K)->6298K(6464K) NonClass: 5765K(5824K)->5765K(5824K) Class: 533K(640K)->533K(640K)
[10.479s][info][gc             ] GC(140) Pause Young (Allocation Failure) 1580M->1580M(1735M) 32.048ms
[10.479s][info][gc,cpu         ] GC(140) User=0.05s Sys=0.00s Real=0.03s
[10.498s][info][gc,start       ] GC(141) Pause Young (Allocation Failure)
[10.536s][info][gc,heap        ] GC(141) PSYoungGen: 69792K(70144K)->53440K(123392K) Eden: 18432K(18432K)->0K(20992K) From: 51360K(51712K)->53440K(102400K)
[10.536s][info][gc,heap        ] GC(141) ParOldGen: 1567090K(1707008K)->1583690K(1707008K)
[10.536s][info][gc,metaspace   ] GC(141) Metaspace: 6298K(6464K)->6298K(6464K) NonClass: 5765K(5824K)->5765K(5824K) Class: 533K(640K)->533K(640K)
[10.536s][info][gc             ] GC(141) Pause Young (Allocation Failure) 1598M->1598M(1787M) 37.511ms
[10.536s][info][gc,cpu         ] GC(141) User=0.16s Sys=0.00s Real=0.04s
[10.558s][info][gc,start       ] GC(142) Pause Young (Allocation Failure)
[10.596s][info][gc,heap        ] GC(142) PSYoungGen: 74432K(123392K)->58048K(128000K) Eden: 20992K(20992K)->0K(20992K) From: 53440K(102400K)->58048K(107008K)
[10.596s][info][gc,heap        ] GC(142) ParOldGen: 1583690K(1707008K)->1600298K(1707008K)
[10.596s][info][gc,metaspace   ] GC(142) Metaspace: 6298K(6464K)->6298K(6464K) NonClass: 5765K(5824K)->5765K(5824K) Class: 533K(640K)->533K(640K)
[10.597s][info][gc             ] GC(142) Pause Young (Allocation Failure) 1619M->1619M(1792M) 38.170ms
[10.597s][info][gc,cpu         ] GC(142) User=0.25s Sys=0.00s Real=0.04s
[10.619s][info][gc,start       ] GC(143) Pause Young (Allocation Failure)
[10.660s][info][gc,heap        ] GC(143) PSYoungGen: 79040K(128000K)->60576K(124416K) Eden: 20992K(20992K)->0K(24064K) From: 58048K(107008K)->60576K(100352K)
[10.660s][info][gc,heap        ] GC(143) ParOldGen: 1600298K(1707008K)->1618978K(1707008K)
[10.660s][info][gc,metaspace   ] GC(143) Metaspace: 6298K(6464K)->6298K(6464K) NonClass: 5765K(5824K)->5765K(5824K) Class: 533K(640K)->533K(640K)
[10.660s][info][gc             ] GC(143) Pause Young (Allocation Failure) 1639M->1640M(1788M) 40.171ms
[10.660s][info][gc,cpu         ] GC(143) User=0.17s Sys=0.00s Real=0.04s
[10.685s][info][gc,start       ] GC(144) Pause Young (Allocation Failure)
[10.727s][info][gc,heap        ] GC(144) PSYoungGen: 84640K(124416K)->66240K(126464K) Eden: 24064K(24064K)->0K(24064K) From: 60576K(100352K)->66240K(102400K)
[10.727s][info][gc,heap        ] GC(144) ParOldGen: 1618978K(1707008K)->1637650K(1707008K)
[10.727s][info][gc,metaspace   ] GC(144) Metaspace: 6298K(6464K)->6298K(6464K) NonClass: 5765K(5824K)->5765K(5824K) Class: 533K(640K)->533K(640K)
[10.727s][info][gc             ] GC(144) Pause Young (Allocation Failure) 1663M->1663M(1790M) 42.184ms
[10.727s][info][gc,cpu         ] GC(144) User=0.25s Sys=0.00s Real=0.04s
[10.753s][info][gc,start       ] GC(145) Pause Young (Allocation Failure)
[10.798s][info][gc,heap        ] GC(145) PSYoungGen: 90304K(126464K)->48320K(122368K) Eden: 24064K(24064K)->0K(27648K) From: 66240K(102400K)->48320K(94720K)
[10.798s][info][gc,heap        ] GC(145) ParOldGen: 1637650K(1707008K)->1680170K(1707008K)
[10.798s][info][gc,metaspace   ] GC(145) Metaspace: 6298K(6464K)->6298K(6464K) NonClass: 5765K(5824K)->5765K(5824K) Class: 533K(640K)->533K(640K)
[10.798s][info][gc             ] GC(145) Pause Young (Allocation Failure) 1687M->1687M(1786M) 45.399ms
[10.798s][info][gc,cpu         ] GC(145) User=0.17s Sys=0.06s Real=0.04s
[10.798s][info][gc,start       ] GC(146) Pause Full (Ergonomics)
[10.798s][info][gc,phases,start] GC(146) Marking Phase
[11.177s][info][gc,phases      ] GC(146) Marking Phase 378.398ms
[11.177s][info][gc,phases,start] GC(146) Summary Phase
[11.177s][info][gc,phases      ] GC(146) Summary Phase 0.049ms
[11.177s][info][gc,phases,start] GC(146) Adjust Roots
[11.177s][info][gc,phases      ] GC(146) Adjust Roots 0.440ms
[11.177s][info][gc,phases,start] GC(146) Compaction Phase
[11.349s][info][gc,phases      ] GC(146) Compaction Phase 171.589ms
[11.349s][info][gc,phases,start] GC(146) Post Compact
[11.352s][info][gc,phases      ] GC(146) Post Compact 3.264ms
[11.352s][info][gc,heap        ] GC(146) PSYoungGen: 48320K(122368K)->19458K(125952K) Eden: 0K(27648K)->0K(31232K) From: 48320K(94720K)->19458K(94720K)
[11.352s][info][gc,heap        ] GC(146) ParOldGen: 1680170K(1707008K)->1707002K(1707008K)
[11.352s][info][gc,metaspace   ] GC(146) Metaspace: 6298K(6464K)->6298K(6464K) NonClass: 5765K(5824K)->5765K(5824K) Class: 533K(640K)->533K(640K)
[11.352s][info][gc             ] GC(146) Pause Full (Ergonomics) 1687M->1685M(1790M) 554.265ms
[11.352s][info][gc,cpu         ] GC(146) User=4.00s Sys=0.02s Real=0.56s
[11.389s][info][gc,start       ] GC(147) Pause Full (Ergonomics)
[11.389s][info][gc,phases,start] GC(147) Marking Phase
[11.783s][info][gc,phases      ] GC(147) Marking Phase 394.228ms
[11.783s][info][gc,phases,start] GC(147) Summary Phase
[11.783s][info][gc,phases      ] GC(147) Summary Phase 0.030ms
[11.783s][info][gc,phases,start] GC(147) Adjust Roots
[11.783s][info][gc,phases      ] GC(147) Adjust Roots 0.161ms
[11.783s][info][gc,phases,start] GC(147) Compaction Phase
[11.928s][info][gc,phases      ] GC(147) Compaction Phase 144.339ms
[11.928s][info][gc,phases,start] GC(147) Post Compact
[11.931s][info][gc,phases      ] GC(147) Post Compact 3.314ms
[11.931s][info][gc,heap        ] GC(147) PSYoungGen: 50690K(125952K)->50660K(125952K) Eden: 31232K(31232K)->31202K(31232K) From: 19458K(94720K)->19458K(94720K)
[11.931s][info][gc,heap        ] GC(147) ParOldGen: 1707002K(1707008K)->1707002K(1707008K)
[11.931s][info][gc,metaspace   ] GC(147) Metaspace: 6298K(6464K)->6298K(6464K) NonClass: 5765K(5824K)->5765K(5824K) Class: 533K(640K)->533K(640K)
[11.931s][info][gc             ] GC(147) Pause Full (Ergonomics) 1716M->1716M(1790M) 542.513ms
[11.931s][info][gc,cpu         ] GC(147) User=3.72s Sys=0.00s Real=0.54s
[11.931s][info][gc,start       ] GC(148) Pause Full (Ergonomics)
[11.931s][info][gc,phases,start] GC(148) Marking Phase
[12.308s][info][gc,phases      ] GC(148) Marking Phase 376.300ms
[12.308s][info][gc,phases,start] GC(148) Summary Phase
[12.308s][info][gc,phases      ] GC(148) Summary Phase 0.029ms
[12.308s][info][gc,phases,start] GC(148) Adjust Roots
[12.308s][info][gc,phases      ] GC(148) Adjust Roots 0.161ms
[12.308s][info][gc,phases,start] GC(148) Compaction Phase
[12.440s][info][gc,phases      ] GC(148) Compaction Phase 131.958ms
[12.440s][info][gc,phases,start] GC(148) Post Compact
[12.443s][info][gc,phases      ] GC(148) Post Compact 3.083ms
[12.443s][info][gc,heap        ] GC(148) PSYoungGen: 50690K(125952K)->50689K(125952K) Eden: 31232K(31232K)->31231K(31232K) From: 19458K(94720K)->19458K(94720K)
[12.443s][info][gc,heap        ] GC(148) ParOldGen: 1707002K(1707008K)->1707002K(1707008K)
[12.443s][info][gc,metaspace   ] GC(148) Metaspace: 6298K(6464K)->6298K(6464K) NonClass: 5765K(5824K)->5765K(5824K) Class: 533K(640K)->533K(640K)
[12.443s][info][gc             ] GC(148) Pause Full (Ergonomics) 1716M->1716M(1790M) 511.879ms
[12.443s][info][gc,cpu         ] GC(148) User=3.59s Sys=0.00s Real=0.51s
[12.443s][info][gc,start       ] GC(149) Pause Full (Ergonomics)
[12.443s][info][gc,phases,start] GC(149) Marking Phase
[12.838s][info][gc,phases      ] GC(149) Marking Phase 394.233ms
[12.838s][info][gc,phases,start] GC(149) Summary Phase
[12.838s][info][gc,phases      ] GC(149) Summary Phase 0.029ms
[12.838s][info][gc,phases,start] GC(149) Adjust Roots
[12.838s][info][gc,phases      ] GC(149) Adjust Roots 0.166ms
[12.838s][info][gc,phases,start] GC(149) Compaction Phase
[12.965s][info][gc,phases      ] GC(149) Compaction Phase 127.334ms
[12.965s][info][gc,phases,start] GC(149) Post Compact
[12.968s][info][gc,phases      ] GC(149) Post Compact 3.069ms
[12.969s][info][gc,heap        ] GC(149) PSYoungGen: 50690K(125952K)->50690K(125952K) Eden: 31232K(31232K)->31232K(31232K) From: 19458K(94720K)->19458K(94720K)
[12.969s][info][gc,heap        ] GC(149) ParOldGen: 1707002K(1707008K)->1707002K(1707008K)
[12.969s][info][gc,metaspace   ] GC(149) Metaspace: 6298K(6464K)->6298K(6464K) NonClass: 5765K(5824K)->5765K(5824K) Class: 533K(640K)->533K(640K)
[12.969s][info][gc             ] GC(149) Pause Full (Ergonomics) 1716M->1716M(1790M) 525.174ms
[12.969s][info][gc,cpu         ] GC(149) User=3.92s Sys=0.00s Real=0.52s
[12.969s][info][gc,start       ] GC(150) Pause Full (Ergonomics)
[12.969s][info][gc,phases,start] GC(150) Marking Phase
[13.364s][info][gc,phases      ] GC(150) Marking Phase 395.479ms
[13.364s][info][gc,phases,start] GC(150) Summary Phase
[13.364s][info][gc,phases      ] GC(150) Summary Phase 0.067ms
[13.364s][info][gc,phases,start] GC(150) Adjust Roots
[13.365s][info][gc,phases      ] GC(150) Adjust Roots 0.207ms
[13.365s][info][gc,phases,start] GC(150) Compaction Phase
[13.502s][info][gc,phases      ] GC(150) Compaction Phase 137.052ms
[13.502s][info][gc,phases,start] GC(150) Post Compact
[13.505s][info][gc,phases      ] GC(150) Post Compact 3.402ms
[13.505s][info][gc,heap        ] GC(150) PSYoungGen: 50690K(125952K)->50690K(125952K) Eden: 31232K(31232K)->31232K(31232K) From: 19458K(94720K)->19458K(94720K)
[13.505s][info][gc,heap        ] GC(150) ParOldGen: 1707007K(1707008K)->1707007K(1707008K)
[13.505s][info][gc,metaspace   ] GC(150) Metaspace: 6298K(6464K)->6298K(6464K) NonClass: 5765K(5824K)->5765K(5824K) Class: 533K(640K)->533K(640K)
[13.505s][info][gc             ] GC(150) Pause Full (Ergonomics) 1716M->1716M(1790M) 536.598ms
[13.505s][info][gc,cpu         ] GC(150) User=3.64s Sys=0.00s Real=0.54s
[13.506s][info][gc,start       ] GC(151) Pause Full (Ergonomics)
[13.506s][info][gc,phases,start] GC(151) Marking Phase
[13.894s][info][gc,phases      ] GC(151) Marking Phase 388.640ms
[13.894s][info][gc,phases,start] GC(151) Summary Phase
[13.894s][info][gc,phases      ] GC(151) Summary Phase 0.030ms
[13.894s][info][gc,phases,start] GC(151) Adjust Roots
[13.895s][info][gc,phases      ] GC(151) Adjust Roots 0.163ms
[13.895s][info][gc,phases,start] GC(151) Compaction Phase
[14.020s][info][gc,phases      ] GC(151) Compaction Phase 125.313ms
[14.020s][info][gc,phases,start] GC(151) Post Compact
[14.023s][info][gc,phases      ] GC(151) Post Compact 3.337ms
[14.023s][info][gc,heap        ] GC(151) PSYoungGen: 50690K(125952K)->50690K(125952K) Eden: 31232K(31232K)->31232K(31232K) From: 19458K(94720K)->19458K(94720K)
[14.023s][info][gc,heap        ] GC(151) ParOldGen: 1707007K(1707008K)->1707007K(1707008K)
[14.023s][info][gc,metaspace   ] GC(151) Metaspace: 6298K(6464K)->6298K(6464K) NonClass: 5765K(5824K)->5765K(5824K) Class: 533K(640K)->533K(640K)
[14.023s][info][gc             ] GC(151) Pause Full (Ergonomics) 1716M->1716M(1790M) 517.851ms
[14.023s][info][gc,cpu         ] GC(151) User=3.80s Sys=0.02s Real=0.52s
[14.024s][info][gc,start       ] GC(152) Pause Full (Allocation Failure)
[14.024s][info][gc,phases,start] GC(152) Marking Phase
[14.414s][info][gc,phases      ] GC(152) Marking Phase 390.026ms
[14.414s][info][gc,phases,start] GC(152) Summary Phase
[14.414s][info][gc,phases      ] GC(152) Summary Phase 0.031ms
[14.414s][info][gc,phases,start] GC(152) Adjust Roots
[14.414s][info][gc,phases      ] GC(152) Adjust Roots 0.413ms
[14.414s][info][gc,phases,start] GC(152) Compaction Phase
[14.854s][info][gc,phases      ] GC(152) Compaction Phase 439.611ms
[14.854s][info][gc,phases,start] GC(152) Post Compact
[14.857s][info][gc,phases      ] GC(152) Post Compact 3.278ms
[14.857s][info][gc,heap        ] GC(152) PSYoungGen: 50690K(125952K)->50690K(125952K) Eden: 31232K(31232K)->31232K(31232K) From: 19458K(94720K)->19458K(94720K)
[14.857s][info][gc,heap        ] GC(152) ParOldGen: 1707007K(1707008K)->1707003K(1707008K)
[14.857s][info][gc,metaspace   ] GC(152) Metaspace: 6298K(6464K)->6296K(6464K) NonClass: 5765K(5824K)->5763K(5824K) Class: 533K(640K)->532K(640K)
[14.857s][info][gc             ] GC(152) Pause Full (Allocation Failure) 1716M->1716M(1790M) 833.700ms
[14.857s][info][gc,cpu         ] GC(152) User=6.22s Sys=0.00s Real=0.83s
[14.858s][info][gc,start       ] GC(153) Pause Full (Ergonomics)
[14.858s][info][gc,phases,start] GC(153) Marking Phase
[15.243s][info][gc,phases      ] GC(153) Marking Phase 385.398ms
[15.243s][info][gc,phases,start] GC(153) Summary Phase
[15.243s][info][gc,phases      ] GC(153) Summary Phase 0.030ms
[15.243s][info][gc,phases,start] GC(153) Adjust Roots
[15.243s][info][gc,phases      ] GC(153) Adjust Roots 0.178ms
[15.244s][info][gc,phases,start] GC(153) Compaction Phase
[15.371s][info][gc,phases      ] GC(153) Compaction Phase 127.619ms
[15.371s][info][gc,phases,start] GC(153) Post Compact
[15.374s][info][gc,phases      ] GC(153) Post Compact 3.109ms
[15.374s][info][gc,heap        ] GC(153) PSYoungGen: 50690K(125952K)->50690K(125952K) Eden: 31232K(31232K)->31232K(31232K) From: 19458K(94720K)->19458K(94720K)
[15.374s][info][gc,heap        ] GC(153) ParOldGen: 1707007K(1707008K)->1707007K(1707008K)
[15.374s][info][gc,metaspace   ] GC(153) Metaspace: 6296K(6464K)->6296K(6464K) NonClass: 5763K(5824K)->5763K(5824K) Class: 532K(640K)->532K(640K)
[15.374s][info][gc             ] GC(153) Pause Full (Ergonomics) 1716M->1716M(1790M) 516.673ms
[15.374s][info][gc,cpu         ] GC(153) User=3.70s Sys=0.00s Real=0.52s
[15.375s][info][gc,start       ] GC(154) Pause Full (Ergonomics)
[15.375s][info][gc,phases,start] GC(154) Marking Phase
[15.766s][info][gc,phases      ] GC(154) Marking Phase 390.792ms
[15.766s][info][gc,phases,start] GC(154) Summary Phase
[15.766s][info][gc,phases      ] GC(154) Summary Phase 0.030ms
[15.766s][info][gc,phases,start] GC(154) Adjust Roots
[15.766s][info][gc,phases      ] GC(154) Adjust Roots 0.168ms
[15.766s][info][gc,phases,start] GC(154) Compaction Phase
[15.896s][info][gc,phases      ] GC(154) Compaction Phase 130.373ms
[15.896s][info][gc,phases,start] GC(154) Post Compact
[15.900s][info][gc,phases      ] GC(154) Post Compact 3.334ms
[15.900s][info][gc,heap        ] GC(154) PSYoungGen: 50690K(125952K)->50690K(125952K) Eden: 31232K(31232K)->31232K(31232K) From: 19458K(94720K)->19458K(94720K)
[15.900s][info][gc,heap        ] GC(154) ParOldGen: 1707007K(1707008K)->1707007K(1707008K)
[15.900s][info][gc,metaspace   ] GC(154) Metaspace: 6296K(6464K)->6296K(6464K) NonClass: 5763K(5824K)->5763K(5824K) Class: 532K(640K)->532K(640K)
[15.900s][info][gc             ] GC(154) Pause Full (Ergonomics) 1716M->1716M(1790M) 525.077ms
[15.900s][info][gc,cpu         ] GC(154) User=3.69s Sys=0.00s Real=0.52s
[15.900s][info][gc,start       ] GC(155) Pause Full (Allocation Failure)
[15.900s][info][gc,phases,start] GC(155) Marking Phase
[16.287s][info][gc,phases      ] GC(155) Marking Phase 386.978ms
[16.287s][info][gc,phases,start] GC(155) Summary Phase
[16.287s][info][gc,phases      ] GC(155) Summary Phase 0.052ms
[16.287s][info][gc,phases,start] GC(155) Adjust Roots
[16.287s][info][gc,phases      ] GC(155) Adjust Roots 0.178ms
[16.287s][info][gc,phases,start] GC(155) Compaction Phase
[16.412s][info][gc,phases      ] GC(155) Compaction Phase 124.530ms
[16.412s][info][gc,phases,start] GC(155) Post Compact
[16.415s][info][gc,phases      ] GC(155) Post Compact 3.413ms
[16.416s][info][gc,heap        ] GC(155) PSYoungGen: 50690K(125952K)->50690K(125952K) Eden: 31232K(31232K)->31232K(31232K) From: 19458K(94720K)->19458K(94720K)
[16.416s][info][gc,heap        ] GC(155) ParOldGen: 1707007K(1707008K)->1707007K(1707008K)
[16.416s][info][gc,metaspace   ] GC(155) Metaspace: 6296K(6464K)->6296K(6464K) NonClass: 5763K(5824K)->5763K(5824K) Class: 532K(640K)->532K(640K)
[16.416s][info][gc             ] GC(155) Pause Full (Allocation Failure) 1716M->1716M(1790M) 515.504ms
[16.416s][info][gc,cpu         ] GC(155) User=3.83s Sys=0.00s Real=0.52s
[16.416s][info][gc,start       ] GC(156) Pause Full (Ergonomics)
[16.416s][info][gc,phases,start] GC(156) Marking Phase
[16.808s][info][gc,phases      ] GC(156) Marking Phase 391.482ms
[16.808s][info][gc,phases,start] GC(156) Summary Phase
[16.808s][info][gc,phases      ] GC(156) Summary Phase 0.029ms
[16.808s][info][gc,phases,start] GC(156) Adjust Roots
[16.808s][info][gc,phases      ] GC(156) Adjust Roots 0.239ms
[16.808s][info][gc,phases,start] GC(156) Compaction Phase
[17.254s][info][gc,phases      ] GC(156) Compaction Phase 445.678ms
[17.254s][info][gc,phases,start] GC(156) Post Compact
[17.257s][info][gc,phases      ] GC(156) Post Compact 3.306ms
[17.257s][info][gc,heap        ] GC(156) PSYoungGen: 50690K(125952K)->50690K(125952K) Eden: 31232K(31232K)->31232K(31232K) From: 19458K(94720K)->19458K(94720K)
[17.257s][info][gc,heap        ] GC(156) ParOldGen: 1707007K(1707008K)->1707006K(1707008K)
[17.257s][info][gc,metaspace   ] GC(156) Metaspace: 6296K(6464K)->6296K(6464K) NonClass: 5763K(5824K)->5763K(5824K) Class: 532K(640K)->532K(640K)
[17.257s][info][gc             ] GC(156) Pause Full (Ergonomics) 1716M->1716M(1790M) 841.190ms
[17.257s][info][gc,cpu         ] GC(156) User=6.09s Sys=0.00s Real=0.84s
[17.258s][info][gc,start       ] GC(157) Pause Full (Ergonomics)
[17.259s][info][gc,phases,start] GC(157) Marking Phase
[17.653s][info][gc,phases      ] GC(157) Marking Phase 394.068ms
[17.653s][info][gc,phases,start] GC(157) Summary Phase
[17.653s][info][gc,phases      ] GC(157) Summary Phase 0.035ms
[17.653s][info][gc,phases,start] GC(157) Adjust Roots
[17.653s][info][gc,phases      ] GC(157) Adjust Roots 0.263ms
[17.653s][info][gc,phases,start] GC(157) Compaction Phase
[18.101s][info][gc,phases      ] GC(157) Compaction Phase 447.720ms
[18.101s][info][gc,phases,start] GC(157) Post Compact
[18.104s][info][gc,phases      ] GC(157) Post Compact 3.326ms
[18.104s][info][gc,heap        ] GC(157) PSYoungGen: 50690K(125952K)->50690K(125952K) Eden: 31232K(31232K)->31232K(31232K) From: 19458K(94720K)->19458K(94720K)
[18.104s][info][gc,heap        ] GC(157) ParOldGen: 1707007K(1707008K)->1707005K(1707008K)
[18.104s][info][gc,metaspace   ] GC(157) Metaspace: 6298K(6464K)->6298K(6464K) NonClass: 5764K(5824K)->5764K(5824K) Class: 533K(640K)->533K(640K)
[18.104s][info][gc             ] GC(157) Pause Full (Ergonomics) 1716M->1716M(1790M) 845.791ms
[18.104s][info][gc,cpu         ] GC(157) User=6.20s Sys=0.02s Real=0.85s
[18.105s][info][gc,heap,exit   ] Heap
[18.105s][info][gc,heap,exit   ]  PSYoungGen      total 125952K, used 50690K [0x000000057ff00000, 0x000000058e280000, 0x00000005b4000000)
[18.105s][info][gc,heap,exit   ]   eden space 31232K, 100% used [0x000000057ff00000,0x0000000581d80000,0x0000000581d80000)
[18.105s][info][gc,heap,exit   ]   from space 94720K, 20% used [0x0000000587e80000,0x00000005891809f8,0x000000058db00000)
[18.105s][info][gc,heap,exit   ]   to   space 98816K, 0% used [0x0000000581d80000,0x0000000581d80000,0x0000000587e00000)
[18.105s][info][gc,heap,exit   ]  ParOldGen       total 1707008K, used 1707006K [0x0000000517c00000, 0x000000057ff00000, 0x000000057ff00000)
[18.105s][info][gc,heap,exit   ]   object space 1707008K, 99% used [0x0000000517c00000,0x000000057feff800,0x000000057ff00000)
[18.105s][info][gc,heap,exit   ]  Metaspace       used 6301K, committed 6464K, reserved 1114112K
[18.105s][info][gc,heap,exit   ]   class space    used 534K, committed 640K, reserved 1048576K
