[0.019s][info][gc,init] CardTable entry size: 512
[0.020s][info][gc     ] Using Serial
[0.020s][info][gc,init] Version: 18.0.1+10 (release)
[0.020s][info][gc,init] CPUs: 8 total, 8 available
[0.020s][info][gc,init] Memory: 16063M
[0.020s][info][gc,init] Large Page Support: Disabled
[0.020s][info][gc,init] NUMA Support: Disabled
[0.020s][info][gc,init] Compressed Oops: Enabled (Zero based)
[0.020s][info][gc,init] Heap Min Capacity: 2M
[0.020s][info][gc,init] Heap Initial Capacity: 2M
[0.020s][info][gc,init] Heap Max Capacity: 15100M
[0.020s][info][gc,init] Pre-touch: Disabled
[0.021s][info][gc,metaspace] CDS archive(s) not mapped
[0.021s][info][gc,metaspace] Compressed class space mapped at: 0x0000000800000000-0x0000000840000000, reserved size: 1073741824
[0.021s][info][gc,metaspace] Narrow klass base: 0x0000000800000000, Narrow klass shift: 0, Narrow klass range: 0x40000000
[0.184s][info][gc,start    ] GC(0) Pause Young (Allocation Failure)
[0.186s][info][gc,heap     ] GC(0) DefNew: 1023K(1152K)->127K(1152K) Eden: 1023K(1024K)->0K(1024K) From: 0K(128K)->127K(128K)
[0.186s][info][gc,heap     ] GC(0) Tenured: 0K(768K)->439K(768K)
[0.186s][info][gc,metaspace] GC(0) Metaspace: 5902K(6016K)->5902K(6016K) NonClass: 5403K(5504K)->5403K(5504K) Class: 499K(512K)->499K(512K)
[0.186s][info][gc          ] GC(0) Pause Young (Allocation Failure) 0M->0M(1M) 1.895ms
[0.186s][info][gc,cpu      ] GC(0) User=0.00s Sys=0.00s Real=0.00s
[0.208s][info][gc,start    ] GC(1) Pause Young (Allocation Failure)
[0.209s][info][gc          ] GC(1) Pause Young (Allocation Failure) 1M->0M(2M) 1.323ms
[0.209s][info][gc,cpu      ] GC(1) User=0.00s Sys=0.00s Real=0.00s
[0.209s][info][gc,start    ] GC(2) Pause Full (Allocation Failure)
[0.210s][info][gc,phases,start] GC(2) Phase 1: Mark live objects
[0.211s][info][gc,phases      ] GC(2) Phase 1: Mark live objects 1.063ms
[0.211s][info][gc,phases,start] GC(2) Phase 2: Compute new object addresses
[0.211s][info][gc,phases      ] GC(2) Phase 2: Compute new object addresses 0.273ms
[0.211s][info][gc,phases,start] GC(2) Phase 3: Adjust pointers
[0.211s][info][gc,phases      ] GC(2) Phase 3: Adjust pointers 0.545ms
[0.211s][info][gc,phases,start] GC(2) Phase 4: Move objects
[0.212s][info][gc,phases      ] GC(2) Phase 4: Move objects 0.075ms
[0.212s][info][gc,heap        ] GC(2) DefNew: 1151K(1152K)->41K(1152K) Eden: 1024K(1024K)->41K(1024K) From: 127K(128K)->0K(128K)
[0.212s][info][gc,heap        ] GC(2) Tenured: 439K(768K)->960K(1600K)
[0.212s][info][gc,metaspace   ] GC(2) Metaspace: 6299K(6464K)->6299K(6464K) NonClass: 5766K(5824K)->5766K(5824K) Class: 533K(640K)->533K(640K)
[0.212s][info][gc             ] GC(2) Pause Full (Allocation Failure) 0M->0M(2M) 2.245ms
[0.212s][info][gc,cpu         ] GC(2) User=0.00s Sys=0.00s Real=0.00s
[0.213s][info][gc,start       ] GC(3) Pause Young (Allocation Failure)
[0.215s][info][gc,heap        ] GC(3) DefNew: 1024K(1152K)->127K(1152K) Eden: 1024K(1024K)->0K(1024K) From: 0K(128K)->127K(128K)
[0.215s][info][gc,heap        ] GC(3) Tenured: 960K(1600K)->1375K(1600K)
[0.215s][info][gc,metaspace   ] GC(3) Metaspace: 6299K(6464K)->6299K(6464K) NonClass: 5766K(5824K)->5766K(5824K) Class: 533K(640K)->533K(640K)
[0.215s][info][gc             ] GC(3) Pause Young (Allocation Failure) 1M->1M(2M) 1.960ms
[0.215s][info][gc,cpu         ] GC(3) User=0.00s Sys=0.00s Real=0.00s
[0.218s][info][gc,start       ] GC(4) Pause Young (Allocation Failure)
[0.219s][info][gc             ] GC(4) Pause Young (Allocation Failure) 2M->1M(3M) 1.325ms
[0.219s][info][gc,cpu         ] GC(4) User=0.00s Sys=0.00s Real=0.00s
[0.219s][info][gc,start       ] GC(5) Pause Full (Allocation Failure)
[0.219s][info][gc,phases,start] GC(5) Phase 1: Mark live objects
[0.220s][info][gc,phases      ] GC(5) Phase 1: Mark live objects 1.516ms
[0.220s][info][gc,phases,start] GC(5) Phase 2: Compute new object addresses
[0.221s][info][gc,phases      ] GC(5) Phase 2: Compute new object addresses 0.420ms
[0.221s][info][gc,phases,start] GC(5) Phase 3: Adjust pointers
[0.222s][info][gc,phases      ] GC(5) Phase 3: Adjust pointers 0.730ms
[0.222s][info][gc,phases,start] GC(5) Phase 4: Move objects
[0.222s][info][gc,phases      ] GC(5) Phase 4: Move objects 0.075ms
[0.222s][info][gc,heap        ] GC(5) DefNew: 1151K(1152K)->35K(1536K) Eden: 1024K(1024K)->35K(1408K) From: 127K(128K)->0K(128K)
[0.222s][info][gc,heap        ] GC(5) Tenured: 1375K(1600K)->1983K(3308K)
[0.222s][info][gc,metaspace   ] GC(5) Metaspace: 6299K(6464K)->6299K(6464K) NonClass: 5766K(5824K)->5766K(5824K) Class: 533K(640K)->533K(640K)
[0.222s][info][gc             ] GC(5) Pause Full (Allocation Failure) 1M->1M(4M) 3.061ms
[0.222s][info][gc,cpu         ] GC(5) User=0.00s Sys=0.00s Real=0.00s
[0.224s][info][gc,start       ] GC(6) Pause Young (Allocation Failure)
[0.226s][info][gc,heap        ] GC(6) DefNew: 1408K(1536K)->127K(1536K) Eden: 1408K(1408K)->0K(1408K) From: 0K(128K)->127K(128K)
[0.226s][info][gc,heap        ] GC(6) Tenured: 1983K(3308K)->2617K(3308K)
[0.226s][info][gc,metaspace   ] GC(6) Metaspace: 6299K(6464K)->6299K(6464K) NonClass: 5766K(5824K)->5766K(5824K) Class: 533K(640K)->533K(640K)
[0.226s][info][gc             ] GC(6) Pause Young (Allocation Failure) 3M->2M(4M) 2.003ms
[0.226s][info][gc,cpu         ] GC(6) User=0.00s Sys=0.00s Real=0.00s
[0.228s][info][gc,start       ] GC(7) Pause Young (Allocation Failure)
[0.230s][info][gc             ] GC(7) Pause Young (Allocation Failure) 4M->3M(4M) 1.672ms
[0.230s][info][gc,cpu         ] GC(7) User=0.00s Sys=0.00s Real=0.00s
[0.230s][info][gc,start       ] GC(8) Pause Full (Allocation Failure)
[0.230s][info][gc,phases,start] GC(8) Phase 1: Mark live objects
[0.232s][info][gc,phases      ] GC(8) Phase 1: Mark live objects 2.392ms
[0.232s][info][gc,phases,start] GC(8) Phase 2: Compute new object addresses
[0.233s][info][gc,phases      ] GC(8) Phase 2: Compute new object addresses 0.700ms
[0.233s][info][gc,phases,start] GC(8) Phase 3: Adjust pointers
[0.234s][info][gc,phases      ] GC(8) Phase 3: Adjust pointers 1.103ms
[0.234s][info][gc,phases,start] GC(8) Phase 4: Move objects
[0.234s][info][gc,phases      ] GC(8) Phase 4: Move objects 0.080ms
[0.234s][info][gc,heap        ] GC(8) DefNew: 1535K(1536K)->0K(2688K) Eden: 1408K(1408K)->0K(2432K) From: 127K(128K)->0K(256K)
[0.234s][info][gc,heap        ] GC(8) Tenured: 2617K(3308K)->3460K(5768K)
[0.234s][info][gc,metaspace   ] GC(8) Metaspace: 6299K(6464K)->6299K(6464K) NonClass: 5766K(5824K)->5766K(5824K) Class: 533K(640K)->533K(640K)
[0.234s][info][gc             ] GC(8) Pause Full (Allocation Failure) 3M->3M(8M) 4.591ms
[0.234s][info][gc,cpu         ] GC(8) User=0.00s Sys=0.00s Real=0.00s
[0.238s][info][gc,start       ] GC(9) Pause Young (Allocation Failure)
[0.242s][info][gc,heap        ] GC(9) DefNew: 2431K(2688K)->256K(2688K) Eden: 2431K(2432K)->0K(2432K) From: 0K(256K)->256K(256K)
[0.242s][info][gc,heap        ] GC(9) Tenured: 3460K(5768K)->4513K(5768K)
[0.242s][info][gc,metaspace   ] GC(9) Metaspace: 6299K(6464K)->6299K(6464K) NonClass: 5766K(5824K)->5766K(5824K) Class: 533K(640K)->533K(640K)
[0.242s][info][gc             ] GC(9) Pause Young (Allocation Failure) 5M->4M(8M) 3.293ms
[0.242s][info][gc,cpu         ] GC(9) User=0.00s Sys=0.00s Real=0.00s
[0.244s][info][gc,start       ] GC(10) Pause Young (Allocation Failure)
[0.248s][info][gc,heap        ] GC(10) DefNew: 2688K(2688K)->255K(2688K) Eden: 2432K(2432K)->0K(2432K) From: 256K(256K)->255K(256K)
[0.248s][info][gc,heap        ] GC(10) Tenured: 4513K(5768K)->5755K(5768K)
[0.248s][info][gc,metaspace   ] GC(10) Metaspace: 6299K(6464K)->6299K(6464K) NonClass: 5766K(5824K)->5766K(5824K) Class: 533K(640K)->533K(640K)
[0.248s][info][gc             ] GC(10) Pause Young (Allocation Failure) 7M->5M(8M) 3.645ms
[0.248s][info][gc,cpu         ] GC(10) User=0.00s Sys=0.00s Real=0.00s
[0.251s][info][gc,start       ] GC(11) Pause Young (Allocation Failure)
[0.254s][info][gc             ] GC(11) Pause Young (Allocation Failure) 8M->7M(9M) 3.210ms
[0.254s][info][gc,cpu         ] GC(11) User=0.00s Sys=0.00s Real=0.00s
[0.254s][info][gc,start       ] GC(12) Pause Full (Allocation Failure)
[0.255s][info][gc,phases,start] GC(12) Phase 1: Mark live objects
[0.259s][info][gc,phases      ] GC(12) Phase 1: Mark live objects 4.152ms
[0.259s][info][gc,phases,start] GC(12) Phase 2: Compute new object addresses
[0.260s][info][gc,phases      ] GC(12) Phase 2: Compute new object addresses 1.187ms
[0.260s][info][gc,phases,start] GC(12) Phase 3: Adjust pointers
[0.262s][info][gc,phases      ] GC(12) Phase 3: Adjust pointers 1.656ms
[0.262s][info][gc,phases,start] GC(12) Phase 4: Move objects
[0.263s][info][gc,phases      ] GC(12) Phase 4: Move objects 1.544ms
[0.263s][info][gc,heap        ] GC(12) DefNew: 2687K(2688K)->0K(5376K) Eden: 2432K(2432K)->0K(4800K) From: 255K(256K)->0K(576K)
[0.263s][info][gc,heap        ] GC(12) Tenured: 5755K(5768K)->7131K(11888K)
[0.263s][info][gc,metaspace   ] GC(12) Metaspace: 6299K(6464K)->6299K(6464K) NonClass: 5766K(5824K)->5766K(5824K) Class: 533K(640K)->533K(640K)
[0.263s][info][gc             ] GC(12) Pause Full (Allocation Failure) 7M->6M(16M) 9.008ms
[0.263s][info][gc,cpu         ] GC(12) User=0.00s Sys=0.00s Real=0.01s
[0.269s][info][gc,start       ] GC(13) Pause Young (Allocation Failure)
[0.274s][info][gc,heap        ] GC(13) DefNew: 4800K(5376K)->575K(5376K) Eden: 4800K(4800K)->0K(4800K) From: 0K(576K)->575K(576K)
[0.274s][info][gc,heap        ] GC(13) Tenured: 7131K(11888K)->9026K(11888K)
[0.274s][info][gc,metaspace   ] GC(13) Metaspace: 6299K(6464K)->6299K(6464K) NonClass: 5766K(5824K)->5766K(5824K) Class: 533K(640K)->533K(640K)
[0.274s][info][gc             ] GC(13) Pause Young (Allocation Failure) 11M->9M(16M) 5.230ms
[0.274s][info][gc,cpu         ] GC(13) User=0.00s Sys=0.00s Real=0.00s
[0.279s][info][gc,start       ] GC(14) Pause Young (Allocation Failure)
[0.285s][info][gc,heap        ] GC(14) DefNew: 5375K(5376K)->576K(5376K) Eden: 4800K(4800K)->0K(4800K) From: 575K(576K)->576K(576K)
[0.285s][info][gc,heap        ] GC(14) Tenured: 9026K(11888K)->11746K(11888K)
[0.285s][info][gc,metaspace   ] GC(14) Metaspace: 6299K(6464K)->6299K(6464K) NonClass: 5766K(5824K)->5766K(5824K) Class: 533K(640K)->533K(640K)
[0.286s][info][gc             ] GC(14) Pause Young (Allocation Failure) 14M->12M(16M) 6.054ms
[0.286s][info][gc,cpu         ] GC(14) User=0.00s Sys=0.00s Real=0.01s
[0.290s][info][gc,start       ] GC(15) Pause Young (Allocation Failure)
[0.296s][info][gc             ] GC(15) Pause Young (Allocation Failure) 16M->14M(19M) 6.003ms
[0.296s][info][gc,cpu         ] GC(15) User=0.00s Sys=0.00s Real=0.01s
[0.296s][info][gc,start       ] GC(16) Pause Full (Allocation Failure)
[0.296s][info][gc,phases,start] GC(16) Phase 1: Mark live objects
[0.304s][info][gc,phases      ] GC(16) Phase 1: Mark live objects 7.638ms
[0.304s][info][gc,phases,start] GC(16) Phase 2: Compute new object addresses
[0.306s][info][gc,phases      ] GC(16) Phase 2: Compute new object addresses 2.386ms
[0.306s][info][gc,phases,start] GC(16) Phase 3: Adjust pointers
[0.309s][info][gc,phases      ] GC(16) Phase 3: Adjust pointers 3.226ms
[0.309s][info][gc,phases,start] GC(16) Phase 4: Move objects
[0.310s][info][gc,phases      ] GC(16) Phase 4: Move objects 0.222ms
[0.310s][info][gc,heap        ] GC(16) DefNew: 5376K(5376K)->386K(10880K) Eden: 4800K(4800K)->386K(9728K) From: 576K(576K)->0K(1152K)
[0.310s][info][gc,heap        ] GC(16) Tenured: 11746K(11888K)->14383K(23976K)
[0.310s][info][gc,metaspace   ] GC(16) Metaspace: 6301K(6464K)->6301K(6464K) NonClass: 5768K(5824K)->5768K(5824K) Class: 533K(640K)->533K(640K)
[0.310s][info][gc             ] GC(16) Pause Full (Allocation Failure) 14M->14M(34M) 13.800ms
[0.310s][info][gc,cpu         ] GC(16) User=0.02s Sys=0.00s Real=0.01s
[0.317s][info][gc,start       ] GC(17) Pause Young (Allocation Failure)
[0.330s][info][gc,heap        ] GC(17) DefNew: 9728K(10880K)->1151K(10880K) Eden: 9728K(9728K)->0K(9728K) From: 0K(1152K)->1151K(1152K)
[0.330s][info][gc,heap        ] GC(17) Tenured: 14383K(23976K)->18414K(23976K)
[0.330s][info][gc,metaspace   ] GC(17) Metaspace: 6301K(6464K)->6301K(6464K) NonClass: 5768K(5824K)->5768K(5824K) Class: 533K(640K)->533K(640K)
[0.330s][info][gc             ] GC(17) Pause Young (Allocation Failure) 23M->19M(34M) 13.229ms
[0.330s][info][gc,cpu         ] GC(17) User=0.00s Sys=0.00s Real=0.01s
[0.336s][info][gc,start       ] GC(18) Pause Young (Allocation Failure)
[0.351s][info][gc,heap        ] GC(18) DefNew: 10879K(10880K)->1151K(10880K) Eden: 9728K(9728K)->0K(9728K) From: 1151K(1152K)->1151K(1152K)
[0.351s][info][gc,heap        ] GC(18) Tenured: 18414K(23976K)->23936K(23976K)
[0.351s][info][gc,metaspace   ] GC(18) Metaspace: 6301K(6464K)->6301K(6464K) NonClass: 5768K(5824K)->5768K(5824K) Class: 533K(640K)->533K(640K)
[0.351s][info][gc             ] GC(18) Pause Young (Allocation Failure) 28M->24M(34M) 14.307ms
[0.351s][info][gc,cpu         ] GC(18) User=0.00s Sys=0.00s Real=0.01s
[0.357s][info][gc,start       ] GC(19) Pause Young (Allocation Failure)
[0.368s][info][gc             ] GC(19) Pause Young (Allocation Failure) 34M->29M(38M) 11.530ms
[0.369s][info][gc,cpu         ] GC(19) User=0.02s Sys=0.00s Real=0.01s
[0.369s][info][gc,start       ] GC(20) Pause Full (Allocation Failure)
[0.369s][info][gc,phases,start] GC(20) Phase 1: Mark live objects
[0.382s][info][gc,phases      ] GC(20) Phase 1: Mark live objects 13.700ms
[0.382s][info][gc,phases,start] GC(20) Phase 2: Compute new object addresses
[0.387s][info][gc,phases      ] GC(20) Phase 2: Compute new object addresses 4.677ms
[0.387s][info][gc,phases,start] GC(20) Phase 3: Adjust pointers
[0.393s][info][gc,phases      ] GC(20) Phase 3: Adjust pointers 5.420ms
[0.393s][info][gc,phases,start] GC(20) Phase 4: Move objects
[0.393s][info][gc,phases      ] GC(20) Phase 4: Move objects 0.170ms
[0.393s][info][gc,heap        ] GC(20) DefNew: 10879K(10880K)->1079K(21888K) Eden: 9728K(9728K)->1079K(19520K) From: 1151K(1152K)->0K(2368K)
[0.393s][info][gc,heap        ] GC(20) Tenured: 23936K(23976K)->29035K(48396K)
[0.393s][info][gc,metaspace   ] GC(20) Metaspace: 6301K(6464K)->6301K(6464K) NonClass: 5768K(5824K)->5768K(5824K) Class: 533K(640K)->533K(640K)
[0.393s][info][gc             ] GC(20) Pause Full (Allocation Failure) 29M->29M(68M) 24.403ms
[0.393s][info][gc,cpu         ] GC(20) User=0.03s Sys=0.00s Real=0.02s
[0.409s][info][gc,start       ] GC(21) Pause Young (Allocation Failure)
[0.437s][info][gc,heap        ] GC(21) DefNew: 19520K(21888K)->2367K(21888K) Eden: 19520K(19520K)->0K(19520K) From: 0K(2368K)->2367K(2368K)
[0.437s][info][gc,heap        ] GC(21) Tenured: 29035K(48396K)->39356K(48396K)
[0.437s][info][gc,metaspace   ] GC(21) Metaspace: 6301K(6464K)->6301K(6464K) NonClass: 5768K(5824K)->5768K(5824K) Class: 533K(640K)->533K(640K)
[0.437s][info][gc             ] GC(21) Pause Young (Allocation Failure) 47M->40M(68M) 27.653ms
[0.437s][info][gc,cpu         ] GC(21) User=0.02s Sys=0.00s Real=0.03s
[0.455s][info][gc,start       ] GC(22) Pause Young (Allocation Failure)
[0.490s][info][gc             ] GC(22) Pause Young (Allocation Failure) 59M->59M(78M) 34.841ms
[0.490s][info][gc,cpu         ] GC(22) User=0.02s Sys=0.02s Real=0.03s
[0.490s][info][gc,start       ] GC(23) Pause Full (Allocation Failure)
[0.490s][info][gc,phases,start] GC(23) Phase 1: Mark live objects
[0.515s][info][gc,phases      ] GC(23) Phase 1: Mark live objects 24.113ms
[0.515s][info][gc,phases,start] GC(23) Phase 2: Compute new object addresses
[0.524s][info][gc,phases      ] GC(23) Phase 2: Compute new object addresses 9.462ms
[0.524s][info][gc,phases,start] GC(23) Phase 3: Adjust pointers
[0.535s][info][gc,phases      ] GC(23) Phase 3: Adjust pointers 10.560ms
[0.535s][info][gc,phases,start] GC(23) Phase 4: Move objects
[0.535s][info][gc,phases      ] GC(23) Phase 4: Move objects 0.251ms
[0.535s][info][gc,heap        ] GC(23) DefNew: 21887K(21888K)->2367K(44224K) Eden: 19520K(19520K)->2367K(39360K) From: 2367K(2368K)->0K(4864K)
[0.535s][info][gc,heap        ] GC(23) Tenured: 39356K(48396K)->58844K(98076K)
[0.535s][info][gc,metaspace   ] GC(23) Metaspace: 6301K(6464K)->6301K(6464K) NonClass: 5768K(5824K)->5768K(5824K) Class: 533K(640K)->533K(640K)
[0.535s][info][gc             ] GC(23) Pause Full (Allocation Failure) 59M->59M(138M) 44.951ms
[0.535s][info][gc,cpu         ] GC(23) User=0.03s Sys=0.00s Real=0.05s
[0.576s][info][gc,start       ] GC(24) Pause Young (Allocation Failure)
[0.635s][info][gc,heap        ] GC(24) DefNew: 39360K(44224K)->4863K(44224K) Eden: 39360K(39360K)->0K(39360K) From: 0K(4864K)->4863K(4864K)
[0.635s][info][gc,heap        ] GC(24) Tenured: 58844K(98076K)->91268K(98076K)
[0.635s][info][gc,metaspace   ] GC(24) Metaspace: 6301K(6464K)->6301K(6464K) NonClass: 5768K(5824K)->5768K(5824K) Class: 533K(640K)->533K(640K)
[0.635s][info][gc             ] GC(24) Pause Young (Allocation Failure) 95M->93M(138M) 59.628ms
[0.635s][info][gc,cpu         ] GC(24) User=0.05s Sys=0.00s Real=0.06s
[0.667s][info][gc,start       ] GC(25) Pause Young (Allocation Failure)
[0.735s][info][gc             ] GC(25) Pause Young (Allocation Failure) 132M->132M(170M) 67.923ms
[0.735s][info][gc,cpu         ] GC(25) User=0.03s Sys=0.03s Real=0.07s
[0.735s][info][gc,start       ] GC(26) Pause Full (Allocation Failure)
[0.736s][info][gc,phases,start] GC(26) Phase 1: Mark live objects
[0.789s][info][gc,phases      ] GC(26) Phase 1: Mark live objects 53.171ms
[0.789s][info][gc,phases,start] GC(26) Phase 2: Compute new object addresses
[0.810s][info][gc,phases      ] GC(26) Phase 2: Compute new object addresses 20.881ms
[0.810s][info][gc,phases,start] GC(26) Phase 3: Adjust pointers
[0.837s][info][gc,phases      ] GC(26) Phase 3: Adjust pointers 27.264ms
[0.837s][info][gc,phases,start] GC(26) Phase 4: Move objects
[0.862s][info][gc,phases      ] GC(26) Phase 4: Move objects 25.158ms
[0.863s][info][gc,heap        ] GC(26) DefNew: 44223K(44224K)->2954K(98112K) Eden: 39360K(39360K)->2954K(87232K) From: 4863K(4864K)->0K(10880K)
[0.863s][info][gc,heap        ] GC(26) Tenured: 91268K(98076K)->130715K(217860K)
[0.863s][info][gc,metaspace   ] GC(26) Metaspace: 6301K(6464K)->6301K(6464K) NonClass: 5768K(5824K)->5768K(5824K) Class: 533K(640K)->533K(640K)
[0.863s][info][gc             ] GC(26) Pause Full (Allocation Failure) 132M->130M(308M) 127.319ms
[0.863s][info][gc,cpu         ] GC(26) User=0.12s Sys=0.00s Real=0.13s
[0.951s][info][gc,start       ] GC(27) Pause Young (Allocation Failure)
[1.097s][info][gc,heap        ] GC(27) DefNew: 87232K(98112K)->10879K(98112K) Eden: 87232K(87232K)->0K(87232K) From: 0K(10880K)->10879K(10880K)
[1.097s][info][gc,heap        ] GC(27) Tenured: 130715K(217860K)->207037K(217860K)
[1.097s][info][gc,metaspace   ] GC(27) Metaspace: 6301K(6464K)->6301K(6464K) NonClass: 5768K(5824K)->5768K(5824K) Class: 533K(640K)->533K(640K)
[1.098s][info][gc             ] GC(27) Pause Young (Allocation Failure) 212M->212M(308M) 146.632ms
[1.098s][info][gc,cpu         ] GC(27) User=0.11s Sys=0.03s Real=0.15s
[1.184s][info][gc,start       ] GC(28) Pause Young (Allocation Failure)
[1.362s][info][gc             ] GC(28) Pause Young (Allocation Failure) 297M->297M(383M) 178.097ms
[1.362s][info][gc,cpu         ] GC(28) User=0.09s Sys=0.06s Real=0.18s
[1.362s][info][gc,start       ] GC(29) Pause Full (Allocation Failure)
[1.362s][info][gc,phases,start] GC(29) Phase 1: Mark live objects
[1.493s][info][gc,phases      ] GC(29) Phase 1: Mark live objects 131.255ms
[1.493s][info][gc,phases,start] GC(29) Phase 2: Compute new object addresses
[1.541s][info][gc,phases      ] GC(29) Phase 2: Compute new object addresses 47.645ms
[1.541s][info][gc,phases,start] GC(29) Phase 3: Adjust pointers
[1.598s][info][gc,phases      ] GC(29) Phase 3: Adjust pointers 57.509ms
[1.598s][info][gc,phases,start] GC(29) Phase 4: Move objects
[1.602s][info][gc,phases      ] GC(29) Phase 4: Move objects 3.190ms
[1.603s][info][gc,heap        ] GC(29) DefNew: 98111K(98112K)->10711K(220864K) Eden: 87232K(87232K)->10711K(196352K) From: 10879K(10880K)->0K(24512K)
[1.603s][info][gc,heap        ] GC(29) Tenured: 207037K(217860K)->294407K(490680K)
[1.603s][info][gc,metaspace   ] GC(29) Metaspace: 6301K(6464K)->6301K(6464K) NonClass: 5768K(5824K)->5768K(5824K) Class: 533K(640K)->533K(640K)
[1.603s][info][gc             ] GC(29) Pause Full (Allocation Failure) 297M->297M(694M) 240.942ms
[1.603s][info][gc,cpu         ] GC(29) User=0.22s Sys=0.00s Real=0.24s
[1.813s][info][gc,start       ] GC(30) Pause Young (Allocation Failure)
[2.140s][info][gc,heap        ] GC(30) DefNew: 196352K(220864K)->24512K(220864K) Eden: 196352K(196352K)->0K(196352K) From: 0K(24512K)->24512K(24512K)
[2.140s][info][gc,heap        ] GC(30) Tenured: 294407K(490680K)->466221K(490680K)
[2.140s][info][gc,metaspace   ] GC(30) Metaspace: 6301K(6464K)->6301K(6464K) NonClass: 5768K(5824K)->5768K(5824K) Class: 533K(640K)->533K(640K)
[2.140s][info][gc             ] GC(30) Pause Young (Allocation Failure) 479M->479M(694M) 327.473ms
[2.140s][info][gc,cpu         ] GC(30) User=0.30s Sys=0.03s Real=0.33s
[2.326s][info][gc,start       ] GC(31) Pause Young (Allocation Failure)
[2.709s][info][gc             ] GC(31) Pause Young (Allocation Failure) 670M->670M(862M) 383.067ms
[2.709s][info][gc,cpu         ] GC(31) User=0.30s Sys=0.08s Real=0.38s
[2.709s][info][gc,start       ] GC(32) Pause Full (Allocation Failure)
[2.709s][info][gc,phases,start] GC(32) Phase 1: Mark live objects
[3.014s][info][gc,phases      ] GC(32) Phase 1: Mark live objects 305.077ms
[3.014s][info][gc,phases,start] GC(32) Phase 2: Compute new object addresses
[3.117s][info][gc,phases      ] GC(32) Phase 2: Compute new object addresses 103.087ms
[3.117s][info][gc,phases,start] GC(32) Phase 3: Adjust pointers
[3.232s][info][gc,phases      ] GC(32) Phase 3: Adjust pointers 114.150ms
[3.232s][info][gc,phases,start] GC(32) Phase 4: Move objects
[3.237s][info][gc,phases      ] GC(32) Phase 4: Move objects 4.864ms
[3.238s][info][gc,heap        ] GC(32) DefNew: 220864K(220864K)->24461K(497024K) Eden: 196352K(196352K)->24461K(441856K) From: 24512K(24512K)->0K(55168K)
[3.239s][info][gc,heap        ] GC(32) Tenured: 466221K(490680K)->662587K(1104316K)
[3.239s][info][gc,metaspace   ] GC(32) Metaspace: 6301K(6464K)->6301K(6464K) NonClass: 5768K(5824K)->5768K(5824K) Class: 533K(640K)->533K(640K)
[3.239s][info][gc             ] GC(32) Pause Full (Allocation Failure) 670M->670M(1563M) 529.431ms
[3.239s][info][gc,cpu         ] GC(32) User=0.50s Sys=0.00s Real=0.53s
[3.709s][info][gc,start       ] GC(33) Pause Young (Allocation Failure)
[4.469s][info][gc,heap        ] GC(33) DefNew: 441856K(497024K)->55167K(497024K) Eden: 441856K(441856K)->0K(441856K) From: 0K(55168K)->55167K(55168K)
[4.469s][info][gc,heap        ] GC(33) Tenured: 662587K(1104316K)->1049250K(1104316K)
[4.469s][info][gc,metaspace   ] GC(33) Metaspace: 6301K(6464K)->6301K(6464K) NonClass: 5768K(5824K)->5768K(5824K) Class: 533K(640K)->533K(640K)
[4.469s][info][gc             ] GC(33) Pause Young (Allocation Failure) 1078M->1078M(1563M) 760.547ms
[4.469s][info][gc,cpu         ] GC(33) User=0.67s Sys=0.06s Real=0.76s
[4.943s][info][gc,start       ] GC(34) Pause Young (Allocation Failure)
[5.648s][info][gc             ] GC(34) Pause Young (Allocation Failure) 1510M->1456M(1888M) 704.952ms
[5.648s][info][gc,cpu         ] GC(34) User=0.59s Sys=0.08s Real=0.70s
[5.648s][info][gc,start       ] GC(35) Pause Full (Allocation Failure)
[5.648s][info][gc,phases,start] GC(35) Phase 1: Mark live objects
[6.281s][info][gc,phases      ] GC(35) Phase 1: Mark live objects 632.664ms
[6.281s][info][gc,phases,start] GC(35) Phase 2: Compute new object addresses
[6.498s][info][gc,phases      ] GC(35) Phase 2: Compute new object addresses 217.665ms
[6.498s][info][gc,phases,start] GC(35) Phase 3: Adjust pointers
[6.752s][info][gc,phases      ] GC(35) Phase 3: Adjust pointers 253.549ms
[6.752s][info][gc,phases,start] GC(35) Phase 4: Move objects
[6.763s][info][gc,phases      ] GC(35) Phase 4: Move objects 10.594ms
[6.767s][info][gc,heap        ] GC(35) DefNew: 497023K(497024K)->55110K(1077632K) Eden: 441856K(441856K)->55110K(957952K) From: 55167K(55168K)->0K(119680K)
[6.767s][info][gc,heap        ] GC(35) Tenured: 1049250K(1104316K)->1436735K(2394560K)
[6.767s][info][gc,metaspace   ] GC(35) Metaspace: 6301K(6464K)->6301K(6464K) NonClass: 5768K(5824K)->5768K(5824K) Class: 533K(640K)->533K(640K)
[6.767s][info][gc             ] GC(35) Pause Full (Allocation Failure) 1456M->1456M(3390M) 1118.911ms
[6.767s][info][gc,cpu         ] GC(35) User=1.09s Sys=0.00s Real=1.12s
[7.701s][info][gc,start       ] GC(36) Pause Young (Allocation Failure)
[9.414s][info][gc,heap        ] GC(36) DefNew: 957952K(1077632K)->119679K(1077632K) Eden: 957952K(957952K)->0K(957952K) From: 0K(119680K)->119679K(119680K)
[9.414s][info][gc,heap        ] GC(36) Tenured: 1436735K(2394560K)->2274978K(2394560K)
[9.414s][info][gc,metaspace   ] GC(36) Metaspace: 6301K(6464K)->6301K(6464K) NonClass: 5768K(5824K)->5768K(5824K) Class: 533K(640K)->533K(640K)
[9.414s][info][gc             ] GC(36) Pause Young (Allocation Failure) 2338M->2338M(3390M) 1713.720ms
[9.414s][info][gc,cpu         ] GC(36) User=1.47s Sys=0.23s Real=1.71s
[10.405s][info][gc,start       ] GC(37) Pause Young (Allocation Failure)
[12.040s][info][gc             ] GC(37) Pause Young (Allocation Failure) 3274M->3274M(4209M) 1634.518ms
[12.040s][info][gc,cpu         ] GC(37) User=1.31s Sys=0.30s Real=1.63s
[12.040s][info][gc,start       ] GC(38) Pause Full (Allocation Failure)
[12.040s][info][gc,phases,start] GC(38) Phase 1: Mark live objects
[13.487s][info][gc,phases      ] GC(38) Phase 1: Mark live objects 1447.380ms
[13.487s][info][gc,phases,start] GC(38) Phase 2: Compute new object addresses
[13.975s][info][gc,phases      ] GC(38) Phase 2: Compute new object addresses 487.883ms
[13.975s][info][gc,phases,start] GC(38) Phase 3: Adjust pointers
[14.620s][info][gc,phases      ] GC(38) Phase 3: Adjust pointers 644.442ms
[14.620s][info][gc,phases,start] GC(38) Phase 4: Move objects
[15.244s][info][gc,phases      ] GC(38) Phase 4: Move objects 624.437ms
[15.254s][info][gc,heap        ] GC(38) DefNew: 1077631K(1077632K)->25410K(2424768K) Eden: 957952K(957952K)->25410K(2155392K) From: 119679K(119680K)->0K(269376K)
[15.254s][info][gc,heap        ] GC(38) Tenured: 2274978K(2394560K)->3232963K(5388276K)
[15.254s][info][gc,metaspace   ] GC(38) Metaspace: 6301K(6464K)->6301K(6464K) NonClass: 5768K(5824K)->5768K(5824K) Class: 533K(640K)->533K(640K)
[15.254s][info][gc             ] GC(38) Pause Full (Allocation Failure) 3274M->3182M(7629M) 3214.310ms
[15.254s][info][gc,cpu         ] GC(38) User=3.19s Sys=0.02s Real=3.21s
[17.437s][info][gc,start       ] GC(39) Pause Young (Allocation Failure)
[21.189s][info][gc,heap        ] GC(39) DefNew: 2155392K(2424768K)->269375K(2424768K) Eden: 2155392K(2155392K)->0K(2155392K) From: 0K(269376K)->269375K(269376K)
[21.189s][info][gc,heap        ] GC(39) Tenured: 3232963K(5388276K)->5118944K(5388276K)
[21.189s][info][gc,metaspace   ] GC(39) Metaspace: 6301K(6464K)->6301K(6464K) NonClass: 5768K(5824K)->5768K(5824K) Class: 533K(640K)->533K(640K)
[21.189s][info][gc             ] GC(39) Pause Young (Allocation Failure) 5262M->5262M(7629M) 3751.733ms
[21.189s][info][gc,cpu         ] GC(39) User=3.14s Sys=0.58s Real=3.75s
[23.267s][info][gc,start       ] GC(40) Pause Young (Allocation Failure)
[26.983s][info][gc             ] GC(40) Pause Young (Allocation Failure) 7366M->7366M(9471M) 3716.351ms
[26.984s][info][gc,cpu         ] GC(40) User=3.14s Sys=0.55s Real=3.72s
[26.984s][info][gc,start       ] GC(41) Pause Full (Allocation Failure)
[26.984s][info][gc,phases,start] GC(41) Phase 1: Mark live objects
[30.458s][info][gc,phases      ] GC(41) Phase 1: Mark live objects 3474.053ms
[30.458s][info][gc,phases,start] GC(41) Phase 2: Compute new object addresses
[31.675s][info][gc,phases      ] GC(41) Phase 2: Compute new object addresses 1216.851ms
[31.675s][info][gc,phases,start] GC(41) Phase 3: Adjust pointers
[32.987s][info][gc,phases      ] GC(41) Phase 3: Adjust pointers 1312.737ms
[32.987s][info][gc,phases,start] GC(41) Phase 4: Move objects
[33.046s][info][gc,phases      ] GC(41) Phase 4: Move objects 58.466ms
[33.143s][info][gc,heap        ] GC(41) DefNew: 2424767K(2424768K)->269326K(4638720K) Eden: 2155392K(2155392K)->269326K(4123328K) From: 269375K(269376K)->0K(515392K)
[33.143s][info][gc,heap        ] GC(41) Tenured: 5118944K(5388276K)->7274359K(10308288K)
[33.143s][info][gc,metaspace   ] GC(41) Metaspace: 6301K(6464K)->6301K(6464K) NonClass: 5768K(5824K)->5768K(5824K) Class: 533K(640K)->533K(640K)
[33.143s][info][gc             ] GC(41) Pause Full (Allocation Failure) 7366M->7366M(14596M) 6159.452ms
[33.143s][info][gc,cpu         ] GC(41) User=6.02s Sys=0.00s Real=6.16s
[37.032s][info][gc,start       ] GC(42) Pause Young (Allocation Failure)
[47.545s][info][gc,promotion   ] GC(42) Promotion failed
[47.547s][info][gc             ] GC(42) Pause Young (Allocation Failure) 11130M->14596M(14596M) 10515.122ms
[47.547s][info][gc,cpu         ] GC(42) User=7.09s Sys=2.44s Real=10.51s
[47.547s][info][gc,start       ] GC(43) Pause Full (Allocation Failure)
[47.550s][info][gc,phases,start] GC(43) Phase 1: Mark live objects
[69.822s][info][gc,phases      ] GC(43) Phase 1: Mark live objects 22271.925ms
[69.822s][info][gc,phases,start] GC(43) Phase 2: Compute new object addresses
[84.492s][info][gc,phases      ] GC(43) Phase 2: Compute new object addresses 14667.758ms
[84.493s][info][gc,phases,start] GC(43) Phase 3: Adjust pointers
[89.081s][info][gc,phases      ] GC(43) Phase 3: Adjust pointers 4587.231ms
[89.081s][info][gc,phases,start] GC(43) Phase 4: Move objects
[94.306s][info][gc,phases      ] GC(43) Phase 4: Move objects 5224.871ms
[94.351s][info][gc,heap        ] GC(43) DefNew: 4123328K(4638720K)->1089368K(4638720K) Eden: 4123328K(4123328K)->1089368K(4123328K) From: 0K(515392K)->0K(515392K)
[94.351s][info][gc,heap        ] GC(43) Tenured: 7274359K(10308288K)->10308287K(10308288K)
[94.351s][info][gc,metaspace   ] GC(43) Metaspace: 6301K(6464K)->6301K(6464K) NonClass: 5768K(5824K)->5768K(5824K) Class: 533K(640K)->533K(640K)
[94.352s][info][gc             ] GC(43) Pause Full (Allocation Failure) 14596M->11130M(14596M) 46804.702ms
[94.352s][info][gc,cpu         ] GC(43) User=8.66s Sys=17.55s Real=46.81s
[104.792s][info][gc,start       ] GC(44) Pause Full (Allocation Failure)
[104.792s][info][gc,phases,start] GC(44) Phase 1: Mark live objects
[124.005s][info][gc,phases      ] GC(44) Phase 1: Mark live objects 19212.496ms
[124.006s][info][gc,phases,start] GC(44) Phase 2: Compute new object addresses
[132.349s][info][gc,phases      ] GC(44) Phase 2: Compute new object addresses 8343.598ms
[132.350s][info][gc,phases,start] GC(44) Phase 3: Adjust pointers
[148.121s][info][gc,phases      ] GC(44) Phase 3: Adjust pointers 15769.425ms
[148.124s][info][gc,phases,start] GC(44) Phase 4: Move objects
[148.756s][info][gc,phases      ] GC(44) Phase 4: Move objects 632.424ms
[148.770s][info][gc,heap        ] GC(44) DefNew: 4638719K(4638720K)->4638697K(4638720K) Eden: 4123328K(4123328K)->4123327K(4123328K) From: 515391K(515392K)->515369K(515392K)
[148.770s][info][gc,heap        ] GC(44) Tenured: 10308287K(10308288K)->10308287K(10308288K)
[148.771s][info][gc,metaspace   ] GC(44) Metaspace: 6301K(6464K)->6301K(6464K) NonClass: 5768K(5824K)->5768K(5824K) Class: 533K(640K)->533K(640K)
[148.772s][info][gc             ] GC(44) Pause Full (Allocation Failure) 14596M->14596M(14596M) 43979.928ms
[148.772s][info][gc,cpu         ] GC(44) User=11.56s Sys=16.83s Real=43.98s
[148.776s][info][gc,start       ] GC(45) Pause Full (Allocation Failure)
[148.777s][info][gc,phases,start] GC(45) Phase 1: Mark live objects
[164.772s][info][gc,phases      ] GC(45) Phase 1: Mark live objects 15995.230ms
[164.772s][info][gc,phases,start] GC(45) Phase 2: Compute new object addresses
[171.694s][info][gc,phases      ] GC(45) Phase 2: Compute new object addresses 6921.426ms
[171.694s][info][gc,phases,start] GC(45) Phase 3: Adjust pointers
[181.467s][info][gc,phases      ] GC(45) Phase 3: Adjust pointers 9772.351ms
[181.467s][info][gc,phases,start] GC(45) Phase 4: Move objects
[185.696s][info][gc,phases      ] GC(45) Phase 4: Move objects 4228.840ms
[185.705s][info][gc,heap        ] GC(45) DefNew: 4638720K(4638720K)->4245504K(4638720K) Eden: 4123328K(4123328K)->4123327K(4123328K) From: 515392K(515392K)->122176K(515392K)
[185.705s][info][gc,heap        ] GC(45) Tenured: 10308287K(10308288K)->10308287K(10308288K)
[185.705s][info][gc,metaspace   ] GC(45) Metaspace: 6301K(6464K)->6301K(6464K) NonClass: 5768K(5824K)->5768K(5824K) Class: 533K(640K)->533K(640K)
[185.705s][info][gc             ] GC(45) Pause Full (Allocation Failure) 14596M->14212M(14596M) 36928.824ms
[185.705s][info][gc,cpu         ] GC(45) User=16.42s Sys=13.88s Real=36.93s
[186.789s][info][gc,start       ] GC(46) Pause Full (Allocation Failure)
[186.790s][info][gc,phases,start] GC(46) Phase 1: Mark live objects
[206.746s][info][gc,phases      ] GC(46) Phase 1: Mark live objects 19955.639ms
[206.746s][info][gc,phases,start] GC(46) Phase 2: Compute new object addresses
[218.581s][info][gc,phases      ] GC(46) Phase 2: Compute new object addresses 11834.559ms
[218.581s][info][gc,phases,start] GC(46) Phase 3: Adjust pointers
[236.933s][info][gc,phases      ] GC(46) Phase 3: Adjust pointers 18348.973ms
[236.938s][info][gc,phases,start] GC(46) Phase 4: Move objects
[236.938s][info][gc,phases      ] GC(46) Phase 4: Move objects 0.102ms
[236.968s][info][gc,heap        ] GC(46) DefNew: 4638719K(4638720K)->4638719K(4638720K) Eden: 4123327K(4123328K)->4123327K(4123328K) From: 515391K(515392K)->515391K(515392K)
[236.968s][info][gc,heap        ] GC(46) Tenured: 10308287K(10308288K)->10308287K(10308288K)
[236.968s][info][gc,metaspace   ] GC(46) Metaspace: 6301K(6464K)->6301K(6464K) NonClass: 5768K(5824K)->5768K(5824K) Class: 533K(640K)->533K(640K)
[236.970s][info][gc             ] GC(46) Pause Full (Allocation Failure) 14596M->14596M(14596M) 50180.448ms
[236.971s][info][gc,cpu         ] GC(46) User=11.27s Sys=20.25s Real=50.18s
[236.971s][info][gc,start       ] GC(47) Pause Full (Allocation Failure)
[236.971s][info][gc,phases,start] GC(47) Phase 1: Mark live objects
[263.420s][info][gc,phases      ] GC(47) Phase 1: Mark live objects 26448.515ms
[263.420s][info][gc,phases,start] GC(47) Phase 2: Compute new object addresses
[277.048s][info][gc,phases      ] GC(47) Phase 2: Compute new object addresses 13624.371ms
[277.049s][info][gc,phases,start] GC(47) Phase 3: Adjust pointers
[297.320s][info][gc,phases      ] GC(47) Phase 3: Adjust pointers 20265.873ms
[297.323s][info][gc,phases,start] GC(47) Phase 4: Move objects
[336.270s][info][gc,phases      ] GC(47) Phase 4: Move objects 38947.175ms
[336.294s][info][gc,heap        ] GC(47) DefNew: 4638719K(4638720K)->4638715K(4638720K) Eden: 4123327K(4123328K)->4123327K(4123328K) From: 515391K(515392K)->515387K(515392K)
[336.295s][info][gc,heap        ] GC(47) Tenured: 10308287K(10308288K)->10308287K(10308288K)
[336.295s][info][gc,metaspace   ] GC(47) Metaspace: 6301K(6464K)->6300K(6464K) NonClass: 5768K(5824K)->5767K(5824K) Class: 533K(640K)->532K(640K)
[336.296s][info][gc             ] GC(47) Pause Full (Allocation Failure) 14596M->14596M(14596M) 99324.962ms
[336.296s][info][gc,cpu         ] GC(47) User=13.94s Sys=40.08s Real=99.33s
[336.326s][info][gc,start       ] GC(48) Pause Full (Allocation Failure)
[336.327s][info][gc,phases,start] GC(48) Phase 1: Mark live objects
[358.153s][info][gc,phases      ] GC(48) Phase 1: Mark live objects 21825.879ms
[358.153s][info][gc,phases,start] GC(48) Phase 2: Compute new object addresses
[368.575s][info][gc,phases      ] GC(48) Phase 2: Compute new object addresses 10421.472ms
[368.575s][info][gc,phases,start] GC(48) Phase 3: Adjust pointers
[388.106s][info][gc,phases      ] GC(48) Phase 3: Adjust pointers 19530.534ms
[388.106s][info][gc,phases,start] GC(48) Phase 4: Move objects
[388.107s][info][gc,phases      ] GC(48) Phase 4: Move objects 0.961ms
[388.124s][info][gc,heap        ] GC(48) DefNew: 4638720K(4638720K)->4638720K(4638720K) Eden: 4123328K(4123328K)->4123328K(4123328K) From: 515392K(515392K)->515392K(515392K)
[388.124s][info][gc,heap        ] GC(48) Tenured: 10308287K(10308288K)->10308287K(10308288K)
[388.124s][info][gc,metaspace   ] GC(48) Metaspace: 6300K(6464K)->6300K(6464K) NonClass: 5767K(5824K)->5767K(5824K) Class: 532K(640K)->532K(640K)
[388.126s][info][gc             ] GC(48) Pause Full (Allocation Failure) 14596M->14596M(14596M) 51799.452ms
[388.126s][info][gc,cpu         ] GC(48) User=9.84s Sys=19.42s Real=51.80s
[388.126s][info][gc,start       ] GC(49) Pause Full (Allocation Failure)
[388.127s][info][gc,phases,start] GC(49) Phase 1: Mark live objects
[408.826s][info][gc,phases      ] GC(49) Phase 1: Mark live objects 20698.684ms
[408.826s][info][gc,phases,start] GC(49) Phase 2: Compute new object addresses
[419.726s][info][gc,phases      ] GC(49) Phase 2: Compute new object addresses 10899.529ms
[419.726s][info][gc,phases,start] GC(49) Phase 3: Adjust pointers
[429.899s][info][gc,phases      ] GC(49) Phase 3: Adjust pointers 10172.682ms
[429.899s][info][gc,phases,start] GC(49) Phase 4: Move objects
[429.899s][info][gc,phases      ] GC(49) Phase 4: Move objects 0.056ms
[429.908s][info][gc,heap        ] GC(49) DefNew: 4638720K(4638720K)->4638720K(4638720K) Eden: 4123328K(4123328K)->4123328K(4123328K) From: 515392K(515392K)->515392K(515392K)
[429.908s][info][gc,heap        ] GC(49) Tenured: 10308287K(10308288K)->10308287K(10308288K)
[429.908s][info][gc,metaspace   ] GC(49) Metaspace: 6300K(6464K)->6300K(6464K) NonClass: 5767K(5824K)->5767K(5824K) Class: 532K(640K)->532K(640K)
[429.909s][info][gc             ] GC(49) Pause Full (Allocation Failure) 14596M->14596M(14596M) 41782.725ms
[429.909s][info][gc,cpu         ] GC(49) User=10.53s Sys=15.14s Real=41.78s
[429.931s][info][gc,start       ] GC(50) Pause Full (Allocation Failure)
[429.931s][info][gc,phases,start] GC(50) Phase 1: Mark live objects
[454.580s][info][gc,phases      ] GC(50) Phase 1: Mark live objects 24648.451ms
[454.580s][info][gc,phases,start] GC(50) Phase 2: Compute new object addresses
[466.604s][info][gc,phases      ] GC(50) Phase 2: Compute new object addresses 12024.146ms
[466.604s][info][gc,phases,start] GC(50) Phase 3: Adjust pointers
[479.715s][info][gc,phases      ] GC(50) Phase 3: Adjust pointers 13104.814ms
[479.723s][info][gc,phases,start] GC(50) Phase 4: Move objects
[479.734s][info][gc,phases      ] GC(50) Phase 4: Move objects 11.691ms
[479.816s][info][gc,heap        ] GC(50) DefNew: 4638720K(4638720K)->4638720K(4638720K) Eden: 4123328K(4123328K)->4123328K(4123328K) From: 515392K(515392K)->515392K(515392K)
[479.816s][info][gc,heap        ] GC(50) Tenured: 10308287K(10308288K)->10308287K(10308288K)
[479.816s][info][gc,metaspace   ] GC(50) Metaspace: 6300K(6464K)->6300K(6464K) NonClass: 5767K(5824K)->5767K(5824K) Class: 532K(640K)->532K(640K)
[479.824s][info][gc             ] GC(50) Pause Full (Allocation Failure) 14596M->14596M(14596M) 49892.944ms
[479.828s][info][gc,cpu         ] GC(50) User=10.59s Sys=18.09s Real=49.90s
[479.829s][info][gc,start       ] GC(51) Pause Full (Allocation Failure)
[479.829s][info][gc,phases,start] GC(51) Phase 1: Mark live objects
[503.643s][info][gc,phases      ] GC(51) Phase 1: Mark live objects 23813.484ms
[503.643s][info][gc,phases,start] GC(51) Phase 2: Compute new object addresses
[517.348s][info][gc,phases      ] GC(51) Phase 2: Compute new object addresses 13705.236ms
[517.349s][info][gc,phases,start] GC(51) Phase 3: Adjust pointers
[555.220s][info][gc,phases      ] GC(51) Phase 3: Adjust pointers 37870.484ms
[555.220s][info][gc,phases,start] GC(51) Phase 4: Move objects
[591.576s][info][gc,phases      ] GC(51) Phase 4: Move objects 36355.344ms
[591.590s][info][gc,heap        ] GC(51) DefNew: 4638720K(4638720K)->4638718K(4638720K) Eden: 4123328K(4123328K)->4123327K(4123328K) From: 515392K(515392K)->515390K(515392K)
[591.590s][info][gc,heap        ] GC(51) Tenured: 10308287K(10308288K)->10308287K(10308288K)
[591.591s][info][gc,metaspace   ] GC(51) Metaspace: 6300K(6464K)->6300K(6464K) NonClass: 5767K(5824K)->5767K(5824K) Class: 532K(640K)->532K(640K)
[591.591s][info][gc             ] GC(51) Pause Full (Allocation Failure) 14596M->14596M(14596M) 111762.604ms
[591.592s][info][gc,cpu         ] GC(51) User=12.55s Sys=36.38s Real=111.76s
[591.635s][info][gc,start       ] GC(52) Pause Full (Allocation Failure)
[591.635s][info][gc,phases,start] GC(52) Phase 1: Mark live objects
[617.448s][info][gc,phases      ] GC(52) Phase 1: Mark live objects 25813.433ms
[617.448s][info][gc,phases,start] GC(52) Phase 2: Compute new object addresses
[636.236s][info][gc,phases      ] GC(52) Phase 2: Compute new object addresses 18786.680ms
[636.236s][info][gc,phases,start] GC(52) Phase 3: Adjust pointers
[665.397s][info][gc,phases      ] GC(52) Phase 3: Adjust pointers 29147.888ms
[665.398s][info][gc,phases,start] GC(52) Phase 4: Move objects
[665.398s][info][gc,phases      ] GC(52) Phase 4: Move objects 0.195ms
[665.414s][info][gc,heap        ] GC(52) DefNew: 4638719K(4638720K)->4638719K(4638720K) Eden: 4123328K(4123328K)->4123328K(4123328K) From: 515391K(515392K)->515391K(515392K)
[665.414s][info][gc,heap        ] GC(52) Tenured: 10308287K(10308288K)->10308287K(10308288K)
[665.414s][info][gc,metaspace   ] GC(52) Metaspace: 6302K(6528K)->6302K(6528K) NonClass: 5768K(5888K)->5768K(5888K) Class: 533K(640K)->533K(640K)
[665.414s][info][gc             ] GC(52) Pause Full (Allocation Failure) 14596M->14596M(14596M) 73779.803ms
[665.415s][info][gc,cpu         ] GC(52) User=10.12s Sys=20.91s Real=73.78s
[665.425s][info][gc,heap,exit   ] Heap
[665.425s][info][gc,heap,exit   ]  def new generation   total 4638720K, used 4638719K [0x0000000450400000, 0x000000058ad50000, 0x000000058ad50000)
[665.425s][info][gc,heap,exit   ]   eden space 4123328K, 100% used [0x0000000450400000, 0x000000054beb0000, 0x000000054beb0000)
[665.425s][info][gc,heap,exit   ]   from space 515392K,  99% used [0x000000056b600000, 0x000000058ad4ffc0, 0x000000058ad50000)
[665.425s][info][gc,heap,exit   ]   to   space 515392K,   0% used [0x000000054beb0000, 0x000000054beb0000, 0x000000056b600000)
[665.425s][info][gc,heap,exit   ]  tenured generation   total 10308288K, used 10308287K [0x000000058ad50000, 0x0000000800000000, 0x0000000800000000)
[665.425s][info][gc,heap,exit   ]    the space 10308288K,  99% used [0x000000058ad50000, 0x00000007ffffffe8, 0x0000000800000000, 0x0000000800000000)
[665.425s][info][gc,heap,exit   ]  Metaspace       used 6305K, committed 6528K, reserved 1114112K
[665.425s][info][gc,heap,exit   ]   class space    used 534K, committed 640K, reserved 1048576K
