[0.013s][info][gc,init] CardTable entry size: 512
[0.014s][info][gc     ] Using Serial
[0.014s][info][gc,init] Version: 18.0.1+10 (release)
[0.014s][info][gc,init] CPUs: 8 total, 8 available
[0.014s][info][gc,init] Memory: 16063M
[0.014s][info][gc,init] Large Page Support: Disabled
[0.014s][info][gc,init] NUMA Support: Disabled
[0.014s][info][gc,init] Compressed Oops: Enabled (Zero based)
[0.014s][info][gc,init] Heap Min Capacity: 2M
[0.014s][info][gc,init] Heap Initial Capacity: 2M
[0.014s][info][gc,init] Heap Max Capacity: 2100M
[0.014s][info][gc,init] Pre-touch: Disabled
[0.015s][info][gc,metaspace] CDS archive(s) not mapped
[0.015s][info][gc,metaspace] Compressed class space mapped at: 0x0000000800000000-0x0000000840000000, reserved size: 1073741824
[0.015s][info][gc,metaspace] Narrow klass base: 0x0000000800000000, Narrow klass shift: 0, Narrow klass range: 0x40000000
[0.197s][info][gc,start    ] GC(0) Pause Young (Allocation Failure)
[0.199s][info][gc,heap     ] GC(0) DefNew: 1023K(1152K)->127K(1152K) Eden: 1023K(1024K)->0K(1024K) From: 0K(128K)->127K(128K)
[0.199s][info][gc,heap     ] GC(0) Tenured: 0K(768K)->439K(768K)
[0.199s][info][gc,metaspace] GC(0) Metaspace: 5899K(6016K)->5899K(6016K) NonClass: 5400K(5504K)->5400K(5504K) Class: 499K(512K)->499K(512K)
[0.199s][info][gc          ] GC(0) Pause Young (Allocation Failure) 0M->0M(1M) 2.027ms
[0.199s][info][gc,cpu      ] GC(0) User=0.00s Sys=0.00s Real=0.00s
[0.219s][info][gc,start    ] GC(1) Pause Young (Allocation Failure)
[0.221s][info][gc          ] GC(1) Pause Young (Allocation Failure) 1M->0M(2M) 1.283ms
[0.221s][info][gc,cpu      ] GC(1) User=0.00s Sys=0.00s Real=0.00s
[0.221s][info][gc,start    ] GC(2) Pause Full (Allocation Failure)
[0.221s][info][gc,phases,start] GC(2) Phase 1: Mark live objects
[0.222s][info][gc,phases      ] GC(2) Phase 1: Mark live objects 1.009ms
[0.222s][info][gc,phases,start] GC(2) Phase 2: Compute new object addresses
[0.222s][info][gc,phases      ] GC(2) Phase 2: Compute new object addresses 0.258ms
[0.222s][info][gc,phases,start] GC(2) Phase 3: Adjust pointers
[0.223s][info][gc,phases      ] GC(2) Phase 3: Adjust pointers 0.589ms
[0.223s][info][gc,phases,start] GC(2) Phase 4: Move objects
[0.223s][info][gc,phases      ] GC(2) Phase 4: Move objects 0.076ms
[0.223s][info][gc,heap        ] GC(2) DefNew: 1151K(1152K)->40K(1152K) Eden: 1024K(1024K)->40K(1024K) From: 127K(128K)->0K(128K)
[0.223s][info][gc,heap        ] GC(2) Tenured: 439K(768K)->959K(1600K)
[0.223s][info][gc,metaspace   ] GC(2) Metaspace: 6297K(6464K)->6297K(6464K) NonClass: 5764K(5824K)->5764K(5824K) Class: 533K(640K)->533K(640K)
[0.223s][info][gc             ] GC(2) Pause Full (Allocation Failure) 0M->0M(2M) 2.276ms
[0.223s][info][gc,cpu         ] GC(2) User=0.00s Sys=0.00s Real=0.00s
[0.225s][info][gc,start       ] GC(3) Pause Young (Allocation Failure)
[0.226s][info][gc,heap        ] GC(3) DefNew: 1024K(1152K)->128K(1152K) Eden: 1024K(1024K)->0K(1024K) From: 0K(128K)->128K(128K)
[0.226s][info][gc,heap        ] GC(3) Tenured: 959K(1600K)->1375K(1600K)
[0.226s][info][gc,metaspace   ] GC(3) Metaspace: 6297K(6464K)->6297K(6464K) NonClass: 5764K(5824K)->5764K(5824K) Class: 533K(640K)->533K(640K)
[0.226s][info][gc             ] GC(3) Pause Young (Allocation Failure) 1M->1M(2M) 1.511ms
[0.226s][info][gc,cpu         ] GC(3) User=0.00s Sys=0.00s Real=0.00s
[0.227s][info][gc,start       ] GC(4) Pause Young (Allocation Failure)
[0.229s][info][gc             ] GC(4) Pause Young (Allocation Failure) 2M->1M(3M) 1.161ms
[0.229s][info][gc,cpu         ] GC(4) User=0.00s Sys=0.00s Real=0.00s
[0.229s][info][gc,start       ] GC(5) Pause Full (Allocation Failure)
[0.229s][info][gc,phases,start] GC(5) Phase 1: Mark live objects
[0.230s][info][gc,phases      ] GC(5) Phase 1: Mark live objects 1.368ms
[0.230s][info][gc,phases,start] GC(5) Phase 2: Compute new object addresses
[0.230s][info][gc,phases      ] GC(5) Phase 2: Compute new object addresses 0.354ms
[0.230s][info][gc,phases,start] GC(5) Phase 3: Adjust pointers
[0.231s][info][gc,phases      ] GC(5) Phase 3: Adjust pointers 0.592ms
[0.231s][info][gc,phases,start] GC(5) Phase 4: Move objects
[0.231s][info][gc,phases      ] GC(5) Phase 4: Move objects 0.067ms
[0.231s][info][gc,heap        ] GC(5) DefNew: 1152K(1152K)->35K(1536K) Eden: 1024K(1024K)->35K(1408K) From: 128K(128K)->0K(128K)
[0.231s][info][gc,heap        ] GC(5) Tenured: 1375K(1600K)->1983K(3308K)
[0.231s][info][gc,metaspace   ] GC(5) Metaspace: 6297K(6464K)->6297K(6464K) NonClass: 5764K(5824K)->5764K(5824K) Class: 533K(640K)->533K(640K)
[0.231s][info][gc             ] GC(5) Pause Full (Allocation Failure) 1M->1M(4M) 2.683ms
[0.231s][info][gc,cpu         ] GC(5) User=0.00s Sys=0.00s Real=0.00s
[0.233s][info][gc,start       ] GC(6) Pause Young (Allocation Failure)
[0.235s][info][gc,heap        ] GC(6) DefNew: 1407K(1536K)->127K(1536K) Eden: 1407K(1408K)->0K(1408K) From: 0K(128K)->127K(128K)
[0.235s][info][gc,heap        ] GC(6) Tenured: 1983K(3308K)->2617K(3308K)
[0.235s][info][gc,metaspace   ] GC(6) Metaspace: 6297K(6464K)->6297K(6464K) NonClass: 5764K(5824K)->5764K(5824K) Class: 533K(640K)->533K(640K)
[0.235s][info][gc             ] GC(6) Pause Young (Allocation Failure) 3M->2M(4M) 1.921ms
[0.235s][info][gc,cpu         ] GC(6) User=0.00s Sys=0.00s Real=0.00s
[0.237s][info][gc,start       ] GC(7) Pause Young (Allocation Failure)
[0.239s][info][gc             ] GC(7) Pause Young (Allocation Failure) 4M->3M(4M) 1.873ms
[0.239s][info][gc,cpu         ] GC(7) User=0.00s Sys=0.00s Real=0.00s
[0.239s][info][gc,start       ] GC(8) Pause Full (Allocation Failure)
[0.239s][info][gc,phases,start] GC(8) Phase 1: Mark live objects
[0.241s][info][gc,phases      ] GC(8) Phase 1: Mark live objects 2.136ms
[0.241s][info][gc,phases,start] GC(8) Phase 2: Compute new object addresses
[0.242s][info][gc,phases      ] GC(8) Phase 2: Compute new object addresses 0.753ms
[0.242s][info][gc,phases,start] GC(8) Phase 3: Adjust pointers
[0.243s][info][gc,phases      ] GC(8) Phase 3: Adjust pointers 1.018ms
[0.243s][info][gc,phases,start] GC(8) Phase 4: Move objects
[0.243s][info][gc,phases      ] GC(8) Phase 4: Move objects 0.105ms
[0.243s][info][gc,heap        ] GC(8) DefNew: 1535K(1536K)->0K(2688K) Eden: 1408K(1408K)->0K(2432K) From: 127K(128K)->0K(256K)
[0.243s][info][gc,heap        ] GC(8) Tenured: 2617K(3308K)->3460K(5768K)
[0.243s][info][gc,metaspace   ] GC(8) Metaspace: 6297K(6464K)->6297K(6464K) NonClass: 5764K(5824K)->5764K(5824K) Class: 533K(640K)->533K(640K)
[0.243s][info][gc             ] GC(8) Pause Full (Allocation Failure) 3M->3M(8M) 4.318ms
[0.243s][info][gc,cpu         ] GC(8) User=0.00s Sys=0.00s Real=0.00s
[0.248s][info][gc,start       ] GC(9) Pause Young (Allocation Failure)
[0.251s][info][gc,heap        ] GC(9) DefNew: 2431K(2688K)->256K(2688K) Eden: 2431K(2432K)->0K(2432K) From: 0K(256K)->256K(256K)
[0.251s][info][gc,heap        ] GC(9) Tenured: 3460K(5768K)->4512K(5768K)
[0.251s][info][gc,metaspace   ] GC(9) Metaspace: 6297K(6464K)->6297K(6464K) NonClass: 5764K(5824K)->5764K(5824K) Class: 533K(640K)->533K(640K)
[0.251s][info][gc             ] GC(9) Pause Young (Allocation Failure) 5M->4M(8M) 3.339ms
[0.251s][info][gc,cpu         ] GC(9) User=0.00s Sys=0.00s Real=0.00s
[0.254s][info][gc,start       ] GC(10) Pause Young (Allocation Failure)
[0.258s][info][gc,heap        ] GC(10) DefNew: 2688K(2688K)->255K(2688K) Eden: 2432K(2432K)->0K(2432K) From: 256K(256K)->255K(256K)
[0.258s][info][gc,heap        ] GC(10) Tenured: 4512K(5768K)->5755K(5768K)
[0.258s][info][gc,metaspace   ] GC(10) Metaspace: 6297K(6464K)->6297K(6464K) NonClass: 5764K(5824K)->5764K(5824K) Class: 533K(640K)->533K(640K)
[0.258s][info][gc             ] GC(10) Pause Young (Allocation Failure) 7M->5M(8M) 3.418ms
[0.258s][info][gc,cpu         ] GC(10) User=0.00s Sys=0.00s Real=0.00s
[0.262s][info][gc,start       ] GC(11) Pause Young (Allocation Failure)
[0.266s][info][gc             ] GC(11) Pause Young (Allocation Failure) 8M->7M(9M) 3.999ms
[0.266s][info][gc,cpu         ] GC(11) User=0.00s Sys=0.00s Real=0.00s
[0.266s][info][gc,start       ] GC(12) Pause Full (Allocation Failure)
[0.266s][info][gc,phases,start] GC(12) Phase 1: Mark live objects
[0.271s][info][gc,phases      ] GC(12) Phase 1: Mark live objects 5.398ms
[0.272s][info][gc,phases,start] GC(12) Phase 2: Compute new object addresses
[0.273s][info][gc,phases      ] GC(12) Phase 2: Compute new object addresses 1.411ms
[0.273s][info][gc,phases,start] GC(12) Phase 3: Adjust pointers
[0.275s][info][gc,phases      ] GC(12) Phase 3: Adjust pointers 1.934ms
[0.275s][info][gc,phases,start] GC(12) Phase 4: Move objects
[0.276s][info][gc,phases      ] GC(12) Phase 4: Move objects 1.344ms
[0.277s][info][gc,heap        ] GC(12) DefNew: 2687K(2688K)->0K(5376K) Eden: 2432K(2432K)->0K(4800K) From: 255K(256K)->0K(576K)
[0.277s][info][gc,heap        ] GC(12) Tenured: 5755K(5768K)->7132K(11888K)
[0.277s][info][gc,metaspace   ] GC(12) Metaspace: 6297K(6464K)->6297K(6464K) NonClass: 5764K(5824K)->5764K(5824K) Class: 533K(640K)->533K(640K)
[0.277s][info][gc             ] GC(12) Pause Full (Allocation Failure) 7M->6M(16M) 10.706ms
[0.277s][info][gc,cpu         ] GC(12) User=0.02s Sys=0.00s Real=0.01s
[0.283s][info][gc,start       ] GC(13) Pause Young (Allocation Failure)
[0.288s][info][gc,heap        ] GC(13) DefNew: 4800K(5376K)->575K(5376K) Eden: 4800K(4800K)->0K(4800K) From: 0K(576K)->575K(576K)
[0.288s][info][gc,heap        ] GC(13) Tenured: 7132K(11888K)->9027K(11888K)
[0.288s][info][gc,metaspace   ] GC(13) Metaspace: 6297K(6464K)->6297K(6464K) NonClass: 5764K(5824K)->5764K(5824K) Class: 533K(640K)->533K(640K)
[0.288s][info][gc             ] GC(13) Pause Young (Allocation Failure) 11M->9M(16M) 5.064ms
[0.288s][info][gc,cpu         ] GC(13) User=0.00s Sys=0.00s Real=0.00s
[0.294s][info][gc,start       ] GC(14) Pause Young (Allocation Failure)
[0.300s][info][gc,heap        ] GC(14) DefNew: 5375K(5376K)->576K(5376K) Eden: 4800K(4800K)->0K(4800K) From: 575K(576K)->576K(576K)
[0.300s][info][gc,heap        ] GC(14) Tenured: 9027K(11888K)->11746K(11888K)
[0.300s][info][gc,metaspace   ] GC(14) Metaspace: 6297K(6464K)->6297K(6464K) NonClass: 5764K(5824K)->5764K(5824K) Class: 533K(640K)->533K(640K)
[0.300s][info][gc             ] GC(14) Pause Young (Allocation Failure) 14M->12M(16M) 6.810ms
[0.300s][info][gc,cpu         ] GC(14) User=0.00s Sys=0.00s Real=0.01s
[0.305s][info][gc,start       ] GC(15) Pause Young (Allocation Failure)
[0.311s][info][gc             ] GC(15) Pause Young (Allocation Failure) 16M->14M(19M) 5.891ms
[0.311s][info][gc,cpu         ] GC(15) User=0.00s Sys=0.00s Real=0.01s
[0.311s][info][gc,start       ] GC(16) Pause Full (Allocation Failure)
[0.311s][info][gc,phases,start] GC(16) Phase 1: Mark live objects
[0.318s][info][gc,phases      ] GC(16) Phase 1: Mark live objects 7.544ms
[0.318s][info][gc,phases,start] GC(16) Phase 2: Compute new object addresses
[0.321s][info][gc,phases      ] GC(16) Phase 2: Compute new object addresses 2.318ms
[0.321s][info][gc,phases,start] GC(16) Phase 3: Adjust pointers
[0.324s][info][gc,phases      ] GC(16) Phase 3: Adjust pointers 3.093ms
[0.324s][info][gc,phases,start] GC(16) Phase 4: Move objects
[0.324s][info][gc,phases      ] GC(16) Phase 4: Move objects 0.174ms
[0.324s][info][gc,heap        ] GC(16) DefNew: 5376K(5376K)->387K(10880K) Eden: 4800K(4800K)->387K(9728K) From: 576K(576K)->0K(1152K)
[0.324s][info][gc,heap        ] GC(16) Tenured: 11746K(11888K)->14384K(23976K)
[0.324s][info][gc,metaspace   ] GC(16) Metaspace: 6299K(6464K)->6299K(6464K) NonClass: 5766K(5824K)->5766K(5824K) Class: 533K(640K)->533K(640K)
[0.324s][info][gc             ] GC(16) Pause Full (Allocation Failure) 14M->14M(34M) 13.492ms
[0.324s][info][gc,cpu         ] GC(16) User=0.00s Sys=0.02s Real=0.01s
[0.333s][info][gc,start       ] GC(17) Pause Young (Allocation Failure)
[0.345s][info][gc,heap        ] GC(17) DefNew: 9728K(10880K)->1151K(10880K) Eden: 9728K(9728K)->0K(9728K) From: 0K(1152K)->1151K(1152K)
[0.345s][info][gc,heap        ] GC(17) Tenured: 14384K(23976K)->18415K(23976K)
[0.345s][info][gc,metaspace   ] GC(17) Metaspace: 6299K(6464K)->6299K(6464K) NonClass: 5766K(5824K)->5766K(5824K) Class: 533K(640K)->533K(640K)
[0.345s][info][gc             ] GC(17) Pause Young (Allocation Failure) 23M->19M(34M) 12.345ms
[0.345s][info][gc,cpu         ] GC(17) User=0.00s Sys=0.00s Real=0.01s
[0.352s][info][gc,start       ] GC(18) Pause Young (Allocation Failure)
[0.364s][info][gc,heap        ] GC(18) DefNew: 10879K(10880K)->1151K(10880K) Eden: 9728K(9728K)->0K(9728K) From: 1151K(1152K)->1151K(1152K)
[0.364s][info][gc,heap        ] GC(18) Tenured: 18415K(23976K)->23936K(23976K)
[0.364s][info][gc,metaspace   ] GC(18) Metaspace: 6299K(6464K)->6299K(6464K) NonClass: 5766K(5824K)->5766K(5824K) Class: 533K(640K)->533K(640K)
[0.364s][info][gc             ] GC(18) Pause Young (Allocation Failure) 28M->24M(34M) 11.502ms
[0.364s][info][gc,cpu         ] GC(18) User=0.00s Sys=0.00s Real=0.01s
[0.370s][info][gc,start       ] GC(19) Pause Young (Allocation Failure)
[0.383s][info][gc             ] GC(19) Pause Young (Allocation Failure) 34M->29M(38M) 12.665ms
[0.383s][info][gc,cpu         ] GC(19) User=0.00s Sys=0.00s Real=0.01s
[0.383s][info][gc,start       ] GC(20) Pause Full (Allocation Failure)
[0.383s][info][gc,phases,start] GC(20) Phase 1: Mark live objects
[0.398s][info][gc,phases      ] GC(20) Phase 1: Mark live objects 14.979ms
[0.398s][info][gc,phases,start] GC(20) Phase 2: Compute new object addresses
[0.403s][info][gc,phases      ] GC(20) Phase 2: Compute new object addresses 4.929ms
[0.403s][info][gc,phases,start] GC(20) Phase 3: Adjust pointers
[0.409s][info][gc,phases      ] GC(20) Phase 3: Adjust pointers 6.075ms
[0.409s][info][gc,phases,start] GC(20) Phase 4: Move objects
[0.409s][info][gc,phases      ] GC(20) Phase 4: Move objects 0.167ms
[0.409s][info][gc,heap        ] GC(20) DefNew: 10879K(10880K)->1080K(21888K) Eden: 9728K(9728K)->1080K(19520K) From: 1151K(1152K)->0K(2368K)
[0.409s][info][gc,heap        ] GC(20) Tenured: 23936K(23976K)->29036K(48396K)
[0.409s][info][gc,metaspace   ] GC(20) Metaspace: 6299K(6464K)->6299K(6464K) NonClass: 5766K(5824K)->5766K(5824K) Class: 533K(640K)->533K(640K)
[0.409s][info][gc             ] GC(20) Pause Full (Allocation Failure) 29M->29M(68M) 26.686ms
[0.409s][info][gc,cpu         ] GC(20) User=0.03s Sys=0.00s Real=0.03s
[0.426s][info][gc,start       ] GC(21) Pause Young (Allocation Failure)
[0.459s][info][gc,heap        ] GC(21) DefNew: 19520K(21888K)->2367K(21888K) Eden: 19520K(19520K)->0K(19520K) From: 0K(2368K)->2367K(2368K)
[0.459s][info][gc,heap        ] GC(21) Tenured: 29036K(48396K)->41018K(48396K)
[0.459s][info][gc,metaspace   ] GC(21) Metaspace: 6299K(6464K)->6299K(6464K) NonClass: 5766K(5824K)->5766K(5824K) Class: 533K(640K)->533K(640K)
[0.459s][info][gc             ] GC(21) Pause Young (Allocation Failure) 47M->42M(68M) 33.589ms
[0.459s][info][gc,cpu         ] GC(21) User=0.03s Sys=0.00s Real=0.03s
[0.477s][info][gc,start       ] GC(22) Pause Young (Allocation Failure)
[0.513s][info][gc             ] GC(22) Pause Young (Allocation Failure) 61M->61M(80M) 36.160ms
[0.513s][info][gc,cpu         ] GC(22) User=0.03s Sys=0.00s Real=0.04s
[0.513s][info][gc,start       ] GC(23) Pause Full (Allocation Failure)
[0.514s][info][gc,phases,start] GC(23) Phase 1: Mark live objects
[0.539s][info][gc,phases      ] GC(23) Phase 1: Mark live objects 25.665ms
[0.539s][info][gc,phases,start] GC(23) Phase 2: Compute new object addresses
[0.549s][info][gc,phases      ] GC(23) Phase 2: Compute new object addresses 9.817ms
[0.549s][info][gc,phases,start] GC(23) Phase 3: Adjust pointers
[0.560s][info][gc,phases      ] GC(23) Phase 3: Adjust pointers 10.921ms
[0.560s][info][gc,phases,start] GC(23) Phase 4: Move objects
[0.560s][info][gc,phases      ] GC(23) Phase 4: Move objects 0.358ms
[0.561s][info][gc,heap        ] GC(23) DefNew: 21887K(21888K)->2191K(45568K) Eden: 19520K(19520K)->2191K(40512K) From: 2367K(2368K)->0K(5056K)
[0.561s][info][gc,heap        ] GC(23) Tenured: 41018K(48396K)->60683K(101140K)
[0.561s][info][gc,metaspace   ] GC(23) Metaspace: 6299K(6464K)->6299K(6464K) NonClass: 5766K(5824K)->5766K(5824K) Class: 533K(640K)->533K(640K)
[0.561s][info][gc             ] GC(23) Pause Full (Allocation Failure) 61M->61M(143M) 47.395ms
[0.561s][info][gc,cpu         ] GC(23) User=0.05s Sys=0.00s Real=0.05s
[0.603s][info][gc,start       ] GC(24) Pause Young (Allocation Failure)
[0.666s][info][gc,heap        ] GC(24) DefNew: 40512K(45568K)->5056K(45568K) Eden: 40512K(40512K)->0K(40512K) From: 0K(5056K)->5056K(5056K)
[0.666s][info][gc,heap        ] GC(24) Tenured: 60683K(101140K)->96114K(101140K)
[0.666s][info][gc,metaspace   ] GC(24) Metaspace: 6299K(6464K)->6299K(6464K) NonClass: 5766K(5824K)->5766K(5824K) Class: 533K(640K)->533K(640K)
[0.666s][info][gc             ] GC(24) Pause Young (Allocation Failure) 98M->98M(143M) 63.728ms
[0.666s][info][gc,cpu         ] GC(24) User=0.05s Sys=0.00s Real=0.06s
[0.699s][info][gc,start       ] GC(25) Pause Young (Allocation Failure)
[0.771s][info][gc             ] GC(25) Pause Young (Allocation Failure) 138M->138M(178M) 72.285ms
[0.771s][info][gc,cpu         ] GC(25) User=0.03s Sys=0.03s Real=0.07s
[0.771s][info][gc,start       ] GC(26) Pause Full (Allocation Failure)
[0.771s][info][gc,phases,start] GC(26) Phase 1: Mark live objects
[0.828s][info][gc,phases      ] GC(26) Phase 1: Mark live objects 56.879ms
[0.828s][info][gc,phases,start] GC(26) Phase 2: Compute new object addresses
[0.850s][info][gc,phases      ] GC(26) Phase 2: Compute new object addresses 21.963ms
[0.850s][info][gc,phases,start] GC(26) Phase 3: Adjust pointers
[0.878s][info][gc,phases      ] GC(26) Phase 3: Adjust pointers 27.811ms
[0.878s][info][gc,phases,start] GC(26) Phase 4: Move objects
[0.904s][info][gc,phases      ] GC(26) Phase 4: Move objects 25.938ms
[0.905s][info][gc,heap        ] GC(26) DefNew: 45568K(45568K)->1077K(102592K) Eden: 40512K(40512K)->1077K(91200K) From: 5056K(5056K)->0K(11392K)
[0.905s][info][gc,heap        ] GC(26) Tenured: 96114K(101140K)->136727K(227880K)
[0.905s][info][gc,metaspace   ] GC(26) Metaspace: 6299K(6464K)->6299K(6464K) NonClass: 5766K(5824K)->5766K(5824K) Class: 533K(640K)->533K(640K)
[0.905s][info][gc             ] GC(26) Pause Full (Allocation Failure) 138M->134M(322M) 133.380ms
[0.905s][info][gc,cpu         ] GC(26) User=0.12s Sys=0.00s Real=0.13s
[1.003s][info][gc,start       ] GC(27) Pause Young (Allocation Failure)
[1.157s][info][gc,heap        ] GC(27) DefNew: 91200K(102592K)->11391K(102592K) Eden: 91200K(91200K)->0K(91200K) From: 0K(11392K)->11391K(11392K)
[1.157s][info][gc,heap        ] GC(27) Tenured: 136727K(227880K)->216506K(227880K)
[1.157s][info][gc,metaspace   ] GC(27) Metaspace: 6299K(6464K)->6299K(6464K) NonClass: 5766K(5824K)->5766K(5824K) Class: 533K(640K)->533K(640K)
[1.157s][info][gc             ] GC(27) Pause Young (Allocation Failure) 222M->222M(322M) 153.802ms
[1.157s][info][gc,cpu         ] GC(27) User=0.08s Sys=0.06s Real=0.15s
[1.240s][info][gc,start       ] GC(28) Pause Young (Allocation Failure)
[1.411s][info][gc             ] GC(28) Pause Young (Allocation Failure) 311M->311M(400M) 170.926ms
[1.411s][info][gc,cpu         ] GC(28) User=0.09s Sys=0.05s Real=0.17s
[1.411s][info][gc,start       ] GC(29) Pause Full (Allocation Failure)
[1.411s][info][gc,phases,start] GC(29) Phase 1: Mark live objects
[1.551s][info][gc,phases      ] GC(29) Phase 1: Mark live objects 139.932ms
[1.551s][info][gc,phases,start] GC(29) Phase 2: Compute new object addresses
[1.600s][info][gc,phases      ] GC(29) Phase 2: Compute new object addresses 49.359ms
[1.601s][info][gc,phases,start] GC(29) Phase 3: Adjust pointers
[1.656s][info][gc,phases      ] GC(29) Phase 3: Adjust pointers 55.341ms
[1.656s][info][gc,phases,start] GC(29) Phase 4: Move objects
[1.658s][info][gc,phases      ] GC(29) Phase 4: Move objects 2.132ms
[1.659s][info][gc,heap        ] GC(29) DefNew: 102591K(102592K)->11371K(230848K) Eden: 91200K(91200K)->11371K(205248K) From: 11391K(11392K)->0K(25600K)
[1.659s][info][gc,heap        ] GC(29) Tenured: 216506K(227880K)->307691K(512820K)
[1.659s][info][gc,metaspace   ] GC(29) Metaspace: 6299K(6464K)->6299K(6464K) NonClass: 5766K(5824K)->5766K(5824K) Class: 533K(640K)->533K(640K)
[1.659s][info][gc             ] GC(29) Pause Full (Allocation Failure) 311M->311M(726M) 248.072ms
[1.659s][info][gc,cpu         ] GC(29) User=0.23s Sys=0.00s Real=0.25s
[1.866s][info][gc,start       ] GC(30) Pause Young (Allocation Failure)
[2.205s][info][gc,heap        ] GC(30) DefNew: 205248K(230848K)->25599K(230848K) Eden: 205248K(205248K)->0K(205248K) From: 0K(25600K)->25599K(25600K)
[2.205s][info][gc,heap        ] GC(30) Tenured: 307691K(512820K)->487314K(512820K)
[2.205s][info][gc,metaspace   ] GC(30) Metaspace: 6299K(6464K)->6299K(6464K) NonClass: 5766K(5824K)->5766K(5824K) Class: 533K(640K)->533K(640K)
[2.205s][info][gc             ] GC(30) Pause Young (Allocation Failure) 500M->500M(726M) 338.967ms
[2.205s][info][gc,cpu         ] GC(30) User=0.25s Sys=0.03s Real=0.34s
[2.394s][info][gc,start       ] GC(31) Pause Young (Allocation Failure)
[2.784s][info][gc             ] GC(31) Pause Young (Allocation Failure) 701M->700M(901M) 389.972ms
[2.784s][info][gc,cpu         ] GC(31) User=0.33s Sys=0.03s Real=0.39s
[2.784s][info][gc,start       ] GC(32) Pause Full (Allocation Failure)
[2.784s][info][gc,phases,start] GC(32) Phase 1: Mark live objects
[3.094s][info][gc,phases      ] GC(32) Phase 1: Mark live objects 309.696ms
[3.094s][info][gc,phases,start] GC(32) Phase 2: Compute new object addresses
[3.200s][info][gc,phases      ] GC(32) Phase 2: Compute new object addresses 105.918ms
[3.200s][info][gc,phases,start] GC(32) Phase 3: Adjust pointers
[3.317s][info][gc,phases      ] GC(32) Phase 3: Adjust pointers 117.011ms
[3.317s][info][gc,phases,start] GC(32) Phase 4: Move objects
[3.323s][info][gc,phases      ] GC(32) Phase 4: Move objects 5.560ms
[3.325s][info][gc,heap        ] GC(32) DefNew: 230847K(230848K)->25508K(518976K) Eden: 205248K(205248K)->25508K(461312K) From: 25599K(25600K)->0K(57664K)
[3.325s][info][gc,heap        ] GC(32) Tenured: 487314K(512820K)->691955K(1153260K)
[3.325s][info][gc,metaspace   ] GC(32) Metaspace: 6299K(6464K)->6299K(6464K) NonClass: 5766K(5824K)->5766K(5824K) Class: 533K(640K)->533K(640K)
[3.325s][info][gc             ] GC(32) Pause Full (Allocation Failure) 700M->700M(1633M) 540.442ms
[3.325s][info][gc,cpu         ] GC(32) User=0.55s Sys=0.00s Real=0.54s
[3.792s][info][gc,start       ] GC(33) Pause Young (Allocation Failure)
[4.587s][info][gc,heap        ] GC(33) DefNew: 461312K(518976K)->57663K(518976K) Eden: 461312K(461312K)->0K(461312K) From: 0K(57664K)->57663K(57664K)
[4.587s][info][gc,heap        ] GC(33) Tenured: 691955K(1153260K)->1095578K(1153260K)
[4.587s][info][gc,metaspace   ] GC(33) Metaspace: 6299K(6464K)->6299K(6464K) NonClass: 5766K(5824K)->5766K(5824K) Class: 533K(640K)->533K(640K)
[4.587s][info][gc             ] GC(33) Pause Young (Allocation Failure) 1126M->1126M(1633M) 794.729ms
[4.587s][info][gc,cpu         ] GC(33) User=0.75s Sys=0.03s Real=0.79s
[5.073s][info][gc,start       ] GC(34) Pause Young (Allocation Failure)
[5.920s][info][gc,promotion   ] GC(34) Promotion failed
[5.920s][info][gc             ] GC(34) Pause Young (Allocation Failure) 1576M->1906M(1906M) 847.540ms
[5.920s][info][gc,cpu         ] GC(34) User=0.72s Sys=0.06s Real=0.85s
[5.920s][info][gc,start       ] GC(35) Pause Full (Allocation Failure)
[5.920s][info][gc,phases,start] GC(35) Phase 1: Mark live objects
[6.643s][info][gc,phases      ] GC(35) Phase 1: Mark live objects 722.904ms
[6.643s][info][gc,phases,start] GC(35) Phase 2: Compute new object addresses
[6.903s][info][gc,phases      ] GC(35) Phase 2: Compute new object addresses 260.052ms
[6.903s][info][gc,phases,start] GC(35) Phase 3: Adjust pointers
[7.199s][info][gc,phases      ] GC(35) Phase 3: Adjust pointers 295.971ms
[7.199s][info][gc,phases,start] GC(35) Phase 4: Move objects
[7.234s][info][gc,phases      ] GC(35) Phase 4: Move objects 34.349ms
[7.234s][info][gc,heap        ] GC(35) DefNew: 518975K(518976K)->129855K(645120K) Eden: 461312K(461312K)->129855K(573440K) From: 57663K(57664K)->0K(71680K)
[7.235s][info][gc,heap        ] GC(35) Tenured: 1095578K(1153260K)->1433599K(1433600K)
[7.235s][info][gc,metaspace   ] GC(35) Metaspace: 6299K(6464K)->6299K(6464K) NonClass: 5766K(5824K)->5766K(5824K) Class: 533K(640K)->533K(640K)
[7.235s][info][gc             ] GC(35) Pause Full (Allocation Failure) 1906M->1526M(2030M) 1314.296ms
[7.235s][info][gc,cpu         ] GC(35) User=1.28s Sys=0.00s Real=1.32s
[7.840s][info][gc,start       ] GC(36) Pause Full (Allocation Failure)
[7.840s][info][gc,phases,start] GC(36) Phase 1: Mark live objects
[8.800s][info][gc,phases      ] GC(36) Phase 1: Mark live objects 959.139ms
[8.800s][info][gc,phases,start] GC(36) Phase 2: Compute new object addresses
[9.092s][info][gc,phases      ] GC(36) Phase 2: Compute new object addresses 291.980ms
[9.092s][info][gc,phases,start] GC(36) Phase 3: Adjust pointers
[9.578s][info][gc,phases      ] GC(36) Phase 3: Adjust pointers 486.071ms
[9.578s][info][gc,phases,start] GC(36) Phase 4: Move objects
[9.956s][info][gc,phases      ] GC(36) Phase 4: Move objects 378.547ms
[9.957s][info][gc,heap        ] GC(36) DefNew: 645120K(645120K)->616424K(645120K) Eden: 573440K(573440K)->573439K(573440K) From: 71680K(71680K)->42984K(71680K)
[9.957s][info][gc,heap        ] GC(36) Tenured: 1433599K(1433600K)->1433599K(1433600K)
[9.957s][info][gc,metaspace   ] GC(36) Metaspace: 6299K(6464K)->6299K(6464K) NonClass: 5766K(5824K)->5766K(5824K) Class: 533K(640K)->533K(640K)
[9.957s][info][gc             ] GC(36) Pause Full (Allocation Failure) 2029M->2001M(2030M) 2116.499ms
[9.957s][info][gc,cpu         ] GC(36) User=2.09s Sys=0.00s Real=2.12s
[10.039s][info][gc,start       ] GC(37) Pause Full (Allocation Failure)
[10.039s][info][gc,phases,start] GC(37) Phase 1: Mark live objects
[10.971s][info][gc,phases      ] GC(37) Phase 1: Mark live objects 932.416ms
[10.971s][info][gc,phases,start] GC(37) Phase 2: Compute new object addresses
[11.262s][info][gc,phases      ] GC(37) Phase 2: Compute new object addresses 291.267ms
[11.263s][info][gc,phases,start] GC(37) Phase 3: Adjust pointers
[11.663s][info][gc,phases      ] GC(37) Phase 3: Adjust pointers 400.574ms
[11.663s][info][gc,phases,start] GC(37) Phase 4: Move objects
[11.663s][info][gc,phases      ] GC(37) Phase 4: Move objects 0.015ms
[11.663s][info][gc,heap        ] GC(37) DefNew: 645119K(645120K)->645119K(645120K) Eden: 573440K(573440K)->573440K(573440K) From: 71679K(71680K)->71679K(71680K)
[11.663s][info][gc,heap        ] GC(37) Tenured: 1433599K(1433600K)->1433599K(1433600K)
[11.663s][info][gc,metaspace   ] GC(37) Metaspace: 6299K(6464K)->6299K(6464K) NonClass: 5766K(5824K)->5766K(5824K) Class: 533K(640K)->533K(640K)
[11.663s][info][gc             ] GC(37) Pause Full (Allocation Failure) 2029M->2029M(2030M) 1624.856ms
[11.663s][info][gc,cpu         ] GC(37) User=1.62s Sys=0.00s Real=1.62s
[11.663s][info][gc,start       ] GC(38) Pause Full (Allocation Failure)
[11.663s][info][gc,phases,start] GC(38) Phase 1: Mark live objects
[12.607s][info][gc,phases      ] GC(38) Phase 1: Mark live objects 943.785ms
[12.607s][info][gc,phases,start] GC(38) Phase 2: Compute new object addresses
[12.932s][info][gc,phases      ] GC(38) Phase 2: Compute new object addresses 324.809ms
[12.932s][info][gc,phases,start] GC(38) Phase 3: Adjust pointers
[13.410s][info][gc,phases      ] GC(38) Phase 3: Adjust pointers 477.511ms
[13.410s][info][gc,phases,start] GC(38) Phase 4: Move objects
[13.807s][info][gc,phases      ] GC(38) Phase 4: Move objects 396.888ms
[13.807s][info][gc,heap        ] GC(38) DefNew: 645119K(645120K)->645115K(645120K) Eden: 573440K(573440K)->573439K(573440K) From: 71679K(71680K)->71675K(71680K)
[13.807s][info][gc,heap        ] GC(38) Tenured: 1433599K(1433600K)->1433599K(1433600K)
[13.807s][info][gc,metaspace   ] GC(38) Metaspace: 6299K(6464K)->6298K(6464K) NonClass: 5766K(5824K)->5765K(5824K) Class: 533K(640K)->532K(640K)
[13.807s][info][gc             ] GC(38) Pause Full (Allocation Failure) 2029M->2029M(2030M) 2143.810ms
[13.807s][info][gc,cpu         ] GC(38) User=2.09s Sys=0.00s Real=2.14s
[13.808s][info][gc,start       ] GC(39) Pause Full (Allocation Failure)
[13.808s][info][gc,phases,start] GC(39) Phase 1: Mark live objects
[14.784s][info][gc,phases      ] GC(39) Phase 1: Mark live objects 976.242ms
[14.784s][info][gc,phases,start] GC(39) Phase 2: Compute new object addresses
[15.081s][info][gc,phases      ] GC(39) Phase 2: Compute new object addresses 297.159ms
[15.081s][info][gc,phases,start] GC(39) Phase 3: Adjust pointers
[15.483s][info][gc,phases      ] GC(39) Phase 3: Adjust pointers 402.258ms
[15.484s][info][gc,phases,start] GC(39) Phase 4: Move objects
[15.484s][info][gc,phases      ] GC(39) Phase 4: Move objects 0.016ms
[15.484s][info][gc,heap        ] GC(39) DefNew: 645120K(645120K)->645120K(645120K) Eden: 573440K(573440K)->573440K(573440K) From: 71680K(71680K)->71680K(71680K)
[15.484s][info][gc,heap        ] GC(39) Tenured: 1433599K(1433600K)->1433599K(1433600K)
[15.484s][info][gc,metaspace   ] GC(39) Metaspace: 6298K(6464K)->6298K(6464K) NonClass: 5765K(5824K)->5765K(5824K) Class: 532K(640K)->532K(640K)
[15.484s][info][gc             ] GC(39) Pause Full (Allocation Failure) 2029M->2029M(2030M) 1676.186ms
[15.484s][info][gc,cpu         ] GC(39) User=1.62s Sys=0.00s Real=1.68s
[15.484s][info][gc,start       ] GC(40) Pause Full (Allocation Failure)
[15.484s][info][gc,phases,start] GC(40) Phase 1: Mark live objects
[16.434s][info][gc,phases      ] GC(40) Phase 1: Mark live objects 949.801ms
[16.434s][info][gc,phases,start] GC(40) Phase 2: Compute new object addresses
[16.726s][info][gc,phases      ] GC(40) Phase 2: Compute new object addresses 292.231ms
[16.726s][info][gc,phases,start] GC(40) Phase 3: Adjust pointers
[17.118s][info][gc,phases      ] GC(40) Phase 3: Adjust pointers 391.638ms
[17.118s][info][gc,phases,start] GC(40) Phase 4: Move objects
[17.118s][info][gc,phases      ] GC(40) Phase 4: Move objects 0.015ms
[17.118s][info][gc,heap        ] GC(40) DefNew: 645120K(645120K)->645120K(645120K) Eden: 573440K(573440K)->573440K(573440K) From: 71680K(71680K)->71680K(71680K)
[17.118s][info][gc,heap        ] GC(40) Tenured: 1433599K(1433600K)->1433599K(1433600K)
[17.118s][info][gc,metaspace   ] GC(40) Metaspace: 6298K(6464K)->6298K(6464K) NonClass: 5765K(5824K)->5765K(5824K) Class: 532K(640K)->532K(640K)
[17.118s][info][gc             ] GC(40) Pause Full (Allocation Failure) 2029M->2029M(2030M) 1634.265ms
[17.118s][info][gc,cpu         ] GC(40) User=1.62s Sys=0.00s Real=1.63s
[17.118s][info][gc,start       ] GC(41) Pause Full (Allocation Failure)
[17.118s][info][gc,phases,start] GC(41) Phase 1: Mark live objects
[18.070s][info][gc,phases      ] GC(41) Phase 1: Mark live objects 951.599ms
[18.070s][info][gc,phases,start] GC(41) Phase 2: Compute new object addresses
[18.363s][info][gc,phases      ] GC(41) Phase 2: Compute new object addresses 293.233ms
[18.363s][info][gc,phases,start] GC(41) Phase 3: Adjust pointers
[18.754s][info][gc,phases      ] GC(41) Phase 3: Adjust pointers 390.688ms
[18.754s][info][gc,phases,start] GC(41) Phase 4: Move objects
[18.754s][info][gc,phases      ] GC(41) Phase 4: Move objects 0.015ms
[18.754s][info][gc,heap        ] GC(41) DefNew: 645120K(645120K)->645120K(645120K) Eden: 573440K(573440K)->573440K(573440K) From: 71680K(71680K)->71680K(71680K)
[18.754s][info][gc,heap        ] GC(41) Tenured: 1433599K(1433600K)->1433599K(1433600K)
[18.754s][info][gc,metaspace   ] GC(41) Metaspace: 6298K(6464K)->6298K(6464K) NonClass: 5765K(5824K)->5765K(5824K) Class: 532K(640K)->532K(640K)
[18.754s][info][gc             ] GC(41) Pause Full (Allocation Failure) 2029M->2029M(2030M) 1636.030ms
[18.755s][info][gc,cpu         ] GC(41) User=1.61s Sys=0.02s Real=1.64s
[18.755s][info][gc,start       ] GC(42) Pause Full (Allocation Failure)
[18.755s][info][gc,phases,start] GC(42) Phase 1: Mark live objects
[19.704s][info][gc,phases      ] GC(42) Phase 1: Mark live objects 949.361ms
[19.704s][info][gc,phases,start] GC(42) Phase 2: Compute new object addresses
[19.994s][info][gc,phases      ] GC(42) Phase 2: Compute new object addresses 289.629ms
[19.994s][info][gc,phases,start] GC(42) Phase 3: Adjust pointers
[20.461s][info][gc,phases      ] GC(42) Phase 3: Adjust pointers 467.085ms
[20.461s][info][gc,phases,start] GC(42) Phase 4: Move objects
[20.791s][info][gc,phases      ] GC(42) Phase 4: Move objects 330.394ms
[20.792s][info][gc,heap        ] GC(42) DefNew: 645120K(645120K)->645118K(645120K) Eden: 573440K(573440K)->573440K(573440K) From: 71680K(71680K)->71678K(71680K)
[20.792s][info][gc,heap        ] GC(42) Tenured: 1433599K(1433600K)->1433599K(1433600K)
[20.792s][info][gc,metaspace   ] GC(42) Metaspace: 6298K(6464K)->6298K(6464K) NonClass: 5765K(5824K)->5765K(5824K) Class: 532K(640K)->532K(640K)
[20.792s][info][gc             ] GC(42) Pause Full (Allocation Failure) 2029M->2029M(2030M) 2037.293ms
[20.792s][info][gc,cpu         ] GC(42) User=2.02s Sys=0.00s Real=2.04s
[20.793s][info][gc,start       ] GC(43) Pause Full (Allocation Failure)
[20.793s][info][gc,phases,start] GC(43) Phase 1: Mark live objects
[21.740s][info][gc,phases      ] GC(43) Phase 1: Mark live objects 947.029ms
[21.740s][info][gc,phases,start] GC(43) Phase 2: Compute new object addresses
[22.031s][info][gc,phases      ] GC(43) Phase 2: Compute new object addresses 290.482ms
[22.031s][info][gc,phases,start] GC(43) Phase 3: Adjust pointers
[22.423s][info][gc,phases      ] GC(43) Phase 3: Adjust pointers 392.493ms
[22.423s][info][gc,phases,start] GC(43) Phase 4: Move objects
[22.423s][info][gc,phases      ] GC(43) Phase 4: Move objects 0.016ms
[22.424s][info][gc,heap        ] GC(43) DefNew: 645119K(645120K)->645119K(645120K) Eden: 573440K(573440K)->573440K(573440K) From: 71679K(71680K)->71679K(71680K)
[22.424s][info][gc,heap        ] GC(43) Tenured: 1433599K(1433600K)->1433599K(1433600K)
[22.424s][info][gc,metaspace   ] GC(43) Metaspace: 6299K(6464K)->6299K(6464K) NonClass: 5766K(5824K)->5766K(5824K) Class: 533K(640K)->533K(640K)
[22.424s][info][gc             ] GC(43) Pause Full (Allocation Failure) 2029M->2029M(2030M) 1630.572ms
[22.424s][info][gc,cpu         ] GC(43) User=1.59s Sys=0.02s Real=1.63s
[22.424s][info][gc,heap,exit   ] Heap
[22.424s][info][gc,heap,exit   ]  def new generation   total 645120K, used 645120K [0x000000077cc00000, 0x00000007a8800000, 0x00000007a8800000)
[22.424s][info][gc,heap,exit   ]   eden space 573440K, 100% used [0x000000077cc00000, 0x000000079fc00000, 0x000000079fc00000)
[22.424s][info][gc,heap,exit   ]   from space 71680K, 100% used [0x000000079fc00000, 0x00000007a4200000, 0x00000007a4200000)
[22.424s][info][gc,heap,exit   ]   to   space 71680K,   0% used [0x00000007a4200000, 0x00000007a4200000, 0x00000007a8800000)
[22.424s][info][gc,heap,exit   ]  tenured generation   total 1433600K, used 1433599K [0x00000007a8800000, 0x0000000800000000, 0x0000000800000000)
[22.424s][info][gc,heap,exit   ]    the space 1433600K,  99% used [0x00000007a8800000, 0x00000007ffffffd0, 0x0000000800000000, 0x0000000800000000)
[22.424s][info][gc,heap,exit   ]  Metaspace       used 6302K, committed 6528K, reserved 1114112K
[22.424s][info][gc,heap,exit   ]   class space    used 534K, committed 640K, reserved 1048576K
