[0.012s][info][gc,init] CardTable entry size: 512
[0.013s][info][gc     ] Using Serial
[0.013s][info][gc,init] Version: 18.0.1+10 (release)
[0.013s][info][gc,init] CPUs: 8 total, 8 available
[0.013s][info][gc,init] Memory: 16063M
[0.013s][info][gc,init] Large Page Support: Disabled
[0.013s][info][gc,init] NUMA Support: Disabled
[0.013s][info][gc,init] Compressed Oops: Enabled (Zero based)
[0.013s][info][gc,init] Heap Min Capacity: 2M
[0.013s][info][gc,init] Heap Initial Capacity: 2M
[0.013s][info][gc,init] Heap Max Capacity: 6600M
[0.013s][info][gc,init] Pre-touch: Disabled
[0.014s][info][gc,metaspace] CDS archive(s) not mapped
[0.014s][info][gc,metaspace] Compressed class space mapped at: 0x0000000800000000-0x0000000840000000, reserved size: 1073741824
[0.014s][info][gc,metaspace] Narrow klass base: 0x0000000800000000, Narrow klass shift: 0, Narrow klass range: 0x40000000
[0.163s][info][gc,start    ] GC(0) Pause Young (Allocation Failure)
[0.165s][info][gc,heap     ] GC(0) DefNew: 1023K(1152K)->127K(1152K) Eden: 1023K(1024K)->0K(1024K) From: 0K(128K)->127K(128K)
[0.165s][info][gc,heap     ] GC(0) Tenured: 0K(768K)->439K(768K)
[0.165s][info][gc,metaspace] GC(0) Metaspace: 5900K(6016K)->5900K(6016K) NonClass: 5401K(5504K)->5401K(5504K) Class: 499K(512K)->499K(512K)
[0.165s][info][gc          ] GC(0) Pause Young (Allocation Failure) 0M->0M(1M) 1.704ms
[0.165s][info][gc,cpu      ] GC(0) User=0.00s Sys=0.00s Real=0.00s
[0.183s][info][gc,start    ] GC(1) Pause Young (Allocation Failure)
[0.184s][info][gc          ] GC(1) Pause Young (Allocation Failure) 1M->0M(2M) 1.158ms
[0.184s][info][gc,cpu      ] GC(1) User=0.00s Sys=0.00s Real=0.00s
[0.184s][info][gc,start    ] GC(2) Pause Full (Allocation Failure)
[0.184s][info][gc,phases,start] GC(2) Phase 1: Mark live objects
[0.185s][info][gc,phases      ] GC(2) Phase 1: Mark live objects 0.958ms
[0.186s][info][gc,phases,start] GC(2) Phase 2: Compute new object addresses
[0.186s][info][gc,phases      ] GC(2) Phase 2: Compute new object addresses 0.226ms
[0.186s][info][gc,phases,start] GC(2) Phase 3: Adjust pointers
[0.186s][info][gc,phases      ] GC(2) Phase 3: Adjust pointers 0.465ms
[0.186s][info][gc,phases,start] GC(2) Phase 4: Move objects
[0.186s][info][gc,phases      ] GC(2) Phase 4: Move objects 0.059ms
[0.186s][info][gc,heap        ] GC(2) DefNew: 1151K(1152K)->40K(1152K) Eden: 1024K(1024K)->40K(1024K) From: 127K(128K)->0K(128K)
[0.186s][info][gc,heap        ] GC(2) Tenured: 439K(768K)->959K(1600K)
[0.186s][info][gc,metaspace   ] GC(2) Metaspace: 6297K(6464K)->6297K(6464K) NonClass: 5764K(5824K)->5764K(5824K) Class: 533K(640K)->533K(640K)
[0.186s][info][gc             ] GC(2) Pause Full (Allocation Failure) 0M->0M(2M) 1.965ms
[0.186s][info][gc,cpu         ] GC(2) User=0.00s Sys=0.00s Real=0.00s
[0.188s][info][gc,start       ] GC(3) Pause Young (Allocation Failure)
[0.189s][info][gc,heap        ] GC(3) DefNew: 1024K(1152K)->128K(1152K) Eden: 1024K(1024K)->0K(1024K) From: 0K(128K)->128K(128K)
[0.189s][info][gc,heap        ] GC(3) Tenured: 959K(1600K)->1375K(1600K)
[0.189s][info][gc,metaspace   ] GC(3) Metaspace: 6297K(6464K)->6297K(6464K) NonClass: 5764K(5824K)->5764K(5824K) Class: 533K(640K)->533K(640K)
[0.189s][info][gc             ] GC(3) Pause Young (Allocation Failure) 1M->1M(2M) 1.302ms
[0.189s][info][gc,cpu         ] GC(3) User=0.00s Sys=0.00s Real=0.00s
[0.190s][info][gc,start       ] GC(4) Pause Young (Allocation Failure)
[0.192s][info][gc             ] GC(4) Pause Young (Allocation Failure) 2M->1M(3M) 1.116ms
[0.192s][info][gc,cpu         ] GC(4) User=0.00s Sys=0.00s Real=0.00s
[0.192s][info][gc,start       ] GC(5) Pause Full (Allocation Failure)
[0.192s][info][gc,phases,start] GC(5) Phase 1: Mark live objects
[0.193s][info][gc,phases      ] GC(5) Phase 1: Mark live objects 1.517ms
[0.193s][info][gc,phases,start] GC(5) Phase 2: Compute new object addresses
[0.194s][info][gc,phases      ] GC(5) Phase 2: Compute new object addresses 0.431ms
[0.194s][info][gc,phases,start] GC(5) Phase 3: Adjust pointers
[0.194s][info][gc,phases      ] GC(5) Phase 3: Adjust pointers 0.673ms
[0.195s][info][gc,phases,start] GC(5) Phase 4: Move objects
[0.195s][info][gc,phases      ] GC(5) Phase 4: Move objects 0.069ms
[0.195s][info][gc,heap        ] GC(5) DefNew: 1152K(1152K)->35K(1536K) Eden: 1024K(1024K)->35K(1408K) From: 128K(128K)->0K(128K)
[0.195s][info][gc,heap        ] GC(5) Tenured: 1375K(1600K)->1983K(3308K)
[0.195s][info][gc,metaspace   ] GC(5) Metaspace: 6297K(6464K)->6297K(6464K) NonClass: 5764K(5824K)->5764K(5824K) Class: 533K(640K)->533K(640K)
[0.195s][info][gc             ] GC(5) Pause Full (Allocation Failure) 1M->1M(4M) 3.074ms
[0.195s][info][gc,cpu         ] GC(5) User=0.00s Sys=0.00s Real=0.00s
[0.196s][info][gc,start       ] GC(6) Pause Young (Allocation Failure)
[0.198s][info][gc,heap        ] GC(6) DefNew: 1407K(1536K)->127K(1536K) Eden: 1407K(1408K)->0K(1408K) From: 0K(128K)->127K(128K)
[0.198s][info][gc,heap        ] GC(6) Tenured: 1983K(3308K)->2617K(3308K)
[0.198s][info][gc,metaspace   ] GC(6) Metaspace: 6297K(6464K)->6297K(6464K) NonClass: 5764K(5824K)->5764K(5824K) Class: 533K(640K)->533K(640K)
[0.198s][info][gc             ] GC(6) Pause Young (Allocation Failure) 3M->2M(4M) 1.675ms
[0.198s][info][gc,cpu         ] GC(6) User=0.00s Sys=0.00s Real=0.00s
[0.200s][info][gc,start       ] GC(7) Pause Young (Allocation Failure)
[0.201s][info][gc             ] GC(7) Pause Young (Allocation Failure) 4M->3M(4M) 1.425ms
[0.201s][info][gc,cpu         ] GC(7) User=0.00s Sys=0.00s Real=0.00s
[0.201s][info][gc,start       ] GC(8) Pause Full (Allocation Failure)
[0.201s][info][gc,phases,start] GC(8) Phase 1: Mark live objects
[0.203s][info][gc,phases      ] GC(8) Phase 1: Mark live objects 1.900ms
[0.203s][info][gc,phases,start] GC(8) Phase 2: Compute new object addresses
[0.204s][info][gc,phases      ] GC(8) Phase 2: Compute new object addresses 0.609ms
[0.204s][info][gc,phases,start] GC(8) Phase 3: Adjust pointers
[0.205s][info][gc,phases      ] GC(8) Phase 3: Adjust pointers 0.965ms
[0.205s][info][gc,phases,start] GC(8) Phase 4: Move objects
[0.205s][info][gc,phases      ] GC(8) Phase 4: Move objects 0.071ms
[0.205s][info][gc,heap        ] GC(8) DefNew: 1535K(1536K)->0K(2688K) Eden: 1408K(1408K)->0K(2432K) From: 127K(128K)->0K(256K)
[0.205s][info][gc,heap        ] GC(8) Tenured: 2617K(3308K)->3460K(5768K)
[0.205s][info][gc,metaspace   ] GC(8) Metaspace: 6297K(6464K)->6297K(6464K) NonClass: 5764K(5824K)->5764K(5824K) Class: 533K(640K)->533K(640K)
[0.205s][info][gc             ] GC(8) Pause Full (Allocation Failure) 3M->3M(8M) 3.838ms
[0.205s][info][gc,cpu         ] GC(8) User=0.00s Sys=0.00s Real=0.00s
[0.208s][info][gc,start       ] GC(9) Pause Young (Allocation Failure)
[0.211s][info][gc,heap        ] GC(9) DefNew: 2431K(2688K)->255K(2688K) Eden: 2431K(2432K)->0K(2432K) From: 0K(256K)->255K(256K)
[0.211s][info][gc,heap        ] GC(9) Tenured: 3460K(5768K)->4512K(5768K)
[0.211s][info][gc,metaspace   ] GC(9) Metaspace: 6297K(6464K)->6297K(6464K) NonClass: 5764K(5824K)->5764K(5824K) Class: 533K(640K)->533K(640K)
[0.211s][info][gc             ] GC(9) Pause Young (Allocation Failure) 5M->4M(8M) 2.551ms
[0.211s][info][gc,cpu         ] GC(9) User=0.00s Sys=0.00s Real=0.00s
[0.213s][info][gc,start       ] GC(10) Pause Young (Allocation Failure)
[0.216s][info][gc,heap        ] GC(10) DefNew: 2687K(2688K)->255K(2688K) Eden: 2432K(2432K)->0K(2432K) From: 255K(256K)->255K(256K)
[0.216s][info][gc,heap        ] GC(10) Tenured: 4512K(5768K)->5755K(5768K)
[0.216s][info][gc,metaspace   ] GC(10) Metaspace: 6297K(6464K)->6297K(6464K) NonClass: 5764K(5824K)->5764K(5824K) Class: 533K(640K)->533K(640K)
[0.216s][info][gc             ] GC(10) Pause Young (Allocation Failure) 7M->5M(8M) 2.595ms
[0.216s][info][gc,cpu         ] GC(10) User=0.00s Sys=0.00s Real=0.00s
[0.219s][info][gc,start       ] GC(11) Pause Young (Allocation Failure)
[0.223s][info][gc             ] GC(11) Pause Young (Allocation Failure) 8M->7M(9M) 3.624ms
[0.223s][info][gc,cpu         ] GC(11) User=0.00s Sys=0.00s Real=0.00s
[0.223s][info][gc,start       ] GC(12) Pause Full (Allocation Failure)
[0.223s][info][gc,phases,start] GC(12) Phase 1: Mark live objects
[0.228s][info][gc,phases      ] GC(12) Phase 1: Mark live objects 4.467ms
[0.228s][info][gc,phases,start] GC(12) Phase 2: Compute new object addresses
[0.229s][info][gc,phases      ] GC(12) Phase 2: Compute new object addresses 1.144ms
[0.229s][info][gc,phases,start] GC(12) Phase 3: Adjust pointers
[0.231s][info][gc,phases      ] GC(12) Phase 3: Adjust pointers 1.734ms
[0.231s][info][gc,phases,start] GC(12) Phase 4: Move objects
[0.232s][info][gc,phases      ] GC(12) Phase 4: Move objects 1.281ms
[0.232s][info][gc,heap        ] GC(12) DefNew: 2687K(2688K)->0K(5376K) Eden: 2432K(2432K)->0K(4800K) From: 255K(256K)->0K(576K)
[0.232s][info][gc,heap        ] GC(12) Tenured: 5755K(5768K)->7132K(11888K)
[0.232s][info][gc,metaspace   ] GC(12) Metaspace: 6297K(6464K)->6297K(6464K) NonClass: 5764K(5824K)->5764K(5824K) Class: 533K(640K)->533K(640K)
[0.232s][info][gc             ] GC(12) Pause Full (Allocation Failure) 7M->6M(16M) 9.153ms
[0.232s][info][gc,cpu         ] GC(12) User=0.00s Sys=0.00s Real=0.01s
[0.237s][info][gc,start       ] GC(13) Pause Young (Allocation Failure)
[0.243s][info][gc,heap        ] GC(13) DefNew: 4800K(5376K)->575K(5376K) Eden: 4800K(4800K)->0K(4800K) From: 0K(576K)->575K(576K)
[0.243s][info][gc,heap        ] GC(13) Tenured: 7132K(11888K)->9027K(11888K)
[0.243s][info][gc,metaspace   ] GC(13) Metaspace: 6297K(6464K)->6297K(6464K) NonClass: 5764K(5824K)->5764K(5824K) Class: 533K(640K)->533K(640K)
[0.243s][info][gc             ] GC(13) Pause Young (Allocation Failure) 11M->9M(16M) 5.735ms
[0.243s][info][gc,cpu         ] GC(13) User=0.00s Sys=0.00s Real=0.00s
[0.248s][info][gc,start       ] GC(14) Pause Young (Allocation Failure)
[0.254s][info][gc,heap        ] GC(14) DefNew: 5375K(5376K)->576K(5376K) Eden: 4800K(4800K)->0K(4800K) From: 575K(576K)->576K(576K)
[0.254s][info][gc,heap        ] GC(14) Tenured: 9027K(11888K)->11746K(11888K)
[0.254s][info][gc,metaspace   ] GC(14) Metaspace: 6297K(6464K)->6297K(6464K) NonClass: 5764K(5824K)->5764K(5824K) Class: 533K(640K)->533K(640K)
[0.254s][info][gc             ] GC(14) Pause Young (Allocation Failure) 14M->12M(16M) 6.382ms
[0.254s][info][gc,cpu         ] GC(14) User=0.00s Sys=0.00s Real=0.01s
[0.258s][info][gc,start       ] GC(15) Pause Young (Allocation Failure)
[0.264s][info][gc             ] GC(15) Pause Young (Allocation Failure) 16M->14M(19M) 5.803ms
[0.264s][info][gc,cpu         ] GC(15) User=0.00s Sys=0.00s Real=0.01s
[0.264s][info][gc,start       ] GC(16) Pause Full (Allocation Failure)
[0.264s][info][gc,phases,start] GC(16) Phase 1: Mark live objects
[0.272s][info][gc,phases      ] GC(16) Phase 1: Mark live objects 8.224ms
[0.272s][info][gc,phases,start] GC(16) Phase 2: Compute new object addresses
[0.274s][info][gc,phases      ] GC(16) Phase 2: Compute new object addresses 2.367ms
[0.274s][info][gc,phases,start] GC(16) Phase 3: Adjust pointers
[0.277s][info][gc,phases      ] GC(16) Phase 3: Adjust pointers 2.862ms
[0.277s][info][gc,phases,start] GC(16) Phase 4: Move objects
[0.277s][info][gc,phases      ] GC(16) Phase 4: Move objects 0.181ms
[0.278s][info][gc,heap        ] GC(16) DefNew: 5376K(5376K)->387K(10880K) Eden: 4800K(4800K)->387K(9728K) From: 576K(576K)->0K(1152K)
[0.278s][info][gc,heap        ] GC(16) Tenured: 11746K(11888K)->14384K(23976K)
[0.278s][info][gc,metaspace   ] GC(16) Metaspace: 6299K(6464K)->6299K(6464K) NonClass: 5766K(5824K)->5766K(5824K) Class: 533K(640K)->533K(640K)
[0.278s][info][gc             ] GC(16) Pause Full (Allocation Failure) 14M->14M(34M) 13.989ms
[0.278s][info][gc,cpu         ] GC(16) User=0.02s Sys=0.00s Real=0.02s
[0.285s][info][gc,start       ] GC(17) Pause Young (Allocation Failure)
[0.298s][info][gc,heap        ] GC(17) DefNew: 9728K(10880K)->1151K(10880K) Eden: 9728K(9728K)->0K(9728K) From: 0K(1152K)->1151K(1152K)
[0.298s][info][gc,heap        ] GC(17) Tenured: 14384K(23976K)->18415K(23976K)
[0.298s][info][gc,metaspace   ] GC(17) Metaspace: 6299K(6464K)->6299K(6464K) NonClass: 5766K(5824K)->5766K(5824K) Class: 533K(640K)->533K(640K)
[0.298s][info][gc             ] GC(17) Pause Young (Allocation Failure) 23M->19M(34M) 13.200ms
[0.298s][info][gc,cpu         ] GC(17) User=0.00s Sys=0.00s Real=0.01s
[0.305s][info][gc,start       ] GC(18) Pause Young (Allocation Failure)
[0.317s][info][gc,heap        ] GC(18) DefNew: 10879K(10880K)->1151K(10880K) Eden: 9728K(9728K)->0K(9728K) From: 1151K(1152K)->1151K(1152K)
[0.317s][info][gc,heap        ] GC(18) Tenured: 18415K(23976K)->23936K(23976K)
[0.317s][info][gc,metaspace   ] GC(18) Metaspace: 6299K(6464K)->6299K(6464K) NonClass: 5766K(5824K)->5766K(5824K) Class: 533K(640K)->533K(640K)
[0.317s][info][gc             ] GC(18) Pause Young (Allocation Failure) 28M->24M(34M) 11.954ms
[0.317s][info][gc,cpu         ] GC(18) User=0.00s Sys=0.00s Real=0.01s
[0.323s][info][gc,start       ] GC(19) Pause Young (Allocation Failure)
[0.334s][info][gc             ] GC(19) Pause Young (Allocation Failure) 34M->29M(38M) 11.418ms
[0.334s][info][gc,cpu         ] GC(19) User=0.00s Sys=0.00s Real=0.01s
[0.334s][info][gc,start       ] GC(20) Pause Full (Allocation Failure)
[0.334s][info][gc,phases,start] GC(20) Phase 1: Mark live objects
[0.349s][info][gc,phases      ] GC(20) Phase 1: Mark live objects 14.191ms
[0.349s][info][gc,phases,start] GC(20) Phase 2: Compute new object addresses
[0.354s][info][gc,phases      ] GC(20) Phase 2: Compute new object addresses 4.849ms
[0.354s][info][gc,phases,start] GC(20) Phase 3: Adjust pointers
[0.359s][info][gc,phases      ] GC(20) Phase 3: Adjust pointers 5.667ms
[0.359s][info][gc,phases,start] GC(20) Phase 4: Move objects
[0.359s][info][gc,phases      ] GC(20) Phase 4: Move objects 0.188ms
[0.360s][info][gc,heap        ] GC(20) DefNew: 10879K(10880K)->1080K(21888K) Eden: 9728K(9728K)->1080K(19520K) From: 1151K(1152K)->0K(2368K)
[0.360s][info][gc,heap        ] GC(20) Tenured: 23936K(23976K)->29036K(48396K)
[0.360s][info][gc,metaspace   ] GC(20) Metaspace: 6299K(6464K)->6299K(6464K) NonClass: 5766K(5824K)->5766K(5824K) Class: 533K(640K)->533K(640K)
[0.360s][info][gc             ] GC(20) Pause Full (Allocation Failure) 29M->29M(68M) 25.338ms
[0.360s][info][gc,cpu         ] GC(20) User=0.03s Sys=0.00s Real=0.02s
[0.377s][info][gc,start       ] GC(21) Pause Young (Allocation Failure)
[0.408s][info][gc,heap        ] GC(21) DefNew: 19520K(21888K)->2367K(21888K) Eden: 19520K(19520K)->0K(19520K) From: 0K(2368K)->2367K(2368K)
[0.408s][info][gc,heap        ] GC(21) Tenured: 29036K(48396K)->41014K(48396K)
[0.408s][info][gc,metaspace   ] GC(21) Metaspace: 6299K(6464K)->6299K(6464K) NonClass: 5766K(5824K)->5766K(5824K) Class: 533K(640K)->533K(640K)
[0.408s][info][gc             ] GC(21) Pause Young (Allocation Failure) 47M->42M(68M) 31.146ms
[0.408s][info][gc,cpu         ] GC(21) User=0.02s Sys=0.00s Real=0.03s
[0.426s][info][gc,start       ] GC(22) Pause Young (Allocation Failure)
[0.462s][info][gc             ] GC(22) Pause Young (Allocation Failure) 61M->61M(80M) 35.413ms
[0.462s][info][gc,cpu         ] GC(22) User=0.05s Sys=0.00s Real=0.04s
[0.462s][info][gc,start       ] GC(23) Pause Full (Allocation Failure)
[0.462s][info][gc,phases,start] GC(23) Phase 1: Mark live objects
[0.488s][info][gc,phases      ] GC(23) Phase 1: Mark live objects 25.837ms
[0.488s][info][gc,phases,start] GC(23) Phase 2: Compute new object addresses
[0.497s][info][gc,phases      ] GC(23) Phase 2: Compute new object addresses 9.496ms
[0.497s][info][gc,phases,start] GC(23) Phase 3: Adjust pointers
[0.508s][info][gc,phases      ] GC(23) Phase 3: Adjust pointers 10.749ms
[0.508s][info][gc,phases,start] GC(23) Phase 4: Move objects
[0.509s][info][gc,phases      ] GC(23) Phase 4: Move objects 0.370ms
[0.509s][info][gc,heap        ] GC(23) DefNew: 21887K(21888K)->2187K(45568K) Eden: 19520K(19520K)->2187K(40512K) From: 2367K(2368K)->0K(5056K)
[0.509s][info][gc,heap        ] GC(23) Tenured: 41014K(48396K)->60683K(101140K)
[0.509s][info][gc,metaspace   ] GC(23) Metaspace: 6299K(6464K)->6299K(6464K) NonClass: 5766K(5824K)->5766K(5824K) Class: 533K(640K)->533K(640K)
[0.509s][info][gc             ] GC(23) Pause Full (Allocation Failure) 61M->61M(143M) 47.102ms
[0.509s][info][gc,cpu         ] GC(23) User=0.05s Sys=0.00s Real=0.05s
[0.551s][info][gc,start       ] GC(24) Pause Young (Allocation Failure)
[0.615s][info][gc,heap        ] GC(24) DefNew: 40512K(45568K)->5056K(45568K) Eden: 40512K(40512K)->0K(40512K) From: 0K(5056K)->5056K(5056K)
[0.615s][info][gc,heap        ] GC(24) Tenured: 60683K(101140K)->96114K(101140K)
[0.615s][info][gc,metaspace   ] GC(24) Metaspace: 6299K(6464K)->6299K(6464K) NonClass: 5766K(5824K)->5766K(5824K) Class: 533K(640K)->533K(640K)
[0.615s][info][gc             ] GC(24) Pause Young (Allocation Failure) 98M->98M(143M) 64.247ms
[0.615s][info][gc,cpu         ] GC(24) User=0.08s Sys=0.00s Real=0.06s
[0.649s][info][gc,start       ] GC(25) Pause Young (Allocation Failure)
[0.725s][info][gc             ] GC(25) Pause Young (Allocation Failure) 138M->138M(178M) 75.216ms
[0.725s][info][gc,cpu         ] GC(25) User=0.05s Sys=0.02s Real=0.08s
[0.725s][info][gc,start       ] GC(26) Pause Full (Allocation Failure)
[0.725s][info][gc,phases,start] GC(26) Phase 1: Mark live objects
[0.783s][info][gc,phases      ] GC(26) Phase 1: Mark live objects 57.779ms
[0.783s][info][gc,phases,start] GC(26) Phase 2: Compute new object addresses
[0.805s][info][gc,phases      ] GC(26) Phase 2: Compute new object addresses 22.128ms
[0.805s][info][gc,phases,start] GC(26) Phase 3: Adjust pointers
[0.834s][info][gc,phases      ] GC(26) Phase 3: Adjust pointers 28.735ms
[0.834s][info][gc,phases,start] GC(26) Phase 4: Move objects
[0.860s][info][gc,phases      ] GC(26) Phase 4: Move objects 26.141ms
[0.860s][info][gc,heap        ] GC(26) DefNew: 45568K(45568K)->1084K(102592K) Eden: 40512K(40512K)->1084K(91200K) From: 5056K(5056K)->0K(11392K)
[0.860s][info][gc,heap        ] GC(26) Tenured: 96114K(101140K)->136727K(227880K)
[0.860s][info][gc,metaspace   ] GC(26) Metaspace: 6299K(6464K)->6299K(6464K) NonClass: 5766K(5824K)->5766K(5824K) Class: 533K(640K)->533K(640K)
[0.860s][info][gc             ] GC(26) Pause Full (Allocation Failure) 138M->134M(322M) 135.603ms
[0.860s][info][gc,cpu         ] GC(26) User=0.12s Sys=0.00s Real=0.14s
[0.957s][info][gc,start       ] GC(27) Pause Young (Allocation Failure)
[1.113s][info][gc,heap        ] GC(27) DefNew: 91200K(102592K)->11392K(102592K) Eden: 91200K(91200K)->0K(91200K) From: 0K(11392K)->11392K(11392K)
[1.113s][info][gc,heap        ] GC(27) Tenured: 136727K(227880K)->216509K(227880K)
[1.113s][info][gc,metaspace   ] GC(27) Metaspace: 6299K(6464K)->6299K(6464K) NonClass: 5766K(5824K)->5766K(5824K) Class: 533K(640K)->533K(640K)
[1.113s][info][gc             ] GC(27) Pause Young (Allocation Failure) 222M->222M(322M) 156.093ms
[1.113s][info][gc,cpu         ] GC(27) User=0.11s Sys=0.05s Real=0.16s
[1.193s][info][gc,start       ] GC(28) Pause Young (Allocation Failure)
[1.373s][info][gc             ] GC(28) Pause Young (Allocation Failure) 311M->311M(400M) 180.219ms
[1.373s][info][gc,cpu         ] GC(28) User=0.12s Sys=0.05s Real=0.18s
[1.373s][info][gc,start       ] GC(29) Pause Full (Allocation Failure)
[1.373s][info][gc,phases,start] GC(29) Phase 1: Mark live objects
[1.513s][info][gc,phases      ] GC(29) Phase 1: Mark live objects 139.248ms
[1.513s][info][gc,phases,start] GC(29) Phase 2: Compute new object addresses
[1.564s][info][gc,phases      ] GC(29) Phase 2: Compute new object addresses 51.508ms
[1.564s][info][gc,phases,start] GC(29) Phase 3: Adjust pointers
[1.619s][info][gc,phases      ] GC(29) Phase 3: Adjust pointers 54.929ms
[1.619s][info][gc,phases,start] GC(29) Phase 4: Move objects
[1.621s][info][gc,phases      ] GC(29) Phase 4: Move objects 2.291ms
[1.623s][info][gc,heap        ] GC(29) DefNew: 102592K(102592K)->11380K(230848K) Eden: 91200K(91200K)->11380K(205248K) From: 11392K(11392K)->0K(25600K)
[1.623s][info][gc,heap        ] GC(29) Tenured: 216509K(227880K)->307691K(512820K)
[1.623s][info][gc,metaspace   ] GC(29) Metaspace: 6299K(6464K)->6299K(6464K) NonClass: 5766K(5824K)->5766K(5824K) Class: 533K(640K)->533K(640K)
[1.623s][info][gc             ] GC(29) Pause Full (Allocation Failure) 311M->311M(726M) 249.331ms
[1.623s][info][gc,cpu         ] GC(29) User=0.23s Sys=0.00s Real=0.25s
[1.837s][info][gc,start       ] GC(30) Pause Young (Allocation Failure)
[2.184s][info][gc,heap        ] GC(30) DefNew: 205248K(230848K)->25599K(230848K) Eden: 205248K(205248K)->0K(205248K) From: 0K(25600K)->25599K(25600K)
[2.184s][info][gc,heap        ] GC(30) Tenured: 307691K(512820K)->487314K(512820K)
[2.184s][info][gc,metaspace   ] GC(30) Metaspace: 6299K(6464K)->6299K(6464K) NonClass: 5766K(5824K)->5766K(5824K) Class: 533K(640K)->533K(640K)
[2.185s][info][gc             ] GC(30) Pause Young (Allocation Failure) 500M->500M(726M) 347.462ms
[2.185s][info][gc,cpu         ] GC(30) User=0.30s Sys=0.03s Real=0.35s
[2.373s][info][gc,start       ] GC(31) Pause Young (Allocation Failure)
[2.760s][info][gc             ] GC(31) Pause Young (Allocation Failure) 701M->700M(901M) 386.198ms
[2.760s][info][gc,cpu         ] GC(31) User=0.33s Sys=0.06s Real=0.39s
[2.760s][info][gc,start       ] GC(32) Pause Full (Allocation Failure)
[2.760s][info][gc,phases,start] GC(32) Phase 1: Mark live objects
[3.081s][info][gc,phases      ] GC(32) Phase 1: Mark live objects 321.110ms
[3.081s][info][gc,phases,start] GC(32) Phase 2: Compute new object addresses
[3.189s][info][gc,phases      ] GC(32) Phase 2: Compute new object addresses 108.238ms
[3.189s][info][gc,phases,start] GC(32) Phase 3: Adjust pointers
[3.308s][info][gc,phases      ] GC(32) Phase 3: Adjust pointers 118.380ms
[3.308s][info][gc,phases,start] GC(32) Phase 4: Move objects
[3.313s][info][gc,phases      ] GC(32) Phase 4: Move objects 5.200ms
[3.315s][info][gc,heap        ] GC(32) DefNew: 230847K(230848K)->25508K(518976K) Eden: 205248K(205248K)->25508K(461312K) From: 25599K(25600K)->0K(57664K)
[3.315s][info][gc,heap        ] GC(32) Tenured: 487314K(512820K)->691955K(1153260K)
[3.315s][info][gc,metaspace   ] GC(32) Metaspace: 6299K(6464K)->6299K(6464K) NonClass: 5766K(5824K)->5766K(5824K) Class: 533K(640K)->533K(640K)
[3.315s][info][gc             ] GC(32) Pause Full (Allocation Failure) 700M->700M(1633M) 555.232ms
[3.315s][info][gc,cpu         ] GC(32) User=0.55s Sys=0.00s Real=0.56s
[3.798s][info][gc,start       ] GC(33) Pause Young (Allocation Failure)
[4.576s][info][gc,heap        ] GC(33) DefNew: 461312K(518976K)->57664K(518976K) Eden: 461312K(461312K)->0K(461312K) From: 0K(57664K)->57664K(57664K)
[4.576s][info][gc,heap        ] GC(33) Tenured: 691955K(1153260K)->1095576K(1153260K)
[4.576s][info][gc,metaspace   ] GC(33) Metaspace: 6299K(6464K)->6299K(6464K) NonClass: 5766K(5824K)->5766K(5824K) Class: 533K(640K)->533K(640K)
[4.576s][info][gc             ] GC(33) Pause Young (Allocation Failure) 1126M->1126M(1633M) 778.170ms
[4.576s][info][gc,cpu         ] GC(33) User=0.69s Sys=0.09s Real=0.78s
[5.055s][info][gc,start       ] GC(34) Pause Young (Allocation Failure)
[5.785s][info][gc             ] GC(34) Pause Young (Allocation Failure) 1576M->1525M(1975M) 730.078ms
[5.785s][info][gc,cpu         ] GC(34) User=0.61s Sys=0.11s Real=0.73s
[5.785s][info][gc,start       ] GC(35) Pause Full (Allocation Failure)
[5.785s][info][gc,phases,start] GC(35) Phase 1: Mark live objects
[6.469s][info][gc,phases      ] GC(35) Phase 1: Mark live objects 683.565ms
[6.469s][info][gc,phases,start] GC(35) Phase 2: Compute new object addresses
[6.691s][info][gc,phases      ] GC(35) Phase 2: Compute new object addresses 222.216ms
[6.691s][info][gc,phases,start] GC(35) Phase 3: Adjust pointers
[6.963s][info][gc,phases      ] GC(35) Phase 3: Adjust pointers 271.462ms
[6.963s][info][gc,phases,start] GC(35) Phase 4: Move objects
[6.974s][info][gc,phases      ] GC(35) Phase 4: Move objects 11.511ms
[6.979s][info][gc,heap        ] GC(35) DefNew: 518976K(518976K)->57483K(1128320K) Eden: 461312K(461312K)->57483K(1003008K) From: 57664K(57664K)->0K(125312K)
[6.979s][info][gc,heap        ] GC(35) Tenured: 1095576K(1153260K)->1504304K(2507176K)
[6.979s][info][gc,metaspace   ] GC(35) Metaspace: 6299K(6464K)->6299K(6464K) NonClass: 5766K(5824K)->5766K(5824K) Class: 533K(640K)->533K(640K)
[6.979s][info][gc             ] GC(35) Pause Full (Allocation Failure) 1525M->1525M(3550M) 1193.223ms
[6.979s][info][gc,cpu         ] GC(35) User=1.20s Sys=0.00s Real=1.19s
[7.949s][info][gc,start       ] GC(36) Pause Young (Allocation Failure)
[9.769s][info][gc,heap        ] GC(36) DefNew: 1003008K(1128320K)->125311K(1128320K) Eden: 1003008K(1003008K)->0K(1003008K) From: 0K(125312K)->125311K(125312K)
[9.769s][info][gc,heap        ] GC(36) Tenured: 1504304K(2507176K)->2381967K(2507176K)
[9.769s][info][gc,metaspace   ] GC(36) Metaspace: 6299K(6464K)->6299K(6464K) NonClass: 5766K(5824K)->5766K(5824K) Class: 533K(640K)->533K(640K)
[9.769s][info][gc             ] GC(36) Pause Young (Allocation Failure) 2448M->2448M(3550M) 1819.916ms
[9.769s][info][gc,cpu         ] GC(36) User=1.55s Sys=0.19s Real=1.82s
[10.768s][info][gc,start       ] GC(37) Pause Young (Allocation Failure)
[12.501s][info][gc             ] GC(37) Pause Young (Allocation Failure) 3428M->3427M(4407M) 1733.122ms
[12.501s][info][gc,cpu         ] GC(37) User=1.41s Sys=0.31s Real=1.73s
[12.501s][info][gc,start       ] GC(38) Pause Full (Allocation Failure)
[12.501s][info][gc,phases,start] GC(38) Phase 1: Mark live objects
[14.067s][info][gc,phases      ] GC(38) Phase 1: Mark live objects 1565.833ms
[14.067s][info][gc,phases,start] GC(38) Phase 2: Compute new object addresses
[14.585s][info][gc,phases      ] GC(38) Phase 2: Compute new object addresses 518.091ms
[14.585s][info][gc,phases,start] GC(38) Phase 3: Adjust pointers
[15.286s][info][gc,phases      ] GC(38) Phase 3: Adjust pointers 700.538ms
[15.286s][info][gc,phases,start] GC(38) Phase 4: Move objects
[15.935s][info][gc,phases      ] GC(38) Phase 4: Move objects 648.718ms
[15.940s][info][gc,heap        ] GC(38) DefNew: 1128319K(1128320K)->30915K(2027520K) Eden: 1003008K(1003008K)->30915K(1802240K) From: 125311K(125312K)->0K(225280K)
[15.940s][info][gc,heap        ] GC(38) Tenured: 2381967K(2507176K)->3385131K(4505600K)
[15.940s][info][gc,metaspace   ] GC(38) Metaspace: 6299K(6464K)->6299K(6464K) NonClass: 5766K(5824K)->5766K(5824K) Class: 533K(640K)->533K(640K)
[15.940s][info][gc             ] GC(38) Pause Full (Allocation Failure) 3427M->3335M(6380M) 3439.068ms
[15.940s][info][gc,cpu         ] GC(38) User=3.34s Sys=0.00s Real=3.44s
[17.690s][info][gc,start       ] GC(39) Pause Young (Allocation Failure)
[21.024s][info][gc,promotion   ] GC(39) Promotion failed
[21.024s][info][gc             ] GC(39) Pause Young (Allocation Failure) 5065M->6379M(6380M) 3333.957ms
[21.024s][info][gc,cpu         ] GC(39) User=2.94s Sys=0.41s Real=3.33s
[21.024s][info][gc,start       ] GC(40) Pause Full (Allocation Failure)
[21.024s][info][gc,phases,start] GC(40) Phase 1: Mark live objects
[23.488s][info][gc,phases      ] GC(40) Phase 1: Mark live objects 2464.089ms
[23.488s][info][gc,phases,start] GC(40) Phase 2: Compute new object addresses
[24.348s][info][gc,phases      ] GC(40) Phase 2: Compute new object addresses 859.090ms
[24.348s][info][gc,phases,start] GC(40) Phase 3: Adjust pointers
[25.387s][info][gc,phases      ] GC(40) Phase 3: Adjust pointers 1039.321ms
[25.387s][info][gc,phases,start] GC(40) Phase 4: Move objects
[25.590s][info][gc,phases      ] GC(40) Phase 4: Move objects 202.773ms
[25.590s][info][gc,heap        ] GC(40) DefNew: 1802240K(2027520K)->681742K(2027520K) Eden: 1802240K(1802240K)->681742K(1802240K) From: 0K(225280K)->0K(225280K)
[25.590s][info][gc,heap        ] GC(40) Tenured: 3385131K(4505600K)->4505600K(4505600K)
[25.590s][info][gc,metaspace   ] GC(40) Metaspace: 6299K(6464K)->6299K(6464K) NonClass: 5766K(5824K)->5766K(5824K) Class: 533K(640K)->533K(640K)
[25.590s][info][gc             ] GC(40) Pause Full (Allocation Failure) 6379M->5065M(6380M) 4565.998ms
[25.590s][info][gc,cpu         ] GC(40) User=4.53s Sys=0.00s Real=4.57s
[27.359s][info][gc,start       ] GC(41) Pause Full (Allocation Failure)
[27.359s][info][gc,phases,start] GC(41) Phase 1: Mark live objects
[30.203s][info][gc,phases      ] GC(41) Phase 1: Mark live objects 2843.615ms
[30.203s][info][gc,phases,start] GC(41) Phase 2: Compute new object addresses
[31.072s][info][gc,phases      ] GC(41) Phase 2: Compute new object addresses 869.251ms
[31.072s][info][gc,phases,start] GC(41) Phase 3: Adjust pointers
[32.326s][info][gc,phases      ] GC(41) Phase 3: Adjust pointers 1253.514ms
[32.326s][info][gc,phases,start] GC(41) Phase 4: Move objects
[32.510s][info][gc,phases      ] GC(41) Phase 4: Move objects 184.601ms
[32.511s][info][gc,heap        ] GC(41) DefNew: 2027519K(2027520K)->2027503K(2027520K) Eden: 1802240K(1802240K)->1802239K(1802240K) From: 225279K(225280K)->225263K(225280K)
[32.511s][info][gc,heap        ] GC(41) Tenured: 4505600K(4505600K)->4505600K(4505600K)
[32.511s][info][gc,metaspace   ] GC(41) Metaspace: 6299K(6464K)->6299K(6464K) NonClass: 5766K(5824K)->5766K(5824K) Class: 533K(640K)->533K(640K)
[32.511s][info][gc             ] GC(41) Pause Full (Allocation Failure) 6379M->6379M(6380M) 5151.852ms
[32.511s][info][gc,cpu         ] GC(41) User=5.12s Sys=0.00s Real=5.15s
[32.511s][info][gc,start       ] GC(42) Pause Full (Allocation Failure)
[32.511s][info][gc,phases,start] GC(42) Phase 1: Mark live objects
[35.373s][info][gc,phases      ] GC(42) Phase 1: Mark live objects 2862.017ms
[35.374s][info][gc,phases,start] GC(42) Phase 2: Compute new object addresses
[36.251s][info][gc,phases      ] GC(42) Phase 2: Compute new object addresses 877.409ms
[36.251s][info][gc,phases,start] GC(42) Phase 3: Adjust pointers
[37.449s][info][gc,phases      ] GC(42) Phase 3: Adjust pointers 1197.609ms
[37.449s][info][gc,phases,start] GC(42) Phase 4: Move objects
[37.449s][info][gc,phases      ] GC(42) Phase 4: Move objects 0.017ms
[37.449s][info][gc,heap        ] GC(42) DefNew: 2027519K(2027520K)->2027519K(2027520K) Eden: 1802239K(1802240K)->1802239K(1802240K) From: 225279K(225280K)->225279K(225280K)
[37.449s][info][gc,heap        ] GC(42) Tenured: 4505600K(4505600K)->4505600K(4505600K)
[37.449s][info][gc,metaspace   ] GC(42) Metaspace: 6299K(6464K)->6299K(6464K) NonClass: 5766K(5824K)->5766K(5824K) Class: 533K(640K)->533K(640K)
[37.449s][info][gc             ] GC(42) Pause Full (Allocation Failure) 6379M->6379M(6380M) 4937.679ms
[37.449s][info][gc,cpu         ] GC(42) User=4.92s Sys=0.00s Real=4.94s
[37.449s][info][gc,start       ] GC(43) Pause Full (Allocation Failure)
[37.449s][info][gc,phases,start] GC(43) Phase 1: Mark live objects
[40.328s][info][gc,phases      ] GC(43) Phase 1: Mark live objects 2879.300ms
[40.329s][info][gc,phases,start] GC(43) Phase 2: Compute new object addresses
[41.206s][info][gc,phases      ] GC(43) Phase 2: Compute new object addresses 877.748ms
[41.206s][info][gc,phases,start] GC(43) Phase 3: Adjust pointers
[42.618s][info][gc,phases      ] GC(43) Phase 3: Adjust pointers 1412.042ms
[42.618s][info][gc,phases,start] GC(43) Phase 4: Move objects
[43.770s][info][gc,phases      ] GC(43) Phase 4: Move objects 1151.369ms
[43.770s][info][gc,heap        ] GC(43) DefNew: 2027519K(2027520K)->1896443K(2027520K) Eden: 1802239K(1802240K)->1802240K(1802240K) From: 225279K(225280K)->94203K(225280K)
[43.770s][info][gc,heap        ] GC(43) Tenured: 4505600K(4505600K)->4505600K(4505600K)
[43.770s][info][gc,metaspace   ] GC(43) Metaspace: 6299K(6464K)->6298K(6464K) NonClass: 5766K(5824K)->5765K(5824K) Class: 533K(640K)->532K(640K)
[43.770s][info][gc             ] GC(43) Pause Full (Allocation Failure) 6379M->6251M(6380M) 6321.182ms
[43.770s][info][gc,cpu         ] GC(43) User=6.30s Sys=0.00s Real=6.32s
[44.137s][info][gc,start       ] GC(44) Pause Full (Allocation Failure)
[44.137s][info][gc,phases,start] GC(44) Phase 1: Mark live objects
[47.076s][info][gc,phases      ] GC(44) Phase 1: Mark live objects 2938.909ms
[47.076s][info][gc,phases,start] GC(44) Phase 2: Compute new object addresses
[47.965s][info][gc,phases      ] GC(44) Phase 2: Compute new object addresses 888.534ms
[47.965s][info][gc,phases,start] GC(44) Phase 3: Adjust pointers
[49.170s][info][gc,phases      ] GC(44) Phase 3: Adjust pointers 1205.207ms
[49.170s][info][gc,phases,start] GC(44) Phase 4: Move objects
[49.170s][info][gc,phases      ] GC(44) Phase 4: Move objects 0.017ms
[49.170s][info][gc,heap        ] GC(44) DefNew: 2027519K(2027520K)->2027519K(2027520K) Eden: 1802240K(1802240K)->1802240K(1802240K) From: 225279K(225280K)->225279K(225280K)
[49.171s][info][gc,heap        ] GC(44) Tenured: 4505600K(4505600K)->4505600K(4505600K)
[49.171s][info][gc,metaspace   ] GC(44) Metaspace: 6298K(6464K)->6298K(6464K) NonClass: 5765K(5824K)->5765K(5824K) Class: 532K(640K)->532K(640K)
[49.171s][info][gc             ] GC(44) Pause Full (Allocation Failure) 6379M->6379M(6380M) 5033.392ms
[49.171s][info][gc,cpu         ] GC(44) User=5.03s Sys=0.00s Real=5.03s
[49.171s][info][gc,start       ] GC(45) Pause Full (Allocation Failure)
[49.171s][info][gc,phases,start] GC(45) Phase 1: Mark live objects
[52.103s][info][gc,phases      ] GC(45) Phase 1: Mark live objects 2931.920ms
[52.103s][info][gc,phases,start] GC(45) Phase 2: Compute new object addresses
[52.992s][info][gc,phases      ] GC(45) Phase 2: Compute new object addresses 889.183ms
[52.992s][info][gc,phases,start] GC(45) Phase 3: Adjust pointers
[54.209s][info][gc,phases      ] GC(45) Phase 3: Adjust pointers 1217.423ms
[54.209s][info][gc,phases,start] GC(45) Phase 4: Move objects
[54.209s][info][gc,phases      ] GC(45) Phase 4: Move objects 0.017ms
[54.210s][info][gc,heap        ] GC(45) DefNew: 2027519K(2027520K)->2027519K(2027520K) Eden: 1802240K(1802240K)->1802240K(1802240K) From: 225279K(225280K)->225279K(225280K)
[54.210s][info][gc,heap        ] GC(45) Tenured: 4505600K(4505600K)->4505600K(4505600K)
[54.210s][info][gc,metaspace   ] GC(45) Metaspace: 6298K(6464K)->6298K(6464K) NonClass: 5765K(5824K)->5765K(5824K) Class: 532K(640K)->532K(640K)
[54.210s][info][gc             ] GC(45) Pause Full (Allocation Failure) 6379M->6379M(6380M) 5039.165ms
[54.210s][info][gc,cpu         ] GC(45) User=5.05s Sys=0.00s Real=5.04s
[54.210s][info][gc,start       ] GC(46) Pause Full (Allocation Failure)
[54.210s][info][gc,phases,start] GC(46) Phase 1: Mark live objects
[57.162s][info][gc,phases      ] GC(46) Phase 1: Mark live objects 2951.313ms
[57.162s][info][gc,phases,start] GC(46) Phase 2: Compute new object addresses
[58.075s][info][gc,phases      ] GC(46) Phase 2: Compute new object addresses 913.003ms
[58.075s][info][gc,phases,start] GC(46) Phase 3: Adjust pointers
[59.306s][info][gc,phases      ] GC(46) Phase 3: Adjust pointers 1231.236ms
[59.306s][info][gc,phases,start] GC(46) Phase 4: Move objects
[59.306s][info][gc,phases      ] GC(46) Phase 4: Move objects 0.017ms
[59.306s][info][gc,heap        ] GC(46) DefNew: 2027519K(2027520K)->2027519K(2027520K) Eden: 1802240K(1802240K)->1802240K(1802240K) From: 225279K(225280K)->225279K(225280K)
[59.306s][info][gc,heap        ] GC(46) Tenured: 4505600K(4505600K)->4505600K(4505600K)
[59.306s][info][gc,metaspace   ] GC(46) Metaspace: 6298K(6464K)->6298K(6464K) NonClass: 5765K(5824K)->5765K(5824K) Class: 532K(640K)->532K(640K)
[59.306s][info][gc             ] GC(46) Pause Full (Allocation Failure) 6379M->6379M(6380M) 5096.321ms
[59.306s][info][gc,cpu         ] GC(46) User=5.06s Sys=0.00s Real=5.10s
[59.307s][info][gc,start       ] GC(47) Pause Full (Allocation Failure)
[59.307s][info][gc,phases,start] GC(47) Phase 1: Mark live objects
[62.263s][info][gc,phases      ] GC(47) Phase 1: Mark live objects 2956.148ms
[62.263s][info][gc,phases,start] GC(47) Phase 2: Compute new object addresses
[63.190s][info][gc,phases      ] GC(47) Phase 2: Compute new object addresses 927.310ms
[63.190s][info][gc,phases,start] GC(47) Phase 3: Adjust pointers
[64.644s][info][gc,phases      ] GC(47) Phase 3: Adjust pointers 1454.078ms
[64.644s][info][gc,phases,start] GC(47) Phase 4: Move objects
[65.692s][info][gc,phases      ] GC(47) Phase 4: Move objects 1047.429ms
[65.692s][info][gc,heap        ] GC(47) DefNew: 2027519K(2027520K)->2027518K(2027520K) Eden: 1802240K(1802240K)->1802239K(1802240K) From: 225279K(225280K)->225278K(225280K)
[65.692s][info][gc,heap        ] GC(47) Tenured: 4505600K(4505600K)->4505599K(4505600K)
[65.692s][info][gc,metaspace   ] GC(47) Metaspace: 6298K(6464K)->6298K(6464K) NonClass: 5765K(5824K)->5765K(5824K) Class: 532K(640K)->532K(640K)
[65.692s][info][gc             ] GC(47) Pause Full (Allocation Failure) 6379M->6379M(6380M) 6385.745ms
[65.692s][info][gc,cpu         ] GC(47) User=6.31s Sys=0.00s Real=6.39s
[65.693s][info][gc,start       ] GC(48) Pause Full (Allocation Failure)
[65.693s][info][gc,phases,start] GC(48) Phase 1: Mark live objects
[68.649s][info][gc,phases      ] GC(48) Phase 1: Mark live objects 2955.899ms
[68.649s][info][gc,phases,start] GC(48) Phase 2: Compute new object addresses
[69.562s][info][gc,phases      ] GC(48) Phase 2: Compute new object addresses 912.546ms
[69.562s][info][gc,phases,start] GC(48) Phase 3: Adjust pointers
[70.796s][info][gc,phases      ] GC(48) Phase 3: Adjust pointers 1233.945ms
[70.796s][info][gc,phases,start] GC(48) Phase 4: Move objects
[70.796s][info][gc,phases      ] GC(48) Phase 4: Move objects 0.017ms
[70.796s][info][gc,heap        ] GC(48) DefNew: 2027519K(2027520K)->2027518K(2027520K) Eden: 1802240K(1802240K)->1802239K(1802240K) From: 225279K(225280K)->225278K(225280K)
[70.796s][info][gc,heap        ] GC(48) Tenured: 4505599K(4505600K)->4505599K(4505600K)
[70.796s][info][gc,metaspace   ] GC(48) Metaspace: 6299K(6464K)->6299K(6464K) NonClass: 5765K(5824K)->5765K(5824K) Class: 533K(640K)->533K(640K)
[70.796s][info][gc             ] GC(48) Pause Full (Allocation Failure) 6379M->6379M(6380M) 5103.180ms
[70.796s][info][gc,cpu         ] GC(48) User=5.08s Sys=0.00s Real=5.10s
[70.797s][info][gc,heap,exit   ] Heap
[70.797s][info][gc,heap,exit   ]  def new generation   total 2027520K, used 2027519K [0x0000000663800000, 0x00000006ed000000, 0x00000006ed000000)
[70.797s][info][gc,heap,exit   ]   eden space 1802240K, 100% used [0x0000000663800000, 0x00000006d1800000, 0x00000006d1800000)
[70.797s][info][gc,heap,exit   ]   from space 225280K,  99% used [0x00000006df400000, 0x00000006ecffff40, 0x00000006ed000000)
[70.797s][info][gc,heap,exit   ]   to   space 225280K,   0% used [0x00000006d1800000, 0x00000006d1800000, 0x00000006df400000)
[70.797s][info][gc,heap,exit   ]  tenured generation   total 4505600K, used 4505599K [0x00000006ed000000, 0x0000000800000000, 0x0000000800000000)
[70.797s][info][gc,heap,exit   ]    the space 4505600K,  99% used [0x00000006ed000000, 0x00000007ffffffe0, 0x0000000800000000, 0x0000000800000000)
[70.797s][info][gc,heap,exit   ]  Metaspace       used 6302K, committed 6528K, reserved 1114112K
[70.797s][info][gc,heap,exit   ]   class space    used 534K, committed 640K, reserved 1048576K
