[0.011s][info][gc,init] CardTable entry size: 512
[0.011s][info][gc     ] Using Parallel
[0.012s][info][gc,init] Version: 18.0.1+10 (release)
[0.012s][info][gc,init] CPUs: 8 total, 8 available
[0.012s][info][gc,init] Memory: 16063M
[0.012s][info][gc,init] Large Page Support: Disabled
[0.012s][info][gc,init] NUMA Support: Disabled
[0.012s][info][gc,init] Compressed Oops: Enabled (Zero based)
[0.012s][info][gc,init] Alignments: Space 512K, Generation 512K, Heap 2M
[0.012s][info][gc,init] Heap Min Capacity: 2M
[0.012s][info][gc,init] Heap Initial Capacity: 2M
[0.012s][info][gc,init] Heap Max Capacity: 11600M
[0.012s][info][gc,init] Pre-touch: Disabled
[0.012s][info][gc,init] Parallel Workers: 8
[0.012s][info][gc,metaspace] CDS archive(s) not mapped
[0.013s][info][gc,metaspace] Compressed class space mapped at: 0x0000000800000000-0x0000000840000000, reserved size: 1073741824
[0.013s][info][gc,metaspace] Narrow klass base: 0x0000000800000000, Narrow klass shift: 0, Narrow klass range: 0x40000000
[0.116s][info][gc,start    ] GC(0) Pause Young (Allocation Failure)
[0.117s][info][gc,heap     ] GC(0) PSYoungGen: 512K(1024K)->480K(1024K) Eden: 512K(512K)->0K(512K) From: 0K(512K)->480K(512K)
[0.117s][info][gc,heap     ] GC(0) ParOldGen: 0K(512K)->8K(512K)
[0.117s][info][gc,metaspace] GC(0) Metaspace: 4230K(4352K)->4230K(4352K) NonClass: 3909K(3968K)->3909K(3968K) Class: 321K(384K)->321K(384K)
[0.117s][info][gc          ] GC(0) Pause Young (Allocation Failure) 0M->0M(1M) 1.405ms
[0.117s][info][gc,cpu      ] GC(0) User=0.00s Sys=0.00s Real=0.00s
[0.178s][info][gc,start    ] GC(1) Pause Young (Allocation Failure)
[0.179s][info][gc,heap     ] GC(1) PSYoungGen: 991K(1024K)->512K(1536K) Eden: 511K(512K)->0K(1024K) From: 480K(512K)->512K(512K)
[0.179s][info][gc,heap     ] GC(1) ParOldGen: 8K(512K)->88K(512K)
[0.179s][info][gc,metaspace] GC(1) Metaspace: 5880K(6016K)->5880K(6016K) NonClass: 5383K(5504K)->5383K(5504K) Class: 496K(512K)->496K(512K)
[0.179s][info][gc          ] GC(1) Pause Young (Allocation Failure) 0M->0M(2M) 1.174ms
[0.179s][info][gc,cpu      ] GC(1) User=0.02s Sys=0.00s Real=0.00s
[0.200s][info][gc,start    ] GC(2) Pause Young (Allocation Failure)
[0.201s][info][gc,heap     ] GC(2) PSYoungGen: 1536K(1536K)->512K(1536K) Eden: 1024K(1024K)->0K(1024K) From: 512K(512K)->512K(512K)
[0.201s][info][gc,heap     ] GC(2) ParOldGen: 88K(512K)->504K(512K)
[0.201s][info][gc,metaspace] GC(2) Metaspace: 6299K(6464K)->6299K(6464K) NonClass: 5765K(5824K)->5765K(5824K) Class: 533K(640K)->533K(640K)
[0.201s][info][gc          ] GC(2) Pause Young (Allocation Failure) 1M->0M(2M) 1.283ms
[0.201s][info][gc,cpu      ] GC(2) User=0.00s Sys=0.00s Real=0.00s
[0.201s][info][gc,start    ] GC(3) Pause Full (Ergonomics)
[0.201s][info][gc,phases,start] GC(3) Marking Phase
[0.202s][info][gc,phases      ] GC(3) Marking Phase 0.994ms
[0.202s][info][gc,phases,start] GC(3) Summary Phase
[0.202s][info][gc,phases      ] GC(3) Summary Phase 0.013ms
[0.202s][info][gc,phases,start] GC(3) Adjust Roots
[0.203s][info][gc,phases      ] GC(3) Adjust Roots 0.381ms
[0.203s][info][gc,phases,start] GC(3) Compaction Phase
[0.205s][info][gc,phases      ] GC(3) Compaction Phase 1.720ms
[0.205s][info][gc,phases,start] GC(3) Post Compact
[0.205s][info][gc,phases      ] GC(3) Post Compact 0.069ms
[0.205s][info][gc,heap        ] GC(3) PSYoungGen: 512K(1536K)->510K(1536K) Eden: 0K(1024K)->0K(1024K) From: 512K(512K)->510K(512K)
[0.205s][info][gc,heap        ] GC(3) ParOldGen: 504K(512K)->470K(2048K)
[0.205s][info][gc,metaspace   ] GC(3) Metaspace: 6299K(6464K)->6299K(6464K) NonClass: 5765K(5824K)->5765K(5824K) Class: 533K(640K)->533K(640K)
[0.205s][info][gc             ] GC(3) Pause Full (Ergonomics) 0M->0M(3M) 3.422ms
[0.205s][info][gc,cpu         ] GC(3) User=0.00s Sys=0.00s Real=0.00s
[0.206s][info][gc,start       ] GC(4) Pause Young (Allocation Failure)
[0.208s][info][gc,heap        ] GC(4) PSYoungGen: 1534K(1536K)->480K(2560K) Eden: 1024K(1024K)->0K(2048K) From: 510K(512K)->480K(512K)
[0.208s][info][gc,heap        ] GC(4) ParOldGen: 470K(2048K)->1030K(2048K)
[0.208s][info][gc,metaspace   ] GC(4) Metaspace: 6299K(6464K)->6299K(6464K) NonClass: 5765K(5824K)->5765K(5824K) Class: 533K(640K)->533K(640K)
[0.208s][info][gc             ] GC(4) Pause Young (Allocation Failure) 1M->1M(4M) 1.551ms
[0.208s][info][gc,cpu         ] GC(4) User=0.00s Sys=0.00s Real=0.00s
[0.211s][info][gc,start       ] GC(5) Pause Young (Allocation Failure)
[0.213s][info][gc,heap        ] GC(5) PSYoungGen: 2528K(2560K)->480K(2560K) Eden: 2048K(2048K)->0K(2048K) From: 480K(512K)->480K(512K)
[0.213s][info][gc,heap        ] GC(5) ParOldGen: 1030K(2048K)->2102K(2560K)
[0.213s][info][gc,metaspace   ] GC(5) Metaspace: 6299K(6464K)->6299K(6464K) NonClass: 5765K(5824K)->5765K(5824K) Class: 533K(640K)->533K(640K)
[0.213s][info][gc             ] GC(5) Pause Young (Allocation Failure) 3M->2M(5M) 1.762ms
[0.213s][info][gc,cpu         ] GC(5) User=0.00s Sys=0.00s Real=0.00s
[0.213s][info][gc,start       ] GC(6) Pause Full (Ergonomics)
[0.213s][info][gc,phases,start] GC(6) Marking Phase
[0.215s][info][gc,phases      ] GC(6) Marking Phase 1.649ms
[0.215s][info][gc,phases,start] GC(6) Summary Phase
[0.215s][info][gc,phases      ] GC(6) Summary Phase 0.018ms
[0.215s][info][gc,phases,start] GC(6) Adjust Roots
[0.215s][info][gc,phases      ] GC(6) Adjust Roots 0.347ms
[0.215s][info][gc,phases,start] GC(6) Compaction Phase
[0.218s][info][gc,phases      ] GC(6) Compaction Phase 2.322ms
[0.218s][info][gc,phases,start] GC(6) Post Compact
[0.218s][info][gc,phases      ] GC(6) Post Compact 0.029ms
[0.218s][info][gc,heap        ] GC(6) PSYoungGen: 480K(2560K)->0K(4096K) Eden: 0K(2048K)->0K(3072K) From: 480K(512K)->0K(1024K)
[0.218s][info][gc,heap        ] GC(6) ParOldGen: 2102K(2560K)->2542K(6144K)
[0.218s][info][gc,metaspace   ] GC(6) Metaspace: 6299K(6464K)->6299K(6464K) NonClass: 5765K(5824K)->5765K(5824K) Class: 533K(640K)->533K(640K)
[0.218s][info][gc             ] GC(6) Pause Full (Ergonomics) 2M->2M(10M) 4.715ms
[0.218s][info][gc,cpu         ] GC(6) User=0.00s Sys=0.00s Real=0.00s
[0.222s][info][gc,start       ] GC(7) Pause Young (Allocation Failure)
[0.224s][info][gc,heap        ] GC(7) PSYoungGen: 3072K(4096K)->1664K(5120K) Eden: 3072K(3072K)->0K(3072K) From: 0K(1024K)->1664K(2048K)
[0.224s][info][gc,heap        ] GC(7) ParOldGen: 2542K(6144K)->2542K(6144K)
[0.224s][info][gc,metaspace   ] GC(7) Metaspace: 6299K(6464K)->6299K(6464K) NonClass: 5765K(5824K)->5765K(5824K) Class: 533K(640K)->533K(640K)
[0.224s][info][gc             ] GC(7) Pause Young (Allocation Failure) 5M->4M(11M) 2.182ms
[0.224s][info][gc,cpu         ] GC(7) User=0.00s Sys=0.00s Real=0.00s
[0.229s][info][gc,start       ] GC(8) Pause Young (Allocation Failure)
[0.233s][info][gc,heap        ] GC(8) PSYoungGen: 4736K(5120K)->2016K(5632K) Eden: 3072K(3072K)->0K(3584K) From: 1664K(2048K)->2016K(2048K)
[0.233s][info][gc,heap        ] GC(8) ParOldGen: 2542K(6144K)->3774K(6144K)
[0.233s][info][gc,metaspace   ] GC(8) Metaspace: 6299K(6464K)->6299K(6464K) NonClass: 5765K(5824K)->5765K(5824K) Class: 533K(640K)->533K(640K)
[0.233s][info][gc             ] GC(8) Pause Young (Allocation Failure) 7M->5M(11M) 3.524ms
[0.233s][info][gc,cpu         ] GC(8) User=0.00s Sys=0.00s Real=0.00s
[0.239s][info][gc,start       ] GC(9) Pause Young (Allocation Failure)
[0.242s][info][gc,heap        ] GC(9) PSYoungGen: 5600K(5632K)->3040K(6656K) Eden: 3584K(3584K)->0K(3584K) From: 2016K(2048K)->3040K(3072K)
[0.242s][info][gc,heap        ] GC(9) ParOldGen: 3774K(6144K)->4614K(6144K)
[0.242s][info][gc,metaspace   ] GC(9) Metaspace: 6299K(6464K)->6299K(6464K) NonClass: 5765K(5824K)->5765K(5824K) Class: 533K(640K)->533K(640K)
[0.242s][info][gc             ] GC(9) Pause Young (Allocation Failure) 9M->7M(12M) 3.553ms
[0.242s][info][gc,cpu         ] GC(9) User=0.00s Sys=0.00s Real=0.00s
[0.247s][info][gc,start       ] GC(10) Pause Young (Allocation Failure)
[0.250s][info][gc,heap        ] GC(10) PSYoungGen: 6624K(6656K)->4064K(8704K) Eden: 3584K(3584K)->0K(4608K) From: 3040K(3072K)->4064K(4096K)
[0.251s][info][gc,heap        ] GC(10) ParOldGen: 4614K(6144K)->5454K(6144K)
[0.251s][info][gc,metaspace   ] GC(10) Metaspace: 6299K(6464K)->6299K(6464K) NonClass: 5765K(5824K)->5765K(5824K) Class: 533K(640K)->533K(640K)
[0.251s][info][gc             ] GC(10) Pause Young (Allocation Failure) 10M->9M(14M) 3.974ms
[0.251s][info][gc,cpu         ] GC(10) User=0.00s Sys=0.00s Real=0.00s
[0.251s][info][gc,start       ] GC(11) Pause Full (Ergonomics)
[0.251s][info][gc,phases,start] GC(11) Marking Phase
[0.255s][info][gc,phases      ] GC(11) Marking Phase 4.412ms
[0.255s][info][gc,phases,start] GC(11) Summary Phase
[0.255s][info][gc,phases      ] GC(11) Summary Phase 0.016ms
[0.255s][info][gc,phases,start] GC(11) Adjust Roots
[0.256s][info][gc,phases      ] GC(11) Adjust Roots 0.422ms
[0.256s][info][gc,phases,start] GC(11) Compaction Phase
[0.263s][info][gc,phases      ] GC(11) Compaction Phase 7.339ms
[0.263s][info][gc,phases,start] GC(11) Post Compact
[0.263s][info][gc,phases      ] GC(11) Post Compact 0.050ms
[0.263s][info][gc,heap        ] GC(11) PSYoungGen: 4064K(8704K)->3545K(8704K) Eden: 0K(4608K)->0K(4608K) From: 4064K(4096K)->3545K(4096K)
[0.263s][info][gc,heap        ] GC(11) ParOldGen: 5454K(6144K)->5831K(10752K)
[0.263s][info][gc,metaspace   ] GC(11) Metaspace: 6299K(6464K)->6299K(6464K) NonClass: 5765K(5824K)->5765K(5824K) Class: 533K(640K)->533K(640K)
[0.263s][info][gc             ] GC(11) Pause Full (Ergonomics) 9M->9M(19M) 12.583ms
[0.263s][info][gc,cpu         ] GC(11) User=0.02s Sys=0.00s Real=0.01s
[0.268s][info][gc,start       ] GC(12) Pause Young (Allocation Failure)
[0.271s][info][gc,heap        ] GC(12) PSYoungGen: 8013K(8704K)->5088K(9728K) Eden: 4468K(4608K)->0K(4608K) From: 3545K(4096K)->5088K(5120K)
[0.271s][info][gc,heap        ] GC(12) ParOldGen: 5831K(10752K)->6607K(10752K)
[0.271s][info][gc,metaspace   ] GC(12) Metaspace: 6299K(6464K)->6299K(6464K) NonClass: 5765K(5824K)->5765K(5824K) Class: 533K(640K)->533K(640K)
[0.271s][info][gc             ] GC(12) Pause Young (Allocation Failure) 13M->11M(20M) 3.866ms
[0.271s][info][gc,cpu         ] GC(12) User=0.00s Sys=0.00s Real=0.00s
[0.278s][info][gc,start       ] GC(13) Pause Young (Allocation Failure)
[0.285s][info][gc,heap        ] GC(13) PSYoungGen: 9696K(9728K)->6112K(11264K) Eden: 4608K(4608K)->0K(5120K) From: 5088K(5120K)->6112K(6144K)
[0.285s][info][gc,heap        ] GC(13) ParOldGen: 6607K(10752K)->7983K(10752K)
[0.285s][info][gc,metaspace   ] GC(13) Metaspace: 6299K(6464K)->6299K(6464K) NonClass: 5765K(5824K)->5765K(5824K) Class: 533K(640K)->533K(640K)
[0.285s][info][gc             ] GC(13) Pause Young (Allocation Failure) 15M->13M(21M) 6.912ms
[0.285s][info][gc,cpu         ] GC(13) User=0.00s Sys=0.00s Real=0.01s
[0.290s][info][gc,start       ] GC(14) Pause Young (Allocation Failure)
[0.295s][info][gc,heap        ] GC(14) PSYoungGen: 11232K(11264K)->5248K(12800K) Eden: 5120K(5120K)->0K(5120K) From: 6112K(6144K)->5248K(7680K)
[0.295s][info][gc,heap        ] GC(14) ParOldGen: 7983K(10752K)->11575K(11776K)
[0.295s][info][gc,metaspace   ] GC(14) Metaspace: 6300K(6464K)->6300K(6464K) NonClass: 5767K(5824K)->5767K(5824K) Class: 533K(640K)->533K(640K)
[0.295s][info][gc             ] GC(14) Pause Young (Allocation Failure) 18M->16M(24M) 5.658ms
[0.295s][info][gc,cpu         ] GC(14) User=0.00s Sys=0.00s Real=0.01s
[0.295s][info][gc,start       ] GC(15) Pause Full (Ergonomics)
[0.296s][info][gc,phases,start] GC(15) Marking Phase
[0.305s][info][gc,phases      ] GC(15) Marking Phase 9.864ms
[0.305s][info][gc,phases,start] GC(15) Summary Phase
[0.305s][info][gc,phases      ] GC(15) Summary Phase 0.015ms
[0.305s][info][gc,phases,start] GC(15) Adjust Roots
[0.306s][info][gc,phases      ] GC(15) Adjust Roots 0.225ms
[0.306s][info][gc,phases,start] GC(15) Compaction Phase
[0.312s][info][gc,phases      ] GC(15) Compaction Phase 6.443ms
[0.312s][info][gc,phases,start] GC(15) Post Compact
[0.312s][info][gc,phases      ] GC(15) Post Compact 0.078ms
[0.312s][info][gc,heap        ] GC(15) PSYoungGen: 5248K(12800K)->5190K(12800K) Eden: 0K(5120K)->0K(5120K) From: 5248K(7680K)->5190K(7680K)
[0.312s][info][gc,heap        ] GC(15) ParOldGen: 11575K(11776K)->11460K(18432K)
[0.312s][info][gc,metaspace   ] GC(15) Metaspace: 6300K(6464K)->6300K(6464K) NonClass: 5767K(5824K)->5767K(5824K) Class: 533K(640K)->533K(640K)
[0.312s][info][gc             ] GC(15) Pause Full (Ergonomics) 16M->16M(30M) 16.964ms
[0.312s][info][gc,cpu         ] GC(15) User=0.00s Sys=0.00s Real=0.02s
[0.316s][info][gc,start       ] GC(16) Pause Young (Allocation Failure)
[0.322s][info][gc,heap        ] GC(16) PSYoungGen: 10310K(12800K)->2688K(14336K) Eden: 5120K(5120K)->0K(7168K) From: 5190K(7680K)->2688K(7168K)
[0.322s][info][gc,heap        ] GC(16) ParOldGen: 11460K(18432K)->16732K(18432K)
[0.322s][info][gc,metaspace   ] GC(16) Metaspace: 6300K(6464K)->6300K(6464K) NonClass: 5767K(5824K)->5767K(5824K) Class: 533K(640K)->533K(640K)
[0.322s][info][gc             ] GC(16) Pause Young (Allocation Failure) 21M->18M(32M) 6.048ms
[0.322s][info][gc,cpu         ] GC(16) User=0.00s Sys=0.00s Real=0.01s
[0.322s][info][gc,start       ] GC(17) Pause Full (Ergonomics)
[0.322s][info][gc,phases,start] GC(17) Marking Phase
[0.330s][info][gc,phases      ] GC(17) Marking Phase 7.905ms
[0.330s][info][gc,phases,start] GC(17) Summary Phase
[0.330s][info][gc,phases      ] GC(17) Summary Phase 0.015ms
[0.330s][info][gc,phases,start] GC(17) Adjust Roots
[0.330s][info][gc,phases      ] GC(17) Adjust Roots 0.209ms
[0.330s][info][gc,phases,start] GC(17) Compaction Phase
[0.336s][info][gc,phases      ] GC(17) Compaction Phase 5.466ms
[0.336s][info][gc,phases,start] GC(17) Post Compact
[0.336s][info][gc,phases      ] GC(17) Post Compact 0.086ms
[0.336s][info][gc,heap        ] GC(17) PSYoungGen: 2688K(14336K)->1105K(14848K) Eden: 0K(7168K)->0K(7680K) From: 2688K(7168K)->1105K(7168K)
[0.336s][info][gc,heap        ] GC(17) ParOldGen: 16732K(18432K)->18183K(28160K)
[0.336s][info][gc,metaspace   ] GC(17) Metaspace: 6300K(6464K)->6300K(6464K) NonClass: 5767K(5824K)->5767K(5824K) Class: 533K(640K)->533K(640K)
[0.336s][info][gc             ] GC(17) Pause Full (Ergonomics) 18M->18M(42M) 14.025ms
[0.336s][info][gc,cpu         ] GC(17) User=0.00s Sys=0.00s Real=0.01s
[0.340s][info][gc,start       ] GC(18) Pause Young (Allocation Failure)
[0.345s][info][gc,heap        ] GC(18) PSYoungGen: 7799K(14848K)->3424K(15360K) Eden: 6694K(7680K)->0K(7680K) From: 1105K(7168K)->3424K(7680K)
[0.345s][info][gc,heap        ] GC(18) ParOldGen: 18183K(28160K)->19319K(28160K)
[0.345s][info][gc,metaspace   ] GC(18) Metaspace: 6300K(6464K)->6300K(6464K) NonClass: 5767K(5824K)->5767K(5824K) Class: 533K(640K)->533K(640K)
[0.345s][info][gc             ] GC(18) Pause Young (Allocation Failure) 25M->22M(42M) 4.668ms
[0.345s][info][gc,cpu         ] GC(18) User=0.00s Sys=0.00s Real=0.01s
[0.353s][info][gc,start       ] GC(19) Pause Young (Allocation Failure)
[0.360s][info][gc,heap        ] GC(19) PSYoungGen: 11103K(15360K)->7648K(16896K) Eden: 7679K(7680K)->0K(9216K) From: 3424K(7680K)->7648K(7680K)
[0.360s][info][gc,heap        ] GC(19) ParOldGen: 19319K(28160K)->19543K(28160K)
[0.360s][info][gc,metaspace   ] GC(19) Metaspace: 6300K(6464K)->6300K(6464K) NonClass: 5767K(5824K)->5767K(5824K) Class: 533K(640K)->533K(640K)
[0.360s][info][gc             ] GC(19) Pause Young (Allocation Failure) 29M->26M(44M) 7.055ms
[0.360s][info][gc,cpu         ] GC(19) User=0.00s Sys=0.00s Real=0.01s
[0.366s][info][gc,start       ] GC(20) Pause Young (Allocation Failure)
[0.374s][info][gc,heap        ] GC(20) PSYoungGen: 16864K(16896K)->4800K(17920K) Eden: 9216K(9216K)->0K(9216K) From: 7648K(7680K)->4800K(8704K)
[0.374s][info][gc,heap        ] GC(20) ParOldGen: 19543K(28160K)->27287K(28160K)
[0.374s][info][gc,metaspace   ] GC(20) Metaspace: 6300K(6464K)->6300K(6464K) NonClass: 5767K(5824K)->5767K(5824K) Class: 533K(640K)->533K(640K)
[0.374s][info][gc             ] GC(20) Pause Young (Allocation Failure) 35M->31M(45M) 8.283ms
[0.374s][info][gc,cpu         ] GC(20) User=0.00s Sys=0.00s Real=0.01s
[0.374s][info][gc,start       ] GC(21) Pause Full (Ergonomics)
[0.374s][info][gc,phases,start] GC(21) Marking Phase
[0.387s][info][gc,phases      ] GC(21) Marking Phase 12.846ms
[0.387s][info][gc,phases,start] GC(21) Summary Phase
[0.387s][info][gc,phases      ] GC(21) Summary Phase 0.017ms
[0.387s][info][gc,phases,start] GC(21) Adjust Roots
[0.387s][info][gc,phases      ] GC(21) Adjust Roots 0.205ms
[0.387s][info][gc,phases,start] GC(21) Compaction Phase
[0.399s][info][gc,phases      ] GC(21) Compaction Phase 11.439ms
[0.399s][info][gc,phases,start] GC(21) Post Compact
[0.399s][info][gc,phases      ] GC(21) Post Compact 0.111ms
[0.399s][info][gc,heap        ] GC(21) PSYoungGen: 4800K(17920K)->3738K(17920K) Eden: 0K(9216K)->0K(9216K) From: 4800K(8704K)->3738K(8704K)
[0.399s][info][gc,heap        ] GC(21) ParOldGen: 27287K(28160K)->27651K(40960K)
[0.399s][info][gc,metaspace   ] GC(21) Metaspace: 6300K(6464K)->6300K(6464K) NonClass: 5767K(5824K)->5767K(5824K) Class: 533K(640K)->533K(640K)
[0.399s][info][gc             ] GC(21) Pause Full (Ergonomics) 31M->30M(57M) 25.094ms
[0.399s][info][gc,cpu         ] GC(21) User=0.00s Sys=0.00s Real=0.02s
[0.406s][info][gc,start       ] GC(22) Pause Young (Allocation Failure)
[0.417s][info][gc,heap        ] GC(22) PSYoungGen: 12954K(17920K)->7648K(19456K) Eden: 9216K(9216K)->0K(10752K) From: 3738K(8704K)->7648K(8704K)
[0.417s][info][gc,heap        ] GC(22) ParOldGen: 27651K(40960K)->31451K(40960K)
[0.417s][info][gc,metaspace   ] GC(22) Metaspace: 6300K(6464K)->6300K(6464K) NonClass: 5767K(5824K)->5767K(5824K) Class: 533K(640K)->533K(640K)
[0.417s][info][gc             ] GC(22) Pause Young (Allocation Failure) 39M->38M(59M) 10.105ms
[0.417s][info][gc,cpu         ] GC(22) User=0.02s Sys=0.00s Real=0.01s
[0.430s][info][gc,start       ] GC(23) Pause Young (Allocation Failure)
[0.443s][info][gc,heap        ] GC(23) PSYoungGen: 18400K(19456K)->9696K(20480K) Eden: 10752K(10752K)->0K(10752K) From: 7648K(8704K)->9696K(9728K)
[0.443s][info][gc,heap        ] GC(23) ParOldGen: 31451K(40960K)->40243K(40960K)
[0.443s][info][gc,metaspace   ] GC(23) Metaspace: 6300K(6464K)->6300K(6464K) NonClass: 5767K(5824K)->5767K(5824K) Class: 533K(640K)->533K(640K)
[0.443s][info][gc             ] GC(23) Pause Young (Allocation Failure) 48M->48M(60M) 12.746ms
[0.443s][info][gc,cpu         ] GC(23) User=0.00s Sys=0.00s Real=0.01s
[0.443s][info][gc,start       ] GC(24) Pause Full (Ergonomics)
[0.443s][info][gc,phases,start] GC(24) Marking Phase
[0.462s][info][gc,phases      ] GC(24) Marking Phase 18.841ms
[0.462s][info][gc,phases,start] GC(24) Summary Phase
[0.462s][info][gc,phases      ] GC(24) Summary Phase 0.016ms
[0.462s][info][gc,phases,start] GC(24) Adjust Roots
[0.462s][info][gc,phases      ] GC(24) Adjust Roots 0.157ms
[0.462s][info][gc,phases,start] GC(24) Compaction Phase
[0.476s][info][gc,phases      ] GC(24) Compaction Phase 14.194ms
[0.476s][info][gc,phases,start] GC(24) Post Compact
[0.477s][info][gc,phases      ] GC(24) Post Compact 0.144ms
[0.477s][info][gc,heap        ] GC(24) PSYoungGen: 9696K(20480K)->9681K(20480K) Eden: 0K(10752K)->0K(10752K) From: 9696K(9728K)->9681K(9728K)
[0.477s][info][gc,heap        ] GC(24) ParOldGen: 40243K(40960K)->39013K(56320K)
[0.477s][info][gc,metaspace   ] GC(24) Metaspace: 6300K(6464K)->6300K(6464K) NonClass: 5767K(5824K)->5767K(5824K) Class: 533K(640K)->533K(640K)
[0.477s][info][gc             ] GC(24) Pause Full (Ergonomics) 48M->47M(75M) 33.677ms
[0.477s][info][gc,cpu         ] GC(24) User=0.03s Sys=0.00s Real=0.03s
[0.487s][info][gc,start       ] GC(25) Pause Young (Allocation Failure)
[0.504s][info][gc,heap        ] GC(25) PSYoungGen: 20433K(20480K)->10784K(26624K) Eden: 10752K(10752K)->0K(12288K) From: 9681K(9728K)->10784K(14336K)
[0.504s][info][gc,heap        ] GC(25) ParOldGen: 39013K(56320K)->48821K(56320K)
[0.504s][info][gc,metaspace   ] GC(25) Metaspace: 6300K(6464K)->6300K(6464K) NonClass: 5767K(5824K)->5767K(5824K) Class: 533K(640K)->533K(640K)
[0.504s][info][gc             ] GC(25) Pause Young (Allocation Failure) 58M->58M(81M) 17.139ms
[0.504s][info][gc,cpu         ] GC(25) User=0.03s Sys=0.00s Real=0.02s
[0.504s][info][gc,start       ] GC(26) Pause Full (Ergonomics)
[0.504s][info][gc,phases,start] GC(26) Marking Phase
[0.528s][info][gc,phases      ] GC(26) Marking Phase 24.018ms
[0.528s][info][gc,phases,start] GC(26) Summary Phase
[0.528s][info][gc,phases      ] GC(26) Summary Phase 0.027ms
[0.528s][info][gc,phases,start] GC(26) Adjust Roots
[0.529s][info][gc,phases      ] GC(26) Adjust Roots 0.160ms
[0.529s][info][gc,phases,start] GC(26) Compaction Phase
[0.547s][info][gc,phases      ] GC(26) Compaction Phase 18.488ms
[0.547s][info][gc,phases,start] GC(26) Post Compact
[0.547s][info][gc,phases      ] GC(26) Post Compact 0.213ms
[0.548s][info][gc,heap        ] GC(26) PSYoungGen: 10784K(26624K)->3565K(26624K) Eden: 0K(12288K)->0K(12288K) From: 10784K(14336K)->3565K(14336K)
[0.548s][info][gc,heap        ] GC(26) ParOldGen: 48821K(56320K)->55848K(77312K)
[0.548s][info][gc,metaspace   ] GC(26) Metaspace: 6300K(6464K)->6300K(6464K) NonClass: 5767K(5824K)->5767K(5824K) Class: 533K(640K)->533K(640K)
[0.548s][info][gc             ] GC(26) Pause Full (Ergonomics) 58M->58M(101M) 43.279ms
[0.548s][info][gc,cpu         ] GC(26) User=0.05s Sys=0.00s Real=0.04s
[0.560s][info][gc,start       ] GC(27) Pause Young (Allocation Failure)
[0.576s][info][gc,heap        ] GC(27) PSYoungGen: 15853K(26624K)->12320K(27648K) Eden: 12288K(12288K)->0K(12288K) From: 3565K(14336K)->12320K(15360K)
[0.576s][info][gc,heap        ] GC(27) ParOldGen: 55848K(77312K)->59472K(77312K)
[0.576s][info][gc,metaspace   ] GC(27) Metaspace: 6300K(6464K)->6300K(6464K) NonClass: 5767K(5824K)->5767K(5824K) Class: 533K(640K)->533K(640K)
[0.576s][info][gc             ] GC(27) Pause Young (Allocation Failure) 70M->70M(102M) 15.342ms
[0.576s][info][gc,cpu         ] GC(27) User=0.00s Sys=0.00s Real=0.01s
[0.588s][info][gc,start       ] GC(28) Pause Young (Allocation Failure)
[0.606s][info][gc,heap        ] GC(28) PSYoungGen: 24608K(27648K)->16896K(26112K) Eden: 12288K(12288K)->0K(9216K) From: 12320K(15360K)->16896K(16896K)
[0.606s][info][gc,heap        ] GC(28) ParOldGen: 59472K(77312K)->67248K(77312K)
[0.606s][info][gc,metaspace   ] GC(28) Metaspace: 6300K(6464K)->6300K(6464K) NonClass: 5767K(5824K)->5767K(5824K) Class: 533K(640K)->533K(640K)
[0.606s][info][gc             ] GC(28) Pause Young (Allocation Failure) 82M->82M(101M) 18.194ms
[0.606s][info][gc,cpu         ] GC(28) User=0.00s Sys=0.03s Real=0.02s
[0.606s][info][gc,start       ] GC(29) Pause Full (Ergonomics)
[0.606s][info][gc,phases,start] GC(29) Marking Phase
[0.639s][info][gc,phases      ] GC(29) Marking Phase 32.343ms
[0.639s][info][gc,phases,start] GC(29) Summary Phase
[0.639s][info][gc,phases      ] GC(29) Summary Phase 0.016ms
[0.639s][info][gc,phases,start] GC(29) Adjust Roots
[0.639s][info][gc,phases      ] GC(29) Adjust Roots 0.181ms
[0.639s][info][gc,phases,start] GC(29) Compaction Phase
[0.660s][info][gc,phases      ] GC(29) Compaction Phase 20.700ms
[0.660s][info][gc,phases,start] GC(29) Post Compact
[0.660s][info][gc,phases      ] GC(29) Post Compact 0.398ms
[0.660s][info][gc,heap        ] GC(29) PSYoungGen: 16896K(26112K)->6642K(26112K) Eden: 0K(9216K)->0K(9216K) From: 16896K(16896K)->6642K(16896K)
[0.660s][info][gc,heap        ] GC(29) ParOldGen: 67248K(77312K)->77283K(100864K)
[0.660s][info][gc,metaspace   ] GC(29) Metaspace: 6300K(6464K)->6300K(6464K) NonClass: 5767K(5824K)->5767K(5824K) Class: 533K(640K)->533K(640K)
[0.660s][info][gc             ] GC(29) Pause Full (Ergonomics) 82M->81M(124M) 54.065ms
[0.660s][info][gc,cpu         ] GC(29) User=0.06s Sys=0.00s Real=0.05s
[0.684s][info][gc,start       ] GC(30) Pause Young (Allocation Failure)
[0.698s][info][gc,heap        ] GC(30) PSYoungGen: 15858K(26112K)->9248K(31744K) Eden: 9216K(9216K)->0K(9216K) From: 6642K(16896K)->9248K(22528K)
[0.698s][info][gc,heap        ] GC(30) ParOldGen: 77283K(100864K)->84043K(100864K)
[0.698s][info][gc,metaspace   ] GC(30) Metaspace: 6300K(6464K)->6300K(6464K) NonClass: 5767K(5824K)->5767K(5824K) Class: 533K(640K)->533K(640K)
[0.698s][info][gc             ] GC(30) Pause Young (Allocation Failure) 90M->91M(129M) 13.367ms
[0.698s][info][gc,cpu         ] GC(30) User=0.00s Sys=0.00s Real=0.01s
[0.706s][info][gc,start       ] GC(31) Pause Young (Allocation Failure)
[0.715s][info][gc,heap        ] GC(31) PSYoungGen: 18464K(31744K)->18464K(30208K) Eden: 9216K(9216K)->0K(8704K) From: 9248K(22528K)->18464K(21504K)
[0.715s][info][gc,heap        ] GC(31) ParOldGen: 84043K(100864K)->84043K(100864K)
[0.715s][info][gc,metaspace   ] GC(31) Metaspace: 6300K(6464K)->6300K(6464K) NonClass: 5767K(5824K)->5767K(5824K) Class: 533K(640K)->533K(640K)
[0.715s][info][gc             ] GC(31) Pause Young (Allocation Failure) 100M->100M(128M) 8.680ms
[0.715s][info][gc,cpu         ] GC(31) User=0.00s Sys=0.00s Real=0.01s
[0.723s][info][gc,start       ] GC(32) Pause Young (Allocation Failure)
[0.735s][info][gc,heap        ] GC(32) PSYoungGen: 27168K(30208K)->24032K(32768K) Eden: 8704K(8704K)->0K(8704K) From: 18464K(21504K)->24032K(24064K)
[0.735s][info][gc,heap        ] GC(32) ParOldGen: 84043K(100864K)->87163K(100864K)
[0.735s][info][gc,metaspace   ] GC(32) Metaspace: 6300K(6464K)->6300K(6464K) NonClass: 5767K(5824K)->5767K(5824K) Class: 533K(640K)->533K(640K)
[0.735s][info][gc             ] GC(32) Pause Young (Allocation Failure) 108M->108M(130M) 12.406ms
[0.735s][info][gc,cpu         ] GC(32) User=0.00s Sys=0.00s Real=0.01s
[0.743s][info][gc,start       ] GC(33) Pause Young (Allocation Failure)
[0.760s][info][gc,heap        ] GC(33) PSYoungGen: 32736K(32768K)->16736K(39936K) Eden: 8704K(8704K)->0K(10752K) From: 24032K(24064K)->16736K(29184K)
[0.760s][info][gc,heap        ] GC(33) ParOldGen: 87163K(100864K)->103379K(103424K)
[0.760s][info][gc,metaspace   ] GC(33) Metaspace: 6300K(6464K)->6300K(6464K) NonClass: 5767K(5824K)->5767K(5824K) Class: 533K(640K)->533K(640K)
[0.760s][info][gc             ] GC(33) Pause Young (Allocation Failure) 117M->117M(140M) 17.203ms
[0.760s][info][gc,cpu         ] GC(33) User=0.00s Sys=0.02s Real=0.02s
[0.760s][info][gc,start       ] GC(34) Pause Full (Ergonomics)
[0.760s][info][gc,phases,start] GC(34) Marking Phase
[0.791s][info][gc,phases      ] GC(34) Marking Phase 30.998ms
[0.791s][info][gc,phases,start] GC(34) Summary Phase
[0.791s][info][gc,phases      ] GC(34) Summary Phase 0.016ms
[0.791s][info][gc,phases,start] GC(34) Adjust Roots
[0.792s][info][gc,phases      ] GC(34) Adjust Roots 0.166ms
[0.792s][info][gc,phases,start] GC(34) Compaction Phase
[0.820s][info][gc,phases      ] GC(34) Compaction Phase 28.616ms
[0.820s][info][gc,phases,start] GC(34) Post Compact
[0.821s][info][gc,phases      ] GC(34) Post Compact 0.429ms
[0.821s][info][gc,heap        ] GC(34) PSYoungGen: 16736K(39936K)->14603K(39936K) Eden: 0K(10752K)->0K(10752K) From: 16736K(29184K)->14603K(29184K)
[0.821s][info][gc,heap        ] GC(34) ParOldGen: 103379K(103424K)->102999K(132096K)
[0.821s][info][gc,metaspace   ] GC(34) Metaspace: 6300K(6464K)->6300K(6464K) NonClass: 5767K(5824K)->5767K(5824K) Class: 533K(640K)->533K(640K)
[0.821s][info][gc             ] GC(34) Pause Full (Ergonomics) 117M->114M(168M) 60.665ms
[0.821s][info][gc,cpu         ] GC(34) User=0.11s Sys=0.00s Real=0.06s
[0.832s][info][gc,start       ] GC(35) Pause Young (Allocation Failure)
[0.852s][info][gc,heap        ] GC(35) PSYoungGen: 25355K(39936K)->10848K(39936K) Eden: 10752K(10752K)->0K(10752K) From: 14603K(29184K)->10848K(29184K)
[0.852s][info][gc,heap        ] GC(35) ParOldGen: 102999K(132096K)->117855K(132096K)
[0.852s][info][gc,metaspace   ] GC(35) Metaspace: 6300K(6464K)->6300K(6464K) NonClass: 5767K(5824K)->5767K(5824K) Class: 533K(640K)->533K(640K)
[0.852s][info][gc             ] GC(35) Pause Young (Allocation Failure) 125M->125M(168M) 20.617ms
[0.852s][info][gc,cpu         ] GC(35) User=0.05s Sys=0.00s Real=0.02s
[0.852s][info][gc,start       ] GC(36) Pause Full (Ergonomics)
[0.852s][info][gc,phases,start] GC(36) Marking Phase
[0.883s][info][gc,phases      ] GC(36) Marking Phase 30.601ms
[0.883s][info][gc,phases,start] GC(36) Summary Phase
[0.883s][info][gc,phases      ] GC(36) Summary Phase 0.022ms
[0.883s][info][gc,phases,start] GC(36) Adjust Roots
[0.883s][info][gc,phases      ] GC(36) Adjust Roots 0.143ms
[0.883s][info][gc,phases,start] GC(36) Compaction Phase
[0.900s][info][gc,phases      ] GC(36) Compaction Phase 17.298ms
[0.900s][info][gc,phases,start] GC(36) Post Compact
[0.901s][info][gc,phases      ] GC(36) Post Compact 0.480ms
[0.901s][info][gc,heap        ] GC(36) PSYoungGen: 10848K(39936K)->0K(40448K) Eden: 0K(10752K)->0K(12800K) From: 10848K(29184K)->0K(27648K)
[0.901s][info][gc,heap        ] GC(36) ParOldGen: 117855K(132096K)->128325K(162304K)
[0.901s][info][gc,metaspace   ] GC(36) Metaspace: 6300K(6464K)->6300K(6464K) NonClass: 5767K(5824K)->5767K(5824K) Class: 533K(640K)->533K(640K)
[0.901s][info][gc             ] GC(36) Pause Full (Ergonomics) 125M->125M(198M) 48.939ms
[0.901s][info][gc,cpu         ] GC(36) User=0.08s Sys=0.00s Real=0.05s
[0.913s][info][gc,start       ] GC(37) Pause Young (Allocation Failure)
[0.920s][info][gc,heap        ] GC(37) PSYoungGen: 12800K(40448K)->12832K(40448K) Eden: 12800K(12800K)->0K(12800K) From: 0K(27648K)->12832K(27648K)
[0.920s][info][gc,heap        ] GC(37) ParOldGen: 128325K(162304K)->128325K(162304K)
[0.920s][info][gc,metaspace   ] GC(37) Metaspace: 6300K(6464K)->6300K(6464K) NonClass: 5767K(5824K)->5767K(5824K) Class: 533K(640K)->533K(640K)
[0.920s][info][gc             ] GC(37) Pause Young (Allocation Failure) 137M->137M(198M) 7.305ms
[0.920s][info][gc,cpu         ] GC(37) User=0.00s Sys=0.00s Real=0.01s
[0.933s][info][gc,start       ] GC(38) Pause Young (Allocation Failure)
[0.946s][info][gc,heap        ] GC(38) PSYoungGen: 25632K(40448K)->25632K(37888K) Eden: 12800K(12800K)->0K(11264K) From: 12832K(27648K)->25632K(26624K)
[0.946s][info][gc,heap        ] GC(38) ParOldGen: 128325K(162304K)->128325K(162304K)
[0.946s][info][gc,metaspace   ] GC(38) Metaspace: 6300K(6464K)->6300K(6464K) NonClass: 5767K(5824K)->5767K(5824K) Class: 533K(640K)->533K(640K)
[0.946s][info][gc             ] GC(38) Pause Young (Allocation Failure) 150M->150M(195M) 12.677ms
[0.946s][info][gc,cpu         ] GC(38) User=0.02s Sys=0.00s Real=0.01s
[0.957s][info][gc,start       ] GC(39) Pause Young (Allocation Failure)
[0.975s][info][gc,heap        ] GC(39) PSYoungGen: 36896K(37888K)->30208K(41472K) Eden: 11264K(11264K)->0K(11264K) From: 25632K(26624K)->30208K(30208K)
[0.975s][info][gc,heap        ] GC(39) ParOldGen: 128325K(162304K)->135069K(162304K)
[0.975s][info][gc,metaspace   ] GC(39) Metaspace: 6300K(6464K)->6300K(6464K) NonClass: 5767K(5824K)->5767K(5824K) Class: 533K(640K)->533K(640K)
[0.975s][info][gc             ] GC(39) Pause Young (Allocation Failure) 161M->161M(199M) 17.651ms
[0.975s][info][gc,cpu         ] GC(39) User=0.05s Sys=0.00s Real=0.02s
[0.986s][info][gc,start       ] GC(40) Pause Young (Allocation Failure)
[1.009s][info][gc,heap        ] GC(40) PSYoungGen: 41472K(41472K)->21184K(50688K) Eden: 11264K(11264K)->0K(13312K) From: 30208K(30208K)->21184K(37376K)
[1.009s][info][gc,heap        ] GC(40) ParOldGen: 135069K(162304K)->155725K(162304K)
[1.009s][info][gc,metaspace   ] GC(40) Metaspace: 6300K(6464K)->6300K(6464K) NonClass: 5767K(5824K)->5767K(5824K) Class: 533K(640K)->533K(640K)
[1.009s][info][gc             ] GC(40) Pause Young (Allocation Failure) 172M->172M(208M) 22.869ms
[1.009s][info][gc,cpu         ] GC(40) User=0.05s Sys=0.02s Real=0.02s
[1.009s][info][gc,start       ] GC(41) Pause Full (Ergonomics)
[1.010s][info][gc,phases,start] GC(41) Marking Phase
[1.060s][info][gc,phases      ] GC(41) Marking Phase 50.914ms
[1.060s][info][gc,phases,start] GC(41) Summary Phase
[1.061s][info][gc,phases      ] GC(41) Summary Phase 0.025ms
[1.061s][info][gc,phases,start] GC(41) Adjust Roots
[1.061s][info][gc,phases      ] GC(41) Adjust Roots 0.150ms
[1.061s][info][gc,phases,start] GC(41) Compaction Phase
[1.084s][info][gc,phases      ] GC(41) Compaction Phase 23.723ms
[1.085s][info][gc,phases,start] GC(41) Post Compact
[1.085s][info][gc,phases      ] GC(41) Post Compact 0.839ms
[1.086s][info][gc,heap        ] GC(41) PSYoungGen: 21184K(50688K)->14421K(50688K) Eden: 0K(13312K)->0K(13312K) From: 21184K(37376K)->14421K(37376K)
[1.086s][info][gc,heap        ] GC(41) ParOldGen: 155725K(162304K)->161905K(201216K)
[1.086s][info][gc,metaspace   ] GC(41) Metaspace: 6300K(6464K)->6300K(6464K) NonClass: 5767K(5824K)->5767K(5824K) Class: 533K(640K)->533K(640K)
[1.086s][info][gc             ] GC(41) Pause Full (Ergonomics) 172M->172M(246M) 76.404ms
[1.086s][info][gc,cpu         ] GC(41) User=0.23s Sys=0.00s Real=0.08s
[1.117s][info][gc,start       ] GC(42) Pause Young (Allocation Failure)
[1.141s][info][gc,heap        ] GC(42) PSYoungGen: 27733K(50688K)->29664K(50688K) Eden: 13312K(13312K)->0K(13312K) From: 14421K(37376K)->29664K(37376K)
[1.141s][info][gc,heap        ] GC(42) ParOldGen: 161905K(201216K)->168377K(201216K)
[1.141s][info][gc,metaspace   ] GC(42) Metaspace: 6300K(6464K)->6300K(6464K) NonClass: 5767K(5824K)->5767K(5824K) Class: 533K(640K)->533K(640K)
[1.141s][info][gc             ] GC(42) Pause Young (Allocation Failure) 185M->193M(246M) 23.892ms
[1.141s][info][gc,cpu         ] GC(42) User=0.00s Sys=0.00s Real=0.02s
[1.154s][info][gc,start       ] GC(43) Pause Young (Allocation Failure)
[1.175s][info][gc,heap        ] GC(43) PSYoungGen: 42976K(50688K)->39904K(48128K) Eden: 13312K(13312K)->0K(8192K) From: 29664K(37376K)->39904K(39936K)
[1.175s][info][gc,heap        ] GC(43) ParOldGen: 168377K(201216K)->171417K(201216K)
[1.175s][info][gc,metaspace   ] GC(43) Metaspace: 6300K(6464K)->6300K(6464K) NonClass: 5767K(5824K)->5767K(5824K) Class: 533K(640K)->533K(640K)
[1.175s][info][gc             ] GC(43) Pause Young (Allocation Failure) 206M->206M(243M) 20.260ms
[1.175s][info][gc,cpu         ] GC(43) User=0.02s Sys=0.00s Real=0.02s
[1.183s][info][gc,start       ] GC(44) Pause Young (Allocation Failure)
[1.204s][info][gc,heap        ] GC(44) PSYoungGen: 48096K(48128K)->19840K(28160K) Eden: 8192K(8192K)->0K(8192K) From: 39904K(39936K)->19840K(19968K)
[1.204s][info][gc,heap        ] GC(44) ParOldGen: 171417K(201216K)->191753K(201216K)
[1.204s][info][gc,metaspace   ] GC(44) Metaspace: 6300K(6464K)->6300K(6464K) NonClass: 5767K(5824K)->5767K(5824K) Class: 533K(640K)->533K(640K)
[1.204s][info][gc             ] GC(44) Pause Young (Allocation Failure) 214M->206M(224M) 21.301ms
[1.204s][info][gc,cpu         ] GC(44) User=0.00s Sys=0.00s Real=0.02s
[1.204s][info][gc,start       ] GC(45) Pause Full (Ergonomics)
[1.204s][info][gc,phases,start] GC(45) Marking Phase
[1.254s][info][gc,phases      ] GC(45) Marking Phase 49.539ms
[1.254s][info][gc,phases,start] GC(45) Summary Phase
[1.254s][info][gc,phases      ] GC(45) Summary Phase 0.017ms
[1.254s][info][gc,phases,start] GC(45) Adjust Roots
[1.254s][info][gc,phases      ] GC(45) Adjust Roots 0.139ms
[1.254s][info][gc,phases,start] GC(45) Compaction Phase
[1.292s][info][gc,phases      ] GC(45) Compaction Phase 38.340ms
[1.292s][info][gc,phases,start] GC(45) Post Compact
[1.293s][info][gc,phases      ] GC(45) Post Compact 0.929ms
[1.293s][info][gc,heap        ] GC(45) PSYoungGen: 19840K(28160K)->5895K(28160K) Eden: 0K(8192K)->0K(8192K) From: 19840K(19968K)->5895K(19968K)
[1.294s][info][gc,heap        ] GC(45) ParOldGen: 191753K(201216K)->201070K(244224K)
[1.294s][info][gc,metaspace   ] GC(45) Metaspace: 6300K(6464K)->6300K(6464K) NonClass: 5767K(5824K)->5767K(5824K) Class: 533K(640K)->533K(640K)
[1.294s][info][gc             ] GC(45) Pause Full (Ergonomics) 206M->202M(266M) 89.467ms
[1.294s][info][gc,cpu         ] GC(45) User=0.28s Sys=0.00s Real=0.09s
[1.303s][info][gc,start       ] GC(46) Pause Young (Allocation Failure)
[1.318s][info][gc,heap        ] GC(46) PSYoungGen: 14087K(28160K)->8288K(52224K) Eden: 8192K(8192K)->0K(9216K) From: 5895K(19968K)->8288K(43008K)
[1.318s][info][gc,heap        ] GC(46) ParOldGen: 201070K(244224K)->207078K(244224K)
[1.318s][info][gc,metaspace   ] GC(46) Metaspace: 6300K(6464K)->6300K(6464K) NonClass: 5767K(5824K)->5767K(5824K) Class: 533K(640K)->533K(640K)
[1.318s][info][gc             ] GC(46) Pause Young (Allocation Failure) 210M->210M(289M) 15.652ms
[1.318s][info][gc,cpu         ] GC(46) User=0.05s Sys=0.00s Real=0.02s
[1.328s][info][gc,start       ] GC(47) Pause Young (Allocation Failure)
[1.338s][info][gc,heap        ] GC(47) PSYoungGen: 17504K(52224K)->9312K(53248K) Eden: 9216K(9216K)->0K(9216K) From: 8288K(43008K)->9312K(44032K)
[1.338s][info][gc,heap        ] GC(47) ParOldGen: 207078K(244224K)->215382K(244224K)
[1.338s][info][gc,metaspace   ] GC(47) Metaspace: 6300K(6464K)->6300K(6464K) NonClass: 5767K(5824K)->5767K(5824K) Class: 533K(640K)->533K(640K)
[1.338s][info][gc             ] GC(47) Pause Young (Allocation Failure) 219M->219M(290M) 9.936ms
[1.338s][info][gc,cpu         ] GC(47) User=0.02s Sys=0.00s Real=0.01s
[1.348s][info][gc,start       ] GC(48) Pause Young (Allocation Failure)
[1.360s][info][gc,heap        ] GC(48) PSYoungGen: 18528K(53248K)->9312K(52224K) Eden: 9216K(9216K)->0K(10752K) From: 9312K(44032K)->9312K(41472K)
[1.360s][info][gc,heap        ] GC(48) ParOldGen: 215382K(244224K)->224734K(244224K)
[1.360s][info][gc,metaspace   ] GC(48) Metaspace: 6300K(6464K)->6300K(6464K) NonClass: 5767K(5824K)->5767K(5824K) Class: 533K(640K)->533K(640K)
[1.360s][info][gc             ] GC(48) Pause Young (Allocation Failure) 228M->228M(289M) 12.692ms
[1.360s][info][gc,cpu         ] GC(48) User=0.02s Sys=0.00s Real=0.01s
[1.373s][info][gc,start       ] GC(49) Pause Young (Allocation Failure)
[1.387s][info][gc,heap        ] GC(49) PSYoungGen: 20064K(52224K)->10848K(53248K) Eden: 10752K(10752K)->0K(10752K) From: 9312K(41472K)->10848K(42496K)
[1.387s][info][gc,heap        ] GC(49) ParOldGen: 224734K(244224K)->234094K(244224K)
[1.387s][info][gc,metaspace   ] GC(49) Metaspace: 6300K(6464K)->6300K(6464K) NonClass: 5767K(5824K)->5767K(5824K) Class: 533K(640K)->533K(640K)
[1.387s][info][gc             ] GC(49) Pause Young (Allocation Failure) 239M->239M(290M) 14.236ms
[1.387s][info][gc,cpu         ] GC(49) User=0.02s Sys=0.00s Real=0.01s
[1.387s][info][gc,start       ] GC(50) Pause Full (Ergonomics)
[1.387s][info][gc,phases,start] GC(50) Marking Phase
[1.451s][info][gc,phases      ] GC(50) Marking Phase 64.452ms
[1.451s][info][gc,phases,start] GC(50) Summary Phase
[1.451s][info][gc,phases      ] GC(50) Summary Phase 0.023ms
[1.451s][info][gc,phases,start] GC(50) Adjust Roots
[1.452s][info][gc,phases      ] GC(50) Adjust Roots 0.171ms
[1.452s][info][gc,phases,start] GC(50) Compaction Phase
[1.485s][info][gc,phases      ] GC(50) Compaction Phase 33.245ms
[1.485s][info][gc,phases,start] GC(50) Post Compact
[1.486s][info][gc,phases      ] GC(50) Post Compact 1.455ms
[1.487s][info][gc,heap        ] GC(50) PSYoungGen: 10848K(53248K)->0K(53760K) Eden: 0K(10752K)->0K(12800K) From: 10848K(42496K)->0K(40960K)
[1.487s][info][gc,heap        ] GC(50) ParOldGen: 234094K(244224K)->244223K(286720K)
[1.487s][info][gc,metaspace   ] GC(50) Metaspace: 6300K(6464K)->6300K(6464K) NonClass: 5767K(5824K)->5767K(5824K) Class: 533K(640K)->533K(640K)
[1.487s][info][gc             ] GC(50) Pause Full (Ergonomics) 239M->238M(332M) 99.851ms
[1.487s][info][gc,cpu         ] GC(50) User=0.41s Sys=0.00s Real=0.10s
[1.502s][info][gc,start       ] GC(51) Pause Young (Allocation Failure)
[1.513s][info][gc,heap        ] GC(51) PSYoungGen: 12800K(53760K)->12896K(53760K) Eden: 12800K(12800K)->0K(12800K) From: 0K(40960K)->12896K(40960K)
[1.513s][info][gc,heap        ] GC(51) ParOldGen: 244223K(286720K)->244223K(286720K)
[1.513s][info][gc,metaspace   ] GC(51) Metaspace: 6300K(6464K)->6300K(6464K) NonClass: 5767K(5824K)->5767K(5824K) Class: 533K(640K)->533K(640K)
[1.513s][info][gc             ] GC(51) Pause Young (Allocation Failure) 250M->251M(332M) 11.524ms
[1.513s][info][gc,cpu         ] GC(51) User=0.00s Sys=0.00s Real=0.01s
[1.529s][info][gc,start       ] GC(52) Pause Young (Allocation Failure)
[1.544s][info][gc,heap        ] GC(52) PSYoungGen: 25696K(53760K)->25696K(52224K) Eden: 12800K(12800K)->0K(13312K) From: 12896K(40960K)->25696K(38912K)
[1.544s][info][gc,heap        ] GC(52) ParOldGen: 244223K(286720K)->244223K(286720K)
[1.544s][info][gc,metaspace   ] GC(52) Metaspace: 6300K(6464K)->6300K(6464K) NonClass: 5767K(5824K)->5767K(5824K) Class: 533K(640K)->533K(640K)
[1.544s][info][gc             ] GC(52) Pause Young (Allocation Failure) 263M->263M(331M) 15.249ms
[1.544s][info][gc,cpu         ] GC(52) User=0.03s Sys=0.00s Real=0.01s
[1.559s][info][gc,start       ] GC(53) Pause Young (Allocation Failure)
[1.582s][info][gc,heap        ] GC(53) PSYoungGen: 39008K(52224K)->39008K(53760K) Eden: 13312K(13312K)->0K(13312K) From: 25696K(38912K)->39008K(40448K)
[1.582s][info][gc,heap        ] GC(53) ParOldGen: 244223K(286720K)->244223K(286720K)
[1.582s][info][gc,metaspace   ] GC(53) Metaspace: 6300K(6464K)->6300K(6464K) NonClass: 5767K(5824K)->5767K(5824K) Class: 533K(640K)->533K(640K)
[1.582s][info][gc             ] GC(53) Pause Young (Allocation Failure) 276M->276M(332M) 22.444ms
[1.582s][info][gc,cpu         ] GC(53) User=0.12s Sys=0.00s Real=0.02s
[1.597s][info][gc,start       ] GC(54) Pause Young (Allocation Failure)
[1.625s][info][gc,heap        ] GC(54) PSYoungGen: 52320K(53760K)->39520K(56320K) Eden: 13312K(13312K)->0K(10240K) From: 39008K(40448K)->39520K(46080K)
[1.625s][info][gc,heap        ] GC(54) ParOldGen: 244223K(286720K)->257199K(286720K)
[1.625s][info][gc,metaspace   ] GC(54) Metaspace: 6300K(6464K)->6300K(6464K) NonClass: 5767K(5824K)->5767K(5824K) Class: 533K(640K)->533K(640K)
[1.625s][info][gc             ] GC(54) Pause Young (Allocation Failure) 289M->289M(335M) 28.396ms
[1.626s][info][gc,cpu         ] GC(54) User=0.09s Sys=0.02s Real=0.03s
[1.637s][info][gc,start       ] GC(55) Pause Young (Allocation Failure)
[1.662s][info][gc,heap        ] GC(55) PSYoungGen: 49760K(56320K)->36960K(61440K) Eden: 10240K(10240K)->0K(10240K) From: 39520K(46080K)->36960K(51200K)
[1.663s][info][gc,heap        ] GC(55) ParOldGen: 257199K(286720K)->270183K(286720K)
[1.663s][info][gc,metaspace   ] GC(55) Metaspace: 6300K(6464K)->6300K(6464K) NonClass: 5767K(5824K)->5767K(5824K) Class: 533K(640K)->533K(640K)
[1.663s][info][gc             ] GC(55) Pause Young (Allocation Failure) 299M->299M(340M) 25.597ms
[1.663s][info][gc,cpu         ] GC(55) User=0.11s Sys=0.00s Real=0.03s
[1.663s][info][gc,start       ] GC(56) Pause Full (Ergonomics)
[1.663s][info][gc,phases,start] GC(56) Marking Phase
[1.736s][info][gc,phases      ] GC(56) Marking Phase 73.129ms
[1.736s][info][gc,phases,start] GC(56) Summary Phase
[1.736s][info][gc,phases      ] GC(56) Summary Phase 0.022ms
[1.736s][info][gc,phases,start] GC(56) Adjust Roots
[1.736s][info][gc,phases      ] GC(56) Adjust Roots 0.170ms
[1.736s][info][gc,phases,start] GC(56) Compaction Phase
[1.770s][info][gc,phases      ] GC(56) Compaction Phase 34.301ms
[1.770s][info][gc,phases,start] GC(56) Post Compact
[1.772s][info][gc,phases      ] GC(56) Post Compact 1.570ms
[1.772s][info][gc,heap        ] GC(56) PSYoungGen: 36960K(61440K)->19910K(61440K) Eden: 0K(10240K)->0K(10240K) From: 36960K(51200K)->19910K(51200K)
[1.772s][info][gc,heap        ] GC(56) ParOldGen: 270183K(286720K)->286625K(332288K)
[1.772s][info][gc,metaspace   ] GC(56) Metaspace: 6300K(6464K)->6300K(6464K) NonClass: 5767K(5824K)->5767K(5824K) Class: 533K(640K)->533K(640K)
[1.772s][info][gc             ] GC(56) Pause Full (Ergonomics) 299M->299M(384M) 109.709ms
[1.772s][info][gc,cpu         ] GC(56) User=0.64s Sys=0.02s Real=0.11s
[1.786s][info][gc,start       ] GC(57) Pause Young (Allocation Failure)
[1.813s][info][gc,heap        ] GC(57) PSYoungGen: 30150K(61440K)->16000K(61440K) Eden: 10240K(10240K)->0K(11776K) From: 19910K(51200K)->16000K(49664K)
[1.813s][info][gc,heap        ] GC(57) ParOldGen: 286625K(332288K)->301153K(332288K)
[1.813s][info][gc,metaspace   ] GC(57) Metaspace: 6300K(6464K)->6300K(6464K) NonClass: 5767K(5824K)->5767K(5824K) Class: 533K(640K)->533K(640K)
[1.813s][info][gc             ] GC(57) Pause Young (Allocation Failure) 309M->309M(384M) 27.547ms
[1.813s][info][gc,cpu         ] GC(57) User=0.14s Sys=0.00s Real=0.03s
[1.828s][info][gc,start       ] GC(58) Pause Young (Allocation Failure)
[1.843s][info][gc,heap        ] GC(58) PSYoungGen: 27776K(61440K)->22144K(34304K) Eden: 11776K(11776K)->0K(11776K) From: 16000K(49664K)->22144K(22528K)
[1.843s][info][gc,heap        ] GC(58) ParOldGen: 301153K(332288K)->306857K(332288K)
[1.843s][info][gc,metaspace   ] GC(58) Metaspace: 6300K(6464K)->6300K(6464K) NonClass: 5767K(5824K)->5767K(5824K) Class: 533K(640K)->533K(640K)
[1.843s][info][gc             ] GC(58) Pause Young (Allocation Failure) 321M->321M(358M) 15.248ms
[1.843s][info][gc,cpu         ] GC(58) User=0.03s Sys=0.00s Real=0.02s
[1.857s][info][gc,start       ] GC(59) Pause Young (Allocation Failure)
[1.874s][info][gc,heap        ] GC(59) PSYoungGen: 33920K(34304K)->23680K(58880K) Eden: 11776K(11776K)->0K(13824K) From: 22144K(22528K)->23680K(45056K)
[1.874s][info][gc,heap        ] GC(59) ParOldGen: 306857K(332288K)->317233K(332288K)
[1.874s][info][gc,metaspace   ] GC(59) Metaspace: 6300K(6464K)->6300K(6464K) NonClass: 5767K(5824K)->5767K(5824K) Class: 533K(640K)->533K(640K)
[1.874s][info][gc             ] GC(59) Pause Young (Allocation Failure) 332M->332M(382M) 17.231ms
[1.874s][info][gc,cpu         ] GC(59) User=0.05s Sys=0.00s Real=0.02s
[1.874s][info][gc,start       ] GC(60) Pause Full (Ergonomics)
[1.875s][info][gc,phases,start] GC(60) Marking Phase
[1.947s][info][gc,phases      ] GC(60) Marking Phase 72.493ms
[1.947s][info][gc,phases,start] GC(60) Summary Phase
[1.947s][info][gc,phases      ] GC(60) Summary Phase 0.019ms
[1.947s][info][gc,phases,start] GC(60) Adjust Roots
[1.947s][info][gc,phases      ] GC(60) Adjust Roots 0.146ms
[1.947s][info][gc,phases,start] GC(60) Compaction Phase
[1.981s][info][gc,phases      ] GC(60) Compaction Phase 34.173ms
[1.981s][info][gc,phases,start] GC(60) Post Compact
[1.983s][info][gc,phases      ] GC(60) Post Compact 1.654ms
[1.983s][info][gc,heap        ] GC(60) PSYoungGen: 23680K(58880K)->8163K(60928K) Eden: 0K(13824K)->0K(15872K) From: 23680K(45056K)->8163K(45056K)
[1.984s][info][gc,heap        ] GC(60) ParOldGen: 317233K(332288K)->332074K(381440K)
[1.984s][info][gc,metaspace   ] GC(60) Metaspace: 6300K(6464K)->6300K(6464K) NonClass: 5767K(5824K)->5767K(5824K) Class: 533K(640K)->533K(640K)
[1.984s][info][gc             ] GC(60) Pause Full (Ergonomics) 332M->332M(432M) 109.059ms
[1.984s][info][gc,cpu         ] GC(60) User=0.61s Sys=0.00s Real=0.11s
[2.065s][info][gc,start       ] GC(61) Pause Young (Allocation Failure)
[2.090s][info][gc,heap        ] GC(61) PSYoungGen: 24035K(60928K)->18912K(62976K) Eden: 15872K(15872K)->0K(15872K) From: 8163K(45056K)->18912K(47104K)
[2.090s][info][gc,heap        ] GC(61) ParOldGen: 348458K(381440K)->353778K(381440K)
[2.090s][info][gc,metaspace   ] GC(61) Metaspace: 6300K(6464K)->6300K(6464K) NonClass: 5767K(5824K)->5767K(5824K) Class: 533K(640K)->533K(640K)
[2.090s][info][gc             ] GC(61) Pause Young (Allocation Failure) 363M->363M(434M) 24.644ms
[2.090s][info][gc,cpu         ] GC(61) User=0.12s Sys=0.02s Real=0.02s
[2.104s][info][gc,start       ] GC(62) Pause Young (Allocation Failure)
[2.122s][info][gc,heap        ] GC(62) PSYoungGen: 34784K(62976K)->34784K(60416K) Eden: 15872K(15872K)->0K(15360K) From: 18912K(47104K)->34784K(45056K)
[2.122s][info][gc,heap        ] GC(62) ParOldGen: 353778K(381440K)->353778K(381440K)
[2.122s][info][gc,metaspace   ] GC(62) Metaspace: 6300K(6464K)->6300K(6464K) NonClass: 5767K(5824K)->5767K(5824K) Class: 533K(640K)->533K(640K)
[2.122s][info][gc             ] GC(62) Pause Young (Allocation Failure) 379M->379M(431M) 17.150ms
[2.122s][info][gc,cpu         ] GC(62) User=0.12s Sys=0.00s Real=0.02s
[2.137s][info][gc,start       ] GC(63) Pause Young (Allocation Failure)
[2.160s][info][gc,heap        ] GC(63) PSYoungGen: 50144K(60416K)->47232K(62976K) Eden: 15360K(15360K)->0K(15360K) From: 34784K(45056K)->47232K(47616K)
[2.161s][info][gc,heap        ] GC(63) ParOldGen: 353778K(381440K)->356794K(381440K)
[2.161s][info][gc,metaspace   ] GC(63) Metaspace: 6300K(6464K)->6300K(6464K) NonClass: 5767K(5824K)->5767K(5824K) Class: 533K(640K)->533K(640K)
[2.161s][info][gc             ] GC(63) Pause Young (Allocation Failure) 394M->394M(434M) 23.162ms
[2.161s][info][gc,cpu         ] GC(63) User=0.12s Sys=0.00s Real=0.02s
[2.177s][info][gc,start       ] GC(64) Pause Young (Allocation Failure)
[2.206s][info][gc,heap        ] GC(64) PSYoungGen: 62592K(62976K)->46752K(66048K) Eden: 15360K(15360K)->0K(12288K) From: 47232K(47616K)->46752K(53760K)
[2.206s][info][gc,heap        ] GC(64) ParOldGen: 356794K(381440K)->372882K(381440K)
[2.206s][info][gc,metaspace   ] GC(64) Metaspace: 6300K(6464K)->6300K(6464K) NonClass: 5767K(5824K)->5767K(5824K) Class: 533K(640K)->533K(640K)
[2.206s][info][gc             ] GC(64) Pause Young (Allocation Failure) 409M->409M(437M) 29.241ms
[2.206s][info][gc,cpu         ] GC(64) User=0.14s Sys=0.00s Real=0.03s
[2.206s][info][gc,start       ] GC(65) Pause Full (Ergonomics)
[2.206s][info][gc,phases,start] GC(65) Marking Phase
[2.292s][info][gc,phases      ] GC(65) Marking Phase 85.897ms
[2.292s][info][gc,phases,start] GC(65) Summary Phase
[2.292s][info][gc,phases      ] GC(65) Summary Phase 0.022ms
[2.292s][info][gc,phases,start] GC(65) Adjust Roots
[2.292s][info][gc,phases      ] GC(65) Adjust Roots 0.200ms
[2.292s][info][gc,phases,start] GC(65) Compaction Phase
[2.364s][info][gc,phases      ] GC(65) Compaction Phase 71.944ms
[2.364s][info][gc,phases,start] GC(65) Post Compact
[2.367s][info][gc,phases      ] GC(65) Post Compact 2.274ms
[2.367s][info][gc,heap        ] GC(65) PSYoungGen: 46752K(66048K)->29640K(66048K) Eden: 0K(12288K)->0K(12288K) From: 46752K(53760K)->29640K(53760K)
[2.367s][info][gc,heap        ] GC(65) ParOldGen: 372882K(381440K)->381129K(433664K)
[2.367s][info][gc,metaspace   ] GC(65) Metaspace: 6300K(6464K)->6300K(6464K) NonClass: 5767K(5824K)->5767K(5824K) Class: 533K(640K)->533K(640K)
[2.367s][info][gc             ] GC(65) Pause Full (Ergonomics) 409M->401M(488M) 161.001ms
[2.367s][info][gc,cpu         ] GC(65) User=1.03s Sys=0.02s Real=0.16s
[2.382s][info][gc,start       ] GC(66) Pause Young (Allocation Failure)
[2.415s][info][gc,heap        ] GC(66) PSYoungGen: 41928K(66048K)->21248K(33792K) Eden: 12288K(12288K)->0K(12288K) From: 29640K(53760K)->21248K(21504K)
[2.415s][info][gc,heap        ] GC(66) ParOldGen: 381129K(433664K)->402241K(433664K)
[2.415s][info][gc,metaspace   ] GC(66) Metaspace: 6300K(6464K)->6300K(6464K) NonClass: 5767K(5824K)->5767K(5824K) Class: 533K(640K)->533K(640K)
[2.416s][info][gc             ] GC(66) Pause Young (Allocation Failure) 413M->413M(456M) 33.987ms
[2.416s][info][gc,cpu         ] GC(66) User=0.34s Sys=0.03s Real=0.04s
[2.428s][info][gc,start       ] GC(67) Pause Young (Allocation Failure)
[2.445s][info][gc,heap        ] GC(67) PSYoungGen: 33536K(33792K)->24704K(66560K) Eden: 12288K(12288K)->0K(14336K) From: 21248K(21504K)->24704K(52224K)
[2.445s][info][gc,heap        ] GC(67) ParOldGen: 402241K(433664K)->411185K(433664K)
[2.445s][info][gc,metaspace   ] GC(67) Metaspace: 6300K(6464K)->6300K(6464K) NonClass: 5767K(5824K)->5767K(5824K) Class: 533K(640K)->533K(640K)
[2.445s][info][gc             ] GC(67) Pause Young (Allocation Failure) 425M->425M(488M) 16.818ms
[2.445s][info][gc,cpu         ] GC(67) User=0.06s Sys=0.02s Real=0.02s
[2.445s][info][gc,start       ] GC(68) Pause Full (Ergonomics)
[2.445s][info][gc,phases,start] GC(68) Marking Phase
[2.537s][info][gc,phases      ] GC(68) Marking Phase 91.819ms
[2.537s][info][gc,phases,start] GC(68) Summary Phase
[2.537s][info][gc,phases      ] GC(68) Summary Phase 0.023ms
[2.537s][info][gc,phases,start] GC(68) Adjust Roots
[2.537s][info][gc,phases      ] GC(68) Adjust Roots 0.164ms
[2.537s][info][gc,phases,start] GC(68) Compaction Phase
[2.581s][info][gc,phases      ] GC(68) Compaction Phase 43.793ms
[2.581s][info][gc,phases,start] GC(68) Post Compact
[2.583s][info][gc,phases      ] GC(68) Post Compact 2.142ms
[2.584s][info][gc,heap        ] GC(68) PSYoungGen: 24704K(66560K)->2032K(68096K) Eden: 0K(14336K)->0K(15872K) From: 24704K(52224K)->2032K(52224K)
[2.584s][info][gc,heap        ] GC(68) ParOldGen: 411185K(433664K)->433249K(492032K)
[2.584s][info][gc,metaspace   ] GC(68) Metaspace: 6300K(6464K)->6300K(6464K) NonClass: 5767K(5824K)->5767K(5824K) Class: 533K(640K)->533K(640K)
[2.584s][info][gc             ] GC(68) Pause Full (Ergonomics) 425M->425M(547M) 138.586ms
[2.584s][info][gc,cpu         ] GC(68) User=0.86s Sys=0.00s Real=0.14s
[2.602s][info][gc,start       ] GC(69) Pause Young (Allocation Failure)
[2.628s][info][gc,heap        ] GC(69) PSYoungGen: 17904K(68096K)->17568K(70144K) Eden: 15872K(15872K)->0K(15872K) From: 2032K(52224K)->17568K(54272K)
[2.628s][info][gc,heap        ] GC(69) ParOldGen: 433249K(492032K)->433769K(492032K)
[2.628s][info][gc,metaspace   ] GC(69) Metaspace: 6300K(6464K)->6300K(6464K) NonClass: 5767K(5824K)->5767K(5824K) Class: 533K(640K)->533K(640K)
[2.628s][info][gc             ] GC(69) Pause Young (Allocation Failure) 440M->440M(549M) 26.472ms
[2.628s][info][gc,cpu         ] GC(69) User=0.12s Sys=0.00s Real=0.03s
[2.645s][info][gc,start       ] GC(70) Pause Young (Allocation Failure)
[2.662s][info][gc,heap        ] GC(70) PSYoungGen: 33440K(70144K)->33408K(71168K) Eden: 15872K(15872K)->0K(17920K) From: 17568K(54272K)->33408K(53248K)
[2.662s][info][gc,heap        ] GC(70) ParOldGen: 433769K(492032K)->433769K(492032K)
[2.662s][info][gc,metaspace   ] GC(70) Metaspace: 6300K(6464K)->6300K(6464K) NonClass: 5767K(5824K)->5767K(5824K) Class: 533K(640K)->533K(640K)
[2.662s][info][gc             ] GC(70) Pause Young (Allocation Failure) 456M->456M(550M) 16.985ms
[2.662s][info][gc,cpu         ] GC(70) User=0.05s Sys=0.00s Real=0.02s
[2.681s][info][gc,start       ] GC(71) Pause Young (Allocation Failure)
[2.706s][info][gc,heap        ] GC(71) PSYoungGen: 51328K(71168K)->51360K(71168K) Eden: 17920K(17920K)->0K(17920K) From: 33408K(53248K)->51360K(53248K)
[2.706s][info][gc,heap        ] GC(71) ParOldGen: 433769K(492032K)->433769K(492032K)
[2.706s][info][gc,metaspace   ] GC(71) Metaspace: 6300K(6464K)->6300K(6464K) NonClass: 5767K(5824K)->5767K(5824K) Class: 533K(640K)->533K(640K)
[2.706s][info][gc             ] GC(71) Pause Young (Allocation Failure) 473M->473M(550M) 24.448ms
[2.706s][info][gc,cpu         ] GC(71) User=0.12s Sys=0.00s Real=0.03s
[2.726s][info][gc,start       ] GC(72) Pause Young (Allocation Failure)
[2.759s][info][gc,heap        ] GC(72) PSYoungGen: 69280K(71168K)->59904K(68096K) Eden: 17920K(17920K)->0K(8192K) From: 51360K(53248K)->59904K(59904K)
[2.759s][info][gc,heap        ] GC(72) ParOldGen: 433769K(492032K)->443161K(492032K)
[2.759s][info][gc,metaspace   ] GC(72) Metaspace: 6300K(6464K)->6300K(6464K) NonClass: 5767K(5824K)->5767K(5824K) Class: 533K(640K)->533K(640K)
[2.759s][info][gc             ] GC(72) Pause Young (Allocation Failure) 491M->491M(547M) 32.426ms
[2.759s][info][gc,cpu         ] GC(72) User=0.16s Sys=0.00s Real=0.03s
[2.768s][info][gc,start       ] GC(73) Pause Young (Allocation Failure)
[2.797s][info][gc,heap        ] GC(73) PSYoungGen: 68096K(68096K)->54656K(79872K) Eden: 8192K(8192K)->0K(8192K) From: 59904K(59904K)->54656K(71680K)
[2.797s][info][gc,heap        ] GC(73) ParOldGen: 443161K(492032K)->456865K(492032K)
[2.797s][info][gc,metaspace   ] GC(73) Metaspace: 6300K(6464K)->6300K(6464K) NonClass: 5767K(5824K)->5767K(5824K) Class: 533K(640K)->533K(640K)
[2.797s][info][gc             ] GC(73) Pause Young (Allocation Failure) 499M->499M(558M) 29.750ms
[2.797s][info][gc,cpu         ] GC(73) User=0.14s Sys=0.00s Real=0.03s
[2.807s][info][gc,start       ] GC(74) Pause Young (Allocation Failure)
[2.835s][info][gc,heap        ] GC(74) PSYoungGen: 62848K(79872K)->33280K(78336K) Eden: 8192K(8192K)->0K(9728K) From: 54656K(71680K)->33280K(68608K)
[2.835s][info][gc,heap        ] GC(74) ParOldGen: 456865K(492032K)->486833K(492032K)
[2.835s][info][gc,metaspace   ] GC(74) Metaspace: 6300K(6464K)->6300K(6464K) NonClass: 5767K(5824K)->5767K(5824K) Class: 533K(640K)->533K(640K)
[2.836s][info][gc             ] GC(74) Pause Young (Allocation Failure) 507M->507M(557M) 28.951ms
[2.836s][info][gc,cpu         ] GC(74) User=0.12s Sys=0.00s Real=0.03s
[2.836s][info][gc,start       ] GC(75) Pause Full (Ergonomics)
[2.836s][info][gc,phases,start] GC(75) Marking Phase
[2.951s][info][gc,phases      ] GC(75) Marking Phase 115.067ms
[2.951s][info][gc,phases,start] GC(75) Summary Phase
[2.951s][info][gc,phases      ] GC(75) Summary Phase 0.021ms
[2.951s][info][gc,phases,start] GC(75) Adjust Roots
[2.951s][info][gc,phases      ] GC(75) Adjust Roots 0.153ms
[2.951s][info][gc,phases,start] GC(75) Compaction Phase
[3.006s][info][gc,phases      ] GC(75) Compaction Phase 54.913ms
[3.006s][info][gc,phases,start] GC(75) Post Compact
[3.009s][info][gc,phases      ] GC(75) Post Compact 2.595ms
[3.009s][info][gc,heap        ] GC(75) PSYoungGen: 33280K(78336K)->27472K(79872K) Eden: 0K(9728K)->0K(11264K) From: 33280K(68608K)->27472K(68608K)
[3.009s][info][gc,heap        ] GC(75) ParOldGen: 486833K(492032K)->491587K(560128K)
[3.009s][info][gc,metaspace   ] GC(75) Metaspace: 6300K(6464K)->6300K(6464K) NonClass: 5767K(5824K)->5767K(5824K) Class: 533K(640K)->533K(640K)
[3.009s][info][gc             ] GC(75) Pause Full (Ergonomics) 507M->506M(625M) 173.316ms
[3.009s][info][gc,cpu         ] GC(75) User=1.16s Sys=0.02s Real=0.17s
[3.021s][info][gc,start       ] GC(76) Pause Young (Allocation Failure)
[3.058s][info][gc,heap        ] GC(76) PSYoungGen: 38736K(79872K)->18112K(83456K) Eden: 11264K(11264K)->0K(11264K) From: 27472K(68608K)->18112K(72192K)
[3.058s][info][gc,heap        ] GC(76) ParOldGen: 491587K(560128K)->512651K(560128K)
[3.058s][info][gc,metaspace   ] GC(76) Metaspace: 6300K(6464K)->6300K(6464K) NonClass: 5767K(5824K)->5767K(5824K) Class: 533K(640K)->533K(640K)
[3.058s][info][gc             ] GC(76) Pause Young (Allocation Failure) 517M->518M(628M) 37.094ms
[3.058s][info][gc,cpu         ] GC(76) User=0.25s Sys=0.02s Real=0.04s
[3.071s][info][gc,start       ] GC(77) Pause Young (Allocation Failure)
[3.087s][info][gc,heap        ] GC(77) PSYoungGen: 29376K(83456K)->22656K(79872K) Eden: 11264K(11264K)->0K(12800K) From: 18112K(72192K)->22656K(67072K)
[3.087s][info][gc,heap        ] GC(77) ParOldGen: 512651K(560128K)->519467K(560128K)
[3.087s][info][gc,metaspace   ] GC(77) Metaspace: 6300K(6464K)->6300K(6464K) NonClass: 5767K(5824K)->5767K(5824K) Class: 533K(640K)->533K(640K)
[3.087s][info][gc             ] GC(77) Pause Young (Allocation Failure) 529M->529M(625M) 16.287ms
[3.087s][info][gc,cpu         ] GC(77) User=0.02s Sys=0.00s Real=0.02s
[3.101s][info][gc,start       ] GC(78) Pause Young (Allocation Failure)
[3.119s][info][gc,heap        ] GC(78) PSYoungGen: 35456K(79872K)->24224K(37376K) Eden: 12800K(12800K)->0K(12800K) From: 22656K(67072K)->24224K(24576K)
[3.120s][info][gc,heap        ] GC(78) ParOldGen: 519467K(560128K)->530883K(560128K)
[3.120s][info][gc,metaspace   ] GC(78) Metaspace: 6300K(6464K)->6300K(6464K) NonClass: 5767K(5824K)->5767K(5824K) Class: 533K(640K)->533K(640K)
[3.120s][info][gc             ] GC(78) Pause Young (Allocation Failure) 541M->542M(583M) 18.527ms
[3.120s][info][gc,cpu         ] GC(78) User=0.12s Sys=0.00s Real=0.02s
[3.134s][info][gc,start       ] GC(79) Pause Young (Allocation Failure)
[3.154s][info][gc,heap        ] GC(79) PSYoungGen: 37024K(37376K)->12928K(80384K) Eden: 12800K(12800K)->0K(14336K) From: 24224K(24576K)->12928K(66048K)
[3.154s][info][gc,heap        ] GC(79) ParOldGen: 530883K(560128K)->555251K(560128K)
[3.154s][info][gc,metaspace   ] GC(79) Metaspace: 6300K(6464K)->6300K(6464K) NonClass: 5767K(5824K)->5767K(5824K) Class: 533K(640K)->533K(640K)
[3.154s][info][gc             ] GC(79) Pause Young (Allocation Failure) 554M->554M(625M) 19.969ms
[3.154s][info][gc,cpu         ] GC(79) User=0.09s Sys=0.03s Real=0.02s
[3.154s][info][gc,start       ] GC(80) Pause Full (Ergonomics)
[3.154s][info][gc,phases,start] GC(80) Marking Phase
[3.280s][info][gc,phases      ] GC(80) Marking Phase 126.155ms
[3.280s][info][gc,phases,start] GC(80) Summary Phase
[3.280s][info][gc,phases      ] GC(80) Summary Phase 0.021ms
[3.280s][info][gc,phases,start] GC(80) Adjust Roots
[3.280s][info][gc,phases      ] GC(80) Adjust Roots 0.166ms
[3.280s][info][gc,phases,start] GC(80) Compaction Phase
[3.332s][info][gc,phases      ] GC(80) Compaction Phase 51.593ms
[3.332s][info][gc,phases,start] GC(80) Post Compact
[3.333s][info][gc,phases      ] GC(80) Post Compact 0.865ms
[3.333s][info][gc,heap        ] GC(80) PSYoungGen: 12928K(80384K)->7146K(80896K) Eden: 0K(14336K)->0K(14848K) From: 12928K(66048K)->7146K(66048K)
[3.333s][info][gc,heap        ] GC(80) ParOldGen: 555251K(560128K)->559919K(635392K)
[3.333s][info][gc,metaspace   ] GC(80) Metaspace: 6300K(6464K)->6300K(6464K) NonClass: 5767K(5824K)->5767K(5824K) Class: 533K(640K)->533K(640K)
[3.333s][info][gc             ] GC(80) Pause Full (Ergonomics) 554M->553M(699M) 179.330ms
[3.333s][info][gc,cpu         ] GC(80) User=1.19s Sys=0.00s Real=0.18s
[3.350s][info][gc,start       ] GC(81) Pause Young (Allocation Failure)
[3.385s][info][gc,heap        ] GC(81) PSYoungGen: 21994K(80896K)->14976K(81408K) Eden: 14848K(14848K)->0K(14848K) From: 7146K(66048K)->14976K(66560K)
[3.385s][info][gc,heap        ] GC(81) ParOldGen: 559919K(635392K)->567191K(635392K)
[3.385s][info][gc,metaspace   ] GC(81) Metaspace: 6300K(6464K)->6300K(6464K) NonClass: 5767K(5824K)->5767K(5824K) Class: 533K(640K)->533K(640K)
[3.385s][info][gc             ] GC(81) Pause Young (Allocation Failure) 568M->568M(700M) 34.578ms
[3.385s][info][gc,cpu         ] GC(81) User=0.14s Sys=0.00s Real=0.03s
[3.401s][info][gc,start       ] GC(82) Pause Young (Allocation Failure)
[3.417s][info][gc,heap        ] GC(82) PSYoungGen: 29824K(81408K)->29824K(75776K) Eden: 14848K(14848K)->0K(16384K) From: 14976K(66560K)->29824K(59392K)
[3.417s][info][gc,heap        ] GC(82) ParOldGen: 567191K(635392K)->567191K(635392K)
[3.417s][info][gc,metaspace   ] GC(82) Metaspace: 6300K(6464K)->6300K(6464K) NonClass: 5767K(5824K)->5767K(5824K) Class: 533K(640K)->533K(640K)
[3.417s][info][gc             ] GC(82) Pause Young (Allocation Failure) 583M->583M(694M) 16.193ms
[3.417s][info][gc,cpu         ] GC(82) User=0.02s Sys=0.00s Real=0.02s
[3.436s][info][gc,start       ] GC(83) Pause Young (Allocation Failure)
[3.461s][info][gc,heap        ] GC(83) PSYoungGen: 46208K(75776K)->31360K(48128K) Eden: 16384K(16384K)->0K(16384K) From: 29824K(59392K)->31360K(31744K)
[3.461s][info][gc,heap        ] GC(83) ParOldGen: 567191K(635392K)->582247K(635392K)
[3.461s][info][gc,metaspace   ] GC(83) Metaspace: 6300K(6464K)->6300K(6464K) NonClass: 5767K(5824K)->5767K(5824K) Class: 533K(640K)->533K(640K)
[3.461s][info][gc             ] GC(83) Pause Young (Allocation Failure) 599M->599M(667M) 24.734ms
[3.461s][info][gc,cpu         ] GC(83) User=0.11s Sys=0.03s Real=0.02s
[3.481s][info][gc,start       ] GC(84) Pause Young (Allocation Failure)
[3.506s][info][gc,heap        ] GC(84) PSYoungGen: 47744K(48128K)->32896K(75264K) Eden: 16384K(16384K)->0K(18432K) From: 31360K(31744K)->32896K(56832K)
[3.506s][info][gc,heap        ] GC(84) ParOldGen: 582247K(635392K)->597295K(635392K)
[3.506s][info][gc,metaspace   ] GC(84) Metaspace: 6300K(6464K)->6300K(6464K) NonClass: 5767K(5824K)->5767K(5824K) Class: 533K(640K)->533K(640K)
[3.506s][info][gc             ] GC(84) Pause Young (Allocation Failure) 615M->615M(694M) 25.413ms
[3.506s][info][gc,cpu         ] GC(84) User=0.12s Sys=0.00s Real=0.03s
[3.529s][info][gc,start       ] GC(85) Pause Young (Allocation Failure)
[3.556s][info][gc,heap        ] GC(85) PSYoungGen: 51328K(75264K)->34976K(76800K) Eden: 18432K(18432K)->0K(18432K) From: 32896K(56832K)->34976K(58368K)
[3.556s][info][gc,heap        ] GC(85) ParOldGen: 597295K(635392K)->613903K(635392K)
[3.556s][info][gc,metaspace   ] GC(85) Metaspace: 6300K(6464K)->6300K(6464K) NonClass: 5767K(5824K)->5767K(5824K) Class: 533K(640K)->533K(640K)
[3.556s][info][gc             ] GC(85) Pause Young (Allocation Failure) 633M->633M(695M) 27.303ms
[3.556s][info][gc,cpu         ] GC(85) User=0.12s Sys=0.00s Real=0.03s
[3.556s][info][gc,start       ] GC(86) Pause Full (Ergonomics)
[3.556s][info][gc,phases,start] GC(86) Marking Phase
[3.697s][info][gc,phases      ] GC(86) Marking Phase 141.151ms
[3.697s][info][gc,phases,start] GC(86) Summary Phase
[3.697s][info][gc,phases      ] GC(86) Summary Phase 0.036ms
[3.697s][info][gc,phases,start] GC(86) Adjust Roots
[3.697s][info][gc,phases      ] GC(86) Adjust Roots 0.191ms
[3.697s][info][gc,phases,start] GC(86) Compaction Phase
[3.762s][info][gc,phases      ] GC(86) Compaction Phase 64.739ms
[3.762s][info][gc,phases,start] GC(86) Post Compact
[3.763s][info][gc,phases      ] GC(86) Post Compact 1.196ms
[3.764s][info][gc,heap        ] GC(86) PSYoungGen: 34976K(76800K)->12785K(76800K) Eden: 0K(18432K)->0K(18432K) From: 34976K(58368K)->12785K(58368K)
[3.764s][info][gc,heap        ] GC(86) ParOldGen: 613903K(635392K)->635017K(712192K)
[3.764s][info][gc,metaspace   ] GC(86) Metaspace: 6300K(6464K)->6300K(6464K) NonClass: 5767K(5824K)->5767K(5824K) Class: 533K(640K)->533K(640K)
[3.764s][info][gc             ] GC(86) Pause Full (Ergonomics) 633M->632M(770M) 208.014ms
[3.764s][info][gc,cpu         ] GC(86) User=1.17s Sys=0.00s Real=0.21s
[3.785s][info][gc,start       ] GC(87) Pause Young (Allocation Failure)
[3.833s][info][gc,heap        ] GC(87) PSYoungGen: 31217K(76800K)->25664K(73728K) Eden: 18432K(18432K)->0K(20480K) From: 12785K(58368K)->25664K(53248K)
[3.833s][info][gc,heap        ] GC(87) ParOldGen: 635017K(712192K)->640833K(712192K)
[3.833s][info][gc,metaspace   ] GC(87) Metaspace: 6300K(6464K)->6300K(6464K) NonClass: 5767K(5824K)->5767K(5824K) Class: 533K(640K)->533K(640K)
[3.833s][info][gc             ] GC(87) Pause Young (Allocation Failure) 650M->650M(767M) 47.792ms
[3.833s][info][gc,cpu         ] GC(87) User=0.16s Sys=0.02s Real=0.05s
[3.859s][info][gc,start       ] GC(88) Pause Young (Allocation Failure)
[3.886s][info][gc,heap        ] GC(88) PSYoungGen: 46144K(73728K)->46176K(76288K) Eden: 20480K(20480K)->0K(20480K) From: 25664K(53248K)->46176K(55808K)
[3.886s][info][gc,heap        ] GC(88) ParOldGen: 640833K(712192K)->640833K(712192K)
[3.886s][info][gc,metaspace   ] GC(88) Metaspace: 6300K(6464K)->6300K(6464K) NonClass: 5767K(5824K)->5767K(5824K) Class: 533K(640K)->533K(640K)
[3.886s][info][gc             ] GC(88) Pause Young (Allocation Failure) 670M->670M(770M) 26.789ms
[3.886s][info][gc,cpu         ] GC(88) User=0.11s Sys=0.00s Real=0.03s
[4.024s][info][gc,start       ] GC(89) Pause Young (Allocation Failure)
[4.077s][info][gc,heap        ] GC(89) PSYoungGen: 66656K(76288K)->59392K(71680K) Eden: 20480K(20480K)->0K(12288K) From: 46176K(55808K)->59392K(59392K)
[4.077s][info][gc,heap        ] GC(89) ParOldGen: 673601K(712192K)->680841K(712192K)
[4.077s][info][gc,metaspace   ] GC(89) Metaspace: 6300K(6464K)->6300K(6464K) NonClass: 5767K(5824K)->5767K(5824K) Class: 533K(640K)->533K(640K)
[4.077s][info][gc             ] GC(89) Pause Young (Allocation Failure) 722M->722M(765M) 53.008ms
[4.077s][info][gc,cpu         ] GC(89) User=0.28s Sys=0.02s Real=0.05s
[4.092s][info][gc,start       ] GC(90) Pause Young (Allocation Failure)
[4.129s][info][gc,heap        ] GC(90) PSYoungGen: 71680K(71680K)->51168K(81920K) Eden: 12288K(12288K)->0K(12288K) From: 59392K(59392K)->51168K(69632K)
[4.130s][info][gc,heap        ] GC(90) ParOldGen: 680841K(712192K)->701713K(712192K)
[4.130s][info][gc,metaspace   ] GC(90) Metaspace: 6300K(6464K)->6300K(6464K) NonClass: 5767K(5824K)->5767K(5824K) Class: 533K(640K)->533K(640K)
[4.130s][info][gc             ] GC(90) Pause Young (Allocation Failure) 734M->735M(775M) 37.209ms
[4.130s][info][gc,cpu         ] GC(90) User=0.19s Sys=0.00s Real=0.04s
[4.130s][info][gc,start       ] GC(91) Pause Full (Ergonomics)
[4.130s][info][gc,phases,start] GC(91) Marking Phase
[4.295s][info][gc,phases      ] GC(91) Marking Phase 165.817ms
[4.296s][info][gc,phases,start] GC(91) Summary Phase
[4.296s][info][gc,phases      ] GC(91) Summary Phase 0.023ms
[4.296s][info][gc,phases,start] GC(91) Adjust Roots
[4.296s][info][gc,phases      ] GC(91) Adjust Roots 0.159ms
[4.296s][info][gc,phases,start] GC(91) Compaction Phase
[4.426s][info][gc,phases      ] GC(91) Compaction Phase 130.493ms
[4.426s][info][gc,phases,start] GC(91) Post Compact
[4.428s][info][gc,phases      ] GC(91) Post Compact 1.530ms
[4.428s][info][gc,heap        ] GC(91) PSYoungGen: 51168K(81920K)->23865K(81920K) Eden: 0K(12288K)->0K(12288K) From: 51168K(69632K)->23865K(69632K)
[4.428s][info][gc,heap        ] GC(91) ParOldGen: 701713K(712192K)->711875K(793600K)
[4.428s][info][gc,metaspace   ] GC(91) Metaspace: 6300K(6464K)->6300K(6464K) NonClass: 5767K(5824K)->5767K(5824K) Class: 533K(640K)->533K(640K)
[4.428s][info][gc             ] GC(91) Pause Full (Ergonomics) 735M->718M(855M) 298.623ms
[4.428s][info][gc,cpu         ] GC(91) User=1.73s Sys=0.02s Real=0.30s
[4.443s][info][gc,start       ] GC(92) Pause Young (Allocation Failure)
[4.488s][info][gc,heap        ] GC(92) PSYoungGen: 36153K(81920K)->27264K(81920K) Eden: 12288K(12288K)->0K(13824K) From: 23865K(69632K)->27264K(68096K)
[4.488s][info][gc,heap        ] GC(92) ParOldGen: 711875K(793600K)->721083K(793600K)
[4.488s][info][gc,metaspace   ] GC(92) Metaspace: 6300K(6464K)->6300K(6464K) NonClass: 5767K(5824K)->5767K(5824K) Class: 533K(640K)->533K(640K)
[4.488s][info][gc             ] GC(92) Pause Young (Allocation Failure) 730M->730M(855M) 44.710ms
[4.488s][info][gc,cpu         ] GC(92) User=0.19s Sys=0.00s Real=0.04s
[4.502s][info][gc,start       ] GC(93) Pause Young (Allocation Failure)
[4.525s][info][gc,heap        ] GC(93) PSYoungGen: 41088K(81920K)->41120K(83968K) Eden: 13824K(13824K)->0K(13824K) From: 27264K(68096K)->41120K(70144K)
[4.525s][info][gc,heap        ] GC(93) ParOldGen: 721083K(793600K)->721083K(793600K)
[4.525s][info][gc,metaspace   ] GC(93) Metaspace: 6300K(6464K)->6300K(6464K) NonClass: 5767K(5824K)->5767K(5824K) Class: 533K(640K)->533K(640K)
[4.525s][info][gc             ] GC(93) Pause Young (Allocation Failure) 744M->744M(857M) 22.774ms
[4.525s][info][gc,cpu         ] GC(93) User=0.12s Sys=0.00s Real=0.02s
[4.541s][info][gc,start       ] GC(94) Pause Young (Allocation Failure)
[4.570s][info][gc,heap        ] GC(94) PSYoungGen: 54944K(83968K)->47392K(83456K) Eden: 13824K(13824K)->0K(14336K) From: 41120K(70144K)->47392K(69120K)
[4.570s][info][gc,heap        ] GC(94) ParOldGen: 721083K(793600K)->728731K(793600K)
[4.570s][info][gc,metaspace   ] GC(94) Metaspace: 6300K(6464K)->6300K(6464K) NonClass: 5767K(5824K)->5767K(5824K) Class: 533K(640K)->533K(640K)
[4.570s][info][gc             ] GC(94) Pause Young (Allocation Failure) 757M->757M(856M) 28.880ms
[4.570s][info][gc,cpu         ] GC(94) User=0.11s Sys=0.00s Real=0.03s
[4.586s][info][gc,start       ] GC(95) Pause Young (Allocation Failure)
[4.622s][info][gc,heap        ] GC(95) PSYoungGen: 61728K(83456K)->54432K(84480K) Eden: 14336K(14336K)->0K(14336K) From: 47392K(69120K)->54432K(70144K)
[4.622s][info][gc,heap        ] GC(95) ParOldGen: 728731K(793600K)->736179K(793600K)
[4.622s][info][gc,metaspace   ] GC(95) Metaspace: 6300K(6464K)->6300K(6464K) NonClass: 5767K(5824K)->5767K(5824K) Class: 533K(640K)->533K(640K)
[4.622s][info][gc             ] GC(95) Pause Young (Allocation Failure) 771M->772M(857M) 35.937ms
[4.622s][info][gc,cpu         ] GC(95) User=0.05s Sys=0.00s Real=0.04s
[4.641s][info][gc,start       ] GC(96) Pause Young (Allocation Failure)
[4.685s][info][gc,heap        ] GC(96) PSYoungGen: 68768K(84480K)->42592K(85504K) Eden: 14336K(14336K)->0K(16384K) From: 54432K(70144K)->42592K(69120K)
[4.685s][info][gc,heap        ] GC(96) ParOldGen: 736179K(793600K)->762627K(793600K)
[4.685s][info][gc,metaspace   ] GC(96) Metaspace: 6300K(6464K)->6300K(6464K) NonClass: 5767K(5824K)->5767K(5824K) Class: 533K(640K)->533K(640K)
[4.685s][info][gc             ] GC(96) Pause Young (Allocation Failure) 786M->786M(858M) 43.878ms
[4.685s][info][gc,cpu         ] GC(96) User=0.14s Sys=0.03s Real=0.04s
[4.703s][info][gc,start       ] GC(97) Pause Young (Allocation Failure)
[4.737s][info][gc,heap        ] GC(97) PSYoungGen: 58976K(85504K)->30912K(87552K) Eden: 16384K(16384K)->0K(16384K) From: 42592K(69120K)->30912K(71168K)
[4.737s][info][gc,heap        ] GC(97) ParOldGen: 762627K(793600K)->791155K(793600K)
[4.737s][info][gc,metaspace   ] GC(97) Metaspace: 6300K(6464K)->6300K(6464K) NonClass: 5767K(5824K)->5767K(5824K) Class: 533K(640K)->533K(640K)
[4.737s][info][gc             ] GC(97) Pause Young (Allocation Failure) 802M->802M(860M) 34.034ms
[4.737s][info][gc,cpu         ] GC(97) User=0.20s Sys=0.02s Real=0.03s
[4.737s][info][gc,start       ] GC(98) Pause Full (Ergonomics)
[4.737s][info][gc,phases,start] GC(98) Marking Phase
[4.934s][info][gc,phases      ] GC(98) Marking Phase 196.938ms
[4.934s][info][gc,phases,start] GC(98) Summary Phase
[4.934s][info][gc,phases      ] GC(98) Summary Phase 0.023ms
[4.934s][info][gc,phases,start] GC(98) Adjust Roots
[4.934s][info][gc,phases      ] GC(98) Adjust Roots 0.163ms
[4.934s][info][gc,phases,start] GC(98) Compaction Phase
[5.027s][info][gc,phases      ] GC(98) Compaction Phase 92.517ms
[5.027s][info][gc,phases,start] GC(98) Post Compact
[5.029s][info][gc,phases      ] GC(98) Post Compact 1.446ms
[5.029s][info][gc,heap        ] GC(98) PSYoungGen: 30912K(87552K)->27082K(87552K) Eden: 0K(16384K)->0K(16384K) From: 30912K(71168K)->27082K(71168K)
[5.029s][info][gc,heap        ] GC(98) ParOldGen: 791155K(793600K)->793468K(885760K)
[5.029s][info][gc,metaspace   ] GC(98) Metaspace: 6300K(6464K)->6300K(6464K) NonClass: 5767K(5824K)->5767K(5824K) Class: 533K(640K)->533K(640K)
[5.029s][info][gc             ] GC(98) Pause Full (Ergonomics) 802M->801M(950M) 291.776ms
[5.029s][info][gc,cpu         ] GC(98) User=1.88s Sys=0.03s Real=0.29s
[5.047s][info][gc,start       ] GC(99) Pause Young (Allocation Failure)
[5.101s][info][gc,heap        ] GC(99) PSYoungGen: 43466K(87552K)->16512K(88064K) Eden: 16384K(16384K)->0K(18432K) From: 27082K(71168K)->16512K(69632K)
[5.101s][info][gc,heap        ] GC(99) ParOldGen: 793468K(885760K)->820940K(885760K)
[5.101s][info][gc,metaspace   ] GC(99) Metaspace: 6300K(6464K)->6300K(6464K) NonClass: 5767K(5824K)->5767K(5824K) Class: 533K(640K)->533K(640K)
[5.101s][info][gc             ] GC(99) Pause Young (Allocation Failure) 817M->817M(951M) 53.943ms
[5.101s][info][gc,cpu         ] GC(99) User=0.36s Sys=0.02s Real=0.05s
[5.122s][info][gc,start       ] GC(100) Pause Young (Allocation Failure)
[5.143s][info][gc,heap        ] GC(100) PSYoungGen: 34944K(88064K)->18560K(88576K) Eden: 18432K(18432K)->0K(18432K) From: 16512K(69632K)->18560K(70144K)
[5.143s][info][gc,heap        ] GC(100) ParOldGen: 820940K(885760K)->837548K(885760K)
[5.143s][info][gc,metaspace   ] GC(100) Metaspace: 6300K(6464K)->6300K(6464K) NonClass: 5767K(5824K)->5767K(5824K) Class: 533K(640K)->533K(640K)
[5.143s][info][gc             ] GC(100) Pause Young (Allocation Failure) 835M->836M(951M) 21.618ms
[5.143s][info][gc,cpu         ] GC(100) User=0.06s Sys=0.02s Real=0.02s
[5.164s][info][gc,start       ] GC(101) Pause Young (Allocation Failure)
[5.185s][info][gc,heap        ] GC(101) PSYoungGen: 36992K(88576K)->18560K(88576K) Eden: 18432K(18432K)->0K(20992K) From: 18560K(70144K)->18560K(67584K)
[5.185s][info][gc,heap        ] GC(101) ParOldGen: 837548K(885760K)->856228K(885760K)
[5.185s][info][gc,metaspace   ] GC(101) Metaspace: 6300K(6464K)->6300K(6464K) NonClass: 5767K(5824K)->5767K(5824K) Class: 533K(640K)->533K(640K)
[5.185s][info][gc             ] GC(101) Pause Young (Allocation Failure) 854M->854M(951M) 21.745ms
[5.185s][info][gc,cpu         ] GC(101) User=0.09s Sys=0.03s Real=0.02s
[5.185s][info][gc,start       ] GC(102) Pause Full (Ergonomics)
[5.185s][info][gc,phases,start] GC(102) Marking Phase
[5.382s][info][gc,phases      ] GC(102) Marking Phase 196.950ms
[5.382s][info][gc,phases,start] GC(102) Summary Phase
[5.382s][info][gc,phases      ] GC(102) Summary Phase 0.028ms
[5.382s][info][gc,phases,start] GC(102) Adjust Roots
[5.383s][info][gc,phases      ] GC(102) Adjust Roots 0.157ms
[5.383s][info][gc,phases,start] GC(102) Compaction Phase
[5.466s][info][gc,phases      ] GC(102) Compaction Phase 83.524ms
[5.466s][info][gc,phases,start] GC(102) Post Compact
[5.468s][info][gc,phases      ] GC(102) Post Compact 1.480ms
[5.468s][info][gc,heap        ] GC(102) PSYoungGen: 18560K(88576K)->0K(89600K) Eden: 0K(20992K)->0K(20992K) From: 18560K(67584K)->0K(68608K)
[5.468s][info][gc,heap        ] GC(102) ParOldGen: 856228K(885760K)->873706K(974336K)
[5.468s][info][gc,metaspace   ] GC(102) Metaspace: 6300K(6464K)->6300K(6464K) NonClass: 5767K(5824K)->5767K(5824K) Class: 533K(640K)->533K(640K)
[5.468s][info][gc             ] GC(102) Pause Full (Ergonomics) 854M->853M(1039M) 282.740ms
[5.468s][info][gc,cpu         ] GC(102) User=1.94s Sys=0.00s Real=0.28s
[5.494s][info][gc,start       ] GC(103) Pause Young (Allocation Failure)
[5.509s][info][gc,heap        ] GC(103) PSYoungGen: 20992K(89600K)->21120K(88064K) Eden: 20992K(20992K)->0K(23040K) From: 0K(68608K)->21120K(65024K)
[5.509s][info][gc,heap        ] GC(103) ParOldGen: 873706K(974336K)->873706K(974336K)
[5.509s][info][gc,metaspace   ] GC(103) Metaspace: 6300K(6464K)->6300K(6464K) NonClass: 5767K(5824K)->5767K(5824K) Class: 533K(640K)->533K(640K)
[5.509s][info][gc             ] GC(103) Pause Young (Allocation Failure) 873M->873M(1037M) 15.302ms
[5.509s][info][gc,cpu         ] GC(103) User=0.02s Sys=0.00s Real=0.02s
[5.534s][info][gc,start       ] GC(104) Pause Young (Allocation Failure)
[5.558s][info][gc,heap        ] GC(104) PSYoungGen: 44160K(88064K)->44224K(90112K) Eden: 23040K(23040K)->0K(23040K) From: 21120K(65024K)->44224K(67072K)
[5.558s][info][gc,heap        ] GC(104) ParOldGen: 873706K(974336K)->873706K(974336K)
[5.558s][info][gc,metaspace   ] GC(104) Metaspace: 6300K(6464K)->6300K(6464K) NonClass: 5767K(5824K)->5767K(5824K) Class: 533K(640K)->533K(640K)
[5.558s][info][gc             ] GC(104) Pause Young (Allocation Failure) 896M->896M(1039M) 23.508ms
[5.558s][info][gc,cpu         ] GC(104) User=0.14s Sys=0.00s Real=0.02s
[5.583s][info][gc,start       ] GC(105) Pause Young (Allocation Failure)
[5.617s][info][gc,heap        ] GC(105) PSYoungGen: 67264K(90112K)->67264K(84992K) Eden: 23040K(23040K)->0K(16384K) From: 44224K(67072K)->67264K(68608K)
[5.617s][info][gc,heap        ] GC(105) ParOldGen: 873706K(974336K)->873706K(974336K)
[5.617s][info][gc,metaspace   ] GC(105) Metaspace: 6300K(6464K)->6300K(6464K) NonClass: 5767K(5824K)->5767K(5824K) Class: 533K(640K)->533K(640K)
[5.617s][info][gc             ] GC(105) Pause Young (Allocation Failure) 918M->918M(1034M) 33.880ms
[5.617s][info][gc,cpu         ] GC(105) User=0.16s Sys=0.00s Real=0.03s
[5.635s][info][gc,start       ] GC(106) Pause Young (Allocation Failure)
[5.674s][info][gc,heap        ] GC(106) PSYoungGen: 83648K(84992K)->77312K(93696K) Eden: 16384K(16384K)->0K(16384K) From: 67264K(68608K)->77312K(77312K)
[5.674s][info][gc,heap        ] GC(106) ParOldGen: 873706K(974336K)->880002K(974336K)
[5.674s][info][gc,metaspace   ] GC(106) Metaspace: 6300K(6464K)->6300K(6464K) NonClass: 5767K(5824K)->5767K(5824K) Class: 533K(640K)->533K(640K)
[5.674s][info][gc             ] GC(106) Pause Young (Allocation Failure) 934M->934M(1043M) 38.993ms
[5.674s][info][gc,cpu         ] GC(106) User=0.25s Sys=0.00s Real=0.04s
[5.694s][info][gc,start       ] GC(107) Pause Young (Allocation Failure)
[5.740s][info][gc,heap        ] GC(107) PSYoungGen: 93696K(93696K)->53216K(108544K) Eden: 16384K(16384K)->0K(18432K) From: 77312K(77312K)->53216K(90112K)
[5.740s][info][gc,heap        ] GC(107) ParOldGen: 880002K(974336K)->921162K(974336K)
[5.740s][info][gc,metaspace   ] GC(107) Metaspace: 6300K(6464K)->6300K(6464K) NonClass: 5767K(5824K)->5767K(5824K) Class: 533K(640K)->533K(640K)
[5.740s][info][gc             ] GC(107) Pause Young (Allocation Failure) 950M->951M(1057M) 46.170ms
[5.740s][info][gc,cpu         ] GC(107) User=0.30s Sys=0.05s Real=0.05s
[5.760s][info][gc,start       ] GC(108) Pause Young (Allocation Failure)
[5.796s][info][gc,heap        ] GC(108) PSYoungGen: 71648K(108544K)->50976K(109056K) Eden: 18432K(18432K)->0K(18432K) From: 53216K(90112K)->50976K(90624K)
[5.796s][info][gc,heap        ] GC(108) ParOldGen: 921162K(974336K)->942082K(974336K)
[5.796s][info][gc,metaspace   ] GC(108) Metaspace: 6300K(6464K)->6300K(6464K) NonClass: 5767K(5824K)->5767K(5824K) Class: 533K(640K)->533K(640K)
[5.796s][info][gc             ] GC(108) Pause Young (Allocation Failure) 969M->969M(1058M) 35.644ms
[5.796s][info][gc,cpu         ] GC(108) User=0.25s Sys=0.00s Real=0.04s
[5.796s][info][gc,start       ] GC(109) Pause Full (Ergonomics)
[5.796s][info][gc,phases,start] GC(109) Marking Phase
[6.014s][info][gc,phases      ] GC(109) Marking Phase 217.557ms
[6.014s][info][gc,phases,start] GC(109) Summary Phase
[6.014s][info][gc,phases      ] GC(109) Summary Phase 0.046ms
[6.014s][info][gc,phases,start] GC(109) Adjust Roots
[6.014s][info][gc,phases      ] GC(109) Adjust Roots 0.232ms
[6.014s][info][gc,phases,start] GC(109) Compaction Phase
[6.099s][info][gc,phases      ] GC(109) Compaction Phase 85.002ms
[6.099s][info][gc,phases,start] GC(109) Post Compact
[6.101s][info][gc,phases      ] GC(109) Post Compact 2.063ms
[6.102s][info][gc,heap        ] GC(109) PSYoungGen: 50976K(109056K)->17502K(109056K) Eden: 0K(18432K)->0K(18432K) From: 50976K(90624K)->17502K(90624K)
[6.102s][info][gc,heap        ] GC(109) ParOldGen: 942082K(974336K)->974288K(1086464K)
[6.102s][info][gc,metaspace   ] GC(109) Metaspace: 6300K(6464K)->6300K(6464K) NonClass: 5767K(5824K)->5767K(5824K) Class: 533K(640K)->533K(640K)
[6.102s][info][gc             ] GC(109) Pause Full (Ergonomics) 969M->968M(1167M) 305.680ms
[6.102s][info][gc,cpu         ] GC(109) User=2.12s Sys=0.00s Real=0.31s
[6.123s][info][gc,start       ] GC(110) Pause Young (Allocation Failure)
[6.180s][info][gc,heap        ] GC(110) PSYoungGen: 35934K(109056K)->31328K(103936K) Eden: 18432K(18432K)->0K(20480K) From: 17502K(90624K)->31328K(83456K)
[6.180s][info][gc,heap        ] GC(110) ParOldGen: 974288K(1086464K)->979120K(1086464K)
[6.180s][info][gc,metaspace   ] GC(110) Metaspace: 6300K(6464K)->6300K(6464K) NonClass: 5767K(5824K)->5767K(5824K) Class: 533K(640K)->533K(640K)
[6.180s][info][gc             ] GC(110) Pause Young (Allocation Failure) 986M->986M(1162M) 56.806ms
[6.180s][info][gc,cpu         ] GC(110) User=0.34s Sys=0.03s Real=0.06s
[6.202s][info][gc,start       ] GC(111) Pause Young (Allocation Failure)
[6.230s][info][gc,heap        ] GC(111) PSYoungGen: 51808K(103936K)->44480K(65024K) Eden: 20480K(20480K)->0K(20480K) From: 31328K(83456K)->44480K(44544K)
[6.230s][info][gc,heap        ] GC(111) ParOldGen: 979120K(1086464K)->986536K(1086464K)
[6.230s][info][gc,metaspace   ] GC(111) Metaspace: 6300K(6464K)->6300K(6464K) NonClass: 5767K(5824K)->5767K(5824K) Class: 533K(640K)->533K(640K)
[6.230s][info][gc             ] GC(111) Pause Young (Allocation Failure) 1006M->1006M(1124M) 27.646ms
[6.230s][info][gc,cpu         ] GC(111) User=0.14s Sys=0.00s Real=0.03s
[6.254s][info][gc,start       ] GC(112) Pause Young (Allocation Failure)
[6.286s][info][gc,heap        ] GC(112) PSYoungGen: 64960K(65024K)->59584K(102912K) Eden: 20480K(20480K)->0K(19968K) From: 44480K(44544K)->59584K(82944K)
[6.286s][info][gc,heap        ] GC(112) ParOldGen: 986536K(1086464K)->992088K(1086464K)
[6.286s][info][gc,metaspace   ] GC(112) Metaspace: 6300K(6464K)->6300K(6464K) NonClass: 5767K(5824K)->5767K(5824K) Class: 533K(640K)->533K(640K)
[6.286s][info][gc             ] GC(112) Pause Young (Allocation Failure) 1026M->1027M(1161M) 32.630ms
[6.286s][info][gc,cpu         ] GC(112) User=0.14s Sys=0.00s Real=0.03s
[6.309s][info][gc,start       ] GC(113) Pause Young (Allocation Failure)
[6.348s][info][gc,heap        ] GC(113) PSYoungGen: 79552K(102912K)->61088K(105472K) Eden: 19968K(19968K)->0K(19968K) From: 59584K(82944K)->61088K(85504K)
[6.348s][info][gc,heap        ] GC(113) ParOldGen: 992088K(1086464K)->1010768K(1086464K)
[6.349s][info][gc,metaspace   ] GC(113) Metaspace: 6300K(6464K)->6300K(6464K) NonClass: 5767K(5824K)->5767K(5824K) Class: 533K(640K)->533K(640K)
[6.349s][info][gc             ] GC(113) Pause Young (Allocation Failure) 1046M->1046M(1164M) 39.509ms
[6.349s][info][gc,cpu         ] GC(113) User=0.25s Sys=0.00s Real=0.04s
[6.372s][info][gc,start       ] GC(114) Pause Young (Allocation Failure)
[6.412s][info][gc,heap        ] GC(114) PSYoungGen: 81056K(105472K)->60576K(108544K) Eden: 19968K(19968K)->0K(20992K) From: 61088K(85504K)->60576K(87552K)
[6.412s][info][gc,heap        ] GC(114) ParOldGen: 1010768K(1086464K)->1031536K(1086464K)
[6.412s][info][gc,metaspace   ] GC(114) Metaspace: 6300K(6464K)->6300K(6464K) NonClass: 5767K(5824K)->5767K(5824K) Class: 533K(640K)->533K(640K)
[6.412s][info][gc             ] GC(114) Pause Young (Allocation Failure) 1066M->1066M(1167M) 40.327ms
[6.412s][info][gc,cpu         ] GC(114) User=0.25s Sys=0.00s Real=0.04s
[6.438s][info][gc,start       ] GC(115) Pause Young (Allocation Failure)
[6.478s][info][gc,heap        ] GC(115) PSYoungGen: 81568K(108544K)->61120K(110080K) Eden: 20992K(20992K)->0K(20992K) From: 60576K(87552K)->61120K(89088K)
[6.478s][info][gc,heap        ] GC(115) ParOldGen: 1031536K(1086464K)->1052296K(1086464K)
[6.478s][info][gc,metaspace   ] GC(115) Metaspace: 6300K(6464K)->6300K(6464K) NonClass: 5767K(5824K)->5767K(5824K) Class: 533K(640K)->533K(640K)
[6.478s][info][gc             ] GC(115) Pause Young (Allocation Failure) 1087M->1087M(1168M) 40.809ms
[6.478s][info][gc,cpu         ] GC(115) User=0.27s Sys=0.00s Real=0.04s
[6.479s][info][gc,start       ] GC(116) Pause Full (Ergonomics)
[6.479s][info][gc,phases,start] GC(116) Marking Phase
[6.718s][info][gc,phases      ] GC(116) Marking Phase 239.767ms
[6.718s][info][gc,phases,start] GC(116) Summary Phase
[6.718s][info][gc,phases      ] GC(116) Summary Phase 0.035ms
[6.718s][info][gc,phases,start] GC(116) Adjust Roots
[6.719s][info][gc,phases      ] GC(116) Adjust Roots 0.195ms
[6.719s][info][gc,phases,start] GC(116) Compaction Phase
[6.829s][info][gc,phases      ] GC(116) Compaction Phase 109.897ms
[6.829s][info][gc,phases,start] GC(116) Post Compact
[6.831s][info][gc,phases      ] GC(116) Post Compact 2.422ms
[6.832s][info][gc,heap        ] GC(116) PSYoungGen: 61120K(110080K)->25579K(110080K) Eden: 0K(20992K)->0K(20992K) From: 61120K(89088K)->25579K(89088K)
[6.832s][info][gc,heap        ] GC(116) ParOldGen: 1052296K(1086464K)->1086341K(1203712K)
[6.832s][info][gc,metaspace   ] GC(116) Metaspace: 6300K(6464K)->6300K(6464K) NonClass: 5767K(5824K)->5767K(5824K) Class: 533K(640K)->533K(640K)
[6.832s][info][gc             ] GC(116) Pause Full (Ergonomics) 1087M->1085M(1283M) 353.113ms
[6.832s][info][gc,cpu         ] GC(116) User=2.41s Sys=0.03s Real=0.35s
[6.858s][info][gc,start       ] GC(117) Pause Young (Allocation Failure)
[6.928s][info][gc,heap        ] GC(117) PSYoungGen: 46571K(110080K)->27744K(111104K) Eden: 20992K(20992K)->0K(23552K) From: 25579K(89088K)->27744K(87552K)
[6.928s][info][gc,heap        ] GC(117) ParOldGen: 1086341K(1203712K)->1105573K(1203712K)
[6.928s][info][gc,metaspace   ] GC(117) Metaspace: 6300K(6464K)->6300K(6464K) NonClass: 5767K(5824K)->5767K(5824K) Class: 533K(640K)->533K(640K)
[6.928s][info][gc             ] GC(117) Pause Young (Allocation Failure) 1106M->1106M(1284M) 69.647ms
[6.928s][info][gc,cpu         ] GC(117) User=0.34s Sys=0.03s Real=0.07s
[6.957s][info][gc,start       ] GC(118) Pause Young (Allocation Failure)
[6.986s][info][gc,heap        ] GC(118) PSYoungGen: 51296K(111104K)->44704K(68608K) Eden: 23552K(23552K)->0K(23552K) From: 27744K(87552K)->44704K(45056K)
[6.986s][info][gc,heap        ] GC(118) ParOldGen: 1105573K(1203712K)->1112293K(1203712K)
[6.986s][info][gc,metaspace   ] GC(118) Metaspace: 6300K(6464K)->6300K(6464K) NonClass: 5767K(5824K)->5767K(5824K) Class: 533K(640K)->533K(640K)
[6.986s][info][gc             ] GC(118) Pause Young (Allocation Failure) 1129M->1129M(1242M) 29.075ms
[6.986s][info][gc,cpu         ] GC(118) User=0.14s Sys=0.00s Real=0.03s
[7.013s][info][gc,start       ] GC(119) Pause Young (Allocation Failure)
[7.049s][info][gc,heap        ] GC(119) PSYoungGen: 68256K(68608K)->47264K(104448K) Eden: 23552K(23552K)->0K(26112K) From: 44704K(45056K)->47264K(78336K)
[7.049s][info][gc,heap        ] GC(119) ParOldGen: 1112293K(1203712K)->1133573K(1203712K)
[7.049s][info][gc,metaspace   ] GC(119) Metaspace: 6300K(6464K)->6300K(6464K) NonClass: 5767K(5824K)->5767K(5824K) Class: 533K(640K)->533K(640K)
[7.049s][info][gc             ] GC(119) Pause Young (Allocation Failure) 1152M->1153M(1277M) 36.242ms
[7.049s][info][gc,cpu         ] GC(119) User=0.22s Sys=0.03s Real=0.04s
[7.081s][info][gc,start       ] GC(120) Pause Young (Allocation Failure)
[7.120s][info][gc,heap        ] GC(120) PSYoungGen: 73376K(104448K)->49824K(108032K) Eden: 26112K(26112K)->0K(26112K) From: 47264K(78336K)->49824K(81920K)
[7.120s][info][gc,heap        ] GC(120) ParOldGen: 1133573K(1203712K)->1157469K(1203712K)
[7.120s][info][gc,metaspace   ] GC(120) Metaspace: 6300K(6464K)->6300K(6464K) NonClass: 5767K(5824K)->5767K(5824K) Class: 533K(640K)->533K(640K)
[7.120s][info][gc             ] GC(120) Pause Young (Allocation Failure) 1178M->1178M(1281M) 39.506ms
[7.120s][info][gc,cpu         ] GC(120) User=0.23s Sys=0.02s Real=0.04s
[7.152s][info][gc,start       ] GC(121) Pause Young (Allocation Failure)
[7.192s][info][gc,heap        ] GC(121) PSYoungGen: 75936K(108032K)->52448K(106496K) Eden: 26112K(26112K)->0K(29184K) From: 49824K(81920K)->52448K(77312K)
[7.192s][info][gc,heap        ] GC(121) ParOldGen: 1157469K(1203712K)->1181349K(1203712K)
[7.192s][info][gc,metaspace   ] GC(121) Metaspace: 6300K(6464K)->6300K(6464K) NonClass: 5767K(5824K)->5767K(5824K) Class: 533K(640K)->533K(640K)
[7.192s][info][gc             ] GC(121) Pause Young (Allocation Failure) 1204M->1204M(1279M) 40.404ms
[7.192s][info][gc,cpu         ] GC(121) User=0.23s Sys=0.02s Real=0.04s
[7.192s][info][gc,start       ] GC(122) Pause Full (Ergonomics)
[7.192s][info][gc,phases,start] GC(122) Marking Phase
[7.470s][info][gc,phases      ] GC(122) Marking Phase 278.156ms
[7.470s][info][gc,phases,start] GC(122) Summary Phase
[7.470s][info][gc,phases      ] GC(122) Summary Phase 0.028ms
[7.470s][info][gc,phases,start] GC(122) Adjust Roots
[7.470s][info][gc,phases      ] GC(122) Adjust Roots 0.170ms
[7.471s][info][gc,phases,start] GC(122) Compaction Phase
[7.585s][info][gc,phases      ] GC(122) Compaction Phase 114.245ms
[7.585s][info][gc,phases,start] GC(122) Post Compact
[7.587s][info][gc,phases      ] GC(122) Post Compact 2.278ms
[7.588s][info][gc,heap        ] GC(122) PSYoungGen: 52448K(106496K)->28654K(107520K) Eden: 0K(29184K)->0K(30208K) From: 52448K(77312K)->28654K(77312K)
[7.588s][info][gc,heap        ] GC(122) ParOldGen: 1181349K(1203712K)->1203427K(1331200K)
[7.588s][info][gc,metaspace   ] GC(122) Metaspace: 6300K(6464K)->6300K(6464K) NonClass: 5767K(5824K)->5767K(5824K) Class: 533K(640K)->533K(640K)
[7.588s][info][gc             ] GC(122) Pause Full (Ergonomics) 1204M->1203M(1405M) 395.680ms
[7.588s][info][gc,cpu         ] GC(122) User=2.86s Sys=0.00s Real=0.40s
[7.626s][info][gc,start       ] GC(123) Pause Young (Allocation Failure)
[7.704s][info][gc,heap        ] GC(123) PSYoungGen: 58862K(107520K)->44224K(108544K) Eden: 30208K(30208K)->0K(30208K) From: 28654K(77312K)->44224K(78336K)
[7.705s][info][gc,heap        ] GC(123) ParOldGen: 1203427K(1331200K)->1218515K(1331200K)
[7.705s][info][gc,metaspace   ] GC(123) Metaspace: 6300K(6464K)->6300K(6464K) NonClass: 5767K(5824K)->5767K(5824K) Class: 533K(640K)->533K(640K)
[7.705s][info][gc             ] GC(123) Pause Young (Allocation Failure) 1232M->1233M(1406M) 78.802ms
[7.705s][info][gc,cpu         ] GC(123) User=0.50s Sys=0.00s Real=0.08s
[7.742s][info][gc,start       ] GC(124) Pause Young (Allocation Failure)
[7.782s][info][gc,heap        ] GC(124) PSYoungGen: 74432K(108544K)->74464K(101888K) Eden: 30208K(30208K)->0K(26112K) From: 44224K(78336K)->74464K(75776K)
[7.782s][info][gc,heap        ] GC(124) ParOldGen: 1218515K(1331200K)->1218515K(1331200K)
[7.782s][info][gc,metaspace   ] GC(124) Metaspace: 6300K(6464K)->6300K(6464K) NonClass: 5767K(5824K)->5767K(5824K) Class: 533K(640K)->533K(640K)
[7.782s][info][gc             ] GC(124) Pause Young (Allocation Failure) 1262M->1262M(1399M) 40.073ms
[7.782s][info][gc,cpu         ] GC(124) User=0.22s Sys=0.03s Real=0.04s
[7.811s][info][gc,start       ] GC(125) Pause Young (Allocation Failure)
[7.861s][info][gc,heap        ] GC(125) PSYoungGen: 100576K(101888K)->82944K(109056K) Eden: 26112K(26112K)->0K(26112K) From: 74464K(75776K)->82944K(82944K)
[7.861s][info][gc,heap        ] GC(125) ParOldGen: 1218515K(1331200K)->1227787K(1331200K)
[7.861s][info][gc,metaspace   ] GC(125) Metaspace: 6300K(6464K)->6300K(6464K) NonClass: 5767K(5824K)->5767K(5824K) Class: 533K(640K)->533K(640K)
[7.861s][info][gc             ] GC(125) Pause Young (Allocation Failure) 1288M->1280M(1406M) 50.119ms
[7.861s][info][gc,cpu         ] GC(125) User=0.28s Sys=0.00s Real=0.05s
[7.884s][info][gc,start       ] GC(126) Pause Young (Allocation Failure)
[7.939s][info][gc,heap        ] GC(126) PSYoungGen: 109056K(109056K)->60640K(121856K) Eden: 26112K(26112K)->0K(29696K) From: 82944K(82944K)->60640K(92160K)
[7.939s][info][gc,heap        ] GC(126) ParOldGen: 1227787K(1331200K)->1266859K(1331200K)
[7.939s][info][gc,metaspace   ] GC(126) Metaspace: 6300K(6464K)->6300K(6464K) NonClass: 5767K(5824K)->5767K(5824K) Class: 533K(640K)->533K(640K)
[7.939s][info][gc             ] GC(126) Pause Young (Allocation Failure) 1305M->1296M(1419M) 55.526ms
[7.939s][info][gc,cpu         ] GC(126) User=0.36s Sys=0.02s Real=0.06s
[7.978s][info][gc,start       ] GC(127) Pause Young (Allocation Failure)
[8.027s][info][gc,heap        ] GC(127) PSYoungGen: 90336K(121856K)->61600K(123392K) Eden: 29696K(29696K)->0K(29696K) From: 60640K(92160K)->61600K(93696K)
[8.027s][info][gc,heap        ] GC(127) ParOldGen: 1266859K(1331200K)->1295955K(1331200K)
[8.027s][info][gc,metaspace   ] GC(127) Metaspace: 6300K(6464K)->6300K(6464K) NonClass: 5767K(5824K)->5767K(5824K) Class: 533K(640K)->533K(640K)
[8.027s][info][gc             ] GC(127) Pause Young (Allocation Failure) 1325M->1325M(1420M) 49.282ms
[8.027s][info][gc,cpu         ] GC(127) User=0.28s Sys=0.00s Real=0.05s
[8.027s][info][gc,start       ] GC(128) Pause Full (Ergonomics)
[8.027s][info][gc,phases,start] GC(128) Marking Phase
[8.335s][info][gc,phases      ] GC(128) Marking Phase 307.519ms
[8.335s][info][gc,phases,start] GC(128) Summary Phase
[8.335s][info][gc,phases      ] GC(128) Summary Phase 0.036ms
[8.335s][info][gc,phases,start] GC(128) Adjust Roots
[8.335s][info][gc,phases      ] GC(128) Adjust Roots 0.236ms
[8.335s][info][gc,phases,start] GC(128) Compaction Phase
[8.704s][info][gc,phases      ] GC(128) Compaction Phase 368.501ms
[8.704s][info][gc,phases,start] GC(128) Post Compact
[8.707s][info][gc,phases      ] GC(128) Post Compact 2.752ms
[8.707s][info][gc,heap        ] GC(128) PSYoungGen: 61600K(123392K)->25105K(123392K) Eden: 0K(29696K)->0K(29696K) From: 61600K(93696K)->25105K(93696K)
[8.707s][info][gc,heap        ] GC(128) ParOldGen: 1295955K(1331200K)->1330850K(1473024K)
[8.707s][info][gc,metaspace   ] GC(128) Metaspace: 6300K(6464K)->6300K(6464K) NonClass: 5767K(5824K)->5767K(5824K) Class: 533K(640K)->533K(640K)
[8.708s][info][gc             ] GC(128) Pause Full (Ergonomics) 1325M->1324M(1559M) 680.084ms
[8.708s][info][gc,cpu         ] GC(128) User=4.88s Sys=0.03s Real=0.68s
[8.743s][info][gc,start       ] GC(129) Pause Young (Allocation Failure)
[8.831s][info][gc,heap        ] GC(129) PSYoungGen: 54801K(123392K)->50016K(118784K) Eden: 29696K(29696K)->0K(32768K) From: 25105K(93696K)->50016K(86016K)
[8.831s][info][gc,heap        ] GC(129) ParOldGen: 1330850K(1473024K)->1335922K(1473024K)
[8.831s][info][gc,metaspace   ] GC(129) Metaspace: 6300K(6464K)->6300K(6464K) NonClass: 5767K(5824K)->5767K(5824K) Class: 533K(640K)->533K(640K)
[8.831s][info][gc             ] GC(129) Pause Young (Allocation Failure) 1353M->1353M(1554M) 88.318ms
[8.831s][info][gc,cpu         ] GC(129) User=0.52s Sys=0.00s Real=0.09s
[9.122s][info][gc,start       ] GC(130) Pause Young (Allocation Failure)
[9.192s][info][gc,heap        ] GC(130) PSYoungGen: 82784K(118784K)->82848K(122368K) Eden: 32768K(32768K)->0K(32768K) From: 50016K(86016K)->82848K(89600K)
[9.192s][info][gc,heap        ] GC(130) ParOldGen: 1401458K(1473024K)->1401458K(1473024K)
[9.192s][info][gc,metaspace   ] GC(130) Metaspace: 6300K(6464K)->6300K(6464K) NonClass: 5767K(5824K)->5767K(5824K) Class: 533K(640K)->533K(640K)
[9.192s][info][gc             ] GC(130) Pause Young (Allocation Failure) 1449M->1449M(1558M) 70.208ms
[9.192s][info][gc,cpu         ] GC(130) User=0.42s Sys=0.00s Real=0.07s
[9.223s][info][gc,start       ] GC(131) Pause Young (Allocation Failure)
[9.280s][info][gc,heap        ] GC(131) PSYoungGen: 115616K(122368K)->96768K(115200K) Eden: 32768K(32768K)->0K(18432K) From: 82848K(89600K)->96768K(96768K)
[9.280s][info][gc,heap        ] GC(131) ParOldGen: 1401458K(1473024K)->1420442K(1473024K)
[9.280s][info][gc,metaspace   ] GC(131) Metaspace: 6300K(6464K)->6300K(6464K) NonClass: 5767K(5824K)->5767K(5824K) Class: 533K(640K)->533K(640K)
[9.280s][info][gc             ] GC(131) Pause Young (Allocation Failure) 1481M->1481M(1551M) 57.089ms
[9.280s][info][gc,cpu         ] GC(131) User=0.25s Sys=0.05s Real=0.06s
[9.297s][info][gc,start       ] GC(132) Pause Young (Allocation Failure)
[9.354s][info][gc,heap        ] GC(132) PSYoungGen: 115200K(115200K)->96224K(132608K) Eden: 18432K(18432K)->0K(18432K) From: 96768K(96768K)->96224K(114176K)
[9.354s][info][gc,heap        ] GC(132) ParOldGen: 1420442K(1473024K)->1439738K(1473024K)
[9.354s][info][gc,metaspace   ] GC(132) Metaspace: 6300K(6464K)->6300K(6464K) NonClass: 5767K(5824K)->5767K(5824K) Class: 533K(640K)->533K(640K)
[9.354s][info][gc             ] GC(132) Pause Young (Allocation Failure) 1499M->1499M(1568M) 57.007ms
[9.354s][info][gc,cpu         ] GC(132) User=0.38s Sys=0.02s Real=0.06s
[9.354s][info][gc,start       ] GC(133) Pause Full (Ergonomics)
[9.354s][info][gc,phases,start] GC(133) Marking Phase
[9.684s][info][gc,phases      ] GC(133) Marking Phase 329.723ms
[9.684s][info][gc,phases,start] GC(133) Summary Phase
[9.684s][info][gc,phases      ] GC(133) Summary Phase 0.036ms
[9.684s][info][gc,phases,start] GC(133) Adjust Roots
[9.684s][info][gc,phases      ] GC(133) Adjust Roots 0.161ms
[9.684s][info][gc,phases,start] GC(133) Compaction Phase
[9.934s][info][gc,phases      ] GC(133) Compaction Phase 249.427ms
[9.934s][info][gc,phases,start] GC(133) Post Compact
[9.937s][info][gc,phases      ] GC(133) Post Compact 3.216ms
[9.937s][info][gc,heap        ] GC(133) PSYoungGen: 96224K(132608K)->29492K(132608K) Eden: 0K(18432K)->0K(18432K) From: 96224K(114176K)->29492K(114176K)
[9.938s][info][gc,heap        ] GC(133) ParOldGen: 1439738K(1473024K)->1472774K(1621504K)
[9.938s][info][gc,metaspace   ] GC(133) Metaspace: 6300K(6464K)->6300K(6464K) NonClass: 5767K(5824K)->5767K(5824K) Class: 533K(640K)->533K(640K)
[9.938s][info][gc             ] GC(133) Pause Full (Ergonomics) 1499M->1467M(1713M) 583.394ms
[9.938s][info][gc,cpu         ] GC(133) User=3.88s Sys=0.03s Real=0.58s
[9.957s][info][gc,start       ] GC(134) Pause Young (Allocation Failure)
[10.049s][info][gc,heap        ] GC(134) PSYoungGen: 47924K(132608K)->40448K(139264K) Eden: 18432K(18432K)->0K(20480K) From: 29492K(114176K)->40448K(118784K)
[10.049s][info][gc,heap        ] GC(134) ParOldGen: 1472774K(1621504K)->1480614K(1621504K)
[10.049s][info][gc,metaspace   ] GC(134) Metaspace: 6300K(6464K)->6300K(6464K) NonClass: 5767K(5824K)->5767K(5824K) Class: 533K(640K)->533K(640K)
[10.050s][info][gc             ] GC(134) Pause Young (Allocation Failure) 1485M->1485M(1719M) 92.755ms
[10.050s][info][gc,cpu         ] GC(134) User=0.53s Sys=0.00s Real=0.09s
[10.071s][info][gc,start       ] GC(135) Pause Young (Allocation Failure)
[10.106s][info][gc,heap        ] GC(135) PSYoungGen: 60928K(139264K)->60896K(81408K) Eden: 20480K(20480K)->0K(20480K) From: 40448K(118784K)->60896K(60928K)
[10.106s][info][gc,heap        ] GC(135) ParOldGen: 1480614K(1621504K)->1480614K(1621504K)
[10.106s][info][gc,metaspace   ] GC(135) Metaspace: 6300K(6464K)->6300K(6464K) NonClass: 5767K(5824K)->5767K(5824K) Class: 533K(640K)->533K(640K)
[10.106s][info][gc             ] GC(135) Pause Young (Allocation Failure) 1505M->1505M(1663M) 35.021ms
[10.106s][info][gc,cpu         ] GC(135) User=0.16s Sys=0.00s Real=0.04s
[10.126s][info][gc,start       ] GC(136) Pause Young (Allocation Failure)
[10.169s][info][gc,heap        ] GC(136) PSYoungGen: 81376K(81408K)->72512K(135680K) Eden: 20480K(20480K)->0K(23040K) From: 60896K(60928K)->72512K(112640K)
[10.169s][info][gc,heap        ] GC(136) ParOldGen: 1480614K(1621504K)->1489566K(1621504K)
[10.169s][info][gc,metaspace   ] GC(136) Metaspace: 6300K(6464K)->6300K(6464K) NonClass: 5767K(5824K)->5767K(5824K) Class: 533K(640K)->533K(640K)
[10.169s][info][gc             ] GC(136) Pause Young (Allocation Failure) 1525M->1525M(1716M) 42.255ms
[10.169s][info][gc,cpu         ] GC(136) User=0.17s Sys=0.00s Real=0.04s
[10.192s][info][gc,start       ] GC(137) Pause Young (Allocation Failure)
[10.238s][info][gc,heap        ] GC(137) PSYoungGen: 95552K(135680K)->86048K(136704K) Eden: 23040K(23040K)->0K(23040K) From: 72512K(112640K)->86048K(113664K)
[10.238s][info][gc,heap        ] GC(137) ParOldGen: 1489566K(1621504K)->1499254K(1621504K)
[10.238s][info][gc,metaspace   ] GC(137) Metaspace: 6300K(6464K)->6300K(6464K) NonClass: 5767K(5824K)->5767K(5824K) Class: 533K(640K)->533K(640K)
[10.238s][info][gc             ] GC(137) Pause Young (Allocation Failure) 1547M->1548M(1717M) 46.129ms
[10.238s][info][gc,cpu         ] GC(137) User=0.17s Sys=0.00s Real=0.05s
[10.263s][info][gc,start       ] GC(138) Pause Young (Allocation Failure)
[10.315s][info][gc,heap        ] GC(138) PSYoungGen: 109088K(136704K)->105664K(133632K) Eden: 23040K(23040K)->0K(16896K) From: 86048K(113664K)->105664K(116736K)
[10.315s][info][gc,heap        ] GC(138) ParOldGen: 1499254K(1621504K)->1502774K(1621504K)
[10.315s][info][gc,metaspace   ] GC(138) Metaspace: 6300K(6464K)->6300K(6464K) NonClass: 5767K(5824K)->5767K(5824K) Class: 533K(640K)->533K(640K)
[10.315s][info][gc             ] GC(138) Pause Young (Allocation Failure) 1570M->1570M(1714M) 52.055ms
[10.315s][info][gc,cpu         ] GC(138) User=0.38s Sys=0.00s Real=0.05s
[10.331s][info][gc,start       ] GC(139) Pause Young (Allocation Failure)
[10.389s][info][gc,heap        ] GC(139) PSYoungGen: 122560K(133632K)->83648K(142848K) Eden: 16896K(16896K)->0K(16896K) From: 105664K(116736K)->83648K(125952K)
[10.390s][info][gc,heap        ] GC(139) ParOldGen: 1502774K(1621504K)->1542158K(1621504K)
[10.390s][info][gc,metaspace   ] GC(139) Metaspace: 6300K(6464K)->6300K(6464K) NonClass: 5767K(5824K)->5767K(5824K) Class: 533K(640K)->533K(640K)
[10.390s][info][gc             ] GC(139) Pause Young (Allocation Failure) 1587M->1587M(1723M) 58.380ms
[10.390s][info][gc,cpu         ] GC(139) User=0.36s Sys=0.02s Real=0.06s
[10.406s][info][gc,start       ] GC(140) Pause Young (Allocation Failure)
[10.456s][info][gc,heap        ] GC(140) PSYoungGen: 100544K(142848K)->57024K(138752K) Eden: 16896K(16896K)->0K(19456K) From: 83648K(125952K)->57024K(119296K)
[10.456s][info][gc,heap        ] GC(140) ParOldGen: 1542158K(1621504K)->1586238K(1621504K)
[10.456s][info][gc,metaspace   ] GC(140) Metaspace: 6300K(6464K)->6300K(6464K) NonClass: 5767K(5824K)->5767K(5824K) Class: 533K(640K)->533K(640K)
[10.456s][info][gc             ] GC(140) Pause Young (Allocation Failure) 1604M->1604M(1719M) 49.719ms
[10.456s][info][gc,cpu         ] GC(140) User=0.27s Sys=0.00s Real=0.05s
[10.456s][info][gc,start       ] GC(141) Pause Full (Ergonomics)
[10.456s][info][gc,phases,start] GC(141) Marking Phase
[10.810s][info][gc,phases      ] GC(141) Marking Phase 354.537ms
[10.810s][info][gc,phases,start] GC(141) Summary Phase
[10.811s][info][gc,phases      ] GC(141) Summary Phase 0.047ms
[10.811s][info][gc,phases,start] GC(141) Adjust Roots
[10.811s][info][gc,phases      ] GC(141) Adjust Roots 0.266ms
[10.811s][info][gc,phases,start] GC(141) Compaction Phase
[10.975s][info][gc,phases      ] GC(141) Compaction Phase 164.042ms
[10.975s][info][gc,phases,start] GC(141) Post Compact
[10.978s][info][gc,phases      ] GC(141) Post Compact 3.158ms
[10.979s][info][gc,heap        ] GC(141) PSYoungGen: 57024K(138752K)->19959K(141824K) Eden: 0K(19456K)->0K(22528K) From: 57024K(119296K)->19959K(119296K)
[10.979s][info][gc,heap        ] GC(141) ParOldGen: 1586238K(1621504K)->1621361K(1792000K)
[10.979s][info][gc,metaspace   ] GC(141) Metaspace: 6300K(6464K)->6300K(6464K) NonClass: 5767K(5824K)->5767K(5824K) Class: 533K(640K)->533K(640K)
[10.979s][info][gc             ] GC(141) Pause Full (Ergonomics) 1604M->1602M(1888M) 523.014ms
[10.979s][info][gc,cpu         ] GC(141) User=3.73s Sys=0.00s Real=0.52s
[11.004s][info][gc,start       ] GC(142) Pause Young (Allocation Failure)
[11.090s][info][gc,heap        ] GC(142) PSYoungGen: 42487K(141824K)->28960K(144896K) Eden: 22528K(22528K)->0K(22528K) From: 19959K(119296K)->28960K(122368K)
[11.090s][info][gc,heap        ] GC(142) ParOldGen: 1621361K(1792000K)->1635257K(1792000K)
[11.090s][info][gc,metaspace   ] GC(142) Metaspace: 6300K(6464K)->6300K(6464K) NonClass: 5767K(5824K)->5767K(5824K) Class: 533K(640K)->533K(640K)
[11.090s][info][gc             ] GC(142) Pause Young (Allocation Failure) 1624M->1625M(1891M) 86.017ms
[11.090s][info][gc,cpu         ] GC(142) User=0.53s Sys=0.00s Real=0.09s
[11.114s][info][gc,start       ] GC(143) Pause Young (Allocation Failure)
[11.146s][info][gc,heap        ] GC(143) PSYoungGen: 51488K(144896K)->45248K(145408K) Eden: 22528K(22528K)->0K(25088K) From: 28960K(122368K)->45248K(120320K)
[11.146s][info][gc,heap        ] GC(143) ParOldGen: 1635257K(1792000K)->1641617K(1792000K)
[11.146s][info][gc,metaspace   ] GC(143) Metaspace: 6300K(6464K)->6300K(6464K) NonClass: 5767K(5824K)->5767K(5824K) Class: 533K(640K)->533K(640K)
[11.146s][info][gc             ] GC(143) Pause Young (Allocation Failure) 1647M->1647M(1892M) 32.080ms
[11.146s][info][gc,cpu         ] GC(143) User=0.05s Sys=0.00s Real=0.03s
[11.174s][info][gc,start       ] GC(144) Pause Young (Allocation Failure)
[11.212s][info][gc,heap        ] GC(144) PSYoungGen: 70336K(145408K)->47808K(147456K) Eden: 25088K(25088K)->0K(25088K) From: 45248K(120320K)->47808K(122368K)
[11.212s][info][gc,heap        ] GC(144) ParOldGen: 1641617K(1792000K)->1664457K(1792000K)
[11.212s][info][gc,metaspace   ] GC(144) Metaspace: 6300K(6464K)->6300K(6464K) NonClass: 5767K(5824K)->5767K(5824K) Class: 533K(640K)->533K(640K)
[11.212s][info][gc             ] GC(144) Pause Young (Allocation Failure) 1671M->1672M(1894M) 38.158ms
[11.212s][info][gc,cpu         ] GC(144) User=0.16s Sys=0.02s Real=0.04s
[11.240s][info][gc,start       ] GC(145) Pause Young (Allocation Failure)
[11.279s][info][gc,heap        ] GC(145) PSYoungGen: 72896K(147456K)->50336K(140288K) Eden: 25088K(25088K)->0K(28160K) From: 47808K(122368K)->50336K(112128K)
[11.279s][info][gc,heap        ] GC(145) ParOldGen: 1664457K(1792000K)->1687289K(1792000K)
[11.280s][info][gc,metaspace   ] GC(145) Metaspace: 6300K(6464K)->6300K(6464K) NonClass: 5767K(5824K)->5767K(5824K) Class: 533K(640K)->533K(640K)
[11.280s][info][gc             ] GC(145) Pause Young (Allocation Failure) 1696M->1696M(1887M) 39.321ms
[11.280s][info][gc,cpu         ] GC(145) User=0.28s Sys=0.00s Real=0.04s
[11.310s][info][gc,start       ] GC(146) Pause Young (Allocation Failure)
[11.352s][info][gc,heap        ] GC(146) PSYoungGen: 78496K(140288K)->53440K(81920K) Eden: 28160K(28160K)->0K(28160K) From: 50336K(112128K)->53440K(53760K)
[11.352s][info][gc,heap        ] GC(146) ParOldGen: 1687289K(1792000K)->1712713K(1792000K)
[11.352s][info][gc,metaspace   ] GC(146) Metaspace: 6300K(6464K)->6300K(6464K) NonClass: 5767K(5824K)->5767K(5824K) Class: 533K(640K)->533K(640K)
[11.352s][info][gc             ] GC(146) Pause Young (Allocation Failure) 1724M->1724M(1830M) 41.936ms
[11.352s][info][gc,cpu         ] GC(146) User=0.25s Sys=0.00s Real=0.04s
[11.384s][info][gc,start       ] GC(147) Pause Young (Allocation Failure)
[11.428s][info][gc,heap        ] GC(147) PSYoungGen: 81600K(81920K)->56512K(134144K) Eden: 28160K(28160K)->0K(31744K) From: 53440K(53760K)->56512K(102400K)
[11.428s][info][gc,heap        ] GC(147) ParOldGen: 1712713K(1792000K)->1738153K(1792000K)
[11.428s][info][gc,metaspace   ] GC(147) Metaspace: 6300K(6464K)->6300K(6464K) NonClass: 5767K(5824K)->5767K(5824K) Class: 533K(640K)->533K(640K)
[11.428s][info][gc             ] GC(147) Pause Young (Allocation Failure) 1752M->1752M(1881M) 43.886ms
[11.428s][info][gc,cpu         ] GC(147) User=0.25s Sys=0.00s Real=0.04s
[11.465s][info][gc,start       ] GC(148) Pause Young (Allocation Failure)
[11.511s][info][gc,heap        ] GC(148) PSYoungGen: 88256K(134144K)->60096K(92160K) Eden: 31744K(31744K)->0K(31744K) From: 56512K(102400K)->60096K(60416K)
[11.511s][info][gc,heap        ] GC(148) ParOldGen: 1738153K(1792000K)->1766713K(1792000K)
[11.511s][info][gc,metaspace   ] GC(148) Metaspace: 6300K(6464K)->6300K(6464K) NonClass: 5767K(5824K)->5767K(5824K) Class: 533K(640K)->533K(640K)
[11.511s][info][gc             ] GC(148) Pause Young (Allocation Failure) 1783M->1783M(1840M) 46.639ms
[11.511s][info][gc,cpu         ] GC(148) User=0.22s Sys=0.05s Real=0.05s
[11.511s][info][gc,start       ] GC(149) Pause Full (Ergonomics)
[11.511s][info][gc,phases,start] GC(149) Marking Phase
[11.913s][info][gc,phases      ] GC(149) Marking Phase 401.780ms
[11.913s][info][gc,phases,start] GC(149) Summary Phase
[11.913s][info][gc,phases      ] GC(149) Summary Phase 0.035ms
[11.913s][info][gc,phases,start] GC(149) Adjust Roots
[11.913s][info][gc,phases      ] GC(149) Adjust Roots 0.163ms
[11.913s][info][gc,phases,start] GC(149) Compaction Phase
[12.105s][info][gc,phases      ] GC(149) Compaction Phase 191.217ms
[12.105s][info][gc,phases,start] GC(149) Post Compact
[12.108s][info][gc,phases      ] GC(149) Post Compact 3.383ms
[12.109s][info][gc,heap        ] GC(149) PSYoungGen: 60096K(92160K)->32758K(92160K) Eden: 0K(31744K)->0K(31744K) From: 60096K(60416K)->32758K(60416K)
[12.109s][info][gc,heap        ] GC(149) ParOldGen: 1766713K(1792000K)->1791630K(1971712K)
[12.109s][info][gc,metaspace   ] GC(149) Metaspace: 6300K(6464K)->6300K(6464K) NonClass: 5767K(5824K)->5767K(5824K) Class: 533K(640K)->533K(640K)
[12.109s][info][gc             ] GC(149) Pause Full (Ergonomics) 1783M->1781M(2015M) 597.518ms
[12.109s][info][gc,cpu         ] GC(149) User=4.14s Sys=0.03s Real=0.60s
[12.145s][info][gc,start       ] GC(150) Pause Young (Allocation Failure)
[12.249s][info][gc,heap        ] GC(150) PSYoungGen: 64502K(92160K)->50368K(132096K) Eden: 31744K(31744K)->0K(35328K) From: 32758K(60416K)->50368K(96768K)
[12.249s][info][gc,heap        ] GC(150) ParOldGen: 1791630K(1971712K)->1806134K(1971712K)
[12.249s][info][gc,metaspace   ] GC(150) Metaspace: 6300K(6464K)->6300K(6464K) NonClass: 5767K(5824K)->5767K(5824K) Class: 533K(640K)->533K(640K)
[12.249s][info][gc             ] GC(150) Pause Young (Allocation Failure) 1812M->1812M(2054M) 104.649ms
[12.249s][info][gc,cpu         ] GC(150) User=0.64s Sys=0.00s Real=0.10s
[12.290s][info][gc,start       ] GC(151) Pause Young (Allocation Failure)
[12.334s][info][gc,heap        ] GC(151) PSYoungGen: 85696K(132096K)->85792K(135168K) Eden: 35328K(35328K)->0K(35328K) From: 50368K(96768K)->85792K(99840K)
[12.334s][info][gc,heap        ] GC(151) ParOldGen: 1806134K(1971712K)->1806134K(1971712K)
[12.334s][info][gc,metaspace   ] GC(151) Metaspace: 6300K(6464K)->6300K(6464K) NonClass: 5767K(5824K)->5767K(5824K) Class: 533K(640K)->533K(640K)
[12.334s][info][gc             ] GC(151) Pause Young (Allocation Failure) 1847M->1847M(2057M) 44.446ms
[12.334s][info][gc,cpu         ] GC(151) User=0.25s Sys=0.00s Real=0.05s
[12.377s][info][gc,start       ] GC(152) Pause Young (Allocation Failure)
[12.436s][info][gc,heap        ] GC(152) PSYoungGen: 121120K(135168K)->102656K(134144K) Eden: 35328K(35328K)->0K(28160K) From: 85792K(99840K)->102656K(105984K)
[12.436s][info][gc,heap        ] GC(152) ParOldGen: 1806134K(1971712K)->1824854K(1971712K)
[12.436s][info][gc,metaspace   ] GC(152) Metaspace: 6300K(6464K)->6300K(6464K) NonClass: 5767K(5824K)->5767K(5824K) Class: 533K(640K)->533K(640K)
[12.436s][info][gc             ] GC(152) Pause Young (Allocation Failure) 1882M->1882M(2056M) 59.692ms
[12.437s][info][gc,cpu         ] GC(152) User=0.38s Sys=0.02s Real=0.06s
[12.466s][info][gc,start       ] GC(153) Pause Young (Allocation Failure)
[12.529s][info][gc,heap        ] GC(153) PSYoungGen: 130816K(134144K)->99040K(144896K) Eden: 28160K(28160K)->0K(28160K) From: 102656K(105984K)->99040K(116736K)
[12.529s][info][gc,heap        ] GC(153) ParOldGen: 1824854K(1971712K)->1857022K(1971712K)
[12.529s][info][gc,metaspace   ] GC(153) Metaspace: 6300K(6464K)->6300K(6464K) NonClass: 5767K(5824K)->5767K(5824K) Class: 533K(640K)->533K(640K)
[12.529s][info][gc             ] GC(153) Pause Young (Allocation Failure) 1909M->1910M(2067M) 62.585ms
[12.529s][info][gc,cpu         ] GC(153) User=0.38s Sys=0.02s Real=0.06s
[12.566s][info][gc,start       ] GC(154) Pause Young (Allocation Failure)
[12.629s][info][gc,heap        ] GC(154) PSYoungGen: 127200K(144896K)->91872K(152576K) Eden: 28160K(28160K)->0K(28672K) From: 99040K(116736K)->91872K(123904K)
[12.629s][info][gc,heap        ] GC(154) ParOldGen: 1857022K(1971712K)->1892838K(1971712K)
[12.629s][info][gc,metaspace   ] GC(154) Metaspace: 6300K(6464K)->6300K(6464K) NonClass: 5767K(5824K)->5767K(5824K) Class: 533K(640K)->533K(640K)
[12.629s][info][gc             ] GC(154) Pause Young (Allocation Failure) 1937M->1938M(2074M) 62.741ms
[12.629s][info][gc,cpu         ] GC(154) User=0.38s Sys=0.02s Real=0.06s
[12.665s][info][gc,start       ] GC(155) Pause Young (Allocation Failure)
[12.727s][info][gc,heap        ] GC(155) PSYoungGen: 120544K(152576K)->85248K(155136K) Eden: 28672K(28672K)->0K(28672K) From: 91872K(123904K)->85248K(126464K)
[12.727s][info][gc,heap        ] GC(155) ParOldGen: 1892838K(1971712K)->1928662K(1971712K)
[12.727s][info][gc,metaspace   ] GC(155) Metaspace: 6300K(6464K)->6300K(6464K) NonClass: 5767K(5824K)->5767K(5824K) Class: 533K(640K)->533K(640K)
[12.727s][info][gc             ] GC(155) Pause Young (Allocation Failure) 1966M->1966M(2077M) 62.221ms
[12.727s][info][gc,cpu         ] GC(155) User=0.38s Sys=0.00s Real=0.06s
[12.727s][info][gc,start       ] GC(156) Pause Full (Ergonomics)
[12.727s][info][gc,phases,start] GC(156) Marking Phase
[13.181s][info][gc,phases      ] GC(156) Marking Phase 454.226ms
[13.181s][info][gc,phases,start] GC(156) Summary Phase
[13.181s][info][gc,phases      ] GC(156) Summary Phase 0.039ms
[13.181s][info][gc,phases,start] GC(156) Adjust Roots
[13.181s][info][gc,phases      ] GC(156) Adjust Roots 0.176ms
[13.181s][info][gc,phases,start] GC(156) Compaction Phase
[13.369s][info][gc,phases      ] GC(156) Compaction Phase 187.895ms
[13.369s][info][gc,phases,start] GC(156) Post Compact
[13.373s][info][gc,phases      ] GC(156) Post Compact 4.025ms
[13.374s][info][gc,heap        ] GC(156) PSYoungGen: 85248K(155136K)->39934K(155136K) Eden: 0K(28672K)->0K(28672K) From: 85248K(126464K)->39934K(126464K)
[13.374s][info][gc,heap        ] GC(156) ParOldGen: 1928662K(1971712K)->1971664K(2170368K)
[13.374s][info][gc,metaspace   ] GC(156) Metaspace: 6300K(6464K)->6300K(6464K) NonClass: 5767K(5824K)->5767K(5824K) Class: 533K(640K)->533K(640K)
[13.375s][info][gc             ] GC(156) Pause Full (Ergonomics) 1966M->1964M(2271M) 647.587ms
[13.375s][info][gc,cpu         ] GC(156) User=4.75s Sys=0.00s Real=0.65s
[13.411s][info][gc,start       ] GC(157) Pause Young (Allocation Failure)
[13.529s][info][gc,heap        ] GC(157) PSYoungGen: 68606K(155136K)->40384K(157696K) Eden: 28672K(28672K)->0K(31744K) From: 39934K(126464K)->40384K(125952K)
[13.529s][info][gc,heap        ] GC(157) ParOldGen: 1971664K(2170368K)->2000384K(2170368K)
[13.529s][info][gc,metaspace   ] GC(157) Metaspace: 6300K(6464K)->6300K(6464K) NonClass: 5767K(5824K)->5767K(5824K) Class: 533K(640K)->533K(640K)
[13.529s][info][gc             ] GC(157) Pause Young (Allocation Failure) 1992M->1992M(2273M) 118.652ms
[13.529s][info][gc,cpu         ] GC(157) User=0.86s Sys=0.00s Real=0.12s
[13.562s][info][gc,start       ] GC(158) Pause Young (Allocation Failure)
[13.604s][info][gc,heap        ] GC(158) PSYoungGen: 72128K(157696K)->60608K(92672K) Eden: 31744K(31744K)->0K(31744K) From: 40384K(125952K)->60608K(60928K)
[13.604s][info][gc,heap        ] GC(158) ParOldGen: 2000384K(2170368K)->2012152K(2170368K)
[13.604s][info][gc,metaspace   ] GC(158) Metaspace: 6300K(6464K)->6300K(6464K) NonClass: 5767K(5824K)->5767K(5824K) Class: 533K(640K)->533K(640K)
[13.604s][info][gc             ] GC(158) Pause Young (Allocation Failure) 2023M->2024M(2210M) 41.855ms
[13.604s][info][gc,cpu         ] GC(158) User=0.27s Sys=0.00s Real=0.04s
[13.638s][info][gc,start       ] GC(159) Pause Young (Allocation Failure)
[13.688s][info][gc,heap        ] GC(159) PSYoungGen: 92352K(92672K)->63712K(148480K) Eden: 31744K(31744K)->0K(35328K) From: 60608K(60928K)->63712K(113152K)
[13.688s][info][gc,heap        ] GC(159) ParOldGen: 2012152K(2170368K)->2041232K(2170368K)
[13.688s][info][gc,metaspace   ] GC(159) Metaspace: 6300K(6464K)->6300K(6464K) NonClass: 5767K(5824K)->5767K(5824K) Class: 533K(640K)->533K(640K)
[13.688s][info][gc             ] GC(159) Pause Young (Allocation Failure) 2055M->2055M(2264M) 49.776ms
[13.688s][info][gc,cpu         ] GC(159) User=0.28s Sys=0.00s Real=0.05s
[13.727s][info][gc,start       ] GC(160) Pause Young (Allocation Failure)
[13.780s][info][gc,heap        ] GC(160) PSYoungGen: 99040K(148480K)->67296K(102912K) Eden: 35328K(35328K)->0K(35328K) From: 63712K(113152K)->67296K(67584K)
[13.780s][info][gc,heap        ] GC(160) ParOldGen: 2041232K(2170368K)->2073400K(2170368K)
[13.780s][info][gc,metaspace   ] GC(160) Metaspace: 6300K(6464K)->6300K(6464K) NonClass: 5767K(5824K)->5767K(5824K) Class: 533K(640K)->533K(640K)
[13.780s][info][gc             ] GC(160) Pause Young (Allocation Failure) 2090M->2090M(2220M) 52.493ms
[13.780s][info][gc,cpu         ] GC(160) User=0.28s Sys=0.05s Real=0.05s
[13.818s][info][gc,start       ] GC(161) Pause Young (Allocation Failure)
[13.872s][info][gc,heap        ] GC(161) PSYoungGen: 102624K(102912K)->70848K(145408K) Eden: 35328K(35328K)->0K(39424K) From: 67296K(67584K)->70848K(105984K)
[13.872s][info][gc,heap        ] GC(161) ParOldGen: 2073400K(2170368K)->2105584K(2170368K)
[13.872s][info][gc,metaspace   ] GC(161) Metaspace: 6300K(6464K)->6300K(6464K) NonClass: 5767K(5824K)->5767K(5824K) Class: 533K(640K)->533K(640K)
[13.872s][info][gc             ] GC(161) Pause Young (Allocation Failure) 2125M->2125M(2261M) 53.871ms
[13.872s][info][gc,cpu         ] GC(161) User=0.44s Sys=0.06s Real=0.05s
[13.920s][info][gc,start       ] GC(162) Pause Young (Allocation Failure)
[13.978s][info][gc,heap        ] GC(162) PSYoungGen: 110272K(145408K)->74944K(148992K) Eden: 39424K(39424K)->0K(39424K) From: 70848K(105984K)->74944K(109568K)
[13.978s][info][gc,heap        ] GC(162) ParOldGen: 2105584K(2170368K)->2141408K(2170368K)
[13.978s][info][gc,metaspace   ] GC(162) Metaspace: 6300K(6464K)->6300K(6464K) NonClass: 5767K(5824K)->5767K(5824K) Class: 533K(640K)->533K(640K)
[13.978s][info][gc             ] GC(162) Pause Young (Allocation Failure) 2163M->2164M(2265M) 58.721ms
[13.978s][info][gc,cpu         ] GC(162) User=0.34s Sys=0.03s Real=0.06s
[13.978s][info][gc,start       ] GC(163) Pause Full (Ergonomics)
[13.978s][info][gc,phases,start] GC(163) Marking Phase
[14.478s][info][gc,phases      ] GC(163) Marking Phase 499.395ms
[14.478s][info][gc,phases,start] GC(163) Summary Phase
[14.478s][info][gc,phases      ] GC(163) Summary Phase 0.045ms
[14.478s][info][gc,phases,start] GC(163) Adjust Roots
[14.478s][info][gc,phases      ] GC(163) Adjust Roots 0.211ms
[14.478s][info][gc,phases,start] GC(163) Compaction Phase
[14.676s][info][gc,phases      ] GC(163) Compaction Phase 197.633ms
[14.676s][info][gc,phases,start] GC(163) Post Compact
[14.680s][info][gc,phases      ] GC(163) Post Compact 4.385ms
[14.681s][info][gc,heap        ] GC(163) PSYoungGen: 74944K(148992K)->43518K(148992K) Eden: 0K(39424K)->0K(39424K) From: 74944K(109568K)->43518K(109568K)
[14.681s][info][gc,heap        ] GC(163) ParOldGen: 2141408K(2170368K)->2170132K(2386944K)
[14.681s][info][gc,metaspace   ] GC(163) Metaspace: 6300K(6464K)->6300K(6464K) NonClass: 5767K(5824K)->5767K(5824K) Class: 533K(640K)->533K(640K)
[14.681s][info][gc             ] GC(163) Pause Full (Ergonomics) 2164M->2161M(2476M) 702.893ms
[14.681s][info][gc,cpu         ] GC(163) User=5.27s Sys=0.00s Real=0.70s
[14.739s][info][gc,start       ] GC(164) Pause Young (Allocation Failure)
[14.880s][info][gc,heap        ] GC(164) PSYoungGen: 82942K(148992K)->61280K(145920K) Eden: 39424K(39424K)->0K(43520K) From: 43518K(109568K)->61280K(102400K)
[14.880s][info][gc,heap        ] GC(164) ParOldGen: 2170132K(2386944K)->2192332K(2386944K)
[14.880s][info][gc,metaspace   ] GC(164) Metaspace: 6300K(6464K)->6300K(6464K) NonClass: 5767K(5824K)->5767K(5824K) Class: 533K(640K)->533K(640K)
[14.880s][info][gc             ] GC(164) Pause Young (Allocation Failure) 2200M->2200M(2473M) 140.830ms
[14.880s][info][gc,cpu         ] GC(164) User=1.02s Sys=0.00s Real=0.14s
[14.928s][info][gc,start       ] GC(165) Pause Young (Allocation Failure)
[14.987s][info][gc,heap        ] GC(165) PSYoungGen: 104800K(145920K)->104864K(148992K) Eden: 43520K(43520K)->0K(43520K) From: 61280K(102400K)->104864K(105472K)
[14.987s][info][gc,heap        ] GC(165) ParOldGen: 2192332K(2386944K)->2192332K(2386944K)
[14.987s][info][gc,metaspace   ] GC(165) Metaspace: 6300K(6464K)->6300K(6464K) NonClass: 5767K(5824K)->5767K(5824K) Class: 533K(640K)->533K(640K)
[14.987s][info][gc             ] GC(165) Pause Young (Allocation Failure) 2243M->2243M(2476M) 58.866ms
[14.987s][info][gc,cpu         ] GC(165) User=0.36s Sys=0.00s Real=0.06s
[15.039s][info][gc,start       ] GC(166) Pause Young (Allocation Failure)
[15.117s][info][gc,heap        ] GC(166) PSYoungGen: 148384K(148992K)->115200K(139264K) Eden: 43520K(43520K)->0K(24064K) From: 104864K(105472K)->115200K(115200K)
[15.117s][info][gc,heap        ] GC(166) ParOldGen: 2192332K(2386944K)->2225740K(2386944K)
[15.117s][info][gc,metaspace   ] GC(166) Metaspace: 6300K(6464K)->6300K(6464K) NonClass: 5767K(5824K)->5767K(5824K) Class: 533K(640K)->533K(640K)
[15.117s][info][gc             ] GC(166) Pause Young (Allocation Failure) 2285M->2286M(2467M) 77.762ms
[15.117s][info][gc,cpu         ] GC(166) User=0.47s Sys=0.03s Real=0.08s
[15.146s][info][gc,start       ] GC(167) Pause Young (Allocation Failure)
[15.219s][info][gc,heap        ] GC(167) PSYoungGen: 139264K(139264K)->93664K(163328K) Eden: 24064K(24064K)->0K(24064K) From: 115200K(115200K)->93664K(139264K)
[15.219s][info][gc,heap        ] GC(167) ParOldGen: 2225740K(2386944K)->2272004K(2386944K)
[15.219s][info][gc,metaspace   ] GC(167) Metaspace: 6300K(6464K)->6300K(6464K) NonClass: 5767K(5824K)->5767K(5824K) Class: 533K(640K)->533K(640K)
[15.219s][info][gc             ] GC(167) Pause Young (Allocation Failure) 2309M->2310M(2490M) 73.241ms
[15.219s][info][gc,cpu         ] GC(167) User=0.61s Sys=0.02s Real=0.07s
[15.247s][info][gc,start       ] GC(168) Pause Young (Allocation Failure)
[15.308s][info][gc,heap        ] GC(168) PSYoungGen: 117728K(163328K)->81920K(154624K) Eden: 24064K(24064K)->0K(27136K) From: 93664K(139264K)->81920K(127488K)
[15.308s][info][gc,heap        ] GC(168) ParOldGen: 2272004K(2386944K)->2308116K(2386944K)
[15.308s][info][gc,metaspace   ] GC(168) Metaspace: 6300K(6464K)->6300K(6464K) NonClass: 5767K(5824K)->5767K(5824K) Class: 533K(640K)->533K(640K)
[15.308s][info][gc             ] GC(168) Pause Young (Allocation Failure) 2333M->2334M(2482M) 61.218ms
[15.308s][info][gc,cpu         ] GC(168) User=0.38s Sys=0.02s Real=0.06s
[15.341s][info][gc,start       ] GC(169) Pause Young (Allocation Failure)
[15.399s][info][gc,heap        ] GC(169) PSYoungGen: 109056K(154624K)->51392K(160256K) Eden: 27136K(27136K)->0K(27136K) From: 81920K(127488K)->51392K(133120K)
[15.399s][info][gc,heap        ] GC(169) ParOldGen: 2308116K(2386944K)->2366268K(2386944K)
[15.399s][info][gc,metaspace   ] GC(169) Metaspace: 6300K(6464K)->6300K(6464K) NonClass: 5767K(5824K)->5767K(5824K) Class: 533K(640K)->533K(640K)
[15.399s][info][gc             ] GC(169) Pause Young (Allocation Failure) 2360M->2360M(2487M) 57.972ms
[15.399s][info][gc,cpu         ] GC(169) User=0.34s Sys=0.02s Real=0.06s
[15.399s][info][gc,start       ] GC(170) Pause Full (Ergonomics)
[15.399s][info][gc,phases,start] GC(170) Marking Phase
[15.949s][info][gc,phases      ] GC(170) Marking Phase 550.213ms
[15.949s][info][gc,phases,start] GC(170) Summary Phase
[15.949s][info][gc,phases      ] GC(170) Summary Phase 0.042ms
[15.949s][info][gc,phases,start] GC(170) Adjust Roots
[15.949s][info][gc,phases      ] GC(170) Adjust Roots 0.181ms
[15.949s][info][gc,phases,start] GC(170) Compaction Phase
[16.153s][info][gc,phases      ] GC(170) Compaction Phase 204.026ms
[16.153s][info][gc,phases,start] GC(170) Post Compact
[16.158s][info][gc,phases      ] GC(170) Post Compact 4.128ms
[16.158s][info][gc,heap        ] GC(170) PSYoungGen: 51392K(160256K)->28646K(160256K) Eden: 0K(27136K)->0K(27136K) From: 51392K(133120K)->28646K(133120K)
[16.158s][info][gc,heap        ] GC(170) ParOldGen: 2366268K(2386944K)->2386539K(2632704K)
[16.159s][info][gc,metaspace   ] GC(170) Metaspace: 6300K(6464K)->6300K(6464K) NonClass: 5767K(5824K)->5767K(5824K) Class: 533K(640K)->533K(640K)
[16.159s][info][gc             ] GC(170) Pause Full (Ergonomics) 2360M->2358M(2727M) 759.767ms
[16.159s][info][gc,cpu         ] GC(170) User=5.64s Sys=0.03s Real=0.76s
[16.193s][info][gc,start       ] GC(171) Pause Young (Allocation Failure)
[16.324s][info][gc,heap        ] GC(171) PSYoungGen: 55782K(160256K)->27328K(160768K) Eden: 27136K(27136K)->0K(27648K) From: 28646K(133120K)->27328K(133120K)
[16.325s][info][gc,heap        ] GC(171) ParOldGen: 2386539K(2632704K)->2415483K(2632704K)
[16.325s][info][gc,metaspace   ] GC(171) Metaspace: 6300K(6464K)->6300K(6464K) NonClass: 5767K(5824K)->5767K(5824K) Class: 533K(640K)->533K(640K)
[16.325s][info][gc             ] GC(171) Pause Young (Allocation Failure) 2385M->2385M(2728M) 132.032ms
[16.325s][info][gc,cpu         ] GC(171) User=0.89s Sys=0.00s Real=0.13s
[16.357s][info][gc,start       ] GC(172) Pause Young (Allocation Failure)
[16.393s][info][gc,heap        ] GC(172) PSYoungGen: 54976K(160768K)->27808K(163840K) Eden: 27648K(27648K)->0K(27648K) From: 27328K(133120K)->27808K(136192K)
[16.393s][info][gc,heap        ] GC(172) ParOldGen: 2415483K(2632704K)->2442875K(2632704K)
[16.393s][info][gc,metaspace   ] GC(172) Metaspace: 6300K(6464K)->6300K(6464K) NonClass: 5767K(5824K)->5767K(5824K) Class: 533K(640K)->533K(640K)
[16.393s][info][gc             ] GC(172) Pause Young (Allocation Failure) 2412M->2412M(2731M) 35.981ms
[16.393s][info][gc,cpu         ] GC(172) User=0.14s Sys=0.02s Real=0.04s
[16.426s][info][gc,start       ] GC(173) Pause Young (Allocation Failure)
[16.462s][info][gc,heap        ] GC(173) PSYoungGen: 55456K(163840K)->27808K(168448K) Eden: 27648K(27648K)->0K(30720K) From: 27808K(136192K)->27808K(137728K)
[16.462s][info][gc,heap        ] GC(173) ParOldGen: 2442875K(2632704K)->2470771K(2632704K)
[16.462s][info][gc,metaspace   ] GC(173) Metaspace: 6300K(6464K)->6300K(6464K) NonClass: 5767K(5824K)->5767K(5824K) Class: 533K(640K)->533K(640K)
[16.462s][info][gc             ] GC(173) Pause Young (Allocation Failure) 2439M->2440M(2735M) 36.416ms
[16.462s][info][gc,cpu         ] GC(173) User=0.16s Sys=0.00s Real=0.04s
[16.500s][info][gc,start       ] GC(174) Pause Young (Allocation Failure)
[16.537s][info][gc,heap        ] GC(174) PSYoungGen: 58528K(168448K)->30848K(168448K) Eden: 30720K(30720K)->0K(30720K) From: 27808K(137728K)->30848K(137728K)
[16.537s][info][gc,heap        ] GC(174) ParOldGen: 2470771K(2632704K)->2498667K(2632704K)
[16.537s][info][gc,metaspace   ] GC(174) Metaspace: 6300K(6464K)->6300K(6464K) NonClass: 5767K(5824K)->5767K(5824K) Class: 533K(640K)->533K(640K)
[16.537s][info][gc             ] GC(174) Pause Young (Allocation Failure) 2470M->2470M(2735M) 36.802ms
[16.537s][info][gc,cpu         ] GC(174) User=0.23s Sys=0.00s Real=0.04s
[16.574s][info][gc,start       ] GC(175) Pause Young (Allocation Failure)
[16.614s][info][gc,heap        ] GC(175) PSYoungGen: 61568K(168448K)->30880K(165888K) Eden: 30720K(30720K)->0K(34304K) From: 30848K(137728K)->30880K(131584K)
[16.614s][info][gc,heap        ] GC(175) ParOldGen: 2498667K(2632704K)->2529667K(2632704K)
[16.614s][info][gc,metaspace   ] GC(175) Metaspace: 6300K(6464K)->6300K(6464K) NonClass: 5767K(5824K)->5767K(5824K) Class: 533K(640K)->533K(640K)
[16.614s][info][gc             ] GC(175) Pause Young (Allocation Failure) 2500M->2500M(2733M) 40.037ms
[16.614s][info][gc,cpu         ] GC(175) User=0.23s Sys=0.02s Real=0.04s
[16.657s][info][gc,start       ] GC(176) Pause Young (Allocation Failure)
[16.697s][info][gc,heap        ] GC(176) PSYoungGen: 65184K(165888K)->34464K(167936K) Eden: 34304K(34304K)->0K(34304K) From: 30880K(131584K)->34464K(133632K)
[16.697s][info][gc,heap        ] GC(176) ParOldGen: 2529667K(2632704K)->2560667K(2632704K)
[16.698s][info][gc,metaspace   ] GC(176) Metaspace: 6300K(6464K)->6300K(6464K) NonClass: 5767K(5824K)->5767K(5824K) Class: 533K(640K)->533K(640K)
[16.698s][info][gc             ] GC(176) Pause Young (Allocation Failure) 2534M->2534M(2735M) 40.583ms
[16.698s][info][gc,cpu         ] GC(176) User=0.16s Sys=0.09s Real=0.04s
[16.742s][info][gc,start       ] GC(177) Pause Young (Allocation Failure)
[16.784s][info][gc,heap        ] GC(177) PSYoungGen: 68768K(167936K)->34432K(160768K) Eden: 34304K(34304K)->0K(37888K) From: 34464K(133632K)->34432K(122880K)
[16.784s][info][gc,heap        ] GC(177) ParOldGen: 2560667K(2632704K)->2595291K(2632704K)
[16.784s][info][gc,metaspace   ] GC(177) Metaspace: 6300K(6464K)->6300K(6464K) NonClass: 5767K(5824K)->5767K(5824K) Class: 533K(640K)->533K(640K)
[16.784s][info][gc             ] GC(177) Pause Young (Allocation Failure) 2567M->2568M(2728M) 42.584ms
[16.784s][info][gc,cpu         ] GC(177) User=0.23s Sys=0.00s Real=0.04s
[16.784s][info][gc,start       ] GC(178) Pause Full (Ergonomics)
[16.784s][info][gc,phases,start] GC(178) Marking Phase
[17.365s][info][gc,phases      ] GC(178) Marking Phase 580.645ms
[17.365s][info][gc,phases,start] GC(178) Summary Phase
[17.365s][info][gc,phases      ] GC(178) Summary Phase 0.056ms
[17.365s][info][gc,phases,start] GC(178) Adjust Roots
[17.365s][info][gc,phases      ] GC(178) Adjust Roots 0.158ms
[17.365s][info][gc,phases,start] GC(178) Compaction Phase
[17.585s][info][gc,phases      ] GC(178) Compaction Phase 219.951ms
[17.585s][info][gc,phases,start] GC(178) Post Compact
[17.590s][info][gc,phases      ] GC(178) Post Compact 4.615ms
[17.591s][info][gc,heap        ] GC(178) PSYoungGen: 34432K(160768K)->0K(164352K) Eden: 0K(37888K)->0K(37888K) From: 34432K(122880K)->0K(126464K)
[17.591s][info][gc,heap        ] GC(178) ParOldGen: 2595291K(2632704K)->2627447K(2878976K)
[17.591s][info][gc,metaspace   ] GC(178) Metaspace: 6300K(6464K)->6300K(6464K) NonClass: 5767K(5824K)->5767K(5824K) Class: 533K(640K)->533K(640K)
[17.591s][info][gc             ] GC(178) Pause Full (Ergonomics) 2568M->2565M(2972M) 806.585ms
[17.591s][info][gc,cpu         ] GC(178) User=6.20s Sys=0.06s Real=0.81s
[17.638s][info][gc,start       ] GC(179) Pause Young (Allocation Failure)
[17.668s][info][gc,heap        ] GC(179) PSYoungGen: 37888K(164352K)->38080K(158208K) Eden: 37888K(37888K)->0K(41472K) From: 0K(126464K)->38080K(116736K)
[17.668s][info][gc,heap        ] GC(179) ParOldGen: 2627447K(2878976K)->2627447K(2878976K)
[17.668s][info][gc,metaspace   ] GC(179) Metaspace: 6300K(6464K)->6300K(6464K) NonClass: 5767K(5824K)->5767K(5824K) Class: 533K(640K)->533K(640K)
[17.668s][info][gc             ] GC(179) Pause Young (Allocation Failure) 2602M->2603M(2966M) 29.900ms
[17.668s][info][gc,cpu         ] GC(179) User=0.12s Sys=0.00s Real=0.03s
[17.724s][info][gc,start       ] GC(180) Pause Young (Allocation Failure)
[17.771s][info][gc,heap        ] GC(180) PSYoungGen: 79552K(158208K)->79584K(163328K) Eden: 41472K(41472K)->0K(41472K) From: 38080K(116736K)->79584K(121856K)
[17.771s][info][gc,heap        ] GC(180) ParOldGen: 2627447K(2878976K)->2627447K(2878976K)
[17.772s][info][gc,metaspace   ] GC(180) Metaspace: 6300K(6464K)->6300K(6464K) NonClass: 5767K(5824K)->5767K(5824K) Class: 533K(640K)->533K(640K)
[17.772s][info][gc             ] GC(180) Pause Young (Allocation Failure) 2643M->2643M(2971M) 47.690ms
[17.772s][info][gc,cpu         ] GC(180) User=0.23s Sys=0.00s Real=0.05s
[17.818s][info][gc,start       ] GC(181) Pause Young (Allocation Failure)
[17.881s][info][gc,heap        ] GC(181) PSYoungGen: 121056K(163328K)->121120K(153088K) Eden: 41472K(41472K)->0K(28160K) From: 79584K(121856K)->121120K(124928K)
[17.881s][info][gc,heap        ] GC(181) ParOldGen: 2627447K(2878976K)->2627447K(2878976K)
[17.881s][info][gc,metaspace   ] GC(181) Metaspace: 6300K(6464K)->6300K(6464K) NonClass: 5767K(5824K)->5767K(5824K) Class: 533K(640K)->533K(640K)
[17.881s][info][gc             ] GC(181) Pause Young (Allocation Failure) 2684M->2684M(2961M) 62.590ms
[17.881s][info][gc,cpu         ] GC(181) User=0.50s Sys=0.00s Real=0.06s
[17.913s][info][gc,start       ] GC(182) Pause Young (Allocation Failure)
[17.989s][info][gc,heap        ] GC(182) PSYoungGen: 149280K(153088K)->142336K(170496K) Eden: 28160K(28160K)->0K(28160K) From: 121120K(124928K)->142336K(142336K)
[17.989s][info][gc,heap        ] GC(182) ParOldGen: 2627447K(2878976K)->2634375K(2878976K)
[17.989s][info][gc,metaspace   ] GC(182) Metaspace: 6300K(6464K)->6300K(6464K) NonClass: 5767K(5824K)->5767K(5824K) Class: 533K(640K)->533K(640K)
[17.989s][info][gc             ] GC(182) Pause Young (Allocation Failure) 2711M->2711M(2978M) 76.828ms
[17.989s][info][gc,cpu         ] GC(182) User=0.48s Sys=0.00s Real=0.08s
[18.024s][info][gc,start       ] GC(183) Pause Young (Allocation Failure)
[18.118s][info][gc,heap        ] GC(183) PSYoungGen: 170496K(170496K)->95296K(198144K) Eden: 28160K(28160K)->0K(31744K) From: 142336K(142336K)->95296K(166400K)
[18.118s][info][gc,heap        ] GC(183) ParOldGen: 2634375K(2878976K)->2710247K(2878976K)
[18.118s][info][gc,metaspace   ] GC(183) Metaspace: 6300K(6464K)->6300K(6464K) NonClass: 5767K(5824K)->5767K(5824K) Class: 533K(640K)->533K(640K)
[18.118s][info][gc             ] GC(183) Pause Young (Allocation Failure) 2739M->2739M(3005M) 93.600ms
[18.118s][info][gc,cpu         ] GC(183) User=0.61s Sys=0.03s Real=0.09s
[18.156s][info][gc,start       ] GC(184) Pause Young (Allocation Failure)
[18.223s][info][gc,heap        ] GC(184) PSYoungGen: 127040K(198144K)->87328K(198144K) Eden: 31744K(31744K)->0K(31744K) From: 95296K(166400K)->87328K(166400K)
[18.223s][info][gc,heap        ] GC(184) ParOldGen: 2710247K(2878976K)->2750399K(2878976K)
[18.223s][info][gc,metaspace   ] GC(184) Metaspace: 6300K(6464K)->6300K(6464K) NonClass: 5767K(5824K)->5767K(5824K) Class: 533K(640K)->533K(640K)
[18.223s][info][gc             ] GC(184) Pause Young (Allocation Failure) 2770M->2771M(3005M) 67.120ms
[18.223s][info][gc,cpu         ] GC(184) User=0.39s Sys=0.02s Real=0.07s
[18.812s][info][gc,start       ] GC(185) Pause Young (Allocation Failure)
[18.934s][info][gc,heap        ] GC(185) PSYoungGen: 119072K(198144K)->91872K(192512K) Eden: 31744K(31744K)->0K(35328K) From: 87328K(166400K)->91872K(157184K)
[18.934s][info][gc,heap        ] GC(185) ParOldGen: 2881471K(3010560K)->2908871K(3010560K)
[18.934s][info][gc,metaspace   ] GC(185) Metaspace: 6300K(6464K)->6300K(6464K) NonClass: 5767K(5824K)->5767K(5824K) Class: 533K(640K)->533K(640K)
[18.934s][info][gc             ] GC(185) Pause Young (Allocation Failure) 2930M->2930M(3128M) 121.526ms
[18.934s][info][gc,cpu         ] GC(185) User=0.75s Sys=0.05s Real=0.12s
[18.973s][info][gc,start       ] GC(186) Pause Young (Allocation Failure)
[19.042s][info][gc,heap        ] GC(186) PSYoungGen: 127200K(192512K)->127232K(195584K) Eden: 35328K(35328K)->0K(35328K) From: 91872K(157184K)->127232K(160256K)
[19.042s][info][gc,heap        ] GC(186) ParOldGen: 2908871K(3010560K)->2908871K(3010560K)
[19.042s][info][gc,metaspace   ] GC(186) Metaspace: 6300K(6464K)->6300K(6464K) NonClass: 5767K(5824K)->5767K(5824K) Class: 533K(640K)->533K(640K)
[19.042s][info][gc             ] GC(186) Pause Young (Allocation Failure) 2964M->2964M(3131M) 68.756ms
[19.042s][info][gc,cpu         ] GC(186) User=0.23s Sys=0.00s Real=0.07s
[19.082s][info][gc,start       ] GC(187) Pause Young (Allocation Failure)
[19.162s][info][gc,heap        ] GC(187) PSYoungGen: 162560K(195584K)->134464K(199680K) Eden: 35328K(35328K)->0K(28672K) From: 127232K(160256K)->134464K(171008K)
[19.162s][info][gc,heap        ] GC(187) ParOldGen: 2908871K(3010560K)->2937295K(3010560K)
[19.162s][info][gc,metaspace   ] GC(187) Metaspace: 6300K(6464K)->6300K(6464K) NonClass: 5767K(5824K)->5767K(5824K) Class: 533K(640K)->533K(640K)
[19.162s][info][gc             ] GC(187) Pause Young (Allocation Failure) 2999M->2999M(3135M) 80.228ms
[19.162s][info][gc,cpu         ] GC(187) User=0.50s Sys=0.02s Real=0.08s
[19.189s][info][gc,start       ] GC(188) Pause Young (Allocation Failure)
[19.268s][info][gc,heap        ] GC(188) PSYoungGen: 163136K(199680K)->131360K(210432K) Eden: 28672K(28672K)->0K(28672K) From: 134464K(171008K)->131360K(181760K)
[19.268s][info][gc,heap        ] GC(188) ParOldGen: 2937295K(3010560K)->2969319K(3010560K)
[19.268s][info][gc,metaspace   ] GC(188) Metaspace: 6300K(6464K)->6300K(6464K) NonClass: 5767K(5824K)->5767K(5824K) Class: 533K(640K)->533K(640K)
[19.268s][info][gc             ] GC(188) Pause Young (Allocation Failure) 3027M->3028M(3145M) 78.792ms
[19.268s][info][gc,cpu         ] GC(188) User=0.33s Sys=0.02s Real=0.08s
[19.268s][info][gc,start       ] GC(189) Pause Full (Ergonomics)
[19.268s][info][gc,phases,start] GC(189) Marking Phase
[19.948s][info][gc,phases      ] GC(189) Marking Phase 679.890ms
[19.948s][info][gc,phases,start] GC(189) Summary Phase
[19.948s][info][gc,phases      ] GC(189) Summary Phase 0.049ms
[19.948s][info][gc,phases,start] GC(189) Adjust Roots
[19.948s][info][gc,phases      ] GC(189) Adjust Roots 0.160ms
[19.948s][info][gc,phases,start] GC(189) Compaction Phase
[20.441s][info][gc,phases      ] GC(189) Compaction Phase 492.387ms
[20.441s][info][gc,phases,start] GC(189) Post Compact
[20.447s][info][gc,phases      ] GC(189) Post Compact 6.199ms
[20.448s][info][gc,heap        ] GC(189) PSYoungGen: 131360K(210432K)->22121K(210432K) Eden: 0K(28672K)->0K(28672K) From: 131360K(181760K)->22121K(181760K)
[20.448s][info][gc,heap        ] GC(189) ParOldGen: 2969319K(3010560K)->3010524K(3286528K)
[20.448s][info][gc,metaspace   ] GC(189) Metaspace: 6300K(6464K)->6300K(6464K) NonClass: 5767K(5824K)->5767K(5824K) Class: 533K(640K)->533K(640K)
[20.448s][info][gc             ] GC(189) Pause Full (Ergonomics) 3028M->2961M(3415M) 1180.004ms
[20.448s][info][gc,cpu         ] GC(189) User=7.97s Sys=0.05s Real=1.18s
[20.481s][info][gc,start       ] GC(190) Pause Young (Allocation Failure)
[20.641s][info][gc,heap        ] GC(190) PSYoungGen: 50793K(210432K)->41856K(216576K) Eden: 28672K(28672K)->0K(31744K) From: 22121K(181760K)->41856K(184832K)
[20.641s][info][gc,heap        ] GC(190) ParOldGen: 3010524K(3286528K)->3019748K(3286528K)
[20.641s][info][gc,metaspace   ] GC(190) Metaspace: 6300K(6464K)->6300K(6464K) NonClass: 5767K(5824K)->5767K(5824K) Class: 533K(640K)->533K(640K)
[20.641s][info][gc             ] GC(190) Pause Young (Allocation Failure) 2989M->2989M(3421M) 159.375ms
[20.641s][info][gc,cpu         ] GC(190) User=1.03s Sys=0.00s Real=0.16s
[20.672s][info][gc,start       ] GC(191) Pause Young (Allocation Failure)
[20.723s][info][gc,heap        ] GC(191) PSYoungGen: 73600K(216576K)->70432K(102400K) Eden: 31744K(31744K)->0K(31744K) From: 41856K(184832K)->70432K(70656K)
[20.723s][info][gc,heap        ] GC(191) ParOldGen: 3019748K(3286528K)->3023076K(3286528K)
[20.723s][info][gc,metaspace   ] GC(191) Metaspace: 6300K(6464K)->6300K(6464K) NonClass: 5767K(5824K)->5767K(5824K) Class: 533K(640K)->533K(640K)
[20.723s][info][gc             ] GC(191) Pause Young (Allocation Failure) 3020M->3021M(3309M) 51.290ms
[20.723s][info][gc,cpu         ] GC(191) User=0.06s Sys=0.00s Real=0.05s
[20.754s][info][gc,start       ] GC(192) Pause Young (Allocation Failure)
[20.813s][info][gc,heap        ] GC(192) PSYoungGen: 102176K(102400K)->92416K(203776K) Eden: 31744K(31744K)->0K(35840K) From: 70432K(70656K)->92416K(167936K)
[20.813s][info][gc,heap        ] GC(192) ParOldGen: 3023076K(3286528K)->3032956K(3286528K)
[20.813s][info][gc,metaspace   ] GC(192) Metaspace: 6300K(6464K)->6300K(6464K) NonClass: 5767K(5824K)->5767K(5824K) Class: 533K(640K)->533K(640K)
[20.813s][info][gc             ] GC(192) Pause Young (Allocation Failure) 3052M->3052M(3408M) 59.094ms
[20.813s][info][gc,cpu         ] GC(192) User=0.19s Sys=0.00s Real=0.06s
[20.851s][info][gc,start       ] GC(193) Pause Young (Allocation Failure)
[20.920s][info][gc,heap        ] GC(193) PSYoungGen: 128256K(203776K)->99616K(209408K) Eden: 35840K(35840K)->0K(35840K) From: 92416K(167936K)->99616K(173568K)
[20.920s][info][gc,heap        ] GC(193) ParOldGen: 3032956K(3286528K)->3061916K(3286528K)
[20.920s][info][gc,metaspace   ] GC(193) Metaspace: 6300K(6464K)->6300K(6464K) NonClass: 5767K(5824K)->5767K(5824K) Class: 533K(640K)->533K(640K)
[20.920s][info][gc             ] GC(193) Pause Young (Allocation Failure) 3087M->3087M(3414M) 69.221ms
[20.920s][info][gc,cpu         ] GC(193) User=0.25s Sys=0.00s Real=0.07s
[20.960s][info][gc,start       ] GC(194) Pause Young (Allocation Failure)
[21.033s][info][gc,heap        ] GC(194) PSYoungGen: 135456K(209408K)->71872K(199168K) Eden: 35840K(35840K)->0K(40448K) From: 99616K(173568K)->71872K(158720K)
[21.033s][info][gc,heap        ] GC(194) ParOldGen: 3061916K(3286528K)->3125956K(3286528K)
[21.033s][info][gc,metaspace   ] GC(194) Metaspace: 6300K(6464K)->6300K(6464K) NonClass: 5767K(5824K)->5767K(5824K) Class: 533K(640K)->533K(640K)
[21.033s][info][gc             ] GC(194) Pause Young (Allocation Failure) 3122M->3122M(3404M) 72.439ms
[21.033s][info][gc,cpu         ] GC(194) User=0.39s Sys=0.02s Real=0.07s
[21.078s][info][gc,start       ] GC(195) Pause Young (Allocation Failure)
[21.145s][info][gc,heap        ] GC(195) PSYoungGen: 112320K(199168K)->40640K(204800K) Eden: 40448K(40448K)->0K(40448K) From: 71872K(158720K)->40640K(164352K)
[21.146s][info][gc,heap        ] GC(195) ParOldGen: 3125956K(3286528K)->3198260K(3286528K)
[21.146s][info][gc,metaspace   ] GC(195) Metaspace: 6300K(6464K)->6300K(6464K) NonClass: 5767K(5824K)->5767K(5824K) Class: 533K(640K)->533K(640K)
[21.146s][info][gc             ] GC(195) Pause Young (Allocation Failure) 3162M->3162M(3409M) 67.192ms
[21.146s][info][gc,cpu         ] GC(195) User=0.27s Sys=0.03s Real=0.07s
[21.185s][info][gc,start       ] GC(196) Pause Young (Allocation Failure)
[21.240s][info][gc,heap        ] GC(196) PSYoungGen: 81088K(204800K)->40608K(206336K) Eden: 40448K(40448K)->0K(45568K) From: 40640K(164352K)->40608K(160768K)
[21.240s][info][gc,heap        ] GC(196) ParOldGen: 3198260K(3286528K)->3239076K(3286528K)
[21.240s][info][gc,metaspace   ] GC(196) Metaspace: 6300K(6464K)->6300K(6464K) NonClass: 5767K(5824K)->5767K(5824K) Class: 533K(640K)->533K(640K)
[21.240s][info][gc             ] GC(196) Pause Young (Allocation Failure) 3202M->3202M(3411M) 55.232ms
[21.240s][info][gc,cpu         ] GC(196) User=0.16s Sys=0.02s Real=0.05s
[21.240s][info][gc,start       ] GC(197) Pause Full (Ergonomics)
[21.240s][info][gc,phases,start] GC(197) Marking Phase
[21.990s][info][gc,phases      ] GC(197) Marking Phase 750.086ms
[21.991s][info][gc,phases,start] GC(197) Summary Phase
[21.991s][info][gc,phases      ] GC(197) Summary Phase 0.061ms
[21.991s][info][gc,phases,start] GC(197) Adjust Roots
[21.991s][info][gc,phases      ] GC(197) Adjust Roots 0.168ms
[21.991s][info][gc,phases,start] GC(197) Compaction Phase
[22.305s][info][gc,phases      ] GC(197) Compaction Phase 314.236ms
[22.305s][info][gc,phases,start] GC(197) Post Compact
[22.311s][info][gc,phases      ] GC(197) Post Compact 6.004ms
[22.312s][info][gc,heap        ] GC(197) PSYoungGen: 40608K(206336K)->0K(207872K) Eden: 0K(45568K)->0K(45568K) From: 40608K(160768K)->0K(162304K)
[22.312s][info][gc,heap        ] GC(197) ParOldGen: 3239076K(3286528K)->3277174K(3600384K)
[22.312s][info][gc,metaspace   ] GC(197) Metaspace: 6300K(6464K)->6300K(6464K) NonClass: 5767K(5824K)->5767K(5824K) Class: 533K(640K)->533K(640K)
[22.312s][info][gc             ] GC(197) Pause Full (Ergonomics) 3202M->3200M(3719M) 1072.040ms
[22.312s][info][gc,cpu         ] GC(197) User=7.75s Sys=0.02s Real=1.07s
[22.360s][info][gc,start       ] GC(198) Pause Young (Allocation Failure)
[22.403s][info][gc,heap        ] GC(198) PSYoungGen: 45568K(207872K)->45792K(205312K) Eden: 45568K(45568K)->0K(50176K) From: 0K(162304K)->45792K(155136K)
[22.403s][info][gc,heap        ] GC(198) ParOldGen: 3277174K(3600384K)->3277174K(3600384K)
[22.403s][info][gc,metaspace   ] GC(198) Metaspace: 6300K(6464K)->6300K(6464K) NonClass: 5767K(5824K)->5767K(5824K) Class: 533K(640K)->533K(640K)
[22.403s][info][gc             ] GC(198) Pause Young (Allocation Failure) 3244M->3245M(3716M) 42.831ms
[22.403s][info][gc,cpu         ] GC(198) User=0.05s Sys=0.00s Real=0.04s
[22.460s][info][gc,start       ] GC(199) Pause Young (Allocation Failure)
[22.518s][info][gc,heap        ] GC(199) PSYoungGen: 95968K(205312K)->96032K(209408K) Eden: 50176K(50176K)->0K(50176K) From: 45792K(155136K)->96032K(159232K)
[22.518s][info][gc,heap        ] GC(199) ParOldGen: 3277174K(3600384K)->3277174K(3600384K)
[22.518s][info][gc,metaspace   ] GC(199) Metaspace: 6300K(6464K)->6300K(6464K) NonClass: 5767K(5824K)->5767K(5824K) Class: 533K(640K)->533K(640K)
[22.518s][info][gc             ] GC(199) Pause Young (Allocation Failure) 3294M->3294M(3720M) 58.184ms
[22.518s][info][gc,cpu         ] GC(199) User=0.16s Sys=0.00s Real=0.06s
[22.574s][info][gc,start       ] GC(200) Pause Young (Allocation Failure)
[22.651s][info][gc,heap        ] GC(200) PSYoungGen: 146208K(209408K)->146240K(196096K) Eden: 50176K(50176K)->0K(37376K) From: 96032K(159232K)->146240K(158720K)
[22.651s][info][gc,heap        ] GC(200) ParOldGen: 3277174K(3600384K)->3277174K(3600384K)
[22.651s][info][gc,metaspace   ] GC(200) Metaspace: 6300K(6464K)->6300K(6464K) NonClass: 5767K(5824K)->5767K(5824K) Class: 533K(640K)->533K(640K)
[22.651s][info][gc             ] GC(200) Pause Young (Allocation Failure) 3343M->3343M(3707M) 77.102ms
[22.651s][info][gc,cpu         ] GC(200) User=0.28s Sys=0.00s Real=0.08s
[22.692s][info][gc,start       ] GC(201) Pause Young (Allocation Failure)
[22.781s][info][gc,heap        ] GC(201) PSYoungGen: 183616K(196096K)->138048K(214016K) Eden: 37376K(37376K)->0K(37376K) From: 146240K(158720K)->138048K(176640K)
[22.781s][info][gc,heap        ] GC(201) ParOldGen: 3277174K(3600384K)->3323150K(3600384K)
[22.781s][info][gc,metaspace   ] GC(201) Metaspace: 6300K(6464K)->6300K(6464K) NonClass: 5767K(5824K)->5767K(5824K) Class: 533K(640K)->533K(640K)
[22.781s][info][gc             ] GC(201) Pause Young (Allocation Failure) 3379M->3380M(3725M) 88.808ms
[22.781s][info][gc,cpu         ] GC(201) User=0.70s Sys=0.00s Real=0.09s
[22.814s][info][gc,start       ] GC(202) Pause Young (Allocation Failure)
[22.900s][info][gc,heap        ] GC(202) PSYoungGen: 175424K(214016K)->125184K(226304K) Eden: 37376K(37376K)->0K(38400K) From: 138048K(176640K)->125184K(187904K)
[22.900s][info][gc,heap        ] GC(202) ParOldGen: 3323150K(3600384K)->3373774K(3600384K)
[22.900s][info][gc,metaspace   ] GC(202) Metaspace: 6300K(6464K)->6300K(6464K) NonClass: 5767K(5824K)->5767K(5824K) Class: 533K(640K)->533K(640K)
[22.900s][info][gc             ] GC(202) Pause Young (Allocation Failure) 3416M->3416M(3737M) 85.915ms
[22.900s][info][gc,cpu         ] GC(202) User=0.36s Sys=0.06s Real=0.09s
[22.938s][info][gc,start       ] GC(203) Pause Young (Allocation Failure)
[23.018s][info][gc,heap        ] GC(203) PSYoungGen: 163584K(226304K)->76032K(114688K) Eden: 38400K(38400K)->0K(38400K) From: 125184K(187904K)->76032K(76288K)
[23.018s][info][gc,heap        ] GC(203) ParOldGen: 3373774K(3600384K)->3462086K(3600384K)
[23.018s][info][gc,metaspace   ] GC(203) Metaspace: 6300K(6464K)->6300K(6464K) NonClass: 5767K(5824K)->5767K(5824K) Class: 533K(640K)->533K(640K)
[23.018s][info][gc             ] GC(203) Pause Young (Allocation Failure) 3454M->3455M(3628M) 79.946ms
[23.018s][info][gc,cpu         ] GC(203) User=0.48s Sys=0.03s Real=0.08s
[23.057s][info][gc,start       ] GC(204) Pause Young (Allocation Failure)
[23.119s][info][gc,heap        ] GC(204) PSYoungGen: 114432K(114688K)->38528K(226816K) Eden: 38400K(38400K)->0K(43520K) From: 76032K(76288K)->38528K(183296K)
[23.119s][info][gc,heap        ] GC(204) ParOldGen: 3462086K(3600384K)->3538510K(3600384K)
[23.119s][info][gc,metaspace   ] GC(204) Metaspace: 6300K(6464K)->6300K(6464K) NonClass: 5767K(5824K)->5767K(5824K) Class: 533K(640K)->533K(640K)
[23.119s][info][gc             ] GC(204) Pause Young (Allocation Failure) 3492M->3493M(3737M) 62.467ms
[23.119s][info][gc,cpu         ] GC(204) User=0.25s Sys=0.03s Real=0.06s
[23.119s][info][gc,start       ] GC(205) Pause Full (Ergonomics)
[23.119s][info][gc,phases,start] GC(205) Marking Phase
[23.939s][info][gc,phases      ] GC(205) Marking Phase 820.007ms
[23.939s][info][gc,phases,start] GC(205) Summary Phase
[23.939s][info][gc,phases      ] GC(205) Summary Phase 0.067ms
[23.939s][info][gc,phases,start] GC(205) Adjust Roots
[23.940s][info][gc,phases      ] GC(205) Adjust Roots 0.170ms
[23.940s][info][gc,phases,start] GC(205) Compaction Phase
[24.262s][info][gc,phases      ] GC(205) Compaction Phase 322.326ms
[24.262s][info][gc,phases,start] GC(205) Post Compact
[24.269s][info][gc,phases      ] GC(205) Post Compact 6.545ms
[24.270s][info][gc,heap        ] GC(205) PSYoungGen: 38528K(226816K)->0K(227328K) Eden: 0K(43520K)->0K(43520K) From: 38528K(183296K)->0K(183808K)
[24.270s][info][gc,heap        ] GC(205) ParOldGen: 3538510K(3600384K)->3574419K(3951104K)
[24.270s][info][gc,metaspace   ] GC(205) Metaspace: 6300K(6464K)->6300K(6464K) NonClass: 5767K(5824K)->5767K(5824K) Class: 533K(640K)->533K(640K)
[24.270s][info][gc             ] GC(205) Pause Full (Ergonomics) 3493M->3490M(4080M) 1150.577ms
[24.270s][info][gc,cpu         ] GC(205) User=8.53s Sys=0.02s Real=1.15s
[24.318s][info][gc,start       ] GC(206) Pause Young (Allocation Failure)
[24.359s][info][gc,heap        ] GC(206) PSYoungGen: 43520K(227328K)->43712K(223744K) Eden: 43520K(43520K)->0K(47616K) From: 0K(183808K)->43712K(176128K)
[24.359s][info][gc,heap        ] GC(206) ParOldGen: 3574419K(3951104K)->3574419K(3951104K)
[24.359s][info][gc,metaspace   ] GC(206) Metaspace: 6300K(6464K)->6300K(6464K) NonClass: 5767K(5824K)->5767K(5824K) Class: 533K(640K)->533K(640K)
[24.359s][info][gc             ] GC(206) Pause Young (Allocation Failure) 3533M->3533M(4077M) 41.593ms
[24.359s][info][gc,cpu         ] GC(206) User=0.16s Sys=0.00s Real=0.04s
[24.413s][info][gc,start       ] GC(207) Pause Young (Allocation Failure)
[24.471s][info][gc,heap        ] GC(207) PSYoungGen: 91328K(223744K)->91424K(139264K) Eden: 47616K(47616K)->0K(47616K) From: 43712K(176128K)->91424K(91648K)
[24.471s][info][gc,heap        ] GC(207) ParOldGen: 3574419K(3951104K)->3574419K(3951104K)
[24.471s][info][gc,metaspace   ] GC(207) Metaspace: 6300K(6464K)->6300K(6464K) NonClass: 5767K(5824K)->5767K(5824K) Class: 533K(640K)->533K(640K)
[24.471s][info][gc             ] GC(207) Pause Young (Allocation Failure) 3579M->3579M(3994M) 58.217ms
[24.471s][info][gc,cpu         ] GC(207) User=0.17s Sys=0.00s Real=0.06s
[24.520s][info][gc,start       ] GC(208) Pause Young (Allocation Failure)
[24.593s][info][gc,heap        ] GC(208) PSYoungGen: 139040K(139264K)->139072K(215552K) Eden: 47616K(47616K)->0K(40960K) From: 91424K(91648K)->139072K(174592K)
[24.593s][info][gc,heap        ] GC(208) ParOldGen: 3574419K(3951104K)->3574419K(3951104K)
[24.593s][info][gc,metaspace   ] GC(208) Metaspace: 6300K(6464K)->6300K(6464K) NonClass: 5767K(5824K)->5767K(5824K) Class: 533K(640K)->533K(640K)
[24.593s][info][gc             ] GC(208) Pause Young (Allocation Failure) 3626M->3626M(4069M) 72.872ms
[24.593s][info][gc,cpu         ] GC(208) User=0.31s Sys=0.00s Real=0.07s
[24.634s][info][gc,start       ] GC(209) Pause Young (Allocation Failure)
[24.720s][info][gc,heap        ] GC(209) PSYoungGen: 180032K(215552K)->136544K(227328K) Eden: 40960K(40960K)->0K(40960K) From: 139072K(174592K)->136544K(186368K)
[24.720s][info][gc,heap        ] GC(209) ParOldGen: 3574419K(3951104K)->3618331K(3951104K)
[24.720s][info][gc,metaspace   ] GC(209) Metaspace: 6300K(6464K)->6300K(6464K) NonClass: 5767K(5824K)->5767K(5824K) Class: 533K(640K)->533K(640K)
[24.720s][info][gc             ] GC(209) Pause Young (Allocation Failure) 3666M->3666M(4080M) 86.626ms
[24.720s][info][gc,cpu         ] GC(209) User=0.56s Sys=0.06s Real=0.09s
[24.760s][info][gc,start       ] GC(210) Pause Young (Allocation Failure)
[24.846s][info][gc,heap        ] GC(210) PSYoungGen: 177504K(227328K)->129856K(236544K) Eden: 40960K(40960K)->0K(41984K) From: 136544K(186368K)->129856K(194560K)
[24.846s][info][gc,heap        ] GC(210) ParOldGen: 3618331K(3951104K)->3666371K(3951104K)
[24.846s][info][gc,metaspace   ] GC(210) Metaspace: 6300K(6464K)->6300K(6464K) NonClass: 5767K(5824K)->5767K(5824K) Class: 533K(640K)->533K(640K)
[24.846s][info][gc             ] GC(210) Pause Young (Allocation Failure) 3706M->3707M(4089M) 85.173ms
[24.846s][info][gc,cpu         ] GC(210) User=0.50s Sys=0.02s Real=0.09s
[24.888s][info][gc,start       ] GC(211) Pause Young (Allocation Failure)
[24.970s][info][gc,heap        ] GC(211) PSYoungGen: 171840K(236544K)->124224K(240128K) Eden: 41984K(41984K)->0K(41984K) From: 129856K(194560K)->124224K(198144K)
[24.970s][info][gc,heap        ] GC(211) ParOldGen: 3666371K(3951104K)->3714419K(3951104K)
[24.971s][info][gc,metaspace   ] GC(211) Metaspace: 6300K(6464K)->6300K(6464K) NonClass: 5767K(5824K)->5767K(5824K) Class: 533K(640K)->533K(640K)
[24.971s][info][gc             ] GC(211) Pause Young (Allocation Failure) 3748M->3748M(4093M) 82.483ms
[24.971s][info][gc,cpu         ] GC(211) User=0.47s Sys=0.06s Real=0.08s
[25.019s][info][gc,start       ] GC(212) Pause Young (Allocation Failure)
[25.102s][info][gc,heap        ] GC(212) PSYoungGen: 166208K(240128K)->84192K(230912K) Eden: 41984K(41984K)->0K(47616K) From: 124224K(198144K)->84192K(183296K)
[25.102s][info][gc,heap        ] GC(212) ParOldGen: 3714419K(3951104K)->3797043K(3951104K)
[25.102s][info][gc,metaspace   ] GC(212) Metaspace: 6300K(6464K)->6300K(6464K) NonClass: 5767K(5824K)->5767K(5824K) Class: 533K(640K)->533K(640K)
[25.102s][info][gc             ] GC(212) Pause Young (Allocation Failure) 3789M->3790M(4084M) 83.209ms
[25.102s][info][gc,cpu         ] GC(212) User=0.52s Sys=0.02s Real=0.08s
[25.150s][info][gc,start       ] GC(213) Pause Young (Allocation Failure)
[25.222s][info][gc,heap        ] GC(213) PSYoungGen: 131808K(230912K)->47808K(238592K) Eden: 47616K(47616K)->0K(47616K) From: 84192K(183296K)->47808K(190976K)
[25.222s][info][gc,heap        ] GC(213) ParOldGen: 3797043K(3951104K)->3881723K(3951104K)
[25.222s][info][gc,metaspace   ] GC(213) Metaspace: 6300K(6464K)->6300K(6464K) NonClass: 5767K(5824K)->5767K(5824K) Class: 533K(640K)->533K(640K)
[25.222s][info][gc             ] GC(213) Pause Young (Allocation Failure) 3836M->3837M(4091M) 71.771ms
[25.222s][info][gc,cpu         ] GC(213) User=0.41s Sys=0.00s Real=0.07s
[25.222s][info][gc,start       ] GC(214) Pause Full (Ergonomics)
[25.222s][info][gc,phases,start] GC(214) Marking Phase
[26.117s][info][gc,phases      ] GC(214) Marking Phase 894.309ms
[26.117s][info][gc,phases,start] GC(214) Summary Phase
[26.117s][info][gc,phases      ] GC(214) Summary Phase 0.066ms
[26.117s][info][gc,phases,start] GC(214) Adjust Roots
[26.117s][info][gc,phases      ] GC(214) Adjust Roots 0.159ms
[26.117s][info][gc,phases,start] GC(214) Compaction Phase
[26.487s][info][gc,phases      ] GC(214) Compaction Phase 369.975ms
[26.487s][info][gc,phases,start] GC(214) Post Compact
[26.494s][info][gc,phases      ] GC(214) Post Compact 7.157ms
[26.495s][info][gc,heap        ] GC(214) PSYoungGen: 47808K(238592K)->0K(244224K) Eden: 0K(47616K)->0K(53760K) From: 47808K(190976K)->0K(190464K)
[26.495s][info][gc,heap        ] GC(214) ParOldGen: 3881723K(3951104K)->3926412K(4345344K)
[26.495s][info][gc,metaspace   ] GC(214) Metaspace: 6300K(6464K)->6300K(6464K) NonClass: 5767K(5824K)->5767K(5824K) Class: 533K(640K)->533K(640K)
[26.496s][info][gc             ] GC(214) Pause Full (Ergonomics) 3837M->3834M(4482M) 1273.264ms
[26.496s][info][gc,cpu         ] GC(214) User=9.23s Sys=0.06s Real=1.27s
[26.555s][info][gc,start       ] GC(215) Pause Young (Allocation Failure)
[26.601s][info][gc,heap        ] GC(215) PSYoungGen: 53760K(244224K)->53984K(244224K) Eden: 53760K(53760K)->0K(53760K) From: 0K(190464K)->53984K(190464K)
[26.601s][info][gc,heap        ] GC(215) ParOldGen: 3926412K(4345344K)->3926412K(4345344K)
[26.601s][info][gc,metaspace   ] GC(215) Metaspace: 6300K(6464K)->6300K(6464K) NonClass: 5767K(5824K)->5767K(5824K) Class: 533K(640K)->533K(640K)
[26.601s][info][gc             ] GC(215) Pause Young (Allocation Failure) 3886M->3887M(4482M) 46.276ms
[26.601s][info][gc,cpu         ] GC(215) User=0.05s Sys=0.00s Real=0.05s
[26.657s][info][gc,start       ] GC(216) Pause Young (Allocation Failure)
[26.722s][info][gc,heap        ] GC(216) PSYoungGen: 107744K(244224K)->107840K(241152K) Eden: 53760K(53760K)->0K(59392K) From: 53984K(190464K)->107840K(181760K)
[26.722s][info][gc,heap        ] GC(216) ParOldGen: 3926412K(4345344K)->3926412K(4345344K)
[26.722s][info][gc,metaspace   ] GC(216) Metaspace: 6300K(6464K)->6300K(6464K) NonClass: 5767K(5824K)->5767K(5824K) Class: 533K(640K)->533K(640K)
[26.722s][info][gc             ] GC(216) Pause Young (Allocation Failure) 3939M->3939M(4479M) 65.018ms
[26.722s][info][gc,cpu         ] GC(216) User=0.25s Sys=0.00s Real=0.07s
[26.792s][info][gc,start       ] GC(217) Pause Young (Allocation Failure)
[26.875s][info][gc,heap        ] GC(217) PSYoungGen: 167232K(241152K)->167264K(243712K) Eden: 59392K(59392K)->0K(59392K) From: 107840K(181760K)->167264K(184320K)
[26.875s][info][gc,heap        ] GC(217) ParOldGen: 3926412K(4345344K)->3926412K(4345344K)
[26.875s][info][gc,metaspace   ] GC(217) Metaspace: 6300K(6464K)->6300K(6464K) NonClass: 5767K(5824K)->5767K(5824K) Class: 533K(640K)->533K(640K)
[26.875s][info][gc             ] GC(217) Pause Young (Allocation Failure) 3997M->3997M(4481M) 82.375ms
[26.875s][info][gc,cpu         ] GC(217) User=0.52s Sys=0.00s Real=0.08s
[26.942s][info][gc,start       ] GC(218) Pause Young (Allocation Failure)
[27.057s][info][gc,heap        ] GC(218) PSYoungGen: 226656K(243712K)->203264K(231424K) Eden: 59392K(59392K)->0K(28160K) From: 167264K(184320K)->203264K(203264K)
[27.057s][info][gc,heap        ] GC(218) ParOldGen: 3926412K(4345344K)->3949996K(4345344K)
[27.057s][info][gc,metaspace   ] GC(218) Metaspace: 6300K(6464K)->6300K(6464K) NonClass: 5767K(5824K)->5767K(5824K) Class: 533K(640K)->533K(640K)
[27.057s][info][gc             ] GC(218) Pause Young (Allocation Failure) 4055M->4055M(4469M) 114.962ms
[27.057s][info][gc,cpu         ] GC(218) User=0.81s Sys=0.06s Real=0.12s
[27.086s][info][gc,start       ] GC(219) Pause Young (Allocation Failure)
[27.201s][info][gc,heap        ] GC(219) PSYoungGen: 231424K(231424K)->136736K(268800K) Eden: 28160K(28160K)->0K(28160K) From: 203264K(203264K)->136736K(240640K)
[27.201s][info][gc,heap        ] GC(219) ParOldGen: 3949996K(4345344K)->4045556K(4345344K)
[27.201s][info][gc,metaspace   ] GC(219) Metaspace: 6300K(6464K)->6300K(6464K) NonClass: 5767K(5824K)->5767K(5824K) Class: 533K(640K)->533K(640K)
[27.201s][info][gc             ] GC(219) Pause Young (Allocation Failure) 4083M->4084M(4506M) 114.766ms
[27.201s][info][gc,cpu         ] GC(219) User=0.80s Sys=0.06s Real=0.12s
[27.229s][info][gc,start       ] GC(220) Pause Young (Allocation Failure)
[27.310s][info][gc,heap        ] GC(220) PSYoungGen: 164896K(268800K)->110080K(245248K) Eden: 28160K(28160K)->0K(31744K) From: 136736K(240640K)->110080K(213504K)
[27.310s][info][gc,heap        ] GC(220) ParOldGen: 4045556K(4345344K)->4100868K(4345344K)
[27.311s][info][gc,metaspace   ] GC(220) Metaspace: 6300K(6464K)->6300K(6464K) NonClass: 5767K(5824K)->5767K(5824K) Class: 533K(640K)->533K(640K)
[27.311s][info][gc             ] GC(220) Pause Young (Allocation Failure) 4111M->4112M(4483M) 81.339ms
[27.311s][info][gc,cpu         ] GC(220) User=0.50s Sys=0.03s Real=0.08s
[27.345s][info][gc,start       ] GC(221) Pause Young (Allocation Failure)
[27.421s][info][gc,heap        ] GC(221) PSYoungGen: 141824K(245248K)->60160K(257024K) Eden: 31744K(31744K)->0K(31744K) From: 110080K(213504K)->60160K(225280K)
[27.421s][info][gc,heap        ] GC(221) ParOldGen: 4100868K(4345344K)->4183180K(4345344K)
[27.421s][info][gc,metaspace   ] GC(221) Metaspace: 6300K(6464K)->6300K(6464K) NonClass: 5767K(5824K)->5767K(5824K) Class: 533K(640K)->533K(640K)
[27.421s][info][gc             ] GC(221) Pause Young (Allocation Failure) 4143M->4143M(4494M) 75.866ms
[27.421s][info][gc,cpu         ] GC(221) User=0.34s Sys=0.08s Real=0.08s
[27.457s][info][gc,start       ] GC(222) Pause Young (Allocation Failure)
[27.516s][info][gc,heap        ] GC(222) PSYoungGen: 91904K(257024K)->31904K(258048K) Eden: 31744K(31744K)->0K(34816K) From: 60160K(225280K)->31904K(223232K)
[27.516s][info][gc,heap        ] GC(222) ParOldGen: 4183180K(4345344K)->4243604K(4345344K)
[27.516s][info][gc,metaspace   ] GC(222) Metaspace: 6300K(6464K)->6300K(6464K) NonClass: 5767K(5824K)->5767K(5824K) Class: 533K(640K)->533K(640K)
[27.516s][info][gc             ] GC(222) Pause Young (Allocation Failure) 4174M->4175M(4495M) 58.903ms
[27.516s][info][gc,cpu         ] GC(222) User=0.20s Sys=0.00s Real=0.06s
[27.516s][info][gc,start       ] GC(223) Pause Full (Ergonomics)
[27.516s][info][gc,phases,start] GC(223) Marking Phase
[28.476s][info][gc,phases      ] GC(223) Marking Phase 960.094ms
[28.476s][info][gc,phases,start] GC(223) Summary Phase
[28.476s][info][gc,phases      ] GC(223) Summary Phase 0.077ms
[28.476s][info][gc,phases,start] GC(223) Adjust Roots
[28.476s][info][gc,phases      ] GC(223) Adjust Roots 0.157ms
[28.476s][info][gc,phases,start] GC(223) Compaction Phase
[28.871s][info][gc,phases      ] GC(223) Compaction Phase 394.184ms
[28.871s][info][gc,phases,start] GC(223) Post Compact
[28.877s][info][gc,phases      ] GC(223) Post Compact 6.181ms
[28.878s][info][gc,heap        ] GC(223) PSYoungGen: 31904K(258048K)->0K(259584K) Eden: 0K(34816K)->0K(34816K) From: 31904K(223232K)->0K(224768K)
[28.878s][info][gc,heap        ] GC(223) ParOldGen: 4243604K(4345344K)->4272265K(4730368K)
[28.878s][info][gc,metaspace   ] GC(223) Metaspace: 6300K(6464K)->6300K(6464K) NonClass: 5767K(5824K)->5767K(5824K) Class: 533K(640K)->533K(640K)
[28.878s][info][gc             ] GC(223) Pause Full (Ergonomics) 4175M->4172M(4873M) 1362.076ms
[28.878s][info][gc,cpu         ] GC(223) User=9.84s Sys=0.02s Real=1.36s
[28.922s][info][gc,start       ] GC(224) Pause Young (Allocation Failure)
[28.962s][info][gc,heap        ] GC(224) PSYoungGen: 34816K(259584K)->34944K(259072K) Eden: 34816K(34816K)->0K(38400K) From: 0K(224768K)->34944K(220672K)
[28.962s][info][gc,heap        ] GC(224) ParOldGen: 4272265K(4730368K)->4272265K(4730368K)
[28.962s][info][gc,metaspace   ] GC(224) Metaspace: 6300K(6464K)->6300K(6464K) NonClass: 5767K(5824K)->5767K(5824K) Class: 533K(640K)->533K(640K)
[28.962s][info][gc             ] GC(224) Pause Young (Allocation Failure) 4206M->4206M(4872M) 40.160ms
[28.962s][info][gc,cpu         ] GC(224) User=0.06s Sys=0.00s Real=0.04s
[29.010s][info][gc,start       ] GC(225) Pause Young (Allocation Failure)
[29.069s][info][gc,heap        ] GC(225) PSYoungGen: 73344K(259072K)->73440K(112128K) Eden: 38400K(38400K)->0K(38400K) From: 34944K(220672K)->73440K(73728K)
[29.069s][info][gc,heap        ] GC(225) ParOldGen: 4272265K(4730368K)->4272265K(4730368K)
[29.069s][info][gc,metaspace   ] GC(225) Metaspace: 6300K(6464K)->6300K(6464K) NonClass: 5767K(5824K)->5767K(5824K) Class: 533K(640K)->533K(640K)
[29.069s][info][gc             ] GC(225) Pause Young (Allocation Failure) 4243M->4243M(4729M) 58.492ms
[29.069s][info][gc,cpu         ] GC(225) User=0.19s Sys=0.00s Real=0.06s
[29.111s][info][gc,start       ] GC(226) Pause Young (Allocation Failure)
[29.182s][info][gc,heap        ] GC(226) PSYoungGen: 111840K(112128K)->111904K(247296K) Eden: 38400K(38400K)->0K(42496K) From: 73440K(73728K)->111904K(204800K)
[29.182s][info][gc,heap        ] GC(226) ParOldGen: 4272265K(4730368K)->4272265K(4730368K)
[29.182s][info][gc,metaspace   ] GC(226) Metaspace: 6300K(6464K)->6300K(6464K) NonClass: 5767K(5824K)->5767K(5824K) Class: 533K(640K)->533K(640K)
[29.182s][info][gc             ] GC(226) Pause Young (Allocation Failure) 4281M->4281M(4861M) 70.681ms
[29.182s][info][gc,cpu         ] GC(226) User=0.28s Sys=0.00s Real=0.07s
[29.228s][info][gc,start       ] GC(227) Pause Young (Allocation Failure)
[29.308s][info][gc,heap        ] GC(227) PSYoungGen: 154400K(247296K)->119552K(251904K) Eden: 42496K(42496K)->0K(42496K) From: 111904K(204800K)->119552K(209408K)
[29.308s][info][gc,heap        ] GC(227) ParOldGen: 4272265K(4730368K)->4307393K(4730368K)
[29.308s][info][gc,metaspace   ] GC(227) Metaspace: 6300K(6464K)->6300K(6464K) NonClass: 5767K(5824K)->5767K(5824K) Class: 533K(640K)->533K(640K)
[29.308s][info][gc             ] GC(227) Pause Young (Allocation Failure) 4322M->4323M(4865M) 80.041ms
[29.308s][info][gc,cpu         ] GC(227) User=0.48s Sys=0.00s Real=0.08s
[29.353s][info][gc,start       ] GC(228) Pause Young (Allocation Failure)
[29.435s][info][gc,heap        ] GC(228) PSYoungGen: 162048K(251904K)->123680K(252928K) Eden: 42496K(42496K)->0K(47616K) From: 119552K(209408K)->123680K(205312K)
[29.435s][info][gc,heap        ] GC(228) ParOldGen: 4307393K(4730368K)->4346129K(4730368K)
[29.435s][info][gc,metaspace   ] GC(228) Metaspace: 6300K(6464K)->6300K(6464K) NonClass: 5767K(5824K)->5767K(5824K) Class: 533K(640K)->533K(640K)
[29.435s][info][gc             ] GC(228) Pause Young (Allocation Failure) 4364M->4365M(4866M) 81.471ms
[29.435s][info][gc,cpu         ] GC(228) User=0.47s Sys=0.05s Real=0.08s
[29.488s][info][gc,start       ] GC(229) Pause Young (Allocation Failure)
[29.573s][info][gc,heap        ] GC(229) PSYoungGen: 171296K(252928K)->132928K(253952K) Eden: 47616K(47616K)->0K(47616K) From: 123680K(205312K)->132928K(206336K)
[29.573s][info][gc,heap        ] GC(229) ParOldGen: 4346129K(4730368K)->4384889K(4730368K)
[29.573s][info][gc,metaspace   ] GC(229) Metaspace: 6300K(6464K)->6300K(6464K) NonClass: 5767K(5824K)->5767K(5824K) Class: 533K(640K)->533K(640K)
[29.573s][info][gc             ] GC(229) Pause Young (Allocation Failure) 4411M->4411M(4867M) 85.523ms
[29.574s][info][gc,cpu         ] GC(229) User=0.52s Sys=0.02s Real=0.09s
[29.632s][info][gc,start       ] GC(230) Pause Young (Allocation Failure)
[29.723s][info][gc,heap        ] GC(230) PSYoungGen: 180544K(253952K)->138048K(259072K) Eden: 47616K(47616K)->0K(51200K) From: 132928K(206336K)->138048K(207872K)
[29.723s][info][gc,heap        ] GC(230) ParOldGen: 4384889K(4730368K)->4427761K(4730368K)
[29.723s][info][gc,metaspace   ] GC(230) Metaspace: 6300K(6464K)->6300K(6464K) NonClass: 5767K(5824K)->5767K(5824K) Class: 533K(640K)->533K(640K)
[29.723s][info][gc             ] GC(230) Pause Young (Allocation Failure) 4458M->4458M(4872M) 90.944ms
[29.723s][info][gc,cpu         ] GC(230) User=0.59s Sys=0.02s Real=0.09s
[29.782s][info][gc,start       ] GC(231) Pause Young (Allocation Failure)
[29.883s][info][gc,heap        ] GC(231) PSYoungGen: 189248K(259072K)->146816K(261632K) Eden: 51200K(51200K)->0K(51200K) From: 138048K(207872K)->146816K(210432K)
[29.883s][info][gc,heap        ] GC(231) ParOldGen: 4427761K(4730368K)->4470633K(4730368K)
[29.883s][info][gc,metaspace   ] GC(231) Metaspace: 6300K(6464K)->6300K(6464K) NonClass: 5767K(5824K)->5767K(5824K) Class: 533K(640K)->533K(640K)
[29.883s][info][gc             ] GC(231) Pause Young (Allocation Failure) 4508M->4509M(4875M) 100.628ms
[29.883s][info][gc,cpu         ] GC(231) User=0.55s Sys=0.08s Real=0.10s
[29.942s][info][gc,start       ] GC(232) Pause Young (Allocation Failure)
[30.047s][info][gc,heap        ] GC(232) PSYoungGen: 198016K(261632K)->150368K(268288K) Eden: 51200K(51200K)->0K(53248K) From: 146816K(210432K)->150368K(215040K)
[30.047s][info][gc,heap        ] GC(232) ParOldGen: 4470633K(4730368K)->4518689K(4730368K)
[30.047s][info][gc,metaspace   ] GC(232) Metaspace: 6300K(6464K)->6300K(6464K) NonClass: 5767K(5824K)->5767K(5824K) Class: 533K(640K)->533K(640K)
[30.047s][info][gc             ] GC(232) Pause Young (Allocation Failure) 4559M->4559M(4881M) 105.501ms
[30.047s][info][gc,cpu         ] GC(232) User=0.84s Sys=0.02s Real=0.11s
[30.102s][info][gc,start       ] GC(233) Pause Young (Allocation Failure)
[30.211s][info][gc,heap        ] GC(233) PSYoungGen: 203616K(268288K)->104768K(158208K) Eden: 53248K(53248K)->0K(53248K) From: 150368K(215040K)->104768K(104960K)
[30.211s][info][gc,heap        ] GC(233) ParOldGen: 4518689K(4730368K)->4618361K(4730368K)
[30.211s][info][gc,metaspace   ] GC(233) Metaspace: 6300K(6464K)->6300K(6464K) NonClass: 5767K(5824K)->5767K(5824K) Class: 533K(640K)->533K(640K)
[30.211s][info][gc             ] GC(233) Pause Young (Allocation Failure) 4611M->4612M(4774M) 109.266ms
[30.211s][info][gc,cpu         ] GC(233) User=0.66s Sys=0.11s Real=0.11s
[30.272s][info][gc,start       ] GC(234) Pause Young (Allocation Failure)
[30.360s][info][gc,heap        ] GC(234) PSYoungGen: 158016K(158208K)->53408K(270336K) Eden: 53248K(53248K)->0K(59904K) From: 104768K(104960K)->53408K(210432K)
[30.360s][info][gc,heap        ] GC(234) ParOldGen: 4618361K(4730368K)->4723737K(4730368K)
[30.360s][info][gc,metaspace   ] GC(234) Metaspace: 6300K(6464K)->6300K(6464K) NonClass: 5767K(5824K)->5767K(5824K) Class: 533K(640K)->533K(640K)
[30.360s][info][gc             ] GC(234) Pause Young (Allocation Failure) 4664M->4665M(4883M) 87.345ms
[30.360s][info][gc,cpu         ] GC(234) User=0.56s Sys=0.06s Real=0.09s
[30.360s][info][gc,start       ] GC(235) Pause Full (Ergonomics)
[30.360s][info][gc,phases,start] GC(235) Marking Phase
[31.455s][info][gc,phases      ] GC(235) Marking Phase 1095.649ms
[31.455s][info][gc,phases,start] GC(235) Summary Phase
[31.456s][info][gc,phases      ] GC(235) Summary Phase 0.060ms
[31.456s][info][gc,phases,start] GC(235) Adjust Roots
[31.456s][info][gc,phases      ] GC(235) Adjust Roots 0.181ms
[31.456s][info][gc,phases,start] GC(235) Compaction Phase
[31.885s][info][gc,phases      ] GC(235) Compaction Phase 429.509ms
[31.885s][info][gc,phases,start] GC(235) Post Compact
[31.892s][info][gc,phases      ] GC(235) Post Compact 7.121ms
[31.894s][info][gc,heap        ] GC(235) PSYoungGen: 53408K(270336K)->42484K(270848K) Eden: 0K(59904K)->0K(60416K) From: 53408K(210432K)->42484K(210432K)
[31.894s][info][gc,heap        ] GC(235) ParOldGen: 4723737K(4730368K)->4730176K(5225984K)
[31.894s][info][gc,metaspace   ] GC(235) Metaspace: 6300K(6464K)->6300K(6464K) NonClass: 5767K(5824K)->5767K(5824K) Class: 533K(640K)->533K(640K)
[31.894s][info][gc             ] GC(235) Pause Full (Ergonomics) 4665M->4660M(5368M) 1534.425ms
[31.894s][info][gc,cpu         ] GC(235) User=11.64s Sys=0.02s Real=1.53s
[31.968s][info][gc,start       ] GC(236) Pause Young (Allocation Failure)
[32.229s][info][gc,heap        ] GC(236) PSYoungGen: 102900K(270848K)->60672K(271360K) Eden: 60416K(60416K)->0K(60416K) From: 42484K(210432K)->60672K(210944K)
[32.229s][info][gc,heap        ] GC(236) ParOldGen: 4730176K(5225984K)->4773096K(5225984K)
[32.229s][info][gc,metaspace   ] GC(236) Metaspace: 6300K(6464K)->6300K(6464K) NonClass: 5767K(5824K)->5767K(5824K) Class: 533K(640K)->533K(640K)
[32.229s][info][gc             ] GC(236) Pause Young (Allocation Failure) 4719M->4720M(5368M) 261.175ms
[32.229s][info][gc,cpu         ] GC(236) User=1.69s Sys=0.02s Real=0.26s
[32.292s][info][gc,start       ] GC(237) Pause Young (Allocation Failure)
[32.365s][info][gc,heap        ] GC(237) PSYoungGen: 121088K(271360K)->60672K(269312K) Eden: 60416K(60416K)->0K(67072K) From: 60672K(210944K)->60672K(202240K)
[32.365s][info][gc,heap        ] GC(237) ParOldGen: 4773096K(5225984K)->4834064K(5225984K)
[32.365s][info][gc,metaspace   ] GC(237) Metaspace: 6300K(6464K)->6300K(6464K) NonClass: 5767K(5824K)->5767K(5824K) Class: 533K(640K)->533K(640K)
[32.365s][info][gc             ] GC(237) Pause Young (Allocation Failure) 4779M->4780M(5366M) 72.815ms
[32.365s][info][gc,cpu         ] GC(237) User=0.47s Sys=0.03s Real=0.07s
[32.433s][info][gc,start       ] GC(238) Pause Young (Allocation Failure)
[32.510s][info][gc,heap        ] GC(238) PSYoungGen: 127744K(269312K)->67296K(272384K) Eden: 67072K(67072K)->0K(67072K) From: 60672K(202240K)->67296K(205312K)
[32.510s][info][gc,heap        ] GC(238) ParOldGen: 4834064K(5225984K)->4895032K(5225984K)
[32.510s][info][gc,metaspace   ] GC(238) Metaspace: 6300K(6464K)->6300K(6464K) NonClass: 5767K(5824K)->5767K(5824K) Class: 533K(640K)->533K(640K)
[32.510s][info][gc             ] GC(238) Pause Young (Allocation Failure) 4845M->4846M(5369M) 76.418ms
[32.510s][info][gc,cpu         ] GC(238) User=0.48s Sys=0.02s Real=0.08s
[32.590s][info][gc,start       ] GC(239) Pause Young (Allocation Failure)
[32.671s][info][gc,heap        ] GC(239) PSYoungGen: 134368K(272384K)->67360K(262656K) Eden: 67072K(67072K)->0K(74240K) From: 67296K(205312K)->67360K(188416K)
[32.671s][info][gc,heap        ] GC(239) ParOldGen: 4895032K(5225984K)->4962712K(5225984K)
[32.671s][info][gc,metaspace   ] GC(239) Metaspace: 6300K(6464K)->6300K(6464K) NonClass: 5767K(5824K)->5767K(5824K) Class: 533K(640K)->533K(640K)
[32.671s][info][gc             ] GC(239) Pause Young (Allocation Failure) 4911M->4912M(5360M) 81.156ms
[32.671s][info][gc,cpu         ] GC(239) User=0.44s Sys=0.09s Real=0.08s
[32.754s][info][gc,start       ] GC(240) Pause Young (Allocation Failure)
[32.840s][info][gc,heap        ] GC(240) PSYoungGen: 141600K(262656K)->74496K(268288K) Eden: 74240K(74240K)->0K(74240K) From: 67360K(188416K)->74496K(194048K)
[32.840s][info][gc,heap        ] GC(240) ParOldGen: 4962712K(5225984K)->5030408K(5225984K)
[32.840s][info][gc,metaspace   ] GC(240) Metaspace: 6300K(6464K)->6300K(6464K) NonClass: 5767K(5824K)->5767K(5824K) Class: 533K(640K)->533K(640K)
[32.840s][info][gc             ] GC(240) Pause Young (Allocation Failure) 4984M->4985M(5365M) 85.570ms
[32.840s][info][gc,cpu         ] GC(240) User=0.52s Sys=0.03s Real=0.09s
[32.922s][info][gc,start       ] GC(241) Pause Young (Allocation Failure)
[33.011s][info][gc,heap        ] GC(241) PSYoungGen: 148736K(268288K)->74528K(254976K) Eden: 74240K(74240K)->0K(81920K) From: 74496K(194048K)->74528K(173056K)
[33.012s][info][gc,heap        ] GC(241) ParOldGen: 5030408K(5225984K)->5105328K(5225984K)
[33.012s][info][gc,metaspace   ] GC(241) Metaspace: 6300K(6464K)->6300K(6464K) NonClass: 5767K(5824K)->5767K(5824K) Class: 533K(640K)->533K(640K)
[33.012s][info][gc             ] GC(241) Pause Young (Allocation Failure) 5057M->5058M(5352M) 89.429ms
[33.012s][info][gc,cpu         ] GC(241) User=0.44s Sys=0.11s Real=0.09s
[33.105s][info][gc,start       ] GC(242) Pause Young (Allocation Failure)
[33.197s][info][gc,heap        ] GC(242) PSYoungGen: 156448K(254976K)->82208K(262144K) Eden: 81920K(81920K)->0K(81920K) From: 74528K(173056K)->82208K(180224K)
[33.197s][info][gc,heap        ] GC(242) ParOldGen: 5105328K(5225984K)->5180256K(5225984K)
[33.197s][info][gc,metaspace   ] GC(242) Metaspace: 6300K(6464K)->6300K(6464K) NonClass: 5767K(5824K)->5767K(5824K) Class: 533K(640K)->533K(640K)
[33.197s][info][gc             ] GC(242) Pause Young (Allocation Failure) 5138M->5139M(5359M) 91.753ms
[33.197s][info][gc,cpu         ] GC(242) User=0.55s Sys=0.08s Real=0.09s
[33.197s][info][gc,start       ] GC(243) Pause Full (Ergonomics)
[33.197s][info][gc,phases,start] GC(243) Marking Phase
[34.420s][info][gc,phases      ] GC(243) Marking Phase 1223.157ms
[34.420s][info][gc,phases,start] GC(243) Summary Phase
[34.420s][info][gc,phases      ] GC(243) Summary Phase 0.098ms
[34.421s][info][gc,phases,start] GC(243) Adjust Roots
[34.421s][info][gc,phases      ] GC(243) Adjust Roots 0.244ms
[34.421s][info][gc,phases,start] GC(243) Compaction Phase
[34.905s][info][gc,phases      ] GC(243) Compaction Phase 484.277ms
[34.905s][info][gc,phases,start] GC(243) Post Compact
[34.913s][info][gc,phases      ] GC(243) Post Compact 8.060ms
[34.915s][info][gc,heap        ] GC(243) PSYoungGen: 82208K(262144K)->32320K(262144K) Eden: 0K(81920K)->0K(81920K) From: 82208K(180224K)->32320K(180224K)
[34.915s][info][gc,heap        ] GC(243) ParOldGen: 5180256K(5225984K)->5225504K(5753856K)
[34.915s][info][gc,metaspace   ] GC(243) Metaspace: 6300K(6464K)->6300K(6464K) NonClass: 5767K(5824K)->5767K(5824K) Class: 533K(640K)->533K(640K)
[34.915s][info][gc             ] GC(243) Pause Full (Ergonomics) 5139M->5134M(5875M) 1717.789ms
[34.915s][info][gc,cpu         ] GC(243) User=12.78s Sys=0.00s Real=1.72s
[35.011s][info][gc,start       ] GC(244) Pause Young (Allocation Failure)
[35.311s][info][gc,heap        ] GC(244) PSYoungGen: 114240K(262144K)->82208K(244736K) Eden: 81920K(81920K)->0K(89088K) From: 32320K(180224K)->82208K(155648K)
[35.311s][info][gc,heap        ] GC(244) ParOldGen: 5225504K(5753856K)->5258160K(5753856K)
[35.311s][info][gc,metaspace   ] GC(244) Metaspace: 6300K(6464K)->6300K(6464K) NonClass: 5767K(5824K)->5767K(5824K) Class: 533K(640K)->533K(640K)
[35.311s][info][gc             ] GC(244) Pause Young (Allocation Failure) 5214M->5215M(5858M) 300.752ms
[35.311s][info][gc,cpu         ] GC(244) User=1.89s Sys=0.03s Real=0.30s
[35.410s][info][gc,start       ] GC(245) Pause Young (Allocation Failure)
[35.509s][info][gc,heap        ] GC(245) PSYoungGen: 171296K(244736K)->164864K(253952K) Eden: 89088K(89088K)->0K(89088K) From: 82208K(155648K)->164864K(164864K)
[35.509s][info][gc,heap        ] GC(245) ParOldGen: 5258160K(5753856K)->5264688K(5753856K)
[35.509s][info][gc,metaspace   ] GC(245) Metaspace: 6300K(6464K)->6300K(6464K) NonClass: 5767K(5824K)->5767K(5824K) Class: 533K(640K)->533K(640K)
[35.509s][info][gc             ] GC(245) Pause Young (Allocation Failure) 5302M->5302M(5867M) 99.102ms
[35.509s][info][gc,cpu         ] GC(245) User=0.66s Sys=0.02s Real=0.10s
[35.618s][info][gc,start       ] GC(246) Pause Young (Allocation Failure)
[35.774s][info][gc,heap        ] GC(246) PSYoungGen: 253952K(253952K)->89376K(270336K) Eden: 89088K(89088K)->0K(97792K) From: 164864K(164864K)->89376K(172544K)
[35.774s][info][gc,heap        ] GC(246) ParOldGen: 5264688K(5753856K)->5430720K(5753856K)
[35.774s][info][gc,metaspace   ] GC(246) Metaspace: 6300K(6464K)->6300K(6464K) NonClass: 5767K(5824K)->5767K(5824K) Class: 533K(640K)->533K(640K)
[35.774s][info][gc             ] GC(246) Pause Young (Allocation Failure) 5389M->5390M(5883M) 155.411ms
[35.774s][info][gc,cpu         ] GC(246) User=0.97s Sys=0.11s Real=0.15s
[35.885s][info][gc,start       ] GC(247) Pause Young (Allocation Failure)
[35.993s][info][gc,heap        ] GC(247) PSYoungGen: 187168K(270336K)->180224K(278016K) Eden: 97792K(97792K)->0K(97792K) From: 89376K(172544K)->180224K(180224K)
[35.993s][info][gc,heap        ] GC(247) ParOldGen: 5430720K(5753856K)->5437776K(5753856K)
[35.993s][info][gc,metaspace   ] GC(247) Metaspace: 6300K(6464K)->6300K(6464K) NonClass: 5767K(5824K)->5767K(5824K) Class: 533K(640K)->533K(640K)
[35.993s][info][gc             ] GC(247) Pause Young (Allocation Failure) 5486M->5486M(5890M) 107.729ms
[35.993s][info][gc,cpu         ] GC(247) User=0.75s Sys=0.00s Real=0.11s
[36.112s][info][gc,start       ] GC(248) Pause Young (Allocation Failure)
[36.283s][info][gc,heap        ] GC(248) PSYoungGen: 278016K(278016K)->98080K(295936K) Eden: 97792K(97792K)->0K(108032K) From: 180224K(180224K)->98080K(187904K)
[36.283s][info][gc,heap        ] GC(248) ParOldGen: 5437776K(5753856K)->5619272K(5753856K)
[36.283s][info][gc,metaspace   ] GC(248) Metaspace: 6300K(6464K)->6300K(6464K) NonClass: 5767K(5824K)->5767K(5824K) Class: 533K(640K)->533K(640K)
[36.283s][info][gc             ] GC(248) Pause Young (Allocation Failure) 5581M->5583M(5908M) 171.331ms
[36.283s][info][gc,cpu         ] GC(248) User=1.12s Sys=0.14s Real=0.17s
[36.283s][info][gc,start       ] GC(249) Pause Full (Ergonomics)
[36.283s][info][gc,phases,start] GC(249) Marking Phase
[37.551s][info][gc,phases      ] GC(249) Marking Phase 1268.299ms
[37.551s][info][gc,phases,start] GC(249) Summary Phase
[37.552s][info][gc,phases      ] GC(249) Summary Phase 0.099ms
[37.552s][info][gc,phases,start] GC(249) Adjust Roots
[37.552s][info][gc,phases      ] GC(249) Adjust Roots 0.161ms
[37.552s][info][gc,phases,start] GC(249) Compaction Phase
[38.030s][info][gc,phases      ] GC(249) Compaction Phase 478.300ms
[38.030s][info][gc,phases,start] GC(249) Post Compact
[38.039s][info][gc,phases      ] GC(249) Post Compact 8.435ms
[38.041s][info][gc,heap        ] GC(249) PSYoungGen: 98080K(295936K)->0K(304640K) Eden: 0K(108032K)->0K(108032K) From: 98080K(187904K)->0K(196608K)
[38.041s][info][gc,heap        ] GC(249) ParOldGen: 5619272K(5753856K)->5713342K(6362624K)
[38.041s][info][gc,metaspace   ] GC(249) Metaspace: 6300K(6464K)->6300K(6464K) NonClass: 5767K(5824K)->5767K(5824K) Class: 533K(640K)->533K(640K)
[38.041s][info][gc             ] GC(249) Pause Full (Ergonomics) 5583M->5579M(6511M) 1757.587ms
[38.041s][info][gc,cpu         ] GC(249) User=13.53s Sys=0.03s Real=1.76s
[39.221s][info][gc,start       ] GC(250) Pause Young (Allocation Failure)
[39.423s][info][gc,heap        ] GC(250) PSYoungGen: 108032K(304640K)->108352K(296448K) Eden: 108032K(108032K)->0K(117248K) From: 0K(196608K)->108352K(179200K)
[39.423s][info][gc,heap        ] GC(250) ParOldGen: 5975486K(6362624K)->5975486K(6362624K)
[39.423s][info][gc,metaspace   ] GC(250) Metaspace: 6300K(6464K)->6300K(6464K) NonClass: 5767K(5824K)->5767K(5824K) Class: 533K(640K)->533K(640K)
[39.423s][info][gc             ] GC(250) Pause Young (Allocation Failure) 5940M->5941M(6503M) 201.869ms
[39.423s][info][gc,cpu         ] GC(250) User=1.12s Sys=0.00s Real=0.20s
[39.553s][info][gc,start       ] GC(251) Pause Young (Allocation Failure)
[39.685s][info][gc,heap        ] GC(251) PSYoungGen: 225600K(296448K)->188928K(306176K) Eden: 117248K(117248K)->0K(117248K) From: 108352K(179200K)->188928K(188928K)
[39.685s][info][gc,heap        ] GC(251) ParOldGen: 5975486K(6362624K)->6012542K(6362624K)
[39.685s][info][gc,metaspace   ] GC(251) Metaspace: 6300K(6464K)->6300K(6464K) NonClass: 5767K(5824K)->5767K(5824K) Class: 533K(640K)->533K(640K)
[39.685s][info][gc             ] GC(251) Pause Young (Allocation Failure) 6055M->6056M(6512M) 132.112ms
[39.685s][info][gc,cpu         ] GC(251) User=0.61s Sys=0.02s Real=0.13s
[39.803s][info][gc,start       ] GC(252) Pause Young (Allocation Failure)
[39.966s][info][gc,heap        ] GC(252) PSYoungGen: 306176K(306176K)->117600K(333824K) Eden: 117248K(117248K)->0K(128512K) From: 188928K(188928K)->117600K(205312K)
[39.966s][info][gc,heap        ] GC(252) ParOldGen: 6012542K(6362624K)->6202822K(6362624K)
[39.966s][info][gc,metaspace   ] GC(252) Metaspace: 6300K(6464K)->6300K(6464K) NonClass: 5767K(5824K)->5767K(5824K) Class: 533K(640K)->533K(640K)
[39.966s][info][gc             ] GC(252) Pause Young (Allocation Failure) 6170M->6172M(6539M) 163.499ms
[39.966s][info][gc,cpu         ] GC(252) User=1.05s Sys=0.05s Real=0.16s
[39.967s][info][gc,start       ] GC(253) Pause Full (Ergonomics)
[39.967s][info][gc,phases,start] GC(253) Marking Phase
[41.366s][info][gc,phases      ] GC(253) Marking Phase 1399.889ms
[41.367s][info][gc,phases,start] GC(253) Summary Phase
[41.367s][info][gc,phases      ] GC(253) Summary Phase 0.196ms
[41.367s][info][gc,phases,start] GC(253) Adjust Roots
[41.367s][info][gc,phases      ] GC(253) Adjust Roots 0.207ms
[41.367s][info][gc,phases,start] GC(253) Compaction Phase
[42.318s][info][gc,phases      ] GC(253) Compaction Phase 951.184ms
[42.318s][info][gc,phases,start] GC(253) Post Compact
[42.329s][info][gc,phases      ] GC(253) Post Compact 10.371ms
[42.331s][info][gc,heap        ] GC(253) PSYoungGen: 117600K(333824K)->0K(343552K) Eden: 0K(128512K)->0K(128512K) From: 117600K(205312K)->0K(215040K)
[42.331s][info][gc,heap        ] GC(253) ParOldGen: 6202822K(6362624K)->6186848K(6909440K)
[42.331s][info][gc,metaspace   ] GC(253) Metaspace: 6300K(6464K)->6300K(6464K) NonClass: 5767K(5824K)->5767K(5824K) Class: 533K(640K)->533K(640K)
[42.331s][info][gc             ] GC(253) Pause Full (Ergonomics) 6172M->6041M(7083M) 2364.147ms
[42.331s][info][gc,cpu         ] GC(253) User=16.77s Sys=0.02s Real=2.36s
[42.468s][info][gc,start       ] GC(254) Pause Young (Allocation Failure)
[42.572s][info][gc,heap        ] GC(254) PSYoungGen: 128512K(343552K)->128832K(342528K) Eden: 128512K(128512K)->0K(139264K) From: 0K(215040K)->128832K(203264K)
[42.572s][info][gc,heap        ] GC(254) ParOldGen: 6186848K(6909440K)->6186848K(6909440K)
[42.572s][info][gc,metaspace   ] GC(254) Metaspace: 6300K(6464K)->6300K(6464K) NonClass: 5767K(5824K)->5767K(5824K) Class: 533K(640K)->533K(640K)
[42.572s][info][gc             ] GC(254) Pause Young (Allocation Failure) 6167M->6167M(7082M) 104.116ms
[42.572s][info][gc,cpu         ] GC(254) User=0.31s Sys=0.00s Real=0.10s
[42.720s][info][gc,start       ] GC(255) Pause Young (Allocation Failure)
[42.867s][info][gc,heap        ] GC(255) PSYoungGen: 268096K(342528K)->209920K(349184K) Eden: 139264K(139264K)->0K(139264K) From: 128832K(203264K)->209920K(209920K)
[42.867s][info][gc,heap        ] GC(255) ParOldGen: 6186848K(6909440K)->6245656K(6909440K)
[42.867s][info][gc,metaspace   ] GC(255) Metaspace: 6300K(6464K)->6300K(6464K) NonClass: 5767K(5824K)->5767K(5824K) Class: 533K(640K)->533K(640K)
[42.867s][info][gc             ] GC(255) Pause Young (Allocation Failure) 6303M->6304M(7088M) 146.738ms
[42.867s][info][gc,cpu         ] GC(255) User=0.73s Sys=0.00s Real=0.15s
[43.029s][info][gc,start       ] GC(256) Pause Young (Allocation Failure)
[43.218s][info][gc,heap        ] GC(256) PSYoungGen: 349184K(349184K)->245344K(378368K) Eden: 139264K(139264K)->0K(121856K) From: 209920K(209920K)->245344K(256512K)
[43.218s][info][gc,heap        ] GC(256) ParOldGen: 6245656K(6909440K)->6350600K(6909440K)
[43.218s][info][gc,metaspace   ] GC(256) Metaspace: 6300K(6464K)->6300K(6464K) NonClass: 5767K(5824K)->5767K(5824K) Class: 533K(640K)->533K(640K)
[43.218s][info][gc             ] GC(256) Pause Young (Allocation Failure) 6440M->6441M(7117M) 188.765ms
[43.218s][info][gc,cpu         ] GC(256) User=1.17s Sys=0.11s Real=0.19s
[43.355s][info][gc,start       ] GC(257) Pause Young (Allocation Failure)
[43.535s][info][gc,heap        ] GC(257) PSYoungGen: 367200K(378368K)->285696K(407552K) Eden: 121856K(121856K)->0K(121856K) From: 245344K(256512K)->285696K(285696K)
[43.535s][info][gc,heap        ] GC(257) ParOldGen: 6350600K(6909440K)->6432824K(6909440K)
[43.535s][info][gc,metaspace   ] GC(257) Metaspace: 6300K(6464K)->6300K(6464K) NonClass: 5767K(5824K)->5767K(5824K) Class: 533K(640K)->533K(640K)
[43.535s][info][gc             ] GC(257) Pause Young (Allocation Failure) 6560M->6561M(7145M) 179.724ms
[43.535s][info][gc,cpu         ] GC(257) User=0.97s Sys=0.02s Real=0.18s
[43.668s][info][gc,start       ] GC(258) Pause Young (Allocation Failure)
[43.880s][info][gc,heap        ] GC(258) PSYoungGen: 407552K(407552K)->204192K(480768K) Eden: 121856K(121856K)->0K(134656K) From: 285696K(285696K)->204192K(346112K)
[43.880s][info][gc,heap        ] GC(258) ParOldGen: 6432824K(6909440K)->6638016K(6909440K)
[43.880s][info][gc,metaspace   ] GC(258) Metaspace: 6300K(6464K)->6300K(6464K) NonClass: 5767K(5824K)->5767K(5824K) Class: 533K(640K)->533K(640K)
[43.880s][info][gc             ] GC(258) Pause Young (Allocation Failure) 6680M->6681M(7217M) 212.403ms
[43.880s][info][gc,cpu         ] GC(258) User=1.06s Sys=0.05s Real=0.21s
[44.037s][info][gc,start       ] GC(259) Pause Young (Allocation Failure)
[44.212s][info][gc,heap        ] GC(259) PSYoungGen: 338848K(480768K)->339104K(484352K) Eden: 134656K(134656K)->0K(134656K) From: 204192K(346112K)->339104K(349696K)
[44.213s][info][gc,heap        ] GC(259) ParOldGen: 6638016K(6909440K)->6638016K(6909440K)
[44.213s][info][gc,metaspace   ] GC(259) Metaspace: 6300K(6464K)->6300K(6464K) NonClass: 5767K(5824K)->5767K(5824K) Class: 533K(640K)->533K(640K)
[44.213s][info][gc             ] GC(259) Pause Young (Allocation Failure) 6813M->6813M(7220M) 175.513ms
[44.213s][info][gc,cpu         ] GC(259) User=0.89s Sys=0.00s Real=0.17s
[44.346s][info][gc,start       ] GC(260) Pause Young (Allocation Failure)
[44.578s][info][gc,heap        ] GC(260) PSYoungGen: 473760K(484352K)->392032K(487936K) Eden: 134656K(134656K)->0K(93696K) From: 339104K(349696K)->392032K(394240K)
[44.578s][info][gc,heap        ] GC(260) ParOldGen: 6638016K(6909440K)->6720576K(6909440K)
[44.578s][info][gc,metaspace   ] GC(260) Metaspace: 6300K(6464K)->6300K(6464K) NonClass: 5767K(5824K)->5767K(5824K) Class: 533K(640K)->533K(640K)
[44.578s][info][gc             ] GC(260) Pause Young (Allocation Failure) 6945M->6945M(7224M) 231.385ms
[44.578s][info][gc,cpu         ] GC(260) User=1.70s Sys=0.17s Real=0.23s
[44.578s][info][gc,start       ] GC(261) Pause Full (Ergonomics)
[44.578s][info][gc,phases,start] GC(261) Marking Phase
[46.220s][info][gc,phases      ] GC(261) Marking Phase 1642.643ms
[46.220s][info][gc,phases,start] GC(261) Summary Phase
[46.221s][info][gc,phases      ] GC(261) Summary Phase 0.096ms
[46.221s][info][gc,phases,start] GC(261) Adjust Roots
[46.221s][info][gc,phases      ] GC(261) Adjust Roots 0.167ms
[46.221s][info][gc,phases,start] GC(261) Compaction Phase
[47.016s][info][gc,phases      ] GC(261) Compaction Phase 795.605ms
[47.016s][info][gc,phases,start] GC(261) Post Compact
[47.031s][info][gc,phases      ] GC(261) Post Compact 14.765ms
[47.034s][info][gc,heap        ] GC(261) PSYoungGen: 392032K(487936K)->197381K(487936K) Eden: 0K(93696K)->0K(93696K) From: 392032K(394240K)->197381K(394240K)
[47.034s][info][gc,heap        ] GC(261) ParOldGen: 6720576K(6909440K)->6909319K(7681024K)
[47.034s][info][gc,metaspace   ] GC(261) Metaspace: 6300K(6464K)->6300K(6464K) NonClass: 5767K(5824K)->5767K(5824K) Class: 533K(640K)->533K(640K)
[47.034s][info][gc             ] GC(261) Pause Full (Ergonomics) 6945M->6940M(7977M) 2456.253ms
[47.034s][info][gc,cpu         ] GC(261) User=17.11s Sys=0.20s Real=2.46s
[47.139s][info][gc,start       ] GC(262) Pause Young (Allocation Failure)
[47.566s][info][gc,heap        ] GC(262) PSYoungGen: 291077K(487936K)->235296K(329216K) Eden: 93696K(93696K)->0K(93696K) From: 197381K(394240K)->235296K(235520K)
[47.566s][info][gc,heap        ] GC(262) ParOldGen: 6909319K(7681024K)->6966271K(7681024K)
[47.566s][info][gc,metaspace   ] GC(262) Metaspace: 6300K(6464K)->6300K(6464K) NonClass: 5767K(5824K)->5767K(5824K) Class: 533K(640K)->533K(640K)
[47.566s][info][gc             ] GC(262) Pause Young (Allocation Failure) 7031M->7032M(7822M) 427.072ms
[47.566s][info][gc,cpu         ] GC(262) User=3.23s Sys=0.02s Real=0.43s
[47.662s][info][gc,start       ] GC(263) Pause Young (Allocation Failure)
[47.828s][info][gc,heap        ] GC(263) PSYoungGen: 328992K(329216K)->329184K(516096K) Eden: 93696K(93696K)->0K(80896K) From: 235296K(235520K)->329184K(435200K)
[47.828s][info][gc,heap        ] GC(263) ParOldGen: 6966271K(7681024K)->6966271K(7681024K)
[47.828s][info][gc,metaspace   ] GC(263) Metaspace: 6300K(6464K)->6300K(6464K) NonClass: 5767K(5824K)->5767K(5824K) Class: 533K(640K)->533K(640K)
[47.828s][info][gc             ] GC(263) Pause Young (Allocation Failure) 7124M->7124M(8005M) 165.737ms
[47.828s][info][gc,cpu         ] GC(263) User=1.19s Sys=0.00s Real=0.16s
[47.918s][info][gc,start       ] GC(264) Pause Young (Allocation Failure)
[48.125s][info][gc,heap        ] GC(264) PSYoungGen: 410080K(516096K)->410272K(537600K) Eden: 80896K(80896K)->0K(80896K) From: 329184K(435200K)->410272K(456704K)
[48.125s][info][gc,heap        ] GC(264) ParOldGen: 6966271K(7681024K)->6966271K(7681024K)
[48.125s][info][gc,metaspace   ] GC(264) Metaspace: 6300K(6464K)->6300K(6464K) NonClass: 5767K(5824K)->5767K(5824K) Class: 533K(640K)->533K(640K)
[48.125s][info][gc             ] GC(264) Pause Young (Allocation Failure) 7203M->7203M(8026M) 207.217ms
[48.125s][info][gc,cpu         ] GC(264) User=1.52s Sys=0.00s Real=0.21s
[48.219s][info][gc,start       ] GC(265) Pause Young (Allocation Failure)
[48.480s][info][gc,heap        ] GC(265) PSYoungGen: 491168K(537600K)->428576K(549376K) Eden: 80896K(80896K)->0K(46592K) From: 410272K(456704K)->428576K(502784K)
[48.480s][info][gc,heap        ] GC(265) ParOldGen: 6966271K(7681024K)->7029447K(7681024K)
[48.480s][info][gc,metaspace   ] GC(265) Metaspace: 6300K(6464K)->6300K(6464K) NonClass: 5767K(5824K)->5767K(5824K) Class: 533K(640K)->533K(640K)
[48.480s][info][gc             ] GC(265) Pause Young (Allocation Failure) 7282M->7283M(8037M) 260.765ms
[48.480s][info][gc,cpu         ] GC(265) User=1.89s Sys=0.12s Real=0.26s
[48.528s][info][gc,start       ] GC(266) Pause Young (Allocation Failure)
[48.777s][info][gc,heap        ] GC(266) PSYoungGen: 475168K(549376K)->396672K(592896K) Eden: 46592K(46592K)->0K(46592K) From: 428576K(502784K)->396672K(546304K)
[48.777s][info][gc,heap        ] GC(266) ParOldGen: 7029447K(7681024K)->7108591K(7681024K)
[48.777s][info][gc,metaspace   ] GC(266) Metaspace: 6300K(6464K)->6300K(6464K) NonClass: 5767K(5824K)->5767K(5824K) Class: 533K(640K)->533K(640K)
[48.777s][info][gc             ] GC(266) Pause Young (Allocation Failure) 7328M->7329M(8080M) 249.599ms
[48.778s][info][gc,cpu         ] GC(266) User=1.62s Sys=0.12s Real=0.25s
[48.831s][info][gc,start       ] GC(267) Pause Young (Allocation Failure)
[49.066s][info][gc,heap        ] GC(267) PSYoungGen: 443264K(592896K)->255520K(569344K) Eden: 46592K(46592K)->0K(53760K) From: 396672K(546304K)->255520K(515584K)
[49.066s][info][gc,heap        ] GC(267) ParOldGen: 7108591K(7681024K)->7297663K(7681024K)
[49.066s][info][gc,metaspace   ] GC(267) Metaspace: 6300K(6464K)->6300K(6464K) NonClass: 5767K(5824K)->5767K(5824K) Class: 533K(640K)->533K(640K)
[49.066s][info][gc             ] GC(267) Pause Young (Allocation Failure) 7374M->7376M(8057M) 234.493ms
[49.066s][info][gc,cpu         ] GC(267) User=1.66s Sys=0.20s Real=0.23s
[49.125s][info][gc,start       ] GC(268) Pause Young (Allocation Failure)
[49.288s][info][gc,heap        ] GC(268) PSYoungGen: 309280K(569344K)->147328K(595456K) Eden: 53760K(53760K)->0K(53760K) From: 255520K(515584K)->147328K(541696K)
[49.288s][info][gc,heap        ] GC(268) ParOldGen: 7297663K(7681024K)->7460887K(7681024K)
[49.288s][info][gc,metaspace   ] GC(268) Metaspace: 6300K(6464K)->6300K(6464K) NonClass: 5767K(5824K)->5767K(5824K) Class: 533K(640K)->533K(640K)
[49.288s][info][gc             ] GC(268) Pause Young (Allocation Failure) 7428M->7429M(8082M) 163.063ms
[49.288s][info][gc,cpu         ] GC(268) User=1.09s Sys=0.06s Real=0.16s
[49.288s][info][gc,start       ] GC(269) Pause Full (Ergonomics)
[49.288s][info][gc,phases,start] GC(269) Marking Phase
[51.059s][info][gc,phases      ] GC(269) Marking Phase 1771.536ms
[51.060s][info][gc,phases,start] GC(269) Summary Phase
[51.060s][info][gc,phases      ] GC(269) Summary Phase 0.120ms
[51.060s][info][gc,phases,start] GC(269) Adjust Roots
[51.060s][info][gc,phases      ] GC(269) Adjust Roots 0.213ms
[51.060s][info][gc,phases,start] GC(269) Compaction Phase
[51.882s][info][gc,phases      ] GC(269) Compaction Phase 822.139ms
[51.882s][info][gc,phases,start] GC(269) Post Compact
[51.894s][info][gc,phases      ] GC(269) Post Compact 11.375ms
[51.894s][info][gc,heap        ] GC(269) PSYoungGen: 147328K(595456K)->0K(597504K) Eden: 0K(53760K)->0K(61440K) From: 147328K(541696K)->0K(536064K)
[51.894s][info][gc,heap        ] GC(269) ParOldGen: 7460887K(7681024K)->7602607K(7919104K)
[51.894s][info][gc,metaspace   ] GC(269) Metaspace: 6300K(6464K)->6300K(6464K) NonClass: 5767K(5824K)->5767K(5824K) Class: 533K(640K)->533K(640K)
[51.894s][info][gc             ] GC(269) Pause Full (Ergonomics) 7429M->7424M(8317M) 2606.452ms
[51.894s][info][gc,cpu         ] GC(269) User=18.08s Sys=0.08s Real=2.61s
[51.968s][info][gc,start       ] GC(270) Pause Young (Allocation Failure)
[52.050s][info][gc,heap        ] GC(270) PSYoungGen: 61440K(597504K)->61696K(597504K) Eden: 61440K(61440K)->0K(61440K) From: 0K(536064K)->61696K(536064K)
[52.050s][info][gc,heap        ] GC(270) ParOldGen: 7602607K(7919104K)->7602607K(7919104K)
[52.050s][info][gc,metaspace   ] GC(270) Metaspace: 6300K(6464K)->6300K(6464K) NonClass: 5767K(5824K)->5767K(5824K) Class: 533K(640K)->533K(640K)
[52.050s][info][gc             ] GC(270) Pause Young (Allocation Failure) 7484M->7484M(8317M) 82.588ms
[52.050s][info][gc,cpu         ] GC(270) User=0.22s Sys=0.00s Real=0.08s
[52.114s][info][gc,start       ] GC(271) Pause Young (Allocation Failure)
[52.213s][info][gc,heap        ] GC(271) PSYoungGen: 123136K(597504K)->123200K(590336K) Eden: 61440K(61440K)->0K(68608K) From: 61696K(536064K)->123200K(521728K)
[52.213s][info][gc,heap        ] GC(271) ParOldGen: 7602607K(7919104K)->7602607K(7919104K)
[52.213s][info][gc,metaspace   ] GC(271) Metaspace: 6300K(6464K)->6300K(6464K) NonClass: 5767K(5824K)->5767K(5824K) Class: 533K(640K)->533K(640K)
[52.213s][info][gc             ] GC(271) Pause Young (Allocation Failure) 7544M->7544M(8310M) 98.698ms
[52.213s][info][gc,cpu         ] GC(271) User=0.33s Sys=0.00s Real=0.10s
[52.288s][info][gc,start       ] GC(272) Pause Young (Allocation Failure)
[52.411s][info][gc,heap        ] GC(272) PSYoungGen: 191808K(590336K)->130368K(199168K) Eden: 68608K(68608K)->0K(68608K) From: 123200K(521728K)->130368K(130560K)
[52.411s][info][gc,heap        ] GC(272) ParOldGen: 7602607K(7919104K)->7664607K(7919104K)
[52.411s][info][gc,metaspace   ] GC(272) Metaspace: 6300K(6464K)->6300K(6464K) NonClass: 5767K(5824K)->5767K(5824K) Class: 533K(640K)->533K(640K)
[52.411s][info][gc             ] GC(272) Pause Young (Allocation Failure) 7611M->7612M(7928M) 122.933ms
[52.411s][info][gc,cpu         ] GC(272) User=0.59s Sys=0.11s Real=0.12s
[52.495s][info][gc,start       ] GC(273) Pause Young (Allocation Failure)
[52.620s][info][gc,heap        ] GC(273) PSYoungGen: 198976K(199168K)->137600K(561664K) Eden: 68608K(68608K)->0K(76800K) From: 130368K(130560K)->137600K(484864K)
[52.620s][info][gc,heap        ] GC(273) ParOldGen: 7664607K(7919104K)->7726599K(7919104K)
[52.620s][info][gc,metaspace   ] GC(273) Metaspace: 6300K(6464K)->6300K(6464K) NonClass: 5767K(5824K)->5767K(5824K) Class: 533K(640K)->533K(640K)
[52.620s][info][gc             ] GC(273) Pause Young (Allocation Failure) 7679M->7679M(8282M) 124.466ms
[52.620s][info][gc,cpu         ] GC(273) User=0.42s Sys=0.03s Real=0.12s
[52.700s][info][gc,start       ] GC(274) Pause Young (Allocation Failure)
[52.836s][info][gc,heap        ] GC(274) PSYoungGen: 214400K(561664K)->145760K(222720K) Eden: 76800K(76800K)->0K(76800K) From: 137600K(484864K)->145760K(145920K)
[52.836s][info][gc,heap        ] GC(274) ParOldGen: 7726599K(7919104K)->7795815K(7919104K)
[52.837s][info][gc,metaspace   ] GC(274) Metaspace: 6300K(6464K)->6300K(6464K) NonClass: 5767K(5824K)->5767K(5824K) Class: 533K(640K)->533K(640K)
[52.837s][info][gc             ] GC(274) Pause Young (Allocation Failure) 7754M->7755M(7951M) 136.378ms
[52.837s][info][gc,cpu         ] GC(274) User=0.52s Sys=0.08s Real=0.14s
[52.837s][info][gc,start       ] GC(275) Pause Full (Ergonomics)
[52.837s][info][gc,phases,start] GC(275) Marking Phase
[54.673s][info][gc,phases      ] GC(275) Marking Phase 1836.541ms
[54.673s][info][gc,phases,start] GC(275) Summary Phase
[54.673s][info][gc,phases      ] GC(275) Summary Phase 0.118ms
[54.673s][info][gc,phases,start] GC(275) Adjust Roots
[54.674s][info][gc,phases      ] GC(275) Adjust Roots 0.266ms
[54.674s][info][gc,phases,start] GC(275) Compaction Phase
[55.362s][info][gc,phases      ] GC(275) Compaction Phase 688.198ms
[55.362s][info][gc,phases,start] GC(275) Post Compact
[55.375s][info][gc,phases      ] GC(275) Post Compact 12.560ms
[55.375s][info][gc,heap        ] GC(275) PSYoungGen: 145760K(222720K)->20665K(222720K) Eden: 0K(76800K)->0K(76800K) From: 145760K(145920K)->20665K(145920K)
[55.375s][info][gc,heap        ] GC(275) ParOldGen: 7795815K(7919104K)->7918675K(7919104K)
[55.375s][info][gc,metaspace   ] GC(275) Metaspace: 6300K(6464K)->6300K(6464K) NonClass: 5767K(5824K)->5767K(5824K) Class: 533K(640K)->533K(640K)
[55.375s][info][gc             ] GC(275) Pause Full (Ergonomics) 7755M->7753M(7951M) 2538.055ms
[55.375s][info][gc,cpu         ] GC(275) User=18.77s Sys=0.05s Real=2.54s
[55.460s][info][gc,start       ] GC(276) Pause Full (Ergonomics)
[55.460s][info][gc,phases,start] GC(276) Marking Phase
[57.297s][info][gc,phases      ] GC(276) Marking Phase 1836.961ms
[57.297s][info][gc,phases,start] GC(276) Summary Phase
[57.297s][info][gc,phases      ] GC(276) Summary Phase 0.084ms
[57.297s][info][gc,phases,start] GC(276) Adjust Roots
[57.298s][info][gc,phases      ] GC(276) Adjust Roots 0.204ms
[57.298s][info][gc,phases,start] GC(276) Compaction Phase
[57.905s][info][gc,phases      ] GC(276) Compaction Phase 607.812ms
[57.906s][info][gc,phases,start] GC(276) Post Compact
[57.917s][info][gc,phases      ] GC(276) Post Compact 11.603ms
[57.917s][info][gc,heap        ] GC(276) PSYoungGen: 97465K(222720K)->97430K(222720K) Eden: 76800K(76800K)->76765K(76800K) From: 20665K(145920K)->20665K(145920K)
[57.917s][info][gc,heap        ] GC(276) ParOldGen: 7918675K(7919104K)->7918675K(7919104K)
[57.917s][info][gc,metaspace   ] GC(276) Metaspace: 6300K(6464K)->6300K(6464K) NonClass: 5767K(5824K)->5767K(5824K) Class: 533K(640K)->533K(640K)
[57.917s][info][gc             ] GC(276) Pause Full (Ergonomics) 7828M->7828M(7951M) 2457.051ms
[57.917s][info][gc,cpu         ] GC(276) User=18.22s Sys=0.00s Real=2.46s
[57.917s][info][gc,start       ] GC(277) Pause Full (Ergonomics)
[57.918s][info][gc,phases,start] GC(277) Marking Phase
[59.773s][info][gc,phases      ] GC(277) Marking Phase 1855.053ms
[59.773s][info][gc,phases,start] GC(277) Summary Phase
[59.773s][info][gc,phases      ] GC(277) Summary Phase 0.077ms
[59.773s][info][gc,phases,start] GC(277) Adjust Roots
[59.773s][info][gc,phases      ] GC(277) Adjust Roots 0.173ms
[59.773s][info][gc,phases,start] GC(277) Compaction Phase
[60.423s][info][gc,phases      ] GC(277) Compaction Phase 650.290ms
[60.423s][info][gc,phases,start] GC(277) Post Compact
[60.435s][info][gc,phases      ] GC(277) Post Compact 11.737ms
[60.435s][info][gc,heap        ] GC(277) PSYoungGen: 97465K(222720K)->97465K(222720K) Eden: 76800K(76800K)->76799K(76800K) From: 20665K(145920K)->20665K(145920K)
[60.435s][info][gc,heap        ] GC(277) ParOldGen: 7918675K(7919104K)->7918675K(7919104K)
[60.435s][info][gc,metaspace   ] GC(277) Metaspace: 6300K(6464K)->6300K(6464K) NonClass: 5767K(5824K)->5767K(5824K) Class: 533K(640K)->533K(640K)
[60.435s][info][gc             ] GC(277) Pause Full (Ergonomics) 7828M->7828M(7951M) 2517.653ms
[60.435s][info][gc,cpu         ] GC(277) User=18.30s Sys=0.00s Real=2.52s
[60.435s][info][gc,start       ] GC(278) Pause Full (Ergonomics)
[60.435s][info][gc,phases,start] GC(278) Marking Phase
[62.293s][info][gc,phases      ] GC(278) Marking Phase 1857.758ms
[62.293s][info][gc,phases,start] GC(278) Summary Phase
[62.293s][info][gc,phases      ] GC(278) Summary Phase 0.077ms
[62.293s][info][gc,phases,start] GC(278) Adjust Roots
[62.293s][info][gc,phases      ] GC(278) Adjust Roots 0.163ms
[62.293s][info][gc,phases,start] GC(278) Compaction Phase
[62.918s][info][gc,phases      ] GC(278) Compaction Phase 624.294ms
[62.918s][info][gc,phases,start] GC(278) Post Compact
[62.930s][info][gc,phases      ] GC(278) Post Compact 11.795ms
[62.930s][info][gc,heap        ] GC(278) PSYoungGen: 97465K(222720K)->97465K(222720K) Eden: 76799K(76800K)->76799K(76800K) From: 20665K(145920K)->20665K(145920K)
[62.930s][info][gc,heap        ] GC(278) ParOldGen: 7918675K(7919104K)->7918675K(7919104K)
[62.930s][info][gc,metaspace   ] GC(278) Metaspace: 6300K(6464K)->6300K(6464K) NonClass: 5767K(5824K)->5767K(5824K) Class: 533K(640K)->533K(640K)
[62.930s][info][gc             ] GC(278) Pause Full (Ergonomics) 7828M->7828M(7951M) 2494.416ms
[62.930s][info][gc,cpu         ] GC(278) User=18.62s Sys=0.00s Real=2.50s
[62.930s][info][gc,start       ] GC(279) Pause Full (Ergonomics)
[62.930s][info][gc,phases,start] GC(279) Marking Phase
[64.792s][info][gc,phases      ] GC(279) Marking Phase 1862.545ms
[64.793s][info][gc,phases,start] GC(279) Summary Phase
[64.793s][info][gc,phases      ] GC(279) Summary Phase 0.076ms
[64.793s][info][gc,phases,start] GC(279) Adjust Roots
[64.793s][info][gc,phases      ] GC(279) Adjust Roots 0.186ms
[64.793s][info][gc,phases,start] GC(279) Compaction Phase
[65.425s][info][gc,phases      ] GC(279) Compaction Phase 632.248ms
[65.425s][info][gc,phases,start] GC(279) Post Compact
[65.437s][info][gc,phases      ] GC(279) Post Compact 11.727ms
[65.437s][info][gc,heap        ] GC(279) PSYoungGen: 97465K(222720K)->97465K(222720K) Eden: 76799K(76800K)->76799K(76800K) From: 20665K(145920K)->20665K(145920K)
[65.437s][info][gc,heap        ] GC(279) ParOldGen: 7918680K(7919104K)->7918680K(7919104K)
[65.437s][info][gc,metaspace   ] GC(279) Metaspace: 6300K(6464K)->6300K(6464K) NonClass: 5767K(5824K)->5767K(5824K) Class: 533K(640K)->533K(640K)
[65.437s][info][gc             ] GC(279) Pause Full (Ergonomics) 7828M->7828M(7951M) 2507.115ms
[65.437s][info][gc,cpu         ] GC(279) User=18.77s Sys=0.00s Real=2.51s
[65.437s][info][gc,start       ] GC(280) Pause Full (Ergonomics)
[65.437s][info][gc,phases,start] GC(280) Marking Phase
[67.295s][info][gc,phases      ] GC(280) Marking Phase 1857.972ms
[67.295s][info][gc,phases,start] GC(280) Summary Phase
[67.295s][info][gc,phases      ] GC(280) Summary Phase 0.111ms
[67.295s][info][gc,phases,start] GC(280) Adjust Roots
[67.296s][info][gc,phases      ] GC(280) Adjust Roots 0.172ms
[67.296s][info][gc,phases,start] GC(280) Compaction Phase
[67.962s][info][gc,phases      ] GC(280) Compaction Phase 666.478ms
[67.962s][info][gc,phases,start] GC(280) Post Compact
[67.974s][info][gc,phases      ] GC(280) Post Compact 11.647ms
[67.974s][info][gc,heap        ] GC(280) PSYoungGen: 97465K(222720K)->97465K(222720K) Eden: 76799K(76800K)->76799K(76800K) From: 20665K(145920K)->20665K(145920K)
[67.974s][info][gc,heap        ] GC(280) ParOldGen: 7918685K(7919104K)->7918685K(7919104K)
[67.974s][info][gc,metaspace   ] GC(280) Metaspace: 6300K(6464K)->6300K(6464K) NonClass: 5767K(5824K)->5767K(5824K) Class: 533K(640K)->533K(640K)
[67.974s][info][gc             ] GC(280) Pause Full (Ergonomics) 7828M->7828M(7951M) 2536.722ms
[67.974s][info][gc,cpu         ] GC(280) User=18.59s Sys=0.00s Real=2.54s
[67.974s][info][gc,start       ] GC(281) Pause Full (Ergonomics)
[67.974s][info][gc,phases,start] GC(281) Marking Phase
[69.842s][info][gc,phases      ] GC(281) Marking Phase 1867.506ms
[69.842s][info][gc,phases,start] GC(281) Summary Phase
[69.842s][info][gc,phases      ] GC(281) Summary Phase 0.090ms
[69.842s][info][gc,phases,start] GC(281) Adjust Roots
[69.842s][info][gc,phases      ] GC(281) Adjust Roots 0.245ms
[69.842s][info][gc,phases,start] GC(281) Compaction Phase
[70.491s][info][gc,phases      ] GC(281) Compaction Phase 649.150ms
[70.491s][info][gc,phases,start] GC(281) Post Compact
[70.504s][info][gc,phases      ] GC(281) Post Compact 12.139ms
[70.504s][info][gc,heap        ] GC(281) PSYoungGen: 97465K(222720K)->97465K(222720K) Eden: 76799K(76800K)->76799K(76800K) From: 20665K(145920K)->20665K(145920K)
[70.504s][info][gc,heap        ] GC(281) ParOldGen: 7918690K(7919104K)->7918690K(7919104K)
[70.504s][info][gc,metaspace   ] GC(281) Metaspace: 6300K(6464K)->6300K(6464K) NonClass: 5767K(5824K)->5767K(5824K) Class: 533K(640K)->533K(640K)
[70.504s][info][gc             ] GC(281) Pause Full (Ergonomics) 7828M->7828M(7951M) 2529.473ms
[70.504s][info][gc,cpu         ] GC(281) User=18.62s Sys=0.02s Real=2.53s
[70.504s][info][gc,start       ] GC(282) Pause Full (Ergonomics)
[70.504s][info][gc,phases,start] GC(282) Marking Phase
[72.377s][info][gc,phases      ] GC(282) Marking Phase 1873.052ms
[72.377s][info][gc,phases,start] GC(282) Summary Phase
[72.377s][info][gc,phases      ] GC(282) Summary Phase 0.081ms
[72.377s][info][gc,phases,start] GC(282) Adjust Roots
[72.377s][info][gc,phases      ] GC(282) Adjust Roots 0.194ms
[72.377s][info][gc,phases,start] GC(282) Compaction Phase
[73.093s][info][gc,phases      ] GC(282) Compaction Phase 716.131ms
[73.094s][info][gc,phases,start] GC(282) Post Compact
[73.111s][info][gc,phases      ] GC(282) Post Compact 17.947ms
[73.112s][info][gc,heap        ] GC(282) PSYoungGen: 97465K(222720K)->97465K(222720K) Eden: 76799K(76800K)->76799K(76800K) From: 20665K(145920K)->20665K(145920K)
[73.112s][info][gc,heap        ] GC(282) ParOldGen: 7918695K(7919104K)->7918695K(7919104K)
[73.112s][info][gc,metaspace   ] GC(282) Metaspace: 6300K(6464K)->6300K(6464K) NonClass: 5767K(5824K)->5767K(5824K) Class: 533K(640K)->533K(640K)
[73.112s][info][gc             ] GC(282) Pause Full (Ergonomics) 7828M->7828M(7951M) 2607.749ms
[73.112s][info][gc,cpu         ] GC(282) User=18.81s Sys=0.00s Real=2.61s
[73.112s][info][gc,start       ] GC(283) Pause Full (Ergonomics)
[73.112s][info][gc,phases,start] GC(283) Marking Phase
[75.144s][info][gc,phases      ] GC(283) Marking Phase 2031.956ms
[75.144s][info][gc,phases,start] GC(283) Summary Phase
[75.144s][info][gc,phases      ] GC(283) Summary Phase 0.204ms
[75.144s][info][gc,phases,start] GC(283) Adjust Roots
[75.145s][info][gc,phases      ] GC(283) Adjust Roots 0.425ms
[75.145s][info][gc,phases,start] GC(283) Compaction Phase
[75.901s][info][gc,phases      ] GC(283) Compaction Phase 756.213ms
[75.901s][info][gc,phases,start] GC(283) Post Compact
[75.918s][info][gc,phases      ] GC(283) Post Compact 16.463ms
[75.918s][info][gc,heap        ] GC(283) PSYoungGen: 97465K(222720K)->97465K(222720K) Eden: 76799K(76800K)->76799K(76800K) From: 20665K(145920K)->20665K(145920K)
[75.918s][info][gc,heap        ] GC(283) ParOldGen: 7918700K(7919104K)->7918700K(7919104K)
[75.918s][info][gc,metaspace   ] GC(283) Metaspace: 6300K(6464K)->6300K(6464K) NonClass: 5767K(5824K)->5767K(5824K) Class: 533K(640K)->533K(640K)
[75.918s][info][gc             ] GC(283) Pause Full (Ergonomics) 7828M->7828M(7951M) 2805.837ms
[75.918s][info][gc,cpu         ] GC(283) User=18.45s Sys=0.02s Real=2.81s
[75.918s][info][gc,start       ] GC(284) Pause Full (Ergonomics)
[75.918s][info][gc,phases,start] GC(284) Marking Phase
[77.947s][info][gc,phases      ] GC(284) Marking Phase 2028.492ms
[77.947s][info][gc,phases,start] GC(284) Summary Phase
[77.947s][info][gc,phases      ] GC(284) Summary Phase 0.087ms
[77.947s][info][gc,phases,start] GC(284) Adjust Roots
[77.947s][info][gc,phases      ] GC(284) Adjust Roots 0.263ms
[77.947s][info][gc,phases,start] GC(284) Compaction Phase
[78.671s][info][gc,phases      ] GC(284) Compaction Phase 723.625ms
[78.671s][info][gc,phases,start] GC(284) Post Compact
[78.687s][info][gc,phases      ] GC(284) Post Compact 16.206ms
[78.687s][info][gc,heap        ] GC(284) PSYoungGen: 97465K(222720K)->97465K(222720K) Eden: 76799K(76800K)->76799K(76800K) From: 20665K(145920K)->20665K(145920K)
[78.687s][info][gc,heap        ] GC(284) ParOldGen: 7918705K(7919104K)->7918705K(7919104K)
[78.687s][info][gc,metaspace   ] GC(284) Metaspace: 6300K(6464K)->6300K(6464K) NonClass: 5767K(5824K)->5767K(5824K) Class: 533K(640K)->533K(640K)
[78.687s][info][gc             ] GC(284) Pause Full (Ergonomics) 7828M->7828M(7951M) 2769.150ms
[78.687s][info][gc,cpu         ] GC(284) User=18.64s Sys=0.02s Real=2.77s
[78.687s][info][gc,start       ] GC(285) Pause Full (Ergonomics)
[78.687s][info][gc,phases,start] GC(285) Marking Phase
[80.696s][info][gc,phases      ] GC(285) Marking Phase 2008.722ms
[80.696s][info][gc,phases,start] GC(285) Summary Phase
[80.696s][info][gc,phases      ] GC(285) Summary Phase 0.092ms
[80.696s][info][gc,phases,start] GC(285) Adjust Roots
[80.697s][info][gc,phases      ] GC(285) Adjust Roots 0.217ms
[80.697s][info][gc,phases,start] GC(285) Compaction Phase
[81.436s][info][gc,phases      ] GC(285) Compaction Phase 738.899ms
[81.436s][info][gc,phases,start] GC(285) Post Compact
[81.452s][info][gc,phases      ] GC(285) Post Compact 16.086ms
[81.452s][info][gc,heap        ] GC(285) PSYoungGen: 97465K(222720K)->97465K(222720K) Eden: 76799K(76800K)->76799K(76800K) From: 20665K(145920K)->20665K(145920K)
[81.452s][info][gc,heap        ] GC(285) ParOldGen: 7918709K(7919104K)->7918709K(7919104K)
[81.452s][info][gc,metaspace   ] GC(285) Metaspace: 6300K(6464K)->6300K(6464K) NonClass: 5767K(5824K)->5767K(5824K) Class: 533K(640K)->533K(640K)
[81.452s][info][gc             ] GC(285) Pause Full (Ergonomics) 7828M->7828M(7951M) 2764.486ms
[81.452s][info][gc,cpu         ] GC(285) User=18.34s Sys=0.03s Real=2.77s
[81.452s][info][gc,start       ] GC(286) Pause Full (Ergonomics)
[81.452s][info][gc,phases,start] GC(286) Marking Phase
[83.458s][info][gc,phases      ] GC(286) Marking Phase 2005.648ms
[83.458s][info][gc,phases,start] GC(286) Summary Phase
[83.458s][info][gc,phases      ] GC(286) Summary Phase 0.145ms
[83.458s][info][gc,phases,start] GC(286) Adjust Roots
[83.459s][info][gc,phases      ] GC(286) Adjust Roots 0.420ms
[83.459s][info][gc,phases,start] GC(286) Compaction Phase
[84.233s][info][gc,phases      ] GC(286) Compaction Phase 773.996ms
[84.233s][info][gc,phases,start] GC(286) Post Compact
[84.251s][info][gc,phases      ] GC(286) Post Compact 18.181ms
[84.251s][info][gc,heap        ] GC(286) PSYoungGen: 97465K(222720K)->97465K(222720K) Eden: 76799K(76800K)->76799K(76800K) From: 20665K(145920K)->20665K(145920K)
[84.251s][info][gc,heap        ] GC(286) ParOldGen: 7918714K(7919104K)->7918714K(7919104K)
[84.251s][info][gc,metaspace   ] GC(286) Metaspace: 6300K(6464K)->6300K(6464K) NonClass: 5767K(5824K)->5767K(5824K) Class: 533K(640K)->533K(640K)
[84.251s][info][gc             ] GC(286) Pause Full (Ergonomics) 7828M->7828M(7951M) 2799.027ms
[84.251s][info][gc,cpu         ] GC(286) User=18.69s Sys=0.02s Real=2.80s
[84.251s][info][gc,start       ] GC(287) Pause Full (Ergonomics)
[84.252s][info][gc,phases,start] GC(287) Marking Phase
[86.270s][info][gc,phases      ] GC(287) Marking Phase 2018.384ms
[86.270s][info][gc,phases,start] GC(287) Summary Phase
[86.270s][info][gc,phases      ] GC(287) Summary Phase 0.198ms
[86.270s][info][gc,phases,start] GC(287) Adjust Roots
[86.271s][info][gc,phases      ] GC(287) Adjust Roots 0.350ms
[86.271s][info][gc,phases,start] GC(287) Compaction Phase
[86.964s][info][gc,phases      ] GC(287) Compaction Phase 693.272ms
[86.964s][info][gc,phases,start] GC(287) Post Compact
[86.979s][info][gc,phases      ] GC(287) Post Compact 15.112ms
[86.979s][info][gc,heap        ] GC(287) PSYoungGen: 97465K(222720K)->97465K(222720K) Eden: 76799K(76800K)->76799K(76800K) From: 20665K(145920K)->20665K(145920K)
[86.979s][info][gc,heap        ] GC(287) ParOldGen: 7918719K(7919104K)->7918719K(7919104K)
[86.979s][info][gc,metaspace   ] GC(287) Metaspace: 6300K(6464K)->6300K(6464K) NonClass: 5767K(5824K)->5767K(5824K) Class: 533K(640K)->533K(640K)
[86.979s][info][gc             ] GC(287) Pause Full (Ergonomics) 7828M->7828M(7951M) 2727.747ms
[86.979s][info][gc,cpu         ] GC(287) User=19.11s Sys=0.03s Real=2.73s
[86.979s][info][gc,start       ] GC(288) Pause Full (Ergonomics)
[86.979s][info][gc,phases,start] GC(288) Marking Phase
[88.935s][info][gc,phases      ] GC(288) Marking Phase 1955.369ms
[88.935s][info][gc,phases,start] GC(288) Summary Phase
[88.935s][info][gc,phases      ] GC(288) Summary Phase 0.142ms
[88.935s][info][gc,phases,start] GC(288) Adjust Roots
[88.935s][info][gc,phases      ] GC(288) Adjust Roots 0.361ms
[88.936s][info][gc,phases,start] GC(288) Compaction Phase
[89.660s][info][gc,phases      ] GC(288) Compaction Phase 724.812ms
[89.660s][info][gc,phases,start] GC(288) Post Compact
[89.674s][info][gc,phases      ] GC(288) Post Compact 13.512ms
[89.674s][info][gc,heap        ] GC(288) PSYoungGen: 97465K(222720K)->97465K(222720K) Eden: 76799K(76800K)->76799K(76800K) From: 20665K(145920K)->20665K(145920K)
[89.674s][info][gc,heap        ] GC(288) ParOldGen: 7918724K(7919104K)->7918724K(7919104K)
[89.674s][info][gc,metaspace   ] GC(288) Metaspace: 6300K(6464K)->6300K(6464K) NonClass: 5767K(5824K)->5767K(5824K) Class: 533K(640K)->533K(640K)
[89.674s][info][gc             ] GC(288) Pause Full (Ergonomics) 7828M->7828M(7951M) 2694.581ms
[89.674s][info][gc,cpu         ] GC(288) User=18.58s Sys=0.02s Real=2.69s
[89.674s][info][gc,start       ] GC(289) Pause Full (Ergonomics)
[89.674s][info][gc,phases,start] GC(289) Marking Phase
[91.654s][info][gc,phases      ] GC(289) Marking Phase 1979.763ms
[91.654s][info][gc,phases,start] GC(289) Summary Phase
[91.654s][info][gc,phases      ] GC(289) Summary Phase 0.182ms
[91.654s][info][gc,phases,start] GC(289) Adjust Roots
[91.655s][info][gc,phases      ] GC(289) Adjust Roots 0.365ms
[91.655s][info][gc,phases,start] GC(289) Compaction Phase
[92.323s][info][gc,phases      ] GC(289) Compaction Phase 668.137ms
[92.323s][info][gc,phases,start] GC(289) Post Compact
[92.335s][info][gc,phases      ] GC(289) Post Compact 11.708ms
[92.335s][info][gc,heap        ] GC(289) PSYoungGen: 97465K(222720K)->97465K(222720K) Eden: 76799K(76800K)->76799K(76800K) From: 20665K(145920K)->20665K(145920K)
[92.335s][info][gc,heap        ] GC(289) ParOldGen: 7918729K(7919104K)->7918729K(7919104K)
[92.335s][info][gc,metaspace   ] GC(289) Metaspace: 6300K(6464K)->6300K(6464K) NonClass: 5767K(5824K)->5767K(5824K) Class: 533K(640K)->533K(640K)
[92.335s][info][gc             ] GC(289) Pause Full (Ergonomics) 7828M->7828M(7951M) 2660.532ms
[92.335s][info][gc,cpu         ] GC(289) User=18.89s Sys=0.00s Real=2.66s
[92.335s][info][gc,start       ] GC(290) Pause Full (Ergonomics)
[92.335s][info][gc,phases,start] GC(290) Marking Phase
[94.218s][info][gc,phases      ] GC(290) Marking Phase 1883.404ms
[94.218s][info][gc,phases,start] GC(290) Summary Phase
[94.219s][info][gc,phases      ] GC(290) Summary Phase 0.198ms
[94.219s][info][gc,phases,start] GC(290) Adjust Roots
[94.219s][info][gc,phases      ] GC(290) Adjust Roots 0.319ms
[94.219s][info][gc,phases,start] GC(290) Compaction Phase
[94.858s][info][gc,phases      ] GC(290) Compaction Phase 638.512ms
[94.858s][info][gc,phases,start] GC(290) Post Compact
[94.871s][info][gc,phases      ] GC(290) Post Compact 13.517ms
[94.871s][info][gc,heap        ] GC(290) PSYoungGen: 97465K(222720K)->97465K(222720K) Eden: 76799K(76800K)->76799K(76800K) From: 20665K(145920K)->20665K(145920K)
[94.871s][info][gc,heap        ] GC(290) ParOldGen: 7918734K(7919104K)->7918734K(7919104K)
[94.871s][info][gc,metaspace   ] GC(290) Metaspace: 6300K(6464K)->6300K(6464K) NonClass: 5767K(5824K)->5767K(5824K) Class: 533K(640K)->533K(640K)
[94.871s][info][gc             ] GC(290) Pause Full (Ergonomics) 7828M->7828M(7951M) 2536.358ms
[94.871s][info][gc,cpu         ] GC(290) User=18.78s Sys=0.02s Real=2.54s
[94.872s][info][gc,start       ] GC(291) Pause Full (Ergonomics)
[94.872s][info][gc,phases,start] GC(291) Marking Phase
[96.741s][info][gc,phases      ] GC(291) Marking Phase 1869.201ms
[96.741s][info][gc,phases,start] GC(291) Summary Phase
[96.741s][info][gc,phases      ] GC(291) Summary Phase 0.093ms
[96.741s][info][gc,phases,start] GC(291) Adjust Roots
[96.741s][info][gc,phases      ] GC(291) Adjust Roots 0.263ms
[96.741s][info][gc,phases,start] GC(291) Compaction Phase
[97.397s][info][gc,phases      ] GC(291) Compaction Phase 656.070ms
[97.397s][info][gc,phases,start] GC(291) Post Compact
[97.410s][info][gc,phases      ] GC(291) Post Compact 12.170ms
[97.410s][info][gc,heap        ] GC(291) PSYoungGen: 97465K(222720K)->97465K(222720K) Eden: 76799K(76800K)->76799K(76800K) From: 20665K(145920K)->20665K(145920K)
[97.410s][info][gc,heap        ] GC(291) ParOldGen: 7918738K(7919104K)->7918738K(7919104K)
[97.410s][info][gc,metaspace   ] GC(291) Metaspace: 6300K(6464K)->6300K(6464K) NonClass: 5767K(5824K)->5767K(5824K) Class: 533K(640K)->533K(640K)
[97.410s][info][gc             ] GC(291) Pause Full (Ergonomics) 7828M->7828M(7951M) 2538.147ms
[97.410s][info][gc,cpu         ] GC(291) User=18.41s Sys=0.00s Real=2.54s
[97.410s][info][gc,start       ] GC(292) Pause Full (Ergonomics)
[97.410s][info][gc,phases,start] GC(292) Marking Phase
[99.257s][info][gc,phases      ] GC(292) Marking Phase 1847.187ms
[99.257s][info][gc,phases,start] GC(292) Summary Phase
[99.257s][info][gc,phases      ] GC(292) Summary Phase 0.082ms
[99.257s][info][gc,phases,start] GC(292) Adjust Roots
[99.257s][info][gc,phases      ] GC(292) Adjust Roots 0.189ms
[99.257s][info][gc,phases,start] GC(292) Compaction Phase
[99.927s][info][gc,phases      ] GC(292) Compaction Phase 669.685ms
[99.927s][info][gc,phases,start] GC(292) Post Compact
[99.939s][info][gc,phases      ] GC(292) Post Compact 11.766ms
[99.939s][info][gc,heap        ] GC(292) PSYoungGen: 97465K(222720K)->97465K(222720K) Eden: 76799K(76800K)->76799K(76800K) From: 20665K(145920K)->20665K(145920K)
[99.939s][info][gc,heap        ] GC(292) ParOldGen: 7918743K(7919104K)->7918743K(7919104K)
[99.939s][info][gc,metaspace   ] GC(292) Metaspace: 6300K(6464K)->6300K(6464K) NonClass: 5767K(5824K)->5767K(5824K) Class: 533K(640K)->533K(640K)
[99.939s][info][gc             ] GC(292) Pause Full (Ergonomics) 7828M->7828M(7951M) 2529.247ms
[99.939s][info][gc,cpu         ] GC(292) User=18.55s Sys=0.00s Real=2.53s
[99.939s][info][gc,start       ] GC(293) Pause Full (Ergonomics)
[99.939s][info][gc,phases,start] GC(293) Marking Phase
[101.786s][info][gc,phases      ] GC(293) Marking Phase 1847.037ms
[101.786s][info][gc,phases,start] GC(293) Summary Phase
[101.787s][info][gc,phases      ] GC(293) Summary Phase 0.143ms
[101.787s][info][gc,phases,start] GC(293) Adjust Roots
[101.787s][info][gc,phases      ] GC(293) Adjust Roots 0.393ms
[101.787s][info][gc,phases,start] GC(293) Compaction Phase
[102.521s][info][gc,phases      ] GC(293) Compaction Phase 733.641ms
[102.521s][info][gc,phases,start] GC(293) Post Compact
[102.535s][info][gc,phases      ] GC(293) Post Compact 14.081ms
[102.535s][info][gc,heap        ] GC(293) PSYoungGen: 97465K(222720K)->97465K(222720K) Eden: 76799K(76800K)->76799K(76800K) From: 20665K(145920K)->20665K(145920K)
[102.535s][info][gc,heap        ] GC(293) ParOldGen: 7918748K(7919104K)->7918748K(7919104K)
[102.535s][info][gc,metaspace   ] GC(293) Metaspace: 6300K(6464K)->6300K(6464K) NonClass: 5767K(5824K)->5767K(5824K) Class: 533K(640K)->533K(640K)
[102.535s][info][gc             ] GC(293) Pause Full (Ergonomics) 7828M->7828M(7951M) 2595.745ms
[102.535s][info][gc,cpu         ] GC(293) User=18.59s Sys=0.00s Real=2.60s
[102.535s][info][gc,start       ] GC(294) Pause Full (Ergonomics)
[102.535s][info][gc,phases,start] GC(294) Marking Phase
[104.517s][info][gc,phases      ] GC(294) Marking Phase 1981.951ms
[104.517s][info][gc,phases,start] GC(294) Summary Phase
[104.518s][info][gc,phases      ] GC(294) Summary Phase 0.148ms
[104.518s][info][gc,phases,start] GC(294) Adjust Roots
[104.518s][info][gc,phases      ] GC(294) Adjust Roots 0.371ms
[104.518s][info][gc,phases,start] GC(294) Compaction Phase
[105.271s][info][gc,phases      ] GC(294) Compaction Phase 752.905ms
[105.271s][info][gc,phases,start] GC(294) Post Compact
[105.285s][info][gc,phases      ] GC(294) Post Compact 14.338ms
[105.286s][info][gc,heap        ] GC(294) PSYoungGen: 97465K(222720K)->97465K(222720K) Eden: 76799K(76800K)->76799K(76800K) From: 20665K(145920K)->20665K(145920K)
[105.286s][info][gc,heap        ] GC(294) ParOldGen: 7918753K(7919104K)->7918753K(7919104K)
[105.286s][info][gc,metaspace   ] GC(294) Metaspace: 6300K(6464K)->6300K(6464K) NonClass: 5767K(5824K)->5767K(5824K) Class: 533K(640K)->533K(640K)
[105.286s][info][gc             ] GC(294) Pause Full (Ergonomics) 7828M->7828M(7951M) 2750.230ms
[105.286s][info][gc,cpu         ] GC(294) User=19.02s Sys=0.03s Real=2.75s
[105.286s][info][gc,start       ] GC(295) Pause Full (Ergonomics)
[105.286s][info][gc,phases,start] GC(295) Marking Phase
[107.240s][info][gc,phases      ] GC(295) Marking Phase 1953.941ms
[107.240s][info][gc,phases,start] GC(295) Summary Phase
[107.240s][info][gc,phases      ] GC(295) Summary Phase 0.146ms
[107.240s][info][gc,phases,start] GC(295) Adjust Roots
[107.240s][info][gc,phases      ] GC(295) Adjust Roots 0.339ms
[107.240s][info][gc,phases,start] GC(295) Compaction Phase
[107.953s][info][gc,phases      ] GC(295) Compaction Phase 712.696ms
[107.953s][info][gc,phases,start] GC(295) Post Compact
[107.965s][info][gc,phases      ] GC(295) Post Compact 11.831ms
[107.965s][info][gc,heap        ] GC(295) PSYoungGen: 97465K(222720K)->97465K(222720K) Eden: 76799K(76800K)->76799K(76800K) From: 20665K(145920K)->20665K(145920K)
[107.965s][info][gc,heap        ] GC(295) ParOldGen: 7918758K(7919104K)->7918758K(7919104K)
[107.965s][info][gc,metaspace   ] GC(295) Metaspace: 6300K(6464K)->6300K(6464K) NonClass: 5767K(5824K)->5767K(5824K) Class: 533K(640K)->533K(640K)
[107.965s][info][gc             ] GC(295) Pause Full (Ergonomics) 7828M->7828M(7951M) 2679.389ms
[107.965s][info][gc,cpu         ] GC(295) User=18.88s Sys=0.00s Real=2.68s
[107.965s][info][gc,start       ] GC(296) Pause Full (Ergonomics)
[107.965s][info][gc,phases,start] GC(296) Marking Phase
[109.843s][info][gc,phases      ] GC(296) Marking Phase 1877.734ms
[109.843s][info][gc,phases,start] GC(296) Summary Phase
[109.843s][info][gc,phases      ] GC(296) Summary Phase 0.116ms
[109.843s][info][gc,phases,start] GC(296) Adjust Roots
[109.844s][info][gc,phases      ] GC(296) Adjust Roots 0.278ms
[109.844s][info][gc,phases,start] GC(296) Compaction Phase
[110.576s][info][gc,phases      ] GC(296) Compaction Phase 732.365ms
[110.576s][info][gc,phases,start] GC(296) Post Compact
[110.588s][info][gc,phases      ] GC(296) Post Compact 11.808ms
[110.588s][info][gc,heap        ] GC(296) PSYoungGen: 97465K(222720K)->97465K(222720K) Eden: 76799K(76800K)->76799K(76800K) From: 20665K(145920K)->20665K(145920K)
[110.588s][info][gc,heap        ] GC(296) ParOldGen: 7918763K(7919104K)->7918763K(7919104K)
[110.588s][info][gc,metaspace   ] GC(296) Metaspace: 6300K(6464K)->6300K(6464K) NonClass: 5767K(5824K)->5767K(5824K) Class: 533K(640K)->533K(640K)
[110.588s][info][gc             ] GC(296) Pause Full (Ergonomics) 7828M->7828M(7951M) 2622.690ms
[110.588s][info][gc,cpu         ] GC(296) User=19.02s Sys=0.00s Real=2.62s
[110.588s][info][gc,start       ] GC(297) Pause Full (Ergonomics)
[110.588s][info][gc,phases,start] GC(297) Marking Phase
[112.486s][info][gc,phases      ] GC(297) Marking Phase 1897.432ms
[112.486s][info][gc,phases,start] GC(297) Summary Phase
[112.486s][info][gc,phases      ] GC(297) Summary Phase 0.130ms
[112.486s][info][gc,phases,start] GC(297) Adjust Roots
[112.486s][info][gc,phases      ] GC(297) Adjust Roots 0.423ms
[112.486s][info][gc,phases,start] GC(297) Compaction Phase
[113.105s][info][gc,phases      ] GC(297) Compaction Phase 618.185ms
[113.105s][info][gc,phases,start] GC(297) Post Compact
[113.116s][info][gc,phases      ] GC(297) Post Compact 11.551ms
[113.116s][info][gc,heap        ] GC(297) PSYoungGen: 97465K(222720K)->97465K(222720K) Eden: 76799K(76800K)->76799K(76800K) From: 20665K(145920K)->20665K(145920K)
[113.116s][info][gc,heap        ] GC(297) ParOldGen: 7918767K(7919104K)->7918767K(7919104K)
[113.116s][info][gc,metaspace   ] GC(297) Metaspace: 6300K(6464K)->6300K(6464K) NonClass: 5767K(5824K)->5767K(5824K) Class: 533K(640K)->533K(640K)
[113.116s][info][gc             ] GC(297) Pause Full (Ergonomics) 7828M->7828M(7951M) 2528.102ms
[113.116s][info][gc,cpu         ] GC(297) User=18.91s Sys=0.00s Real=2.53s
[113.117s][info][gc,start       ] GC(298) Pause Full (Ergonomics)
[113.117s][info][gc,phases,start] GC(298) Marking Phase
[115.044s][info][gc,phases      ] GC(298) Marking Phase 1927.471ms
[115.044s][info][gc,phases,start] GC(298) Summary Phase
[115.044s][info][gc,phases      ] GC(298) Summary Phase 0.128ms
[115.044s][info][gc,phases,start] GC(298) Adjust Roots
[115.045s][info][gc,phases      ] GC(298) Adjust Roots 0.289ms
[115.045s][info][gc,phases,start] GC(298) Compaction Phase
[115.678s][info][gc,phases      ] GC(298) Compaction Phase 633.785ms
[115.679s][info][gc,phases,start] GC(298) Post Compact
[115.691s][info][gc,phases      ] GC(298) Post Compact 12.064ms
[115.691s][info][gc,heap        ] GC(298) PSYoungGen: 97465K(222720K)->97465K(222720K) Eden: 76799K(76800K)->76799K(76800K) From: 20665K(145920K)->20665K(145920K)
[115.691s][info][gc,heap        ] GC(298) ParOldGen: 7918772K(7919104K)->7918772K(7919104K)
[115.691s][info][gc,metaspace   ] GC(298) Metaspace: 6300K(6464K)->6300K(6464K) NonClass: 5767K(5824K)->5767K(5824K) Class: 533K(640K)->533K(640K)
[115.691s][info][gc             ] GC(298) Pause Full (Ergonomics) 7828M->7828M(7951M) 2574.111ms
[115.691s][info][gc,cpu         ] GC(298) User=17.64s Sys=0.02s Real=2.57s
[115.691s][info][gc,start       ] GC(299) Pause Full (Ergonomics)
[115.691s][info][gc,phases,start] GC(299) Marking Phase
[117.526s][info][gc,phases      ] GC(299) Marking Phase 1834.985ms
[117.526s][info][gc,phases,start] GC(299) Summary Phase
[117.526s][info][gc,phases      ] GC(299) Summary Phase 0.116ms
[117.526s][info][gc,phases,start] GC(299) Adjust Roots
[117.526s][info][gc,phases      ] GC(299) Adjust Roots 0.207ms
[117.526s][info][gc,phases,start] GC(299) Compaction Phase
[118.133s][info][gc,phases      ] GC(299) Compaction Phase 606.590ms
[118.133s][info][gc,phases,start] GC(299) Post Compact
[118.145s][info][gc,phases      ] GC(299) Post Compact 11.733ms
[118.145s][info][gc,heap        ] GC(299) PSYoungGen: 97465K(222720K)->97465K(222720K) Eden: 76799K(76800K)->76799K(76800K) From: 20665K(145920K)->20665K(145920K)
[118.145s][info][gc,heap        ] GC(299) ParOldGen: 7918777K(7919104K)->7918777K(7919104K)
[118.145s][info][gc,metaspace   ] GC(299) Metaspace: 6300K(6464K)->6300K(6464K) NonClass: 5767K(5824K)->5767K(5824K) Class: 533K(640K)->533K(640K)
[118.145s][info][gc             ] GC(299) Pause Full (Ergonomics) 7828M->7828M(7951M) 2453.961ms
[118.145s][info][gc,cpu         ] GC(299) User=18.38s Sys=0.00s Real=2.45s
[118.145s][info][gc,start       ] GC(300) Pause Full (Ergonomics)
[118.145s][info][gc,phases,start] GC(300) Marking Phase
[119.978s][info][gc,phases      ] GC(300) Marking Phase 1832.976ms
[119.978s][info][gc,phases,start] GC(300) Summary Phase
[119.978s][info][gc,phases      ] GC(300) Summary Phase 0.120ms
[119.978s][info][gc,phases,start] GC(300) Adjust Roots
[119.979s][info][gc,phases      ] GC(300) Adjust Roots 0.233ms
[119.979s][info][gc,phases,start] GC(300) Compaction Phase
[120.597s][info][gc,phases      ] GC(300) Compaction Phase 618.814ms
[120.597s][info][gc,phases,start] GC(300) Post Compact
[120.609s][info][gc,phases      ] GC(300) Post Compact 11.956ms
[120.609s][info][gc,heap        ] GC(300) PSYoungGen: 97465K(222720K)->97465K(222720K) Eden: 76799K(76800K)->76799K(76800K) From: 20665K(145920K)->20665K(145920K)
[120.609s][info][gc,heap        ] GC(300) ParOldGen: 7918782K(7919104K)->7918782K(7919104K)
[120.609s][info][gc,metaspace   ] GC(300) Metaspace: 6300K(6464K)->6300K(6464K) NonClass: 5767K(5824K)->5767K(5824K) Class: 533K(640K)->533K(640K)
[120.610s][info][gc             ] GC(300) Pause Full (Ergonomics) 7828M->7828M(7951M) 2464.449ms
[120.610s][info][gc,cpu         ] GC(300) User=18.27s Sys=0.02s Real=2.47s
[120.610s][info][gc,start       ] GC(301) Pause Full (Ergonomics)
[120.610s][info][gc,phases,start] GC(301) Marking Phase
[122.443s][info][gc,phases      ] GC(301) Marking Phase 1833.220ms
[122.443s][info][gc,phases,start] GC(301) Summary Phase
[122.443s][info][gc,phases      ] GC(301) Summary Phase 0.095ms
[122.443s][info][gc,phases,start] GC(301) Adjust Roots
[122.443s][info][gc,phases      ] GC(301) Adjust Roots 0.196ms
[122.443s][info][gc,phases,start] GC(301) Compaction Phase
[123.011s][info][gc,phases      ] GC(301) Compaction Phase 567.225ms
[123.011s][info][gc,phases,start] GC(301) Post Compact
[123.022s][info][gc,phases      ] GC(301) Post Compact 11.809ms
[123.023s][info][gc,heap        ] GC(301) PSYoungGen: 97465K(222720K)->97465K(222720K) Eden: 76799K(76800K)->76799K(76800K) From: 20665K(145920K)->20665K(145920K)
[123.023s][info][gc,heap        ] GC(301) ParOldGen: 7918787K(7919104K)->7918787K(7919104K)
[123.023s][info][gc,metaspace   ] GC(301) Metaspace: 6300K(6464K)->6300K(6464K) NonClass: 5767K(5824K)->5767K(5824K) Class: 533K(640K)->533K(640K)
[123.023s][info][gc             ] GC(301) Pause Full (Ergonomics) 7828M->7828M(7951M) 2412.860ms
[123.023s][info][gc,cpu         ] GC(301) User=18.11s Sys=0.00s Real=2.41s
[123.023s][info][gc,start       ] GC(302) Pause Full (Ergonomics)
[123.023s][info][gc,phases,start] GC(302) Marking Phase
[124.868s][info][gc,phases      ] GC(302) Marking Phase 1844.912ms
[124.868s][info][gc,phases,start] GC(302) Summary Phase
[124.868s][info][gc,phases      ] GC(302) Summary Phase 0.078ms
[124.868s][info][gc,phases,start] GC(302) Adjust Roots
[124.868s][info][gc,phases      ] GC(302) Adjust Roots 0.168ms
[124.868s][info][gc,phases,start] GC(302) Compaction Phase
[125.423s][info][gc,phases      ] GC(302) Compaction Phase 554.831ms
[125.423s][info][gc,phases,start] GC(302) Post Compact
[125.435s][info][gc,phases      ] GC(302) Post Compact 11.775ms
[125.435s][info][gc,heap        ] GC(302) PSYoungGen: 97465K(222720K)->97465K(222720K) Eden: 76799K(76800K)->76799K(76800K) From: 20665K(145920K)->20665K(145920K)
[125.435s][info][gc,heap        ] GC(302) ParOldGen: 7918792K(7919104K)->7918792K(7919104K)
[125.435s][info][gc,metaspace   ] GC(302) Metaspace: 6300K(6464K)->6300K(6464K) NonClass: 5767K(5824K)->5767K(5824K) Class: 533K(640K)->533K(640K)
[125.435s][info][gc             ] GC(302) Pause Full (Ergonomics) 7828M->7828M(7951M) 2412.100ms
[125.435s][info][gc,cpu         ] GC(302) User=18.08s Sys=0.00s Real=2.41s
[125.435s][info][gc,start       ] GC(303) Pause Full (Ergonomics)
[125.435s][info][gc,phases,start] GC(303) Marking Phase
[127.261s][info][gc,phases      ] GC(303) Marking Phase 1825.427ms
[127.261s][info][gc,phases,start] GC(303) Summary Phase
[127.261s][info][gc,phases      ] GC(303) Summary Phase 0.081ms
[127.261s][info][gc,phases,start] GC(303) Adjust Roots
[127.261s][info][gc,phases      ] GC(303) Adjust Roots 0.159ms
[127.261s][info][gc,phases,start] GC(303) Compaction Phase
[127.808s][info][gc,phases      ] GC(303) Compaction Phase 547.076ms
[127.808s][info][gc,phases,start] GC(303) Post Compact
[127.820s][info][gc,phases      ] GC(303) Post Compact 12.193ms
[127.820s][info][gc,heap        ] GC(303) PSYoungGen: 97465K(222720K)->97465K(222720K) Eden: 76799K(76800K)->76799K(76800K) From: 20665K(145920K)->20665K(145920K)
[127.820s][info][gc,heap        ] GC(303) ParOldGen: 7918796K(7919104K)->7918796K(7919104K)
[127.820s][info][gc,metaspace   ] GC(303) Metaspace: 6300K(6464K)->6300K(6464K) NonClass: 5767K(5824K)->5767K(5824K) Class: 533K(640K)->533K(640K)
[127.820s][info][gc             ] GC(303) Pause Full (Ergonomics) 7828M->7828M(7951M) 2385.268ms
[127.820s][info][gc,cpu         ] GC(303) User=17.92s Sys=0.06s Real=2.38s
[127.821s][info][gc,start       ] GC(304) Pause Full (Ergonomics)
[127.821s][info][gc,phases,start] GC(304) Marking Phase
[129.633s][info][gc,phases      ] GC(304) Marking Phase 1812.563ms
[129.633s][info][gc,phases,start] GC(304) Summary Phase
[129.633s][info][gc,phases      ] GC(304) Summary Phase 0.092ms
[129.633s][info][gc,phases,start] GC(304) Adjust Roots
[129.634s][info][gc,phases      ] GC(304) Adjust Roots 0.203ms
[129.634s][info][gc,phases,start] GC(304) Compaction Phase
[130.187s][info][gc,phases      ] GC(304) Compaction Phase 553.905ms
[130.188s][info][gc,phases,start] GC(304) Post Compact
[130.199s][info][gc,phases      ] GC(304) Post Compact 11.658ms
[130.199s][info][gc,heap        ] GC(304) PSYoungGen: 97465K(222720K)->97465K(222720K) Eden: 76799K(76800K)->76799K(76800K) From: 20665K(145920K)->20665K(145920K)
[130.199s][info][gc,heap        ] GC(304) ParOldGen: 7918801K(7919104K)->7918801K(7919104K)
[130.199s][info][gc,metaspace   ] GC(304) Metaspace: 6300K(6464K)->6300K(6464K) NonClass: 5767K(5824K)->5767K(5824K) Class: 533K(640K)->533K(640K)
[130.199s][info][gc             ] GC(304) Pause Full (Ergonomics) 7828M->7828M(7951M) 2378.739ms
[130.199s][info][gc,cpu         ] GC(304) User=17.55s Sys=0.00s Real=2.38s
[130.199s][info][gc,start       ] GC(305) Pause Full (Ergonomics)
[130.200s][info][gc,phases,start] GC(305) Marking Phase
[132.022s][info][gc,phases      ] GC(305) Marking Phase 1822.808ms
[132.022s][info][gc,phases,start] GC(305) Summary Phase
[132.022s][info][gc,phases      ] GC(305) Summary Phase 0.083ms
[132.022s][info][gc,phases,start] GC(305) Adjust Roots
[132.023s][info][gc,phases      ] GC(305) Adjust Roots 0.207ms
[132.023s][info][gc,phases,start] GC(305) Compaction Phase
[132.567s][info][gc,phases      ] GC(305) Compaction Phase 544.091ms
[132.567s][info][gc,phases,start] GC(305) Post Compact
[132.579s][info][gc,phases      ] GC(305) Post Compact 11.621ms
[132.579s][info][gc,heap        ] GC(305) PSYoungGen: 97465K(222720K)->97465K(222720K) Eden: 76799K(76800K)->76799K(76800K) From: 20665K(145920K)->20665K(145920K)
[132.579s][info][gc,heap        ] GC(305) ParOldGen: 7918806K(7919104K)->7918806K(7919104K)
[132.579s][info][gc,metaspace   ] GC(305) Metaspace: 6300K(6464K)->6300K(6464K) NonClass: 5767K(5824K)->5767K(5824K) Class: 533K(640K)->533K(640K)
[132.579s][info][gc             ] GC(305) Pause Full (Ergonomics) 7828M->7828M(7951M) 2379.125ms
[132.579s][info][gc,cpu         ] GC(305) User=17.92s Sys=0.00s Real=2.38s
[132.579s][info][gc,start       ] GC(306) Pause Full (Ergonomics)
[132.579s][info][gc,phases,start] GC(306) Marking Phase
[134.434s][info][gc,phases      ] GC(306) Marking Phase 1854.874ms
[134.434s][info][gc,phases,start] GC(306) Summary Phase
[134.434s][info][gc,phases      ] GC(306) Summary Phase 0.118ms
[134.434s][info][gc,phases,start] GC(306) Adjust Roots
[134.434s][info][gc,phases      ] GC(306) Adjust Roots 0.207ms
[134.434s][info][gc,phases,start] GC(306) Compaction Phase
[134.993s][info][gc,phases      ] GC(306) Compaction Phase 558.893ms
[134.993s][info][gc,phases,start] GC(306) Post Compact
[135.007s][info][gc,phases      ] GC(306) Post Compact 13.561ms
[135.007s][info][gc,heap        ] GC(306) PSYoungGen: 97465K(222720K)->97465K(222720K) Eden: 76799K(76800K)->76799K(76800K) From: 20665K(145920K)->20665K(145920K)
[135.007s][info][gc,heap        ] GC(306) ParOldGen: 7918811K(7919104K)->7918811K(7919104K)
[135.007s][info][gc,metaspace   ] GC(306) Metaspace: 6300K(6464K)->6300K(6464K) NonClass: 5767K(5824K)->5767K(5824K) Class: 533K(640K)->533K(640K)
[135.007s][info][gc             ] GC(306) Pause Full (Ergonomics) 7828M->7828M(7951M) 2428.041ms
[135.007s][info][gc,cpu         ] GC(306) User=18.22s Sys=0.00s Real=2.43s
[135.007s][info][gc,start       ] GC(307) Pause Full (Ergonomics)
[135.007s][info][gc,phases,start] GC(307) Marking Phase
[136.849s][info][gc,phases      ] GC(307) Marking Phase 1841.951ms
[136.849s][info][gc,phases,start] GC(307) Summary Phase
[136.849s][info][gc,phases      ] GC(307) Summary Phase 0.129ms
[136.849s][info][gc,phases,start] GC(307) Adjust Roots
[136.850s][info][gc,phases      ] GC(307) Adjust Roots 0.232ms
[136.850s][info][gc,phases,start] GC(307) Compaction Phase
[137.403s][info][gc,phases      ] GC(307) Compaction Phase 553.296ms
[137.403s][info][gc,phases,start] GC(307) Post Compact
[137.416s][info][gc,phases      ] GC(307) Post Compact 12.954ms
[137.416s][info][gc,heap        ] GC(307) PSYoungGen: 97465K(222720K)->97465K(222720K) Eden: 76799K(76800K)->76799K(76800K) From: 20665K(145920K)->20665K(145920K)
[137.416s][info][gc,heap        ] GC(307) ParOldGen: 7918816K(7919104K)->7918816K(7919104K)
[137.416s][info][gc,metaspace   ] GC(307) Metaspace: 6300K(6464K)->6300K(6464K) NonClass: 5767K(5824K)->5767K(5824K) Class: 533K(640K)->533K(640K)
[137.416s][info][gc             ] GC(307) Pause Full (Ergonomics) 7828M->7828M(7951M) 2408.961ms
[137.416s][info][gc,cpu         ] GC(307) User=17.78s Sys=0.00s Real=2.41s
[137.416s][info][gc,start       ] GC(308) Pause Full (Ergonomics)
[137.416s][info][gc,phases,start] GC(308) Marking Phase
[139.246s][info][gc,phases      ] GC(308) Marking Phase 1829.945ms
[139.246s][info][gc,phases,start] GC(308) Summary Phase
[139.246s][info][gc,phases      ] GC(308) Summary Phase 0.140ms
[139.246s][info][gc,phases,start] GC(308) Adjust Roots
[139.247s][info][gc,phases      ] GC(308) Adjust Roots 0.307ms
[139.247s][info][gc,phases,start] GC(308) Compaction Phase
[139.790s][info][gc,phases      ] GC(308) Compaction Phase 542.840ms
[139.790s][info][gc,phases,start] GC(308) Post Compact
[139.802s][info][gc,phases      ] GC(308) Post Compact 12.736ms
[139.803s][info][gc,heap        ] GC(308) PSYoungGen: 97465K(222720K)->97465K(222720K) Eden: 76799K(76800K)->76799K(76800K) From: 20665K(145920K)->20665K(145920K)
[139.803s][info][gc,heap        ] GC(308) ParOldGen: 7918821K(7919104K)->7918821K(7919104K)
[139.803s][info][gc,metaspace   ] GC(308) Metaspace: 6300K(6464K)->6300K(6464K) NonClass: 5767K(5824K)->5767K(5824K) Class: 533K(640K)->533K(640K)
[139.803s][info][gc             ] GC(308) Pause Full (Ergonomics) 7828M->7828M(7951M) 2386.329ms
[139.803s][info][gc,cpu         ] GC(308) User=17.69s Sys=0.02s Real=2.39s
[139.803s][info][gc,start       ] GC(309) Pause Full (Ergonomics)
[139.803s][info][gc,phases,start] GC(309) Marking Phase
[141.617s][info][gc,phases      ] GC(309) Marking Phase 1814.454ms
[141.617s][info][gc,phases,start] GC(309) Summary Phase
[141.617s][info][gc,phases      ] GC(309) Summary Phase 0.085ms
[141.617s][info][gc,phases,start] GC(309) Adjust Roots
[141.618s][info][gc,phases      ] GC(309) Adjust Roots 0.190ms
[141.618s][info][gc,phases,start] GC(309) Compaction Phase
[142.163s][info][gc,phases      ] GC(309) Compaction Phase 544.971ms
[142.163s][info][gc,phases,start] GC(309) Post Compact
[142.176s][info][gc,phases      ] GC(309) Post Compact 13.575ms
[142.176s][info][gc,heap        ] GC(309) PSYoungGen: 97465K(222720K)->97465K(222720K) Eden: 76799K(76800K)->76799K(76800K) From: 20665K(145920K)->20665K(145920K)
[142.176s][info][gc,heap        ] GC(309) ParOldGen: 7918825K(7919104K)->7918825K(7919104K)
[142.176s][info][gc,metaspace   ] GC(309) Metaspace: 6300K(6464K)->6300K(6464K) NonClass: 5767K(5824K)->5767K(5824K) Class: 533K(640K)->533K(640K)
[142.176s][info][gc             ] GC(309) Pause Full (Ergonomics) 7828M->7828M(7951M) 2373.669ms
[142.176s][info][gc,cpu         ] GC(309) User=17.88s Sys=0.02s Real=2.37s
[142.177s][info][gc,start       ] GC(310) Pause Full (Ergonomics)
[142.177s][info][gc,phases,start] GC(310) Marking Phase
[144.021s][info][gc,phases      ] GC(310) Marking Phase 1843.857ms
[144.021s][info][gc,phases,start] GC(310) Summary Phase
[144.021s][info][gc,phases      ] GC(310) Summary Phase 0.098ms
[144.021s][info][gc,phases,start] GC(310) Adjust Roots
[144.021s][info][gc,phases      ] GC(310) Adjust Roots 0.239ms
[144.021s][info][gc,phases,start] GC(310) Compaction Phase
[144.561s][info][gc,phases      ] GC(310) Compaction Phase 539.864ms
[144.561s][info][gc,phases,start] GC(310) Post Compact
[144.575s][info][gc,phases      ] GC(310) Post Compact 13.814ms
[144.575s][info][gc,heap        ] GC(310) PSYoungGen: 97465K(222720K)->97465K(222720K) Eden: 76799K(76800K)->76799K(76800K) From: 20665K(145920K)->20665K(145920K)
[144.575s][info][gc,heap        ] GC(310) ParOldGen: 7918830K(7919104K)->7918830K(7919104K)
[144.575s][info][gc,metaspace   ] GC(310) Metaspace: 6300K(6464K)->6300K(6464K) NonClass: 5767K(5824K)->5767K(5824K) Class: 533K(640K)->533K(640K)
[144.575s][info][gc             ] GC(310) Pause Full (Ergonomics) 7828M->7828M(7951M) 2398.252ms
[144.575s][info][gc,cpu         ] GC(310) User=18.06s Sys=0.00s Real=2.40s
[144.575s][info][gc,start       ] GC(311) Pause Full (Ergonomics)
[144.575s][info][gc,phases,start] GC(311) Marking Phase
[146.404s][info][gc,phases      ] GC(311) Marking Phase 1829.300ms
[146.405s][info][gc,phases,start] GC(311) Summary Phase
[146.405s][info][gc,phases      ] GC(311) Summary Phase 0.100ms
[146.405s][info][gc,phases,start] GC(311) Adjust Roots
[146.405s][info][gc,phases      ] GC(311) Adjust Roots 0.227ms
[146.405s][info][gc,phases,start] GC(311) Compaction Phase
[146.949s][info][gc,phases      ] GC(311) Compaction Phase 544.372ms
[146.949s][info][gc,phases,start] GC(311) Post Compact
[146.961s][info][gc,phases      ] GC(311) Post Compact 11.814ms
[146.961s][info][gc,heap        ] GC(311) PSYoungGen: 97465K(222720K)->97465K(222720K) Eden: 76799K(76800K)->76799K(76800K) From: 20665K(145920K)->20665K(145920K)
[146.961s][info][gc,heap        ] GC(311) ParOldGen: 7918835K(7919104K)->7918835K(7919104K)
[146.961s][info][gc,metaspace   ] GC(311) Metaspace: 6300K(6464K)->6300K(6464K) NonClass: 5767K(5824K)->5767K(5824K) Class: 533K(640K)->533K(640K)
[146.961s][info][gc             ] GC(311) Pause Full (Ergonomics) 7828M->7828M(7951M) 2386.148ms
[146.961s][info][gc,cpu         ] GC(311) User=18.09s Sys=0.00s Real=2.39s
[146.961s][info][gc,start       ] GC(312) Pause Full (Ergonomics)
[146.961s][info][gc,phases,start] GC(312) Marking Phase
[148.816s][info][gc,phases      ] GC(312) Marking Phase 1854.319ms
[148.816s][info][gc,phases,start] GC(312) Summary Phase
[148.816s][info][gc,phases      ] GC(312) Summary Phase 0.084ms
[148.816s][info][gc,phases,start] GC(312) Adjust Roots
[148.816s][info][gc,phases      ] GC(312) Adjust Roots 0.195ms
[148.816s][info][gc,phases,start] GC(312) Compaction Phase
[149.358s][info][gc,phases      ] GC(312) Compaction Phase 541.925ms
[149.358s][info][gc,phases,start] GC(312) Post Compact
[149.370s][info][gc,phases      ] GC(312) Post Compact 11.710ms
[149.370s][info][gc,heap        ] GC(312) PSYoungGen: 97465K(222720K)->97465K(222720K) Eden: 76799K(76800K)->76799K(76800K) From: 20665K(145920K)->20665K(145920K)
[149.370s][info][gc,heap        ] GC(312) ParOldGen: 7918840K(7919104K)->7918840K(7919104K)
[149.370s][info][gc,metaspace   ] GC(312) Metaspace: 6300K(6464K)->6300K(6464K) NonClass: 5767K(5824K)->5767K(5824K) Class: 533K(640K)->533K(640K)
[149.370s][info][gc             ] GC(312) Pause Full (Ergonomics) 7828M->7828M(7951M) 2408.556ms
[149.370s][info][gc,cpu         ] GC(312) User=18.22s Sys=0.02s Real=2.41s
[149.370s][info][gc,start       ] GC(313) Pause Full (Ergonomics)
[149.370s][info][gc,phases,start] GC(313) Marking Phase
[151.220s][info][gc,phases      ] GC(313) Marking Phase 1850.129ms
[151.220s][info][gc,phases,start] GC(313) Summary Phase
[151.220s][info][gc,phases      ] GC(313) Summary Phase 0.077ms
[151.220s][info][gc,phases,start] GC(313) Adjust Roots
[151.221s][info][gc,phases      ] GC(313) Adjust Roots 0.169ms
[151.221s][info][gc,phases,start] GC(313) Compaction Phase
[151.787s][info][gc,phases      ] GC(313) Compaction Phase 566.307ms
[151.787s][info][gc,phases,start] GC(313) Post Compact
[151.799s][info][gc,phases      ] GC(313) Post Compact 11.764ms
[151.799s][info][gc,heap        ] GC(313) PSYoungGen: 97465K(222720K)->97465K(222720K) Eden: 76799K(76800K)->76799K(76800K) From: 20665K(145920K)->20665K(145920K)
[151.799s][info][gc,heap        ] GC(313) ParOldGen: 7918845K(7919104K)->7918845K(7919104K)
[151.799s][info][gc,metaspace   ] GC(313) Metaspace: 6300K(6464K)->6300K(6464K) NonClass: 5767K(5824K)->5767K(5824K) Class: 533K(640K)->533K(640K)
[151.799s][info][gc             ] GC(313) Pause Full (Ergonomics) 7828M->7828M(7951M) 2428.765ms
[151.799s][info][gc,cpu         ] GC(313) User=18.30s Sys=0.00s Real=2.43s
[151.799s][info][gc,start       ] GC(314) Pause Full (Ergonomics)
[151.799s][info][gc,phases,start] GC(314) Marking Phase
[153.616s][info][gc,phases      ] GC(314) Marking Phase 1816.946ms
[153.616s][info][gc,phases,start] GC(314) Summary Phase
[153.616s][info][gc,phases      ] GC(314) Summary Phase 0.083ms
[153.616s][info][gc,phases,start] GC(314) Adjust Roots
[153.616s][info][gc,phases      ] GC(314) Adjust Roots 0.192ms
[153.617s][info][gc,phases,start] GC(314) Compaction Phase
[154.181s][info][gc,phases      ] GC(314) Compaction Phase 564.811ms
[154.181s][info][gc,phases,start] GC(314) Post Compact
[154.193s][info][gc,phases      ] GC(314) Post Compact 11.765ms
[154.193s][info][gc,heap        ] GC(314) PSYoungGen: 97465K(222720K)->97465K(222720K) Eden: 76799K(76800K)->76799K(76800K) From: 20665K(145920K)->20665K(145920K)
[154.193s][info][gc,heap        ] GC(314) ParOldGen: 7918850K(7919104K)->7918850K(7919104K)
[154.193s][info][gc,metaspace   ] GC(314) Metaspace: 6300K(6464K)->6300K(6464K) NonClass: 5767K(5824K)->5767K(5824K) Class: 533K(640K)->533K(640K)
[154.193s][info][gc             ] GC(314) Pause Full (Ergonomics) 7828M->7828M(7951M) 2394.140ms
[154.193s][info][gc,cpu         ] GC(314) User=17.88s Sys=0.06s Real=2.39s
[154.193s][info][gc,start       ] GC(315) Pause Full (Ergonomics)
[154.194s][info][gc,phases,start] GC(315) Marking Phase
[156.036s][info][gc,phases      ] GC(315) Marking Phase 1842.890ms
[156.036s][info][gc,phases,start] GC(315) Summary Phase
[156.037s][info][gc,phases      ] GC(315) Summary Phase 0.086ms
[156.037s][info][gc,phases,start] GC(315) Adjust Roots
[156.037s][info][gc,phases      ] GC(315) Adjust Roots 0.215ms
[156.037s][info][gc,phases,start] GC(315) Compaction Phase
[156.577s][info][gc,phases      ] GC(315) Compaction Phase 540.316ms
[156.577s][info][gc,phases,start] GC(315) Post Compact
[156.589s][info][gc,phases      ] GC(315) Post Compact 11.727ms
[156.589s][info][gc,heap        ] GC(315) PSYoungGen: 97465K(222720K)->97465K(222720K) Eden: 76799K(76800K)->76799K(76800K) From: 20665K(145920K)->20665K(145920K)
[156.589s][info][gc,heap        ] GC(315) ParOldGen: 7918854K(7919104K)->7918854K(7919104K)
[156.589s][info][gc,metaspace   ] GC(315) Metaspace: 6300K(6464K)->6300K(6464K) NonClass: 5767K(5824K)->5767K(5824K) Class: 533K(640K)->533K(640K)
[156.589s][info][gc             ] GC(315) Pause Full (Ergonomics) 7828M->7828M(7951M) 2395.552ms
[156.589s][info][gc,cpu         ] GC(315) User=18.03s Sys=0.00s Real=2.40s
[156.589s][info][gc,start       ] GC(316) Pause Full (Ergonomics)
[156.589s][info][gc,phases,start] GC(316) Marking Phase
[158.411s][info][gc,phases      ] GC(316) Marking Phase 1821.727ms
[158.411s][info][gc,phases,start] GC(316) Summary Phase
[158.411s][info][gc,phases      ] GC(316) Summary Phase 0.090ms
[158.411s][info][gc,phases,start] GC(316) Adjust Roots
[158.411s][info][gc,phases      ] GC(316) Adjust Roots 0.184ms
[158.411s][info][gc,phases,start] GC(316) Compaction Phase
[158.958s][info][gc,phases      ] GC(316) Compaction Phase 546.281ms
[158.958s][info][gc,phases,start] GC(316) Post Compact
[158.969s][info][gc,phases      ] GC(316) Post Compact 11.725ms
[158.970s][info][gc,heap        ] GC(316) PSYoungGen: 97465K(222720K)->97465K(222720K) Eden: 76799K(76800K)->76799K(76800K) From: 20665K(145920K)->20665K(145920K)
[158.970s][info][gc,heap        ] GC(316) ParOldGen: 7918859K(7919104K)->7918859K(7919104K)
[158.970s][info][gc,metaspace   ] GC(316) Metaspace: 6300K(6464K)->6300K(6464K) NonClass: 5767K(5824K)->5767K(5824K) Class: 533K(640K)->533K(640K)
[158.970s][info][gc             ] GC(316) Pause Full (Ergonomics) 7828M->7828M(7951M) 2380.329ms
[158.970s][info][gc,cpu         ] GC(316) User=17.83s Sys=0.02s Real=2.38s
[158.970s][info][gc,start       ] GC(317) Pause Full (Ergonomics)
[158.970s][info][gc,phases,start] GC(317) Marking Phase
[160.786s][info][gc,phases      ] GC(317) Marking Phase 1816.037ms
[160.786s][info][gc,phases,start] GC(317) Summary Phase
[160.786s][info][gc,phases      ] GC(317) Summary Phase 0.077ms
[160.786s][info][gc,phases,start] GC(317) Adjust Roots
[160.786s][info][gc,phases      ] GC(317) Adjust Roots 0.165ms
[160.786s][info][gc,phases,start] GC(317) Compaction Phase
[161.343s][info][gc,phases      ] GC(317) Compaction Phase 557.211ms
[161.343s][info][gc,phases,start] GC(317) Post Compact
[161.355s][info][gc,phases      ] GC(317) Post Compact 11.889ms
[161.355s][info][gc,heap        ] GC(317) PSYoungGen: 97465K(222720K)->97465K(222720K) Eden: 76799K(76800K)->76799K(76800K) From: 20665K(145920K)->20665K(145920K)
[161.355s][info][gc,heap        ] GC(317) ParOldGen: 7918864K(7919104K)->7918864K(7919104K)
[161.355s][info][gc,metaspace   ] GC(317) Metaspace: 6300K(6464K)->6300K(6464K) NonClass: 5767K(5824K)->5767K(5824K) Class: 533K(640K)->533K(640K)
[161.355s][info][gc             ] GC(317) Pause Full (Ergonomics) 7828M->7828M(7951M) 2385.706ms
[161.356s][info][gc,cpu         ] GC(317) User=18.08s Sys=0.02s Real=2.39s
[161.356s][info][gc,start       ] GC(318) Pause Full (Ergonomics)
[161.356s][info][gc,phases,start] GC(318) Marking Phase
[163.183s][info][gc,phases      ] GC(318) Marking Phase 1827.556ms
[163.183s][info][gc,phases,start] GC(318) Summary Phase
[163.184s][info][gc,phases      ] GC(318) Summary Phase 0.154ms
[163.184s][info][gc,phases,start] GC(318) Adjust Roots
[163.184s][info][gc,phases      ] GC(318) Adjust Roots 0.287ms
[163.184s][info][gc,phases,start] GC(318) Compaction Phase
[163.723s][info][gc,phases      ] GC(318) Compaction Phase 538.683ms
[163.723s][info][gc,phases,start] GC(318) Post Compact
[163.734s][info][gc,phases      ] GC(318) Post Compact 11.700ms
[163.734s][info][gc,heap        ] GC(318) PSYoungGen: 97465K(222720K)->97465K(222720K) Eden: 76799K(76800K)->76799K(76800K) From: 20665K(145920K)->20665K(145920K)
[163.734s][info][gc,heap        ] GC(318) ParOldGen: 7918869K(7919104K)->7918869K(7919104K)
[163.734s][info][gc,metaspace   ] GC(318) Metaspace: 6300K(6464K)->6300K(6464K) NonClass: 5767K(5824K)->5767K(5824K) Class: 533K(640K)->533K(640K)
[163.734s][info][gc             ] GC(318) Pause Full (Ergonomics) 7828M->7828M(7951M) 2378.764ms
[163.734s][info][gc,cpu         ] GC(318) User=18.02s Sys=0.02s Real=2.38s
[163.735s][info][gc,start       ] GC(319) Pause Full (Ergonomics)
[163.735s][info][gc,phases,start] GC(319) Marking Phase
[165.592s][info][gc,phases      ] GC(319) Marking Phase 1856.944ms
[165.592s][info][gc,phases,start] GC(319) Summary Phase
[165.592s][info][gc,phases      ] GC(319) Summary Phase 0.077ms
[165.592s][info][gc,phases,start] GC(319) Adjust Roots
[165.592s][info][gc,phases      ] GC(319) Adjust Roots 0.167ms
[165.592s][info][gc,phases,start] GC(319) Compaction Phase
[166.152s][info][gc,phases      ] GC(319) Compaction Phase 560.290ms
[166.152s][info][gc,phases,start] GC(319) Post Compact
[166.164s][info][gc,phases      ] GC(319) Post Compact 11.589ms
[166.164s][info][gc,heap        ] GC(319) PSYoungGen: 97465K(222720K)->97465K(222720K) Eden: 76799K(76800K)->76799K(76800K) From: 20665K(145920K)->20665K(145920K)
[166.164s][info][gc,heap        ] GC(319) ParOldGen: 7918874K(7919104K)->7918874K(7919104K)
[166.164s][info][gc,metaspace   ] GC(319) Metaspace: 6300K(6464K)->6300K(6464K) NonClass: 5767K(5824K)->5767K(5824K) Class: 533K(640K)->533K(640K)
[166.164s][info][gc             ] GC(319) Pause Full (Ergonomics) 7828M->7828M(7951M) 2429.380ms
[166.164s][info][gc,cpu         ] GC(319) User=18.30s Sys=0.00s Real=2.43s
[166.164s][info][gc,start       ] GC(320) Pause Full (Ergonomics)
[166.164s][info][gc,phases,start] GC(320) Marking Phase
[167.986s][info][gc,phases      ] GC(320) Marking Phase 1821.392ms
[167.986s][info][gc,phases,start] GC(320) Summary Phase
[167.986s][info][gc,phases      ] GC(320) Summary Phase 0.078ms
[167.986s][info][gc,phases,start] GC(320) Adjust Roots
[167.986s][info][gc,phases      ] GC(320) Adjust Roots 0.168ms
[167.986s][info][gc,phases,start] GC(320) Compaction Phase
[168.532s][info][gc,phases      ] GC(320) Compaction Phase 545.920ms
[168.532s][info][gc,phases,start] GC(320) Post Compact
[168.544s][info][gc,phases      ] GC(320) Post Compact 11.828ms
[168.544s][info][gc,heap        ] GC(320) PSYoungGen: 97465K(222720K)->97465K(222720K) Eden: 76799K(76800K)->76799K(76800K) From: 20665K(145920K)->20665K(145920K)
[168.544s][info][gc,heap        ] GC(320) ParOldGen: 7918879K(7919104K)->7918879K(7919104K)
[168.544s][info][gc,metaspace   ] GC(320) Metaspace: 6300K(6464K)->6300K(6464K) NonClass: 5767K(5824K)->5767K(5824K) Class: 533K(640K)->533K(640K)
[168.544s][info][gc             ] GC(320) Pause Full (Ergonomics) 7828M->7828M(7951M) 2379.723ms
[168.544s][info][gc,cpu         ] GC(320) User=18.00s Sys=0.02s Real=2.38s
[168.544s][info][gc,start       ] GC(321) Pause Full (Ergonomics)
[168.544s][info][gc,phases,start] GC(321) Marking Phase
[170.413s][info][gc,phases      ] GC(321) Marking Phase 1868.713ms
[170.413s][info][gc,phases,start] GC(321) Summary Phase
[170.413s][info][gc,phases      ] GC(321) Summary Phase 0.077ms
[170.413s][info][gc,phases,start] GC(321) Adjust Roots
[170.413s][info][gc,phases      ] GC(321) Adjust Roots 0.164ms
[170.413s][info][gc,phases,start] GC(321) Compaction Phase
[170.969s][info][gc,phases      ] GC(321) Compaction Phase 555.812ms
[170.969s][info][gc,phases,start] GC(321) Post Compact
[170.981s][info][gc,phases      ] GC(321) Post Compact 11.699ms
[170.981s][info][gc,heap        ] GC(321) PSYoungGen: 97465K(222720K)->97465K(222720K) Eden: 76799K(76800K)->76799K(76800K) From: 20665K(145920K)->20665K(145920K)
[170.981s][info][gc,heap        ] GC(321) ParOldGen: 7918883K(7919104K)->7918883K(7919104K)
[170.981s][info][gc,metaspace   ] GC(321) Metaspace: 6300K(6464K)->6300K(6464K) NonClass: 5767K(5824K)->5767K(5824K) Class: 533K(640K)->533K(640K)
[170.981s][info][gc             ] GC(321) Pause Full (Ergonomics) 7828M->7828M(7951M) 2436.758ms
[170.981s][info][gc,cpu         ] GC(321) User=18.19s Sys=0.00s Real=2.44s
[170.981s][info][gc,start       ] GC(322) Pause Full (Ergonomics)
[170.981s][info][gc,phases,start] GC(322) Marking Phase
[172.835s][info][gc,phases      ] GC(322) Marking Phase 1853.891ms
[172.835s][info][gc,phases,start] GC(322) Summary Phase
[172.835s][info][gc,phases      ] GC(322) Summary Phase 0.088ms
[172.835s][info][gc,phases,start] GC(322) Adjust Roots
[172.836s][info][gc,phases      ] GC(322) Adjust Roots 0.192ms
[172.836s][info][gc,phases,start] GC(322) Compaction Phase
[173.381s][info][gc,phases      ] GC(322) Compaction Phase 545.683ms
[173.381s][info][gc,phases,start] GC(322) Post Compact
[173.393s][info][gc,phases      ] GC(322) Post Compact 11.701ms
[173.393s][info][gc,heap        ] GC(322) PSYoungGen: 97465K(222720K)->97465K(222720K) Eden: 76799K(76800K)->76799K(76800K) From: 20665K(145920K)->20665K(145920K)
[173.393s][info][gc,heap        ] GC(322) ParOldGen: 7918888K(7919104K)->7918888K(7919104K)
[173.393s][info][gc,metaspace   ] GC(322) Metaspace: 6300K(6464K)->6300K(6464K) NonClass: 5767K(5824K)->5767K(5824K) Class: 533K(640K)->533K(640K)
[173.393s][info][gc             ] GC(322) Pause Full (Ergonomics) 7828M->7828M(7951M) 2411.899ms
[173.393s][info][gc,cpu         ] GC(322) User=18.11s Sys=0.00s Real=2.41s
[173.393s][info][gc,start       ] GC(323) Pause Full (Ergonomics)
[173.393s][info][gc,phases,start] GC(323) Marking Phase
[175.262s][info][gc,phases      ] GC(323) Marking Phase 1868.901ms
[175.262s][info][gc,phases,start] GC(323) Summary Phase
[175.262s][info][gc,phases      ] GC(323) Summary Phase 0.078ms
[175.262s][info][gc,phases,start] GC(323) Adjust Roots
[175.263s][info][gc,phases      ] GC(323) Adjust Roots 0.172ms
[175.263s][info][gc,phases,start] GC(323) Compaction Phase
[175.833s][info][gc,phases      ] GC(323) Compaction Phase 569.877ms
[175.833s][info][gc,phases,start] GC(323) Post Compact
[175.844s][info][gc,phases      ] GC(323) Post Compact 11.748ms
[175.844s][info][gc,heap        ] GC(323) PSYoungGen: 97465K(222720K)->97465K(222720K) Eden: 76799K(76800K)->76799K(76800K) From: 20665K(145920K)->20665K(145920K)
[175.844s][info][gc,heap        ] GC(323) ParOldGen: 7918893K(7919104K)->7918893K(7919104K)
[175.844s][info][gc,metaspace   ] GC(323) Metaspace: 6300K(6464K)->6300K(6464K) NonClass: 5767K(5824K)->5767K(5824K) Class: 533K(640K)->533K(640K)
[175.844s][info][gc             ] GC(323) Pause Full (Ergonomics) 7828M->7828M(7951M) 2451.096ms
[175.844s][info][gc,cpu         ] GC(323) User=18.36s Sys=0.00s Real=2.45s
[175.845s][info][gc,start       ] GC(324) Pause Full (Ergonomics)
[175.845s][info][gc,phases,start] GC(324) Marking Phase
[177.652s][info][gc,phases      ] GC(324) Marking Phase 1807.680ms
[177.652s][info][gc,phases,start] GC(324) Summary Phase
[177.652s][info][gc,phases      ] GC(324) Summary Phase 0.102ms
[177.653s][info][gc,phases,start] GC(324) Adjust Roots
[177.653s][info][gc,phases      ] GC(324) Adjust Roots 0.257ms
[177.653s][info][gc,phases,start] GC(324) Compaction Phase
[178.201s][info][gc,phases      ] GC(324) Compaction Phase 548.516ms
[178.201s][info][gc,phases,start] GC(324) Post Compact
[178.213s][info][gc,phases      ] GC(324) Post Compact 11.759ms
[178.213s][info][gc,heap        ] GC(324) PSYoungGen: 97465K(222720K)->97465K(222720K) Eden: 76799K(76800K)->76799K(76800K) From: 20665K(145920K)->20665K(145920K)
[178.213s][info][gc,heap        ] GC(324) ParOldGen: 7918898K(7919104K)->7918898K(7919104K)
[178.213s][info][gc,metaspace   ] GC(324) Metaspace: 6300K(6464K)->6300K(6464K) NonClass: 5767K(5824K)->5767K(5824K) Class: 533K(640K)->533K(640K)
[178.213s][info][gc             ] GC(324) Pause Full (Ergonomics) 7828M->7828M(7951M) 2368.655ms
[178.213s][info][gc,cpu         ] GC(324) User=17.86s Sys=0.00s Real=2.37s
[178.213s][info][gc,start       ] GC(325) Pause Full (Ergonomics)
[178.213s][info][gc,phases,start] GC(325) Marking Phase
[180.043s][info][gc,phases      ] GC(325) Marking Phase 1829.567ms
[180.043s][info][gc,phases,start] GC(325) Summary Phase
[180.043s][info][gc,phases      ] GC(325) Summary Phase 0.077ms
[180.043s][info][gc,phases,start] GC(325) Adjust Roots
[180.043s][info][gc,phases      ] GC(325) Adjust Roots 0.172ms
[180.043s][info][gc,phases,start] GC(325) Compaction Phase
[180.604s][info][gc,phases      ] GC(325) Compaction Phase 560.378ms
[180.604s][info][gc,phases,start] GC(325) Post Compact
[180.616s][info][gc,phases      ] GC(325) Post Compact 11.596ms
[180.616s][info][gc,heap        ] GC(325) PSYoungGen: 97465K(222720K)->97465K(222720K) Eden: 76799K(76800K)->76799K(76800K) From: 20665K(145920K)->20665K(145920K)
[180.616s][info][gc,heap        ] GC(325) ParOldGen: 7918903K(7919104K)->7918903K(7919104K)
[180.616s][info][gc,metaspace   ] GC(325) Metaspace: 6300K(6464K)->6300K(6464K) NonClass: 5767K(5824K)->5767K(5824K) Class: 533K(640K)->533K(640K)
[180.616s][info][gc             ] GC(325) Pause Full (Ergonomics) 7828M->7828M(7951M) 2402.188ms
[180.616s][info][gc,cpu         ] GC(325) User=17.98s Sys=0.05s Real=2.40s
[180.616s][info][gc,start       ] GC(326) Pause Full (Ergonomics)
[180.616s][info][gc,phases,start] GC(326) Marking Phase
[182.463s][info][gc,phases      ] GC(326) Marking Phase 1846.611ms
[182.463s][info][gc,phases,start] GC(326) Summary Phase
[182.463s][info][gc,phases      ] GC(326) Summary Phase 0.077ms
[182.463s][info][gc,phases,start] GC(326) Adjust Roots
[182.463s][info][gc,phases      ] GC(326) Adjust Roots 0.169ms
[182.463s][info][gc,phases,start] GC(326) Compaction Phase
[183.014s][info][gc,phases      ] GC(326) Compaction Phase 550.919ms
[183.014s][info][gc,phases,start] GC(326) Post Compact
[183.026s][info][gc,phases      ] GC(326) Post Compact 12.175ms
[183.026s][info][gc,heap        ] GC(326) PSYoungGen: 97465K(222720K)->97465K(222720K) Eden: 76799K(76800K)->76799K(76800K) From: 20665K(145920K)->20665K(145920K)
[183.026s][info][gc,heap        ] GC(326) ParOldGen: 7918908K(7919104K)->7918908K(7919104K)
[183.026s][info][gc,metaspace   ] GC(326) Metaspace: 6300K(6464K)->6300K(6464K) NonClass: 5767K(5824K)->5767K(5824K) Class: 533K(640K)->533K(640K)
[183.026s][info][gc             ] GC(326) Pause Full (Ergonomics) 7828M->7828M(7951M) 2410.276ms
[183.026s][info][gc,cpu         ] GC(326) User=18.06s Sys=0.00s Real=2.41s
[183.026s][info][gc,start       ] GC(327) Pause Full (Ergonomics)
[183.026s][info][gc,phases,start] GC(327) Marking Phase
[184.872s][info][gc,phases      ] GC(327) Marking Phase 1845.986ms
[184.872s][info][gc,phases,start] GC(327) Summary Phase
[184.872s][info][gc,phases      ] GC(327) Summary Phase 0.082ms
[184.872s][info][gc,phases,start] GC(327) Adjust Roots
[184.873s][info][gc,phases      ] GC(327) Adjust Roots 0.171ms
[184.873s][info][gc,phases,start] GC(327) Compaction Phase
[185.430s][info][gc,phases      ] GC(327) Compaction Phase 556.964ms
[185.430s][info][gc,phases,start] GC(327) Post Compact
[185.441s][info][gc,phases      ] GC(327) Post Compact 11.710ms
[185.441s][info][gc,heap        ] GC(327) PSYoungGen: 97465K(222720K)->97465K(222720K) Eden: 76799K(76800K)->76799K(76800K) From: 20665K(145920K)->20665K(145920K)
[185.442s][info][gc,heap        ] GC(327) ParOldGen: 7918912K(7919104K)->7918912K(7919104K)
[185.442s][info][gc,metaspace   ] GC(327) Metaspace: 6300K(6464K)->6300K(6464K) NonClass: 5767K(5824K)->5767K(5824K) Class: 533K(640K)->533K(640K)
[185.442s][info][gc             ] GC(327) Pause Full (Ergonomics) 7828M->7828M(7951M) 2415.205ms
[185.442s][info][gc,cpu         ] GC(327) User=18.17s Sys=0.02s Real=2.41s
[185.442s][info][gc,start       ] GC(328) Pause Full (Ergonomics)
[185.442s][info][gc,phases,start] GC(328) Marking Phase
[187.262s][info][gc,phases      ] GC(328) Marking Phase 1820.033ms
[187.262s][info][gc,phases,start] GC(328) Summary Phase
[187.262s][info][gc,phases      ] GC(328) Summary Phase 0.082ms
[187.262s][info][gc,phases,start] GC(328) Adjust Roots
[187.262s][info][gc,phases      ] GC(328) Adjust Roots 0.187ms
[187.262s][info][gc,phases,start] GC(328) Compaction Phase
[187.810s][info][gc,phases      ] GC(328) Compaction Phase 548.199ms
[187.810s][info][gc,phases,start] GC(328) Post Compact
[187.823s][info][gc,phases      ] GC(328) Post Compact 12.293ms
[187.823s][info][gc,heap        ] GC(328) PSYoungGen: 97465K(222720K)->97465K(222720K) Eden: 76799K(76800K)->76799K(76800K) From: 20665K(145920K)->20665K(145920K)
[187.823s][info][gc,heap        ] GC(328) ParOldGen: 7918917K(7919104K)->7918917K(7919104K)
[187.823s][info][gc,metaspace   ] GC(328) Metaspace: 6300K(6464K)->6300K(6464K) NonClass: 5767K(5824K)->5767K(5824K) Class: 533K(640K)->533K(640K)
[187.823s][info][gc             ] GC(328) Pause Full (Ergonomics) 7828M->7828M(7951M) 2381.139ms
[187.823s][info][gc,cpu         ] GC(328) User=17.91s Sys=0.00s Real=2.38s
[187.823s][info][gc,start       ] GC(329) Pause Full (Ergonomics)
[187.823s][info][gc,phases,start] GC(329) Marking Phase
[189.673s][info][gc,phases      ] GC(329) Marking Phase 1850.046ms
[189.673s][info][gc,phases,start] GC(329) Summary Phase
[189.673s][info][gc,phases      ] GC(329) Summary Phase 0.140ms
[189.673s][info][gc,phases,start] GC(329) Adjust Roots
[189.674s][info][gc,phases      ] GC(329) Adjust Roots 0.310ms
[189.674s][info][gc,phases,start] GC(329) Compaction Phase
[190.210s][info][gc,phases      ] GC(329) Compaction Phase 536.166ms
[190.210s][info][gc,phases,start] GC(329) Post Compact
[190.222s][info][gc,phases      ] GC(329) Post Compact 11.678ms
[190.222s][info][gc,heap        ] GC(329) PSYoungGen: 97465K(222720K)->97465K(222720K) Eden: 76799K(76800K)->76799K(76800K) From: 20665K(145920K)->20665K(145920K)
[190.222s][info][gc,heap        ] GC(329) ParOldGen: 7918922K(7919104K)->7918922K(7919104K)
[190.222s][info][gc,metaspace   ] GC(329) Metaspace: 6300K(6464K)->6300K(6464K) NonClass: 5767K(5824K)->5767K(5824K) Class: 533K(640K)->533K(640K)
[190.222s][info][gc             ] GC(329) Pause Full (Ergonomics) 7828M->7828M(7951M) 2398.731ms
[190.222s][info][gc,cpu         ] GC(329) User=18.23s Sys=0.00s Real=2.40s
[190.222s][info][gc,start       ] GC(330) Pause Full (Ergonomics)
[190.222s][info][gc,phases,start] GC(330) Marking Phase
[192.062s][info][gc,phases      ] GC(330) Marking Phase 1839.848ms
[192.062s][info][gc,phases,start] GC(330) Summary Phase
[192.062s][info][gc,phases      ] GC(330) Summary Phase 0.091ms
[192.062s][info][gc,phases,start] GC(330) Adjust Roots
[192.062s][info][gc,phases      ] GC(330) Adjust Roots 0.204ms
[192.062s][info][gc,phases,start] GC(330) Compaction Phase
[192.608s][info][gc,phases      ] GC(330) Compaction Phase 545.427ms
[192.608s][info][gc,phases,start] GC(330) Post Compact
[192.620s][info][gc,phases      ] GC(330) Post Compact 11.697ms
[192.620s][info][gc,heap        ] GC(330) PSYoungGen: 97465K(222720K)->97465K(222720K) Eden: 76799K(76800K)->76799K(76800K) From: 20665K(145920K)->20665K(145920K)
[192.620s][info][gc,heap        ] GC(330) ParOldGen: 7918927K(7919104K)->7918927K(7919104K)
[192.620s][info][gc,metaspace   ] GC(330) Metaspace: 6300K(6464K)->6300K(6464K) NonClass: 5767K(5824K)->5767K(5824K) Class: 533K(640K)->533K(640K)
[192.620s][info][gc             ] GC(330) Pause Full (Ergonomics) 7828M->7828M(7951M) 2397.623ms
[192.620s][info][gc,cpu         ] GC(330) User=17.89s Sys=0.05s Real=2.40s
[192.620s][info][gc,start       ] GC(331) Pause Full (Ergonomics)
[192.620s][info][gc,phases,start] GC(331) Marking Phase
[194.487s][info][gc,phases      ] GC(331) Marking Phase 1867.461ms
[194.487s][info][gc,phases,start] GC(331) Summary Phase
[194.487s][info][gc,phases      ] GC(331) Summary Phase 0.079ms
[194.487s][info][gc,phases,start] GC(331) Adjust Roots
[194.488s][info][gc,phases      ] GC(331) Adjust Roots 0.194ms
[194.488s][info][gc,phases,start] GC(331) Compaction Phase
[195.059s][info][gc,phases      ] GC(331) Compaction Phase 570.842ms
[195.059s][info][gc,phases,start] GC(331) Post Compact
[195.071s][info][gc,phases      ] GC(331) Post Compact 12.252ms
[195.071s][info][gc,heap        ] GC(331) PSYoungGen: 97465K(222720K)->97465K(222720K) Eden: 76799K(76800K)->76799K(76800K) From: 20665K(145920K)->20665K(145920K)
[195.071s][info][gc,heap        ] GC(331) ParOldGen: 7918932K(7919104K)->7918932K(7919104K)
[195.071s][info][gc,metaspace   ] GC(331) Metaspace: 6300K(6464K)->6300K(6464K) NonClass: 5767K(5824K)->5767K(5824K) Class: 533K(640K)->533K(640K)
[195.071s][info][gc             ] GC(331) Pause Full (Ergonomics) 7828M->7828M(7951M) 2451.257ms
[195.071s][info][gc,cpu         ] GC(331) User=18.44s Sys=0.00s Real=2.45s
[195.071s][info][gc,start       ] GC(332) Pause Full (Ergonomics)
[195.071s][info][gc,phases,start] GC(332) Marking Phase
[196.907s][info][gc,phases      ] GC(332) Marking Phase 1836.032ms
[196.907s][info][gc,phases,start] GC(332) Summary Phase
[196.907s][info][gc,phases      ] GC(332) Summary Phase 0.079ms
[196.908s][info][gc,phases,start] GC(332) Adjust Roots
[196.908s][info][gc,phases      ] GC(332) Adjust Roots 0.192ms
[196.908s][info][gc,phases,start] GC(332) Compaction Phase
[197.473s][info][gc,phases      ] GC(332) Compaction Phase 564.764ms
[197.473s][info][gc,phases,start] GC(332) Post Compact
[197.484s][info][gc,phases      ] GC(332) Post Compact 11.710ms
[197.484s][info][gc,heap        ] GC(332) PSYoungGen: 97465K(222720K)->97465K(222720K) Eden: 76799K(76800K)->76799K(76800K) From: 20665K(145920K)->20665K(145920K)
[197.484s][info][gc,heap        ] GC(332) ParOldGen: 7918937K(7919104K)->7918937K(7919104K)
[197.484s][info][gc,metaspace   ] GC(332) Metaspace: 6300K(6464K)->6300K(6464K) NonClass: 5767K(5824K)->5767K(5824K) Class: 533K(640K)->533K(640K)
[197.484s][info][gc             ] GC(332) Pause Full (Ergonomics) 7828M->7828M(7951M) 2413.107ms
[197.484s][info][gc,cpu         ] GC(332) User=18.17s Sys=0.00s Real=2.41s
[197.485s][info][gc,start       ] GC(333) Pause Full (Ergonomics)
[197.485s][info][gc,phases,start] GC(333) Marking Phase
[199.339s][info][gc,phases      ] GC(333) Marking Phase 1853.950ms
[199.339s][info][gc,phases,start] GC(333) Summary Phase
[199.339s][info][gc,phases      ] GC(333) Summary Phase 0.079ms
[199.339s][info][gc,phases,start] GC(333) Adjust Roots
[199.339s][info][gc,phases      ] GC(333) Adjust Roots 0.166ms
[199.339s][info][gc,phases,start] GC(333) Compaction Phase
[199.897s][info][gc,phases      ] GC(333) Compaction Phase 558.186ms
[199.897s][info][gc,phases,start] GC(333) Post Compact
[199.909s][info][gc,phases      ] GC(333) Post Compact 11.797ms
[199.909s][info][gc,heap        ] GC(333) PSYoungGen: 97465K(222720K)->97465K(222720K) Eden: 76799K(76800K)->76799K(76800K) From: 20665K(145920K)->20665K(145920K)
[199.909s][info][gc,heap        ] GC(333) ParOldGen: 7918941K(7919104K)->7918941K(7919104K)
[199.909s][info][gc,metaspace   ] GC(333) Metaspace: 6300K(6464K)->6300K(6464K) NonClass: 5767K(5824K)->5767K(5824K) Class: 533K(640K)->533K(640K)
[199.909s][info][gc             ] GC(333) Pause Full (Ergonomics) 7828M->7828M(7951M) 2424.509ms
[199.909s][info][gc,cpu         ] GC(333) User=18.33s Sys=0.02s Real=2.42s
[199.909s][info][gc,start       ] GC(334) Pause Full (Ergonomics)
[199.909s][info][gc,phases,start] GC(334) Marking Phase
[201.759s][info][gc,phases      ] GC(334) Marking Phase 1849.962ms
[201.759s][info][gc,phases,start] GC(334) Summary Phase
[201.759s][info][gc,phases      ] GC(334) Summary Phase 0.083ms
[201.759s][info][gc,phases,start] GC(334) Adjust Roots
[201.760s][info][gc,phases      ] GC(334) Adjust Roots 0.196ms
[201.760s][info][gc,phases,start] GC(334) Compaction Phase
[202.310s][info][gc,phases      ] GC(334) Compaction Phase 550.563ms
[202.310s][info][gc,phases,start] GC(334) Post Compact
[202.322s][info][gc,phases      ] GC(334) Post Compact 11.624ms
[202.322s][info][gc,heap        ] GC(334) PSYoungGen: 97465K(222720K)->97465K(222720K) Eden: 76799K(76800K)->76799K(76800K) From: 20665K(145920K)->20665K(145920K)
[202.322s][info][gc,heap        ] GC(334) ParOldGen: 7918946K(7919104K)->7918946K(7919104K)
[202.322s][info][gc,metaspace   ] GC(334) Metaspace: 6300K(6464K)->6300K(6464K) NonClass: 5767K(5824K)->5767K(5824K) Class: 533K(640K)->533K(640K)
[202.322s][info][gc             ] GC(334) Pause Full (Ergonomics) 7828M->7828M(7951M) 2412.751ms
[202.322s][info][gc,cpu         ] GC(334) User=18.23s Sys=0.00s Real=2.41s
[202.322s][info][gc,start       ] GC(335) Pause Full (Ergonomics)
[202.322s][info][gc,phases,start] GC(335) Marking Phase
[204.146s][info][gc,phases      ] GC(335) Marking Phase 1823.670ms
[204.146s][info][gc,phases,start] GC(335) Summary Phase
[204.146s][info][gc,phases      ] GC(335) Summary Phase 0.078ms
[204.146s][info][gc,phases,start] GC(335) Adjust Roots
[204.146s][info][gc,phases      ] GC(335) Adjust Roots 0.184ms
[204.146s][info][gc,phases,start] GC(335) Compaction Phase
[204.697s][info][gc,phases      ] GC(335) Compaction Phase 550.600ms
[204.697s][info][gc,phases,start] GC(335) Post Compact
[204.709s][info][gc,phases      ] GC(335) Post Compact 11.653ms
[204.709s][info][gc,heap        ] GC(335) PSYoungGen: 97465K(222720K)->97465K(222720K) Eden: 76799K(76800K)->76799K(76800K) From: 20665K(145920K)->20665K(145920K)
[204.709s][info][gc,heap        ] GC(335) ParOldGen: 7918951K(7919104K)->7918951K(7919104K)
[204.709s][info][gc,metaspace   ] GC(335) Metaspace: 6300K(6464K)->6300K(6464K) NonClass: 5767K(5824K)->5767K(5824K) Class: 533K(640K)->533K(640K)
[204.709s][info][gc             ] GC(335) Pause Full (Ergonomics) 7828M->7828M(7951M) 2386.470ms
[204.709s][info][gc,cpu         ] GC(335) User=17.94s Sys=0.02s Real=2.39s
[204.709s][info][gc,start       ] GC(336) Pause Full (Ergonomics)
[204.709s][info][gc,phases,start] GC(336) Marking Phase
[206.519s][info][gc,phases      ] GC(336) Marking Phase 1810.238ms
[206.519s][info][gc,phases,start] GC(336) Summary Phase
[206.519s][info][gc,phases      ] GC(336) Summary Phase 0.080ms
[206.519s][info][gc,phases,start] GC(336) Adjust Roots
[206.520s][info][gc,phases      ] GC(336) Adjust Roots 0.181ms
[206.520s][info][gc,phases,start] GC(336) Compaction Phase
[207.073s][info][gc,phases      ] GC(336) Compaction Phase 553.006ms
[207.073s][info][gc,phases,start] GC(336) Post Compact
[207.084s][info][gc,phases      ] GC(336) Post Compact 11.641ms
[207.084s][info][gc,heap        ] GC(336) PSYoungGen: 97465K(222720K)->97465K(222720K) Eden: 76799K(76800K)->76799K(76800K) From: 20665K(145920K)->20665K(145920K)
[207.084s][info][gc,heap        ] GC(336) ParOldGen: 7918956K(7919104K)->7918956K(7919104K)
[207.084s][info][gc,metaspace   ] GC(336) Metaspace: 6300K(6464K)->6300K(6464K) NonClass: 5767K(5824K)->5767K(5824K) Class: 533K(640K)->533K(640K)
[207.084s][info][gc             ] GC(336) Pause Full (Ergonomics) 7828M->7828M(7951M) 2375.460ms
[207.084s][info][gc,cpu         ] GC(336) User=17.89s Sys=0.00s Real=2.38s
[207.085s][info][gc,start       ] GC(337) Pause Full (Ergonomics)
[207.085s][info][gc,phases,start] GC(337) Marking Phase
[208.902s][info][gc,phases      ] GC(337) Marking Phase 1817.817ms
[208.903s][info][gc,phases,start] GC(337) Summary Phase
[208.903s][info][gc,phases      ] GC(337) Summary Phase 0.078ms
[208.903s][info][gc,phases,start] GC(337) Adjust Roots
[208.903s][info][gc,phases      ] GC(337) Adjust Roots 0.164ms
[208.903s][info][gc,phases,start] GC(337) Compaction Phase
[209.458s][info][gc,phases      ] GC(337) Compaction Phase 554.778ms
[209.458s][info][gc,phases,start] GC(337) Post Compact
[209.470s][info][gc,phases      ] GC(337) Post Compact 11.946ms
[209.470s][info][gc,heap        ] GC(337) PSYoungGen: 97465K(222720K)->97465K(222720K) Eden: 76799K(76800K)->76799K(76800K) From: 20665K(145920K)->20665K(145920K)
[209.470s][info][gc,heap        ] GC(337) ParOldGen: 7918961K(7919104K)->7918961K(7919104K)
[209.470s][info][gc,metaspace   ] GC(337) Metaspace: 6300K(6464K)->6300K(6464K) NonClass: 5767K(5824K)->5767K(5824K) Class: 533K(640K)->533K(640K)
[209.470s][info][gc             ] GC(337) Pause Full (Ergonomics) 7828M->7828M(7951M) 2385.117ms
[209.470s][info][gc,cpu         ] GC(337) User=17.91s Sys=0.00s Real=2.38s
[209.470s][info][gc,start       ] GC(338) Pause Full (Ergonomics)
[209.470s][info][gc,phases,start] GC(338) Marking Phase
[211.306s][info][gc,phases      ] GC(338) Marking Phase 1836.203ms
[211.306s][info][gc,phases,start] GC(338) Summary Phase
[211.306s][info][gc,phases      ] GC(338) Summary Phase 0.153ms
[211.306s][info][gc,phases,start] GC(338) Adjust Roots
[211.307s][info][gc,phases      ] GC(338) Adjust Roots 0.174ms
[211.307s][info][gc,phases,start] GC(338) Compaction Phase
[211.860s][info][gc,phases      ] GC(338) Compaction Phase 553.352ms
[211.860s][info][gc,phases,start] GC(338) Post Compact
[211.872s][info][gc,phases      ] GC(338) Post Compact 11.830ms
[211.872s][info][gc,heap        ] GC(338) PSYoungGen: 97465K(222720K)->97465K(222720K) Eden: 76799K(76800K)->76799K(76800K) From: 20665K(145920K)->20665K(145920K)
[211.872s][info][gc,heap        ] GC(338) ParOldGen: 7918966K(7919104K)->7918966K(7919104K)
[211.872s][info][gc,metaspace   ] GC(338) Metaspace: 6300K(6464K)->6300K(6464K) NonClass: 5767K(5824K)->5767K(5824K) Class: 533K(640K)->533K(640K)
[211.872s][info][gc             ] GC(338) Pause Full (Ergonomics) 7828M->7828M(7951M) 2402.042ms
[211.872s][info][gc,cpu         ] GC(338) User=17.97s Sys=0.00s Real=2.40s
[211.872s][info][gc,start       ] GC(339) Pause Full (Ergonomics)
[211.872s][info][gc,phases,start] GC(339) Marking Phase
[213.692s][info][gc,phases      ] GC(339) Marking Phase 1819.336ms
[213.692s][info][gc,phases,start] GC(339) Summary Phase
[213.692s][info][gc,phases      ] GC(339) Summary Phase 0.078ms
[213.692s][info][gc,phases,start] GC(339) Adjust Roots
[213.692s][info][gc,phases      ] GC(339) Adjust Roots 0.187ms
[213.692s][info][gc,phases,start] GC(339) Compaction Phase
[214.248s][info][gc,phases      ] GC(339) Compaction Phase 555.863ms
[214.248s][info][gc,phases,start] GC(339) Post Compact
[214.260s][info][gc,phases      ] GC(339) Post Compact 11.782ms
[214.260s][info][gc,heap        ] GC(339) PSYoungGen: 97465K(222720K)->97465K(222720K) Eden: 76799K(76800K)->76799K(76800K) From: 20665K(145920K)->20665K(145920K)
[214.260s][info][gc,heap        ] GC(339) ParOldGen: 7918970K(7919104K)->7918970K(7919104K)
[214.260s][info][gc,metaspace   ] GC(339) Metaspace: 6300K(6464K)->6300K(6464K) NonClass: 5767K(5824K)->5767K(5824K) Class: 533K(640K)->533K(640K)
[214.260s][info][gc             ] GC(339) Pause Full (Ergonomics) 7828M->7828M(7951M) 2387.561ms
[214.260s][info][gc,cpu         ] GC(339) User=17.80s Sys=0.00s Real=2.39s
[214.260s][info][gc,start       ] GC(340) Pause Full (Ergonomics)
[214.260s][info][gc,phases,start] GC(340) Marking Phase
[216.099s][info][gc,phases      ] GC(340) Marking Phase 1839.162ms
[216.099s][info][gc,phases,start] GC(340) Summary Phase
[216.099s][info][gc,phases      ] GC(340) Summary Phase 0.079ms
[216.099s][info][gc,phases,start] GC(340) Adjust Roots
[216.099s][info][gc,phases      ] GC(340) Adjust Roots 0.165ms
[216.099s][info][gc,phases,start] GC(340) Compaction Phase
[216.663s][info][gc,phases      ] GC(340) Compaction Phase 563.252ms
[216.663s][info][gc,phases,start] GC(340) Post Compact
[216.675s][info][gc,phases      ] GC(340) Post Compact 11.757ms
[216.675s][info][gc,heap        ] GC(340) PSYoungGen: 97465K(222720K)->97465K(222720K) Eden: 76799K(76800K)->76799K(76800K) From: 20665K(145920K)->20665K(145920K)
[216.675s][info][gc,heap        ] GC(340) ParOldGen: 7918975K(7919104K)->7918975K(7919104K)
[216.675s][info][gc,metaspace   ] GC(340) Metaspace: 6300K(6464K)->6300K(6464K) NonClass: 5767K(5824K)->5767K(5824K) Class: 533K(640K)->533K(640K)
[216.675s][info][gc             ] GC(340) Pause Full (Ergonomics) 7828M->7828M(7951M) 2414.723ms
[216.675s][info][gc,cpu         ] GC(340) User=18.02s Sys=0.00s Real=2.41s
[216.675s][info][gc,start       ] GC(341) Pause Full (Ergonomics)
[216.675s][info][gc,phases,start] GC(341) Marking Phase
[218.501s][info][gc,phases      ] GC(341) Marking Phase 1826.157ms
[218.501s][info][gc,phases,start] GC(341) Summary Phase
[218.501s][info][gc,phases      ] GC(341) Summary Phase 0.083ms
[218.501s][info][gc,phases,start] GC(341) Adjust Roots
[218.501s][info][gc,phases      ] GC(341) Adjust Roots 0.169ms
[218.501s][info][gc,phases,start] GC(341) Compaction Phase
[219.059s][info][gc,phases      ] GC(341) Compaction Phase 557.272ms
[219.059s][info][gc,phases,start] GC(341) Post Compact
[219.071s][info][gc,phases      ] GC(341) Post Compact 11.779ms
[219.071s][info][gc,heap        ] GC(341) PSYoungGen: 97465K(222720K)->97465K(222720K) Eden: 76799K(76800K)->76799K(76800K) From: 20665K(145920K)->20665K(145920K)
[219.071s][info][gc,heap        ] GC(341) ParOldGen: 7918980K(7919104K)->7918980K(7919104K)
[219.071s][info][gc,metaspace   ] GC(341) Metaspace: 6300K(6464K)->6300K(6464K) NonClass: 5767K(5824K)->5767K(5824K) Class: 533K(640K)->533K(640K)
[219.071s][info][gc             ] GC(341) Pause Full (Ergonomics) 7828M->7828M(7951M) 2395.867ms
[219.071s][info][gc,cpu         ] GC(341) User=18.05s Sys=0.00s Real=2.40s
[219.071s][info][gc,start       ] GC(342) Pause Full (Ergonomics)
[219.071s][info][gc,phases,start] GC(342) Marking Phase
[220.902s][info][gc,phases      ] GC(342) Marking Phase 1831.082ms
[220.902s][info][gc,phases,start] GC(342) Summary Phase
[220.902s][info][gc,phases      ] GC(342) Summary Phase 0.078ms
[220.902s][info][gc,phases,start] GC(342) Adjust Roots
[220.902s][info][gc,phases      ] GC(342) Adjust Roots 0.165ms
[220.902s][info][gc,phases,start] GC(342) Compaction Phase
[221.447s][info][gc,phases      ] GC(342) Compaction Phase 544.536ms
[221.447s][info][gc,phases,start] GC(342) Post Compact
[221.459s][info][gc,phases      ] GC(342) Post Compact 11.739ms
[221.459s][info][gc,heap        ] GC(342) PSYoungGen: 97465K(222720K)->97465K(222720K) Eden: 76799K(76800K)->76799K(76800K) From: 20665K(145920K)->20665K(145920K)
[221.459s][info][gc,heap        ] GC(342) ParOldGen: 7918985K(7919104K)->7918985K(7919104K)
[221.459s][info][gc,metaspace   ] GC(342) Metaspace: 6300K(6464K)->6300K(6464K) NonClass: 5767K(5824K)->5767K(5824K) Class: 533K(640K)->533K(640K)
[221.459s][info][gc             ] GC(342) Pause Full (Ergonomics) 7828M->7828M(7951M) 2387.921ms
[221.459s][info][gc,cpu         ] GC(342) User=18.02s Sys=0.00s Real=2.39s
[221.459s][info][gc,start       ] GC(343) Pause Full (Ergonomics)
[221.459s][info][gc,phases,start] GC(343) Marking Phase
[223.294s][info][gc,phases      ] GC(343) Marking Phase 1835.249ms
[223.294s][info][gc,phases,start] GC(343) Summary Phase
[223.294s][info][gc,phases      ] GC(343) Summary Phase 0.093ms
[223.295s][info][gc,phases,start] GC(343) Adjust Roots
[223.295s][info][gc,phases      ] GC(343) Adjust Roots 0.213ms
[223.295s][info][gc,phases,start] GC(343) Compaction Phase
[223.851s][info][gc,phases      ] GC(343) Compaction Phase 556.662ms
[223.851s][info][gc,phases,start] GC(343) Post Compact
[223.863s][info][gc,phases      ] GC(343) Post Compact 11.717ms
[223.863s][info][gc,heap        ] GC(343) PSYoungGen: 97465K(222720K)->97465K(222720K) Eden: 76799K(76800K)->76799K(76800K) From: 20665K(145920K)->20665K(145920K)
[223.863s][info][gc,heap        ] GC(343) ParOldGen: 7918990K(7919104K)->7918990K(7919104K)
[223.863s][info][gc,metaspace   ] GC(343) Metaspace: 6300K(6464K)->6300K(6464K) NonClass: 5767K(5824K)->5767K(5824K) Class: 533K(640K)->533K(640K)
[223.863s][info][gc             ] GC(343) Pause Full (Ergonomics) 7828M->7828M(7951M) 2404.256ms
[223.863s][info][gc,cpu         ] GC(343) User=18.16s Sys=0.00s Real=2.40s
[223.864s][info][gc,start       ] GC(344) Pause Full (Ergonomics)
[223.864s][info][gc,phases,start] GC(344) Marking Phase
[225.703s][info][gc,phases      ] GC(344) Marking Phase 1838.973ms
[225.703s][info][gc,phases,start] GC(344) Summary Phase
[225.703s][info][gc,phases      ] GC(344) Summary Phase 0.105ms
[225.703s][info][gc,phases,start] GC(344) Adjust Roots
[225.703s][info][gc,phases      ] GC(344) Adjust Roots 0.215ms
[225.703s][info][gc,phases,start] GC(344) Compaction Phase
[226.264s][info][gc,phases      ] GC(344) Compaction Phase 561.322ms
[226.264s][info][gc,phases,start] GC(344) Post Compact
[226.276s][info][gc,phases      ] GC(344) Post Compact 11.619ms
[226.276s][info][gc,heap        ] GC(344) PSYoungGen: 97465K(222720K)->97465K(222720K) Eden: 76799K(76800K)->76799K(76800K) From: 20665K(145920K)->20665K(145920K)
[226.276s][info][gc,heap        ] GC(344) ParOldGen: 7918995K(7919104K)->7918995K(7919104K)
[226.276s][info][gc,metaspace   ] GC(344) Metaspace: 6300K(6464K)->6300K(6464K) NonClass: 5767K(5824K)->5767K(5824K) Class: 533K(640K)->533K(640K)
[226.276s][info][gc             ] GC(344) Pause Full (Ergonomics) 7828M->7828M(7951M) 2412.656ms
[226.276s][info][gc,cpu         ] GC(344) User=18.16s Sys=0.02s Real=2.41s
[226.276s][info][gc,start       ] GC(345) Pause Full (Ergonomics)
[226.276s][info][gc,phases,start] GC(345) Marking Phase
[228.113s][info][gc,phases      ] GC(345) Marking Phase 1836.589ms
[228.113s][info][gc,phases,start] GC(345) Summary Phase
[228.113s][info][gc,phases      ] GC(345) Summary Phase 0.078ms
[228.113s][info][gc,phases,start] GC(345) Adjust Roots
[228.113s][info][gc,phases      ] GC(345) Adjust Roots 0.168ms
[228.113s][info][gc,phases,start] GC(345) Compaction Phase
[228.650s][info][gc,phases      ] GC(345) Compaction Phase 537.022ms
[228.650s][info][gc,phases,start] GC(345) Post Compact
[228.662s][info][gc,phases      ] GC(345) Post Compact 11.720ms
[228.662s][info][gc,heap        ] GC(345) PSYoungGen: 97465K(222720K)->97465K(222720K) Eden: 76799K(76800K)->76799K(76800K) From: 20665K(145920K)->20665K(145920K)
[228.662s][info][gc,heap        ] GC(345) ParOldGen: 7918999K(7919104K)->7918999K(7919104K)
[228.662s][info][gc,metaspace   ] GC(345) Metaspace: 6300K(6464K)->6300K(6464K) NonClass: 5767K(5824K)->5767K(5824K) Class: 533K(640K)->533K(640K)
[228.662s][info][gc             ] GC(345) Pause Full (Ergonomics) 7828M->7828M(7951M) 2385.918ms
[228.662s][info][gc,cpu         ] GC(345) User=18.17s Sys=0.00s Real=2.39s
[228.662s][info][gc,start       ] GC(346) Pause Full (Ergonomics)
[228.662s][info][gc,phases,start] GC(346) Marking Phase
[230.487s][info][gc,phases      ] GC(346) Marking Phase 1824.612ms
[230.487s][info][gc,phases,start] GC(346) Summary Phase
[230.487s][info][gc,phases      ] GC(346) Summary Phase 0.083ms
[230.487s][info][gc,phases,start] GC(346) Adjust Roots
[230.487s][info][gc,phases      ] GC(346) Adjust Roots 0.206ms
[230.487s][info][gc,phases,start] GC(346) Compaction Phase
[231.025s][info][gc,phases      ] GC(346) Compaction Phase 537.150ms
[231.025s][info][gc,phases,start] GC(346) Post Compact
[231.036s][info][gc,phases      ] GC(346) Post Compact 11.722ms
[231.037s][info][gc,heap        ] GC(346) PSYoungGen: 97465K(222720K)->97465K(222720K) Eden: 76799K(76800K)->76799K(76800K) From: 20665K(145920K)->20665K(145920K)
[231.037s][info][gc,heap        ] GC(346) ParOldGen: 7919004K(7919104K)->7919004K(7919104K)
[231.037s][info][gc,metaspace   ] GC(346) Metaspace: 6300K(6464K)->6300K(6464K) NonClass: 5767K(5824K)->5767K(5824K) Class: 533K(640K)->533K(640K)
[231.037s][info][gc             ] GC(346) Pause Full (Ergonomics) 7828M->7828M(7951M) 2374.088ms
[231.037s][info][gc,cpu         ] GC(346) User=17.98s Sys=0.00s Real=2.37s
[231.037s][info][gc,start       ] GC(347) Pause Full (Ergonomics)
[231.037s][info][gc,phases,start] GC(347) Marking Phase
[232.910s][info][gc,phases      ] GC(347) Marking Phase 1873.054ms
[232.910s][info][gc,phases,start] GC(347) Summary Phase
[232.910s][info][gc,phases      ] GC(347) Summary Phase 0.132ms
[232.910s][info][gc,phases,start] GC(347) Adjust Roots
[232.910s][info][gc,phases      ] GC(347) Adjust Roots 0.250ms
[232.910s][info][gc,phases,start] GC(347) Compaction Phase
[233.457s][info][gc,phases      ] GC(347) Compaction Phase 546.940ms
[233.457s][info][gc,phases,start] GC(347) Post Compact
[233.469s][info][gc,phases      ] GC(347) Post Compact 11.768ms
[233.469s][info][gc,heap        ] GC(347) PSYoungGen: 97465K(222720K)->97465K(222720K) Eden: 76799K(76800K)->76799K(76800K) From: 20665K(145920K)->20665K(145920K)
[233.469s][info][gc,heap        ] GC(347) ParOldGen: 7919009K(7919104K)->7919009K(7919104K)
[233.469s][info][gc,metaspace   ] GC(347) Metaspace: 6300K(6464K)->6300K(6464K) NonClass: 5767K(5824K)->5767K(5824K) Class: 533K(640K)->533K(640K)
[233.469s][info][gc             ] GC(347) Pause Full (Ergonomics) 7828M->7828M(7951M) 2432.501ms
[233.469s][info][gc,cpu         ] GC(347) User=18.47s Sys=0.00s Real=2.43s
[233.470s][info][gc,start       ] GC(348) Pause Full (Ergonomics)
[233.470s][info][gc,phases,start] GC(348) Marking Phase
[235.345s][info][gc,phases      ] GC(348) Marking Phase 1875.135ms
[235.345s][info][gc,phases,start] GC(348) Summary Phase
[235.345s][info][gc,phases      ] GC(348) Summary Phase 0.083ms
[235.345s][info][gc,phases,start] GC(348) Adjust Roots
[235.345s][info][gc,phases      ] GC(348) Adjust Roots 0.169ms
[235.345s][info][gc,phases,start] GC(348) Compaction Phase
[235.906s][info][gc,phases      ] GC(348) Compaction Phase 560.667ms
[235.906s][info][gc,phases,start] GC(348) Post Compact
[235.918s][info][gc,phases      ] GC(348) Post Compact 11.781ms
[235.918s][info][gc,heap        ] GC(348) PSYoungGen: 97465K(222720K)->97465K(222720K) Eden: 76799K(76800K)->76799K(76800K) From: 20665K(145920K)->20665K(145920K)
[235.918s][info][gc,heap        ] GC(348) ParOldGen: 7919014K(7919104K)->7919014K(7919104K)
[235.918s][info][gc,metaspace   ] GC(348) Metaspace: 6300K(6464K)->6300K(6464K) NonClass: 5767K(5824K)->5767K(5824K) Class: 533K(640K)->533K(640K)
[235.918s][info][gc             ] GC(348) Pause Full (Ergonomics) 7828M->7828M(7951M) 2448.170ms
[235.918s][info][gc,cpu         ] GC(348) User=18.36s Sys=0.00s Real=2.45s
[235.918s][info][gc,start       ] GC(349) Pause Full (Ergonomics)
[235.918s][info][gc,phases,start] GC(349) Marking Phase
[237.746s][info][gc,phases      ] GC(349) Marking Phase 1827.948ms
[237.746s][info][gc,phases,start] GC(349) Summary Phase
[237.746s][info][gc,phases      ] GC(349) Summary Phase 0.084ms
[237.746s][info][gc,phases,start] GC(349) Adjust Roots
[237.746s][info][gc,phases      ] GC(349) Adjust Roots 0.171ms
[237.746s][info][gc,phases,start] GC(349) Compaction Phase
[238.305s][info][gc,phases      ] GC(349) Compaction Phase 558.717ms
[238.305s][info][gc,phases,start] GC(349) Post Compact
[238.317s][info][gc,phases      ] GC(349) Post Compact 11.564ms
[238.317s][info][gc,heap        ] GC(349) PSYoungGen: 97465K(222720K)->97465K(222720K) Eden: 76799K(76800K)->76799K(76800K) From: 20665K(145920K)->20665K(145920K)
[238.317s][info][gc,heap        ] GC(349) ParOldGen: 7919019K(7919104K)->7919019K(7919104K)
[238.317s][info][gc,metaspace   ] GC(349) Metaspace: 6300K(6464K)->6300K(6464K) NonClass: 5767K(5824K)->5767K(5824K) Class: 533K(640K)->533K(640K)
[238.317s][info][gc             ] GC(349) Pause Full (Ergonomics) 7828M->7828M(7951M) 2398.787ms
[238.317s][info][gc,cpu         ] GC(349) User=18.08s Sys=0.00s Real=2.40s
[238.317s][info][gc,start       ] GC(350) Pause Full (Ergonomics)
[238.317s][info][gc,phases,start] GC(350) Marking Phase
[240.136s][info][gc,phases      ] GC(350) Marking Phase 1818.768ms
[240.136s][info][gc,phases,start] GC(350) Summary Phase
[240.136s][info][gc,phases      ] GC(350) Summary Phase 0.077ms
[240.136s][info][gc,phases,start] GC(350) Adjust Roots
[240.136s][info][gc,phases      ] GC(350) Adjust Roots 0.174ms
[240.136s][info][gc,phases,start] GC(350) Compaction Phase
[240.684s][info][gc,phases      ] GC(350) Compaction Phase 548.034ms
[240.684s][info][gc,phases,start] GC(350) Post Compact
[240.696s][info][gc,phases      ] GC(350) Post Compact 11.755ms
[240.696s][info][gc,heap        ] GC(350) PSYoungGen: 97465K(222720K)->97465K(222720K) Eden: 76799K(76800K)->76799K(76800K) From: 20665K(145920K)->20665K(145920K)
[240.696s][info][gc,heap        ] GC(350) ParOldGen: 7919024K(7919104K)->7919024K(7919104K)
[240.696s][info][gc,metaspace   ] GC(350) Metaspace: 6300K(6464K)->6300K(6464K) NonClass: 5767K(5824K)->5767K(5824K) Class: 533K(640K)->533K(640K)
[240.696s][info][gc             ] GC(350) Pause Full (Ergonomics) 7828M->7828M(7951M) 2379.149ms
[240.696s][info][gc,cpu         ] GC(350) User=17.78s Sys=0.02s Real=2.38s
[240.696s][info][gc,start       ] GC(351) Pause Full (Ergonomics)
[240.696s][info][gc,phases,start] GC(351) Marking Phase
[242.553s][info][gc,phases      ] GC(351) Marking Phase 1856.262ms
[242.553s][info][gc,phases,start] GC(351) Summary Phase
[242.553s][info][gc,phases      ] GC(351) Summary Phase 0.142ms
[242.553s][info][gc,phases,start] GC(351) Adjust Roots
[242.553s][info][gc,phases      ] GC(351) Adjust Roots 0.330ms
[242.553s][info][gc,phases,start] GC(351) Compaction Phase
[243.100s][info][gc,phases      ] GC(351) Compaction Phase 546.661ms
[243.100s][info][gc,phases,start] GC(351) Post Compact
[243.113s][info][gc,phases      ] GC(351) Post Compact 13.257ms
[243.113s][info][gc,heap        ] GC(351) PSYoungGen: 97465K(222720K)->97465K(222720K) Eden: 76799K(76800K)->76799K(76800K) From: 20665K(145920K)->20665K(145920K)
[243.113s][info][gc,heap        ] GC(351) ParOldGen: 7919028K(7919104K)->7919028K(7919104K)
[243.113s][info][gc,metaspace   ] GC(351) Metaspace: 6300K(6464K)->6300K(6464K) NonClass: 5767K(5824K)->5767K(5824K) Class: 533K(640K)->533K(640K)
[243.113s][info][gc             ] GC(351) Pause Full (Ergonomics) 7828M->7828M(7951M) 2417.084ms
[243.113s][info][gc,cpu         ] GC(351) User=17.98s Sys=0.00s Real=2.42s
[243.114s][info][gc,start       ] GC(352) Pause Full (Ergonomics)
[243.114s][info][gc,phases,start] GC(352) Marking Phase
[244.959s][info][gc,phases      ] GC(352) Marking Phase 1845.401ms
[244.959s][info][gc,phases,start] GC(352) Summary Phase
[244.959s][info][gc,phases      ] GC(352) Summary Phase 0.080ms
[244.959s][info][gc,phases,start] GC(352) Adjust Roots
[244.959s][info][gc,phases      ] GC(352) Adjust Roots 0.213ms
[244.959s][info][gc,phases,start] GC(352) Compaction Phase
[245.514s][info][gc,phases      ] GC(352) Compaction Phase 554.324ms
[245.514s][info][gc,phases,start] GC(352) Post Compact
[245.527s][info][gc,phases      ] GC(352) Post Compact 13.533ms
[245.527s][info][gc,heap        ] GC(352) PSYoungGen: 97465K(222720K)->97465K(222720K) Eden: 76799K(76800K)->76799K(76800K) From: 20665K(145920K)->20665K(145920K)
[245.527s][info][gc,heap        ] GC(352) ParOldGen: 7919033K(7919104K)->7919033K(7919104K)
[245.527s][info][gc,metaspace   ] GC(352) Metaspace: 6300K(6464K)->6300K(6464K) NonClass: 5767K(5824K)->5767K(5824K) Class: 533K(640K)->533K(640K)
[245.527s][info][gc             ] GC(352) Pause Full (Ergonomics) 7828M->7828M(7951M) 2413.908ms
[245.527s][info][gc,cpu         ] GC(352) User=18.06s Sys=0.00s Real=2.41s
[245.528s][info][gc,start       ] GC(353) Pause Full (Ergonomics)
[245.528s][info][gc,phases,start] GC(353) Marking Phase
[247.395s][info][gc,phases      ] GC(353) Marking Phase 1866.906ms
[247.395s][info][gc,phases,start] GC(353) Summary Phase
[247.395s][info][gc,phases      ] GC(353) Summary Phase 0.090ms
[247.395s][info][gc,phases,start] GC(353) Adjust Roots
[247.395s][info][gc,phases      ] GC(353) Adjust Roots 0.187ms
[247.395s][info][gc,phases,start] GC(353) Compaction Phase
[247.953s][info][gc,phases      ] GC(353) Compaction Phase 557.649ms
[247.953s][info][gc,phases,start] GC(353) Post Compact
[247.966s][info][gc,phases      ] GC(353) Post Compact 13.006ms
[247.966s][info][gc,heap        ] GC(353) PSYoungGen: 97465K(222720K)->97465K(222720K) Eden: 76799K(76800K)->76799K(76800K) From: 20665K(145920K)->20665K(145920K)
[247.966s][info][gc,heap        ] GC(353) ParOldGen: 7919038K(7919104K)->7919038K(7919104K)
[247.966s][info][gc,metaspace   ] GC(353) Metaspace: 6300K(6464K)->6300K(6464K) NonClass: 5767K(5824K)->5767K(5824K) Class: 533K(640K)->533K(640K)
[247.966s][info][gc             ] GC(353) Pause Full (Ergonomics) 7828M->7828M(7951M) 2438.221ms
[247.966s][info][gc,cpu         ] GC(353) User=18.22s Sys=0.02s Real=2.44s
[247.966s][info][gc,start       ] GC(354) Pause Full (Ergonomics)
[247.966s][info][gc,phases,start] GC(354) Marking Phase
[249.810s][info][gc,phases      ] GC(354) Marking Phase 1843.861ms
[249.810s][info][gc,phases,start] GC(354) Summary Phase
[249.810s][info][gc,phases      ] GC(354) Summary Phase 0.177ms
[249.810s][info][gc,phases,start] GC(354) Adjust Roots
[249.811s][info][gc,phases      ] GC(354) Adjust Roots 0.295ms
[249.811s][info][gc,phases,start] GC(354) Compaction Phase
[250.359s][info][gc,phases      ] GC(354) Compaction Phase 548.241ms
[250.359s][info][gc,phases,start] GC(354) Post Compact
[250.373s][info][gc,phases      ] GC(354) Post Compact 13.822ms
[250.373s][info][gc,heap        ] GC(354) PSYoungGen: 97465K(222720K)->97465K(222720K) Eden: 76799K(76800K)->76799K(76800K) From: 20665K(145920K)->20665K(145920K)
[250.373s][info][gc,heap        ] GC(354) ParOldGen: 7919043K(7919104K)->7919043K(7919104K)
[250.373s][info][gc,metaspace   ] GC(354) Metaspace: 6300K(6464K)->6300K(6464K) NonClass: 5767K(5824K)->5767K(5824K) Class: 533K(640K)->533K(640K)
[250.373s][info][gc             ] GC(354) Pause Full (Ergonomics) 7828M->7828M(7951M) 2406.848ms
[250.373s][info][gc,cpu         ] GC(354) User=18.11s Sys=0.00s Real=2.41s
[250.373s][info][gc,start       ] GC(355) Pause Full (Ergonomics)
[250.373s][info][gc,phases,start] GC(355) Marking Phase
[252.231s][info][gc,phases      ] GC(355) Marking Phase 1857.989ms
[252.231s][info][gc,phases,start] GC(355) Summary Phase
[252.231s][info][gc,phases      ] GC(355) Summary Phase 0.081ms
[252.231s][info][gc,phases,start] GC(355) Adjust Roots
[252.232s][info][gc,phases      ] GC(355) Adjust Roots 0.213ms
[252.232s][info][gc,phases,start] GC(355) Compaction Phase
[252.791s][info][gc,phases      ] GC(355) Compaction Phase 559.437ms
[252.791s][info][gc,phases,start] GC(355) Post Compact
[252.805s][info][gc,phases      ] GC(355) Post Compact 13.534ms
[252.805s][info][gc,heap        ] GC(355) PSYoungGen: 97465K(222720K)->97465K(222720K) Eden: 76799K(76800K)->76799K(76800K) From: 20665K(145920K)->20665K(145920K)
[252.805s][info][gc,heap        ] GC(355) ParOldGen: 7919048K(7919104K)->7919048K(7919104K)
[252.805s][info][gc,metaspace   ] GC(355) Metaspace: 6300K(6464K)->6300K(6464K) NonClass: 5767K(5824K)->5767K(5824K) Class: 533K(640K)->533K(640K)
[252.805s][info][gc             ] GC(355) Pause Full (Ergonomics) 7828M->7828M(7951M) 2431.615ms
[252.805s][info][gc,cpu         ] GC(355) User=18.12s Sys=0.00s Real=2.43s
[252.805s][info][gc,start       ] GC(356) Pause Full (Ergonomics)
[252.805s][info][gc,phases,start] GC(356) Marking Phase
[254.666s][info][gc,phases      ] GC(356) Marking Phase 1860.456ms
[254.666s][info][gc,phases,start] GC(356) Summary Phase
[254.666s][info][gc,phases      ] GC(356) Summary Phase 0.081ms
[254.666s][info][gc,phases,start] GC(356) Adjust Roots
[254.666s][info][gc,phases      ] GC(356) Adjust Roots 0.177ms
[254.666s][info][gc,phases,start] GC(356) Compaction Phase
[255.222s][info][gc,phases      ] GC(356) Compaction Phase 555.658ms
[255.222s][info][gc,phases,start] GC(356) Post Compact
[255.235s][info][gc,phases      ] GC(356) Post Compact 13.429ms
[255.235s][info][gc,heap        ] GC(356) PSYoungGen: 97465K(222720K)->97465K(222720K) Eden: 76799K(76800K)->76799K(76800K) From: 20665K(145920K)->20665K(145920K)
[255.235s][info][gc,heap        ] GC(356) ParOldGen: 7919053K(7919104K)->7919053K(7919104K)
[255.235s][info][gc,metaspace   ] GC(356) Metaspace: 6300K(6464K)->6300K(6464K) NonClass: 5767K(5824K)->5767K(5824K) Class: 533K(640K)->533K(640K)
[255.235s][info][gc             ] GC(356) Pause Full (Ergonomics) 7828M->7828M(7951M) 2430.180ms
[255.235s][info][gc,cpu         ] GC(356) User=18.33s Sys=0.00s Real=2.43s
[255.235s][info][gc,start       ] GC(357) Pause Full (Ergonomics)
[255.236s][info][gc,phases,start] GC(357) Marking Phase
[257.095s][info][gc,phases      ] GC(357) Marking Phase 1859.523ms
[257.095s][info][gc,phases,start] GC(357) Summary Phase
[257.095s][info][gc,phases      ] GC(357) Summary Phase 0.095ms
[257.095s][info][gc,phases,start] GC(357) Adjust Roots
[257.095s][info][gc,phases      ] GC(357) Adjust Roots 0.214ms
[257.095s][info][gc,phases,start] GC(357) Compaction Phase
[257.650s][info][gc,phases      ] GC(357) Compaction Phase 554.715ms
[257.650s][info][gc,phases,start] GC(357) Post Compact
[257.664s][info][gc,phases      ] GC(357) Post Compact 13.893ms
[257.664s][info][gc,heap        ] GC(357) PSYoungGen: 97465K(222720K)->97465K(222720K) Eden: 76799K(76800K)->76799K(76800K) From: 20665K(145920K)->20665K(145920K)
[257.664s][info][gc,heap        ] GC(357) ParOldGen: 7919057K(7919104K)->7919057K(7919104K)
[257.664s][info][gc,metaspace   ] GC(357) Metaspace: 6300K(6464K)->6300K(6464K) NonClass: 5767K(5824K)->5767K(5824K) Class: 533K(640K)->533K(640K)
[257.664s][info][gc             ] GC(357) Pause Full (Ergonomics) 7828M->7828M(7951M) 2428.831ms
[257.664s][info][gc,cpu         ] GC(357) User=18.22s Sys=0.05s Real=2.43s
[257.665s][info][gc,start       ] GC(358) Pause Full (Ergonomics)
[257.665s][info][gc,phases,start] GC(358) Marking Phase
[259.497s][info][gc,phases      ] GC(358) Marking Phase 1832.168ms
[259.497s][info][gc,phases,start] GC(358) Summary Phase
[259.497s][info][gc,phases      ] GC(358) Summary Phase 0.081ms
[259.497s][info][gc,phases,start] GC(358) Adjust Roots
[259.497s][info][gc,phases      ] GC(358) Adjust Roots 0.170ms
[259.497s][info][gc,phases,start] GC(358) Compaction Phase
[260.059s][info][gc,phases      ] GC(358) Compaction Phase 561.415ms
[260.059s][info][gc,phases,start] GC(358) Post Compact
[260.072s][info][gc,phases      ] GC(358) Post Compact 13.801ms
[260.072s][info][gc,heap        ] GC(358) PSYoungGen: 97465K(222720K)->97465K(222720K) Eden: 76799K(76800K)->76799K(76800K) From: 20665K(145920K)->20665K(145920K)
[260.072s][info][gc,heap        ] GC(358) ParOldGen: 7919062K(7919104K)->7919062K(7919104K)
[260.073s][info][gc,metaspace   ] GC(358) Metaspace: 6300K(6464K)->6300K(6464K) NonClass: 5767K(5824K)->5767K(5824K) Class: 533K(640K)->533K(640K)
[260.073s][info][gc             ] GC(358) Pause Full (Ergonomics) 7828M->7828M(7951M) 2408.005ms
[260.073s][info][gc,cpu         ] GC(358) User=18.08s Sys=0.02s Real=2.41s
[260.073s][info][gc,start       ] GC(359) Pause Full (Ergonomics)
[260.073s][info][gc,phases,start] GC(359) Marking Phase
[261.911s][info][gc,phases      ] GC(359) Marking Phase 1838.107ms
[261.911s][info][gc,phases,start] GC(359) Summary Phase
[261.911s][info][gc,phases      ] GC(359) Summary Phase 0.079ms
[261.911s][info][gc,phases,start] GC(359) Adjust Roots
[261.911s][info][gc,phases      ] GC(359) Adjust Roots 0.201ms
[261.911s][info][gc,phases,start] GC(359) Compaction Phase
[262.466s][info][gc,phases      ] GC(359) Compaction Phase 554.752ms
[262.466s][info][gc,phases,start] GC(359) Post Compact
[262.480s][info][gc,phases      ] GC(359) Post Compact 13.820ms
[262.480s][info][gc,heap        ] GC(359) PSYoungGen: 97465K(222720K)->97465K(222720K) Eden: 76799K(76800K)->76799K(76800K) From: 20665K(145920K)->20665K(145920K)
[262.480s][info][gc,heap        ] GC(359) ParOldGen: 7919067K(7919104K)->7919067K(7919104K)
[262.480s][info][gc,metaspace   ] GC(359) Metaspace: 6300K(6464K)->6300K(6464K) NonClass: 5767K(5824K)->5767K(5824K) Class: 533K(640K)->533K(640K)
[262.480s][info][gc             ] GC(359) Pause Full (Ergonomics) 7828M->7828M(7951M) 2407.340ms
[262.480s][info][gc,cpu         ] GC(359) User=18.06s Sys=0.00s Real=2.41s
[262.480s][info][gc,start       ] GC(360) Pause Full (Ergonomics)
[262.480s][info][gc,phases,start] GC(360) Marking Phase
[264.333s][info][gc,phases      ] GC(360) Marking Phase 1852.154ms
[264.333s][info][gc,phases,start] GC(360) Summary Phase
[264.333s][info][gc,phases      ] GC(360) Summary Phase 0.081ms
[264.333s][info][gc,phases,start] GC(360) Adjust Roots
[264.333s][info][gc,phases      ] GC(360) Adjust Roots 0.213ms
[264.333s][info][gc,phases,start] GC(360) Compaction Phase
[264.878s][info][gc,phases      ] GC(360) Compaction Phase 545.438ms
[264.878s][info][gc,phases,start] GC(360) Post Compact
[264.892s][info][gc,phases      ] GC(360) Post Compact 13.425ms
[264.892s][info][gc,heap        ] GC(360) PSYoungGen: 97465K(222720K)->97465K(222720K) Eden: 76799K(76800K)->76799K(76800K) From: 20665K(145920K)->20665K(145920K)
[264.892s][info][gc,heap        ] GC(360) ParOldGen: 7919072K(7919104K)->7919072K(7919104K)
[264.892s][info][gc,metaspace   ] GC(360) Metaspace: 6300K(6464K)->6300K(6464K) NonClass: 5767K(5824K)->5767K(5824K) Class: 533K(640K)->533K(640K)
[264.892s][info][gc             ] GC(360) Pause Full (Ergonomics) 7828M->7828M(7951M) 2411.681ms
[264.892s][info][gc,cpu         ] GC(360) User=18.25s Sys=0.00s Real=2.41s
[264.892s][info][gc,start       ] GC(361) Pause Full (Ergonomics)
[264.892s][info][gc,phases,start] GC(361) Marking Phase
[266.753s][info][gc,phases      ] GC(361) Marking Phase 1860.371ms
[266.753s][info][gc,phases,start] GC(361) Summary Phase
[266.753s][info][gc,phases      ] GC(361) Summary Phase 0.098ms
[266.753s][info][gc,phases,start] GC(361) Adjust Roots
[266.753s][info][gc,phases      ] GC(361) Adjust Roots 0.271ms
[266.753s][info][gc,phases,start] GC(361) Compaction Phase
[267.309s][info][gc,phases      ] GC(361) Compaction Phase 556.209ms
[267.309s][info][gc,phases,start] GC(361) Post Compact
[267.323s][info][gc,phases      ] GC(361) Post Compact 13.199ms
[267.323s][info][gc,heap        ] GC(361) PSYoungGen: 97465K(222720K)->97465K(222720K) Eden: 76799K(76800K)->76799K(76800K) From: 20665K(145920K)->20665K(145920K)
[267.323s][info][gc,heap        ] GC(361) ParOldGen: 7919077K(7919104K)->7919077K(7919104K)
[267.323s][info][gc,metaspace   ] GC(361) Metaspace: 6300K(6464K)->6300K(6464K) NonClass: 5767K(5824K)->5767K(5824K) Class: 533K(640K)->533K(640K)
[267.323s][info][gc             ] GC(361) Pause Full (Ergonomics) 7828M->7828M(7951M) 2430.501ms
[267.323s][info][gc,cpu         ] GC(361) User=18.30s Sys=0.00s Real=2.43s
[267.323s][info][gc,start       ] GC(362) Pause Full (Ergonomics)
[267.323s][info][gc,phases,start] GC(362) Marking Phase
[269.176s][info][gc,phases      ] GC(362) Marking Phase 1852.812ms
[269.176s][info][gc,phases,start] GC(362) Summary Phase
[269.176s][info][gc,phases      ] GC(362) Summary Phase 0.082ms
[269.176s][info][gc,phases,start] GC(362) Adjust Roots
[269.176s][info][gc,phases      ] GC(362) Adjust Roots 0.177ms
[269.176s][info][gc,phases,start] GC(362) Compaction Phase
[269.734s][info][gc,phases      ] GC(362) Compaction Phase 557.432ms
[269.734s][info][gc,phases,start] GC(362) Post Compact
[269.747s][info][gc,phases      ] GC(362) Post Compact 13.589ms
[269.747s][info][gc,heap        ] GC(362) PSYoungGen: 97465K(222720K)->97465K(222720K) Eden: 76799K(76800K)->76799K(76800K) From: 20665K(145920K)->20665K(145920K)
[269.747s][info][gc,heap        ] GC(362) ParOldGen: 7919082K(7919104K)->7919082K(7919104K)
[269.747s][info][gc,metaspace   ] GC(362) Metaspace: 6300K(6464K)->6300K(6464K) NonClass: 5767K(5824K)->5767K(5824K) Class: 533K(640K)->533K(640K)
[269.748s][info][gc             ] GC(362) Pause Full (Ergonomics) 7828M->7828M(7951M) 2424.476ms
[269.748s][info][gc,cpu         ] GC(362) User=18.11s Sys=0.05s Real=2.43s
[269.748s][info][gc,start       ] GC(363) Pause Full (Ergonomics)
[269.748s][info][gc,phases,start] GC(363) Marking Phase
[271.574s][info][gc,phases      ] GC(363) Marking Phase 1826.545ms
[271.574s][info][gc,phases,start] GC(363) Summary Phase
[271.575s][info][gc,phases      ] GC(363) Summary Phase 0.114ms
[271.575s][info][gc,phases,start] GC(363) Adjust Roots
[271.575s][info][gc,phases      ] GC(363) Adjust Roots 0.256ms
[271.575s][info][gc,phases,start] GC(363) Compaction Phase
[272.138s][info][gc,phases      ] GC(363) Compaction Phase 562.670ms
[272.138s][info][gc,phases,start] GC(363) Post Compact
[272.151s][info][gc,phases      ] GC(363) Post Compact 13.425ms
[272.151s][info][gc,heap        ] GC(363) PSYoungGen: 97465K(222720K)->97465K(222720K) Eden: 76799K(76800K)->76799K(76800K) From: 20665K(145920K)->20665K(145920K)
[272.151s][info][gc,heap        ] GC(363) ParOldGen: 7919086K(7919104K)->7919086K(7919104K)
[272.151s][info][gc,metaspace   ] GC(363) Metaspace: 6300K(6464K)->6300K(6464K) NonClass: 5767K(5824K)->5767K(5824K) Class: 533K(640K)->533K(640K)
[272.151s][info][gc             ] GC(363) Pause Full (Ergonomics) 7828M->7828M(7951M) 2403.414ms
[272.151s][info][gc,cpu         ] GC(363) User=18.02s Sys=0.00s Real=2.40s
[272.151s][info][gc,start       ] GC(364) Pause Full (Ergonomics)
[272.151s][info][gc,phases,start] GC(364) Marking Phase
[273.992s][info][gc,phases      ] GC(364) Marking Phase 1840.726ms
[273.992s][info][gc,phases,start] GC(364) Summary Phase
[273.992s][info][gc,phases      ] GC(364) Summary Phase 0.091ms
[273.992s][info][gc,phases,start] GC(364) Adjust Roots
[273.993s][info][gc,phases      ] GC(364) Adjust Roots 0.241ms
[273.993s][info][gc,phases,start] GC(364) Compaction Phase
[274.536s][info][gc,phases      ] GC(364) Compaction Phase 543.645ms
[274.536s][info][gc,phases,start] GC(364) Post Compact
[274.550s][info][gc,phases      ] GC(364) Post Compact 13.842ms
[274.550s][info][gc,heap        ] GC(364) PSYoungGen: 97465K(222720K)->97465K(222720K) Eden: 76799K(76800K)->76799K(76800K) From: 20665K(145920K)->20665K(145920K)
[274.550s][info][gc,heap        ] GC(364) ParOldGen: 7919091K(7919104K)->7919091K(7919104K)
[274.550s][info][gc,metaspace   ] GC(364) Metaspace: 6300K(6464K)->6300K(6464K) NonClass: 5767K(5824K)->5767K(5824K) Class: 533K(640K)->533K(640K)
[274.550s][info][gc             ] GC(364) Pause Full (Ergonomics) 7828M->7828M(7951M) 2398.917ms
[274.550s][info][gc,cpu         ] GC(364) User=17.81s Sys=0.00s Real=2.40s
[274.550s][info][gc,start       ] GC(365) Pause Full (Ergonomics)
[274.551s][info][gc,phases,start] GC(365) Marking Phase
[276.398s][info][gc,phases      ] GC(365) Marking Phase 1847.550ms
[276.398s][info][gc,phases,start] GC(365) Summary Phase
[276.398s][info][gc,phases      ] GC(365) Summary Phase 0.135ms
[276.398s][info][gc,phases,start] GC(365) Adjust Roots
[276.399s][info][gc,phases      ] GC(365) Adjust Roots 0.302ms
[276.399s][info][gc,phases,start] GC(365) Compaction Phase
[276.961s][info][gc,phases      ] GC(365) Compaction Phase 562.006ms
[276.961s][info][gc,phases,start] GC(365) Post Compact
[276.973s][info][gc,phases      ] GC(365) Post Compact 11.865ms
[276.973s][info][gc,heap        ] GC(365) PSYoungGen: 97465K(222720K)->97465K(222720K) Eden: 76799K(76800K)->76799K(76800K) From: 20665K(145920K)->20665K(145920K)
[276.973s][info][gc,heap        ] GC(365) ParOldGen: 7919096K(7919104K)->7919096K(7919104K)
[276.973s][info][gc,metaspace   ] GC(365) Metaspace: 6300K(6464K)->6300K(6464K) NonClass: 5767K(5824K)->5767K(5824K) Class: 533K(640K)->533K(640K)
[276.973s][info][gc             ] GC(365) Pause Full (Ergonomics) 7828M->7828M(7951M) 2422.241ms
[276.973s][info][gc,cpu         ] GC(365) User=17.95s Sys=0.00s Real=2.42s
[276.973s][info][gc,start       ] GC(366) Pause Full (Ergonomics)
[276.973s][info][gc,phases,start] GC(366) Marking Phase
[278.823s][info][gc,phases      ] GC(366) Marking Phase 1850.519ms
[278.824s][info][gc,phases,start] GC(366) Summary Phase
[278.824s][info][gc,phases      ] GC(366) Summary Phase 0.112ms
[278.824s][info][gc,phases,start] GC(366) Adjust Roots
[278.824s][info][gc,phases      ] GC(366) Adjust Roots 0.246ms
[278.824s][info][gc,phases,start] GC(366) Compaction Phase
[279.381s][info][gc,phases      ] GC(366) Compaction Phase 557.147ms
[279.381s][info][gc,phases,start] GC(366) Post Compact
[279.394s][info][gc,phases      ] GC(366) Post Compact 12.405ms
[279.394s][info][gc,heap        ] GC(366) PSYoungGen: 97465K(222720K)->97465K(222720K) Eden: 76799K(76800K)->76799K(76800K) From: 20665K(145920K)->20665K(145920K)
[279.394s][info][gc,heap        ] GC(366) ParOldGen: 7919101K(7919104K)->7919101K(7919104K)
[279.394s][info][gc,metaspace   ] GC(366) Metaspace: 6300K(6464K)->6300K(6464K) NonClass: 5767K(5824K)->5767K(5824K) Class: 533K(640K)->533K(640K)
[279.394s][info][gc             ] GC(366) Pause Full (Ergonomics) 7828M->7828M(7951M) 2420.807ms
[279.394s][info][gc,cpu         ] GC(366) User=18.11s Sys=0.00s Real=2.42s
[279.394s][info][gc,start       ] GC(367) Pause Full (Ergonomics)
[279.394s][info][gc,phases,start] GC(367) Marking Phase
[281.226s][info][gc,phases      ] GC(367) Marking Phase 1832.461ms
[281.226s][info][gc,phases,start] GC(367) Summary Phase
[281.227s][info][gc,phases      ] GC(367) Summary Phase 0.081ms
[281.227s][info][gc,phases,start] GC(367) Adjust Roots
[281.227s][info][gc,phases      ] GC(367) Adjust Roots 0.206ms
[281.227s][info][gc,phases,start] GC(367) Compaction Phase
[281.780s][info][gc,phases      ] GC(367) Compaction Phase 553.391ms
[281.780s][info][gc,phases,start] GC(367) Post Compact
[281.792s][info][gc,phases      ] GC(367) Post Compact 11.747ms
[281.792s][info][gc,heap        ] GC(367) PSYoungGen: 97465K(222720K)->97465K(222720K) Eden: 76799K(76800K)->76799K(76800K) From: 20665K(145920K)->20665K(145920K)
[281.792s][info][gc,heap        ] GC(367) ParOldGen: 7919103K(7919104K)->7919103K(7919104K)
[281.792s][info][gc,metaspace   ] GC(367) Metaspace: 6300K(6464K)->6300K(6464K) NonClass: 5767K(5824K)->5767K(5824K) Class: 533K(640K)->533K(640K)
[281.792s][info][gc             ] GC(367) Pause Full (Ergonomics) 7828M->7828M(7951M) 2398.221ms
[281.792s][info][gc,cpu         ] GC(367) User=18.06s Sys=0.00s Real=2.40s
[281.792s][info][gc,start       ] GC(368) Pause Full (Allocation Failure)
[281.792s][info][gc,phases,start] GC(368) Marking Phase
[283.651s][info][gc,phases      ] GC(368) Marking Phase 1858.594ms
[283.651s][info][gc,phases,start] GC(368) Summary Phase
[283.651s][info][gc,phases      ] GC(368) Summary Phase 0.087ms
[283.651s][info][gc,phases,start] GC(368) Adjust Roots
[283.651s][info][gc,phases      ] GC(368) Adjust Roots 0.407ms
[283.651s][info][gc,phases,start] GC(368) Compaction Phase
[285.699s][info][gc,phases      ] GC(368) Compaction Phase 2047.683ms
[285.699s][info][gc,phases,start] GC(368) Post Compact
[285.711s][info][gc,phases      ] GC(368) Post Compact 12.108ms
[285.711s][info][gc,heap        ] GC(368) PSYoungGen: 97465K(222720K)->97465K(222720K) Eden: 76799K(76800K)->76799K(76800K) From: 20665K(145920K)->20665K(145920K)
[285.711s][info][gc,heap        ] GC(368) ParOldGen: 7919103K(7919104K)->7919099K(7919104K)
[285.711s][info][gc,metaspace   ] GC(368) Metaspace: 6300K(6464K)->6299K(6464K) NonClass: 5767K(5824K)->5766K(5824K) Class: 533K(640K)->532K(640K)
[285.711s][info][gc             ] GC(368) Pause Full (Allocation Failure) 7828M->7828M(7951M) 3919.221ms
[285.711s][info][gc,cpu         ] GC(368) User=29.27s Sys=0.03s Real=3.92s
[285.712s][info][gc,start       ] GC(369) Pause Full (Ergonomics)
[285.712s][info][gc,phases,start] GC(369) Marking Phase
[287.536s][info][gc,phases      ] GC(369) Marking Phase 1824.191ms
[287.536s][info][gc,phases,start] GC(369) Summary Phase
[287.536s][info][gc,phases      ] GC(369) Summary Phase 0.086ms
[287.536s][info][gc,phases,start] GC(369) Adjust Roots
[287.536s][info][gc,phases      ] GC(369) Adjust Roots 0.183ms
[287.536s][info][gc,phases,start] GC(369) Compaction Phase
[288.089s][info][gc,phases      ] GC(369) Compaction Phase 552.693ms
[288.089s][info][gc,phases,start] GC(369) Post Compact
[288.101s][info][gc,phases      ] GC(369) Post Compact 11.732ms
[288.101s][info][gc,heap        ] GC(369) PSYoungGen: 97465K(222720K)->97465K(222720K) Eden: 76799K(76800K)->76799K(76800K) From: 20665K(145920K)->20665K(145920K)
[288.101s][info][gc,heap        ] GC(369) ParOldGen: 7919102K(7919104K)->7919102K(7919104K)
[288.101s][info][gc,metaspace   ] GC(369) Metaspace: 6299K(6464K)->6299K(6464K) NonClass: 5766K(5824K)->5766K(5824K) Class: 532K(640K)->532K(640K)
[288.101s][info][gc             ] GC(369) Pause Full (Ergonomics) 7828M->7828M(7951M) 2389.276ms
[288.101s][info][gc,cpu         ] GC(369) User=18.02s Sys=0.00s Real=2.39s
[288.102s][info][gc,start       ] GC(370) Pause Full (Ergonomics)
[288.102s][info][gc,phases,start] GC(370) Marking Phase
[289.946s][info][gc,phases      ] GC(370) Marking Phase 1844.153ms
[289.946s][info][gc,phases,start] GC(370) Summary Phase
[289.946s][info][gc,phases      ] GC(370) Summary Phase 0.078ms
[289.946s][info][gc,phases,start] GC(370) Adjust Roots
[289.946s][info][gc,phases      ] GC(370) Adjust Roots 0.162ms
[289.946s][info][gc,phases,start] GC(370) Compaction Phase
[290.496s][info][gc,phases      ] GC(370) Compaction Phase 550.043ms
[290.496s][info][gc,phases,start] GC(370) Post Compact
[290.508s][info][gc,phases      ] GC(370) Post Compact 12.043ms
[290.508s][info][gc,heap        ] GC(370) PSYoungGen: 97465K(222720K)->97465K(222720K) Eden: 76799K(76800K)->76799K(76800K) From: 20665K(145920K)->20665K(145920K)
[290.508s][info][gc,heap        ] GC(370) ParOldGen: 7919103K(7919104K)->7919103K(7919104K)
[290.508s][info][gc,metaspace   ] GC(370) Metaspace: 6299K(6464K)->6299K(6464K) NonClass: 5766K(5824K)->5766K(5824K) Class: 532K(640K)->532K(640K)
[290.508s][info][gc             ] GC(370) Pause Full (Ergonomics) 7828M->7828M(7951M) 2406.830ms
[290.508s][info][gc,cpu         ] GC(370) User=18.02s Sys=0.00s Real=2.41s
[290.508s][info][gc,start       ] GC(371) Pause Full (Allocation Failure)
[290.508s][info][gc,phases,start] GC(371) Marking Phase
[292.363s][info][gc,phases      ] GC(371) Marking Phase 1854.894ms
[292.363s][info][gc,phases,start] GC(371) Summary Phase
[292.364s][info][gc,phases      ] GC(371) Summary Phase 0.079ms
[292.364s][info][gc,phases,start] GC(371) Adjust Roots
[292.364s][info][gc,phases      ] GC(371) Adjust Roots 0.166ms
[292.364s][info][gc,phases,start] GC(371) Compaction Phase
[292.928s][info][gc,phases      ] GC(371) Compaction Phase 563.988ms
[292.928s][info][gc,phases,start] GC(371) Post Compact
[292.939s][info][gc,phases      ] GC(371) Post Compact 11.649ms
[292.939s][info][gc,heap        ] GC(371) PSYoungGen: 97465K(222720K)->97465K(222720K) Eden: 76799K(76800K)->76799K(76800K) From: 20665K(145920K)->20665K(145920K)
[292.939s][info][gc,heap        ] GC(371) ParOldGen: 7919103K(7919104K)->7919103K(7919104K)
[292.940s][info][gc,metaspace   ] GC(371) Metaspace: 6299K(6464K)->6299K(6464K) NonClass: 5766K(5824K)->5766K(5824K) Class: 532K(640K)->532K(640K)
[292.940s][info][gc             ] GC(371) Pause Full (Allocation Failure) 7828M->7828M(7951M) 2431.074ms
[292.940s][info][gc,cpu         ] GC(371) User=18.25s Sys=0.02s Real=2.43s
[292.940s][info][gc,start       ] GC(372) Pause Full (Ergonomics)
[292.940s][info][gc,phases,start] GC(372) Marking Phase
[294.752s][info][gc,phases      ] GC(372) Marking Phase 1811.993ms
[294.752s][info][gc,phases,start] GC(372) Summary Phase
[294.752s][info][gc,phases      ] GC(372) Summary Phase 0.079ms
[294.752s][info][gc,phases,start] GC(372) Adjust Roots
[294.752s][info][gc,phases      ] GC(372) Adjust Roots 0.238ms
[294.752s][info][gc,phases,start] GC(372) Compaction Phase
[296.791s][info][gc,phases      ] GC(372) Compaction Phase 2038.731ms
[296.791s][info][gc,phases,start] GC(372) Post Compact
[296.803s][info][gc,phases      ] GC(372) Post Compact 11.684ms
[296.803s][info][gc,heap        ] GC(372) PSYoungGen: 97465K(222720K)->97465K(222720K) Eden: 76800K(76800K)->76800K(76800K) From: 20665K(145920K)->20665K(145920K)
[296.803s][info][gc,heap        ] GC(372) ParOldGen: 7919103K(7919104K)->7919102K(7919104K)
[296.803s][info][gc,metaspace   ] GC(372) Metaspace: 6299K(6464K)->6299K(6464K) NonClass: 5766K(5824K)->5766K(5824K) Class: 532K(640K)->532K(640K)
[296.803s][info][gc             ] GC(372) Pause Full (Ergonomics) 7828M->7828M(7951M) 3863.026ms
[296.803s][info][gc,cpu         ] GC(372) User=28.91s Sys=0.09s Real=3.86s
[296.804s][info][gc,start       ] GC(373) Pause Full (Ergonomics)
[296.804s][info][gc,phases,start] GC(373) Marking Phase
[298.645s][info][gc,phases      ] GC(373) Marking Phase 1840.929ms
[298.645s][info][gc,phases,start] GC(373) Summary Phase
[298.645s][info][gc,phases      ] GC(373) Summary Phase 0.105ms
[298.645s][info][gc,phases,start] GC(373) Adjust Roots
[298.646s][info][gc,phases      ] GC(373) Adjust Roots 0.329ms
[298.646s][info][gc,phases,start] GC(373) Compaction Phase
[300.693s][info][gc,phases      ] GC(373) Compaction Phase 2047.610ms
[300.693s][info][gc,phases,start] GC(373) Post Compact
[300.705s][info][gc,phases      ] GC(373) Post Compact 11.817ms
[300.705s][info][gc,heap        ] GC(373) PSYoungGen: 97465K(222720K)->97465K(222720K) Eden: 76800K(76800K)->76800K(76800K) From: 20665K(145920K)->20665K(145920K)
[300.705s][info][gc,heap        ] GC(373) ParOldGen: 7919103K(7919104K)->7919101K(7919104K)
[300.705s][info][gc,metaspace   ] GC(373) Metaspace: 6300K(6464K)->6300K(6464K) NonClass: 5766K(5824K)->5766K(5824K) Class: 533K(640K)->533K(640K)
[300.705s][info][gc             ] GC(373) Pause Full (Ergonomics) 7828M->7828M(7951M) 3901.150ms
[300.705s][info][gc,cpu         ] GC(373) User=29.11s Sys=0.00s Real=3.90s
[300.706s][info][gc,start       ] GC(374) Pause Full (Ergonomics)
[300.706s][info][gc,phases,start] GC(374) Marking Phase
[302.525s][info][gc,phases      ] GC(374) Marking Phase 1819.217ms
[302.525s][info][gc,phases,start] GC(374) Summary Phase
[302.525s][info][gc,phases      ] GC(374) Summary Phase 0.091ms
[302.525s][info][gc,phases,start] GC(374) Adjust Roots
[302.525s][info][gc,phases      ] GC(374) Adjust Roots 0.326ms
[302.526s][info][gc,phases,start] GC(374) Compaction Phase
[304.566s][info][gc,phases      ] GC(374) Compaction Phase 2040.813ms
[304.566s][info][gc,phases,start] GC(374) Post Compact
[304.578s][info][gc,phases      ] GC(374) Post Compact 11.919ms
[304.578s][info][gc,heap        ] GC(374) PSYoungGen: 97465K(222720K)->97465K(222720K) Eden: 76800K(76800K)->76800K(76800K) From: 20665K(145920K)->20665K(145920K)
[304.578s][info][gc,heap        ] GC(374) ParOldGen: 7919101K(7919104K)->7919101K(7919104K)
[304.578s][info][gc,metaspace   ] GC(374) Metaspace: 6302K(6528K)->6302K(6528K) NonClass: 5768K(5888K)->5768K(5888K) Class: 534K(640K)->534K(640K)
[304.578s][info][gc             ] GC(374) Pause Full (Ergonomics) 7828M->7828M(7951M) 3872.724ms
[304.578s][info][gc,cpu         ] GC(374) User=28.53s Sys=0.03s Real=3.87s
[304.579s][info][gc,heap,exit   ] Heap
[304.579s][info][gc,heap,exit   ]  PSYoungGen      total 222720K, used 97465K [0x000000070e580000, 0x000000074e980000, 0x0000000800000000)
[304.579s][info][gc,heap,exit   ]   eden space 76800K, 100% used [0x000000070e580000,0x0000000713080000,0x0000000713080000)
[304.579s][info][gc,heap,exit   ]   from space 145920K, 14% used [0x0000000713080000,0x00000007144ae770,0x000000071bf00000)
[304.579s][info][gc,heap,exit   ]   to   space 483328K, 0% used [0x0000000731180000,0x0000000731180000,0x000000074e980000)
[304.579s][info][gc,heap,exit   ]  ParOldGen       total 7919104K, used 7919101K [0x000000052b000000, 0x000000070e580000, 0x000000070e580000)
[304.579s][info][gc,heap,exit   ]   object space 7919104K, 99% used [0x000000052b000000,0x000000070e57f5f0,0x000000070e580000)
[304.579s][info][gc,heap,exit   ]  Metaspace       used 6303K, committed 6528K, reserved 1114112K
[304.579s][info][gc,heap,exit   ]   class space    used 534K, committed 640K, reserved 1048576K
