[0.013s][info][gc,init] CardTable entry size: 512
[0.013s][info][gc     ] Using Parallel
[0.014s][info][gc,init] Version: 18.0.1+10 (release)
[0.015s][info][gc,init] CPUs: 8 total, 8 available
[0.015s][info][gc,init] Memory: 16063M
[0.015s][info][gc,init] Large Page Support: Disabled
[0.015s][info][gc,init] NUMA Support: Disabled
[0.015s][info][gc,init] Compressed Oops: Enabled (Zero based)
[0.015s][info][gc,init] Alignments: Space 512K, Generation 512K, Heap 2M
[0.015s][info][gc,init] Heap Min Capacity: 2M
[0.015s][info][gc,init] Heap Initial Capacity: 2M
[0.015s][info][gc,init] Heap Max Capacity: 16500M
[0.016s][info][gc,init] Pre-touch: Disabled
[0.016s][info][gc,init] Parallel Workers: 8
[0.016s][info][gc,metaspace] CDS archive(s) not mapped
[0.016s][info][gc,metaspace] Compressed class space mapped at: 0x0000000800000000-0x0000000840000000, reserved size: 1073741824
[0.016s][info][gc,metaspace] Narrow klass base: 0x0000000800000000, Narrow klass shift: 0, Narrow klass range: 0x40000000
[0.108s][info][gc,start    ] GC(0) Pause Young (Allocation Failure)
[0.109s][info][gc,heap     ] GC(0) PSYoungGen: 512K(1024K)->480K(1024K) Eden: 512K(512K)->0K(512K) From: 0K(512K)->480K(512K)
[0.110s][info][gc,heap     ] GC(0) ParOldGen: 0K(512K)->8K(512K)
[0.110s][info][gc,metaspace] GC(0) Metaspace: 4229K(4352K)->4229K(4352K) NonClass: 3908K(3968K)->3908K(3968K) Class: 321K(384K)->321K(384K)
[0.110s][info][gc          ] GC(0) Pause Young (Allocation Failure) 0M->0M(1M) 1.321ms
[0.110s][info][gc,cpu      ] GC(0) User=0.00s Sys=0.00s Real=0.00s
[0.169s][info][gc,start    ] GC(1) Pause Young (Allocation Failure)
[0.169s][info][gc,heap     ] GC(1) PSYoungGen: 991K(1024K)->512K(1536K) Eden: 511K(512K)->0K(1024K) From: 480K(512K)->512K(512K)
[0.169s][info][gc,heap     ] GC(1) ParOldGen: 8K(512K)->80K(512K)
[0.170s][info][gc,metaspace] GC(1) Metaspace: 5880K(6016K)->5880K(6016K) NonClass: 5383K(5504K)->5383K(5504K) Class: 496K(512K)->496K(512K)
[0.170s][info][gc          ] GC(1) Pause Young (Allocation Failure) 0M->0M(2M) 0.941ms
[0.170s][info][gc,cpu      ] GC(1) User=0.00s Sys=0.00s Real=0.00s
[0.190s][info][gc,start    ] GC(2) Pause Young (Allocation Failure)
[0.191s][info][gc,heap     ] GC(2) PSYoungGen: 1536K(1536K)->512K(1536K) Eden: 1024K(1024K)->0K(1024K) From: 512K(512K)->512K(512K)
[0.191s][info][gc,heap     ] GC(2) ParOldGen: 80K(512K)->504K(512K)
[0.191s][info][gc,metaspace] GC(2) Metaspace: 6299K(6464K)->6299K(6464K) NonClass: 5766K(5824K)->5766K(5824K) Class: 533K(640K)->533K(640K)
[0.191s][info][gc          ] GC(2) Pause Young (Allocation Failure) 1M->0M(2M) 1.143ms
[0.192s][info][gc,cpu      ] GC(2) User=0.00s Sys=0.00s Real=0.00s
[0.192s][info][gc,start    ] GC(3) Pause Full (Ergonomics)
[0.192s][info][gc,phases,start] GC(3) Marking Phase
[0.192s][info][gc,phases      ] GC(3) Marking Phase 0.904ms
[0.193s][info][gc,phases,start] GC(3) Summary Phase
[0.193s][info][gc,phases      ] GC(3) Summary Phase 0.013ms
[0.193s][info][gc,phases,start] GC(3) Adjust Roots
[0.193s][info][gc,phases      ] GC(3) Adjust Roots 0.334ms
[0.193s][info][gc,phases,start] GC(3) Compaction Phase
[0.195s][info][gc,phases      ] GC(3) Compaction Phase 2.135ms
[0.195s][info][gc,phases,start] GC(3) Post Compact
[0.195s][info][gc,phases      ] GC(3) Post Compact 0.076ms
[0.195s][info][gc,heap        ] GC(3) PSYoungGen: 512K(1536K)->507K(1536K) Eden: 0K(1024K)->0K(1024K) From: 512K(512K)->507K(512K)
[0.195s][info][gc,heap        ] GC(3) ParOldGen: 504K(512K)->473K(2048K)
[0.195s][info][gc,metaspace   ] GC(3) Metaspace: 6299K(6464K)->6299K(6464K) NonClass: 5766K(5824K)->5766K(5824K) Class: 533K(640K)->533K(640K)
[0.195s][info][gc             ] GC(3) Pause Full (Ergonomics) 0M->0M(3M) 3.727ms
[0.195s][info][gc,cpu         ] GC(3) User=0.00s Sys=0.00s Real=0.00s
[0.197s][info][gc,start       ] GC(4) Pause Young (Allocation Failure)
[0.198s][info][gc,heap        ] GC(4) PSYoungGen: 1531K(1536K)->480K(2560K) Eden: 1024K(1024K)->0K(2048K) From: 507K(512K)->480K(512K)
[0.198s][info][gc,heap        ] GC(4) ParOldGen: 473K(2048K)->1034K(2048K)
[0.198s][info][gc,metaspace   ] GC(4) Metaspace: 6299K(6464K)->6299K(6464K) NonClass: 5766K(5824K)->5766K(5824K) Class: 533K(640K)->533K(640K)
[0.198s][info][gc             ] GC(4) Pause Young (Allocation Failure) 1M->1M(4M) 1.442ms
[0.198s][info][gc,cpu         ] GC(4) User=0.00s Sys=0.00s Real=0.00s
[0.201s][info][gc,start       ] GC(5) Pause Young (Allocation Failure)
[0.203s][info][gc,heap        ] GC(5) PSYoungGen: 2528K(2560K)->480K(2560K) Eden: 2048K(2048K)->0K(2048K) From: 480K(512K)->480K(512K)
[0.203s][info][gc,heap        ] GC(5) ParOldGen: 1034K(2048K)->2106K(2560K)
[0.203s][info][gc,metaspace   ] GC(5) Metaspace: 6299K(6464K)->6299K(6464K) NonClass: 5766K(5824K)->5766K(5824K) Class: 533K(640K)->533K(640K)
[0.203s][info][gc             ] GC(5) Pause Young (Allocation Failure) 3M->2M(5M) 1.814ms
[0.203s][info][gc,cpu         ] GC(5) User=0.00s Sys=0.00s Real=0.00s
[0.203s][info][gc,start       ] GC(6) Pause Full (Ergonomics)
[0.203s][info][gc,phases,start] GC(6) Marking Phase
[0.204s][info][gc,phases      ] GC(6) Marking Phase 1.424ms
[0.204s][info][gc,phases,start] GC(6) Summary Phase
[0.204s][info][gc,phases      ] GC(6) Summary Phase 0.016ms
[0.204s][info][gc,phases,start] GC(6) Adjust Roots
[0.205s][info][gc,phases      ] GC(6) Adjust Roots 0.307ms
[0.205s][info][gc,phases,start] GC(6) Compaction Phase
[0.207s][info][gc,phases      ] GC(6) Compaction Phase 2.116ms
[0.207s][info][gc,phases,start] GC(6) Post Compact
[0.207s][info][gc,phases      ] GC(6) Post Compact 0.031ms
[0.207s][info][gc,heap        ] GC(6) PSYoungGen: 480K(2560K)->0K(4096K) Eden: 0K(2048K)->0K(3072K) From: 480K(512K)->0K(1024K)
[0.207s][info][gc,heap        ] GC(6) ParOldGen: 2106K(2560K)->2542K(6144K)
[0.207s][info][gc,metaspace   ] GC(6) Metaspace: 6299K(6464K)->6299K(6464K) NonClass: 5766K(5824K)->5766K(5824K) Class: 533K(640K)->533K(640K)
[0.207s][info][gc             ] GC(6) Pause Full (Ergonomics) 2M->2M(10M) 4.237ms
[0.207s][info][gc,cpu         ] GC(6) User=0.00s Sys=0.00s Real=0.00s
[0.211s][info][gc,start       ] GC(7) Pause Young (Allocation Failure)
[0.213s][info][gc,heap        ] GC(7) PSYoungGen: 3072K(4096K)->1664K(5120K) Eden: 3072K(3072K)->0K(3072K) From: 0K(1024K)->1664K(2048K)
[0.213s][info][gc,heap        ] GC(7) ParOldGen: 2542K(6144K)->2542K(6144K)
[0.213s][info][gc,metaspace   ] GC(7) Metaspace: 6299K(6464K)->6299K(6464K) NonClass: 5766K(5824K)->5766K(5824K) Class: 533K(640K)->533K(640K)
[0.213s][info][gc             ] GC(7) Pause Young (Allocation Failure) 5M->4M(11M) 2.123ms
[0.214s][info][gc,cpu         ] GC(7) User=0.00s Sys=0.00s Real=0.00s
[0.217s][info][gc,start       ] GC(8) Pause Young (Allocation Failure)
[0.220s][info][gc,heap        ] GC(8) PSYoungGen: 4736K(5120K)->2016K(5632K) Eden: 3072K(3072K)->0K(3584K) From: 1664K(2048K)->2016K(2048K)
[0.220s][info][gc,heap        ] GC(8) ParOldGen: 2542K(6144K)->3774K(6144K)
[0.220s][info][gc,metaspace   ] GC(8) Metaspace: 6299K(6464K)->6299K(6464K) NonClass: 5766K(5824K)->5766K(5824K) Class: 533K(640K)->533K(640K)
[0.220s][info][gc             ] GC(8) Pause Young (Allocation Failure) 7M->5M(11M) 2.807ms
[0.220s][info][gc,cpu         ] GC(8) User=0.00s Sys=0.02s Real=0.00s
[0.226s][info][gc,start       ] GC(9) Pause Young (Allocation Failure)
[0.230s][info][gc,heap        ] GC(9) PSYoungGen: 5600K(5632K)->3040K(6656K) Eden: 3584K(3584K)->0K(3584K) From: 2016K(2048K)->3040K(3072K)
[0.230s][info][gc,heap        ] GC(9) ParOldGen: 3774K(6144K)->4614K(6144K)
[0.230s][info][gc,metaspace   ] GC(9) Metaspace: 6299K(6464K)->6299K(6464K) NonClass: 5766K(5824K)->5766K(5824K) Class: 533K(640K)->533K(640K)
[0.230s][info][gc             ] GC(9) Pause Young (Allocation Failure) 9M->7M(12M) 3.794ms
[0.230s][info][gc,cpu         ] GC(9) User=0.00s Sys=0.00s Real=0.00s
[0.235s][info][gc,start       ] GC(10) Pause Young (Allocation Failure)
[0.238s][info][gc,heap        ] GC(10) PSYoungGen: 6624K(6656K)->4064K(9216K) Eden: 3584K(3584K)->0K(5120K) From: 3040K(3072K)->4064K(4096K)
[0.239s][info][gc,heap        ] GC(10) ParOldGen: 4614K(6144K)->5462K(6144K)
[0.239s][info][gc,metaspace   ] GC(10) Metaspace: 6299K(6464K)->6299K(6464K) NonClass: 5766K(5824K)->5766K(5824K) Class: 533K(640K)->533K(640K)
[0.239s][info][gc             ] GC(10) Pause Young (Allocation Failure) 10M->9M(15M) 3.979ms
[0.239s][info][gc,cpu         ] GC(10) User=0.00s Sys=0.00s Real=0.00s
[0.239s][info][gc,start       ] GC(11) Pause Full (Ergonomics)
[0.239s][info][gc,phases,start] GC(11) Marking Phase
[0.244s][info][gc,phases      ] GC(11) Marking Phase 4.839ms
[0.244s][info][gc,phases,start] GC(11) Summary Phase
[0.244s][info][gc,phases      ] GC(11) Summary Phase 0.017ms
[0.244s][info][gc,phases,start] GC(11) Adjust Roots
[0.244s][info][gc,phases      ] GC(11) Adjust Roots 0.366ms
[0.244s][info][gc,phases,start] GC(11) Compaction Phase
[0.250s][info][gc,phases      ] GC(11) Compaction Phase 5.796ms
[0.250s][info][gc,phases,start] GC(11) Post Compact
[0.250s][info][gc,phases      ] GC(11) Post Compact 0.056ms
[0.250s][info][gc,heap        ] GC(11) PSYoungGen: 4064K(9216K)->3545K(9216K) Eden: 0K(5120K)->0K(5120K) From: 4064K(4096K)->3545K(4096K)
[0.250s][info][gc,heap        ] GC(11) ParOldGen: 5462K(6144K)->5831K(10752K)
[0.250s][info][gc,metaspace   ] GC(11) Metaspace: 6299K(6464K)->6299K(6464K) NonClass: 5766K(5824K)->5766K(5824K) Class: 533K(640K)->533K(640K)
[0.250s][info][gc             ] GC(11) Pause Full (Ergonomics) 9M->9M(19M) 11.415ms
[0.250s][info][gc,cpu         ] GC(11) User=0.00s Sys=0.00s Real=0.01s
[0.257s][info][gc,start       ] GC(12) Pause Young (Allocation Failure)
[0.261s][info][gc,heap        ] GC(12) PSYoungGen: 8665K(9216K)->5088K(10240K) Eden: 5120K(5120K)->0K(5120K) From: 3545K(4096K)->5088K(5120K)
[0.261s][info][gc,heap        ] GC(12) ParOldGen: 5831K(10752K)->6951K(10752K)
[0.261s][info][gc,metaspace   ] GC(12) Metaspace: 6299K(6464K)->6299K(6464K) NonClass: 5766K(5824K)->5766K(5824K) Class: 533K(640K)->533K(640K)
[0.261s][info][gc             ] GC(12) Pause Young (Allocation Failure) 14M->11M(20M) 4.819ms
[0.261s][info][gc,cpu         ] GC(12) User=0.00s Sys=0.00s Real=0.00s
[0.266s][info][gc,start       ] GC(13) Pause Young (Allocation Failure)
[0.272s][info][gc,heap        ] GC(13) PSYoungGen: 10208K(10240K)->6464K(12800K) Eden: 5120K(5120K)->0K(6144K) From: 5088K(5120K)->6464K(6656K)
[0.272s][info][gc,heap        ] GC(13) ParOldGen: 6951K(10752K)->8239K(10752K)
[0.272s][info][gc,metaspace   ] GC(13) Metaspace: 6301K(6464K)->6301K(6464K) NonClass: 5768K(5824K)->5768K(5824K) Class: 533K(640K)->533K(640K)
[0.272s][info][gc             ] GC(13) Pause Young (Allocation Failure) 16M->14M(23M) 6.275ms
[0.272s][info][gc,cpu         ] GC(13) User=0.00s Sys=0.00s Real=0.01s
[0.277s][info][gc,start       ] GC(14) Pause Young (Allocation Failure)
[0.282s][info][gc,heap        ] GC(14) PSYoungGen: 12608K(12800K)->5792K(13824K) Eden: 6144K(6144K)->0K(6144K) From: 6464K(6656K)->5792K(7680K)
[0.282s][info][gc,heap        ] GC(14) ParOldGen: 8239K(10752K)->12119K(12288K)
[0.282s][info][gc,metaspace   ] GC(14) Metaspace: 6301K(6464K)->6301K(6464K) NonClass: 5768K(5824K)->5768K(5824K) Class: 533K(640K)->533K(640K)
[0.282s][info][gc             ] GC(14) Pause Young (Allocation Failure) 20M->17M(25M) 5.558ms
[0.282s][info][gc,cpu         ] GC(14) User=0.00s Sys=0.00s Real=0.00s
[0.282s][info][gc,start       ] GC(15) Pause Full (Ergonomics)
[0.282s][info][gc,phases,start] GC(15) Marking Phase
[0.290s][info][gc,phases      ] GC(15) Marking Phase 7.625ms
[0.290s][info][gc,phases,start] GC(15) Summary Phase
[0.290s][info][gc,phases      ] GC(15) Summary Phase 0.018ms
[0.290s][info][gc,phases,start] GC(15) Adjust Roots
[0.290s][info][gc,phases      ] GC(15) Adjust Roots 0.245ms
[0.290s][info][gc,phases,start] GC(15) Compaction Phase
[0.298s][info][gc,phases      ] GC(15) Compaction Phase 7.466ms
[0.298s][info][gc,phases,start] GC(15) Post Compact
[0.298s][info][gc,phases      ] GC(15) Post Compact 0.093ms
[0.298s][info][gc,heap        ] GC(15) PSYoungGen: 5792K(13824K)->5758K(13824K) Eden: 0K(6144K)->0K(6144K) From: 5792K(7680K)->5758K(7680K)
[0.298s][info][gc,heap        ] GC(15) ParOldGen: 12119K(12288K)->12006K(18944K)
[0.298s][info][gc,metaspace   ] GC(15) Metaspace: 6301K(6464K)->6301K(6464K) NonClass: 5768K(5824K)->5768K(5824K) Class: 533K(640K)->533K(640K)
[0.298s][info][gc             ] GC(15) Pause Full (Ergonomics) 17M->17M(32M) 15.862ms
[0.298s][info][gc,cpu         ] GC(15) User=0.00s Sys=0.00s Real=0.02s
[0.302s][info][gc,start       ] GC(16) Pause Young (Allocation Failure)
[0.310s][info][gc,heap        ] GC(16) PSYoungGen: 11902K(13824K)->3200K(15872K) Eden: 6144K(6144K)->0K(8704K) From: 5758K(7680K)->3200K(7168K)
[0.310s][info][gc,heap        ] GC(16) ParOldGen: 12006K(18944K)->17870K(18944K)
[0.310s][info][gc,metaspace   ] GC(16) Metaspace: 6301K(6464K)->6301K(6464K) NonClass: 5768K(5824K)->5768K(5824K) Class: 533K(640K)->533K(640K)
[0.310s][info][gc             ] GC(16) Pause Young (Allocation Failure) 23M->20M(34M) 7.334ms
[0.310s][info][gc,cpu         ] GC(16) User=0.00s Sys=0.00s Real=0.01s
[0.310s][info][gc,start       ] GC(17) Pause Full (Ergonomics)
[0.310s][info][gc,phases,start] GC(17) Marking Phase
[0.319s][info][gc,phases      ] GC(17) Marking Phase 9.482ms
[0.319s][info][gc,phases,start] GC(17) Summary Phase
[0.319s][info][gc,phases      ] GC(17) Summary Phase 0.018ms
[0.319s][info][gc,phases,start] GC(17) Adjust Roots
[0.320s][info][gc,phases      ] GC(17) Adjust Roots 0.221ms
[0.320s][info][gc,phases,start] GC(17) Compaction Phase
[0.326s][info][gc,phases      ] GC(17) Compaction Phase 6.024ms
[0.326s][info][gc,phases,start] GC(17) Post Compact
[0.326s][info][gc,phases      ] GC(17) Post Compact 0.130ms
[0.326s][info][gc,heap        ] GC(17) PSYoungGen: 3200K(15872K)->2146K(16384K) Eden: 0K(8704K)->0K(9216K) From: 3200K(7168K)->2146K(7168K)
[0.326s][info][gc,heap        ] GC(17) ParOldGen: 17870K(18944K)->18786K(28672K)
[0.326s][info][gc,metaspace   ] GC(17) Metaspace: 6301K(6464K)->6301K(6464K) NonClass: 5768K(5824K)->5768K(5824K) Class: 533K(640K)->533K(640K)
[0.326s][info][gc             ] GC(17) Pause Full (Ergonomics) 20M->20M(44M) 16.192ms
[0.326s][info][gc,cpu         ] GC(17) User=0.02s Sys=0.00s Real=0.02s
[0.337s][info][gc,start       ] GC(18) Pause Young (Allocation Failure)
[0.344s][info][gc,heap        ] GC(18) PSYoungGen: 11362K(16384K)->5312K(16896K) Eden: 9216K(9216K)->0K(9216K) From: 2146K(7168K)->5312K(7680K)
[0.344s][info][gc,heap        ] GC(18) ParOldGen: 18786K(28672K)->20978K(28672K)
[0.344s][info][gc,metaspace   ] GC(18) Metaspace: 6301K(6464K)->6301K(6464K) NonClass: 5768K(5824K)->5768K(5824K) Class: 533K(640K)->533K(640K)
[0.344s][info][gc             ] GC(18) Pause Young (Allocation Failure) 29M->25M(44M) 7.079ms
[0.344s][info][gc,cpu         ] GC(18) User=0.00s Sys=0.00s Real=0.01s
[0.350s][info][gc,start       ] GC(19) Pause Young (Allocation Failure)
[0.358s][info][gc,heap        ] GC(19) PSYoungGen: 14528K(16896K)->4800K(20480K) Eden: 9216K(9216K)->0K(12288K) From: 5312K(7680K)->4800K(8192K)
[0.358s][info][gc,heap        ] GC(19) ParOldGen: 20978K(28672K)->26306K(28672K)
[0.358s][info][gc,metaspace   ] GC(19) Metaspace: 6301K(6464K)->6301K(6464K) NonClass: 5768K(5824K)->5768K(5824K) Class: 533K(640K)->533K(640K)
[0.358s][info][gc             ] GC(19) Pause Young (Allocation Failure) 34M->30M(48M) 8.284ms
[0.358s][info][gc,cpu         ] GC(19) User=0.00s Sys=0.00s Real=0.01s
[0.358s][info][gc,start       ] GC(20) Pause Full (Ergonomics)
[0.358s][info][gc,phases,start] GC(20) Marking Phase
[0.372s][info][gc,phases      ] GC(20) Marking Phase 13.075ms
[0.372s][info][gc,phases,start] GC(20) Summary Phase
[0.372s][info][gc,phases      ] GC(20) Summary Phase 0.017ms
[0.372s][info][gc,phases,start] GC(20) Adjust Roots
[0.372s][info][gc,phases      ] GC(20) Adjust Roots 0.180ms
[0.372s][info][gc,phases,start] GC(20) Compaction Phase
[0.384s][info][gc,phases      ] GC(20) Compaction Phase 12.465ms
[0.384s][info][gc,phases,start] GC(20) Post Compact
[0.384s][info][gc,phases      ] GC(20) Post Compact 0.121ms
[0.385s][info][gc,heap        ] GC(20) PSYoungGen: 4800K(20480K)->2206K(20480K) Eden: 0K(12288K)->0K(12288K) From: 4800K(8192K)->2206K(8192K)
[0.385s][info][gc,heap        ] GC(20) ParOldGen: 26306K(28672K)->28232K(39936K)
[0.385s][info][gc,metaspace   ] GC(20) Metaspace: 6301K(6464K)->6301K(6464K) NonClass: 5768K(5824K)->5768K(5824K) Class: 533K(640K)->533K(640K)
[0.385s][info][gc             ] GC(20) Pause Full (Ergonomics) 30M->29M(59M) 26.254ms
[0.385s][info][gc,cpu         ] GC(20) User=0.03s Sys=0.00s Real=0.03s
[0.392s][info][gc,start       ] GC(21) Pause Young (Allocation Failure)
[0.402s][info][gc,heap        ] GC(21) PSYoungGen: 14494K(20480K)->6496K(20480K) Eden: 12288K(12288K)->0K(12288K) From: 2206K(8192K)->6496K(8192K)
[0.402s][info][gc,heap        ] GC(21) ParOldGen: 28232K(39936K)->30480K(39936K)
[0.403s][info][gc,metaspace   ] GC(21) Metaspace: 6301K(6464K)->6301K(6464K) NonClass: 5768K(5824K)->5768K(5824K) Class: 533K(640K)->533K(640K)
[0.403s][info][gc             ] GC(21) Pause Young (Allocation Failure) 41M->36M(59M) 10.643ms
[0.403s][info][gc,cpu         ] GC(21) User=0.00s Sys=0.00s Real=0.01s
[0.419s][info][gc,start       ] GC(22) Pause Young (Allocation Failure)
[0.434s][info][gc,heap        ] GC(22) PSYoungGen: 18784K(20480K)->8672K(19968K) Eden: 12288K(12288K)->0K(11264K) From: 6496K(8192K)->8672K(8704K)
[0.434s][info][gc,heap        ] GC(22) ParOldGen: 30480K(39936K)->40712K(40960K)
[0.434s][info][gc,metaspace   ] GC(22) Metaspace: 6301K(6464K)->6301K(6464K) NonClass: 5768K(5824K)->5768K(5824K) Class: 533K(640K)->533K(640K)
[0.434s][info][gc             ] GC(22) Pause Young (Allocation Failure) 48M->48M(59M) 14.833ms
[0.434s][info][gc,cpu         ] GC(22) User=0.00s Sys=0.00s Real=0.02s
[0.434s][info][gc,start       ] GC(23) Pause Full (Ergonomics)
[0.434s][info][gc,phases,start] GC(23) Marking Phase
[0.453s][info][gc,phases      ] GC(23) Marking Phase 19.108ms
[0.453s][info][gc,phases,start] GC(23) Summary Phase
[0.453s][info][gc,phases      ] GC(23) Summary Phase 0.019ms
[0.453s][info][gc,phases,start] GC(23) Adjust Roots
[0.454s][info][gc,phases      ] GC(23) Adjust Roots 0.171ms
[0.454s][info][gc,phases,start] GC(23) Compaction Phase
[0.469s][info][gc,phases      ] GC(23) Compaction Phase 15.411ms
[0.469s][info][gc,phases,start] GC(23) Post Compact
[0.469s][info][gc,phases      ] GC(23) Post Compact 0.179ms
[0.469s][info][gc,heap        ] GC(23) PSYoungGen: 8672K(19968K)->8659K(19968K) Eden: 0K(11264K)->0K(11264K) From: 8672K(8704K)->8659K(8704K)
[0.469s][info][gc,heap        ] GC(23) ParOldGen: 40712K(40960K)->39481K(54784K)
[0.469s][info][gc,metaspace   ] GC(23) Metaspace: 6301K(6464K)->6301K(6464K) NonClass: 5768K(5824K)->5768K(5824K) Class: 533K(640K)->533K(640K)
[0.469s][info][gc             ] GC(23) Pause Full (Ergonomics) 48M->47M(73M) 35.236ms
[0.470s][info][gc,cpu         ] GC(23) User=0.05s Sys=0.00s Real=0.03s
[0.480s][info][gc,start       ] GC(24) Pause Young (Allocation Failure)
[0.494s][info][gc,heap        ] GC(24) PSYoungGen: 19923K(19968K)->11296K(25088K) Eden: 11264K(11264K)->0K(11264K) From: 8659K(8704K)->11296K(13824K)
[0.494s][info][gc,heap        ] GC(24) ParOldGen: 39481K(54784K)->48249K(54784K)
[0.495s][info][gc,metaspace   ] GC(24) Metaspace: 6301K(6464K)->6301K(6464K) NonClass: 5768K(5824K)->5768K(5824K) Class: 533K(640K)->533K(640K)
[0.495s][info][gc             ] GC(24) Pause Young (Allocation Failure) 58M->58M(78M) 14.386ms
[0.495s][info][gc,cpu         ] GC(24) User=0.00s Sys=0.00s Real=0.01s
[0.495s][info][gc,start       ] GC(25) Pause Full (Ergonomics)
[0.495s][info][gc,phases,start] GC(25) Marking Phase
[0.517s][info][gc,phases      ] GC(25) Marking Phase 22.112ms
[0.517s][info][gc,phases,start] GC(25) Summary Phase
[0.517s][info][gc,phases      ] GC(25) Summary Phase 0.027ms
[0.517s][info][gc,phases,start] GC(25) Adjust Roots
[0.517s][info][gc,phases      ] GC(25) Adjust Roots 0.158ms
[0.517s][info][gc,phases,start] GC(25) Compaction Phase
[0.535s][info][gc,phases      ] GC(25) Compaction Phase 18.000ms
[0.535s][info][gc,phases,start] GC(25) Post Compact
[0.535s][info][gc,phases      ] GC(25) Post Compact 0.216ms
[0.535s][info][gc,heap        ] GC(25) PSYoungGen: 11296K(25088K)->4591K(25088K) Eden: 0K(11264K)->0K(11264K) From: 11296K(13824K)->4591K(13824K)
[0.535s][info][gc,heap        ] GC(25) ParOldGen: 48249K(54784K)->54783K(73216K)
[0.535s][info][gc,metaspace   ] GC(25) Metaspace: 6301K(6464K)->6301K(6464K) NonClass: 5768K(5824K)->5768K(5824K) Class: 533K(640K)->533K(640K)
[0.536s][info][gc             ] GC(25) Pause Full (Ergonomics) 58M->57M(96M) 40.902ms
[0.536s][info][gc,cpu         ] GC(25) User=0.03s Sys=0.00s Real=0.04s
[0.547s][info][gc,start       ] GC(26) Pause Young (Allocation Failure)
[0.563s][info][gc,heap        ] GC(26) PSYoungGen: 15855K(25088K)->11264K(27648K) Eden: 11264K(11264K)->0K(12288K) From: 4591K(13824K)->11264K(15360K)
[0.563s][info][gc,heap        ] GC(26) ParOldGen: 54783K(73216K)->59455K(73216K)
[0.563s][info][gc,metaspace   ] GC(26) Metaspace: 6301K(6464K)->6301K(6464K) NonClass: 5768K(5824K)->5768K(5824K) Class: 533K(640K)->533K(640K)
[0.563s][info][gc             ] GC(26) Pause Young (Allocation Failure) 68M->69M(98M) 16.039ms
[0.563s][info][gc,cpu         ] GC(26) User=0.00s Sys=0.00s Real=0.02s
[0.576s][info][gc,start       ] GC(27) Pause Young (Allocation Failure)
[0.592s][info][gc,heap        ] GC(27) PSYoungGen: 23552K(27648K)->16384K(28672K) Eden: 12288K(12288K)->0K(12288K) From: 11264K(15360K)->16384K(16384K)
[0.592s][info][gc,heap        ] GC(27) ParOldGen: 59455K(73216K)->66711K(73216K)
[0.592s][info][gc,metaspace   ] GC(27) Metaspace: 6301K(6464K)->6301K(6464K) NonClass: 5768K(5824K)->5768K(5824K) Class: 533K(640K)->533K(640K)
[0.593s][info][gc             ] GC(27) Pause Young (Allocation Failure) 81M->81M(99M) 16.547ms
[0.593s][info][gc,cpu         ] GC(27) User=0.03s Sys=0.00s Real=0.02s
[0.593s][info][gc,start       ] GC(28) Pause Full (Ergonomics)
[0.593s][info][gc,phases,start] GC(28) Marking Phase
[0.625s][info][gc,phases      ] GC(28) Marking Phase 32.427ms
[0.625s][info][gc,phases,start] GC(28) Summary Phase
[0.625s][info][gc,phases      ] GC(28) Summary Phase 0.019ms
[0.625s][info][gc,phases,start] GC(28) Adjust Roots
[0.625s][info][gc,phases      ] GC(28) Adjust Roots 0.169ms
[0.625s][info][gc,phases,start] GC(28) Compaction Phase
[0.646s][info][gc,phases      ] GC(28) Compaction Phase 20.230ms
[0.646s][info][gc,phases,start] GC(28) Post Compact
[0.646s][info][gc,phases      ] GC(28) Post Compact 0.403ms
[0.646s][info][gc,heap        ] GC(28) PSYoungGen: 16384K(28672K)->9709K(28672K) Eden: 0K(12288K)->0K(12288K) From: 16384K(16384K)->9709K(16384K)
[0.646s][info][gc,heap        ] GC(28) ParOldGen: 66711K(73216K)->73154K(94208K)
[0.646s][info][gc,metaspace   ] GC(28) Metaspace: 6301K(6464K)->6301K(6464K) NonClass: 5768K(5824K)->5768K(5824K) Class: 533K(640K)->533K(640K)
[0.646s][info][gc             ] GC(28) Pause Full (Ergonomics) 81M->80M(120M) 53.663ms
[0.646s][info][gc,cpu         ] GC(28) User=0.09s Sys=0.00s Real=0.05s
[0.668s][info][gc,start       ] GC(29) Pause Young (Allocation Failure)
[0.688s][info][gc,heap        ] GC(29) PSYoungGen: 21997K(28672K)->12288K(36864K) Eden: 12288K(12288K)->0K(14848K) From: 9709K(16384K)->12288K(22016K)
[0.688s][info][gc,heap        ] GC(29) ParOldGen: 73154K(94208K)->83026K(94208K)
[0.688s][info][gc,metaspace   ] GC(29) Metaspace: 6301K(6464K)->6301K(6464K) NonClass: 5768K(5824K)->5768K(5824K) Class: 533K(640K)->533K(640K)
[0.688s][info][gc             ] GC(29) Pause Young (Allocation Failure) 92M->93M(128M) 20.396ms
[0.688s][info][gc,cpu         ] GC(29) User=0.03s Sys=0.00s Real=0.02s
[0.688s][info][gc,start       ] GC(30) Pause Full (Ergonomics)
[0.688s][info][gc,phases,start] GC(30) Marking Phase
[0.714s][info][gc,phases      ] GC(30) Marking Phase 25.627ms
[0.714s][info][gc,phases,start] GC(30) Summary Phase
[0.714s][info][gc,phases      ] GC(30) Summary Phase 0.022ms
[0.714s][info][gc,phases,start] GC(30) Adjust Roots
[0.714s][info][gc,phases      ] GC(30) Adjust Roots 0.144ms
[0.714s][info][gc,phases,start] GC(30) Compaction Phase
[0.736s][info][gc,phases      ] GC(30) Compaction Phase 21.339ms
[0.736s][info][gc,phases,start] GC(30) Post Compact
[0.736s][info][gc,phases      ] GC(30) Post Compact 0.435ms
[0.736s][info][gc,heap        ] GC(30) PSYoungGen: 12288K(36864K)->0K(36864K) Eden: 0K(14848K)->0K(14848K) From: 12288K(22016K)->0K(22016K)
[0.736s][info][gc,heap        ] GC(30) ParOldGen: 83026K(94208K)->93081K(117248K)
[0.736s][info][gc,metaspace   ] GC(30) Metaspace: 6301K(6464K)->6301K(6464K) NonClass: 5768K(5824K)->5768K(5824K) Class: 533K(640K)->533K(640K)
[0.736s][info][gc             ] GC(30) Pause Full (Ergonomics) 93M->90M(150M) 47.966ms
[0.736s][info][gc,cpu         ] GC(30) User=0.05s Sys=0.02s Real=0.05s
[0.750s][info][gc,start       ] GC(31) Pause Young (Allocation Failure)
[0.758s][info][gc,heap        ] GC(31) PSYoungGen: 14848K(36864K)->14880K(38400K) Eden: 14848K(14848K)->0K(16384K) From: 0K(22016K)->14880K(22016K)
[0.758s][info][gc,heap        ] GC(31) ParOldGen: 93081K(117248K)->93081K(117248K)
[0.758s][info][gc,metaspace   ] GC(31) Metaspace: 6301K(6464K)->6301K(6464K) NonClass: 5768K(5824K)->5768K(5824K) Class: 533K(640K)->533K(640K)
[0.758s][info][gc             ] GC(31) Pause Young (Allocation Failure) 105M->105M(152M) 8.734ms
[0.758s][info][gc,cpu         ] GC(31) User=0.02s Sys=0.00s Real=0.01s
[0.773s][info][gc,start       ] GC(32) Pause Young (Allocation Failure)
[0.791s][info][gc,heap        ] GC(32) PSYoungGen: 31264K(38400K)->23040K(39424K) Eden: 16384K(16384K)->0K(16384K) From: 14880K(22016K)->23040K(23040K)
[0.791s][info][gc,heap        ] GC(32) ParOldGen: 93081K(117248K)->101393K(117248K)
[0.791s][info][gc,metaspace   ] GC(32) Metaspace: 6301K(6464K)->6301K(6464K) NonClass: 5768K(5824K)->5768K(5824K) Class: 533K(640K)->533K(640K)
[0.791s][info][gc             ] GC(32) Pause Young (Allocation Failure) 121M->121M(153M) 17.824ms
[0.791s][info][gc,cpu         ] GC(32) User=0.03s Sys=0.02s Real=0.02s
[0.808s][info][gc,start       ] GC(33) Pause Young (Allocation Failure)
[0.832s][info][gc,heap        ] GC(33) PSYoungGen: 39424K(39424K)->26944K(45056K) Eden: 16384K(16384K)->0K(15360K) From: 23040K(23040K)->26944K(29696K)
[0.832s][info][gc,heap        ] GC(33) ParOldGen: 101393K(117248K)->114137K(117248K)
[0.832s][info][gc,metaspace   ] GC(33) Metaspace: 6301K(6464K)->6301K(6464K) NonClass: 5768K(5824K)->5768K(5824K) Class: 533K(640K)->533K(640K)
[0.832s][info][gc             ] GC(33) Pause Young (Allocation Failure) 137M->137M(158M) 24.016ms
[0.832s][info][gc,cpu         ] GC(33) User=0.05s Sys=0.00s Real=0.02s
[0.832s][info][gc,start       ] GC(34) Pause Full (Ergonomics)
[0.832s][info][gc,phases,start] GC(34) Marking Phase
[0.876s][info][gc,phases      ] GC(34) Marking Phase 43.830ms
[0.876s][info][gc,phases,start] GC(34) Summary Phase
[0.876s][info][gc,phases      ] GC(34) Summary Phase 0.023ms
[0.876s][info][gc,phases,start] GC(34) Adjust Roots
[0.876s][info][gc,phases      ] GC(34) Adjust Roots 0.151ms
[0.876s][info][gc,phases,start] GC(34) Compaction Phase
[0.899s][info][gc,phases      ] GC(34) Compaction Phase 23.054ms
[0.899s][info][gc,phases,start] GC(34) Post Compact
[0.900s][info][gc,phases      ] GC(34) Post Compact 0.859ms
[0.900s][info][gc,heap        ] GC(34) PSYoungGen: 26944K(45056K)->23748K(45056K) Eden: 0K(15360K)->0K(15360K) From: 26944K(29696K)->23748K(29696K)
[0.900s][info][gc,heap        ] GC(34) ParOldGen: 114137K(117248K)->116854K(145408K)
[0.900s][info][gc,metaspace   ] GC(34) Metaspace: 6301K(6464K)->6301K(6464K) NonClass: 5768K(5824K)->5768K(5824K) Class: 533K(640K)->533K(640K)
[0.900s][info][gc             ] GC(34) Pause Full (Ergonomics) 137M->137M(186M) 68.462ms
[0.900s][info][gc,cpu         ] GC(34) User=0.19s Sys=0.00s Real=0.07s
[0.916s][info][gc,start       ] GC(35) Pause Young (Allocation Failure)
[0.939s][info][gc,heap        ] GC(35) PSYoungGen: 39108K(45056K)->33792K(49152K) Eden: 15360K(15360K)->0K(15360K) From: 23748K(29696K)->33792K(33792K)
[0.939s][info][gc,heap        ] GC(35) ParOldGen: 116854K(145408K)->122302K(145408K)
[0.939s][info][gc,metaspace   ] GC(35) Metaspace: 6301K(6464K)->6301K(6464K) NonClass: 5768K(5824K)->5768K(5824K) Class: 533K(640K)->533K(640K)
[0.939s][info][gc             ] GC(35) Pause Young (Allocation Failure) 152M->152M(190M) 22.987ms
[0.939s][info][gc,cpu         ] GC(35) User=0.05s Sys=0.00s Real=0.02s
[0.953s][info][gc,start       ] GC(36) Pause Young (Allocation Failure)
[0.978s][info][gc,heap        ] GC(36) PSYoungGen: 49152K(49152K)->27456K(56832K) Eden: 15360K(15360K)->0K(15360K) From: 33792K(33792K)->27456K(41472K)
[0.978s][info][gc,heap        ] GC(36) ParOldGen: 122302K(145408K)->144334K(145408K)
[0.978s][info][gc,metaspace   ] GC(36) Metaspace: 6301K(6464K)->6301K(6464K) NonClass: 5768K(5824K)->5768K(5824K) Class: 533K(640K)->533K(640K)
[0.978s][info][gc             ] GC(36) Pause Young (Allocation Failure) 167M->167M(197M) 24.545ms
[0.978s][info][gc,cpu         ] GC(36) User=0.08s Sys=0.00s Real=0.03s
[0.978s][info][gc,start       ] GC(37) Pause Full (Ergonomics)
[0.978s][info][gc,phases,start] GC(37) Marking Phase
[1.025s][info][gc,phases      ] GC(37) Marking Phase 47.462ms
[1.025s][info][gc,phases,start] GC(37) Summary Phase
[1.025s][info][gc,phases      ] GC(37) Summary Phase 0.015ms
[1.025s][info][gc,phases,start] GC(37) Adjust Roots
[1.025s][info][gc,phases      ] GC(37) Adjust Roots 0.167ms
[1.025s][info][gc,phases,start] GC(37) Compaction Phase
[1.054s][info][gc,phases      ] GC(37) Compaction Phase 28.917ms
[1.054s][info][gc,phases,start] GC(37) Post Compact
[1.055s][info][gc,phases      ] GC(37) Post Compact 0.770ms
[1.055s][info][gc,heap        ] GC(37) PSYoungGen: 27456K(56832K)->26346K(56832K) Eden: 0K(15360K)->0K(15360K) From: 27456K(41472K)->26346K(41472K)
[1.055s][info][gc,heap        ] GC(37) ParOldGen: 144334K(145408K)->144907K(180224K)
[1.055s][info][gc,metaspace   ] GC(37) Metaspace: 6301K(6464K)->6301K(6464K) NonClass: 5768K(5824K)->5768K(5824K) Class: 533K(640K)->533K(640K)
[1.056s][info][gc             ] GC(37) Pause Full (Ergonomics) 167M->167M(231M) 77.842ms
[1.056s][info][gc,cpu         ] GC(37) User=0.20s Sys=0.00s Real=0.08s
[1.086s][info][gc,start       ] GC(38) Pause Young (Allocation Failure)
[1.116s][info][gc,heap        ] GC(38) PSYoungGen: 41706K(56832K)->30368K(58880K) Eden: 15360K(15360K)->0K(15360K) From: 26346K(41472K)->30368K(43520K)
[1.116s][info][gc,heap        ] GC(38) ParOldGen: 144907K(180224K)->156531K(180224K)
[1.116s][info][gc,metaspace   ] GC(38) Metaspace: 6301K(6464K)->6301K(6464K) NonClass: 5768K(5824K)->5768K(5824K) Class: 533K(640K)->533K(640K)
[1.116s][info][gc             ] GC(38) Pause Young (Allocation Failure) 182M->182M(233M) 29.475ms
[1.116s][info][gc,cpu         ] GC(38) User=0.03s Sys=0.00s Real=0.03s
[1.131s][info][gc,start       ] GC(39) Pause Young (Allocation Failure)
[1.154s][info][gc,heap        ] GC(39) PSYoungGen: 45728K(58880K)->45536K(55296K) Eden: 15360K(15360K)->0K(9728K) From: 30368K(43520K)->45536K(45568K)
[1.154s][info][gc,heap        ] GC(39) ParOldGen: 156531K(180224K)->156715K(180224K)
[1.154s][info][gc,metaspace   ] GC(39) Metaspace: 6301K(6464K)->6301K(6464K) NonClass: 5768K(5824K)->5768K(5824K) Class: 533K(640K)->533K(640K)
[1.154s][info][gc             ] GC(39) Pause Young (Allocation Failure) 197M->197M(230M) 22.554ms
[1.154s][info][gc,cpu         ] GC(39) User=0.02s Sys=0.00s Real=0.02s
[1.163s][info][gc,start       ] GC(40) Pause Young (Allocation Failure)
[1.190s][info][gc,heap        ] GC(40) PSYoungGen: 55264K(55296K)->25120K(62976K) Eden: 9728K(9728K)->0K(9728K) From: 45536K(45568K)->25120K(53248K)
[1.190s][info][gc,heap        ] GC(40) ParOldGen: 156715K(180224K)->187179K(187392K)
[1.190s][info][gc,metaspace   ] GC(40) Metaspace: 6301K(6464K)->6301K(6464K) NonClass: 5768K(5824K)->5768K(5824K) Class: 533K(640K)->533K(640K)
[1.190s][info][gc             ] GC(40) Pause Young (Allocation Failure) 207M->207M(244M) 27.558ms
[1.190s][info][gc,cpu         ] GC(40) User=0.00s Sys=0.00s Real=0.03s
[1.190s][info][gc,start       ] GC(41) Pause Full (Ergonomics)
[1.190s][info][gc,phases,start] GC(41) Marking Phase
[1.239s][info][gc,phases      ] GC(41) Marking Phase 48.770ms
[1.239s][info][gc,phases,start] GC(41) Summary Phase
[1.239s][info][gc,phases      ] GC(41) Summary Phase 0.017ms
[1.239s][info][gc,phases,start] GC(41) Adjust Roots
[1.239s][info][gc,phases      ] GC(41) Adjust Roots 0.157ms
[1.239s][info][gc,phases,start] GC(41) Compaction Phase
[1.280s][info][gc,phases      ] GC(41) Compaction Phase 40.708ms
[1.280s][info][gc,phases,start] GC(41) Post Compact
[1.281s][info][gc,phases      ] GC(41) Post Compact 0.939ms
[1.281s][info][gc,heap        ] GC(41) PSYoungGen: 25120K(62976K)->20429K(62976K) Eden: 0K(9728K)->0K(9728K) From: 25120K(53248K)->20429K(53248K)
[1.281s][info][gc,heap        ] GC(41) ParOldGen: 187179K(187392K)->187101K(232448K)
[1.281s][info][gc,metaspace   ] GC(41) Metaspace: 6301K(6464K)->6301K(6464K) NonClass: 5768K(5824K)->5768K(5824K) Class: 533K(640K)->533K(640K)
[1.281s][info][gc             ] GC(41) Pause Full (Ergonomics) 207M->202M(288M) 91.176ms
[1.282s][info][gc,cpu         ] GC(41) User=0.25s Sys=0.00s Real=0.09s
[1.293s][info][gc,start       ] GC(42) Pause Young (Allocation Failure)
[1.315s][info][gc,heap        ] GC(42) PSYoungGen: 30157K(62976K)->17984K(57344K) Eden: 9728K(9728K)->0K(11264K) From: 20429K(53248K)->17984K(46080K)
[1.315s][info][gc,heap        ] GC(42) ParOldGen: 187101K(232448K)->199589K(232448K)
[1.315s][info][gc,metaspace   ] GC(42) Metaspace: 6301K(6464K)->6301K(6464K) NonClass: 5768K(5824K)->5768K(5824K) Class: 533K(640K)->533K(640K)
[1.315s][info][gc             ] GC(42) Pause Young (Allocation Failure) 212M->212M(283M) 22.156ms
[1.315s][info][gc,cpu         ] GC(42) User=0.06s Sys=0.00s Real=0.02s
[1.327s][info][gc,start       ] GC(43) Pause Young (Allocation Failure)
[1.342s][info][gc,heap        ] GC(43) PSYoungGen: 29248K(57344K)->21056K(32768K) Eden: 11264K(11264K)->0K(11264K) From: 17984K(46080K)->21056K(21504K)
[1.342s][info][gc,heap        ] GC(43) ParOldGen: 199589K(232448K)->207869K(232448K)
[1.342s][info][gc,metaspace   ] GC(43) Metaspace: 6301K(6464K)->6301K(6464K) NonClass: 5768K(5824K)->5768K(5824K) Class: 533K(640K)->533K(640K)
[1.342s][info][gc             ] GC(43) Pause Young (Allocation Failure) 223M->223M(259M) 15.563ms
[1.343s][info][gc,cpu         ] GC(43) User=0.02s Sys=0.00s Real=0.02s
[1.343s][info][gc,start       ] GC(44) Pause Full (Ergonomics)
[1.343s][info][gc,phases,start] GC(44) Marking Phase
[1.395s][info][gc,phases      ] GC(44) Marking Phase 52.645ms
[1.395s][info][gc,phases,start] GC(44) Summary Phase
[1.395s][info][gc,phases      ] GC(44) Summary Phase 0.026ms
[1.395s][info][gc,phases,start] GC(44) Adjust Roots
[1.395s][info][gc,phases      ] GC(44) Adjust Roots 0.148ms
[1.395s][info][gc,phases,start] GC(44) Compaction Phase
[1.419s][info][gc,phases      ] GC(44) Compaction Phase 23.277ms
[1.419s][info][gc,phases,start] GC(44) Post Compact
[1.420s][info][gc,phases      ] GC(44) Post Compact 1.050ms
[1.420s][info][gc,heap        ] GC(44) PSYoungGen: 21056K(32768K)->0K(59392K) Eden: 0K(11264K)->0K(13312K) From: 21056K(21504K)->0K(46080K)
[1.420s][info][gc,heap        ] GC(44) ParOldGen: 207869K(232448K)->228457K(274432K)
[1.420s][info][gc,metaspace   ] GC(44) Metaspace: 6301K(6464K)->6301K(6464K) NonClass: 5768K(5824K)->5768K(5824K) Class: 533K(640K)->533K(640K)
[1.420s][info][gc             ] GC(44) Pause Full (Ergonomics) 223M->223M(326M) 77.614ms
[1.420s][info][gc,cpu         ] GC(44) User=0.30s Sys=0.03s Real=0.08s
[1.435s][info][gc,start       ] GC(45) Pause Young (Allocation Failure)
[1.443s][info][gc,heap        ] GC(45) PSYoungGen: 13312K(59392K)->13440K(59392K) Eden: 13312K(13312K)->0K(13312K) From: 0K(46080K)->13440K(46080K)
[1.443s][info][gc,heap        ] GC(45) ParOldGen: 228457K(274432K)->228457K(274432K)
[1.443s][info][gc,metaspace   ] GC(45) Metaspace: 6301K(6464K)->6301K(6464K) NonClass: 5768K(5824K)->5768K(5824K) Class: 533K(640K)->533K(640K)
[1.443s][info][gc             ] GC(45) Pause Young (Allocation Failure) 236M->236M(326M) 7.932ms
[1.443s][info][gc,cpu         ] GC(45) User=0.02s Sys=0.00s Real=0.01s
[1.458s][info][gc,start       ] GC(46) Pause Young (Allocation Failure)
[1.471s][info][gc,heap        ] GC(46) PSYoungGen: 26752K(59392K)->26720K(60416K) Eden: 13312K(13312K)->0K(15360K) From: 13440K(46080K)->26720K(45056K)
[1.471s][info][gc,heap        ] GC(46) ParOldGen: 228457K(274432K)->228457K(274432K)
[1.471s][info][gc,metaspace   ] GC(46) Metaspace: 6301K(6464K)->6301K(6464K) NonClass: 5768K(5824K)->5768K(5824K) Class: 533K(640K)->533K(640K)
[1.471s][info][gc             ] GC(46) Pause Young (Allocation Failure) 249M->249M(327M) 13.362ms
[1.471s][info][gc,cpu         ] GC(46) User=0.02s Sys=0.00s Real=0.01s
[1.488s][info][gc,start       ] GC(47) Pause Young (Allocation Failure)
[1.508s][info][gc,heap        ] GC(47) PSYoungGen: 42080K(60416K)->42080K(60416K) Eden: 15360K(15360K)->0K(15360K) From: 26720K(45056K)->42080K(45056K)
[1.508s][info][gc,heap        ] GC(47) ParOldGen: 228457K(274432K)->228457K(274432K)
[1.508s][info][gc,metaspace   ] GC(47) Metaspace: 6301K(6464K)->6301K(6464K) NonClass: 5768K(5824K)->5768K(5824K) Class: 533K(640K)->533K(640K)
[1.508s][info][gc             ] GC(47) Pause Young (Allocation Failure) 264M->264M(327M) 20.181ms
[1.508s][info][gc,cpu         ] GC(47) User=0.09s Sys=0.00s Real=0.02s
[1.525s][info][gc,start       ] GC(48) Pause Young (Allocation Failure)
[1.553s][info][gc,heap        ] GC(48) PSYoungGen: 57440K(60416K)->50688K(58368K) Eden: 15360K(15360K)->0K(7680K) From: 42080K(45056K)->50688K(50688K)
[1.553s][info][gc,heap        ] GC(48) ParOldGen: 228457K(274432K)->235209K(274432K)
[1.553s][info][gc,metaspace   ] GC(48) Metaspace: 6301K(6464K)->6301K(6464K) NonClass: 5768K(5824K)->5768K(5824K) Class: 533K(640K)->533K(640K)
[1.553s][info][gc             ] GC(48) Pause Young (Allocation Failure) 279M->279M(325M) 27.599ms
[1.553s][info][gc,cpu         ] GC(48) User=0.09s Sys=0.03s Real=0.03s
[1.562s][info][gc,start       ] GC(49) Pause Young (Allocation Failure)
[1.587s][info][gc,heap        ] GC(49) PSYoungGen: 58368K(58368K)->46752K(68096K) Eden: 7680K(7680K)->0K(7680K) From: 50688K(50688K)->46752K(60416K)
[1.587s][info][gc,heap        ] GC(49) ParOldGen: 235209K(274432K)->247097K(274432K)
[1.587s][info][gc,metaspace   ] GC(49) Metaspace: 6301K(6464K)->6301K(6464K) NonClass: 5768K(5824K)->5768K(5824K) Class: 533K(640K)->533K(640K)
[1.587s][info][gc             ] GC(49) Pause Young (Allocation Failure) 286M->286M(334M) 25.436ms
[1.587s][info][gc,cpu         ] GC(49) User=0.12s Sys=0.00s Real=0.03s
[1.595s][info][gc,start       ] GC(50) Pause Young (Allocation Failure)
[1.624s][info][gc,heap        ] GC(50) PSYoungGen: 54432K(68096K)->29344K(67584K) Eden: 7680K(7680K)->0K(9216K) From: 46752K(60416K)->29344K(58368K)
[1.624s][info][gc,heap        ] GC(50) ParOldGen: 247097K(274432K)->272481K(274432K)
[1.624s][info][gc,metaspace   ] GC(50) Metaspace: 6301K(6464K)->6301K(6464K) NonClass: 5768K(5824K)->5768K(5824K) Class: 533K(640K)->533K(640K)
[1.625s][info][gc             ] GC(50) Pause Young (Allocation Failure) 294M->294M(334M) 29.200ms
[1.625s][info][gc,cpu         ] GC(50) User=0.00s Sys=0.02s Real=0.03s
[1.625s][info][gc,start       ] GC(51) Pause Full (Ergonomics)
[1.625s][info][gc,phases,start] GC(51) Marking Phase
[1.683s][info][gc,phases      ] GC(51) Marking Phase 58.167ms
[1.683s][info][gc,phases,start] GC(51) Summary Phase
[1.683s][info][gc,phases      ] GC(51) Summary Phase 0.018ms
[1.683s][info][gc,phases,start] GC(51) Adjust Roots
[1.683s][info][gc,phases      ] GC(51) Adjust Roots 0.191ms
[1.683s][info][gc,phases,start] GC(51) Compaction Phase
[1.716s][info][gc,phases      ] GC(51) Compaction Phase 32.494ms
[1.716s][info][gc,phases,start] GC(51) Post Compact
[1.717s][info][gc,phases      ] GC(51) Post Compact 1.457ms
[1.717s][info][gc,heap        ] GC(51) PSYoungGen: 29344K(67584K)->26639K(69120K) Eden: 0K(9216K)->0K(10752K) From: 29344K(58368K)->26639K(58368K)
[1.717s][info][gc,heap        ] GC(51) ParOldGen: 272481K(274432K)->274337K(323584K)
[1.717s][info][gc,metaspace   ] GC(51) Metaspace: 6301K(6464K)->6301K(6464K) NonClass: 5768K(5824K)->5768K(5824K) Class: 533K(640K)->533K(640K)
[1.718s][info][gc             ] GC(51) Pause Full (Ergonomics) 294M->293M(383M) 92.924ms
[1.718s][info][gc,cpu         ] GC(51) User=0.58s Sys=0.00s Real=0.09s
[1.730s][info][gc,start       ] GC(52) Pause Young (Allocation Failure)
[1.757s][info][gc,heap        ] GC(52) PSYoungGen: 37391K(69120K)->18016K(72192K) Eden: 10752K(10752K)->0K(10752K) From: 26639K(58368K)->18016K(61440K)
[1.757s][info][gc,heap        ] GC(52) ParOldGen: 274337K(323584K)->294201K(323584K)
[1.757s][info][gc,metaspace   ] GC(52) Metaspace: 6301K(6464K)->6301K(6464K) NonClass: 5768K(5824K)->5768K(5824K) Class: 533K(640K)->533K(640K)
[1.757s][info][gc             ] GC(52) Pause Young (Allocation Failure) 304M->304M(386M) 27.217ms
[1.757s][info][gc,cpu         ] GC(52) User=0.14s Sys=0.00s Real=0.03s
[1.770s][info][gc,start       ] GC(53) Pause Young (Allocation Failure)
[1.785s][info][gc,heap        ] GC(53) PSYoungGen: 28768K(72192K)->10848K(71680K) Eden: 10752K(10752K)->0K(12800K) From: 18016K(61440K)->10848K(58880K)
[1.785s][info][gc,heap        ] GC(53) ParOldGen: 294201K(323584K)->312281K(323584K)
[1.785s][info][gc,metaspace   ] GC(53) Metaspace: 6301K(6464K)->6301K(6464K) NonClass: 5768K(5824K)->5768K(5824K) Class: 533K(640K)->533K(640K)
[1.785s][info][gc             ] GC(53) Pause Young (Allocation Failure) 315M->315M(386M) 15.498ms
[1.785s][info][gc,cpu         ] GC(53) User=0.02s Sys=0.00s Real=0.01s
[1.785s][info][gc,start       ] GC(54) Pause Full (Ergonomics)
[1.785s][info][gc,phases,start] GC(54) Marking Phase
[1.851s][info][gc,phases      ] GC(54) Marking Phase 66.068ms
[1.851s][info][gc,phases,start] GC(54) Summary Phase
[1.851s][info][gc,phases      ] GC(54) Summary Phase 0.027ms
[1.851s][info][gc,phases,start] GC(54) Adjust Roots
[1.851s][info][gc,phases      ] GC(54) Adjust Roots 0.150ms
[1.851s][info][gc,phases,start] GC(54) Compaction Phase
[1.880s][info][gc,phases      ] GC(54) Compaction Phase 28.785ms
[1.880s][info][gc,phases,start] GC(54) Post Compact
[1.882s][info][gc,phases      ] GC(54) Post Compact 1.467ms
[1.882s][info][gc,heap        ] GC(54) PSYoungGen: 10848K(71680K)->0K(72192K) Eden: 0K(12800K)->0K(12800K) From: 10848K(58880K)->0K(59392K)
[1.882s][info][gc,heap        ] GC(54) ParOldGen: 312281K(323584K)->322420K(377856K)
[1.882s][info][gc,metaspace   ] GC(54) Metaspace: 6301K(6464K)->6301K(6464K) NonClass: 5768K(5824K)->5768K(5824K) Class: 533K(640K)->533K(640K)
[1.882s][info][gc             ] GC(54) Pause Full (Ergonomics) 315M->314M(439M) 97.027ms
[1.882s][info][gc,cpu         ] GC(54) User=0.64s Sys=0.00s Real=0.10s
[1.898s][info][gc,start       ] GC(55) Pause Young (Allocation Failure)
[1.906s][info][gc,heap        ] GC(55) PSYoungGen: 12800K(72192K)->12896K(72192K) Eden: 12800K(12800K)->0K(14848K) From: 0K(59392K)->12896K(57344K)
[1.906s][info][gc,heap        ] GC(55) ParOldGen: 322420K(377856K)->322420K(377856K)
[1.906s][info][gc,metaspace   ] GC(55) Metaspace: 6301K(6464K)->6301K(6464K) NonClass: 5768K(5824K)->5768K(5824K) Class: 533K(640K)->533K(640K)
[1.906s][info][gc             ] GC(55) Pause Young (Allocation Failure) 327M->327M(439M) 7.856ms
[1.906s][info][gc,cpu         ] GC(55) User=0.00s Sys=0.00s Real=0.01s
[1.922s][info][gc,start       ] GC(56) Pause Young (Allocation Failure)
[1.937s][info][gc,heap        ] GC(56) PSYoungGen: 27744K(72192K)->27808K(73216K) Eden: 14848K(14848K)->0K(14848K) From: 12896K(57344K)->27808K(58368K)
[1.937s][info][gc,heap        ] GC(56) ParOldGen: 322420K(377856K)->322420K(377856K)
[1.937s][info][gc,metaspace   ] GC(56) Metaspace: 6301K(6464K)->6301K(6464K) NonClass: 5768K(5824K)->5768K(5824K) Class: 533K(640K)->533K(640K)
[1.937s][info][gc             ] GC(56) Pause Young (Allocation Failure) 341M->342M(440M) 14.610ms
[1.937s][info][gc,cpu         ] GC(56) User=0.02s Sys=0.00s Real=0.01s
[2.015s][info][gc,start       ] GC(57) Pause Young (Allocation Failure)
[2.043s][info][gc,heap        ] GC(57) PSYoungGen: 42656K(73216K)->42656K(69632K) Eden: 14848K(14848K)->0K(13312K) From: 27808K(58368K)->42656K(56320K)
[2.043s][info][gc,heap        ] GC(57) ParOldGen: 338804K(377856K)->338804K(377856K)
[2.043s][info][gc,metaspace   ] GC(57) Metaspace: 6301K(6464K)->6301K(6464K) NonClass: 5768K(5824K)->5768K(5824K) Class: 533K(640K)->533K(640K)
[2.043s][info][gc             ] GC(57) Pause Young (Allocation Failure) 372M->372M(437M) 28.376ms
[2.043s][info][gc,cpu         ] GC(57) User=0.08s Sys=0.00s Real=0.03s
[2.057s][info][gc,start       ] GC(58) Pause Young (Allocation Failure)
[2.083s][info][gc,heap        ] GC(58) PSYoungGen: 55968K(69632K)->55904K(73216K) Eden: 13312K(13312K)->0K(13312K) From: 42656K(56320K)->55904K(59904K)
[2.083s][info][gc,heap        ] GC(58) ParOldGen: 338804K(377856K)->338804K(377856K)
[2.083s][info][gc,metaspace   ] GC(58) Metaspace: 6301K(6464K)->6301K(6464K) NonClass: 5768K(5824K)->5768K(5824K) Class: 533K(640K)->533K(640K)
[2.083s][info][gc             ] GC(58) Pause Young (Allocation Failure) 385M->385M(440M) 25.953ms
[2.083s][info][gc,cpu         ] GC(58) User=0.14s Sys=0.00s Real=0.02s
[2.096s][info][gc,start       ] GC(59) Pause Young (Allocation Failure)
[2.127s][info][gc,heap        ] GC(59) PSYoungGen: 69216K(73216K)->56480K(75776K) Eden: 13312K(13312K)->0K(8704K) From: 55904K(59904K)->56480K(67072K)
[2.127s][info][gc,heap        ] GC(59) ParOldGen: 338804K(377856K)->351788K(377856K)
[2.127s][info][gc,metaspace   ] GC(59) Metaspace: 6301K(6464K)->6301K(6464K) NonClass: 5768K(5824K)->5768K(5824K) Class: 533K(640K)->533K(640K)
[2.127s][info][gc             ] GC(59) Pause Young (Allocation Failure) 398M->398M(443M) 31.029ms
[2.127s][info][gc,cpu         ] GC(59) User=0.14s Sys=0.00s Real=0.03s
[2.127s][info][gc,start       ] GC(60) Pause Full (Ergonomics)
[2.127s][info][gc,phases,start] GC(60) Marking Phase
[2.214s][info][gc,phases      ] GC(60) Marking Phase 86.924ms
[2.214s][info][gc,phases,start] GC(60) Summary Phase
[2.214s][info][gc,phases      ] GC(60) Summary Phase 0.025ms
[2.214s][info][gc,phases,start] GC(60) Adjust Roots
[2.215s][info][gc,phases      ] GC(60) Adjust Roots 0.155ms
[2.215s][info][gc,phases,start] GC(60) Compaction Phase
[2.286s][info][gc,phases      ] GC(60) Compaction Phase 71.364ms
[2.286s][info][gc,phases,start] GC(60) Post Compact
[2.288s][info][gc,phases      ] GC(60) Post Compact 2.302ms
[2.289s][info][gc,heap        ] GC(60) PSYoungGen: 56480K(75776K)->21965K(75776K) Eden: 0K(8704K)->0K(8704K) From: 56480K(67072K)->21965K(67072K)
[2.289s][info][gc,heap        ] GC(60) ParOldGen: 351788K(377856K)->377613K(432128K)
[2.289s][info][gc,metaspace   ] GC(60) Metaspace: 6301K(6464K)->6301K(6464K) NonClass: 5768K(5824K)->5768K(5824K) Class: 533K(640K)->533K(640K)
[2.289s][info][gc             ] GC(60) Pause Full (Ergonomics) 398M->390M(496M) 161.387ms
[2.289s][info][gc,cpu         ] GC(60) User=0.98s Sys=0.03s Real=0.16s
[2.300s][info][gc,start       ] GC(61) Pause Young (Allocation Failure)
[2.329s][info][gc,heap        ] GC(61) PSYoungGen: 30669K(75776K)->26336K(35328K) Eden: 8704K(8704K)->0K(8704K) From: 21965K(67072K)->26336K(26624K)
[2.329s][info][gc,heap        ] GC(61) ParOldGen: 377613K(432128K)->382181K(432128K)
[2.329s][info][gc,metaspace   ] GC(61) Metaspace: 6301K(6464K)->6301K(6464K) NonClass: 5768K(5824K)->5768K(5824K) Class: 533K(640K)->533K(640K)
[2.329s][info][gc             ] GC(61) Pause Young (Allocation Failure) 398M->398M(456M) 28.985ms
[2.329s][info][gc,cpu         ] GC(61) User=0.12s Sys=0.00s Real=0.03s
[2.338s][info][gc,start       ] GC(62) Pause Young (Allocation Failure)
[2.355s][info][gc,heap        ] GC(62) PSYoungGen: 35040K(35328K)->30144K(73728K) Eden: 8704K(8704K)->0K(10240K) From: 26336K(26624K)->30144K(63488K)
[2.355s][info][gc,heap        ] GC(62) ParOldGen: 382181K(432128K)->387141K(432128K)
[2.355s][info][gc,metaspace   ] GC(62) Metaspace: 6301K(6464K)->6301K(6464K) NonClass: 5768K(5824K)->5768K(5824K) Class: 533K(640K)->533K(640K)
[2.355s][info][gc             ] GC(62) Pause Young (Allocation Failure) 407M->407M(494M) 17.080ms
[2.355s][info][gc,cpu         ] GC(62) User=0.03s Sys=0.00s Real=0.02s
[2.365s][info][gc,start       ] GC(63) Pause Young (Allocation Failure)
[2.384s][info][gc,heap        ] GC(63) PSYoungGen: 40384K(73728K)->33824K(44544K) Eden: 10240K(10240K)->0K(10240K) From: 30144K(63488K)->33824K(34304K)
[2.384s][info][gc,heap        ] GC(63) ParOldGen: 387141K(432128K)->393805K(432128K)
[2.384s][info][gc,metaspace   ] GC(63) Metaspace: 6301K(6464K)->6301K(6464K) NonClass: 5768K(5824K)->5768K(5824K) Class: 533K(640K)->533K(640K)
[2.384s][info][gc             ] GC(63) Pause Young (Allocation Failure) 417M->417M(465M) 19.130ms
[2.384s][info][gc,cpu         ] GC(63) User=0.11s Sys=0.02s Real=0.02s
[2.395s][info][gc,start       ] GC(64) Pause Young (Allocation Failure)
[2.417s][info][gc,heap        ] GC(64) PSYoungGen: 44064K(44544K)->29280K(70656K) Eden: 10240K(10240K)->0K(11776K) From: 33824K(34304K)->29280K(58880K)
[2.417s][info][gc,heap        ] GC(64) ParOldGen: 393805K(432128K)->408765K(432128K)
[2.417s][info][gc,metaspace   ] GC(64) Metaspace: 6301K(6464K)->6301K(6464K) NonClass: 5768K(5824K)->5768K(5824K) Class: 533K(640K)->533K(640K)
[2.417s][info][gc             ] GC(64) Pause Young (Allocation Failure) 427M->427M(491M) 21.439ms
[2.417s][info][gc,cpu         ] GC(64) User=0.12s Sys=0.00s Real=0.02s
[2.417s][info][gc,start       ] GC(65) Pause Full (Ergonomics)
[2.417s][info][gc,phases,start] GC(65) Marking Phase
[2.508s][info][gc,phases      ] GC(65) Marking Phase 91.004ms
[2.508s][info][gc,phases,start] GC(65) Summary Phase
[2.508s][info][gc,phases      ] GC(65) Summary Phase 0.023ms
[2.508s][info][gc,phases,start] GC(65) Adjust Roots
[2.508s][info][gc,phases      ] GC(65) Adjust Roots 0.148ms
[2.508s][info][gc,phases,start] GC(65) Compaction Phase
[2.554s][info][gc,phases      ] GC(65) Compaction Phase 45.607ms
[2.554s][info][gc,phases,start] GC(65) Post Compact
[2.556s][info][gc,phases      ] GC(65) Post Compact 2.056ms
[2.556s][info][gc,heap        ] GC(65) PSYoungGen: 29280K(70656K)->5594K(72192K) Eden: 0K(11776K)->0K(13312K) From: 29280K(58880K)->5594K(58880K)
[2.556s][info][gc,heap        ] GC(65) ParOldGen: 408765K(432128K)->431751K(486400K)
[2.556s][info][gc,metaspace   ] GC(65) Metaspace: 6301K(6464K)->6301K(6464K) NonClass: 5768K(5824K)->5768K(5824K) Class: 533K(640K)->533K(640K)
[2.556s][info][gc             ] GC(65) Pause Full (Ergonomics) 427M->427M(545M) 139.371ms
[2.556s][info][gc,cpu         ] GC(65) User=0.91s Sys=0.00s Real=0.14s
[2.572s][info][gc,start       ] GC(66) Pause Young (Allocation Failure)
[2.599s][info][gc,heap        ] GC(66) PSYoungGen: 18906K(72192K)->13856K(74752K) Eden: 13312K(13312K)->0K(13312K) From: 5594K(58880K)->13856K(61440K)
[2.599s][info][gc,heap        ] GC(66) ParOldGen: 431751K(486400K)->437047K(486400K)
[2.599s][info][gc,metaspace   ] GC(66) Metaspace: 6301K(6464K)->6301K(6464K) NonClass: 5768K(5824K)->5768K(5824K) Class: 533K(640K)->533K(640K)
[2.599s][info][gc             ] GC(66) Pause Young (Allocation Failure) 440M->440M(548M) 27.127ms
[2.599s][info][gc,cpu         ] GC(66) User=0.14s Sys=0.00s Real=0.03s
[2.613s][info][gc,start       ] GC(67) Pause Young (Allocation Failure)
[2.628s][info][gc,heap        ] GC(67) PSYoungGen: 27168K(74752K)->26752K(71168K) Eden: 13312K(13312K)->0K(14848K) From: 13856K(61440K)->26752K(56320K)
[2.628s][info][gc,heap        ] GC(67) ParOldGen: 437047K(486400K)->437471K(486400K)
[2.628s][info][gc,metaspace   ] GC(67) Metaspace: 6301K(6464K)->6301K(6464K) NonClass: 5768K(5824K)->5768K(5824K) Class: 533K(640K)->533K(640K)
[2.628s][info][gc             ] GC(67) Pause Young (Allocation Failure) 453M->453M(544M) 14.754ms
[2.628s][info][gc,cpu         ] GC(67) User=0.02s Sys=0.00s Real=0.01s
[2.644s][info][gc,start       ] GC(68) Pause Young (Allocation Failure)
[2.665s][info][gc,heap        ] GC(68) PSYoungGen: 41600K(71168K)->28288K(43520K) Eden: 14848K(14848K)->0K(14848K) From: 26752K(56320K)->28288K(28672K)
[2.665s][info][gc,heap        ] GC(68) ParOldGen: 437471K(486400K)->450951K(486400K)
[2.665s][info][gc,metaspace   ] GC(68) Metaspace: 6301K(6464K)->6301K(6464K) NonClass: 5768K(5824K)->5768K(5824K) Class: 533K(640K)->533K(640K)
[2.665s][info][gc             ] GC(68) Pause Young (Allocation Failure) 467M->468M(517M) 21.192ms
[2.665s][info][gc,cpu         ] GC(68) User=0.12s Sys=0.00s Real=0.02s
[2.681s][info][gc,start       ] GC(69) Pause Young (Allocation Failure)
[2.703s][info][gc,heap        ] GC(69) PSYoungGen: 43136K(43520K)->29824K(68608K) Eden: 14848K(14848K)->0K(16896K) From: 28288K(28672K)->29824K(51712K)
[2.704s][info][gc,heap        ] GC(69) ParOldGen: 450951K(486400K)->464439K(486400K)
[2.704s][info][gc,metaspace   ] GC(69) Metaspace: 6301K(6464K)->6301K(6464K) NonClass: 5768K(5824K)->5768K(5824K) Class: 533K(640K)->533K(640K)
[2.704s][info][gc             ] GC(69) Pause Young (Allocation Failure) 482M->482M(542M) 22.249ms
[2.704s][info][gc,cpu         ] GC(69) User=0.11s Sys=0.02s Real=0.02s
[2.704s][info][gc,start       ] GC(70) Pause Full (Ergonomics)
[2.704s][info][gc,phases,start] GC(70) Marking Phase
[2.812s][info][gc,phases      ] GC(70) Marking Phase 108.377ms
[2.812s][info][gc,phases,start] GC(70) Summary Phase
[2.812s][info][gc,phases      ] GC(70) Summary Phase 0.033ms
[2.812s][info][gc,phases,start] GC(70) Adjust Roots
[2.812s][info][gc,phases      ] GC(70) Adjust Roots 0.191ms
[2.812s][info][gc,phases,start] GC(70) Compaction Phase
[2.859s][info][gc,phases      ] GC(70) Compaction Phase 46.299ms
[2.859s][info][gc,phases,start] GC(70) Post Compact
[2.861s][info][gc,phases      ] GC(70) Post Compact 2.394ms
[2.861s][info][gc,heap        ] GC(70) PSYoungGen: 29824K(68608K)->7148K(70656K) Eden: 0K(16896K)->0K(18944K) From: 29824K(51712K)->7148K(51712K)
[2.862s][info][gc,heap        ] GC(70) ParOldGen: 464439K(486400K)->486393K(544256K)
[2.862s][info][gc,metaspace   ] GC(70) Metaspace: 6301K(6464K)->6301K(6464K) NonClass: 5768K(5824K)->5768K(5824K) Class: 533K(640K)->533K(640K)
[2.862s][info][gc             ] GC(70) Pause Full (Ergonomics) 482M->481M(600M) 157.891ms
[2.862s][info][gc,cpu         ] GC(70) User=1.14s Sys=0.00s Real=0.16s
[2.883s][info][gc,start       ] GC(71) Pause Young (Allocation Failure)
[2.915s][info][gc,heap        ] GC(71) PSYoungGen: 26092K(70656K)->23296K(72704K) Eden: 18944K(18944K)->0K(18944K) From: 7148K(51712K)->23296K(53760K)
[2.915s][info][gc,heap        ] GC(71) ParOldGen: 486393K(544256K)->489377K(544256K)
[2.915s][info][gc,metaspace   ] GC(71) Metaspace: 6301K(6464K)->6301K(6464K) NonClass: 5768K(5824K)->5768K(5824K) Class: 533K(640K)->533K(640K)
[2.915s][info][gc             ] GC(71) Pause Young (Allocation Failure) 500M->500M(602M) 32.447ms
[2.915s][info][gc,cpu         ] GC(71) User=0.16s Sys=0.00s Real=0.03s
[2.935s][info][gc,start       ] GC(72) Pause Young (Allocation Failure)
[2.957s][info][gc,heap        ] GC(72) PSYoungGen: 42240K(72704K)->42272K(70656K) Eden: 18944K(18944K)->0K(18432K) From: 23296K(53760K)->42272K(52224K)
[2.957s][info][gc,heap        ] GC(72) ParOldGen: 489377K(544256K)->489377K(544256K)
[2.957s][info][gc,metaspace   ] GC(72) Metaspace: 6301K(6464K)->6301K(6464K) NonClass: 5768K(5824K)->5768K(5824K) Class: 533K(640K)->533K(640K)
[2.957s][info][gc             ] GC(72) Pause Young (Allocation Failure) 519M->519M(600M) 21.578ms
[2.957s][info][gc,cpu         ] GC(72) User=0.14s Sys=0.00s Real=0.02s
[2.978s][info][gc,start       ] GC(73) Pause Young (Allocation Failure)
[3.008s][info][gc,heap        ] GC(73) PSYoungGen: 60704K(70656K)->54784K(73216K) Eden: 18432K(18432K)->0K(18432K) From: 42272K(52224K)->54784K(54784K)
[3.008s][info][gc,heap        ] GC(73) ParOldGen: 489377K(544256K)->495265K(544256K)
[3.008s][info][gc,metaspace   ] GC(73) Metaspace: 6301K(6464K)->6301K(6464K) NonClass: 5768K(5824K)->5768K(5824K) Class: 533K(640K)->533K(640K)
[3.008s][info][gc             ] GC(73) Pause Young (Allocation Failure) 537M->537M(603M) 30.256ms
[3.008s][info][gc,cpu         ] GC(73) User=0.12s Sys=0.02s Real=0.03s
[3.030s][info][gc,start       ] GC(74) Pause Young (Allocation Failure)
[3.067s][info][gc,heap        ] GC(74) PSYoungGen: 73216K(73216K)->36608K(81408K) Eden: 18432K(18432K)->0K(20992K) From: 54784K(54784K)->36608K(60416K)
[3.067s][info][gc,heap        ] GC(74) ParOldGen: 495265K(544256K)->532441K(544256K)
[3.067s][info][gc,metaspace   ] GC(74) Metaspace: 6301K(6464K)->6301K(6464K) NonClass: 5768K(5824K)->5768K(5824K) Class: 533K(640K)->533K(640K)
[3.067s][info][gc             ] GC(74) Pause Young (Allocation Failure) 555M->555M(611M) 37.075ms
[3.067s][info][gc,cpu         ] GC(74) User=0.25s Sys=0.02s Real=0.04s
[3.067s][info][gc,start       ] GC(75) Pause Full (Ergonomics)
[3.067s][info][gc,phases,start] GC(75) Marking Phase
[3.189s][info][gc,phases      ] GC(75) Marking Phase 122.630ms
[3.189s][info][gc,phases,start] GC(75) Summary Phase
[3.189s][info][gc,phases      ] GC(75) Summary Phase 0.022ms
[3.189s][info][gc,phases,start] GC(75) Adjust Roots
[3.190s][info][gc,phases      ] GC(75) Adjust Roots 0.148ms
[3.190s][info][gc,phases,start] GC(75) Compaction Phase
[3.240s][info][gc,phases      ] GC(75) Compaction Phase 50.462ms
[3.240s][info][gc,phases,start] GC(75) Post Compact
[3.241s][info][gc,phases      ] GC(75) Post Compact 0.901ms
[3.241s][info][gc,heap        ] GC(75) PSYoungGen: 36608K(81408K)->24141K(82944K) Eden: 0K(20992K)->0K(22528K) From: 36608K(60416K)->24141K(60416K)
[3.241s][info][gc,heap        ] GC(75) ParOldGen: 532441K(544256K)->544027K(612352K)
[3.241s][info][gc,metaspace   ] GC(75) Metaspace: 6301K(6464K)->6301K(6464K) NonClass: 5768K(5824K)->5768K(5824K) Class: 533K(640K)->533K(640K)
[3.241s][info][gc             ] GC(75) Pause Full (Ergonomics) 555M->554M(679M) 174.679ms
[3.241s][info][gc,cpu         ] GC(75) User=1.16s Sys=0.02s Real=0.17s
[3.267s][info][gc,start       ] GC(76) Pause Young (Allocation Failure)
[3.311s][info][gc,heap        ] GC(76) PSYoungGen: 46669K(82944K)->35232K(84480K) Eden: 22528K(22528K)->0K(22528K) From: 24141K(60416K)->35232K(61952K)
[3.311s][info][gc,heap        ] GC(76) ParOldGen: 544027K(612352K)->555811K(612352K)
[3.311s][info][gc,metaspace   ] GC(76) Metaspace: 6301K(6464K)->6301K(6464K) NonClass: 5768K(5824K)->5768K(5824K) Class: 533K(640K)->533K(640K)
[3.311s][info][gc             ] GC(76) Pause Young (Allocation Failure) 576M->577M(680M) 44.250ms
[3.311s][info][gc,cpu         ] GC(76) User=0.23s Sys=0.00s Real=0.04s
[3.338s][info][gc,start       ] GC(77) Pause Young (Allocation Failure)
[3.369s][info][gc,heap        ] GC(77) PSYoungGen: 57760K(84480K)->57792K(78848K) Eden: 22528K(22528K)->0K(18944K) From: 35232K(61952K)->57792K(59904K)
[3.369s][info][gc,heap        ] GC(77) ParOldGen: 555811K(612352K)->555811K(612352K)
[3.369s][info][gc,metaspace   ] GC(77) Metaspace: 6301K(6464K)->6301K(6464K) NonClass: 5768K(5824K)->5768K(5824K) Class: 533K(640K)->533K(640K)
[3.369s][info][gc             ] GC(77) Pause Young (Allocation Failure) 599M->599M(675M) 30.197ms
[3.369s][info][gc,cpu         ] GC(77) User=0.14s Sys=0.00s Real=0.03s
[3.391s][info][gc,start       ] GC(78) Pause Young (Allocation Failure)
[3.430s][info][gc,heap        ] GC(78) PSYoungGen: 76736K(78848K)->64160K(84992K) Eden: 18944K(18944K)->0K(18944K) From: 57792K(59904K)->64160K(66048K)
[3.430s][info][gc,heap        ] GC(78) ParOldGen: 555811K(612352K)->568555K(612352K)
[3.430s][info][gc,metaspace   ] GC(78) Metaspace: 6301K(6464K)->6301K(6464K) NonClass: 5768K(5824K)->5768K(5824K) Class: 533K(640K)->533K(640K)
[3.430s][info][gc             ] GC(78) Pause Young (Allocation Failure) 617M->617M(681M) 39.073ms
[3.430s][info][gc,cpu         ] GC(78) User=0.34s Sys=0.03s Real=0.04s
[3.454s][info][gc,start       ] GC(79) Pause Young (Allocation Failure)
[3.496s][info][gc,heap        ] GC(79) PSYoungGen: 83104K(84992K)->60576K(90624K) Eden: 18944K(18944K)->0K(16896K) From: 64160K(66048K)->60576K(73728K)
[3.496s][info][gc,heap        ] GC(79) ParOldGen: 568555K(612352K)->591387K(612352K)
[3.496s][info][gc,metaspace   ] GC(79) Metaspace: 6301K(6464K)->6301K(6464K) NonClass: 5768K(5824K)->5768K(5824K) Class: 533K(640K)->533K(640K)
[3.496s][info][gc             ] GC(79) Pause Young (Allocation Failure) 636M->636M(686M) 42.726ms
[3.496s][info][gc,cpu         ] GC(79) User=0.17s Sys=0.09s Real=0.04s
[3.496s][info][gc,start       ] GC(80) Pause Full (Ergonomics)
[3.496s][info][gc,phases,start] GC(80) Marking Phase
[3.637s][info][gc,phases      ] GC(80) Marking Phase 141.107ms
[3.638s][info][gc,phases,start] GC(80) Summary Phase
[3.638s][info][gc,phases      ] GC(80) Summary Phase 0.022ms
[3.638s][info][gc,phases,start] GC(80) Adjust Roots
[3.638s][info][gc,phases      ] GC(80) Adjust Roots 0.148ms
[3.638s][info][gc,phases,start] GC(80) Compaction Phase
[3.697s][info][gc,phases      ] GC(80) Compaction Phase 59.166ms
[3.697s][info][gc,phases,start] GC(80) Post Compact
[3.698s][info][gc,phases      ] GC(80) Post Compact 1.064ms
[3.698s][info][gc,heap        ] GC(80) PSYoungGen: 60576K(90624K)->38853K(90624K) Eden: 0K(16896K)->0K(16896K) From: 60576K(73728K)->38853K(73728K)
[3.698s][info][gc,heap        ] GC(80) ParOldGen: 591387K(612352K)->612128K(685056K)
[3.698s][info][gc,metaspace   ] GC(80) Metaspace: 6301K(6464K)->6301K(6464K) NonClass: 5768K(5824K)->5768K(5824K) Class: 533K(640K)->533K(640K)
[3.698s][info][gc             ] GC(80) Pause Full (Ergonomics) 636M->635M(757M) 202.082ms
[3.698s][info][gc,cpu         ] GC(80) User=1.41s Sys=0.00s Real=0.20s
[3.717s][info][gc,start       ] GC(81) Pause Young (Allocation Failure)
[3.768s][info][gc,heap        ] GC(81) PSYoungGen: 55749K(90624K)->28640K(95232K) Eden: 16896K(16896K)->0K(16896K) From: 38853K(73728K)->28640K(78336K)
[3.768s][info][gc,heap        ] GC(81) ParOldGen: 612128K(685056K)->639736K(685056K)
[3.768s][info][gc,metaspace   ] GC(81) Metaspace: 6301K(6464K)->6301K(6464K) NonClass: 5768K(5824K)->5768K(5824K) Class: 533K(640K)->533K(640K)
[3.768s][info][gc             ] GC(81) Pause Young (Allocation Failure) 652M->652M(762M) 50.475ms
[3.768s][info][gc,cpu         ] GC(81) User=0.23s Sys=0.05s Real=0.05s
[3.788s][info][gc,start       ] GC(82) Pause Young (Allocation Failure)
[3.812s][info][gc,heap        ] GC(82) PSYoungGen: 45536K(95232K)->33952K(89600K) Eden: 16896K(16896K)->0K(18944K) From: 28640K(78336K)->33952K(70656K)
[3.812s][info][gc,heap        ] GC(82) ParOldGen: 639736K(685056K)->651560K(685056K)
[3.813s][info][gc,metaspace   ] GC(82) Metaspace: 6301K(6464K)->6301K(6464K) NonClass: 5768K(5824K)->5768K(5824K) Class: 533K(640K)->533K(640K)
[3.813s][info][gc             ] GC(82) Pause Young (Allocation Failure) 669M->669M(756M) 24.469ms
[3.813s][info][gc,cpu         ] GC(82) User=0.09s Sys=0.03s Real=0.03s
[3.837s][info][gc,start       ] GC(83) Pause Young (Allocation Failure)
[3.864s][info][gc,heap        ] GC(83) PSYoungGen: 52896K(89600K)->36000K(92672K) Eden: 18944K(18944K)->0K(18944K) From: 33952K(70656K)->36000K(73728K)
[3.864s][info][gc,heap        ] GC(83) ParOldGen: 651560K(685056K)->668696K(685056K)
[3.864s][info][gc,metaspace   ] GC(83) Metaspace: 6301K(6464K)->6301K(6464K) NonClass: 5768K(5824K)->5768K(5824K) Class: 533K(640K)->533K(640K)
[3.864s][info][gc             ] GC(83) Pause Young (Allocation Failure) 687M->688M(759M) 27.675ms
[3.864s][info][gc,cpu         ] GC(83) User=0.12s Sys=0.02s Real=0.03s
[3.864s][info][gc,start       ] GC(84) Pause Full (Ergonomics)
[3.864s][info][gc,phases,start] GC(84) Marking Phase
[4.021s][info][gc,phases      ] GC(84) Marking Phase 156.308ms
[4.021s][info][gc,phases,start] GC(84) Summary Phase
[4.021s][info][gc,phases      ] GC(84) Summary Phase 0.032ms
[4.021s][info][gc,phases,start] GC(84) Adjust Roots
[4.021s][info][gc,phases      ] GC(84) Adjust Roots 0.149ms
[4.021s][info][gc,phases,start] GC(84) Compaction Phase
[4.083s][info][gc,phases      ] GC(84) Compaction Phase 61.705ms
[4.083s][info][gc,phases,start] GC(84) Post Compact
[4.084s][info][gc,phases      ] GC(84) Post Compact 1.165ms
[4.084s][info][gc,heap        ] GC(84) PSYoungGen: 36000K(92672K)->18915K(37888K) Eden: 0K(18944K)->0K(18944K) From: 36000K(73728K)->18915K(18944K)
[4.084s][info][gc,heap        ] GC(84) ParOldGen: 668696K(685056K)->684708K(763904K)
[4.084s][info][gc,metaspace   ] GC(84) Metaspace: 6301K(6464K)->6301K(6464K) NonClass: 5768K(5824K)->5768K(5824K) Class: 533K(640K)->533K(640K)
[4.084s][info][gc             ] GC(84) Pause Full (Ergonomics) 688M->687M(783M) 220.080ms
[4.084s][info][gc,cpu         ] GC(84) User=1.53s Sys=0.00s Real=0.22s
[4.239s][info][gc,start       ] GC(85) Pause Young (Allocation Failure)
[4.285s][info][gc,heap        ] GC(85) PSYoungGen: 37859K(37888K)->28320K(89088K) Eden: 18944K(18944K)->0K(20992K) From: 18915K(18944K)->28320K(68096K)
[4.285s][info][gc,heap        ] GC(85) ParOldGen: 717476K(763904K)->727356K(763904K)
[4.285s][info][gc,metaspace   ] GC(85) Metaspace: 6301K(6464K)->6301K(6464K) NonClass: 5768K(5824K)->5768K(5824K) Class: 533K(640K)->533K(640K)
[4.285s][info][gc             ] GC(85) Pause Young (Allocation Failure) 737M->737M(833M) 46.292ms
[4.285s][info][gc,cpu         ] GC(85) User=0.20s Sys=0.00s Real=0.05s
[4.307s][info][gc,start       ] GC(86) Pause Young (Allocation Failure)
[4.332s][info][gc,heap        ] GC(86) PSYoungGen: 49312K(89088K)->49280K(90624K) Eden: 20992K(20992K)->0K(20992K) From: 28320K(68096K)->49280K(69632K)
[4.332s][info][gc,heap        ] GC(86) ParOldGen: 727356K(763904K)->727356K(763904K)
[4.332s][info][gc,metaspace   ] GC(86) Metaspace: 6301K(6464K)->6301K(6464K) NonClass: 5768K(5824K)->5768K(5824K) Class: 533K(640K)->533K(640K)
[4.332s][info][gc             ] GC(86) Pause Young (Allocation Failure) 758M->758M(834M) 24.802ms
[4.332s][info][gc,cpu         ] GC(86) User=0.14s Sys=0.00s Real=0.02s
[4.354s][info][gc,start       ] GC(87) Pause Young (Allocation Failure)
[4.388s][info][gc,heap        ] GC(87) PSYoungGen: 70272K(90624K)->70336K(85504K) Eden: 20992K(20992K)->0K(14848K) From: 49280K(69632K)->70336K(70656K)
[4.388s][info][gc,heap        ] GC(87) ParOldGen: 727356K(763904K)->727356K(763904K)
[4.388s][info][gc,metaspace   ] GC(87) Metaspace: 6301K(6464K)->6301K(6464K) NonClass: 5768K(5824K)->5768K(5824K) Class: 533K(640K)->533K(640K)
[4.388s][info][gc             ] GC(87) Pause Young (Allocation Failure) 778M->778M(829M) 33.834ms
[4.388s][info][gc,cpu         ] GC(87) User=0.19s Sys=0.03s Real=0.03s
[4.404s][info][gc,start       ] GC(88) Pause Young (Allocation Failure)
[4.442s][info][gc,heap        ] GC(88) PSYoungGen: 85184K(85504K)->75936K(94208K) Eden: 14848K(14848K)->0K(14848K) From: 70336K(70656K)->75936K(79360K)
[4.443s][info][gc,heap        ] GC(88) ParOldGen: 727356K(763904K)->736716K(763904K)
[4.443s][info][gc,metaspace   ] GC(88) Metaspace: 6301K(6464K)->6301K(6464K) NonClass: 5768K(5824K)->5768K(5824K) Class: 533K(640K)->533K(640K)
[4.443s][info][gc             ] GC(88) Pause Young (Allocation Failure) 793M->793M(838M) 38.699ms
[4.443s][info][gc,cpu         ] GC(88) User=0.27s Sys=0.00s Real=0.04s
[4.457s][info][gc,start       ] GC(89) Pause Young (Allocation Failure)
[4.500s][info][gc,heap        ] GC(89) PSYoungGen: 90784K(94208K)->71840K(99328K) Eden: 14848K(14848K)->0K(11264K) From: 75936K(79360K)->71840K(88064K)
[4.500s][info][gc,heap        ] GC(89) ParOldGen: 736716K(763904K)->755924K(763904K)
[4.500s][info][gc,metaspace   ] GC(89) Metaspace: 6301K(6464K)->6301K(6464K) NonClass: 5768K(5824K)->5768K(5824K) Class: 533K(640K)->533K(640K)
[4.500s][info][gc             ] GC(89) Pause Young (Allocation Failure) 808M->808M(843M) 43.119ms
[4.500s][info][gc,cpu         ] GC(89) User=0.23s Sys=0.02s Real=0.04s
[4.500s][info][gc,start       ] GC(90) Pause Full (Ergonomics)
[4.500s][info][gc,phases,start] GC(90) Marking Phase
[4.682s][info][gc,phases      ] GC(90) Marking Phase 181.081ms
[4.682s][info][gc,phases,start] GC(90) Summary Phase
[4.682s][info][gc,phases      ] GC(90) Summary Phase 0.023ms
[4.682s][info][gc,phases,start] GC(90) Adjust Roots
[4.682s][info][gc,phases      ] GC(90) Adjust Roots 0.146ms
[4.682s][info][gc,phases,start] GC(90) Compaction Phase
[4.821s][info][gc,phases      ] GC(90) Compaction Phase 138.937ms
[4.821s][info][gc,phases,start] GC(90) Post Compact
[4.823s][info][gc,phases      ] GC(90) Post Compact 1.794ms
[4.823s][info][gc,heap        ] GC(90) PSYoungGen: 71840K(99328K)->47025K(99328K) Eden: 0K(11264K)->0K(11264K) From: 71840K(88064K)->47025K(88064K)
[4.823s][info][gc,heap        ] GC(90) ParOldGen: 755924K(763904K)->763449K(843264K)
[4.823s][info][gc,metaspace   ] GC(90) Metaspace: 6301K(6464K)->6301K(6464K) NonClass: 5768K(5824K)->5768K(5824K) Class: 533K(640K)->533K(640K)
[4.823s][info][gc             ] GC(90) Pause Full (Ergonomics) 808M->791M(920M) 322.630ms
[4.823s][info][gc,cpu         ] GC(90) User=2.16s Sys=0.02s Real=0.32s
[4.837s][info][gc,start       ] GC(91) Pause Young (Allocation Failure)
[4.893s][info][gc,heap        ] GC(91) PSYoungGen: 58289K(99328K)->31936K(43520K) Eden: 11264K(11264K)->0K(11264K) From: 47025K(88064K)->31936K(32256K)
[4.893s][info][gc,heap        ] GC(91) ParOldGen: 763449K(843264K)->790313K(843264K)
[4.893s][info][gc,metaspace   ] GC(91) Metaspace: 6301K(6464K)->6301K(6464K) NonClass: 5768K(5824K)->5768K(5824K) Class: 533K(640K)->533K(640K)
[4.893s][info][gc             ] GC(91) Pause Young (Allocation Failure) 802M->802M(866M) 55.707ms
[4.893s][info][gc,cpu         ] GC(91) User=0.36s Sys=0.03s Real=0.06s
[4.905s][info][gc,start       ] GC(92) Pause Young (Allocation Failure)
[4.927s][info][gc,heap        ] GC(92) PSYoungGen: 43200K(43520K)->33472K(100352K) Eden: 11264K(11264K)->0K(12800K) From: 31936K(32256K)->33472K(87552K)
[4.927s][info][gc,heap        ] GC(92) ParOldGen: 790313K(843264K)->800201K(843264K)
[4.927s][info][gc,metaspace   ] GC(92) Metaspace: 6301K(6464K)->6301K(6464K) NonClass: 5768K(5824K)->5768K(5824K) Class: 533K(640K)->533K(640K)
[4.927s][info][gc             ] GC(92) Pause Young (Allocation Failure) 813M->814M(921M) 21.713ms
[4.927s][info][gc,cpu         ] GC(92) User=0.14s Sys=0.00s Real=0.02s
[4.941s][info][gc,start       ] GC(93) Pause Young (Allocation Failure)
[4.964s][info][gc,heap        ] GC(93) PSYoungGen: 46272K(100352K)->35424K(48640K) Eden: 12800K(12800K)->0K(12800K) From: 33472K(87552K)->35424K(35840K)
[4.964s][info][gc,heap        ] GC(93) ParOldGen: 800201K(843264K)->811177K(843264K)
[4.964s][info][gc,metaspace   ] GC(93) Metaspace: 6301K(6464K)->6301K(6464K) NonClass: 5768K(5824K)->5768K(5824K) Class: 533K(640K)->533K(640K)
[4.964s][info][gc             ] GC(93) Pause Young (Allocation Failure) 826M->826M(871M) 23.518ms
[4.964s][info][gc,cpu         ] GC(93) User=0.12s Sys=0.00s Real=0.02s
[4.979s][info][gc,start       ] GC(94) Pause Young (Allocation Failure)
[5.003s][info][gc,heap        ] GC(94) PSYoungGen: 48224K(48640K)->25760K(98816K) Eden: 12800K(12800K)->0K(14336K) From: 35424K(35840K)->25760K(84480K)
[5.003s][info][gc,heap        ] GC(94) ParOldGen: 811177K(843264K)->833985K(843264K)
[5.003s][info][gc,metaspace   ] GC(94) Metaspace: 6301K(6464K)->6301K(6464K) NonClass: 5768K(5824K)->5768K(5824K) Class: 533K(640K)->533K(640K)
[5.003s][info][gc             ] GC(94) Pause Young (Allocation Failure) 839M->839M(920M) 24.684ms
[5.003s][info][gc,cpu         ] GC(94) User=0.08s Sys=0.06s Real=0.03s
[5.003s][info][gc,start       ] GC(95) Pause Full (Ergonomics)
[5.003s][info][gc,phases,start] GC(95) Marking Phase
[5.197s][info][gc,phases      ] GC(95) Marking Phase 193.938ms
[5.197s][info][gc,phases,start] GC(95) Summary Phase
[5.197s][info][gc,phases      ] GC(95) Summary Phase 0.036ms
[5.197s][info][gc,phases,start] GC(95) Adjust Roots
[5.198s][info][gc,phases      ] GC(95) Adjust Roots 0.176ms
[5.198s][info][gc,phases,start] GC(95) Compaction Phase
[5.282s][info][gc,phases      ] GC(95) Compaction Phase 84.115ms
[5.282s][info][gc,phases,start] GC(95) Post Compact
[5.284s][info][gc,phases      ] GC(95) Post Compact 1.785ms
[5.284s][info][gc,heap        ] GC(95) PSYoungGen: 25760K(98816K)->15321K(99840K) Eden: 0K(14336K)->0K(15360K) From: 25760K(84480K)->15321K(84480K)
[5.284s][info][gc,heap        ] GC(95) ParOldGen: 833985K(843264K)->843164K(931328K)
[5.284s][info][gc,metaspace   ] GC(95) Metaspace: 6301K(6464K)->6301K(6464K) NonClass: 5768K(5824K)->5768K(5824K) Class: 533K(640K)->533K(640K)
[5.284s][info][gc             ] GC(95) Pause Full (Ergonomics) 839M->838M(1007M) 280.840ms
[5.284s][info][gc,cpu         ] GC(95) User=1.92s Sys=0.00s Real=0.28s
[5.304s][info][gc,start       ] GC(96) Pause Young (Allocation Failure)
[5.353s][info][gc,heap        ] GC(96) PSYoungGen: 30681K(99840K)->15456K(100864K) Eden: 15360K(15360K)->0K(15360K) From: 15321K(84480K)->15456K(85504K)
[5.353s][info][gc,heap        ] GC(96) ParOldGen: 843164K(931328K)->858708K(931328K)
[5.353s][info][gc,metaspace   ] GC(96) Metaspace: 6301K(6464K)->6301K(6464K) NonClass: 5768K(5824K)->5768K(5824K) Class: 533K(640K)->533K(640K)
[5.353s][info][gc             ] GC(96) Pause Young (Allocation Failure) 853M->853M(1008M) 48.395ms
[5.353s][info][gc,cpu         ] GC(96) User=0.28s Sys=0.00s Real=0.05s
[5.369s][info][gc,start       ] GC(97) Pause Young (Allocation Failure)
[5.388s][info][gc,heap        ] GC(97) PSYoungGen: 30816K(100864K)->30880K(96768K) Eden: 15360K(15360K)->0K(16896K) From: 15456K(85504K)->30880K(79872K)
[5.388s][info][gc,heap        ] GC(97) ParOldGen: 858708K(931328K)->858708K(931328K)
[5.388s][info][gc,metaspace   ] GC(97) Metaspace: 6301K(6464K)->6301K(6464K) NonClass: 5768K(5824K)->5768K(5824K) Class: 533K(640K)->533K(640K)
[5.388s][info][gc             ] GC(97) Pause Young (Allocation Failure) 868M->868M(1004M) 18.813ms
[5.388s][info][gc,cpu         ] GC(97) User=0.03s Sys=0.00s Real=0.02s
[5.406s][info][gc,start       ] GC(98) Pause Young (Allocation Failure)
[5.432s][info][gc,heap        ] GC(98) PSYoungGen: 47776K(96768K)->32448K(49664K) Eden: 16896K(16896K)->0K(16896K) From: 30880K(79872K)->32448K(32768K)
[5.432s][info][gc,heap        ] GC(98) ParOldGen: 858708K(931328K)->874268K(931328K)
[5.432s][info][gc,metaspace   ] GC(98) Metaspace: 6301K(6464K)->6301K(6464K) NonClass: 5768K(5824K)->5768K(5824K) Class: 533K(640K)->533K(640K)
[5.432s][info][gc             ] GC(98) Pause Young (Allocation Failure) 885M->885M(958M) 25.546ms
[5.432s][info][gc,cpu         ] GC(98) User=0.14s Sys=0.00s Real=0.03s
[5.450s][info][gc,start       ] GC(99) Pause Young (Allocation Failure)
[5.477s][info][gc,heap        ] GC(99) PSYoungGen: 49344K(49664K)->33888K(92160K) Eden: 16896K(16896K)->0K(18944K) From: 32448K(32768K)->33888K(73216K)
[5.477s][info][gc,heap        ] GC(99) ParOldGen: 874268K(931328K)->889828K(931328K)
[5.477s][info][gc,metaspace   ] GC(99) Metaspace: 6301K(6464K)->6301K(6464K) NonClass: 5768K(5824K)->5768K(5824K) Class: 533K(640K)->533K(640K)
[5.477s][info][gc             ] GC(99) Pause Young (Allocation Failure) 901M->902M(999M) 26.348ms
[5.477s][info][gc,cpu         ] GC(99) User=0.14s Sys=0.00s Real=0.03s
[5.497s][info][gc,start       ] GC(100) Pause Young (Allocation Failure)
[5.525s][info][gc,heap        ] GC(100) PSYoungGen: 52832K(92160K)->35968K(55296K) Eden: 18944K(18944K)->0K(18944K) From: 33888K(73216K)->35968K(36352K)
[5.525s][info][gc,heap        ] GC(100) ParOldGen: 889828K(931328K)->906940K(931328K)
[5.525s][info][gc,metaspace   ] GC(100) Metaspace: 6301K(6464K)->6301K(6464K) NonClass: 5768K(5824K)->5768K(5824K) Class: 533K(640K)->533K(640K)
[5.525s][info][gc             ] GC(100) Pause Young (Allocation Failure) 920M->920M(963M) 27.921ms
[5.525s][info][gc,cpu         ] GC(100) User=0.14s Sys=0.00s Real=0.03s
[5.525s][info][gc,start       ] GC(101) Pause Full (Ergonomics)
[5.525s][info][gc,phases,start] GC(101) Marking Phase
[5.731s][info][gc,phases      ] GC(101) Marking Phase 205.967ms
[5.731s][info][gc,phases,start] GC(101) Summary Phase
[5.731s][info][gc,phases      ] GC(101) Summary Phase 0.025ms
[5.731s][info][gc,phases,start] GC(101) Adjust Roots
[5.732s][info][gc,phases      ] GC(101) Adjust Roots 0.162ms
[5.732s][info][gc,phases,start] GC(101) Compaction Phase
[5.822s][info][gc,phases      ] GC(101) Compaction Phase 90.271ms
[5.822s][info][gc,phases,start] GC(101) Post Compact
[5.824s][info][gc,phases      ] GC(101) Post Compact 1.704ms
[5.824s][info][gc,heap        ] GC(101) PSYoungGen: 35968K(55296K)->10748K(55296K) Eden: 0K(18944K)->0K(18944K) From: 35968K(36352K)->10748K(36352K)
[5.824s][info][gc,heap        ] GC(101) ParOldGen: 906940K(931328K)->931035K(1022464K)
[5.824s][info][gc,metaspace   ] GC(101) Metaspace: 6301K(6464K)->6301K(6464K) NonClass: 5768K(5824K)->5768K(5824K) Class: 533K(640K)->533K(640K)
[5.824s][info][gc             ] GC(101) Pause Full (Ergonomics) 920M->919M(1052M) 298.877ms
[5.824s][info][gc,cpu         ] GC(101) User=2.03s Sys=0.02s Real=0.30s
[5.849s][info][gc,start       ] GC(102) Pause Young (Allocation Failure)
[5.901s][info][gc,heap        ] GC(102) PSYoungGen: 29692K(55296K)->22944K(91136K) Eden: 18944K(18944K)->0K(20992K) From: 10748K(36352K)->22944K(70144K)
[5.901s][info][gc,heap        ] GC(102) ParOldGen: 931035K(1022464K)->938075K(1022464K)
[5.901s][info][gc,metaspace   ] GC(102) Metaspace: 6301K(6464K)->6301K(6464K) NonClass: 5768K(5824K)->5768K(5824K) Class: 533K(640K)->533K(640K)
[5.901s][info][gc             ] GC(102) Pause Young (Allocation Failure) 938M->938M(1087M) 52.472ms
[5.901s][info][gc,cpu         ] GC(102) User=0.28s Sys=0.00s Real=0.05s
[5.924s][info][gc,start       ] GC(103) Pause Young (Allocation Failure)
[5.949s][info][gc,heap        ] GC(103) PSYoungGen: 43936K(91136K)->43904K(92672K) Eden: 20992K(20992K)->0K(20992K) From: 22944K(70144K)->43904K(71680K)
[5.949s][info][gc,heap        ] GC(103) ParOldGen: 938075K(1022464K)->938075K(1022464K)
[5.949s][info][gc,metaspace   ] GC(103) Metaspace: 6301K(6464K)->6301K(6464K) NonClass: 5768K(5824K)->5768K(5824K) Class: 533K(640K)->533K(640K)
[5.949s][info][gc             ] GC(103) Pause Young (Allocation Failure) 958M->958M(1089M) 24.750ms
[5.949s][info][gc,cpu         ] GC(103) User=0.12s Sys=0.00s Real=0.03s
[5.972s][info][gc,start       ] GC(104) Pause Young (Allocation Failure)
[6.004s][info][gc,heap        ] GC(104) PSYoungGen: 64896K(92672K)->64928K(88064K) Eden: 20992K(20992K)->0K(16896K) From: 43904K(71680K)->64928K(71168K)
[6.004s][info][gc,heap        ] GC(104) ParOldGen: 938075K(1022464K)->938075K(1022464K)
[6.004s][info][gc,metaspace   ] GC(104) Metaspace: 6301K(6464K)->6301K(6464K) NonClass: 5768K(5824K)->5768K(5824K) Class: 533K(640K)->533K(640K)
[6.004s][info][gc             ] GC(104) Pause Young (Allocation Failure) 979M->979M(1084M) 32.252ms
[6.004s][info][gc,cpu         ] GC(104) User=0.14s Sys=0.00s Real=0.03s
[6.023s][info][gc,start       ] GC(105) Pause Young (Allocation Failure)
[6.062s][info][gc,heap        ] GC(105) PSYoungGen: 81824K(88064K)->77824K(94720K) Eden: 16896K(16896K)->0K(16896K) From: 64928K(71168K)->77824K(77824K)
[6.062s][info][gc,heap        ] GC(105) ParOldGen: 938075K(1022464K)->942083K(1022464K)
[6.062s][info][gc,metaspace   ] GC(105) Metaspace: 6301K(6464K)->6301K(6464K) NonClass: 5768K(5824K)->5768K(5824K) Class: 533K(640K)->533K(640K)
[6.062s][info][gc             ] GC(105) Pause Young (Allocation Failure) 995M->996M(1091M) 38.953ms
[6.062s][info][gc,cpu         ] GC(105) User=0.25s Sys=0.00s Real=0.04s
[6.081s][info][gc,start       ] GC(106) Pause Young (Allocation Failure)
[6.127s][info][gc,heap        ] GC(106) PSYoungGen: 94720K(94720K)->54816K(108544K) Eden: 16896K(16896K)->0K(19456K) From: 77824K(77824K)->54816K(89088K)
[6.127s][info][gc,heap        ] GC(106) ParOldGen: 942083K(1022464K)->982539K(1022464K)
[6.127s][info][gc,metaspace   ] GC(106) Metaspace: 6301K(6464K)->6301K(6464K) NonClass: 5768K(5824K)->5768K(5824K) Class: 533K(640K)->533K(640K)
[6.127s][info][gc             ] GC(106) Pause Young (Allocation Failure) 1012M->1013M(1104M) 46.394ms
[6.127s][info][gc,cpu         ] GC(106) User=0.20s Sys=0.05s Real=0.05s
[6.149s][info][gc,start       ] GC(107) Pause Young (Allocation Failure)
[6.187s][info][gc,heap        ] GC(107) PSYoungGen: 74272K(108544K)->36544K(108544K) Eden: 19456K(19456K)->0K(19456K) From: 54816K(89088K)->36544K(89088K)
[6.187s][info][gc,heap        ] GC(107) ParOldGen: 982539K(1022464K)->1020811K(1022464K)
[6.187s][info][gc,metaspace   ] GC(107) Metaspace: 6301K(6464K)->6301K(6464K) NonClass: 5768K(5824K)->5768K(5824K) Class: 533K(640K)->533K(640K)
[6.187s][info][gc             ] GC(107) Pause Young (Allocation Failure) 1032M->1032M(1104M) 37.923ms
[6.187s][info][gc,cpu         ] GC(107) User=0.25s Sys=0.00s Real=0.04s
[6.187s][info][gc,start       ] GC(108) Pause Full (Ergonomics)
[6.187s][info][gc,phases,start] GC(108) Marking Phase
[6.416s][info][gc,phases      ] GC(108) Marking Phase 228.887ms
[6.416s][info][gc,phases,start] GC(108) Summary Phase
[6.416s][info][gc,phases      ] GC(108) Summary Phase 0.027ms
[6.416s][info][gc,phases,start] GC(108) Adjust Roots
[6.416s][info][gc,phases      ] GC(108) Adjust Roots 0.155ms
[6.416s][info][gc,phases,start] GC(108) Compaction Phase
[6.510s][info][gc,phases      ] GC(108) Compaction Phase 93.672ms
[6.510s][info][gc,phases,start] GC(108) Post Compact
[6.512s][info][gc,phases      ] GC(108) Post Compact 1.721ms
[6.512s][info][gc,heap        ] GC(108) PSYoungGen: 36544K(108544K)->33735K(108544K) Eden: 0K(19456K)->0K(19456K) From: 36544K(89088K)->33735K(89088K)
[6.512s][info][gc,heap        ] GC(108) ParOldGen: 1020811K(1022464K)->1022038K(1133568K)
[6.512s][info][gc,metaspace   ] GC(108) Metaspace: 6301K(6464K)->6301K(6464K) NonClass: 5768K(5824K)->5768K(5824K) Class: 533K(640K)->533K(640K)
[6.512s][info][gc             ] GC(108) Pause Full (Ergonomics) 1032M->1031M(1213M) 325.150ms
[6.512s][info][gc,cpu         ] GC(108) User=2.47s Sys=0.00s Real=0.33s
[6.537s][info][gc,start       ] GC(109) Pause Young (Allocation Failure)
[6.603s][info][gc,heap        ] GC(109) PSYoungGen: 53191K(108544K)->19584K(107520K) Eden: 19456K(19456K)->0K(21504K) From: 33735K(89088K)->19584K(86016K)
[6.603s][info][gc,heap        ] GC(109) ParOldGen: 1022038K(1133568K)->1056262K(1133568K)
[6.603s][info][gc,metaspace   ] GC(109) Metaspace: 6301K(6464K)->6301K(6464K) NonClass: 5768K(5824K)->5768K(5824K) Class: 533K(640K)->533K(640K)
[6.603s][info][gc             ] GC(109) Pause Young (Allocation Failure) 1050M->1050M(1212M) 65.724ms
[6.603s][info][gc,cpu         ] GC(109) User=0.41s Sys=0.00s Real=0.07s
[6.627s][info][gc,start       ] GC(110) Pause Young (Allocation Failure)
[6.651s][info][gc,heap        ] GC(110) PSYoungGen: 41088K(107520K)->21664K(108032K) Eden: 21504K(21504K)->0K(21504K) From: 19584K(86016K)->21664K(86528K)
[6.651s][info][gc,heap        ] GC(110) ParOldGen: 1056262K(1133568K)->1075982K(1133568K)
[6.651s][info][gc,metaspace   ] GC(110) Metaspace: 6301K(6464K)->6301K(6464K) NonClass: 5768K(5824K)->5768K(5824K) Class: 533K(640K)->533K(640K)
[6.651s][info][gc             ] GC(110) Pause Young (Allocation Failure) 1071M->1071M(1212M) 24.062ms
[6.651s][info][gc,cpu         ] GC(110) User=0.12s Sys=0.00s Real=0.02s
[6.675s][info][gc,start       ] GC(111) Pause Young (Allocation Failure)
[6.700s][info][gc,heap        ] GC(111) PSYoungGen: 43168K(108032K)->21632K(106496K) Eden: 21504K(21504K)->0K(24064K) From: 21664K(86528K)->21632K(82432K)
[6.700s][info][gc,heap        ] GC(111) ParOldGen: 1075982K(1133568K)->1097790K(1133568K)
[6.700s][info][gc,metaspace   ] GC(111) Metaspace: 6301K(6464K)->6301K(6464K) NonClass: 5768K(5824K)->5768K(5824K) Class: 533K(640K)->533K(640K)
[6.700s][info][gc             ] GC(111) Pause Young (Allocation Failure) 1092M->1093M(1211M) 25.101ms
[6.700s][info][gc,cpu         ] GC(111) User=0.06s Sys=0.06s Real=0.02s
[6.700s][info][gc,start       ] GC(112) Pause Full (Ergonomics)
[6.700s][info][gc,phases,start] GC(112) Marking Phase
[6.940s][info][gc,phases      ] GC(112) Marking Phase 239.476ms
[6.940s][info][gc,phases,start] GC(112) Summary Phase
[6.940s][info][gc,phases      ] GC(112) Summary Phase 0.039ms
[6.940s][info][gc,phases,start] GC(112) Adjust Roots
[6.940s][info][gc,phases      ] GC(112) Adjust Roots 0.149ms
[6.940s][info][gc,phases,start] GC(112) Compaction Phase
[7.028s][info][gc,phases      ] GC(112) Compaction Phase 87.763ms
[7.028s][info][gc,phases,start] GC(112) Post Compact
[7.029s][info][gc,phases      ] GC(112) Post Compact 1.749ms
[7.030s][info][gc,heap        ] GC(112) PSYoungGen: 21632K(106496K)->0K(108032K) Eden: 0K(24064K)->0K(24064K) From: 21632K(82432K)->0K(83968K)
[7.030s][info][gc,heap        ] GC(112) ParOldGen: 1097790K(1133568K)->1118148K(1238528K)
[7.030s][info][gc,metaspace   ] GC(112) Metaspace: 6301K(6464K)->6301K(6464K) NonClass: 5768K(5824K)->5768K(5824K) Class: 533K(640K)->533K(640K)
[7.030s][info][gc             ] GC(112) Pause Full (Ergonomics) 1093M->1091M(1315M) 329.856ms
[7.030s][info][gc,cpu         ] GC(112) User=2.47s Sys=0.00s Real=0.33s
[7.058s][info][gc,start       ] GC(113) Pause Young (Allocation Failure)
[7.074s][info][gc,heap        ] GC(113) PSYoungGen: 24064K(108032K)->24224K(105472K) Eden: 24064K(24064K)->0K(26624K) From: 0K(83968K)->24224K(78848K)
[7.074s][info][gc,heap        ] GC(113) ParOldGen: 1118148K(1238528K)->1118148K(1238528K)
[7.074s][info][gc,metaspace   ] GC(113) Metaspace: 6301K(6464K)->6301K(6464K) NonClass: 5768K(5824K)->5768K(5824K) Class: 533K(640K)->533K(640K)
[7.074s][info][gc             ] GC(113) Pause Young (Allocation Failure) 1115M->1115M(1312M) 16.210ms
[7.074s][info][gc,cpu         ] GC(113) User=0.02s Sys=0.00s Real=0.02s
[7.107s][info][gc,start       ] GC(114) Pause Young (Allocation Failure)
[7.134s][info][gc,heap        ] GC(114) PSYoungGen: 50848K(105472K)->50880K(108032K) Eden: 26624K(26624K)->0K(26624K) From: 24224K(78848K)->50880K(81408K)
[7.134s][info][gc,heap        ] GC(114) ParOldGen: 1118148K(1238528K)->1118148K(1238528K)
[7.134s][info][gc,metaspace   ] GC(114) Metaspace: 6301K(6464K)->6301K(6464K) NonClass: 5768K(5824K)->5768K(5824K) Class: 533K(640K)->533K(640K)
[7.134s][info][gc             ] GC(114) Pause Young (Allocation Failure) 1141M->1141M(1315M) 27.215ms
[7.134s][info][gc,cpu         ] GC(114) User=0.12s Sys=0.00s Real=0.03s
[7.166s][info][gc,start       ] GC(115) Pause Young (Allocation Failure)
[7.206s][info][gc,heap        ] GC(115) PSYoungGen: 77504K(108032K)->77504K(101376K) Eden: 26624K(26624K)->0K(18944K) From: 50880K(81408K)->77504K(82432K)
[7.206s][info][gc,heap        ] GC(115) ParOldGen: 1118148K(1238528K)->1118148K(1238528K)
[7.206s][info][gc,metaspace   ] GC(115) Metaspace: 6301K(6464K)->6301K(6464K) NonClass: 5768K(5824K)->5768K(5824K) Class: 533K(640K)->533K(640K)
[7.206s][info][gc             ] GC(115) Pause Young (Allocation Failure) 1167M->1167M(1308M) 39.730ms
[7.206s][info][gc,cpu         ] GC(115) User=0.17s Sys=0.08s Real=0.04s
[7.229s][info][gc,start       ] GC(116) Pause Young (Allocation Failure)
[7.275s][info][gc,heap        ] GC(116) PSYoungGen: 96448K(101376K)->92672K(111616K) Eden: 18944K(18944K)->0K(18944K) From: 77504K(82432K)->92672K(92672K)
[7.275s][info][gc,heap        ] GC(116) ParOldGen: 1118148K(1238528K)->1121892K(1238528K)
[7.275s][info][gc,metaspace   ] GC(116) Metaspace: 6301K(6464K)->6301K(6464K) NonClass: 5768K(5824K)->5768K(5824K) Class: 533K(640K)->533K(640K)
[7.275s][info][gc             ] GC(116) Pause Young (Allocation Failure) 1186M->1186M(1318M) 46.812ms
[7.275s][info][gc,cpu         ] GC(116) User=0.27s Sys=0.00s Real=0.05s
[7.298s][info][gc,start       ] GC(117) Pause Young (Allocation Failure)
[7.358s][info][gc,heap        ] GC(117) PSYoungGen: 111616K(111616K)->63104K(128512K) Eden: 18944K(18944K)->0K(20992K) From: 92672K(92672K)->63104K(107520K)
[7.358s][info][gc,heap        ] GC(117) ParOldGen: 1121892K(1238528K)->1171172K(1238528K)
[7.358s][info][gc,metaspace   ] GC(117) Metaspace: 6301K(6464K)->6301K(6464K) NonClass: 5768K(5824K)->5768K(5824K) Class: 533K(640K)->533K(640K)
[7.358s][info][gc             ] GC(117) Pause Young (Allocation Failure) 1204M->1205M(1335M) 60.187ms
[7.358s][info][gc,cpu         ] GC(117) User=0.36s Sys=0.02s Real=0.06s
[7.383s][info][gc,start       ] GC(118) Pause Young (Allocation Failure)
[7.426s][info][gc,heap        ] GC(118) PSYoungGen: 84096K(128512K)->58304K(128512K) Eden: 20992K(20992K)->0K(20992K) From: 63104K(107520K)->58304K(107520K)
[7.426s][info][gc,heap        ] GC(118) ParOldGen: 1171172K(1238528K)->1197268K(1238528K)
[7.426s][info][gc,metaspace   ] GC(118) Metaspace: 6301K(6464K)->6301K(6464K) NonClass: 5768K(5824K)->5768K(5824K) Class: 533K(640K)->533K(640K)
[7.426s][info][gc             ] GC(118) Pause Young (Allocation Failure) 1225M->1226M(1335M) 42.349ms
[7.426s][info][gc,cpu         ] GC(118) User=0.23s Sys=0.02s Real=0.04s
[7.426s][info][gc,start       ] GC(119) Pause Full (Ergonomics)
[7.426s][info][gc,phases,start] GC(119) Marking Phase
[7.710s][info][gc,phases      ] GC(119) Marking Phase 283.790ms
[7.710s][info][gc,phases,start] GC(119) Summary Phase
[7.710s][info][gc,phases      ] GC(119) Summary Phase 0.030ms
[7.710s][info][gc,phases,start] GC(119) Adjust Roots
[7.710s][info][gc,phases      ] GC(119) Adjust Roots 0.150ms
[7.710s][info][gc,phases,start] GC(119) Compaction Phase
[7.809s][info][gc,phases      ] GC(119) Compaction Phase 98.980ms
[7.809s][info][gc,phases,start] GC(119) Post Compact
[7.811s][info][gc,phases      ] GC(119) Post Compact 2.024ms
[7.811s][info][gc,heap        ] GC(119) PSYoungGen: 58304K(128512K)->15639K(128512K) Eden: 0K(20992K)->0K(20992K) From: 58304K(107520K)->15639K(107520K)
[7.811s][info][gc,heap        ] GC(119) ParOldGen: 1197268K(1238528K)->1238523K(1373184K)
[7.811s][info][gc,metaspace   ] GC(119) Metaspace: 6301K(6464K)->6301K(6464K) NonClass: 5768K(5824K)->5768K(5824K) Class: 533K(640K)->533K(640K)
[7.811s][info][gc             ] GC(119) Pause Full (Ergonomics) 1226M->1224M(1466M) 385.768ms
[7.811s][info][gc,cpu         ] GC(119) User=2.78s Sys=0.02s Real=0.39s
[7.836s][info][gc,start       ] GC(120) Pause Young (Allocation Failure)
[7.907s][info][gc,heap        ] GC(120) PSYoungGen: 36631K(128512K)->32640K(122880K) Eden: 20992K(20992K)->0K(23552K) From: 15639K(107520K)->32640K(99328K)
[7.907s][info][gc,heap        ] GC(120) ParOldGen: 1238523K(1373184K)->1242787K(1373184K)
[7.907s][info][gc,metaspace   ] GC(120) Metaspace: 6301K(6464K)->6301K(6464K) NonClass: 5768K(5824K)->5768K(5824K) Class: 533K(640K)->533K(640K)
[7.907s][info][gc             ] GC(120) Pause Young (Allocation Failure) 1245M->1245M(1461M) 70.906ms
[7.907s][info][gc,cpu         ] GC(120) User=0.38s Sys=0.00s Real=0.07s
[7.936s][info][gc,start       ] GC(121) Pause Young (Allocation Failure)
[7.968s][info][gc,heap        ] GC(121) PSYoungGen: 56192K(122880K)->56224K(125952K) Eden: 23552K(23552K)->0K(23552K) From: 32640K(99328K)->56224K(102400K)
[7.968s][info][gc,heap        ] GC(121) ParOldGen: 1242787K(1373184K)->1242787K(1373184K)
[7.968s][info][gc,metaspace   ] GC(121) Metaspace: 6301K(6464K)->6301K(6464K) NonClass: 5768K(5824K)->5768K(5824K) Class: 533K(640K)->533K(640K)
[7.968s][info][gc             ] GC(121) Pause Young (Allocation Failure) 1268M->1268M(1464M) 31.663ms
[7.968s][info][gc,cpu         ] GC(121) User=0.14s Sys=0.00s Real=0.03s
[7.988s][info][gc,start       ] GC(122) Pause Young (Allocation Failure)
[8.025s][info][gc,heap        ] GC(122) PSYoungGen: 79776K(125952K)->69632K(123904K) Eden: 23552K(23552K)->0K(23552K) From: 56224K(102400K)->69632K(100352K)
[8.025s][info][gc,heap        ] GC(122) ParOldGen: 1242787K(1373184K)->1242787K(1373184K)
[8.025s][info][gc,metaspace   ] GC(122) Metaspace: 6301K(6464K)->6301K(6464K) NonClass: 5768K(5824K)->5768K(5824K) Class: 533K(640K)->533K(640K)
[8.025s][info][gc             ] GC(122) Pause Young (Allocation Failure) 1291M->1281M(1462M) 36.919ms
[8.025s][info][gc,cpu         ] GC(122) User=0.16s Sys=0.00s Real=0.04s
[8.047s][info][gc,start       ] GC(123) Pause Young (Allocation Failure)
[8.091s][info][gc,heap        ] GC(123) PSYoungGen: 93184K(123904K)->80384K(126464K) Eden: 23552K(23552K)->0K(23552K) From: 69632K(100352K)->80384K(102912K)
[8.091s][info][gc,heap        ] GC(123) ParOldGen: 1242787K(1373184K)->1247467K(1373184K)
[8.091s][info][gc,metaspace   ] GC(123) Metaspace: 6301K(6464K)->6301K(6464K) NonClass: 5768K(5824K)->5768K(5824K) Class: 533K(640K)->533K(640K)
[8.091s][info][gc             ] GC(123) Pause Young (Allocation Failure) 1304M->1296M(1464M) 43.951ms
[8.091s][info][gc,cpu         ] GC(123) User=0.38s Sys=0.00s Real=0.04s
[8.121s][info][gc,start       ] GC(124) Pause Young (Allocation Failure)
[8.179s][info][gc,heap        ] GC(124) PSYoungGen: 103936K(126464K)->97088K(124928K) Eden: 23552K(23552K)->0K(16384K) From: 80384K(102912K)->97088K(108544K)
[8.179s][info][gc,heap        ] GC(124) ParOldGen: 1247467K(1373184K)->1254459K(1373184K)
[8.179s][info][gc,metaspace   ] GC(124) Metaspace: 6301K(6464K)->6301K(6464K) NonClass: 5768K(5824K)->5768K(5824K) Class: 533K(640K)->533K(640K)
[8.179s][info][gc             ] GC(124) Pause Young (Allocation Failure) 1319M->1319M(1463M) 58.077ms
[8.179s][info][gc,cpu         ] GC(124) User=0.36s Sys=0.02s Real=0.06s
[8.197s][info][gc,start       ] GC(125) Pause Young (Allocation Failure)
[8.259s][info][gc,heap        ] GC(125) PSYoungGen: 113472K(124928K)->92448K(135168K) Eden: 16384K(16384K)->0K(16384K) From: 97088K(108544K)->92448K(118784K)
[8.259s][info][gc,heap        ] GC(125) ParOldGen: 1254459K(1373184K)->1275739K(1373184K)
[8.259s][info][gc,metaspace   ] GC(125) Metaspace: 6301K(6464K)->6301K(6464K) NonClass: 5768K(5824K)->5768K(5824K) Class: 533K(640K)->533K(640K)
[8.259s][info][gc             ] GC(125) Pause Young (Allocation Failure) 1335M->1336M(1473M) 61.434ms
[8.259s][info][gc,cpu         ] GC(125) User=0.38s Sys=0.02s Real=0.06s
[8.279s][info][gc,start       ] GC(126) Pause Young (Allocation Failure)
[8.341s][info][gc,heap        ] GC(126) PSYoungGen: 108832K(135168K)->71840K(139264K) Eden: 16384K(16384K)->0K(18944K) From: 92448K(118784K)->71840K(120320K)
[8.341s][info][gc,heap        ] GC(126) ParOldGen: 1275739K(1373184K)->1313227K(1373184K)
[8.341s][info][gc,metaspace   ] GC(126) Metaspace: 6301K(6464K)->6301K(6464K) NonClass: 5768K(5824K)->5768K(5824K) Class: 533K(640K)->533K(640K)
[8.341s][info][gc             ] GC(126) Pause Young (Allocation Failure) 1352M->1352M(1477M) 61.573ms
[8.341s][info][gc,cpu         ] GC(126) User=0.38s Sys=0.00s Real=0.06s
[8.365s][info][gc,start       ] GC(127) Pause Young (Allocation Failure)
[8.415s][info][gc,heap        ] GC(127) PSYoungGen: 90784K(139264K)->51904K(71168K) Eden: 18944K(18944K)->0K(18944K) From: 71840K(120320K)->51904K(52224K)
[8.415s][info][gc,heap        ] GC(127) ParOldGen: 1313227K(1373184K)->1352651K(1373184K)
[8.415s][info][gc,metaspace   ] GC(127) Metaspace: 6301K(6464K)->6301K(6464K) NonClass: 5768K(5824K)->5768K(5824K) Class: 533K(640K)->533K(640K)
[8.415s][info][gc             ] GC(127) Pause Young (Allocation Failure) 1371M->1371M(1410M) 50.684ms
[8.415s][info][gc,cpu         ] GC(127) User=0.28s Sys=0.00s Real=0.05s
[8.415s][info][gc,start       ] GC(128) Pause Full (Ergonomics)
[8.415s][info][gc,phases,start] GC(128) Marking Phase
[8.730s][info][gc,phases      ] GC(128) Marking Phase 314.207ms
[8.730s][info][gc,phases,start] GC(128) Summary Phase
[8.730s][info][gc,phases      ] GC(128) Summary Phase 0.035ms
[8.730s][info][gc,phases,start] GC(128) Adjust Roots
[8.730s][info][gc,phases      ] GC(128) Adjust Roots 0.230ms
[8.730s][info][gc,phases,start] GC(128) Compaction Phase
[9.112s][info][gc,phases      ] GC(128) Compaction Phase 381.525ms
[9.112s][info][gc,phases,start] GC(128) Post Compact
[9.114s][info][gc,phases      ] GC(128) Post Compact 2.822ms
[9.115s][info][gc,heap        ] GC(128) PSYoungGen: 51904K(71168K)->29647K(71168K) Eden: 0K(18944K)->0K(18944K) From: 51904K(52224K)->29647K(52224K)
[9.115s][info][gc,heap        ] GC(128) ParOldGen: 1352651K(1373184K)->1372872K(1521664K)
[9.115s][info][gc,metaspace   ] GC(128) Metaspace: 6301K(6464K)->6301K(6464K) NonClass: 5768K(5824K)->5768K(5824K) Class: 533K(640K)->533K(640K)
[9.115s][info][gc             ] GC(128) Pause Full (Ergonomics) 1371M->1369M(1555M) 699.849ms
[9.115s][info][gc,cpu         ] GC(128) User=5.17s Sys=0.03s Real=0.70s
[9.370s][info][gc,start       ] GC(129) Pause Young (Allocation Failure)
[9.449s][info][gc,heap        ] GC(129) PSYoungGen: 48591K(71168K)->28864K(139776K) Eden: 18944K(18944K)->0K(21504K) From: 29647K(52224K)->28864K(118272K)
[9.449s][info][gc,heap        ] GC(129) ParOldGen: 1438408K(1521664K)->1458608K(1521664K)
[9.449s][info][gc,metaspace   ] GC(129) Metaspace: 6301K(6464K)->6301K(6464K) NonClass: 5768K(5824K)->5768K(5824K) Class: 533K(640K)->533K(640K)
[9.449s][info][gc             ] GC(129) Pause Young (Allocation Failure) 1452M->1452M(1622M) 79.011ms
[9.449s][info][gc,cpu         ] GC(129) User=0.42s Sys=0.03s Real=0.08s
[9.469s][info][gc,start       ] GC(130) Pause Young (Allocation Failure)
[9.499s][info][gc,heap        ] GC(130) PSYoungGen: 50368K(139776K)->40640K(62464K) Eden: 21504K(21504K)->0K(21504K) From: 28864K(118272K)->40640K(40960K)
[9.500s][info][gc,heap        ] GC(130) ParOldGen: 1458608K(1521664K)->1468504K(1521664K)
[9.500s][info][gc,metaspace   ] GC(130) Metaspace: 6301K(6464K)->6301K(6464K) NonClass: 5768K(5824K)->5768K(5824K) Class: 533K(640K)->533K(640K)
[9.500s][info][gc             ] GC(130) Pause Young (Allocation Failure) 1473M->1473M(1547M) 30.697ms
[9.500s][info][gc,cpu         ] GC(130) User=0.14s Sys=0.00s Real=0.03s
[9.519s][info][gc,start       ] GC(131) Pause Young (Allocation Failure)
[9.553s][info][gc,heap        ] GC(131) PSYoungGen: 62144K(62464K)->43168K(133632K) Eden: 21504K(21504K)->0K(24576K) From: 40640K(40960K)->43168K(109056K)
[9.553s][info][gc,heap        ] GC(131) ParOldGen: 1468504K(1521664K)->1487688K(1521664K)
[9.553s][info][gc,metaspace   ] GC(131) Metaspace: 6301K(6464K)->6301K(6464K) NonClass: 5768K(5824K)->5768K(5824K) Class: 533K(640K)->533K(640K)
[9.553s][info][gc             ] GC(131) Pause Young (Allocation Failure) 1494M->1494M(1616M) 34.254ms
[9.554s][info][gc,cpu         ] GC(131) User=0.16s Sys=0.00s Real=0.04s
[9.554s][info][gc,start       ] GC(132) Pause Full (Ergonomics)
[9.554s][info][gc,phases,start] GC(132) Marking Phase
[9.887s][info][gc,phases      ] GC(132) Marking Phase 333.658ms
[9.887s][info][gc,phases,start] GC(132) Summary Phase
[9.887s][info][gc,phases      ] GC(132) Summary Phase 0.045ms
[9.887s][info][gc,phases,start] GC(132) Adjust Roots
[9.888s][info][gc,phases      ] GC(132) Adjust Roots 0.162ms
[9.888s][info][gc,phases,start] GC(132) Compaction Phase
[10.121s][info][gc,phases      ] GC(132) Compaction Phase 233.092ms
[10.121s][info][gc,phases,start] GC(132) Post Compact
[10.124s][info][gc,phases      ] GC(132) Post Compact 3.055ms
[10.124s][info][gc,heap        ] GC(132) PSYoungGen: 43168K(133632K)->0K(136704K) Eden: 0K(24576K)->0K(24576K) From: 43168K(109056K)->0K(112128K)
[10.124s][info][gc,heap        ] GC(132) ParOldGen: 1487688K(1521664K)->1497147K(1649152K)
[10.124s][info][gc,metaspace   ] GC(132) Metaspace: 6301K(6464K)->6301K(6464K) NonClass: 5768K(5824K)->5768K(5824K) Class: 533K(640K)->533K(640K)
[10.124s][info][gc             ] GC(132) Pause Full (Ergonomics) 1494M->1462M(1744M) 570.815ms
[10.124s][info][gc,cpu         ] GC(132) User=3.91s Sys=0.00s Real=0.57s
[10.148s][info][gc,start       ] GC(133) Pause Young (Allocation Failure)
[10.169s][info][gc,heap        ] GC(133) PSYoungGen: 24576K(136704K)->24736K(137728K) Eden: 24576K(24576K)->0K(27136K) From: 0K(112128K)->24736K(110592K)
[10.169s][info][gc,heap        ] GC(133) ParOldGen: 1497147K(1649152K)->1497147K(1649152K)
[10.169s][info][gc,metaspace   ] GC(133) Metaspace: 6301K(6464K)->6301K(6464K) NonClass: 5768K(5824K)->5768K(5824K) Class: 533K(640K)->533K(640K)
[10.169s][info][gc             ] GC(133) Pause Young (Allocation Failure) 1486M->1486M(1745M) 21.500ms
[10.169s][info][gc,cpu         ] GC(133) User=0.02s Sys=0.00s Real=0.02s
[10.195s][info][gc,start       ] GC(134) Pause Young (Allocation Failure)
[10.226s][info][gc,heap        ] GC(134) PSYoungGen: 51872K(137728K)->51872K(79360K) Eden: 27136K(27136K)->0K(27136K) From: 24736K(110592K)->51872K(52224K)
[10.226s][info][gc,heap        ] GC(134) ParOldGen: 1497147K(1649152K)->1497147K(1649152K)
[10.226s][info][gc,metaspace   ] GC(134) Metaspace: 6301K(6464K)->6301K(6464K) NonClass: 5768K(5824K)->5768K(5824K) Class: 533K(640K)->533K(640K)
[10.226s][info][gc             ] GC(134) Pause Young (Allocation Failure) 1512M->1512M(1688M) 30.767ms
[10.226s][info][gc,cpu         ] GC(134) User=0.06s Sys=0.00s Real=0.03s
[10.253s][info][gc,start       ] GC(135) Pause Young (Allocation Failure)
[10.293s][info][gc,heap        ] GC(135) PSYoungGen: 79008K(79360K)->79040K(131584K) Eden: 27136K(27136K)->0K(25600K) From: 51872K(52224K)->79040K(105984K)
[10.293s][info][gc,heap        ] GC(135) ParOldGen: 1497147K(1649152K)->1497147K(1649152K)
[10.293s][info][gc,metaspace   ] GC(135) Metaspace: 6301K(6464K)->6301K(6464K) NonClass: 5768K(5824K)->5768K(5824K) Class: 533K(640K)->533K(640K)
[10.293s][info][gc             ] GC(135) Pause Young (Allocation Failure) 1539M->1539M(1739M) 40.412ms
[10.293s][info][gc,cpu         ] GC(135) User=0.19s Sys=0.00s Real=0.04s
[10.319s][info][gc,start       ] GC(136) Pause Young (Allocation Failure)
[10.367s][info][gc,heap        ] GC(136) PSYoungGen: 104640K(131584K)->104704K(136192K) Eden: 25600K(25600K)->0K(25600K) From: 79040K(105984K)->104704K(110592K)
[10.367s][info][gc,heap        ] GC(136) ParOldGen: 1497147K(1649152K)->1497147K(1649152K)
[10.367s][info][gc,metaspace   ] GC(136) Metaspace: 6301K(6464K)->6301K(6464K) NonClass: 5768K(5824K)->5768K(5824K) Class: 533K(640K)->533K(640K)
[10.367s][info][gc             ] GC(136) Pause Young (Allocation Failure) 1564M->1564M(1743M) 48.867ms
[10.367s][info][gc,cpu         ] GC(136) User=0.27s Sys=0.00s Real=0.05s
[10.394s][info][gc,start       ] GC(137) Pause Young (Allocation Failure)
[10.455s][info][gc,heap        ] GC(137) PSYoungGen: 130304K(136192K)->105728K(141312K) Eden: 25600K(25600K)->0K(17920K) From: 104704K(110592K)->105728K(123392K)
[10.455s][info][gc,heap        ] GC(137) ParOldGen: 1497147K(1649152K)->1522043K(1649152K)
[10.455s][info][gc,metaspace   ] GC(137) Metaspace: 6301K(6464K)->6301K(6464K) NonClass: 5768K(5824K)->5768K(5824K) Class: 533K(640K)->533K(640K)
[10.455s][info][gc             ] GC(137) Pause Young (Allocation Failure) 1589M->1589M(1748M) 61.236ms
[10.455s][info][gc,cpu         ] GC(137) User=0.33s Sys=0.05s Real=0.06s
[10.473s][info][gc,start       ] GC(138) Pause Young (Allocation Failure)
[10.531s][info][gc,heap        ] GC(138) PSYoungGen: 123648K(141312K)->96480K(152064K) Eden: 17920K(17920K)->0K(17920K) From: 105728K(123392K)->96480K(134144K)
[10.531s][info][gc,heap        ] GC(138) ParOldGen: 1522043K(1649152K)->1549539K(1649152K)
[10.531s][info][gc,metaspace   ] GC(138) Metaspace: 6301K(6464K)->6301K(6464K) NonClass: 5768K(5824K)->5768K(5824K) Class: 533K(640K)->533K(640K)
[10.531s][info][gc             ] GC(138) Pause Young (Allocation Failure) 1607M->1607M(1759M) 57.324ms
[10.531s][info][gc,cpu         ] GC(138) User=0.38s Sys=0.00s Real=0.06s
[10.548s][info][gc,start       ] GC(139) Pause Young (Allocation Failure)
[10.603s][info][gc,heap        ] GC(139) PSYoungGen: 114400K(152064K)->61600K(146944K) Eden: 17920K(17920K)->0K(20480K) From: 96480K(134144K)->61600K(126464K)
[10.603s][info][gc,heap        ] GC(139) ParOldGen: 1549539K(1649152K)->1602955K(1649152K)
[10.603s][info][gc,metaspace   ] GC(139) Metaspace: 6301K(6464K)->6301K(6464K) NonClass: 5768K(5824K)->5768K(5824K) Class: 533K(640K)->533K(640K)
[10.603s][info][gc             ] GC(139) Pause Young (Allocation Failure) 1624M->1625M(1754M) 54.779ms
[10.603s][info][gc,cpu         ] GC(139) User=0.33s Sys=0.02s Real=0.05s
[10.603s][info][gc,start       ] GC(140) Pause Full (Ergonomics)
[10.603s][info][gc,phases,start] GC(140) Marking Phase
[10.980s][info][gc,phases      ] GC(140) Marking Phase 377.475ms
[10.981s][info][gc,phases,start] GC(140) Summary Phase
[10.981s][info][gc,phases      ] GC(140) Summary Phase 0.037ms
[10.981s][info][gc,phases,start] GC(140) Adjust Roots
[10.981s][info][gc,phases      ] GC(140) Adjust Roots 0.188ms
[10.981s][info][gc,phases,start] GC(140) Compaction Phase
[11.146s][info][gc,phases      ] GC(140) Compaction Phase 165.542ms
[11.146s][info][gc,phases,start] GC(140) Post Compact
[11.150s][info][gc,phases      ] GC(140) Post Compact 3.100ms
[11.150s][info][gc,heap        ] GC(140) PSYoungGen: 61600K(146944K)->13831K(150016K) Eden: 0K(20480K)->0K(23552K) From: 61600K(126464K)->13831K(126464K)
[11.150s][info][gc,heap        ] GC(140) ParOldGen: 1602955K(1649152K)->1648984K(1822720K)
[11.150s][info][gc,metaspace   ] GC(140) Metaspace: 6301K(6464K)->6301K(6464K) NonClass: 5768K(5824K)->5768K(5824K) Class: 533K(640K)->533K(640K)
[11.150s][info][gc             ] GC(140) Pause Full (Ergonomics) 1625M->1623M(1926M) 547.408ms
[11.150s][info][gc,cpu         ] GC(140) User=3.70s Sys=0.05s Real=0.55s
[11.176s][info][gc,start       ] GC(141) Pause Young (Allocation Failure)
[11.262s][info][gc,heap        ] GC(141) PSYoungGen: 37383K(150016K)->26976K(156160K) Eden: 23552K(23552K)->0K(23552K) From: 13831K(126464K)->26976K(132608K)
[11.262s][info][gc,heap        ] GC(141) ParOldGen: 1648984K(1822720K)->1659728K(1822720K)
[11.262s][info][gc,metaspace   ] GC(141) Metaspace: 6301K(6464K)->6301K(6464K) NonClass: 5768K(5824K)->5768K(5824K) Class: 533K(640K)->533K(640K)
[11.262s][info][gc             ] GC(141) Pause Young (Allocation Failure) 1646M->1647M(1932M) 85.957ms
[11.262s][info][gc,cpu         ] GC(141) User=0.53s Sys=0.00s Real=0.09s
[11.286s][info][gc,start       ] GC(142) Pause Young (Allocation Failure)
[11.317s][info][gc,heap        ] GC(142) PSYoungGen: 50528K(156160K)->47232K(150528K) Eden: 23552K(23552K)->0K(26624K) From: 26976K(132608K)->47232K(123904K)
[11.317s][info][gc,heap        ] GC(142) ParOldGen: 1659728K(1822720K)->1663064K(1822720K)
[11.317s][info][gc,metaspace   ] GC(142) Metaspace: 6301K(6464K)->6301K(6464K) NonClass: 5768K(5824K)->5768K(5824K) Class: 533K(640K)->533K(640K)
[11.317s][info][gc             ] GC(142) Pause Young (Allocation Failure) 1670M->1670M(1927M) 31.579ms
[11.317s][info][gc,cpu         ] GC(142) User=0.05s Sys=0.00s Real=0.03s
[11.345s][info][gc,start       ] GC(143) Pause Young (Allocation Failure)
[11.385s][info][gc,heap        ] GC(143) PSYoungGen: 73856K(150528K)->50336K(77312K) Eden: 26624K(26624K)->0K(26624K) From: 47232K(123904K)->50336K(50688K)
[11.385s][info][gc,heap        ] GC(143) ParOldGen: 1663064K(1822720K)->1686936K(1822720K)
[11.385s][info][gc,metaspace   ] GC(143) Metaspace: 6301K(6464K)->6301K(6464K) NonClass: 5768K(5824K)->5768K(5824K) Class: 533K(640K)->533K(640K)
[11.385s][info][gc             ] GC(143) Pause Young (Allocation Failure) 1696M->1696M(1855M) 40.327ms
[11.385s][info][gc,cpu         ] GC(143) User=0.16s Sys=0.00s Real=0.04s
[11.414s][info][gc,start       ] GC(144) Pause Young (Allocation Failure)
[11.456s][info][gc,heap        ] GC(144) PSYoungGen: 76960K(77312K)->53440K(143872K) Eden: 26624K(26624K)->0K(30208K) From: 50336K(50688K)->53440K(113664K)
[11.456s][info][gc,heap        ] GC(144) ParOldGen: 1686936K(1822720K)->1710800K(1822720K)
[11.456s][info][gc,metaspace   ] GC(144) Metaspace: 6301K(6464K)->6301K(6464K) NonClass: 5768K(5824K)->5768K(5824K) Class: 533K(640K)->533K(640K)
[11.456s][info][gc             ] GC(144) Pause Young (Allocation Failure) 1722M->1722M(1920M) 41.526ms
[11.456s][info][gc,cpu         ] GC(144) User=0.27s Sys=0.00s Real=0.04s
[11.490s][info][gc,start       ] GC(145) Pause Young (Allocation Failure)
[11.533s][info][gc,heap        ] GC(145) PSYoungGen: 83648K(143872K)->57024K(87552K) Eden: 30208K(30208K)->0K(30208K) From: 53440K(113664K)->57024K(57344K)
[11.533s][info][gc,heap        ] GC(145) ParOldGen: 1710800K(1822720K)->1737800K(1822720K)
[11.534s][info][gc,metaspace   ] GC(145) Metaspace: 6301K(6464K)->6301K(6464K) NonClass: 5768K(5824K)->5768K(5824K) Class: 533K(640K)->533K(640K)
[11.534s][info][gc             ] GC(145) Pause Young (Allocation Failure) 1752M->1752M(1865M) 43.947ms
[11.534s][info][gc,cpu         ] GC(145) User=0.25s Sys=0.00s Real=0.04s
[11.565s][info][gc,start       ] GC(146) Pause Young (Allocation Failure)
[11.611s][info][gc,heap        ] GC(146) PSYoungGen: 87232K(87552K)->60608K(137728K) Eden: 30208K(30208K)->0K(33792K) From: 57024K(57344K)->60608K(103936K)
[11.611s][info][gc,heap        ] GC(146) ParOldGen: 1737800K(1822720K)->1764792K(1822720K)
[11.611s][info][gc,metaspace   ] GC(146) Metaspace: 6301K(6464K)->6301K(6464K) NonClass: 5768K(5824K)->5768K(5824K) Class: 533K(640K)->533K(640K)
[11.612s][info][gc             ] GC(146) Pause Young (Allocation Failure) 1782M->1782M(1914M) 46.500ms
[11.612s][info][gc,cpu         ] GC(146) User=0.23s Sys=0.02s Real=0.05s
[11.646s][info][gc,start       ] GC(147) Pause Young (Allocation Failure)
[11.695s][info][gc,heap        ] GC(147) PSYoungGen: 94400K(137728K)->64224K(142336K) Eden: 33792K(33792K)->0K(33792K) From: 60608K(103936K)->64224K(108544K)
[11.695s][info][gc,heap        ] GC(147) ParOldGen: 1764792K(1822720K)->1795424K(1822720K)
[11.695s][info][gc,metaspace   ] GC(147) Metaspace: 6301K(6464K)->6301K(6464K) NonClass: 5768K(5824K)->5768K(5824K) Class: 533K(640K)->533K(640K)
[11.695s][info][gc             ] GC(147) Pause Young (Allocation Failure) 1815M->1816M(1919M) 49.211ms
[11.695s][info][gc,cpu         ] GC(147) User=0.28s Sys=0.00s Real=0.05s
[11.695s][info][gc,start       ] GC(148) Pause Full (Ergonomics)
[11.695s][info][gc,phases,start] GC(148) Marking Phase
[12.109s][info][gc,phases      ] GC(148) Marking Phase 414.375ms
[12.109s][info][gc,phases,start] GC(148) Summary Phase
[12.109s][info][gc,phases      ] GC(148) Summary Phase 0.031ms
[12.109s][info][gc,phases,start] GC(148) Adjust Roots
[12.110s][info][gc,phases      ] GC(148) Adjust Roots 0.165ms
[12.110s][info][gc,phases,start] GC(148) Compaction Phase
[12.286s][info][gc,phases      ] GC(148) Compaction Phase 176.327ms
[12.286s][info][gc,phases,start] GC(148) Post Compact
[12.290s][info][gc,phases      ] GC(148) Post Compact 3.868ms
[12.291s][info][gc,heap        ] GC(148) PSYoungGen: 64224K(142336K)->34807K(142336K) Eden: 0K(33792K)->0K(33792K) From: 64224K(108544K)->34807K(108544K)
[12.291s][info][gc,heap        ] GC(148) ParOldGen: 1795424K(1822720K)->1822344K(2004480K)
[12.291s][info][gc,metaspace   ] GC(148) Metaspace: 6301K(6464K)->6301K(6464K) NonClass: 5768K(5824K)->5768K(5824K) Class: 533K(640K)->533K(640K)
[12.291s][info][gc             ] GC(148) Pause Full (Ergonomics) 1816M->1813M(2096M) 595.742ms
[12.291s][info][gc,cpu         ] GC(148) User=4.33s Sys=0.00s Real=0.60s
[12.332s][info][gc,start       ] GC(149) Pause Young (Allocation Failure)
[12.439s][info][gc,heap        ] GC(149) PSYoungGen: 68599K(142336K)->53120K(135168K) Eden: 33792K(33792K)->0K(37376K) From: 34807K(108544K)->53120K(97792K)
[12.439s][info][gc,heap        ] GC(149) ParOldGen: 1822344K(2004480K)->1838280K(2004480K)
[12.439s][info][gc,metaspace   ] GC(149) Metaspace: 6301K(6464K)->6301K(6464K) NonClass: 5768K(5824K)->5768K(5824K) Class: 533K(640K)->533K(640K)
[12.439s][info][gc             ] GC(149) Pause Young (Allocation Failure) 1846M->1847M(2089M) 107.342ms
[12.439s][info][gc,cpu         ] GC(149) User=0.72s Sys=0.03s Real=0.11s
[12.482s][info][gc,start       ] GC(150) Pause Young (Allocation Failure)
[12.528s][info][gc,heap        ] GC(150) PSYoungGen: 90496K(135168K)->90496K(139264K) Eden: 37376K(37376K)->0K(37376K) From: 53120K(97792K)->90496K(101888K)
[12.528s][info][gc,heap        ] GC(150) ParOldGen: 1838280K(2004480K)->1838280K(2004480K)
[12.528s][info][gc,metaspace   ] GC(150) Metaspace: 6301K(6464K)->6301K(6464K) NonClass: 5768K(5824K)->5768K(5824K) Class: 533K(640K)->533K(640K)
[12.528s][info][gc             ] GC(150) Pause Young (Allocation Failure) 1883M->1883M(2093M) 46.570ms
[12.528s][info][gc,cpu         ] GC(150) User=0.27s Sys=0.00s Real=0.05s
[12.571s][info][gc,start       ] GC(151) Pause Young (Allocation Failure)
[12.633s][info][gc,heap        ] GC(151) PSYoungGen: 127872K(139264K)->109056K(130560K) Eden: 37376K(37376K)->0K(21504K) From: 90496K(101888K)->109056K(109056K)
[12.633s][info][gc,heap        ] GC(151) ParOldGen: 1838280K(2004480K)->1857240K(2004480K)
[12.633s][info][gc,metaspace   ] GC(151) Metaspace: 6301K(6464K)->6301K(6464K) NonClass: 5768K(5824K)->5768K(5824K) Class: 533K(640K)->533K(640K)
[12.633s][info][gc             ] GC(151) Pause Young (Allocation Failure) 1920M->1920M(2085M) 62.418ms
[12.633s][info][gc,cpu         ] GC(151) User=0.38s Sys=0.02s Real=0.06s
[12.659s][info][gc,start       ] GC(152) Pause Young (Allocation Failure)
[12.724s][info][gc,heap        ] GC(152) PSYoungGen: 130560K(130560K)->83808K(150528K) Eden: 21504K(21504K)->0K(21504K) From: 109056K(109056K)->83808K(129024K)
[12.724s][info][gc,heap        ] GC(152) ParOldGen: 1857240K(2004480K)->1904672K(2004480K)
[12.724s][info][gc,metaspace   ] GC(152) Metaspace: 6301K(6464K)->6301K(6464K) NonClass: 5768K(5824K)->5768K(5824K) Class: 533K(640K)->533K(640K)
[12.724s][info][gc             ] GC(152) Pause Young (Allocation Failure) 1941M->1941M(2104M) 64.616ms
[12.724s][info][gc,cpu         ] GC(152) User=0.39s Sys=0.02s Real=0.06s
[12.750s][info][gc,start       ] GC(153) Pause Young (Allocation Failure)
[12.803s][info][gc,heap        ] GC(153) PSYoungGen: 105312K(150528K)->72832K(142848K) Eden: 21504K(21504K)->0K(24576K) From: 83808K(129024K)->72832K(118272K)
[12.803s][info][gc,heap        ] GC(153) ParOldGen: 1904672K(2004480K)->1937576K(2004480K)
[12.803s][info][gc,metaspace   ] GC(153) Metaspace: 6301K(6464K)->6301K(6464K) NonClass: 5768K(5824K)->5768K(5824K) Class: 533K(640K)->533K(640K)
[12.803s][info][gc             ] GC(153) Pause Young (Allocation Failure) 1962M->1963M(2097M) 53.461ms
[12.803s][info][gc,cpu         ] GC(153) User=0.30s Sys=0.05s Real=0.05s
[12.835s][info][gc,start       ] GC(154) Pause Young (Allocation Failure)
[12.886s][info][gc,heap        ] GC(154) PSYoungGen: 97408K(142848K)->67776K(92672K) Eden: 24576K(24576K)->0K(24576K) From: 72832K(118272K)->67776K(68096K)
[12.886s][info][gc,heap        ] GC(154) ParOldGen: 1937576K(2004480K)->1967600K(2004480K)
[12.886s][info][gc,metaspace   ] GC(154) Metaspace: 6301K(6464K)->6301K(6464K) NonClass: 5768K(5824K)->5768K(5824K) Class: 533K(640K)->533K(640K)
[12.886s][info][gc             ] GC(154) Pause Young (Allocation Failure) 1987M->1987M(2048M) 51.316ms
[12.886s][info][gc,cpu         ] GC(154) User=0.25s Sys=0.03s Real=0.05s
[12.886s][info][gc,start       ] GC(155) Pause Full (Ergonomics)
[12.886s][info][gc,phases,start] GC(155) Marking Phase
[13.339s][info][gc,phases      ] GC(155) Marking Phase 452.503ms
[13.339s][info][gc,phases,start] GC(155) Summary Phase
[13.339s][info][gc,phases      ] GC(155) Summary Phase 0.042ms
[13.339s][info][gc,phases,start] GC(155) Adjust Roots
[13.339s][info][gc,phases      ] GC(155) Adjust Roots 0.178ms
[13.339s][info][gc,phases,start] GC(155) Compaction Phase
[13.527s][info][gc,phases      ] GC(155) Compaction Phase 187.252ms
[13.527s][info][gc,phases,start] GC(155) Post Compact
[13.531s][info][gc,phases      ] GC(155) Post Compact 4.046ms
[13.532s][info][gc,heap        ] GC(155) PSYoungGen: 67776K(92672K)->28652K(92672K) Eden: 0K(24576K)->0K(24576K) From: 67776K(68096K)->28652K(68096K)
[13.532s][info][gc,heap        ] GC(155) ParOldGen: 1967600K(2004480K)->2004440K(2202624K)
[13.532s][info][gc,metaspace   ] GC(155) Metaspace: 6301K(6464K)->6301K(6464K) NonClass: 5768K(5824K)->5768K(5824K) Class: 533K(640K)->533K(640K)
[13.532s][info][gc             ] GC(155) Pause Full (Ergonomics) 1987M->1985M(2241M) 645.254ms
[13.532s][info][gc,cpu         ] GC(155) User=4.80s Sys=0.00s Real=0.64s
[13.559s][info][gc,start       ] GC(156) Pause Young (Allocation Failure)
[13.668s][info][gc,heap        ] GC(156) PSYoungGen: 53228K(92672K)->34304K(144896K) Eden: 24576K(24576K)->0K(26112K) From: 28652K(68096K)->34304K(118784K)
[13.668s][info][gc,heap        ] GC(156) ParOldGen: 2004440K(2202624K)->2023768K(2202624K)
[13.668s][info][gc,metaspace   ] GC(156) Metaspace: 6301K(6464K)->6301K(6464K) NonClass: 5768K(5824K)->5768K(5824K) Class: 533K(640K)->533K(640K)
[13.668s][info][gc             ] GC(156) Pause Young (Allocation Failure) 2009M->2009M(2292M) 109.473ms
[13.668s][info][gc,cpu         ] GC(156) User=0.69s Sys=0.00s Real=0.11s
[13.696s][info][gc,start       ] GC(157) Pause Young (Allocation Failure)
[13.732s][info][gc,heap        ] GC(157) PSYoungGen: 60416K(144896K)->60512K(87040K) Eden: 26112K(26112K)->0K(26112K) From: 34304K(118784K)->60512K(60928K)
[13.732s][info][gc,heap        ] GC(157) ParOldGen: 2023768K(2202624K)->2023768K(2202624K)
[13.732s][info][gc,metaspace   ] GC(157) Metaspace: 6301K(6464K)->6301K(6464K) NonClass: 5768K(5824K)->5768K(5824K) Class: 533K(640K)->533K(640K)
[13.732s][info][gc             ] GC(157) Pause Young (Allocation Failure) 2035M->2035M(2236M) 36.072ms
[13.732s][info][gc,cpu         ] GC(157) User=0.16s Sys=0.00s Real=0.04s
[13.758s][info][gc,start       ] GC(158) Pause Young (Allocation Failure)
[13.804s][info][gc,heap        ] GC(158) PSYoungGen: 86624K(87040K)->76960K(142848K) Eden: 26112K(26112K)->0K(29184K) From: 60512K(60928K)->76960K(113664K)
[13.804s][info][gc,heap        ] GC(158) ParOldGen: 2023768K(2202624K)->2033512K(2202624K)
[13.804s][info][gc,metaspace   ] GC(158) Metaspace: 6301K(6464K)->6301K(6464K) NonClass: 5768K(5824K)->5768K(5824K) Class: 533K(640K)->533K(640K)
[13.804s][info][gc             ] GC(158) Pause Young (Allocation Failure) 2060M->2061M(2290M) 46.184ms
[13.805s][info][gc,cpu         ] GC(158) User=0.27s Sys=0.00s Real=0.05s
[13.836s][info][gc,start       ] GC(159) Pause Young (Allocation Failure)
[13.890s][info][gc,heap        ] GC(159) PSYoungGen: 106144K(142848K)->81664K(143872K) Eden: 29184K(29184K)->0K(29184K) From: 76960K(113664K)->81664K(114688K)
[13.891s][info][gc,heap        ] GC(159) ParOldGen: 2033512K(2202624K)->2058432K(2202624K)
[13.891s][info][gc,metaspace   ] GC(159) Metaspace: 6301K(6464K)->6301K(6464K) NonClass: 5768K(5824K)->5768K(5824K) Class: 533K(640K)->533K(640K)
[13.891s][info][gc             ] GC(159) Pause Young (Allocation Failure) 2089M->2089M(2291M) 54.074ms
[13.891s][info][gc,cpu         ] GC(159) User=0.36s Sys=0.00s Real=0.05s
[13.921s][info][gc,start       ] GC(160) Pause Young (Allocation Failure)
[13.977s][info][gc,heap        ] GC(160) PSYoungGen: 110848K(143872K)->84704K(147456K) Eden: 29184K(29184K)->0K(31744K) From: 81664K(114688K)->84704K(115712K)
[13.977s][info][gc,heap        ] GC(160) ParOldGen: 2058432K(2202624K)->2084896K(2202624K)
[13.977s][info][gc,metaspace   ] GC(160) Metaspace: 6301K(6464K)->6301K(6464K) NonClass: 5768K(5824K)->5768K(5824K) Class: 533K(640K)->533K(640K)
[13.977s][info][gc             ] GC(160) Pause Young (Allocation Failure) 2118M->2118M(2295M) 55.927ms
[13.977s][info][gc,cpu         ] GC(160) User=0.38s Sys=0.02s Real=0.06s
[14.013s][info][gc,start       ] GC(161) Pause Young (Allocation Failure)
[14.072s][info][gc,heap        ] GC(161) PSYoungGen: 116448K(147456K)->90336K(148480K) Eden: 31744K(31744K)->0K(31744K) From: 84704K(115712K)->90336K(116736K)
[14.072s][info][gc,heap        ] GC(161) ParOldGen: 2084896K(2202624K)->2111360K(2202624K)
[14.072s][info][gc,metaspace   ] GC(161) Metaspace: 6301K(6464K)->6301K(6464K) NonClass: 5768K(5824K)->5768K(5824K) Class: 533K(640K)->533K(640K)
[14.072s][info][gc             ] GC(161) Pause Young (Allocation Failure) 2149M->2150M(2296M) 59.246ms
[14.072s][info][gc,cpu         ] GC(161) User=0.34s Sys=0.05s Real=0.06s
[14.115s][info][gc,start       ] GC(162) Pause Young (Allocation Failure)
[14.179s][info][gc,heap        ] GC(162) PSYoungGen: 122080K(148480K)->63648K(148480K) Eden: 31744K(31744K)->0K(35840K) From: 90336K(116736K)->63648K(112640K)
[14.179s][info][gc,heap        ] GC(162) ParOldGen: 2111360K(2202624K)->2170512K(2202624K)
[14.180s][info][gc,metaspace   ] GC(162) Metaspace: 6301K(6464K)->6301K(6464K) NonClass: 5768K(5824K)->5768K(5824K) Class: 533K(640K)->533K(640K)
[14.180s][info][gc             ] GC(162) Pause Young (Allocation Failure) 2181M->2181M(2296M) 64.849ms
[14.180s][info][gc,cpu         ] GC(162) User=0.38s Sys=0.03s Real=0.07s
[14.180s][info][gc,start       ] GC(163) Pause Full (Ergonomics)
[14.180s][info][gc,phases,start] GC(163) Marking Phase
[14.662s][info][gc,phases      ] GC(163) Marking Phase 481.932ms
[14.662s][info][gc,phases,start] GC(163) Summary Phase
[14.662s][info][gc,phases      ] GC(163) Summary Phase 0.048ms
[14.662s][info][gc,phases,start] GC(163) Adjust Roots
[14.662s][info][gc,phases      ] GC(163) Adjust Roots 0.159ms
[14.662s][info][gc,phases,start] GC(163) Compaction Phase
[14.858s][info][gc,phases      ] GC(163) Compaction Phase 196.275ms
[14.858s][info][gc,phases,start] GC(163) Post Compact
[14.863s][info][gc,phases      ] GC(163) Post Compact 4.915ms
[14.864s][info][gc,heap        ] GC(163) PSYoungGen: 63648K(148480K)->29189K(152064K) Eden: 0K(35840K)->0K(39424K) From: 63648K(112640K)->29189K(112640K)
[14.864s][info][gc,heap        ] GC(163) ParOldGen: 2170512K(2202624K)->2202335K(2420224K)
[14.864s][info][gc,metaspace   ] GC(163) Metaspace: 6301K(6464K)->6301K(6464K) NonClass: 5768K(5824K)->5768K(5824K) Class: 533K(640K)->533K(640K)
[14.864s][info][gc             ] GC(163) Pause Full (Ergonomics) 2181M->2179M(2512M) 684.838ms
[14.864s][info][gc,cpu         ] GC(163) User=5.11s Sys=0.02s Real=0.68s
[14.913s][info][gc,start       ] GC(164) Pause Young (Allocation Failure)
[15.044s][info][gc,heap        ] GC(164) PSYoungGen: 68613K(152064K)->39616K(155648K) Eden: 39424K(39424K)->0K(39424K) From: 29189K(112640K)->39616K(116224K)
[15.044s][info][gc,heap        ] GC(164) ParOldGen: 2202335K(2420224K)->2231911K(2420224K)
[15.044s][info][gc,metaspace   ] GC(164) Metaspace: 6301K(6464K)->6301K(6464K) NonClass: 5768K(5824K)->5768K(5824K) Class: 533K(640K)->533K(640K)
[15.044s][info][gc             ] GC(164) Pause Young (Allocation Failure) 2217M->2218M(2515M) 131.210ms
[15.044s][info][gc,cpu         ] GC(164) User=0.88s Sys=0.02s Real=0.13s
[15.089s][info][gc,start       ] GC(165) Pause Young (Allocation Failure)
[15.135s][info][gc,heap        ] GC(165) PSYoungGen: 79040K(155648K)->39616K(160768K) Eden: 39424K(39424K)->0K(43520K) From: 39616K(116224K)->39616K(117248K)
[15.135s][info][gc,heap        ] GC(165) ParOldGen: 2231911K(2420224K)->2271775K(2420224K)
[15.135s][info][gc,metaspace   ] GC(165) Metaspace: 6301K(6464K)->6301K(6464K) NonClass: 5768K(5824K)->5768K(5824K) Class: 533K(640K)->533K(640K)
[15.135s][info][gc             ] GC(165) Pause Young (Allocation Failure) 2256M->2257M(2520M) 46.502ms
[15.136s][info][gc,cpu         ] GC(165) User=0.25s Sys=0.02s Real=0.05s
[15.185s][info][gc,start       ] GC(166) Pause Young (Allocation Failure)
[15.231s][info][gc,heap        ] GC(166) PSYoungGen: 83136K(160768K)->43712K(160768K) Eden: 43520K(43520K)->0K(43520K) From: 39616K(117248K)->43712K(117248K)
[15.231s][info][gc,heap        ] GC(166) ParOldGen: 2271775K(2420224K)->2311559K(2420224K)
[15.231s][info][gc,metaspace   ] GC(166) Metaspace: 6301K(6464K)->6301K(6464K) NonClass: 5768K(5824K)->5768K(5824K) Class: 533K(640K)->533K(640K)
[15.231s][info][gc             ] GC(166) Pause Young (Allocation Failure) 2299M->2300M(2520M) 46.936ms
[15.232s][info][gc,cpu         ] GC(166) User=0.20s Sys=0.08s Real=0.05s
[15.283s][info][gc,start       ] GC(167) Pause Young (Allocation Failure)
[15.335s][info][gc,heap        ] GC(167) PSYoungGen: 87232K(160768K)->43712K(159744K) Eden: 43520K(43520K)->0K(48128K) From: 43712K(117248K)->43712K(111616K)
[15.336s][info][gc,heap        ] GC(167) ParOldGen: 2311559K(2420224K)->2355495K(2420224K)
[15.336s][info][gc,metaspace   ] GC(167) Metaspace: 6301K(6464K)->6301K(6464K) NonClass: 5768K(5824K)->5768K(5824K) Class: 533K(640K)->533K(640K)
[15.336s][info][gc             ] GC(167) Pause Young (Allocation Failure) 2342M->2342M(2519M) 52.618ms
[15.336s][info][gc,cpu         ] GC(167) User=0.28s Sys=0.05s Real=0.05s
[15.393s][info][gc,start       ] GC(168) Pause Young (Allocation Failure)
[15.447s][info][gc,heap        ] GC(168) PSYoungGen: 91840K(159744K)->48288K(161792K) Eden: 48128K(48128K)->0K(48128K) From: 43712K(111616K)->48288K(113664K)
[15.447s][info][gc,heap        ] GC(168) ParOldGen: 2355495K(2420224K)->2399415K(2420224K)
[15.447s][info][gc,metaspace   ] GC(168) Metaspace: 6301K(6464K)->6301K(6464K) NonClass: 5768K(5824K)->5768K(5824K) Class: 533K(640K)->533K(640K)
[15.447s][info][gc             ] GC(168) Pause Young (Allocation Failure) 2389M->2390M(2521M) 54.019ms
[15.447s][info][gc,cpu         ] GC(168) User=0.33s Sys=0.05s Real=0.05s
[15.447s][info][gc,start       ] GC(169) Pause Full (Ergonomics)
[15.447s][info][gc,phases,start] GC(169) Marking Phase
[15.997s][info][gc,phases      ] GC(169) Marking Phase 549.502ms
[15.997s][info][gc,phases,start] GC(169) Summary Phase
[15.997s][info][gc,phases      ] GC(169) Summary Phase 0.039ms
[15.997s][info][gc,phases,start] GC(169) Adjust Roots
[15.997s][info][gc,phases      ] GC(169) Adjust Roots 0.160ms
[15.997s][info][gc,phases,start] GC(169) Compaction Phase
[16.199s][info][gc,phases      ] GC(169) Compaction Phase 202.088ms
[16.199s][info][gc,phases,start] GC(169) Post Compact
[16.203s][info][gc,phases      ] GC(169) Post Compact 4.153ms
[16.204s][info][gc,heap        ] GC(169) PSYoungGen: 48288K(161792K)->25603K(161792K) Eden: 0K(48128K)->0K(48128K) From: 48288K(113664K)->25603K(113664K)
[16.204s][info][gc,heap        ] GC(169) ParOldGen: 2399415K(2420224K)->2419784K(2661888K)
[16.204s][info][gc,metaspace   ] GC(169) Metaspace: 6301K(6464K)->6301K(6464K) NonClass: 5768K(5824K)->5768K(5824K) Class: 533K(640K)->533K(640K)
[16.204s][info][gc             ] GC(169) Pause Full (Ergonomics) 2390M->2388M(2757M) 757.215ms
[16.204s][info][gc,cpu         ] GC(169) User=5.86s Sys=0.02s Real=0.76s
[16.265s][info][gc,start       ] GC(170) Pause Young (Allocation Failure)
[16.410s][info][gc,heap        ] GC(170) PSYoungGen: 73731K(161792K)->48320K(156672K) Eden: 48128K(48128K)->0K(52736K) From: 25603K(113664K)->48320K(103936K)
[16.410s][info][gc,heap        ] GC(170) ParOldGen: 2419784K(2661888K)->2445648K(2661888K)
[16.410s][info][gc,metaspace   ] GC(170) Metaspace: 6301K(6464K)->6301K(6464K) NonClass: 5768K(5824K)->5768K(5824K) Class: 533K(640K)->533K(640K)
[16.410s][info][gc             ] GC(170) Pause Young (Allocation Failure) 2435M->2435M(2752M) 144.540ms
[16.410s][info][gc,cpu         ] GC(170) User=1.02s Sys=0.00s Real=0.14s
[16.471s][info][gc,start       ] GC(171) Pause Young (Allocation Failure)
[16.527s][info][gc,heap        ] GC(171) PSYoungGen: 101056K(156672K)->101088K(160256K) Eden: 52736K(52736K)->0K(52736K) From: 48320K(103936K)->101088K(107520K)
[16.527s][info][gc,heap        ] GC(171) ParOldGen: 2445648K(2661888K)->2445648K(2661888K)
[16.527s][info][gc,metaspace   ] GC(171) Metaspace: 6301K(6464K)->6301K(6464K) NonClass: 5768K(5824K)->5768K(5824K) Class: 533K(640K)->533K(640K)
[16.527s][info][gc             ] GC(171) Pause Young (Allocation Failure) 2487M->2487M(2756M) 56.505ms
[16.527s][info][gc,cpu         ] GC(171) User=0.38s Sys=0.00s Real=0.06s
[16.592s][info][gc,start       ] GC(172) Pause Young (Allocation Failure)
[16.676s][info][gc,heap        ] GC(172) PSYoungGen: 153824K(160256K)->118784K(148480K) Eden: 52736K(52736K)->0K(29696K) From: 101088K(107520K)->118784K(118784K)
[16.676s][info][gc,heap        ] GC(172) ParOldGen: 2445648K(2661888K)->2480976K(2661888K)
[16.676s][info][gc,metaspace   ] GC(172) Metaspace: 6301K(6464K)->6301K(6464K) NonClass: 5768K(5824K)->5768K(5824K) Class: 533K(640K)->533K(640K)
[16.676s][info][gc             ] GC(172) Pause Young (Allocation Failure) 2538M->2538M(2744M) 84.394ms
[16.676s][info][gc,cpu         ] GC(172) User=0.50s Sys=0.03s Real=0.08s
[16.715s][info][gc,start       ] GC(173) Pause Young (Allocation Failure)
[16.795s][info][gc,heap        ] GC(173) PSYoungGen: 148480K(148480K)->71424K(101376K) Eden: 29696K(29696K)->0K(29696K) From: 118784K(118784K)->71424K(71680K)
[16.795s][info][gc,heap        ] GC(173) ParOldGen: 2480976K(2661888K)->2558752K(2661888K)
[16.795s][info][gc,metaspace   ] GC(173) Metaspace: 6301K(6464K)->6301K(6464K) NonClass: 5768K(5824K)->5768K(5824K) Class: 533K(640K)->533K(640K)
[16.795s][info][gc             ] GC(173) Pause Young (Allocation Failure) 2567M->2568M(2698M) 79.916ms
[16.795s][info][gc,cpu         ] GC(173) User=0.47s Sys=0.05s Real=0.08s
[16.831s][info][gc,start       ] GC(174) Pause Young (Allocation Failure)
[16.887s][info][gc,heap        ] GC(174) PSYoungGen: 101120K(101376K)->59584K(163328K) Eden: 29696K(29696K)->0K(33280K) From: 71424K(71680K)->59584K(130048K)
[16.887s][info][gc,heap        ] GC(174) ParOldGen: 2558752K(2661888K)->2600672K(2661888K)
[16.887s][info][gc,metaspace   ] GC(174) Metaspace: 6301K(6464K)->6301K(6464K) NonClass: 5768K(5824K)->5768K(5824K) Class: 533K(640K)->533K(640K)
[16.887s][info][gc             ] GC(174) Pause Young (Allocation Failure) 2597M->2597M(2759M) 55.797ms
[16.887s][info][gc,cpu         ] GC(174) User=0.34s Sys=0.02s Real=0.06s
[16.887s][info][gc,start       ] GC(175) Pause Full (Ergonomics)
[16.887s][info][gc,phases,start] GC(175) Marking Phase
[17.481s][info][gc,phases      ] GC(175) Marking Phase 594.055ms
[17.481s][info][gc,phases,start] GC(175) Summary Phase
[17.481s][info][gc,phases      ] GC(175) Summary Phase 0.061ms
[17.481s][info][gc,phases,start] GC(175) Adjust Roots
[17.481s][info][gc,phases      ] GC(175) Adjust Roots 0.159ms
[17.481s][info][gc,phases,start] GC(175) Compaction Phase
[17.699s][info][gc,phases      ] GC(175) Compaction Phase 217.688ms
[17.699s][info][gc,phases,start] GC(175) Post Compact
[17.704s][info][gc,phases      ] GC(175) Post Compact 5.229ms
[17.705s][info][gc,heap        ] GC(175) PSYoungGen: 59584K(163328K)->0K(167936K) Eden: 0K(33280K)->0K(33280K) From: 59584K(130048K)->0K(134656K)
[17.705s][info][gc,heap        ] GC(175) ParOldGen: 2600672K(2661888K)->2658222K(2928128K)
[17.705s][info][gc,metaspace   ] GC(175) Metaspace: 6301K(6464K)->6301K(6464K) NonClass: 5768K(5824K)->5768K(5824K) Class: 533K(640K)->533K(640K)
[17.705s][info][gc             ] GC(175) Pause Full (Ergonomics) 2597M->2595M(3023M) 818.512ms
[17.705s][info][gc,cpu         ] GC(175) User=6.33s Sys=0.05s Real=0.82s
[17.750s][info][gc,start       ] GC(176) Pause Young (Allocation Failure)
[17.780s][info][gc,heap        ] GC(176) PSYoungGen: 33280K(167936K)->33408K(170496K) Eden: 33280K(33280K)->0K(36352K) From: 0K(134656K)->33408K(134144K)
[17.780s][info][gc,heap        ] GC(176) ParOldGen: 2658222K(2928128K)->2658222K(2928128K)
[17.780s][info][gc,metaspace   ] GC(176) Metaspace: 6301K(6464K)->6301K(6464K) NonClass: 5768K(5824K)->5768K(5824K) Class: 533K(640K)->533K(640K)
[17.780s][info][gc             ] GC(176) Pause Young (Allocation Failure) 2628M->2628M(3026M) 30.253ms
[17.780s][info][gc,cpu         ] GC(176) User=0.05s Sys=0.00s Real=0.03s
[17.823s][info][gc,start       ] GC(177) Pause Young (Allocation Failure)
[17.863s][info][gc,heap        ] GC(177) PSYoungGen: 69760K(170496K)->69824K(106496K) Eden: 36352K(36352K)->0K(36352K) From: 33408K(134144K)->69824K(70144K)
[17.863s][info][gc,heap        ] GC(177) ParOldGen: 2658222K(2928128K)->2658222K(2928128K)
[17.863s][info][gc,metaspace   ] GC(177) Metaspace: 6301K(6464K)->6301K(6464K) NonClass: 5768K(5824K)->5768K(5824K) Class: 533K(640K)->533K(640K)
[17.863s][info][gc             ] GC(177) Pause Young (Allocation Failure) 2664M->2664M(2963M) 40.808ms
[17.863s][info][gc,cpu         ] GC(177) User=0.27s Sys=0.00s Real=0.04s
[17.904s][info][gc,start       ] GC(178) Pause Young (Allocation Failure)
[17.958s][info][gc,heap        ] GC(178) PSYoungGen: 106176K(106496K)->106208K(160768K) Eden: 36352K(36352K)->0K(31744K) From: 69824K(70144K)->106208K(129024K)
[17.958s][info][gc,heap        ] GC(178) ParOldGen: 2658222K(2928128K)->2658222K(2928128K)
[17.958s][info][gc,metaspace   ] GC(178) Metaspace: 6301K(6464K)->6301K(6464K) NonClass: 5768K(5824K)->5768K(5824K) Class: 533K(640K)->533K(640K)
[17.959s][info][gc             ] GC(178) Pause Young (Allocation Failure) 2699M->2699M(3016M) 54.150ms
[17.959s][info][gc,cpu         ] GC(178) User=0.31s Sys=0.00s Real=0.05s
[17.995s][info][gc,start       ] GC(179) Pause Young (Allocation Failure)
[18.062s][info][gc,heap        ] GC(179) PSYoungGen: 137952K(160768K)->137216K(168960K) Eden: 31744K(31744K)->0K(31744K) From: 106208K(129024K)->137216K(137216K)
[18.062s][info][gc,heap        ] GC(179) ParOldGen: 2658222K(2928128K)->2659038K(2928128K)
[18.062s][info][gc,metaspace   ] GC(179) Metaspace: 6301K(6464K)->6301K(6464K) NonClass: 5768K(5824K)->5768K(5824K) Class: 533K(640K)->533K(640K)
[18.062s][info][gc             ] GC(179) Pause Young (Allocation Failure) 2730M->2730M(3024M) 67.846ms
[18.062s][info][gc,cpu         ] GC(179) User=0.39s Sys=0.00s Real=0.07s
[18.100s][info][gc,start       ] GC(180) Pause Young (Allocation Failure)
[18.191s][info][gc,heap        ] GC(180) PSYoungGen: 168960K(168960K)->135936K(177664K) Eden: 31744K(31744K)->0K(22016K) From: 137216K(137216K)->135936K(155648K)
[18.192s][info][gc,heap        ] GC(180) ParOldGen: 2659038K(2928128K)->2692382K(2928128K)
[18.192s][info][gc,metaspace   ] GC(180) Metaspace: 6301K(6464K)->6301K(6464K) NonClass: 5768K(5824K)->5768K(5824K) Class: 533K(640K)->533K(640K)
[18.192s][info][gc             ] GC(180) Pause Young (Allocation Failure) 2761M->2762M(3033M) 91.207ms
[18.192s][info][gc,cpu         ] GC(180) User=0.58s Sys=0.05s Real=0.09s
[18.756s][info][gc,start       ] GC(181) Pause Young (Allocation Failure)
[18.894s][info][gc,heap        ] GC(181) PSYoungGen: 157952K(177664K)->121792K(190976K) Eden: 22016K(22016K)->0K(22016K) From: 135936K(155648K)->121792K(168960K)
[18.894s][info][gc,heap        ] GC(181) ParOldGen: 2823454K(2928128K)->2859926K(2928128K)
[18.894s][info][gc,metaspace   ] GC(181) Metaspace: 6301K(6464K)->6301K(6464K) NonClass: 5768K(5824K)->5768K(5824K) Class: 533K(640K)->533K(640K)
[18.894s][info][gc             ] GC(181) Pause Young (Allocation Failure) 2911M->2911M(3046M) 138.109ms
[18.894s][info][gc,cpu         ] GC(181) User=0.83s Sys=0.02s Real=0.14s
[18.920s][info][gc,start       ] GC(182) Pause Young (Allocation Failure)
[18.992s][info][gc,heap        ] GC(182) PSYoungGen: 143808K(190976K)->143808K(186880K) Eden: 22016K(22016K)->0K(12288K) From: 121792K(168960K)->143808K(174592K)
[18.992s][info][gc,heap        ] GC(182) ParOldGen: 2859926K(2928128K)->2859926K(2928128K)
[18.992s][info][gc,metaspace   ] GC(182) Metaspace: 6301K(6464K)->6301K(6464K) NonClass: 5768K(5824K)->5768K(5824K) Class: 533K(640K)->533K(640K)
[18.992s][info][gc             ] GC(182) Pause Young (Allocation Failure) 2933M->2933M(3042M) 72.542ms
[18.992s][info][gc,cpu         ] GC(182) User=0.31s Sys=0.00s Real=0.07s
[19.005s][info][gc,start       ] GC(183) Pause Young (Allocation Failure)
[19.078s][info][gc,heap        ] GC(183) PSYoungGen: 156096K(186880K)->119744K(199168K) Eden: 12288K(12288K)->0K(12288K) From: 143808K(174592K)->119744K(186880K)
[19.078s][info][gc,heap        ] GC(183) ParOldGen: 2859926K(2928128K)->2896566K(2928128K)
[19.078s][info][gc,metaspace   ] GC(183) Metaspace: 6301K(6464K)->6301K(6464K) NonClass: 5768K(5824K)->5768K(5824K) Class: 533K(640K)->533K(640K)
[19.078s][info][gc             ] GC(183) Pause Young (Allocation Failure) 2945M->2945M(3054M) 73.050ms
[19.078s][info][gc,cpu         ] GC(183) User=0.44s Sys=0.06s Real=0.07s
[19.078s][info][gc,start       ] GC(184) Pause Full (Ergonomics)
[19.078s][info][gc,phases,start] GC(184) Marking Phase
[19.736s][info][gc,phases      ] GC(184) Marking Phase 658.471ms
[19.737s][info][gc,phases,start] GC(184) Summary Phase
[19.737s][info][gc,phases      ] GC(184) Summary Phase 0.040ms
[19.737s][info][gc,phases,start] GC(184) Adjust Roots
[19.737s][info][gc,phases      ] GC(184) Adjust Roots 0.158ms
[19.737s][info][gc,phases,start] GC(184) Compaction Phase
[20.194s][info][gc,phases      ] GC(184) Compaction Phase 457.176ms
[20.194s][info][gc,phases,start] GC(184) Post Compact
[20.200s][info][gc,phases      ] GC(184) Post Compact 6.106ms
[20.201s][info][gc,heap        ] GC(184) PSYoungGen: 119744K(199168K)->21278K(199168K) Eden: 0K(12288K)->0K(12288K) From: 119744K(186880K)->21278K(186880K)
[20.201s][info][gc,heap        ] GC(184) ParOldGen: 2896566K(2928128K)->2928014K(3208704K)
[20.201s][info][gc,metaspace   ] GC(184) Metaspace: 6301K(6464K)->6301K(6464K) NonClass: 5768K(5824K)->5768K(5824K) Class: 533K(640K)->533K(640K)
[20.201s][info][gc             ] GC(184) Pause Full (Ergonomics) 2945M->2880M(3328M) 1123.303ms
[20.201s][info][gc,cpu         ] GC(184) User=7.86s Sys=0.08s Real=1.12s
[20.216s][info][gc,start       ] GC(185) Pause Young (Allocation Failure)
[20.355s][info][gc,heap        ] GC(185) PSYoungGen: 33566K(199168K)->23328K(198656K) Eden: 12288K(12288K)->0K(11264K) From: 21278K(186880K)->23328K(187392K)
[20.355s][info][gc,heap        ] GC(185) ParOldGen: 2928014K(3208704K)->2938518K(3208704K)
[20.355s][info][gc,metaspace   ] GC(185) Metaspace: 6301K(6464K)->6301K(6464K) NonClass: 5768K(5824K)->5768K(5824K) Class: 533K(640K)->533K(640K)
[20.355s][info][gc             ] GC(185) Pause Young (Allocation Failure) 2892M->2892M(3327M) 139.781ms
[20.355s][info][gc,cpu         ] GC(185) User=0.83s Sys=0.00s Real=0.14s
[20.367s][info][gc,start       ] GC(186) Pause Young (Allocation Failure)
[20.409s][info][gc,heap        ] GC(186) PSYoungGen: 34592K(198656K)->25088K(201728K) Eden: 11264K(11264K)->0K(11264K) From: 23328K(187392K)->25088K(190464K)
[20.409s][info][gc,heap        ] GC(186) ParOldGen: 2938518K(3208704K)->2948086K(3208704K)
[20.409s][info][gc,metaspace   ] GC(186) Metaspace: 6301K(6464K)->6301K(6464K) NonClass: 5768K(5824K)->5768K(5824K) Class: 533K(640K)->533K(640K)
[20.409s][info][gc             ] GC(186) Pause Young (Allocation Failure) 2903M->2903M(3330M) 42.027ms
[20.409s][info][gc,cpu         ] GC(186) User=0.06s Sys=0.00s Real=0.04s
[20.421s][info][gc,start       ] GC(187) Pause Young (Allocation Failure)
[20.463s][info][gc,heap        ] GC(187) PSYoungGen: 36352K(201728K)->34976K(199680K) Eden: 11264K(11264K)->0K(13312K) From: 25088K(190464K)->34976K(186368K)
[20.463s][info][gc,heap        ] GC(187) ParOldGen: 2948086K(3208704K)->2949510K(3208704K)
[20.463s][info][gc,metaspace   ] GC(187) Metaspace: 6301K(6464K)->6301K(6464K) NonClass: 5768K(5824K)->5768K(5824K) Class: 533K(640K)->533K(640K)
[20.463s][info][gc             ] GC(187) Pause Young (Allocation Failure) 2914M->2914M(3328M) 41.859ms
[20.463s][info][gc,cpu         ] GC(187) User=0.05s Sys=0.00s Real=0.04s
[20.479s][info][gc,start       ] GC(188) Pause Young (Allocation Failure)
[20.525s][info][gc,heap        ] GC(188) PSYoungGen: 48288K(199680K)->35936K(49664K) Eden: 13312K(13312K)->0K(13312K) From: 34976K(186368K)->35936K(36352K)
[20.525s][info][gc,heap        ] GC(188) ParOldGen: 2949510K(3208704K)->2961982K(3208704K)
[20.525s][info][gc,metaspace   ] GC(188) Metaspace: 6301K(6464K)->6301K(6464K) NonClass: 5768K(5824K)->5768K(5824K) Class: 533K(640K)->533K(640K)
[20.525s][info][gc             ] GC(188) Pause Young (Allocation Failure) 2927M->2927M(3182M) 45.804ms
[20.525s][info][gc,cpu         ] GC(188) User=0.08s Sys=0.00s Real=0.05s
[20.539s][info][gc,start       ] GC(189) Pause Young (Allocation Failure)
[20.590s][info][gc,heap        ] GC(189) PSYoungGen: 49248K(49664K)->26688K(194560K) Eden: 13312K(13312K)->0K(15872K) From: 35936K(36352K)->26688K(178688K)
[20.590s][info][gc,heap        ] GC(189) ParOldGen: 2961982K(3208704K)->2984694K(3208704K)
[20.590s][info][gc,metaspace   ] GC(189) Metaspace: 6301K(6464K)->6301K(6464K) NonClass: 5768K(5824K)->5768K(5824K) Class: 533K(640K)->533K(640K)
[20.590s][info][gc             ] GC(189) Pause Young (Allocation Failure) 2940M->2940M(3323M) 51.309ms
[20.590s][info][gc,cpu         ] GC(189) User=0.06s Sys=0.00s Real=0.05s
[20.605s][info][gc,start       ] GC(190) Pause Young (Allocation Failure)
[20.652s][info][gc,heap        ] GC(190) PSYoungGen: 42560K(194560K)->16064K(197120K) Eden: 15872K(15872K)->0K(15872K) From: 26688K(178688K)->16064K(181248K)
[20.652s][info][gc,heap        ] GC(190) ParOldGen: 2984694K(3208704K)->3011518K(3208704K)
[20.652s][info][gc,metaspace   ] GC(190) Metaspace: 6301K(6464K)->6301K(6464K) NonClass: 5768K(5824K)->5768K(5824K) Class: 533K(640K)->533K(640K)
[20.652s][info][gc             ] GC(190) Pause Young (Allocation Failure) 2956M->2956M(3326M) 47.926ms
[20.652s][info][gc,cpu         ] GC(190) User=0.08s Sys=0.00s Real=0.05s
[20.669s][info][gc,start       ] GC(191) Pause Young (Allocation Failure)
[20.710s][info][gc,heap        ] GC(191) PSYoungGen: 31936K(197120K)->16000K(190976K) Eden: 15872K(15872K)->0K(18432K) From: 16064K(181248K)->16000K(172544K)
[20.711s][info][gc,heap        ] GC(191) ParOldGen: 3011518K(3208704K)->3027534K(3208704K)
[20.711s][info][gc,metaspace   ] GC(191) Metaspace: 6301K(6464K)->6301K(6464K) NonClass: 5768K(5824K)->5768K(5824K) Class: 533K(640K)->533K(640K)
[20.711s][info][gc             ] GC(191) Pause Young (Allocation Failure) 2972M->2972M(3320M) 42.016ms
[20.711s][info][gc,cpu         ] GC(191) User=0.02s Sys=0.02s Real=0.04s
[20.728s][info][gc,start       ] GC(192) Pause Young (Allocation Failure)
[20.768s][info][gc,heap        ] GC(192) PSYoungGen: 34432K(190976K)->18560K(37376K) Eden: 18432K(18432K)->0K(18432K) From: 16000K(172544K)->18560K(18944K)
[20.768s][info][gc,heap        ] GC(192) ParOldGen: 3027534K(3208704K)->3043550K(3208704K)
[20.768s][info][gc,metaspace   ] GC(192) Metaspace: 6301K(6464K)->6301K(6464K) NonClass: 5768K(5824K)->5768K(5824K) Class: 533K(640K)->533K(640K)
[20.768s][info][gc             ] GC(192) Pause Young (Allocation Failure) 2990M->2990M(3170M) 39.679ms
[20.768s][info][gc,cpu         ] GC(192) User=0.05s Sys=0.02s Real=0.04s
[20.785s][info][gc,start       ] GC(193) Pause Young (Allocation Failure)
[20.828s][info][gc,heap        ] GC(193) PSYoungGen: 36992K(37376K)->18560K(181760K) Eden: 18432K(18432K)->0K(21504K) From: 18560K(18944K)->18560K(160256K)
[20.828s][info][gc,heap        ] GC(193) ParOldGen: 3043550K(3208704K)->3062150K(3208704K)
[20.828s][info][gc,metaspace   ] GC(193) Metaspace: 6301K(6464K)->6301K(6464K) NonClass: 5768K(5824K)->5768K(5824K) Class: 533K(640K)->533K(640K)
[20.828s][info][gc             ] GC(193) Pause Young (Allocation Failure) 3008M->3008M(3311M) 43.214ms
[20.828s][info][gc,cpu         ] GC(193) User=0.03s Sys=0.00s Real=0.04s
[20.848s][info][gc,start       ] GC(194) Pause Young (Allocation Failure)
[20.892s][info][gc,heap        ] GC(194) PSYoungGen: 40064K(181760K)->21632K(43520K) Eden: 21504K(21504K)->0K(21504K) From: 18560K(160256K)->21632K(22016K)
[20.892s][info][gc,heap        ] GC(194) ParOldGen: 3062150K(3208704K)->3080758K(3208704K)
[20.892s][info][gc,metaspace   ] GC(194) Metaspace: 6301K(6464K)->6301K(6464K) NonClass: 5768K(5824K)->5768K(5824K) Class: 533K(640K)->533K(640K)
[20.892s][info][gc             ] GC(194) Pause Young (Allocation Failure) 3029M->3029M(3176M) 43.330ms
[20.892s][info][gc,cpu         ] GC(194) User=0.03s Sys=0.00s Real=0.04s
[20.911s][info][gc,start       ] GC(195) Pause Young (Allocation Failure)
[20.953s][info][gc,heap        ] GC(195) PSYoungGen: 43136K(43520K)->21664K(170496K) Eden: 21504K(21504K)->0K(25088K) From: 21632K(22016K)->21664K(145408K)
[20.953s][info][gc,heap        ] GC(195) ParOldGen: 3080758K(3208704K)->3102470K(3208704K)
[20.953s][info][gc,metaspace   ] GC(195) Metaspace: 6301K(6464K)->6301K(6464K) NonClass: 5768K(5824K)->5768K(5824K) Class: 533K(640K)->533K(640K)
[20.953s][info][gc             ] GC(195) Pause Young (Allocation Failure) 3050M->3050M(3300M) 41.667ms
[20.953s][info][gc,cpu         ] GC(195) User=0.06s Sys=0.00s Real=0.04s
[20.977s][info][gc,start       ] GC(196) Pause Young (Allocation Failure)
[21.022s][info][gc,heap        ] GC(196) PSYoungGen: 46752K(170496K)->25312K(50688K) Eden: 25088K(25088K)->0K(25088K) From: 21664K(145408K)->25312K(25600K)
[21.022s][info][gc,heap        ] GC(196) ParOldGen: 3102470K(3208704K)->3124174K(3208704K)
[21.022s][info][gc,metaspace   ] GC(196) Metaspace: 6301K(6464K)->6301K(6464K) NonClass: 5768K(5824K)->5768K(5824K) Class: 533K(640K)->533K(640K)
[21.022s][info][gc             ] GC(196) Pause Young (Allocation Failure) 3075M->3075M(3183M) 44.772ms
[21.022s][info][gc,cpu         ] GC(196) User=0.06s Sys=0.00s Real=0.04s
[21.048s][info][gc,start       ] GC(197) Pause Young (Allocation Failure)
[21.096s][info][gc,heap        ] GC(197) PSYoungGen: 50400K(50688K)->25280K(159232K) Eden: 25088K(25088K)->0K(28672K) From: 25312K(25600K)->25280K(130560K)
[21.096s][info][gc,heap        ] GC(197) ParOldGen: 3124174K(3208704K)->3149494K(3208704K)
[21.096s][info][gc,metaspace   ] GC(197) Metaspace: 6301K(6464K)->6301K(6464K) NonClass: 5768K(5824K)->5768K(5824K) Class: 533K(640K)->533K(640K)
[21.096s][info][gc             ] GC(197) Pause Young (Allocation Failure) 3100M->3100M(3289M) 48.143ms
[21.096s][info][gc,cpu         ] GC(197) User=0.20s Sys=0.05s Real=0.05s
[21.130s][info][gc,start       ] GC(198) Pause Young (Allocation Failure)
[21.178s][info][gc,heap        ] GC(198) PSYoungGen: 53952K(159232K)->28832K(57856K) Eden: 28672K(28672K)->0K(28672K) From: 25280K(130560K)->28832K(29184K)
[21.178s][info][gc,heap        ] GC(198) ParOldGen: 3149494K(3208704K)->3174814K(3208704K)
[21.178s][info][gc,metaspace   ] GC(198) Metaspace: 6301K(6464K)->6301K(6464K) NonClass: 5768K(5824K)->5768K(5824K) Class: 533K(640K)->533K(640K)
[21.178s][info][gc             ] GC(198) Pause Young (Allocation Failure) 3128M->3128M(3190M) 47.764ms
[21.178s][info][gc,cpu         ] GC(198) User=0.14s Sys=0.00s Real=0.05s
[21.178s][info][gc,start       ] GC(199) Pause Full (Ergonomics)
[21.178s][info][gc,phases,start] GC(199) Marking Phase
[21.917s][info][gc,phases      ] GC(199) Marking Phase 738.960ms
[21.917s][info][gc,phases,start] GC(199) Summary Phase
[21.917s][info][gc,phases      ] GC(199) Summary Phase 0.067ms
[21.917s][info][gc,phases,start] GC(199) Adjust Roots
[21.917s][info][gc,phases      ] GC(199) Adjust Roots 0.159ms
[21.917s][info][gc,phases,start] GC(199) Compaction Phase
[22.231s][info][gc,phases      ] GC(199) Compaction Phase 314.347ms
[22.231s][info][gc,phases,start] GC(199) Post Compact
[22.237s][info][gc,phases      ] GC(199) Post Compact 5.677ms
[22.238s][info][gc,heap        ] GC(199) PSYoungGen: 28832K(57856K)->0K(163328K) Eden: 0K(28672K)->0K(32768K) From: 28832K(29184K)->0K(130560K)
[22.238s][info][gc,heap        ] GC(199) ParOldGen: 3174814K(3208704K)->3200747K(3480576K)
[22.238s][info][gc,metaspace   ] GC(199) Metaspace: 6301K(6464K)->6301K(6464K) NonClass: 5768K(5824K)->5768K(5824K) Class: 533K(640K)->533K(640K)
[22.238s][info][gc             ] GC(199) Pause Full (Ergonomics) 3128M->3125M(3558M) 1060.495ms
[22.238s][info][gc,cpu         ] GC(199) User=7.42s Sys=0.02s Real=1.06s
[22.276s][info][gc,start       ] GC(200) Pause Young (Allocation Failure)
[22.316s][info][gc,heap        ] GC(200) PSYoungGen: 32768K(163328K)->32928K(66048K) Eden: 32768K(32768K)->0K(32768K) From: 0K(130560K)->32928K(33280K)
[22.316s][info][gc,heap        ] GC(200) ParOldGen: 3200747K(3480576K)->3200747K(3480576K)
[22.316s][info][gc,metaspace   ] GC(200) Metaspace: 6301K(6464K)->6301K(6464K) NonClass: 5768K(5824K)->5768K(5824K) Class: 533K(640K)->533K(640K)
[22.316s][info][gc             ] GC(200) Pause Young (Allocation Failure) 3157M->3157M(3463M) 40.240ms
[22.316s][info][gc,cpu         ] GC(200) User=0.05s Sys=0.00s Real=0.04s
[22.347s][info][gc,start       ] GC(201) Pause Young (Allocation Failure)
[22.399s][info][gc,heap        ] GC(201) PSYoungGen: 65696K(66048K)->32960K(144896K) Eden: 32768K(32768K)->0K(36352K) From: 32928K(33280K)->32960K(108544K)
[22.399s][info][gc,heap        ] GC(201) ParOldGen: 3200747K(3480576K)->3233811K(3480576K)
[22.399s][info][gc,metaspace   ] GC(201) Metaspace: 6301K(6464K)->6301K(6464K) NonClass: 5768K(5824K)->5768K(5824K) Class: 533K(640K)->533K(640K)
[22.399s][info][gc             ] GC(201) Pause Young (Allocation Failure) 3189M->3190M(3540M) 51.732ms
[22.399s][info][gc,cpu         ] GC(201) User=0.11s Sys=0.00s Real=0.05s
[22.436s][info][gc,start       ] GC(202) Pause Young (Allocation Failure)
[22.488s][info][gc,heap        ] GC(202) PSYoungGen: 69312K(144896K)->36544K(73216K) Eden: 36352K(36352K)->0K(36352K) From: 32960K(108544K)->36544K(36864K)
[22.488s][info][gc,heap        ] GC(202) ParOldGen: 3233811K(3480576K)->3266867K(3480576K)
[22.488s][info][gc,metaspace   ] GC(202) Metaspace: 6301K(6464K)->6301K(6464K) NonClass: 5768K(5824K)->5768K(5824K) Class: 533K(640K)->533K(640K)
[22.488s][info][gc             ] GC(202) Pause Young (Allocation Failure) 3225M->3225M(3470M) 51.541ms
[22.488s][info][gc,cpu         ] GC(202) User=0.17s Sys=0.00s Real=0.05s
[22.526s][info][gc,start       ] GC(203) Pause Young (Allocation Failure)
[22.579s][info][gc,heap        ] GC(203) PSYoungGen: 72896K(73216K)->36544K(136704K) Eden: 36352K(36352K)->0K(40960K) From: 36544K(36864K)->36544K(95744K)
[22.580s][info][gc,heap        ] GC(203) ParOldGen: 3266867K(3480576K)->3303547K(3480576K)
[22.580s][info][gc,metaspace   ] GC(203) Metaspace: 6301K(6464K)->6301K(6464K) NonClass: 5768K(5824K)->5768K(5824K) Class: 533K(640K)->533K(640K)
[22.580s][info][gc             ] GC(203) Pause Young (Allocation Failure) 3261M->3261M(3532M) 53.662ms
[22.580s][info][gc,cpu         ] GC(203) User=0.16s Sys=0.00s Real=0.05s
[22.624s][info][gc,start       ] GC(204) Pause Young (Allocation Failure)
[22.684s][info][gc,heap        ] GC(204) PSYoungGen: 77504K(136704K)->41120K(82432K) Eden: 40960K(40960K)->0K(40960K) From: 36544K(95744K)->41120K(41472K)
[22.684s][info][gc,heap        ] GC(204) ParOldGen: 3303547K(3480576K)->3340235K(3480576K)
[22.684s][info][gc,metaspace   ] GC(204) Metaspace: 6301K(6464K)->6301K(6464K) NonClass: 5768K(5824K)->5768K(5824K) Class: 533K(640K)->533K(640K)
[22.684s][info][gc             ] GC(204) Pause Young (Allocation Failure) 3301M->3302M(3479M) 59.787ms
[22.684s][info][gc,cpu         ] GC(204) User=0.25s Sys=0.03s Real=0.06s
[22.728s][info][gc,start       ] GC(205) Pause Young (Allocation Failure)
[22.788s][info][gc,heap        ] GC(205) PSYoungGen: 82080K(82432K)->41152K(132608K) Eden: 40960K(40960K)->0K(45568K) From: 41120K(41472K)->41152K(87040K)
[22.788s][info][gc,heap        ] GC(205) ParOldGen: 3340235K(3480576K)->3381563K(3480576K)
[22.788s][info][gc,metaspace   ] GC(205) Metaspace: 6301K(6464K)->6301K(6464K) NonClass: 5768K(5824K)->5768K(5824K) Class: 533K(640K)->533K(640K)
[22.788s][info][gc             ] GC(205) Pause Young (Allocation Failure) 3342M->3342M(3528M) 59.981ms
[22.788s][info][gc,cpu         ] GC(205) User=0.17s Sys=0.00s Real=0.06s
[22.836s][info][gc,start       ] GC(206) Pause Young (Allocation Failure)
[22.893s][info][gc,heap        ] GC(206) PSYoungGen: 86720K(132608K)->45792K(137216K) Eden: 45568K(45568K)->0K(45568K) From: 41152K(87040K)->45792K(91648K)
[22.894s][info][gc,heap        ] GC(206) ParOldGen: 3381563K(3480576K)->3422891K(3480576K)
[22.894s][info][gc,metaspace   ] GC(206) Metaspace: 6301K(6464K)->6301K(6464K) NonClass: 5768K(5824K)->5768K(5824K) Class: 533K(640K)->533K(640K)
[22.894s][info][gc             ] GC(206) Pause Young (Allocation Failure) 3386M->3387M(3533M) 58.005ms
[22.894s][info][gc,cpu         ] GC(206) User=0.17s Sys=0.00s Real=0.06s
[22.937s][info][gc,start       ] GC(207) Pause Young (Allocation Failure)
[22.994s][info][gc,heap        ] GC(207) PSYoungGen: 91360K(137216K)->45760K(133632K) Eden: 45568K(45568K)->0K(50688K) From: 45792K(91648K)->45760K(82944K)
[22.994s][info][gc,heap        ] GC(207) ParOldGen: 3422891K(3480576K)->3468875K(3480576K)
[22.994s][info][gc,metaspace   ] GC(207) Metaspace: 6301K(6464K)->6301K(6464K) NonClass: 5768K(5824K)->5768K(5824K) Class: 533K(640K)->533K(640K)
[22.994s][info][gc             ] GC(207) Pause Young (Allocation Failure) 3431M->3432M(3529M) 56.994ms
[22.994s][info][gc,cpu         ] GC(207) User=0.16s Sys=0.05s Real=0.06s
[22.994s][info][gc,start       ] GC(208) Pause Full (Ergonomics)
[22.994s][info][gc,phases,start] GC(208) Marking Phase
[23.801s][info][gc,phases      ] GC(208) Marking Phase 807.405ms
[23.801s][info][gc,phases,start] GC(208) Summary Phase
[23.801s][info][gc,phases      ] GC(208) Summary Phase 0.046ms
[23.801s][info][gc,phases,start] GC(208) Adjust Roots
[23.801s][info][gc,phases      ] GC(208) Adjust Roots 0.163ms
[23.801s][info][gc,phases,start] GC(208) Compaction Phase
[24.126s][info][gc,phases      ] GC(208) Compaction Phase 324.634ms
[24.126s][info][gc,phases,start] GC(208) Post Compact
[24.132s][info][gc,phases      ] GC(208) Post Compact 6.315ms
[24.134s][info][gc,heap        ] GC(208) PSYoungGen: 45760K(133632K)->31224K(136704K) Eden: 0K(50688K)->0K(53760K) From: 45760K(82944K)->31224K(82944K)
[24.134s][info][gc,heap        ] GC(208) ParOldGen: 3468875K(3480576K)->3480561K(3806720K)
[24.134s][info][gc,metaspace   ] GC(208) Metaspace: 6301K(6464K)->6301K(6464K) NonClass: 5768K(5824K)->5768K(5824K) Class: 533K(640K)->533K(640K)
[24.134s][info][gc             ] GC(208) Pause Full (Ergonomics) 3432M->3429M(3851M) 1140.014ms
[24.134s][info][gc,cpu         ] GC(208) User=8.25s Sys=0.00s Real=1.14s
[24.186s][info][gc,start       ] GC(209) Pause Young (Allocation Failure)
[24.368s][info][gc,heap        ] GC(209) PSYoungGen: 84984K(136704K)->53952K(139776K) Eden: 53760K(53760K)->0K(53760K) From: 31224K(82944K)->53952K(86016K)
[24.368s][info][gc,heap        ] GC(209) ParOldGen: 3480561K(3806720K)->3512097K(3806720K)
[24.368s][info][gc,metaspace   ] GC(209) Metaspace: 6301K(6464K)->6301K(6464K) NonClass: 5768K(5824K)->5768K(5824K) Class: 533K(640K)->533K(640K)
[24.368s][info][gc             ] GC(209) Pause Young (Allocation Failure) 3481M->3482M(3854M) 182.161ms
[24.368s][info][gc,cpu         ] GC(209) User=1.34s Sys=0.02s Real=0.18s
[24.423s][info][gc,start       ] GC(210) Pause Young (Allocation Failure)
[24.488s][info][gc,heap        ] GC(210) PSYoungGen: 107712K(139776K)->86528K(124928K) Eden: 53760K(53760K)->0K(38400K) From: 53952K(86016K)->86528K(86528K)
[24.488s][info][gc,heap        ] GC(210) ParOldGen: 3512097K(3806720K)->3533449K(3806720K)
[24.488s][info][gc,metaspace   ] GC(210) Metaspace: 6301K(6464K)->6301K(6464K) NonClass: 5768K(5824K)->5768K(5824K) Class: 533K(640K)->533K(640K)
[24.488s][info][gc             ] GC(210) Pause Young (Allocation Failure) 3534M->3535M(3839M) 65.239ms
[24.488s][info][gc,cpu         ] GC(210) User=0.36s Sys=0.03s Real=0.07s
[24.530s][info][gc,start       ] GC(211) Pause Young (Allocation Failure)
[24.602s][info][gc,heap        ] GC(211) PSYoungGen: 124928K(124928K)->38560K(77312K) Eden: 38400K(38400K)->0K(38400K) From: 86528K(86528K)->38560K(38912K)
[24.602s][info][gc,heap        ] GC(211) ParOldGen: 3533449K(3806720K)->3620601K(3806720K)
[24.602s][info][gc,metaspace   ] GC(211) Metaspace: 6301K(6464K)->6301K(6464K) NonClass: 5768K(5824K)->5768K(5824K) Class: 533K(640K)->533K(640K)
[24.603s][info][gc             ] GC(211) Pause Young (Allocation Failure) 3572M->3573M(3793M) 72.730ms
[24.603s][info][gc,cpu         ] GC(211) User=0.38s Sys=0.05s Real=0.07s
[24.644s][info][gc,start       ] GC(212) Pause Young (Allocation Failure)
[24.702s][info][gc,heap        ] GC(212) PSYoungGen: 76960K(77312K)->38528K(137728K) Eden: 38400K(38400K)->0K(42496K) From: 38560K(38912K)->38528K(95232K)
[24.702s][info][gc,heap        ] GC(212) ParOldGen: 3620601K(3806720K)->3659353K(3806720K)
[24.702s][info][gc,metaspace   ] GC(212) Metaspace: 6301K(6464K)->6301K(6464K) NonClass: 5768K(5824K)->5768K(5824K) Class: 533K(640K)->533K(640K)
[24.702s][info][gc             ] GC(212) Pause Young (Allocation Failure) 3610M->3611M(3852M) 57.849ms
[24.702s][info][gc,cpu         ] GC(212) User=0.19s Sys=0.02s Real=0.06s
[24.742s][info][gc,start       ] GC(213) Pause Young (Allocation Failure)
[24.803s][info][gc,heap        ] GC(213) PSYoungGen: 81024K(137728K)->42656K(141312K) Eden: 42496K(42496K)->0K(42496K) From: 38528K(95232K)->42656K(98816K)
[24.803s][info][gc,heap        ] GC(213) ParOldGen: 3659353K(3806720K)->3698089K(3806720K)
[24.803s][info][gc,metaspace   ] GC(213) Metaspace: 6301K(6464K)->6301K(6464K) NonClass: 5768K(5824K)->5768K(5824K) Class: 533K(640K)->533K(640K)
[24.803s][info][gc             ] GC(213) Pause Young (Allocation Failure) 3652M->3653M(3855M) 60.873ms
[24.803s][info][gc,cpu         ] GC(213) User=0.17s Sys=0.00s Real=0.06s
[24.844s][info][gc,start       ] GC(214) Pause Young (Allocation Failure)
[24.903s][info][gc,heap        ] GC(214) PSYoungGen: 85152K(141312K)->42720K(132608K) Eden: 42496K(42496K)->0K(47616K) From: 42656K(98816K)->42720K(84992K)
[24.903s][info][gc,heap        ] GC(214) ParOldGen: 3698089K(3806720K)->3740961K(3806720K)
[24.903s][info][gc,metaspace   ] GC(214) Metaspace: 6301K(6464K)->6301K(6464K) NonClass: 5768K(5824K)->5768K(5824K) Class: 533K(640K)->533K(640K)
[24.903s][info][gc             ] GC(214) Pause Young (Allocation Failure) 3694M->3695M(3847M) 59.853ms
[24.903s][info][gc,cpu         ] GC(214) User=0.28s Sys=0.00s Real=0.06s
[24.904s][info][gc,start       ] GC(215) Pause Full (Ergonomics)
[24.904s][info][gc,phases,start] GC(215) Marking Phase
[25.748s][info][gc,phases      ] GC(215) Marking Phase 844.908ms
[25.749s][info][gc,phases,start] GC(215) Summary Phase
[25.749s][info][gc,phases      ] GC(215) Summary Phase 0.071ms
[25.749s][info][gc,phases,start] GC(215) Adjust Roots
[25.749s][info][gc,phases      ] GC(215) Adjust Roots 0.160ms
[25.749s][info][gc,phases,start] GC(215) Compaction Phase
[26.086s][info][gc,phases      ] GC(215) Compaction Phase 337.101ms
[26.086s][info][gc,phases,start] GC(215) Post Compact
[26.093s][info][gc,phases      ] GC(215) Post Compact 7.157ms
[26.094s][info][gc,heap        ] GC(215) PSYoungGen: 42720K(132608K)->0K(137216K) Eden: 0K(47616K)->0K(47616K) From: 42720K(84992K)->0K(89600K)
[26.094s][info][gc,heap        ] GC(215) ParOldGen: 3740961K(3806720K)->3780895K(4146176K)
[26.094s][info][gc,metaspace   ] GC(215) Metaspace: 6301K(6464K)->6301K(6464K) NonClass: 5768K(5824K)->5768K(5824K) Class: 533K(640K)->533K(640K)
[26.094s][info][gc             ] GC(215) Pause Full (Ergonomics) 3695M->3692M(4183M) 1190.948ms
[26.095s][info][gc,cpu         ] GC(215) User=8.81s Sys=0.02s Real=1.19s
[26.144s][info][gc,start       ] GC(216) Pause Young (Allocation Failure)
[26.191s][info][gc,heap        ] GC(216) PSYoungGen: 47616K(137216K)->47808K(133632K) Eden: 47616K(47616K)->0K(52224K) From: 0K(89600K)->47808K(81408K)
[26.191s][info][gc,heap        ] GC(216) ParOldGen: 3780895K(4146176K)->3780895K(4146176K)
[26.191s][info][gc,metaspace   ] GC(216) Metaspace: 6301K(6464K)->6301K(6464K) NonClass: 5768K(5824K)->5768K(5824K) Class: 533K(640K)->533K(640K)
[26.191s][info][gc             ] GC(216) Pause Young (Allocation Failure) 3738M->3738M(4179M) 46.994ms
[26.191s][info][gc,cpu         ] GC(216) User=0.06s Sys=0.00s Real=0.05s
[26.249s][info][gc,start       ] GC(217) Pause Young (Allocation Failure)
[26.312s][info][gc,heap        ] GC(217) PSYoungGen: 100032K(133632K)->86016K(138240K) Eden: 52224K(52224K)->0K(52224K) From: 47808K(81408K)->86016K(86016K)
[26.312s][info][gc,heap        ] GC(217) ParOldGen: 3780895K(4146176K)->3794999K(4146176K)
[26.312s][info][gc,metaspace   ] GC(217) Metaspace: 6301K(6464K)->6301K(6464K) NonClass: 5768K(5824K)->5768K(5824K) Class: 533K(640K)->533K(640K)
[26.312s][info][gc             ] GC(217) Pause Young (Allocation Failure) 3789M->3790M(4184M) 63.933ms
[26.312s][info][gc,cpu         ] GC(217) User=0.17s Sys=0.00s Real=0.06s
[26.366s][info][gc,start       ] GC(218) Pause Young (Allocation Failure)
[26.439s][info][gc,heap        ] GC(218) PSYoungGen: 138240K(138240K)->52416K(151552K) Eden: 52224K(52224K)->0K(57856K) From: 86016K(86016K)->52416K(93696K)
[26.439s][info][gc,heap        ] GC(218) ParOldGen: 3794999K(4146176K)->3881655K(4146176K)
[26.439s][info][gc,metaspace   ] GC(218) Metaspace: 6301K(6464K)->6301K(6464K) NonClass: 5768K(5824K)->5768K(5824K) Class: 533K(640K)->533K(640K)
[26.439s][info][gc             ] GC(218) Pause Young (Allocation Failure) 3841M->3841M(4197M) 73.079ms
[26.439s][info][gc,cpu         ] GC(218) User=0.38s Sys=0.12s Real=0.07s
[26.496s][info][gc,start       ] GC(219) Pause Young (Allocation Failure)
[26.557s][info][gc,heap        ] GC(219) PSYoungGen: 110272K(151552K)->97792K(155648K) Eden: 57856K(57856K)->0K(57856K) From: 52416K(93696K)->97792K(97792K)
[26.557s][info][gc,heap        ] GC(219) ParOldGen: 3881655K(4146176K)->3894247K(4146176K)
[26.557s][info][gc,metaspace   ] GC(219) Metaspace: 6301K(6464K)->6301K(6464K) NonClass: 5768K(5824K)->5768K(5824K) Class: 533K(640K)->533K(640K)
[26.557s][info][gc             ] GC(219) Pause Young (Allocation Failure) 3898M->3898M(4201M) 60.998ms
[26.557s][info][gc,cpu         ] GC(219) User=0.28s Sys=0.02s Real=0.06s
[26.617s][info][gc,start       ] GC(220) Pause Young (Allocation Failure)
[26.697s][info][gc,heap        ] GC(220) PSYoungGen: 155648K(155648K)->58080K(168448K) Eden: 57856K(57856K)->0K(64000K) From: 97792K(97792K)->58080K(104448K)
[26.697s][info][gc,heap        ] GC(220) ParOldGen: 3894247K(4146176K)->3992767K(4146176K)
[26.697s][info][gc,metaspace   ] GC(220) Metaspace: 6301K(6464K)->6301K(6464K) NonClass: 5768K(5824K)->5768K(5824K) Class: 533K(640K)->533K(640K)
[26.697s][info][gc             ] GC(220) Pause Young (Allocation Failure) 3954M->3955M(4213M) 80.578ms
[26.697s][info][gc,cpu         ] GC(220) User=0.47s Sys=0.06s Real=0.08s
[26.773s][info][gc,start       ] GC(221) Pause Young (Allocation Failure)
[26.844s][info][gc,heap        ] GC(221) PSYoungGen: 122080K(168448K)->64256K(173568K) Eden: 64000K(64000K)->0K(64000K) From: 58080K(104448K)->64256K(109568K)
[26.844s][info][gc,heap        ] GC(221) ParOldGen: 3992767K(4146176K)->4051159K(4146176K)
[26.844s][info][gc,metaspace   ] GC(221) Metaspace: 6301K(6464K)->6301K(6464K) NonClass: 5768K(5824K)->5768K(5824K) Class: 533K(640K)->533K(640K)
[26.844s][info][gc             ] GC(221) Pause Young (Allocation Failure) 4018M->4018M(4218M) 70.759ms
[26.844s][info][gc,cpu         ] GC(221) User=0.38s Sys=0.02s Real=0.07s
[26.844s][info][gc,start       ] GC(222) Pause Full (Ergonomics)
[26.844s][info][gc,phases,start] GC(222) Marking Phase
[27.779s][info][gc,phases      ] GC(222) Marking Phase 935.222ms
[27.779s][info][gc,phases,start] GC(222) Summary Phase
[27.780s][info][gc,phases      ] GC(222) Summary Phase 0.072ms
[27.780s][info][gc,phases,start] GC(222) Adjust Roots
[27.780s][info][gc,phases      ] GC(222) Adjust Roots 0.159ms
[27.780s][info][gc,phases,start] GC(222) Compaction Phase
[28.155s][info][gc,phases      ] GC(222) Compaction Phase 375.384ms
[28.155s][info][gc,phases,start] GC(222) Post Compact
[28.161s][info][gc,phases      ] GC(222) Post Compact 5.972ms
[28.162s][info][gc,heap        ] GC(222) PSYoungGen: 64256K(173568K)->0K(177152K) Eden: 0K(64000K)->0K(70656K) From: 64256K(109568K)->0K(106496K)
[28.162s][info][gc,heap        ] GC(222) ParOldGen: 4051159K(4146176K)->4112481K(4544000K)
[28.162s][info][gc,metaspace   ] GC(222) Metaspace: 6301K(6464K)->6301K(6464K) NonClass: 5768K(5824K)->5768K(5824K) Class: 533K(640K)->533K(640K)
[28.162s][info][gc             ] GC(222) Pause Full (Ergonomics) 4018M->4016M(4610M) 1318.277ms
[28.162s][info][gc,cpu         ] GC(222) User=9.75s Sys=0.02s Real=1.32s
[28.237s][info][gc,start       ] GC(223) Pause Young (Allocation Failure)
[28.293s][info][gc,heap        ] GC(223) PSYoungGen: 70656K(177152K)->70976K(177152K) Eden: 70656K(70656K)->0K(70656K) From: 0K(106496K)->70976K(106496K)
[28.293s][info][gc,heap        ] GC(223) ParOldGen: 4112481K(4544000K)->4112481K(4544000K)
[28.293s][info][gc,metaspace   ] GC(223) Metaspace: 6301K(6464K)->6301K(6464K) NonClass: 5768K(5824K)->5768K(5824K) Class: 533K(640K)->533K(640K)
[28.293s][info][gc             ] GC(223) Pause Young (Allocation Failure) 4085M->4085M(4610M) 55.777ms
[28.293s][info][gc,cpu         ] GC(223) User=0.17s Sys=0.00s Real=0.06s
[28.366s][info][gc,start       ] GC(224) Pause Young (Allocation Failure)
[28.440s][info][gc,heap        ] GC(224) PSYoungGen: 141632K(177152K)->106496K(157184K) Eden: 70656K(70656K)->0K(50688K) From: 70976K(106496K)->106496K(106496K)
[28.440s][info][gc,heap        ] GC(224) ParOldGen: 4112481K(4544000K)->4147793K(4544000K)
[28.440s][info][gc,metaspace   ] GC(224) Metaspace: 6301K(6464K)->6301K(6464K) NonClass: 5768K(5824K)->5768K(5824K) Class: 533K(640K)->533K(640K)
[28.440s][info][gc             ] GC(224) Pause Young (Allocation Failure) 4154M->4154M(4591M) 74.793ms
[28.440s][info][gc,cpu         ] GC(224) User=0.50s Sys=0.02s Real=0.08s
[28.500s][info][gc,start       ] GC(225) Pause Young (Allocation Failure)
[28.580s][info][gc,heap        ] GC(225) PSYoungGen: 157184K(157184K)->93056K(183296K) Eden: 50688K(50688K)->0K(50688K) From: 106496K(106496K)->93056K(132608K)
[28.580s][info][gc,heap        ] GC(225) ParOldGen: 4147793K(4544000K)->4212529K(4544000K)
[28.580s][info][gc,metaspace   ] GC(225) Metaspace: 6301K(6464K)->6301K(6464K) NonClass: 5768K(5824K)->5768K(5824K) Class: 533K(640K)->533K(640K)
[28.580s][info][gc             ] GC(225) Pause Young (Allocation Failure) 4204M->4204M(4616M) 79.841ms
[28.580s][info][gc,cpu         ] GC(225) User=0.50s Sys=0.12s Real=0.08s
[28.642s][info][gc,start       ] GC(226) Pause Young (Allocation Failure)
[28.724s][info][gc,heap        ] GC(226) PSYoungGen: 143744K(183296K)->135168K(169984K) Eden: 50688K(50688K)->0K(34816K) From: 93056K(132608K)->135168K(135168K)
[28.724s][info][gc,heap        ] GC(226) ParOldGen: 4212529K(4544000K)->4221193K(4544000K)
[28.724s][info][gc,metaspace   ] GC(226) Metaspace: 6301K(6464K)->6301K(6464K) NonClass: 5768K(5824K)->5768K(5824K) Class: 533K(640K)->533K(640K)
[28.724s][info][gc             ] GC(226) Pause Young (Allocation Failure) 4254M->4254M(4603M) 81.967ms
[28.724s][info][gc,cpu         ] GC(226) User=0.39s Sys=0.00s Real=0.08s
[28.763s][info][gc,start       ] GC(227) Pause Young (Allocation Failure)
[28.847s][info][gc,heap        ] GC(227) PSYoungGen: 169984K(169984K)->78272K(113152K) Eden: 34816K(34816K)->0K(34816K) From: 135168K(135168K)->78272K(78336K)
[28.847s][info][gc,heap        ] GC(227) ParOldGen: 4221193K(4544000K)->4313737K(4544000K)
[28.847s][info][gc,metaspace   ] GC(227) Metaspace: 6301K(6464K)->6301K(6464K) NonClass: 5768K(5824K)->5768K(5824K) Class: 533K(640K)->533K(640K)
[28.848s][info][gc             ] GC(227) Pause Young (Allocation Failure) 4288M->4289M(4548M) 84.445ms
[28.848s][info][gc,cpu         ] GC(227) User=0.58s Sys=0.05s Real=0.09s
[28.884s][info][gc,start       ] GC(228) Pause Young (Allocation Failure)
[28.951s][info][gc,heap        ] GC(228) PSYoungGen: 113088K(113152K)->69856K(176128K) Eden: 34816K(34816K)->0K(38912K) From: 78272K(78336K)->69856K(137216K)
[28.951s][info][gc,heap        ] GC(228) ParOldGen: 4313737K(4544000K)->4357345K(4544000K)
[28.951s][info][gc,metaspace   ] GC(228) Metaspace: 6301K(6464K)->6301K(6464K) NonClass: 5768K(5824K)->5768K(5824K) Class: 533K(640K)->533K(640K)
[28.951s][info][gc             ] GC(228) Pause Young (Allocation Failure) 4323M->4323M(4609M) 66.562ms
[28.951s][info][gc,cpu         ] GC(228) User=0.33s Sys=0.06s Real=0.07s
[28.989s][info][gc,start       ] GC(229) Pause Young (Allocation Failure)
[29.053s][info][gc,heap        ] GC(229) PSYoungGen: 108768K(176128K)->73952K(113152K) Eden: 38912K(38912K)->0K(38912K) From: 69856K(137216K)->73952K(74240K)
[29.053s][info][gc,heap        ] GC(229) ParOldGen: 4357345K(4544000K)->4392481K(4544000K)
[29.053s][info][gc,metaspace   ] GC(229) Metaspace: 6301K(6464K)->6301K(6464K) NonClass: 5768K(5824K)->5768K(5824K) Class: 533K(640K)->533K(640K)
[29.053s][info][gc             ] GC(229) Pause Young (Allocation Failure) 4361M->4361M(4548M) 63.482ms
[29.053s][info][gc,cpu         ] GC(229) User=0.36s Sys=0.02s Real=0.06s
[29.091s][info][gc,start       ] GC(230) Pause Young (Allocation Failure)
[29.156s][info][gc,heap        ] GC(230) PSYoungGen: 112864K(113152K)->78048K(169472K) Eden: 38912K(38912K)->0K(44032K) From: 73952K(74240K)->78048K(125440K)
[29.156s][info][gc,heap        ] GC(230) ParOldGen: 4392481K(4544000K)->4427609K(4544000K)
[29.156s][info][gc,metaspace   ] GC(230) Metaspace: 6301K(6464K)->6301K(6464K) NonClass: 5768K(5824K)->5768K(5824K) Class: 533K(640K)->533K(640K)
[29.156s][info][gc             ] GC(230) Pause Young (Allocation Failure) 4399M->4400M(4603M) 64.407ms
[29.156s][info][gc,cpu         ] GC(230) User=0.36s Sys=0.03s Real=0.06s
[29.207s][info][gc,start       ] GC(231) Pause Young (Allocation Failure)
[29.274s][info][gc,heap        ] GC(231) PSYoungGen: 122080K(169472K)->83168K(175104K) Eden: 44032K(44032K)->0K(44032K) From: 78048K(125440K)->83168K(131072K)
[29.274s][info][gc,heap        ] GC(231) ParOldGen: 4427609K(4544000K)->4466865K(4544000K)
[29.274s][info][gc,metaspace   ] GC(231) Metaspace: 6301K(6464K)->6301K(6464K) NonClass: 5768K(5824K)->5768K(5824K) Class: 533K(640K)->533K(640K)
[29.274s][info][gc             ] GC(231) Pause Young (Allocation Failure) 4443M->4443M(4608M) 67.121ms
[29.274s][info][gc,cpu         ] GC(231) User=0.38s Sys=0.00s Real=0.07s
[29.274s][info][gc,start       ] GC(232) Pause Full (Ergonomics)
[29.274s][info][gc,phases,start] GC(232) Marking Phase
[30.324s][info][gc,phases      ] GC(232) Marking Phase 1050.130ms
[30.324s][info][gc,phases,start] GC(232) Summary Phase
[30.324s][info][gc,phases      ] GC(232) Summary Phase 0.060ms
[30.324s][info][gc,phases,start] GC(232) Adjust Roots
[30.325s][info][gc,phases      ] GC(232) Adjust Roots 0.160ms
[30.325s][info][gc,phases,start] GC(232) Compaction Phase
[30.732s][info][gc,phases      ] GC(232) Compaction Phase 407.101ms
[30.732s][info][gc,phases,start] GC(232) Post Compact
[30.738s][info][gc,phases      ] GC(232) Post Compact 6.717ms
[30.740s][info][gc,heap        ] GC(232) PSYoungGen: 83168K(175104K)->2666K(175104K) Eden: 0K(44032K)->0K(44032K) From: 83168K(131072K)->2666K(131072K)
[30.740s][info][gc,heap        ] GC(232) ParOldGen: 4466865K(4544000K)->4543700K(5001728K)
[30.740s][info][gc,metaspace   ] GC(232) Metaspace: 6301K(6464K)->6301K(6464K) NonClass: 5768K(5824K)->5768K(5824K) Class: 533K(640K)->533K(640K)
[30.740s][info][gc             ] GC(232) Pause Full (Ergonomics) 4443M->4439M(5055M) 1465.918ms
[30.740s][info][gc,cpu         ] GC(232) User=11.03s Sys=0.02s Real=1.47s
[30.797s][info][gc,start       ] GC(233) Pause Young (Allocation Failure)
[31.018s][info][gc,heap        ] GC(233) PSYoungGen: 46698K(175104K)->45728K(176128K) Eden: 44032K(44032K)->0K(48640K) From: 2666K(131072K)->45728K(127488K)
[31.018s][info][gc,heap        ] GC(233) ParOldGen: 4543700K(5001728K)->4544900K(5001728K)
[31.018s][info][gc,metaspace   ] GC(233) Metaspace: 6301K(6464K)->6301K(6464K) NonClass: 5768K(5824K)->5768K(5824K) Class: 533K(640K)->533K(640K)
[31.018s][info][gc             ] GC(233) Pause Young (Allocation Failure) 4482M->4483M(5056M) 221.384ms
[31.018s][info][gc,cpu         ] GC(233) User=1.52s Sys=0.00s Real=0.22s
[31.069s][info][gc,start       ] GC(234) Pause Young (Allocation Failure)
[31.133s][info][gc,heap        ] GC(234) PSYoungGen: 94368K(176128K)->94400K(177152K) Eden: 48640K(48640K)->0K(48640K) From: 45728K(127488K)->94400K(128512K)
[31.133s][info][gc,heap        ] GC(234) ParOldGen: 4544900K(5001728K)->4544900K(5001728K)
[31.133s][info][gc,metaspace   ] GC(234) Metaspace: 6301K(6464K)->6301K(6464K) NonClass: 5768K(5824K)->5768K(5824K) Class: 533K(640K)->533K(640K)
[31.134s][info][gc             ] GC(234) Pause Young (Allocation Failure) 4530M->4530M(5057M) 64.130ms
[31.134s][info][gc,cpu         ] GC(234) User=0.28s Sys=0.00s Real=0.06s
[31.183s][info][gc,start       ] GC(235) Pause Young (Allocation Failure)
[31.264s][info][gc,heap        ] GC(235) PSYoungGen: 143040K(177152K)->130560K(164864K) Eden: 48640K(48640K)->0K(34304K) From: 94400K(128512K)->130560K(130560K)
[31.264s][info][gc,heap        ] GC(235) ParOldGen: 4544900K(5001728K)->4557500K(5001728K)
[31.264s][info][gc,metaspace   ] GC(235) Metaspace: 6301K(6464K)->6301K(6464K) NonClass: 5768K(5824K)->5768K(5824K) Class: 533K(640K)->533K(640K)
[31.264s][info][gc             ] GC(235) Pause Young (Allocation Failure) 4578M->4578M(5045M) 81.155ms
[31.264s][info][gc,cpu         ] GC(235) User=0.48s Sys=0.02s Real=0.08s
[31.299s][info][gc,start       ] GC(236) Pause Young (Allocation Failure)
[31.391s][info][gc,heap        ] GC(236) PSYoungGen: 164864K(164864K)->123200K(184320K) Eden: 34304K(34304K)->0K(34304K) From: 130560K(130560K)->123200K(150016K)
[31.391s][info][gc,heap        ] GC(236) ParOldGen: 4557500K(5001728K)->4599620K(5001728K)
[31.391s][info][gc,metaspace   ] GC(236) Metaspace: 6301K(6464K)->6301K(6464K) NonClass: 5768K(5824K)->5768K(5824K) Class: 533K(640K)->533K(640K)
[31.391s][info][gc             ] GC(236) Pause Young (Allocation Failure) 4611M->4612M(5064M) 92.397ms
[31.391s][info][gc,cpu         ] GC(236) User=0.38s Sys=0.03s Real=0.09s
[31.430s][info][gc,start       ] GC(237) Pause Young (Allocation Failure)
[31.513s][info][gc,heap        ] GC(237) PSYoungGen: 157504K(184320K)->110080K(195584K) Eden: 34304K(34304K)->0K(37376K) From: 123200K(150016K)->110080K(158208K)
[31.513s][info][gc,heap        ] GC(237) ParOldGen: 4599620K(5001728K)->4647508K(5001728K)
[31.513s][info][gc,metaspace   ] GC(237) Metaspace: 6301K(6464K)->6301K(6464K) NonClass: 5768K(5824K)->5768K(5824K) Class: 533K(640K)->533K(640K)
[31.513s][info][gc             ] GC(237) Pause Young (Allocation Failure) 4645M->4646M(5075M) 83.514ms
[31.513s][info][gc,cpu         ] GC(237) User=0.48s Sys=0.05s Real=0.08s
[31.559s][info][gc,start       ] GC(238) Pause Young (Allocation Failure)
[31.641s][info][gc,heap        ] GC(238) PSYoungGen: 147456K(195584K)->106240K(197120K) Eden: 37376K(37376K)->0K(37376K) From: 110080K(158208K)->106240K(159744K)
[31.641s][info][gc,heap        ] GC(238) ParOldGen: 4647508K(5001728K)->4689052K(5001728K)
[31.641s][info][gc,metaspace   ] GC(238) Metaspace: 6301K(6464K)->6301K(6464K) NonClass: 5768K(5824K)->5768K(5824K) Class: 533K(640K)->533K(640K)
[31.641s][info][gc             ] GC(238) Pause Young (Allocation Failure) 4682M->4682M(5077M) 82.172ms
[31.641s][info][gc,cpu         ] GC(238) User=0.50s Sys=0.02s Real=0.08s
[31.683s][info][gc,start       ] GC(239) Pause Young (Allocation Failure)
[31.765s][info][gc,heap        ] GC(239) PSYoungGen: 143616K(197120K)->109312K(200704K) Eden: 37376K(37376K)->0K(41984K) From: 106240K(159744K)->109312K(158720K)
[31.765s][info][gc,heap        ] GC(239) ParOldGen: 4689052K(5001728K)->4723652K(5001728K)
[31.765s][info][gc,metaspace   ] GC(239) Metaspace: 6301K(6464K)->6301K(6464K) NonClass: 5768K(5824K)->5768K(5824K) Class: 533K(640K)->533K(640K)
[31.765s][info][gc             ] GC(239) Pause Young (Allocation Failure) 4719M->4719M(5080M) 82.413ms
[31.765s][info][gc,cpu         ] GC(239) User=0.48s Sys=0.03s Real=0.08s
[31.807s][info][gc,start       ] GC(240) Pause Young (Allocation Failure)
[31.890s][info][gc,heap        ] GC(240) PSYoungGen: 151296K(200704K)->116992K(201216K) Eden: 41984K(41984K)->0K(41984K) From: 109312K(158720K)->116992K(159232K)
[31.890s][info][gc,heap        ] GC(240) ParOldGen: 4723652K(5001728K)->4758260K(5001728K)
[31.890s][info][gc,metaspace   ] GC(240) Metaspace: 6301K(6464K)->6301K(6464K) NonClass: 5768K(5824K)->5768K(5824K) Class: 533K(640K)->533K(640K)
[31.890s][info][gc             ] GC(240) Pause Young (Allocation Failure) 4760M->4760M(5081M) 82.560ms
[31.890s][info][gc,cpu         ] GC(240) User=0.52s Sys=0.00s Real=0.08s
[31.932s][info][gc,start       ] GC(241) Pause Young (Allocation Failure)
[32.019s][info][gc,heap        ] GC(241) PSYoungGen: 158976K(201216K)->84224K(199680K) Eden: 41984K(41984K)->0K(47616K) From: 116992K(159232K)->84224K(152064K)
[32.019s][info][gc,heap        ] GC(241) ParOldGen: 4758260K(5001728K)->4833668K(5001728K)
[32.019s][info][gc,metaspace   ] GC(241) Metaspace: 6301K(6464K)->6301K(6464K) NonClass: 5768K(5824K)->5768K(5824K) Class: 533K(640K)->533K(640K)
[32.020s][info][gc             ] GC(241) Pause Young (Allocation Failure) 4801M->4802M(5079M) 87.656ms
[32.020s][info][gc,cpu         ] GC(241) User=0.53s Sys=0.11s Real=0.09s
[32.067s][info][gc,start       ] GC(242) Pause Young (Allocation Failure)
[32.144s][info][gc,heap        ] GC(242) PSYoungGen: 131840K(199680K)->47840K(204288K) Eden: 47616K(47616K)->0K(47616K) From: 84224K(152064K)->47840K(156672K)
[32.144s][info][gc,heap        ] GC(242) ParOldGen: 4833668K(5001728K)->4918364K(5001728K)
[32.144s][info][gc,metaspace   ] GC(242) Metaspace: 6301K(6464K)->6301K(6464K) NonClass: 5768K(5824K)->5768K(5824K) Class: 533K(640K)->533K(640K)
[32.144s][info][gc             ] GC(242) Pause Young (Allocation Failure) 4849M->4849M(5084M) 76.572ms
[32.144s][info][gc,cpu         ] GC(242) User=0.47s Sys=0.05s Real=0.08s
[32.144s][info][gc,start       ] GC(243) Pause Full (Ergonomics)
[32.144s][info][gc,phases,start] GC(243) Marking Phase
[33.297s][info][gc,phases      ] GC(243) Marking Phase 1152.841ms
[33.297s][info][gc,phases,start] GC(243) Summary Phase
[33.297s][info][gc,phases      ] GC(243) Summary Phase 0.084ms
[33.297s][info][gc,phases,start] GC(243) Adjust Roots
[33.297s][info][gc,phases      ] GC(243) Adjust Roots 0.193ms
[33.297s][info][gc,phases,start] GC(243) Compaction Phase
[33.697s][info][gc,phases      ] GC(243) Compaction Phase 400.248ms
[33.697s][info][gc,phases,start] GC(243) Post Compact
[33.705s][info][gc,phases      ] GC(243) Post Compact 7.337ms
[33.706s][info][gc,heap        ] GC(243) PSYoungGen: 47840K(204288K)->0K(212480K) Eden: 0K(47616K)->0K(54272K) From: 47840K(156672K)->0K(158208K)
[33.706s][info][gc,heap        ] GC(243) ParOldGen: 4918364K(5001728K)->4962312K(5469184K)
[33.706s][info][gc,metaspace   ] GC(243) Metaspace: 6301K(6464K)->6301K(6464K) NonClass: 5768K(5824K)->5768K(5824K) Class: 533K(640K)->533K(640K)
[33.706s][info][gc             ] GC(243) Pause Full (Ergonomics) 4849M->4846M(5548M) 1562.455ms
[33.706s][info][gc,cpu         ] GC(243) User=11.83s Sys=0.03s Real=1.56s
[33.769s][info][gc,start       ] GC(244) Pause Young (Allocation Failure)
[33.817s][info][gc,heap        ] GC(244) PSYoungGen: 54272K(212480K)->54432K(212480K) Eden: 54272K(54272K)->0K(54272K) From: 0K(158208K)->54432K(158208K)
[33.818s][info][gc,heap        ] GC(244) ParOldGen: 4962312K(5469184K)->4962312K(5469184K)
[33.818s][info][gc,metaspace   ] GC(244) Metaspace: 6301K(6464K)->6301K(6464K) NonClass: 5768K(5824K)->5768K(5824K) Class: 533K(640K)->533K(640K)
[33.818s][info][gc             ] GC(244) Pause Young (Allocation Failure) 4899M->4899M(5548M) 48.784ms
[33.818s][info][gc,cpu         ] GC(244) User=0.19s Sys=0.00s Real=0.05s
[33.883s][info][gc,start       ] GC(245) Pause Young (Allocation Failure)
[33.955s][info][gc,heap        ] GC(245) PSYoungGen: 108704K(212480K)->108832K(215552K) Eden: 54272K(54272K)->0K(58368K) From: 54432K(158208K)->108832K(157184K)
[33.955s][info][gc,heap        ] GC(245) ParOldGen: 4962312K(5469184K)->4962312K(5469184K)
[33.955s][info][gc,metaspace   ] GC(245) Metaspace: 6301K(6464K)->6301K(6464K) NonClass: 5768K(5824K)->5768K(5824K) Class: 533K(640K)->533K(640K)
[33.955s][info][gc             ] GC(245) Pause Young (Allocation Failure) 4952M->4952M(5551M) 71.736ms
[33.955s][info][gc,cpu         ] GC(245) User=0.28s Sys=0.00s Real=0.07s
[34.015s][info][gc,start       ] GC(246) Pause Young (Allocation Failure)
[34.104s][info][gc,heap        ] GC(246) PSYoungGen: 167200K(215552K)->158720K(217088K) Eden: 58368K(58368K)->0K(58368K) From: 108832K(157184K)->158720K(158720K)
[34.104s][info][gc,heap        ] GC(246) ParOldGen: 4962312K(5469184K)->4970848K(5469184K)
[34.104s][info][gc,metaspace   ] GC(246) Metaspace: 6301K(6464K)->6301K(6464K) NonClass: 5768K(5824K)->5768K(5824K) Class: 533K(640K)->533K(640K)
[34.104s][info][gc             ] GC(246) Pause Young (Allocation Failure) 5009M->5009M(5553M) 88.773ms
[34.104s][info][gc,cpu         ] GC(246) User=0.72s Sys=0.02s Real=0.09s
[34.167s][info][gc,start       ] GC(247) Pause Young (Allocation Failure)
[34.283s][info][gc,heap        ] GC(247) PSYoungGen: 217088K(217088K)->114272K(243200K) Eden: 58368K(58368K)->0K(65024K) From: 158720K(158720K)->114272K(178176K)
[34.283s][info][gc,heap        ] GC(247) ParOldGen: 4970848K(5469184K)->5074632K(5469184K)
[34.283s][info][gc,metaspace   ] GC(247) Metaspace: 6301K(6464K)->6301K(6464K) NonClass: 5768K(5824K)->5768K(5824K) Class: 533K(640K)->533K(640K)
[34.283s][info][gc             ] GC(247) Pause Young (Allocation Failure) 5066M->5067M(5578M) 115.543ms
[34.283s][info][gc,cpu         ] GC(247) User=0.69s Sys=0.08s Real=0.12s
[34.355s][info][gc,start       ] GC(248) Pause Young (Allocation Failure)
[34.451s][info][gc,heap        ] GC(248) PSYoungGen: 179296K(243200K)->123712K(244224K) Eden: 65024K(65024K)->0K(65024K) From: 114272K(178176K)->123712K(179200K)
[34.451s][info][gc,heap        ] GC(248) ParOldGen: 5074632K(5469184K)->5130744K(5469184K)
[34.451s][info][gc,metaspace   ] GC(248) Metaspace: 6301K(6464K)->6301K(6464K) NonClass: 5768K(5824K)->5768K(5824K) Class: 533K(640K)->533K(640K)
[34.451s][info][gc             ] GC(248) Pause Young (Allocation Failure) 5130M->5131M(5579M) 95.788ms
[34.451s][info][gc,cpu         ] GC(248) User=0.61s Sys=0.03s Real=0.10s
[34.526s][info][gc,start       ] GC(249) Pause Young (Allocation Failure)
[34.625s][info][gc,heap        ] GC(249) PSYoungGen: 188736K(244224K)->130400K(250368K) Eden: 65024K(65024K)->0K(69632K) From: 123712K(179200K)->130400K(180736K)
[34.625s][info][gc,heap        ] GC(249) ParOldGen: 5130744K(5469184K)->5189640K(5469184K)
[34.625s][info][gc,metaspace   ] GC(249) Metaspace: 6301K(6464K)->6301K(6464K) NonClass: 5768K(5824K)->5768K(5824K) Class: 533K(640K)->533K(640K)
[34.625s][info][gc             ] GC(249) Pause Young (Allocation Failure) 5194M->5195M(5585M) 99.243ms
[34.625s][info][gc,cpu         ] GC(249) User=0.61s Sys=0.05s Real=0.10s
[34.700s][info][gc,start       ] GC(250) Pause Young (Allocation Failure)
[34.810s][info][gc,heap        ] GC(250) PSYoungGen: 200032K(250368K)->135008K(253440K) Eden: 69632K(69632K)->0K(69632K) From: 130400K(180736K)->135008K(183808K)
[34.810s][info][gc,heap        ] GC(250) ParOldGen: 5189640K(5469184K)->5255248K(5469184K)
[34.810s][info][gc,metaspace   ] GC(250) Metaspace: 6301K(6464K)->6301K(6464K) NonClass: 5768K(5824K)->5768K(5824K) Class: 533K(640K)->533K(640K)
[34.810s][info][gc             ] GC(250) Pause Young (Allocation Failure) 5263M->5263M(5588M) 109.508ms
[34.810s][info][gc,cpu         ] GC(250) User=0.67s Sys=0.08s Real=0.11s
[34.889s][info][gc,start       ] GC(251) Pause Young (Allocation Failure)
[34.998s][info][gc,heap        ] GC(251) PSYoungGen: 204640K(253440K)->139616K(261120K) Eden: 69632K(69632K)->0K(73728K) From: 135008K(183808K)->139616K(187392K)
[34.998s][info][gc,heap        ] GC(251) ParOldGen: 5255248K(5469184K)->5320864K(5469184K)
[34.998s][info][gc,metaspace   ] GC(251) Metaspace: 6301K(6464K)->6301K(6464K) NonClass: 5768K(5824K)->5768K(5824K) Class: 533K(640K)->533K(640K)
[34.998s][info][gc             ] GC(251) Pause Young (Allocation Failure) 5331M->5332M(5596M) 108.933ms
[34.998s][info][gc,cpu         ] GC(251) User=0.70s Sys=0.06s Real=0.11s
[35.083s][info][gc,start       ] GC(252) Pause Young (Allocation Failure)
[35.202s][info][gc,heap        ] GC(252) PSYoungGen: 213344K(261120K)->143680K(265216K) Eden: 73728K(73728K)->0K(73728K) From: 139616K(187392K)->143680K(191488K)
[35.202s][info][gc,heap        ] GC(252) ParOldGen: 5320864K(5469184K)->5391128K(5469184K)
[35.202s][info][gc,metaspace   ] GC(252) Metaspace: 6301K(6464K)->6301K(6464K) NonClass: 5768K(5824K)->5768K(5824K) Class: 533K(640K)->533K(640K)
[35.202s][info][gc             ] GC(252) Pause Young (Allocation Failure) 5404M->5405M(5600M) 119.742ms
[35.202s][info][gc,cpu         ] GC(252) User=0.77s Sys=0.00s Real=0.12s
[35.202s][info][gc,start       ] GC(253) Pause Full (Ergonomics)
[35.202s][info][gc,phases,start] GC(253) Marking Phase
[36.449s][info][gc,phases      ] GC(253) Marking Phase 1246.240ms
[36.449s][info][gc,phases,start] GC(253) Summary Phase
[36.449s][info][gc,phases      ] GC(253) Summary Phase 0.067ms
[36.449s][info][gc,phases,start] GC(253) Adjust Roots
[36.449s][info][gc,phases      ] GC(253) Adjust Roots 0.185ms
[36.449s][info][gc,phases,start] GC(253) Compaction Phase
[36.948s][info][gc,phases      ] GC(253) Compaction Phase 499.257ms
[36.948s][info][gc,phases,start] GC(253) Post Compact
[36.957s][info][gc,phases      ] GC(253) Post Compact 8.289ms
[36.958s][info][gc,heap        ] GC(253) PSYoungGen: 143680K(265216K)->61521K(265216K) Eden: 0K(73728K)->0K(73728K) From: 143680K(191488K)->61521K(191488K)
[36.958s][info][gc,heap        ] GC(253) ParOldGen: 5391128K(5469184K)->5468825K(6036992K)
[36.959s][info][gc,metaspace   ] GC(253) Metaspace: 6301K(6464K)->6301K(6464K) NonClass: 5768K(5824K)->5768K(5824K) Class: 533K(640K)->533K(640K)
[36.959s][info][gc             ] GC(253) Pause Full (Ergonomics) 5405M->5400M(6154M) 1756.082ms
[36.959s][info][gc,cpu         ] GC(253) User=13.12s Sys=0.06s Real=1.76s
[37.042s][info][gc,start       ] GC(254) Pause Young (Allocation Failure)
[37.367s][info][gc,heap        ] GC(254) PSYoungGen: 135249K(265216K)->108256K(260608K) Eden: 73728K(73728K)->0K(80896K) From: 61521K(191488K)->108256K(179712K)
[37.367s][info][gc,heap        ] GC(254) ParOldGen: 5468825K(6036992K)->5496361K(6036992K)
[37.367s][info][gc,metaspace   ] GC(254) Metaspace: 6301K(6464K)->6301K(6464K) NonClass: 5768K(5824K)->5768K(5824K) Class: 533K(640K)->533K(640K)
[37.367s][info][gc             ] GC(254) Pause Young (Allocation Failure) 5472M->5473M(6150M) 325.092ms
[37.367s][info][gc,cpu         ] GC(254) User=2.12s Sys=0.00s Real=0.33s
[37.466s][info][gc,start       ] GC(255) Pause Young (Allocation Failure)
[37.580s][info][gc,heap        ] GC(255) PSYoungGen: 189152K(260608K)->188416K(269312K) Eden: 80896K(80896K)->0K(80896K) From: 108256K(179712K)->188416K(188416K)
[37.580s][info][gc,heap        ] GC(255) ParOldGen: 5496361K(6036992K)->5497225K(6036992K)
[37.580s][info][gc,metaspace   ] GC(255) Metaspace: 6301K(6464K)->6301K(6464K) NonClass: 5768K(5824K)->5768K(5824K) Class: 533K(640K)->533K(640K)
[37.581s][info][gc             ] GC(255) Pause Young (Allocation Failure) 5552M->5552M(6158M) 114.939ms
[37.581s][info][gc,cpu         ] GC(255) User=0.77s Sys=0.00s Real=0.12s
[38.850s][info][gc,start       ] GC(256) Pause Young (Allocation Failure)
[39.103s][info][gc,heap        ] GC(256) PSYoungGen: 269312K(269312K)->161824K(292352K) Eden: 80896K(80896K)->0K(82944K) From: 188416K(188416K)->161824K(209408K)
[39.103s][info][gc,heap        ] GC(256) ParOldGen: 5759369K(6036992K)->5867929K(6036992K)
[39.103s][info][gc,metaspace   ] GC(256) Metaspace: 6301K(6464K)->6301K(6464K) NonClass: 5768K(5824K)->5768K(5824K) Class: 533K(640K)->533K(640K)
[39.103s][info][gc             ] GC(256) Pause Young (Allocation Failure) 5887M->5888M(6181M) 253.436ms
[39.103s][info][gc,cpu         ] GC(256) User=1.67s Sys=0.03s Real=0.25s
[39.188s][info][gc,start       ] GC(257) Pause Young (Allocation Failure)
[39.339s][info][gc,heap        ] GC(257) PSYoungGen: 244768K(292352K)->215552K(298496K) Eden: 82944K(82944K)->0K(82944K) From: 161824K(209408K)->215552K(215552K)
[39.339s][info][gc,heap        ] GC(257) ParOldGen: 5867929K(6036992K)->5897401K(6036992K)
[39.339s][info][gc,metaspace   ] GC(257) Metaspace: 6301K(6464K)->6301K(6464K) NonClass: 5768K(5824K)->5768K(5824K) Class: 533K(640K)->533K(640K)
[39.339s][info][gc             ] GC(257) Pause Young (Allocation Failure) 5969M->5969M(6187M) 150.857ms
[39.339s][info][gc,cpu         ] GC(257) User=0.62s Sys=0.00s Real=0.15s
[39.433s][info][gc,start       ] GC(258) Pause Young (Allocation Failure)
[39.593s][info][gc,heap        ] GC(258) PSYoungGen: 298496K(298496K)->164192K(340992K) Eden: 82944K(82944K)->0K(91648K) From: 215552K(215552K)->164192K(249344K)
[39.593s][info][gc,heap        ] GC(258) ParOldGen: 5897401K(6036992K)->6032929K(6036992K)
[39.593s][info][gc,metaspace   ] GC(258) Metaspace: 6301K(6464K)->6301K(6464K) NonClass: 5768K(5824K)->5768K(5824K) Class: 533K(640K)->533K(640K)
[39.593s][info][gc             ] GC(258) Pause Young (Allocation Failure) 6050M->6051M(6228M) 160.146ms
[39.593s][info][gc,cpu         ] GC(258) User=0.89s Sys=0.03s Real=0.16s
[39.593s][info][gc,start       ] GC(259) Pause Full (Ergonomics)
[39.593s][info][gc,phases,start] GC(259) Marking Phase
[40.944s][info][gc,phases      ] GC(259) Marking Phase 1350.723ms
[40.944s][info][gc,phases,start] GC(259) Summary Phase
[40.944s][info][gc,phases      ] GC(259) Summary Phase 0.066ms
[40.944s][info][gc,phases,start] GC(259) Adjust Roots
[40.944s][info][gc,phases      ] GC(259) Adjust Roots 0.161ms
[40.944s][info][gc,phases,start] GC(259) Compaction Phase
[41.890s][info][gc,phases      ] GC(259) Compaction Phase 946.122ms
[41.890s][info][gc,phases,start] GC(259) Post Compact
[41.901s][info][gc,phases      ] GC(259) Post Compact 10.079ms
[41.903s][info][gc,heap        ] GC(259) PSYoungGen: 164192K(340992K)->25741K(341504K) Eden: 0K(91648K)->0K(92160K) From: 164192K(249344K)->25741K(249344K)
[41.903s][info][gc,heap        ] GC(259) ParOldGen: 6032929K(6036992K)->6036927K(6690816K)
[41.903s][info][gc,metaspace   ] GC(259) Metaspace: 6301K(6464K)->6301K(6464K) NonClass: 5768K(5824K)->5768K(5824K) Class: 533K(640K)->533K(640K)
[41.903s][info][gc             ] GC(259) Pause Full (Ergonomics) 6051M->5920M(6867M) 2309.549ms
[41.903s][info][gc,cpu         ] GC(259) User=16.33s Sys=0.05s Real=2.31s
[41.993s][info][gc,start       ] GC(260) Pause Young (Allocation Failure)
[42.306s][info][gc,heap        ] GC(260) PSYoungGen: 117901K(341504K)->118240K(342016K) Eden: 92160K(92160K)->0K(92160K) From: 25741K(249344K)->118240K(249856K)
[42.306s][info][gc,heap        ] GC(260) ParOldGen: 6036927K(6690816K)->6036927K(6690816K)
[42.307s][info][gc,metaspace   ] GC(260) Metaspace: 6301K(6464K)->6301K(6464K) NonClass: 5768K(5824K)->5768K(5824K) Class: 533K(640K)->533K(640K)
[42.307s][info][gc             ] GC(260) Pause Young (Allocation Failure) 6010M->6010M(6868M) 313.217ms
[42.307s][info][gc,cpu         ] GC(260) User=1.94s Sys=0.00s Real=0.31s
[42.405s][info][gc,start       ] GC(261) Pause Young (Allocation Failure)
[42.529s][info][gc,heap        ] GC(261) PSYoungGen: 210400K(342016K)->210592K(326656K) Eden: 92160K(92160K)->0K(83968K) From: 118240K(249856K)->210592K(242688K)
[42.529s][info][gc,heap        ] GC(261) ParOldGen: 6036927K(6690816K)->6036927K(6690816K)
[42.529s][info][gc,metaspace   ] GC(261) Metaspace: 6301K(6464K)->6301K(6464K) NonClass: 5768K(5824K)->5768K(5824K) Class: 533K(640K)->533K(640K)
[42.529s][info][gc             ] GC(261) Pause Young (Allocation Failure) 6100M->6101M(6853M) 124.432ms
[42.529s][info][gc,cpu         ] GC(261) User=0.56s Sys=0.03s Real=0.12s
[42.619s][info][gc,start       ] GC(262) Pause Young (Allocation Failure)
[42.769s][info][gc,heap        ] GC(262) PSYoungGen: 294560K(326656K)->259072K(343040K) Eden: 83968K(83968K)->0K(83968K) From: 210592K(242688K)->259072K(259072K)
[42.769s][info][gc,heap        ] GC(262) ParOldGen: 6036927K(6690816K)->6072711K(6690816K)
[42.769s][info][gc,metaspace   ] GC(262) Metaspace: 6301K(6464K)->6301K(6464K) NonClass: 5768K(5824K)->5768K(5824K) Class: 533K(640K)->533K(640K)
[42.769s][info][gc             ] GC(262) Pause Young (Allocation Failure) 6183M->6183M(6869M) 150.180ms
[42.769s][info][gc,cpu         ] GC(262) User=0.72s Sys=0.00s Real=0.15s
[42.859s][info][gc,start       ] GC(263) Pause Young (Allocation Failure)
[43.023s][info][gc,heap        ] GC(263) PSYoungGen: 343040K(343040K)->303104K(342016K) Eden: 83968K(83968K)->0K(38912K) From: 259072K(259072K)->303104K(303104K)
[43.023s][info][gc,heap        ] GC(263) ParOldGen: 6072711K(6690816K)->6113111K(6690816K)
[43.023s][info][gc,metaspace   ] GC(263) Metaspace: 6301K(6464K)->6301K(6464K) NonClass: 5768K(5824K)->5768K(5824K) Class: 533K(640K)->533K(640K)
[43.023s][info][gc             ] GC(263) Pause Young (Allocation Failure) 6265M->6265M(6868M) 163.903ms
[43.023s][info][gc,cpu         ] GC(263) User=1.30s Sys=0.08s Real=0.16s
[43.064s][info][gc,start       ] GC(264) Pause Young (Allocation Failure)
[43.234s][info][gc,heap        ] GC(264) PSYoungGen: 342016K(342016K)->186976K(226304K) Eden: 38912K(38912K)->0K(38912K) From: 303104K(303104K)->186976K(187392K)
[43.234s][info][gc,heap        ] GC(264) ParOldGen: 6113111K(6690816K)->6269423K(6690816K)
[43.234s][info][gc,metaspace   ] GC(264) Metaspace: 6301K(6464K)->6301K(6464K) NonClass: 5768K(5824K)->5768K(5824K) Class: 533K(640K)->533K(640K)
[43.234s][info][gc             ] GC(264) Pause Young (Allocation Failure) 6303M->6305M(6755M) 170.724ms
[43.235s][info][gc,cpu         ] GC(264) User=1.05s Sys=0.11s Real=0.17s
[43.279s][info][gc,start       ] GC(265) Pause Young (Allocation Failure)
[43.413s][info][gc,heap        ] GC(265) PSYoungGen: 225888K(226304K)->77984K(386048K) Eden: 38912K(38912K)->0K(43520K) From: 186976K(187392K)->77984K(342528K)
[43.413s][info][gc,heap        ] GC(265) ParOldGen: 6269423K(6690816K)->6418335K(6690816K)
[43.413s][info][gc,metaspace   ] GC(265) Metaspace: 6301K(6464K)->6301K(6464K) NonClass: 5768K(5824K)->5768K(5824K) Class: 533K(640K)->533K(640K)
[43.413s][info][gc             ] GC(265) Pause Young (Allocation Failure) 6343M->6344M(6911M) 133.892ms
[43.413s][info][gc,cpu         ] GC(265) User=0.69s Sys=0.12s Real=0.13s
[43.465s][info][gc,start       ] GC(266) Pause Young (Allocation Failure)
[43.573s][info][gc,heap        ] GC(266) PSYoungGen: 121504K(386048K)->43712K(386560K) Eden: 43520K(43520K)->0K(43520K) From: 77984K(342528K)->43712K(343040K)
[43.573s][info][gc,heap        ] GC(266) ParOldGen: 6418335K(6690816K)->6496823K(6690816K)
[43.573s][info][gc,metaspace   ] GC(266) Metaspace: 6301K(6464K)->6301K(6464K) NonClass: 5768K(5824K)->5768K(5824K) Class: 533K(640K)->533K(640K)
[43.573s][info][gc             ] GC(266) Pause Young (Allocation Failure) 6386M->6387M(6911M) 108.623ms
[43.573s][info][gc,cpu         ] GC(266) User=0.28s Sys=0.03s Real=0.11s
[43.616s][info][gc,start       ] GC(267) Pause Young (Allocation Failure)
[43.710s][info][gc,heap        ] GC(267) PSYoungGen: 87232K(386560K)->43744K(396288K) Eden: 43520K(43520K)->0K(49152K) From: 43712K(343040K)->43744K(347136K)
[43.710s][info][gc,heap        ] GC(267) ParOldGen: 6496823K(6690816K)->6540735K(6690816K)
[43.710s][info][gc,metaspace   ] GC(267) Metaspace: 6301K(6464K)->6301K(6464K) NonClass: 5768K(5824K)->5768K(5824K) Class: 533K(640K)->533K(640K)
[43.710s][info][gc             ] GC(267) Pause Young (Allocation Failure) 6429M->6430M(6921M) 94.161ms
[43.710s][info][gc,cpu         ] GC(267) User=0.27s Sys=0.02s Real=0.09s
[43.710s][info][gc,start       ] GC(268) Pause Full (Ergonomics)
[43.710s][info][gc,phases,start] GC(268) Marking Phase
[45.191s][info][gc,phases      ] GC(268) Marking Phase 1481.103ms
[45.191s][info][gc,phases,start] GC(268) Summary Phase
[45.191s][info][gc,phases      ] GC(268) Summary Phase 0.111ms
[45.191s][info][gc,phases,start] GC(268) Adjust Roots
[45.191s][info][gc,phases      ] GC(268) Adjust Roots 0.160ms
[45.191s][info][gc,phases,start] GC(268) Compaction Phase
[45.843s][info][gc,phases      ] GC(268) Compaction Phase 651.391ms
[45.843s][info][gc,phases,start] GC(268) Post Compact
[45.852s][info][gc,phases      ] GC(268) Post Compact 9.474ms
[45.854s][info][gc,heap        ] GC(268) PSYoungGen: 43744K(396288K)->0K(396288K) Eden: 0K(49152K)->0K(49152K) From: 43744K(347136K)->0K(347136K)
[45.854s][info][gc,heap        ] GC(268) ParOldGen: 6540735K(6690816K)->6579536K(7305728K)
[45.854s][info][gc,metaspace   ] GC(268) Metaspace: 6301K(6464K)->6301K(6464K) NonClass: 5768K(5824K)->5768K(5824K) Class: 533K(640K)->533K(640K)
[45.854s][info][gc             ] GC(268) Pause Full (Ergonomics) 6430M->6425M(7521M) 2144.389ms
[45.854s][info][gc,cpu         ] GC(268) User=15.36s Sys=0.00s Real=2.14s
[45.904s][info][gc,start       ] GC(269) Pause Young (Allocation Failure)
[45.978s][info][gc,heap        ] GC(269) PSYoungGen: 49152K(396288K)->49312K(392192K) Eden: 49152K(49152K)->0K(54784K) From: 0K(347136K)->49312K(337408K)
[45.978s][info][gc,heap        ] GC(269) ParOldGen: 6579536K(7305728K)->6579536K(7305728K)
[45.978s][info][gc,metaspace   ] GC(269) Metaspace: 6301K(6464K)->6301K(6464K) NonClass: 5768K(5824K)->5768K(5824K) Class: 533K(640K)->533K(640K)
[45.978s][info][gc             ] GC(269) Pause Young (Allocation Failure) 6473M->6473M(7517M) 73.290ms
[45.978s][info][gc,cpu         ] GC(269) User=0.19s Sys=0.00s Real=0.07s
[46.036s][info][gc,start       ] GC(270) Pause Young (Allocation Failure)
[46.126s][info][gc,heap        ] GC(270) PSYoungGen: 104096K(392192K)->55040K(110080K) Eden: 54784K(54784K)->0K(54784K) From: 49312K(337408K)->55040K(55296K)
[46.126s][info][gc,heap        ] GC(270) ParOldGen: 6579536K(7305728K)->6629136K(7305728K)
[46.126s][info][gc,metaspace   ] GC(270) Metaspace: 6301K(6464K)->6301K(6464K) NonClass: 5768K(5824K)->5768K(5824K) Class: 533K(640K)->533K(640K)
[46.126s][info][gc             ] GC(270) Pause Young (Allocation Failure) 6526M->6527M(7242M) 89.863ms
[46.126s][info][gc,cpu         ] GC(270) User=0.23s Sys=0.00s Real=0.09s
[46.194s][info][gc,start       ] GC(271) Pause Young (Allocation Failure)
[46.293s][info][gc,heap        ] GC(271) PSYoungGen: 109824K(110080K)->55040K(379904K) Eden: 54784K(54784K)->0K(60928K) From: 55040K(55296K)->55040K(318976K)
[46.293s][info][gc,heap        ] GC(271) ParOldGen: 6629136K(7305728K)->6684408K(7305728K)
[46.293s][info][gc,metaspace   ] GC(271) Metaspace: 6301K(6464K)->6301K(6464K) NonClass: 5768K(5824K)->5768K(5824K) Class: 533K(640K)->533K(640K)
[46.293s][info][gc             ] GC(271) Pause Young (Allocation Failure) 6581M->6581M(7505M) 99.767ms
[46.293s][info][gc,cpu         ] GC(271) User=0.33s Sys=0.02s Real=0.10s
[46.357s][info][gc,start       ] GC(272) Pause Young (Allocation Failure)
[46.462s][info][gc,heap        ] GC(272) PSYoungGen: 115968K(379904K)->61120K(122368K) Eden: 60928K(60928K)->0K(60928K) From: 55040K(318976K)->61120K(61440K)
[46.462s][info][gc,heap        ] GC(272) ParOldGen: 6684408K(7305728K)->6739688K(7305728K)
[46.462s][info][gc,metaspace   ] GC(272) Metaspace: 6301K(6464K)->6301K(6464K) NonClass: 5768K(5824K)->5768K(5824K) Class: 533K(640K)->533K(640K)
[46.462s][info][gc             ] GC(272) Pause Young (Allocation Failure) 6640M->6641M(7254M) 105.248ms
[46.462s][info][gc,cpu         ] GC(272) User=0.33s Sys=0.02s Real=0.11s
[46.523s][info][gc,start       ] GC(273) Pause Young (Allocation Failure)
[46.623s][info][gc,heap        ] GC(273) PSYoungGen: 122048K(122368K)->61120K(362496K) Eden: 60928K(60928K)->0K(68096K) From: 61120K(61440K)->61120K(294400K)
[46.623s][info][gc,heap        ] GC(273) ParOldGen: 6739688K(7305728K)->6801176K(7305728K)
[46.623s][info][gc,metaspace   ] GC(273) Metaspace: 6301K(6464K)->6301K(6464K) NonClass: 5768K(5824K)->5768K(5824K) Class: 533K(640K)->533K(640K)
[46.623s][info][gc             ] GC(273) Pause Young (Allocation Failure) 6700M->6701M(7488M) 99.712ms
[46.623s][info][gc,cpu         ] GC(273) User=0.23s Sys=0.02s Real=0.10s
[46.704s][info][gc,start       ] GC(274) Pause Young (Allocation Failure)
[46.807s][info][gc,heap        ] GC(274) PSYoungGen: 129216K(362496K)->68384K(136704K) Eden: 68096K(68096K)->0K(68096K) From: 61120K(294400K)->68384K(68608K)
[46.807s][info][gc,heap        ] GC(274) ParOldGen: 6801176K(7305728K)->6862656K(7305728K)
[46.807s][info][gc,metaspace   ] GC(274) Metaspace: 6301K(6464K)->6301K(6464K) NonClass: 5768K(5824K)->5768K(5824K) Class: 533K(640K)->533K(640K)
[46.807s][info][gc             ] GC(274) Pause Young (Allocation Failure) 6767M->6768M(7268M) 103.449ms
[46.807s][info][gc,cpu         ] GC(274) User=0.52s Sys=0.02s Real=0.10s
[46.882s][info][gc,start       ] GC(275) Pause Young (Allocation Failure)
[46.994s][info][gc,heap        ] GC(275) PSYoungGen: 136480K(136704K)->68320K(344576K) Eden: 68096K(68096K)->0K(76288K) From: 68384K(68608K)->68320K(268288K)
[46.994s][info][gc,heap        ] GC(275) ParOldGen: 6862656K(7305728K)->6931376K(7305728K)
[46.994s][info][gc,metaspace   ] GC(275) Metaspace: 6301K(6464K)->6301K(6464K) NonClass: 5768K(5824K)->5768K(5824K) Class: 533K(640K)->533K(640K)
[46.994s][info][gc             ] GC(275) Pause Young (Allocation Failure) 6835M->6835M(7471M) 112.248ms
[46.994s][info][gc,cpu         ] GC(275) User=0.34s Sys=0.03s Real=0.11s
[47.068s][info][gc,start       ] GC(276) Pause Young (Allocation Failure)
[47.176s][info][gc,heap        ] GC(276) PSYoungGen: 144608K(344576K)->76576K(153088K) Eden: 76288K(76288K)->0K(76288K) From: 68320K(268288K)->76576K(76800K)
[47.176s][info][gc,heap        ] GC(276) ParOldGen: 6931376K(7305728K)->7000088K(7305728K)
[47.176s][info][gc,metaspace   ] GC(276) Metaspace: 6301K(6464K)->6301K(6464K) NonClass: 5768K(5824K)->5768K(5824K) Class: 533K(640K)->533K(640K)
[47.176s][info][gc             ] GC(276) Pause Young (Allocation Failure) 6910M->6910M(7284M) 108.115ms
[47.176s][info][gc,cpu         ] GC(276) User=0.33s Sys=0.03s Real=0.11s
[47.253s][info][gc,start       ] GC(277) Pause Young (Allocation Failure)
[47.368s][info][gc,heap        ] GC(277) PSYoungGen: 152864K(153088K)->76544K(326656K) Eden: 76288K(76288K)->0K(85504K) From: 76576K(76800K)->76544K(241152K)
[47.368s][info][gc,heap        ] GC(277) ParOldGen: 7000088K(7305728K)->7077064K(7305728K)
[47.368s][info][gc,metaspace   ] GC(277) Metaspace: 6301K(6464K)->6301K(6464K) NonClass: 5768K(5824K)->5768K(5824K) Class: 533K(640K)->533K(640K)
[47.368s][info][gc             ] GC(277) Pause Young (Allocation Failure) 6985M->6985M(7453M) 115.259ms
[47.369s][info][gc,cpu         ] GC(277) User=0.31s Sys=0.06s Real=0.12s
[47.459s][info][gc,start       ] GC(278) Pause Young (Allocation Failure)
[47.577s][info][gc,heap        ] GC(278) PSYoungGen: 162048K(326656K)->85792K(171520K) Eden: 85504K(85504K)->0K(85504K) From: 76544K(241152K)->85792K(86016K)
[47.577s][info][gc,heap        ] GC(278) ParOldGen: 7077064K(7305728K)->7154032K(7305728K)
[47.577s][info][gc,metaspace   ] GC(278) Metaspace: 6301K(6464K)->6301K(6464K) NonClass: 5768K(5824K)->5768K(5824K) Class: 533K(640K)->533K(640K)
[47.577s][info][gc             ] GC(278) Pause Young (Allocation Failure) 7069M->7070M(7302M) 118.435ms
[47.577s][info][gc,cpu         ] GC(278) User=0.33s Sys=0.03s Real=0.12s
[47.658s][info][gc,start       ] GC(279) Pause Young (Allocation Failure)
[47.771s][info][gc,heap        ] GC(279) PSYoungGen: 171296K(171520K)->85760K(310272K) Eden: 85504K(85504K)->0K(95744K) From: 85792K(86016K)->85760K(214528K)
[47.771s][info][gc,heap        ] GC(279) ParOldGen: 7154032K(7305728K)->7240328K(7305728K)
[47.771s][info][gc,metaspace   ] GC(279) Metaspace: 6301K(6464K)->6301K(6464K) NonClass: 5768K(5824K)->5768K(5824K) Class: 533K(640K)->533K(640K)
[47.771s][info][gc             ] GC(279) Pause Young (Allocation Failure) 7153M->7154M(7437M) 113.774ms
[47.771s][info][gc,cpu         ] GC(279) User=0.33s Sys=0.00s Real=0.11s
[47.771s][info][gc,start       ] GC(280) Pause Full (Ergonomics)
[47.771s][info][gc,phases,start] GC(280) Marking Phase
[49.418s][info][gc,phases      ] GC(280) Marking Phase 1646.188ms
[49.418s][info][gc,phases,start] GC(280) Summary Phase
[49.418s][info][gc,phases      ] GC(280) Summary Phase 0.163ms
[49.418s][info][gc,phases,start] GC(280) Adjust Roots
[49.418s][info][gc,phases      ] GC(280) Adjust Roots 0.222ms
[49.418s][info][gc,phases,start] GC(280) Compaction Phase
[50.092s][info][gc,phases      ] GC(280) Compaction Phase 674.034ms
[50.092s][info][gc,phases,start] GC(280) Post Compact
[50.103s][info][gc,phases      ] GC(280) Post Compact 10.599ms
[50.105s][info][gc,heap        ] GC(280) PSYoungGen: 85760K(310272K)->13950K(321536K) Eden: 0K(95744K)->0K(107008K) From: 85760K(214528K)->13950K(214528K)
[50.105s][info][gc,heap        ] GC(280) ParOldGen: 7240328K(7305728K)->7305592K(8046592K)
[50.105s][info][gc,metaspace   ] GC(280) Metaspace: 6301K(6464K)->6301K(6464K) NonClass: 5768K(5824K)->5768K(5824K) Class: 533K(640K)->533K(640K)
[50.105s][info][gc             ] GC(280) Pause Full (Ergonomics) 7154M->7147M(8172M) 2333.854ms
[50.105s][info][gc,cpu         ] GC(280) User=17.22s Sys=0.08s Real=2.33s
[50.229s][info][gc,start       ] GC(281) Pause Young (Allocation Failure)
[50.611s][info][gc,heap        ] GC(281) PSYoungGen: 120958K(321536K)->107360K(334336K) Eden: 107008K(107008K)->0K(107008K) From: 13950K(214528K)->107360K(227328K)
[50.611s][info][gc,heap        ] GC(281) ParOldGen: 7305592K(8046592K)->7319704K(8046592K)
[50.611s][info][gc,metaspace   ] GC(281) Metaspace: 6301K(6464K)->6301K(6464K) NonClass: 5768K(5824K)->5768K(5824K) Class: 533K(640K)->533K(640K)
[50.611s][info][gc             ] GC(281) Pause Young (Allocation Failure) 7252M->7252M(8184M) 382.440ms
[50.611s][info][gc,cpu         ] GC(281) User=2.34s Sys=0.03s Real=0.38s
[50.717s][info][gc,start       ] GC(282) Pause Young (Allocation Failure)
[50.847s][info][gc,heap        ] GC(282) PSYoungGen: 214368K(334336K)->214528K(304128K) Eden: 107008K(107008K)->0K(85504K) From: 107360K(227328K)->214528K(218624K)
[50.848s][info][gc,heap        ] GC(282) ParOldGen: 7319704K(8046592K)->7319704K(8046592K)
[50.848s][info][gc,metaspace   ] GC(282) Metaspace: 6301K(6464K)->6301K(6464K) NonClass: 5768K(5824K)->5768K(5824K) Class: 533K(640K)->533K(640K)
[50.848s][info][gc             ] GC(282) Pause Young (Allocation Failure) 7357M->7357M(8155M) 130.709ms
[50.848s][info][gc,cpu         ] GC(282) User=0.69s Sys=0.00s Real=0.13s
[50.937s][info][gc,start       ] GC(283) Pause Young (Allocation Failure)
[51.094s][info][gc,heap        ] GC(283) PSYoungGen: 300032K(304128K)->250368K(335872K) Eden: 85504K(85504K)->0K(85504K) From: 214528K(218624K)->250368K(250368K)
[51.094s][info][gc,heap        ] GC(283) ParOldGen: 7319704K(8046592K)->7369784K(8046592K)
[51.094s][info][gc,metaspace   ] GC(283) Metaspace: 6301K(6464K)->6301K(6464K) NonClass: 5768K(5824K)->5768K(5824K) Class: 533K(640K)->533K(640K)
[51.094s][info][gc             ] GC(283) Pause Young (Allocation Failure) 7441M->7441M(8186M) 156.742ms
[51.094s][info][gc,cpu         ] GC(283) User=1.09s Sys=0.03s Real=0.16s
[51.187s][info][gc,start       ] GC(284) Pause Young (Allocation Failure)
[51.371s][info][gc,heap        ] GC(284) PSYoungGen: 335872K(335872K)->149120K(384512K) Eden: 85504K(85504K)->0K(95744K) From: 250368K(250368K)->149120K(288768K)
[51.371s][info][gc,heap        ] GC(284) ParOldGen: 7369784K(8046592K)->7558104K(8046592K)
[51.371s][info][gc,metaspace   ] GC(284) Metaspace: 6301K(6464K)->6301K(6464K) NonClass: 5768K(5824K)->5768K(5824K) Class: 533K(640K)->533K(640K)
[51.371s][info][gc             ] GC(284) Pause Young (Allocation Failure) 7525M->7526M(8233M) 184.287ms
[51.371s][info][gc,cpu         ] GC(284) User=1.16s Sys=0.17s Real=0.18s
[51.473s][info][gc,start       ] GC(285) Pause Young (Allocation Failure)
[51.617s][info][gc,heap        ] GC(285) PSYoungGen: 244864K(384512K)->181696K(393216K) Eden: 95744K(95744K)->0K(95744K) From: 149120K(288768K)->181696K(297472K)
[51.617s][info][gc,heap        ] GC(285) ParOldGen: 7558104K(8046592K)->7621936K(8046592K)
[51.617s][info][gc,metaspace   ] GC(285) Metaspace: 6301K(6464K)->6301K(6464K) NonClass: 5768K(5824K)->5768K(5824K) Class: 533K(640K)->533K(640K)
[51.617s][info][gc             ] GC(285) Pause Young (Allocation Failure) 7620M->7620M(8242M) 143.705ms
[51.617s][info][gc,cpu         ] GC(285) User=0.77s Sys=0.05s Real=0.14s
[51.728s][info][gc,start       ] GC(286) Pause Young (Allocation Failure)
[51.879s][info][gc,heap        ] GC(286) PSYoungGen: 277440K(393216K)->191968K(401920K) Eden: 95744K(95744K)->0K(101888K) From: 181696K(297472K)->191968K(300032K)
[51.879s][info][gc,heap        ] GC(286) ParOldGen: 7621936K(8046592K)->7708216K(8046592K)
[51.879s][info][gc,metaspace   ] GC(286) Metaspace: 6301K(6464K)->6301K(6464K) NonClass: 5768K(5824K)->5768K(5824K) Class: 533K(640K)->533K(640K)
[51.879s][info][gc             ] GC(286) Pause Young (Allocation Failure) 7714M->7715M(8250M) 151.062ms
[51.879s][info][gc,cpu         ] GC(286) User=0.83s Sys=0.03s Real=0.15s
[51.981s][info][gc,start       ] GC(287) Pause Young (Allocation Failure)
[52.143s][info][gc,heap        ] GC(287) PSYoungGen: 293856K(401920K)->198112K(407040K) Eden: 101888K(101888K)->0K(101888K) From: 191968K(300032K)->198112K(305152K)
[52.143s][info][gc,heap        ] GC(287) ParOldGen: 7708216K(8046592K)->7804840K(8046592K)
[52.143s][info][gc,metaspace   ] GC(287) Metaspace: 6301K(6464K)->6301K(6464K) NonClass: 5768K(5824K)->5768K(5824K) Class: 533K(640K)->533K(640K)
[52.143s][info][gc             ] GC(287) Pause Young (Allocation Failure) 7814M->7815M(8255M) 162.240ms
[52.143s][info][gc,cpu         ] GC(287) User=1.00s Sys=0.05s Real=0.16s
[52.252s][info][gc,start       ] GC(288) Pause Young (Allocation Failure)
[52.424s][info][gc,heap        ] GC(288) PSYoungGen: 300000K(407040K)->204320K(418304K) Eden: 101888K(101888K)->0K(108544K) From: 198112K(305152K)->204320K(309760K)
[52.424s][info][gc,heap        ] GC(288) ParOldGen: 7804840K(8046592K)->7901440K(8046592K)
[52.424s][info][gc,metaspace   ] GC(288) Metaspace: 6301K(6464K)->6301K(6464K) NonClass: 5768K(5824K)->5768K(5824K) Class: 533K(640K)->533K(640K)
[52.424s][info][gc             ] GC(288) Pause Young (Allocation Failure) 7914M->7915M(8266M) 171.971ms
[52.424s][info][gc,cpu         ] GC(288) User=0.91s Sys=0.00s Real=0.17s
[52.424s][info][gc,start       ] GC(289) Pause Full (Ergonomics)
[52.424s][info][gc,phases,start] GC(289) Marking Phase
[54.261s][info][gc,phases      ] GC(289) Marking Phase 1836.303ms
[54.261s][info][gc,phases,start] GC(289) Summary Phase
[54.261s][info][gc,phases      ] GC(289) Summary Phase 0.122ms
[54.261s][info][gc,phases,start] GC(289) Adjust Roots
[54.261s][info][gc,phases      ] GC(289) Adjust Roots 0.290ms
[54.261s][info][gc,phases,start] GC(289) Compaction Phase
[55.092s][info][gc,phases      ] GC(289) Compaction Phase 830.252ms
[55.092s][info][gc,phases,start] GC(289) Post Compact
[55.104s][info][gc,phases      ] GC(289) Post Compact 12.494ms
[55.107s][info][gc,heap        ] GC(289) PSYoungGen: 204320K(418304K)->53480K(418304K) Eden: 0K(108544K)->0K(108544K) From: 204320K(309760K)->53480K(309760K)
[55.107s][info][gc,heap        ] GC(289) ParOldGen: 7901440K(8046592K)->8046096K(8883200K)
[55.107s][info][gc,metaspace   ] GC(289) Metaspace: 6301K(6464K)->6301K(6464K) NonClass: 5768K(5824K)->5768K(5824K) Class: 533K(640K)->533K(640K)
[55.107s][info][gc             ] GC(289) Pause Full (Ergonomics) 7915M->7909M(9083M) 2682.578ms
[55.107s][info][gc,cpu         ] GC(289) User=19.50s Sys=0.02s Real=2.68s
[55.219s][info][gc,start       ] GC(290) Pause Young (Allocation Failure)
[55.661s][info][gc,heap        ] GC(290) PSYoungGen: 162024K(418304K)->134208K(243200K) Eden: 108544K(108544K)->0K(108544K) From: 53480K(309760K)->134208K(134656K)
[55.661s][info][gc,heap        ] GC(290) ParOldGen: 8046096K(8883200K)->8074600K(8883200K)
[55.661s][info][gc,metaspace   ] GC(290) Metaspace: 6301K(6464K)->6301K(6464K) NonClass: 5768K(5824K)->5768K(5824K) Class: 533K(640K)->533K(640K)
[55.661s][info][gc             ] GC(290) Pause Young (Allocation Failure) 8015M->8016M(8912M) 442.457ms
[55.661s][info][gc,cpu         ] GC(290) User=3.03s Sys=0.00s Real=0.44s
[55.779s][info][gc,start       ] GC(291) Pause Young (Allocation Failure)
[55.925s][info][gc,heap        ] GC(291) PSYoungGen: 242752K(243200K)->242944K(402432K) Eden: 108544K(108544K)->0K(100352K) From: 134208K(134656K)->242944K(302080K)
[55.925s][info][gc,heap        ] GC(291) ParOldGen: 8074600K(8883200K)->8074600K(8883200K)
[55.925s][info][gc,metaspace   ] GC(291) Metaspace: 6301K(6464K)->6301K(6464K) NonClass: 5768K(5824K)->5768K(5824K) Class: 533K(640K)->533K(640K)
[55.925s][info][gc             ] GC(291) Pause Young (Allocation Failure) 8122M->8122M(9068M) 145.937ms
[55.925s][info][gc,cpu         ] GC(291) User=0.81s Sys=0.00s Real=0.15s
[56.025s][info][gc,start       ] GC(292) Pause Young (Allocation Failure)
[56.200s][info][gc,heap        ] GC(292) PSYoungGen: 343296K(402432K)->318176K(421376K) Eden: 100352K(100352K)->0K(100352K) From: 242944K(302080K)->318176K(321024K)
[56.200s][info][gc,heap        ] GC(292) ParOldGen: 8074600K(8883200K)->8100152K(8883200K)
[56.200s][info][gc,metaspace   ] GC(292) Metaspace: 6301K(6464K)->6301K(6464K) NonClass: 5768K(5824K)->5768K(5824K) Class: 533K(640K)->533K(640K)
[56.200s][info][gc             ] GC(292) Pause Young (Allocation Failure) 8220M->8221M(9086M) 175.084ms
[56.200s][info][gc,cpu         ] GC(292) User=1.25s Sys=0.00s Real=0.18s
[56.306s][info][gc,start       ] GC(293) Pause Young (Allocation Failure)
[56.546s][info][gc,heap        ] GC(293) PSYoungGen: 418528K(421376K)->309952K(443904K) Eden: 100352K(100352K)->0K(80384K) From: 318176K(321024K)->309952K(363520K)
[56.546s][info][gc,heap        ] GC(293) ParOldGen: 8100152K(8883200K)->8209680K(8883200K)
[56.546s][info][gc,metaspace   ] GC(293) Metaspace: 6301K(6464K)->6301K(6464K) NonClass: 5768K(5824K)->5768K(5824K) Class: 533K(640K)->533K(640K)
[56.546s][info][gc             ] GC(293) Pause Young (Allocation Failure) 8319M->8319M(9108M) 240.470ms
[56.546s][info][gc,cpu         ] GC(293) User=1.59s Sys=0.09s Real=0.24s
[56.634s][info][gc,start       ] GC(294) Pause Young (Allocation Failure)
[56.838s][info][gc,heap        ] GC(294) PSYoungGen: 390336K(443904K)->281760K(475136K) Eden: 80384K(80384K)->0K(80384K) From: 309952K(363520K)->281760K(394752K)
[56.838s][info][gc,heap        ] GC(294) ParOldGen: 8209680K(8883200K)->8319240K(8883200K)
[56.838s][info][gc,metaspace   ] GC(294) Metaspace: 6301K(6464K)->6301K(6464K) NonClass: 5768K(5824K)->5768K(5824K) Class: 533K(640K)->533K(640K)
[56.838s][info][gc             ] GC(294) Pause Young (Allocation Failure) 8398M->8399M(9139M) 204.326ms
[56.838s][info][gc,cpu         ] GC(294) User=1.50s Sys=0.02s Real=0.20s
[56.923s][info][gc,start       ] GC(295) Pause Young (Allocation Failure)
[57.123s][info][gc,heap        ] GC(295) PSYoungGen: 362144K(475136K)->161184K(470528K) Eden: 80384K(80384K)->0K(91136K) From: 281760K(394752K)->161184K(379392K)
[57.123s][info][gc,heap        ] GC(295) ParOldGen: 8319240K(8883200K)->8521760K(8883200K)
[57.123s][info][gc,metaspace   ] GC(295) Metaspace: 6301K(6464K)->6301K(6464K) NonClass: 5768K(5824K)->5768K(5824K) Class: 533K(640K)->533K(640K)
[57.123s][info][gc             ] GC(295) Pause Young (Allocation Failure) 8477M->8479M(9134M) 199.979ms
[57.123s][info][gc,cpu         ] GC(295) User=1.41s Sys=0.11s Real=0.20s
[57.221s][info][gc,start       ] GC(296) Pause Young (Allocation Failure)
[57.384s][info][gc,heap        ] GC(296) PSYoungGen: 252320K(470528K)->91456K(484864K) Eden: 91136K(91136K)->0K(91136K) From: 161184K(379392K)->91456K(393728K)
[57.384s][info][gc,heap        ] GC(296) ParOldGen: 8521760K(8883200K)->8683960K(8883200K)
[57.384s][info][gc,metaspace   ] GC(296) Metaspace: 6301K(6464K)->6301K(6464K) NonClass: 5768K(5824K)->5768K(5824K) Class: 533K(640K)->533K(640K)
[57.384s][info][gc             ] GC(296) Pause Young (Allocation Failure) 8568M->8569M(9148M) 162.293ms
[57.384s][info][gc,cpu         ] GC(296) User=0.73s Sys=0.09s Real=0.16s
[57.384s][info][gc,start       ] GC(297) Pause Full (Ergonomics)
[57.384s][info][gc,phases,start] GC(297) Marking Phase
[59.437s][info][gc,phases      ] GC(297) Marking Phase 2053.126ms
[59.437s][info][gc,phases,start] GC(297) Summary Phase
[59.437s][info][gc,phases      ] GC(297) Summary Phase 0.147ms
[59.437s][info][gc,phases,start] GC(297) Adjust Roots
[59.437s][info][gc,phases      ] GC(297) Adjust Roots 0.188ms
[59.437s][info][gc,phases,start] GC(297) Compaction Phase
[60.245s][info][gc,phases      ] GC(297) Compaction Phase 807.639ms
[60.245s][info][gc,phases,start] GC(297) Post Compact
[60.258s][info][gc,phases      ] GC(297) Post Compact 13.300ms
[60.261s][info][gc,heap        ] GC(297) PSYoungGen: 91456K(484864K)->0K(494080K) Eden: 0K(91136K)->0K(102912K) From: 91456K(393728K)->0K(391168K)
[60.261s][info][gc,heap        ] GC(297) ParOldGen: 8683960K(8883200K)->8769055K(9748480K)
[60.261s][info][gc,metaspace   ] GC(297) Metaspace: 6301K(6464K)->6301K(6464K) NonClass: 5768K(5824K)->5768K(5824K) Class: 533K(640K)->533K(640K)
[60.261s][info][gc             ] GC(297) Pause Full (Ergonomics) 8569M->8563M(10002M) 2877.333ms
[60.261s][info][gc,cpu         ] GC(297) User=21.23s Sys=0.05s Real=2.88s
[60.371s][info][gc,start       ] GC(298) Pause Young (Allocation Failure)
[60.468s][info][gc,heap        ] GC(298) PSYoungGen: 102912K(494080K)->103200K(494080K) Eden: 102912K(102912K)->0K(102912K) From: 0K(391168K)->103200K(391168K)
[60.468s][info][gc,heap        ] GC(298) ParOldGen: 8769055K(9748480K)->8769055K(9748480K)
[60.468s][info][gc,metaspace   ] GC(298) Metaspace: 6301K(6464K)->6301K(6464K) NonClass: 5768K(5824K)->5768K(5824K) Class: 533K(640K)->533K(640K)
[60.468s][info][gc             ] GC(298) Pause Young (Allocation Failure) 8664M->8664M(10002M) 96.617ms
[60.468s][info][gc,cpu         ] GC(298) User=0.27s Sys=0.02s Real=0.10s
[60.585s][info][gc,start       ] GC(299) Pause Young (Allocation Failure)
[60.717s][info][gc,heap        ] GC(299) PSYoungGen: 206112K(494080K)->206336K(479232K) Eden: 102912K(102912K)->0K(113664K) From: 103200K(391168K)->206336K(365568K)
[60.717s][info][gc,heap        ] GC(299) ParOldGen: 8769055K(9748480K)->8769055K(9748480K)
[60.717s][info][gc,metaspace   ] GC(299) Metaspace: 6301K(6464K)->6301K(6464K) NonClass: 5768K(5824K)->5768K(5824K) Class: 533K(640K)->533K(640K)
[60.717s][info][gc             ] GC(299) Pause Young (Allocation Failure) 8764M->8765M(9988M) 132.409ms
[60.717s][info][gc,cpu         ] GC(299) User=0.66s Sys=0.00s Real=0.13s
[60.842s][info][gc,start       ] GC(300) Pause Young (Allocation Failure)
[61.020s][info][gc,heap        ] GC(300) PSYoungGen: 320000K(479232K)->320192K(488448K) Eden: 113664K(113664K)->0K(113664K) From: 206336K(365568K)->320192K(374784K)
[61.020s][info][gc,heap        ] GC(300) ParOldGen: 8769055K(9748480K)->8769055K(9748480K)
[61.020s][info][gc,metaspace   ] GC(300) Metaspace: 6301K(6464K)->6301K(6464K) NonClass: 5768K(5824K)->5768K(5824K) Class: 533K(640K)->533K(640K)
[61.020s][info][gc             ] GC(300) Pause Young (Allocation Failure) 8876M->8876M(9997M) 178.335ms
[61.020s][info][gc,cpu         ] GC(300) User=1.05s Sys=0.00s Real=0.18s
[61.149s][info][gc,start       ] GC(301) Pause Young (Allocation Failure)
[61.391s][info][gc,heap        ] GC(301) PSYoungGen: 433856K(488448K)->331040K(503808K) Eden: 113664K(113664K)->0K(96256K) From: 320192K(374784K)->331040K(407552K)
[61.391s][info][gc,heap        ] GC(301) ParOldGen: 8769055K(9748480K)->8872887K(9748480K)
[61.391s][info][gc,metaspace   ] GC(301) Metaspace: 6301K(6464K)->6301K(6464K) NonClass: 5768K(5824K)->5768K(5824K) Class: 533K(640K)->533K(640K)
[61.391s][info][gc             ] GC(301) Pause Young (Allocation Failure) 8987M->8988M(10012M) 242.627ms
[61.391s][info][gc,cpu         ] GC(301) User=1.38s Sys=0.20s Real=0.24s
[61.505s][info][gc,start       ] GC(302) Pause Young (Allocation Failure)
[61.734s][info][gc,heap        ] GC(302) PSYoungGen: 427296K(503808K)->324352K(533504K) Eden: 96256K(96256K)->0K(96256K) From: 331040K(407552K)->324352K(437248K)
[61.734s][info][gc,heap        ] GC(302) ParOldGen: 8872887K(9748480K)->8976751K(9748480K)
[61.734s][info][gc,metaspace   ] GC(302) Metaspace: 6301K(6464K)->6301K(6464K) NonClass: 5768K(5824K)->5768K(5824K) Class: 533K(640K)->533K(640K)
[61.734s][info][gc             ] GC(302) Pause Young (Allocation Failure) 9082M->9083M(10041M) 229.277ms
[61.734s][info][gc,cpu         ] GC(302) User=1.59s Sys=0.03s Real=0.23s
[61.836s][info][gc,start       ] GC(303) Pause Young (Allocation Failure)
[62.065s][info][gc,heap        ] GC(303) PSYoungGen: 420608K(533504K)->306848K(556544K) Eden: 96256K(96256K)->0K(98816K) From: 324352K(437248K)->306848K(457728K)
[62.065s][info][gc,heap        ] GC(303) ParOldGen: 8976751K(9748480K)->9091479K(9748480K)
[62.065s][info][gc,metaspace   ] GC(303) Metaspace: 6301K(6464K)->6301K(6464K) NonClass: 5768K(5824K)->5768K(5824K) Class: 533K(640K)->533K(640K)
[62.065s][info][gc             ] GC(303) Pause Young (Allocation Failure) 9177M->9178M(10063M) 228.559ms
[62.065s][info][gc,cpu         ] GC(303) User=1.53s Sys=0.11s Real=0.23s
[62.179s][info][gc,start       ] GC(304) Pause Young (Allocation Failure)
[62.420s][info][gc,heap        ] GC(304) PSYoungGen: 405664K(556544K)->195616K(294912K) Eden: 98816K(98816K)->0K(98816K) From: 306848K(457728K)->195616K(196096K)
[62.420s][info][gc,heap        ] GC(304) ParOldGen: 9091479K(9748480K)->9303303K(9748480K)
[62.420s][info][gc,metaspace   ] GC(304) Metaspace: 6301K(6464K)->6301K(6464K) NonClass: 5768K(5824K)->5768K(5824K) Class: 533K(640K)->533K(640K)
[62.421s][info][gc             ] GC(304) Pause Young (Allocation Failure) 9274M->9276M(9808M) 241.315ms
[62.421s][info][gc,cpu         ] GC(304) User=1.48s Sys=0.08s Real=0.24s
[62.526s][info][gc,start       ] GC(305) Pause Young (Allocation Failure)
[62.696s][info][gc,heap        ] GC(305) PSYoungGen: 294432K(294912K)->99104K(557568K) Eden: 98816K(98816K)->0K(111616K) From: 195616K(196096K)->99104K(445952K)
[62.696s][info][gc,heap        ] GC(305) ParOldGen: 9303303K(9748480K)->9500119K(9748480K)
[62.696s][info][gc,metaspace   ] GC(305) Metaspace: 6301K(6464K)->6301K(6464K) NonClass: 5768K(5824K)->5768K(5824K) Class: 533K(640K)->533K(640K)
[62.696s][info][gc             ] GC(305) Pause Young (Allocation Failure) 9372M->9374M(10064M) 170.082ms
[62.696s][info][gc,cpu         ] GC(305) User=0.78s Sys=0.08s Real=0.17s
[62.696s][info][gc,start       ] GC(306) Pause Full (Ergonomics)
[62.696s][info][gc,phases,start] GC(306) Marking Phase
[64.946s][info][gc,phases      ] GC(306) Marking Phase 2249.792ms
[64.946s][info][gc,phases,start] GC(306) Summary Phase
[64.946s][info][gc,phases      ] GC(306) Summary Phase 0.231ms
[64.946s][info][gc,phases,start] GC(306) Adjust Roots
[64.946s][info][gc,phases      ] GC(306) Adjust Roots 0.198ms
[64.946s][info][gc,phases,start] GC(306) Compaction Phase
[65.825s][info][gc,phases      ] GC(306) Compaction Phase 879.219ms
[65.826s][info][gc,phases,start] GC(306) Post Compact
[65.840s][info][gc,phases      ] GC(306) Post Compact 14.560ms
[65.843s][info][gc,heap        ] GC(306) PSYoungGen: 99104K(557568K)->0K(558592K) Eden: 0K(111616K)->0K(111616K) From: 99104K(445952K)->0K(446976K)
[65.843s][info][gc,heap        ] GC(306) ParOldGen: 9500119K(9748480K)->9592110K(10697728K)
[65.843s][info][gc,metaspace   ] GC(306) Metaspace: 6301K(6464K)->6301K(6464K) NonClass: 5768K(5824K)->5768K(5824K) Class: 533K(640K)->533K(640K)
[65.843s][info][gc             ] GC(306) Pause Full (Ergonomics) 9374M->9367M(10992M) 3147.247ms
[65.843s][info][gc,cpu         ] GC(306) User=23.06s Sys=0.11s Real=3.15s
[65.973s][info][gc,start       ] GC(307) Pause Young (Allocation Failure)
[66.074s][info][gc,heap        ] GC(307) PSYoungGen: 111616K(558592K)->111968K(552448K) Eden: 111616K(111616K)->0K(122368K) From: 0K(446976K)->111968K(430080K)
[66.074s][info][gc,heap        ] GC(307) ParOldGen: 9592110K(10697728K)->9592110K(10697728K)
[66.074s][info][gc,metaspace   ] GC(307) Metaspace: 6301K(6464K)->6301K(6464K) NonClass: 5768K(5824K)->5768K(5824K) Class: 533K(640K)->533K(640K)
[66.074s][info][gc             ] GC(307) Pause Young (Allocation Failure) 9476M->9476M(10986M) 100.941ms
[66.074s][info][gc,cpu         ] GC(307) User=0.36s Sys=0.00s Real=0.10s
[66.194s][info][gc,start       ] GC(308) Pause Young (Allocation Failure)
[66.336s][info][gc,heap        ] GC(308) PSYoungGen: 234336K(552448K)->234528K(562688K) Eden: 122368K(122368K)->0K(122368K) From: 111968K(430080K)->234528K(440320K)
[66.336s][info][gc,heap        ] GC(308) ParOldGen: 9592110K(10697728K)->9592110K(10697728K)
[66.336s][info][gc,metaspace   ] GC(308) Metaspace: 6301K(6464K)->6301K(6464K) NonClass: 5768K(5824K)->5768K(5824K) Class: 533K(640K)->533K(640K)
[66.336s][info][gc             ] GC(308) Pause Young (Allocation Failure) 9596M->9596M(10996M) 141.868ms
[66.336s][info][gc,cpu         ] GC(308) User=0.75s Sys=0.00s Real=0.14s
[66.470s][info][gc,start       ] GC(309) Pause Young (Allocation Failure)
[66.662s][info][gc,heap        ] GC(309) PSYoungGen: 356896K(562688K)->357184K(529408K) Eden: 122368K(122368K)->0K(100864K) From: 234528K(440320K)->357184K(428544K)
[66.662s][info][gc,heap        ] GC(309) ParOldGen: 9592110K(10697728K)->9592110K(10697728K)
[66.662s][info][gc,metaspace   ] GC(309) Metaspace: 6301K(6464K)->6301K(6464K) NonClass: 5768K(5824K)->5768K(5824K) Class: 533K(640K)->533K(640K)
[66.662s][info][gc             ] GC(309) Pause Young (Allocation Failure) 9715M->9716M(10964M) 191.903ms
[66.662s][info][gc,cpu         ] GC(309) User=1.38s Sys=0.00s Real=0.19s
[66.773s][info][gc,start       ] GC(310) Pause Young (Allocation Failure)
[67.029s][info][gc,heap        ] GC(310) PSYoungGen: 458048K(529408K)->346400K(563200K) Eden: 100864K(100864K)->0K(100864K) From: 357184K(428544K)->346400K(462336K)
[67.029s][info][gc,heap        ] GC(310) ParOldGen: 9592110K(10697728K)->9704718K(10697728K)
[67.029s][info][gc,metaspace   ] GC(310) Metaspace: 6301K(6464K)->6301K(6464K) NonClass: 5768K(5824K)->5768K(5824K) Class: 533K(640K)->533K(640K)
[67.029s][info][gc             ] GC(310) Pause Young (Allocation Failure) 9814M->9815M(10997M) 255.937ms
[67.029s][info][gc,cpu         ] GC(310) User=1.72s Sys=0.06s Real=0.26s
[67.144s][info][gc,start       ] GC(311) Pause Young (Allocation Failure)
[67.398s][info][gc,heap        ] GC(311) PSYoungGen: 447264K(563200K)->324832K(588288K) Eden: 100864K(100864K)->0K(103424K) From: 346400K(462336K)->324832K(484864K)
[67.398s][info][gc,heap        ] GC(311) ParOldGen: 9704718K(10697728K)->9828198K(10697728K)
[67.398s][info][gc,metaspace   ] GC(311) Metaspace: 6301K(6464K)->6301K(6464K) NonClass: 5768K(5824K)->5768K(5824K) Class: 533K(640K)->533K(640K)
[67.398s][info][gc             ] GC(311) Pause Young (Allocation Failure) 9914M->9915M(11021M) 254.384ms
[67.399s][info][gc,cpu         ] GC(311) User=1.56s Sys=0.11s Real=0.26s
[67.506s][info][gc,start       ] GC(312) Pause Young (Allocation Failure)
[67.740s][info][gc,heap        ] GC(312) PSYoungGen: 428256K(588288K)->305856K(597504K) Eden: 103424K(103424K)->0K(103424K) From: 324832K(484864K)->305856K(494080K)
[67.740s][info][gc,heap        ] GC(312) ParOldGen: 9828198K(10697728K)->9951686K(10697728K)
[67.740s][info][gc,metaspace   ] GC(312) Metaspace: 6301K(6464K)->6301K(6464K) NonClass: 5768K(5824K)->5768K(5824K) Class: 533K(640K)->533K(640K)
[67.740s][info][gc             ] GC(312) Pause Young (Allocation Failure) 10016M->10017M(11030M) 234.423ms
[67.740s][info][gc,cpu         ] GC(312) User=1.58s Sys=0.08s Real=0.23s
[67.859s][info][gc,start       ] GC(313) Pause Young (Allocation Failure)
[68.093s][info][gc,heap        ] GC(313) PSYoungGen: 409280K(597504K)->207360K(574464K) Eden: 103424K(103424K)->0K(116736K) From: 305856K(494080K)->207360K(457728K)
[68.093s][info][gc,heap        ] GC(313) ParOldGen: 9951686K(10697728K)->10155206K(10697728K)
[68.093s][info][gc,metaspace   ] GC(313) Metaspace: 6301K(6464K)->6301K(6464K) NonClass: 5768K(5824K)->5768K(5824K) Class: 533K(640K)->533K(640K)
[68.093s][info][gc             ] GC(313) Pause Young (Allocation Failure) 10118M->10119M(11008M) 233.744ms
[68.093s][info][gc,cpu         ] GC(313) User=1.44s Sys=0.34s Real=0.23s
[68.221s][info][gc,start       ] GC(314) Pause Young (Allocation Failure)
[68.421s][info][gc,heap        ] GC(314) PSYoungGen: 324096K(574464K)->117056K(591872K) Eden: 116736K(116736K)->0K(116736K) From: 207360K(457728K)->117056K(475136K)
[68.421s][info][gc,heap        ] GC(314) ParOldGen: 10155206K(10697728K)->10363894K(10697728K)
[68.421s][info][gc,metaspace   ] GC(314) Metaspace: 6301K(6464K)->6301K(6464K) NonClass: 5768K(5824K)->5768K(5824K) Class: 533K(640K)->533K(640K)
[68.421s][info][gc             ] GC(314) Pause Young (Allocation Failure) 10233M->10235M(11025M) 199.596ms
[68.421s][info][gc,cpu         ] GC(314) User=1.20s Sys=0.06s Real=0.20s
[68.554s][info][gc,start       ] GC(315) Pause Young (Allocation Failure)
[68.713s][info][gc,heap        ] GC(315) PSYoungGen: 233792K(591872K)->117088K(594944K) Eden: 116736K(116736K)->0K(131072K) From: 117056K(475136K)->117088K(463872K)
[68.713s][info][gc,heap        ] GC(315) ParOldGen: 10363894K(10697728K)->10481686K(10697728K)
[68.713s][info][gc,metaspace   ] GC(315) Metaspace: 6301K(6464K)->6301K(6464K) NonClass: 5768K(5824K)->5768K(5824K) Class: 533K(640K)->533K(640K)
[68.713s][info][gc             ] GC(315) Pause Young (Allocation Failure) 10349M->10350M(11028M) 159.210ms
[68.713s][info][gc,cpu         ] GC(315) User=0.66s Sys=0.03s Real=0.16s
[68.713s][info][gc,start       ] GC(316) Pause Full (Ergonomics)
[68.713s][info][gc,phases,start] GC(316) Marking Phase
[71.250s][info][gc,phases      ] GC(316) Marking Phase 2536.344ms
[71.250s][info][gc,phases,start] GC(316) Summary Phase
[71.250s][info][gc,phases      ] GC(316) Summary Phase 0.169ms
[71.250s][info][gc,phases,start] GC(316) Adjust Roots
[71.250s][info][gc,phases      ] GC(316) Adjust Roots 0.222ms
[71.250s][info][gc,phases,start] GC(316) Compaction Phase
[72.248s][info][gc,phases      ] GC(316) Compaction Phase 997.390ms
[72.248s][info][gc,phases,start] GC(316) Post Compact
[72.267s][info][gc,phases      ] GC(316) Post Compact 18.907ms
[72.268s][info][gc,heap        ] GC(316) PSYoungGen: 117088K(594944K)->0K(600064K) Eden: 0K(131072K)->0K(131072K) From: 117088K(463872K)->0K(468992K)
[72.268s][info][gc,heap        ] GC(316) ParOldGen: 10481686K(10697728K)->10590224K(11264000K)
[72.268s][info][gc,metaspace   ] GC(316) Metaspace: 6301K(6464K)->6301K(6464K) NonClass: 5768K(5824K)->5768K(5824K) Class: 533K(640K)->533K(640K)
[72.268s][info][gc             ] GC(316) Pause Full (Ergonomics) 10350M->10342M(11586M) 3555.093ms
[72.268s][info][gc,cpu         ] GC(316) User=25.83s Sys=0.12s Real=3.55s
[72.405s][info][gc,start       ] GC(317) Pause Young (Allocation Failure)
[72.521s][info][gc,heap        ] GC(317) PSYoungGen: 131072K(600064K)->131456K(588800K) Eden: 131072K(131072K)->0K(143360K) From: 0K(468992K)->131456K(445440K)
[72.521s][info][gc,heap        ] GC(317) ParOldGen: 10590224K(11264000K)->10590224K(11264000K)
[72.521s][info][gc,metaspace   ] GC(317) Metaspace: 6301K(6464K)->6301K(6464K) NonClass: 5768K(5824K)->5768K(5824K) Class: 533K(640K)->533K(640K)
[72.521s][info][gc             ] GC(317) Pause Young (Allocation Failure) 10470M->10470M(11575M) 116.059ms
[72.521s][info][gc,cpu         ] GC(317) User=0.47s Sys=0.00s Real=0.12s
[72.692s][info][gc,start       ] GC(318) Pause Young (Allocation Failure)
[72.855s][info][gc,heap        ] GC(318) PSYoungGen: 274816K(588800K)->275104K(602624K) Eden: 143360K(143360K)->0K(143360K) From: 131456K(445440K)->275104K(459264K)
[72.855s][info][gc,heap        ] GC(318) ParOldGen: 10590224K(11264000K)->10590224K(11264000K)
[72.855s][info][gc,metaspace   ] GC(318) Metaspace: 6301K(6464K)->6301K(6464K) NonClass: 5768K(5824K)->5768K(5824K) Class: 533K(640K)->533K(640K)
[72.855s][info][gc             ] GC(318) Pause Young (Allocation Failure) 10610M->10610M(11588M) 163.312ms
[72.855s][info][gc,cpu         ] GC(318) User=0.83s Sys=0.00s Real=0.16s
[73.019s][info][gc,start       ] GC(319) Pause Young (Allocation Failure)
[73.269s][info][gc,heap        ] GC(319) PSYoungGen: 418464K(602624K)->418688K(564224K) Eden: 143360K(143360K)->0K(106496K) From: 275104K(459264K)->418688K(457728K)
[73.269s][info][gc,heap        ] GC(319) ParOldGen: 10590224K(11264000K)->10590224K(11264000K)
[73.269s][info][gc,metaspace   ] GC(319) Metaspace: 6301K(6464K)->6301K(6464K) NonClass: 5768K(5824K)->5768K(5824K) Class: 533K(640K)->533K(640K)
[73.269s][info][gc             ] GC(319) Pause Young (Allocation Failure) 10750M->10750M(11551M) 249.966ms
[73.269s][info][gc,cpu         ] GC(319) User=1.31s Sys=0.05s Real=0.25s
[73.395s][info][gc,start       ] GC(320) Pause Young (Allocation Failure)
[73.692s][info][gc,heap        ] GC(320) PSYoungGen: 525184K(564224K)->394080K(614912K) Eden: 106496K(106496K)->0K(106496K) From: 418688K(457728K)->394080K(508416K)
[73.692s][info][gc,heap        ] GC(320) ParOldGen: 10590224K(11264000K)->10722504K(11264000K)
[73.692s][info][gc,metaspace   ] GC(320) Metaspace: 6301K(6464K)->6301K(6464K) NonClass: 5768K(5824K)->5768K(5824K) Class: 533K(640K)->533K(640K)
[73.692s][info][gc             ] GC(320) Pause Young (Allocation Failure) 10854M->10856M(11600M) 296.626ms
[73.692s][info][gc,cpu         ] GC(320) User=1.94s Sys=0.09s Real=0.30s
[73.811s][info][gc,start       ] GC(321) Pause Young (Allocation Failure)
[74.102s][info][gc,heap        ] GC(321) PSYoungGen: 500576K(614912K)->357120K(648192K) Eden: 106496K(106496K)->0K(109056K) From: 394080K(508416K)->357120K(539136K)
[74.102s][info][gc,heap        ] GC(321) ParOldGen: 10722504K(11264000K)->10867168K(11264000K)
[74.102s][info][gc,metaspace   ] GC(321) Metaspace: 6301K(6464K)->6301K(6464K) NonClass: 5768K(5824K)->5768K(5824K) Class: 533K(640K)->533K(640K)
[74.102s][info][gc             ] GC(321) Pause Young (Allocation Failure) 10960M->10961M(11633M) 290.907ms
[74.102s][info][gc,cpu         ] GC(321) User=2.03s Sys=0.09s Real=0.29s
[74.234s][info][gc,start       ] GC(322) Pause Young (Allocation Failure)
[74.506s][info][gc,heap        ] GC(322) PSYoungGen: 466176K(648192K)->322752K(657920K) Eden: 109056K(109056K)->0K(109056K) From: 357120K(539136K)->322752K(548864K)
[74.506s][info][gc,heap        ] GC(322) ParOldGen: 10867168K(11264000K)->11011824K(11264000K)
[74.506s][info][gc,metaspace   ] GC(322) Metaspace: 6301K(6464K)->6301K(6464K) NonClass: 5768K(5824K)->5768K(5824K) Class: 533K(640K)->533K(640K)
[74.506s][info][gc             ] GC(322) Pause Young (Allocation Failure) 11067M->11068M(11642M) 272.078ms
[74.506s][info][gc,cpu         ] GC(322) User=1.58s Sys=0.09s Real=0.27s
[74.506s][info][gc,start       ] GC(323) Pause Full (Ergonomics)
[74.507s][info][gc,phases,start] GC(323) Marking Phase
[77.172s][info][gc,phases      ] GC(323) Marking Phase 2665.448ms
[77.172s][info][gc,phases,start] GC(323) Summary Phase
[77.172s][info][gc,phases      ] GC(323) Summary Phase 0.113ms
[77.172s][info][gc,phases,start] GC(323) Adjust Roots
[77.173s][info][gc,phases      ] GC(323) Adjust Roots 0.192ms
[77.173s][info][gc,phases,start] GC(323) Compaction Phase
[78.119s][info][gc,phases      ] GC(323) Compaction Phase 946.824ms
[78.119s][info][gc,phases,start] GC(323) Post Compact
[78.135s][info][gc,phases      ] GC(323) Post Compact 15.425ms
[78.135s][info][gc,heap        ] GC(323) PSYoungGen: 322752K(657920K)->65970K(657920K) Eden: 0K(109056K)->0K(109056K) From: 322752K(548864K)->65970K(548864K)
[78.135s][info][gc,heap        ] GC(323) ParOldGen: 11011824K(11264000K)->11263909K(11264000K)
[78.135s][info][gc,metaspace   ] GC(323) Metaspace: 6301K(6464K)->6301K(6464K) NonClass: 5768K(5824K)->5768K(5824K) Class: 533K(640K)->533K(640K)
[78.135s][info][gc             ] GC(323) Pause Full (Ergonomics) 11068M->11064M(11642M) 3628.596ms
[78.135s][info][gc,cpu         ] GC(323) User=27.50s Sys=0.12s Real=3.63s
[78.262s][info][gc,start       ] GC(324) Pause Full (Ergonomics)
[78.262s][info][gc,phases,start] GC(324) Marking Phase
[80.989s][info][gc,phases      ] GC(324) Marking Phase 2726.651ms
[80.989s][info][gc,phases,start] GC(324) Summary Phase
[80.989s][info][gc,phases      ] GC(324) Summary Phase 0.103ms
[80.989s][info][gc,phases,start] GC(324) Adjust Roots
[80.989s][info][gc,phases      ] GC(324) Adjust Roots 0.189ms
[80.989s][info][gc,phases,start] GC(324) Compaction Phase
[81.851s][info][gc,phases      ] GC(324) Compaction Phase 862.114ms
[81.851s][info][gc,phases,start] GC(324) Post Compact
[81.866s][info][gc,phases      ] GC(324) Post Compact 14.763ms
[81.866s][info][gc,heap        ] GC(324) PSYoungGen: 175026K(657920K)->174998K(657920K) Eden: 109056K(109056K)->109027K(109056K) From: 65970K(548864K)->65970K(548864K)
[81.866s][info][gc,heap        ] GC(324) ParOldGen: 11263909K(11264000K)->11263909K(11264000K)
[81.866s][info][gc,metaspace   ] GC(324) Metaspace: 6301K(6464K)->6301K(6464K) NonClass: 5768K(5824K)->5768K(5824K) Class: 533K(640K)->533K(640K)
[81.866s][info][gc             ] GC(324) Pause Full (Ergonomics) 11170M->11170M(11642M) 3604.192ms
[81.866s][info][gc,cpu         ] GC(324) User=26.67s Sys=0.00s Real=3.60s
[81.866s][info][gc,start       ] GC(325) Pause Full (Ergonomics)
[81.866s][info][gc,phases,start] GC(325) Marking Phase
[84.510s][info][gc,phases      ] GC(325) Marking Phase 2643.373ms
[84.510s][info][gc,phases,start] GC(325) Summary Phase
[84.510s][info][gc,phases      ] GC(325) Summary Phase 0.143ms
[84.510s][info][gc,phases,start] GC(325) Adjust Roots
[84.510s][info][gc,phases      ] GC(325) Adjust Roots 0.245ms
[84.510s][info][gc,phases,start] GC(325) Compaction Phase
[85.311s][info][gc,phases      ] GC(325) Compaction Phase 800.787ms
[85.311s][info][gc,phases,start] GC(325) Post Compact
[85.327s][info][gc,phases      ] GC(325) Post Compact 16.450ms
[85.327s][info][gc,heap        ] GC(325) PSYoungGen: 175026K(657920K)->175026K(657920K) Eden: 109056K(109056K)->109055K(109056K) From: 65970K(548864K)->65970K(548864K)
[85.327s][info][gc,heap        ] GC(325) ParOldGen: 11263909K(11264000K)->11263909K(11264000K)
[85.328s][info][gc,metaspace   ] GC(325) Metaspace: 6301K(6464K)->6301K(6464K) NonClass: 5768K(5824K)->5768K(5824K) Class: 533K(640K)->533K(640K)
[85.328s][info][gc             ] GC(325) Pause Full (Ergonomics) 11170M->11170M(11642M) 3461.336ms
[85.328s][info][gc,cpu         ] GC(325) User=26.50s Sys=0.00s Real=3.46s
[85.328s][info][gc,start       ] GC(326) Pause Full (Ergonomics)
[85.328s][info][gc,phases,start] GC(326) Marking Phase
[87.959s][info][gc,phases      ] GC(326) Marking Phase 2631.367ms
[87.959s][info][gc,phases,start] GC(326) Summary Phase
[87.959s][info][gc,phases      ] GC(326) Summary Phase 0.119ms
[87.959s][info][gc,phases,start] GC(326) Adjust Roots
[87.960s][info][gc,phases      ] GC(326) Adjust Roots 0.218ms
[87.960s][info][gc,phases,start] GC(326) Compaction Phase
[88.770s][info][gc,phases      ] GC(326) Compaction Phase 810.243ms
[88.770s][info][gc,phases,start] GC(326) Post Compact
[88.786s][info][gc,phases      ] GC(326) Post Compact 16.500ms
[88.787s][info][gc,heap        ] GC(326) PSYoungGen: 175026K(657920K)->175026K(657920K) Eden: 109055K(109056K)->109055K(109056K) From: 65970K(548864K)->65970K(548864K)
[88.787s][info][gc,heap        ] GC(326) ParOldGen: 11263909K(11264000K)->11263909K(11264000K)
[88.787s][info][gc,metaspace   ] GC(326) Metaspace: 6301K(6464K)->6301K(6464K) NonClass: 5768K(5824K)->5768K(5824K) Class: 533K(640K)->533K(640K)
[88.787s][info][gc             ] GC(326) Pause Full (Ergonomics) 11170M->11170M(11642M) 3458.852ms
[88.787s][info][gc,cpu         ] GC(326) User=26.81s Sys=0.05s Real=3.46s
[88.787s][info][gc,start       ] GC(327) Pause Full (Ergonomics)
[88.787s][info][gc,phases,start] GC(327) Marking Phase
[91.411s][info][gc,phases      ] GC(327) Marking Phase 2624.603ms
[91.412s][info][gc,phases,start] GC(327) Summary Phase
[91.412s][info][gc,phases      ] GC(327) Summary Phase 0.113ms
[91.412s][info][gc,phases,start] GC(327) Adjust Roots
[91.412s][info][gc,phases      ] GC(327) Adjust Roots 0.214ms
[91.412s][info][gc,phases,start] GC(327) Compaction Phase
[92.220s][info][gc,phases      ] GC(327) Compaction Phase 808.577ms
[92.221s][info][gc,phases,start] GC(327) Post Compact
[92.236s][info][gc,phases      ] GC(327) Post Compact 15.009ms
[92.236s][info][gc,heap        ] GC(327) PSYoungGen: 175026K(657920K)->175026K(657920K) Eden: 109055K(109056K)->109055K(109056K) From: 65970K(548864K)->65970K(548864K)
[92.236s][info][gc,heap        ] GC(327) ParOldGen: 11263914K(11264000K)->11263914K(11264000K)
[92.236s][info][gc,metaspace   ] GC(327) Metaspace: 6301K(6464K)->6301K(6464K) NonClass: 5768K(5824K)->5768K(5824K) Class: 533K(640K)->533K(640K)
[92.236s][info][gc             ] GC(327) Pause Full (Ergonomics) 11170M->11170M(11642M) 3448.883ms
[92.236s][info][gc,cpu         ] GC(327) User=26.75s Sys=0.00s Real=3.45s
[92.236s][info][gc,start       ] GC(328) Pause Full (Ergonomics)
[92.236s][info][gc,phases,start] GC(328) Marking Phase
[94.833s][info][gc,phases      ] GC(328) Marking Phase 2597.209ms
[94.833s][info][gc,phases,start] GC(328) Summary Phase
[94.833s][info][gc,phases      ] GC(328) Summary Phase 0.138ms
[94.833s][info][gc,phases,start] GC(328) Adjust Roots
[94.834s][info][gc,phases      ] GC(328) Adjust Roots 0.204ms
[94.834s][info][gc,phases,start] GC(328) Compaction Phase
[95.643s][info][gc,phases      ] GC(328) Compaction Phase 809.057ms
[95.643s][info][gc,phases,start] GC(328) Post Compact
[95.658s][info][gc,phases      ] GC(328) Post Compact 14.782ms
[95.658s][info][gc,heap        ] GC(328) PSYoungGen: 175026K(657920K)->175026K(657920K) Eden: 109055K(109056K)->109055K(109056K) From: 65970K(548864K)->65970K(548864K)
[95.658s][info][gc,heap        ] GC(328) ParOldGen: 11263919K(11264000K)->11263919K(11264000K)
[95.658s][info][gc,metaspace   ] GC(328) Metaspace: 6301K(6464K)->6301K(6464K) NonClass: 5768K(5824K)->5768K(5824K) Class: 533K(640K)->533K(640K)
[95.658s][info][gc             ] GC(328) Pause Full (Ergonomics) 11170M->11170M(11642M) 3421.747ms
[95.658s][info][gc,cpu         ] GC(328) User=26.59s Sys=0.02s Real=3.42s
[95.658s][info][gc,start       ] GC(329) Pause Full (Ergonomics)
[95.658s][info][gc,phases,start] GC(329) Marking Phase
[98.281s][info][gc,phases      ] GC(329) Marking Phase 2623.454ms
[98.281s][info][gc,phases,start] GC(329) Summary Phase
[98.282s][info][gc,phases      ] GC(329) Summary Phase 0.109ms
[98.282s][info][gc,phases,start] GC(329) Adjust Roots
[98.282s][info][gc,phases      ] GC(329) Adjust Roots 0.233ms
[98.282s][info][gc,phases,start] GC(329) Compaction Phase
[99.080s][info][gc,phases      ] GC(329) Compaction Phase 798.002ms
[99.080s][info][gc,phases,start] GC(329) Post Compact
[99.095s][info][gc,phases      ] GC(329) Post Compact 14.628ms
[99.095s][info][gc,heap        ] GC(329) PSYoungGen: 175026K(657920K)->175026K(657920K) Eden: 109055K(109056K)->109055K(109056K) From: 65970K(548864K)->65970K(548864K)
[99.095s][info][gc,heap        ] GC(329) ParOldGen: 11263924K(11264000K)->11263924K(11264000K)
[99.095s][info][gc,metaspace   ] GC(329) Metaspace: 6301K(6464K)->6301K(6464K) NonClass: 5768K(5824K)->5768K(5824K) Class: 533K(640K)->533K(640K)
[99.095s][info][gc             ] GC(329) Pause Full (Ergonomics) 11170M->11170M(11642M) 3436.903ms
[99.095s][info][gc,cpu         ] GC(329) User=26.45s Sys=0.00s Real=3.44s
[99.095s][info][gc,start       ] GC(330) Pause Full (Ergonomics)
[99.095s][info][gc,phases,start] GC(330) Marking Phase
[101.688s][info][gc,phases      ] GC(330) Marking Phase 2592.673ms
[101.688s][info][gc,phases,start] GC(330) Summary Phase
[101.688s][info][gc,phases      ] GC(330) Summary Phase 0.117ms
[101.688s][info][gc,phases,start] GC(330) Adjust Roots
[101.688s][info][gc,phases      ] GC(330) Adjust Roots 0.219ms
[101.688s][info][gc,phases,start] GC(330) Compaction Phase
[102.484s][info][gc,phases      ] GC(330) Compaction Phase 796.092ms
[102.484s][info][gc,phases,start] GC(330) Post Compact
[102.500s][info][gc,phases      ] GC(330) Post Compact 16.049ms
[102.500s][info][gc,heap        ] GC(330) PSYoungGen: 175026K(657920K)->175026K(657920K) Eden: 109055K(109056K)->109055K(109056K) From: 65970K(548864K)->65970K(548864K)
[102.500s][info][gc,heap        ] GC(330) ParOldGen: 11263929K(11264000K)->11263929K(11264000K)
[102.500s][info][gc,metaspace   ] GC(330) Metaspace: 6301K(6464K)->6301K(6464K) NonClass: 5768K(5824K)->5768K(5824K) Class: 533K(640K)->533K(640K)
[102.501s][info][gc             ] GC(330) Pause Full (Ergonomics) 11170M->11170M(11642M) 3405.539ms
[102.501s][info][gc,cpu         ] GC(330) User=26.47s Sys=0.00s Real=3.41s
[102.501s][info][gc,start       ] GC(331) Pause Full (Ergonomics)
[102.501s][info][gc,phases,start] GC(331) Marking Phase
[105.135s][info][gc,phases      ] GC(331) Marking Phase 2633.989ms
[105.135s][info][gc,phases,start] GC(331) Summary Phase
[105.135s][info][gc,phases      ] GC(331) Summary Phase 0.230ms
[105.135s][info][gc,phases,start] GC(331) Adjust Roots
[105.135s][info][gc,phases      ] GC(331) Adjust Roots 0.244ms
[105.135s][info][gc,phases,start] GC(331) Compaction Phase
[105.922s][info][gc,phases      ] GC(331) Compaction Phase 786.446ms
[105.922s][info][gc,phases,start] GC(331) Post Compact
[105.939s][info][gc,phases      ] GC(331) Post Compact 17.114ms
[105.939s][info][gc,heap        ] GC(331) PSYoungGen: 175026K(657920K)->175026K(657920K) Eden: 109055K(109056K)->109055K(109056K) From: 65970K(548864K)->65970K(548864K)
[105.939s][info][gc,heap        ] GC(331) ParOldGen: 11263934K(11264000K)->11263934K(11264000K)
[105.939s][info][gc,metaspace   ] GC(331) Metaspace: 6301K(6464K)->6301K(6464K) NonClass: 5768K(5824K)->5768K(5824K) Class: 533K(640K)->533K(640K)
[105.939s][info][gc             ] GC(331) Pause Full (Ergonomics) 11170M->11170M(11642M) 3438.429ms
[105.939s][info][gc,cpu         ] GC(331) User=26.78s Sys=0.00s Real=3.44s
[105.939s][info][gc,start       ] GC(332) Pause Full (Ergonomics)
[105.939s][info][gc,phases,start] GC(332) Marking Phase
[108.564s][info][gc,phases      ] GC(332) Marking Phase 2624.335ms
[108.564s][info][gc,phases,start] GC(332) Summary Phase
[108.564s][info][gc,phases      ] GC(332) Summary Phase 0.145ms
[108.564s][info][gc,phases,start] GC(332) Adjust Roots
[108.564s][info][gc,phases      ] GC(332) Adjust Roots 0.269ms
[108.564s][info][gc,phases,start] GC(332) Compaction Phase
[109.345s][info][gc,phases      ] GC(332) Compaction Phase 780.757ms
[109.345s][info][gc,phases,start] GC(332) Post Compact
[109.359s][info][gc,phases      ] GC(332) Post Compact 14.300ms
[109.360s][info][gc,heap        ] GC(332) PSYoungGen: 175026K(657920K)->175026K(657920K) Eden: 109055K(109056K)->109055K(109056K) From: 65970K(548864K)->65970K(548864K)
[109.360s][info][gc,heap        ] GC(332) ParOldGen: 11263939K(11264000K)->11263939K(11264000K)
[109.360s][info][gc,metaspace   ] GC(332) Metaspace: 6301K(6464K)->6301K(6464K) NonClass: 5768K(5824K)->5768K(5824K) Class: 533K(640K)->533K(640K)
[109.360s][info][gc             ] GC(332) Pause Full (Ergonomics) 11170M->11170M(11642M) 3420.171ms
[109.360s][info][gc,cpu         ] GC(332) User=26.56s Sys=0.03s Real=3.42s
[109.360s][info][gc,start       ] GC(333) Pause Full (Ergonomics)
[109.360s][info][gc,phases,start] GC(333) Marking Phase
[111.964s][info][gc,phases      ] GC(333) Marking Phase 2603.941ms
[111.964s][info][gc,phases,start] GC(333) Summary Phase
[111.964s][info][gc,phases      ] GC(333) Summary Phase 0.102ms
[111.964s][info][gc,phases,start] GC(333) Adjust Roots
[111.964s][info][gc,phases      ] GC(333) Adjust Roots 0.167ms
[111.964s][info][gc,phases,start] GC(333) Compaction Phase
[112.733s][info][gc,phases      ] GC(333) Compaction Phase 768.744ms
[112.733s][info][gc,phases,start] GC(333) Post Compact
[112.747s][info][gc,phases      ] GC(333) Post Compact 13.644ms
[112.747s][info][gc,heap        ] GC(333) PSYoungGen: 175026K(657920K)->175026K(657920K) Eden: 109055K(109056K)->109055K(109056K) From: 65970K(548864K)->65970K(548864K)
[112.747s][info][gc,heap        ] GC(333) ParOldGen: 11263943K(11264000K)->11263943K(11264000K)
[112.747s][info][gc,metaspace   ] GC(333) Metaspace: 6301K(6464K)->6301K(6464K) NonClass: 5768K(5824K)->5768K(5824K) Class: 533K(640K)->533K(640K)
[112.747s][info][gc             ] GC(333) Pause Full (Ergonomics) 11170M->11170M(11642M) 3386.919ms
[112.747s][info][gc,cpu         ] GC(333) User=26.50s Sys=0.00s Real=3.39s
[112.747s][info][gc,start       ] GC(334) Pause Full (Ergonomics)
[112.747s][info][gc,phases,start] GC(334) Marking Phase
[115.380s][info][gc,phases      ] GC(334) Marking Phase 2632.624ms
[115.380s][info][gc,phases,start] GC(334) Summary Phase
[115.380s][info][gc,phases      ] GC(334) Summary Phase 0.126ms
[115.380s][info][gc,phases,start] GC(334) Adjust Roots
[115.380s][info][gc,phases      ] GC(334) Adjust Roots 0.225ms
[115.380s][info][gc,phases,start] GC(334) Compaction Phase
[116.151s][info][gc,phases      ] GC(334) Compaction Phase 771.183ms
[116.151s][info][gc,phases,start] GC(334) Post Compact
[116.165s][info][gc,phases      ] GC(334) Post Compact 14.128ms
[116.166s][info][gc,heap        ] GC(334) PSYoungGen: 175026K(657920K)->175026K(657920K) Eden: 109055K(109056K)->109055K(109056K) From: 65970K(548864K)->65970K(548864K)
[116.166s][info][gc,heap        ] GC(334) ParOldGen: 11263948K(11264000K)->11263948K(11264000K)
[116.166s][info][gc,metaspace   ] GC(334) Metaspace: 6301K(6464K)->6301K(6464K) NonClass: 5768K(5824K)->5768K(5824K) Class: 533K(640K)->533K(640K)
[116.166s][info][gc             ] GC(334) Pause Full (Ergonomics) 11170M->11170M(11642M) 3418.656ms
[116.166s][info][gc,cpu         ] GC(334) User=26.53s Sys=0.03s Real=3.42s
[116.166s][info][gc,start       ] GC(335) Pause Full (Ergonomics)
[116.166s][info][gc,phases,start] GC(335) Marking Phase
[118.784s][info][gc,phases      ] GC(335) Marking Phase 2617.738ms
[118.784s][info][gc,phases,start] GC(335) Summary Phase
[118.784s][info][gc,phases      ] GC(335) Summary Phase 0.141ms
[118.784s][info][gc,phases,start] GC(335) Adjust Roots
[118.784s][info][gc,phases      ] GC(335) Adjust Roots 0.250ms
[118.784s][info][gc,phases,start] GC(335) Compaction Phase
[119.560s][info][gc,phases      ] GC(335) Compaction Phase 775.672ms
[119.560s][info][gc,phases,start] GC(335) Post Compact
[119.576s][info][gc,phases      ] GC(335) Post Compact 15.755ms
[119.576s][info][gc,heap        ] GC(335) PSYoungGen: 175026K(657920K)->175026K(657920K) Eden: 109055K(109056K)->109055K(109056K) From: 65970K(548864K)->65970K(548864K)
[119.576s][info][gc,heap        ] GC(335) ParOldGen: 11263953K(11264000K)->11263953K(11264000K)
[119.576s][info][gc,metaspace   ] GC(335) Metaspace: 6301K(6464K)->6301K(6464K) NonClass: 5768K(5824K)->5768K(5824K) Class: 533K(640K)->533K(640K)
[119.576s][info][gc             ] GC(335) Pause Full (Ergonomics) 11170M->11170M(11642M) 3409.918ms
[119.576s][info][gc,cpu         ] GC(335) User=26.50s Sys=0.02s Real=3.41s
[119.576s][info][gc,start       ] GC(336) Pause Full (Ergonomics)
[119.576s][info][gc,phases,start] GC(336) Marking Phase
[122.204s][info][gc,phases      ] GC(336) Marking Phase 2627.757ms
[122.204s][info][gc,phases,start] GC(336) Summary Phase
[122.204s][info][gc,phases      ] GC(336) Summary Phase 0.107ms
[122.204s][info][gc,phases,start] GC(336) Adjust Roots
[122.204s][info][gc,phases      ] GC(336) Adjust Roots 0.169ms
[122.204s][info][gc,phases,start] GC(336) Compaction Phase
[123.007s][info][gc,phases      ] GC(336) Compaction Phase 802.515ms
[123.007s][info][gc,phases,start] GC(336) Post Compact
[123.023s][info][gc,phases      ] GC(336) Post Compact 16.603ms
[123.023s][info][gc,heap        ] GC(336) PSYoungGen: 175026K(657920K)->175026K(657920K) Eden: 109055K(109056K)->109055K(109056K) From: 65970K(548864K)->65970K(548864K)
[123.023s][info][gc,heap        ] GC(336) ParOldGen: 11263958K(11264000K)->11263958K(11264000K)
[123.023s][info][gc,metaspace   ] GC(336) Metaspace: 6301K(6464K)->6301K(6464K) NonClass: 5768K(5824K)->5768K(5824K) Class: 533K(640K)->533K(640K)
[123.023s][info][gc             ] GC(336) Pause Full (Ergonomics) 11170M->11170M(11642M) 3447.513ms
[123.023s][info][gc,cpu         ] GC(336) User=26.66s Sys=0.00s Real=3.45s
[123.024s][info][gc,start       ] GC(337) Pause Full (Ergonomics)
[123.024s][info][gc,phases,start] GC(337) Marking Phase
[125.610s][info][gc,phases      ] GC(337) Marking Phase 2586.244ms
[125.610s][info][gc,phases,start] GC(337) Summary Phase
[125.610s][info][gc,phases      ] GC(337) Summary Phase 0.127ms
[125.610s][info][gc,phases,start] GC(337) Adjust Roots
[125.610s][info][gc,phases      ] GC(337) Adjust Roots 0.237ms
[125.610s][info][gc,phases,start] GC(337) Compaction Phase
[126.384s][info][gc,phases      ] GC(337) Compaction Phase 773.387ms
[126.384s][info][gc,phases,start] GC(337) Post Compact
[126.399s][info][gc,phases      ] GC(337) Post Compact 14.842ms
[126.399s][info][gc,heap        ] GC(337) PSYoungGen: 175026K(657920K)->175026K(657920K) Eden: 109055K(109056K)->109055K(109056K) From: 65970K(548864K)->65970K(548864K)
[126.399s][info][gc,heap        ] GC(337) ParOldGen: 11263963K(11264000K)->11263963K(11264000K)
[126.399s][info][gc,metaspace   ] GC(337) Metaspace: 6301K(6464K)->6301K(6464K) NonClass: 5768K(5824K)->5768K(5824K) Class: 533K(640K)->533K(640K)
[126.399s][info][gc             ] GC(337) Pause Full (Ergonomics) 11170M->11170M(11642M) 3375.194ms
[126.399s][info][gc,cpu         ] GC(337) User=26.19s Sys=0.02s Real=3.38s
[126.399s][info][gc,start       ] GC(338) Pause Full (Ergonomics)
[126.399s][info][gc,phases,start] GC(338) Marking Phase
[129.017s][info][gc,phases      ] GC(338) Marking Phase 2617.643ms
[129.017s][info][gc,phases,start] GC(338) Summary Phase
[129.017s][info][gc,phases      ] GC(338) Summary Phase 0.183ms
[129.017s][info][gc,phases,start] GC(338) Adjust Roots
[129.017s][info][gc,phases      ] GC(338) Adjust Roots 0.177ms
[129.017s][info][gc,phases,start] GC(338) Compaction Phase
[129.796s][info][gc,phases      ] GC(338) Compaction Phase 779.207ms
[129.797s][info][gc,phases,start] GC(338) Post Compact
[129.814s][info][gc,phases      ] GC(338) Post Compact 17.378ms
[129.814s][info][gc,heap        ] GC(338) PSYoungGen: 175026K(657920K)->175026K(657920K) Eden: 109055K(109056K)->109055K(109056K) From: 65970K(548864K)->65970K(548864K)
[129.814s][info][gc,heap        ] GC(338) ParOldGen: 11263968K(11264000K)->11263968K(11264000K)
[129.814s][info][gc,metaspace   ] GC(338) Metaspace: 6301K(6464K)->6301K(6464K) NonClass: 5768K(5824K)->5768K(5824K) Class: 533K(640K)->533K(640K)
[129.814s][info][gc             ] GC(338) Pause Full (Ergonomics) 11170M->11170M(11642M) 3414.987ms
[129.814s][info][gc,cpu         ] GC(338) User=26.53s Sys=0.00s Real=3.41s
[129.814s][info][gc,start       ] GC(339) Pause Full (Ergonomics)
[129.814s][info][gc,phases,start] GC(339) Marking Phase
[132.424s][info][gc,phases      ] GC(339) Marking Phase 2609.188ms
[132.424s][info][gc,phases,start] GC(339) Summary Phase
[132.424s][info][gc,phases      ] GC(339) Summary Phase 0.121ms
[132.424s][info][gc,phases,start] GC(339) Adjust Roots
[132.424s][info][gc,phases      ] GC(339) Adjust Roots 0.222ms
[132.424s][info][gc,phases,start] GC(339) Compaction Phase
[133.192s][info][gc,phases      ] GC(339) Compaction Phase 768.305ms
[133.192s][info][gc,phases,start] GC(339) Post Compact
[133.210s][info][gc,phases      ] GC(339) Post Compact 17.396ms
[133.210s][info][gc,heap        ] GC(339) PSYoungGen: 175026K(657920K)->175026K(657920K) Eden: 109055K(109056K)->109055K(109056K) From: 65970K(548864K)->65970K(548864K)
[133.210s][info][gc,heap        ] GC(339) ParOldGen: 11263972K(11264000K)->11263972K(11264000K)
[133.210s][info][gc,metaspace   ] GC(339) Metaspace: 6301K(6464K)->6301K(6464K) NonClass: 5768K(5824K)->5768K(5824K) Class: 533K(640K)->533K(640K)
[133.210s][info][gc             ] GC(339) Pause Full (Ergonomics) 11170M->11170M(11642M) 3395.606ms
[133.210s][info][gc,cpu         ] GC(339) User=26.42s Sys=0.02s Real=3.39s
[133.210s][info][gc,start       ] GC(340) Pause Full (Ergonomics)
[133.210s][info][gc,phases,start] GC(340) Marking Phase
[135.784s][info][gc,phases      ] GC(340) Marking Phase 2573.803ms
[135.784s][info][gc,phases,start] GC(340) Summary Phase
[135.784s][info][gc,phases      ] GC(340) Summary Phase 0.114ms
[135.784s][info][gc,phases,start] GC(340) Adjust Roots
[135.784s][info][gc,phases      ] GC(340) Adjust Roots 0.193ms
[135.784s][info][gc,phases,start] GC(340) Compaction Phase
[136.548s][info][gc,phases      ] GC(340) Compaction Phase 763.697ms
[136.548s][info][gc,phases,start] GC(340) Post Compact
[136.569s][info][gc,phases      ] GC(340) Post Compact 20.454ms
[136.569s][info][gc,heap        ] GC(340) PSYoungGen: 175026K(657920K)->175026K(657920K) Eden: 109055K(109056K)->109055K(109056K) From: 65970K(548864K)->65970K(548864K)
[136.569s][info][gc,heap        ] GC(340) ParOldGen: 11263977K(11264000K)->11263977K(11264000K)
[136.569s][info][gc,metaspace   ] GC(340) Metaspace: 6301K(6464K)->6301K(6464K) NonClass: 5768K(5824K)->5768K(5824K) Class: 533K(640K)->533K(640K)
[136.569s][info][gc             ] GC(340) Pause Full (Ergonomics) 11170M->11170M(11642M) 3358.710ms
[136.569s][info][gc,cpu         ] GC(340) User=26.14s Sys=0.03s Real=3.36s
[136.569s][info][gc,start       ] GC(341) Pause Full (Ergonomics)
[136.569s][info][gc,phases,start] GC(341) Marking Phase
[139.154s][info][gc,phases      ] GC(341) Marking Phase 2584.731ms
[139.154s][info][gc,phases,start] GC(341) Summary Phase
[139.154s][info][gc,phases      ] GC(341) Summary Phase 0.158ms
[139.154s][info][gc,phases,start] GC(341) Adjust Roots
[139.154s][info][gc,phases      ] GC(341) Adjust Roots 0.312ms
[139.154s][info][gc,phases,start] GC(341) Compaction Phase
[139.941s][info][gc,phases      ] GC(341) Compaction Phase 786.572ms
[139.941s][info][gc,phases,start] GC(341) Post Compact
[139.959s][info][gc,phases      ] GC(341) Post Compact 18.098ms
[139.959s][info][gc,heap        ] GC(341) PSYoungGen: 175026K(657920K)->175026K(657920K) Eden: 109055K(109056K)->109055K(109056K) From: 65970K(548864K)->65970K(548864K)
[139.959s][info][gc,heap        ] GC(341) ParOldGen: 11263982K(11264000K)->11263982K(11264000K)
[139.959s][info][gc,metaspace   ] GC(341) Metaspace: 6301K(6464K)->6301K(6464K) NonClass: 5768K(5824K)->5768K(5824K) Class: 533K(640K)->533K(640K)
[139.959s][info][gc             ] GC(341) Pause Full (Ergonomics) 11170M->11170M(11642M) 3390.285ms
[139.959s][info][gc,cpu         ] GC(341) User=26.25s Sys=0.02s Real=3.39s
[139.960s][info][gc,start       ] GC(342) Pause Full (Ergonomics)
[139.960s][info][gc,phases,start] GC(342) Marking Phase
[142.584s][info][gc,phases      ] GC(342) Marking Phase 2624.695ms
[142.584s][info][gc,phases,start] GC(342) Summary Phase
[142.585s][info][gc,phases      ] GC(342) Summary Phase 0.127ms
[142.585s][info][gc,phases,start] GC(342) Adjust Roots
[142.585s][info][gc,phases      ] GC(342) Adjust Roots 0.260ms
[142.585s][info][gc,phases,start] GC(342) Compaction Phase
[143.332s][info][gc,phases      ] GC(342) Compaction Phase 746.824ms
[143.332s][info][gc,phases,start] GC(342) Post Compact
[143.351s][info][gc,phases      ] GC(342) Post Compact 18.952ms
[143.351s][info][gc,heap        ] GC(342) PSYoungGen: 175026K(657920K)->175026K(657920K) Eden: 109055K(109056K)->109055K(109056K) From: 65970K(548864K)->65970K(548864K)
[143.351s][info][gc,heap        ] GC(342) ParOldGen: 11263987K(11264000K)->11263987K(11264000K)
[143.351s][info][gc,metaspace   ] GC(342) Metaspace: 6301K(6464K)->6301K(6464K) NonClass: 5768K(5824K)->5768K(5824K) Class: 533K(640K)->533K(640K)
[143.351s][info][gc             ] GC(342) Pause Full (Ergonomics) 11170M->11170M(11642M) 3391.275ms
[143.351s][info][gc,cpu         ] GC(342) User=26.30s Sys=0.00s Real=3.39s
[143.351s][info][gc,start       ] GC(343) Pause Full (Ergonomics)
[143.351s][info][gc,phases,start] GC(343) Marking Phase
[145.966s][info][gc,phases      ] GC(343) Marking Phase 2614.539ms
[145.966s][info][gc,phases,start] GC(343) Summary Phase
[145.966s][info][gc,phases      ] GC(343) Summary Phase 0.135ms
[145.966s][info][gc,phases,start] GC(343) Adjust Roots
[145.966s][info][gc,phases      ] GC(343) Adjust Roots 0.277ms
[145.966s][info][gc,phases,start] GC(343) Compaction Phase
[146.710s][info][gc,phases      ] GC(343) Compaction Phase 744.118ms
[146.710s][info][gc,phases,start] GC(343) Post Compact
[146.727s][info][gc,phases      ] GC(343) Post Compact 16.672ms
[146.727s][info][gc,heap        ] GC(343) PSYoungGen: 175026K(657920K)->175026K(657920K) Eden: 109055K(109056K)->109055K(109056K) From: 65970K(548864K)->65970K(548864K)
[146.727s][info][gc,heap        ] GC(343) ParOldGen: 11263992K(11264000K)->11263992K(11264000K)
[146.727s][info][gc,metaspace   ] GC(343) Metaspace: 6301K(6464K)->6301K(6464K) NonClass: 5768K(5824K)->5768K(5824K) Class: 533K(640K)->533K(640K)
[146.727s][info][gc             ] GC(343) Pause Full (Ergonomics) 11170M->11170M(11642M) 3376.158ms
[146.727s][info][gc,cpu         ] GC(343) User=26.48s Sys=0.00s Real=3.38s
[146.727s][info][gc,start       ] GC(344) Pause Full (Ergonomics)
[146.727s][info][gc,phases,start] GC(344) Marking Phase
[149.342s][info][gc,phases      ] GC(344) Marking Phase 2614.330ms
[149.342s][info][gc,phases,start] GC(344) Summary Phase
[149.342s][info][gc,phases      ] GC(344) Summary Phase 0.140ms
[149.342s][info][gc,phases,start] GC(344) Adjust Roots
[149.342s][info][gc,phases      ] GC(344) Adjust Roots 0.206ms
[149.342s][info][gc,phases,start] GC(344) Compaction Phase
[150.085s][info][gc,phases      ] GC(344) Compaction Phase 743.216ms
[150.086s][info][gc,phases,start] GC(344) Post Compact
[150.102s][info][gc,phases      ] GC(344) Post Compact 16.421ms
[150.102s][info][gc,heap        ] GC(344) PSYoungGen: 175026K(657920K)->175026K(657920K) Eden: 109055K(109056K)->109055K(109056K) From: 65970K(548864K)->65970K(548864K)
[150.102s][info][gc,heap        ] GC(344) ParOldGen: 11263997K(11264000K)->11263997K(11264000K)
[150.102s][info][gc,metaspace   ] GC(344) Metaspace: 6301K(6464K)->6301K(6464K) NonClass: 5768K(5824K)->5768K(5824K) Class: 533K(640K)->533K(640K)
[150.102s][info][gc             ] GC(344) Pause Full (Ergonomics) 11170M->11170M(11642M) 3374.707ms
[150.102s][info][gc,cpu         ] GC(344) User=26.28s Sys=0.02s Real=3.37s
[150.102s][info][gc,start       ] GC(345) Pause Full (Ergonomics)
[150.102s][info][gc,phases,start] GC(345) Marking Phase
[152.706s][info][gc,phases      ] GC(345) Marking Phase 2603.151ms
[152.706s][info][gc,phases,start] GC(345) Summary Phase
[152.706s][info][gc,phases      ] GC(345) Summary Phase 0.139ms
[152.706s][info][gc,phases,start] GC(345) Adjust Roots
[152.706s][info][gc,phases      ] GC(345) Adjust Roots 0.232ms
[152.706s][info][gc,phases,start] GC(345) Compaction Phase
[153.464s][info][gc,phases      ] GC(345) Compaction Phase 758.464ms
[153.465s][info][gc,phases,start] GC(345) Post Compact
[153.481s][info][gc,phases      ] GC(345) Post Compact 16.527ms
[153.481s][info][gc,heap        ] GC(345) PSYoungGen: 175026K(657920K)->175026K(657920K) Eden: 109055K(109056K)->109055K(109056K) From: 65970K(548864K)->65970K(548864K)
[153.481s][info][gc,heap        ] GC(345) ParOldGen: 11263999K(11264000K)->11263999K(11264000K)
[153.481s][info][gc,metaspace   ] GC(345) Metaspace: 6301K(6464K)->6301K(6464K) NonClass: 5768K(5824K)->5768K(5824K) Class: 533K(640K)->533K(640K)
[153.481s][info][gc             ] GC(345) Pause Full (Ergonomics) 11170M->11170M(11642M) 3378.887ms
[153.481s][info][gc,cpu         ] GC(345) User=26.12s Sys=0.00s Real=3.38s
[153.481s][info][gc,start       ] GC(346) Pause Full (Allocation Failure)
[153.481s][info][gc,phases,start] GC(346) Marking Phase
[156.019s][info][gc,phases      ] GC(346) Marking Phase 2537.494ms
[156.019s][info][gc,phases,start] GC(346) Summary Phase
[156.019s][info][gc,phases      ] GC(346) Summary Phase 0.120ms
[156.019s][info][gc,phases,start] GC(346) Adjust Roots
[156.019s][info][gc,phases      ] GC(346) Adjust Roots 0.463ms
[156.020s][info][gc,phases,start] GC(346) Compaction Phase
[158.888s][info][gc,phases      ] GC(346) Compaction Phase 2868.325ms
[158.888s][info][gc,phases,start] GC(346) Post Compact
[158.906s][info][gc,phases      ] GC(346) Post Compact 18.109ms
[158.906s][info][gc,heap        ] GC(346) PSYoungGen: 175026K(657920K)->175026K(657920K) Eden: 109055K(109056K)->109055K(109056K) From: 65970K(548864K)->65970K(548864K)
[158.906s][info][gc,heap        ] GC(346) ParOldGen: 11263999K(11264000K)->11263995K(11264000K)
[158.906s][info][gc,metaspace   ] GC(346) Metaspace: 6301K(6464K)->6299K(6464K) NonClass: 5768K(5824K)->5766K(5824K) Class: 533K(640K)->532K(640K)
[158.906s][info][gc             ] GC(346) Pause Full (Allocation Failure) 11170M->11170M(11642M) 5424.890ms
[158.906s][info][gc,cpu         ] GC(346) User=40.66s Sys=0.00s Real=5.42s
[158.907s][info][gc,start       ] GC(347) Pause Full (Ergonomics)
[158.907s][info][gc,phases,start] GC(347) Marking Phase
[161.473s][info][gc,phases      ] GC(347) Marking Phase 2565.280ms
[161.473s][info][gc,phases,start] GC(347) Summary Phase
[161.473s][info][gc,phases      ] GC(347) Summary Phase 0.167ms
[161.473s][info][gc,phases,start] GC(347) Adjust Roots
[161.473s][info][gc,phases      ] GC(347) Adjust Roots 0.226ms
[161.473s][info][gc,phases,start] GC(347) Compaction Phase
[162.228s][info][gc,phases      ] GC(347) Compaction Phase 755.010ms
[162.228s][info][gc,phases,start] GC(347) Post Compact
[162.244s][info][gc,phases      ] GC(347) Post Compact 15.693ms
[162.244s][info][gc,heap        ] GC(347) PSYoungGen: 175026K(657920K)->175026K(657920K) Eden: 109055K(109056K)->109055K(109056K) From: 65970K(548864K)->65970K(548864K)
[162.244s][info][gc,heap        ] GC(347) ParOldGen: 11263997K(11264000K)->11263997K(11264000K)
[162.244s][info][gc,metaspace   ] GC(347) Metaspace: 6299K(6464K)->6299K(6464K) NonClass: 5766K(5824K)->5766K(5824K) Class: 532K(640K)->532K(640K)
[162.244s][info][gc             ] GC(347) Pause Full (Ergonomics) 11170M->11170M(11642M) 3336.783ms
[162.244s][info][gc,cpu         ] GC(347) User=26.05s Sys=0.02s Real=3.34s
[162.245s][info][gc,start       ] GC(348) Pause Full (Ergonomics)
[162.245s][info][gc,phases,start] GC(348) Marking Phase
[164.843s][info][gc,phases      ] GC(348) Marking Phase 2598.883ms
[164.844s][info][gc,phases,start] GC(348) Summary Phase
[164.844s][info][gc,phases      ] GC(348) Summary Phase 0.106ms
[164.844s][info][gc,phases,start] GC(348) Adjust Roots
[164.844s][info][gc,phases      ] GC(348) Adjust Roots 0.166ms
[164.844s][info][gc,phases,start] GC(348) Compaction Phase
[165.573s][info][gc,phases      ] GC(348) Compaction Phase 729.313ms
[165.573s][info][gc,phases,start] GC(348) Post Compact
[165.587s][info][gc,phases      ] GC(348) Post Compact 13.821ms
[165.587s][info][gc,heap        ] GC(348) PSYoungGen: 175026K(657920K)->175026K(657920K) Eden: 109055K(109056K)->109055K(109056K) From: 65970K(548864K)->65970K(548864K)
[165.587s][info][gc,heap        ] GC(348) ParOldGen: 11263999K(11264000K)->11263999K(11264000K)
[165.587s][info][gc,metaspace   ] GC(348) Metaspace: 6299K(6464K)->6299K(6464K) NonClass: 5766K(5824K)->5766K(5824K) Class: 532K(640K)->532K(640K)
[165.587s][info][gc             ] GC(348) Pause Full (Ergonomics) 11170M->11170M(11642M) 3342.624ms
[165.587s][info][gc,cpu         ] GC(348) User=26.08s Sys=0.00s Real=3.34s
[165.587s][info][gc,start       ] GC(349) Pause Full (Allocation Failure)
[165.587s][info][gc,phases,start] GC(349) Marking Phase
[168.175s][info][gc,phases      ] GC(349) Marking Phase 2587.870ms
[168.175s][info][gc,phases,start] GC(349) Summary Phase
[168.175s][info][gc,phases      ] GC(349) Summary Phase 0.103ms
[168.175s][info][gc,phases,start] GC(349) Adjust Roots
[168.175s][info][gc,phases      ] GC(349) Adjust Roots 0.185ms
[168.175s][info][gc,phases,start] GC(349) Compaction Phase
[168.907s][info][gc,phases      ] GC(349) Compaction Phase 731.102ms
[168.907s][info][gc,phases,start] GC(349) Post Compact
[168.921s][info][gc,phases      ] GC(349) Post Compact 14.485ms
[168.921s][info][gc,heap        ] GC(349) PSYoungGen: 175026K(657920K)->175026K(657920K) Eden: 109055K(109056K)->109055K(109056K) From: 65970K(548864K)->65970K(548864K)
[168.921s][info][gc,heap        ] GC(349) ParOldGen: 11263999K(11264000K)->11263999K(11264000K)
[168.921s][info][gc,metaspace   ] GC(349) Metaspace: 6299K(6464K)->6299K(6464K) NonClass: 5766K(5824K)->5766K(5824K) Class: 532K(640K)->532K(640K)
[168.921s][info][gc             ] GC(349) Pause Full (Allocation Failure) 11170M->11170M(11642M) 3334.079ms
[168.921s][info][gc,cpu         ] GC(349) User=26.12s Sys=0.00s Real=3.34s
[168.922s][info][gc,start       ] GC(350) Pause Full (Ergonomics)
[168.922s][info][gc,phases,start] GC(350) Marking Phase
[171.512s][info][gc,phases      ] GC(350) Marking Phase 2589.774ms
[171.512s][info][gc,phases,start] GC(350) Summary Phase
[171.512s][info][gc,phases      ] GC(350) Summary Phase 0.109ms
[171.512s][info][gc,phases,start] GC(350) Adjust Roots
[171.512s][info][gc,phases      ] GC(350) Adjust Roots 0.245ms
[171.512s][info][gc,phases,start] GC(350) Compaction Phase
[174.365s][info][gc,phases      ] GC(350) Compaction Phase 2852.606ms
[174.365s][info][gc,phases,start] GC(350) Post Compact
[174.381s][info][gc,phases      ] GC(350) Post Compact 16.605ms
[174.382s][info][gc,heap        ] GC(350) PSYoungGen: 175026K(657920K)->175026K(657920K) Eden: 109055K(109056K)->109055K(109056K) From: 65970K(548864K)->65970K(548864K)
[174.382s][info][gc,heap        ] GC(350) ParOldGen: 11263999K(11264000K)->11263998K(11264000K)
[174.382s][info][gc,metaspace   ] GC(350) Metaspace: 6299K(6464K)->6299K(6464K) NonClass: 5766K(5824K)->5766K(5824K) Class: 532K(640K)->532K(640K)
[174.382s][info][gc             ] GC(350) Pause Full (Ergonomics) 11170M->11170M(11642M) 5459.695ms
[174.382s][info][gc,cpu         ] GC(350) User=41.22s Sys=0.09s Real=5.46s
[174.383s][info][gc,start       ] GC(351) Pause Full (Ergonomics)
[174.383s][info][gc,phases,start] GC(351) Marking Phase
[177.018s][info][gc,phases      ] GC(351) Marking Phase 2634.703ms
[177.018s][info][gc,phases,start] GC(351) Summary Phase
[177.018s][info][gc,phases      ] GC(351) Summary Phase 0.111ms
[177.018s][info][gc,phases,start] GC(351) Adjust Roots
[177.018s][info][gc,phases      ] GC(351) Adjust Roots 0.246ms
[177.018s][info][gc,phases,start] GC(351) Compaction Phase
[179.842s][info][gc,phases      ] GC(351) Compaction Phase 2823.677ms
[179.842s][info][gc,phases,start] GC(351) Post Compact
[179.859s][info][gc,phases      ] GC(351) Post Compact 17.276ms
[179.859s][info][gc,heap        ] GC(351) PSYoungGen: 175026K(657920K)->175026K(657920K) Eden: 109055K(109056K)->109055K(109056K) From: 65970K(548864K)->65970K(548864K)
[179.859s][info][gc,heap        ] GC(351) ParOldGen: 11263999K(11264000K)->11263997K(11264000K)
[179.859s][info][gc,metaspace   ] GC(351) Metaspace: 6301K(6464K)->6301K(6464K) NonClass: 5767K(5824K)->5767K(5824K) Class: 533K(640K)->533K(640K)
[179.859s][info][gc             ] GC(351) Pause Full (Ergonomics) 11170M->11170M(11642M) 5476.415ms
[179.859s][info][gc,cpu         ] GC(351) User=40.98s Sys=0.02s Real=5.48s
[179.860s][info][gc,start       ] GC(352) Pause Full (Ergonomics)
[179.860s][info][gc,phases,start] GC(352) Marking Phase
[182.408s][info][gc,phases      ] GC(352) Marking Phase 2548.522ms
[182.408s][info][gc,phases,start] GC(352) Summary Phase
[182.408s][info][gc,phases      ] GC(352) Summary Phase 0.118ms
[182.408s][info][gc,phases,start] GC(352) Adjust Roots
[182.409s][info][gc,phases      ] GC(352) Adjust Roots 0.271ms
[182.409s][info][gc,phases,start] GC(352) Compaction Phase
[185.219s][info][gc,phases      ] GC(352) Compaction Phase 2809.827ms
[185.219s][info][gc,phases,start] GC(352) Post Compact
[185.235s][info][gc,phases      ] GC(352) Post Compact 16.543ms
[185.235s][info][gc,heap        ] GC(352) PSYoungGen: 175026K(657920K)->175026K(657920K) Eden: 109055K(109056K)->109055K(109056K) From: 65970K(548864K)->65970K(548864K)
[185.235s][info][gc,heap        ] GC(352) ParOldGen: 11263997K(11264000K)->11263997K(11264000K)
[185.235s][info][gc,metaspace   ] GC(352) Metaspace: 6301K(6464K)->6301K(6464K) NonClass: 5767K(5824K)->5767K(5824K) Class: 533K(640K)->533K(640K)
[185.235s][info][gc             ] GC(352) Pause Full (Ergonomics) 11170M->11170M(11642M) 5375.657ms
[185.235s][info][gc,cpu         ] GC(352) User=40.48s Sys=0.00s Real=5.38s
[185.236s][info][gc,heap,exit   ] Heap
[185.236s][info][gc,heap,exit   ]  PSYoungGen      total 657920K, used 175026K [0x00000006a8400000, 0x00000006f1f00000, 0x0000000800000000)
[185.236s][info][gc,heap,exit   ]   eden space 109056K, 99% used [0x00000006a8400000,0x00000006aee7fff8,0x00000006aee80000)
[185.236s][info][gc,heap,exit   ]   from space 548864K, 12% used [0x00000006aee80000,0x00000006b2eecbf0,0x00000006d0680000)
[185.236s][info][gc,heap,exit   ]   to   space 542208K, 0% used [0x00000006d0d80000,0x00000006d0d80000,0x00000006f1f00000)
[185.236s][info][gc,heap,exit   ]  ParOldGen       total 11264000K, used 11263997K [0x00000003f8c00000, 0x00000006a8400000, 0x00000006a8400000)
[185.236s][info][gc,heap,exit   ]   object space 11264000K, 99% used [0x00000003f8c00000,0x00000006a83ff648,0x00000006a8400000)
[185.236s][info][gc,heap,exit   ]  Metaspace       used 6304K, committed 6528K, reserved 1114112K
[185.236s][info][gc,heap,exit   ]   class space    used 534K, committed 640K, reserved 1048576K
