[0.013s][info][gc,init] CardTable entry size: 512
[0.013s][info][gc     ] Using Parallel
[0.014s][info][gc,init] Version: 18.0.1+10 (release)
[0.014s][info][gc,init] CPUs: 8 total, 8 available
[0.014s][info][gc,init] Memory: 16063M
[0.014s][info][gc,init] Large Page Support: Disabled
[0.014s][info][gc,init] NUMA Support: Disabled
[0.014s][info][gc,init] Compressed Oops: Enabled (Zero based)
[0.014s][info][gc,init] Alignments: Space 512K, Generation 512K, Heap 2M
[0.014s][info][gc,init] Heap Min Capacity: 2M
[0.014s][info][gc,init] Heap Initial Capacity: 2M
[0.014s][info][gc,init] Heap Max Capacity: 10700M
[0.014s][info][gc,init] Pre-touch: Disabled
[0.014s][info][gc,init] Parallel Workers: 8
[0.015s][info][gc,metaspace] CDS archive(s) not mapped
[0.015s][info][gc,metaspace] Compressed class space mapped at: 0x0000000800000000-0x0000000840000000, reserved size: 1073741824
[0.015s][info][gc,metaspace] Narrow klass base: 0x0000000800000000, Narrow klass shift: 0, Narrow klass range: 0x40000000
[0.111s][info][gc,start    ] GC(0) Pause Young (Allocation Failure)
[0.113s][info][gc,heap     ] GC(0) PSYoungGen: 512K(1024K)->480K(1024K) Eden: 512K(512K)->0K(512K) From: 0K(512K)->480K(512K)
[0.113s][info][gc,heap     ] GC(0) ParOldGen: 0K(512K)->8K(512K)
[0.113s][info][gc,metaspace] GC(0) Metaspace: 4229K(4352K)->4229K(4352K) NonClass: 3908K(3968K)->3908K(3968K) Class: 321K(384K)->321K(384K)
[0.113s][info][gc          ] GC(0) Pause Young (Allocation Failure) 0M->0M(1M) 1.695ms
[0.113s][info][gc,cpu      ] GC(0) User=0.00s Sys=0.00s Real=0.00s
[0.183s][info][gc,start    ] GC(1) Pause Young (Allocation Failure)
[0.184s][info][gc,heap     ] GC(1) PSYoungGen: 991K(1024K)->512K(1536K) Eden: 511K(512K)->0K(1024K) From: 480K(512K)->512K(512K)
[0.184s][info][gc,heap     ] GC(1) ParOldGen: 8K(512K)->96K(512K)
[0.184s][info][gc,metaspace] GC(1) Metaspace: 5877K(5952K)->5877K(5952K) NonClass: 5380K(5440K)->5380K(5440K) Class: 496K(512K)->496K(512K)
[0.184s][info][gc          ] GC(1) Pause Young (Allocation Failure) 0M->0M(2M) 0.965ms
[0.184s][info][gc,cpu      ] GC(1) User=0.00s Sys=0.00s Real=0.00s
[0.206s][info][gc,start    ] GC(2) Pause Young (Allocation Failure)
[0.207s][info][gc,heap     ] GC(2) PSYoungGen: 1536K(1536K)->512K(1536K) Eden: 1024K(1024K)->0K(1024K) From: 512K(512K)->512K(512K)
[0.207s][info][gc,heap     ] GC(2) ParOldGen: 96K(512K)->512K(1024K)
[0.207s][info][gc,metaspace] GC(2) Metaspace: 6296K(6464K)->6296K(6464K) NonClass: 5763K(5824K)->5763K(5824K) Class: 533K(640K)->533K(640K)
[0.207s][info][gc          ] GC(2) Pause Young (Allocation Failure) 1M->1M(2M) 1.360ms
[0.207s][info][gc,cpu      ] GC(2) User=0.02s Sys=0.00s Real=0.00s
[0.209s][info][gc,start    ] GC(3) Pause Young (Allocation Failure)
[0.211s][info][gc,heap     ] GC(3) PSYoungGen: 1536K(1536K)->480K(2560K) Eden: 1024K(1024K)->0K(2048K) From: 512K(512K)->480K(512K)
[0.211s][info][gc,heap     ] GC(3) ParOldGen: 512K(1024K)->1072K(1536K)
[0.211s][info][gc,metaspace] GC(3) Metaspace: 6296K(6464K)->6296K(6464K) NonClass: 5763K(5824K)->5763K(5824K) Class: 533K(640K)->533K(640K)
[0.211s][info][gc          ] GC(3) Pause Young (Allocation Failure) 2M->1M(4M) 1.493ms
[0.211s][info][gc,cpu      ] GC(3) User=0.00s Sys=0.00s Real=0.00s
[0.211s][info][gc,start    ] GC(4) Pause Full (Ergonomics)
[0.211s][info][gc,phases,start] GC(4) Marking Phase
[0.212s][info][gc,phases      ] GC(4) Marking Phase 1.182ms
[0.212s][info][gc,phases,start] GC(4) Summary Phase
[0.212s][info][gc,phases      ] GC(4) Summary Phase 0.017ms
[0.212s][info][gc,phases,start] GC(4) Adjust Roots
[0.213s][info][gc,phases      ] GC(4) Adjust Roots 0.406ms
[0.213s][info][gc,phases,start] GC(4) Compaction Phase
[0.215s][info][gc,phases      ] GC(4) Compaction Phase 2.239ms
[0.215s][info][gc,phases,start] GC(4) Post Compact
[0.215s][info][gc,phases      ] GC(4) Post Compact 0.094ms
[0.215s][info][gc,heap        ] GC(4) PSYoungGen: 480K(2560K)->0K(2560K) Eden: 0K(2048K)->0K(2048K) From: 480K(512K)->0K(512K)
[0.215s][info][gc,heap        ] GC(4) ParOldGen: 1072K(1536K)->1495K(3584K)
[0.215s][info][gc,metaspace   ] GC(4) Metaspace: 6296K(6464K)->6296K(6464K) NonClass: 5763K(5824K)->5763K(5824K) Class: 533K(640K)->533K(640K)
[0.215s][info][gc             ] GC(4) Pause Full (Ergonomics) 1M->1M(6M) 4.343ms
[0.215s][info][gc,cpu         ] GC(4) User=0.00s Sys=0.00s Real=0.00s
[0.218s][info][gc,start       ] GC(5) Pause Young (Allocation Failure)
[0.220s][info][gc,heap        ] GC(5) PSYoungGen: 2048K(2560K)->480K(3584K) Eden: 2048K(2048K)->0K(3072K) From: 0K(512K)->480K(512K)
[0.220s][info][gc,heap        ] GC(5) ParOldGen: 1495K(3584K)->2111K(3584K)
[0.220s][info][gc,metaspace   ] GC(5) Metaspace: 6296K(6464K)->6296K(6464K) NonClass: 5763K(5824K)->5763K(5824K) Class: 533K(640K)->533K(640K)
[0.220s][info][gc             ] GC(5) Pause Young (Allocation Failure) 3M->2M(7M) 1.444ms
[0.220s][info][gc,cpu         ] GC(5) User=0.00s Sys=0.00s Real=0.00s
[0.224s][info][gc,start       ] GC(6) Pause Young (Allocation Failure)
[0.226s][info][gc,heap        ] GC(6) PSYoungGen: 3552K(3584K)->1504K(4608K) Eden: 3072K(3072K)->0K(3072K) From: 480K(512K)->1504K(1536K)
[0.226s][info][gc,heap        ] GC(6) ParOldGen: 2111K(3584K)->2679K(3584K)
[0.226s][info][gc,metaspace   ] GC(6) Metaspace: 6296K(6464K)->6296K(6464K) NonClass: 5763K(5824K)->5763K(5824K) Class: 533K(640K)->533K(640K)
[0.226s][info][gc             ] GC(6) Pause Young (Allocation Failure) 5M->4M(8M) 2.239ms
[0.226s][info][gc,cpu         ] GC(6) User=0.00s Sys=0.00s Real=0.00s
[0.231s][info][gc,start       ] GC(7) Pause Young (Allocation Failure)
[0.235s][info][gc,heap        ] GC(7) PSYoungGen: 4576K(4608K)->2016K(7168K) Eden: 3072K(3072K)->0K(5120K) From: 1504K(1536K)->2016K(2048K)
[0.235s][info][gc,heap        ] GC(7) ParOldGen: 2679K(3584K)->3775K(4096K)
[0.235s][info][gc,metaspace   ] GC(7) Metaspace: 6296K(6464K)->6296K(6464K) NonClass: 5763K(5824K)->5763K(5824K) Class: 533K(640K)->533K(640K)
[0.235s][info][gc             ] GC(7) Pause Young (Allocation Failure) 7M->5M(11M) 3.269ms
[0.235s][info][gc,cpu         ] GC(7) User=0.00s Sys=0.00s Real=0.00s
[0.235s][info][gc,start       ] GC(8) Pause Full (Ergonomics)
[0.235s][info][gc,phases,start] GC(8) Marking Phase
[0.238s][info][gc,phases      ] GC(8) Marking Phase 3.239ms
[0.238s][info][gc,phases,start] GC(8) Summary Phase
[0.238s][info][gc,phases      ] GC(8) Summary Phase 0.017ms
[0.238s][info][gc,phases,start] GC(8) Adjust Roots
[0.239s][info][gc,phases      ] GC(8) Adjust Roots 0.402ms
[0.239s][info][gc,phases,start] GC(8) Compaction Phase
[0.242s][info][gc,phases      ] GC(8) Compaction Phase 3.331ms
[0.242s][info][gc,phases,start] GC(8) Post Compact
[0.242s][info][gc,phases      ] GC(8) Post Compact 0.038ms
[0.242s][info][gc,heap        ] GC(8) PSYoungGen: 2016K(7168K)->2011K(7168K) Eden: 0K(5120K)->0K(5120K) From: 2016K(2048K)->2011K(2048K)
[0.242s][info][gc,heap        ] GC(8) ParOldGen: 3775K(4096K)->3683K(6656K)
[0.242s][info][gc,metaspace   ] GC(8) Metaspace: 6296K(6464K)->6296K(6464K) NonClass: 5763K(5824K)->5763K(5824K) Class: 533K(640K)->533K(640K)
[0.242s][info][gc             ] GC(8) Pause Full (Ergonomics) 5M->5M(13M) 7.404ms
[0.242s][info][gc,cpu         ] GC(8) User=0.00s Sys=0.00s Real=0.01s
[0.250s][info][gc,start       ] GC(9) Pause Young (Allocation Failure)
[0.255s][info][gc,heap        ] GC(9) PSYoungGen: 7131K(7168K)->3040K(8192K) Eden: 5120K(5120K)->0K(5120K) From: 2011K(2048K)->3040K(3072K)
[0.255s][info][gc,heap        ] GC(9) ParOldGen: 3683K(6656K)->5331K(6656K)
[0.255s][info][gc,metaspace   ] GC(9) Metaspace: 6296K(6464K)->6296K(6464K) NonClass: 5763K(5824K)->5763K(5824K) Class: 533K(640K)->533K(640K)
[0.255s][info][gc             ] GC(9) Pause Young (Allocation Failure) 10M->8M(14M) 5.349ms
[0.255s][info][gc,cpu         ] GC(9) User=0.02s Sys=0.00s Real=0.01s
[0.255s][info][gc,start       ] GC(10) Pause Full (Ergonomics)
[0.255s][info][gc,phases,start] GC(10) Marking Phase
[0.260s][info][gc,phases      ] GC(10) Marking Phase 4.740ms
[0.260s][info][gc,phases,start] GC(10) Summary Phase
[0.260s][info][gc,phases      ] GC(10) Summary Phase 0.018ms
[0.260s][info][gc,phases,start] GC(10) Adjust Roots
[0.260s][info][gc,phases      ] GC(10) Adjust Roots 0.212ms
[0.260s][info][gc,phases,start] GC(10) Compaction Phase
[0.265s][info][gc,phases      ] GC(10) Compaction Phase 4.406ms
[0.265s][info][gc,phases,start] GC(10) Post Compact
[0.265s][info][gc,phases      ] GC(10) Post Compact 0.043ms
[0.265s][info][gc,heap        ] GC(10) PSYoungGen: 3040K(8192K)->2012K(8192K) Eden: 0K(5120K)->0K(5120K) From: 3040K(3072K)->2012K(3072K)
[0.265s][info][gc,heap        ] GC(10) ParOldGen: 5331K(6656K)->6318K(10752K)
[0.265s][info][gc,metaspace   ] GC(10) Metaspace: 6296K(6464K)->6296K(6464K) NonClass: 5763K(5824K)->5763K(5824K) Class: 533K(640K)->533K(640K)
[0.265s][info][gc             ] GC(10) Pause Full (Ergonomics) 8M->8M(18M) 9.950ms
[0.265s][info][gc,cpu         ] GC(10) User=0.00s Sys=0.00s Real=0.01s
[0.271s][info][gc,start       ] GC(11) Pause Young (Allocation Failure)
[0.276s][info][gc,heap        ] GC(11) PSYoungGen: 7132K(8192K)->4192K(10752K) Eden: 5120K(5120K)->0K(6144K) From: 2012K(3072K)->4192K(4608K)
[0.276s][info][gc,heap        ] GC(11) ParOldGen: 6318K(10752K)->6838K(10752K)
[0.276s][info][gc,metaspace   ] GC(11) Metaspace: 6296K(6464K)->6296K(6464K) NonClass: 5763K(5824K)->5763K(5824K) Class: 533K(640K)->533K(640K)
[0.276s][info][gc             ] GC(11) Pause Young (Allocation Failure) 13M->10M(21M) 5.131ms
[0.276s][info][gc,cpu         ] GC(11) User=0.00s Sys=0.00s Real=0.01s
[0.285s][info][gc,start       ] GC(12) Pause Young (Allocation Failure)
[0.292s][info][gc,heap        ] GC(12) PSYoungGen: 10336K(10752K)->5088K(11264K) Eden: 6144K(6144K)->0K(6144K) From: 4192K(4608K)->5088K(5120K)
[0.292s][info][gc,heap        ] GC(12) ParOldGen: 6838K(10752K)->9374K(10752K)
[0.292s][info][gc,metaspace   ] GC(12) Metaspace: 6296K(6464K)->6296K(6464K) NonClass: 5763K(5824K)->5763K(5824K) Class: 533K(640K)->533K(640K)
[0.292s][info][gc             ] GC(12) Pause Young (Allocation Failure) 16M->14M(21M) 7.156ms
[0.292s][info][gc,cpu         ] GC(12) User=0.00s Sys=0.00s Real=0.01s
[0.292s][info][gc,start       ] GC(13) Pause Full (Ergonomics)
[0.292s][info][gc,phases,start] GC(13) Marking Phase
[0.299s][info][gc,phases      ] GC(13) Marking Phase 6.603ms
[0.299s][info][gc,phases,start] GC(13) Summary Phase
[0.299s][info][gc,phases      ] GC(13) Summary Phase 0.018ms
[0.299s][info][gc,phases,start] GC(13) Adjust Roots
[0.299s][info][gc,phases      ] GC(13) Adjust Roots 0.193ms
[0.299s][info][gc,phases,start] GC(13) Compaction Phase
[0.306s][info][gc,phases      ] GC(13) Compaction Phase 6.279ms
[0.306s][info][gc,phases,start] GC(13) Post Compact
[0.306s][info][gc,phases      ] GC(13) Post Compact 0.066ms
[0.306s][info][gc,heap        ] GC(13) PSYoungGen: 5088K(11264K)->3545K(11264K) Eden: 0K(6144K)->0K(6144K) From: 5088K(5120K)->3545K(5120K)
[0.306s][info][gc,heap        ] GC(13) ParOldGen: 9374K(10752K)->10586K(16384K)
[0.306s][info][gc,metaspace   ] GC(13) Metaspace: 6296K(6464K)->6296K(6464K) NonClass: 5763K(5824K)->5763K(5824K) Class: 533K(640K)->533K(640K)
[0.306s][info][gc             ] GC(13) Pause Full (Ergonomics) 14M->13M(27M) 13.497ms
[0.306s][info][gc,cpu         ] GC(13) User=0.03s Sys=0.00s Real=0.01s
[0.311s][info][gc,start       ] GC(14) Pause Young (Allocation Failure)
[0.317s][info][gc,heap        ] GC(14) PSYoungGen: 9689K(11264K)->4576K(15872K) Eden: 6144K(6144K)->0K(8704K) From: 3545K(5120K)->4576K(7168K)
[0.318s][info][gc,heap        ] GC(14) ParOldGen: 10586K(16384K)->12746K(16384K)
[0.318s][info][gc,metaspace   ] GC(14) Metaspace: 6298K(6464K)->6298K(6464K) NonClass: 5765K(5824K)->5765K(5824K) Class: 533K(640K)->533K(640K)
[0.318s][info][gc             ] GC(14) Pause Young (Allocation Failure) 19M->16M(31M) 6.279ms
[0.318s][info][gc,cpu         ] GC(14) User=0.02s Sys=0.00s Real=0.01s
[0.324s][info][gc,start       ] GC(15) Pause Young (Allocation Failure)
[0.332s][info][gc,heap        ] GC(15) PSYoungGen: 13280K(15872K)->7168K(15872K) Eden: 8704K(8704K)->0K(8704K) From: 4576K(7168K)->7168K(7168K)
[0.332s][info][gc,heap        ] GC(15) ParOldGen: 12746K(16384K)->14682K(16384K)
[0.332s][info][gc,metaspace   ] GC(15) Metaspace: 6298K(6464K)->6298K(6464K) NonClass: 5765K(5824K)->5765K(5824K) Class: 533K(640K)->533K(640K)
[0.332s][info][gc             ] GC(15) Pause Young (Allocation Failure) 25M->21M(31M) 7.670ms
[0.332s][info][gc,cpu         ] GC(15) User=0.02s Sys=0.00s Real=0.01s
[0.332s][info][gc,start       ] GC(16) Pause Full (Ergonomics)
[0.332s][info][gc,phases,start] GC(16) Marking Phase
[0.341s][info][gc,phases      ] GC(16) Marking Phase 9.627ms
[0.341s][info][gc,phases,start] GC(16) Summary Phase
[0.341s][info][gc,phases      ] GC(16) Summary Phase 0.017ms
[0.341s][info][gc,phases,start] GC(16) Adjust Roots
[0.342s][info][gc,phases      ] GC(16) Adjust Roots 0.222ms
[0.342s][info][gc,phases,start] GC(16) Compaction Phase
[0.349s][info][gc,phases      ] GC(16) Compaction Phase 7.446ms
[0.349s][info][gc,phases,start] GC(16) Post Compact
[0.349s][info][gc,phases      ] GC(16) Post Compact 0.106ms
[0.349s][info][gc,heap        ] GC(16) PSYoungGen: 7168K(15872K)->5621K(15872K) Eden: 0K(8704K)->0K(8704K) From: 7168K(7168K)->5621K(7168K)
[0.349s][info][gc,heap        ] GC(16) ParOldGen: 14682K(16384K)->16144K(23552K)
[0.350s][info][gc,metaspace   ] GC(16) Metaspace: 6298K(6464K)->6298K(6464K) NonClass: 5765K(5824K)->5765K(5824K) Class: 533K(640K)->533K(640K)
[0.350s][info][gc             ] GC(16) Pause Full (Ergonomics) 21M->21M(38M) 17.797ms
[0.350s][info][gc,cpu         ] GC(16) User=0.00s Sys=0.00s Real=0.02s
[0.358s][info][gc,start       ] GC(17) Pause Young (Allocation Failure)
[0.367s][info][gc,heap        ] GC(17) PSYoungGen: 14325K(15872K)->5024K(20992K) Eden: 8704K(8704K)->0K(11776K) From: 5621K(7168K)->5024K(9216K)
[0.367s][info][gc,heap        ] GC(17) ParOldGen: 16144K(23552K)->21856K(23552K)
[0.367s][info][gc,metaspace   ] GC(17) Metaspace: 6298K(6464K)->6298K(6464K) NonClass: 5765K(5824K)->5765K(5824K) Class: 533K(640K)->533K(640K)
[0.367s][info][gc             ] GC(17) Pause Young (Allocation Failure) 29M->26M(43M) 8.897ms
[0.367s][info][gc,cpu         ] GC(17) User=0.00s Sys=0.02s Real=0.01s
[0.367s][info][gc,start       ] GC(18) Pause Full (Ergonomics)
[0.367s][info][gc,phases,start] GC(18) Marking Phase
[0.379s][info][gc,phases      ] GC(18) Marking Phase 11.788ms
[0.379s][info][gc,phases,start] GC(18) Summary Phase
[0.379s][info][gc,phases      ] GC(18) Summary Phase 0.019ms
[0.379s][info][gc,phases,start] GC(18) Adjust Roots
[0.379s][info][gc,phases      ] GC(18) Adjust Roots 0.200ms
[0.379s][info][gc,phases,start] GC(18) Compaction Phase
[0.389s][info][gc,phases      ] GC(18) Compaction Phase 9.950ms
[0.389s][info][gc,phases,start] GC(18) Post Compact
[0.389s][info][gc,phases      ] GC(18) Post Compact 0.098ms
[0.389s][info][gc,heap        ] GC(18) PSYoungGen: 5024K(20992K)->2945K(20992K) Eden: 0K(11776K)->0K(11776K) From: 5024K(9216K)->2945K(9216K)
[0.389s][info][gc,heap        ] GC(18) ParOldGen: 21856K(23552K)->23299K(33792K)
[0.389s][info][gc,metaspace   ] GC(18) Metaspace: 6298K(6464K)->6298K(6464K) NonClass: 5765K(5824K)->5765K(5824K) Class: 533K(640K)->533K(640K)
[0.389s][info][gc             ] GC(18) Pause Full (Ergonomics) 26M->25M(53M) 22.402ms
[0.389s][info][gc,cpu         ] GC(18) User=0.00s Sys=0.00s Real=0.02s
[0.397s][info][gc,start       ] GC(19) Pause Young (Allocation Failure)
[0.406s][info][gc,heap        ] GC(19) PSYoungGen: 14721K(20992K)->6144K(20992K) Eden: 11776K(11776K)->0K(11776K) From: 2945K(9216K)->6144K(9216K)
[0.406s][info][gc,heap        ] GC(19) ParOldGen: 23299K(33792K)->26299K(33792K)
[0.406s][info][gc,metaspace   ] GC(19) Metaspace: 6298K(6464K)->6298K(6464K) NonClass: 5765K(5824K)->5765K(5824K) Class: 533K(640K)->533K(640K)
[0.406s][info][gc             ] GC(19) Pause Young (Allocation Failure) 37M->31M(53M) 8.611ms
[0.406s][info][gc,cpu         ] GC(19) User=0.00s Sys=0.00s Real=0.01s
[0.417s][info][gc,start       ] GC(20) Pause Young (Allocation Failure)
[0.430s][info][gc,heap        ] GC(20) PSYoungGen: 17920K(20992K)->9728K(20480K) Eden: 11776K(11776K)->0K(10752K) From: 6144K(9216K)->9728K(9728K)
[0.430s][info][gc,heap        ] GC(20) ParOldGen: 26299K(33792K)->33851K(34304K)
[0.430s][info][gc,metaspace   ] GC(20) Metaspace: 6298K(6464K)->6298K(6464K) NonClass: 5765K(5824K)->5765K(5824K) Class: 533K(640K)->533K(640K)
[0.430s][info][gc             ] GC(20) Pause Young (Allocation Failure) 43M->42M(53M) 13.840ms
[0.431s][info][gc,cpu         ] GC(20) User=0.02s Sys=0.00s Real=0.01s
[0.431s][info][gc,start       ] GC(21) Pause Full (Ergonomics)
[0.431s][info][gc,phases,start] GC(21) Marking Phase
[0.448s][info][gc,phases      ] GC(21) Marking Phase 17.646ms
[0.448s][info][gc,phases,start] GC(21) Summary Phase
[0.448s][info][gc,phases      ] GC(21) Summary Phase 0.020ms
[0.448s][info][gc,phases,start] GC(21) Adjust Roots
[0.449s][info][gc,phases      ] GC(21) Adjust Roots 0.164ms
[0.449s][info][gc,phases,start] GC(21) Compaction Phase
[0.463s][info][gc,phases      ] GC(21) Compaction Phase 14.420ms
[0.463s][info][gc,phases,start] GC(21) Post Compact
[0.463s][info][gc,phases      ] GC(21) Post Compact 0.247ms
[0.463s][info][gc,heap        ] GC(21) PSYoungGen: 9728K(20480K)->9197K(20480K) Eden: 0K(10752K)->0K(10752K) From: 9728K(9728K)->9197K(9728K)
[0.463s][info][gc,heap        ] GC(21) ParOldGen: 33851K(34304K)->34180K(48640K)
[0.463s][info][gc,metaspace   ] GC(21) Metaspace: 6298K(6464K)->6298K(6464K) NonClass: 5765K(5824K)->5765K(5824K) Class: 533K(640K)->533K(640K)
[0.463s][info][gc             ] GC(21) Pause Full (Ergonomics) 42M->42M(67M) 32.926ms
[0.464s][info][gc,cpu         ] GC(21) User=0.02s Sys=0.00s Real=0.03s
[0.477s][info][gc,start       ] GC(22) Pause Young (Allocation Failure)
[0.492s][info][gc,heap        ] GC(22) PSYoungGen: 19949K(20480K)->10784K(25088K) Eden: 10752K(10752K)->0K(10752K) From: 9197K(9728K)->10784K(14336K)
[0.492s][info][gc,heap        ] GC(22) ParOldGen: 34180K(48640K)->43532K(48640K)
[0.492s][info][gc,metaspace   ] GC(22) Metaspace: 6298K(6464K)->6298K(6464K) NonClass: 5765K(5824K)->5765K(5824K) Class: 533K(640K)->533K(640K)
[0.492s][info][gc             ] GC(22) Pause Young (Allocation Failure) 52M->53M(72M) 14.866ms
[0.492s][info][gc,cpu         ] GC(22) User=0.02s Sys=0.00s Real=0.01s
[0.492s][info][gc,start       ] GC(23) Pause Full (Ergonomics)
[0.492s][info][gc,phases,start] GC(23) Marking Phase
[0.513s][info][gc,phases      ] GC(23) Marking Phase 20.876ms
[0.513s][info][gc,phases,start] GC(23) Summary Phase
[0.513s][info][gc,phases      ] GC(23) Summary Phase 0.015ms
[0.513s][info][gc,phases,start] GC(23) Adjust Roots
[0.513s][info][gc,phases      ] GC(23) Adjust Roots 0.185ms
[0.513s][info][gc,phases,start] GC(23) Compaction Phase
[0.529s][info][gc,phases      ] GC(23) Compaction Phase 16.276ms
[0.529s][info][gc,phases,start] GC(23) Post Compact
[0.530s][info][gc,phases      ] GC(23) Post Compact 0.166ms
[0.530s][info][gc,heap        ] GC(23) PSYoungGen: 10784K(25088K)->4591K(25088K) Eden: 0K(10752K)->0K(10752K) From: 10784K(14336K)->4591K(14336K)
[0.530s][info][gc,heap        ] GC(23) ParOldGen: 43532K(48640K)->48490K(66560K)
[0.530s][info][gc,metaspace   ] GC(23) Metaspace: 6298K(6464K)->6298K(6464K) NonClass: 5765K(5824K)->5765K(5824K) Class: 533K(640K)->533K(640K)
[0.530s][info][gc             ] GC(23) Pause Full (Ergonomics) 53M->51M(89M) 37.890ms
[0.530s][info][gc,cpu         ] GC(23) User=0.03s Sys=0.00s Real=0.04s
[0.541s][info][gc,start       ] GC(24) Pause Young (Allocation Failure)
[0.554s][info][gc,heap        ] GC(24) PSYoungGen: 15343K(25088K)->15360K(25600K) Eden: 10752K(10752K)->0K(10240K) From: 4591K(14336K)->15360K(15360K)
[0.555s][info][gc,heap        ] GC(24) ParOldGen: 48490K(66560K)->48498K(66560K)
[0.555s][info][gc,metaspace   ] GC(24) Metaspace: 6298K(6464K)->6298K(6464K) NonClass: 5765K(5824K)->5765K(5824K) Class: 533K(640K)->533K(640K)
[0.555s][info][gc             ] GC(24) Pause Young (Allocation Failure) 62M->62M(90M) 14.011ms
[0.555s][info][gc,cpu         ] GC(24) User=0.00s Sys=0.00s Real=0.01s
[0.565s][info][gc,start       ] GC(25) Pause Young (Allocation Failure)
[0.583s][info][gc,heap        ] GC(25) PSYoungGen: 25600K(25600K)->10272K(28160K) Eden: 10240K(10240K)->0K(10240K) From: 15360K(15360K)->10272K(17920K)
[0.583s][info][gc,heap        ] GC(25) ParOldGen: 48498K(66560K)->64050K(66560K)
[0.583s][info][gc,metaspace   ] GC(25) Metaspace: 6298K(6464K)->6298K(6464K) NonClass: 5765K(5824K)->5765K(5824K) Class: 533K(640K)->533K(640K)
[0.583s][info][gc             ] GC(25) Pause Young (Allocation Failure) 72M->72M(92M) 18.507ms
[0.583s][info][gc,cpu         ] GC(25) User=0.03s Sys=0.00s Real=0.02s
[0.583s][info][gc,start       ] GC(26) Pause Full (Ergonomics)
[0.583s][info][gc,phases,start] GC(26) Marking Phase
[0.611s][info][gc,phases      ] GC(26) Marking Phase 28.039ms
[0.611s][info][gc,phases,start] GC(26) Summary Phase
[0.611s][info][gc,phases      ] GC(26) Summary Phase 0.017ms
[0.611s][info][gc,phases,start] GC(26) Adjust Roots
[0.612s][info][gc,phases      ] GC(26) Adjust Roots 0.176ms
[0.612s][info][gc,phases,start] GC(26) Compaction Phase
[0.630s][info][gc,phases      ] GC(26) Compaction Phase 18.360ms
[0.630s][info][gc,phases,start] GC(26) Post Compact
[0.630s][info][gc,phases      ] GC(26) Post Compact 0.397ms
[0.631s][info][gc,heap        ] GC(26) PSYoungGen: 10272K(28160K)->7654K(28160K) Eden: 0K(10240K)->0K(10240K) From: 10272K(17920K)->7654K(17920K)
[0.631s][info][gc,heap        ] GC(26) ParOldGen: 64050K(66560K)->66353K(90112K)
[0.631s][info][gc,metaspace   ] GC(26) Metaspace: 6298K(6464K)->6298K(6464K) NonClass: 5765K(5824K)->5765K(5824K) Class: 533K(640K)->533K(640K)
[0.631s][info][gc             ] GC(26) Pause Full (Ergonomics) 72M->72M(115M) 47.413ms
[0.631s][info][gc,cpu         ] GC(26) User=0.06s Sys=0.00s Real=0.05s
[0.642s][info][gc,start       ] GC(27) Pause Young (Allocation Failure)
[0.658s][info][gc,heap        ] GC(27) PSYoungGen: 17894K(28160K)->17920K(27136K) Eden: 10240K(10240K)->0K(9216K) From: 7654K(17920K)->17920K(17920K)
[0.658s][info][gc,heap        ] GC(27) ParOldGen: 66353K(90112K)->66361K(90112K)
[0.658s][info][gc,metaspace   ] GC(27) Metaspace: 6298K(6464K)->6298K(6464K) NonClass: 5765K(5824K)->5765K(5824K) Class: 533K(640K)->533K(640K)
[0.658s][info][gc             ] GC(27) Pause Young (Allocation Failure) 82M->82M(114M) 15.699ms
[0.658s][info][gc,cpu         ] GC(27) User=0.02s Sys=0.00s Real=0.02s
[0.673s][info][gc,start       ] GC(28) Pause Young (Allocation Failure)
[0.693s][info][gc,heap        ] GC(28) PSYoungGen: 27136K(27136K)->9248K(30208K) Eden: 9216K(9216K)->0K(9216K) From: 17920K(17920K)->9248K(20992K)
[0.693s][info][gc,heap        ] GC(28) ParOldGen: 66361K(90112K)->84505K(90112K)
[0.693s][info][gc,metaspace   ] GC(28) Metaspace: 6298K(6464K)->6298K(6464K) NonClass: 5765K(5824K)->5765K(5824K) Class: 533K(640K)->533K(640K)
[0.693s][info][gc             ] GC(28) Pause Young (Allocation Failure) 91M->91M(117M) 19.766ms
[0.693s][info][gc,cpu         ] GC(28) User=0.03s Sys=0.00s Real=0.02s
[0.693s][info][gc,start       ] GC(29) Pause Full (Ergonomics)
[0.693s][info][gc,phases,start] GC(29) Marking Phase
[0.731s][info][gc,phases      ] GC(29) Marking Phase 37.809ms
[0.731s][info][gc,phases,start] GC(29) Summary Phase
[0.731s][info][gc,phases      ] GC(29) Summary Phase 0.015ms
[0.731s][info][gc,phases,start] GC(29) Adjust Roots
[0.731s][info][gc,phases      ] GC(29) Adjust Roots 0.207ms
[0.731s][info][gc,phases,start] GC(29) Compaction Phase
[0.758s][info][gc,phases      ] GC(29) Compaction Phase 26.848ms
[0.758s][info][gc,phases,start] GC(29) Post Compact
[0.758s][info][gc,phases      ] GC(29) Post Compact 0.327ms
[0.758s][info][gc,heap        ] GC(29) PSYoungGen: 9248K(30208K)->1526K(30208K) Eden: 0K(9216K)->0K(9216K) From: 9248K(20992K)->1526K(20992K)
[0.758s][info][gc,heap        ] GC(29) ParOldGen: 84505K(90112K)->89841K(119808K)
[0.758s][info][gc,metaspace   ] GC(29) Metaspace: 6298K(6464K)->6298K(6464K) NonClass: 5765K(5824K)->5765K(5824K) Class: 533K(640K)->533K(640K)
[0.758s][info][gc             ] GC(29) Pause Full (Ergonomics) 91M->89M(146M) 65.601ms
[0.759s][info][gc,cpu         ] GC(29) User=0.09s Sys=0.00s Real=0.07s
[0.767s][info][gc,start       ] GC(30) Pause Young (Allocation Failure)
[0.778s][info][gc,heap        ] GC(30) PSYoungGen: 10742K(30208K)->10784K(30720K) Eden: 9216K(9216K)->0K(11264K) From: 1526K(20992K)->10784K(19456K)
[0.778s][info][gc,heap        ] GC(30) ParOldGen: 89841K(119808K)->89841K(119808K)
[0.778s][info][gc,metaspace   ] GC(30) Metaspace: 6298K(6464K)->6298K(6464K) NonClass: 5765K(5824K)->5765K(5824K) Class: 533K(640K)->533K(640K)
[0.778s][info][gc             ] GC(30) Pause Young (Allocation Failure) 98M->98M(147M) 11.475ms
[0.778s][info][gc,cpu         ] GC(30) User=0.02s Sys=0.00s Real=0.01s
[0.788s][info][gc,start       ] GC(31) Pause Young (Allocation Failure)
[0.799s][info][gc,heap        ] GC(31) PSYoungGen: 22048K(30720K)->19968K(31232K) Eden: 11264K(11264K)->0K(11264K) From: 10784K(19456K)->19968K(19968K)
[0.799s][info][gc,heap        ] GC(31) ParOldGen: 89841K(119808K)->91905K(119808K)
[0.799s][info][gc,metaspace   ] GC(31) Metaspace: 6298K(6464K)->6298K(6464K) NonClass: 5765K(5824K)->5765K(5824K) Class: 533K(640K)->533K(640K)
[0.799s][info][gc             ] GC(31) Pause Young (Allocation Failure) 109M->109M(147M) 11.203ms
[0.799s][info][gc,cpu         ] GC(31) User=0.00s Sys=0.00s Real=0.01s
[0.810s][info][gc,start       ] GC(32) Pause Young (Allocation Failure)
[0.827s][info][gc,heap        ] GC(32) PSYoungGen: 31232K(31232K)->20736K(35328K) Eden: 11264K(11264K)->0K(11264K) From: 19968K(19968K)->20736K(24064K)
[0.828s][info][gc,heap        ] GC(32) ParOldGen: 91905K(119808K)->102593K(119808K)
[0.828s][info][gc,metaspace   ] GC(32) Metaspace: 6298K(6464K)->6298K(6464K) NonClass: 5765K(5824K)->5765K(5824K) Class: 533K(640K)->533K(640K)
[0.828s][info][gc             ] GC(32) Pause Young (Allocation Failure) 120M->120M(151M) 17.261ms
[0.828s][info][gc,cpu         ] GC(32) User=0.02s Sys=0.02s Real=0.02s
[0.838s][info][gc,start       ] GC(33) Pause Young (Allocation Failure)
[0.855s][info][gc,heap        ] GC(33) PSYoungGen: 32000K(35328K)->22560K(37888K) Eden: 11264K(11264K)->0K(11264K) From: 20736K(24064K)->22560K(26624K)
[0.855s][info][gc,heap        ] GC(33) ParOldGen: 102593K(119808K)->112169K(119808K)
[0.855s][info][gc,metaspace   ] GC(33) Metaspace: 6298K(6464K)->6298K(6464K) NonClass: 5765K(5824K)->5765K(5824K) Class: 533K(640K)->533K(640K)
[0.855s][info][gc             ] GC(33) Pause Young (Allocation Failure) 131M->131M(154M) 16.520ms
[0.855s][info][gc,cpu         ] GC(33) User=0.05s Sys=0.00s Real=0.02s
[0.855s][info][gc,start       ] GC(34) Pause Full (Ergonomics)
[0.855s][info][gc,phases,start] GC(34) Marking Phase
[0.894s][info][gc,phases      ] GC(34) Marking Phase 38.987ms
[0.894s][info][gc,phases,start] GC(34) Summary Phase
[0.894s][info][gc,phases      ] GC(34) Summary Phase 0.015ms
[0.894s][info][gc,phases,start] GC(34) Adjust Roots
[0.894s][info][gc,phases      ] GC(34) Adjust Roots 0.189ms
[0.894s][info][gc,phases,start] GC(34) Compaction Phase
[0.917s][info][gc,phases      ] GC(34) Compaction Phase 22.740ms
[0.917s][info][gc,phases,start] GC(34) Post Compact
[0.918s][info][gc,phases      ] GC(34) Post Compact 0.604ms
[0.918s][info][gc,heap        ] GC(34) PSYoungGen: 22560K(37888K)->14803K(37888K) Eden: 0K(11264K)->0K(11264K) From: 22560K(26624K)->14803K(26624K)
[0.918s][info][gc,heap        ] GC(34) ParOldGen: 112169K(119808K)->119450K(151552K)
[0.918s][info][gc,metaspace   ] GC(34) Metaspace: 6298K(6464K)->6298K(6464K) NonClass: 5765K(5824K)->5765K(5824K) Class: 533K(640K)->533K(640K)
[0.918s][info][gc             ] GC(34) Pause Full (Ergonomics) 131M->131M(185M) 63.012ms
[0.918s][info][gc,cpu         ] GC(34) User=0.16s Sys=0.00s Real=0.06s
[0.929s][info][gc,start       ] GC(35) Pause Young (Allocation Failure)
[0.948s][info][gc,heap        ] GC(35) PSYoungGen: 26067K(37888K)->18848K(41472K) Eden: 11264K(11264K)->0K(12288K) From: 14803K(26624K)->18848K(29184K)
[0.948s][info][gc,heap        ] GC(35) ParOldGen: 119450K(151552K)->126858K(151552K)
[0.948s][info][gc,metaspace   ] GC(35) Metaspace: 6298K(6464K)->6298K(6464K) NonClass: 5765K(5824K)->5765K(5824K) Class: 533K(640K)->533K(640K)
[0.948s][info][gc             ] GC(35) Pause Young (Allocation Failure) 142M->142M(188M) 19.486ms
[0.948s][info][gc,cpu         ] GC(35) User=0.05s Sys=0.00s Real=0.02s
[0.961s][info][gc,start       ] GC(36) Pause Young (Allocation Failure)
[0.977s][info][gc,heap        ] GC(36) PSYoungGen: 31136K(41472K)->23616K(42496K) Eden: 12288K(12288K)->0K(12288K) From: 18848K(29184K)->23616K(30208K)
[0.977s][info][gc,heap        ] GC(36) ParOldGen: 126858K(151552K)->134498K(151552K)
[0.977s][info][gc,metaspace   ] GC(36) Metaspace: 6298K(6464K)->6298K(6464K) NonClass: 5765K(5824K)->5765K(5824K) Class: 533K(640K)->533K(640K)
[0.977s][info][gc             ] GC(36) Pause Young (Allocation Failure) 154M->154M(189M) 16.024ms
[0.977s][info][gc,cpu         ] GC(36) User=0.00s Sys=0.00s Real=0.02s
[0.990s][info][gc,start       ] GC(37) Pause Young (Allocation Failure)
[1.007s][info][gc,heap        ] GC(37) PSYoungGen: 35904K(42496K)->24608K(45056K) Eden: 12288K(12288K)->0K(12800K) From: 23616K(30208K)->24608K(32256K)
[1.007s][info][gc,heap        ] GC(37) ParOldGen: 134498K(151552K)->145922K(151552K)
[1.007s][info][gc,metaspace   ] GC(37) Metaspace: 6298K(6464K)->6298K(6464K) NonClass: 5765K(5824K)->5765K(5824K) Class: 533K(640K)->533K(640K)
[1.007s][info][gc             ] GC(37) Pause Young (Allocation Failure) 166M->166M(192M) 17.840ms
[1.007s][info][gc,cpu         ] GC(37) User=0.03s Sys=0.00s Real=0.02s
[1.008s][info][gc,start       ] GC(38) Pause Full (Ergonomics)
[1.008s][info][gc,phases,start] GC(38) Marking Phase
[1.051s][info][gc,phases      ] GC(38) Marking Phase 43.512ms
[1.051s][info][gc,phases,start] GC(38) Summary Phase
[1.051s][info][gc,phases      ] GC(38) Summary Phase 0.018ms
[1.051s][info][gc,phases,start] GC(38) Adjust Roots
[1.051s][info][gc,phases      ] GC(38) Adjust Roots 0.187ms
[1.051s][info][gc,phases,start] GC(38) Compaction Phase
[1.072s][info][gc,phases      ] GC(38) Compaction Phase 20.852ms
[1.072s][info][gc,phases,start] GC(38) Post Compact
[1.073s][info][gc,phases      ] GC(38) Post Compact 0.822ms
[1.073s][info][gc,heap        ] GC(38) PSYoungGen: 24608K(45056K)->18885K(45056K) Eden: 0K(12800K)->0K(12800K) From: 24608K(32256K)->18885K(32256K)
[1.073s][info][gc,heap        ] GC(38) ParOldGen: 145922K(151552K)->151107K(185344K)
[1.073s][info][gc,metaspace   ] GC(38) Metaspace: 6298K(6464K)->6298K(6464K) NonClass: 5765K(5824K)->5765K(5824K) Class: 533K(640K)->533K(640K)
[1.073s][info][gc             ] GC(38) Pause Full (Ergonomics) 166M->166M(225M) 65.892ms
[1.073s][info][gc,cpu         ] GC(38) User=0.17s Sys=0.00s Real=0.07s
[1.121s][info][gc,start       ] GC(39) Pause Young (Allocation Failure)
[1.143s][info][gc,heap        ] GC(39) PSYoungGen: 31685K(45056K)->22976K(47104K) Eden: 12800K(12800K)->0K(12800K) From: 18885K(32256K)->22976K(34304K)
[1.143s][info][gc,heap        ] GC(39) ParOldGen: 159299K(185344K)->168243K(185344K)
[1.143s][info][gc,metaspace   ] GC(39) Metaspace: 6298K(6464K)->6298K(6464K) NonClass: 5765K(5824K)->5765K(5824K) Class: 533K(640K)->533K(640K)
[1.143s][info][gc             ] GC(39) Pause Young (Allocation Failure) 186M->186M(227M) 21.841ms
[1.143s][info][gc,cpu         ] GC(39) User=0.08s Sys=0.00s Real=0.02s
[1.143s][info][gc,start       ] GC(40) Pause Full (Ergonomics)
[1.143s][info][gc,phases,start] GC(40) Marking Phase
[1.187s][info][gc,phases      ] GC(40) Marking Phase 43.834ms
[1.187s][info][gc,phases,start] GC(40) Summary Phase
[1.187s][info][gc,phases      ] GC(40) Summary Phase 0.017ms
[1.187s][info][gc,phases,start] GC(40) Adjust Roots
[1.187s][info][gc,phases      ] GC(40) Adjust Roots 0.158ms
[1.187s][info][gc,phases,start] GC(40) Compaction Phase
[1.222s][info][gc,phases      ] GC(40) Compaction Phase 34.360ms
[1.222s][info][gc,phases,start] GC(40) Post Compact
[1.223s][info][gc,phases      ] GC(40) Post Compact 0.796ms
[1.223s][info][gc,heap        ] GC(40) PSYoungGen: 22976K(47104K)->1915K(47104K) Eden: 0K(12800K)->0K(12800K) From: 22976K(34304K)->1915K(34304K)
[1.223s][info][gc,heap        ] GC(40) ParOldGen: 168243K(185344K)->184943K(221184K)
[1.223s][info][gc,metaspace   ] GC(40) Metaspace: 6298K(6464K)->6298K(6464K) NonClass: 5765K(5824K)->5765K(5824K) Class: 533K(640K)->533K(640K)
[1.223s][info][gc             ] GC(40) Pause Full (Ergonomics) 186M->182M(262M) 79.659ms
[1.223s][info][gc,cpu         ] GC(40) User=0.28s Sys=0.00s Real=0.08s
[1.236s][info][gc,start       ] GC(41) Pause Young (Allocation Failure)
[1.253s][info][gc,heap        ] GC(41) PSYoungGen: 14715K(47104K)->14080K(46592K) Eden: 12800K(12800K)->0K(14848K) From: 1915K(34304K)->14080K(31744K)
[1.253s][info][gc,heap        ] GC(41) ParOldGen: 184943K(221184K)->185719K(221184K)
[1.253s][info][gc,metaspace   ] GC(41) Metaspace: 6298K(6464K)->6298K(6464K) NonClass: 5765K(5824K)->5765K(5824K) Class: 533K(640K)->533K(640K)
[1.253s][info][gc             ] GC(41) Pause Young (Allocation Failure) 194M->195M(261M) 17.247ms
[1.253s][info][gc,cpu         ] GC(41) User=0.02s Sys=0.00s Real=0.02s
[1.269s][info][gc,start       ] GC(42) Pause Young (Allocation Failure)
[1.283s][info][gc,heap        ] GC(42) PSYoungGen: 28928K(46592K)->28896K(48640K) Eden: 14848K(14848K)->0K(14848K) From: 14080K(31744K)->28896K(33792K)
[1.283s][info][gc,heap        ] GC(42) ParOldGen: 185719K(221184K)->185719K(221184K)
[1.283s][info][gc,metaspace   ] GC(42) Metaspace: 6298K(6464K)->6298K(6464K) NonClass: 5765K(5824K)->5765K(5824K) Class: 533K(640K)->533K(640K)
[1.283s][info][gc             ] GC(42) Pause Young (Allocation Failure) 209M->209M(263M) 14.455ms
[1.283s][info][gc,cpu         ] GC(42) User=0.00s Sys=0.00s Real=0.01s
[1.299s][info][gc,start       ] GC(43) Pause Young (Allocation Failure)
[1.319s][info][gc,heap        ] GC(43) PSYoungGen: 43744K(48640K)->36864K(46080K) Eden: 14848K(14848K)->0K(9216K) From: 28896K(33792K)->36864K(36864K)
[1.319s][info][gc,heap        ] GC(43) ParOldGen: 185719K(221184K)->192631K(221184K)
[1.319s][info][gc,metaspace   ] GC(43) Metaspace: 6298K(6464K)->6298K(6464K) NonClass: 5765K(5824K)->5765K(5824K) Class: 533K(640K)->533K(640K)
[1.320s][info][gc             ] GC(43) Pause Young (Allocation Failure) 224M->224M(261M) 20.835ms
[1.320s][info][gc,cpu         ] GC(43) User=0.09s Sys=0.02s Real=0.02s
[1.330s][info][gc,start       ] GC(44) Pause Young (Allocation Failure)
[1.349s][info][gc,heap        ] GC(44) PSYoungGen: 46080K(46080K)->35328K(54272K) Eden: 9216K(9216K)->0K(9216K) From: 36864K(36864K)->35328K(45056K)
[1.349s][info][gc,heap        ] GC(44) ParOldGen: 192631K(221184K)->203647K(221184K)
[1.349s][info][gc,metaspace   ] GC(44) Metaspace: 6298K(6464K)->6298K(6464K) NonClass: 5765K(5824K)->5765K(5824K) Class: 533K(640K)->533K(640K)
[1.349s][info][gc             ] GC(44) Pause Young (Allocation Failure) 233M->233M(269M) 19.797ms
[1.349s][info][gc,cpu         ] GC(44) User=0.09s Sys=0.00s Real=0.02s
[1.360s][info][gc,start       ] GC(45) Pause Young (Allocation Failure)
[1.380s][info][gc,heap        ] GC(45) PSYoungGen: 44544K(54272K)->30560K(58368K) Eden: 9216K(9216K)->0K(10240K) From: 35328K(45056K)->30560K(48128K)
[1.380s][info][gc,heap        ] GC(45) ParOldGen: 203647K(221184K)->217839K(221184K)
[1.380s][info][gc,metaspace   ] GC(45) Metaspace: 6298K(6464K)->6298K(6464K) NonClass: 5765K(5824K)->5765K(5824K) Class: 533K(640K)->533K(640K)
[1.380s][info][gc             ] GC(45) Pause Young (Allocation Failure) 242M->242M(273M) 19.744ms
[1.380s][info][gc,cpu         ] GC(45) User=0.09s Sys=0.00s Real=0.02s
[1.380s][info][gc,start       ] GC(46) Pause Full (Ergonomics)
[1.380s][info][gc,phases,start] GC(46) Marking Phase
[1.438s][info][gc,phases      ] GC(46) Marking Phase 58.642ms
[1.439s][info][gc,phases,start] GC(46) Summary Phase
[1.439s][info][gc,phases      ] GC(46) Summary Phase 0.018ms
[1.439s][info][gc,phases,start] GC(46) Adjust Roots
[1.439s][info][gc,phases      ] GC(46) Adjust Roots 0.148ms
[1.439s][info][gc,phases,start] GC(46) Compaction Phase
[1.466s][info][gc,phases      ] GC(46) Compaction Phase 27.610ms
[1.466s][info][gc,phases,start] GC(46) Post Compact
[1.468s][info][gc,phases      ] GC(46) Post Compact 1.218ms
[1.468s][info][gc,heap        ] GC(46) PSYoungGen: 30560K(58368K)->26822K(58368K) Eden: 0K(10240K)->0K(10240K) From: 30560K(48128K)->26822K(48128K)
[1.468s][info][gc,heap        ] GC(46) ParOldGen: 217839K(221184K)->220812K(260608K)
[1.468s][info][gc,metaspace   ] GC(46) Metaspace: 6298K(6464K)->6298K(6464K) NonClass: 5765K(5824K)->5765K(5824K) Class: 533K(640K)->533K(640K)
[1.468s][info][gc             ] GC(46) Pause Full (Ergonomics) 242M->241M(311M) 88.298ms
[1.468s][info][gc,cpu         ] GC(46) User=0.36s Sys=0.00s Real=0.09s
[1.480s][info][gc,start       ] GC(47) Pause Young (Allocation Failure)
[1.505s][info][gc,heap        ] GC(47) PSYoungGen: 37062K(58368K)->18624K(29184K) Eden: 10240K(10240K)->0K(10240K) From: 26822K(48128K)->18624K(18944K)
[1.505s][info][gc,heap        ] GC(47) ParOldGen: 220812K(260608K)->239628K(260608K)
[1.505s][info][gc,metaspace   ] GC(47) Metaspace: 6298K(6464K)->6298K(6464K) NonClass: 5765K(5824K)->5765K(5824K) Class: 533K(640K)->533K(640K)
[1.505s][info][gc             ] GC(47) Pause Young (Allocation Failure) 251M->252M(283M) 25.346ms
[1.505s][info][gc,cpu         ] GC(47) User=0.11s Sys=0.00s Real=0.02s
[1.505s][info][gc,start       ] GC(48) Pause Full (Ergonomics)
[1.505s][info][gc,phases,start] GC(48) Marking Phase
[1.568s][info][gc,phases      ] GC(48) Marking Phase 63.446ms
[1.569s][info][gc,phases,start] GC(48) Summary Phase
[1.569s][info][gc,phases      ] GC(48) Summary Phase 0.025ms
[1.569s][info][gc,phases,start] GC(48) Adjust Roots
[1.569s][info][gc,phases      ] GC(48) Adjust Roots 0.192ms
[1.569s][info][gc,phases,start] GC(48) Compaction Phase
[1.596s][info][gc,phases      ] GC(48) Compaction Phase 26.762ms
[1.596s][info][gc,phases,start] GC(48) Post Compact
[1.597s][info][gc,phases      ] GC(48) Post Compact 1.452ms
[1.597s][info][gc,heap        ] GC(48) PSYoungGen: 18624K(29184K)->0K(58880K) Eden: 0K(10240K)->0K(11776K) From: 18624K(18944K)->0K(47104K)
[1.597s][info][gc,heap        ] GC(48) ParOldGen: 239628K(260608K)->257846K(303616K)
[1.597s][info][gc,metaspace   ] GC(48) Metaspace: 6298K(6464K)->6298K(6464K) NonClass: 5765K(5824K)->5765K(5824K) Class: 533K(640K)->533K(640K)
[1.597s][info][gc             ] GC(48) Pause Full (Ergonomics) 252M->251M(354M) 92.446ms
[1.597s][info][gc,cpu         ] GC(48) User=0.36s Sys=0.02s Real=0.09s
[1.612s][info][gc,start       ] GC(49) Pause Young (Allocation Failure)
[1.619s][info][gc,heap        ] GC(49) PSYoungGen: 11776K(58880K)->11872K(58880K) Eden: 11776K(11776K)->0K(11776K) From: 0K(47104K)->11872K(47104K)
[1.619s][info][gc,heap        ] GC(49) ParOldGen: 257846K(303616K)->257846K(303616K)
[1.619s][info][gc,metaspace   ] GC(49) Metaspace: 6298K(6464K)->6298K(6464K) NonClass: 5765K(5824K)->5765K(5824K) Class: 533K(640K)->533K(640K)
[1.619s][info][gc             ] GC(49) Pause Young (Allocation Failure) 263M->263M(354M) 7.106ms
[1.619s][info][gc,cpu         ] GC(49) User=0.02s Sys=0.00s Real=0.01s
[1.632s][info][gc,start       ] GC(50) Pause Young (Allocation Failure)
[1.645s][info][gc,heap        ] GC(50) PSYoungGen: 23648K(58880K)->23648K(56320K) Eden: 11776K(11776K)->0K(13312K) From: 11872K(47104K)->23648K(43008K)
[1.645s][info][gc,heap        ] GC(50) ParOldGen: 257846K(303616K)->257846K(303616K)
[1.645s][info][gc,metaspace   ] GC(50) Metaspace: 6298K(6464K)->6298K(6464K) NonClass: 5765K(5824K)->5765K(5824K) Class: 533K(640K)->533K(640K)
[1.645s][info][gc             ] GC(50) Pause Young (Allocation Failure) 274M->274M(351M) 12.777ms
[1.645s][info][gc,cpu         ] GC(50) User=0.00s Sys=0.00s Real=0.01s
[1.660s][info][gc,start       ] GC(51) Pause Young (Allocation Failure)
[1.677s][info][gc,heap        ] GC(51) PSYoungGen: 36960K(56320K)->36960K(57856K) Eden: 13312K(13312K)->0K(13312K) From: 23648K(43008K)->36960K(44544K)
[1.677s][info][gc,heap        ] GC(51) ParOldGen: 257846K(303616K)->257846K(303616K)
[1.677s][info][gc,metaspace   ] GC(51) Metaspace: 6298K(6464K)->6298K(6464K) NonClass: 5765K(5824K)->5765K(5824K) Class: 533K(640K)->533K(640K)
[1.677s][info][gc             ] GC(51) Pause Young (Allocation Failure) 287M->287M(353M) 17.272ms
[1.677s][info][gc,cpu         ] GC(51) User=0.03s Sys=0.00s Real=0.02s
[1.692s][info][gc,start       ] GC(52) Pause Young (Allocation Failure)
[1.715s][info][gc,heap        ] GC(52) PSYoungGen: 50272K(57856K)->48128K(55808K) Eden: 13312K(13312K)->0K(7680K) From: 36960K(44544K)->48128K(48128K)
[1.715s][info][gc,heap        ] GC(52) ParOldGen: 257846K(303616K)->259926K(303616K)
[1.715s][info][gc,metaspace   ] GC(52) Metaspace: 6298K(6464K)->6298K(6464K) NonClass: 5765K(5824K)->5765K(5824K) Class: 533K(640K)->533K(640K)
[1.715s][info][gc             ] GC(52) Pause Young (Allocation Failure) 300M->300M(351M) 23.020ms
[1.715s][info][gc,cpu         ] GC(52) User=0.06s Sys=0.06s Real=0.02s
[1.724s][info][gc,start       ] GC(53) Pause Young (Allocation Failure)
[1.748s][info][gc,heap        ] GC(53) PSYoungGen: 55808K(55808K)->44832K(63488K) Eden: 7680K(7680K)->0K(7680K) From: 48128K(48128K)->44832K(55808K)
[1.748s][info][gc,heap        ] GC(53) ParOldGen: 259926K(303616K)->271222K(303616K)
[1.748s][info][gc,metaspace   ] GC(53) Metaspace: 6298K(6464K)->6298K(6464K) NonClass: 5765K(5824K)->5765K(5824K) Class: 533K(640K)->533K(640K)
[1.748s][info][gc             ] GC(53) Pause Young (Allocation Failure) 308M->308M(358M) 23.903ms
[1.748s][info][gc,cpu         ] GC(53) User=0.12s Sys=0.00s Real=0.02s
[1.757s][info][gc,start       ] GC(54) Pause Young (Allocation Failure)
[1.779s][info][gc,heap        ] GC(54) PSYoungGen: 52512K(63488K)->41120K(67072K) Eden: 7680K(7680K)->0K(7168K) From: 44832K(55808K)->41120K(59904K)
[1.779s][info][gc,heap        ] GC(54) ParOldGen: 271222K(303616K)->282750K(303616K)
[1.779s][info][gc,metaspace   ] GC(54) Metaspace: 6298K(6464K)->6298K(6464K) NonClass: 5765K(5824K)->5765K(5824K) Class: 533K(640K)->533K(640K)
[1.779s][info][gc             ] GC(54) Pause Young (Allocation Failure) 316M->316M(362M) 22.299ms
[1.779s][info][gc,cpu         ] GC(54) User=0.12s Sys=0.00s Real=0.02s
[1.787s][info][gc,start       ] GC(55) Pause Young (Allocation Failure)
[1.809s][info][gc,heap        ] GC(55) PSYoungGen: 48288K(67072K)->22624K(30208K) Eden: 7168K(7168K)->0K(7168K) From: 41120K(59904K)->22624K(23040K)
[1.809s][info][gc,heap        ] GC(55) ParOldGen: 282750K(303616K)->308758K(309248K)
[1.809s][info][gc,metaspace   ] GC(55) Metaspace: 6298K(6464K)->6298K(6464K) NonClass: 5765K(5824K)->5765K(5824K) Class: 533K(640K)->533K(640K)
[1.809s][info][gc             ] GC(55) Pause Young (Allocation Failure) 323M->323M(331M) 21.959ms
[1.809s][info][gc,cpu         ] GC(55) User=0.12s Sys=0.00s Real=0.02s
[1.809s][info][gc,start       ] GC(56) Pause Full (Ergonomics)
[1.809s][info][gc,phases,start] GC(56) Marking Phase
[1.882s][info][gc,phases      ] GC(56) Marking Phase 72.978ms
[1.882s][info][gc,phases,start] GC(56) Summary Phase
[1.882s][info][gc,phases      ] GC(56) Summary Phase 0.049ms
[1.882s][info][gc,phases,start] GC(56) Adjust Roots
[1.882s][info][gc,phases      ] GC(56) Adjust Roots 0.168ms
[1.882s][info][gc,phases,start] GC(56) Compaction Phase
[1.918s][info][gc,phases      ] GC(56) Compaction Phase 35.787ms
[1.918s][info][gc,phases,start] GC(56) Post Compact
[1.920s][info][gc,phases      ] GC(56) Post Compact 1.654ms
[1.920s][info][gc,heap        ] GC(56) PSYoungGen: 22624K(30208K)->21408K(30208K) Eden: 0K(7168K)->0K(7168K) From: 22624K(23040K)->21408K(23040K)
[1.920s][info][gc,heap        ] GC(56) ParOldGen: 308758K(309248K)->308924K(360960K)
[1.920s][info][gc,metaspace   ] GC(56) Metaspace: 6298K(6464K)->6298K(6464K) NonClass: 5765K(5824K)->5765K(5824K) Class: 533K(640K)->533K(640K)
[1.920s][info][gc             ] GC(56) Pause Full (Ergonomics) 323M->322M(382M) 111.179ms
[1.920s][info][gc,cpu         ] GC(56) User=0.56s Sys=0.02s Real=0.11s
[1.929s][info][gc,start       ] GC(57) Pause Young (Allocation Failure)
[1.954s][info][gc,heap        ] GC(57) PSYoungGen: 28576K(30208K)->14144K(66560K) Eden: 7168K(7168K)->0K(8704K) From: 21408K(23040K)->14144K(57856K)
[1.954s][info][gc,heap        ] GC(57) ParOldGen: 308924K(360960K)->323676K(360960K)
[1.954s][info][gc,metaspace   ] GC(57) Metaspace: 6298K(6464K)->6298K(6464K) NonClass: 5765K(5824K)->5765K(5824K) Class: 533K(640K)->533K(640K)
[1.954s][info][gc             ] GC(57) Pause Young (Allocation Failure) 329M->329M(417M) 25.134ms
[1.954s][info][gc,cpu         ] GC(57) User=0.11s Sys=0.02s Real=0.03s
[1.964s][info][gc,start       ] GC(58) Pause Young (Allocation Failure)
[1.976s][info][gc,heap        ] GC(58) PSYoungGen: 22848K(66560K)->15968K(67584K) Eden: 8704K(8704K)->0K(8704K) From: 14144K(57856K)->15968K(58880K)
[1.976s][info][gc,heap        ] GC(58) ParOldGen: 323676K(360960K)->330692K(360960K)
[1.976s][info][gc,metaspace   ] GC(58) Metaspace: 6298K(6464K)->6298K(6464K) NonClass: 5765K(5824K)->5765K(5824K) Class: 533K(640K)->533K(640K)
[1.976s][info][gc             ] GC(58) Pause Young (Allocation Failure) 338M->338M(418M) 12.397ms
[1.976s][info][gc,cpu         ] GC(58) User=0.02s Sys=0.00s Real=0.01s
[2.051s][info][gc,start       ] GC(59) Pause Full (Ergonomics)
[2.051s][info][gc,phases,start] GC(59) Marking Phase
[2.138s][info][gc,phases      ] GC(59) Marking Phase 87.468ms
[2.138s][info][gc,phases,start] GC(59) Summary Phase
[2.138s][info][gc,phases      ] GC(59) Summary Phase 0.019ms
[2.138s][info][gc,phases,start] GC(59) Adjust Roots
[2.138s][info][gc,phases      ] GC(59) Adjust Roots 0.176ms
[2.138s][info][gc,phases,start] GC(59) Compaction Phase
[2.202s][info][gc,phases      ] GC(59) Compaction Phase 63.489ms
[2.202s][info][gc,phases,start] GC(59) Post Compact
[2.204s][info][gc,phases      ] GC(59) Post Compact 1.805ms
[2.204s][info][gc,heap        ] GC(59) PSYoungGen: 24672K(67584K)->2529K(67584K) Eden: 8704K(8704K)->0K(8704K) From: 15968K(58880K)->2529K(58880K)
[2.204s][info][gc,heap        ] GC(59) ParOldGen: 347076K(360960K)->360484K(414208K)
[2.204s][info][gc,metaspace   ] GC(59) Metaspace: 6298K(6464K)->6298K(6464K) NonClass: 5765K(5824K)->5765K(5824K) Class: 533K(640K)->533K(640K)
[2.204s][info][gc             ] GC(59) Pause Full (Ergonomics) 363M->354M(470M) 153.558ms
[2.204s][info][gc,cpu         ] GC(59) User=0.88s Sys=0.03s Real=0.15s
[2.215s][info][gc,start       ] GC(60) Pause Young (Allocation Failure)
[2.236s][info][gc,heap        ] GC(60) PSYoungGen: 11233K(67584K)->8832K(66560K) Eden: 8704K(8704K)->0K(9728K) From: 2529K(58880K)->8832K(56832K)
[2.236s][info][gc,heap        ] GC(60) ParOldGen: 360484K(414208K)->363076K(414208K)
[2.236s][info][gc,metaspace   ] GC(60) Metaspace: 6298K(6464K)->6298K(6464K) NonClass: 5765K(5824K)->5765K(5824K) Class: 533K(640K)->533K(640K)
[2.236s][info][gc             ] GC(60) Pause Young (Allocation Failure) 363M->363M(469M) 21.641ms
[2.236s][info][gc,cpu         ] GC(60) User=0.02s Sys=0.00s Real=0.02s
[2.246s][info][gc,start       ] GC(61) Pause Young (Allocation Failure)
[2.256s][info][gc,heap        ] GC(61) PSYoungGen: 18560K(66560K)->18560K(28672K) Eden: 9728K(9728K)->0K(9728K) From: 8832K(56832K)->18560K(18944K)
[2.256s][info][gc,heap        ] GC(61) ParOldGen: 363076K(414208K)->363076K(414208K)
[2.256s][info][gc,metaspace   ] GC(61) Metaspace: 6298K(6464K)->6298K(6464K) NonClass: 5765K(5824K)->5765K(5824K) Class: 533K(640K)->533K(640K)
[2.256s][info][gc             ] GC(61) Pause Young (Allocation Failure) 372M->372M(432M) 10.418ms
[2.256s][info][gc,cpu         ] GC(61) User=0.02s Sys=0.00s Real=0.01s
[2.267s][info][gc,start       ] GC(62) Pause Young (Allocation Failure)
[2.281s][info][gc,heap        ] GC(62) PSYoungGen: 28288K(28672K)->28288K(64000K) Eden: 9728K(9728K)->0K(11264K) From: 18560K(18944K)->28288K(52736K)
[2.281s][info][gc,heap        ] GC(62) ParOldGen: 363076K(414208K)->363076K(414208K)
[2.281s][info][gc,metaspace   ] GC(62) Metaspace: 6298K(6464K)->6298K(6464K) NonClass: 5765K(5824K)->5765K(5824K) Class: 533K(640K)->533K(640K)
[2.281s][info][gc             ] GC(62) Pause Young (Allocation Failure) 382M->382M(467M) 13.592ms
[2.281s][info][gc,cpu         ] GC(62) User=0.02s Sys=0.00s Real=0.01s
[2.291s][info][gc,start       ] GC(63) Pause Young (Allocation Failure)
[2.310s][info][gc,heap        ] GC(63) PSYoungGen: 39552K(64000K)->30816K(65024K) Eden: 11264K(11264K)->0K(11264K) From: 28288K(52736K)->30816K(53760K)
[2.310s][info][gc,heap        ] GC(63) ParOldGen: 363076K(414208K)->371900K(414208K)
[2.310s][info][gc,metaspace   ] GC(63) Metaspace: 6298K(6464K)->6298K(6464K) NonClass: 5765K(5824K)->5765K(5824K) Class: 533K(640K)->533K(640K)
[2.310s][info][gc             ] GC(63) Pause Young (Allocation Failure) 393M->393M(468M) 18.366ms
[2.310s][info][gc,cpu         ] GC(63) User=0.12s Sys=0.00s Real=0.02s
[2.322s][info][gc,start       ] GC(64) Pause Young (Allocation Failure)
[2.342s][info][gc,heap        ] GC(64) PSYoungGen: 42080K(65024K)->32384K(66048K) Eden: 11264K(11264K)->0K(12800K) From: 30816K(53760K)->32384K(53248K)
[2.342s][info][gc,heap        ] GC(64) ParOldGen: 371900K(414208K)->381764K(414208K)
[2.342s][info][gc,metaspace   ] GC(64) Metaspace: 6298K(6464K)->6298K(6464K) NonClass: 5765K(5824K)->5765K(5824K) Class: 533K(640K)->533K(640K)
[2.342s][info][gc             ] GC(64) Pause Young (Allocation Failure) 404M->404M(469M) 19.744ms
[2.342s][info][gc,cpu         ] GC(64) User=0.12s Sys=0.00s Real=0.02s
[2.354s][info][gc,start       ] GC(65) Pause Young (Allocation Failure)
[2.375s][info][gc,heap        ] GC(65) PSYoungGen: 45184K(66048K)->35456K(66048K) Eden: 12800K(12800K)->0K(12800K) From: 32384K(53248K)->35456K(53248K)
[2.375s][info][gc,heap        ] GC(65) ParOldGen: 381764K(414208K)->391612K(414208K)
[2.375s][info][gc,metaspace   ] GC(65) Metaspace: 6298K(6464K)->6298K(6464K) NonClass: 5765K(5824K)->5765K(5824K) Class: 533K(640K)->533K(640K)
[2.375s][info][gc             ] GC(65) Pause Young (Allocation Failure) 416M->417M(469M) 20.939ms
[2.375s][info][gc,cpu         ] GC(65) User=0.09s Sys=0.03s Real=0.02s
[2.389s][info][gc,start       ] GC(66) Pause Young (Allocation Failure)
[2.412s][info][gc,heap        ] GC(66) PSYoungGen: 48256K(66048K)->25728K(64000K) Eden: 12800K(12800K)->0K(14848K) From: 35456K(53248K)->25728K(49152K)
[2.412s][info][gc,heap        ] GC(66) ParOldGen: 391612K(414208K)->414420K(414720K)
[2.412s][info][gc,metaspace   ] GC(66) Metaspace: 6298K(6464K)->6298K(6464K) NonClass: 5765K(5824K)->5765K(5824K) Class: 533K(640K)->533K(640K)
[2.412s][info][gc             ] GC(66) Pause Young (Allocation Failure) 429M->429M(467M) 23.272ms
[2.412s][info][gc,cpu         ] GC(66) User=0.12s Sys=0.02s Real=0.02s
[2.412s][info][gc,start       ] GC(67) Pause Full (Ergonomics)
[2.412s][info][gc,phases,start] GC(67) Marking Phase
[2.505s][info][gc,phases      ] GC(67) Marking Phase 92.645ms
[2.505s][info][gc,phases,start] GC(67) Summary Phase
[2.505s][info][gc,phases      ] GC(67) Summary Phase 0.019ms
[2.505s][info][gc,phases,start] GC(67) Adjust Roots
[2.505s][info][gc,phases      ] GC(67) Adjust Roots 0.150ms
[2.505s][info][gc,phases,start] GC(67) Compaction Phase
[2.553s][info][gc,phases      ] GC(67) Compaction Phase 48.077ms
[2.553s][info][gc,phases,start] GC(67) Post Compact
[2.555s][info][gc,phases      ] GC(67) Post Compact 2.068ms
[2.555s][info][gc,heap        ] GC(67) PSYoungGen: 25728K(64000K)->24513K(66048K) Eden: 0K(14848K)->0K(16896K) From: 25728K(49152K)->24513K(49152K)
[2.556s][info][gc,heap        ] GC(67) ParOldGen: 414420K(414720K)->414576K(471552K)
[2.556s][info][gc,metaspace   ] GC(67) Metaspace: 6298K(6464K)->6298K(6464K) NonClass: 5765K(5824K)->5765K(5824K) Class: 533K(640K)->533K(640K)
[2.556s][info][gc             ] GC(67) Pause Full (Ergonomics) 429M->428M(525M) 143.573ms
[2.556s][info][gc,cpu         ] GC(67) User=0.88s Sys=0.00s Real=0.14s
[2.574s][info][gc,start       ] GC(68) Pause Young (Allocation Failure)
[2.609s][info][gc,heap        ] GC(68) PSYoungGen: 41409K(66048K)->16992K(68608K) Eden: 16896K(16896K)->0K(16896K) From: 24513K(49152K)->16992K(51712K)
[2.609s][info][gc,heap        ] GC(68) ParOldGen: 414576K(471552K)->439448K(471552K)
[2.609s][info][gc,metaspace   ] GC(68) Metaspace: 6298K(6464K)->6298K(6464K) NonClass: 5765K(5824K)->5765K(5824K) Class: 533K(640K)->533K(640K)
[2.609s][info][gc             ] GC(68) Pause Young (Allocation Failure) 445M->445M(527M) 35.108ms
[2.609s][info][gc,cpu         ] GC(68) User=0.25s Sys=0.00s Real=0.03s
[2.627s][info][gc,start       ] GC(69) Pause Young (Allocation Failure)
[2.646s][info][gc,heap        ] GC(69) PSYoungGen: 33888K(68608K)->17024K(67584K) Eden: 16896K(16896K)->0K(18944K) From: 16992K(51712K)->17024K(48640K)
[2.646s][info][gc,heap        ] GC(69) ParOldGen: 439448K(471552K)->456576K(471552K)
[2.646s][info][gc,metaspace   ] GC(69) Metaspace: 6298K(6464K)->6298K(6464K) NonClass: 5765K(5824K)->5765K(5824K) Class: 533K(640K)->533K(640K)
[2.646s][info][gc             ] GC(69) Pause Young (Allocation Failure) 462M->462M(526M) 18.247ms
[2.646s][info][gc,cpu         ] GC(69) User=0.14s Sys=0.00s Real=0.02s
[2.646s][info][gc,start       ] GC(70) Pause Full (Ergonomics)
[2.646s][info][gc,phases,start] GC(70) Marking Phase
[2.745s][info][gc,phases      ] GC(70) Marking Phase 98.994ms
[2.745s][info][gc,phases,start] GC(70) Summary Phase
[2.745s][info][gc,phases      ] GC(70) Summary Phase 0.019ms
[2.745s][info][gc,phases,start] GC(70) Adjust Roots
[2.745s][info][gc,phases      ] GC(70) Adjust Roots 0.191ms
[2.745s][info][gc,phases,start] GC(70) Compaction Phase
[2.791s][info][gc,phases      ] GC(70) Compaction Phase 46.410ms
[2.792s][info][gc,phases,start] GC(70) Post Compact
[2.794s][info][gc,phases      ] GC(70) Post Compact 2.318ms
[2.794s][info][gc,heap        ] GC(70) PSYoungGen: 17024K(67584K)->1537K(68608K) Eden: 0K(18944K)->0K(19968K) From: 17024K(48640K)->1537K(48640K)
[2.794s][info][gc,heap        ] GC(70) ParOldGen: 456576K(471552K)->471281K(536576K)
[2.794s][info][gc,metaspace   ] GC(70) Metaspace: 6298K(6464K)->6298K(6464K) NonClass: 5765K(5824K)->5765K(5824K) Class: 533K(640K)->533K(640K)
[2.794s][info][gc             ] GC(70) Pause Full (Ergonomics) 462M->461M(591M) 148.549ms
[2.794s][info][gc,cpu         ] GC(70) User=0.98s Sys=0.00s Real=0.15s
[2.817s][info][gc,start       ] GC(71) Pause Young (Allocation Failure)
[2.846s][info][gc,heap        ] GC(71) PSYoungGen: 21505K(68608K)->20096K(69632K) Eden: 19968K(19968K)->0K(19968K) From: 1537K(48640K)->20096K(49664K)
[2.846s][info][gc,heap        ] GC(71) ParOldGen: 471281K(536576K)->472881K(536576K)
[2.846s][info][gc,metaspace   ] GC(71) Metaspace: 6298K(6464K)->6298K(6464K) NonClass: 5765K(5824K)->5765K(5824K) Class: 533K(640K)->533K(640K)
[2.846s][info][gc             ] GC(71) Pause Young (Allocation Failure) 481M->481M(592M) 29.817ms
[2.846s][info][gc,cpu         ] GC(71) User=0.12s Sys=0.00s Real=0.03s
[2.868s][info][gc,start       ] GC(72) Pause Young (Allocation Failure)
[2.888s][info][gc,heap        ] GC(72) PSYoungGen: 40064K(69632K)->40096K(66048K) Eden: 19968K(19968K)->0K(18432K) From: 20096K(49664K)->40096K(47616K)
[2.888s][info][gc,heap        ] GC(72) ParOldGen: 472881K(536576K)->472881K(536576K)
[2.888s][info][gc,metaspace   ] GC(72) Metaspace: 6298K(6464K)->6298K(6464K) NonClass: 5765K(5824K)->5765K(5824K) Class: 533K(640K)->533K(640K)
[2.888s][info][gc             ] GC(72) Pause Young (Allocation Failure) 500M->500M(588M) 20.178ms
[2.888s][info][gc,cpu         ] GC(72) User=0.12s Sys=0.00s Real=0.02s
[2.908s][info][gc,start       ] GC(73) Pause Young (Allocation Failure)
[2.936s][info][gc,heap        ] GC(73) PSYoungGen: 58528K(66048K)->51200K(69632K) Eden: 18432K(18432K)->0K(18432K) From: 40096K(47616K)->51200K(51200K)
[2.936s][info][gc,heap        ] GC(73) ParOldGen: 472881K(536576K)->480177K(536576K)
[2.936s][info][gc,metaspace   ] GC(73) Metaspace: 6298K(6464K)->6298K(6464K) NonClass: 5765K(5824K)->5765K(5824K) Class: 533K(640K)->533K(640K)
[2.936s][info][gc             ] GC(73) Pause Young (Allocation Failure) 518M->518M(592M) 27.980ms
[2.936s][info][gc,cpu         ] GC(73) User=0.14s Sys=0.00s Real=0.03s
[2.956s][info][gc,start       ] GC(74) Pause Young (Allocation Failure)
[2.989s][info][gc,heap        ] GC(74) PSYoungGen: 69632K(69632K)->34240K(79360K) Eden: 18432K(18432K)->0K(20480K) From: 51200K(51200K)->34240K(58880K)
[2.989s][info][gc,heap        ] GC(74) ParOldGen: 480177K(536576K)->516121K(536576K)
[2.989s][info][gc,metaspace   ] GC(74) Metaspace: 6298K(6464K)->6298K(6464K) NonClass: 5765K(5824K)->5765K(5824K) Class: 533K(640K)->533K(640K)
[2.989s][info][gc             ] GC(74) Pause Young (Allocation Failure) 536M->537M(601M) 33.646ms
[2.989s][info][gc,cpu         ] GC(74) User=0.28s Sys=0.08s Real=0.03s
[2.989s][info][gc,start       ] GC(75) Pause Full (Ergonomics)
[2.989s][info][gc,phases,start] GC(75) Marking Phase
[3.105s][info][gc,phases      ] GC(75) Marking Phase 115.095ms
[3.105s][info][gc,phases,start] GC(75) Summary Phase
[3.105s][info][gc,phases      ] GC(75) Summary Phase 0.025ms
[3.105s][info][gc,phases,start] GC(75) Adjust Roots
[3.105s][info][gc,phases      ] GC(75) Adjust Roots 0.154ms
[3.105s][info][gc,phases,start] GC(75) Compaction Phase
[3.157s][info][gc,phases      ] GC(75) Compaction Phase 52.618ms
[3.158s][info][gc,phases,start] GC(75) Post Compact
[3.158s][info][gc,phases      ] GC(75) Post Compact 0.911ms
[3.159s][info][gc,heap        ] GC(75) PSYoungGen: 34240K(79360K)->13106K(80384K) Eden: 0K(20480K)->0K(21504K) From: 34240K(58880K)->13106K(58880K)
[3.159s][info][gc,heap        ] GC(75) ParOldGen: 516121K(536576K)->536387K(610816K)
[3.159s][info][gc,metaspace   ] GC(75) Metaspace: 6298K(6464K)->6298K(6464K) NonClass: 5765K(5824K)->5765K(5824K) Class: 533K(640K)->533K(640K)
[3.159s][info][gc             ] GC(75) Pause Full (Ergonomics) 537M->536M(675M) 169.405ms
[3.159s][info][gc,cpu         ] GC(75) User=1.09s Sys=0.05s Real=0.17s
[3.183s][info][gc,start       ] GC(76) Pause Young (Allocation Failure)
[3.221s][info][gc,heap        ] GC(76) PSYoungGen: 34610K(80384K)->29472K(51200K) Eden: 21504K(21504K)->0K(21504K) From: 13106K(58880K)->29472K(29696K)
[3.221s][info][gc,heap        ] GC(76) ParOldGen: 536387K(610816K)->541763K(610816K)
[3.221s][info][gc,metaspace   ] GC(76) Metaspace: 6298K(6464K)->6298K(6464K) NonClass: 5765K(5824K)->5765K(5824K) Class: 533K(640K)->533K(640K)
[3.221s][info][gc             ] GC(76) Pause Young (Allocation Failure) 557M->557M(646M) 38.354ms
[3.221s][info][gc,cpu         ] GC(76) User=0.25s Sys=0.00s Real=0.04s
[3.245s][info][gc,start       ] GC(77) Pause Young (Allocation Failure)
[3.271s][info][gc,heap        ] GC(77) PSYoungGen: 50976K(51200K)->51008K(75776K) Eden: 21504K(21504K)->0K(18944K) From: 29472K(29696K)->51008K(56832K)
[3.271s][info][gc,heap        ] GC(77) ParOldGen: 541763K(610816K)->541763K(610816K)
[3.271s][info][gc,metaspace   ] GC(77) Metaspace: 6298K(6464K)->6298K(6464K) NonClass: 5765K(5824K)->5765K(5824K) Class: 533K(640K)->533K(640K)
[3.271s][info][gc             ] GC(77) Pause Young (Allocation Failure) 578M->578M(670M) 26.044ms
[3.271s][info][gc,cpu         ] GC(77) User=0.12s Sys=0.02s Real=0.03s
[3.293s][info][gc,start       ] GC(78) Pause Young (Allocation Failure)
[3.326s][info][gc,heap        ] GC(78) PSYoungGen: 69952K(75776K)->61952K(80896K) Eden: 18944K(18944K)->0K(18944K) From: 51008K(56832K)->61952K(61952K)
[3.326s][info][gc,heap        ] GC(78) ParOldGen: 541763K(610816K)->549771K(610816K)
[3.326s][info][gc,metaspace   ] GC(78) Metaspace: 6298K(6464K)->6298K(6464K) NonClass: 5765K(5824K)->5765K(5824K) Class: 533K(640K)->533K(640K)
[3.326s][info][gc             ] GC(78) Pause Young (Allocation Failure) 597M->597M(675M) 33.865ms
[3.326s][info][gc,cpu         ] GC(78) User=0.14s Sys=0.00s Real=0.03s
[3.349s][info][gc,start       ] GC(79) Pause Young (Allocation Failure)
[3.391s][info][gc,heap        ] GC(79) PSYoungGen: 80896K(80896K)->55296K(90624K) Eden: 18944K(18944K)->0K(17408K) From: 61952K(61952K)->55296K(73216K)
[3.391s][info][gc,heap        ] GC(79) ParOldGen: 549771K(610816K)->575883K(610816K)
[3.391s][info][gc,metaspace   ] GC(79) Metaspace: 6298K(6464K)->6298K(6464K) NonClass: 5765K(5824K)->5765K(5824K) Class: 533K(640K)->533K(640K)
[3.391s][info][gc             ] GC(79) Pause Young (Allocation Failure) 615M->616M(685M) 41.379ms
[3.391s][info][gc,cpu         ] GC(79) User=0.23s Sys=0.02s Real=0.04s
[3.391s][info][gc,start       ] GC(80) Pause Full (Ergonomics)
[3.391s][info][gc,phases,start] GC(80) Marking Phase
[3.533s][info][gc,phases      ] GC(80) Marking Phase 142.265ms
[3.533s][info][gc,phases,start] GC(80) Summary Phase
[3.533s][info][gc,phases      ] GC(80) Summary Phase 0.029ms
[3.533s][info][gc,phases,start] GC(80) Adjust Roots
[3.533s][info][gc,phases      ] GC(80) Adjust Roots 0.208ms
[3.533s][info][gc,phases,start] GC(80) Compaction Phase
[3.591s][info][gc,phases      ] GC(80) Compaction Phase 57.996ms
[3.591s][info][gc,phases,start] GC(80) Post Compact
[3.593s][info][gc,phases      ] GC(80) Post Compact 1.091ms
[3.593s][info][gc,heap        ] GC(80) PSYoungGen: 55296K(90624K)->19740K(90624K) Eden: 0K(17408K)->0K(17408K) From: 55296K(73216K)->19740K(73216K)
[3.593s][info][gc,heap        ] GC(80) ParOldGen: 575883K(610816K)->610523K(688128K)
[3.593s][info][gc,metaspace   ] GC(80) Metaspace: 6298K(6464K)->6298K(6464K) NonClass: 5765K(5824K)->5765K(5824K) Class: 533K(640K)->533K(640K)
[3.593s][info][gc             ] GC(80) Pause Full (Ergonomics) 616M->615M(760M) 202.192ms
[3.593s][info][gc,cpu         ] GC(80) User=1.47s Sys=0.03s Real=0.20s
[3.614s][info][gc,start       ] GC(81) Pause Young (Allocation Failure)
[3.658s][info][gc,heap        ] GC(81) PSYoungGen: 37148K(90624K)->29536K(47104K) Eden: 17408K(17408K)->0K(17408K) From: 19740K(73216K)->29536K(29696K)
[3.658s][info][gc,heap        ] GC(81) ParOldGen: 610523K(688128K)->618435K(688128K)
[3.658s][info][gc,metaspace   ] GC(81) Metaspace: 6298K(6464K)->6298K(6464K) NonClass: 5765K(5824K)->5765K(5824K) Class: 533K(640K)->533K(640K)
[3.658s][info][gc             ] GC(81) Pause Young (Allocation Failure) 632M->632M(718M) 44.115ms
[3.658s][info][gc,cpu         ] GC(81) User=0.23s Sys=0.00s Real=0.04s
[3.678s][info][gc,start       ] GC(82) Pause Young (Allocation Failure)
[3.702s][info][gc,heap        ] GC(82) PSYoungGen: 46944K(47104K)->46880K(93696K) Eden: 17408K(17408K)->0K(19456K) From: 29536K(29696K)->46880K(74240K)
[3.702s][info][gc,heap        ] GC(82) ParOldGen: 618435K(688128K)->618435K(688128K)
[3.702s][info][gc,metaspace   ] GC(82) Metaspace: 6298K(6464K)->6298K(6464K) NonClass: 5765K(5824K)->5765K(5824K) Class: 533K(640K)->533K(640K)
[3.702s][info][gc             ] GC(82) Pause Young (Allocation Failure) 649M->649M(763M) 24.370ms
[3.702s][info][gc,cpu         ] GC(82) User=0.12s Sys=0.00s Real=0.02s
[3.726s][info][gc,start       ] GC(83) Pause Young (Allocation Failure)
[3.758s][info][gc,heap        ] GC(83) PSYoungGen: 66336K(93696K)->60320K(93696K) Eden: 19456K(19456K)->0K(19456K) From: 46880K(74240K)->60320K(74240K)
[3.758s][info][gc,heap        ] GC(83) ParOldGen: 618435K(688128K)->624603K(688128K)
[3.758s][info][gc,metaspace   ] GC(83) Metaspace: 6298K(6464K)->6298K(6464K) NonClass: 5765K(5824K)->5765K(5824K) Class: 533K(640K)->533K(640K)
[3.758s][info][gc             ] GC(83) Pause Young (Allocation Failure) 668M->668M(763M) 32.045ms
[3.758s][info][gc,cpu         ] GC(83) User=0.14s Sys=0.00s Real=0.03s
[3.785s][info][gc,start       ] GC(84) Pause Young (Allocation Failure)
[3.824s][info][gc,heap        ] GC(84) PSYoungGen: 79776K(93696K)->73888K(92160K) Eden: 19456K(19456K)->0K(13312K) From: 60320K(74240K)->73888K(78848K)
[3.824s][info][gc,heap        ] GC(84) ParOldGen: 624603K(688128K)->630595K(688128K)
[3.824s][info][gc,metaspace   ] GC(84) Metaspace: 6298K(6464K)->6298K(6464K) NonClass: 5765K(5824K)->5765K(5824K) Class: 533K(640K)->533K(640K)
[3.824s][info][gc             ] GC(84) Pause Young (Allocation Failure) 687M->687M(762M) 39.302ms
[3.824s][info][gc,cpu         ] GC(84) User=0.17s Sys=0.08s Real=0.04s
[3.977s][info][gc,start       ] GC(85) Pause Full (Ergonomics)
[3.977s][info][gc,phases,start] GC(85) Marking Phase
[4.151s][info][gc,phases      ] GC(85) Marking Phase 173.501ms
[4.151s][info][gc,phases,start] GC(85) Summary Phase
[4.151s][info][gc,phases      ] GC(85) Summary Phase 0.032ms
[4.151s][info][gc,phases,start] GC(85) Adjust Roots
[4.151s][info][gc,phases      ] GC(85) Adjust Roots 0.173ms
[4.151s][info][gc,phases,start] GC(85) Compaction Phase
[4.280s][info][gc,phases      ] GC(85) Compaction Phase 128.622ms
[4.280s][info][gc,phases,start] GC(85) Post Compact
[4.281s][info][gc,phases      ] GC(85) Post Compact 1.645ms
[4.282s][info][gc,heap        ] GC(85) PSYoungGen: 87200K(92160K)->45504K(92160K) Eden: 13312K(13312K)->0K(13312K) From: 73888K(78848K)->45504K(78848K)
[4.282s][info][gc,heap        ] GC(85) ParOldGen: 663363K(688128K)->688033K(764416K)
[4.282s][info][gc,metaspace   ] GC(85) Metaspace: 6298K(6464K)->6298K(6464K) NonClass: 5765K(5824K)->5765K(5824K) Class: 533K(640K)->533K(640K)
[4.282s][info][gc             ] GC(85) Pause Full (Ergonomics) 732M->716M(836M) 304.739ms
[4.282s][info][gc,cpu         ] GC(85) User=1.91s Sys=0.02s Real=0.31s
[4.298s][info][gc,start       ] GC(86) Pause Young (Allocation Failure)
[4.351s][info][gc,heap        ] GC(86) PSYoungGen: 58816K(92160K)->48896K(62464K) Eden: 13312K(13312K)->0K(13312K) From: 45504K(78848K)->48896K(49152K)
[4.351s][info][gc,heap        ] GC(86) ParOldGen: 688033K(764416K)->698361K(764416K)
[4.351s][info][gc,metaspace   ] GC(86) Metaspace: 6298K(6464K)->6298K(6464K) NonClass: 5765K(5824K)->5765K(5824K) Class: 533K(640K)->533K(640K)
[4.351s][info][gc             ] GC(86) Pause Young (Allocation Failure) 729M->729M(807M) 52.884ms
[4.351s][info][gc,cpu         ] GC(86) User=0.39s Sys=0.00s Real=0.05s
[4.365s][info][gc,start       ] GC(87) Pause Young (Allocation Failure)
[4.394s][info][gc,heap        ] GC(87) PSYoungGen: 62208K(62464K)->62176K(97792K) Eden: 13312K(13312K)->0K(12288K) From: 48896K(49152K)->62176K(85504K)
[4.394s][info][gc,heap        ] GC(87) ParOldGen: 698361K(764416K)->698361K(764416K)
[4.394s][info][gc,metaspace   ] GC(87) Metaspace: 6298K(6464K)->6298K(6464K) NonClass: 5765K(5824K)->5765K(5824K) Class: 533K(640K)->533K(640K)
[4.394s][info][gc             ] GC(87) Pause Young (Allocation Failure) 742M->742M(842M) 28.981ms
[4.394s][info][gc,cpu         ] GC(87) User=0.12s Sys=0.00s Real=0.03s
[4.407s][info][gc,start       ] GC(88) Pause Young (Allocation Failure)
[4.440s][info][gc,heap        ] GC(88) PSYoungGen: 74464K(97792K)->62528K(100352K) Eden: 12288K(12288K)->0K(12288K) From: 62176K(85504K)->62528K(88064K)
[4.440s][info][gc,heap        ] GC(88) ParOldGen: 698361K(764416K)->710409K(764416K)
[4.440s][info][gc,metaspace   ] GC(88) Metaspace: 6298K(6464K)->6298K(6464K) NonClass: 5765K(5824K)->5765K(5824K) Class: 533K(640K)->533K(640K)
[4.440s][info][gc             ] GC(88) Pause Young (Allocation Failure) 754M->754M(844M) 33.609ms
[4.440s][info][gc,cpu         ] GC(88) User=0.23s Sys=0.02s Real=0.03s
[4.453s][info][gc,start       ] GC(89) Pause Young (Allocation Failure)
[4.488s][info][gc,heap        ] GC(89) PSYoungGen: 74816K(100352K)->51264K(97792K) Eden: 12288K(12288K)->0K(13824K) From: 62528K(88064K)->51264K(83968K)
[4.488s][info][gc,heap        ] GC(89) ParOldGen: 710409K(764416K)->734217K(764416K)
[4.488s][info][gc,metaspace   ] GC(89) Metaspace: 6298K(6464K)->6298K(6464K) NonClass: 5765K(5824K)->5765K(5824K) Class: 533K(640K)->533K(640K)
[4.488s][info][gc             ] GC(89) Pause Young (Allocation Failure) 766M->767M(842M) 34.712ms
[4.488s][info][gc,cpu         ] GC(89) User=0.23s Sys=0.02s Real=0.04s
[4.502s][info][gc,start       ] GC(90) Pause Young (Allocation Failure)
[4.534s][info][gc,heap        ] GC(90) PSYoungGen: 65088K(97792K)->38464K(100864K) Eden: 13824K(13824K)->0K(13824K) From: 51264K(83968K)->38464K(87040K)
[4.534s][info][gc,heap        ] GC(90) ParOldGen: 734217K(764416K)->761169K(764416K)
[4.534s][info][gc,metaspace   ] GC(90) Metaspace: 6298K(6464K)->6298K(6464K) NonClass: 5765K(5824K)->5765K(5824K) Class: 533K(640K)->533K(640K)
[4.534s][info][gc             ] GC(90) Pause Young (Allocation Failure) 780M->780M(845M) 31.524ms
[4.534s][info][gc,cpu         ] GC(90) User=0.12s Sys=0.02s Real=0.03s
[4.534s][info][gc,start       ] GC(91) Pause Full (Ergonomics)
[4.534s][info][gc,phases,start] GC(91) Marking Phase
[4.715s][info][gc,phases      ] GC(91) Marking Phase 181.278ms
[4.715s][info][gc,phases,start] GC(91) Summary Phase
[4.715s][info][gc,phases      ] GC(91) Summary Phase 0.043ms
[4.715s][info][gc,phases,start] GC(91) Adjust Roots
[4.715s][info][gc,phases      ] GC(91) Adjust Roots 0.225ms
[4.715s][info][gc,phases,start] GC(91) Compaction Phase
[4.803s][info][gc,phases      ] GC(91) Compaction Phase 87.105ms
[4.803s][info][gc,phases,start] GC(91) Post Compact
[4.804s][info][gc,phases      ] GC(91) Post Compact 1.413ms
[4.804s][info][gc,heap        ] GC(91) PSYoungGen: 38464K(100864K)->34215K(100864K) Eden: 0K(13824K)->0K(13824K) From: 38464K(87040K)->34215K(87040K)
[4.804s][info][gc,heap        ] GC(91) ParOldGen: 761169K(764416K)->764186K(850944K)
[4.804s][info][gc,metaspace   ] GC(91) Metaspace: 6298K(6464K)->6298K(6464K) NonClass: 5765K(5824K)->5765K(5824K) Class: 533K(640K)->533K(640K)
[4.804s][info][gc             ] GC(91) Pause Full (Ergonomics) 780M->779M(929M) 270.700ms
[4.804s][info][gc,cpu         ] GC(91) User=1.91s Sys=0.00s Real=0.27s
[4.820s][info][gc,start       ] GC(92) Pause Young (Allocation Failure)
[4.872s][info][gc,heap        ] GC(92) PSYoungGen: 48039K(100864K)->26208K(99840K) Eden: 13824K(13824K)->0K(15872K) From: 34215K(87040K)->26208K(83968K)
[4.872s][info][gc,heap        ] GC(92) ParOldGen: 764186K(850944K)->786538K(850944K)
[4.872s][info][gc,metaspace   ] GC(92) Metaspace: 6298K(6464K)->6298K(6464K) NonClass: 5765K(5824K)->5765K(5824K) Class: 533K(640K)->533K(640K)
[4.872s][info][gc             ] GC(92) Pause Young (Allocation Failure) 793M->793M(928M) 51.590ms
[4.872s][info][gc,cpu         ] GC(92) User=0.34s Sys=0.03s Real=0.05s
[4.888s][info][gc,start       ] GC(93) Pause Young (Allocation Failure)
[4.910s][info][gc,heap        ] GC(93) PSYoungGen: 42080K(99840K)->29792K(100352K) Eden: 15872K(15872K)->0K(15872K) From: 26208K(83968K)->29792K(84480K)
[4.910s][info][gc,heap        ] GC(93) ParOldGen: 786538K(850944K)->798930K(850944K)
[4.910s][info][gc,metaspace   ] GC(93) Metaspace: 6298K(6464K)->6298K(6464K) NonClass: 5765K(5824K)->5765K(5824K) Class: 533K(640K)->533K(640K)
[4.910s][info][gc             ] GC(93) Pause Young (Allocation Failure) 809M->809M(929M) 22.247ms
[4.910s][info][gc,cpu         ] GC(93) User=0.12s Sys=0.00s Real=0.02s
[4.927s][info][gc,start       ] GC(94) Pause Young (Allocation Failure)
[4.951s][info][gc,heap        ] GC(94) PSYoungGen: 45664K(100352K)->31840K(97792K) Eden: 15872K(15872K)->0K(17920K) From: 29792K(84480K)->31840K(79872K)
[4.951s][info][gc,heap        ] GC(94) ParOldGen: 798930K(850944K)->812930K(850944K)
[4.951s][info][gc,metaspace   ] GC(94) Metaspace: 6298K(6464K)->6298K(6464K) NonClass: 5765K(5824K)->5765K(5824K) Class: 533K(640K)->533K(640K)
[4.951s][info][gc             ] GC(94) Pause Young (Allocation Failure) 824M->824M(926M) 23.858ms
[4.951s][info][gc,cpu         ] GC(94) User=0.12s Sys=0.00s Real=0.02s
[4.970s][info][gc,start       ] GC(95) Pause Young (Allocation Failure)
[4.996s][info][gc,heap        ] GC(95) PSYoungGen: 49760K(97792K)->33920K(52224K) Eden: 17920K(17920K)->0K(17920K) From: 31840K(79872K)->33920K(34304K)
[4.996s][info][gc,heap        ] GC(95) ParOldGen: 812930K(850944K)->829026K(850944K)
[4.996s][info][gc,metaspace   ] GC(95) Metaspace: 6298K(6464K)->6298K(6464K) NonClass: 5765K(5824K)->5765K(5824K) Class: 533K(640K)->533K(640K)
[4.996s][info][gc             ] GC(95) Pause Young (Allocation Failure) 842M->842M(882M) 25.729ms
[4.996s][info][gc,cpu         ] GC(95) User=0.12s Sys=0.02s Real=0.03s
[4.996s][info][gc,start       ] GC(96) Pause Full (Ergonomics)
[4.996s][info][gc,phases,start] GC(96) Marking Phase
[5.182s][info][gc,phases      ] GC(96) Marking Phase 185.277ms
[5.182s][info][gc,phases,start] GC(96) Summary Phase
[5.182s][info][gc,phases      ] GC(96) Summary Phase 0.030ms
[5.182s][info][gc,phases,start] GC(96) Adjust Roots
[5.182s][info][gc,phases      ] GC(96) Adjust Roots 0.158ms
[5.182s][info][gc,phases,start] GC(96) Compaction Phase
[5.263s][info][gc,phases      ] GC(96) Compaction Phase 81.187ms
[5.263s][info][gc,phases,start] GC(96) Post Compact
[5.265s][info][gc,phases      ] GC(96) Post Compact 1.436ms
[5.265s][info][gc,heap        ] GC(96) PSYoungGen: 33920K(52224K)->11249K(52224K) Eden: 0K(17920K)->0K(17920K) From: 33920K(34304K)->11249K(34304K)
[5.265s][info][gc,heap        ] GC(96) ParOldGen: 829026K(850944K)->850517K(940032K)
[5.265s][info][gc,metaspace   ] GC(96) Metaspace: 6298K(6464K)->6298K(6464K) NonClass: 5765K(5824K)->5765K(5824K) Class: 533K(640K)->533K(640K)
[5.265s][info][gc             ] GC(96) Pause Full (Ergonomics) 842M->841M(969M) 268.714ms
[5.265s][info][gc,cpu         ] GC(96) User=1.84s Sys=0.06s Real=0.27s
[5.286s][info][gc,start       ] GC(97) Pause Young (Allocation Failure)
[5.335s][info][gc,heap        ] GC(97) PSYoungGen: 29169K(52224K)->18080K(98816K) Eden: 17920K(17920K)->0K(19968K) From: 11249K(34304K)->18080K(78848K)
[5.336s][info][gc,heap        ] GC(97) ParOldGen: 850517K(940032K)->861933K(940032K)
[5.336s][info][gc,metaspace   ] GC(97) Metaspace: 6298K(6464K)->6298K(6464K) NonClass: 5765K(5824K)->5765K(5824K) Class: 533K(640K)->533K(640K)
[5.336s][info][gc             ] GC(97) Pause Young (Allocation Failure) 859M->859M(1014M) 49.219ms
[5.336s][info][gc,cpu         ] GC(97) User=0.27s Sys=0.00s Real=0.05s
[5.358s][info][gc,start       ] GC(98) Pause Young (Allocation Failure)
[5.380s][info][gc,heap        ] GC(98) PSYoungGen: 38048K(98816K)->37984K(58368K) Eden: 19968K(19968K)->0K(19968K) From: 18080K(78848K)->37984K(38400K)
[5.380s][info][gc,heap        ] GC(98) ParOldGen: 861933K(940032K)->861933K(940032K)
[5.380s][info][gc,metaspace   ] GC(98) Metaspace: 6298K(6464K)->6298K(6464K) NonClass: 5765K(5824K)->5765K(5824K) Class: 533K(640K)->533K(640K)
[5.380s][info][gc             ] GC(98) Pause Young (Allocation Failure) 878M->878M(975M) 21.430ms
[5.380s][info][gc,cpu         ] GC(98) User=0.12s Sys=0.00s Real=0.02s
[5.402s][info][gc,start       ] GC(99) Pause Young (Allocation Failure)
[5.431s][info][gc,heap        ] GC(99) PSYoungGen: 57952K(58368K)->57984K(93696K) Eden: 19968K(19968K)->0K(18432K) From: 37984K(38400K)->57984K(75264K)
[5.431s][info][gc,heap        ] GC(99) ParOldGen: 861933K(940032K)->861933K(940032K)
[5.431s][info][gc,metaspace   ] GC(99) Metaspace: 6298K(6464K)->6298K(6464K) NonClass: 5765K(5824K)->5765K(5824K) Class: 533K(640K)->533K(640K)
[5.432s][info][gc             ] GC(99) Pause Young (Allocation Failure) 898M->898M(1009M) 29.249ms
[5.432s][info][gc,cpu         ] GC(99) User=0.14s Sys=0.00s Real=0.03s
[5.453s][info][gc,start       ] GC(100) Pause Young (Allocation Failure)
[5.490s][info][gc,heap        ] GC(100) PSYoungGen: 76416K(93696K)->58528K(97280K) Eden: 18432K(18432K)->0K(18432K) From: 57984K(75264K)->58528K(78848K)
[5.490s][info][gc,heap        ] GC(100) ParOldGen: 861933K(940032K)->880101K(940032K)
[5.490s][info][gc,metaspace   ] GC(100) Metaspace: 6298K(6464K)->6298K(6464K) NonClass: 5765K(5824K)->5765K(5824K) Class: 533K(640K)->533K(640K)
[5.491s][info][gc             ] GC(100) Pause Young (Allocation Failure) 916M->916M(1013M) 37.364ms
[5.491s][info][gc,cpu         ] GC(100) User=0.27s Sys=0.00s Real=0.04s
[5.511s][info][gc,start       ] GC(101) Pause Young (Allocation Failure)
[5.549s][info][gc,heap        ] GC(101) PSYoungGen: 76960K(97280K)->56960K(100864K) Eden: 18432K(18432K)->0K(19456K) From: 58528K(78848K)->56960K(81408K)
[5.549s][info][gc,heap        ] GC(101) ParOldGen: 880101K(940032K)->900325K(940032K)
[5.549s][info][gc,metaspace   ] GC(101) Metaspace: 6298K(6464K)->6298K(6464K) NonClass: 5765K(5824K)->5765K(5824K) Class: 533K(640K)->533K(640K)
[5.549s][info][gc             ] GC(101) Pause Young (Allocation Failure) 934M->934M(1016M) 37.703ms
[5.549s][info][gc,cpu         ] GC(101) User=0.25s Sys=0.00s Real=0.04s
[5.570s][info][gc,start       ] GC(102) Pause Young (Allocation Failure)
[5.614s][info][gc,heap        ] GC(102) PSYoungGen: 76416K(100864K)->56480K(102400K) Eden: 19456K(19456K)->0K(19456K) From: 56960K(81408K)->56480K(82944K)
[5.614s][info][gc,heap        ] GC(102) ParOldGen: 900325K(940032K)->920565K(940032K)
[5.614s][info][gc,metaspace   ] GC(102) Metaspace: 6298K(6464K)->6298K(6464K) NonClass: 5765K(5824K)->5765K(5824K) Class: 533K(640K)->533K(640K)
[5.614s][info][gc             ] GC(102) Pause Young (Allocation Failure) 953M->954M(1018M) 44.034ms
[5.614s][info][gc,cpu         ] GC(102) User=0.12s Sys=0.02s Real=0.04s
[5.614s][info][gc,start       ] GC(103) Pause Full (Ergonomics)
[5.615s][info][gc,phases,start] GC(103) Marking Phase
[5.830s][info][gc,phases      ] GC(103) Marking Phase 215.617ms
[5.830s][info][gc,phases,start] GC(103) Summary Phase
[5.830s][info][gc,phases      ] GC(103) Summary Phase 0.024ms
[5.830s][info][gc,phases,start] GC(103) Adjust Roots
[5.830s][info][gc,phases      ] GC(103) Adjust Roots 0.149ms
[5.830s][info][gc,phases,start] GC(103) Compaction Phase
[5.927s][info][gc,phases      ] GC(103) Compaction Phase 96.490ms
[5.927s][info][gc,phases,start] GC(103) Post Compact
[5.929s][info][gc,phases      ] GC(103) Post Compact 1.764ms
[5.929s][info][gc,heap        ] GC(103) PSYoungGen: 56480K(102400K)->35784K(102400K) Eden: 0K(19456K)->0K(19456K) From: 56480K(82944K)->35784K(82944K)
[5.929s][info][gc,heap        ] GC(103) ParOldGen: 920565K(940032K)->939963K(1035264K)
[5.929s][info][gc,metaspace   ] GC(103) Metaspace: 6298K(6464K)->6298K(6464K) NonClass: 5765K(5824K)->5765K(5824K) Class: 533K(640K)->533K(640K)
[5.929s][info][gc             ] GC(103) Pause Full (Ergonomics) 954M->952M(1111M) 314.685ms
[5.929s][info][gc,cpu         ] GC(103) User=2.28s Sys=0.00s Real=0.31s
[5.953s][info][gc,start       ] GC(104) Pause Young (Allocation Failure)
[6.018s][info][gc,heap        ] GC(104) PSYoungGen: 55240K(102400K)->32256K(101376K) Eden: 19456K(19456K)->0K(21504K) From: 35784K(82944K)->32256K(79872K)
[6.018s][info][gc,heap        ] GC(104) ParOldGen: 939963K(1035264K)->963435K(1035264K)
[6.018s][info][gc,metaspace   ] GC(104) Metaspace: 6298K(6464K)->6298K(6464K) NonClass: 5765K(5824K)->5765K(5824K) Class: 533K(640K)->533K(640K)
[6.018s][info][gc             ] GC(104) Pause Young (Allocation Failure) 971M->972M(1110M) 64.710ms
[6.018s][info][gc,cpu         ] GC(104) User=0.41s Sys=0.00s Real=0.06s
[6.042s][info][gc,start       ] GC(105) Pause Young (Allocation Failure)
[6.071s][info][gc,heap        ] GC(105) PSYoungGen: 53760K(101376K)->41120K(62976K) Eden: 21504K(21504K)->0K(21504K) From: 32256K(79872K)->41120K(41472K)
[6.071s][info][gc,heap        ] GC(105) ParOldGen: 963435K(1035264K)->976259K(1035264K)
[6.071s][info][gc,metaspace   ] GC(105) Metaspace: 6298K(6464K)->6298K(6464K) NonClass: 5765K(5824K)->5765K(5824K) Class: 533K(640K)->533K(640K)
[6.071s][info][gc             ] GC(105) Pause Young (Allocation Failure) 993M->993M(1072M) 29.242ms
[6.071s][info][gc,cpu         ] GC(105) User=0.12s Sys=0.02s Real=0.03s
[6.095s][info][gc,start       ] GC(106) Pause Young (Allocation Failure)
[6.127s][info][gc,heap        ] GC(106) PSYoungGen: 62624K(62976K)->43136K(95744K) Eden: 21504K(21504K)->0K(24064K) From: 41120K(41472K)->43136K(71680K)
[6.127s][info][gc,heap        ] GC(106) ParOldGen: 976259K(1035264K)->995979K(1035264K)
[6.127s][info][gc,metaspace   ] GC(106) Metaspace: 6298K(6464K)->6298K(6464K) NonClass: 5765K(5824K)->5765K(5824K) Class: 533K(640K)->533K(640K)
[6.127s][info][gc             ] GC(106) Pause Young (Allocation Failure) 1014M->1014M(1104M) 32.396ms
[6.127s][info][gc,cpu         ] GC(106) User=0.14s Sys=0.02s Real=0.03s
[6.155s][info][gc,start       ] GC(107) Pause Young (Allocation Failure)
[6.189s][info][gc,heap        ] GC(107) PSYoungGen: 67200K(95744K)->45760K(99328K) Eden: 24064K(24064K)->0K(24064K) From: 43136K(71680K)->45760K(75264K)
[6.189s][info][gc,heap        ] GC(107) ParOldGen: 995979K(1035264K)->1017779K(1035264K)
[6.189s][info][gc,metaspace   ] GC(107) Metaspace: 6298K(6464K)->6298K(6464K) NonClass: 5765K(5824K)->5765K(5824K) Class: 533K(640K)->533K(640K)
[6.189s][info][gc             ] GC(107) Pause Young (Allocation Failure) 1038M->1038M(1108M) 34.335ms
[6.189s][info][gc,cpu         ] GC(107) User=0.14s Sys=0.02s Real=0.03s
[6.189s][info][gc,start       ] GC(108) Pause Full (Ergonomics)
[6.189s][info][gc,phases,start] GC(108) Marking Phase
[6.423s][info][gc,phases      ] GC(108) Marking Phase 233.050ms
[6.423s][info][gc,phases,start] GC(108) Summary Phase
[6.423s][info][gc,phases      ] GC(108) Summary Phase 0.024ms
[6.423s][info][gc,phases,start] GC(108) Adjust Roots
[6.423s][info][gc,phases      ] GC(108) Adjust Roots 0.144ms
[6.423s][info][gc,phases,start] GC(108) Compaction Phase
[6.517s][info][gc,phases      ] GC(108) Compaction Phase 94.354ms
[6.517s][info][gc,phases,start] GC(108) Post Compact
[6.519s][info][gc,phases      ] GC(108) Post Compact 2.139ms
[6.520s][info][gc,heap        ] GC(108) PSYoungGen: 45760K(99328K)->27111K(99328K) Eden: 0K(24064K)->0K(24064K) From: 45760K(75264K)->27111K(75264K)
[6.520s][info][gc,heap        ] GC(108) ParOldGen: 1017779K(1035264K)->1035046K(1138688K)
[6.520s][info][gc,metaspace   ] GC(108) Metaspace: 6298K(6464K)->6298K(6464K) NonClass: 5765K(5824K)->5765K(5824K) Class: 533K(640K)->533K(640K)
[6.520s][info][gc             ] GC(108) Pause Full (Ergonomics) 1038M->1037M(1209M) 330.531ms
[6.520s][info][gc,cpu         ] GC(108) User=2.38s Sys=0.00s Real=0.33s
[6.549s][info][gc,start       ] GC(109) Pause Young (Allocation Failure)
[6.620s][info][gc,heap        ] GC(109) PSYoungGen: 51175K(99328K)->38976K(95232K) Eden: 24064K(24064K)->0K(26624K) From: 27111K(75264K)->38976K(68608K)
[6.620s][info][gc,heap        ] GC(109) ParOldGen: 1035046K(1138688K)->1047598K(1138688K)
[6.620s][info][gc,metaspace   ] GC(109) Metaspace: 6298K(6464K)->6298K(6464K) NonClass: 5765K(5824K)->5765K(5824K) Class: 533K(640K)->533K(640K)
[6.620s][info][gc             ] GC(109) Pause Young (Allocation Failure) 1060M->1061M(1205M) 70.614ms
[6.620s][info][gc,cpu         ] GC(109) User=0.50s Sys=0.00s Real=0.07s
[6.653s][info][gc,start       ] GC(110) Pause Young (Allocation Failure)
[6.687s][info][gc,heap        ] GC(110) PSYoungGen: 65600K(95232K)->65632K(97792K) Eden: 26624K(26624K)->0K(26624K) From: 38976K(68608K)->65632K(71168K)
[6.687s][info][gc,heap        ] GC(110) ParOldGen: 1047598K(1138688K)->1047598K(1138688K)
[6.687s][info][gc,metaspace   ] GC(110) Metaspace: 6298K(6464K)->6298K(6464K) NonClass: 5765K(5824K)->5765K(5824K) Class: 533K(640K)->533K(640K)
[6.687s][info][gc             ] GC(110) Pause Young (Allocation Failure) 1087M->1087M(1207M) 34.540ms
[6.687s][info][gc,cpu         ] GC(110) User=0.16s Sys=0.00s Real=0.04s
[6.716s][info][gc,start       ] GC(111) Pause Young (Allocation Failure)
[6.765s][info][gc,heap        ] GC(111) PSYoungGen: 92256K(97792K)->76288K(91648K) Eden: 26624K(26624K)->0K(15360K) From: 65632K(71168K)->76288K(76288K)
[6.765s][info][gc,heap        ] GC(111) ParOldGen: 1047598K(1138688K)->1063670K(1138688K)
[6.765s][info][gc,metaspace   ] GC(111) Metaspace: 6298K(6464K)->6298K(6464K) NonClass: 5765K(5824K)->5765K(5824K) Class: 533K(640K)->533K(640K)
[6.765s][info][gc             ] GC(111) Pause Young (Allocation Failure) 1113M->1113M(1201M) 48.436ms
[6.765s][info][gc,cpu         ] GC(111) User=0.27s Sys=0.02s Real=0.05s
[6.782s][info][gc,start       ] GC(112) Pause Young (Allocation Failure)
[6.830s][info][gc,heap        ] GC(112) PSYoungGen: 91648K(91648K)->60288K(105984K) Eden: 15360K(15360K)->0K(15360K) From: 76288K(76288K)->60288K(90624K)
[6.830s][info][gc,heap        ] GC(112) ParOldGen: 1063670K(1138688K)->1095542K(1138688K)
[6.830s][info][gc,metaspace   ] GC(112) Metaspace: 6298K(6464K)->6298K(6464K) NonClass: 5765K(5824K)->5765K(5824K) Class: 533K(640K)->533K(640K)
[6.830s][info][gc             ] GC(112) Pause Young (Allocation Failure) 1128M->1128M(1215M) 48.319ms
[6.830s][info][gc,cpu         ] GC(112) User=0.25s Sys=0.02s Real=0.05s
[6.849s][info][gc,start       ] GC(113) Pause Young (Allocation Failure)
[6.888s][info][gc,heap        ] GC(113) PSYoungGen: 75648K(105984K)->52736K(100864K) Eden: 15360K(15360K)->0K(17408K) From: 60288K(90624K)->52736K(83456K)
[6.888s][info][gc,heap        ] GC(113) ParOldGen: 1095542K(1138688K)->1118774K(1138688K)
[6.888s][info][gc,metaspace   ] GC(113) Metaspace: 6298K(6464K)->6298K(6464K) NonClass: 5765K(5824K)->5765K(5824K) Class: 533K(640K)->533K(640K)
[6.888s][info][gc             ] GC(113) Pause Young (Allocation Failure) 1143M->1144M(1210M) 38.987ms
[6.888s][info][gc,cpu         ] GC(113) User=0.25s Sys=0.00s Real=0.04s
[6.888s][info][gc,start       ] GC(114) Pause Full (Ergonomics)
[6.888s][info][gc,phases,start] GC(114) Marking Phase
[7.159s][info][gc,phases      ] GC(114) Marking Phase 270.834ms
[7.159s][info][gc,phases,start] GC(114) Summary Phase
[7.159s][info][gc,phases      ] GC(114) Summary Phase 0.029ms
[7.159s][info][gc,phases,start] GC(114) Adjust Roots
[7.160s][info][gc,phases      ] GC(114) Adjust Roots 0.187ms
[7.160s][info][gc,phases,start] GC(114) Compaction Phase
[7.264s][info][gc,phases      ] GC(114) Compaction Phase 104.754ms
[7.264s][info][gc,phases,start] GC(114) Post Compact
[7.267s][info][gc,phases      ] GC(114) Post Compact 2.236ms
[7.267s][info][gc,heap        ] GC(114) PSYoungGen: 52736K(100864K)->31523K(103424K) Eden: 0K(17408K)->0K(19968K) From: 52736K(83456K)->31523K(83456K)
[7.267s][info][gc,heap        ] GC(114) ParOldGen: 1118774K(1138688K)->1138511K(1252352K)
[7.267s][info][gc,metaspace   ] GC(114) Metaspace: 6298K(6464K)->6298K(6464K) NonClass: 5765K(5824K)->5765K(5824K) Class: 533K(640K)->533K(640K)
[7.267s][info][gc             ] GC(114) Pause Full (Ergonomics) 1144M->1142M(1324M) 378.906ms
[7.267s][info][gc,cpu         ] GC(114) User=2.73s Sys=0.02s Real=0.38s
[7.292s][info][gc,start       ] GC(115) Pause Young (Allocation Failure)
[7.366s][info][gc,heap        ] GC(115) PSYoungGen: 51491K(103424K)->29696K(107008K) Eden: 19968K(19968K)->0K(19968K) From: 31523K(83456K)->29696K(87040K)
[7.366s][info][gc,heap        ] GC(115) ParOldGen: 1138511K(1252352K)->1160767K(1252352K)
[7.366s][info][gc,metaspace   ] GC(115) Metaspace: 6298K(6464K)->6298K(6464K) NonClass: 5765K(5824K)->5765K(5824K) Class: 533K(640K)->533K(640K)
[7.366s][info][gc             ] GC(115) Pause Young (Allocation Failure) 1162M->1162M(1327M) 73.456ms
[7.366s][info][gc,cpu         ] GC(115) User=0.41s Sys=0.00s Real=0.07s
[7.391s][info][gc,start       ] GC(116) Pause Young (Allocation Failure)
[7.419s][info][gc,heap        ] GC(116) PSYoungGen: 49664K(107008K)->40096K(104960K) Eden: 19968K(19968K)->0K(22016K) From: 29696K(87040K)->40096K(82944K)
[7.419s][info][gc,heap        ] GC(116) ParOldGen: 1160767K(1252352K)->1170511K(1252352K)
[7.419s][info][gc,metaspace   ] GC(116) Metaspace: 6298K(6464K)->6298K(6464K) NonClass: 5765K(5824K)->5765K(5824K) Class: 533K(640K)->533K(640K)
[7.419s][info][gc             ] GC(116) Pause Young (Allocation Failure) 1182M->1182M(1325M) 27.957ms
[7.419s][info][gc,cpu         ] GC(116) User=0.12s Sys=0.02s Real=0.03s
[7.445s][info][gc,start       ] GC(117) Pause Young (Allocation Failure)
[7.485s][info][gc,heap        ] GC(117) PSYoungGen: 62112K(104960K)->42080K(107008K) Eden: 22016K(22016K)->0K(22016K) From: 40096K(82944K)->42080K(84992K)
[7.485s][info][gc,heap        ] GC(117) ParOldGen: 1170511K(1252352K)->1190767K(1252352K)
[7.485s][info][gc,metaspace   ] GC(117) Metaspace: 6298K(6464K)->6298K(6464K) NonClass: 5765K(5824K)->5765K(5824K) Class: 533K(640K)->533K(640K)
[7.485s][info][gc             ] GC(117) Pause Young (Allocation Failure) 1203M->1203M(1327M) 40.540ms
[7.485s][info][gc,cpu         ] GC(117) User=0.12s Sys=0.00s Real=0.04s
[7.512s][info][gc,start       ] GC(118) Pause Young (Allocation Failure)
[7.554s][info][gc,heap        ] GC(118) PSYoungGen: 64096K(107008K)->44224K(100864K) Eden: 22016K(22016K)->0K(24576K) From: 42080K(84992K)->44224K(76288K)
[7.554s][info][gc,heap        ] GC(118) ParOldGen: 1190767K(1252352K)->1211039K(1252352K)
[7.554s][info][gc,metaspace   ] GC(118) Metaspace: 6298K(6464K)->6298K(6464K) NonClass: 5765K(5824K)->5765K(5824K) Class: 533K(640K)->533K(640K)
[7.554s][info][gc             ] GC(118) Pause Young (Allocation Failure) 1225M->1225M(1321M) 42.137ms
[7.554s][info][gc,cpu         ] GC(118) User=0.17s Sys=0.00s Real=0.04s
[7.585s][info][gc,start       ] GC(119) Pause Young (Allocation Failure)
[7.633s][info][gc,heap        ] GC(119) PSYoungGen: 68800K(100864K)->46784K(103936K) Eden: 24576K(24576K)->0K(24576K) From: 44224K(76288K)->46784K(79360K)
[7.633s][info][gc,heap        ] GC(119) ParOldGen: 1211039K(1252352K)->1233383K(1252352K)
[7.633s][info][gc,metaspace   ] GC(119) Metaspace: 6298K(6464K)->6298K(6464K) NonClass: 5765K(5824K)->5765K(5824K) Class: 533K(640K)->533K(640K)
[7.633s][info][gc             ] GC(119) Pause Young (Allocation Failure) 1249M->1250M(1324M) 47.915ms
[7.633s][info][gc,cpu         ] GC(119) User=0.14s Sys=0.00s Real=0.05s
[7.633s][info][gc,start       ] GC(120) Pause Full (Ergonomics)
[7.633s][info][gc,phases,start] GC(120) Marking Phase
[7.931s][info][gc,phases      ] GC(120) Marking Phase 298.534ms
[7.932s][info][gc,phases,start] GC(120) Summary Phase
[7.932s][info][gc,phases      ] GC(120) Summary Phase 0.028ms
[7.932s][info][gc,phases,start] GC(120) Adjust Roots
[7.932s][info][gc,phases      ] GC(120) Adjust Roots 0.165ms
[7.932s][info][gc,phases,start] GC(120) Compaction Phase
[8.041s][info][gc,phases      ] GC(120) Compaction Phase 109.100ms
[8.041s][info][gc,phases,start] GC(120) Post Compact
[8.043s][info][gc,phases      ] GC(120) Post Compact 2.229ms
[8.044s][info][gc,heap        ] GC(120) PSYoungGen: 46784K(103936K)->26092K(103936K) Eden: 0K(24576K)->0K(24576K) From: 46784K(79360K)->26092K(79360K)
[8.044s][info][gc,heap        ] GC(120) ParOldGen: 1233383K(1252352K)->1252339K(1374208K)
[8.044s][info][gc,metaspace   ] GC(120) Metaspace: 6298K(6464K)->6298K(6464K) NonClass: 5765K(5824K)->5765K(5824K) Class: 533K(640K)->533K(640K)
[8.044s][info][gc             ] GC(120) Pause Full (Ergonomics) 1250M->1248M(1443M) 410.901ms
[8.044s][info][gc,cpu         ] GC(120) User=2.84s Sys=0.00s Real=0.41s
[8.075s][info][gc,start       ] GC(121) Pause Young (Allocation Failure)
[8.154s][info][gc,heap        ] GC(121) PSYoungGen: 50668K(103936K)->37760K(100864K) Eden: 24576K(24576K)->0K(27136K) From: 26092K(79360K)->37760K(73728K)
[8.154s][info][gc,heap        ] GC(121) ParOldGen: 1252339K(1374208K)->1264755K(1374208K)
[8.154s][info][gc,metaspace   ] GC(121) Metaspace: 6298K(6464K)->6298K(6464K) NonClass: 5765K(5824K)->5765K(5824K) Class: 533K(640K)->533K(640K)
[8.154s][info][gc             ] GC(121) Pause Young (Allocation Failure) 1272M->1271M(1440M) 78.552ms
[8.154s][info][gc,cpu         ] GC(121) User=0.48s Sys=0.02s Real=0.08s
[8.178s][info][gc,start       ] GC(122) Pause Young (Allocation Failure)
[8.208s][info][gc,heap        ] GC(122) PSYoungGen: 64896K(100864K)->51904K(102400K) Eden: 27136K(27136K)->0K(27136K) From: 37760K(73728K)->51904K(75264K)
[8.208s][info][gc,heap        ] GC(122) ParOldGen: 1264755K(1374208K)->1264755K(1374208K)
[8.208s][info][gc,metaspace   ] GC(122) Metaspace: 6298K(6464K)->6298K(6464K) NonClass: 5765K(5824K)->5765K(5824K) Class: 533K(640K)->533K(640K)
[8.208s][info][gc             ] GC(122) Pause Young (Allocation Failure) 1298M->1285M(1442M) 29.819ms
[8.208s][info][gc,cpu         ] GC(122) User=0.14s Sys=0.00s Real=0.03s
[8.237s][info][gc,start       ] GC(123) Pause Young (Allocation Failure)
[8.277s][info][gc,heap        ] GC(123) PSYoungGen: 79040K(102400K)->59040K(102400K) Eden: 27136K(27136K)->0K(28160K) From: 51904K(75264K)->59040K(74240K)
[8.277s][info][gc,heap        ] GC(123) ParOldGen: 1264755K(1374208K)->1278835K(1374208K)
[8.277s][info][gc,metaspace   ] GC(123) Metaspace: 6298K(6464K)->6298K(6464K) NonClass: 5765K(5824K)->5765K(5824K) Class: 533K(640K)->533K(640K)
[8.277s][info][gc             ] GC(123) Pause Young (Allocation Failure) 1312M->1306M(1442M) 39.832ms
[8.277s][info][gc,cpu         ] GC(123) User=0.36s Sys=0.02s Real=0.04s
[8.311s][info][gc,start       ] GC(124) Pause Young (Allocation Failure)
[8.358s][info][gc,heap        ] GC(124) PSYoungGen: 87200K(102400K)->63520K(104448K) Eden: 28160K(28160K)->0K(28160K) From: 59040K(74240K)->63520K(76288K)
[8.358s][info][gc,heap        ] GC(124) ParOldGen: 1278835K(1374208K)->1302867K(1374208K)
[8.358s][info][gc,metaspace   ] GC(124) Metaspace: 6298K(6464K)->6298K(6464K) NonClass: 5765K(5824K)->5765K(5824K) Class: 533K(640K)->533K(640K)
[8.358s][info][gc             ] GC(124) Pause Young (Allocation Failure) 1334M->1334M(1444M) 46.736ms
[8.358s][info][gc,cpu         ] GC(124) User=0.25s Sys=0.02s Real=0.05s
[8.392s][info][gc,start       ] GC(125) Pause Young (Allocation Failure)
[8.441s][info][gc,heap        ] GC(125) PSYoungGen: 91680K(104448K)->77600K(102400K) Eden: 28160K(28160K)->0K(23552K) From: 63520K(76288K)->77600K(78848K)
[8.441s][info][gc,heap        ] GC(125) ParOldGen: 1302867K(1374208K)->1317155K(1374208K)
[8.442s][info][gc,metaspace   ] GC(125) Metaspace: 6298K(6464K)->6298K(6464K) NonClass: 5765K(5824K)->5765K(5824K) Class: 533K(640K)->533K(640K)
[8.442s][info][gc             ] GC(125) Pause Young (Allocation Failure) 1361M->1362M(1442M) 49.342ms
[8.442s][info][gc,cpu         ] GC(125) User=0.28s Sys=0.00s Real=0.05s
[8.702s][info][gc,start       ] GC(126) Pause Young (Allocation Failure)
[8.779s][info][gc,heap        ] GC(126) PSYoungGen: 101152K(102400K)->80064K(110080K) Eden: 23552K(23552K)->0K(23552K) From: 77600K(78848K)->80064K(86528K)
[8.779s][info][gc,heap        ] GC(126) ParOldGen: 1382691K(1440256K)->1404083K(1440256K)
[8.780s][info][gc,metaspace   ] GC(126) Metaspace: 6298K(6464K)->6298K(6464K) NonClass: 5765K(5824K)->5765K(5824K) Class: 533K(640K)->533K(640K)
[8.780s][info][gc             ] GC(126) Pause Young (Allocation Failure) 1449M->1449M(1514M) 77.255ms
[8.780s][info][gc,cpu         ] GC(126) User=0.52s Sys=0.00s Real=0.08s
[8.802s][info][gc,start       ] GC(127) Pause Young (Allocation Failure)
[8.852s][info][gc,heap        ] GC(127) PSYoungGen: 103616K(110080K)->93184K(104960K) Eden: 23552K(23552K)->0K(11776K) From: 80064K(86528K)->93184K(93184K)
[8.852s][info][gc,heap        ] GC(127) ParOldGen: 1404083K(1440256K)->1414571K(1440256K)
[8.852s][info][gc,metaspace   ] GC(127) Metaspace: 6298K(6464K)->6298K(6464K) NonClass: 5765K(5824K)->5765K(5824K) Class: 533K(640K)->533K(640K)
[8.852s][info][gc             ] GC(127) Pause Young (Allocation Failure) 1472M->1472M(1509M) 50.009ms
[8.852s][info][gc,cpu         ] GC(127) User=0.34s Sys=0.03s Real=0.05s
[8.852s][info][gc,start       ] GC(128) Pause Full (Ergonomics)
[8.852s][info][gc,phases,start] GC(128) Marking Phase
[9.183s][info][gc,phases      ] GC(128) Marking Phase 330.226ms
[9.183s][info][gc,phases,start] GC(128) Summary Phase
[9.183s][info][gc,phases      ] GC(128) Summary Phase 0.067ms
[9.183s][info][gc,phases,start] GC(128) Adjust Roots
[9.183s][info][gc,phases      ] GC(128) Adjust Roots 0.322ms
[9.183s][info][gc,phases,start] GC(128) Compaction Phase
[9.524s][info][gc,phases      ] GC(128) Compaction Phase 340.767ms
[9.524s][info][gc,phases,start] GC(128) Post Compact
[9.527s][info][gc,phases      ] GC(128) Post Compact 3.146ms
[9.528s][info][gc,heap        ] GC(128) PSYoungGen: 93184K(104960K)->33201K(104960K) Eden: 0K(11776K)->0K(11776K) From: 93184K(93184K)->33201K(93184K)
[9.528s][info][gc,heap        ] GC(128) ParOldGen: 1414571K(1440256K)->1440076K(1567744K)
[9.528s][info][gc,metaspace   ] GC(128) Metaspace: 6298K(6464K)->6298K(6464K) NonClass: 5765K(5824K)->5765K(5824K) Class: 533K(640K)->533K(640K)
[9.528s][info][gc             ] GC(128) Pause Full (Ergonomics) 1472M->1438M(1633M) 675.577ms
[9.528s][info][gc,cpu         ] GC(128) User=4.41s Sys=0.08s Real=0.67s
[9.541s][info][gc,start       ] GC(129) Pause Young (Allocation Failure)
[9.622s][info][gc,heap        ] GC(129) PSYoungGen: 44977K(104960K)->22880K(119296K) Eden: 11776K(11776K)->0K(11776K) From: 33201K(93184K)->22880K(107520K)
[9.622s][info][gc,heap        ] GC(129) ParOldGen: 1440076K(1567744K)->1462620K(1567744K)
[9.622s][info][gc,metaspace   ] GC(129) Metaspace: 6298K(6464K)->6298K(6464K) NonClass: 5765K(5824K)->5765K(5824K) Class: 533K(640K)->533K(640K)
[9.622s][info][gc             ] GC(129) Pause Young (Allocation Failure) 1450M->1450M(1647M) 80.661ms
[9.622s][info][gc,cpu         ] GC(129) User=0.52s Sys=0.00s Real=0.08s
[9.632s][info][gc,start       ] GC(130) Pause Young (Allocation Failure)
[9.657s][info][gc,heap        ] GC(130) PSYoungGen: 34656K(119296K)->34624K(119296K) Eden: 11776K(11776K)->0K(13312K) From: 22880K(107520K)->34624K(105984K)
[9.658s][info][gc,heap        ] GC(130) ParOldGen: 1462620K(1567744K)->1462620K(1567744K)
[9.658s][info][gc,metaspace   ] GC(130) Metaspace: 6298K(6464K)->6298K(6464K) NonClass: 5765K(5824K)->5765K(5824K) Class: 533K(640K)->533K(640K)
[9.658s][info][gc             ] GC(130) Pause Young (Allocation Failure) 1462M->1462M(1647M) 25.131ms
[9.658s][info][gc,cpu         ] GC(130) User=0.02s Sys=0.00s Real=0.03s
[9.670s][info][gc,start       ] GC(131) Pause Young (Allocation Failure)
[9.700s][info][gc,heap        ] GC(131) PSYoungGen: 47936K(119296K)->42912K(56320K) Eden: 13312K(13312K)->0K(13312K) From: 34624K(105984K)->42912K(43008K)
[9.700s][info][gc,heap        ] GC(131) ParOldGen: 1462620K(1567744K)->1467716K(1567744K)
[9.700s][info][gc,metaspace   ] GC(131) Metaspace: 6298K(6464K)->6298K(6464K) NonClass: 5765K(5824K)->5765K(5824K) Class: 533K(640K)->533K(640K)
[9.700s][info][gc             ] GC(131) Pause Young (Allocation Failure) 1475M->1475M(1586M) 30.356ms
[9.700s][info][gc,cpu         ] GC(131) User=0.05s Sys=0.00s Real=0.03s
[9.712s][info][gc,start       ] GC(132) Pause Young (Allocation Failure)
[9.744s][info][gc,heap        ] GC(132) PSYoungGen: 56224K(56320K)->50272K(110080K) Eden: 13312K(13312K)->0K(15360K) From: 42912K(43008K)->50272K(94720K)
[9.744s][info][gc,heap        ] GC(132) ParOldGen: 1467716K(1567744K)->1473740K(1567744K)
[9.744s][info][gc,metaspace   ] GC(132) Metaspace: 6298K(6464K)->6298K(6464K) NonClass: 5765K(5824K)->5765K(5824K) Class: 533K(640K)->533K(640K)
[9.744s][info][gc             ] GC(132) Pause Young (Allocation Failure) 1488M->1488M(1638M) 31.599ms
[9.744s][info][gc,cpu         ] GC(132) User=0.05s Sys=0.00s Real=0.03s
[9.759s][info][gc,start       ] GC(133) Pause Young (Allocation Failure)
[9.793s][info][gc,heap        ] GC(133) PSYoungGen: 65632K(110080K)->42080K(57856K) Eden: 15360K(15360K)->0K(15360K) From: 50272K(94720K)->42080K(42496K)
[9.793s][info][gc,heap        ] GC(133) ParOldGen: 1473740K(1567744K)->1497556K(1567744K)
[9.794s][info][gc,metaspace   ] GC(133) Metaspace: 6298K(6464K)->6298K(6464K) NonClass: 5765K(5824K)->5765K(5824K) Class: 533K(640K)->533K(640K)
[9.794s][info][gc             ] GC(133) Pause Young (Allocation Failure) 1503M->1503M(1587M) 34.955ms
[9.794s][info][gc,cpu         ] GC(133) User=0.12s Sys=0.02s Real=0.04s
[9.809s][info][gc,start       ] GC(134) Pause Young (Allocation Failure)
[9.842s][info][gc,heap        ] GC(134) PSYoungGen: 57440K(57856K)->30848K(112128K) Eden: 15360K(15360K)->0K(17408K) From: 42080K(42496K)->30848K(94720K)
[9.842s][info][gc,heap        ] GC(134) ParOldGen: 1497556K(1567744K)->1524476K(1567744K)
[9.842s][info][gc,metaspace   ] GC(134) Metaspace: 6298K(6464K)->6298K(6464K) NonClass: 5765K(5824K)->5765K(5824K) Class: 533K(640K)->533K(640K)
[9.842s][info][gc             ] GC(134) Pause Young (Allocation Failure) 1518M->1518M(1640M) 32.882ms
[9.842s][info][gc,cpu         ] GC(134) User=0.05s Sys=0.00s Real=0.03s
[9.860s][info][gc,start       ] GC(135) Pause Young (Allocation Failure)
[9.890s][info][gc,heap        ] GC(135) PSYoungGen: 48256K(112128K)->17568K(113152K) Eden: 17408K(17408K)->0K(17408K) From: 30848K(94720K)->17568K(95744K)
[9.890s][info][gc,heap        ] GC(135) ParOldGen: 1524476K(1567744K)->1555588K(1567744K)
[9.890s][info][gc,metaspace   ] GC(135) Metaspace: 6298K(6464K)->6298K(6464K) NonClass: 5765K(5824K)->5765K(5824K) Class: 533K(640K)->533K(640K)
[9.890s][info][gc             ] GC(135) Pause Young (Allocation Failure) 1535M->1536M(1641M) 29.990ms
[9.890s][info][gc,cpu         ] GC(135) User=0.14s Sys=0.00s Real=0.03s
[9.890s][info][gc,start       ] GC(136) Pause Full (Ergonomics)
[9.890s][info][gc,phases,start] GC(136) Marking Phase
[10.241s][info][gc,phases      ] GC(136) Marking Phase 350.474ms
[10.241s][info][gc,phases,start] GC(136) Summary Phase
[10.241s][info][gc,phases      ] GC(136) Summary Phase 0.029ms
[10.241s][info][gc,phases,start] GC(136) Adjust Roots
[10.241s][info][gc,phases      ] GC(136) Adjust Roots 0.195ms
[10.241s][info][gc,phases,start] GC(136) Compaction Phase
[10.404s][info][gc,phases      ] GC(136) Compaction Phase 162.660ms
[10.404s][info][gc,phases,start] GC(136) Post Compact
[10.407s][info][gc,phases      ] GC(136) Post Compact 2.784ms
[10.407s][info][gc,heap        ] GC(136) PSYoungGen: 17568K(113152K)->4092K(113152K) Eden: 0K(17408K)->0K(17408K) From: 17568K(95744K)->4092K(95744K)
[10.407s][info][gc,heap        ] GC(136) ParOldGen: 1555588K(1567744K)->1567269K(1713152K)
[10.407s][info][gc,metaspace   ] GC(136) Metaspace: 6298K(6464K)->6298K(6464K) NonClass: 5765K(5824K)->5765K(5824K) Class: 533K(640K)->533K(640K)
[10.407s][info][gc             ] GC(136) Pause Full (Ergonomics) 1536M->1534M(1783M) 517.082ms
[10.407s][info][gc,cpu         ] GC(136) User=3.55s Sys=0.00s Real=0.52s
[10.427s][info][gc,start       ] GC(137) Pause Young (Allocation Failure)
[10.504s][info][gc,heap        ] GC(137) PSYoungGen: 21500K(113152K)->17568K(115712K) Eden: 17408K(17408K)->0K(19456K) From: 4092K(95744K)->17568K(96256K)
[10.504s][info][gc,heap        ] GC(137) ParOldGen: 1567269K(1713152K)->1571437K(1713152K)
[10.504s][info][gc,metaspace   ] GC(137) Metaspace: 6298K(6464K)->6298K(6464K) NonClass: 5765K(5824K)->5765K(5824K) Class: 533K(640K)->533K(640K)
[10.504s][info][gc             ] GC(137) Pause Young (Allocation Failure) 1551M->1551M(1786M) 77.320ms
[10.504s][info][gc,cpu         ] GC(137) User=0.41s Sys=0.00s Real=0.08s
[10.524s][info][gc,start       ] GC(138) Pause Young (Allocation Failure)
[10.552s][info][gc,heap        ] GC(138) PSYoungGen: 37024K(115712K)->19584K(116224K) Eden: 19456K(19456K)->0K(19456K) From: 17568K(96256K)->19584K(96768K)
[10.552s][info][gc,heap        ] GC(138) ParOldGen: 1571437K(1713152K)->1589085K(1713152K)
[10.552s][info][gc,metaspace   ] GC(138) Metaspace: 6298K(6464K)->6298K(6464K) NonClass: 5765K(5824K)->5765K(5824K) Class: 533K(640K)->533K(640K)
[10.552s][info][gc             ] GC(138) Pause Young (Allocation Failure) 1570M->1570M(1786M) 28.095ms
[10.552s][info][gc,cpu         ] GC(138) User=0.03s Sys=0.00s Real=0.03s
[10.571s][info][gc,start       ] GC(139) Pause Young (Allocation Failure)
[10.600s][info][gc,heap        ] GC(139) PSYoungGen: 39040K(116224K)->19552K(114176K) Eden: 19456K(19456K)->0K(22016K) From: 19584K(96768K)->19552K(92160K)
[10.600s][info][gc,heap        ] GC(139) ParOldGen: 1589085K(1713152K)->1608821K(1713152K)
[10.600s][info][gc,metaspace   ] GC(139) Metaspace: 6298K(6464K)->6298K(6464K) NonClass: 5765K(5824K)->5765K(5824K) Class: 533K(640K)->533K(640K)
[10.600s][info][gc             ] GC(139) Pause Young (Allocation Failure) 1589M->1590M(1784M) 29.004ms
[10.600s][info][gc,cpu         ] GC(139) User=0.05s Sys=0.00s Real=0.03s
[10.623s][info][gc,start       ] GC(140) Pause Young (Allocation Failure)
[10.652s][info][gc,heap        ] GC(140) PSYoungGen: 41568K(114176K)->22144K(115712K) Eden: 22016K(22016K)->0K(22016K) From: 19552K(92160K)->22144K(93696K)
[10.652s][info][gc,heap        ] GC(140) ParOldGen: 1608821K(1713152K)->1628533K(1713152K)
[10.652s][info][gc,metaspace   ] GC(140) Metaspace: 6298K(6464K)->6298K(6464K) NonClass: 5765K(5824K)->5765K(5824K) Class: 533K(640K)->533K(640K)
[10.652s][info][gc             ] GC(140) Pause Young (Allocation Failure) 1611M->1611M(1786M) 28.333ms
[10.652s][info][gc,cpu         ] GC(140) User=0.03s Sys=0.00s Real=0.03s
[10.673s][info][gc,start       ] GC(141) Pause Young (Allocation Failure)
[10.704s][info][gc,heap        ] GC(141) PSYoungGen: 44160K(115712K)->22144K(109568K) Eden: 22016K(22016K)->0K(24576K) From: 22144K(93696K)->22144K(84992K)
[10.704s][info][gc,heap        ] GC(141) ParOldGen: 1628533K(1713152K)->1650837K(1713152K)
[10.704s][info][gc,metaspace   ] GC(141) Metaspace: 6298K(6464K)->6298K(6464K) NonClass: 5765K(5824K)->5765K(5824K) Class: 533K(640K)->533K(640K)
[10.704s][info][gc             ] GC(141) Pause Young (Allocation Failure) 1633M->1633M(1780M) 30.978ms
[10.704s][info][gc,cpu         ] GC(141) User=0.03s Sys=0.00s Real=0.03s
[10.731s][info][gc,start       ] GC(142) Pause Young (Allocation Failure)
[10.763s][info][gc,heap        ] GC(142) PSYoungGen: 46720K(109568K)->24704K(112640K) Eden: 24576K(24576K)->0K(24576K) From: 22144K(84992K)->24704K(88064K)
[10.763s][info][gc,heap        ] GC(142) ParOldGen: 1650837K(1713152K)->1673149K(1713152K)
[10.763s][info][gc,metaspace   ] GC(142) Metaspace: 6298K(6464K)->6298K(6464K) NonClass: 5765K(5824K)->5765K(5824K) Class: 533K(640K)->533K(640K)
[10.763s][info][gc             ] GC(142) Pause Young (Allocation Failure) 1657M->1658M(1783M) 31.606ms
[10.763s][info][gc,cpu         ] GC(142) User=0.12s Sys=0.00s Real=0.03s
[10.788s][info][gc,start       ] GC(143) Pause Young (Allocation Failure)
[10.820s][info][gc,heap        ] GC(143) PSYoungGen: 49280K(112640K)->24736K(105472K) Eden: 24576K(24576K)->0K(27648K) From: 24704K(88064K)->24736K(77824K)
[10.820s][info][gc,heap        ] GC(143) ParOldGen: 1673149K(1713152K)->1698053K(1713152K)
[10.820s][info][gc,metaspace   ] GC(143) Metaspace: 6298K(6464K)->6298K(6464K) NonClass: 5765K(5824K)->5765K(5824K) Class: 533K(640K)->533K(640K)
[10.820s][info][gc             ] GC(143) Pause Young (Allocation Failure) 1682M->1682M(1776M) 32.666ms
[10.820s][info][gc,cpu         ] GC(143) User=0.05s Sys=0.00s Real=0.03s
[10.820s][info][gc,start       ] GC(144) Pause Full (Ergonomics)
[10.820s][info][gc,phases,start] GC(144) Marking Phase
[11.197s][info][gc,phases      ] GC(144) Marking Phase 377.119ms
[11.197s][info][gc,phases,start] GC(144) Summary Phase
[11.198s][info][gc,phases      ] GC(144) Summary Phase 0.030ms
[11.198s][info][gc,phases,start] GC(144) Adjust Roots
[11.198s][info][gc,phases      ] GC(144) Adjust Roots 0.159ms
[11.198s][info][gc,phases,start] GC(144) Compaction Phase
[11.362s][info][gc,phases      ] GC(144) Compaction Phase 164.089ms
[11.362s][info][gc,phases,start] GC(144) Post Compact
[11.365s][info][gc,phases      ] GC(144) Post Compact 3.369ms
[11.366s][info][gc,heap        ] GC(144) PSYoungGen: 24736K(105472K)->7682K(109056K) Eden: 0K(27648K)->0K(31232K) From: 24736K(77824K)->7682K(77824K)
[11.366s][info][gc,heap        ] GC(144) ParOldGen: 1698053K(1713152K)->1712946K(1868288K)
[11.366s][info][gc,metaspace   ] GC(144) Metaspace: 6298K(6464K)->6298K(6464K) NonClass: 5765K(5824K)->5765K(5824K) Class: 533K(640K)->533K(640K)
[11.366s][info][gc             ] GC(144) Pause Full (Ergonomics) 1682M->1680M(1931M) 545.832ms
[11.366s][info][gc,cpu         ] GC(144) User=3.78s Sys=0.00s Real=0.55s
[11.399s][info][gc,start       ] GC(145) Pause Young (Allocation Failure)
[11.488s][info][gc,heap        ] GC(145) PSYoungGen: 38914K(109056K)->31360K(62976K) Eden: 31232K(31232K)->0K(31232K) From: 7682K(77824K)->31360K(31744K)
[11.488s][info][gc,heap        ] GC(145) ParOldGen: 1712946K(1868288K)->1720762K(1868288K)
[11.488s][info][gc,metaspace   ] GC(145) Metaspace: 6298K(6464K)->6298K(6464K) NonClass: 5765K(5824K)->5765K(5824K) Class: 533K(640K)->533K(640K)
[11.488s][info][gc             ] GC(145) Pause Young (Allocation Failure) 1710M->1711M(1886M) 88.600ms
[11.488s][info][gc,cpu         ] GC(145) User=0.62s Sys=0.00s Real=0.09s
[11.521s][info][gc,start       ] GC(146) Pause Young (Allocation Failure)
[11.559s][info][gc,heap        ] GC(146) PSYoungGen: 62592K(62976K)->62688K(105472K) Eden: 31232K(31232K)->0K(28160K) From: 31360K(31744K)->62688K(77312K)
[11.559s][info][gc,heap        ] GC(146) ParOldGen: 1720762K(1868288K)->1720762K(1868288K)
[11.559s][info][gc,metaspace   ] GC(146) Metaspace: 6298K(6464K)->6298K(6464K) NonClass: 5765K(5824K)->5765K(5824K) Class: 533K(640K)->533K(640K)
[11.559s][info][gc             ] GC(146) Pause Young (Allocation Failure) 1741M->1741M(1927M) 37.645ms
[11.559s][info][gc,cpu         ] GC(146) User=0.14s Sys=0.00s Real=0.04s
[11.593s][info][gc,start       ] GC(147) Pause Young (Allocation Failure)
[11.638s][info][gc,heap        ] GC(147) PSYoungGen: 90848K(105472K)->83456K(111616K) Eden: 28160K(28160K)->0K(28160K) From: 62688K(77312K)->83456K(83456K)
[11.638s][info][gc,heap        ] GC(147) ParOldGen: 1720762K(1868288K)->1728146K(1868288K)
[11.638s][info][gc,metaspace   ] GC(147) Metaspace: 6298K(6464K)->6298K(6464K) NonClass: 5765K(5824K)->5765K(5824K) Class: 533K(640K)->533K(640K)
[11.638s][info][gc             ] GC(147) Pause Young (Allocation Failure) 1769M->1769M(1933M) 45.507ms
[11.638s][info][gc,cpu         ] GC(147) User=0.28s Sys=0.00s Real=0.05s
[11.668s][info][gc,start       ] GC(148) Pause Young (Allocation Failure)
[11.724s][info][gc,heap        ] GC(148) PSYoungGen: 111616K(111616K)->52672K(126464K) Eden: 28160K(28160K)->0K(31232K) From: 83456K(83456K)->52672K(95232K)
[11.724s][info][gc,heap        ] GC(148) ParOldGen: 1728146K(1868288K)->1787946K(1868288K)
[11.724s][info][gc,metaspace   ] GC(148) Metaspace: 6298K(6464K)->6298K(6464K) NonClass: 5765K(5824K)->5765K(5824K) Class: 533K(640K)->533K(640K)
[11.724s][info][gc             ] GC(148) Pause Young (Allocation Failure) 1796M->1797M(1948M) 56.128ms
[11.724s][info][gc,cpu         ] GC(148) User=0.34s Sys=0.05s Real=0.06s
[11.757s][info][gc,start       ] GC(149) Pause Young (Allocation Failure)
[11.802s][info][gc,heap        ] GC(149) PSYoungGen: 83904K(126464K)->59648K(128512K) Eden: 31232K(31232K)->0K(31232K) From: 52672K(95232K)->59648K(97280K)
[11.802s][info][gc,heap        ] GC(149) ParOldGen: 1787946K(1868288K)->1812610K(1868288K)
[11.802s][info][gc,metaspace   ] GC(149) Metaspace: 6298K(6464K)->6298K(6464K) NonClass: 5765K(5824K)->5765K(5824K) Class: 533K(640K)->533K(640K)
[11.802s][info][gc             ] GC(149) Pause Young (Allocation Failure) 1827M->1828M(1950M) 44.499ms
[11.802s][info][gc,cpu         ] GC(149) User=0.25s Sys=0.00s Real=0.04s
[11.837s][info][gc,start       ] GC(150) Pause Young (Allocation Failure)
[11.884s][info][gc,heap        ] GC(150) PSYoungGen: 90880K(128512K)->62688K(132608K) Eden: 31232K(31232K)->0K(34304K) From: 59648K(97280K)->62688K(98304K)
[11.884s][info][gc,heap        ] GC(150) ParOldGen: 1812610K(1868288K)->1841146K(1868288K)
[11.884s][info][gc,metaspace   ] GC(150) Metaspace: 6298K(6464K)->6298K(6464K) NonClass: 5765K(5824K)->5765K(5824K) Class: 533K(640K)->533K(640K)
[11.884s][info][gc             ] GC(150) Pause Young (Allocation Failure) 1858M->1859M(1954M) 47.082ms
[11.884s][info][gc,cpu         ] GC(150) User=0.27s Sys=0.00s Real=0.05s
[11.884s][info][gc,start       ] GC(151) Pause Full (Ergonomics)
[11.884s][info][gc,phases,start] GC(151) Marking Phase
[12.309s][info][gc,phases      ] GC(151) Marking Phase 425.215ms
[12.310s][info][gc,phases,start] GC(151) Summary Phase
[12.310s][info][gc,phases      ] GC(151) Summary Phase 0.031ms
[12.310s][info][gc,phases,start] GC(151) Adjust Roots
[12.310s][info][gc,phases      ] GC(151) Adjust Roots 0.170ms
[12.310s][info][gc,phases,start] GC(151) Compaction Phase
[12.485s][info][gc,phases      ] GC(151) Compaction Phase 175.317ms
[12.485s][info][gc,phases,start] GC(151) Post Compact
[12.489s][info][gc,phases      ] GC(151) Post Compact 3.616ms
[12.489s][info][gc,heap        ] GC(151) PSYoungGen: 62688K(132608K)->33779K(132608K) Eden: 0K(34304K)->0K(34304K) From: 62688K(98304K)->33779K(98304K)
[12.490s][info][gc,heap        ] GC(151) ParOldGen: 1841146K(1868288K)->1867908K(2048512K)
[12.490s][info][gc,metaspace   ] GC(151) Metaspace: 6298K(6464K)->6298K(6464K) NonClass: 5765K(5824K)->5765K(5824K) Class: 533K(640K)->533K(640K)
[12.490s][info][gc             ] GC(151) Pause Full (Ergonomics) 1859M->1857M(2130M) 605.322ms
[12.490s][info][gc,cpu         ] GC(151) User=4.42s Sys=0.02s Real=0.61s
[12.527s][info][gc,start       ] GC(152) Pause Young (Allocation Failure)
[12.637s][info][gc,heap        ] GC(152) PSYoungGen: 68083K(132608K)->50496K(133632K) Eden: 34304K(34304K)->0K(34304K) From: 33779K(98304K)->50496K(99328K)
[12.637s][info][gc,heap        ] GC(152) ParOldGen: 1867908K(2048512K)->1885932K(2048512K)
[12.637s][info][gc,metaspace   ] GC(152) Metaspace: 6298K(6464K)->6298K(6464K) NonClass: 5765K(5824K)->5765K(5824K) Class: 533K(640K)->533K(640K)
[12.638s][info][gc             ] GC(152) Pause Young (Allocation Failure) 1890M->1891M(2131M) 110.438ms
[12.638s][info][gc,cpu         ] GC(152) User=0.73s Sys=0.00s Real=0.11s
[12.679s][info][gc,start       ] GC(153) Pause Young (Allocation Failure)
[12.724s][info][gc,heap        ] GC(153) PSYoungGen: 84800K(133632K)->84832K(124416K) Eden: 34304K(34304K)->0K(28672K) From: 50496K(99328K)->84832K(95744K)
[12.725s][info][gc,heap        ] GC(153) ParOldGen: 1885932K(2048512K)->1885932K(2048512K)
[12.725s][info][gc,metaspace   ] GC(153) Metaspace: 6298K(6464K)->6298K(6464K) NonClass: 5765K(5824K)->5765K(5824K) Class: 533K(640K)->533K(640K)
[12.725s][info][gc             ] GC(153) Pause Young (Allocation Failure) 1924M->1924M(2122M) 46.025ms
[12.725s][info][gc,cpu         ] GC(153) User=0.27s Sys=0.00s Real=0.05s
[12.758s][info][gc,start       ] GC(154) Pause Young (Allocation Failure)
[12.814s][info][gc,heap        ] GC(154) PSYoungGen: 113504K(124416K)->104960K(133632K) Eden: 28672K(28672K)->0K(28672K) From: 84832K(95744K)->104960K(104960K)
[12.814s][info][gc,heap        ] GC(154) ParOldGen: 1885932K(2048512K)->1894532K(2048512K)
[12.814s][info][gc,metaspace   ] GC(154) Metaspace: 6298K(6464K)->6298K(6464K) NonClass: 5765K(5824K)->5765K(5824K) Class: 533K(640K)->533K(640K)
[12.814s][info][gc             ] GC(154) Pause Young (Allocation Failure) 1952M->1952M(2131M) 56.326ms
[12.814s][info][gc,cpu         ] GC(154) User=0.38s Sys=0.00s Real=0.06s
[12.851s][info][gc,start       ] GC(155) Pause Young (Allocation Failure)
[12.921s][info][gc,heap        ] GC(155) PSYoungGen: 133632K(133632K)->87872K(150016K) Eden: 28672K(28672K)->0K(27136K) From: 104960K(104960K)->87872K(122880K)
[12.922s][info][gc,heap        ] GC(155) ParOldGen: 1894532K(2048512K)->1941036K(2048512K)
[12.922s][info][gc,metaspace   ] GC(155) Metaspace: 6298K(6464K)->6298K(6464K) NonClass: 5765K(5824K)->5765K(5824K) Class: 533K(640K)->533K(640K)
[12.922s][info][gc             ] GC(155) Pause Young (Allocation Failure) 1980M->1981M(2147M) 70.152ms
[12.922s][info][gc,cpu         ] GC(155) User=0.39s Sys=0.11s Real=0.07s
[12.951s][info][gc,start       ] GC(156) Pause Young (Allocation Failure)
[13.011s][info][gc,heap        ] GC(156) PSYoungGen: 115008K(150016K)->82624K(155136K) Eden: 27136K(27136K)->0K(27136K) From: 87872K(122880K)->82624K(128000K)
[13.011s][info][gc,heap        ] GC(156) ParOldGen: 1941036K(2048512K)->1973860K(2048512K)
[13.011s][info][gc,metaspace   ] GC(156) Metaspace: 6298K(6464K)->6298K(6464K) NonClass: 5765K(5824K)->5765K(5824K) Class: 533K(640K)->533K(640K)
[13.011s][info][gc             ] GC(156) Pause Young (Allocation Failure) 2007M->2008M(2152M) 59.565ms
[13.011s][info][gc,cpu         ] GC(156) User=0.36s Sys=0.03s Real=0.06s
[13.039s][info][gc,start       ] GC(157) Pause Young (Allocation Failure)
[13.096s][info][gc,heap        ] GC(157) PSYoungGen: 109760K(155136K)->83168K(159232K) Eden: 27136K(27136K)->0K(29696K) From: 82624K(128000K)->83168K(129536K)
[13.096s][info][gc,heap        ] GC(157) ParOldGen: 1973860K(2048512K)->2000780K(2048512K)
[13.096s][info][gc,metaspace   ] GC(157) Metaspace: 6298K(6464K)->6298K(6464K) NonClass: 5765K(5824K)->5765K(5824K) Class: 533K(640K)->533K(640K)
[13.096s][info][gc             ] GC(157) Pause Young (Allocation Failure) 2034M->2035M(2156M) 57.058ms
[13.096s][info][gc,cpu         ] GC(157) User=0.38s Sys=0.00s Real=0.06s
[13.097s][info][gc,start       ] GC(158) Pause Full (Ergonomics)
[13.097s][info][gc,phases,start] GC(158) Marking Phase
[13.568s][info][gc,phases      ] GC(158) Marking Phase 471.678ms
[13.568s][info][gc,phases,start] GC(158) Summary Phase
[13.568s][info][gc,phases      ] GC(158) Summary Phase 0.044ms
[13.568s][info][gc,phases,start] GC(158) Adjust Roots
[13.569s][info][gc,phases      ] GC(158) Adjust Roots 0.200ms
[13.569s][info][gc,phases,start] GC(158) Compaction Phase
[13.775s][info][gc,phases      ] GC(158) Compaction Phase 206.622ms
[13.775s][info][gc,phases,start] GC(158) Post Compact
[13.779s][info][gc,phases      ] GC(158) Post Compact 3.990ms
[13.780s][info][gc,heap        ] GC(158) PSYoungGen: 83168K(159232K)->33289K(159232K) Eden: 0K(29696K)->0K(29696K) From: 83168K(129536K)->33289K(129536K)
[13.780s][info][gc,heap        ] GC(158) ParOldGen: 2000780K(2048512K)->2048437K(2246656K)
[13.780s][info][gc,metaspace   ] GC(158) Metaspace: 6298K(6464K)->6298K(6464K) NonClass: 5765K(5824K)->5765K(5824K) Class: 533K(640K)->533K(640K)
[13.780s][info][gc             ] GC(158) Pause Full (Ergonomics) 2035M->2032M(2349M) 683.741ms
[13.780s][info][gc,cpu         ] GC(158) User=4.94s Sys=0.00s Real=0.68s
[13.811s][info][gc,start       ] GC(159) Pause Young (Allocation Failure)
[13.932s][info][gc,heap        ] GC(159) PSYoungGen: 62985K(159232K)->41344K(160256K) Eden: 29696K(29696K)->0K(29696K) From: 33289K(129536K)->41344K(130560K)
[13.932s][info][gc,heap        ] GC(159) ParOldGen: 2048437K(2246656K)->2070565K(2246656K)
[13.932s][info][gc,metaspace   ] GC(159) Metaspace: 6298K(6464K)->6298K(6464K) NonClass: 5765K(5824K)->5765K(5824K) Class: 533K(640K)->533K(640K)
[13.932s][info][gc             ] GC(159) Pause Young (Allocation Failure) 2061M->2062M(2350M) 120.800ms
[13.932s][info][gc,cpu         ] GC(159) User=0.78s Sys=0.00s Real=0.12s
[13.964s][info][gc,start       ] GC(160) Pause Young (Allocation Failure)
[14.005s][info][gc,heap        ] GC(160) PSYoungGen: 71040K(160256K)->71040K(154624K) Eden: 29696K(29696K)->0K(33280K) From: 41344K(130560K)->71040K(121344K)
[14.005s][info][gc,heap        ] GC(160) ParOldGen: 2070565K(2246656K)->2070565K(2246656K)
[14.005s][info][gc,metaspace   ] GC(160) Metaspace: 6298K(6464K)->6298K(6464K) NonClass: 5765K(5824K)->5765K(5824K) Class: 533K(640K)->533K(640K)
[14.005s][info][gc             ] GC(160) Pause Young (Allocation Failure) 2091M->2091M(2345M) 40.515ms
[14.005s][info][gc,cpu         ] GC(160) User=0.19s Sys=0.00s Real=0.04s
[14.039s][info][gc,start       ] GC(161) Pause Young (Allocation Failure)
[14.093s][info][gc,heap        ] GC(161) PSYoungGen: 104320K(154624K)->92832K(157696K) Eden: 33280K(33280K)->0K(33280K) From: 71040K(121344K)->92832K(124416K)
[14.093s][info][gc,heap        ] GC(161) ParOldGen: 2070565K(2246656K)->2082173K(2246656K)
[14.093s][info][gc,metaspace   ] GC(161) Metaspace: 6298K(6464K)->6298K(6464K) NonClass: 5765K(5824K)->5765K(5824K) Class: 533K(640K)->533K(640K)
[14.093s][info][gc             ] GC(161) Pause Young (Allocation Failure) 2123M->2124M(2348M) 54.030ms
[14.093s][info][gc,cpu         ] GC(161) User=0.31s Sys=0.06s Real=0.05s
[14.134s][info][gc,start       ] GC(162) Pause Young (Allocation Failure)
[14.199s][info][gc,heap        ] GC(162) PSYoungGen: 126112K(157696K)->96544K(161280K) Eden: 33280K(33280K)->0K(31744K) From: 92832K(124416K)->96544K(129536K)
[14.199s][info][gc,heap        ] GC(162) ParOldGen: 2082173K(2246656K)->2112285K(2246656K)
[14.199s][info][gc,metaspace   ] GC(162) Metaspace: 6298K(6464K)->6298K(6464K) NonClass: 5765K(5824K)->5765K(5824K) Class: 533K(640K)->533K(640K)
[14.199s][info][gc             ] GC(162) Pause Young (Allocation Failure) 2156M->2157M(2351M) 65.293ms
[14.199s][info][gc,cpu         ] GC(162) User=0.39s Sys=0.00s Real=0.07s
[14.240s][info][gc,start       ] GC(163) Pause Young (Allocation Failure)
[14.305s][info][gc,heap        ] GC(163) PSYoungGen: 128288K(161280K)->98592K(166400K) Eden: 31744K(31744K)->0K(31744K) From: 96544K(129536K)->98592K(134656K)
[14.305s][info][gc,heap        ] GC(163) ParOldGen: 2112285K(2246656K)->2142389K(2246656K)
[14.305s][info][gc,metaspace   ] GC(163) Metaspace: 6298K(6464K)->6298K(6464K) NonClass: 5765K(5824K)->5765K(5824K) Class: 533K(640K)->533K(640K)
[14.305s][info][gc             ] GC(163) Pause Young (Allocation Failure) 2188M->2188M(2356M) 64.932ms
[14.305s][info][gc,cpu         ] GC(163) User=0.38s Sys=0.00s Real=0.06s
[14.343s][info][gc,start       ] GC(164) Pause Young (Allocation Failure)
[14.410s][info][gc,heap        ] GC(164) PSYoungGen: 130336K(166400K)->96992K(172032K) Eden: 31744K(31744K)->0K(33280K) From: 98592K(134656K)->96992K(138752K)
[14.410s][info][gc,heap        ] GC(164) ParOldGen: 2142389K(2246656K)->2176125K(2246656K)
[14.410s][info][gc,metaspace   ] GC(164) Metaspace: 6298K(6464K)->6298K(6464K) NonClass: 5765K(5824K)->5765K(5824K) Class: 533K(640K)->533K(640K)
[14.410s][info][gc             ] GC(164) Pause Young (Allocation Failure) 2219M->2219M(2362M) 66.310ms
[14.410s][info][gc,cpu         ] GC(164) User=0.39s Sys=0.02s Real=0.07s
[14.448s][info][gc,start       ] GC(165) Pause Young (Allocation Failure)
[14.514s][info][gc,heap        ] GC(165) PSYoungGen: 130272K(172032K)->96992K(174592K) Eden: 33280K(33280K)->0K(33280K) From: 96992K(138752K)->96992K(141312K)
[14.514s][info][gc,heap        ] GC(165) ParOldGen: 2176125K(2246656K)->2209845K(2246656K)
[14.514s][info][gc,metaspace   ] GC(165) Metaspace: 6298K(6464K)->6298K(6464K) NonClass: 5765K(5824K)->5765K(5824K) Class: 533K(640K)->533K(640K)
[14.514s][info][gc             ] GC(165) Pause Young (Allocation Failure) 2252M->2252M(2364M) 65.708ms
[14.514s][info][gc,cpu         ] GC(165) User=0.39s Sys=0.00s Real=0.07s
[14.514s][info][gc,start       ] GC(166) Pause Full (Ergonomics)
[14.514s][info][gc,phases,start] GC(166) Marking Phase
[15.020s][info][gc,phases      ] GC(166) Marking Phase 506.070ms
[15.020s][info][gc,phases,start] GC(166) Summary Phase
[15.020s][info][gc,phases      ] GC(166) Summary Phase 0.036ms
[15.020s][info][gc,phases,start] GC(166) Adjust Roots
[15.021s][info][gc,phases      ] GC(166) Adjust Roots 0.181ms
[15.021s][info][gc,phases,start] GC(166) Compaction Phase
[15.220s][info][gc,phases      ] GC(166) Compaction Phase 199.434ms
[15.220s][info][gc,phases,start] GC(166) Post Compact
[15.225s][info][gc,phases      ] GC(166) Post Compact 4.635ms
[15.226s][info][gc,heap        ] GC(166) PSYoungGen: 96992K(174592K)->57846K(174592K) Eden: 0K(33280K)->0K(33280K) From: 96992K(141312K)->57846K(141312K)
[15.226s][info][gc,heap        ] GC(166) ParOldGen: 2209845K(2246656K)->2246374K(2459136K)
[15.226s][info][gc,metaspace   ] GC(166) Metaspace: 6298K(6464K)->6298K(6464K) NonClass: 5765K(5824K)->5765K(5824K) Class: 533K(640K)->533K(640K)
[15.226s][info][gc             ] GC(166) Pause Full (Ergonomics) 2252M->2250M(2572M) 711.552ms
[15.226s][info][gc,cpu         ] GC(166) User=5.31s Sys=0.05s Real=0.71s
[15.265s][info][gc,start       ] GC(167) Pause Young (Allocation Failure)
[15.409s][info][gc,heap        ] GC(167) PSYoungGen: 91126K(174592K)->55456K(173568K) Eden: 33280K(33280K)->0K(36864K) From: 57846K(141312K)->55456K(136704K)
[15.409s][info][gc,heap        ] GC(167) ParOldGen: 2246374K(2459136K)->2282742K(2459136K)
[15.409s][info][gc,metaspace   ] GC(167) Metaspace: 6298K(6464K)->6298K(6464K) NonClass: 5765K(5824K)->5765K(5824K) Class: 533K(640K)->533K(640K)
[15.409s][info][gc             ] GC(167) Pause Young (Allocation Failure) 2282M->2283M(2571M) 143.270ms
[15.409s][info][gc,cpu         ] GC(167) User=0.88s Sys=0.03s Real=0.14s
[15.455s][info][gc,start       ] GC(168) Pause Young (Allocation Failure)
[15.506s][info][gc,heap        ] GC(168) PSYoungGen: 92320K(173568K)->70336K(107520K) Eden: 36864K(36864K)->0K(36864K) From: 55456K(136704K)->70336K(70656K)
[15.506s][info][gc,heap        ] GC(168) ParOldGen: 2282742K(2459136K)->2304910K(2459136K)
[15.506s][info][gc,metaspace   ] GC(168) Metaspace: 6298K(6464K)->6298K(6464K) NonClass: 5765K(5824K)->5765K(5824K) Class: 533K(640K)->533K(640K)
[15.506s][info][gc             ] GC(168) Pause Young (Allocation Failure) 2319M->2319M(2506M) 51.798ms
[15.506s][info][gc,cpu         ] GC(168) User=0.30s Sys=0.00s Real=0.05s
[15.548s][info][gc,start       ] GC(169) Pause Young (Allocation Failure)
[15.608s][info][gc,heap        ] GC(169) PSYoungGen: 107200K(107520K)->73952K(163840K) Eden: 36864K(36864K)->0K(40960K) From: 70336K(70656K)->73952K(122880K)
[15.608s][info][gc,heap        ] GC(169) ParOldGen: 2304910K(2459136K)->2338494K(2459136K)
[15.608s][info][gc,metaspace   ] GC(169) Metaspace: 6298K(6464K)->6298K(6464K) NonClass: 5765K(5824K)->5765K(5824K) Class: 533K(640K)->533K(640K)
[15.608s][info][gc             ] GC(169) Pause Young (Allocation Failure) 2355M->2355M(2561M) 60.215ms
[15.608s][info][gc,cpu         ] GC(169) User=0.36s Sys=0.02s Real=0.06s
[15.658s][info][gc,start       ] GC(170) Pause Young (Allocation Failure)
[15.720s][info][gc,heap        ] GC(170) PSYoungGen: 114912K(163840K)->78048K(169472K) Eden: 40960K(40960K)->0K(40960K) From: 73952K(122880K)->78048K(128512K)
[15.720s][info][gc,heap        ] GC(170) ParOldGen: 2338494K(2459136K)->2375686K(2459136K)
[15.720s][info][gc,metaspace   ] GC(170) Metaspace: 6298K(6464K)->6298K(6464K) NonClass: 5765K(5824K)->5765K(5824K) Class: 533K(640K)->533K(640K)
[15.720s][info][gc             ] GC(170) Pause Young (Allocation Failure) 2395M->2396M(2567M) 62.495ms
[15.720s][info][gc,cpu         ] GC(170) User=0.34s Sys=0.05s Real=0.06s
[15.771s][info][gc,start       ] GC(171) Pause Young (Allocation Failure)
[15.835s][info][gc,heap        ] GC(171) PSYoungGen: 119008K(169472K)->82176K(165888K) Eden: 40960K(40960K)->0K(45568K) From: 78048K(128512K)->82176K(120320K)
[15.835s][info][gc,heap        ] GC(171) ParOldGen: 2375686K(2459136K)->2412886K(2459136K)
[15.835s][info][gc,metaspace   ] GC(171) Metaspace: 6298K(6464K)->6298K(6464K) NonClass: 5765K(5824K)->5765K(5824K) Class: 533K(640K)->533K(640K)
[15.835s][info][gc             ] GC(171) Pause Young (Allocation Failure) 2436M->2436M(2563M) 63.637ms
[15.835s][info][gc,cpu         ] GC(171) User=0.34s Sys=0.03s Real=0.06s
[15.835s][info][gc,start       ] GC(172) Pause Full (Ergonomics)
[15.835s][info][gc,phases,start] GC(172) Marking Phase
[16.401s][info][gc,phases      ] GC(172) Marking Phase 566.591ms
[16.401s][info][gc,phases,start] GC(172) Summary Phase
[16.402s][info][gc,phases      ] GC(172) Summary Phase 0.035ms
[16.402s][info][gc,phases,start] GC(172) Adjust Roots
[16.402s][info][gc,phases      ] GC(172) Adjust Roots 0.160ms
[16.402s][info][gc,phases,start] GC(172) Compaction Phase
[16.625s][info][gc,phases      ] GC(172) Compaction Phase 223.596ms
[16.625s][info][gc,phases,start] GC(172) Post Compact
[16.630s][info][gc,phases      ] GC(172) Post Compact 5.003ms
[16.632s][info][gc,heap        ] GC(172) PSYoungGen: 82176K(165888K)->34328K(167936K) Eden: 0K(45568K)->0K(47616K) From: 82176K(120320K)->34328K(120320K)
[16.632s][info][gc,heap        ] GC(172) ParOldGen: 2412886K(2459136K)->2458664K(2692096K)
[16.632s][info][gc,metaspace   ] GC(172) Metaspace: 6298K(6464K)->6298K(6464K) NonClass: 5765K(5824K)->5765K(5824K) Class: 533K(640K)->533K(640K)
[16.632s][info][gc             ] GC(172) Pause Full (Ergonomics) 2436M->2434M(2793M) 796.780ms
[16.632s][info][gc,cpu         ] GC(172) User=5.89s Sys=0.02s Real=0.80s
[16.690s][info][gc,start       ] GC(173) Pause Young (Allocation Failure)
[16.840s][info][gc,heap        ] GC(173) PSYoungGen: 81944K(167936K)->66432K(169984K) Eden: 47616K(47616K)->0K(47616K) From: 34328K(120320K)->66432K(122368K)
[16.840s][info][gc,heap        ] GC(173) ParOldGen: 2458664K(2692096K)->2474592K(2692096K)
[16.840s][info][gc,metaspace   ] GC(173) Metaspace: 6298K(6464K)->6298K(6464K) NonClass: 5765K(5824K)->5765K(5824K) Class: 533K(640K)->533K(640K)
[16.840s][info][gc             ] GC(173) Pause Young (Allocation Failure) 2481M->2481M(2795M) 149.950ms
[16.840s][info][gc,cpu         ] GC(173) User=0.97s Sys=0.03s Real=0.15s
[16.896s][info][gc,start       ] GC(174) Pause Young (Allocation Failure)
[16.959s][info][gc,heap        ] GC(174) PSYoungGen: 114048K(169984K)->114144K(161280K) Eden: 47616K(47616K)->0K(41984K) From: 66432K(122368K)->114144K(119296K)
[16.960s][info][gc,heap        ] GC(174) ParOldGen: 2474592K(2692096K)->2474592K(2692096K)
[16.960s][info][gc,metaspace   ] GC(174) Metaspace: 6298K(6464K)->6298K(6464K) NonClass: 5765K(5824K)->5765K(5824K) Class: 533K(640K)->533K(640K)
[16.960s][info][gc             ] GC(174) Pause Young (Allocation Failure) 2527M->2528M(2786M) 63.385ms
[16.960s][info][gc,cpu         ] GC(174) User=0.38s Sys=0.00s Real=0.06s
[17.014s][info][gc,start       ] GC(175) Pause Young (Allocation Failure)
[17.098s][info][gc,heap        ] GC(175) PSYoungGen: 156128K(161280K)->129536K(171520K) Eden: 41984K(41984K)->0K(41984K) From: 114144K(119296K)->129536K(129536K)
[17.098s][info][gc,heap        ] GC(175) ParOldGen: 2474592K(2692096K)->2501312K(2692096K)
[17.098s][info][gc,metaspace   ] GC(175) Metaspace: 6298K(6464K)->6298K(6464K) NonClass: 5765K(5824K)->5765K(5824K) Class: 533K(640K)->533K(640K)
[17.098s][info][gc             ] GC(175) Pause Young (Allocation Failure) 2569M->2569M(2796M) 83.941ms
[17.098s][info][gc,cpu         ] GC(175) User=0.47s Sys=0.03s Real=0.08s
[17.151s][info][gc,start       ] GC(176) Pause Young (Allocation Failure)
[17.246s][info][gc,heap        ] GC(176) PSYoungGen: 171520K(171520K)->119040K(194048K) Eden: 41984K(41984K)->0K(40960K) From: 129536K(129536K)->119040K(153088K)
[17.246s][info][gc,heap        ] GC(176) ParOldGen: 2501312K(2692096K)->2554336K(2692096K)
[17.246s][info][gc,metaspace   ] GC(176) Metaspace: 6298K(6464K)->6298K(6464K) NonClass: 5765K(5824K)->5765K(5824K) Class: 533K(640K)->533K(640K)
[17.246s][info][gc             ] GC(176) Pause Young (Allocation Failure) 2610M->2610M(2818M) 94.920ms
[17.246s][info][gc,cpu         ] GC(176) User=0.53s Sys=0.08s Real=0.10s
[17.300s][info][gc,start       ] GC(177) Pause Young (Allocation Failure)
[17.390s][info][gc,heap        ] GC(177) PSYoungGen: 160000K(194048K)->119168K(199680K) Eden: 40960K(40960K)->0K(40960K) From: 119040K(153088K)->119168K(158720K)
[17.390s][info][gc,heap        ] GC(177) ParOldGen: 2554336K(2692096K)->2595504K(2692096K)
[17.390s][info][gc,metaspace   ] GC(177) Metaspace: 6298K(6464K)->6298K(6464K) NonClass: 5765K(5824K)->5765K(5824K) Class: 533K(640K)->533K(640K)
[17.390s][info][gc             ] GC(177) Pause Young (Allocation Failure) 2650M->2651M(2824M) 89.558ms
[17.390s][info][gc,cpu         ] GC(177) User=0.61s Sys=0.03s Real=0.09s
[17.436s][info][gc,start       ] GC(178) Pause Young (Allocation Failure)
[17.525s][info][gc,heap        ] GC(178) PSYoungGen: 160128K(199680K)->124192K(203776K) Eden: 40960K(40960K)->0K(40960K) From: 119168K(158720K)->124192K(162816K)
[17.525s][info][gc,heap        ] GC(178) ParOldGen: 2595504K(2692096K)->2631832K(2692096K)
[17.525s][info][gc,metaspace   ] GC(178) Metaspace: 6298K(6464K)->6298K(6464K) NonClass: 5765K(5824K)->5765K(5824K) Class: 533K(640K)->533K(640K)
[17.525s][info][gc             ] GC(178) Pause Young (Allocation Failure) 2691M->2691M(2828M) 89.535ms
[17.525s][info][gc,cpu         ] GC(178) User=0.62s Sys=0.02s Real=0.09s
[17.573s][info][gc,start       ] GC(179) Pause Young (Allocation Failure)
[17.671s][info][gc,heap        ] GC(179) PSYoungGen: 165152K(203776K)->123200K(208384K) Eden: 40960K(40960K)->0K(40960K) From: 124192K(162816K)->123200K(167424K)
[17.671s][info][gc,heap        ] GC(179) ParOldGen: 2631832K(2692096K)->2674200K(2692096K)
[17.671s][info][gc,metaspace   ] GC(179) Metaspace: 6298K(6464K)->6298K(6464K) NonClass: 5765K(5824K)->5765K(5824K) Class: 533K(640K)->533K(640K)
[17.671s][info][gc             ] GC(179) Pause Young (Allocation Failure) 2731M->2731M(2832M) 97.999ms
[17.671s][info][gc,cpu         ] GC(179) User=0.59s Sys=0.02s Real=0.10s
[17.671s][info][gc,start       ] GC(180) Pause Full (Ergonomics)
[17.671s][info][gc,phases,start] GC(180) Marking Phase
[18.302s][info][gc,phases      ] GC(180) Marking Phase 630.928ms
[18.302s][info][gc,phases,start] GC(180) Summary Phase
[18.302s][info][gc,phases      ] GC(180) Summary Phase 0.041ms
[18.302s][info][gc,phases,start] GC(180) Adjust Roots
[18.302s][info][gc,phases      ] GC(180) Adjust Roots 0.164ms
[18.302s][info][gc,phases,start] GC(180) Compaction Phase
[18.538s][info][gc,phases      ] GC(180) Compaction Phase 235.776ms
[18.538s][info][gc,phases,start] GC(180) Post Compact
[18.544s][info][gc,phases      ] GC(180) Post Compact 5.709ms
[18.545s][info][gc,heap        ] GC(180) PSYoungGen: 123200K(208384K)->102847K(208384K) Eden: 0K(40960K)->0K(40960K) From: 123200K(167424K)->102847K(167424K)
[18.545s][info][gc,heap        ] GC(180) ParOldGen: 2674200K(2692096K)->2692005K(2951168K)
[18.545s][info][gc,metaspace   ] GC(180) Metaspace: 6298K(6464K)->6298K(6464K) NonClass: 5765K(5824K)->5765K(5824K) Class: 533K(640K)->533K(640K)
[18.545s][info][gc             ] GC(180) Pause Full (Ergonomics) 2731M->2729M(3085M) 873.925ms
[18.545s][info][gc,cpu         ] GC(180) User=6.70s Sys=0.00s Real=0.87s
[18.599s][info][gc,start       ] GC(181) Pause Young (Allocation Failure)
[18.790s][info][gc,heap        ] GC(181) PSYoungGen: 143807K(208384K)->76064K(207360K) Eden: 40960K(40960K)->0K(45056K) From: 102847K(167424K)->76064K(162304K)
[18.790s][info][gc,heap        ] GC(181) ParOldGen: 2692005K(2951168K)->2760661K(2951168K)
[18.790s][info][gc,metaspace   ] GC(181) Metaspace: 6298K(6464K)->6298K(6464K) NonClass: 5765K(5824K)->5765K(5824K) Class: 533K(640K)->533K(640K)
[18.790s][info][gc             ] GC(181) Pause Young (Allocation Failure) 2769M->2770M(3084M) 190.956ms
[18.790s][info][gc,cpu         ] GC(181) User=1.17s Sys=0.00s Real=0.19s
[19.376s][info][gc,start       ] GC(182) Pause Full (Ergonomics)
[19.376s][info][gc,phases,start] GC(182) Marking Phase
[20.036s][info][gc,phases      ] GC(182) Marking Phase 659.641ms
[20.036s][info][gc,phases,start] GC(182) Summary Phase
[20.036s][info][gc,phases      ] GC(182) Summary Phase 0.089ms
[20.036s][info][gc,phases,start] GC(182) Adjust Roots
[20.036s][info][gc,phases      ] GC(182) Adjust Roots 0.232ms
[20.036s][info][gc,phases,start] GC(182) Compaction Phase
[20.490s][info][gc,phases      ] GC(182) Compaction Phase 453.575ms
[20.490s][info][gc,phases,start] GC(182) Post Compact
[20.496s][info][gc,phases      ] GC(182) Post Compact 6.192ms
[20.497s][info][gc,heap        ] GC(182) PSYoungGen: 121120K(207360K)->0K(211968K) Eden: 45056K(45056K)->0K(45056K) From: 76064K(162304K)->0K(166912K)
[20.497s][info][gc,heap        ] GC(182) ParOldGen: 2891733K(2951168K)->2946337K(3238400K)
[20.497s][info][gc,metaspace   ] GC(182) Metaspace: 6298K(6464K)->6298K(6464K) NonClass: 5765K(5824K)->5765K(5824K) Class: 533K(640K)->533K(640K)
[20.497s][info][gc             ] GC(182) Pause Full (Ergonomics) 2942M->2877M(3369M) 1121.106ms
[20.497s][info][gc,cpu         ] GC(182) User=7.91s Sys=0.05s Real=1.12s
[20.546s][info][gc,start       ] GC(183) Pause Young (Allocation Failure)
[20.590s][info][gc,heap        ] GC(183) PSYoungGen: 45056K(211968K)->45216K(215040K) Eden: 45056K(45056K)->0K(48128K) From: 0K(166912K)->45216K(166912K)
[20.590s][info][gc,heap        ] GC(183) ParOldGen: 2946337K(3238400K)->2946337K(3238400K)
[20.590s][info][gc,metaspace   ] GC(183) Metaspace: 6298K(6464K)->6298K(6464K) NonClass: 5765K(5824K)->5765K(5824K) Class: 533K(640K)->533K(640K)
[20.590s][info][gc             ] GC(183) Pause Young (Allocation Failure) 2921M->2921M(3372M) 43.210ms
[20.590s][info][gc,cpu         ] GC(183) User=0.06s Sys=0.00s Real=0.04s
[20.639s][info][gc,start       ] GC(184) Pause Young (Allocation Failure)
[20.695s][info][gc,heap        ] GC(184) PSYoungGen: 93344K(215040K)->93472K(141824K) Eden: 48128K(48128K)->0K(48128K) From: 45216K(166912K)->93472K(93696K)
[20.695s][info][gc,heap        ] GC(184) ParOldGen: 2946337K(3238400K)->2946337K(3238400K)
[20.695s][info][gc,metaspace   ] GC(184) Metaspace: 6298K(6464K)->6298K(6464K) NonClass: 5765K(5824K)->5765K(5824K) Class: 533K(640K)->533K(640K)
[20.695s][info][gc             ] GC(184) Pause Young (Allocation Failure) 2968M->2968M(3301M) 56.523ms
[20.695s][info][gc,cpu         ] GC(184) User=0.19s Sys=0.00s Real=0.06s
[20.745s][info][gc,start       ] GC(185) Pause Young (Allocation Failure)
[20.818s][info][gc,heap        ] GC(185) PSYoungGen: 141600K(141824K)->141696K(202752K) Eden: 48128K(48128K)->0K(40960K) From: 93472K(93696K)->141696K(161792K)
[20.818s][info][gc,heap        ] GC(185) ParOldGen: 2946337K(3238400K)->2946337K(3238400K)
[20.818s][info][gc,metaspace   ] GC(185) Metaspace: 6298K(6464K)->6298K(6464K) NonClass: 5765K(5824K)->5765K(5824K) Class: 533K(640K)->533K(640K)
[20.818s][info][gc             ] GC(185) Pause Young (Allocation Failure) 3015M->3015M(3360M) 73.010ms
[20.818s][info][gc,cpu         ] GC(185) User=0.20s Sys=0.00s Real=0.07s
[20.855s][info][gc,start       ] GC(186) Pause Young (Allocation Failure)
[20.939s][info][gc,heap        ] GC(186) PSYoungGen: 182656K(202752K)->173568K(214528K) Eden: 40960K(40960K)->0K(40960K) From: 141696K(161792K)->173568K(173568K)
[20.939s][info][gc,heap        ] GC(186) ParOldGen: 2946337K(3238400K)->2955417K(3238400K)
[20.939s][info][gc,metaspace   ] GC(186) Metaspace: 6298K(6464K)->6298K(6464K) NonClass: 5765K(5824K)->5765K(5824K) Class: 533K(640K)->533K(640K)
[20.939s][info][gc             ] GC(186) Pause Young (Allocation Failure) 3055M->3055M(3372M) 83.596ms
[20.939s][info][gc,cpu         ] GC(186) User=0.42s Sys=0.00s Real=0.08s
[20.979s][info][gc,start       ] GC(187) Pause Young (Allocation Failure)
[21.077s][info][gc,heap        ] GC(187) PSYoungGen: 214528K(214528K)->169696K(228352K) Eden: 40960K(40960K)->0K(30720K) From: 173568K(173568K)->169696K(197632K)
[21.077s][info][gc,heap        ] GC(187) ParOldGen: 2955417K(3238400K)->3000785K(3238400K)
[21.077s][info][gc,metaspace   ] GC(187) Metaspace: 6298K(6464K)->6298K(6464K) NonClass: 5765K(5824K)->5765K(5824K) Class: 533K(640K)->533K(640K)
[21.077s][info][gc             ] GC(187) Pause Young (Allocation Failure) 3095M->3096M(3385M) 98.324ms
[21.077s][info][gc,cpu         ] GC(187) User=0.50s Sys=0.14s Real=0.10s
[21.111s][info][gc,start       ] GC(188) Pause Young (Allocation Failure)
[21.200s][info][gc,heap        ] GC(188) PSYoungGen: 200416K(228352K)->157408K(243200K) Eden: 30720K(30720K)->0K(30720K) From: 169696K(197632K)->157408K(212480K)
[21.200s][info][gc,heap        ] GC(188) ParOldGen: 3000785K(3238400K)->3044169K(3238400K)
[21.200s][info][gc,metaspace   ] GC(188) Metaspace: 6298K(6464K)->6298K(6464K) NonClass: 5765K(5824K)->5765K(5824K) Class: 533K(640K)->533K(640K)
[21.200s][info][gc             ] GC(188) Pause Young (Allocation Failure) 3126M->3126M(3400M) 89.368ms
[21.200s][info][gc,cpu         ] GC(188) User=0.73s Sys=0.02s Real=0.09s
[21.234s][info][gc,start       ] GC(189) Pause Young (Allocation Failure)
[21.324s][info][gc,heap        ] GC(189) PSYoungGen: 188128K(243200K)->102688K(238592K) Eden: 30720K(30720K)->0K(34816K) From: 157408K(212480K)->102688K(203776K)
[21.324s][info][gc,heap        ] GC(189) ParOldGen: 3044169K(3238400K)->3130265K(3238400K)
[21.324s][info][gc,metaspace   ] GC(189) Metaspace: 6298K(6464K)->6298K(6464K) NonClass: 5765K(5824K)->5765K(5824K) Class: 533K(640K)->533K(640K)
[21.324s][info][gc             ] GC(189) Pause Young (Allocation Failure) 3156M->3157M(3395M) 89.844ms
[21.324s][info][gc,cpu         ] GC(189) User=0.59s Sys=0.05s Real=0.09s
[21.360s][info][gc,start       ] GC(190) Pause Young (Allocation Failure)
[21.432s][info][gc,heap        ] GC(190) PSYoungGen: 137504K(238592K)->65760K(246272K) Eden: 34816K(34816K)->0K(34816K) From: 102688K(203776K)->65760K(211456K)
[21.432s][info][gc,heap        ] GC(190) ParOldGen: 3130265K(3238400K)->3202561K(3238400K)
[21.432s][info][gc,metaspace   ] GC(190) Metaspace: 6298K(6464K)->6298K(6464K) NonClass: 5765K(5824K)->5765K(5824K) Class: 533K(640K)->533K(640K)
[21.432s][info][gc             ] GC(190) Pause Young (Allocation Failure) 3191M->3191M(3403M) 71.866ms
[21.432s][info][gc,cpu         ] GC(190) User=0.36s Sys=0.03s Real=0.07s
[21.432s][info][gc,start       ] GC(191) Pause Full (Ergonomics)
[21.432s][info][gc,phases,start] GC(191) Marking Phase
[22.165s][info][gc,phases      ] GC(191) Marking Phase 733.130ms
[22.165s][info][gc,phases,start] GC(191) Summary Phase
[22.165s][info][gc,phases      ] GC(191) Summary Phase 0.044ms
[22.165s][info][gc,phases,start] GC(191) Adjust Roots
[22.165s][info][gc,phases      ] GC(191) Adjust Roots 0.164ms
[22.165s][info][gc,phases,start] GC(191) Compaction Phase
[22.853s][info][gc,phases      ] GC(191) Compaction Phase 687.389ms
[22.853s][info][gc,phases,start] GC(191) Post Compact
[22.859s][info][gc,phases      ] GC(191) Post Compact 6.265ms
[22.861s][info][gc,heap        ] GC(191) PSYoungGen: 65760K(246272K)->27666K(246272K) Eden: 0K(34816K)->0K(34816K) From: 65760K(211456K)->27666K(211456K)
[22.861s][info][gc,heap        ] GC(191) ParOldGen: 3202561K(3238400K)->3237911K(3577344K)
[22.861s][info][gc,metaspace   ] GC(191) Metaspace: 6298K(6464K)->6298K(6464K) NonClass: 5765K(5824K)->5765K(5824K) Class: 533K(640K)->533K(640K)
[22.861s][info][gc             ] GC(191) Pause Full (Ergonomics) 3191M->3189M(3734M) 1428.965ms
[22.861s][info][gc,cpu         ] GC(191) User=10.00s Sys=0.02s Real=1.43s
[22.900s][info][gc,start       ] GC(192) Pause Young (Allocation Failure)
[23.069s][info][gc,heap        ] GC(192) PSYoungGen: 62482K(246272K)->34976K(246784K) Eden: 34816K(34816K)->0K(36864K) From: 27666K(211456K)->34976K(209920K)
[23.069s][info][gc,heap        ] GC(192) ParOldGen: 3237911K(3577344K)->3265871K(3577344K)
[23.069s][info][gc,metaspace   ] GC(192) Metaspace: 6298K(6464K)->6298K(6464K) NonClass: 5765K(5824K)->5765K(5824K) Class: 533K(640K)->533K(640K)
[23.069s][info][gc             ] GC(192) Pause Young (Allocation Failure) 3223M->3223M(3734M) 168.935ms
[23.069s][info][gc,cpu         ] GC(192) User=1.02s Sys=0.00s Real=0.17s
[23.105s][info][gc,start       ] GC(193) Pause Young (Allocation Failure)
[23.161s][info][gc,heap        ] GC(193) PSYoungGen: 71840K(246784K)->37056K(249344K) Eden: 36864K(36864K)->0K(36864K) From: 34976K(209920K)->37056K(212480K)
[23.161s][info][gc,heap        ] GC(193) ParOldGen: 3265871K(3577344K)->3301015K(3577344K)
[23.161s][info][gc,metaspace   ] GC(193) Metaspace: 6298K(6464K)->6298K(6464K) NonClass: 5765K(5824K)->5765K(5824K) Class: 533K(640K)->533K(640K)
[23.161s][info][gc             ] GC(193) Pause Young (Allocation Failure) 3259M->3259M(3737M) 56.239ms
[23.161s][info][gc,cpu         ] GC(193) User=0.17s Sys=0.00s Real=0.06s
[23.199s][info][gc,start       ] GC(194) Pause Young (Allocation Failure)
[23.259s][info][gc,heap        ] GC(194) PSYoungGen: 73920K(249344K)->37024K(250880K) Eden: 36864K(36864K)->0K(41472K) From: 37056K(212480K)->37024K(209408K)
[23.259s][info][gc,heap        ] GC(194) ParOldGen: 3301015K(3577344K)->3338215K(3577344K)
[23.259s][info][gc,metaspace   ] GC(194) Metaspace: 6298K(6464K)->6298K(6464K) NonClass: 5765K(5824K)->5765K(5824K) Class: 533K(640K)->533K(640K)
[23.259s][info][gc             ] GC(194) Pause Young (Allocation Failure) 3295M->3296M(3738M) 59.270ms
[23.259s][info][gc,cpu         ] GC(194) User=0.16s Sys=0.03s Real=0.06s
[23.304s][info][gc,start       ] GC(195) Pause Young (Allocation Failure)
[23.362s][info][gc,heap        ] GC(195) PSYoungGen: 78496K(250880K)->41632K(252416K) Eden: 41472K(41472K)->0K(41472K) From: 37024K(209408K)->41632K(210944K)
[23.362s][info][gc,heap        ] GC(195) ParOldGen: 3338215K(3577344K)->3375415K(3577344K)
[23.362s][info][gc,metaspace   ] GC(195) Metaspace: 6298K(6464K)->6298K(6464K) NonClass: 5765K(5824K)->5765K(5824K) Class: 533K(640K)->533K(640K)
[23.362s][info][gc             ] GC(195) Pause Young (Allocation Failure) 3336M->3336M(3740M) 57.810ms
[23.362s][info][gc,cpu         ] GC(195) User=0.17s Sys=0.00s Real=0.06s
[23.408s][info][gc,start       ] GC(196) Pause Young (Allocation Failure)
[23.468s][info][gc,heap        ] GC(196) PSYoungGen: 83104K(252416K)->41632K(243712K) Eden: 41472K(41472K)->0K(46592K) From: 41632K(210944K)->41632K(197120K)
[23.468s][info][gc,heap        ] GC(196) ParOldGen: 3375415K(3577344K)->3417263K(3577344K)
[23.468s][info][gc,metaspace   ] GC(196) Metaspace: 6298K(6464K)->6298K(6464K) NonClass: 5765K(5824K)->5765K(5824K) Class: 533K(640K)->533K(640K)
[23.468s][info][gc             ] GC(196) Pause Young (Allocation Failure) 3377M->3377M(3731M) 60.524ms
[23.468s][info][gc,cpu         ] GC(196) User=0.19s Sys=0.03s Real=0.06s
[23.512s][info][gc,start       ] GC(197) Pause Young (Allocation Failure)
[23.569s][info][gc,heap        ] GC(197) PSYoungGen: 88224K(243712K)->46784K(93696K) Eden: 46592K(46592K)->0K(46592K) From: 41632K(197120K)->46784K(47104K)
[23.569s][info][gc,heap        ] GC(197) ParOldGen: 3417263K(3577344K)->3459103K(3577344K)
[23.569s][info][gc,metaspace   ] GC(197) Metaspace: 6298K(6464K)->6298K(6464K) NonClass: 5765K(5824K)->5765K(5824K) Class: 533K(640K)->533K(640K)
[23.569s][info][gc             ] GC(197) Pause Young (Allocation Failure) 3423M->3423M(3585M) 56.479ms
[23.569s][info][gc,cpu         ] GC(197) User=0.16s Sys=0.02s Real=0.06s
[23.616s][info][gc,start       ] GC(198) Pause Young (Allocation Failure)
[23.676s][info][gc,heap        ] GC(198) PSYoungGen: 93376K(93696K)->46752K(235008K) Eden: 46592K(46592K)->0K(52224K) From: 46784K(47104K)->46752K(182784K)
[23.676s][info][gc,heap        ] GC(198) ParOldGen: 3459103K(3577344K)->3506111K(3577344K)
[23.676s][info][gc,metaspace   ] GC(198) Metaspace: 6298K(6464K)->6298K(6464K) NonClass: 5765K(5824K)->5765K(5824K) Class: 533K(640K)->533K(640K)
[23.676s][info][gc             ] GC(198) Pause Young (Allocation Failure) 3469M->3469M(3723M) 60.549ms
[23.676s][info][gc,cpu         ] GC(198) User=0.19s Sys=0.05s Real=0.06s
[23.676s][info][gc,start       ] GC(199) Pause Full (Ergonomics)
[23.676s][info][gc,phases,start] GC(199) Marking Phase
[24.466s][info][gc,phases      ] GC(199) Marking Phase 789.856ms
[24.466s][info][gc,phases,start] GC(199) Summary Phase
[24.466s][info][gc,phases      ] GC(199) Summary Phase 0.066ms
[24.466s][info][gc,phases,start] GC(199) Adjust Roots
[24.467s][info][gc,phases      ] GC(199) Adjust Roots 0.169ms
[24.467s][info][gc,phases,start] GC(199) Compaction Phase
[24.824s][info][gc,phases      ] GC(199) Compaction Phase 357.039ms
[24.824s][info][gc,phases,start] GC(199) Post Compact
[24.830s][info][gc,phases      ] GC(199) Post Compact 6.373ms
[24.831s][info][gc,heap        ] GC(199) PSYoungGen: 46752K(235008K)->0K(241664K) Eden: 0K(52224K)->0K(52224K) From: 46752K(182784K)->0K(189440K)
[24.831s][info][gc,heap        ] GC(199) ParOldGen: 3506111K(3577344K)->3550037K(3894784K)
[24.831s][info][gc,metaspace   ] GC(199) Metaspace: 6298K(6464K)->6298K(6464K) NonClass: 5765K(5824K)->5765K(5824K) Class: 533K(640K)->533K(640K)
[24.831s][info][gc             ] GC(199) Pause Full (Ergonomics) 3469M->3466M(4039M) 1154.946ms
[24.831s][info][gc,cpu         ] GC(199) User=8.39s Sys=0.02s Real=1.15s
[24.888s][info][gc,start       ] GC(200) Pause Young (Allocation Failure)
[24.933s][info][gc,heap        ] GC(200) PSYoungGen: 52224K(241664K)->52416K(230400K) Eden: 52224K(52224K)->0K(57344K) From: 0K(189440K)->52416K(173056K)
[24.933s][info][gc,heap        ] GC(200) ParOldGen: 3550037K(3894784K)->3550037K(3894784K)
[24.933s][info][gc,metaspace   ] GC(200) Metaspace: 6298K(6464K)->6298K(6464K) NonClass: 5765K(5824K)->5765K(5824K) Class: 533K(640K)->533K(640K)
[24.933s][info][gc             ] GC(200) Pause Young (Allocation Failure) 3517M->3518M(4028M) 45.202ms
[24.933s][info][gc,cpu         ] GC(200) User=0.16s Sys=0.00s Real=0.04s
[24.997s][info][gc,start       ] GC(201) Pause Young (Allocation Failure)
[25.060s][info][gc,heap        ] GC(201) PSYoungGen: 109760K(230400K)->109888K(239104K) Eden: 57344K(57344K)->0K(57344K) From: 52416K(173056K)->109888K(181760K)
[25.060s][info][gc,heap        ] GC(201) ParOldGen: 3550037K(3894784K)->3550037K(3894784K)
[25.060s][info][gc,metaspace   ] GC(201) Metaspace: 6298K(6464K)->6298K(6464K) NonClass: 5765K(5824K)->5765K(5824K) Class: 533K(640K)->533K(640K)
[25.060s][info][gc             ] GC(201) Pause Young (Allocation Failure) 3574M->3574M(4037M) 63.227ms
[25.060s][info][gc,cpu         ] GC(201) User=0.30s Sys=0.00s Real=0.06s
[25.121s][info][gc,start       ] GC(202) Pause Young (Allocation Failure)
[25.204s][info][gc,heap        ] GC(202) PSYoungGen: 167232K(239104K)->167296K(224768K) Eden: 57344K(57344K)->0K(39936K) From: 109888K(181760K)->167296K(184832K)
[25.204s][info][gc,heap        ] GC(202) ParOldGen: 3550037K(3894784K)->3550037K(3894784K)
[25.204s][info][gc,metaspace   ] GC(202) Metaspace: 6298K(6464K)->6298K(6464K) NonClass: 5765K(5824K)->5765K(5824K) Class: 533K(640K)->533K(640K)
[25.204s][info][gc             ] GC(202) Pause Young (Allocation Failure) 3630M->3630M(4023M) 82.558ms
[25.204s][info][gc,cpu         ] GC(202) User=0.52s Sys=0.00s Real=0.08s
[25.242s][info][gc,start       ] GC(203) Pause Young (Allocation Failure)
[25.335s][info][gc,heap        ] GC(203) PSYoungGen: 207232K(224768K)->207264K(247808K) Eden: 39936K(39936K)->0K(39936K) From: 167296K(184832K)->207264K(207872K)
[25.335s][info][gc,heap        ] GC(203) ParOldGen: 3550037K(3894784K)->3550037K(3894784K)
[25.335s][info][gc,metaspace   ] GC(203) Metaspace: 6298K(6464K)->6298K(6464K) NonClass: 5765K(5824K)->5765K(5824K) Class: 533K(640K)->533K(640K)
[25.335s][info][gc             ] GC(203) Pause Young (Allocation Failure) 3669M->3669M(4045M) 93.408ms
[25.335s][info][gc,cpu         ] GC(203) User=0.64s Sys=0.00s Real=0.09s
[25.375s][info][gc,start       ] GC(204) Pause Young (Allocation Failure)
[25.496s][info][gc,heap        ] GC(204) PSYoungGen: 247200K(247808K)->194944K(263168K) Eden: 39936K(39936K)->0K(22528K) From: 207264K(207872K)->194944K(240640K)
[25.496s][info][gc,heap        ] GC(204) ParOldGen: 3550037K(3894784K)->3602733K(3894784K)
[25.496s][info][gc,metaspace   ] GC(204) Metaspace: 6298K(6464K)->6298K(6464K) NonClass: 5765K(5824K)->5765K(5824K) Class: 533K(640K)->533K(640K)
[25.496s][info][gc             ] GC(204) Pause Young (Allocation Failure) 3708M->3708M(4060M) 121.397ms
[25.496s][info][gc,cpu         ] GC(204) User=0.86s Sys=0.03s Real=0.12s
[25.518s][info][gc,start       ] GC(205) Pause Young (Allocation Failure)
[25.621s][info][gc,heap        ] GC(205) PSYoungGen: 217472K(263168K)->160064K(285184K) Eden: 22528K(22528K)->0K(22528K) From: 194944K(240640K)->160064K(262656K)
[25.621s][info][gc,heap        ] GC(205) ParOldGen: 3602733K(3894784K)->3660605K(3894784K)
[25.621s][info][gc,metaspace   ] GC(205) Metaspace: 6298K(6464K)->6298K(6464K) NonClass: 5765K(5824K)->5765K(5824K) Class: 533K(640K)->533K(640K)
[25.621s][info][gc             ] GC(205) Pause Young (Allocation Failure) 3730M->3731M(4082M) 103.896ms
[25.621s][info][gc,cpu         ] GC(205) User=0.69s Sys=0.03s Real=0.10s
[25.644s][info][gc,start       ] GC(206) Pause Young (Allocation Failure)
[25.732s][info][gc,heap        ] GC(206) PSYoungGen: 182592K(285184K)->85216K(271872K) Eden: 22528K(22528K)->0K(26112K) From: 160064K(262656K)->85216K(245760K)
[25.732s][info][gc,heap        ] GC(206) ParOldGen: 3660605K(3894784K)->3758717K(3894784K)
[25.732s][info][gc,metaspace   ] GC(206) Metaspace: 6298K(6464K)->6298K(6464K) NonClass: 5765K(5824K)->5765K(5824K) Class: 533K(640K)->533K(640K)
[25.732s][info][gc             ] GC(206) Pause Young (Allocation Failure) 3753M->3753M(4069M) 87.626ms
[25.732s][info][gc,cpu         ] GC(206) User=0.66s Sys=0.09s Real=0.09s
[25.761s][info][gc,start       ] GC(207) Pause Young (Allocation Failure)
[25.824s][info][gc,heap        ] GC(207) PSYoungGen: 111328K(271872K)->48832K(75264K) Eden: 26112K(26112K)->0K(26112K) From: 85216K(245760K)->48832K(49152K)
[25.824s][info][gc,heap        ] GC(207) ParOldGen: 3758717K(3894784K)->3821709K(3894784K)
[25.824s][info][gc,metaspace   ] GC(207) Metaspace: 6298K(6464K)->6298K(6464K) NonClass: 5765K(5824K)->5765K(5824K) Class: 533K(640K)->533K(640K)
[25.824s][info][gc             ] GC(207) Pause Young (Allocation Failure) 3779M->3779M(3877M) 63.189ms
[25.824s][info][gc,cpu         ] GC(207) User=0.19s Sys=0.00s Real=0.06s
[25.824s][info][gc,start       ] GC(208) Pause Full (Ergonomics)
[25.824s][info][gc,phases,start] GC(208) Marking Phase
[26.700s][info][gc,phases      ] GC(208) Marking Phase 876.381ms
[26.700s][info][gc,phases,start] GC(208) Summary Phase
[26.701s][info][gc,phases      ] GC(208) Summary Phase 0.097ms
[26.701s][info][gc,phases,start] GC(208) Adjust Roots
[26.701s][info][gc,phases      ] GC(208) Adjust Roots 0.207ms
[26.701s][info][gc,phases,start] GC(208) Compaction Phase
[27.078s][info][gc,phases      ] GC(208) Compaction Phase 376.902ms
[27.078s][info][gc,phases,start] GC(208) Post Compact
[27.085s][info][gc,phases      ] GC(208) Post Compact 7.115ms
[27.086s][info][gc,heap        ] GC(208) PSYoungGen: 48832K(75264K)->0K(281600K) Eden: 0K(26112K)->0K(30208K) From: 48832K(49152K)->0K(251392K)
[27.086s][info][gc,heap        ] GC(208) ParOldGen: 3821709K(3894784K)->3867738K(4268032K)
[27.086s][info][gc,metaspace   ] GC(208) Metaspace: 6298K(6464K)->6298K(6464K) NonClass: 5765K(5824K)->5765K(5824K) Class: 533K(640K)->533K(640K)
[27.086s][info][gc             ] GC(208) Pause Full (Ergonomics) 3779M->3777M(4443M) 1262.403ms
[27.086s][info][gc,cpu         ] GC(208) User=9.08s Sys=0.03s Real=1.26s
[27.120s][info][gc,start       ] GC(209) Pause Young (Allocation Failure)
[27.159s][info][gc,heap        ] GC(209) PSYoungGen: 30208K(281600K)->30432K(281600K) Eden: 30208K(30208K)->0K(30208K) From: 0K(251392K)->30432K(251392K)
[27.159s][info][gc,heap        ] GC(209) ParOldGen: 3867738K(4268032K)->3867738K(4268032K)
[27.159s][info][gc,metaspace   ] GC(209) Metaspace: 6298K(6464K)->6298K(6464K) NonClass: 5765K(5824K)->5765K(5824K) Class: 533K(640K)->533K(640K)
[27.159s][info][gc             ] GC(209) Pause Young (Allocation Failure) 3806M->3806M(4443M) 38.998ms
[27.159s][info][gc,cpu         ] GC(209) User=0.06s Sys=0.00s Real=0.04s
[27.189s][info][gc,start       ] GC(210) Pause Young (Allocation Failure)
[27.238s][info][gc,heap        ] GC(210) PSYoungGen: 60640K(281600K)->30368K(274944K) Eden: 30208K(30208K)->0K(33792K) From: 30432K(251392K)->30368K(241152K)
[27.238s][info][gc,heap        ] GC(210) ParOldGen: 3867738K(4268032K)->3898218K(4268032K)
[27.238s][info][gc,metaspace   ] GC(210) Metaspace: 6298K(6464K)->6298K(6464K) NonClass: 5765K(5824K)->5765K(5824K) Class: 533K(640K)->533K(640K)
[27.238s][info][gc             ] GC(210) Pause Young (Allocation Failure) 3836M->3836M(4436M) 48.984ms
[27.238s][info][gc,cpu         ] GC(210) User=0.16s Sys=0.00s Real=0.05s
[27.271s][info][gc,start       ] GC(211) Pause Young (Allocation Failure)
[27.324s][info][gc,heap        ] GC(211) PSYoungGen: 64160K(274944K)->33984K(68096K) Eden: 33792K(33792K)->0K(33792K) From: 30368K(241152K)->33984K(34304K)
[27.324s][info][gc,heap        ] GC(211) ParOldGen: 3898218K(4268032K)->3928714K(4268032K)
[27.324s][info][gc,metaspace   ] GC(211) Metaspace: 6298K(6464K)->6298K(6464K) NonClass: 5765K(5824K)->5765K(5824K) Class: 533K(640K)->533K(640K)
[27.324s][info][gc             ] GC(211) Pause Young (Allocation Failure) 3869M->3869M(4234M) 52.687ms
[27.324s][info][gc,cpu         ] GC(211) User=0.19s Sys=0.00s Real=0.05s
[27.356s][info][gc,start       ] GC(212) Pause Young (Allocation Failure)
[27.407s][info][gc,heap        ] GC(212) PSYoungGen: 67776K(68096K)->34016K(263680K) Eden: 33792K(33792K)->0K(38400K) From: 33984K(34304K)->34016K(225280K)
[27.407s][info][gc,heap        ] GC(212) ParOldGen: 3928714K(4268032K)->3962818K(4268032K)
[27.407s][info][gc,metaspace   ] GC(212) Metaspace: 6298K(6464K)->6298K(6464K) NonClass: 5765K(5824K)->5765K(5824K) Class: 533K(640K)->533K(640K)
[27.407s][info][gc             ] GC(212) Pause Young (Allocation Failure) 3902M->3903M(4425M) 51.435ms
[27.407s][info][gc,cpu         ] GC(212) User=0.23s Sys=0.03s Real=0.05s
[27.449s][info][gc,start       ] GC(213) Pause Young (Allocation Failure)
[27.504s][info][gc,heap        ] GC(213) PSYoungGen: 72416K(263680K)->38592K(77312K) Eden: 38400K(38400K)->0K(38400K) From: 34016K(225280K)->38592K(38912K)
[27.504s][info][gc,heap        ] GC(213) ParOldGen: 3962818K(4268032K)->3996906K(4268032K)
[27.504s][info][gc,metaspace   ] GC(213) Metaspace: 6298K(6464K)->6298K(6464K) NonClass: 5765K(5824K)->5765K(5824K) Class: 533K(640K)->533K(640K)
[27.504s][info][gc             ] GC(213) Pause Young (Allocation Failure) 3940M->3940M(4243M) 54.622ms
[27.504s][info][gc,cpu         ] GC(213) User=0.19s Sys=0.00s Real=0.06s
[27.549s][info][gc,start       ] GC(214) Pause Young (Allocation Failure)
[27.614s][info][gc,heap        ] GC(214) PSYoungGen: 76992K(77312K)->38560K(249344K) Eden: 38400K(38400K)->0K(43008K) From: 38592K(38912K)->38560K(206336K)
[27.614s][info][gc,heap        ] GC(214) ParOldGen: 3996906K(4268032K)->4035658K(4268032K)
[27.614s][info][gc,metaspace   ] GC(214) Metaspace: 6298K(6464K)->6298K(6464K) NonClass: 5765K(5824K)->5765K(5824K) Class: 533K(640K)->533K(640K)
[27.614s][info][gc             ] GC(214) Pause Young (Allocation Failure) 3978M->3978M(4411M) 64.427ms
[27.614s][info][gc,cpu         ] GC(214) User=0.25s Sys=0.03s Real=0.06s
[27.665s][info][gc,start       ] GC(215) Pause Young (Allocation Failure)
[27.725s][info][gc,heap        ] GC(215) PSYoungGen: 81568K(249344K)->43168K(86528K) Eden: 43008K(43008K)->0K(43008K) From: 38560K(206336K)->43168K(43520K)
[27.725s][info][gc,heap        ] GC(215) ParOldGen: 4035658K(4268032K)->4074394K(4268032K)
[27.725s][info][gc,metaspace   ] GC(215) Metaspace: 6298K(6464K)->6298K(6464K) NonClass: 5765K(5824K)->5765K(5824K) Class: 533K(640K)->533K(640K)
[27.725s][info][gc             ] GC(215) Pause Young (Allocation Failure) 4020M->4021M(4252M) 59.855ms
[27.725s][info][gc,cpu         ] GC(215) User=0.17s Sys=0.02s Real=0.06s
[27.773s][info][gc,start       ] GC(216) Pause Young (Allocation Failure)
[27.833s][info][gc,heap        ] GC(216) PSYoungGen: 86176K(86528K)->43200K(235008K) Eden: 43008K(43008K)->0K(48128K) From: 43168K(43520K)->43200K(186880K)
[27.833s][info][gc,heap        ] GC(216) ParOldGen: 4074394K(4268032K)->4117786K(4268032K)
[27.833s][info][gc,metaspace   ] GC(216) Metaspace: 6298K(6464K)->6298K(6464K) NonClass: 5765K(5824K)->5765K(5824K) Class: 533K(640K)->533K(640K)
[27.833s][info][gc             ] GC(216) Pause Young (Allocation Failure) 4063M->4063M(4397M) 60.320ms
[27.833s][info][gc,cpu         ] GC(216) User=0.17s Sys=0.03s Real=0.06s
[27.878s][info][gc,start       ] GC(217) Pause Young (Allocation Failure)
[27.940s][info][gc,heap        ] GC(217) PSYoungGen: 91328K(235008K)->48384K(96768K) Eden: 48128K(48128K)->0K(48128K) From: 43200K(186880K)->48384K(48640K)
[27.940s][info][gc,heap        ] GC(217) ParOldGen: 4117786K(4268032K)->4161170K(4268032K)
[27.940s][info][gc,metaspace   ] GC(217) Metaspace: 6298K(6464K)->6298K(6464K) NonClass: 5765K(5824K)->5765K(5824K) Class: 533K(640K)->533K(640K)
[27.940s][info][gc             ] GC(217) Pause Young (Allocation Failure) 4110M->4110M(4262M) 61.861ms
[27.940s][info][gc,cpu         ] GC(217) User=0.28s Sys=0.00s Real=0.06s
[27.989s][info][gc,start       ] GC(218) Pause Young (Allocation Failure)
[28.055s][info][gc,heap        ] GC(218) PSYoungGen: 96512K(96768K)->48352K(220672K) Eden: 48128K(48128K)->0K(53760K) From: 48384K(48640K)->48352K(166912K)
[28.055s][info][gc,heap        ] GC(218) ParOldGen: 4161170K(4268032K)->4209722K(4268032K)
[28.055s][info][gc,metaspace   ] GC(218) Metaspace: 6298K(6464K)->6298K(6464K) NonClass: 5765K(5824K)->5765K(5824K) Class: 533K(640K)->533K(640K)
[28.055s][info][gc             ] GC(218) Pause Young (Allocation Failure) 4157M->4158M(4383M) 66.422ms
[28.055s][info][gc,cpu         ] GC(218) User=0.17s Sys=0.02s Real=0.07s
[28.056s][info][gc,start       ] GC(219) Pause Full (Ergonomics)
[28.056s][info][gc,phases,start] GC(219) Marking Phase
[29.006s][info][gc,phases      ] GC(219) Marking Phase 950.738ms
[29.006s][info][gc,phases,start] GC(219) Summary Phase
[29.006s][info][gc,phases      ] GC(219) Summary Phase 0.085ms
[29.006s][info][gc,phases,start] GC(219) Adjust Roots
[29.007s][info][gc,phases      ] GC(219) Adjust Roots 0.174ms
[29.007s][info][gc,phases,start] GC(219) Compaction Phase
[29.392s][info][gc,phases      ] GC(219) Compaction Phase 385.086ms
[29.392s][info][gc,phases,start] GC(219) Post Compact
[29.398s][info][gc,phases      ] GC(219) Post Compact 6.262ms
[29.399s][info][gc,heap        ] GC(219) PSYoungGen: 48352K(220672K)->0K(230400K) Eden: 0K(53760K)->0K(53760K) From: 48352K(166912K)->0K(176640K)
[29.399s][info][gc,heap        ] GC(219) ParOldGen: 4209722K(4268032K)->4254495K(4661248K)
[29.399s][info][gc,metaspace   ] GC(219) Metaspace: 6298K(6464K)->6298K(6464K) NonClass: 5765K(5824K)->5765K(5824K) Class: 533K(640K)->533K(640K)
[29.399s][info][gc             ] GC(219) Pause Full (Ergonomics) 4158M->4154M(4777M) 1343.791ms
[29.399s][info][gc,cpu         ] GC(219) User=9.86s Sys=0.05s Real=1.34s
[29.462s][info][gc,start       ] GC(220) Pause Young (Allocation Failure)
[29.515s][info][gc,heap        ] GC(220) PSYoungGen: 53760K(230400K)->53952K(215040K) Eden: 53760K(53760K)->0K(58880K) From: 0K(176640K)->53952K(156160K)
[29.515s][info][gc,heap        ] GC(220) ParOldGen: 4254495K(4661248K)->4254495K(4661248K)
[29.515s][info][gc,metaspace   ] GC(220) Metaspace: 6298K(6464K)->6298K(6464K) NonClass: 5765K(5824K)->5765K(5824K) Class: 533K(640K)->533K(640K)
[29.515s][info][gc             ] GC(220) Pause Young (Allocation Failure) 4207M->4207M(4762M) 52.169ms
[29.515s][info][gc,cpu         ] GC(220) User=0.16s Sys=0.00s Real=0.05s
[29.588s][info][gc,start       ] GC(221) Pause Young (Allocation Failure)
[29.656s][info][gc,heap        ] GC(221) PSYoungGen: 112832K(215040K)->112928K(225792K) Eden: 58880K(58880K)->0K(58880K) From: 53952K(156160K)->112928K(166912K)
[29.656s][info][gc,heap        ] GC(221) ParOldGen: 4254495K(4661248K)->4254495K(4661248K)
[29.656s][info][gc,metaspace   ] GC(221) Metaspace: 6298K(6464K)->6298K(6464K) NonClass: 5765K(5824K)->5765K(5824K) Class: 533K(640K)->533K(640K)
[29.656s][info][gc             ] GC(221) Pause Young (Allocation Failure) 4264M->4265M(4772M) 67.681ms
[29.656s][info][gc,cpu         ] GC(221) User=0.30s Sys=0.00s Real=0.07s
[29.716s][info][gc,start       ] GC(222) Pause Young (Allocation Failure)
[29.802s][info][gc,heap        ] GC(222) PSYoungGen: 171808K(225792K)->171936K(211456K) Eden: 58880K(58880K)->0K(36352K) From: 112928K(166912K)->171936K(175104K)
[29.802s][info][gc,heap        ] GC(222) ParOldGen: 4254495K(4661248K)->4254495K(4661248K)
[29.802s][info][gc,metaspace   ] GC(222) Metaspace: 6298K(6464K)->6298K(6464K) NonClass: 5765K(5824K)->5765K(5824K) Class: 533K(640K)->533K(640K)
[29.802s][info][gc             ] GC(222) Pause Young (Allocation Failure) 4322M->4322M(4758M) 85.723ms
[29.802s][info][gc,cpu         ] GC(222) User=0.53s Sys=0.00s Real=0.09s
[29.841s][info][gc,start       ] GC(223) Pause Young (Allocation Failure)
[29.942s][info][gc,heap        ] GC(223) PSYoungGen: 208288K(211456K)->203264K(239616K) Eden: 36352K(36352K)->0K(36352K) From: 171936K(175104K)->203264K(203264K)
[29.942s][info][gc,heap        ] GC(223) ParOldGen: 4254495K(4661248K)->4259495K(4661248K)
[29.942s][info][gc,metaspace   ] GC(223) Metaspace: 6298K(6464K)->6298K(6464K) NonClass: 5765K(5824K)->5765K(5824K) Class: 533K(640K)->533K(640K)
[29.942s][info][gc             ] GC(223) Pause Young (Allocation Failure) 4358M->4358M(4786M) 100.760ms
[29.942s][info][gc,cpu         ] GC(223) User=0.66s Sys=0.00s Real=0.10s
[29.977s][info][gc,start       ] GC(224) Pause Young (Allocation Failure)
[30.102s][info][gc,heap        ] GC(224) PSYoungGen: 239616K(239616K)->129600K(279040K) Eden: 36352K(36352K)->0K(40960K) From: 203264K(203264K)->129600K(238080K)
[30.103s][info][gc,heap        ] GC(224) ParOldGen: 4259495K(4661248K)->4370439K(4661248K)
[30.103s][info][gc,metaspace   ] GC(224) Metaspace: 6298K(6464K)->6298K(6464K) NonClass: 5765K(5824K)->5765K(5824K) Class: 533K(640K)->533K(640K)
[30.103s][info][gc             ] GC(224) Pause Young (Allocation Failure) 4393M->4394M(4824M) 125.715ms
[30.103s][info][gc,cpu         ] GC(224) User=0.78s Sys=0.11s Real=0.13s
[30.149s][info][gc,start       ] GC(225) Pause Young (Allocation Failure)
[30.234s][info][gc,heap        ] GC(225) PSYoungGen: 170560K(279040K)->112640K(153600K) Eden: 40960K(40960K)->0K(40960K) From: 129600K(238080K)->112640K(112640K)
[30.234s][info][gc,heap        ] GC(225) ParOldGen: 4370439K(4661248K)->4428855K(4661248K)
[30.234s][info][gc,metaspace   ] GC(225) Metaspace: 6298K(6464K)->6298K(6464K) NonClass: 5765K(5824K)->5765K(5824K) Class: 533K(640K)->533K(640K)
[30.234s][info][gc             ] GC(225) Pause Young (Allocation Failure) 4434M->4435M(4702M) 85.677ms
[30.234s][info][gc,cpu         ] GC(225) User=0.61s Sys=0.02s Real=0.09s
[30.285s][info][gc,start       ] GC(226) Pause Young (Allocation Failure)
[30.366s][info][gc,heap        ] GC(226) PSYoungGen: 153600K(153600K)->118560K(266752K) Eden: 40960K(40960K)->0K(46080K) From: 112640K(112640K)->118560K(220672K)
[30.366s][info][gc,heap        ] GC(226) ParOldGen: 4428855K(4661248K)->4464247K(4661248K)
[30.366s][info][gc,metaspace   ] GC(226) Metaspace: 6298K(6464K)->6298K(6464K) NonClass: 5765K(5824K)->5765K(5824K) Class: 533K(640K)->533K(640K)
[30.366s][info][gc             ] GC(226) Pause Young (Allocation Failure) 4475M->4475M(4812M) 81.045ms
[30.366s][info][gc,cpu         ] GC(226) User=0.48s Sys=0.02s Real=0.08s
[30.418s][info][gc,start       ] GC(227) Pause Young (Allocation Failure)
[30.503s][info][gc,heap        ] GC(227) PSYoungGen: 164640K(266752K)->128352K(271872K) Eden: 46080K(46080K)->0K(46080K) From: 118560K(220672K)->128352K(225792K)
[30.503s][info][gc,heap        ] GC(227) ParOldGen: 4464247K(4661248K)->4500927K(4661248K)
[30.503s][info][gc,metaspace   ] GC(227) Metaspace: 6298K(6464K)->6298K(6464K) NonClass: 5765K(5824K)->5765K(5824K) Class: 533K(640K)->533K(640K)
[30.503s][info][gc             ] GC(227) Pause Young (Allocation Failure) 4520M->4520M(4817M) 84.542ms
[30.503s][info][gc,cpu         ] GC(227) User=0.50s Sys=0.02s Real=0.08s
[30.553s][info][gc,start       ] GC(228) Pause Young (Allocation Failure)
[30.647s][info][gc,heap        ] GC(228) PSYoungGen: 174432K(271872K)->133440K(275456K) Eden: 46080K(46080K)->0K(52224K) From: 128352K(225792K)->133440K(223232K)
[30.647s][info][gc,heap        ] GC(228) ParOldGen: 4500927K(4661248K)->4542263K(4661248K)
[30.647s][info][gc,metaspace   ] GC(228) Metaspace: 6298K(6464K)->6298K(6464K) NonClass: 5765K(5824K)->5765K(5824K) Class: 533K(640K)->533K(640K)
[30.648s][info][gc             ] GC(228) Pause Young (Allocation Failure) 4565M->4566M(4821M) 94.503ms
[30.648s][info][gc,cpu         ] GC(228) User=0.56s Sys=0.03s Real=0.09s
[30.704s][info][gc,start       ] GC(229) Pause Young (Allocation Failure)
[30.804s][info][gc,heap        ] GC(229) PSYoungGen: 185664K(275456K)->98592K(151040K) Eden: 52224K(52224K)->0K(52224K) From: 133440K(223232K)->98592K(98816K)
[30.804s][info][gc,heap        ] GC(229) ParOldGen: 4542263K(4661248K)->4630071K(4661248K)
[30.804s][info][gc,metaspace   ] GC(229) Metaspace: 6298K(6464K)->6298K(6464K) NonClass: 5765K(5824K)->5765K(5824K) Class: 533K(640K)->533K(640K)
[30.804s][info][gc             ] GC(229) Pause Young (Allocation Failure) 4617M->4617M(4699M) 99.623ms
[30.804s][info][gc,cpu         ] GC(229) User=0.64s Sys=0.00s Real=0.10s
[30.804s][info][gc,start       ] GC(230) Pause Full (Ergonomics)
[30.804s][info][gc,phases,start] GC(230) Marking Phase
[31.882s][info][gc,phases      ] GC(230) Marking Phase 1077.648ms
[31.882s][info][gc,phases,start] GC(230) Summary Phase
[31.882s][info][gc,phases      ] GC(230) Summary Phase 0.053ms
[31.882s][info][gc,phases,start] GC(230) Adjust Roots
[31.882s][info][gc,phases      ] GC(230) Adjust Roots 0.168ms
[31.882s][info][gc,phases,start] GC(230) Compaction Phase
[32.283s][info][gc,phases      ] GC(230) Compaction Phase 401.143ms
[32.283s][info][gc,phases,start] GC(230) Post Compact
[32.291s][info][gc,phases      ] GC(230) Post Compact 7.379ms
[32.292s][info][gc,heap        ] GC(230) PSYoungGen: 98592K(151040K)->63486K(151040K) Eden: 0K(52224K)->0K(52224K) From: 98592K(98816K)->63486K(98816K)
[32.292s][info][gc,heap        ] GC(230) ParOldGen: 4630071K(4661248K)->4661219K(5128704K)
[32.292s][info][gc,metaspace   ] GC(230) Metaspace: 6298K(6464K)->6298K(6464K) NonClass: 5765K(5824K)->5765K(5824K) Class: 533K(640K)->533K(640K)
[32.292s][info][gc             ] GC(230) Pause Full (Ergonomics) 4617M->4613M(5156M) 1488.458ms
[32.292s][info][gc,cpu         ] GC(230) User=11.30s Sys=0.03s Real=1.49s
[32.356s][info][gc,start       ] GC(231) Pause Young (Allocation Failure)
[32.631s][info][gc,heap        ] GC(231) PSYoungGen: 115710K(151040K)->52448K(265216K) Eden: 52224K(52224K)->0K(57856K) From: 63486K(98816K)->52448K(207360K)
[32.631s][info][gc,heap        ] GC(231) ParOldGen: 4661219K(5128704K)->4725339K(5128704K)
[32.631s][info][gc,metaspace   ] GC(231) Metaspace: 6298K(6464K)->6298K(6464K) NonClass: 5765K(5824K)->5765K(5824K) Class: 533K(640K)->533K(640K)
[32.631s][info][gc             ] GC(231) Pause Young (Allocation Failure) 4664M->4665M(5267M) 274.667ms
[32.631s][info][gc,cpu         ] GC(231) User=1.72s Sys=0.05s Real=0.27s
[32.698s][info][gc,start       ] GC(232) Pause Young (Allocation Failure)
[32.770s][info][gc,heap        ] GC(232) PSYoungGen: 110304K(265216K)->58048K(268800K) Eden: 57856K(57856K)->0K(57856K) From: 52448K(207360K)->58048K(210944K)
[32.770s][info][gc,heap        ] GC(232) ParOldGen: 4725339K(5128704K)->4778051K(5128704K)
[32.770s][info][gc,metaspace   ] GC(232) Metaspace: 6298K(6464K)->6298K(6464K) NonClass: 5765K(5824K)->5765K(5824K) Class: 533K(640K)->533K(640K)
[32.770s][info][gc             ] GC(232) Pause Young (Allocation Failure) 4722M->4722M(5271M) 72.332ms
[32.770s][info][gc,cpu         ] GC(232) User=0.39s Sys=0.00s Real=0.07s
[32.832s][info][gc,start       ] GC(233) Pause Young (Allocation Failure)
[32.905s][info][gc,heap        ] GC(233) PSYoungGen: 115904K(268800K)->58080K(260608K) Eden: 57856K(57856K)->0K(64000K) From: 58048K(210944K)->58080K(196608K)
[32.905s][info][gc,heap        ] GC(233) ParOldGen: 4778051K(5128704K)->4836435K(5128704K)
[32.905s][info][gc,metaspace   ] GC(233) Metaspace: 6298K(6464K)->6298K(6464K) NonClass: 5765K(5824K)->5765K(5824K) Class: 533K(640K)->533K(640K)
[32.905s][info][gc             ] GC(233) Pause Young (Allocation Failure) 4779M->4779M(5263M) 73.395ms
[32.905s][info][gc,cpu         ] GC(233) User=0.39s Sys=0.02s Real=0.07s
[32.971s][info][gc,start       ] GC(234) Pause Young (Allocation Failure)
[33.045s][info][gc,heap        ] GC(234) PSYoungGen: 122080K(260608K)->64224K(265728K) Eden: 64000K(64000K)->0K(64000K) From: 58080K(196608K)->64224K(201728K)
[33.045s][info][gc,heap        ] GC(234) ParOldGen: 4836435K(5128704K)->4894811K(5128704K)
[33.045s][info][gc,metaspace   ] GC(234) Metaspace: 6298K(6464K)->6298K(6464K) NonClass: 5765K(5824K)->5765K(5824K) Class: 533K(640K)->533K(640K)
[33.045s][info][gc             ] GC(234) Pause Young (Allocation Failure) 4842M->4842M(5268M) 74.111ms
[33.045s][info][gc,cpu         ] GC(234) User=0.58s Sys=0.03s Real=0.07s
[33.119s][info][gc,start       ] GC(235) Pause Young (Allocation Failure)
[33.197s][info][gc,heap        ] GC(235) PSYoungGen: 128224K(265728K)->64224K(253440K) Eden: 64000K(64000K)->0K(70656K) From: 64224K(201728K)->64224K(182784K)
[33.197s][info][gc,heap        ] GC(235) ParOldGen: 4894811K(5128704K)->4959371K(5128704K)
[33.197s][info][gc,metaspace   ] GC(235) Metaspace: 6298K(6464K)->6298K(6464K) NonClass: 5765K(5824K)->5765K(5824K) Class: 533K(640K)->533K(640K)
[33.197s][info][gc             ] GC(235) Pause Young (Allocation Failure) 4905M->4905M(5256M) 77.352ms
[33.197s][info][gc,cpu         ] GC(235) User=0.48s Sys=0.03s Real=0.08s
[33.278s][info][gc,start       ] GC(236) Pause Young (Allocation Failure)
[33.361s][info][gc,heap        ] GC(236) PSYoungGen: 134880K(253440K)->70880K(259584K) Eden: 70656K(70656K)->0K(70656K) From: 64224K(182784K)->70880K(188928K)
[33.361s][info][gc,heap        ] GC(236) ParOldGen: 4959371K(5128704K)->5023955K(5128704K)
[33.361s][info][gc,metaspace   ] GC(236) Metaspace: 6298K(6464K)->6298K(6464K) NonClass: 5765K(5824K)->5765K(5824K) Class: 533K(640K)->533K(640K)
[33.361s][info][gc             ] GC(236) Pause Young (Allocation Failure) 4974M->4975M(5262M) 82.593ms
[33.361s][info][gc,cpu         ] GC(236) User=0.50s Sys=0.02s Real=0.08s
[33.436s][info][gc,start       ] GC(237) Pause Young (Allocation Failure)
[33.519s][info][gc,heap        ] GC(237) PSYoungGen: 141536K(259584K)->70912K(244224K) Eden: 70656K(70656K)->0K(78336K) From: 70880K(188928K)->70912K(165888K)
[33.519s][info][gc,heap        ] GC(237) ParOldGen: 5023955K(5128704K)->5095251K(5128704K)
[33.519s][info][gc,metaspace   ] GC(237) Metaspace: 6298K(6464K)->6298K(6464K) NonClass: 5765K(5824K)->5765K(5824K) Class: 533K(640K)->533K(640K)
[33.519s][info][gc             ] GC(237) Pause Young (Allocation Failure) 5044M->5045M(5247M) 83.477ms
[33.519s][info][gc,cpu         ] GC(237) User=0.52s Sys=0.02s Real=0.08s
[33.519s][info][gc,start       ] GC(238) Pause Full (Ergonomics)
[33.519s][info][gc,phases,start] GC(238) Marking Phase
[34.685s][info][gc,phases      ] GC(238) Marking Phase 1165.335ms
[34.685s][info][gc,phases,start] GC(238) Summary Phase
[34.685s][info][gc,phases      ] GC(238) Summary Phase 0.058ms
[34.685s][info][gc,phases,start] GC(238) Adjust Roots
[34.685s][info][gc,phases      ] GC(238) Adjust Roots 0.194ms
[34.685s][info][gc,phases,start] GC(238) Compaction Phase
[35.145s][info][gc,phases      ] GC(238) Compaction Phase 460.054ms
[35.145s][info][gc,phases,start] GC(238) Post Compact
[35.153s][info][gc,phases      ] GC(238) Post Compact 7.800ms
[35.155s][info][gc,heap        ] GC(238) PSYoungGen: 70912K(244224K)->33314K(251904K) Eden: 0K(78336K)->0K(86016K) From: 70912K(165888K)->33314K(165888K)
[35.155s][info][gc,heap        ] GC(238) ParOldGen: 5095251K(5128704K)->5128415K(5644288K)
[35.155s][info][gc,metaspace   ] GC(238) Metaspace: 6298K(6464K)->6298K(6464K) NonClass: 5765K(5824K)->5765K(5824K) Class: 533K(640K)->533K(640K)
[35.155s][info][gc             ] GC(238) Pause Full (Ergonomics) 5045M->5040M(5758M) 1635.449ms
[35.155s][info][gc,cpu         ] GC(238) User=12.17s Sys=0.03s Real=1.63s
[35.257s][info][gc,start       ] GC(239) Pause Young (Allocation Failure)
[35.552s][info][gc,heap        ] GC(239) PSYoungGen: 119330K(251904K)->86336K(259584K) Eden: 86016K(86016K)->0K(86016K) From: 33314K(165888K)->86336K(173568K)
[35.552s][info][gc,heap        ] GC(239) ParOldGen: 5128415K(5644288K)->5162071K(5644288K)
[35.552s][info][gc,metaspace   ] GC(239) Metaspace: 6298K(6464K)->6298K(6464K) NonClass: 5765K(5824K)->5765K(5824K) Class: 533K(640K)->533K(640K)
[35.552s][info][gc             ] GC(239) Pause Young (Allocation Failure) 5124M->5125M(5765M) 295.021ms
[35.552s][info][gc,cpu         ] GC(239) User=1.91s Sys=0.02s Real=0.30s
[35.646s][info][gc,start       ] GC(240) Pause Young (Allocation Failure)
[35.744s][info][gc,heap        ] GC(240) PSYoungGen: 172352K(259584K)->165888K(235008K) Eden: 86016K(86016K)->0K(69120K) From: 86336K(173568K)->165888K(165888K)
[35.744s][info][gc,heap        ] GC(240) ParOldGen: 5162071K(5644288K)->5168599K(5644288K)
[35.744s][info][gc,metaspace   ] GC(240) Metaspace: 6298K(6464K)->6298K(6464K) NonClass: 5765K(5824K)->5765K(5824K) Class: 533K(640K)->533K(640K)
[35.744s][info][gc             ] GC(240) Pause Young (Allocation Failure) 5209M->5209M(5741M) 97.985ms
[35.744s][info][gc,cpu         ] GC(240) User=0.64s Sys=0.00s Real=0.10s
[35.826s][info][gc,start       ] GC(241) Pause Young (Allocation Failure)
[35.970s][info][gc,heap        ] GC(241) PSYoungGen: 235008K(235008K)->69376K(259584K) Eden: 69120K(69120K)->0K(69120K) From: 165888K(165888K)->69376K(190464K)
[35.971s][info][gc,heap        ] GC(241) ParOldGen: 5168599K(5644288K)->5335679K(5644288K)
[35.971s][info][gc,metaspace   ] GC(241) Metaspace: 6298K(6464K)->6298K(6464K) NonClass: 5765K(5824K)->5765K(5824K) Class: 533K(640K)->533K(640K)
[35.971s][info][gc             ] GC(241) Pause Young (Allocation Failure) 5276M->5278M(5765M) 144.444ms
[35.971s][info][gc,cpu         ] GC(241) User=0.86s Sys=0.16s Real=0.14s
[36.053s][info][gc,start       ] GC(242) Pause Young (Allocation Failure)
[36.136s][info][gc,heap        ] GC(242) PSYoungGen: 138496K(259584K)->138624K(252928K) Eden: 69120K(69120K)->0K(68096K) From: 69376K(190464K)->138624K(184832K)
[36.136s][info][gc,heap        ] GC(242) ParOldGen: 5335679K(5644288K)->5335679K(5644288K)
[36.136s][info][gc,metaspace   ] GC(242) Metaspace: 6298K(6464K)->6298K(6464K) NonClass: 5765K(5824K)->5765K(5824K) Class: 533K(640K)->533K(640K)
[36.136s][info][gc             ] GC(242) Pause Young (Allocation Failure) 5345M->5345M(5759M) 82.880ms
[36.136s][info][gc,cpu         ] GC(242) User=0.52s Sys=0.00s Real=0.08s
[36.217s][info][gc,start       ] GC(243) Pause Young (Allocation Failure)
[36.333s][info][gc,heap        ] GC(243) PSYoungGen: 206720K(252928K)->193024K(261120K) Eden: 68096K(68096K)->0K(68096K) From: 138624K(184832K)->193024K(193024K)
[36.333s][info][gc,heap        ] GC(243) ParOldGen: 5335679K(5644288K)->5349471K(5644288K)
[36.333s][info][gc,metaspace   ] GC(243) Metaspace: 6298K(6464K)->6298K(6464K) NonClass: 5765K(5824K)->5765K(5824K) Class: 533K(640K)->533K(640K)
[36.333s][info][gc             ] GC(243) Pause Young (Allocation Failure) 5412M->5412M(5767M) 116.740ms
[36.333s][info][gc,cpu         ] GC(243) User=0.77s Sys=0.00s Real=0.12s
[36.413s][info][gc,start       ] GC(244) Pause Young (Allocation Failure)
[36.566s][info][gc,heap        ] GC(244) PSYoungGen: 261120K(261120K)->131232K(295936K) Eden: 68096K(68096K)->0K(75776K) From: 193024K(193024K)->131232K(220160K)
[36.566s][info][gc,heap        ] GC(244) ParOldGen: 5349471K(5644288K)->5480519K(5644288K)
[36.566s][info][gc,metaspace   ] GC(244) Metaspace: 6298K(6464K)->6298K(6464K) NonClass: 5765K(5824K)->5765K(5824K) Class: 533K(640K)->533K(640K)
[36.566s][info][gc             ] GC(244) Pause Young (Allocation Failure) 5479M->5480M(5801M) 153.627ms
[36.566s][info][gc,cpu         ] GC(244) User=1.08s Sys=0.06s Real=0.15s
[36.655s][info][gc,start       ] GC(245) Pause Young (Allocation Failure)
[36.776s][info][gc,heap        ] GC(245) PSYoungGen: 207008K(295936K)->144256K(297984K) Eden: 75776K(75776K)->0K(75776K) From: 131232K(220160K)->144256K(222208K)
[36.776s][info][gc,heap        ] GC(245) ParOldGen: 5480519K(5644288K)->5543887K(5644288K)
[36.776s][info][gc,metaspace   ] GC(245) Metaspace: 6298K(6464K)->6298K(6464K) NonClass: 5765K(5824K)->5765K(5824K) Class: 533K(640K)->533K(640K)
[36.776s][info][gc             ] GC(245) Pause Young (Allocation Failure) 5554M->5554M(5803M) 121.523ms
[36.776s][info][gc,cpu         ] GC(245) User=0.73s Sys=0.03s Real=0.12s
[36.776s][info][gc,start       ] GC(246) Pause Full (Ergonomics)
[36.776s][info][gc,phases,start] GC(246) Marking Phase
[38.040s][info][gc,phases      ] GC(246) Marking Phase 1264.066ms
[38.040s][info][gc,phases,start] GC(246) Summary Phase
[38.040s][info][gc,phases      ] GC(246) Summary Phase 0.071ms
[38.040s][info][gc,phases,start] GC(246) Adjust Roots
[38.041s][info][gc,phases      ] GC(246) Adjust Roots 0.194ms
[38.041s][info][gc,phases,start] GC(246) Compaction Phase
[38.526s][info][gc,phases      ] GC(246) Compaction Phase 485.725ms
[38.526s][info][gc,phases,start] GC(246) Post Compact
[38.535s][info][gc,phases      ] GC(246) Post Compact 8.911ms
[38.537s][info][gc,heap        ] GC(246) PSYoungGen: 144256K(297984K)->39568K(297984K) Eden: 0K(75776K)->0K(75776K) From: 144256K(222208K)->39568K(222208K)
[38.537s][info][gc,heap        ] GC(246) ParOldGen: 5543887K(5644288K)->5644183K(6253568K)
[38.537s][info][gc,metaspace   ] GC(246) Metaspace: 6298K(6464K)->6298K(6464K) NonClass: 5765K(5824K)->5765K(5824K) Class: 533K(640K)->533K(640K)
[38.538s][info][gc             ] GC(246) Pause Full (Ergonomics) 5554M->5550M(6398M) 1761.343ms
[38.538s][info][gc,cpu         ] GC(246) User=13.33s Sys=0.09s Real=1.76s
[39.662s][info][gc,start       ] GC(247) Pause Young (Allocation Failure)
[39.966s][info][gc,heap        ] GC(247) PSYoungGen: 115344K(297984K)->93824K(289280K) Eden: 75776K(75776K)->0K(82944K) From: 39568K(222208K)->93824K(206336K)
[39.966s][info][gc,heap        ] GC(247) ParOldGen: 5906327K(6253568K)->5928391K(6253568K)
[39.966s][info][gc,metaspace   ] GC(247) Metaspace: 6298K(6464K)->6298K(6464K) NonClass: 5765K(5824K)->5765K(5824K) Class: 533K(640K)->533K(640K)
[39.966s][info][gc             ] GC(247) Pause Young (Allocation Failure) 5880M->5881M(6389M) 304.056ms
[39.966s][info][gc,cpu         ] GC(247) User=1.81s Sys=0.00s Real=0.30s
[40.051s][info][gc,start       ] GC(248) Pause Young (Allocation Failure)
[40.166s][info][gc,heap        ] GC(248) PSYoungGen: 176768K(289280K)->176928K(299008K) Eden: 82944K(82944K)->0K(82944K) From: 93824K(206336K)->176928K(216064K)
[40.166s][info][gc,heap        ] GC(248) ParOldGen: 5928391K(6253568K)->5928391K(6253568K)
[40.166s][info][gc,metaspace   ] GC(248) Metaspace: 6298K(6464K)->6298K(6464K) NonClass: 5765K(5824K)->5765K(5824K) Class: 533K(640K)->533K(640K)
[40.166s][info][gc             ] GC(248) Pause Young (Allocation Failure) 5962M->5962M(6399M) 114.571ms
[40.166s][info][gc,cpu         ] GC(248) User=0.44s Sys=0.00s Real=0.11s
[40.261s][info][gc,start       ] GC(249) Pause Young (Allocation Failure)
[40.399s][info][gc,heap        ] GC(249) PSYoungGen: 259872K(299008K)->230400K(280064K) Eden: 82944K(82944K)->0K(49664K) From: 176928K(216064K)->230400K(230400K)
[40.399s][info][gc,heap        ] GC(249) ParOldGen: 5928391K(6253568K)->5958087K(6253568K)
[40.399s][info][gc,metaspace   ] GC(249) Metaspace: 6298K(6464K)->6298K(6464K) NonClass: 5765K(5824K)->5765K(5824K) Class: 533K(640K)->533K(640K)
[40.399s][info][gc             ] GC(249) Pause Young (Allocation Failure) 6043M->6043M(6380M) 137.956ms
[40.399s][info][gc,cpu         ] GC(249) User=0.72s Sys=0.03s Real=0.14s
[40.448s][info][gc,start       ] GC(250) Pause Young (Allocation Failure)
[40.596s][info][gc,heap        ] GC(250) PSYoungGen: 280064K(280064K)->205440K(321536K) Eden: 49664K(49664K)->0K(49664K) From: 230400K(230400K)->205440K(271872K)
[40.597s][info][gc,heap        ] GC(250) ParOldGen: 5958087K(6253568K)->6033463K(6253568K)
[40.597s][info][gc,metaspace   ] GC(250) Metaspace: 6298K(6464K)->6298K(6464K) NonClass: 5765K(5824K)->5765K(5824K) Class: 533K(640K)->533K(640K)
[40.597s][info][gc             ] GC(250) Pause Young (Allocation Failure) 6091M->6092M(6421M) 148.546ms
[40.597s][info][gc,cpu         ] GC(250) User=0.75s Sys=0.05s Real=0.15s
[40.647s][info][gc,start       ] GC(251) Pause Young (Allocation Failure)
[40.786s][info][gc,heap        ] GC(251) PSYoungGen: 255104K(321536K)->172960K(337920K) Eden: 49664K(49664K)->0K(56320K) From: 205440K(271872K)->172960K(281600K)
[40.786s][info][gc,heap        ] GC(251) ParOldGen: 6033463K(6253568K)->6116263K(6253568K)
[40.786s][info][gc,metaspace   ] GC(251) Metaspace: 6298K(6464K)->6298K(6464K) NonClass: 5765K(5824K)->5765K(5824K) Class: 533K(640K)->533K(640K)
[40.786s][info][gc             ] GC(251) Pause Young (Allocation Failure) 6141M->6141M(6437M) 138.530ms
[40.786s][info][gc,cpu         ] GC(251) User=0.70s Sys=0.02s Real=0.14s
[40.786s][info][gc,start       ] GC(252) Pause Full (Ergonomics)
[40.786s][info][gc,phases,start] GC(252) Marking Phase
[42.161s][info][gc,phases      ] GC(252) Marking Phase 1374.728ms
[42.161s][info][gc,phases,start] GC(252) Summary Phase
[42.161s][info][gc,phases      ] GC(252) Summary Phase 0.138ms
[42.161s][info][gc,phases,start] GC(252) Adjust Roots
[42.161s][info][gc,phases      ] GC(252) Adjust Roots 0.169ms
[42.161s][info][gc,phases,start] GC(252) Compaction Phase
[43.117s][info][gc,phases      ] GC(252) Compaction Phase 956.000ms
[43.117s][info][gc,phases,start] GC(252) Post Compact
[43.127s][info][gc,phases      ] GC(252) Post Compact 10.174ms
[43.129s][info][gc,heap        ] GC(252) PSYoungGen: 172960K(337920K)->0K(339456K) Eden: 0K(56320K)->0K(56320K) From: 172960K(281600K)->0K(283136K)
[43.129s][info][gc,heap        ] GC(252) ParOldGen: 6116263K(6253568K)->6155657K(6807040K)
[43.129s][info][gc,metaspace   ] GC(252) Metaspace: 6298K(6464K)->6298K(6464K) NonClass: 5765K(5824K)->5765K(5824K) Class: 533K(640K)->533K(640K)
[43.129s][info][gc             ] GC(252) Pause Full (Ergonomics) 6141M->6011M(6979M) 2343.381ms
[43.129s][info][gc,cpu         ] GC(252) User=16.34s Sys=0.09s Real=2.34s
[43.190s][info][gc,start       ] GC(253) Pause Young (Allocation Failure)
[43.264s][info][gc,heap        ] GC(253) PSYoungGen: 56320K(339456K)->56576K(344576K) Eden: 56320K(56320K)->0K(61952K) From: 0K(283136K)->56576K(282624K)
[43.264s][info][gc,heap        ] GC(253) ParOldGen: 6155657K(6807040K)->6155657K(6807040K)
[43.264s][info][gc,metaspace   ] GC(253) Metaspace: 6298K(6464K)->6298K(6464K) NonClass: 5765K(5824K)->5765K(5824K) Class: 533K(640K)->533K(640K)
[43.264s][info][gc             ] GC(253) Pause Young (Allocation Failure) 6066M->6066M(6984M) 74.406ms
[43.264s][info][gc,cpu         ] GC(253) User=0.25s Sys=0.00s Real=0.08s
[43.330s][info][gc,start       ] GC(254) Pause Young (Allocation Failure)
[43.427s][info][gc,heap        ] GC(254) PSYoungGen: 118528K(344576K)->118592K(180736K) Eden: 61952K(61952K)->0K(61952K) From: 56576K(282624K)->118592K(118784K)
[43.427s][info][gc,heap        ] GC(254) ParOldGen: 6155657K(6807040K)->6155657K(6807040K)
[43.427s][info][gc,metaspace   ] GC(254) Metaspace: 6298K(6464K)->6298K(6464K) NonClass: 5765K(5824K)->5765K(5824K) Class: 533K(640K)->533K(640K)
[43.427s][info][gc             ] GC(254) Pause Young (Allocation Failure) 6127M->6127M(6824M) 96.878ms
[43.427s][info][gc,cpu         ] GC(254) User=0.22s Sys=0.00s Real=0.10s
[43.493s][info][gc,start       ] GC(255) Pause Young (Allocation Failure)
[43.611s][info][gc,heap        ] GC(255) PSYoungGen: 180544K(180736K)->180672K(335872K) Eden: 61952K(61952K)->0K(64512K) From: 118592K(118784K)->180672K(271360K)
[43.611s][info][gc,heap        ] GC(255) ParOldGen: 6155657K(6807040K)->6155657K(6807040K)
[43.611s][info][gc,metaspace   ] GC(255) Metaspace: 6298K(6464K)->6298K(6464K) NonClass: 5765K(5824K)->5765K(5824K) Class: 533K(640K)->533K(640K)
[43.611s][info][gc             ] GC(255) Pause Young (Allocation Failure) 6187M->6187M(6975M) 117.746ms
[43.611s][info][gc,cpu         ] GC(255) User=0.33s Sys=0.00s Real=0.12s
[43.680s][info][gc,start       ] GC(256) Pause Young (Allocation Failure)
[43.814s][info][gc,heap        ] GC(256) PSYoungGen: 245184K(335872K)->188832K(339968K) Eden: 64512K(64512K)->0K(64512K) From: 180672K(271360K)->188832K(275456K)
[43.814s][info][gc,heap        ] GC(256) ParOldGen: 6155657K(6807040K)->6212473K(6807040K)
[43.814s][info][gc,metaspace   ] GC(256) Metaspace: 6298K(6464K)->6298K(6464K) NonClass: 5765K(5824K)->5765K(5824K) Class: 533K(640K)->533K(640K)
[43.814s][info][gc             ] GC(256) Pause Young (Allocation Failure) 6250M->6251M(6979M) 133.883ms
[43.814s][info][gc,cpu         ] GC(256) User=0.45s Sys=0.00s Real=0.13s
[43.879s][info][gc,start       ] GC(257) Pause Young (Allocation Failure)
[44.013s][info][gc,heap        ] GC(257) PSYoungGen: 253344K(339968K)->191424K(348160K) Eden: 64512K(64512K)->0K(67584K) From: 188832K(275456K)->191424K(280576K)
[44.013s][info][gc,heap        ] GC(257) ParOldGen: 6212473K(6807040K)->6274985K(6807040K)
[44.013s][info][gc,metaspace   ] GC(257) Metaspace: 6298K(6464K)->6298K(6464K) NonClass: 5765K(5824K)->5765K(5824K) Class: 533K(640K)->533K(640K)
[44.013s][info][gc             ] GC(257) Pause Young (Allocation Failure) 6314M->6314M(6987M) 133.780ms
[44.013s][info][gc,cpu         ] GC(257) User=0.55s Sys=0.05s Real=0.13s
[44.093s][info][gc,start       ] GC(258) Pause Young (Allocation Failure)
[44.229s][info][gc,heap        ] GC(258) PSYoungGen: 259008K(348160K)->197088K(352768K) Eden: 67584K(67584K)->0K(67584K) From: 191424K(280576K)->197088K(285184K)
[44.230s][info][gc,heap        ] GC(258) ParOldGen: 6274985K(6807040K)->6337505K(6807040K)
[44.230s][info][gc,metaspace   ] GC(258) Metaspace: 6298K(6464K)->6298K(6464K) NonClass: 5765K(5824K)->5765K(5824K) Class: 533K(640K)->533K(640K)
[44.230s][info][gc             ] GC(258) Pause Young (Allocation Failure) 6380M->6381M(6992M) 136.761ms
[44.230s][info][gc,cpu         ] GC(258) User=0.52s Sys=0.02s Real=0.14s
[44.298s][info][gc,start       ] GC(259) Pause Young (Allocation Failure)
[44.438s][info][gc,heap        ] GC(259) PSYoungGen: 264672K(352768K)->135488K(344576K) Eden: 67584K(67584K)->0K(76288K) From: 197088K(285184K)->135488K(268288K)
[44.438s][info][gc,heap        ] GC(259) ParOldGen: 6337505K(6807040K)->6467665K(6807040K)
[44.438s][info][gc,metaspace   ] GC(259) Metaspace: 6298K(6464K)->6298K(6464K) NonClass: 5765K(5824K)->5765K(5824K) Class: 533K(640K)->533K(640K)
[44.438s][info][gc             ] GC(259) Pause Young (Allocation Failure) 6447M->6448M(6984M) 139.789ms
[44.438s][info][gc,cpu         ] GC(259) User=0.58s Sys=0.02s Real=0.14s
[44.522s][info][gc,start       ] GC(260) Pause Young (Allocation Failure)
[44.652s][info][gc,heap        ] GC(260) PSYoungGen: 211776K(344576K)->76544K(355328K) Eden: 76288K(76288K)->0K(76288K) From: 135488K(268288K)->76544K(279040K)
[44.652s][info][gc,heap        ] GC(260) ParOldGen: 6467665K(6807040K)->6604009K(6807040K)
[44.652s][info][gc,metaspace   ] GC(260) Metaspace: 6298K(6464K)->6298K(6464K) NonClass: 5765K(5824K)->5765K(5824K) Class: 533K(640K)->533K(640K)
[44.652s][info][gc             ] GC(260) Pause Young (Allocation Failure) 6522M->6523M(6994M) 129.846ms
[44.652s][info][gc,cpu         ] GC(260) User=0.52s Sys=0.03s Real=0.13s
[44.750s][info][gc,start       ] GC(261) Pause Young (Allocation Failure)
[44.861s][info][gc,heap        ] GC(261) PSYoungGen: 152832K(355328K)->76576K(359424K) Eden: 76288K(76288K)->0K(85504K) From: 76544K(279040K)->76576K(273920K)
[44.861s][info][gc,heap        ] GC(261) ParOldGen: 6604009K(6807040K)->6680985K(6807040K)
[44.861s][info][gc,metaspace   ] GC(261) Metaspace: 6298K(6464K)->6298K(6464K) NonClass: 5765K(5824K)->5765K(5824K) Class: 533K(640K)->533K(640K)
[44.861s][info][gc             ] GC(261) Pause Young (Allocation Failure) 6598M->6599M(6998M) 111.558ms
[44.861s][info][gc,cpu         ] GC(261) User=0.45s Sys=0.02s Real=0.11s
[44.861s][info][gc,start       ] GC(262) Pause Full (Ergonomics)
[44.861s][info][gc,phases,start] GC(262) Marking Phase
[46.380s][info][gc,phases      ] GC(262) Marking Phase 1518.661ms
[46.380s][info][gc,phases,start] GC(262) Summary Phase
[46.380s][info][gc,phases      ] GC(262) Summary Phase 0.109ms
[46.380s][info][gc,phases,start] GC(262) Adjust Roots
[46.380s][info][gc,phases      ] GC(262) Adjust Roots 0.160ms
[46.380s][info][gc,phases,start] GC(262) Compaction Phase
[47.060s][info][gc,phases      ] GC(262) Compaction Phase 679.531ms
[47.060s][info][gc,phases,start] GC(262) Post Compact
[47.070s][info][gc,phases      ] GC(262) Post Compact 10.001ms
[47.071s][info][gc,heap        ] GC(262) PSYoungGen: 76576K(359424K)->0K(361984K) Eden: 0K(85504K)->0K(85504K) From: 76576K(273920K)->0K(276480K)
[47.071s][info][gc,heap        ] GC(262) ParOldGen: 6680985K(6807040K)->6752360K(7304704K)
[47.071s][info][gc,metaspace   ] GC(262) Metaspace: 6298K(6464K)->6298K(6464K) NonClass: 5765K(5824K)->5765K(5824K) Class: 533K(640K)->533K(640K)
[47.072s][info][gc             ] GC(262) Pause Full (Ergonomics) 6599M->6594M(7487M) 2210.250ms
[47.072s][info][gc,cpu         ] GC(262) User=15.98s Sys=0.05s Real=2.21s
[47.164s][info][gc,start       ] GC(263) Pause Young (Allocation Failure)
[47.252s][info][gc,heap        ] GC(263) PSYoungGen: 85504K(361984K)->85792K(356352K) Eden: 85504K(85504K)->0K(93696K) From: 0K(276480K)->85792K(262656K)
[47.252s][info][gc,heap        ] GC(263) ParOldGen: 6752360K(7304704K)->6752360K(7304704K)
[47.252s][info][gc,metaspace   ] GC(263) Metaspace: 6298K(6464K)->6298K(6464K) NonClass: 5765K(5824K)->5765K(5824K) Class: 533K(640K)->533K(640K)
[47.252s][info][gc             ] GC(263) Pause Young (Allocation Failure) 6677M->6677M(7481M) 88.050ms
[47.252s][info][gc,cpu         ] GC(263) User=0.25s Sys=0.00s Real=0.09s
[47.360s][info][gc,start       ] GC(264) Pause Young (Allocation Failure)
[47.480s][info][gc,heap        ] GC(264) PSYoungGen: 179488K(356352K)->179648K(364544K) Eden: 93696K(93696K)->0K(93696K) From: 85792K(262656K)->179648K(270848K)
[47.480s][info][gc,heap        ] GC(264) ParOldGen: 6752360K(7304704K)->6752360K(7304704K)
[47.480s][info][gc,metaspace   ] GC(264) Metaspace: 6298K(6464K)->6298K(6464K) NonClass: 5765K(5824K)->5765K(5824K) Class: 533K(640K)->533K(640K)
[47.480s][info][gc             ] GC(264) Pause Young (Allocation Failure) 6769M->6769M(7489M) 120.311ms
[47.480s][info][gc,cpu         ] GC(264) User=0.30s Sys=0.02s Real=0.12s
[47.581s][info][gc,start       ] GC(265) Pause Young (Allocation Failure)
[47.739s][info][gc,heap        ] GC(265) PSYoungGen: 273344K(364544K)->273504K(340992K) Eden: 93696K(93696K)->0K(66048K) From: 179648K(270848K)->273504K(274944K)
[47.739s][info][gc,heap        ] GC(265) ParOldGen: 6752360K(7304704K)->6752360K(7304704K)
[47.739s][info][gc,metaspace   ] GC(265) Metaspace: 6298K(6464K)->6298K(6464K) NonClass: 5765K(5824K)->5765K(5824K) Class: 533K(640K)->533K(640K)
[47.739s][info][gc             ] GC(265) Pause Young (Allocation Failure) 6861M->6861M(7466M) 157.640ms
[47.739s][info][gc,cpu         ] GC(265) User=0.72s Sys=0.00s Real=0.16s
[47.804s][info][gc,start       ] GC(266) Pause Young (Allocation Failure)
[47.964s][info][gc,heap        ] GC(266) PSYoungGen: 339552K(340992K)->254016K(377856K) Eden: 66048K(66048K)->0K(66048K) From: 273504K(274944K)->254016K(311808K)
[47.964s][info][gc,heap        ] GC(266) ParOldGen: 6752360K(7304704K)->6838640K(7304704K)
[47.964s][info][gc,metaspace   ] GC(266) Metaspace: 6298K(6464K)->6298K(6464K) NonClass: 5765K(5824K)->5765K(5824K) Class: 533K(640K)->533K(640K)
[47.964s][info][gc             ] GC(266) Pause Young (Allocation Failure) 6925M->6926M(7502M) 159.757ms
[47.964s][info][gc,cpu         ] GC(266) User=0.98s Sys=0.05s Real=0.16s
[48.032s][info][gc,start       ] GC(267) Pause Young (Allocation Failure)
[48.186s][info][gc,heap        ] GC(267) PSYoungGen: 320064K(377856K)->226336K(400896K) Eden: 66048K(66048K)->0K(66560K) From: 254016K(311808K)->226336K(334336K)
[48.187s][info][gc,heap        ] GC(267) ParOldGen: 6838640K(7304704K)->6933192K(7304704K)
[48.187s][info][gc,metaspace   ] GC(267) Metaspace: 6298K(6464K)->6298K(6464K) NonClass: 5765K(5824K)->5765K(5824K) Class: 533K(640K)->533K(640K)
[48.187s][info][gc             ] GC(267) Pause Young (Allocation Failure) 6990M->6991M(7525M) 154.845ms
[48.187s][info][gc,cpu         ] GC(267) User=0.77s Sys=0.12s Real=0.16s
[48.258s][info][gc,start       ] GC(268) Pause Young (Allocation Failure)
[48.404s][info][gc,heap        ] GC(268) PSYoungGen: 292896K(400896K)->199136K(408064K) Eden: 66560K(66560K)->0K(66560K) From: 226336K(334336K)->199136K(341504K)
[48.404s][info][gc,heap        ] GC(268) ParOldGen: 6933192K(7304704K)->7027736K(7304704K)
[48.404s][info][gc,metaspace   ] GC(268) Metaspace: 6298K(6464K)->6298K(6464K) NonClass: 5765K(5824K)->5765K(5824K) Class: 533K(640K)->533K(640K)
[48.404s][info][gc             ] GC(268) Pause Young (Allocation Failure) 7056M->7057M(7532M) 146.608ms
[48.404s][info][gc,cpu         ] GC(268) User=0.83s Sys=0.05s Real=0.15s
[48.469s][info][gc,start       ] GC(269) Pause Young (Allocation Failure)
[48.609s][info][gc,heap        ] GC(269) PSYoungGen: 265696K(408064K)->133472K(391168K) Eden: 66560K(66560K)->0K(75264K) From: 199136K(341504K)->133472K(315904K)
[48.609s][info][gc,heap        ] GC(269) ParOldGen: 7027736K(7304704K)->7160992K(7304704K)
[48.609s][info][gc,metaspace   ] GC(269) Metaspace: 6298K(6464K)->6298K(6464K) NonClass: 5765K(5824K)->5765K(5824K) Class: 533K(640K)->533K(640K)
[48.609s][info][gc             ] GC(269) Pause Young (Allocation Failure) 7122M->7123M(7515M) 140.484ms
[48.610s][info][gc,cpu         ] GC(269) User=0.86s Sys=0.03s Real=0.14s
[48.610s][info][gc,start       ] GC(270) Pause Full (Ergonomics)
[48.610s][info][gc,phases,start] GC(270) Marking Phase
[50.277s][info][gc,phases      ] GC(270) Marking Phase 1667.204ms
[50.277s][info][gc,phases,start] GC(270) Summary Phase
[50.277s][info][gc,phases      ] GC(270) Summary Phase 0.118ms
[50.277s][info][gc,phases,start] GC(270) Adjust Roots
[50.277s][info][gc,phases      ] GC(270) Adjust Roots 0.196ms
[50.277s][info][gc,phases,start] GC(270) Compaction Phase
[50.974s][info][gc,phases      ] GC(270) Compaction Phase 696.780ms
[50.974s][info][gc,phases,start] GC(270) Post Compact
[50.988s][info][gc,phases      ] GC(270) Post Compact 13.975ms
[50.988s][info][gc,heap        ] GC(270) PSYoungGen: 133472K(391168K)->0K(400896K) Eden: 0K(75264K)->0K(75264K) From: 133472K(315904K)->0K(325632K)
[50.988s][info][gc,heap        ] GC(270) ParOldGen: 7160992K(7304704K)->7290252K(7304704K)
[50.988s][info][gc,metaspace   ] GC(270) Metaspace: 6298K(6464K)->6298K(6464K) NonClass: 5765K(5824K)->5765K(5824K) Class: 533K(640K)->533K(640K)
[50.988s][info][gc             ] GC(270) Pause Full (Ergonomics) 7123M->7119M(7525M) 2378.653ms
[50.988s][info][gc,cpu         ] GC(270) User=17.34s Sys=0.08s Real=2.38s
[51.071s][info][gc,start       ] GC(271) Pause Full (Ergonomics)
[51.071s][info][gc,phases,start] GC(271) Marking Phase
[52.743s][info][gc,phases      ] GC(271) Marking Phase 1672.454ms
[52.743s][info][gc,phases,start] GC(271) Summary Phase
[52.744s][info][gc,phases      ] GC(271) Summary Phase 0.095ms
[52.744s][info][gc,phases,start] GC(271) Adjust Roots
[52.744s][info][gc,phases      ] GC(271) Adjust Roots 0.206ms
[52.744s][info][gc,phases,start] GC(271) Compaction Phase
[53.317s][info][gc,phases      ] GC(271) Compaction Phase 572.805ms
[53.317s][info][gc,phases,start] GC(271) Post Compact
[53.327s][info][gc,phases      ] GC(271) Post Compact 10.786ms
[53.328s][info][gc,heap        ] GC(271) PSYoungGen: 75264K(400896K)->60902K(400896K) Eden: 75264K(75264K)->60902K(75264K) From: 0K(325632K)->0K(325632K)
[53.328s][info][gc,heap        ] GC(271) ParOldGen: 7290252K(7304704K)->7304583K(7304704K)
[53.328s][info][gc,metaspace   ] GC(271) Metaspace: 6298K(6464K)->6298K(6464K) NonClass: 5765K(5824K)->5765K(5824K) Class: 533K(640K)->533K(640K)
[53.328s][info][gc             ] GC(271) Pause Full (Ergonomics) 7192M->7192M(7525M) 2256.730ms
[53.328s][info][gc,cpu         ] GC(271) User=16.75s Sys=0.02s Real=2.26s
[53.345s][info][gc,start       ] GC(272) Pause Full (Ergonomics)
[53.345s][info][gc,phases,start] GC(272) Marking Phase
[55.019s][info][gc,phases      ] GC(272) Marking Phase 1673.490ms
[55.019s][info][gc,phases,start] GC(272) Summary Phase
[55.019s][info][gc,phases      ] GC(272) Summary Phase 0.072ms
[55.019s][info][gc,phases,start] GC(272) Adjust Roots
[55.019s][info][gc,phases      ] GC(272) Adjust Roots 0.190ms
[55.019s][info][gc,phases,start] GC(272) Compaction Phase
[55.587s][info][gc,phases      ] GC(272) Compaction Phase 567.326ms
[55.587s][info][gc,phases,start] GC(272) Post Compact
[55.597s][info][gc,phases      ] GC(272) Post Compact 10.795ms
[55.597s][info][gc,heap        ] GC(272) PSYoungGen: 75264K(400896K)->75257K(400896K) Eden: 75264K(75264K)->75257K(75264K) From: 0K(325632K)->0K(325632K)
[55.597s][info][gc,heap        ] GC(272) ParOldGen: 7304583K(7304704K)->7304583K(7304704K)
[55.598s][info][gc,metaspace   ] GC(272) Metaspace: 6298K(6464K)->6298K(6464K) NonClass: 5765K(5824K)->5765K(5824K) Class: 533K(640K)->533K(640K)
[55.598s][info][gc             ] GC(272) Pause Full (Ergonomics) 7206M->7206M(7525M) 2252.210ms
[55.598s][info][gc,cpu         ] GC(272) User=16.73s Sys=0.00s Real=2.25s
[55.598s][info][gc,start       ] GC(273) Pause Full (Ergonomics)
[55.598s][info][gc,phases,start] GC(273) Marking Phase
[57.262s][info][gc,phases      ] GC(273) Marking Phase 1663.964ms
[57.262s][info][gc,phases,start] GC(273) Summary Phase
[57.262s][info][gc,phases      ] GC(273) Summary Phase 0.074ms
[57.262s][info][gc,phases,start] GC(273) Adjust Roots
[57.262s][info][gc,phases      ] GC(273) Adjust Roots 0.186ms
[57.262s][info][gc,phases,start] GC(273) Compaction Phase
[57.838s][info][gc,phases      ] GC(273) Compaction Phase 575.920ms
[57.838s][info][gc,phases,start] GC(273) Post Compact
[57.849s][info][gc,phases      ] GC(273) Post Compact 10.748ms
[57.849s][info][gc,heap        ] GC(273) PSYoungGen: 75264K(400896K)->75263K(400896K) Eden: 75264K(75264K)->75263K(75264K) From: 0K(325632K)->0K(325632K)
[57.849s][info][gc,heap        ] GC(273) ParOldGen: 7304583K(7304704K)->7304583K(7304704K)
[57.849s][info][gc,metaspace   ] GC(273) Metaspace: 6298K(6464K)->6298K(6464K) NonClass: 5765K(5824K)->5765K(5824K) Class: 533K(640K)->533K(640K)
[57.849s][info][gc             ] GC(273) Pause Full (Ergonomics) 7206M->7206M(7525M) 2251.171ms
[57.849s][info][gc,cpu         ] GC(273) User=16.62s Sys=0.02s Real=2.25s
[57.849s][info][gc,start       ] GC(274) Pause Full (Ergonomics)
[57.849s][info][gc,phases,start] GC(274) Marking Phase
[59.530s][info][gc,phases      ] GC(274) Marking Phase 1680.683ms
[59.530s][info][gc,phases,start] GC(274) Summary Phase
[59.530s][info][gc,phases      ] GC(274) Summary Phase 0.079ms
[59.530s][info][gc,phases,start] GC(274) Adjust Roots
[59.530s][info][gc,phases      ] GC(274) Adjust Roots 0.294ms
[59.530s][info][gc,phases,start] GC(274) Compaction Phase
[60.101s][info][gc,phases      ] GC(274) Compaction Phase 570.865ms
[60.101s][info][gc,phases,start] GC(274) Post Compact
[60.112s][info][gc,phases      ] GC(274) Post Compact 10.790ms
[60.112s][info][gc,heap        ] GC(274) PSYoungGen: 75263K(400896K)->75263K(400896K) Eden: 75263K(75264K)->75263K(75264K) From: 0K(325632K)->0K(325632K)
[60.112s][info][gc,heap        ] GC(274) ParOldGen: 7304583K(7304704K)->7304583K(7304704K)
[60.112s][info][gc,metaspace   ] GC(274) Metaspace: 6298K(6464K)->6298K(6464K) NonClass: 5765K(5824K)->5765K(5824K) Class: 533K(640K)->533K(640K)
[60.112s][info][gc             ] GC(274) Pause Full (Ergonomics) 7206M->7206M(7525M) 2262.990ms
[60.112s][info][gc,cpu         ] GC(274) User=16.84s Sys=0.02s Real=2.26s
[60.112s][info][gc,start       ] GC(275) Pause Full (Ergonomics)
[60.112s][info][gc,phases,start] GC(275) Marking Phase
[61.797s][info][gc,phases      ] GC(275) Marking Phase 1684.438ms
[61.797s][info][gc,phases,start] GC(275) Summary Phase
[61.797s][info][gc,phases      ] GC(275) Summary Phase 0.167ms
[61.797s][info][gc,phases,start] GC(275) Adjust Roots
[61.797s][info][gc,phases      ] GC(275) Adjust Roots 0.258ms
[61.797s][info][gc,phases,start] GC(275) Compaction Phase
[62.380s][info][gc,phases      ] GC(275) Compaction Phase 582.561ms
[62.380s][info][gc,phases,start] GC(275) Post Compact
[62.391s][info][gc,phases      ] GC(275) Post Compact 10.821ms
[62.391s][info][gc,heap        ] GC(275) PSYoungGen: 75264K(400896K)->75264K(400896K) Eden: 75264K(75264K)->75264K(75264K) From: 0K(325632K)->0K(325632K)
[62.391s][info][gc,heap        ] GC(275) ParOldGen: 7304588K(7304704K)->7304588K(7304704K)
[62.391s][info][gc,metaspace   ] GC(275) Metaspace: 6298K(6464K)->6298K(6464K) NonClass: 5765K(5824K)->5765K(5824K) Class: 533K(640K)->533K(640K)
[62.391s][info][gc             ] GC(275) Pause Full (Ergonomics) 7206M->7206M(7525M) 2278.592ms
[62.391s][info][gc,cpu         ] GC(275) User=16.94s Sys=0.00s Real=2.28s
[62.391s][info][gc,start       ] GC(276) Pause Full (Ergonomics)
[62.391s][info][gc,phases,start] GC(276) Marking Phase
[64.080s][info][gc,phases      ] GC(276) Marking Phase 1689.351ms
[64.080s][info][gc,phases,start] GC(276) Summary Phase
[64.081s][info][gc,phases      ] GC(276) Summary Phase 0.103ms
[64.081s][info][gc,phases,start] GC(276) Adjust Roots
[64.081s][info][gc,phases      ] GC(276) Adjust Roots 0.187ms
[64.081s][info][gc,phases,start] GC(276) Compaction Phase
[64.663s][info][gc,phases      ] GC(276) Compaction Phase 582.266ms
[64.663s][info][gc,phases,start] GC(276) Post Compact
[64.674s][info][gc,phases      ] GC(276) Post Compact 10.710ms
[64.674s][info][gc,heap        ] GC(276) PSYoungGen: 75264K(400896K)->75264K(400896K) Eden: 75264K(75264K)->75264K(75264K) From: 0K(325632K)->0K(325632K)
[64.674s][info][gc,heap        ] GC(276) ParOldGen: 7304593K(7304704K)->7304593K(7304704K)
[64.674s][info][gc,metaspace   ] GC(276) Metaspace: 6298K(6464K)->6298K(6464K) NonClass: 5765K(5824K)->5765K(5824K) Class: 533K(640K)->533K(640K)
[64.674s][info][gc             ] GC(276) Pause Full (Ergonomics) 7206M->7206M(7525M) 2282.923ms
[64.674s][info][gc,cpu         ] GC(276) User=16.83s Sys=0.00s Real=2.28s
[64.674s][info][gc,start       ] GC(277) Pause Full (Ergonomics)
[64.674s][info][gc,phases,start] GC(277) Marking Phase
[66.382s][info][gc,phases      ] GC(277) Marking Phase 1708.037ms
[66.382s][info][gc,phases,start] GC(277) Summary Phase
[66.382s][info][gc,phases      ] GC(277) Summary Phase 0.072ms
[66.382s][info][gc,phases,start] GC(277) Adjust Roots
[66.382s][info][gc,phases      ] GC(277) Adjust Roots 0.165ms
[66.383s][info][gc,phases,start] GC(277) Compaction Phase
[66.946s][info][gc,phases      ] GC(277) Compaction Phase 563.514ms
[66.946s][info][gc,phases,start] GC(277) Post Compact
[66.957s][info][gc,phases      ] GC(277) Post Compact 10.755ms
[66.957s][info][gc,heap        ] GC(277) PSYoungGen: 75264K(400896K)->75264K(400896K) Eden: 75264K(75264K)->75264K(75264K) From: 0K(325632K)->0K(325632K)
[66.957s][info][gc,heap        ] GC(277) ParOldGen: 7304597K(7304704K)->7304597K(7304704K)
[66.957s][info][gc,metaspace   ] GC(277) Metaspace: 6298K(6464K)->6298K(6464K) NonClass: 5765K(5824K)->5765K(5824K) Class: 533K(640K)->533K(640K)
[66.957s][info][gc             ] GC(277) Pause Full (Ergonomics) 7206M->7206M(7525M) 2282.867ms
[66.957s][info][gc,cpu         ] GC(277) User=17.19s Sys=0.00s Real=2.28s
[66.957s][info][gc,start       ] GC(278) Pause Full (Ergonomics)
[66.957s][info][gc,phases,start] GC(278) Marking Phase
[68.641s][info][gc,phases      ] GC(278) Marking Phase 1683.440ms
[68.641s][info][gc,phases,start] GC(278) Summary Phase
[68.641s][info][gc,phases      ] GC(278) Summary Phase 0.071ms
[68.641s][info][gc,phases,start] GC(278) Adjust Roots
[68.641s][info][gc,phases      ] GC(278) Adjust Roots 0.168ms
[68.641s][info][gc,phases,start] GC(278) Compaction Phase
[69.227s][info][gc,phases      ] GC(278) Compaction Phase 585.983ms
[69.227s][info][gc,phases,start] GC(278) Post Compact
[69.238s][info][gc,phases      ] GC(278) Post Compact 10.750ms
[69.238s][info][gc,heap        ] GC(278) PSYoungGen: 75264K(400896K)->75264K(400896K) Eden: 75264K(75264K)->75264K(75264K) From: 0K(325632K)->0K(325632K)
[69.238s][info][gc,heap        ] GC(278) ParOldGen: 7304602K(7304704K)->7304602K(7304704K)
[69.238s][info][gc,metaspace   ] GC(278) Metaspace: 6298K(6464K)->6298K(6464K) NonClass: 5765K(5824K)->5765K(5824K) Class: 533K(640K)->533K(640K)
[69.238s][info][gc             ] GC(278) Pause Full (Ergonomics) 7206M->7206M(7525M) 2280.703ms
[69.238s][info][gc,cpu         ] GC(278) User=16.86s Sys=0.02s Real=2.28s
[69.238s][info][gc,start       ] GC(279) Pause Full (Ergonomics)
[69.238s][info][gc,phases,start] GC(279) Marking Phase
[70.942s][info][gc,phases      ] GC(279) Marking Phase 1703.558ms
[70.942s][info][gc,phases,start] GC(279) Summary Phase
[70.942s][info][gc,phases      ] GC(279) Summary Phase 0.073ms
[70.942s][info][gc,phases,start] GC(279) Adjust Roots
[70.942s][info][gc,phases      ] GC(279) Adjust Roots 0.162ms
[70.942s][info][gc,phases,start] GC(279) Compaction Phase
[71.549s][info][gc,phases      ] GC(279) Compaction Phase 606.588ms
[71.549s][info][gc,phases,start] GC(279) Post Compact
[71.559s][info][gc,phases      ] GC(279) Post Compact 10.632ms
[71.559s][info][gc,heap        ] GC(279) PSYoungGen: 75264K(400896K)->75264K(400896K) Eden: 75264K(75264K)->75264K(75264K) From: 0K(325632K)->0K(325632K)
[71.559s][info][gc,heap        ] GC(279) ParOldGen: 7304607K(7304704K)->7304607K(7304704K)
[71.559s][info][gc,metaspace   ] GC(279) Metaspace: 6298K(6464K)->6298K(6464K) NonClass: 5765K(5824K)->5765K(5824K) Class: 533K(640K)->533K(640K)
[71.559s][info][gc             ] GC(279) Pause Full (Ergonomics) 7206M->7206M(7525M) 2321.298ms
[71.559s][info][gc,cpu         ] GC(279) User=16.88s Sys=0.02s Real=2.32s
[71.560s][info][gc,start       ] GC(280) Pause Full (Ergonomics)
[71.560s][info][gc,phases,start] GC(280) Marking Phase
[73.254s][info][gc,phases      ] GC(280) Marking Phase 1693.980ms
[73.254s][info][gc,phases,start] GC(280) Summary Phase
[73.254s][info][gc,phases      ] GC(280) Summary Phase 0.096ms
[73.254s][info][gc,phases,start] GC(280) Adjust Roots
[73.254s][info][gc,phases      ] GC(280) Adjust Roots 0.212ms
[73.254s][info][gc,phases,start] GC(280) Compaction Phase
[73.836s][info][gc,phases      ] GC(280) Compaction Phase 582.199ms
[73.836s][info][gc,phases,start] GC(280) Post Compact
[73.847s][info][gc,phases      ] GC(280) Post Compact 10.754ms
[73.847s][info][gc,heap        ] GC(280) PSYoungGen: 75264K(400896K)->75264K(400896K) Eden: 75264K(75264K)->75264K(75264K) From: 0K(325632K)->0K(325632K)
[73.847s][info][gc,heap        ] GC(280) ParOldGen: 7304612K(7304704K)->7304612K(7304704K)
[73.847s][info][gc,metaspace   ] GC(280) Metaspace: 6298K(6464K)->6298K(6464K) NonClass: 5765K(5824K)->5765K(5824K) Class: 533K(640K)->533K(640K)
[73.847s][info][gc             ] GC(280) Pause Full (Ergonomics) 7206M->7206M(7525M) 2287.608ms
[73.847s][info][gc,cpu         ] GC(280) User=17.02s Sys=0.00s Real=2.29s
[73.847s][info][gc,start       ] GC(281) Pause Full (Ergonomics)
[73.847s][info][gc,phases,start] GC(281) Marking Phase
[75.534s][info][gc,phases      ] GC(281) Marking Phase 1686.975ms
[75.534s][info][gc,phases,start] GC(281) Summary Phase
[75.534s][info][gc,phases      ] GC(281) Summary Phase 0.071ms
[75.534s][info][gc,phases,start] GC(281) Adjust Roots
[75.535s][info][gc,phases      ] GC(281) Adjust Roots 0.169ms
[75.535s][info][gc,phases,start] GC(281) Compaction Phase
[76.133s][info][gc,phases      ] GC(281) Compaction Phase 597.883ms
[76.133s][info][gc,phases,start] GC(281) Post Compact
[76.143s][info][gc,phases      ] GC(281) Post Compact 10.625ms
[76.143s][info][gc,heap        ] GC(281) PSYoungGen: 75264K(400896K)->75264K(400896K) Eden: 75264K(75264K)->75264K(75264K) From: 0K(325632K)->0K(325632K)
[76.143s][info][gc,heap        ] GC(281) ParOldGen: 7304617K(7304704K)->7304617K(7304704K)
[76.143s][info][gc,metaspace   ] GC(281) Metaspace: 6298K(6464K)->6298K(6464K) NonClass: 5765K(5824K)->5765K(5824K) Class: 533K(640K)->533K(640K)
[76.143s][info][gc             ] GC(281) Pause Full (Ergonomics) 7206M->7206M(7525M) 2296.003ms
[76.143s][info][gc,cpu         ] GC(281) User=16.97s Sys=0.00s Real=2.30s
[76.143s][info][gc,start       ] GC(282) Pause Full (Ergonomics)
[76.143s][info][gc,phases,start] GC(282) Marking Phase
[77.877s][info][gc,phases      ] GC(282) Marking Phase 1733.544ms
[77.877s][info][gc,phases,start] GC(282) Summary Phase
[77.877s][info][gc,phases      ] GC(282) Summary Phase 0.072ms
[77.877s][info][gc,phases,start] GC(282) Adjust Roots
[77.877s][info][gc,phases      ] GC(282) Adjust Roots 0.211ms
[77.877s][info][gc,phases,start] GC(282) Compaction Phase
[78.453s][info][gc,phases      ] GC(282) Compaction Phase 575.242ms
[78.453s][info][gc,phases,start] GC(282) Post Compact
[78.463s][info][gc,phases      ] GC(282) Post Compact 10.752ms
[78.464s][info][gc,heap        ] GC(282) PSYoungGen: 75264K(400896K)->75264K(400896K) Eden: 75264K(75264K)->75264K(75264K) From: 0K(325632K)->0K(325632K)
[78.464s][info][gc,heap        ] GC(282) ParOldGen: 7304622K(7304704K)->7304622K(7304704K)
[78.464s][info][gc,metaspace   ] GC(282) Metaspace: 6298K(6464K)->6298K(6464K) NonClass: 5765K(5824K)->5765K(5824K) Class: 533K(640K)->533K(640K)
[78.464s][info][gc             ] GC(282) Pause Full (Ergonomics) 7206M->7206M(7525M) 2320.103ms
[78.464s][info][gc,cpu         ] GC(282) User=17.48s Sys=0.00s Real=2.32s
[78.464s][info][gc,start       ] GC(283) Pause Full (Ergonomics)
[78.464s][info][gc,phases,start] GC(283) Marking Phase
[80.183s][info][gc,phases      ] GC(283) Marking Phase 1718.795ms
[80.183s][info][gc,phases,start] GC(283) Summary Phase
[80.183s][info][gc,phases      ] GC(283) Summary Phase 0.071ms
[80.183s][info][gc,phases,start] GC(283) Adjust Roots
[80.183s][info][gc,phases      ] GC(283) Adjust Roots 0.161ms
[80.183s][info][gc,phases,start] GC(283) Compaction Phase
[80.753s][info][gc,phases      ] GC(283) Compaction Phase 570.129ms
[80.753s][info][gc,phases,start] GC(283) Post Compact
[80.764s][info][gc,phases      ] GC(283) Post Compact 10.642ms
[80.764s][info][gc,heap        ] GC(283) PSYoungGen: 75264K(400896K)->75264K(400896K) Eden: 75264K(75264K)->75264K(75264K) From: 0K(325632K)->0K(325632K)
[80.764s][info][gc,heap        ] GC(283) ParOldGen: 7304626K(7304704K)->7304626K(7304704K)
[80.764s][info][gc,metaspace   ] GC(283) Metaspace: 6298K(6464K)->6298K(6464K) NonClass: 5765K(5824K)->5765K(5824K) Class: 533K(640K)->533K(640K)
[80.764s][info][gc             ] GC(283) Pause Full (Ergonomics) 7206M->7206M(7525M) 2300.084ms
[80.764s][info][gc,cpu         ] GC(283) User=17.38s Sys=0.02s Real=2.30s
[80.764s][info][gc,start       ] GC(284) Pause Full (Ergonomics)
[80.764s][info][gc,phases,start] GC(284) Marking Phase
[82.476s][info][gc,phases      ] GC(284) Marking Phase 1711.883ms
[82.476s][info][gc,phases,start] GC(284) Summary Phase
[82.476s][info][gc,phases      ] GC(284) Summary Phase 0.073ms
[82.476s][info][gc,phases,start] GC(284) Adjust Roots
[82.476s][info][gc,phases      ] GC(284) Adjust Roots 0.178ms
[82.476s][info][gc,phases,start] GC(284) Compaction Phase
[83.100s][info][gc,phases      ] GC(284) Compaction Phase 623.665ms
[83.100s][info][gc,phases,start] GC(284) Post Compact
[83.112s][info][gc,phases      ] GC(284) Post Compact 12.061ms
[83.112s][info][gc,heap        ] GC(284) PSYoungGen: 75264K(400896K)->75264K(400896K) Eden: 75264K(75264K)->75264K(75264K) From: 0K(325632K)->0K(325632K)
[83.112s][info][gc,heap        ] GC(284) ParOldGen: 7304631K(7304704K)->7304631K(7304704K)
[83.112s][info][gc,metaspace   ] GC(284) Metaspace: 6298K(6464K)->6298K(6464K) NonClass: 5765K(5824K)->5765K(5824K) Class: 533K(640K)->533K(640K)
[83.112s][info][gc             ] GC(284) Pause Full (Ergonomics) 7206M->7206M(7525M) 2348.174ms
[83.112s][info][gc,cpu         ] GC(284) User=17.23s Sys=0.00s Real=2.35s
[83.112s][info][gc,start       ] GC(285) Pause Full (Ergonomics)
[83.112s][info][gc,phases,start] GC(285) Marking Phase
[84.821s][info][gc,phases      ] GC(285) Marking Phase 1709.055ms
[84.822s][info][gc,phases,start] GC(285) Summary Phase
[84.822s][info][gc,phases      ] GC(285) Summary Phase 0.075ms
[84.822s][info][gc,phases,start] GC(285) Adjust Roots
[84.822s][info][gc,phases      ] GC(285) Adjust Roots 0.170ms
[84.822s][info][gc,phases,start] GC(285) Compaction Phase
[85.409s][info][gc,phases      ] GC(285) Compaction Phase 587.166ms
[85.409s][info][gc,phases,start] GC(285) Post Compact
[85.420s][info][gc,phases      ] GC(285) Post Compact 10.741ms
[85.420s][info][gc,heap        ] GC(285) PSYoungGen: 75264K(400896K)->75264K(400896K) Eden: 75264K(75264K)->75264K(75264K) From: 0K(325632K)->0K(325632K)
[85.420s][info][gc,heap        ] GC(285) ParOldGen: 7304636K(7304704K)->7304636K(7304704K)
[85.420s][info][gc,metaspace   ] GC(285) Metaspace: 6298K(6464K)->6298K(6464K) NonClass: 5765K(5824K)->5765K(5824K) Class: 533K(640K)->533K(640K)
[85.420s][info][gc             ] GC(285) Pause Full (Ergonomics) 7206M->7206M(7525M) 2307.501ms
[85.420s][info][gc,cpu         ] GC(285) User=16.97s Sys=0.02s Real=2.31s
[85.420s][info][gc,start       ] GC(286) Pause Full (Ergonomics)
[85.420s][info][gc,phases,start] GC(286) Marking Phase
[87.140s][info][gc,phases      ] GC(286) Marking Phase 1719.944ms
[87.140s][info][gc,phases,start] GC(286) Summary Phase
[87.140s][info][gc,phases      ] GC(286) Summary Phase 0.078ms
[87.140s][info][gc,phases,start] GC(286) Adjust Roots
[87.140s][info][gc,phases      ] GC(286) Adjust Roots 0.187ms
[87.140s][info][gc,phases,start] GC(286) Compaction Phase
[87.746s][info][gc,phases      ] GC(286) Compaction Phase 605.307ms
[87.746s][info][gc,phases,start] GC(286) Post Compact
[87.757s][info][gc,phases      ] GC(286) Post Compact 10.779ms
[87.757s][info][gc,heap        ] GC(286) PSYoungGen: 75264K(400896K)->75264K(400896K) Eden: 75264K(75264K)->75264K(75264K) From: 0K(325632K)->0K(325632K)
[87.757s][info][gc,heap        ] GC(286) ParOldGen: 7304641K(7304704K)->7304641K(7304704K)
[87.757s][info][gc,metaspace   ] GC(286) Metaspace: 6298K(6464K)->6298K(6464K) NonClass: 5765K(5824K)->5765K(5824K) Class: 533K(640K)->533K(640K)
[87.757s][info][gc             ] GC(286) Pause Full (Ergonomics) 7206M->7206M(7525M) 2336.630ms
[87.757s][info][gc,cpu         ] GC(286) User=17.20s Sys=0.00s Real=2.34s
[87.757s][info][gc,start       ] GC(287) Pause Full (Ergonomics)
[87.757s][info][gc,phases,start] GC(287) Marking Phase
[89.443s][info][gc,phases      ] GC(287) Marking Phase 1685.855ms
[89.443s][info][gc,phases,start] GC(287) Summary Phase
[89.443s][info][gc,phases      ] GC(287) Summary Phase 0.073ms
[89.443s][info][gc,phases,start] GC(287) Adjust Roots
[89.443s][info][gc,phases      ] GC(287) Adjust Roots 0.254ms
[89.443s][info][gc,phases,start] GC(287) Compaction Phase
[90.025s][info][gc,phases      ] GC(287) Compaction Phase 582.180ms
[90.025s][info][gc,phases,start] GC(287) Post Compact
[90.036s][info][gc,phases      ] GC(287) Post Compact 10.790ms
[90.036s][info][gc,heap        ] GC(287) PSYoungGen: 75264K(400896K)->75264K(400896K) Eden: 75264K(75264K)->75264K(75264K) From: 0K(325632K)->0K(325632K)
[90.036s][info][gc,heap        ] GC(287) ParOldGen: 7304646K(7304704K)->7304646K(7304704K)
[90.036s][info][gc,metaspace   ] GC(287) Metaspace: 6298K(6464K)->6298K(6464K) NonClass: 5765K(5824K)->5765K(5824K) Class: 533K(640K)->533K(640K)
[90.036s][info][gc             ] GC(287) Pause Full (Ergonomics) 7206M->7206M(7525M) 2279.462ms
[90.036s][info][gc,cpu         ] GC(287) User=17.14s Sys=0.00s Real=2.28s
[90.037s][info][gc,start       ] GC(288) Pause Full (Ergonomics)
[90.037s][info][gc,phases,start] GC(288) Marking Phase
[91.747s][info][gc,phases      ] GC(288) Marking Phase 1710.471ms
[91.747s][info][gc,phases,start] GC(288) Summary Phase
[91.747s][info][gc,phases      ] GC(288) Summary Phase 0.071ms
[91.747s][info][gc,phases,start] GC(288) Adjust Roots
[91.747s][info][gc,phases      ] GC(288) Adjust Roots 0.168ms
[91.747s][info][gc,phases,start] GC(288) Compaction Phase
[92.329s][info][gc,phases      ] GC(288) Compaction Phase 581.710ms
[92.329s][info][gc,phases,start] GC(288) Post Compact
[92.340s][info][gc,phases      ] GC(288) Post Compact 10.758ms
[92.340s][info][gc,heap        ] GC(288) PSYoungGen: 75264K(400896K)->75264K(400896K) Eden: 75264K(75264K)->75264K(75264K) From: 0K(325632K)->0K(325632K)
[92.340s][info][gc,heap        ] GC(288) ParOldGen: 7304651K(7304704K)->7304651K(7304704K)
[92.340s][info][gc,metaspace   ] GC(288) Metaspace: 6298K(6464K)->6298K(6464K) NonClass: 5765K(5824K)->5765K(5824K) Class: 533K(640K)->533K(640K)
[92.340s][info][gc             ] GC(288) Pause Full (Ergonomics) 7206M->7206M(7525M) 2303.473ms
[92.340s][info][gc,cpu         ] GC(288) User=17.11s Sys=0.02s Real=2.30s
[92.340s][info][gc,start       ] GC(289) Pause Full (Ergonomics)
[92.340s][info][gc,phases,start] GC(289) Marking Phase
[94.054s][info][gc,phases      ] GC(289) Marking Phase 1713.782ms
[94.054s][info][gc,phases,start] GC(289) Summary Phase
[94.054s][info][gc,phases      ] GC(289) Summary Phase 0.076ms
[94.054s][info][gc,phases,start] GC(289) Adjust Roots
[94.054s][info][gc,phases      ] GC(289) Adjust Roots 0.179ms
[94.054s][info][gc,phases,start] GC(289) Compaction Phase
[94.632s][info][gc,phases      ] GC(289) Compaction Phase 577.887ms
[94.632s][info][gc,phases,start] GC(289) Post Compact
[94.643s][info][gc,phases      ] GC(289) Post Compact 10.670ms
[94.643s][info][gc,heap        ] GC(289) PSYoungGen: 75264K(400896K)->75264K(400896K) Eden: 75264K(75264K)->75264K(75264K) From: 0K(325632K)->0K(325632K)
[94.643s][info][gc,heap        ] GC(289) ParOldGen: 7304655K(7304704K)->7304655K(7304704K)
[94.643s][info][gc,metaspace   ] GC(289) Metaspace: 6298K(6464K)->6298K(6464K) NonClass: 5765K(5824K)->5765K(5824K) Class: 533K(640K)->533K(640K)
[94.643s][info][gc             ] GC(289) Pause Full (Ergonomics) 7206M->7206M(7525M) 2302.911ms
[94.643s][info][gc,cpu         ] GC(289) User=17.23s Sys=0.00s Real=2.30s
[94.643s][info][gc,start       ] GC(290) Pause Full (Ergonomics)
[94.643s][info][gc,phases,start] GC(290) Marking Phase
[96.347s][info][gc,phases      ] GC(290) Marking Phase 1703.622ms
[96.347s][info][gc,phases,start] GC(290) Summary Phase
[96.347s][info][gc,phases      ] GC(290) Summary Phase 0.075ms
[96.347s][info][gc,phases,start] GC(290) Adjust Roots
[96.347s][info][gc,phases      ] GC(290) Adjust Roots 0.208ms
[96.347s][info][gc,phases,start] GC(290) Compaction Phase
[96.919s][info][gc,phases      ] GC(290) Compaction Phase 571.751ms
[96.919s][info][gc,phases,start] GC(290) Post Compact
[96.930s][info][gc,phases      ] GC(290) Post Compact 10.577ms
[96.930s][info][gc,heap        ] GC(290) PSYoungGen: 75264K(400896K)->75264K(400896K) Eden: 75264K(75264K)->75264K(75264K) From: 0K(325632K)->0K(325632K)
[96.930s][info][gc,heap        ] GC(290) ParOldGen: 7304660K(7304704K)->7304660K(7304704K)
[96.930s][info][gc,metaspace   ] GC(290) Metaspace: 6298K(6464K)->6298K(6464K) NonClass: 5765K(5824K)->5765K(5824K) Class: 533K(640K)->533K(640K)
[96.930s][info][gc             ] GC(290) Pause Full (Ergonomics) 7206M->7206M(7525M) 2286.533ms
[96.930s][info][gc,cpu         ] GC(290) User=17.23s Sys=0.00s Real=2.29s
[96.930s][info][gc,start       ] GC(291) Pause Full (Ergonomics)
[96.930s][info][gc,phases,start] GC(291) Marking Phase
[98.632s][info][gc,phases      ] GC(291) Marking Phase 1701.637ms
[98.632s][info][gc,phases,start] GC(291) Summary Phase
[98.632s][info][gc,phases      ] GC(291) Summary Phase 0.072ms
[98.632s][info][gc,phases,start] GC(291) Adjust Roots
[98.632s][info][gc,phases      ] GC(291) Adjust Roots 0.159ms
[98.632s][info][gc,phases,start] GC(291) Compaction Phase
[99.213s][info][gc,phases      ] GC(291) Compaction Phase 580.586ms
[99.213s][info][gc,phases,start] GC(291) Post Compact
[99.223s][info][gc,phases      ] GC(291) Post Compact 10.808ms
[99.224s][info][gc,heap        ] GC(291) PSYoungGen: 75264K(400896K)->75264K(400896K) Eden: 75264K(75264K)->75264K(75264K) From: 0K(325632K)->0K(325632K)
[99.224s][info][gc,heap        ] GC(291) ParOldGen: 7304665K(7304704K)->7304665K(7304704K)
[99.224s][info][gc,metaspace   ] GC(291) Metaspace: 6298K(6464K)->6298K(6464K) NonClass: 5765K(5824K)->5765K(5824K) Class: 533K(640K)->533K(640K)
[99.224s][info][gc             ] GC(291) Pause Full (Ergonomics) 7206M->7206M(7525M) 2293.595ms
[99.224s][info][gc,cpu         ] GC(291) User=17.08s Sys=0.00s Real=2.29s
[99.224s][info][gc,start       ] GC(292) Pause Full (Ergonomics)
[99.224s][info][gc,phases,start] GC(292) Marking Phase
[100.949s][info][gc,phases      ] GC(292) Marking Phase 1725.455ms
[100.949s][info][gc,phases,start] GC(292) Summary Phase
[100.949s][info][gc,phases      ] GC(292) Summary Phase 0.079ms
[100.949s][info][gc,phases,start] GC(292) Adjust Roots
[100.950s][info][gc,phases      ] GC(292) Adjust Roots 0.233ms
[100.950s][info][gc,phases,start] GC(292) Compaction Phase
[101.525s][info][gc,phases      ] GC(292) Compaction Phase 574.822ms
[101.525s][info][gc,phases,start] GC(292) Post Compact
[101.535s][info][gc,phases      ] GC(292) Post Compact 10.742ms
[101.535s][info][gc,heap        ] GC(292) PSYoungGen: 75264K(400896K)->75264K(400896K) Eden: 75264K(75264K)->75264K(75264K) From: 0K(325632K)->0K(325632K)
[101.535s][info][gc,heap        ] GC(292) ParOldGen: 7304670K(7304704K)->7304670K(7304704K)
[101.535s][info][gc,metaspace   ] GC(292) Metaspace: 6298K(6464K)->6298K(6464K) NonClass: 5765K(5824K)->5765K(5824K) Class: 533K(640K)->533K(640K)
[101.535s][info][gc             ] GC(292) Pause Full (Ergonomics) 7206M->7206M(7525M) 2311.643ms
[101.535s][info][gc,cpu         ] GC(292) User=17.20s Sys=0.00s Real=2.31s
[101.536s][info][gc,start       ] GC(293) Pause Full (Ergonomics)
[101.536s][info][gc,phases,start] GC(293) Marking Phase
[103.234s][info][gc,phases      ] GC(293) Marking Phase 1698.725ms
[103.234s][info][gc,phases,start] GC(293) Summary Phase
[103.234s][info][gc,phases      ] GC(293) Summary Phase 0.072ms
[103.235s][info][gc,phases,start] GC(293) Adjust Roots
[103.235s][info][gc,phases      ] GC(293) Adjust Roots 0.164ms
[103.235s][info][gc,phases,start] GC(293) Compaction Phase
[103.809s][info][gc,phases      ] GC(293) Compaction Phase 573.957ms
[103.809s][info][gc,phases,start] GC(293) Post Compact
[103.819s][info][gc,phases      ] GC(293) Post Compact 10.767ms
[103.820s][info][gc,heap        ] GC(293) PSYoungGen: 75264K(400896K)->75264K(400896K) Eden: 75264K(75264K)->75264K(75264K) From: 0K(325632K)->0K(325632K)
[103.820s][info][gc,heap        ] GC(293) ParOldGen: 7304675K(7304704K)->7304675K(7304704K)
[103.820s][info][gc,metaspace   ] GC(293) Metaspace: 6298K(6464K)->6298K(6464K) NonClass: 5765K(5824K)->5765K(5824K) Class: 533K(640K)->533K(640K)
[103.820s][info][gc             ] GC(293) Pause Full (Ergonomics) 7206M->7206M(7525M) 2283.971ms
[103.820s][info][gc,cpu         ] GC(293) User=17.12s Sys=0.02s Real=2.28s
[103.820s][info][gc,start       ] GC(294) Pause Full (Ergonomics)
[103.820s][info][gc,phases,start] GC(294) Marking Phase
[105.511s][info][gc,phases      ] GC(294) Marking Phase 1690.856ms
[105.511s][info][gc,phases,start] GC(294) Summary Phase
[105.511s][info][gc,phases      ] GC(294) Summary Phase 0.072ms
[105.511s][info][gc,phases,start] GC(294) Adjust Roots
[105.511s][info][gc,phases      ] GC(294) Adjust Roots 0.162ms
[105.511s][info][gc,phases,start] GC(294) Compaction Phase
[106.106s][info][gc,phases      ] GC(294) Compaction Phase 595.246ms
[106.106s][info][gc,phases,start] GC(294) Post Compact
[106.117s][info][gc,phases      ] GC(294) Post Compact 10.651ms
[106.117s][info][gc,heap        ] GC(294) PSYoungGen: 75264K(400896K)->75264K(400896K) Eden: 75264K(75264K)->75264K(75264K) From: 0K(325632K)->0K(325632K)
[106.117s][info][gc,heap        ] GC(294) ParOldGen: 7304680K(7304704K)->7304680K(7304704K)
[106.117s][info][gc,metaspace   ] GC(294) Metaspace: 6298K(6464K)->6298K(6464K) NonClass: 5765K(5824K)->5765K(5824K) Class: 533K(640K)->533K(640K)
[106.117s][info][gc             ] GC(294) Pause Full (Ergonomics) 7206M->7206M(7525M) 2297.268ms
[106.117s][info][gc,cpu         ] GC(294) User=16.73s Sys=0.11s Real=2.30s
[106.117s][info][gc,start       ] GC(295) Pause Full (Ergonomics)
[106.117s][info][gc,phases,start] GC(295) Marking Phase
[107.829s][info][gc,phases      ] GC(295) Marking Phase 1711.496ms
[107.829s][info][gc,phases,start] GC(295) Summary Phase
[107.829s][info][gc,phases      ] GC(295) Summary Phase 0.072ms
[107.829s][info][gc,phases,start] GC(295) Adjust Roots
[107.829s][info][gc,phases      ] GC(295) Adjust Roots 0.213ms
[107.829s][info][gc,phases,start] GC(295) Compaction Phase
[108.405s][info][gc,phases      ] GC(295) Compaction Phase 576.242ms
[108.405s][info][gc,phases,start] GC(295) Post Compact
[108.416s][info][gc,phases      ] GC(295) Post Compact 10.808ms
[108.416s][info][gc,heap        ] GC(295) PSYoungGen: 75264K(400896K)->75264K(400896K) Eden: 75264K(75264K)->75264K(75264K) From: 0K(325632K)->0K(325632K)
[108.416s][info][gc,heap        ] GC(295) ParOldGen: 7304684K(7304704K)->7304684K(7304704K)
[108.416s][info][gc,metaspace   ] GC(295) Metaspace: 6298K(6464K)->6298K(6464K) NonClass: 5765K(5824K)->5765K(5824K) Class: 533K(640K)->533K(640K)
[108.416s][info][gc             ] GC(295) Pause Full (Ergonomics) 7206M->7206M(7525M) 2299.155ms
[108.416s][info][gc,cpu         ] GC(295) User=17.11s Sys=0.00s Real=2.30s
[108.417s][info][gc,start       ] GC(296) Pause Full (Ergonomics)
[108.417s][info][gc,phases,start] GC(296) Marking Phase
[110.112s][info][gc,phases      ] GC(296) Marking Phase 1695.331ms
[110.112s][info][gc,phases,start] GC(296) Summary Phase
[110.112s][info][gc,phases      ] GC(296) Summary Phase 0.072ms
[110.112s][info][gc,phases,start] GC(296) Adjust Roots
[110.112s][info][gc,phases      ] GC(296) Adjust Roots 0.167ms
[110.112s][info][gc,phases,start] GC(296) Compaction Phase
[110.686s][info][gc,phases      ] GC(296) Compaction Phase 573.997ms
[110.686s][info][gc,phases,start] GC(296) Post Compact
[110.697s][info][gc,phases      ] GC(296) Post Compact 10.797ms
[110.697s][info][gc,heap        ] GC(296) PSYoungGen: 75264K(400896K)->75264K(400896K) Eden: 75264K(75264K)->75264K(75264K) From: 0K(325632K)->0K(325632K)
[110.697s][info][gc,heap        ] GC(296) ParOldGen: 7304689K(7304704K)->7304689K(7304704K)
[110.697s][info][gc,metaspace   ] GC(296) Metaspace: 6298K(6464K)->6298K(6464K) NonClass: 5765K(5824K)->5765K(5824K) Class: 533K(640K)->533K(640K)
[110.697s][info][gc             ] GC(296) Pause Full (Ergonomics) 7206M->7206M(7525M) 2280.668ms
[110.697s][info][gc,cpu         ] GC(296) User=17.02s Sys=0.00s Real=2.28s
[110.697s][info][gc,start       ] GC(297) Pause Full (Ergonomics)
[110.697s][info][gc,phases,start] GC(297) Marking Phase
[112.404s][info][gc,phases      ] GC(297) Marking Phase 1706.357ms
[112.404s][info][gc,phases,start] GC(297) Summary Phase
[112.404s][info][gc,phases      ] GC(297) Summary Phase 0.072ms
[112.404s][info][gc,phases,start] GC(297) Adjust Roots
[112.404s][info][gc,phases      ] GC(297) Adjust Roots 0.162ms
[112.404s][info][gc,phases,start] GC(297) Compaction Phase
[112.986s][info][gc,phases      ] GC(297) Compaction Phase 581.998ms
[112.986s][info][gc,phases,start] GC(297) Post Compact
[112.997s][info][gc,phases      ] GC(297) Post Compact 10.709ms
[112.997s][info][gc,heap        ] GC(297) PSYoungGen: 75264K(400896K)->75264K(400896K) Eden: 75264K(75264K)->75264K(75264K) From: 0K(325632K)->0K(325632K)
[112.997s][info][gc,heap        ] GC(297) ParOldGen: 7304694K(7304704K)->7304694K(7304704K)
[112.997s][info][gc,metaspace   ] GC(297) Metaspace: 6298K(6464K)->6298K(6464K) NonClass: 5765K(5824K)->5765K(5824K) Class: 533K(640K)->533K(640K)
[112.997s][info][gc             ] GC(297) Pause Full (Ergonomics) 7206M->7206M(7525M) 2299.590ms
[112.997s][info][gc,cpu         ] GC(297) User=17.30s Sys=0.00s Real=2.30s
[112.997s][info][gc,start       ] GC(298) Pause Full (Ergonomics)
[112.997s][info][gc,phases,start] GC(298) Marking Phase
[114.692s][info][gc,phases      ] GC(298) Marking Phase 1695.104ms
[114.692s][info][gc,phases,start] GC(298) Summary Phase
[114.692s][info][gc,phases      ] GC(298) Summary Phase 0.071ms
[114.692s][info][gc,phases,start] GC(298) Adjust Roots
[114.693s][info][gc,phases      ] GC(298) Adjust Roots 0.168ms
[114.693s][info][gc,phases,start] GC(298) Compaction Phase
[115.250s][info][gc,phases      ] GC(298) Compaction Phase 556.861ms
[115.250s][info][gc,phases,start] GC(298) Post Compact
[115.260s][info][gc,phases      ] GC(298) Post Compact 10.770ms
[115.260s][info][gc,heap        ] GC(298) PSYoungGen: 75264K(400896K)->75264K(400896K) Eden: 75264K(75264K)->75264K(75264K) From: 0K(325632K)->0K(325632K)
[115.260s][info][gc,heap        ] GC(298) ParOldGen: 7304699K(7304704K)->7304699K(7304704K)
[115.260s][info][gc,metaspace   ] GC(298) Metaspace: 6298K(6464K)->6298K(6464K) NonClass: 5765K(5824K)->5765K(5824K) Class: 533K(640K)->533K(640K)
[115.260s][info][gc             ] GC(298) Pause Full (Ergonomics) 7206M->7206M(7525M) 2263.274ms
[115.261s][info][gc,cpu         ] GC(298) User=16.94s Sys=0.00s Real=2.26s
[115.261s][info][gc,start       ] GC(299) Pause Full (Ergonomics)
[115.261s][info][gc,phases,start] GC(299) Marking Phase
[116.951s][info][gc,phases      ] GC(299) Marking Phase 1690.258ms
[116.951s][info][gc,phases,start] GC(299) Summary Phase
[116.951s][info][gc,phases      ] GC(299) Summary Phase 0.071ms
[116.951s][info][gc,phases,start] GC(299) Adjust Roots
[116.951s][info][gc,phases      ] GC(299) Adjust Roots 0.166ms
[116.951s][info][gc,phases,start] GC(299) Compaction Phase
[117.508s][info][gc,phases      ] GC(299) Compaction Phase 557.019ms
[117.508s][info][gc,phases,start] GC(299) Post Compact
[117.519s][info][gc,phases      ] GC(299) Post Compact 10.837ms
[117.519s][info][gc,heap        ] GC(299) PSYoungGen: 75264K(400896K)->75264K(400896K) Eden: 75264K(75264K)->75264K(75264K) From: 0K(325632K)->0K(325632K)
[117.519s][info][gc,heap        ] GC(299) ParOldGen: 7304703K(7304704K)->7304703K(7304704K)
[117.519s][info][gc,metaspace   ] GC(299) Metaspace: 6298K(6464K)->6298K(6464K) NonClass: 5765K(5824K)->5765K(5824K) Class: 533K(640K)->533K(640K)
[117.519s][info][gc             ] GC(299) Pause Full (Ergonomics) 7206M->7206M(7525M) 2258.653ms
[117.519s][info][gc,cpu         ] GC(299) User=16.98s Sys=0.03s Real=2.26s
[117.519s][info][gc,start       ] GC(300) Pause Full (Allocation Failure)
[117.519s][info][gc,phases,start] GC(300) Marking Phase
[119.235s][info][gc,phases      ] GC(300) Marking Phase 1715.962ms
[119.235s][info][gc,phases,start] GC(300) Summary Phase
[119.236s][info][gc,phases      ] GC(300) Summary Phase 0.075ms
[119.236s][info][gc,phases,start] GC(300) Adjust Roots
[119.236s][info][gc,phases      ] GC(300) Adjust Roots 0.413ms
[119.236s][info][gc,phases,start] GC(300) Compaction Phase
[121.125s][info][gc,phases      ] GC(300) Compaction Phase 1889.407ms
[121.126s][info][gc,phases,start] GC(300) Post Compact
[121.136s][info][gc,phases      ] GC(300) Post Compact 10.776ms
[121.136s][info][gc,heap        ] GC(300) PSYoungGen: 75264K(400896K)->75264K(400896K) Eden: 75264K(75264K)->75264K(75264K) From: 0K(325632K)->0K(325632K)
[121.136s][info][gc,heap        ] GC(300) ParOldGen: 7304703K(7304704K)->7304699K(7304704K)
[121.136s][info][gc,metaspace   ] GC(300) Metaspace: 6298K(6464K)->6296K(6464K) NonClass: 5765K(5824K)->5763K(5824K) Class: 533K(640K)->532K(640K)
[121.136s][info][gc             ] GC(300) Pause Full (Allocation Failure) 7206M->7206M(7525M) 3617.035ms
[121.136s][info][gc,cpu         ] GC(300) User=26.89s Sys=0.02s Real=3.62s
[121.137s][info][gc,start       ] GC(301) Pause Full (Ergonomics)
[121.137s][info][gc,phases,start] GC(301) Marking Phase
[122.821s][info][gc,phases      ] GC(301) Marking Phase 1684.591ms
[122.822s][info][gc,phases,start] GC(301) Summary Phase
[122.822s][info][gc,phases      ] GC(301) Summary Phase 0.103ms
[122.822s][info][gc,phases,start] GC(301) Adjust Roots
[122.822s][info][gc,phases      ] GC(301) Adjust Roots 0.168ms
[122.822s][info][gc,phases,start] GC(301) Compaction Phase
[123.365s][info][gc,phases      ] GC(301) Compaction Phase 542.836ms
[123.365s][info][gc,phases,start] GC(301) Post Compact
[123.375s][info][gc,phases      ] GC(301) Post Compact 10.630ms
[123.375s][info][gc,heap        ] GC(301) PSYoungGen: 75264K(400896K)->75264K(400896K) Eden: 75264K(75264K)->75264K(75264K) From: 0K(325632K)->0K(325632K)
[123.375s][info][gc,heap        ] GC(301) ParOldGen: 7304699K(7304704K)->7304699K(7304704K)
[123.375s][info][gc,metaspace   ] GC(301) Metaspace: 6296K(6464K)->6296K(6464K) NonClass: 5763K(5824K)->5763K(5824K) Class: 532K(640K)->532K(640K)
[123.376s][info][gc             ] GC(301) Pause Full (Ergonomics) 7206M->7206M(7525M) 2238.656ms
[123.376s][info][gc,cpu         ] GC(301) User=16.67s Sys=0.00s Real=2.24s
[123.376s][info][gc,start       ] GC(302) Pause Full (Ergonomics)
[123.376s][info][gc,phases,start] GC(302) Marking Phase
[125.057s][info][gc,phases      ] GC(302) Marking Phase 1681.054ms
[125.057s][info][gc,phases,start] GC(302) Summary Phase
[125.057s][info][gc,phases      ] GC(302) Summary Phase 0.076ms
[125.057s][info][gc,phases,start] GC(302) Adjust Roots
[125.057s][info][gc,phases      ] GC(302) Adjust Roots 0.175ms
[125.057s][info][gc,phases,start] GC(302) Compaction Phase
[125.599s][info][gc,phases      ] GC(302) Compaction Phase 541.492ms
[125.599s][info][gc,phases,start] GC(302) Post Compact
[125.610s][info][gc,phases      ] GC(302) Post Compact 10.761ms
[125.610s][info][gc,heap        ] GC(302) PSYoungGen: 75264K(400896K)->75264K(400896K) Eden: 75264K(75264K)->75264K(75264K) From: 0K(325632K)->0K(325632K)
[125.610s][info][gc,heap        ] GC(302) ParOldGen: 7304703K(7304704K)->7304703K(7304704K)
[125.610s][info][gc,metaspace   ] GC(302) Metaspace: 6296K(6464K)->6296K(6464K) NonClass: 5763K(5824K)->5763K(5824K) Class: 532K(640K)->532K(640K)
[125.610s][info][gc             ] GC(302) Pause Full (Ergonomics) 7206M->7206M(7525M) 2233.886ms
[125.610s][info][gc,cpu         ] GC(302) User=16.53s Sys=0.02s Real=2.23s
[125.610s][info][gc,start       ] GC(303) Pause Full (Allocation Failure)
[125.610s][info][gc,phases,start] GC(303) Marking Phase
[127.299s][info][gc,phases      ] GC(303) Marking Phase 1688.765ms
[127.299s][info][gc,phases,start] GC(303) Summary Phase
[127.299s][info][gc,phases      ] GC(303) Summary Phase 0.082ms
[127.299s][info][gc,phases,start] GC(303) Adjust Roots
[127.299s][info][gc,phases      ] GC(303) Adjust Roots 0.220ms
[127.299s][info][gc,phases,start] GC(303) Compaction Phase
[127.824s][info][gc,phases      ] GC(303) Compaction Phase 524.985ms
[127.824s][info][gc,phases,start] GC(303) Post Compact
[127.835s][info][gc,phases      ] GC(303) Post Compact 10.713ms
[127.835s][info][gc,heap        ] GC(303) PSYoungGen: 75264K(400896K)->75264K(400896K) Eden: 75264K(75264K)->75264K(75264K) From: 0K(325632K)->0K(325632K)
[127.835s][info][gc,heap        ] GC(303) ParOldGen: 7304703K(7304704K)->7304703K(7304704K)
[127.835s][info][gc,metaspace   ] GC(303) Metaspace: 6296K(6464K)->6296K(6464K) NonClass: 5763K(5824K)->5763K(5824K) Class: 532K(640K)->532K(640K)
[127.835s][info][gc             ] GC(303) Pause Full (Allocation Failure) 7206M->7206M(7525M) 2225.074ms
[127.835s][info][gc,cpu         ] GC(303) User=16.48s Sys=0.03s Real=2.23s
[127.835s][info][gc,start       ] GC(304) Pause Full (Ergonomics)
[127.835s][info][gc,phases,start] GC(304) Marking Phase
[129.505s][info][gc,phases      ] GC(304) Marking Phase 1669.449ms
[129.505s][info][gc,phases,start] GC(304) Summary Phase
[129.505s][info][gc,phases      ] GC(304) Summary Phase 0.074ms
[129.505s][info][gc,phases,start] GC(304) Adjust Roots
[129.505s][info][gc,phases      ] GC(304) Adjust Roots 0.271ms
[129.505s][info][gc,phases,start] GC(304) Compaction Phase
[131.386s][info][gc,phases      ] GC(304) Compaction Phase 1880.719ms
[131.386s][info][gc,phases,start] GC(304) Post Compact
[131.397s][info][gc,phases      ] GC(304) Post Compact 10.812ms
[131.397s][info][gc,heap        ] GC(304) PSYoungGen: 75264K(400896K)->75264K(400896K) Eden: 75264K(75264K)->75264K(75264K) From: 0K(325632K)->0K(325632K)
[131.397s][info][gc,heap        ] GC(304) ParOldGen: 7304703K(7304704K)->7304702K(7304704K)
[131.397s][info][gc,metaspace   ] GC(304) Metaspace: 6296K(6464K)->6296K(6464K) NonClass: 5763K(5824K)->5763K(5824K) Class: 532K(640K)->532K(640K)
[131.397s][info][gc             ] GC(304) Pause Full (Ergonomics) 7206M->7206M(7525M) 3561.636ms
[131.397s][info][gc,cpu         ] GC(304) User=25.94s Sys=0.03s Real=3.56s
[131.397s][info][gc,start       ] GC(305) Pause Full (Ergonomics)
[131.397s][info][gc,phases,start] GC(305) Marking Phase
[133.079s][info][gc,phases      ] GC(305) Marking Phase 1681.780ms
[133.079s][info][gc,phases,start] GC(305) Summary Phase
[133.079s][info][gc,phases      ] GC(305) Summary Phase 0.091ms
[133.079s][info][gc,phases,start] GC(305) Adjust Roots
[133.080s][info][gc,phases      ] GC(305) Adjust Roots 0.231ms
[133.080s][info][gc,phases,start] GC(305) Compaction Phase
[133.614s][info][gc,phases      ] GC(305) Compaction Phase 534.101ms
[133.614s][info][gc,phases,start] GC(305) Post Compact
[133.624s][info][gc,phases      ] GC(305) Post Compact 10.705ms
[133.624s][info][gc,heap        ] GC(305) PSYoungGen: 75264K(400896K)->75264K(400896K) Eden: 75264K(75264K)->75264K(75264K) From: 0K(325632K)->0K(325632K)
[133.625s][info][gc,heap        ] GC(305) ParOldGen: 7304702K(7304704K)->7304702K(7304704K)
[133.625s][info][gc,metaspace   ] GC(305) Metaspace: 6296K(6464K)->6296K(6464K) NonClass: 5763K(5824K)->5763K(5824K) Class: 532K(640K)->532K(640K)
[133.625s][info][gc             ] GC(305) Pause Full (Ergonomics) 7206M->7206M(7525M) 2227.219ms
[133.625s][info][gc,cpu         ] GC(305) User=16.41s Sys=0.00s Real=2.23s
[133.626s][info][gc,start       ] GC(306) Pause Full (Ergonomics)
[133.626s][info][gc,phases,start] GC(306) Marking Phase
[135.289s][info][gc,phases      ] GC(306) Marking Phase 1662.960ms
[135.289s][info][gc,phases,start] GC(306) Summary Phase
[135.289s][info][gc,phases      ] GC(306) Summary Phase 0.128ms
[135.289s][info][gc,phases,start] GC(306) Adjust Roots
[135.289s][info][gc,phases      ] GC(306) Adjust Roots 0.387ms
[135.289s][info][gc,phases,start] GC(306) Compaction Phase
[137.181s][info][gc,phases      ] GC(306) Compaction Phase 1891.662ms
[137.181s][info][gc,phases,start] GC(306) Post Compact
[137.193s][info][gc,phases      ] GC(306) Post Compact 11.707ms
[137.193s][info][gc,heap        ] GC(306) PSYoungGen: 75264K(400896K)->75264K(400896K) Eden: 75264K(75264K)->75264K(75264K) From: 0K(325632K)->0K(325632K)
[137.193s][info][gc,heap        ] GC(306) ParOldGen: 7304703K(7304704K)->7304701K(7304704K)
[137.193s][info][gc,metaspace   ] GC(306) Metaspace: 6298K(6464K)->6298K(6464K) NonClass: 5764K(5824K)->5764K(5824K) Class: 533K(640K)->533K(640K)
[137.193s][info][gc             ] GC(306) Pause Full (Ergonomics) 7206M->7206M(7525M) 3567.318ms
[137.193s][info][gc,cpu         ] GC(306) User=26.44s Sys=0.00s Real=3.57s
[137.193s][info][gc,heap,exit   ] Heap
[137.193s][info][gc,heap,exit   ]  PSYoungGen      total 400896K, used 75264K [0x0000000721180000, 0x000000074e080000, 0x0000000800000000)
[137.193s][info][gc,heap,exit   ]   eden space 75264K, 100% used [0x0000000721180000,0x0000000725b00000,0x0000000725b00000)
[137.193s][info][gc,heap,exit   ]   from space 325632K, 0% used [0x0000000725b00000,0x0000000725b00000,0x0000000739900000)
[137.193s][info][gc,heap,exit   ]   to   space 325632K, 0% used [0x000000073a280000,0x000000073a280000,0x000000074e080000)
[137.193s][info][gc,heap,exit   ]  ParOldGen       total 7304704K, used 7304701K [0x0000000563400000, 0x0000000721180000, 0x0000000721180000)
[137.193s][info][gc,heap,exit   ]   object space 7304704K, 99% used [0x0000000563400000,0x000000072117f770,0x0000000721180000)
[137.193s][info][gc,heap,exit   ]  Metaspace       used 6301K, committed 6464K, reserved 1114112K
[137.193s][info][gc,heap,exit   ]   class space    used 534K, committed 640K, reserved 1048576K
