[0.016s][info][gc,init] CardTable entry size: 512
[0.016s][info][gc     ] Using Parallel
[0.018s][info][gc,init] Version: 18.0.1+10 (release)
[0.019s][info][gc,init] CPUs: 8 total, 8 available
[0.019s][info][gc,init] Memory: 16063M
[0.019s][info][gc,init] Large Page Support: Disabled
[0.019s][info][gc,init] NUMA Support: Disabled
[0.019s][info][gc,init] Compressed Oops: Enabled (Zero based)
[0.019s][info][gc,init] Alignments: Space 512K, Generation 512K, Heap 2M
[0.019s][info][gc,init] Heap Min Capacity: 2M
[0.019s][info][gc,init] Heap Initial Capacity: 2M
[0.019s][info][gc,init] Heap Max Capacity: 16800M
[0.019s][info][gc,init] Pre-touch: Disabled
[0.019s][info][gc,init] Parallel Workers: 8
[0.020s][info][gc,metaspace] CDS archive(s) not mapped
[0.020s][info][gc,metaspace] Compressed class space mapped at: 0x0000000800000000-0x0000000840000000, reserved size: 1073741824
[0.020s][info][gc,metaspace] Narrow klass base: 0x0000000800000000, Narrow klass shift: 0, Narrow klass range: 0x40000000
[0.151s][info][gc,start    ] GC(0) Pause Young (Allocation Failure)
[0.153s][info][gc,heap     ] GC(0) PSYoungGen: 512K(1024K)->480K(1024K) Eden: 512K(512K)->0K(512K) From: 0K(512K)->480K(512K)
[0.153s][info][gc,heap     ] GC(0) ParOldGen: 0K(512K)->8K(512K)
[0.153s][info][gc,metaspace] GC(0) Metaspace: 4229K(4352K)->4229K(4352K) NonClass: 3908K(3968K)->3908K(3968K) Class: 321K(384K)->321K(384K)
[0.153s][info][gc          ] GC(0) Pause Young (Allocation Failure) 0M->0M(1M) 2.068ms
[0.153s][info][gc,cpu      ] GC(0) User=0.00s Sys=0.00s Real=0.00s
[0.242s][info][gc,start    ] GC(1) Pause Young (Allocation Failure)
[0.243s][info][gc,heap     ] GC(1) PSYoungGen: 991K(1024K)->512K(1536K) Eden: 511K(512K)->0K(1024K) From: 480K(512K)->512K(512K)
[0.243s][info][gc,heap     ] GC(1) ParOldGen: 8K(512K)->88K(512K)
[0.243s][info][gc,metaspace] GC(1) Metaspace: 5882K(6016K)->5882K(6016K) NonClass: 5385K(5504K)->5385K(5504K) Class: 496K(512K)->496K(512K)
[0.243s][info][gc          ] GC(1) Pause Young (Allocation Failure) 0M->0M(2M) 1.195ms
[0.243s][info][gc,cpu      ] GC(1) User=0.00s Sys=0.00s Real=0.00s
[0.283s][info][gc,start    ] GC(2) Pause Young (Allocation Failure)
[0.285s][info][gc,heap     ] GC(2) PSYoungGen: 1536K(1536K)->512K(1536K) Eden: 1024K(1024K)->0K(1024K) From: 512K(512K)->512K(512K)
[0.285s][info][gc,heap     ] GC(2) ParOldGen: 88K(512K)->504K(512K)
[0.285s][info][gc,metaspace] GC(2) Metaspace: 6301K(6528K)->6301K(6528K) NonClass: 5768K(5888K)->5768K(5888K) Class: 533K(640K)->533K(640K)
[0.285s][info][gc          ] GC(2) Pause Young (Allocation Failure) 1M->0M(2M) 1.602ms
[0.285s][info][gc,cpu      ] GC(2) User=0.00s Sys=0.00s Real=0.00s
[0.285s][info][gc,start    ] GC(3) Pause Full (Ergonomics)
[0.285s][info][gc,phases,start] GC(3) Marking Phase
[0.286s][info][gc,phases      ] GC(3) Marking Phase 1.275ms
[0.286s][info][gc,phases,start] GC(3) Summary Phase
[0.286s][info][gc,phases      ] GC(3) Summary Phase 0.022ms
[0.286s][info][gc,phases,start] GC(3) Adjust Roots
[0.287s][info][gc,phases      ] GC(3) Adjust Roots 0.559ms
[0.287s][info][gc,phases,start] GC(3) Compaction Phase
[0.290s][info][gc,phases      ] GC(3) Compaction Phase 2.605ms
[0.290s][info][gc,phases,start] GC(3) Post Compact
[0.290s][info][gc,phases      ] GC(3) Post Compact 0.106ms
[0.290s][info][gc,heap        ] GC(3) PSYoungGen: 512K(1536K)->508K(1536K) Eden: 0K(1024K)->0K(1024K) From: 512K(512K)->508K(512K)
[0.290s][info][gc,heap        ] GC(3) ParOldGen: 504K(512K)->472K(2048K)
[0.290s][info][gc,metaspace   ] GC(3) Metaspace: 6301K(6528K)->6301K(6528K) NonClass: 5768K(5888K)->5768K(5888K) Class: 533K(640K)->533K(640K)
[0.290s][info][gc             ] GC(3) Pause Full (Ergonomics) 0M->0M(3M) 4.972ms
[0.290s][info][gc,cpu         ] GC(3) User=0.00s Sys=0.00s Real=0.00s
[0.292s][info][gc,start       ] GC(4) Pause Young (Allocation Failure)
[0.294s][info][gc,heap        ] GC(4) PSYoungGen: 1532K(1536K)->480K(2560K) Eden: 1024K(1024K)->0K(2048K) From: 508K(512K)->480K(512K)
[0.294s][info][gc,heap        ] GC(4) ParOldGen: 472K(2048K)->1036K(2048K)
[0.294s][info][gc,metaspace   ] GC(4) Metaspace: 6301K(6528K)->6301K(6528K) NonClass: 5768K(5888K)->5768K(5888K) Class: 533K(640K)->533K(640K)
[0.294s][info][gc             ] GC(4) Pause Young (Allocation Failure) 1M->1M(4M) 2.270ms
[0.294s][info][gc,cpu         ] GC(4) User=0.00s Sys=0.00s Real=0.00s
[0.299s][info][gc,start       ] GC(5) Pause Young (Allocation Failure)
[0.301s][info][gc,heap        ] GC(5) PSYoungGen: 2528K(2560K)->480K(2560K) Eden: 2048K(2048K)->0K(2048K) From: 480K(512K)->480K(512K)
[0.301s][info][gc,heap        ] GC(5) ParOldGen: 1036K(2048K)->2108K(2560K)
[0.301s][info][gc,metaspace   ] GC(5) Metaspace: 6301K(6528K)->6301K(6528K) NonClass: 5768K(5888K)->5768K(5888K) Class: 533K(640K)->533K(640K)
[0.301s][info][gc             ] GC(5) Pause Young (Allocation Failure) 3M->2M(5M) 2.377ms
[0.301s][info][gc,cpu         ] GC(5) User=0.00s Sys=0.00s Real=0.00s
[0.301s][info][gc,start       ] GC(6) Pause Full (Ergonomics)
[0.301s][info][gc,phases,start] GC(6) Marking Phase
[0.303s][info][gc,phases      ] GC(6) Marking Phase 2.333ms
[0.304s][info][gc,phases,start] GC(6) Summary Phase
[0.304s][info][gc,phases      ] GC(6) Summary Phase 0.022ms
[0.304s][info][gc,phases,start] GC(6) Adjust Roots
[0.304s][info][gc,phases      ] GC(6) Adjust Roots 0.480ms
[0.304s][info][gc,phases,start] GC(6) Compaction Phase
[0.307s][info][gc,phases      ] GC(6) Compaction Phase 3.013ms
[0.307s][info][gc,phases,start] GC(6) Post Compact
[0.307s][info][gc,phases      ] GC(6) Post Compact 0.034ms
[0.307s][info][gc,heap        ] GC(6) PSYoungGen: 480K(2560K)->0K(4096K) Eden: 0K(2048K)->0K(3072K) From: 480K(512K)->0K(1024K)
[0.307s][info][gc,heap        ] GC(6) ParOldGen: 2108K(2560K)->2542K(6144K)
[0.307s][info][gc,metaspace   ] GC(6) Metaspace: 6301K(6528K)->6301K(6528K) NonClass: 5768K(5888K)->5768K(5888K) Class: 533K(640K)->533K(640K)
[0.307s][info][gc             ] GC(6) Pause Full (Ergonomics) 2M->2M(10M) 6.300ms
[0.307s][info][gc,cpu         ] GC(6) User=0.00s Sys=0.00s Real=0.01s
[0.314s][info][gc,start       ] GC(7) Pause Young (Allocation Failure)
[0.316s][info][gc,heap        ] GC(7) PSYoungGen: 3072K(4096K)->1664K(5120K) Eden: 3072K(3072K)->0K(3072K) From: 0K(1024K)->1664K(2048K)
[0.316s][info][gc,heap        ] GC(7) ParOldGen: 2542K(6144K)->2542K(6144K)
[0.316s][info][gc,metaspace   ] GC(7) Metaspace: 6301K(6528K)->6301K(6528K) NonClass: 5768K(5888K)->5768K(5888K) Class: 533K(640K)->533K(640K)
[0.316s][info][gc             ] GC(7) Pause Young (Allocation Failure) 5M->4M(11M) 2.373ms
[0.316s][info][gc,cpu         ] GC(7) User=0.00s Sys=0.00s Real=0.00s
[0.321s][info][gc,start       ] GC(8) Pause Young (Allocation Failure)
[0.324s][info][gc,heap        ] GC(8) PSYoungGen: 4736K(5120K)->2016K(5632K) Eden: 3072K(3072K)->0K(3584K) From: 1664K(2048K)->2016K(2048K)
[0.324s][info][gc,heap        ] GC(8) ParOldGen: 2542K(6144K)->3774K(6144K)
[0.324s][info][gc,metaspace   ] GC(8) Metaspace: 6301K(6528K)->6301K(6528K) NonClass: 5768K(5888K)->5768K(5888K) Class: 533K(640K)->533K(640K)
[0.324s][info][gc             ] GC(8) Pause Young (Allocation Failure) 7M->5M(11M) 3.635ms
[0.324s][info][gc,cpu         ] GC(8) User=0.02s Sys=0.00s Real=0.00s
[0.330s][info][gc,start       ] GC(9) Pause Young (Allocation Failure)
[0.334s][info][gc,heap        ] GC(9) PSYoungGen: 5600K(5632K)->3040K(6656K) Eden: 3584K(3584K)->0K(3584K) From: 2016K(2048K)->3040K(3072K)
[0.334s][info][gc,heap        ] GC(9) ParOldGen: 3774K(6144K)->4614K(6144K)
[0.334s][info][gc,metaspace   ] GC(9) Metaspace: 6301K(6528K)->6301K(6528K) NonClass: 5768K(5888K)->5768K(5888K) Class: 533K(640K)->533K(640K)
[0.334s][info][gc             ] GC(9) Pause Young (Allocation Failure) 9M->7M(12M) 4.260ms
[0.334s][info][gc,cpu         ] GC(9) User=0.00s Sys=0.00s Real=0.00s
[0.338s][info][gc,start       ] GC(10) Pause Young (Allocation Failure)
[0.342s][info][gc,heap        ] GC(10) PSYoungGen: 6624K(6656K)->4064K(9216K) Eden: 3584K(3584K)->0K(5120K) From: 3040K(3072K)->4064K(4096K)
[0.343s][info][gc,heap        ] GC(10) ParOldGen: 4614K(6144K)->5454K(6144K)
[0.343s][info][gc,metaspace   ] GC(10) Metaspace: 6301K(6528K)->6301K(6528K) NonClass: 5768K(5888K)->5768K(5888K) Class: 533K(640K)->533K(640K)
[0.343s][info][gc             ] GC(10) Pause Young (Allocation Failure) 10M->9M(15M) 4.831ms
[0.343s][info][gc,cpu         ] GC(10) User=0.02s Sys=0.00s Real=0.00s
[0.343s][info][gc,start       ] GC(11) Pause Full (Ergonomics)
[0.343s][info][gc,phases,start] GC(11) Marking Phase
[0.348s][info][gc,phases      ] GC(11) Marking Phase 5.029ms
[0.348s][info][gc,phases,start] GC(11) Summary Phase
[0.348s][info][gc,phases      ] GC(11) Summary Phase 0.018ms
[0.348s][info][gc,phases,start] GC(11) Adjust Roots
[0.348s][info][gc,phases      ] GC(11) Adjust Roots 0.394ms
[0.348s][info][gc,phases,start] GC(11) Compaction Phase
[0.355s][info][gc,phases      ] GC(11) Compaction Phase 6.860ms
[0.355s][info][gc,phases,start] GC(11) Post Compact
[0.355s][info][gc,phases      ] GC(11) Post Compact 0.060ms
[0.355s][info][gc,heap        ] GC(11) PSYoungGen: 4064K(9216K)->3545K(9216K) Eden: 0K(5120K)->0K(5120K) From: 4064K(4096K)->3545K(4096K)
[0.355s][info][gc,heap        ] GC(11) ParOldGen: 5454K(6144K)->5831K(10752K)
[0.355s][info][gc,metaspace   ] GC(11) Metaspace: 6301K(6528K)->6301K(6528K) NonClass: 5768K(5888K)->5768K(5888K) Class: 533K(640K)->533K(640K)
[0.355s][info][gc             ] GC(11) Pause Full (Ergonomics) 9M->9M(19M) 12.717ms
[0.355s][info][gc,cpu         ] GC(11) User=0.02s Sys=0.00s Real=0.01s
[0.363s][info][gc,start       ] GC(12) Pause Young (Allocation Failure)
[0.368s][info][gc,heap        ] GC(12) PSYoungGen: 8665K(9216K)->5088K(10240K) Eden: 5120K(5120K)->0K(5120K) From: 3545K(4096K)->5088K(5120K)
[0.368s][info][gc,heap        ] GC(12) ParOldGen: 5831K(10752K)->6951K(10752K)
[0.368s][info][gc,metaspace   ] GC(12) Metaspace: 6301K(6528K)->6301K(6528K) NonClass: 5768K(5888K)->5768K(5888K) Class: 533K(640K)->533K(640K)
[0.368s][info][gc             ] GC(12) Pause Young (Allocation Failure) 14M->11M(20M) 5.107ms
[0.368s][info][gc,cpu         ] GC(12) User=0.00s Sys=0.00s Real=0.01s
[0.373s][info][gc,start       ] GC(13) Pause Young (Allocation Failure)
[0.378s][info][gc,heap        ] GC(13) PSYoungGen: 10208K(10240K)->6464K(12800K) Eden: 5120K(5120K)->0K(6144K) From: 5088K(5120K)->6464K(6656K)
[0.379s][info][gc,heap        ] GC(13) ParOldGen: 6951K(10752K)->8239K(10752K)
[0.379s][info][gc,metaspace   ] GC(13) Metaspace: 6303K(6528K)->6303K(6528K) NonClass: 5770K(5888K)->5770K(5888K) Class: 533K(640K)->533K(640K)
[0.379s][info][gc             ] GC(13) Pause Young (Allocation Failure) 16M->14M(23M) 5.193ms
[0.379s][info][gc,cpu         ] GC(13) User=0.00s Sys=0.00s Real=0.01s
[0.383s][info][gc,start       ] GC(14) Pause Young (Allocation Failure)
[0.388s][info][gc,heap        ] GC(14) PSYoungGen: 12608K(12800K)->5792K(13824K) Eden: 6144K(6144K)->0K(6144K) From: 6464K(6656K)->5792K(7680K)
[0.389s][info][gc,heap        ] GC(14) ParOldGen: 8239K(10752K)->12111K(12288K)
[0.389s][info][gc,metaspace   ] GC(14) Metaspace: 6303K(6528K)->6303K(6528K) NonClass: 5770K(5888K)->5770K(5888K) Class: 533K(640K)->533K(640K)
[0.389s][info][gc             ] GC(14) Pause Young (Allocation Failure) 20M->17M(25M) 5.727ms
[0.389s][info][gc,cpu         ] GC(14) User=0.02s Sys=0.00s Real=0.01s
[0.389s][info][gc,start       ] GC(15) Pause Full (Ergonomics)
[0.389s][info][gc,phases,start] GC(15) Marking Phase
[0.396s][info][gc,phases      ] GC(15) Marking Phase 7.375ms
[0.396s][info][gc,phases,start] GC(15) Summary Phase
[0.396s][info][gc,phases      ] GC(15) Summary Phase 0.019ms
[0.396s][info][gc,phases,start] GC(15) Adjust Roots
[0.396s][info][gc,phases      ] GC(15) Adjust Roots 0.231ms
[0.396s][info][gc,phases,start] GC(15) Compaction Phase
[0.405s][info][gc,phases      ] GC(15) Compaction Phase 8.256ms
[0.405s][info][gc,phases,start] GC(15) Post Compact
[0.405s][info][gc,phases      ] GC(15) Post Compact 0.088ms
[0.405s][info][gc,heap        ] GC(15) PSYoungGen: 5792K(13824K)->5758K(13824K) Eden: 0K(6144K)->0K(6144K) From: 5792K(7680K)->5758K(7680K)
[0.405s][info][gc,heap        ] GC(15) ParOldGen: 12111K(12288K)->12006K(18944K)
[0.405s][info][gc,metaspace   ] GC(15) Metaspace: 6303K(6528K)->6303K(6528K) NonClass: 5770K(5888K)->5770K(5888K) Class: 533K(640K)->533K(640K)
[0.405s][info][gc             ] GC(15) Pause Full (Ergonomics) 17M->17M(32M) 16.301ms
[0.405s][info][gc,cpu         ] GC(15) User=0.02s Sys=0.00s Real=0.02s
[0.409s][info][gc,start       ] GC(16) Pause Young (Allocation Failure)
[0.417s][info][gc,heap        ] GC(16) PSYoungGen: 11902K(13824K)->3232K(15872K) Eden: 6144K(6144K)->0K(8704K) From: 5758K(7680K)->3232K(7168K)
[0.417s][info][gc,heap        ] GC(16) ParOldGen: 12006K(18944K)->17862K(18944K)
[0.417s][info][gc,metaspace   ] GC(16) Metaspace: 6303K(6528K)->6303K(6528K) NonClass: 5770K(5888K)->5770K(5888K) Class: 533K(640K)->533K(640K)
[0.417s][info][gc             ] GC(16) Pause Young (Allocation Failure) 23M->20M(34M) 7.811ms
[0.417s][info][gc,cpu         ] GC(16) User=0.00s Sys=0.00s Real=0.01s
[0.417s][info][gc,start       ] GC(17) Pause Full (Ergonomics)
[0.417s][info][gc,phases,start] GC(17) Marking Phase
[0.427s][info][gc,phases      ] GC(17) Marking Phase 9.443ms
[0.427s][info][gc,phases,start] GC(17) Summary Phase
[0.427s][info][gc,phases      ] GC(17) Summary Phase 0.016ms
[0.427s][info][gc,phases,start] GC(17) Adjust Roots
[0.427s][info][gc,phases      ] GC(17) Adjust Roots 0.225ms
[0.427s][info][gc,phases,start] GC(17) Compaction Phase
[0.433s][info][gc,phases      ] GC(17) Compaction Phase 6.136ms
[0.433s][info][gc,phases,start] GC(17) Post Compact
[0.433s][info][gc,phases      ] GC(17) Post Compact 0.133ms
[0.434s][info][gc,heap        ] GC(17) PSYoungGen: 3232K(15872K)->2146K(16384K) Eden: 0K(8704K)->0K(9216K) From: 3232K(7168K)->2146K(7168K)
[0.434s][info][gc,heap        ] GC(17) ParOldGen: 17862K(18944K)->18786K(28672K)
[0.434s][info][gc,metaspace   ] GC(17) Metaspace: 6303K(6528K)->6303K(6528K) NonClass: 5770K(5888K)->5770K(5888K) Class: 533K(640K)->533K(640K)
[0.434s][info][gc             ] GC(17) Pause Full (Ergonomics) 20M->20M(44M) 16.293ms
[0.434s][info][gc,cpu         ] GC(17) User=0.00s Sys=0.00s Real=0.02s
[0.442s][info][gc,start       ] GC(18) Pause Young (Allocation Failure)
[0.448s][info][gc,heap        ] GC(18) PSYoungGen: 11362K(16384K)->5280K(16896K) Eden: 9216K(9216K)->0K(9216K) From: 2146K(7168K)->5280K(7680K)
[0.448s][info][gc,heap        ] GC(18) ParOldGen: 18786K(28672K)->20978K(28672K)
[0.448s][info][gc,metaspace   ] GC(18) Metaspace: 6303K(6528K)->6303K(6528K) NonClass: 5770K(5888K)->5770K(5888K) Class: 533K(640K)->533K(640K)
[0.448s][info][gc             ] GC(18) Pause Young (Allocation Failure) 29M->25M(44M) 6.559ms
[0.448s][info][gc,cpu         ] GC(18) User=0.00s Sys=0.00s Real=0.01s
[0.455s][info][gc,start       ] GC(19) Pause Young (Allocation Failure)
[0.463s][info][gc,heap        ] GC(19) PSYoungGen: 14496K(16896K)->4800K(20480K) Eden: 9216K(9216K)->0K(12288K) From: 5280K(7680K)->4800K(8192K)
[0.463s][info][gc,heap        ] GC(19) ParOldGen: 20978K(28672K)->26314K(28672K)
[0.463s][info][gc,metaspace   ] GC(19) Metaspace: 6303K(6528K)->6303K(6528K) NonClass: 5770K(5888K)->5770K(5888K) Class: 533K(640K)->533K(640K)
[0.463s][info][gc             ] GC(19) Pause Young (Allocation Failure) 34M->30M(48M) 7.985ms
[0.463s][info][gc,cpu         ] GC(19) User=0.00s Sys=0.00s Real=0.01s
[0.463s][info][gc,start       ] GC(20) Pause Full (Ergonomics)
[0.463s][info][gc,phases,start] GC(20) Marking Phase
[0.476s][info][gc,phases      ] GC(20) Marking Phase 12.875ms
[0.476s][info][gc,phases,start] GC(20) Summary Phase
[0.476s][info][gc,phases      ] GC(20) Summary Phase 0.019ms
[0.476s][info][gc,phases,start] GC(20) Adjust Roots
[0.476s][info][gc,phases      ] GC(20) Adjust Roots 0.192ms
[0.476s][info][gc,phases,start] GC(20) Compaction Phase
[0.488s][info][gc,phases      ] GC(20) Compaction Phase 11.579ms
[0.488s][info][gc,phases,start] GC(20) Post Compact
[0.488s][info][gc,phases      ] GC(20) Post Compact 0.103ms
[0.488s][info][gc,heap        ] GC(20) PSYoungGen: 4800K(20480K)->2206K(20480K) Eden: 0K(12288K)->0K(12288K) From: 4800K(8192K)->2206K(8192K)
[0.488s][info][gc,heap        ] GC(20) ParOldGen: 26314K(28672K)->28232K(39936K)
[0.488s][info][gc,metaspace   ] GC(20) Metaspace: 6303K(6528K)->6303K(6528K) NonClass: 5770K(5888K)->5770K(5888K) Class: 533K(640K)->533K(640K)
[0.488s][info][gc             ] GC(20) Pause Full (Ergonomics) 30M->29M(59M) 25.208ms
[0.488s][info][gc,cpu         ] GC(20) User=0.02s Sys=0.00s Real=0.02s
[0.499s][info][gc,start       ] GC(21) Pause Young (Allocation Failure)
[0.511s][info][gc,heap        ] GC(21) PSYoungGen: 14494K(20480K)->8192K(20480K) Eden: 12288K(12288K)->0K(12288K) From: 2206K(8192K)->8192K(8192K)
[0.511s][info][gc,heap        ] GC(21) ParOldGen: 28232K(39936K)->33824K(39936K)
[0.511s][info][gc,metaspace   ] GC(21) Metaspace: 6303K(6528K)->6303K(6528K) NonClass: 5770K(5888K)->5770K(5888K) Class: 533K(640K)->533K(640K)
[0.511s][info][gc             ] GC(21) Pause Young (Allocation Failure) 41M->41M(59M) 12.361ms
[0.511s][info][gc,cpu         ] GC(21) User=0.00s Sys=0.00s Real=0.01s
[0.511s][info][gc,start       ] GC(22) Pause Full (Ergonomics)
[0.511s][info][gc,phases,start] GC(22) Marking Phase
[0.528s][info][gc,phases      ] GC(22) Marking Phase 17.242ms
[0.528s][info][gc,phases,start] GC(22) Summary Phase
[0.528s][info][gc,phases      ] GC(22) Summary Phase 0.019ms
[0.528s][info][gc,phases,start] GC(22) Adjust Roots
[0.529s][info][gc,phases      ] GC(22) Adjust Roots 0.246ms
[0.529s][info][gc,phases,start] GC(22) Compaction Phase
[0.540s][info][gc,phases      ] GC(22) Compaction Phase 11.011ms
[0.540s][info][gc,phases,start] GC(22) Post Compact
[0.540s][info][gc,phases      ] GC(22) Post Compact 0.183ms
[0.540s][info][gc,heap        ] GC(22) PSYoungGen: 8192K(20480K)->2044K(20480K) Eden: 0K(12288K)->0K(12288K) From: 8192K(8192K)->2044K(8192K)
[0.540s][info][gc,heap        ] GC(22) ParOldGen: 33824K(39936K)->39857K(54272K)
[0.540s][info][gc,metaspace   ] GC(22) Metaspace: 6303K(6528K)->6303K(6528K) NonClass: 5770K(5888K)->5770K(5888K) Class: 533K(640K)->533K(640K)
[0.540s][info][gc             ] GC(22) Pause Full (Ergonomics) 41M->40M(73M) 29.080ms
[0.540s][info][gc,cpu         ] GC(22) User=0.03s Sys=0.00s Real=0.03s
[0.554s][info][gc,start       ] GC(23) Pause Young (Allocation Failure)
[0.568s][info][gc,heap        ] GC(23) PSYoungGen: 14332K(20480K)->11744K(24064K) Eden: 12288K(12288K)->0K(12288K) From: 2044K(8192K)->11744K(11776K)
[0.568s][info][gc,heap        ] GC(23) ParOldGen: 39857K(54272K)->42489K(54272K)
[0.568s][info][gc,metaspace   ] GC(23) Metaspace: 6303K(6528K)->6303K(6528K) NonClass: 5770K(5888K)->5770K(5888K) Class: 533K(640K)->533K(640K)
[0.568s][info][gc             ] GC(23) Pause Young (Allocation Failure) 52M->52M(76M) 13.764ms
[0.568s][info][gc,cpu         ] GC(23) User=0.00s Sys=0.00s Real=0.01s
[0.580s][info][gc,start       ] GC(24) Pause Young (Allocation Failure)
[0.594s][info][gc,heap        ] GC(24) PSYoungGen: 24032K(24064K)->12320K(26624K) Eden: 12288K(12288K)->0K(12288K) From: 11744K(11776K)->12320K(14336K)
[0.594s][info][gc,heap        ] GC(24) ParOldGen: 42489K(54272K)->54377K(54784K)
[0.594s][info][gc,metaspace   ] GC(24) Metaspace: 6303K(6528K)->6303K(6528K) NonClass: 5770K(5888K)->5770K(5888K) Class: 533K(640K)->533K(640K)
[0.594s][info][gc             ] GC(24) Pause Young (Allocation Failure) 64M->65M(79M) 14.482ms
[0.594s][info][gc,cpu         ] GC(24) User=0.00s Sys=0.00s Real=0.02s
[0.594s][info][gc,start       ] GC(25) Pause Full (Ergonomics)
[0.594s][info][gc,phases,start] GC(25) Marking Phase
[0.619s][info][gc,phases      ] GC(25) Marking Phase 25.230ms
[0.620s][info][gc,phases,start] GC(25) Summary Phase
[0.620s][info][gc,phases      ] GC(25) Summary Phase 0.020ms
[0.620s][info][gc,phases,start] GC(25) Adjust Roots
[0.620s][info][gc,phases      ] GC(25) Adjust Roots 0.161ms
[0.620s][info][gc,phases,start] GC(25) Compaction Phase
[0.642s][info][gc,phases      ] GC(25) Compaction Phase 21.975ms
[0.642s][info][gc,phases,start] GC(25) Post Compact
[0.642s][info][gc,phases      ] GC(25) Post Compact 0.217ms
[0.643s][info][gc,heap        ] GC(25) PSYoungGen: 12320K(26624K)->10723K(26624K) Eden: 0K(12288K)->0K(12288K) From: 12320K(14336K)->10723K(14336K)
[0.643s][info][gc,heap        ] GC(25) ParOldGen: 54377K(54784K)->54673K(73728K)
[0.643s][info][gc,metaspace   ] GC(25) Metaspace: 6303K(6528K)->6303K(6528K) NonClass: 5770K(5888K)->5770K(5888K) Class: 533K(640K)->533K(640K)
[0.643s][info][gc             ] GC(25) Pause Full (Ergonomics) 65M->63M(98M) 48.342ms
[0.643s][info][gc,cpu         ] GC(25) User=0.09s Sys=0.00s Real=0.05s
[0.655s][info][gc,start       ] GC(26) Pause Young (Allocation Failure)
[0.676s][info][gc,heap        ] GC(26) PSYoungGen: 23011K(26624K)->12320K(30208K) Eden: 12288K(12288K)->0K(13824K) From: 10723K(14336K)->12320K(16384K)
[0.676s][info][gc,heap        ] GC(26) ParOldGen: 54673K(73728K)->65577K(73728K)
[0.676s][info][gc,metaspace   ] GC(26) Metaspace: 6303K(6528K)->6303K(6528K) NonClass: 5770K(5888K)->5770K(5888K) Class: 533K(640K)->533K(640K)
[0.676s][info][gc             ] GC(26) Pause Young (Allocation Failure) 75M->76M(101M) 20.491ms
[0.676s][info][gc,cpu         ] GC(26) User=0.02s Sys=0.00s Real=0.02s
[0.676s][info][gc,start       ] GC(27) Pause Full (Ergonomics)
[0.676s][info][gc,phases,start] GC(27) Marking Phase
[0.706s][info][gc,phases      ] GC(27) Marking Phase 29.948ms
[0.706s][info][gc,phases,start] GC(27) Summary Phase
[0.706s][info][gc,phases      ] GC(27) Summary Phase 0.020ms
[0.706s][info][gc,phases,start] GC(27) Adjust Roots
[0.706s][info][gc,phases      ] GC(27) Adjust Roots 0.186ms
[0.706s][info][gc,phases,start] GC(27) Compaction Phase
[0.725s][info][gc,phases      ] GC(27) Compaction Phase 18.496ms
[0.725s][info][gc,phases,start] GC(27) Post Compact
[0.725s][info][gc,phases      ] GC(27) Post Compact 0.332ms
[0.725s][info][gc,heap        ] GC(27) PSYoungGen: 12320K(30208K)->4082K(30208K) Eden: 0K(13824K)->0K(13824K) From: 12320K(16384K)->4082K(16384K)
[0.725s][info][gc,heap        ] GC(27) ParOldGen: 65577K(73728K)->73572K(96256K)
[0.725s][info][gc,metaspace   ] GC(27) Metaspace: 6303K(6528K)->6303K(6528K) NonClass: 5770K(5888K)->5770K(5888K) Class: 533K(640K)->533K(640K)
[0.725s][info][gc             ] GC(27) Pause Full (Ergonomics) 76M->75M(123M) 49.393ms
[0.725s][info][gc,cpu         ] GC(27) User=0.06s Sys=0.00s Real=0.05s
[0.736s][info][gc,start       ] GC(28) Pause Young (Allocation Failure)
[0.751s][info][gc,heap        ] GC(28) PSYoungGen: 15390K(30208K)->15200K(31232K) Eden: 11307K(13824K)->0K(13824K) From: 4082K(16384K)->15200K(17408K)
[0.751s][info][gc,heap        ] GC(28) ParOldGen: 73572K(96256K)->73572K(96256K)
[0.751s][info][gc,metaspace   ] GC(28) Metaspace: 6303K(6528K)->6303K(6528K) NonClass: 5770K(5888K)->5770K(5888K) Class: 533K(640K)->533K(640K)
[0.751s][info][gc             ] GC(28) Pause Young (Allocation Failure) 86M->86M(124M) 14.990ms
[0.751s][info][gc,cpu         ] GC(28) User=0.00s Sys=0.00s Real=0.01s
[0.774s][info][gc,start       ] GC(29) Pause Young (Allocation Failure)
[0.795s][info][gc,heap        ] GC(29) PSYoungGen: 29024K(31232K)->19424K(29184K) Eden: 13824K(13824K)->0K(9728K) From: 15200K(17408K)->19424K(19456K)
[0.795s][info][gc,heap        ] GC(29) ParOldGen: 73572K(96256K)->83300K(96256K)
[0.795s][info][gc,metaspace   ] GC(29) Metaspace: 6303K(6528K)->6303K(6528K) NonClass: 5770K(5888K)->5770K(5888K) Class: 533K(640K)->533K(640K)
[0.795s][info][gc             ] GC(29) Pause Young (Allocation Failure) 100M->100M(122M) 20.725ms
[0.795s][info][gc,cpu         ] GC(29) User=0.03s Sys=0.00s Real=0.02s
[0.805s][info][gc,start       ] GC(30) Pause Young (Allocation Failure)
[0.821s][info][gc,heap        ] GC(30) PSYoungGen: 29152K(29184K)->18464K(35840K) Eden: 9728K(9728K)->0K(9728K) From: 19424K(19456K)->18464K(26112K)
[0.821s][info][gc,heap        ] GC(30) ParOldGen: 83300K(96256K)->94148K(96256K)
[0.821s][info][gc,metaspace   ] GC(30) Metaspace: 6303K(6528K)->6303K(6528K) NonClass: 5770K(5888K)->5770K(5888K) Class: 533K(640K)->533K(640K)
[0.821s][info][gc             ] GC(30) Pause Young (Allocation Failure) 109M->109M(129M) 16.408ms
[0.821s][info][gc,cpu         ] GC(30) User=0.03s Sys=0.00s Real=0.02s
[0.822s][info][gc,start       ] GC(31) Pause Full (Ergonomics)
[0.822s][info][gc,phases,start] GC(31) Marking Phase
[0.852s][info][gc,phases      ] GC(31) Marking Phase 30.307ms
[0.852s][info][gc,phases,start] GC(31) Summary Phase
[0.852s][info][gc,phases      ] GC(31) Summary Phase 0.021ms
[0.852s][info][gc,phases,start] GC(31) Adjust Roots
[0.852s][info][gc,phases      ] GC(31) Adjust Roots 0.194ms
[0.852s][info][gc,phases,start] GC(31) Compaction Phase
[0.881s][info][gc,phases      ] GC(31) Compaction Phase 29.315ms
[0.882s][info][gc,phases,start] GC(31) Post Compact
[0.882s][info][gc,phases      ] GC(31) Post Compact 0.397ms
[0.882s][info][gc,heap        ] GC(31) PSYoungGen: 18464K(35840K)->14104K(35840K) Eden: 0K(9728K)->0K(9728K) From: 18464K(26112K)->14104K(26112K)
[0.882s][info][gc,heap        ] GC(31) ParOldGen: 94148K(96256K)->96077K(123392K)
[0.882s][info][gc,metaspace   ] GC(31) Metaspace: 6303K(6528K)->6303K(6528K) NonClass: 5770K(5888K)->5770K(5888K) Class: 533K(640K)->533K(640K)
[0.882s][info][gc             ] GC(31) Pause Full (Ergonomics) 109M->107M(155M) 60.626ms
[0.882s][info][gc,cpu         ] GC(31) User=0.09s Sys=0.00s Real=0.06s
[0.892s][info][gc,start       ] GC(32) Pause Young (Allocation Failure)
[0.909s][info][gc,heap        ] GC(32) PSYoungGen: 23832K(35840K)->23904K(36864K) Eden: 9728K(9728K)->0K(8704K) From: 14104K(26112K)->23904K(28160K)
[0.909s][info][gc,heap        ] GC(32) ParOldGen: 96077K(123392K)->96077K(123392K)
[0.909s][info][gc,metaspace   ] GC(32) Metaspace: 6303K(6528K)->6303K(6528K) NonClass: 5770K(5888K)->5770K(5888K) Class: 533K(640K)->533K(640K)
[0.910s][info][gc             ] GC(32) Pause Young (Allocation Failure) 117M->117M(156M) 17.896ms
[0.910s][info][gc,cpu         ] GC(32) User=0.02s Sys=0.00s Real=0.02s
[0.918s][info][gc,start       ] GC(33) Pause Young (Allocation Failure)
[0.934s][info][gc,heap        ] GC(33) PSYoungGen: 32608K(36864K)->31232K(39936K) Eden: 8704K(8704K)->0K(8704K) From: 23904K(28160K)->31232K(31232K)
[0.934s][info][gc,heap        ] GC(33) ParOldGen: 96077K(123392K)->97413K(123392K)
[0.934s][info][gc,metaspace   ] GC(33) Metaspace: 6303K(6528K)->6303K(6528K) NonClass: 5770K(5888K)->5770K(5888K) Class: 533K(640K)->533K(640K)
[0.934s][info][gc             ] GC(33) Pause Young (Allocation Failure) 125M->125M(159M) 15.839ms
[0.934s][info][gc,cpu         ] GC(33) User=0.00s Sys=0.00s Real=0.02s
[0.943s][info][gc,start       ] GC(34) Pause Young (Allocation Failure)
[0.963s][info][gc,heap        ] GC(34) PSYoungGen: 39936K(39936K)->26592K(45056K) Eden: 8704K(8704K)->0K(8192K) From: 31232K(31232K)->26592K(36864K)
[0.963s][info][gc,heap        ] GC(34) ParOldGen: 97413K(123392K)->110981K(123392K)
[0.963s][info][gc,metaspace   ] GC(34) Metaspace: 6303K(6528K)->6303K(6528K) NonClass: 5770K(5888K)->5770K(5888K) Class: 533K(640K)->533K(640K)
[0.963s][info][gc             ] GC(34) Pause Young (Allocation Failure) 134M->134M(164M) 20.153ms
[0.963s][info][gc,cpu         ] GC(34) User=0.05s Sys=0.00s Real=0.02s
[0.963s][info][gc,start       ] GC(35) Pause Full (Ergonomics)
[0.963s][info][gc,phases,start] GC(35) Marking Phase
[1.000s][info][gc,phases      ] GC(35) Marking Phase 36.764ms
[1.000s][info][gc,phases,start] GC(35) Summary Phase
[1.000s][info][gc,phases      ] GC(35) Summary Phase 0.021ms
[1.000s][info][gc,phases,start] GC(35) Adjust Roots
[1.000s][info][gc,phases      ] GC(35) Adjust Roots 0.149ms
[1.000s][info][gc,phases,start] GC(35) Compaction Phase
[1.022s][info][gc,phases      ] GC(35) Compaction Phase 21.258ms
[1.022s][info][gc,phases,start] GC(35) Post Compact
[1.022s][info][gc,phases      ] GC(35) Post Compact 0.639ms
[1.022s][info][gc,heap        ] GC(35) PSYoungGen: 26592K(45056K)->14226K(45056K) Eden: 0K(8192K)->0K(8192K) From: 26592K(36864K)->14226K(36864K)
[1.022s][info][gc,heap        ] GC(35) ParOldGen: 110981K(123392K)->122995K(153600K)
[1.022s][info][gc,metaspace   ] GC(35) Metaspace: 6303K(6528K)->6303K(6528K) NonClass: 5770K(5888K)->5770K(5888K) Class: 533K(640K)->533K(640K)
[1.023s][info][gc             ] GC(35) Pause Full (Ergonomics) 134M->134M(194M) 59.322ms
[1.023s][info][gc,cpu         ] GC(35) User=0.17s Sys=0.00s Real=0.06s
[1.031s][info][gc,start       ] GC(36) Pause Young (Allocation Failure)
[1.050s][info][gc,heap        ] GC(36) PSYoungGen: 22418K(45056K)->12448K(20992K) Eden: 8192K(8192K)->0K(8192K) From: 14226K(36864K)->12448K(12800K)
[1.050s][info][gc,heap        ] GC(36) ParOldGen: 122995K(153600K)->133171K(153600K)
[1.050s][info][gc,metaspace   ] GC(36) Metaspace: 6303K(6528K)->6303K(6528K) NonClass: 5770K(5888K)->5770K(5888K) Class: 533K(640K)->533K(640K)
[1.050s][info][gc             ] GC(36) Pause Young (Allocation Failure) 142M->142M(170M) 18.778ms
[1.050s][info][gc,cpu         ] GC(36) User=0.03s Sys=0.00s Real=0.02s
[1.059s][info][gc,start       ] GC(37) Pause Young (Allocation Failure)
[1.069s][info][gc,heap        ] GC(37) PSYoungGen: 20640K(20992K)->16416K(44032K) Eden: 8192K(8192K)->0K(9728K) From: 12448K(12800K)->16416K(34304K)
[1.069s][info][gc,heap        ] GC(37) ParOldGen: 133171K(153600K)->137483K(153600K)
[1.069s][info][gc,metaspace   ] GC(37) Metaspace: 6303K(6528K)->6303K(6528K) NonClass: 5770K(5888K)->5770K(5888K) Class: 533K(640K)->533K(640K)
[1.069s][info][gc             ] GC(37) Pause Young (Allocation Failure) 150M->150M(193M) 10.537ms
[1.069s][info][gc,cpu         ] GC(37) User=0.00s Sys=0.00s Real=0.01s
[1.080s][info][gc,start       ] GC(38) Pause Young (Allocation Failure)
[1.092s][info][gc,heap        ] GC(38) PSYoungGen: 26144K(44032K)->17952K(45568K) Eden: 9728K(9728K)->0K(9728K) From: 16416K(34304K)->17952K(35840K)
[1.093s][info][gc,heap        ] GC(38) ParOldGen: 137483K(153600K)->145795K(153600K)
[1.093s][info][gc,metaspace   ] GC(38) Metaspace: 6303K(6528K)->6303K(6528K) NonClass: 5770K(5888K)->5770K(5888K) Class: 533K(640K)->533K(640K)
[1.093s][info][gc             ] GC(38) Pause Young (Allocation Failure) 159M->159M(194M) 12.748ms
[1.093s][info][gc,cpu         ] GC(38) User=0.00s Sys=0.00s Real=0.01s
[1.093s][info][gc,start       ] GC(39) Pause Full (Ergonomics)
[1.093s][info][gc,phases,start] GC(39) Marking Phase
[1.132s][info][gc,phases      ] GC(39) Marking Phase 39.402ms
[1.132s][info][gc,phases,start] GC(39) Summary Phase
[1.132s][info][gc,phases      ] GC(39) Summary Phase 0.017ms
[1.132s][info][gc,phases,start] GC(39) Adjust Roots
[1.132s][info][gc,phases      ] GC(39) Adjust Roots 0.160ms
[1.132s][info][gc,phases,start] GC(39) Compaction Phase
[1.155s][info][gc,phases      ] GC(39) Compaction Phase 22.863ms
[1.155s][info][gc,phases,start] GC(39) Post Compact
[1.156s][info][gc,phases      ] GC(39) Post Compact 0.635ms
[1.156s][info][gc,heap        ] GC(39) PSYoungGen: 17952K(45568K)->9683K(45568K) Eden: 0K(9728K)->0K(9728K) From: 17952K(35840K)->9683K(35840K)
[1.156s][info][gc,heap        ] GC(39) ParOldGen: 145795K(153600K)->153561K(185856K)
[1.156s][info][gc,metaspace   ] GC(39) Metaspace: 6303K(6528K)->6303K(6528K) NonClass: 5770K(5888K)->5770K(5888K) Class: 533K(640K)->533K(640K)
[1.156s][info][gc             ] GC(39) Pause Full (Ergonomics) 159M->159M(226M) 63.474ms
[1.156s][info][gc,cpu         ] GC(39) User=0.19s Sys=0.00s Real=0.06s
[1.167s][info][gc,start       ] GC(40) Pause Young (Allocation Failure)
[1.185s][info][gc,heap        ] GC(40) PSYoungGen: 19411K(45568K)->14624K(41472K) Eden: 9728K(9728K)->0K(11264K) From: 9683K(35840K)->14624K(30208K)
[1.185s][info][gc,heap        ] GC(40) ParOldGen: 153561K(185856K)->158521K(185856K)
[1.185s][info][gc,metaspace   ] GC(40) Metaspace: 6303K(6528K)->6303K(6528K) NonClass: 5770K(5888K)->5770K(5888K) Class: 533K(640K)->533K(640K)
[1.185s][info][gc             ] GC(40) Pause Young (Allocation Failure) 168M->169M(222M) 18.475ms
[1.185s][info][gc,cpu         ] GC(40) User=0.03s Sys=0.00s Real=0.02s
[1.232s][info][gc,start       ] GC(41) Pause Young (Allocation Failure)
[1.247s][info][gc,heap        ] GC(41) PSYoungGen: 25888K(41472K)->25856K(44032K) Eden: 11264K(11264K)->0K(11264K) From: 14624K(30208K)->25856K(32768K)
[1.248s][info][gc,heap        ] GC(41) ParOldGen: 166713K(185856K)->166713K(185856K)
[1.248s][info][gc,metaspace   ] GC(41) Metaspace: 6303K(6528K)->6303K(6528K) NonClass: 5770K(5888K)->5770K(5888K) Class: 533K(640K)->533K(640K)
[1.248s][info][gc             ] GC(41) Pause Young (Allocation Failure) 188M->188M(224M) 15.419ms
[1.248s][info][gc,cpu         ] GC(41) User=0.00s Sys=0.00s Real=0.01s
[1.258s][info][gc,start       ] GC(42) Pause Young (Allocation Failure)
[1.276s][info][gc,heap        ] GC(42) PSYoungGen: 37120K(44032K)->34816K(41984K) Eden: 11264K(11264K)->0K(7168K) From: 25856K(32768K)->34816K(34816K)
[1.276s][info][gc,heap        ] GC(42) ParOldGen: 166713K(185856K)->169025K(185856K)
[1.276s][info][gc,metaspace   ] GC(42) Metaspace: 6303K(6528K)->6303K(6528K) NonClass: 5770K(5888K)->5770K(5888K) Class: 533K(640K)->533K(640K)
[1.276s][info][gc             ] GC(42) Pause Young (Allocation Failure) 199M->199M(222M) 17.887ms
[1.276s][info][gc,cpu         ] GC(42) User=0.03s Sys=0.00s Real=0.02s
[1.284s][info][gc,start       ] GC(43) Pause Young (Allocation Failure)
[1.304s][info][gc,heap        ] GC(43) PSYoungGen: 41984K(41984K)->28672K(48128K) Eden: 7168K(7168K)->0K(7168K) From: 34816K(34816K)->28672K(40960K)
[1.304s][info][gc,heap        ] GC(43) ParOldGen: 169025K(185856K)->182617K(185856K)
[1.304s][info][gc,metaspace   ] GC(43) Metaspace: 6303K(6528K)->6303K(6528K) NonClass: 5770K(5888K)->5770K(5888K) Class: 533K(640K)->533K(640K)
[1.304s][info][gc             ] GC(43) Pause Young (Allocation Failure) 206M->206M(228M) 19.938ms
[1.304s][info][gc,cpu         ] GC(43) User=0.06s Sys=0.00s Real=0.02s
[1.304s][info][gc,start       ] GC(44) Pause Full (Ergonomics)
[1.304s][info][gc,phases,start] GC(44) Marking Phase
[1.356s][info][gc,phases      ] GC(44) Marking Phase 52.072ms
[1.356s][info][gc,phases,start] GC(44) Summary Phase
[1.356s][info][gc,phases      ] GC(44) Summary Phase 0.020ms
[1.356s][info][gc,phases,start] GC(44) Adjust Roots
[1.356s][info][gc,phases      ] GC(44) Adjust Roots 0.160ms
[1.356s][info][gc,phases,start] GC(44) Compaction Phase
[1.398s][info][gc,phases      ] GC(44) Compaction Phase 41.944ms
[1.398s][info][gc,phases,start] GC(44) Post Compact
[1.399s][info][gc,phases      ] GC(44) Post Compact 0.958ms
[1.399s][info][gc,heap        ] GC(44) PSYoungGen: 28672K(48128K)->20838K(48128K) Eden: 0K(7168K)->0K(7168K) From: 28672K(40960K)->20838K(40960K)
[1.399s][info][gc,heap        ] GC(44) ParOldGen: 182617K(185856K)->185801K(220672K)
[1.399s][info][gc,metaspace   ] GC(44) Metaspace: 6303K(6528K)->6303K(6528K) NonClass: 5770K(5888K)->5770K(5888K) Class: 533K(640K)->533K(640K)
[1.399s][info][gc             ] GC(44) Pause Full (Ergonomics) 206M->201M(262M) 95.629ms
[1.399s][info][gc,cpu         ] GC(44) User=0.30s Sys=0.00s Real=0.10s
[1.409s][info][gc,start       ] GC(45) Pause Young (Allocation Failure)
[1.431s][info][gc,heap        ] GC(45) PSYoungGen: 28006K(48128K)->12608K(48128K) Eden: 7168K(7168K)->0K(8192K) From: 20838K(40960K)->12608K(39936K)
[1.431s][info][gc,heap        ] GC(45) ParOldGen: 185801K(220672K)->201521K(220672K)
[1.431s][info][gc,metaspace   ] GC(45) Metaspace: 6303K(6528K)->6303K(6528K) NonClass: 5770K(5888K)->5770K(5888K) Class: 533K(640K)->533K(640K)
[1.431s][info][gc             ] GC(45) Pause Young (Allocation Failure) 208M->209M(262M) 22.189ms
[1.431s][info][gc,cpu         ] GC(45) User=0.06s Sys=0.00s Real=0.02s
[1.440s][info][gc,start       ] GC(46) Pause Young (Allocation Failure)
[1.451s][info][gc,heap        ] GC(46) PSYoungGen: 20800K(48128K)->15424K(49664K) Eden: 8192K(8192K)->0K(8192K) From: 12608K(39936K)->15424K(41472K)
[1.451s][info][gc,heap        ] GC(46) ParOldGen: 201521K(220672K)->206985K(220672K)
[1.451s][info][gc,metaspace   ] GC(46) Metaspace: 6303K(6528K)->6303K(6528K) NonClass: 5770K(5888K)->5770K(5888K) Class: 533K(640K)->533K(640K)
[1.451s][info][gc             ] GC(46) Pause Young (Allocation Failure) 217M->217M(264M) 10.716ms
[1.451s][info][gc,cpu         ] GC(46) User=0.00s Sys=0.00s Real=0.01s
[1.451s][info][gc,start       ] GC(47) Pause Full (Ergonomics)
[1.451s][info][gc,phases,start] GC(47) Marking Phase
[1.502s][info][gc,phases      ] GC(47) Marking Phase 50.582ms
[1.502s][info][gc,phases,start] GC(47) Summary Phase
[1.502s][info][gc,phases      ] GC(47) Summary Phase 0.021ms
[1.502s][info][gc,phases,start] GC(47) Adjust Roots
[1.502s][info][gc,phases      ] GC(47) Adjust Roots 0.145ms
[1.502s][info][gc,phases,start] GC(47) Compaction Phase
[1.523s][info][gc,phases      ] GC(47) Compaction Phase 20.577ms
[1.523s][info][gc,phases,start] GC(47) Post Compact
[1.524s][info][gc,phases      ] GC(47) Post Compact 1.027ms
[1.524s][info][gc,heap        ] GC(47) PSYoungGen: 15424K(49664K)->1498K(9728K) Eden: 0K(8192K)->0K(8192K) From: 15424K(41472K)->1498K(1536K)
[1.524s][info][gc,heap        ] GC(47) ParOldGen: 206985K(220672K)->220434K(259584K)
[1.524s][info][gc,metaspace   ] GC(47) Metaspace: 6303K(6528K)->6303K(6528K) NonClass: 5770K(5888K)->5770K(5888K) Class: 533K(640K)->533K(640K)
[1.524s][info][gc             ] GC(47) Pause Full (Ergonomics) 217M->216M(263M) 72.899ms
[1.524s][info][gc,cpu         ] GC(47) User=0.38s Sys=0.00s Real=0.07s
[1.533s][info][gc,start       ] GC(48) Pause Young (Allocation Failure)
[1.549s][info][gc,heap        ] GC(48) PSYoungGen: 9690K(9728K)->9120K(48128K) Eden: 8192K(8192K)->0K(9216K) From: 1498K(1536K)->9120K(38912K)
[1.549s][info][gc,heap        ] GC(48) ParOldGen: 220434K(259584K)->221154K(259584K)
[1.549s][info][gc,metaspace   ] GC(48) Metaspace: 6303K(6528K)->6303K(6528K) NonClass: 5770K(5888K)->5770K(5888K) Class: 533K(640K)->533K(640K)
[1.549s][info][gc             ] GC(48) Pause Young (Allocation Failure) 224M->224M(300M) 15.997ms
[1.549s][info][gc,cpu         ] GC(48) User=0.00s Sys=0.00s Real=0.02s
[1.560s][info][gc,start       ] GC(49) Pause Young (Allocation Failure)
[1.570s][info][gc,heap        ] GC(49) PSYoungGen: 18336K(48128K)->18304K(27648K) Eden: 9216K(9216K)->0K(9216K) From: 9120K(38912K)->18304K(18432K)
[1.570s][info][gc,heap        ] GC(49) ParOldGen: 221154K(259584K)->221154K(259584K)
[1.570s][info][gc,metaspace   ] GC(49) Metaspace: 6303K(6528K)->6303K(6528K) NonClass: 5770K(5888K)->5770K(5888K) Class: 533K(640K)->533K(640K)
[1.570s][info][gc             ] GC(49) Pause Young (Allocation Failure) 233M->233M(280M) 10.345ms
[1.570s][info][gc,cpu         ] GC(49) User=0.00s Sys=0.00s Real=0.01s
[1.580s][info][gc,start       ] GC(50) Pause Young (Allocation Failure)
[1.593s][info][gc,heap        ] GC(50) PSYoungGen: 27520K(27648K)->27456K(46592K) Eden: 9216K(9216K)->0K(9216K) From: 18304K(18432K)->27456K(37376K)
[1.593s][info][gc,heap        ] GC(50) ParOldGen: 221154K(259584K)->221154K(259584K)
[1.593s][info][gc,metaspace   ] GC(50) Metaspace: 6303K(6528K)->6303K(6528K) NonClass: 5770K(5888K)->5770K(5888K) Class: 533K(640K)->533K(640K)
[1.593s][info][gc             ] GC(50) Pause Young (Allocation Failure) 242M->242M(299M) 13.142ms
[1.593s][info][gc,cpu         ] GC(50) User=0.00s Sys=0.00s Real=0.01s
[1.604s][info][gc,start       ] GC(51) Pause Young (Allocation Failure)
[1.620s][info][gc,heap        ] GC(51) PSYoungGen: 36672K(46592K)->35904K(48128K) Eden: 9216K(9216K)->0K(9216K) From: 27456K(37376K)->35904K(38912K)
[1.620s][info][gc,heap        ] GC(51) ParOldGen: 221154K(259584K)->221986K(259584K)
[1.620s][info][gc,metaspace   ] GC(51) Metaspace: 6303K(6528K)->6303K(6528K) NonClass: 5770K(5888K)->5770K(5888K) Class: 533K(640K)->533K(640K)
[1.620s][info][gc             ] GC(51) Pause Young (Allocation Failure) 251M->251M(300M) 16.468ms
[1.620s][info][gc,cpu         ] GC(51) User=0.03s Sys=0.00s Real=0.02s
[1.632s][info][gc,start       ] GC(52) Pause Young (Allocation Failure)
[1.652s][info][gc,heap        ] GC(52) PSYoungGen: 45120K(48128K)->36896K(50688K) Eden: 9216K(9216K)->0K(7168K) From: 35904K(38912K)->36896K(43520K)
[1.652s][info][gc,heap        ] GC(52) ParOldGen: 221986K(259584K)->230298K(259584K)
[1.652s][info][gc,metaspace   ] GC(52) Metaspace: 6303K(6528K)->6303K(6528K) NonClass: 5770K(5888K)->5770K(5888K) Class: 533K(640K)->533K(640K)
[1.652s][info][gc             ] GC(52) Pause Young (Allocation Failure) 260M->260M(303M) 20.706ms
[1.652s][info][gc,cpu         ] GC(52) User=0.11s Sys=0.00s Real=0.02s
[1.661s][info][gc,start       ] GC(53) Pause Young (Allocation Failure)
[1.681s][info][gc,heap        ] GC(53) PSYoungGen: 44064K(50688K)->25664K(54272K) Eden: 7168K(7168K)->0K(7168K) From: 36896K(43520K)->25664K(47104K)
[1.681s][info][gc,heap        ] GC(53) ParOldGen: 230298K(259584K)->248954K(259584K)
[1.681s][info][gc,metaspace   ] GC(53) Metaspace: 6303K(6528K)->6303K(6528K) NonClass: 5770K(5888K)->5770K(5888K) Class: 533K(640K)->533K(640K)
[1.681s][info][gc             ] GC(53) Pause Young (Allocation Failure) 267M->268M(306M) 20.562ms
[1.681s][info][gc,cpu         ] GC(53) User=0.11s Sys=0.00s Real=0.02s
[1.681s][info][gc,start       ] GC(54) Pause Full (Ergonomics)
[1.681s][info][gc,phases,start] GC(54) Marking Phase
[1.746s][info][gc,phases      ] GC(54) Marking Phase 64.572ms
[1.746s][info][gc,phases,start] GC(54) Summary Phase
[1.746s][info][gc,phases      ] GC(54) Summary Phase 0.021ms
[1.746s][info][gc,phases,start] GC(54) Adjust Roots
[1.746s][info][gc,phases      ] GC(54) Adjust Roots 0.164ms
[1.746s][info][gc,phases,start] GC(54) Compaction Phase
[1.773s][info][gc,phases      ] GC(54) Compaction Phase 27.087ms
[1.773s][info][gc,phases,start] GC(54) Post Compact
[1.775s][info][gc,phases      ] GC(54) Post Compact 1.260ms
[1.775s][info][gc,heap        ] GC(54) PSYoungGen: 25664K(54272K)->14769K(54272K) Eden: 0K(7168K)->0K(7168K) From: 25664K(47104K)->14769K(47104K)
[1.775s][info][gc,heap        ] GC(54) ParOldGen: 248954K(259584K)->259185K(303104K)
[1.775s][info][gc,metaspace   ] GC(54) Metaspace: 6303K(6528K)->6303K(6528K) NonClass: 5770K(5888K)->5770K(5888K) Class: 533K(640K)->533K(640K)
[1.775s][info][gc             ] GC(54) Pause Full (Ergonomics) 268M->267M(349M) 93.651ms
[1.775s][info][gc,cpu         ] GC(54) User=0.64s Sys=0.02s Real=0.09s
[1.783s][info][gc,start       ] GC(55) Pause Young (Allocation Failure)
[1.804s][info][gc,heap        ] GC(55) PSYoungGen: 21937K(54272K)->11168K(53760K) Eden: 7168K(7168K)->0K(8704K) From: 14769K(47104K)->11168K(45056K)
[1.804s][info][gc,heap        ] GC(55) ParOldGen: 259185K(303104K)->270225K(303104K)
[1.804s][info][gc,metaspace   ] GC(55) Metaspace: 6303K(6528K)->6303K(6528K) NonClass: 5770K(5888K)->5770K(5888K) Class: 533K(640K)->533K(640K)
[1.804s][info][gc             ] GC(55) Pause Young (Allocation Failure) 274M->274M(348M) 21.426ms
[1.804s][info][gc,cpu         ] GC(55) User=0.12s Sys=0.00s Real=0.02s
[1.815s][info][gc,start       ] GC(56) Pause Young (Allocation Failure)
[1.826s][info][gc,heap        ] GC(56) PSYoungGen: 19872K(53760K)->15936K(54272K) Eden: 8704K(8704K)->0K(8704K) From: 11168K(45056K)->15936K(45568K)
[1.826s][info][gc,heap        ] GC(56) ParOldGen: 270225K(303104K)->274209K(303104K)
[1.826s][info][gc,metaspace   ] GC(56) Metaspace: 6303K(6528K)->6303K(6528K) NonClass: 5770K(5888K)->5770K(5888K) Class: 533K(640K)->533K(640K)
[1.826s][info][gc             ] GC(56) Pause Young (Allocation Failure) 283M->283M(349M) 11.104ms
[1.826s][info][gc,cpu         ] GC(56) User=0.02s Sys=0.00s Real=0.01s
[1.838s][info][gc,start       ] GC(57) Pause Young (Allocation Failure)
[1.851s][info][gc,heap        ] GC(57) PSYoungGen: 24640K(54272K)->17472K(51200K) Eden: 8704K(8704K)->0K(10240K) From: 15936K(45568K)->17472K(40960K)
[1.851s][info][gc,heap        ] GC(57) ParOldGen: 274209K(303104K)->281473K(303104K)
[1.851s][info][gc,metaspace   ] GC(57) Metaspace: 6303K(6528K)->6303K(6528K) NonClass: 5770K(5888K)->5770K(5888K) Class: 533K(640K)->533K(640K)
[1.851s][info][gc             ] GC(57) Pause Young (Allocation Failure) 291M->291M(346M) 12.975ms
[1.851s][info][gc,cpu         ] GC(57) User=0.02s Sys=0.00s Real=0.01s
[1.863s][info][gc,start       ] GC(58) Pause Young (Allocation Failure)
[1.877s][info][gc,heap        ] GC(58) PSYoungGen: 27712K(51200K)->19072K(29696K) Eden: 10240K(10240K)->0K(10240K) From: 17472K(40960K)->19072K(19456K)
[1.877s][info][gc,heap        ] GC(58) ParOldGen: 281473K(303104K)->290313K(303104K)
[1.877s][info][gc,metaspace   ] GC(58) Metaspace: 6303K(6528K)->6303K(6528K) NonClass: 5770K(5888K)->5770K(5888K) Class: 533K(640K)->533K(640K)
[1.877s][info][gc             ] GC(58) Pause Young (Allocation Failure) 301M->302M(325M) 14.103ms
[1.877s][info][gc,cpu         ] GC(58) User=0.02s Sys=0.00s Real=0.01s
[1.877s][info][gc,start       ] GC(59) Pause Full (Ergonomics)
[1.877s][info][gc,phases,start] GC(59) Marking Phase
[1.949s][info][gc,phases      ] GC(59) Marking Phase 72.164ms
[1.950s][info][gc,phases,start] GC(59) Summary Phase
[1.950s][info][gc,phases      ] GC(59) Summary Phase 0.020ms
[1.950s][info][gc,phases,start] GC(59) Adjust Roots
[1.950s][info][gc,phases      ] GC(59) Adjust Roots 0.149ms
[1.950s][info][gc,phases,start] GC(59) Compaction Phase
[1.981s][info][gc,phases      ] GC(59) Compaction Phase 30.870ms
[1.981s][info][gc,phases,start] GC(59) Post Compact
[1.982s][info][gc,phases      ] GC(59) Post Compact 1.361ms
[1.982s][info][gc,heap        ] GC(59) PSYoungGen: 19072K(29696K)->5598K(29696K) Eden: 0K(10240K)->0K(10240K) From: 19072K(19456K)->5598K(19456K)
[1.982s][info][gc,heap        ] GC(59) ParOldGen: 290313K(303104K)->303052K(347648K)
[1.982s][info][gc,metaspace   ] GC(59) Metaspace: 6303K(6528K)->6303K(6528K) NonClass: 5770K(5888K)->5770K(5888K) Class: 533K(640K)->533K(640K)
[1.982s][info][gc             ] GC(59) Pause Full (Ergonomics) 302M->301M(368M) 105.050ms
[1.982s][info][gc,cpu         ] GC(59) User=0.52s Sys=0.03s Real=0.11s
[1.995s][info][gc,start       ] GC(60) Pause Young (Allocation Failure)
[2.016s][info][gc,heap        ] GC(60) PSYoungGen: 15838K(29696K)->10368K(51200K) Eden: 10240K(10240K)->0K(11776K) From: 5598K(19456K)->10368K(39424K)
[2.016s][info][gc,heap        ] GC(60) ParOldGen: 303052K(347648K)->308756K(347648K)
[2.016s][info][gc,metaspace   ] GC(60) Metaspace: 6303K(6528K)->6303K(6528K) NonClass: 5770K(5888K)->5770K(5888K) Class: 533K(640K)->533K(640K)
[2.016s][info][gc             ] GC(60) Pause Young (Allocation Failure) 311M->311M(389M) 21.592ms
[2.016s][info][gc,cpu         ] GC(60) User=0.14s Sys=0.00s Real=0.02s
[2.031s][info][gc,start       ] GC(61) Pause Young (Allocation Failure)
[2.043s][info][gc,heap        ] GC(61) PSYoungGen: 22144K(51200K)->22144K(51712K) Eden: 11776K(11776K)->0K(11776K) From: 10368K(39424K)->22144K(39936K)
[2.043s][info][gc,heap        ] GC(61) ParOldGen: 308756K(347648K)->308756K(347648K)
[2.043s][info][gc,metaspace   ] GC(61) Metaspace: 6303K(6528K)->6303K(6528K) NonClass: 5770K(5888K)->5770K(5888K) Class: 533K(640K)->533K(640K)
[2.043s][info][gc             ] GC(61) Pause Young (Allocation Failure) 323M->323M(390M) 12.297ms
[2.043s][info][gc,cpu         ] GC(61) User=0.00s Sys=0.00s Real=0.01s
[2.057s][info][gc,start       ] GC(62) Pause Young (Allocation Failure)
[2.074s][info][gc,heap        ] GC(62) PSYoungGen: 33920K(51712K)->33856K(48640K) Eden: 11776K(11776K)->0K(9728K) From: 22144K(39936K)->33856K(38912K)
[2.074s][info][gc,heap        ] GC(62) ParOldGen: 308756K(347648K)->308756K(347648K)
[2.074s][info][gc,metaspace   ] GC(62) Metaspace: 6303K(6528K)->6303K(6528K) NonClass: 5770K(5888K)->5770K(5888K) Class: 533K(640K)->533K(640K)
[2.074s][info][gc             ] GC(62) Pause Young (Allocation Failure) 334M->334M(387M) 16.791ms
[2.074s][info][gc,cpu         ] GC(62) User=0.03s Sys=0.00s Real=0.02s
[2.086s][info][gc,start       ] GC(63) Pause Young (Allocation Failure)
[2.106s][info][gc,heap        ] GC(63) PSYoungGen: 43584K(48640K)->33408K(52224K) Eden: 9728K(9728K)->0K(9728K) From: 33856K(38912K)->33408K(42496K)
[2.106s][info][gc,heap        ] GC(63) ParOldGen: 308756K(347648K)->319140K(347648K)
[2.106s][info][gc,metaspace   ] GC(63) Metaspace: 6303K(6528K)->6303K(6528K) NonClass: 5770K(5888K)->5770K(5888K) Class: 533K(640K)->533K(640K)
[2.107s][info][gc             ] GC(63) Pause Young (Allocation Failure) 344M->344M(390M) 20.591ms
[2.107s][info][gc,cpu         ] GC(63) User=0.11s Sys=0.02s Real=0.02s
[2.178s][info][gc,start       ] GC(64) Pause Full (Ergonomics)
[2.178s][info][gc,phases,start] GC(64) Marking Phase
[2.253s][info][gc,phases      ] GC(64) Marking Phase 75.145ms
[2.253s][info][gc,phases,start] GC(64) Summary Phase
[2.253s][info][gc,phases      ] GC(64) Summary Phase 0.019ms
[2.253s][info][gc,phases,start] GC(64) Adjust Roots
[2.253s][info][gc,phases      ] GC(64) Adjust Roots 0.152ms
[2.253s][info][gc,phases,start] GC(64) Compaction Phase
[2.319s][info][gc,phases      ] GC(64) Compaction Phase 65.634ms
[2.319s][info][gc,phases,start] GC(64) Post Compact
[2.321s][info][gc,phases      ] GC(64) Post Compact 1.897ms
[2.321s][info][gc,heap        ] GC(64) PSYoungGen: 43136K(52224K)->22452K(52224K) Eden: 9728K(9728K)->0K(9728K) From: 33408K(42496K)->22452K(42496K)
[2.321s][info][gc,heap        ] GC(64) ParOldGen: 335524K(347648K)->347482K(393728K)
[2.321s][info][gc,metaspace   ] GC(64) Metaspace: 6303K(6528K)->6303K(6528K) NonClass: 5770K(5888K)->5770K(5888K) Class: 533K(640K)->533K(640K)
[2.321s][info][gc             ] GC(64) Pause Full (Ergonomics) 369M->361M(435M) 143.431ms
[2.321s][info][gc,cpu         ] GC(64) User=0.80s Sys=0.02s Real=0.14s
[2.332s][info][gc,start       ] GC(65) Pause Young (Allocation Failure)
[2.361s][info][gc,heap        ] GC(65) PSYoungGen: 32180K(52224K)->24416K(52224K) Eden: 9728K(9728K)->0K(10752K) From: 22452K(42496K)->24416K(41472K)
[2.361s][info][gc,heap        ] GC(65) ParOldGen: 347482K(393728K)->355554K(393728K)
[2.361s][info][gc,metaspace   ] GC(65) Metaspace: 6303K(6528K)->6303K(6528K) NonClass: 5770K(5888K)->5770K(5888K) Class: 533K(640K)->533K(640K)
[2.361s][info][gc             ] GC(65) Pause Young (Allocation Failure) 370M->371M(435M) 29.067ms
[2.362s][info][gc,cpu         ] GC(65) User=0.14s Sys=0.00s Real=0.03s
[2.376s][info][gc,start       ] GC(66) Pause Young (Allocation Failure)
[2.392s][info][gc,heap        ] GC(66) PSYoungGen: 35168K(52224K)->35168K(54272K) Eden: 10752K(10752K)->0K(10752K) From: 24416K(41472K)->35168K(43520K)
[2.392s][info][gc,heap        ] GC(66) ParOldGen: 355554K(393728K)->355554K(393728K)
[2.392s][info][gc,metaspace   ] GC(66) Metaspace: 6303K(6528K)->6303K(6528K) NonClass: 5770K(5888K)->5770K(5888K) Class: 533K(640K)->533K(640K)
[2.392s][info][gc             ] GC(66) Pause Young (Allocation Failure) 381M->381M(437M) 16.769ms
[2.392s][info][gc,cpu         ] GC(66) User=0.12s Sys=0.00s Real=0.02s
[2.404s][info][gc,start       ] GC(67) Pause Young (Allocation Failure)
[2.425s][info][gc,heap        ] GC(67) PSYoungGen: 45920K(54272K)->38176K(55296K) Eden: 10752K(10752K)->0K(9216K) From: 35168K(43520K)->38176K(46080K)
[2.425s][info][gc,heap        ] GC(67) ParOldGen: 355554K(393728K)->363418K(393728K)
[2.425s][info][gc,metaspace   ] GC(67) Metaspace: 6303K(6528K)->6303K(6528K) NonClass: 5770K(5888K)->5770K(5888K) Class: 533K(640K)->533K(640K)
[2.425s][info][gc             ] GC(67) Pause Young (Allocation Failure) 392M->392M(438M) 21.052ms
[2.425s][info][gc,cpu         ] GC(67) User=0.12s Sys=0.00s Real=0.02s
[2.436s][info][gc,start       ] GC(68) Pause Young (Allocation Failure)
[2.457s][info][gc,heap        ] GC(68) PSYoungGen: 47392K(55296K)->40512K(58368K) Eden: 9216K(9216K)->0K(9216K) From: 38176K(46080K)->40512K(49152K)
[2.458s][info][gc,heap        ] GC(68) ParOldGen: 363418K(393728K)->370338K(393728K)
[2.458s][info][gc,metaspace   ] GC(68) Metaspace: 6303K(6528K)->6303K(6528K) NonClass: 5770K(5888K)->5770K(5888K) Class: 533K(640K)->533K(640K)
[2.458s][info][gc             ] GC(68) Pause Young (Allocation Failure) 401M->401M(441M) 22.062ms
[2.458s][info][gc,cpu         ] GC(68) User=0.09s Sys=0.00s Real=0.02s
[2.467s][info][gc,start       ] GC(69) Pause Young (Allocation Failure)
[2.490s][info][gc,heap        ] GC(69) PSYoungGen: 49728K(58368K)->29280K(60416K) Eden: 9216K(9216K)->0K(10752K) From: 40512K(49152K)->29280K(49664K)
[2.490s][info][gc,heap        ] GC(69) ParOldGen: 370338K(393728K)->391066K(393728K)
[2.490s][info][gc,metaspace   ] GC(69) Metaspace: 6303K(6528K)->6303K(6528K) NonClass: 5770K(5888K)->5770K(5888K) Class: 533K(640K)->533K(640K)
[2.490s][info][gc             ] GC(69) Pause Young (Allocation Failure) 410M->410M(443M) 23.865ms
[2.491s][info][gc,cpu         ] GC(69) User=0.12s Sys=0.00s Real=0.02s
[2.491s][info][gc,start       ] GC(70) Pause Full (Ergonomics)
[2.491s][info][gc,phases,start] GC(70) Marking Phase
[2.588s][info][gc,phases      ] GC(70) Marking Phase 97.656ms
[2.588s][info][gc,phases,start] GC(70) Summary Phase
[2.588s][info][gc,phases      ] GC(70) Summary Phase 0.019ms
[2.588s][info][gc,phases,start] GC(70) Adjust Roots
[2.589s][info][gc,phases      ] GC(70) Adjust Roots 0.215ms
[2.589s][info][gc,phases,start] GC(70) Compaction Phase
[2.641s][info][gc,phases      ] GC(70) Compaction Phase 52.729ms
[2.641s][info][gc,phases,start] GC(70) Post Compact
[2.643s][info][gc,phases      ] GC(70) Post Compact 2.000ms
[2.644s][info][gc,heap        ] GC(70) PSYoungGen: 29280K(60416K)->26021K(61952K) Eden: 0K(10752K)->0K(12288K) From: 29280K(49664K)->26021K(49664K)
[2.644s][info][gc,heap        ] GC(70) ParOldGen: 391066K(393728K)->393421K(445952K)
[2.644s][info][gc,metaspace   ] GC(70) Metaspace: 6303K(6528K)->6303K(6528K) NonClass: 5770K(5888K)->5770K(5888K) Class: 533K(640K)->533K(640K)
[2.644s][info][gc             ] GC(70) Pause Full (Ergonomics) 410M->409M(496M) 153.179ms
[2.644s][info][gc,cpu         ] GC(70) User=0.89s Sys=0.00s Real=0.15s
[2.658s][info][gc,start       ] GC(71) Pause Young (Allocation Failure)
[2.691s][info][gc,heap        ] GC(71) PSYoungGen: 38309K(61952K)->21184K(63488K) Eden: 12288K(12288K)->0K(12288K) From: 26021K(49664K)->21184K(51200K)
[2.691s][info][gc,heap        ] GC(71) ParOldGen: 393421K(445952K)->410933K(445952K)
[2.691s][info][gc,metaspace   ] GC(71) Metaspace: 6303K(6528K)->6303K(6528K) NonClass: 5770K(5888K)->5770K(5888K) Class: 533K(640K)->533K(640K)
[2.691s][info][gc             ] GC(71) Pause Young (Allocation Failure) 421M->421M(497M) 32.948ms
[2.691s][info][gc,cpu         ] GC(71) User=0.16s Sys=0.00s Real=0.03s
[2.705s][info][gc,start       ] GC(72) Pause Young (Allocation Failure)
[2.722s][info][gc,heap        ] GC(72) PSYoungGen: 33472K(63488K)->24672K(59904K) Eden: 12288K(12288K)->0K(14336K) From: 21184K(51200K)->24672K(45568K)
[2.722s][info][gc,heap        ] GC(72) ParOldGen: 410933K(445952K)->419837K(445952K)
[2.722s][info][gc,metaspace   ] GC(72) Metaspace: 6303K(6528K)->6303K(6528K) NonClass: 5770K(5888K)->5770K(5888K) Class: 533K(640K)->533K(640K)
[2.722s][info][gc             ] GC(72) Pause Young (Allocation Failure) 433M->434M(494M) 17.649ms
[2.722s][info][gc,cpu         ] GC(72) User=0.11s Sys=0.02s Real=0.02s
[2.738s][info][gc,start       ] GC(73) Pause Young (Allocation Failure)
[2.758s][info][gc,heap        ] GC(73) PSYoungGen: 39008K(59904K)->26784K(61952K) Eden: 14336K(14336K)->0K(14336K) From: 24672K(45568K)->26784K(47616K)
[2.758s][info][gc,heap        ] GC(73) ParOldGen: 419837K(445952K)->432293K(445952K)
[2.758s][info][gc,metaspace   ] GC(73) Metaspace: 6303K(6528K)->6303K(6528K) NonClass: 5770K(5888K)->5770K(5888K) Class: 533K(640K)->533K(640K)
[2.758s][info][gc             ] GC(73) Pause Young (Allocation Failure) 448M->448M(496M) 19.669ms
[2.758s][info][gc,cpu         ] GC(73) User=0.12s Sys=0.00s Real=0.02s
[2.758s][info][gc,start       ] GC(74) Pause Full (Ergonomics)
[2.758s][info][gc,phases,start] GC(74) Marking Phase
[2.866s][info][gc,phases      ] GC(74) Marking Phase 108.092ms
[2.866s][info][gc,phases,start] GC(74) Summary Phase
[2.866s][info][gc,phases      ] GC(74) Summary Phase 0.019ms
[2.866s][info][gc,phases,start] GC(74) Adjust Roots
[2.866s][info][gc,phases      ] GC(74) Adjust Roots 0.160ms
[2.866s][info][gc,phases,start] GC(74) Compaction Phase
[2.913s][info][gc,phases      ] GC(74) Compaction Phase 46.529ms
[2.913s][info][gc,phases,start] GC(74) Post Compact
[2.915s][info][gc,phases      ] GC(74) Post Compact 2.540ms
[2.916s][info][gc,heap        ] GC(74) PSYoungGen: 26784K(61952K)->12763K(61952K) Eden: 0K(14336K)->0K(14336K) From: 26784K(47616K)->12763K(47616K)
[2.916s][info][gc,heap        ] GC(74) ParOldGen: 432293K(445952K)->445498K(502784K)
[2.916s][info][gc,metaspace   ] GC(74) Metaspace: 6303K(6528K)->6303K(6528K) NonClass: 5770K(5888K)->5770K(5888K) Class: 533K(640K)->533K(640K)
[2.916s][info][gc             ] GC(74) Pause Full (Ergonomics) 448M->447M(551M) 157.887ms
[2.916s][info][gc,cpu         ] GC(74) User=1.05s Sys=0.00s Real=0.16s
[2.931s][info][gc,start       ] GC(75) Pause Young (Allocation Failure)
[2.965s][info][gc,heap        ] GC(75) PSYoungGen: 27099K(61952K)->14432K(60928K) Eden: 14336K(14336K)->0K(15872K) From: 12763K(47616K)->14432K(45056K)
[2.965s][info][gc,heap        ] GC(75) ParOldGen: 445498K(502784K)->458466K(502784K)
[2.965s][info][gc,metaspace   ] GC(75) Metaspace: 6303K(6528K)->6303K(6528K) NonClass: 5770K(5888K)->5770K(5888K) Class: 533K(640K)->533K(640K)
[2.965s][info][gc             ] GC(75) Pause Young (Allocation Failure) 461M->461M(550M) 33.822ms
[2.965s][info][gc,cpu         ] GC(75) User=0.14s Sys=0.00s Real=0.03s
[2.983s][info][gc,start       ] GC(76) Pause Young (Allocation Failure)
[2.999s][info][gc,heap        ] GC(76) PSYoungGen: 30304K(60928K)->30368K(61440K) Eden: 15872K(15872K)->0K(15872K) From: 14432K(45056K)->30368K(45568K)
[2.999s][info][gc,heap        ] GC(76) ParOldGen: 458466K(502784K)->458466K(502784K)
[2.999s][info][gc,metaspace   ] GC(76) Metaspace: 6303K(6528K)->6303K(6528K) NonClass: 5770K(5888K)->5770K(5888K) Class: 533K(640K)->533K(640K)
[2.999s][info][gc             ] GC(76) Pause Young (Allocation Failure) 477M->477M(551M) 16.173ms
[2.999s][info][gc,cpu         ] GC(76) User=0.02s Sys=0.00s Real=0.02s
[3.017s][info][gc,start       ] GC(77) Pause Young (Allocation Failure)
[3.039s][info][gc,heap        ] GC(77) PSYoungGen: 46240K(61440K)->45568K(57856K) Eden: 15872K(15872K)->0K(12288K) From: 30368K(45568K)->45568K(45568K)
[3.039s][info][gc,heap        ] GC(77) ParOldGen: 458466K(502784K)->459082K(502784K)
[3.039s][info][gc,metaspace   ] GC(77) Metaspace: 6303K(6528K)->6303K(6528K) NonClass: 5770K(5888K)->5770K(5888K) Class: 533K(640K)->533K(640K)
[3.039s][info][gc             ] GC(77) Pause Young (Allocation Failure) 492M->492M(547M) 22.447ms
[3.039s][info][gc,cpu         ] GC(77) User=0.11s Sys=0.02s Real=0.02s
[3.054s][info][gc,start       ] GC(78) Pause Young (Allocation Failure)
[3.082s][info][gc,heap        ] GC(78) PSYoungGen: 57856K(57856K)->28128K(40448K) Eden: 12288K(12288K)->0K(12288K) From: 45568K(45568K)->28128K(28160K)
[3.082s][info][gc,heap        ] GC(78) ParOldGen: 459082K(502784K)->489234K(502784K)
[3.082s][info][gc,metaspace   ] GC(78) Metaspace: 6303K(6528K)->6303K(6528K) NonClass: 5770K(5888K)->5770K(5888K) Class: 533K(640K)->533K(640K)
[3.082s][info][gc             ] GC(78) Pause Young (Allocation Failure) 504M->505M(530M) 28.249ms
[3.082s][info][gc,cpu         ] GC(78) User=0.14s Sys=0.00s Real=0.03s
[3.082s][info][gc,start       ] GC(79) Pause Full (Ergonomics)
[3.082s][info][gc,phases,start] GC(79) Marking Phase
[3.200s][info][gc,phases      ] GC(79) Marking Phase 117.714ms
[3.200s][info][gc,phases,start] GC(79) Summary Phase
[3.200s][info][gc,phases      ] GC(79) Summary Phase 0.023ms
[3.200s][info][gc,phases,start] GC(79) Adjust Roots
[3.200s][info][gc,phases      ] GC(79) Adjust Roots 0.155ms
[3.200s][info][gc,phases,start] GC(79) Compaction Phase
[3.250s][info][gc,phases      ] GC(79) Compaction Phase 50.450ms
[3.251s][info][gc,phases,start] GC(79) Post Compact
[3.253s][info][gc,phases      ] GC(79) Post Compact 2.482ms
[3.253s][info][gc,heap        ] GC(79) PSYoungGen: 28128K(40448K)->14144K(40448K) Eden: 0K(12288K)->0K(12288K) From: 28128K(28160K)->14144K(28160K)
[3.253s][info][gc,heap        ] GC(79) ParOldGen: 489234K(502784K)->502361K(569856K)
[3.253s][info][gc,metaspace   ] GC(79) Metaspace: 6303K(6528K)->6303K(6528K) NonClass: 5770K(5888K)->5770K(5888K) Class: 533K(640K)->533K(640K)
[3.253s][info][gc             ] GC(79) Pause Full (Ergonomics) 505M->504M(596M) 171.413ms
[3.253s][info][gc,cpu         ] GC(79) User=1.12s Sys=0.03s Real=0.17s
[3.267s][info][gc,start       ] GC(80) Pause Young (Allocation Failure)
[3.300s][info][gc,heap        ] GC(80) PSYoungGen: 26432K(40448K)->18176K(61952K) Eden: 12288K(12288K)->0K(13824K) From: 14144K(28160K)->18176K(48128K)
[3.300s][info][gc,heap        ] GC(80) ParOldGen: 502361K(569856K)->510929K(569856K)
[3.300s][info][gc,metaspace   ] GC(80) Metaspace: 6303K(6528K)->6303K(6528K) NonClass: 5770K(5888K)->5770K(5888K) Class: 533K(640K)->533K(640K)
[3.300s][info][gc             ] GC(80) Pause Young (Allocation Failure) 516M->516M(617M) 33.472ms
[3.300s][info][gc,cpu         ] GC(80) User=0.16s Sys=0.00s Real=0.03s
[3.316s][info][gc,start       ] GC(81) Pause Young (Allocation Failure)
[3.333s][info][gc,heap        ] GC(81) PSYoungGen: 32000K(61952K)->31968K(62464K) Eden: 13824K(13824K)->0K(13824K) From: 18176K(48128K)->31968K(48640K)
[3.333s][info][gc,heap        ] GC(81) ParOldGen: 510929K(569856K)->510929K(569856K)
[3.333s][info][gc,metaspace   ] GC(81) Metaspace: 6303K(6528K)->6303K(6528K) NonClass: 5770K(5888K)->5770K(5888K) Class: 533K(640K)->533K(640K)
[3.333s][info][gc             ] GC(81) Pause Young (Allocation Failure) 530M->530M(617M) 16.942ms
[3.333s][info][gc,cpu         ] GC(81) User=0.03s Sys=0.00s Real=0.02s
[3.349s][info][gc,start       ] GC(82) Pause Young (Allocation Failure)
[3.372s][info][gc,heap        ] GC(82) PSYoungGen: 45792K(62464K)->45792K(59392K) Eden: 13824K(13824K)->0K(10752K) From: 31968K(48640K)->45792K(48640K)
[3.372s][info][gc,heap        ] GC(82) ParOldGen: 510929K(569856K)->510929K(569856K)
[3.372s][info][gc,metaspace   ] GC(82) Metaspace: 6303K(6528K)->6303K(6528K) NonClass: 5770K(5888K)->5770K(5888K) Class: 533K(640K)->533K(640K)
[3.372s][info][gc             ] GC(82) Pause Young (Allocation Failure) 543M->543M(614M) 22.688ms
[3.372s][info][gc,cpu         ] GC(82) User=0.12s Sys=0.00s Real=0.02s
[3.384s][info][gc,start       ] GC(83) Pause Young (Allocation Failure)
[3.411s][info][gc,heap        ] GC(83) PSYoungGen: 56544K(59392K)->50816K(64000K) Eden: 10752K(10752K)->0K(10752K) From: 45792K(48640K)->50816K(53248K)
[3.411s][info][gc,heap        ] GC(83) ParOldGen: 510929K(569856K)->516761K(569856K)
[3.411s][info][gc,metaspace   ] GC(83) Metaspace: 6303K(6528K)->6303K(6528K) NonClass: 5770K(5888K)->5770K(5888K) Class: 533K(640K)->533K(640K)
[3.411s][info][gc             ] GC(83) Pause Young (Allocation Failure) 554M->554M(619M) 26.786ms
[3.411s][info][gc,cpu         ] GC(83) User=0.14s Sys=0.00s Real=0.03s
[3.424s][info][gc,start       ] GC(84) Pause Young (Allocation Failure)
[3.454s][info][gc,heap        ] GC(84) PSYoungGen: 61568K(64000K)->49312K(67072K) Eden: 10752K(10752K)->0K(8192K) From: 50816K(53248K)->49312K(58880K)
[3.454s][info][gc,heap        ] GC(84) ParOldGen: 516761K(569856K)->529225K(569856K)
[3.454s][info][gc,metaspace   ] GC(84) Metaspace: 6303K(6528K)->6303K(6528K) NonClass: 5770K(5888K)->5770K(5888K) Class: 533K(640K)->533K(640K)
[3.454s][info][gc             ] GC(84) Pause Young (Allocation Failure) 564M->564M(622M) 29.649ms
[3.454s][info][gc,cpu         ] GC(84) User=0.11s Sys=0.03s Real=0.03s
[3.464s][info][gc,start       ] GC(85) Pause Young (Allocation Failure)
[3.493s][info][gc,heap        ] GC(85) PSYoungGen: 57504K(67072K)->29728K(38400K) Eden: 8192K(8192K)->0K(8192K) From: 49312K(58880K)->29728K(30208K)
[3.493s][info][gc,heap        ] GC(85) ParOldGen: 529225K(569856K)->557241K(569856K)
[3.493s][info][gc,metaspace   ] GC(85) Metaspace: 6303K(6528K)->6303K(6528K) NonClass: 5770K(5888K)->5770K(5888K) Class: 533K(640K)->533K(640K)
[3.493s][info][gc             ] GC(85) Pause Young (Allocation Failure) 572M->573M(594M) 29.121ms
[3.493s][info][gc,cpu         ] GC(85) User=0.25s Sys=0.00s Real=0.03s
[3.493s][info][gc,start       ] GC(86) Pause Full (Ergonomics)
[3.493s][info][gc,phases,start] GC(86) Marking Phase
[3.634s][info][gc,phases      ] GC(86) Marking Phase 141.288ms
[3.634s][info][gc,phases,start] GC(86) Summary Phase
[3.634s][info][gc,phases      ] GC(86) Summary Phase 0.024ms
[3.634s][info][gc,phases,start] GC(86) Adjust Roots
[3.634s][info][gc,phases      ] GC(86) Adjust Roots 0.173ms
[3.635s][info][gc,phases,start] GC(86) Compaction Phase
[3.689s][info][gc,phases      ] GC(86) Compaction Phase 54.805ms
[3.689s][info][gc,phases,start] GC(86) Post Compact
[3.691s][info][gc,phases      ] GC(86) Post Compact 1.398ms
[3.691s][info][gc,heap        ] GC(86) PSYoungGen: 29728K(38400K)->16318K(38400K) Eden: 0K(8192K)->0K(8192K) From: 29728K(30208K)->16318K(30208K)
[3.691s][info][gc,heap        ] GC(86) ParOldGen: 557241K(569856K)->569637K(642560K)
[3.691s][info][gc,metaspace   ] GC(86) Metaspace: 6303K(6528K)->6303K(6528K) NonClass: 5770K(5888K)->5770K(5888K) Class: 533K(640K)->533K(640K)
[3.691s][info][gc             ] GC(86) Pause Full (Ergonomics) 573M->572M(665M) 198.324ms
[3.691s][info][gc,cpu         ] GC(86) User=1.44s Sys=0.03s Real=0.20s
[3.700s][info][gc,start       ] GC(87) Pause Young (Allocation Failure)
[3.736s][info][gc,heap        ] GC(87) PSYoungGen: 24510K(38400K)->12800K(69632K) Eden: 8192K(8192K)->0K(9216K) From: 16318K(30208K)->12800K(60416K)
[3.736s][info][gc,heap        ] GC(87) ParOldGen: 569637K(642560K)->581621K(642560K)
[3.736s][info][gc,metaspace   ] GC(87) Metaspace: 6303K(6528K)->6303K(6528K) NonClass: 5770K(5888K)->5770K(5888K) Class: 533K(640K)->533K(640K)
[3.736s][info][gc             ] GC(87) Pause Young (Allocation Failure) 580M->580M(695M) 36.231ms
[3.736s][info][gc,cpu         ] GC(87) User=0.16s Sys=0.00s Real=0.04s
[3.747s][info][gc,start       ] GC(88) Pause Young (Allocation Failure)
[3.760s][info][gc,heap        ] GC(88) PSYoungGen: 22016K(69632K)->17536K(70144K) Eden: 9216K(9216K)->0K(9216K) From: 12800K(60416K)->17536K(60928K)
[3.760s][info][gc,heap        ] GC(88) ParOldGen: 581621K(642560K)->586229K(642560K)
[3.760s][info][gc,metaspace   ] GC(88) Metaspace: 6303K(6528K)->6303K(6528K) NonClass: 5770K(5888K)->5770K(5888K) Class: 533K(640K)->533K(640K)
[3.760s][info][gc             ] GC(88) Pause Young (Allocation Failure) 589M->589M(696M) 13.308ms
[3.761s][info][gc,cpu         ] GC(88) User=0.00s Sys=0.00s Real=0.01s
[3.772s][info][gc,start       ] GC(89) Pause Young (Allocation Failure)
[3.788s][info][gc,heap        ] GC(89) PSYoungGen: 26752K(70144K)->18528K(68096K) Eden: 9216K(9216K)->0K(10752K) From: 17536K(60928K)->18528K(57344K)
[3.788s][info][gc,heap        ] GC(89) ParOldGen: 586229K(642560K)->594517K(642560K)
[3.788s][info][gc,metaspace   ] GC(89) Metaspace: 6303K(6528K)->6303K(6528K) NonClass: 5770K(5888K)->5770K(5888K) Class: 533K(640K)->533K(640K)
[3.788s][info][gc             ] GC(89) Pause Young (Allocation Failure) 598M->598M(694M) 15.266ms
[3.788s][info][gc,cpu         ] GC(89) User=0.02s Sys=0.00s Real=0.02s
[3.801s][info][gc,start       ] GC(90) Pause Young (Allocation Failure)
[3.818s][info][gc,heap        ] GC(90) PSYoungGen: 29280K(68096K)->20096K(69632K) Eden: 10752K(10752K)->0K(10752K) From: 18528K(57344K)->20096K(58880K)
[3.818s][info][gc,heap        ] GC(90) ParOldGen: 594517K(642560K)->603877K(642560K)
[3.818s][info][gc,metaspace   ] GC(90) Metaspace: 6303K(6528K)->6303K(6528K) NonClass: 5770K(5888K)->5770K(5888K) Class: 533K(640K)->533K(640K)
[3.818s][info][gc             ] GC(90) Pause Young (Allocation Failure) 609M->609M(695M) 16.882ms
[3.818s][info][gc,cpu         ] GC(90) User=0.03s Sys=0.00s Real=0.02s
[3.831s][info][gc,start       ] GC(91) Pause Young (Allocation Failure)
[3.849s][info][gc,heap        ] GC(91) PSYoungGen: 30848K(69632K)->21632K(65536K) Eden: 10752K(10752K)->0K(12288K) From: 20096K(58880K)->21632K(53248K)
[3.849s][info][gc,heap        ] GC(91) ParOldGen: 603877K(642560K)->613229K(642560K)
[3.849s][info][gc,metaspace   ] GC(91) Metaspace: 6303K(6528K)->6303K(6528K) NonClass: 5770K(5888K)->5770K(5888K) Class: 533K(640K)->533K(640K)
[3.849s][info][gc             ] GC(91) Pause Young (Allocation Failure) 619M->619M(691M) 17.553ms
[3.849s][info][gc,cpu         ] GC(91) User=0.03s Sys=0.00s Real=0.02s
[3.865s][info][gc,start       ] GC(92) Pause Young (Allocation Failure)
[3.884s][info][gc,heap        ] GC(92) PSYoungGen: 33920K(65536K)->12416K(67584K) Eden: 12288K(12288K)->0K(12288K) From: 21632K(53248K)->12416K(55296K)
[3.884s][info][gc,heap        ] GC(92) ParOldGen: 613229K(642560K)->635005K(642560K)
[3.884s][info][gc,metaspace   ] GC(92) Metaspace: 6303K(6528K)->6303K(6528K) NonClass: 5770K(5888K)->5770K(5888K) Class: 533K(640K)->533K(640K)
[3.884s][info][gc             ] GC(92) Pause Young (Allocation Failure) 631M->632M(693M) 19.438ms
[3.884s][info][gc,cpu         ] GC(92) User=0.12s Sys=0.00s Real=0.02s
[3.884s][info][gc,start       ] GC(93) Pause Full (Ergonomics)
[3.884s][info][gc,phases,start] GC(93) Marking Phase
[4.017s][info][gc,phases      ] GC(93) Marking Phase 132.841ms
[4.017s][info][gc,phases,start] GC(93) Summary Phase
[4.017s][info][gc,phases      ] GC(93) Summary Phase 0.022ms
[4.017s][info][gc,phases,start] GC(93) Adjust Roots
[4.017s][info][gc,phases      ] GC(93) Adjust Roots 0.191ms
[4.017s][info][gc,phases,start] GC(93) Compaction Phase
[4.074s][info][gc,phases      ] GC(93) Compaction Phase 56.776ms
[4.075s][info][gc,phases,start] GC(93) Post Compact
[4.076s][info][gc,phases      ] GC(93) Post Compact 1.054ms
[4.076s][info][gc,heap        ] GC(93) PSYoungGen: 12416K(67584K)->4080K(67584K) Eden: 0K(12288K)->0K(12288K) From: 12416K(55296K)->4080K(55296K)
[4.076s][info][gc,heap        ] GC(93) ParOldGen: 635005K(642560K)->642111K(716288K)
[4.076s][info][gc,metaspace   ] GC(93) Metaspace: 6303K(6528K)->6303K(6528K) NonClass: 5770K(5888K)->5770K(5888K) Class: 533K(640K)->533K(640K)
[4.076s][info][gc             ] GC(93) Pause Full (Ergonomics) 632M->631M(765M) 191.867ms
[4.076s][info][gc,cpu         ] GC(93) User=1.50s Sys=0.00s Real=0.19s
[4.090s][info][gc,start       ] GC(94) Pause Young (Allocation Failure)
[4.126s][info][gc,heap        ] GC(94) PSYoungGen: 16368K(67584K)->12384K(67072K) Eden: 12288K(12288K)->0K(13824K) From: 4080K(55296K)->12384K(53248K)
[4.126s][info][gc,heap        ] GC(94) ParOldGen: 642111K(716288K)->646279K(716288K)
[4.126s][info][gc,metaspace   ] GC(94) Metaspace: 6303K(6528K)->6303K(6528K) NonClass: 5770K(5888K)->5770K(5888K) Class: 533K(640K)->533K(640K)
[4.126s][info][gc             ] GC(94) Pause Young (Allocation Failure) 643M->643M(765M) 35.911ms
[4.126s][info][gc,cpu         ] GC(94) User=0.14s Sys=0.00s Real=0.04s
[4.143s][info][gc,start       ] GC(95) Pause Young (Allocation Failure)
[4.159s][info][gc,heap        ] GC(95) PSYoungGen: 26208K(67072K)->26176K(40448K) Eden: 13824K(13824K)->0K(13824K) From: 12384K(53248K)->26176K(26624K)
[4.159s][info][gc,heap        ] GC(95) ParOldGen: 646279K(716288K)->646279K(716288K)
[4.159s][info][gc,metaspace   ] GC(95) Metaspace: 6303K(6528K)->6303K(6528K) NonClass: 5770K(5888K)->5770K(5888K) Class: 533K(640K)->533K(640K)
[4.159s][info][gc             ] GC(95) Pause Young (Allocation Failure) 656M->656M(739M) 15.776ms
[4.159s][info][gc,cpu         ] GC(95) User=0.02s Sys=0.00s Real=0.02s
[4.177s][info][gc,start       ] GC(96) Pause Young (Allocation Failure)
[4.198s][info][gc,heap        ] GC(96) PSYoungGen: 40000K(40448K)->27808K(64512K) Eden: 13824K(13824K)->0K(15360K) From: 26176K(26624K)->27808K(49152K)
[4.198s][info][gc,heap        ] GC(96) ParOldGen: 646279K(716288K)->658743K(716288K)
[4.199s][info][gc,metaspace   ] GC(96) Metaspace: 6303K(6528K)->6303K(6528K) NonClass: 5770K(5888K)->5770K(5888K) Class: 533K(640K)->533K(640K)
[4.199s][info][gc             ] GC(96) Pause Young (Allocation Failure) 670M->670M(762M) 21.767ms
[4.199s][info][gc,cpu         ] GC(96) User=0.11s Sys=0.02s Real=0.02s
[4.218s][info][gc,start       ] GC(97) Pause Young (Allocation Failure)
[4.241s][info][gc,heap        ] GC(97) PSYoungGen: 43168K(64512K)->29312K(66048K) Eden: 15360K(15360K)->0K(15360K) From: 27808K(49152K)->29312K(50688K)
[4.241s][info][gc,heap        ] GC(97) ParOldGen: 658743K(716288K)->672759K(716288K)
[4.241s][info][gc,metaspace   ] GC(97) Metaspace: 6303K(6528K)->6303K(6528K) NonClass: 5770K(5888K)->5770K(5888K) Class: 533K(640K)->533K(640K)
[4.241s][info][gc             ] GC(97) Pause Young (Allocation Failure) 685M->685M(764M) 23.247ms
[4.241s][info][gc,cpu         ] GC(97) User=0.12s Sys=0.00s Real=0.02s
[4.363s][info][gc,start       ] GC(98) Pause Full (Ergonomics)
[4.363s][info][gc,phases,start] GC(98) Marking Phase
[4.526s][info][gc,phases      ] GC(98) Marking Phase 162.676ms
[4.526s][info][gc,phases,start] GC(98) Summary Phase
[4.526s][info][gc,phases      ] GC(98) Summary Phase 0.021ms
[4.526s][info][gc,phases,start] GC(98) Adjust Roots
[4.526s][info][gc,phases      ] GC(98) Adjust Roots 0.149ms
[4.526s][info][gc,phases,start] GC(98) Compaction Phase
[4.648s][info][gc,phases      ] GC(98) Compaction Phase 121.870ms
[4.648s][info][gc,phases,start] GC(98) Post Compact
[4.649s][info][gc,phases      ] GC(98) Post Compact 1.457ms
[4.650s][info][gc,heap        ] GC(98) PSYoungGen: 44672K(66048K)->16861K(66048K) Eden: 15360K(15360K)->0K(15360K) From: 29312K(50688K)->16861K(50688K)
[4.650s][info][gc,heap        ] GC(98) ParOldGen: 705527K(716288K)->716211K(794112K)
[4.650s][info][gc,metaspace   ] GC(98) Metaspace: 6303K(6528K)->6303K(6528K) NonClass: 5770K(5888K)->5770K(5888K) Class: 533K(640K)->533K(640K)
[4.650s][info][gc             ] GC(98) Pause Full (Ergonomics) 732M->715M(840M) 286.878ms
[4.650s][info][gc,cpu         ] GC(98) User=1.95s Sys=0.02s Real=0.29s
[4.668s][info][gc,start       ] GC(99) Pause Young (Allocation Failure)
[4.712s][info][gc,heap        ] GC(99) PSYoungGen: 32221K(66048K)->23616K(62464K) Eden: 15360K(15360K)->0K(16896K) From: 16861K(50688K)->23616K(45568K)
[4.712s][info][gc,heap        ] GC(99) ParOldGen: 716211K(794112K)->725107K(794112K)
[4.712s][info][gc,metaspace   ] GC(99) Metaspace: 6303K(6528K)->6303K(6528K) NonClass: 5770K(5888K)->5770K(5888K) Class: 533K(640K)->533K(640K)
[4.712s][info][gc             ] GC(99) Pause Young (Allocation Failure) 730M->731M(836M) 44.425ms
[4.712s][info][gc,cpu         ] GC(99) User=0.25s Sys=0.00s Real=0.04s
[4.729s][info][gc,start       ] GC(100) Pause Young (Allocation Failure)
[4.751s][info][gc,heap        ] GC(100) PSYoungGen: 40512K(62464K)->40480K(64512K) Eden: 16896K(16896K)->0K(16896K) From: 23616K(45568K)->40480K(47616K)
[4.751s][info][gc,heap        ] GC(100) ParOldGen: 725107K(794112K)->725107K(794112K)
[4.751s][info][gc,metaspace   ] GC(100) Metaspace: 6303K(6528K)->6303K(6528K) NonClass: 5770K(5888K)->5770K(5888K) Class: 533K(640K)->533K(640K)
[4.751s][info][gc             ] GC(100) Pause Young (Allocation Failure) 747M->747M(838M) 22.034ms
[4.751s][info][gc,cpu         ] GC(100) User=0.09s Sys=0.00s Real=0.02s
[4.770s][info][gc,start       ] GC(101) Pause Young (Allocation Failure)
[4.798s][info][gc,heap        ] GC(101) PSYoungGen: 57376K(64512K)->51200K(61440K) Eden: 16896K(16896K)->0K(10240K) From: 40480K(47616K)->51200K(51200K)
[4.798s][info][gc,heap        ] GC(101) ParOldGen: 725107K(794112K)->731283K(794112K)
[4.798s][info][gc,metaspace   ] GC(101) Metaspace: 6303K(6528K)->6303K(6528K) NonClass: 5770K(5888K)->5770K(5888K) Class: 533K(640K)->533K(640K)
[4.798s][info][gc             ] GC(101) Pause Young (Allocation Failure) 764M->764M(835M) 28.740ms
[4.799s][info][gc,cpu         ] GC(101) User=0.03s Sys=0.02s Real=0.03s
[4.810s][info][gc,start       ] GC(102) Pause Young (Allocation Failure)
[4.842s][info][gc,heap        ] GC(102) PSYoungGen: 61440K(61440K)->41888K(70144K) Eden: 10240K(10240K)->0K(10240K) From: 51200K(51200K)->41888K(59904K)
[4.842s][info][gc,heap        ] GC(102) ParOldGen: 731283K(794112K)->751219K(794112K)
[4.842s][info][gc,metaspace   ] GC(102) Metaspace: 6303K(6528K)->6303K(6528K) NonClass: 5770K(5888K)->5770K(5888K) Class: 533K(640K)->533K(640K)
[4.842s][info][gc             ] GC(102) Pause Young (Allocation Failure) 774M->774M(844M) 32.165ms
[4.842s][info][gc,cpu         ] GC(102) User=0.05s Sys=0.00s Real=0.03s
[4.853s][info][gc,start       ] GC(103) Pause Young (Allocation Failure)
[4.880s][info][gc,heap        ] GC(103) PSYoungGen: 52128K(70144K)->20576K(71168K) Eden: 10240K(10240K)->0K(11776K) From: 41888K(59904K)->20576K(59392K)
[4.880s][info][gc,heap        ] GC(103) ParOldGen: 751219K(794112K)->783147K(794112K)
[4.880s][info][gc,metaspace   ] GC(103) Metaspace: 6303K(6528K)->6303K(6528K) NonClass: 5770K(5888K)->5770K(5888K) Class: 533K(640K)->533K(640K)
[4.880s][info][gc             ] GC(103) Pause Young (Allocation Failure) 784M->784M(845M) 26.822ms
[4.880s][info][gc,cpu         ] GC(103) User=0.11s Sys=0.03s Real=0.03s
[4.880s][info][gc,start       ] GC(104) Pause Full (Ergonomics)
[4.880s][info][gc,phases,start] GC(104) Marking Phase
[5.062s][info][gc,phases      ] GC(104) Marking Phase 181.881ms
[5.062s][info][gc,phases,start] GC(104) Summary Phase
[5.062s][info][gc,phases      ] GC(104) Summary Phase 0.029ms
[5.062s][info][gc,phases,start] GC(104) Adjust Roots
[5.062s][info][gc,phases      ] GC(104) Adjust Roots 0.175ms
[5.062s][info][gc,phases,start] GC(104) Compaction Phase
[5.143s][info][gc,phases      ] GC(104) Compaction Phase 80.462ms
[5.143s][info][gc,phases,start] GC(104) Post Compact
[5.144s][info][gc,phases      ] GC(104) Post Compact 1.716ms
[5.145s][info][gc,heap        ] GC(104) PSYoungGen: 20576K(71168K)->8666K(72192K) Eden: 0K(11776K)->0K(12800K) From: 20576K(59392K)->8666K(59392K)
[5.145s][info][gc,heap        ] GC(104) ParOldGen: 783147K(794112K)->793880K(884224K)
[5.145s][info][gc,metaspace   ] GC(104) Metaspace: 6303K(6528K)->6303K(6528K) NonClass: 5770K(5888K)->5770K(5888K) Class: 533K(640K)->533K(640K)
[5.145s][info][gc             ] GC(104) Pause Full (Ergonomics) 784M->783M(934M) 264.919ms
[5.145s][info][gc,cpu         ] GC(104) User=1.78s Sys=0.00s Real=0.26s
[5.159s][info][gc,start       ] GC(105) Pause Young (Allocation Failure)
[5.204s][info][gc,heap        ] GC(105) PSYoungGen: 21466K(72192K)->12960K(73216K) Eden: 12800K(12800K)->0K(12800K) From: 8666K(59392K)->12960K(60416K)
[5.204s][info][gc,heap        ] GC(105) ParOldGen: 793880K(884224K)->802680K(884224K)
[5.204s][info][gc,metaspace   ] GC(105) Metaspace: 6303K(6528K)->6303K(6528K) NonClass: 5770K(5888K)->5770K(5888K) Class: 533K(640K)->533K(640K)
[5.204s][info][gc             ] GC(105) Pause Young (Allocation Failure) 796M->796M(935M) 45.184ms
[5.204s][info][gc,cpu         ] GC(105) User=0.16s Sys=0.00s Real=0.05s
[5.217s][info][gc,start       ] GC(106) Pause Young (Allocation Failure)
[5.237s][info][gc,heap        ] GC(106) PSYoungGen: 25760K(73216K)->12864K(73216K) Eden: 12800K(12800K)->0K(14336K) From: 12960K(60416K)->12864K(58880K)
[5.237s][info][gc,heap        ] GC(106) ParOldGen: 802680K(884224K)->815648K(884224K)
[5.237s][info][gc,metaspace   ] GC(106) Metaspace: 6303K(6528K)->6303K(6528K) NonClass: 5770K(5888K)->5770K(5888K) Class: 533K(640K)->533K(640K)
[5.237s][info][gc             ] GC(106) Pause Young (Allocation Failure) 809M->809M(935M) 19.974ms
[5.237s][info][gc,cpu         ] GC(106) User=0.00s Sys=0.00s Real=0.02s
[5.256s][info][gc,start       ] GC(107) Pause Young (Allocation Failure)
[5.278s][info][gc,heap        ] GC(107) PSYoungGen: 27200K(73216K)->14464K(73728K) Eden: 14336K(14336K)->0K(14336K) From: 12864K(58880K)->14464K(59392K)
[5.278s][info][gc,heap        ] GC(107) ParOldGen: 815648K(884224K)->828616K(884224K)
[5.278s][info][gc,metaspace   ] GC(107) Metaspace: 6303K(6528K)->6303K(6528K) NonClass: 5770K(5888K)->5770K(5888K) Class: 533K(640K)->533K(640K)
[5.278s][info][gc             ] GC(107) Pause Young (Allocation Failure) 823M->823M(935M) 21.366ms
[5.278s][info][gc,cpu         ] GC(107) User=0.03s Sys=0.00s Real=0.02s
[5.294s][info][gc,start       ] GC(108) Pause Young (Allocation Failure)
[5.316s][info][gc,heap        ] GC(108) PSYoungGen: 28800K(73728K)->14464K(71680K) Eden: 14336K(14336K)->0K(16384K) From: 14464K(59392K)->14464K(55296K)
[5.316s][info][gc,heap        ] GC(108) ParOldGen: 828616K(884224K)->843152K(884224K)
[5.316s][info][gc,metaspace   ] GC(108) Metaspace: 6303K(6528K)->6303K(6528K) NonClass: 5770K(5888K)->5770K(5888K) Class: 533K(640K)->533K(640K)
[5.316s][info][gc             ] GC(108) Pause Young (Allocation Failure) 837M->837M(933M) 21.937ms
[5.316s][info][gc,cpu         ] GC(108) User=0.02s Sys=0.00s Real=0.02s
[5.334s][info][gc,start       ] GC(109) Pause Young (Allocation Failure)
[5.354s][info][gc,heap        ] GC(109) PSYoungGen: 30848K(71680K)->16512K(73216K) Eden: 16384K(16384K)->0K(16384K) From: 14464K(55296K)->16512K(56832K)
[5.354s][info][gc,heap        ] GC(109) ParOldGen: 843152K(884224K)->857688K(884224K)
[5.354s][info][gc,metaspace   ] GC(109) Metaspace: 6303K(6528K)->6303K(6528K) NonClass: 5770K(5888K)->5770K(5888K) Class: 533K(640K)->533K(640K)
[5.354s][info][gc             ] GC(109) Pause Young (Allocation Failure) 853M->853M(935M) 19.472ms
[5.354s][info][gc,cpu         ] GC(109) User=0.03s Sys=0.00s Real=0.02s
[5.373s][info][gc,start       ] GC(110) Pause Young (Allocation Failure)
[5.392s][info][gc,heap        ] GC(110) PSYoungGen: 32896K(73216K)->16544K(69632K) Eden: 16384K(16384K)->0K(18432K) From: 16512K(56832K)->16544K(51200K)
[5.392s][info][gc,heap        ] GC(110) ParOldGen: 857688K(884224K)->874296K(884224K)
[5.392s][info][gc,metaspace   ] GC(110) Metaspace: 6303K(6528K)->6303K(6528K) NonClass: 5770K(5888K)->5770K(5888K) Class: 533K(640K)->533K(640K)
[5.392s][info][gc             ] GC(110) Pause Young (Allocation Failure) 869M->869M(931M) 19.088ms
[5.392s][info][gc,cpu         ] GC(110) User=0.05s Sys=0.00s Real=0.02s
[5.393s][info][gc,start       ] GC(111) Pause Full (Ergonomics)
[5.393s][info][gc,phases,start] GC(111) Marking Phase
[5.588s][info][gc,phases      ] GC(111) Marking Phase 195.442ms
[5.588s][info][gc,phases,start] GC(111) Summary Phase
[5.588s][info][gc,phases      ] GC(111) Summary Phase 0.057ms
[5.588s][info][gc,phases,start] GC(111) Adjust Roots
[5.589s][info][gc,phases      ] GC(111) Adjust Roots 0.328ms
[5.589s][info][gc,phases,start] GC(111) Compaction Phase
[5.680s][info][gc,phases      ] GC(111) Compaction Phase 91.564ms
[5.680s][info][gc,phases,start] GC(111) Post Compact
[5.682s][info][gc,phases      ] GC(111) Post Compact 1.898ms
[5.683s][info][gc,heap        ] GC(111) PSYoungGen: 16544K(69632K)->5646K(71680K) Eden: 0K(18432K)->0K(20480K) From: 16544K(51200K)->5646K(51200K)
[5.683s][info][gc,heap        ] GC(111) ParOldGen: 874296K(884224K)->883742K(975360K)
[5.683s][info][gc,metaspace   ] GC(111) Metaspace: 6303K(6528K)->6303K(6528K) NonClass: 5770K(5888K)->5770K(5888K) Class: 533K(640K)->533K(640K)
[5.683s][info][gc             ] GC(111) Pause Full (Ergonomics) 869M->868M(1022M) 290.267ms
[5.683s][info][gc,cpu         ] GC(111) User=1.97s Sys=0.03s Real=0.29s
[5.708s][info][gc,start       ] GC(112) Pause Young (Allocation Failure)
[5.758s][info][gc,heap        ] GC(112) PSYoungGen: 26126K(71680K)->20608K(41472K) Eden: 20480K(20480K)->0K(20480K) From: 5646K(51200K)->20608K(20992K)
[5.758s][info][gc,heap        ] GC(112) ParOldGen: 883742K(975360K)->889494K(975360K)
[5.758s][info][gc,metaspace   ] GC(112) Metaspace: 6303K(6528K)->6303K(6528K) NonClass: 5770K(5888K)->5770K(5888K) Class: 533K(640K)->533K(640K)
[5.758s][info][gc             ] GC(112) Pause Young (Allocation Failure) 888M->888M(993M) 49.255ms
[5.758s][info][gc,cpu         ] GC(112) User=0.27s Sys=0.00s Real=0.05s
[5.784s][info][gc,start       ] GC(113) Pause Young (Allocation Failure)
[5.806s][info][gc,heap        ] GC(113) PSYoungGen: 41088K(41472K)->41152K(69120K) Eden: 20480K(20480K)->0K(18432K) From: 20608K(20992K)->41152K(50688K)
[5.806s][info][gc,heap        ] GC(113) ParOldGen: 889494K(975360K)->889494K(975360K)
[5.806s][info][gc,metaspace   ] GC(113) Metaspace: 6303K(6528K)->6303K(6528K) NonClass: 5770K(5888K)->5770K(5888K) Class: 533K(640K)->533K(640K)
[5.806s][info][gc             ] GC(113) Pause Young (Allocation Failure) 908M->908M(1020M) 22.517ms
[5.806s][info][gc,cpu         ] GC(113) User=0.12s Sys=0.00s Real=0.02s
[5.830s][info][gc,start       ] GC(114) Pause Young (Allocation Failure)
[5.860s][info][gc,heap        ] GC(114) PSYoungGen: 59584K(69120K)->54784K(73216K) Eden: 18432K(18432K)->0K(18432K) From: 41152K(50688K)->54784K(54784K)
[5.860s][info][gc,heap        ] GC(114) ParOldGen: 889494K(975360K)->894214K(975360K)
[5.860s][info][gc,metaspace   ] GC(114) Metaspace: 6303K(6528K)->6303K(6528K) NonClass: 5770K(5888K)->5770K(5888K) Class: 533K(640K)->533K(640K)
[5.860s][info][gc             ] GC(114) Pause Young (Allocation Failure) 926M->926M(1024M) 30.356ms
[5.860s][info][gc,cpu         ] GC(114) User=0.14s Sys=0.00s Real=0.03s
[5.885s][info][gc,start       ] GC(115) Pause Young (Allocation Failure)
[5.929s][info][gc,heap        ] GC(115) PSYoungGen: 73216K(73216K)->35456K(83968K) Eden: 18432K(18432K)->0K(20992K) From: 54784K(54784K)->35456K(62976K)
[5.929s][info][gc,heap        ] GC(115) ParOldGen: 894214K(975360K)->932630K(975360K)
[5.929s][info][gc,metaspace   ] GC(115) Metaspace: 6303K(6528K)->6303K(6528K) NonClass: 5770K(5888K)->5770K(5888K) Class: 533K(640K)->533K(640K)
[5.929s][info][gc             ] GC(115) Pause Young (Allocation Failure) 944M->945M(1034M) 43.541ms
[5.929s][info][gc,cpu         ] GC(115) User=0.22s Sys=0.06s Real=0.04s
[5.955s][info][gc,start       ] GC(116) Pause Young (Allocation Failure)
[5.990s][info][gc,heap        ] GC(116) PSYoungGen: 56448K(83968K)->39552K(84480K) Eden: 20992K(20992K)->0K(20992K) From: 35456K(62976K)->39552K(63488K)
[5.990s][info][gc,heap        ] GC(116) ParOldGen: 932630K(975360K)->949758K(975360K)
[5.990s][info][gc,metaspace   ] GC(116) Metaspace: 6303K(6528K)->6303K(6528K) NonClass: 5770K(5888K)->5770K(5888K) Class: 533K(640K)->533K(640K)
[5.990s][info][gc             ] GC(116) Pause Young (Allocation Failure) 965M->966M(1035M) 34.569ms
[5.990s][info][gc,cpu         ] GC(116) User=0.11s Sys=0.14s Real=0.04s
[5.990s][info][gc,start       ] GC(117) Pause Full (Ergonomics)
[5.990s][info][gc,phases,start] GC(117) Marking Phase
[6.220s][info][gc,phases      ] GC(117) Marking Phase 230.000ms
[6.220s][info][gc,phases,start] GC(117) Summary Phase
[6.220s][info][gc,phases      ] GC(117) Summary Phase 0.024ms
[6.220s][info][gc,phases,start] GC(117) Adjust Roots
[6.220s][info][gc,phases      ] GC(117) Adjust Roots 0.173ms
[6.220s][info][gc,phases,start] GC(117) Compaction Phase
[6.312s][info][gc,phases      ] GC(117) Compaction Phase 92.133ms
[6.313s][info][gc,phases,start] GC(117) Post Compact
[6.315s][info][gc,phases      ] GC(117) Post Compact 2.001ms
[6.315s][info][gc,heap        ] GC(117) PSYoungGen: 39552K(84480K)->12792K(84480K) Eden: 0K(20992K)->0K(20992K) From: 39552K(63488K)->12792K(63488K)
[6.315s][info][gc,heap        ] GC(117) ParOldGen: 949758K(975360K)->975257K(1080832K)
[6.315s][info][gc,metaspace   ] GC(117) Metaspace: 6303K(6528K)->6303K(6528K) NonClass: 5770K(5888K)->5770K(5888K) Class: 533K(640K)->533K(640K)
[6.315s][info][gc             ] GC(117) Pause Full (Ergonomics) 966M->964M(1138M) 325.408ms
[6.315s][info][gc,cpu         ] GC(117) User=2.36s Sys=0.08s Real=0.33s
[6.339s][info][gc,start       ] GC(118) Pause Young (Allocation Failure)
[6.397s][info][gc,heap        ] GC(118) PSYoungGen: 33784K(84480K)->28000K(81408K) Eden: 20992K(20992K)->0K(23552K) From: 12792K(63488K)->28000K(57856K)
[6.397s][info][gc,heap        ] GC(118) ParOldGen: 975257K(1080832K)->981289K(1080832K)
[6.397s][info][gc,metaspace   ] GC(118) Metaspace: 6303K(6528K)->6303K(6528K) NonClass: 5770K(5888K)->5770K(5888K) Class: 533K(640K)->533K(640K)
[6.397s][info][gc             ] GC(118) Pause Young (Allocation Failure) 985M->985M(1135M) 58.134ms
[6.398s][info][gc,cpu         ] GC(118) User=0.30s Sys=0.05s Real=0.06s
[6.423s][info][gc,start       ] GC(119) Pause Young (Allocation Failure)
[6.450s][info][gc,heap        ] GC(119) PSYoungGen: 51552K(81408K)->51616K(84480K) Eden: 23552K(23552K)->0K(23552K) From: 28000K(57856K)->51616K(60928K)
[6.450s][info][gc,heap        ] GC(119) ParOldGen: 981289K(1080832K)->981289K(1080832K)
[6.450s][info][gc,metaspace   ] GC(119) Metaspace: 6303K(6528K)->6303K(6528K) NonClass: 5770K(5888K)->5770K(5888K) Class: 533K(640K)->533K(640K)
[6.451s][info][gc             ] GC(119) Pause Young (Allocation Failure) 1008M->1008M(1138M) 27.320ms
[6.451s][info][gc,cpu         ] GC(119) User=0.14s Sys=0.00s Real=0.03s
[6.476s][info][gc,start       ] GC(120) Pause Young (Allocation Failure)
[6.531s][info][gc,heap        ] GC(120) PSYoungGen: 75168K(84480K)->66048K(79360K) Eden: 23552K(23552K)->0K(13312K) From: 51616K(60928K)->66048K(66048K)
[6.531s][info][gc,heap        ] GC(120) ParOldGen: 981289K(1080832K)->990433K(1080832K)
[6.531s][info][gc,metaspace   ] GC(120) Metaspace: 6303K(6528K)->6303K(6528K) NonClass: 5770K(5888K)->5770K(5888K) Class: 533K(640K)->533K(640K)
[6.531s][info][gc             ] GC(120) Pause Young (Allocation Failure) 1031M->1031M(1133M) 54.775ms
[6.531s][info][gc,cpu         ] GC(120) User=0.19s Sys=0.20s Real=0.05s
[6.547s][info][gc,start       ] GC(121) Pause Young (Allocation Failure)
[6.594s][info][gc,heap        ] GC(121) PSYoungGen: 79360K(79360K)->54560K(92160K) Eden: 13312K(13312K)->0K(13312K) From: 66048K(66048K)->54560K(78848K)
[6.594s][info][gc,heap        ] GC(121) ParOldGen: 990433K(1080832K)->1015697K(1080832K)
[6.594s][info][gc,metaspace   ] GC(121) Metaspace: 6303K(6528K)->6303K(6528K) NonClass: 5770K(5888K)->5770K(5888K) Class: 533K(640K)->533K(640K)
[6.594s][info][gc             ] GC(121) Pause Young (Allocation Failure) 1044M->1045M(1145M) 47.089ms
[6.594s][info][gc,cpu         ] GC(121) User=0.19s Sys=0.05s Real=0.05s
[6.611s][info][gc,start       ] GC(122) Pause Young (Allocation Failure)
[6.659s][info][gc,heap        ] GC(122) PSYoungGen: 67872K(92160K)->26784K(91648K) Eden: 13312K(13312K)->0K(15360K) From: 54560K(78848K)->26784K(76288K)
[6.659s][info][gc,heap        ] GC(122) ParOldGen: 1015697K(1080832K)->1057417K(1080832K)
[6.659s][info][gc,metaspace   ] GC(122) Metaspace: 6303K(6528K)->6303K(6528K) NonClass: 5770K(5888K)->5770K(5888K) Class: 533K(640K)->533K(640K)
[6.659s][info][gc             ] GC(122) Pause Young (Allocation Failure) 1058M->1058M(1145M) 48.626ms
[6.660s][info][gc,cpu         ] GC(122) User=0.12s Sys=0.14s Real=0.05s
[6.660s][info][gc,start       ] GC(123) Pause Full (Ergonomics)
[6.660s][info][gc,phases,start] GC(123) Marking Phase
[6.918s][info][gc,phases      ] GC(123) Marking Phase 258.701ms
[6.918s][info][gc,phases,start] GC(123) Summary Phase
[6.918s][info][gc,phases      ] GC(123) Summary Phase 0.028ms
[6.918s][info][gc,phases,start] GC(123) Adjust Roots
[6.919s][info][gc,phases      ] GC(123) Adjust Roots 0.193ms
[6.919s][info][gc,phases,start] GC(123) Compaction Phase
[7.016s][info][gc,phases      ] GC(123) Compaction Phase 97.539ms
[7.016s][info][gc,phases,start] GC(123) Post Compact
[7.018s][info][gc,phases      ] GC(123) Post Compact 1.956ms
[7.019s][info][gc,heap        ] GC(123) PSYoungGen: 26784K(91648K)->2037K(93696K) Eden: 0K(15360K)->0K(17408K) From: 26784K(76288K)->2037K(76288K)
[7.019s][info][gc,heap        ] GC(123) ParOldGen: 1057417K(1080832K)->1080575K(1202176K)
[7.019s][info][gc,metaspace   ] GC(123) Metaspace: 6303K(6528K)->6303K(6528K) NonClass: 5770K(5888K)->5770K(5888K) Class: 533K(640K)->533K(640K)
[7.019s][info][gc             ] GC(123) Pause Full (Ergonomics) 1058M->1057M(1265M) 359.800ms
[7.019s][info][gc,cpu         ] GC(123) User=2.61s Sys=0.03s Real=0.36s
[7.041s][info][gc,start       ] GC(124) Pause Young (Allocation Failure)
[7.097s][info][gc,heap        ] GC(124) PSYoungGen: 19445K(93696K)->17536K(96256K) Eden: 17408K(17408K)->0K(17408K) From: 2037K(76288K)->17536K(78848K)
[7.097s][info][gc,heap        ] GC(124) ParOldGen: 1080575K(1202176K)->1082687K(1202176K)
[7.097s][info][gc,metaspace   ] GC(124) Metaspace: 6303K(6528K)->6303K(6528K) NonClass: 5770K(5888K)->5770K(5888K) Class: 533K(640K)->533K(640K)
[7.097s][info][gc             ] GC(124) Pause Young (Allocation Failure) 1074M->1074M(1268M) 56.672ms
[7.097s][info][gc,cpu         ] GC(124) User=0.27s Sys=0.00s Real=0.06s
[7.119s][info][gc,start       ] GC(125) Pause Young (Allocation Failure)
[7.144s][info][gc,heap        ] GC(125) PSYoungGen: 34944K(96256K)->17536K(95232K) Eden: 17408K(17408K)->0K(19456K) From: 17536K(78848K)->17536K(75776K)
[7.144s][info][gc,heap        ] GC(125) ParOldGen: 1082687K(1202176K)->1100367K(1202176K)
[7.144s][info][gc,metaspace   ] GC(125) Metaspace: 6303K(6528K)->6303K(6528K) NonClass: 5770K(5888K)->5770K(5888K) Class: 533K(640K)->533K(640K)
[7.144s][info][gc             ] GC(125) Pause Young (Allocation Failure) 1091M->1091M(1267M) 25.236ms
[7.144s][info][gc,cpu         ] GC(125) User=0.08s Sys=0.06s Real=0.03s
[7.167s][info][gc,start       ] GC(126) Pause Young (Allocation Failure)
[7.192s][info][gc,heap        ] GC(126) PSYoungGen: 36992K(95232K)->19616K(96256K) Eden: 19456K(19456K)->0K(19456K) From: 17536K(75776K)->19616K(76800K)
[7.192s][info][gc,heap        ] GC(126) ParOldGen: 1100367K(1202176K)->1118047K(1202176K)
[7.192s][info][gc,metaspace   ] GC(126) Metaspace: 6303K(6528K)->6303K(6528K) NonClass: 5770K(5888K)->5770K(5888K) Class: 533K(640K)->533K(640K)
[7.192s][info][gc             ] GC(126) Pause Young (Allocation Failure) 1110M->1110M(1268M) 24.916ms
[7.192s][info][gc,cpu         ] GC(126) User=0.25s Sys=0.00s Real=0.02s
[7.215s][info][gc,start       ] GC(127) Pause Young (Allocation Failure)
[7.242s][info][gc,heap        ] GC(127) PSYoungGen: 39072K(96256K)->19584K(92672K) Eden: 19456K(19456K)->0K(22016K) From: 19616K(76800K)->19584K(70656K)
[7.242s][info][gc,heap        ] GC(127) ParOldGen: 1118047K(1202176K)->1137799K(1202176K)
[7.242s][info][gc,metaspace   ] GC(127) Metaspace: 6303K(6528K)->6303K(6528K) NonClass: 5770K(5888K)->5770K(5888K) Class: 533K(640K)->533K(640K)
[7.242s][info][gc             ] GC(127) Pause Young (Allocation Failure) 1129M->1130M(1264M) 26.878ms
[7.242s][info][gc,cpu         ] GC(127) User=0.06s Sys=0.06s Real=0.03s
[7.268s][info][gc,start       ] GC(128) Pause Young (Allocation Failure)
[7.297s][info][gc,heap        ] GC(128) PSYoungGen: 41600K(92672K)->22176K(44544K) Eden: 22016K(22016K)->0K(22016K) From: 19584K(70656K)->22176K(22528K)
[7.297s][info][gc,heap        ] GC(128) ParOldGen: 1137799K(1202176K)->1157551K(1202176K)
[7.297s][info][gc,metaspace   ] GC(128) Metaspace: 6303K(6528K)->6303K(6528K) NonClass: 5770K(5888K)->5770K(5888K) Class: 533K(640K)->533K(640K)
[7.297s][info][gc             ] GC(128) Pause Young (Allocation Failure) 1151M->1152M(1217M) 29.357ms
[7.297s][info][gc,cpu         ] GC(128) User=0.09s Sys=0.05s Real=0.03s
[7.323s][info][gc,start       ] GC(129) Pause Young (Allocation Failure)
[7.354s][info][gc,heap        ] GC(129) PSYoungGen: 44192K(44544K)->22176K(89088K) Eden: 22016K(22016K)->0K(24576K) From: 22176K(22528K)->22176K(64512K)
[7.354s][info][gc,heap        ] GC(129) ParOldGen: 1157551K(1202176K)->1179911K(1202176K)
[7.354s][info][gc,metaspace   ] GC(129) Metaspace: 6303K(6528K)->6303K(6528K) NonClass: 5770K(5888K)->5770K(5888K) Class: 533K(640K)->533K(640K)
[7.354s][info][gc             ] GC(129) Pause Young (Allocation Failure) 1173M->1173M(1261M) 31.406ms
[7.354s][info][gc,cpu         ] GC(129) User=0.09s Sys=0.06s Real=0.03s
[7.354s][info][gc,start       ] GC(130) Pause Full (Ergonomics)
[7.354s][info][gc,phases,start] GC(130) Marking Phase
[7.620s][info][gc,phases      ] GC(130) Marking Phase 265.836ms
[7.620s][info][gc,phases,start] GC(130) Summary Phase
[7.620s][info][gc,phases      ] GC(130) Summary Phase 0.049ms
[7.620s][info][gc,phases,start] GC(130) Adjust Roots
[7.621s][info][gc,phases      ] GC(130) Adjust Roots 0.283ms
[7.621s][info][gc,phases,start] GC(130) Compaction Phase
[7.728s][info][gc,phases      ] GC(130) Compaction Phase 106.863ms
[7.728s][info][gc,phases,start] GC(130) Post Compact
[7.730s][info][gc,phases      ] GC(130) Post Compact 2.138ms
[7.731s][info][gc,heap        ] GC(130) PSYoungGen: 22176K(89088K)->0K(91648K) Eden: 0K(24576K)->0K(24576K) From: 22176K(64512K)->0K(67072K)
[7.731s][info][gc,heap        ] GC(130) ParOldGen: 1179911K(1202176K)->1200199K(1326592K)
[7.731s][info][gc,metaspace   ] GC(130) Metaspace: 6303K(6528K)->6303K(6528K) NonClass: 5770K(5888K)->5770K(5888K) Class: 533K(640K)->533K(640K)
[7.731s][info][gc             ] GC(130) Pause Full (Ergonomics) 1173M->1172M(1385M) 376.739ms
[7.731s][info][gc,cpu         ] GC(130) User=2.78s Sys=0.03s Real=0.38s
[7.763s][info][gc,start       ] GC(131) Pause Young (Allocation Failure)
[7.784s][info][gc,heap        ] GC(131) PSYoungGen: 24576K(91648K)->24736K(87552K) Eden: 24576K(24576K)->0K(27136K) From: 0K(67072K)->24736K(60416K)
[7.784s][info][gc,heap        ] GC(131) ParOldGen: 1200199K(1326592K)->1200199K(1326592K)
[7.784s][info][gc,metaspace   ] GC(131) Metaspace: 6303K(6528K)->6303K(6528K) NonClass: 5770K(5888K)->5770K(5888K) Class: 533K(640K)->533K(640K)
[7.784s][info][gc             ] GC(131) Pause Young (Allocation Failure) 1196M->1196M(1381M) 21.590ms
[7.784s][info][gc,cpu         ] GC(131) User=0.02s Sys=0.00s Real=0.02s
[7.817s][info][gc,start       ] GC(132) Pause Young (Allocation Failure)
[7.845s][info][gc,heap        ] GC(132) PSYoungGen: 51872K(87552K)->51904K(91136K) Eden: 27136K(27136K)->0K(27136K) From: 24736K(60416K)->51904K(64000K)
[7.845s][info][gc,heap        ] GC(132) ParOldGen: 1200199K(1326592K)->1200199K(1326592K)
[7.845s][info][gc,metaspace   ] GC(132) Metaspace: 6303K(6528K)->6303K(6528K) NonClass: 5770K(5888K)->5770K(5888K) Class: 533K(640K)->533K(640K)
[7.845s][info][gc             ] GC(132) Pause Young (Allocation Failure) 1222M->1222M(1384M) 28.502ms
[7.845s][info][gc,cpu         ] GC(132) User=0.14s Sys=0.00s Real=0.03s
[7.879s][info][gc,start       ] GC(133) Pause Young (Allocation Failure)
[7.926s][info][gc,heap        ] GC(133) PSYoungGen: 79040K(91136K)->69120K(84992K) Eden: 27136K(27136K)->0K(15872K) From: 51904K(64000K)->69120K(69120K)
[7.926s][info][gc,heap        ] GC(133) ParOldGen: 1200199K(1326592K)->1210175K(1326592K)
[7.926s][info][gc,metaspace   ] GC(133) Metaspace: 6303K(6528K)->6303K(6528K) NonClass: 5770K(5888K)->5770K(5888K) Class: 533K(640K)->533K(640K)
[7.926s][info][gc             ] GC(133) Pause Young (Allocation Failure) 1249M->1249M(1378M) 47.155ms
[7.926s][info][gc,cpu         ] GC(133) User=0.19s Sys=0.08s Real=0.05s
[7.946s][info][gc,start       ] GC(134) Pause Young (Allocation Failure)
[7.998s][info][gc,heap        ] GC(134) PSYoungGen: 84992K(84992K)->41056K(57344K) Eden: 15872K(15872K)->0K(15872K) From: 69120K(69120K)->41056K(41472K)
[7.998s][info][gc,heap        ] GC(134) ParOldGen: 1210175K(1326592K)->1254839K(1326592K)
[7.998s][info][gc,metaspace   ] GC(134) Metaspace: 6303K(6528K)->6303K(6528K) NonClass: 5770K(5888K)->5770K(5888K) Class: 533K(640K)->533K(640K)
[7.998s][info][gc             ] GC(134) Pause Young (Allocation Failure) 1264M->1265M(1351M) 51.994ms
[7.998s][info][gc,cpu         ] GC(134) User=0.23s Sys=0.14s Real=0.05s
[8.017s][info][gc,start       ] GC(135) Pause Young (Allocation Failure)
[8.052s][info][gc,heap        ] GC(135) PSYoungGen: 56928K(57344K)->27296K(93184K) Eden: 15872K(15872K)->0K(17920K) From: 41056K(41472K)->27296K(75264K)
[8.052s][info][gc,heap        ] GC(135) ParOldGen: 1254839K(1326592K)->1280271K(1326592K)
[8.052s][info][gc,metaspace   ] GC(135) Metaspace: 6303K(6528K)->6303K(6528K) NonClass: 5770K(5888K)->5770K(5888K) Class: 533K(640K)->533K(640K)
[8.052s][info][gc             ] GC(135) Pause Young (Allocation Failure) 1281M->1276M(1386M) 34.638ms
[8.052s][info][gc,cpu         ] GC(135) User=0.08s Sys=0.17s Real=0.04s
[8.066s][info][gc,start       ] GC(136) Pause Young (Allocation Failure)
[8.092s][info][gc,heap        ] GC(136) PSYoungGen: 45216K(93184K)->20704K(95744K) Eden: 17920K(17920K)->0K(17920K) From: 27296K(75264K)->20704K(77824K)
[8.092s][info][gc,heap        ] GC(136) ParOldGen: 1280271K(1326592K)->1296391K(1326592K)
[8.092s][info][gc,metaspace   ] GC(136) Metaspace: 6303K(6528K)->6303K(6528K) NonClass: 5770K(5888K)->5770K(5888K) Class: 533K(640K)->533K(640K)
[8.092s][info][gc             ] GC(136) Pause Young (Allocation Failure) 1294M->1286M(1389M) 25.349ms
[8.092s][info][gc,cpu         ] GC(136) User=0.06s Sys=0.06s Real=0.03s
[8.092s][info][gc,start       ] GC(137) Pause Full (Ergonomics)
[8.092s][info][gc,phases,start] GC(137) Marking Phase
[8.384s][info][gc,phases      ] GC(137) Marking Phase 292.293ms
[8.384s][info][gc,phases,start] GC(137) Summary Phase
[8.384s][info][gc,phases      ] GC(137) Summary Phase 0.067ms
[8.384s][info][gc,phases,start] GC(137) Adjust Roots
[8.384s][info][gc,phases      ] GC(137) Adjust Roots 0.285ms
[8.385s][info][gc,phases,start] GC(137) Compaction Phase
[8.504s][info][gc,phases      ] GC(137) Compaction Phase 119.624ms
[8.504s][info][gc,phases,start] GC(137) Post Compact
[8.507s][info][gc,phases      ] GC(137) Post Compact 2.991ms
[8.508s][info][gc,heap        ] GC(137) PSYoungGen: 20704K(95744K)->0K(96256K) Eden: 0K(17920K)->0K(20480K) From: 20704K(77824K)->0K(75776K)
[8.508s][info][gc,heap        ] GC(137) ParOldGen: 1296391K(1326592K)->1315342K(1454592K)
[8.508s][info][gc,metaspace   ] GC(137) Metaspace: 6303K(6528K)->6303K(6528K) NonClass: 5770K(5888K)->5770K(5888K) Class: 533K(640K)->533K(640K)
[8.508s][info][gc             ] GC(137) Pause Full (Ergonomics) 1286M->1284M(1514M) 416.805ms
[8.509s][info][gc,cpu         ] GC(137) User=3.05s Sys=0.09s Real=0.42s
[8.533s][info][gc,start       ] GC(138) Pause Young (Allocation Failure)
[8.552s][info][gc,heap        ] GC(138) PSYoungGen: 20480K(96256K)->15456K(96256K) Eden: 20480K(20480K)->0K(20480K) From: 0K(75776K)->15456K(75776K)
[8.552s][info][gc,heap        ] GC(138) ParOldGen: 1315342K(1454592K)->1315342K(1454592K)
[8.552s][info][gc,metaspace   ] GC(138) Metaspace: 6303K(6528K)->6303K(6528K) NonClass: 5770K(5888K)->5770K(5888K) Class: 533K(640K)->533K(640K)
[8.552s][info][gc             ] GC(138) Pause Young (Allocation Failure) 1304M->1299M(1514M) 19.329ms
[8.552s][info][gc,cpu         ] GC(138) User=0.02s Sys=0.00s Real=0.02s
[8.585s][info][gc,start       ] GC(139) Pause Young (Allocation Failure)
[8.614s][info][gc,heap        ] GC(139) PSYoungGen: 35936K(96256K)->35936K(92160K) Eden: 20480K(20480K)->0K(22528K) From: 15456K(75776K)->35936K(69632K)
[8.614s][info][gc,heap        ] GC(139) ParOldGen: 1315342K(1454592K)->1315342K(1454592K)
[8.614s][info][gc,metaspace   ] GC(139) Metaspace: 6303K(6528K)->6303K(6528K) NonClass: 5770K(5888K)->5770K(5888K) Class: 533K(640K)->533K(640K)
[8.614s][info][gc             ] GC(139) Pause Young (Allocation Failure) 1319M->1319M(1510M) 29.549ms
[8.614s][info][gc,cpu         ] GC(139) User=0.06s Sys=0.00s Real=0.03s
[8.645s][info][gc,start       ] GC(140) Pause Young (Allocation Failure)
[8.682s][info][gc,heap        ] GC(140) PSYoungGen: 58464K(92160K)->58496K(94720K) Eden: 22528K(22528K)->0K(22528K) From: 35936K(69632K)->58496K(72192K)
[8.682s][info][gc,heap        ] GC(140) ParOldGen: 1315342K(1454592K)->1315342K(1454592K)
[8.682s][info][gc,metaspace   ] GC(140) Metaspace: 6303K(6528K)->6303K(6528K) NonClass: 5770K(5888K)->5770K(5888K) Class: 533K(640K)->533K(640K)
[8.682s][info][gc             ] GC(140) Pause Young (Allocation Failure) 1341M->1341M(1513M) 36.796ms
[8.682s][info][gc,cpu         ] GC(140) User=0.09s Sys=0.00s Real=0.04s
[8.711s][info][gc,start       ] GC(141) Pause Young (Allocation Failure)
[8.763s][info][gc,heap        ] GC(141) PSYoungGen: 81024K(94720K)->77824K(90112K) Eden: 22528K(22528K)->0K(12288K) From: 58496K(72192K)->77824K(77824K)
[8.763s][info][gc,heap        ] GC(141) ParOldGen: 1315342K(1454592K)->1318518K(1454592K)
[8.763s][info][gc,metaspace   ] GC(141) Metaspace: 6303K(6528K)->6303K(6528K) NonClass: 5770K(5888K)->5770K(5888K) Class: 533K(640K)->533K(640K)
[8.763s][info][gc             ] GC(141) Pause Young (Allocation Failure) 1363M->1363M(1508M) 52.154ms
[8.763s][info][gc,cpu         ] GC(141) User=0.23s Sys=0.03s Real=0.05s
[8.782s][info][gc,start       ] GC(142) Pause Young (Allocation Failure)
[8.839s][info][gc,heap        ] GC(142) PSYoungGen: 90112K(90112K)->55872K(102912K) Eden: 12288K(12288K)->0K(12288K) From: 77824K(77824K)->55872K(90624K)
[8.839s][info][gc,heap        ] GC(142) ParOldGen: 1318518K(1454592K)->1353366K(1454592K)
[8.839s][info][gc,metaspace   ] GC(142) Metaspace: 6303K(6528K)->6303K(6528K) NonClass: 5770K(5888K)->5770K(5888K) Class: 533K(640K)->533K(640K)
[8.839s][info][gc             ] GC(142) Pause Young (Allocation Failure) 1375M->1376M(1521M) 56.949ms
[8.839s][info][gc,cpu         ] GC(142) User=0.16s Sys=0.17s Real=0.06s
[9.191s][info][gc,start       ] GC(143) Pause Full (Ergonomics)
[9.191s][info][gc,phases,start] GC(143) Marking Phase
[9.531s][info][gc,phases      ] GC(143) Marking Phase 339.785ms
[9.531s][info][gc,phases,start] GC(143) Summary Phase
[9.531s][info][gc,phases      ] GC(143) Summary Phase 0.067ms
[9.531s][info][gc,phases,start] GC(143) Adjust Roots
[9.532s][info][gc,phases      ] GC(143) Adjust Roots 0.244ms
[9.532s][info][gc,phases,start] GC(143) Compaction Phase
[9.775s][info][gc,phases      ] GC(143) Compaction Phase 243.136ms
[9.775s][info][gc,phases,start] GC(143) Post Compact
[9.779s][info][gc,phases      ] GC(143) Post Compact 3.693ms
[9.780s][info][gc,heap        ] GC(143) PSYoungGen: 68160K(102912K)->0K(105472K) Eden: 12288K(12288K)->0K(13824K) From: 55872K(90624K)->0K(91648K)
[9.780s][info][gc,heap        ] GC(143) ParOldGen: 1418902K(1454592K)->1453380K(1604096K)
[9.780s][info][gc,metaspace   ] GC(143) Metaspace: 6303K(6528K)->6303K(6528K) NonClass: 5770K(5888K)->5770K(5888K) Class: 533K(640K)->533K(640K)
[9.780s][info][gc             ] GC(143) Pause Full (Ergonomics) 1452M->1419M(1669M) 588.651ms
[9.780s][info][gc,cpu         ] GC(143) User=3.98s Sys=0.12s Real=0.59s
[9.795s][info][gc,start       ] GC(144) Pause Young (Allocation Failure)
[9.818s][info][gc,heap        ] GC(144) PSYoungGen: 13824K(105472K)->13952K(105472K) Eden: 13824K(13824K)->0K(13824K) From: 0K(91648K)->13952K(91648K)
[9.818s][info][gc,heap        ] GC(144) ParOldGen: 1453380K(1604096K)->1453380K(1604096K)
[9.818s][info][gc,metaspace   ] GC(144) Metaspace: 6303K(6528K)->6303K(6528K) NonClass: 5770K(5888K)->5770K(5888K) Class: 533K(640K)->533K(640K)
[9.818s][info][gc             ] GC(144) Pause Young (Allocation Failure) 1432M->1432M(1669M) 23.846ms
[9.818s][info][gc,cpu         ] GC(144) User=0.02s Sys=0.00s Real=0.02s
[9.833s][info][gc,start       ] GC(145) Pause Young (Allocation Failure)
[9.857s][info][gc,heap        ] GC(145) PSYoungGen: 27776K(105472K)->27808K(99328K) Eden: 13824K(13824K)->0K(15360K) From: 13952K(91648K)->27808K(83968K)
[9.857s][info][gc,heap        ] GC(145) ParOldGen: 1453380K(1604096K)->1453380K(1604096K)
[9.857s][info][gc,metaspace   ] GC(145) Metaspace: 6303K(6528K)->6303K(6528K) NonClass: 5770K(5888K)->5770K(5888K) Class: 533K(640K)->533K(640K)
[9.857s][info][gc             ] GC(145) Pause Young (Allocation Failure) 1446M->1446M(1663M) 23.985ms
[9.857s][info][gc,cpu         ] GC(145) User=0.05s Sys=0.00s Real=0.02s
[9.871s][info][gc,start       ] GC(146) Pause Young (Allocation Failure)
[9.900s][info][gc,heap        ] GC(146) PSYoungGen: 43168K(99328K)->43136K(58880K) Eden: 15360K(15360K)->0K(15360K) From: 27808K(83968K)->43136K(43520K)
[9.900s][info][gc,heap        ] GC(146) ParOldGen: 1453380K(1604096K)->1453380K(1604096K)
[9.900s][info][gc,metaspace   ] GC(146) Metaspace: 6303K(6528K)->6303K(6528K) NonClass: 5770K(5888K)->5770K(5888K) Class: 533K(640K)->533K(640K)
[9.900s][info][gc             ] GC(146) Pause Young (Allocation Failure) 1461M->1461M(1624M) 28.552ms
[9.900s][info][gc,cpu         ] GC(146) User=0.03s Sys=0.00s Real=0.03s
[9.913s][info][gc,start       ] GC(147) Pause Young (Allocation Failure)
[9.945s][info][gc,heap        ] GC(147) PSYoungGen: 58496K(58880K)->58496K(99840K) Eden: 15360K(15360K)->0K(14848K) From: 43136K(43520K)->58496K(84992K)
[9.945s][info][gc,heap        ] GC(147) ParOldGen: 1453380K(1604096K)->1453380K(1604096K)
[9.945s][info][gc,metaspace   ] GC(147) Metaspace: 6303K(6528K)->6303K(6528K) NonClass: 5770K(5888K)->5770K(5888K) Class: 533K(640K)->533K(640K)
[9.945s][info][gc             ] GC(147) Pause Young (Allocation Failure) 1476M->1476M(1664M) 31.517ms
[9.945s][info][gc,cpu         ] GC(147) User=0.05s Sys=0.00s Real=0.03s
[9.958s][info][gc,start       ] GC(148) Pause Young (Allocation Failure)
[10.000s][info][gc,heap        ] GC(148) PSYoungGen: 73344K(99840K)->45696K(60928K) Eden: 14848K(14848K)->0K(14848K) From: 58496K(84992K)->45696K(46080K)
[10.000s][info][gc,heap        ] GC(148) ParOldGen: 1453380K(1604096K)->1481428K(1604096K)
[10.000s][info][gc,metaspace   ] GC(148) Metaspace: 6303K(6528K)->6303K(6528K) NonClass: 5770K(5888K)->5770K(5888K) Class: 533K(640K)->533K(640K)
[10.000s][info][gc             ] GC(148) Pause Young (Allocation Failure) 1490M->1491M(1626M) 42.122ms
[10.000s][info][gc,cpu         ] GC(148) User=0.16s Sys=0.11s Real=0.04s
[10.015s][info][gc,start       ] GC(149) Pause Young (Allocation Failure)
[10.054s][info][gc,heap        ] GC(149) PSYoungGen: 60544K(60928K)->29760K(96768K) Eden: 14848K(14848K)->0K(16896K) From: 45696K(46080K)->29760K(79872K)
[10.054s][info][gc,heap        ] GC(149) ParOldGen: 1481428K(1604096K)->1512588K(1604096K)
[10.054s][info][gc,metaspace   ] GC(149) Metaspace: 6303K(6528K)->6303K(6528K) NonClass: 5770K(5888K)->5770K(5888K) Class: 533K(640K)->533K(640K)
[10.054s][info][gc             ] GC(149) Pause Young (Allocation Failure) 1505M->1506M(1661M) 39.003ms
[10.054s][info][gc,cpu         ] GC(149) User=0.11s Sys=0.14s Real=0.04s
[10.071s][info][gc,start       ] GC(150) Pause Young (Allocation Failure)
[10.106s][info][gc,heap        ] GC(150) PSYoungGen: 46656K(96768K)->17024K(99328K) Eden: 16896K(16896K)->0K(16896K) From: 29760K(79872K)->17024K(82432K)
[10.106s][info][gc,heap        ] GC(150) ParOldGen: 1512588K(1604096K)->1542732K(1604096K)
[10.106s][info][gc,metaspace   ] GC(150) Metaspace: 6303K(6528K)->6303K(6528K) NonClass: 5770K(5888K)->5770K(5888K) Class: 533K(640K)->533K(640K)
[10.106s][info][gc             ] GC(150) Pause Young (Allocation Failure) 1522M->1523M(1663M) 34.675ms
[10.106s][info][gc,cpu         ] GC(150) User=0.11s Sys=0.06s Real=0.03s
[10.123s][info][gc,start       ] GC(151) Pause Young (Allocation Failure)
[10.152s][info][gc,heap        ] GC(151) PSYoungGen: 33920K(99328K)->17024K(99328K) Eden: 16896K(16896K)->0K(19456K) From: 17024K(82432K)->17024K(79872K)
[10.152s][info][gc,heap        ] GC(151) ParOldGen: 1542732K(1604096K)->1559884K(1604096K)
[10.152s][info][gc,metaspace   ] GC(151) Metaspace: 6303K(6528K)->6303K(6528K) NonClass: 5770K(5888K)->5770K(5888K) Class: 533K(640K)->533K(640K)
[10.152s][info][gc             ] GC(151) Pause Young (Allocation Failure) 1539M->1539M(1663M) 28.625ms
[10.152s][info][gc,cpu         ] GC(151) User=0.02s Sys=0.00s Real=0.03s
[10.152s][info][gc,start       ] GC(152) Pause Full (Ergonomics)
[10.152s][info][gc,phases,start] GC(152) Marking Phase
[10.499s][info][gc,phases      ] GC(152) Marking Phase 347.026ms
[10.499s][info][gc,phases,start] GC(152) Summary Phase
[10.499s][info][gc,phases      ] GC(152) Summary Phase 0.062ms
[10.499s][info][gc,phases,start] GC(152) Adjust Roots
[10.499s][info][gc,phases      ] GC(152) Adjust Roots 0.204ms
[10.499s][info][gc,phases,start] GC(152) Compaction Phase
[10.661s][info][gc,phases      ] GC(152) Compaction Phase 162.158ms
[10.661s][info][gc,phases,start] GC(152) Post Compact
[10.664s][info][gc,phases      ] GC(152) Post Compact 2.866ms
[10.666s][info][gc,heap        ] GC(152) PSYoungGen: 17024K(99328K)->0K(100352K) Eden: 0K(19456K)->0K(19456K) From: 17024K(79872K)->0K(80896K)
[10.666s][info][gc,heap        ] GC(152) ParOldGen: 1559884K(1604096K)->1574994K(1741824K)
[10.666s][info][gc,metaspace   ] GC(152) Metaspace: 6303K(6528K)->6303K(6528K) NonClass: 5770K(5888K)->5770K(5888K) Class: 533K(640K)->533K(640K)
[10.666s][info][gc             ] GC(152) Pause Full (Ergonomics) 1539M->1538M(1799M) 514.134ms
[10.666s][info][gc,cpu         ] GC(152) User=3.52s Sys=0.02s Real=0.51s
[10.688s][info][gc,start       ] GC(153) Pause Young (Allocation Failure)
[10.712s][info][gc,heap        ] GC(153) PSYoungGen: 19456K(100352K)->19552K(98304K) Eden: 19456K(19456K)->0K(21504K) From: 0K(80896K)->19552K(76800K)
[10.712s][info][gc,heap        ] GC(153) ParOldGen: 1574994K(1741824K)->1574994K(1741824K)
[10.712s][info][gc,metaspace   ] GC(153) Metaspace: 6303K(6528K)->6303K(6528K) NonClass: 5770K(5888K)->5770K(5888K) Class: 533K(640K)->533K(640K)
[10.712s][info][gc             ] GC(153) Pause Young (Allocation Failure) 1557M->1557M(1797M) 23.717ms
[10.712s][info][gc,cpu         ] GC(153) User=0.02s Sys=0.00s Real=0.02s
[10.734s][info][gc,start       ] GC(154) Pause Young (Allocation Failure)
[10.765s][info][gc,heap        ] GC(154) PSYoungGen: 41056K(98304K)->21632K(100864K) Eden: 21504K(21504K)->0K(21504K) From: 19552K(76800K)->21632K(79360K)
[10.765s][info][gc,heap        ] GC(154) ParOldGen: 1574994K(1741824K)->1594754K(1741824K)
[10.765s][info][gc,metaspace   ] GC(154) Metaspace: 6303K(6528K)->6303K(6528K) NonClass: 5770K(5888K)->5770K(5888K) Class: 533K(640K)->533K(640K)
[10.765s][info][gc             ] GC(154) Pause Young (Allocation Failure) 1578M->1578M(1799M) 31.179ms
[10.765s][info][gc,cpu         ] GC(154) User=0.08s Sys=0.06s Real=0.03s
[10.787s][info][gc,start       ] GC(155) Pause Young (Allocation Failure)
[10.819s][info][gc,heap        ] GC(155) PSYoungGen: 43136K(100864K)->21696K(95744K) Eden: 21504K(21504K)->0K(24064K) From: 21632K(79360K)->21696K(71680K)
[10.819s][info][gc,heap        ] GC(155) ParOldGen: 1594754K(1741824K)->1616594K(1741824K)
[10.819s][info][gc,metaspace   ] GC(155) Metaspace: 6303K(6528K)->6303K(6528K) NonClass: 5770K(5888K)->5770K(5888K) Class: 533K(640K)->533K(640K)
[10.819s][info][gc             ] GC(155) Pause Young (Allocation Failure) 1599M->1599M(1794M) 31.730ms
[10.819s][info][gc,cpu         ] GC(155) User=0.05s Sys=0.03s Real=0.03s
[10.844s][info][gc,start       ] GC(156) Pause Young (Allocation Failure)
[10.877s][info][gc,heap        ] GC(156) PSYoungGen: 45760K(95744K)->24224K(98304K) Eden: 24064K(24064K)->0K(24064K) From: 21696K(71680K)->24224K(74240K)
[10.877s][info][gc,heap        ] GC(156) ParOldGen: 1616594K(1741824K)->1638442K(1741824K)
[10.877s][info][gc,metaspace   ] GC(156) Metaspace: 6303K(6528K)->6303K(6528K) NonClass: 5770K(5888K)->5770K(5888K) Class: 533K(640K)->533K(640K)
[10.877s][info][gc             ] GC(156) Pause Young (Allocation Failure) 1623M->1623M(1797M) 32.751ms
[10.877s][info][gc,cpu         ] GC(156) User=0.06s Sys=0.08s Real=0.03s
[10.902s][info][gc,start       ] GC(157) Pause Young (Allocation Failure)
[10.936s][info][gc,heap        ] GC(157) PSYoungGen: 48288K(98304K)->24192K(92160K) Eden: 24064K(24064K)->0K(27136K) From: 24224K(74240K)->24192K(65024K)
[10.936s][info][gc,heap        ] GC(157) ParOldGen: 1638442K(1741824K)->1662874K(1741824K)
[10.936s][info][gc,metaspace   ] GC(157) Metaspace: 6303K(6528K)->6303K(6528K) NonClass: 5770K(5888K)->5770K(5888K) Class: 533K(640K)->533K(640K)
[10.936s][info][gc             ] GC(157) Pause Young (Allocation Failure) 1647M->1647M(1791M) 33.775ms
[10.936s][info][gc,cpu         ] GC(157) User=0.06s Sys=0.09s Real=0.03s
[10.966s][info][gc,start       ] GC(158) Pause Young (Allocation Failure)
[11.002s][info][gc,heap        ] GC(158) PSYoungGen: 51328K(92160K)->27296K(95232K) Eden: 27136K(27136K)->0K(27136K) From: 24192K(65024K)->27296K(68096K)
[11.002s][info][gc,heap        ] GC(158) ParOldGen: 1662874K(1741824K)->1687314K(1741824K)
[11.002s][info][gc,metaspace   ] GC(158) Metaspace: 6303K(6528K)->6303K(6528K) NonClass: 5770K(5888K)->5770K(5888K) Class: 533K(640K)->533K(640K)
[11.002s][info][gc             ] GC(158) Pause Young (Allocation Failure) 1674M->1674M(1794M) 36.607ms
[11.002s][info][gc,cpu         ] GC(158) User=0.05s Sys=0.05s Real=0.04s
[11.035s][info][gc,start       ] GC(159) Pause Young (Allocation Failure)
[11.073s][info][gc,heap        ] GC(159) PSYoungGen: 54432K(95232K)->27264K(89088K) Eden: 27136K(27136K)->0K(30208K) From: 27296K(68096K)->27264K(58880K)
[11.073s][info][gc,heap        ] GC(159) ParOldGen: 1687314K(1741824K)->1714882K(1741824K)
[11.073s][info][gc,metaspace   ] GC(159) Metaspace: 6303K(6528K)->6303K(6528K) NonClass: 5770K(5888K)->5770K(5888K) Class: 533K(640K)->533K(640K)
[11.073s][info][gc             ] GC(159) Pause Young (Allocation Failure) 1700M->1701M(1788M) 38.110ms
[11.073s][info][gc,cpu         ] GC(159) User=0.20s Sys=0.05s Real=0.04s
[11.073s][info][gc,start       ] GC(160) Pause Full (Ergonomics)
[11.073s][info][gc,phases,start] GC(160) Marking Phase
[11.463s][info][gc,phases      ] GC(160) Marking Phase 390.556ms
[11.464s][info][gc,phases,start] GC(160) Summary Phase
[11.464s][info][gc,phases      ] GC(160) Summary Phase 0.060ms
[11.464s][info][gc,phases,start] GC(160) Adjust Roots
[11.464s][info][gc,phases      ] GC(160) Adjust Roots 0.182ms
[11.464s][info][gc,phases,start] GC(160) Compaction Phase
[11.655s][info][gc,phases      ] GC(160) Compaction Phase 190.713ms
[11.655s][info][gc,phases,start] GC(160) Post Compact
[11.658s][info][gc,phases      ] GC(160) Post Compact 3.593ms
[11.659s][info][gc,heap        ] GC(160) PSYoungGen: 27264K(89088K)->0K(92160K) Eden: 0K(30208K)->0K(30208K) From: 27264K(58880K)->0K(61952K)
[11.659s][info][gc,heap        ] GC(160) ParOldGen: 1714882K(1741824K)->1739651K(1918976K)
[11.659s][info][gc,metaspace   ] GC(160) Metaspace: 6303K(6528K)->6303K(6528K) NonClass: 5770K(5888K)->5770K(5888K) Class: 533K(640K)->533K(640K)
[11.659s][info][gc             ] GC(160) Pause Full (Ergonomics) 1701M->1698M(1964M) 586.246ms
[11.659s][info][gc,cpu         ] GC(160) User=4.08s Sys=0.02s Real=0.59s
[11.695s][info][gc,start       ] GC(161) Pause Young (Allocation Failure)
[11.722s][info][gc,heap        ] GC(161) PSYoungGen: 30208K(92160K)->30368K(88576K) Eden: 30208K(30208K)->0K(33280K) From: 0K(61952K)->30368K(55296K)
[11.722s][info][gc,heap        ] GC(161) ParOldGen: 1739651K(1918976K)->1739651K(1918976K)
[11.722s][info][gc,metaspace   ] GC(161) Metaspace: 6303K(6528K)->6303K(6528K) NonClass: 5770K(5888K)->5770K(5888K) Class: 533K(640K)->533K(640K)
[11.722s][info][gc             ] GC(161) Pause Young (Allocation Failure) 1728M->1728M(1960M) 27.072ms
[11.722s][info][gc,cpu         ] GC(161) User=0.08s Sys=0.00s Real=0.03s
[11.757s][info][gc,start       ] GC(162) Pause Young (Allocation Failure)
[11.793s][info][gc,heap        ] GC(162) PSYoungGen: 63648K(88576K)->58880K(92160K) Eden: 33280K(33280K)->0K(33280K) From: 30368K(55296K)->58880K(58880K)
[11.793s][info][gc,heap        ] GC(162) ParOldGen: 1739651K(1918976K)->1744419K(1918976K)
[11.793s][info][gc,metaspace   ] GC(162) Metaspace: 6303K(6528K)->6303K(6528K) NonClass: 5770K(5888K)->5770K(5888K) Class: 533K(640K)->533K(640K)
[11.793s][info][gc             ] GC(162) Pause Young (Allocation Failure) 1761M->1761M(1964M) 36.744ms
[11.793s][info][gc,cpu         ] GC(162) User=0.16s Sys=0.00s Real=0.04s
[11.828s][info][gc,start       ] GC(163) Pause Young (Allocation Failure)
[11.892s][info][gc,heap        ] GC(163) PSYoungGen: 92160K(92160K)->33440K(98816K) Eden: 33280K(33280K)->0K(36864K) From: 58880K(58880K)->33440K(61952K)
[11.893s][info][gc,heap        ] GC(163) ParOldGen: 1744419K(1918976K)->1804123K(1918976K)
[11.893s][info][gc,metaspace   ] GC(163) Metaspace: 6303K(6528K)->6303K(6528K) NonClass: 5770K(5888K)->5770K(5888K) Class: 533K(640K)->533K(640K)
[11.893s][info][gc             ] GC(163) Pause Young (Allocation Failure) 1793M->1794M(1970M) 64.791ms
[11.893s][info][gc,cpu         ] GC(163) User=0.23s Sys=0.17s Real=0.07s
[11.932s][info][gc,start       ] GC(164) Pause Young (Allocation Failure)
[11.980s][info][gc,heap        ] GC(164) PSYoungGen: 70304K(98816K)->37056K(101888K) Eden: 36864K(36864K)->0K(36864K) From: 33440K(61952K)->37056K(65024K)
[11.980s][info][gc,heap        ] GC(164) ParOldGen: 1804123K(1918976K)->1837907K(1918976K)
[11.980s][info][gc,metaspace   ] GC(164) Metaspace: 6303K(6528K)->6303K(6528K) NonClass: 5770K(5888K)->5770K(5888K) Class: 533K(640K)->533K(640K)
[11.980s][info][gc             ] GC(164) Pause Young (Allocation Failure) 1830M->1831M(1973M) 47.555ms
[11.980s][info][gc,cpu         ] GC(164) User=0.23s Sys=0.14s Real=0.05s
[12.024s][info][gc,start       ] GC(165) Pause Young (Allocation Failure)
[12.076s][info][gc,heap        ] GC(165) PSYoungGen: 73920K(101888K)->37088K(101376K) Eden: 36864K(36864K)->0K(40960K) From: 37056K(65024K)->37088K(60416K)
[12.076s][info][gc,heap        ] GC(165) ParOldGen: 1837907K(1918976K)->1875347K(1918976K)
[12.076s][info][gc,metaspace   ] GC(165) Metaspace: 6303K(6528K)->6303K(6528K) NonClass: 5770K(5888K)->5770K(5888K) Class: 533K(640K)->533K(640K)
[12.076s][info][gc             ] GC(165) Pause Young (Allocation Failure) 1867M->1867M(1973M) 51.942ms
[12.076s][info][gc,cpu         ] GC(165) User=0.25s Sys=0.14s Real=0.05s
[12.076s][info][gc,start       ] GC(166) Pause Full (Ergonomics)
[12.076s][info][gc,phases,start] GC(166) Marking Phase
[12.501s][info][gc,phases      ] GC(166) Marking Phase 424.822ms
[12.501s][info][gc,phases,start] GC(166) Summary Phase
[12.501s][info][gc,phases      ] GC(166) Summary Phase 0.064ms
[12.501s][info][gc,phases,start] GC(166) Adjust Roots
[12.501s][info][gc,phases      ] GC(166) Adjust Roots 0.167ms
[12.501s][info][gc,phases,start] GC(166) Compaction Phase
[12.697s][info][gc,phases      ] GC(166) Compaction Phase 195.205ms
[12.697s][info][gc,phases,start] GC(166) Post Compact
[12.700s][info][gc,phases      ] GC(166) Post Compact 3.531ms
[12.702s][info][gc,heap        ] GC(166) PSYoungGen: 37088K(101376K)->0K(102912K) Eden: 0K(40960K)->0K(40960K) From: 37088K(60416K)->0K(61952K)
[12.702s][info][gc,heap        ] GC(166) ParOldGen: 1875347K(1918976K)->1909986K(2119680K)
[12.702s][info][gc,metaspace   ] GC(166) Metaspace: 6303K(6528K)->6303K(6528K) NonClass: 5770K(5888K)->5770K(5888K) Class: 533K(640K)->533K(640K)
[12.702s][info][gc             ] GC(166) Pause Full (Ergonomics) 1867M->1865M(2170M) 625.813ms
[12.702s][info][gc,cpu         ] GC(166) User=4.33s Sys=0.06s Real=0.63s
[12.749s][info][gc,start       ] GC(167) Pause Young (Allocation Failure)
[12.780s][info][gc,heap        ] GC(167) PSYoungGen: 40960K(102912K)->41152K(105472K) Eden: 40960K(40960K)->0K(44544K) From: 0K(61952K)->41152K(60928K)
[12.780s][info][gc,heap        ] GC(167) ParOldGen: 1909986K(2119680K)->1909986K(2119680K)
[12.780s][info][gc,metaspace   ] GC(167) Metaspace: 6303K(6528K)->6303K(6528K) NonClass: 5770K(5888K)->5770K(5888K) Class: 533K(640K)->533K(640K)
[12.780s][info][gc             ] GC(167) Pause Young (Allocation Failure) 1905M->1905M(2173M) 31.488ms
[12.780s][info][gc,cpu         ] GC(167) User=0.05s Sys=0.00s Real=0.03s
[12.834s][info][gc,start       ] GC(168) Pause Young (Allocation Failure)
[12.886s][info][gc,heap        ] GC(168) PSYoungGen: 85696K(105472K)->61952K(106496K) Eden: 44544K(44544K)->0K(44544K) From: 41152K(60928K)->61952K(61952K)
[12.886s][info][gc,heap        ] GC(168) ParOldGen: 1909986K(2119680K)->1933986K(2119680K)
[12.886s][info][gc,metaspace   ] GC(168) Metaspace: 6303K(6528K)->6303K(6528K) NonClass: 5770K(5888K)->5770K(5888K) Class: 533K(640K)->533K(640K)
[12.886s][info][gc             ] GC(168) Pause Young (Allocation Failure) 1948M->1949M(2174M) 52.932ms
[12.886s][info][gc,cpu         ] GC(168) User=0.19s Sys=0.19s Real=0.05s
[12.941s][info][gc,start       ] GC(169) Pause Young (Allocation Failure)
[13.024s][info][gc,heap        ] GC(169) PSYoungGen: 106496K(106496K)->44736K(123904K) Eden: 44544K(44544K)->0K(49152K) From: 61952K(61952K)->44736K(74752K)
[13.024s][info][gc,heap        ] GC(169) ParOldGen: 1933986K(2119680K)->1996810K(2119680K)
[13.024s][info][gc,metaspace   ] GC(169) Metaspace: 6303K(6528K)->6303K(6528K) NonClass: 5770K(5888K)->5770K(5888K) Class: 533K(640K)->533K(640K)
[13.024s][info][gc             ] GC(169) Pause Young (Allocation Failure) 1992M->1993M(2191M) 83.373ms
[13.024s][info][gc,cpu         ] GC(169) User=0.28s Sys=0.23s Real=0.08s
[13.076s][info][gc,start       ] GC(170) Pause Young (Allocation Failure)
[13.135s][info][gc,heap        ] GC(170) PSYoungGen: 93888K(123904K)->76288K(125440K) Eden: 49152K(49152K)->0K(49152K) From: 44736K(74752K)->76288K(76288K)
[13.135s][info][gc,heap        ] GC(170) ParOldGen: 1996810K(2119680K)->2014610K(2119680K)
[13.135s][info][gc,metaspace   ] GC(170) Metaspace: 6303K(6528K)->6303K(6528K) NonClass: 5770K(5888K)->5770K(5888K) Class: 533K(640K)->533K(640K)
[13.135s][info][gc             ] GC(170) Pause Young (Allocation Failure) 2041M->2041M(2192M) 58.220ms
[13.135s][info][gc,cpu         ] GC(170) User=0.30s Sys=0.08s Real=0.06s
[13.188s][info][gc,start       ] GC(171) Pause Young (Allocation Failure)
[13.285s][info][gc,heap        ] GC(171) PSYoungGen: 125440K(125440K)->49344K(140800K) Eden: 49152K(49152K)->0K(54784K) From: 76288K(76288K)->49344K(86016K)
[13.285s][info][gc,heap        ] GC(171) ParOldGen: 2014610K(2119680K)->2091906K(2119680K)
[13.285s][info][gc,metaspace   ] GC(171) Metaspace: 6303K(6528K)->6303K(6528K) NonClass: 5770K(5888K)->5770K(5888K) Class: 533K(640K)->533K(640K)
[13.285s][info][gc             ] GC(171) Pause Young (Allocation Failure) 2089M->2091M(2207M) 96.892ms
[13.285s][info][gc,cpu         ] GC(171) User=0.42s Sys=0.27s Real=0.10s
[13.285s][info][gc,start       ] GC(172) Pause Full (Ergonomics)
[13.285s][info][gc,phases,start] GC(172) Marking Phase
[13.768s][info][gc,phases      ] GC(172) Marking Phase 483.125ms
[13.768s][info][gc,phases,start] GC(172) Summary Phase
[13.768s][info][gc,phases      ] GC(172) Summary Phase 0.082ms
[13.768s][info][gc,phases,start] GC(172) Adjust Roots
[13.769s][info][gc,phases      ] GC(172) Adjust Roots 0.371ms
[13.769s][info][gc,phases,start] GC(172) Compaction Phase
[14.348s][info][gc,phases      ] GC(172) Compaction Phase 578.889ms
[14.348s][info][gc,phases,start] GC(172) Post Compact
[14.352s][info][gc,phases      ] GC(172) Post Compact 4.572ms
[14.354s][info][gc,heap        ] GC(172) PSYoungGen: 49344K(140800K)->18977K(143872K) Eden: 0K(54784K)->0K(57856K) From: 49344K(86016K)->18977K(86016K)
[14.354s][info][gc,heap        ] GC(172) ParOldGen: 2091906K(2119680K)->2119200K(2366464K)
[14.354s][info][gc,metaspace   ] GC(172) Metaspace: 6303K(6528K)->6303K(6528K) NonClass: 5770K(5888K)->5770K(5888K) Class: 533K(640K)->533K(640K)
[14.354s][info][gc             ] GC(172) Pause Full (Ergonomics) 2091M->2088M(2451M) 1068.879ms
[14.354s][info][gc,cpu         ] GC(172) User=7.61s Sys=0.09s Real=1.07s
[14.415s][info][gc,start       ] GC(173) Pause Young (Allocation Failure)
[14.557s][info][gc,heap        ] GC(173) PSYoungGen: 76833K(143872K)->58048K(146944K) Eden: 57856K(57856K)->0K(57856K) From: 18977K(86016K)->58048K(89088K)
[14.557s][info][gc,heap        ] GC(173) ParOldGen: 2119200K(2366464K)->2138472K(2366464K)
[14.557s][info][gc,metaspace   ] GC(173) Metaspace: 6303K(6528K)->6303K(6528K) NonClass: 5770K(5888K)->5770K(5888K) Class: 533K(640K)->533K(640K)
[14.557s][info][gc             ] GC(173) Pause Young (Allocation Failure) 2144M->2145M(2454M) 142.078ms
[14.557s][info][gc,cpu         ] GC(173) User=1.02s Sys=0.00s Real=0.14s
[14.633s][info][gc,start       ] GC(174) Pause Young (Allocation Failure)
[14.724s][info][gc,heap        ] GC(174) PSYoungGen: 115904K(146944K)->89600K(131584K) Eden: 57856K(57856K)->0K(41984K) From: 58048K(89088K)->89600K(89600K)
[14.724s][info][gc,heap        ] GC(174) ParOldGen: 2138472K(2366464K)->2165080K(2366464K)
[14.725s][info][gc,metaspace   ] GC(174) Metaspace: 6303K(6528K)->6303K(6528K) NonClass: 5770K(5888K)->5770K(5888K) Class: 533K(640K)->533K(640K)
[14.725s][info][gc             ] GC(174) Pause Young (Allocation Failure) 2201M->2201M(2439M) 91.310ms
[14.725s][info][gc,cpu         ] GC(174) User=0.28s Sys=0.36s Real=0.09s
[14.772s][info][gc,start       ] GC(175) Pause Young (Allocation Failure)
[14.876s][info][gc,heap        ] GC(175) PSYoungGen: 131584K(131584K)->42176K(152576K) Eden: 41984K(41984K)->0K(41984K) From: 89600K(89600K)->42176K(110592K)
[14.876s][info][gc,heap        ] GC(175) ParOldGen: 2165080K(2366464K)->2255880K(2366464K)
[14.876s][info][gc,metaspace   ] GC(175) Metaspace: 6303K(6528K)->6303K(6528K) NonClass: 5770K(5888K)->5770K(5888K) Class: 533K(640K)->533K(640K)
[14.876s][info][gc             ] GC(175) Pause Young (Allocation Failure) 2242M->2244M(2460M) 103.475ms
[14.876s][info][gc,cpu         ] GC(175) User=0.45s Sys=0.31s Real=0.10s
[14.923s][info][gc,start       ] GC(176) Pause Young (Allocation Failure)
[14.969s][info][gc,heap        ] GC(176) PSYoungGen: 84160K(152576K)->84224K(147456K) Eden: 41984K(41984K)->0K(40448K) From: 42176K(110592K)->84224K(107008K)
[14.969s][info][gc,heap        ] GC(176) ParOldGen: 2255880K(2366464K)->2255880K(2366464K)
[14.969s][info][gc,metaspace   ] GC(176) Metaspace: 6303K(6528K)->6303K(6528K) NonClass: 5770K(5888K)->5770K(5888K) Class: 533K(640K)->533K(640K)
[14.969s][info][gc             ] GC(176) Pause Young (Allocation Failure) 2285M->2285M(2455M) 46.026ms
[14.969s][info][gc,cpu         ] GC(176) User=0.27s Sys=0.00s Real=0.05s
[15.015s][info][gc,start       ] GC(177) Pause Young (Allocation Failure)
[15.081s][info][gc,heap        ] GC(177) PSYoungGen: 124672K(147456K)->113152K(153600K) Eden: 40448K(40448K)->0K(40448K) From: 84224K(107008K)->113152K(113152K)
[15.081s][info][gc,heap        ] GC(177) ParOldGen: 2255880K(2366464K)->2267416K(2366464K)
[15.081s][info][gc,metaspace   ] GC(177) Metaspace: 6303K(6528K)->6303K(6528K) NonClass: 5770K(5888K)->5770K(5888K) Class: 533K(640K)->533K(640K)
[15.081s][info][gc             ] GC(177) Pause Young (Allocation Failure) 2324M->2324M(2461M) 65.443ms
[15.081s][info][gc,cpu         ] GC(177) User=0.39s Sys=0.00s Real=0.07s
[15.130s][info][gc,start       ] GC(178) Pause Young (Allocation Failure)
[15.235s][info][gc,heap        ] GC(178) PSYoungGen: 153600K(153600K)->78016K(176128K) Eden: 40448K(40448K)->0K(45568K) From: 113152K(113152K)->78016K(130560K)
[15.235s][info][gc,heap        ] GC(178) ParOldGen: 2267416K(2366464K)->2343784K(2366464K)
[15.235s][info][gc,metaspace   ] GC(178) Metaspace: 6303K(6528K)->6303K(6528K) NonClass: 5770K(5888K)->5770K(5888K) Class: 533K(640K)->533K(640K)
[15.235s][info][gc             ] GC(178) Pause Young (Allocation Failure) 2364M->2365M(2483M) 104.875ms
[15.235s][info][gc,cpu         ] GC(178) User=0.45s Sys=0.31s Real=0.10s
[15.235s][info][gc,start       ] GC(179) Pause Full (Ergonomics)
[15.235s][info][gc,phases,start] GC(179) Marking Phase
[15.779s][info][gc,phases      ] GC(179) Marking Phase 544.238ms
[15.779s][info][gc,phases,start] GC(179) Summary Phase
[15.779s][info][gc,phases      ] GC(179) Summary Phase 0.049ms
[15.779s][info][gc,phases,start] GC(179) Adjust Roots
[15.779s][info][gc,phases      ] GC(179) Adjust Roots 0.175ms
[15.779s][info][gc,phases,start] GC(179) Compaction Phase
[16.019s][info][gc,phases      ] GC(179) Compaction Phase 239.730ms
[16.019s][info][gc,phases,start] GC(179) Post Compact
[16.024s][info][gc,phases      ] GC(179) Post Compact 4.806ms
[16.026s][info][gc,heap        ] GC(179) PSYoungGen: 78016K(176128K)->52120K(177152K) Eden: 0K(45568K)->0K(46592K) From: 78016K(130560K)->52120K(130560K)
[16.027s][info][gc,heap        ] GC(179) ParOldGen: 2343784K(2366464K)->2366444K(2649600K)
[16.027s][info][gc,metaspace   ] GC(179) Metaspace: 6303K(6528K)->6303K(6528K) NonClass: 5770K(5888K)->5770K(5888K) Class: 533K(640K)->533K(640K)
[16.027s][info][gc             ] GC(179) Pause Full (Ergonomics) 2365M->2361M(2760M) 791.771ms
[16.027s][info][gc,cpu         ] GC(179) User=5.78s Sys=0.06s Real=0.79s
[16.084s][info][gc,start       ] GC(180) Pause Young (Allocation Failure)
[16.248s][info][gc,heap        ] GC(180) PSYoungGen: 98712K(177152K)->74592K(178176K) Eden: 46592K(46592K)->0K(46592K) From: 52120K(130560K)->74592K(131584K)
[16.248s][info][gc,heap        ] GC(180) ParOldGen: 2366444K(2649600K)->2391108K(2649600K)
[16.248s][info][gc,metaspace   ] GC(180) Metaspace: 6303K(6528K)->6303K(6528K) NonClass: 5770K(5888K)->5770K(5888K) Class: 533K(640K)->533K(640K)
[16.248s][info][gc             ] GC(180) Pause Young (Allocation Failure) 2407M->2407M(2761M) 164.301ms
[16.248s][info][gc,cpu         ] GC(180) User=0.91s Sys=0.14s Real=0.16s
[16.305s][info][gc,start       ] GC(181) Pause Young (Allocation Failure)
[16.385s][info][gc,heap        ] GC(181) PSYoungGen: 121184K(178176K)->121248K(165376K) Eden: 46592K(46592K)->0K(36864K) From: 74592K(131584K)->121248K(128512K)
[16.385s][info][gc,heap        ] GC(181) ParOldGen: 2391108K(2649600K)->2391108K(2649600K)
[16.385s][info][gc,metaspace   ] GC(181) Metaspace: 6303K(6528K)->6303K(6528K) NonClass: 5770K(5888K)->5770K(5888K) Class: 533K(640K)->533K(640K)
[16.385s][info][gc             ] GC(181) Pause Young (Allocation Failure) 2453M->2453M(2749M) 80.428ms
[16.385s][info][gc,cpu         ] GC(181) User=0.34s Sys=0.17s Real=0.08s
[16.426s][info][gc,start       ] GC(182) Pause Young (Allocation Failure)
[16.513s][info][gc,heap        ] GC(182) PSYoungGen: 158112K(165376K)->142848K(179712K) Eden: 36864K(36864K)->0K(36864K) From: 121248K(128512K)->142848K(142848K)
[16.513s][info][gc,heap        ] GC(182) ParOldGen: 2391108K(2649600K)->2406428K(2649600K)
[16.513s][info][gc,metaspace   ] GC(182) Metaspace: 6303K(6528K)->6303K(6528K) NonClass: 5770K(5888K)->5770K(5888K) Class: 533K(640K)->533K(640K)
[16.513s][info][gc             ] GC(182) Pause Young (Allocation Failure) 2489M->2489M(2763M) 86.567ms
[16.513s][info][gc,cpu         ] GC(182) User=0.53s Sys=0.02s Real=0.09s
[16.558s][info][gc,start       ] GC(183) Pause Young (Allocation Failure)
[16.684s][info][gc,heap        ] GC(183) PSYoungGen: 179712K(179712K)->114144K(205312K) Eden: 36864K(36864K)->0K(37376K) From: 142848K(142848K)->114144K(167936K)
[16.684s][info][gc,heap        ] GC(183) ParOldGen: 2406428K(2649600K)->2472700K(2649600K)
[16.684s][info][gc,metaspace   ] GC(183) Metaspace: 6303K(6528K)->6303K(6528K) NonClass: 5770K(5888K)->5770K(5888K) Class: 533K(640K)->533K(640K)
[16.684s][info][gc             ] GC(183) Pause Young (Allocation Failure) 2525M->2526M(2788M) 126.541ms
[16.684s][info][gc,cpu         ] GC(183) User=0.59s Sys=0.23s Real=0.13s
[16.731s][info][gc,start       ] GC(184) Pause Young (Allocation Failure)
[16.822s][info][gc,heap        ] GC(184) PSYoungGen: 151520K(205312K)->107808K(209408K) Eden: 37376K(37376K)->0K(37376K) From: 114144K(167936K)->107808K(172032K)
[16.822s][info][gc,heap        ] GC(184) ParOldGen: 2472700K(2649600K)->2516740K(2649600K)
[16.822s][info][gc,metaspace   ] GC(184) Metaspace: 6303K(6528K)->6303K(6528K) NonClass: 5770K(5888K)->5770K(5888K) Class: 533K(640K)->533K(640K)
[16.822s][info][gc             ] GC(184) Pause Young (Allocation Failure) 2562M->2563M(2792M) 91.665ms
[16.822s][info][gc,cpu         ] GC(184) User=0.55s Sys=0.08s Real=0.09s
[16.867s][info][gc,start       ] GC(185) Pause Young (Allocation Failure)
[16.967s][info][gc,heap        ] GC(185) PSYoungGen: 145184K(209408K)->74976K(200704K) Eden: 37376K(37376K)->0K(42496K) From: 107808K(172032K)->74976K(158208K)
[16.967s][info][gc,heap        ] GC(185) ParOldGen: 2516740K(2649600K)->2587524K(2649600K)
[16.967s][info][gc,metaspace   ] GC(185) Metaspace: 6303K(6528K)->6303K(6528K) NonClass: 5770K(5888K)->5770K(5888K) Class: 533K(640K)->533K(640K)
[16.967s][info][gc             ] GC(185) Pause Young (Allocation Failure) 2599M->2600M(2783M) 99.837ms
[16.967s][info][gc,cpu         ] GC(185) User=0.48s Sys=0.17s Real=0.10s
[16.967s][info][gc,start       ] GC(186) Pause Full (Ergonomics)
[16.967s][info][gc,phases,start] GC(186) Marking Phase
[17.560s][info][gc,phases      ] GC(186) Marking Phase 592.886ms
[17.560s][info][gc,phases,start] GC(186) Summary Phase
[17.560s][info][gc,phases      ] GC(186) Summary Phase 0.045ms
[17.560s][info][gc,phases,start] GC(186) Adjust Roots
[17.560s][info][gc,phases      ] GC(186) Adjust Roots 0.168ms
[17.560s][info][gc,phases,start] GC(186) Compaction Phase
[17.827s][info][gc,phases      ] GC(186) Compaction Phase 266.839ms
[17.827s][info][gc,phases,start] GC(186) Post Compact
[17.832s][info][gc,phases      ] GC(186) Post Compact 4.832ms
[17.834s][info][gc,heap        ] GC(186) PSYoungGen: 74976K(200704K)->10816K(206336K) Eden: 0K(42496K)->0K(48128K) From: 74976K(158208K)->10816K(158208K)
[17.834s][info][gc,heap        ] GC(186) ParOldGen: 2587524K(2649600K)->2649230K(2955264K)
[17.834s][info][gc,metaspace   ] GC(186) Metaspace: 6303K(6528K)->6303K(6528K) NonClass: 5770K(5888K)->5770K(5888K) Class: 533K(640K)->533K(640K)
[17.834s][info][gc             ] GC(186) Pause Full (Ergonomics) 2600M->2597M(3087M) 866.962ms
[17.834s][info][gc,cpu         ] GC(186) User=6.38s Sys=0.06s Real=0.87s
[17.893s][info][gc,start       ] GC(187) Pause Young (Allocation Failure)
[18.048s][info][gc,heap        ] GC(187) PSYoungGen: 58944K(206336K)->48288K(213504K) Eden: 48128K(48128K)->0K(48128K) From: 10816K(158208K)->48288K(165376K)
[18.048s][info][gc,heap        ] GC(187) ParOldGen: 2649230K(2955264K)->2660206K(2955264K)
[18.048s][info][gc,metaspace   ] GC(187) Metaspace: 6303K(6528K)->6303K(6528K) NonClass: 5770K(5888K)->5770K(5888K) Class: 533K(640K)->533K(640K)
[18.048s][info][gc             ] GC(187) Pause Young (Allocation Failure) 2644M->2645M(3094M) 154.880ms
[18.048s][info][gc,cpu         ] GC(187) User=0.88s Sys=0.03s Real=0.16s
[18.100s][info][gc,start       ] GC(188) Pause Young (Allocation Failure)
[18.176s][info][gc,heap        ] GC(188) PSYoungGen: 96416K(213504K)->48320K(211968K) Eden: 48128K(48128K)->0K(53760K) From: 48288K(165376K)->48320K(158208K)
[18.176s][info][gc,heap        ] GC(188) ParOldGen: 2660206K(2955264K)->2708766K(2955264K)
[18.176s][info][gc,metaspace   ] GC(188) Metaspace: 6303K(6528K)->6303K(6528K) NonClass: 5770K(5888K)->5770K(5888K) Class: 533K(640K)->533K(640K)
[18.176s][info][gc             ] GC(188) Pause Young (Allocation Failure) 2692M->2692M(3093M) 76.141ms
[18.176s][info][gc,cpu         ] GC(188) User=0.44s Sys=0.08s Real=0.08s
[18.239s][info][gc,start       ] GC(189) Pause Young (Allocation Failure)
[18.311s][info][gc,heap        ] GC(189) PSYoungGen: 102080K(211968K)->53888K(214528K) Eden: 53760K(53760K)->0K(53760K) From: 48320K(158208K)->53888K(160768K)
[18.311s][info][gc,heap        ] GC(189) ParOldGen: 2708766K(2955264K)->2757318K(2955264K)
[18.311s][info][gc,metaspace   ] GC(189) Metaspace: 6303K(6528K)->6303K(6528K) NonClass: 5770K(5888K)->5770K(5888K) Class: 533K(640K)->533K(640K)
[18.311s][info][gc             ] GC(189) Pause Young (Allocation Failure) 2744M->2745M(3095M) 72.262ms
[18.311s][info][gc,cpu         ] GC(189) User=0.39s Sys=0.11s Real=0.07s
[19.010s][info][gc,start       ] GC(190) Pause Full (Ergonomics)
[19.010s][info][gc,phases,start] GC(190) Marking Phase
[19.661s][info][gc,phases      ] GC(190) Marking Phase 651.106ms
[19.661s][info][gc,phases,start] GC(190) Summary Phase
[19.661s][info][gc,phases      ] GC(190) Summary Phase 0.070ms
[19.661s][info][gc,phases,start] GC(190) Adjust Roots
[19.662s][info][gc,phases      ] GC(190) Adjust Roots 0.188ms
[19.662s][info][gc,phases,start] GC(190) Compaction Phase
[20.109s][info][gc,phases      ] GC(190) Compaction Phase 447.846ms
[20.110s][info][gc,phases,start] GC(190) Post Compact
[20.116s][info][gc,phases      ] GC(190) Post Compact 6.621ms
[20.119s][info][gc,heap        ] GC(190) PSYoungGen: 107648K(214528K)->0K(216576K) Eden: 53760K(53760K)->0K(59904K) From: 53888K(160768K)->0K(156672K)
[20.119s][info][gc,heap        ] GC(190) ParOldGen: 2888390K(2955264K)->2929220K(3253248K)
[20.119s][info][gc,metaspace   ] GC(190) Metaspace: 6303K(6528K)->6303K(6528K) NonClass: 5770K(5888K)->5770K(5888K) Class: 533K(640K)->533K(640K)
[20.119s][info][gc             ] GC(190) Pause Full (Ergonomics) 2925M->2860M(3388M) 1108.889ms
[20.119s][info][gc,cpu         ] GC(190) User=7.67s Sys=0.19s Real=1.11s
[20.184s][info][gc,start       ] GC(191) Pause Young (Allocation Failure)
[20.233s][info][gc,heap        ] GC(191) PSYoungGen: 59904K(216576K)->60128K(216576K) Eden: 59904K(59904K)->0K(59904K) From: 0K(156672K)->60128K(156672K)
[20.233s][info][gc,heap        ] GC(191) ParOldGen: 2929220K(3253248K)->2929220K(3253248K)
[20.233s][info][gc,metaspace   ] GC(191) Metaspace: 6303K(6528K)->6303K(6528K) NonClass: 5770K(5888K)->5770K(5888K) Class: 533K(640K)->533K(640K)
[20.233s][info][gc             ] GC(191) Pause Young (Allocation Failure) 2919M->2919M(3388M) 49.339ms
[20.233s][info][gc,cpu         ] GC(191) User=0.17s Sys=0.00s Real=0.05s
[20.289s][info][gc,start       ] GC(192) Pause Young (Allocation Failure)
[20.359s][info][gc,heap        ] GC(192) PSYoungGen: 120032K(216576K)->120128K(206848K) Eden: 59904K(59904K)->0K(55808K) From: 60128K(156672K)->120128K(151040K)
[20.359s][info][gc,heap        ] GC(192) ParOldGen: 2929220K(3253248K)->2929220K(3253248K)
[20.359s][info][gc,metaspace   ] GC(192) Metaspace: 6303K(6528K)->6303K(6528K) NonClass: 5770K(5888K)->5770K(5888K) Class: 533K(640K)->533K(640K)
[20.359s][info][gc             ] GC(192) Pause Young (Allocation Failure) 2977M->2977M(3379M) 69.414ms
[20.359s][info][gc,cpu         ] GC(192) User=0.23s Sys=0.00s Real=0.07s
[20.412s][info][gc,start       ] GC(193) Pause Young (Allocation Failure)
[20.501s][info][gc,heap        ] GC(193) PSYoungGen: 175936K(206848K)->160768K(216576K) Eden: 55808K(55808K)->0K(55808K) From: 120128K(151040K)->160768K(160768K)
[20.501s][info][gc,heap        ] GC(193) ParOldGen: 2929220K(3253248K)->2944476K(3253248K)
[20.501s][info][gc,metaspace   ] GC(193) Metaspace: 6303K(6528K)->6303K(6528K) NonClass: 5770K(5888K)->5770K(5888K) Class: 533K(640K)->533K(640K)
[20.501s][info][gc             ] GC(193) Pause Young (Allocation Failure) 3032M->3032M(3388M) 89.220ms
[20.501s][info][gc,cpu         ] GC(193) User=0.44s Sys=0.03s Real=0.09s
[20.553s][info][gc,start       ] GC(194) Pause Young (Allocation Failure)
[20.709s][info][gc,heap        ] GC(194) PSYoungGen: 216576K(216576K)->111936K(249856K) Eden: 55808K(55808K)->0K(62464K) From: 160768K(160768K)->111936K(187392K)
[20.709s][info][gc,heap        ] GC(194) ParOldGen: 2944476K(3253248K)->3050108K(3253248K)
[20.709s][info][gc,metaspace   ] GC(194) Metaspace: 6303K(6528K)->6303K(6528K) NonClass: 5770K(5888K)->5770K(5888K) Class: 533K(640K)->533K(640K)
[20.709s][info][gc             ] GC(194) Pause Young (Allocation Failure) 3086M->3087M(3421M) 155.307ms
[20.709s][info][gc,cpu         ] GC(194) User=0.62s Sys=0.41s Real=0.16s
[20.775s][info][gc,start       ] GC(195) Pause Young (Allocation Failure)
[20.881s][info][gc,heap        ] GC(195) PSYoungGen: 174400K(249856K)->118592K(249856K) Eden: 62464K(62464K)->0K(62464K) From: 111936K(187392K)->118592K(187392K)
[20.881s][info][gc,heap        ] GC(195) ParOldGen: 3050108K(3253248K)->3106428K(3253248K)
[20.881s][info][gc,metaspace   ] GC(195) Metaspace: 6303K(6528K)->6303K(6528K) NonClass: 5770K(5888K)->5770K(5888K) Class: 533K(640K)->533K(640K)
[20.881s][info][gc             ] GC(195) Pause Young (Allocation Failure) 3148M->3149M(3421M) 106.024ms
[20.881s][info][gc,cpu         ] GC(195) User=0.50s Sys=0.38s Real=0.11s
[20.944s][info][gc,start       ] GC(196) Pause Young (Allocation Failure)
[21.061s][info][gc,heap        ] GC(196) PSYoungGen: 181056K(249856K)->125280K(255488K) Eden: 62464K(62464K)->0K(67584K) From: 118592K(187392K)->125280K(187904K)
[21.061s][info][gc,heap        ] GC(196) ParOldGen: 3106428K(3253248K)->3162740K(3253248K)
[21.061s][info][gc,metaspace   ] GC(196) Metaspace: 6303K(6528K)->6303K(6528K) NonClass: 5770K(5888K)->5770K(5888K) Class: 533K(640K)->533K(640K)
[21.061s][info][gc             ] GC(196) Pause Young (Allocation Failure) 3210M->3210M(3426M) 117.107ms
[21.061s][info][gc,cpu         ] GC(196) User=0.52s Sys=0.36s Real=0.12s
[21.061s][info][gc,start       ] GC(197) Pause Full (Ergonomics)
[21.061s][info][gc,phases,start] GC(197) Marking Phase
[21.798s][info][gc,phases      ] GC(197) Marking Phase 736.994ms
[21.798s][info][gc,phases,start] GC(197) Summary Phase
[21.798s][info][gc,phases      ] GC(197) Summary Phase 0.056ms
[21.798s][info][gc,phases,start] GC(197) Adjust Roots
[21.798s][info][gc,phases      ] GC(197) Adjust Roots 0.188ms
[21.798s][info][gc,phases,start] GC(197) Compaction Phase
[22.501s][info][gc,phases      ] GC(197) Compaction Phase 702.657ms
[22.501s][info][gc,phases,start] GC(197) Post Compact
[22.509s][info][gc,phases      ] GC(197) Post Compact 7.560ms
[22.512s][info][gc,heap        ] GC(197) PSYoungGen: 125280K(255488K)->32377K(255488K) Eden: 0K(67584K)->0K(67584K) From: 125280K(187904K)->32377K(187904K)
[22.512s][info][gc,heap        ] GC(197) ParOldGen: 3162740K(3253248K)->3253003K(3614208K)
[22.512s][info][gc,metaspace   ] GC(197) Metaspace: 6303K(6528K)->6303K(6528K) NonClass: 5770K(5888K)->5770K(5888K) Class: 533K(640K)->533K(640K)
[22.512s][info][gc             ] GC(197) Pause Full (Ergonomics) 3210M->3208M(3779M) 1450.902ms
[22.512s][info][gc,cpu         ] GC(197) User=9.95s Sys=0.19s Real=1.45s
[22.583s][info][gc,start       ] GC(198) Pause Young (Allocation Failure)
[22.779s][info][gc,heap        ] GC(198) PSYoungGen: 99961K(255488K)->67776K(258048K) Eden: 67584K(67584K)->0K(67584K) From: 32377K(187904K)->67776K(190464K)
[22.779s][info][gc,heap        ] GC(198) ParOldGen: 3253003K(3614208K)->3285715K(3614208K)
[22.779s][info][gc,metaspace   ] GC(198) Metaspace: 6303K(6528K)->6303K(6528K) NonClass: 5770K(5888K)->5770K(5888K) Class: 533K(640K)->533K(640K)
[22.779s][info][gc             ] GC(198) Pause Young (Allocation Failure) 3274M->3274M(3781M) 196.397ms
[22.779s][info][gc,cpu         ] GC(198) User=1.34s Sys=0.08s Real=0.20s
[22.855s][info][gc,start       ] GC(199) Pause Young (Allocation Failure)
[22.938s][info][gc,heap        ] GC(199) PSYoungGen: 135360K(258048K)->135520K(253952K) Eden: 67584K(67584K)->0K(68096K) From: 67776K(190464K)->135520K(185856K)
[22.938s][info][gc,heap        ] GC(199) ParOldGen: 3285715K(3614208K)->3285715K(3614208K)
[22.938s][info][gc,metaspace   ] GC(199) Metaspace: 6303K(6528K)->6303K(6528K) NonClass: 5770K(5888K)->5770K(5888K) Class: 533K(640K)->533K(640K)
[22.938s][info][gc             ] GC(199) Pause Young (Allocation Failure) 3340M->3341M(3777M) 83.810ms
[22.938s][info][gc,cpu         ] GC(199) User=0.42s Sys=0.02s Real=0.08s
[23.011s][info][gc,start       ] GC(200) Pause Young (Allocation Failure)
[23.115s][info][gc,heap        ] GC(200) PSYoungGen: 203616K(253952K)->192000K(260096K) Eden: 68096K(68096K)->0K(68096K) From: 135520K(185856K)->192000K(192000K)
[23.115s][info][gc,heap        ] GC(200) ParOldGen: 3285715K(3614208K)->3297435K(3614208K)
[23.115s][info][gc,metaspace   ] GC(200) Metaspace: 6303K(6528K)->6303K(6528K) NonClass: 5770K(5888K)->5770K(5888K) Class: 533K(640K)->533K(640K)
[23.115s][info][gc             ] GC(200) Pause Young (Allocation Failure) 3407M->3407M(3783M) 104.374ms
[23.115s][info][gc,cpu         ] GC(200) User=0.66s Sys=0.02s Real=0.10s
[23.195s][info][gc,start       ] GC(201) Pause Young (Allocation Failure)
[23.409s][info][gc,heap        ] GC(201) PSYoungGen: 260096K(260096K)->132320K(294400K) Eden: 68096K(68096K)->0K(76288K) From: 192000K(192000K)->132320K(218112K)
[23.409s][info][gc,heap        ] GC(201) ParOldGen: 3297435K(3614208K)->3426371K(3614208K)
[23.409s][info][gc,metaspace   ] GC(201) Metaspace: 6303K(6528K)->6303K(6528K) NonClass: 5770K(5888K)->5770K(5888K) Class: 533K(640K)->533K(640K)
[23.409s][info][gc             ] GC(201) Pause Young (Allocation Failure) 3474M->3475M(3817M) 214.040ms
[23.409s][info][gc,cpu         ] GC(201) User=0.92s Sys=0.78s Real=0.21s
[23.508s][info][gc,start       ] GC(202) Pause Young (Allocation Failure)
[23.648s][info][gc,heap        ] GC(202) PSYoungGen: 208608K(294400K)->144768K(295936K) Eden: 76288K(76288K)->0K(76288K) From: 132320K(218112K)->144768K(219648K)
[23.648s][info][gc,heap        ] GC(202) ParOldGen: 3426371K(3614208K)->3490803K(3614208K)
[23.648s][info][gc,metaspace   ] GC(202) Metaspace: 6303K(6528K)->6303K(6528K) NonClass: 5770K(5888K)->5770K(5888K) Class: 533K(640K)->533K(640K)
[23.648s][info][gc             ] GC(202) Pause Young (Allocation Failure) 3549M->3550M(3818M) 140.375ms
[23.648s][info][gc,cpu         ] GC(202) User=0.83s Sys=0.19s Real=0.14s
[23.648s][info][gc,start       ] GC(203) Pause Full (Ergonomics)
[23.648s][info][gc,phases,start] GC(203) Marking Phase
[24.493s][info][gc,phases      ] GC(203) Marking Phase 844.985ms
[24.493s][info][gc,phases,start] GC(203) Summary Phase
[24.493s][info][gc,phases      ] GC(203) Summary Phase 0.127ms
[24.494s][info][gc,phases,start] GC(203) Adjust Roots
[24.494s][info][gc,phases      ] GC(203) Adjust Roots 0.334ms
[24.494s][info][gc,phases,start] GC(203) Compaction Phase
[24.911s][info][gc,phases      ] GC(203) Compaction Phase 416.666ms
[24.911s][info][gc,phases,start] GC(203) Post Compact
[24.919s][info][gc,phases      ] GC(203) Post Compact 8.333ms
[24.924s][info][gc,heap        ] GC(203) PSYoungGen: 144768K(295936K)->19150K(295936K) Eden: 0K(76288K)->0K(76288K) From: 144768K(219648K)->19150K(219648K)
[24.924s][info][gc,heap        ] GC(203) ParOldGen: 3490803K(3614208K)->3613715K(4019712K)
[24.924s][info][gc,metaspace   ] GC(203) Metaspace: 6303K(6528K)->6303K(6528K) NonClass: 5770K(5888K)->5770K(5888K) Class: 533K(640K)->533K(640K)
[24.924s][info][gc             ] GC(203) Pause Full (Ergonomics) 3550M->3547M(4214M) 1275.566ms
[24.924s][info][gc,cpu         ] GC(203) User=8.78s Sys=0.22s Real=1.28s
[25.025s][info][gc,start       ] GC(204) Pause Young (Allocation Failure)
[25.239s][info][gc,heap        ] GC(204) PSYoungGen: 95438K(295936K)->89952K(289280K) Eden: 76288K(76288K)->0K(83456K) From: 19150K(219648K)->89952K(205824K)
[25.239s][info][gc,heap        ] GC(204) ParOldGen: 3613715K(4019712K)->3619547K(4019712K)
[25.239s][info][gc,metaspace   ] GC(204) Metaspace: 6303K(6528K)->6303K(6528K) NonClass: 5770K(5888K)->5770K(5888K) Class: 533K(640K)->533K(640K)
[25.239s][info][gc             ] GC(204) Pause Young (Allocation Failure) 3622M->3622M(4208M) 213.805ms
[25.239s][info][gc,cpu         ] GC(204) User=1.38s Sys=0.02s Real=0.21s
[25.353s][info][gc,start       ] GC(205) Pause Young (Allocation Failure)
[25.462s][info][gc,heap        ] GC(205) PSYoungGen: 173408K(289280K)->173632K(297984K) Eden: 83456K(83456K)->0K(83456K) From: 89952K(205824K)->173632K(214528K)
[25.462s][info][gc,heap        ] GC(205) ParOldGen: 3619547K(4019712K)->3619547K(4019712K)
[25.462s][info][gc,metaspace   ] GC(205) Metaspace: 6303K(6528K)->6303K(6528K) NonClass: 5770K(5888K)->5770K(5888K) Class: 533K(640K)->533K(640K)
[25.462s][info][gc             ] GC(205) Pause Young (Allocation Failure) 3704M->3704M(4216M) 109.245ms
[25.463s][info][gc,cpu         ] GC(205) User=0.45s Sys=0.00s Real=0.11s
[25.565s][info][gc,start       ] GC(206) Pause Young (Allocation Failure)
[25.781s][info][gc,heap        ] GC(206) PSYoungGen: 257088K(297984K)->227328K(278528K) Eden: 83456K(83456K)->0K(51200K) From: 173632K(214528K)->227328K(227328K)
[25.781s][info][gc,heap        ] GC(206) ParOldGen: 3619547K(4019712K)->3649515K(4019712K)
[25.781s][info][gc,metaspace   ] GC(206) Metaspace: 6303K(6528K)->6303K(6528K) NonClass: 5770K(5888K)->5770K(5888K) Class: 533K(640K)->533K(640K)
[25.781s][info][gc             ] GC(206) Pause Young (Allocation Failure) 3785M->3785M(4197M) 216.327ms
[25.781s][info][gc,cpu         ] GC(206) User=0.94s Sys=0.42s Real=0.22s
[25.853s][info][gc,start       ] GC(207) Pause Young (Allocation Failure)
[26.040s][info][gc,heap        ] GC(207) PSYoungGen: 278528K(278528K)->201344K(318976K) Eden: 51200K(51200K)->0K(51200K) From: 227328K(227328K)->201344K(267776K)
[26.040s][info][gc,heap        ] GC(207) ParOldGen: 3649515K(4019712K)->3727459K(4019712K)
[26.040s][info][gc,metaspace   ] GC(207) Metaspace: 6303K(6528K)->6303K(6528K) NonClass: 5770K(5888K)->5770K(5888K) Class: 533K(640K)->533K(640K)
[26.040s][info][gc             ] GC(207) Pause Young (Allocation Failure) 3835M->3836M(4237M) 186.306ms
[26.040s][info][gc,cpu         ] GC(207) User=1.20s Sys=0.28s Real=0.19s
[26.111s][info][gc,start       ] GC(208) Pause Young (Allocation Failure)
[26.296s][info][gc,heap        ] GC(208) PSYoungGen: 252544K(318976K)->170368K(333312K) Eden: 51200K(51200K)->0K(57856K) From: 201344K(267776K)->170368K(275456K)
[26.296s][info][gc,heap        ] GC(208) ParOldGen: 3727459K(4019712K)->3810331K(4019712K)
[26.296s][info][gc,metaspace   ] GC(208) Metaspace: 6303K(6528K)->6303K(6528K) NonClass: 5770K(5888K)->5770K(5888K) Class: 533K(640K)->533K(640K)
[26.296s][info][gc             ] GC(208) Pause Young (Allocation Failure) 3886M->3887M(4251M) 185.421ms
[26.296s][info][gc,cpu         ] GC(208) User=0.78s Sys=0.27s Real=0.18s
[26.366s][info][gc,start       ] GC(209) Pause Young (Allocation Failure)
[26.563s][info][gc,heap        ] GC(209) PSYoungGen: 228224K(333312K)->109408K(335360K) Eden: 57856K(57856K)->0K(57856K) From: 170368K(275456K)->109408K(277504K)
[26.563s][info][gc,heap        ] GC(209) ParOldGen: 3810331K(4019712K)->3930163K(4019712K)
[26.563s][info][gc,metaspace   ] GC(209) Metaspace: 6303K(6528K)->6303K(6528K) NonClass: 5770K(5888K)->5770K(5888K) Class: 533K(640K)->533K(640K)
[26.563s][info][gc             ] GC(209) Pause Young (Allocation Failure) 3943M->3944M(4253M) 197.549ms
[26.563s][info][gc,cpu         ] GC(209) User=0.88s Sys=0.41s Real=0.20s
[26.563s][info][gc,start       ] GC(210) Pause Full (Ergonomics)
[26.563s][info][gc,phases,start] GC(210) Marking Phase
[27.527s][info][gc,phases      ] GC(210) Marking Phase 963.918ms
[27.527s][info][gc,phases,start] GC(210) Summary Phase
[27.527s][info][gc,phases      ] GC(210) Summary Phase 0.130ms
[27.527s][info][gc,phases,start] GC(210) Adjust Roots
[27.528s][info][gc,phases      ] GC(210) Adjust Roots 0.296ms
[27.528s][info][gc,phases,start] GC(210) Compaction Phase
[27.964s][info][gc,phases      ] GC(210) Compaction Phase 436.625ms
[27.964s][info][gc,phases,start] GC(210) Post Compact
[27.975s][info][gc,phases      ] GC(210) Post Compact 10.113ms
[27.979s][info][gc,heap        ] GC(210) PSYoungGen: 109408K(335360K)->16517K(335360K) Eden: 0K(57856K)->0K(57856K) From: 109408K(277504K)->16517K(277504K)
[27.979s][info][gc,heap        ] GC(210) ParOldGen: 3930163K(4019712K)->4019618K(4477952K)
[27.979s][info][gc,metaspace   ] GC(210) Metaspace: 6303K(6528K)->6303K(6528K) NonClass: 5770K(5888K)->5770K(5888K) Class: 533K(640K)->533K(640K)
[27.979s][info][gc             ] GC(210) Pause Full (Ergonomics) 3944M->3941M(4700M) 1415.891ms
[27.979s][info][gc,cpu         ] GC(210) User=9.72s Sys=0.22s Real=1.42s
[28.058s][info][gc,start       ] GC(211) Pause Young (Allocation Failure)
[28.284s][info][gc,heap        ] GC(211) PSYoungGen: 74373K(335360K)->58048K(333312K) Eden: 57856K(57856K)->0K(64000K) From: 16517K(277504K)->58048K(269312K)
[28.284s][info][gc,heap        ] GC(211) ParOldGen: 4019618K(4477952K)->4036338K(4477952K)
[28.284s][info][gc,metaspace   ] GC(211) Metaspace: 6303K(6528K)->6303K(6528K) NonClass: 5770K(5888K)->5770K(5888K) Class: 533K(640K)->533K(640K)
[28.284s][info][gc             ] GC(211) Pause Young (Allocation Failure) 3998M->3998M(4698M) 226.235ms
[28.284s][info][gc,cpu         ] GC(211) User=1.42s Sys=0.06s Real=0.23s
[28.364s][info][gc,start       ] GC(212) Pause Young (Allocation Failure)
[28.470s][info][gc,heap        ] GC(212) PSYoungGen: 122048K(333312K)->64192K(334336K) Eden: 64000K(64000K)->0K(64000K) From: 58048K(269312K)->64192K(270336K)
[28.470s][info][gc,heap        ] GC(212) ParOldGen: 4036338K(4477952K)->4094706K(4477952K)
[28.470s][info][gc,metaspace   ] GC(212) Metaspace: 6303K(6528K)->6303K(6528K) NonClass: 5770K(5888K)->5770K(5888K) Class: 533K(640K)->533K(640K)
[28.470s][info][gc             ] GC(212) Pause Young (Allocation Failure) 4060M->4061M(4699M) 106.347ms
[28.470s][info][gc,cpu         ] GC(212) User=0.45s Sys=0.31s Real=0.11s
[28.549s][info][gc,start       ] GC(213) Pause Young (Allocation Failure)
[28.654s][info][gc,heap        ] GC(213) PSYoungGen: 128192K(334336K)->64224K(330752K) Eden: 64000K(64000K)->0K(71168K) From: 64192K(270336K)->64224K(259584K)
[28.654s][info][gc,heap        ] GC(213) ParOldGen: 4094706K(4477952K)->4159282K(4477952K)
[28.654s][info][gc,metaspace   ] GC(213) Metaspace: 6303K(6528K)->6303K(6528K) NonClass: 5770K(5888K)->5770K(5888K) Class: 533K(640K)->533K(640K)
[28.654s][info][gc             ] GC(213) Pause Young (Allocation Failure) 4123M->4124M(4696M) 105.024ms
[28.654s][info][gc,cpu         ] GC(213) User=0.45s Sys=0.20s Real=0.11s
[28.767s][info][gc,start       ] GC(214) Pause Young (Allocation Failure)
[28.871s][info][gc,heap        ] GC(214) PSYoungGen: 135392K(330752K)->71392K(334848K) Eden: 71168K(71168K)->0K(71168K) From: 64224K(259584K)->71392K(263680K)
[28.871s][info][gc,heap        ] GC(214) ParOldGen: 4159282K(4477952K)->4223842K(4477952K)
[28.871s][info][gc,metaspace   ] GC(214) Metaspace: 6303K(6528K)->6303K(6528K) NonClass: 5770K(5888K)->5770K(5888K) Class: 533K(640K)->533K(640K)
[28.871s][info][gc             ] GC(214) Pause Young (Allocation Failure) 4194M->4194M(4700M) 103.926ms
[28.871s][info][gc,cpu         ] GC(214) User=0.39s Sys=0.36s Real=0.10s
[28.973s][info][gc,start       ] GC(215) Pause Young (Allocation Failure)
[29.101s][info][gc,heap        ] GC(215) PSYoungGen: 142560K(334848K)->71392K(321536K) Eden: 71168K(71168K)->0K(78848K) From: 71392K(263680K)->71392K(242688K)
[29.101s][info][gc,heap        ] GC(215) ParOldGen: 4223842K(4477952K)->4295642K(4477952K)
[29.101s][info][gc,metaspace   ] GC(215) Metaspace: 6303K(6528K)->6303K(6528K) NonClass: 5770K(5888K)->5770K(5888K) Class: 533K(640K)->533K(640K)
[29.101s][info][gc             ] GC(215) Pause Young (Allocation Failure) 4264M->4264M(4687M) 128.245ms
[29.101s][info][gc,cpu         ] GC(215) User=0.53s Sys=0.23s Real=0.13s
[29.214s][info][gc,start       ] GC(216) Pause Young (Allocation Failure)
[29.325s][info][gc,heap        ] GC(216) PSYoungGen: 150240K(321536K)->79136K(158208K) Eden: 78848K(78848K)->0K(78848K) From: 71392K(242688K)->79136K(79360K)
[29.325s][info][gc,heap        ] GC(216) ParOldGen: 4295642K(4477952K)->4367442K(4477952K)
[29.325s][info][gc,metaspace   ] GC(216) Metaspace: 6303K(6528K)->6303K(6528K) NonClass: 5770K(5888K)->5770K(5888K) Class: 533K(640K)->533K(640K)
[29.325s][info][gc             ] GC(216) Pause Young (Allocation Failure) 4341M->4342M(4527M) 110.877ms
[29.325s][info][gc,cpu         ] GC(216) User=0.67s Sys=0.23s Real=0.11s
[29.325s][info][gc,start       ] GC(217) Pause Full (Ergonomics)
[29.325s][info][gc,phases,start] GC(217) Marking Phase
[30.389s][info][gc,phases      ] GC(217) Marking Phase 1063.403ms
[30.389s][info][gc,phases,start] GC(217) Summary Phase
[30.389s][info][gc,phases      ] GC(217) Summary Phase 0.150ms
[30.389s][info][gc,phases,start] GC(217) Adjust Roots
[30.389s][info][gc,phases      ] GC(217) Adjust Roots 0.254ms
[30.389s][info][gc,phases,start] GC(217) Compaction Phase
[30.810s][info][gc,phases      ] GC(217) Compaction Phase 420.849ms
[30.810s][info][gc,phases,start] GC(217) Post Compact
[30.817s][info][gc,phases      ] GC(217) Post Compact 6.425ms
[30.820s][info][gc,heap        ] GC(217) PSYoungGen: 79136K(158208K)->0K(328192K) Eden: 0K(78848K)->0K(87552K) From: 79136K(79360K)->0K(240640K)
[30.820s][info][gc,heap        ] GC(217) ParOldGen: 4367442K(4477952K)->4442984K(4915712K)
[30.820s][info][gc,metaspace   ] GC(217) Metaspace: 6303K(6528K)->6303K(6528K) NonClass: 5770K(5888K)->5770K(5888K) Class: 533K(640K)->533K(640K)
[30.820s][info][gc             ] GC(217) Pause Full (Ergonomics) 4342M->4338M(5121M) 1494.952ms
[30.820s][info][gc,cpu         ] GC(217) User=10.53s Sys=0.14s Real=1.49s
[30.915s][info][gc,start       ] GC(218) Pause Young (Allocation Failure)
[30.974s][info][gc,heap        ] GC(218) PSYoungGen: 87552K(328192K)->87840K(175616K) Eden: 87552K(87552K)->0K(87552K) From: 0K(240640K)->87840K(88064K)
[30.974s][info][gc,heap        ] GC(218) ParOldGen: 4442984K(4915712K)->4442984K(4915712K)
[30.974s][info][gc,metaspace   ] GC(218) Metaspace: 6303K(6528K)->6303K(6528K) NonClass: 5770K(5888K)->5770K(5888K) Class: 533K(640K)->533K(640K)
[30.974s][info][gc             ] GC(218) Pause Young (Allocation Failure) 4424M->4424M(4972M) 59.631ms
[30.974s][info][gc,cpu         ] GC(218) User=0.27s Sys=0.00s Real=0.06s
[31.074s][info][gc,start       ] GC(219) Pause Young (Allocation Failure)
[31.164s][info][gc,heap        ] GC(219) PSYoungGen: 175392K(175616K)->175488K(312320K) Eden: 87552K(87552K)->0K(81920K) From: 87840K(88064K)->175488K(230400K)
[31.164s][info][gc,heap        ] GC(219) ParOldGen: 4442984K(4915712K)->4442984K(4915712K)
[31.164s][info][gc,metaspace   ] GC(219) Metaspace: 6303K(6528K)->6303K(6528K) NonClass: 5770K(5888K)->5770K(5888K) Class: 533K(640K)->533K(640K)
[31.164s][info][gc             ] GC(219) Pause Young (Allocation Failure) 4510M->4510M(5105M) 90.411ms
[31.164s][info][gc,cpu         ] GC(219) User=0.62s Sys=0.00s Real=0.09s
[31.250s][info][gc,start       ] GC(220) Pause Young (Allocation Failure)
[31.387s][info][gc,heap        ] GC(220) PSYoungGen: 257408K(312320K)->244224K(326144K) Eden: 81920K(81920K)->0K(81920K) From: 175488K(230400K)->244224K(244224K)
[31.387s][info][gc,heap        ] GC(220) ParOldGen: 4442984K(4915712K)->4456360K(4915712K)
[31.387s][info][gc,metaspace   ] GC(220) Metaspace: 6303K(6528K)->6303K(6528K) NonClass: 5770K(5888K)->5770K(5888K) Class: 533K(640K)->533K(640K)
[31.387s][info][gc             ] GC(220) Pause Young (Allocation Failure) 4590M->4590M(5119M) 137.474ms
[31.387s][info][gc,cpu         ] GC(220) User=0.83s Sys=0.00s Real=0.14s
[31.479s][info][gc,start       ] GC(221) Pause Young (Allocation Failure)
[31.728s][info][gc,heap        ] GC(221) PSYoungGen: 326144K(326144K)->159520K(370176K) Eden: 81920K(81920K)->0K(91136K) From: 244224K(244224K)->159520K(279040K)
[31.728s][info][gc,heap        ] GC(221) ParOldGen: 4456360K(4915712K)->4624488K(4915712K)
[31.728s][info][gc,metaspace   ] GC(221) Metaspace: 6303K(6528K)->6303K(6528K) NonClass: 5770K(5888K)->5770K(5888K) Class: 533K(640K)->533K(640K)
[31.728s][info][gc             ] GC(221) Pause Young (Allocation Failure) 4670M->4671M(5162M) 248.718ms
[31.728s][info][gc,cpu         ] GC(221) User=1.17s Sys=0.75s Real=0.25s
[31.826s][info][gc,start       ] GC(222) Pause Young (Allocation Failure)
[31.989s][info][gc,heap        ] GC(222) PSYoungGen: 250656K(370176K)->173440K(372736K) Eden: 91136K(91136K)->0K(91136K) From: 159520K(279040K)->173440K(281600K)
[31.989s][info][gc,heap        ] GC(222) ParOldGen: 4624488K(4915712K)->4702304K(4915712K)
[31.989s][info][gc,metaspace   ] GC(222) Metaspace: 6303K(6528K)->6303K(6528K) NonClass: 5770K(5888K)->5770K(5888K) Class: 533K(640K)->533K(640K)
[31.989s][info][gc             ] GC(222) Pause Young (Allocation Failure) 4760M->4761M(5164M) 163.080ms
[31.989s][info][gc,cpu         ] GC(222) User=0.97s Sys=0.17s Real=0.16s
[32.086s][info][gc,start       ] GC(223) Pause Young (Allocation Failure)
[32.261s][info][gc,heap        ] GC(223) PSYoungGen: 264576K(372736K)->182688K(380928K) Eden: 91136K(91136K)->0K(98304K) From: 173440K(281600K)->182688K(282624K)
[32.261s][info][gc,heap        ] GC(223) ParOldGen: 4702304K(4915712K)->4784960K(4915712K)
[32.261s][info][gc,metaspace   ] GC(223) Metaspace: 6303K(6528K)->6303K(6528K) NonClass: 5770K(5888K)->5770K(5888K) Class: 533K(640K)->533K(640K)
[32.261s][info][gc             ] GC(223) Pause Young (Allocation Failure) 4850M->4851M(5172M) 175.295ms
[32.261s][info][gc,cpu         ] GC(223) User=1.03s Sys=0.34s Real=0.17s
[32.261s][info][gc,start       ] GC(224) Pause Full (Ergonomics)
[32.261s][info][gc,phases,start] GC(224) Marking Phase
[33.438s][info][gc,phases      ] GC(224) Marking Phase 1176.159ms
[33.438s][info][gc,phases,start] GC(224) Summary Phase
[33.438s][info][gc,phases      ] GC(224) Summary Phase 0.087ms
[33.438s][info][gc,phases,start] GC(224) Adjust Roots
[33.438s][info][gc,phases      ] GC(224) Adjust Roots 0.307ms
[33.438s][info][gc,phases,start] GC(224) Compaction Phase
[33.918s][info][gc,phases      ] GC(224) Compaction Phase 479.856ms
[33.918s][info][gc,phases,start] GC(224) Post Compact
[33.926s][info][gc,phases      ] GC(224) Post Compact 8.409ms
[33.931s][info][gc,heap        ] GC(224) PSYoungGen: 182688K(380928K)->48335K(380928K) Eden: 0K(98304K)->0K(98304K) From: 182688K(282624K)->48335K(282624K)
[33.931s][info][gc,heap        ] GC(224) ParOldGen: 4784960K(4915712K)->4915672K(5449728K)
[33.931s][info][gc,metaspace   ] GC(224) Metaspace: 6303K(6528K)->6303K(6528K) NonClass: 5770K(5888K)->5770K(5888K) Class: 533K(640K)->533K(640K)
[33.931s][info][gc             ] GC(224) Pause Full (Ergonomics) 4851M->4847M(5694M) 1669.880ms
[33.931s][info][gc,cpu         ] GC(224) User=11.92s Sys=0.19s Real=1.67s
[34.050s][info][gc,start       ] GC(225) Pause Young (Allocation Failure)
[34.382s][info][gc,heap        ] GC(225) PSYoungGen: 146639K(380928K)->98592K(384000K) Eden: 98304K(98304K)->0K(98304K) From: 48335K(282624K)->98592K(285696K)
[34.382s][info][gc,heap        ] GC(225) ParOldGen: 4915672K(5449728K)->4964512K(5449728K)
[34.383s][info][gc,metaspace   ] GC(225) Metaspace: 6303K(6528K)->6303K(6528K) NonClass: 5770K(5888K)->5770K(5888K) Class: 533K(640K)->533K(640K)
[34.383s][info][gc             ] GC(225) Pause Young (Allocation Failure) 4943M->4944M(5697M) 332.577ms
[34.383s][info][gc,cpu         ] GC(225) User=1.86s Sys=0.20s Real=0.33s
[34.508s][info][gc,start       ] GC(226) Pause Young (Allocation Failure)
[34.650s][info][gc,heap        ] GC(226) PSYoungGen: 196896K(384000K)->197024K(377344K) Eden: 98304K(98304K)->0K(99328K) From: 98592K(285696K)->197024K(278016K)
[34.650s][info][gc,heap        ] GC(226) ParOldGen: 4964512K(5449728K)->4964512K(5449728K)
[34.650s][info][gc,metaspace   ] GC(226) Metaspace: 6303K(6528K)->6303K(6528K) NonClass: 5770K(5888K)->5770K(5888K) Class: 533K(640K)->533K(640K)
[34.650s][info][gc             ] GC(226) Pause Young (Allocation Failure) 5040M->5040M(5690M) 141.282ms
[34.650s][info][gc,cpu         ] GC(226) User=0.70s Sys=0.06s Real=0.14s
[34.788s][info][gc,start       ] GC(227) Pause Young (Allocation Failure)
[35.041s][info][gc,heap        ] GC(227) PSYoungGen: 296352K(377344K)->198144K(386048K) Eden: 99328K(99328K)->0K(99328K) From: 197024K(278016K)->198144K(286720K)
[35.041s][info][gc,heap        ] GC(227) ParOldGen: 4964512K(5449728K)->5063704K(5449728K)
[35.041s][info][gc,metaspace   ] GC(227) Metaspace: 6303K(6528K)->6303K(6528K) NonClass: 5770K(5888K)->5770K(5888K) Class: 533K(640K)->533K(640K)
[35.041s][info][gc             ] GC(227) Pause Young (Allocation Failure) 5137M->5138M(5699M) 253.553ms
[35.041s][info][gc,cpu         ] GC(227) User=1.02s Sys=0.59s Real=0.25s
[35.205s][info][gc,start       ] GC(228) Pause Young (Allocation Failure)
[35.446s][info][gc,heap        ] GC(228) PSYoungGen: 297472K(386048K)->199104K(398848K) Eden: 99328K(99328K)->0K(105472K) From: 198144K(286720K)->199104K(293376K)
[35.446s][info][gc,heap        ] GC(228) ParOldGen: 5063704K(5449728K)->5162880K(5449728K)
[35.446s][info][gc,metaspace   ] GC(228) Metaspace: 6303K(6528K)->6303K(6528K) NonClass: 5770K(5888K)->5770K(5888K) Class: 533K(640K)->533K(640K)
[35.446s][info][gc             ] GC(228) Pause Young (Allocation Failure) 5235M->5236M(5711M) 240.928ms
[35.446s][info][gc,cpu         ] GC(228) User=1.00s Sys=0.39s Real=0.24s
[35.607s][info][gc,start       ] GC(229) Pause Young (Allocation Failure)
[35.852s][info][gc,heap        ] GC(229) PSYoungGen: 304576K(398848K)->205312K(403456K) Eden: 105472K(105472K)->0K(105472K) From: 199104K(293376K)->205312K(297984K)
[35.852s][info][gc,heap        ] GC(229) ParOldGen: 5162880K(5449728K)->5263112K(5449728K)
[35.852s][info][gc,metaspace   ] GC(229) Metaspace: 6303K(6528K)->6303K(6528K) NonClass: 5770K(5888K)->5770K(5888K) Class: 533K(640K)->533K(640K)
[35.852s][info][gc             ] GC(229) Pause Young (Allocation Failure) 5339M->5340M(5716M) 245.590ms
[35.852s][info][gc,cpu         ] GC(229) User=1.25s Sys=0.16s Real=0.24s
[36.012s][info][gc,start       ] GC(230) Pause Young (Allocation Failure)
[36.255s][info][gc,heap        ] GC(230) PSYoungGen: 310784K(403456K)->211488K(415232K) Eden: 105472K(105472K)->0K(112128K) From: 205312K(297984K)->211488K(303104K)
[36.255s][info][gc,heap        ] GC(230) ParOldGen: 5263112K(5449728K)->5363336K(5449728K)
[36.255s][info][gc,metaspace   ] GC(230) Metaspace: 6303K(6528K)->6303K(6528K) NonClass: 5770K(5888K)->5770K(5888K) Class: 533K(640K)->533K(640K)
[36.255s][info][gc             ] GC(230) Pause Young (Allocation Failure) 5443M->5444M(5727M) 242.982ms
[36.255s][info][gc,cpu         ] GC(230) User=1.16s Sys=0.41s Real=0.24s
[36.255s][info][gc,start       ] GC(231) Pause Full (Ergonomics)
[36.255s][info][gc,phases,start] GC(231) Marking Phase
[37.618s][info][gc,phases      ] GC(231) Marking Phase 1363.162ms
[37.618s][info][gc,phases,start] GC(231) Summary Phase
[37.618s][info][gc,phases      ] GC(231) Summary Phase 0.140ms
[37.618s][info][gc,phases,start] GC(231) Adjust Roots
[37.619s][info][gc,phases      ] GC(231) Adjust Roots 0.317ms
[37.619s][info][gc,phases,start] GC(231) Compaction Phase
[38.207s][info][gc,phases      ] GC(231) Compaction Phase 588.258ms
[38.207s][info][gc,phases,start] GC(231) Post Compact
[38.218s][info][gc,phases      ] GC(231) Post Compact 11.257ms
[38.224s][info][gc,heap        ] GC(231) PSYoungGen: 211488K(415232K)->120415K(415232K) Eden: 0K(112128K)->0K(112128K) From: 211488K(303104K)->120415K(303104K)
[38.224s][info][gc,heap        ] GC(231) ParOldGen: 5363336K(5449728K)->5449610K(6031872K)
[38.224s][info][gc,metaspace   ] GC(231) Metaspace: 6303K(6528K)->6303K(6528K) NonClass: 5770K(5888K)->5770K(5888K) Class: 533K(640K)->533K(640K)
[38.224s][info][gc             ] GC(231) Pause Full (Ergonomics) 5444M->5439M(6296M) 1969.058ms
[38.224s][info][gc,cpu         ] GC(231) User=13.39s Sys=0.14s Real=1.97s
[38.409s][info][gc,start       ] GC(232) Pause Young (Allocation Failure)
[38.860s][info][gc,heap        ] GC(232) PSYoungGen: 232543K(415232K)->172320K(420864K) Eden: 112128K(112128K)->0K(112128K) From: 120415K(303104K)->172320K(308736K)
[38.860s][info][gc,heap        ] GC(232) ParOldGen: 5449610K(6031872K)->5510938K(6031872K)
[38.860s][info][gc,metaspace   ] GC(232) Metaspace: 6303K(6528K)->6303K(6528K) NonClass: 5770K(5888K)->5770K(5888K) Class: 533K(640K)->533K(640K)
[38.860s][info][gc             ] GC(232) Pause Young (Allocation Failure) 5548M->5550M(6301M) 451.793ms
[38.860s][info][gc,cpu         ] GC(232) User=2.42s Sys=0.30s Real=0.45s
[40.556s][info][gc,start       ] GC(233) Pause Young (Allocation Failure)
[40.865s][info][gc,heap        ] GC(233) PSYoungGen: 284448K(420864K)->224832K(412160K) Eden: 112128K(112128K)->0K(114176K) From: 172320K(308736K)->224832K(297984K)
[40.866s][info][gc,heap        ] GC(233) ParOldGen: 5773082K(6031872K)->5833338K(6031872K)
[40.866s][info][gc,metaspace   ] GC(233) Metaspace: 6303K(6528K)->6303K(6528K) NonClass: 5770K(5888K)->5770K(5888K) Class: 533K(640K)->533K(640K)
[40.866s][info][gc             ] GC(233) Pause Young (Allocation Failure) 5915M->5916M(6293M) 309.666ms
[40.866s][info][gc,cpu         ] GC(233) User=1.98s Sys=0.30s Real=0.31s
[41.060s][info][gc,start       ] GC(234) Pause Young (Allocation Failure)
[41.264s][info][gc,heap        ] GC(234) PSYoungGen: 339008K(412160K)->307200K(421376K) Eden: 114176K(114176K)->0K(114176K) From: 224832K(297984K)->307200K(307200K)
[41.264s][info][gc,heap        ] GC(234) ParOldGen: 5833338K(6031872K)->5865458K(6031872K)
[41.264s][info][gc,metaspace   ] GC(234) Metaspace: 6303K(6528K)->6303K(6528K) NonClass: 5770K(5888K)->5770K(5888K) Class: 533K(640K)->533K(640K)
[41.264s][info][gc             ] GC(234) Pause Young (Allocation Failure) 6027M->6027M(6302M) 204.141ms
[41.264s][info][gc,cpu         ] GC(234) User=1.02s Sys=0.30s Real=0.20s
[41.412s][info][gc,start       ] GC(235) Pause Young (Allocation Failure)
[41.779s][info][gc,heap        ] GC(235) PSYoungGen: 421376K(421376K)->218784K(473600K) Eden: 114176K(114176K)->0K(125952K) From: 307200K(307200K)->218784K(347648K)
[41.779s][info][gc,heap        ] GC(235) ParOldGen: 5865458K(6031872K)->6069802K(6070272K)
[41.779s][info][gc,metaspace   ] GC(235) Metaspace: 6303K(6528K)->6303K(6528K) NonClass: 5770K(5888K)->5770K(5888K) Class: 533K(640K)->533K(640K)
[41.779s][info][gc             ] GC(235) Pause Young (Allocation Failure) 6139M->6141M(6390M) 367.083ms
[41.779s][info][gc,cpu         ] GC(235) User=1.70s Sys=1.11s Real=0.37s
[41.779s][info][gc,start       ] GC(236) Pause Full (Ergonomics)
[41.779s][info][gc,phases,start] GC(236) Marking Phase
[43.316s][info][gc,phases      ] GC(236) Marking Phase 1536.992ms
[43.317s][info][gc,phases,start] GC(236) Summary Phase
[43.317s][info][gc,phases      ] GC(236) Summary Phase 0.108ms
[43.317s][info][gc,phases,start] GC(236) Adjust Roots
[43.317s][info][gc,phases      ] GC(236) Adjust Roots 0.313ms
[43.317s][info][gc,phases,start] GC(236) Compaction Phase
[44.387s][info][gc,phases      ] GC(236) Compaction Phase 1070.086ms
[44.387s][info][gc,phases,start] GC(236) Post Compact
[44.400s][info][gc,phases      ] GC(236) Post Compact 13.230ms
[44.405s][info][gc,heap        ] GC(236) PSYoungGen: 218784K(473600K)->83805K(477184K) Eden: 0K(125952K)->0K(129536K) From: 218784K(347648K)->83805K(347648K)
[44.405s][info][gc,heap        ] GC(236) ParOldGen: 6069802K(6070272K)->6069770K(6720000K)
[44.405s][info][gc,metaspace   ] GC(236) Metaspace: 6303K(6528K)->6303K(6528K) NonClass: 5770K(5888K)->5770K(5888K) Class: 533K(640K)->533K(640K)
[44.405s][info][gc             ] GC(236) Pause Full (Ergonomics) 6141M->6009M(7028M) 2625.418ms
[44.405s][info][gc,cpu         ] GC(236) User=15.86s Sys=0.08s Real=2.63s
[44.548s][info][gc,start       ] GC(237) Pause Young (Allocation Failure)
[44.936s][info][gc,heap        ] GC(237) PSYoungGen: 213341K(477184K)->176640K(306176K) Eden: 129536K(129536K)->0K(129536K) From: 83805K(347648K)->176640K(176640K)
[44.936s][info][gc,heap        ] GC(237) ParOldGen: 6069770K(6720000K)->6107322K(6720000K)
[44.936s][info][gc,metaspace   ] GC(237) Metaspace: 6303K(6528K)->6303K(6528K) NonClass: 5770K(5888K)->5770K(5888K) Class: 533K(640K)->533K(640K)
[44.936s][info][gc             ] GC(237) Pause Young (Allocation Failure) 6135M->6136M(6861M) 388.207ms
[44.936s][info][gc,cpu         ] GC(237) User=2.48s Sys=0.12s Real=0.39s
[45.072s][info][gc,start       ] GC(238) Pause Young (Allocation Failure)
[45.284s][info][gc,heap        ] GC(238) PSYoungGen: 306176K(306176K)->306432K(450560K) Eden: 129536K(129536K)->0K(113152K) From: 176640K(176640K)->306432K(337408K)
[45.284s][info][gc,heap        ] GC(238) ParOldGen: 6107322K(6720000K)->6107322K(6720000K)
[45.284s][info][gc,metaspace   ] GC(238) Metaspace: 6303K(6528K)->6303K(6528K) NonClass: 5770K(5888K)->5770K(5888K) Class: 533K(640K)->533K(640K)
[45.285s][info][gc             ] GC(238) Pause Young (Allocation Failure) 6263M->6263M(7002M) 212.186ms
[45.285s][info][gc,cpu         ] GC(238) User=1.05s Sys=0.50s Real=0.21s
[45.414s][info][gc,start       ] GC(239) Pause Young (Allocation Failure)
[45.637s][info][gc,heap        ] GC(239) PSYoungGen: 419584K(450560K)->366080K(479232K) Eden: 113152K(113152K)->0K(113152K) From: 306432K(337408K)->366080K(366080K)
[45.637s][info][gc,heap        ] GC(239) ParOldGen: 6107322K(6720000K)->6161322K(6720000K)
[45.637s][info][gc,metaspace   ] GC(239) Metaspace: 6303K(6528K)->6303K(6528K) NonClass: 5770K(5888K)->5770K(5888K) Class: 533K(640K)->533K(640K)
[45.637s][info][gc             ] GC(239) Pause Young (Allocation Failure) 6373M->6374M(7030M) 222.367ms
[45.637s][info][gc,cpu         ] GC(239) User=1.48s Sys=0.22s Real=0.22s
[45.750s][info][gc,start       ] GC(240) Pause Young (Allocation Failure)
[46.127s][info][gc,heap        ] GC(240) PSYoungGen: 479232K(479232K)->226336K(519680K) Eden: 113152K(113152K)->0K(126464K) From: 366080K(366080K)->226336K(393216K)
[46.127s][info][gc,heap        ] GC(240) ParOldGen: 6161322K(6720000K)->6416322K(6720000K)
[46.127s][info][gc,metaspace   ] GC(240) Metaspace: 6303K(6528K)->6303K(6528K) NonClass: 5770K(5888K)->5770K(5888K) Class: 533K(640K)->533K(640K)
[46.127s][info][gc             ] GC(240) Pause Young (Allocation Failure) 6484M->6486M(7070M) 377.434ms
[46.127s][info][gc,cpu         ] GC(240) User=1.69s Sys=1.06s Real=0.38s
[46.274s][info][gc,start       ] GC(241) Pause Young (Allocation Failure)
[46.568s][info][gc,heap        ] GC(241) PSYoungGen: 352800K(519680K)->126816K(537600K) Eden: 126464K(126464K)->0K(126464K) From: 226336K(393216K)->126816K(411136K)
[46.569s][info][gc,heap        ] GC(241) ParOldGen: 6416322K(6720000K)->6644098K(6720000K)
[46.569s][info][gc,metaspace   ] GC(241) Metaspace: 6303K(6528K)->6303K(6528K) NonClass: 5770K(5888K)->5770K(5888K) Class: 533K(640K)->533K(640K)
[46.569s][info][gc             ] GC(241) Pause Young (Allocation Failure) 6610M->6612M(7087M) 294.594ms
[46.569s][info][gc,cpu         ] GC(241) User=1.44s Sys=0.91s Real=0.30s
[46.569s][info][gc,start       ] GC(242) Pause Full (Ergonomics)
[46.569s][info][gc,phases,start] GC(242) Marking Phase
[48.147s][info][gc,phases      ] GC(242) Marking Phase 1578.401ms
[48.147s][info][gc,phases,start] GC(242) Summary Phase
[48.147s][info][gc,phases      ] GC(242) Summary Phase 0.084ms
[48.147s][info][gc,phases,start] GC(242) Adjust Roots
[48.147s][info][gc,phases      ] GC(242) Adjust Roots 0.174ms
[48.147s][info][gc,phases,start] GC(242) Compaction Phase
[48.820s][info][gc,phases      ] GC(242) Compaction Phase 672.818ms
[48.820s][info][gc,phases,start] GC(242) Post Compact
[48.831s][info][gc,phases      ] GC(242) Post Compact 10.956ms
[48.837s][info][gc,heap        ] GC(242) PSYoungGen: 126816K(537600K)->45691K(537600K) Eden: 0K(126464K)->0K(126464K) From: 126816K(411136K)->45691K(411136K)
[48.837s][info][gc,heap        ] GC(242) ParOldGen: 6644098K(6720000K)->6719566K(7493120K)
[48.837s][info][gc,metaspace   ] GC(242) Metaspace: 6303K(6528K)->6303K(6528K) NonClass: 5770K(5888K)->5770K(5888K) Class: 533K(640K)->533K(640K)
[48.837s][info][gc             ] GC(242) Pause Full (Ergonomics) 6612M->6606M(7842M) 2268.603ms
[48.837s][info][gc,cpu         ] GC(242) User=16.22s Sys=0.22s Real=2.27s
[48.970s][info][gc,start       ] GC(243) Pause Young (Allocation Failure)
[49.355s][info][gc,heap        ] GC(243) PSYoungGen: 172155K(537600K)->126880K(535552K) Eden: 126464K(126464K)->0K(139264K) From: 45691K(411136K)->126880K(396288K)
[49.355s][info][gc,heap        ] GC(243) ParOldGen: 6719566K(7493120K)->6765686K(7493120K)
[49.355s][info][gc,metaspace   ] GC(243) Metaspace: 6303K(6528K)->6303K(6528K) NonClass: 5770K(5888K)->5770K(5888K) Class: 533K(640K)->533K(640K)
[49.355s][info][gc             ] GC(243) Pause Young (Allocation Failure) 6730M->6731M(7840M) 384.785ms
[49.355s][info][gc,cpu         ] GC(243) User=2.62s Sys=0.14s Real=0.38s
[49.507s][info][gc,start       ] GC(244) Pause Young (Allocation Failure)
[49.699s][info][gc,heap        ] GC(244) PSYoungGen: 266144K(535552K)->139712K(543232K) Eden: 139264K(139264K)->0K(139264K) From: 126880K(396288K)->139712K(403968K)
[49.699s][info][gc,heap        ] GC(244) ParOldGen: 6765686K(7493120K)->6893286K(7493120K)
[49.699s][info][gc,metaspace   ] GC(244) Metaspace: 6303K(6528K)->6303K(6528K) NonClass: 5770K(5888K)->5770K(5888K) Class: 533K(640K)->533K(640K)
[49.699s][info][gc             ] GC(244) Pause Young (Allocation Failure) 6867M->6868M(7848M) 192.134ms
[49.700s][info][gc,cpu         ] GC(244) User=0.97s Sys=0.47s Real=0.19s
[49.833s][info][gc,start       ] GC(245) Pause Young (Allocation Failure)
[50.046s][info][gc,heap        ] GC(245) PSYoungGen: 278976K(543232K)->139648K(530432K) Eden: 139264K(139264K)->0K(154112K) From: 139712K(403968K)->139648K(376320K)
[50.046s][info][gc,heap        ] GC(245) ParOldGen: 6893286K(7493120K)->7033806K(7493120K)
[50.046s][info][gc,metaspace   ] GC(245) Metaspace: 6303K(6528K)->6303K(6528K) NonClass: 5770K(5888K)->5770K(5888K) Class: 533K(640K)->533K(640K)
[50.047s][info][gc             ] GC(245) Pause Young (Allocation Failure) 7004M->7005M(7835M) 214.002ms
[50.047s][info][gc,cpu         ] GC(245) User=1.00s Sys=0.53s Real=0.21s
[50.203s][info][gc,start       ] GC(246) Pause Young (Allocation Failure)
[50.431s][info][gc,heap        ] GC(246) PSYoungGen: 293760K(530432K)->154528K(539648K) Eden: 154112K(154112K)->0K(154112K) From: 139648K(376320K)->154528K(385536K)
[50.431s][info][gc,heap        ] GC(246) ParOldGen: 7033806K(7493120K)->7174310K(7493120K)
[50.431s][info][gc,metaspace   ] GC(246) Metaspace: 6303K(6528K)->6303K(6528K) NonClass: 5770K(5888K)->5770K(5888K) Class: 533K(640K)->533K(640K)
[50.431s][info][gc             ] GC(246) Pause Young (Allocation Failure) 7155M->7157M(7844M) 228.136ms
[50.431s][info][gc,cpu         ] GC(246) User=0.98s Sys=0.66s Real=0.23s
[50.593s][info][gc,start       ] GC(247) Pause Young (Allocation Failure)
[50.847s][info][gc,heap        ] GC(247) PSYoungGen: 308640K(539648K)->154528K(520192K) Eden: 154112K(154112K)->0K(172032K) From: 154528K(385536K)->154528K(348160K)
[50.847s][info][gc,heap        ] GC(247) ParOldGen: 7174310K(7493120K)->7329806K(7493120K)
[50.847s][info][gc,metaspace   ] GC(247) Metaspace: 6303K(6528K)->6303K(6528K) NonClass: 5770K(5888K)->5770K(5888K) Class: 533K(640K)->533K(640K)
[50.847s][info][gc             ] GC(247) Pause Young (Allocation Failure) 7307M->7308M(7825M) 253.967ms
[50.847s][info][gc,cpu         ] GC(247) User=1.39s Sys=0.41s Real=0.25s
[50.847s][info][gc,start       ] GC(248) Pause Full (Ergonomics)
[50.847s][info][gc,phases,start] GC(248) Marking Phase
[52.549s][info][gc,phases      ] GC(248) Marking Phase 1702.013ms
[52.549s][info][gc,phases,start] GC(248) Summary Phase
[52.549s][info][gc,phases      ] GC(248) Summary Phase 0.168ms
[52.549s][info][gc,phases,start] GC(248) Adjust Roots
[52.550s][info][gc,phases      ] GC(248) Adjust Roots 0.294ms
[52.550s][info][gc,phases,start] GC(248) Compaction Phase
[53.335s][info][gc,phases      ] GC(248) Compaction Phase 784.969ms
[53.335s][info][gc,phases,start] GC(248) Post Compact
[53.349s][info][gc,phases      ] GC(248) Post Compact 13.782ms
[53.355s][info][gc,heap        ] GC(248) PSYoungGen: 154528K(520192K)->0K(531968K) Eden: 0K(172032K)->0K(172032K) From: 154528K(348160K)->0K(359936K)
[53.355s][info][gc,heap        ] GC(248) ParOldGen: 7329806K(7493120K)->7478315K(8294912K)
[53.355s][info][gc,metaspace   ] GC(248) Metaspace: 6303K(6528K)->6303K(6528K) NonClass: 5770K(5888K)->5770K(5888K) Class: 533K(640K)->533K(640K)
[53.355s][info][gc             ] GC(248) Pause Full (Ergonomics) 7308M->7303M(8620M) 2507.956ms
[53.355s][info][gc,cpu         ] GC(248) User=18.02s Sys=0.19s Real=2.51s
[53.536s][info][gc,start       ] GC(249) Pause Young (Allocation Failure)
[53.656s][info][gc,heap        ] GC(249) PSYoungGen: 172032K(531968K)->172512K(514048K) Eden: 172032K(172032K)->0K(188416K) From: 0K(359936K)->172512K(325632K)
[53.656s][info][gc,heap        ] GC(249) ParOldGen: 7478315K(8294912K)->7478315K(8294912K)
[53.656s][info][gc,metaspace   ] GC(249) Metaspace: 6303K(6528K)->6303K(6528K) NonClass: 5770K(5888K)->5770K(5888K) Class: 533K(640K)->533K(640K)
[53.656s][info][gc             ] GC(249) Pause Young (Allocation Failure) 7471M->7471M(8602M) 119.388ms
[53.656s][info][gc,cpu         ] GC(249) User=0.38s Sys=0.00s Real=0.12s
[53.857s][info][gc,start       ] GC(250) Pause Young (Allocation Failure)
[54.043s][info][gc,heap        ] GC(250) PSYoungGen: 360928K(514048K)->344576K(532992K) Eden: 188416K(188416K)->0K(188416K) From: 172512K(325632K)->344576K(344576K)
[54.043s][info][gc,heap        ] GC(250) ParOldGen: 7478315K(8294912K)->7495051K(8294912K)
[54.043s][info][gc,metaspace   ] GC(250) Metaspace: 6303K(6528K)->6303K(6528K) NonClass: 5770K(5888K)->5770K(5888K) Class: 533K(640K)->533K(640K)
[54.043s][info][gc             ] GC(250) Pause Young (Allocation Failure) 7655M->7655M(8621M) 186.267ms
[54.043s][info][gc,cpu         ] GC(250) User=1.19s Sys=0.02s Real=0.19s
[54.244s][info][gc,start       ] GC(251) Pause Young (Allocation Failure)
[54.697s][info][gc,heap        ] GC(251) PSYoungGen: 532992K(532992K)->188960K(568832K) Eden: 188416K(188416K)->0K(207872K) From: 344576K(344576K)->188960K(360960K)
[54.697s][info][gc,heap        ] GC(251) ParOldGen: 7495051K(8294912K)->7842059K(8294912K)
[54.697s][info][gc,metaspace   ] GC(251) Metaspace: 6303K(6528K)->6303K(6528K) NonClass: 5770K(5888K)->5770K(5888K) Class: 533K(640K)->533K(640K)
[54.698s][info][gc             ] GC(251) Pause Young (Allocation Failure) 7839M->7842M(8656M) 453.356ms
[54.698s][info][gc,cpu         ] GC(251) User=1.61s Sys=1.22s Real=0.45s
[54.909s][info][gc,start       ] GC(252) Pause Young (Allocation Failure)
[55.200s][info][gc,heap        ] GC(252) PSYoungGen: 396832K(568832K)->208416K(584704K) Eden: 207872K(207872K)->0K(207872K) From: 188960K(360960K)->208416K(376832K)
[55.200s][info][gc,heap        ] GC(252) ParOldGen: 7842059K(8294912K)->8032147K(8294912K)
[55.200s][info][gc,metaspace   ] GC(252) Metaspace: 6303K(6528K)->6303K(6528K) NonClass: 5770K(5888K)->5770K(5888K) Class: 533K(640K)->533K(640K)
[55.200s][info][gc             ] GC(252) Pause Young (Allocation Failure) 8045M->8047M(8671M) 291.228ms
[55.200s][info][gc,cpu         ] GC(252) User=1.36s Sys=0.78s Real=0.29s
[55.200s][info][gc,start       ] GC(253) Pause Full (Ergonomics)
[55.200s][info][gc,phases,start] GC(253) Marking Phase
[57.069s][info][gc,phases      ] GC(253) Marking Phase 1868.982ms
[57.069s][info][gc,phases,start] GC(253) Summary Phase
[57.069s][info][gc,phases      ] GC(253) Summary Phase 0.164ms
[57.069s][info][gc,phases,start] GC(253) Adjust Roots
[57.070s][info][gc,phases      ] GC(253) Adjust Roots 0.195ms
[57.070s][info][gc,phases,start] GC(253) Compaction Phase
[57.834s][info][gc,phases      ] GC(253) Compaction Phase 764.370ms
[57.834s][info][gc,phases,start] GC(253) Post Compact
[57.847s][info][gc,phases      ] GC(253) Post Compact 12.757ms
[57.857s][info][gc,heap        ] GC(253) PSYoungGen: 208416K(584704K)->0K(592384K) Eden: 0K(207872K)->0K(229888K) From: 208416K(376832K)->0K(362496K)
[57.857s][info][gc,heap        ] GC(253) ParOldGen: 8032147K(8294912K)->8234923K(9184256K)
[57.857s][info][gc,metaspace   ] GC(253) Metaspace: 6303K(6528K)->6303K(6528K) NonClass: 5770K(5888K)->5770K(5888K) Class: 533K(640K)->533K(640K)
[57.857s][info][gc             ] GC(253) Pause Full (Ergonomics) 8047M->8041M(9547M) 2656.527ms
[57.857s][info][gc,cpu         ] GC(253) User=19.27s Sys=0.34s Real=2.66s
[58.082s][info][gc,start       ] GC(254) Pause Young (Allocation Failure)
[58.229s][info][gc,heap        ] GC(254) PSYoungGen: 229888K(592384K)->230432K(592384K) Eden: 229888K(229888K)->0K(229888K) From: 0K(362496K)->230432K(362496K)
[58.229s][info][gc,heap        ] GC(254) ParOldGen: 8234923K(9184256K)->8234923K(9184256K)
[58.229s][info][gc,metaspace   ] GC(254) Metaspace: 6303K(6528K)->6303K(6528K) NonClass: 5770K(5888K)->5770K(5888K) Class: 533K(640K)->533K(640K)
[58.229s][info][gc             ] GC(254) Pause Young (Allocation Failure) 8266M->8266M(9547M) 146.782ms
[58.229s][info][gc,cpu         ] GC(254) User=0.62s Sys=0.00s Real=0.15s
[58.464s][info][gc,start       ] GC(255) Pause Young (Allocation Failure)
[58.747s][info][gc,heap        ] GC(255) PSYoungGen: 460320K(592384K)->357376K(527872K) Eden: 229888K(229888K)->0K(170496K) From: 230432K(362496K)->357376K(357376K)
[58.747s][info][gc,heap        ] GC(255) ParOldGen: 8234923K(9184256K)->8339011K(9184256K)
[58.747s][info][gc,metaspace   ] GC(255) Metaspace: 6303K(6528K)->6303K(6528K) NonClass: 5770K(5888K)->5770K(5888K) Class: 533K(640K)->533K(640K)
[58.747s][info][gc             ] GC(255) Pause Young (Allocation Failure) 8491M->8492M(9484M) 283.354ms
[58.747s][info][gc,cpu         ] GC(255) User=1.72s Sys=0.25s Real=0.28s
[58.928s][info][gc,start       ] GC(256) Pause Young (Allocation Failure)
[59.264s][info][gc,heap        ] GC(256) PSYoungGen: 527872K(527872K)->171008K(607744K) Eden: 170496K(170496K)->0K(170496K) From: 357376K(357376K)->171008K(437248K)
[59.264s][info][gc,heap        ] GC(256) ParOldGen: 8339011K(9184256K)->8698939K(9184256K)
[59.264s][info][gc,metaspace   ] GC(256) Metaspace: 6303K(6528K)->6303K(6528K) NonClass: 5770K(5888K)->5770K(5888K) Class: 533K(640K)->533K(640K)
[59.264s][info][gc             ] GC(256) Pause Young (Allocation Failure) 8659M->8662M(9562M) 335.827ms
[59.264s][info][gc,cpu         ] GC(256) User=1.98s Sys=0.20s Real=0.34s
[59.445s][info][gc,start       ] GC(257) Pause Young (Allocation Failure)
[59.659s][info][gc,heap        ] GC(257) PSYoungGen: 341504K(607744K)->170976K(592384K) Eden: 170496K(170496K)->0K(187904K) From: 171008K(437248K)->170976K(404480K)
[59.659s][info][gc,heap        ] GC(257) ParOldGen: 8698939K(9184256K)->8870979K(9184256K)
[59.659s][info][gc,metaspace   ] GC(257) Metaspace: 6303K(6528K)->6303K(6528K) NonClass: 5770K(5888K)->5770K(5888K) Class: 533K(640K)->533K(640K)
[59.659s][info][gc             ] GC(257) Pause Young (Allocation Failure) 8828M->8830M(9547M) 213.372ms
[59.659s][info][gc,cpu         ] GC(257) User=1.36s Sys=0.16s Real=0.21s
[59.659s][info][gc,start       ] GC(258) Pause Full (Ergonomics)
[59.659s][info][gc,phases,start] GC(258) Marking Phase
[61.775s][info][gc,phases      ] GC(258) Marking Phase 2116.114ms
[61.775s][info][gc,phases,start] GC(258) Summary Phase
[61.775s][info][gc,phases      ] GC(258) Summary Phase 0.155ms
[61.775s][info][gc,phases,start] GC(258) Adjust Roots
[61.775s][info][gc,phases      ] GC(258) Adjust Roots 0.198ms
[61.775s][info][gc,phases,start] GC(258) Compaction Phase
[62.619s][info][gc,phases      ] GC(258) Compaction Phase 843.227ms
[62.619s][info][gc,phases,start] GC(258) Post Compact
[62.634s][info][gc,phases      ] GC(258) Post Compact 15.026ms
[62.637s][info][gc,heap        ] GC(258) PSYoungGen: 170976K(592384K)->0K(603136K) Eden: 0K(187904K)->0K(187904K) From: 170976K(404480K)->0K(415232K)
[62.637s][info][gc,heap        ] GC(258) ParOldGen: 8870979K(9184256K)->9035557K(10084352K)
[62.637s][info][gc,metaspace   ] GC(258) Metaspace: 6303K(6528K)->6303K(6528K) NonClass: 5770K(5888K)->5770K(5888K) Class: 533K(640K)->533K(640K)
[62.637s][info][gc             ] GC(258) Pause Full (Ergonomics) 8830M->8823M(10437M) 2978.407ms
[62.637s][info][gc,cpu         ] GC(258) User=21.50s Sys=0.12s Real=2.98s
[62.848s][info][gc,start       ] GC(259) Pause Young (Allocation Failure)
[62.989s][info][gc,heap        ] GC(259) PSYoungGen: 187904K(603136K)->188384K(586752K) Eden: 187904K(187904K)->0K(203776K) From: 0K(415232K)->188384K(382976K)
[62.989s][info][gc,heap        ] GC(259) ParOldGen: 9035557K(10084352K)->9035557K(10084352K)
[62.989s][info][gc,metaspace   ] GC(259) Metaspace: 6303K(6528K)->6303K(6528K) NonClass: 5770K(5888K)->5770K(5888K) Class: 533K(640K)->533K(640K)
[62.989s][info][gc             ] GC(259) Pause Young (Allocation Failure) 9007M->9007M(10421M) 140.262ms
[62.989s][info][gc,cpu         ] GC(259) User=0.56s Sys=0.00s Real=0.14s
[63.209s][info][gc,start       ] GC(260) Pause Young (Allocation Failure)
[63.416s][info][gc,heap        ] GC(260) PSYoungGen: 392160K(586752K)->392544K(604672K) Eden: 203776K(203776K)->0K(203776K) From: 188384K(382976K)->392544K(400896K)
[63.416s][info][gc,heap        ] GC(260) ParOldGen: 9035557K(10084352K)->9035557K(10084352K)
[63.416s][info][gc,metaspace   ] GC(260) Metaspace: 6303K(6528K)->6303K(6528K) NonClass: 5770K(5888K)->5770K(5888K) Class: 533K(640K)->533K(640K)
[63.416s][info][gc             ] GC(260) Pause Young (Allocation Failure) 9206M->9207M(10438M) 207.048ms
[63.416s][info][gc,cpu         ] GC(260) User=1.48s Sys=0.00s Real=0.21s
[63.630s][info][gc,start       ] GC(261) Pause Young (Allocation Failure)
[64.037s][info][gc,heap        ] GC(261) PSYoungGen: 596320K(604672K)->447488K(555520K) Eden: 203776K(203776K)->0K(108032K) From: 392544K(400896K)->447488K(447488K)
[64.037s][info][gc,heap        ] GC(261) ParOldGen: 9035557K(10084352K)->9185805K(10084352K)
[64.037s][info][gc,metaspace   ] GC(261) Metaspace: 6303K(6528K)->6303K(6528K) NonClass: 5770K(5888K)->5770K(5888K) Class: 533K(640K)->533K(640K)
[64.037s][info][gc             ] GC(261) Pause Young (Allocation Failure) 9406M->9407M(10390M) 407.280ms
[64.037s][info][gc,cpu         ] GC(261) User=1.84s Sys=0.17s Real=0.41s
[64.157s][info][gc,start       ] GC(262) Pause Young (Allocation Failure)
[64.620s][info][gc,heap        ] GC(262) PSYoungGen: 555520K(555520K)->259328K(367616K) Eden: 108032K(108032K)->0K(108032K) From: 447488K(447488K)->259328K(259584K)
[64.620s][info][gc,heap        ] GC(262) ParOldGen: 9185805K(10084352K)->9484445K(10084352K)
[64.620s][info][gc,metaspace   ] GC(262) Metaspace: 6303K(6528K)->6303K(6528K) NonClass: 5770K(5888K)->5770K(5888K) Class: 533K(640K)->533K(640K)
[64.620s][info][gc             ] GC(262) Pause Young (Allocation Failure) 9513M->9515M(10207M) 462.512ms
[64.620s][info][gc,cpu         ] GC(262) User=1.45s Sys=0.70s Real=0.46s
[64.726s][info][gc,start       ] GC(263) Pause Young (Allocation Failure)
[65.781s][info][gc,heap        ] GC(263) PSYoungGen: 367360K(367616K)->216576K(622592K) Eden: 108032K(108032K)->0K(122368K) From: 259328K(259584K)->216576K(500224K)
[65.781s][info][gc,heap        ] GC(263) ParOldGen: 9484445K(10084352K)->9636533K(10084352K)
[65.781s][info][gc,metaspace   ] GC(263) Metaspace: 6303K(6528K)->6303K(6528K) NonClass: 5770K(5888K)->5770K(5888K) Class: 533K(640K)->533K(640K)
[65.781s][info][gc             ] GC(263) Pause Young (Allocation Failure) 9620M->9622M(10456M) 1055.072ms
[65.781s][info][gc,cpu         ] GC(263) User=1.50s Sys=1.06s Real=1.06s
[65.927s][info][gc,start       ] GC(264) Pause Young (Allocation Failure)
[66.142s][info][gc,heap        ] GC(264) PSYoungGen: 338944K(622592K)->122720K(638464K) Eden: 122368K(122368K)->0K(122368K) From: 216576K(500224K)->122720K(516096K)
[66.142s][info][gc,heap        ] GC(264) ParOldGen: 9636533K(10084352K)->9854549K(10084352K)
[66.142s][info][gc,metaspace   ] GC(264) Metaspace: 6303K(6528K)->6303K(6528K) NonClass: 5770K(5888K)->5770K(5888K) Class: 533K(640K)->533K(640K)
[66.142s][info][gc             ] GC(264) Pause Young (Allocation Failure) 9741M->9743M(10471M) 215.420ms
[66.142s][info][gc,cpu         ] GC(264) User=1.17s Sys=0.28s Real=0.21s
[66.142s][info][gc,start       ] GC(265) Pause Full (Ergonomics)
[66.142s][info][gc,phases,start] GC(265) Marking Phase
[70.294s][info][gc,phases      ] GC(265) Marking Phase 4152.037ms
[70.295s][info][gc,phases,start] GC(265) Summary Phase
[70.295s][info][gc,phases      ] GC(265) Summary Phase 0.226ms
[70.295s][info][gc,phases,start] GC(265) Adjust Roots
[70.295s][info][gc,phases      ] GC(265) Adjust Roots 0.403ms
[70.295s][info][gc,phases,start] GC(265) Compaction Phase
[71.824s][info][gc,phases      ] GC(265) Compaction Phase 1529.221ms
[71.825s][info][gc,phases,start] GC(265) Post Compact
[71.850s][info][gc,phases      ] GC(265) Post Compact 25.199ms
[71.854s][info][gc,heap        ] GC(265) PSYoungGen: 122720K(638464K)->0K(653312K) Eden: 0K(122368K)->0K(138240K) From: 122720K(516096K)->0K(515072K)
[71.854s][info][gc,heap        ] GC(265) ParOldGen: 9854549K(10084352K)->9969265K(11098112K)
[71.854s][info][gc,metaspace   ] GC(265) Metaspace: 6303K(6528K)->6303K(6528K) NonClass: 5770K(5888K)->5770K(5888K) Class: 533K(640K)->533K(640K)
[71.854s][info][gc             ] GC(265) Pause Full (Ergonomics) 9743M->9735M(11476M) 5711.273ms
[71.854s][info][gc,cpu         ] GC(265) User=22.58s Sys=21.31s Real=5.71s
[72.020s][info][gc,start       ] GC(266) Pause Young (Allocation Failure)
[72.160s][info][gc,heap        ] GC(266) PSYoungGen: 138240K(653312K)->138592K(653312K) Eden: 138240K(138240K)->0K(138240K) From: 0K(515072K)->138592K(515072K)
[72.160s][info][gc,heap        ] GC(266) ParOldGen: 9969265K(11098112K)->9969265K(11098112K)
[72.160s][info][gc,metaspace   ] GC(266) Metaspace: 6303K(6528K)->6303K(6528K) NonClass: 5770K(5888K)->5770K(5888K) Class: 533K(640K)->533K(640K)
[72.160s][info][gc             ] GC(266) Pause Young (Allocation Failure) 9870M->9870M(11476M) 139.507ms
[72.160s][info][gc,cpu         ] GC(266) User=0.41s Sys=0.02s Real=0.14s
[72.334s][info][gc,start       ] GC(267) Pause Young (Allocation Failure)
[72.513s][info][gc,heap        ] GC(267) PSYoungGen: 276832K(653312K)->277120K(634368K) Eden: 138240K(138240K)->0K(152064K) From: 138592K(515072K)->277120K(482304K)
[72.513s][info][gc,heap        ] GC(267) ParOldGen: 9969265K(11098112K)->9969265K(11098112K)
[72.513s][info][gc,metaspace   ] GC(267) Metaspace: 6303K(6528K)->6303K(6528K) NonClass: 5770K(5888K)->5770K(5888K) Class: 533K(640K)->533K(640K)
[72.514s][info][gc             ] GC(267) Pause Young (Allocation Failure) 10005M->10006M(11457M) 179.257ms
[72.514s][info][gc,cpu         ] GC(267) User=0.97s Sys=0.06s Real=0.18s
[72.698s][info][gc,start       ] GC(268) Pause Young (Allocation Failure)
[72.985s][info][gc,heap        ] GC(268) PSYoungGen: 429184K(634368K)->429504K(646656K) Eden: 152064K(152064K)->0K(152064K) From: 277120K(482304K)->429504K(494592K)
[72.985s][info][gc,heap        ] GC(268) ParOldGen: 9969265K(11098112K)->9969265K(11098112K)
[72.985s][info][gc,metaspace   ] GC(268) Metaspace: 6303K(6528K)->6303K(6528K) NonClass: 5770K(5888K)->5770K(5888K) Class: 533K(640K)->533K(640K)
[72.985s][info][gc             ] GC(268) Pause Young (Allocation Failure) 10154M->10155M(11469M) 286.700ms
[72.985s][info][gc,cpu         ] GC(268) User=1.42s Sys=0.12s Real=0.29s
[73.150s][info][gc,start       ] GC(269) Pause Young (Allocation Failure)
[74.366s][info][gc,heap        ] GC(269) PSYoungGen: 581568K(646656K)->538624K(615424K) Eden: 152064K(152064K)->0K(76800K) From: 429504K(494592K)->538624K(538624K)
[74.366s][info][gc,heap        ] GC(269) ParOldGen: 9969265K(11098112K)->10012729K(11098112K)
[74.366s][info][gc,metaspace   ] GC(269) Metaspace: 6303K(6528K)->6303K(6528K) NonClass: 5770K(5888K)->5770K(5888K) Class: 533K(640K)->533K(640K)
[74.366s][info][gc             ] GC(269) Pause Young (Allocation Failure) 10303M->10304M(11439M) 1216.261ms
[74.366s][info][gc,cpu         ] GC(269) User=1.84s Sys=5.84s Real=1.22s
[74.452s][info][gc,start       ] GC(270) Pause Young (Allocation Failure)
[76.464s][info][gc,heap        ] GC(270) PSYoungGen: 615424K(615424K)->359840K(706560K) Eden: 76800K(76800K)->0K(76800K) From: 538624K(538624K)->359840K(629760K)
[76.464s][info][gc,heap        ] GC(270) ParOldGen: 10012729K(11098112K)->10270313K(11098112K)
[76.464s][info][gc,metaspace   ] GC(270) Metaspace: 6303K(6528K)->6303K(6528K) NonClass: 5770K(5888K)->5770K(5888K) Class: 533K(640K)->533K(640K)
[76.464s][info][gc             ] GC(270) Pause Young (Allocation Failure) 10379M->10381M(11528M) 2012.184ms
[76.464s][info][gc,cpu         ] GC(270) User=1.62s Sys=11.03s Real=2.01s
[76.565s][info][gc,start       ] GC(271) Pause Young (Allocation Failure)
[77.973s][info][gc,heap        ] GC(271) PSYoungGen: 436640K(706560K)->153984K(695296K) Eden: 76800K(76800K)->0K(88576K) From: 359840K(629760K)->153984K(606720K)
[77.973s][info][gc,heap        ] GC(271) ParOldGen: 10270313K(11098112K)->10555097K(11098112K)
[77.973s][info][gc,metaspace   ] GC(271) Metaspace: 6303K(6528K)->6303K(6528K) NonClass: 5770K(5888K)->5770K(5888K) Class: 533K(640K)->533K(640K)
[77.973s][info][gc             ] GC(271) Pause Young (Allocation Failure) 10456M->10458M(11517M) 1408.033ms
[77.973s][info][gc,cpu         ] GC(271) User=1.31s Sys=8.55s Real=1.41s
[78.197s][info][gc,start       ] GC(272) Pause Young (Allocation Failure)
[78.761s][info][gc,heap        ] GC(272) PSYoungGen: 242560K(695296K)->88864K(701952K) Eden: 88576K(88576K)->0K(88576K) From: 153984K(606720K)->88864K(613376K)
[78.761s][info][gc,heap        ] GC(272) ParOldGen: 10555097K(11098112K)->10710033K(11098112K)
[78.761s][info][gc,metaspace   ] GC(272) Metaspace: 6303K(6528K)->6303K(6528K) NonClass: 5770K(5888K)->5770K(5888K) Class: 533K(640K)->533K(640K)
[78.761s][info][gc             ] GC(272) Pause Young (Allocation Failure) 10544M->10545M(11523M) 563.595ms
[78.761s][info][gc,cpu         ] GC(272) User=0.59s Sys=2.69s Real=0.56s
[78.951s][info][gc,start       ] GC(273) Pause Young (Allocation Failure)
[79.098s][info][gc,heap        ] GC(273) PSYoungGen: 177440K(701952K)->88864K(704000K) Eden: 88576K(88576K)->0K(100864K) From: 88864K(613376K)->88864K(603136K)
[79.098s][info][gc,heap        ] GC(273) ParOldGen: 10710033K(11098112K)->10799409K(11098112K)
[79.098s][info][gc,metaspace   ] GC(273) Metaspace: 6303K(6528K)->6303K(6528K) NonClass: 5770K(5888K)->5770K(5888K) Class: 533K(640K)->533K(640K)
[79.098s][info][gc             ] GC(273) Pause Young (Allocation Failure) 10632M->10633M(11525M) 146.883ms
[79.098s][info][gc,cpu         ] GC(273) User=0.50s Sys=0.11s Real=0.15s
[79.098s][info][gc,start       ] GC(274) Pause Full (Ergonomics)
[79.098s][info][gc,phases,start] GC(274) Marking Phase
[83.514s][info][gc,phases      ] GC(274) Marking Phase 4415.550ms
[83.515s][info][gc,phases,start] GC(274) Summary Phase
[83.515s][info][gc,phases      ] GC(274) Summary Phase 0.221ms
[83.515s][info][gc,phases,start] GC(274) Adjust Roots
[83.515s][info][gc,phases      ] GC(274) Adjust Roots 0.339ms
[83.515s][info][gc,phases,start] GC(274) Compaction Phase
[84.486s][info][gc,phases      ] GC(274) Compaction Phase 971.137ms
[84.487s][info][gc,phases,start] GC(274) Post Compact
[84.525s][info][gc,phases      ] GC(274) Post Compact 38.842ms
[84.528s][info][gc,heap        ] GC(274) PSYoungGen: 88864K(704000K)->0K(710144K) Eden: 0K(100864K)->0K(100864K) From: 88864K(603136K)->0K(609280K)
[84.528s][info][gc,heap        ] GC(274) ParOldGen: 10799409K(11098112K)->10880387K(11468800K)
[84.528s][info][gc,metaspace   ] GC(274) Metaspace: 6303K(6528K)->6303K(6528K) NonClass: 5770K(5888K)->5770K(5888K) Class: 533K(640K)->533K(640K)
[84.528s][info][gc             ] GC(274) Pause Full (Ergonomics) 10633M->10625M(11893M) 5429.827ms
[84.528s][info][gc,cpu         ] GC(274) User=10.97s Sys=1.69s Real=5.43s
[84.679s][info][gc,start       ] GC(275) Pause Young (Allocation Failure)
[84.816s][info][gc,heap        ] GC(275) PSYoungGen: 100864K(710144K)->101184K(695296K) Eden: 100864K(100864K)->0K(111616K) From: 0K(609280K)->101184K(583680K)
[84.816s][info][gc,heap        ] GC(275) ParOldGen: 10880387K(11468800K)->10880387K(11468800K)
[84.816s][info][gc,metaspace   ] GC(275) Metaspace: 6303K(6528K)->6303K(6528K) NonClass: 5770K(5888K)->5770K(5888K) Class: 533K(640K)->533K(640K)
[84.816s][info][gc             ] GC(275) Pause Young (Allocation Failure) 10723M->10724M(11879M) 137.338ms
[84.816s][info][gc,cpu         ] GC(275) User=0.36s Sys=0.00s Real=0.14s
[84.993s][info][gc,start       ] GC(276) Pause Young (Allocation Failure)
[85.189s][info][gc,heap        ] GC(276) PSYoungGen: 212800K(695296K)->111936K(223744K) Eden: 111616K(111616K)->0K(111616K) From: 101184K(583680K)->111936K(112128K)
[85.189s][info][gc,heap        ] GC(276) ParOldGen: 10880387K(11468800K)->10982155K(11468800K)
[85.189s][info][gc,metaspace   ] GC(276) Metaspace: 6303K(6528K)->6303K(6528K) NonClass: 5770K(5888K)->5770K(5888K) Class: 533K(640K)->533K(640K)
[85.189s][info][gc             ] GC(276) Pause Young (Allocation Failure) 10833M->10834M(11418M) 196.250ms
[85.189s][info][gc,cpu         ] GC(276) User=0.53s Sys=0.14s Real=0.20s
[85.351s][info][gc,start       ] GC(277) Pause Young (Allocation Failure)
[85.519s][info][gc,heap        ] GC(277) PSYoungGen: 223552K(223744K)->111904K(670720K) Eden: 111616K(111616K)->0K(123392K) From: 111936K(112128K)->111904K(547328K)
[85.519s][info][gc,heap        ] GC(277) ParOldGen: 10982155K(11468800K)->11094779K(11468800K)
[85.519s][info][gc,metaspace   ] GC(277) Metaspace: 6303K(6528K)->6303K(6528K) NonClass: 5770K(5888K)->5770K(5888K) Class: 533K(640K)->533K(640K)
[85.519s][info][gc             ] GC(277) Pause Young (Allocation Failure) 10943M->10944M(11855M) 168.944ms
[85.520s][info][gc,cpu         ] GC(277) User=0.69s Sys=0.12s Real=0.17s
[85.715s][info][gc,start       ] GC(278) Pause Young (Allocation Failure)
[85.904s][info][gc,heap        ] GC(278) PSYoungGen: 235296K(670720K)->123744K(247296K) Eden: 123392K(123392K)->0K(123392K) From: 111904K(547328K)->123744K(123904K)
[85.904s][info][gc,heap        ] GC(278) ParOldGen: 11094779K(11468800K)->11207419K(11468800K)
[85.904s][info][gc,metaspace   ] GC(278) Metaspace: 6303K(6528K)->6303K(6528K) NonClass: 5770K(5888K)->5770K(5888K) Class: 533K(640K)->533K(640K)
[85.904s][info][gc             ] GC(278) Pause Young (Allocation Failure) 11064M->11065M(11441M) 188.636ms
[85.904s][info][gc,cpu         ] GC(278) User=0.80s Sys=0.08s Real=0.19s
[85.904s][info][gc,start       ] GC(279) Pause Full (Ergonomics)
[85.904s][info][gc,phases,start] GC(279) Marking Phase
[88.494s][info][gc,phases      ] GC(279) Marking Phase 2589.515ms
[88.494s][info][gc,phases,start] GC(279) Summary Phase
[88.494s][info][gc,phases      ] GC(279) Summary Phase 0.243ms
[88.494s][info][gc,phases,start] GC(279) Adjust Roots
[88.494s][info][gc,phases      ] GC(279) Adjust Roots 0.301ms
[88.494s][info][gc,phases,start] GC(279) Compaction Phase
[89.292s][info][gc,phases      ] GC(279) Compaction Phase 797.505ms
[89.292s][info][gc,phases,start] GC(279) Post Compact
[89.310s][info][gc,phases      ] GC(279) Post Compact 17.844ms
[89.310s][info][gc,heap        ] GC(279) PSYoungGen: 123744K(247296K)->0K(679936K) Eden: 0K(123392K)->0K(136192K) From: 123744K(123904K)->0K(543744K)
[89.310s][info][gc,heap        ] GC(279) ParOldGen: 11207419K(11468800K)->11327747K(11468800K)
[89.310s][info][gc,metaspace   ] GC(279) Metaspace: 6303K(6528K)->6303K(6528K) NonClass: 5770K(5888K)->5770K(5888K) Class: 533K(640K)->533K(640K)
[89.310s][info][gc             ] GC(279) Pause Full (Ergonomics) 11065M->11062M(11864M) 3405.878ms
[89.310s][info][gc,cpu         ] GC(279) User=26.11s Sys=0.12s Real=3.41s
[89.487s][info][gc,start       ] GC(280) Pause Young (Allocation Failure)
[89.622s][info][gc,heap        ] GC(280) PSYoungGen: 136192K(679936K)->136640K(272896K) Eden: 136192K(136192K)->0K(136192K) From: 0K(543744K)->136640K(136704K)
[89.622s][info][gc,heap        ] GC(280) ParOldGen: 11327747K(11468800K)->11327747K(11468800K)
[89.622s][info][gc,metaspace   ] GC(280) Metaspace: 6303K(6528K)->6303K(6528K) NonClass: 5770K(5888K)->5770K(5888K) Class: 533K(640K)->533K(640K)
[89.622s][info][gc             ] GC(280) Pause Young (Allocation Failure) 11195M->11195M(11466M) 135.193ms
[89.622s][info][gc,cpu         ] GC(280) User=0.42s Sys=0.00s Real=0.13s
[89.622s][info][gc,start       ] GC(281) Pause Full (Ergonomics)
[89.622s][info][gc,phases,start] GC(281) Marking Phase
[92.217s][info][gc,phases      ] GC(281) Marking Phase 2594.641ms
[92.217s][info][gc,phases,start] GC(281) Summary Phase
[92.217s][info][gc,phases      ] GC(281) Summary Phase 0.172ms
[92.217s][info][gc,phases,start] GC(281) Adjust Roots
[92.217s][info][gc,phases      ] GC(281) Adjust Roots 0.200ms
[92.217s][info][gc,phases,start] GC(281) Compaction Phase
[93.005s][info][gc,phases      ] GC(281) Compaction Phase 787.605ms
[93.005s][info][gc,phases,start] GC(281) Post Compact
[93.023s][info][gc,phases      ] GC(281) Post Compact 17.969ms
[93.023s][info][gc,heap        ] GC(281) PSYoungGen: 136640K(272896K)->0K(667136K) Eden: 0K(136192K)->0K(146944K) From: 136640K(136704K)->0K(520192K)
[93.023s][info][gc,heap        ] GC(281) ParOldGen: 11327747K(11468800K)->11463908K(11468800K)
[93.023s][info][gc,metaspace   ] GC(281) Metaspace: 6303K(6528K)->6303K(6528K) NonClass: 5770K(5888K)->5770K(5888K) Class: 533K(640K)->533K(640K)
[93.023s][info][gc             ] GC(281) Pause Full (Ergonomics) 11195M->11195M(11851M) 3401.076ms
[93.023s][info][gc,cpu         ] GC(281) User=25.66s Sys=0.09s Real=3.40s
[93.171s][info][gc,start       ] GC(282) Pause Full (Ergonomics)
[93.171s][info][gc,phases,start] GC(282) Marking Phase
[95.852s][info][gc,phases      ] GC(282) Marking Phase 2680.660ms
[95.852s][info][gc,phases,start] GC(282) Summary Phase
[95.852s][info][gc,phases      ] GC(282) Summary Phase 0.138ms
[95.852s][info][gc,phases,start] GC(282) Adjust Roots
[95.852s][info][gc,phases      ] GC(282) Adjust Roots 0.228ms
[95.852s][info][gc,phases,start] GC(282) Compaction Phase
[96.616s][info][gc,phases      ] GC(282) Compaction Phase 763.427ms
[96.616s][info][gc,phases,start] GC(282) Post Compact
[96.632s][info][gc,phases      ] GC(282) Post Compact 15.730ms
[96.632s][info][gc,heap        ] GC(282) PSYoungGen: 126345K(667136K)->119431K(667648K) Eden: 126345K(146944K)->119431K(146944K) From: 0K(520192K)->0K(520704K)
[96.632s][info][gc,heap        ] GC(282) ParOldGen: 11463908K(11468800K)->11468515K(11468800K)
[96.632s][info][gc,metaspace   ] GC(282) Metaspace: 6303K(6528K)->6303K(6528K) NonClass: 5770K(5888K)->5770K(5888K) Class: 533K(640K)->533K(640K)
[96.632s][info][gc             ] GC(282) Pause Full (Ergonomics) 11318M->11316M(11852M) 3460.652ms
[96.632s][info][gc,cpu         ] GC(282) User=26.53s Sys=0.03s Real=3.46s
[96.632s][info][gc,start       ] GC(283) Pause Full (Allocation Failure)
[96.632s][info][gc,phases,start] GC(283) Marking Phase
[99.299s][info][gc,phases      ] GC(283) Marking Phase 2666.747ms
[99.299s][info][gc,phases,start] GC(283) Summary Phase
[99.299s][info][gc,phases      ] GC(283) Summary Phase 0.127ms
[99.299s][info][gc,phases,start] GC(283) Adjust Roots
[99.299s][info][gc,phases      ] GC(283) Adjust Roots 0.442ms
[99.299s][info][gc,phases,start] GC(283) Compaction Phase
[102.056s][info][gc,phases      ] GC(283) Compaction Phase 2756.748ms
[102.056s][info][gc,phases,start] GC(283) Post Compact
[102.078s][info][gc,phases      ] GC(283) Post Compact 21.430ms
[102.078s][info][gc,heap        ] GC(283) PSYoungGen: 119431K(667648K)->119431K(667136K) Eden: 119431K(146944K)->119431K(146944K) From: 0K(520704K)->0K(520192K)
[102.078s][info][gc,heap        ] GC(283) ParOldGen: 11468515K(11468800K)->11468511K(11468800K)
[102.078s][info][gc,metaspace   ] GC(283) Metaspace: 6303K(6528K)->6302K(6528K) NonClass: 5770K(5888K)->5769K(5888K) Class: 533K(640K)->532K(640K)
[102.078s][info][gc             ] GC(283) Pause Full (Allocation Failure) 11316M->11316M(11851M) 5445.941ms
[102.078s][info][gc,cpu         ] GC(283) User=38.34s Sys=1.48s Real=5.45s
[102.084s][info][gc,heap,exit   ] Heap
[102.084s][info][gc,heap,exit   ]  PSYoungGen      total 667136K, used 125285K [0x00000006a2000000, 0x00000006eb400000, 0x0000000800000000)
[102.084s][info][gc,heap,exit   ]   eden space 146944K, 85% used [0x00000006a2000000,0x00000006a9a59500,0x00000006aaf80000)
[102.084s][info][gc,heap,exit   ]   from space 520192K, 0% used [0x00000006cac80000,0x00000006cac80000,0x00000006ea880000)
[102.084s][info][gc,heap,exit   ]   to   space 520704K, 0% used [0x00000006aaf80000,0x00000006aaf80000,0x00000006cac00000)
[102.084s][info][gc,heap,exit   ]  ParOldGen       total 11468800K, used 11468511K [0x00000003e6000000, 0x00000006a2000000, 0x00000006a2000000)
[102.084s][info][gc,heap,exit   ]   object space 11468800K, 99% used [0x00000003e6000000,0x00000006a1fb7c40,0x00000006a2000000)
[102.084s][info][gc,heap,exit   ]  Metaspace       used 6306K, committed 6528K, reserved 1114112K
[102.084s][info][gc,heap,exit   ]   class space    used 534K, committed 640K, reserved 1048576K
