[0.011s][info][gc,init] CardTable entry size: 512
[0.011s][info][gc     ] Using Parallel
[0.012s][info][gc,init] Version: 18.0.1+10 (release)
[0.012s][info][gc,init] CPUs: 8 total, 8 available
[0.012s][info][gc,init] Memory: 16063M
[0.012s][info][gc,init] Large Page Support: Disabled
[0.012s][info][gc,init] NUMA Support: Disabled
[0.012s][info][gc,init] Compressed Oops: Enabled (Zero based)
[0.012s][info][gc,init] Alignments: Space 512K, Generation 512K, Heap 2M
[0.012s][info][gc,init] Heap Min Capacity: 2M
[0.013s][info][gc,init] Heap Initial Capacity: 2M
[0.013s][info][gc,init] Heap Max Capacity: 9400M
[0.013s][info][gc,init] Pre-touch: Disabled
[0.013s][info][gc,init] Parallel Workers: 8
[0.013s][info][gc,metaspace] CDS archive(s) not mapped
[0.013s][info][gc,metaspace] Compressed class space mapped at: 0x0000000800000000-0x0000000840000000, reserved size: 1073741824
[0.013s][info][gc,metaspace] Narrow klass base: 0x0000000800000000, Narrow klass shift: 0, Narrow klass range: 0x40000000
[0.117s][info][gc,start    ] GC(0) Pause Young (Allocation Failure)
[0.119s][info][gc,heap     ] GC(0) PSYoungGen: 512K(1024K)->480K(1024K) Eden: 512K(512K)->0K(512K) From: 0K(512K)->480K(512K)
[0.119s][info][gc,heap     ] GC(0) ParOldGen: 0K(512K)->8K(512K)
[0.119s][info][gc,metaspace] GC(0) Metaspace: 4229K(4352K)->4229K(4352K) NonClass: 3908K(3968K)->3908K(3968K) Class: 321K(384K)->321K(384K)
[0.119s][info][gc          ] GC(0) Pause Young (Allocation Failure) 0M->0M(1M) 1.460ms
[0.119s][info][gc,cpu      ] GC(0) User=0.00s Sys=0.00s Real=0.00s
[0.179s][info][gc,start    ] GC(1) Pause Young (Allocation Failure)
[0.180s][info][gc,heap     ] GC(1) PSYoungGen: 991K(1024K)->512K(1536K) Eden: 511K(512K)->0K(1024K) From: 480K(512K)->512K(512K)
[0.180s][info][gc,heap     ] GC(1) ParOldGen: 8K(512K)->88K(512K)
[0.180s][info][gc,metaspace] GC(1) Metaspace: 5877K(5952K)->5877K(5952K) NonClass: 5380K(5440K)->5380K(5440K) Class: 496K(512K)->496K(512K)
[0.180s][info][gc          ] GC(1) Pause Young (Allocation Failure) 0M->0M(2M) 0.885ms
[0.180s][info][gc,cpu      ] GC(1) User=0.00s Sys=0.00s Real=0.00s
[0.202s][info][gc,start    ] GC(2) Pause Young (Allocation Failure)
[0.203s][info][gc,heap     ] GC(2) PSYoungGen: 1536K(1536K)->512K(1536K) Eden: 1024K(1024K)->0K(1024K) From: 512K(512K)->512K(512K)
[0.203s][info][gc,heap     ] GC(2) ParOldGen: 88K(512K)->520K(1024K)
[0.203s][info][gc,metaspace] GC(2) Metaspace: 6295K(6464K)->6295K(6464K) NonClass: 5762K(5824K)->5762K(5824K) Class: 533K(640K)->533K(640K)
[0.203s][info][gc          ] GC(2) Pause Young (Allocation Failure) 1M->1M(2M) 1.191ms
[0.203s][info][gc,cpu      ] GC(2) User=0.00s Sys=0.00s Real=0.00s
[0.205s][info][gc,start    ] GC(3) Pause Young (Allocation Failure)
[0.206s][info][gc,heap     ] GC(3) PSYoungGen: 1536K(1536K)->512K(2560K) Eden: 1024K(1024K)->0K(2048K) From: 512K(512K)->512K(512K)
[0.206s][info][gc,heap     ] GC(3) ParOldGen: 520K(1024K)->1032K(1536K)
[0.206s][info][gc,metaspace] GC(3) Metaspace: 6295K(6464K)->6295K(6464K) NonClass: 5762K(5824K)->5762K(5824K) Class: 533K(640K)->533K(640K)
[0.206s][info][gc          ] GC(3) Pause Young (Allocation Failure) 2M->1M(4M) 1.403ms
[0.206s][info][gc,cpu      ] GC(3) User=0.00s Sys=0.00s Real=0.00s
[0.206s][info][gc,start    ] GC(4) Pause Full (Ergonomics)
[0.207s][info][gc,phases,start] GC(4) Marking Phase
[0.208s][info][gc,phases      ] GC(4) Marking Phase 1.216ms
[0.208s][info][gc,phases,start] GC(4) Summary Phase
[0.208s][info][gc,phases      ] GC(4) Summary Phase 0.016ms
[0.208s][info][gc,phases,start] GC(4) Adjust Roots
[0.208s][info][gc,phases      ] GC(4) Adjust Roots 0.416ms
[0.208s][info][gc,phases,start] GC(4) Compaction Phase
[0.211s][info][gc,phases      ] GC(4) Compaction Phase 2.756ms
[0.211s][info][gc,phases,start] GC(4) Post Compact
[0.211s][info][gc,phases      ] GC(4) Post Compact 0.080ms
[0.211s][info][gc,heap        ] GC(4) PSYoungGen: 512K(2560K)->0K(2560K) Eden: 0K(2048K)->0K(2048K) From: 512K(512K)->0K(512K)
[0.211s][info][gc,heap        ] GC(4) ParOldGen: 1032K(1536K)->1496K(3584K)
[0.211s][info][gc,metaspace   ] GC(4) Metaspace: 6295K(6464K)->6295K(6464K) NonClass: 5762K(5824K)->5762K(5824K) Class: 533K(640K)->533K(640K)
[0.211s][info][gc             ] GC(4) Pause Full (Ergonomics) 1M->1M(6M) 4.881ms
[0.211s][info][gc,cpu         ] GC(4) User=0.00s Sys=0.00s Real=0.00s
[0.214s][info][gc,start       ] GC(5) Pause Young (Allocation Failure)
[0.216s][info][gc,heap        ] GC(5) PSYoungGen: 2048K(2560K)->480K(3584K) Eden: 2048K(2048K)->0K(3072K) From: 0K(512K)->480K(512K)
[0.216s][info][gc,heap        ] GC(5) ParOldGen: 1496K(3584K)->2112K(3584K)
[0.216s][info][gc,metaspace   ] GC(5) Metaspace: 6295K(6464K)->6295K(6464K) NonClass: 5762K(5824K)->5762K(5824K) Class: 533K(640K)->533K(640K)
[0.216s][info][gc             ] GC(5) Pause Young (Allocation Failure) 3M->2M(7M) 1.375ms
[0.216s][info][gc,cpu         ] GC(5) User=0.00s Sys=0.00s Real=0.00s
[0.221s][info][gc,start       ] GC(6) Pause Young (Allocation Failure)
[0.223s][info][gc,heap        ] GC(6) PSYoungGen: 3552K(3584K)->1504K(4608K) Eden: 3072K(3072K)->0K(3072K) From: 480K(512K)->1504K(1536K)
[0.223s][info][gc,heap        ] GC(6) ParOldGen: 2112K(3584K)->2672K(3584K)
[0.223s][info][gc,metaspace   ] GC(6) Metaspace: 6295K(6464K)->6295K(6464K) NonClass: 5762K(5824K)->5762K(5824K) Class: 533K(640K)->533K(640K)
[0.223s][info][gc             ] GC(6) Pause Young (Allocation Failure) 5M->4M(8M) 2.138ms
[0.223s][info][gc,cpu         ] GC(6) User=0.00s Sys=0.00s Real=0.00s
[0.228s][info][gc,start       ] GC(7) Pause Young (Allocation Failure)
[0.231s][info][gc,heap        ] GC(7) PSYoungGen: 4576K(4608K)->2016K(7168K) Eden: 3072K(3072K)->0K(5120K) From: 1504K(1536K)->2016K(2048K)
[0.231s][info][gc,heap        ] GC(7) ParOldGen: 2672K(3584K)->3760K(4096K)
[0.231s][info][gc,metaspace   ] GC(7) Metaspace: 6295K(6464K)->6295K(6464K) NonClass: 5762K(5824K)->5762K(5824K) Class: 533K(640K)->533K(640K)
[0.231s][info][gc             ] GC(7) Pause Young (Allocation Failure) 7M->5M(11M) 2.906ms
[0.231s][info][gc,cpu         ] GC(7) User=0.00s Sys=0.00s Real=0.00s
[0.231s][info][gc,start       ] GC(8) Pause Full (Ergonomics)
[0.231s][info][gc,phases,start] GC(8) Marking Phase
[0.233s][info][gc,phases      ] GC(8) Marking Phase 2.730ms
[0.234s][info][gc,phases,start] GC(8) Summary Phase
[0.234s][info][gc,phases      ] GC(8) Summary Phase 0.013ms
[0.234s][info][gc,phases,start] GC(8) Adjust Roots
[0.234s][info][gc,phases      ] GC(8) Adjust Roots 0.348ms
[0.234s][info][gc,phases,start] GC(8) Compaction Phase
[0.237s][info][gc,phases      ] GC(8) Compaction Phase 3.436ms
[0.237s][info][gc,phases,start] GC(8) Post Compact
[0.238s][info][gc,phases      ] GC(8) Post Compact 0.050ms
[0.238s][info][gc,heap        ] GC(8) PSYoungGen: 2016K(7168K)->2012K(7168K) Eden: 0K(5120K)->0K(5120K) From: 2016K(2048K)->2012K(2048K)
[0.238s][info][gc,heap        ] GC(8) ParOldGen: 3760K(4096K)->3676K(6656K)
[0.238s][info][gc,metaspace   ] GC(8) Metaspace: 6295K(6464K)->6295K(6464K) NonClass: 5762K(5824K)->5762K(5824K) Class: 533K(640K)->533K(640K)
[0.238s][info][gc             ] GC(8) Pause Full (Ergonomics) 5M->5M(13M) 6.944ms
[0.238s][info][gc,cpu         ] GC(8) User=0.00s Sys=0.00s Real=0.01s
[0.247s][info][gc,start       ] GC(9) Pause Young (Allocation Failure)
[0.251s][info][gc,heap        ] GC(9) PSYoungGen: 7132K(7168K)->3040K(8192K) Eden: 5120K(5120K)->0K(5120K) From: 2012K(2048K)->3040K(3072K)
[0.251s][info][gc,heap        ] GC(9) ParOldGen: 3676K(6656K)->5324K(6656K)
[0.251s][info][gc,metaspace   ] GC(9) Metaspace: 6295K(6464K)->6295K(6464K) NonClass: 5762K(5824K)->5762K(5824K) Class: 533K(640K)->533K(640K)
[0.251s][info][gc             ] GC(9) Pause Young (Allocation Failure) 10M->8M(14M) 4.419ms
[0.251s][info][gc,cpu         ] GC(9) User=0.00s Sys=0.00s Real=0.00s
[0.251s][info][gc,start       ] GC(10) Pause Full (Ergonomics)
[0.251s][info][gc,phases,start] GC(10) Marking Phase
[0.257s][info][gc,phases      ] GC(10) Marking Phase 5.454ms
[0.257s][info][gc,phases,start] GC(10) Summary Phase
[0.257s][info][gc,phases      ] GC(10) Summary Phase 0.017ms
[0.257s][info][gc,phases,start] GC(10) Adjust Roots
[0.257s][info][gc,phases      ] GC(10) Adjust Roots 0.203ms
[0.257s][info][gc,phases,start] GC(10) Compaction Phase
[0.261s][info][gc,phases      ] GC(10) Compaction Phase 3.710ms
[0.261s][info][gc,phases,start] GC(10) Post Compact
[0.261s][info][gc,phases      ] GC(10) Post Compact 0.045ms
[0.261s][info][gc,heap        ] GC(10) PSYoungGen: 3040K(8192K)->2012K(8192K) Eden: 0K(5120K)->0K(5120K) From: 3040K(3072K)->2012K(3072K)
[0.261s][info][gc,heap        ] GC(10) ParOldGen: 5324K(6656K)->6311K(10752K)
[0.261s][info][gc,metaspace   ] GC(10) Metaspace: 6295K(6464K)->6295K(6464K) NonClass: 5762K(5824K)->5762K(5824K) Class: 533K(640K)->533K(640K)
[0.261s][info][gc             ] GC(10) Pause Full (Ergonomics) 8M->8M(18M) 9.831ms
[0.261s][info][gc,cpu         ] GC(10) User=0.00s Sys=0.00s Real=0.01s
[0.267s][info][gc,start       ] GC(11) Pause Young (Allocation Failure)
[0.272s][info][gc,heap        ] GC(11) PSYoungGen: 7132K(8192K)->4192K(10752K) Eden: 5120K(5120K)->0K(6144K) From: 2012K(3072K)->4192K(4608K)
[0.272s][info][gc,heap        ] GC(11) ParOldGen: 6311K(10752K)->6807K(10752K)
[0.272s][info][gc,metaspace   ] GC(11) Metaspace: 6295K(6464K)->6295K(6464K) NonClass: 5762K(5824K)->5762K(5824K) Class: 533K(640K)->533K(640K)
[0.272s][info][gc             ] GC(11) Pause Young (Allocation Failure) 13M->10M(21M) 4.638ms
[0.272s][info][gc,cpu         ] GC(11) User=0.00s Sys=0.00s Real=0.00s
[0.279s][info][gc,start       ] GC(12) Pause Young (Allocation Failure)
[0.285s][info][gc,heap        ] GC(12) PSYoungGen: 10336K(10752K)->5088K(11264K) Eden: 6144K(6144K)->0K(6144K) From: 4192K(4608K)->5088K(5120K)
[0.285s][info][gc,heap        ] GC(12) ParOldGen: 6807K(10752K)->9359K(10752K)
[0.285s][info][gc,metaspace   ] GC(12) Metaspace: 6295K(6464K)->6295K(6464K) NonClass: 5762K(5824K)->5762K(5824K) Class: 533K(640K)->533K(640K)
[0.285s][info][gc             ] GC(12) Pause Young (Allocation Failure) 16M->14M(21M) 5.717ms
[0.285s][info][gc,cpu         ] GC(12) User=0.00s Sys=0.00s Real=0.01s
[0.285s][info][gc,start       ] GC(13) Pause Full (Ergonomics)
[0.285s][info][gc,phases,start] GC(13) Marking Phase
[0.291s][info][gc,phases      ] GC(13) Marking Phase 6.179ms
[0.291s][info][gc,phases,start] GC(13) Summary Phase
[0.291s][info][gc,phases      ] GC(13) Summary Phase 0.017ms
[0.291s][info][gc,phases,start] GC(13) Adjust Roots
[0.291s][info][gc,phases      ] GC(13) Adjust Roots 0.174ms
[0.291s][info][gc,phases,start] GC(13) Compaction Phase
[0.298s][info][gc,phases      ] GC(13) Compaction Phase 6.665ms
[0.298s][info][gc,phases,start] GC(13) Post Compact
[0.298s][info][gc,phases      ] GC(13) Post Compact 0.072ms
[0.298s][info][gc,heap        ] GC(13) PSYoungGen: 5088K(11264K)->3545K(11264K) Eden: 0K(6144K)->0K(6144K) From: 5088K(5120K)->3545K(5120K)
[0.298s][info][gc,heap        ] GC(13) ParOldGen: 9359K(10752K)->10576K(16384K)
[0.298s][info][gc,metaspace   ] GC(13) Metaspace: 6295K(6464K)->6295K(6464K) NonClass: 5762K(5824K)->5762K(5824K) Class: 533K(640K)->533K(640K)
[0.298s][info][gc             ] GC(13) Pause Full (Ergonomics) 14M->13M(27M) 13.519ms
[0.298s][info][gc,cpu         ] GC(13) User=0.00s Sys=0.00s Real=0.01s
[0.303s][info][gc,start       ] GC(14) Pause Young (Allocation Failure)
[0.309s][info][gc,heap        ] GC(14) PSYoungGen: 9689K(11264K)->6080K(14848K) Eden: 6144K(6144K)->0K(7680K) From: 3545K(5120K)->6080K(7168K)
[0.309s][info][gc,heap        ] GC(14) ParOldGen: 10576K(16384K)->11240K(16384K)
[0.309s][info][gc,metaspace   ] GC(14) Metaspace: 6297K(6464K)->6297K(6464K) NonClass: 5763K(5824K)->5763K(5824K) Class: 533K(640K)->533K(640K)
[0.309s][info][gc             ] GC(14) Pause Young (Allocation Failure) 19M->16M(30M) 6.045ms
[0.309s][info][gc,cpu         ] GC(14) User=0.00s Sys=0.00s Real=0.01s
[0.314s][info][gc,start       ] GC(15) Pause Young (Allocation Failure)
[0.321s][info][gc,heap        ] GC(15) PSYoungGen: 13760K(14848K)->7680K(15360K) Eden: 7680K(7680K)->0K(7680K) From: 6080K(7168K)->7680K(7680K)
[0.321s][info][gc,heap        ] GC(15) ParOldGen: 11240K(16384K)->13616K(16384K)
[0.321s][info][gc,metaspace   ] GC(15) Metaspace: 6297K(6464K)->6297K(6464K) NonClass: 5763K(5824K)->5763K(5824K) Class: 533K(640K)->533K(640K)
[0.321s][info][gc             ] GC(15) Pause Young (Allocation Failure) 24M->20M(31M) 7.159ms
[0.321s][info][gc,cpu         ] GC(15) User=0.00s Sys=0.00s Real=0.01s
[0.329s][info][gc,start       ] GC(16) Pause Young (Allocation Failure)
[0.339s][info][gc,heap        ] GC(16) PSYoungGen: 15360K(15360K)->8160K(19968K) Eden: 7680K(7680K)->0K(9728K) From: 7680K(7680K)->8160K(10240K)
[0.339s][info][gc,heap        ] GC(16) ParOldGen: 13616K(16384K)->17704K(17920K)
[0.339s][info][gc,metaspace   ] GC(16) Metaspace: 6297K(6464K)->6297K(6464K) NonClass: 5763K(5824K)->5763K(5824K) Class: 533K(640K)->533K(640K)
[0.339s][info][gc             ] GC(16) Pause Young (Allocation Failure) 28M->25M(37M) 9.901ms
[0.339s][info][gc,cpu         ] GC(16) User=0.00s Sys=0.00s Real=0.01s
[0.339s][info][gc,start       ] GC(17) Pause Full (Ergonomics)
[0.339s][info][gc,phases,start] GC(17) Marking Phase
[0.350s][info][gc,phases      ] GC(17) Marking Phase 11.433ms
[0.350s][info][gc,phases,start] GC(17) Summary Phase
[0.350s][info][gc,phases      ] GC(17) Summary Phase 0.016ms
[0.350s][info][gc,phases,start] GC(17) Adjust Roots
[0.350s][info][gc,phases      ] GC(17) Adjust Roots 0.186ms
[0.350s][info][gc,phases,start] GC(17) Compaction Phase
[0.363s][info][gc,phases      ] GC(17) Compaction Phase 12.253ms
[0.363s][info][gc,phases,start] GC(17) Post Compact
[0.363s][info][gc,phases      ] GC(17) Post Compact 0.117ms
[0.363s][info][gc,heap        ] GC(17) PSYoungGen: 8160K(19968K)->7594K(19968K) Eden: 0K(9728K)->0K(9728K) From: 8160K(10240K)->7594K(10240K)
[0.363s][info][gc,heap        ] GC(17) ParOldGen: 17704K(17920K)->17583K(26112K)
[0.363s][info][gc,metaspace   ] GC(17) Metaspace: 6297K(6464K)->6297K(6464K) NonClass: 5763K(5824K)->5763K(5824K) Class: 533K(640K)->533K(640K)
[0.363s][info][gc             ] GC(17) Pause Full (Ergonomics) 25M->24M(45M) 24.332ms
[0.363s][info][gc,cpu         ] GC(17) User=0.00s Sys=0.00s Real=0.02s
[0.369s][info][gc,start       ] GC(18) Pause Young (Allocation Failure)
[0.378s][info][gc,heap        ] GC(18) PSYoungGen: 17322K(19968K)->5056K(20992K) Eden: 9728K(9728K)->0K(9728K) From: 7594K(10240K)->5056K(11264K)
[0.378s][info][gc,heap        ] GC(18) ParOldGen: 17583K(26112K)->25295K(26112K)
[0.378s][info][gc,metaspace   ] GC(18) Metaspace: 6297K(6464K)->6297K(6464K) NonClass: 5763K(5824K)->5763K(5824K) Class: 533K(640K)->533K(640K)
[0.378s][info][gc             ] GC(18) Pause Young (Allocation Failure) 34M->29M(46M) 9.179ms
[0.378s][info][gc,cpu         ] GC(18) User=0.00s Sys=0.00s Real=0.01s
[0.378s][info][gc,start       ] GC(19) Pause Full (Ergonomics)
[0.378s][info][gc,phases,start] GC(19) Marking Phase
[0.390s][info][gc,phases      ] GC(19) Marking Phase 11.833ms
[0.390s][info][gc,phases,start] GC(19) Summary Phase
[0.390s][info][gc,phases      ] GC(19) Summary Phase 0.018ms
[0.390s][info][gc,phases,start] GC(19) Adjust Roots
[0.390s][info][gc,phases      ] GC(19) Adjust Roots 0.176ms
[0.390s][info][gc,phases,start] GC(19) Compaction Phase
[0.401s][info][gc,phases      ] GC(19) Compaction Phase 10.555ms
[0.401s][info][gc,phases,start] GC(19) Post Compact
[0.401s][info][gc,phases      ] GC(19) Post Compact 0.126ms
[0.401s][info][gc,heap        ] GC(19) PSYoungGen: 5056K(20992K)->4516K(20992K) Eden: 0K(9728K)->0K(9728K) From: 5056K(11264K)->4516K(11264K)
[0.401s][info][gc,heap        ] GC(19) ParOldGen: 25295K(26112K)->25688K(37888K)
[0.401s][info][gc,metaspace   ] GC(19) Metaspace: 6297K(6464K)->6297K(6464K) NonClass: 5763K(5824K)->5763K(5824K) Class: 533K(640K)->533K(640K)
[0.401s][info][gc             ] GC(19) Pause Full (Ergonomics) 29M->29M(57M) 23.135ms
[0.401s][info][gc,cpu         ] GC(19) User=0.00s Sys=0.00s Real=0.02s
[0.408s][info][gc,start       ] GC(20) Pause Young (Allocation Failure)
[0.417s][info][gc,heap        ] GC(20) PSYoungGen: 14244K(20992K)->5408K(23552K) Eden: 9728K(9728K)->0K(12800K) From: 4516K(11264K)->5408K(10752K)
[0.417s][info][gc,heap        ] GC(20) ParOldGen: 25688K(37888K)->30280K(37888K)
[0.417s][info][gc,metaspace   ] GC(20) Metaspace: 6297K(6464K)->6297K(6464K) NonClass: 5763K(5824K)->5763K(5824K) Class: 533K(640K)->533K(640K)
[0.417s][info][gc             ] GC(20) Pause Young (Allocation Failure) 38M->34M(60M) 9.246ms
[0.417s][info][gc,cpu         ] GC(20) User=0.00s Sys=0.00s Real=0.01s
[0.433s][info][gc,start       ] GC(21) Pause Young (Allocation Failure)
[0.447s][info][gc,heap        ] GC(21) PSYoungGen: 18208K(23552K)->10720K(23552K) Eden: 12800K(12800K)->0K(12800K) From: 5408K(10752K)->10720K(10752K)
[0.447s][info][gc,heap        ] GC(21) ParOldGen: 30280K(37888K)->37832K(37888K)
[0.447s][info][gc,metaspace   ] GC(21) Metaspace: 6297K(6464K)->6297K(6464K) NonClass: 5763K(5824K)->5763K(5824K) Class: 533K(640K)->533K(640K)
[0.447s][info][gc             ] GC(21) Pause Young (Allocation Failure) 47M->47M(60M) 14.533ms
[0.447s][info][gc,cpu         ] GC(21) User=0.00s Sys=0.00s Real=0.02s
[0.447s][info][gc,start       ] GC(22) Pause Full (Ergonomics)
[0.447s][info][gc,phases,start] GC(22) Marking Phase
[0.467s][info][gc,phases      ] GC(22) Marking Phase 19.788ms
[0.467s][info][gc,phases,start] GC(22) Summary Phase
[0.467s][info][gc,phases      ] GC(22) Summary Phase 0.018ms
[0.467s][info][gc,phases,start] GC(22) Adjust Roots
[0.467s][info][gc,phases      ] GC(22) Adjust Roots 0.181ms
[0.467s][info][gc,phases,start] GC(22) Compaction Phase
[0.485s][info][gc,phases      ] GC(22) Compaction Phase 17.229ms
[0.485s][info][gc,phases,start] GC(22) Post Compact
[0.485s][info][gc,phases      ] GC(22) Post Compact 0.149ms
[0.485s][info][gc,heap        ] GC(22) PSYoungGen: 10720K(23552K)->10703K(23552K) Eden: 0K(12800K)->0K(12800K) From: 10720K(10752K)->10703K(10752K)
[0.485s][info][gc,heap        ] GC(22) ParOldGen: 37832K(37888K)->36602K(52224K)
[0.485s][info][gc,metaspace   ] GC(22) Metaspace: 6297K(6464K)->6297K(6464K) NonClass: 5763K(5824K)->5763K(5824K) Class: 533K(640K)->533K(640K)
[0.485s][info][gc             ] GC(22) Pause Full (Ergonomics) 47M->46M(74M) 37.853ms
[0.485s][info][gc,cpu         ] GC(22) User=0.03s Sys=0.00s Real=0.04s
[0.497s][info][gc,start       ] GC(23) Pause Young (Allocation Failure)
[0.515s][info][gc,heap        ] GC(23) PSYoungGen: 23503K(23552K)->12832K(29184K) Eden: 12800K(12800K)->0K(13824K) From: 10703K(10752K)->12832K(15360K)
[0.516s][info][gc,heap        ] GC(23) ParOldGen: 36602K(52224K)->47450K(52224K)
[0.516s][info][gc,metaspace   ] GC(23) Metaspace: 6297K(6464K)->6297K(6464K) NonClass: 5763K(5824K)->5763K(5824K) Class: 533K(640K)->533K(640K)
[0.516s][info][gc             ] GC(23) Pause Young (Allocation Failure) 58M->58M(79M) 18.104ms
[0.516s][info][gc,cpu         ] GC(23) User=0.03s Sys=0.00s Real=0.02s
[0.516s][info][gc,start       ] GC(24) Pause Full (Ergonomics)
[0.516s][info][gc,phases,start] GC(24) Marking Phase
[0.540s][info][gc,phases      ] GC(24) Marking Phase 24.302ms
[0.540s][info][gc,phases,start] GC(24) Summary Phase
[0.540s][info][gc,phases      ] GC(24) Summary Phase 0.014ms
[0.540s][info][gc,phases,start] GC(24) Adjust Roots
[0.540s][info][gc,phases      ] GC(24) Adjust Roots 0.157ms
[0.540s][info][gc,phases,start] GC(24) Compaction Phase
[0.559s][info][gc,phases      ] GC(24) Compaction Phase 18.561ms
[0.559s][info][gc,phases,start] GC(24) Post Compact
[0.559s][info][gc,phases      ] GC(24) Post Compact 0.176ms
[0.559s][info][gc,heap        ] GC(24) PSYoungGen: 12832K(29184K)->8171K(29184K) Eden: 0K(13824K)->0K(13824K) From: 12832K(15360K)->8171K(15360K)
[0.559s][info][gc,heap        ] GC(24) ParOldGen: 47450K(52224K)->51905K(71680K)
[0.559s][info][gc,metaspace   ] GC(24) Metaspace: 6297K(6464K)->6297K(6464K) NonClass: 5763K(5824K)->5763K(5824K) Class: 533K(640K)->533K(640K)
[0.559s][info][gc             ] GC(24) Pause Full (Ergonomics) 58M->58M(98M) 43.533ms
[0.559s][info][gc,cpu         ] GC(24) User=0.02s Sys=0.00s Real=0.04s
[0.572s][info][gc,start       ] GC(25) Pause Young (Allocation Failure)
[0.590s][info][gc,heap        ] GC(25) PSYoungGen: 21995K(29184K)->16896K(30720K) Eden: 13824K(13824K)->0K(13824K) From: 8171K(15360K)->16896K(16896K)
[0.590s][info][gc,heap        ] GC(25) ParOldGen: 51905K(71680K)->57097K(71680K)
[0.590s][info][gc,metaspace   ] GC(25) Metaspace: 6297K(6464K)->6297K(6464K) NonClass: 5763K(5824K)->5763K(5824K) Class: 533K(640K)->533K(640K)
[0.590s][info][gc             ] GC(25) Pause Young (Allocation Failure) 72M->72M(100M) 17.659ms
[0.590s][info][gc,cpu         ] GC(25) User=0.03s Sys=0.00s Real=0.02s
[0.603s][info][gc,start       ] GC(26) Pause Young (Allocation Failure)
[0.625s][info][gc,heap        ] GC(26) PSYoungGen: 30720K(30720K)->13856K(36864K) Eden: 13824K(13824K)->0K(15360K) From: 16896K(16896K)->13856K(21504K)
[0.625s][info][gc,heap        ] GC(26) ParOldGen: 57097K(71680K)->74233K(74240K)
[0.625s][info][gc,metaspace   ] GC(26) Metaspace: 6297K(6464K)->6297K(6464K) NonClass: 5763K(5824K)->5763K(5824K) Class: 533K(640K)->533K(640K)
[0.625s][info][gc             ] GC(26) Pause Young (Allocation Failure) 85M->86M(108M) 22.078ms
[0.625s][info][gc,cpu         ] GC(26) User=0.02s Sys=0.02s Real=0.02s
[0.625s][info][gc,start       ] GC(27) Pause Full (Ergonomics)
[0.625s][info][gc,phases,start] GC(27) Marking Phase
[0.658s][info][gc,phases      ] GC(27) Marking Phase 32.412ms
[0.658s][info][gc,phases,start] GC(27) Summary Phase
[0.658s][info][gc,phases      ] GC(27) Summary Phase 0.019ms
[0.658s][info][gc,phases,start] GC(27) Adjust Roots
[0.658s][info][gc,phases      ] GC(27) Adjust Roots 0.175ms
[0.658s][info][gc,phases,start] GC(27) Compaction Phase
[0.680s][info][gc,phases      ] GC(27) Compaction Phase 21.929ms
[0.680s][info][gc,phases,start] GC(27) Post Compact
[0.680s][info][gc,phases      ] GC(27) Post Compact 0.470ms
[0.681s][info][gc,heap        ] GC(27) PSYoungGen: 13856K(36864K)->13790K(36864K) Eden: 0K(15360K)->0K(15360K) From: 13856K(21504K)->13790K(21504K)
[0.681s][info][gc,heap        ] GC(27) ParOldGen: 74233K(74240K)->73870K(99328K)
[0.681s][info][gc,metaspace   ] GC(27) Metaspace: 6297K(6464K)->6297K(6464K) NonClass: 5763K(5824K)->5763K(5824K) Class: 533K(640K)->533K(640K)
[0.681s][info][gc             ] GC(27) Pause Full (Ergonomics) 86M->85M(133M) 55.476ms
[0.681s][info][gc,cpu         ] GC(27) User=0.09s Sys=0.00s Real=0.06s
[0.705s][info][gc,start       ] GC(28) Pause Young (Allocation Failure)
[0.726s][info][gc,heap        ] GC(28) PSYoungGen: 29150K(36864K)->22496K(37888K) Eden: 15360K(15360K)->0K(15360K) From: 13790K(21504K)->22496K(22528K)
[0.726s][info][gc,heap        ] GC(28) ParOldGen: 73870K(99328K)->80662K(99328K)
[0.726s][info][gc,metaspace   ] GC(28) Metaspace: 6297K(6464K)->6297K(6464K) NonClass: 5763K(5824K)->5763K(5824K) Class: 533K(640K)->533K(640K)
[0.726s][info][gc             ] GC(28) Pause Young (Allocation Failure) 100M->100M(134M) 21.648ms
[0.726s][info][gc,cpu         ] GC(28) User=0.05s Sys=0.00s Real=0.02s
[0.739s][info][gc,start       ] GC(29) Pause Young (Allocation Failure)
[0.761s][info][gc,heap        ] GC(29) PSYoungGen: 37856K(37888K)->15392K(47104K) Eden: 15360K(15360K)->0K(18432K) From: 22496K(22528K)->15392K(28672K)
[0.761s][info][gc,heap        ] GC(29) ParOldGen: 80662K(99328K)->103430K(103936K)
[0.761s][info][gc,metaspace   ] GC(29) Metaspace: 6297K(6464K)->6297K(6464K) NonClass: 5763K(5824K)->5763K(5824K) Class: 533K(640K)->533K(640K)
[0.761s][info][gc             ] GC(29) Pause Young (Allocation Failure) 115M->116M(147M) 21.568ms
[0.761s][info][gc,cpu         ] GC(29) User=0.03s Sys=0.02s Real=0.02s
[0.761s][info][gc,start       ] GC(30) Pause Full (Ergonomics)
[0.761s][info][gc,phases,start] GC(30) Marking Phase
[0.791s][info][gc,phases      ] GC(30) Marking Phase 29.868ms
[0.791s][info][gc,phases,start] GC(30) Summary Phase
[0.791s][info][gc,phases      ] GC(30) Summary Phase 0.020ms
[0.791s][info][gc,phases,start] GC(30) Adjust Roots
[0.791s][info][gc,phases      ] GC(30) Adjust Roots 0.164ms
[0.791s][info][gc,phases,start] GC(30) Compaction Phase
[0.820s][info][gc,phases      ] GC(30) Compaction Phase 28.353ms
[0.820s][info][gc,phases,start] GC(30) Post Compact
[0.820s][info][gc,phases      ] GC(30) Post Compact 0.416ms
[0.820s][info][gc,heap        ] GC(30) PSYoungGen: 15392K(47104K)->12772K(47104K) Eden: 0K(18432K)->0K(18432K) From: 15392K(28672K)->12772K(28672K)
[0.820s][info][gc,heap        ] GC(30) ParOldGen: 103430K(103936K)->103506K(136704K)
[0.820s][info][gc,metaspace   ] GC(30) Metaspace: 6297K(6464K)->6297K(6464K) NonClass: 5763K(5824K)->5763K(5824K) Class: 533K(640K)->533K(640K)
[0.820s][info][gc             ] GC(30) Pause Full (Ergonomics) 116M->113M(179M) 59.244ms
[0.820s][info][gc,cpu         ] GC(30) User=0.11s Sys=0.00s Real=0.06s
[0.839s][info][gc,start       ] GC(31) Pause Young (Allocation Failure)
[0.862s][info][gc,heap        ] GC(31) PSYoungGen: 31204K(47104K)->18496K(47104K) Eden: 18432K(18432K)->0K(18432K) From: 12772K(28672K)->18496K(28672K)
[0.862s][info][gc,heap        ] GC(31) ParOldGen: 103506K(136704K)->116498K(136704K)
[0.862s][info][gc,metaspace   ] GC(31) Metaspace: 6297K(6464K)->6297K(6464K) NonClass: 5763K(5824K)->5763K(5824K) Class: 533K(640K)->533K(640K)
[0.862s][info][gc             ] GC(31) Pause Young (Allocation Failure) 131M->131M(179M) 22.857ms
[0.862s][info][gc,cpu         ] GC(31) User=0.03s Sys=0.00s Real=0.02s
[0.862s][info][gc,start       ] GC(32) Pause Full (Ergonomics)
[0.862s][info][gc,phases,start] GC(32) Marking Phase
[0.898s][info][gc,phases      ] GC(32) Marking Phase 36.575ms
[0.898s][info][gc,phases,start] GC(32) Summary Phase
[0.898s][info][gc,phases      ] GC(32) Summary Phase 0.017ms
[0.898s][info][gc,phases,start] GC(32) Adjust Roots
[0.899s][info][gc,phases      ] GC(32) Adjust Roots 0.141ms
[0.899s][info][gc,phases,start] GC(32) Compaction Phase
[0.917s][info][gc,phases      ] GC(32) Compaction Phase 18.859ms
[0.917s][info][gc,phases,start] GC(32) Post Compact
[0.918s][info][gc,phases      ] GC(32) Post Compact 0.570ms
[0.918s][info][gc,heap        ] GC(32) PSYoungGen: 18496K(47104K)->0K(51712K) Eden: 0K(18432K)->0K(22016K) From: 18496K(28672K)->0K(29696K)
[0.918s][info][gc,heap        ] GC(32) ParOldGen: 116498K(136704K)->134682K(170496K)
[0.918s][info][gc,metaspace   ] GC(32) Metaspace: 6297K(6464K)->6297K(6464K) NonClass: 5763K(5824K)->5763K(5824K) Class: 533K(640K)->533K(640K)
[0.918s][info][gc             ] GC(32) Pause Full (Ergonomics) 131M->131M(217M) 56.615ms
[0.918s][info][gc,cpu         ] GC(32) User=0.14s Sys=0.00s Real=0.06s
[0.940s][info][gc,start       ] GC(33) Pause Young (Allocation Failure)
[0.952s][info][gc,heap        ] GC(33) PSYoungGen: 22016K(51712K)->22112K(51712K) Eden: 22016K(22016K)->0K(22016K) From: 0K(29696K)->22112K(29696K)
[0.952s][info][gc,heap        ] GC(33) ParOldGen: 134682K(170496K)->134682K(170496K)
[0.952s][info][gc,metaspace   ] GC(33) Metaspace: 6297K(6464K)->6297K(6464K) NonClass: 5763K(5824K)->5763K(5824K) Class: 533K(640K)->533K(640K)
[0.952s][info][gc             ] GC(33) Pause Young (Allocation Failure) 153M->153M(217M) 12.186ms
[0.952s][info][gc,cpu         ] GC(33) User=0.02s Sys=0.00s Real=0.01s
[0.972s][info][gc,start       ] GC(34) Pause Young (Allocation Failure)
[0.996s][info][gc,heap        ] GC(34) PSYoungGen: 42338K(51712K)->31744K(48640K) Eden: 20226K(22016K)->0K(16896K) From: 22112K(29696K)->31744K(31744K)
[0.996s][info][gc,heap        ] GC(34) ParOldGen: 134682K(170496K)->145282K(170496K)
[0.996s][info][gc,metaspace   ] GC(34) Metaspace: 6297K(6464K)->6297K(6464K) NonClass: 5763K(5824K)->5763K(5824K) Class: 533K(640K)->533K(640K)
[0.996s][info][gc             ] GC(34) Pause Young (Allocation Failure) 172M->172M(214M) 23.944ms
[0.996s][info][gc,cpu         ] GC(34) User=0.05s Sys=0.02s Real=0.03s
[1.026s][info][gc,start       ] GC(35) Pause Young (Allocation Failure)
[1.054s][info][gc,heap        ] GC(35) PSYoungGen: 48640K(48640K)->32576K(57856K) Eden: 16896K(16896K)->0K(16896K) From: 31744K(31744K)->32576K(40960K)
[1.054s][info][gc,heap        ] GC(35) ParOldGen: 145282K(170496K)->161682K(170496K)
[1.054s][info][gc,metaspace   ] GC(35) Metaspace: 6297K(6464K)->6297K(6464K) NonClass: 5763K(5824K)->5763K(5824K) Class: 533K(640K)->533K(640K)
[1.054s][info][gc             ] GC(35) Pause Young (Allocation Failure) 189M->189M(223M) 27.516ms
[1.054s][info][gc,cpu         ] GC(35) User=0.03s Sys=0.00s Real=0.03s
[1.054s][info][gc,start       ] GC(36) Pause Full (Ergonomics)
[1.054s][info][gc,phases,start] GC(36) Marking Phase
[1.102s][info][gc,phases      ] GC(36) Marking Phase 47.778ms
[1.102s][info][gc,phases,start] GC(36) Summary Phase
[1.102s][info][gc,phases      ] GC(36) Summary Phase 0.016ms
[1.102s][info][gc,phases,start] GC(36) Adjust Roots
[1.102s][info][gc,phases      ] GC(36) Adjust Roots 0.136ms
[1.102s][info][gc,phases,start] GC(36) Compaction Phase
[1.139s][info][gc,phases      ] GC(36) Compaction Phase 37.347ms
[1.139s][info][gc,phases,start] GC(36) Post Compact
[1.140s][info][gc,phases      ] GC(36) Post Compact 0.788ms
[1.140s][info][gc,heap        ] GC(36) PSYoungGen: 32576K(57856K)->19132K(57856K) Eden: 0K(16896K)->0K(16896K) From: 32576K(40960K)->19132K(40960K)
[1.140s][info][gc,heap        ] GC(36) ParOldGen: 161682K(170496K)->170441K(209920K)
[1.140s][info][gc,metaspace   ] GC(36) Metaspace: 6297K(6464K)->6297K(6464K) NonClass: 5763K(5824K)->5763K(5824K) Class: 533K(640K)->533K(640K)
[1.140s][info][gc             ] GC(36) Pause Full (Ergonomics) 189M->185M(261M) 86.531ms
[1.140s][info][gc,cpu         ] GC(36) User=0.23s Sys=0.02s Real=0.09s
[1.160s][info][gc,start       ] GC(37) Pause Young (Allocation Failure)
[1.185s][info][gc,heap        ] GC(37) PSYoungGen: 36028K(57856K)->36128K(59904K) Eden: 16896K(16896K)->0K(15360K) From: 19132K(40960K)->36128K(44544K)
[1.185s][info][gc,heap        ] GC(37) ParOldGen: 170441K(209920K)->170441K(209920K)
[1.185s][info][gc,metaspace   ] GC(37) Metaspace: 6297K(6464K)->6297K(6464K) NonClass: 5763K(5824K)->5763K(5824K) Class: 533K(640K)->533K(640K)
[1.185s][info][gc             ] GC(37) Pause Young (Allocation Failure) 201M->201M(263M) 24.595ms
[1.185s][info][gc,cpu         ] GC(37) User=0.06s Sys=0.00s Real=0.02s
[1.200s][info][gc,start       ] GC(38) Pause Young (Allocation Failure)
[1.224s][info][gc,heap        ] GC(38) PSYoungGen: 51488K(59904K)->48640K(64000K) Eden: 15360K(15360K)->0K(15360K) From: 36128K(44544K)->48640K(48640K)
[1.224s][info][gc,heap        ] GC(38) ParOldGen: 170441K(209920K)->173305K(209920K)
[1.224s][info][gc,metaspace   ] GC(38) Metaspace: 6297K(6464K)->6297K(6464K) NonClass: 5763K(5824K)->5763K(5824K) Class: 533K(640K)->533K(640K)
[1.224s][info][gc             ] GC(38) Pause Young (Allocation Failure) 216M->216M(267M) 23.269ms
[1.224s][info][gc,cpu         ] GC(38) User=0.09s Sys=0.00s Real=0.02s
[1.241s][info][gc,start       ] GC(39) Pause Young (Allocation Failure)
[1.271s][info][gc,heap        ] GC(39) PSYoungGen: 64000K(64000K)->46656K(70656K) Eden: 15360K(15360K)->0K(12800K) From: 48640K(48640K)->46656K(57856K)
[1.271s][info][gc,heap        ] GC(39) ParOldGen: 173305K(209920K)->190969K(209920K)
[1.271s][info][gc,metaspace   ] GC(39) Metaspace: 6297K(6464K)->6297K(6464K) NonClass: 5763K(5824K)->5763K(5824K) Class: 533K(640K)->533K(640K)
[1.271s][info][gc             ] GC(39) Pause Young (Allocation Failure) 231M->232M(274M) 30.125ms
[1.271s][info][gc,cpu         ] GC(39) User=0.09s Sys=0.02s Real=0.03s
[1.271s][info][gc,start       ] GC(40) Pause Full (Ergonomics)
[1.271s][info][gc,phases,start] GC(40) Marking Phase
[1.330s][info][gc,phases      ] GC(40) Marking Phase 58.611ms
[1.330s][info][gc,phases,start] GC(40) Summary Phase
[1.330s][info][gc,phases      ] GC(40) Summary Phase 0.017ms
[1.330s][info][gc,phases,start] GC(40) Adjust Roots
[1.330s][info][gc,phases      ] GC(40) Adjust Roots 0.144ms
[1.330s][info][gc,phases,start] GC(40) Compaction Phase
[1.359s][info][gc,phases      ] GC(40) Compaction Phase 29.303ms
[1.359s][info][gc,phases,start] GC(40) Post Compact
[1.360s][info][gc,phases      ] GC(40) Post Compact 1.047ms
[1.361s][info][gc,heap        ] GC(40) PSYoungGen: 46656K(70656K)->27546K(70656K) Eden: 0K(12800K)->0K(12800K) From: 46656K(57856K)->27546K(57856K)
[1.361s][info][gc,heap        ] GC(40) ParOldGen: 190969K(209920K)->209550K(251904K)
[1.361s][info][gc,metaspace   ] GC(40) Metaspace: 6297K(6464K)->6297K(6464K) NonClass: 5763K(5824K)->5763K(5824K) Class: 533K(640K)->533K(640K)
[1.361s][info][gc             ] GC(40) Pause Full (Ergonomics) 232M->231M(315M) 89.737ms
[1.361s][info][gc,cpu         ] GC(40) User=0.38s Sys=0.00s Real=0.09s
[1.375s][info][gc,start       ] GC(41) Pause Young (Allocation Failure)
[1.402s][info][gc,heap        ] GC(41) PSYoungGen: 40346K(70656K)->30144K(75776K) Eden: 12800K(12800K)->0K(12800K) From: 27546K(57856K)->30144K(62976K)
[1.402s][info][gc,heap        ] GC(41) ParOldGen: 209550K(251904K)->220054K(251904K)
[1.402s][info][gc,metaspace   ] GC(41) Metaspace: 6297K(6464K)->6297K(6464K) NonClass: 5763K(5824K)->5763K(5824K) Class: 533K(640K)->533K(640K)
[1.402s][info][gc             ] GC(41) Pause Young (Allocation Failure) 244M->244M(320M) 26.715ms
[1.402s][info][gc,cpu         ] GC(41) User=0.12s Sys=0.00s Real=0.03s
[1.416s][info][gc,start       ] GC(42) Pause Young (Allocation Failure)
[1.436s][info][gc,heap        ] GC(42) PSYoungGen: 42944K(75776K)->42976K(73728K) Eden: 12800K(12800K)->0K(12288K) From: 30144K(62976K)->42976K(61440K)
[1.436s][info][gc,heap        ] GC(42) ParOldGen: 220054K(251904K)->220054K(251904K)
[1.436s][info][gc,metaspace   ] GC(42) Metaspace: 6297K(6464K)->6297K(6464K) NonClass: 5763K(5824K)->5763K(5824K) Class: 533K(640K)->533K(640K)
[1.436s][info][gc             ] GC(42) Pause Young (Allocation Failure) 256M->256M(318M) 19.696ms
[1.436s][info][gc,cpu         ] GC(42) User=0.08s Sys=0.00s Real=0.02s
[1.450s][info][gc,start       ] GC(43) Pause Young (Allocation Failure)
[1.474s][info][gc,heap        ] GC(43) PSYoungGen: 55264K(73728K)->47072K(76288K) Eden: 12288K(12288K)->0K(12288K) From: 42976K(61440K)->47072K(64000K)
[1.474s][info][gc,heap        ] GC(43) ParOldGen: 220054K(251904K)->228310K(251904K)
[1.474s][info][gc,metaspace   ] GC(43) Metaspace: 6297K(6464K)->6297K(6464K) NonClass: 5763K(5824K)->5763K(5824K) Class: 533K(640K)->533K(640K)
[1.474s][info][gc             ] GC(43) Pause Young (Allocation Failure) 268M->268M(320M) 24.343ms
[1.474s][info][gc,cpu         ] GC(43) User=0.09s Sys=0.00s Real=0.02s
[1.488s][info][gc,start       ] GC(44) Pause Young (Allocation Failure)
[1.516s][info][gc,heap        ] GC(44) PSYoungGen: 59360K(76288K)->37440K(80896K) Eden: 12288K(12288K)->0K(14848K) From: 47072K(64000K)->37440K(66048K)
[1.516s][info][gc,heap        ] GC(44) ParOldGen: 228310K(251904K)->250510K(251904K)
[1.516s][info][gc,metaspace   ] GC(44) Metaspace: 6297K(6464K)->6297K(6464K) NonClass: 5763K(5824K)->5763K(5824K) Class: 533K(640K)->533K(640K)
[1.516s][info][gc             ] GC(44) Pause Young (Allocation Failure) 280M->281M(325M) 28.095ms
[1.516s][info][gc,cpu         ] GC(44) User=0.08s Sys=0.03s Real=0.03s
[1.516s][info][gc,start       ] GC(45) Pause Full (Ergonomics)
[1.516s][info][gc,phases,start] GC(45) Marking Phase
[1.579s][info][gc,phases      ] GC(45) Marking Phase 62.875ms
[1.579s][info][gc,phases,start] GC(45) Summary Phase
[1.579s][info][gc,phases      ] GC(45) Summary Phase 0.017ms
[1.579s][info][gc,phases,start] GC(45) Adjust Roots
[1.580s][info][gc,phases      ] GC(45) Adjust Roots 0.144ms
[1.580s][info][gc,phases,start] GC(45) Compaction Phase
[1.615s][info][gc,phases      ] GC(45) Compaction Phase 35.117ms
[1.615s][info][gc,phases,start] GC(45) Post Compact
[1.616s][info][gc,phases      ] GC(45) Post Compact 1.252ms
[1.616s][info][gc,heap        ] GC(45) PSYoungGen: 37440K(80896K)->35741K(81920K) Eden: 0K(14848K)->0K(15872K) From: 37440K(66048K)->35741K(66048K)
[1.616s][info][gc,heap        ] GC(45) ParOldGen: 250510K(251904K)->251401K(297472K)
[1.616s][info][gc,metaspace   ] GC(45) Metaspace: 6297K(6464K)->6297K(6464K) NonClass: 5763K(5824K)->5763K(5824K) Class: 533K(640K)->533K(640K)
[1.616s][info][gc             ] GC(45) Pause Full (Ergonomics) 281M->280M(370M) 99.929ms
[1.616s][info][gc,cpu         ] GC(45) User=0.50s Sys=0.00s Real=0.10s
[1.634s][info][gc,start       ] GC(46) Pause Young (Allocation Failure)
[1.665s][info][gc,heap        ] GC(46) PSYoungGen: 51613K(81920K)->27648K(43520K) Eden: 15872K(15872K)->0K(15872K) From: 35741K(66048K)->27648K(27648K)
[1.665s][info][gc,heap        ] GC(46) ParOldGen: 251401K(297472K)->275849K(297472K)
[1.665s][info][gc,metaspace   ] GC(46) Metaspace: 6297K(6464K)->6297K(6464K) NonClass: 5763K(5824K)->5763K(5824K) Class: 533K(640K)->533K(640K)
[1.665s][info][gc             ] GC(46) Pause Young (Allocation Failure) 295M->296M(333M) 31.362ms
[1.665s][info][gc,cpu         ] GC(46) User=0.14s Sys=0.00s Real=0.03s
[1.665s][info][gc,start       ] GC(47) Pause Full (Ergonomics)
[1.665s][info][gc,phases,start] GC(47) Marking Phase
[1.725s][info][gc,phases      ] GC(47) Marking Phase 60.080ms
[1.725s][info][gc,phases,start] GC(47) Summary Phase
[1.725s][info][gc,phases      ] GC(47) Summary Phase 0.017ms
[1.725s][info][gc,phases,start] GC(47) Adjust Roots
[1.726s][info][gc,phases      ] GC(47) Adjust Roots 0.146ms
[1.726s][info][gc,phases,start] GC(47) Compaction Phase
[1.755s][info][gc,phases      ] GC(47) Compaction Phase 29.474ms
[1.755s][info][gc,phases,start] GC(47) Post Compact
[1.757s][info][gc,phases      ] GC(47) Post Compact 1.349ms
[1.757s][info][gc,heap        ] GC(47) PSYoungGen: 27648K(43520K)->5533K(43520K) Eden: 0K(15872K)->0K(15872K) From: 27648K(27648K)->5533K(27648K)
[1.757s][info][gc,heap        ] GC(47) ParOldGen: 275849K(297472K)->297450K(350208K)
[1.757s][info][gc,metaspace   ] GC(47) Metaspace: 6297K(6464K)->6297K(6464K) NonClass: 5763K(5824K)->5763K(5824K) Class: 533K(640K)->533K(640K)
[1.757s][info][gc             ] GC(47) Pause Full (Ergonomics) 296M->295M(384M) 91.667ms
[1.757s][info][gc,cpu         ] GC(47) User=0.56s Sys=0.05s Real=0.09s
[1.775s][info][gc,start       ] GC(48) Pause Young (Allocation Failure)
[1.799s][info][gc,heap        ] GC(48) PSYoungGen: 21405K(43520K)->19872K(77824K) Eden: 15872K(15872K)->0K(17920K) From: 5533K(27648K)->19872K(59904K)
[1.799s][info][gc,heap        ] GC(48) ParOldGen: 297450K(350208K)->299146K(350208K)
[1.799s][info][gc,metaspace   ] GC(48) Metaspace: 6297K(6464K)->6297K(6464K) NonClass: 5763K(5824K)->5763K(5824K) Class: 533K(640K)->533K(640K)
[1.799s][info][gc             ] GC(48) Pause Young (Allocation Failure) 311M->311M(418M) 23.412ms
[1.799s][info][gc,cpu         ] GC(48) User=0.12s Sys=0.00s Real=0.02s
[1.819s][info][gc,start       ] GC(49) Pause Young (Allocation Failure)
[1.839s][info][gc,heap        ] GC(49) PSYoungGen: 37792K(77824K)->37824K(79872K) Eden: 17920K(17920K)->0K(17920K) From: 19872K(59904K)->37824K(61952K)
[1.839s][info][gc,heap        ] GC(49) ParOldGen: 299146K(350208K)->299146K(350208K)
[1.839s][info][gc,metaspace   ] GC(49) Metaspace: 6297K(6464K)->6297K(6464K) NonClass: 5763K(5824K)->5763K(5824K) Class: 533K(640K)->533K(640K)
[1.839s][info][gc             ] GC(49) Pause Young (Allocation Failure) 329M->329M(420M) 19.316ms
[1.839s][info][gc,cpu         ] GC(49) User=0.12s Sys=0.00s Real=0.02s
[1.918s][info][gc,start       ] GC(50) Pause Young (Allocation Failure)
[1.951s][info][gc,heap        ] GC(50) PSYoungGen: 55744K(79872K)->55808K(75776K) Eden: 17920K(17920K)->0K(13824K) From: 37824K(61952K)->55808K(61952K)
[1.951s][info][gc,heap        ] GC(50) ParOldGen: 315530K(350208K)->315530K(350208K)
[1.951s][info][gc,metaspace   ] GC(50) Metaspace: 6297K(6464K)->6297K(6464K) NonClass: 5763K(5824K)->5763K(5824K) Class: 533K(640K)->533K(640K)
[1.951s][info][gc             ] GC(50) Pause Young (Allocation Failure) 362M->362M(416M) 32.838ms
[1.951s][info][gc,cpu         ] GC(50) User=0.23s Sys=0.02s Real=0.03s
[1.964s][info][gc,start       ] GC(51) Pause Young (Allocation Failure)
[1.995s][info][gc,heap        ] GC(51) PSYoungGen: 69632K(75776K)->68608K(82432K) Eden: 13824K(13824K)->0K(13824K) From: 55808K(61952K)->68608K(68608K)
[1.995s][info][gc,heap        ] GC(51) ParOldGen: 315530K(350208K)->316434K(350208K)
[1.995s][info][gc,metaspace   ] GC(51) Metaspace: 6297K(6464K)->6297K(6464K) NonClass: 5763K(5824K)->5763K(5824K) Class: 533K(640K)->533K(640K)
[1.995s][info][gc             ] GC(51) Pause Young (Allocation Failure) 376M->376M(422M) 30.770ms
[1.995s][info][gc,cpu         ] GC(51) User=0.14s Sys=0.00s Real=0.03s
[2.009s][info][gc,start       ] GC(52) Pause Young (Allocation Failure)
[2.050s][info][gc,heap        ] GC(52) PSYoungGen: 82432K(82432K)->62784K(89088K) Eden: 13824K(13824K)->0K(10240K) From: 68608K(68608K)->62784K(78848K)
[2.051s][info][gc,heap        ] GC(52) ParOldGen: 316434K(350208K)->336458K(350208K)
[2.051s][info][gc,metaspace   ] GC(52) Metaspace: 6297K(6464K)->6297K(6464K) NonClass: 5763K(5824K)->5763K(5824K) Class: 533K(640K)->533K(640K)
[2.051s][info][gc             ] GC(52) Pause Young (Allocation Failure) 389M->389M(429M) 41.117ms
[2.051s][info][gc,cpu         ] GC(52) User=0.30s Sys=0.02s Real=0.04s
[2.051s][info][gc,start       ] GC(53) Pause Full (Ergonomics)
[2.051s][info][gc,phases,start] GC(53) Marking Phase
[2.135s][info][gc,phases      ] GC(53) Marking Phase 84.096ms
[2.135s][info][gc,phases,start] GC(53) Summary Phase
[2.135s][info][gc,phases      ] GC(53) Summary Phase 0.019ms
[2.135s][info][gc,phases,start] GC(53) Adjust Roots
[2.135s][info][gc,phases      ] GC(53) Adjust Roots 0.175ms
[2.135s][info][gc,phases,start] GC(53) Compaction Phase
[2.207s][info][gc,phases      ] GC(53) Compaction Phase 72.318ms
[2.207s][info][gc,phases,start] GC(53) Post Compact
[2.210s][info][gc,phases      ] GC(53) Post Compact 2.202ms
[2.210s][info][gc,heap        ] GC(53) PSYoungGen: 62784K(89088K)->40541K(89088K) Eden: 0K(10240K)->0K(10240K) From: 62784K(78848K)->40541K(78848K)
[2.210s][info][gc,heap        ] GC(53) ParOldGen: 336458K(350208K)->349841K(405504K)
[2.210s][info][gc,metaspace   ] GC(53) Metaspace: 6297K(6464K)->6297K(6464K) NonClass: 5763K(5824K)->5763K(5824K) Class: 533K(640K)->533K(640K)
[2.210s][info][gc             ] GC(53) Pause Full (Ergonomics) 389M->381M(483M) 159.406ms
[2.210s][info][gc,cpu         ] GC(53) User=0.97s Sys=0.00s Real=0.16s
[2.222s][info][gc,start       ] GC(54) Pause Young (Allocation Failure)
[2.259s][info][gc,heap        ] GC(54) PSYoungGen: 50781K(89088K)->40160K(50688K) Eden: 10240K(10240K)->0K(10240K) From: 40541K(78848K)->40160K(40448K)
[2.259s][info][gc,heap        ] GC(54) ParOldGen: 349841K(405504K)->360809K(405504K)
[2.259s][info][gc,metaspace   ] GC(54) Metaspace: 6297K(6464K)->6297K(6464K) NonClass: 5763K(5824K)->5763K(5824K) Class: 533K(640K)->533K(640K)
[2.260s][info][gc             ] GC(54) Pause Young (Allocation Failure) 391M->391M(445M) 37.565ms
[2.260s][info][gc,cpu         ] GC(54) User=0.25s Sys=0.00s Real=0.04s
[2.271s][info][gc,start       ] GC(55) Pause Young (Allocation Failure)
[2.294s][info][gc,heap        ] GC(55) PSYoungGen: 50400K(50688K)->38752K(83968K) Eden: 10240K(10240K)->0K(11776K) From: 40160K(40448K)->38752K(72192K)
[2.294s][info][gc,heap        ] GC(55) ParOldGen: 360809K(405504K)->372593K(405504K)
[2.294s][info][gc,metaspace   ] GC(55) Metaspace: 6297K(6464K)->6297K(6464K) NonClass: 5763K(5824K)->5763K(5824K) Class: 533K(640K)->533K(640K)
[2.294s][info][gc             ] GC(55) Pause Young (Allocation Failure) 401M->401M(478M) 23.303ms
[2.294s][info][gc,cpu         ] GC(55) User=0.12s Sys=0.00s Real=0.02s
[2.306s][info][gc,start       ] GC(56) Pause Young (Allocation Failure)
[2.329s][info][gc,heap        ] GC(56) PSYoungGen: 50528K(83968K)->32352K(44544K) Eden: 11776K(11776K)->0K(11776K) From: 38752K(72192K)->32352K(32768K)
[2.329s][info][gc,heap        ] GC(56) ParOldGen: 372593K(405504K)->390985K(405504K)
[2.329s][info][gc,metaspace   ] GC(56) Metaspace: 6297K(6464K)->6297K(6464K) NonClass: 5763K(5824K)->5763K(5824K) Class: 533K(640K)->533K(640K)
[2.329s][info][gc             ] GC(56) Pause Young (Allocation Failure) 413M->413M(439M) 23.657ms
[2.329s][info][gc,cpu         ] GC(56) User=0.12s Sys=0.02s Real=0.02s
[2.330s][info][gc,start       ] GC(57) Pause Full (Ergonomics)
[2.330s][info][gc,phases,start] GC(57) Marking Phase
[2.420s][info][gc,phases      ] GC(57) Marking Phase 90.745ms
[2.420s][info][gc,phases,start] GC(57) Summary Phase
[2.420s][info][gc,phases      ] GC(57) Summary Phase 0.022ms
[2.420s][info][gc,phases,start] GC(57) Adjust Roots
[2.421s][info][gc,phases      ] GC(57) Adjust Roots 0.149ms
[2.421s][info][gc,phases,start] GC(57) Compaction Phase
[2.468s][info][gc,phases      ] GC(57) Compaction Phase 47.044ms
[2.468s][info][gc,phases,start] GC(57) Post Compact
[2.470s][info][gc,phases      ] GC(57) Post Compact 2.211ms
[2.471s][info][gc,heap        ] GC(57) PSYoungGen: 32352K(44544K)->17347K(44544K) Eden: 0K(11776K)->0K(11776K) From: 32352K(32768K)->17347K(32768K)
[2.471s][info][gc,heap        ] GC(57) ParOldGen: 390985K(405504K)->405200K(463360K)
[2.471s][info][gc,metaspace   ] GC(57) Metaspace: 6297K(6464K)->6297K(6464K) NonClass: 5763K(5824K)->5763K(5824K) Class: 533K(640K)->533K(640K)
[2.471s][info][gc             ] GC(57) Pause Full (Ergonomics) 413M->412M(496M) 141.232ms
[2.471s][info][gc,cpu         ] GC(57) User=0.89s Sys=0.00s Real=0.14s
[2.485s][info][gc,start       ] GC(58) Pause Young (Allocation Failure)
[2.516s][info][gc,heap        ] GC(58) PSYoungGen: 29123K(44544K)->19296K(85504K) Eden: 11776K(11776K)->0K(13312K) From: 17347K(32768K)->19296K(72192K)
[2.516s][info][gc,heap        ] GC(58) ParOldGen: 405200K(463360K)->415336K(463360K)
[2.516s][info][gc,metaspace   ] GC(58) Metaspace: 6297K(6464K)->6297K(6464K) NonClass: 5763K(5824K)->5763K(5824K) Class: 533K(640K)->533K(640K)
[2.516s][info][gc             ] GC(58) Pause Young (Allocation Failure) 424M->424M(536M) 31.014ms
[2.516s][info][gc,cpu         ] GC(58) User=0.14s Sys=0.00s Real=0.03s
[2.529s][info][gc,start       ] GC(59) Pause Young (Allocation Failure)
[2.546s][info][gc,heap        ] GC(59) PSYoungGen: 32608K(85504K)->25216K(86528K) Eden: 13312K(13312K)->0K(13312K) From: 19296K(72192K)->25216K(73216K)
[2.546s][info][gc,heap        ] GC(59) ParOldGen: 415336K(463360K)->422848K(463360K)
[2.546s][info][gc,metaspace   ] GC(59) Metaspace: 6297K(6464K)->6297K(6464K) NonClass: 5763K(5824K)->5763K(5824K) Class: 533K(640K)->533K(640K)
[2.546s][info][gc             ] GC(59) Pause Young (Allocation Failure) 437M->437M(537M) 16.972ms
[2.546s][info][gc,cpu         ] GC(59) User=0.03s Sys=0.00s Real=0.02s
[2.561s][info][gc,start       ] GC(60) Pause Young (Allocation Failure)
[2.581s][info][gc,heap        ] GC(60) PSYoungGen: 38528K(86528K)->26688K(83456K) Eden: 13312K(13312K)->0K(15360K) From: 25216K(73216K)->26688K(68096K)
[2.581s][info][gc,heap        ] GC(60) ParOldGen: 422848K(463360K)->434784K(463360K)
[2.581s][info][gc,metaspace   ] GC(60) Metaspace: 6297K(6464K)->6297K(6464K) NonClass: 5763K(5824K)->5763K(5824K) Class: 533K(640K)->533K(640K)
[2.581s][info][gc             ] GC(60) Pause Young (Allocation Failure) 450M->450M(534M) 20.269ms
[2.581s][info][gc,cpu         ] GC(60) User=0.12s Sys=0.00s Real=0.02s
[2.597s][info][gc,start       ] GC(61) Pause Young (Allocation Failure)
[2.619s][info][gc,heap        ] GC(61) PSYoungGen: 42048K(83456K)->28800K(44544K) Eden: 15360K(15360K)->0K(15360K) From: 26688K(68096K)->28800K(29184K)
[2.619s][info][gc,heap        ] GC(61) ParOldGen: 434784K(463360K)->448272K(463360K)
[2.619s][info][gc,metaspace   ] GC(61) Metaspace: 6297K(6464K)->6297K(6464K) NonClass: 5763K(5824K)->5763K(5824K) Class: 533K(640K)->533K(640K)
[2.619s][info][gc             ] GC(61) Pause Young (Allocation Failure) 465M->465M(496M) 21.368ms
[2.619s][info][gc,cpu         ] GC(61) User=0.12s Sys=0.00s Real=0.02s
[2.619s][info][gc,start       ] GC(62) Pause Full (Ergonomics)
[2.619s][info][gc,phases,start] GC(62) Marking Phase
[2.726s][info][gc,phases      ] GC(62) Marking Phase 107.384ms
[2.726s][info][gc,phases,start] GC(62) Summary Phase
[2.726s][info][gc,phases      ] GC(62) Summary Phase 0.019ms
[2.726s][info][gc,phases,start] GC(62) Adjust Roots
[2.727s][info][gc,phases      ] GC(62) Adjust Roots 0.143ms
[2.727s][info][gc,phases,start] GC(62) Compaction Phase
[2.775s][info][gc,phases      ] GC(62) Compaction Phase 48.108ms
[2.775s][info][gc,phases,start] GC(62) Post Compact
[2.777s][info][gc,phases      ] GC(62) Post Compact 2.480ms
[2.777s][info][gc,heap        ] GC(62) PSYoungGen: 28800K(44544K)->13281K(44544K) Eden: 0K(15360K)->0K(15360K) From: 28800K(29184K)->13281K(29184K)
[2.778s][info][gc,heap        ] GC(62) ParOldGen: 448272K(463360K)->462904K(520192K)
[2.778s][info][gc,metaspace   ] GC(62) Metaspace: 6297K(6464K)->6297K(6464K) NonClass: 5763K(5824K)->5763K(5824K) Class: 533K(640K)->533K(640K)
[2.778s][info][gc             ] GC(62) Pause Full (Ergonomics) 465M->465M(551M) 158.656ms
[2.778s][info][gc,cpu         ] GC(62) User=1.03s Sys=0.00s Real=0.16s
[2.798s][info][gc,start       ] GC(63) Pause Young (Allocation Failure)
[2.832s][info][gc,heap        ] GC(63) PSYoungGen: 28641K(44544K)->22560K(81408K) Eden: 15360K(15360K)->0K(17408K) From: 13281K(29184K)->22560K(64000K)
[2.832s][info][gc,heap        ] GC(63) ParOldGen: 462904K(520192K)->469248K(520192K)
[2.832s][info][gc,metaspace   ] GC(63) Metaspace: 6297K(6464K)->6297K(6464K) NonClass: 5763K(5824K)->5763K(5824K) Class: 533K(640K)->533K(640K)
[2.832s][info][gc             ] GC(63) Pause Young (Allocation Failure) 480M->480M(587M) 33.725ms
[2.832s][info][gc,cpu         ] GC(63) User=0.14s Sys=0.00s Real=0.03s
[2.850s][info][gc,start       ] GC(64) Pause Young (Allocation Failure)
[2.871s][info][gc,heap        ] GC(64) PSYoungGen: 39968K(81408K)->39968K(82944K) Eden: 17408K(17408K)->0K(17408K) From: 22560K(64000K)->39968K(65536K)
[2.871s][info][gc,heap        ] GC(64) ParOldGen: 469248K(520192K)->469248K(520192K)
[2.871s][info][gc,metaspace   ] GC(64) Metaspace: 6297K(6464K)->6297K(6464K) NonClass: 5763K(5824K)->5763K(5824K) Class: 533K(640K)->533K(640K)
[2.871s][info][gc             ] GC(64) Pause Young (Allocation Failure) 497M->497M(589M) 20.980ms
[2.871s][info][gc,cpu         ] GC(64) User=0.14s Sys=0.00s Real=0.02s
[2.890s][info][gc,start       ] GC(65) Pause Young (Allocation Failure)
[2.917s][info][gc,heap        ] GC(65) PSYoungGen: 57376K(82944K)->50336K(81408K) Eden: 17408K(17408K)->0K(16384K) From: 39968K(65536K)->50336K(65024K)
[2.917s][info][gc,heap        ] GC(65) ParOldGen: 469248K(520192K)->476400K(520192K)
[2.917s][info][gc,metaspace   ] GC(65) Metaspace: 6297K(6464K)->6297K(6464K) NonClass: 5763K(5824K)->5763K(5824K) Class: 533K(640K)->533K(640K)
[2.917s][info][gc             ] GC(65) Pause Young (Allocation Failure) 514M->514M(587M) 27.171ms
[2.917s][info][gc,cpu         ] GC(65) User=0.14s Sys=0.00s Real=0.03s
[2.935s][info][gc,start       ] GC(66) Pause Young (Allocation Failure)
[2.967s][info][gc,heap        ] GC(66) PSYoungGen: 66720K(81408K)->51360K(84480K) Eden: 16384K(16384K)->0K(16384K) From: 50336K(65024K)->51360K(68096K)
[2.967s][info][gc,heap        ] GC(66) ParOldGen: 476400K(520192K)->491984K(520192K)
[2.967s][info][gc,metaspace   ] GC(66) Metaspace: 6297K(6464K)->6297K(6464K) NonClass: 5763K(5824K)->5763K(5824K) Class: 533K(640K)->533K(640K)
[2.967s][info][gc             ] GC(66) Pause Young (Allocation Failure) 530M->530M(590M) 32.083ms
[2.967s][info][gc,cpu         ] GC(66) User=0.14s Sys=0.00s Real=0.03s
[2.986s][info][gc,start       ] GC(67) Pause Young (Allocation Failure)
[3.020s][info][gc,heap        ] GC(67) PSYoungGen: 67744K(84480K)->50304K(87040K) Eden: 16384K(16384K)->0K(16384K) From: 51360K(68096K)->50304K(70656K)
[3.020s][info][gc,heap        ] GC(67) ParOldGen: 491984K(520192K)->509616K(520192K)
[3.020s][info][gc,metaspace   ] GC(67) Metaspace: 6297K(6464K)->6297K(6464K) NonClass: 5763K(5824K)->5763K(5824K) Class: 533K(640K)->533K(640K)
[3.020s][info][gc             ] GC(67) Pause Young (Allocation Failure) 546M->546M(593M) 34.100ms
[3.021s][info][gc,cpu         ] GC(67) User=0.14s Sys=0.00s Real=0.03s
[3.021s][info][gc,start       ] GC(68) Pause Full (Ergonomics)
[3.021s][info][gc,phases,start] GC(68) Marking Phase
[3.156s][info][gc,phases      ] GC(68) Marking Phase 135.797ms
[3.156s][info][gc,phases,start] GC(68) Summary Phase
[3.156s][info][gc,phases      ] GC(68) Summary Phase 0.029ms
[3.157s][info][gc,phases,start] GC(68) Adjust Roots
[3.157s][info][gc,phases      ] GC(68) Adjust Roots 0.152ms
[3.157s][info][gc,phases,start] GC(68) Compaction Phase
[3.213s][info][gc,phases      ] GC(68) Compaction Phase 56.064ms
[3.213s][info][gc,phases,start] GC(68) Post Compact
[3.214s][info][gc,phases      ] GC(68) Post Compact 0.943ms
[3.214s][info][gc,heap        ] GC(68) PSYoungGen: 50304K(87040K)->38839K(87040K) Eden: 0K(16384K)->0K(16384K) From: 50304K(70656K)->38839K(70656K)
[3.214s][info][gc,heap        ] GC(68) ParOldGen: 509616K(520192K)->520132K(581120K)
[3.214s][info][gc,metaspace   ] GC(68) Metaspace: 6297K(6464K)->6297K(6464K) NonClass: 5763K(5824K)->5763K(5824K) Class: 533K(640K)->533K(640K)
[3.214s][info][gc             ] GC(68) Pause Full (Ergonomics) 546M->545M(652M) 193.486ms
[3.214s][info][gc,cpu         ] GC(68) User=1.30s Sys=0.02s Real=0.19s
[3.233s][info][gc,start       ] GC(69) Pause Young (Allocation Failure)
[3.279s][info][gc,heap        ] GC(69) PSYoungGen: 55223K(87040K)->29376K(89088K) Eden: 16384K(16384K)->0K(16384K) From: 38839K(70656K)->29376K(72704K)
[3.279s][info][gc,heap        ] GC(69) ParOldGen: 520132K(581120K)->546524K(581120K)
[3.279s][info][gc,metaspace   ] GC(69) Metaspace: 6297K(6464K)->6297K(6464K) NonClass: 5763K(5824K)->5763K(5824K) Class: 533K(640K)->533K(640K)
[3.279s][info][gc             ] GC(69) Pause Young (Allocation Failure) 561M->562M(654M) 46.267ms
[3.279s][info][gc,cpu         ] GC(69) User=0.25s Sys=0.00s Real=0.05s
[3.297s][info][gc,start       ] GC(70) Pause Young (Allocation Failure)
[3.321s][info][gc,heap        ] GC(70) PSYoungGen: 45760K(89088K)->32896K(83968K) Eden: 16384K(16384K)->0K(18432K) From: 29376K(72704K)->32896K(65536K)
[3.321s][info][gc,heap        ] GC(70) ParOldGen: 546524K(581120K)->559540K(581120K)
[3.321s][info][gc,metaspace   ] GC(70) Metaspace: 6297K(6464K)->6297K(6464K) NonClass: 5763K(5824K)->5763K(5824K) Class: 533K(640K)->533K(640K)
[3.321s][info][gc             ] GC(70) Pause Young (Allocation Failure) 578M->578M(649M) 24.100ms
[3.321s][info][gc,cpu         ] GC(70) User=0.12s Sys=0.00s Real=0.02s
[3.321s][info][gc,start       ] GC(71) Pause Full (Ergonomics)
[3.321s][info][gc,phases,start] GC(71) Marking Phase
[3.452s][info][gc,phases      ] GC(71) Marking Phase 131.042ms
[3.452s][info][gc,phases,start] GC(71) Summary Phase
[3.452s][info][gc,phases      ] GC(71) Summary Phase 0.027ms
[3.452s][info][gc,phases,start] GC(71) Adjust Roots
[3.453s][info][gc,phases      ] GC(71) Adjust Roots 0.149ms
[3.453s][info][gc,phases,start] GC(71) Compaction Phase
[3.504s][info][gc,phases      ] GC(71) Compaction Phase 51.738ms
[3.504s][info][gc,phases,start] GC(71) Post Compact
[3.505s][info][gc,phases      ] GC(71) Post Compact 0.989ms
[3.506s][info][gc,heap        ] GC(71) PSYoungGen: 32896K(83968K)->10732K(86016K) Eden: 0K(18432K)->0K(20480K) From: 32896K(65536K)->10732K(65536K)
[3.506s][info][gc,heap        ] GC(71) ParOldGen: 559540K(581120K)->580943K(649216K)
[3.506s][info][gc,metaspace   ] GC(71) Metaspace: 6297K(6464K)->6297K(6464K) NonClass: 5763K(5824K)->5763K(5824K) Class: 533K(640K)->533K(640K)
[3.506s][info][gc             ] GC(71) Pause Full (Ergonomics) 578M->577M(718M) 184.466ms
[3.506s][info][gc,cpu         ] GC(71) User=1.39s Sys=0.00s Real=0.19s
[3.530s][info][gc,start       ] GC(72) Pause Young (Allocation Failure)
[3.570s][info][gc,heap        ] GC(72) PSYoungGen: 31212K(86016K)->25280K(88576K) Eden: 20480K(20480K)->0K(20480K) From: 10732K(65536K)->25280K(68096K)
[3.570s][info][gc,heap        ] GC(72) ParOldGen: 580943K(649216K)->587143K(649216K)
[3.570s][info][gc,metaspace   ] GC(72) Metaspace: 6297K(6464K)->6297K(6464K) NonClass: 5763K(5824K)->5763K(5824K) Class: 533K(640K)->533K(640K)
[3.570s][info][gc             ] GC(72) Pause Young (Allocation Failure) 597M->598M(720M) 40.392ms
[3.570s][info][gc,cpu         ] GC(72) User=0.25s Sys=0.00s Real=0.04s
[3.597s][info][gc,start       ] GC(73) Pause Young (Allocation Failure)
[3.622s][info][gc,heap        ] GC(73) PSYoungGen: 45760K(88576K)->45792K(89088K) Eden: 20480K(20480K)->0K(22016K) From: 25280K(68096K)->45792K(67072K)
[3.622s][info][gc,heap        ] GC(73) ParOldGen: 587143K(649216K)->587143K(649216K)
[3.622s][info][gc,metaspace   ] GC(73) Metaspace: 6297K(6464K)->6297K(6464K) NonClass: 5763K(5824K)->5763K(5824K) Class: 533K(640K)->533K(640K)
[3.622s][info][gc             ] GC(73) Pause Young (Allocation Failure) 618M->618M(721M) 24.998ms
[3.622s][info][gc,cpu         ] GC(73) User=0.12s Sys=0.00s Real=0.03s
[3.650s][info][gc,start       ] GC(74) Pause Young (Allocation Failure)
[3.684s][info][gc,heap        ] GC(74) PSYoungGen: 67808K(89088K)->67584K(89600K) Eden: 22016K(22016K)->0K(22016K) From: 45792K(67072K)->67584K(67584K)
[3.684s][info][gc,heap        ] GC(74) ParOldGen: 587143K(649216K)->587383K(649216K)
[3.685s][info][gc,metaspace   ] GC(74) Metaspace: 6297K(6464K)->6297K(6464K) NonClass: 5763K(5824K)->5763K(5824K) Class: 533K(640K)->533K(640K)
[3.685s][info][gc             ] GC(74) Pause Young (Allocation Failure) 639M->639M(721M) 34.450ms
[3.685s][info][gc,cpu         ] GC(74) User=0.12s Sys=0.00s Real=0.03s
[3.710s][info][gc,start       ] GC(75) Pause Young (Allocation Failure)
[3.760s][info][gc,heap        ] GC(75) PSYoungGen: 89600K(89600K)->64480K(94720K) Eden: 22016K(22016K)->0K(18944K) From: 67584K(67584K)->64480K(75776K)
[3.760s][info][gc,heap        ] GC(75) ParOldGen: 587383K(649216K)->612823K(649216K)
[3.760s][info][gc,metaspace   ] GC(75) Metaspace: 6297K(6464K)->6297K(6464K) NonClass: 5763K(5824K)->5763K(5824K) Class: 533K(640K)->533K(640K)
[3.760s][info][gc             ] GC(75) Pause Young (Allocation Failure) 661M->661M(726M) 50.064ms
[3.760s][info][gc,cpu         ] GC(75) User=0.22s Sys=0.03s Real=0.05s
[3.787s][info][gc,start       ] GC(76) Pause Young (Allocation Failure)
[3.828s][info][gc,heap        ] GC(76) PSYoungGen: 83424K(94720K)->63104K(100352K) Eden: 18944K(18944K)->0K(18944K) From: 64480K(75776K)->63104K(81408K)
[3.828s][info][gc,heap        ] GC(76) ParOldGen: 612823K(649216K)->633447K(649216K)
[3.828s][info][gc,metaspace   ] GC(76) Metaspace: 6297K(6464K)->6297K(6464K) NonClass: 5763K(5824K)->5763K(5824K) Class: 533K(640K)->533K(640K)
[3.828s][info][gc             ] GC(76) Pause Young (Allocation Failure) 679M->680M(732M) 41.308ms
[3.828s][info][gc,cpu         ] GC(76) User=0.27s Sys=0.00s Real=0.04s
[3.828s][info][gc,start       ] GC(77) Pause Full (Ergonomics)
[3.828s][info][gc,phases,start] GC(77) Marking Phase
[3.978s][info][gc,phases      ] GC(77) Marking Phase 150.113ms
[3.978s][info][gc,phases,start] GC(77) Summary Phase
[3.978s][info][gc,phases      ] GC(77) Summary Phase 0.022ms
[3.978s][info][gc,phases,start] GC(77) Adjust Roots
[3.978s][info][gc,phases      ] GC(77) Adjust Roots 0.145ms
[3.979s][info][gc,phases,start] GC(77) Compaction Phase
[4.041s][info][gc,phases      ] GC(77) Compaction Phase 62.917ms
[4.041s][info][gc,phases,start] GC(77) Post Compact
[4.043s][info][gc,phases      ] GC(77) Post Compact 1.237ms
[4.043s][info][gc,heap        ] GC(77) PSYoungGen: 63104K(100352K)->46476K(100352K) Eden: 0K(18944K)->0K(18944K) From: 63104K(81408K)->46476K(81408K)
[4.043s][info][gc,heap        ] GC(77) ParOldGen: 633447K(649216K)->648980K(725504K)
[4.043s][info][gc,metaspace   ] GC(77) Metaspace: 6297K(6464K)->6297K(6464K) NonClass: 5763K(5824K)->5763K(5824K) Class: 533K(640K)->533K(640K)
[4.043s][info][gc             ] GC(77) Pause Full (Ergonomics) 680M->679M(806M) 215.006ms
[4.043s][info][gc,cpu         ] GC(77) User=1.62s Sys=0.02s Real=0.21s
[4.190s][info][gc,start       ] GC(78) Pause Young (Allocation Failure)
[4.246s][info][gc,heap        ] GC(78) PSYoungGen: 65420K(100352K)->48640K(100864K) Eden: 18944K(18944K)->0K(20992K) From: 46476K(81408K)->48640K(79872K)
[4.247s][info][gc,heap        ] GC(78) ParOldGen: 681748K(725504K)->698940K(725504K)
[4.247s][info][gc,metaspace   ] GC(78) Metaspace: 6297K(6464K)->6297K(6464K) NonClass: 5763K(5824K)->5763K(5824K) Class: 533K(640K)->533K(640K)
[4.247s][info][gc             ] GC(78) Pause Young (Allocation Failure) 729M->730M(807M) 56.667ms
[4.247s][info][gc,cpu         ] GC(78) User=0.39s Sys=0.00s Real=0.06s
[4.247s][info][gc,start       ] GC(79) Pause Full (Ergonomics)
[4.247s][info][gc,phases,start] GC(79) Marking Phase
[4.420s][info][gc,phases      ] GC(79) Marking Phase 173.433ms
[4.420s][info][gc,phases,start] GC(79) Summary Phase
[4.420s][info][gc,phases      ] GC(79) Summary Phase 0.031ms
[4.420s][info][gc,phases,start] GC(79) Adjust Roots
[4.420s][info][gc,phases      ] GC(79) Adjust Roots 0.223ms
[4.420s][info][gc,phases,start] GC(79) Compaction Phase
[4.544s][info][gc,phases      ] GC(79) Compaction Phase 123.405ms
[4.544s][info][gc,phases,start] GC(79) Post Compact
[4.545s][info][gc,phases      ] GC(79) Post Compact 1.527ms
[4.546s][info][gc,heap        ] GC(79) PSYoungGen: 48640K(100864K)->5533K(103424K) Eden: 0K(20992K)->0K(23552K) From: 48640K(79872K)->5533K(79872K)
[4.546s][info][gc,heap        ] GC(79) ParOldGen: 698940K(725504K)->725218K(806912K)
[4.546s][info][gc,metaspace   ] GC(79) Metaspace: 6297K(6464K)->6297K(6464K) NonClass: 5763K(5824K)->5763K(5824K) Class: 533K(640K)->533K(640K)
[4.546s][info][gc             ] GC(79) Pause Full (Ergonomics) 730M->713M(889M) 299.247ms
[4.546s][info][gc,cpu         ] GC(79) User=1.91s Sys=0.02s Real=0.30s
[4.575s][info][gc,start       ] GC(80) Pause Young (Allocation Failure)
[4.619s][info][gc,heap        ] GC(80) PSYoungGen: 29085K(103424K)->29248K(106496K) Eden: 23552K(23552K)->0K(23552K) From: 5533K(79872K)->29248K(82944K)
[4.619s][info][gc,heap        ] GC(80) ParOldGen: 725218K(806912K)->725218K(806912K)
[4.619s][info][gc,metaspace   ] GC(80) Metaspace: 6297K(6464K)->6297K(6464K) NonClass: 5763K(5824K)->5763K(5824K) Class: 533K(640K)->533K(640K)
[4.619s][info][gc             ] GC(80) Pause Young (Allocation Failure) 736M->736M(892M) 44.235ms
[4.619s][info][gc,cpu         ] GC(80) User=0.25s Sys=0.00s Real=0.05s
[4.644s][info][gc,start       ] GC(81) Pause Young (Allocation Failure)
[4.671s][info][gc,heap        ] GC(81) PSYoungGen: 52800K(106496K)->52832K(107008K) Eden: 23552K(23552K)->0K(26112K) From: 29248K(82944K)->52832K(80896K)
[4.671s][info][gc,heap        ] GC(81) ParOldGen: 725218K(806912K)->725218K(806912K)
[4.671s][info][gc,metaspace   ] GC(81) Metaspace: 6297K(6464K)->6297K(6464K) NonClass: 5763K(5824K)->5763K(5824K) Class: 533K(640K)->533K(640K)
[4.671s][info][gc             ] GC(81) Pause Young (Allocation Failure) 759M->759M(892M) 27.004ms
[4.671s][info][gc,cpu         ] GC(81) User=0.05s Sys=0.00s Real=0.03s
[4.698s][info][gc,start       ] GC(82) Pause Young (Allocation Failure)
[4.735s][info][gc,heap        ] GC(82) PSYoungGen: 78944K(107008K)->78976K(107520K) Eden: 26112K(26112K)->0K(26112K) From: 52832K(80896K)->78976K(81408K)
[4.735s][info][gc,heap        ] GC(82) ParOldGen: 725218K(806912K)->725218K(806912K)
[4.735s][info][gc,metaspace   ] GC(82) Metaspace: 6297K(6464K)->6297K(6464K) NonClass: 5763K(5824K)->5763K(5824K) Class: 533K(640K)->533K(640K)
[4.735s][info][gc             ] GC(82) Pause Young (Allocation Failure) 785M->785M(893M) 37.372ms
[4.735s][info][gc,cpu         ] GC(82) User=0.25s Sys=0.00s Real=0.04s
[4.762s][info][gc,start       ] GC(83) Pause Young (Allocation Failure)
[4.812s][info][gc,heap        ] GC(83) PSYoungGen: 105088K(107520K)->90624K(102912K) Eden: 26112K(26112K)->0K(12288K) From: 78976K(81408K)->90624K(90624K)
[4.812s][info][gc,heap        ] GC(83) ParOldGen: 725218K(806912K)->739746K(806912K)
[4.812s][info][gc,metaspace   ] GC(83) Metaspace: 6297K(6464K)->6297K(6464K) NonClass: 5763K(5824K)->5763K(5824K) Class: 533K(640K)->533K(640K)
[4.812s][info][gc             ] GC(83) Pause Young (Allocation Failure) 810M->810M(888M) 49.879ms
[4.812s][info][gc,cpu         ] GC(83) User=0.30s Sys=0.08s Real=0.05s
[4.826s][info][gc,start       ] GC(84) Pause Young (Allocation Failure)
[4.871s][info][gc,heap        ] GC(84) PSYoungGen: 102912K(102912K)->102560K(119808K) Eden: 12288K(12288K)->0K(12288K) From: 90624K(90624K)->102560K(107520K)
[4.871s][info][gc,heap        ] GC(84) ParOldGen: 739746K(806912K)->740258K(806912K)
[4.871s][info][gc,metaspace   ] GC(84) Metaspace: 6297K(6464K)->6297K(6464K) NonClass: 5763K(5824K)->5763K(5824K) Class: 533K(640K)->533K(640K)
[4.871s][info][gc             ] GC(84) Pause Young (Allocation Failure) 822M->823M(905M) 45.605ms
[4.871s][info][gc,cpu         ] GC(84) User=0.27s Sys=0.00s Real=0.05s
[4.884s][info][gc,start       ] GC(85) Pause Young (Allocation Failure)
[4.936s][info][gc,heap        ] GC(85) PSYoungGen: 114848K(119808K)->114496K(120832K) Eden: 12288K(12288K)->0K(512K) From: 102560K(107520K)->114496K(120320K)
[4.936s][info][gc,heap        ] GC(85) ParOldGen: 740258K(806912K)->740666K(806912K)
[4.936s][info][gc,metaspace   ] GC(85) Metaspace: 6297K(6464K)->6297K(6464K) NonClass: 5763K(5824K)->5763K(5824K) Class: 533K(640K)->533K(640K)
[4.936s][info][gc             ] GC(85) Pause Young (Allocation Failure) 835M->835M(906M) 51.364ms
[4.936s][info][gc,cpu         ] GC(85) User=0.48s Sys=0.02s Real=0.05s
[4.936s][info][gc,start       ] GC(86) Pause Young (Allocation Failure)
[4.989s][info][gc,heap        ] GC(86) PSYoungGen: 115008K(120832K)->72672K(73216K) Eden: 512K(512K)->0K(512K) From: 114496K(120320K)->72672K(72704K)
[4.989s][info][gc,heap        ] GC(86) ParOldGen: 740666K(806912K)->783434K(806912K)
[4.989s][info][gc,metaspace   ] GC(86) Metaspace: 6297K(6464K)->6297K(6464K) NonClass: 5763K(5824K)->5763K(5824K) Class: 533K(640K)->533K(640K)
[4.989s][info][gc             ] GC(86) Pause Young (Allocation Failure) 835M->836M(859M) 52.784ms
[4.989s][info][gc,cpu         ] GC(86) User=0.33s Sys=0.05s Real=0.05s
[4.989s][info][gc,start       ] GC(87) Pause Full (Ergonomics)
[4.989s][info][gc,phases,start] GC(87) Marking Phase
[5.190s][info][gc,phases      ] GC(87) Marking Phase 200.634ms
[5.190s][info][gc,phases,start] GC(87) Summary Phase
[5.190s][info][gc,phases      ] GC(87) Summary Phase 0.030ms
[5.190s][info][gc,phases,start] GC(87) Adjust Roots
[5.190s][info][gc,phases      ] GC(87) Adjust Roots 0.191ms
[5.190s][info][gc,phases,start] GC(87) Compaction Phase
[5.278s][info][gc,phases      ] GC(87) Compaction Phase 87.751ms
[5.278s][info][gc,phases,start] GC(87) Post Compact
[5.280s][info][gc,phases      ] GC(87) Post Compact 1.724ms
[5.280s][info][gc,heap        ] GC(87) PSYoungGen: 72672K(73216K)->48381K(73216K) Eden: 0K(512K)->0K(512K) From: 72672K(72704K)->48381K(72704K)
[5.280s][info][gc,heap        ] GC(87) ParOldGen: 783434K(806912K)->806577K(900096K)
[5.280s][info][gc,metaspace   ] GC(87) Metaspace: 6297K(6464K)->6297K(6464K) NonClass: 5763K(5824K)->5763K(5824K) Class: 533K(640K)->533K(640K)
[5.280s][info][gc             ] GC(87) Pause Full (Ergonomics) 836M->834M(950M) 291.038ms
[5.280s][info][gc,cpu         ] GC(87) User=2.00s Sys=0.00s Real=0.29s
[5.281s][info][gc,start       ] GC(88) Pause Young (Allocation Failure)
[5.336s][info][gc,heap        ] GC(88) PSYoungGen: 48893K(73216K)->17312K(131584K) Eden: 512K(512K)->0K(512K) From: 48381K(72704K)->17312K(131072K)
[5.336s][info][gc,heap        ] GC(88) ParOldGen: 806577K(900096K)->838721K(900096K)
[5.336s][info][gc,metaspace   ] GC(88) Metaspace: 6297K(6464K)->6297K(6464K) NonClass: 5763K(5824K)->5763K(5824K) Class: 533K(640K)->533K(640K)
[5.336s][info][gc             ] GC(88) Pause Young (Allocation Failure) 835M->835M(1007M) 55.281ms
[5.336s][info][gc,cpu         ] GC(88) User=0.36s Sys=0.00s Real=0.06s
[5.337s][info][gc,start       ] GC(89) Pause Young (Allocation Failure)
[5.349s][info][gc,heap        ] GC(89) PSYoungGen: 17824K(131584K)->1248K(132096K) Eden: 512K(512K)->0K(512K) From: 17312K(131072K)->1248K(131584K)
[5.349s][info][gc,heap        ] GC(89) ParOldGen: 838721K(900096K)->855465K(900096K)
[5.349s][info][gc,metaspace   ] GC(89) Metaspace: 6297K(6464K)->6297K(6464K) NonClass: 5763K(5824K)->5763K(5824K) Class: 533K(640K)->533K(640K)
[5.349s][info][gc             ] GC(89) Pause Young (Allocation Failure) 836M->836M(1008M) 12.072ms
[5.349s][info][gc,cpu         ] GC(89) User=0.02s Sys=0.00s Real=0.01s
[5.350s][info][gc,start       ] GC(90) Pause Young (Allocation Failure)
[5.359s][info][gc,heap        ] GC(90) PSYoungGen: 1760K(132096K)->1088K(135680K) Eden: 512K(512K)->0K(512K) From: 1248K(131584K)->1088K(135168K)
[5.359s][info][gc,heap        ] GC(90) ParOldGen: 855465K(900096K)->856161K(900096K)
[5.359s][info][gc,metaspace   ] GC(90) Metaspace: 6297K(6464K)->6297K(6464K) NonClass: 5763K(5824K)->5763K(5824K) Class: 533K(640K)->533K(640K)
[5.359s][info][gc             ] GC(90) Pause Young (Allocation Failure) 837M->837M(1011M) 9.045ms
[5.359s][info][gc,cpu         ] GC(90) User=0.02s Sys=0.00s Real=0.01s
[5.360s][info][gc,start       ] GC(91) Pause Young (Allocation Failure)
[5.370s][info][gc,heap        ] GC(91) PSYoungGen: 1600K(135680K)->608K(136192K) Eden: 512K(512K)->0K(512K) From: 1088K(135168K)->608K(135680K)
[5.370s][info][gc,heap        ] GC(91) ParOldGen: 856161K(900096K)->857169K(900096K)
[5.370s][info][gc,metaspace   ] GC(91) Metaspace: 6297K(6464K)->6297K(6464K) NonClass: 5763K(5824K)->5763K(5824K) Class: 533K(640K)->533K(640K)
[5.370s][info][gc             ] GC(91) Pause Young (Allocation Failure) 837M->837M(1012M) 10.453ms
[5.370s][info][gc,cpu         ] GC(91) User=0.00s Sys=0.00s Real=0.01s
[5.371s][info][gc,start       ] GC(92) Pause Young (Allocation Failure)
[5.379s][info][gc,heap        ] GC(92) PSYoungGen: 1120K(136192K)->640K(133632K) Eden: 512K(512K)->0K(1024K) From: 608K(135680K)->640K(132608K)
[5.380s][info][gc,heap        ] GC(92) ParOldGen: 857169K(900096K)->857697K(900096K)
[5.380s][info][gc,metaspace   ] GC(92) Metaspace: 6297K(6464K)->6297K(6464K) NonClass: 5763K(5824K)->5763K(5824K) Class: 533K(640K)->533K(640K)
[5.380s][info][gc             ] GC(92) Pause Young (Allocation Failure) 838M->838M(1009M) 8.584ms
[5.380s][info][gc,cpu         ] GC(92) User=0.00s Sys=0.00s Real=0.01s
[5.381s][info][gc,start       ] GC(93) Pause Young (Allocation Failure)
[5.390s][info][gc,heap        ] GC(93) PSYoungGen: 1664K(133632K)->1088K(2560K) Eden: 1024K(1024K)->0K(1024K) From: 640K(132608K)->1088K(1536K)
[5.390s][info][gc,heap        ] GC(93) ParOldGen: 857697K(900096K)->858225K(900096K)
[5.390s][info][gc,metaspace   ] GC(93) Metaspace: 6297K(6464K)->6297K(6464K) NonClass: 5763K(5824K)->5763K(5824K) Class: 533K(640K)->533K(640K)
[5.390s][info][gc             ] GC(93) Pause Young (Allocation Failure) 839M->839M(881M) 8.789ms
[5.390s][info][gc,cpu         ] GC(93) User=0.00s Sys=0.00s Real=0.01s
[5.391s][info][gc,start       ] GC(94) Pause Young (Allocation Failure)
[5.400s][info][gc,heap        ] GC(94) PSYoungGen: 2112K(2560K)->1152K(125440K) Eden: 1024K(1024K)->0K(1536K) From: 1088K(1536K)->1152K(123904K)
[5.400s][info][gc,heap        ] GC(94) ParOldGen: 858225K(900096K)->859257K(900096K)
[5.400s][info][gc,metaspace   ] GC(94) Metaspace: 6297K(6464K)->6297K(6464K) NonClass: 5763K(5824K)->5763K(5824K) Class: 533K(640K)->533K(640K)
[5.400s][info][gc             ] GC(94) Pause Young (Allocation Failure) 840M->840M(1001M) 9.013ms
[5.400s][info][gc,cpu         ] GC(94) User=0.00s Sys=0.00s Real=0.01s
[5.402s][info][gc,start       ] GC(95) Pause Young (Allocation Failure)
[5.411s][info][gc,heap        ] GC(95) PSYoungGen: 2688K(125440K)->1632K(3584K) Eden: 1536K(1536K)->0K(1536K) From: 1152K(123904K)->1632K(2048K)
[5.411s][info][gc,heap        ] GC(95) ParOldGen: 859257K(900096K)->860297K(900096K)
[5.411s][info][gc,metaspace   ] GC(95) Metaspace: 6297K(6464K)->6297K(6464K) NonClass: 5763K(5824K)->5763K(5824K) Class: 533K(640K)->533K(640K)
[5.411s][info][gc             ] GC(95) Pause Young (Allocation Failure) 841M->841M(882M) 9.151ms
[5.411s][info][gc,cpu         ] GC(95) User=0.00s Sys=0.00s Real=0.01s
[5.413s][info][gc,start       ] GC(96) Pause Young (Allocation Failure)
[5.425s][info][gc,heap        ] GC(96) PSYoungGen: 3168K(3584K)->1632K(116224K) Eden: 1536K(1536K)->0K(2048K) From: 1632K(2048K)->1632K(114176K)
[5.425s][info][gc,heap        ] GC(96) ParOldGen: 860297K(900096K)->861857K(900096K)
[5.425s][info][gc,metaspace   ] GC(96) Metaspace: 6297K(6464K)->6297K(6464K) NonClass: 5763K(5824K)->5763K(5824K) Class: 533K(640K)->533K(640K)
[5.425s][info][gc             ] GC(96) Pause Young (Allocation Failure) 843M->843M(992M) 11.942ms
[5.425s][info][gc,cpu         ] GC(96) User=0.00s Sys=0.00s Real=0.01s
[5.427s][info][gc,start       ] GC(97) Pause Young (Allocation Failure)
[5.438s][info][gc,heap        ] GC(97) PSYoungGen: 3680K(116224K)->2112K(4608K) Eden: 2048K(2048K)->0K(2048K) From: 1632K(114176K)->2112K(2560K)
[5.438s][info][gc,heap        ] GC(97) ParOldGen: 861857K(900096K)->863401K(900096K)
[5.438s][info][gc,metaspace   ] GC(97) Metaspace: 6297K(6464K)->6297K(6464K) NonClass: 5763K(5824K)->5763K(5824K) Class: 533K(640K)->533K(640K)
[5.438s][info][gc             ] GC(97) Pause Young (Allocation Failure) 845M->845M(883M) 10.599ms
[5.438s][info][gc,cpu         ] GC(97) User=0.00s Sys=0.00s Real=0.01s
[5.440s][info][gc,start       ] GC(98) Pause Young (Allocation Failure)
[5.449s][info][gc,heap        ] GC(98) PSYoungGen: 4160K(4608K)->2144K(105984K) Eden: 2048K(2048K)->0K(2560K) From: 2112K(2560K)->2144K(103424K)
[5.450s][info][gc,heap        ] GC(98) ParOldGen: 863401K(900096K)->865481K(900096K)
[5.450s][info][gc,metaspace   ] GC(98) Metaspace: 6297K(6464K)->6297K(6464K) NonClass: 5763K(5824K)->5763K(5824K) Class: 533K(640K)->533K(640K)
[5.450s][info][gc             ] GC(98) Pause Young (Allocation Failure) 847M->847M(982M) 9.514ms
[5.450s][info][gc,cpu         ] GC(98) User=0.00s Sys=0.00s Real=0.01s
[5.452s][info][gc,start       ] GC(99) Pause Young (Allocation Failure)
[5.464s][info][gc,heap        ] GC(99) PSYoungGen: 4704K(105984K)->2656K(5632K) Eden: 2560K(2560K)->0K(2560K) From: 2144K(103424K)->2656K(3072K)
[5.464s][info][gc,heap        ] GC(99) ParOldGen: 865481K(900096K)->867553K(900096K)
[5.464s][info][gc,metaspace   ] GC(99) Metaspace: 6297K(6464K)->6297K(6464K) NonClass: 5763K(5824K)->5763K(5824K) Class: 533K(640K)->533K(640K)
[5.464s][info][gc             ] GC(99) Pause Young (Allocation Failure) 849M->849M(884M) 11.941ms
[5.464s][info][gc,cpu         ] GC(99) User=0.02s Sys=0.00s Real=0.01s
[5.467s][info][gc,start       ] GC(100) Pause Young (Allocation Failure)
[5.476s][info][gc,heap        ] GC(100) PSYoungGen: 5216K(5632K)->2688K(95744K) Eden: 2560K(2560K)->0K(3072K) From: 2656K(3072K)->2688K(92672K)
[5.476s][info][gc,heap        ] GC(100) ParOldGen: 867553K(900096K)->870153K(900096K)
[5.476s][info][gc,metaspace   ] GC(100) Metaspace: 6297K(6464K)->6297K(6464K) NonClass: 5763K(5824K)->5763K(5824K) Class: 533K(640K)->533K(640K)
[5.476s][info][gc             ] GC(100) Pause Young (Allocation Failure) 852M->852M(972M) 9.131ms
[5.476s][info][gc,cpu         ] GC(100) User=0.00s Sys=0.00s Real=0.01s
[5.480s][info][gc,start       ] GC(101) Pause Young (Allocation Failure)
[5.489s][info][gc,heap        ] GC(101) PSYoungGen: 5760K(95744K)->3200K(6656K) Eden: 3072K(3072K)->0K(3072K) From: 2688K(92672K)->3200K(3584K)
[5.489s][info][gc,heap        ] GC(101) ParOldGen: 870153K(900096K)->872769K(900096K)
[5.489s][info][gc,metaspace   ] GC(101) Metaspace: 6297K(6464K)->6297K(6464K) NonClass: 5763K(5824K)->5763K(5824K) Class: 533K(640K)->533K(640K)
[5.489s][info][gc             ] GC(101) Pause Young (Allocation Failure) 855M->855M(885M) 9.630ms
[5.489s][info][gc,cpu         ] GC(101) User=0.00s Sys=0.00s Real=0.01s
[5.493s][info][gc,start       ] GC(102) Pause Young (Allocation Failure)
[5.503s][info][gc,heap        ] GC(102) PSYoungGen: 6272K(6656K)->3168K(86016K) Eden: 3072K(3072K)->0K(4096K) From: 3200K(3584K)->3168K(81920K)
[5.503s][info][gc,heap        ] GC(102) ParOldGen: 872769K(900096K)->875889K(900096K)
[5.503s][info][gc,metaspace   ] GC(102) Metaspace: 6297K(6464K)->6297K(6464K) NonClass: 5763K(5824K)->5763K(5824K) Class: 533K(640K)->533K(640K)
[5.503s][info][gc             ] GC(102) Pause Young (Allocation Failure) 858M->858M(963M) 9.848ms
[5.503s][info][gc,cpu         ] GC(102) User=0.02s Sys=0.00s Real=0.01s
[5.508s][info][gc,start       ] GC(103) Pause Young (Allocation Failure)
[5.522s][info][gc,heap        ] GC(103) PSYoungGen: 7264K(86016K)->4192K(8704K) Eden: 4096K(4096K)->0K(4096K) From: 3168K(81920K)->4192K(4608K)
[5.522s][info][gc,heap        ] GC(103) ParOldGen: 875889K(900096K)->879001K(900096K)
[5.522s][info][gc,metaspace   ] GC(103) Metaspace: 6297K(6464K)->6297K(6464K) NonClass: 5763K(5824K)->5763K(5824K) Class: 533K(640K)->533K(640K)
[5.522s][info][gc             ] GC(103) Pause Young (Allocation Failure) 862M->862M(887M) 13.725ms
[5.522s][info][gc,cpu         ] GC(103) User=0.02s Sys=0.00s Real=0.01s
[5.522s][info][gc,start       ] GC(104) Pause Full (Ergonomics)
[5.522s][info][gc,phases,start] GC(104) Marking Phase
[5.716s][info][gc,phases      ] GC(104) Marking Phase 194.638ms
[5.716s][info][gc,phases,start] GC(104) Summary Phase
[5.716s][info][gc,phases      ] GC(104) Summary Phase 0.027ms
[5.716s][info][gc,phases,start] GC(104) Adjust Roots
[5.717s][info][gc,phases      ] GC(104) Adjust Roots 0.148ms
[5.717s][info][gc,phases,start] GC(104) Compaction Phase
[5.796s][info][gc,phases      ] GC(104) Compaction Phase 79.654ms
[5.796s][info][gc,phases,start] GC(104) Post Compact
[5.798s][info][gc,phases      ] GC(104) Post Compact 1.594ms
[5.798s][info][gc,heap        ] GC(104) PSYoungGen: 4192K(8704K)->0K(87040K) Eden: 0K(4096K)->0K(5120K) From: 4192K(4608K)->0K(81920K)
[5.798s][info][gc,heap        ] GC(104) ParOldGen: 879001K(900096K)->881578K(963584K)
[5.798s][info][gc,metaspace   ] GC(104) Metaspace: 6297K(6464K)->6297K(6464K) NonClass: 5763K(5824K)->5763K(5824K) Class: 533K(640K)->533K(640K)
[5.798s][info][gc             ] GC(104) Pause Full (Ergonomics) 862M->860M(1026M) 276.577ms
[5.798s][info][gc,cpu         ] GC(104) User=2.02s Sys=0.00s Real=0.28s
[5.806s][info][gc,start       ] GC(105) Pause Young (Allocation Failure)
[5.818s][info][gc,heap        ] GC(105) PSYoungGen: 5120K(87040K)->5184K(10752K) Eden: 5120K(5120K)->0K(5120K) From: 0K(81920K)->5184K(5632K)
[5.818s][info][gc,heap        ] GC(105) ParOldGen: 881578K(963584K)->881578K(963584K)
[5.818s][info][gc,metaspace   ] GC(105) Metaspace: 6297K(6464K)->6297K(6464K) NonClass: 5763K(5824K)->5763K(5824K) Class: 533K(640K)->533K(640K)
[5.818s][info][gc             ] GC(105) Pause Young (Allocation Failure) 865M->865M(951M) 12.402ms
[5.818s][info][gc,cpu         ] GC(105) User=0.02s Sys=0.00s Real=0.01s
[5.823s][info][gc,start       ] GC(106) Pause Young (Allocation Failure)
[5.835s][info][gc,heap        ] GC(106) PSYoungGen: 10304K(10752K)->5280K(72704K) Eden: 5120K(5120K)->0K(6144K) From: 5184K(5632K)->5280K(66560K)
[5.835s][info][gc,heap        ] GC(106) ParOldGen: 881578K(963584K)->886778K(963584K)
[5.835s][info][gc,metaspace   ] GC(106) Metaspace: 6297K(6464K)->6297K(6464K) NonClass: 5763K(5824K)->5763K(5824K) Class: 533K(640K)->533K(640K)
[5.835s][info][gc             ] GC(106) Pause Young (Allocation Failure) 870M->871M(1012M) 11.990ms
[5.835s][info][gc,cpu         ] GC(106) User=0.00s Sys=0.00s Real=0.01s
[5.842s][info][gc,start       ] GC(107) Pause Young (Allocation Failure)
[5.855s][info][gc,heap        ] GC(107) PSYoungGen: 11424K(72704K)->6272K(12800K) Eden: 6144K(6144K)->0K(6144K) From: 5280K(66560K)->6272K(6656K)
[5.855s][info][gc,heap        ] GC(107) ParOldGen: 886778K(963584K)->891970K(963584K)
[5.855s][info][gc,metaspace   ] GC(107) Metaspace: 6297K(6464K)->6297K(6464K) NonClass: 5763K(5824K)->5763K(5824K) Class: 533K(640K)->533K(640K)
[5.855s][info][gc             ] GC(107) Pause Young (Allocation Failure) 877M->877M(953M) 13.232ms
[5.855s][info][gc,cpu         ] GC(107) User=0.00s Sys=0.00s Real=0.01s
[5.862s][info][gc,start       ] GC(108) Pause Young (Allocation Failure)
[5.875s][info][gc,heap        ] GC(108) PSYoungGen: 12416K(12800K)->6240K(65024K) Eden: 6144K(6144K)->0K(7168K) From: 6272K(6656K)->6240K(57856K)
[5.875s][info][gc,heap        ] GC(108) ParOldGen: 891970K(963584K)->898202K(963584K)
[5.875s][info][gc,metaspace   ] GC(108) Metaspace: 6297K(6464K)->6297K(6464K) NonClass: 5763K(5824K)->5763K(5824K) Class: 533K(640K)->533K(640K)
[5.875s][info][gc             ] GC(108) Pause Young (Allocation Failure) 883M->883M(1004M) 12.714ms
[5.875s][info][gc,cpu         ] GC(108) User=0.02s Sys=0.00s Real=0.01s
[5.883s][info][gc,start       ] GC(109) Pause Young (Allocation Failure)
[5.896s][info][gc,heap        ] GC(109) PSYoungGen: 13408K(65024K)->7264K(14848K) Eden: 7168K(7168K)->0K(7168K) From: 6240K(57856K)->7264K(7680K)
[5.896s][info][gc,heap        ] GC(109) ParOldGen: 898202K(963584K)->904426K(963584K)
[5.896s][info][gc,metaspace   ] GC(109) Metaspace: 6297K(6464K)->6297K(6464K) NonClass: 5763K(5824K)->5763K(5824K) Class: 533K(640K)->533K(640K)
[5.896s][info][gc             ] GC(109) Pause Young (Allocation Failure) 890M->890M(955M) 13.061ms
[5.896s][info][gc,cpu         ] GC(109) User=0.02s Sys=0.00s Real=0.01s
[5.904s][info][gc,start       ] GC(110) Pause Young (Allocation Failure)
[5.916s][info][gc,heap        ] GC(110) PSYoungGen: 14432K(14848K)->7264K(57856K) Eden: 7168K(7168K)->0K(8192K) From: 7264K(7680K)->7264K(49664K)
[5.916s][info][gc,heap        ] GC(110) ParOldGen: 904426K(963584K)->911682K(963584K)
[5.916s][info][gc,metaspace   ] GC(110) Metaspace: 6297K(6464K)->6297K(6464K) NonClass: 5763K(5824K)->5763K(5824K) Class: 533K(640K)->533K(640K)
[5.916s][info][gc             ] GC(110) Pause Young (Allocation Failure) 897M->897M(997M) 12.806ms
[5.917s][info][gc,cpu         ] GC(110) User=0.00s Sys=0.00s Real=0.01s
[5.925s][info][gc,start       ] GC(111) Pause Young (Allocation Failure)
[5.939s][info][gc,heap        ] GC(111) PSYoungGen: 15456K(57856K)->8288K(16896K) Eden: 8192K(8192K)->0K(8192K) From: 7264K(49664K)->8288K(8704K)
[5.939s][info][gc,heap        ] GC(111) ParOldGen: 911682K(963584K)->918938K(963584K)
[5.939s][info][gc,metaspace   ] GC(111) Metaspace: 6297K(6464K)->6297K(6464K) NonClass: 5763K(5824K)->5763K(5824K) Class: 533K(640K)->533K(640K)
[5.939s][info][gc             ] GC(111) Pause Young (Allocation Failure) 905M->905M(957M) 13.733ms
[5.939s][info][gc,cpu         ] GC(111) User=0.02s Sys=0.00s Real=0.01s
[5.948s][info][gc,start       ] GC(112) Pause Young (Allocation Failure)
[5.961s][info][gc,heap        ] GC(112) PSYoungGen: 16480K(16896K)->8320K(52736K) Eden: 8192K(8192K)->0K(9728K) From: 8288K(8704K)->8320K(43008K)
[5.961s][info][gc,heap        ] GC(112) ParOldGen: 918938K(963584K)->927250K(963584K)
[5.961s][info][gc,metaspace   ] GC(112) Metaspace: 6297K(6464K)->6297K(6464K) NonClass: 5763K(5824K)->5763K(5824K) Class: 533K(640K)->533K(640K)
[5.961s][info][gc             ] GC(112) Pause Young (Allocation Failure) 913M->913M(992M) 13.185ms
[5.961s][info][gc,cpu         ] GC(112) User=0.00s Sys=0.00s Real=0.01s
[5.972s][info][gc,start       ] GC(113) Pause Young (Allocation Failure)
[5.985s][info][gc,heap        ] GC(113) PSYoungGen: 18048K(52736K)->9824K(19968K) Eden: 9728K(9728K)->0K(9728K) From: 8320K(43008K)->9824K(10240K)
[5.985s][info][gc,heap        ] GC(113) ParOldGen: 927250K(963584K)->935538K(963584K)
[5.986s][info][gc,metaspace   ] GC(113) Metaspace: 6297K(6464K)->6297K(6464K) NonClass: 5763K(5824K)->5763K(5824K) Class: 533K(640K)->533K(640K)
[5.986s][info][gc             ] GC(113) Pause Young (Allocation Failure) 923M->923M(960M) 13.918ms
[5.986s][info][gc,cpu         ] GC(113) User=0.00s Sys=0.00s Real=0.01s
[5.996s][info][gc,start       ] GC(114) Pause Young (Allocation Failure)
[6.010s][info][gc,heap        ] GC(114) PSYoungGen: 19552K(19968K)->9856K(48128K) Eden: 9728K(9728K)->0K(11264K) From: 9824K(10240K)->9856K(36864K)
[6.010s][info][gc,heap        ] GC(114) ParOldGen: 935538K(963584K)->945402K(963584K)
[6.010s][info][gc,metaspace   ] GC(114) Metaspace: 6297K(6464K)->6297K(6464K) NonClass: 5763K(5824K)->5763K(5824K) Class: 533K(640K)->533K(640K)
[6.010s][info][gc             ] GC(114) Pause Young (Allocation Failure) 932M->932M(988M) 13.736ms
[6.010s][info][gc,cpu         ] GC(114) User=0.00s Sys=0.00s Real=0.01s
[6.022s][info][gc,start       ] GC(115) Pause Young (Allocation Failure)
[6.037s][info][gc,heap        ] GC(115) PSYoungGen: 21120K(48128K)->11360K(23040K) Eden: 11264K(11264K)->0K(11264K) From: 9856K(36864K)->11360K(11776K)
[6.037s][info][gc,heap        ] GC(115) ParOldGen: 945402K(963584K)->955274K(963584K)
[6.037s][info][gc,metaspace   ] GC(115) Metaspace: 6297K(6464K)->6297K(6464K) NonClass: 5763K(5824K)->5763K(5824K) Class: 533K(640K)->533K(640K)
[6.037s][info][gc             ] GC(115) Pause Young (Allocation Failure) 943M->943M(963M) 14.739ms
[6.037s][info][gc,cpu         ] GC(115) User=0.02s Sys=0.00s Real=0.01s
[6.037s][info][gc,start       ] GC(116) Pause Full (Ergonomics)
[6.037s][info][gc,phases,start] GC(116) Marking Phase
[6.250s][info][gc,phases      ] GC(116) Marking Phase 213.215ms
[6.250s][info][gc,phases,start] GC(116) Summary Phase
[6.250s][info][gc,phases      ] GC(116) Summary Phase 0.023ms
[6.250s][info][gc,phases,start] GC(116) Adjust Roots
[6.250s][info][gc,phases      ] GC(116) Adjust Roots 0.156ms
[6.250s][info][gc,phases,start] GC(116) Compaction Phase
[6.337s][info][gc,phases      ] GC(116) Compaction Phase 86.367ms
[6.337s][info][gc,phases,start] GC(116) Post Compact
[6.338s][info][gc,phases      ] GC(116) Post Compact 1.495ms
[6.339s][info][gc,heap        ] GC(116) PSYoungGen: 11360K(23040K)->2056K(23040K) Eden: 0K(11264K)->0K(11264K) From: 11360K(11776K)->2056K(11776K)
[6.339s][info][gc,heap        ] GC(116) ParOldGen: 955274K(963584K)->963144K(1047040K)
[6.339s][info][gc,metaspace   ] GC(116) Metaspace: 6297K(6464K)->6297K(6464K) NonClass: 5763K(5824K)->5763K(5824K) Class: 533K(640K)->533K(640K)
[6.339s][info][gc             ] GC(116) Pause Full (Ergonomics) 943M->942M(1045M) 301.933ms
[6.339s][info][gc,cpu         ] GC(116) User=2.23s Sys=0.00s Real=0.30s
[6.352s][info][gc,start       ] GC(117) Pause Young (Allocation Failure)
[6.401s][info][gc,heap        ] GC(117) PSYoungGen: 13320K(23040K)->11424K(45056K) Eden: 11264K(11264K)->0K(12800K) From: 2056K(11776K)->11424K(32256K)
[6.401s][info][gc,heap        ] GC(117) ParOldGen: 963144K(1047040K)->965264K(1047040K)
[6.401s][info][gc,metaspace   ] GC(117) Metaspace: 6297K(6464K)->6297K(6464K) NonClass: 5763K(5824K)->5763K(5824K) Class: 533K(640K)->533K(640K)
[6.401s][info][gc             ] GC(117) Pause Young (Allocation Failure) 953M->953M(1066M) 49.076ms
[6.401s][info][gc,cpu         ] GC(117) User=0.27s Sys=0.02s Real=0.05s
[6.416s][info][gc,start       ] GC(118) Pause Young (Allocation Failure)
[6.432s][info][gc,heap        ] GC(118) PSYoungGen: 24224K(45056K)->24192K(47616K) Eden: 12800K(12800K)->0K(12800K) From: 11424K(32256K)->24192K(34816K)
[6.432s][info][gc,heap        ] GC(118) ParOldGen: 965264K(1047040K)->965264K(1047040K)
[6.432s][info][gc,metaspace   ] GC(118) Metaspace: 6297K(6464K)->6297K(6464K) NonClass: 5763K(5824K)->5763K(5824K) Class: 533K(640K)->533K(640K)
[6.432s][info][gc             ] GC(118) Pause Young (Allocation Failure) 966M->966M(1069M) 16.687ms
[6.432s][info][gc,cpu         ] GC(118) User=0.06s Sys=0.00s Real=0.02s
[6.446s][info][gc,start       ] GC(119) Pause Young (Allocation Failure)
[6.467s][info][gc,heap        ] GC(119) PSYoungGen: 36992K(47616K)->25728K(49664K) Eden: 12800K(12800K)->0K(11776K) From: 24192K(34816K)->25728K(37888K)
[6.467s][info][gc,heap        ] GC(119) ParOldGen: 965264K(1047040K)->976680K(1047040K)
[6.467s][info][gc,metaspace   ] GC(119) Metaspace: 6297K(6464K)->6297K(6464K) NonClass: 5763K(5824K)->5763K(5824K) Class: 533K(640K)->533K(640K)
[6.467s][info][gc             ] GC(119) Pause Young (Allocation Failure) 978M->978M(1071M) 21.052ms
[6.467s][info][gc,cpu         ] GC(119) User=0.12s Sys=0.02s Real=0.02s
[6.481s][info][gc,start       ] GC(120) Pause Young (Allocation Failure)
[6.502s][info][gc,heap        ] GC(120) PSYoungGen: 37504K(49664K)->24704K(52224K) Eden: 11776K(11776K)->0K(11776K) From: 25728K(37888K)->24704K(40448K)
[6.502s][info][gc,heap        ] GC(120) ParOldGen: 976680K(1047040K)->989656K(1047040K)
[6.502s][info][gc,metaspace   ] GC(120) Metaspace: 6297K(6464K)->6297K(6464K) NonClass: 5763K(5824K)->5763K(5824K) Class: 533K(640K)->533K(640K)
[6.502s][info][gc             ] GC(120) Pause Young (Allocation Failure) 990M->990M(1073M) 21.362ms
[6.502s][info][gc,cpu         ] GC(120) User=0.12s Sys=0.00s Real=0.02s
[6.516s][info][gc,start       ] GC(121) Pause Young (Allocation Failure)
[6.537s][info][gc,heap        ] GC(121) PSYoungGen: 36480K(52224K)->23712K(54784K) Eden: 11776K(11776K)->0K(12800K) From: 24704K(40448K)->23712K(41984K)
[6.537s][info][gc,heap        ] GC(121) ParOldGen: 989656K(1047040K)->1002632K(1047040K)
[6.537s][info][gc,metaspace   ] GC(121) Metaspace: 6297K(6464K)->6297K(6464K) NonClass: 5763K(5824K)->5763K(5824K) Class: 533K(640K)->533K(640K)
[6.537s][info][gc             ] GC(121) Pause Young (Allocation Failure) 1002M->1002M(1076M) 21.202ms
[6.537s][info][gc,cpu         ] GC(121) User=0.05s Sys=0.00s Real=0.02s
[6.551s][info][gc,start       ] GC(122) Pause Young (Allocation Failure)
[6.571s][info][gc,heap        ] GC(122) PSYoungGen: 36512K(54784K)->24704K(55296K) Eden: 12800K(12800K)->0K(12800K) From: 23712K(41984K)->24704K(42496K)
[6.571s][info][gc,heap        ] GC(122) ParOldGen: 1002632K(1047040K)->1014568K(1047040K)
[6.571s][info][gc,metaspace   ] GC(122) Metaspace: 6297K(6464K)->6297K(6464K) NonClass: 5763K(5824K)->5763K(5824K) Class: 533K(640K)->533K(640K)
[6.571s][info][gc             ] GC(122) Pause Young (Allocation Failure) 1014M->1014M(1076M) 20.689ms
[6.571s][info][gc,cpu         ] GC(122) User=0.11s Sys=0.02s Real=0.02s
[6.586s][info][gc,start       ] GC(123) Pause Young (Allocation Failure)
[6.607s][info][gc,heap        ] GC(123) PSYoungGen: 37504K(55296K)->25696K(57344K) Eden: 12800K(12800K)->0K(13824K) From: 24704K(42496K)->25696K(43520K)
[6.607s][info][gc,heap        ] GC(123) ParOldGen: 1014568K(1047040K)->1026512K(1047040K)
[6.607s][info][gc,metaspace   ] GC(123) Metaspace: 6297K(6464K)->6297K(6464K) NonClass: 5763K(5824K)->5763K(5824K) Class: 533K(640K)->533K(640K)
[6.607s][info][gc             ] GC(123) Pause Young (Allocation Failure) 1027M->1027M(1078M) 21.256ms
[6.607s][info][gc,cpu         ] GC(123) User=0.09s Sys=0.05s Real=0.02s
[6.607s][info][gc,start       ] GC(124) Pause Full (Ergonomics)
[6.607s][info][gc,phases,start] GC(124) Marking Phase
[6.842s][info][gc,phases      ] GC(124) Marking Phase 235.259ms
[6.842s][info][gc,phases,start] GC(124) Summary Phase
[6.842s][info][gc,phases      ] GC(124) Summary Phase 0.025ms
[6.842s][info][gc,phases,start] GC(124) Adjust Roots
[6.843s][info][gc,phases      ] GC(124) Adjust Roots 0.148ms
[6.843s][info][gc,phases,start] GC(124) Compaction Phase
[6.936s][info][gc,phases      ] GC(124) Compaction Phase 92.994ms
[6.936s][info][gc,phases,start] GC(124) Post Compact
[6.937s][info][gc,phases      ] GC(124) Post Compact 1.807ms
[6.938s][info][gc,heap        ] GC(124) PSYoungGen: 25696K(57344K)->4076K(57344K) Eden: 0K(13824K)->0K(13824K) From: 25696K(43520K)->4076K(43520K)
[6.938s][info][gc,heap        ] GC(124) ParOldGen: 1026512K(1047040K)->1046915K(1141248K)
[6.938s][info][gc,metaspace   ] GC(124) Metaspace: 6297K(6464K)->6297K(6464K) NonClass: 5763K(5824K)->5763K(5824K) Class: 533K(640K)->533K(640K)
[6.938s][info][gc             ] GC(124) Pause Full (Ergonomics) 1027M->1026M(1170M) 331.011ms
[6.938s][info][gc,cpu         ] GC(124) User=2.25s Sys=0.02s Real=0.33s
[6.953s][info][gc,start       ] GC(125) Pause Young (Allocation Failure)
[7.008s][info][gc,heap        ] GC(125) PSYoungGen: 17900K(57344K)->13920K(28160K) Eden: 13824K(13824K)->0K(13824K) From: 4076K(43520K)->13920K(14336K)
[7.008s][info][gc,heap        ] GC(125) ParOldGen: 1046915K(1141248K)->1051083K(1141248K)
[7.008s][info][gc,metaspace   ] GC(125) Metaspace: 6297K(6464K)->6297K(6464K) NonClass: 5763K(5824K)->5763K(5824K) Class: 533K(640K)->533K(640K)
[7.008s][info][gc             ] GC(125) Pause Young (Allocation Failure) 1039M->1040M(1142M) 55.141ms
[7.008s][info][gc,cpu         ] GC(125) User=0.28s Sys=0.00s Real=0.05s
[7.024s][info][gc,start       ] GC(126) Pause Young (Allocation Failure)
[7.043s][info][gc,heap        ] GC(126) PSYoungGen: 27744K(28160K)->27840K(55808K) Eden: 13824K(13824K)->0K(13824K) From: 13920K(14336K)->27840K(41984K)
[7.043s][info][gc,heap        ] GC(126) ParOldGen: 1051083K(1141248K)->1051083K(1141248K)
[7.043s][info][gc,metaspace   ] GC(126) Metaspace: 6297K(6464K)->6297K(6464K) NonClass: 5763K(5824K)->5763K(5824K) Class: 533K(640K)->533K(640K)
[7.043s][info][gc             ] GC(126) Pause Young (Allocation Failure) 1053M->1053M(1169M) 18.753ms
[7.043s][info][gc,cpu         ] GC(126) User=0.03s Sys=0.00s Real=0.02s
[7.058s][info][gc,start       ] GC(127) Pause Young (Allocation Failure)
[7.081s][info][gc,heap        ] GC(127) PSYoungGen: 41664K(55808K)->27776K(57344K) Eden: 13824K(13824K)->0K(13824K) From: 27840K(41984K)->27776K(43520K)
[7.081s][info][gc,heap        ] GC(127) ParOldGen: 1051083K(1141248K)->1065099K(1141248K)
[7.081s][info][gc,metaspace   ] GC(127) Metaspace: 6297K(6464K)->6297K(6464K) NonClass: 5763K(5824K)->5763K(5824K) Class: 533K(640K)->533K(640K)
[7.081s][info][gc             ] GC(127) Pause Young (Allocation Failure) 1067M->1067M(1170M) 23.340ms
[7.081s][info][gc,cpu         ] GC(127) User=0.09s Sys=0.02s Real=0.02s
[7.097s][info][gc,start       ] GC(128) Pause Young (Allocation Failure)
[7.121s][info][gc,heap        ] GC(128) PSYoungGen: 41600K(57344K)->27744K(59392K) Eden: 13824K(13824K)->0K(14848K) From: 27776K(43520K)->27744K(44544K)
[7.121s][info][gc,heap        ] GC(128) ParOldGen: 1065099K(1141248K)->1079115K(1141248K)
[7.121s][info][gc,metaspace   ] GC(128) Metaspace: 6297K(6464K)->6297K(6464K) NonClass: 5763K(5824K)->5763K(5824K) Class: 533K(640K)->533K(640K)
[7.121s][info][gc             ] GC(128) Pause Young (Allocation Failure) 1080M->1080M(1172M) 23.835ms
[7.121s][info][gc,cpu         ] GC(128) User=0.12s Sys=0.02s Real=0.02s
[7.137s][info][gc,start       ] GC(129) Pause Young (Allocation Failure)
[7.161s][info][gc,heap        ] GC(129) PSYoungGen: 42592K(59392K)->28832K(60416K) Eden: 14848K(14848K)->0K(14848K) From: 27744K(44544K)->28832K(45568K)
[7.161s][info][gc,heap        ] GC(129) ParOldGen: 1079115K(1141248K)->1093139K(1141248K)
[7.161s][info][gc,metaspace   ] GC(129) Metaspace: 6297K(6464K)->6297K(6464K) NonClass: 5763K(5824K)->5763K(5824K) Class: 533K(640K)->533K(640K)
[7.161s][info][gc             ] GC(129) Pause Young (Allocation Failure) 1095M->1095M(1173M) 24.121ms
[7.161s][info][gc,cpu         ] GC(129) User=0.12s Sys=0.00s Real=0.02s
[7.177s][info][gc,start       ] GC(130) Pause Young (Allocation Failure)
[7.202s][info][gc,heap        ] GC(130) PSYoungGen: 43680K(60416K)->29792K(61952K) Eden: 14848K(14848K)->0K(15872K) From: 28832K(45568K)->29792K(46080K)
[7.202s][info][gc,heap        ] GC(130) ParOldGen: 1093139K(1141248K)->1107163K(1141248K)
[7.202s][info][gc,metaspace   ] GC(130) Metaspace: 6297K(6464K)->6297K(6464K) NonClass: 5763K(5824K)->5763K(5824K) Class: 533K(640K)->533K(640K)
[7.202s][info][gc             ] GC(130) Pause Young (Allocation Failure) 1110M->1110M(1175M) 24.784ms
[7.202s][info][gc,cpu         ] GC(130) User=0.14s Sys=0.00s Real=0.03s
[7.219s][info][gc,start       ] GC(131) Pause Young (Allocation Failure)
[7.245s][info][gc,heap        ] GC(131) PSYoungGen: 45664K(61952K)->30880K(62976K) Eden: 15872K(15872K)->0K(15872K) From: 29792K(46080K)->30880K(47104K)
[7.245s][info][gc,heap        ] GC(131) ParOldGen: 1107163K(1141248K)->1122211K(1141248K)
[7.245s][info][gc,metaspace   ] GC(131) Metaspace: 6297K(6464K)->6297K(6464K) NonClass: 5763K(5824K)->5763K(5824K) Class: 533K(640K)->533K(640K)
[7.245s][info][gc             ] GC(131) Pause Young (Allocation Failure) 1125M->1126M(1176M) 25.561ms
[7.245s][info][gc,cpu         ] GC(131) User=0.14s Sys=0.00s Real=0.03s
[7.245s][info][gc,start       ] GC(132) Pause Full (Ergonomics)
[7.245s][info][gc,phases,start] GC(132) Marking Phase
[7.503s][info][gc,phases      ] GC(132) Marking Phase 257.960ms
[7.503s][info][gc,phases,start] GC(132) Summary Phase
[7.503s][info][gc,phases      ] GC(132) Summary Phase 0.024ms
[7.503s][info][gc,phases,start] GC(132) Adjust Roots
[7.503s][info][gc,phases      ] GC(132) Adjust Roots 0.149ms
[7.503s][info][gc,phases,start] GC(132) Compaction Phase
[7.600s][info][gc,phases      ] GC(132) Compaction Phase 96.762ms
[7.600s][info][gc,phases,start] GC(132) Post Compact
[7.602s][info][gc,phases      ] GC(132) Post Compact 1.893ms
[7.602s][info][gc,heap        ] GC(132) PSYoungGen: 30880K(62976K)->10728K(62976K) Eden: 0K(15872K)->0K(15872K) From: 30880K(47104K)->10728K(47104K)
[7.602s][info][gc,heap        ] GC(132) ParOldGen: 1122211K(1141248K)->1140907K(1246720K)
[7.602s][info][gc,metaspace   ] GC(132) Metaspace: 6297K(6464K)->6297K(6464K) NonClass: 5763K(5824K)->5763K(5824K) Class: 533K(640K)->533K(640K)
[7.602s][info][gc             ] GC(132) Pause Full (Ergonomics) 1126M->1124M(1279M) 357.465ms
[7.602s][info][gc,cpu         ] GC(132) User=2.58s Sys=0.03s Real=0.36s
[7.623s][info][gc,start       ] GC(133) Pause Young (Allocation Failure)
[7.686s][info][gc,heap        ] GC(133) PSYoungGen: 26600K(62976K)->22816K(60928K) Eden: 15872K(15872K)->0K(17920K) From: 10728K(47104K)->22816K(43008K)
[7.686s][info][gc,heap        ] GC(133) ParOldGen: 1140907K(1246720K)->1144963K(1246720K)
[7.686s][info][gc,metaspace   ] GC(133) Metaspace: 6297K(6464K)->6297K(6464K) NonClass: 5763K(5824K)->5763K(5824K) Class: 533K(640K)->533K(640K)
[7.686s][info][gc             ] GC(133) Pause Young (Allocation Failure) 1140M->1140M(1277M) 63.312ms
[7.686s][info][gc,cpu         ] GC(133) User=0.39s Sys=0.00s Real=0.06s
[7.707s][info][gc,start       ] GC(134) Pause Young (Allocation Failure)
[7.731s][info][gc,heap        ] GC(134) PSYoungGen: 40736K(60928K)->40704K(63488K) Eden: 17920K(17920K)->0K(17920K) From: 22816K(43008K)->40704K(45568K)
[7.731s][info][gc,heap        ] GC(134) ParOldGen: 1144963K(1246720K)->1144963K(1246720K)
[7.731s][info][gc,metaspace   ] GC(134) Metaspace: 6297K(6464K)->6297K(6464K) NonClass: 5763K(5824K)->5763K(5824K) Class: 533K(640K)->533K(640K)
[7.731s][info][gc             ] GC(134) Pause Young (Allocation Failure) 1157M->1157M(1279M) 23.736ms
[7.731s][info][gc,cpu         ] GC(134) User=0.14s Sys=0.00s Real=0.02s
[7.752s][info][gc,start       ] GC(135) Pause Young (Allocation Failure)
[7.784s][info][gc,heap        ] GC(135) PSYoungGen: 58624K(63488K)->50176K(59904K) Eden: 17920K(17920K)->0K(9728K) From: 40704K(45568K)->50176K(50176K)
[7.784s][info][gc,heap        ] GC(135) ParOldGen: 1144963K(1246720K)->1153427K(1246720K)
[7.784s][info][gc,metaspace   ] GC(135) Metaspace: 6297K(6464K)->6297K(6464K) NonClass: 5763K(5824K)->5763K(5824K) Class: 533K(640K)->533K(640K)
[7.784s][info][gc             ] GC(135) Pause Young (Allocation Failure) 1175M->1175M(1276M) 32.184ms
[7.784s][info][gc,cpu         ] GC(135) User=0.11s Sys=0.03s Real=0.03s
[7.796s][info][gc,start       ] GC(136) Pause Young (Allocation Failure)
[7.827s][info][gc,heap        ] GC(136) PSYoungGen: 59904K(59904K)->27072K(36864K) Eden: 9728K(9728K)->0K(9728K) From: 50176K(50176K)->27072K(27136K)
[7.827s][info][gc,heap        ] GC(136) ParOldGen: 1153427K(1246720K)->1186747K(1246720K)
[7.827s][info][gc,metaspace   ] GC(136) Metaspace: 6297K(6464K)->6297K(6464K) NonClass: 5763K(5824K)->5763K(5824K) Class: 533K(640K)->533K(640K)
[7.827s][info][gc             ] GC(136) Pause Young (Allocation Failure) 1184M->1185M(1253M) 31.522ms
[7.827s][info][gc,cpu         ] GC(136) User=0.12s Sys=0.02s Real=0.03s
[7.839s][info][gc,start       ] GC(137) Pause Young (Allocation Failure)
[7.862s][info][gc,heap        ] GC(137) PSYoungGen: 36800K(36864K)->19552K(65536K) Eden: 9728K(9728K)->0K(11264K) From: 27072K(27136K)->19552K(54272K)
[7.862s][info][gc,heap        ] GC(137) ParOldGen: 1186747K(1246720K)->1204283K(1246720K)
[7.862s][info][gc,metaspace   ] GC(137) Metaspace: 6297K(6464K)->6297K(6464K) NonClass: 5763K(5824K)->5763K(5824K) Class: 533K(640K)->533K(640K)
[7.862s][info][gc             ] GC(137) Pause Young (Allocation Failure) 1194M->1195M(1281M) 22.677ms
[7.862s][info][gc,cpu         ] GC(137) User=0.06s Sys=0.03s Real=0.02s
[7.876s][info][gc,start       ] GC(138) Pause Young (Allocation Failure)
[7.896s][info][gc,heap        ] GC(138) PSYoungGen: 30816K(65536K)->11392K(67072K) Eden: 11264K(11264K)->0K(11264K) From: 19552K(54272K)->11392K(55808K)
[7.896s][info][gc,heap        ] GC(138) ParOldGen: 1204283K(1246720K)->1223995K(1246720K)
[7.896s][info][gc,metaspace   ] GC(138) Metaspace: 6297K(6464K)->6297K(6464K) NonClass: 5763K(5824K)->5763K(5824K) Class: 533K(640K)->533K(640K)
[7.896s][info][gc             ] GC(138) Pause Young (Allocation Failure) 1206M->1206M(1283M) 19.538ms
[7.896s][info][gc,cpu         ] GC(138) User=0.08s Sys=0.05s Real=0.02s
[7.896s][info][gc,start       ] GC(139) Pause Full (Ergonomics)
[7.896s][info][gc,phases,start] GC(139) Marking Phase
[8.175s][info][gc,phases      ] GC(139) Marking Phase 279.159ms
[8.175s][info][gc,phases,start] GC(139) Summary Phase
[8.175s][info][gc,phases      ] GC(139) Summary Phase 0.032ms
[8.175s][info][gc,phases,start] GC(139) Adjust Roots
[8.175s][info][gc,phases      ] GC(139) Adjust Roots 0.147ms
[8.175s][info][gc,phases,start] GC(139) Compaction Phase
[8.275s][info][gc,phases      ] GC(139) Compaction Phase 99.201ms
[8.275s][info][gc,phases,start] GC(139) Post Compact
[8.277s][info][gc,phases      ] GC(139) Post Compact 1.933ms
[8.277s][info][gc,heap        ] GC(139) PSYoungGen: 11392K(67072K)->0K(68096K) Eden: 0K(11264K)->0K(12800K) From: 11392K(55808K)->0K(55296K)
[8.277s][info][gc,heap        ] GC(139) ParOldGen: 1223995K(1246720K)->1233880K(1355776K)
[8.277s][info][gc,metaspace   ] GC(139) Metaspace: 6297K(6464K)->6297K(6464K) NonClass: 5763K(5824K)->5763K(5824K) Class: 533K(640K)->533K(640K)
[8.277s][info][gc             ] GC(139) Pause Full (Ergonomics) 1206M->1204M(1390M) 381.143ms
[8.277s][info][gc,cpu         ] GC(139) User=2.91s Sys=0.00s Real=0.38s
[8.294s][info][gc,start       ] GC(140) Pause Young (Allocation Failure)
[8.308s][info][gc,heap        ] GC(140) PSYoungGen: 12800K(68096K)->12928K(68096K) Eden: 12800K(12800K)->0K(12800K) From: 0K(55296K)->12928K(55296K)
[8.308s][info][gc,heap        ] GC(140) ParOldGen: 1233880K(1355776K)->1233880K(1355776K)
[8.308s][info][gc,metaspace   ] GC(140) Metaspace: 6297K(6464K)->6297K(6464K) NonClass: 5763K(5824K)->5763K(5824K) Class: 533K(640K)->533K(640K)
[8.308s][info][gc             ] GC(140) Pause Young (Allocation Failure) 1217M->1217M(1390M) 13.936ms
[8.308s][info][gc,cpu         ] GC(140) User=0.00s Sys=0.00s Real=0.01s
[8.323s][info][gc,start       ] GC(141) Pause Young (Allocation Failure)
[8.341s][info][gc,heap        ] GC(141) PSYoungGen: 25728K(68096K)->25728K(64512K) Eden: 12800K(12800K)->0K(14336K) From: 12928K(55296K)->25728K(50176K)
[8.341s][info][gc,heap        ] GC(141) ParOldGen: 1233880K(1355776K)->1233880K(1355776K)
[8.341s][info][gc,metaspace   ] GC(141) Metaspace: 6297K(6464K)->6297K(6464K) NonClass: 5763K(5824K)->5763K(5824K) Class: 533K(640K)->533K(640K)
[8.341s][info][gc             ] GC(141) Pause Young (Allocation Failure) 1230M->1230M(1387M) 17.331ms
[8.341s][info][gc,cpu         ] GC(141) User=0.02s Sys=0.00s Real=0.02s
[8.357s][info][gc,start       ] GC(142) Pause Young (Allocation Failure)
[8.380s][info][gc,heap        ] GC(142) PSYoungGen: 40064K(64512K)->40096K(66560K) Eden: 14336K(14336K)->0K(14336K) From: 25728K(50176K)->40096K(52224K)
[8.380s][info][gc,heap        ] GC(142) ParOldGen: 1233880K(1355776K)->1233880K(1355776K)
[8.380s][info][gc,metaspace   ] GC(142) Metaspace: 6297K(6464K)->6297K(6464K) NonClass: 5763K(5824K)->5763K(5824K) Class: 533K(640K)->533K(640K)
[8.380s][info][gc             ] GC(142) Pause Young (Allocation Failure) 1244M->1244M(1389M) 22.347ms
[8.380s][info][gc,cpu         ] GC(142) User=0.12s Sys=0.00s Real=0.02s
[8.397s][info][gc,start       ] GC(143) Pause Young (Allocation Failure)
[8.426s][info][gc,heap        ] GC(143) PSYoungGen: 54432K(66560K)->41600K(68608K) Eden: 14336K(14336K)->0K(13312K) From: 40096K(52224K)->41600K(55296K)
[8.426s][info][gc,heap        ] GC(143) ParOldGen: 1233880K(1355776K)->1246848K(1355776K)
[8.426s][info][gc,metaspace   ] GC(143) Metaspace: 6297K(6464K)->6297K(6464K) NonClass: 5763K(5824K)->5763K(5824K) Class: 533K(640K)->533K(640K)
[8.426s][info][gc             ] GC(143) Pause Young (Allocation Failure) 1258M->1258M(1391M) 28.803ms
[8.426s][info][gc,cpu         ] GC(143) User=0.14s Sys=0.00s Real=0.03s
[8.443s][info][gc,start       ] GC(144) Pause Young (Allocation Failure)
[8.473s][info][gc,heap        ] GC(144) PSYoungGen: 54912K(68608K)->41984K(71168K) Eden: 13312K(13312K)->0K(13312K) From: 41600K(55296K)->41984K(57856K)
[8.473s][info][gc,heap        ] GC(144) ParOldGen: 1246848K(1355776K)->1259832K(1355776K)
[8.473s][info][gc,metaspace   ] GC(144) Metaspace: 6297K(6464K)->6297K(6464K) NonClass: 5763K(5824K)->5763K(5824K) Class: 533K(640K)->533K(640K)
[8.473s][info][gc             ] GC(144) Pause Young (Allocation Failure) 1271M->1271M(1393M) 29.867ms
[8.473s][info][gc,cpu         ] GC(144) User=0.14s Sys=0.00s Real=0.03s
[8.485s][info][gc,start       ] GC(145) Pause Young (Allocation Failure)
[8.511s][info][gc,heap        ] GC(145) PSYoungGen: 55296K(71168K)->34624K(73728K) Eden: 13312K(13312K)->0K(15360K) From: 41984K(57856K)->34624K(58368K)
[8.511s][info][gc,heap        ] GC(145) ParOldGen: 1259832K(1355776K)->1274368K(1355776K)
[8.511s][info][gc,metaspace   ] GC(145) Metaspace: 6297K(6464K)->6297K(6464K) NonClass: 5763K(5824K)->5763K(5824K) Class: 533K(640K)->533K(640K)
[8.511s][info][gc             ] GC(145) Pause Young (Allocation Failure) 1284M->1278M(1396M) 26.337ms
[8.511s][info][gc,cpu         ] GC(145) User=0.12s Sys=0.02s Real=0.03s
[8.523s][info][gc,start       ] GC(146) Pause Young (Allocation Failure)
[8.548s][info][gc,heap        ] GC(146) PSYoungGen: 49984K(73728K)->28192K(44032K) Eden: 15360K(15360K)->0K(15360K) From: 34624K(58368K)->28192K(28672K)
[8.548s][info][gc,heap        ] GC(146) ParOldGen: 1274368K(1355776K)->1288904K(1355776K)
[8.548s][info][gc,metaspace   ] GC(146) Metaspace: 6297K(6464K)->6297K(6464K) NonClass: 5763K(5824K)->5763K(5824K) Class: 533K(640K)->533K(640K)
[8.548s][info][gc             ] GC(146) Pause Young (Allocation Failure) 1293M->1286M(1367M) 25.060ms
[8.548s][info][gc,cpu         ] GC(146) User=0.14s Sys=0.00s Real=0.02s
[8.564s][info][gc,start       ] GC(147) Pause Young (Allocation Failure)
[8.587s][info][gc,heap        ] GC(147) PSYoungGen: 43552K(44032K)->19008K(72192K) Eden: 15360K(15360K)->0K(17408K) From: 28192K(28672K)->19008K(54784K)
[8.587s][info][gc,heap        ] GC(147) ParOldGen: 1288904K(1355776K)->1309320K(1355776K)
[8.587s][info][gc,metaspace   ] GC(147) Metaspace: 6297K(6464K)->6297K(6464K) NonClass: 5763K(5824K)->5763K(5824K) Class: 533K(640K)->533K(640K)
[8.587s][info][gc             ] GC(147) Pause Young (Allocation Failure) 1301M->1297M(1394M) 23.268ms
[8.587s][info][gc,cpu         ] GC(147) User=0.09s Sys=0.03s Real=0.02s
[8.609s][info][gc,start       ] GC(148) Pause Young (Allocation Failure)
[8.632s][info][gc,heap        ] GC(148) PSYoungGen: 36416K(72192K)->17536K(73216K) Eden: 17408K(17408K)->0K(17408K) From: 19008K(54784K)->17536K(55808K)
[8.633s][info][gc,heap        ] GC(148) ParOldGen: 1309320K(1355776K)->1328456K(1355776K)
[8.633s][info][gc,metaspace   ] GC(148) Metaspace: 6297K(6464K)->6297K(6464K) NonClass: 5763K(5824K)->5763K(5824K) Class: 533K(640K)->533K(640K)
[8.633s][info][gc             ] GC(148) Pause Young (Allocation Failure) 1314M->1314M(1395M) 23.411ms
[8.633s][info][gc,cpu         ] GC(148) User=0.11s Sys=0.02s Real=0.02s
[8.633s][info][gc,start       ] GC(149) Pause Full (Ergonomics)
[8.633s][info][gc,phases,start] GC(149) Marking Phase
[8.930s][info][gc,phases      ] GC(149) Marking Phase 297.825ms
[8.931s][info][gc,phases,start] GC(149) Summary Phase
[8.931s][info][gc,phases      ] GC(149) Summary Phase 0.044ms
[8.931s][info][gc,phases,start] GC(149) Adjust Roots
[8.931s][info][gc,phases      ] GC(149) Adjust Roots 0.155ms
[8.931s][info][gc,phases,start] GC(149) Compaction Phase
[9.035s][info][gc,phases      ] GC(149) Compaction Phase 104.618ms
[9.035s][info][gc,phases,start] GC(149) Post Compact
[9.038s][info][gc,phases      ] GC(149) Post Compact 2.155ms
[9.038s][info][gc,heap        ] GC(149) PSYoungGen: 17536K(73216K)->0K(74752K) Eden: 0K(17408K)->0K(19968K) From: 17536K(55808K)->0K(54784K)
[9.038s][info][gc,heap        ] GC(149) ParOldGen: 1328456K(1355776K)->1344311K(1475584K)
[9.038s][info][gc,metaspace   ] GC(149) Metaspace: 6297K(6464K)->6297K(6464K) NonClass: 5763K(5824K)->5763K(5824K) Class: 533K(640K)->533K(640K)
[9.038s][info][gc             ] GC(149) Pause Full (Ergonomics) 1314M->1312M(1514M) 405.642ms
[9.038s][info][gc,cpu         ] GC(149) User=3.06s Sys=0.03s Real=0.41s
[9.064s][info][gc,start       ] GC(150) Pause Young (Allocation Failure)
[9.080s][info][gc,heap        ] GC(150) PSYoungGen: 19968K(74752K)->20064K(74752K) Eden: 19968K(19968K)->0K(19968K) From: 0K(54784K)->20064K(54784K)
[9.080s][info][gc,heap        ] GC(150) ParOldGen: 1344311K(1475584K)->1344311K(1475584K)
[9.080s][info][gc,metaspace   ] GC(150) Metaspace: 6297K(6464K)->6297K(6464K) NonClass: 5763K(5824K)->5763K(5824K) Class: 533K(640K)->533K(640K)
[9.080s][info][gc             ] GC(150) Pause Young (Allocation Failure) 1332M->1332M(1514M) 15.729ms
[9.080s][info][gc,cpu         ] GC(150) User=0.02s Sys=0.00s Real=0.02s
[9.104s][info][gc,start       ] GC(151) Pause Young (Allocation Failure)
[9.128s][info][gc,heap        ] GC(151) PSYoungGen: 40032K(74752K)->40128K(72704K) Eden: 19968K(19968K)->0K(19456K) From: 20064K(54784K)->40128K(53248K)
[9.128s][info][gc,heap        ] GC(151) ParOldGen: 1344311K(1475584K)->1344311K(1475584K)
[9.128s][info][gc,metaspace   ] GC(151) Metaspace: 6297K(6464K)->6297K(6464K) NonClass: 5763K(5824K)->5763K(5824K) Class: 533K(640K)->533K(640K)
[9.128s][info][gc             ] GC(151) Pause Young (Allocation Failure) 1351M->1351M(1512M) 23.687ms
[9.128s][info][gc,cpu         ] GC(151) User=0.12s Sys=0.00s Real=0.02s
[9.152s][info][gc,start       ] GC(152) Pause Young (Allocation Failure)
[9.184s][info][gc,heap        ] GC(152) PSYoungGen: 59584K(72704K)->55808K(75264K) Eden: 19456K(19456K)->0K(19456K) From: 40128K(53248K)->55808K(55808K)
[9.184s][info][gc,heap        ] GC(152) ParOldGen: 1344311K(1475584K)->1347999K(1475584K)
[9.184s][info][gc,metaspace   ] GC(152) Metaspace: 6297K(6464K)->6297K(6464K) NonClass: 5763K(5824K)->5763K(5824K) Class: 533K(640K)->533K(640K)
[9.184s][info][gc             ] GC(152) Pause Young (Allocation Failure) 1370M->1370M(1514M) 31.613ms
[9.184s][info][gc,cpu         ] GC(152) User=0.12s Sys=0.00s Real=0.03s
[9.434s][info][gc,start       ] GC(153) Pause Young (Allocation Failure)
[9.505s][info][gc,heap        ] GC(153) PSYoungGen: 75264K(75264K)->38208K(84992K) Eden: 19456K(19456K)->0K(21504K) From: 55808K(55808K)->38208K(63488K)
[9.505s][info][gc,heap        ] GC(153) ParOldGen: 1413535K(1475584K)->1451199K(1475584K)
[9.505s][info][gc,metaspace   ] GC(153) Metaspace: 6297K(6464K)->6297K(6464K) NonClass: 5763K(5824K)->5763K(5824K) Class: 533K(640K)->533K(640K)
[9.505s][info][gc             ] GC(153) Pause Young (Allocation Failure) 1453M->1454M(1524M) 70.620ms
[9.505s][info][gc,cpu         ] GC(153) User=0.42s Sys=0.02s Real=0.07s
[9.505s][info][gc,start       ] GC(154) Pause Full (Ergonomics)
[9.505s][info][gc,phases,start] GC(154) Marking Phase
[9.826s][info][gc,phases      ] GC(154) Marking Phase 320.616ms
[9.826s][info][gc,phases,start] GC(154) Summary Phase
[9.826s][info][gc,phases      ] GC(154) Summary Phase 0.049ms
[9.826s][info][gc,phases,start] GC(154) Adjust Roots
[9.826s][info][gc,phases      ] GC(154) Adjust Roots 0.164ms
[9.826s][info][gc,phases,start] GC(154) Compaction Phase
[10.057s][info][gc,phases      ] GC(154) Compaction Phase 230.525ms
[10.057s][info][gc,phases,start] GC(154) Post Compact
[10.060s][info][gc,phases      ] GC(154) Post Compact 3.076ms
[10.060s][info][gc,heap        ] GC(154) PSYoungGen: 38208K(84992K)->0K(85504K) Eden: 0K(21504K)->0K(21504K) From: 38208K(63488K)->0K(64000K)
[10.060s][info][gc,heap        ] GC(154) ParOldGen: 1451199K(1475584K)->1455804K(1604608K)
[10.060s][info][gc,metaspace   ] GC(154) Metaspace: 6297K(6464K)->6297K(6464K) NonClass: 5763K(5824K)->5763K(5824K) Class: 533K(640K)->533K(640K)
[10.060s][info][gc             ] GC(154) Pause Full (Ergonomics) 1454M->1421M(1650M) 555.251ms
[10.060s][info][gc,cpu         ] GC(154) User=3.59s Sys=0.03s Real=0.56s
[10.082s][info][gc,start       ] GC(155) Pause Young (Allocation Failure)
[10.103s][info][gc,heap        ] GC(155) PSYoungGen: 21504K(85504K)->21632K(84480K) Eden: 21504K(21504K)->0K(23552K) From: 0K(64000K)->21632K(60928K)
[10.104s][info][gc,heap        ] GC(155) ParOldGen: 1455804K(1604608K)->1455804K(1604608K)
[10.104s][info][gc,metaspace   ] GC(155) Metaspace: 6297K(6464K)->6297K(6464K) NonClass: 5763K(5824K)->5763K(5824K) Class: 533K(640K)->533K(640K)
[10.104s][info][gc             ] GC(155) Pause Young (Allocation Failure) 1442M->1442M(1649M) 21.307ms
[10.104s][info][gc,cpu         ] GC(155) User=0.03s Sys=0.00s Real=0.02s
[10.125s][info][gc,start       ] GC(156) Pause Young (Allocation Failure)
[10.153s][info][gc,heap        ] GC(156) PSYoungGen: 45184K(84480K)->45184K(86016K) Eden: 23552K(23552K)->0K(23552K) From: 21632K(60928K)->45184K(62464K)
[10.153s][info][gc,heap        ] GC(156) ParOldGen: 1455804K(1604608K)->1455804K(1604608K)
[10.153s][info][gc,metaspace   ] GC(156) Metaspace: 6297K(6464K)->6297K(6464K) NonClass: 5763K(5824K)->5763K(5824K) Class: 533K(640K)->533K(640K)
[10.153s][info][gc             ] GC(156) Pause Young (Allocation Failure) 1465M->1465M(1651M) 28.081ms
[10.153s][info][gc,cpu         ] GC(156) User=0.03s Sys=0.00s Real=0.03s
[10.174s][info][gc,start       ] GC(157) Pause Young (Allocation Failure)
[10.209s][info][gc,heap        ] GC(157) PSYoungGen: 68736K(86016K)->64512K(80384K) Eden: 23552K(23552K)->0K(15872K) From: 45184K(62464K)->64512K(64512K)
[10.209s][info][gc,heap        ] GC(157) ParOldGen: 1455804K(1604608K)->1460036K(1604608K)
[10.209s][info][gc,metaspace   ] GC(157) Metaspace: 6297K(6464K)->6297K(6464K) NonClass: 5763K(5824K)->5763K(5824K) Class: 533K(640K)->533K(640K)
[10.209s][info][gc             ] GC(157) Pause Young (Allocation Failure) 1488M->1488M(1645M) 35.157ms
[10.209s][info][gc,cpu         ] GC(157) User=0.08s Sys=0.00s Real=0.03s
[10.224s][info][gc,start       ] GC(158) Pause Young (Allocation Failure)
[10.263s][info][gc,heap        ] GC(158) PSYoungGen: 80384K(80384K)->74752K(90624K) Eden: 15872K(15872K)->0K(15872K) From: 64512K(64512K)->74752K(74752K)
[10.263s][info][gc,heap        ] GC(158) ParOldGen: 1460036K(1604608K)->1465764K(1604608K)
[10.263s][info][gc,metaspace   ] GC(158) Metaspace: 6297K(6464K)->6297K(6464K) NonClass: 5763K(5824K)->5763K(5824K) Class: 533K(640K)->533K(640K)
[10.263s][info][gc             ] GC(158) Pause Young (Allocation Failure) 1504M->1504M(1655M) 38.469ms
[10.263s][info][gc,cpu         ] GC(158) User=0.25s Sys=0.00s Real=0.04s
[10.281s][info][gc,start       ] GC(159) Pause Young (Allocation Failure)
[10.324s][info][gc,heap        ] GC(159) PSYoungGen: 90624K(90624K)->50464K(103424K) Eden: 15872K(15872K)->0K(17920K) From: 74752K(74752K)->50464K(85504K)
[10.324s][info][gc,heap        ] GC(159) ParOldGen: 1465764K(1604608K)->1506532K(1604608K)
[10.324s][info][gc,metaspace   ] GC(159) Metaspace: 6297K(6464K)->6297K(6464K) NonClass: 5763K(5824K)->5763K(5824K) Class: 533K(640K)->533K(640K)
[10.324s][info][gc             ] GC(159) Pause Young (Allocation Failure) 1519M->1520M(1668M) 43.545ms
[10.324s][info][gc,cpu         ] GC(159) User=0.19s Sys=0.08s Real=0.04s
[10.343s][info][gc,start       ] GC(160) Pause Young (Allocation Failure)
[10.379s][info][gc,heap        ] GC(160) PSYoungGen: 68384K(103424K)->49728K(104448K) Eden: 17920K(17920K)->0K(17920K) From: 50464K(85504K)->49728K(86528K)
[10.379s][info][gc,heap        ] GC(160) ParOldGen: 1506532K(1604608K)->1525404K(1604608K)
[10.379s][info][gc,metaspace   ] GC(160) Metaspace: 6297K(6464K)->6297K(6464K) NonClass: 5763K(5824K)->5763K(5824K) Class: 533K(640K)->533K(640K)
[10.379s][info][gc             ] GC(160) Pause Young (Allocation Failure) 1538M->1538M(1669M) 36.638ms
[10.379s][info][gc,cpu         ] GC(160) User=0.05s Sys=0.00s Real=0.04s
[10.398s][info][gc,start       ] GC(161) Pause Young (Allocation Failure)
[10.434s][info][gc,heap        ] GC(161) PSYoungGen: 67648K(104448K)->51872K(103936K) Eden: 17920K(17920K)->0K(20480K) From: 49728K(86528K)->51872K(83456K)
[10.434s][info][gc,heap        ] GC(161) ParOldGen: 1525404K(1604608K)->1541420K(1604608K)
[10.434s][info][gc,metaspace   ] GC(161) Metaspace: 6297K(6464K)->6297K(6464K) NonClass: 5763K(5824K)->5763K(5824K) Class: 533K(640K)->533K(640K)
[10.434s][info][gc             ] GC(161) Pause Young (Allocation Failure) 1555M->1555M(1668M) 35.959ms
[10.434s][info][gc,cpu         ] GC(161) User=0.16s Sys=0.00s Real=0.04s
[10.454s][info][gc,start       ] GC(162) Pause Young (Allocation Failure)
[10.493s][info][gc,heap        ] GC(162) PSYoungGen: 72352K(103936K)->38592K(59392K) Eden: 20480K(20480K)->0K(20480K) From: 51872K(83456K)->38592K(38912K)
[10.493s][info][gc,heap        ] GC(162) ParOldGen: 1541420K(1604608K)->1575636K(1604608K)
[10.493s][info][gc,metaspace   ] GC(162) Metaspace: 6297K(6464K)->6297K(6464K) NonClass: 5763K(5824K)->5763K(5824K) Class: 533K(640K)->533K(640K)
[10.493s][info][gc             ] GC(162) Pause Young (Allocation Failure) 1575M->1576M(1625M) 38.977ms
[10.493s][info][gc,cpu         ] GC(162) User=0.14s Sys=0.11s Real=0.04s
[10.493s][info][gc,start       ] GC(163) Pause Full (Ergonomics)
[10.493s][info][gc,phases,start] GC(163) Marking Phase
[10.853s][info][gc,phases      ] GC(163) Marking Phase 359.860ms
[10.853s][info][gc,phases,start] GC(163) Summary Phase
[10.853s][info][gc,phases      ] GC(163) Summary Phase 0.035ms
[10.853s][info][gc,phases,start] GC(163) Adjust Roots
[10.854s][info][gc,phases      ] GC(163) Adjust Roots 0.294ms
[10.854s][info][gc,phases,start] GC(163) Compaction Phase
[11.306s][info][gc,phases      ] GC(163) Compaction Phase 452.708ms
[11.306s][info][gc,phases,start] GC(163) Post Compact
[11.310s][info][gc,phases      ] GC(163) Post Compact 3.129ms
[11.310s][info][gc,heap        ] GC(163) PSYoungGen: 38592K(59392K)->7682K(59392K) Eden: 0K(20480K)->0K(20480K) From: 38592K(38912K)->7682K(38912K)
[11.310s][info][gc,heap        ] GC(163) ParOldGen: 1575636K(1604608K)->1604547K(1774592K)
[11.310s][info][gc,metaspace   ] GC(163) Metaspace: 6297K(6464K)->6297K(6464K) NonClass: 5763K(5824K)->5763K(5824K) Class: 533K(640K)->533K(640K)
[11.310s][info][gc             ] GC(163) Pause Full (Ergonomics) 1576M->1574M(1791M) 816.984ms
[11.310s][info][gc,cpu         ] GC(163) User=5.53s Sys=0.02s Real=0.82s
[11.332s][info][gc,start       ] GC(164) Pause Young (Allocation Failure)
[11.414s][info][gc,heap        ] GC(164) PSYoungGen: 28162K(59392K)->20640K(102400K) Eden: 20480K(20480K)->0K(22528K) From: 7682K(38912K)->20640K(79872K)
[11.414s][info][gc,heap        ] GC(164) ParOldGen: 1604547K(1774592K)->1612371K(1774592K)
[11.414s][info][gc,metaspace   ] GC(164) Metaspace: 6297K(6464K)->6297K(6464K) NonClass: 5763K(5824K)->5763K(5824K) Class: 533K(640K)->533K(640K)
[11.414s][info][gc             ] GC(164) Pause Young (Allocation Failure) 1594M->1594M(1833M) 82.070ms
[11.414s][info][gc,cpu         ] GC(164) User=0.53s Sys=0.00s Real=0.08s
[11.436s][info][gc,start       ] GC(165) Pause Young (Allocation Failure)
[11.466s][info][gc,heap        ] GC(165) PSYoungGen: 43168K(102400K)->43136K(103424K) Eden: 22528K(22528K)->0K(22528K) From: 20640K(79872K)->43136K(80896K)
[11.466s][info][gc,heap        ] GC(165) ParOldGen: 1612371K(1774592K)->1612371K(1774592K)
[11.466s][info][gc,metaspace   ] GC(165) Metaspace: 6297K(6464K)->6297K(6464K) NonClass: 5763K(5824K)->5763K(5824K) Class: 533K(640K)->533K(640K)
[11.466s][info][gc             ] GC(165) Pause Young (Allocation Failure) 1616M->1616M(1834M) 30.404ms
[11.466s][info][gc,cpu         ] GC(165) User=0.05s Sys=0.00s Real=0.03s
[11.488s][info][gc,start       ] GC(166) Pause Young (Allocation Failure)
[11.525s][info][gc,heap        ] GC(166) PSYoungGen: 65664K(103424K)->65664K(98304K) Eden: 22528K(22528K)->0K(19968K) From: 43136K(80896K)->65664K(78336K)
[11.525s][info][gc,heap        ] GC(166) ParOldGen: 1612371K(1774592K)->1612371K(1774592K)
[11.525s][info][gc,metaspace   ] GC(166) Metaspace: 6297K(6464K)->6297K(6464K) NonClass: 5763K(5824K)->5763K(5824K) Class: 533K(640K)->533K(640K)
[11.525s][info][gc             ] GC(166) Pause Young (Allocation Failure) 1638M->1638M(1829M) 36.957ms
[11.525s][info][gc,cpu         ] GC(166) User=0.05s Sys=0.00s Real=0.04s
[11.545s][info][gc,start       ] GC(167) Pause Young (Allocation Failure)
[11.588s][info][gc,heap        ] GC(167) PSYoungGen: 85632K(98304K)->65152K(103424K) Eden: 19968K(19968K)->0K(19968K) From: 65664K(78336K)->65152K(83456K)
[11.588s][info][gc,heap        ] GC(167) ParOldGen: 1612371K(1774592K)->1633123K(1774592K)
[11.588s][info][gc,metaspace   ] GC(167) Metaspace: 6297K(6464K)->6297K(6464K) NonClass: 5763K(5824K)->5763K(5824K) Class: 533K(640K)->533K(640K)
[11.588s][info][gc             ] GC(167) Pause Young (Allocation Failure) 1658M->1658M(1834M) 43.173ms
[11.588s][info][gc,cpu         ] GC(167) User=0.23s Sys=0.00s Real=0.04s
[11.609s][info][gc,start       ] GC(168) Pause Young (Allocation Failure)
[11.652s][info][gc,heap        ] GC(168) PSYoungGen: 85120K(103424K)->62656K(107520K) Eden: 19968K(19968K)->0K(19968K) From: 65152K(83456K)->62656K(87552K)
[11.652s][info][gc,heap        ] GC(168) ParOldGen: 1633123K(1774592K)->1655963K(1774592K)
[11.652s][info][gc,metaspace   ] GC(168) Metaspace: 6297K(6464K)->6297K(6464K) NonClass: 5763K(5824K)->5763K(5824K) Class: 533K(640K)->533K(640K)
[11.652s][info][gc             ] GC(168) Pause Young (Allocation Failure) 1677M->1678M(1838M) 42.891ms
[11.652s][info][gc,cpu         ] GC(168) User=0.22s Sys=0.00s Real=0.04s
[11.673s][info][gc,start       ] GC(169) Pause Young (Allocation Failure)
[11.715s][info][gc,heap        ] GC(169) PSYoungGen: 82624K(107520K)->60096K(110080K) Eden: 19968K(19968K)->0K(19968K) From: 62656K(87552K)->60096K(90112K)
[11.715s][info][gc,heap        ] GC(169) ParOldGen: 1655963K(1774592K)->1678795K(1774592K)
[11.715s][info][gc,metaspace   ] GC(169) Metaspace: 6297K(6464K)->6297K(6464K) NonClass: 5763K(5824K)->5763K(5824K) Class: 533K(640K)->533K(640K)
[11.715s][info][gc             ] GC(169) Pause Young (Allocation Failure) 1697M->1698M(1840M) 42.617ms
[11.715s][info][gc,cpu         ] GC(169) User=0.20s Sys=0.03s Real=0.04s
[11.738s][info][gc,start       ] GC(170) Pause Young (Allocation Failure)
[11.781s][info][gc,heap        ] GC(170) PSYoungGen: 80064K(110080K)->60064K(113152K) Eden: 19968K(19968K)->0K(22528K) From: 60096K(90112K)->60064K(90624K)
[11.781s][info][gc,heap        ] GC(170) ParOldGen: 1678795K(1774592K)->1699059K(1774592K)
[11.781s][info][gc,metaspace   ] GC(170) Metaspace: 6297K(6464K)->6297K(6464K) NonClass: 5763K(5824K)->5763K(5824K) Class: 533K(640K)->533K(640K)
[11.781s][info][gc             ] GC(170) Pause Young (Allocation Failure) 1717M->1717M(1843M) 42.920ms
[11.781s][info][gc,cpu         ] GC(170) User=0.23s Sys=0.03s Real=0.04s
[11.807s][info][gc,start       ] GC(171) Pause Young (Allocation Failure)
[11.850s][info][gc,heap        ] GC(171) PSYoungGen: 82592K(113152K)->42624K(113152K) Eden: 22528K(22528K)->0K(22528K) From: 60064K(90624K)->42624K(90624K)
[11.850s][info][gc,heap        ] GC(171) ParOldGen: 1699059K(1774592K)->1739499K(1774592K)
[11.850s][info][gc,metaspace   ] GC(171) Metaspace: 6297K(6464K)->6297K(6464K) NonClass: 5763K(5824K)->5763K(5824K) Class: 533K(640K)->533K(640K)
[11.850s][info][gc             ] GC(171) Pause Young (Allocation Failure) 1739M->1740M(1843M) 43.443ms
[11.850s][info][gc,cpu         ] GC(171) User=0.25s Sys=0.00s Real=0.04s
[11.850s][info][gc,start       ] GC(172) Pause Full (Ergonomics)
[11.850s][info][gc,phases,start] GC(172) Marking Phase
[12.244s][info][gc,phases      ] GC(172) Marking Phase 393.848ms
[12.244s][info][gc,phases,start] GC(172) Summary Phase
[12.244s][info][gc,phases      ] GC(172) Summary Phase 0.029ms
[12.244s][info][gc,phases,start] GC(172) Adjust Roots
[12.244s][info][gc,phases      ] GC(172) Adjust Roots 0.158ms
[12.244s][info][gc,phases,start] GC(172) Compaction Phase
[12.422s][info][gc,phases      ] GC(172) Compaction Phase 178.059ms
[12.422s][info][gc,phases,start] GC(172) Post Compact
[12.426s][info][gc,phases      ] GC(172) Post Compact 3.379ms
[12.427s][info][gc,heap        ] GC(172) PSYoungGen: 42624K(113152K)->5653K(113152K) Eden: 0K(22528K)->0K(22528K) From: 42624K(90624K)->5653K(90624K)
[12.427s][info][gc,heap        ] GC(172) ParOldGen: 1739499K(1774592K)->1774262K(1963008K)
[12.427s][info][gc,metaspace   ] GC(172) Metaspace: 6297K(6464K)->6297K(6464K) NonClass: 5763K(5824K)->5763K(5824K) Class: 533K(640K)->533K(640K)
[12.427s][info][gc             ] GC(172) Pause Full (Ergonomics) 1740M->1738M(2027M) 576.439ms
[12.427s][info][gc,cpu         ] GC(172) User=4.08s Sys=0.05s Real=0.58s
[12.452s][info][gc,start       ] GC(173) Pause Young (Allocation Failure)
[12.542s][info][gc,heap        ] GC(173) PSYoungGen: 28181K(113152K)->22720K(112640K) Eden: 22528K(22528K)->0K(25088K) From: 5653K(90624K)->22720K(87552K)
[12.542s][info][gc,heap        ] GC(173) ParOldGen: 1774262K(1963008K)->1780014K(1963008K)
[12.542s][info][gc,metaspace   ] GC(173) Metaspace: 6297K(6464K)->6297K(6464K) NonClass: 5763K(5824K)->5763K(5824K) Class: 533K(640K)->533K(640K)
[12.542s][info][gc             ] GC(173) Pause Young (Allocation Failure) 1760M->1760M(2027M) 89.895ms
[12.542s][info][gc,cpu         ] GC(173) User=0.53s Sys=0.00s Real=0.09s
[12.568s][info][gc,start       ] GC(174) Pause Young (Allocation Failure)
[12.601s][info][gc,heap        ] GC(174) PSYoungGen: 47808K(112640K)->47808K(73216K) Eden: 25088K(25088K)->0K(25088K) From: 22720K(87552K)->47808K(48128K)
[12.601s][info][gc,heap        ] GC(174) ParOldGen: 1780014K(1963008K)->1780014K(1963008K)
[12.601s][info][gc,metaspace   ] GC(174) Metaspace: 6297K(6464K)->6297K(6464K) NonClass: 5763K(5824K)->5763K(5824K) Class: 533K(640K)->533K(640K)
[12.601s][info][gc             ] GC(174) Pause Young (Allocation Failure) 1784M->1784M(1988M) 33.282ms
[12.601s][info][gc,cpu         ] GC(174) User=0.14s Sys=0.00s Real=0.03s
[12.627s][info][gc,start       ] GC(175) Pause Young (Allocation Failure)
[12.667s][info][gc,heap        ] GC(175) PSYoungGen: 72896K(73216K)->50304K(108544K) Eden: 25088K(25088K)->0K(28160K) From: 47808K(48128K)->50304K(80384K)
[12.667s][info][gc,heap        ] GC(175) ParOldGen: 1780014K(1963008K)->1802862K(1963008K)
[12.667s][info][gc,metaspace   ] GC(175) Metaspace: 6297K(6464K)->6297K(6464K) NonClass: 5763K(5824K)->5763K(5824K) Class: 533K(640K)->533K(640K)
[12.667s][info][gc             ] GC(175) Pause Young (Allocation Failure) 1809M->1809M(2023M) 40.490ms
[12.667s][info][gc,cpu         ] GC(175) User=0.25s Sys=0.00s Real=0.04s
[12.698s][info][gc,start       ] GC(176) Pause Young (Allocation Failure)
[12.741s][info][gc,heap        ] GC(176) PSYoungGen: 78464K(108544K)->53408K(110592K) Eden: 28160K(28160K)->0K(28160K) From: 50304K(80384K)->53408K(82432K)
[12.741s][info][gc,heap        ] GC(176) ParOldGen: 1802862K(1963008K)->1828278K(1963008K)
[12.741s][info][gc,metaspace   ] GC(176) Metaspace: 6297K(6464K)->6297K(6464K) NonClass: 5763K(5824K)->5763K(5824K) Class: 533K(640K)->533K(640K)
[12.741s][info][gc             ] GC(176) Pause Young (Allocation Failure) 1837M->1837M(2025M) 42.727ms
[12.741s][info][gc,cpu         ] GC(176) User=0.25s Sys=0.00s Real=0.04s
[12.773s][info][gc,start       ] GC(177) Pause Young (Allocation Failure)
[12.817s][info][gc,heap        ] GC(177) PSYoungGen: 81568K(110592K)->56512K(113152K) Eden: 28160K(28160K)->0K(31744K) From: 53408K(82432K)->56512K(81408K)
[12.817s][info][gc,heap        ] GC(177) ParOldGen: 1828278K(1963008K)->1853702K(1963008K)
[12.817s][info][gc,metaspace   ] GC(177) Metaspace: 6297K(6464K)->6297K(6464K) NonClass: 5763K(5824K)->5763K(5824K) Class: 533K(640K)->533K(640K)
[12.817s][info][gc             ] GC(177) Pause Young (Allocation Failure) 1865M->1865M(2027M) 44.072ms
[12.817s][info][gc,cpu         ] GC(177) User=0.25s Sys=0.02s Real=0.04s
[12.854s][info][gc,start       ] GC(178) Pause Young (Allocation Failure)
[12.902s][info][gc,heap        ] GC(178) PSYoungGen: 88256K(113152K)->60096K(113152K) Eden: 31744K(31744K)->0K(31744K) From: 56512K(81408K)->60096K(81408K)
[12.902s][info][gc,heap        ] GC(178) ParOldGen: 1853702K(1963008K)->1882238K(1963008K)
[12.902s][info][gc,metaspace   ] GC(178) Metaspace: 6297K(6464K)->6297K(6464K) NonClass: 5763K(5824K)->5763K(5824K) Class: 533K(640K)->533K(640K)
[12.902s][info][gc             ] GC(178) Pause Young (Allocation Failure) 1896M->1896M(2027M) 47.844ms
[12.902s][info][gc,cpu         ] GC(178) User=0.27s Sys=0.00s Real=0.05s
[12.938s][info][gc,start       ] GC(179) Pause Young (Allocation Failure)
[12.987s][info][gc,heap        ] GC(179) PSYoungGen: 91840K(113152K)->63680K(116224K) Eden: 31744K(31744K)->0K(33792K) From: 60096K(81408K)->63680K(82432K)
[12.987s][info][gc,heap        ] GC(179) ParOldGen: 1882238K(1963008K)->1910790K(1963008K)
[12.987s][info][gc,metaspace   ] GC(179) Metaspace: 6297K(6464K)->6297K(6464K) NonClass: 5763K(5824K)->5763K(5824K) Class: 533K(640K)->533K(640K)
[12.987s][info][gc             ] GC(179) Pause Young (Allocation Failure) 1927M->1928M(2030M) 49.068ms
[12.987s][info][gc,cpu         ] GC(179) User=0.28s Sys=0.00s Real=0.05s
[13.028s][info][gc,start       ] GC(180) Pause Young (Allocation Failure)
[13.080s][info][gc,heap        ] GC(180) PSYoungGen: 97472K(116224K)->65760K(118272K) Eden: 33792K(33792K)->0K(33792K) From: 63680K(82432K)->65760K(84480K)
[13.080s][info][gc,heap        ] GC(180) ParOldGen: 1910790K(1963008K)->1942958K(1963008K)
[13.080s][info][gc,metaspace   ] GC(180) Metaspace: 6297K(6464K)->6297K(6464K) NonClass: 5763K(5824K)->5763K(5824K) Class: 533K(640K)->533K(640K)
[13.080s][info][gc             ] GC(180) Pause Young (Allocation Failure) 1961M->1961M(2032M) 52.361ms
[13.080s][info][gc,cpu         ] GC(180) User=0.34s Sys=0.02s Real=0.05s
[13.080s][info][gc,start       ] GC(181) Pause Full (Ergonomics)
[13.080s][info][gc,phases,start] GC(181) Marking Phase
[13.531s][info][gc,phases      ] GC(181) Marking Phase 451.216ms
[13.531s][info][gc,phases,start] GC(181) Summary Phase
[13.531s][info][gc,phases      ] GC(181) Summary Phase 0.032ms
[13.531s][info][gc,phases,start] GC(181) Adjust Roots
[13.532s][info][gc,phases      ] GC(181) Adjust Roots 0.167ms
[13.532s][info][gc,phases,start] GC(181) Compaction Phase
[13.750s][info][gc,phases      ] GC(181) Compaction Phase 218.464ms
[13.750s][info][gc,phases,start] GC(181) Post Compact
[13.754s][info][gc,phases      ] GC(181) Post Compact 3.623ms
[13.755s][info][gc,heap        ] GC(181) PSYoungGen: 65760K(118272K)->42988K(118272K) Eden: 0K(33792K)->0K(33792K) From: 65760K(84480K)->42988K(84480K)
[13.755s][info][gc,heap        ] GC(181) ParOldGen: 1942958K(1963008K)->1962975K(2169344K)
[13.755s][info][gc,metaspace   ] GC(181) Metaspace: 6297K(6464K)->6297K(6464K) NonClass: 5763K(5824K)->5763K(5824K) Class: 533K(640K)->533K(640K)
[13.755s][info][gc             ] GC(181) Pause Full (Ergonomics) 1961M->1958M(2234M) 674.518ms
[13.755s][info][gc,cpu         ] GC(181) User=4.75s Sys=0.02s Real=0.67s
[13.801s][info][gc,start       ] GC(182) Pause Young (Allocation Failure)
[13.925s][info][gc,heap        ] GC(182) PSYoungGen: 76780K(118272K)->56352K(119296K) Eden: 33792K(33792K)->0K(37376K) From: 42988K(84480K)->56352K(81920K)
[13.925s][info][gc,heap        ] GC(182) ParOldGen: 1962975K(2169344K)->1983903K(2169344K)
[13.925s][info][gc,metaspace   ] GC(182) Metaspace: 6297K(6464K)->6297K(6464K) NonClass: 5763K(5824K)->5763K(5824K) Class: 533K(640K)->533K(640K)
[13.925s][info][gc             ] GC(182) Pause Young (Allocation Failure) 1991M->1992M(2235M) 123.589ms
[13.925s][info][gc,cpu         ] GC(182) User=0.75s Sys=0.00s Real=0.12s
[13.967s][info][gc,start       ] GC(183) Pause Young (Allocation Failure)
[14.020s][info][gc,heap        ] GC(183) PSYoungGen: 93728K(119296K)->84480K(121856K) Eden: 37376K(37376K)->0K(37376K) From: 56352K(81920K)->84480K(84480K)
[14.020s][info][gc,heap        ] GC(183) ParOldGen: 1983903K(2169344K)->1993207K(2169344K)
[14.020s][info][gc,metaspace   ] GC(183) Metaspace: 6297K(6464K)->6297K(6464K) NonClass: 5763K(5824K)->5763K(5824K) Class: 533K(640K)->533K(640K)
[14.020s][info][gc             ] GC(183) Pause Young (Allocation Failure) 2028M->2028M(2237M) 52.808ms
[14.020s][info][gc,cpu         ] GC(183) User=0.28s Sys=0.00s Real=0.05s
[14.059s][info][gc,start       ] GC(184) Pause Young (Allocation Failure)
[14.127s][info][gc,heap        ] GC(184) PSYoungGen: 121856K(121856K)->71904K(135680K) Eden: 37376K(37376K)->0K(39424K) From: 84480K(84480K)->71904K(96256K)
[14.127s][info][gc,heap        ] GC(184) ParOldGen: 1993207K(2169344K)->2043983K(2169344K)
[14.127s][info][gc,metaspace   ] GC(184) Metaspace: 6297K(6464K)->6297K(6464K) NonClass: 5763K(5824K)->5763K(5824K) Class: 533K(640K)->533K(640K)
[14.127s][info][gc             ] GC(184) Pause Young (Allocation Failure) 2065M->2066M(2251M) 68.196ms
[14.127s][info][gc,cpu         ] GC(184) User=0.48s Sys=0.02s Real=0.07s
[14.168s][info][gc,start       ] GC(185) Pause Young (Allocation Failure)
[14.226s][info][gc,heap        ] GC(185) PSYoungGen: 111328K(135680K)->76992K(137728K) Eden: 39424K(39424K)->0K(39424K) From: 71904K(96256K)->76992K(98304K)
[14.226s][info][gc,heap        ] GC(185) ParOldGen: 2043983K(2169344K)->2078711K(2169344K)
[14.226s][info][gc,metaspace   ] GC(185) Metaspace: 6297K(6464K)->6297K(6464K) NonClass: 5763K(5824K)->5763K(5824K) Class: 533K(640K)->533K(640K)
[14.226s][info][gc             ] GC(185) Pause Young (Allocation Failure) 2104M->2105M(2253M) 58.353ms
[14.226s][info][gc,cpu         ] GC(185) User=0.38s Sys=0.00s Real=0.06s
[14.269s][info][gc,start       ] GC(186) Pause Young (Allocation Failure)
[14.330s][info][gc,heap        ] GC(186) PSYoungGen: 116416K(137728K)->79136K(141824K) Eden: 39424K(39424K)->0K(40960K) From: 76992K(98304K)->79136K(100864K)
[14.330s][info][gc,heap        ] GC(186) ParOldGen: 2078711K(2169344K)->2116591K(2169344K)
[14.330s][info][gc,metaspace   ] GC(186) Metaspace: 6297K(6464K)->6297K(6464K) NonClass: 5763K(5824K)->5763K(5824K) Class: 533K(640K)->533K(640K)
[14.330s][info][gc             ] GC(186) Pause Young (Allocation Failure) 2143M->2144M(2257M) 61.094ms
[14.330s][info][gc,cpu         ] GC(186) User=0.34s Sys=0.03s Real=0.06s
[14.330s][info][gc,start       ] GC(187) Pause Full (Ergonomics)
[14.330s][info][gc,phases,start] GC(187) Marking Phase
[14.795s][info][gc,phases      ] GC(187) Marking Phase 465.130ms
[14.795s][info][gc,phases,start] GC(187) Summary Phase
[14.795s][info][gc,phases      ] GC(187) Summary Phase 0.040ms
[14.795s][info][gc,phases,start] GC(187) Adjust Roots
[14.795s][info][gc,phases      ] GC(187) Adjust Roots 0.156ms
[14.795s][info][gc,phases,start] GC(187) Compaction Phase
[14.994s][info][gc,phases      ] GC(187) Compaction Phase 198.436ms
[14.994s][info][gc,phases,start] GC(187) Post Compact
[14.998s][info][gc,phases      ] GC(187) Post Compact 4.388ms
[14.999s][info][gc,heap        ] GC(187) PSYoungGen: 79136K(141824K)->24113K(141824K) Eden: 0K(40960K)->0K(40960K) From: 79136K(100864K)->24113K(100864K)
[14.999s][info][gc,heap        ] GC(187) ParOldGen: 2116591K(2169344K)->2169080K(2400768K)
[14.999s][info][gc,metaspace   ] GC(187) Metaspace: 6297K(6464K)->6297K(6464K) NonClass: 5763K(5824K)->5763K(5824K) Class: 533K(640K)->533K(640K)
[14.999s][info][gc             ] GC(187) Pause Full (Ergonomics) 2144M->2141M(2483M) 669.283ms
[14.999s][info][gc,cpu         ] GC(187) User=4.89s Sys=0.05s Real=0.67s
[15.052s][info][gc,start       ] GC(188) Pause Young (Allocation Failure)
[15.176s][info][gc,heap        ] GC(188) PSYoungGen: 65073K(141824K)->53216K(144896K) Eden: 40960K(40960K)->0K(40960K) From: 24113K(100864K)->53216K(103936K)
[15.176s][info][gc,heap        ] GC(188) ParOldGen: 2169080K(2400768K)->2181344K(2400768K)
[15.176s][info][gc,metaspace   ] GC(188) Metaspace: 6297K(6464K)->6297K(6464K) NonClass: 5763K(5824K)->5763K(5824K) Class: 533K(640K)->533K(640K)
[15.176s][info][gc             ] GC(188) Pause Young (Allocation Failure) 2181M->2182M(2486M) 123.543ms
[15.176s][info][gc,cpu         ] GC(188) User=0.78s Sys=0.00s Real=0.12s
[15.225s][info][gc,start       ] GC(189) Pause Young (Allocation Failure)
[15.279s][info][gc,heap        ] GC(189) PSYoungGen: 94176K(144896K)->94176K(138240K) Eden: 40960K(40960K)->0K(36864K) From: 53216K(103936K)->94176K(101376K)
[15.279s][info][gc,heap        ] GC(189) ParOldGen: 2181344K(2400768K)->2181344K(2400768K)
[15.279s][info][gc,metaspace   ] GC(189) Metaspace: 6297K(6464K)->6297K(6464K) NonClass: 5763K(5824K)->5763K(5824K) Class: 533K(640K)->533K(640K)
[15.279s][info][gc             ] GC(189) Pause Young (Allocation Failure) 2222M->2222M(2479M) 53.345ms
[15.279s][info][gc,cpu         ] GC(189) User=0.36s Sys=0.02s Real=0.05s
[15.323s][info][gc,start       ] GC(190) Pause Young (Allocation Failure)
[15.390s][info][gc,heap        ] GC(190) PSYoungGen: 131040K(138240K)->109568K(146432K) Eden: 36864K(36864K)->0K(36864K) From: 94176K(101376K)->109568K(109568K)
[15.390s][info][gc,heap        ] GC(190) ParOldGen: 2181344K(2400768K)->2203032K(2400768K)
[15.390s][info][gc,metaspace   ] GC(190) Metaspace: 6297K(6464K)->6297K(6464K) NonClass: 5763K(5824K)->5763K(5824K) Class: 533K(640K)->533K(640K)
[15.390s][info][gc             ] GC(190) Pause Young (Allocation Failure) 2258M->2258M(2487M) 66.500ms
[15.390s][info][gc,cpu         ] GC(190) User=0.38s Sys=0.00s Real=0.07s
[15.435s][info][gc,start       ] GC(191) Pause Young (Allocation Failure)
[15.511s][info][gc,heap        ] GC(191) PSYoungGen: 146432K(146432K)->103744K(164352K) Eden: 36864K(36864K)->0K(34816K) From: 109568K(109568K)->103744K(129536K)
[15.511s][info][gc,heap        ] GC(191) ParOldGen: 2203032K(2400768K)->2246416K(2400768K)
[15.511s][info][gc,metaspace   ] GC(191) Metaspace: 6297K(6464K)->6297K(6464K) NonClass: 5763K(5824K)->5763K(5824K) Class: 533K(640K)->533K(640K)
[15.511s][info][gc             ] GC(191) Pause Young (Allocation Failure) 2294M->2295M(2505M) 76.678ms
[15.511s][info][gc,cpu         ] GC(191) User=0.41s Sys=0.08s Real=0.08s
[15.551s][info][gc,start       ] GC(192) Pause Young (Allocation Failure)
[15.621s][info][gc,heap        ] GC(192) PSYoungGen: 138560K(164352K)->102592K(170496K) Eden: 34816K(34816K)->0K(34816K) From: 103744K(129536K)->102592K(135680K)
[15.621s][info][gc,heap        ] GC(192) ParOldGen: 2246416K(2400768K)->2282792K(2400768K)
[15.621s][info][gc,metaspace   ] GC(192) Metaspace: 6297K(6464K)->6297K(6464K) NonClass: 5763K(5824K)->5763K(5824K) Class: 533K(640K)->533K(640K)
[15.621s][info][gc             ] GC(192) Pause Young (Allocation Failure) 2329M->2329M(2511M) 70.108ms
[15.621s][info][gc,cpu         ] GC(192) User=0.50s Sys=0.02s Real=0.07s
[15.662s][info][gc,start       ] GC(193) Pause Young (Allocation Failure)
[15.734s][info][gc,heap        ] GC(193) PSYoungGen: 137408K(170496K)->106784K(174592K) Eden: 34816K(34816K)->0K(34304K) From: 102592K(135680K)->106784K(140288K)
[15.734s][info][gc,heap        ] GC(193) ParOldGen: 2282792K(2400768K)->2313712K(2400768K)
[15.734s][info][gc,metaspace   ] GC(193) Metaspace: 6297K(6464K)->6297K(6464K) NonClass: 5763K(5824K)->5763K(5824K) Class: 533K(640K)->533K(640K)
[15.734s][info][gc             ] GC(193) Pause Young (Allocation Failure) 2363M->2363M(2515M) 72.510ms
[15.734s][info][gc,cpu         ] GC(193) User=0.47s Sys=0.05s Real=0.07s
[15.776s][info][gc,start       ] GC(194) Pause Young (Allocation Failure)
[15.849s][info][gc,heap        ] GC(194) PSYoungGen: 141088K(174592K)->104224K(179200K) Eden: 34304K(34304K)->0K(34304K) From: 106784K(140288K)->104224K(144896K)
[15.849s][info][gc,heap        ] GC(194) ParOldGen: 2313712K(2400768K)->2350912K(2400768K)
[15.849s][info][gc,metaspace   ] GC(194) Metaspace: 6297K(6464K)->6297K(6464K) NonClass: 5763K(5824K)->5763K(5824K) Class: 533K(640K)->533K(640K)
[15.849s][info][gc             ] GC(194) Pause Young (Allocation Failure) 2397M->2397M(2519M) 73.087ms
[15.849s][info][gc,cpu         ] GC(194) User=0.44s Sys=0.06s Real=0.07s
[15.849s][info][gc,start       ] GC(195) Pause Full (Ergonomics)
[15.849s][info][gc,phases,start] GC(195) Marking Phase
[16.406s][info][gc,phases      ] GC(195) Marking Phase 557.244ms
[16.407s][info][gc,phases,start] GC(195) Summary Phase
[16.407s][info][gc,phases      ] GC(195) Summary Phase 0.040ms
[16.407s][info][gc,phases,start] GC(195) Adjust Roots
[16.407s][info][gc,phases      ] GC(195) Adjust Roots 0.165ms
[16.407s][info][gc,phases,start] GC(195) Compaction Phase
[16.626s][info][gc,phases      ] GC(195) Compaction Phase 219.434ms
[16.626s][info][gc,phases,start] GC(195) Post Compact
[16.631s][info][gc,phases      ] GC(195) Post Compact 4.955ms
[16.632s][info][gc,heap        ] GC(195) PSYoungGen: 104224K(179200K)->52220K(179200K) Eden: 0K(34304K)->0K(34304K) From: 104224K(144896K)->52220K(144896K)
[16.632s][info][gc,heap        ] GC(195) ParOldGen: 2350912K(2400768K)->2400348K(2650112K)
[16.632s][info][gc,metaspace   ] GC(195) Metaspace: 6297K(6464K)->6297K(6464K) NonClass: 5763K(5824K)->5763K(5824K) Class: 533K(640K)->533K(640K)
[16.632s][info][gc             ] GC(195) Pause Full (Ergonomics) 2397M->2395M(2763M) 783.171ms
[16.632s][info][gc,cpu         ] GC(195) User=5.86s Sys=0.00s Real=0.78s
[16.677s][info][gc,start       ] GC(196) Pause Young (Allocation Failure)
[16.829s][info][gc,heap        ] GC(196) PSYoungGen: 86524K(179200K)->68992K(176128K) Eden: 34304K(34304K)->0K(37888K) From: 52220K(144896K)->68992K(138240K)
[16.829s][info][gc,heap        ] GC(196) ParOldGen: 2400348K(2650112K)->2418324K(2650112K)
[16.829s][info][gc,metaspace   ] GC(196) Metaspace: 6297K(6464K)->6297K(6464K) NonClass: 5763K(5824K)->5763K(5824K) Class: 533K(640K)->533K(640K)
[16.829s][info][gc             ] GC(196) Pause Young (Allocation Failure) 2428M->2429M(2760M) 152.347ms
[16.829s][info][gc,cpu         ] GC(196) User=1.02s Sys=0.00s Real=0.15s
[16.875s][info][gc,start       ] GC(197) Pause Young (Allocation Failure)
[16.935s][info][gc,heap        ] GC(197) PSYoungGen: 106880K(176128K)->89792K(181248K) Eden: 37888K(37888K)->0K(37888K) From: 68992K(138240K)->89792K(143360K)
[16.935s][info][gc,heap        ] GC(197) ParOldGen: 2418324K(2650112K)->2435636K(2650112K)
[16.935s][info][gc,metaspace   ] GC(197) Metaspace: 6297K(6464K)->6297K(6464K) NonClass: 5763K(5824K)->5763K(5824K) Class: 533K(640K)->533K(640K)
[16.935s][info][gc             ] GC(197) Pause Young (Allocation Failure) 2466M->2466M(2765M) 59.789ms
[16.935s][info][gc,cpu         ] GC(197) User=0.39s Sys=0.00s Real=0.06s
[16.981s][info][gc,start       ] GC(198) Pause Young (Allocation Failure)
[17.047s][info][gc,heap        ] GC(198) PSYoungGen: 127680K(181248K)->110336K(177664K) Eden: 37888K(37888K)->0K(37376K) From: 89792K(143360K)->110336K(140288K)
[17.047s][info][gc,heap        ] GC(198) ParOldGen: 2435636K(2650112K)->2453156K(2650112K)
[17.047s][info][gc,metaspace   ] GC(198) Metaspace: 6297K(6464K)->6297K(6464K) NonClass: 5763K(5824K)->5763K(5824K) Class: 533K(640K)->533K(640K)
[17.047s][info][gc             ] GC(198) Pause Young (Allocation Failure) 2503M->2503M(2761M) 66.479ms
[17.047s][info][gc,cpu         ] GC(198) User=0.39s Sys=0.00s Real=0.07s
[17.094s][info][gc,start       ] GC(199) Pause Young (Allocation Failure)
[17.175s][info][gc,heap        ] GC(199) PSYoungGen: 147712K(177664K)->113408K(182272K) Eden: 37376K(37376K)->0K(37376K) From: 110336K(140288K)->113408K(144896K)
[17.176s][info][gc,heap        ] GC(199) ParOldGen: 2453156K(2650112K)->2487772K(2650112K)
[17.176s][info][gc,metaspace   ] GC(199) Metaspace: 6297K(6464K)->6297K(6464K) NonClass: 5763K(5824K)->5763K(5824K) Class: 533K(640K)->533K(640K)
[17.176s][info][gc             ] GC(199) Pause Young (Allocation Failure) 2539M->2540M(2766M) 81.866ms
[17.176s][info][gc,cpu         ] GC(199) User=0.50s Sys=0.02s Real=0.08s
[17.221s][info][gc,start       ] GC(200) Pause Young (Allocation Failure)
[17.304s][info][gc,heap        ] GC(200) PSYoungGen: 150784K(182272K)->112928K(188416K) Eden: 37376K(37376K)->0K(38912K) From: 113408K(144896K)->112928K(149504K)
[17.304s][info][gc,heap        ] GC(200) ParOldGen: 2487772K(2650112K)->2526004K(2650112K)
[17.304s][info][gc,metaspace   ] GC(200) Metaspace: 6297K(6464K)->6297K(6464K) NonClass: 5763K(5824K)->5763K(5824K) Class: 533K(640K)->533K(640K)
[17.304s][info][gc             ] GC(200) Pause Young (Allocation Failure) 2576M->2577M(2772M) 83.141ms
[17.304s][info][gc,cpu         ] GC(200) User=0.48s Sys=0.02s Real=0.08s
[17.351s][info][gc,start       ] GC(201) Pause Young (Allocation Failure)
[17.437s][info][gc,heap        ] GC(201) PSYoungGen: 151840K(188416K)->113952K(191488K) Eden: 38912K(38912K)->0K(38912K) From: 112928K(149504K)->113952K(152576K)
[17.437s][info][gc,heap        ] GC(201) ParOldGen: 2526004K(2650112K)->2564228K(2650112K)
[17.437s][info][gc,metaspace   ] GC(201) Metaspace: 6297K(6464K)->6297K(6464K) NonClass: 5763K(5824K)->5763K(5824K) Class: 533K(640K)->533K(640K)
[17.437s][info][gc             ] GC(201) Pause Young (Allocation Failure) 2615M->2615M(2775M) 85.455ms
[17.437s][info][gc,cpu         ] GC(201) User=0.50s Sys=0.05s Real=0.09s
[17.487s][info][gc,start       ] GC(202) Pause Young (Allocation Failure)
[17.575s][info][gc,heap        ] GC(202) PSYoungGen: 152864K(191488K)->78112K(192000K) Eden: 38912K(38912K)->0K(44032K) From: 113952K(152576K)->78112K(147968K)
[17.575s][info][gc,heap        ] GC(202) ParOldGen: 2564228K(2650112K)->2639636K(2650112K)
[17.575s][info][gc,metaspace   ] GC(202) Metaspace: 6297K(6464K)->6297K(6464K) NonClass: 5763K(5824K)->5763K(5824K) Class: 533K(640K)->533K(640K)
[17.575s][info][gc             ] GC(202) Pause Young (Allocation Failure) 2653M->2654M(2775M) 88.131ms
[17.575s][info][gc,cpu         ] GC(202) User=0.53s Sys=0.00s Real=0.09s
[17.575s][info][gc,start       ] GC(203) Pause Full (Ergonomics)
[17.575s][info][gc,phases,start] GC(203) Marking Phase
[18.189s][info][gc,phases      ] GC(203) Marking Phase 613.481ms
[18.189s][info][gc,phases,start] GC(203) Summary Phase
[18.189s][info][gc,phases      ] GC(203) Summary Phase 0.037ms
[18.189s][info][gc,phases,start] GC(203) Adjust Roots
[18.189s][info][gc,phases      ] GC(203) Adjust Roots 0.158ms
[18.189s][info][gc,phases,start] GC(203) Compaction Phase
[18.425s][info][gc,phases      ] GC(203) Compaction Phase 235.701ms
[18.425s][info][gc,phases,start] GC(203) Post Compact
[18.430s][info][gc,phases      ] GC(203) Post Compact 4.753ms
[18.431s][info][gc,heap        ] GC(203) PSYoungGen: 78112K(192000K)->64978K(195584K) Eden: 0K(44032K)->0K(47616K) From: 78112K(147968K)->64978K(147968K)
[18.431s][info][gc,heap        ] GC(203) ParOldGen: 2639636K(2650112K)->2650030K(2933760K)
[18.431s][info][gc,metaspace   ] GC(203) Metaspace: 6297K(6464K)->6297K(6464K) NonClass: 5763K(5824K)->5763K(5824K) Class: 533K(640K)->533K(640K)
[18.431s][info][gc             ] GC(203) Pause Full (Ergonomics) 2654M->2651M(3056M) 855.446ms
[18.431s][info][gc,cpu         ] GC(203) User=6.44s Sys=0.02s Real=0.86s
[18.488s][info][gc,start       ] GC(204) Pause Young (Allocation Failure)
[18.659s][info][gc,heap        ] GC(204) PSYoungGen: 112594K(195584K)->47808K(199168K) Eden: 47616K(47616K)->0K(47616K) From: 64978K(147968K)->47808K(151552K)
[18.659s][info][gc,heap        ] GC(204) ParOldGen: 2650030K(2933760K)->2715646K(2933760K)
[18.659s][info][gc,metaspace   ] GC(204) Metaspace: 6297K(6464K)->6297K(6464K) NonClass: 5763K(5824K)->5763K(5824K) Class: 533K(640K)->533K(640K)
[18.659s][info][gc             ] GC(204) Pause Young (Allocation Failure) 2697M->2698M(3059M) 170.658ms
[18.659s][info][gc,cpu         ] GC(204) User=0.94s Sys=0.08s Real=0.17s
[18.712s][info][gc,start       ] GC(205) Pause Young (Allocation Failure)
[18.768s][info][gc,heap        ] GC(205) PSYoungGen: 95424K(199168K)->47776K(204800K) Eden: 47616K(47616K)->0K(52224K) From: 47808K(151552K)->47776K(152576K)
[18.768s][info][gc,heap        ] GC(205) ParOldGen: 2715646K(2933760K)->2763678K(2933760K)
[18.768s][info][gc,metaspace   ] GC(205) Metaspace: 6297K(6464K)->6297K(6464K) NonClass: 5763K(5824K)->5763K(5824K) Class: 533K(640K)->533K(640K)
[18.768s][info][gc             ] GC(205) Pause Young (Allocation Failure) 2745M->2745M(3065M) 55.921ms
[18.768s][info][gc,cpu         ] GC(205) User=0.45s Sys=0.03s Real=0.05s
[19.349s][info][gc,start       ] GC(206) Pause Full (Ergonomics)
[19.350s][info][gc,phases,start] GC(206) Marking Phase
[20.009s][info][gc,phases      ] GC(206) Marking Phase 659.165ms
[20.009s][info][gc,phases,start] GC(206) Summary Phase
[20.009s][info][gc,phases      ] GC(206) Summary Phase 0.058ms
[20.009s][info][gc,phases,start] GC(206) Adjust Roots
[20.009s][info][gc,phases      ] GC(206) Adjust Roots 0.159ms
[20.009s][info][gc,phases,start] GC(206) Compaction Phase
[20.466s][info][gc,phases      ] GC(206) Compaction Phase 457.205ms
[20.466s][info][gc,phases,start] GC(206) Post Compact
[20.472s][info][gc,phases      ] GC(206) Post Compact 6.083ms
[20.473s][info][gc,heap        ] GC(206) PSYoungGen: 100000K(204800K)->0K(205312K) Eden: 52224K(52224K)->0K(52224K) From: 47776K(152576K)->0K(153088K)
[20.473s][info][gc,heap        ] GC(206) ParOldGen: 2894750K(2933760K)->2927907K(3242496K)
[20.473s][info][gc,metaspace   ] GC(206) Metaspace: 6297K(6464K)->6297K(6464K) NonClass: 5763K(5824K)->5763K(5824K) Class: 533K(640K)->533K(640K)
[20.474s][info][gc             ] GC(206) Pause Full (Ergonomics) 2924M->2859M(3367M) 1124.081ms
[20.474s][info][gc,cpu         ] GC(206) User=7.75s Sys=0.05s Real=1.12s
[20.535s][info][gc,start       ] GC(207) Pause Young (Allocation Failure)
[20.582s][info][gc,heap        ] GC(207) PSYoungGen: 52224K(205312K)->52416K(204800K) Eden: 52224K(52224K)->0K(56832K) From: 0K(153088K)->52416K(147968K)
[20.582s][info][gc,heap        ] GC(207) ParOldGen: 2927907K(3242496K)->2927907K(3242496K)
[20.582s][info][gc,metaspace   ] GC(207) Metaspace: 6297K(6464K)->6297K(6464K) NonClass: 5763K(5824K)->5763K(5824K) Class: 533K(640K)->533K(640K)
[20.582s][info][gc             ] GC(207) Pause Young (Allocation Failure) 2910M->2910M(3366M) 47.510ms
[20.582s][info][gc,cpu         ] GC(207) User=0.06s Sys=0.00s Real=0.05s
[20.644s][info][gc,start       ] GC(208) Pause Young (Allocation Failure)
[20.710s][info][gc,heap        ] GC(208) PSYoungGen: 109248K(204800K)->109312K(207872K) Eden: 56832K(56832K)->0K(56832K) From: 52416K(147968K)->109312K(151040K)
[20.710s][info][gc,heap        ] GC(208) ParOldGen: 2927907K(3242496K)->2927907K(3242496K)
[20.710s][info][gc,metaspace   ] GC(208) Metaspace: 6297K(6464K)->6297K(6464K) NonClass: 5763K(5824K)->5763K(5824K) Class: 533K(640K)->533K(640K)
[20.710s][info][gc             ] GC(208) Pause Young (Allocation Failure) 2965M->2966M(3369M) 66.298ms
[20.710s][info][gc,cpu         ] GC(208) User=0.19s Sys=0.00s Real=0.07s
[20.766s][info][gc,start       ] GC(209) Pause Young (Allocation Failure)
[20.849s][info][gc,heap        ] GC(209) PSYoungGen: 166144K(207872K)->154624K(193024K) Eden: 56832K(56832K)->0K(38400K) From: 109312K(151040K)->154624K(154624K)
[20.849s][info][gc,heap        ] GC(209) ParOldGen: 2927907K(3242496K)->2939539K(3242496K)
[20.849s][info][gc,metaspace   ] GC(209) Metaspace: 6297K(6464K)->6297K(6464K) NonClass: 5763K(5824K)->5763K(5824K) Class: 533K(640K)->533K(640K)
[20.849s][info][gc             ] GC(209) Pause Young (Allocation Failure) 3021M->3021M(3355M) 82.811ms
[20.849s][info][gc,cpu         ] GC(209) User=0.33s Sys=0.06s Real=0.08s
[20.884s][info][gc,start       ] GC(210) Pause Young (Allocation Failure)
[20.976s][info][gc,heap        ] GC(210) PSYoungGen: 193024K(193024K)->90016K(128512K) Eden: 38400K(38400K)->0K(38400K) From: 154624K(154624K)->90016K(90112K)
[20.976s][info][gc,heap        ] GC(210) ParOldGen: 2939539K(3242496K)->3043515K(3242496K)
[20.976s][info][gc,metaspace   ] GC(210) Metaspace: 6297K(6464K)->6297K(6464K) NonClass: 5763K(5824K)->5763K(5824K) Class: 533K(640K)->533K(640K)
[20.976s][info][gc             ] GC(210) Pause Young (Allocation Failure) 3059M->3060M(3292M) 91.372ms
[20.976s][info][gc,cpu         ] GC(210) User=0.72s Sys=0.02s Real=0.09s
[21.017s][info][gc,start       ] GC(211) Pause Young (Allocation Failure)
[21.087s][info][gc,heap        ] GC(211) PSYoungGen: 128416K(128512K)->77024K(202240K) Eden: 38400K(38400K)->0K(43008K) From: 90016K(90112K)->77024K(159232K)
[21.087s][info][gc,heap        ] GC(211) ParOldGen: 3043515K(3242496K)->3095315K(3242496K)
[21.087s][info][gc,metaspace   ] GC(211) Metaspace: 6297K(6464K)->6297K(6464K) NonClass: 5763K(5824K)->5763K(5824K) Class: 533K(640K)->533K(640K)
[21.087s][info][gc             ] GC(211) Pause Young (Allocation Failure) 3097M->3097M(3364M) 70.048ms
[21.087s][info][gc,cpu         ] GC(211) User=0.20s Sys=0.03s Real=0.07s
[21.138s][info][gc,start       ] GC(212) Pause Young (Allocation Failure)
[21.207s][info][gc,heap        ] GC(212) PSYoungGen: 120032K(202240K)->81632K(124928K) Eden: 43008K(43008K)->0K(43008K) From: 77024K(159232K)->81632K(81920K)
[21.207s][info][gc,heap        ] GC(212) ParOldGen: 3095315K(3242496K)->3134059K(3242496K)
[21.207s][info][gc,metaspace   ] GC(212) Metaspace: 6297K(6464K)->6297K(6464K) NonClass: 5763K(5824K)->5763K(5824K) Class: 533K(640K)->533K(640K)
[21.207s][info][gc             ] GC(212) Pause Young (Allocation Failure) 3139M->3140M(3288M) 69.410ms
[21.207s][info][gc,cpu         ] GC(212) User=0.19s Sys=0.02s Real=0.07s
[21.253s][info][gc,start       ] GC(213) Pause Young (Allocation Failure)
[21.324s][info][gc,heap        ] GC(213) PSYoungGen: 124640K(124928K)->86272K(194048K) Eden: 43008K(43008K)->0K(48128K) From: 81632K(81920K)->86272K(145920K)
[21.324s][info][gc,heap        ] GC(213) ParOldGen: 3134059K(3242496K)->3172803K(3242496K)
[21.324s][info][gc,metaspace   ] GC(213) Metaspace: 6297K(6464K)->6297K(6464K) NonClass: 5763K(5824K)->5763K(5824K) Class: 533K(640K)->533K(640K)
[21.324s][info][gc             ] GC(213) Pause Young (Allocation Failure) 3182M->3182M(3356M) 70.839ms
[21.324s][info][gc,cpu         ] GC(213) User=0.30s Sys=0.00s Real=0.07s
[21.324s][info][gc,start       ] GC(214) Pause Full (Ergonomics)
[21.324s][info][gc,phases,start] GC(214) Marking Phase
[22.059s][info][gc,phases      ] GC(214) Marking Phase 735.110ms
[22.059s][info][gc,phases,start] GC(214) Summary Phase
[22.059s][info][gc,phases      ] GC(214) Summary Phase 0.068ms
[22.059s][info][gc,phases,start] GC(214) Adjust Roots
[22.059s][info][gc,phases      ] GC(214) Adjust Roots 0.176ms
[22.059s][info][gc,phases,start] GC(214) Compaction Phase
[22.724s][info][gc,phases      ] GC(214) Compaction Phase 664.671ms
[22.724s][info][gc,phases,start] GC(214) Post Compact
[22.730s][info][gc,phases      ] GC(214) Post Compact 6.293ms
[22.732s][info][gc,heap        ] GC(214) PSYoungGen: 86272K(194048K)->13916K(199680K) Eden: 0K(48128K)->0K(53760K) From: 86272K(145920K)->13916K(145920K)
[22.732s][info][gc,heap        ] GC(214) ParOldGen: 3172803K(3242496K)->3242473K(3588096K)
[22.732s][info][gc,metaspace   ] GC(214) Metaspace: 6297K(6464K)->6297K(6464K) NonClass: 5763K(5824K)->5763K(5824K) Class: 533K(640K)->533K(640K)
[22.732s][info][gc             ] GC(214) Pause Full (Ergonomics) 3182M->3180M(3699M) 1407.795ms
[22.732s][info][gc,cpu         ] GC(214) User=9.80s Sys=0.03s Real=1.41s
[22.785s][info][gc,start       ] GC(215) Pause Young (Allocation Failure)
[22.955s][info][gc,heap        ] GC(215) PSYoungGen: 67676K(199680K)->58016K(205824K) Eden: 53760K(53760K)->0K(53760K) From: 13916K(145920K)->58016K(152064K)
[22.955s][info][gc,heap        ] GC(215) ParOldGen: 3242473K(3588096K)->3252481K(3588096K)
[22.955s][info][gc,metaspace   ] GC(215) Metaspace: 6297K(6464K)->6297K(6464K) NonClass: 5763K(5824K)->5763K(5824K) Class: 533K(640K)->533K(640K)
[22.955s][info][gc             ] GC(215) Pause Young (Allocation Failure) 3232M->3232M(3705M) 170.667ms
[22.955s][info][gc,cpu         ] GC(215) User=1.11s Sys=0.00s Real=0.17s
[23.012s][info][gc,start       ] GC(216) Pause Young (Allocation Failure)
[23.081s][info][gc,heap        ] GC(216) PSYoungGen: 111776K(205824K)->111872K(206848K) Eden: 53760K(53760K)->0K(55808K) From: 58016K(152064K)->111872K(151040K)
[23.081s][info][gc,heap        ] GC(216) ParOldGen: 3252481K(3588096K)->3252481K(3588096K)
[23.081s][info][gc,metaspace   ] GC(216) Metaspace: 6297K(6464K)->6297K(6464K) NonClass: 5763K(5824K)->5763K(5824K) Class: 533K(640K)->533K(640K)
[23.081s][info][gc             ] GC(216) Pause Young (Allocation Failure) 3285M->3285M(3706M) 68.686ms
[23.081s][info][gc,cpu         ] GC(216) User=0.30s Sys=0.00s Real=0.07s
[23.141s][info][gc,start       ] GC(217) Pause Young (Allocation Failure)
[23.228s][info][gc,heap        ] GC(217) PSYoungGen: 167680K(206848K)->154112K(209920K) Eden: 55808K(55808K)->0K(55808K) From: 111872K(151040K)->154112K(154112K)
[23.228s][info][gc,heap        ] GC(217) ParOldGen: 3252481K(3588096K)->3266105K(3588096K)
[23.228s][info][gc,metaspace   ] GC(217) Metaspace: 6297K(6464K)->6297K(6464K) NonClass: 5763K(5824K)->5763K(5824K) Class: 533K(640K)->533K(640K)
[23.228s][info][gc             ] GC(217) Pause Young (Allocation Failure) 3340M->3340M(3709M) 87.288ms
[23.228s][info][gc,cpu         ] GC(217) User=0.50s Sys=0.00s Real=0.09s
[23.283s][info][gc,start       ] GC(218) Pause Young (Allocation Failure)
[23.384s][info][gc,heap        ] GC(218) PSYoungGen: 209920K(209920K)->158944K(224256K) Eden: 55808K(55808K)->0K(47104K) From: 154112K(154112K)->158944K(177152K)
[23.384s][info][gc,heap        ] GC(218) ParOldGen: 3266105K(3588096K)->3317697K(3588096K)
[23.384s][info][gc,metaspace   ] GC(218) Metaspace: 6297K(6464K)->6297K(6464K) NonClass: 5763K(5824K)->5763K(5824K) Class: 533K(640K)->533K(640K)
[23.384s][info][gc             ] GC(218) Pause Young (Allocation Failure) 3394M->3395M(3723M) 101.492ms
[23.384s][info][gc,cpu         ] GC(218) User=0.64s Sys=0.11s Real=0.10s
[23.429s][info][gc,start       ] GC(219) Pause Young (Allocation Failure)
[23.530s][info][gc,heap        ] GC(219) PSYoungGen: 206048K(224256K)->158848K(239104K) Eden: 47104K(47104K)->0K(47104K) From: 158944K(177152K)->158848K(192000K)
[23.530s][info][gc,heap        ] GC(219) ParOldGen: 3317697K(3588096K)->3365329K(3588096K)
[23.530s][info][gc,metaspace   ] GC(219) Metaspace: 6297K(6464K)->6297K(6464K) NonClass: 5763K(5824K)->5763K(5824K) Class: 533K(640K)->533K(640K)
[23.530s][info][gc             ] GC(219) Pause Young (Allocation Failure) 3441M->3441M(3737M) 101.122ms
[23.530s][info][gc,cpu         ] GC(219) User=0.62s Sys=0.02s Real=0.10s
[23.579s][info][gc,start       ] GC(220) Pause Young (Allocation Failure)
[23.679s][info][gc,heap        ] GC(220) PSYoungGen: 205952K(239104K)->150368K(251392K) Eden: 47104K(47104K)->0K(47104K) From: 158848K(192000K)->150368K(204288K)
[23.679s][info][gc,heap        ] GC(220) ParOldGen: 3365329K(3588096K)->3421361K(3588096K)
[23.679s][info][gc,metaspace   ] GC(220) Metaspace: 6297K(6464K)->6297K(6464K) NonClass: 5763K(5824K)->5763K(5824K) Class: 533K(640K)->533K(640K)
[23.679s][info][gc             ] GC(220) Pause Young (Allocation Failure) 3487M->3488M(3749M) 99.587ms
[23.679s][info][gc,cpu         ] GC(220) User=0.62s Sys=0.03s Real=0.10s
[23.728s][info][gc,start       ] GC(221) Pause Young (Allocation Failure)
[23.824s][info][gc,heap        ] GC(221) PSYoungGen: 197472K(251392K)->141696K(257024K) Eden: 47104K(47104K)->0K(47104K) From: 150368K(204288K)->141696K(209920K)
[23.824s][info][gc,heap        ] GC(221) ParOldGen: 3421361K(3588096K)->3477665K(3588096K)
[23.824s][info][gc,metaspace   ] GC(221) Metaspace: 6297K(6464K)->6297K(6464K) NonClass: 5763K(5824K)->5763K(5824K) Class: 533K(640K)->533K(640K)
[23.824s][info][gc             ] GC(221) Pause Young (Allocation Failure) 3534M->3534M(3755M) 96.749ms
[23.824s][info][gc,cpu         ] GC(221) User=0.75s Sys=0.02s Real=0.10s
[23.876s][info][gc,start       ] GC(222) Pause Young (Allocation Failure)
[23.971s][info][gc,heap        ] GC(222) PSYoungGen: 188800K(257024K)->94496K(252416K) Eden: 47104K(47104K)->0K(53248K) From: 141696K(209920K)->94496K(199168K)
[23.971s][info][gc,heap        ] GC(222) ParOldGen: 3477665K(3588096K)->3572729K(3588096K)
[23.971s][info][gc,metaspace   ] GC(222) Metaspace: 6297K(6464K)->6297K(6464K) NonClass: 5763K(5824K)->5763K(5824K) Class: 533K(640K)->533K(640K)
[23.971s][info][gc             ] GC(222) Pause Young (Allocation Failure) 3580M->3581M(3750M) 94.332ms
[23.971s][info][gc,cpu         ] GC(222) User=0.47s Sys=0.16s Real=0.10s
[23.971s][info][gc,start       ] GC(223) Pause Full (Ergonomics)
[23.971s][info][gc,phases,start] GC(223) Marking Phase
[24.801s][info][gc,phases      ] GC(223) Marking Phase 830.207ms
[24.801s][info][gc,phases,start] GC(223) Summary Phase
[24.801s][info][gc,phases      ] GC(223) Summary Phase 0.044ms
[24.801s][info][gc,phases,start] GC(223) Adjust Roots
[24.801s][info][gc,phases      ] GC(223) Adjust Roots 0.160ms
[24.801s][info][gc,phases,start] GC(223) Compaction Phase
[25.200s][info][gc,phases      ] GC(223) Compaction Phase 398.803ms
[25.200s][info][gc,phases,start] GC(223) Post Compact
[25.207s][info][gc,phases      ] GC(223) Post Compact 6.973ms
[25.209s][info][gc,heap        ] GC(223) PSYoungGen: 94496K(252416K)->75748K(258560K) Eden: 0K(53248K)->0K(59392K) From: 94496K(199168K)->75748K(199168K)
[25.209s][info][gc,heap        ] GC(223) ParOldGen: 3572729K(3588096K)->3587940K(3981824K)
[25.209s][info][gc,metaspace   ] GC(223) Metaspace: 6297K(6464K)->6297K(6464K) NonClass: 5763K(5824K)->5763K(5824K) Class: 533K(640K)->533K(640K)
[25.209s][info][gc             ] GC(223) Pause Full (Ergonomics) 3581M->3577M(4141M) 1237.920ms
[25.209s][info][gc,cpu         ] GC(223) User=8.75s Sys=0.02s Real=1.24s
[25.271s][info][gc,start       ] GC(224) Pause Young (Allocation Failure)
[25.490s][info][gc,heap        ] GC(224) PSYoungGen: 135140K(258560K)->59648K(264704K) Eden: 59392K(59392K)->0K(59392K) From: 75748K(199168K)->59648K(205312K)
[25.490s][info][gc,heap        ] GC(224) ParOldGen: 3587940K(3981824K)->3664412K(3981824K)
[25.490s][info][gc,metaspace   ] GC(224) Metaspace: 6297K(6464K)->6297K(6464K) NonClass: 5763K(5824K)->5763K(5824K) Class: 533K(640K)->533K(640K)
[25.490s][info][gc             ] GC(224) Pause Young (Allocation Failure) 3635M->3636M(4147M) 219.580ms
[25.490s][info][gc,cpu         ] GC(224) User=1.61s Sys=0.00s Real=0.22s
[25.548s][info][gc,start       ] GC(225) Pause Young (Allocation Failure)
[25.618s][info][gc,heap        ] GC(225) PSYoungGen: 119040K(264704K)->59648K(268288K) Eden: 59392K(59392K)->0K(66048K) From: 59648K(205312K)->59648K(202240K)
[25.618s][info][gc,heap        ] GC(225) ParOldGen: 3664412K(3981824K)->3724348K(3981824K)
[25.618s][info][gc,metaspace   ] GC(225) Metaspace: 6297K(6464K)->6297K(6464K) NonClass: 5763K(5824K)->5763K(5824K) Class: 533K(640K)->533K(640K)
[25.618s][info][gc             ] GC(225) Pause Young (Allocation Failure) 3694M->3695M(4150M) 70.304ms
[25.619s][info][gc,cpu         ] GC(225) User=0.33s Sys=0.06s Real=0.07s
[25.685s][info][gc,start       ] GC(226) Pause Young (Allocation Failure)
[25.757s][info][gc,heap        ] GC(226) PSYoungGen: 125696K(268288K)->66304K(269824K) Eden: 66048K(66048K)->0K(66048K) From: 59648K(202240K)->66304K(203776K)
[25.757s][info][gc,heap        ] GC(226) ParOldGen: 3724348K(3981824K)->3784276K(3981824K)
[25.757s][info][gc,metaspace   ] GC(226) Metaspace: 6297K(6464K)->6297K(6464K) NonClass: 5763K(5824K)->5763K(5824K) Class: 533K(640K)->533K(640K)
[25.757s][info][gc             ] GC(226) Pause Young (Allocation Failure) 3759M->3760M(4152M) 72.467ms
[25.757s][info][gc,cpu         ] GC(226) User=0.36s Sys=0.05s Real=0.07s
[25.829s][info][gc,start       ] GC(227) Pause Young (Allocation Failure)
[25.905s][info][gc,heap        ] GC(227) PSYoungGen: 132352K(269824K)->66240K(264704K) Eden: 66048K(66048K)->0K(73216K) From: 66304K(203776K)->66240K(191488K)
[25.905s][info][gc,heap        ] GC(227) ParOldGen: 3784276K(3981824K)->3850924K(3981824K)
[25.905s][info][gc,metaspace   ] GC(227) Metaspace: 6297K(6464K)->6297K(6464K) NonClass: 5763K(5824K)->5763K(5824K) Class: 533K(640K)->533K(640K)
[25.905s][info][gc             ] GC(227) Pause Young (Allocation Failure) 3824M->3825M(4147M) 76.939ms
[25.906s][info][gc,cpu         ] GC(227) User=0.50s Sys=0.00s Real=0.08s
[25.980s][info][gc,start       ] GC(228) Pause Young (Allocation Failure)
[26.058s][info][gc,heap        ] GC(228) PSYoungGen: 139456K(264704K)->73472K(268800K) Eden: 73216K(73216K)->0K(73216K) From: 66240K(191488K)->73472K(195584K)
[26.058s][info][gc,heap        ] GC(228) ParOldGen: 3850924K(3981824K)->3917564K(3981824K)
[26.058s][info][gc,metaspace   ] GC(228) Metaspace: 6297K(6464K)->6297K(6464K) NonClass: 5763K(5824K)->5763K(5824K) Class: 533K(640K)->533K(640K)
[26.058s][info][gc             ] GC(228) Pause Young (Allocation Failure) 3896M->3897M(4151M) 78.283ms
[26.058s][info][gc,cpu         ] GC(228) User=0.50s Sys=0.00s Real=0.08s
[26.058s][info][gc,start       ] GC(229) Pause Full (Ergonomics)
[26.058s][info][gc,phases,start] GC(229) Marking Phase
[26.966s][info][gc,phases      ] GC(229) Marking Phase 907.857ms
[26.966s][info][gc,phases,start] GC(229) Summary Phase
[26.966s][info][gc,phases      ] GC(229) Summary Phase 0.057ms
[26.966s][info][gc,phases,start] GC(229) Adjust Roots
[26.966s][info][gc,phases      ] GC(229) Adjust Roots 0.159ms
[26.966s][info][gc,phases,start] GC(229) Compaction Phase
[27.345s][info][gc,phases      ] GC(229) Compaction Phase 378.795ms
[27.345s][info][gc,phases,start] GC(229) Post Compact
[27.353s][info][gc,phases      ] GC(229) Post Compact 7.732ms
[27.355s][info][gc,heap        ] GC(229) PSYoungGen: 73472K(268800K)->6263K(268800K) Eden: 0K(73216K)->0K(73216K) From: 73472K(195584K)->6263K(195584K)
[27.355s][info][gc,heap        ] GC(229) ParOldGen: 3917564K(3981824K)->3981364K(4410880K)
[27.355s][info][gc,metaspace   ] GC(229) Metaspace: 6297K(6464K)->6297K(6464K) NonClass: 5763K(5824K)->5763K(5824K) Class: 533K(640K)->533K(640K)
[27.355s][info][gc             ] GC(229) Pause Full (Ergonomics) 3897M->3894M(4570M) 1296.359ms
[27.355s][info][gc,cpu         ] GC(229) User=9.41s Sys=0.03s Real=1.30s
[27.434s][info][gc,start       ] GC(230) Pause Young (Allocation Failure)
[27.646s][info][gc,heap        ] GC(230) PSYoungGen: 79479K(268800K)->73408K(256000K) Eden: 73216K(73216K)->0K(79872K) From: 6263K(195584K)->73408K(176128K)
[27.646s][info][gc,heap        ] GC(230) ParOldGen: 3981364K(4410880K)->3987716K(4410880K)
[27.646s][info][gc,metaspace   ] GC(230) Metaspace: 6297K(6464K)->6297K(6464K) NonClass: 5763K(5824K)->5763K(5824K) Class: 533K(640K)->533K(640K)
[27.646s][info][gc             ] GC(230) Pause Young (Allocation Failure) 3965M->3965M(4557M) 212.729ms
[27.646s][info][gc,cpu         ] GC(230) User=1.41s Sys=0.00s Real=0.21s
[27.741s][info][gc,start       ] GC(231) Pause Young (Allocation Failure)
[27.828s][info][gc,heap        ] GC(231) PSYoungGen: 153280K(256000K)->153472K(263168K) Eden: 79872K(79872K)->0K(79872K) From: 73408K(176128K)->153472K(183296K)
[27.828s][info][gc,heap        ] GC(231) ParOldGen: 3987716K(4410880K)->3987716K(4410880K)
[27.828s][info][gc,metaspace   ] GC(231) Metaspace: 6297K(6464K)->6297K(6464K) NonClass: 5763K(5824K)->5763K(5824K) Class: 533K(640K)->533K(640K)
[27.828s][info][gc             ] GC(231) Pause Young (Allocation Failure) 4043M->4044M(4564M) 86.423ms
[27.828s][info][gc,cpu         ] GC(231) User=0.52s Sys=0.00s Real=0.09s
[27.905s][info][gc,start       ] GC(232) Pause Young (Allocation Failure)
[28.026s][info][gc,heap        ] GC(232) PSYoungGen: 233344K(263168K)->197120K(244224K) Eden: 79872K(79872K)->0K(47104K) From: 153472K(183296K)->197120K(197120K)
[28.026s][info][gc,heap        ] GC(232) ParOldGen: 3987716K(4410880K)->4024244K(4410880K)
[28.026s][info][gc,metaspace   ] GC(232) Metaspace: 6297K(6464K)->6297K(6464K) NonClass: 5763K(5824K)->5763K(5824K) Class: 533K(640K)->533K(640K)
[28.026s][info][gc             ] GC(232) Pause Young (Allocation Failure) 4122M->4122M(4546M) 120.455ms
[28.026s][info][gc,cpu         ] GC(232) User=0.83s Sys=0.05s Real=0.12s
[28.077s][info][gc,start       ] GC(233) Pause Young (Allocation Failure)
[28.207s][info][gc,heap        ] GC(233) PSYoungGen: 244224K(244224K)->111904K(159232K) Eden: 47104K(47104K)->0K(47104K) From: 197120K(197120K)->111904K(112128K)
[28.207s][info][gc,heap        ] GC(233) ParOldGen: 4024244K(4410880K)->4157764K(4410880K)
[28.207s][info][gc,metaspace   ] GC(233) Metaspace: 6297K(6464K)->6297K(6464K) NonClass: 5763K(5824K)->5763K(5824K) Class: 533K(640K)->533K(640K)
[28.207s][info][gc             ] GC(233) Pause Young (Allocation Failure) 4168M->4169M(4463M) 129.782ms
[28.207s][info][gc,cpu         ] GC(233) User=0.75s Sys=0.14s Real=0.13s
[28.264s][info][gc,start       ] GC(234) Pause Young (Allocation Failure)
[28.350s][info][gc,heap        ] GC(234) PSYoungGen: 159008K(159232K)->94464K(261120K) Eden: 47104K(47104K)->0K(52736K) From: 111904K(112128K)->94464K(208384K)
[28.350s][info][gc,heap        ] GC(234) ParOldGen: 4157764K(4410880K)->4222804K(4410880K)
[28.350s][info][gc,metaspace   ] GC(234) Metaspace: 6297K(6464K)->6297K(6464K) NonClass: 5763K(5824K)->5763K(5824K) Class: 533K(640K)->533K(640K)
[28.350s][info][gc             ] GC(234) Pause Young (Allocation Failure) 4215M->4216M(4562M) 85.972ms
[28.350s][info][gc,cpu         ] GC(234) User=0.55s Sys=0.03s Real=0.09s
[28.416s][info][gc,start       ] GC(235) Pause Young (Allocation Failure)
[28.499s][info][gc,heap        ] GC(235) PSYoungGen: 147200K(261120K)->100128K(153088K) Eden: 52736K(52736K)->0K(52736K) From: 94464K(208384K)->100128K(100352K)
[28.499s][info][gc,heap        ] GC(235) ParOldGen: 4222804K(4410880K)->4270340K(4410880K)
[28.499s][info][gc,metaspace   ] GC(235) Metaspace: 6297K(6464K)->6297K(6464K) NonClass: 5763K(5824K)->5763K(5824K) Class: 533K(640K)->533K(640K)
[28.499s][info][gc             ] GC(235) Pause Young (Allocation Failure) 4267M->4268M(4457M) 83.528ms
[28.499s][info][gc,cpu         ] GC(235) User=0.59s Sys=0.05s Real=0.08s
[28.554s][info][gc,start       ] GC(236) Pause Young (Allocation Failure)
[28.640s][info][gc,heap        ] GC(236) PSYoungGen: 152864K(153088K)->105792K(247808K) Eden: 52736K(52736K)->0K(58880K) From: 100128K(100352K)->105792K(188928K)
[28.640s][info][gc,heap        ] GC(236) ParOldGen: 4270340K(4410880K)->4317868K(4410880K)
[28.640s][info][gc,metaspace   ] GC(236) Metaspace: 6297K(6464K)->6297K(6464K) NonClass: 5763K(5824K)->5763K(5824K) Class: 533K(640K)->533K(640K)
[28.640s][info][gc             ] GC(236) Pause Young (Allocation Failure) 4319M->4319M(4549M) 85.348ms
[28.640s][info][gc,cpu         ] GC(236) User=0.53s Sys=0.00s Real=0.09s
[28.640s][info][gc,start       ] GC(237) Pause Full (Ergonomics)
[28.640s][info][gc,phases,start] GC(237) Marking Phase
[29.652s][info][gc,phases      ] GC(237) Marking Phase 1012.408ms
[29.652s][info][gc,phases,start] GC(237) Summary Phase
[29.652s][info][gc,phases      ] GC(237) Summary Phase 0.076ms
[29.652s][info][gc,phases,start] GC(237) Adjust Roots
[29.653s][info][gc,phases      ] GC(237) Adjust Roots 0.182ms
[29.653s][info][gc,phases,start] GC(237) Compaction Phase
[30.086s][info][gc,phases      ] GC(237) Compaction Phase 433.570ms
[30.086s][info][gc,phases,start] GC(237) Post Compact
[30.093s][info][gc,phases      ] GC(237) Post Compact 6.807ms
[30.095s][info][gc,heap        ] GC(237) PSYoungGen: 105792K(247808K)->9356K(254976K) Eden: 0K(58880K)->0K(66048K) From: 105792K(188928K)->9356K(188928K)
[30.095s][info][gc,heap        ] GC(237) ParOldGen: 4317868K(4410880K)->4410695K(4880384K)
[30.095s][info][gc,metaspace   ] GC(237) Metaspace: 6297K(6464K)->6297K(6464K) NonClass: 5763K(5824K)->5763K(5824K) Class: 533K(640K)->533K(640K)
[30.095s][info][gc             ] GC(237) Pause Full (Ergonomics) 4319M->4316M(5015M) 1454.945ms
[30.095s][info][gc,cpu         ] GC(237) User=10.55s Sys=0.06s Real=1.46s
[30.163s][info][gc,start       ] GC(238) Pause Young (Allocation Failure)
[30.402s][info][gc,heap        ] GC(238) PSYoungGen: 75404K(254976K)->68512K(264192K) Eden: 66048K(66048K)->0K(66048K) From: 9356K(188928K)->68512K(198144K)
[30.402s][info][gc,heap        ] GC(238) ParOldGen: 4410695K(4880384K)->4417927K(4880384K)
[30.402s][info][gc,metaspace   ] GC(238) Metaspace: 6297K(6464K)->6297K(6464K) NonClass: 5763K(5824K)->5763K(5824K) Class: 533K(640K)->533K(640K)
[30.402s][info][gc             ] GC(238) Pause Young (Allocation Failure) 4380M->4381M(5024M) 239.388ms
[30.402s][info][gc,cpu         ] GC(238) User=1.59s Sys=0.00s Real=0.24s
[30.479s][info][gc,start       ] GC(239) Pause Young (Allocation Failure)
[30.556s][info][gc,heap        ] GC(239) PSYoungGen: 134560K(264192K)->134656K(266240K) Eden: 66048K(66048K)->0K(70144K) From: 68512K(198144K)->134656K(196096K)
[30.556s][info][gc,heap        ] GC(239) ParOldGen: 4417927K(4880384K)->4417927K(4880384K)
[30.556s][info][gc,metaspace   ] GC(239) Metaspace: 6297K(6464K)->6297K(6464K) NonClass: 5763K(5824K)->5763K(5824K) Class: 533K(640K)->533K(640K)
[30.556s][info][gc             ] GC(239) Pause Young (Allocation Failure) 4445M->4445M(5026M) 76.741ms
[30.556s][info][gc,cpu         ] GC(239) User=0.50s Sys=0.00s Real=0.08s
[30.638s][info][gc,start       ] GC(240) Pause Young (Allocation Failure)
[30.748s][info][gc,heap        ] GC(240) PSYoungGen: 204800K(266240K)->198144K(268288K) Eden: 70144K(70144K)->0K(70144K) From: 134656K(196096K)->198144K(198144K)
[30.748s][info][gc,heap        ] GC(240) ParOldGen: 4417927K(4880384K)->4424647K(4880384K)
[30.748s][info][gc,metaspace   ] GC(240) Metaspace: 6297K(6464K)->6297K(6464K) NonClass: 5763K(5824K)->5763K(5824K) Class: 533K(640K)->533K(640K)
[30.748s][info][gc             ] GC(240) Pause Young (Allocation Failure) 4514M->4514M(5028M) 109.994ms
[30.748s][info][gc,cpu         ] GC(240) User=0.70s Sys=0.00s Real=0.11s
[30.823s][info][gc,start       ] GC(241) Pause Young (Allocation Failure)
[30.969s][info][gc,heap        ] GC(241) PSYoungGen: 268288K(268288K)->202272K(282112K) Eden: 70144K(70144K)->0K(56832K) From: 198144K(198144K)->202272K(225280K)
[30.969s][info][gc,heap        ] GC(241) ParOldGen: 4424647K(4880384K)->4491423K(4880384K)
[30.969s][info][gc,metaspace   ] GC(241) Metaspace: 6297K(6464K)->6297K(6464K) NonClass: 5763K(5824K)->5763K(5824K) Class: 533K(640K)->533K(640K)
[30.969s][info][gc             ] GC(241) Pause Young (Allocation Failure) 4582M->4583M(5041M) 145.954ms
[30.969s][info][gc,cpu         ] GC(241) User=0.94s Sys=0.06s Real=0.15s
[31.034s][info][gc,start       ] GC(242) Pause Young (Allocation Failure)
[31.180s][info][gc,heap        ] GC(242) PSYoungGen: 259104K(282112K)->195296K(302592K) Eden: 56832K(56832K)->0K(56832K) From: 202272K(225280K)->195296K(245760K)
[31.180s][info][gc,heap        ] GC(242) ParOldGen: 4491423K(4880384K)->4555799K(4880384K)
[31.180s][info][gc,metaspace   ] GC(242) Metaspace: 6297K(6464K)->6297K(6464K) NonClass: 5763K(5824K)->5763K(5824K) Class: 533K(640K)->533K(640K)
[31.180s][info][gc             ] GC(242) Pause Young (Allocation Failure) 4639M->4639M(5061M) 145.216ms
[31.180s][info][gc,cpu         ] GC(242) User=0.97s Sys=0.03s Real=0.14s
[31.249s][info][gc,start       ] GC(243) Pause Young (Allocation Failure)
[31.390s][info][gc,heap        ] GC(243) PSYoungGen: 252128K(302592K)->184256K(317440K) Eden: 56832K(56832K)->0K(57856K) From: 195296K(245760K)->184256K(259584K)
[31.390s][info][gc,heap        ] GC(243) ParOldGen: 4555799K(4880384K)->4624255K(4880384K)
[31.390s][info][gc,metaspace   ] GC(243) Metaspace: 6297K(6464K)->6297K(6464K) NonClass: 5763K(5824K)->5763K(5824K) Class: 533K(640K)->533K(640K)
[31.390s][info][gc             ] GC(243) Pause Young (Allocation Failure) 4695M->4695M(5076M) 140.304ms
[31.390s][info][gc,cpu         ] GC(243) User=0.89s Sys=0.09s Real=0.14s
[31.452s][info][gc,start       ] GC(244) Pause Young (Allocation Failure)
[31.587s][info][gc,heap        ] GC(244) PSYoungGen: 242112K(317440K)->171872K(323584K) Eden: 57856K(57856K)->0K(57856K) From: 184256K(259584K)->171872K(265728K)
[31.587s][info][gc,heap        ] GC(244) ParOldGen: 4624255K(4880384K)->4695063K(4880384K)
[31.587s][info][gc,metaspace   ] GC(244) Metaspace: 6297K(6464K)->6297K(6464K) NonClass: 5763K(5824K)->5763K(5824K) Class: 533K(640K)->533K(640K)
[31.587s][info][gc             ] GC(244) Pause Young (Allocation Failure) 4752M->4752M(5082M) 135.090ms
[31.587s][info][gc,cpu         ] GC(244) User=0.83s Sys=0.03s Real=0.13s
[31.646s][info][gc,start       ] GC(245) Pause Young (Allocation Failure)
[31.778s][info][gc,heap        ] GC(245) PSYoungGen: 229728K(323584K)->116032K(314880K) Eden: 57856K(57856K)->0K(65536K) From: 171872K(265728K)->116032K(249344K)
[31.778s][info][gc,heap        ] GC(245) ParOldGen: 4695063K(4880384K)->4809743K(4880384K)
[31.778s][info][gc,metaspace   ] GC(245) Metaspace: 6297K(6464K)->6297K(6464K) NonClass: 5763K(5824K)->5763K(5824K) Class: 533K(640K)->533K(640K)
[31.778s][info][gc             ] GC(245) Pause Young (Allocation Failure) 4809M->4810M(5073M) 132.187ms
[31.778s][info][gc,cpu         ] GC(245) User=0.84s Sys=0.06s Real=0.13s
[31.779s][info][gc,start       ] GC(246) Pause Full (Ergonomics)
[31.779s][info][gc,phases,start] GC(246) Marking Phase
[32.902s][info][gc,phases      ] GC(246) Marking Phase 1123.509ms
[32.902s][info][gc,phases,start] GC(246) Summary Phase
[32.902s][info][gc,phases      ] GC(246) Summary Phase 0.064ms
[32.902s][info][gc,phases,start] GC(246) Adjust Roots
[32.902s][info][gc,phases      ] GC(246) Adjust Roots 0.160ms
[32.902s][info][gc,phases,start] GC(246) Compaction Phase
[33.395s][info][gc,phases      ] GC(246) Compaction Phase 492.460ms
[33.395s][info][gc,phases,start] GC(246) Post Compact
[33.402s][info][gc,phases      ] GC(246) Post Compact 7.479ms
[33.404s][info][gc,heap        ] GC(246) PSYoungGen: 116032K(314880K)->41563K(323072K) Eden: 0K(65536K)->0K(73728K) From: 116032K(249344K)->41563K(249344K)
[33.404s][info][gc,heap        ] GC(246) ParOldGen: 4809743K(4880384K)->4880003K(5410304K)
[33.404s][info][gc,metaspace   ] GC(246) Metaspace: 6297K(6464K)->6297K(6464K) NonClass: 5763K(5824K)->5763K(5824K) Class: 533K(640K)->533K(640K)
[33.404s][info][gc             ] GC(246) Pause Full (Ergonomics) 4810M->4806M(5599M) 1625.630ms
[33.404s][info][gc,cpu         ] GC(246) User=11.92s Sys=0.03s Real=1.63s
[33.483s][info][gc,start       ] GC(247) Pause Young (Allocation Failure)
[33.774s][info][gc,heap        ] GC(247) PSYoungGen: 115291K(323072K)->73984K(331264K) Eden: 73728K(73728K)->0K(73728K) From: 41563K(249344K)->73984K(257536K)
[33.774s][info][gc,heap        ] GC(247) ParOldGen: 4880003K(5410304K)->4921979K(5410304K)
[33.774s][info][gc,metaspace   ] GC(247) Metaspace: 6297K(6464K)->6297K(6464K) NonClass: 5763K(5824K)->5763K(5824K) Class: 533K(640K)->533K(640K)
[33.774s][info][gc             ] GC(247) Pause Young (Allocation Failure) 4878M->4878M(5607M) 290.596ms
[33.774s][info][gc,cpu         ] GC(247) User=1.89s Sys=0.00s Real=0.29s
[33.860s][info][gc,start       ] GC(248) Pause Young (Allocation Failure)
[33.951s][info][gc,heap        ] GC(248) PSYoungGen: 147712K(331264K)->73952K(333824K) Eden: 73728K(73728K)->0K(81408K) From: 73984K(257536K)->73952K(252416K)
[33.952s][info][gc,heap        ] GC(248) ParOldGen: 4921979K(5410304K)->4996387K(5410304K)
[33.952s][info][gc,metaspace   ] GC(248) Metaspace: 6297K(6464K)->6297K(6464K) NonClass: 5763K(5824K)->5763K(5824K) Class: 533K(640K)->533K(640K)
[33.952s][info][gc             ] GC(248) Pause Young (Allocation Failure) 4950M->4951M(5609M) 91.431ms
[33.952s][info][gc,cpu         ] GC(248) User=0.55s Sys=0.09s Real=0.09s
[34.037s][info][gc,start       ] GC(249) Pause Young (Allocation Failure)
[34.130s][info][gc,heap        ] GC(249) PSYoungGen: 155360K(333824K)->81664K(335872K) Eden: 81408K(81408K)->0K(81408K) From: 73952K(252416K)->81664K(254464K)
[34.130s][info][gc,heap        ] GC(249) ParOldGen: 4996387K(5410304K)->5070755K(5410304K)
[34.130s][info][gc,metaspace   ] GC(249) Metaspace: 6297K(6464K)->6297K(6464K) NonClass: 5763K(5824K)->5763K(5824K) Class: 533K(640K)->533K(640K)
[34.130s][info][gc             ] GC(249) Pause Young (Allocation Failure) 5031M->5031M(5611M) 93.097ms
[34.130s][info][gc,cpu         ] GC(249) User=0.56s Sys=0.06s Real=0.09s
[34.223s][info][gc,start       ] GC(250) Pause Young (Allocation Failure)
[34.319s][info][gc,heap        ] GC(250) PSYoungGen: 163072K(335872K)->81632K(327168K) Eden: 81408K(81408K)->0K(90112K) From: 81664K(254464K)->81632K(237056K)
[34.319s][info][gc,heap        ] GC(250) ParOldGen: 5070755K(5410304K)->5152907K(5410304K)
[34.319s][info][gc,metaspace   ] GC(250) Metaspace: 6297K(6464K)->6297K(6464K) NonClass: 5763K(5824K)->5763K(5824K) Class: 533K(640K)->533K(640K)
[34.319s][info][gc             ] GC(250) Pause Young (Allocation Failure) 5111M->5111M(5603M) 96.270ms
[34.319s][info][gc,cpu         ] GC(250) User=0.62s Sys=0.02s Real=0.10s
[34.423s][info][gc,start       ] GC(251) Pause Young (Allocation Failure)
[34.524s][info][gc,heap        ] GC(251) PSYoungGen: 171744K(327168K)->90368K(333312K) Eden: 90112K(90112K)->0K(90112K) From: 81632K(237056K)->90368K(243200K)
[34.525s][info][gc,heap        ] GC(251) ParOldGen: 5152907K(5410304K)->5235051K(5410304K)
[34.525s][info][gc,metaspace   ] GC(251) Metaspace: 6297K(6464K)->6297K(6464K) NonClass: 5763K(5824K)->5763K(5824K) Class: 533K(640K)->533K(640K)
[34.525s][info][gc             ] GC(251) Pause Young (Allocation Failure) 5199M->5200M(5609M) 101.383ms
[34.525s][info][gc,cpu         ] GC(251) User=0.55s Sys=0.09s Real=0.10s
[34.624s][info][gc,start       ] GC(252) Pause Young (Allocation Failure)
[34.734s][info][gc,heap        ] GC(252) PSYoungGen: 180480K(333312K)->90400K(320000K) Eden: 90112K(90112K)->0K(99840K) From: 90368K(243200K)->90400K(220160K)
[34.734s][info][gc,heap        ] GC(252) ParOldGen: 5235051K(5410304K)->5325971K(5410304K)
[34.734s][info][gc,metaspace   ] GC(252) Metaspace: 6297K(6464K)->6297K(6464K) NonClass: 5763K(5824K)->5763K(5824K) Class: 533K(640K)->533K(640K)
[34.734s][info][gc             ] GC(252) Pause Young (Allocation Failure) 5288M->5289M(5596M) 110.276ms
[34.734s][info][gc,cpu         ] GC(252) User=0.69s Sys=0.05s Real=0.11s
[34.734s][info][gc,start       ] GC(253) Pause Full (Ergonomics)
[34.734s][info][gc,phases,start] GC(253) Marking Phase
[35.978s][info][gc,phases      ] GC(253) Marking Phase 1244.203ms
[35.978s][info][gc,phases,start] GC(253) Summary Phase
[35.978s][info][gc,phases      ] GC(253) Summary Phase 0.066ms
[35.978s][info][gc,phases,start] GC(253) Adjust Roots
[35.979s][info][gc,phases      ] GC(253) Adjust Roots 0.159ms
[35.979s][info][gc,phases,start] GC(253) Compaction Phase
[36.496s][info][gc,phases      ] GC(253) Compaction Phase 517.922ms
[36.497s][info][gc,phases,start] GC(253) Post Compact
[36.505s][info][gc,phases      ] GC(253) Post Compact 8.128ms
[36.506s][info][gc,heap        ] GC(253) PSYoungGen: 90400K(320000K)->1712K(327680K) Eden: 0K(99840K)->0K(107520K) From: 90400K(220160K)->1712K(220160K)
[36.507s][info][gc,heap        ] GC(253) ParOldGen: 5325971K(5410304K)->5410155K(5983232K)
[36.507s][info][gc,metaspace   ] GC(253) Metaspace: 6297K(6464K)->6297K(6464K) NonClass: 5763K(5824K)->5763K(5824K) Class: 533K(640K)->533K(640K)
[36.507s][info][gc             ] GC(253) Pause Full (Ergonomics) 5289M->5285M(6163M) 1772.547ms
[36.507s][info][gc,cpu         ] GC(253) User=12.95s Sys=0.08s Real=1.77s
[36.631s][info][gc,start       ] GC(254) Pause Young (Allocation Failure)
[36.931s][info][gc,heap        ] GC(254) PSYoungGen: 109232K(327680K)->107808K(215552K) Eden: 107520K(107520K)->0K(107520K) From: 1712K(220160K)->107808K(108032K)
[36.931s][info][gc,heap        ] GC(254) ParOldGen: 5410155K(5983232K)->5411923K(5983232K)
[36.931s][info][gc,metaspace   ] GC(254) Metaspace: 6297K(6464K)->6297K(6464K) NonClass: 5763K(5824K)->5763K(5824K) Class: 533K(640K)->533K(640K)
[36.931s][info][gc             ] GC(254) Pause Young (Allocation Failure) 5390M->5390M(6053M) 299.443ms
[36.931s][info][gc,cpu         ] GC(254) User=2.00s Sys=0.00s Real=0.30s
[37.050s][info][gc,start       ] GC(255) Pause Young (Allocation Failure)
[37.180s][info][gc,heap        ] GC(255) PSYoungGen: 215328K(215552K)->215584K(306688K) Eden: 107520K(107520K)->0K(89600K) From: 107808K(108032K)->215584K(217088K)
[37.180s][info][gc,heap        ] GC(255) ParOldGen: 5411923K(5983232K)->5411923K(5983232K)
[37.180s][info][gc,metaspace   ] GC(255) Metaspace: 6297K(6464K)->6297K(6464K) NonClass: 5763K(5824K)->5763K(5824K) Class: 533K(640K)->533K(640K)
[37.180s][info][gc             ] GC(255) Pause Young (Allocation Failure) 5495M->5495M(6142M) 129.787ms
[37.180s][info][gc,cpu         ] GC(255) User=0.88s Sys=0.02s Real=0.13s
[37.295s][info][gc,start       ] GC(256) Pause Young (Allocation Failure)
[37.474s][info][gc,heap        ] GC(256) PSYoungGen: 305184K(306688K)->244736K(334336K) Eden: 89600K(89600K)->0K(89600K) From: 215584K(217088K)->244736K(244736K)
[37.474s][info][gc,heap        ] GC(256) ParOldGen: 5411923K(5983232K)->5472859K(5983232K)
[37.474s][info][gc,metaspace   ] GC(256) Metaspace: 6297K(6464K)->6297K(6464K) NonClass: 5763K(5824K)->5763K(5824K) Class: 533K(640K)->533K(640K)
[37.474s][info][gc             ] GC(256) Pause Young (Allocation Failure) 5583M->5583M(6169M) 178.897ms
[37.474s][info][gc,cpu         ] GC(256) User=1.19s Sys=0.05s Real=0.18s
[38.605s][info][gc,start       ] GC(257) Pause Young (Allocation Failure)
[38.886s][info][gc,heap        ] GC(257) PSYoungGen: 334336K(334336K)->154336K(375296K) Eden: 89600K(89600K)->0K(97792K) From: 244736K(244736K)->154336K(277504K)
[38.886s][info][gc,heap        ] GC(257) ParOldGen: 5735003K(5983232K)->5916627K(5983232K)
[38.886s][info][gc,metaspace   ] GC(257) Metaspace: 6297K(6464K)->6297K(6464K) NonClass: 5763K(5824K)->5763K(5824K) Class: 533K(640K)->533K(640K)
[38.886s][info][gc             ] GC(257) Pause Young (Allocation Failure) 5927M->5928M(6209M) 280.956ms
[38.886s][info][gc,cpu         ] GC(257) User=2.02s Sys=0.11s Real=0.28s
[38.886s][info][gc,start       ] GC(258) Pause Full (Ergonomics)
[38.886s][info][gc,phases,start] GC(258) Marking Phase
[40.209s][info][gc,phases      ] GC(258) Marking Phase 1323.045ms
[40.209s][info][gc,phases,start] GC(258) Summary Phase
[40.209s][info][gc,phases      ] GC(258) Summary Phase 0.105ms
[40.209s][info][gc,phases,start] GC(258) Adjust Roots
[40.209s][info][gc,phases      ] GC(258) Adjust Roots 0.163ms
[40.209s][info][gc,phases,start] GC(258) Compaction Phase
[41.115s][info][gc,phases      ] GC(258) Compaction Phase 905.800ms
[41.115s][info][gc,phases,start] GC(258) Post Compact
[41.125s][info][gc,phases      ] GC(258) Post Compact 9.773ms
[41.126s][info][gc,heap        ] GC(258) PSYoungGen: 154336K(375296K)->0K(387072K) Eden: 0K(97792K)->0K(97792K) From: 154336K(277504K)->0K(289280K)
[41.126s][info][gc,heap        ] GC(258) ParOldGen: 5916627K(5983232K)->5937055K(6417408K)
[41.126s][info][gc,metaspace   ] GC(258) Metaspace: 6297K(6464K)->6297K(6464K) NonClass: 5763K(5824K)->5763K(5824K) Class: 533K(640K)->533K(640K)
[41.126s][info][gc             ] GC(258) Pause Full (Ergonomics) 5928M->5797M(6645M) 2240.595ms
[41.126s][info][gc,cpu         ] GC(258) User=15.66s Sys=0.11s Real=2.24s
[41.232s][info][gc,start       ] GC(259) Pause Young (Allocation Failure)
[41.330s][info][gc,heap        ] GC(259) PSYoungGen: 97792K(387072K)->98112K(378880K) Eden: 97792K(97792K)->0K(105472K) From: 0K(289280K)->98112K(273408K)
[41.330s][info][gc,heap        ] GC(259) ParOldGen: 5937055K(6417408K)->5937055K(6417408K)
[41.330s][info][gc,metaspace   ] GC(259) Metaspace: 6297K(6464K)->6297K(6464K) NonClass: 5763K(5824K)->5763K(5824K) Class: 533K(640K)->533K(640K)
[41.330s][info][gc             ] GC(259) Pause Young (Allocation Failure) 5893M->5893M(6637M) 98.011ms
[41.330s][info][gc,cpu         ] GC(259) User=0.30s Sys=0.00s Real=0.10s
[41.441s][info][gc,start       ] GC(260) Pause Young (Allocation Failure)
[41.568s][info][gc,heap        ] GC(260) PSYoungGen: 203584K(378880K)->203744K(387584K) Eden: 105472K(105472K)->0K(105472K) From: 98112K(273408K)->203744K(282112K)
[41.568s][info][gc,heap        ] GC(260) ParOldGen: 5937055K(6417408K)->5937055K(6417408K)
[41.568s][info][gc,metaspace   ] GC(260) Metaspace: 6297K(6464K)->6297K(6464K) NonClass: 5763K(5824K)->5763K(5824K) Class: 533K(640K)->533K(640K)
[41.568s][info][gc             ] GC(260) Pause Young (Allocation Failure) 5996M->5996M(6645M) 127.184ms
[41.568s][info][gc,cpu         ] GC(260) User=0.48s Sys=0.00s Real=0.13s
[41.682s][info][gc,start       ] GC(261) Pause Young (Allocation Failure)
[41.835s][info][gc,heap        ] GC(261) PSYoungGen: 309216K(387584K)->292352K(360960K) Eden: 105472K(105472K)->0K(68608K) From: 203744K(282112K)->292352K(292352K)
[41.835s][info][gc,heap        ] GC(261) ParOldGen: 5937055K(6417408K)->5954135K(6417408K)
[41.835s][info][gc,metaspace   ] GC(261) Metaspace: 6297K(6464K)->6297K(6464K) NonClass: 5763K(5824K)->5763K(5824K) Class: 533K(640K)->533K(640K)
[41.835s][info][gc             ] GC(261) Pause Young (Allocation Failure) 6099M->6100M(6619M) 153.230ms
[41.835s][info][gc,cpu         ] GC(261) User=0.84s Sys=0.08s Real=0.15s
[41.911s][info][gc,start       ] GC(262) Pause Young (Allocation Failure)
[42.085s][info][gc,heap        ] GC(262) PSYoungGen: 360960K(360960K)->338432K(407040K) Eden: 68608K(68608K)->0K(68608K) From: 292352K(292352K)->338432K(338432K)
[42.085s][info][gc,heap        ] GC(262) ParOldGen: 5954135K(6417408K)->5976983K(6417408K)
[42.085s][info][gc,metaspace   ] GC(262) Metaspace: 6297K(6464K)->6297K(6464K) NonClass: 5763K(5824K)->5763K(5824K) Class: 533K(640K)->533K(640K)
[42.085s][info][gc             ] GC(262) Pause Young (Allocation Failure) 6167M->6167M(6664M) 174.358ms
[42.085s][info][gc,cpu         ] GC(262) User=0.91s Sys=0.03s Real=0.17s
[42.162s][info][gc,start       ] GC(263) Pause Young (Allocation Failure)
[42.361s][info][gc,heap        ] GC(263) PSYoungGen: 407040K(407040K)->224288K(461312K) Eden: 68608K(68608K)->0K(76288K) From: 338432K(338432K)->224288K(385024K)
[42.361s][info][gc,heap        ] GC(263) ParOldGen: 5976983K(6417408K)->6161295K(6417408K)
[42.361s][info][gc,metaspace   ] GC(263) Metaspace: 6297K(6464K)->6297K(6464K) NonClass: 5763K(5824K)->5763K(5824K) Class: 533K(640K)->533K(640K)
[42.361s][info][gc             ] GC(263) Pause Young (Allocation Failure) 6234M->6235M(6717M) 199.212ms
[42.361s][info][gc,cpu         ] GC(263) User=1.25s Sys=0.19s Real=0.20s
[42.441s][info][gc,start       ] GC(264) Pause Young (Allocation Failure)
[42.594s][info][gc,heap        ] GC(264) PSYoungGen: 300576K(461312K)->206592K(283136K) Eden: 76288K(76288K)->0K(76288K) From: 224288K(385024K)->206592K(206848K)
[42.594s][info][gc,heap        ] GC(264) ParOldGen: 6161295K(6417408K)->6256047K(6417408K)
[42.594s][info][gc,metaspace   ] GC(264) Metaspace: 6297K(6464K)->6297K(6464K) NonClass: 5763K(5824K)->5763K(5824K) Class: 533K(640K)->533K(640K)
[42.594s][info][gc             ] GC(264) Pause Young (Allocation Failure) 6310M->6311M(6543M) 152.722ms
[42.594s][info][gc,cpu         ] GC(264) User=0.92s Sys=0.02s Real=0.15s
[42.594s][info][gc,start       ] GC(265) Pause Full (Ergonomics)
[42.594s][info][gc,phases,start] GC(265) Marking Phase
[44.047s][info][gc,phases      ] GC(265) Marking Phase 1453.293ms
[44.047s][info][gc,phases,start] GC(265) Summary Phase
[44.047s][info][gc,phases      ] GC(265) Summary Phase 0.074ms
[44.047s][info][gc,phases,start] GC(265) Adjust Roots
[44.047s][info][gc,phases      ] GC(265) Adjust Roots 0.161ms
[44.047s][info][gc,phases,start] GC(265) Compaction Phase
[44.711s][info][gc,phases      ] GC(265) Compaction Phase 663.965ms
[44.711s][info][gc,phases,start] GC(265) Post Compact
[44.721s][info][gc,phases      ] GC(265) Post Compact 9.926ms
[44.721s][info][gc,heap        ] GC(265) PSYoungGen: 206592K(283136K)->42033K(283136K) Eden: 0K(76288K)->0K(76288K) From: 206592K(206848K)->42033K(206848K)
[44.721s][info][gc,heap        ] GC(265) ParOldGen: 6256047K(6417408K)->6417068K(6417408K)
[44.721s][info][gc,metaspace   ] GC(265) Metaspace: 6297K(6464K)->6297K(6464K) NonClass: 5763K(5824K)->5763K(5824K) Class: 533K(640K)->533K(640K)
[44.721s][info][gc             ] GC(265) Pause Full (Ergonomics) 6311M->6307M(6543M) 2127.750ms
[44.721s][info][gc,cpu         ] GC(265) User=15.22s Sys=0.08s Real=2.13s
[44.813s][info][gc,start       ] GC(266) Pause Full (Ergonomics)
[44.813s][info][gc,phases,start] GC(266) Marking Phase
[46.293s][info][gc,phases      ] GC(266) Marking Phase 1480.516ms
[46.293s][info][gc,phases,start] GC(266) Summary Phase
[46.293s][info][gc,phases      ] GC(266) Summary Phase 0.065ms
[46.293s][info][gc,phases,start] GC(266) Adjust Roots
[46.293s][info][gc,phases      ] GC(266) Adjust Roots 0.172ms
[46.293s][info][gc,phases,start] GC(266) Compaction Phase
[46.849s][info][gc,phases      ] GC(266) Compaction Phase 555.074ms
[46.849s][info][gc,phases,start] GC(266) Post Compact
[46.859s][info][gc,phases      ] GC(266) Post Compact 10.344ms
[46.859s][info][gc,heap        ] GC(266) PSYoungGen: 118321K(283136K)->118291K(283136K) Eden: 76288K(76288K)->76257K(76288K) From: 42033K(206848K)->42033K(206848K)
[46.859s][info][gc,heap        ] GC(266) ParOldGen: 6417068K(6417408K)->6417068K(6417408K)
[46.859s][info][gc,metaspace   ] GC(266) Metaspace: 6297K(6464K)->6297K(6464K) NonClass: 5763K(5824K)->5763K(5824K) Class: 533K(640K)->533K(640K)
[46.859s][info][gc             ] GC(266) Pause Full (Ergonomics) 6382M->6382M(6543M) 2046.671ms
[46.859s][info][gc,cpu         ] GC(266) User=14.67s Sys=0.00s Real=2.05s
[46.859s][info][gc,start       ] GC(267) Pause Full (Ergonomics)
[46.860s][info][gc,phases,start] GC(267) Marking Phase
[48.352s][info][gc,phases      ] GC(267) Marking Phase 1492.772ms
[48.352s][info][gc,phases,start] GC(267) Summary Phase
[48.352s][info][gc,phases      ] GC(267) Summary Phase 0.069ms
[48.352s][info][gc,phases,start] GC(267) Adjust Roots
[48.353s][info][gc,phases      ] GC(267) Adjust Roots 0.181ms
[48.353s][info][gc,phases,start] GC(267) Compaction Phase
[48.896s][info][gc,phases      ] GC(267) Compaction Phase 542.976ms
[48.896s][info][gc,phases,start] GC(267) Post Compact
[48.905s][info][gc,phases      ] GC(267) Post Compact 9.562ms
[48.905s][info][gc,heap        ] GC(267) PSYoungGen: 118321K(283136K)->118321K(283136K) Eden: 76288K(76288K)->76287K(76288K) From: 42033K(206848K)->42033K(206848K)
[48.905s][info][gc,heap        ] GC(267) ParOldGen: 6417068K(6417408K)->6417068K(6417408K)
[48.905s][info][gc,metaspace   ] GC(267) Metaspace: 6297K(6464K)->6297K(6464K) NonClass: 5763K(5824K)->5763K(5824K) Class: 533K(640K)->533K(640K)
[48.905s][info][gc             ] GC(267) Pause Full (Ergonomics) 6382M->6382M(6543M) 2045.849ms
[48.905s][info][gc,cpu         ] GC(267) User=14.88s Sys=0.02s Real=2.05s
[48.905s][info][gc,start       ] GC(268) Pause Full (Ergonomics)
[48.905s][info][gc,phases,start] GC(268) Marking Phase
[50.413s][info][gc,phases      ] GC(268) Marking Phase 1507.887ms
[50.413s][info][gc,phases,start] GC(268) Summary Phase
[50.414s][info][gc,phases      ] GC(268) Summary Phase 0.066ms
[50.414s][info][gc,phases,start] GC(268) Adjust Roots
[50.414s][info][gc,phases      ] GC(268) Adjust Roots 0.160ms
[50.414s][info][gc,phases,start] GC(268) Compaction Phase
[50.947s][info][gc,phases      ] GC(268) Compaction Phase 533.378ms
[50.947s][info][gc,phases,start] GC(268) Post Compact
[50.957s][info][gc,phases      ] GC(268) Post Compact 9.573ms
[50.957s][info][gc,heap        ] GC(268) PSYoungGen: 118321K(283136K)->118321K(283136K) Eden: 76287K(76288K)->76287K(76288K) From: 42033K(206848K)->42033K(206848K)
[50.957s][info][gc,heap        ] GC(268) ParOldGen: 6417068K(6417408K)->6417068K(6417408K)
[50.957s][info][gc,metaspace   ] GC(268) Metaspace: 6297K(6464K)->6297K(6464K) NonClass: 5763K(5824K)->5763K(5824K) Class: 533K(640K)->533K(640K)
[50.957s][info][gc             ] GC(268) Pause Full (Ergonomics) 6382M->6382M(6543M) 2051.358ms
[50.957s][info][gc,cpu         ] GC(268) User=15.03s Sys=0.00s Real=2.05s
[50.957s][info][gc,start       ] GC(269) Pause Full (Ergonomics)
[50.957s][info][gc,phases,start] GC(269) Marking Phase
[52.473s][info][gc,phases      ] GC(269) Marking Phase 1515.848ms
[52.473s][info][gc,phases,start] GC(269) Summary Phase
[52.473s][info][gc,phases      ] GC(269) Summary Phase 0.065ms
[52.473s][info][gc,phases,start] GC(269) Adjust Roots
[52.473s][info][gc,phases      ] GC(269) Adjust Roots 0.161ms
[52.473s][info][gc,phases,start] GC(269) Compaction Phase
[53.006s][info][gc,phases      ] GC(269) Compaction Phase 533.003ms
[53.006s][info][gc,phases,start] GC(269) Post Compact
[53.016s][info][gc,phases      ] GC(269) Post Compact 9.862ms
[53.016s][info][gc,heap        ] GC(269) PSYoungGen: 118321K(283136K)->118321K(283136K) Eden: 76288K(76288K)->76288K(76288K) From: 42033K(206848K)->42033K(206848K)
[53.016s][info][gc,heap        ] GC(269) ParOldGen: 6417073K(6417408K)->6417073K(6417408K)
[53.016s][info][gc,metaspace   ] GC(269) Metaspace: 6297K(6464K)->6297K(6464K) NonClass: 5763K(5824K)->5763K(5824K) Class: 533K(640K)->533K(640K)
[53.016s][info][gc             ] GC(269) Pause Full (Ergonomics) 6382M->6382M(6543M) 2059.296ms
[53.016s][info][gc,cpu         ] GC(269) User=15.09s Sys=0.03s Real=2.06s
[53.017s][info][gc,start       ] GC(270) Pause Full (Ergonomics)
[53.017s][info][gc,phases,start] GC(270) Marking Phase
[54.521s][info][gc,phases      ] GC(270) Marking Phase 1503.963ms
[54.521s][info][gc,phases,start] GC(270) Summary Phase
[54.521s][info][gc,phases      ] GC(270) Summary Phase 0.065ms
[54.521s][info][gc,phases,start] GC(270) Adjust Roots
[54.521s][info][gc,phases      ] GC(270) Adjust Roots 0.163ms
[54.521s][info][gc,phases,start] GC(270) Compaction Phase
[55.075s][info][gc,phases      ] GC(270) Compaction Phase 554.436ms
[55.075s][info][gc,phases,start] GC(270) Post Compact
[55.085s][info][gc,phases      ] GC(270) Post Compact 9.700ms
[55.085s][info][gc,heap        ] GC(270) PSYoungGen: 118321K(283136K)->118321K(283136K) Eden: 76288K(76288K)->76288K(76288K) From: 42033K(206848K)->42033K(206848K)
[55.085s][info][gc,heap        ] GC(270) ParOldGen: 6417078K(6417408K)->6417078K(6417408K)
[55.085s][info][gc,metaspace   ] GC(270) Metaspace: 6297K(6464K)->6297K(6464K) NonClass: 5763K(5824K)->5763K(5824K) Class: 533K(640K)->533K(640K)
[55.085s][info][gc             ] GC(270) Pause Full (Ergonomics) 6382M->6382M(6543M) 2068.667ms
[55.085s][info][gc,cpu         ] GC(270) User=14.97s Sys=0.00s Real=2.07s
[55.085s][info][gc,start       ] GC(271) Pause Full (Ergonomics)
[55.085s][info][gc,phases,start] GC(271) Marking Phase
[56.600s][info][gc,phases      ] GC(271) Marking Phase 1514.962ms
[56.600s][info][gc,phases,start] GC(271) Summary Phase
[56.601s][info][gc,phases      ] GC(271) Summary Phase 0.073ms
[56.601s][info][gc,phases,start] GC(271) Adjust Roots
[56.601s][info][gc,phases      ] GC(271) Adjust Roots 0.173ms
[56.601s][info][gc,phases,start] GC(271) Compaction Phase
[57.151s][info][gc,phases      ] GC(271) Compaction Phase 550.246ms
[57.151s][info][gc,phases,start] GC(271) Post Compact
[57.161s][info][gc,phases      ] GC(271) Post Compact 10.024ms
[57.161s][info][gc,heap        ] GC(271) PSYoungGen: 118321K(283136K)->118321K(283136K) Eden: 76288K(76288K)->76288K(76288K) From: 42033K(206848K)->42033K(206848K)
[57.161s][info][gc,heap        ] GC(271) ParOldGen: 6417083K(6417408K)->6417083K(6417408K)
[57.161s][info][gc,metaspace   ] GC(271) Metaspace: 6297K(6464K)->6297K(6464K) NonClass: 5763K(5824K)->5763K(5824K) Class: 533K(640K)->533K(640K)
[57.161s][info][gc             ] GC(271) Pause Full (Ergonomics) 6382M->6382M(6543M) 2075.826ms
[57.161s][info][gc,cpu         ] GC(271) User=15.25s Sys=0.00s Real=2.08s
[57.161s][info][gc,start       ] GC(272) Pause Full (Ergonomics)
[57.162s][info][gc,phases,start] GC(272) Marking Phase
[58.671s][info][gc,phases      ] GC(272) Marking Phase 1509.888ms
[58.671s][info][gc,phases,start] GC(272) Summary Phase
[58.672s][info][gc,phases      ] GC(272) Summary Phase 0.068ms
[58.672s][info][gc,phases,start] GC(272) Adjust Roots
[58.672s][info][gc,phases      ] GC(272) Adjust Roots 0.211ms
[58.672s][info][gc,phases,start] GC(272) Compaction Phase
[59.218s][info][gc,phases      ] GC(272) Compaction Phase 545.772ms
[59.218s][info][gc,phases,start] GC(272) Post Compact
[59.228s][info][gc,phases      ] GC(272) Post Compact 10.392ms
[59.228s][info][gc,heap        ] GC(272) PSYoungGen: 118321K(283136K)->118321K(283136K) Eden: 76288K(76288K)->76288K(76288K) From: 42033K(206848K)->42033K(206848K)
[59.228s][info][gc,heap        ] GC(272) ParOldGen: 6417088K(6417408K)->6417088K(6417408K)
[59.228s][info][gc,metaspace   ] GC(272) Metaspace: 6297K(6464K)->6297K(6464K) NonClass: 5763K(5824K)->5763K(5824K) Class: 533K(640K)->533K(640K)
[59.228s][info][gc             ] GC(272) Pause Full (Ergonomics) 6382M->6382M(6543M) 2066.732ms
[59.228s][info][gc,cpu         ] GC(272) User=15.22s Sys=0.02s Real=2.07s
[59.228s][info][gc,start       ] GC(273) Pause Full (Ergonomics)
[59.228s][info][gc,phases,start] GC(273) Marking Phase
[60.769s][info][gc,phases      ] GC(273) Marking Phase 1540.180ms
[60.769s][info][gc,phases,start] GC(273) Summary Phase
[60.769s][info][gc,phases      ] GC(273) Summary Phase 0.066ms
[60.769s][info][gc,phases,start] GC(273) Adjust Roots
[60.769s][info][gc,phases      ] GC(273) Adjust Roots 0.159ms
[60.769s][info][gc,phases,start] GC(273) Compaction Phase
[61.362s][info][gc,phases      ] GC(273) Compaction Phase 592.991ms
[61.362s][info][gc,phases,start] GC(273) Post Compact
[61.372s][info][gc,phases      ] GC(273) Post Compact 10.235ms
[61.372s][info][gc,heap        ] GC(273) PSYoungGen: 118321K(283136K)->118321K(283136K) Eden: 76288K(76288K)->76288K(76288K) From: 42033K(206848K)->42033K(206848K)
[61.372s][info][gc,heap        ] GC(273) ParOldGen: 6417092K(6417408K)->6417092K(6417408K)
[61.372s][info][gc,metaspace   ] GC(273) Metaspace: 6297K(6464K)->6297K(6464K) NonClass: 5763K(5824K)->5763K(5824K) Class: 533K(640K)->533K(640K)
[61.372s][info][gc             ] GC(273) Pause Full (Ergonomics) 6382M->6382M(6543M) 2143.973ms
[61.372s][info][gc,cpu         ] GC(273) User=15.44s Sys=0.00s Real=2.14s
[61.373s][info][gc,start       ] GC(274) Pause Full (Ergonomics)
[61.373s][info][gc,phases,start] GC(274) Marking Phase
[62.924s][info][gc,phases      ] GC(274) Marking Phase 1551.119ms
[62.924s][info][gc,phases,start] GC(274) Summary Phase
[62.924s][info][gc,phases      ] GC(274) Summary Phase 0.067ms
[62.924s][info][gc,phases,start] GC(274) Adjust Roots
[62.924s][info][gc,phases      ] GC(274) Adjust Roots 0.197ms
[62.924s][info][gc,phases,start] GC(274) Compaction Phase
[63.512s][info][gc,phases      ] GC(274) Compaction Phase 587.425ms
[63.512s][info][gc,phases,start] GC(274) Post Compact
[63.521s][info][gc,phases      ] GC(274) Post Compact 9.625ms
[63.521s][info][gc,heap        ] GC(274) PSYoungGen: 118321K(283136K)->118321K(283136K) Eden: 76288K(76288K)->76288K(76288K) From: 42033K(206848K)->42033K(206848K)
[63.521s][info][gc,heap        ] GC(274) ParOldGen: 6417097K(6417408K)->6417097K(6417408K)
[63.521s][info][gc,metaspace   ] GC(274) Metaspace: 6297K(6464K)->6297K(6464K) NonClass: 5763K(5824K)->5763K(5824K) Class: 533K(640K)->533K(640K)
[63.521s][info][gc             ] GC(274) Pause Full (Ergonomics) 6382M->6382M(6543M) 2148.775ms
[63.521s][info][gc,cpu         ] GC(274) User=15.34s Sys=0.05s Real=2.15s
[63.522s][info][gc,start       ] GC(275) Pause Full (Ergonomics)
[63.522s][info][gc,phases,start] GC(275) Marking Phase
[65.081s][info][gc,phases      ] GC(275) Marking Phase 1559.305ms
[65.081s][info][gc,phases,start] GC(275) Summary Phase
[65.081s][info][gc,phases      ] GC(275) Summary Phase 0.065ms
[65.081s][info][gc,phases,start] GC(275) Adjust Roots
[65.081s][info][gc,phases      ] GC(275) Adjust Roots 0.158ms
[65.081s][info][gc,phases,start] GC(275) Compaction Phase
[65.655s][info][gc,phases      ] GC(275) Compaction Phase 574.100ms
[65.655s][info][gc,phases,start] GC(275) Post Compact
[65.665s][info][gc,phases      ] GC(275) Post Compact 9.698ms
[65.665s][info][gc,heap        ] GC(275) PSYoungGen: 118321K(283136K)->118321K(283136K) Eden: 76288K(76288K)->76288K(76288K) From: 42033K(206848K)->42033K(206848K)
[65.665s][info][gc,heap        ] GC(275) ParOldGen: 6417102K(6417408K)->6417102K(6417408K)
[65.665s][info][gc,metaspace   ] GC(275) Metaspace: 6297K(6464K)->6297K(6464K) NonClass: 5763K(5824K)->5763K(5824K) Class: 533K(640K)->533K(640K)
[65.665s][info][gc             ] GC(275) Pause Full (Ergonomics) 6382M->6382M(6543M) 2143.636ms
[65.665s][info][gc,cpu         ] GC(275) User=15.80s Sys=0.00s Real=2.14s
[65.665s][info][gc,start       ] GC(276) Pause Full (Ergonomics)
[65.665s][info][gc,phases,start] GC(276) Marking Phase
[67.213s][info][gc,phases      ] GC(276) Marking Phase 1547.177ms
[67.213s][info][gc,phases,start] GC(276) Summary Phase
[67.213s][info][gc,phases      ] GC(276) Summary Phase 0.069ms
[67.213s][info][gc,phases,start] GC(276) Adjust Roots
[67.213s][info][gc,phases      ] GC(276) Adjust Roots 0.186ms
[67.213s][info][gc,phases,start] GC(276) Compaction Phase
[67.796s][info][gc,phases      ] GC(276) Compaction Phase 582.713ms
[67.796s][info][gc,phases,start] GC(276) Post Compact
[67.806s][info][gc,phases      ] GC(276) Post Compact 10.257ms
[67.806s][info][gc,heap        ] GC(276) PSYoungGen: 118321K(283136K)->118321K(283136K) Eden: 76288K(76288K)->76288K(76288K) From: 42033K(206848K)->42033K(206848K)
[67.806s][info][gc,heap        ] GC(276) ParOldGen: 6417107K(6417408K)->6417107K(6417408K)
[67.806s][info][gc,metaspace   ] GC(276) Metaspace: 6297K(6464K)->6297K(6464K) NonClass: 5763K(5824K)->5763K(5824K) Class: 533K(640K)->533K(640K)
[67.806s][info][gc             ] GC(276) Pause Full (Ergonomics) 6382M->6382M(6543M) 2140.834ms
[67.806s][info][gc,cpu         ] GC(276) User=15.52s Sys=0.02s Real=2.14s
[67.806s][info][gc,start       ] GC(277) Pause Full (Ergonomics)
[67.807s][info][gc,phases,start] GC(277) Marking Phase
[69.343s][info][gc,phases      ] GC(277) Marking Phase 1536.596ms
[69.343s][info][gc,phases,start] GC(277) Summary Phase
[69.343s][info][gc,phases      ] GC(277) Summary Phase 0.070ms
[69.343s][info][gc,phases,start] GC(277) Adjust Roots
[69.343s][info][gc,phases      ] GC(277) Adjust Roots 0.208ms
[69.343s][info][gc,phases,start] GC(277) Compaction Phase
[69.897s][info][gc,phases      ] GC(277) Compaction Phase 553.385ms
[69.897s][info][gc,phases,start] GC(277) Post Compact
[69.907s][info][gc,phases      ] GC(277) Post Compact 9.602ms
[69.907s][info][gc,heap        ] GC(277) PSYoungGen: 118321K(283136K)->118321K(283136K) Eden: 76288K(76288K)->76288K(76288K) From: 42033K(206848K)->42033K(206848K)
[69.907s][info][gc,heap        ] GC(277) ParOldGen: 6417112K(6417408K)->6417112K(6417408K)
[69.907s][info][gc,metaspace   ] GC(277) Metaspace: 6297K(6464K)->6297K(6464K) NonClass: 5763K(5824K)->5763K(5824K) Class: 533K(640K)->533K(640K)
[69.907s][info][gc             ] GC(277) Pause Full (Ergonomics) 6382M->6382M(6543M) 2100.176ms
[69.907s][info][gc,cpu         ] GC(277) User=15.59s Sys=0.00s Real=2.10s
[69.907s][info][gc,start       ] GC(278) Pause Full (Ergonomics)
[69.907s][info][gc,phases,start] GC(278) Marking Phase
[71.454s][info][gc,phases      ] GC(278) Marking Phase 1546.811ms
[71.454s][info][gc,phases,start] GC(278) Summary Phase
[71.454s][info][gc,phases      ] GC(278) Summary Phase 0.079ms
[71.454s][info][gc,phases,start] GC(278) Adjust Roots
[71.454s][info][gc,phases      ] GC(278) Adjust Roots 0.202ms
[71.454s][info][gc,phases,start] GC(278) Compaction Phase
[72.050s][info][gc,phases      ] GC(278) Compaction Phase 596.268ms
[72.050s][info][gc,phases,start] GC(278) Post Compact
[72.060s][info][gc,phases      ] GC(278) Post Compact 9.544ms
[72.060s][info][gc,heap        ] GC(278) PSYoungGen: 118321K(283136K)->118321K(283136K) Eden: 76288K(76288K)->76288K(76288K) From: 42033K(206848K)->42033K(206848K)
[72.060s][info][gc,heap        ] GC(278) ParOldGen: 6417117K(6417408K)->6417117K(6417408K)
[72.060s][info][gc,metaspace   ] GC(278) Metaspace: 6297K(6464K)->6297K(6464K) NonClass: 5763K(5824K)->5763K(5824K) Class: 533K(640K)->533K(640K)
[72.060s][info][gc             ] GC(278) Pause Full (Ergonomics) 6382M->6382M(6543M) 2153.217ms
[72.060s][info][gc,cpu         ] GC(278) User=15.66s Sys=0.00s Real=2.15s
[72.060s][info][gc,start       ] GC(279) Pause Full (Ergonomics)
[72.060s][info][gc,phases,start] GC(279) Marking Phase
[73.645s][info][gc,phases      ] GC(279) Marking Phase 1584.783ms
[73.645s][info][gc,phases,start] GC(279) Summary Phase
[73.645s][info][gc,phases      ] GC(279) Summary Phase 0.071ms
[73.645s][info][gc,phases,start] GC(279) Adjust Roots
[73.645s][info][gc,phases      ] GC(279) Adjust Roots 0.181ms
[73.645s][info][gc,phases,start] GC(279) Compaction Phase
[74.243s][info][gc,phases      ] GC(279) Compaction Phase 597.978ms
[74.243s][info][gc,phases,start] GC(279) Post Compact
[74.253s][info][gc,phases      ] GC(279) Post Compact 9.632ms
[74.253s][info][gc,heap        ] GC(279) PSYoungGen: 118321K(283136K)->118321K(283136K) Eden: 76288K(76288K)->76288K(76288K) From: 42033K(206848K)->42033K(206848K)
[74.253s][info][gc,heap        ] GC(279) ParOldGen: 6417121K(6417408K)->6417121K(6417408K)
[74.253s][info][gc,metaspace   ] GC(279) Metaspace: 6297K(6464K)->6297K(6464K) NonClass: 5763K(5824K)->5763K(5824K) Class: 533K(640K)->533K(640K)
[74.253s][info][gc             ] GC(279) Pause Full (Ergonomics) 6382M->6382M(6543M) 2192.982ms
[74.253s][info][gc,cpu         ] GC(279) User=15.89s Sys=0.00s Real=2.19s
[74.253s][info][gc,start       ] GC(280) Pause Full (Ergonomics)
[74.253s][info][gc,phases,start] GC(280) Marking Phase
[75.843s][info][gc,phases      ] GC(280) Marking Phase 1589.273ms
[75.843s][info][gc,phases,start] GC(280) Summary Phase
[75.843s][info][gc,phases      ] GC(280) Summary Phase 0.066ms
[75.843s][info][gc,phases,start] GC(280) Adjust Roots
[75.843s][info][gc,phases      ] GC(280) Adjust Roots 0.164ms
[75.843s][info][gc,phases,start] GC(280) Compaction Phase
[76.430s][info][gc,phases      ] GC(280) Compaction Phase 587.263ms
[76.430s][info][gc,phases,start] GC(280) Post Compact
[76.440s][info][gc,phases      ] GC(280) Post Compact 9.698ms
[76.440s][info][gc,heap        ] GC(280) PSYoungGen: 118321K(283136K)->118321K(283136K) Eden: 76288K(76288K)->76288K(76288K) From: 42033K(206848K)->42033K(206848K)
[76.440s][info][gc,heap        ] GC(280) ParOldGen: 6417126K(6417408K)->6417126K(6417408K)
[76.440s][info][gc,metaspace   ] GC(280) Metaspace: 6297K(6464K)->6297K(6464K) NonClass: 5763K(5824K)->5763K(5824K) Class: 533K(640K)->533K(640K)
[76.440s][info][gc             ] GC(280) Pause Full (Ergonomics) 6382M->6382M(6543M) 2186.779ms
[76.440s][info][gc,cpu         ] GC(280) User=16.31s Sys=0.00s Real=2.19s
[76.440s][info][gc,start       ] GC(281) Pause Full (Ergonomics)
[76.440s][info][gc,phases,start] GC(281) Marking Phase
[78.023s][info][gc,phases      ] GC(281) Marking Phase 1582.685ms
[78.023s][info][gc,phases,start] GC(281) Summary Phase
[78.023s][info][gc,phases      ] GC(281) Summary Phase 0.070ms
[78.023s][info][gc,phases,start] GC(281) Adjust Roots
[78.024s][info][gc,phases      ] GC(281) Adjust Roots 0.285ms
[78.024s][info][gc,phases,start] GC(281) Compaction Phase
[78.628s][info][gc,phases      ] GC(281) Compaction Phase 604.927ms
[78.629s][info][gc,phases,start] GC(281) Post Compact
[78.638s][info][gc,phases      ] GC(281) Post Compact 9.842ms
[78.638s][info][gc,heap        ] GC(281) PSYoungGen: 118321K(283136K)->118321K(283136K) Eden: 76288K(76288K)->76288K(76288K) From: 42033K(206848K)->42033K(206848K)
[78.638s][info][gc,heap        ] GC(281) ParOldGen: 6417131K(6417408K)->6417131K(6417408K)
[78.638s][info][gc,metaspace   ] GC(281) Metaspace: 6297K(6464K)->6297K(6464K) NonClass: 5763K(5824K)->5763K(5824K) Class: 533K(640K)->533K(640K)
[78.639s][info][gc             ] GC(281) Pause Full (Ergonomics) 6382M->6382M(6543M) 2198.129ms
[78.639s][info][gc,cpu         ] GC(281) User=15.95s Sys=0.03s Real=2.20s
[78.639s][info][gc,start       ] GC(282) Pause Full (Ergonomics)
[78.639s][info][gc,phases,start] GC(282) Marking Phase
[80.240s][info][gc,phases      ] GC(282) Marking Phase 1600.730ms
[80.240s][info][gc,phases,start] GC(282) Summary Phase
[80.240s][info][gc,phases      ] GC(282) Summary Phase 0.065ms
[80.240s][info][gc,phases,start] GC(282) Adjust Roots
[80.240s][info][gc,phases      ] GC(282) Adjust Roots 0.168ms
[80.240s][info][gc,phases,start] GC(282) Compaction Phase
[80.837s][info][gc,phases      ] GC(282) Compaction Phase 597.417ms
[80.837s][info][gc,phases,start] GC(282) Post Compact
[80.847s][info][gc,phases      ] GC(282) Post Compact 9.670ms
[80.847s][info][gc,heap        ] GC(282) PSYoungGen: 118321K(283136K)->118321K(283136K) Eden: 76288K(76288K)->76288K(76288K) From: 42033K(206848K)->42033K(206848K)
[80.847s][info][gc,heap        ] GC(282) ParOldGen: 6417136K(6417408K)->6417136K(6417408K)
[80.847s][info][gc,metaspace   ] GC(282) Metaspace: 6297K(6464K)->6297K(6464K) NonClass: 5763K(5824K)->5763K(5824K) Class: 533K(640K)->533K(640K)
[80.847s][info][gc             ] GC(282) Pause Full (Ergonomics) 6382M->6382M(6543M) 2208.396ms
[80.847s][info][gc,cpu         ] GC(282) User=16.03s Sys=0.03s Real=2.21s
[80.847s][info][gc,start       ] GC(283) Pause Full (Ergonomics)
[80.847s][info][gc,phases,start] GC(283) Marking Phase
[82.438s][info][gc,phases      ] GC(283) Marking Phase 1590.174ms
[82.438s][info][gc,phases,start] GC(283) Summary Phase
[82.438s][info][gc,phases      ] GC(283) Summary Phase 0.065ms
[82.438s][info][gc,phases,start] GC(283) Adjust Roots
[82.438s][info][gc,phases      ] GC(283) Adjust Roots 0.166ms
[82.438s][info][gc,phases,start] GC(283) Compaction Phase
[83.092s][info][gc,phases      ] GC(283) Compaction Phase 654.290ms
[83.092s][info][gc,phases,start] GC(283) Post Compact
[83.102s][info][gc,phases      ] GC(283) Post Compact 9.528ms
[83.102s][info][gc,heap        ] GC(283) PSYoungGen: 118321K(283136K)->118321K(283136K) Eden: 76288K(76288K)->76288K(76288K) From: 42033K(206848K)->42033K(206848K)
[83.102s][info][gc,heap        ] GC(283) ParOldGen: 6417141K(6417408K)->6417141K(6417408K)
[83.102s][info][gc,metaspace   ] GC(283) Metaspace: 6297K(6464K)->6297K(6464K) NonClass: 5763K(5824K)->5763K(5824K) Class: 533K(640K)->533K(640K)
[83.102s][info][gc             ] GC(283) Pause Full (Ergonomics) 6382M->6382M(6543M) 2254.559ms
[83.102s][info][gc,cpu         ] GC(283) User=16.11s Sys=0.00s Real=2.26s
[83.102s][info][gc,start       ] GC(284) Pause Full (Ergonomics)
[83.102s][info][gc,phases,start] GC(284) Marking Phase
[84.675s][info][gc,phases      ] GC(284) Marking Phase 1573.187ms
[84.675s][info][gc,phases,start] GC(284) Summary Phase
[84.675s][info][gc,phases      ] GC(284) Summary Phase 0.065ms
[84.675s][info][gc,phases,start] GC(284) Adjust Roots
[84.676s][info][gc,phases      ] GC(284) Adjust Roots 0.203ms
[84.676s][info][gc,phases,start] GC(284) Compaction Phase
[85.284s][info][gc,phases      ] GC(284) Compaction Phase 608.505ms
[85.284s][info][gc,phases,start] GC(284) Post Compact
[85.294s][info][gc,phases      ] GC(284) Post Compact 9.699ms
[85.294s][info][gc,heap        ] GC(284) PSYoungGen: 118321K(283136K)->118321K(283136K) Eden: 76288K(76288K)->76288K(76288K) From: 42033K(206848K)->42033K(206848K)
[85.294s][info][gc,heap        ] GC(284) ParOldGen: 6417146K(6417408K)->6417146K(6417408K)
[85.294s][info][gc,metaspace   ] GC(284) Metaspace: 6297K(6464K)->6297K(6464K) NonClass: 5763K(5824K)->5763K(5824K) Class: 533K(640K)->533K(640K)
[85.294s][info][gc             ] GC(284) Pause Full (Ergonomics) 6382M->6382M(6543M) 2191.981ms
[85.294s][info][gc,cpu         ] GC(284) User=15.94s Sys=0.00s Real=2.19s
[85.294s][info][gc,start       ] GC(285) Pause Full (Ergonomics)
[85.294s][info][gc,phases,start] GC(285) Marking Phase
[86.870s][info][gc,phases      ] GC(285) Marking Phase 1575.398ms
[86.870s][info][gc,phases,start] GC(285) Summary Phase
[86.870s][info][gc,phases      ] GC(285) Summary Phase 0.071ms
[86.870s][info][gc,phases,start] GC(285) Adjust Roots
[86.870s][info][gc,phases      ] GC(285) Adjust Roots 0.192ms
[86.870s][info][gc,phases,start] GC(285) Compaction Phase
[87.485s][info][gc,phases      ] GC(285) Compaction Phase 614.639ms
[87.485s][info][gc,phases,start] GC(285) Post Compact
[87.494s][info][gc,phases      ] GC(285) Post Compact 9.664ms
[87.495s][info][gc,heap        ] GC(285) PSYoungGen: 118321K(283136K)->118321K(283136K) Eden: 76288K(76288K)->76288K(76288K) From: 42033K(206848K)->42033K(206848K)
[87.495s][info][gc,heap        ] GC(285) ParOldGen: 6417150K(6417408K)->6417150K(6417408K)
[87.495s][info][gc,metaspace   ] GC(285) Metaspace: 6297K(6464K)->6297K(6464K) NonClass: 5763K(5824K)->5763K(5824K) Class: 533K(640K)->533K(640K)
[87.495s][info][gc             ] GC(285) Pause Full (Ergonomics) 6382M->6382M(6543M) 2200.287ms
[87.495s][info][gc,cpu         ] GC(285) User=15.77s Sys=0.02s Real=2.20s
[87.495s][info][gc,start       ] GC(286) Pause Full (Ergonomics)
[87.495s][info][gc,phases,start] GC(286) Marking Phase
[89.092s][info][gc,phases      ] GC(286) Marking Phase 1596.952ms
[89.092s][info][gc,phases,start] GC(286) Summary Phase
[89.092s][info][gc,phases      ] GC(286) Summary Phase 0.065ms
[89.092s][info][gc,phases,start] GC(286) Adjust Roots
[89.092s][info][gc,phases      ] GC(286) Adjust Roots 0.168ms
[89.092s][info][gc,phases,start] GC(286) Compaction Phase
[89.695s][info][gc,phases      ] GC(286) Compaction Phase 602.868ms
[89.695s][info][gc,phases,start] GC(286) Post Compact
[89.705s][info][gc,phases      ] GC(286) Post Compact 9.626ms
[89.705s][info][gc,heap        ] GC(286) PSYoungGen: 118321K(283136K)->118321K(283136K) Eden: 76288K(76288K)->76288K(76288K) From: 42033K(206848K)->42033K(206848K)
[89.705s][info][gc,heap        ] GC(286) ParOldGen: 6417155K(6417408K)->6417155K(6417408K)
[89.705s][info][gc,metaspace   ] GC(286) Metaspace: 6297K(6464K)->6297K(6464K) NonClass: 5763K(5824K)->5763K(5824K) Class: 533K(640K)->533K(640K)
[89.705s][info][gc             ] GC(286) Pause Full (Ergonomics) 6382M->6382M(6543M) 2210.007ms
[89.705s][info][gc,cpu         ] GC(286) User=15.98s Sys=0.00s Real=2.21s
[89.705s][info][gc,start       ] GC(287) Pause Full (Ergonomics)
[89.705s][info][gc,phases,start] GC(287) Marking Phase
[91.302s][info][gc,phases      ] GC(287) Marking Phase 1596.787ms
[91.302s][info][gc,phases,start] GC(287) Summary Phase
[91.302s][info][gc,phases      ] GC(287) Summary Phase 0.066ms
[91.302s][info][gc,phases,start] GC(287) Adjust Roots
[91.302s][info][gc,phases      ] GC(287) Adjust Roots 0.166ms
[91.302s][info][gc,phases,start] GC(287) Compaction Phase
[91.921s][info][gc,phases      ] GC(287) Compaction Phase 619.269ms
[91.921s][info][gc,phases,start] GC(287) Post Compact
[91.931s][info][gc,phases      ] GC(287) Post Compact 9.616ms
[91.931s][info][gc,heap        ] GC(287) PSYoungGen: 118321K(283136K)->118321K(283136K) Eden: 76288K(76288K)->76288K(76288K) From: 42033K(206848K)->42033K(206848K)
[91.931s][info][gc,heap        ] GC(287) ParOldGen: 6417160K(6417408K)->6417160K(6417408K)
[91.931s][info][gc,metaspace   ] GC(287) Metaspace: 6297K(6464K)->6297K(6464K) NonClass: 5763K(5824K)->5763K(5824K) Class: 533K(640K)->533K(640K)
[91.931s][info][gc             ] GC(287) Pause Full (Ergonomics) 6382M->6382M(6543M) 2226.234ms
[91.931s][info][gc,cpu         ] GC(287) User=16.12s Sys=0.00s Real=2.23s
[91.931s][info][gc,start       ] GC(288) Pause Full (Ergonomics)
[91.931s][info][gc,phases,start] GC(288) Marking Phase
[93.522s][info][gc,phases      ] GC(288) Marking Phase 1590.864ms
[93.522s][info][gc,phases,start] GC(288) Summary Phase
[93.522s][info][gc,phases      ] GC(288) Summary Phase 0.066ms
[93.522s][info][gc,phases,start] GC(288) Adjust Roots
[93.523s][info][gc,phases      ] GC(288) Adjust Roots 0.159ms
[93.523s][info][gc,phases,start] GC(288) Compaction Phase
[94.107s][info][gc,phases      ] GC(288) Compaction Phase 584.505ms
[94.107s][info][gc,phases,start] GC(288) Post Compact
[94.117s][info][gc,phases      ] GC(288) Post Compact 10.149ms
[94.117s][info][gc,heap        ] GC(288) PSYoungGen: 118321K(283136K)->118321K(283136K) Eden: 76288K(76288K)->76288K(76288K) From: 42033K(206848K)->42033K(206848K)
[94.117s][info][gc,heap        ] GC(288) ParOldGen: 6417165K(6417408K)->6417165K(6417408K)
[94.117s][info][gc,metaspace   ] GC(288) Metaspace: 6297K(6464K)->6297K(6464K) NonClass: 5763K(5824K)->5763K(5824K) Class: 533K(640K)->533K(640K)
[94.118s][info][gc             ] GC(288) Pause Full (Ergonomics) 6382M->6382M(6543M) 2186.094ms
[94.118s][info][gc,cpu         ] GC(288) User=16.16s Sys=0.02s Real=2.19s
[94.118s][info][gc,start       ] GC(289) Pause Full (Ergonomics)
[94.118s][info][gc,phases,start] GC(289) Marking Phase
[95.691s][info][gc,phases      ] GC(289) Marking Phase 1573.193ms
[95.691s][info][gc,phases,start] GC(289) Summary Phase
[95.691s][info][gc,phases      ] GC(289) Summary Phase 0.066ms
[95.691s][info][gc,phases,start] GC(289) Adjust Roots
[95.691s][info][gc,phases      ] GC(289) Adjust Roots 0.164ms
[95.691s][info][gc,phases,start] GC(289) Compaction Phase
[96.306s][info][gc,phases      ] GC(289) Compaction Phase 614.788ms
[96.306s][info][gc,phases,start] GC(289) Post Compact
[96.316s][info][gc,phases      ] GC(289) Post Compact 9.557ms
[96.316s][info][gc,heap        ] GC(289) PSYoungGen: 118321K(283136K)->118321K(283136K) Eden: 76288K(76288K)->76288K(76288K) From: 42033K(206848K)->42033K(206848K)
[96.316s][info][gc,heap        ] GC(289) ParOldGen: 6417170K(6417408K)->6417170K(6417408K)
[96.316s][info][gc,metaspace   ] GC(289) Metaspace: 6297K(6464K)->6297K(6464K) NonClass: 5763K(5824K)->5763K(5824K) Class: 533K(640K)->533K(640K)
[96.316s][info][gc             ] GC(289) Pause Full (Ergonomics) 6382M->6382M(6543M) 2198.090ms
[96.316s][info][gc,cpu         ] GC(289) User=15.95s Sys=0.00s Real=2.20s
[96.316s][info][gc,start       ] GC(290) Pause Full (Ergonomics)
[96.316s][info][gc,phases,start] GC(290) Marking Phase
[97.908s][info][gc,phases      ] GC(290) Marking Phase 1591.589ms
[97.908s][info][gc,phases,start] GC(290) Summary Phase
[97.908s][info][gc,phases      ] GC(290) Summary Phase 0.066ms
[97.908s][info][gc,phases,start] GC(290) Adjust Roots
[97.908s][info][gc,phases      ] GC(290) Adjust Roots 0.161ms
[97.908s][info][gc,phases,start] GC(290) Compaction Phase
[98.516s][info][gc,phases      ] GC(290) Compaction Phase 607.964ms
[98.516s][info][gc,phases,start] GC(290) Post Compact
[98.526s][info][gc,phases      ] GC(290) Post Compact 9.785ms
[98.526s][info][gc,heap        ] GC(290) PSYoungGen: 118321K(283136K)->118321K(283136K) Eden: 76288K(76288K)->76288K(76288K) From: 42033K(206848K)->42033K(206848K)
[98.526s][info][gc,heap        ] GC(290) ParOldGen: 6417175K(6417408K)->6417175K(6417408K)
[98.526s][info][gc,metaspace   ] GC(290) Metaspace: 6297K(6464K)->6297K(6464K) NonClass: 5763K(5824K)->5763K(5824K) Class: 533K(640K)->533K(640K)
[98.526s][info][gc             ] GC(290) Pause Full (Ergonomics) 6382M->6382M(6543M) 2209.891ms
[98.526s][info][gc,cpu         ] GC(290) User=16.02s Sys=0.00s Real=2.21s
[98.526s][info][gc,start       ] GC(291) Pause Full (Ergonomics)
[98.526s][info][gc,phases,start] GC(291) Marking Phase
[100.125s][info][gc,phases      ] GC(291) Marking Phase 1598.963ms
[100.125s][info][gc,phases,start] GC(291) Summary Phase
[100.125s][info][gc,phases      ] GC(291) Summary Phase 0.093ms
[100.125s][info][gc,phases,start] GC(291) Adjust Roots
[100.126s][info][gc,phases      ] GC(291) Adjust Roots 0.188ms
[100.126s][info][gc,phases,start] GC(291) Compaction Phase
[100.717s][info][gc,phases      ] GC(291) Compaction Phase 591.614ms
[100.717s][info][gc,phases,start] GC(291) Post Compact
[100.727s][info][gc,phases      ] GC(291) Post Compact 9.709ms
[100.727s][info][gc,heap        ] GC(291) PSYoungGen: 118321K(283136K)->118321K(283136K) Eden: 76288K(76288K)->76288K(76288K) From: 42033K(206848K)->42033K(206848K)
[100.727s][info][gc,heap        ] GC(291) ParOldGen: 6417179K(6417408K)->6417179K(6417408K)
[100.727s][info][gc,metaspace   ] GC(291) Metaspace: 6297K(6464K)->6297K(6464K) NonClass: 5763K(5824K)->5763K(5824K) Class: 533K(640K)->533K(640K)
[100.727s][info][gc             ] GC(291) Pause Full (Ergonomics) 6382M->6382M(6543M) 2200.909ms
[100.727s][info][gc,cpu         ] GC(291) User=16.06s Sys=0.00s Real=2.20s
[100.727s][info][gc,start       ] GC(292) Pause Full (Ergonomics)
[100.727s][info][gc,phases,start] GC(292) Marking Phase
[102.328s][info][gc,phases      ] GC(292) Marking Phase 1600.434ms
[102.328s][info][gc,phases,start] GC(292) Summary Phase
[102.328s][info][gc,phases      ] GC(292) Summary Phase 0.066ms
[102.328s][info][gc,phases,start] GC(292) Adjust Roots
[102.328s][info][gc,phases      ] GC(292) Adjust Roots 0.162ms
[102.328s][info][gc,phases,start] GC(292) Compaction Phase
[102.907s][info][gc,phases      ] GC(292) Compaction Phase 578.703ms
[102.907s][info][gc,phases,start] GC(292) Post Compact
[102.916s][info][gc,phases      ] GC(292) Post Compact 9.578ms
[102.916s][info][gc,heap        ] GC(292) PSYoungGen: 118321K(283136K)->118321K(283136K) Eden: 76288K(76288K)->76288K(76288K) From: 42033K(206848K)->42033K(206848K)
[102.917s][info][gc,heap        ] GC(292) ParOldGen: 6417184K(6417408K)->6417184K(6417408K)
[102.917s][info][gc,metaspace   ] GC(292) Metaspace: 6297K(6464K)->6297K(6464K) NonClass: 5763K(5824K)->5763K(5824K) Class: 533K(640K)->533K(640K)
[102.917s][info][gc             ] GC(292) Pause Full (Ergonomics) 6382M->6382M(6543M) 2189.254ms
[102.917s][info][gc,cpu         ] GC(292) User=16.16s Sys=0.00s Real=2.19s
[102.917s][info][gc,start       ] GC(293) Pause Full (Ergonomics)
[102.917s][info][gc,phases,start] GC(293) Marking Phase
[104.495s][info][gc,phases      ] GC(293) Marking Phase 1577.977ms
[104.495s][info][gc,phases,start] GC(293) Summary Phase
[104.495s][info][gc,phases      ] GC(293) Summary Phase 0.072ms
[104.495s][info][gc,phases,start] GC(293) Adjust Roots
[104.495s][info][gc,phases      ] GC(293) Adjust Roots 0.199ms
[104.495s][info][gc,phases,start] GC(293) Compaction Phase
[105.120s][info][gc,phases      ] GC(293) Compaction Phase 624.769ms
[105.120s][info][gc,phases,start] GC(293) Post Compact
[105.130s][info][gc,phases      ] GC(293) Post Compact 9.678ms
[105.130s][info][gc,heap        ] GC(293) PSYoungGen: 118321K(283136K)->118321K(283136K) Eden: 76288K(76288K)->76288K(76288K) From: 42033K(206848K)->42033K(206848K)
[105.130s][info][gc,heap        ] GC(293) ParOldGen: 6417189K(6417408K)->6417189K(6417408K)
[105.130s][info][gc,metaspace   ] GC(293) Metaspace: 6297K(6464K)->6297K(6464K) NonClass: 5763K(5824K)->5763K(5824K) Class: 533K(640K)->533K(640K)
[105.130s][info][gc             ] GC(293) Pause Full (Ergonomics) 6382M->6382M(6543M) 2213.019ms
[105.130s][info][gc,cpu         ] GC(293) User=15.69s Sys=0.00s Real=2.21s
[105.130s][info][gc,start       ] GC(294) Pause Full (Ergonomics)
[105.130s][info][gc,phases,start] GC(294) Marking Phase
[106.735s][info][gc,phases      ] GC(294) Marking Phase 1604.822ms
[106.735s][info][gc,phases,start] GC(294) Summary Phase
[106.735s][info][gc,phases      ] GC(294) Summary Phase 0.068ms
[106.735s][info][gc,phases,start] GC(294) Adjust Roots
[106.735s][info][gc,phases      ] GC(294) Adjust Roots 0.176ms
[106.735s][info][gc,phases,start] GC(294) Compaction Phase
[107.333s][info][gc,phases      ] GC(294) Compaction Phase 597.362ms
[107.333s][info][gc,phases,start] GC(294) Post Compact
[107.343s][info][gc,phases      ] GC(294) Post Compact 10.657ms
[107.343s][info][gc,heap        ] GC(294) PSYoungGen: 118321K(283136K)->118321K(283136K) Eden: 76288K(76288K)->76288K(76288K) From: 42033K(206848K)->42033K(206848K)
[107.343s][info][gc,heap        ] GC(294) ParOldGen: 6417194K(6417408K)->6417194K(6417408K)
[107.343s][info][gc,metaspace   ] GC(294) Metaspace: 6297K(6464K)->6297K(6464K) NonClass: 5763K(5824K)->5763K(5824K) Class: 533K(640K)->533K(640K)
[107.344s][info][gc             ] GC(294) Pause Full (Ergonomics) 6382M->6382M(6543M) 2213.536ms
[107.344s][info][gc,cpu         ] GC(294) User=16.27s Sys=0.02s Real=2.21s
[107.344s][info][gc,start       ] GC(295) Pause Full (Ergonomics)
[107.344s][info][gc,phases,start] GC(295) Marking Phase
[108.934s][info][gc,phases      ] GC(295) Marking Phase 1590.586ms
[108.934s][info][gc,phases,start] GC(295) Summary Phase
[108.935s][info][gc,phases      ] GC(295) Summary Phase 0.090ms
[108.935s][info][gc,phases,start] GC(295) Adjust Roots
[108.935s][info][gc,phases      ] GC(295) Adjust Roots 0.264ms
[108.935s][info][gc,phases,start] GC(295) Compaction Phase
[109.521s][info][gc,phases      ] GC(295) Compaction Phase 586.188ms
[109.521s][info][gc,phases,start] GC(295) Post Compact
[109.531s][info][gc,phases      ] GC(295) Post Compact 10.028ms
[109.531s][info][gc,heap        ] GC(295) PSYoungGen: 118321K(283136K)->118321K(283136K) Eden: 76288K(76288K)->76288K(76288K) From: 42033K(206848K)->42033K(206848K)
[109.531s][info][gc,heap        ] GC(295) ParOldGen: 6417199K(6417408K)->6417199K(6417408K)
[109.531s][info][gc,metaspace   ] GC(295) Metaspace: 6297K(6464K)->6297K(6464K) NonClass: 5763K(5824K)->5763K(5824K) Class: 533K(640K)->533K(640K)
[109.531s][info][gc             ] GC(295) Pause Full (Ergonomics) 6382M->6382M(6543M) 2187.536ms
[109.531s][info][gc,cpu         ] GC(295) User=15.89s Sys=0.00s Real=2.19s
[109.531s][info][gc,start       ] GC(296) Pause Full (Ergonomics)
[109.531s][info][gc,phases,start] GC(296) Marking Phase
[111.138s][info][gc,phases      ] GC(296) Marking Phase 1606.368ms
[111.138s][info][gc,phases,start] GC(296) Summary Phase
[111.138s][info][gc,phases      ] GC(296) Summary Phase 0.125ms
[111.138s][info][gc,phases,start] GC(296) Adjust Roots
[111.138s][info][gc,phases      ] GC(296) Adjust Roots 0.209ms
[111.138s][info][gc,phases,start] GC(296) Compaction Phase
[111.762s][info][gc,phases      ] GC(296) Compaction Phase 624.034ms
[111.762s][info][gc,phases,start] GC(296) Post Compact
[111.772s][info][gc,phases      ] GC(296) Post Compact 9.822ms
[111.772s][info][gc,heap        ] GC(296) PSYoungGen: 118321K(283136K)->118321K(283136K) Eden: 76288K(76288K)->76288K(76288K) From: 42033K(206848K)->42033K(206848K)
[111.772s][info][gc,heap        ] GC(296) ParOldGen: 6417204K(6417408K)->6417204K(6417408K)
[111.772s][info][gc,metaspace   ] GC(296) Metaspace: 6297K(6464K)->6297K(6464K) NonClass: 5763K(5824K)->5763K(5824K) Class: 533K(640K)->533K(640K)
[111.772s][info][gc             ] GC(296) Pause Full (Ergonomics) 6382M->6382M(6543M) 2240.939ms
[111.772s][info][gc,cpu         ] GC(296) User=16.19s Sys=0.00s Real=2.24s
[111.773s][info][gc,start       ] GC(297) Pause Full (Ergonomics)
[111.773s][info][gc,phases,start] GC(297) Marking Phase
[113.369s][info][gc,phases      ] GC(297) Marking Phase 1596.698ms
[113.369s][info][gc,phases,start] GC(297) Summary Phase
[113.370s][info][gc,phases      ] GC(297) Summary Phase 0.098ms
[113.370s][info][gc,phases,start] GC(297) Adjust Roots
[113.370s][info][gc,phases      ] GC(297) Adjust Roots 0.307ms
[113.370s][info][gc,phases,start] GC(297) Compaction Phase
[113.941s][info][gc,phases      ] GC(297) Compaction Phase 571.453ms
[113.941s][info][gc,phases,start] GC(297) Post Compact
[113.951s][info][gc,phases      ] GC(297) Post Compact 9.808ms
[113.951s][info][gc,heap        ] GC(297) PSYoungGen: 118321K(283136K)->118321K(283136K) Eden: 76288K(76288K)->76288K(76288K) From: 42033K(206848K)->42033K(206848K)
[113.951s][info][gc,heap        ] GC(297) ParOldGen: 6417208K(6417408K)->6417208K(6417408K)
[113.951s][info][gc,metaspace   ] GC(297) Metaspace: 6297K(6464K)->6297K(6464K) NonClass: 5763K(5824K)->5763K(5824K) Class: 533K(640K)->533K(640K)
[113.951s][info][gc             ] GC(297) Pause Full (Ergonomics) 6382M->6382M(6543M) 2178.705ms
[113.951s][info][gc,cpu         ] GC(297) User=16.09s Sys=0.00s Real=2.18s
[113.952s][info][gc,start       ] GC(298) Pause Full (Ergonomics)
[113.952s][info][gc,phases,start] GC(298) Marking Phase
[115.561s][info][gc,phases      ] GC(298) Marking Phase 1609.906ms
[115.562s][info][gc,phases,start] GC(298) Summary Phase
[115.562s][info][gc,phases      ] GC(298) Summary Phase 0.090ms
[115.562s][info][gc,phases,start] GC(298) Adjust Roots
[115.562s][info][gc,phases      ] GC(298) Adjust Roots 0.321ms
[115.562s][info][gc,phases,start] GC(298) Compaction Phase
[116.175s][info][gc,phases      ] GC(298) Compaction Phase 612.762ms
[116.175s][info][gc,phases,start] GC(298) Post Compact
[116.187s][info][gc,phases      ] GC(298) Post Compact 11.708ms
[116.187s][info][gc,heap        ] GC(298) PSYoungGen: 118321K(283136K)->118321K(283136K) Eden: 76288K(76288K)->76288K(76288K) From: 42033K(206848K)->42033K(206848K)
[116.187s][info][gc,heap        ] GC(298) ParOldGen: 6417213K(6417408K)->6417213K(6417408K)
[116.187s][info][gc,metaspace   ] GC(298) Metaspace: 6297K(6464K)->6297K(6464K) NonClass: 5763K(5824K)->5763K(5824K) Class: 533K(640K)->533K(640K)
[116.187s][info][gc             ] GC(298) Pause Full (Ergonomics) 6382M->6382M(6543M) 2235.131ms
[116.187s][info][gc,cpu         ] GC(298) User=16.19s Sys=0.00s Real=2.24s
[116.187s][info][gc,start       ] GC(299) Pause Full (Ergonomics)
[116.187s][info][gc,phases,start] GC(299) Marking Phase
[117.842s][info][gc,phases      ] GC(299) Marking Phase 1655.121ms
[117.842s][info][gc,phases,start] GC(299) Summary Phase
[117.842s][info][gc,phases      ] GC(299) Summary Phase 0.075ms
[117.842s][info][gc,phases,start] GC(299) Adjust Roots
[117.842s][info][gc,phases      ] GC(299) Adjust Roots 0.203ms
[117.842s][info][gc,phases,start] GC(299) Compaction Phase
[118.468s][info][gc,phases      ] GC(299) Compaction Phase 625.976ms
[118.468s][info][gc,phases,start] GC(299) Post Compact
[118.479s][info][gc,phases      ] GC(299) Post Compact 10.265ms
[118.479s][info][gc,heap        ] GC(299) PSYoungGen: 118321K(283136K)->118321K(283136K) Eden: 76288K(76288K)->76288K(76288K) From: 42033K(206848K)->42033K(206848K)
[118.479s][info][gc,heap        ] GC(299) ParOldGen: 6417218K(6417408K)->6417218K(6417408K)
[118.479s][info][gc,metaspace   ] GC(299) Metaspace: 6297K(6464K)->6297K(6464K) NonClass: 5763K(5824K)->5763K(5824K) Class: 533K(640K)->533K(640K)
[118.479s][info][gc             ] GC(299) Pause Full (Ergonomics) 6382M->6382M(6543M) 2291.989ms
[118.479s][info][gc,cpu         ] GC(299) User=15.86s Sys=0.00s Real=2.29s
[118.479s][info][gc,start       ] GC(300) Pause Full (Ergonomics)
[118.479s][info][gc,phases,start] GC(300) Marking Phase
[120.065s][info][gc,phases      ] GC(300) Marking Phase 1585.744ms
[120.065s][info][gc,phases,start] GC(300) Summary Phase
[120.065s][info][gc,phases      ] GC(300) Summary Phase 0.094ms
[120.065s][info][gc,phases,start] GC(300) Adjust Roots
[120.065s][info][gc,phases      ] GC(300) Adjust Roots 0.239ms
[120.065s][info][gc,phases,start] GC(300) Compaction Phase
[120.670s][info][gc,phases      ] GC(300) Compaction Phase 604.296ms
[120.670s][info][gc,phases,start] GC(300) Post Compact
[120.680s][info][gc,phases      ] GC(300) Post Compact 10.234ms
[120.680s][info][gc,heap        ] GC(300) PSYoungGen: 118321K(283136K)->118321K(283136K) Eden: 76288K(76288K)->76288K(76288K) From: 42033K(206848K)->42033K(206848K)
[120.680s][info][gc,heap        ] GC(300) ParOldGen: 6417223K(6417408K)->6417223K(6417408K)
[120.680s][info][gc,metaspace   ] GC(300) Metaspace: 6297K(6464K)->6297K(6464K) NonClass: 5763K(5824K)->5763K(5824K) Class: 533K(640K)->533K(640K)
[120.680s][info][gc             ] GC(300) Pause Full (Ergonomics) 6382M->6382M(6543M) 2201.060ms
[120.680s][info][gc,cpu         ] GC(300) User=15.62s Sys=0.00s Real=2.20s
[120.680s][info][gc,start       ] GC(301) Pause Full (Ergonomics)
[120.680s][info][gc,phases,start] GC(301) Marking Phase
[122.237s][info][gc,phases      ] GC(301) Marking Phase 1556.644ms
[122.237s][info][gc,phases,start] GC(301) Summary Phase
[122.237s][info][gc,phases      ] GC(301) Summary Phase 0.090ms
[122.237s][info][gc,phases,start] GC(301) Adjust Roots
[122.237s][info][gc,phases      ] GC(301) Adjust Roots 0.232ms
[122.237s][info][gc,phases,start] GC(301) Compaction Phase
[122.819s][info][gc,phases      ] GC(301) Compaction Phase 581.601ms
[122.819s][info][gc,phases,start] GC(301) Post Compact
[122.831s][info][gc,phases      ] GC(301) Post Compact 12.100ms
[122.831s][info][gc,heap        ] GC(301) PSYoungGen: 118321K(283136K)->118321K(283136K) Eden: 76288K(76288K)->76288K(76288K) From: 42033K(206848K)->42033K(206848K)
[122.831s][info][gc,heap        ] GC(301) ParOldGen: 6417228K(6417408K)->6417228K(6417408K)
[122.831s][info][gc,metaspace   ] GC(301) Metaspace: 6297K(6464K)->6297K(6464K) NonClass: 5763K(5824K)->5763K(5824K) Class: 533K(640K)->533K(640K)
[122.831s][info][gc             ] GC(301) Pause Full (Ergonomics) 6382M->6382M(6543M) 2151.037ms
[122.831s][info][gc,cpu         ] GC(301) User=15.62s Sys=0.02s Real=2.15s
[122.832s][info][gc,start       ] GC(302) Pause Full (Ergonomics)
[122.832s][info][gc,phases,start] GC(302) Marking Phase
[124.399s][info][gc,phases      ] GC(302) Marking Phase 1567.189ms
[124.399s][info][gc,phases,start] GC(302) Summary Phase
[124.399s][info][gc,phases      ] GC(302) Summary Phase 0.085ms
[124.399s][info][gc,phases,start] GC(302) Adjust Roots
[124.399s][info][gc,phases      ] GC(302) Adjust Roots 0.205ms
[124.399s][info][gc,phases,start] GC(302) Compaction Phase
[125.064s][info][gc,phases      ] GC(302) Compaction Phase 664.969ms
[125.064s][info][gc,phases,start] GC(302) Post Compact
[125.074s][info][gc,phases      ] GC(302) Post Compact 9.654ms
[125.074s][info][gc,heap        ] GC(302) PSYoungGen: 118321K(283136K)->118321K(283136K) Eden: 76288K(76288K)->76288K(76288K) From: 42033K(206848K)->42033K(206848K)
[125.074s][info][gc,heap        ] GC(302) ParOldGen: 6417233K(6417408K)->6417233K(6417408K)
[125.074s][info][gc,metaspace   ] GC(302) Metaspace: 6297K(6464K)->6297K(6464K) NonClass: 5763K(5824K)->5763K(5824K) Class: 533K(640K)->533K(640K)
[125.074s][info][gc             ] GC(302) Pause Full (Ergonomics) 6382M->6382M(6543M) 2242.409ms
[125.074s][info][gc,cpu         ] GC(302) User=15.91s Sys=0.00s Real=2.24s
[125.074s][info][gc,start       ] GC(303) Pause Full (Ergonomics)
[125.074s][info][gc,phases,start] GC(303) Marking Phase
[126.636s][info][gc,phases      ] GC(303) Marking Phase 1561.496ms
[126.636s][info][gc,phases,start] GC(303) Summary Phase
[126.636s][info][gc,phases      ] GC(303) Summary Phase 0.111ms
[126.636s][info][gc,phases,start] GC(303) Adjust Roots
[126.636s][info][gc,phases      ] GC(303) Adjust Roots 0.260ms
[126.636s][info][gc,phases,start] GC(303) Compaction Phase
[127.226s][info][gc,phases      ] GC(303) Compaction Phase 589.503ms
[127.226s][info][gc,phases,start] GC(303) Post Compact
[127.237s][info][gc,phases      ] GC(303) Post Compact 11.664ms
[127.238s][info][gc,heap        ] GC(303) PSYoungGen: 118321K(283136K)->118321K(283136K) Eden: 76288K(76288K)->76288K(76288K) From: 42033K(206848K)->42033K(206848K)
[127.238s][info][gc,heap        ] GC(303) ParOldGen: 6417237K(6417408K)->6417237K(6417408K)
[127.238s][info][gc,metaspace   ] GC(303) Metaspace: 6297K(6464K)->6297K(6464K) NonClass: 5763K(5824K)->5763K(5824K) Class: 533K(640K)->533K(640K)
[127.238s][info][gc             ] GC(303) Pause Full (Ergonomics) 6382M->6382M(6543M) 2163.408ms
[127.238s][info][gc,cpu         ] GC(303) User=15.67s Sys=0.02s Real=2.16s
[127.238s][info][gc,start       ] GC(304) Pause Full (Ergonomics)
[127.238s][info][gc,phases,start] GC(304) Marking Phase
[128.849s][info][gc,phases      ] GC(304) Marking Phase 1610.949ms
[128.849s][info][gc,phases,start] GC(304) Summary Phase
[128.849s][info][gc,phases      ] GC(304) Summary Phase 0.081ms
[128.849s][info][gc,phases,start] GC(304) Adjust Roots
[128.849s][info][gc,phases      ] GC(304) Adjust Roots 0.275ms
[128.849s][info][gc,phases,start] GC(304) Compaction Phase
[129.475s][info][gc,phases      ] GC(304) Compaction Phase 625.962ms
[129.475s][info][gc,phases,start] GC(304) Post Compact
[129.485s][info][gc,phases      ] GC(304) Post Compact 9.757ms
[129.485s][info][gc,heap        ] GC(304) PSYoungGen: 118321K(283136K)->118321K(283136K) Eden: 76288K(76288K)->76288K(76288K) From: 42033K(206848K)->42033K(206848K)
[129.485s][info][gc,heap        ] GC(304) ParOldGen: 6417242K(6417408K)->6417242K(6417408K)
[129.485s][info][gc,metaspace   ] GC(304) Metaspace: 6297K(6464K)->6297K(6464K) NonClass: 5763K(5824K)->5763K(5824K) Class: 533K(640K)->533K(640K)
[129.485s][info][gc             ] GC(304) Pause Full (Ergonomics) 6382M->6382M(6543M) 2247.382ms
[129.485s][info][gc,cpu         ] GC(304) User=16.11s Sys=0.03s Real=2.25s
[129.485s][info][gc,start       ] GC(305) Pause Full (Ergonomics)
[129.485s][info][gc,phases,start] GC(305) Marking Phase
[131.075s][info][gc,phases      ] GC(305) Marking Phase 1589.114ms
[131.075s][info][gc,phases,start] GC(305) Summary Phase
[131.075s][info][gc,phases      ] GC(305) Summary Phase 0.070ms
[131.075s][info][gc,phases,start] GC(305) Adjust Roots
[131.075s][info][gc,phases      ] GC(305) Adjust Roots 0.201ms
[131.075s][info][gc,phases,start] GC(305) Compaction Phase
[131.682s][info][gc,phases      ] GC(305) Compaction Phase 607.421ms
[131.682s][info][gc,phases,start] GC(305) Post Compact
[131.692s][info][gc,phases      ] GC(305) Post Compact 9.782ms
[131.692s][info][gc,heap        ] GC(305) PSYoungGen: 118321K(283136K)->118321K(283136K) Eden: 76288K(76288K)->76288K(76288K) From: 42033K(206848K)->42033K(206848K)
[131.692s][info][gc,heap        ] GC(305) ParOldGen: 6417247K(6417408K)->6417247K(6417408K)
[131.692s][info][gc,metaspace   ] GC(305) Metaspace: 6297K(6464K)->6297K(6464K) NonClass: 5763K(5824K)->5763K(5824K) Class: 533K(640K)->533K(640K)
[131.692s][info][gc             ] GC(305) Pause Full (Ergonomics) 6382M->6382M(6543M) 2206.950ms
[131.692s][info][gc,cpu         ] GC(305) User=15.80s Sys=0.00s Real=2.21s
[131.693s][info][gc,start       ] GC(306) Pause Full (Ergonomics)
[131.693s][info][gc,phases,start] GC(306) Marking Phase
[133.255s][info][gc,phases      ] GC(306) Marking Phase 1562.277ms
[133.255s][info][gc,phases,start] GC(306) Summary Phase
[133.255s][info][gc,phases      ] GC(306) Summary Phase 0.067ms
[133.255s][info][gc,phases,start] GC(306) Adjust Roots
[133.255s][info][gc,phases      ] GC(306) Adjust Roots 0.192ms
[133.255s][info][gc,phases,start] GC(306) Compaction Phase
[133.839s][info][gc,phases      ] GC(306) Compaction Phase 583.591ms
[133.839s][info][gc,phases,start] GC(306) Post Compact
[133.849s][info][gc,phases      ] GC(306) Post Compact 9.957ms
[133.849s][info][gc,heap        ] GC(306) PSYoungGen: 118321K(283136K)->118321K(283136K) Eden: 76288K(76288K)->76288K(76288K) From: 42033K(206848K)->42033K(206848K)
[133.849s][info][gc,heap        ] GC(306) ParOldGen: 6417252K(6417408K)->6417252K(6417408K)
[133.849s][info][gc,metaspace   ] GC(306) Metaspace: 6297K(6464K)->6297K(6464K) NonClass: 5763K(5824K)->5763K(5824K) Class: 533K(640K)->533K(640K)
[133.849s][info][gc             ] GC(306) Pause Full (Ergonomics) 6382M->6382M(6543M) 2156.423ms
[133.849s][info][gc,cpu         ] GC(306) User=15.80s Sys=0.00s Real=2.16s
[133.849s][info][gc,start       ] GC(307) Pause Full (Ergonomics)
[133.849s][info][gc,phases,start] GC(307) Marking Phase
[135.354s][info][gc,phases      ] GC(307) Marking Phase 1505.222ms
[135.355s][info][gc,phases,start] GC(307) Summary Phase
[135.355s][info][gc,phases      ] GC(307) Summary Phase 0.070ms
[135.355s][info][gc,phases,start] GC(307) Adjust Roots
[135.355s][info][gc,phases      ] GC(307) Adjust Roots 0.227ms
[135.355s][info][gc,phases,start] GC(307) Compaction Phase
[135.968s][info][gc,phases      ] GC(307) Compaction Phase 613.092ms
[135.968s][info][gc,phases,start] GC(307) Post Compact
[135.978s][info][gc,phases      ] GC(307) Post Compact 9.768ms
[135.978s][info][gc,heap        ] GC(307) PSYoungGen: 118321K(283136K)->118321K(283136K) Eden: 76288K(76288K)->76288K(76288K) From: 42033K(206848K)->42033K(206848K)
[135.978s][info][gc,heap        ] GC(307) ParOldGen: 6417257K(6417408K)->6417257K(6417408K)
[135.978s][info][gc,metaspace   ] GC(307) Metaspace: 6297K(6464K)->6297K(6464K) NonClass: 5763K(5824K)->5763K(5824K) Class: 533K(640K)->533K(640K)
[135.978s][info][gc             ] GC(307) Pause Full (Ergonomics) 6382M->6382M(6543M) 2128.712ms
[135.978s][info][gc,cpu         ] GC(307) User=15.17s Sys=0.00s Real=2.13s
[135.978s][info][gc,start       ] GC(308) Pause Full (Ergonomics)
[135.978s][info][gc,phases,start] GC(308) Marking Phase
[137.536s][info][gc,phases      ] GC(308) Marking Phase 1557.568ms
[137.536s][info][gc,phases,start] GC(308) Summary Phase
[137.536s][info][gc,phases      ] GC(308) Summary Phase 0.071ms
[137.536s][info][gc,phases,start] GC(308) Adjust Roots
[137.536s][info][gc,phases      ] GC(308) Adjust Roots 0.230ms
[137.536s][info][gc,phases,start] GC(308) Compaction Phase
[138.096s][info][gc,phases      ] GC(308) Compaction Phase 559.469ms
[138.096s][info][gc,phases,start] GC(308) Post Compact
[138.105s][info][gc,phases      ] GC(308) Post Compact 9.805ms
[138.106s][info][gc,heap        ] GC(308) PSYoungGen: 118321K(283136K)->118321K(283136K) Eden: 76288K(76288K)->76288K(76288K) From: 42033K(206848K)->42033K(206848K)
[138.106s][info][gc,heap        ] GC(308) ParOldGen: 6417262K(6417408K)->6417262K(6417408K)
[138.106s][info][gc,metaspace   ] GC(308) Metaspace: 6297K(6464K)->6297K(6464K) NonClass: 5763K(5824K)->5763K(5824K) Class: 533K(640K)->533K(640K)
[138.106s][info][gc             ] GC(308) Pause Full (Ergonomics) 6382M->6382M(6543M) 2127.480ms
[138.106s][info][gc,cpu         ] GC(308) User=15.78s Sys=0.00s Real=2.13s
[138.106s][info][gc,start       ] GC(309) Pause Full (Ergonomics)
[138.106s][info][gc,phases,start] GC(309) Marking Phase
[139.656s][info][gc,phases      ] GC(309) Marking Phase 1549.914ms
[139.656s][info][gc,phases,start] GC(309) Summary Phase
[139.656s][info][gc,phases      ] GC(309) Summary Phase 0.066ms
[139.656s][info][gc,phases,start] GC(309) Adjust Roots
[139.656s][info][gc,phases      ] GC(309) Adjust Roots 0.164ms
[139.656s][info][gc,phases,start] GC(309) Compaction Phase
[140.217s][info][gc,phases      ] GC(309) Compaction Phase 560.972ms
[140.217s][info][gc,phases,start] GC(309) Post Compact
[140.227s][info][gc,phases      ] GC(309) Post Compact 9.786ms
[140.227s][info][gc,heap        ] GC(309) PSYoungGen: 118321K(283136K)->118321K(283136K) Eden: 76288K(76288K)->76288K(76288K) From: 42033K(206848K)->42033K(206848K)
[140.227s][info][gc,heap        ] GC(309) ParOldGen: 6417266K(6417408K)->6417266K(6417408K)
[140.227s][info][gc,metaspace   ] GC(309) Metaspace: 6297K(6464K)->6297K(6464K) NonClass: 5763K(5824K)->5763K(5824K) Class: 533K(640K)->533K(640K)
[140.227s][info][gc             ] GC(309) Pause Full (Ergonomics) 6382M->6382M(6543M) 2121.234ms
[140.227s][info][gc,cpu         ] GC(309) User=15.41s Sys=0.03s Real=2.12s
[140.227s][info][gc,start       ] GC(310) Pause Full (Ergonomics)
[140.227s][info][gc,phases,start] GC(310) Marking Phase
[141.773s][info][gc,phases      ] GC(310) Marking Phase 1545.832ms
[141.773s][info][gc,phases,start] GC(310) Summary Phase
[141.773s][info][gc,phases      ] GC(310) Summary Phase 0.066ms
[141.773s][info][gc,phases,start] GC(310) Adjust Roots
[141.773s][info][gc,phases      ] GC(310) Adjust Roots 0.171ms
[141.773s][info][gc,phases,start] GC(310) Compaction Phase
[142.356s][info][gc,phases      ] GC(310) Compaction Phase 582.608ms
[142.356s][info][gc,phases,start] GC(310) Post Compact
[142.366s][info][gc,phases      ] GC(310) Post Compact 9.699ms
[142.366s][info][gc,heap        ] GC(310) PSYoungGen: 118321K(283136K)->118321K(283136K) Eden: 76288K(76288K)->76288K(76288K) From: 42033K(206848K)->42033K(206848K)
[142.366s][info][gc,heap        ] GC(310) ParOldGen: 6417271K(6417408K)->6417271K(6417408K)
[142.366s][info][gc,metaspace   ] GC(310) Metaspace: 6297K(6464K)->6297K(6464K) NonClass: 5763K(5824K)->5763K(5824K) Class: 533K(640K)->533K(640K)
[142.366s][info][gc             ] GC(310) Pause Full (Ergonomics) 6382M->6382M(6543M) 2138.730ms
[142.366s][info][gc,cpu         ] GC(310) User=15.61s Sys=0.00s Real=2.14s
[142.366s][info][gc,start       ] GC(311) Pause Full (Ergonomics)
[142.366s][info][gc,phases,start] GC(311) Marking Phase
[143.872s][info][gc,phases      ] GC(311) Marking Phase 1506.007ms
[143.872s][info][gc,phases,start] GC(311) Summary Phase
[143.872s][info][gc,phases      ] GC(311) Summary Phase 0.083ms
[143.872s][info][gc,phases,start] GC(311) Adjust Roots
[143.873s][info][gc,phases      ] GC(311) Adjust Roots 0.210ms
[143.873s][info][gc,phases,start] GC(311) Compaction Phase
[144.498s][info][gc,phases      ] GC(311) Compaction Phase 625.218ms
[144.498s][info][gc,phases,start] GC(311) Post Compact
[144.508s][info][gc,phases      ] GC(311) Post Compact 9.859ms
[144.508s][info][gc,heap        ] GC(311) PSYoungGen: 118321K(283136K)->118321K(283136K) Eden: 76288K(76288K)->76288K(76288K) From: 42033K(206848K)->42033K(206848K)
[144.508s][info][gc,heap        ] GC(311) ParOldGen: 6417276K(6417408K)->6417276K(6417408K)
[144.508s][info][gc,metaspace   ] GC(311) Metaspace: 6297K(6464K)->6297K(6464K) NonClass: 5763K(5824K)->5763K(5824K) Class: 533K(640K)->533K(640K)
[144.508s][info][gc             ] GC(311) Pause Full (Ergonomics) 6382M->6382M(6543M) 2141.677ms
[144.508s][info][gc,cpu         ] GC(311) User=15.02s Sys=0.00s Real=2.14s
[144.508s][info][gc,start       ] GC(312) Pause Full (Ergonomics)
[144.508s][info][gc,phases,start] GC(312) Marking Phase
[146.060s][info][gc,phases      ] GC(312) Marking Phase 1551.982ms
[146.060s][info][gc,phases,start] GC(312) Summary Phase
[146.060s][info][gc,phases      ] GC(312) Summary Phase 0.073ms
[146.060s][info][gc,phases,start] GC(312) Adjust Roots
[146.060s][info][gc,phases      ] GC(312) Adjust Roots 0.258ms
[146.061s][info][gc,phases,start] GC(312) Compaction Phase
[146.620s][info][gc,phases      ] GC(312) Compaction Phase 559.547ms
[146.620s][info][gc,phases,start] GC(312) Post Compact
[146.630s][info][gc,phases      ] GC(312) Post Compact 9.742ms
[146.630s][info][gc,heap        ] GC(312) PSYoungGen: 118321K(283136K)->118321K(283136K) Eden: 76288K(76288K)->76288K(76288K) From: 42033K(206848K)->42033K(206848K)
[146.630s][info][gc,heap        ] GC(312) ParOldGen: 6417281K(6417408K)->6417281K(6417408K)
[146.630s][info][gc,metaspace   ] GC(312) Metaspace: 6297K(6464K)->6297K(6464K) NonClass: 5763K(5824K)->5763K(5824K) Class: 533K(640K)->533K(640K)
[146.630s][info][gc             ] GC(312) Pause Full (Ergonomics) 6382M->6382M(6543M) 2121.943ms
[146.630s][info][gc,cpu         ] GC(312) User=15.39s Sys=0.03s Real=2.12s
[146.630s][info][gc,start       ] GC(313) Pause Full (Ergonomics)
[146.630s][info][gc,phases,start] GC(313) Marking Phase
[148.145s][info][gc,phases      ] GC(313) Marking Phase 1514.326ms
[148.145s][info][gc,phases,start] GC(313) Summary Phase
[148.145s][info][gc,phases      ] GC(313) Summary Phase 0.068ms
[148.145s][info][gc,phases,start] GC(313) Adjust Roots
[148.145s][info][gc,phases      ] GC(313) Adjust Roots 0.228ms
[148.145s][info][gc,phases,start] GC(313) Compaction Phase
[148.698s][info][gc,phases      ] GC(313) Compaction Phase 552.690ms
[148.698s][info][gc,phases,start] GC(313) Post Compact
[148.708s][info][gc,phases      ] GC(313) Post Compact 10.027ms
[148.708s][info][gc,heap        ] GC(313) PSYoungGen: 118321K(283136K)->118321K(283136K) Eden: 76288K(76288K)->76288K(76288K) From: 42033K(206848K)->42033K(206848K)
[148.708s][info][gc,heap        ] GC(313) ParOldGen: 6417286K(6417408K)->6417286K(6417408K)
[148.708s][info][gc,metaspace   ] GC(313) Metaspace: 6297K(6464K)->6297K(6464K) NonClass: 5763K(5824K)->5763K(5824K) Class: 533K(640K)->533K(640K)
[148.708s][info][gc             ] GC(313) Pause Full (Ergonomics) 6382M->6382M(6543M) 2077.677ms
[148.708s][info][gc,cpu         ] GC(313) User=15.09s Sys=0.00s Real=2.08s
[148.708s][info][gc,start       ] GC(314) Pause Full (Ergonomics)
[148.708s][info][gc,phases,start] GC(314) Marking Phase
[150.209s][info][gc,phases      ] GC(314) Marking Phase 1500.416ms
[150.209s][info][gc,phases,start] GC(314) Summary Phase
[150.209s][info][gc,phases      ] GC(314) Summary Phase 0.094ms
[150.209s][info][gc,phases,start] GC(314) Adjust Roots
[150.209s][info][gc,phases      ] GC(314) Adjust Roots 0.265ms
[150.209s][info][gc,phases,start] GC(314) Compaction Phase
[150.771s][info][gc,phases      ] GC(314) Compaction Phase 562.192ms
[150.771s][info][gc,phases,start] GC(314) Post Compact
[150.781s][info][gc,phases      ] GC(314) Post Compact 9.673ms
[150.781s][info][gc,heap        ] GC(314) PSYoungGen: 118321K(283136K)->118321K(283136K) Eden: 76288K(76288K)->76288K(76288K) From: 42033K(206848K)->42033K(206848K)
[150.781s][info][gc,heap        ] GC(314) ParOldGen: 6417291K(6417408K)->6417291K(6417408K)
[150.781s][info][gc,metaspace   ] GC(314) Metaspace: 6297K(6464K)->6297K(6464K) NonClass: 5763K(5824K)->5763K(5824K) Class: 533K(640K)->533K(640K)
[150.781s][info][gc             ] GC(314) Pause Full (Ergonomics) 6382M->6382M(6543M) 2072.991ms
[150.781s][info][gc,cpu         ] GC(314) User=15.11s Sys=0.00s Real=2.07s
[150.781s][info][gc,start       ] GC(315) Pause Full (Ergonomics)
[150.781s][info][gc,phases,start] GC(315) Marking Phase
[152.292s][info][gc,phases      ] GC(315) Marking Phase 1511.065ms
[152.292s][info][gc,phases,start] GC(315) Summary Phase
[152.293s][info][gc,phases      ] GC(315) Summary Phase 0.084ms
[152.293s][info][gc,phases,start] GC(315) Adjust Roots
[152.293s][info][gc,phases      ] GC(315) Adjust Roots 0.186ms
[152.293s][info][gc,phases,start] GC(315) Compaction Phase
[152.853s][info][gc,phases      ] GC(315) Compaction Phase 559.884ms
[152.853s][info][gc,phases,start] GC(315) Post Compact
[152.863s][info][gc,phases      ] GC(315) Post Compact 10.498ms
[152.863s][info][gc,heap        ] GC(315) PSYoungGen: 118321K(283136K)->118321K(283136K) Eden: 76288K(76288K)->76288K(76288K) From: 42033K(206848K)->42033K(206848K)
[152.863s][info][gc,heap        ] GC(315) ParOldGen: 6417295K(6417408K)->6417295K(6417408K)
[152.863s][info][gc,metaspace   ] GC(315) Metaspace: 6297K(6464K)->6297K(6464K) NonClass: 5763K(5824K)->5763K(5824K) Class: 533K(640K)->533K(640K)
[152.863s][info][gc             ] GC(315) Pause Full (Ergonomics) 6382M->6382M(6543M) 2082.059ms
[152.863s][info][gc,cpu         ] GC(315) User=15.08s Sys=0.00s Real=2.08s
[152.864s][info][gc,start       ] GC(316) Pause Full (Ergonomics)
[152.864s][info][gc,phases,start] GC(316) Marking Phase
[154.349s][info][gc,phases      ] GC(316) Marking Phase 1485.036ms
[154.349s][info][gc,phases,start] GC(316) Summary Phase
[154.349s][info][gc,phases      ] GC(316) Summary Phase 0.066ms
[154.349s][info][gc,phases,start] GC(316) Adjust Roots
[154.349s][info][gc,phases      ] GC(316) Adjust Roots 0.172ms
[154.349s][info][gc,phases,start] GC(316) Compaction Phase
[154.902s][info][gc,phases      ] GC(316) Compaction Phase 553.490ms
[154.903s][info][gc,phases,start] GC(316) Post Compact
[154.912s][info][gc,phases      ] GC(316) Post Compact 9.828ms
[154.912s][info][gc,heap        ] GC(316) PSYoungGen: 118321K(283136K)->118321K(283136K) Eden: 76288K(76288K)->76288K(76288K) From: 42033K(206848K)->42033K(206848K)
[154.912s][info][gc,heap        ] GC(316) ParOldGen: 6417300K(6417408K)->6417300K(6417408K)
[154.912s][info][gc,metaspace   ] GC(316) Metaspace: 6297K(6464K)->6297K(6464K) NonClass: 5763K(5824K)->5763K(5824K) Class: 533K(640K)->533K(640K)
[154.912s][info][gc             ] GC(316) Pause Full (Ergonomics) 6382M->6382M(6543M) 2048.918ms
[154.913s][info][gc,cpu         ] GC(316) User=15.08s Sys=0.00s Real=2.05s
[154.913s][info][gc,start       ] GC(317) Pause Full (Ergonomics)
[154.913s][info][gc,phases,start] GC(317) Marking Phase
[156.421s][info][gc,phases      ] GC(317) Marking Phase 1507.993ms
[156.421s][info][gc,phases,start] GC(317) Summary Phase
[156.421s][info][gc,phases      ] GC(317) Summary Phase 0.065ms
[156.421s][info][gc,phases,start] GC(317) Adjust Roots
[156.421s][info][gc,phases      ] GC(317) Adjust Roots 0.163ms
[156.421s][info][gc,phases,start] GC(317) Compaction Phase
[156.968s][info][gc,phases      ] GC(317) Compaction Phase 547.312ms
[156.968s][info][gc,phases,start] GC(317) Post Compact
[156.978s][info][gc,phases      ] GC(317) Post Compact 9.679ms
[156.978s][info][gc,heap        ] GC(317) PSYoungGen: 118321K(283136K)->118321K(283136K) Eden: 76288K(76288K)->76288K(76288K) From: 42033K(206848K)->42033K(206848K)
[156.978s][info][gc,heap        ] GC(317) ParOldGen: 6417305K(6417408K)->6417305K(6417408K)
[156.978s][info][gc,metaspace   ] GC(317) Metaspace: 6297K(6464K)->6297K(6464K) NonClass: 5763K(5824K)->5763K(5824K) Class: 533K(640K)->533K(640K)
[156.978s][info][gc             ] GC(317) Pause Full (Ergonomics) 6382M->6382M(6543M) 2065.537ms
[156.978s][info][gc,cpu         ] GC(317) User=15.11s Sys=0.00s Real=2.07s
[156.978s][info][gc,start       ] GC(318) Pause Full (Ergonomics)
[156.978s][info][gc,phases,start] GC(318) Marking Phase
[158.483s][info][gc,phases      ] GC(318) Marking Phase 1504.091ms
[158.483s][info][gc,phases,start] GC(318) Summary Phase
[158.483s][info][gc,phases      ] GC(318) Summary Phase 0.065ms
[158.483s][info][gc,phases,start] GC(318) Adjust Roots
[158.483s][info][gc,phases      ] GC(318) Adjust Roots 0.165ms
[158.483s][info][gc,phases,start] GC(318) Compaction Phase
[159.018s][info][gc,phases      ] GC(318) Compaction Phase 535.040ms
[159.018s][info][gc,phases,start] GC(318) Post Compact
[159.028s][info][gc,phases      ] GC(318) Post Compact 9.541ms
[159.028s][info][gc,heap        ] GC(318) PSYoungGen: 118321K(283136K)->118321K(283136K) Eden: 76288K(76288K)->76288K(76288K) From: 42033K(206848K)->42033K(206848K)
[159.028s][info][gc,heap        ] GC(318) ParOldGen: 6417310K(6417408K)->6417310K(6417408K)
[159.028s][info][gc,metaspace   ] GC(318) Metaspace: 6297K(6464K)->6297K(6464K) NonClass: 5763K(5824K)->5763K(5824K) Class: 533K(640K)->533K(640K)
[159.028s][info][gc             ] GC(318) Pause Full (Ergonomics) 6382M->6382M(6543M) 2049.340ms
[159.028s][info][gc,cpu         ] GC(318) User=15.02s Sys=0.00s Real=2.05s
[159.028s][info][gc,start       ] GC(319) Pause Full (Ergonomics)
[159.028s][info][gc,phases,start] GC(319) Marking Phase
[160.536s][info][gc,phases      ] GC(319) Marking Phase 1507.681ms
[160.536s][info][gc,phases,start] GC(319) Summary Phase
[160.536s][info][gc,phases      ] GC(319) Summary Phase 0.066ms
[160.536s][info][gc,phases,start] GC(319) Adjust Roots
[160.536s][info][gc,phases      ] GC(319) Adjust Roots 0.162ms
[160.536s][info][gc,phases,start] GC(319) Compaction Phase
[161.078s][info][gc,phases      ] GC(319) Compaction Phase 541.753ms
[161.078s][info][gc,phases,start] GC(319) Post Compact
[161.087s][info][gc,phases      ] GC(319) Post Compact 9.612ms
[161.087s][info][gc,heap        ] GC(319) PSYoungGen: 118321K(283136K)->118321K(283136K) Eden: 76288K(76288K)->76288K(76288K) From: 42033K(206848K)->42033K(206848K)
[161.087s][info][gc,heap        ] GC(319) ParOldGen: 6417315K(6417408K)->6417315K(6417408K)
[161.088s][info][gc,metaspace   ] GC(319) Metaspace: 6297K(6464K)->6297K(6464K) NonClass: 5763K(5824K)->5763K(5824K) Class: 533K(640K)->533K(640K)
[161.088s][info][gc             ] GC(319) Pause Full (Ergonomics) 6382M->6382M(6543M) 2059.576ms
[161.088s][info][gc,cpu         ] GC(319) User=15.12s Sys=0.00s Real=2.06s
[161.088s][info][gc,start       ] GC(320) Pause Full (Ergonomics)
[161.088s][info][gc,phases,start] GC(320) Marking Phase
[162.587s][info][gc,phases      ] GC(320) Marking Phase 1499.201ms
[162.587s][info][gc,phases,start] GC(320) Summary Phase
[162.587s][info][gc,phases      ] GC(320) Summary Phase 0.065ms
[162.587s][info][gc,phases,start] GC(320) Adjust Roots
[162.587s][info][gc,phases      ] GC(320) Adjust Roots 0.162ms
[162.587s][info][gc,phases,start] GC(320) Compaction Phase
[163.138s][info][gc,phases      ] GC(320) Compaction Phase 550.294ms
[163.138s][info][gc,phases,start] GC(320) Post Compact
[163.147s][info][gc,phases      ] GC(320) Post Compact 9.740ms
[163.147s][info][gc,heap        ] GC(320) PSYoungGen: 118321K(283136K)->118321K(283136K) Eden: 76288K(76288K)->76288K(76288K) From: 42033K(206848K)->42033K(206848K)
[163.147s][info][gc,heap        ] GC(320) ParOldGen: 6417320K(6417408K)->6417320K(6417408K)
[163.147s][info][gc,metaspace   ] GC(320) Metaspace: 6297K(6464K)->6297K(6464K) NonClass: 5763K(5824K)->5763K(5824K) Class: 533K(640K)->533K(640K)
[163.148s][info][gc             ] GC(320) Pause Full (Ergonomics) 6382M->6382M(6543M) 2059.796ms
[163.148s][info][gc,cpu         ] GC(320) User=15.08s Sys=0.03s Real=2.06s
[163.148s][info][gc,start       ] GC(321) Pause Full (Ergonomics)
[163.148s][info][gc,phases,start] GC(321) Marking Phase
[164.648s][info][gc,phases      ] GC(321) Marking Phase 1500.184ms
[164.648s][info][gc,phases,start] GC(321) Summary Phase
[164.648s][info][gc,phases      ] GC(321) Summary Phase 0.068ms
[164.648s][info][gc,phases,start] GC(321) Adjust Roots
[164.648s][info][gc,phases      ] GC(321) Adjust Roots 0.169ms
[164.648s][info][gc,phases,start] GC(321) Compaction Phase
[165.208s][info][gc,phases      ] GC(321) Compaction Phase 559.979ms
[165.208s][info][gc,phases,start] GC(321) Post Compact
[165.218s][info][gc,phases      ] GC(321) Post Compact 9.843ms
[165.218s][info][gc,heap        ] GC(321) PSYoungGen: 118321K(283136K)->118321K(283136K) Eden: 76288K(76288K)->76288K(76288K) From: 42033K(206848K)->42033K(206848K)
[165.218s][info][gc,heap        ] GC(321) ParOldGen: 6417324K(6417408K)->6417324K(6417408K)
[165.218s][info][gc,metaspace   ] GC(321) Metaspace: 6297K(6464K)->6297K(6464K) NonClass: 5763K(5824K)->5763K(5824K) Class: 533K(640K)->533K(640K)
[165.218s][info][gc             ] GC(321) Pause Full (Ergonomics) 6382M->6382M(6543M) 2070.593ms
[165.218s][info][gc,cpu         ] GC(321) User=15.14s Sys=0.00s Real=2.07s
[165.219s][info][gc,start       ] GC(322) Pause Full (Ergonomics)
[165.219s][info][gc,phases,start] GC(322) Marking Phase
[166.750s][info][gc,phases      ] GC(322) Marking Phase 1531.508ms
[166.750s][info][gc,phases,start] GC(322) Summary Phase
[166.750s][info][gc,phases      ] GC(322) Summary Phase 0.065ms
[166.750s][info][gc,phases,start] GC(322) Adjust Roots
[166.750s][info][gc,phases      ] GC(322) Adjust Roots 0.161ms
[166.750s][info][gc,phases,start] GC(322) Compaction Phase
[167.282s][info][gc,phases      ] GC(322) Compaction Phase 531.189ms
[167.282s][info][gc,phases,start] GC(322) Post Compact
[167.291s][info][gc,phases      ] GC(322) Post Compact 9.629ms
[167.291s][info][gc,heap        ] GC(322) PSYoungGen: 118321K(283136K)->118321K(283136K) Eden: 76288K(76288K)->76288K(76288K) From: 42033K(206848K)->42033K(206848K)
[167.291s][info][gc,heap        ] GC(322) ParOldGen: 6417329K(6417408K)->6417329K(6417408K)
[167.291s][info][gc,metaspace   ] GC(322) Metaspace: 6297K(6464K)->6297K(6464K) NonClass: 5763K(5824K)->5763K(5824K) Class: 533K(640K)->533K(640K)
[167.291s][info][gc             ] GC(322) Pause Full (Ergonomics) 6382M->6382M(6543M) 2072.868ms
[167.291s][info][gc,cpu         ] GC(322) User=15.19s Sys=0.03s Real=2.07s
[167.292s][info][gc,start       ] GC(323) Pause Full (Ergonomics)
[167.292s][info][gc,phases,start] GC(323) Marking Phase
[168.768s][info][gc,phases      ] GC(323) Marking Phase 1476.190ms
[168.768s][info][gc,phases,start] GC(323) Summary Phase
[168.768s][info][gc,phases      ] GC(323) Summary Phase 0.081ms
[168.768s][info][gc,phases,start] GC(323) Adjust Roots
[168.768s][info][gc,phases      ] GC(323) Adjust Roots 0.188ms
[168.768s][info][gc,phases,start] GC(323) Compaction Phase
[169.328s][info][gc,phases      ] GC(323) Compaction Phase 559.391ms
[169.328s][info][gc,phases,start] GC(323) Post Compact
[169.337s][info][gc,phases      ] GC(323) Post Compact 9.773ms
[169.337s][info][gc,heap        ] GC(323) PSYoungGen: 118321K(283136K)->118321K(283136K) Eden: 76288K(76288K)->76288K(76288K) From: 42033K(206848K)->42033K(206848K)
[169.337s][info][gc,heap        ] GC(323) ParOldGen: 6417334K(6417408K)->6417334K(6417408K)
[169.337s][info][gc,metaspace   ] GC(323) Metaspace: 6297K(6464K)->6297K(6464K) NonClass: 5763K(5824K)->5763K(5824K) Class: 533K(640K)->533K(640K)
[169.338s][info][gc             ] GC(323) Pause Full (Ergonomics) 6382M->6382M(6543M) 2045.921ms
[169.338s][info][gc,cpu         ] GC(323) User=14.94s Sys=0.00s Real=2.05s
[169.338s][info][gc,start       ] GC(324) Pause Full (Ergonomics)
[169.338s][info][gc,phases,start] GC(324) Marking Phase
[170.843s][info][gc,phases      ] GC(324) Marking Phase 1505.670ms
[170.843s][info][gc,phases,start] GC(324) Summary Phase
[170.844s][info][gc,phases      ] GC(324) Summary Phase 0.073ms
[170.844s][info][gc,phases,start] GC(324) Adjust Roots
[170.844s][info][gc,phases      ] GC(324) Adjust Roots 0.212ms
[170.844s][info][gc,phases,start] GC(324) Compaction Phase
[171.376s][info][gc,phases      ] GC(324) Compaction Phase 531.838ms
[171.376s][info][gc,phases,start] GC(324) Post Compact
[171.386s][info][gc,phases      ] GC(324) Post Compact 9.787ms
[171.386s][info][gc,heap        ] GC(324) PSYoungGen: 118321K(283136K)->118321K(283136K) Eden: 76288K(76288K)->76288K(76288K) From: 42033K(206848K)->42033K(206848K)
[171.386s][info][gc,heap        ] GC(324) ParOldGen: 6417339K(6417408K)->6417339K(6417408K)
[171.386s][info][gc,metaspace   ] GC(324) Metaspace: 6297K(6464K)->6297K(6464K) NonClass: 5763K(5824K)->5763K(5824K) Class: 533K(640K)->533K(640K)
[171.386s][info][gc             ] GC(324) Pause Full (Ergonomics) 6382M->6382M(6543M) 2047.924ms
[171.386s][info][gc,cpu         ] GC(324) User=14.83s Sys=0.00s Real=2.05s
[171.386s][info][gc,start       ] GC(325) Pause Full (Ergonomics)
[171.386s][info][gc,phases,start] GC(325) Marking Phase
[172.948s][info][gc,phases      ] GC(325) Marking Phase 1561.936ms
[172.948s][info][gc,phases,start] GC(325) Summary Phase
[172.948s][info][gc,phases      ] GC(325) Summary Phase 0.077ms
[172.948s][info][gc,phases,start] GC(325) Adjust Roots
[172.948s][info][gc,phases      ] GC(325) Adjust Roots 0.194ms
[172.948s][info][gc,phases,start] GC(325) Compaction Phase
[173.488s][info][gc,phases      ] GC(325) Compaction Phase 539.677ms
[173.488s][info][gc,phases,start] GC(325) Post Compact
[173.498s][info][gc,phases      ] GC(325) Post Compact 9.775ms
[173.498s][info][gc,heap        ] GC(325) PSYoungGen: 118321K(283136K)->118321K(283136K) Eden: 76288K(76288K)->76288K(76288K) From: 42033K(206848K)->42033K(206848K)
[173.498s][info][gc,heap        ] GC(325) ParOldGen: 6417344K(6417408K)->6417344K(6417408K)
[173.498s][info][gc,metaspace   ] GC(325) Metaspace: 6297K(6464K)->6297K(6464K) NonClass: 5763K(5824K)->5763K(5824K) Class: 533K(640K)->533K(640K)
[173.498s][info][gc             ] GC(325) Pause Full (Ergonomics) 6382M->6382M(6543M) 2112.006ms
[173.498s][info][gc,cpu         ] GC(325) User=14.91s Sys=0.02s Real=2.11s
[173.498s][info][gc,start       ] GC(326) Pause Full (Ergonomics)
[173.498s][info][gc,phases,start] GC(326) Marking Phase
[174.988s][info][gc,phases      ] GC(326) Marking Phase 1490.090ms
[174.988s][info][gc,phases,start] GC(326) Summary Phase
[174.988s][info][gc,phases      ] GC(326) Summary Phase 0.066ms
[174.988s][info][gc,phases,start] GC(326) Adjust Roots
[174.989s][info][gc,phases      ] GC(326) Adjust Roots 0.200ms
[174.989s][info][gc,phases,start] GC(326) Compaction Phase
[175.541s][info][gc,phases      ] GC(326) Compaction Phase 551.992ms
[175.541s][info][gc,phases,start] GC(326) Post Compact
[175.551s][info][gc,phases      ] GC(326) Post Compact 9.817ms
[175.551s][info][gc,heap        ] GC(326) PSYoungGen: 118321K(283136K)->118321K(283136K) Eden: 76288K(76288K)->76288K(76288K) From: 42033K(206848K)->42033K(206848K)
[175.551s][info][gc,heap        ] GC(326) ParOldGen: 6417349K(6417408K)->6417349K(6417408K)
[175.551s][info][gc,metaspace   ] GC(326) Metaspace: 6297K(6464K)->6297K(6464K) NonClass: 5763K(5824K)->5763K(5824K) Class: 533K(640K)->533K(640K)
[175.551s][info][gc             ] GC(326) Pause Full (Ergonomics) 6382M->6382M(6543M) 2052.519ms
[175.551s][info][gc,cpu         ] GC(326) User=14.83s Sys=0.00s Real=2.05s
[175.551s][info][gc,start       ] GC(327) Pause Full (Ergonomics)
[175.551s][info][gc,phases,start] GC(327) Marking Phase
[177.042s][info][gc,phases      ] GC(327) Marking Phase 1491.299ms
[177.042s][info][gc,phases,start] GC(327) Summary Phase
[177.042s][info][gc,phases      ] GC(327) Summary Phase 0.074ms
[177.042s][info][gc,phases,start] GC(327) Adjust Roots
[177.043s][info][gc,phases      ] GC(327) Adjust Roots 0.225ms
[177.043s][info][gc,phases,start] GC(327) Compaction Phase
[177.575s][info][gc,phases      ] GC(327) Compaction Phase 532.185ms
[177.575s][info][gc,phases,start] GC(327) Post Compact
[177.586s][info][gc,phases      ] GC(327) Post Compact 10.993ms
[177.586s][info][gc,heap        ] GC(327) PSYoungGen: 118321K(283136K)->118321K(283136K) Eden: 76288K(76288K)->76288K(76288K) From: 42033K(206848K)->42033K(206848K)
[177.586s][info][gc,heap        ] GC(327) ParOldGen: 6417353K(6417408K)->6417353K(6417408K)
[177.586s][info][gc,metaspace   ] GC(327) Metaspace: 6297K(6464K)->6297K(6464K) NonClass: 5763K(5824K)->5763K(5824K) Class: 533K(640K)->533K(640K)
[177.586s][info][gc             ] GC(327) Pause Full (Ergonomics) 6382M->6382M(6543M) 2035.129ms
[177.586s][info][gc,cpu         ] GC(327) User=14.81s Sys=0.00s Real=2.04s
[177.586s][info][gc,start       ] GC(328) Pause Full (Ergonomics)
[177.586s][info][gc,phases,start] GC(328) Marking Phase
[179.073s][info][gc,phases      ] GC(328) Marking Phase 1487.157ms
[179.073s][info][gc,phases,start] GC(328) Summary Phase
[179.074s][info][gc,phases      ] GC(328) Summary Phase 0.075ms
[179.074s][info][gc,phases,start] GC(328) Adjust Roots
[179.074s][info][gc,phases      ] GC(328) Adjust Roots 0.205ms
[179.074s][info][gc,phases,start] GC(328) Compaction Phase
[179.587s][info][gc,phases      ] GC(328) Compaction Phase 513.433ms
[179.587s][info][gc,phases,start] GC(328) Post Compact
[179.597s][info][gc,phases      ] GC(328) Post Compact 9.552ms
[179.597s][info][gc,heap        ] GC(328) PSYoungGen: 118321K(283136K)->118321K(283136K) Eden: 76288K(76288K)->76288K(76288K) From: 42033K(206848K)->42033K(206848K)
[179.597s][info][gc,heap        ] GC(328) ParOldGen: 6417358K(6417408K)->6417358K(6417408K)
[179.597s][info][gc,metaspace   ] GC(328) Metaspace: 6297K(6464K)->6297K(6464K) NonClass: 5763K(5824K)->5763K(5824K) Class: 533K(640K)->533K(640K)
[179.597s][info][gc             ] GC(328) Pause Full (Ergonomics) 6382M->6382M(6543M) 2010.745ms
[179.597s][info][gc,cpu         ] GC(328) User=14.50s Sys=0.00s Real=2.01s
[179.597s][info][gc,start       ] GC(329) Pause Full (Ergonomics)
[179.597s][info][gc,phases,start] GC(329) Marking Phase
[181.077s][info][gc,phases      ] GC(329) Marking Phase 1479.821ms
[181.077s][info][gc,phases,start] GC(329) Summary Phase
[181.077s][info][gc,phases      ] GC(329) Summary Phase 0.072ms
[181.077s][info][gc,phases,start] GC(329) Adjust Roots
[181.077s][info][gc,phases      ] GC(329) Adjust Roots 0.196ms
[181.077s][info][gc,phases,start] GC(329) Compaction Phase
[181.585s][info][gc,phases      ] GC(329) Compaction Phase 507.315ms
[181.585s][info][gc,phases,start] GC(329) Post Compact
[181.595s][info][gc,phases      ] GC(329) Post Compact 10.568ms
[181.595s][info][gc,heap        ] GC(329) PSYoungGen: 118321K(283136K)->118321K(283136K) Eden: 76288K(76288K)->76288K(76288K) From: 42033K(206848K)->42033K(206848K)
[181.595s][info][gc,heap        ] GC(329) ParOldGen: 6417363K(6417408K)->6417363K(6417408K)
[181.595s][info][gc,metaspace   ] GC(329) Metaspace: 6297K(6464K)->6297K(6464K) NonClass: 5763K(5824K)->5763K(5824K) Class: 533K(640K)->533K(640K)
[181.596s][info][gc             ] GC(329) Pause Full (Ergonomics) 6382M->6382M(6543M) 1998.335ms
[181.596s][info][gc,cpu         ] GC(329) User=14.44s Sys=0.02s Real=2.00s
[181.596s][info][gc,start       ] GC(330) Pause Full (Ergonomics)
[181.596s][info][gc,phases,start] GC(330) Marking Phase
[183.088s][info][gc,phases      ] GC(330) Marking Phase 1492.693ms
[183.089s][info][gc,phases,start] GC(330) Summary Phase
[183.089s][info][gc,phases      ] GC(330) Summary Phase 0.078ms
[183.089s][info][gc,phases,start] GC(330) Adjust Roots
[183.089s][info][gc,phases      ] GC(330) Adjust Roots 0.235ms
[183.089s][info][gc,phases,start] GC(330) Compaction Phase
[183.598s][info][gc,phases      ] GC(330) Compaction Phase 508.985ms
[183.598s][info][gc,phases,start] GC(330) Post Compact
[183.607s][info][gc,phases      ] GC(330) Post Compact 9.572ms
[183.608s][info][gc,heap        ] GC(330) PSYoungGen: 118321K(283136K)->118321K(283136K) Eden: 76288K(76288K)->76288K(76288K) From: 42033K(206848K)->42033K(206848K)
[183.608s][info][gc,heap        ] GC(330) ParOldGen: 6417368K(6417408K)->6417368K(6417408K)
[183.608s][info][gc,metaspace   ] GC(330) Metaspace: 6297K(6464K)->6297K(6464K) NonClass: 5763K(5824K)->5763K(5824K) Class: 533K(640K)->533K(640K)
[183.608s][info][gc             ] GC(330) Pause Full (Ergonomics) 6382M->6382M(6543M) 2011.885ms
[183.608s][info][gc,cpu         ] GC(330) User=14.50s Sys=0.00s Real=2.01s
[183.608s][info][gc,start       ] GC(331) Pause Full (Ergonomics)
[183.608s][info][gc,phases,start] GC(331) Marking Phase
[185.110s][info][gc,phases      ] GC(331) Marking Phase 1501.753ms
[185.110s][info][gc,phases,start] GC(331) Summary Phase
[185.110s][info][gc,phases      ] GC(331) Summary Phase 0.092ms
[185.110s][info][gc,phases,start] GC(331) Adjust Roots
[185.110s][info][gc,phases      ] GC(331) Adjust Roots 0.186ms
[185.110s][info][gc,phases,start] GC(331) Compaction Phase
[185.618s][info][gc,phases      ] GC(331) Compaction Phase 507.577ms
[185.618s][info][gc,phases,start] GC(331) Post Compact
[185.627s][info][gc,phases      ] GC(331) Post Compact 9.785ms
[185.628s][info][gc,heap        ] GC(331) PSYoungGen: 118321K(283136K)->118321K(283136K) Eden: 76288K(76288K)->76288K(76288K) From: 42033K(206848K)->42033K(206848K)
[185.628s][info][gc,heap        ] GC(331) ParOldGen: 6417373K(6417408K)->6417373K(6417408K)
[185.628s][info][gc,metaspace   ] GC(331) Metaspace: 6297K(6464K)->6297K(6464K) NonClass: 5763K(5824K)->5763K(5824K) Class: 533K(640K)->533K(640K)
[185.628s][info][gc             ] GC(331) Pause Full (Ergonomics) 6382M->6382M(6543M) 2019.751ms
[185.628s][info][gc,cpu         ] GC(331) User=14.58s Sys=0.02s Real=2.02s
[185.628s][info][gc,start       ] GC(332) Pause Full (Ergonomics)
[185.628s][info][gc,phases,start] GC(332) Marking Phase
[187.116s][info][gc,phases      ] GC(332) Marking Phase 1488.490ms
[187.116s][info][gc,phases,start] GC(332) Summary Phase
[187.116s][info][gc,phases      ] GC(332) Summary Phase 0.066ms
[187.116s][info][gc,phases,start] GC(332) Adjust Roots
[187.117s][info][gc,phases      ] GC(332) Adjust Roots 0.186ms
[187.117s][info][gc,phases,start] GC(332) Compaction Phase
[187.627s][info][gc,phases      ] GC(332) Compaction Phase 510.522ms
[187.627s][info][gc,phases,start] GC(332) Post Compact
[187.637s][info][gc,phases      ] GC(332) Post Compact 9.728ms
[187.637s][info][gc,heap        ] GC(332) PSYoungGen: 118321K(283136K)->118321K(283136K) Eden: 76288K(76288K)->76288K(76288K) From: 42033K(206848K)->42033K(206848K)
[187.637s][info][gc,heap        ] GC(332) ParOldGen: 6417378K(6417408K)->6417378K(6417408K)
[187.637s][info][gc,metaspace   ] GC(332) Metaspace: 6297K(6464K)->6297K(6464K) NonClass: 5763K(5824K)->5763K(5824K) Class: 533K(640K)->533K(640K)
[187.637s][info][gc             ] GC(332) Pause Full (Ergonomics) 6382M->6382M(6543M) 2009.310ms
[187.637s][info][gc,cpu         ] GC(332) User=14.47s Sys=0.00s Real=2.01s
[187.637s][info][gc,start       ] GC(333) Pause Full (Ergonomics)
[187.637s][info][gc,phases,start] GC(333) Marking Phase
[189.123s][info][gc,phases      ] GC(333) Marking Phase 1485.563ms
[189.123s][info][gc,phases,start] GC(333) Summary Phase
[189.123s][info][gc,phases      ] GC(333) Summary Phase 0.071ms
[189.123s][info][gc,phases,start] GC(333) Adjust Roots
[189.123s][info][gc,phases      ] GC(333) Adjust Roots 0.201ms
[189.123s][info][gc,phases,start] GC(333) Compaction Phase
[189.638s][info][gc,phases      ] GC(333) Compaction Phase 514.518ms
[189.638s][info][gc,phases,start] GC(333) Post Compact
[189.648s][info][gc,phases      ] GC(333) Post Compact 9.780ms
[189.648s][info][gc,heap        ] GC(333) PSYoungGen: 118321K(283136K)->118321K(283136K) Eden: 76288K(76288K)->76288K(76288K) From: 42033K(206848K)->42033K(206848K)
[189.648s][info][gc,heap        ] GC(333) ParOldGen: 6417382K(6417408K)->6417382K(6417408K)
[189.648s][info][gc,metaspace   ] GC(333) Metaspace: 6297K(6464K)->6297K(6464K) NonClass: 5763K(5824K)->5763K(5824K) Class: 533K(640K)->533K(640K)
[189.648s][info][gc             ] GC(333) Pause Full (Ergonomics) 6382M->6382M(6543M) 2010.443ms
[189.648s][info][gc,cpu         ] GC(333) User=14.30s Sys=0.00s Real=2.01s
[189.648s][info][gc,start       ] GC(334) Pause Full (Ergonomics)
[189.648s][info][gc,phases,start] GC(334) Marking Phase
[191.144s][info][gc,phases      ] GC(334) Marking Phase 1495.931ms
[191.144s][info][gc,phases,start] GC(334) Summary Phase
[191.144s][info][gc,phases      ] GC(334) Summary Phase 0.067ms
[191.144s][info][gc,phases,start] GC(334) Adjust Roots
[191.144s][info][gc,phases      ] GC(334) Adjust Roots 0.162ms
[191.144s][info][gc,phases,start] GC(334) Compaction Phase
[191.650s][info][gc,phases      ] GC(334) Compaction Phase 505.518ms
[191.650s][info][gc,phases,start] GC(334) Post Compact
[191.659s][info][gc,phases      ] GC(334) Post Compact 9.603ms
[191.659s][info][gc,heap        ] GC(334) PSYoungGen: 118321K(283136K)->118321K(283136K) Eden: 76288K(76288K)->76288K(76288K) From: 42033K(206848K)->42033K(206848K)
[191.660s][info][gc,heap        ] GC(334) ParOldGen: 6417387K(6417408K)->6417387K(6417408K)
[191.660s][info][gc,metaspace   ] GC(334) Metaspace: 6297K(6464K)->6297K(6464K) NonClass: 5763K(5824K)->5763K(5824K) Class: 533K(640K)->533K(640K)
[191.660s][info][gc             ] GC(334) Pause Full (Ergonomics) 6382M->6382M(6543M) 2011.593ms
[191.660s][info][gc,cpu         ] GC(334) User=14.52s Sys=0.03s Real=2.01s
[191.660s][info][gc,start       ] GC(335) Pause Full (Ergonomics)
[191.660s][info][gc,phases,start] GC(335) Marking Phase
[193.143s][info][gc,phases      ] GC(335) Marking Phase 1482.763ms
[193.143s][info][gc,phases,start] GC(335) Summary Phase
[193.143s][info][gc,phases      ] GC(335) Summary Phase 0.067ms
[193.143s][info][gc,phases,start] GC(335) Adjust Roots
[193.143s][info][gc,phases      ] GC(335) Adjust Roots 0.163ms
[193.143s][info][gc,phases,start] GC(335) Compaction Phase
[193.662s][info][gc,phases      ] GC(335) Compaction Phase 519.468ms
[193.662s][info][gc,phases,start] GC(335) Post Compact
[193.672s][info][gc,phases      ] GC(335) Post Compact 9.754ms
[193.672s][info][gc,heap        ] GC(335) PSYoungGen: 118321K(283136K)->118321K(283136K) Eden: 76288K(76288K)->76288K(76288K) From: 42033K(206848K)->42033K(206848K)
[193.672s][info][gc,heap        ] GC(335) ParOldGen: 6417392K(6417408K)->6417392K(6417408K)
[193.672s][info][gc,metaspace   ] GC(335) Metaspace: 6297K(6464K)->6297K(6464K) NonClass: 5763K(5824K)->5763K(5824K) Class: 533K(640K)->533K(640K)
[193.672s][info][gc             ] GC(335) Pause Full (Ergonomics) 6382M->6382M(6543M) 2012.545ms
[193.672s][info][gc,cpu         ] GC(335) User=14.50s Sys=0.02s Real=2.01s
[193.673s][info][gc,start       ] GC(336) Pause Full (Ergonomics)
[193.673s][info][gc,phases,start] GC(336) Marking Phase
[195.159s][info][gc,phases      ] GC(336) Marking Phase 1486.690ms
[195.159s][info][gc,phases,start] GC(336) Summary Phase
[195.159s][info][gc,phases      ] GC(336) Summary Phase 0.091ms
[195.159s][info][gc,phases,start] GC(336) Adjust Roots
[195.160s][info][gc,phases      ] GC(336) Adjust Roots 0.242ms
[195.160s][info][gc,phases,start] GC(336) Compaction Phase
[195.663s][info][gc,phases      ] GC(336) Compaction Phase 502.927ms
[195.663s][info][gc,phases,start] GC(336) Post Compact
[195.673s][info][gc,phases      ] GC(336) Post Compact 9.800ms
[195.673s][info][gc,heap        ] GC(336) PSYoungGen: 118321K(283136K)->118321K(283136K) Eden: 76288K(76288K)->76288K(76288K) From: 42033K(206848K)->42033K(206848K)
[195.673s][info][gc,heap        ] GC(336) ParOldGen: 6417397K(6417408K)->6417397K(6417408K)
[195.673s][info][gc,metaspace   ] GC(336) Metaspace: 6297K(6464K)->6297K(6464K) NonClass: 5763K(5824K)->5763K(5824K) Class: 533K(640K)->533K(640K)
[195.673s][info][gc             ] GC(336) Pause Full (Ergonomics) 6382M->6382M(6543M) 2000.113ms
[195.673s][info][gc,cpu         ] GC(336) User=14.38s Sys=0.00s Real=2.00s
[195.673s][info][gc,start       ] GC(337) Pause Full (Ergonomics)
[195.673s][info][gc,phases,start] GC(337) Marking Phase
[197.161s][info][gc,phases      ] GC(337) Marking Phase 1488.478ms
[197.161s][info][gc,phases,start] GC(337) Summary Phase
[197.161s][info][gc,phases      ] GC(337) Summary Phase 0.079ms
[197.161s][info][gc,phases,start] GC(337) Adjust Roots
[197.162s][info][gc,phases      ] GC(337) Adjust Roots 0.190ms
[197.162s][info][gc,phases,start] GC(337) Compaction Phase
[197.675s][info][gc,phases      ] GC(337) Compaction Phase 513.287ms
[197.675s][info][gc,phases,start] GC(337) Post Compact
[197.685s][info][gc,phases      ] GC(337) Post Compact 9.676ms
[197.685s][info][gc,heap        ] GC(337) PSYoungGen: 118321K(283136K)->118321K(283136K) Eden: 76288K(76288K)->76288K(76288K) From: 42033K(206848K)->42033K(206848K)
[197.685s][info][gc,heap        ] GC(337) ParOldGen: 6417402K(6417408K)->6417402K(6417408K)
[197.685s][info][gc,metaspace   ] GC(337) Metaspace: 6297K(6464K)->6297K(6464K) NonClass: 5763K(5824K)->5763K(5824K) Class: 533K(640K)->533K(640K)
[197.685s][info][gc             ] GC(337) Pause Full (Ergonomics) 6382M->6382M(6543M) 2012.052ms
[197.685s][info][gc,cpu         ] GC(337) User=14.38s Sys=0.02s Real=2.01s
[197.685s][info][gc,start       ] GC(338) Pause Full (Ergonomics)
[197.685s][info][gc,phases,start] GC(338) Marking Phase
[199.172s][info][gc,phases      ] GC(338) Marking Phase 1487.082ms
[199.172s][info][gc,phases,start] GC(338) Summary Phase
[199.172s][info][gc,phases      ] GC(338) Summary Phase 0.067ms
[199.172s][info][gc,phases,start] GC(338) Adjust Roots
[199.173s][info][gc,phases      ] GC(338) Adjust Roots 0.171ms
[199.173s][info][gc,phases,start] GC(338) Compaction Phase
[199.679s][info][gc,phases      ] GC(338) Compaction Phase 506.820ms
[199.679s][info][gc,phases,start] GC(338) Post Compact
[199.689s][info][gc,phases      ] GC(338) Post Compact 9.859ms
[199.689s][info][gc,heap        ] GC(338) PSYoungGen: 118321K(283136K)->118321K(283136K) Eden: 76288K(76288K)->76288K(76288K) From: 42033K(206848K)->42033K(206848K)
[199.689s][info][gc,heap        ] GC(338) ParOldGen: 6417407K(6417408K)->6417407K(6417408K)
[199.689s][info][gc,metaspace   ] GC(338) Metaspace: 6297K(6464K)->6297K(6464K) NonClass: 5763K(5824K)->5763K(5824K) Class: 533K(640K)->533K(640K)
[199.689s][info][gc             ] GC(338) Pause Full (Ergonomics) 6382M->6382M(6543M) 2004.363ms
[199.690s][info][gc,cpu         ] GC(338) User=14.36s Sys=0.03s Real=2.01s
[199.690s][info][gc,start       ] GC(339) Pause Full (Ergonomics)
[199.690s][info][gc,phases,start] GC(339) Marking Phase
[201.186s][info][gc,phases      ] GC(339) Marking Phase 1496.573ms
[201.186s][info][gc,phases,start] GC(339) Summary Phase
[201.186s][info][gc,phases      ] GC(339) Summary Phase 0.067ms
[201.186s][info][gc,phases,start] GC(339) Adjust Roots
[201.187s][info][gc,phases      ] GC(339) Adjust Roots 0.168ms
[201.187s][info][gc,phases,start] GC(339) Compaction Phase
[201.699s][info][gc,phases      ] GC(339) Compaction Phase 512.634ms
[201.699s][info][gc,phases,start] GC(339) Post Compact
[201.709s][info][gc,phases      ] GC(339) Post Compact 9.664ms
[201.709s][info][gc,heap        ] GC(339) PSYoungGen: 118321K(283136K)->118321K(283136K) Eden: 76288K(76288K)->76288K(76288K) From: 42033K(206848K)->42033K(206848K)
[201.709s][info][gc,heap        ] GC(339) ParOldGen: 6417407K(6417408K)->6417407K(6417408K)
[201.709s][info][gc,metaspace   ] GC(339) Metaspace: 6297K(6464K)->6297K(6464K) NonClass: 5763K(5824K)->5763K(5824K) Class: 533K(640K)->533K(640K)
[201.709s][info][gc             ] GC(339) Pause Full (Ergonomics) 6382M->6382M(6543M) 2019.427ms
[201.709s][info][gc,cpu         ] GC(339) User=14.47s Sys=0.00s Real=2.02s
[201.709s][info][gc,start       ] GC(340) Pause Full (Allocation Failure)
[201.709s][info][gc,phases,start] GC(340) Marking Phase
[203.204s][info][gc,phases      ] GC(340) Marking Phase 1494.632ms
[203.204s][info][gc,phases,start] GC(340) Summary Phase
[203.204s][info][gc,phases      ] GC(340) Summary Phase 0.068ms
[203.204s][info][gc,phases,start] GC(340) Adjust Roots
[203.204s][info][gc,phases      ] GC(340) Adjust Roots 0.324ms
[203.204s][info][gc,phases,start] GC(340) Compaction Phase
[204.838s][info][gc,phases      ] GC(340) Compaction Phase 1633.515ms
[204.838s][info][gc,phases,start] GC(340) Post Compact
[204.848s][info][gc,phases      ] GC(340) Post Compact 9.678ms
[204.848s][info][gc,heap        ] GC(340) PSYoungGen: 118321K(283136K)->118321K(283136K) Eden: 76288K(76288K)->76288K(76288K) From: 42033K(206848K)->42033K(206848K)
[204.848s][info][gc,heap        ] GC(340) ParOldGen: 6417407K(6417408K)->6417403K(6417408K)
[204.848s][info][gc,metaspace   ] GC(340) Metaspace: 6297K(6464K)->6295K(6464K) NonClass: 5763K(5824K)->5762K(5824K) Class: 533K(640K)->532K(640K)
[204.848s][info][gc             ] GC(340) Pause Full (Allocation Failure) 6382M->6382M(6543M) 3138.553ms
[204.848s][info][gc,cpu         ] GC(340) User=22.75s Sys=0.02s Real=3.14s
[204.848s][info][gc,start       ] GC(341) Pause Full (Ergonomics)
[204.848s][info][gc,phases,start] GC(341) Marking Phase
[206.325s][info][gc,phases      ] GC(341) Marking Phase 1476.617ms
[206.325s][info][gc,phases,start] GC(341) Summary Phase
[206.325s][info][gc,phases      ] GC(341) Summary Phase 0.124ms
[206.325s][info][gc,phases,start] GC(341) Adjust Roots
[206.325s][info][gc,phases      ] GC(341) Adjust Roots 0.237ms
[206.325s][info][gc,phases,start] GC(341) Compaction Phase
[206.833s][info][gc,phases      ] GC(341) Compaction Phase 507.526ms
[206.833s][info][gc,phases,start] GC(341) Post Compact
[206.843s][info][gc,phases      ] GC(341) Post Compact 9.704ms
[206.843s][info][gc,heap        ] GC(341) PSYoungGen: 118321K(283136K)->118321K(283136K) Eden: 76288K(76288K)->76288K(76288K) From: 42033K(206848K)->42033K(206848K)
[206.843s][info][gc,heap        ] GC(341) ParOldGen: 6417407K(6417408K)->6417407K(6417408K)
[206.843s][info][gc,metaspace   ] GC(341) Metaspace: 6295K(6464K)->6295K(6464K) NonClass: 5762K(5824K)->5762K(5824K) Class: 532K(640K)->532K(640K)
[206.843s][info][gc             ] GC(341) Pause Full (Ergonomics) 6382M->6382M(6543M) 1994.577ms
[206.843s][info][gc,cpu         ] GC(341) User=14.38s Sys=0.00s Real=1.99s
[206.843s][info][gc,start       ] GC(342) Pause Full (Ergonomics)
[206.843s][info][gc,phases,start] GC(342) Marking Phase
[208.325s][info][gc,phases      ] GC(342) Marking Phase 1481.662ms
[208.325s][info][gc,phases,start] GC(342) Summary Phase
[208.325s][info][gc,phases      ] GC(342) Summary Phase 0.079ms
[208.325s][info][gc,phases,start] GC(342) Adjust Roots
[208.325s][info][gc,phases      ] GC(342) Adjust Roots 0.243ms
[208.325s][info][gc,phases,start] GC(342) Compaction Phase
[208.829s][info][gc,phases      ] GC(342) Compaction Phase 503.307ms
[208.829s][info][gc,phases,start] GC(342) Post Compact
[208.838s][info][gc,phases      ] GC(342) Post Compact 9.816ms
[208.839s][info][gc,heap        ] GC(342) PSYoungGen: 118321K(283136K)->118321K(283136K) Eden: 76288K(76288K)->76288K(76288K) From: 42033K(206848K)->42033K(206848K)
[208.839s][info][gc,heap        ] GC(342) ParOldGen: 6417407K(6417408K)->6417407K(6417408K)
[208.839s][info][gc,metaspace   ] GC(342) Metaspace: 6295K(6464K)->6295K(6464K) NonClass: 5762K(5824K)->5762K(5824K) Class: 532K(640K)->532K(640K)
[208.839s][info][gc             ] GC(342) Pause Full (Ergonomics) 6382M->6382M(6543M) 1995.477ms
[208.839s][info][gc,cpu         ] GC(342) User=14.19s Sys=0.00s Real=2.00s
[208.839s][info][gc,start       ] GC(343) Pause Full (Allocation Failure)
[208.839s][info][gc,phases,start] GC(343) Marking Phase
[210.325s][info][gc,phases      ] GC(343) Marking Phase 1486.065ms
[210.325s][info][gc,phases,start] GC(343) Summary Phase
[210.325s][info][gc,phases      ] GC(343) Summary Phase 0.096ms
[210.325s][info][gc,phases,start] GC(343) Adjust Roots
[210.325s][info][gc,phases      ] GC(343) Adjust Roots 0.304ms
[210.325s][info][gc,phases,start] GC(343) Compaction Phase
[210.830s][info][gc,phases      ] GC(343) Compaction Phase 504.792ms
[210.830s][info][gc,phases,start] GC(343) Post Compact
[210.840s][info][gc,phases      ] GC(343) Post Compact 9.675ms
[210.840s][info][gc,heap        ] GC(343) PSYoungGen: 118321K(283136K)->118321K(283136K) Eden: 76288K(76288K)->76288K(76288K) From: 42033K(206848K)->42033K(206848K)
[210.840s][info][gc,heap        ] GC(343) ParOldGen: 6417407K(6417408K)->6417407K(6417408K)
[210.840s][info][gc,metaspace   ] GC(343) Metaspace: 6295K(6464K)->6295K(6464K) NonClass: 5762K(5824K)->5762K(5824K) Class: 532K(640K)->532K(640K)
[210.840s][info][gc             ] GC(343) Pause Full (Allocation Failure) 6382M->6382M(6543M) 2001.331ms
[210.840s][info][gc,cpu         ] GC(343) User=14.41s Sys=0.00s Real=2.00s
[210.840s][info][gc,start       ] GC(344) Pause Full (Ergonomics)
[210.840s][info][gc,phases,start] GC(344) Marking Phase
[212.313s][info][gc,phases      ] GC(344) Marking Phase 1472.905ms
[212.313s][info][gc,phases,start] GC(344) Summary Phase
[212.313s][info][gc,phases      ] GC(344) Summary Phase 0.070ms
[212.314s][info][gc,phases,start] GC(344) Adjust Roots
[212.314s][info][gc,phases      ] GC(344) Adjust Roots 0.258ms
[212.314s][info][gc,phases,start] GC(344) Compaction Phase
[213.964s][info][gc,phases      ] GC(344) Compaction Phase 1649.886ms
[213.964s][info][gc,phases,start] GC(344) Post Compact
[213.975s][info][gc,phases      ] GC(344) Post Compact 10.975ms
[213.975s][info][gc,heap        ] GC(344) PSYoungGen: 118321K(283136K)->118321K(283136K) Eden: 76288K(76288K)->76288K(76288K) From: 42033K(206848K)->42033K(206848K)
[213.975s][info][gc,heap        ] GC(344) ParOldGen: 6417407K(6417408K)->6417406K(6417408K)
[213.975s][info][gc,metaspace   ] GC(344) Metaspace: 6295K(6464K)->6295K(6464K) NonClass: 5762K(5824K)->5762K(5824K) Class: 532K(640K)->532K(640K)
[213.975s][info][gc             ] GC(344) Pause Full (Ergonomics) 6382M->6382M(6543M) 3134.468ms
[213.975s][info][gc,cpu         ] GC(344) User=22.33s Sys=0.03s Real=3.13s
[213.976s][info][gc,start       ] GC(345) Pause Full (Ergonomics)
[213.976s][info][gc,phases,start] GC(345) Marking Phase
[215.490s][info][gc,phases      ] GC(345) Marking Phase 1513.403ms
[215.490s][info][gc,phases,start] GC(345) Summary Phase
[215.490s][info][gc,phases      ] GC(345) Summary Phase 0.081ms
[215.490s][info][gc,phases,start] GC(345) Adjust Roots
[215.490s][info][gc,phases      ] GC(345) Adjust Roots 0.348ms
[215.490s][info][gc,phases,start] GC(345) Compaction Phase
[217.041s][info][gc,phases      ] GC(345) Compaction Phase 1550.513ms
[217.041s][info][gc,phases,start] GC(345) Post Compact
[217.053s][info][gc,phases      ] GC(345) Post Compact 11.869ms
[217.053s][info][gc,heap        ] GC(345) PSYoungGen: 118321K(283136K)->118321K(283136K) Eden: 76288K(76288K)->76288K(76288K) From: 42033K(206848K)->42033K(206848K)
[217.053s][info][gc,heap        ] GC(345) ParOldGen: 6417407K(6417408K)->6417405K(6417408K)
[217.053s][info][gc,metaspace   ] GC(345) Metaspace: 6297K(6464K)->6297K(6464K) NonClass: 5763K(5824K)->5763K(5824K) Class: 533K(640K)->533K(640K)
[217.053s][info][gc             ] GC(345) Pause Full (Ergonomics) 6382M->6382M(6543M) 3076.645ms
[217.053s][info][gc,cpu         ] GC(345) User=20.98s Sys=0.02s Real=3.08s
[217.053s][info][gc,heap,exit   ] Heap
[217.053s][info][gc,heap,exit   ]  PSYoungGen      total 283136K, used 118321K [0x000000073c300000, 0x000000076f680000, 0x0000000800000000)
[217.053s][info][gc,heap,exit   ]   eden space 76288K, 100% used [0x000000073c300000,0x0000000740d80000,0x0000000740d80000)
[217.053s][info][gc,heap,exit   ]   from space 206848K, 20% used [0x0000000740d80000,0x000000074368c7c8,0x000000074d780000)
[217.053s][info][gc,heap,exit   ]   to   space 376832K, 0% used [0x0000000758680000,0x0000000758680000,0x000000076f680000)
[217.053s][info][gc,heap,exit   ]  ParOldGen       total 6417408K, used 6417405K [0x00000005b4800000, 0x000000073c300000, 0x000000073c300000)
[217.053s][info][gc,heap,exit   ]   object space 6417408K, 99% used [0x00000005b4800000,0x000000073c2ff788,0x000000073c300000)
[217.053s][info][gc,heap,exit   ]  Metaspace       used 6300K, committed 6464K, reserved 1114112K
[217.053s][info][gc,heap,exit   ]   class space    used 534K, committed 640K, reserved 1048576K
