[0.010s][info][gc,init] CardTable entry size: 512
[0.011s][info][gc     ] Using Serial
[0.011s][info][gc,init] Version: 18.0.1+10 (release)
[0.011s][info][gc,init] CPUs: 8 total, 8 available
[0.011s][info][gc,init] Memory: 16063M
[0.011s][info][gc,init] Large Page Support: Disabled
[0.011s][info][gc,init] NUMA Support: Disabled
[0.011s][info][gc,init] Compressed Oops: Enabled (Zero based)
[0.011s][info][gc,init] Heap Min Capacity: 2M
[0.011s][info][gc,init] Heap Initial Capacity: 2M
[0.011s][info][gc,init] Heap Max Capacity: 4400M
[0.011s][info][gc,init] Pre-touch: Disabled
[0.011s][info][gc,metaspace] CDS archive(s) not mapped
[0.011s][info][gc,metaspace] Compressed class space mapped at: 0x0000000800000000-0x0000000840000000, reserved size: 1073741824
[0.011s][info][gc,metaspace] Narrow klass base: 0x0000000800000000, Narrow klass shift: 0, Narrow klass range: 0x40000000
[0.171s][info][gc,start    ] GC(0) Pause Young (Allocation Failure)
[0.173s][info][gc,heap     ] GC(0) DefNew: 1023K(1152K)->127K(1152K) Eden: 1023K(1024K)->0K(1024K) From: 0K(128K)->127K(128K)
[0.173s][info][gc,heap     ] GC(0) Tenured: 0K(768K)->439K(768K)
[0.173s][info][gc,metaspace] GC(0) Metaspace: 5902K(6016K)->5902K(6016K) NonClass: 5403K(5504K)->5403K(5504K) Class: 499K(512K)->499K(512K)
[0.173s][info][gc          ] GC(0) Pause Young (Allocation Failure) 0M->0M(1M) 1.810ms
[0.173s][info][gc,cpu      ] GC(0) User=0.00s Sys=0.00s Real=0.00s
[0.193s][info][gc,start    ] GC(1) Pause Young (Allocation Failure)
[0.195s][info][gc          ] GC(1) Pause Young (Allocation Failure) 1M->0M(2M) 1.340ms
[0.195s][info][gc,cpu      ] GC(1) User=0.00s Sys=0.00s Real=0.00s
[0.195s][info][gc,start    ] GC(2) Pause Full (Allocation Failure)
[0.195s][info][gc,phases,start] GC(2) Phase 1: Mark live objects
[0.196s][info][gc,phases      ] GC(2) Phase 1: Mark live objects 0.920ms
[0.196s][info][gc,phases,start] GC(2) Phase 2: Compute new object addresses
[0.196s][info][gc,phases      ] GC(2) Phase 2: Compute new object addresses 0.199ms
[0.196s][info][gc,phases,start] GC(2) Phase 3: Adjust pointers
[0.196s][info][gc,phases      ] GC(2) Phase 3: Adjust pointers 0.454ms
[0.196s][info][gc,phases,start] GC(2) Phase 4: Move objects
[0.197s][info][gc,phases      ] GC(2) Phase 4: Move objects 0.063ms
[0.197s][info][gc,heap        ] GC(2) DefNew: 1151K(1152K)->40K(1152K) Eden: 1024K(1024K)->40K(1024K) From: 127K(128K)->0K(128K)
[0.197s][info][gc,heap        ] GC(2) Tenured: 439K(768K)->959K(1600K)
[0.197s][info][gc,metaspace   ] GC(2) Metaspace: 6301K(6528K)->6301K(6528K) NonClass: 5767K(5888K)->5767K(5888K) Class: 533K(640K)->533K(640K)
[0.197s][info][gc             ] GC(2) Pause Full (Allocation Failure) 0M->0M(2M) 1.901ms
[0.197s][info][gc,cpu         ] GC(2) User=0.00s Sys=0.00s Real=0.00s
[0.198s][info][gc,start       ] GC(3) Pause Young (Allocation Failure)
[0.199s][info][gc,heap        ] GC(3) DefNew: 1024K(1152K)->128K(1152K) Eden: 1024K(1024K)->0K(1024K) From: 0K(128K)->128K(128K)
[0.199s][info][gc,heap        ] GC(3) Tenured: 959K(1600K)->1374K(1600K)
[0.199s][info][gc,metaspace   ] GC(3) Metaspace: 6301K(6528K)->6301K(6528K) NonClass: 5767K(5888K)->5767K(5888K) Class: 533K(640K)->533K(640K)
[0.199s][info][gc             ] GC(3) Pause Young (Allocation Failure) 1M->1M(2M) 1.406ms
[0.199s][info][gc,cpu         ] GC(3) User=0.00s Sys=0.00s Real=0.00s
[0.201s][info][gc,start       ] GC(4) Pause Young (Allocation Failure)
[0.202s][info][gc             ] GC(4) Pause Young (Allocation Failure) 2M->1M(3M) 1.047ms
[0.202s][info][gc,cpu         ] GC(4) User=0.00s Sys=0.00s Real=0.00s
[0.202s][info][gc,start       ] GC(5) Pause Full (Allocation Failure)
[0.202s][info][gc,phases,start] GC(5) Phase 1: Mark live objects
[0.203s][info][gc,phases      ] GC(5) Phase 1: Mark live objects 1.430ms
[0.204s][info][gc,phases,start] GC(5) Phase 2: Compute new object addresses
[0.204s][info][gc,phases      ] GC(5) Phase 2: Compute new object addresses 0.337ms
[0.204s][info][gc,phases,start] GC(5) Phase 3: Adjust pointers
[0.204s][info][gc,phases      ] GC(5) Phase 3: Adjust pointers 0.582ms
[0.205s][info][gc,phases,start] GC(5) Phase 4: Move objects
[0.205s][info][gc,phases      ] GC(5) Phase 4: Move objects 0.067ms
[0.205s][info][gc,heap        ] GC(5) DefNew: 1152K(1152K)->34K(1536K) Eden: 1024K(1024K)->34K(1408K) From: 128K(128K)->0K(128K)
[0.205s][info][gc,heap        ] GC(5) Tenured: 1374K(1600K)->1984K(3308K)
[0.205s][info][gc,metaspace   ] GC(5) Metaspace: 6301K(6528K)->6301K(6528K) NonClass: 5767K(5888K)->5767K(5888K) Class: 533K(640K)->533K(640K)
[0.205s][info][gc             ] GC(5) Pause Full (Allocation Failure) 1M->1M(4M) 2.711ms
[0.205s][info][gc,cpu         ] GC(5) User=0.00s Sys=0.00s Real=0.00s
[0.207s][info][gc,start       ] GC(6) Pause Young (Allocation Failure)
[0.208s][info][gc,heap        ] GC(6) DefNew: 1408K(1536K)->127K(1536K) Eden: 1408K(1408K)->0K(1408K) From: 0K(128K)->127K(128K)
[0.208s][info][gc,heap        ] GC(6) Tenured: 1984K(3308K)->2617K(3308K)
[0.208s][info][gc,metaspace   ] GC(6) Metaspace: 6301K(6528K)->6301K(6528K) NonClass: 5767K(5888K)->5767K(5888K) Class: 533K(640K)->533K(640K)
[0.209s][info][gc             ] GC(6) Pause Young (Allocation Failure) 3M->2M(4M) 1.712ms
[0.209s][info][gc,cpu         ] GC(6) User=0.00s Sys=0.00s Real=0.00s
[0.211s][info][gc,start       ] GC(7) Pause Young (Allocation Failure)
[0.212s][info][gc             ] GC(7) Pause Young (Allocation Failure) 4M->3M(4M) 1.870ms
[0.212s][info][gc,cpu         ] GC(7) User=0.00s Sys=0.00s Real=0.00s
[0.212s][info][gc,start       ] GC(8) Pause Full (Allocation Failure)
[0.213s][info][gc,phases,start] GC(8) Phase 1: Mark live objects
[0.215s][info][gc,phases      ] GC(8) Phase 1: Mark live objects 2.409ms
[0.215s][info][gc,phases,start] GC(8) Phase 2: Compute new object addresses
[0.216s][info][gc,phases      ] GC(8) Phase 2: Compute new object addresses 0.725ms
[0.216s][info][gc,phases,start] GC(8) Phase 3: Adjust pointers
[0.217s][info][gc,phases      ] GC(8) Phase 3: Adjust pointers 1.075ms
[0.217s][info][gc,phases,start] GC(8) Phase 4: Move objects
[0.217s][info][gc,phases      ] GC(8) Phase 4: Move objects 0.087ms
[0.217s][info][gc,heap        ] GC(8) DefNew: 1535K(1536K)->0K(2688K) Eden: 1408K(1408K)->0K(2432K) From: 127K(128K)->0K(256K)
[0.217s][info][gc,heap        ] GC(8) Tenured: 2617K(3308K)->3459K(5768K)
[0.217s][info][gc,metaspace   ] GC(8) Metaspace: 6301K(6528K)->6301K(6528K) NonClass: 5767K(5888K)->5767K(5888K) Class: 533K(640K)->533K(640K)
[0.217s][info][gc             ] GC(8) Pause Full (Allocation Failure) 3M->3M(8M) 4.613ms
[0.217s][info][gc,cpu         ] GC(8) User=0.00s Sys=0.00s Real=0.01s
[0.220s][info][gc,start       ] GC(9) Pause Young (Allocation Failure)
[0.223s][info][gc,heap        ] GC(9) DefNew: 2432K(2688K)->255K(2688K) Eden: 2432K(2432K)->0K(2432K) From: 0K(256K)->255K(256K)
[0.223s][info][gc,heap        ] GC(9) Tenured: 3459K(5768K)->4512K(5768K)
[0.223s][info][gc,metaspace   ] GC(9) Metaspace: 6301K(6528K)->6301K(6528K) NonClass: 5767K(5888K)->5767K(5888K) Class: 533K(640K)->533K(640K)
[0.223s][info][gc             ] GC(9) Pause Young (Allocation Failure) 5M->4M(8M) 2.927ms
[0.223s][info][gc,cpu         ] GC(9) User=0.00s Sys=0.00s Real=0.00s
[0.225s][info][gc,start       ] GC(10) Pause Young (Allocation Failure)
[0.228s][info][gc,heap        ] GC(10) DefNew: 2687K(2688K)->256K(2688K) Eden: 2432K(2432K)->0K(2432K) From: 255K(256K)->256K(256K)
[0.228s][info][gc,heap        ] GC(10) Tenured: 4512K(5768K)->5754K(5768K)
[0.228s][info][gc,metaspace   ] GC(10) Metaspace: 6301K(6528K)->6301K(6528K) NonClass: 5767K(5888K)->5767K(5888K) Class: 533K(640K)->533K(640K)
[0.228s][info][gc             ] GC(10) Pause Young (Allocation Failure) 7M->5M(8M) 2.636ms
[0.228s][info][gc,cpu         ] GC(10) User=0.00s Sys=0.00s Real=0.00s
[0.231s][info][gc,start       ] GC(11) Pause Young (Allocation Failure)
[0.234s][info][gc             ] GC(11) Pause Young (Allocation Failure) 8M->7M(9M) 3.558ms
[0.234s][info][gc,cpu         ] GC(11) User=0.00s Sys=0.00s Real=0.00s
[0.234s][info][gc,start       ] GC(12) Pause Full (Allocation Failure)
[0.234s][info][gc,phases,start] GC(12) Phase 1: Mark live objects
[0.238s][info][gc,phases      ] GC(12) Phase 1: Mark live objects 3.890ms
[0.238s][info][gc,phases,start] GC(12) Phase 2: Compute new object addresses
[0.239s][info][gc,phases      ] GC(12) Phase 2: Compute new object addresses 1.155ms
[0.239s][info][gc,phases,start] GC(12) Phase 3: Adjust pointers
[0.241s][info][gc,phases      ] GC(12) Phase 3: Adjust pointers 1.583ms
[0.241s][info][gc,phases,start] GC(12) Phase 4: Move objects
[0.242s][info][gc,phases      ] GC(12) Phase 4: Move objects 1.336ms
[0.243s][info][gc,heap        ] GC(12) DefNew: 2688K(2688K)->0K(5376K) Eden: 2432K(2432K)->0K(4800K) From: 256K(256K)->0K(576K)
[0.243s][info][gc,heap        ] GC(12) Tenured: 5754K(5768K)->7132K(11888K)
[0.243s][info][gc,metaspace   ] GC(12) Metaspace: 6301K(6528K)->6301K(6528K) NonClass: 5767K(5888K)->5767K(5888K) Class: 533K(640K)->533K(640K)
[0.243s][info][gc             ] GC(12) Pause Full (Allocation Failure) 7M->6M(16M) 8.507ms
[0.243s][info][gc,cpu         ] GC(12) User=0.00s Sys=0.00s Real=0.01s
[0.249s][info][gc,start       ] GC(13) Pause Young (Allocation Failure)
[0.254s][info][gc,heap        ] GC(13) DefNew: 4800K(5376K)->576K(5376K) Eden: 4800K(4800K)->0K(4800K) From: 0K(576K)->576K(576K)
[0.254s][info][gc,heap        ] GC(13) Tenured: 7132K(11888K)->9027K(11888K)
[0.254s][info][gc,metaspace   ] GC(13) Metaspace: 6301K(6528K)->6301K(6528K) NonClass: 5767K(5888K)->5767K(5888K) Class: 533K(640K)->533K(640K)
[0.254s][info][gc             ] GC(13) Pause Young (Allocation Failure) 11M->9M(16M) 5.167ms
[0.254s][info][gc,cpu         ] GC(13) User=0.00s Sys=0.00s Real=0.01s
[0.259s][info][gc,start       ] GC(14) Pause Young (Allocation Failure)
[0.265s][info][gc,heap        ] GC(14) DefNew: 5376K(5376K)->576K(5376K) Eden: 4800K(4800K)->0K(4800K) From: 576K(576K)->576K(576K)
[0.265s][info][gc,heap        ] GC(14) Tenured: 9027K(11888K)->11746K(11888K)
[0.265s][info][gc,metaspace   ] GC(14) Metaspace: 6301K(6528K)->6301K(6528K) NonClass: 5767K(5888K)->5767K(5888K) Class: 533K(640K)->533K(640K)
[0.265s][info][gc             ] GC(14) Pause Young (Allocation Failure) 14M->12M(16M) 5.618ms
[0.265s][info][gc,cpu         ] GC(14) User=0.00s Sys=0.00s Real=0.00s
[0.269s][info][gc,start       ] GC(15) Pause Young (Allocation Failure)
[0.274s][info][gc             ] GC(15) Pause Young (Allocation Failure) 16M->14M(19M) 4.974ms
[0.274s][info][gc,cpu         ] GC(15) User=0.00s Sys=0.00s Real=0.00s
[0.274s][info][gc,start       ] GC(16) Pause Full (Allocation Failure)
[0.274s][info][gc,phases,start] GC(16) Phase 1: Mark live objects
[0.282s][info][gc,phases      ] GC(16) Phase 1: Mark live objects 7.207ms
[0.282s][info][gc,phases,start] GC(16) Phase 2: Compute new object addresses
[0.284s][info][gc,phases      ] GC(16) Phase 2: Compute new object addresses 2.231ms
[0.284s][info][gc,phases,start] GC(16) Phase 3: Adjust pointers
[0.287s][info][gc,phases      ] GC(16) Phase 3: Adjust pointers 2.856ms
[0.287s][info][gc,phases,start] GC(16) Phase 4: Move objects
[0.287s][info][gc,phases      ] GC(16) Phase 4: Move objects 0.182ms
[0.287s][info][gc,heap        ] GC(16) DefNew: 5376K(5376K)->393K(10880K) Eden: 4800K(4800K)->393K(9728K) From: 576K(576K)->0K(1152K)
[0.287s][info][gc,heap        ] GC(16) Tenured: 11746K(11888K)->14383K(23976K)
[0.287s][info][gc,metaspace   ] GC(16) Metaspace: 6303K(6528K)->6303K(6528K) NonClass: 5769K(5888K)->5769K(5888K) Class: 533K(640K)->533K(640K)
[0.287s][info][gc             ] GC(16) Pause Full (Allocation Failure) 14M->14M(34M) 12.826ms
[0.287s][info][gc,cpu         ] GC(16) User=0.02s Sys=0.00s Real=0.01s
[0.297s][info][gc,start       ] GC(17) Pause Young (Allocation Failure)
[0.309s][info][gc,heap        ] GC(17) DefNew: 9728K(10880K)->1151K(10880K) Eden: 9728K(9728K)->0K(9728K) From: 0K(1152K)->1151K(1152K)
[0.309s][info][gc,heap        ] GC(17) Tenured: 14383K(23976K)->18400K(23976K)
[0.309s][info][gc,metaspace   ] GC(17) Metaspace: 6303K(6528K)->6303K(6528K) NonClass: 5769K(5888K)->5769K(5888K) Class: 533K(640K)->533K(640K)
[0.309s][info][gc             ] GC(17) Pause Young (Allocation Failure) 23M->19M(34M) 12.199ms
[0.309s][info][gc,cpu         ] GC(17) User=0.00s Sys=0.00s Real=0.01s
[0.317s][info][gc,start       ] GC(18) Pause Young (Allocation Failure)
[0.329s][info][gc,heap        ] GC(18) DefNew: 10879K(10880K)->1152K(10880K) Eden: 9728K(9728K)->0K(9728K) From: 1151K(1152K)->1152K(1152K)
[0.329s][info][gc,heap        ] GC(18) Tenured: 18400K(23976K)->23921K(23976K)
[0.329s][info][gc,metaspace   ] GC(18) Metaspace: 6303K(6528K)->6303K(6528K) NonClass: 5769K(5888K)->5769K(5888K) Class: 533K(640K)->533K(640K)
[0.329s][info][gc             ] GC(18) Pause Young (Allocation Failure) 28M->24M(34M) 12.558ms
[0.329s][info][gc,cpu         ] GC(18) User=0.00s Sys=0.00s Real=0.01s
[0.335s][info][gc,start       ] GC(19) Pause Young (Allocation Failure)
[0.346s][info][gc             ] GC(19) Pause Young (Allocation Failure) 33M->29M(38M) 11.520ms
[0.346s][info][gc,cpu         ] GC(19) User=0.00s Sys=0.00s Real=0.01s
[0.346s][info][gc,start       ] GC(20) Pause Full (Allocation Failure)
[0.346s][info][gc,phases,start] GC(20) Phase 1: Mark live objects
[0.360s][info][gc,phases      ] GC(20) Phase 1: Mark live objects 13.594ms
[0.360s][info][gc,phases,start] GC(20) Phase 2: Compute new object addresses
[0.364s][info][gc,phases      ] GC(20) Phase 2: Compute new object addresses 4.559ms
[0.364s][info][gc,phases,start] GC(20) Phase 3: Adjust pointers
[0.370s][info][gc,phases      ] GC(20) Phase 3: Adjust pointers 5.203ms
[0.370s][info][gc,phases,start] GC(20) Phase 4: Move objects
[0.370s][info][gc,phases      ] GC(20) Phase 4: Move objects 0.176ms
[0.370s][info][gc,heap        ] GC(20) DefNew: 10880K(10880K)->1065K(21888K) Eden: 9728K(9728K)->1065K(19520K) From: 1152K(1152K)->0K(2368K)
[0.370s][info][gc,heap        ] GC(20) Tenured: 23921K(23976K)->29035K(48396K)
[0.370s][info][gc,metaspace   ] GC(20) Metaspace: 6303K(6528K)->6303K(6528K) NonClass: 5769K(5888K)->5769K(5888K) Class: 533K(640K)->533K(640K)
[0.370s][info][gc             ] GC(20) Pause Full (Allocation Failure) 29M->29M(68M) 23.957ms
[0.370s][info][gc,cpu         ] GC(20) User=0.05s Sys=0.00s Real=0.02s
[0.386s][info][gc,start       ] GC(21) Pause Young (Allocation Failure)
[0.414s][info][gc,heap        ] GC(21) DefNew: 19520K(21888K)->2367K(21888K) Eden: 19520K(19520K)->0K(19520K) From: 0K(2368K)->2367K(2368K)
[0.414s][info][gc,heap        ] GC(21) Tenured: 29035K(48396K)->39337K(48396K)
[0.414s][info][gc,metaspace   ] GC(21) Metaspace: 6303K(6528K)->6303K(6528K) NonClass: 5769K(5888K)->5769K(5888K) Class: 533K(640K)->533K(640K)
[0.414s][info][gc             ] GC(21) Pause Young (Allocation Failure) 47M->40M(68M) 28.277ms
[0.414s][info][gc,cpu         ] GC(21) User=0.02s Sys=0.00s Real=0.03s
[0.432s][info][gc,start       ] GC(22) Pause Young (Allocation Failure)
[0.466s][info][gc             ] GC(22) Pause Young (Allocation Failure) 59M->59M(78M) 34.256ms
[0.466s][info][gc,cpu         ] GC(22) User=0.03s Sys=0.00s Real=0.03s
[0.466s][info][gc,start       ] GC(23) Pause Full (Allocation Failure)
[0.466s][info][gc,phases,start] GC(23) Phase 1: Mark live objects
[0.491s][info][gc,phases      ] GC(23) Phase 1: Mark live objects 24.572ms
[0.491s][info][gc,phases,start] GC(23) Phase 2: Compute new object addresses
[0.501s][info][gc,phases      ] GC(23) Phase 2: Compute new object addresses 10.335ms
[0.501s][info][gc,phases,start] GC(23) Phase 3: Adjust pointers
[0.513s][info][gc,phases      ] GC(23) Phase 3: Adjust pointers 11.272ms
[0.513s][info][gc,phases,start] GC(23) Phase 4: Move objects
[0.513s][info][gc,phases      ] GC(23) Phase 4: Move objects 0.271ms
[0.513s][info][gc,heap        ] GC(23) DefNew: 21887K(21888K)->2367K(44224K) Eden: 19520K(19520K)->2367K(39360K) From: 2367K(2368K)->0K(4864K)
[0.513s][info][gc,heap        ] GC(23) Tenured: 39337K(48396K)->58827K(98048K)
[0.513s][info][gc,metaspace   ] GC(23) Metaspace: 6303K(6528K)->6303K(6528K) NonClass: 5769K(5888K)->5769K(5888K) Class: 533K(640K)->533K(640K)
[0.513s][info][gc             ] GC(23) Pause Full (Allocation Failure) 59M->59M(138M) 47.036ms
[0.513s][info][gc,cpu         ] GC(23) User=0.05s Sys=0.00s Real=0.05s
[0.553s][info][gc,start       ] GC(24) Pause Young (Allocation Failure)
[0.613s][info][gc,heap        ] GC(24) DefNew: 39360K(44224K)->4864K(44224K) Eden: 39360K(39360K)->0K(39360K) From: 0K(4864K)->4864K(4864K)
[0.613s][info][gc,heap        ] GC(24) Tenured: 58827K(98048K)->91244K(98048K)
[0.613s][info][gc,metaspace   ] GC(24) Metaspace: 6303K(6528K)->6303K(6528K) NonClass: 5769K(5888K)->5769K(5888K) Class: 533K(640K)->533K(640K)
[0.613s][info][gc             ] GC(24) Pause Young (Allocation Failure) 95M->93M(138M) 59.722ms
[0.613s][info][gc,cpu         ] GC(24) User=0.06s Sys=0.00s Real=0.06s
[0.645s][info][gc,start       ] GC(25) Pause Young (Allocation Failure)
[0.716s][info][gc             ] GC(25) Pause Young (Allocation Failure) 132M->132M(170M) 71.141ms
[0.716s][info][gc,cpu         ] GC(25) User=0.05s Sys=0.02s Real=0.07s
[0.716s][info][gc,start       ] GC(26) Pause Full (Allocation Failure)
[0.716s][info][gc,phases,start] GC(26) Phase 1: Mark live objects
[0.772s][info][gc,phases      ] GC(26) Phase 1: Mark live objects 56.013ms
[0.772s][info][gc,phases,start] GC(26) Phase 2: Compute new object addresses
[0.793s][info][gc,phases      ] GC(26) Phase 2: Compute new object addresses 21.252ms
[0.793s][info][gc,phases,start] GC(26) Phase 3: Adjust pointers
[0.821s][info][gc,phases      ] GC(26) Phase 3: Adjust pointers 27.370ms
[0.821s][info][gc,phases,start] GC(26) Phase 4: Move objects
[0.849s][info][gc,phases      ] GC(26) Phase 4: Move objects 27.856ms
[0.849s][info][gc,heap        ] GC(26) DefNew: 44224K(44224K)->2958K(98048K) Eden: 39360K(39360K)->2958K(87168K) From: 4864K(4864K)->0K(10880K)
[0.849s][info][gc,heap        ] GC(26) Tenured: 91244K(98048K)->130687K(217816K)
[0.849s][info][gc,metaspace   ] GC(26) Metaspace: 6303K(6528K)->6303K(6528K) NonClass: 5769K(5888K)->5769K(5888K) Class: 533K(640K)->533K(640K)
[0.849s][info][gc             ] GC(26) Pause Full (Allocation Failure) 132M->130M(308M) 133.433ms
[0.849s][info][gc,cpu         ] GC(26) User=0.14s Sys=0.00s Real=0.13s
[0.940s][info][gc,start       ] GC(27) Pause Young (Allocation Failure)
[1.085s][info][gc,heap        ] GC(27) DefNew: 87168K(98048K)->10879K(98048K) Eden: 87168K(87168K)->0K(87168K) From: 0K(10880K)->10879K(10880K)
[1.085s][info][gc,heap        ] GC(27) Tenured: 130687K(217816K)->206945K(217816K)
[1.085s][info][gc,metaspace   ] GC(27) Metaspace: 6303K(6528K)->6303K(6528K) NonClass: 5769K(5888K)->5769K(5888K) Class: 533K(640K)->533K(640K)
[1.085s][info][gc             ] GC(27) Pause Young (Allocation Failure) 212M->212M(308M) 144.691ms
[1.085s][info][gc,cpu         ] GC(27) User=0.12s Sys=0.02s Real=0.14s
[1.165s][info][gc,start       ] GC(28) Pause Young (Allocation Failure)
[1.328s][info][gc             ] GC(28) Pause Young (Allocation Failure) 297M->297M(383M) 163.197ms
[1.328s][info][gc,cpu         ] GC(28) User=0.12s Sys=0.03s Real=0.16s
[1.328s][info][gc,start       ] GC(29) Pause Full (Allocation Failure)
[1.328s][info][gc,phases,start] GC(29) Phase 1: Mark live objects
[1.464s][info][gc,phases      ] GC(29) Phase 1: Mark live objects 136.173ms
[1.464s][info][gc,phases,start] GC(29) Phase 2: Compute new object addresses
[1.512s][info][gc,phases      ] GC(29) Phase 2: Compute new object addresses 47.225ms
[1.512s][info][gc,phases,start] GC(29) Phase 3: Adjust pointers
[1.571s][info][gc,phases      ] GC(29) Phase 3: Adjust pointers 59.623ms
[1.571s][info][gc,phases,start] GC(29) Phase 4: Move objects
[1.574s][info][gc,phases      ] GC(29) Phase 4: Move objects 2.198ms
[1.574s][info][gc,heap        ] GC(29) DefNew: 98047K(98048K)->10786K(220672K) Eden: 87168K(87168K)->10786K(196160K) From: 10879K(10880K)->0K(24512K)
[1.574s][info][gc,heap        ] GC(29) Tenured: 206945K(217816K)->294171K(490288K)
[1.575s][info][gc,metaspace   ] GC(29) Metaspace: 6303K(6528K)->6303K(6528K) NonClass: 5769K(5888K)->5769K(5888K) Class: 533K(640K)->533K(640K)
[1.575s][info][gc             ] GC(29) Pause Full (Allocation Failure) 297M->297M(694M) 246.440ms
[1.575s][info][gc,cpu         ] GC(29) User=0.23s Sys=0.00s Real=0.25s
[1.778s][info][gc,start       ] GC(30) Pause Young (Allocation Failure)
[2.119s][info][gc,heap        ] GC(30) DefNew: 196160K(220672K)->24511K(220672K) Eden: 196160K(196160K)->0K(196160K) From: 0K(24512K)->24511K(24512K)
[2.119s][info][gc,heap        ] GC(30) Tenured: 294171K(490288K)->465794K(490288K)
[2.119s][info][gc,metaspace   ] GC(30) Metaspace: 6303K(6528K)->6303K(6528K) NonClass: 5769K(5888K)->5769K(5888K) Class: 533K(640K)->533K(640K)
[2.119s][info][gc             ] GC(30) Pause Young (Allocation Failure) 478M->478M(694M) 341.195ms
[2.119s][info][gc,cpu         ] GC(30) User=0.25s Sys=0.05s Real=0.34s
[2.307s][info][gc,start       ] GC(31) Pause Young (Allocation Failure)
[2.685s][info][gc             ] GC(31) Pause Young (Allocation Failure) 670M->670M(861M) 378.049ms
[2.685s][info][gc,cpu         ] GC(31) User=0.36s Sys=0.00s Real=0.38s
[2.685s][info][gc,start       ] GC(32) Pause Full (Allocation Failure)
[2.685s][info][gc,phases,start] GC(32) Phase 1: Mark live objects
[3.000s][info][gc,phases      ] GC(32) Phase 1: Mark live objects 315.463ms
[3.000s][info][gc,phases,start] GC(32) Phase 2: Compute new object addresses
[3.119s][info][gc,phases      ] GC(32) Phase 2: Compute new object addresses 118.867ms
[3.119s][info][gc,phases,start] GC(32) Phase 3: Adjust pointers
[3.245s][info][gc,phases      ] GC(32) Phase 3: Adjust pointers 125.671ms
[3.245s][info][gc,phases,start] GC(32) Phase 4: Move objects
[3.251s][info][gc,phases      ] GC(32) Phase 4: Move objects 5.923ms
[3.253s][info][gc,heap        ] GC(32) DefNew: 220671K(220672K)->24498K(496512K) Eden: 196160K(196160K)->24498K(441344K) From: 24511K(24512K)->0K(55168K)
[3.253s][info][gc,heap        ] GC(32) Tenured: 465794K(490288K)->661935K(1103228K)
[3.253s][info][gc,metaspace   ] GC(32) Metaspace: 6303K(6528K)->6303K(6528K) NonClass: 5769K(5888K)->5769K(5888K) Class: 533K(640K)->533K(640K)
[3.253s][info][gc             ] GC(32) Pause Full (Allocation Failure) 670M->670M(1562M) 568.481ms
[3.253s][info][gc,cpu         ] GC(32) User=0.50s Sys=0.00s Real=0.57s
[3.708s][info][gc,start       ] GC(33) Pause Young (Allocation Failure)
[4.465s][info][gc,heap        ] GC(33) DefNew: 441344K(496512K)->55168K(496512K) Eden: 441344K(441344K)->0K(441344K) From: 0K(55168K)->55168K(55168K)
[4.465s][info][gc,heap        ] GC(33) Tenured: 661935K(1103228K)->1048081K(1103228K)
[4.465s][info][gc,metaspace   ] GC(33) Metaspace: 6303K(6528K)->6303K(6528K) NonClass: 5769K(5888K)->5769K(5888K) Class: 533K(640K)->533K(640K)
[4.465s][info][gc             ] GC(33) Pause Young (Allocation Failure) 1077M->1077M(1562M) 757.273ms
[4.465s][info][gc,cpu         ] GC(33) User=0.67s Sys=0.06s Real=0.76s
[4.951s][info][gc,start       ] GC(34) Pause Young (Allocation Failure)
[5.671s][info][gc             ] GC(34) Pause Young (Allocation Failure) 1508M->1455M(1886M) 720.181ms
[5.671s][info][gc,cpu         ] GC(34) User=0.61s Sys=0.11s Real=0.72s
[5.671s][info][gc,start       ] GC(35) Pause Full (Allocation Failure)
[5.671s][info][gc,phases,start] GC(35) Phase 1: Mark live objects
[6.303s][info][gc,phases      ] GC(35) Phase 1: Mark live objects 632.163ms
[6.303s][info][gc,phases,start] GC(35) Phase 2: Compute new object addresses
[6.513s][info][gc,phases      ] GC(35) Phase 2: Compute new object addresses 209.432ms
[6.513s][info][gc,phases,start] GC(35) Phase 3: Adjust pointers
[6.762s][info][gc,phases      ] GC(35) Phase 3: Adjust pointers 249.140ms
[6.762s][info][gc,phases,start] GC(35) Phase 4: Move objects
[6.773s][info][gc,phases      ] GC(35) Phase 4: Move objects 10.821ms
[6.777s][info][gc,heap        ] GC(35) DefNew: 496512K(496512K)->55094K(1076352K) Eden: 441344K(441344K)->55094K(956800K) From: 55168K(55168K)->0K(119552K)
[6.777s][info][gc,heap        ] GC(35) Tenured: 1048081K(1103228K)->1435071K(2391788K)
[6.777s][info][gc,metaspace   ] GC(35) Metaspace: 6303K(6528K)->6303K(6528K) NonClass: 5769K(5888K)->5769K(5888K) Class: 533K(640K)->533K(640K)
[6.777s][info][gc             ] GC(35) Pause Full (Allocation Failure) 1455M->1455M(3386M) 1105.798ms
[6.777s][info][gc,cpu         ] GC(35) User=1.09s Sys=0.00s Real=1.11s
[7.678s][info][gc,start       ] GC(36) Pause Young (Allocation Failure)
[9.319s][info][gc,heap        ] GC(36) DefNew: 956800K(1076352K)->119552K(1076352K) Eden: 956800K(956800K)->0K(956800K) From: 0K(119552K)->119552K(119552K)
[9.319s][info][gc,heap        ] GC(36) Tenured: 1435071K(2391788K)->2272287K(2391788K)
[9.319s][info][gc,metaspace   ] GC(36) Metaspace: 6303K(6528K)->6303K(6528K) NonClass: 5769K(5888K)->5769K(5888K) Class: 533K(640K)->533K(640K)
[9.319s][info][gc             ] GC(36) Pause Young (Allocation Failure) 2335M->2335M(3386M) 1640.572ms
[9.319s][info][gc,cpu         ] GC(36) User=1.41s Sys=0.22s Real=1.64s
[10.311s][info][gc,start       ] GC(37) Pause Young (Allocation Failure)
[12.115s][info][gc,promotion   ] GC(37) Promotion failed
[12.115s][info][gc             ] GC(37) Pause Young (Allocation Failure) 3270M->3984M(3984M) 1804.825ms
[12.115s][info][gc,cpu         ] GC(37) User=1.53s Sys=0.23s Real=1.81s
[12.115s][info][gc,start       ] GC(38) Pause Full (Allocation Failure)
[12.115s][info][gc,phases,start] GC(38) Phase 1: Mark live objects
[13.745s][info][gc,phases      ] GC(38) Phase 1: Mark live objects 1629.645ms
[13.745s][info][gc,phases,start] GC(38) Phase 2: Compute new object addresses
[14.305s][info][gc,phases      ] GC(38) Phase 2: Compute new object addresses 560.092ms
[14.305s][info][gc,phases,start] GC(38) Phase 3: Adjust pointers
[15.003s][info][gc,phases      ] GC(38) Phase 3: Adjust pointers 697.750ms
[15.003s][info][gc,phases,start] GC(38) Phase 4: Move objects
[15.624s][info][gc,phases      ] GC(38) Phase 4: Move objects 620.806ms
[15.625s][info][gc,heap        ] GC(38) DefNew: 1076352K(1076352K)->250623K(1351680K) Eden: 956800K(956800K)->250623K(1201536K) From: 119552K(119552K)->0K(150144K)
[15.626s][info][gc,heap        ] GC(38) Tenured: 2272287K(2391788K)->3003775K(3003776K)
[15.626s][info][gc,metaspace   ] GC(38) Metaspace: 6303K(6528K)->6303K(6528K) NonClass: 5769K(5888K)->5769K(5888K) Class: 533K(640K)->533K(640K)
[15.626s][info][gc             ] GC(38) Pause Full (Allocation Failure) 3984M->3178M(4253M) 3510.165ms
[15.626s][info][gc,cpu         ] GC(38) User=3.45s Sys=0.00s Real=3.51s
[16.896s][info][gc,start       ] GC(39) Pause Full (Allocation Failure)
[16.896s][info][gc,phases,start] GC(39) Phase 1: Mark live objects
[18.861s][info][gc,phases      ] GC(39) Phase 1: Mark live objects 1964.768ms
[18.861s][info][gc,phases,start] GC(39) Phase 2: Compute new object addresses
[19.460s][info][gc,phases      ] GC(39) Phase 2: Compute new object addresses 598.577ms
[19.460s][info][gc,phases,start] GC(39) Phase 3: Adjust pointers
[20.347s][info][gc,phases      ] GC(39) Phase 3: Adjust pointers 887.587ms
[20.347s][info][gc,phases,start] GC(39) Phase 4: Move objects
[20.513s][info][gc,phases      ] GC(39) Phase 4: Move objects 165.149ms
[20.513s][info][gc,heap        ] GC(39) DefNew: 1351679K(1351680K)->1351656K(1351680K) Eden: 1201536K(1201536K)->1201535K(1201536K) From: 150143K(150144K)->150120K(150144K)
[20.514s][info][gc,heap        ] GC(39) Tenured: 3003775K(3003776K)->3003775K(3003776K)
[20.514s][info][gc,metaspace   ] GC(39) Metaspace: 6303K(6528K)->6303K(6528K) NonClass: 5769K(5888K)->5769K(5888K) Class: 533K(640K)->533K(640K)
[20.514s][info][gc             ] GC(39) Pause Full (Allocation Failure) 4253M->4253M(4253M) 3617.383ms
[20.514s][info][gc,cpu         ] GC(39) User=3.61s Sys=0.00s Real=3.62s
[20.514s][info][gc,start       ] GC(40) Pause Full (Allocation Failure)
[20.514s][info][gc,phases,start] GC(40) Phase 1: Mark live objects
[22.490s][info][gc,phases      ] GC(40) Phase 1: Mark live objects 1975.537ms
[22.490s][info][gc,phases,start] GC(40) Phase 2: Compute new object addresses
[23.080s][info][gc,phases      ] GC(40) Phase 2: Compute new object addresses 590.586ms
[23.080s][info][gc,phases,start] GC(40) Phase 3: Adjust pointers
[23.878s][info][gc,phases      ] GC(40) Phase 3: Adjust pointers 797.916ms
[23.878s][info][gc,phases,start] GC(40) Phase 4: Move objects
[23.878s][info][gc,phases      ] GC(40) Phase 4: Move objects 0.015ms
[23.879s][info][gc,heap        ] GC(40) DefNew: 1351679K(1351680K)->1351679K(1351680K) Eden: 1201536K(1201536K)->1201536K(1201536K) From: 150143K(150144K)->150143K(150144K)
[23.879s][info][gc,heap        ] GC(40) Tenured: 3003775K(3003776K)->3003775K(3003776K)
[23.879s][info][gc,metaspace   ] GC(40) Metaspace: 6303K(6528K)->6303K(6528K) NonClass: 5769K(5888K)->5769K(5888K) Class: 533K(640K)->533K(640K)
[23.879s][info][gc             ] GC(40) Pause Full (Allocation Failure) 4253M->4253M(4253M) 3364.957ms
[23.879s][info][gc,cpu         ] GC(40) User=3.34s Sys=0.00s Real=3.36s
[23.879s][info][gc,start       ] GC(41) Pause Full (Allocation Failure)
[23.879s][info][gc,phases,start] GC(41) Phase 1: Mark live objects
[25.834s][info][gc,phases      ] GC(41) Phase 1: Mark live objects 1954.735ms
[25.834s][info][gc,phases,start] GC(41) Phase 2: Compute new object addresses
[26.431s][info][gc,phases      ] GC(41) Phase 2: Compute new object addresses 596.968ms
[26.431s][info][gc,phases,start] GC(41) Phase 3: Adjust pointers
[27.385s][info][gc,phases      ] GC(41) Phase 3: Adjust pointers 954.122ms
[27.385s][info][gc,phases,start] GC(41) Phase 4: Move objects
[28.088s][info][gc,phases      ] GC(41) Phase 4: Move objects 703.390ms
[28.089s][info][gc,heap        ] GC(41) DefNew: 1351679K(1351680K)->1351675K(1351680K) Eden: 1201536K(1201536K)->1201535K(1201536K) From: 150143K(150144K)->150139K(150144K)
[28.089s][info][gc,heap        ] GC(41) Tenured: 3003775K(3003776K)->3003775K(3003776K)
[28.089s][info][gc,metaspace   ] GC(41) Metaspace: 6303K(6528K)->6301K(6528K) NonClass: 5769K(5888K)->5768K(5888K) Class: 533K(640K)->532K(640K)
[28.089s][info][gc             ] GC(41) Pause Full (Allocation Failure) 4253M->4253M(4253M) 4210.465ms
[28.089s][info][gc,cpu         ] GC(41) User=4.20s Sys=0.00s Real=4.21s
[28.090s][info][gc,start       ] GC(42) Pause Full (Allocation Failure)
[28.090s][info][gc,phases,start] GC(42) Phase 1: Mark live objects
[30.040s][info][gc,phases      ] GC(42) Phase 1: Mark live objects 1949.560ms
[30.040s][info][gc,phases,start] GC(42) Phase 2: Compute new object addresses
[30.632s][info][gc,phases      ] GC(42) Phase 2: Compute new object addresses 591.966ms
[30.632s][info][gc,phases,start] GC(42) Phase 3: Adjust pointers
[31.427s][info][gc,phases      ] GC(42) Phase 3: Adjust pointers 795.474ms
[31.427s][info][gc,phases,start] GC(42) Phase 4: Move objects
[31.427s][info][gc,phases      ] GC(42) Phase 4: Move objects 0.025ms
[31.428s][info][gc,heap        ] GC(42) DefNew: 1351679K(1351680K)->1351679K(1351680K) Eden: 1201536K(1201536K)->1201536K(1201536K) From: 150143K(150144K)->150143K(150144K)
[31.428s][info][gc,heap        ] GC(42) Tenured: 3003775K(3003776K)->3003775K(3003776K)
[31.428s][info][gc,metaspace   ] GC(42) Metaspace: 6301K(6528K)->6301K(6528K) NonClass: 5768K(5888K)->5768K(5888K) Class: 532K(640K)->532K(640K)
[31.428s][info][gc             ] GC(42) Pause Full (Allocation Failure) 4253M->4253M(4253M) 3338.033ms
[31.428s][info][gc,cpu         ] GC(42) User=3.31s Sys=0.02s Real=3.34s
[31.428s][info][gc,start       ] GC(43) Pause Full (Allocation Failure)
[31.428s][info][gc,phases,start] GC(43) Phase 1: Mark live objects
[33.385s][info][gc,phases      ] GC(43) Phase 1: Mark live objects 1956.792ms
[33.385s][info][gc,phases,start] GC(43) Phase 2: Compute new object addresses
[33.978s][info][gc,phases      ] GC(43) Phase 2: Compute new object addresses 593.478ms
[33.978s][info][gc,phases,start] GC(43) Phase 3: Adjust pointers
[34.775s][info][gc,phases      ] GC(43) Phase 3: Adjust pointers 796.274ms
[34.775s][info][gc,phases,start] GC(43) Phase 4: Move objects
[34.775s][info][gc,phases      ] GC(43) Phase 4: Move objects 0.016ms
[34.775s][info][gc,heap        ] GC(43) DefNew: 1351679K(1351680K)->1351679K(1351680K) Eden: 1201536K(1201536K)->1201536K(1201536K) From: 150143K(150144K)->150143K(150144K)
[34.775s][info][gc,heap        ] GC(43) Tenured: 3003775K(3003776K)->3003775K(3003776K)
[34.775s][info][gc,metaspace   ] GC(43) Metaspace: 6301K(6528K)->6301K(6528K) NonClass: 5768K(5888K)->5768K(5888K) Class: 532K(640K)->532K(640K)
[34.776s][info][gc             ] GC(43) Pause Full (Allocation Failure) 4253M->4253M(4253M) 3347.505ms
[34.776s][info][gc,cpu         ] GC(43) User=3.34s Sys=0.00s Real=3.35s
[34.776s][info][gc,start       ] GC(44) Pause Full (Allocation Failure)
[34.776s][info][gc,phases,start] GC(44) Phase 1: Mark live objects
[36.738s][info][gc,phases      ] GC(44) Phase 1: Mark live objects 1961.677ms
[36.738s][info][gc,phases,start] GC(44) Phase 2: Compute new object addresses
[37.333s][info][gc,phases      ] GC(44) Phase 2: Compute new object addresses 595.414ms
[37.333s][info][gc,phases,start] GC(44) Phase 3: Adjust pointers
[38.140s][info][gc,phases      ] GC(44) Phase 3: Adjust pointers 806.801ms
[38.140s][info][gc,phases,start] GC(44) Phase 4: Move objects
[38.140s][info][gc,phases      ] GC(44) Phase 4: Move objects 0.016ms
[38.141s][info][gc,heap        ] GC(44) DefNew: 1351680K(1351680K)->1351679K(1351680K) Eden: 1201536K(1201536K)->1201536K(1201536K) From: 150144K(150144K)->150143K(150144K)
[38.141s][info][gc,heap        ] GC(44) Tenured: 3003775K(3003776K)->3003775K(3003776K)
[38.141s][info][gc,metaspace   ] GC(44) Metaspace: 6301K(6528K)->6301K(6528K) NonClass: 5768K(5888K)->5768K(5888K) Class: 532K(640K)->532K(640K)
[38.141s][info][gc             ] GC(44) Pause Full (Allocation Failure) 4253M->4253M(4253M) 3364.802ms
[38.141s][info][gc,cpu         ] GC(44) User=3.34s Sys=0.00s Real=3.37s
[38.141s][info][gc,start       ] GC(45) Pause Full (Allocation Failure)
[38.141s][info][gc,phases,start] GC(45) Phase 1: Mark live objects
[40.107s][info][gc,phases      ] GC(45) Phase 1: Mark live objects 1966.139ms
[40.107s][info][gc,phases,start] GC(45) Phase 2: Compute new object addresses
[40.702s][info][gc,phases      ] GC(45) Phase 2: Compute new object addresses 594.124ms
[40.702s][info][gc,phases,start] GC(45) Phase 3: Adjust pointers
[41.497s][info][gc,phases      ] GC(45) Phase 3: Adjust pointers 795.616ms
[41.497s][info][gc,phases,start] GC(45) Phase 4: Move objects
[41.497s][info][gc,phases      ] GC(45) Phase 4: Move objects 0.016ms
[41.498s][info][gc,heap        ] GC(45) DefNew: 1351680K(1351680K)->1351680K(1351680K) Eden: 1201536K(1201536K)->1201536K(1201536K) From: 150144K(150144K)->150144K(150144K)
[41.498s][info][gc,heap        ] GC(45) Tenured: 3003775K(3003776K)->3003775K(3003776K)
[41.498s][info][gc,metaspace   ] GC(45) Metaspace: 6301K(6528K)->6301K(6528K) NonClass: 5768K(5888K)->5768K(5888K) Class: 532K(640K)->532K(640K)
[41.498s][info][gc             ] GC(45) Pause Full (Allocation Failure) 4253M->4253M(4253M) 3356.733ms
[41.498s][info][gc,cpu         ] GC(45) User=3.36s Sys=0.00s Real=3.36s
[41.498s][info][gc,start       ] GC(46) Pause Full (Allocation Failure)
[41.498s][info][gc,phases,start] GC(46) Phase 1: Mark live objects
[43.448s][info][gc,phases      ] GC(46) Phase 1: Mark live objects 1950.064ms
[43.448s][info][gc,phases,start] GC(46) Phase 2: Compute new object addresses
[44.044s][info][gc,phases      ] GC(46) Phase 2: Compute new object addresses 595.462ms
[44.044s][info][gc,phases,start] GC(46) Phase 3: Adjust pointers
[44.990s][info][gc,phases      ] GC(46) Phase 3: Adjust pointers 946.590ms
[44.990s][info][gc,phases,start] GC(46) Phase 4: Move objects
[45.682s][info][gc,phases      ] GC(46) Phase 4: Move objects 692.096ms
[45.683s][info][gc,heap        ] GC(46) DefNew: 1351680K(1351680K)->1351678K(1351680K) Eden: 1201536K(1201536K)->1201535K(1201536K) From: 150144K(150144K)->150142K(150144K)
[45.683s][info][gc,heap        ] GC(46) Tenured: 3003775K(3003776K)->3003775K(3003776K)
[45.683s][info][gc,metaspace   ] GC(46) Metaspace: 6301K(6528K)->6301K(6528K) NonClass: 5768K(5888K)->5768K(5888K) Class: 532K(640K)->532K(640K)
[45.684s][info][gc             ] GC(46) Pause Full (Allocation Failure) 4253M->4253M(4253M) 4185.521ms
[45.684s][info][gc,cpu         ] GC(46) User=4.17s Sys=0.00s Real=4.19s
[45.685s][info][gc,start       ] GC(47) Pause Full (Allocation Failure)
[45.685s][info][gc,phases,start] GC(47) Phase 1: Mark live objects
[47.658s][info][gc,phases      ] GC(47) Phase 1: Mark live objects 1973.320ms
[47.658s][info][gc,phases,start] GC(47) Phase 2: Compute new object addresses
[48.258s][info][gc,phases      ] GC(47) Phase 2: Compute new object addresses 599.803ms
[48.258s][info][gc,phases,start] GC(47) Phase 3: Adjust pointers
[49.062s][info][gc,phases      ] GC(47) Phase 3: Adjust pointers 804.176ms
[49.062s][info][gc,phases,start] GC(47) Phase 4: Move objects
[49.062s][info][gc,phases      ] GC(47) Phase 4: Move objects 0.017ms
[49.063s][info][gc,heap        ] GC(47) DefNew: 1351679K(1351680K)->1351678K(1351680K) Eden: 1201536K(1201536K)->1201535K(1201536K) From: 150143K(150144K)->150142K(150144K)
[49.063s][info][gc,heap        ] GC(47) Tenured: 3003775K(3003776K)->3003775K(3003776K)
[49.063s][info][gc,metaspace   ] GC(47) Metaspace: 6303K(6528K)->6303K(6528K) NonClass: 5769K(5888K)->5769K(5888K) Class: 533K(640K)->533K(640K)
[49.063s][info][gc             ] GC(47) Pause Full (Allocation Failure) 4253M->4253M(4253M) 3378.215ms
[49.063s][info][gc,cpu         ] GC(47) User=3.38s Sys=0.00s Real=3.38s
[49.063s][info][gc,heap,exit   ] Heap
[49.064s][info][gc,heap,exit   ]  def new generation   total 1351680K, used 1351679K [0x00000006ed000000, 0x0000000748aa0000, 0x0000000748aa0000)
[49.064s][info][gc,heap,exit   ]   eden space 1201536K, 100% used [0x00000006ed000000, 0x0000000736560000, 0x0000000736560000)
[49.064s][info][gc,heap,exit   ]   from space 150144K,  99% used [0x0000000736560000, 0x000000073f7fff48, 0x000000073f800000)
[49.064s][info][gc,heap,exit   ]   to   space 150144K,   0% used [0x000000073f800000, 0x000000073f800000, 0x0000000748aa0000)
[49.064s][info][gc,heap,exit   ]  tenured generation   total 3003776K, used 3003775K [0x0000000748aa0000, 0x0000000800000000, 0x0000000800000000)
[49.064s][info][gc,heap,exit   ]    the space 3003776K,  99% used [0x0000000748aa0000, 0x00000007ffffffb8, 0x0000000800000000, 0x0000000800000000)
[49.064s][info][gc,heap,exit   ]  Metaspace       used 6306K, committed 6528K, reserved 1114112K
[49.064s][info][gc,heap,exit   ]   class space    used 534K, committed 640K, reserved 1048576K
