[0.012s][info][gc,init] CardTable entry size: 512
[0.012s][info][gc     ] Using Parallel
[0.013s][info][gc,init] Version: 18.0.1+10 (release)
[0.013s][info][gc,init] CPUs: 8 total, 8 available
[0.013s][info][gc,init] Memory: 16063M
[0.013s][info][gc,init] Large Page Support: Disabled
[0.013s][info][gc,init] NUMA Support: Disabled
[0.013s][info][gc,init] Compressed Oops: Enabled (Zero based)
[0.013s][info][gc,init] Alignments: Space 512K, Generation 512K, Heap 2M
[0.013s][info][gc,init] Heap Min Capacity: 2M
[0.014s][info][gc,init] Heap Initial Capacity: 2M
[0.014s][info][gc,init] Heap Max Capacity: 13700M
[0.014s][info][gc,init] Pre-touch: Disabled
[0.014s][info][gc,init] Parallel Workers: 8
[0.014s][info][gc,metaspace] CDS archive(s) not mapped
[0.014s][info][gc,metaspace] Compressed class space mapped at: 0x0000000800000000-0x0000000840000000, reserved size: 1073741824
[0.014s][info][gc,metaspace] Narrow klass base: 0x0000000800000000, Narrow klass shift: 0, Narrow klass range: 0x40000000
[0.113s][info][gc,start    ] GC(0) Pause Young (Allocation Failure)
[0.114s][info][gc,heap     ] GC(0) PSYoungGen: 512K(1024K)->480K(1024K) Eden: 512K(512K)->0K(512K) From: 0K(512K)->480K(512K)
[0.114s][info][gc,heap     ] GC(0) ParOldGen: 0K(512K)->8K(512K)
[0.114s][info][gc,metaspace] GC(0) Metaspace: 4230K(4352K)->4230K(4352K) NonClass: 3909K(3968K)->3909K(3968K) Class: 321K(384K)->321K(384K)
[0.114s][info][gc          ] GC(0) Pause Young (Allocation Failure) 0M->0M(1M) 1.129ms
[0.114s][info][gc,cpu      ] GC(0) User=0.00s Sys=0.00s Real=0.00s
[0.173s][info][gc,start    ] GC(1) Pause Young (Allocation Failure)
[0.174s][info][gc,heap     ] GC(1) PSYoungGen: 991K(1024K)->512K(1024K) Eden: 511K(512K)->0K(512K) From: 480K(512K)->512K(512K)
[0.174s][info][gc,heap     ] GC(1) ParOldGen: 8K(512K)->88K(512K)
[0.174s][info][gc,metaspace] GC(1) Metaspace: 5882K(6016K)->5882K(6016K) NonClass: 5386K(5504K)->5386K(5504K) Class: 496K(512K)->496K(512K)
[0.174s][info][gc          ] GC(1) Pause Young (Allocation Failure) 0M->0M(1M) 0.942ms
[0.174s][info][gc,cpu      ] GC(1) User=0.00s Sys=0.00s Real=0.00s
[0.192s][info][gc,start    ] GC(2) Pause Young (Allocation Failure)
[0.193s][info][gc,heap     ] GC(2) PSYoungGen: 1024K(1024K)->512K(1024K) Eden: 512K(512K)->0K(512K) From: 512K(512K)->512K(512K)
[0.193s][info][gc,heap     ] GC(2) ParOldGen: 88K(512K)->232K(512K)
[0.193s][info][gc,metaspace] GC(2) Metaspace: 6298K(6464K)->6298K(6464K) NonClass: 5765K(5824K)->5765K(5824K) Class: 533K(640K)->533K(640K)
[0.193s][info][gc          ] GC(2) Pause Young (Allocation Failure) 1M->0M(1M) 0.869ms
[0.193s][info][gc,cpu      ] GC(2) User=0.00s Sys=0.00s Real=0.00s
[0.195s][info][gc,start    ] GC(3) Pause Young (Allocation Failure)
[0.196s][info][gc,heap     ] GC(3) PSYoungGen: 1023K(1024K)->512K(1536K) Eden: 511K(512K)->0K(1024K) From: 512K(512K)->512K(512K)
[0.196s][info][gc,heap     ] GC(3) ParOldGen: 232K(512K)->504K(512K)
[0.196s][info][gc,metaspace] GC(3) Metaspace: 6301K(6528K)->6301K(6528K) NonClass: 5767K(5888K)->5767K(5888K) Class: 533K(640K)->533K(640K)
[0.196s][info][gc          ] GC(3) Pause Young (Allocation Failure) 1M->0M(2M) 1.027ms
[0.196s][info][gc,cpu      ] GC(3) User=0.00s Sys=0.00s Real=0.00s
[0.196s][info][gc,start    ] GC(4) Pause Full (Ergonomics)
[0.196s][info][gc,phases,start] GC(4) Marking Phase
[0.197s][info][gc,phases      ] GC(4) Marking Phase 1.018ms
[0.197s][info][gc,phases,start] GC(4) Summary Phase
[0.197s][info][gc,phases      ] GC(4) Summary Phase 0.015ms
[0.197s][info][gc,phases,start] GC(4) Adjust Roots
[0.197s][info][gc,phases      ] GC(4) Adjust Roots 0.327ms
[0.197s][info][gc,phases,start] GC(4) Compaction Phase
[0.199s][info][gc,phases      ] GC(4) Compaction Phase 1.525ms
[0.199s][info][gc,phases,start] GC(4) Post Compact
[0.199s][info][gc,phases      ] GC(4) Post Compact 0.062ms
[0.199s][info][gc,heap        ] GC(4) PSYoungGen: 512K(1536K)->508K(1536K) Eden: 0K(1024K)->0K(1024K) From: 512K(512K)->508K(512K)
[0.199s][info][gc,heap        ] GC(4) ParOldGen: 504K(512K)->459K(2048K)
[0.199s][info][gc,metaspace   ] GC(4) Metaspace: 6301K(6528K)->6301K(6528K) NonClass: 5767K(5888K)->5767K(5888K) Class: 533K(640K)->533K(640K)
[0.199s][info][gc             ] GC(4) Pause Full (Ergonomics) 0M->0M(3M) 3.249ms
[0.199s][info][gc,cpu         ] GC(4) User=0.00s Sys=0.00s Real=0.00s
[0.200s][info][gc,start       ] GC(5) Pause Young (Allocation Failure)
[0.201s][info][gc,heap        ] GC(5) PSYoungGen: 1532K(1536K)->480K(1536K) Eden: 1024K(1024K)->0K(1024K) From: 508K(512K)->480K(512K)
[0.201s][info][gc,heap        ] GC(5) ParOldGen: 459K(2048K)->1019K(2048K)
[0.201s][info][gc,metaspace   ] GC(5) Metaspace: 6301K(6528K)->6301K(6528K) NonClass: 5767K(5888K)->5767K(5888K) Class: 533K(640K)->533K(640K)
[0.202s][info][gc             ] GC(5) Pause Young (Allocation Failure) 1M->1M(3M) 1.136ms
[0.202s][info][gc,cpu         ] GC(5) User=0.00s Sys=0.00s Real=0.00s
[0.203s][info][gc,start       ] GC(6) Pause Young (Allocation Failure)
[0.204s][info][gc,heap        ] GC(6) PSYoungGen: 1504K(1536K)->1024K(3584K) Eden: 1023K(1024K)->0K(2048K) From: 480K(512K)->1024K(1536K)
[0.204s][info][gc,heap        ] GC(6) ParOldGen: 1019K(2048K)->1019K(2048K)
[0.204s][info][gc,metaspace   ] GC(6) Metaspace: 6301K(6528K)->6301K(6528K) NonClass: 5767K(5888K)->5767K(5888K) Class: 533K(640K)->533K(640K)
[0.204s][info][gc             ] GC(6) Pause Young (Allocation Failure) 2M->1M(5M) 1.163ms
[0.204s][info][gc,cpu         ] GC(6) User=0.00s Sys=0.00s Real=0.00s
[0.207s][info][gc,start       ] GC(7) Pause Young (Allocation Failure)
[0.209s][info][gc,heap        ] GC(7) PSYoungGen: 3072K(3584K)->1504K(3584K) Eden: 2048K(2048K)->0K(2048K) From: 1024K(1536K)->1504K(1536K)
[0.209s][info][gc,heap        ] GC(7) ParOldGen: 1019K(2048K)->1571K(2048K)
[0.209s][info][gc,metaspace   ] GC(7) Metaspace: 6301K(6528K)->6301K(6528K) NonClass: 5767K(5888K)->5767K(5888K) Class: 533K(640K)->533K(640K)
[0.209s][info][gc             ] GC(7) Pause Young (Allocation Failure) 3M->3M(5M) 2.097ms
[0.209s][info][gc,cpu         ] GC(7) User=0.00s Sys=0.00s Real=0.00s
[0.209s][info][gc,start       ] GC(8) Pause Full (Ergonomics)
[0.209s][info][gc,phases,start] GC(8) Marking Phase
[0.210s][info][gc,phases      ] GC(8) Marking Phase 1.756ms
[0.211s][info][gc,phases,start] GC(8) Summary Phase
[0.211s][info][gc,phases      ] GC(8) Summary Phase 0.015ms
[0.211s][info][gc,phases,start] GC(8) Adjust Roots
[0.211s][info][gc,phases      ] GC(8) Adjust Roots 0.363ms
[0.211s][info][gc,phases,start] GC(8) Compaction Phase
[0.213s][info][gc,phases      ] GC(8) Compaction Phase 2.236ms
[0.213s][info][gc,phases,start] GC(8) Post Compact
[0.213s][info][gc,phases      ] GC(8) Post Compact 0.026ms
[0.213s][info][gc,heap        ] GC(8) PSYoungGen: 1504K(3584K)->1501K(3584K) Eden: 0K(2048K)->0K(2048K) From: 1504K(1536K)->1501K(1536K)
[0.213s][info][gc,heap        ] GC(8) ParOldGen: 1571K(2048K)->1538K(4096K)
[0.213s][info][gc,metaspace   ] GC(8) Metaspace: 6301K(6528K)->6301K(6528K) NonClass: 5767K(5888K)->5767K(5888K) Class: 533K(640K)->533K(640K)
[0.213s][info][gc             ] GC(8) Pause Full (Ergonomics) 3M->2M(7M) 4.692ms
[0.213s][info][gc,cpu         ] GC(8) User=0.00s Sys=0.00s Real=0.00s
[0.216s][info][gc,start       ] GC(9) Pause Young (Allocation Failure)
[0.219s][info][gc,heap        ] GC(9) PSYoungGen: 3549K(3584K)->2016K(5120K) Eden: 2048K(2048K)->0K(3072K) From: 1501K(1536K)->2016K(2048K)
[0.219s][info][gc,heap        ] GC(9) ParOldGen: 1538K(4096K)->2090K(4096K)
[0.219s][info][gc,metaspace   ] GC(9) Metaspace: 6301K(6528K)->6301K(6528K) NonClass: 5767K(5888K)->5767K(5888K) Class: 533K(640K)->533K(640K)
[0.219s][info][gc             ] GC(9) Pause Young (Allocation Failure) 4M->4M(9M) 2.791ms
[0.219s][info][gc,cpu         ] GC(9) User=0.00s Sys=0.00s Real=0.00s
[0.223s][info][gc,start       ] GC(10) Pause Young (Allocation Failure)
[0.226s][info][gc,heap        ] GC(10) PSYoungGen: 5088K(5120K)->2528K(5632K) Eden: 3072K(3072K)->0K(3072K) From: 2016K(2048K)->2528K(2560K)
[0.226s][info][gc,heap        ] GC(10) ParOldGen: 2090K(4096K)->3178K(4096K)
[0.226s][info][gc,metaspace   ] GC(10) Metaspace: 6301K(6528K)->6301K(6528K) NonClass: 5767K(5888K)->5767K(5888K) Class: 533K(640K)->533K(640K)
[0.226s][info][gc             ] GC(10) Pause Young (Allocation Failure) 7M->5M(9M) 3.308ms
[0.226s][info][gc,cpu         ] GC(10) User=0.00s Sys=0.00s Real=0.00s
[0.226s][info][gc,start       ] GC(11) Pause Full (Ergonomics)
[0.226s][info][gc,phases,start] GC(11) Marking Phase
[0.229s][info][gc,phases      ] GC(11) Marking Phase 2.886ms
[0.229s][info][gc,phases,start] GC(11) Summary Phase
[0.229s][info][gc,phases      ] GC(11) Summary Phase 0.016ms
[0.229s][info][gc,phases,start] GC(11) Adjust Roots
[0.230s][info][gc,phases      ] GC(11) Adjust Roots 0.216ms
[0.230s][info][gc,phases,start] GC(11) Compaction Phase
[0.233s][info][gc,phases      ] GC(11) Compaction Phase 2.899ms
[0.233s][info][gc,phases,start] GC(11) Post Compact
[0.233s][info][gc,phases      ] GC(11) Post Compact 0.034ms
[0.233s][info][gc,heap        ] GC(11) PSYoungGen: 2528K(5632K)->1916K(5632K) Eden: 0K(3072K)->0K(3072K) From: 2528K(2560K)->1916K(2560K)
[0.233s][info][gc,heap        ] GC(11) ParOldGen: 3178K(4096K)->3744K(7168K)
[0.233s][info][gc,metaspace   ] GC(11) Metaspace: 6301K(6528K)->6301K(6528K) NonClass: 5767K(5888K)->5767K(5888K) Class: 533K(640K)->533K(640K)
[0.233s][info][gc             ] GC(11) Pause Full (Ergonomics) 5M->5M(12M) 6.340ms
[0.233s][info][gc,cpu         ] GC(11) User=0.00s Sys=0.00s Real=0.01s
[0.236s][info][gc,start       ] GC(12) Pause Young (Allocation Failure)
[0.240s][info][gc,heap        ] GC(12) PSYoungGen: 4988K(5632K)->2688K(8192K) Eden: 3072K(3072K)->0K(4608K) From: 1916K(2560K)->2688K(3584K)
[0.240s][info][gc,heap        ] GC(12) ParOldGen: 3744K(7168K)->4728K(7168K)
[0.240s][info][gc,metaspace   ] GC(12) Metaspace: 6301K(6528K)->6301K(6528K) NonClass: 5767K(5888K)->5767K(5888K) Class: 533K(640K)->533K(640K)
[0.240s][info][gc             ] GC(12) Pause Young (Allocation Failure) 8M->7M(15M) 3.480ms
[0.240s][info][gc,cpu         ] GC(12) User=0.00s Sys=0.00s Real=0.00s
[0.244s][info][gc,start       ] GC(13) Pause Young (Allocation Failure)
[0.247s][info][gc,heap        ] GC(13) PSYoungGen: 7296K(8192K)->2400K(8192K) Eden: 4608K(4608K)->0K(4608K) From: 2688K(3584K)->2400K(3584K)
[0.248s][info][gc,heap        ] GC(13) ParOldGen: 4728K(7168K)->7424K(7680K)
[0.248s][info][gc,metaspace   ] GC(13) Metaspace: 6301K(6528K)->6301K(6528K) NonClass: 5767K(5888K)->5767K(5888K) Class: 533K(640K)->533K(640K)
[0.248s][info][gc             ] GC(13) Pause Young (Allocation Failure) 11M->9M(15M) 3.646ms
[0.248s][info][gc,cpu         ] GC(13) User=0.00s Sys=0.00s Real=0.00s
[0.248s][info][gc,start       ] GC(14) Pause Full (Ergonomics)
[0.248s][info][gc,phases,start] GC(14) Marking Phase
[0.252s][info][gc,phases      ] GC(14) Marking Phase 3.967ms
[0.252s][info][gc,phases,start] GC(14) Summary Phase
[0.252s][info][gc,phases      ] GC(14) Summary Phase 0.014ms
[0.252s][info][gc,phases,start] GC(14) Adjust Roots
[0.252s][info][gc,phases      ] GC(14) Adjust Roots 0.199ms
[0.252s][info][gc,phases,start] GC(14) Compaction Phase
[0.256s][info][gc,phases      ] GC(14) Compaction Phase 3.719ms
[0.256s][info][gc,phases,start] GC(14) Post Compact
[0.256s][info][gc,phases      ] GC(14) Post Compact 0.070ms
[0.256s][info][gc,heap        ] GC(14) PSYoungGen: 2400K(8192K)->2372K(8192K) Eden: 0K(4608K)->0K(4608K) From: 2400K(3584K)->2372K(3584K)
[0.256s][info][gc,heap        ] GC(14) ParOldGen: 7424K(7680K)->7233K(12288K)
[0.256s][info][gc,metaspace   ] GC(14) Metaspace: 6301K(6528K)->6301K(6528K) NonClass: 5767K(5888K)->5767K(5888K) Class: 533K(640K)->533K(640K)
[0.256s][info][gc             ] GC(14) Pause Full (Ergonomics) 9M->9M(20M) 8.276ms
[0.256s][info][gc,cpu         ] GC(14) User=0.00s Sys=0.00s Real=0.01s
[0.260s][info][gc,start       ] GC(15) Pause Young (Allocation Failure)
[0.264s][info][gc,heap        ] GC(15) PSYoungGen: 6471K(8192K)->2112K(10752K) Eden: 4099K(4608K)->0K(6656K) From: 2372K(3584K)->2112K(4096K)
[0.264s][info][gc,heap        ] GC(15) ParOldGen: 7233K(12288K)->9649K(12288K)
[0.264s][info][gc,metaspace   ] GC(15) Metaspace: 6301K(6528K)->6301K(6528K) NonClass: 5767K(5888K)->5767K(5888K) Class: 533K(640K)->533K(640K)
[0.264s][info][gc             ] GC(15) Pause Young (Allocation Failure) 13M->11M(22M) 4.214ms
[0.264s][info][gc,cpu         ] GC(15) User=0.02s Sys=0.00s Real=0.00s
[0.271s][info][gc,start       ] GC(16) Pause Young (Allocation Failure)
[0.277s][info][gc,heap        ] GC(16) PSYoungGen: 8768K(10752K)->3680K(10752K) Eden: 6656K(6656K)->0K(6656K) From: 2112K(4096K)->3680K(4096K)
[0.277s][info][gc,heap        ] GC(16) ParOldGen: 9649K(12288K)->11753K(12288K)
[0.277s][info][gc,metaspace   ] GC(16) Metaspace: 6303K(6528K)->6303K(6528K) NonClass: 5769K(5888K)->5769K(5888K) Class: 533K(640K)->533K(640K)
[0.277s][info][gc             ] GC(16) Pause Young (Allocation Failure) 17M->15M(22M) 5.440ms
[0.277s][info][gc,cpu         ] GC(16) User=0.00s Sys=0.00s Real=0.01s
[0.277s][info][gc,start       ] GC(17) Pause Full (Ergonomics)
[0.277s][info][gc,phases,start] GC(17) Marking Phase
[0.283s][info][gc,phases      ] GC(17) Marking Phase 6.641ms
[0.283s][info][gc,phases,start] GC(17) Summary Phase
[0.283s][info][gc,phases      ] GC(17) Summary Phase 0.015ms
[0.283s][info][gc,phases,start] GC(17) Adjust Roots
[0.284s][info][gc,phases      ] GC(17) Adjust Roots 0.176ms
[0.284s][info][gc,phases,start] GC(17) Compaction Phase
[0.290s][info][gc,phases      ] GC(17) Compaction Phase 6.068ms
[0.290s][info][gc,phases,start] GC(17) Post Compact
[0.290s][info][gc,phases      ] GC(17) Post Compact 0.073ms
[0.290s][info][gc,heap        ] GC(17) PSYoungGen: 3680K(10752K)->3040K(10752K) Eden: 0K(6656K)->0K(6656K) From: 3680K(4096K)->3040K(4096K)
[0.290s][info][gc,heap        ] GC(17) ParOldGen: 11753K(12288K)->12023K(18944K)
[0.290s][info][gc,metaspace   ] GC(17) Metaspace: 6303K(6528K)->6303K(6528K) NonClass: 5769K(5888K)->5769K(5888K) Class: 533K(640K)->533K(640K)
[0.290s][info][gc             ] GC(17) Pause Full (Ergonomics) 15M->14M(29M) 13.315ms
[0.290s][info][gc,cpu         ] GC(17) User=0.00s Sys=0.00s Real=0.01s
[0.294s][info][gc,start       ] GC(18) Pause Young (Allocation Failure)
[0.300s][info][gc,heap        ] GC(18) PSYoungGen: 9696K(10752K)->3456K(13824K) Eden: 6656K(6656K)->0K(9216K) From: 3040K(4096K)->3456K(4608K)
[0.300s][info][gc,heap        ] GC(18) ParOldGen: 12023K(18944K)->15119K(18944K)
[0.300s][info][gc,metaspace   ] GC(18) Metaspace: 6303K(6528K)->6303K(6528K) NonClass: 5769K(5888K)->5769K(5888K) Class: 533K(640K)->533K(640K)
[0.300s][info][gc             ] GC(18) Pause Young (Allocation Failure) 21M->18M(32M) 5.878ms
[0.300s][info][gc,cpu         ] GC(18) User=0.00s Sys=0.00s Real=0.01s
[0.305s][info][gc,start       ] GC(19) Pause Young (Allocation Failure)
[0.311s][info][gc,heap        ] GC(19) PSYoungGen: 11651K(13824K)->4224K(13824K) Eden: 8195K(9216K)->0K(9216K) From: 3456K(4608K)->4224K(4608K)
[0.311s][info][gc,heap        ] GC(19) ParOldGen: 15119K(18944K)->18615K(18944K)
[0.311s][info][gc,metaspace   ] GC(19) Metaspace: 6303K(6528K)->6303K(6528K) NonClass: 5769K(5888K)->5769K(5888K) Class: 533K(640K)->533K(640K)
[0.311s][info][gc             ] GC(19) Pause Young (Allocation Failure) 26M->22M(32M) 6.135ms
[0.311s][info][gc,cpu         ] GC(19) User=0.00s Sys=0.00s Real=0.01s
[0.311s][info][gc,start       ] GC(20) Pause Full (Ergonomics)
[0.311s][info][gc,phases,start] GC(20) Marking Phase
[0.320s][info][gc,phases      ] GC(20) Marking Phase 9.364ms
[0.320s][info][gc,phases,start] GC(20) Summary Phase
[0.320s][info][gc,phases      ] GC(20) Summary Phase 0.015ms
[0.320s][info][gc,phases,start] GC(20) Adjust Roots
[0.321s][info][gc,phases      ] GC(20) Adjust Roots 0.157ms
[0.321s][info][gc,phases,start] GC(20) Compaction Phase
[0.328s][info][gc,phases      ] GC(20) Compaction Phase 7.008ms
[0.328s][info][gc,phases,start] GC(20) Post Compact
[0.328s][info][gc,phases      ] GC(20) Post Compact 0.237ms
[0.328s][info][gc,heap        ] GC(20) PSYoungGen: 4224K(13824K)->4182K(13824K) Eden: 0K(9216K)->0K(9216K) From: 4224K(4608K)->4182K(4608K)
[0.328s][info][gc,heap        ] GC(20) ParOldGen: 18615K(18944K)->18497K(28160K)
[0.328s][info][gc,metaspace   ] GC(20) Metaspace: 6303K(6528K)->6303K(6528K) NonClass: 5769K(5888K)->5769K(5888K) Class: 533K(640K)->533K(640K)
[0.328s][info][gc             ] GC(20) Pause Full (Ergonomics) 22M->22M(41M) 17.165ms
[0.328s][info][gc,cpu         ] GC(20) User=0.02s Sys=0.00s Real=0.02s
[0.336s][info][gc,start       ] GC(21) Pause Young (Allocation Failure)
[0.344s][info][gc,heap        ] GC(21) PSYoungGen: 13398K(13824K)->5088K(14848K) Eden: 9216K(9216K)->0K(9728K) From: 4182K(4608K)->5088K(5120K)
[0.345s][info][gc,heap        ] GC(21) ParOldGen: 18497K(28160K)->22937K(28160K)
[0.345s][info][gc,metaspace   ] GC(21) Metaspace: 6303K(6528K)->6303K(6528K) NonClass: 5769K(5888K)->5769K(5888K) Class: 533K(640K)->533K(640K)
[0.345s][info][gc             ] GC(21) Pause Young (Allocation Failure) 31M->27M(42M) 8.818ms
[0.345s][info][gc,cpu         ] GC(21) User=0.00s Sys=0.00s Real=0.01s
[0.350s][info][gc,start       ] GC(22) Pause Young (Allocation Failure)
[0.358s][info][gc,heap        ] GC(22) PSYoungGen: 14816K(14848K)->5056K(17408K) Eden: 9728K(9728K)->0K(9728K) From: 5088K(5120K)->5056K(7680K)
[0.358s][info][gc,heap        ] GC(22) ParOldGen: 22937K(28160K)->28081K(28160K)
[0.358s][info][gc,metaspace   ] GC(22) Metaspace: 6303K(6528K)->6303K(6528K) NonClass: 5769K(5888K)->5769K(5888K) Class: 533K(640K)->533K(640K)
[0.358s][info][gc             ] GC(22) Pause Young (Allocation Failure) 36M->32M(44M) 7.469ms
[0.358s][info][gc,cpu         ] GC(22) User=0.02s Sys=0.00s Real=0.01s
[0.358s][info][gc,start       ] GC(23) Pause Full (Ergonomics)
[0.358s][info][gc,phases,start] GC(23) Marking Phase
[0.371s][info][gc,phases      ] GC(23) Marking Phase 13.017ms
[0.371s][info][gc,phases,start] GC(23) Summary Phase
[0.371s][info][gc,phases      ] GC(23) Summary Phase 0.017ms
[0.371s][info][gc,phases,start] GC(23) Adjust Roots
[0.371s][info][gc,phases      ] GC(23) Adjust Roots 0.209ms
[0.371s][info][gc,phases,start] GC(23) Compaction Phase
[0.383s][info][gc,phases      ] GC(23) Compaction Phase 11.574ms
[0.383s][info][gc,phases,start] GC(23) Post Compact
[0.383s][info][gc,phases      ] GC(23) Post Compact 0.101ms
[0.383s][info][gc,heap        ] GC(23) PSYoungGen: 5056K(17408K)->4517K(17408K) Eden: 0K(9728K)->0K(9728K) From: 5056K(7680K)->4517K(7680K)
[0.383s][info][gc,heap        ] GC(23) ParOldGen: 28081K(28160K)->27937K(39936K)
[0.383s][info][gc,metaspace   ] GC(23) Metaspace: 6303K(6528K)->6303K(6528K) NonClass: 5769K(5888K)->5769K(5888K) Class: 533K(640K)->533K(640K)
[0.383s][info][gc             ] GC(23) Pause Full (Ergonomics) 32M->31M(56M) 25.210ms
[0.383s][info][gc,cpu         ] GC(23) User=0.00s Sys=0.00s Real=0.03s
[0.391s][info][gc,start       ] GC(24) Pause Young (Allocation Failure)
[0.401s][info][gc,heap        ] GC(24) PSYoungGen: 14245K(17408K)->7488K(19456K) Eden: 9728K(9728K)->0K(11264K) From: 4517K(7680K)->7488K(8192K)
[0.401s][info][gc,heap        ] GC(24) ParOldGen: 27937K(39936K)->32537K(39936K)
[0.401s][info][gc,metaspace   ] GC(24) Metaspace: 6303K(6528K)->6303K(6528K) NonClass: 5769K(5888K)->5769K(5888K) Class: 533K(640K)->533K(640K)
[0.401s][info][gc             ] GC(24) Pause Young (Allocation Failure) 41M->39M(58M) 10.451ms
[0.401s][info][gc,cpu         ] GC(24) User=0.00s Sys=0.00s Real=0.01s
[0.417s][info][gc,start       ] GC(25) Pause Young (Allocation Failure)
[0.431s][info][gc,heap        ] GC(25) PSYoungGen: 18752K(19456K)->9184K(20480K) Eden: 11264K(11264K)->0K(11264K) From: 7488K(8192K)->9184K(9216K)
[0.431s][info][gc,heap        ] GC(25) ParOldGen: 32537K(39936K)->42193K(42496K)
[0.431s][info][gc,metaspace   ] GC(25) Metaspace: 6303K(6528K)->6303K(6528K) NonClass: 5769K(5888K)->5769K(5888K) Class: 533K(640K)->533K(640K)
[0.431s][info][gc             ] GC(25) Pause Young (Allocation Failure) 50M->50M(61M) 14.020ms
[0.431s][info][gc,cpu         ] GC(25) User=0.02s Sys=0.00s Real=0.01s
[0.431s][info][gc,start       ] GC(26) Pause Full (Ergonomics)
[0.431s][info][gc,phases,start] GC(26) Marking Phase
[0.451s][info][gc,phases      ] GC(26) Marking Phase 20.285ms
[0.451s][info][gc,phases,start] GC(26) Summary Phase
[0.451s][info][gc,phases      ] GC(26) Summary Phase 0.017ms
[0.451s][info][gc,phases,start] GC(26) Adjust Roots
[0.451s][info][gc,phases      ] GC(26) Adjust Roots 0.158ms
[0.451s][info][gc,phases,start] GC(26) Compaction Phase
[0.466s][info][gc,phases      ] GC(26) Compaction Phase 14.602ms
[0.466s][info][gc,phases,start] GC(26) Post Compact
[0.466s][info][gc,phases      ] GC(26) Post Compact 0.194ms
[0.466s][info][gc,heap        ] GC(26) PSYoungGen: 9184K(20480K)->9170K(20480K) Eden: 0K(11264K)->0K(11264K) From: 9184K(9216K)->9170K(9216K)
[0.466s][info][gc,heap        ] GC(26) ParOldGen: 42193K(42496K)->40925K(56832K)
[0.466s][info][gc,metaspace   ] GC(26) Metaspace: 6303K(6528K)->6303K(6528K) NonClass: 5769K(5888K)->5769K(5888K) Class: 533K(640K)->533K(640K)
[0.466s][info][gc             ] GC(26) Pause Full (Ergonomics) 50M->48M(75M) 35.619ms
[0.466s][info][gc,cpu         ] GC(26) User=0.03s Sys=0.00s Real=0.04s
[0.477s][info][gc,start       ] GC(27) Pause Young (Allocation Failure)
[0.493s][info][gc,heap        ] GC(27) PSYoungGen: 20434K(20480K)->11264K(26624K) Eden: 11264K(11264K)->0K(12288K) From: 9170K(9216K)->11264K(14336K)
[0.493s][info][gc,heap        ] GC(27) ParOldGen: 40925K(56832K)->50213K(56832K)
[0.493s][info][gc,metaspace   ] GC(27) Metaspace: 6303K(6528K)->6303K(6528K) NonClass: 5769K(5888K)->5769K(5888K) Class: 533K(640K)->533K(640K)
[0.493s][info][gc             ] GC(27) Pause Young (Allocation Failure) 59M->60M(81M) 15.868ms
[0.493s][info][gc,cpu         ] GC(27) User=0.00s Sys=0.00s Real=0.01s
[0.493s][info][gc,start       ] GC(28) Pause Full (Ergonomics)
[0.493s][info][gc,phases,start] GC(28) Marking Phase
[0.516s][info][gc,phases      ] GC(28) Marking Phase 23.417ms
[0.516s][info][gc,phases,start] GC(28) Summary Phase
[0.516s][info][gc,phases      ] GC(28) Summary Phase 0.023ms
[0.516s][info][gc,phases,start] GC(28) Adjust Roots
[0.516s][info][gc,phases      ] GC(28) Adjust Roots 0.160ms
[0.516s][info][gc,phases,start] GC(28) Compaction Phase
[0.534s][info][gc,phases      ] GC(28) Compaction Phase 17.110ms
[0.534s][info][gc,phases,start] GC(28) Post Compact
[0.534s][info][gc,phases      ] GC(28) Post Compact 0.217ms
[0.534s][info][gc,heap        ] GC(28) PSYoungGen: 11264K(26624K)->4586K(26624K) Eden: 0K(12288K)->0K(12288K) From: 11264K(14336K)->4586K(14336K)
[0.534s][info][gc,heap        ] GC(28) ParOldGen: 50213K(56832K)->56738K(76288K)
[0.534s][info][gc,metaspace   ] GC(28) Metaspace: 6303K(6528K)->6303K(6528K) NonClass: 5769K(5888K)->5769K(5888K) Class: 533K(640K)->533K(640K)
[0.534s][info][gc             ] GC(28) Pause Full (Ergonomics) 60M->59M(100M) 41.295ms
[0.534s][info][gc,cpu         ] GC(28) User=0.03s Sys=0.00s Real=0.04s
[0.546s][info][gc,start       ] GC(29) Pause Young (Allocation Failure)
[0.561s][info][gc,heap        ] GC(29) PSYoungGen: 16874K(26624K)->12288K(28160K) Eden: 12288K(12288K)->0K(12288K) From: 4586K(14336K)->12288K(15872K)
[0.561s][info][gc,heap        ] GC(29) ParOldGen: 56738K(76288K)->61410K(76288K)
[0.561s][info][gc,metaspace   ] GC(29) Metaspace: 6303K(6528K)->6303K(6528K) NonClass: 5769K(5888K)->5769K(5888K) Class: 533K(640K)->533K(640K)
[0.561s][info][gc             ] GC(29) Pause Young (Allocation Failure) 71M->71M(102M) 14.694ms
[0.561s][info][gc,cpu         ] GC(29) User=0.00s Sys=0.00s Real=0.01s
[0.574s][info][gc,start       ] GC(30) Pause Young (Allocation Failure)
[0.593s][info][gc,heap        ] GC(30) PSYoungGen: 24576K(28160K)->16896K(25600K) Eden: 12288K(12288K)->0K(8704K) From: 12288K(15872K)->16896K(16896K)
[0.593s][info][gc,heap        ] GC(30) ParOldGen: 61410K(76288K)->69178K(76288K)
[0.593s][info][gc,metaspace   ] GC(30) Metaspace: 6303K(6528K)->6303K(6528K) NonClass: 5769K(5888K)->5769K(5888K) Class: 533K(640K)->533K(640K)
[0.593s][info][gc             ] GC(30) Pause Young (Allocation Failure) 83M->84M(99M) 19.722ms
[0.593s][info][gc,cpu         ] GC(30) User=0.05s Sys=0.00s Real=0.02s
[0.593s][info][gc,start       ] GC(31) Pause Full (Ergonomics)
[0.593s][info][gc,phases,start] GC(31) Marking Phase
[0.627s][info][gc,phases      ] GC(31) Marking Phase 33.574ms
[0.627s][info][gc,phases,start] GC(31) Summary Phase
[0.627s][info][gc,phases      ] GC(31) Summary Phase 0.016ms
[0.627s][info][gc,phases,start] GC(31) Adjust Roots
[0.627s][info][gc,phases      ] GC(31) Adjust Roots 0.181ms
[0.627s][info][gc,phases,start] GC(31) Compaction Phase
[0.648s][info][gc,phases      ] GC(31) Compaction Phase 20.683ms
[0.648s][info][gc,phases,start] GC(31) Post Compact
[0.649s][info][gc,phases      ] GC(31) Post Compact 0.572ms
[0.649s][info][gc,heap        ] GC(31) PSYoungGen: 16896K(25600K)->9708K(25600K) Eden: 0K(8704K)->0K(8704K) From: 16896K(16896K)->9708K(16896K)
[0.649s][info][gc,heap        ] GC(31) ParOldGen: 69178K(76288K)->76126K(97792K)
[0.649s][info][gc,metaspace   ] GC(31) Metaspace: 6303K(6528K)->6303K(6528K) NonClass: 5769K(5888K)->5769K(5888K) Class: 533K(640K)->533K(640K)
[0.649s][info][gc             ] GC(31) Pause Full (Ergonomics) 84M->83M(120M) 55.523ms
[0.649s][info][gc,cpu         ] GC(31) User=0.08s Sys=0.00s Real=0.06s
[0.667s][info][gc,start       ] GC(32) Pause Young (Allocation Failure)
[0.683s][info][gc,heap        ] GC(32) PSYoungGen: 18412K(25600K)->8736K(31744K) Eden: 8704K(8704K)->0K(8704K) From: 9708K(16896K)->8736K(23040K)
[0.683s][info][gc,heap        ] GC(32) ParOldGen: 76126K(97792K)->85998K(97792K)
[0.683s][info][gc,metaspace   ] GC(32) Metaspace: 6303K(6528K)->6303K(6528K) NonClass: 5769K(5888K)->5769K(5888K) Class: 533K(640K)->533K(640K)
[0.683s][info][gc             ] GC(32) Pause Young (Allocation Failure) 92M->92M(126M) 16.349ms
[0.683s][info][gc,cpu         ] GC(32) User=0.03s Sys=0.00s Real=0.02s
[0.683s][info][gc,start       ] GC(33) Pause Full (Ergonomics)
[0.683s][info][gc,phases,start] GC(33) Marking Phase
[0.708s][info][gc,phases      ] GC(33) Marking Phase 24.946ms
[0.708s][info][gc,phases,start] GC(33) Summary Phase
[0.708s][info][gc,phases      ] GC(33) Summary Phase 0.017ms
[0.708s][info][gc,phases,start] GC(33) Adjust Roots
[0.708s][info][gc,phases      ] GC(33) Adjust Roots 0.151ms
[0.708s][info][gc,phases,start] GC(33) Compaction Phase
[0.727s][info][gc,phases      ] GC(33) Compaction Phase 18.503ms
[0.727s][info][gc,phases,start] GC(33) Post Compact
[0.727s][info][gc,phases      ] GC(33) Post Compact 0.327ms
[0.728s][info][gc,heap        ] GC(33) PSYoungGen: 8736K(31744K)->0K(31232K) Eden: 0K(8704K)->0K(10240K) From: 8736K(23040K)->0K(20992K)
[0.728s][info][gc,heap        ] GC(33) ParOldGen: 85998K(97792K)->92474K(116736K)
[0.728s][info][gc,metaspace   ] GC(33) Metaspace: 6303K(6528K)->6303K(6528K) NonClass: 5769K(5888K)->5769K(5888K) Class: 533K(640K)->533K(640K)
[0.728s][info][gc             ] GC(33) Pause Full (Ergonomics) 92M->90M(144M) 44.386ms
[0.728s][info][gc,cpu         ] GC(33) User=0.02s Sys=0.00s Real=0.04s
[0.737s][info][gc,start       ] GC(34) Pause Young (Allocation Failure)
[0.743s][info][gc,heap        ] GC(34) PSYoungGen: 10240K(31232K)->10272K(31744K) Eden: 10240K(10240K)->0K(10240K) From: 0K(20992K)->10272K(21504K)
[0.743s][info][gc,heap        ] GC(34) ParOldGen: 92474K(116736K)->92474K(116736K)
[0.743s][info][gc,metaspace   ] GC(34) Metaspace: 6303K(6528K)->6303K(6528K) NonClass: 5769K(5888K)->5769K(5888K) Class: 533K(640K)->533K(640K)
[0.743s][info][gc             ] GC(34) Pause Young (Allocation Failure) 100M->100M(145M) 6.319ms
[0.743s][info][gc,cpu         ] GC(34) User=0.00s Sys=0.00s Real=0.01s
[0.752s][info][gc,start       ] GC(35) Pause Young (Allocation Failure)
[0.763s][info][gc,heap        ] GC(35) PSYoungGen: 20512K(31744K)->20512K(29696K) Eden: 10240K(10240K)->0K(8704K) From: 10272K(21504K)->20512K(20992K)
[0.763s][info][gc,heap        ] GC(35) ParOldGen: 92474K(116736K)->92474K(116736K)
[0.763s][info][gc,metaspace   ] GC(35) Metaspace: 6303K(6528K)->6303K(6528K) NonClass: 5769K(5888K)->5769K(5888K) Class: 533K(640K)->533K(640K)
[0.763s][info][gc             ] GC(35) Pause Young (Allocation Failure) 110M->110M(143M) 11.270ms
[0.763s][info][gc,cpu         ] GC(35) User=0.00s Sys=0.00s Real=0.01s
[0.771s][info][gc,start       ] GC(36) Pause Young (Allocation Failure)
[0.788s][info][gc,heap        ] GC(36) PSYoungGen: 29216K(29696K)->24064K(32768K) Eden: 8704K(8704K)->0K(8704K) From: 20512K(20992K)->24064K(24064K)
[0.788s][info][gc,heap        ] GC(36) ParOldGen: 92474K(116736K)->97650K(116736K)
[0.788s][info][gc,metaspace   ] GC(36) Metaspace: 6303K(6528K)->6303K(6528K) NonClass: 5769K(5888K)->5769K(5888K) Class: 533K(640K)->533K(640K)
[0.788s][info][gc             ] GC(36) Pause Young (Allocation Failure) 118M->118M(146M) 16.998ms
[0.788s][info][gc,cpu         ] GC(36) User=0.05s Sys=0.00s Real=0.02s
[0.796s][info][gc,start       ] GC(37) Pause Young (Allocation Failure)
[0.814s][info][gc,heap        ] GC(37) PSYoungGen: 32768K(32768K)->22784K(38400K) Eden: 8704K(8704K)->0K(8192K) From: 24064K(24064K)->22784K(30208K)
[0.814s][info][gc,heap        ] GC(37) ParOldGen: 97650K(116736K)->107802K(116736K)
[0.814s][info][gc,metaspace   ] GC(37) Metaspace: 6303K(6528K)->6303K(6528K) NonClass: 5769K(5888K)->5769K(5888K) Class: 533K(640K)->533K(640K)
[0.814s][info][gc             ] GC(37) Pause Young (Allocation Failure) 127M->127M(151M) 17.497ms
[0.814s][info][gc,cpu         ] GC(37) User=0.03s Sys=0.02s Real=0.02s
[0.814s][info][gc,start       ] GC(38) Pause Full (Ergonomics)
[0.814s][info][gc,phases,start] GC(38) Marking Phase
[0.857s][info][gc,phases      ] GC(38) Marking Phase 42.725ms
[0.857s][info][gc,phases,start] GC(38) Summary Phase
[0.857s][info][gc,phases      ] GC(38) Summary Phase 0.017ms
[0.857s][info][gc,phases,start] GC(38) Adjust Roots
[0.857s][info][gc,phases      ] GC(38) Adjust Roots 0.162ms
[0.857s][info][gc,phases,start] GC(38) Compaction Phase
[0.879s][info][gc,phases      ] GC(38) Compaction Phase 22.193ms
[0.879s][info][gc,phases,start] GC(38) Post Compact
[0.880s][info][gc,phases      ] GC(38) Post Compact 0.547ms
[0.880s][info][gc,heap        ] GC(38) PSYoungGen: 22784K(38400K)->14007K(38400K) Eden: 0K(8192K)->0K(8192K) From: 22784K(30208K)->14007K(30208K)
[0.880s][info][gc,heap        ] GC(38) ParOldGen: 107802K(116736K)->116233K(142848K)
[0.880s][info][gc,metaspace   ] GC(38) Metaspace: 6303K(6528K)->6303K(6528K) NonClass: 5769K(5888K)->5769K(5888K) Class: 533K(640K)->533K(640K)
[0.880s][info][gc             ] GC(38) Pause Full (Ergonomics) 127M->127M(177M) 66.066ms
[0.880s][info][gc,cpu         ] GC(38) User=0.12s Sys=0.00s Real=0.07s
[0.888s][info][gc,start       ] GC(39) Pause Young (Allocation Failure)
[0.905s][info][gc,heap        ] GC(39) PSYoungGen: 22199K(38400K)->17376K(40448K) Eden: 8192K(8192K)->0K(8192K) From: 14007K(30208K)->17376K(32256K)
[0.905s][info][gc,heap        ] GC(39) ParOldGen: 116233K(142848K)->121225K(142848K)
[0.905s][info][gc,metaspace   ] GC(39) Metaspace: 6303K(6528K)->6303K(6528K) NonClass: 5769K(5888K)->5769K(5888K) Class: 533K(640K)->533K(640K)
[0.905s][info][gc             ] GC(39) Pause Young (Allocation Failure) 135M->135M(179M) 17.351ms
[0.905s][info][gc,cpu         ] GC(39) User=0.03s Sys=0.00s Real=0.02s
[0.913s][info][gc,start       ] GC(40) Pause Young (Allocation Failure)
[0.925s][info][gc,heap        ] GC(40) PSYoungGen: 25568K(40448K)->25536K(39424K) Eden: 8192K(8192K)->0K(7168K) From: 17376K(32256K)->25536K(32256K)
[0.925s][info][gc,heap        ] GC(40) ParOldGen: 121225K(142848K)->121225K(142848K)
[0.925s][info][gc,metaspace   ] GC(40) Metaspace: 6303K(6528K)->6303K(6528K) NonClass: 5769K(5888K)->5769K(5888K) Class: 533K(640K)->533K(640K)
[0.925s][info][gc             ] GC(40) Pause Young (Allocation Failure) 143M->143M(178M) 11.934ms
[0.925s][info][gc,cpu         ] GC(40) User=0.02s Sys=0.00s Real=0.01s
[0.932s][info][gc,start       ] GC(41) Pause Young (Allocation Failure)
[0.946s][info][gc,heap        ] GC(41) PSYoungGen: 32704K(39424K)->29248K(41984K) Eden: 7168K(7168K)->0K(7168K) From: 25536K(32256K)->29248K(34816K)
[0.946s][info][gc,heap        ] GC(41) ParOldGen: 121225K(142848K)->124721K(142848K)
[0.946s][info][gc,metaspace   ] GC(41) Metaspace: 6303K(6528K)->6303K(6528K) NonClass: 5769K(5888K)->5769K(5888K) Class: 533K(640K)->533K(640K)
[0.946s][info][gc             ] GC(41) Pause Young (Allocation Failure) 150M->150M(180M) 14.689ms
[0.946s][info][gc,cpu         ] GC(41) User=0.02s Sys=0.00s Real=0.01s
[0.953s][info][gc,start       ] GC(42) Pause Young (Allocation Failure)
[0.970s][info][gc,heap        ] GC(42) PSYoungGen: 36416K(41984K)->22528K(47104K) Eden: 7168K(7168K)->0K(8704K) From: 29248K(34816K)->22528K(38400K)
[0.971s][info][gc,heap        ] GC(42) ParOldGen: 124721K(142848K)->138769K(142848K)
[0.971s][info][gc,metaspace   ] GC(42) Metaspace: 6303K(6528K)->6303K(6528K) NonClass: 5769K(5888K)->5769K(5888K) Class: 533K(640K)->533K(640K)
[0.971s][info][gc             ] GC(42) Pause Young (Allocation Failure) 157M->157M(185M) 17.167ms
[0.971s][info][gc,cpu         ] GC(42) User=0.00s Sys=0.02s Real=0.02s
[0.971s][info][gc,start       ] GC(43) Pause Full (Ergonomics)
[0.971s][info][gc,phases,start] GC(43) Marking Phase
[1.009s][info][gc,phases      ] GC(43) Marking Phase 38.791ms
[1.009s][info][gc,phases,start] GC(43) Summary Phase
[1.010s][info][gc,phases      ] GC(43) Summary Phase 0.017ms
[1.010s][info][gc,phases,start] GC(43) Adjust Roots
[1.010s][info][gc,phases      ] GC(43) Adjust Roots 0.182ms
[1.010s][info][gc,phases,start] GC(43) Compaction Phase
[1.035s][info][gc,phases      ] GC(43) Compaction Phase 24.774ms
[1.035s][info][gc,phases,start] GC(43) Post Compact
[1.035s][info][gc,phases      ] GC(43) Post Compact 0.712ms
[1.035s][info][gc,heap        ] GC(43) PSYoungGen: 22528K(47104K)->18347K(47104K) Eden: 0K(8704K)->0K(8704K) From: 22528K(38400K)->18347K(38400K)
[1.035s][info][gc,heap        ] GC(43) ParOldGen: 138769K(142848K)->142485K(171520K)
[1.036s][info][gc,metaspace   ] GC(43) Metaspace: 6303K(6528K)->6303K(6528K) NonClass: 5769K(5888K)->5769K(5888K) Class: 533K(640K)->533K(640K)
[1.036s][info][gc             ] GC(43) Pause Full (Ergonomics) 157M->157M(213M) 64.908ms
[1.036s][info][gc,cpu         ] GC(43) User=0.17s Sys=0.00s Real=0.07s
[1.044s][info][gc,start       ] GC(44) Pause Young (Allocation Failure)
[1.063s][info][gc,heap        ] GC(44) PSYoungGen: 27051K(47104K)->14912K(47104K) Eden: 8704K(8704K)->0K(8704K) From: 18347K(38400K)->14912K(38400K)
[1.063s][info][gc,heap        ] GC(44) ParOldGen: 142485K(171520K)->154909K(171520K)
[1.063s][info][gc,metaspace   ] GC(44) Metaspace: 6303K(6528K)->6303K(6528K) NonClass: 5769K(5888K)->5769K(5888K) Class: 533K(640K)->533K(640K)
[1.064s][info][gc             ] GC(44) Pause Young (Allocation Failure) 165M->165M(213M) 19.829ms
[1.064s][info][gc,cpu         ] GC(44) User=0.06s Sys=0.00s Real=0.02s
[1.093s][info][gc,start       ] GC(45) Pause Full (Ergonomics)
[1.093s][info][gc,phases,start] GC(45) Marking Phase
[1.141s][info][gc,phases      ] GC(45) Marking Phase 48.091ms
[1.141s][info][gc,phases,start] GC(45) Summary Phase
[1.141s][info][gc,phases      ] GC(45) Summary Phase 0.016ms
[1.141s][info][gc,phases,start] GC(45) Adjust Roots
[1.141s][info][gc,phases      ] GC(45) Adjust Roots 0.150ms
[1.141s][info][gc,phases,start] GC(45) Compaction Phase
[1.177s][info][gc,phases      ] GC(45) Compaction Phase 36.173ms
[1.177s][info][gc,phases,start] GC(45) Post Compact
[1.178s][info][gc,phases      ] GC(45) Post Compact 0.802ms
[1.178s][info][gc,heap        ] GC(45) PSYoungGen: 23616K(47104K)->11224K(47104K) Eden: 8704K(8704K)->0K(8704K) From: 14912K(38400K)->11224K(38400K)
[1.178s][info][gc,heap        ] GC(45) ParOldGen: 163101K(171520K)->171053K(204288K)
[1.179s][info][gc,metaspace   ] GC(45) Metaspace: 6303K(6528K)->6303K(6528K) NonClass: 5769K(5888K)->5769K(5888K) Class: 533K(640K)->533K(640K)
[1.179s][info][gc             ] GC(45) Pause Full (Ergonomics) 182M->178M(245M) 85.803ms
[1.179s][info][gc,cpu         ] GC(45) User=0.25s Sys=0.00s Real=0.09s
[1.189s][info][gc,start       ] GC(46) Pause Young (Allocation Failure)
[1.208s][info][gc,heap        ] GC(46) PSYoungGen: 19928K(47104K)->15328K(43008K) Eden: 8704K(8704K)->0K(10240K) From: 11224K(38400K)->15328K(32768K)
[1.208s][info][gc,heap        ] GC(46) ParOldGen: 171053K(204288K)->175845K(204288K)
[1.208s][info][gc,metaspace   ] GC(46) Metaspace: 6303K(6528K)->6303K(6528K) NonClass: 5769K(5888K)->5769K(5888K) Class: 533K(640K)->533K(640K)
[1.208s][info][gc             ] GC(46) Pause Young (Allocation Failure) 186M->186M(241M) 18.576ms
[1.208s][info][gc,cpu         ] GC(46) User=0.06s Sys=0.00s Real=0.02s
[1.218s][info][gc,start       ] GC(47) Pause Young (Allocation Failure)
[1.231s][info][gc,heap        ] GC(47) PSYoungGen: 25568K(43008K)->25504K(45056K) Eden: 10240K(10240K)->0K(10240K) From: 15328K(32768K)->25504K(34816K)
[1.231s][info][gc,heap        ] GC(47) ParOldGen: 175845K(204288K)->175845K(204288K)
[1.231s][info][gc,metaspace   ] GC(47) Metaspace: 6303K(6528K)->6303K(6528K) NonClass: 5769K(5888K)->5769K(5888K) Class: 533K(640K)->533K(640K)
[1.231s][info][gc             ] GC(47) Pause Young (Allocation Failure) 196M->196M(243M) 13.329ms
[1.231s][info][gc,cpu         ] GC(47) User=0.00s Sys=0.00s Real=0.01s
[1.241s][info][gc,start       ] GC(48) Pause Young (Allocation Failure)
[1.258s][info][gc,heap        ] GC(48) PSYoungGen: 35744K(45056K)->35808K(43008K) Eden: 10240K(10240K)->0K(6656K) From: 25504K(34816K)->35808K(36352K)
[1.258s][info][gc,heap        ] GC(48) ParOldGen: 175845K(204288K)->175845K(204288K)
[1.258s][info][gc,metaspace   ] GC(48) Metaspace: 6303K(6528K)->6303K(6528K) NonClass: 5769K(5888K)->5769K(5888K) Class: 533K(640K)->533K(640K)
[1.258s][info][gc             ] GC(48) Pause Young (Allocation Failure) 206M->206M(241M) 17.334ms
[1.258s][info][gc,cpu         ] GC(48) User=0.05s Sys=0.00s Real=0.02s
[1.264s][info][gc,start       ] GC(49) Pause Young (Allocation Failure)
[1.285s][info][gc,heap        ] GC(49) PSYoungGen: 42464K(43008K)->35872K(48128K) Eden: 6656K(6656K)->0K(6656K) From: 35808K(36352K)->35872K(41472K)
[1.285s][info][gc,heap        ] GC(49) ParOldGen: 175845K(204288K)->182485K(204288K)
[1.285s][info][gc,metaspace   ] GC(49) Metaspace: 6303K(6528K)->6303K(6528K) NonClass: 5769K(5888K)->5769K(5888K) Class: 533K(640K)->533K(640K)
[1.285s][info][gc             ] GC(49) Pause Young (Allocation Failure) 213M->213M(246M) 20.228ms
[1.285s][info][gc,cpu         ] GC(49) User=0.05s Sys=0.00s Real=0.02s
[1.292s][info][gc,start       ] GC(50) Pause Young (Allocation Failure)
[1.312s][info][gc,heap        ] GC(50) PSYoungGen: 42528K(48128K)->23584K(50688K) Eden: 6656K(6656K)->0K(8192K) From: 35872K(41472K)->23584K(42496K)
[1.312s][info][gc,heap        ] GC(50) ParOldGen: 182485K(204288K)->201661K(204288K)
[1.312s][info][gc,metaspace   ] GC(50) Metaspace: 6303K(6528K)->6303K(6528K) NonClass: 5769K(5888K)->5769K(5888K) Class: 533K(640K)->533K(640K)
[1.312s][info][gc             ] GC(50) Pause Young (Allocation Failure) 219M->219M(249M) 20.251ms
[1.312s][info][gc,cpu         ] GC(50) User=0.06s Sys=0.03s Real=0.02s
[1.312s][info][gc,start       ] GC(51) Pause Full (Ergonomics)
[1.312s][info][gc,phases,start] GC(51) Marking Phase
[1.369s][info][gc,phases      ] GC(51) Marking Phase 56.850ms
[1.369s][info][gc,phases,start] GC(51) Summary Phase
[1.369s][info][gc,phases      ] GC(51) Summary Phase 0.018ms
[1.369s][info][gc,phases,start] GC(51) Adjust Roots
[1.369s][info][gc,phases      ] GC(51) Adjust Roots 0.153ms
[1.369s][info][gc,phases,start] GC(51) Compaction Phase
[1.397s][info][gc,phases      ] GC(51) Compaction Phase 28.050ms
[1.397s][info][gc,phases,start] GC(51) Post Compact
[1.398s][info][gc,phases      ] GC(51) Post Compact 0.889ms
[1.398s][info][gc,heap        ] GC(51) PSYoungGen: 23584K(50688K)->20399K(52224K) Eden: 0K(8192K)->0K(9728K) From: 23584K(42496K)->20399K(42496K)
[1.398s][info][gc,heap        ] GC(51) ParOldGen: 201661K(204288K)->204229K(241664K)
[1.398s][info][gc,metaspace   ] GC(51) Metaspace: 6303K(6528K)->6303K(6528K) NonClass: 5769K(5888K)->5769K(5888K) Class: 533K(640K)->533K(640K)
[1.398s][info][gc             ] GC(51) Pause Full (Ergonomics) 219M->219M(287M) 86.464ms
[1.398s][info][gc,cpu         ] GC(51) User=0.28s Sys=0.00s Real=0.09s
[1.409s][info][gc,start       ] GC(52) Pause Young (Allocation Failure)
[1.431s][info][gc,heap        ] GC(52) PSYoungGen: 30127K(52224K)->15552K(53760K) Eden: 9728K(9728K)->0K(9728K) From: 20399K(42496K)->15552K(44032K)
[1.431s][info][gc,heap        ] GC(52) ParOldGen: 204229K(241664K)->219133K(241664K)
[1.431s][info][gc,metaspace   ] GC(52) Metaspace: 6303K(6528K)->6303K(6528K) NonClass: 5769K(5888K)->5769K(5888K) Class: 533K(640K)->533K(640K)
[1.431s][info][gc             ] GC(52) Pause Young (Allocation Failure) 228M->229M(288M) 21.901ms
[1.431s][info][gc,cpu         ] GC(52) User=0.09s Sys=0.00s Real=0.02s
[1.442s][info][gc,start       ] GC(53) Pause Young (Allocation Failure)
[1.455s][info][gc,heap        ] GC(53) PSYoungGen: 25280K(53760K)->19520K(49664K) Eden: 9728K(9728K)->0K(11264K) From: 15552K(44032K)->19520K(38400K)
[1.455s][info][gc,heap        ] GC(53) ParOldGen: 219133K(241664K)->224957K(241664K)
[1.455s][info][gc,metaspace   ] GC(53) Metaspace: 6303K(6528K)->6303K(6528K) NonClass: 5769K(5888K)->5769K(5888K) Class: 533K(640K)->533K(640K)
[1.455s][info][gc             ] GC(53) Pause Young (Allocation Failure) 238M->238M(284M) 13.047ms
[1.455s][info][gc,cpu         ] GC(53) User=0.02s Sys=0.00s Real=0.01s
[1.455s][info][gc,start       ] GC(54) Pause Full (Ergonomics)
[1.455s][info][gc,phases,start] GC(54) Marking Phase
[1.511s][info][gc,phases      ] GC(54) Marking Phase 55.693ms
[1.511s][info][gc,phases,start] GC(54) Summary Phase
[1.511s][info][gc,phases      ] GC(54) Summary Phase 0.017ms
[1.511s][info][gc,phases,start] GC(54) Adjust Roots
[1.511s][info][gc,phases      ] GC(54) Adjust Roots 0.140ms
[1.511s][info][gc,phases,start] GC(54) Compaction Phase
[1.536s][info][gc,phases      ] GC(54) Compaction Phase 24.703ms
[1.536s][info][gc,phases,start] GC(54) Post Compact
[1.537s][info][gc,phases      ] GC(54) Post Compact 1.080ms
[1.537s][info][gc,heap        ] GC(54) PSYoungGen: 19520K(49664K)->2530K(51712K) Eden: 0K(11264K)->0K(13312K) From: 19520K(38400K)->2530K(38400K)
[1.537s][info][gc,heap        ] GC(54) ParOldGen: 224957K(241664K)->241488K(281600K)
[1.537s][info][gc,metaspace   ] GC(54) Metaspace: 6303K(6528K)->6303K(6528K) NonClass: 5769K(5888K)->5769K(5888K) Class: 533K(640K)->533K(640K)
[1.537s][info][gc             ] GC(54) Pause Full (Ergonomics) 238M->238M(325M) 82.130ms
[1.537s][info][gc,cpu         ] GC(54) User=0.36s Sys=0.02s Real=0.08s
[1.551s][info][gc,start       ] GC(55) Pause Young (Allocation Failure)
[1.570s][info][gc,heap        ] GC(55) PSYoungGen: 15842K(51712K)->14080K(53760K) Eden: 13312K(13312K)->0K(13312K) From: 2530K(38400K)->14080K(40448K)
[1.570s][info][gc,heap        ] GC(55) ParOldGen: 241488K(281600K)->243368K(281600K)
[1.570s][info][gc,metaspace   ] GC(55) Metaspace: 6303K(6528K)->6303K(6528K) NonClass: 5769K(5888K)->5769K(5888K) Class: 533K(640K)->533K(640K)
[1.570s][info][gc             ] GC(55) Pause Young (Allocation Failure) 251M->251M(327M) 19.004ms
[1.570s][info][gc,cpu         ] GC(55) User=0.11s Sys=0.00s Real=0.02s
[1.586s][info][gc,start       ] GC(56) Pause Young (Allocation Failure)
[1.600s][info][gc,heap        ] GC(56) PSYoungGen: 27392K(53760K)->27456K(54784K) Eden: 13312K(13312K)->0K(14848K) From: 14080K(40448K)->27456K(39936K)
[1.600s][info][gc,heap        ] GC(56) ParOldGen: 243368K(281600K)->243368K(281600K)
[1.600s][info][gc,metaspace   ] GC(56) Metaspace: 6303K(6528K)->6303K(6528K) NonClass: 5769K(5888K)->5769K(5888K) Class: 533K(640K)->533K(640K)
[1.600s][info][gc             ] GC(56) Pause Young (Allocation Failure) 264M->264M(328M) 14.524ms
[1.600s][info][gc,cpu         ] GC(56) User=0.00s Sys=0.00s Real=0.02s
[1.617s][info][gc,start       ] GC(57) Pause Young (Allocation Failure)
[1.637s][info][gc,heap        ] GC(57) PSYoungGen: 42304K(54784K)->40448K(55296K) Eden: 14848K(14848K)->0K(14848K) From: 27456K(39936K)->40448K(40448K)
[1.637s][info][gc,heap        ] GC(57) ParOldGen: 243368K(281600K)->245136K(281600K)
[1.637s][info][gc,metaspace   ] GC(57) Metaspace: 6303K(6528K)->6303K(6528K) NonClass: 5769K(5888K)->5769K(5888K) Class: 533K(640K)->533K(640K)
[1.637s][info][gc             ] GC(57) Pause Young (Allocation Failure) 278M->278M(329M) 20.310ms
[1.637s][info][gc,cpu         ] GC(57) User=0.09s Sys=0.00s Real=0.02s
[1.653s][info][gc,start       ] GC(58) Pause Young (Allocation Failure)
[1.679s][info][gc,heap        ] GC(58) PSYoungGen: 55296K(55296K)->41952K(58880K) Eden: 14848K(14848K)->0K(12288K) From: 40448K(40448K)->41952K(46592K)
[1.679s][info][gc,heap        ] GC(58) ParOldGen: 245136K(281600K)->258832K(281600K)
[1.679s][info][gc,metaspace   ] GC(58) Metaspace: 6303K(6528K)->6303K(6528K) NonClass: 5769K(5888K)->5769K(5888K) Class: 533K(640K)->533K(640K)
[1.679s][info][gc             ] GC(58) Pause Young (Allocation Failure) 293M->293M(332M) 25.547ms
[1.679s][info][gc,cpu         ] GC(58) User=0.09s Sys=0.02s Real=0.03s
[1.693s][info][gc,start       ] GC(59) Pause Young (Allocation Failure)
[1.718s][info][gc,heap        ] GC(59) PSYoungGen: 54240K(58880K)->41440K(63488K) Eden: 12288K(12288K)->0K(12288K) From: 41952K(46592K)->41440K(51200K)
[1.718s][info][gc,heap        ] GC(59) ParOldGen: 258832K(281600K)->271752K(281600K)
[1.718s][info][gc,metaspace   ] GC(59) Metaspace: 6303K(6528K)->6303K(6528K) NonClass: 5769K(5888K)->5769K(5888K) Class: 533K(640K)->533K(640K)
[1.718s][info][gc             ] GC(59) Pause Young (Allocation Failure) 305M->305M(337M) 24.215ms
[1.718s][info][gc,cpu         ] GC(59) User=0.11s Sys=0.00s Real=0.02s
[1.718s][info][gc,start       ] GC(60) Pause Full (Ergonomics)
[1.718s][info][gc,phases,start] GC(60) Marking Phase
[1.781s][info][gc,phases      ] GC(60) Marking Phase 63.497ms
[1.781s][info][gc,phases,start] GC(60) Summary Phase
[1.781s][info][gc,phases      ] GC(60) Summary Phase 0.018ms
[1.781s][info][gc,phases,start] GC(60) Adjust Roots
[1.782s][info][gc,phases      ] GC(60) Adjust Roots 0.148ms
[1.782s][info][gc,phases,start] GC(60) Compaction Phase
[1.813s][info][gc,phases      ] GC(60) Compaction Phase 31.239ms
[1.813s][info][gc,phases,start] GC(60) Post Compact
[1.815s][info][gc,phases      ] GC(60) Post Compact 1.615ms
[1.815s][info][gc,heap        ] GC(60) PSYoungGen: 41440K(63488K)->31045K(63488K) Eden: 0K(12288K)->0K(12288K) From: 41440K(51200K)->31045K(51200K)
[1.815s][info][gc,heap        ] GC(60) ParOldGen: 271752K(281600K)->281426K(325632K)
[1.815s][info][gc,metaspace   ] GC(60) Metaspace: 6303K(6528K)->6303K(6528K) NonClass: 5769K(5888K)->5769K(5888K) Class: 533K(640K)->533K(640K)
[1.815s][info][gc             ] GC(60) Pause Full (Ergonomics) 305M->305M(380M) 97.025ms
[1.815s][info][gc,cpu         ] GC(60) User=0.50s Sys=0.03s Real=0.10s
[1.829s][info][gc,start       ] GC(61) Pause Young (Allocation Failure)
[1.858s][info][gc,heap        ] GC(61) PSYoungGen: 43333K(63488K)->33024K(68096K) Eden: 12288K(12288K)->0K(13824K) From: 31045K(51200K)->33024K(54272K)
[1.858s][info][gc,heap        ] GC(61) ParOldGen: 281426K(325632K)->292026K(325632K)
[1.858s][info][gc,metaspace   ] GC(61) Metaspace: 6303K(6528K)->6303K(6528K) NonClass: 5769K(5888K)->5769K(5888K) Class: 533K(640K)->533K(640K)
[1.858s][info][gc             ] GC(61) Pause Young (Allocation Failure) 317M->317M(384M) 29.408ms
[1.858s][info][gc,cpu         ] GC(61) User=0.12s Sys=0.02s Real=0.03s
[1.874s][info][gc,start       ] GC(62) Pause Young (Allocation Failure)
[1.896s][info][gc,heap        ] GC(62) PSYoungGen: 46848K(68096K)->35360K(68608K) Eden: 13824K(13824K)->0K(13824K) From: 33024K(54272K)->35360K(54784K)
[1.896s][info][gc,heap        ] GC(62) ParOldGen: 292026K(325632K)->303738K(325632K)
[1.896s][info][gc,metaspace   ] GC(62) Metaspace: 6303K(6528K)->6303K(6528K) NonClass: 5769K(5888K)->5769K(5888K) Class: 533K(640K)->533K(640K)
[1.896s][info][gc             ] GC(62) Pause Young (Allocation Failure) 330M->331M(385M) 22.557ms
[1.896s][info][gc,cpu         ] GC(62) User=0.09s Sys=0.02s Real=0.02s
[1.911s][info][gc,start       ] GC(63) Pause Young (Allocation Failure)
[1.934s][info][gc,heap        ] GC(63) PSYoungGen: 49184K(68608K)->40064K(68608K) Eden: 13824K(13824K)->0K(13824K) From: 35360K(54784K)->40064K(54784K)
[1.935s][info][gc,heap        ] GC(63) ParOldGen: 303738K(325632K)->312986K(325632K)
[1.935s][info][gc,metaspace   ] GC(63) Metaspace: 6303K(6528K)->6303K(6528K) NonClass: 5769K(5888K)->5769K(5888K) Class: 533K(640K)->533K(640K)
[1.935s][info][gc             ] GC(63) Pause Young (Allocation Failure) 344M->344M(385M) 23.220ms
[1.935s][info][gc,cpu         ] GC(63) User=0.12s Sys=0.00s Real=0.02s
[1.935s][info][gc,start       ] GC(64) Pause Full (Ergonomics)
[1.935s][info][gc,phases,start] GC(64) Marking Phase
[2.013s][info][gc,phases      ] GC(64) Marking Phase 78.255ms
[2.013s][info][gc,phases,start] GC(64) Summary Phase
[2.013s][info][gc,phases      ] GC(64) Summary Phase 0.027ms
[2.013s][info][gc,phases,start] GC(64) Adjust Roots
[2.013s][info][gc,phases      ] GC(64) Adjust Roots 0.178ms
[2.013s][info][gc,phases,start] GC(64) Compaction Phase
[2.047s][info][gc,phases      ] GC(64) Compaction Phase 34.238ms
[2.048s][info][gc,phases,start] GC(64) Post Compact
[2.049s][info][gc,phases      ] GC(64) Post Compact 1.649ms
[2.049s][info][gc,heap        ] GC(64) PSYoungGen: 40064K(68608K)->27071K(68608K) Eden: 0K(13824K)->0K(13824K) From: 40064K(54784K)->27071K(54784K)
[2.049s][info][gc,heap        ] GC(64) ParOldGen: 312986K(325632K)->325247K(371712K)
[2.049s][info][gc,metaspace   ] GC(64) Metaspace: 6303K(6528K)->6303K(6528K) NonClass: 5769K(5888K)->5769K(5888K) Class: 533K(640K)->533K(640K)
[2.049s][info][gc             ] GC(64) Pause Full (Ergonomics) 344M->344M(430M) 114.863ms
[2.050s][info][gc,cpu         ] GC(64) User=0.67s Sys=0.02s Real=0.12s
[2.124s][info][gc,start       ] GC(65) Pause Young (Allocation Failure)
[2.157s][info][gc,heap        ] GC(65) PSYoungGen: 40895K(68608K)->23872K(37888K) Eden: 13824K(13824K)->0K(13824K) From: 27071K(54784K)->23872K(24064K)
[2.157s][info][gc,heap        ] GC(65) ParOldGen: 341631K(371712K)->359071K(371712K)
[2.157s][info][gc,metaspace   ] GC(65) Metaspace: 6303K(6528K)->6303K(6528K) NonClass: 5769K(5888K)->5769K(5888K) Class: 533K(640K)->533K(640K)
[2.157s][info][gc             ] GC(65) Pause Young (Allocation Failure) 373M->373M(400M) 33.119ms
[2.157s][info][gc,cpu         ] GC(65) User=0.16s Sys=0.00s Real=0.03s
[2.157s][info][gc,start       ] GC(66) Pause Full (Ergonomics)
[2.157s][info][gc,phases,start] GC(66) Marking Phase
[2.239s][info][gc,phases      ] GC(66) Marking Phase 81.839ms
[2.239s][info][gc,phases,start] GC(66) Summary Phase
[2.239s][info][gc,phases      ] GC(66) Summary Phase 0.027ms
[2.239s][info][gc,phases,start] GC(66) Adjust Roots
[2.239s][info][gc,phases      ] GC(66) Adjust Roots 0.149ms
[2.239s][info][gc,phases,start] GC(66) Compaction Phase
[2.303s][info][gc,phases      ] GC(66) Compaction Phase 63.310ms
[2.303s][info][gc,phases,start] GC(66) Post Compact
[2.305s][info][gc,phases      ] GC(66) Post Compact 1.938ms
[2.305s][info][gc,heap        ] GC(66) PSYoungGen: 23872K(37888K)->2738K(37888K) Eden: 0K(13824K)->0K(13824K) From: 23872K(24064K)->2738K(24064K)
[2.305s][info][gc,heap        ] GC(66) ParOldGen: 359071K(371712K)->371565K(423424K)
[2.305s][info][gc,metaspace   ] GC(66) Metaspace: 6303K(6528K)->6303K(6528K) NonClass: 5769K(5888K)->5769K(5888K) Class: 533K(640K)->533K(640K)
[2.305s][info][gc             ] GC(66) Pause Full (Ergonomics) 373M->365M(450M) 147.860ms
[2.305s][info][gc,cpu         ] GC(66) User=0.88s Sys=0.03s Real=0.15s
[2.321s][info][gc,start       ] GC(67) Pause Young (Allocation Failure)
[2.345s][info][gc,heap        ] GC(67) PSYoungGen: 16562K(37888K)->16672K(69120K) Eden: 13824K(13824K)->0K(15360K) From: 2738K(24064K)->16672K(53760K)
[2.345s][info][gc,heap        ] GC(67) ParOldGen: 371565K(423424K)->371565K(423424K)
[2.345s][info][gc,metaspace   ] GC(67) Metaspace: 6303K(6528K)->6303K(6528K) NonClass: 5769K(5888K)->5769K(5888K) Class: 533K(640K)->533K(640K)
[2.345s][info][gc             ] GC(67) Pause Young (Allocation Failure) 379M->379M(481M) 23.856ms
[2.345s][info][gc,cpu         ] GC(67) User=0.12s Sys=0.00s Real=0.02s
[2.360s][info][gc,start       ] GC(68) Pause Young (Allocation Failure)
[2.376s][info][gc,heap        ] GC(68) PSYoungGen: 32032K(69120K)->32064K(69632K) Eden: 15360K(15360K)->0K(15360K) From: 16672K(53760K)->32064K(54272K)
[2.376s][info][gc,heap        ] GC(68) ParOldGen: 371565K(423424K)->371565K(423424K)
[2.376s][info][gc,metaspace   ] GC(68) Metaspace: 6303K(6528K)->6303K(6528K) NonClass: 5769K(5888K)->5769K(5888K) Class: 533K(640K)->533K(640K)
[2.376s][info][gc             ] GC(68) Pause Young (Allocation Failure) 394M->394M(481M) 15.928ms
[2.376s][info][gc,cpu         ] GC(68) User=0.02s Sys=0.00s Real=0.02s
[2.392s][info][gc,start       ] GC(69) Pause Young (Allocation Failure)
[2.415s][info][gc,heap        ] GC(69) PSYoungGen: 47424K(69632K)->47456K(65536K) Eden: 15360K(15360K)->0K(12288K) From: 32064K(54272K)->47456K(53248K)
[2.415s][info][gc,heap        ] GC(69) ParOldGen: 371565K(423424K)->371565K(423424K)
[2.415s][info][gc,metaspace   ] GC(69) Metaspace: 6303K(6528K)->6303K(6528K) NonClass: 5769K(5888K)->5769K(5888K) Class: 533K(640K)->533K(640K)
[2.415s][info][gc             ] GC(69) Pause Young (Allocation Failure) 409M->409M(477M) 22.837ms
[2.415s][info][gc,cpu         ] GC(69) User=0.05s Sys=0.00s Real=0.02s
[2.427s][info][gc,start       ] GC(70) Pause Young (Allocation Failure)
[2.454s][info][gc,heap        ] GC(70) PSYoungGen: 59744K(65536K)->58368K(70656K) Eden: 12288K(12288K)->0K(12288K) From: 47456K(53248K)->58368K(58368K)
[2.454s][info][gc,heap        ] GC(70) ParOldGen: 371565K(423424K)->372821K(423424K)
[2.454s][info][gc,metaspace   ] GC(70) Metaspace: 6303K(6528K)->6303K(6528K) NonClass: 5769K(5888K)->5769K(5888K) Class: 533K(640K)->533K(640K)
[2.454s][info][gc             ] GC(70) Pause Young (Allocation Failure) 421M->421M(482M) 26.774ms
[2.454s][info][gc,cpu         ] GC(70) User=0.14s Sys=0.00s Real=0.03s
[2.467s][info][gc,start       ] GC(71) Pause Young (Allocation Failure)
[2.498s][info][gc,heap        ] GC(71) PSYoungGen: 70656K(70656K)->66560K(70144K) Eden: 12288K(12288K)->0K(3584K) From: 58368K(58368K)->66560K(66560K)
[2.498s][info][gc,heap        ] GC(71) ParOldGen: 372821K(423424K)->376973K(423424K)
[2.498s][info][gc,metaspace   ] GC(71) Metaspace: 6303K(6528K)->6303K(6528K) NonClass: 5769K(5888K)->5769K(5888K) Class: 533K(640K)->533K(640K)
[2.498s][info][gc             ] GC(71) Pause Young (Allocation Failure) 433M->433M(482M) 31.629ms
[2.498s][info][gc,cpu         ] GC(71) User=0.14s Sys=0.00s Real=0.03s
[2.502s][info][gc,start       ] GC(72) Pause Young (Allocation Failure)
[2.533s][info][gc,heap        ] GC(72) PSYoungGen: 70144K(70144K)->42816K(46592K) Eden: 3584K(3584K)->0K(3584K) From: 66560K(66560K)->42816K(43008K)
[2.533s][info][gc,heap        ] GC(72) ParOldGen: 376973K(423424K)->404749K(423424K)
[2.533s][info][gc,metaspace   ] GC(72) Metaspace: 6303K(6528K)->6303K(6528K) NonClass: 5769K(5888K)->5769K(5888K) Class: 533K(640K)->533K(640K)
[2.533s][info][gc             ] GC(72) Pause Young (Allocation Failure) 436M->437M(459M) 30.362ms
[2.533s][info][gc,cpu         ] GC(72) User=0.14s Sys=0.00s Real=0.03s
[2.533s][info][gc,start       ] GC(73) Pause Full (Ergonomics)
[2.533s][info][gc,phases,start] GC(73) Marking Phase
[2.627s][info][gc,phases      ] GC(73) Marking Phase 93.612ms
[2.627s][info][gc,phases,start] GC(73) Summary Phase
[2.627s][info][gc,phases      ] GC(73) Summary Phase 0.025ms
[2.627s][info][gc,phases,start] GC(73) Adjust Roots
[2.627s][info][gc,phases      ] GC(73) Adjust Roots 0.179ms
[2.627s][info][gc,phases,start] GC(73) Compaction Phase
[2.674s][info][gc,phases      ] GC(73) Compaction Phase 46.680ms
[2.674s][info][gc,phases,start] GC(73) Post Compact
[2.676s][info][gc,phases      ] GC(73) Post Compact 2.123ms
[2.676s][info][gc,heap        ] GC(73) PSYoungGen: 42816K(46592K)->23696K(46592K) Eden: 0K(3584K)->0K(3584K) From: 42816K(43008K)->23696K(43008K)
[2.676s][info][gc,heap        ] GC(73) ParOldGen: 404749K(423424K)->423126K(480768K)
[2.676s][info][gc,metaspace   ] GC(73) Metaspace: 6303K(6528K)->6303K(6528K) NonClass: 5769K(5888K)->5769K(5888K) Class: 533K(640K)->533K(640K)
[2.676s][info][gc             ] GC(73) Pause Full (Ergonomics) 437M->436M(515M) 143.162ms
[2.676s][info][gc,cpu         ] GC(73) User=0.89s Sys=0.02s Real=0.14s
[2.680s][info][gc,start       ] GC(74) Pause Young (Allocation Failure)
[2.709s][info][gc,heap        ] GC(74) PSYoungGen: 27280K(46592K)->13632K(79360K) Eden: 3584K(3584K)->0K(4096K) From: 23696K(43008K)->13632K(75264K)
[2.709s][info][gc,heap        ] GC(74) ParOldGen: 423126K(480768K)->437094K(480768K)
[2.709s][info][gc,metaspace   ] GC(74) Metaspace: 6303K(6528K)->6303K(6528K) NonClass: 5769K(5888K)->5769K(5888K) Class: 533K(640K)->533K(640K)
[2.709s][info][gc             ] GC(74) Pause Young (Allocation Failure) 439M->440M(547M) 28.896ms
[2.709s][info][gc,cpu         ] GC(74) User=0.14s Sys=0.00s Real=0.03s
[2.713s][info][gc,start       ] GC(75) Pause Young (Allocation Failure)
[2.723s][info][gc,heap        ] GC(75) PSYoungGen: 17728K(79360K)->7776K(79872K) Eden: 4096K(4096K)->0K(4096K) From: 13632K(75264K)->7776K(75776K)
[2.723s][info][gc,heap        ] GC(75) ParOldGen: 437094K(480768K)->447158K(480768K)
[2.723s][info][gc,metaspace   ] GC(75) Metaspace: 6303K(6528K)->6303K(6528K) NonClass: 5769K(5888K)->5769K(5888K) Class: 533K(640K)->533K(640K)
[2.723s][info][gc             ] GC(75) Pause Young (Allocation Failure) 444M->444M(547M) 9.587ms
[2.723s][info][gc,cpu         ] GC(75) User=0.02s Sys=0.00s Real=0.01s
[2.727s][info][gc,start       ] GC(76) Pause Young (Allocation Failure)
[2.736s][info][gc,heap        ] GC(76) PSYoungGen: 11872K(79872K)->4224K(81408K) Eden: 4096K(4096K)->0K(5120K) From: 7776K(75776K)->4224K(76288K)
[2.736s][info][gc,heap        ] GC(76) ParOldGen: 447158K(480768K)->454902K(480768K)
[2.736s][info][gc,metaspace   ] GC(76) Metaspace: 6303K(6528K)->6303K(6528K) NonClass: 5769K(5888K)->5769K(5888K) Class: 533K(640K)->533K(640K)
[2.736s][info][gc             ] GC(76) Pause Young (Allocation Failure) 448M->448M(549M) 8.390ms
[2.736s][info][gc,cpu         ] GC(76) User=0.02s Sys=0.00s Real=0.01s
[2.741s][info][gc,start       ] GC(77) Pause Young (Allocation Failure)
[2.749s][info][gc,heap        ] GC(77) PSYoungGen: 9344K(81408K)->5216K(81408K) Eden: 5120K(5120K)->0K(5120K) From: 4224K(76288K)->5216K(76288K)
[2.749s][info][gc,heap        ] GC(77) ParOldGen: 454902K(480768K)->459054K(480768K)
[2.749s][info][gc,metaspace   ] GC(77) Metaspace: 6303K(6528K)->6303K(6528K) NonClass: 5769K(5888K)->5769K(5888K) Class: 533K(640K)->533K(640K)
[2.749s][info][gc             ] GC(77) Pause Young (Allocation Failure) 453M->453M(549M) 7.673ms
[2.749s][info][gc,cpu         ] GC(77) User=0.02s Sys=0.00s Real=0.01s
[2.749s][info][gc,start       ] GC(78) Pause Full (Ergonomics)
[2.749s][info][gc,phases,start] GC(78) Marking Phase
[2.849s][info][gc,phases      ] GC(78) Marking Phase 100.289ms
[2.849s][info][gc,phases,start] GC(78) Summary Phase
[2.849s][info][gc,phases      ] GC(78) Summary Phase 0.022ms
[2.849s][info][gc,phases,start] GC(78) Adjust Roots
[2.849s][info][gc,phases      ] GC(78) Adjust Roots 0.151ms
[2.850s][info][gc,phases,start] GC(78) Compaction Phase
[2.893s][info][gc,phases      ] GC(78) Compaction Phase 43.051ms
[2.893s][info][gc,phases,start] GC(78) Post Compact
[2.895s][info][gc,phases      ] GC(78) Post Compact 2.249ms
[2.895s][info][gc,heap        ] GC(78) PSYoungGen: 5216K(81408K)->0K(81920K) Eden: 0K(5120K)->0K(6144K) From: 5216K(76288K)->0K(75776K)
[2.895s][info][gc,heap        ] GC(78) ParOldGen: 459054K(480768K)->463593K(522240K)
[2.895s][info][gc,metaspace   ] GC(78) Metaspace: 6303K(6528K)->6303K(6528K) NonClass: 5769K(5888K)->5769K(5888K) Class: 533K(640K)->533K(640K)
[2.895s][info][gc             ] GC(78) Pause Full (Ergonomics) 453M->452M(590M) 146.313ms
[2.895s][info][gc,cpu         ] GC(78) User=0.94s Sys=0.00s Real=0.15s
[2.904s][info][gc,start       ] GC(79) Pause Young (Allocation Failure)
[2.911s][info][gc,heap        ] GC(79) PSYoungGen: 6144K(81920K)->6240K(81920K) Eden: 6144K(6144K)->0K(6144K) From: 0K(75776K)->6240K(75776K)
[2.911s][info][gc,heap        ] GC(79) ParOldGen: 463593K(522240K)->463593K(522240K)
[2.911s][info][gc,metaspace   ] GC(79) Metaspace: 6303K(6528K)->6303K(6528K) NonClass: 5769K(5888K)->5769K(5888K) Class: 533K(640K)->533K(640K)
[2.911s][info][gc             ] GC(79) Pause Young (Allocation Failure) 458M->458M(590M) 6.904ms
[2.911s][info][gc,cpu         ] GC(79) User=0.00s Sys=0.00s Real=0.01s
[2.917s][info][gc,start       ] GC(80) Pause Young (Allocation Failure)
[2.926s][info][gc,heap        ] GC(80) PSYoungGen: 12384K(81920K)->12384K(75776K) Eden: 6144K(6144K)->0K(7168K) From: 6240K(75776K)->12384K(68608K)
[2.926s][info][gc,heap        ] GC(80) ParOldGen: 463593K(522240K)->463593K(522240K)
[2.926s][info][gc,metaspace   ] GC(80) Metaspace: 6303K(6528K)->6303K(6528K) NonClass: 5769K(5888K)->5769K(5888K) Class: 533K(640K)->533K(640K)
[2.926s][info][gc             ] GC(80) Pause Young (Allocation Failure) 464M->464M(584M) 8.505ms
[2.926s][info][gc,cpu         ] GC(80) User=0.02s Sys=0.00s Real=0.01s
[2.934s][info][gc,start       ] GC(81) Pause Young (Allocation Failure)
[2.945s][info][gc,heap        ] GC(81) PSYoungGen: 19552K(75776K)->19520K(27136K) Eden: 7168K(7168K)->0K(7168K) From: 12384K(68608K)->19520K(19968K)
[2.945s][info][gc,heap        ] GC(81) ParOldGen: 463593K(522240K)->463593K(522240K)
[2.945s][info][gc,metaspace   ] GC(81) Metaspace: 6303K(6528K)->6303K(6528K) NonClass: 5769K(5888K)->5769K(5888K) Class: 533K(640K)->533K(640K)
[2.945s][info][gc             ] GC(81) Pause Young (Allocation Failure) 471M->471M(536M) 10.674ms
[2.945s][info][gc,cpu         ] GC(81) User=0.00s Sys=0.00s Real=0.01s
[2.953s][info][gc,start       ] GC(82) Pause Young (Allocation Failure)
[2.967s][info][gc,heap        ] GC(82) PSYoungGen: 26688K(27136K)->20544K(67584K) Eden: 7168K(7168K)->0K(8192K) From: 19520K(19968K)->20544K(59392K)
[2.967s][info][gc,heap        ] GC(82) ParOldGen: 463593K(522240K)->469817K(522240K)
[2.967s][info][gc,metaspace   ] GC(82) Metaspace: 6303K(6528K)->6303K(6528K) NonClass: 5769K(5888K)->5769K(5888K) Class: 533K(640K)->533K(640K)
[2.967s][info][gc             ] GC(82) Pause Young (Allocation Failure) 478M->478M(576M) 14.232ms
[2.967s][info][gc,cpu         ] GC(82) User=0.02s Sys=0.00s Real=0.02s
[2.976s][info][gc,start       ] GC(83) Pause Young (Allocation Failure)
[2.991s][info][gc,heap        ] GC(83) PSYoungGen: 28736K(67584K)->22592K(31232K) Eden: 8192K(8192K)->0K(8192K) From: 20544K(59392K)->22592K(23040K)
[2.991s][info][gc,heap        ] GC(83) ParOldGen: 469817K(522240K)->476041K(522240K)
[2.991s][info][gc,metaspace   ] GC(83) Metaspace: 6303K(6528K)->6303K(6528K) NonClass: 5769K(5888K)->5769K(5888K) Class: 533K(640K)->533K(640K)
[2.991s][info][gc             ] GC(83) Pause Young (Allocation Failure) 486M->486M(540M) 15.014ms
[2.991s][info][gc,cpu         ] GC(83) User=0.02s Sys=0.00s Real=0.02s
[3.000s][info][gc,start       ] GC(84) Pause Young (Allocation Failure)
[3.016s][info][gc,heap        ] GC(84) PSYoungGen: 30784K(31232K)->23616K(62464K) Eden: 8192K(8192K)->0K(9728K) From: 22592K(23040K)->23616K(52736K)
[3.016s][info][gc,heap        ] GC(84) ParOldGen: 476041K(522240K)->483305K(522240K)
[3.016s][info][gc,metaspace   ] GC(84) Metaspace: 6303K(6528K)->6303K(6528K) NonClass: 5769K(5888K)->5769K(5888K) Class: 533K(640K)->533K(640K)
[3.016s][info][gc             ] GC(84) Pause Young (Allocation Failure) 494M->495M(571M) 15.961ms
[3.016s][info][gc,cpu         ] GC(84) User=0.02s Sys=0.00s Real=0.02s
[3.028s][info][gc,start       ] GC(85) Pause Young (Allocation Failure)
[3.044s][info][gc,heap        ] GC(85) PSYoungGen: 33344K(62464K)->26176K(36352K) Eden: 9728K(9728K)->0K(9728K) From: 23616K(52736K)->26176K(26624K)
[3.045s][info][gc,heap        ] GC(85) ParOldGen: 483305K(522240K)->490577K(522240K)
[3.045s][info][gc,metaspace   ] GC(85) Metaspace: 6303K(6528K)->6303K(6528K) NonClass: 5769K(5888K)->5769K(5888K) Class: 533K(640K)->533K(640K)
[3.045s][info][gc             ] GC(85) Pause Young (Allocation Failure) 504M->504M(545M) 17.134ms
[3.045s][info][gc,cpu         ] GC(85) User=0.03s Sys=0.00s Real=0.02s
[3.056s][info][gc,start       ] GC(86) Pause Young (Allocation Failure)
[3.073s][info][gc,heap        ] GC(86) PSYoungGen: 35904K(36352K)->27744K(62464K) Eden: 9728K(9728K)->0K(11264K) From: 26176K(26624K)->27744K(51200K)
[3.073s][info][gc,heap        ] GC(86) ParOldGen: 490577K(522240K)->498873K(522240K)
[3.073s][info][gc,metaspace   ] GC(86) Metaspace: 6303K(6528K)->6303K(6528K) NonClass: 5769K(5888K)->5769K(5888K) Class: 533K(640K)->533K(640K)
[3.073s][info][gc             ] GC(86) Pause Young (Allocation Failure) 514M->514M(571M) 17.775ms
[3.073s][info][gc,cpu         ] GC(86) User=0.12s Sys=0.00s Real=0.02s
[3.086s][info][gc,start       ] GC(87) Pause Young (Allocation Failure)
[3.105s][info][gc,heap        ] GC(87) PSYoungGen: 39008K(62464K)->30784K(64000K) Eden: 11264K(11264K)->0K(11264K) From: 27744K(51200K)->30784K(52736K)
[3.105s][info][gc,heap        ] GC(87) ParOldGen: 498873K(522240K)->507177K(522240K)
[3.105s][info][gc,metaspace   ] GC(87) Metaspace: 6303K(6528K)->6303K(6528K) NonClass: 5769K(5888K)->5769K(5888K) Class: 533K(640K)->533K(640K)
[3.105s][info][gc             ] GC(87) Pause Young (Allocation Failure) 525M->525M(572M) 19.246ms
[3.105s][info][gc,cpu         ] GC(87) User=0.12s Sys=0.00s Real=0.02s
[3.105s][info][gc,start       ] GC(88) Pause Full (Ergonomics)
[3.105s][info][gc,phases,start] GC(88) Marking Phase
[3.218s][info][gc,phases      ] GC(88) Marking Phase 112.391ms
[3.218s][info][gc,phases,start] GC(88) Summary Phase
[3.218s][info][gc,phases      ] GC(88) Summary Phase 0.020ms
[3.218s][info][gc,phases,start] GC(88) Adjust Roots
[3.218s][info][gc,phases      ] GC(88) Adjust Roots 0.149ms
[3.218s][info][gc,phases,start] GC(88) Compaction Phase
[3.266s][info][gc,phases      ] GC(88) Compaction Phase 48.123ms
[3.266s][info][gc,phases,start] GC(88) Post Compact
[3.269s][info][gc,phases      ] GC(88) Post Compact 2.609ms
[3.269s][info][gc,heap        ] GC(88) PSYoungGen: 30784K(64000K)->15296K(64000K) Eden: 0K(11264K)->0K(11264K) From: 30784K(52736K)->15296K(52736K)
[3.269s][info][gc,heap        ] GC(88) ParOldGen: 507177K(522240K)->521736K(577024K)
[3.269s][info][gc,metaspace   ] GC(88) Metaspace: 6303K(6528K)->6303K(6528K) NonClass: 5769K(5888K)->5769K(5888K) Class: 533K(640K)->533K(640K)
[3.269s][info][gc             ] GC(88) Pause Full (Ergonomics) 525M->524M(626M) 163.817ms
[3.269s][info][gc,cpu         ] GC(88) User=1.03s Sys=0.02s Real=0.16s
[3.282s][info][gc,start       ] GC(89) Pause Young (Allocation Failure)
[3.316s][info][gc,heap        ] GC(89) PSYoungGen: 26560K(64000K)->17312K(61440K) Eden: 11264K(11264K)->0K(12800K) From: 15296K(52736K)->17312K(48640K)
[3.316s][info][gc,heap        ] GC(89) ParOldGen: 521736K(577024K)->531248K(577024K)
[3.316s][info][gc,metaspace   ] GC(89) Metaspace: 6303K(6528K)->6303K(6528K) NonClass: 5769K(5888K)->5769K(5888K) Class: 533K(640K)->533K(640K)
[3.316s][info][gc             ] GC(89) Pause Young (Allocation Failure) 535M->535M(623M) 34.306ms
[3.316s][info][gc,cpu         ] GC(89) User=0.16s Sys=0.00s Real=0.03s
[3.330s][info][gc,start       ] GC(90) Pause Young (Allocation Failure)
[3.347s][info][gc,heap        ] GC(90) PSYoungGen: 30112K(61440K)->24192K(37376K) Eden: 12800K(12800K)->0K(12800K) From: 17312K(48640K)->24192K(24576K)
[3.347s][info][gc,heap        ] GC(90) ParOldGen: 531248K(577024K)->537264K(577024K)
[3.347s][info][gc,metaspace   ] GC(90) Metaspace: 6303K(6528K)->6303K(6528K) NonClass: 5769K(5888K)->5769K(5888K) Class: 533K(640K)->533K(640K)
[3.347s][info][gc             ] GC(90) Pause Young (Allocation Failure) 548M->548M(600M) 16.612ms
[3.347s][info][gc,cpu         ] GC(90) User=0.03s Sys=0.00s Real=0.02s
[3.361s][info][gc,start       ] GC(91) Pause Young (Allocation Failure)
[3.381s][info][gc,heap        ] GC(91) PSYoungGen: 36992K(37376K)->25760K(58880K) Eden: 12800K(12800K)->0K(14336K) From: 24192K(24576K)->25760K(44544K)
[3.381s][info][gc,heap        ] GC(91) ParOldGen: 537264K(577024K)->548680K(577024K)
[3.381s][info][gc,metaspace   ] GC(91) Metaspace: 6303K(6528K)->6303K(6528K) NonClass: 5769K(5888K)->5769K(5888K) Class: 533K(640K)->533K(640K)
[3.381s][info][gc             ] GC(91) Pause Young (Allocation Failure) 560M->560M(621M) 19.717ms
[3.381s][info][gc,cpu         ] GC(91) User=0.12s Sys=0.00s Real=0.02s
[3.397s][info][gc,start       ] GC(92) Pause Young (Allocation Failure)
[3.418s][info][gc,heap        ] GC(92) PSYoungGen: 40096K(58880K)->27264K(60928K) Eden: 14336K(14336K)->0K(14336K) From: 25760K(44544K)->27264K(46592K)
[3.418s][info][gc,heap        ] GC(92) ParOldGen: 548680K(577024K)->561648K(577024K)
[3.418s][info][gc,metaspace   ] GC(92) Metaspace: 6303K(6528K)->6303K(6528K) NonClass: 5769K(5888K)->5769K(5888K) Class: 533K(640K)->533K(640K)
[3.418s][info][gc             ] GC(92) Pause Young (Allocation Failure) 574M->575M(623M) 21.116ms
[3.418s][info][gc,cpu         ] GC(92) User=0.12s Sys=0.00s Real=0.02s
[3.418s][info][gc,start       ] GC(93) Pause Full (Ergonomics)
[3.418s][info][gc,phases,start] GC(93) Marking Phase
[3.546s][info][gc,phases      ] GC(93) Marking Phase 127.269ms
[3.546s][info][gc,phases,start] GC(93) Summary Phase
[3.546s][info][gc,phases      ] GC(93) Summary Phase 0.021ms
[3.546s][info][gc,phases,start] GC(93) Adjust Roots
[3.546s][info][gc,phases      ] GC(93) Adjust Roots 0.152ms
[3.546s][info][gc,phases,start] GC(93) Compaction Phase
[3.598s][info][gc,phases      ] GC(93) Compaction Phase 51.914ms
[3.598s][info][gc,phases,start] GC(93) Post Compact
[3.599s][info][gc,phases      ] GC(93) Post Compact 0.945ms
[3.599s][info][gc,heap        ] GC(93) PSYoungGen: 27264K(60928K)->11235K(60928K) Eden: 0K(14336K)->0K(14336K) From: 27264K(46592K)->11235K(46592K)
[3.599s][info][gc,heap        ] GC(93) ParOldGen: 561648K(577024K)->576866K(638464K)
[3.599s][info][gc,metaspace   ] GC(93) Metaspace: 6303K(6528K)->6303K(6528K) NonClass: 5769K(5888K)->5769K(5888K) Class: 533K(640K)->533K(640K)
[3.599s][info][gc             ] GC(93) Pause Full (Ergonomics) 575M->574M(683M) 180.828ms
[3.599s][info][gc,cpu         ] GC(93) User=1.12s Sys=0.02s Real=0.18s
[3.615s][info][gc,start       ] GC(94) Pause Young (Allocation Failure)
[3.652s][info][gc,heap        ] GC(94) PSYoungGen: 25571K(60928K)->20768K(57856K) Eden: 14336K(14336K)->0K(15872K) From: 11235K(46592K)->20768K(41984K)
[3.652s][info][gc,heap        ] GC(94) ParOldGen: 576866K(638464K)->581858K(638464K)
[3.652s][info][gc,metaspace   ] GC(94) Metaspace: 6303K(6528K)->6303K(6528K) NonClass: 5769K(5888K)->5769K(5888K) Class: 533K(640K)->533K(640K)
[3.652s][info][gc             ] GC(94) Pause Young (Allocation Failure) 588M->588M(680M) 37.269ms
[3.652s][info][gc,cpu         ] GC(94) User=0.16s Sys=0.00s Real=0.04s
[3.671s][info][gc,start       ] GC(95) Pause Young (Allocation Failure)
[3.692s][info][gc,heap        ] GC(95) PSYoungGen: 36640K(57856K)->36640K(59904K) Eden: 15872K(15872K)->0K(15872K) From: 20768K(41984K)->36640K(44032K)
[3.692s][info][gc,heap        ] GC(95) ParOldGen: 581858K(638464K)->581858K(638464K)
[3.692s][info][gc,metaspace   ] GC(95) Metaspace: 6303K(6528K)->6303K(6528K) NonClass: 5769K(5888K)->5769K(5888K) Class: 533K(640K)->533K(640K)
[3.692s][info][gc             ] GC(95) Pause Young (Allocation Failure) 604M->604M(682M) 21.013ms
[3.692s][info][gc,cpu         ] GC(95) User=0.11s Sys=0.00s Real=0.02s
[3.711s][info][gc,start       ] GC(96) Pause Young (Allocation Failure)
[3.738s][info][gc,heap        ] GC(96) PSYoungGen: 52512K(59904K)->47104K(57344K) Eden: 15872K(15872K)->0K(10240K) From: 36640K(44032K)->47104K(47104K)
[3.738s][info][gc,heap        ] GC(96) ParOldGen: 581858K(638464K)->587258K(638464K)
[3.738s][info][gc,metaspace   ] GC(96) Metaspace: 6303K(6528K)->6303K(6528K) NonClass: 5769K(5888K)->5769K(5888K) Class: 533K(640K)->533K(640K)
[3.738s][info][gc             ] GC(96) Pause Young (Allocation Failure) 619M->619M(679M) 26.586ms
[3.738s][info][gc,cpu         ] GC(96) User=0.14s Sys=0.00s Real=0.03s
[3.750s][info][gc,start       ] GC(97) Pause Young (Allocation Failure)
[3.777s][info][gc,heap        ] GC(97) PSYoungGen: 57344K(57344K)->39648K(65024K) Eden: 10240K(10240K)->0K(10240K) From: 47104K(47104K)->39648K(54784K)
[3.777s][info][gc,heap        ] GC(97) ParOldGen: 587258K(638464K)->605346K(638464K)
[3.777s][info][gc,metaspace   ] GC(97) Metaspace: 6303K(6528K)->6303K(6528K) NonClass: 5769K(5888K)->5769K(5888K) Class: 533K(640K)->533K(640K)
[3.777s][info][gc             ] GC(97) Pause Young (Allocation Failure) 629M->629M(687M) 27.086ms
[3.777s][info][gc,cpu         ] GC(97) User=0.14s Sys=0.00s Real=0.03s
[3.790s][info][gc,start       ] GC(98) Pause Young (Allocation Failure)
[3.814s][info][gc,heap        ] GC(98) PSYoungGen: 49888K(65024K)->35712K(68096K) Eden: 10240K(10240K)->0K(11776K) From: 39648K(54784K)->35712K(56320K)
[3.814s][info][gc,heap        ] GC(98) ParOldGen: 605346K(638464K)->619658K(638464K)
[3.814s][info][gc,metaspace   ] GC(98) Metaspace: 6303K(6528K)->6303K(6528K) NonClass: 5769K(5888K)->5769K(5888K) Class: 533K(640K)->533K(640K)
[3.814s][info][gc             ] GC(98) Pause Young (Allocation Failure) 639M->640M(690M) 24.663ms
[3.814s][info][gc,cpu         ] GC(98) User=0.11s Sys=0.03s Real=0.03s
[3.814s][info][gc,start       ] GC(99) Pause Full (Ergonomics)
[3.814s][info][gc,phases,start] GC(99) Marking Phase
[3.951s][info][gc,phases      ] GC(99) Marking Phase 136.067ms
[3.951s][info][gc,phases,start] GC(99) Summary Phase
[3.951s][info][gc,phases      ] GC(99) Summary Phase 0.029ms
[3.951s][info][gc,phases,start] GC(99) Adjust Roots
[3.951s][info][gc,phases      ] GC(99) Adjust Roots 0.152ms
[3.951s][info][gc,phases,start] GC(99) Compaction Phase
[4.013s][info][gc,phases      ] GC(99) Compaction Phase 62.459ms
[4.013s][info][gc,phases,start] GC(99) Post Compact
[4.014s][info][gc,phases      ] GC(99) Post Compact 1.061ms
[4.015s][info][gc,heap        ] GC(99) PSYoungGen: 35712K(68096K)->16103K(68096K) Eden: 0K(11776K)->0K(11776K) From: 35712K(56320K)->16103K(56320K)
[4.015s][info][gc,heap        ] GC(99) ParOldGen: 619658K(638464K)->638404K(708096K)
[4.015s][info][gc,metaspace   ] GC(99) Metaspace: 6303K(6528K)->6303K(6528K) NonClass: 5769K(5888K)->5769K(5888K) Class: 533K(640K)->533K(640K)
[4.015s][info][gc             ] GC(99) Pause Full (Ergonomics) 640M->639M(758M) 200.310ms
[4.015s][info][gc,cpu         ] GC(99) User=1.38s Sys=0.00s Real=0.20s
[4.030s][info][gc,start       ] GC(100) Pause Young (Allocation Failure)
[4.071s][info][gc,heap        ] GC(100) PSYoungGen: 27879K(68096K)->16960K(68096K) Eden: 11776K(11776K)->0K(11776K) From: 16103K(56320K)->16960K(56320K)
[4.071s][info][gc,heap        ] GC(100) ParOldGen: 638404K(708096K)->649668K(708096K)
[4.071s][info][gc,metaspace   ] GC(100) Metaspace: 6303K(6528K)->6303K(6528K) NonClass: 5769K(5888K)->5769K(5888K) Class: 533K(640K)->533K(640K)
[4.071s][info][gc             ] GC(100) Pause Young (Allocation Failure) 650M->651M(758M) 41.209ms
[4.071s][info][gc,cpu         ] GC(100) User=0.25s Sys=0.00s Real=0.04s
[4.086s][info][gc,start       ] GC(101) Pause Young (Allocation Failure)
[4.103s][info][gc,heap        ] GC(101) PSYoungGen: 28736K(68096K)->23648K(65024K) Eden: 11776K(11776K)->0K(13312K) From: 16960K(56320K)->23648K(51712K)
[4.103s][info][gc,heap        ] GC(101) ParOldGen: 649668K(708096K)->654780K(708096K)
[4.103s][info][gc,metaspace   ] GC(101) Metaspace: 6303K(6528K)->6303K(6528K) NonClass: 5769K(5888K)->5769K(5888K) Class: 533K(640K)->533K(640K)
[4.103s][info][gc             ] GC(101) Pause Young (Allocation Failure) 662M->662M(755M) 16.555ms
[4.103s][info][gc,cpu         ] GC(101) User=0.03s Sys=0.00s Real=0.02s
[4.120s][info][gc,start       ] GC(102) Pause Young (Allocation Failure)
[4.140s][info][gc,heap        ] GC(102) PSYoungGen: 36960K(65024K)->25184K(38912K) Eden: 13312K(13312K)->0K(13312K) From: 23648K(51712K)->25184K(25600K)
[4.140s][info][gc,heap        ] GC(102) ParOldGen: 654780K(708096K)->666724K(708096K)
[4.140s][info][gc,metaspace   ] GC(102) Metaspace: 6303K(6528K)->6303K(6528K) NonClass: 5769K(5888K)->5769K(5888K) Class: 533K(640K)->533K(640K)
[4.140s][info][gc             ] GC(102) Pause Young (Allocation Failure) 675M->675M(729M) 20.151ms
[4.140s][info][gc,cpu         ] GC(102) User=0.14s Sys=0.00s Real=0.02s
[4.156s][info][gc,start       ] GC(103) Pause Young (Allocation Failure)
[4.177s][info][gc,heap        ] GC(103) PSYoungGen: 38496K(38912K)->26720K(63488K) Eden: 13312K(13312K)->0K(15360K) From: 25184K(25600K)->26720K(48128K)
[4.177s][info][gc,heap        ] GC(103) ParOldGen: 666724K(708096K)->678684K(708096K)
[4.177s][info][gc,metaspace   ] GC(103) Metaspace: 6303K(6528K)->6303K(6528K) NonClass: 5769K(5888K)->5769K(5888K) Class: 533K(640K)->533K(640K)
[4.177s][info][gc             ] GC(103) Pause Young (Allocation Failure) 688M->688M(753M) 20.915ms
[4.177s][info][gc,cpu         ] GC(103) User=0.12s Sys=0.00s Real=0.02s
[4.344s][info][gc,start       ] GC(104) Pause Young (Allocation Failure)
[4.381s][info][gc,heap        ] GC(104) PSYoungGen: 42080K(63488K)->28800K(44544K) Eden: 15360K(15360K)->0K(15360K) From: 26720K(48128K)->28800K(29184K)
[4.381s][info][gc,heap        ] GC(104) ParOldGen: 711452K(741376K)->724940K(741376K)
[4.381s][info][gc,metaspace   ] GC(104) Metaspace: 6303K(6528K)->6303K(6528K) NonClass: 5769K(5888K)->5769K(5888K) Class: 533K(640K)->533K(640K)
[4.381s][info][gc             ] GC(104) Pause Young (Allocation Failure) 735M->736M(767M) 36.968ms
[4.381s][info][gc,cpu         ] GC(104) User=0.23s Sys=0.00s Real=0.04s
[4.381s][info][gc,start       ] GC(105) Pause Full (Ergonomics)
[4.381s][info][gc,phases,start] GC(105) Marking Phase
[4.551s][info][gc,phases      ] GC(105) Marking Phase 169.486ms
[4.551s][info][gc,phases,start] GC(105) Summary Phase
[4.551s][info][gc,phases      ] GC(105) Summary Phase 0.047ms
[4.551s][info][gc,phases,start] GC(105) Adjust Roots
[4.551s][info][gc,phases      ] GC(105) Adjust Roots 0.176ms
[4.551s][info][gc,phases,start] GC(105) Compaction Phase
[4.676s][info][gc,phases      ] GC(105) Compaction Phase 125.080ms
[4.676s][info][gc,phases,start] GC(105) Post Compact
[4.678s][info][gc,phases      ] GC(105) Post Compact 1.471ms
[4.678s][info][gc,heap        ] GC(105) PSYoungGen: 28800K(44544K)->0K(64512K) Eden: 0K(15360K)->0K(16896K) From: 28800K(29184K)->0K(47616K)
[4.678s][info][gc,heap        ] GC(105) ParOldGen: 724940K(741376K)->736276K(811520K)
[4.678s][info][gc,metaspace   ] GC(105) Metaspace: 6303K(6528K)->6303K(6528K) NonClass: 5769K(5888K)->5769K(5888K) Class: 533K(640K)->533K(640K)
[4.678s][info][gc             ] GC(105) Pause Full (Ergonomics) 736M->719M(855M) 296.806ms
[4.678s][info][gc,cpu         ] GC(105) User=1.89s Sys=0.00s Real=0.30s
[4.700s][info][gc,start       ] GC(106) Pause Young (Allocation Failure)
[4.713s][info][gc,heap        ] GC(106) PSYoungGen: 16896K(64512K)->17056K(64512K) Eden: 16896K(16896K)->0K(16896K) From: 0K(47616K)->17056K(47616K)
[4.713s][info][gc,heap        ] GC(106) ParOldGen: 736276K(811520K)->736276K(811520K)
[4.713s][info][gc,metaspace   ] GC(106) Metaspace: 6303K(6528K)->6303K(6528K) NonClass: 5769K(5888K)->5769K(5888K) Class: 533K(640K)->533K(640K)
[4.713s][info][gc             ] GC(106) Pause Young (Allocation Failure) 735M->735M(855M) 13.686ms
[4.713s][info][gc,cpu         ] GC(106) User=0.00s Sys=0.00s Real=0.01s
[4.731s][info][gc,start       ] GC(107) Pause Young (Allocation Failure)
[4.750s][info][gc,heap        ] GC(107) PSYoungGen: 33952K(64512K)->33888K(65536K) Eden: 16896K(16896K)->0K(17920K) From: 17056K(47616K)->33888K(47616K)
[4.750s][info][gc,heap        ] GC(107) ParOldGen: 736276K(811520K)->736276K(811520K)
[4.750s][info][gc,metaspace   ] GC(107) Metaspace: 6303K(6528K)->6303K(6528K) NonClass: 5769K(5888K)->5769K(5888K) Class: 533K(640K)->533K(640K)
[4.750s][info][gc             ] GC(107) Pause Young (Allocation Failure) 752M->752M(856M) 18.858ms
[4.750s][info][gc,cpu         ] GC(107) User=0.03s Sys=0.00s Real=0.02s
[4.768s][info][gc,start       ] GC(108) Pause Young (Allocation Failure)
[4.793s][info][gc,heap        ] GC(108) PSYoungGen: 51808K(65536K)->48128K(66048K) Eden: 17920K(17920K)->0K(17920K) From: 33888K(47616K)->48128K(48128K)
[4.793s][info][gc,heap        ] GC(108) ParOldGen: 736276K(811520K)->739940K(811520K)
[4.793s][info][gc,metaspace   ] GC(108) Metaspace: 6303K(6528K)->6303K(6528K) NonClass: 5769K(5888K)->5769K(5888K) Class: 533K(640K)->533K(640K)
[4.793s][info][gc             ] GC(108) Pause Young (Allocation Failure) 769M->769M(857M) 25.069ms
[4.793s][info][gc,cpu         ] GC(108) User=0.14s Sys=0.00s Real=0.03s
[4.811s][info][gc,start       ] GC(109) Pause Young (Allocation Failure)
[4.843s][info][gc,heap        ] GC(109) PSYoungGen: 66048K(66048K)->55296K(64512K) Eden: 17920K(17920K)->0K(9216K) From: 48128K(48128K)->55296K(55296K)
[4.843s][info][gc,heap        ] GC(109) ParOldGen: 739940K(811520K)->750836K(811520K)
[4.843s][info][gc,metaspace   ] GC(109) Metaspace: 6303K(6528K)->6303K(6528K) NonClass: 5769K(5888K)->5769K(5888K) Class: 533K(640K)->533K(640K)
[4.843s][info][gc             ] GC(109) Pause Young (Allocation Failure) 787M->787M(855M) 31.604ms
[4.843s][info][gc,cpu         ] GC(109) User=0.12s Sys=0.02s Real=0.03s
[4.852s][info][gc,start       ] GC(110) Pause Young (Allocation Failure)
[4.883s][info][gc,heap        ] GC(110) PSYoungGen: 64512K(64512K)->36896K(46592K) Eden: 9216K(9216K)->0K(9216K) From: 55296K(55296K)->36896K(37376K)
[4.883s][info][gc,heap        ] GC(110) ParOldGen: 750836K(811520K)->778940K(811520K)
[4.883s][info][gc,metaspace   ] GC(110) Metaspace: 6303K(6528K)->6303K(6528K) NonClass: 5769K(5888K)->5769K(5888K) Class: 533K(640K)->533K(640K)
[4.883s][info][gc             ] GC(110) Pause Young (Allocation Failure) 796M->796M(838M) 30.265ms
[4.883s][info][gc,cpu         ] GC(110) User=0.14s Sys=0.00s Real=0.03s
[4.892s][info][gc,start       ] GC(111) Pause Young (Allocation Failure)
[4.915s][info][gc,heap        ] GC(111) PSYoungGen: 46112K(46592K)->18496K(74752K) Eden: 9216K(9216K)->0K(10752K) From: 36896K(37376K)->18496K(64000K)
[4.915s][info][gc,heap        ] GC(111) ParOldGen: 778940K(811520K)->806844K(811520K)
[4.915s][info][gc,metaspace   ] GC(111) Metaspace: 6303K(6528K)->6303K(6528K) NonClass: 5769K(5888K)->5769K(5888K) Class: 533K(640K)->533K(640K)
[4.915s][info][gc             ] GC(111) Pause Young (Allocation Failure) 805M->805M(865M) 22.883ms
[4.915s][info][gc,cpu         ] GC(111) User=0.12s Sys=0.00s Real=0.02s
[4.915s][info][gc,start       ] GC(112) Pause Full (Ergonomics)
[4.915s][info][gc,phases,start] GC(112) Marking Phase
[5.099s][info][gc,phases      ] GC(112) Marking Phase 184.053ms
[5.099s][info][gc,phases,start] GC(112) Summary Phase
[5.099s][info][gc,phases      ] GC(112) Summary Phase 0.022ms
[5.099s][info][gc,phases,start] GC(112) Adjust Roots
[5.099s][info][gc,phases      ] GC(112) Adjust Roots 0.154ms
[5.099s][info][gc,phases,start] GC(112) Compaction Phase
[5.178s][info][gc,phases      ] GC(112) Compaction Phase 78.250ms
[5.178s][info][gc,phases,start] GC(112) Post Compact
[5.179s][info][gc,phases      ] GC(112) Post Compact 1.348ms
[5.179s][info][gc,heap        ] GC(112) PSYoungGen: 18496K(74752K)->12748K(74752K) Eden: 0K(10752K)->0K(10752K) From: 18496K(64000K)->12748K(64000K)
[5.179s][info][gc,heap        ] GC(112) ParOldGen: 806844K(811520K)->811406K(902144K)
[5.179s][info][gc,metaspace   ] GC(112) Metaspace: 6303K(6528K)->6303K(6528K) NonClass: 5769K(5888K)->5769K(5888K) Class: 533K(640K)->533K(640K)
[5.180s][info][gc             ] GC(112) Pause Full (Ergonomics) 805M->804M(954M) 264.529ms
[5.180s][info][gc,cpu         ] GC(112) User=1.92s Sys=0.00s Real=0.26s
[5.193s][info][gc,start       ] GC(113) Pause Young (Allocation Failure)
[5.236s][info][gc,heap        ] GC(113) PSYoungGen: 23500K(74752K)->10848K(74752K) Eden: 10752K(10752K)->0K(10752K) From: 12748K(64000K)->10848K(64000K)
[5.236s][info][gc,heap        ] GC(113) ParOldGen: 811406K(902144K)->824350K(902144K)
[5.236s][info][gc,metaspace   ] GC(113) Metaspace: 6303K(6528K)->6303K(6528K) NonClass: 5769K(5888K)->5769K(5888K) Class: 533K(640K)->533K(640K)
[5.236s][info][gc             ] GC(113) Pause Young (Allocation Failure) 815M->815M(954M) 43.815ms
[5.237s][info][gc,cpu         ] GC(113) User=0.27s Sys=0.00s Real=0.04s
[5.248s][info][gc,start       ] GC(114) Pause Young (Allocation Failure)
[5.265s][info][gc,heap        ] GC(114) PSYoungGen: 21600K(74752K)->10848K(75776K) Eden: 10752K(10752K)->0K(12288K) From: 10848K(64000K)->10848K(63488K)
[5.265s][info][gc,heap        ] GC(114) ParOldGen: 824350K(902144K)->835238K(902144K)
[5.265s][info][gc,metaspace   ] GC(114) Metaspace: 6303K(6528K)->6303K(6528K) NonClass: 5769K(5888K)->5769K(5888K) Class: 533K(640K)->533K(640K)
[5.265s][info][gc             ] GC(114) Pause Young (Allocation Failure) 826M->826M(955M) 17.150ms
[5.265s][info][gc,cpu         ] GC(114) User=0.03s Sys=0.00s Real=0.02s
[5.279s][info][gc,start       ] GC(115) Pause Young (Allocation Failure)
[5.295s][info][gc,heap        ] GC(115) PSYoungGen: 23136K(75776K)->12448K(76288K) Eden: 12288K(12288K)->0K(12288K) From: 10848K(63488K)->12448K(64000K)
[5.295s][info][gc,heap        ] GC(115) ParOldGen: 835238K(902144K)->846142K(902144K)
[5.295s][info][gc,metaspace   ] GC(115) Metaspace: 6303K(6528K)->6303K(6528K) NonClass: 5769K(5888K)->5769K(5888K) Class: 533K(640K)->533K(640K)
[5.295s][info][gc             ] GC(115) Pause Young (Allocation Failure) 838M->838M(955M) 16.311ms
[5.295s][info][gc,cpu         ] GC(115) User=0.03s Sys=0.00s Real=0.02s
[5.308s][info][gc,start       ] GC(116) Pause Young (Allocation Failure)
[5.324s][info][gc,heap        ] GC(116) PSYoungGen: 24736K(76288K)->12384K(74240K) Eden: 12288K(12288K)->0K(13824K) From: 12448K(64000K)->12384K(60416K)
[5.325s][info][gc,heap        ] GC(116) ParOldGen: 846142K(902144K)->858598K(902144K)
[5.325s][info][gc,metaspace   ] GC(116) Metaspace: 6303K(6528K)->6303K(6528K) NonClass: 5769K(5888K)->5769K(5888K) Class: 533K(640K)->533K(640K)
[5.325s][info][gc             ] GC(116) Pause Young (Allocation Failure) 850M->850M(953M) 16.681ms
[5.325s][info][gc,cpu         ] GC(116) User=0.06s Sys=0.00s Real=0.02s
[5.340s][info][gc,start       ] GC(117) Pause Young (Allocation Failure)
[5.357s][info][gc,heap        ] GC(117) PSYoungGen: 26208K(74240K)->13952K(75776K) Eden: 13824K(13824K)->0K(13824K) From: 12384K(60416K)->13952K(61952K)
[5.357s][info][gc,heap        ] GC(117) ParOldGen: 858598K(902144K)->871054K(902144K)
[5.357s][info][gc,metaspace   ] GC(117) Metaspace: 6303K(6528K)->6303K(6528K) NonClass: 5769K(5888K)->5769K(5888K) Class: 533K(640K)->533K(640K)
[5.357s][info][gc             ] GC(117) Pause Young (Allocation Failure) 864M->864M(955M) 16.630ms
[5.357s][info][gc,cpu         ] GC(117) User=0.02s Sys=0.00s Real=0.02s
[5.371s][info][gc,start       ] GC(118) Pause Young (Allocation Failure)
[5.388s][info][gc,heap        ] GC(118) PSYoungGen: 27776K(75776K)->13952K(72192K) Eden: 13824K(13824K)->0K(15872K) From: 13952K(61952K)->13952K(56320K)
[5.388s][info][gc,heap        ] GC(118) ParOldGen: 871054K(902144K)->885070K(902144K)
[5.388s][info][gc,metaspace   ] GC(118) Metaspace: 6303K(6528K)->6303K(6528K) NonClass: 5769K(5888K)->5769K(5888K) Class: 533K(640K)->533K(640K)
[5.388s][info][gc             ] GC(118) Pause Young (Allocation Failure) 877M->877M(951M) 17.379ms
[5.388s][info][gc,cpu         ] GC(118) User=0.02s Sys=0.00s Real=0.02s
[5.388s][info][gc,start       ] GC(119) Pause Full (Ergonomics)
[5.388s][info][gc,phases,start] GC(119) Marking Phase
[5.592s][info][gc,phases      ] GC(119) Marking Phase 203.971ms
[5.592s][info][gc,phases,start] GC(119) Summary Phase
[5.592s][info][gc,phases      ] GC(119) Summary Phase 0.035ms
[5.592s][info][gc,phases,start] GC(119) Adjust Roots
[5.592s][info][gc,phases      ] GC(119) Adjust Roots 0.154ms
[5.592s][info][gc,phases,start] GC(119) Compaction Phase
[5.678s][info][gc,phases      ] GC(119) Compaction Phase 85.873ms
[5.678s][info][gc,phases,start] GC(119) Post Compact
[5.680s][info][gc,phases      ] GC(119) Post Compact 1.621ms
[5.680s][info][gc,heap        ] GC(119) PSYoungGen: 13952K(72192K)->0K(74240K) Eden: 0K(15872K)->0K(15872K) From: 13952K(56320K)->0K(58368K)
[5.681s][info][gc,heap        ] GC(119) ParOldGen: 885070K(902144K)->897685K(988160K)
[5.681s][info][gc,metaspace   ] GC(119) Metaspace: 6303K(6528K)->6303K(6528K) NonClass: 5769K(5888K)->5769K(5888K) Class: 533K(640K)->533K(640K)
[5.681s][info][gc             ] GC(119) Pause Full (Ergonomics) 877M->876M(1037M) 292.391ms
[5.681s][info][gc,cpu         ] GC(119) User=1.97s Sys=0.02s Real=0.29s
[5.699s][info][gc,start       ] GC(120) Pause Young (Allocation Failure)
[5.713s][info][gc,heap        ] GC(120) PSYoungGen: 15872K(74240K)->16032K(72192K) Eden: 15872K(15872K)->0K(17920K) From: 0K(58368K)->16032K(54272K)
[5.713s][info][gc,heap        ] GC(120) ParOldGen: 897685K(988160K)->897685K(988160K)
[5.713s][info][gc,metaspace   ] GC(120) Metaspace: 6303K(6528K)->6303K(6528K) NonClass: 5769K(5888K)->5769K(5888K) Class: 533K(640K)->533K(640K)
[5.713s][info][gc             ] GC(120) Pause Young (Allocation Failure) 892M->892M(1035M) 14.686ms
[5.713s][info][gc,cpu         ] GC(120) User=0.02s Sys=0.00s Real=0.01s
[5.733s][info][gc,start       ] GC(121) Pause Young (Allocation Failure)
[5.752s][info][gc,heap        ] GC(121) PSYoungGen: 33952K(72192K)->33920K(74240K) Eden: 17920K(17920K)->0K(17920K) From: 16032K(54272K)->33920K(56320K)
[5.752s][info][gc,heap        ] GC(121) ParOldGen: 897685K(988160K)->897685K(988160K)
[5.752s][info][gc,metaspace   ] GC(121) Metaspace: 6303K(6528K)->6303K(6528K) NonClass: 5769K(5888K)->5769K(5888K) Class: 533K(640K)->533K(640K)
[5.752s][info][gc             ] GC(121) Pause Young (Allocation Failure) 909M->909M(1037M) 19.188ms
[5.752s][info][gc,cpu         ] GC(121) User=0.03s Sys=0.00s Real=0.02s
[5.773s][info][gc,start       ] GC(122) Pause Young (Allocation Failure)
[5.798s][info][gc,heap        ] GC(122) PSYoungGen: 51840K(74240K)->51904K(69632K) Eden: 17920K(17920K)->0K(12800K) From: 33920K(56320K)->51904K(56832K)
[5.798s][info][gc,heap        ] GC(122) ParOldGen: 897685K(988160K)->897685K(988160K)
[5.798s][info][gc,metaspace   ] GC(122) Metaspace: 6303K(6528K)->6303K(6528K) NonClass: 5769K(5888K)->5769K(5888K) Class: 533K(640K)->533K(640K)
[5.798s][info][gc             ] GC(122) Pause Young (Allocation Failure) 927M->927M(1033M) 25.769ms
[5.798s][info][gc,cpu         ] GC(122) User=0.14s Sys=0.00s Real=0.03s
[5.813s][info][gc,start       ] GC(123) Pause Young (Allocation Failure)
[5.844s][info][gc,heap        ] GC(123) PSYoungGen: 64704K(69632K)->64000K(76800K) Eden: 12800K(12800K)->0K(12800K) From: 51904K(56832K)->64000K(64000K)
[5.844s][info][gc,heap        ] GC(123) ParOldGen: 897685K(988160K)->898349K(988160K)
[5.844s][info][gc,metaspace   ] GC(123) Metaspace: 6303K(6528K)->6303K(6528K) NonClass: 5769K(5888K)->5769K(5888K) Class: 533K(640K)->533K(640K)
[5.844s][info][gc             ] GC(123) Pause Young (Allocation Failure) 939M->939M(1040M) 30.602ms
[5.844s][info][gc,cpu         ] GC(123) User=0.14s Sys=0.00s Real=0.03s
[5.857s][info][gc,start       ] GC(124) Pause Young (Allocation Failure)
[5.894s][info][gc,heap        ] GC(124) PSYoungGen: 76800K(76800K)->43232K(88576K) Eden: 12800K(12800K)->0K(13824K) From: 64000K(64000K)->43232K(74752K)
[5.894s][info][gc,heap        ] GC(124) ParOldGen: 898349K(988160K)->932349K(988160K)
[5.894s][info][gc,metaspace   ] GC(124) Metaspace: 6303K(6528K)->6303K(6528K) NonClass: 5769K(5888K)->5769K(5888K) Class: 533K(640K)->533K(640K)
[5.894s][info][gc             ] GC(124) Pause Young (Allocation Failure) 952M->952M(1051M) 36.382ms
[5.894s][info][gc,cpu         ] GC(124) User=0.23s Sys=0.02s Real=0.04s
[5.909s][info][gc,start       ] GC(125) Pause Young (Allocation Failure)
[5.937s][info][gc,heap        ] GC(125) PSYoungGen: 57056K(88576K)->39360K(89088K) Eden: 13824K(13824K)->0K(13824K) From: 43232K(74752K)->39360K(75264K)
[5.937s][info][gc,heap        ] GC(125) ParOldGen: 932349K(988160K)->950269K(988160K)
[5.937s][info][gc,metaspace   ] GC(125) Metaspace: 6303K(6528K)->6303K(6528K) NonClass: 5769K(5888K)->5769K(5888K) Class: 533K(640K)->533K(640K)
[5.937s][info][gc             ] GC(125) Pause Young (Allocation Failure) 966M->966M(1052M) 28.092ms
[5.937s][info][gc,cpu         ] GC(125) User=0.14s Sys=0.00s Real=0.03s
[5.953s][info][gc,start       ] GC(126) Pause Young (Allocation Failure)
[5.980s][info][gc,heap        ] GC(126) PSYoungGen: 53184K(89088K)->27808K(82432K) Eden: 13824K(13824K)->0K(15872K) From: 39360K(75264K)->27808K(66560K)
[5.980s][info][gc,heap        ] GC(126) ParOldGen: 950269K(988160K)->976021K(988160K)
[5.980s][info][gc,metaspace   ] GC(126) Metaspace: 6303K(6528K)->6303K(6528K) NonClass: 5769K(5888K)->5769K(5888K) Class: 533K(640K)->533K(640K)
[5.980s][info][gc             ] GC(126) Pause Young (Allocation Failure) 979M->980M(1045M) 26.974ms
[5.980s][info][gc,cpu         ] GC(126) User=0.08s Sys=0.05s Real=0.03s
[5.980s][info][gc,start       ] GC(127) Pause Full (Ergonomics)
[5.980s][info][gc,phases,start] GC(127) Marking Phase
[6.209s][info][gc,phases      ] GC(127) Marking Phase 229.229ms
[6.209s][info][gc,phases,start] GC(127) Summary Phase
[6.209s][info][gc,phases      ] GC(127) Summary Phase 0.029ms
[6.209s][info][gc,phases,start] GC(127) Adjust Roots
[6.209s][info][gc,phases      ] GC(127) Adjust Roots 0.157ms
[6.209s][info][gc,phases,start] GC(127) Compaction Phase
[6.298s][info][gc,phases      ] GC(127) Compaction Phase 88.601ms
[6.298s][info][gc,phases,start] GC(127) Post Compact
[6.300s][info][gc,phases      ] GC(127) Post Compact 1.830ms
[6.301s][info][gc,heap        ] GC(127) PSYoungGen: 27808K(82432K)->14297K(84992K) Eden: 0K(15872K)->0K(18432K) From: 27808K(66560K)->14297K(66560K)
[6.301s][info][gc,heap        ] GC(127) ParOldGen: 976021K(988160K)->988133K(1095680K)
[6.301s][info][gc,metaspace   ] GC(127) Metaspace: 6303K(6528K)->6303K(6528K) NonClass: 5769K(5888K)->5769K(5888K) Class: 533K(640K)->533K(640K)
[6.301s][info][gc             ] GC(127) Pause Full (Ergonomics) 980M->978M(1153M) 320.658ms
[6.301s][info][gc,cpu         ] GC(127) User=2.16s Sys=0.03s Real=0.32s
[6.324s][info][gc,start       ] GC(128) Pause Young (Allocation Failure)
[6.380s][info][gc,heap        ] GC(128) PSYoungGen: 32729K(84992K)->18560K(88576K) Eden: 18432K(18432K)->0K(18432K) From: 14297K(66560K)->18560K(70144K)
[6.380s][info][gc,heap        ] GC(128) ParOldGen: 988133K(1095680K)->1002637K(1095680K)
[6.380s][info][gc,metaspace   ] GC(128) Metaspace: 6303K(6528K)->6303K(6528K) NonClass: 5769K(5888K)->5769K(5888K) Class: 533K(640K)->533K(640K)
[6.380s][info][gc             ] GC(128) Pause Young (Allocation Failure) 996M->997M(1156M) 56.271ms
[6.380s][info][gc,cpu         ] GC(128) User=0.50s Sys=0.00s Real=0.06s
[6.400s][info][gc,start       ] GC(129) Pause Young (Allocation Failure)
[6.422s][info][gc,heap        ] GC(129) PSYoungGen: 36992K(88576K)->18528K(86016K) Eden: 18432K(18432K)->0K(20480K) From: 18560K(70144K)->18528K(65536K)
[6.422s][info][gc,heap        ] GC(129) ParOldGen: 1002637K(1095680K)->1021333K(1095680K)
[6.422s][info][gc,metaspace   ] GC(129) Metaspace: 6303K(6528K)->6303K(6528K) NonClass: 5769K(5888K)->5769K(5888K) Class: 533K(640K)->533K(640K)
[6.422s][info][gc             ] GC(129) Pause Young (Allocation Failure) 1015M->1015M(1154M) 21.946ms
[6.422s][info][gc,cpu         ] GC(129) User=0.12s Sys=0.02s Real=0.02s
[6.444s][info][gc,start       ] GC(130) Pause Young (Allocation Failure)
[6.466s][info][gc,heap        ] GC(130) PSYoungGen: 39008K(86016K)->20608K(41472K) Eden: 20480K(20480K)->0K(20480K) From: 18528K(65536K)->20608K(20992K)
[6.466s][info][gc,heap        ] GC(130) ParOldGen: 1021333K(1095680K)->1040021K(1095680K)
[6.466s][info][gc,metaspace   ] GC(130) Metaspace: 6303K(6528K)->6303K(6528K) NonClass: 5769K(5888K)->5769K(5888K) Class: 533K(640K)->533K(640K)
[6.466s][info][gc             ] GC(130) Pause Young (Allocation Failure) 1035M->1035M(1110M) 22.579ms
[6.466s][info][gc,cpu         ] GC(130) User=0.14s Sys=0.00s Real=0.02s
[6.489s][info][gc,start       ] GC(131) Pause Young (Allocation Failure)
[6.513s][info][gc,heap        ] GC(131) PSYoungGen: 41088K(41472K)->20672K(82944K) Eden: 20480K(20480K)->0K(22528K) From: 20608K(20992K)->20672K(60416K)
[6.513s][info][gc,heap        ] GC(131) ParOldGen: 1040021K(1095680K)->1060781K(1095680K)
[6.513s][info][gc,metaspace   ] GC(131) Metaspace: 6303K(6528K)->6303K(6528K) NonClass: 5769K(5888K)->5769K(5888K) Class: 533K(640K)->533K(640K)
[6.513s][info][gc             ] GC(131) Pause Young (Allocation Failure) 1055M->1056M(1151M) 23.873ms
[6.513s][info][gc,cpu         ] GC(131) User=0.12s Sys=0.00s Real=0.02s
[6.540s][info][gc,start       ] GC(132) Pause Young (Allocation Failure)
[6.566s][info][gc,heap        ] GC(132) PSYoungGen: 43200K(82944K)->22688K(84992K) Eden: 22528K(22528K)->0K(22528K) From: 20672K(60416K)->22688K(62464K)
[6.566s][info][gc,heap        ] GC(132) ParOldGen: 1060781K(1095680K)->1081541K(1095680K)
[6.566s][info][gc,metaspace   ] GC(132) Metaspace: 6303K(6528K)->6303K(6528K) NonClass: 5769K(5888K)->5769K(5888K) Class: 533K(640K)->533K(640K)
[6.566s][info][gc             ] GC(132) Pause Young (Allocation Failure) 1078M->1078M(1153M) 25.319ms
[6.566s][info][gc,cpu         ] GC(132) User=0.14s Sys=0.00s Real=0.02s
[6.566s][info][gc,start       ] GC(133) Pause Full (Ergonomics)
[6.566s][info][gc,phases,start] GC(133) Marking Phase
[6.811s][info][gc,phases      ] GC(133) Marking Phase 244.927ms
[6.811s][info][gc,phases,start] GC(133) Summary Phase
[6.811s][info][gc,phases      ] GC(133) Summary Phase 0.024ms
[6.811s][info][gc,phases,start] GC(133) Adjust Roots
[6.811s][info][gc,phases      ] GC(133) Adjust Roots 0.147ms
[6.811s][info][gc,phases,start] GC(133) Compaction Phase
[6.906s][info][gc,phases      ] GC(133) Compaction Phase 95.198ms
[6.906s][info][gc,phases,start] GC(133) Post Compact
[6.908s][info][gc,phases      ] GC(133) Post Compact 1.735ms
[6.908s][info][gc,heap        ] GC(133) PSYoungGen: 22688K(84992K)->7167K(84992K) Eden: 0K(22528K)->0K(22528K) From: 22688K(62464K)->7167K(62464K)
[6.908s][info][gc,heap        ] GC(133) ParOldGen: 1081541K(1095680K)->1095458K(1211392K)
[6.908s][info][gc,metaspace   ] GC(133) Metaspace: 6303K(6528K)->6303K(6528K) NonClass: 5769K(5888K)->5769K(5888K) Class: 533K(640K)->533K(640K)
[6.909s][info][gc             ] GC(133) Pause Full (Ergonomics) 1078M->1076M(1266M) 342.727ms
[6.909s][info][gc,cpu         ] GC(133) User=2.41s Sys=0.02s Real=0.34s
[6.935s][info][gc,start       ] GC(134) Pause Young (Allocation Failure)
[6.996s][info][gc,heap        ] GC(134) PSYoungGen: 29695K(84992K)->22656K(78848K) Eden: 22528K(22528K)->0K(24576K) From: 7167K(62464K)->22656K(54272K)
[6.996s][info][gc,heap        ] GC(134) ParOldGen: 1095458K(1211392K)->1102754K(1211392K)
[6.996s][info][gc,metaspace   ] GC(134) Metaspace: 6303K(6528K)->6303K(6528K) NonClass: 5769K(5888K)->5769K(5888K) Class: 533K(640K)->533K(640K)
[6.996s][info][gc             ] GC(134) Pause Young (Allocation Failure) 1098M->1099M(1260M) 60.997ms
[6.996s][info][gc,cpu         ] GC(134) User=0.36s Sys=0.02s Real=0.06s
[7.024s][info][gc,start       ] GC(135) Pause Young (Allocation Failure)
[7.051s][info][gc,heap        ] GC(135) PSYoungGen: 47232K(78848K)->47296K(81920K) Eden: 24576K(24576K)->0K(24576K) From: 22656K(54272K)->47296K(57344K)
[7.051s][info][gc,heap        ] GC(135) ParOldGen: 1102754K(1211392K)->1102754K(1211392K)
[7.051s][info][gc,metaspace   ] GC(135) Metaspace: 6303K(6528K)->6303K(6528K) NonClass: 5769K(5888K)->5769K(5888K) Class: 533K(640K)->533K(640K)
[7.051s][info][gc             ] GC(135) Pause Young (Allocation Failure) 1123M->1123M(1263M) 26.634ms
[7.051s][info][gc,cpu         ] GC(135) User=0.14s Sys=0.00s Real=0.03s
[7.080s][info][gc,start       ] GC(136) Pause Young (Allocation Failure)
[7.117s][info][gc,heap        ] GC(136) PSYoungGen: 71872K(81920K)->61952K(76288K) Eden: 24576K(24576K)->0K(14336K) From: 47296K(57344K)->61952K(61952K)
[7.117s][info][gc,heap        ] GC(136) ParOldGen: 1102754K(1211392K)->1112666K(1211392K)
[7.117s][info][gc,metaspace   ] GC(136) Metaspace: 6303K(6528K)->6303K(6528K) NonClass: 5769K(5888K)->5769K(5888K) Class: 533K(640K)->533K(640K)
[7.117s][info][gc             ] GC(136) Pause Young (Allocation Failure) 1147M->1147M(1257M) 37.140ms
[7.117s][info][gc,cpu         ] GC(136) User=0.20s Sys=0.05s Real=0.04s
[7.135s][info][gc,start       ] GC(137) Pause Young (Allocation Failure)
[7.174s][info][gc,heap        ] GC(137) PSYoungGen: 76288K(76288K)->35872K(50688K) Eden: 14336K(14336K)->0K(14336K) From: 61952K(61952K)->35872K(36352K)
[7.174s][info][gc,heap        ] GC(137) ParOldGen: 1112666K(1211392K)->1153730K(1211392K)
[7.174s][info][gc,metaspace   ] GC(137) Metaspace: 6303K(6528K)->6303K(6528K) NonClass: 5769K(5888K)->5769K(5888K) Class: 533K(640K)->533K(640K)
[7.174s][info][gc             ] GC(137) Pause Young (Allocation Failure) 1161M->1161M(1232M) 38.482ms
[7.174s][info][gc,cpu         ] GC(137) User=0.36s Sys=0.02s Real=0.04s
[7.191s][info][gc,start       ] GC(138) Pause Young (Allocation Failure)
[7.218s][info][gc,heap        ] GC(138) PSYoungGen: 50208K(50688K)->28832K(81920K) Eden: 14336K(14336K)->0K(16384K) From: 35872K(36352K)->28832K(65536K)
[7.218s][info][gc,heap        ] GC(138) ParOldGen: 1153730K(1211392K)->1175434K(1211392K)
[7.218s][info][gc,metaspace   ] GC(138) Metaspace: 6303K(6528K)->6303K(6528K) NonClass: 5769K(5888K)->5769K(5888K) Class: 533K(640K)->533K(640K)
[7.219s][info][gc             ] GC(138) Pause Young (Allocation Failure) 1175M->1176M(1263M) 27.695ms
[7.219s][info][gc,cpu         ] GC(138) User=0.14s Sys=0.00s Real=0.03s
[7.219s][info][gc,start       ] GC(139) Pause Full (Ergonomics)
[7.219s][info][gc,phases,start] GC(139) Marking Phase
[7.490s][info][gc,phases      ] GC(139) Marking Phase 271.065ms
[7.490s][info][gc,phases,start] GC(139) Summary Phase
[7.490s][info][gc,phases      ] GC(139) Summary Phase 0.031ms
[7.490s][info][gc,phases,start] GC(139) Adjust Roots
[7.490s][info][gc,phases      ] GC(139) Adjust Roots 0.147ms
[7.490s][info][gc,phases,start] GC(139) Compaction Phase
[7.586s][info][gc,phases      ] GC(139) Compaction Phase 96.376ms
[7.586s][info][gc,phases,start] GC(139) Post Compact
[7.589s][info][gc,phases      ] GC(139) Post Compact 2.224ms
[7.589s][info][gc,heap        ] GC(139) PSYoungGen: 28832K(81920K)->0K(84992K) Eden: 0K(16384K)->0K(16384K) From: 28832K(65536K)->0K(68608K)
[7.589s][info][gc,heap        ] GC(139) ParOldGen: 1175434K(1211392K)->1202820K(1333248K)
[7.589s][info][gc,metaspace   ] GC(139) Metaspace: 6303K(6528K)->6303K(6528K) NonClass: 5769K(5888K)->5769K(5888K) Class: 533K(640K)->533K(640K)
[7.589s][info][gc             ] GC(139) Pause Full (Ergonomics) 1176M->1174M(1385M) 370.741ms
[7.589s][info][gc,cpu         ] GC(139) User=2.61s Sys=0.06s Real=0.37s
[7.609s][info][gc,start       ] GC(140) Pause Young (Allocation Failure)
[7.623s][info][gc,heap        ] GC(140) PSYoungGen: 16384K(84992K)->16544K(84992K) Eden: 16384K(16384K)->0K(18432K) From: 0K(68608K)->16544K(66560K)
[7.623s][info][gc,heap        ] GC(140) ParOldGen: 1202820K(1333248K)->1202820K(1333248K)
[7.623s][info][gc,metaspace   ] GC(140) Metaspace: 6303K(6528K)->6303K(6528K) NonClass: 5769K(5888K)->5769K(5888K) Class: 533K(640K)->533K(640K)
[7.623s][info][gc             ] GC(140) Pause Young (Allocation Failure) 1190M->1190M(1385M) 13.929ms
[7.623s][info][gc,cpu         ] GC(140) User=0.02s Sys=0.00s Real=0.01s
[7.647s][info][gc,start       ] GC(141) Pause Young (Allocation Failure)
[7.667s][info][gc,heap        ] GC(141) PSYoungGen: 34976K(84992K)->35008K(86016K) Eden: 18432K(18432K)->0K(18432K) From: 16544K(66560K)->35008K(67584K)
[7.667s][info][gc,heap        ] GC(141) ParOldGen: 1202820K(1333248K)->1202820K(1333248K)
[7.667s][info][gc,metaspace   ] GC(141) Metaspace: 6303K(6528K)->6303K(6528K) NonClass: 5769K(5888K)->5769K(5888K) Class: 533K(640K)->533K(640K)
[7.667s][info][gc             ] GC(141) Pause Young (Allocation Failure) 1208M->1208M(1386M) 20.076ms
[7.667s][info][gc,cpu         ] GC(141) User=0.12s Sys=0.00s Real=0.02s
[7.688s][info][gc,start       ] GC(142) Pause Young (Allocation Failure)
[7.716s][info][gc,heap        ] GC(142) PSYoungGen: 53440K(86016K)->53376K(81408K) Eden: 18432K(18432K)->0K(15872K) From: 35008K(67584K)->53376K(65536K)
[7.716s][info][gc,heap        ] GC(142) ParOldGen: 1202820K(1333248K)->1202820K(1333248K)
[7.716s][info][gc,metaspace   ] GC(142) Metaspace: 6303K(6528K)->6303K(6528K) NonClass: 5769K(5888K)->5769K(5888K) Class: 533K(640K)->533K(640K)
[7.716s][info][gc             ] GC(142) Pause Young (Allocation Failure) 1226M->1226M(1381M) 27.740ms
[7.716s][info][gc,cpu         ] GC(142) User=0.14s Sys=0.00s Real=0.03s
[7.734s][info][gc,start       ] GC(143) Pause Young (Allocation Failure)
[7.768s][info][gc,heap        ] GC(143) PSYoungGen: 69248K(81408K)->69280K(86016K) Eden: 15872K(15872K)->0K(15872K) From: 53376K(65536K)->69280K(70144K)
[7.768s][info][gc,heap        ] GC(143) ParOldGen: 1202820K(1333248K)->1202820K(1333248K)
[7.768s][info][gc,metaspace   ] GC(143) Metaspace: 6303K(6528K)->6303K(6528K) NonClass: 5769K(5888K)->5769K(5888K) Class: 533K(640K)->533K(640K)
[7.768s][info][gc             ] GC(143) Pause Young (Allocation Failure) 1242M->1242M(1386M) 34.192ms
[7.768s][info][gc,cpu         ] GC(143) User=0.16s Sys=0.00s Real=0.04s
[7.787s][info][gc,start       ] GC(144) Pause Young (Allocation Failure)
[7.829s][info][gc,heap        ] GC(144) PSYoungGen: 85152K(86016K)->79872K(84480K) Eden: 15872K(15872K)->0K(4608K) From: 69280K(70144K)->79872K(79872K)
[7.829s][info][gc,heap        ] GC(144) ParOldGen: 1202820K(1333248K)->1208052K(1333248K)
[7.829s][info][gc,metaspace   ] GC(144) Metaspace: 6303K(6528K)->6303K(6528K) NonClass: 5769K(5888K)->5769K(5888K) Class: 533K(640K)->533K(640K)
[7.829s][info][gc             ] GC(144) Pause Young (Allocation Failure) 1257M->1257M(1384M) 41.898ms
[7.829s][info][gc,cpu         ] GC(144) User=0.25s Sys=0.02s Real=0.04s
[7.835s][info][gc,start       ] GC(145) Pause Young (Allocation Failure)
[7.874s][info][gc,heap        ] GC(145) PSYoungGen: 84480K(84480K)->51776K(56832K) Eden: 4608K(4608K)->0K(4608K) From: 79872K(79872K)->51776K(52224K)
[7.874s][info][gc,heap        ] GC(145) ParOldGen: 1208052K(1333248K)->1241308K(1333248K)
[7.874s][info][gc,metaspace   ] GC(145) Metaspace: 6303K(6528K)->6303K(6528K) NonClass: 5769K(5888K)->5769K(5888K) Class: 533K(640K)->533K(640K)
[7.874s][info][gc             ] GC(145) Pause Young (Allocation Failure) 1262M->1262M(1357M) 39.656ms
[7.874s][info][gc,cpu         ] GC(145) User=0.23s Sys=0.03s Real=0.04s
[7.880s][info][gc,start       ] GC(146) Pause Young (Allocation Failure)
[7.909s][info][gc,heap        ] GC(146) PSYoungGen: 56384K(56832K)->24576K(94208K) Eden: 4608K(4608K)->0K(5632K) From: 51776K(52224K)->24576K(88576K)
[7.909s][info][gc,heap        ] GC(146) ParOldGen: 1241308K(1333248K)->1273508K(1333248K)
[7.909s][info][gc,metaspace   ] GC(146) Metaspace: 6303K(6528K)->6303K(6528K) NonClass: 5769K(5888K)->5769K(5888K) Class: 533K(640K)->533K(640K)
[7.909s][info][gc             ] GC(146) Pause Young (Allocation Failure) 1267M->1267M(1394M) 28.634ms
[7.909s][info][gc,cpu         ] GC(146) User=0.14s Sys=0.00s Real=0.03s
[7.917s][info][gc,start       ] GC(147) Pause Young (Allocation Failure)
[7.934s][info][gc,heap        ] GC(147) PSYoungGen: 30208K(94208K)->9728K(95744K) Eden: 5632K(5632K)->0K(5632K) From: 24576K(88576K)->9728K(90112K)
[7.934s][info][gc,heap        ] GC(147) ParOldGen: 1273508K(1333248K)->1293604K(1333248K)
[7.934s][info][gc,metaspace   ] GC(147) Metaspace: 6303K(6528K)->6303K(6528K) NonClass: 5769K(5888K)->5769K(5888K) Class: 533K(640K)->533K(640K)
[7.934s][info][gc             ] GC(147) Pause Young (Allocation Failure) 1273M->1272M(1395M) 17.359ms
[7.934s][info][gc,cpu         ] GC(147) User=0.06s Sys=0.00s Real=0.02s
[7.934s][info][gc,start       ] GC(148) Pause Full (Ergonomics)
[7.934s][info][gc,phases,start] GC(148) Marking Phase
[8.228s][info][gc,phases      ] GC(148) Marking Phase 293.284ms
[8.228s][info][gc,phases,start] GC(148) Summary Phase
[8.228s][info][gc,phases      ] GC(148) Summary Phase 0.043ms
[8.228s][info][gc,phases,start] GC(148) Adjust Roots
[8.228s][info][gc,phases      ] GC(148) Adjust Roots 0.159ms
[8.228s][info][gc,phases,start] GC(148) Compaction Phase
[8.330s][info][gc,phases      ] GC(148) Compaction Phase 101.413ms
[8.330s][info][gc,phases,start] GC(148) Post Compact
[8.332s][info][gc,phases      ] GC(148) Post Compact 2.284ms
[8.332s][info][gc,heap        ] GC(148) PSYoungGen: 9728K(95744K)->0K(97792K) Eden: 0K(5632K)->0K(7168K) From: 9728K(90112K)->0K(90624K)
[8.332s][info][gc,heap        ] GC(148) ParOldGen: 1293604K(1333248K)->1301805K(1446400K)
[8.332s][info][gc,metaspace   ] GC(148) Metaspace: 6303K(6528K)->6303K(6528K) NonClass: 5769K(5888K)->5769K(5888K) Class: 533K(640K)->533K(640K)
[8.332s][info][gc             ] GC(148) Pause Full (Ergonomics) 1272M->1271M(1508M) 397.990ms
[8.332s][info][gc,cpu         ] GC(148) User=3.03s Sys=0.00s Real=0.40s
[8.339s][info][gc,start       ] GC(149) Pause Young (Allocation Failure)
[8.350s][info][gc,heap        ] GC(149) PSYoungGen: 7168K(97792K)->3808K(97792K) Eden: 7168K(7168K)->0K(7168K) From: 0K(90624K)->3808K(90624K)
[8.350s][info][gc,heap        ] GC(149) ParOldGen: 1301805K(1446400K)->1301805K(1446400K)
[8.351s][info][gc,metaspace   ] GC(149) Metaspace: 6303K(6528K)->6303K(6528K) NonClass: 5769K(5888K)->5769K(5888K) Class: 533K(640K)->533K(640K)
[8.351s][info][gc             ] GC(149) Pause Young (Allocation Failure) 1278M->1275M(1508M) 11.976ms
[8.351s][info][gc,cpu         ] GC(149) User=0.08s Sys=0.00s Real=0.01s
[8.356s][info][gc,start       ] GC(150) Pause Young (Allocation Failure)
[8.367s][info][gc,heap        ] GC(150) PSYoungGen: 10976K(97792K)->3776K(98304K) Eden: 7168K(7168K)->0K(8192K) From: 3808K(90624K)->3776K(90112K)
[8.367s][info][gc,heap        ] GC(150) ParOldGen: 1301805K(1446400K)->1305597K(1446400K)
[8.367s][info][gc,metaspace   ] GC(150) Metaspace: 6303K(6528K)->6303K(6528K) NonClass: 5769K(5888K)->5769K(5888K) Class: 533K(640K)->533K(640K)
[8.367s][info][gc             ] GC(150) Pause Young (Allocation Failure) 1282M->1278M(1508M) 10.411ms
[8.367s][info][gc,cpu         ] GC(150) User=0.00s Sys=0.00s Real=0.01s
[8.373s][info][gc,start       ] GC(151) Pause Young (Allocation Failure)
[8.385s][info][gc,heap        ] GC(151) PSYoungGen: 11968K(98304K)->4384K(98816K) Eden: 8192K(8192K)->0K(8192K) From: 3776K(90112K)->4384K(90624K)
[8.385s][info][gc,heap        ] GC(151) ParOldGen: 1305597K(1446400K)->1309389K(1446400K)
[8.385s][info][gc,metaspace   ] GC(151) Metaspace: 6303K(6528K)->6303K(6528K) NonClass: 5769K(5888K)->5769K(5888K) Class: 533K(640K)->533K(640K)
[8.385s][info][gc             ] GC(151) Pause Young (Allocation Failure) 1286M->1282M(1509M) 12.349ms
[8.385s][info][gc,cpu         ] GC(151) User=0.00s Sys=0.00s Real=0.01s
[8.392s][info][gc,start       ] GC(152) Pause Young (Allocation Failure)
[8.403s][info][gc,heap        ] GC(152) PSYoungGen: 12576K(98816K)->4352K(95232K) Eden: 8192K(8192K)->0K(9728K) From: 4384K(90624K)->4352K(85504K)
[8.403s][info][gc,heap        ] GC(152) ParOldGen: 1309389K(1446400K)->1313717K(1446400K)
[8.403s][info][gc,metaspace   ] GC(152) Metaspace: 6303K(6528K)->6303K(6528K) NonClass: 5769K(5888K)->5769K(5888K) Class: 533K(640K)->533K(640K)
[8.403s][info][gc             ] GC(152) Pause Young (Allocation Failure) 1290M->1287M(1505M) 10.993ms
[8.403s][info][gc,cpu         ] GC(152) User=0.00s Sys=0.00s Real=0.01s
[8.414s][info][gc,start       ] GC(153) Pause Young (Allocation Failure)
[8.428s][info][gc,heap        ] GC(153) PSYoungGen: 14080K(95232K)->8544K(18432K) Eden: 9728K(9728K)->0K(9728K) From: 4352K(85504K)->8544K(8704K)
[8.428s][info][gc,heap        ] GC(153) ParOldGen: 1313717K(1446400K)->1318053K(1446400K)
[8.428s][info][gc,metaspace   ] GC(153) Metaspace: 6303K(6528K)->6303K(6528K) NonClass: 5769K(5888K)->5769K(5888K) Class: 533K(640K)->533K(640K)
[8.428s][info][gc             ] GC(153) Pause Young (Allocation Failure) 1296M->1295M(1430M) 14.190ms
[8.428s][info][gc,cpu         ] GC(153) User=0.02s Sys=0.00s Real=0.01s
[8.440s][info][gc,start       ] GC(154) Pause Young (Allocation Failure)
[8.455s][info][gc,heap        ] GC(154) PSYoungGen: 18272K(18432K)->9824K(88576K) Eden: 9728K(9728K)->0K(11264K) From: 8544K(8704K)->9824K(77312K)
[8.455s][info][gc,heap        ] GC(154) ParOldGen: 1318053K(1446400K)->1326613K(1446400K)
[8.455s][info][gc,metaspace   ] GC(154) Metaspace: 6303K(6528K)->6303K(6528K) NonClass: 5769K(5888K)->5769K(5888K) Class: 533K(640K)->533K(640K)
[8.455s][info][gc             ] GC(154) Pause Young (Allocation Failure) 1305M->1305M(1499M) 15.358ms
[8.455s][info][gc,cpu         ] GC(154) User=0.02s Sys=0.00s Real=0.02s
[8.471s][info][gc,start       ] GC(155) Pause Young (Allocation Failure)
[8.487s][info][gc,heap        ] GC(155) PSYoungGen: 21088K(88576K)->11392K(23040K) Eden: 11264K(11264K)->0K(11264K) From: 9824K(77312K)->11392K(11776K)
[8.487s][info][gc,heap        ] GC(155) ParOldGen: 1326613K(1446400K)->1336469K(1446400K)
[8.487s][info][gc,metaspace   ] GC(155) Metaspace: 6303K(6528K)->6303K(6528K) NonClass: 5769K(5888K)->5769K(5888K) Class: 533K(640K)->533K(640K)
[8.487s][info][gc             ] GC(155) Pause Young (Allocation Failure) 1316M->1316M(1435M) 16.264ms
[8.487s][info][gc,cpu         ] GC(155) User=0.02s Sys=0.00s Real=0.02s
[8.501s][info][gc,start       ] GC(156) Pause Young (Allocation Failure)
[8.518s][info][gc,heap        ] GC(156) PSYoungGen: 22656K(23040K)->11392K(82944K) Eden: 11264K(11264K)->0K(12800K) From: 11392K(11776K)->11392K(70144K)
[8.518s][info][gc,heap        ] GC(156) ParOldGen: 1336469K(1446400K)->1347901K(1446400K)
[8.518s][info][gc,metaspace   ] GC(156) Metaspace: 6303K(6528K)->6303K(6528K) NonClass: 5769K(5888K)->5769K(5888K) Class: 533K(640K)->533K(640K)
[8.518s][info][gc             ] GC(156) Pause Young (Allocation Failure) 1327M->1327M(1493M) 17.226ms
[8.518s][info][gc,cpu         ] GC(156) User=0.02s Sys=0.00s Real=0.02s
[8.533s][info][gc,start       ] GC(157) Pause Young (Allocation Failure)
[8.549s][info][gc,heap        ] GC(157) PSYoungGen: 24192K(82944K)->12928K(26112K) Eden: 12800K(12800K)->0K(12800K) From: 11392K(70144K)->12928K(13312K)
[8.549s][info][gc,heap        ] GC(157) ParOldGen: 1347901K(1446400K)->1359325K(1446400K)
[8.549s][info][gc,metaspace   ] GC(157) Metaspace: 6303K(6528K)->6303K(6528K) NonClass: 5769K(5888K)->5769K(5888K) Class: 533K(640K)->533K(640K)
[8.549s][info][gc             ] GC(157) Pause Young (Allocation Failure) 1339M->1340M(1438M) 16.393ms
[8.549s][info][gc,cpu         ] GC(157) User=0.00s Sys=0.02s Real=0.02s
[8.565s][info][gc,start       ] GC(158) Pause Young (Allocation Failure)
[8.582s][info][gc,heap        ] GC(158) PSYoungGen: 25728K(26112K)->12896K(76800K) Eden: 12800K(12800K)->0K(14336K) From: 12928K(13312K)->12896K(62464K)
[8.582s][info][gc,heap        ] GC(158) ParOldGen: 1359325K(1446400K)->1372317K(1446400K)
[8.582s][info][gc,metaspace   ] GC(158) Metaspace: 6303K(6528K)->6303K(6528K) NonClass: 5769K(5888K)->5769K(5888K) Class: 533K(640K)->533K(640K)
[8.582s][info][gc             ] GC(158) Pause Young (Allocation Failure) 1352M->1352M(1487M) 17.146ms
[8.582s][info][gc,cpu         ] GC(158) User=0.02s Sys=0.02s Real=0.02s
[8.600s][info][gc,start       ] GC(159) Pause Young (Allocation Failure)
[8.618s][info][gc,heap        ] GC(159) PSYoungGen: 27232K(76800K)->14496K(29184K) Eden: 14336K(14336K)->0K(14336K) From: 12896K(62464K)->14496K(14848K)
[8.618s][info][gc,heap        ] GC(159) ParOldGen: 1372317K(1446400K)->1385317K(1446400K)
[8.618s][info][gc,metaspace   ] GC(159) Metaspace: 6303K(6528K)->6303K(6528K) NonClass: 5769K(5888K)->5769K(5888K) Class: 533K(640K)->533K(640K)
[8.618s][info][gc             ] GC(159) Pause Young (Allocation Failure) 1366M->1367M(1441M) 18.158ms
[8.618s][info][gc,cpu         ] GC(159) User=0.03s Sys=0.00s Real=0.02s
[8.926s][info][gc,start       ] GC(160) Pause Young (Allocation Failure)
[8.981s][info][gc,heap        ] GC(160) PSYoungGen: 28832K(29184K)->14496K(71168K) Eden: 14336K(14336K)->0K(15872K) From: 14496K(14848K)->14496K(55296K)
[8.981s][info][gc,heap        ] GC(160) ParOldGen: 1450853K(1512448K)->1465429K(1512448K)
[8.981s][info][gc,metaspace   ] GC(160) Metaspace: 6303K(6528K)->6303K(6528K) NonClass: 5769K(5888K)->5769K(5888K) Class: 533K(640K)->533K(640K)
[8.981s][info][gc             ] GC(160) Pause Young (Allocation Failure) 1445M->1445M(1546M) 55.495ms
[8.981s][info][gc,cpu         ] GC(160) User=0.28s Sys=0.00s Real=0.06s
[8.997s][info][gc,start       ] GC(161) Pause Young (Allocation Failure)
[9.022s][info][gc,heap        ] GC(161) PSYoungGen: 30368K(71168K)->30368K(74752K) Eden: 15872K(15872K)->0K(15872K) From: 14496K(55296K)->30368K(58880K)
[9.022s][info][gc,heap        ] GC(161) ParOldGen: 1465429K(1512448K)->1465429K(1512448K)
[9.022s][info][gc,metaspace   ] GC(161) Metaspace: 6303K(6528K)->6303K(6528K) NonClass: 5769K(5888K)->5769K(5888K) Class: 533K(640K)->533K(640K)
[9.022s][info][gc             ] GC(161) Pause Young (Allocation Failure) 1460M->1460M(1550M) 25.008ms
[9.022s][info][gc,cpu         ] GC(161) User=0.02s Sys=0.00s Real=0.02s
[9.037s][info][gc,start       ] GC(162) Pause Young (Allocation Failure)
[9.065s][info][gc,heap        ] GC(162) PSYoungGen: 46240K(74752K)->46208K(70656K) Eden: 15872K(15872K)->0K(11776K) From: 30368K(58880K)->46208K(58880K)
[9.065s][info][gc,heap        ] GC(162) ParOldGen: 1465429K(1512448K)->1465429K(1512448K)
[9.065s][info][gc,metaspace   ] GC(162) Metaspace: 6303K(6528K)->6303K(6528K) NonClass: 5769K(5888K)->5769K(5888K) Class: 533K(640K)->533K(640K)
[9.065s][info][gc             ] GC(162) Pause Young (Allocation Failure) 1476M->1476M(1546M) 28.311ms
[9.065s][info][gc,cpu         ] GC(162) User=0.05s Sys=0.00s Real=0.03s
[9.076s][info][gc,start       ] GC(163) Pause Young (Allocation Failure)
[9.107s][info][gc,heap        ] GC(163) PSYoungGen: 57984K(70656K)->43680K(76800K) Eden: 11776K(11776K)->0K(11776K) From: 46208K(58880K)->43680K(65024K)
[9.107s][info][gc,heap        ] GC(163) ParOldGen: 1465429K(1512448K)->1479941K(1512448K)
[9.107s][info][gc,metaspace   ] GC(163) Metaspace: 6303K(6528K)->6303K(6528K) NonClass: 5769K(5888K)->5769K(5888K) Class: 533K(640K)->533K(640K)
[9.107s][info][gc             ] GC(163) Pause Young (Allocation Failure) 1487M->1487M(1552M) 30.653ms
[9.107s][info][gc,cpu         ] GC(163) User=0.03s Sys=0.00s Real=0.03s
[9.117s][info][gc,start       ] GC(164) Pause Young (Allocation Failure)
[9.148s][info][gc,heap        ] GC(164) PSYoungGen: 55456K(76800K)->39584K(80896K) Eden: 11776K(11776K)->0K(12288K) From: 43680K(65024K)->39584K(68608K)
[9.148s][info][gc,heap        ] GC(164) ParOldGen: 1479941K(1512448K)->1496029K(1512448K)
[9.148s][info][gc,metaspace   ] GC(164) Metaspace: 6303K(6528K)->6303K(6528K) NonClass: 5769K(5888K)->5769K(5888K) Class: 533K(640K)->533K(640K)
[9.148s][info][gc             ] GC(164) Pause Young (Allocation Failure) 1499M->1499M(1556M) 30.934ms
[9.148s][info][gc,cpu         ] GC(164) User=0.03s Sys=0.00s Real=0.03s
[9.148s][info][gc,start       ] GC(165) Pause Full (Ergonomics)
[9.148s][info][gc,phases,start] GC(165) Marking Phase
[9.474s][info][gc,phases      ] GC(165) Marking Phase 325.286ms
[9.474s][info][gc,phases,start] GC(165) Summary Phase
[9.474s][info][gc,phases      ] GC(165) Summary Phase 0.044ms
[9.474s][info][gc,phases,start] GC(165) Adjust Roots
[9.474s][info][gc,phases      ] GC(165) Adjust Roots 0.163ms
[9.474s][info][gc,phases,start] GC(165) Compaction Phase
[9.717s][info][gc,phases      ] GC(165) Compaction Phase 243.253ms
[9.717s][info][gc,phases,start] GC(165) Post Compact
[9.720s][info][gc,phases      ] GC(165) Post Compact 2.915ms
[9.721s][info][gc,heap        ] GC(165) PSYoungGen: 39584K(80896K)->0K(81920K) Eden: 0K(12288K)->0K(12288K) From: 39584K(68608K)->0K(69632K)
[9.721s][info][gc,heap        ] GC(165) ParOldGen: 1496029K(1512448K)->1500305K(1638912K)
[9.721s][info][gc,metaspace   ] GC(165) Metaspace: 6303K(6528K)->6303K(6528K) NonClass: 5769K(5888K)->5769K(5888K) Class: 533K(640K)->533K(640K)
[9.721s][info][gc             ] GC(165) Pause Full (Ergonomics) 1499M->1465M(1680M) 572.412ms
[9.721s][info][gc,cpu         ] GC(165) User=3.92s Sys=0.03s Real=0.57s
[9.734s][info][gc,start       ] GC(166) Pause Young (Allocation Failure)
[9.753s][info][gc,heap        ] GC(166) PSYoungGen: 12288K(81920K)->12448K(78848K) Eden: 12288K(12288K)->0K(13824K) From: 0K(69632K)->12448K(65024K)
[9.753s][info][gc,heap        ] GC(166) ParOldGen: 1500305K(1638912K)->1500305K(1638912K)
[9.753s][info][gc,metaspace   ] GC(166) Metaspace: 6303K(6528K)->6303K(6528K) NonClass: 5769K(5888K)->5769K(5888K) Class: 533K(640K)->533K(640K)
[9.753s][info][gc             ] GC(166) Pause Young (Allocation Failure) 1477M->1477M(1677M) 19.259ms
[9.754s][info][gc,cpu         ] GC(166) User=0.03s Sys=0.00s Real=0.02s
[9.766s][info][gc,start       ] GC(167) Pause Young (Allocation Failure)
[9.789s][info][gc,heap        ] GC(167) PSYoungGen: 26272K(78848K)->26208K(40448K) Eden: 13824K(13824K)->0K(13824K) From: 12448K(65024K)->26208K(26624K)
[9.789s][info][gc,heap        ] GC(167) ParOldGen: 1500305K(1638912K)->1500305K(1638912K)
[9.789s][info][gc,metaspace   ] GC(167) Metaspace: 6303K(6528K)->6303K(6528K) NonClass: 5769K(5888K)->5769K(5888K) Class: 533K(640K)->533K(640K)
[9.789s][info][gc             ] GC(167) Pause Young (Allocation Failure) 1490M->1490M(1640M) 22.551ms
[9.789s][info][gc,cpu         ] GC(167) User=0.02s Sys=0.00s Real=0.02s
[9.802s][info][gc,start       ] GC(168) Pause Young (Allocation Failure)
[9.829s][info][gc,heap        ] GC(168) PSYoungGen: 40032K(40448K)->27808K(74752K) Eden: 13824K(13824K)->0K(15872K) From: 26208K(26624K)->27808K(58880K)
[9.829s][info][gc,heap        ] GC(168) ParOldGen: 1500305K(1638912K)->1512761K(1638912K)
[9.829s][info][gc,metaspace   ] GC(168) Metaspace: 6303K(6528K)->6303K(6528K) NonClass: 5769K(5888K)->5769K(5888K) Class: 533K(640K)->533K(640K)
[9.829s][info][gc             ] GC(168) Pause Young (Allocation Failure) 1504M->1504M(1673M) 26.843ms
[9.829s][info][gc,cpu         ] GC(168) User=0.05s Sys=0.00s Real=0.03s
[9.846s][info][gc,start       ] GC(169) Pause Young (Allocation Failure)
[9.877s][info][gc,heap        ] GC(169) PSYoungGen: 43680K(74752K)->29792K(77312K) Eden: 15872K(15872K)->0K(15872K) From: 27808K(58880K)->29792K(61440K)
[9.877s][info][gc,heap        ] GC(169) ParOldGen: 1512761K(1638912K)->1526793K(1638912K)
[9.877s][info][gc,metaspace   ] GC(169) Metaspace: 6303K(6528K)->6303K(6528K) NonClass: 5769K(5888K)->5769K(5888K) Class: 533K(640K)->533K(640K)
[9.877s][info][gc             ] GC(169) Pause Young (Allocation Failure) 1519M->1520M(1676M) 31.053ms
[9.877s][info][gc,cpu         ] GC(169) User=0.03s Sys=0.00s Real=0.03s
[9.893s][info][gc,start       ] GC(170) Pause Young (Allocation Failure)
[9.922s][info][gc,heap        ] GC(170) PSYoungGen: 45664K(77312K)->15968K(74752K) Eden: 15872K(15872K)->0K(18432K) From: 29792K(61440K)->15968K(56320K)
[9.922s][info][gc,heap        ] GC(170) ParOldGen: 1526793K(1638912K)->1556873K(1638912K)
[9.922s][info][gc,metaspace   ] GC(170) Metaspace: 6303K(6528K)->6303K(6528K) NonClass: 5769K(5888K)->5769K(5888K) Class: 533K(640K)->533K(640K)
[9.922s][info][gc             ] GC(170) Pause Young (Allocation Failure) 1535M->1535M(1673M) 28.459ms
[9.922s][info][gc,cpu         ] GC(170) User=0.05s Sys=0.00s Real=0.03s
[9.942s][info][gc,start       ] GC(171) Pause Young (Allocation Failure)
[9.967s][info][gc,heap        ] GC(171) PSYoungGen: 34400K(74752K)->18592K(76288K) Eden: 18432K(18432K)->0K(18432K) From: 15968K(56320K)->18592K(57856K)
[9.968s][info][gc,heap        ] GC(171) ParOldGen: 1556873K(1638912K)->1572961K(1638912K)
[9.968s][info][gc,metaspace   ] GC(171) Metaspace: 6303K(6528K)->6303K(6528K) NonClass: 5769K(5888K)->5769K(5888K) Class: 533K(640K)->533K(640K)
[9.968s][info][gc             ] GC(171) Pause Young (Allocation Failure) 1553M->1554M(1675M) 25.477ms
[9.968s][info][gc,cpu         ] GC(171) User=0.05s Sys=0.00s Real=0.03s
[9.986s][info][gc,start       ] GC(172) Pause Young (Allocation Failure)
[10.012s][info][gc,heap        ] GC(172) PSYoungGen: 37024K(76288K)->18560K(72192K) Eden: 18432K(18432K)->0K(20992K) From: 18592K(57856K)->18560K(51200K)
[10.012s][info][gc,heap        ] GC(172) ParOldGen: 1572961K(1638912K)->1591657K(1638912K)
[10.012s][info][gc,metaspace   ] GC(172) Metaspace: 6303K(6528K)->6303K(6528K) NonClass: 5769K(5888K)->5769K(5888K) Class: 533K(640K)->533K(640K)
[10.012s][info][gc             ] GC(172) Pause Young (Allocation Failure) 1572M->1572M(1671M) 25.913ms
[10.012s][info][gc,cpu         ] GC(172) User=0.03s Sys=0.00s Real=0.03s
[10.032s][info][gc,start       ] GC(173) Pause Young (Allocation Failure)
[10.059s][info][gc,heap        ] GC(173) PSYoungGen: 39552K(72192K)->21120K(74240K) Eden: 20992K(20992K)->0K(20992K) From: 18560K(51200K)->21120K(53248K)
[10.059s][info][gc,heap        ] GC(173) ParOldGen: 1591657K(1638912K)->1610345K(1638912K)
[10.059s][info][gc,metaspace   ] GC(173) Metaspace: 6303K(6528K)->6303K(6528K) NonClass: 5769K(5888K)->5769K(5888K) Class: 533K(640K)->533K(640K)
[10.059s][info][gc             ] GC(173) Pause Young (Allocation Failure) 1592M->1593M(1673M) 27.578ms
[10.059s][info][gc,cpu         ] GC(173) User=0.02s Sys=0.00s Real=0.03s
[10.059s][info][gc,start       ] GC(174) Pause Full (Ergonomics)
[10.059s][info][gc,phases,start] GC(174) Marking Phase
[10.412s][info][gc,phases      ] GC(174) Marking Phase 353.132ms
[10.413s][info][gc,phases,start] GC(174) Summary Phase
[10.413s][info][gc,phases      ] GC(174) Summary Phase 0.059ms
[10.413s][info][gc,phases,start] GC(174) Adjust Roots
[10.413s][info][gc,phases      ] GC(174) Adjust Roots 0.169ms
[10.413s][info][gc,phases,start] GC(174) Compaction Phase
[10.568s][info][gc,phases      ] GC(174) Compaction Phase 155.412ms
[10.568s][info][gc,phases,start] GC(174) Post Compact
[10.571s][info][gc,phases      ] GC(174) Post Compact 3.026ms
[10.572s][info][gc,heap        ] GC(174) PSYoungGen: 21120K(74240K)->0K(74752K) Eden: 0K(20992K)->0K(24064K) From: 21120K(53248K)->0K(50688K)
[10.572s][info][gc,heap        ] GC(174) ParOldGen: 1610345K(1638912K)->1629601K(1785856K)
[10.572s][info][gc,metaspace   ] GC(174) Metaspace: 6303K(6528K)->6303K(6528K) NonClass: 5769K(5888K)->5769K(5888K) Class: 533K(640K)->533K(640K)
[10.572s][info][gc             ] GC(174) Pause Full (Ergonomics) 1593M->1591M(1817M) 512.727ms
[10.572s][info][gc,cpu         ] GC(174) User=3.45s Sys=0.02s Real=0.51s
[10.598s][info][gc,start       ] GC(175) Pause Young (Allocation Failure)
[10.620s][info][gc,heap        ] GC(175) PSYoungGen: 24064K(74752K)->24224K(74752K) Eden: 24064K(24064K)->0K(24064K) From: 0K(50688K)->24224K(50688K)
[10.620s][info][gc,heap        ] GC(175) ParOldGen: 1629601K(1785856K)->1629601K(1785856K)
[10.620s][info][gc,metaspace   ] GC(175) Metaspace: 6303K(6528K)->6303K(6528K) NonClass: 5769K(5888K)->5769K(5888K) Class: 533K(640K)->533K(640K)
[10.620s][info][gc             ] GC(175) Pause Young (Allocation Failure) 1614M->1615M(1817M) 22.126ms
[10.620s][info][gc,cpu         ] GC(175) User=0.03s Sys=0.00s Real=0.02s
[10.644s][info][gc,start       ] GC(176) Pause Young (Allocation Failure)
[10.674s][info][gc,heap        ] GC(176) PSYoungGen: 48288K(74752K)->48128K(67584K) Eden: 24064K(24064K)->0K(19456K) From: 24224K(50688K)->48128K(48128K)
[10.674s][info][gc,heap        ] GC(176) ParOldGen: 1629601K(1785856K)->1629745K(1785856K)
[10.674s][info][gc,metaspace   ] GC(176) Metaspace: 6303K(6528K)->6303K(6528K) NonClass: 5769K(5888K)->5769K(5888K) Class: 533K(640K)->533K(640K)
[10.674s][info][gc             ] GC(176) Pause Young (Allocation Failure) 1638M->1638M(1810M) 30.176ms
[10.674s][info][gc,cpu         ] GC(176) User=0.03s Sys=0.00s Real=0.03s
[10.693s][info][gc,start       ] GC(177) Pause Young (Allocation Failure)
[10.730s][info][gc,heap        ] GC(177) PSYoungGen: 67584K(67584K)->19648K(74752K) Eden: 19456K(19456K)->0K(19456K) From: 48128K(48128K)->19648K(55296K)
[10.730s][info][gc,heap        ] GC(177) ParOldGen: 1629745K(1785856K)->1678345K(1785856K)
[10.730s][info][gc,metaspace   ] GC(177) Metaspace: 6303K(6528K)->6303K(6528K) NonClass: 5769K(5888K)->5769K(5888K) Class: 533K(640K)->533K(640K)
[10.730s][info][gc             ] GC(177) Pause Young (Allocation Failure) 1657M->1658M(1817M) 37.181ms
[10.730s][info][gc,cpu         ] GC(177) User=0.12s Sys=0.02s Real=0.04s
[10.749s][info][gc,start       ] GC(178) Pause Young (Allocation Failure)
[10.776s][info][gc,heap        ] GC(178) PSYoungGen: 39104K(74752K)->19584K(71168K) Eden: 19456K(19456K)->0K(22016K) From: 19648K(55296K)->19584K(49152K)
[10.776s][info][gc,heap        ] GC(178) ParOldGen: 1678345K(1785856K)->1698049K(1785856K)
[10.776s][info][gc,metaspace   ] GC(178) Metaspace: 6303K(6528K)->6303K(6528K) NonClass: 5769K(5888K)->5769K(5888K) Class: 533K(640K)->533K(640K)
[10.776s][info][gc             ] GC(178) Pause Young (Allocation Failure) 1677M->1677M(1813M) 27.014ms
[10.776s][info][gc,cpu         ] GC(178) User=0.03s Sys=0.00s Real=0.03s
[10.800s][info][gc,start       ] GC(179) Pause Young (Allocation Failure)
[10.828s][info][gc,heap        ] GC(179) PSYoungGen: 41600K(71168K)->22208K(73216K) Eden: 22016K(22016K)->0K(22016K) From: 19584K(49152K)->22208K(51200K)
[10.828s][info][gc,heap        ] GC(179) ParOldGen: 1698049K(1785856K)->1717769K(1785856K)
[10.828s][info][gc,metaspace   ] GC(179) Metaspace: 6303K(6528K)->6303K(6528K) NonClass: 5769K(5888K)->5769K(5888K) Class: 533K(640K)->533K(640K)
[10.828s][info][gc             ] GC(179) Pause Young (Allocation Failure) 1698M->1699M(1815M) 28.536ms
[10.828s][info][gc,cpu         ] GC(179) User=0.05s Sys=0.00s Real=0.03s
[10.852s][info][gc,start       ] GC(180) Pause Young (Allocation Failure)
[10.883s][info][gc,heap        ] GC(180) PSYoungGen: 44224K(73216K)->22144K(69632K) Eden: 22016K(22016K)->0K(24576K) From: 22208K(51200K)->22144K(45056K)
[10.883s][info][gc,heap        ] GC(180) ParOldGen: 1717769K(1785856K)->1740089K(1785856K)
[10.883s][info][gc,metaspace   ] GC(180) Metaspace: 6303K(6528K)->6303K(6528K) NonClass: 5769K(5888K)->5769K(5888K) Class: 533K(640K)->533K(640K)
[10.883s][info][gc             ] GC(180) Pause Young (Allocation Failure) 1720M->1720M(1812M) 30.748ms
[10.883s][info][gc,cpu         ] GC(180) User=0.05s Sys=0.00s Real=0.03s
[10.910s][info][gc,start       ] GC(181) Pause Young (Allocation Failure)
[10.942s][info][gc,heap        ] GC(181) PSYoungGen: 46720K(69632K)->24736K(71680K) Eden: 24576K(24576K)->0K(24576K) From: 22144K(45056K)->24736K(47104K)
[10.942s][info][gc,heap        ] GC(181) ParOldGen: 1740089K(1785856K)->1762417K(1785856K)
[10.942s][info][gc,metaspace   ] GC(181) Metaspace: 6303K(6528K)->6303K(6528K) NonClass: 5769K(5888K)->5769K(5888K) Class: 533K(640K)->533K(640K)
[10.942s][info][gc             ] GC(181) Pause Young (Allocation Failure) 1744M->1745M(1814M) 32.218ms
[10.942s][info][gc,cpu         ] GC(181) User=0.12s Sys=0.02s Real=0.03s
[10.942s][info][gc,start       ] GC(182) Pause Full (Ergonomics)
[10.942s][info][gc,phases,start] GC(182) Marking Phase
[11.339s][info][gc,phases      ] GC(182) Marking Phase 396.518ms
[11.339s][info][gc,phases,start] GC(182) Summary Phase
[11.339s][info][gc,phases      ] GC(182) Summary Phase 0.058ms
[11.339s][info][gc,phases,start] GC(182) Adjust Roots
[11.339s][info][gc,phases      ] GC(182) Adjust Roots 0.176ms
[11.339s][info][gc,phases,start] GC(182) Compaction Phase
[11.507s][info][gc,phases      ] GC(182) Compaction Phase 167.764ms
[11.507s][info][gc,phases,start] GC(182) Post Compact
[11.510s][info][gc,phases      ] GC(182) Post Compact 3.382ms
[11.511s][info][gc,heap        ] GC(182) PSYoungGen: 24736K(71680K)->0K(72704K) Eden: 0K(24576K)->0K(27648K) From: 24736K(47104K)->0K(45056K)
[11.511s][info][gc,heap        ] GC(182) ParOldGen: 1762417K(1785856K)->1785035K(1964544K)
[11.511s][info][gc,metaspace   ] GC(182) Metaspace: 6303K(6528K)->6303K(6528K) NonClass: 5769K(5888K)->5769K(5888K) Class: 533K(640K)->533K(640K)
[11.511s][info][gc             ] GC(182) Pause Full (Ergonomics) 1745M->1743M(1989M) 569.053ms
[11.511s][info][gc,cpu         ] GC(182) User=4.03s Sys=0.03s Real=0.57s
[11.541s][info][gc,start       ] GC(183) Pause Young (Allocation Failure)
[11.565s][info][gc,heap        ] GC(183) PSYoungGen: 27648K(72704K)->27808K(72704K) Eden: 27648K(27648K)->0K(27648K) From: 0K(45056K)->27808K(45056K)
[11.565s][info][gc,heap        ] GC(183) ParOldGen: 1785035K(1964544K)->1785035K(1964544K)
[11.565s][info][gc,metaspace   ] GC(183) Metaspace: 6303K(6528K)->6303K(6528K) NonClass: 5769K(5888K)->5769K(5888K) Class: 533K(640K)->533K(640K)
[11.565s][info][gc             ] GC(183) Pause Young (Allocation Failure) 1770M->1770M(1989M) 23.846ms
[11.565s][info][gc,cpu         ] GC(183) User=0.03s Sys=0.00s Real=0.02s
[11.591s][info][gc,start       ] GC(184) Pause Young (Allocation Failure)
[11.624s][info][gc,heap        ] GC(184) PSYoungGen: 55456K(72704K)->44544K(65536K) Eden: 27648K(27648K)->0K(20992K) From: 27808K(45056K)->44544K(44544K)
[11.624s][info][gc,heap        ] GC(184) ParOldGen: 1785035K(1964544K)->1795987K(1964544K)
[11.624s][info][gc,metaspace   ] GC(184) Metaspace: 6303K(6528K)->6303K(6528K) NonClass: 5769K(5888K)->5769K(5888K) Class: 533K(640K)->533K(640K)
[11.624s][info][gc             ] GC(184) Pause Young (Allocation Failure) 1797M->1797M(1982M) 32.640ms
[11.624s][info][gc,cpu         ] GC(184) User=0.03s Sys=0.02s Real=0.03s
[11.647s][info][gc,start       ] GC(185) Pause Young (Allocation Failure)
[11.685s][info][gc,heap        ] GC(185) PSYoungGen: 65536K(65536K)->21184K(74752K) Eden: 20992K(20992K)->0K(20992K) From: 44544K(44544K)->21184K(53760K)
[11.685s][info][gc,heap        ] GC(185) ParOldGen: 1795987K(1964544K)->1841075K(1964544K)
[11.685s][info][gc,metaspace   ] GC(185) Metaspace: 6303K(6528K)->6303K(6528K) NonClass: 5769K(5888K)->5769K(5888K) Class: 533K(640K)->533K(640K)
[11.685s][info][gc             ] GC(185) Pause Young (Allocation Failure) 1817M->1818M(1991M) 38.091ms
[11.685s][info][gc,cpu         ] GC(185) User=0.14s Sys=0.02s Real=0.04s
[11.708s][info][gc,start       ] GC(186) Pause Young (Allocation Failure)
[11.736s][info][gc,heap        ] GC(186) PSYoungGen: 42176K(74752K)->42144K(72704K) Eden: 20992K(20992K)->0K(20480K) From: 21184K(53760K)->42144K(52224K)
[11.737s][info][gc,heap        ] GC(186) ParOldGen: 1841075K(1964544K)->1841075K(1964544K)
[11.737s][info][gc,metaspace   ] GC(186) Metaspace: 6303K(6528K)->6303K(6528K) NonClass: 5769K(5888K)->5769K(5888K) Class: 533K(640K)->533K(640K)
[11.737s][info][gc             ] GC(186) Pause Young (Allocation Failure) 1839M->1839M(1989M) 28.957ms
[11.737s][info][gc,cpu         ] GC(186) User=0.08s Sys=0.00s Real=0.03s
[11.761s][info][gc,start       ] GC(187) Pause Young (Allocation Failure)
[11.797s][info][gc,heap        ] GC(187) PSYoungGen: 62624K(72704K)->41600K(75776K) Eden: 20480K(20480K)->0K(20480K) From: 42144K(52224K)->41600K(55296K)
[11.797s][info][gc,heap        ] GC(187) ParOldGen: 1841075K(1964544K)->1862347K(1964544K)
[11.797s][info][gc,metaspace   ] GC(187) Metaspace: 6303K(6528K)->6303K(6528K) NonClass: 5769K(5888K)->5769K(5888K) Class: 533K(640K)->533K(640K)
[11.797s][info][gc             ] GC(187) Pause Young (Allocation Failure) 1859M->1859M(1992M) 35.385ms
[11.797s][info][gc,cpu         ] GC(187) User=0.16s Sys=0.02s Real=0.04s
[11.818s][info][gc,start       ] GC(188) Pause Young (Allocation Failure)
[11.852s][info][gc,heap        ] GC(188) PSYoungGen: 62080K(75776K)->41120K(78848K) Eden: 20480K(20480K)->0K(21504K) From: 41600K(55296K)->41120K(57344K)
[11.852s][info][gc,heap        ] GC(188) ParOldGen: 1862347K(1964544K)->1883627K(1964544K)
[11.852s][info][gc,metaspace   ] GC(188) Metaspace: 6303K(6528K)->6303K(6528K) NonClass: 5769K(5888K)->5769K(5888K) Class: 533K(640K)->533K(640K)
[11.852s][info][gc             ] GC(188) Pause Young (Allocation Failure) 1879M->1879M(1995M) 34.121ms
[11.852s][info][gc,cpu         ] GC(188) User=0.16s Sys=0.00s Real=0.03s
[11.875s][info][gc,start       ] GC(189) Pause Young (Allocation Failure)
[11.911s][info][gc,heap        ] GC(189) PSYoungGen: 62624K(78848K)->42144K(80384K) Eden: 21504K(21504K)->0K(21504K) From: 41120K(57344K)->42144K(58880K)
[11.911s][info][gc,heap        ] GC(189) ParOldGen: 1883627K(1964544K)->1904395K(1964544K)
[11.911s][info][gc,metaspace   ] GC(189) Metaspace: 6303K(6528K)->6303K(6528K) NonClass: 5769K(5888K)->5769K(5888K) Class: 533K(640K)->533K(640K)
[11.911s][info][gc             ] GC(189) Pause Young (Allocation Failure) 1900M->1900M(1997M) 35.888ms
[11.911s][info][gc,cpu         ] GC(189) User=0.23s Sys=0.00s Real=0.04s
[11.936s][info][gc,start       ] GC(190) Pause Young (Allocation Failure)
[11.972s][info][gc,heap        ] GC(190) PSYoungGen: 63648K(80384K)->43168K(83968K) Eden: 21504K(21504K)->0K(23552K) From: 42144K(58880K)->43168K(60416K)
[11.972s][info][gc,heap        ] GC(190) ParOldGen: 1904395K(1964544K)->1925163K(1964544K)
[11.972s][info][gc,metaspace   ] GC(190) Metaspace: 6303K(6528K)->6303K(6528K) NonClass: 5769K(5888K)->5769K(5888K) Class: 533K(640K)->533K(640K)
[11.973s][info][gc             ] GC(190) Pause Young (Allocation Failure) 1921M->1922M(2000M) 36.327ms
[11.973s][info][gc,cpu         ] GC(190) User=0.14s Sys=0.00s Real=0.04s
[11.973s][info][gc,start       ] GC(191) Pause Full (Ergonomics)
[11.973s][info][gc,phases,start] GC(191) Marking Phase
[12.418s][info][gc,phases      ] GC(191) Marking Phase 445.239ms
[12.418s][info][gc,phases,start] GC(191) Summary Phase
[12.418s][info][gc,phases      ] GC(191) Summary Phase 0.042ms
[12.418s][info][gc,phases,start] GC(191) Adjust Roots
[12.418s][info][gc,phases      ] GC(191) Adjust Roots 0.301ms
[12.418s][info][gc,phases,start] GC(191) Compaction Phase
[12.949s][info][gc,phases      ] GC(191) Compaction Phase 530.314ms
[12.949s][info][gc,phases,start] GC(191) Post Compact
[12.952s][info][gc,phases      ] GC(191) Post Compact 3.648ms
[12.953s][info][gc,heap        ] GC(191) PSYoungGen: 43168K(83968K)->1561K(83968K) Eden: 0K(23552K)->0K(23552K) From: 43168K(60416K)->1561K(60416K)
[12.953s][info][gc,heap        ] GC(191) ParOldGen: 1925163K(1964544K)->1964472K(2160128K)
[12.953s][info][gc,metaspace   ] GC(191) Metaspace: 6303K(6528K)->6303K(6528K) NonClass: 5769K(5888K)->5769K(5888K) Class: 533K(640K)->533K(640K)
[12.953s][info][gc             ] GC(191) Pause Full (Ergonomics) 1922M->1919M(2191M) 980.556ms
[12.953s][info][gc,cpu         ] GC(191) User=6.89s Sys=0.00s Real=0.98s
[12.983s][info][gc,start       ] GC(192) Pause Young (Allocation Failure)
[13.078s][info][gc,heap        ] GC(192) PSYoungGen: 25113K(83968K)->24096K(84992K) Eden: 23552K(23552K)->0K(23552K) From: 1561K(60416K)->24096K(61440K)
[13.079s][info][gc,heap        ] GC(192) ParOldGen: 1964472K(2160128K)->1965728K(2160128K)
[13.079s][info][gc,metaspace   ] GC(192) Metaspace: 6303K(6528K)->6303K(6528K) NonClass: 5769K(5888K)->5769K(5888K) Class: 533K(640K)->533K(640K)
[13.079s][info][gc             ] GC(192) Pause Young (Allocation Failure) 1942M->1943M(2192M) 95.445ms
[13.079s][info][gc,cpu         ] GC(192) User=0.62s Sys=0.00s Real=0.10s
[13.108s][info][gc,start       ] GC(193) Pause Young (Allocation Failure)
[13.140s][info][gc,heap        ] GC(193) PSYoungGen: 47648K(84992K)->47616K(83456K) Eden: 23552K(23552K)->0K(23040K) From: 24096K(61440K)->47616K(60416K)
[13.140s][info][gc,heap        ] GC(193) ParOldGen: 1965728K(2160128K)->1965728K(2160128K)
[13.140s][info][gc,metaspace   ] GC(193) Metaspace: 6303K(6528K)->6303K(6528K) NonClass: 5769K(5888K)->5769K(5888K) Class: 533K(640K)->533K(640K)
[13.140s][info][gc             ] GC(193) Pause Young (Allocation Failure) 1966M->1966M(2191M) 32.956ms
[13.140s][info][gc,cpu         ] GC(193) User=0.16s Sys=0.00s Real=0.03s
[13.168s][info][gc,start       ] GC(194) Pause Young (Allocation Failure)
[13.209s][info][gc,heap        ] GC(194) PSYoungGen: 70656K(83456K)->63488K(86528K) Eden: 23040K(23040K)->0K(23040K) From: 47616K(60416K)->63488K(63488K)
[13.209s][info][gc,heap        ] GC(194) ParOldGen: 1965728K(2160128K)->1972888K(2160128K)
[13.209s][info][gc,metaspace   ] GC(194) Metaspace: 6303K(6528K)->6303K(6528K) NonClass: 5769K(5888K)->5769K(5888K) Class: 533K(640K)->533K(640K)
[13.210s][info][gc             ] GC(194) Pause Young (Allocation Failure) 1988M->1988M(2194M) 41.205ms
[13.210s][info][gc,cpu         ] GC(194) User=0.25s Sys=0.00s Real=0.04s
[13.233s][info][gc,start       ] GC(195) Pause Young (Allocation Failure)
[13.279s][info][gc,heap        ] GC(195) PSYoungGen: 86528K(86528K)->63808K(93184K) Eden: 23040K(23040K)->0K(19456K) From: 63488K(63488K)->63808K(73728K)
[13.279s][info][gc,heap        ] GC(195) ParOldGen: 1972888K(2160128K)->1996040K(2160128K)
[13.279s][info][gc,metaspace   ] GC(195) Metaspace: 6303K(6528K)->6303K(6528K) NonClass: 5769K(5888K)->5769K(5888K) Class: 533K(640K)->533K(640K)
[13.279s][info][gc             ] GC(195) Pause Young (Allocation Failure) 2011M->2011M(2200M) 46.271ms
[13.279s][info][gc,cpu         ] GC(195) User=0.25s Sys=0.02s Real=0.05s
[13.299s][info][gc,start       ] GC(196) Pause Young (Allocation Failure)
[13.343s][info][gc,heap        ] GC(196) PSYoungGen: 83264K(93184K)->63296K(99328K) Eden: 19456K(19456K)->0K(19456K) From: 63808K(73728K)->63296K(79872K)
[13.343s][info][gc,heap        ] GC(196) ParOldGen: 1996040K(2160128K)->2016304K(2160128K)
[13.343s][info][gc,metaspace   ] GC(196) Metaspace: 6303K(6528K)->6303K(6528K) NonClass: 5769K(5888K)->5769K(5888K) Class: 533K(640K)->533K(640K)
[13.343s][info][gc             ] GC(196) Pause Young (Allocation Failure) 2030M->2030M(2206M) 43.600ms
[13.343s][info][gc,cpu         ] GC(196) User=0.27s Sys=0.00s Real=0.04s
[13.363s][info][gc,start       ] GC(197) Pause Young (Allocation Failure)
[13.406s][info][gc,heap        ] GC(197) PSYoungGen: 82752K(99328K)->62144K(103424K) Eden: 19456K(19456K)->0K(18944K) From: 63296K(79872K)->62144K(84480K)
[13.406s][info][gc,heap        ] GC(197) ParOldGen: 2016304K(2160128K)->2037216K(2160128K)
[13.406s][info][gc,metaspace   ] GC(197) Metaspace: 6303K(6528K)->6303K(6528K) NonClass: 5769K(5888K)->5769K(5888K) Class: 533K(640K)->533K(640K)
[13.406s][info][gc             ] GC(197) Pause Young (Allocation Failure) 2049M->2050M(2210M) 43.795ms
[13.406s][info][gc,cpu         ] GC(197) User=0.27s Sys=0.00s Real=0.04s
[13.426s][info][gc,start       ] GC(198) Pause Young (Allocation Failure)
[13.469s][info][gc,heap        ] GC(198) PSYoungGen: 81088K(103424K)->58016K(106496K) Eden: 18944K(18944K)->0K(18944K) From: 62144K(84480K)->58016K(87552K)
[13.469s][info][gc,heap        ] GC(198) ParOldGen: 2037216K(2160128K)->2060544K(2160128K)
[13.469s][info][gc,metaspace   ] GC(198) Metaspace: 6303K(6528K)->6303K(6528K) NonClass: 5769K(5888K)->5769K(5888K) Class: 533K(640K)->533K(640K)
[13.469s][info][gc             ] GC(198) Pause Young (Allocation Failure) 2068M->2068M(2213M) 43.065ms
[13.469s][info][gc,cpu         ] GC(198) User=0.25s Sys=0.02s Real=0.04s
[13.490s][info][gc,start       ] GC(199) Pause Young (Allocation Failure)
[13.531s][info][gc,heap        ] GC(199) PSYoungGen: 76960K(106496K)->57504K(110080K) Eden: 18944K(18944K)->0K(21504K) From: 58016K(87552K)->57504K(88576K)
[13.531s][info][gc,heap        ] GC(199) ParOldGen: 2060544K(2160128K)->2080248K(2160128K)
[13.531s][info][gc,metaspace   ] GC(199) Metaspace: 6303K(6528K)->6303K(6528K) NonClass: 5769K(5888K)->5769K(5888K) Class: 533K(640K)->533K(640K)
[13.531s][info][gc             ] GC(199) Pause Young (Allocation Failure) 2087M->2087M(2217M) 40.954ms
[13.531s][info][gc,cpu         ] GC(199) User=0.25s Sys=0.02s Real=0.04s
[13.553s][info][gc,start       ] GC(200) Pause Young (Allocation Failure)
[13.596s][info][gc,heap        ] GC(200) PSYoungGen: 79008K(110080K)->59552K(110080K) Eden: 21504K(21504K)->0K(21504K) From: 57504K(88576K)->59552K(88576K)
[13.596s][info][gc,heap        ] GC(200) ParOldGen: 2080248K(2160128K)->2099952K(2160128K)
[13.596s][info][gc,metaspace   ] GC(200) Metaspace: 6303K(6528K)->6303K(6528K) NonClass: 5769K(5888K)->5769K(5888K) Class: 533K(640K)->533K(640K)
[13.596s][info][gc             ] GC(200) Pause Young (Allocation Failure) 2108M->2108M(2217M) 42.281ms
[13.596s][info][gc,cpu         ] GC(200) User=0.27s Sys=0.00s Real=0.04s
[13.618s][info][gc,start       ] GC(201) Pause Young (Allocation Failure)
[13.661s][info][gc,heap        ] GC(201) PSYoungGen: 81056K(110080K)->62144K(112640K) Eden: 21504K(21504K)->0K(23552K) From: 59552K(88576K)->62144K(89088K)
[13.661s][info][gc,heap        ] GC(201) ParOldGen: 2099952K(2160128K)->2119144K(2160128K)
[13.661s][info][gc,metaspace   ] GC(201) Metaspace: 6303K(6528K)->6303K(6528K) NonClass: 5769K(5888K)->5769K(5888K) Class: 533K(640K)->533K(640K)
[13.661s][info][gc             ] GC(201) Pause Young (Allocation Failure) 2129M->2130M(2219M) 43.211ms
[13.661s][info][gc,cpu         ] GC(201) User=0.25s Sys=0.02s Real=0.04s
[13.688s][info][gc,start       ] GC(202) Pause Young (Allocation Failure)
[13.734s][info][gc,heap        ] GC(202) PSYoungGen: 85696K(112640K)->45216K(113664K) Eden: 23552K(23552K)->0K(23552K) From: 62144K(89088K)->45216K(90112K)
[13.734s][info][gc,heap        ] GC(202) ParOldGen: 2119144K(2160128K)->2160112K(2160128K)
[13.734s][info][gc,metaspace   ] GC(202) Metaspace: 6303K(6528K)->6303K(6528K) NonClass: 5769K(5888K)->5769K(5888K) Class: 533K(640K)->533K(640K)
[13.734s][info][gc             ] GC(202) Pause Young (Allocation Failure) 2153M->2153M(2220M) 46.217ms
[13.734s][info][gc,cpu         ] GC(202) User=0.27s Sys=0.00s Real=0.05s
[13.734s][info][gc,start       ] GC(203) Pause Full (Ergonomics)
[13.734s][info][gc,phases,start] GC(203) Marking Phase
[14.209s][info][gc,phases      ] GC(203) Marking Phase 474.541ms
[14.209s][info][gc,phases,start] GC(203) Summary Phase
[14.209s][info][gc,phases      ] GC(203) Summary Phase 0.034ms
[14.209s][info][gc,phases,start] GC(203) Adjust Roots
[14.209s][info][gc,phases      ] GC(203) Adjust Roots 0.169ms
[14.209s][info][gc,phases,start] GC(203) Compaction Phase
[14.398s][info][gc,phases      ] GC(203) Compaction Phase 188.843ms
[14.398s][info][gc,phases,start] GC(203) Post Compact
[14.402s][info][gc,phases      ] GC(203) Post Compact 4.033ms
[14.403s][info][gc,heap        ] GC(203) PSYoungGen: 45216K(113664K)->42439K(113664K) Eden: 0K(23552K)->0K(23552K) From: 45216K(90112K)->42439K(90112K)
[14.403s][info][gc,heap        ] GC(203) ParOldGen: 2160112K(2160128K)->2159789K(2375168K)
[14.403s][info][gc,metaspace   ] GC(203) Metaspace: 6303K(6528K)->6303K(6528K) NonClass: 5769K(5888K)->5769K(5888K) Class: 533K(640K)->533K(640K)
[14.403s][info][gc             ] GC(203) Pause Full (Ergonomics) 2153M->2150M(2430M) 668.709ms
[14.403s][info][gc,cpu         ] GC(203) User=4.89s Sys=0.00s Real=0.67s
[14.434s][info][gc,start       ] GC(204) Pause Young (Allocation Failure)
[14.554s][info][gc,heap        ] GC(204) PSYoungGen: 65991K(113664K)->23648K(113664K) Eden: 23552K(23552K)->0K(26624K) From: 42439K(90112K)->23648K(87040K)
[14.554s][info][gc,heap        ] GC(204) ParOldGen: 2159789K(2375168K)->2202853K(2375168K)
[14.554s][info][gc,metaspace   ] GC(204) Metaspace: 6303K(6528K)->6303K(6528K) NonClass: 5769K(5888K)->5769K(5888K) Class: 533K(640K)->533K(640K)
[14.554s][info][gc             ] GC(204) Pause Young (Allocation Failure) 2173M->2174M(2430M) 119.962ms
[14.554s][info][gc,cpu         ] GC(204) User=0.70s Sys=0.05s Real=0.12s
[14.589s][info][gc,start       ] GC(205) Pause Young (Allocation Failure)
[14.625s][info][gc,heap        ] GC(205) PSYoungGen: 50272K(113664K)->26784K(114176K) Eden: 26624K(26624K)->0K(26624K) From: 23648K(87040K)->26784K(87552K)
[14.625s][info][gc,heap        ] GC(205) ParOldGen: 2202853K(2375168K)->2226741K(2375168K)
[14.625s][info][gc,metaspace   ] GC(205) Metaspace: 6303K(6528K)->6303K(6528K) NonClass: 5769K(5888K)->5769K(5888K) Class: 533K(640K)->533K(640K)
[14.625s][info][gc             ] GC(205) Pause Young (Allocation Failure) 2200M->2200M(2431M) 35.343ms
[14.625s][info][gc,cpu         ] GC(205) User=0.16s Sys=0.00s Real=0.03s
[14.654s][info][gc,start       ] GC(206) Pause Young (Allocation Failure)
[14.689s][info][gc,heap        ] GC(206) PSYoungGen: 53408K(114176K)->26752K(113664K) Eden: 26624K(26624K)->0K(29696K) From: 26784K(87552K)->26752K(83968K)
[14.689s][info][gc,heap        ] GC(206) ParOldGen: 2226741K(2375168K)->2253749K(2375168K)
[14.689s][info][gc,metaspace   ] GC(206) Metaspace: 6303K(6528K)->6303K(6528K) NonClass: 5769K(5888K)->5769K(5888K) Class: 533K(640K)->533K(640K)
[14.689s][info][gc             ] GC(206) Pause Young (Allocation Failure) 2226M->2227M(2430M) 35.415ms
[14.689s][info][gc,cpu         ] GC(206) User=0.14s Sys=0.00s Real=0.04s
[14.723s][info][gc,start       ] GC(207) Pause Young (Allocation Failure)
[14.758s][info][gc,heap        ] GC(207) PSYoungGen: 56448K(113664K)->29888K(115200K) Eden: 29696K(29696K)->0K(29696K) From: 26752K(83968K)->29888K(85504K)
[14.758s][info][gc,heap        ] GC(207) ParOldGen: 2253749K(2375168K)->2280621K(2375168K)
[14.758s][info][gc,metaspace   ] GC(207) Metaspace: 6303K(6528K)->6303K(6528K) NonClass: 5769K(5888K)->5769K(5888K) Class: 533K(640K)->533K(640K)
[14.758s][info][gc             ] GC(207) Pause Young (Allocation Failure) 2256M->2256M(2432M) 35.623ms
[14.758s][info][gc,cpu         ] GC(207) User=0.16s Sys=0.00s Real=0.04s
[14.791s][info][gc,start       ] GC(208) Pause Young (Allocation Failure)
[14.828s][info][gc,heap        ] GC(208) PSYoungGen: 59584K(115200K)->29856K(112640K) Eden: 29696K(29696K)->0K(33280K) From: 29888K(85504K)->29856K(79360K)
[14.828s][info][gc,heap        ] GC(208) ParOldGen: 2280621K(2375168K)->2310573K(2375168K)
[14.828s][info][gc,metaspace   ] GC(208) Metaspace: 6303K(6528K)->6303K(6528K) NonClass: 5769K(5888K)->5769K(5888K) Class: 533K(640K)->533K(640K)
[14.828s][info][gc             ] GC(208) Pause Young (Allocation Failure) 2285M->2285M(2429M) 37.233ms
[14.828s][info][gc,cpu         ] GC(208) User=0.17s Sys=0.00s Real=0.04s
[14.866s][info][gc,start       ] GC(209) Pause Young (Allocation Failure)
[14.905s][info][gc,heap        ] GC(209) PSYoungGen: 63136K(112640K)->33408K(114688K) Eden: 33280K(33280K)->0K(33280K) From: 29856K(79360K)->33408K(81408K)
[14.905s][info][gc,heap        ] GC(209) ParOldGen: 2310573K(2375168K)->2340533K(2375168K)
[14.905s][info][gc,metaspace   ] GC(209) Metaspace: 6303K(6528K)->6303K(6528K) NonClass: 5769K(5888K)->5769K(5888K) Class: 533K(640K)->533K(640K)
[14.905s][info][gc             ] GC(209) Pause Young (Allocation Failure) 2318M->2318M(2431M) 39.104ms
[14.905s][info][gc,cpu         ] GC(209) User=0.27s Sys=0.00s Real=0.04s
[14.905s][info][gc,start       ] GC(210) Pause Full (Ergonomics)
[14.905s][info][gc,phases,start] GC(210) Marking Phase
[15.430s][info][gc,phases      ] GC(210) Marking Phase 524.581ms
[15.430s][info][gc,phases,start] GC(210) Summary Phase
[15.430s][info][gc,phases      ] GC(210) Summary Phase 0.053ms
[15.430s][info][gc,phases,start] GC(210) Adjust Roots
[15.430s][info][gc,phases      ] GC(210) Adjust Roots 0.160ms
[15.430s][info][gc,phases,start] GC(210) Compaction Phase
[15.613s][info][gc,phases      ] GC(210) Compaction Phase 182.890ms
[15.613s][info][gc,phases,start] GC(210) Post Compact
[15.617s][info][gc,phases      ] GC(210) Post Compact 3.950ms
[15.618s][info][gc,heap        ] GC(210) PSYoungGen: 33408K(114688K)->0K(115200K) Eden: 0K(33280K)->0K(36864K) From: 33408K(81408K)->0K(78336K)
[15.618s][info][gc,heap        ] GC(210) ParOldGen: 2340533K(2375168K)->2371503K(2610176K)
[15.618s][info][gc,metaspace   ] GC(210) Metaspace: 6303K(6528K)->6303K(6528K) NonClass: 5769K(5888K)->5769K(5888K) Class: 533K(640K)->533K(640K)
[15.618s][info][gc             ] GC(210) Pause Full (Ergonomics) 2318M->2315M(2661M) 712.764ms
[15.618s][info][gc,cpu         ] GC(210) User=5.47s Sys=0.03s Real=0.71s
[15.661s][info][gc,start       ] GC(211) Pause Young (Allocation Failure)
[15.691s][info][gc,heap        ] GC(211) PSYoungGen: 36864K(115200K)->37088K(115200K) Eden: 36864K(36864K)->0K(36864K) From: 0K(78336K)->37088K(78336K)
[15.691s][info][gc,heap        ] GC(211) ParOldGen: 2371503K(2610176K)->2371503K(2610176K)
[15.691s][info][gc,metaspace   ] GC(211) Metaspace: 6303K(6528K)->6303K(6528K) NonClass: 5769K(5888K)->5769K(5888K) Class: 533K(640K)->533K(640K)
[15.691s][info][gc             ] GC(211) Pause Young (Allocation Failure) 2351M->2352M(2661M) 29.685ms
[15.691s][info][gc,cpu         ] GC(211) User=0.08s Sys=0.00s Real=0.03s
[15.735s][info][gc,start       ] GC(212) Pause Young (Allocation Failure)
[15.776s][info][gc,heap        ] GC(212) PSYoungGen: 73952K(115200K)->73920K(106496K) Eden: 36864K(36864K)->0K(31232K) From: 37088K(78336K)->73920K(75264K)
[15.776s][info][gc,heap        ] GC(212) ParOldGen: 2371503K(2610176K)->2371503K(2610176K)
[15.776s][info][gc,metaspace   ] GC(212) Metaspace: 6303K(6528K)->6303K(6528K) NonClass: 5769K(5888K)->5769K(5888K) Class: 533K(640K)->533K(640K)
[15.776s][info][gc             ] GC(212) Pause Young (Allocation Failure) 2388M->2388M(2653M) 41.428ms
[15.776s][info][gc,cpu         ] GC(212) User=0.25s Sys=0.00s Real=0.04s
[15.813s][info][gc,start       ] GC(213) Pause Young (Allocation Failure)
[15.868s][info][gc,heap        ] GC(213) PSYoungGen: 105152K(106496K)->84480K(115712K) Eden: 31232K(31232K)->0K(31232K) From: 73920K(75264K)->84480K(84480K)
[15.868s][info][gc,heap        ] GC(213) ParOldGen: 2371503K(2610176K)->2392287K(2610176K)
[15.868s][info][gc,metaspace   ] GC(213) Metaspace: 6303K(6528K)->6303K(6528K) NonClass: 5769K(5888K)->5769K(5888K) Class: 533K(640K)->533K(640K)
[15.868s][info][gc             ] GC(213) Pause Young (Allocation Failure) 2418M->2418M(2662M) 54.840ms
[15.868s][info][gc,cpu         ] GC(213) User=0.33s Sys=0.05s Real=0.05s
[15.906s][info][gc,start       ] GC(214) Pause Young (Allocation Failure)
[15.968s][info][gc,heap        ] GC(214) PSYoungGen: 115712K(115712K)->57600K(133120K) Eden: 31232K(31232K)->0K(34816K) From: 84480K(84480K)->57600K(98304K)
[15.968s][info][gc,heap        ] GC(214) ParOldGen: 2392287K(2610176K)->2450983K(2610176K)
[15.968s][info][gc,metaspace   ] GC(214) Metaspace: 6303K(6528K)->6303K(6528K) NonClass: 5769K(5888K)->5769K(5888K) Class: 533K(640K)->533K(640K)
[15.968s][info][gc             ] GC(214) Pause Young (Allocation Failure) 2449M->2449M(2679M) 62.209ms
[15.968s][info][gc,cpu         ] GC(214) User=0.34s Sys=0.05s Real=0.06s
[16.011s][info][gc,start       ] GC(215) Pause Young (Allocation Failure)
[16.060s][info][gc,heap        ] GC(215) PSYoungGen: 92416K(133120K)->92448K(135680K) Eden: 34816K(34816K)->0K(34816K) From: 57600K(98304K)->92448K(100864K)
[16.060s][info][gc,heap        ] GC(215) ParOldGen: 2450983K(2610176K)->2450983K(2610176K)
[16.060s][info][gc,metaspace   ] GC(215) Metaspace: 6303K(6528K)->6303K(6528K) NonClass: 5769K(5888K)->5769K(5888K) Class: 533K(640K)->533K(640K)
[16.060s][info][gc             ] GC(215) Pause Young (Allocation Failure) 2483M->2483M(2681M) 48.312ms
[16.060s][info][gc,cpu         ] GC(215) User=0.25s Sys=0.00s Real=0.05s
[16.103s][info][gc,start       ] GC(216) Pause Young (Allocation Failure)
[16.172s][info][gc,heap        ] GC(216) PSYoungGen: 127264K(135680K)->111616K(129024K) Eden: 34816K(34816K)->0K(17408K) From: 92448K(100864K)->111616K(111616K)
[16.172s][info][gc,heap        ] GC(216) ParOldGen: 2450983K(2610176K)->2466703K(2610176K)
[16.172s][info][gc,metaspace   ] GC(216) Metaspace: 6303K(6528K)->6303K(6528K) NonClass: 5769K(5888K)->5769K(5888K) Class: 533K(640K)->533K(640K)
[16.172s][info][gc             ] GC(216) Pause Young (Allocation Failure) 2517M->2517M(2675M) 68.647ms
[16.172s][info][gc,cpu         ] GC(216) User=0.39s Sys=0.03s Real=0.07s
[16.193s][info][gc,start       ] GC(217) Pause Young (Allocation Failure)
[16.258s][info][gc,heap        ] GC(217) PSYoungGen: 129024K(129024K)->76992K(150528K) Eden: 17408K(17408K)->0K(17408K) From: 111616K(111616K)->76992K(133120K)
[16.258s][info][gc,heap        ] GC(217) ParOldGen: 2466703K(2610176K)->2519255K(2610176K)
[16.258s][info][gc,metaspace   ] GC(217) Metaspace: 6303K(6528K)->6303K(6528K) NonClass: 5769K(5888K)->5769K(5888K) Class: 533K(640K)->533K(640K)
[16.258s][info][gc             ] GC(217) Pause Young (Allocation Failure) 2534M->2535M(2696M) 64.995ms
[16.258s][info][gc,cpu         ] GC(217) User=0.36s Sys=0.03s Real=0.07s
[16.279s][info][gc,start       ] GC(218) Pause Young (Allocation Failure)
[16.328s][info][gc,heap        ] GC(218) PSYoungGen: 94400K(150528K)->66336K(140288K) Eden: 17408K(17408K)->0K(19968K) From: 76992K(133120K)->66336K(120320K)
[16.328s][info][gc,heap        ] GC(218) ParOldGen: 2519255K(2610176K)->2547599K(2610176K)
[16.328s][info][gc,metaspace   ] GC(218) Metaspace: 6303K(6528K)->6303K(6528K) NonClass: 5769K(5888K)->5769K(5888K) Class: 533K(640K)->533K(640K)
[16.328s][info][gc             ] GC(218) Pause Young (Allocation Failure) 2552M->2552M(2686M) 49.414ms
[16.328s][info][gc,cpu         ] GC(218) User=0.27s Sys=0.00s Real=0.05s
[16.352s][info][gc,start       ] GC(219) Pause Young (Allocation Failure)
[16.399s][info][gc,heap        ] GC(219) PSYoungGen: 86304K(140288K)->37536K(145920K) Eden: 19968K(19968K)->0K(19968K) From: 66336K(120320K)->37536K(125952K)
[16.399s][info][gc,heap        ] GC(219) ParOldGen: 2547599K(2610176K)->2596751K(2610176K)
[16.399s][info][gc,metaspace   ] GC(219) Metaspace: 6303K(6528K)->6303K(6528K) NonClass: 5769K(5888K)->5769K(5888K) Class: 533K(640K)->533K(640K)
[16.399s][info][gc             ] GC(219) Pause Young (Allocation Failure) 2572M->2572M(2691M) 47.562ms
[16.399s][info][gc,cpu         ] GC(219) User=0.25s Sys=0.02s Real=0.05s
[16.399s][info][gc,start       ] GC(220) Pause Full (Ergonomics)
[16.399s][info][gc,phases,start] GC(220) Marking Phase
[16.997s][info][gc,phases      ] GC(220) Marking Phase 597.856ms
[16.997s][info][gc,phases,start] GC(220) Summary Phase
[16.997s][info][gc,phases      ] GC(220) Summary Phase 0.038ms
[16.997s][info][gc,phases,start] GC(220) Adjust Roots
[16.998s][info][gc,phases      ] GC(220) Adjust Roots 0.159ms
[16.998s][info][gc,phases,start] GC(220) Compaction Phase
[17.204s][info][gc,phases      ] GC(220) Compaction Phase 206.390ms
[17.204s][info][gc,phases,start] GC(220) Post Compact
[17.208s][info][gc,phases      ] GC(220) Post Compact 4.422ms
[17.210s][info][gc,heap        ] GC(220) PSYoungGen: 37536K(145920K)->21978K(145920K) Eden: 0K(19968K)->0K(19968K) From: 37536K(125952K)->21978K(125952K)
[17.210s][info][gc,heap        ] GC(220) ParOldGen: 2596751K(2610176K)->2609841K(2885120K)
[17.210s][info][gc,metaspace   ] GC(220) Metaspace: 6303K(6528K)->6303K(6528K) NonClass: 5769K(5888K)->5769K(5888K) Class: 533K(640K)->533K(640K)
[17.210s][info][gc             ] GC(220) Pause Full (Ergonomics) 2572M->2570M(2960M) 810.188ms
[17.210s][info][gc,cpu         ] GC(220) User=6.12s Sys=0.00s Real=0.81s
[17.236s][info][gc,start       ] GC(221) Pause Young (Allocation Failure)
[17.370s][info][gc,heap        ] GC(221) PSYoungGen: 41946K(145920K)->20128K(145920K) Eden: 19968K(19968K)->0K(22016K) From: 21978K(125952K)->20128K(123904K)
[17.370s][info][gc,heap        ] GC(221) ParOldGen: 2609841K(2885120K)->2632057K(2885120K)
[17.370s][info][gc,metaspace   ] GC(221) Metaspace: 6303K(6528K)->6303K(6528K) NonClass: 5769K(5888K)->5769K(5888K) Class: 533K(640K)->533K(640K)
[17.370s][info][gc             ] GC(221) Pause Young (Allocation Failure) 2589M->2590M(2960M) 133.899ms
[17.370s][info][gc,cpu         ] GC(221) User=0.78s Sys=0.02s Real=0.13s
[17.396s][info][gc,start       ] GC(222) Pause Young (Allocation Failure)
[17.429s][info][gc,heap        ] GC(222) PSYoungGen: 42144K(145920K)->22176K(146944K) Eden: 22016K(22016K)->0K(22016K) From: 20128K(123904K)->22176K(124928K)
[17.429s][info][gc,heap        ] GC(222) ParOldGen: 2632057K(2885120K)->2652217K(2885120K)
[17.429s][info][gc,metaspace   ] GC(222) Metaspace: 6303K(6528K)->6303K(6528K) NonClass: 5769K(5888K)->5769K(5888K) Class: 533K(640K)->533K(640K)
[17.429s][info][gc             ] GC(222) Pause Young (Allocation Failure) 2611M->2611M(2961M) 32.415ms
[17.429s][info][gc,cpu         ] GC(222) User=0.16s Sys=0.00s Real=0.03s
[17.456s][info][gc,start       ] GC(223) Pause Young (Allocation Failure)
[17.491s][info][gc,heap        ] GC(223) PSYoungGen: 44192K(146944K)->22176K(145408K) Eden: 22016K(22016K)->0K(24576K) From: 22176K(124928K)->22176K(120832K)
[17.491s][info][gc,heap        ] GC(223) ParOldGen: 2652217K(2885120K)->2674425K(2885120K)
[17.491s][info][gc,metaspace   ] GC(223) Metaspace: 6303K(6528K)->6303K(6528K) NonClass: 5769K(5888K)->5769K(5888K) Class: 533K(640K)->533K(640K)
[17.491s][info][gc             ] GC(223) Pause Young (Allocation Failure) 2633M->2633M(2959M) 35.076ms
[17.491s][info][gc,cpu         ] GC(223) User=0.14s Sys=0.00s Real=0.04s
[17.520s][info][gc,start       ] GC(224) Pause Young (Allocation Failure)
[17.558s][info][gc,heap        ] GC(224) PSYoungGen: 46752K(145408K)->24672K(146944K) Eden: 24576K(24576K)->0K(24576K) From: 22176K(120832K)->24672K(122368K)
[17.558s][info][gc,heap        ] GC(224) ParOldGen: 2674425K(2885120K)->2696641K(2885120K)
[17.558s][info][gc,metaspace   ] GC(224) Metaspace: 6303K(6528K)->6303K(6528K) NonClass: 5769K(5888K)->5769K(5888K) Class: 533K(640K)->533K(640K)
[17.558s][info][gc             ] GC(224) Pause Young (Allocation Failure) 2657M->2657M(2961M) 37.910ms
[17.558s][info][gc,cpu         ] GC(224) User=0.16s Sys=0.00s Real=0.04s
[17.585s][info][gc,start       ] GC(225) Pause Young (Allocation Failure)
[17.620s][info][gc,heap        ] GC(225) PSYoungGen: 49248K(146944K)->24736K(140800K) Eden: 24576K(24576K)->0K(27648K) From: 24672K(122368K)->24736K(113152K)
[17.620s][info][gc,heap        ] GC(225) ParOldGen: 2696641K(2885120K)->2721441K(2885120K)
[17.620s][info][gc,metaspace   ] GC(225) Metaspace: 6303K(6528K)->6303K(6528K) NonClass: 5769K(5888K)->5769K(5888K) Class: 533K(640K)->533K(640K)
[17.620s][info][gc             ] GC(225) Pause Young (Allocation Failure) 2681M->2681M(2955M) 35.110ms
[17.620s][info][gc,cpu         ] GC(225) User=0.16s Sys=0.00s Real=0.04s
[17.654s][info][gc,start       ] GC(226) Pause Young (Allocation Failure)
[17.688s][info][gc,heap        ] GC(226) PSYoungGen: 52384K(140800K)->27808K(55808K) Eden: 27648K(27648K)->0K(27648K) From: 24736K(113152K)->27808K(28160K)
[17.688s][info][gc,heap        ] GC(226) ParOldGen: 2721441K(2885120K)->2746233K(2885120K)
[17.688s][info][gc,metaspace   ] GC(226) Metaspace: 6303K(6528K)->6303K(6528K) NonClass: 5769K(5888K)->5769K(5888K) Class: 533K(640K)->533K(640K)
[17.688s][info][gc             ] GC(226) Pause Young (Allocation Failure) 2708M->2709M(2872M) 34.727ms
[17.688s][info][gc,cpu         ] GC(226) User=0.14s Sys=0.00s Real=0.03s
[17.719s][info][gc,start       ] GC(227) Pause Young (Allocation Failure)
[17.757s][info][gc,heap        ] GC(227) PSYoungGen: 55456K(55808K)->27808K(134656K) Eden: 27648K(27648K)->0K(30720K) From: 27808K(28160K)->27808K(103936K)
[17.757s][info][gc,heap        ] GC(227) ParOldGen: 2746233K(2885120K)->2774137K(2885120K)
[17.757s][info][gc,metaspace   ] GC(227) Metaspace: 6303K(6528K)->6303K(6528K) NonClass: 5769K(5888K)->5769K(5888K) Class: 533K(640K)->533K(640K)
[17.757s][info][gc             ] GC(227) Pause Young (Allocation Failure) 2736M->2736M(2949M) 37.586ms
[17.757s][info][gc,cpu         ] GC(227) User=0.14s Sys=0.00s Real=0.04s
[17.793s][info][gc,start       ] GC(228) Pause Young (Allocation Failure)
[17.832s][info][gc,heap        ] GC(228) PSYoungGen: 58528K(134656K)->30944K(61952K) Eden: 30720K(30720K)->0K(30720K) From: 27808K(103936K)->30944K(31232K)
[17.832s][info][gc,heap        ] GC(228) ParOldGen: 2774137K(2885120K)->2802041K(2885120K)
[17.832s][info][gc,metaspace   ] GC(228) Metaspace: 6303K(6528K)->6303K(6528K) NonClass: 5769K(5888K)->5769K(5888K) Class: 533K(640K)->533K(640K)
[17.832s][info][gc             ] GC(228) Pause Young (Allocation Failure) 2766M->2766M(2878M) 38.754ms
[17.832s][info][gc,cpu         ] GC(228) User=0.23s Sys=0.00s Real=0.04s
[18.437s][info][gc,start       ] GC(229) Pause Young (Allocation Failure)
[18.569s][info][gc,heap        ] GC(229) PSYoungGen: 61664K(61952K)->30880K(128000K) Eden: 30720K(30720K)->0K(33792K) From: 30944K(31232K)->30880K(94208K)
[18.569s][info][gc,heap        ] GC(229) ParOldGen: 2933113K(3016704K)->2964113K(3016704K)
[18.569s][info][gc,metaspace   ] GC(229) Metaspace: 6303K(6528K)->6303K(6528K) NonClass: 5769K(5888K)->5769K(5888K) Class: 533K(640K)->533K(640K)
[18.569s][info][gc             ] GC(229) Pause Young (Allocation Failure) 2924M->2924M(3071M) 132.401ms
[18.569s][info][gc,cpu         ] GC(229) User=0.47s Sys=0.00s Real=0.13s
[18.605s][info][gc,start       ] GC(230) Pause Young (Allocation Failure)
[18.682s][info][gc,heap        ] GC(230) PSYoungGen: 64672K(128000K)->64800K(132608K) Eden: 33792K(33792K)->0K(33792K) From: 30880K(94208K)->64800K(98816K)
[18.682s][info][gc,heap        ] GC(230) ParOldGen: 2964113K(3016704K)->2964113K(3016704K)
[18.682s][info][gc,metaspace   ] GC(230) Metaspace: 6303K(6528K)->6303K(6528K) NonClass: 5769K(5888K)->5769K(5888K) Class: 533K(640K)->533K(640K)
[18.682s][info][gc             ] GC(230) Pause Young (Allocation Failure) 2957M->2957M(3075M) 76.987ms
[18.682s][info][gc,cpu         ] GC(230) User=0.17s Sys=0.00s Real=0.08s
[18.720s][info][gc,start       ] GC(231) Pause Young (Allocation Failure)
[18.803s][info][gc,heap        ] GC(231) PSYoungGen: 98592K(132608K)->67808K(135680K) Eden: 33792K(33792K)->0K(33792K) From: 64800K(98816K)->67808K(101888K)
[18.803s][info][gc,heap        ] GC(231) ParOldGen: 2964113K(3016704K)->2995105K(3016704K)
[18.803s][info][gc,metaspace   ] GC(231) Metaspace: 6303K(6528K)->6303K(6528K) NonClass: 5769K(5888K)->5769K(5888K) Class: 533K(640K)->533K(640K)
[18.803s][info][gc             ] GC(231) Pause Young (Allocation Failure) 2990M->2991M(3078M) 83.116ms
[18.803s][info][gc,cpu         ] GC(231) User=0.17s Sys=0.02s Real=0.08s
[18.803s][info][gc,start       ] GC(232) Pause Full (Ergonomics)
[18.803s][info][gc,phases,start] GC(232) Marking Phase
[19.509s][info][gc,phases      ] GC(232) Marking Phase 706.179ms
[19.509s][info][gc,phases,start] GC(232) Summary Phase
[19.509s][info][gc,phases      ] GC(232) Summary Phase 0.084ms
[19.509s][info][gc,phases,start] GC(232) Adjust Roots
[19.509s][info][gc,phases      ] GC(232) Adjust Roots 0.222ms
[19.509s][info][gc,phases,start] GC(232) Compaction Phase
[20.047s][info][gc,phases      ] GC(232) Compaction Phase 537.963ms
[20.047s][info][gc,phases,start] GC(232) Post Compact
[20.054s][info][gc,phases      ] GC(232) Post Compact 6.843ms
[20.055s][info][gc,heap        ] GC(232) PSYoungGen: 67808K(135680K)->0K(139264K) Eden: 0K(33792K)->0K(33792K) From: 67808K(101888K)->0K(105472K)
[20.055s][info][gc,heap        ] GC(232) ParOldGen: 2995105K(3016704K)->2994499K(3274240K)
[20.055s][info][gc,metaspace   ] GC(232) Metaspace: 6303K(6528K)->6303K(6528K) NonClass: 5769K(5888K)->5769K(5888K) Class: 533K(640K)->533K(640K)
[20.055s][info][gc             ] GC(232) Pause Full (Ergonomics) 2991M->2924M(3333M) 1252.497ms
[20.055s][info][gc,cpu         ] GC(232) User=7.95s Sys=0.02s Real=1.25s
[20.088s][info][gc,start       ] GC(233) Pause Young (Allocation Failure)
[20.131s][info][gc,heap        ] GC(233) PSYoungGen: 33792K(139264K)->33952K(134144K) Eden: 33792K(33792K)->0K(37376K) From: 0K(105472K)->33952K(96768K)
[20.131s][info][gc,heap        ] GC(233) ParOldGen: 2994499K(3274240K)->2994499K(3274240K)
[20.131s][info][gc,metaspace   ] GC(233) Metaspace: 6303K(6528K)->6303K(6528K) NonClass: 5769K(5888K)->5769K(5888K) Class: 533K(640K)->533K(640K)
[20.131s][info][gc             ] GC(233) Pause Young (Allocation Failure) 2957M->2957M(3328M) 42.575ms
[20.131s][info][gc,cpu         ] GC(233) User=0.16s Sys=0.00s Real=0.04s
[20.166s][info][gc,start       ] GC(234) Pause Young (Allocation Failure)
[20.224s][info][gc,heap        ] GC(234) PSYoungGen: 71328K(134144K)->71392K(138752K) Eden: 37376K(37376K)->0K(37376K) From: 33952K(96768K)->71392K(101376K)
[20.224s][info][gc,heap        ] GC(234) ParOldGen: 2994499K(3274240K)->2994499K(3274240K)
[20.224s][info][gc,metaspace   ] GC(234) Metaspace: 6303K(6528K)->6303K(6528K) NonClass: 5769K(5888K)->5769K(5888K) Class: 533K(640K)->533K(640K)
[20.224s][info][gc             ] GC(234) Pause Young (Allocation Failure) 2993M->2994M(3333M) 58.170ms
[20.224s][info][gc,cpu         ] GC(234) User=0.27s Sys=0.00s Real=0.06s
[20.259s][info][gc,start       ] GC(235) Pause Young (Allocation Failure)
[20.326s][info][gc,heap        ] GC(235) PSYoungGen: 108768K(138752K)->105984K(130560K) Eden: 37376K(37376K)->0K(24576K) From: 71392K(101376K)->105984K(105984K)
[20.326s][info][gc,heap        ] GC(235) ParOldGen: 2994499K(3274240K)->2997243K(3274240K)
[20.326s][info][gc,metaspace   ] GC(235) Metaspace: 6303K(6528K)->6303K(6528K) NonClass: 5769K(5888K)->5769K(5888K) Class: 533K(640K)->533K(640K)
[20.326s][info][gc             ] GC(235) Pause Young (Allocation Failure) 3030M->3030M(3325M) 66.805ms
[20.326s][info][gc,cpu         ] GC(235) User=0.25s Sys=0.02s Real=0.07s
[20.348s][info][gc,start       ] GC(236) Pause Young (Allocation Failure)
[20.421s][info][gc,heap        ] GC(236) PSYoungGen: 130560K(130560K)->97856K(147456K) Eden: 24576K(24576K)->0K(24576K) From: 105984K(105984K)->97856K(122880K)
[20.421s][info][gc,heap        ] GC(236) ParOldGen: 2997243K(3274240K)->3030355K(3274240K)
[20.421s][info][gc,metaspace   ] GC(236) Metaspace: 6303K(6528K)->6303K(6528K) NonClass: 5769K(5888K)->5769K(5888K) Class: 533K(640K)->533K(640K)
[20.421s][info][gc             ] GC(236) Pause Young (Allocation Failure) 3054M->3054M(3341M) 72.392ms
[20.421s][info][gc,cpu         ] GC(236) User=0.16s Sys=0.02s Real=0.07s
[20.445s][info][gc,start       ] GC(237) Pause Young (Allocation Failure)
[20.514s][info][gc,heap        ] GC(237) PSYoungGen: 122432K(147456K)->49312K(148992K) Eden: 24576K(24576K)->0K(28160K) From: 97856K(122880K)->49312K(120832K)
[20.514s][info][gc,heap        ] GC(237) ParOldGen: 3030355K(3274240K)->3104027K(3274240K)
[20.514s][info][gc,metaspace   ] GC(237) Metaspace: 6303K(6528K)->6303K(6528K) NonClass: 5769K(5888K)->5769K(5888K) Class: 533K(640K)->533K(640K)
[20.514s][info][gc             ] GC(237) Pause Young (Allocation Failure) 3078M->3079M(3343M) 68.780ms
[20.514s][info][gc,cpu         ] GC(237) User=0.17s Sys=0.03s Real=0.07s
[20.545s][info][gc,start       ] GC(238) Pause Young (Allocation Failure)
[20.598s][info][gc,heap        ] GC(238) PSYoungGen: 77472K(148992K)->28288K(154624K) Eden: 28160K(28160K)->0K(28160K) From: 49312K(120832K)->28288K(126464K)
[20.598s][info][gc,heap        ] GC(238) ParOldGen: 3104027K(3274240K)->3153595K(3274240K)
[20.598s][info][gc,metaspace   ] GC(238) Metaspace: 6303K(6528K)->6303K(6528K) NonClass: 5769K(5888K)->5769K(5888K) Class: 533K(640K)->533K(640K)
[20.598s][info][gc             ] GC(238) Pause Young (Allocation Failure) 3106M->3107M(3348M) 53.607ms
[20.598s][info][gc,cpu         ] GC(238) User=0.17s Sys=0.00s Real=0.05s
[20.631s][info][gc,start       ] GC(239) Pause Young (Allocation Failure)
[20.683s][info][gc,heap        ] GC(239) PSYoungGen: 56448K(154624K)->28288K(150016K) Eden: 28160K(28160K)->0K(31744K) From: 28288K(126464K)->28288K(118272K)
[20.683s][info][gc,heap        ] GC(239) ParOldGen: 3153595K(3274240K)->3182003K(3274240K)
[20.683s][info][gc,metaspace   ] GC(239) Metaspace: 6303K(6528K)->6303K(6528K) NonClass: 5769K(5888K)->5769K(5888K) Class: 533K(640K)->533K(640K)
[20.683s][info][gc             ] GC(239) Pause Young (Allocation Failure) 3134M->3135M(3344M) 51.850ms
[20.683s][info][gc,cpu         ] GC(239) User=0.16s Sys=0.02s Real=0.05s
[20.716s][info][gc,start       ] GC(240) Pause Young (Allocation Failure)
[20.773s][info][gc,heap        ] GC(240) PSYoungGen: 60032K(150016K)->31904K(153088K) Eden: 31744K(31744K)->0K(31744K) From: 28288K(118272K)->31904K(121344K)
[20.773s][info][gc,heap        ] GC(240) ParOldGen: 3182003K(3274240K)->3210427K(3274240K)
[20.773s][info][gc,metaspace   ] GC(240) Metaspace: 6303K(6528K)->6303K(6528K) NonClass: 5769K(5888K)->5769K(5888K) Class: 533K(640K)->533K(640K)
[20.773s][info][gc             ] GC(240) Pause Young (Allocation Failure) 3166M->3166M(3347M) 56.723ms
[20.773s][info][gc,cpu         ] GC(240) User=0.14s Sys=0.05s Real=0.06s
[20.805s][info][gc,start       ] GC(241) Pause Young (Allocation Failure)
[20.855s][info][gc,heap        ] GC(241) PSYoungGen: 63648K(153088K)->31904K(146944K) Eden: 31744K(31744K)->0K(36352K) From: 31904K(121344K)->31904K(110592K)
[20.855s][info][gc,heap        ] GC(241) ParOldGen: 3210427K(3274240K)->3242467K(3274240K)
[20.855s][info][gc,metaspace   ] GC(241) Metaspace: 6303K(6528K)->6303K(6528K) NonClass: 5769K(5888K)->5769K(5888K) Class: 533K(640K)->533K(640K)
[20.855s][info][gc             ] GC(241) Pause Young (Allocation Failure) 3197M->3197M(3341M) 50.552ms
[20.855s][info][gc,cpu         ] GC(241) User=0.06s Sys=0.00s Real=0.05s
[20.855s][info][gc,start       ] GC(242) Pause Full (Ergonomics)
[20.855s][info][gc,phases,start] GC(242) Marking Phase
[21.658s][info][gc,phases      ] GC(242) Marking Phase 802.072ms
[21.658s][info][gc,phases,start] GC(242) Summary Phase
[21.658s][info][gc,phases      ] GC(242) Summary Phase 0.104ms
[21.658s][info][gc,phases,start] GC(242) Adjust Roots
[21.658s][info][gc,phases      ] GC(242) Adjust Roots 0.251ms
[21.658s][info][gc,phases,start] GC(242) Compaction Phase
[21.973s][info][gc,phases      ] GC(242) Compaction Phase 314.708ms
[21.973s][info][gc,phases,start] GC(242) Post Compact
[21.979s][info][gc,phases      ] GC(242) Post Compact 6.663ms
[21.981s][info][gc,heap        ] GC(242) PSYoungGen: 31904K(146944K)->0K(150528K) Eden: 0K(36352K)->0K(36352K) From: 31904K(110592K)->0K(114176K)
[21.981s][info][gc,heap        ] GC(242) ParOldGen: 3242467K(3274240K)->3271718K(3592192K)
[21.981s][info][gc,metaspace   ] GC(242) Metaspace: 6303K(6528K)->6303K(6528K) NonClass: 5769K(5888K)->5769K(5888K) Class: 533K(640K)->533K(640K)
[21.981s][info][gc             ] GC(242) Pause Full (Ergonomics) 3197M->3195M(3655M) 1125.248ms
[21.981s][info][gc,cpu         ] GC(242) User=7.56s Sys=0.02s Real=1.12s
[22.018s][info][gc,start       ] GC(243) Pause Young (Allocation Failure)
[22.059s][info][gc,heap        ] GC(243) PSYoungGen: 36352K(150528K)->36512K(143360K) Eden: 36352K(36352K)->0K(40448K) From: 0K(114176K)->36512K(102912K)
[22.059s][info][gc,heap        ] GC(243) ParOldGen: 3271718K(3592192K)->3271718K(3592192K)
[22.059s][info][gc,metaspace   ] GC(243) Metaspace: 6303K(6528K)->6303K(6528K) NonClass: 5769K(5888K)->5769K(5888K) Class: 533K(640K)->533K(640K)
[22.059s][info][gc             ] GC(243) Pause Young (Allocation Failure) 3230M->3230M(3648M) 40.701ms
[22.059s][info][gc,cpu         ] GC(243) User=0.05s Sys=0.00s Real=0.04s
[22.102s][info][gc,start       ] GC(244) Pause Young (Allocation Failure)
[22.157s][info][gc,heap        ] GC(244) PSYoungGen: 76960K(143360K)->77024K(149504K) Eden: 40448K(40448K)->0K(40448K) From: 36512K(102912K)->77024K(109056K)
[22.158s][info][gc,heap        ] GC(244) ParOldGen: 3271718K(3592192K)->3271718K(3592192K)
[22.158s][info][gc,metaspace   ] GC(244) Metaspace: 6303K(6528K)->6303K(6528K) NonClass: 5769K(5888K)->5769K(5888K) Class: 533K(640K)->533K(640K)
[22.158s][info][gc             ] GC(244) Pause Young (Allocation Failure) 3270M->3270M(3654M) 55.583ms
[22.158s][info][gc,cpu         ] GC(244) User=0.19s Sys=0.00s Real=0.06s
[22.201s][info][gc,start       ] GC(245) Pause Young (Allocation Failure)
[22.268s][info][gc,heap        ] GC(245) PSYoungGen: 117472K(149504K)->81152K(153600K) Eden: 40448K(40448K)->0K(39424K) From: 77024K(109056K)->81152K(114176K)
[22.268s][info][gc,heap        ] GC(245) ParOldGen: 3271718K(3592192K)->3308406K(3592192K)
[22.268s][info][gc,metaspace   ] GC(245) Metaspace: 6303K(6528K)->6303K(6528K) NonClass: 5769K(5888K)->5769K(5888K) Class: 533K(640K)->533K(640K)
[22.268s][info][gc             ] GC(245) Pause Young (Allocation Failure) 3309M->3310M(3658M) 67.440ms
[22.268s][info][gc,cpu         ] GC(245) User=0.30s Sys=0.03s Real=0.07s
[22.314s][info][gc,start       ] GC(246) Pause Young (Allocation Failure)
[22.385s][info][gc,heap        ] GC(246) PSYoungGen: 120576K(153600K)->80096K(158720K) Eden: 39424K(39424K)->0K(39424K) From: 81152K(114176K)->80096K(119296K)
[22.385s][info][gc,heap        ] GC(246) ParOldGen: 3308406K(3592192K)->3349230K(3592192K)
[22.385s][info][gc,metaspace   ] GC(246) Metaspace: 6303K(6528K)->6303K(6528K) NonClass: 5769K(5888K)->5769K(5888K) Class: 533K(640K)->533K(640K)
[22.386s][info][gc             ] GC(246) Pause Young (Allocation Failure) 3348M->3348M(3663M) 71.735ms
[22.386s][info][gc,cpu         ] GC(246) User=0.20s Sys=0.00s Real=0.07s
[22.427s][info][gc,start       ] GC(247) Pause Young (Allocation Failure)
[22.494s][info][gc,heap        ] GC(247) PSYoungGen: 119520K(158720K)->79072K(164864K) Eden: 39424K(39424K)->0K(41984K) From: 80096K(119296K)->79072K(122880K)
[22.494s][info][gc,heap        ] GC(247) ParOldGen: 3349230K(3592192K)->3390038K(3592192K)
[22.494s][info][gc,metaspace   ] GC(247) Metaspace: 6303K(6528K)->6303K(6528K) NonClass: 5769K(5888K)->5769K(5888K) Class: 533K(640K)->533K(640K)
[22.494s][info][gc             ] GC(247) Pause Young (Allocation Failure) 3387M->3387M(3669M) 67.292ms
[22.494s][info][gc,cpu         ] GC(247) User=0.30s Sys=0.00s Real=0.07s
[22.532s][info][gc,start       ] GC(248) Pause Young (Allocation Failure)
[22.599s][info][gc,heap        ] GC(248) PSYoungGen: 121056K(164864K)->81664K(166912K) Eden: 41984K(41984K)->0K(41984K) From: 79072K(122880K)->81664K(124928K)
[22.599s][info][gc,heap        ] GC(248) ParOldGen: 3390038K(3592192K)->3429822K(3592192K)
[22.599s][info][gc,metaspace   ] GC(248) Metaspace: 6303K(6528K)->6303K(6528K) NonClass: 5769K(5888K)->5769K(5888K) Class: 533K(640K)->533K(640K)
[22.599s][info][gc             ] GC(248) Pause Young (Allocation Failure) 3428M->3429M(3671M) 67.149ms
[22.599s][info][gc,cpu         ] GC(248) User=0.30s Sys=0.00s Real=0.07s
[22.641s][info][gc,start       ] GC(249) Pause Young (Allocation Failure)
[22.707s][info][gc,heap        ] GC(249) PSYoungGen: 123648K(166912K)->84256K(171520K) Eden: 41984K(41984K)->0K(44544K) From: 81664K(124928K)->84256K(126976K)
[22.707s][info][gc,heap        ] GC(249) ParOldGen: 3429822K(3592192K)->3469598K(3592192K)
[22.707s][info][gc,metaspace   ] GC(249) Metaspace: 6303K(6528K)->6303K(6528K) NonClass: 5769K(5888K)->5769K(5888K) Class: 533K(640K)->533K(640K)
[22.707s][info][gc             ] GC(249) Pause Young (Allocation Failure) 3470M->3470M(3675M) 65.829ms
[22.707s][info][gc,cpu         ] GC(249) User=0.19s Sys=0.06s Real=0.07s
[22.752s][info][gc,start       ] GC(250) Pause Young (Allocation Failure)
[22.820s][info][gc,heap        ] GC(250) PSYoungGen: 128800K(171520K)->86784K(174080K) Eden: 44544K(44544K)->0K(44544K) From: 84256K(126976K)->86784K(129536K)
[22.820s][info][gc,heap        ] GC(250) ParOldGen: 3469598K(3592192K)->3511966K(3592192K)
[22.820s][info][gc,metaspace   ] GC(250) Metaspace: 6303K(6528K)->6303K(6528K) NonClass: 5769K(5888K)->5769K(5888K) Class: 533K(640K)->533K(640K)
[22.820s][info][gc             ] GC(250) Pause Young (Allocation Failure) 3514M->3514M(3678M) 67.960ms
[22.820s][info][gc,cpu         ] GC(250) User=0.22s Sys=0.00s Real=0.07s
[22.867s][info][gc,start       ] GC(251) Pause Young (Allocation Failure)
[22.945s][info][gc,heap        ] GC(251) PSYoungGen: 131328K(174080K)->44736K(175616K) Eden: 44544K(44544K)->0K(50176K) From: 86784K(129536K)->44736K(125440K)
[22.945s][info][gc,heap        ] GC(251) ParOldGen: 3511966K(3592192K)->3599254K(3599360K)
[22.945s][info][gc,metaspace   ] GC(251) Metaspace: 6303K(6528K)->6303K(6528K) NonClass: 5769K(5888K)->5769K(5888K) Class: 533K(640K)->533K(640K)
[22.945s][info][gc             ] GC(251) Pause Young (Allocation Failure) 3557M->3558M(3686M) 78.155ms
[22.945s][info][gc,cpu         ] GC(251) User=0.27s Sys=0.03s Real=0.08s
[22.945s][info][gc,start       ] GC(252) Pause Full (Ergonomics)
[22.945s][info][gc,phases,start] GC(252) Marking Phase
[23.762s][info][gc,phases      ] GC(252) Marking Phase 816.934ms
[23.762s][info][gc,phases,start] GC(252) Summary Phase
[23.762s][info][gc,phases      ] GC(252) Summary Phase 0.048ms
[23.762s][info][gc,phases,start] GC(252) Adjust Roots
[23.763s][info][gc,phases      ] GC(252) Adjust Roots 0.185ms
[23.763s][info][gc,phases,start] GC(252) Compaction Phase
[24.517s][info][gc,phases      ] GC(252) Compaction Phase 754.661ms
[24.517s][info][gc,phases,start] GC(252) Post Compact
[24.524s][info][gc,phases      ] GC(252) Post Compact 6.861ms
[24.526s][info][gc,heap        ] GC(252) PSYoungGen: 44736K(175616K)->41443K(178688K) Eden: 0K(50176K)->0K(53248K) From: 44736K(125440K)->41443K(125440K)
[24.526s][info][gc,heap        ] GC(252) ParOldGen: 3599254K(3599360K)->3599134K(3972608K)
[24.526s][info][gc,metaspace   ] GC(252) Metaspace: 6303K(6528K)->6303K(6528K) NonClass: 5769K(5888K)->5769K(5888K) Class: 533K(640K)->533K(640K)
[24.526s][info][gc             ] GC(252) Pause Full (Ergonomics) 3558M->3555M(4054M) 1580.362ms
[24.526s][info][gc,cpu         ] GC(252) User=11.17s Sys=0.02s Real=1.58s
[24.583s][info][gc,start       ] GC(253) Pause Young (Allocation Failure)
[24.773s][info][gc,heap        ] GC(253) PSYoungGen: 94691K(178688K)->53472K(181760K) Eden: 53248K(53248K)->0K(53248K) From: 41443K(125440K)->53472K(128512K)
[24.773s][info][gc,heap        ] GC(253) ParOldGen: 3599134K(3972608K)->3640998K(3972608K)
[24.773s][info][gc,metaspace   ] GC(253) Metaspace: 6303K(6528K)->6303K(6528K) NonClass: 5769K(5888K)->5769K(5888K) Class: 533K(640K)->533K(640K)
[24.773s][info][gc             ] GC(253) Pause Young (Allocation Failure) 3607M->3607M(4057M) 189.964ms
[24.773s][info][gc,cpu         ] GC(253) User=1.25s Sys=0.03s Real=0.19s
[24.822s][info][gc,start       ] GC(254) Pause Young (Allocation Failure)
[24.886s][info][gc,heap        ] GC(254) PSYoungGen: 106720K(181760K)->106784K(171008K) Eden: 53248K(53248K)->0K(47616K) From: 53472K(128512K)->106784K(123392K)
[24.886s][info][gc,heap        ] GC(254) ParOldGen: 3640998K(3972608K)->3640998K(3972608K)
[24.886s][info][gc,metaspace   ] GC(254) Metaspace: 6303K(6528K)->6303K(6528K) NonClass: 5769K(5888K)->5769K(5888K) Class: 533K(640K)->533K(640K)
[24.886s][info][gc             ] GC(254) Pause Young (Allocation Failure) 3659M->3659M(4046M) 64.150ms
[24.886s][info][gc,cpu         ] GC(254) User=0.28s Sys=0.00s Real=0.06s
[24.932s][info][gc,start       ] GC(255) Pause Young (Allocation Failure)
[25.012s][info][gc,heap        ] GC(255) PSYoungGen: 154400K(171008K)->134144K(181760K) Eden: 47616K(47616K)->0K(47616K) From: 106784K(123392K)->134144K(134144K)
[25.012s][info][gc,heap        ] GC(255) ParOldGen: 3640998K(3972608K)->3661382K(3972608K)
[25.012s][info][gc,metaspace   ] GC(255) Metaspace: 6303K(6528K)->6303K(6528K) NonClass: 5769K(5888K)->5769K(5888K) Class: 533K(640K)->533K(640K)
[25.012s][info][gc             ] GC(255) Pause Young (Allocation Failure) 3706M->3706M(4057M) 80.402ms
[25.012s][info][gc,cpu         ] GC(255) User=0.55s Sys=0.00s Real=0.08s
[25.059s][info][gc,start       ] GC(256) Pause Young (Allocation Failure)
[25.150s][info][gc,heap        ] GC(256) PSYoungGen: 181760K(181760K)->81472K(200704K) Eden: 47616K(47616K)->0K(53248K) From: 134144K(134144K)->81472K(147456K)
[25.150s][info][gc,heap        ] GC(256) ParOldGen: 3661382K(3972608K)->3762614K(3972608K)
[25.150s][info][gc,metaspace   ] GC(256) Metaspace: 6303K(6528K)->6303K(6528K) NonClass: 5769K(5888K)->5769K(5888K) Class: 533K(640K)->533K(640K)
[25.150s][info][gc             ] GC(256) Pause Young (Allocation Failure) 3753M->3753M(4075M) 91.101ms
[25.150s][info][gc,cpu         ] GC(256) User=0.53s Sys=0.09s Real=0.09s
[25.210s][info][gc,start       ] GC(257) Pause Young (Allocation Failure)
[25.286s][info][gc,heap        ] GC(257) PSYoungGen: 134720K(200704K)->101152K(206848K) Eden: 53248K(53248K)->0K(53248K) From: 81472K(147456K)->101152K(153600K)
[25.286s][info][gc,heap        ] GC(257) ParOldGen: 3762614K(3972608K)->3796502K(3972608K)
[25.286s][info][gc,metaspace   ] GC(257) Metaspace: 6303K(6528K)->6303K(6528K) NonClass: 5769K(5888K)->5769K(5888K) Class: 533K(640K)->533K(640K)
[25.286s][info][gc             ] GC(257) Pause Young (Allocation Failure) 3805M->3806M(4081M) 76.115ms
[25.286s][info][gc,cpu         ] GC(257) User=0.38s Sys=0.02s Real=0.08s
[25.340s][info][gc,start       ] GC(258) Pause Young (Allocation Failure)
[25.421s][info][gc,heap        ] GC(258) PSYoungGen: 154400K(206848K)->106784K(211456K) Eden: 53248K(53248K)->0K(56320K) From: 101152K(153600K)->106784K(155136K)
[25.421s][info][gc,heap        ] GC(258) ParOldGen: 3796502K(3972608K)->3844550K(3972608K)
[25.421s][info][gc,metaspace   ] GC(258) Metaspace: 6303K(6528K)->6303K(6528K) NonClass: 5769K(5888K)->5769K(5888K) Class: 533K(640K)->533K(640K)
[25.421s][info][gc             ] GC(258) Pause Young (Allocation Failure) 3858M->3858M(4086M) 80.822ms
[25.421s][info][gc,cpu         ] GC(258) User=0.50s Sys=0.02s Real=0.08s
[25.476s][info][gc,start       ] GC(259) Pause Young (Allocation Failure)
[25.561s][info][gc,heap        ] GC(259) PSYoungGen: 163104K(211456K)->109888K(214528K) Eden: 56320K(56320K)->0K(56320K) From: 106784K(155136K)->109888K(158208K)
[25.561s][info][gc,heap        ] GC(259) ParOldGen: 3844550K(3972608K)->3898270K(3972608K)
[25.561s][info][gc,metaspace   ] GC(259) Metaspace: 6303K(6528K)->6303K(6528K) NonClass: 5769K(5888K)->5769K(5888K) Class: 533K(640K)->533K(640K)
[25.561s][info][gc             ] GC(259) Pause Young (Allocation Failure) 3913M->3914M(4089M) 85.076ms
[25.561s][info][gc,cpu         ] GC(259) User=0.59s Sys=0.05s Real=0.09s
[25.561s][info][gc,start       ] GC(260) Pause Full (Ergonomics)
[25.561s][info][gc,phases,start] GC(260) Marking Phase
[26.479s][info][gc,phases      ] GC(260) Marking Phase 917.899ms
[26.479s][info][gc,phases,start] GC(260) Summary Phase
[26.479s][info][gc,phases      ] GC(260) Summary Phase 0.075ms
[26.479s][info][gc,phases,start] GC(260) Adjust Roots
[26.480s][info][gc,phases      ] GC(260) Adjust Roots 0.211ms
[26.480s][info][gc,phases,start] GC(260) Compaction Phase
[26.852s][info][gc,phases      ] GC(260) Compaction Phase 371.984ms
[26.852s][info][gc,phases,start] GC(260) Post Compact
[26.859s][info][gc,phases      ] GC(260) Post Compact 7.622ms
[26.861s][info][gc,heap        ] GC(260) PSYoungGen: 109888K(214528K)->32381K(214528K) Eden: 0K(56320K)->0K(56320K) From: 109888K(158208K)->32381K(158208K)
[26.861s][info][gc,heap        ] GC(260) ParOldGen: 3898270K(3972608K)->3972529K(4386304K)
[26.861s][info][gc,metaspace   ] GC(260) Metaspace: 6303K(6528K)->6303K(6528K) NonClass: 5769K(5888K)->5769K(5888K) Class: 533K(640K)->533K(640K)
[26.861s][info][gc             ] GC(260) Pause Full (Ergonomics) 3914M->3911M(4493M) 1299.426ms
[26.861s][info][gc,cpu         ] GC(260) User=9.39s Sys=0.02s Real=1.30s
[26.918s][info][gc,start       ] GC(261) Pause Young (Allocation Failure)
[27.127s][info][gc,heap        ] GC(261) PSYoungGen: 88701K(214528K)->62336K(214016K) Eden: 56320K(56320K)->0K(61952K) From: 32381K(158208K)->62336K(152064K)
[27.127s][info][gc,heap        ] GC(261) ParOldGen: 3972529K(4386304K)->3999409K(4386304K)
[27.127s][info][gc,metaspace   ] GC(261) Metaspace: 6303K(6528K)->6303K(6528K) NonClass: 5769K(5888K)->5769K(5888K) Class: 533K(640K)->533K(640K)
[27.127s][info][gc             ] GC(261) Pause Young (Allocation Failure) 3966M->3966M(4492M) 209.759ms
[27.127s][info][gc,cpu         ] GC(261) User=1.52s Sys=0.00s Real=0.21s
[27.203s][info][gc,start       ] GC(262) Pause Young (Allocation Failure)
[27.278s][info][gc,heap        ] GC(262) PSYoungGen: 124288K(214016K)->124352K(219136K) Eden: 61952K(61952K)->0K(61952K) From: 62336K(152064K)->124352K(157184K)
[27.278s][info][gc,heap        ] GC(262) ParOldGen: 3999409K(4386304K)->3999409K(4386304K)
[27.278s][info][gc,metaspace   ] GC(262) Metaspace: 6303K(6528K)->6303K(6528K) NonClass: 5769K(5888K)->5769K(5888K) Class: 533K(640K)->533K(640K)
[27.278s][info][gc             ] GC(262) Pause Young (Allocation Failure) 4027M->4027M(4497M) 75.716ms
[27.278s][info][gc,cpu         ] GC(262) User=0.31s Sys=0.00s Real=0.08s
[27.337s][info][gc,start       ] GC(263) Pause Young (Allocation Failure)
[27.432s][info][gc,heap        ] GC(263) PSYoungGen: 186304K(219136K)->165376K(204288K) Eden: 61952K(61952K)->0K(38912K) From: 124352K(157184K)->165376K(165376K)
[27.432s][info][gc,heap        ] GC(263) ParOldGen: 3999409K(4386304K)->4020545K(4386304K)
[27.432s][info][gc,metaspace   ] GC(263) Metaspace: 6303K(6528K)->6303K(6528K) NonClass: 5769K(5888K)->5769K(5888K) Class: 533K(640K)->533K(640K)
[27.432s][info][gc             ] GC(263) Pause Young (Allocation Failure) 4087M->4087M(4483M) 95.262ms
[27.432s][info][gc,cpu         ] GC(263) User=0.70s Sys=0.05s Real=0.10s
[27.469s][info][gc,start       ] GC(264) Pause Young (Allocation Failure)
[27.569s][info][gc,heap        ] GC(264) PSYoungGen: 204288K(204288K)->153568K(233472K) Eden: 38912K(38912K)->0K(38912K) From: 165376K(165376K)->153568K(194560K)
[27.569s][info][gc,heap        ] GC(264) ParOldGen: 4020545K(4386304K)->4071841K(4386304K)
[27.569s][info][gc,metaspace   ] GC(264) Metaspace: 6303K(6528K)->6303K(6528K) NonClass: 5769K(5888K)->5769K(5888K) Class: 533K(640K)->533K(640K)
[27.570s][info][gc             ] GC(264) Pause Young (Allocation Failure) 4125M->4126M(4511M) 100.641ms
[27.570s][info][gc,cpu         ] GC(264) User=0.69s Sys=0.06s Real=0.10s
[27.613s][info][gc,start       ] GC(265) Pause Young (Allocation Failure)
[27.708s][info][gc,heap        ] GC(265) PSYoungGen: 192480K(233472K)->133984K(248320K) Eden: 38912K(38912K)->0K(42496K) From: 153568K(194560K)->133984K(205824K)
[27.708s][info][gc,heap        ] GC(265) ParOldGen: 4071841K(4386304K)->4130841K(4386304K)
[27.708s][info][gc,metaspace   ] GC(265) Metaspace: 6303K(6528K)->6303K(6528K) NonClass: 5769K(5888K)->5769K(5888K) Class: 533K(640K)->533K(640K)
[27.708s][info][gc             ] GC(265) Pause Young (Allocation Failure) 4164M->4164M(4526M) 95.036ms
[27.708s][info][gc,cpu         ] GC(265) User=0.56s Sys=0.08s Real=0.10s
[27.757s][info][gc,start       ] GC(266) Pause Young (Allocation Failure)
[27.846s][info][gc,heap        ] GC(266) PSYoungGen: 176480K(248320K)->120640K(249856K) Eden: 42496K(42496K)->0K(42496K) From: 133984K(205824K)->120640K(207360K)
[27.846s][info][gc,heap        ] GC(266) ParOldGen: 4130841K(4386304K)->4187201K(4386304K)
[27.846s][info][gc,metaspace   ] GC(266) Metaspace: 6303K(6528K)->6303K(6528K) NonClass: 5769K(5888K)->5769K(5888K) Class: 533K(640K)->533K(640K)
[27.846s][info][gc             ] GC(266) Pause Young (Allocation Failure) 4206M->4206M(4527M) 88.811ms
[27.846s][info][gc,cpu         ] GC(266) User=0.64s Sys=0.00s Real=0.09s
[27.899s][info][gc,start       ] GC(267) Pause Young (Allocation Failure)
[27.983s][info][gc,heap        ] GC(267) PSYoungGen: 163136K(249856K)->124224K(244736K) Eden: 42496K(42496K)->0K(48128K) From: 120640K(207360K)->124224K(196608K)
[27.983s][info][gc,heap        ] GC(267) ParOldGen: 4187201K(4386304K)->4226473K(4386304K)
[27.983s][info][gc,metaspace   ] GC(267) Metaspace: 6303K(6528K)->6303K(6528K) NonClass: 5769K(5888K)->5769K(5888K) Class: 533K(640K)->533K(640K)
[27.983s][info][gc             ] GC(267) Pause Young (Allocation Failure) 4248M->4248M(4522M) 83.981ms
[27.983s][info][gc,cpu         ] GC(267) User=0.53s Sys=0.00s Real=0.08s
[28.036s][info][gc,start       ] GC(268) Pause Young (Allocation Failure)
[28.127s][info][gc,heap        ] GC(268) PSYoungGen: 172352K(244736K)->133472K(247808K) Eden: 48128K(48128K)->0K(48128K) From: 124224K(196608K)->133472K(199680K)
[28.127s][info][gc,heap        ] GC(268) ParOldGen: 4226473K(4386304K)->4265745K(4386304K)
[28.127s][info][gc,metaspace   ] GC(268) Metaspace: 6303K(6528K)->6303K(6528K) NonClass: 5769K(5888K)->5769K(5888K) Class: 533K(640K)->533K(640K)
[28.127s][info][gc             ] GC(268) Pause Young (Allocation Failure) 4295M->4296M(4525M) 91.574ms
[28.127s][info][gc,cpu         ] GC(268) User=0.62s Sys=0.00s Real=0.09s
[28.176s][info][gc,start       ] GC(269) Pause Young (Allocation Failure)
[28.273s][info][gc,heap        ] GC(269) PSYoungGen: 181600K(247808K)->96576K(241152K) Eden: 48128K(48128K)->0K(54272K) From: 133472K(199680K)->96576K(186880K)
[28.273s][info][gc,heap        ] GC(269) ParOldGen: 4265745K(4386304K)->4351497K(4386304K)
[28.273s][info][gc,metaspace   ] GC(269) Metaspace: 6303K(6528K)->6303K(6528K) NonClass: 5769K(5888K)->5769K(5888K) Class: 533K(640K)->533K(640K)
[28.273s][info][gc             ] GC(269) Pause Young (Allocation Failure) 4343M->4343M(4519M) 97.153ms
[28.273s][info][gc,cpu         ] GC(269) User=0.61s Sys=0.03s Real=0.10s
[28.273s][info][gc,start       ] GC(270) Pause Full (Ergonomics)
[28.273s][info][gc,phases,start] GC(270) Marking Phase
[29.260s][info][gc,phases      ] GC(270) Marking Phase 987.213ms
[29.260s][info][gc,phases,start] GC(270) Summary Phase
[29.261s][info][gc,phases      ] GC(270) Summary Phase 0.051ms
[29.261s][info][gc,phases,start] GC(270) Adjust Roots
[29.261s][info][gc,phases      ] GC(270) Adjust Roots 0.246ms
[29.261s][info][gc,phases,start] GC(270) Compaction Phase
[29.629s][info][gc,phases      ] GC(270) Compaction Phase 367.965ms
[29.629s][info][gc,phases,start] GC(270) Post Compact
[29.635s][info][gc,phases      ] GC(270) Post Compact 6.516ms
[29.637s][info][gc,heap        ] GC(270) PSYoungGen: 96576K(241152K)->57863K(247808K) Eden: 0K(54272K)->0K(60928K) From: 96576K(186880K)->57863K(186880K)
[29.637s][info][gc,heap        ] GC(270) ParOldGen: 4351497K(4386304K)->4386071K(4838400K)
[29.637s][info][gc,metaspace   ] GC(270) Metaspace: 6303K(6528K)->6303K(6528K) NonClass: 5769K(5888K)->5769K(5888K) Class: 533K(640K)->533K(640K)
[29.637s][info][gc             ] GC(270) Pause Full (Ergonomics) 4343M->4339M(4967M) 1363.895ms
[29.637s][info][gc,cpu         ] GC(270) User=10.34s Sys=0.06s Real=1.36s
[29.698s][info][gc,start       ] GC(271) Pause Young (Allocation Failure)
[29.959s][info][gc,heap        ] GC(271) PSYoungGen: 118791K(247808K)->61152K(254464K) Eden: 60928K(60928K)->0K(60928K) From: 57863K(186880K)->61152K(193536K)
[29.959s][info][gc,heap        ] GC(271) ParOldGen: 4386071K(4838400K)->4444503K(4838400K)
[29.959s][info][gc,metaspace   ] GC(271) Metaspace: 6303K(6528K)->6303K(6528K) NonClass: 5769K(5888K)->5769K(5888K) Class: 533K(640K)->533K(640K)
[29.959s][info][gc             ] GC(271) Pause Young (Allocation Failure) 4399M->4400M(4973M) 260.983ms
[29.959s][info][gc,cpu         ] GC(271) User=1.88s Sys=0.02s Real=0.26s
[30.032s][info][gc,start       ] GC(272) Pause Young (Allocation Failure)
[30.107s][info][gc,heap        ] GC(272) PSYoungGen: 122080K(254464K)->61152K(258048K) Eden: 60928K(60928K)->0K(67584K) From: 61152K(193536K)->61152K(190464K)
[30.108s][info][gc,heap        ] GC(272) ParOldGen: 4444503K(4838400K)->4505975K(4838400K)
[30.108s][info][gc,metaspace   ] GC(272) Metaspace: 6303K(6528K)->6303K(6528K) NonClass: 5769K(5888K)->5769K(5888K) Class: 533K(640K)->533K(640K)
[30.108s][info][gc             ] GC(272) Pause Young (Allocation Failure) 4459M->4460M(4977M) 75.978ms
[30.108s][info][gc,cpu         ] GC(272) User=0.41s Sys=0.02s Real=0.08s
[30.186s][info][gc,start       ] GC(273) Pause Young (Allocation Failure)
[30.263s][info][gc,heap        ] GC(273) PSYoungGen: 128736K(258048K)->67840K(259584K) Eden: 67584K(67584K)->0K(67584K) From: 61152K(190464K)->67840K(192000K)
[30.263s][info][gc,heap        ] GC(273) ParOldGen: 4505975K(4838400K)->4567447K(4838400K)
[30.263s][info][gc,metaspace   ] GC(273) Metaspace: 6303K(6528K)->6303K(6528K) NonClass: 5769K(5888K)->5769K(5888K) Class: 533K(640K)->533K(640K)
[30.263s][info][gc             ] GC(273) Pause Young (Allocation Failure) 4526M->4526M(4978M) 77.114ms
[30.263s][info][gc,cpu         ] GC(273) User=0.45s Sys=0.06s Real=0.08s
[30.331s][info][gc,start       ] GC(274) Pause Young (Allocation Failure)
[30.410s][info][gc,heap        ] GC(274) PSYoungGen: 135424K(259584K)->67808K(254976K) Eden: 67584K(67584K)->0K(74752K) From: 67840K(192000K)->67808K(180224K)
[30.410s][info][gc,heap        ] GC(274) ParOldGen: 4567447K(4838400K)->4635647K(4838400K)
[30.410s][info][gc,metaspace   ] GC(274) Metaspace: 6303K(6528K)->6303K(6528K) NonClass: 5769K(5888K)->5769K(5888K) Class: 533K(640K)->533K(640K)
[30.410s][info][gc             ] GC(274) Pause Young (Allocation Failure) 4592M->4593M(4974M) 78.368ms
[30.410s][info][gc,cpu         ] GC(274) User=0.47s Sys=0.05s Real=0.08s
[30.492s][info][gc,start       ] GC(275) Pause Young (Allocation Failure)
[30.574s][info][gc,heap        ] GC(275) PSYoungGen: 142560K(254976K)->75040K(259072K) Eden: 74752K(74752K)->0K(74752K) From: 67808K(180224K)->75040K(184320K)
[30.574s][info][gc,heap        ] GC(275) ParOldGen: 4635647K(4838400K)->4703847K(4838400K)
[30.574s][info][gc,metaspace   ] GC(275) Metaspace: 6303K(6528K)->6303K(6528K) NonClass: 5769K(5888K)->5769K(5888K) Class: 533K(640K)->533K(640K)
[30.574s][info][gc             ] GC(275) Pause Young (Allocation Failure) 4666M->4666M(4978M) 81.759ms
[30.574s][info][gc,cpu         ] GC(275) User=0.52s Sys=0.02s Real=0.08s
[30.662s][info][gc,start       ] GC(276) Pause Young (Allocation Failure)
[30.748s][info][gc,heap        ] GC(276) PSYoungGen: 149792K(259072K)->75040K(250368K) Eden: 74752K(74752K)->0K(82944K) From: 75040K(184320K)->75040K(167424K)
[30.748s][info][gc,heap        ] GC(276) ParOldGen: 4703847K(4838400K)->4779271K(4838400K)
[30.748s][info][gc,metaspace   ] GC(276) Metaspace: 6303K(6528K)->6303K(6528K) NonClass: 5769K(5888K)->5769K(5888K) Class: 533K(640K)->533K(640K)
[30.748s][info][gc             ] GC(276) Pause Young (Allocation Failure) 4739M->4740M(4969M) 86.604ms
[30.748s][info][gc,cpu         ] GC(276) User=0.52s Sys=0.03s Real=0.09s
[30.748s][info][gc,start       ] GC(277) Pause Full (Ergonomics)
[30.748s][info][gc,phases,start] GC(277) Marking Phase
[31.852s][info][gc,phases      ] GC(277) Marking Phase 1103.733ms
[31.852s][info][gc,phases,start] GC(277) Summary Phase
[31.852s][info][gc,phases      ] GC(277) Summary Phase 0.060ms
[31.852s][info][gc,phases,start] GC(277) Adjust Roots
[31.852s][info][gc,phases      ] GC(277) Adjust Roots 0.161ms
[31.852s][info][gc,phases,start] GC(277) Compaction Phase
[32.235s][info][gc,phases      ] GC(277) Compaction Phase 382.242ms
[32.235s][info][gc,phases,start] GC(277) Post Compact
[32.242s][info][gc,phases      ] GC(277) Post Compact 7.184ms
[32.243s][info][gc,heap        ] GC(277) PSYoungGen: 75040K(250368K)->12384K(256000K) Eden: 0K(82944K)->0K(88576K) From: 75040K(167424K)->12384K(167424K)
[32.243s][info][gc,heap        ] GC(277) ParOldGen: 4779271K(4838400K)->4837895K(5340672K)
[32.243s][info][gc,metaspace   ] GC(277) Metaspace: 6303K(6528K)->6303K(6528K) NonClass: 5769K(5888K)->5769K(5888K) Class: 533K(640K)->533K(640K)
[32.243s][info][gc             ] GC(277) Pause Full (Ergonomics) 4740M->4736M(5465M) 1495.315ms
[32.244s][info][gc,cpu         ] GC(277) User=11.36s Sys=0.05s Real=1.50s
[32.332s][info][gc,start       ] GC(278) Pause Young (Allocation Failure)
[32.600s][info][gc,heap        ] GC(278) PSYoungGen: 100960K(256000K)->88896K(261632K) Eden: 88576K(88576K)->0K(88576K) From: 12384K(167424K)->88896K(173056K)
[32.600s][info][gc,heap        ] GC(278) ParOldGen: 4837895K(5340672K)->4850447K(5340672K)
[32.600s][info][gc,metaspace   ] GC(278) Metaspace: 6303K(6528K)->6303K(6528K) NonClass: 5769K(5888K)->5769K(5888K) Class: 533K(640K)->533K(640K)
[32.600s][info][gc             ] GC(278) Pause Young (Allocation Failure) 4823M->4823M(5471M) 268.908ms
[32.600s][info][gc,cpu         ] GC(278) User=1.77s Sys=0.02s Real=0.27s
[32.703s][info][gc,start       ] GC(279) Pause Young (Allocation Failure)
[32.801s][info][gc,heap        ] GC(279) PSYoungGen: 177472K(261632K)->164864K(236544K) Eden: 88576K(88576K)->0K(71680K) From: 88896K(173056K)->164864K(164864K)
[32.802s][info][gc,heap        ] GC(279) ParOldGen: 4850447K(5340672K)->4863183K(5340672K)
[32.802s][info][gc,metaspace   ] GC(279) Metaspace: 6303K(6528K)->6303K(6528K) NonClass: 5769K(5888K)->5769K(5888K) Class: 533K(640K)->533K(640K)
[32.802s][info][gc             ] GC(279) Pause Young (Allocation Failure) 4910M->4910M(5446M) 98.130ms
[32.802s][info][gc,cpu         ] GC(279) User=0.62s Sys=0.02s Real=0.10s
[32.880s][info][gc,start       ] GC(280) Pause Young (Allocation Failure)
[33.020s][info][gc,heap        ] GC(280) PSYoungGen: 236544K(236544K)->71904K(261632K) Eden: 71680K(71680K)->0K(71680K) From: 164864K(164864K)->71904K(189952K)
[33.021s][info][gc,heap        ] GC(280) ParOldGen: 4863183K(5340672K)->5029207K(5340672K)
[33.021s][info][gc,metaspace   ] GC(280) Metaspace: 6303K(6528K)->6303K(6528K) NonClass: 5769K(5888K)->5769K(5888K) Class: 533K(640K)->533K(640K)
[33.021s][info][gc             ] GC(280) Pause Young (Allocation Failure) 4980M->4981M(5471M) 140.132ms
[33.021s][info][gc,cpu         ] GC(280) User=0.91s Sys=0.11s Real=0.14s
[33.096s][info][gc,start       ] GC(281) Pause Young (Allocation Failure)
[33.180s][info][gc,heap        ] GC(281) PSYoungGen: 143584K(261632K)->143712K(255488K) Eden: 71680K(71680K)->0K(70144K) From: 71904K(189952K)->143712K(185344K)
[33.180s][info][gc,heap        ] GC(281) ParOldGen: 5029207K(5340672K)->5029207K(5340672K)
[33.180s][info][gc,metaspace   ] GC(281) Metaspace: 6303K(6528K)->6303K(6528K) NonClass: 5769K(5888K)->5769K(5888K) Class: 533K(640K)->533K(640K)
[33.181s][info][gc             ] GC(281) Pause Young (Allocation Failure) 5051M->5051M(5465M) 84.431ms
[33.181s][info][gc,cpu         ] GC(281) User=0.50s Sys=0.00s Real=0.09s
[33.262s][info][gc,start       ] GC(282) Pause Young (Allocation Failure)
[33.375s][info][gc,heap        ] GC(282) PSYoungGen: 213856K(255488K)->194048K(264192K) Eden: 70144K(70144K)->0K(70144K) From: 143712K(185344K)->194048K(194048K)
[33.375s][info][gc,heap        ] GC(282) ParOldGen: 5029207K(5340672K)->5049191K(5340672K)
[33.375s][info][gc,metaspace   ] GC(282) Metaspace: 6303K(6528K)->6303K(6528K) NonClass: 5769K(5888K)->5769K(5888K) Class: 533K(640K)->533K(640K)
[33.375s][info][gc             ] GC(282) Pause Young (Allocation Failure) 5120M->5120M(5473M) 113.177ms
[33.375s][info][gc,cpu         ] GC(282) User=0.75s Sys=0.02s Real=0.11s
[33.451s][info][gc,start       ] GC(283) Pause Young (Allocation Failure)
[33.601s][info][gc,heap        ] GC(283) PSYoungGen: 264192K(264192K)->133728K(299008K) Eden: 70144K(70144K)->0K(78336K) From: 194048K(194048K)->133728K(220672K)
[33.601s][info][gc,heap        ] GC(283) ParOldGen: 5049191K(5340672K)->5180839K(5340672K)
[33.601s][info][gc,metaspace   ] GC(283) Metaspace: 6303K(6528K)->6303K(6528K) NonClass: 5769K(5888K)->5769K(5888K) Class: 533K(640K)->533K(640K)
[33.601s][info][gc             ] GC(283) Pause Young (Allocation Failure) 5188M->5190M(5507M) 150.259ms
[33.601s][info][gc,cpu         ] GC(283) User=0.98s Sys=0.05s Real=0.15s
[33.688s][info][gc,start       ] GC(284) Pause Young (Allocation Failure)
[33.810s][info][gc,heap        ] GC(284) PSYoungGen: 212064K(299008K)->148864K(301568K) Eden: 78336K(78336K)->0K(78336K) From: 133728K(220672K)->148864K(223232K)
[33.810s][info][gc,heap        ] GC(284) ParOldGen: 5180839K(5340672K)->5244647K(5340672K)
[33.810s][info][gc,metaspace   ] GC(284) Metaspace: 6303K(6528K)->6303K(6528K) NonClass: 5769K(5888K)->5769K(5888K) Class: 533K(640K)->533K(640K)
[33.810s][info][gc             ] GC(284) Pause Young (Allocation Failure) 5266M->5267M(5510M) 121.604ms
[33.810s][info][gc,cpu         ] GC(284) User=0.72s Sys=0.06s Real=0.12s
[33.810s][info][gc,start       ] GC(285) Pause Full (Ergonomics)
[33.810s][info][gc,phases,start] GC(285) Marking Phase
[35.012s][info][gc,phases      ] GC(285) Marking Phase 1201.867ms
[35.012s][info][gc,phases,start] GC(285) Summary Phase
[35.012s][info][gc,phases      ] GC(285) Summary Phase 0.069ms
[35.012s][info][gc,phases,start] GC(285) Adjust Roots
[35.012s][info][gc,phases      ] GC(285) Adjust Roots 0.170ms
[35.012s][info][gc,phases,start] GC(285) Compaction Phase
[35.427s][info][gc,phases      ] GC(285) Compaction Phase 414.573ms
[35.427s][info][gc,phases,start] GC(285) Post Compact
[35.435s][info][gc,phases      ] GC(285) Post Compact 8.480ms
[35.437s][info][gc,heap        ] GC(285) PSYoungGen: 148864K(301568K)->48769K(301568K) Eden: 0K(78336K)->0K(78336K) From: 148864K(223232K)->48769K(223232K)
[35.437s][info][gc,heap        ] GC(285) ParOldGen: 5244647K(5340672K)->5340417K(5933568K)
[35.437s][info][gc,metaspace   ] GC(285) Metaspace: 6303K(6528K)->6303K(6528K) NonClass: 5769K(5888K)->5769K(5888K) Class: 533K(640K)->533K(640K)
[35.437s][info][gc             ] GC(285) Pause Full (Ergonomics) 5267M->5262M(6089M) 1627.450ms
[35.437s][info][gc,cpu         ] GC(285) User=12.34s Sys=0.06s Real=1.63s
[35.525s][info][gc,start       ] GC(286) Pause Young (Allocation Failure)
[35.834s][info][gc,heap        ] GC(286) PSYoungGen: 127105K(301568K)->103872K(292864K) Eden: 78336K(78336K)->0K(86016K) From: 48769K(223232K)->103872K(206848K)
[35.834s][info][gc,heap        ] GC(286) ParOldGen: 5340417K(5933568K)->5364257K(5933568K)
[35.835s][info][gc,metaspace   ] GC(286) Metaspace: 6303K(6528K)->6303K(6528K) NonClass: 5769K(5888K)->5769K(5888K) Class: 533K(640K)->533K(640K)
[35.835s][info][gc             ] GC(286) Pause Young (Allocation Failure) 5339M->5339M(6080M) 309.847ms
[35.835s][info][gc,cpu         ] GC(286) User=2.02s Sys=0.02s Real=0.31s
[35.935s][info][gc,start       ] GC(287) Pause Young (Allocation Failure)
[36.049s][info][gc,heap        ] GC(287) PSYoungGen: 189888K(292864K)->190048K(302592K) Eden: 86016K(86016K)->0K(86016K) From: 103872K(206848K)->190048K(216576K)
[36.049s][info][gc,heap        ] GC(287) ParOldGen: 5364257K(5933568K)->5364257K(5933568K)
[36.049s][info][gc,metaspace   ] GC(287) Metaspace: 6303K(6528K)->6303K(6528K) NonClass: 5769K(5888K)->5769K(5888K) Class: 533K(640K)->533K(640K)
[36.049s][info][gc             ] GC(287) Pause Young (Allocation Failure) 5423M->5424M(6090M) 113.966ms
[36.049s][info][gc,cpu         ] GC(287) User=0.75s Sys=0.00s Real=0.12s
[36.142s][info][gc,start       ] GC(288) Pause Young (Allocation Failure)
[36.308s][info][gc,heap        ] GC(288) PSYoungGen: 276064K(302592K)->233984K(283648K) Eden: 86016K(86016K)->0K(49664K) From: 190048K(216576K)->233984K(233984K)
[36.308s][info][gc,heap        ] GC(288) ParOldGen: 5364257K(5933568K)->5406649K(5933568K)
[36.308s][info][gc,metaspace   ] GC(288) Metaspace: 6303K(6528K)->6303K(6528K) NonClass: 5769K(5888K)->5769K(5888K) Class: 533K(640K)->533K(640K)
[36.308s][info][gc             ] GC(288) Pause Young (Allocation Failure) 5508M->5508M(6071M) 166.180ms
[36.308s][info][gc,cpu         ] GC(288) User=0.95s Sys=0.19s Real=0.17s
[36.369s][info][gc,start       ] GC(289) Pause Young (Allocation Failure)
[36.530s][info][gc,heap        ] GC(289) PSYoungGen: 283648K(283648K)->198048K(328704K) Eden: 49664K(49664K)->0K(49664K) From: 233984K(233984K)->198048K(279040K)
[36.530s][info][gc,heap        ] GC(289) ParOldGen: 5406649K(5933568K)->5493113K(5933568K)
[36.530s][info][gc,metaspace   ] GC(289) Metaspace: 6303K(6528K)->6303K(6528K) NonClass: 5769K(5888K)->5769K(5888K) Class: 533K(640K)->533K(640K)
[36.530s][info][gc             ] GC(289) Pause Young (Allocation Failure) 5556M->5557M(6115M) 160.933ms
[36.530s][info][gc,cpu         ] GC(289) User=1.11s Sys=0.12s Real=0.16s
[36.591s][info][gc,start       ] GC(290) Pause Young (Allocation Failure)
[36.728s][info][gc,heap        ] GC(290) PSYoungGen: 247712K(328704K)->179872K(339968K) Eden: 49664K(49664K)->0K(55808K) From: 198048K(279040K)->179872K(284160K)
[36.728s][info][gc,heap        ] GC(290) ParOldGen: 5493113K(5933568K)->5561529K(5933568K)
[36.728s][info][gc,metaspace   ] GC(290) Metaspace: 6303K(6528K)->6303K(6528K) NonClass: 5769K(5888K)->5769K(5888K) Class: 533K(640K)->533K(640K)
[36.728s][info][gc             ] GC(290) Pause Young (Allocation Failure) 5606M->5606M(6126M) 137.231ms
[36.728s][info][gc,cpu         ] GC(290) User=0.92s Sys=0.06s Real=0.14s
[38.106s][info][gc,start       ] GC(291) Pause Full (Ergonomics)
[38.106s][info][gc,phases,start] GC(291) Marking Phase
[39.426s][info][gc,phases      ] GC(291) Marking Phase 1319.813ms
[39.426s][info][gc,phases,start] GC(291) Summary Phase
[39.426s][info][gc,phases      ] GC(291) Summary Phase 0.185ms
[39.426s][info][gc,phases,start] GC(291) Adjust Roots
[39.426s][info][gc,phases      ] GC(291) Adjust Roots 0.239ms
[39.426s][info][gc,phases,start] GC(291) Compaction Phase
[40.308s][info][gc,phases      ] GC(291) Compaction Phase 882.280ms
[40.308s][info][gc,phases,start] GC(291) Post Compact
[40.318s][info][gc,phases      ] GC(291) Post Compact 9.908ms
[40.320s][info][gc,heap        ] GC(291) PSYoungGen: 235680K(339968K)->0K(341504K) Eden: 55808K(55808K)->0K(55808K) From: 179872K(284160K)->0K(285696K)
[40.320s][info][gc,heap        ] GC(291) ParOldGen: 5823673K(5933568K)->5925576K(6551040K)
[40.320s][info][gc,metaspace   ] GC(291) Metaspace: 6303K(6528K)->6303K(6528K) NonClass: 5769K(5888K)->5769K(5888K) Class: 533K(640K)->533K(640K)
[40.320s][info][gc             ] GC(291) Pause Full (Ergonomics) 5917M->5786M(6731M) 2214.815ms
[40.320s][info][gc,cpu         ] GC(291) User=15.81s Sys=0.09s Real=2.21s
[40.377s][info][gc,start       ] GC(292) Pause Young (Allocation Failure)
[40.451s][info][gc,heap        ] GC(292) PSYoungGen: 55808K(341504K)->56032K(346624K) Eden: 55808K(55808K)->0K(60928K) From: 0K(285696K)->56032K(285696K)
[40.451s][info][gc,heap        ] GC(292) ParOldGen: 5925576K(6551040K)->5925576K(6551040K)
[40.451s][info][gc,metaspace   ] GC(292) Metaspace: 6303K(6528K)->6303K(6528K) NonClass: 5769K(5888K)->5769K(5888K) Class: 533K(640K)->533K(640K)
[40.451s][info][gc             ] GC(292) Pause Young (Allocation Failure) 5841M->5841M(6736M) 73.823ms
[40.451s][info][gc,cpu         ] GC(292) User=0.17s Sys=0.00s Real=0.07s
[40.518s][info][gc,start       ] GC(293) Pause Young (Allocation Failure)
[40.614s][info][gc,heap        ] GC(293) PSYoungGen: 116960K(346624K)->117056K(178176K) Eden: 60928K(60928K)->0K(60928K) From: 56032K(285696K)->117056K(117248K)
[40.614s][info][gc,heap        ] GC(293) ParOldGen: 5925576K(6551040K)->5925576K(6551040K)
[40.614s][info][gc,metaspace   ] GC(293) Metaspace: 6303K(6528K)->6303K(6528K) NonClass: 5769K(5888K)->5769K(5888K) Class: 533K(640K)->533K(640K)
[40.614s][info][gc             ] GC(293) Pause Young (Allocation Failure) 5900M->5901M(6571M) 96.736ms
[40.614s][info][gc,cpu         ] GC(293) User=0.30s Sys=0.00s Real=0.10s
[40.676s][info][gc,start       ] GC(294) Pause Young (Allocation Failure)
[40.792s][info][gc,heap        ] GC(294) PSYoungGen: 177984K(178176K)->178112K(343040K) Eden: 60928K(60928K)->0K(66048K) From: 117056K(117248K)->178112K(276992K)
[40.792s][info][gc,heap        ] GC(294) ParOldGen: 5925576K(6551040K)->5925576K(6551040K)
[40.792s][info][gc,metaspace   ] GC(294) Metaspace: 6303K(6528K)->6303K(6528K) NonClass: 5769K(5888K)->5769K(5888K) Class: 533K(640K)->533K(640K)
[40.792s][info][gc             ] GC(294) Pause Young (Allocation Failure) 5960M->5960M(6732M) 116.258ms
[40.792s][info][gc,cpu         ] GC(294) User=0.38s Sys=0.00s Real=0.12s
[40.855s][info][gc,start       ] GC(295) Pause Young (Allocation Failure)
[40.989s][info][gc,heap        ] GC(295) PSYoungGen: 244160K(343040K)->188352K(344064K) Eden: 66048K(66048K)->0K(66048K) From: 178112K(276992K)->188352K(278016K)
[40.989s][info][gc,heap        ] GC(295) ParOldGen: 5925576K(6551040K)->5981904K(6551040K)
[40.989s][info][gc,metaspace   ] GC(295) Metaspace: 6303K(6528K)->6303K(6528K) NonClass: 5769K(5888K)->5769K(5888K) Class: 533K(640K)->533K(640K)
[40.989s][info][gc             ] GC(295) Pause Young (Allocation Failure) 6025M->6025M(6733M) 134.330ms
[40.989s][info][gc,cpu         ] GC(295) User=0.50s Sys=0.00s Real=0.13s
[41.059s][info][gc,start       ] GC(296) Pause Young (Allocation Failure)
[41.196s][info][gc,heap        ] GC(296) PSYoungGen: 254400K(344064K)->193472K(351232K) Eden: 66048K(66048K)->0K(69632K) From: 188352K(278016K)->193472K(281600K)
[41.196s][info][gc,heap        ] GC(296) ParOldGen: 5981904K(6551040K)->6043384K(6551040K)
[41.196s][info][gc,metaspace   ] GC(296) Metaspace: 6303K(6528K)->6303K(6528K) NonClass: 5769K(5888K)->5769K(5888K) Class: 533K(640K)->533K(640K)
[41.196s][info][gc             ] GC(296) Pause Young (Allocation Failure) 6090M->6090M(6740M) 137.391ms
[41.196s][info][gc,cpu         ] GC(296) User=0.48s Sys=0.03s Real=0.14s
[41.269s][info][gc,start       ] GC(297) Pause Young (Allocation Failure)
[41.408s][info][gc,heap        ] GC(297) PSYoungGen: 263104K(351232K)->136032K(205824K) Eden: 69632K(69632K)->0K(69632K) From: 193472K(281600K)->136032K(136192K)
[41.409s][info][gc,heap        ] GC(297) ParOldGen: 6043384K(6551040K)->6171504K(6551040K)
[41.409s][info][gc,metaspace   ] GC(297) Metaspace: 6303K(6528K)->6303K(6528K) NonClass: 5769K(5888K)->5769K(5888K) Class: 533K(640K)->533K(640K)
[41.409s][info][gc             ] GC(297) Pause Young (Allocation Failure) 6158M->6159M(6598M) 139.478ms
[41.409s][info][gc,cpu         ] GC(297) User=0.58s Sys=0.06s Real=0.14s
[41.482s][info][gc,start       ] GC(298) Pause Young (Allocation Failure)
[41.605s][info][gc,heap        ] GC(298) PSYoungGen: 205664K(205824K)->69856K(352768K) Eden: 69632K(69632K)->0K(77824K) From: 136032K(136192K)->69856K(274944K)
[41.605s][info][gc,heap        ] GC(298) ParOldGen: 6171504K(6551040K)->6308384K(6551040K)
[41.605s][info][gc,metaspace   ] GC(298) Metaspace: 6303K(6528K)->6303K(6528K) NonClass: 5769K(5888K)->5769K(5888K) Class: 533K(640K)->533K(640K)
[41.605s][info][gc             ] GC(298) Pause Young (Allocation Failure) 6227M->6228M(6742M) 122.887ms
[41.605s][info][gc,cpu         ] GC(298) User=0.47s Sys=0.08s Real=0.12s
[41.682s][info][gc,start       ] GC(299) Pause Young (Allocation Failure)
[41.790s][info][gc,heap        ] GC(299) PSYoungGen: 147680K(352768K)->78048K(353792K) Eden: 77824K(77824K)->0K(77824K) From: 69856K(274944K)->78048K(275968K)
[41.790s][info][gc,heap        ] GC(299) ParOldGen: 6308384K(6551040K)->6378664K(6551040K)
[41.790s][info][gc,metaspace   ] GC(299) Metaspace: 6303K(6528K)->6303K(6528K) NonClass: 5769K(5888K)->5769K(5888K) Class: 533K(640K)->533K(640K)
[41.790s][info][gc             ] GC(299) Pause Young (Allocation Failure) 6304M->6305M(6743M) 107.664ms
[41.790s][info][gc,cpu         ] GC(299) User=0.44s Sys=0.06s Real=0.11s
[41.880s][info][gc,start       ] GC(300) Pause Young (Allocation Failure)
[41.989s][info][gc,heap        ] GC(300) PSYoungGen: 155872K(353792K)->78080K(352256K) Eden: 77824K(77824K)->0K(87552K) From: 78048K(275968K)->78080K(264704K)
[41.990s][info][gc,heap        ] GC(300) ParOldGen: 6378664K(6551040K)->6457192K(6551040K)
[41.990s][info][gc,metaspace   ] GC(300) Metaspace: 6303K(6528K)->6303K(6528K) NonClass: 5769K(5888K)->5769K(5888K) Class: 533K(640K)->533K(640K)
[41.990s][info][gc             ] GC(300) Pause Young (Allocation Failure) 6381M->6382M(6741M) 109.815ms
[41.990s][info][gc,cpu         ] GC(300) User=0.31s Sys=0.06s Real=0.11s
[41.990s][info][gc,start       ] GC(301) Pause Full (Ergonomics)
[41.990s][info][gc,phases,start] GC(301) Marking Phase
[43.431s][info][gc,phases      ] GC(301) Marking Phase 1441.214ms
[43.431s][info][gc,phases,start] GC(301) Summary Phase
[43.431s][info][gc,phases      ] GC(301) Summary Phase 0.105ms
[43.431s][info][gc,phases,start] GC(301) Adjust Roots
[43.431s][info][gc,phases      ] GC(301) Adjust Roots 0.202ms
[43.431s][info][gc,phases,start] GC(301) Compaction Phase
[44.018s][info][gc,phases      ] GC(301) Compaction Phase 586.803ms
[44.018s][info][gc,phases,start] GC(301) Post Compact
[44.027s][info][gc,phases      ] GC(301) Post Compact 9.309ms
[44.030s][info][gc,heap        ] GC(301) PSYoungGen: 78080K(352256K)->0K(356352K) Eden: 0K(87552K)->0K(87552K) From: 78080K(264704K)->0K(268800K)
[44.030s][info][gc,heap        ] GC(301) ParOldGen: 6457192K(6551040K)->6529968K(7226368K)
[44.030s][info][gc,metaspace   ] GC(301) Metaspace: 6303K(6528K)->6303K(6528K) NonClass: 5769K(5888K)->5769K(5888K) Class: 533K(640K)->533K(640K)
[44.030s][info][gc             ] GC(301) Pause Full (Ergonomics) 6382M->6376M(7405M) 2040.050ms
[44.030s][info][gc,cpu         ] GC(301) User=14.88s Sys=0.06s Real=2.04s
[44.116s][info][gc,start       ] GC(302) Pause Young (Allocation Failure)
[44.207s][info][gc,heap        ] GC(302) PSYoungGen: 87552K(356352K)->87808K(349696K) Eden: 87552K(87552K)->0K(96256K) From: 0K(268800K)->87808K(253440K)
[44.207s][info][gc,heap        ] GC(302) ParOldGen: 6529968K(7226368K)->6529968K(7226368K)
[44.207s][info][gc,metaspace   ] GC(302) Metaspace: 6303K(6528K)->6303K(6528K) NonClass: 5769K(5888K)->5769K(5888K) Class: 533K(640K)->533K(640K)
[44.207s][info][gc             ] GC(302) Pause Young (Allocation Failure) 6462M->6462M(7398M) 91.222ms
[44.207s][info][gc,cpu         ] GC(302) User=0.20s Sys=0.00s Real=0.09s
[44.315s][info][gc,start       ] GC(303) Pause Young (Allocation Failure)
[44.434s][info][gc,heap        ] GC(303) PSYoungGen: 184064K(349696K)->184224K(358400K) Eden: 96256K(96256K)->0K(96256K) From: 87808K(253440K)->184224K(262144K)
[44.434s][info][gc,heap        ] GC(303) ParOldGen: 6529968K(7226368K)->6529968K(7226368K)
[44.434s][info][gc,metaspace   ] GC(303) Metaspace: 6303K(6528K)->6303K(6528K) NonClass: 5769K(5888K)->5769K(5888K) Class: 533K(640K)->533K(640K)
[44.434s][info][gc             ] GC(303) Pause Young (Allocation Failure) 6556M->6556M(7407M) 119.494ms
[44.434s][info][gc,cpu         ] GC(303) User=0.47s Sys=0.00s Real=0.12s
[44.537s][info][gc,start       ] GC(304) Pause Young (Allocation Failure)
[44.681s][info][gc,heap        ] GC(304) PSYoungGen: 280480K(358400K)->270336K(334336K) Eden: 96256K(96256K)->0K(64000K) From: 184224K(262144K)->270336K(270336K)
[44.681s][info][gc,heap        ] GC(304) ParOldGen: 6529968K(7226368K)->6540288K(7226368K)
[44.681s][info][gc,metaspace   ] GC(304) Metaspace: 6303K(6528K)->6303K(6528K) NonClass: 5769K(5888K)->5769K(5888K) Class: 533K(640K)->533K(640K)
[44.681s][info][gc             ] GC(304) Pause Young (Allocation Failure) 6650M->6651M(7383M) 143.996ms
[44.681s][info][gc,cpu         ] GC(304) User=0.80s Sys=0.02s Real=0.14s
[44.746s][info][gc,start       ] GC(305) Pause Young (Allocation Failure)
[44.906s][info][gc,heap        ] GC(305) PSYoungGen: 334336K(334336K)->158400K(222720K) Eden: 64000K(64000K)->0K(64000K) From: 270336K(270336K)->158400K(158720K)
[44.906s][info][gc,heap        ] GC(305) ParOldGen: 6540288K(7226368K)->6717704K(7226368K)
[44.906s][info][gc,metaspace   ] GC(305) Metaspace: 6303K(6528K)->6303K(6528K) NonClass: 5769K(5888K)->5769K(5888K) Class: 533K(640K)->533K(640K)
[44.906s][info][gc             ] GC(305) Pause Young (Allocation Failure) 6713M->6714M(7274M) 159.814ms
[44.906s][info][gc,cpu         ] GC(305) User=1.03s Sys=0.11s Real=0.16s
[44.980s][info][gc,start       ] GC(306) Pause Young (Allocation Failure)
[45.109s][info][gc,heap        ] GC(306) PSYoungGen: 222400K(222720K)->128288K(347648K) Eden: 64000K(64000K)->0K(71680K) From: 158400K(158720K)->128288K(275968K)
[45.109s][info][gc,heap        ] GC(306) ParOldGen: 6717704K(7226368K)->6812536K(7226368K)
[45.109s][info][gc,metaspace   ] GC(306) Metaspace: 6303K(6528K)->6303K(6528K) NonClass: 5769K(5888K)->5769K(5888K) Class: 533K(640K)->533K(640K)
[45.109s][info][gc             ] GC(306) Pause Young (Allocation Failure) 6777M->6778M(7396M) 129.402ms
[45.109s][info][gc,cpu         ] GC(306) User=0.53s Sys=0.09s Real=0.13s
[45.186s][info][gc,start       ] GC(307) Pause Young (Allocation Failure)
[45.309s][info][gc,heap        ] GC(307) PSYoungGen: 199968K(347648K)->136032K(207872K) Eden: 71680K(71680K)->0K(71680K) From: 128288K(275968K)->136032K(136192K)
[45.309s][info][gc,heap        ] GC(307) ParOldGen: 6812536K(7226368K)->6877120K(7226368K)
[45.309s][info][gc,metaspace   ] GC(307) Metaspace: 6303K(6528K)->6303K(6528K) NonClass: 5769K(5888K)->5769K(5888K) Class: 533K(640K)->533K(640K)
[45.309s][info][gc             ] GC(307) Pause Young (Allocation Failure) 6848M->6848M(7260M) 122.295ms
[45.309s][info][gc,cpu         ] GC(307) User=0.58s Sys=0.00s Real=0.12s
[45.378s][info][gc,start       ] GC(308) Pause Young (Allocation Failure)
[45.502s][info][gc,heap        ] GC(308) PSYoungGen: 207712K(207872K)->71936K(354304K) Eden: 71680K(71680K)->0K(80384K) From: 136032K(136192K)->71936K(273920K)
[45.502s][info][gc,heap        ] GC(308) ParOldGen: 6877120K(7226368K)->7013984K(7226368K)
[45.502s][info][gc,metaspace   ] GC(308) Metaspace: 6303K(6528K)->6303K(6528K) NonClass: 5769K(5888K)->5769K(5888K) Class: 533K(640K)->533K(640K)
[45.502s][info][gc             ] GC(308) Pause Young (Allocation Failure) 6918M->6919M(7403M) 123.802ms
[45.502s][info][gc,cpu         ] GC(308) User=0.62s Sys=0.05s Real=0.12s
[45.583s][info][gc,start       ] GC(309) Pause Young (Allocation Failure)
[45.688s][info][gc,heap        ] GC(309) PSYoungGen: 152320K(354304K)->80640K(354816K) Eden: 80384K(80384K)->0K(80384K) From: 71936K(273920K)->80640K(274432K)
[45.688s][info][gc,heap        ] GC(309) ParOldGen: 7013984K(7226368K)->7086312K(7226368K)
[45.688s][info][gc,metaspace   ] GC(309) Metaspace: 6303K(6528K)->6303K(6528K) NonClass: 5769K(5888K)->5769K(5888K) Class: 533K(640K)->533K(640K)
[45.688s][info][gc             ] GC(309) Pause Young (Allocation Failure) 6998M->6998M(7403M) 104.920ms
[45.688s][info][gc,cpu         ] GC(309) User=0.31s Sys=0.00s Real=0.10s
[45.688s][info][gc,start       ] GC(310) Pause Full (Ergonomics)
[45.688s][info][gc,phases,start] GC(310) Marking Phase
[47.345s][info][gc,phases      ] GC(310) Marking Phase 1657.135ms
[47.345s][info][gc,phases,start] GC(310) Summary Phase
[47.345s][info][gc,phases      ] GC(310) Summary Phase 0.113ms
[47.345s][info][gc,phases,start] GC(310) Adjust Roots
[47.345s][info][gc,phases      ] GC(310) Adjust Roots 0.163ms
[47.345s][info][gc,phases,start] GC(310) Compaction Phase
[47.973s][info][gc,phases      ] GC(310) Compaction Phase 627.662ms
[47.973s][info][gc,phases,start] GC(310) Post Compact
[47.983s][info][gc,phases      ] GC(310) Post Compact 10.196ms
[47.985s][info][gc,heap        ] GC(310) PSYoungGen: 80640K(354816K)->0K(360448K) Eden: 0K(80384K)->0K(90112K) From: 80640K(274432K)->0K(270336K)
[47.985s][info][gc,heap        ] GC(310) ParOldGen: 7086312K(7226368K)->7161533K(7937024K)
[47.985s][info][gc,metaspace   ] GC(310) Metaspace: 6303K(6528K)->6303K(6528K) NonClass: 5769K(5888K)->5769K(5888K) Class: 533K(640K)->533K(640K)
[47.985s][info][gc             ] GC(310) Pause Full (Ergonomics) 6998M->6993M(8103M) 2297.717ms
[47.985s][info][gc,cpu         ] GC(310) User=16.92s Sys=0.00s Real=2.30s
[48.077s][info][gc,start       ] GC(311) Pause Young (Allocation Failure)
[48.170s][info][gc,heap        ] GC(311) PSYoungGen: 90112K(360448K)->90368K(360448K) Eden: 90112K(90112K)->0K(90112K) From: 0K(270336K)->90368K(270336K)
[48.170s][info][gc,heap        ] GC(311) ParOldGen: 7161533K(7937024K)->7161533K(7937024K)
[48.170s][info][gc,metaspace   ] GC(311) Metaspace: 6303K(6528K)->6303K(6528K) NonClass: 5769K(5888K)->5769K(5888K) Class: 533K(640K)->533K(640K)
[48.170s][info][gc             ] GC(311) Pause Young (Allocation Failure) 7081M->7081M(8103M) 92.680ms
[48.170s][info][gc,cpu         ] GC(311) User=0.25s Sys=0.00s Real=0.09s
[48.258s][info][gc,start       ] GC(312) Pause Young (Allocation Failure)
[48.369s][info][gc,heap        ] GC(312) PSYoungGen: 180480K(360448K)->180640K(356352K) Eden: 90112K(90112K)->0K(92672K) From: 90368K(270336K)->180640K(263680K)
[48.369s][info][gc,heap        ] GC(312) ParOldGen: 7161533K(7937024K)->7161533K(7937024K)
[48.369s][info][gc,metaspace   ] GC(312) Metaspace: 6303K(6528K)->6303K(6528K) NonClass: 5769K(5888K)->5769K(5888K) Class: 533K(640K)->533K(640K)
[48.369s][info][gc             ] GC(312) Pause Young (Allocation Failure) 7169M->7170M(8099M) 111.052ms
[48.369s][info][gc,cpu         ] GC(312) User=0.36s Sys=0.00s Real=0.11s
[48.475s][info][gc,start       ] GC(313) Pause Young (Allocation Failure)
[48.617s][info][gc,heap        ] GC(313) PSYoungGen: 273312K(356352K)->269824K(362496K) Eden: 92672K(92672K)->0K(92672K) From: 180640K(263680K)->269824K(269824K)
[48.618s][info][gc,heap        ] GC(313) ParOldGen: 7161533K(7937024K)->7165181K(7937024K)
[48.618s][info][gc,metaspace   ] GC(313) Metaspace: 6303K(6528K)->6303K(6528K) NonClass: 5769K(5888K)->5769K(5888K) Class: 533K(640K)->533K(640K)
[48.618s][info][gc             ] GC(313) Pause Young (Allocation Failure) 7260M->7260M(8105M) 142.353ms
[48.618s][info][gc,cpu         ] GC(313) User=0.64s Sys=0.00s Real=0.14s
[48.708s][info][gc,start       ] GC(314) Pause Young (Allocation Failure)
[48.884s][info][gc,heap        ] GC(314) PSYoungGen: 362496K(362496K)->184576K(406528K) Eden: 92672K(92672K)->0K(102912K) From: 269824K(269824K)->184576K(303616K)
[48.884s][info][gc,heap        ] GC(314) ParOldGen: 7165181K(7937024K)->7344669K(7937024K)
[48.884s][info][gc,metaspace   ] GC(314) Metaspace: 6303K(6528K)->6303K(6528K) NonClass: 5769K(5888K)->5769K(5888K) Class: 533K(640K)->533K(640K)
[48.884s][info][gc             ] GC(314) Pause Young (Allocation Failure) 7351M->7352M(8148M) 176.038ms
[48.884s][info][gc,cpu         ] GC(314) User=1.14s Sys=0.12s Real=0.18s
[48.989s][info][gc,start       ] GC(315) Pause Young (Allocation Failure)
[49.139s][info][gc,heap        ] GC(315) PSYoungGen: 287488K(406528K)->196096K(408576K) Eden: 102912K(102912K)->0K(102912K) From: 184576K(303616K)->196096K(305664K)
[49.139s][info][gc,heap        ] GC(315) ParOldGen: 7344669K(7937024K)->7436925K(7937024K)
[49.139s][info][gc,metaspace   ] GC(315) Metaspace: 6303K(6528K)->6303K(6528K) NonClass: 5769K(5888K)->5769K(5888K) Class: 533K(640K)->533K(640K)
[49.139s][info][gc             ] GC(315) Pause Young (Allocation Failure) 7453M->7454M(8150M) 150.338ms
[49.139s][info][gc,cpu         ] GC(315) User=0.86s Sys=0.06s Real=0.15s
[49.248s][info][gc,start       ] GC(316) Pause Young (Allocation Failure)
[49.397s][info][gc,heap        ] GC(316) PSYoungGen: 299008K(408576K)->206400K(418304K) Eden: 102912K(102912K)->0K(111104K) From: 196096K(305664K)->206400K(307200K)
[49.397s][info][gc,heap        ] GC(316) ParOldGen: 7436925K(7937024K)->7530453K(7937024K)
[49.397s][info][gc,metaspace   ] GC(316) Metaspace: 6303K(6528K)->6303K(6528K) NonClass: 5769K(5888K)->5769K(5888K) Class: 533K(640K)->533K(640K)
[49.397s][info][gc             ] GC(316) Pause Young (Allocation Failure) 7554M->7555M(8159M) 149.236ms
[49.397s][info][gc,cpu         ] GC(316) User=1.00s Sys=0.02s Real=0.15s
[49.518s][info][gc,start       ] GC(317) Pause Young (Allocation Failure)
[49.677s][info][gc,heap        ] GC(317) PSYoungGen: 317504K(418304K)->214528K(421888K) Eden: 111104K(111104K)->0K(111104K) From: 206400K(307200K)->214528K(310784K)
[49.677s][info][gc,heap        ] GC(317) ParOldGen: 7530453K(7937024K)->7634293K(7937024K)
[49.677s][info][gc,metaspace   ] GC(317) Metaspace: 6303K(6528K)->6303K(6528K) NonClass: 5769K(5888K)->5769K(5888K) Class: 533K(640K)->533K(640K)
[49.677s][info][gc             ] GC(317) Pause Young (Allocation Failure) 7664M->7664M(8163M) 158.870ms
[49.677s][info][gc,cpu         ] GC(317) User=1.00s Sys=0.05s Real=0.16s
[49.792s][info][gc,start       ] GC(318) Pause Young (Allocation Failure)
[49.956s][info][gc,heap        ] GC(318) PSYoungGen: 325632K(421888K)->222784K(433664K) Eden: 111104K(111104K)->0K(117760K) From: 214528K(310784K)->222784K(315904K)
[49.956s][info][gc,heap        ] GC(318) ParOldGen: 7634293K(7937024K)->7738149K(7937024K)
[49.956s][info][gc,metaspace   ] GC(318) Metaspace: 6303K(6528K)->6303K(6528K) NonClass: 5769K(5888K)->5769K(5888K) Class: 533K(640K)->533K(640K)
[49.956s][info][gc             ] GC(318) Pause Young (Allocation Failure) 7773M->7774M(8174M) 163.875ms
[49.956s][info][gc,cpu         ] GC(318) User=1.19s Sys=0.06s Real=0.16s
[50.079s][info][gc,start       ] GC(319) Pause Young (Allocation Failure)
[50.255s][info][gc,heap        ] GC(319) PSYoungGen: 340544K(433664K)->229408K(439808K) Eden: 117760K(117760K)->0K(117760K) From: 222784K(315904K)->229408K(322048K)
[50.255s][info][gc,heap        ] GC(319) ParOldGen: 7738149K(7937024K)->7850253K(7937024K)
[50.255s][info][gc,metaspace   ] GC(319) Metaspace: 6303K(6528K)->6303K(6528K) NonClass: 5769K(5888K)->5769K(5888K) Class: 533K(640K)->533K(640K)
[50.255s][info][gc             ] GC(319) Pause Young (Allocation Failure) 7889M->7890M(8180M) 175.756ms
[50.255s][info][gc,cpu         ] GC(319) User=1.17s Sys=0.08s Real=0.18s
[50.255s][info][gc,start       ] GC(320) Pause Full (Ergonomics)
[50.255s][info][gc,phases,start] GC(320) Marking Phase
[52.097s][info][gc,phases      ] GC(320) Marking Phase 1841.975ms
[52.097s][info][gc,phases,start] GC(320) Summary Phase
[52.097s][info][gc,phases      ] GC(320) Summary Phase 0.101ms
[52.097s][info][gc,phases,start] GC(320) Adjust Roots
[52.098s][info][gc,phases      ] GC(320) Adjust Roots 0.204ms
[52.098s][info][gc,phases,start] GC(320) Compaction Phase
[52.815s][info][gc,phases      ] GC(320) Compaction Phase 717.073ms
[52.815s][info][gc,phases,start] GC(320) Post Compact
[52.827s][info][gc,phases      ] GC(320) Post Compact 11.964ms
[52.829s][info][gc,heap        ] GC(320) PSYoungGen: 229408K(439808K)->135771K(439808K) Eden: 0K(117760K)->0K(117760K) From: 229408K(322048K)->135771K(322048K)
[52.829s][info][gc,heap        ] GC(320) ParOldGen: 7850253K(7937024K)->7936847K(8794112K)
[52.829s][info][gc,metaspace   ] GC(320) Metaspace: 6303K(6528K)->6303K(6528K) NonClass: 5769K(5888K)->5769K(5888K) Class: 533K(640K)->533K(640K)
[52.829s][info][gc             ] GC(320) Pause Full (Ergonomics) 7890M->7883M(9017M) 2574.240ms
[52.829s][info][gc,cpu         ] GC(320) User=19.08s Sys=0.05s Real=2.57s
[52.950s][info][gc,start       ] GC(321) Pause Young (Allocation Failure)
[53.437s][info][gc,heap        ] GC(321) PSYoungGen: 253531K(439808K)->186816K(431616K) Eden: 117760K(117760K)->0K(129024K) From: 135771K(322048K)->186816K(302592K)
[53.437s][info][gc,heap        ] GC(321) ParOldGen: 7936847K(8794112K)->8004783K(8794112K)
[53.437s][info][gc,metaspace   ] GC(321) Metaspace: 6303K(6528K)->6303K(6528K) NonClass: 5769K(5888K)->5769K(5888K) Class: 533K(640K)->533K(640K)
[53.437s][info][gc             ] GC(321) Pause Young (Allocation Failure) 7998M->7999M(9009M) 486.840ms
[53.437s][info][gc,cpu         ] GC(321) User=3.39s Sys=0.03s Real=0.49s
[53.571s][info][gc,start       ] GC(322) Pause Young (Allocation Failure)
[53.740s][info][gc,heap        ] GC(322) PSYoungGen: 315840K(431616K)->316032K(445952K) Eden: 129024K(129024K)->0K(129024K) From: 186816K(302592K)->316032K(316928K)
[53.740s][info][gc,heap        ] GC(322) ParOldGen: 8004783K(8794112K)->8004783K(8794112K)
[53.740s][info][gc,metaspace   ] GC(322) Metaspace: 6303K(6528K)->6303K(6528K) NonClass: 5769K(5888K)->5769K(5888K) Class: 533K(640K)->533K(640K)
[53.740s][info][gc             ] GC(322) Pause Young (Allocation Failure) 8125M->8125M(9023M) 169.057ms
[53.740s][info][gc,cpu         ] GC(322) User=1.23s Sys=0.00s Real=0.17s
[53.870s][info][gc,start       ] GC(323) Pause Young (Allocation Failure)
[54.120s][info][gc,heap        ] GC(323) PSYoungGen: 445056K(445952K)->354304K(418304K) Eden: 129024K(129024K)->0K(64000K) From: 316032K(316928K)->354304K(354304K)
[54.120s][info][gc,heap        ] GC(323) ParOldGen: 8004783K(8794112K)->8096335K(8794112K)
[54.120s][info][gc,metaspace   ] GC(323) Metaspace: 6303K(6528K)->6303K(6528K) NonClass: 5769K(5888K)->5769K(5888K) Class: 533K(640K)->533K(640K)
[54.120s][info][gc             ] GC(323) Pause Young (Allocation Failure) 8251M->8252M(8996M) 249.859ms
[54.120s][info][gc,cpu         ] GC(323) User=1.67s Sys=0.22s Real=0.25s
[54.187s][info][gc,start       ] GC(324) Pause Young (Allocation Failure)
[54.410s][info][gc,heap        ] GC(324) PSYoungGen: 418304K(418304K)->184192K(248320K) Eden: 64000K(64000K)->0K(64000K) From: 354304K(354304K)->184192K(184320K)
[54.410s][info][gc,heap        ] GC(324) ParOldGen: 8096335K(8794112K)->8332367K(8794112K)
[54.410s][info][gc,metaspace   ] GC(324) Metaspace: 6303K(6528K)->6303K(6528K) NonClass: 5769K(5888K)->5769K(5888K) Class: 533K(640K)->533K(640K)
[54.410s][info][gc             ] GC(324) Pause Young (Allocation Failure) 8315M->8316M(8830M) 222.865ms
[54.410s][info][gc,cpu         ] GC(324) User=1.48s Sys=0.12s Real=0.22s
[54.479s][info][gc,start       ] GC(325) Pause Young (Allocation Failure)
[54.618s][info][gc,heap        ] GC(325) PSYoungGen: 248192K(248320K)->128320K(477696K) Eden: 64000K(64000K)->0K(72192K) From: 184192K(184320K)->128320K(405504K)
[54.618s][info][gc,heap        ] GC(325) ParOldGen: 8332367K(8794112K)->8453199K(8794112K)
[54.619s][info][gc,metaspace   ] GC(325) Metaspace: 6303K(6528K)->6303K(6528K) NonClass: 5769K(5888K)->5769K(5888K) Class: 533K(640K)->533K(640K)
[54.619s][info][gc             ] GC(325) Pause Young (Allocation Failure) 8379M->8380M(9054M) 139.588ms
[54.619s][info][gc,cpu         ] GC(325) User=0.83s Sys=0.06s Real=0.14s
[54.688s][info][gc,start       ] GC(326) Pause Young (Allocation Failure)
[54.821s][info][gc,heap        ] GC(326) PSYoungGen: 200512K(477696K)->72480K(482816K) Eden: 72192K(72192K)->0K(72192K) From: 128320K(405504K)->72480K(410624K)
[54.821s][info][gc,heap        ] GC(326) ParOldGen: 8453199K(8794112K)->8582335K(8794112K)
[54.821s][info][gc,metaspace   ] GC(326) Metaspace: 6303K(6528K)->6303K(6528K) NonClass: 5769K(5888K)->5769K(5888K) Class: 533K(640K)->533K(640K)
[54.821s][info][gc             ] GC(326) Pause Young (Allocation Failure) 8450M->8451M(9059M) 132.610ms
[54.821s][info][gc,cpu         ] GC(326) User=0.67s Sys=0.03s Real=0.13s
[54.821s][info][gc,start       ] GC(327) Pause Full (Ergonomics)
[54.821s][info][gc,phases,start] GC(327) Marking Phase
[56.761s][info][gc,phases      ] GC(327) Marking Phase 1940.574ms
[56.761s][info][gc,phases,start] GC(327) Summary Phase
[56.761s][info][gc,phases      ] GC(327) Summary Phase 0.135ms
[56.762s][info][gc,phases,start] GC(327) Adjust Roots
[56.762s][info][gc,phases      ] GC(327) Adjust Roots 0.193ms
[56.762s][info][gc,phases,start] GC(327) Compaction Phase
[57.476s][info][gc,phases      ] GC(327) Compaction Phase 713.897ms
[57.476s][info][gc,phases,start] GC(327) Post Compact
[57.488s][info][gc,phases      ] GC(327) Post Compact 12.568ms
[57.490s][info][gc,heap        ] GC(327) PSYoungGen: 72480K(482816K)->0K(494080K) Eden: 0K(72192K)->0K(81408K) From: 72480K(410624K)->0K(412672K)
[57.490s][info][gc,heap        ] GC(327) ParOldGen: 8582335K(8794112K)->8648421K(9352704K)
[57.490s][info][gc,metaspace   ] GC(327) Metaspace: 6303K(6528K)->6303K(6528K) NonClass: 5769K(5888K)->5769K(5888K) Class: 533K(640K)->533K(640K)
[57.490s][info][gc             ] GC(327) Pause Full (Ergonomics) 8451M->8445M(9616M) 2669.390ms
[57.490s][info][gc,cpu         ] GC(327) User=19.73s Sys=0.09s Real=2.67s
[57.572s][info][gc,start       ] GC(328) Pause Young (Allocation Failure)
[57.661s][info][gc,heap        ] GC(328) PSYoungGen: 81408K(494080K)->81664K(494080K) Eden: 81408K(81408K)->0K(81408K) From: 0K(412672K)->81664K(412672K)
[57.661s][info][gc,heap        ] GC(328) ParOldGen: 8648421K(9352704K)->8648421K(9352704K)
[57.661s][info][gc,metaspace   ] GC(328) Metaspace: 6303K(6528K)->6303K(6528K) NonClass: 5769K(5888K)->5769K(5888K) Class: 533K(640K)->533K(640K)
[57.661s][info][gc             ] GC(328) Pause Young (Allocation Failure) 8525M->8525M(9616M) 89.303ms
[57.661s][info][gc,cpu         ] GC(328) User=0.33s Sys=0.00s Real=0.09s
[57.754s][info][gc,start       ] GC(329) Pause Young (Allocation Failure)
[57.867s][info][gc,heap        ] GC(329) PSYoungGen: 163072K(494080K)->163200K(459264K) Eden: 81408K(81408K)->0K(89600K) From: 81664K(412672K)->163200K(369664K)
[57.867s][info][gc,heap        ] GC(329) ParOldGen: 8648421K(9352704K)->8648421K(9352704K)
[57.867s][info][gc,metaspace   ] GC(329) Metaspace: 6303K(6528K)->6303K(6528K) NonClass: 5769K(5888K)->5769K(5888K) Class: 533K(640K)->533K(640K)
[57.867s][info][gc             ] GC(329) Pause Young (Allocation Failure) 8604M->8605M(9582M) 112.884ms
[57.867s][info][gc,cpu         ] GC(329) User=0.47s Sys=0.00s Real=0.11s
[57.957s][info][gc,start       ] GC(330) Pause Young (Allocation Failure)
[58.098s][info][gc,heap        ] GC(330) PSYoungGen: 252800K(459264K)->252992K(479232K) Eden: 89600K(89600K)->0K(89600K) From: 163200K(369664K)->252992K(389632K)
[58.098s][info][gc,heap        ] GC(330) ParOldGen: 8648421K(9352704K)->8648421K(9352704K)
[58.098s][info][gc,metaspace   ] GC(330) Metaspace: 6303K(6528K)->6303K(6528K) NonClass: 5769K(5888K)->5769K(5888K) Class: 533K(640K)->533K(640K)
[58.098s][info][gc             ] GC(330) Pause Young (Allocation Failure) 8692M->8692M(9601M) 140.931ms
[58.098s][info][gc,cpu         ] GC(330) User=0.69s Sys=0.00s Real=0.14s
[58.199s][info][gc,start       ] GC(331) Pause Young (Allocation Failure)
[58.382s][info][gc,heap        ] GC(331) PSYoungGen: 342592K(479232K)->261216K(488448K) Eden: 89600K(89600K)->0K(92672K) From: 252992K(389632K)->261216K(395776K)
[58.382s][info][gc,heap        ] GC(331) ParOldGen: 8648421K(9352704K)->8730565K(9352704K)
[58.382s][info][gc,metaspace   ] GC(331) Metaspace: 6303K(6528K)->6303K(6528K) NonClass: 5769K(5888K)->5769K(5888K) Class: 533K(640K)->533K(640K)
[58.382s][info][gc             ] GC(331) Pause Young (Allocation Failure) 8780M->8781M(9610M) 183.488ms
[58.382s][info][gc,cpu         ] GC(331) User=1.33s Sys=0.05s Real=0.18s
[58.483s][info][gc,start       ] GC(332) Pause Young (Allocation Failure)
[58.676s][info][gc,heap        ] GC(332) PSYoungGen: 353888K(488448K)->272480K(495104K) Eden: 92672K(92672K)->0K(92672K) From: 261216K(395776K)->272480K(402432K)
[58.676s][info][gc,heap        ] GC(332) ParOldGen: 8730565K(9352704K)->8812701K(9352704K)
[58.676s][info][gc,metaspace   ] GC(332) Metaspace: 6303K(6528K)->6303K(6528K) NonClass: 5769K(5888K)->5769K(5888K) Class: 533K(640K)->533K(640K)
[58.676s][info][gc             ] GC(332) Pause Young (Allocation Failure) 8871M->8872M(9617M) 192.992ms
[58.676s][info][gc,cpu         ] GC(332) User=1.23s Sys=0.08s Real=0.19s
[58.776s][info][gc,start       ] GC(333) Pause Young (Allocation Failure)
[58.968s][info][gc,heap        ] GC(333) PSYoungGen: 365152K(495104K)->275552K(507904K) Eden: 92672K(92672K)->0K(97280K) From: 272480K(402432K)->275552K(410624K)
[58.968s][info][gc,heap        ] GC(333) ParOldGen: 8812701K(9352704K)->8903101K(9352704K)
[58.968s][info][gc,metaspace   ] GC(333) Metaspace: 6303K(6528K)->6303K(6528K) NonClass: 5769K(5888K)->5769K(5888K) Class: 533K(640K)->533K(640K)
[58.968s][info][gc             ] GC(333) Pause Young (Allocation Failure) 8962M->8963M(9629M) 191.792ms
[58.968s][info][gc,cpu         ] GC(333) User=1.38s Sys=0.05s Real=0.19s
[59.083s][info][gc,start       ] GC(334) Pause Young (Allocation Failure)
[59.279s][info][gc,heap        ] GC(334) PSYoungGen: 372832K(507904K)->283296K(514560K) Eden: 97280K(97280K)->0K(97280K) From: 275552K(410624K)->283296K(417280K)
[59.279s][info][gc,heap        ] GC(334) ParOldGen: 8903101K(9352704K)->8993517K(9352704K)
[59.279s][info][gc,metaspace   ] GC(334) Metaspace: 6303K(6528K)->6303K(6528K) NonClass: 5769K(5888K)->5769K(5888K) Class: 533K(640K)->533K(640K)
[59.279s][info][gc             ] GC(334) Pause Young (Allocation Failure) 9058M->9059M(9636M) 195.889ms
[59.279s][info][gc,cpu         ] GC(334) User=1.36s Sys=0.05s Real=0.20s
[59.379s][info][gc,start       ] GC(335) Pause Young (Allocation Failure)
[59.590s][info][gc,heap        ] GC(335) PSYoungGen: 380576K(514560K)->195072K(499200K) Eden: 97280K(97280K)->0K(109568K) From: 283296K(417280K)->195072K(389632K)
[59.590s][info][gc,heap        ] GC(335) ParOldGen: 8993517K(9352704K)->9180509K(9352704K)
[59.590s][info][gc,metaspace   ] GC(335) Metaspace: 6303K(6528K)->6303K(6528K) NonClass: 5769K(5888K)->5769K(5888K) Class: 533K(640K)->533K(640K)
[59.590s][info][gc             ] GC(335) Pause Young (Allocation Failure) 9154M->9155M(9621M) 210.509ms
[59.590s][info][gc,cpu         ] GC(335) User=1.41s Sys=0.12s Real=0.21s
[59.590s][info][gc,start       ] GC(336) Pause Full (Ergonomics)
[59.590s][info][gc,phases,start] GC(336) Marking Phase
[61.707s][info][gc,phases      ] GC(336) Marking Phase 2117.255ms
[61.707s][info][gc,phases,start] GC(336) Summary Phase
[61.707s][info][gc,phases      ] GC(336) Summary Phase 0.098ms
[61.707s][info][gc,phases,start] GC(336) Adjust Roots
[61.708s][info][gc,phases      ] GC(336) Adjust Roots 0.197ms
[61.708s][info][gc,phases,start] GC(336) Compaction Phase
[62.394s][info][gc,phases      ] GC(336) Compaction Phase 686.540ms
[62.394s][info][gc,phases,start] GC(336) Post Compact
[62.408s][info][gc,phases      ] GC(336) Post Compact 13.839ms
[62.408s][info][gc,heap        ] GC(336) PSYoungGen: 195072K(499200K)->17723K(513024K) Eden: 0K(109568K)->0K(123392K) From: 195072K(389632K)->17723K(389632K)
[62.408s][info][gc,heap        ] GC(336) ParOldGen: 9180509K(9352704K)->9352361K(9352704K)
[62.408s][info][gc,metaspace   ] GC(336) Metaspace: 6303K(6528K)->6303K(6528K) NonClass: 5769K(5888K)->5769K(5888K) Class: 533K(640K)->533K(640K)
[62.408s][info][gc             ] GC(336) Pause Full (Ergonomics) 9155M->9150M(9634M) 2818.322ms
[62.408s][info][gc,cpu         ] GC(336) User=21.69s Sys=0.03s Real=2.82s
[62.549s][info][gc,start       ] GC(337) Pause Full (Ergonomics)
[62.549s][info][gc,phases,start] GC(337) Marking Phase
[64.691s][info][gc,phases      ] GC(337) Marking Phase 2141.422ms
[64.691s][info][gc,phases,start] GC(337) Summary Phase
[64.691s][info][gc,phases      ] GC(337) Summary Phase 0.095ms
[64.691s][info][gc,phases,start] GC(337) Adjust Roots
[64.691s][info][gc,phases      ] GC(337) Adjust Roots 0.189ms
[64.691s][info][gc,phases,start] GC(337) Compaction Phase
[65.266s][info][gc,phases      ] GC(337) Compaction Phase 575.203ms
[65.266s][info][gc,phases,start] GC(337) Post Compact
[65.280s][info][gc,phases      ] GC(337) Post Compact 13.699ms
[65.280s][info][gc,heap        ] GC(337) PSYoungGen: 141115K(513024K)->141084K(513024K) Eden: 123392K(123392K)->123360K(123392K) From: 17723K(389632K)->17723K(389632K)
[65.280s][info][gc,heap        ] GC(337) ParOldGen: 9352361K(9352704K)->9352361K(9352704K)
[65.280s][info][gc,metaspace   ] GC(337) Metaspace: 6303K(6528K)->6303K(6528K) NonClass: 5769K(5888K)->5769K(5888K) Class: 533K(640K)->533K(640K)
[65.280s][info][gc             ] GC(337) Pause Full (Ergonomics) 9270M->9270M(9634M) 2731.030ms
[65.280s][info][gc,cpu         ] GC(337) User=20.73s Sys=0.02s Real=2.73s
[65.280s][info][gc,start       ] GC(338) Pause Full (Ergonomics)
[65.281s][info][gc,phases,start] GC(338) Marking Phase
[67.426s][info][gc,phases      ] GC(338) Marking Phase 2145.917ms
[67.427s][info][gc,phases,start] GC(338) Summary Phase
[67.427s][info][gc,phases      ] GC(338) Summary Phase 0.090ms
[67.427s][info][gc,phases,start] GC(338) Adjust Roots
[67.427s][info][gc,phases      ] GC(338) Adjust Roots 0.168ms
[67.427s][info][gc,phases,start] GC(338) Compaction Phase
[67.990s][info][gc,phases      ] GC(338) Compaction Phase 563.396ms
[67.990s][info][gc,phases,start] GC(338) Post Compact
[68.004s][info][gc,phases      ] GC(338) Post Compact 13.559ms
[68.004s][info][gc,heap        ] GC(338) PSYoungGen: 141115K(513024K)->141115K(513024K) Eden: 123392K(123392K)->123391K(123392K) From: 17723K(389632K)->17723K(389632K)
[68.004s][info][gc,heap        ] GC(338) ParOldGen: 9352361K(9352704K)->9352361K(9352704K)
[68.004s][info][gc,metaspace   ] GC(338) Metaspace: 6303K(6528K)->6303K(6528K) NonClass: 5769K(5888K)->5769K(5888K) Class: 533K(640K)->533K(640K)
[68.004s][info][gc             ] GC(338) Pause Full (Ergonomics) 9270M->9270M(9634M) 2723.485ms
[68.004s][info][gc,cpu         ] GC(338) User=20.73s Sys=0.00s Real=2.72s
[68.004s][info][gc,start       ] GC(339) Pause Full (Ergonomics)
[68.004s][info][gc,phases,start] GC(339) Marking Phase
[70.121s][info][gc,phases      ] GC(339) Marking Phase 2117.176ms
[70.121s][info][gc,phases,start] GC(339) Summary Phase
[70.122s][info][gc,phases      ] GC(339) Summary Phase 0.089ms
[70.122s][info][gc,phases,start] GC(339) Adjust Roots
[70.122s][info][gc,phases      ] GC(339) Adjust Roots 0.168ms
[70.122s][info][gc,phases,start] GC(339) Compaction Phase
[70.686s][info][gc,phases      ] GC(339) Compaction Phase 564.094ms
[70.686s][info][gc,phases,start] GC(339) Post Compact
[70.700s][info][gc,phases      ] GC(339) Post Compact 13.659ms
[70.700s][info][gc,heap        ] GC(339) PSYoungGen: 141115K(513024K)->141115K(513024K) Eden: 123392K(123392K)->123392K(123392K) From: 17723K(389632K)->17723K(389632K)
[70.700s][info][gc,heap        ] GC(339) ParOldGen: 9352361K(9352704K)->9352361K(9352704K)
[70.700s][info][gc,metaspace   ] GC(339) Metaspace: 6303K(6528K)->6303K(6528K) NonClass: 5769K(5888K)->5769K(5888K) Class: 533K(640K)->533K(640K)
[70.700s][info][gc             ] GC(339) Pause Full (Ergonomics) 9270M->9270M(9634M) 2695.527ms
[70.700s][info][gc,cpu         ] GC(339) User=20.61s Sys=0.00s Real=2.69s
[70.700s][info][gc,start       ] GC(340) Pause Full (Ergonomics)
[70.700s][info][gc,phases,start] GC(340) Marking Phase
[72.847s][info][gc,phases      ] GC(340) Marking Phase 2147.265ms
[72.847s][info][gc,phases,start] GC(340) Summary Phase
[72.847s][info][gc,phases      ] GC(340) Summary Phase 0.089ms
[72.847s][info][gc,phases,start] GC(340) Adjust Roots
[72.847s][info][gc,phases      ] GC(340) Adjust Roots 0.163ms
[72.848s][info][gc,phases,start] GC(340) Compaction Phase
[73.408s][info][gc,phases      ] GC(340) Compaction Phase 560.505ms
[73.408s][info][gc,phases,start] GC(340) Post Compact
[73.422s][info][gc,phases      ] GC(340) Post Compact 13.813ms
[73.422s][info][gc,heap        ] GC(340) PSYoungGen: 141115K(513024K)->141115K(513024K) Eden: 123392K(123392K)->123392K(123392K) From: 17723K(389632K)->17723K(389632K)
[73.422s][info][gc,heap        ] GC(340) ParOldGen: 9352366K(9352704K)->9352366K(9352704K)
[73.422s][info][gc,metaspace   ] GC(340) Metaspace: 6303K(6528K)->6303K(6528K) NonClass: 5769K(5888K)->5769K(5888K) Class: 533K(640K)->533K(640K)
[73.422s][info][gc             ] GC(340) Pause Full (Ergonomics) 9270M->9270M(9634M) 2722.181ms
[73.422s][info][gc,cpu         ] GC(340) User=20.81s Sys=0.02s Real=2.72s
[73.422s][info][gc,start       ] GC(341) Pause Full (Ergonomics)
[73.422s][info][gc,phases,start] GC(341) Marking Phase
[75.504s][info][gc,phases      ] GC(341) Marking Phase 2081.927ms
[75.504s][info][gc,phases,start] GC(341) Summary Phase
[75.504s][info][gc,phases      ] GC(341) Summary Phase 0.089ms
[75.504s][info][gc,phases,start] GC(341) Adjust Roots
[75.505s][info][gc,phases      ] GC(341) Adjust Roots 0.163ms
[75.505s][info][gc,phases,start] GC(341) Compaction Phase
[76.064s][info][gc,phases      ] GC(341) Compaction Phase 559.660ms
[76.064s][info][gc,phases,start] GC(341) Post Compact
[76.078s][info][gc,phases      ] GC(341) Post Compact 13.628ms
[76.078s][info][gc,heap        ] GC(341) PSYoungGen: 141115K(513024K)->141115K(513024K) Eden: 123392K(123392K)->123392K(123392K) From: 17723K(389632K)->17723K(389632K)
[76.078s][info][gc,heap        ] GC(341) ParOldGen: 9352371K(9352704K)->9352371K(9352704K)
[76.078s][info][gc,metaspace   ] GC(341) Metaspace: 6303K(6528K)->6303K(6528K) NonClass: 5769K(5888K)->5769K(5888K) Class: 533K(640K)->533K(640K)
[76.078s][info][gc             ] GC(341) Pause Full (Ergonomics) 9270M->9270M(9634M) 2655.805ms
[76.078s][info][gc,cpu         ] GC(341) User=20.33s Sys=0.02s Real=2.65s
[76.078s][info][gc,start       ] GC(342) Pause Full (Ergonomics)
[76.078s][info][gc,phases,start] GC(342) Marking Phase
[78.204s][info][gc,phases      ] GC(342) Marking Phase 2125.426ms
[78.204s][info][gc,phases,start] GC(342) Summary Phase
[78.204s][info][gc,phases      ] GC(342) Summary Phase 0.089ms
[78.204s][info][gc,phases,start] GC(342) Adjust Roots
[78.204s][info][gc,phases      ] GC(342) Adjust Roots 0.165ms
[78.204s][info][gc,phases,start] GC(342) Compaction Phase
[78.762s][info][gc,phases      ] GC(342) Compaction Phase 558.263ms
[78.762s][info][gc,phases,start] GC(342) Post Compact
[78.776s][info][gc,phases      ] GC(342) Post Compact 13.642ms
[78.776s][info][gc,heap        ] GC(342) PSYoungGen: 141115K(513024K)->141115K(513024K) Eden: 123392K(123392K)->123392K(123392K) From: 17723K(389632K)->17723K(389632K)
[78.776s][info][gc,heap        ] GC(342) ParOldGen: 9352376K(9352704K)->9352376K(9352704K)
[78.776s][info][gc,metaspace   ] GC(342) Metaspace: 6303K(6528K)->6303K(6528K) NonClass: 5769K(5888K)->5769K(5888K) Class: 533K(640K)->533K(640K)
[78.776s][info][gc             ] GC(342) Pause Full (Ergonomics) 9270M->9270M(9634M) 2697.920ms
[78.776s][info][gc,cpu         ] GC(342) User=20.67s Sys=0.03s Real=2.70s
[78.776s][info][gc,start       ] GC(343) Pause Full (Ergonomics)
[78.776s][info][gc,phases,start] GC(343) Marking Phase
[80.862s][info][gc,phases      ] GC(343) Marking Phase 2085.794ms
[80.862s][info][gc,phases,start] GC(343) Summary Phase
[80.862s][info][gc,phases      ] GC(343) Summary Phase 0.089ms
[80.862s][info][gc,phases,start] GC(343) Adjust Roots
[80.863s][info][gc,phases      ] GC(343) Adjust Roots 0.165ms
[80.863s][info][gc,phases,start] GC(343) Compaction Phase
[81.426s][info][gc,phases      ] GC(343) Compaction Phase 563.769ms
[81.426s][info][gc,phases,start] GC(343) Post Compact
[81.440s][info][gc,phases      ] GC(343) Post Compact 13.671ms
[81.440s][info][gc,heap        ] GC(343) PSYoungGen: 141115K(513024K)->141115K(513024K) Eden: 123392K(123392K)->123392K(123392K) From: 17723K(389632K)->17723K(389632K)
[81.440s][info][gc,heap        ] GC(343) ParOldGen: 9352381K(9352704K)->9352381K(9352704K)
[81.440s][info][gc,metaspace   ] GC(343) Metaspace: 6303K(6528K)->6303K(6528K) NonClass: 5769K(5888K)->5769K(5888K) Class: 533K(640K)->533K(640K)
[81.440s][info][gc             ] GC(343) Pause Full (Ergonomics) 9270M->9270M(9634M) 2663.834ms
[81.440s][info][gc,cpu         ] GC(343) User=20.58s Sys=0.00s Real=2.66s
[81.440s][info][gc,start       ] GC(344) Pause Full (Ergonomics)
[81.441s][info][gc,phases,start] GC(344) Marking Phase
[83.546s][info][gc,phases      ] GC(344) Marking Phase 2105.258ms
[83.546s][info][gc,phases,start] GC(344) Summary Phase
[83.546s][info][gc,phases      ] GC(344) Summary Phase 0.098ms
[83.546s][info][gc,phases,start] GC(344) Adjust Roots
[83.546s][info][gc,phases      ] GC(344) Adjust Roots 0.204ms
[83.546s][info][gc,phases,start] GC(344) Compaction Phase
[84.115s][info][gc,phases      ] GC(344) Compaction Phase 568.630ms
[84.115s][info][gc,phases,start] GC(344) Post Compact
[84.129s][info][gc,phases      ] GC(344) Post Compact 13.607ms
[84.129s][info][gc,heap        ] GC(344) PSYoungGen: 141115K(513024K)->141115K(513024K) Eden: 123392K(123392K)->123392K(123392K) From: 17723K(389632K)->17723K(389632K)
[84.129s][info][gc,heap        ] GC(344) ParOldGen: 9352386K(9352704K)->9352386K(9352704K)
[84.129s][info][gc,metaspace   ] GC(344) Metaspace: 6303K(6528K)->6303K(6528K) NonClass: 5769K(5888K)->5769K(5888K) Class: 533K(640K)->533K(640K)
[84.129s][info][gc             ] GC(344) Pause Full (Ergonomics) 9270M->9270M(9634M) 2688.136ms
[84.129s][info][gc,cpu         ] GC(344) User=20.58s Sys=0.02s Real=2.69s
[84.129s][info][gc,start       ] GC(345) Pause Full (Ergonomics)
[84.129s][info][gc,phases,start] GC(345) Marking Phase
[86.279s][info][gc,phases      ] GC(345) Marking Phase 2149.663ms
[86.279s][info][gc,phases,start] GC(345) Summary Phase
[86.279s][info][gc,phases      ] GC(345) Summary Phase 0.089ms
[86.279s][info][gc,phases,start] GC(345) Adjust Roots
[86.279s][info][gc,phases      ] GC(345) Adjust Roots 0.169ms
[86.279s][info][gc,phases,start] GC(345) Compaction Phase
[86.843s][info][gc,phases      ] GC(345) Compaction Phase 564.414ms
[86.843s][info][gc,phases,start] GC(345) Post Compact
[86.857s][info][gc,phases      ] GC(345) Post Compact 13.591ms
[86.857s][info][gc,heap        ] GC(345) PSYoungGen: 141115K(513024K)->141115K(513024K) Eden: 123392K(123392K)->123392K(123392K) From: 17723K(389632K)->17723K(389632K)
[86.857s][info][gc,heap        ] GC(345) ParOldGen: 9352390K(9352704K)->9352390K(9352704K)
[86.857s][info][gc,metaspace   ] GC(345) Metaspace: 6303K(6528K)->6303K(6528K) NonClass: 5769K(5888K)->5769K(5888K) Class: 533K(640K)->533K(640K)
[86.857s][info][gc             ] GC(345) Pause Full (Ergonomics) 9271M->9271M(9634M) 2728.239ms
[86.857s][info][gc,cpu         ] GC(345) User=20.97s Sys=0.02s Real=2.73s
[86.857s][info][gc,start       ] GC(346) Pause Full (Ergonomics)
[86.857s][info][gc,phases,start] GC(346) Marking Phase
[88.949s][info][gc,phases      ] GC(346) Marking Phase 2092.069ms
[88.949s][info][gc,phases,start] GC(346) Summary Phase
[88.950s][info][gc,phases      ] GC(346) Summary Phase 0.089ms
[88.950s][info][gc,phases,start] GC(346) Adjust Roots
[88.950s][info][gc,phases      ] GC(346) Adjust Roots 0.163ms
[88.950s][info][gc,phases,start] GC(346) Compaction Phase
[89.505s][info][gc,phases      ] GC(346) Compaction Phase 555.721ms
[89.506s][info][gc,phases,start] GC(346) Post Compact
[89.519s][info][gc,phases      ] GC(346) Post Compact 13.641ms
[89.519s][info][gc,heap        ] GC(346) PSYoungGen: 141115K(513024K)->141115K(513024K) Eden: 123392K(123392K)->123392K(123392K) From: 17723K(389632K)->17723K(389632K)
[89.519s][info][gc,heap        ] GC(346) ParOldGen: 9352395K(9352704K)->9352395K(9352704K)
[89.519s][info][gc,metaspace   ] GC(346) Metaspace: 6303K(6528K)->6303K(6528K) NonClass: 5769K(5888K)->5769K(5888K) Class: 533K(640K)->533K(640K)
[89.519s][info][gc             ] GC(346) Pause Full (Ergonomics) 9271M->9271M(9634M) 2662.037ms
[89.519s][info][gc,cpu         ] GC(346) User=20.34s Sys=0.00s Real=2.66s
[89.519s][info][gc,start       ] GC(347) Pause Full (Ergonomics)
[89.520s][info][gc,phases,start] GC(347) Marking Phase
[91.675s][info][gc,phases      ] GC(347) Marking Phase 2155.971ms
[91.676s][info][gc,phases,start] GC(347) Summary Phase
[91.676s][info][gc,phases      ] GC(347) Summary Phase 0.092ms
[91.676s][info][gc,phases,start] GC(347) Adjust Roots
[91.676s][info][gc,phases      ] GC(347) Adjust Roots 0.166ms
[91.676s][info][gc,phases,start] GC(347) Compaction Phase
[92.236s][info][gc,phases      ] GC(347) Compaction Phase 560.601ms
[92.237s][info][gc,phases,start] GC(347) Post Compact
[92.250s][info][gc,phases      ] GC(347) Post Compact 13.662ms
[92.250s][info][gc,heap        ] GC(347) PSYoungGen: 141115K(513024K)->141115K(513024K) Eden: 123392K(123392K)->123392K(123392K) From: 17723K(389632K)->17723K(389632K)
[92.250s][info][gc,heap        ] GC(347) ParOldGen: 9352400K(9352704K)->9352400K(9352704K)
[92.250s][info][gc,metaspace   ] GC(347) Metaspace: 6303K(6528K)->6303K(6528K) NonClass: 5769K(5888K)->5769K(5888K) Class: 533K(640K)->533K(640K)
[92.250s][info][gc             ] GC(347) Pause Full (Ergonomics) 9271M->9271M(9634M) 2730.822ms
[92.250s][info][gc,cpu         ] GC(347) User=21.02s Sys=0.00s Real=2.73s
[92.251s][info][gc,start       ] GC(348) Pause Full (Ergonomics)
[92.251s][info][gc,phases,start] GC(348) Marking Phase
[94.370s][info][gc,phases      ] GC(348) Marking Phase 2119.208ms
[94.370s][info][gc,phases,start] GC(348) Summary Phase
[94.370s][info][gc,phases      ] GC(348) Summary Phase 0.095ms
[94.370s][info][gc,phases,start] GC(348) Adjust Roots
[94.370s][info][gc,phases      ] GC(348) Adjust Roots 0.185ms
[94.370s][info][gc,phases,start] GC(348) Compaction Phase
[94.930s][info][gc,phases      ] GC(348) Compaction Phase 559.394ms
[94.930s][info][gc,phases,start] GC(348) Post Compact
[94.943s][info][gc,phases      ] GC(348) Post Compact 13.629ms
[94.943s][info][gc,heap        ] GC(348) PSYoungGen: 141115K(513024K)->141115K(513024K) Eden: 123392K(123392K)->123392K(123392K) From: 17723K(389632K)->17723K(389632K)
[94.943s][info][gc,heap        ] GC(348) ParOldGen: 9352405K(9352704K)->9352405K(9352704K)
[94.943s][info][gc,metaspace   ] GC(348) Metaspace: 6303K(6528K)->6303K(6528K) NonClass: 5769K(5888K)->5769K(5888K) Class: 533K(640K)->533K(640K)
[94.943s][info][gc             ] GC(348) Pause Full (Ergonomics) 9271M->9271M(9634M) 2692.840ms
[94.943s][info][gc,cpu         ] GC(348) User=20.58s Sys=0.00s Real=2.69s
[94.944s][info][gc,start       ] GC(349) Pause Full (Ergonomics)
[94.944s][info][gc,phases,start] GC(349) Marking Phase
[97.065s][info][gc,phases      ] GC(349) Marking Phase 2121.395ms
[97.065s][info][gc,phases,start] GC(349) Summary Phase
[97.065s][info][gc,phases      ] GC(349) Summary Phase 0.092ms
[97.065s][info][gc,phases,start] GC(349) Adjust Roots
[97.065s][info][gc,phases      ] GC(349) Adjust Roots 0.206ms
[97.065s][info][gc,phases,start] GC(349) Compaction Phase
[97.631s][info][gc,phases      ] GC(349) Compaction Phase 565.385ms
[97.631s][info][gc,phases,start] GC(349) Post Compact
[97.645s][info][gc,phases      ] GC(349) Post Compact 13.646ms
[97.645s][info][gc,heap        ] GC(349) PSYoungGen: 141115K(513024K)->141115K(513024K) Eden: 123392K(123392K)->123392K(123392K) From: 17723K(389632K)->17723K(389632K)
[97.645s][info][gc,heap        ] GC(349) ParOldGen: 9352410K(9352704K)->9352410K(9352704K)
[97.645s][info][gc,metaspace   ] GC(349) Metaspace: 6303K(6528K)->6303K(6528K) NonClass: 5769K(5888K)->5769K(5888K) Class: 533K(640K)->533K(640K)
[97.645s][info][gc             ] GC(349) Pause Full (Ergonomics) 9271M->9271M(9634M) 2701.063ms
[97.645s][info][gc,cpu         ] GC(349) User=20.77s Sys=0.00s Real=2.70s
[97.645s][info][gc,start       ] GC(350) Pause Full (Ergonomics)
[97.645s][info][gc,phases,start] GC(350) Marking Phase
[99.743s][info][gc,phases      ] GC(350) Marking Phase 2098.507ms
[99.743s][info][gc,phases,start] GC(350) Summary Phase
[99.744s][info][gc,phases      ] GC(350) Summary Phase 0.089ms
[99.744s][info][gc,phases,start] GC(350) Adjust Roots
[99.744s][info][gc,phases      ] GC(350) Adjust Roots 0.164ms
[99.744s][info][gc,phases,start] GC(350) Compaction Phase
[100.304s][info][gc,phases      ] GC(350) Compaction Phase 560.113ms
[100.304s][info][gc,phases,start] GC(350) Post Compact
[100.318s][info][gc,phases      ] GC(350) Post Compact 13.700ms
[100.318s][info][gc,heap        ] GC(350) PSYoungGen: 141115K(513024K)->141115K(513024K) Eden: 123392K(123392K)->123392K(123392K) From: 17723K(389632K)->17723K(389632K)
[100.318s][info][gc,heap        ] GC(350) ParOldGen: 9352415K(9352704K)->9352415K(9352704K)
[100.318s][info][gc,metaspace   ] GC(350) Metaspace: 6303K(6528K)->6303K(6528K) NonClass: 5769K(5888K)->5769K(5888K) Class: 533K(640K)->533K(640K)
[100.318s][info][gc             ] GC(350) Pause Full (Ergonomics) 9271M->9271M(9634M) 2672.945ms
[100.318s][info][gc,cpu         ] GC(350) User=20.50s Sys=0.00s Real=2.67s
[100.318s][info][gc,start       ] GC(351) Pause Full (Ergonomics)
[100.318s][info][gc,phases,start] GC(351) Marking Phase
[102.410s][info][gc,phases      ] GC(351) Marking Phase 2091.656ms
[102.410s][info][gc,phases,start] GC(351) Summary Phase
[102.410s][info][gc,phases      ] GC(351) Summary Phase 0.146ms
[102.410s][info][gc,phases,start] GC(351) Adjust Roots
[102.410s][info][gc,phases      ] GC(351) Adjust Roots 0.251ms
[102.410s][info][gc,phases,start] GC(351) Compaction Phase
[102.967s][info][gc,phases      ] GC(351) Compaction Phase 557.215ms
[102.967s][info][gc,phases,start] GC(351) Post Compact
[102.982s][info][gc,phases      ] GC(351) Post Compact 14.108ms
[102.982s][info][gc,heap        ] GC(351) PSYoungGen: 141115K(513024K)->141115K(513024K) Eden: 123392K(123392K)->123392K(123392K) From: 17723K(389632K)->17723K(389632K)
[102.982s][info][gc,heap        ] GC(351) ParOldGen: 9352419K(9352704K)->9352419K(9352704K)
[102.982s][info][gc,metaspace   ] GC(351) Metaspace: 6303K(6528K)->6303K(6528K) NonClass: 5769K(5888K)->5769K(5888K) Class: 533K(640K)->533K(640K)
[102.982s][info][gc             ] GC(351) Pause Full (Ergonomics) 9271M->9271M(9634M) 2663.758ms
[102.982s][info][gc,cpu         ] GC(351) User=20.41s Sys=0.03s Real=2.66s
[102.982s][info][gc,start       ] GC(352) Pause Full (Ergonomics)
[102.982s][info][gc,phases,start] GC(352) Marking Phase
[105.096s][info][gc,phases      ] GC(352) Marking Phase 2113.727ms
[105.096s][info][gc,phases,start] GC(352) Summary Phase
[105.096s][info][gc,phases      ] GC(352) Summary Phase 0.089ms
[105.096s][info][gc,phases,start] GC(352) Adjust Roots
[105.096s][info][gc,phases      ] GC(352) Adjust Roots 0.165ms
[105.096s][info][gc,phases,start] GC(352) Compaction Phase
[105.663s][info][gc,phases      ] GC(352) Compaction Phase 566.548ms
[105.663s][info][gc,phases,start] GC(352) Post Compact
[105.677s][info][gc,phases      ] GC(352) Post Compact 14.684ms
[105.677s][info][gc,heap        ] GC(352) PSYoungGen: 141115K(513024K)->141115K(513024K) Eden: 123392K(123392K)->123392K(123392K) From: 17723K(389632K)->17723K(389632K)
[105.677s][info][gc,heap        ] GC(352) ParOldGen: 9352424K(9352704K)->9352424K(9352704K)
[105.678s][info][gc,metaspace   ] GC(352) Metaspace: 6303K(6528K)->6303K(6528K) NonClass: 5769K(5888K)->5769K(5888K) Class: 533K(640K)->533K(640K)
[105.678s][info][gc             ] GC(352) Pause Full (Ergonomics) 9271M->9271M(9634M) 2695.566ms
[105.678s][info][gc,cpu         ] GC(352) User=20.56s Sys=0.00s Real=2.70s
[105.678s][info][gc,start       ] GC(353) Pause Full (Ergonomics)
[105.678s][info][gc,phases,start] GC(353) Marking Phase
[107.806s][info][gc,phases      ] GC(353) Marking Phase 2128.526ms
[107.806s][info][gc,phases,start] GC(353) Summary Phase
[107.806s][info][gc,phases      ] GC(353) Summary Phase 0.088ms
[107.806s][info][gc,phases,start] GC(353) Adjust Roots
[107.807s][info][gc,phases      ] GC(353) Adjust Roots 0.165ms
[107.807s][info][gc,phases,start] GC(353) Compaction Phase
[108.369s][info][gc,phases      ] GC(353) Compaction Phase 562.236ms
[108.369s][info][gc,phases,start] GC(353) Post Compact
[108.383s][info][gc,phases      ] GC(353) Post Compact 14.153ms
[108.383s][info][gc,heap        ] GC(353) PSYoungGen: 141115K(513024K)->141115K(513024K) Eden: 123392K(123392K)->123392K(123392K) From: 17723K(389632K)->17723K(389632K)
[108.383s][info][gc,heap        ] GC(353) ParOldGen: 9352429K(9352704K)->9352429K(9352704K)
[108.383s][info][gc,metaspace   ] GC(353) Metaspace: 6303K(6528K)->6303K(6528K) NonClass: 5769K(5888K)->5769K(5888K) Class: 533K(640K)->533K(640K)
[108.383s][info][gc             ] GC(353) Pause Full (Ergonomics) 9271M->9271M(9634M) 2705.544ms
[108.383s][info][gc,cpu         ] GC(353) User=20.81s Sys=0.00s Real=2.71s
[108.384s][info][gc,start       ] GC(354) Pause Full (Ergonomics)
[108.384s][info][gc,phases,start] GC(354) Marking Phase
[110.489s][info][gc,phases      ] GC(354) Marking Phase 2105.044ms
[110.489s][info][gc,phases,start] GC(354) Summary Phase
[110.489s][info][gc,phases      ] GC(354) Summary Phase 0.093ms
[110.489s][info][gc,phases,start] GC(354) Adjust Roots
[110.489s][info][gc,phases      ] GC(354) Adjust Roots 0.209ms
[110.489s][info][gc,phases,start] GC(354) Compaction Phase
[111.085s][info][gc,phases      ] GC(354) Compaction Phase 596.187ms
[111.085s][info][gc,phases,start] GC(354) Post Compact
[111.099s][info][gc,phases      ] GC(354) Post Compact 13.576ms
[111.099s][info][gc,heap        ] GC(354) PSYoungGen: 141115K(513024K)->141115K(513024K) Eden: 123392K(123392K)->123392K(123392K) From: 17723K(389632K)->17723K(389632K)
[111.099s][info][gc,heap        ] GC(354) ParOldGen: 9352434K(9352704K)->9352434K(9352704K)
[111.099s][info][gc,metaspace   ] GC(354) Metaspace: 6303K(6528K)->6303K(6528K) NonClass: 5769K(5888K)->5769K(5888K) Class: 533K(640K)->533K(640K)
[111.099s][info][gc             ] GC(354) Pause Full (Ergonomics) 9271M->9271M(9634M) 2715.466ms
[111.099s][info][gc,cpu         ] GC(354) User=20.75s Sys=0.00s Real=2.72s
[111.099s][info][gc,start       ] GC(355) Pause Full (Ergonomics)
[111.099s][info][gc,phases,start] GC(355) Marking Phase
[113.229s][info][gc,phases      ] GC(355) Marking Phase 2130.253ms
[113.230s][info][gc,phases,start] GC(355) Summary Phase
[113.230s][info][gc,phases      ] GC(355) Summary Phase 0.093ms
[113.230s][info][gc,phases,start] GC(355) Adjust Roots
[113.230s][info][gc,phases      ] GC(355) Adjust Roots 0.214ms
[113.230s][info][gc,phases,start] GC(355) Compaction Phase
[113.797s][info][gc,phases      ] GC(355) Compaction Phase 566.738ms
[113.797s][info][gc,phases,start] GC(355) Post Compact
[113.810s][info][gc,phases      ] GC(355) Post Compact 13.621ms
[113.810s][info][gc,heap        ] GC(355) PSYoungGen: 141115K(513024K)->141115K(513024K) Eden: 123392K(123392K)->123392K(123392K) From: 17723K(389632K)->17723K(389632K)
[113.810s][info][gc,heap        ] GC(355) ParOldGen: 9352439K(9352704K)->9352439K(9352704K)
[113.810s][info][gc,metaspace   ] GC(355) Metaspace: 6303K(6528K)->6303K(6528K) NonClass: 5769K(5888K)->5769K(5888K) Class: 533K(640K)->533K(640K)
[113.810s][info][gc             ] GC(355) Pause Full (Ergonomics) 9271M->9271M(9634M) 2711.257ms
[113.810s][info][gc,cpu         ] GC(355) User=20.62s Sys=0.00s Real=2.71s
[113.811s][info][gc,start       ] GC(356) Pause Full (Ergonomics)
[113.811s][info][gc,phases,start] GC(356) Marking Phase
[115.979s][info][gc,phases      ] GC(356) Marking Phase 2168.034ms
[115.979s][info][gc,phases,start] GC(356) Summary Phase
[115.979s][info][gc,phases      ] GC(356) Summary Phase 0.088ms
[115.979s][info][gc,phases,start] GC(356) Adjust Roots
[115.979s][info][gc,phases      ] GC(356) Adjust Roots 0.163ms
[115.979s][info][gc,phases,start] GC(356) Compaction Phase
[116.540s][info][gc,phases      ] GC(356) Compaction Phase 561.312ms
[116.540s][info][gc,phases,start] GC(356) Post Compact
[116.554s][info][gc,phases      ] GC(356) Post Compact 13.506ms
[116.554s][info][gc,heap        ] GC(356) PSYoungGen: 141115K(513024K)->141115K(513024K) Eden: 123392K(123392K)->123392K(123392K) From: 17723K(389632K)->17723K(389632K)
[116.554s][info][gc,heap        ] GC(356) ParOldGen: 9352444K(9352704K)->9352444K(9352704K)
[116.554s][info][gc,metaspace   ] GC(356) Metaspace: 6303K(6528K)->6303K(6528K) NonClass: 5769K(5888K)->5769K(5888K) Class: 533K(640K)->533K(640K)
[116.554s][info][gc             ] GC(356) Pause Full (Ergonomics) 9271M->9271M(9634M) 2743.460ms
[116.554s][info][gc,cpu         ] GC(356) User=21.03s Sys=0.00s Real=2.74s
[116.554s][info][gc,start       ] GC(357) Pause Full (Ergonomics)
[116.554s][info][gc,phases,start] GC(357) Marking Phase
[118.686s][info][gc,phases      ] GC(357) Marking Phase 2131.194ms
[118.686s][info][gc,phases,start] GC(357) Summary Phase
[118.686s][info][gc,phases      ] GC(357) Summary Phase 0.094ms
[118.686s][info][gc,phases,start] GC(357) Adjust Roots
[118.686s][info][gc,phases      ] GC(357) Adjust Roots 0.195ms
[118.686s][info][gc,phases,start] GC(357) Compaction Phase
[119.247s][info][gc,phases      ] GC(357) Compaction Phase 560.667ms
[119.247s][info][gc,phases,start] GC(357) Post Compact
[119.260s][info][gc,phases      ] GC(357) Post Compact 13.718ms
[119.260s][info][gc,heap        ] GC(357) PSYoungGen: 141115K(513024K)->141115K(513024K) Eden: 123392K(123392K)->123392K(123392K) From: 17723K(389632K)->17723K(389632K)
[119.261s][info][gc,heap        ] GC(357) ParOldGen: 9352448K(9352704K)->9352448K(9352704K)
[119.261s][info][gc,metaspace   ] GC(357) Metaspace: 6303K(6528K)->6303K(6528K) NonClass: 5769K(5888K)->5769K(5888K) Class: 533K(640K)->533K(640K)
[119.261s][info][gc             ] GC(357) Pause Full (Ergonomics) 9271M->9271M(9634M) 2706.230ms
[119.261s][info][gc,cpu         ] GC(357) User=20.72s Sys=0.00s Real=2.71s
[119.261s][info][gc,start       ] GC(358) Pause Full (Ergonomics)
[119.261s][info][gc,phases,start] GC(358) Marking Phase
[121.377s][info][gc,phases      ] GC(358) Marking Phase 2116.703ms
[121.378s][info][gc,phases,start] GC(358) Summary Phase
[121.378s][info][gc,phases      ] GC(358) Summary Phase 0.093ms
[121.378s][info][gc,phases,start] GC(358) Adjust Roots
[121.378s][info][gc,phases      ] GC(358) Adjust Roots 0.211ms
[121.378s][info][gc,phases,start] GC(358) Compaction Phase
[121.949s][info][gc,phases      ] GC(358) Compaction Phase 571.322ms
[121.949s][info][gc,phases,start] GC(358) Post Compact
[121.963s][info][gc,phases      ] GC(358) Post Compact 13.610ms
[121.963s][info][gc,heap        ] GC(358) PSYoungGen: 141115K(513024K)->141115K(513024K) Eden: 123392K(123392K)->123392K(123392K) From: 17723K(389632K)->17723K(389632K)
[121.963s][info][gc,heap        ] GC(358) ParOldGen: 9352453K(9352704K)->9352453K(9352704K)
[121.963s][info][gc,metaspace   ] GC(358) Metaspace: 6303K(6528K)->6303K(6528K) NonClass: 5769K(5888K)->5769K(5888K) Class: 533K(640K)->533K(640K)
[121.963s][info][gc             ] GC(358) Pause Full (Ergonomics) 9271M->9271M(9634M) 2702.268ms
[121.963s][info][gc,cpu         ] GC(358) User=20.80s Sys=0.00s Real=2.70s
[121.963s][info][gc,start       ] GC(359) Pause Full (Ergonomics)
[121.963s][info][gc,phases,start] GC(359) Marking Phase
[124.108s][info][gc,phases      ] GC(359) Marking Phase 2145.181ms
[124.108s][info][gc,phases,start] GC(359) Summary Phase
[124.109s][info][gc,phases      ] GC(359) Summary Phase 0.089ms
[124.109s][info][gc,phases,start] GC(359) Adjust Roots
[124.109s][info][gc,phases      ] GC(359) Adjust Roots 0.164ms
[124.109s][info][gc,phases,start] GC(359) Compaction Phase
[124.673s][info][gc,phases      ] GC(359) Compaction Phase 564.056ms
[124.673s][info][gc,phases,start] GC(359) Post Compact
[124.686s][info][gc,phases      ] GC(359) Post Compact 13.554ms
[124.687s][info][gc,heap        ] GC(359) PSYoungGen: 141115K(513024K)->141115K(513024K) Eden: 123392K(123392K)->123392K(123392K) From: 17723K(389632K)->17723K(389632K)
[124.687s][info][gc,heap        ] GC(359) ParOldGen: 9352458K(9352704K)->9352458K(9352704K)
[124.687s][info][gc,metaspace   ] GC(359) Metaspace: 6303K(6528K)->6303K(6528K) NonClass: 5769K(5888K)->5769K(5888K) Class: 533K(640K)->533K(640K)
[124.687s][info][gc             ] GC(359) Pause Full (Ergonomics) 9271M->9271M(9634M) 2723.367ms
[124.687s][info][gc,cpu         ] GC(359) User=20.97s Sys=0.00s Real=2.72s
[124.687s][info][gc,start       ] GC(360) Pause Full (Ergonomics)
[124.687s][info][gc,phases,start] GC(360) Marking Phase
[126.833s][info][gc,phases      ] GC(360) Marking Phase 2146.100ms
[126.833s][info][gc,phases,start] GC(360) Summary Phase
[126.833s][info][gc,phases      ] GC(360) Summary Phase 0.089ms
[126.833s][info][gc,phases,start] GC(360) Adjust Roots
[126.833s][info][gc,phases      ] GC(360) Adjust Roots 0.166ms
[126.833s][info][gc,phases,start] GC(360) Compaction Phase
[127.394s][info][gc,phases      ] GC(360) Compaction Phase 560.249ms
[127.394s][info][gc,phases,start] GC(360) Post Compact
[127.407s][info][gc,phases      ] GC(360) Post Compact 13.600ms
[127.407s][info][gc,heap        ] GC(360) PSYoungGen: 141115K(513024K)->141115K(513024K) Eden: 123392K(123392K)->123392K(123392K) From: 17723K(389632K)->17723K(389632K)
[127.407s][info][gc,heap        ] GC(360) ParOldGen: 9352463K(9352704K)->9352463K(9352704K)
[127.407s][info][gc,metaspace   ] GC(360) Metaspace: 6303K(6528K)->6303K(6528K) NonClass: 5769K(5888K)->5769K(5888K) Class: 533K(640K)->533K(640K)
[127.407s][info][gc             ] GC(360) Pause Full (Ergonomics) 9271M->9271M(9634M) 2720.568ms
[127.407s][info][gc,cpu         ] GC(360) User=20.81s Sys=0.00s Real=2.72s
[127.408s][info][gc,start       ] GC(361) Pause Full (Ergonomics)
[127.408s][info][gc,phases,start] GC(361) Marking Phase
[129.528s][info][gc,phases      ] GC(361) Marking Phase 2120.280ms
[129.528s][info][gc,phases,start] GC(361) Summary Phase
[129.528s][info][gc,phases      ] GC(361) Summary Phase 0.090ms
[129.528s][info][gc,phases,start] GC(361) Adjust Roots
[129.528s][info][gc,phases      ] GC(361) Adjust Roots 0.166ms
[129.528s][info][gc,phases,start] GC(361) Compaction Phase
[130.092s][info][gc,phases      ] GC(361) Compaction Phase 563.534ms
[130.092s][info][gc,phases,start] GC(361) Post Compact
[130.105s][info][gc,phases      ] GC(361) Post Compact 13.505ms
[130.105s][info][gc,heap        ] GC(361) PSYoungGen: 141115K(513024K)->141115K(513024K) Eden: 123392K(123392K)->123392K(123392K) From: 17723K(389632K)->17723K(389632K)
[130.105s][info][gc,heap        ] GC(361) ParOldGen: 9352468K(9352704K)->9352468K(9352704K)
[130.105s][info][gc,metaspace   ] GC(361) Metaspace: 6303K(6528K)->6303K(6528K) NonClass: 5769K(5888K)->5769K(5888K) Class: 533K(640K)->533K(640K)
[130.105s][info][gc             ] GC(361) Pause Full (Ergonomics) 9271M->9271M(9634M) 2697.918ms
[130.106s][info][gc,cpu         ] GC(361) User=20.58s Sys=0.00s Real=2.70s
[130.106s][info][gc,start       ] GC(362) Pause Full (Ergonomics)
[130.106s][info][gc,phases,start] GC(362) Marking Phase
[132.247s][info][gc,phases      ] GC(362) Marking Phase 2141.138ms
[132.247s][info][gc,phases,start] GC(362) Summary Phase
[132.247s][info][gc,phases      ] GC(362) Summary Phase 0.103ms
[132.247s][info][gc,phases,start] GC(362) Adjust Roots
[132.247s][info][gc,phases      ] GC(362) Adjust Roots 0.193ms
[132.247s][info][gc,phases,start] GC(362) Compaction Phase
[132.812s][info][gc,phases      ] GC(362) Compaction Phase 564.529ms
[132.812s][info][gc,phases,start] GC(362) Post Compact
[132.826s][info][gc,phases      ] GC(362) Post Compact 13.975ms
[132.826s][info][gc,heap        ] GC(362) PSYoungGen: 141115K(513024K)->141115K(513024K) Eden: 123392K(123392K)->123392K(123392K) From: 17723K(389632K)->17723K(389632K)
[132.826s][info][gc,heap        ] GC(362) ParOldGen: 9352473K(9352704K)->9352473K(9352704K)
[132.826s][info][gc,metaspace   ] GC(362) Metaspace: 6303K(6528K)->6303K(6528K) NonClass: 5769K(5888K)->5769K(5888K) Class: 533K(640K)->533K(640K)
[132.826s][info][gc             ] GC(362) Pause Full (Ergonomics) 9271M->9271M(9634M) 2720.291ms
[132.826s][info][gc,cpu         ] GC(362) User=20.61s Sys=0.00s Real=2.72s
[132.826s][info][gc,start       ] GC(363) Pause Full (Ergonomics)
[132.826s][info][gc,phases,start] GC(363) Marking Phase
[134.960s][info][gc,phases      ] GC(363) Marking Phase 2133.448ms
[134.960s][info][gc,phases,start] GC(363) Summary Phase
[134.960s][info][gc,phases      ] GC(363) Summary Phase 0.092ms
[134.960s][info][gc,phases,start] GC(363) Adjust Roots
[134.960s][info][gc,phases      ] GC(363) Adjust Roots 0.180ms
[134.960s][info][gc,phases,start] GC(363) Compaction Phase
[135.526s][info][gc,phases      ] GC(363) Compaction Phase 566.318ms
[135.526s][info][gc,phases,start] GC(363) Post Compact
[135.540s][info][gc,phases      ] GC(363) Post Compact 13.561ms
[135.540s][info][gc,heap        ] GC(363) PSYoungGen: 141115K(513024K)->141115K(513024K) Eden: 123392K(123392K)->123392K(123392K) From: 17723K(389632K)->17723K(389632K)
[135.540s][info][gc,heap        ] GC(363) ParOldGen: 9352477K(9352704K)->9352477K(9352704K)
[135.540s][info][gc,metaspace   ] GC(363) Metaspace: 6303K(6528K)->6303K(6528K) NonClass: 5769K(5888K)->5769K(5888K) Class: 533K(640K)->533K(640K)
[135.540s][info][gc             ] GC(363) Pause Full (Ergonomics) 9271M->9271M(9634M) 2713.945ms
[135.540s][info][gc,cpu         ] GC(363) User=20.67s Sys=0.05s Real=2.72s
[135.540s][info][gc,start       ] GC(364) Pause Full (Ergonomics)
[135.540s][info][gc,phases,start] GC(364) Marking Phase
[137.679s][info][gc,phases      ] GC(364) Marking Phase 2138.622ms
[137.679s][info][gc,phases,start] GC(364) Summary Phase
[137.679s][info][gc,phases      ] GC(364) Summary Phase 0.089ms
[137.679s][info][gc,phases,start] GC(364) Adjust Roots
[137.679s][info][gc,phases      ] GC(364) Adjust Roots 0.165ms
[137.679s][info][gc,phases,start] GC(364) Compaction Phase
[138.240s][info][gc,phases      ] GC(364) Compaction Phase 560.821ms
[138.240s][info][gc,phases,start] GC(364) Post Compact
[138.254s][info][gc,phases      ] GC(364) Post Compact 13.593ms
[138.254s][info][gc,heap        ] GC(364) PSYoungGen: 141115K(513024K)->141115K(513024K) Eden: 123392K(123392K)->123392K(123392K) From: 17723K(389632K)->17723K(389632K)
[138.254s][info][gc,heap        ] GC(364) ParOldGen: 9352482K(9352704K)->9352482K(9352704K)
[138.254s][info][gc,metaspace   ] GC(364) Metaspace: 6303K(6528K)->6303K(6528K) NonClass: 5769K(5888K)->5769K(5888K) Class: 533K(640K)->533K(640K)
[138.254s][info][gc             ] GC(364) Pause Full (Ergonomics) 9271M->9271M(9634M) 2713.631ms
[138.254s][info][gc,cpu         ] GC(364) User=20.88s Sys=0.00s Real=2.71s
[138.254s][info][gc,start       ] GC(365) Pause Full (Ergonomics)
[138.254s][info][gc,phases,start] GC(365) Marking Phase
[140.360s][info][gc,phases      ] GC(365) Marking Phase 2106.148ms
[140.360s][info][gc,phases,start] GC(365) Summary Phase
[140.361s][info][gc,phases      ] GC(365) Summary Phase 0.089ms
[140.361s][info][gc,phases,start] GC(365) Adjust Roots
[140.361s][info][gc,phases      ] GC(365) Adjust Roots 0.167ms
[140.361s][info][gc,phases,start] GC(365) Compaction Phase
[140.921s][info][gc,phases      ] GC(365) Compaction Phase 560.061ms
[140.921s][info][gc,phases,start] GC(365) Post Compact
[140.934s][info][gc,phases      ] GC(365) Post Compact 13.535ms
[140.934s][info][gc,heap        ] GC(365) PSYoungGen: 141115K(513024K)->141115K(513024K) Eden: 123392K(123392K)->123392K(123392K) From: 17723K(389632K)->17723K(389632K)
[140.934s][info][gc,heap        ] GC(365) ParOldGen: 9352487K(9352704K)->9352487K(9352704K)
[140.935s][info][gc,metaspace   ] GC(365) Metaspace: 6303K(6528K)->6303K(6528K) NonClass: 5769K(5888K)->5769K(5888K) Class: 533K(640K)->533K(640K)
[140.935s][info][gc             ] GC(365) Pause Full (Ergonomics) 9271M->9271M(9634M) 2680.345ms
[140.935s][info][gc,cpu         ] GC(365) User=20.53s Sys=0.00s Real=2.68s
[140.935s][info][gc,start       ] GC(366) Pause Full (Ergonomics)
[140.935s][info][gc,phases,start] GC(366) Marking Phase
[143.053s][info][gc,phases      ] GC(366) Marking Phase 2118.015ms
[143.053s][info][gc,phases,start] GC(366) Summary Phase
[143.053s][info][gc,phases      ] GC(366) Summary Phase 0.089ms
[143.053s][info][gc,phases,start] GC(366) Adjust Roots
[143.053s][info][gc,phases      ] GC(366) Adjust Roots 0.164ms
[143.053s][info][gc,phases,start] GC(366) Compaction Phase
[143.616s][info][gc,phases      ] GC(366) Compaction Phase 563.143ms
[143.616s][info][gc,phases,start] GC(366) Post Compact
[143.630s][info][gc,phases      ] GC(366) Post Compact 13.643ms
[143.630s][info][gc,heap        ] GC(366) PSYoungGen: 141115K(513024K)->141115K(513024K) Eden: 123392K(123392K)->123392K(123392K) From: 17723K(389632K)->17723K(389632K)
[143.630s][info][gc,heap        ] GC(366) ParOldGen: 9352492K(9352704K)->9352492K(9352704K)
[143.630s][info][gc,metaspace   ] GC(366) Metaspace: 6303K(6528K)->6303K(6528K) NonClass: 5769K(5888K)->5769K(5888K) Class: 533K(640K)->533K(640K)
[143.630s][info][gc             ] GC(366) Pause Full (Ergonomics) 9271M->9271M(9634M) 2695.396ms
[143.630s][info][gc,cpu         ] GC(366) User=20.70s Sys=0.00s Real=2.69s
[143.630s][info][gc,start       ] GC(367) Pause Full (Ergonomics)
[143.630s][info][gc,phases,start] GC(367) Marking Phase
[145.729s][info][gc,phases      ] GC(367) Marking Phase 2098.925ms
[145.729s][info][gc,phases,start] GC(367) Summary Phase
[145.729s][info][gc,phases      ] GC(367) Summary Phase 0.088ms
[145.729s][info][gc,phases,start] GC(367) Adjust Roots
[145.730s][info][gc,phases      ] GC(367) Adjust Roots 0.163ms
[145.730s][info][gc,phases,start] GC(367) Compaction Phase
[146.296s][info][gc,phases      ] GC(367) Compaction Phase 566.683ms
[146.296s][info][gc,phases,start] GC(367) Post Compact
[146.310s][info][gc,phases      ] GC(367) Post Compact 13.556ms
[146.310s][info][gc,heap        ] GC(367) PSYoungGen: 141115K(513024K)->141115K(513024K) Eden: 123392K(123392K)->123392K(123392K) From: 17723K(389632K)->17723K(389632K)
[146.310s][info][gc,heap        ] GC(367) ParOldGen: 9352497K(9352704K)->9352497K(9352704K)
[146.310s][info][gc,metaspace   ] GC(367) Metaspace: 6303K(6528K)->6303K(6528K) NonClass: 5769K(5888K)->5769K(5888K) Class: 533K(640K)->533K(640K)
[146.310s][info][gc             ] GC(367) Pause Full (Ergonomics) 9271M->9271M(9634M) 2679.754ms
[146.310s][info][gc,cpu         ] GC(367) User=20.36s Sys=0.00s Real=2.68s
[146.310s][info][gc,start       ] GC(368) Pause Full (Ergonomics)
[146.310s][info][gc,phases,start] GC(368) Marking Phase
[148.425s][info][gc,phases      ] GC(368) Marking Phase 2114.527ms
[148.425s][info][gc,phases,start] GC(368) Summary Phase
[148.425s][info][gc,phases      ] GC(368) Summary Phase 0.089ms
[148.425s][info][gc,phases,start] GC(368) Adjust Roots
[148.425s][info][gc,phases      ] GC(368) Adjust Roots 0.165ms
[148.425s][info][gc,phases,start] GC(368) Compaction Phase
[148.986s][info][gc,phases      ] GC(368) Compaction Phase 560.300ms
[148.986s][info][gc,phases,start] GC(368) Post Compact
[148.999s][info][gc,phases      ] GC(368) Post Compact 13.659ms
[148.999s][info][gc,heap        ] GC(368) PSYoungGen: 141115K(513024K)->141115K(513024K) Eden: 123392K(123392K)->123392K(123392K) From: 17723K(389632K)->17723K(389632K)
[148.999s][info][gc,heap        ] GC(368) ParOldGen: 9352502K(9352704K)->9352502K(9352704K)
[148.999s][info][gc,metaspace   ] GC(368) Metaspace: 6303K(6528K)->6303K(6528K) NonClass: 5769K(5888K)->5769K(5888K) Class: 533K(640K)->533K(640K)
[148.999s][info][gc             ] GC(368) Pause Full (Ergonomics) 9271M->9271M(9634M) 2689.097ms
[148.999s][info][gc,cpu         ] GC(368) User=20.59s Sys=0.02s Real=2.69s
[149.000s][info][gc,start       ] GC(369) Pause Full (Ergonomics)
[149.000s][info][gc,phases,start] GC(369) Marking Phase
[151.128s][info][gc,phases      ] GC(369) Marking Phase 2128.678ms
[151.128s][info][gc,phases,start] GC(369) Summary Phase
[151.128s][info][gc,phases      ] GC(369) Summary Phase 0.089ms
[151.128s][info][gc,phases,start] GC(369) Adjust Roots
[151.129s][info][gc,phases      ] GC(369) Adjust Roots 0.165ms
[151.129s][info][gc,phases,start] GC(369) Compaction Phase
[151.689s][info][gc,phases      ] GC(369) Compaction Phase 560.487ms
[151.689s][info][gc,phases,start] GC(369) Post Compact
[151.703s][info][gc,phases      ] GC(369) Post Compact 14.097ms
[151.703s][info][gc,heap        ] GC(369) PSYoungGen: 141115K(513024K)->141115K(513024K) Eden: 123392K(123392K)->123392K(123392K) From: 17723K(389632K)->17723K(389632K)
[151.703s][info][gc,heap        ] GC(369) ParOldGen: 9352506K(9352704K)->9352506K(9352704K)
[151.703s][info][gc,metaspace   ] GC(369) Metaspace: 6303K(6528K)->6303K(6528K) NonClass: 5769K(5888K)->5769K(5888K) Class: 533K(640K)->533K(640K)
[151.703s][info][gc             ] GC(369) Pause Full (Ergonomics) 9271M->9271M(9634M) 2703.878ms
[151.704s][info][gc,cpu         ] GC(369) User=20.64s Sys=0.02s Real=2.70s
[151.704s][info][gc,start       ] GC(370) Pause Full (Ergonomics)
[151.704s][info][gc,phases,start] GC(370) Marking Phase
[153.827s][info][gc,phases      ] GC(370) Marking Phase 2123.033ms
[153.827s][info][gc,phases,start] GC(370) Summary Phase
[153.827s][info][gc,phases      ] GC(370) Summary Phase 0.088ms
[153.827s][info][gc,phases,start] GC(370) Adjust Roots
[153.827s][info][gc,phases      ] GC(370) Adjust Roots 0.168ms
[153.827s][info][gc,phases,start] GC(370) Compaction Phase
[154.386s][info][gc,phases      ] GC(370) Compaction Phase 558.911ms
[154.386s][info][gc,phases,start] GC(370) Post Compact
[154.400s][info][gc,phases      ] GC(370) Post Compact 13.552ms
[154.400s][info][gc,heap        ] GC(370) PSYoungGen: 141115K(513024K)->141115K(513024K) Eden: 123392K(123392K)->123392K(123392K) From: 17723K(389632K)->17723K(389632K)
[154.400s][info][gc,heap        ] GC(370) ParOldGen: 9352511K(9352704K)->9352511K(9352704K)
[154.400s][info][gc,metaspace   ] GC(370) Metaspace: 6303K(6528K)->6303K(6528K) NonClass: 5769K(5888K)->5769K(5888K) Class: 533K(640K)->533K(640K)
[154.400s][info][gc             ] GC(370) Pause Full (Ergonomics) 9271M->9271M(9634M) 2696.081ms
[154.400s][info][gc,cpu         ] GC(370) User=20.62s Sys=0.00s Real=2.70s
[154.400s][info][gc,start       ] GC(371) Pause Full (Ergonomics)
[154.400s][info][gc,phases,start] GC(371) Marking Phase
[156.508s][info][gc,phases      ] GC(371) Marking Phase 2107.531ms
[156.508s][info][gc,phases,start] GC(371) Summary Phase
[156.508s][info][gc,phases      ] GC(371) Summary Phase 0.090ms
[156.508s][info][gc,phases,start] GC(371) Adjust Roots
[156.508s][info][gc,phases      ] GC(371) Adjust Roots 0.167ms
[156.508s][info][gc,phases,start] GC(371) Compaction Phase
[157.080s][info][gc,phases      ] GC(371) Compaction Phase 572.299ms
[157.080s][info][gc,phases,start] GC(371) Post Compact
[157.094s][info][gc,phases      ] GC(371) Post Compact 13.886ms
[157.094s][info][gc,heap        ] GC(371) PSYoungGen: 141115K(513024K)->141115K(513024K) Eden: 123392K(123392K)->123392K(123392K) From: 17723K(389632K)->17723K(389632K)
[157.094s][info][gc,heap        ] GC(371) ParOldGen: 9352516K(9352704K)->9352516K(9352704K)
[157.094s][info][gc,metaspace   ] GC(371) Metaspace: 6303K(6528K)->6303K(6528K) NonClass: 5769K(5888K)->5769K(5888K) Class: 533K(640K)->533K(640K)
[157.094s][info][gc             ] GC(371) Pause Full (Ergonomics) 9271M->9271M(9634M) 2694.308ms
[157.094s][info][gc,cpu         ] GC(371) User=20.69s Sys=0.00s Real=2.69s
[157.095s][info][gc,start       ] GC(372) Pause Full (Ergonomics)
[157.095s][info][gc,phases,start] GC(372) Marking Phase
[159.209s][info][gc,phases      ] GC(372) Marking Phase 2114.777ms
[159.209s][info][gc,phases,start] GC(372) Summary Phase
[159.209s][info][gc,phases      ] GC(372) Summary Phase 0.092ms
[159.209s][info][gc,phases,start] GC(372) Adjust Roots
[159.210s][info][gc,phases      ] GC(372) Adjust Roots 0.178ms
[159.210s][info][gc,phases,start] GC(372) Compaction Phase
[159.773s][info][gc,phases      ] GC(372) Compaction Phase 562.844ms
[159.773s][info][gc,phases,start] GC(372) Post Compact
[159.786s][info][gc,phases      ] GC(372) Post Compact 13.573ms
[159.786s][info][gc,heap        ] GC(372) PSYoungGen: 141115K(513024K)->141115K(513024K) Eden: 123392K(123392K)->123392K(123392K) From: 17723K(389632K)->17723K(389632K)
[159.786s][info][gc,heap        ] GC(372) ParOldGen: 9352521K(9352704K)->9352521K(9352704K)
[159.786s][info][gc,metaspace   ] GC(372) Metaspace: 6303K(6528K)->6303K(6528K) NonClass: 5769K(5888K)->5769K(5888K) Class: 533K(640K)->533K(640K)
[159.786s][info][gc             ] GC(372) Pause Full (Ergonomics) 9271M->9271M(9634M) 2691.817ms
[159.786s][info][gc,cpu         ] GC(372) User=20.42s Sys=0.00s Real=2.69s
[159.787s][info][gc,start       ] GC(373) Pause Full (Ergonomics)
[159.787s][info][gc,phases,start] GC(373) Marking Phase
[161.926s][info][gc,phases      ] GC(373) Marking Phase 2139.087ms
[161.926s][info][gc,phases,start] GC(373) Summary Phase
[161.926s][info][gc,phases      ] GC(373) Summary Phase 0.089ms
[161.926s][info][gc,phases,start] GC(373) Adjust Roots
[161.926s][info][gc,phases      ] GC(373) Adjust Roots 0.171ms
[161.926s][info][gc,phases,start] GC(373) Compaction Phase
[162.491s][info][gc,phases      ] GC(373) Compaction Phase 564.749ms
[162.491s][info][gc,phases,start] GC(373) Post Compact
[162.505s][info][gc,phases      ] GC(373) Post Compact 13.675ms
[162.505s][info][gc,heap        ] GC(373) PSYoungGen: 141115K(513024K)->141115K(513024K) Eden: 123392K(123392K)->123392K(123392K) From: 17723K(389632K)->17723K(389632K)
[162.505s][info][gc,heap        ] GC(373) ParOldGen: 9352526K(9352704K)->9352526K(9352704K)
[162.505s][info][gc,metaspace   ] GC(373) Metaspace: 6303K(6528K)->6303K(6528K) NonClass: 5769K(5888K)->5769K(5888K) Class: 533K(640K)->533K(640K)
[162.505s][info][gc             ] GC(373) Pause Full (Ergonomics) 9271M->9271M(9634M) 2718.123ms
[162.505s][info][gc,cpu         ] GC(373) User=20.88s Sys=0.00s Real=2.72s
[162.505s][info][gc,start       ] GC(374) Pause Full (Ergonomics)
[162.505s][info][gc,phases,start] GC(374) Marking Phase
[164.643s][info][gc,phases      ] GC(374) Marking Phase 2138.223ms
[164.643s][info][gc,phases,start] GC(374) Summary Phase
[164.643s][info][gc,phases      ] GC(374) Summary Phase 0.101ms
[164.643s][info][gc,phases,start] GC(374) Adjust Roots
[164.644s][info][gc,phases      ] GC(374) Adjust Roots 0.188ms
[164.644s][info][gc,phases,start] GC(374) Compaction Phase
[165.210s][info][gc,phases      ] GC(374) Compaction Phase 565.951ms
[165.210s][info][gc,phases,start] GC(374) Post Compact
[165.223s][info][gc,phases      ] GC(374) Post Compact 13.660ms
[165.223s][info][gc,heap        ] GC(374) PSYoungGen: 141115K(513024K)->141115K(513024K) Eden: 123392K(123392K)->123392K(123392K) From: 17723K(389632K)->17723K(389632K)
[165.223s][info][gc,heap        ] GC(374) ParOldGen: 9352531K(9352704K)->9352531K(9352704K)
[165.223s][info][gc,metaspace   ] GC(374) Metaspace: 6303K(6528K)->6303K(6528K) NonClass: 5769K(5888K)->5769K(5888K) Class: 533K(640K)->533K(640K)
[165.223s][info][gc             ] GC(374) Pause Full (Ergonomics) 9271M->9271M(9634M) 2718.468ms
[165.223s][info][gc,cpu         ] GC(374) User=20.91s Sys=0.00s Real=2.72s
[165.224s][info][gc,start       ] GC(375) Pause Full (Ergonomics)
[165.224s][info][gc,phases,start] GC(375) Marking Phase
[167.339s][info][gc,phases      ] GC(375) Marking Phase 2115.068ms
[167.339s][info][gc,phases,start] GC(375) Summary Phase
[167.339s][info][gc,phases      ] GC(375) Summary Phase 0.096ms
[167.339s][info][gc,phases,start] GC(375) Adjust Roots
[167.339s][info][gc,phases      ] GC(375) Adjust Roots 0.190ms
[167.339s][info][gc,phases,start] GC(375) Compaction Phase
[167.907s][info][gc,phases      ] GC(375) Compaction Phase 568.411ms
[167.907s][info][gc,phases,start] GC(375) Post Compact
[167.921s][info][gc,phases      ] GC(375) Post Compact 13.521ms
[167.921s][info][gc,heap        ] GC(375) PSYoungGen: 141115K(513024K)->141115K(513024K) Eden: 123392K(123392K)->123392K(123392K) From: 17723K(389632K)->17723K(389632K)
[167.921s][info][gc,heap        ] GC(375) ParOldGen: 9352535K(9352704K)->9352535K(9352704K)
[167.921s][info][gc,metaspace   ] GC(375) Metaspace: 6303K(6528K)->6303K(6528K) NonClass: 5769K(5888K)->5769K(5888K) Class: 533K(640K)->533K(640K)
[167.921s][info][gc             ] GC(375) Pause Full (Ergonomics) 9271M->9271M(9634M) 2697.598ms
[167.921s][info][gc,cpu         ] GC(375) User=20.59s Sys=0.00s Real=2.70s
[167.921s][info][gc,start       ] GC(376) Pause Full (Ergonomics)
[167.921s][info][gc,phases,start] GC(376) Marking Phase
[170.066s][info][gc,phases      ] GC(376) Marking Phase 2144.615ms
[170.066s][info][gc,phases,start] GC(376) Summary Phase
[170.066s][info][gc,phases      ] GC(376) Summary Phase 0.104ms
[170.066s][info][gc,phases,start] GC(376) Adjust Roots
[170.066s][info][gc,phases      ] GC(376) Adjust Roots 0.212ms
[170.066s][info][gc,phases,start] GC(376) Compaction Phase
[170.625s][info][gc,phases      ] GC(376) Compaction Phase 558.932ms
[170.625s][info][gc,phases,start] GC(376) Post Compact
[170.639s][info][gc,phases      ] GC(376) Post Compact 13.685ms
[170.639s][info][gc,heap        ] GC(376) PSYoungGen: 141115K(513024K)->141115K(513024K) Eden: 123392K(123392K)->123392K(123392K) From: 17723K(389632K)->17723K(389632K)
[170.639s][info][gc,heap        ] GC(376) ParOldGen: 9352540K(9352704K)->9352540K(9352704K)
[170.639s][info][gc,metaspace   ] GC(376) Metaspace: 6303K(6528K)->6303K(6528K) NonClass: 5769K(5888K)->5769K(5888K) Class: 533K(640K)->533K(640K)
[170.639s][info][gc             ] GC(376) Pause Full (Ergonomics) 9271M->9271M(9634M) 2717.890ms
[170.639s][info][gc,cpu         ] GC(376) User=20.88s Sys=0.00s Real=2.72s
[170.639s][info][gc,start       ] GC(377) Pause Full (Ergonomics)
[170.639s][info][gc,phases,start] GC(377) Marking Phase
[172.774s][info][gc,phases      ] GC(377) Marking Phase 2134.942ms
[172.774s][info][gc,phases,start] GC(377) Summary Phase
[172.775s][info][gc,phases      ] GC(377) Summary Phase 0.088ms
[172.775s][info][gc,phases,start] GC(377) Adjust Roots
[172.775s][info][gc,phases      ] GC(377) Adjust Roots 0.163ms
[172.775s][info][gc,phases,start] GC(377) Compaction Phase
[173.333s][info][gc,phases      ] GC(377) Compaction Phase 557.785ms
[173.333s][info][gc,phases,start] GC(377) Post Compact
[173.346s][info][gc,phases      ] GC(377) Post Compact 13.672ms
[173.346s][info][gc,heap        ] GC(377) PSYoungGen: 141115K(513024K)->141115K(513024K) Eden: 123392K(123392K)->123392K(123392K) From: 17723K(389632K)->17723K(389632K)
[173.346s][info][gc,heap        ] GC(377) ParOldGen: 9352545K(9352704K)->9352545K(9352704K)
[173.346s][info][gc,metaspace   ] GC(377) Metaspace: 6303K(6528K)->6303K(6528K) NonClass: 5769K(5888K)->5769K(5888K) Class: 533K(640K)->533K(640K)
[173.346s][info][gc             ] GC(377) Pause Full (Ergonomics) 9271M->9271M(9634M) 2706.974ms
[173.346s][info][gc,cpu         ] GC(377) User=20.80s Sys=0.00s Real=2.71s
[173.347s][info][gc,start       ] GC(378) Pause Full (Ergonomics)
[173.347s][info][gc,phases,start] GC(378) Marking Phase
[175.446s][info][gc,phases      ] GC(378) Marking Phase 2099.384ms
[175.446s][info][gc,phases,start] GC(378) Summary Phase
[175.446s][info][gc,phases      ] GC(378) Summary Phase 0.115ms
[175.446s][info][gc,phases,start] GC(378) Adjust Roots
[175.446s][info][gc,phases      ] GC(378) Adjust Roots 0.224ms
[175.447s][info][gc,phases,start] GC(378) Compaction Phase
[176.002s][info][gc,phases      ] GC(378) Compaction Phase 555.326ms
[176.002s][info][gc,phases,start] GC(378) Post Compact
[176.016s][info][gc,phases      ] GC(378) Post Compact 13.647ms
[176.016s][info][gc,heap        ] GC(378) PSYoungGen: 141115K(513024K)->141115K(513024K) Eden: 123392K(123392K)->123392K(123392K) From: 17723K(389632K)->17723K(389632K)
[176.016s][info][gc,heap        ] GC(378) ParOldGen: 9352550K(9352704K)->9352550K(9352704K)
[176.016s][info][gc,metaspace   ] GC(378) Metaspace: 6303K(6528K)->6303K(6528K) NonClass: 5769K(5888K)->5769K(5888K) Class: 533K(640K)->533K(640K)
[176.016s][info][gc             ] GC(378) Pause Full (Ergonomics) 9271M->9271M(9634M) 2669.054ms
[176.016s][info][gc,cpu         ] GC(378) User=20.42s Sys=0.00s Real=2.67s
[176.016s][info][gc,start       ] GC(379) Pause Full (Ergonomics)
[176.016s][info][gc,phases,start] GC(379) Marking Phase
[178.149s][info][gc,phases      ] GC(379) Marking Phase 2133.507ms
[178.149s][info][gc,phases,start] GC(379) Summary Phase
[178.150s][info][gc,phases      ] GC(379) Summary Phase 0.089ms
[178.150s][info][gc,phases,start] GC(379) Adjust Roots
[178.150s][info][gc,phases      ] GC(379) Adjust Roots 0.168ms
[178.150s][info][gc,phases,start] GC(379) Compaction Phase
[178.710s][info][gc,phases      ] GC(379) Compaction Phase 560.108ms
[178.710s][info][gc,phases,start] GC(379) Post Compact
[178.724s][info][gc,phases      ] GC(379) Post Compact 13.593ms
[178.724s][info][gc,heap        ] GC(379) PSYoungGen: 141115K(513024K)->141115K(513024K) Eden: 123392K(123392K)->123392K(123392K) From: 17723K(389632K)->17723K(389632K)
[178.724s][info][gc,heap        ] GC(379) ParOldGen: 9352555K(9352704K)->9352555K(9352704K)
[178.724s][info][gc,metaspace   ] GC(379) Metaspace: 6303K(6528K)->6303K(6528K) NonClass: 5769K(5888K)->5769K(5888K) Class: 533K(640K)->533K(640K)
[178.724s][info][gc             ] GC(379) Pause Full (Ergonomics) 9271M->9271M(9634M) 2707.822ms
[178.724s][info][gc,cpu         ] GC(379) User=20.78s Sys=0.00s Real=2.71s
[178.724s][info][gc,start       ] GC(380) Pause Full (Ergonomics)
[178.724s][info][gc,phases,start] GC(380) Marking Phase
[180.849s][info][gc,phases      ] GC(380) Marking Phase 2125.367ms
[180.849s][info][gc,phases,start] GC(380) Summary Phase
[180.849s][info][gc,phases      ] GC(380) Summary Phase 0.089ms
[180.849s][info][gc,phases,start] GC(380) Adjust Roots
[180.850s][info][gc,phases      ] GC(380) Adjust Roots 0.166ms
[180.850s][info][gc,phases,start] GC(380) Compaction Phase
[181.415s][info][gc,phases      ] GC(380) Compaction Phase 565.120ms
[181.415s][info][gc,phases,start] GC(380) Post Compact
[181.429s][info][gc,phases      ] GC(380) Post Compact 13.640ms
[181.429s][info][gc,heap        ] GC(380) PSYoungGen: 141115K(513024K)->141115K(513024K) Eden: 123392K(123392K)->123392K(123392K) From: 17723K(389632K)->17723K(389632K)
[181.429s][info][gc,heap        ] GC(380) ParOldGen: 9352560K(9352704K)->9352560K(9352704K)
[181.429s][info][gc,metaspace   ] GC(380) Metaspace: 6303K(6528K)->6303K(6528K) NonClass: 5769K(5888K)->5769K(5888K) Class: 533K(640K)->533K(640K)
[181.429s][info][gc             ] GC(380) Pause Full (Ergonomics) 9271M->9271M(9634M) 2704.723ms
[181.429s][info][gc,cpu         ] GC(380) User=20.69s Sys=0.02s Real=2.70s
[181.429s][info][gc,start       ] GC(381) Pause Full (Ergonomics)
[181.429s][info][gc,phases,start] GC(381) Marking Phase
[183.554s][info][gc,phases      ] GC(381) Marking Phase 2125.390ms
[183.554s][info][gc,phases,start] GC(381) Summary Phase
[183.554s][info][gc,phases      ] GC(381) Summary Phase 0.090ms
[183.554s][info][gc,phases,start] GC(381) Adjust Roots
[183.555s][info][gc,phases      ] GC(381) Adjust Roots 0.164ms
[183.555s][info][gc,phases,start] GC(381) Compaction Phase
[184.109s][info][gc,phases      ] GC(381) Compaction Phase 554.249ms
[184.109s][info][gc,phases,start] GC(381) Post Compact
[184.123s][info][gc,phases      ] GC(381) Post Compact 13.612ms
[184.123s][info][gc,heap        ] GC(381) PSYoungGen: 141115K(513024K)->141115K(513024K) Eden: 123392K(123392K)->123392K(123392K) From: 17723K(389632K)->17723K(389632K)
[184.123s][info][gc,heap        ] GC(381) ParOldGen: 9352564K(9352704K)->9352564K(9352704K)
[184.123s][info][gc,metaspace   ] GC(381) Metaspace: 6303K(6528K)->6303K(6528K) NonClass: 5769K(5888K)->5769K(5888K) Class: 533K(640K)->533K(640K)
[184.123s][info][gc             ] GC(381) Pause Full (Ergonomics) 9271M->9271M(9634M) 2693.856ms
[184.123s][info][gc,cpu         ] GC(381) User=20.72s Sys=0.03s Real=2.69s
[184.123s][info][gc,start       ] GC(382) Pause Full (Ergonomics)
[184.123s][info][gc,phases,start] GC(382) Marking Phase
[186.238s][info][gc,phases      ] GC(382) Marking Phase 2114.743ms
[186.238s][info][gc,phases,start] GC(382) Summary Phase
[186.238s][info][gc,phases      ] GC(382) Summary Phase 0.089ms
[186.238s][info][gc,phases,start] GC(382) Adjust Roots
[186.238s][info][gc,phases      ] GC(382) Adjust Roots 0.168ms
[186.238s][info][gc,phases,start] GC(382) Compaction Phase
[186.805s][info][gc,phases      ] GC(382) Compaction Phase 566.837ms
[186.805s][info][gc,phases,start] GC(382) Post Compact
[186.819s][info][gc,phases      ] GC(382) Post Compact 13.582ms
[186.819s][info][gc,heap        ] GC(382) PSYoungGen: 141115K(513024K)->141115K(513024K) Eden: 123392K(123392K)->123392K(123392K) From: 17723K(389632K)->17723K(389632K)
[186.819s][info][gc,heap        ] GC(382) ParOldGen: 9352569K(9352704K)->9352569K(9352704K)
[186.819s][info][gc,metaspace   ] GC(382) Metaspace: 6303K(6528K)->6303K(6528K) NonClass: 5769K(5888K)->5769K(5888K) Class: 533K(640K)->533K(640K)
[186.819s][info][gc             ] GC(382) Pause Full (Ergonomics) 9271M->9271M(9634M) 2695.765ms
[186.819s][info][gc,cpu         ] GC(382) User=20.47s Sys=0.00s Real=2.70s
[186.819s][info][gc,start       ] GC(383) Pause Full (Ergonomics)
[186.819s][info][gc,phases,start] GC(383) Marking Phase
[188.964s][info][gc,phases      ] GC(383) Marking Phase 2144.788ms
[188.964s][info][gc,phases,start] GC(383) Summary Phase
[188.964s][info][gc,phases      ] GC(383) Summary Phase 0.090ms
[188.964s][info][gc,phases,start] GC(383) Adjust Roots
[188.964s][info][gc,phases      ] GC(383) Adjust Roots 0.164ms
[188.964s][info][gc,phases,start] GC(383) Compaction Phase
[189.526s][info][gc,phases      ] GC(383) Compaction Phase 562.214ms
[189.526s][info][gc,phases,start] GC(383) Post Compact
[189.540s][info][gc,phases      ] GC(383) Post Compact 13.619ms
[189.540s][info][gc,heap        ] GC(383) PSYoungGen: 141115K(513024K)->141115K(513024K) Eden: 123392K(123392K)->123392K(123392K) From: 17723K(389632K)->17723K(389632K)
[189.540s][info][gc,heap        ] GC(383) ParOldGen: 9352574K(9352704K)->9352574K(9352704K)
[189.540s][info][gc,metaspace   ] GC(383) Metaspace: 6303K(6528K)->6303K(6528K) NonClass: 5769K(5888K)->5769K(5888K) Class: 533K(640K)->533K(640K)
[189.540s][info][gc             ] GC(383) Pause Full (Ergonomics) 9271M->9271M(9634M) 2721.207ms
[189.540s][info][gc,cpu         ] GC(383) User=20.80s Sys=0.02s Real=2.72s
[189.540s][info][gc,start       ] GC(384) Pause Full (Ergonomics)
[189.540s][info][gc,phases,start] GC(384) Marking Phase
[191.665s][info][gc,phases      ] GC(384) Marking Phase 2124.998ms
[191.665s][info][gc,phases,start] GC(384) Summary Phase
[191.666s][info][gc,phases      ] GC(384) Summary Phase 0.093ms
[191.666s][info][gc,phases,start] GC(384) Adjust Roots
[191.666s][info][gc,phases      ] GC(384) Adjust Roots 0.191ms
[191.666s][info][gc,phases,start] GC(384) Compaction Phase
[192.242s][info][gc,phases      ] GC(384) Compaction Phase 576.228ms
[192.242s][info][gc,phases,start] GC(384) Post Compact
[192.256s][info][gc,phases      ] GC(384) Post Compact 13.540ms
[192.256s][info][gc,heap        ] GC(384) PSYoungGen: 141115K(513024K)->141115K(513024K) Eden: 123392K(123392K)->123392K(123392K) From: 17723K(389632K)->17723K(389632K)
[192.256s][info][gc,heap        ] GC(384) ParOldGen: 9352579K(9352704K)->9352579K(9352704K)
[192.256s][info][gc,metaspace   ] GC(384) Metaspace: 6303K(6528K)->6303K(6528K) NonClass: 5769K(5888K)->5769K(5888K) Class: 533K(640K)->533K(640K)
[192.256s][info][gc             ] GC(384) Pause Full (Ergonomics) 9271M->9271M(9634M) 2715.403ms
[192.256s][info][gc,cpu         ] GC(384) User=20.75s Sys=0.00s Real=2.71s
[192.256s][info][gc,start       ] GC(385) Pause Full (Ergonomics)
[192.256s][info][gc,phases,start] GC(385) Marking Phase
[194.398s][info][gc,phases      ] GC(385) Marking Phase 2142.012ms
[194.398s][info][gc,phases,start] GC(385) Summary Phase
[194.398s][info][gc,phases      ] GC(385) Summary Phase 0.103ms
[194.398s][info][gc,phases,start] GC(385) Adjust Roots
[194.398s][info][gc,phases      ] GC(385) Adjust Roots 0.182ms
[194.398s][info][gc,phases,start] GC(385) Compaction Phase
[194.965s][info][gc,phases      ] GC(385) Compaction Phase 566.961ms
[194.965s][info][gc,phases,start] GC(385) Post Compact
[194.979s][info][gc,phases      ] GC(385) Post Compact 13.813ms
[194.979s][info][gc,heap        ] GC(385) PSYoungGen: 141115K(513024K)->141115K(513024K) Eden: 123392K(123392K)->123392K(123392K) From: 17723K(389632K)->17723K(389632K)
[194.979s][info][gc,heap        ] GC(385) ParOldGen: 9352584K(9352704K)->9352584K(9352704K)
[194.979s][info][gc,metaspace   ] GC(385) Metaspace: 6303K(6528K)->6303K(6528K) NonClass: 5769K(5888K)->5769K(5888K) Class: 533K(640K)->533K(640K)
[194.979s][info][gc             ] GC(385) Pause Full (Ergonomics) 9271M->9271M(9634M) 2723.417ms
[194.979s][info][gc,cpu         ] GC(385) User=20.78s Sys=0.00s Real=2.72s
[194.980s][info][gc,start       ] GC(386) Pause Full (Ergonomics)
[194.980s][info][gc,phases,start] GC(386) Marking Phase
[197.137s][info][gc,phases      ] GC(386) Marking Phase 2157.304ms
[197.137s][info][gc,phases,start] GC(386) Summary Phase
[197.137s][info][gc,phases      ] GC(386) Summary Phase 0.098ms
[197.137s][info][gc,phases,start] GC(386) Adjust Roots
[197.137s][info][gc,phases      ] GC(386) Adjust Roots 0.192ms
[197.137s][info][gc,phases,start] GC(386) Compaction Phase
[197.704s][info][gc,phases      ] GC(386) Compaction Phase 567.104ms
[197.705s][info][gc,phases,start] GC(386) Post Compact
[197.718s][info][gc,phases      ] GC(386) Post Compact 13.565ms
[197.718s][info][gc,heap        ] GC(386) PSYoungGen: 141115K(513024K)->141115K(513024K) Eden: 123392K(123392K)->123392K(123392K) From: 17723K(389632K)->17723K(389632K)
[197.718s][info][gc,heap        ] GC(386) ParOldGen: 9352589K(9352704K)->9352589K(9352704K)
[197.718s][info][gc,metaspace   ] GC(386) Metaspace: 6303K(6528K)->6303K(6528K) NonClass: 5769K(5888K)->5769K(5888K) Class: 533K(640K)->533K(640K)
[197.718s][info][gc             ] GC(386) Pause Full (Ergonomics) 9271M->9271M(9634M) 2738.606ms
[197.718s][info][gc,cpu         ] GC(386) User=20.84s Sys=0.00s Real=2.74s
[197.718s][info][gc,start       ] GC(387) Pause Full (Ergonomics)
[197.718s][info][gc,phases,start] GC(387) Marking Phase
[199.871s][info][gc,phases      ] GC(387) Marking Phase 2152.113ms
[199.871s][info][gc,phases,start] GC(387) Summary Phase
[199.871s][info][gc,phases      ] GC(387) Summary Phase 0.088ms
[199.871s][info][gc,phases,start] GC(387) Adjust Roots
[199.871s][info][gc,phases      ] GC(387) Adjust Roots 0.175ms
[199.871s][info][gc,phases,start] GC(387) Compaction Phase
[200.446s][info][gc,phases      ] GC(387) Compaction Phase 574.725ms
[200.446s][info][gc,phases,start] GC(387) Post Compact
[200.459s][info][gc,phases      ] GC(387) Post Compact 13.538ms
[200.459s][info][gc,heap        ] GC(387) PSYoungGen: 141115K(513024K)->141115K(513024K) Eden: 123392K(123392K)->123392K(123392K) From: 17723K(389632K)->17723K(389632K)
[200.459s][info][gc,heap        ] GC(387) ParOldGen: 9352593K(9352704K)->9352593K(9352704K)
[200.459s][info][gc,metaspace   ] GC(387) Metaspace: 6303K(6528K)->6303K(6528K) NonClass: 5769K(5888K)->5769K(5888K) Class: 533K(640K)->533K(640K)
[200.459s][info][gc             ] GC(387) Pause Full (Ergonomics) 9271M->9271M(9634M) 2741.031ms
[200.459s][info][gc,cpu         ] GC(387) User=20.84s Sys=0.00s Real=2.74s
[200.460s][info][gc,start       ] GC(388) Pause Full (Ergonomics)
[200.460s][info][gc,phases,start] GC(388) Marking Phase
[202.585s][info][gc,phases      ] GC(388) Marking Phase 2125.707ms
[202.585s][info][gc,phases,start] GC(388) Summary Phase
[202.586s][info][gc,phases      ] GC(388) Summary Phase 0.131ms
[202.586s][info][gc,phases,start] GC(388) Adjust Roots
[202.586s][info][gc,phases      ] GC(388) Adjust Roots 0.255ms
[202.586s][info][gc,phases,start] GC(388) Compaction Phase
[203.162s][info][gc,phases      ] GC(388) Compaction Phase 576.302ms
[203.162s][info][gc,phases,start] GC(388) Post Compact
[203.176s][info][gc,phases      ] GC(388) Post Compact 13.582ms
[203.176s][info][gc,heap        ] GC(388) PSYoungGen: 141115K(513024K)->141115K(513024K) Eden: 123392K(123392K)->123392K(123392K) From: 17723K(389632K)->17723K(389632K)
[203.176s][info][gc,heap        ] GC(388) ParOldGen: 9352598K(9352704K)->9352598K(9352704K)
[203.176s][info][gc,metaspace   ] GC(388) Metaspace: 6303K(6528K)->6303K(6528K) NonClass: 5769K(5888K)->5769K(5888K) Class: 533K(640K)->533K(640K)
[203.176s][info][gc             ] GC(388) Pause Full (Ergonomics) 9271M->9271M(9634M) 2716.363ms
[203.176s][info][gc,cpu         ] GC(388) User=20.67s Sys=0.02s Real=2.72s
[203.176s][info][gc,start       ] GC(389) Pause Full (Ergonomics)
[203.176s][info][gc,phases,start] GC(389) Marking Phase
[205.306s][info][gc,phases      ] GC(389) Marking Phase 2129.430ms
[205.306s][info][gc,phases,start] GC(389) Summary Phase
[205.306s][info][gc,phases      ] GC(389) Summary Phase 0.091ms
[205.306s][info][gc,phases,start] GC(389) Adjust Roots
[205.306s][info][gc,phases      ] GC(389) Adjust Roots 0.172ms
[205.306s][info][gc,phases,start] GC(389) Compaction Phase
[205.900s][info][gc,phases      ] GC(389) Compaction Phase 594.184ms
[205.900s][info][gc,phases,start] GC(389) Post Compact
[205.914s][info][gc,phases      ] GC(389) Post Compact 13.586ms
[205.914s][info][gc,heap        ] GC(389) PSYoungGen: 141115K(513024K)->141115K(513024K) Eden: 123392K(123392K)->123392K(123392K) From: 17723K(389632K)->17723K(389632K)
[205.914s][info][gc,heap        ] GC(389) ParOldGen: 9352603K(9352704K)->9352603K(9352704K)
[205.914s][info][gc,metaspace   ] GC(389) Metaspace: 6303K(6528K)->6303K(6528K) NonClass: 5769K(5888K)->5769K(5888K) Class: 533K(640K)->533K(640K)
[205.914s][info][gc             ] GC(389) Pause Full (Ergonomics) 9271M->9271M(9634M) 2737.798ms
[205.914s][info][gc,cpu         ] GC(389) User=20.62s Sys=0.00s Real=2.74s
[205.914s][info][gc,start       ] GC(390) Pause Full (Ergonomics)
[205.914s][info][gc,phases,start] GC(390) Marking Phase
[208.067s][info][gc,phases      ] GC(390) Marking Phase 2152.756ms
[208.067s][info][gc,phases,start] GC(390) Summary Phase
[208.067s][info][gc,phases      ] GC(390) Summary Phase 0.093ms
[208.067s][info][gc,phases,start] GC(390) Adjust Roots
[208.067s][info][gc,phases      ] GC(390) Adjust Roots 0.179ms
[208.067s][info][gc,phases,start] GC(390) Compaction Phase
[208.639s][info][gc,phases      ] GC(390) Compaction Phase 571.948ms
[208.639s][info][gc,phases,start] GC(390) Post Compact
[208.653s][info][gc,phases      ] GC(390) Post Compact 13.642ms
[208.653s][info][gc,heap        ] GC(390) PSYoungGen: 141115K(513024K)->141115K(513024K) Eden: 123392K(123392K)->123392K(123392K) From: 17723K(389632K)->17723K(389632K)
[208.653s][info][gc,heap        ] GC(390) ParOldGen: 9352608K(9352704K)->9352608K(9352704K)
[208.653s][info][gc,metaspace   ] GC(390) Metaspace: 6303K(6528K)->6303K(6528K) NonClass: 5769K(5888K)->5769K(5888K) Class: 533K(640K)->533K(640K)
[208.653s][info][gc             ] GC(390) Pause Full (Ergonomics) 9271M->9271M(9634M) 2738.981ms
[208.653s][info][gc,cpu         ] GC(390) User=20.88s Sys=0.02s Real=2.74s
[208.653s][info][gc,start       ] GC(391) Pause Full (Ergonomics)
[208.653s][info][gc,phases,start] GC(391) Marking Phase
[210.793s][info][gc,phases      ] GC(391) Marking Phase 2139.167ms
[210.793s][info][gc,phases,start] GC(391) Summary Phase
[210.793s][info][gc,phases      ] GC(391) Summary Phase 0.088ms
[210.793s][info][gc,phases,start] GC(391) Adjust Roots
[210.793s][info][gc,phases      ] GC(391) Adjust Roots 0.167ms
[210.793s][info][gc,phases,start] GC(391) Compaction Phase
[211.359s][info][gc,phases      ] GC(391) Compaction Phase 566.343ms
[211.359s][info][gc,phases,start] GC(391) Post Compact
[211.373s][info][gc,phases      ] GC(391) Post Compact 13.586ms
[211.373s][info][gc,heap        ] GC(391) PSYoungGen: 141115K(513024K)->141115K(513024K) Eden: 123392K(123392K)->123392K(123392K) From: 17723K(389632K)->17723K(389632K)
[211.373s][info][gc,heap        ] GC(391) ParOldGen: 9352613K(9352704K)->9352613K(9352704K)
[211.373s][info][gc,metaspace   ] GC(391) Metaspace: 6303K(6528K)->6303K(6528K) NonClass: 5769K(5888K)->5769K(5888K) Class: 533K(640K)->533K(640K)
[211.373s][info][gc             ] GC(391) Pause Full (Ergonomics) 9271M->9271M(9634M) 2719.681ms
[211.373s][info][gc,cpu         ] GC(391) User=20.59s Sys=0.05s Real=2.72s
[211.373s][info][gc,start       ] GC(392) Pause Full (Ergonomics)
[211.373s][info][gc,phases,start] GC(392) Marking Phase
[213.493s][info][gc,phases      ] GC(392) Marking Phase 2120.138ms
[213.494s][info][gc,phases,start] GC(392) Summary Phase
[213.494s][info][gc,phases      ] GC(392) Summary Phase 0.139ms
[213.494s][info][gc,phases,start] GC(392) Adjust Roots
[213.494s][info][gc,phases      ] GC(392) Adjust Roots 0.222ms
[213.494s][info][gc,phases,start] GC(392) Compaction Phase
[214.061s][info][gc,phases      ] GC(392) Compaction Phase 567.333ms
[214.061s][info][gc,phases,start] GC(392) Post Compact
[214.075s][info][gc,phases      ] GC(392) Post Compact 13.644ms
[214.075s][info][gc,heap        ] GC(392) PSYoungGen: 141115K(513024K)->141115K(513024K) Eden: 123392K(123392K)->123392K(123392K) From: 17723K(389632K)->17723K(389632K)
[214.075s][info][gc,heap        ] GC(392) ParOldGen: 9352618K(9352704K)->9352618K(9352704K)
[214.075s][info][gc,metaspace   ] GC(392) Metaspace: 6303K(6528K)->6303K(6528K) NonClass: 5769K(5888K)->5769K(5888K) Class: 533K(640K)->533K(640K)
[214.075s][info][gc             ] GC(392) Pause Full (Ergonomics) 9271M->9271M(9634M) 2701.828ms
[214.075s][info][gc,cpu         ] GC(392) User=20.61s Sys=0.00s Real=2.70s
[214.075s][info][gc,start       ] GC(393) Pause Full (Ergonomics)
[214.075s][info][gc,phases,start] GC(393) Marking Phase
[216.194s][info][gc,phases      ] GC(393) Marking Phase 2118.616ms
[216.194s][info][gc,phases,start] GC(393) Summary Phase
[216.194s][info][gc,phases      ] GC(393) Summary Phase 0.089ms
[216.194s][info][gc,phases,start] GC(393) Adjust Roots
[216.194s][info][gc,phases      ] GC(393) Adjust Roots 0.172ms
[216.194s][info][gc,phases,start] GC(393) Compaction Phase
[216.758s][info][gc,phases      ] GC(393) Compaction Phase 564.127ms
[216.759s][info][gc,phases,start] GC(393) Post Compact
[216.772s][info][gc,phases      ] GC(393) Post Compact 13.888ms
[216.772s][info][gc,heap        ] GC(393) PSYoungGen: 141115K(513024K)->141115K(513024K) Eden: 123392K(123392K)->123392K(123392K) From: 17723K(389632K)->17723K(389632K)
[216.773s][info][gc,heap        ] GC(393) ParOldGen: 9352622K(9352704K)->9352622K(9352704K)
[216.773s][info][gc,metaspace   ] GC(393) Metaspace: 6303K(6528K)->6303K(6528K) NonClass: 5769K(5888K)->5769K(5888K) Class: 533K(640K)->533K(640K)
[216.773s][info][gc             ] GC(393) Pause Full (Ergonomics) 9271M->9271M(9634M) 2697.218ms
[216.773s][info][gc,cpu         ] GC(393) User=20.64s Sys=0.00s Real=2.70s
[216.773s][info][gc,start       ] GC(394) Pause Full (Ergonomics)
[216.773s][info][gc,phases,start] GC(394) Marking Phase
[218.926s][info][gc,phases      ] GC(394) Marking Phase 2153.192ms
[218.926s][info][gc,phases,start] GC(394) Summary Phase
[218.926s][info][gc,phases      ] GC(394) Summary Phase 0.111ms
[218.926s][info][gc,phases,start] GC(394) Adjust Roots
[218.926s][info][gc,phases      ] GC(394) Adjust Roots 0.245ms
[218.926s][info][gc,phases,start] GC(394) Compaction Phase
[219.491s][info][gc,phases      ] GC(394) Compaction Phase 564.596ms
[219.491s][info][gc,phases,start] GC(394) Post Compact
[219.505s][info][gc,phases      ] GC(394) Post Compact 13.952ms
[219.505s][info][gc,heap        ] GC(394) PSYoungGen: 141115K(513024K)->141115K(513024K) Eden: 123392K(123392K)->123392K(123392K) From: 17723K(389632K)->17723K(389632K)
[219.505s][info][gc,heap        ] GC(394) ParOldGen: 9352627K(9352704K)->9352627K(9352704K)
[219.505s][info][gc,metaspace   ] GC(394) Metaspace: 6303K(6528K)->6303K(6528K) NonClass: 5769K(5888K)->5769K(5888K) Class: 533K(640K)->533K(640K)
[219.505s][info][gc             ] GC(394) Pause Full (Ergonomics) 9271M->9271M(9634M) 2732.432ms
[219.505s][info][gc,cpu         ] GC(394) User=21.02s Sys=0.00s Real=2.73s
[219.505s][info][gc,start       ] GC(395) Pause Full (Ergonomics)
[219.505s][info][gc,phases,start] GC(395) Marking Phase
[221.641s][info][gc,phases      ] GC(395) Marking Phase 2135.844ms
[221.641s][info][gc,phases,start] GC(395) Summary Phase
[221.641s][info][gc,phases      ] GC(395) Summary Phase 0.144ms
[221.642s][info][gc,phases,start] GC(395) Adjust Roots
[221.642s][info][gc,phases      ] GC(395) Adjust Roots 0.293ms
[221.642s][info][gc,phases,start] GC(395) Compaction Phase
[222.229s][info][gc,phases      ] GC(395) Compaction Phase 586.959ms
[222.229s][info][gc,phases,start] GC(395) Post Compact
[222.244s][info][gc,phases      ] GC(395) Post Compact 14.671ms
[222.244s][info][gc,heap        ] GC(395) PSYoungGen: 141115K(513024K)->141115K(513024K) Eden: 123392K(123392K)->123392K(123392K) From: 17723K(389632K)->17723K(389632K)
[222.244s][info][gc,heap        ] GC(395) ParOldGen: 9352632K(9352704K)->9352632K(9352704K)
[222.244s][info][gc,metaspace   ] GC(395) Metaspace: 6303K(6528K)->6303K(6528K) NonClass: 5769K(5888K)->5769K(5888K) Class: 533K(640K)->533K(640K)
[222.244s][info][gc             ] GC(395) Pause Full (Ergonomics) 9271M->9271M(9634M) 2738.325ms
[222.244s][info][gc,cpu         ] GC(395) User=20.64s Sys=0.00s Real=2.74s
[222.244s][info][gc,start       ] GC(396) Pause Full (Ergonomics)
[222.244s][info][gc,phases,start] GC(396) Marking Phase
[224.359s][info][gc,phases      ] GC(396) Marking Phase 2114.906ms
[224.359s][info][gc,phases,start] GC(396) Summary Phase
[224.359s][info][gc,phases      ] GC(396) Summary Phase 0.205ms
[224.359s][info][gc,phases,start] GC(396) Adjust Roots
[224.360s][info][gc,phases      ] GC(396) Adjust Roots 0.367ms
[224.360s][info][gc,phases,start] GC(396) Compaction Phase
[224.945s][info][gc,phases      ] GC(396) Compaction Phase 585.190ms
[224.945s][info][gc,phases,start] GC(396) Post Compact
[224.958s][info][gc,phases      ] GC(396) Post Compact 12.843ms
[224.958s][info][gc,heap        ] GC(396) PSYoungGen: 141115K(513024K)->141115K(513024K) Eden: 123392K(123392K)->123392K(123392K) From: 17723K(389632K)->17723K(389632K)
[224.958s][info][gc,heap        ] GC(396) ParOldGen: 9352637K(9352704K)->9352637K(9352704K)
[224.958s][info][gc,metaspace   ] GC(396) Metaspace: 6303K(6528K)->6303K(6528K) NonClass: 5769K(5888K)->5769K(5888K) Class: 533K(640K)->533K(640K)
[224.958s][info][gc             ] GC(396) Pause Full (Ergonomics) 9271M->9271M(9634M) 2713.962ms
[224.958s][info][gc,cpu         ] GC(396) User=20.58s Sys=0.00s Real=2.71s
[224.958s][info][gc,start       ] GC(397) Pause Full (Ergonomics)
[224.958s][info][gc,phases,start] GC(397) Marking Phase
[227.099s][info][gc,phases      ] GC(397) Marking Phase 2141.213ms
[227.099s][info][gc,phases,start] GC(397) Summary Phase
[227.100s][info][gc,phases      ] GC(397) Summary Phase 0.147ms
[227.100s][info][gc,phases,start] GC(397) Adjust Roots
[227.100s][info][gc,phases      ] GC(397) Adjust Roots 0.346ms
[227.100s][info][gc,phases,start] GC(397) Compaction Phase
[227.681s][info][gc,phases      ] GC(397) Compaction Phase 580.607ms
[227.681s][info][gc,phases,start] GC(397) Post Compact
[227.696s][info][gc,phases      ] GC(397) Post Compact 15.447ms
[227.696s][info][gc,heap        ] GC(397) PSYoungGen: 141115K(513024K)->141115K(513024K) Eden: 123392K(123392K)->123392K(123392K) From: 17723K(389632K)->17723K(389632K)
[227.696s][info][gc,heap        ] GC(397) ParOldGen: 9352642K(9352704K)->9352642K(9352704K)
[227.696s][info][gc,metaspace   ] GC(397) Metaspace: 6303K(6528K)->6303K(6528K) NonClass: 5769K(5888K)->5769K(5888K) Class: 533K(640K)->533K(640K)
[227.696s][info][gc             ] GC(397) Pause Full (Ergonomics) 9271M->9271M(9634M) 2738.197ms
[227.696s][info][gc,cpu         ] GC(397) User=20.77s Sys=0.00s Real=2.74s
[227.696s][info][gc,start       ] GC(398) Pause Full (Ergonomics)
[227.697s][info][gc,phases,start] GC(398) Marking Phase
[229.807s][info][gc,phases      ] GC(398) Marking Phase 2110.542ms
[229.807s][info][gc,phases,start] GC(398) Summary Phase
[229.807s][info][gc,phases      ] GC(398) Summary Phase 0.149ms
[229.807s][info][gc,phases,start] GC(398) Adjust Roots
[229.808s][info][gc,phases      ] GC(398) Adjust Roots 0.327ms
[229.808s][info][gc,phases,start] GC(398) Compaction Phase
[230.384s][info][gc,phases      ] GC(398) Compaction Phase 576.405ms
[230.384s][info][gc,phases,start] GC(398) Post Compact
[230.398s][info][gc,phases      ] GC(398) Post Compact 13.625ms
[230.398s][info][gc,heap        ] GC(398) PSYoungGen: 141115K(513024K)->141115K(513024K) Eden: 123392K(123392K)->123392K(123392K) From: 17723K(389632K)->17723K(389632K)
[230.398s][info][gc,heap        ] GC(398) ParOldGen: 9352647K(9352704K)->9352647K(9352704K)
[230.398s][info][gc,metaspace   ] GC(398) Metaspace: 6303K(6528K)->6303K(6528K) NonClass: 5769K(5888K)->5769K(5888K) Class: 533K(640K)->533K(640K)
[230.398s][info][gc             ] GC(398) Pause Full (Ergonomics) 9271M->9271M(9634M) 2701.493ms
[230.398s][info][gc,cpu         ] GC(398) User=20.58s Sys=0.00s Real=2.70s
[230.398s][info][gc,start       ] GC(399) Pause Full (Ergonomics)
[230.398s][info][gc,phases,start] GC(399) Marking Phase
[232.525s][info][gc,phases      ] GC(399) Marking Phase 2126.272ms
[232.525s][info][gc,phases,start] GC(399) Summary Phase
[232.525s][info][gc,phases      ] GC(399) Summary Phase 0.091ms
[232.525s][info][gc,phases,start] GC(399) Adjust Roots
[232.525s][info][gc,phases      ] GC(399) Adjust Roots 0.174ms
[232.525s][info][gc,phases,start] GC(399) Compaction Phase
[233.087s][info][gc,phases      ] GC(399) Compaction Phase 562.420ms
[233.087s][info][gc,phases,start] GC(399) Post Compact
[233.103s][info][gc,phases      ] GC(399) Post Compact 15.773ms
[233.103s][info][gc,heap        ] GC(399) PSYoungGen: 141115K(513024K)->141115K(513024K) Eden: 123392K(123392K)->123392K(123392K) From: 17723K(389632K)->17723K(389632K)
[233.103s][info][gc,heap        ] GC(399) ParOldGen: 9352651K(9352704K)->9352651K(9352704K)
[233.103s][info][gc,metaspace   ] GC(399) Metaspace: 6303K(6528K)->6303K(6528K) NonClass: 5769K(5888K)->5769K(5888K) Class: 533K(640K)->533K(640K)
[233.103s][info][gc             ] GC(399) Pause Full (Ergonomics) 9271M->9271M(9634M) 2705.110ms
[233.103s][info][gc,cpu         ] GC(399) User=20.70s Sys=0.00s Real=2.70s
[233.104s][info][gc,start       ] GC(400) Pause Full (Ergonomics)
[233.104s][info][gc,phases,start] GC(400) Marking Phase
[235.215s][info][gc,phases      ] GC(400) Marking Phase 2111.677ms
[235.215s][info][gc,phases,start] GC(400) Summary Phase
[235.215s][info][gc,phases      ] GC(400) Summary Phase 0.144ms
[235.216s][info][gc,phases,start] GC(400) Adjust Roots
[235.216s][info][gc,phases      ] GC(400) Adjust Roots 0.242ms
[235.216s][info][gc,phases,start] GC(400) Compaction Phase
[235.780s][info][gc,phases      ] GC(400) Compaction Phase 564.029ms
[235.780s][info][gc,phases,start] GC(400) Post Compact
[235.794s][info][gc,phases      ] GC(400) Post Compact 14.187ms
[235.794s][info][gc,heap        ] GC(400) PSYoungGen: 141115K(513024K)->141115K(513024K) Eden: 123392K(123392K)->123392K(123392K) From: 17723K(389632K)->17723K(389632K)
[235.794s][info][gc,heap        ] GC(400) ParOldGen: 9352656K(9352704K)->9352656K(9352704K)
[235.794s][info][gc,metaspace   ] GC(400) Metaspace: 6303K(6528K)->6303K(6528K) NonClass: 5769K(5888K)->5769K(5888K) Class: 533K(640K)->533K(640K)
[235.794s][info][gc             ] GC(400) Pause Full (Ergonomics) 9271M->9271M(9634M) 2690.652ms
[235.794s][info][gc,cpu         ] GC(400) User=20.61s Sys=0.00s Real=2.69s
[235.794s][info][gc,start       ] GC(401) Pause Full (Ergonomics)
[235.794s][info][gc,phases,start] GC(401) Marking Phase
[237.924s][info][gc,phases      ] GC(401) Marking Phase 2129.722ms
[237.924s][info][gc,phases,start] GC(401) Summary Phase
[237.924s][info][gc,phases      ] GC(401) Summary Phase 0.142ms
[237.924s][info][gc,phases,start] GC(401) Adjust Roots
[237.925s][info][gc,phases      ] GC(401) Adjust Roots 0.302ms
[237.925s][info][gc,phases,start] GC(401) Compaction Phase
[238.488s][info][gc,phases      ] GC(401) Compaction Phase 563.400ms
[238.488s][info][gc,phases,start] GC(401) Post Compact
[238.502s][info][gc,phases      ] GC(401) Post Compact 13.617ms
[238.502s][info][gc,heap        ] GC(401) PSYoungGen: 141115K(513024K)->141115K(513024K) Eden: 123392K(123392K)->123392K(123392K) From: 17723K(389632K)->17723K(389632K)
[238.502s][info][gc,heap        ] GC(401) ParOldGen: 9352661K(9352704K)->9352661K(9352704K)
[238.502s][info][gc,metaspace   ] GC(401) Metaspace: 6303K(6528K)->6303K(6528K) NonClass: 5769K(5888K)->5769K(5888K) Class: 533K(640K)->533K(640K)
[238.502s][info][gc             ] GC(401) Pause Full (Ergonomics) 9271M->9271M(9634M) 2707.595ms
[238.502s][info][gc,cpu         ] GC(401) User=20.69s Sys=0.00s Real=2.71s
[238.502s][info][gc,start       ] GC(402) Pause Full (Ergonomics)
[238.502s][info][gc,phases,start] GC(402) Marking Phase
[240.608s][info][gc,phases      ] GC(402) Marking Phase 2105.940ms
[240.608s][info][gc,phases,start] GC(402) Summary Phase
[240.609s][info][gc,phases      ] GC(402) Summary Phase 0.116ms
[240.609s][info][gc,phases,start] GC(402) Adjust Roots
[240.609s][info][gc,phases      ] GC(402) Adjust Roots 0.264ms
[240.609s][info][gc,phases,start] GC(402) Compaction Phase
[241.166s][info][gc,phases      ] GC(402) Compaction Phase 557.264ms
[241.166s][info][gc,phases,start] GC(402) Post Compact
[241.182s][info][gc,phases      ] GC(402) Post Compact 15.589ms
[241.182s][info][gc,heap        ] GC(402) PSYoungGen: 141115K(513024K)->141115K(513024K) Eden: 123392K(123392K)->123392K(123392K) From: 17723K(389632K)->17723K(389632K)
[241.182s][info][gc,heap        ] GC(402) ParOldGen: 9352666K(9352704K)->9352666K(9352704K)
[241.182s][info][gc,metaspace   ] GC(402) Metaspace: 6303K(6528K)->6303K(6528K) NonClass: 5769K(5888K)->5769K(5888K) Class: 533K(640K)->533K(640K)
[241.182s][info][gc             ] GC(402) Pause Full (Ergonomics) 9271M->9271M(9634M) 2679.522ms
[241.182s][info][gc,cpu         ] GC(402) User=20.53s Sys=0.00s Real=2.68s
[241.182s][info][gc,start       ] GC(403) Pause Full (Ergonomics)
[241.182s][info][gc,phases,start] GC(403) Marking Phase
[243.318s][info][gc,phases      ] GC(403) Marking Phase 2136.112ms
[243.318s][info][gc,phases,start] GC(403) Summary Phase
[243.318s][info][gc,phases      ] GC(403) Summary Phase 0.125ms
[243.318s][info][gc,phases,start] GC(403) Adjust Roots
[243.319s][info][gc,phases      ] GC(403) Adjust Roots 0.287ms
[243.319s][info][gc,phases,start] GC(403) Compaction Phase
[243.908s][info][gc,phases      ] GC(403) Compaction Phase 589.129ms
[243.908s][info][gc,phases,start] GC(403) Post Compact
[243.922s][info][gc,phases      ] GC(403) Post Compact 13.846ms
[243.922s][info][gc,heap        ] GC(403) PSYoungGen: 141115K(513024K)->141115K(513024K) Eden: 123392K(123392K)->123392K(123392K) From: 17723K(389632K)->17723K(389632K)
[243.922s][info][gc,heap        ] GC(403) ParOldGen: 9352671K(9352704K)->9352671K(9352704K)
[243.922s][info][gc,metaspace   ] GC(403) Metaspace: 6303K(6528K)->6303K(6528K) NonClass: 5769K(5888K)->5769K(5888K) Class: 533K(640K)->533K(640K)
[243.922s][info][gc             ] GC(403) Pause Full (Ergonomics) 9271M->9271M(9634M) 2739.860ms
[243.922s][info][gc,cpu         ] GC(403) User=20.72s Sys=0.00s Real=2.74s
[243.922s][info][gc,start       ] GC(404) Pause Full (Ergonomics)
[243.922s][info][gc,phases,start] GC(404) Marking Phase
[246.059s][info][gc,phases      ] GC(404) Marking Phase 2136.871ms
[246.059s][info][gc,phases,start] GC(404) Summary Phase
[246.059s][info][gc,phases      ] GC(404) Summary Phase 0.134ms
[246.059s][info][gc,phases,start] GC(404) Adjust Roots
[246.060s][info][gc,phases      ] GC(404) Adjust Roots 0.327ms
[246.060s][info][gc,phases,start] GC(404) Compaction Phase
[246.641s][info][gc,phases      ] GC(404) Compaction Phase 581.139ms
[246.641s][info][gc,phases,start] GC(404) Post Compact
[246.655s][info][gc,phases      ] GC(404) Post Compact 14.506ms
[246.656s][info][gc,heap        ] GC(404) PSYoungGen: 141115K(513024K)->141115K(513024K) Eden: 123392K(123392K)->123392K(123392K) From: 17723K(389632K)->17723K(389632K)
[246.656s][info][gc,heap        ] GC(404) ParOldGen: 9352676K(9352704K)->9352676K(9352704K)
[246.656s][info][gc,metaspace   ] GC(404) Metaspace: 6303K(6528K)->6303K(6528K) NonClass: 5769K(5888K)->5769K(5888K) Class: 533K(640K)->533K(640K)
[246.656s][info][gc             ] GC(404) Pause Full (Ergonomics) 9271M->9271M(9634M) 2733.440ms
[246.656s][info][gc,cpu         ] GC(404) User=20.77s Sys=0.02s Real=2.73s
[246.656s][info][gc,start       ] GC(405) Pause Full (Ergonomics)
[246.656s][info][gc,phases,start] GC(405) Marking Phase
[248.826s][info][gc,phases      ] GC(405) Marking Phase 2170.007ms
[248.826s][info][gc,phases,start] GC(405) Summary Phase
[248.826s][info][gc,phases      ] GC(405) Summary Phase 0.183ms
[248.826s][info][gc,phases,start] GC(405) Adjust Roots
[248.827s][info][gc,phases      ] GC(405) Adjust Roots 0.401ms
[248.827s][info][gc,phases,start] GC(405) Compaction Phase
[249.418s][info][gc,phases      ] GC(405) Compaction Phase 591.080ms
[249.418s][info][gc,phases,start] GC(405) Post Compact
[249.434s][info][gc,phases      ] GC(405) Post Compact 15.958ms
[249.434s][info][gc,heap        ] GC(405) PSYoungGen: 141115K(513024K)->141115K(513024K) Eden: 123392K(123392K)->123392K(123392K) From: 17723K(389632K)->17723K(389632K)
[249.434s][info][gc,heap        ] GC(405) ParOldGen: 9352680K(9352704K)->9352680K(9352704K)
[249.434s][info][gc,metaspace   ] GC(405) Metaspace: 6303K(6528K)->6303K(6528K) NonClass: 5769K(5888K)->5769K(5888K) Class: 533K(640K)->533K(640K)
[249.434s][info][gc             ] GC(405) Pause Full (Ergonomics) 9271M->9271M(9634M) 2778.214ms
[249.434s][info][gc,cpu         ] GC(405) User=21.05s Sys=0.02s Real=2.78s
[249.434s][info][gc,start       ] GC(406) Pause Full (Ergonomics)
[249.434s][info][gc,phases,start] GC(406) Marking Phase
[251.614s][info][gc,phases      ] GC(406) Marking Phase 2179.866ms
[251.614s][info][gc,phases,start] GC(406) Summary Phase
[251.614s][info][gc,phases      ] GC(406) Summary Phase 0.158ms
[251.614s][info][gc,phases,start] GC(406) Adjust Roots
[251.615s][info][gc,phases      ] GC(406) Adjust Roots 0.363ms
[251.615s][info][gc,phases,start] GC(406) Compaction Phase
[252.197s][info][gc,phases      ] GC(406) Compaction Phase 582.479ms
[252.197s][info][gc,phases,start] GC(406) Post Compact
[252.213s][info][gc,phases      ] GC(406) Post Compact 15.128ms
[252.213s][info][gc,heap        ] GC(406) PSYoungGen: 141115K(513024K)->141115K(513024K) Eden: 123392K(123392K)->123392K(123392K) From: 17723K(389632K)->17723K(389632K)
[252.213s][info][gc,heap        ] GC(406) ParOldGen: 9352685K(9352704K)->9352685K(9352704K)
[252.213s][info][gc,metaspace   ] GC(406) Metaspace: 6303K(6528K)->6303K(6528K) NonClass: 5769K(5888K)->5769K(5888K) Class: 533K(640K)->533K(640K)
[252.213s][info][gc             ] GC(406) Pause Full (Ergonomics) 9271M->9271M(9634M) 2778.467ms
[252.213s][info][gc,cpu         ] GC(406) User=21.02s Sys=0.00s Real=2.78s
[252.213s][info][gc,start       ] GC(407) Pause Full (Ergonomics)
[252.213s][info][gc,phases,start] GC(407) Marking Phase
[254.369s][info][gc,phases      ] GC(407) Marking Phase 2155.742ms
[254.369s][info][gc,phases,start] GC(407) Summary Phase
[254.369s][info][gc,phases      ] GC(407) Summary Phase 0.088ms
[254.369s][info][gc,phases,start] GC(407) Adjust Roots
[254.369s][info][gc,phases      ] GC(407) Adjust Roots 0.168ms
[254.369s][info][gc,phases,start] GC(407) Compaction Phase
[254.936s][info][gc,phases      ] GC(407) Compaction Phase 566.679ms
[254.936s][info][gc,phases,start] GC(407) Post Compact
[254.950s][info][gc,phases      ] GC(407) Post Compact 14.063ms
[254.950s][info][gc,heap        ] GC(407) PSYoungGen: 141115K(513024K)->141115K(513024K) Eden: 123392K(123392K)->123392K(123392K) From: 17723K(389632K)->17723K(389632K)
[254.950s][info][gc,heap        ] GC(407) ParOldGen: 9352690K(9352704K)->9352690K(9352704K)
[254.950s][info][gc,metaspace   ] GC(407) Metaspace: 6303K(6528K)->6303K(6528K) NonClass: 5769K(5888K)->5769K(5888K) Class: 533K(640K)->533K(640K)
[254.950s][info][gc             ] GC(407) Pause Full (Ergonomics) 9271M->9271M(9634M) 2737.066ms
[254.950s][info][gc,cpu         ] GC(407) User=21.06s Sys=0.02s Real=2.74s
[254.950s][info][gc,start       ] GC(408) Pause Full (Ergonomics)
[254.950s][info][gc,phases,start] GC(408) Marking Phase
[257.091s][info][gc,phases      ] GC(408) Marking Phase 2141.032ms
[257.091s][info][gc,phases,start] GC(408) Summary Phase
[257.091s][info][gc,phases      ] GC(408) Summary Phase 0.116ms
[257.091s][info][gc,phases,start] GC(408) Adjust Roots
[257.092s][info][gc,phases      ] GC(408) Adjust Roots 0.208ms
[257.092s][info][gc,phases,start] GC(408) Compaction Phase
[257.660s][info][gc,phases      ] GC(408) Compaction Phase 568.551ms
[257.660s][info][gc,phases,start] GC(408) Post Compact
[257.675s][info][gc,phases      ] GC(408) Post Compact 14.345ms
[257.675s][info][gc,heap        ] GC(408) PSYoungGen: 141115K(513024K)->141115K(513024K) Eden: 123392K(123392K)->123392K(123392K) From: 17723K(389632K)->17723K(389632K)
[257.675s][info][gc,heap        ] GC(408) ParOldGen: 9352695K(9352704K)->9352695K(9352704K)
[257.675s][info][gc,metaspace   ] GC(408) Metaspace: 6303K(6528K)->6303K(6528K) NonClass: 5769K(5888K)->5769K(5888K) Class: 533K(640K)->533K(640K)
[257.675s][info][gc             ] GC(408) Pause Full (Ergonomics) 9271M->9271M(9634M) 2724.758ms
[257.675s][info][gc,cpu         ] GC(408) User=20.72s Sys=0.03s Real=2.73s
[257.675s][info][gc,start       ] GC(409) Pause Full (Ergonomics)
[257.675s][info][gc,phases,start] GC(409) Marking Phase
[259.817s][info][gc,phases      ] GC(409) Marking Phase 2141.432ms
[259.817s][info][gc,phases,start] GC(409) Summary Phase
[259.817s][info][gc,phases      ] GC(409) Summary Phase 0.113ms
[259.817s][info][gc,phases,start] GC(409) Adjust Roots
[259.817s][info][gc,phases      ] GC(409) Adjust Roots 0.272ms
[259.817s][info][gc,phases,start] GC(409) Compaction Phase
[260.396s][info][gc,phases      ] GC(409) Compaction Phase 579.350ms
[260.396s][info][gc,phases,start] GC(409) Post Compact
[260.410s][info][gc,phases      ] GC(409) Post Compact 13.803ms
[260.410s][info][gc,heap        ] GC(409) PSYoungGen: 141115K(513024K)->141115K(513024K) Eden: 123392K(123392K)->123392K(123392K) From: 17723K(389632K)->17723K(389632K)
[260.410s][info][gc,heap        ] GC(409) ParOldGen: 9352700K(9352704K)->9352700K(9352704K)
[260.410s][info][gc,metaspace   ] GC(409) Metaspace: 6303K(6528K)->6303K(6528K) NonClass: 5769K(5888K)->5769K(5888K) Class: 533K(640K)->533K(640K)
[260.410s][info][gc             ] GC(409) Pause Full (Ergonomics) 9271M->9271M(9634M) 2735.322ms
[260.410s][info][gc,cpu         ] GC(409) User=20.70s Sys=0.05s Real=2.73s
[260.411s][info][gc,start       ] GC(410) Pause Full (Ergonomics)
[260.411s][info][gc,phases,start] GC(410) Marking Phase
[262.562s][info][gc,phases      ] GC(410) Marking Phase 2151.200ms
[262.562s][info][gc,phases,start] GC(410) Summary Phase
[262.562s][info][gc,phases      ] GC(410) Summary Phase 0.170ms
[262.562s][info][gc,phases,start] GC(410) Adjust Roots
[262.563s][info][gc,phases      ] GC(410) Adjust Roots 0.351ms
[262.563s][info][gc,phases,start] GC(410) Compaction Phase
[263.148s][info][gc,phases      ] GC(410) Compaction Phase 585.707ms
[263.148s][info][gc,phases,start] GC(410) Post Compact
[263.163s][info][gc,phases      ] GC(410) Post Compact 15.050ms
[263.164s][info][gc,heap        ] GC(410) PSYoungGen: 141115K(513024K)->141115K(513024K) Eden: 123392K(123392K)->123392K(123392K) From: 17723K(389632K)->17723K(389632K)
[263.164s][info][gc,heap        ] GC(410) ParOldGen: 9352703K(9352704K)->9352703K(9352704K)
[263.164s][info][gc,metaspace   ] GC(410) Metaspace: 6303K(6528K)->6303K(6528K) NonClass: 5769K(5888K)->5769K(5888K) Class: 533K(640K)->533K(640K)
[263.164s][info][gc             ] GC(410) Pause Full (Ergonomics) 9271M->9271M(9634M) 2752.927ms
[263.164s][info][gc,cpu         ] GC(410) User=20.91s Sys=0.02s Real=2.75s
[263.164s][info][gc,start       ] GC(411) Pause Full (Allocation Failure)
[263.164s][info][gc,phases,start] GC(411) Marking Phase
[265.292s][info][gc,phases      ] GC(411) Marking Phase 2128.319ms
[265.292s][info][gc,phases,start] GC(411) Summary Phase
[265.292s][info][gc,phases      ] GC(411) Summary Phase 0.151ms
[265.292s][info][gc,phases,start] GC(411) Adjust Roots
[265.293s][info][gc,phases      ] GC(411) Adjust Roots 0.504ms
[265.293s][info][gc,phases,start] GC(411) Compaction Phase
[267.615s][info][gc,phases      ] GC(411) Compaction Phase 2321.732ms
[267.615s][info][gc,phases,start] GC(411) Post Compact
[267.629s][info][gc,phases      ] GC(411) Post Compact 14.258ms
[267.629s][info][gc,heap        ] GC(411) PSYoungGen: 141115K(513024K)->141115K(513024K) Eden: 123392K(123392K)->123392K(123392K) From: 17723K(389632K)->17723K(389632K)
[267.629s][info][gc,heap        ] GC(411) ParOldGen: 9352703K(9352704K)->9352699K(9352704K)
[267.629s][info][gc,metaspace   ] GC(411) Metaspace: 6303K(6528K)->6301K(6528K) NonClass: 5769K(5888K)->5768K(5888K) Class: 533K(640K)->532K(640K)
[267.629s][info][gc             ] GC(411) Pause Full (Allocation Failure) 9271M->9271M(9634M) 4465.406ms
[267.629s][info][gc,cpu         ] GC(411) User=33.20s Sys=0.00s Real=4.47s
[267.629s][info][gc,start       ] GC(412) Pause Full (Ergonomics)
[267.629s][info][gc,phases,start] GC(412) Marking Phase
[269.790s][info][gc,phases      ] GC(412) Marking Phase 2160.152ms
[269.790s][info][gc,phases,start] GC(412) Summary Phase
[269.790s][info][gc,phases      ] GC(412) Summary Phase 0.096ms
[269.790s][info][gc,phases,start] GC(412) Adjust Roots
[269.790s][info][gc,phases      ] GC(412) Adjust Roots 0.171ms
[269.790s][info][gc,phases,start] GC(412) Compaction Phase
[270.354s][info][gc,phases      ] GC(412) Compaction Phase 563.625ms
[270.354s][info][gc,phases,start] GC(412) Post Compact
[270.367s][info][gc,phases      ] GC(412) Post Compact 13.585ms
[270.367s][info][gc,heap        ] GC(412) PSYoungGen: 141115K(513024K)->141115K(513024K) Eden: 123392K(123392K)->123392K(123392K) From: 17723K(389632K)->17723K(389632K)
[270.367s][info][gc,heap        ] GC(412) ParOldGen: 9352700K(9352704K)->9352700K(9352704K)
[270.367s][info][gc,metaspace   ] GC(412) Metaspace: 6301K(6528K)->6301K(6528K) NonClass: 5768K(5888K)->5768K(5888K) Class: 532K(640K)->532K(640K)
[270.367s][info][gc             ] GC(412) Pause Full (Ergonomics) 9271M->9271M(9634M) 2737.955ms
[270.367s][info][gc,cpu         ] GC(412) User=21.02s Sys=0.00s Real=2.74s
[270.368s][info][gc,start       ] GC(413) Pause Full (Ergonomics)
[270.368s][info][gc,phases,start] GC(413) Marking Phase
[272.504s][info][gc,phases      ] GC(413) Marking Phase 2135.737ms
[272.504s][info][gc,phases,start] GC(413) Summary Phase
[272.504s][info][gc,phases      ] GC(413) Summary Phase 0.110ms
[272.504s][info][gc,phases,start] GC(413) Adjust Roots
[272.504s][info][gc,phases      ] GC(413) Adjust Roots 0.263ms
[272.504s][info][gc,phases,start] GC(413) Compaction Phase
[273.070s][info][gc,phases      ] GC(413) Compaction Phase 566.047ms
[273.070s][info][gc,phases,start] GC(413) Post Compact
[273.086s][info][gc,phases      ] GC(413) Post Compact 15.438ms
[273.086s][info][gc,heap        ] GC(413) PSYoungGen: 141115K(513024K)->141115K(513024K) Eden: 123392K(123392K)->123392K(123392K) From: 17723K(389632K)->17723K(389632K)
[273.086s][info][gc,heap        ] GC(413) ParOldGen: 9352703K(9352704K)->9352703K(9352704K)
[273.086s][info][gc,metaspace   ] GC(413) Metaspace: 6301K(6528K)->6301K(6528K) NonClass: 5768K(5888K)->5768K(5888K) Class: 532K(640K)->532K(640K)
[273.086s][info][gc             ] GC(413) Pause Full (Ergonomics) 9271M->9271M(9634M) 2717.947ms
[273.086s][info][gc,cpu         ] GC(413) User=20.95s Sys=0.02s Real=2.72s
[273.086s][info][gc,start       ] GC(414) Pause Full (Allocation Failure)
[273.086s][info][gc,phases,start] GC(414) Marking Phase
[275.224s][info][gc,phases      ] GC(414) Marking Phase 2138.231ms
[275.224s][info][gc,phases,start] GC(414) Summary Phase
[275.224s][info][gc,phases      ] GC(414) Summary Phase 0.100ms
[275.224s][info][gc,phases,start] GC(414) Adjust Roots
[275.224s][info][gc,phases      ] GC(414) Adjust Roots 0.185ms
[275.224s][info][gc,phases,start] GC(414) Compaction Phase
[275.800s][info][gc,phases      ] GC(414) Compaction Phase 575.215ms
[275.800s][info][gc,phases,start] GC(414) Post Compact
[275.815s][info][gc,phases      ] GC(414) Post Compact 15.696ms
[275.816s][info][gc,heap        ] GC(414) PSYoungGen: 141115K(513024K)->141115K(513024K) Eden: 123392K(123392K)->123392K(123392K) From: 17723K(389632K)->17723K(389632K)
[275.816s][info][gc,heap        ] GC(414) ParOldGen: 9352703K(9352704K)->9352703K(9352704K)
[275.816s][info][gc,metaspace   ] GC(414) Metaspace: 6301K(6528K)->6301K(6528K) NonClass: 5768K(5888K)->5768K(5888K) Class: 532K(640K)->532K(640K)
[275.816s][info][gc             ] GC(414) Pause Full (Allocation Failure) 9271M->9271M(9634M) 2729.801ms
[275.816s][info][gc,cpu         ] GC(414) User=20.84s Sys=0.02s Real=2.73s
[275.816s][info][gc,start       ] GC(415) Pause Full (Ergonomics)
[275.816s][info][gc,phases,start] GC(415) Marking Phase
[277.925s][info][gc,phases      ] GC(415) Marking Phase 2109.020ms
[277.925s][info][gc,phases,start] GC(415) Summary Phase
[277.925s][info][gc,phases      ] GC(415) Summary Phase 0.101ms
[277.925s][info][gc,phases,start] GC(415) Adjust Roots
[277.926s][info][gc,phases      ] GC(415) Adjust Roots 0.253ms
[277.926s][info][gc,phases,start] GC(415) Compaction Phase
[280.216s][info][gc,phases      ] GC(415) Compaction Phase 2289.951ms
[280.216s][info][gc,phases,start] GC(415) Post Compact
[280.230s][info][gc,phases      ] GC(415) Post Compact 13.880ms
[280.230s][info][gc,heap        ] GC(415) PSYoungGen: 141115K(513024K)->141115K(513024K) Eden: 123392K(123392K)->123392K(123392K) From: 17723K(389632K)->17723K(389632K)
[280.230s][info][gc,heap        ] GC(415) ParOldGen: 9352704K(9352704K)->9352702K(9352704K)
[280.230s][info][gc,metaspace   ] GC(415) Metaspace: 6301K(6528K)->6301K(6528K) NonClass: 5768K(5888K)->5768K(5888K) Class: 532K(640K)->532K(640K)
[280.230s][info][gc             ] GC(415) Pause Full (Ergonomics) 9271M->9271M(9634M) 4413.613ms
[280.230s][info][gc,cpu         ] GC(415) User=32.42s Sys=0.00s Real=4.41s
[280.230s][info][gc,start       ] GC(416) Pause Full (Ergonomics)
[280.230s][info][gc,phases,start] GC(416) Marking Phase
[282.364s][info][gc,phases      ] GC(416) Marking Phase 2134.054ms
[282.364s][info][gc,phases,start] GC(416) Summary Phase
[282.364s][info][gc,phases      ] GC(416) Summary Phase 0.089ms
[282.364s][info][gc,phases,start] GC(416) Adjust Roots
[282.365s][info][gc,phases      ] GC(416) Adjust Roots 0.171ms
[282.365s][info][gc,phases,start] GC(416) Compaction Phase
[282.929s][info][gc,phases      ] GC(416) Compaction Phase 563.849ms
[282.929s][info][gc,phases,start] GC(416) Post Compact
[282.942s][info][gc,phases      ] GC(416) Post Compact 13.605ms
[282.942s][info][gc,heap        ] GC(416) PSYoungGen: 141115K(513024K)->141115K(513024K) Eden: 123392K(123392K)->123392K(123392K) From: 17723K(389632K)->17723K(389632K)
[282.942s][info][gc,heap        ] GC(416) ParOldGen: 9352703K(9352704K)->9352702K(9352704K)
[282.942s][info][gc,metaspace   ] GC(416) Metaspace: 6301K(6528K)->6301K(6528K) NonClass: 5768K(5888K)->5768K(5888K) Class: 532K(640K)->532K(640K)
[282.942s][info][gc             ] GC(416) Pause Full (Ergonomics) 9271M->9271M(9634M) 2712.104ms
[282.942s][info][gc,cpu         ] GC(416) User=20.59s Sys=0.05s Real=2.71s
[282.943s][info][gc,start       ] GC(417) Pause Full (Ergonomics)
[282.943s][info][gc,phases,start] GC(417) Marking Phase
[285.076s][info][gc,phases      ] GC(417) Marking Phase 2132.509ms
[285.076s][info][gc,phases,start] GC(417) Summary Phase
[285.076s][info][gc,phases      ] GC(417) Summary Phase 0.102ms
[285.076s][info][gc,phases,start] GC(417) Adjust Roots
[285.076s][info][gc,phases      ] GC(417) Adjust Roots 0.307ms
[285.076s][info][gc,phases,start] GC(417) Compaction Phase
[287.462s][info][gc,phases      ] GC(417) Compaction Phase 2385.587ms
[287.462s][info][gc,phases,start] GC(417) Post Compact
[287.475s][info][gc,phases      ] GC(417) Post Compact 12.338ms
[287.475s][info][gc,heap        ] GC(417) PSYoungGen: 141115K(513024K)->141115K(513024K) Eden: 123392K(123392K)->123392K(123392K) From: 17723K(389632K)->17723K(389632K)
[287.475s][info][gc,heap        ] GC(417) ParOldGen: 9352703K(9352704K)->9352701K(9352704K)
[287.475s][info][gc,metaspace   ] GC(417) Metaspace: 6305K(6528K)->6305K(6528K) NonClass: 5770K(5888K)->5770K(5888K) Class: 534K(640K)->534K(640K)
[287.475s][info][gc             ] GC(417) Pause Full (Ergonomics) 9271M->9271M(9634M) 4531.241ms
[287.475s][info][gc,cpu         ] GC(417) User=32.86s Sys=0.02s Real=4.53s
[287.475s][info][gc,heap,exit   ] Heap
[287.475s][info][gc,heap,exit   ]  PSYoungGen      total 513024K, used 141115K [0x00000006e2980000, 0x000000071cb80000, 0x0000000800000000)
[287.475s][info][gc,heap,exit   ]   eden space 123392K, 100% used [0x00000006e2980000,0x00000006ea200000,0x00000006ea200000)
[287.475s][info][gc,heap,exit   ]   from space 389632K, 4% used [0x0000000703200000,0x000000070434eff0,0x000000071ae80000)
[287.475s][info][gc,heap,exit   ]   to   space 406528K, 0% used [0x00000006ea200000,0x00000006ea200000,0x0000000702f00000)
[287.475s][info][gc,heap,exit   ]  ParOldGen       total 9352704K, used 9352701K [0x00000004a7c00000, 0x00000006e2980000, 0x00000006e2980000)
[287.475s][info][gc,heap,exit   ]   object space 9352704K, 99% used [0x00000004a7c00000,0x00000006e297f7b0,0x00000006e2980000)
[287.475s][info][gc,heap,exit   ]  Metaspace       used 6306K, committed 6528K, reserved 1114112K
[287.475s][info][gc,heap,exit   ]   class space    used 534K, committed 640K, reserved 1048576K
