[0.014s][info][gc,init] CardTable entry size: 512
[0.014s][info][gc     ] Using Parallel
[0.014s][info][gc,init] Version: 18.0.1+10 (release)
[0.014s][info][gc,init] CPUs: 8 total, 8 available
[0.014s][info][gc,init] Memory: 16063M
[0.014s][info][gc,init] Large Page Support: Disabled
[0.014s][info][gc,init] NUMA Support: Disabled
[0.014s][info][gc,init] Compressed Oops: Enabled (32-bit)
[0.015s][info][gc,init] Alignments: Space 512K, Generation 512K, Heap 2M
[0.015s][info][gc,init] Heap Min Capacity: 2M
[0.015s][info][gc,init] Heap Initial Capacity: 2M
[0.015s][info][gc,init] Heap Max Capacity: 1500M
[0.015s][info][gc,init] Pre-touch: Disabled
[0.015s][info][gc,init] Parallel Workers: 8
[0.015s][info][gc,metaspace] CDS archive(s) not mapped
[0.015s][info][gc,metaspace] Compressed class space mapped at: 0x0000000100000000-0x0000000140000000, reserved size: 1073741824
[0.015s][info][gc,metaspace] Narrow klass base: 0x0000000000000000, Narrow klass shift: 3, Narrow klass range: 0x140000000
[0.122s][info][gc,start    ] GC(0) Pause Young (Allocation Failure)
[0.124s][info][gc,heap     ] GC(0) PSYoungGen: 512K(1024K)->480K(1024K) Eden: 512K(512K)->0K(512K) From: 0K(512K)->480K(512K)
[0.124s][info][gc,heap     ] GC(0) ParOldGen: 0K(512K)->8K(512K)
[0.124s][info][gc,metaspace] GC(0) Metaspace: 4229K(4352K)->4229K(4352K) NonClass: 3908K(3968K)->3908K(3968K) Class: 321K(384K)->321K(384K)
[0.124s][info][gc          ] GC(0) Pause Young (Allocation Failure) 0M->0M(1M) 1.603ms
[0.124s][info][gc,cpu      ] GC(0) User=0.00s Sys=0.00s Real=0.00s
[0.190s][info][gc,start    ] GC(1) Pause Young (Allocation Failure)
[0.191s][info][gc,heap     ] GC(1) PSYoungGen: 991K(1024K)->512K(1536K) Eden: 511K(512K)->0K(1024K) From: 480K(512K)->512K(512K)
[0.191s][info][gc,heap     ] GC(1) ParOldGen: 8K(512K)->80K(512K)
[0.191s][info][gc,metaspace] GC(1) Metaspace: 5880K(6016K)->5880K(6016K) NonClass: 5383K(5504K)->5383K(5504K) Class: 496K(512K)->496K(512K)
[0.191s][info][gc          ] GC(1) Pause Young (Allocation Failure) 0M->0M(2M) 0.924ms
[0.191s][info][gc,cpu      ] GC(1) User=0.00s Sys=0.00s Real=0.00s
[0.211s][info][gc,start    ] GC(2) Pause Young (Allocation Failure)
[0.212s][info][gc,heap     ] GC(2) PSYoungGen: 1536K(1536K)->512K(1536K) Eden: 1024K(1024K)->0K(1024K) From: 512K(512K)->512K(512K)
[0.212s][info][gc,heap     ] GC(2) ParOldGen: 80K(512K)->504K(512K)
[0.212s][info][gc,metaspace] GC(2) Metaspace: 6299K(6464K)->6299K(6464K) NonClass: 5766K(5824K)->5766K(5824K) Class: 533K(640K)->533K(640K)
[0.212s][info][gc          ] GC(2) Pause Young (Allocation Failure) 1M->0M(2M) 1.108ms
[0.212s][info][gc,cpu      ] GC(2) User=0.00s Sys=0.00s Real=0.00s
[0.212s][info][gc,start    ] GC(3) Pause Full (Ergonomics)
[0.212s][info][gc,phases,start] GC(3) Marking Phase
[0.213s][info][gc,phases      ] GC(3) Marking Phase 1.065ms
[0.213s][info][gc,phases,start] GC(3) Summary Phase
[0.213s][info][gc,phases      ] GC(3) Summary Phase 0.013ms
[0.213s][info][gc,phases,start] GC(3) Adjust Roots
[0.214s][info][gc,phases      ] GC(3) Adjust Roots 0.395ms
[0.214s][info][gc,phases,start] GC(3) Compaction Phase
[0.216s][info][gc,phases      ] GC(3) Compaction Phase 1.995ms
[0.216s][info][gc,phases,start] GC(3) Post Compact
[0.216s][info][gc,phases      ] GC(3) Post Compact 0.092ms
[0.216s][info][gc,heap        ] GC(3) PSYoungGen: 512K(1536K)->503K(1536K) Eden: 0K(1024K)->0K(1024K) From: 512K(512K)->503K(512K)
[0.216s][info][gc,heap        ] GC(3) ParOldGen: 504K(512K)->477K(2048K)
[0.216s][info][gc,metaspace   ] GC(3) Metaspace: 6299K(6464K)->6299K(6464K) NonClass: 5766K(5824K)->5766K(5824K) Class: 533K(640K)->533K(640K)
[0.216s][info][gc             ] GC(3) Pause Full (Ergonomics) 0M->0M(3M) 3.832ms
[0.216s][info][gc,cpu         ] GC(3) User=0.00s Sys=0.00s Real=0.00s
[0.217s][info][gc,start       ] GC(4) Pause Young (Allocation Failure)
[0.219s][info][gc,heap        ] GC(4) PSYoungGen: 1527K(1536K)->480K(2560K) Eden: 1024K(1024K)->0K(2048K) From: 503K(512K)->480K(512K)
[0.219s][info][gc,heap        ] GC(4) ParOldGen: 477K(2048K)->1041K(2048K)
[0.219s][info][gc,metaspace   ] GC(4) Metaspace: 6299K(6464K)->6299K(6464K) NonClass: 5766K(5824K)->5766K(5824K) Class: 533K(640K)->533K(640K)
[0.219s][info][gc             ] GC(4) Pause Young (Allocation Failure) 1M->1M(4M) 1.407ms
[0.219s][info][gc,cpu         ] GC(4) User=0.00s Sys=0.00s Real=0.00s
[0.222s][info][gc,start       ] GC(5) Pause Young (Allocation Failure)
[0.224s][info][gc,heap        ] GC(5) PSYoungGen: 2528K(2560K)->480K(2560K) Eden: 2048K(2048K)->0K(2048K) From: 480K(512K)->480K(512K)
[0.224s][info][gc,heap        ] GC(5) ParOldGen: 1041K(2048K)->2113K(2560K)
[0.224s][info][gc,metaspace   ] GC(5) Metaspace: 6299K(6464K)->6299K(6464K) NonClass: 5766K(5824K)->5766K(5824K) Class: 533K(640K)->533K(640K)
[0.224s][info][gc             ] GC(5) Pause Young (Allocation Failure) 3M->2M(5M) 1.723ms
[0.224s][info][gc,cpu         ] GC(5) User=0.00s Sys=0.00s Real=0.00s
[0.224s][info][gc,start       ] GC(6) Pause Full (Ergonomics)
[0.224s][info][gc,phases,start] GC(6) Marking Phase
[0.225s][info][gc,phases      ] GC(6) Marking Phase 1.499ms
[0.225s][info][gc,phases,start] GC(6) Summary Phase
[0.225s][info][gc,phases      ] GC(6) Summary Phase 0.029ms
[0.225s][info][gc,phases,start] GC(6) Adjust Roots
[0.226s][info][gc,phases      ] GC(6) Adjust Roots 0.490ms
[0.226s][info][gc,phases,start] GC(6) Compaction Phase
[0.229s][info][gc,phases      ] GC(6) Compaction Phase 3.230ms
[0.229s][info][gc,phases,start] GC(6) Post Compact
[0.229s][info][gc,phases      ] GC(6) Post Compact 0.039ms
[0.229s][info][gc,heap        ] GC(6) PSYoungGen: 480K(2560K)->0K(4096K) Eden: 0K(2048K)->0K(3072K) From: 480K(512K)->0K(1024K)
[0.229s][info][gc,heap        ] GC(6) ParOldGen: 2113K(2560K)->2541K(6144K)
[0.229s][info][gc,metaspace   ] GC(6) Metaspace: 6299K(6464K)->6299K(6464K) NonClass: 5766K(5824K)->5766K(5824K) Class: 533K(640K)->533K(640K)
[0.229s][info][gc             ] GC(6) Pause Full (Ergonomics) 2M->2M(10M) 5.789ms
[0.230s][info][gc,cpu         ] GC(6) User=0.00s Sys=0.00s Real=0.01s
[0.234s][info][gc,start       ] GC(7) Pause Young (Allocation Failure)
[0.236s][info][gc,heap        ] GC(7) PSYoungGen: 3072K(4096K)->1696K(5120K) Eden: 3072K(3072K)->0K(3072K) From: 0K(1024K)->1696K(2048K)
[0.236s][info][gc,heap        ] GC(7) ParOldGen: 2541K(6144K)->2541K(6144K)
[0.236s][info][gc,metaspace   ] GC(7) Metaspace: 6299K(6464K)->6299K(6464K) NonClass: 5766K(5824K)->5766K(5824K) Class: 533K(640K)->533K(640K)
[0.236s][info][gc             ] GC(7) Pause Young (Allocation Failure) 5M->4M(11M) 2.052ms
[0.236s][info][gc,cpu         ] GC(7) User=0.00s Sys=0.00s Real=0.00s
[0.241s][info][gc,start       ] GC(8) Pause Young (Allocation Failure)
[0.244s][info][gc,heap        ] GC(8) PSYoungGen: 4768K(5120K)->2016K(5632K) Eden: 3072K(3072K)->0K(3584K) From: 1696K(2048K)->2016K(2048K)
[0.244s][info][gc,heap        ] GC(8) ParOldGen: 2541K(6144K)->3773K(6144K)
[0.244s][info][gc,metaspace   ] GC(8) Metaspace: 6299K(6464K)->6299K(6464K) NonClass: 5766K(5824K)->5766K(5824K) Class: 533K(640K)->533K(640K)
[0.244s][info][gc             ] GC(8) Pause Young (Allocation Failure) 7M->5M(11M) 3.500ms
[0.244s][info][gc,cpu         ] GC(8) User=0.00s Sys=0.00s Real=0.00s
[0.250s][info][gc,start       ] GC(9) Pause Young (Allocation Failure)
[0.253s][info][gc,heap        ] GC(9) PSYoungGen: 5600K(5632K)->3040K(6656K) Eden: 3584K(3584K)->0K(3584K) From: 2016K(2048K)->3040K(3072K)
[0.253s][info][gc,heap        ] GC(9) ParOldGen: 3773K(6144K)->4613K(6144K)
[0.253s][info][gc,metaspace   ] GC(9) Metaspace: 6299K(6464K)->6299K(6464K) NonClass: 5766K(5824K)->5766K(5824K) Class: 533K(640K)->533K(640K)
[0.253s][info][gc             ] GC(9) Pause Young (Allocation Failure) 9M->7M(12M) 3.586ms
[0.253s][info][gc,cpu         ] GC(9) User=0.00s Sys=0.00s Real=0.00s
[0.257s][info][gc,start       ] GC(10) Pause Young (Allocation Failure)
[0.261s][info][gc,heap        ] GC(10) PSYoungGen: 6624K(6656K)->4064K(8704K) Eden: 3584K(3584K)->0K(4608K) From: 3040K(3072K)->4064K(4096K)
[0.261s][info][gc,heap        ] GC(10) ParOldGen: 4613K(6144K)->5453K(6144K)
[0.261s][info][gc,metaspace   ] GC(10) Metaspace: 6299K(6464K)->6299K(6464K) NonClass: 5766K(5824K)->5766K(5824K) Class: 533K(640K)->533K(640K)
[0.261s][info][gc             ] GC(10) Pause Young (Allocation Failure) 10M->9M(14M) 3.688ms
[0.261s][info][gc,cpu         ] GC(10) User=0.00s Sys=0.00s Real=0.00s
[0.261s][info][gc,start       ] GC(11) Pause Full (Ergonomics)
[0.261s][info][gc,phases,start] GC(11) Marking Phase
[0.266s][info][gc,phases      ] GC(11) Marking Phase 5.404ms
[0.266s][info][gc,phases,start] GC(11) Summary Phase
[0.266s][info][gc,phases      ] GC(11) Summary Phase 0.017ms
[0.266s][info][gc,phases,start] GC(11) Adjust Roots
[0.267s][info][gc,phases      ] GC(11) Adjust Roots 0.373ms
[0.267s][info][gc,phases,start] GC(11) Compaction Phase
[0.274s][info][gc,phases      ] GC(11) Compaction Phase 6.922ms
[0.274s][info][gc,phases,start] GC(11) Post Compact
[0.274s][info][gc,phases      ] GC(11) Post Compact 0.053ms
[0.274s][info][gc,heap        ] GC(11) PSYoungGen: 4064K(8704K)->3545K(8704K) Eden: 0K(4608K)->0K(4608K) From: 4064K(4096K)->3545K(4096K)
[0.274s][info][gc,heap        ] GC(11) ParOldGen: 5453K(6144K)->5831K(10752K)
[0.274s][info][gc,metaspace   ] GC(11) Metaspace: 6299K(6464K)->6299K(6464K) NonClass: 5766K(5824K)->5766K(5824K) Class: 533K(640K)->533K(640K)
[0.274s][info][gc             ] GC(11) Pause Full (Ergonomics) 9M->9M(19M) 13.134ms
[0.274s][info][gc,cpu         ] GC(11) User=0.00s Sys=0.00s Real=0.01s
[0.279s][info][gc,start       ] GC(12) Pause Young (Allocation Failure)
[0.283s][info][gc,heap        ] GC(12) PSYoungGen: 8013K(8704K)->5088K(9728K) Eden: 4468K(4608K)->0K(4608K) From: 3545K(4096K)->5088K(5120K)
[0.283s][info][gc,heap        ] GC(12) ParOldGen: 5831K(10752K)->6615K(10752K)
[0.283s][info][gc,metaspace   ] GC(12) Metaspace: 6299K(6464K)->6299K(6464K) NonClass: 5766K(5824K)->5766K(5824K) Class: 533K(640K)->533K(640K)
[0.283s][info][gc             ] GC(12) Pause Young (Allocation Failure) 13M->11M(20M) 4.037ms
[0.283s][info][gc,cpu         ] GC(12) User=0.02s Sys=0.00s Real=0.00s
[0.289s][info][gc,start       ] GC(13) Pause Young (Allocation Failure)
[0.294s][info][gc,heap        ] GC(13) PSYoungGen: 9696K(9728K)->6112K(11264K) Eden: 4608K(4608K)->0K(5120K) From: 5088K(5120K)->6112K(6144K)
[0.295s][info][gc,heap        ] GC(13) ParOldGen: 6615K(10752K)->7983K(10752K)
[0.295s][info][gc,metaspace   ] GC(13) Metaspace: 6299K(6464K)->6299K(6464K) NonClass: 5766K(5824K)->5766K(5824K) Class: 533K(640K)->533K(640K)
[0.295s][info][gc             ] GC(13) Pause Young (Allocation Failure) 15M->13M(21M) 5.769ms
[0.295s][info][gc,cpu         ] GC(13) User=0.00s Sys=0.00s Real=0.01s
[0.299s][info][gc,start       ] GC(14) Pause Young (Allocation Failure)
[0.304s][info][gc,heap        ] GC(14) PSYoungGen: 11232K(11264K)->5216K(12800K) Eden: 5120K(5120K)->0K(5120K) From: 6112K(6144K)->5216K(7680K)
[0.304s][info][gc,heap        ] GC(14) ParOldGen: 7983K(10752K)->11591K(11776K)
[0.304s][info][gc,metaspace   ] GC(14) Metaspace: 6301K(6464K)->6301K(6464K) NonClass: 5768K(5824K)->5768K(5824K) Class: 533K(640K)->533K(640K)
[0.304s][info][gc             ] GC(14) Pause Young (Allocation Failure) 18M->16M(24M) 5.665ms
[0.304s][info][gc,cpu         ] GC(14) User=0.00s Sys=0.00s Real=0.01s
[0.304s][info][gc,start       ] GC(15) Pause Full (Ergonomics)
[0.304s][info][gc,phases,start] GC(15) Marking Phase
[0.312s][info][gc,phases      ] GC(15) Marking Phase 7.339ms
[0.312s][info][gc,phases,start] GC(15) Summary Phase
[0.312s][info][gc,phases      ] GC(15) Summary Phase 0.020ms
[0.312s][info][gc,phases,start] GC(15) Adjust Roots
[0.312s][info][gc,phases      ] GC(15) Adjust Roots 0.177ms
[0.312s][info][gc,phases,start] GC(15) Compaction Phase
[0.320s][info][gc,phases      ] GC(15) Compaction Phase 7.666ms
[0.320s][info][gc,phases,start] GC(15) Post Compact
[0.320s][info][gc,phases      ] GC(15) Post Compact 0.086ms
[0.320s][info][gc,heap        ] GC(15) PSYoungGen: 5216K(12800K)->5176K(12800K) Eden: 0K(5120K)->0K(5120K) From: 5216K(7680K)->5176K(7680K)
[0.320s][info][gc,heap        ] GC(15) ParOldGen: 11591K(11776K)->11474K(18432K)
[0.320s][info][gc,metaspace   ] GC(15) Metaspace: 6301K(6464K)->6301K(6464K) NonClass: 5768K(5824K)->5768K(5824K) Class: 533K(640K)->533K(640K)
[0.320s][info][gc             ] GC(15) Pause Full (Ergonomics) 16M->16M(30M) 15.619ms
[0.320s][info][gc,cpu         ] GC(15) User=0.00s Sys=0.00s Real=0.02s
[0.323s][info][gc,start       ] GC(16) Pause Young (Allocation Failure)
[0.329s][info][gc,heap        ] GC(16) PSYoungGen: 10296K(12800K)->2656K(14336K) Eden: 5120K(5120K)->0K(7168K) From: 5176K(7680K)->2656K(7168K)
[0.329s][info][gc,heap        ] GC(16) ParOldGen: 11474K(18432K)->16730K(18432K)
[0.329s][info][gc,metaspace   ] GC(16) Metaspace: 6301K(6464K)->6301K(6464K) NonClass: 5768K(5824K)->5768K(5824K) Class: 533K(640K)->533K(640K)
[0.329s][info][gc             ] GC(16) Pause Young (Allocation Failure) 21M->18M(32M) 5.938ms
[0.329s][info][gc,cpu         ] GC(16) User=0.00s Sys=0.00s Real=0.01s
[0.329s][info][gc,start       ] GC(17) Pause Full (Ergonomics)
[0.329s][info][gc,phases,start] GC(17) Marking Phase
[0.337s][info][gc,phases      ] GC(17) Marking Phase 7.978ms
[0.337s][info][gc,phases,start] GC(17) Summary Phase
[0.337s][info][gc,phases      ] GC(17) Summary Phase 0.019ms
[0.337s][info][gc,phases,start] GC(17) Adjust Roots
[0.337s][info][gc,phases      ] GC(17) Adjust Roots 0.177ms
[0.338s][info][gc,phases,start] GC(17) Compaction Phase
[0.344s][info][gc,phases      ] GC(17) Compaction Phase 6.111ms
[0.344s][info][gc,phases,start] GC(17) Post Compact
[0.344s][info][gc,phases      ] GC(17) Post Compact 0.102ms
[0.344s][info][gc,heap        ] GC(17) PSYoungGen: 2656K(14336K)->1105K(14848K) Eden: 0K(7168K)->0K(7680K) From: 2656K(7168K)->1105K(7168K)
[0.344s][info][gc,heap        ] GC(17) ParOldGen: 16730K(18432K)->18183K(28160K)
[0.344s][info][gc,metaspace   ] GC(17) Metaspace: 6301K(6464K)->6301K(6464K) NonClass: 5768K(5824K)->5768K(5824K) Class: 533K(640K)->533K(640K)
[0.344s][info][gc             ] GC(17) Pause Full (Ergonomics) 18M->18M(42M) 14.776ms
[0.344s][info][gc,cpu         ] GC(17) User=0.00s Sys=0.00s Real=0.02s
[0.348s][info][gc,start       ] GC(18) Pause Young (Allocation Failure)
[0.353s][info][gc,heap        ] GC(18) PSYoungGen: 7799K(14848K)->3456K(15360K) Eden: 6694K(7680K)->0K(7680K) From: 1105K(7168K)->3456K(7680K)
[0.353s][info][gc,heap        ] GC(18) ParOldGen: 18183K(28160K)->19311K(28160K)
[0.353s][info][gc,metaspace   ] GC(18) Metaspace: 6301K(6464K)->6301K(6464K) NonClass: 5768K(5824K)->5768K(5824K) Class: 533K(640K)->533K(640K)
[0.353s][info][gc             ] GC(18) Pause Young (Allocation Failure) 25M->22M(42M) 5.213ms
[0.353s][info][gc,cpu         ] GC(18) User=0.00s Sys=0.00s Real=0.00s
[0.361s][info][gc,start       ] GC(19) Pause Young (Allocation Failure)
[0.368s][info][gc,heap        ] GC(19) PSYoungGen: 11135K(15360K)->7648K(16896K) Eden: 7679K(7680K)->0K(9216K) From: 3456K(7680K)->7648K(7680K)
[0.368s][info][gc,heap        ] GC(19) ParOldGen: 19311K(28160K)->19535K(28160K)
[0.368s][info][gc,metaspace   ] GC(19) Metaspace: 6301K(6464K)->6301K(6464K) NonClass: 5768K(5824K)->5768K(5824K) Class: 533K(640K)->533K(640K)
[0.368s][info][gc             ] GC(19) Pause Young (Allocation Failure) 29M->26M(44M) 7.004ms
[0.368s][info][gc,cpu         ] GC(19) User=0.00s Sys=0.00s Real=0.01s
[0.374s][info][gc,start       ] GC(20) Pause Young (Allocation Failure)
[0.382s][info][gc,heap        ] GC(20) PSYoungGen: 16864K(16896K)->4800K(17920K) Eden: 9216K(9216K)->0K(9216K) From: 7648K(7680K)->4800K(8704K)
[0.382s][info][gc,heap        ] GC(20) ParOldGen: 19535K(28160K)->27287K(28160K)
[0.382s][info][gc,metaspace   ] GC(20) Metaspace: 6301K(6464K)->6301K(6464K) NonClass: 5768K(5824K)->5768K(5824K) Class: 533K(640K)->533K(640K)
[0.382s][info][gc             ] GC(20) Pause Young (Allocation Failure) 35M->31M(45M) 7.961ms
[0.382s][info][gc,cpu         ] GC(20) User=0.00s Sys=0.00s Real=0.01s
[0.382s][info][gc,start       ] GC(21) Pause Full (Ergonomics)
[0.382s][info][gc,phases,start] GC(21) Marking Phase
[0.395s][info][gc,phases      ] GC(21) Marking Phase 12.862ms
[0.395s][info][gc,phases,start] GC(21) Summary Phase
[0.395s][info][gc,phases      ] GC(21) Summary Phase 0.021ms
[0.395s][info][gc,phases,start] GC(21) Adjust Roots
[0.395s][info][gc,phases      ] GC(21) Adjust Roots 0.176ms
[0.395s][info][gc,phases,start] GC(21) Compaction Phase
[0.408s][info][gc,phases      ] GC(21) Compaction Phase 12.623ms
[0.408s][info][gc,phases,start] GC(21) Post Compact
[0.408s][info][gc,phases      ] GC(21) Post Compact 0.134ms
[0.408s][info][gc,heap        ] GC(21) PSYoungGen: 4800K(17920K)->3738K(17920K) Eden: 0K(9216K)->0K(9216K) From: 4800K(8704K)->3738K(8704K)
[0.408s][info][gc,heap        ] GC(21) ParOldGen: 27287K(28160K)->27651K(40960K)
[0.408s][info][gc,metaspace   ] GC(21) Metaspace: 6301K(6464K)->6301K(6464K) NonClass: 5768K(5824K)->5768K(5824K) Class: 533K(640K)->533K(640K)
[0.408s][info][gc             ] GC(21) Pause Full (Ergonomics) 31M->30M(57M) 26.337ms
[0.408s][info][gc,cpu         ] GC(21) User=0.00s Sys=0.00s Real=0.03s
[0.417s][info][gc,start       ] GC(22) Pause Young (Allocation Failure)
[0.427s][info][gc,heap        ] GC(22) PSYoungGen: 12954K(17920K)->7648K(19456K) Eden: 9216K(9216K)->0K(10752K) From: 3738K(8704K)->7648K(8704K)
[0.427s][info][gc,heap        ] GC(22) ParOldGen: 27651K(40960K)->31459K(40960K)
[0.427s][info][gc,metaspace   ] GC(22) Metaspace: 6301K(6464K)->6301K(6464K) NonClass: 5768K(5824K)->5768K(5824K) Class: 533K(640K)->533K(640K)
[0.428s][info][gc             ] GC(22) Pause Young (Allocation Failure) 39M->38M(59M) 10.005ms
[0.428s][info][gc,cpu         ] GC(22) User=0.00s Sys=0.00s Real=0.01s
[0.441s][info][gc,start       ] GC(23) Pause Young (Allocation Failure)
[0.454s][info][gc,heap        ] GC(23) PSYoungGen: 18400K(19456K)->9696K(20480K) Eden: 10752K(10752K)->0K(10752K) From: 7648K(8704K)->9696K(9728K)
[0.454s][info][gc,heap        ] GC(23) ParOldGen: 31459K(40960K)->40259K(40960K)
[0.454s][info][gc,metaspace   ] GC(23) Metaspace: 6301K(6464K)->6301K(6464K) NonClass: 5768K(5824K)->5768K(5824K) Class: 533K(640K)->533K(640K)
[0.454s][info][gc             ] GC(23) Pause Young (Allocation Failure) 48M->48M(60M) 12.917ms
[0.454s][info][gc,cpu         ] GC(23) User=0.00s Sys=0.00s Real=0.01s
[0.454s][info][gc,start       ] GC(24) Pause Full (Ergonomics)
[0.454s][info][gc,phases,start] GC(24) Marking Phase
[0.472s][info][gc,phases      ] GC(24) Marking Phase 18.587ms
[0.472s][info][gc,phases,start] GC(24) Summary Phase
[0.472s][info][gc,phases      ] GC(24) Summary Phase 0.023ms
[0.472s][info][gc,phases,start] GC(24) Adjust Roots
[0.473s][info][gc,phases      ] GC(24) Adjust Roots 0.159ms
[0.473s][info][gc,phases,start] GC(24) Compaction Phase
[0.489s][info][gc,phases      ] GC(24) Compaction Phase 16.297ms
[0.489s][info][gc,phases,start] GC(24) Post Compact
[0.489s][info][gc,phases      ] GC(24) Post Compact 0.177ms
[0.489s][info][gc,heap        ] GC(24) PSYoungGen: 9696K(20480K)->8659K(20480K) Eden: 0K(10752K)->0K(10752K) From: 9696K(9728K)->8659K(9728K)
[0.489s][info][gc,heap        ] GC(24) ParOldGen: 40259K(40960K)->40039K(57344K)
[0.489s][info][gc,metaspace   ] GC(24) Metaspace: 6301K(6464K)->6301K(6464K) NonClass: 5768K(5824K)->5768K(5824K) Class: 533K(640K)->533K(640K)
[0.489s][info][gc             ] GC(24) Pause Full (Ergonomics) 48M->47M(76M) 35.640ms
[0.489s][info][gc,cpu         ] GC(24) User=0.03s Sys=0.00s Real=0.04s
[0.500s][info][gc,start       ] GC(25) Pause Young (Allocation Failure)
[0.516s][info][gc,heap        ] GC(25) PSYoungGen: 19411K(20480K)->10752K(26624K) Eden: 10752K(10752K)->0K(12288K) From: 8659K(9728K)->10752K(14336K)
[0.516s][info][gc,heap        ] GC(25) ParOldGen: 40039K(57344K)->48815K(57344K)
[0.516s][info][gc,metaspace   ] GC(25) Metaspace: 6301K(6464K)->6301K(6464K) NonClass: 5768K(5824K)->5768K(5824K) Class: 533K(640K)->533K(640K)
[0.516s][info][gc             ] GC(25) Pause Young (Allocation Failure) 58M->58M(82M) 15.991ms
[0.516s][info][gc,cpu         ] GC(25) User=0.00s Sys=0.00s Real=0.02s
[0.516s][info][gc,start       ] GC(26) Pause Full (Ergonomics)
[0.516s][info][gc,phases,start] GC(26) Marking Phase
[0.539s][info][gc,phases      ] GC(26) Marking Phase 22.356ms
[0.539s][info][gc,phases,start] GC(26) Summary Phase
[0.539s][info][gc,phases      ] GC(26) Summary Phase 0.029ms
[0.539s][info][gc,phases,start] GC(26) Adjust Roots
[0.539s][info][gc,phases      ] GC(26) Adjust Roots 0.158ms
[0.539s][info][gc,phases,start] GC(26) Compaction Phase
[0.557s][info][gc,phases      ] GC(26) Compaction Phase 18.482ms
[0.557s][info][gc,phases,start] GC(26) Post Compact
[0.558s][info][gc,phases      ] GC(26) Post Compact 0.226ms
[0.558s][info][gc,heap        ] GC(26) PSYoungGen: 10752K(26624K)->2543K(26624K) Eden: 0K(12288K)->0K(12288K) From: 10752K(14336K)->2543K(14336K)
[0.558s][info][gc,heap        ] GC(26) ParOldGen: 48815K(57344K)->56874K(77824K)
[0.558s][info][gc,metaspace   ] GC(26) Metaspace: 6301K(6464K)->6301K(6464K) NonClass: 5768K(5824K)->5768K(5824K) Class: 533K(640K)->533K(640K)
[0.558s][info][gc             ] GC(26) Pause Full (Ergonomics) 58M->58M(102M) 41.644ms
[0.558s][info][gc,cpu         ] GC(26) User=0.03s Sys=0.00s Real=0.04s
[0.572s][info][gc,start       ] GC(27) Pause Young (Allocation Failure)
[0.587s][info][gc,heap        ] GC(27) PSYoungGen: 14831K(26624K)->12288K(27648K) Eden: 12288K(12288K)->0K(12288K) From: 2543K(14336K)->12288K(15360K)
[0.587s][info][gc,heap        ] GC(27) ParOldGen: 56874K(77824K)->59466K(77824K)
[0.587s][info][gc,metaspace   ] GC(27) Metaspace: 6301K(6464K)->6301K(6464K) NonClass: 5768K(5824K)->5768K(5824K) Class: 533K(640K)->533K(640K)
[0.587s][info][gc             ] GC(27) Pause Young (Allocation Failure) 70M->70M(103M) 14.846ms
[0.587s][info][gc,cpu         ] GC(27) User=0.00s Sys=0.00s Real=0.02s
[0.600s][info][gc,start       ] GC(28) Pause Young (Allocation Failure)
[0.618s][info][gc,heap        ] GC(28) PSYoungGen: 24576K(27648K)->16896K(26112K) Eden: 12288K(12288K)->0K(9216K) From: 12288K(15360K)->16896K(16896K)
[0.618s][info][gc,heap        ] GC(28) ParOldGen: 59466K(77824K)->67242K(77824K)
[0.618s][info][gc,metaspace   ] GC(28) Metaspace: 6301K(6464K)->6301K(6464K) NonClass: 5768K(5824K)->5768K(5824K) Class: 533K(640K)->533K(640K)
[0.618s][info][gc             ] GC(28) Pause Young (Allocation Failure) 82M->82M(101M) 17.774ms
[0.618s][info][gc,cpu         ] GC(28) User=0.03s Sys=0.00s Real=0.02s
[0.636s][info][gc,start       ] GC(29) Pause Young (Allocation Failure)
[0.656s][info][gc,heap        ] GC(29) PSYoungGen: 26112K(26112K)->9248K(31744K) Eden: 9216K(9216K)->0K(9216K) From: 16896K(16896K)->9248K(22528K)
[0.656s][info][gc,heap        ] GC(29) ParOldGen: 67242K(77824K)->84386K(84480K)
[0.656s][info][gc,metaspace   ] GC(29) Metaspace: 6301K(6464K)->6301K(6464K) NonClass: 5768K(5824K)->5768K(5824K) Class: 533K(640K)->533K(640K)
[0.656s][info][gc             ] GC(29) Pause Young (Allocation Failure) 91M->91M(113M) 20.434ms
[0.656s][info][gc,cpu         ] GC(29) User=0.02s Sys=0.00s Real=0.02s
[0.657s][info][gc,start       ] GC(30) Pause Full (Ergonomics)
[0.657s][info][gc,phases,start] GC(30) Marking Phase
[0.692s][info][gc,phases      ] GC(30) Marking Phase 35.947ms
[0.693s][info][gc,phases,start] GC(30) Summary Phase
[0.693s][info][gc,phases      ] GC(30) Summary Phase 0.022ms
[0.693s][info][gc,phases,start] GC(30) Adjust Roots
[0.693s][info][gc,phases      ] GC(30) Adjust Roots 0.160ms
[0.693s][info][gc,phases,start] GC(30) Compaction Phase
[0.720s][info][gc,phases      ] GC(30) Compaction Phase 26.843ms
[0.720s][info][gc,phases,start] GC(30) Post Compact
[0.720s][info][gc,phases      ] GC(30) Post Compact 0.324ms
[0.720s][info][gc,heap        ] GC(30) PSYoungGen: 9248K(31744K)->8177K(31744K) Eden: 0K(9216K)->0K(9216K) From: 9248K(22528K)->8177K(22528K)
[0.720s][info][gc,heap        ] GC(30) ParOldGen: 84386K(84480K)->82904K(110592K)
[0.720s][info][gc,metaspace   ] GC(30) Metaspace: 6301K(6464K)->6301K(6464K) NonClass: 5768K(5824K)->5768K(5824K) Class: 533K(640K)->533K(640K)
[0.720s][info][gc             ] GC(30) Pause Full (Ergonomics) 91M->88M(139M) 63.700ms
[0.720s][info][gc,cpu         ] GC(30) User=0.06s Sys=0.00s Real=0.06s
[0.729s][info][gc,start       ] GC(31) Pause Young (Allocation Failure)
[0.745s][info][gc,heap        ] GC(31) PSYoungGen: 17393K(31744K)->9248K(30720K) Eden: 9216K(9216K)->0K(11264K) From: 8177K(22528K)->9248K(19456K)
[0.745s][info][gc,heap        ] GC(31) ParOldGen: 82904K(110592K)->91152K(110592K)
[0.745s][info][gc,metaspace   ] GC(31) Metaspace: 6301K(6464K)->6301K(6464K) NonClass: 5768K(5824K)->5768K(5824K) Class: 533K(640K)->533K(640K)
[0.745s][info][gc             ] GC(31) Pause Young (Allocation Failure) 97M->98M(138M) 16.120ms
[0.746s][info][gc,cpu         ] GC(31) User=0.00s Sys=0.00s Real=0.02s
[0.755s][info][gc,start       ] GC(32) Pause Young (Allocation Failure)
[0.767s][info][gc,heap        ] GC(32) PSYoungGen: 20512K(30720K)->20480K(31744K) Eden: 11264K(11264K)->0K(11264K) From: 9248K(19456K)->20480K(20480K)
[0.767s][info][gc,heap        ] GC(32) ParOldGen: 91152K(110592K)->91168K(110592K)
[0.767s][info][gc,metaspace   ] GC(32) Metaspace: 6301K(6464K)->6301K(6464K) NonClass: 5768K(5824K)->5768K(5824K) Class: 533K(640K)->533K(640K)
[0.767s][info][gc             ] GC(32) Pause Young (Allocation Failure) 109M->109M(139M) 11.772ms
[0.767s][info][gc,cpu         ] GC(32) User=0.00s Sys=0.00s Real=0.01s
[0.778s][info][gc,start       ] GC(33) Pause Young (Allocation Failure)
[0.798s][info][gc,heap        ] GC(33) PSYoungGen: 31744K(31744K)->11296K(35328K) Eden: 11264K(11264K)->0K(13312K) From: 20480K(20480K)->11296K(22016K)
[0.798s][info][gc,heap        ] GC(33) ParOldGen: 91168K(110592K)->111904K(112128K)
[0.798s][info][gc,metaspace   ] GC(33) Metaspace: 6301K(6464K)->6301K(6464K) NonClass: 5768K(5824K)->5768K(5824K) Class: 533K(640K)->533K(640K)
[0.798s][info][gc             ] GC(33) Pause Young (Allocation Failure) 120M->120M(144M) 20.432ms
[0.798s][info][gc,cpu         ] GC(33) User=0.02s Sys=0.02s Real=0.02s
[0.798s][info][gc,start       ] GC(34) Pause Full (Ergonomics)
[0.798s][info][gc,phases,start] GC(34) Marking Phase
[0.832s][info][gc,phases      ] GC(34) Marking Phase 33.908ms
[0.832s][info][gc,phases,start] GC(34) Summary Phase
[0.832s][info][gc,phases      ] GC(34) Summary Phase 0.016ms
[0.832s][info][gc,phases,start] GC(34) Adjust Roots
[0.832s][info][gc,phases      ] GC(34) Adjust Roots 0.167ms
[0.832s][info][gc,phases,start] GC(34) Compaction Phase
[0.862s][info][gc,phases      ] GC(34) Compaction Phase 29.507ms
[0.862s][info][gc,phases,start] GC(34) Post Compact
[0.862s][info][gc,phases      ] GC(34) Post Compact 0.373ms
[0.862s][info][gc,heap        ] GC(34) PSYoungGen: 11296K(35328K)->10724K(36352K) Eden: 0K(13312K)->0K(14336K) From: 11296K(22016K)->10724K(22016K)
[0.862s][info][gc,heap        ] GC(34) ParOldGen: 111904K(112128K)->112010K(146944K)
[0.862s][info][gc,metaspace   ] GC(34) Metaspace: 6301K(6464K)->6301K(6464K) NonClass: 5768K(5824K)->5768K(5824K) Class: 533K(640K)->533K(640K)
[0.863s][info][gc             ] GC(34) Pause Full (Ergonomics) 120M->119M(179M) 64.389ms
[0.863s][info][gc,cpu         ] GC(34) User=0.09s Sys=0.02s Real=0.06s
[0.876s][info][gc,start       ] GC(35) Pause Young (Allocation Failure)
[0.897s][info][gc,heap        ] GC(35) PSYoungGen: 25060K(36352K)->14400K(37376K) Eden: 14336K(14336K)->0K(14336K) From: 10724K(22016K)->14400K(23040K)
[0.897s][info][gc,heap        ] GC(35) ParOldGen: 112010K(146944K)->122914K(146944K)
[0.897s][info][gc,metaspace   ] GC(35) Metaspace: 6301K(6464K)->6301K(6464K) NonClass: 5768K(5824K)->5768K(5824K) Class: 533K(640K)->533K(640K)
[0.897s][info][gc             ] GC(35) Pause Young (Allocation Failure) 133M->134M(180M) 20.659ms
[0.897s][info][gc,cpu         ] GC(35) User=0.05s Sys=0.00s Real=0.02s
[0.911s][info][gc,start       ] GC(36) Pause Young (Allocation Failure)
[0.927s][info][gc,heap        ] GC(36) PSYoungGen: 28736K(37376K)->14400K(39424K) Eden: 14336K(14336K)->0K(16384K) From: 14400K(23040K)->14400K(23040K)
[0.927s][info][gc,heap        ] GC(36) ParOldGen: 122914K(146944K)->137450K(146944K)
[0.927s][info][gc,metaspace   ] GC(36) Metaspace: 6301K(6464K)->6301K(6464K) NonClass: 5768K(5824K)->5768K(5824K) Class: 533K(640K)->533K(640K)
[0.928s][info][gc             ] GC(36) Pause Young (Allocation Failure) 148M->148M(182M) 16.989ms
[0.928s][info][gc,cpu         ] GC(36) User=0.02s Sys=0.00s Real=0.02s
[0.928s][info][gc,start       ] GC(37) Pause Full (Ergonomics)
[0.928s][info][gc,phases,start] GC(37) Marking Phase
[0.966s][info][gc,phases      ] GC(37) Marking Phase 37.964ms
[0.966s][info][gc,phases,start] GC(37) Summary Phase
[0.966s][info][gc,phases      ] GC(37) Summary Phase 0.016ms
[0.966s][info][gc,phases,start] GC(37) Adjust Roots
[0.966s][info][gc,phases      ] GC(37) Adjust Roots 0.150ms
[0.966s][info][gc,phases,start] GC(37) Compaction Phase
[0.992s][info][gc,phases      ] GC(37) Compaction Phase 26.617ms
[0.992s][info][gc,phases,start] GC(37) Post Compact
[0.993s][info][gc,phases      ] GC(37) Post Compact 0.775ms
[0.994s][info][gc,heap        ] GC(37) PSYoungGen: 14400K(39424K)->4592K(39424K) Eden: 0K(16384K)->0K(16384K) From: 14400K(23040K)->4592K(23040K)
[0.994s][info][gc,heap        ] GC(37) ParOldGen: 137450K(146944K)->146748K(185344K)
[0.994s][info][gc,metaspace   ] GC(37) Metaspace: 6301K(6464K)->6301K(6464K) NonClass: 5768K(5824K)->5768K(5824K) Class: 533K(640K)->533K(640K)
[0.994s][info][gc             ] GC(37) Pause Full (Ergonomics) 148M->147M(219M) 66.017ms
[0.994s][info][gc,cpu         ] GC(37) User=0.19s Sys=0.00s Real=0.07s
[1.010s][info][gc,start       ] GC(38) Pause Young (Allocation Failure)
[1.030s][info][gc,heap        ] GC(38) PSYoungGen: 20976K(39424K)->16480K(39936K) Eden: 16384K(16384K)->0K(16384K) From: 4592K(23040K)->16480K(23552K)
[1.030s][info][gc,heap        ] GC(38) ParOldGen: 146748K(185344K)->151436K(185344K)
[1.030s][info][gc,metaspace   ] GC(38) Metaspace: 6301K(6464K)->6301K(6464K) NonClass: 5768K(5824K)->5768K(5824K) Class: 533K(640K)->533K(640K)
[1.030s][info][gc             ] GC(38) Pause Young (Allocation Failure) 163M->163M(220M) 20.925ms
[1.030s][info][gc,cpu         ] GC(38) User=0.06s Sys=0.00s Real=0.02s
[1.071s][info][gc,start       ] GC(39) Pause Young (Allocation Failure)
[1.094s][info][gc,heap        ] GC(39) PSYoungGen: 32864K(39936K)->24576K(36864K) Eden: 16384K(16384K)->0K(12288K) From: 16480K(23552K)->24576K(24576K)
[1.094s][info][gc,heap        ] GC(39) ParOldGen: 159628K(185344K)->167956K(185344K)
[1.094s][info][gc,metaspace   ] GC(39) Metaspace: 6301K(6464K)->6301K(6464K) NonClass: 5768K(5824K)->5768K(5824K) Class: 533K(640K)->533K(640K)
[1.094s][info][gc             ] GC(39) Pause Young (Allocation Failure) 187M->188M(217M) 23.476ms
[1.094s][info][gc,cpu         ] GC(39) User=0.08s Sys=0.00s Real=0.02s
[1.094s][info][gc,start       ] GC(40) Pause Full (Ergonomics)
[1.094s][info][gc,phases,start] GC(40) Marking Phase
[1.143s][info][gc,phases      ] GC(40) Marking Phase 48.988ms
[1.143s][info][gc,phases,start] GC(40) Summary Phase
[1.143s][info][gc,phases      ] GC(40) Summary Phase 0.017ms
[1.144s][info][gc,phases,start] GC(40) Adjust Roots
[1.144s][info][gc,phases      ] GC(40) Adjust Roots 0.147ms
[1.144s][info][gc,phases,start] GC(40) Compaction Phase
[1.182s][info][gc,phases      ] GC(40) Compaction Phase 38.222ms
[1.182s][info][gc,phases,start] GC(40) Post Compact
[1.183s][info][gc,phases      ] GC(40) Post Compact 0.804ms
[1.183s][info][gc,heap        ] GC(40) PSYoungGen: 24576K(36864K)->3065K(36864K) Eden: 0K(12288K)->0K(12288K) From: 24576K(24576K)->3065K(24576K)
[1.183s][info][gc,heap        ] GC(40) ParOldGen: 167956K(185344K)->185078K(224768K)
[1.183s][info][gc,metaspace   ] GC(40) Metaspace: 6301K(6464K)->6301K(6464K) NonClass: 5768K(5824K)->5768K(5824K) Class: 533K(640K)->533K(640K)
[1.183s][info][gc             ] GC(40) Pause Full (Ergonomics) 188M->183M(255M) 88.749ms
[1.183s][info][gc,cpu         ] GC(40) User=0.25s Sys=0.02s Real=0.09s
[1.196s][info][gc,start       ] GC(41) Pause Young (Allocation Failure)
[1.214s][info][gc,heap        ] GC(41) PSYoungGen: 15353K(36864K)->12384K(43520K) Eden: 12288K(12288K)->0K(12288K) From: 3065K(24576K)->12384K(31232K)
[1.214s][info][gc,heap        ] GC(41) ParOldGen: 185078K(224768K)->188214K(224768K)
[1.214s][info][gc,metaspace   ] GC(41) Metaspace: 6301K(6464K)->6301K(6464K) NonClass: 5768K(5824K)->5768K(5824K) Class: 533K(640K)->533K(640K)
[1.214s][info][gc             ] GC(41) Pause Young (Allocation Failure) 195M->195M(262M) 17.872ms
[1.214s][info][gc,cpu         ] GC(41) User=0.06s Sys=0.00s Real=0.02s
[1.226s][info][gc,start       ] GC(42) Pause Young (Allocation Failure)
[1.239s][info][gc,heap        ] GC(42) PSYoungGen: 24672K(43520K)->24672K(41472K) Eden: 12288K(12288K)->0K(11776K) From: 12384K(31232K)->24672K(29696K)
[1.239s][info][gc,heap        ] GC(42) ParOldGen: 188214K(224768K)->188214K(224768K)
[1.239s][info][gc,metaspace   ] GC(42) Metaspace: 6301K(6464K)->6301K(6464K) NonClass: 5768K(5824K)->5768K(5824K) Class: 533K(640K)->533K(640K)
[1.239s][info][gc             ] GC(42) Pause Young (Allocation Failure) 207M->207M(260M) 12.565ms
[1.239s][info][gc,cpu         ] GC(42) User=0.02s Sys=0.00s Real=0.01s
[1.251s][info][gc,start       ] GC(43) Pause Young (Allocation Failure)
[1.269s][info][gc,heap        ] GC(43) PSYoungGen: 36448K(41472K)->32256K(44032K) Eden: 11776K(11776K)->0K(11776K) From: 24672K(29696K)->32256K(32256K)
[1.269s][info][gc,heap        ] GC(43) ParOldGen: 188214K(224768K)->192366K(224768K)
[1.269s][info][gc,metaspace   ] GC(43) Metaspace: 6301K(6464K)->6301K(6464K) NonClass: 5768K(5824K)->5768K(5824K) Class: 533K(640K)->533K(640K)
[1.269s][info][gc             ] GC(43) Pause Young (Allocation Failure) 219M->219M(262M) 17.465ms
[1.269s][info][gc,cpu         ] GC(43) User=0.09s Sys=0.00s Real=0.02s
[1.282s][info][gc,start       ] GC(44) Pause Young (Allocation Failure)
[1.303s][info][gc,heap        ] GC(44) PSYoungGen: 44032K(44032K)->22496K(52224K) Eden: 11776K(11776K)->0K(13824K) From: 32256K(32256K)->22496K(38400K)
[1.303s][info][gc,heap        ] GC(44) ParOldGen: 192366K(224768K)->214262K(224768K)
[1.303s][info][gc,metaspace   ] GC(44) Metaspace: 6301K(6464K)->6301K(6464K) NonClass: 5768K(5824K)->5768K(5824K) Class: 533K(640K)->533K(640K)
[1.303s][info][gc             ] GC(44) Pause Young (Allocation Failure) 230M->231M(270M) 21.078ms
[1.303s][info][gc,cpu         ] GC(44) User=0.09s Sys=0.00s Real=0.02s
[1.303s][info][gc,start       ] GC(45) Pause Full (Ergonomics)
[1.303s][info][gc,phases,start] GC(45) Marking Phase
[1.358s][info][gc,phases      ] GC(45) Marking Phase 55.034ms
[1.358s][info][gc,phases,start] GC(45) Summary Phase
[1.358s][info][gc,phases      ] GC(45) Summary Phase 0.018ms
[1.358s][info][gc,phases,start] GC(45) Adjust Roots
[1.358s][info][gc,phases      ] GC(45) Adjust Roots 0.153ms
[1.358s][info][gc,phases,start] GC(45) Compaction Phase
[1.386s][info][gc,phases      ] GC(45) Compaction Phase 27.495ms
[1.386s][info][gc,phases,start] GC(45) Post Compact
[1.387s][info][gc,phases      ] GC(45) Post Compact 1.027ms
[1.387s][info][gc,heap        ] GC(45) PSYoungGen: 22496K(52224K)->11639K(52224K) Eden: 0K(13824K)->0K(13824K) From: 22496K(38400K)->11639K(38400K)
[1.387s][info][gc,heap        ] GC(45) ParOldGen: 214262K(224768K)->224501K(268800K)
[1.387s][info][gc,metaspace   ] GC(45) Metaspace: 6301K(6464K)->6301K(6464K) NonClass: 5768K(5824K)->5768K(5824K) Class: 533K(640K)->533K(640K)
[1.387s][info][gc             ] GC(45) Pause Full (Ergonomics) 231M->230M(313M) 84.225ms
[1.387s][info][gc,cpu         ] GC(45) User=0.31s Sys=0.02s Real=0.08s
[1.403s][info][gc,start       ] GC(46) Pause Young (Allocation Failure)
[1.424s][info][gc,heap        ] GC(46) PSYoungGen: 25463K(52224K)->20192K(52224K) Eden: 13824K(13824K)->0K(13824K) From: 11639K(38400K)->20192K(38400K)
[1.424s][info][gc,heap        ] GC(46) ParOldGen: 224501K(268800K)->229965K(268800K)
[1.424s][info][gc,metaspace   ] GC(46) Metaspace: 6301K(6464K)->6301K(6464K) NonClass: 5768K(5824K)->5768K(5824K) Class: 533K(640K)->533K(640K)
[1.424s][info][gc             ] GC(46) Pause Young (Allocation Failure) 244M->244M(313M) 21.861ms
[1.424s][info][gc,cpu         ] GC(46) User=0.08s Sys=0.00s Real=0.02s
[1.440s][info][gc,start       ] GC(47) Pause Young (Allocation Failure)
[1.457s][info][gc,heap        ] GC(47) PSYoungGen: 34016K(52224K)->34016K(49152K) Eden: 13824K(13824K)->0K(11776K) From: 20192K(38400K)->34016K(37376K)
[1.457s][info][gc,heap        ] GC(47) ParOldGen: 229965K(268800K)->229965K(268800K)
[1.457s][info][gc,metaspace   ] GC(47) Metaspace: 6301K(6464K)->6301K(6464K) NonClass: 5768K(5824K)->5768K(5824K) Class: 533K(640K)->533K(640K)
[1.457s][info][gc             ] GC(47) Pause Young (Allocation Failure) 257M->257M(310M) 17.028ms
[1.457s][info][gc,cpu         ] GC(47) User=0.02s Sys=0.02s Real=0.02s
[1.470s][info][gc,start       ] GC(48) Pause Young (Allocation Failure)
[1.491s][info][gc,heap        ] GC(48) PSYoungGen: 45792K(49152K)->39520K(53248K) Eden: 11776K(11776K)->0K(11776K) From: 34016K(37376K)->39520K(41472K)
[1.491s][info][gc,heap        ] GC(48) ParOldGen: 229965K(268800K)->236349K(268800K)
[1.491s][info][gc,metaspace   ] GC(48) Metaspace: 6301K(6464K)->6301K(6464K) NonClass: 5768K(5824K)->5768K(5824K) Class: 533K(640K)->533K(640K)
[1.491s][info][gc             ] GC(48) Pause Young (Allocation Failure) 269M->269M(314M) 21.202ms
[1.491s][info][gc,cpu         ] GC(48) User=0.08s Sys=0.02s Real=0.02s
[1.505s][info][gc,start       ] GC(49) Pause Young (Allocation Failure)
[1.530s][info][gc,heap        ] GC(49) PSYoungGen: 51296K(53248K)->37440K(56832K) Eden: 11776K(11776K)->0K(10240K) From: 39520K(41472K)->37440K(46592K)
[1.530s][info][gc,heap        ] GC(49) ParOldGen: 236349K(268800K)->250381K(268800K)
[1.530s][info][gc,metaspace   ] GC(49) Metaspace: 6301K(6464K)->6301K(6464K) NonClass: 5768K(5824K)->5768K(5824K) Class: 533K(640K)->533K(640K)
[1.530s][info][gc             ] GC(49) Pause Young (Allocation Failure) 280M->281M(318M) 25.512ms
[1.530s][info][gc,cpu         ] GC(49) User=0.12s Sys=0.00s Real=0.03s
[1.530s][info][gc,start       ] GC(50) Pause Full (Ergonomics)
[1.530s][info][gc,phases,start] GC(50) Marking Phase
[1.593s][info][gc,phases      ] GC(50) Marking Phase 62.405ms
[1.593s][info][gc,phases,start] GC(50) Summary Phase
[1.593s][info][gc,phases      ] GC(50) Summary Phase 0.026ms
[1.593s][info][gc,phases,start] GC(50) Adjust Roots
[1.593s][info][gc,phases      ] GC(50) Adjust Roots 0.160ms
[1.593s][info][gc,phases,start] GC(50) Compaction Phase
[1.624s][info][gc,phases      ] GC(50) Compaction Phase 31.000ms
[1.624s][info][gc,phases,start] GC(50) Post Compact
[1.625s][info][gc,phases      ] GC(50) Post Compact 1.399ms
[1.626s][info][gc,heap        ] GC(50) PSYoungGen: 37440K(56832K)->18886K(56832K) Eden: 0K(10240K)->0K(10240K) From: 37440K(46592K)->18886K(46592K)
[1.626s][info][gc,heap        ] GC(50) ParOldGen: 250381K(268800K)->268332K(313344K)
[1.626s][info][gc,metaspace   ] GC(50) Metaspace: 6301K(6464K)->6301K(6464K) NonClass: 5768K(5824K)->5768K(5824K) Class: 533K(640K)->533K(640K)
[1.626s][info][gc             ] GC(50) Pause Full (Ergonomics) 281M->280M(361M) 95.503ms
[1.626s][info][gc,cpu         ] GC(50) User=0.45s Sys=0.02s Real=0.10s
[1.637s][info][gc,start       ] GC(51) Pause Young (Allocation Failure)
[1.663s][info][gc,heap        ] GC(51) PSYoungGen: 29126K(56832K)->15936K(60416K) Eden: 10240K(10240K)->0K(10240K) From: 18886K(46592K)->15936K(50176K)
[1.663s][info][gc,heap        ] GC(51) ParOldGen: 268332K(313344K)->281820K(313344K)
[1.663s][info][gc,metaspace   ] GC(51) Metaspace: 6301K(6464K)->6301K(6464K) NonClass: 5768K(5824K)->5768K(5824K) Class: 533K(640K)->533K(640K)
[1.663s][info][gc             ] GC(51) Pause Young (Allocation Failure) 290M->290M(365M) 25.579ms
[1.663s][info][gc,cpu         ] GC(51) User=0.12s Sys=0.02s Real=0.03s
[1.675s][info][gc,start       ] GC(52) Pause Young (Allocation Failure)
[1.688s][info][gc,heap        ] GC(52) PSYoungGen: 26176K(60416K)->20608K(56320K) Eden: 10240K(10240K)->0K(11776K) From: 15936K(50176K)->20608K(44544K)
[1.688s][info][gc,heap        ] GC(52) ParOldGen: 281820K(313344K)->287516K(313344K)
[1.688s][info][gc,metaspace   ] GC(52) Metaspace: 6301K(6464K)->6301K(6464K) NonClass: 5768K(5824K)->5768K(5824K) Class: 533K(640K)->533K(640K)
[1.688s][info][gc             ] GC(52) Pause Young (Allocation Failure) 300M->300M(361M) 13.019ms
[1.688s][info][gc,cpu         ] GC(52) User=0.02s Sys=0.00s Real=0.01s
[1.702s][info][gc,start       ] GC(53) Pause Young (Allocation Failure)
[1.718s][info][gc,heap        ] GC(53) PSYoungGen: 32384K(56320K)->22112K(34304K) Eden: 11776K(11776K)->0K(11776K) From: 20608K(44544K)->22112K(22528K)
[1.718s][info][gc,heap        ] GC(53) ParOldGen: 287516K(313344K)->297900K(313344K)
[1.718s][info][gc,metaspace   ] GC(53) Metaspace: 6301K(6464K)->6301K(6464K) NonClass: 5768K(5824K)->5768K(5824K) Class: 533K(640K)->533K(640K)
[1.718s][info][gc             ] GC(53) Pause Young (Allocation Failure) 312M->312M(339M) 16.331ms
[1.718s][info][gc,cpu         ] GC(53) User=0.03s Sys=0.00s Real=0.02s
[1.718s][info][gc,start       ] GC(54) Pause Full (Ergonomics)
[1.718s][info][gc,phases,start] GC(54) Marking Phase
[1.784s][info][gc,phases      ] GC(54) Marking Phase 66.001ms
[1.785s][info][gc,phases,start] GC(54) Summary Phase
[1.785s][info][gc,phases      ] GC(54) Summary Phase 0.030ms
[1.785s][info][gc,phases,start] GC(54) Adjust Roots
[1.785s][info][gc,phases      ] GC(54) Adjust Roots 0.250ms
[1.785s][info][gc,phases,start] GC(54) Compaction Phase
[1.818s][info][gc,phases      ] GC(54) Compaction Phase 32.685ms
[1.818s][info][gc,phases,start] GC(54) Post Compact
[1.819s][info][gc,phases      ] GC(54) Post Compact 1.419ms
[1.819s][info][gc,heap        ] GC(54) PSYoungGen: 22112K(34304K)->6117K(34304K) Eden: 0K(11776K)->0K(11776K) From: 22112K(22528K)->6117K(22528K)
[1.819s][info][gc,heap        ] GC(54) ParOldGen: 297900K(313344K)->313268K(360448K)
[1.819s][info][gc,metaspace   ] GC(54) Metaspace: 6301K(6464K)->6301K(6464K) NonClass: 5768K(5824K)->5768K(5824K) Class: 533K(640K)->533K(640K)
[1.819s][info][gc             ] GC(54) Pause Full (Ergonomics) 312M->311M(385M) 100.923ms
[1.819s][info][gc,cpu         ] GC(54) User=0.66s Sys=0.00s Real=0.10s
[1.834s][info][gc,start       ] GC(55) Pause Young (Allocation Failure)
[1.857s][info][gc,heap        ] GC(55) PSYoungGen: 17893K(34304K)->15136K(54784K) Eden: 11776K(11776K)->0K(13312K) From: 6117K(22528K)->15136K(41472K)
[1.857s][info][gc,heap        ] GC(55) ParOldGen: 313268K(360448K)->316196K(360448K)
[1.857s][info][gc,metaspace   ] GC(55) Metaspace: 6301K(6464K)->6301K(6464K) NonClass: 5768K(5824K)->5768K(5824K) Class: 533K(640K)->533K(640K)
[1.857s][info][gc             ] GC(55) Pause Young (Allocation Failure) 323M->323M(405M) 22.728ms
[1.857s][info][gc,cpu         ] GC(55) User=0.12s Sys=0.00s Real=0.02s
[1.872s][info][gc,start       ] GC(56) Pause Young (Allocation Failure)
[1.887s][info][gc,heap        ] GC(56) PSYoungGen: 28448K(54784K)->28448K(56320K) Eden: 13312K(13312K)->0K(13312K) From: 15136K(41472K)->28448K(43008K)
[1.887s][info][gc,heap        ] GC(56) ParOldGen: 316196K(360448K)->316196K(360448K)
[1.887s][info][gc,metaspace   ] GC(56) Metaspace: 6301K(6464K)->6301K(6464K) NonClass: 5768K(5824K)->5768K(5824K) Class: 533K(640K)->533K(640K)
[1.887s][info][gc             ] GC(56) Pause Young (Allocation Failure) 336M->336M(407M) 15.454ms
[1.887s][info][gc,cpu         ] GC(56) User=0.02s Sys=0.00s Real=0.02s
[1.967s][info][gc,start       ] GC(57) Pause Young (Allocation Failure)
[1.998s][info][gc,heap        ] GC(57) PSYoungGen: 41760K(56320K)->38560K(54272K) Eden: 13312K(13312K)->0K(10752K) From: 28448K(43008K)->38560K(43520K)
[1.998s][info][gc,heap        ] GC(57) ParOldGen: 332580K(360448K)->335924K(360448K)
[1.998s][info][gc,metaspace   ] GC(57) Metaspace: 6301K(6464K)->6301K(6464K) NonClass: 5768K(5824K)->5768K(5824K) Class: 533K(640K)->533K(640K)
[1.998s][info][gc             ] GC(57) Pause Young (Allocation Failure) 365M->365M(405M) 30.379ms
[1.998s][info][gc,cpu         ] GC(57) User=0.06s Sys=0.00s Real=0.03s
[2.008s][info][gc,start       ] GC(58) Pause Young (Allocation Failure)
[2.036s][info][gc,heap        ] GC(58) PSYoungGen: 49312K(54272K)->47616K(58368K) Eden: 10752K(10752K)->0K(10752K) From: 38560K(43520K)->47616K(47616K)
[2.036s][info][gc,heap        ] GC(58) ParOldGen: 335924K(360448K)->337484K(360448K)
[2.036s][info][gc,metaspace   ] GC(58) Metaspace: 6301K(6464K)->6301K(6464K) NonClass: 5768K(5824K)->5768K(5824K) Class: 533K(640K)->533K(640K)
[2.036s][info][gc             ] GC(58) Pause Young (Allocation Failure) 376M->376M(409M) 27.792ms
[2.036s][info][gc,cpu         ] GC(58) User=0.05s Sys=0.00s Real=0.03s
[2.047s][info][gc,start       ] GC(59) Pause Young (Allocation Failure)
[2.077s][info][gc,heap        ] GC(59) PSYoungGen: 58368K(58368K)->33664K(66048K) Eden: 10752K(10752K)->0K(12288K) From: 47616K(47616K)->33664K(53760K)
[2.077s][info][gc,heap        ] GC(59) ParOldGen: 337484K(360448K)->362628K(363008K)
[2.077s][info][gc,metaspace   ] GC(59) Metaspace: 6301K(6464K)->6301K(6464K) NonClass: 5768K(5824K)->5768K(5824K) Class: 533K(640K)->533K(640K)
[2.077s][info][gc             ] GC(59) Pause Young (Allocation Failure) 386M->387M(419M) 30.061ms
[2.077s][info][gc,cpu         ] GC(59) User=0.03s Sys=0.02s Real=0.03s
[2.077s][info][gc,start       ] GC(60) Pause Full (Ergonomics)
[2.077s][info][gc,phases,start] GC(60) Marking Phase
[2.160s][info][gc,phases      ] GC(60) Marking Phase 82.515ms
[2.160s][info][gc,phases,start] GC(60) Summary Phase
[2.160s][info][gc,phases      ] GC(60) Summary Phase 0.020ms
[2.160s][info][gc,phases,start] GC(60) Adjust Roots
[2.160s][info][gc,phases      ] GC(60) Adjust Roots 0.155ms
[2.160s][info][gc,phases,start] GC(60) Compaction Phase
[2.229s][info][gc,phases      ] GC(60) Compaction Phase 68.772ms
[2.229s][info][gc,phases,start] GC(60) Post Compact
[2.231s][info][gc,phases      ] GC(60) Post Compact 2.250ms
[2.231s][info][gc,heap        ] GC(60) PSYoungGen: 33664K(66048K)->24801K(66560K) Eden: 0K(12288K)->0K(12800K) From: 33664K(53760K)->24801K(53760K)
[2.231s][info][gc,heap        ] GC(60) ParOldGen: 362628K(363008K)->362524K(416256K)
[2.231s][info][gc,metaspace   ] GC(60) Metaspace: 6301K(6464K)->6301K(6464K) NonClass: 5768K(5824K)->5768K(5824K) Class: 533K(640K)->533K(640K)
[2.231s][info][gc             ] GC(60) Pause Full (Ergonomics) 387M->378M(471M) 154.263ms
[2.231s][info][gc,cpu         ] GC(60) User=0.94s Sys=0.00s Real=0.15s
[2.246s][info][gc,start       ] GC(61) Pause Young (Allocation Failure)
[2.277s][info][gc,heap        ] GC(61) PSYoungGen: 37601K(66560K)->20544K(67072K) Eden: 12800K(12800K)->0K(12800K) From: 24801K(53760K)->20544K(54272K)
[2.277s][info][gc,heap        ] GC(61) ParOldGen: 362524K(416256K)->379940K(416256K)
[2.277s][info][gc,metaspace   ] GC(61) Metaspace: 6301K(6464K)->6301K(6464K) NonClass: 5768K(5824K)->5768K(5824K) Class: 533K(640K)->533K(640K)
[2.277s][info][gc             ] GC(61) Pause Young (Allocation Failure) 390M->391M(472M) 31.945ms
[2.278s][info][gc,cpu         ] GC(61) User=0.14s Sys=0.00s Real=0.03s
[2.291s][info][gc,start       ] GC(62) Pause Young (Allocation Failure)
[2.308s][info][gc,heap        ] GC(62) PSYoungGen: 33344K(67072K)->25696K(62464K) Eden: 12800K(12800K)->0K(14848K) From: 20544K(54272K)->25696K(47616K)
[2.308s][info][gc,heap        ] GC(62) ParOldGen: 379940K(416256K)->387708K(416256K)
[2.308s][info][gc,metaspace   ] GC(62) Metaspace: 6301K(6464K)->6301K(6464K) NonClass: 5768K(5824K)->5768K(5824K) Class: 533K(640K)->533K(640K)
[2.308s][info][gc             ] GC(62) Pause Young (Allocation Failure) 403M->403M(467M) 17.261ms
[2.308s][info][gc,cpu         ] GC(62) User=0.12s Sys=0.00s Real=0.02s
[2.324s][info][gc,start       ] GC(63) Pause Young (Allocation Failure)
[2.343s][info][gc,heap        ] GC(63) PSYoungGen: 40544K(62464K)->27712K(65024K) Eden: 14848K(14848K)->0K(14848K) From: 25696K(47616K)->27712K(50176K)
[2.343s][info][gc,heap        ] GC(63) ParOldGen: 387708K(416256K)->400676K(416256K)
[2.343s][info][gc,metaspace   ] GC(63) Metaspace: 6301K(6464K)->6301K(6464K) NonClass: 5768K(5824K)->5768K(5824K) Class: 533K(640K)->533K(640K)
[2.343s][info][gc             ] GC(63) Pause Young (Allocation Failure) 418M->418M(470M) 19.888ms
[2.343s][info][gc,cpu         ] GC(63) User=0.14s Sys=0.00s Real=0.02s
[2.343s][info][gc,start       ] GC(64) Pause Full (Ergonomics)
[2.344s][info][gc,phases,start] GC(64) Marking Phase
[2.434s][info][gc,phases      ] GC(64) Marking Phase 90.639ms
[2.434s][info][gc,phases,start] GC(64) Summary Phase
[2.434s][info][gc,phases      ] GC(64) Summary Phase 0.020ms
[2.434s][info][gc,phases,start] GC(64) Adjust Roots
[2.434s][info][gc,phases      ] GC(64) Adjust Roots 0.157ms
[2.434s][info][gc,phases,start] GC(64) Compaction Phase
[2.481s][info][gc,phases      ] GC(64) Compaction Phase 46.083ms
[2.481s][info][gc,phases,start] GC(64) Post Compact
[2.483s][info][gc,phases      ] GC(64) Post Compact 2.013ms
[2.483s][info][gc,heap        ] GC(64) PSYoungGen: 27712K(65024K)->11744K(65024K) Eden: 0K(14848K)->0K(14848K) From: 27712K(50176K)->11744K(50176K)
[2.483s][info][gc,heap        ] GC(64) ParOldGen: 400676K(416256K)->415928K(473088K)
[2.483s][info][gc,metaspace   ] GC(64) Metaspace: 6301K(6464K)->6301K(6464K) NonClass: 5768K(5824K)->5768K(5824K) Class: 533K(640K)->533K(640K)
[2.483s][info][gc             ] GC(64) Pause Full (Ergonomics) 418M->417M(525M) 139.438ms
[2.483s][info][gc,cpu         ] GC(64) User=0.89s Sys=0.00s Real=0.14s
[2.498s][info][gc,start       ] GC(65) Pause Young (Allocation Failure)
[2.528s][info][gc,heap        ] GC(65) PSYoungGen: 26592K(65024K)->14976K(64512K) Eden: 14848K(14848K)->0K(16896K) From: 11744K(50176K)->14976K(47616K)
[2.528s][info][gc,heap        ] GC(65) ParOldGen: 415928K(473088K)->427848K(473088K)
[2.528s][info][gc,metaspace   ] GC(65) Metaspace: 6301K(6464K)->6301K(6464K) NonClass: 5768K(5824K)->5768K(5824K) Class: 533K(640K)->533K(640K)
[2.528s][info][gc             ] GC(65) Pause Young (Allocation Failure) 432M->432M(525M) 29.973ms
[2.528s][info][gc,cpu         ] GC(65) User=0.25s Sys=0.00s Real=0.03s
[2.546s][info][gc,start       ] GC(66) Pause Young (Allocation Failure)
[2.562s][info][gc,heap        ] GC(66) PSYoungGen: 31872K(64512K)->31872K(65024K) Eden: 16896K(16896K)->0K(16896K) From: 14976K(47616K)->31872K(48128K)
[2.562s][info][gc,heap        ] GC(66) ParOldGen: 427848K(473088K)->427848K(473088K)
[2.562s][info][gc,metaspace   ] GC(66) Metaspace: 6301K(6464K)->6301K(6464K) NonClass: 5768K(5824K)->5768K(5824K) Class: 533K(640K)->533K(640K)
[2.562s][info][gc             ] GC(66) Pause Young (Allocation Failure) 448M->448M(525M) 16.289ms
[2.562s][info][gc,cpu         ] GC(66) User=0.00s Sys=0.00s Real=0.02s
[2.580s][info][gc,start       ] GC(67) Pause Young (Allocation Failure)
[2.603s][info][gc,heap        ] GC(67) PSYoungGen: 48768K(65024K)->33920K(67072K) Eden: 16896K(16896K)->0K(18432K) From: 31872K(48128K)->33920K(48640K)
[2.603s][info][gc,heap        ] GC(67) ParOldGen: 427848K(473088K)->442896K(473088K)
[2.603s][info][gc,metaspace   ] GC(67) Metaspace: 6301K(6464K)->6301K(6464K) NonClass: 5768K(5824K)->5768K(5824K) Class: 533K(640K)->533K(640K)
[2.603s][info][gc             ] GC(67) Pause Young (Allocation Failure) 465M->465M(527M) 23.610ms
[2.603s][info][gc,cpu         ] GC(67) User=0.12s Sys=0.00s Real=0.02s
[2.624s][info][gc,start       ] GC(68) Pause Young (Allocation Failure)
[2.649s][info][gc,heap        ] GC(68) PSYoungGen: 52352K(67072K)->35488K(67584K) Eden: 18432K(18432K)->0K(18432K) From: 33920K(48640K)->35488K(49152K)
[2.649s][info][gc,heap        ] GC(68) ParOldGen: 442896K(473088K)->460016K(473088K)
[2.649s][info][gc,metaspace   ] GC(68) Metaspace: 6301K(6464K)->6301K(6464K) NonClass: 5768K(5824K)->5768K(5824K) Class: 533K(640K)->533K(640K)
[2.649s][info][gc             ] GC(68) Pause Young (Allocation Failure) 483M->483M(528M) 25.291ms
[2.649s][info][gc,cpu         ] GC(68) User=0.12s Sys=0.00s Real=0.02s
[2.649s][info][gc,start       ] GC(69) Pause Full (Ergonomics)
[2.649s][info][gc,phases,start] GC(69) Marking Phase
[2.750s][info][gc,phases      ] GC(69) Marking Phase 100.396ms
[2.750s][info][gc,phases,start] GC(69) Summary Phase
[2.750s][info][gc,phases      ] GC(69) Summary Phase 0.025ms
[2.750s][info][gc,phases,start] GC(69) Adjust Roots
[2.750s][info][gc,phases      ] GC(69) Adjust Roots 0.156ms
[2.750s][info][gc,phases,start] GC(69) Compaction Phase
[2.801s][info][gc,phases      ] GC(69) Compaction Phase 51.248ms
[2.801s][info][gc,phases,start] GC(69) Post Compact
[2.804s][info][gc,phases      ] GC(69) Post Compact 2.393ms
[2.804s][info][gc,heap        ] GC(69) PSYoungGen: 35488K(67584K)->21978K(67584K) Eden: 0K(18432K)->0K(18432K) From: 35488K(49152K)->21978K(49152K)
[2.804s][info][gc,heap        ] GC(69) ParOldGen: 460016K(473088K)->472637K(534016K)
[2.804s][info][gc,metaspace   ] GC(69) Metaspace: 6301K(6464K)->6301K(6464K) NonClass: 5768K(5824K)->5768K(5824K) Class: 533K(640K)->533K(640K)
[2.804s][info][gc             ] GC(69) Pause Full (Ergonomics) 483M->483M(587M) 154.753ms
[2.804s][info][gc,cpu         ] GC(69) User=1.03s Sys=0.00s Real=0.16s
[2.823s][info][gc,start       ] GC(70) Pause Young (Allocation Failure)
[2.862s][info][gc,heap        ] GC(70) PSYoungGen: 40410K(67584K)->29696K(67072K) Eden: 18432K(18432K)->0K(20480K) From: 21978K(49152K)->29696K(46592K)
[2.862s][info][gc,heap        ] GC(70) ParOldGen: 472637K(534016K)->483725K(534016K)
[2.862s][info][gc,metaspace   ] GC(70) Metaspace: 6301K(6464K)->6301K(6464K) NonClass: 5768K(5824K)->5768K(5824K) Class: 533K(640K)->533K(640K)
[2.862s][info][gc             ] GC(70) Pause Young (Allocation Failure) 501M->501M(587M) 38.357ms
[2.862s][info][gc,cpu         ] GC(70) User=0.27s Sys=0.00s Real=0.04s
[2.883s][info][gc,start       ] GC(71) Pause Young (Allocation Failure)
[2.909s][info][gc,heap        ] GC(71) PSYoungGen: 50176K(67072K)->48640K(69120K) Eden: 20480K(20480K)->0K(20480K) From: 29696K(46592K)->48640K(48640K)
[2.909s][info][gc,heap        ] GC(71) ParOldGen: 483725K(534016K)->485173K(534016K)
[2.909s][info][gc,metaspace   ] GC(71) Metaspace: 6301K(6464K)->6301K(6464K) NonClass: 5768K(5824K)->5768K(5824K) Class: 533K(640K)->533K(640K)
[2.909s][info][gc             ] GC(71) Pause Young (Allocation Failure) 521M->521M(589M) 25.311ms
[2.909s][info][gc,cpu         ] GC(71) User=0.14s Sys=0.00s Real=0.03s
[2.931s][info][gc,start       ] GC(72) Pause Young (Allocation Failure)
[2.967s][info][gc,heap        ] GC(72) PSYoungGen: 69120K(69120K)->40544K(76288K) Eden: 20480K(20480K)->0K(21504K) From: 48640K(48640K)->40544K(54784K)
[2.967s][info][gc,heap        ] GC(72) ParOldGen: 485173K(534016K)->514261K(534016K)
[2.967s][info][gc,metaspace   ] GC(72) Metaspace: 6301K(6464K)->6301K(6464K) NonClass: 5768K(5824K)->5768K(5824K) Class: 533K(640K)->533K(640K)
[2.967s][info][gc             ] GC(72) Pause Young (Allocation Failure) 541M->541M(596M) 36.246ms
[2.967s][info][gc,cpu         ] GC(72) User=0.25s Sys=0.00s Real=0.04s
[2.968s][info][gc,start       ] GC(73) Pause Full (Ergonomics)
[2.968s][info][gc,phases,start] GC(73) Marking Phase
[3.090s][info][gc,phases      ] GC(73) Marking Phase 121.985ms
[3.090s][info][gc,phases,start] GC(73) Summary Phase
[3.090s][info][gc,phases      ] GC(73) Summary Phase 0.028ms
[3.090s][info][gc,phases,start] GC(73) Adjust Roots
[3.090s][info][gc,phases      ] GC(73) Adjust Roots 0.153ms
[3.090s][info][gc,phases,start] GC(73) Compaction Phase
[3.142s][info][gc,phases      ] GC(73) Compaction Phase 52.351ms
[3.142s][info][gc,phases,start] GC(73) Post Compact
[3.143s][info][gc,phases      ] GC(73) Post Compact 0.938ms
[3.143s][info][gc,heap        ] GC(73) PSYoungGen: 40544K(76288K)->20379K(76288K) Eden: 0K(21504K)->0K(21504K) From: 40544K(54784K)->20379K(54784K)
[3.144s][info][gc,heap        ] GC(73) ParOldGen: 514261K(534016K)->533534K(603648K)
[3.144s][info][gc,metaspace   ] GC(73) Metaspace: 6301K(6464K)->6301K(6464K) NonClass: 5768K(5824K)->5768K(5824K) Class: 533K(640K)->533K(640K)
[3.144s][info][gc             ] GC(73) Pause Full (Ergonomics) 541M->540M(664M) 176.024ms
[3.144s][info][gc,cpu         ] GC(73) User=1.16s Sys=0.03s Real=0.18s
[3.168s][info][gc,start       ] GC(74) Pause Young (Allocation Failure)
[3.212s][info][gc,heap        ] GC(74) PSYoungGen: 41883K(76288K)->32480K(77824K) Eden: 21504K(21504K)->0K(21504K) From: 20379K(54784K)->32480K(56320K)
[3.212s][info][gc,heap        ] GC(74) ParOldGen: 533534K(603648K)->543270K(603648K)
[3.212s][info][gc,metaspace   ] GC(74) Metaspace: 6301K(6464K)->6301K(6464K) NonClass: 5768K(5824K)->5768K(5824K) Class: 533K(640K)->533K(640K)
[3.212s][info][gc             ] GC(74) Pause Young (Allocation Failure) 561M->562M(665M) 44.019ms
[3.212s][info][gc,cpu         ] GC(74) User=0.27s Sys=0.00s Real=0.04s
[3.238s][info][gc,start       ] GC(75) Pause Young (Allocation Failure)
[3.265s][info][gc,heap        ] GC(75) PSYoungGen: 53984K(77824K)->53984K(72192K) Eden: 21504K(21504K)->0K(17920K) From: 32480K(56320K)->53984K(54272K)
[3.265s][info][gc,heap        ] GC(75) ParOldGen: 543270K(603648K)->543270K(603648K)
[3.265s][info][gc,metaspace   ] GC(75) Metaspace: 6301K(6464K)->6301K(6464K) NonClass: 5768K(5824K)->5768K(5824K) Class: 533K(640K)->533K(640K)
[3.266s][info][gc             ] GC(75) Pause Young (Allocation Failure) 583M->583M(660M) 27.318ms
[3.266s][info][gc,cpu         ] GC(75) User=0.14s Sys=0.00s Real=0.03s
[3.286s][info][gc,start       ] GC(76) Pause Young (Allocation Failure)
[3.322s][info][gc,heap        ] GC(76) PSYoungGen: 71904K(72192K)->60416K(78336K) Eden: 17920K(17920K)->0K(17920K) From: 53984K(54272K)->60416K(60416K)
[3.322s][info][gc,heap        ] GC(76) ParOldGen: 543270K(603648K)->554806K(603648K)
[3.322s][info][gc,metaspace   ] GC(76) Metaspace: 6301K(6464K)->6301K(6464K) NonClass: 5768K(5824K)->5768K(5824K) Class: 533K(640K)->533K(640K)
[3.322s][info][gc             ] GC(76) Pause Young (Allocation Failure) 600M->600M(666M) 35.869ms
[3.322s][info][gc,cpu         ] GC(76) User=0.17s Sys=0.00s Real=0.04s
[3.344s][info][gc,start       ] GC(77) Pause Young (Allocation Failure)
[3.386s][info][gc,heap        ] GC(77) PSYoungGen: 78336K(78336K)->52512K(90112K) Eden: 17920K(17920K)->0K(17920K) From: 60416K(60416K)->52512K(72192K)
[3.386s][info][gc,heap        ] GC(77) ParOldGen: 554806K(603648K)->581102K(603648K)
[3.386s][info][gc,metaspace   ] GC(77) Metaspace: 6301K(6464K)->6301K(6464K) NonClass: 5768K(5824K)->5768K(5824K) Class: 533K(640K)->533K(640K)
[3.386s][info][gc             ] GC(77) Pause Young (Allocation Failure) 618M->618M(677M) 42.041ms
[3.386s][info][gc,cpu         ] GC(77) User=0.22s Sys=0.00s Real=0.04s
[3.386s][info][gc,start       ] GC(78) Pause Full (Ergonomics)
[3.386s][info][gc,phases,start] GC(78) Marking Phase
[3.527s][info][gc,phases      ] GC(78) Marking Phase 140.845ms
[3.527s][info][gc,phases,start] GC(78) Summary Phase
[3.527s][info][gc,phases      ] GC(78) Summary Phase 0.022ms
[3.527s][info][gc,phases,start] GC(78) Adjust Roots
[3.527s][info][gc,phases      ] GC(78) Adjust Roots 0.160ms
[3.527s][info][gc,phases,start] GC(78) Compaction Phase
[3.587s][info][gc,phases      ] GC(78) Compaction Phase 60.028ms
[3.587s][info][gc,phases,start] GC(78) Post Compact
[3.588s][info][gc,phases      ] GC(78) Post Compact 1.058ms
[3.589s][info][gc,heap        ] GC(78) PSYoungGen: 52512K(90112K)->29257K(90112K) Eden: 0K(17920K)->0K(17920K) From: 52512K(72192K)->29257K(72192K)
[3.589s][info][gc,heap        ] GC(78) ParOldGen: 581102K(603648K)->603386K(677888K)
[3.589s][info][gc,metaspace   ] GC(78) Metaspace: 6301K(6464K)->6301K(6464K) NonClass: 5768K(5824K)->5768K(5824K) Class: 533K(640K)->533K(640K)
[3.589s][info][gc             ] GC(78) Pause Full (Ergonomics) 618M->617M(750M) 202.652ms
[3.589s][info][gc,cpu         ] GC(78) User=1.45s Sys=0.03s Real=0.20s
[3.611s][info][gc,start       ] GC(79) Pause Young (Allocation Failure)
[3.658s][info][gc,heap        ] GC(79) PSYoungGen: 47177K(90112K)->36384K(54784K) Eden: 17920K(17920K)->0K(17920K) From: 29257K(72192K)->36384K(36864K)
[3.658s][info][gc,heap        ] GC(79) ParOldGen: 603386K(677888K)->614522K(677888K)
[3.658s][info][gc,metaspace   ] GC(79) Metaspace: 6301K(6464K)->6301K(6464K) NonClass: 5768K(5824K)->5768K(5824K) Class: 533K(640K)->533K(640K)
[3.658s][info][gc             ] GC(79) Pause Young (Allocation Failure) 635M->635M(715M) 46.913ms
[3.658s][info][gc,cpu         ] GC(79) User=0.25s Sys=0.00s Real=0.05s
[3.678s][info][gc,start       ] GC(80) Pause Young (Allocation Failure)
[3.706s][info][gc,heap        ] GC(80) PSYoungGen: 54304K(54784K)->45888K(90112K) Eden: 17920K(17920K)->0K(19968K) From: 36384K(36864K)->45888K(70144K)
[3.706s][info][gc,heap        ] GC(80) ParOldGen: 614522K(677888K)->623106K(677888K)
[3.706s][info][gc,metaspace   ] GC(80) Metaspace: 6301K(6464K)->6301K(6464K) NonClass: 5768K(5824K)->5768K(5824K) Class: 533K(640K)->533K(640K)
[3.706s][info][gc             ] GC(80) Pause Young (Allocation Failure) 653M->653M(750M) 28.269ms
[3.706s][info][gc,cpu         ] GC(80) User=0.12s Sys=0.02s Real=0.03s
[3.731s][info][gc,start       ] GC(81) Pause Young (Allocation Failure)
[3.764s][info][gc,heap        ] GC(81) PSYoungGen: 65856K(90112K)->55968K(90624K) Eden: 19968K(19968K)->0K(19968K) From: 45888K(70144K)->55968K(70656K)
[3.764s][info][gc,heap        ] GC(81) ParOldGen: 623106K(677888K)->633122K(677888K)
[3.764s][info][gc,metaspace   ] GC(81) Metaspace: 6301K(6464K)->6301K(6464K) NonClass: 5768K(5824K)->5768K(5824K) Class: 533K(640K)->533K(640K)
[3.764s][info][gc             ] GC(81) Pause Young (Allocation Failure) 672M->672M(750M) 33.026ms
[3.764s][info][gc,cpu         ] GC(81) User=0.14s Sys=0.00s Real=0.03s
[3.903s][info][gc,start       ] GC(82) Pause Full (Ergonomics)
[3.903s][info][gc,phases,start] GC(82) Marking Phase
[4.061s][info][gc,phases      ] GC(82) Marking Phase 157.482ms
[4.061s][info][gc,phases,start] GC(82) Summary Phase
[4.061s][info][gc,phases      ] GC(82) Summary Phase 0.023ms
[4.061s][info][gc,phases,start] GC(82) Adjust Roots
[4.061s][info][gc,phases      ] GC(82) Adjust Roots 0.157ms
[4.061s][info][gc,phases,start] GC(82) Compaction Phase
[4.189s][info][gc,phases      ] GC(82) Compaction Phase 128.007ms
[4.189s][info][gc,phases,start] GC(82) Post Compact
[4.191s][info][gc,phases      ] GC(82) Post Compact 1.520ms
[4.191s][info][gc,heap        ] GC(82) PSYoungGen: 75936K(90624K)->47030K(90624K) Eden: 19968K(19968K)->0K(19968K) From: 55968K(70656K)->47030K(70656K)
[4.191s][info][gc,heap        ] GC(82) ParOldGen: 665890K(677888K)->677652K(752128K)
[4.191s][info][gc,metaspace   ] GC(82) Metaspace: 6301K(6464K)->6301K(6464K) NonClass: 5768K(5824K)->5768K(5824K) Class: 533K(640K)->533K(640K)
[4.191s][info][gc             ] GC(82) Pause Full (Ergonomics) 724M->707M(823M) 287.840ms
[4.191s][info][gc,cpu         ] GC(82) User=1.83s Sys=0.00s Real=0.29s
[4.214s][info][gc,start       ] GC(83) Pause Young (Allocation Failure)
[4.270s][info][gc,heap        ] GC(83) PSYoungGen: 66998K(90624K)->51808K(95744K) Eden: 19968K(19968K)->0K(22016K) From: 47030K(70656K)->51808K(73728K)
[4.270s][info][gc,heap        ] GC(83) ParOldGen: 677652K(752128K)->693300K(752128K)
[4.270s][info][gc,metaspace   ] GC(83) Metaspace: 6301K(6464K)->6301K(6464K) NonClass: 5768K(5824K)->5768K(5824K) Class: 533K(640K)->533K(640K)
[4.270s][info][gc             ] GC(83) Pause Young (Allocation Failure) 727M->727M(828M) 55.850ms
[4.270s][info][gc,cpu         ] GC(83) User=0.39s Sys=0.00s Real=0.06s
[4.294s][info][gc,start       ] GC(84) Pause Young (Allocation Failure)
[4.329s][info][gc,heap        ] GC(84) PSYoungGen: 73824K(95744K)->73856K(96256K) Eden: 22016K(22016K)->0K(22016K) From: 51808K(73728K)->73856K(74240K)
[4.329s][info][gc,heap        ] GC(84) ParOldGen: 693300K(752128K)->693300K(752128K)
[4.329s][info][gc,metaspace   ] GC(84) Metaspace: 6301K(6464K)->6301K(6464K) NonClass: 5768K(5824K)->5768K(5824K) Class: 533K(640K)->533K(640K)
[4.329s][info][gc             ] GC(84) Pause Young (Allocation Failure) 749M->749M(828M) 34.559ms
[4.329s][info][gc,cpu         ] GC(84) User=0.36s Sys=0.00s Real=0.04s
[4.352s][info][gc,start       ] GC(85) Pause Young (Allocation Failure)
[4.396s][info][gc,heap        ] GC(85) PSYoungGen: 95872K(96256K)->80320K(98304K) Eden: 22016K(22016K)->0K(15360K) From: 73856K(74240K)->80320K(82944K)
[4.396s][info][gc,heap        ] GC(85) ParOldGen: 693300K(752128K)->709044K(752128K)
[4.396s][info][gc,metaspace   ] GC(85) Metaspace: 6301K(6464K)->6301K(6464K) NonClass: 5768K(5824K)->5768K(5824K) Class: 533K(640K)->533K(640K)
[4.396s][info][gc             ] GC(85) Pause Young (Allocation Failure) 770M->770M(830M) 43.968ms
[4.396s][info][gc,cpu         ] GC(85) User=0.25s Sys=0.02s Real=0.04s
[4.411s][info][gc,start       ] GC(86) Pause Young (Allocation Failure)
[4.454s][info][gc,heap        ] GC(86) PSYoungGen: 95680K(98304K)->79520K(107520K) Eden: 15360K(15360K)->0K(15360K) From: 80320K(82944K)->79520K(92160K)
[4.454s][info][gc,heap        ] GC(86) ParOldGen: 709044K(752128K)->725404K(752128K)
[4.454s][info][gc,metaspace   ] GC(86) Metaspace: 6301K(6464K)->6301K(6464K) NonClass: 5768K(5824K)->5768K(5824K) Class: 533K(640K)->533K(640K)
[4.454s][info][gc             ] GC(86) Pause Young (Allocation Failure) 785M->786M(839M) 42.271ms
[4.454s][info][gc,cpu         ] GC(86) User=0.27s Sys=0.00s Real=0.04s
[4.469s][info][gc,start       ] GC(87) Pause Young (Allocation Failure)
[4.513s][info][gc,heap        ] GC(87) PSYoungGen: 94880K(107520K)->52928K(107520K) Eden: 15360K(15360K)->0K(17408K) From: 79520K(92160K)->52928K(90112K)
[4.513s][info][gc,heap        ] GC(87) ParOldGen: 725404K(752128K)->767940K(768000K)
[4.513s][info][gc,metaspace   ] GC(87) Metaspace: 6301K(6464K)->6301K(6464K) NonClass: 5768K(5824K)->5768K(5824K) Class: 533K(640K)->533K(640K)
[4.513s][info][gc             ] GC(87) Pause Young (Allocation Failure) 801M->801M(855M) 43.796ms
[4.513s][info][gc,cpu         ] GC(87) User=0.16s Sys=0.02s Real=0.04s
[4.513s][info][gc,start       ] GC(88) Pause Full (Ergonomics)
[4.513s][info][gc,phases,start] GC(88) Marking Phase
[4.687s][info][gc,phases      ] GC(88) Marking Phase 173.602ms
[4.687s][info][gc,phases,start] GC(88) Summary Phase
[4.687s][info][gc,phases      ] GC(88) Summary Phase 0.022ms
[4.687s][info][gc,phases,start] GC(88) Adjust Roots
[4.687s][info][gc,phases      ] GC(88) Adjust Roots 0.149ms
[4.687s][info][gc,phases,start] GC(88) Compaction Phase
[4.777s][info][gc,phases      ] GC(88) Compaction Phase 89.868ms
[4.777s][info][gc,phases,start] GC(88) Post Compact
[4.778s][info][gc,phases      ] GC(88) Post Compact 1.298ms
[4.779s][info][gc,heap        ] GC(88) PSYoungGen: 52928K(107520K)->51617K(110080K) Eden: 0K(17408K)->0K(19968K) From: 52928K(90112K)->51617K(90112K)
[4.779s][info][gc,heap        ] GC(88) ParOldGen: 767940K(768000K)->767631K(856576K)
[4.779s][info][gc,metaspace   ] GC(88) Metaspace: 6301K(6464K)->6301K(6464K) NonClass: 5768K(5824K)->5768K(5824K) Class: 533K(640K)->533K(640K)
[4.779s][info][gc             ] GC(88) Pause Full (Ergonomics) 801M->800M(944M) 265.561ms
[4.779s][info][gc,cpu         ] GC(88) User=1.83s Sys=0.00s Real=0.27s
[4.802s][info][gc,start       ] GC(89) Pause Young (Allocation Failure)
[4.862s][info][gc,heap        ] GC(89) PSYoungGen: 71585K(110080K)->35392K(114688K) Eden: 19968K(19968K)->0K(19968K) From: 51617K(90112K)->35392K(94720K)
[4.862s][info][gc,heap        ] GC(89) ParOldGen: 767631K(856576K)->804503K(856576K)
[4.862s][info][gc,metaspace   ] GC(89) Metaspace: 6301K(6464K)->6301K(6464K) NonClass: 5768K(5824K)->5768K(5824K) Class: 533K(640K)->533K(640K)
[4.862s][info][gc             ] GC(89) Pause Young (Allocation Failure) 819M->820M(948M) 60.276ms
[4.862s][info][gc,cpu         ] GC(89) User=0.34s Sys=0.05s Real=0.06s
[4.883s][info][gc,start       ] GC(90) Pause Young (Allocation Failure)
[4.911s][info][gc,heap        ] GC(90) PSYoungGen: 55360K(114688K)->40096K(111104K) Eden: 19968K(19968K)->0K(22528K) From: 35392K(94720K)->40096K(88576K)
[4.911s][info][gc,heap        ] GC(90) ParOldGen: 804503K(856576K)->820015K(856576K)
[4.911s][info][gc,metaspace   ] GC(90) Metaspace: 6301K(6464K)->6301K(6464K) NonClass: 5768K(5824K)->5768K(5824K) Class: 533K(640K)->533K(640K)
[4.911s][info][gc             ] GC(90) Pause Young (Allocation Failure) 839M->839M(945M) 28.376ms
[4.911s][info][gc,cpu         ] GC(90) User=0.14s Sys=0.00s Real=0.03s
[4.911s][info][gc,start       ] GC(91) Pause Full (Ergonomics)
[4.911s][info][gc,phases,start] GC(91) Marking Phase
[5.106s][info][gc,phases      ] GC(91) Marking Phase 194.085ms
[5.106s][info][gc,phases,start] GC(91) Summary Phase
[5.106s][info][gc,phases      ] GC(91) Summary Phase 0.040ms
[5.106s][info][gc,phases,start] GC(91) Adjust Roots
[5.106s][info][gc,phases      ] GC(91) Adjust Roots 0.158ms
[5.106s][info][gc,phases,start] GC(91) Compaction Phase
[5.190s][info][gc,phases      ] GC(91) Compaction Phase 84.551ms
[5.190s][info][gc,phases,start] GC(91) Post Compact
[5.192s][info][gc,phases      ] GC(91) Post Compact 1.503ms
[5.192s][info][gc,heap        ] GC(91) PSYoungGen: 40096K(111104K)->2576K(113664K) Eden: 0K(22528K)->0K(25088K) From: 40096K(88576K)->2576K(88576K)
[5.192s][info][gc,heap        ] GC(91) ParOldGen: 820015K(856576K)->856536K(954880K)
[5.192s][info][gc,metaspace   ] GC(91) Metaspace: 6301K(6464K)->6301K(6464K) NonClass: 5768K(5824K)->5768K(5824K) Class: 533K(640K)->533K(640K)
[5.192s][info][gc             ] GC(91) Pause Full (Ergonomics) 839M->838M(1043M) 280.999ms
[5.192s][info][gc,cpu         ] GC(91) User=1.91s Sys=0.02s Real=0.28s
[5.221s][info][gc,start       ] GC(92) Pause Young (Allocation Failure)
[5.270s][info][gc,heap        ] GC(92) PSYoungGen: 27664K(113664K)->26944K(116224K) Eden: 25088K(25088K)->0K(25088K) From: 2576K(88576K)->26944K(91136K)
[5.270s][info][gc,heap        ] GC(92) ParOldGen: 856536K(954880K)->857456K(954880K)
[5.270s][info][gc,metaspace   ] GC(92) Metaspace: 6301K(6464K)->6301K(6464K) NonClass: 5768K(5824K)->5768K(5824K) Class: 533K(640K)->533K(640K)
[5.270s][info][gc             ] GC(92) Pause Young (Allocation Failure) 863M->863M(1046M) 48.510ms
[5.270s][info][gc,cpu         ] GC(92) User=0.28s Sys=0.00s Real=0.05s
[5.296s][info][gc,start       ] GC(93) Pause Young (Allocation Failure)
[5.324s][info][gc,heap        ] GC(93) PSYoungGen: 52032K(116224K)->52032K(113152K) Eden: 25088K(25088K)->0K(27648K) From: 26944K(91136K)->52032K(85504K)
[5.324s][info][gc,heap        ] GC(93) ParOldGen: 857456K(954880K)->857456K(954880K)
[5.324s][info][gc,metaspace   ] GC(93) Metaspace: 6301K(6464K)->6301K(6464K) NonClass: 5768K(5824K)->5768K(5824K) Class: 533K(640K)->533K(640K)
[5.324s][info][gc             ] GC(93) Pause Young (Allocation Failure) 888M->888M(1043M) 27.318ms
[5.324s][info][gc,cpu         ] GC(93) User=0.12s Sys=0.00s Real=0.03s
[5.354s][info][gc,start       ] GC(94) Pause Young (Allocation Failure)
[5.393s][info][gc,heap        ] GC(94) PSYoungGen: 79680K(113152K)->79744K(115712K) Eden: 27648K(27648K)->0K(27648K) From: 52032K(85504K)->79744K(88064K)
[5.393s][info][gc,heap        ] GC(94) ParOldGen: 857456K(954880K)->857456K(954880K)
[5.393s][info][gc,metaspace   ] GC(94) Metaspace: 6301K(6464K)->6301K(6464K) NonClass: 5768K(5824K)->5768K(5824K) Class: 533K(640K)->533K(640K)
[5.393s][info][gc             ] GC(94) Pause Young (Allocation Failure) 915M->915M(1045M) 38.880ms
[5.393s][info][gc,cpu         ] GC(94) User=0.27s Sys=0.00s Real=0.04s
[5.425s][info][gc,start       ] GC(95) Pause Young (Allocation Failure)
[5.479s][info][gc,heap        ] GC(95) PSYoungGen: 107392K(115712K)->95744K(109568K) Eden: 27648K(27648K)->0K(13824K) From: 79744K(88064K)->95744K(95744K)
[5.479s][info][gc,heap        ] GC(95) ParOldGen: 857456K(954880K)->869144K(954880K)
[5.479s][info][gc,metaspace   ] GC(95) Metaspace: 6301K(6464K)->6301K(6464K) NonClass: 5768K(5824K)->5768K(5824K) Class: 533K(640K)->533K(640K)
[5.479s][info][gc             ] GC(95) Pause Young (Allocation Failure) 942M->942M(1039M) 53.678ms
[5.479s][info][gc,cpu         ] GC(95) User=0.36s Sys=0.02s Real=0.05s
[5.494s][info][gc,start       ] GC(96) Pause Young (Allocation Failure)
[5.548s][info][gc,heap        ] GC(96) PSYoungGen: 109568K(109568K)->86688K(126464K) Eden: 13824K(13824K)->0K(13824K) From: 95744K(95744K)->86688K(112640K)
[5.548s][info][gc,heap        ] GC(96) ParOldGen: 869144K(954880K)->892448K(954880K)
[5.548s][info][gc,metaspace   ] GC(96) Metaspace: 6301K(6464K)->6301K(6464K) NonClass: 5768K(5824K)->5768K(5824K) Class: 533K(640K)->533K(640K)
[5.548s][info][gc             ] GC(96) Pause Young (Allocation Failure) 955M->956M(1056M) 54.217ms
[5.548s][info][gc,cpu         ] GC(96) User=0.38s Sys=0.02s Real=0.05s
[5.563s][info][gc,start       ] GC(97) Pause Young (Allocation Failure)
[5.616s][info][gc,heap        ] GC(97) PSYoungGen: 100512K(126464K)->53472K(123904K) Eden: 13824K(13824K)->0K(15872K) From: 86688K(112640K)->53472K(108032K)
[5.616s][info][gc,heap        ] GC(97) ParOldGen: 892448K(954880K)->940040K(954880K)
[5.616s][info][gc,metaspace   ] GC(97) Metaspace: 6301K(6464K)->6301K(6464K) NonClass: 5768K(5824K)->5768K(5824K) Class: 533K(640K)->533K(640K)
[5.616s][info][gc             ] GC(97) Pause Young (Allocation Failure) 969M->970M(1053M) 52.648ms
[5.616s][info][gc,cpu         ] GC(97) User=0.33s Sys=0.05s Real=0.05s
[5.616s][info][gc,start       ] GC(98) Pause Full (Ergonomics)
[5.616s][info][gc,phases,start] GC(98) Marking Phase
[5.824s][info][gc,phases      ] GC(98) Marking Phase 207.928ms
[5.824s][info][gc,phases,start] GC(98) Summary Phase
[5.824s][info][gc,phases      ] GC(98) Summary Phase 0.031ms
[5.824s][info][gc,phases,start] GC(98) Adjust Roots
[5.824s][info][gc,phases      ] GC(98) Adjust Roots 0.150ms
[5.824s][info][gc,phases,start] GC(98) Compaction Phase
[5.932s][info][gc,phases      ] GC(98) Compaction Phase 107.876ms
[5.932s][info][gc,phases,start] GC(98) Post Compact
[5.934s][info][gc,phases      ] GC(98) Post Compact 1.791ms
[5.934s][info][gc,heap        ] GC(98) PSYoungGen: 53472K(123904K)->37370K(126464K) Eden: 0K(15872K)->0K(18432K) From: 53472K(108032K)->37370K(108032K)
[5.934s][info][gc,heap        ] GC(98) ParOldGen: 940040K(954880K)->954671K(1024000K)
[5.934s][info][gc,metaspace   ] GC(98) Metaspace: 6301K(6464K)->6301K(6464K) NonClass: 5768K(5824K)->5768K(5824K) Class: 533K(640K)->533K(640K)
[5.934s][info][gc             ] GC(98) Pause Full (Ergonomics) 970M->968M(1123M) 318.377ms
[5.934s][info][gc,cpu         ] GC(98) User=2.12s Sys=0.00s Real=0.32s
[5.957s][info][gc,start       ] GC(99) Pause Young (Allocation Failure)
[6.024s][info][gc,heap        ] GC(99) PSYoungGen: 55802K(126464K)->28800K(131584K) Eden: 18432K(18432K)->0K(18432K) From: 37370K(108032K)->28800K(113152K)
[6.024s][info][gc,heap        ] GC(99) ParOldGen: 954671K(1024000K)->982247K(1024000K)
[6.024s][info][gc,metaspace   ] GC(99) Metaspace: 6301K(6464K)->6301K(6464K) NonClass: 5768K(5824K)->5768K(5824K) Class: 533K(640K)->533K(640K)
[6.024s][info][gc             ] GC(99) Pause Young (Allocation Failure) 986M->987M(1128M) 67.089ms
[6.024s][info][gc,cpu         ] GC(99) User=0.36s Sys=0.03s Real=0.07s
[6.024s][info][gc,start       ] GC(100) Pause Full (Ergonomics)
[6.024s][info][gc,phases,start] GC(100) Marking Phase
[6.248s][info][gc,phases      ] GC(100) Marking Phase 224.476ms
[6.248s][info][gc,phases,start] GC(100) Summary Phase
[6.249s][info][gc,phases      ] GC(100) Summary Phase 0.030ms
[6.249s][info][gc,phases,start] GC(100) Adjust Roots
[6.249s][info][gc,phases      ] GC(100) Adjust Roots 0.168ms
[6.249s][info][gc,phases,start] GC(100) Compaction Phase
[6.339s][info][gc,phases      ] GC(100) Compaction Phase 90.312ms
[6.339s][info][gc,phases,start] GC(100) Post Compact
[6.341s][info][gc,phases      ] GC(100) Post Compact 1.778ms
[6.341s][info][gc,heap        ] GC(100) PSYoungGen: 28800K(131584K)->0K(134144K) Eden: 0K(18432K)->0K(20992K) From: 28800K(113152K)->0K(113152K)
[6.341s][info][gc,heap        ] GC(100) ParOldGen: 982247K(1024000K)->1010442K(1024000K)
[6.341s][info][gc,metaspace   ] GC(100) Metaspace: 6301K(6464K)->6301K(6464K) NonClass: 5768K(5824K)->5768K(5824K) Class: 533K(640K)->533K(640K)
[6.341s][info][gc             ] GC(100) Pause Full (Ergonomics) 987M->986M(1131M) 317.068ms
[6.341s][info][gc,cpu         ] GC(100) User=2.23s Sys=0.00s Real=0.32s
[6.367s][info][gc,start       ] GC(101) Pause Full (Ergonomics)
[6.367s][info][gc,phases,start] GC(101) Marking Phase
[6.596s][info][gc,phases      ] GC(101) Marking Phase 228.409ms
[6.596s][info][gc,phases,start] GC(101) Summary Phase
[6.596s][info][gc,phases      ] GC(101) Summary Phase 0.040ms
[6.596s][info][gc,phases,start] GC(101) Adjust Roots
[6.596s][info][gc,phases      ] GC(101) Adjust Roots 0.197ms
[6.596s][info][gc,phases,start] GC(101) Compaction Phase
[6.668s][info][gc,phases      ] GC(101) Compaction Phase 72.379ms
[6.668s][info][gc,phases,start] GC(101) Post Compact
[6.670s][info][gc,phases      ] GC(101) Post Compact 1.968ms
[6.671s][info][gc,heap        ] GC(101) PSYoungGen: 20992K(134144K)->7668K(134144K) Eden: 20992K(20992K)->7668K(20992K) From: 0K(113152K)->0K(113152K)
[6.671s][info][gc,heap        ] GC(101) ParOldGen: 1010442K(1024000K)->1023735K(1024000K)
[6.671s][info][gc,metaspace   ] GC(101) Metaspace: 6301K(6464K)->6301K(6464K) NonClass: 5768K(5824K)->5768K(5824K) Class: 533K(640K)->533K(640K)
[6.671s][info][gc             ] GC(101) Pause Full (Ergonomics) 1007M->1007M(1131M) 303.414ms
[6.671s][info][gc,cpu         ] GC(101) User=2.22s Sys=0.00s Real=0.30s
[6.688s][info][gc,start       ] GC(102) Pause Full (Ergonomics)
[6.688s][info][gc,phases,start] GC(102) Marking Phase
[6.918s][info][gc,phases      ] GC(102) Marking Phase 229.654ms
[6.918s][info][gc,phases,start] GC(102) Summary Phase
[6.918s][info][gc,phases      ] GC(102) Summary Phase 0.024ms
[6.918s][info][gc,phases,start] GC(102) Adjust Roots
[6.918s][info][gc,phases      ] GC(102) Adjust Roots 0.151ms
[6.918s][info][gc,phases,start] GC(102) Compaction Phase
[6.989s][info][gc,phases      ] GC(102) Compaction Phase 70.606ms
[6.989s][info][gc,phases,start] GC(102) Post Compact
[6.990s][info][gc,phases      ] GC(102) Post Compact 1.542ms
[6.990s][info][gc,heap        ] GC(102) PSYoungGen: 20992K(134144K)->20972K(134144K) Eden: 20992K(20992K)->20972K(20992K) From: 0K(113152K)->0K(113152K)
[6.990s][info][gc,heap        ] GC(102) ParOldGen: 1023735K(1024000K)->1023735K(1024000K)
[6.990s][info][gc,metaspace   ] GC(102) Metaspace: 6301K(6464K)->6301K(6464K) NonClass: 5768K(5824K)->5768K(5824K) Class: 533K(640K)->533K(640K)
[6.990s][info][gc             ] GC(102) Pause Full (Ergonomics) 1020M->1020M(1131M) 302.311ms
[6.990s][info][gc,cpu         ] GC(102) User=2.16s Sys=0.00s Real=0.30s
[6.991s][info][gc,start       ] GC(103) Pause Full (Ergonomics)
[6.991s][info][gc,phases,start] GC(103) Marking Phase
[7.226s][info][gc,phases      ] GC(103) Marking Phase 234.961ms
[7.226s][info][gc,phases,start] GC(103) Summary Phase
[7.226s][info][gc,phases      ] GC(103) Summary Phase 0.024ms
[7.226s][info][gc,phases,start] GC(103) Adjust Roots
[7.226s][info][gc,phases      ] GC(103) Adjust Roots 0.158ms
[7.226s][info][gc,phases,start] GC(103) Compaction Phase
[7.294s][info][gc,phases      ] GC(103) Compaction Phase 67.689ms
[7.294s][info][gc,phases,start] GC(103) Post Compact
[7.295s][info][gc,phases      ] GC(103) Post Compact 1.514ms
[7.295s][info][gc,heap        ] GC(103) PSYoungGen: 20992K(134144K)->20991K(134144K) Eden: 20992K(20992K)->20991K(20992K) From: 0K(113152K)->0K(113152K)
[7.295s][info][gc,heap        ] GC(103) ParOldGen: 1023735K(1024000K)->1023735K(1024000K)
[7.295s][info][gc,metaspace   ] GC(103) Metaspace: 6301K(6464K)->6301K(6464K) NonClass: 5768K(5824K)->5768K(5824K) Class: 533K(640K)->533K(640K)
[7.295s][info][gc             ] GC(103) Pause Full (Ergonomics) 1020M->1020M(1131M) 304.651ms
[7.295s][info][gc,cpu         ] GC(103) User=2.17s Sys=0.00s Real=0.30s
[7.295s][info][gc,start       ] GC(104) Pause Full (Ergonomics)
[7.295s][info][gc,phases,start] GC(104) Marking Phase
[7.533s][info][gc,phases      ] GC(104) Marking Phase 237.089ms
[7.533s][info][gc,phases,start] GC(104) Summary Phase
[7.533s][info][gc,phases      ] GC(104) Summary Phase 0.023ms
[7.533s][info][gc,phases,start] GC(104) Adjust Roots
[7.533s][info][gc,phases      ] GC(104) Adjust Roots 0.152ms
[7.533s][info][gc,phases,start] GC(104) Compaction Phase
[7.596s][info][gc,phases      ] GC(104) Compaction Phase 62.903ms
[7.596s][info][gc,phases,start] GC(104) Post Compact
[7.597s][info][gc,phases      ] GC(104) Post Compact 1.426ms
[7.597s][info][gc,heap        ] GC(104) PSYoungGen: 20991K(134144K)->20991K(134144K) Eden: 20991K(20992K)->20991K(20992K) From: 0K(113152K)->0K(113152K)
[7.597s][info][gc,heap        ] GC(104) ParOldGen: 1023735K(1024000K)->1023735K(1024000K)
[7.597s][info][gc,metaspace   ] GC(104) Metaspace: 6301K(6464K)->6301K(6464K) NonClass: 5768K(5824K)->5768K(5824K) Class: 533K(640K)->533K(640K)
[7.597s][info][gc             ] GC(104) Pause Full (Ergonomics) 1020M->1020M(1131M) 301.897ms
[7.597s][info][gc,cpu         ] GC(104) User=2.27s Sys=0.00s Real=0.30s
[7.598s][info][gc,start       ] GC(105) Pause Full (Ergonomics)
[7.598s][info][gc,phases,start] GC(105) Marking Phase
[7.832s][info][gc,phases      ] GC(105) Marking Phase 234.802ms
[7.832s][info][gc,phases,start] GC(105) Summary Phase
[7.832s][info][gc,phases      ] GC(105) Summary Phase 0.025ms
[7.832s][info][gc,phases,start] GC(105) Adjust Roots
[7.833s][info][gc,phases      ] GC(105) Adjust Roots 0.146ms
[7.833s][info][gc,phases,start] GC(105) Compaction Phase
[7.906s][info][gc,phases      ] GC(105) Compaction Phase 73.036ms
[7.906s][info][gc,phases,start] GC(105) Post Compact
[7.908s][info][gc,phases      ] GC(105) Post Compact 1.837ms
[7.908s][info][gc,heap        ] GC(105) PSYoungGen: 20991K(134144K)->20991K(134144K) Eden: 20991K(20992K)->20991K(20992K) From: 0K(113152K)->0K(113152K)
[7.908s][info][gc,heap        ] GC(105) ParOldGen: 1023740K(1024000K)->1023740K(1024000K)
[7.908s][info][gc,metaspace   ] GC(105) Metaspace: 6301K(6464K)->6301K(6464K) NonClass: 5768K(5824K)->5768K(5824K) Class: 533K(640K)->533K(640K)
[7.908s][info][gc             ] GC(105) Pause Full (Ergonomics) 1020M->1020M(1131M) 310.185ms
[7.908s][info][gc,cpu         ] GC(105) User=2.16s Sys=0.00s Real=0.31s
[7.908s][info][gc,start       ] GC(106) Pause Full (Ergonomics)
[7.908s][info][gc,phases,start] GC(106) Marking Phase
[8.141s][info][gc,phases      ] GC(106) Marking Phase 232.635ms
[8.141s][info][gc,phases,start] GC(106) Summary Phase
[8.141s][info][gc,phases      ] GC(106) Summary Phase 0.023ms
[8.141s][info][gc,phases,start] GC(106) Adjust Roots
[8.141s][info][gc,phases      ] GC(106) Adjust Roots 0.156ms
[8.141s][info][gc,phases,start] GC(106) Compaction Phase
[8.207s][info][gc,phases      ] GC(106) Compaction Phase 65.648ms
[8.207s][info][gc,phases,start] GC(106) Post Compact
[8.208s][info][gc,phases      ] GC(106) Post Compact 1.744ms
[8.208s][info][gc,heap        ] GC(106) PSYoungGen: 20991K(134144K)->20991K(134144K) Eden: 20991K(20992K)->20991K(20992K) From: 0K(113152K)->0K(113152K)
[8.208s][info][gc,heap        ] GC(106) ParOldGen: 1023745K(1024000K)->1023745K(1024000K)
[8.208s][info][gc,metaspace   ] GC(106) Metaspace: 6301K(6464K)->6301K(6464K) NonClass: 5768K(5824K)->5768K(5824K) Class: 533K(640K)->533K(640K)
[8.208s][info][gc             ] GC(106) Pause Full (Ergonomics) 1020M->1020M(1131M) 300.541ms
[8.208s][info][gc,cpu         ] GC(106) User=2.11s Sys=0.00s Real=0.30s
[8.209s][info][gc,start       ] GC(107) Pause Full (Ergonomics)
[8.209s][info][gc,phases,start] GC(107) Marking Phase
[8.444s][info][gc,phases      ] GC(107) Marking Phase 235.230ms
[8.444s][info][gc,phases,start] GC(107) Summary Phase
[8.444s][info][gc,phases      ] GC(107) Summary Phase 0.024ms
[8.444s][info][gc,phases,start] GC(107) Adjust Roots
[8.444s][info][gc,phases      ] GC(107) Adjust Roots 0.151ms
[8.444s][info][gc,phases,start] GC(107) Compaction Phase
[8.515s][info][gc,phases      ] GC(107) Compaction Phase 70.951ms
[8.515s][info][gc,phases,start] GC(107) Post Compact
[8.517s][info][gc,phases      ] GC(107) Post Compact 1.561ms
[8.517s][info][gc,heap        ] GC(107) PSYoungGen: 20991K(134144K)->20991K(134144K) Eden: 20991K(20992K)->20991K(20992K) From: 0K(113152K)->0K(113152K)
[8.517s][info][gc,heap        ] GC(107) ParOldGen: 1023749K(1024000K)->1023749K(1024000K)
[8.517s][info][gc,metaspace   ] GC(107) Metaspace: 6301K(6464K)->6301K(6464K) NonClass: 5768K(5824K)->5768K(5824K) Class: 533K(640K)->533K(640K)
[8.517s][info][gc             ] GC(107) Pause Full (Ergonomics) 1020M->1020M(1131M) 308.240ms
[8.517s][info][gc,cpu         ] GC(107) User=2.08s Sys=0.00s Real=0.31s
[8.517s][info][gc,start       ] GC(108) Pause Full (Ergonomics)
[8.517s][info][gc,phases,start] GC(108) Marking Phase
[8.753s][info][gc,phases      ] GC(108) Marking Phase 235.655ms
[8.753s][info][gc,phases,start] GC(108) Summary Phase
[8.753s][info][gc,phases      ] GC(108) Summary Phase 0.024ms
[8.753s][info][gc,phases,start] GC(108) Adjust Roots
[8.753s][info][gc,phases      ] GC(108) Adjust Roots 0.166ms
[8.753s][info][gc,phases,start] GC(108) Compaction Phase
[8.818s][info][gc,phases      ] GC(108) Compaction Phase 65.372ms
[8.819s][info][gc,phases,start] GC(108) Post Compact
[8.820s][info][gc,phases      ] GC(108) Post Compact 1.513ms
[8.820s][info][gc,heap        ] GC(108) PSYoungGen: 20991K(134144K)->20991K(134144K) Eden: 20991K(20992K)->20991K(20992K) From: 0K(113152K)->0K(113152K)
[8.820s][info][gc,heap        ] GC(108) ParOldGen: 1023754K(1024000K)->1023754K(1024000K)
[8.820s][info][gc,metaspace   ] GC(108) Metaspace: 6301K(6464K)->6301K(6464K) NonClass: 5768K(5824K)->5768K(5824K) Class: 533K(640K)->533K(640K)
[8.820s][info][gc             ] GC(108) Pause Full (Ergonomics) 1020M->1020M(1131M) 303.050ms
[8.820s][info][gc,cpu         ] GC(108) User=2.14s Sys=0.00s Real=0.30s
[8.820s][info][gc,start       ] GC(109) Pause Full (Ergonomics)
[8.820s][info][gc,phases,start] GC(109) Marking Phase
[9.044s][info][gc,phases      ] GC(109) Marking Phase 223.816ms
[9.044s][info][gc,phases,start] GC(109) Summary Phase
[9.044s][info][gc,phases      ] GC(109) Summary Phase 0.024ms
[9.044s][info][gc,phases,start] GC(109) Adjust Roots
[9.044s][info][gc,phases      ] GC(109) Adjust Roots 0.165ms
[9.044s][info][gc,phases,start] GC(109) Compaction Phase
[9.121s][info][gc,phases      ] GC(109) Compaction Phase 76.308ms
[9.121s][info][gc,phases,start] GC(109) Post Compact
[9.123s][info][gc,phases      ] GC(109) Post Compact 1.743ms
[9.123s][info][gc,heap        ] GC(109) PSYoungGen: 20991K(134144K)->20991K(134144K) Eden: 20991K(20992K)->20991K(20992K) From: 0K(113152K)->0K(113152K)
[9.123s][info][gc,heap        ] GC(109) ParOldGen: 1023759K(1024000K)->1023759K(1024000K)
[9.123s][info][gc,metaspace   ] GC(109) Metaspace: 6301K(6464K)->6301K(6464K) NonClass: 5768K(5824K)->5768K(5824K) Class: 533K(640K)->533K(640K)
[9.123s][info][gc             ] GC(109) Pause Full (Ergonomics) 1020M->1020M(1131M) 302.403ms
[9.123s][info][gc,cpu         ] GC(109) User=2.14s Sys=0.00s Real=0.30s
[9.123s][info][gc,start       ] GC(110) Pause Full (Ergonomics)
[9.123s][info][gc,phases,start] GC(110) Marking Phase
[9.368s][info][gc,phases      ] GC(110) Marking Phase 245.120ms
[9.368s][info][gc,phases,start] GC(110) Summary Phase
[9.368s][info][gc,phases      ] GC(110) Summary Phase 0.025ms
[9.368s][info][gc,phases,start] GC(110) Adjust Roots
[9.368s][info][gc,phases      ] GC(110) Adjust Roots 0.155ms
[9.368s][info][gc,phases,start] GC(110) Compaction Phase
[9.436s][info][gc,phases      ] GC(110) Compaction Phase 68.105ms
[9.437s][info][gc,phases,start] GC(110) Post Compact
[9.438s][info][gc,phases      ] GC(110) Post Compact 1.499ms
[9.438s][info][gc,heap        ] GC(110) PSYoungGen: 20991K(134144K)->20991K(134144K) Eden: 20991K(20992K)->20991K(20992K) From: 0K(113152K)->0K(113152K)
[9.438s][info][gc,heap        ] GC(110) ParOldGen: 1023763K(1024000K)->1023763K(1024000K)
[9.438s][info][gc,metaspace   ] GC(110) Metaspace: 6301K(6464K)->6301K(6464K) NonClass: 5768K(5824K)->5768K(5824K) Class: 533K(640K)->533K(640K)
[9.438s][info][gc             ] GC(110) Pause Full (Ergonomics) 1020M->1020M(1131M) 315.200ms
[9.438s][info][gc,cpu         ] GC(110) User=2.42s Sys=0.00s Real=0.31s
[9.438s][info][gc,start       ] GC(111) Pause Full (Ergonomics)
[9.438s][info][gc,phases,start] GC(111) Marking Phase
[9.668s][info][gc,phases      ] GC(111) Marking Phase 229.344ms
[9.668s][info][gc,phases,start] GC(111) Summary Phase
[9.668s][info][gc,phases      ] GC(111) Summary Phase 0.028ms
[9.668s][info][gc,phases,start] GC(111) Adjust Roots
[9.668s][info][gc,phases      ] GC(111) Adjust Roots 0.147ms
[9.668s][info][gc,phases,start] GC(111) Compaction Phase
[9.734s][info][gc,phases      ] GC(111) Compaction Phase 65.675ms
[9.734s][info][gc,phases,start] GC(111) Post Compact
[9.735s][info][gc,phases      ] GC(111) Post Compact 1.513ms
[9.735s][info][gc,heap        ] GC(111) PSYoungGen: 20991K(134144K)->20991K(134144K) Eden: 20991K(20992K)->20991K(20992K) From: 0K(113152K)->0K(113152K)
[9.735s][info][gc,heap        ] GC(111) ParOldGen: 1023768K(1024000K)->1023768K(1024000K)
[9.735s][info][gc,metaspace   ] GC(111) Metaspace: 6301K(6464K)->6301K(6464K) NonClass: 5768K(5824K)->5768K(5824K) Class: 533K(640K)->533K(640K)
[9.735s][info][gc             ] GC(111) Pause Full (Ergonomics) 1020M->1020M(1131M) 297.032ms
[9.735s][info][gc,cpu         ] GC(111) User=2.16s Sys=0.00s Real=0.30s
[9.736s][info][gc,start       ] GC(112) Pause Full (Ergonomics)
[9.736s][info][gc,phases,start] GC(112) Marking Phase
[9.971s][info][gc,phases      ] GC(112) Marking Phase 235.740ms
[9.971s][info][gc,phases,start] GC(112) Summary Phase
[9.971s][info][gc,phases      ] GC(112) Summary Phase 0.026ms
[9.971s][info][gc,phases,start] GC(112) Adjust Roots
[9.972s][info][gc,phases      ] GC(112) Adjust Roots 0.166ms
[9.972s][info][gc,phases,start] GC(112) Compaction Phase
[10.044s][info][gc,phases      ] GC(112) Compaction Phase 72.473ms
[10.044s][info][gc,phases,start] GC(112) Post Compact
[10.046s][info][gc,phases      ] GC(112) Post Compact 2.094ms
[10.046s][info][gc,heap        ] GC(112) PSYoungGen: 20991K(134144K)->20991K(134144K) Eden: 20991K(20992K)->20991K(20992K) From: 0K(113152K)->0K(113152K)
[10.046s][info][gc,heap        ] GC(112) ParOldGen: 1023773K(1024000K)->1023773K(1024000K)
[10.046s][info][gc,metaspace   ] GC(112) Metaspace: 6301K(6464K)->6301K(6464K) NonClass: 5768K(5824K)->5768K(5824K) Class: 533K(640K)->533K(640K)
[10.046s][info][gc             ] GC(112) Pause Full (Ergonomics) 1020M->1020M(1131M) 310.888ms
[10.046s][info][gc,cpu         ] GC(112) User=2.16s Sys=0.00s Real=0.31s
[10.047s][info][gc,start       ] GC(113) Pause Full (Ergonomics)
[10.047s][info][gc,phases,start] GC(113) Marking Phase
[10.282s][info][gc,phases      ] GC(113) Marking Phase 235.732ms
[10.282s][info][gc,phases,start] GC(113) Summary Phase
[10.282s][info][gc,phases      ] GC(113) Summary Phase 0.034ms
[10.283s][info][gc,phases,start] GC(113) Adjust Roots
[10.283s][info][gc,phases      ] GC(113) Adjust Roots 0.214ms
[10.283s][info][gc,phases,start] GC(113) Compaction Phase
[10.348s][info][gc,phases      ] GC(113) Compaction Phase 65.344ms
[10.348s][info][gc,phases,start] GC(113) Post Compact
[10.350s][info][gc,phases      ] GC(113) Post Compact 1.744ms
[10.350s][info][gc,heap        ] GC(113) PSYoungGen: 20991K(134144K)->20991K(134144K) Eden: 20991K(20992K)->20991K(20992K) From: 0K(113152K)->0K(113152K)
[10.350s][info][gc,heap        ] GC(113) ParOldGen: 1023777K(1024000K)->1023777K(1024000K)
[10.350s][info][gc,metaspace   ] GC(113) Metaspace: 6301K(6464K)->6301K(6464K) NonClass: 5768K(5824K)->5768K(5824K) Class: 533K(640K)->533K(640K)
[10.350s][info][gc             ] GC(113) Pause Full (Ergonomics) 1020M->1020M(1131M) 303.397ms
[10.350s][info][gc,cpu         ] GC(113) User=2.17s Sys=0.00s Real=0.30s
[10.350s][info][gc,start       ] GC(114) Pause Full (Ergonomics)
[10.350s][info][gc,phases,start] GC(114) Marking Phase
[10.590s][info][gc,phases      ] GC(114) Marking Phase 240.091ms
[10.590s][info][gc,phases,start] GC(114) Summary Phase
[10.590s][info][gc,phases      ] GC(114) Summary Phase 0.023ms
[10.590s][info][gc,phases,start] GC(114) Adjust Roots
[10.591s][info][gc,phases      ] GC(114) Adjust Roots 0.155ms
[10.591s][info][gc,phases,start] GC(114) Compaction Phase
[10.659s][info][gc,phases      ] GC(114) Compaction Phase 68.578ms
[10.659s][info][gc,phases,start] GC(114) Post Compact
[10.661s][info][gc,phases      ] GC(114) Post Compact 1.995ms
[10.661s][info][gc,heap        ] GC(114) PSYoungGen: 20991K(134144K)->20991K(134144K) Eden: 20991K(20992K)->20991K(20992K) From: 0K(113152K)->0K(113152K)
[10.661s][info][gc,heap        ] GC(114) ParOldGen: 1023782K(1024000K)->1023782K(1024000K)
[10.661s][info][gc,metaspace   ] GC(114) Metaspace: 6301K(6464K)->6301K(6464K) NonClass: 5768K(5824K)->5768K(5824K) Class: 533K(640K)->533K(640K)
[10.661s][info][gc             ] GC(114) Pause Full (Ergonomics) 1020M->1020M(1131M) 311.214ms
[10.661s][info][gc,cpu         ] GC(114) User=2.16s Sys=0.02s Real=0.31s
[10.662s][info][gc,start       ] GC(115) Pause Full (Ergonomics)
[10.662s][info][gc,phases,start] GC(115) Marking Phase
[10.900s][info][gc,phases      ] GC(115) Marking Phase 237.963ms
[10.900s][info][gc,phases,start] GC(115) Summary Phase
[10.900s][info][gc,phases      ] GC(115) Summary Phase 0.034ms
[10.900s][info][gc,phases,start] GC(115) Adjust Roots
[10.900s][info][gc,phases      ] GC(115) Adjust Roots 0.212ms
[10.900s][info][gc,phases,start] GC(115) Compaction Phase
[10.966s][info][gc,phases      ] GC(115) Compaction Phase 66.300ms
[10.966s][info][gc,phases,start] GC(115) Post Compact
[10.969s][info][gc,phases      ] GC(115) Post Compact 2.098ms
[10.969s][info][gc,heap        ] GC(115) PSYoungGen: 20991K(134144K)->20991K(134144K) Eden: 20991K(20992K)->20991K(20992K) From: 0K(113152K)->0K(113152K)
[10.969s][info][gc,heap        ] GC(115) ParOldGen: 1023787K(1024000K)->1023787K(1024000K)
[10.969s][info][gc,metaspace   ] GC(115) Metaspace: 6301K(6464K)->6301K(6464K) NonClass: 5768K(5824K)->5768K(5824K) Class: 533K(640K)->533K(640K)
[10.969s][info][gc             ] GC(115) Pause Full (Ergonomics) 1020M->1020M(1131M) 307.034ms
[10.969s][info][gc,cpu         ] GC(115) User=2.16s Sys=0.00s Real=0.31s
[10.969s][info][gc,start       ] GC(116) Pause Full (Ergonomics)
[10.969s][info][gc,phases,start] GC(116) Marking Phase
[11.212s][info][gc,phases      ] GC(116) Marking Phase 243.378ms
[11.212s][info][gc,phases,start] GC(116) Summary Phase
[11.212s][info][gc,phases      ] GC(116) Summary Phase 0.036ms
[11.212s][info][gc,phases,start] GC(116) Adjust Roots
[11.213s][info][gc,phases      ] GC(116) Adjust Roots 0.247ms
[11.213s][info][gc,phases,start] GC(116) Compaction Phase
[11.284s][info][gc,phases      ] GC(116) Compaction Phase 71.245ms
[11.284s][info][gc,phases,start] GC(116) Post Compact
[11.286s][info][gc,phases      ] GC(116) Post Compact 1.782ms
[11.286s][info][gc,heap        ] GC(116) PSYoungGen: 20991K(134144K)->20991K(134144K) Eden: 20991K(20992K)->20991K(20992K) From: 0K(113152K)->0K(113152K)
[11.286s][info][gc,heap        ] GC(116) ParOldGen: 1023791K(1024000K)->1023791K(1024000K)
[11.286s][info][gc,metaspace   ] GC(116) Metaspace: 6301K(6464K)->6301K(6464K) NonClass: 5768K(5824K)->5768K(5824K) Class: 533K(640K)->533K(640K)
[11.286s][info][gc             ] GC(116) Pause Full (Ergonomics) 1020M->1020M(1131M) 317.033ms
[11.286s][info][gc,cpu         ] GC(116) User=2.25s Sys=0.02s Real=0.32s
[11.286s][info][gc,start       ] GC(117) Pause Full (Ergonomics)
[11.286s][info][gc,phases,start] GC(117) Marking Phase
[11.522s][info][gc,phases      ] GC(117) Marking Phase 235.641ms
[11.522s][info][gc,phases,start] GC(117) Summary Phase
[11.522s][info][gc,phases      ] GC(117) Summary Phase 0.024ms
[11.522s][info][gc,phases,start] GC(117) Adjust Roots
[11.522s][info][gc,phases      ] GC(117) Adjust Roots 0.149ms
[11.522s][info][gc,phases,start] GC(117) Compaction Phase
[11.593s][info][gc,phases      ] GC(117) Compaction Phase 71.254ms
[11.593s][info][gc,phases,start] GC(117) Post Compact
[11.595s][info][gc,phases      ] GC(117) Post Compact 1.832ms
[11.595s][info][gc,heap        ] GC(117) PSYoungGen: 20991K(134144K)->20991K(134144K) Eden: 20991K(20992K)->20991K(20992K) From: 0K(113152K)->0K(113152K)
[11.595s][info][gc,heap        ] GC(117) ParOldGen: 1023796K(1024000K)->1023796K(1024000K)
[11.595s][info][gc,metaspace   ] GC(117) Metaspace: 6301K(6464K)->6301K(6464K) NonClass: 5768K(5824K)->5768K(5824K) Class: 533K(640K)->533K(640K)
[11.595s][info][gc             ] GC(117) Pause Full (Ergonomics) 1020M->1020M(1131M) 309.243ms
[11.595s][info][gc,cpu         ] GC(117) User=2.14s Sys=0.00s Real=0.31s
[11.596s][info][gc,start       ] GC(118) Pause Full (Ergonomics)
[11.596s][info][gc,phases,start] GC(118) Marking Phase
[11.835s][info][gc,phases      ] GC(118) Marking Phase 239.803ms
[11.836s][info][gc,phases,start] GC(118) Summary Phase
[11.836s][info][gc,phases      ] GC(118) Summary Phase 0.024ms
[11.836s][info][gc,phases,start] GC(118) Adjust Roots
[11.836s][info][gc,phases      ] GC(118) Adjust Roots 0.156ms
[11.836s][info][gc,phases,start] GC(118) Compaction Phase
[11.909s][info][gc,phases      ] GC(118) Compaction Phase 73.572ms
[11.909s][info][gc,phases,start] GC(118) Post Compact
[11.911s][info][gc,phases      ] GC(118) Post Compact 1.650ms
[11.911s][info][gc,heap        ] GC(118) PSYoungGen: 20991K(134144K)->20991K(134144K) Eden: 20991K(20992K)->20991K(20992K) From: 0K(113152K)->0K(113152K)
[11.911s][info][gc,heap        ] GC(118) ParOldGen: 1023801K(1024000K)->1023801K(1024000K)
[11.911s][info][gc,metaspace   ] GC(118) Metaspace: 6301K(6464K)->6301K(6464K) NonClass: 5768K(5824K)->5768K(5824K) Class: 533K(640K)->533K(640K)
[11.911s][info][gc             ] GC(118) Pause Full (Ergonomics) 1020M->1020M(1131M) 315.531ms
[11.911s][info][gc,cpu         ] GC(118) User=2.17s Sys=0.00s Real=0.32s
[11.911s][info][gc,start       ] GC(119) Pause Full (Ergonomics)
[11.911s][info][gc,phases,start] GC(119) Marking Phase
[12.151s][info][gc,phases      ] GC(119) Marking Phase 239.515ms
[12.151s][info][gc,phases,start] GC(119) Summary Phase
[12.151s][info][gc,phases      ] GC(119) Summary Phase 0.035ms
[12.151s][info][gc,phases,start] GC(119) Adjust Roots
[12.151s][info][gc,phases      ] GC(119) Adjust Roots 0.244ms
[12.151s][info][gc,phases,start] GC(119) Compaction Phase
[12.219s][info][gc,phases      ] GC(119) Compaction Phase 67.964ms
[12.219s][info][gc,phases,start] GC(119) Post Compact
[12.221s][info][gc,phases      ] GC(119) Post Compact 1.598ms
[12.221s][info][gc,heap        ] GC(119) PSYoungGen: 20991K(134144K)->20991K(134144K) Eden: 20991K(20992K)->20991K(20992K) From: 0K(113152K)->0K(113152K)
[12.221s][info][gc,heap        ] GC(119) ParOldGen: 1023805K(1024000K)->1023805K(1024000K)
[12.221s][info][gc,metaspace   ] GC(119) Metaspace: 6301K(6464K)->6301K(6464K) NonClass: 5768K(5824K)->5768K(5824K) Class: 533K(640K)->533K(640K)
[12.221s][info][gc             ] GC(119) Pause Full (Ergonomics) 1020M->1020M(1131M) 309.731ms
[12.221s][info][gc,cpu         ] GC(119) User=2.30s Sys=0.00s Real=0.31s
[12.221s][info][gc,start       ] GC(120) Pause Full (Ergonomics)
[12.221s][info][gc,phases,start] GC(120) Marking Phase
[12.442s][info][gc,phases      ] GC(120) Marking Phase 221.104ms
[12.442s][info][gc,phases,start] GC(120) Summary Phase
[12.443s][info][gc,phases      ] GC(120) Summary Phase 0.023ms
[12.443s][info][gc,phases,start] GC(120) Adjust Roots
[12.443s][info][gc,phases      ] GC(120) Adjust Roots 0.156ms
[12.443s][info][gc,phases,start] GC(120) Compaction Phase
[12.519s][info][gc,phases      ] GC(120) Compaction Phase 76.593ms
[12.519s][info][gc,phases,start] GC(120) Post Compact
[12.521s][info][gc,phases      ] GC(120) Post Compact 1.739ms
[12.521s][info][gc,heap        ] GC(120) PSYoungGen: 20991K(134144K)->20991K(134144K) Eden: 20991K(20992K)->20991K(20992K) From: 0K(113152K)->0K(113152K)
[12.521s][info][gc,heap        ] GC(120) ParOldGen: 1023810K(1024000K)->1023810K(1024000K)
[12.521s][info][gc,metaspace   ] GC(120) Metaspace: 6301K(6464K)->6301K(6464K) NonClass: 5768K(5824K)->5768K(5824K) Class: 533K(640K)->533K(640K)
[12.521s][info][gc             ] GC(120) Pause Full (Ergonomics) 1020M->1020M(1131M) 299.946ms
[12.521s][info][gc,cpu         ] GC(120) User=2.06s Sys=0.00s Real=0.30s
[12.521s][info][gc,start       ] GC(121) Pause Full (Ergonomics)
[12.521s][info][gc,phases,start] GC(121) Marking Phase
[12.756s][info][gc,phases      ] GC(121) Marking Phase 234.475ms
[12.756s][info][gc,phases,start] GC(121) Summary Phase
[12.756s][info][gc,phases      ] GC(121) Summary Phase 0.024ms
[12.756s][info][gc,phases,start] GC(121) Adjust Roots
[12.756s][info][gc,phases      ] GC(121) Adjust Roots 0.149ms
[12.756s][info][gc,phases,start] GC(121) Compaction Phase
[12.828s][info][gc,phases      ] GC(121) Compaction Phase 71.693ms
[12.828s][info][gc,phases,start] GC(121) Post Compact
[12.829s][info][gc,phases      ] GC(121) Post Compact 1.514ms
[12.830s][info][gc,heap        ] GC(121) PSYoungGen: 20991K(134144K)->20991K(134144K) Eden: 20991K(20992K)->20991K(20992K) From: 0K(113152K)->0K(113152K)
[12.830s][info][gc,heap        ] GC(121) ParOldGen: 1023815K(1024000K)->1023815K(1024000K)
[12.830s][info][gc,metaspace   ] GC(121) Metaspace: 6301K(6464K)->6301K(6464K) NonClass: 5768K(5824K)->5768K(5824K) Class: 533K(640K)->533K(640K)
[12.830s][info][gc             ] GC(121) Pause Full (Ergonomics) 1020M->1020M(1131M) 308.157ms
[12.830s][info][gc,cpu         ] GC(121) User=2.17s Sys=0.00s Real=0.31s
[12.830s][info][gc,start       ] GC(122) Pause Full (Ergonomics)
[12.830s][info][gc,phases,start] GC(122) Marking Phase
[13.073s][info][gc,phases      ] GC(122) Marking Phase 242.876ms
[13.073s][info][gc,phases,start] GC(122) Summary Phase
[13.073s][info][gc,phases      ] GC(122) Summary Phase 0.024ms
[13.073s][info][gc,phases,start] GC(122) Adjust Roots
[13.073s][info][gc,phases      ] GC(122) Adjust Roots 0.150ms
[13.073s][info][gc,phases,start] GC(122) Compaction Phase
[13.143s][info][gc,phases      ] GC(122) Compaction Phase 69.642ms
[13.143s][info][gc,phases,start] GC(122) Post Compact
[13.144s][info][gc,phases      ] GC(122) Post Compact 1.702ms
[13.144s][info][gc,heap        ] GC(122) PSYoungGen: 20991K(134144K)->20991K(134144K) Eden: 20991K(20992K)->20991K(20992K) From: 0K(113152K)->0K(113152K)
[13.144s][info][gc,heap        ] GC(122) ParOldGen: 1023819K(1024000K)->1023819K(1024000K)
[13.144s][info][gc,metaspace   ] GC(122) Metaspace: 6301K(6464K)->6301K(6464K) NonClass: 5768K(5824K)->5768K(5824K) Class: 533K(640K)->533K(640K)
[13.145s][info][gc             ] GC(122) Pause Full (Ergonomics) 1020M->1020M(1131M) 314.729ms
[13.145s][info][gc,cpu         ] GC(122) User=2.28s Sys=0.00s Real=0.32s
[13.145s][info][gc,start       ] GC(123) Pause Full (Ergonomics)
[13.145s][info][gc,phases,start] GC(123) Marking Phase
[13.372s][info][gc,phases      ] GC(123) Marking Phase 227.695ms
[13.372s][info][gc,phases,start] GC(123) Summary Phase
[13.373s][info][gc,phases      ] GC(123) Summary Phase 0.023ms
[13.373s][info][gc,phases,start] GC(123) Adjust Roots
[13.373s][info][gc,phases      ] GC(123) Adjust Roots 0.186ms
[13.373s][info][gc,phases,start] GC(123) Compaction Phase
[13.440s][info][gc,phases      ] GC(123) Compaction Phase 67.125ms
[13.440s][info][gc,phases,start] GC(123) Post Compact
[13.441s][info][gc,phases      ] GC(123) Post Compact 1.507ms
[13.441s][info][gc,heap        ] GC(123) PSYoungGen: 20991K(134144K)->20991K(134144K) Eden: 20991K(20992K)->20991K(20992K) From: 0K(113152K)->0K(113152K)
[13.442s][info][gc,heap        ] GC(123) ParOldGen: 1023824K(1024000K)->1023824K(1024000K)
[13.442s][info][gc,metaspace   ] GC(123) Metaspace: 6301K(6464K)->6301K(6464K) NonClass: 5768K(5824K)->5768K(5824K) Class: 533K(640K)->533K(640K)
[13.442s][info][gc             ] GC(123) Pause Full (Ergonomics) 1020M->1020M(1131M) 296.837ms
[13.442s][info][gc,cpu         ] GC(123) User=2.25s Sys=0.00s Real=0.30s
[13.442s][info][gc,start       ] GC(124) Pause Full (Ergonomics)
[13.442s][info][gc,phases,start] GC(124) Marking Phase
[13.687s][info][gc,phases      ] GC(124) Marking Phase 245.077ms
[13.687s][info][gc,phases,start] GC(124) Summary Phase
[13.687s][info][gc,phases      ] GC(124) Summary Phase 0.029ms
[13.687s][info][gc,phases,start] GC(124) Adjust Roots
[13.687s][info][gc,phases      ] GC(124) Adjust Roots 0.173ms
[13.687s][info][gc,phases,start] GC(124) Compaction Phase
[13.760s][info][gc,phases      ] GC(124) Compaction Phase 73.251ms
[13.760s][info][gc,phases,start] GC(124) Post Compact
[13.762s][info][gc,phases      ] GC(124) Post Compact 1.895ms
[13.762s][info][gc,heap        ] GC(124) PSYoungGen: 20991K(134144K)->20991K(134144K) Eden: 20991K(20992K)->20991K(20992K) From: 0K(113152K)->0K(113152K)
[13.762s][info][gc,heap        ] GC(124) ParOldGen: 1023829K(1024000K)->1023829K(1024000K)
[13.762s][info][gc,metaspace   ] GC(124) Metaspace: 6301K(6464K)->6301K(6464K) NonClass: 5768K(5824K)->5768K(5824K) Class: 533K(640K)->533K(640K)
[13.763s][info][gc             ] GC(124) Pause Full (Ergonomics) 1020M->1020M(1131M) 320.783ms
[13.763s][info][gc,cpu         ] GC(124) User=2.25s Sys=0.00s Real=0.32s
[13.763s][info][gc,start       ] GC(125) Pause Full (Ergonomics)
[13.763s][info][gc,phases,start] GC(125) Marking Phase
[14.002s][info][gc,phases      ] GC(125) Marking Phase 239.632ms
[14.002s][info][gc,phases,start] GC(125) Summary Phase
[14.002s][info][gc,phases      ] GC(125) Summary Phase 0.026ms
[14.002s][info][gc,phases,start] GC(125) Adjust Roots
[14.003s][info][gc,phases      ] GC(125) Adjust Roots 0.180ms
[14.003s][info][gc,phases,start] GC(125) Compaction Phase
[14.077s][info][gc,phases      ] GC(125) Compaction Phase 74.502ms
[14.077s][info][gc,phases,start] GC(125) Post Compact
[14.079s][info][gc,phases      ] GC(125) Post Compact 1.660ms
[14.079s][info][gc,heap        ] GC(125) PSYoungGen: 20991K(134144K)->20991K(134144K) Eden: 20991K(20992K)->20991K(20992K) From: 0K(113152K)->0K(113152K)
[14.079s][info][gc,heap        ] GC(125) ParOldGen: 1023833K(1024000K)->1023833K(1024000K)
[14.079s][info][gc,metaspace   ] GC(125) Metaspace: 6301K(6464K)->6301K(6464K) NonClass: 5768K(5824K)->5768K(5824K) Class: 533K(640K)->533K(640K)
[14.079s][info][gc             ] GC(125) Pause Full (Ergonomics) 1020M->1020M(1131M) 316.339ms
[14.079s][info][gc,cpu         ] GC(125) User=2.30s Sys=0.00s Real=0.32s
[14.079s][info][gc,start       ] GC(126) Pause Full (Ergonomics)
[14.079s][info][gc,phases,start] GC(126) Marking Phase
[14.318s][info][gc,phases      ] GC(126) Marking Phase 238.760ms
[14.318s][info][gc,phases,start] GC(126) Summary Phase
[14.318s][info][gc,phases      ] GC(126) Summary Phase 0.024ms
[14.318s][info][gc,phases,start] GC(126) Adjust Roots
[14.318s][info][gc,phases      ] GC(126) Adjust Roots 0.165ms
[14.318s][info][gc,phases,start] GC(126) Compaction Phase
[14.384s][info][gc,phases      ] GC(126) Compaction Phase 66.070ms
[14.384s][info][gc,phases,start] GC(126) Post Compact
[14.386s][info][gc,phases      ] GC(126) Post Compact 1.571ms
[14.386s][info][gc,heap        ] GC(126) PSYoungGen: 20991K(134144K)->20991K(134144K) Eden: 20991K(20992K)->20991K(20992K) From: 0K(113152K)->0K(113152K)
[14.386s][info][gc,heap        ] GC(126) ParOldGen: 1023838K(1024000K)->1023838K(1024000K)
[14.386s][info][gc,metaspace   ] GC(126) Metaspace: 6301K(6464K)->6301K(6464K) NonClass: 5768K(5824K)->5768K(5824K) Class: 533K(640K)->533K(640K)
[14.386s][info][gc             ] GC(126) Pause Full (Ergonomics) 1020M->1020M(1131M) 306.909ms
[14.386s][info][gc,cpu         ] GC(126) User=2.20s Sys=0.00s Real=0.31s
[14.386s][info][gc,start       ] GC(127) Pause Full (Ergonomics)
[14.386s][info][gc,phases,start] GC(127) Marking Phase
[14.625s][info][gc,phases      ] GC(127) Marking Phase 238.348ms
[14.625s][info][gc,phases,start] GC(127) Summary Phase
[14.625s][info][gc,phases      ] GC(127) Summary Phase 0.023ms
[14.625s][info][gc,phases,start] GC(127) Adjust Roots
[14.625s][info][gc,phases      ] GC(127) Adjust Roots 0.152ms
[14.625s][info][gc,phases,start] GC(127) Compaction Phase
[14.700s][info][gc,phases      ] GC(127) Compaction Phase 75.418ms
[14.701s][info][gc,phases,start] GC(127) Post Compact
[14.702s][info][gc,phases      ] GC(127) Post Compact 1.847ms
[14.702s][info][gc,heap        ] GC(127) PSYoungGen: 20991K(134144K)->20991K(134144K) Eden: 20991K(20992K)->20991K(20992K) From: 0K(113152K)->0K(113152K)
[14.702s][info][gc,heap        ] GC(127) ParOldGen: 1023843K(1024000K)->1023843K(1024000K)
[14.702s][info][gc,metaspace   ] GC(127) Metaspace: 6301K(6464K)->6301K(6464K) NonClass: 5768K(5824K)->5768K(5824K) Class: 533K(640K)->533K(640K)
[14.703s][info][gc             ] GC(127) Pause Full (Ergonomics) 1020M->1020M(1131M) 316.148ms
[14.703s][info][gc,cpu         ] GC(127) User=2.28s Sys=0.00s Real=0.32s
[14.703s][info][gc,start       ] GC(128) Pause Full (Ergonomics)
[14.703s][info][gc,phases,start] GC(128) Marking Phase
[14.946s][info][gc,phases      ] GC(128) Marking Phase 243.095ms
[14.946s][info][gc,phases,start] GC(128) Summary Phase
[14.946s][info][gc,phases      ] GC(128) Summary Phase 0.024ms
[14.946s][info][gc,phases,start] GC(128) Adjust Roots
[14.946s][info][gc,phases      ] GC(128) Adjust Roots 0.173ms
[14.946s][info][gc,phases,start] GC(128) Compaction Phase
[15.020s][info][gc,phases      ] GC(128) Compaction Phase 73.636ms
[15.020s][info][gc,phases,start] GC(128) Post Compact
[15.022s][info][gc,phases      ] GC(128) Post Compact 1.903ms
[15.022s][info][gc,heap        ] GC(128) PSYoungGen: 20991K(134144K)->20991K(134144K) Eden: 20991K(20992K)->20991K(20992K) From: 0K(113152K)->0K(113152K)
[15.022s][info][gc,heap        ] GC(128) ParOldGen: 1023847K(1024000K)->1023847K(1024000K)
[15.022s][info][gc,metaspace   ] GC(128) Metaspace: 6301K(6464K)->6301K(6464K) NonClass: 5768K(5824K)->5768K(5824K) Class: 533K(640K)->533K(640K)
[15.022s][info][gc             ] GC(128) Pause Full (Ergonomics) 1020M->1020M(1131M) 319.188ms
[15.022s][info][gc,cpu         ] GC(128) User=2.28s Sys=0.00s Real=0.32s
[15.022s][info][gc,start       ] GC(129) Pause Full (Ergonomics)
[15.022s][info][gc,phases,start] GC(129) Marking Phase
[15.270s][info][gc,phases      ] GC(129) Marking Phase 248.119ms
[15.270s][info][gc,phases,start] GC(129) Summary Phase
[15.270s][info][gc,phases      ] GC(129) Summary Phase 0.025ms
[15.270s][info][gc,phases,start] GC(129) Adjust Roots
[15.271s][info][gc,phases      ] GC(129) Adjust Roots 0.176ms
[15.271s][info][gc,phases,start] GC(129) Compaction Phase
[15.339s][info][gc,phases      ] GC(129) Compaction Phase 67.963ms
[15.339s][info][gc,phases,start] GC(129) Post Compact
[15.340s][info][gc,phases      ] GC(129) Post Compact 1.858ms
[15.341s][info][gc,heap        ] GC(129) PSYoungGen: 20991K(134144K)->20991K(134144K) Eden: 20991K(20992K)->20991K(20992K) From: 0K(113152K)->0K(113152K)
[15.341s][info][gc,heap        ] GC(129) ParOldGen: 1023852K(1024000K)->1023852K(1024000K)
[15.341s][info][gc,metaspace   ] GC(129) Metaspace: 6301K(6464K)->6301K(6464K) NonClass: 5768K(5824K)->5768K(5824K) Class: 533K(640K)->533K(640K)
[15.341s][info][gc             ] GC(129) Pause Full (Ergonomics) 1020M->1020M(1131M) 318.465ms
[15.341s][info][gc,cpu         ] GC(129) User=2.20s Sys=0.00s Real=0.32s
[15.341s][info][gc,start       ] GC(130) Pause Full (Ergonomics)
[15.341s][info][gc,phases,start] GC(130) Marking Phase
[15.582s][info][gc,phases      ] GC(130) Marking Phase 241.613ms
[15.583s][info][gc,phases,start] GC(130) Summary Phase
[15.583s][info][gc,phases      ] GC(130) Summary Phase 0.032ms
[15.583s][info][gc,phases,start] GC(130) Adjust Roots
[15.583s][info][gc,phases      ] GC(130) Adjust Roots 0.232ms
[15.583s][info][gc,phases,start] GC(130) Compaction Phase
[15.654s][info][gc,phases      ] GC(130) Compaction Phase 71.278ms
[15.654s][info][gc,phases,start] GC(130) Post Compact
[15.656s][info][gc,phases      ] GC(130) Post Compact 2.070ms
[15.656s][info][gc,heap        ] GC(130) PSYoungGen: 20991K(134144K)->20991K(134144K) Eden: 20991K(20992K)->20991K(20992K) From: 0K(113152K)->0K(113152K)
[15.656s][info][gc,heap        ] GC(130) ParOldGen: 1023857K(1024000K)->1023857K(1024000K)
[15.656s][info][gc,metaspace   ] GC(130) Metaspace: 6301K(6464K)->6301K(6464K) NonClass: 5768K(5824K)->5768K(5824K) Class: 533K(640K)->533K(640K)
[15.656s][info][gc             ] GC(130) Pause Full (Ergonomics) 1020M->1020M(1131M) 315.597ms
[15.656s][info][gc,cpu         ] GC(130) User=2.38s Sys=0.00s Real=0.32s
[15.657s][info][gc,start       ] GC(131) Pause Full (Ergonomics)
[15.657s][info][gc,phases,start] GC(131) Marking Phase
[15.882s][info][gc,phases      ] GC(131) Marking Phase 225.719ms
[15.883s][info][gc,phases,start] GC(131) Summary Phase
[15.883s][info][gc,phases      ] GC(131) Summary Phase 0.051ms
[15.883s][info][gc,phases,start] GC(131) Adjust Roots
[15.883s][info][gc,phases      ] GC(131) Adjust Roots 0.206ms
[15.883s][info][gc,phases,start] GC(131) Compaction Phase
[15.948s][info][gc,phases      ] GC(131) Compaction Phase 65.346ms
[15.948s][info][gc,phases,start] GC(131) Post Compact
[15.950s][info][gc,phases      ] GC(131) Post Compact 1.609ms
[15.950s][info][gc,heap        ] GC(131) PSYoungGen: 20991K(134144K)->20991K(134144K) Eden: 20991K(20992K)->20991K(20992K) From: 0K(113152K)->0K(113152K)
[15.950s][info][gc,heap        ] GC(131) ParOldGen: 1023861K(1024000K)->1023861K(1024000K)
[15.950s][info][gc,metaspace   ] GC(131) Metaspace: 6301K(6464K)->6301K(6464K) NonClass: 5768K(5824K)->5768K(5824K) Class: 533K(640K)->533K(640K)
[15.950s][info][gc             ] GC(131) Pause Full (Ergonomics) 1020M->1020M(1131M) 293.283ms
[15.950s][info][gc,cpu         ] GC(131) User=2.12s Sys=0.00s Real=0.29s
[15.950s][info][gc,start       ] GC(132) Pause Full (Ergonomics)
[15.950s][info][gc,phases,start] GC(132) Marking Phase
[16.189s][info][gc,phases      ] GC(132) Marking Phase 239.122ms
[16.189s][info][gc,phases,start] GC(132) Summary Phase
[16.189s][info][gc,phases      ] GC(132) Summary Phase 0.037ms
[16.189s][info][gc,phases,start] GC(132) Adjust Roots
[16.190s][info][gc,phases      ] GC(132) Adjust Roots 0.255ms
[16.190s][info][gc,phases,start] GC(132) Compaction Phase
[16.256s][info][gc,phases      ] GC(132) Compaction Phase 66.462ms
[16.256s][info][gc,phases,start] GC(132) Post Compact
[16.258s][info][gc,phases      ] GC(132) Post Compact 1.548ms
[16.258s][info][gc,heap        ] GC(132) PSYoungGen: 20991K(134144K)->20991K(134144K) Eden: 20991K(20992K)->20991K(20992K) From: 0K(113152K)->0K(113152K)
[16.258s][info][gc,heap        ] GC(132) ParOldGen: 1023866K(1024000K)->1023866K(1024000K)
[16.258s][info][gc,metaspace   ] GC(132) Metaspace: 6301K(6464K)->6301K(6464K) NonClass: 5768K(5824K)->5768K(5824K) Class: 533K(640K)->533K(640K)
[16.258s][info][gc             ] GC(132) Pause Full (Ergonomics) 1020M->1020M(1131M) 307.764ms
[16.258s][info][gc,cpu         ] GC(132) User=2.28s Sys=0.00s Real=0.31s
[16.258s][info][gc,start       ] GC(133) Pause Full (Ergonomics)
[16.258s][info][gc,phases,start] GC(133) Marking Phase
[16.498s][info][gc,phases      ] GC(133) Marking Phase 239.499ms
[16.498s][info][gc,phases,start] GC(133) Summary Phase
[16.498s][info][gc,phases      ] GC(133) Summary Phase 0.034ms
[16.498s][info][gc,phases,start] GC(133) Adjust Roots
[16.498s][info][gc,phases      ] GC(133) Adjust Roots 0.233ms
[16.498s][info][gc,phases,start] GC(133) Compaction Phase
[16.569s][info][gc,phases      ] GC(133) Compaction Phase 70.868ms
[16.569s][info][gc,phases,start] GC(133) Post Compact
[16.571s][info][gc,phases      ] GC(133) Post Compact 1.641ms
[16.571s][info][gc,heap        ] GC(133) PSYoungGen: 20991K(134144K)->20991K(134144K) Eden: 20991K(20992K)->20991K(20992K) From: 0K(113152K)->0K(113152K)
[16.571s][info][gc,heap        ] GC(133) ParOldGen: 1023871K(1024000K)->1023871K(1024000K)
[16.571s][info][gc,metaspace   ] GC(133) Metaspace: 6301K(6464K)->6301K(6464K) NonClass: 5768K(5824K)->5768K(5824K) Class: 533K(640K)->533K(640K)
[16.571s][info][gc             ] GC(133) Pause Full (Ergonomics) 1020M->1020M(1131M) 312.605ms
[16.571s][info][gc,cpu         ] GC(133) User=2.31s Sys=0.00s Real=0.31s
[16.571s][info][gc,start       ] GC(134) Pause Full (Ergonomics)
[16.571s][info][gc,phases,start] GC(134) Marking Phase
[16.819s][info][gc,phases      ] GC(134) Marking Phase 247.620ms
[16.819s][info][gc,phases,start] GC(134) Summary Phase
[16.819s][info][gc,phases      ] GC(134) Summary Phase 0.024ms
[16.819s][info][gc,phases,start] GC(134) Adjust Roots
[16.819s][info][gc,phases      ] GC(134) Adjust Roots 0.178ms
[16.819s][info][gc,phases,start] GC(134) Compaction Phase
[16.887s][info][gc,phases      ] GC(134) Compaction Phase 68.129ms
[16.887s][info][gc,phases,start] GC(134) Post Compact
[16.889s][info][gc,phases      ] GC(134) Post Compact 1.805ms
[16.889s][info][gc,heap        ] GC(134) PSYoungGen: 20991K(134144K)->20991K(134144K) Eden: 20991K(20992K)->20991K(20992K) From: 0K(113152K)->0K(113152K)
[16.889s][info][gc,heap        ] GC(134) ParOldGen: 1023875K(1024000K)->1023875K(1024000K)
[16.889s][info][gc,metaspace   ] GC(134) Metaspace: 6301K(6464K)->6301K(6464K) NonClass: 5768K(5824K)->5768K(5824K) Class: 533K(640K)->533K(640K)
[16.889s][info][gc             ] GC(134) Pause Full (Ergonomics) 1020M->1020M(1131M) 318.112ms
[16.889s][info][gc,cpu         ] GC(134) User=2.41s Sys=0.00s Real=0.32s
[16.889s][info][gc,start       ] GC(135) Pause Full (Ergonomics)
[16.889s][info][gc,phases,start] GC(135) Marking Phase
[17.119s][info][gc,phases      ] GC(135) Marking Phase 229.477ms
[17.119s][info][gc,phases,start] GC(135) Summary Phase
[17.119s][info][gc,phases      ] GC(135) Summary Phase 0.023ms
[17.119s][info][gc,phases,start] GC(135) Adjust Roots
[17.119s][info][gc,phases      ] GC(135) Adjust Roots 0.172ms
[17.119s][info][gc,phases,start] GC(135) Compaction Phase
[17.187s][info][gc,phases      ] GC(135) Compaction Phase 67.660ms
[17.187s][info][gc,phases,start] GC(135) Post Compact
[17.188s][info][gc,phases      ] GC(135) Post Compact 1.568ms
[17.188s][info][gc,heap        ] GC(135) PSYoungGen: 20991K(134144K)->20991K(134144K) Eden: 20991K(20992K)->20991K(20992K) From: 0K(113152K)->0K(113152K)
[17.188s][info][gc,heap        ] GC(135) ParOldGen: 1023880K(1024000K)->1023880K(1024000K)
[17.189s][info][gc,metaspace   ] GC(135) Metaspace: 6301K(6464K)->6301K(6464K) NonClass: 5768K(5824K)->5768K(5824K) Class: 533K(640K)->533K(640K)
[17.189s][info][gc             ] GC(135) Pause Full (Ergonomics) 1020M->1020M(1131M) 299.230ms
[17.189s][info][gc,cpu         ] GC(135) User=2.16s Sys=0.00s Real=0.30s
[17.189s][info][gc,start       ] GC(136) Pause Full (Ergonomics)
[17.189s][info][gc,phases,start] GC(136) Marking Phase
[17.425s][info][gc,phases      ] GC(136) Marking Phase 236.534ms
[17.425s][info][gc,phases,start] GC(136) Summary Phase
[17.425s][info][gc,phases      ] GC(136) Summary Phase 0.024ms
[17.425s][info][gc,phases,start] GC(136) Adjust Roots
[17.426s][info][gc,phases      ] GC(136) Adjust Roots 0.154ms
[17.426s][info][gc,phases,start] GC(136) Compaction Phase
[17.493s][info][gc,phases      ] GC(136) Compaction Phase 67.612ms
[17.493s][info][gc,phases,start] GC(136) Post Compact
[17.495s][info][gc,phases      ] GC(136) Post Compact 1.522ms
[17.495s][info][gc,heap        ] GC(136) PSYoungGen: 20991K(134144K)->20991K(134144K) Eden: 20991K(20992K)->20991K(20992K) From: 0K(113152K)->0K(113152K)
[17.495s][info][gc,heap        ] GC(136) ParOldGen: 1023885K(1024000K)->1023885K(1024000K)
[17.495s][info][gc,metaspace   ] GC(136) Metaspace: 6301K(6464K)->6301K(6464K) NonClass: 5768K(5824K)->5768K(5824K) Class: 533K(640K)->533K(640K)
[17.495s][info][gc             ] GC(136) Pause Full (Ergonomics) 1020M->1020M(1131M) 306.142ms
[17.495s][info][gc,cpu         ] GC(136) User=2.19s Sys=0.00s Real=0.31s
[17.495s][info][gc,start       ] GC(137) Pause Full (Ergonomics)
[17.495s][info][gc,phases,start] GC(137) Marking Phase
[17.721s][info][gc,phases      ] GC(137) Marking Phase 226.213ms
[17.721s][info][gc,phases,start] GC(137) Summary Phase
[17.721s][info][gc,phases      ] GC(137) Summary Phase 0.023ms
[17.721s][info][gc,phases,start] GC(137) Adjust Roots
[17.722s][info][gc,phases      ] GC(137) Adjust Roots 0.170ms
[17.722s][info][gc,phases,start] GC(137) Compaction Phase
[17.793s][info][gc,phases      ] GC(137) Compaction Phase 71.400ms
[17.793s][info][gc,phases,start] GC(137) Post Compact
[17.795s][info][gc,phases      ] GC(137) Post Compact 1.821ms
[17.795s][info][gc,heap        ] GC(137) PSYoungGen: 20991K(134144K)->20991K(134144K) Eden: 20991K(20992K)->20991K(20992K) From: 0K(113152K)->0K(113152K)
[17.795s][info][gc,heap        ] GC(137) ParOldGen: 1023889K(1024000K)->1023889K(1024000K)
[17.795s][info][gc,metaspace   ] GC(137) Metaspace: 6301K(6464K)->6301K(6464K) NonClass: 5768K(5824K)->5768K(5824K) Class: 533K(640K)->533K(640K)
[17.795s][info][gc             ] GC(137) Pause Full (Ergonomics) 1020M->1020M(1131M) 299.957ms
[17.795s][info][gc,cpu         ] GC(137) User=2.30s Sys=0.00s Real=0.30s
[17.795s][info][gc,start       ] GC(138) Pause Full (Ergonomics)
[17.795s][info][gc,phases,start] GC(138) Marking Phase
[18.029s][info][gc,phases      ] GC(138) Marking Phase 233.603ms
[18.029s][info][gc,phases,start] GC(138) Summary Phase
[18.029s][info][gc,phases      ] GC(138) Summary Phase 0.024ms
[18.029s][info][gc,phases,start] GC(138) Adjust Roots
[18.029s][info][gc,phases      ] GC(138) Adjust Roots 0.161ms
[18.029s][info][gc,phases,start] GC(138) Compaction Phase
[18.096s][info][gc,phases      ] GC(138) Compaction Phase 66.889ms
[18.096s][info][gc,phases,start] GC(138) Post Compact
[18.098s][info][gc,phases      ] GC(138) Post Compact 1.570ms
[18.098s][info][gc,heap        ] GC(138) PSYoungGen: 20991K(134144K)->20991K(134144K) Eden: 20991K(20992K)->20991K(20992K) From: 0K(113152K)->0K(113152K)
[18.098s][info][gc,heap        ] GC(138) ParOldGen: 1023894K(1024000K)->1023894K(1024000K)
[18.098s][info][gc,metaspace   ] GC(138) Metaspace: 6301K(6464K)->6301K(6464K) NonClass: 5768K(5824K)->5768K(5824K) Class: 533K(640K)->533K(640K)
[18.098s][info][gc             ] GC(138) Pause Full (Ergonomics) 1020M->1020M(1131M) 302.572ms
[18.098s][info][gc,cpu         ] GC(138) User=2.42s Sys=0.00s Real=0.30s
[18.098s][info][gc,start       ] GC(139) Pause Full (Ergonomics)
[18.098s][info][gc,phases,start] GC(139) Marking Phase
[18.334s][info][gc,phases      ] GC(139) Marking Phase 236.153ms
[18.334s][info][gc,phases,start] GC(139) Summary Phase
[18.334s][info][gc,phases      ] GC(139) Summary Phase 0.023ms
[18.334s][info][gc,phases,start] GC(139) Adjust Roots
[18.334s][info][gc,phases      ] GC(139) Adjust Roots 0.157ms
[18.335s][info][gc,phases,start] GC(139) Compaction Phase
[18.406s][info][gc,phases      ] GC(139) Compaction Phase 71.571ms
[18.406s][info][gc,phases,start] GC(139) Post Compact
[18.408s][info][gc,phases      ] GC(139) Post Compact 1.513ms
[18.408s][info][gc,heap        ] GC(139) PSYoungGen: 20991K(134144K)->20991K(134144K) Eden: 20991K(20992K)->20991K(20992K) From: 0K(113152K)->0K(113152K)
[18.408s][info][gc,heap        ] GC(139) ParOldGen: 1023899K(1024000K)->1023899K(1024000K)
[18.408s][info][gc,metaspace   ] GC(139) Metaspace: 6301K(6464K)->6301K(6464K) NonClass: 5768K(5824K)->5768K(5824K) Class: 533K(640K)->533K(640K)
[18.408s][info][gc             ] GC(139) Pause Full (Ergonomics) 1020M->1020M(1131M) 309.734ms
[18.408s][info][gc,cpu         ] GC(139) User=2.16s Sys=0.00s Real=0.31s
[18.408s][info][gc,start       ] GC(140) Pause Full (Ergonomics)
[18.408s][info][gc,phases,start] GC(140) Marking Phase
[18.650s][info][gc,phases      ] GC(140) Marking Phase 241.797ms
[18.650s][info][gc,phases,start] GC(140) Summary Phase
[18.650s][info][gc,phases      ] GC(140) Summary Phase 0.028ms
[18.650s][info][gc,phases,start] GC(140) Adjust Roots
[18.650s][info][gc,phases      ] GC(140) Adjust Roots 0.155ms
[18.650s][info][gc,phases,start] GC(140) Compaction Phase
[18.716s][info][gc,phases      ] GC(140) Compaction Phase 66.342ms
[18.716s][info][gc,phases,start] GC(140) Post Compact
[18.718s][info][gc,phases      ] GC(140) Post Compact 1.581ms
[18.718s][info][gc,heap        ] GC(140) PSYoungGen: 20991K(134144K)->20991K(134144K) Eden: 20991K(20992K)->20991K(20992K) From: 0K(113152K)->0K(113152K)
[18.718s][info][gc,heap        ] GC(140) ParOldGen: 1023903K(1024000K)->1023903K(1024000K)
[18.718s][info][gc,metaspace   ] GC(140) Metaspace: 6301K(6464K)->6301K(6464K) NonClass: 5768K(5824K)->5768K(5824K) Class: 533K(640K)->533K(640K)
[18.718s][info][gc             ] GC(140) Pause Full (Ergonomics) 1020M->1020M(1131M) 310.215ms
[18.718s][info][gc,cpu         ] GC(140) User=2.27s Sys=0.00s Real=0.31s
[18.718s][info][gc,start       ] GC(141) Pause Full (Ergonomics)
[18.718s][info][gc,phases,start] GC(141) Marking Phase
[18.962s][info][gc,phases      ] GC(141) Marking Phase 243.447ms
[18.962s][info][gc,phases,start] GC(141) Summary Phase
[18.962s][info][gc,phases      ] GC(141) Summary Phase 0.030ms
[18.962s][info][gc,phases,start] GC(141) Adjust Roots
[18.962s][info][gc,phases      ] GC(141) Adjust Roots 0.224ms
[18.962s][info][gc,phases,start] GC(141) Compaction Phase
[19.029s][info][gc,phases      ] GC(141) Compaction Phase 66.790ms
[19.029s][info][gc,phases,start] GC(141) Post Compact
[19.031s][info][gc,phases      ] GC(141) Post Compact 1.760ms
[19.031s][info][gc,heap        ] GC(141) PSYoungGen: 20991K(134144K)->20991K(134144K) Eden: 20991K(20992K)->20991K(20992K) From: 0K(113152K)->0K(113152K)
[19.031s][info][gc,heap        ] GC(141) ParOldGen: 1023908K(1024000K)->1023908K(1024000K)
[19.031s][info][gc,metaspace   ] GC(141) Metaspace: 6301K(6464K)->6301K(6464K) NonClass: 5768K(5824K)->5768K(5824K) Class: 533K(640K)->533K(640K)
[19.031s][info][gc             ] GC(141) Pause Full (Ergonomics) 1020M->1020M(1131M) 312.623ms
[19.031s][info][gc,cpu         ] GC(141) User=2.25s Sys=0.00s Real=0.31s
[19.031s][info][gc,start       ] GC(142) Pause Full (Ergonomics)
[19.031s][info][gc,phases,start] GC(142) Marking Phase
[19.274s][info][gc,phases      ] GC(142) Marking Phase 243.026ms
[19.274s][info][gc,phases,start] GC(142) Summary Phase
[19.274s][info][gc,phases      ] GC(142) Summary Phase 0.024ms
[19.274s][info][gc,phases,start] GC(142) Adjust Roots
[19.275s][info][gc,phases      ] GC(142) Adjust Roots 0.146ms
[19.275s][info][gc,phases,start] GC(142) Compaction Phase
[19.358s][info][gc,phases      ] GC(142) Compaction Phase 83.774ms
[19.358s][info][gc,phases,start] GC(142) Post Compact
[19.360s][info][gc,phases      ] GC(142) Post Compact 1.696ms
[19.360s][info][gc,heap        ] GC(142) PSYoungGen: 20991K(134144K)->20991K(134144K) Eden: 20991K(20992K)->20991K(20992K) From: 0K(113152K)->0K(113152K)
[19.360s][info][gc,heap        ] GC(142) ParOldGen: 1023913K(1024000K)->1023913K(1024000K)
[19.360s][info][gc,metaspace   ] GC(142) Metaspace: 6301K(6464K)->6301K(6464K) NonClass: 5768K(5824K)->5768K(5824K) Class: 533K(640K)->533K(640K)
[19.360s][info][gc             ] GC(142) Pause Full (Ergonomics) 1020M->1020M(1131M) 328.965ms
[19.360s][info][gc,cpu         ] GC(142) User=2.28s Sys=0.00s Real=0.33s
[19.360s][info][gc,start       ] GC(143) Pause Full (Ergonomics)
[19.360s][info][gc,phases,start] GC(143) Marking Phase
[19.589s][info][gc,phases      ] GC(143) Marking Phase 228.205ms
[19.589s][info][gc,phases,start] GC(143) Summary Phase
[19.589s][info][gc,phases      ] GC(143) Summary Phase 0.023ms
[19.589s][info][gc,phases,start] GC(143) Adjust Roots
[19.589s][info][gc,phases      ] GC(143) Adjust Roots 0.156ms
[19.589s][info][gc,phases,start] GC(143) Compaction Phase
[19.668s][info][gc,phases      ] GC(143) Compaction Phase 78.868ms
[19.668s][info][gc,phases,start] GC(143) Post Compact
[19.670s][info][gc,phases      ] GC(143) Post Compact 1.829ms
[19.670s][info][gc,heap        ] GC(143) PSYoungGen: 20991K(134144K)->20991K(134144K) Eden: 20991K(20992K)->20991K(20992K) From: 0K(113152K)->0K(113152K)
[19.670s][info][gc,heap        ] GC(143) ParOldGen: 1023917K(1024000K)->1023917K(1024000K)
[19.670s][info][gc,metaspace   ] GC(143) Metaspace: 6301K(6464K)->6301K(6464K) NonClass: 5768K(5824K)->5768K(5824K) Class: 533K(640K)->533K(640K)
[19.670s][info][gc             ] GC(143) Pause Full (Ergonomics) 1020M->1020M(1131M) 309.453ms
[19.670s][info][gc,cpu         ] GC(143) User=2.16s Sys=0.00s Real=0.31s
[19.670s][info][gc,start       ] GC(144) Pause Full (Ergonomics)
[19.670s][info][gc,phases,start] GC(144) Marking Phase
[19.916s][info][gc,phases      ] GC(144) Marking Phase 245.563ms
[19.916s][info][gc,phases,start] GC(144) Summary Phase
[19.916s][info][gc,phases      ] GC(144) Summary Phase 0.024ms
[19.916s][info][gc,phases,start] GC(144) Adjust Roots
[19.916s][info][gc,phases      ] GC(144) Adjust Roots 0.153ms
[19.916s][info][gc,phases,start] GC(144) Compaction Phase
[19.982s][info][gc,phases      ] GC(144) Compaction Phase 66.062ms
[19.982s][info][gc,phases,start] GC(144) Post Compact
[19.984s][info][gc,phases      ] GC(144) Post Compact 1.566ms
[19.984s][info][gc,heap        ] GC(144) PSYoungGen: 20991K(134144K)->20991K(134144K) Eden: 20991K(20992K)->20991K(20992K) From: 0K(113152K)->0K(113152K)
[19.984s][info][gc,heap        ] GC(144) ParOldGen: 1023922K(1024000K)->1023922K(1024000K)
[19.984s][info][gc,metaspace   ] GC(144) Metaspace: 6301K(6464K)->6301K(6464K) NonClass: 5768K(5824K)->5768K(5824K) Class: 533K(640K)->533K(640K)
[19.984s][info][gc             ] GC(144) Pause Full (Ergonomics) 1020M->1020M(1131M) 313.783ms
[19.984s][info][gc,cpu         ] GC(144) User=2.41s Sys=0.00s Real=0.31s
[19.984s][info][gc,start       ] GC(145) Pause Full (Ergonomics)
[19.984s][info][gc,phases,start] GC(145) Marking Phase
[20.214s][info][gc,phases      ] GC(145) Marking Phase 230.339ms
[20.214s][info][gc,phases,start] GC(145) Summary Phase
[20.215s][info][gc,phases      ] GC(145) Summary Phase 0.024ms
[20.215s][info][gc,phases,start] GC(145) Adjust Roots
[20.215s][info][gc,phases      ] GC(145) Adjust Roots 0.175ms
[20.215s][info][gc,phases,start] GC(145) Compaction Phase
[20.281s][info][gc,phases      ] GC(145) Compaction Phase 66.068ms
[20.281s][info][gc,phases,start] GC(145) Post Compact
[20.282s][info][gc,phases      ] GC(145) Post Compact 1.550ms
[20.282s][info][gc,heap        ] GC(145) PSYoungGen: 20991K(134144K)->20991K(134144K) Eden: 20991K(20992K)->20991K(20992K) From: 0K(113152K)->0K(113152K)
[20.283s][info][gc,heap        ] GC(145) ParOldGen: 1023927K(1024000K)->1023927K(1024000K)
[20.283s][info][gc,metaspace   ] GC(145) Metaspace: 6301K(6464K)->6301K(6464K) NonClass: 5768K(5824K)->5768K(5824K) Class: 533K(640K)->533K(640K)
[20.283s][info][gc             ] GC(145) Pause Full (Ergonomics) 1020M->1020M(1131M) 298.483ms
[20.283s][info][gc,cpu         ] GC(145) User=2.14s Sys=0.00s Real=0.30s
[20.283s][info][gc,start       ] GC(146) Pause Full (Ergonomics)
[20.283s][info][gc,phases,start] GC(146) Marking Phase
[20.529s][info][gc,phases      ] GC(146) Marking Phase 246.386ms
[20.529s][info][gc,phases,start] GC(146) Summary Phase
[20.529s][info][gc,phases      ] GC(146) Summary Phase 0.024ms
[20.529s][info][gc,phases,start] GC(146) Adjust Roots
[20.529s][info][gc,phases      ] GC(146) Adjust Roots 0.155ms
[20.529s][info][gc,phases,start] GC(146) Compaction Phase
[20.600s][info][gc,phases      ] GC(146) Compaction Phase 70.215ms
[20.600s][info][gc,phases,start] GC(146) Post Compact
[20.602s][info][gc,phases      ] GC(146) Post Compact 2.616ms
[20.603s][info][gc,heap        ] GC(146) PSYoungGen: 20991K(134144K)->20991K(134144K) Eden: 20991K(20992K)->20991K(20992K) From: 0K(113152K)->0K(113152K)
[20.603s][info][gc,heap        ] GC(146) ParOldGen: 1023931K(1024000K)->1023931K(1024000K)
[20.603s][info][gc,metaspace   ] GC(146) Metaspace: 6301K(6464K)->6301K(6464K) NonClass: 5768K(5824K)->5768K(5824K) Class: 533K(640K)->533K(640K)
[20.603s][info][gc             ] GC(146) Pause Full (Ergonomics) 1020M->1020M(1131M) 319.818ms
[20.603s][info][gc,cpu         ] GC(146) User=2.38s Sys=0.00s Real=0.32s
[20.603s][info][gc,start       ] GC(147) Pause Full (Ergonomics)
[20.603s][info][gc,phases,start] GC(147) Marking Phase
[20.847s][info][gc,phases      ] GC(147) Marking Phase 244.388ms
[20.847s][info][gc,phases,start] GC(147) Summary Phase
[20.847s][info][gc,phases      ] GC(147) Summary Phase 0.039ms
[20.847s][info][gc,phases,start] GC(147) Adjust Roots
[20.848s][info][gc,phases      ] GC(147) Adjust Roots 0.394ms
[20.848s][info][gc,phases,start] GC(147) Compaction Phase
[20.917s][info][gc,phases      ] GC(147) Compaction Phase 68.625ms
[20.917s][info][gc,phases,start] GC(147) Post Compact
[20.919s][info][gc,phases      ] GC(147) Post Compact 2.208ms
[20.919s][info][gc,heap        ] GC(147) PSYoungGen: 20991K(134144K)->20991K(134144K) Eden: 20991K(20992K)->20991K(20992K) From: 0K(113152K)->0K(113152K)
[20.919s][info][gc,heap        ] GC(147) ParOldGen: 1023936K(1024000K)->1023936K(1024000K)
[20.919s][info][gc,metaspace   ] GC(147) Metaspace: 6301K(6464K)->6301K(6464K) NonClass: 5768K(5824K)->5768K(5824K) Class: 533K(640K)->533K(640K)
[20.919s][info][gc             ] GC(147) Pause Full (Ergonomics) 1020M->1020M(1131M) 316.228ms
[20.919s][info][gc,cpu         ] GC(147) User=2.38s Sys=0.00s Real=0.32s
[20.919s][info][gc,start       ] GC(148) Pause Full (Ergonomics)
[20.919s][info][gc,phases,start] GC(148) Marking Phase
[21.167s][info][gc,phases      ] GC(148) Marking Phase 247.715ms
[21.167s][info][gc,phases,start] GC(148) Summary Phase
[21.167s][info][gc,phases      ] GC(148) Summary Phase 0.038ms
[21.167s][info][gc,phases,start] GC(148) Adjust Roots
[21.167s][info][gc,phases      ] GC(148) Adjust Roots 0.259ms
[21.168s][info][gc,phases,start] GC(148) Compaction Phase
[21.244s][info][gc,phases      ] GC(148) Compaction Phase 76.821ms
[21.244s][info][gc,phases,start] GC(148) Post Compact
[21.247s][info][gc,phases      ] GC(148) Post Compact 2.202ms
[21.247s][info][gc,heap        ] GC(148) PSYoungGen: 20991K(134144K)->20991K(134144K) Eden: 20991K(20992K)->20991K(20992K) From: 0K(113152K)->0K(113152K)
[21.247s][info][gc,heap        ] GC(148) ParOldGen: 1023941K(1024000K)->1023941K(1024000K)
[21.247s][info][gc,metaspace   ] GC(148) Metaspace: 6301K(6464K)->6301K(6464K) NonClass: 5768K(5824K)->5768K(5824K) Class: 533K(640K)->533K(640K)
[21.247s][info][gc             ] GC(148) Pause Full (Ergonomics) 1020M->1020M(1131M) 327.497ms
[21.247s][info][gc,cpu         ] GC(148) User=2.50s Sys=0.00s Real=0.33s
[21.247s][info][gc,start       ] GC(149) Pause Full (Ergonomics)
[21.247s][info][gc,phases,start] GC(149) Marking Phase
[21.482s][info][gc,phases      ] GC(149) Marking Phase 234.459ms
[21.482s][info][gc,phases,start] GC(149) Summary Phase
[21.482s][info][gc,phases      ] GC(149) Summary Phase 0.041ms
[21.482s][info][gc,phases,start] GC(149) Adjust Roots
[21.482s][info][gc,phases      ] GC(149) Adjust Roots 0.314ms
[21.482s][info][gc,phases,start] GC(149) Compaction Phase
[21.556s][info][gc,phases      ] GC(149) Compaction Phase 74.227ms
[21.556s][info][gc,phases,start] GC(149) Post Compact
[21.559s][info][gc,phases      ] GC(149) Post Compact 2.352ms
[21.559s][info][gc,heap        ] GC(149) PSYoungGen: 20991K(134144K)->20991K(134144K) Eden: 20991K(20992K)->20991K(20992K) From: 0K(113152K)->0K(113152K)
[21.559s][info][gc,heap        ] GC(149) ParOldGen: 1023945K(1024000K)->1023945K(1024000K)
[21.559s][info][gc,metaspace   ] GC(149) Metaspace: 6301K(6464K)->6301K(6464K) NonClass: 5768K(5824K)->5768K(5824K) Class: 533K(640K)->533K(640K)
[21.559s][info][gc             ] GC(149) Pause Full (Ergonomics) 1020M->1020M(1131M) 311.844ms
[21.559s][info][gc,cpu         ] GC(149) User=2.30s Sys=0.00s Real=0.31s
[21.559s][info][gc,start       ] GC(150) Pause Full (Ergonomics)
[21.559s][info][gc,phases,start] GC(150) Marking Phase
[21.808s][info][gc,phases      ] GC(150) Marking Phase 249.157ms
[21.809s][info][gc,phases,start] GC(150) Summary Phase
[21.809s][info][gc,phases      ] GC(150) Summary Phase 0.034ms
[21.809s][info][gc,phases,start] GC(150) Adjust Roots
[21.809s][info][gc,phases      ] GC(150) Adjust Roots 0.278ms
[21.809s][info][gc,phases,start] GC(150) Compaction Phase
[21.880s][info][gc,phases      ] GC(150) Compaction Phase 70.653ms
[21.880s][info][gc,phases,start] GC(150) Post Compact
[21.882s][info][gc,phases      ] GC(150) Post Compact 2.350ms
[21.882s][info][gc,heap        ] GC(150) PSYoungGen: 20991K(134144K)->20991K(134144K) Eden: 20991K(20992K)->20991K(20992K) From: 0K(113152K)->0K(113152K)
[21.882s][info][gc,heap        ] GC(150) ParOldGen: 1023950K(1024000K)->1023950K(1024000K)
[21.882s][info][gc,metaspace   ] GC(150) Metaspace: 6301K(6464K)->6301K(6464K) NonClass: 5768K(5824K)->5768K(5824K) Class: 533K(640K)->533K(640K)
[21.882s][info][gc             ] GC(150) Pause Full (Ergonomics) 1020M->1020M(1131M) 322.923ms
[21.882s][info][gc,cpu         ] GC(150) User=2.52s Sys=0.00s Real=0.32s
[21.883s][info][gc,start       ] GC(151) Pause Full (Ergonomics)
[21.883s][info][gc,phases,start] GC(151) Marking Phase
[22.126s][info][gc,phases      ] GC(151) Marking Phase 242.994ms
[22.126s][info][gc,phases,start] GC(151) Summary Phase
[22.126s][info][gc,phases      ] GC(151) Summary Phase 0.034ms
[22.126s][info][gc,phases,start] GC(151) Adjust Roots
[22.126s][info][gc,phases      ] GC(151) Adjust Roots 0.237ms
[22.126s][info][gc,phases,start] GC(151) Compaction Phase
[22.200s][info][gc,phases      ] GC(151) Compaction Phase 73.795ms
[22.200s][info][gc,phases,start] GC(151) Post Compact
[22.202s][info][gc,phases      ] GC(151) Post Compact 2.255ms
[22.202s][info][gc,heap        ] GC(151) PSYoungGen: 20991K(134144K)->20991K(134144K) Eden: 20991K(20992K)->20991K(20992K) From: 0K(113152K)->0K(113152K)
[22.202s][info][gc,heap        ] GC(151) ParOldGen: 1023955K(1024000K)->1023955K(1024000K)
[22.202s][info][gc,metaspace   ] GC(151) Metaspace: 6301K(6464K)->6301K(6464K) NonClass: 5768K(5824K)->5768K(5824K) Class: 533K(640K)->533K(640K)
[22.202s][info][gc             ] GC(151) Pause Full (Ergonomics) 1020M->1020M(1131M) 319.754ms
[22.202s][info][gc,cpu         ] GC(151) User=2.42s Sys=0.00s Real=0.32s
[22.203s][info][gc,start       ] GC(152) Pause Full (Ergonomics)
[22.203s][info][gc,phases,start] GC(152) Marking Phase
[22.436s][info][gc,phases      ] GC(152) Marking Phase 233.776ms
[22.436s][info][gc,phases,start] GC(152) Summary Phase
[22.436s][info][gc,phases      ] GC(152) Summary Phase 0.033ms
[22.436s][info][gc,phases,start] GC(152) Adjust Roots
[22.437s][info][gc,phases      ] GC(152) Adjust Roots 0.249ms
[22.437s][info][gc,phases,start] GC(152) Compaction Phase
[22.516s][info][gc,phases      ] GC(152) Compaction Phase 79.124ms
[22.516s][info][gc,phases,start] GC(152) Post Compact
[22.519s][info][gc,phases      ] GC(152) Post Compact 2.688ms
[22.519s][info][gc,heap        ] GC(152) PSYoungGen: 20991K(134144K)->20991K(134144K) Eden: 20991K(20992K)->20991K(20992K) From: 0K(113152K)->0K(113152K)
[22.519s][info][gc,heap        ] GC(152) ParOldGen: 1023959K(1024000K)->1023959K(1024000K)
[22.519s][info][gc,metaspace   ] GC(152) Metaspace: 6301K(6464K)->6301K(6464K) NonClass: 5768K(5824K)->5768K(5824K) Class: 533K(640K)->533K(640K)
[22.519s][info][gc             ] GC(152) Pause Full (Ergonomics) 1020M->1020M(1131M) 316.375ms
[22.519s][info][gc,cpu         ] GC(152) User=2.34s Sys=0.00s Real=0.32s
[22.519s][info][gc,start       ] GC(153) Pause Full (Ergonomics)
[22.519s][info][gc,phases,start] GC(153) Marking Phase
[22.763s][info][gc,phases      ] GC(153) Marking Phase 243.434ms
[22.763s][info][gc,phases,start] GC(153) Summary Phase
[22.763s][info][gc,phases      ] GC(153) Summary Phase 0.042ms
[22.763s][info][gc,phases,start] GC(153) Adjust Roots
[22.763s][info][gc,phases      ] GC(153) Adjust Roots 0.281ms
[22.763s][info][gc,phases,start] GC(153) Compaction Phase
[22.834s][info][gc,phases      ] GC(153) Compaction Phase 71.172ms
[22.834s][info][gc,phases,start] GC(153) Post Compact
[22.837s][info][gc,phases      ] GC(153) Post Compact 2.467ms
[22.837s][info][gc,heap        ] GC(153) PSYoungGen: 20991K(134144K)->20991K(134144K) Eden: 20991K(20992K)->20991K(20992K) From: 0K(113152K)->0K(113152K)
[22.837s][info][gc,heap        ] GC(153) ParOldGen: 1023964K(1024000K)->1023964K(1024000K)
[22.837s][info][gc,metaspace   ] GC(153) Metaspace: 6301K(6464K)->6301K(6464K) NonClass: 5768K(5824K)->5768K(5824K) Class: 533K(640K)->533K(640K)
[22.837s][info][gc             ] GC(153) Pause Full (Ergonomics) 1020M->1020M(1131M) 317.854ms
[22.837s][info][gc,cpu         ] GC(153) User=2.31s Sys=0.00s Real=0.32s
[22.837s][info][gc,start       ] GC(154) Pause Full (Ergonomics)
[22.837s][info][gc,phases,start] GC(154) Marking Phase
[23.072s][info][gc,phases      ] GC(154) Marking Phase 234.868ms
[23.072s][info][gc,phases,start] GC(154) Summary Phase
[23.072s][info][gc,phases      ] GC(154) Summary Phase 0.038ms
[23.072s][info][gc,phases,start] GC(154) Adjust Roots
[23.073s][info][gc,phases      ] GC(154) Adjust Roots 0.396ms
[23.073s][info][gc,phases,start] GC(154) Compaction Phase
[23.147s][info][gc,phases      ] GC(154) Compaction Phase 73.872ms
[23.147s][info][gc,phases,start] GC(154) Post Compact
[23.149s][info][gc,phases      ] GC(154) Post Compact 2.197ms
[23.149s][info][gc,heap        ] GC(154) PSYoungGen: 20991K(134144K)->20991K(134144K) Eden: 20991K(20992K)->20991K(20992K) From: 0K(113152K)->0K(113152K)
[23.149s][info][gc,heap        ] GC(154) ParOldGen: 1023969K(1024000K)->1023969K(1024000K)
[23.149s][info][gc,metaspace   ] GC(154) Metaspace: 6301K(6464K)->6301K(6464K) NonClass: 5768K(5824K)->5768K(5824K) Class: 533K(640K)->533K(640K)
[23.149s][info][gc             ] GC(154) Pause Full (Ergonomics) 1020M->1020M(1131M) 311.853ms
[23.149s][info][gc,cpu         ] GC(154) User=2.23s Sys=0.00s Real=0.31s
[23.149s][info][gc,start       ] GC(155) Pause Full (Ergonomics)
[23.150s][info][gc,phases,start] GC(155) Marking Phase
[23.396s][info][gc,phases      ] GC(155) Marking Phase 246.337ms
[23.396s][info][gc,phases,start] GC(155) Summary Phase
[23.396s][info][gc,phases      ] GC(155) Summary Phase 0.042ms
[23.396s][info][gc,phases,start] GC(155) Adjust Roots
[23.396s][info][gc,phases      ] GC(155) Adjust Roots 0.252ms
[23.396s][info][gc,phases,start] GC(155) Compaction Phase
[23.472s][info][gc,phases      ] GC(155) Compaction Phase 75.935ms
[23.472s][info][gc,phases,start] GC(155) Post Compact
[23.475s][info][gc,phases      ] GC(155) Post Compact 2.294ms
[23.475s][info][gc,heap        ] GC(155) PSYoungGen: 20991K(134144K)->20991K(134144K) Eden: 20991K(20992K)->20991K(20992K) From: 0K(113152K)->0K(113152K)
[23.475s][info][gc,heap        ] GC(155) ParOldGen: 1023973K(1024000K)->1023973K(1024000K)
[23.475s][info][gc,metaspace   ] GC(155) Metaspace: 6301K(6464K)->6301K(6464K) NonClass: 5768K(5824K)->5768K(5824K) Class: 533K(640K)->533K(640K)
[23.475s][info][gc             ] GC(155) Pause Full (Ergonomics) 1020M->1020M(1131M) 325.296ms
[23.475s][info][gc,cpu         ] GC(155) User=2.48s Sys=0.00s Real=0.33s
[23.475s][info][gc,start       ] GC(156) Pause Full (Ergonomics)
[23.475s][info][gc,phases,start] GC(156) Marking Phase
[23.717s][info][gc,phases      ] GC(156) Marking Phase 241.989ms
[23.717s][info][gc,phases,start] GC(156) Summary Phase
[23.717s][info][gc,phases      ] GC(156) Summary Phase 0.033ms
[23.717s][info][gc,phases,start] GC(156) Adjust Roots
[23.717s][info][gc,phases      ] GC(156) Adjust Roots 0.258ms
[23.717s][info][gc,phases,start] GC(156) Compaction Phase
[23.790s][info][gc,phases      ] GC(156) Compaction Phase 72.996ms
[23.791s][info][gc,phases,start] GC(156) Post Compact
[23.793s][info][gc,phases      ] GC(156) Post Compact 2.225ms
[23.793s][info][gc,heap        ] GC(156) PSYoungGen: 20991K(134144K)->20991K(134144K) Eden: 20991K(20992K)->20991K(20992K) From: 0K(113152K)->0K(113152K)
[23.793s][info][gc,heap        ] GC(156) ParOldGen: 1023978K(1024000K)->1023978K(1024000K)
[23.793s][info][gc,metaspace   ] GC(156) Metaspace: 6301K(6464K)->6301K(6464K) NonClass: 5768K(5824K)->5768K(5824K) Class: 533K(640K)->533K(640K)
[23.793s][info][gc             ] GC(156) Pause Full (Ergonomics) 1020M->1020M(1131M) 317.909ms
[23.793s][info][gc,cpu         ] GC(156) User=2.25s Sys=0.00s Real=0.32s
[23.793s][info][gc,start       ] GC(157) Pause Full (Ergonomics)
[23.793s][info][gc,phases,start] GC(157) Marking Phase
[24.037s][info][gc,phases      ] GC(157) Marking Phase 244.236ms
[24.037s][info][gc,phases,start] GC(157) Summary Phase
[24.038s][info][gc,phases      ] GC(157) Summary Phase 0.027ms
[24.038s][info][gc,phases,start] GC(157) Adjust Roots
[24.038s][info][gc,phases      ] GC(157) Adjust Roots 0.293ms
[24.038s][info][gc,phases,start] GC(157) Compaction Phase
[24.107s][info][gc,phases      ] GC(157) Compaction Phase 69.363ms
[24.107s][info][gc,phases,start] GC(157) Post Compact
[24.110s][info][gc,phases      ] GC(157) Post Compact 2.245ms
[24.110s][info][gc,heap        ] GC(157) PSYoungGen: 20991K(134144K)->20991K(134144K) Eden: 20991K(20992K)->20991K(20992K) From: 0K(113152K)->0K(113152K)
[24.110s][info][gc,heap        ] GC(157) ParOldGen: 1023983K(1024000K)->1023983K(1024000K)
[24.110s][info][gc,metaspace   ] GC(157) Metaspace: 6301K(6464K)->6301K(6464K) NonClass: 5768K(5824K)->5768K(5824K) Class: 533K(640K)->533K(640K)
[24.110s][info][gc             ] GC(157) Pause Full (Ergonomics) 1020M->1020M(1131M) 316.761ms
[24.110s][info][gc,cpu         ] GC(157) User=2.45s Sys=0.00s Real=0.32s
[24.110s][info][gc,start       ] GC(158) Pause Full (Ergonomics)
[24.110s][info][gc,phases,start] GC(158) Marking Phase
[24.357s][info][gc,phases      ] GC(158) Marking Phase 247.146ms
[24.357s][info][gc,phases,start] GC(158) Summary Phase
[24.357s][info][gc,phases      ] GC(158) Summary Phase 0.025ms
[24.357s][info][gc,phases,start] GC(158) Adjust Roots
[24.358s][info][gc,phases      ] GC(158) Adjust Roots 0.211ms
[24.358s][info][gc,phases,start] GC(158) Compaction Phase
[24.428s][info][gc,phases      ] GC(158) Compaction Phase 70.241ms
[24.428s][info][gc,phases,start] GC(158) Post Compact
[24.430s][info][gc,phases      ] GC(158) Post Compact 2.125ms
[24.430s][info][gc,heap        ] GC(158) PSYoungGen: 20991K(134144K)->20991K(134144K) Eden: 20991K(20992K)->20991K(20992K) From: 0K(113152K)->0K(113152K)
[24.430s][info][gc,heap        ] GC(158) ParOldGen: 1023987K(1024000K)->1023987K(1024000K)
[24.430s][info][gc,metaspace   ] GC(158) Metaspace: 6301K(6464K)->6301K(6464K) NonClass: 5768K(5824K)->5768K(5824K) Class: 533K(640K)->533K(640K)
[24.430s][info][gc             ] GC(158) Pause Full (Ergonomics) 1020M->1020M(1131M) 320.162ms
[24.430s][info][gc,cpu         ] GC(158) User=2.42s Sys=0.00s Real=0.32s
[24.431s][info][gc,start       ] GC(159) Pause Full (Ergonomics)
[24.431s][info][gc,phases,start] GC(159) Marking Phase
[24.685s][info][gc,phases      ] GC(159) Marking Phase 254.507ms
[24.685s][info][gc,phases,start] GC(159) Summary Phase
[24.685s][info][gc,phases      ] GC(159) Summary Phase 0.041ms
[24.685s][info][gc,phases,start] GC(159) Adjust Roots
[24.686s][info][gc,phases      ] GC(159) Adjust Roots 0.235ms
[24.686s][info][gc,phases,start] GC(159) Compaction Phase
[24.773s][info][gc,phases      ] GC(159) Compaction Phase 87.589ms
[24.773s][info][gc,phases,start] GC(159) Post Compact
[24.775s][info][gc,phases      ] GC(159) Post Compact 2.205ms
[24.776s][info][gc,heap        ] GC(159) PSYoungGen: 20991K(134144K)->20991K(134144K) Eden: 20991K(20992K)->20991K(20992K) From: 0K(113152K)->0K(113152K)
[24.776s][info][gc,heap        ] GC(159) ParOldGen: 1023992K(1024000K)->1023992K(1024000K)
[24.776s][info][gc,metaspace   ] GC(159) Metaspace: 6301K(6464K)->6301K(6464K) NonClass: 5768K(5824K)->5768K(5824K) Class: 533K(640K)->533K(640K)
[24.776s][info][gc             ] GC(159) Pause Full (Ergonomics) 1020M->1020M(1131M) 345.028ms
[24.776s][info][gc,cpu         ] GC(159) User=2.50s Sys=0.00s Real=0.35s
[24.776s][info][gc,start       ] GC(160) Pause Full (Ergonomics)
[24.776s][info][gc,phases,start] GC(160) Marking Phase
[25.029s][info][gc,phases      ] GC(160) Marking Phase 252.776ms
[25.029s][info][gc,phases,start] GC(160) Summary Phase
[25.029s][info][gc,phases      ] GC(160) Summary Phase 0.027ms
[25.029s][info][gc,phases,start] GC(160) Adjust Roots
[25.029s][info][gc,phases      ] GC(160) Adjust Roots 0.228ms
[25.029s][info][gc,phases,start] GC(160) Compaction Phase
[25.096s][info][gc,phases      ] GC(160) Compaction Phase 66.513ms
[25.096s][info][gc,phases,start] GC(160) Post Compact
[25.098s][info][gc,phases      ] GC(160) Post Compact 2.405ms
[25.098s][info][gc,heap        ] GC(160) PSYoungGen: 20991K(134144K)->20991K(134144K) Eden: 20991K(20992K)->20991K(20992K) From: 0K(113152K)->0K(113152K)
[25.098s][info][gc,heap        ] GC(160) ParOldGen: 1023997K(1024000K)->1023997K(1024000K)
[25.098s][info][gc,metaspace   ] GC(160) Metaspace: 6301K(6464K)->6301K(6464K) NonClass: 5768K(5824K)->5768K(5824K) Class: 533K(640K)->533K(640K)
[25.098s][info][gc             ] GC(160) Pause Full (Ergonomics) 1020M->1020M(1131M) 322.358ms
[25.098s][info][gc,cpu         ] GC(160) User=2.42s Sys=0.00s Real=0.32s
[25.099s][info][gc,start       ] GC(161) Pause Full (Ergonomics)
[25.099s][info][gc,phases,start] GC(161) Marking Phase
[25.345s][info][gc,phases      ] GC(161) Marking Phase 246.475ms
[25.345s][info][gc,phases,start] GC(161) Summary Phase
[25.345s][info][gc,phases      ] GC(161) Summary Phase 0.039ms
[25.345s][info][gc,phases,start] GC(161) Adjust Roots
[25.346s][info][gc,phases      ] GC(161) Adjust Roots 0.291ms
[25.346s][info][gc,phases,start] GC(161) Compaction Phase
[25.418s][info][gc,phases      ] GC(161) Compaction Phase 72.479ms
[25.418s][info][gc,phases,start] GC(161) Post Compact
[25.421s][info][gc,phases      ] GC(161) Post Compact 2.815ms
[25.421s][info][gc,heap        ] GC(161) PSYoungGen: 20991K(134144K)->20991K(134144K) Eden: 20991K(20992K)->20991K(20992K) From: 0K(113152K)->0K(113152K)
[25.421s][info][gc,heap        ] GC(161) ParOldGen: 1023999K(1024000K)->1023999K(1024000K)
[25.421s][info][gc,metaspace   ] GC(161) Metaspace: 6301K(6464K)->6301K(6464K) NonClass: 5768K(5824K)->5768K(5824K) Class: 533K(640K)->533K(640K)
[25.421s][info][gc             ] GC(161) Pause Full (Ergonomics) 1020M->1020M(1131M) 322.702ms
[25.421s][info][gc,cpu         ] GC(161) User=2.42s Sys=0.00s Real=0.32s
[25.421s][info][gc,start       ] GC(162) Pause Full (Allocation Failure)
[25.422s][info][gc,phases,start] GC(162) Marking Phase
[25.668s][info][gc,phases      ] GC(162) Marking Phase 246.893ms
[25.668s][info][gc,phases,start] GC(162) Summary Phase
[25.668s][info][gc,phases      ] GC(162) Summary Phase 0.028ms
[25.668s][info][gc,phases,start] GC(162) Adjust Roots
[25.669s][info][gc,phases      ] GC(162) Adjust Roots 0.524ms
[25.669s][info][gc,phases,start] GC(162) Compaction Phase
[25.942s][info][gc,phases      ] GC(162) Compaction Phase 272.881ms
[25.942s][info][gc,phases,start] GC(162) Post Compact
[25.944s][info][gc,phases      ] GC(162) Post Compact 2.394ms
[25.945s][info][gc,heap        ] GC(162) PSYoungGen: 20991K(134144K)->20991K(134144K) Eden: 20991K(20992K)->20991K(20992K) From: 0K(113152K)->0K(113152K)
[25.945s][info][gc,heap        ] GC(162) ParOldGen: 1023999K(1024000K)->1023995K(1024000K)
[25.945s][info][gc,metaspace   ] GC(162) Metaspace: 6301K(6464K)->6299K(6464K) NonClass: 5768K(5824K)->5767K(5824K) Class: 533K(640K)->532K(640K)
[25.945s][info][gc             ] GC(162) Pause Full (Allocation Failure) 1020M->1020M(1131M) 523.162ms
[25.945s][info][gc,cpu         ] GC(162) User=3.75s Sys=0.02s Real=0.52s
[25.945s][info][gc,start       ] GC(163) Pause Full (Ergonomics)
[25.945s][info][gc,phases,start] GC(163) Marking Phase
[26.195s][info][gc,phases      ] GC(163) Marking Phase 249.615ms
[26.195s][info][gc,phases,start] GC(163) Summary Phase
[26.195s][info][gc,phases      ] GC(163) Summary Phase 0.044ms
[26.195s][info][gc,phases,start] GC(163) Adjust Roots
[26.195s][info][gc,phases      ] GC(163) Adjust Roots 0.290ms
[26.195s][info][gc,phases,start] GC(163) Compaction Phase
[26.269s][info][gc,phases      ] GC(163) Compaction Phase 73.387ms
[26.269s][info][gc,phases,start] GC(163) Post Compact
[26.272s][info][gc,phases      ] GC(163) Post Compact 2.905ms
[26.272s][info][gc,heap        ] GC(163) PSYoungGen: 20991K(134144K)->20991K(134144K) Eden: 20991K(20992K)->20991K(20992K) From: 0K(113152K)->0K(113152K)
[26.272s][info][gc,heap        ] GC(163) ParOldGen: 1023997K(1024000K)->1023997K(1024000K)
[26.272s][info][gc,metaspace   ] GC(163) Metaspace: 6299K(6464K)->6299K(6464K) NonClass: 5767K(5824K)->5767K(5824K) Class: 532K(640K)->532K(640K)
[26.272s][info][gc             ] GC(163) Pause Full (Ergonomics) 1020M->1020M(1131M) 326.786ms
[26.272s][info][gc,cpu         ] GC(163) User=2.25s Sys=0.00s Real=0.33s
[26.272s][info][gc,start       ] GC(164) Pause Full (Ergonomics)
[26.273s][info][gc,phases,start] GC(164) Marking Phase
[26.522s][info][gc,phases      ] GC(164) Marking Phase 249.737ms
[26.522s][info][gc,phases,start] GC(164) Summary Phase
[26.522s][info][gc,phases      ] GC(164) Summary Phase 0.141ms
[26.523s][info][gc,phases,start] GC(164) Adjust Roots
[26.523s][info][gc,phases      ] GC(164) Adjust Roots 0.286ms
[26.523s][info][gc,phases,start] GC(164) Compaction Phase
[26.596s][info][gc,phases      ] GC(164) Compaction Phase 72.780ms
[26.596s][info][gc,phases,start] GC(164) Post Compact
[26.599s][info][gc,phases      ] GC(164) Post Compact 2.769ms
[26.599s][info][gc,heap        ] GC(164) PSYoungGen: 20991K(134144K)->20991K(134144K) Eden: 20991K(20992K)->20991K(20992K) From: 0K(113152K)->0K(113152K)
[26.599s][info][gc,heap        ] GC(164) ParOldGen: 1024000K(1024000K)->1024000K(1024000K)
[26.599s][info][gc,metaspace   ] GC(164) Metaspace: 6299K(6464K)->6299K(6464K) NonClass: 5767K(5824K)->5767K(5824K) Class: 532K(640K)->532K(640K)
[26.599s][info][gc             ] GC(164) Pause Full (Ergonomics) 1020M->1020M(1131M) 326.334ms
[26.599s][info][gc,cpu         ] GC(164) User=2.48s Sys=0.00s Real=0.33s
[26.599s][info][gc,start       ] GC(165) Pause Full (Allocation Failure)
[26.599s][info][gc,phases,start] GC(165) Marking Phase
[26.834s][info][gc,phases      ] GC(165) Marking Phase 234.510ms
[26.834s][info][gc,phases,start] GC(165) Summary Phase
[26.834s][info][gc,phases      ] GC(165) Summary Phase 0.040ms
[26.834s][info][gc,phases,start] GC(165) Adjust Roots
[26.834s][info][gc,phases      ] GC(165) Adjust Roots 0.292ms
[26.834s][info][gc,phases,start] GC(165) Compaction Phase
[26.901s][info][gc,phases      ] GC(165) Compaction Phase 67.254ms
[26.901s][info][gc,phases,start] GC(165) Post Compact
[26.903s][info][gc,phases      ] GC(165) Post Compact 1.793ms
[26.903s][info][gc,heap        ] GC(165) PSYoungGen: 20991K(134144K)->20991K(134144K) Eden: 20991K(20992K)->20991K(20992K) From: 0K(113152K)->0K(113152K)
[26.903s][info][gc,heap        ] GC(165) ParOldGen: 1024000K(1024000K)->1024000K(1024000K)
[26.903s][info][gc,metaspace   ] GC(165) Metaspace: 6299K(6464K)->6299K(6464K) NonClass: 5767K(5824K)->5767K(5824K) Class: 532K(640K)->532K(640K)
[26.903s][info][gc             ] GC(165) Pause Full (Allocation Failure) 1020M->1020M(1131M) 304.325ms
[26.903s][info][gc,cpu         ] GC(165) User=2.17s Sys=0.00s Real=0.30s
[26.904s][info][gc,start       ] GC(166) Pause Full (Ergonomics)
[26.904s][info][gc,phases,start] GC(166) Marking Phase
[27.148s][info][gc,phases      ] GC(166) Marking Phase 244.492ms
[27.148s][info][gc,phases,start] GC(166) Summary Phase
[27.148s][info][gc,phases      ] GC(166) Summary Phase 0.041ms
[27.148s][info][gc,phases,start] GC(166) Adjust Roots
[27.149s][info][gc,phases      ] GC(166) Adjust Roots 0.359ms
[27.149s][info][gc,phases,start] GC(166) Compaction Phase
[27.412s][info][gc,phases      ] GC(166) Compaction Phase 263.484ms
[27.412s][info][gc,phases,start] GC(166) Post Compact
[27.415s][info][gc,phases      ] GC(166) Post Compact 2.075ms
[27.415s][info][gc,heap        ] GC(166) PSYoungGen: 20991K(134144K)->20991K(134144K) Eden: 20991K(20992K)->20991K(20992K) From: 0K(113152K)->0K(113152K)
[27.415s][info][gc,heap        ] GC(166) ParOldGen: 1024000K(1024000K)->1023998K(1024000K)
[27.415s][info][gc,metaspace   ] GC(166) Metaspace: 6299K(6464K)->6299K(6464K) NonClass: 5767K(5824K)->5767K(5824K) Class: 532K(640K)->532K(640K)
[27.415s][info][gc             ] GC(166) Pause Full (Ergonomics) 1020M->1020M(1131M) 510.978ms
[27.415s][info][gc,cpu         ] GC(166) User=3.81s Sys=0.02s Real=0.51s
[27.416s][info][gc,start       ] GC(167) Pause Full (Ergonomics)
[27.416s][info][gc,phases,start] GC(167) Marking Phase
[27.655s][info][gc,phases      ] GC(167) Marking Phase 238.905ms
[27.655s][info][gc,phases,start] GC(167) Summary Phase
[27.655s][info][gc,phases      ] GC(167) Summary Phase 0.038ms
[27.655s][info][gc,phases,start] GC(167) Adjust Roots
[27.655s][info][gc,phases      ] GC(167) Adjust Roots 0.348ms
[27.655s][info][gc,phases,start] GC(167) Compaction Phase
[27.918s][info][gc,phases      ] GC(167) Compaction Phase 262.404ms
[27.918s][info][gc,phases,start] GC(167) Post Compact
[27.920s][info][gc,phases      ] GC(167) Post Compact 2.282ms
[27.920s][info][gc,heap        ] GC(167) PSYoungGen: 20991K(134144K)->20991K(134144K) Eden: 20991K(20992K)->20991K(20992K) From: 0K(113152K)->0K(113152K)
[27.920s][info][gc,heap        ] GC(167) ParOldGen: 1023999K(1024000K)->1023998K(1024000K)
[27.920s][info][gc,metaspace   ] GC(167) Metaspace: 6301K(6464K)->6301K(6464K) NonClass: 5767K(5824K)->5767K(5824K) Class: 533K(640K)->533K(640K)
[27.920s][info][gc             ] GC(167) Pause Full (Ergonomics) 1020M->1020M(1131M) 504.421ms
[27.920s][info][gc,cpu         ] GC(167) User=3.58s Sys=0.00s Real=0.50s
[27.921s][info][gc,heap,exit   ] Heap
[27.921s][info][gc,heap,exit   ]  PSYoungGen      total 134144K, used 20991K [0x00000000e0c00000, 0x00000000f0000000, 0x0000000100000000)
[27.921s][info][gc,heap,exit   ]   eden space 20992K, 99% used [0x00000000e0c00000,0x00000000e207fff8,0x00000000e2080000)
[27.921s][info][gc,heap,exit   ]   from space 113152K, 0% used [0x00000000e2080000,0x00000000e2080000,0x00000000e8f00000)
[27.921s][info][gc,heap,exit   ]   to   space 113152K, 0% used [0x00000000e8f00000,0x00000000e8f00000,0x00000000efd80000)
[27.921s][info][gc,heap,exit   ]  ParOldGen       total 1024000K, used 1023999K [0x00000000a2400000, 0x00000000e0c00000, 0x00000000e0c00000)
[27.921s][info][gc,heap,exit   ]   object space 1024000K, 99% used [0x00000000a2400000,0x00000000e0bffd10,0x00000000e0c00000)
[27.921s][info][gc,heap,exit   ]  Metaspace       used 6304K, committed 6528K, reserved 1114112K
[27.921s][info][gc,heap,exit   ]   class space    used 534K, committed 640K, reserved 1048576K
