[0.011s][info][gc,init] CardTable entry size: 512
[0.011s][info][gc     ] Using Parallel
[0.012s][info][gc,init] Version: 18.0.1+10 (release)
[0.013s][info][gc,init] CPUs: 8 total, 8 available
[0.013s][info][gc,init] Memory: 16063M
[0.013s][info][gc,init] Large Page Support: Disabled
[0.013s][info][gc,init] NUMA Support: Disabled
[0.013s][info][gc,init] Compressed Oops: Enabled (Zero based)
[0.013s][info][gc,init] Alignments: Space 512K, Generation 512K, Heap 2M
[0.013s][info][gc,init] Heap Min Capacity: 2M
[0.013s][info][gc,init] Heap Initial Capacity: 2M
[0.013s][info][gc,init] Heap Max Capacity: 12600M
[0.013s][info][gc,init] Pre-touch: Disabled
[0.013s][info][gc,init] Parallel Workers: 8
[0.013s][info][gc,metaspace] CDS archive(s) not mapped
[0.013s][info][gc,metaspace] Compressed class space mapped at: 0x0000000800000000-0x0000000840000000, reserved size: 1073741824
[0.013s][info][gc,metaspace] Narrow klass base: 0x0000000800000000, Narrow klass shift: 0, Narrow klass range: 0x40000000
[0.121s][info][gc,start    ] GC(0) Pause Young (Allocation Failure)
[0.123s][info][gc,heap     ] GC(0) PSYoungGen: 512K(1024K)->480K(1024K) Eden: 512K(512K)->0K(512K) From: 0K(512K)->480K(512K)
[0.123s][info][gc,heap     ] GC(0) ParOldGen: 0K(512K)->8K(512K)
[0.123s][info][gc,metaspace] GC(0) Metaspace: 4229K(4352K)->4229K(4352K) NonClass: 3908K(3968K)->3908K(3968K) Class: 321K(384K)->321K(384K)
[0.123s][info][gc          ] GC(0) Pause Young (Allocation Failure) 0M->0M(1M) 1.398ms
[0.123s][info][gc,cpu      ] GC(0) User=0.00s Sys=0.00s Real=0.00s
[0.188s][info][gc,start    ] GC(1) Pause Young (Allocation Failure)
[0.189s][info][gc,heap     ] GC(1) PSYoungGen: 991K(1024K)->512K(1536K) Eden: 511K(512K)->0K(1024K) From: 480K(512K)->512K(512K)
[0.189s][info][gc,heap     ] GC(1) ParOldGen: 8K(512K)->88K(512K)
[0.189s][info][gc,metaspace] GC(1) Metaspace: 5881K(6016K)->5881K(6016K) NonClass: 5384K(5504K)->5384K(5504K) Class: 496K(512K)->496K(512K)
[0.189s][info][gc          ] GC(1) Pause Young (Allocation Failure) 0M->0M(2M) 0.983ms
[0.189s][info][gc,cpu      ] GC(1) User=0.00s Sys=0.00s Real=0.00s
[0.207s][info][gc,start    ] GC(2) Pause Young (Allocation Failure)
[0.208s][info][gc,heap     ] GC(2) PSYoungGen: 1536K(1536K)->512K(1536K) Eden: 1024K(1024K)->0K(1024K) From: 512K(512K)->512K(512K)
[0.209s][info][gc,heap     ] GC(2) ParOldGen: 88K(512K)->512K(1024K)
[0.209s][info][gc,metaspace] GC(2) Metaspace: 6300K(6464K)->6300K(6464K) NonClass: 5766K(5824K)->5766K(5824K) Class: 533K(640K)->533K(640K)
[0.209s][info][gc          ] GC(2) Pause Young (Allocation Failure) 1M->1M(2M) 1.194ms
[0.209s][info][gc,cpu      ] GC(2) User=0.00s Sys=0.00s Real=0.00s
[0.210s][info][gc,start    ] GC(3) Pause Young (Allocation Failure)
[0.212s][info][gc,heap     ] GC(3) PSYoungGen: 1536K(1536K)->480K(2560K) Eden: 1024K(1024K)->0K(2048K) From: 512K(512K)->480K(512K)
[0.212s][info][gc,heap     ] GC(3) ParOldGen: 512K(1024K)->1068K(1536K)
[0.212s][info][gc,metaspace] GC(3) Metaspace: 6300K(6464K)->6300K(6464K) NonClass: 5766K(5824K)->5766K(5824K) Class: 533K(640K)->533K(640K)
[0.212s][info][gc          ] GC(3) Pause Young (Allocation Failure) 2M->1M(4M) 1.631ms
[0.212s][info][gc,cpu      ] GC(3) User=0.00s Sys=0.00s Real=0.00s
[0.212s][info][gc,start    ] GC(4) Pause Full (Ergonomics)
[0.212s][info][gc,phases,start] GC(4) Marking Phase
[0.213s][info][gc,phases      ] GC(4) Marking Phase 1.144ms
[0.213s][info][gc,phases,start] GC(4) Summary Phase
[0.213s][info][gc,phases      ] GC(4) Summary Phase 0.018ms
[0.213s][info][gc,phases,start] GC(4) Adjust Roots
[0.214s][info][gc,phases      ] GC(4) Adjust Roots 0.329ms
[0.214s][info][gc,phases,start] GC(4) Compaction Phase
[0.216s][info][gc,phases      ] GC(4) Compaction Phase 2.498ms
[0.216s][info][gc,phases,start] GC(4) Post Compact
[0.216s][info][gc,phases      ] GC(4) Post Compact 0.077ms
[0.216s][info][gc,heap        ] GC(4) PSYoungGen: 480K(2560K)->0K(2560K) Eden: 0K(2048K)->0K(2048K) From: 480K(512K)->0K(512K)
[0.216s][info][gc,heap        ] GC(4) ParOldGen: 1068K(1536K)->1495K(3584K)
[0.216s][info][gc,metaspace   ] GC(4) Metaspace: 6300K(6464K)->6300K(6464K) NonClass: 5766K(5824K)->5766K(5824K) Class: 533K(640K)->533K(640K)
[0.216s][info][gc             ] GC(4) Pause Full (Ergonomics) 1M->1M(6M) 4.411ms
[0.216s][info][gc,cpu         ] GC(4) User=0.00s Sys=0.00s Real=0.00s
[0.220s][info][gc,start       ] GC(5) Pause Young (Allocation Failure)
[0.222s][info][gc,heap        ] GC(5) PSYoungGen: 2048K(2560K)->480K(3584K) Eden: 2048K(2048K)->0K(3072K) From: 0K(512K)->480K(512K)
[0.222s][info][gc,heap        ] GC(5) ParOldGen: 1495K(3584K)->2119K(3584K)
[0.222s][info][gc,metaspace   ] GC(5) Metaspace: 6300K(6464K)->6300K(6464K) NonClass: 5766K(5824K)->5766K(5824K) Class: 533K(640K)->533K(640K)
[0.222s][info][gc             ] GC(5) Pause Young (Allocation Failure) 3M->2M(7M) 1.426ms
[0.222s][info][gc,cpu         ] GC(5) User=0.00s Sys=0.00s Real=0.00s
[0.228s][info][gc,start       ] GC(6) Pause Young (Allocation Failure)
[0.230s][info][gc,heap        ] GC(6) PSYoungGen: 3552K(3584K)->1504K(4608K) Eden: 3072K(3072K)->0K(3072K) From: 480K(512K)->1504K(1536K)
[0.230s][info][gc,heap        ] GC(6) ParOldGen: 2119K(3584K)->2695K(3584K)
[0.230s][info][gc,metaspace   ] GC(6) Metaspace: 6300K(6464K)->6300K(6464K) NonClass: 5766K(5824K)->5766K(5824K) Class: 533K(640K)->533K(640K)
[0.230s][info][gc             ] GC(6) Pause Young (Allocation Failure) 5M->4M(8M) 2.083ms
[0.230s][info][gc,cpu         ] GC(6) User=0.00s Sys=0.00s Real=0.00s
[0.230s][info][gc,start       ] GC(7) Pause Full (Ergonomics)
[0.230s][info][gc,phases,start] GC(7) Marking Phase
[0.232s][info][gc,phases      ] GC(7) Marking Phase 2.097ms
[0.232s][info][gc,phases,start] GC(7) Summary Phase
[0.232s][info][gc,phases      ] GC(7) Summary Phase 0.015ms
[0.232s][info][gc,phases,start] GC(7) Adjust Roots
[0.232s][info][gc,phases      ] GC(7) Adjust Roots 0.373ms
[0.232s][info][gc,phases,start] GC(7) Compaction Phase
[0.235s][info][gc,phases      ] GC(7) Compaction Phase 2.960ms
[0.235s][info][gc,phases,start] GC(7) Post Compact
[0.235s][info][gc,phases      ] GC(7) Post Compact 0.048ms
[0.236s][info][gc,heap        ] GC(7) PSYoungGen: 1504K(4608K)->990K(4608K) Eden: 0K(3072K)->0K(3072K) From: 1504K(1536K)->990K(1536K)
[0.236s][info][gc,heap        ] GC(7) ParOldGen: 2695K(3584K)->3127K(6144K)
[0.236s][info][gc,metaspace   ] GC(7) Metaspace: 6300K(6464K)->6300K(6464K) NonClass: 5766K(5824K)->5766K(5824K) Class: 533K(640K)->533K(640K)
[0.236s][info][gc             ] GC(7) Pause Full (Ergonomics) 4M->4M(10M) 5.925ms
[0.236s][info][gc,cpu         ] GC(7) User=0.00s Sys=0.00s Real=0.00s
[0.240s][info][gc,start       ] GC(8) Pause Young (Allocation Failure)
[0.242s][info][gc,heap        ] GC(8) PSYoungGen: 4062K(4608K)->2016K(5632K) Eden: 3072K(3072K)->0K(3584K) From: 990K(1536K)->2016K(2048K)
[0.242s][info][gc,heap        ] GC(8) ParOldGen: 3127K(6144K)->3703K(6144K)
[0.242s][info][gc,metaspace   ] GC(8) Metaspace: 6300K(6464K)->6300K(6464K) NonClass: 5766K(5824K)->5766K(5824K) Class: 533K(640K)->533K(640K)
[0.242s][info][gc             ] GC(8) Pause Young (Allocation Failure) 7M->5M(11M) 2.667ms
[0.242s][info][gc,cpu         ] GC(8) User=0.02s Sys=0.00s Real=0.00s
[0.249s][info][gc,start       ] GC(9) Pause Young (Allocation Failure)
[0.252s][info][gc,heap        ] GC(9) PSYoungGen: 5600K(5632K)->3040K(6656K) Eden: 3584K(3584K)->0K(3584K) From: 2016K(2048K)->3040K(3072K)
[0.253s][info][gc,heap        ] GC(9) ParOldGen: 3703K(6144K)->4535K(6144K)
[0.253s][info][gc,metaspace   ] GC(9) Metaspace: 6300K(6464K)->6300K(6464K) NonClass: 5766K(5824K)->5766K(5824K) Class: 533K(640K)->533K(640K)
[0.253s][info][gc             ] GC(9) Pause Young (Allocation Failure) 9M->7M(12M) 3.540ms
[0.253s][info][gc,cpu         ] GC(9) User=0.00s Sys=0.00s Real=0.00s
[0.256s][info][gc,start       ] GC(10) Pause Young (Allocation Failure)
[0.261s][info][gc,heap        ] GC(10) PSYoungGen: 6624K(6656K)->4064K(8704K) Eden: 3584K(3584K)->0K(4608K) From: 3040K(3072K)->4064K(4096K)
[0.262s][info][gc,heap        ] GC(10) ParOldGen: 4535K(6144K)->5383K(6144K)
[0.262s][info][gc,metaspace   ] GC(10) Metaspace: 6300K(6464K)->6300K(6464K) NonClass: 5766K(5824K)->5766K(5824K) Class: 533K(640K)->533K(640K)
[0.262s][info][gc             ] GC(10) Pause Young (Allocation Failure) 10M->9M(14M) 5.416ms
[0.262s][info][gc,cpu         ] GC(10) User=0.00s Sys=0.00s Real=0.01s
[0.262s][info][gc,start       ] GC(11) Pause Full (Ergonomics)
[0.262s][info][gc,phases,start] GC(11) Marking Phase
[0.266s][info][gc,phases      ] GC(11) Marking Phase 4.549ms
[0.266s][info][gc,phases,start] GC(11) Summary Phase
[0.266s][info][gc,phases      ] GC(11) Summary Phase 0.015ms
[0.266s][info][gc,phases,start] GC(11) Adjust Roots
[0.267s][info][gc,phases      ] GC(11) Adjust Roots 0.166ms
[0.267s][info][gc,phases,start] GC(11) Compaction Phase
[0.272s][info][gc,phases      ] GC(11) Compaction Phase 5.029ms
[0.272s][info][gc,phases,start] GC(11) Post Compact
[0.272s][info][gc,phases      ] GC(11) Post Compact 0.062ms
[0.272s][info][gc,heap        ] GC(11) PSYoungGen: 4064K(8704K)->3542K(8704K) Eden: 0K(4608K)->0K(4608K) From: 4064K(4096K)->3542K(4096K)
[0.272s][info][gc,heap        ] GC(11) ParOldGen: 5383K(6144K)->5834K(10240K)
[0.272s][info][gc,metaspace   ] GC(11) Metaspace: 6300K(6464K)->6300K(6464K) NonClass: 5766K(5824K)->5766K(5824K) Class: 533K(640K)->533K(640K)
[0.272s][info][gc             ] GC(11) Pause Full (Ergonomics) 9M->9M(18M) 10.175ms
[0.272s][info][gc,cpu         ] GC(11) User=0.00s Sys=0.00s Real=0.01s
[0.277s][info][gc,start       ] GC(12) Pause Young (Allocation Failure)
[0.281s][info][gc,heap        ] GC(12) PSYoungGen: 8011K(8704K)->3968K(9728K) Eden: 4468K(4608K)->0K(4608K) From: 3542K(4096K)->3968K(5120K)
[0.281s][info][gc,heap        ] GC(12) ParOldGen: 5834K(10240K)->7786K(10240K)
[0.281s][info][gc,metaspace   ] GC(12) Metaspace: 6300K(6464K)->6300K(6464K) NonClass: 5766K(5824K)->5766K(5824K) Class: 533K(640K)->533K(640K)
[0.281s][info][gc             ] GC(12) Pause Young (Allocation Failure) 13M->11M(19M) 4.258ms
[0.281s][info][gc,cpu         ] GC(12) User=0.00s Sys=0.00s Real=0.00s
[0.288s][info][gc,start       ] GC(13) Pause Young (Allocation Failure)
[0.293s][info][gc,heap        ] GC(13) PSYoungGen: 8576K(9728K)->2656K(11264K) Eden: 4608K(4608K)->0K(6656K) From: 3968K(5120K)->2656K(4608K)
[0.293s][info][gc,heap        ] GC(13) ParOldGen: 7786K(10240K)->11778K(12288K)
[0.293s][info][gc,metaspace   ] GC(13) Metaspace: 6300K(6464K)->6300K(6464K) NonClass: 5766K(5824K)->5766K(5824K) Class: 533K(640K)->533K(640K)
[0.293s][info][gc             ] GC(13) Pause Young (Allocation Failure) 15M->14M(23M) 5.594ms
[0.293s][info][gc,cpu         ] GC(13) User=0.00s Sys=0.00s Real=0.01s
[0.293s][info][gc,start       ] GC(14) Pause Full (Ergonomics)
[0.293s][info][gc,phases,start] GC(14) Marking Phase
[0.300s][info][gc,phases      ] GC(14) Marking Phase 6.359ms
[0.300s][info][gc,phases,start] GC(14) Summary Phase
[0.300s][info][gc,phases      ] GC(14) Summary Phase 0.013ms
[0.300s][info][gc,phases,start] GC(14) Adjust Roots
[0.300s][info][gc,phases      ] GC(14) Adjust Roots 0.147ms
[0.300s][info][gc,phases,start] GC(14) Compaction Phase
[0.306s][info][gc,phases      ] GC(14) Compaction Phase 5.820ms
[0.306s][info][gc,phases,start] GC(14) Post Compact
[0.306s][info][gc,phases      ] GC(14) Post Compact 0.068ms
[0.306s][info][gc,heap        ] GC(14) PSYoungGen: 2656K(11264K)->2110K(11776K) Eden: 0K(6656K)->0K(7168K) From: 2656K(4608K)->2110K(4608K)
[0.306s][info][gc,heap        ] GC(14) ParOldGen: 11778K(12288K)->11926K(18944K)
[0.306s][info][gc,metaspace   ] GC(14) Metaspace: 6300K(6464K)->6300K(6464K) NonClass: 5766K(5824K)->5766K(5824K) Class: 533K(640K)->533K(640K)
[0.306s][info][gc             ] GC(14) Pause Full (Ergonomics) 14M->13M(30M) 12.710ms
[0.306s][info][gc,cpu         ] GC(14) User=0.02s Sys=0.00s Real=0.01s
[0.312s][info][gc,start       ] GC(15) Pause Young (Allocation Failure)
[0.317s][info][gc,heap        ] GC(15) PSYoungGen: 9278K(11776K)->3680K(12288K) Eden: 7168K(7168K)->0K(7168K) From: 2110K(4608K)->3680K(5120K)
[0.317s][info][gc,heap        ] GC(15) ParOldGen: 11926K(18944K)->14062K(18944K)
[0.317s][info][gc,metaspace   ] GC(15) Metaspace: 6302K(6464K)->6302K(6464K) NonClass: 5768K(5824K)->5768K(5824K) Class: 533K(640K)->533K(640K)
[0.317s][info][gc             ] GC(15) Pause Young (Allocation Failure) 20M->17M(30M) 4.850ms
[0.317s][info][gc,cpu         ] GC(15) User=0.00s Sys=0.00s Real=0.00s
[0.322s][info][gc,start       ] GC(16) Pause Young (Allocation Failure)
[0.328s][info][gc,heap        ] GC(16) PSYoungGen: 10848K(12288K)->3744K(15360K) Eden: 7168K(7168K)->0K(9728K) From: 3680K(5120K)->3744K(5632K)
[0.328s][info][gc,heap        ] GC(16) ParOldGen: 14062K(18944K)->17790K(18944K)
[0.328s][info][gc,metaspace   ] GC(16) Metaspace: 6302K(6464K)->6302K(6464K) NonClass: 5768K(5824K)->5768K(5824K) Class: 533K(640K)->533K(640K)
[0.328s][info][gc             ] GC(16) Pause Young (Allocation Failure) 24M->21M(33M) 6.299ms
[0.328s][info][gc,cpu         ] GC(16) User=0.00s Sys=0.00s Real=0.01s
[0.328s][info][gc,start       ] GC(17) Pause Full (Ergonomics)
[0.329s][info][gc,phases,start] GC(17) Marking Phase
[0.338s][info][gc,phases      ] GC(17) Marking Phase 9.640ms
[0.338s][info][gc,phases,start] GC(17) Summary Phase
[0.338s][info][gc,phases      ] GC(17) Summary Phase 0.020ms
[0.338s][info][gc,phases,start] GC(17) Adjust Roots
[0.338s][info][gc,phases      ] GC(17) Adjust Roots 0.236ms
[0.339s][info][gc,phases,start] GC(17) Compaction Phase
[0.347s][info][gc,phases      ] GC(17) Compaction Phase 8.829ms
[0.347s][info][gc,phases,start] GC(17) Post Compact
[0.348s][info][gc,phases      ] GC(17) Post Compact 0.105ms
[0.348s][info][gc,heap        ] GC(17) PSYoungGen: 3744K(15360K)->2678K(15360K) Eden: 0K(9728K)->0K(9728K) From: 3744K(5632K)->2678K(5632K)
[0.348s][info][gc,heap        ] GC(17) ParOldGen: 17790K(18944K)->18722K(27648K)
[0.348s][info][gc,metaspace   ] GC(17) Metaspace: 6302K(6464K)->6302K(6464K) NonClass: 5768K(5824K)->5768K(5824K) Class: 533K(640K)->533K(640K)
[0.348s][info][gc             ] GC(17) Pause Full (Ergonomics) 21M->20M(42M) 19.171ms
[0.348s][info][gc,cpu         ] GC(17) User=0.02s Sys=0.00s Real=0.02s
[0.357s][info][gc,start       ] GC(18) Pause Young (Allocation Failure)
[0.364s][info][gc,heap        ] GC(18) PSYoungGen: 12406K(15360K)->5568K(15360K) Eden: 9728K(9728K)->0K(9728K) From: 2678K(5632K)->5568K(5632K)
[0.364s][info][gc,heap        ] GC(18) ParOldGen: 18722K(27648K)->21450K(27648K)
[0.364s][info][gc,metaspace   ] GC(18) Metaspace: 6302K(6464K)->6302K(6464K) NonClass: 5768K(5824K)->5768K(5824K) Class: 533K(640K)->533K(640K)
[0.364s][info][gc             ] GC(18) Pause Young (Allocation Failure) 30M->26M(42M) 7.022ms
[0.364s][info][gc,cpu         ] GC(18) User=0.00s Sys=0.00s Real=0.01s
[0.369s][info][gc,start       ] GC(19) Pause Young (Allocation Failure)
[0.379s][info][gc,heap        ] GC(19) PSYoungGen: 15296K(15360K)->5056K(19456K) Eden: 9728K(9728K)->0K(12800K) From: 5568K(5632K)->5056K(6656K)
[0.379s][info][gc,heap        ] GC(19) ParOldGen: 21450K(27648K)->27050K(27648K)
[0.379s][info][gc,metaspace   ] GC(19) Metaspace: 6302K(6464K)->6302K(6464K) NonClass: 5768K(5824K)->5768K(5824K) Class: 533K(640K)->533K(640K)
[0.379s][info][gc             ] GC(19) Pause Young (Allocation Failure) 35M->31M(46M) 9.205ms
[0.379s][info][gc,cpu         ] GC(19) User=0.00s Sys=0.00s Real=0.01s
[0.379s][info][gc,start       ] GC(20) Pause Full (Ergonomics)
[0.379s][info][gc,phases,start] GC(20) Marking Phase
[0.392s][info][gc,phases      ] GC(20) Marking Phase 12.864ms
[0.392s][info][gc,phases,start] GC(20) Summary Phase
[0.392s][info][gc,phases      ] GC(20) Summary Phase 0.016ms
[0.392s][info][gc,phases,start] GC(20) Adjust Roots
[0.392s][info][gc,phases      ] GC(20) Adjust Roots 0.179ms
[0.392s][info][gc,phases,start] GC(20) Compaction Phase
[0.403s][info][gc,phases      ] GC(20) Compaction Phase 10.853ms
[0.403s][info][gc,phases,start] GC(20) Post Compact
[0.403s][info][gc,phases      ] GC(20) Post Compact 0.096ms
[0.403s][info][gc,heap        ] GC(20) PSYoungGen: 5056K(19456K)->4003K(19456K) Eden: 0K(12800K)->0K(12800K) From: 5056K(6656K)->4003K(6656K)
[0.403s][info][gc,heap        ] GC(20) ParOldGen: 27050K(27648K)->27431K(38912K)
[0.403s][info][gc,metaspace   ] GC(20) Metaspace: 6302K(6464K)->6302K(6464K) NonClass: 5768K(5824K)->5768K(5824K) Class: 533K(640K)->533K(640K)
[0.403s][info][gc             ] GC(20) Pause Full (Ergonomics) 31M->30M(57M) 24.400ms
[0.403s][info][gc,cpu         ] GC(20) User=0.03s Sys=0.00s Real=0.02s
[0.416s][info][gc,start       ] GC(21) Pause Young (Allocation Failure)
[0.429s][info][gc,heap        ] GC(21) PSYoungGen: 16803K(19456K)->7168K(19968K) Eden: 12800K(12800K)->0K(12800K) From: 4003K(6656K)->7168K(7168K)
[0.429s][info][gc,heap        ] GC(21) ParOldGen: 27431K(38912K)->35647K(38912K)
[0.429s][info][gc,metaspace   ] GC(21) Metaspace: 6302K(6464K)->6302K(6464K) NonClass: 5768K(5824K)->5768K(5824K) Class: 533K(640K)->533K(640K)
[0.429s][info][gc             ] GC(21) Pause Young (Allocation Failure) 43M->41M(57M) 13.042ms
[0.429s][info][gc,cpu         ] GC(21) User=0.00s Sys=0.00s Real=0.01s
[0.429s][info][gc,start       ] GC(22) Pause Full (Ergonomics)
[0.429s][info][gc,phases,start] GC(22) Marking Phase
[0.447s][info][gc,phases      ] GC(22) Marking Phase 17.685ms
[0.447s][info][gc,phases,start] GC(22) Summary Phase
[0.447s][info][gc,phases      ] GC(22) Summary Phase 0.014ms
[0.447s][info][gc,phases,start] GC(22) Adjust Roots
[0.447s][info][gc,phases      ] GC(22) Adjust Roots 0.170ms
[0.447s][info][gc,phases,start] GC(22) Compaction Phase
[0.457s][info][gc,phases      ] GC(22) Compaction Phase 10.561ms
[0.457s][info][gc,phases,start] GC(22) Post Compact
[0.458s][info][gc,phases      ] GC(22) Post Compact 0.212ms
[0.458s][info][gc,heap        ] GC(22) PSYoungGen: 7168K(19968K)->4087K(19968K) Eden: 0K(12800K)->0K(12800K) From: 7168K(7168K)->4087K(7168K)
[0.458s][info][gc,heap        ] GC(22) ParOldGen: 35647K(38912K)->38582K(53760K)
[0.458s][info][gc,metaspace   ] GC(22) Metaspace: 6302K(6464K)->6302K(6464K) NonClass: 5768K(5824K)->5768K(5824K) Class: 533K(640K)->533K(640K)
[0.458s][info][gc             ] GC(22) Pause Full (Ergonomics) 41M->41M(72M) 29.024ms
[0.458s][info][gc,cpu         ] GC(22) User=0.03s Sys=0.00s Real=0.03s
[0.475s][info][gc,start       ] GC(23) Pause Young (Allocation Failure)
[0.490s][info][gc,heap        ] GC(23) PSYoungGen: 16887K(19968K)->11232K(22528K) Eden: 12800K(12800K)->0K(11264K) From: 4087K(7168K)->11232K(11264K)
[0.490s][info][gc,heap        ] GC(23) ParOldGen: 38582K(53760K)->44334K(53760K)
[0.490s][info][gc,metaspace   ] GC(23) Metaspace: 6302K(6464K)->6302K(6464K) NonClass: 5768K(5824K)->5768K(5824K) Class: 533K(640K)->533K(640K)
[0.490s][info][gc             ] GC(23) Pause Young (Allocation Failure) 54M->54M(74M) 15.352ms
[0.490s][info][gc,cpu         ] GC(23) User=0.02s Sys=0.00s Real=0.02s
[0.503s][info][gc,start       ] GC(24) Pause Young (Allocation Failure)
[0.519s][info][gc,heap        ] GC(24) PSYoungGen: 22496K(22528K)->11296K(26624K) Eden: 11264K(11264K)->0K(11264K) From: 11232K(11264K)->11296K(15360K)
[0.519s][info][gc,heap        ] GC(24) ParOldGen: 44334K(53760K)->55702K(55808K)
[0.519s][info][gc,metaspace   ] GC(24) Metaspace: 6302K(6464K)->6302K(6464K) NonClass: 5768K(5824K)->5768K(5824K) Class: 533K(640K)->533K(640K)
[0.519s][info][gc             ] GC(24) Pause Young (Allocation Failure) 65M->65M(80M) 16.072ms
[0.519s][info][gc,cpu         ] GC(24) User=0.00s Sys=0.00s Real=0.02s
[0.519s][info][gc,start       ] GC(25) Pause Full (Ergonomics)
[0.519s][info][gc,phases,start] GC(25) Marking Phase
[0.544s][info][gc,phases      ] GC(25) Marking Phase 25.136ms
[0.544s][info][gc,phases,start] GC(25) Summary Phase
[0.544s][info][gc,phases      ] GC(25) Summary Phase 0.017ms
[0.544s][info][gc,phases,start] GC(25) Adjust Roots
[0.545s][info][gc,phases      ] GC(25) Adjust Roots 0.171ms
[0.545s][info][gc,phases,start] GC(25) Compaction Phase
[0.565s][info][gc,phases      ] GC(25) Compaction Phase 20.307ms
[0.565s][info][gc,phases,start] GC(25) Post Compact
[0.565s][info][gc,phases      ] GC(25) Post Compact 0.208ms
[0.565s][info][gc,heap        ] GC(25) PSYoungGen: 11296K(26624K)->10212K(26624K) Eden: 0K(11264K)->0K(11264K) From: 11296K(15360K)->10212K(15360K)
[0.565s][info][gc,heap        ] GC(25) ParOldGen: 55702K(55808K)->55443K(75776K)
[0.565s][info][gc,metaspace   ] GC(25) Metaspace: 6302K(6464K)->6302K(6464K) NonClass: 5768K(5824K)->5768K(5824K) Class: 533K(640K)->533K(640K)
[0.565s][info][gc             ] GC(25) Pause Full (Ergonomics) 65M->64M(100M) 46.167ms
[0.565s][info][gc,cpu         ] GC(25) User=0.06s Sys=0.00s Real=0.05s
[0.577s][info][gc,start       ] GC(26) Pause Young (Allocation Failure)
[0.595s][info][gc,heap        ] GC(26) PSYoungGen: 21476K(26624K)->11296K(29184K) Eden: 11264K(11264K)->0K(12800K) From: 10212K(15360K)->11296K(16384K)
[0.595s][info][gc,heap        ] GC(26) ParOldGen: 55443K(75776K)->65827K(75776K)
[0.595s][info][gc,metaspace   ] GC(26) Metaspace: 6302K(6464K)->6302K(6464K) NonClass: 5768K(5824K)->5768K(5824K) Class: 533K(640K)->533K(640K)
[0.595s][info][gc             ] GC(26) Pause Young (Allocation Failure) 75M->75M(102M) 18.135ms
[0.595s][info][gc,cpu         ] GC(26) User=0.03s Sys=0.00s Real=0.02s
[0.595s][info][gc,start       ] GC(27) Pause Full (Ergonomics)
[0.595s][info][gc,phases,start] GC(27) Marking Phase
[0.625s][info][gc,phases      ] GC(27) Marking Phase 29.779ms
[0.625s][info][gc,phases,start] GC(27) Summary Phase
[0.625s][info][gc,phases      ] GC(27) Summary Phase 0.019ms
[0.625s][info][gc,phases,start] GC(27) Adjust Roots
[0.625s][info][gc,phases      ] GC(27) Adjust Roots 0.159ms
[0.625s][info][gc,phases,start] GC(27) Compaction Phase
[0.643s][info][gc,phases      ] GC(27) Compaction Phase 17.886ms
[0.643s][info][gc,phases,start] GC(27) Post Compact
[0.644s][info][gc,phases      ] GC(27) Post Compact 0.340ms
[0.644s][info][gc,heap        ] GC(27) PSYoungGen: 11296K(29184K)->1520K(29184K) Eden: 0K(12800K)->0K(12800K) From: 11296K(16384K)->1520K(16384K)
[0.644s][info][gc,heap        ] GC(27) ParOldGen: 65827K(75776K)->75365K(98816K)
[0.644s][info][gc,metaspace   ] GC(27) Metaspace: 6302K(6464K)->6302K(6464K) NonClass: 5768K(5824K)->5768K(5824K) Class: 533K(640K)->533K(640K)
[0.644s][info][gc             ] GC(27) Pause Full (Ergonomics) 75M->75M(125M) 48.608ms
[0.644s][info][gc,cpu         ] GC(27) User=0.06s Sys=0.00s Real=0.05s
[0.656s][info][gc,start       ] GC(28) Pause Young (Allocation Failure)
[0.667s][info][gc,heap        ] GC(28) PSYoungGen: 13520K(29184K)->13440K(30208K) Eden: 12000K(12800K)->0K(12800K) From: 1520K(16384K)->13440K(17408K)
[0.667s][info][gc,heap        ] GC(28) ParOldGen: 75365K(98816K)->75365K(98816K)
[0.667s][info][gc,metaspace   ] GC(28) Metaspace: 6302K(6464K)->6302K(6464K) NonClass: 5768K(5824K)->5768K(5824K) Class: 533K(640K)->533K(640K)
[0.667s][info][gc             ] GC(28) Pause Young (Allocation Failure) 86M->86M(126M) 10.949ms
[0.667s][info][gc,cpu         ] GC(28) User=0.02s Sys=0.00s Real=0.01s
[0.688s][info][gc,start       ] GC(29) Pause Young (Allocation Failure)
[0.703s][info][gc,heap        ] GC(29) PSYoungGen: 26240K(30208K)->18912K(28160K) Eden: 12800K(12800K)->0K(9216K) From: 13440K(17408K)->18912K(18944K)
[0.703s][info][gc,heap        ] GC(29) ParOldGen: 75365K(98816K)->82749K(98816K)
[0.703s][info][gc,metaspace   ] GC(29) Metaspace: 6302K(6464K)->6302K(6464K) NonClass: 5768K(5824K)->5768K(5824K) Class: 533K(640K)->533K(640K)
[0.703s][info][gc             ] GC(29) Pause Young (Allocation Failure) 99M->99M(124M) 15.787ms
[0.703s][info][gc,cpu         ] GC(29) User=0.02s Sys=0.00s Real=0.02s
[0.711s][info][gc,start       ] GC(30) Pause Young (Allocation Failure)
[0.727s][info][gc,heap        ] GC(30) PSYoungGen: 28128K(28160K)->18144K(33792K) Eden: 9216K(9216K)->0K(9216K) From: 18912K(18944K)->18144K(24576K)
[0.727s][info][gc,heap        ] GC(30) ParOldGen: 82749K(98816K)->92901K(98816K)
[0.727s][info][gc,metaspace   ] GC(30) Metaspace: 6302K(6464K)->6302K(6464K) NonClass: 5768K(5824K)->5768K(5824K) Class: 533K(640K)->533K(640K)
[0.727s][info][gc             ] GC(30) Pause Young (Allocation Failure) 108M->108M(129M) 15.919ms
[0.727s][info][gc,cpu         ] GC(30) User=0.00s Sys=0.02s Real=0.02s
[0.727s][info][gc,start       ] GC(31) Pause Full (Ergonomics)
[0.727s][info][gc,phases,start] GC(31) Marking Phase
[0.755s][info][gc,phases      ] GC(31) Marking Phase 28.280ms
[0.755s][info][gc,phases,start] GC(31) Summary Phase
[0.755s][info][gc,phases      ] GC(31) Summary Phase 0.020ms
[0.755s][info][gc,phases,start] GC(31) Adjust Roots
[0.755s][info][gc,phases      ] GC(31) Adjust Roots 0.146ms
[0.755s][info][gc,phases,start] GC(31) Compaction Phase
[0.781s][info][gc,phases      ] GC(31) Compaction Phase 25.737ms
[0.781s][info][gc,phases,start] GC(31) Post Compact
[0.782s][info][gc,phases      ] GC(31) Post Compact 0.398ms
[0.782s][info][gc,heap        ] GC(31) PSYoungGen: 18144K(33792K)->9893K(33792K) Eden: 0K(9216K)->0K(9216K) From: 18144K(24576K)->9893K(24576K)
[0.782s][info][gc,heap        ] GC(31) ParOldGen: 92901K(98816K)->98752K(125440K)
[0.782s][info][gc,metaspace   ] GC(31) Metaspace: 6302K(6464K)->6302K(6464K) NonClass: 5768K(5824K)->5768K(5824K) Class: 533K(640K)->533K(640K)
[0.782s][info][gc             ] GC(31) Pause Full (Ergonomics) 108M->106M(155M) 54.977ms
[0.782s][info][gc,cpu         ] GC(31) User=0.06s Sys=0.00s Real=0.05s
[0.791s][info][gc,start       ] GC(32) Pause Young (Allocation Failure)
[0.808s][info][gc,heap        ] GC(32) PSYoungGen: 19109K(33792K)->16352K(37376K) Eden: 9216K(9216K)->0K(10752K) From: 9893K(24576K)->16352K(26624K)
[0.808s][info][gc,heap        ] GC(32) ParOldGen: 98752K(125440K)->101632K(125440K)
[0.808s][info][gc,metaspace   ] GC(32) Metaspace: 6302K(6464K)->6302K(6464K) NonClass: 5768K(5824K)->5768K(5824K) Class: 533K(640K)->533K(640K)
[0.808s][info][gc             ] GC(32) Pause Young (Allocation Failure) 115M->115M(159M) 17.162ms
[0.808s][info][gc,cpu         ] GC(32) User=0.05s Sys=0.00s Real=0.02s
[0.819s][info][gc,start       ] GC(33) Pause Young (Allocation Failure)
[0.833s][info][gc,heap        ] GC(33) PSYoungGen: 27104K(37376K)->27072K(37888K) Eden: 10752K(10752K)->0K(10752K) From: 16352K(26624K)->27072K(27136K)
[0.833s][info][gc,heap        ] GC(33) ParOldGen: 101632K(125440K)->101632K(125440K)
[0.833s][info][gc,metaspace   ] GC(33) Metaspace: 6302K(6464K)->6302K(6464K) NonClass: 5768K(5824K)->5768K(5824K) Class: 533K(640K)->533K(640K)
[0.833s][info][gc             ] GC(33) Pause Young (Allocation Failure) 125M->125M(159M) 13.353ms
[0.833s][info][gc,cpu         ] GC(33) User=0.00s Sys=0.00s Real=0.01s
[0.843s][info][gc,start       ] GC(34) Pause Young (Allocation Failure)
[0.863s][info][gc,heap        ] GC(34) PSYoungGen: 37824K(37888K)->30752K(40448K) Eden: 10752K(10752K)->0K(8704K) From: 27072K(27136K)->30752K(31744K)
[0.863s][info][gc,heap        ] GC(34) ParOldGen: 101632K(125440K)->108824K(125440K)
[0.863s][info][gc,metaspace   ] GC(34) Metaspace: 6302K(6464K)->6302K(6464K) NonClass: 5768K(5824K)->5768K(5824K) Class: 533K(640K)->533K(640K)
[0.863s][info][gc             ] GC(34) Pause Young (Allocation Failure) 136M->136M(162M) 20.289ms
[0.863s][info][gc,cpu         ] GC(34) User=0.05s Sys=0.00s Real=0.02s
[0.871s][info][gc,start       ] GC(35) Pause Young (Allocation Failure)
[0.889s][info][gc,heap        ] GC(35) PSYoungGen: 39456K(40448K)->30208K(45056K) Eden: 8704K(8704K)->0K(8704K) From: 30752K(31744K)->30208K(36352K)
[0.889s][info][gc,heap        ] GC(35) ParOldGen: 108824K(125440K)->118168K(125440K)
[0.889s][info][gc,metaspace   ] GC(35) Metaspace: 6302K(6464K)->6302K(6464K) NonClass: 5768K(5824K)->5768K(5824K) Class: 533K(640K)->533K(640K)
[0.889s][info][gc             ] GC(35) Pause Young (Allocation Failure) 144M->144M(166M) 18.249ms
[0.889s][info][gc,cpu         ] GC(35) User=0.05s Sys=0.00s Real=0.02s
[0.889s][info][gc,start       ] GC(36) Pause Full (Ergonomics)
[0.889s][info][gc,phases,start] GC(36) Marking Phase
[0.928s][info][gc,phases      ] GC(36) Marking Phase 38.384ms
[0.928s][info][gc,phases,start] GC(36) Summary Phase
[0.928s][info][gc,phases      ] GC(36) Summary Phase 0.022ms
[0.928s][info][gc,phases,start] GC(36) Adjust Roots
[0.928s][info][gc,phases      ] GC(36) Adjust Roots 0.156ms
[0.928s][info][gc,phases,start] GC(36) Compaction Phase
[0.955s][info][gc,phases      ] GC(36) Compaction Phase 27.039ms
[0.955s][info][gc,phases,start] GC(36) Post Compact
[0.956s][info][gc,phases      ] GC(36) Post Compact 0.856ms
[0.956s][info][gc,heap        ] GC(36) PSYoungGen: 30208K(45056K)->22960K(45056K) Eden: 0K(8704K)->0K(8704K) From: 30208K(36352K)->22960K(36352K)
[0.956s][info][gc,heap        ] GC(36) ParOldGen: 118168K(125440K)->124986K(153600K)
[0.956s][info][gc,metaspace   ] GC(36) Metaspace: 6302K(6464K)->6302K(6464K) NonClass: 5768K(5824K)->5768K(5824K) Class: 533K(640K)->533K(640K)
[0.956s][info][gc             ] GC(36) Pause Full (Ergonomics) 144M->144M(194M) 66.921ms
[0.956s][info][gc,cpu         ] GC(36) User=0.17s Sys=0.00s Real=0.07s
[0.967s][info][gc,start       ] GC(37) Pause Young (Allocation Failure)
[0.993s][info][gc,heap        ] GC(37) PSYoungGen: 31664K(45056K)->15456K(46080K) Eden: 8704K(8704K)->0K(10752K) From: 22960K(36352K)->15456K(35328K)
[0.993s][info][gc,heap        ] GC(37) ParOldGen: 124986K(153600K)->141530K(153600K)
[0.993s][info][gc,metaspace   ] GC(37) Metaspace: 6302K(6464K)->6302K(6464K) NonClass: 5768K(5824K)->5768K(5824K) Class: 533K(640K)->533K(640K)
[0.993s][info][gc             ] GC(37) Pause Young (Allocation Failure) 152M->153M(195M) 26.684ms
[0.993s][info][gc,cpu         ] GC(37) User=0.08s Sys=0.00s Real=0.03s
[0.993s][info][gc,start       ] GC(38) Pause Full (Ergonomics)
[0.993s][info][gc,phases,start] GC(38) Marking Phase
[1.046s][info][gc,phases      ] GC(38) Marking Phase 52.461ms
[1.046s][info][gc,phases,start] GC(38) Summary Phase
[1.046s][info][gc,phases      ] GC(38) Summary Phase 0.017ms
[1.046s][info][gc,phases,start] GC(38) Adjust Roots
[1.046s][info][gc,phases      ] GC(38) Adjust Roots 0.148ms
[1.046s][info][gc,phases,start] GC(38) Compaction Phase
[1.068s][info][gc,phases      ] GC(38) Compaction Phase 22.140ms
[1.068s][info][gc,phases,start] GC(38) Post Compact
[1.069s][info][gc,phases      ] GC(38) Post Compact 0.832ms
[1.069s][info][gc,heap        ] GC(38) PSYoungGen: 15456K(46080K)->3097K(48128K) Eden: 0K(10752K)->0K(12800K) From: 15456K(35328K)->3097K(35328K)
[1.069s][info][gc,heap        ] GC(38) ParOldGen: 141530K(153600K)->153523K(187392K)
[1.069s][info][gc,metaspace   ] GC(38) Metaspace: 6302K(6464K)->6302K(6464K) NonClass: 5768K(5824K)->5768K(5824K) Class: 533K(640K)->533K(640K)
[1.069s][info][gc             ] GC(38) Pause Full (Ergonomics) 153M->152M(230M) 76.114ms
[1.069s][info][gc,cpu         ] GC(38) User=0.20s Sys=0.00s Real=0.08s
[1.083s][info][gc,start       ] GC(39) Pause Young (Allocation Failure)
[1.101s][info][gc,heap        ] GC(39) PSYoungGen: 15897K(48128K)->13536K(50688K) Eden: 12800K(12800K)->0K(12800K) From: 3097K(35328K)->13536K(37888K)
[1.101s][info][gc,heap        ] GC(39) ParOldGen: 153523K(187392K)->156035K(187392K)
[1.101s][info][gc,metaspace   ] GC(39) Metaspace: 6302K(6464K)->6302K(6464K) NonClass: 5768K(5824K)->5768K(5824K) Class: 533K(640K)->533K(640K)
[1.101s][info][gc             ] GC(39) Pause Young (Allocation Failure) 165M->165M(232M) 18.132ms
[1.101s][info][gc,cpu         ] GC(39) User=0.03s Sys=0.00s Real=0.02s
[1.148s][info][gc,start       ] GC(40) Pause Young (Allocation Failure)
[1.166s][info][gc,heap        ] GC(40) PSYoungGen: 26336K(50688K)->26272K(49664K) Eden: 12800K(12800K)->0K(13312K) From: 13536K(37888K)->26272K(36352K)
[1.166s][info][gc,heap        ] GC(40) ParOldGen: 164227K(187392K)->164227K(187392K)
[1.166s][info][gc,metaspace   ] GC(40) Metaspace: 6302K(6464K)->6302K(6464K) NonClass: 5768K(5824K)->5768K(5824K) Class: 533K(640K)->533K(640K)
[1.166s][info][gc             ] GC(40) Pause Young (Allocation Failure) 186M->186M(231M) 17.339ms
[1.166s][info][gc,cpu         ] GC(40) User=0.03s Sys=0.00s Real=0.02s
[1.179s][info][gc,start       ] GC(41) Pause Young (Allocation Failure)
[1.198s][info][gc,heap        ] GC(41) PSYoungGen: 39584K(49664K)->37888K(51200K) Eden: 13312K(13312K)->0K(13312K) From: 26272K(36352K)->37888K(37888K)
[1.198s][info][gc,heap        ] GC(41) ParOldGen: 164227K(187392K)->165931K(187392K)
[1.198s][info][gc,metaspace   ] GC(41) Metaspace: 6302K(6464K)->6302K(6464K) NonClass: 5768K(5824K)->5768K(5824K) Class: 533K(640K)->533K(640K)
[1.198s][info][gc             ] GC(41) Pause Young (Allocation Failure) 199M->199M(233M) 18.303ms
[1.198s][info][gc,cpu         ] GC(41) User=0.06s Sys=0.00s Real=0.02s
[1.212s][info][gc,start       ] GC(42) Pause Young (Allocation Failure)
[1.240s][info][gc,heap        ] GC(42) PSYoungGen: 51200K(51200K)->38272K(55296K) Eden: 13312K(13312K)->0K(10752K) From: 37888K(37888K)->38272K(44544K)
[1.240s][info][gc,heap        ] GC(42) ParOldGen: 165931K(187392K)->179107K(187392K)
[1.240s][info][gc,metaspace   ] GC(42) Metaspace: 6302K(6464K)->6302K(6464K) NonClass: 5768K(5824K)->5768K(5824K) Class: 533K(640K)->533K(640K)
[1.240s][info][gc             ] GC(42) Pause Young (Allocation Failure) 212M->212M(237M) 27.605ms
[1.240s][info][gc,cpu         ] GC(42) User=0.03s Sys=0.02s Real=0.03s
[1.240s][info][gc,start       ] GC(43) Pause Full (Ergonomics)
[1.240s][info][gc,phases,start] GC(43) Marking Phase
[1.298s][info][gc,phases      ] GC(43) Marking Phase 57.863ms
[1.298s][info][gc,phases,start] GC(43) Summary Phase
[1.298s][info][gc,phases      ] GC(43) Summary Phase 0.016ms
[1.298s][info][gc,phases,start] GC(43) Adjust Roots
[1.298s][info][gc,phases      ] GC(43) Adjust Roots 0.141ms
[1.298s][info][gc,phases,start] GC(43) Compaction Phase
[1.340s][info][gc,phases      ] GC(43) Compaction Phase 41.950ms
[1.340s][info][gc,phases,start] GC(43) Post Compact
[1.341s][info][gc,phases      ] GC(43) Post Compact 0.996ms
[1.341s][info][gc,heap        ] GC(43) PSYoungGen: 38272K(55296K)->25855K(55296K) Eden: 0K(10752K)->0K(10752K) From: 38272K(44544K)->25855K(44544K)
[1.341s][info][gc,heap        ] GC(43) ParOldGen: 179107K(187392K)->186966K(223232K)
[1.341s][info][gc,metaspace   ] GC(43) Metaspace: 6302K(6464K)->6302K(6464K) NonClass: 5768K(5824K)->5768K(5824K) Class: 533K(640K)->533K(640K)
[1.341s][info][gc             ] GC(43) Pause Full (Ergonomics) 212M->207M(272M) 101.492ms
[1.341s][info][gc,cpu         ] GC(43) User=0.33s Sys=0.00s Real=0.10s
[1.354s][info][gc,start       ] GC(44) Pause Young (Allocation Failure)
[1.379s][info][gc,heap        ] GC(44) PSYoungGen: 36607K(55296K)->28352K(59904K) Eden: 10752K(10752K)->0K(10752K) From: 25855K(44544K)->28352K(49152K)
[1.379s][info][gc,heap        ] GC(44) ParOldGen: 186966K(223232K)->195494K(223232K)
[1.379s][info][gc,metaspace   ] GC(44) Metaspace: 6302K(6464K)->6302K(6464K) NonClass: 5768K(5824K)->5768K(5824K) Class: 533K(640K)->533K(640K)
[1.379s][info][gc             ] GC(44) Pause Young (Allocation Failure) 218M->218M(276M) 25.373ms
[1.379s][info][gc,cpu         ] GC(44) User=0.08s Sys=0.02s Real=0.03s
[1.391s][info][gc,start       ] GC(45) Pause Young (Allocation Failure)
[1.409s][info][gc,heap        ] GC(45) PSYoungGen: 39104K(59904K)->39104K(58368K) Eden: 10752K(10752K)->0K(9216K) From: 28352K(49152K)->39104K(49152K)
[1.409s][info][gc,heap        ] GC(45) ParOldGen: 195494K(223232K)->195494K(223232K)
[1.409s][info][gc,metaspace   ] GC(45) Metaspace: 6302K(6464K)->6302K(6464K) NonClass: 5768K(5824K)->5768K(5824K) Class: 533K(640K)->533K(640K)
[1.409s][info][gc             ] GC(45) Pause Young (Allocation Failure) 229M->229M(275M) 18.094ms
[1.409s][info][gc,cpu         ] GC(45) User=0.09s Sys=0.00s Real=0.02s
[1.420s][info][gc,start       ] GC(46) Pause Young (Allocation Failure)
[1.441s][info][gc,heap        ] GC(46) PSYoungGen: 48320K(58368K)->39648K(61952K) Eden: 9216K(9216K)->0K(9216K) From: 39104K(49152K)->39648K(52736K)
[1.441s][info][gc,heap        ] GC(46) ParOldGen: 195494K(223232K)->204286K(223232K)
[1.441s][info][gc,metaspace   ] GC(46) Metaspace: 6302K(6464K)->6302K(6464K) NonClass: 5768K(5824K)->5768K(5824K) Class: 533K(640K)->533K(640K)
[1.441s][info][gc             ] GC(46) Pause Young (Allocation Failure) 238M->238M(278M) 21.058ms
[1.441s][info][gc,cpu         ] GC(46) User=0.08s Sys=0.02s Real=0.02s
[1.451s][info][gc,start       ] GC(47) Pause Young (Allocation Failure)
[1.474s][info][gc,heap        ] GC(47) PSYoungGen: 48864K(61952K)->40032K(64000K) Eden: 9216K(9216K)->0K(8192K) From: 39648K(52736K)->40032K(55808K)
[1.474s][info][gc,heap        ] GC(47) ParOldGen: 204286K(223232K)->213254K(223232K)
[1.474s][info][gc,metaspace   ] GC(47) Metaspace: 6302K(6464K)->6302K(6464K) NonClass: 5768K(5824K)->5768K(5824K) Class: 533K(640K)->533K(640K)
[1.474s][info][gc             ] GC(47) Pause Young (Allocation Failure) 247M->247M(280M) 22.500ms
[1.474s][info][gc,cpu         ] GC(47) User=0.08s Sys=0.02s Real=0.02s
[1.474s][info][gc,start       ] GC(48) Pause Full (Ergonomics)
[1.474s][info][gc,phases,start] GC(48) Marking Phase
[1.537s][info][gc,phases      ] GC(48) Marking Phase 62.570ms
[1.537s][info][gc,phases,start] GC(48) Summary Phase
[1.537s][info][gc,phases      ] GC(48) Summary Phase 0.017ms
[1.537s][info][gc,phases,start] GC(48) Adjust Roots
[1.537s][info][gc,phases      ] GC(48) Adjust Roots 0.148ms
[1.537s][info][gc,phases,start] GC(48) Compaction Phase
[1.574s][info][gc,phases      ] GC(48) Compaction Phase 36.617ms
[1.574s][info][gc,phases,start] GC(48) Post Compact
[1.575s][info][gc,phases      ] GC(48) Post Compact 1.161ms
[1.575s][info][gc,heap        ] GC(48) PSYoungGen: 40032K(64000K)->29593K(64000K) Eden: 0K(8192K)->0K(8192K) From: 40032K(55808K)->29593K(55808K)
[1.575s][info][gc,heap        ] GC(48) ParOldGen: 213254K(223232K)->223042K(261120K)
[1.575s][info][gc,metaspace   ] GC(48) Metaspace: 6302K(6464K)->6302K(6464K) NonClass: 5768K(5824K)->5768K(5824K) Class: 533K(640K)->533K(640K)
[1.575s][info][gc             ] GC(48) Pause Full (Ergonomics) 247M->246M(317M) 101.037ms
[1.575s][info][gc,cpu         ] GC(48) User=0.42s Sys=0.00s Real=0.10s
[1.584s][info][gc,start       ] GC(49) Pause Young (Allocation Failure)
[1.612s][info][gc,heap        ] GC(49) PSYoungGen: 37785K(64000K)->22528K(30720K) Eden: 8192K(8192K)->0K(8192K) From: 29593K(55808K)->22528K(22528K)
[1.612s][info][gc,heap        ] GC(49) ParOldGen: 223042K(261120K)->238642K(261120K)
[1.612s][info][gc,metaspace   ] GC(49) Metaspace: 6302K(6464K)->6302K(6464K) NonClass: 5768K(5824K)->5768K(5824K) Class: 533K(640K)->533K(640K)
[1.612s][info][gc             ] GC(49) Pause Young (Allocation Failure) 254M->255M(285M) 27.578ms
[1.612s][info][gc,cpu         ] GC(49) User=0.14s Sys=0.00s Real=0.03s
[1.623s][info][gc,start       ] GC(50) Pause Young (Allocation Failure)
[1.640s][info][gc,heap        ] GC(50) PSYoungGen: 30720K(30720K)->23680K(60416K) Eden: 8192K(8192K)->0K(9728K) From: 22528K(22528K)->23680K(50688K)
[1.640s][info][gc,heap        ] GC(50) ParOldGen: 238642K(261120K)->245770K(261120K)
[1.640s][info][gc,metaspace   ] GC(50) Metaspace: 6302K(6464K)->6302K(6464K) NonClass: 5768K(5824K)->5768K(5824K) Class: 533K(640K)->533K(640K)
[1.640s][info][gc             ] GC(50) Pause Young (Allocation Failure) 263M->263M(314M) 17.002ms
[1.640s][info][gc,cpu         ] GC(50) User=0.02s Sys=0.00s Real=0.02s
[1.640s][info][gc,start       ] GC(51) Pause Full (Ergonomics)
[1.640s][info][gc,phases,start] GC(51) Marking Phase
[1.700s][info][gc,phases      ] GC(51) Marking Phase 60.138ms
[1.700s][info][gc,phases,start] GC(51) Summary Phase
[1.700s][info][gc,phases      ] GC(51) Summary Phase 0.018ms
[1.700s][info][gc,phases,start] GC(51) Adjust Roots
[1.701s][info][gc,phases      ] GC(51) Adjust Roots 0.154ms
[1.701s][info][gc,phases,start] GC(51) Compaction Phase
[1.732s][info][gc,phases      ] GC(51) Compaction Phase 31.014ms
[1.732s][info][gc,phases,start] GC(51) Post Compact
[1.733s][info][gc,phases      ] GC(51) Post Compact 1.264ms
[1.733s][info][gc,heap        ] GC(51) PSYoungGen: 23680K(60416K)->8220K(61952K) Eden: 0K(9728K)->0K(11264K) From: 23680K(50688K)->8220K(50688K)
[1.733s][info][gc,heap        ] GC(51) ParOldGen: 245770K(261120K)->260740K(302080K)
[1.733s][info][gc,metaspace   ] GC(51) Metaspace: 6302K(6464K)->6302K(6464K) NonClass: 5768K(5824K)->5768K(5824K) Class: 533K(640K)->533K(640K)
[1.733s][info][gc             ] GC(51) Pause Full (Ergonomics) 263M->262M(355M) 93.093ms
[1.733s][info][gc,cpu         ] GC(51) User=0.45s Sys=0.00s Real=0.09s
[1.745s][info][gc,start       ] GC(52) Pause Young (Allocation Failure)
[1.766s][info][gc,heap        ] GC(52) PSYoungGen: 19484K(61952K)->16000K(64512K) Eden: 11264K(11264K)->0K(11264K) From: 8220K(50688K)->16000K(53248K)
[1.767s][info][gc,heap        ] GC(52) ParOldGen: 260740K(302080K)->264428K(302080K)
[1.767s][info][gc,metaspace   ] GC(52) Metaspace: 6302K(6464K)->6302K(6464K) NonClass: 5768K(5824K)->5768K(5824K) Class: 533K(640K)->533K(640K)
[1.767s][info][gc             ] GC(52) Pause Young (Allocation Failure) 273M->273M(358M) 21.092ms
[1.767s][info][gc,cpu         ] GC(52) User=0.12s Sys=0.00s Real=0.02s
[1.781s][info][gc,start       ] GC(53) Pause Young (Allocation Failure)
[1.796s][info][gc,heap        ] GC(53) PSYoungGen: 27264K(64512K)->27296K(61952K) Eden: 11264K(11264K)->0K(12800K) From: 16000K(53248K)->27296K(49152K)
[1.796s][info][gc,heap        ] GC(53) ParOldGen: 264428K(302080K)->264428K(302080K)
[1.796s][info][gc,metaspace   ] GC(53) Metaspace: 6302K(6464K)->6302K(6464K) NonClass: 5768K(5824K)->5768K(5824K) Class: 533K(640K)->533K(640K)
[1.796s][info][gc             ] GC(53) Pause Young (Allocation Failure) 284M->284M(355M) 14.317ms
[1.796s][info][gc,cpu         ] GC(53) User=0.03s Sys=0.00s Real=0.01s
[1.812s][info][gc,start       ] GC(54) Pause Young (Allocation Failure)
[1.832s][info][gc,heap        ] GC(54) PSYoungGen: 40096K(61952K)->40064K(63488K) Eden: 12800K(12800K)->0K(12800K) From: 27296K(49152K)->40064K(50688K)
[1.832s][info][gc,heap        ] GC(54) ParOldGen: 264428K(302080K)->264428K(302080K)
[1.832s][info][gc,metaspace   ] GC(54) Metaspace: 6302K(6464K)->6302K(6464K) NonClass: 5768K(5824K)->5768K(5824K) Class: 533K(640K)->533K(640K)
[1.832s][info][gc             ] GC(54) Pause Young (Allocation Failure) 297M->297M(357M) 19.821ms
[1.832s][info][gc,cpu         ] GC(54) User=0.08s Sys=0.00s Real=0.02s
[1.849s][info][gc,start       ] GC(55) Pause Young (Allocation Failure)
[1.874s][info][gc,heap        ] GC(55) PSYoungGen: 52864K(63488K)->50400K(62464K) Eden: 12800K(12800K)->0K(8704K) From: 40064K(50688K)->50400K(53760K)
[1.874s][info][gc,heap        ] GC(55) ParOldGen: 264428K(302080K)->266964K(302080K)
[1.874s][info][gc,metaspace   ] GC(55) Metaspace: 6302K(6464K)->6302K(6464K) NonClass: 5768K(5824K)->5768K(5824K) Class: 533K(640K)->533K(640K)
[1.874s][info][gc             ] GC(55) Pause Young (Allocation Failure) 309M->309M(356M) 25.273ms
[1.874s][info][gc,cpu         ] GC(55) User=0.12s Sys=0.02s Real=0.03s
[1.885s][info][gc,start       ] GC(56) Pause Young (Allocation Failure)
[1.912s][info][gc,heap        ] GC(56) PSYoungGen: 59104K(62464K)->56896K(68608K) Eden: 8704K(8704K)->0K(8704K) From: 50400K(53760K)->56896K(59904K)
[1.912s][info][gc,heap        ] GC(56) ParOldGen: 266964K(302080K)->269172K(302080K)
[1.912s][info][gc,metaspace   ] GC(56) Metaspace: 6302K(6464K)->6302K(6464K) NonClass: 5768K(5824K)->5768K(5824K) Class: 533K(640K)->533K(640K)
[1.912s][info][gc             ] GC(56) Pause Young (Allocation Failure) 318M->318M(362M) 26.360ms
[1.912s][info][gc,cpu         ] GC(56) User=0.14s Sys=0.00s Real=0.03s
[1.923s][info][gc,start       ] GC(57) Pause Young (Allocation Failure)
[1.953s][info][gc,heap        ] GC(57) PSYoungGen: 65600K(68608K)->43136K(76800K) Eden: 8704K(8704K)->0K(9728K) From: 56896K(59904K)->43136K(67072K)
[1.953s][info][gc,heap        ] GC(57) ParOldGen: 269172K(302080K)->291980K(302080K)
[1.953s][info][gc,metaspace   ] GC(57) Metaspace: 6302K(6464K)->6302K(6464K) NonClass: 5768K(5824K)->5768K(5824K) Class: 533K(640K)->533K(640K)
[1.953s][info][gc             ] GC(57) Pause Young (Allocation Failure) 326M->327M(370M) 30.031ms
[1.953s][info][gc,cpu         ] GC(57) User=0.06s Sys=0.08s Real=0.03s
[1.953s][info][gc,start       ] GC(58) Pause Full (Ergonomics)
[1.953s][info][gc,phases,start] GC(58) Marking Phase
[2.026s][info][gc,phases      ] GC(58) Marking Phase 72.444ms
[2.026s][info][gc,phases,start] GC(58) Summary Phase
[2.026s][info][gc,phases      ] GC(58) Summary Phase 0.018ms
[2.026s][info][gc,phases,start] GC(58) Adjust Roots
[2.026s][info][gc,phases      ] GC(58) Adjust Roots 0.151ms
[2.026s][info][gc,phases,start] GC(58) Compaction Phase
[2.063s][info][gc,phases      ] GC(58) Compaction Phase 36.963ms
[2.063s][info][gc,phases,start] GC(58) Post Compact
[2.065s][info][gc,phases      ] GC(58) Post Compact 1.660ms
[2.065s][info][gc,heap        ] GC(58) PSYoungGen: 43136K(76800K)->32668K(76800K) Eden: 0K(9728K)->0K(9728K) From: 43136K(67072K)->32668K(67072K)
[2.065s][info][gc,heap        ] GC(58) ParOldGen: 291980K(302080K)->301646K(348160K)
[2.065s][info][gc,metaspace   ] GC(58) Metaspace: 6302K(6464K)->6302K(6464K) NonClass: 5768K(5824K)->5768K(5824K) Class: 533K(640K)->533K(640K)
[2.065s][info][gc             ] GC(58) Pause Full (Ergonomics) 327M->326M(415M) 111.736ms
[2.065s][info][gc,cpu         ] GC(58) User=0.69s Sys=0.00s Real=0.11s
[2.076s][info][gc,start       ] GC(59) Pause Young (Allocation Failure)
[2.107s][info][gc,heap        ] GC(59) PSYoungGen: 42396K(76800K)->23136K(77312K) Eden: 9728K(9728K)->0K(9728K) From: 32668K(67072K)->23136K(67584K)
[2.107s][info][gc,heap        ] GC(59) ParOldGen: 301646K(348160K)->321318K(348160K)
[2.107s][info][gc,metaspace   ] GC(59) Metaspace: 6302K(6464K)->6302K(6464K) NonClass: 5768K(5824K)->5768K(5824K) Class: 533K(640K)->533K(640K)
[2.107s][info][gc             ] GC(59) Pause Young (Allocation Failure) 335M->336M(415M) 31.036ms
[2.107s][info][gc,cpu         ] GC(59) User=0.12s Sys=0.02s Real=0.03s
[2.187s][info][gc,start       ] GC(60) Pause Full (Ergonomics)
[2.187s][info][gc,phases,start] GC(60) Marking Phase
[2.267s][info][gc,phases      ] GC(60) Marking Phase 80.023ms
[2.267s][info][gc,phases,start] GC(60) Summary Phase
[2.267s][info][gc,phases      ] GC(60) Summary Phase 0.042ms
[2.267s][info][gc,phases,start] GC(60) Adjust Roots
[2.267s][info][gc,phases      ] GC(60) Adjust Roots 0.287ms
[2.267s][info][gc,phases,start] GC(60) Compaction Phase
[2.339s][info][gc,phases      ] GC(60) Compaction Phase 71.476ms
[2.339s][info][gc,phases,start] GC(60) Post Compact
[2.343s][info][gc,phases      ] GC(60) Post Compact 3.875ms
[2.343s][info][gc,heap        ] GC(60) PSYoungGen: 32864K(77312K)->13785K(77312K) Eden: 9728K(9728K)->0K(9728K) From: 23136K(67584K)->13785K(67584K)
[2.343s][info][gc,heap        ] GC(60) ParOldGen: 337702K(348160K)->348118K(400384K)
[2.344s][info][gc,metaspace   ] GC(60) Metaspace: 6302K(6464K)->6302K(6464K) NonClass: 5768K(5824K)->5768K(5824K) Class: 533K(640K)->533K(640K)
[2.344s][info][gc             ] GC(60) Pause Full (Ergonomics) 361M->353M(466M) 156.732ms
[2.344s][info][gc,cpu         ] GC(60) User=0.80s Sys=0.03s Real=0.16s
[2.358s][info][gc,start       ] GC(61) Pause Young (Allocation Failure)
[2.395s][info][gc,heap        ] GC(61) PSYoungGen: 23513K(77312K)->18528K(75264K) Eden: 9728K(9728K)->0K(11264K) From: 13785K(67584K)->18528K(64000K)
[2.395s][info][gc,heap        ] GC(61) ParOldGen: 348118K(400384K)->353310K(400384K)
[2.395s][info][gc,metaspace   ] GC(61) Metaspace: 6302K(6464K)->6302K(6464K) NonClass: 5768K(5824K)->5768K(5824K) Class: 533K(640K)->533K(640K)
[2.395s][info][gc             ] GC(61) Pause Young (Allocation Failure) 362M->363M(464M) 36.323ms
[2.395s][info][gc,cpu         ] GC(61) User=0.12s Sys=0.00s Real=0.04s
[2.414s][info][gc,start       ] GC(62) Pause Young (Allocation Failure)
[2.430s][info][gc,heap        ] GC(62) PSYoungGen: 29792K(75264K)->29824K(41472K) Eden: 11264K(11264K)->0K(11264K) From: 18528K(64000K)->29824K(30208K)
[2.430s][info][gc,heap        ] GC(62) ParOldGen: 353310K(400384K)->353310K(400384K)
[2.430s][info][gc,metaspace   ] GC(62) Metaspace: 6302K(6464K)->6302K(6464K) NonClass: 5768K(5824K)->5768K(5824K) Class: 533K(640K)->533K(640K)
[2.430s][info][gc             ] GC(62) Pause Young (Allocation Failure) 374M->374M(431M) 16.192ms
[2.430s][info][gc,cpu         ] GC(62) User=0.11s Sys=0.00s Real=0.02s
[2.450s][info][gc,start       ] GC(63) Pause Young (Allocation Failure)
[2.472s][info][gc,heap        ] GC(63) PSYoungGen: 41088K(41472K)->41088K(73216K) Eden: 11264K(11264K)->0K(11776K) From: 29824K(30208K)->41088K(61440K)
[2.472s][info][gc,heap        ] GC(63) ParOldGen: 353310K(400384K)->353310K(400384K)
[2.472s][info][gc,metaspace   ] GC(63) Metaspace: 6302K(6464K)->6302K(6464K) NonClass: 5768K(5824K)->5768K(5824K) Class: 533K(640K)->533K(640K)
[2.472s][info][gc             ] GC(63) Pause Young (Allocation Failure) 385M->385M(462M) 22.471ms
[2.473s][info][gc,cpu         ] GC(63) User=0.11s Sys=0.00s Real=0.02s
[2.490s][info][gc,start       ] GC(64) Pause Young (Allocation Failure)
[2.520s][info][gc,heap        ] GC(64) PSYoungGen: 52864K(73216K)->48992K(74240K) Eden: 11776K(11776K)->0K(11776K) From: 41088K(61440K)->48992K(62464K)
[2.520s][info][gc,heap        ] GC(64) ParOldGen: 353310K(400384K)->357230K(400384K)
[2.520s][info][gc,metaspace   ] GC(64) Metaspace: 6302K(6464K)->6302K(6464K) NonClass: 5768K(5824K)->5768K(5824K) Class: 533K(640K)->533K(640K)
[2.520s][info][gc             ] GC(64) Pause Young (Allocation Failure) 396M->396M(463M) 30.202ms
[2.520s][info][gc,cpu         ] GC(64) User=0.16s Sys=0.03s Real=0.03s
[2.536s][info][gc,start       ] GC(65) Pause Young (Allocation Failure)
[2.569s][info][gc,heap        ] GC(65) PSYoungGen: 60768K(74240K)->55936K(74240K) Eden: 11776K(11776K)->0K(8704K) From: 48992K(62464K)->55936K(65536K)
[2.569s][info][gc,heap        ] GC(65) ParOldGen: 357230K(400384K)->362190K(400384K)
[2.569s][info][gc,metaspace   ] GC(65) Metaspace: 6302K(6464K)->6302K(6464K) NonClass: 5768K(5824K)->5768K(5824K) Class: 533K(640K)->533K(640K)
[2.569s][info][gc             ] GC(65) Pause Young (Allocation Failure) 408M->408M(463M) 33.055ms
[2.569s][info][gc,cpu         ] GC(65) User=0.14s Sys=0.03s Real=0.03s
[2.581s][info][gc,start       ] GC(66) Pause Young (Allocation Failure)
[2.612s][info][gc,heap        ] GC(66) PSYoungGen: 64640K(74240K)->43616K(79360K) Eden: 8704K(8704K)->0K(8704K) From: 55936K(65536K)->43616K(70656K)
[2.612s][info][gc,heap        ] GC(66) ParOldGen: 362190K(400384K)->383438K(400384K)
[2.612s][info][gc,metaspace   ] GC(66) Metaspace: 6302K(6464K)->6302K(6464K) NonClass: 5768K(5824K)->5768K(5824K) Class: 533K(640K)->533K(640K)
[2.612s][info][gc             ] GC(66) Pause Young (Allocation Failure) 416M->417M(468M) 31.479ms
[2.612s][info][gc,cpu         ] GC(66) User=0.14s Sys=0.00s Real=0.03s
[2.612s][info][gc,start       ] GC(67) Pause Full (Ergonomics)
[2.612s][info][gc,phases,start] GC(67) Marking Phase
[2.715s][info][gc,phases      ] GC(67) Marking Phase 102.661ms
[2.715s][info][gc,phases,start] GC(67) Summary Phase
[2.715s][info][gc,phases      ] GC(67) Summary Phase 0.033ms
[2.715s][info][gc,phases,start] GC(67) Adjust Roots
[2.715s][info][gc,phases      ] GC(67) Adjust Roots 0.294ms
[2.715s][info][gc,phases,start] GC(67) Compaction Phase
[2.780s][info][gc,phases      ] GC(67) Compaction Phase 64.263ms
[2.780s][info][gc,phases,start] GC(67) Post Compact
[2.783s][info][gc,phases      ] GC(67) Post Compact 2.792ms
[2.783s][info][gc,heap        ] GC(67) PSYoungGen: 43616K(79360K)->26024K(79360K) Eden: 0K(8704K)->0K(8704K) From: 43616K(70656K)->26024K(70656K)
[2.783s][info][gc,heap        ] GC(67) ParOldGen: 383438K(400384K)->400204K(454144K)
[2.783s][info][gc,metaspace   ] GC(67) Metaspace: 6302K(6464K)->6302K(6464K) NonClass: 5768K(5824K)->5768K(5824K) Class: 533K(640K)->533K(640K)
[2.783s][info][gc             ] GC(67) Pause Full (Ergonomics) 417M->416M(521M) 170.899ms
[2.783s][info][gc,cpu         ] GC(67) User=1.00s Sys=0.03s Real=0.17s
[2.796s][info][gc,start       ] GC(68) Pause Young (Allocation Failure)
[2.831s][info][gc,heap        ] GC(68) PSYoungGen: 34728K(79360K)->22272K(79360K) Eden: 8704K(8704K)->0K(10240K) From: 26024K(70656K)->22272K(69120K)
[2.831s][info][gc,heap        ] GC(68) ParOldGen: 400204K(454144K)->412996K(454144K)
[2.831s][info][gc,metaspace   ] GC(68) Metaspace: 6302K(6464K)->6302K(6464K) NonClass: 5768K(5824K)->5768K(5824K) Class: 533K(640K)->533K(640K)
[2.831s][info][gc             ] GC(68) Pause Young (Allocation Failure) 424M->425M(521M) 35.182ms
[2.831s][info][gc,cpu         ] GC(68) User=0.22s Sys=0.02s Real=0.04s
[2.847s][info][gc,start       ] GC(69) Pause Young (Allocation Failure)
[2.866s][info][gc,heap        ] GC(69) PSYoungGen: 32512K(79360K)->25056K(35328K) Eden: 10240K(10240K)->0K(10240K) From: 22272K(69120K)->25056K(25088K)
[2.866s][info][gc,heap        ] GC(69) ParOldGen: 412996K(454144K)->420540K(454144K)
[2.866s][info][gc,metaspace   ] GC(69) Metaspace: 6302K(6464K)->6302K(6464K) NonClass: 5768K(5824K)->5768K(5824K) Class: 533K(640K)->533K(640K)
[2.867s][info][gc             ] GC(69) Pause Young (Allocation Failure) 435M->435M(478M) 19.830ms
[2.867s][info][gc,cpu         ] GC(69) User=0.14s Sys=0.00s Real=0.02s
[2.882s][info][gc,start       ] GC(70) Pause Young (Allocation Failure)
[2.901s][info][gc,heap        ] GC(70) PSYoungGen: 35296K(35328K)->29280K(74240K) Eden: 10240K(10240K)->0K(11776K) From: 25056K(25088K)->29280K(62464K)
[2.901s][info][gc,heap        ] GC(70) ParOldGen: 420540K(454144K)->426660K(454144K)
[2.901s][info][gc,metaspace   ] GC(70) Metaspace: 6302K(6464K)->6302K(6464K) NonClass: 5768K(5824K)->5768K(5824K) Class: 533K(640K)->533K(640K)
[2.901s][info][gc             ] GC(70) Pause Young (Allocation Failure) 445M->445M(516M) 19.162ms
[2.901s][info][gc,cpu         ] GC(70) User=0.08s Sys=0.00s Real=0.02s
[2.918s][info][gc,start       ] GC(71) Pause Young (Allocation Failure)
[2.941s][info][gc,heap        ] GC(71) PSYoungGen: 41056K(74240K)->22080K(76800K) Eden: 11776K(11776K)->0K(11776K) From: 29280K(62464K)->22080K(65024K)
[2.942s][info][gc,heap        ] GC(71) ParOldGen: 426660K(454144K)->445820K(454144K)
[2.942s][info][gc,metaspace   ] GC(71) Metaspace: 6302K(6464K)->6302K(6464K) NonClass: 5768K(5824K)->5768K(5824K) Class: 533K(640K)->533K(640K)
[2.942s][info][gc             ] GC(71) Pause Young (Allocation Failure) 456M->456M(518M) 24.032ms
[2.942s][info][gc,cpu         ] GC(71) User=0.12s Sys=0.00s Real=0.02s
[2.942s][info][gc,start       ] GC(72) Pause Full (Ergonomics)
[2.942s][info][gc,phases,start] GC(72) Marking Phase
[3.060s][info][gc,phases      ] GC(72) Marking Phase 118.093ms
[3.060s][info][gc,phases,start] GC(72) Summary Phase
[3.060s][info][gc,phases      ] GC(72) Summary Phase 0.053ms
[3.060s][info][gc,phases,start] GC(72) Adjust Roots
[3.061s][info][gc,phases      ] GC(72) Adjust Roots 0.371ms
[3.061s][info][gc,phases,start] GC(72) Compaction Phase
[3.119s][info][gc,phases      ] GC(72) Compaction Phase 58.142ms
[3.119s][info][gc,phases,start] GC(72) Post Compact
[3.123s][info][gc,phases      ] GC(72) Post Compact 4.235ms
[3.124s][info][gc,heap        ] GC(72) PSYoungGen: 22080K(76800K)->13262K(76800K) Eden: 0K(11776K)->0K(11776K) From: 22080K(65024K)->13262K(65024K)
[3.124s][info][gc,heap        ] GC(72) ParOldGen: 445820K(454144K)->453796K(511488K)
[3.124s][info][gc,metaspace   ] GC(72) Metaspace: 6302K(6464K)->6302K(6464K) NonClass: 5768K(5824K)->5768K(5824K) Class: 533K(640K)->533K(640K)
[3.124s][info][gc             ] GC(72) Pause Full (Ergonomics) 456M->456M(574M) 181.900ms
[3.124s][info][gc,cpu         ] GC(72) User=1.22s Sys=0.00s Real=0.18s
[3.144s][info][gc,start       ] GC(73) Pause Young (Allocation Failure)
[3.190s][info][gc,heap        ] GC(73) PSYoungGen: 25038K(76800K)->11872K(76800K) Eden: 11776K(11776K)->0K(12800K) From: 13262K(65024K)->11872K(64000K)
[3.190s][info][gc,heap        ] GC(73) ParOldGen: 453796K(511488K)->467268K(511488K)
[3.190s][info][gc,metaspace   ] GC(73) Metaspace: 6302K(6464K)->6302K(6464K) NonClass: 5768K(5824K)->5768K(5824K) Class: 533K(640K)->533K(640K)
[3.190s][info][gc             ] GC(73) Pause Young (Allocation Failure) 467M->467M(574M) 46.032ms
[3.190s][info][gc,cpu         ] GC(73) User=0.14s Sys=0.00s Real=0.05s
[3.210s][info][gc,start       ] GC(74) Pause Young (Allocation Failure)
[3.225s][info][gc,heap        ] GC(74) PSYoungGen: 24672K(76800K)->12896K(77312K) Eden: 12800K(12800K)->0K(12800K) From: 11872K(64000K)->12896K(64512K)
[3.225s][info][gc,heap        ] GC(74) ParOldGen: 467268K(511488K)->479196K(511488K)
[3.225s][info][gc,metaspace   ] GC(74) Metaspace: 6302K(6464K)->6302K(6464K) NonClass: 5768K(5824K)->5768K(5824K) Class: 533K(640K)->533K(640K)
[3.225s][info][gc             ] GC(74) Pause Young (Allocation Failure) 480M->480M(575M) 14.897ms
[3.225s][info][gc,cpu         ] GC(74) User=0.00s Sys=0.00s Real=0.01s
[3.239s][info][gc,start       ] GC(75) Pause Young (Allocation Failure)
[3.255s][info][gc,heap        ] GC(75) PSYoungGen: 25696K(77312K)->12960K(76288K) Eden: 12800K(12800K)->0K(14336K) From: 12896K(64512K)->12960K(61952K)
[3.255s][info][gc,heap        ] GC(75) ParOldGen: 479196K(511488K)->492180K(511488K)
[3.255s][info][gc,metaspace   ] GC(75) Metaspace: 6302K(6464K)->6302K(6464K) NonClass: 5768K(5824K)->5768K(5824K) Class: 533K(640K)->533K(640K)
[3.255s][info][gc             ] GC(75) Pause Young (Allocation Failure) 493M->493M(574M) 15.400ms
[3.255s][info][gc,cpu         ] GC(75) User=0.02s Sys=0.00s Real=0.02s
[3.255s][info][gc,start       ] GC(76) Pause Full (Ergonomics)
[3.255s][info][gc,phases,start] GC(76) Marking Phase
[3.372s][info][gc,phases      ] GC(76) Marking Phase 117.512ms
[3.372s][info][gc,phases,start] GC(76) Summary Phase
[3.372s][info][gc,phases      ] GC(76) Summary Phase 0.038ms
[3.373s][info][gc,phases,start] GC(76) Adjust Roots
[3.373s][info][gc,phases      ] GC(76) Adjust Roots 0.339ms
[3.373s][info][gc,phases,start] GC(76) Compaction Phase
[3.434s][info][gc,phases      ] GC(76) Compaction Phase 60.656ms
[3.434s][info][gc,phases,start] GC(76) Post Compact
[3.438s][info][gc,phases      ] GC(76) Post Compact 3.790ms
[3.438s][info][gc,heap        ] GC(76) PSYoungGen: 12960K(76288K)->0K(77312K) Eden: 0K(14336K)->0K(14336K) From: 12960K(61952K)->0K(62976K)
[3.438s][info][gc,heap        ] GC(76) ParOldGen: 492180K(511488K)->504339K(565248K)
[3.438s][info][gc,metaspace   ] GC(76) Metaspace: 6302K(6464K)->6302K(6464K) NonClass: 5768K(5824K)->5768K(5824K) Class: 533K(640K)->533K(640K)
[3.438s][info][gc             ] GC(76) Pause Full (Ergonomics) 493M->492M(627M) 183.204ms
[3.438s][info][gc,cpu         ] GC(76) User=1.20s Sys=0.00s Real=0.18s
[3.456s][info][gc,start       ] GC(77) Pause Young (Allocation Failure)
[3.468s][info][gc,heap        ] GC(77) PSYoungGen: 14336K(77312K)->14496K(75776K) Eden: 14336K(14336K)->0K(15872K) From: 0K(62976K)->14496K(59904K)
[3.468s][info][gc,heap        ] GC(77) ParOldGen: 504339K(565248K)->504339K(565248K)
[3.468s][info][gc,metaspace   ] GC(77) Metaspace: 6302K(6464K)->6302K(6464K) NonClass: 5768K(5824K)->5768K(5824K) Class: 533K(640K)->533K(640K)
[3.468s][info][gc             ] GC(77) Pause Young (Allocation Failure) 506M->506M(626M) 11.349ms
[3.468s][info][gc,cpu         ] GC(77) User=0.02s Sys=0.00s Real=0.01s
[3.486s][info][gc,start       ] GC(78) Pause Young (Allocation Failure)
[3.504s][info][gc,heap        ] GC(78) PSYoungGen: 30368K(75776K)->30368K(77312K) Eden: 15872K(15872K)->0K(15872K) From: 14496K(59904K)->30368K(61440K)
[3.504s][info][gc,heap        ] GC(78) ParOldGen: 504339K(565248K)->504339K(565248K)
[3.504s][info][gc,metaspace   ] GC(78) Metaspace: 6302K(6464K)->6302K(6464K) NonClass: 5768K(5824K)->5768K(5824K) Class: 533K(640K)->533K(640K)
[3.504s][info][gc             ] GC(78) Pause Young (Allocation Failure) 522M->522M(627M) 18.253ms
[3.504s][info][gc,cpu         ] GC(78) User=0.09s Sys=0.00s Real=0.02s
[3.524s][info][gc,start       ] GC(79) Pause Young (Allocation Failure)
[3.548s][info][gc,heap        ] GC(79) PSYoungGen: 46240K(77312K)->46208K(73728K) Eden: 15872K(15872K)->0K(13824K) From: 30368K(61440K)->46208K(59904K)
[3.548s][info][gc,heap        ] GC(79) ParOldGen: 504339K(565248K)->504339K(565248K)
[3.548s][info][gc,metaspace   ] GC(79) Metaspace: 6302K(6464K)->6302K(6464K) NonClass: 5768K(5824K)->5768K(5824K) Class: 533K(640K)->533K(640K)
[3.548s][info][gc             ] GC(79) Pause Young (Allocation Failure) 537M->537M(624M) 23.935ms
[3.548s][info][gc,cpu         ] GC(79) User=0.11s Sys=0.00s Real=0.02s
[3.567s][info][gc,start       ] GC(80) Pause Young (Allocation Failure)
[3.599s][info][gc,heap        ] GC(80) PSYoungGen: 60032K(73728K)->60096K(77824K) Eden: 13824K(13824K)->0K(13824K) From: 46208K(59904K)->60096K(64000K)
[3.599s][info][gc,heap        ] GC(80) ParOldGen: 504339K(565248K)->504339K(565248K)
[3.599s][info][gc,metaspace   ] GC(80) Metaspace: 6302K(6464K)->6302K(6464K) NonClass: 5768K(5824K)->5768K(5824K) Class: 533K(640K)->533K(640K)
[3.599s][info][gc             ] GC(80) Pause Young (Allocation Failure) 551M->551M(628M) 32.471ms
[3.599s][info][gc,cpu         ] GC(80) User=0.11s Sys=0.00s Real=0.03s
[3.619s][info][gc,start       ] GC(81) Pause Young (Allocation Failure)
[3.661s][info][gc,heap        ] GC(81) PSYoungGen: 73920K(77824K)->59520K(81408K) Eden: 13824K(13824K)->0K(9216K) From: 60096K(64000K)->59520K(72192K)
[3.661s][info][gc,heap        ] GC(81) ParOldGen: 504339K(565248K)->518867K(565248K)
[3.661s][info][gc,metaspace   ] GC(81) Metaspace: 6302K(6464K)->6302K(6464K) NonClass: 5768K(5824K)->5768K(5824K) Class: 533K(640K)->533K(640K)
[3.661s][info][gc             ] GC(81) Pause Young (Allocation Failure) 564M->564M(631M) 41.990ms
[3.661s][info][gc,cpu         ] GC(81) User=0.19s Sys=0.05s Real=0.04s
[3.674s][info][gc,start       ] GC(82) Pause Young (Allocation Failure)
[3.709s][info][gc,heap        ] GC(82) PSYoungGen: 68736K(81408K)->52896K(87552K) Eden: 9216K(9216K)->0K(9216K) From: 59520K(72192K)->52896K(78336K)
[3.709s][info][gc,heap        ] GC(82) ParOldGen: 518867K(565248K)->534963K(565248K)
[3.709s][info][gc,metaspace   ] GC(82) Metaspace: 6302K(6464K)->6302K(6464K) NonClass: 5768K(5824K)->5768K(5824K) Class: 533K(640K)->533K(640K)
[3.709s][info][gc             ] GC(82) Pause Young (Allocation Failure) 573M->574M(637M) 35.087ms
[3.709s][info][gc,cpu         ] GC(82) User=0.16s Sys=0.00s Real=0.04s
[3.720s][info][gc,start       ] GC(83) Pause Young (Allocation Failure)
[3.755s][info][gc,heap        ] GC(83) PSYoungGen: 62112K(87552K)->32352K(84480K) Eden: 9216K(9216K)->0K(10752K) From: 52896K(78336K)->32352K(73728K)
[3.756s][info][gc,heap        ] GC(83) ParOldGen: 534963K(565248K)->565051K(565248K)
[3.756s][info][gc,metaspace   ] GC(83) Metaspace: 6302K(6464K)->6302K(6464K) NonClass: 5768K(5824K)->5768K(5824K) Class: 533K(640K)->533K(640K)
[3.756s][info][gc             ] GC(83) Pause Young (Allocation Failure) 583M->583M(634M) 35.271ms
[3.756s][info][gc,cpu         ] GC(83) User=0.11s Sys=0.02s Real=0.03s
[3.756s][info][gc,start       ] GC(84) Pause Full (Ergonomics)
[3.756s][info][gc,phases,start] GC(84) Marking Phase
[3.906s][info][gc,phases      ] GC(84) Marking Phase 150.502ms
[3.906s][info][gc,phases,start] GC(84) Summary Phase
[3.906s][info][gc,phases      ] GC(84) Summary Phase 0.032ms
[3.906s][info][gc,phases,start] GC(84) Adjust Roots
[3.907s][info][gc,phases      ] GC(84) Adjust Roots 0.301ms
[3.907s][info][gc,phases,start] GC(84) Compaction Phase
[3.976s][info][gc,phases      ] GC(84) Compaction Phase 68.926ms
[3.976s][info][gc,phases,start] GC(84) Post Compact
[3.977s][info][gc,phases      ] GC(84) Post Compact 1.528ms
[3.978s][info][gc,heap        ] GC(84) PSYoungGen: 32352K(84480K)->31136K(86528K) Eden: 0K(10752K)->0K(12800K) From: 32352K(73728K)->31136K(73728K)
[3.978s][info][gc,heap        ] GC(84) ParOldGen: 565051K(565248K)->565142K(636416K)
[3.978s][info][gc,metaspace   ] GC(84) Metaspace: 6302K(6464K)->6302K(6464K) NonClass: 5768K(5824K)->5768K(5824K) Class: 533K(640K)->533K(640K)
[3.978s][info][gc             ] GC(84) Pause Full (Ergonomics) 583M->582M(706M) 222.159ms
[3.978s][info][gc,cpu         ] GC(84) User=1.34s Sys=0.00s Real=0.22s
[3.994s][info][gc,start       ] GC(85) Pause Young (Allocation Failure)
[4.051s][info][gc,heap        ] GC(85) PSYoungGen: 43936K(86528K)->21856K(34816K) Eden: 12800K(12800K)->0K(12800K) From: 31136K(73728K)->21856K(22016K)
[4.051s][info][gc,heap        ] GC(85) ParOldGen: 565142K(636416K)->587710K(636416K)
[4.051s][info][gc,metaspace   ] GC(85) Metaspace: 6302K(6464K)->6302K(6464K) NonClass: 5768K(5824K)->5768K(5824K) Class: 533K(640K)->533K(640K)
[4.051s][info][gc             ] GC(85) Pause Young (Allocation Failure) 594M->595M(655M) 57.829ms
[4.051s][info][gc,cpu         ] GC(85) User=0.22s Sys=0.02s Real=0.06s
[4.073s][info][gc,start       ] GC(86) Pause Young (Allocation Failure)
[4.095s][info][gc,heap        ] GC(86) PSYoungGen: 34656K(34816K)->25728K(84480K) Eden: 12800K(12800K)->0K(14336K) From: 21856K(22016K)->25728K(70144K)
[4.095s][info][gc,heap        ] GC(86) ParOldGen: 587710K(636416K)->596798K(636416K)
[4.095s][info][gc,metaspace   ] GC(86) Metaspace: 6302K(6464K)->6302K(6464K) NonClass: 5768K(5824K)->5768K(5824K) Class: 533K(640K)->533K(640K)
[4.095s][info][gc             ] GC(86) Pause Young (Allocation Failure) 607M->607M(704M) 21.738ms
[4.095s][info][gc,cpu         ] GC(86) User=0.08s Sys=0.00s Real=0.02s
[4.118s][info][gc,start       ] GC(87) Pause Young (Allocation Failure)
[4.143s][info][gc,heap        ] GC(87) PSYoungGen: 40064K(84480K)->27232K(41984K) Eden: 14336K(14336K)->0K(14336K) From: 25728K(70144K)->27232K(27648K)
[4.143s][info][gc,heap        ] GC(87) ParOldGen: 596798K(636416K)->609782K(636416K)
[4.143s][info][gc,metaspace   ] GC(87) Metaspace: 6302K(6464K)->6302K(6464K) NonClass: 5768K(5824K)->5768K(5824K) Class: 533K(640K)->533K(640K)
[4.143s][info][gc             ] GC(87) Pause Young (Allocation Failure) 621M->622M(662M) 25.387ms
[4.143s][info][gc,cpu         ] GC(87) User=0.11s Sys=0.00s Real=0.03s
[4.143s][info][gc,start       ] GC(88) Pause Full (Ergonomics)
[4.143s][info][gc,phases,start] GC(88) Marking Phase
[4.298s][info][gc,phases      ] GC(88) Marking Phase 154.056ms
[4.298s][info][gc,phases,start] GC(88) Summary Phase
[4.298s][info][gc,phases      ] GC(88) Summary Phase 0.042ms
[4.298s][info][gc,phases,start] GC(88) Adjust Roots
[4.298s][info][gc,phases      ] GC(88) Adjust Roots 0.329ms
[4.298s][info][gc,phases,start] GC(88) Compaction Phase
[4.362s][info][gc,phases      ] GC(88) Compaction Phase 63.890ms
[4.362s][info][gc,phases,start] GC(88) Post Compact
[4.364s][info][gc,phases      ] GC(88) Post Compact 1.746ms
[4.364s][info][gc,heap        ] GC(88) PSYoungGen: 27232K(41984K)->0K(86528K) Eden: 0K(14336K)->0K(16384K) From: 27232K(27648K)->0K(70144K)
[4.364s][info][gc,heap        ] GC(88) ParOldGen: 609782K(636416K)->636121K(711680K)
[4.364s][info][gc,metaspace   ] GC(88) Metaspace: 6302K(6464K)->6302K(6464K) NonClass: 5768K(5824K)->5768K(5824K) Class: 533K(640K)->533K(640K)
[4.364s][info][gc             ] GC(88) Pause Full (Ergonomics) 622M->621M(779M) 220.852ms
[4.364s][info][gc,cpu         ] GC(88) User=1.36s Sys=0.02s Real=0.22s
[4.393s][info][gc,start       ] GC(89) Pause Young (Allocation Failure)
[4.405s][info][gc,heap        ] GC(89) PSYoungGen: 16384K(86528K)->16576K(86528K) Eden: 16384K(16384K)->0K(16384K) From: 0K(70144K)->16576K(70144K)
[4.405s][info][gc,heap        ] GC(89) ParOldGen: 636121K(711680K)->636121K(711680K)
[4.405s][info][gc,metaspace   ] GC(89) Metaspace: 6302K(6464K)->6302K(6464K) NonClass: 5768K(5824K)->5768K(5824K) Class: 533K(640K)->533K(640K)
[4.405s][info][gc             ] GC(89) Pause Young (Allocation Failure) 637M->637M(779M) 12.391ms
[4.405s][info][gc,cpu         ] GC(89) User=0.02s Sys=0.00s Real=0.01s
[4.428s][info][gc,start       ] GC(90) Pause Young (Allocation Failure)
[4.451s][info][gc,heap        ] GC(90) PSYoungGen: 32960K(86528K)->32928K(81408K) Eden: 16384K(16384K)->0K(18432K) From: 16576K(70144K)->32928K(62976K)
[4.451s][info][gc,heap        ] GC(90) ParOldGen: 636121K(711680K)->636121K(711680K)
[4.451s][info][gc,metaspace   ] GC(90) Metaspace: 6302K(6464K)->6302K(6464K) NonClass: 5768K(5824K)->5768K(5824K) Class: 533K(640K)->533K(640K)
[4.451s][info][gc             ] GC(90) Pause Young (Allocation Failure) 653M->653M(774M) 23.284ms
[4.451s][info][gc,cpu         ] GC(90) User=0.09s Sys=0.00s Real=0.02s
[4.480s][info][gc,start       ] GC(91) Pause Young (Allocation Failure)
[4.509s][info][gc,heap        ] GC(91) PSYoungGen: 51360K(81408K)->51328K(84480K) Eden: 18432K(18432K)->0K(18432K) From: 32928K(62976K)->51328K(66048K)
[4.509s][info][gc,heap        ] GC(91) ParOldGen: 636121K(711680K)->636121K(711680K)
[4.510s][info][gc,metaspace   ] GC(91) Metaspace: 6302K(6464K)->6302K(6464K) NonClass: 5768K(5824K)->5768K(5824K) Class: 533K(640K)->533K(640K)
[4.510s][info][gc             ] GC(91) Pause Young (Allocation Failure) 671M->671M(777M) 29.897ms
[4.510s][info][gc,cpu         ] GC(91) User=0.11s Sys=0.00s Real=0.03s
[4.703s][info][gc,start       ] GC(92) Pause Young (Allocation Failure)
[4.754s][info][gc,heap        ] GC(92) PSYoungGen: 69760K(84480K)->69632K(79872K) Eden: 18432K(18432K)->0K(10240K) From: 51328K(66048K)->69632K(69632K)
[4.754s][info][gc,heap        ] GC(92) ParOldGen: 668889K(711680K)->668993K(711680K)
[4.755s][info][gc,metaspace   ] GC(92) Metaspace: 6302K(6464K)->6302K(6464K) NonClass: 5768K(5824K)->5768K(5824K) Class: 533K(640K)->533K(640K)
[4.755s][info][gc             ] GC(92) Pause Young (Allocation Failure) 721M->721M(773M) 51.434ms
[4.755s][info][gc,cpu         ] GC(92) User=0.34s Sys=0.02s Real=0.05s
[4.769s][info][gc,start       ] GC(93) Pause Young (Allocation Failure)
[4.811s][info][gc,heap        ] GC(93) PSYoungGen: 79872K(79872K)->63584K(90112K) Eden: 10240K(10240K)->0K(10240K) From: 69632K(69632K)->63584K(79872K)
[4.812s][info][gc,heap        ] GC(93) ParOldGen: 668993K(711680K)->685601K(711680K)
[4.812s][info][gc,metaspace   ] GC(93) Metaspace: 6302K(6464K)->6302K(6464K) NonClass: 5768K(5824K)->5768K(5824K) Class: 533K(640K)->533K(640K)
[4.812s][info][gc             ] GC(93) Pause Young (Allocation Failure) 731M->731M(783M) 42.647ms
[4.812s][info][gc,cpu         ] GC(93) User=0.22s Sys=0.00s Real=0.04s
[4.812s][info][gc,start       ] GC(94) Pause Full (Ergonomics)
[4.812s][info][gc,phases,start] GC(94) Marking Phase
[4.992s][info][gc,phases      ] GC(94) Marking Phase 179.882ms
[4.992s][info][gc,phases,start] GC(94) Summary Phase
[4.992s][info][gc,phases      ] GC(94) Summary Phase 0.040ms
[4.992s][info][gc,phases,start] GC(94) Adjust Roots
[4.992s][info][gc,phases      ] GC(94) Adjust Roots 0.294ms
[4.992s][info][gc,phases,start] GC(94) Compaction Phase
[5.135s][info][gc,phases      ] GC(94) Compaction Phase 142.630ms
[5.135s][info][gc,phases,start] GC(94) Post Compact
[5.137s][info][gc,phases      ] GC(94) Post Compact 2.217ms
[5.138s][info][gc,heap        ] GC(94) PSYoungGen: 63584K(90112K)->20877K(90112K) Eden: 0K(10240K)->0K(10240K) From: 63584K(79872K)->20877K(79872K)
[5.138s][info][gc,heap        ] GC(94) ParOldGen: 685601K(711680K)->711338K(790016K)
[5.138s][info][gc,metaspace   ] GC(94) Metaspace: 6302K(6464K)->6302K(6464K) NonClass: 5768K(5824K)->5768K(5824K) Class: 533K(640K)->533K(640K)
[5.138s][info][gc             ] GC(94) Pause Full (Ergonomics) 731M->715M(859M) 325.957ms
[5.138s][info][gc,cpu         ] GC(94) User=1.86s Sys=0.00s Real=0.33s
[5.151s][info][gc,start       ] GC(95) Pause Young (Allocation Failure)
[5.210s][info][gc,heap        ] GC(95) PSYoungGen: 31117K(90112K)->24768K(93184K) Eden: 10240K(10240K)->0K(11264K) From: 20877K(79872K)->24768K(81920K)
[5.210s][info][gc,heap        ] GC(95) ParOldGen: 711338K(790016K)->718002K(790016K)
[5.210s][info][gc,metaspace   ] GC(95) Metaspace: 6302K(6464K)->6302K(6464K) NonClass: 5768K(5824K)->5768K(5824K) Class: 533K(640K)->533K(640K)
[5.210s][info][gc             ] GC(95) Pause Young (Allocation Failure) 725M->725M(862M) 59.145ms
[5.210s][info][gc,cpu         ] GC(95) User=0.31s Sys=0.00s Real=0.06s
[5.228s][info][gc,start       ] GC(96) Pause Young (Allocation Failure)
[5.250s][info][gc,heap        ] GC(96) PSYoungGen: 36032K(93184K)->36000K(47616K) Eden: 11264K(11264K)->0K(11264K) From: 24768K(81920K)->36000K(36352K)
[5.250s][info][gc,heap        ] GC(96) ParOldGen: 718002K(790016K)->718002K(790016K)
[5.250s][info][gc,metaspace   ] GC(96) Metaspace: 6302K(6464K)->6302K(6464K) NonClass: 5768K(5824K)->5768K(5824K) Class: 533K(640K)->533K(640K)
[5.250s][info][gc             ] GC(96) Pause Young (Allocation Failure) 736M->736M(818M) 21.913ms
[5.250s][info][gc,cpu         ] GC(96) User=0.03s Sys=0.00s Real=0.02s
[5.263s][info][gc,start       ] GC(97) Pause Young (Allocation Failure)
[5.288s][info][gc,heap        ] GC(97) PSYoungGen: 47264K(47616K)->47232K(90112K) Eden: 11264K(11264K)->0K(12800K) From: 36000K(36352K)->47232K(77312K)
[5.288s][info][gc,heap        ] GC(97) ParOldGen: 718002K(790016K)->718002K(790016K)
[5.288s][info][gc,metaspace   ] GC(97) Metaspace: 6302K(6464K)->6302K(6464K) NonClass: 5768K(5824K)->5768K(5824K) Class: 533K(640K)->533K(640K)
[5.288s][info][gc             ] GC(97) Pause Young (Allocation Failure) 747M->747M(859M) 25.858ms
[5.288s][info][gc,cpu         ] GC(97) User=0.05s Sys=0.00s Real=0.03s
[5.306s][info][gc,start       ] GC(98) Pause Young (Allocation Failure)
[5.338s][info][gc,heap        ] GC(98) PSYoungGen: 60032K(90112K)->53376K(91136K) Eden: 12800K(12800K)->0K(12800K) From: 47232K(77312K)->53376K(78336K)
[5.338s][info][gc,heap        ] GC(98) ParOldGen: 718002K(790016K)->724786K(790016K)
[5.338s][info][gc,metaspace   ] GC(98) Metaspace: 6302K(6464K)->6302K(6464K) NonClass: 5768K(5824K)->5768K(5824K) Class: 533K(640K)->533K(640K)
[5.338s][info][gc             ] GC(98) Pause Young (Allocation Failure) 759M->759M(860M) 32.212ms
[5.338s][info][gc,cpu         ] GC(98) User=0.11s Sys=0.00s Real=0.03s
[5.354s][info][gc,start       ] GC(99) Pause Young (Allocation Failure)
[5.394s][info][gc,heap        ] GC(99) PSYoungGen: 66176K(91136K)->63776K(89600K) Eden: 12800K(12800K)->0K(9728K) From: 53376K(78336K)->63776K(79872K)
[5.394s][info][gc,heap        ] GC(99) ParOldGen: 724786K(790016K)->727210K(790016K)
[5.394s][info][gc,metaspace   ] GC(99) Metaspace: 6302K(6464K)->6302K(6464K) NonClass: 5768K(5824K)->5768K(5824K) Class: 533K(640K)->533K(640K)
[5.394s][info][gc             ] GC(99) Pause Young (Allocation Failure) 772M->772M(859M) 40.178ms
[5.394s][info][gc,cpu         ] GC(99) User=0.25s Sys=0.00s Real=0.04s
[5.407s][info][gc,start       ] GC(100) Pause Young (Allocation Failure)
[5.446s][info][gc,heap        ] GC(100) PSYoungGen: 73504K(89600K)->57920K(94208K) Eden: 9728K(9728K)->0K(9728K) From: 63776K(79872K)->57920K(84480K)
[5.446s][info][gc,heap        ] GC(100) ParOldGen: 727210K(790016K)->742954K(790016K)
[5.446s][info][gc,metaspace   ] GC(100) Metaspace: 6302K(6464K)->6302K(6464K) NonClass: 5768K(5824K)->5768K(5824K) Class: 533K(640K)->533K(640K)
[5.446s][info][gc             ] GC(100) Pause Young (Allocation Failure) 781M->782M(863M) 38.366ms
[5.446s][info][gc,cpu         ] GC(100) User=0.23s Sys=0.02s Real=0.04s
[5.461s][info][gc,start       ] GC(101) Pause Young (Allocation Failure)
[5.496s][info][gc,heap        ] GC(101) PSYoungGen: 67648K(94208K)->45120K(90112K) Eden: 9728K(9728K)->0K(11264K) From: 57920K(84480K)->45120K(78848K)
[5.496s][info][gc,heap        ] GC(101) ParOldGen: 742954K(790016K)->765754K(790016K)
[5.496s][info][gc,metaspace   ] GC(101) Metaspace: 6302K(6464K)->6302K(6464K) NonClass: 5768K(5824K)->5768K(5824K) Class: 533K(640K)->533K(640K)
[5.496s][info][gc             ] GC(101) Pause Young (Allocation Failure) 791M->791M(859M) 35.671ms
[5.496s][info][gc,cpu         ] GC(101) User=0.25s Sys=0.00s Real=0.04s
[5.497s][info][gc,start       ] GC(102) Pause Full (Ergonomics)
[5.497s][info][gc,phases,start] GC(102) Marking Phase
[5.688s][info][gc,phases      ] GC(102) Marking Phase 191.322ms
[5.688s][info][gc,phases,start] GC(102) Summary Phase
[5.688s][info][gc,phases      ] GC(102) Summary Phase 0.112ms
[5.688s][info][gc,phases,start] GC(102) Adjust Roots
[5.688s][info][gc,phases      ] GC(102) Adjust Roots 0.292ms
[5.688s][info][gc,phases,start] GC(102) Compaction Phase
[5.787s][info][gc,phases      ] GC(102) Compaction Phase 98.402ms
[5.787s][info][gc,phases,start] GC(102) Post Compact
[5.790s][info][gc,phases      ] GC(102) Post Compact 3.055ms
[5.791s][info][gc,heap        ] GC(102) PSYoungGen: 45120K(90112K)->19892K(92160K) Eden: 0K(11264K)->0K(13312K) From: 45120K(78848K)->19892K(78848K)
[5.791s][info][gc,heap        ] GC(102) ParOldGen: 765754K(790016K)->789921K(873984K)
[5.791s][info][gc,metaspace   ] GC(102) Metaspace: 6302K(6464K)->6302K(6464K) NonClass: 5768K(5824K)->5768K(5824K) Class: 533K(640K)->533K(640K)
[5.791s][info][gc             ] GC(102) Pause Full (Ergonomics) 791M->790M(943M) 294.208ms
[5.791s][info][gc,cpu         ] GC(102) User=1.77s Sys=0.00s Real=0.29s
[5.818s][info][gc,start       ] GC(103) Pause Young (Allocation Failure)
[5.873s][info][gc,heap        ] GC(103) PSYoungGen: 33204K(92160K)->22336K(95744K) Eden: 13312K(13312K)->0K(13312K) From: 19892K(78848K)->22336K(82432K)
[5.873s][info][gc,heap        ] GC(103) ParOldGen: 789921K(873984K)->801113K(873984K)
[5.873s][info][gc,metaspace   ] GC(103) Metaspace: 6302K(6464K)->6302K(6464K) NonClass: 5768K(5824K)->5768K(5824K) Class: 533K(640K)->533K(640K)
[5.873s][info][gc             ] GC(103) Pause Young (Allocation Failure) 803M->804M(947M) 55.822ms
[5.873s][info][gc,cpu         ] GC(103) User=0.36s Sys=0.00s Real=0.06s
[5.895s][info][gc,start       ] GC(104) Pause Young (Allocation Failure)
[5.919s][info][gc,heap        ] GC(104) PSYoungGen: 35648K(95744K)->32352K(92672K) Eden: 13312K(13312K)->0K(15360K) From: 22336K(82432K)->32352K(77312K)
[5.919s][info][gc,heap        ] GC(104) ParOldGen: 801113K(873984K)->804441K(873984K)
[5.919s][info][gc,metaspace   ] GC(104) Metaspace: 6302K(6464K)->6302K(6464K) NonClass: 5768K(5824K)->5768K(5824K) Class: 533K(640K)->533K(640K)
[5.919s][info][gc             ] GC(104) Pause Young (Allocation Failure) 817M->817M(944M) 23.718ms
[5.919s][info][gc,cpu         ] GC(104) User=0.12s Sys=0.00s Real=0.02s
[5.943s][info][gc,start       ] GC(105) Pause Young (Allocation Failure)
[5.971s][info][gc,heap        ] GC(105) PSYoungGen: 47712K(92672K)->42144K(57856K) Eden: 15360K(15360K)->0K(15360K) From: 32352K(77312K)->42144K(42496K)
[5.972s][info][gc,heap        ] GC(105) ParOldGen: 804441K(873984K)->810169K(873984K)
[5.972s][info][gc,metaspace   ] GC(105) Metaspace: 6302K(6464K)->6302K(6464K) NonClass: 5768K(5824K)->5768K(5824K) Class: 533K(640K)->533K(640K)
[5.972s][info][gc             ] GC(105) Pause Young (Allocation Failure) 832M->832M(910M) 28.696ms
[5.972s][info][gc,cpu         ] GC(105) User=0.09s Sys=0.00s Real=0.03s
[5.995s][info][gc,start       ] GC(106) Pause Young (Allocation Failure)
[6.025s][info][gc,heap        ] GC(106) PSYoungGen: 57504K(57856K)->44160K(89600K) Eden: 15360K(15360K)->0K(17408K) From: 42144K(42496K)->44160K(72192K)
[6.025s][info][gc,heap        ] GC(106) ParOldGen: 810169K(873984K)->823673K(873984K)
[6.025s][info][gc,metaspace   ] GC(106) Metaspace: 6302K(6464K)->6302K(6464K) NonClass: 5768K(5824K)->5768K(5824K) Class: 533K(640K)->533K(640K)
[6.025s][info][gc             ] GC(106) Pause Young (Allocation Failure) 847M->847M(941M) 30.329ms
[6.025s][info][gc,cpu         ] GC(106) User=0.14s Sys=0.00s Real=0.03s
[6.050s][info][gc,start       ] GC(107) Pause Young (Allocation Failure)
[6.087s][info][gc,heap        ] GC(107) PSYoungGen: 61568K(89600K)->32928K(91648K) Eden: 17408K(17408K)->0K(17408K) From: 44160K(72192K)->32928K(74240K)
[6.087s][info][gc,heap        ] GC(107) ParOldGen: 823673K(873984K)->852713K(873984K)
[6.087s][info][gc,metaspace   ] GC(107) Metaspace: 6302K(6464K)->6302K(6464K) NonClass: 5768K(5824K)->5768K(5824K) Class: 533K(640K)->533K(640K)
[6.087s][info][gc             ] GC(107) Pause Young (Allocation Failure) 864M->864M(943M) 36.982ms
[6.087s][info][gc,cpu         ] GC(107) User=0.20s Sys=0.02s Real=0.04s
[6.087s][info][gc,start       ] GC(108) Pause Full (Ergonomics)
[6.087s][info][gc,phases,start] GC(108) Marking Phase
[6.296s][info][gc,phases      ] GC(108) Marking Phase 209.137ms
[6.296s][info][gc,phases,start] GC(108) Summary Phase
[6.296s][info][gc,phases      ] GC(108) Summary Phase 0.044ms
[6.296s][info][gc,phases,start] GC(108) Adjust Roots
[6.297s][info][gc,phases      ] GC(108) Adjust Roots 0.332ms
[6.297s][info][gc,phases,start] GC(108) Compaction Phase
[6.393s][info][gc,phases      ] GC(108) Compaction Phase 96.053ms
[6.393s][info][gc,phases,start] GC(108) Post Compact
[6.395s][info][gc,phases      ] GC(108) Post Compact 2.389ms
[6.396s][info][gc,heap        ] GC(108) PSYoungGen: 32928K(91648K)->10733K(91648K) Eden: 0K(17408K)->0K(17408K) From: 32928K(74240K)->10733K(74240K)
[6.396s][info][gc,heap        ] GC(108) ParOldGen: 852713K(873984K)->873682K(966144K)
[6.396s][info][gc,metaspace   ] GC(108) Metaspace: 6302K(6464K)->6302K(6464K) NonClass: 5768K(5824K)->5768K(5824K) Class: 533K(640K)->533K(640K)
[6.396s][info][gc             ] GC(108) Pause Full (Ergonomics) 864M->863M(1033M) 309.040ms
[6.396s][info][gc,cpu         ] GC(108) User=2.06s Sys=0.03s Real=0.31s
[6.426s][info][gc,start       ] GC(109) Pause Young (Allocation Failure)
[6.497s][info][gc,heap        ] GC(109) PSYoungGen: 28141K(91648K)->17536K(90624K) Eden: 17408K(17408K)->0K(18432K) From: 10733K(74240K)->17536K(72192K)
[6.497s][info][gc,heap        ] GC(109) ParOldGen: 873682K(966144K)->884602K(966144K)
[6.497s][info][gc,metaspace   ] GC(109) Metaspace: 6302K(6464K)->6302K(6464K) NonClass: 5768K(5824K)->5768K(5824K) Class: 533K(640K)->533K(640K)
[6.497s][info][gc             ] GC(109) Pause Young (Allocation Failure) 880M->880M(1032M) 70.946ms
[6.497s][info][gc,cpu         ] GC(109) User=0.36s Sys=0.00s Real=0.07s
[6.538s][info][gc,start       ] GC(110) Pause Young (Allocation Failure)
[6.562s][info][gc,heap        ] GC(110) PSYoungGen: 35968K(90624K)->18560K(91648K) Eden: 18432K(18432K)->0K(18432K) From: 17536K(72192K)->18560K(73216K)
[6.563s][info][gc,heap        ] GC(110) ParOldGen: 884602K(966144K)->902258K(966144K)
[6.563s][info][gc,metaspace   ] GC(110) Metaspace: 6302K(6464K)->6302K(6464K) NonClass: 5768K(5824K)->5768K(5824K) Class: 533K(640K)->533K(640K)
[6.563s][info][gc             ] GC(110) Pause Young (Allocation Failure) 898M->899M(1033M) 25.065ms
[6.563s][info][gc,cpu         ] GC(110) User=0.11s Sys=0.00s Real=0.03s
[6.598s][info][gc,start       ] GC(111) Pause Young (Allocation Failure)
[6.625s][info][gc,heap        ] GC(111) PSYoungGen: 36992K(91648K)->37056K(86528K) Eden: 18432K(18432K)->0K(20480K) From: 18560K(73216K)->37056K(66048K)
[6.625s][info][gc,heap        ] GC(111) ParOldGen: 902258K(966144K)->902258K(966144K)
[6.625s][info][gc,metaspace   ] GC(111) Metaspace: 6302K(6464K)->6302K(6464K) NonClass: 5768K(5824K)->5768K(5824K) Class: 533K(640K)->533K(640K)
[6.625s][info][gc             ] GC(111) Pause Young (Allocation Failure) 917M->917M(1028M) 26.954ms
[6.625s][info][gc,cpu         ] GC(111) User=0.11s Sys=0.00s Real=0.03s
[6.665s][info][gc,start       ] GC(112) Pause Young (Allocation Failure)
[6.701s][info][gc,heap        ] GC(112) PSYoungGen: 57536K(86528K)->57504K(90112K) Eden: 20480K(20480K)->0K(20480K) From: 37056K(66048K)->57504K(69632K)
[6.701s][info][gc,heap        ] GC(112) ParOldGen: 902258K(966144K)->902258K(966144K)
[6.701s][info][gc,metaspace   ] GC(112) Metaspace: 6302K(6464K)->6302K(6464K) NonClass: 5768K(5824K)->5768K(5824K) Class: 533K(640K)->533K(640K)
[6.702s][info][gc             ] GC(112) Pause Young (Allocation Failure) 937M->937M(1031M) 36.997ms
[6.702s][info][gc,cpu         ] GC(112) User=0.22s Sys=0.00s Real=0.04s
[6.742s][info][gc,start       ] GC(113) Pause Young (Allocation Failure)
[6.787s][info][gc,heap        ] GC(113) PSYoungGen: 77984K(90112K)->59584K(92672K) Eden: 20480K(20480K)->0K(18432K) From: 57504K(69632K)->59584K(74240K)
[6.787s][info][gc,heap        ] GC(113) ParOldGen: 902258K(966144K)->920954K(966144K)
[6.787s][info][gc,metaspace   ] GC(113) Metaspace: 6302K(6464K)->6302K(6464K) NonClass: 5768K(5824K)->5768K(5824K) Class: 533K(640K)->533K(640K)
[6.787s][info][gc             ] GC(113) Pause Young (Allocation Failure) 957M->957M(1034M) 45.050ms
[6.787s][info][gc,cpu         ] GC(113) User=0.22s Sys=0.02s Real=0.05s
[6.821s][info][gc,start       ] GC(114) Pause Young (Allocation Failure)
[6.873s][info][gc,heap        ] GC(114) PSYoungGen: 78016K(92672K)->59552K(96768K) Eden: 18432K(18432K)->0K(18432K) From: 59584K(74240K)->59552K(78336K)
[6.873s][info][gc,heap        ] GC(114) ParOldGen: 920954K(966144K)->939674K(966144K)
[6.873s][info][gc,metaspace   ] GC(114) Metaspace: 6302K(6464K)->6302K(6464K) NonClass: 5768K(5824K)->5768K(5824K) Class: 533K(640K)->533K(640K)
[6.873s][info][gc             ] GC(114) Pause Young (Allocation Failure) 975M->975M(1038M) 52.252ms
[6.873s][info][gc,cpu         ] GC(114) User=0.23s Sys=0.02s Real=0.05s
[6.873s][info][gc,start       ] GC(115) Pause Full (Ergonomics)
[6.874s][info][gc,phases,start] GC(115) Marking Phase
[7.133s][info][gc,phases      ] GC(115) Marking Phase 259.965ms
[7.134s][info][gc,phases,start] GC(115) Summary Phase
[7.134s][info][gc,phases      ] GC(115) Summary Phase 0.057ms
[7.134s][info][gc,phases,start] GC(115) Adjust Roots
[7.134s][info][gc,phases      ] GC(115) Adjust Roots 0.319ms
[7.134s][info][gc,phases,start] GC(115) Compaction Phase
[7.254s][info][gc,phases      ] GC(115) Compaction Phase 120.281ms
[7.254s][info][gc,phases,start] GC(115) Post Compact
[7.258s][info][gc,phases      ] GC(115) Post Compact 3.694ms
[7.259s][info][gc,heap        ] GC(115) PSYoungGen: 59552K(96768K)->32210K(96768K) Eden: 0K(18432K)->0K(18432K) From: 59552K(78336K)->32210K(78336K)
[7.259s][info][gc,heap        ] GC(115) ParOldGen: 939674K(966144K)->965674K(1063936K)
[7.259s][info][gc,metaspace   ] GC(115) Metaspace: 6302K(6464K)->6302K(6464K) NonClass: 5768K(5824K)->5768K(5824K) Class: 533K(640K)->533K(640K)
[7.259s][info][gc             ] GC(115) Pause Full (Ergonomics) 975M->974M(1133M) 385.348ms
[7.259s][info][gc,cpu         ] GC(115) User=2.44s Sys=0.00s Real=0.38s
[7.292s][info][gc,start       ] GC(116) Pause Young (Allocation Failure)
[7.366s][info][gc,heap        ] GC(116) PSYoungGen: 50642K(96768K)->38880K(95232K) Eden: 18432K(18432K)->0K(20480K) From: 32210K(78336K)->38880K(74752K)
[7.366s][info][gc,heap        ] GC(116) ParOldGen: 965674K(1063936K)->977858K(1063936K)
[7.366s][info][gc,metaspace   ] GC(116) Metaspace: 6302K(6464K)->6302K(6464K) NonClass: 5768K(5824K)->5768K(5824K) Class: 533K(640K)->533K(640K)
[7.366s][info][gc             ] GC(116) Pause Young (Allocation Failure) 992M->992M(1132M) 73.428ms
[7.366s][info][gc,cpu         ] GC(116) User=0.36s Sys=0.02s Real=0.07s
[7.398s][info][gc,start       ] GC(117) Pause Young (Allocation Failure)
[7.433s][info][gc,heap        ] GC(117) PSYoungGen: 59360K(95232K)->59296K(98816K) Eden: 20480K(20480K)->0K(20480K) From: 38880K(74752K)->59296K(78336K)
[7.433s][info][gc,heap        ] GC(117) ParOldGen: 977858K(1063936K)->977858K(1063936K)
[7.433s][info][gc,metaspace   ] GC(117) Metaspace: 6302K(6464K)->6302K(6464K) NonClass: 5768K(5824K)->5768K(5824K) Class: 533K(640K)->533K(640K)
[7.433s][info][gc             ] GC(117) Pause Young (Allocation Failure) 1012M->1012M(1135M) 34.832ms
[7.433s][info][gc,cpu         ] GC(117) User=0.20s Sys=0.00s Real=0.03s
[7.461s][info][gc,start       ] GC(118) Pause Young (Allocation Failure)
[7.507s][info][gc,heap        ] GC(118) PSYoungGen: 79776K(98816K)->68448K(97792K) Eden: 20480K(20480K)->0K(16896K) From: 59296K(78336K)->68448K(80896K)
[7.507s][info][gc,heap        ] GC(118) ParOldGen: 977858K(1063936K)->989346K(1063936K)
[7.507s][info][gc,metaspace   ] GC(118) Metaspace: 6302K(6464K)->6302K(6464K) NonClass: 5768K(5824K)->5768K(5824K) Class: 533K(640K)->533K(640K)
[7.507s][info][gc             ] GC(118) Pause Young (Allocation Failure) 1032M->1033M(1134M) 46.087ms
[7.507s][info][gc,cpu         ] GC(118) User=0.22s Sys=0.00s Real=0.05s
[7.528s][info][gc,start       ] GC(119) Pause Young (Allocation Failure)
[7.574s][info][gc,heap        ] GC(119) PSYoungGen: 85344K(97792K)->76480K(103424K) Eden: 16896K(16896K)->0K(16896K) From: 68448K(80896K)->76480K(86528K)
[7.574s][info][gc,heap        ] GC(119) ParOldGen: 989346K(1063936K)->998426K(1063936K)
[7.574s][info][gc,metaspace   ] GC(119) Metaspace: 6302K(6464K)->6302K(6464K) NonClass: 5768K(5824K)->5768K(5824K) Class: 533K(640K)->533K(640K)
[7.574s][info][gc             ] GC(119) Pause Young (Allocation Failure) 1049M->1049M(1140M) 46.671ms
[7.574s][info][gc,cpu         ] GC(119) User=0.19s Sys=0.00s Real=0.05s
[7.599s][info][gc,start       ] GC(120) Pause Young (Allocation Failure)
[7.652s][info][gc,heap        ] GC(120) PSYoungGen: 93376K(103424K)->54400K(107520K) Eden: 16896K(16896K)->0K(18944K) From: 76480K(86528K)->54400K(88576K)
[7.652s][info][gc,heap        ] GC(120) ParOldGen: 998426K(1063936K)->1037842K(1063936K)
[7.652s][info][gc,metaspace   ] GC(120) Metaspace: 6302K(6464K)->6302K(6464K) NonClass: 5768K(5824K)->5768K(5824K) Class: 533K(640K)->533K(640K)
[7.652s][info][gc             ] GC(120) Pause Young (Allocation Failure) 1066M->1066M(1144M) 53.049ms
[7.652s][info][gc,cpu         ] GC(120) User=0.36s Sys=0.03s Real=0.05s
[7.652s][info][gc,start       ] GC(121) Pause Full (Ergonomics)
[7.652s][info][gc,phases,start] GC(121) Marking Phase
[7.908s][info][gc,phases      ] GC(121) Marking Phase 255.524ms
[7.908s][info][gc,phases,start] GC(121) Summary Phase
[7.908s][info][gc,phases      ] GC(121) Summary Phase 0.051ms
[7.908s][info][gc,phases,start] GC(121) Adjust Roots
[7.908s][info][gc,phases      ] GC(121) Adjust Roots 0.310ms
[7.908s][info][gc,phases,start] GC(121) Compaction Phase
[8.025s][info][gc,phases      ] GC(121) Compaction Phase 116.996ms
[8.025s][info][gc,phases,start] GC(121) Post Compact
[8.029s][info][gc,phases      ] GC(121) Post Compact 3.184ms
[8.029s][info][gc,heap        ] GC(121) PSYoungGen: 54400K(107520K)->27092K(110080K) Eden: 0K(18944K)->0K(21504K) From: 54400K(88576K)->27092K(88576K)
[8.029s][info][gc,heap        ] GC(121) ParOldGen: 1037842K(1063936K)->1063814K(1172992K)
[8.029s][info][gc,metaspace   ] GC(121) Metaspace: 6302K(6464K)->6302K(6464K) NonClass: 5768K(5824K)->5768K(5824K) Class: 533K(640K)->533K(640K)
[8.029s][info][gc             ] GC(121) Pause Full (Ergonomics) 1066M->1065M(1253M) 377.229ms
[8.029s][info][gc,cpu         ] GC(121) User=2.45s Sys=0.02s Real=0.38s
[8.075s][info][gc,start       ] GC(122) Pause Young (Allocation Failure)
[8.178s][info][gc,heap        ] GC(122) PSYoungGen: 48596K(110080K)->29312K(112640K) Eden: 21504K(21504K)->0K(21504K) From: 27092K(88576K)->29312K(91136K)
[8.178s][info][gc,heap        ] GC(122) ParOldGen: 1063814K(1172992K)->1083590K(1172992K)
[8.178s][info][gc,metaspace   ] GC(122) Metaspace: 6302K(6464K)->6302K(6464K) NonClass: 5768K(5824K)->5768K(5824K) Class: 533K(640K)->533K(640K)
[8.178s][info][gc             ] GC(122) Pause Young (Allocation Failure) 1086M->1086M(1255M) 102.340ms
[8.178s][info][gc,cpu         ] GC(122) User=0.48s Sys=0.05s Real=0.10s
[8.215s][info][gc,start       ] GC(123) Pause Young (Allocation Failure)
[8.249s][info][gc,heap        ] GC(123) PSYoungGen: 50816K(112640K)->43168K(107520K) Eden: 21504K(21504K)->0K(24064K) From: 29312K(91136K)->43168K(83456K)
[8.249s][info][gc,heap        ] GC(123) ParOldGen: 1083590K(1172992K)->1091342K(1172992K)
[8.249s][info][gc,metaspace   ] GC(123) Metaspace: 6302K(6464K)->6302K(6464K) NonClass: 5768K(5824K)->5768K(5824K) Class: 533K(640K)->533K(640K)
[8.249s][info][gc             ] GC(123) Pause Young (Allocation Failure) 1107M->1107M(1250M) 33.951ms
[8.249s][info][gc,cpu         ] GC(123) User=0.12s Sys=0.02s Real=0.03s
[8.287s][info][gc,start       ] GC(124) Pause Young (Allocation Failure)
[8.340s][info][gc,heap        ] GC(124) PSYoungGen: 67232K(107520K)->45728K(70144K) Eden: 24064K(24064K)->0K(24064K) From: 43168K(83456K)->45728K(46080K)
[8.340s][info][gc,heap        ] GC(124) ParOldGen: 1091342K(1172992K)->1113182K(1172992K)
[8.340s][info][gc,metaspace   ] GC(124) Metaspace: 6302K(6464K)->6302K(6464K) NonClass: 5768K(5824K)->5768K(5824K) Class: 533K(640K)->533K(640K)
[8.340s][info][gc             ] GC(124) Pause Young (Allocation Failure) 1131M->1131M(1214M) 53.141ms
[8.340s][info][gc,cpu         ] GC(124) User=0.23s Sys=0.02s Real=0.05s
[8.387s][info][gc,start       ] GC(125) Pause Young (Allocation Failure)
[8.440s][info][gc,heap        ] GC(125) PSYoungGen: 69792K(70144K)->48352K(104448K) Eden: 24064K(24064K)->0K(27136K) From: 45728K(46080K)->48352K(77312K)
[8.440s][info][gc,heap        ] GC(125) ParOldGen: 1113182K(1172992K)->1134998K(1172992K)
[8.440s][info][gc,metaspace   ] GC(125) Metaspace: 6302K(6464K)->6302K(6464K) NonClass: 5768K(5824K)->5768K(5824K) Class: 533K(640K)->533K(640K)
[8.440s][info][gc             ] GC(125) Pause Young (Allocation Failure) 1155M->1155M(1247M) 52.856ms
[8.440s][info][gc,cpu         ] GC(125) User=0.20s Sys=0.03s Real=0.05s
[8.509s][info][gc,start       ] GC(126) Pause Young (Allocation Failure)
[8.555s][info][gc,heap        ] GC(126) PSYoungGen: 75488K(104448K)->51392K(107520K) Eden: 27136K(27136K)->0K(27136K) From: 48352K(77312K)->51392K(80384K)
[8.555s][info][gc,heap        ] GC(126) ParOldGen: 1134998K(1172992K)->1159414K(1172992K)
[8.555s][info][gc,metaspace   ] GC(126) Metaspace: 6302K(6464K)->6302K(6464K) NonClass: 5768K(5824K)->5768K(5824K) Class: 533K(640K)->533K(640K)
[8.555s][info][gc             ] GC(126) Pause Young (Allocation Failure) 1182M->1182M(1250M) 46.322ms
[8.556s][info][gc,cpu         ] GC(126) User=0.22s Sys=0.02s Real=0.05s
[8.556s][info][gc,start       ] GC(127) Pause Full (Ergonomics)
[8.556s][info][gc,phases,start] GC(127) Marking Phase
[8.858s][info][gc,phases      ] GC(127) Marking Phase 302.598ms
[8.858s][info][gc,phases,start] GC(127) Summary Phase
[8.858s][info][gc,phases      ] GC(127) Summary Phase 0.045ms
[8.858s][info][gc,phases,start] GC(127) Adjust Roots
[8.859s][info][gc,phases      ] GC(127) Adjust Roots 0.286ms
[8.859s][info][gc,phases,start] GC(127) Compaction Phase
[8.986s][info][gc,phases      ] GC(127) Compaction Phase 126.971ms
[8.986s][info][gc,phases,start] GC(127) Post Compact
[8.989s][info][gc,phases      ] GC(127) Post Compact 3.260ms
[8.990s][info][gc,heap        ] GC(127) PSYoungGen: 51392K(107520K)->36321K(107520K) Eden: 0K(27136K)->0K(27136K) From: 51392K(80384K)->36321K(80384K)
[8.990s][info][gc,heap        ] GC(127) ParOldGen: 1159414K(1172992K)->1172710K(1292288K)
[8.990s][info][gc,metaspace   ] GC(127) Metaspace: 6302K(6464K)->6302K(6464K) NonClass: 5768K(5824K)->5768K(5824K) Class: 533K(640K)->533K(640K)
[8.990s][info][gc             ] GC(127) Pause Full (Ergonomics) 1182M->1180M(1367M) 434.165ms
[8.990s][info][gc,cpu         ] GC(127) User=2.95s Sys=0.03s Real=0.44s
[9.026s][info][gc,start       ] GC(128) Pause Young (Allocation Failure)
[9.116s][info][gc,heap        ] GC(128) PSYoungGen: 63457K(107520K)->46560K(103424K) Eden: 27136K(27136K)->0K(30208K) From: 36321K(80384K)->46560K(73216K)
[9.116s][info][gc,heap        ] GC(128) ParOldGen: 1172710K(1292288K)->1190094K(1292288K)
[9.116s][info][gc,metaspace   ] GC(128) Metaspace: 6302K(6464K)->6302K(6464K) NonClass: 5768K(5824K)->5768K(5824K) Class: 533K(640K)->533K(640K)
[9.116s][info][gc             ] GC(128) Pause Young (Allocation Failure) 1207M->1207M(1363M) 90.837ms
[9.117s][info][gc,cpu         ] GC(128) User=0.50s Sys=0.03s Real=0.09s
[9.160s][info][gc,start       ] GC(129) Pause Young (Allocation Failure)
[9.207s][info][gc,heap        ] GC(129) PSYoungGen: 76768K(103424K)->75776K(105984K) Eden: 30208K(30208K)->0K(30208K) From: 46560K(73216K)->75776K(75776K)
[9.207s][info][gc,heap        ] GC(129) ParOldGen: 1190094K(1292288K)->1191014K(1292288K)
[9.207s][info][gc,metaspace   ] GC(129) Metaspace: 6302K(6464K)->6302K(6464K) NonClass: 5768K(5824K)->5768K(5824K) Class: 533K(640K)->533K(640K)
[9.207s][info][gc             ] GC(129) Pause Young (Allocation Failure) 1237M->1237M(1365M) 47.140ms
[9.207s][info][gc,cpu         ] GC(129) User=0.27s Sys=0.00s Real=0.05s
[9.248s][info][gc,start       ] GC(130) Pause Young (Allocation Failure)
[9.315s][info][gc,heap        ] GC(130) PSYoungGen: 105984K(105984K)->60224K(116224K) Eden: 30208K(30208K)->0K(32768K) From: 75776K(75776K)->60224K(83456K)
[9.315s][info][gc,heap        ] GC(130) ParOldGen: 1191014K(1292288K)->1237470K(1292288K)
[9.315s][info][gc,metaspace   ] GC(130) Metaspace: 6302K(6464K)->6302K(6464K) NonClass: 5768K(5824K)->5768K(5824K) Class: 533K(640K)->533K(640K)
[9.315s][info][gc             ] GC(130) Pause Young (Allocation Failure) 1266M->1267M(1375M) 66.795ms
[9.315s][info][gc,cpu         ] GC(130) User=0.39s Sys=0.02s Real=0.07s
[9.350s][info][gc,start       ] GC(131) Pause Young (Allocation Failure)
[9.398s][info][gc,heap        ] GC(131) PSYoungGen: 92992K(116224K)->49632K(116736K) Eden: 32768K(32768K)->0K(32768K) From: 60224K(83456K)->49632K(83968K)
[9.398s][info][gc,heap        ] GC(131) ParOldGen: 1237470K(1292288K)->1267742K(1292288K)
[9.398s][info][gc,metaspace   ] GC(131) Metaspace: 6302K(6464K)->6302K(6464K) NonClass: 5768K(5824K)->5768K(5824K) Class: 533K(640K)->533K(640K)
[9.398s][info][gc             ] GC(131) Pause Young (Allocation Failure) 1299M->1286M(1376M) 47.904ms
[9.398s][info][gc,cpu         ] GC(131) User=0.27s Sys=0.00s Real=0.05s
[9.398s][info][gc,start       ] GC(132) Pause Full (Ergonomics)
[9.398s][info][gc,phases,start] GC(132) Marking Phase
[9.717s][info][gc,phases      ] GC(132) Marking Phase 318.952ms
[9.717s][info][gc,phases,start] GC(132) Summary Phase
[9.717s][info][gc,phases      ] GC(132) Summary Phase 0.040ms
[9.717s][info][gc,phases,start] GC(132) Adjust Roots
[9.718s][info][gc,phases      ] GC(132) Adjust Roots 0.775ms
[9.718s][info][gc,phases,start] GC(132) Compaction Phase
[10.111s][info][gc,phases      ] GC(132) Compaction Phase 392.374ms
[10.111s][info][gc,phases,start] GC(132) Post Compact
[10.114s][info][gc,phases      ] GC(132) Post Compact 2.970ms
[10.114s][info][gc,heap        ] GC(132) PSYoungGen: 49632K(116736K)->23840K(116736K) Eden: 0K(32768K)->0K(32768K) From: 49632K(83968K)->23840K(83968K)
[10.114s][info][gc,heap        ] GC(132) ParOldGen: 1267742K(1292288K)->1291866K(1430528K)
[10.114s][info][gc,metaspace   ] GC(132) Metaspace: 6302K(6464K)->6302K(6464K) NonClass: 5768K(5824K)->5768K(5824K) Class: 533K(640K)->533K(640K)
[10.115s][info][gc             ] GC(132) Pause Full (Ergonomics) 1286M->1284M(1511M) 716.153ms
[10.115s][info][gc,cpu         ] GC(132) User=4.67s Sys=0.02s Real=0.72s
[10.158s][info][gc,start       ] GC(133) Pause Young (Allocation Failure)
[10.247s][info][gc,heap        ] GC(133) PSYoungGen: 56608K(116736K)->39904K(114176K) Eden: 32768K(32768K)->0K(35840K) From: 23840K(83968K)->39904K(78336K)
[10.247s][info][gc,heap        ] GC(133) ParOldGen: 1291866K(1430528K)->1307554K(1430528K)
[10.247s][info][gc,metaspace   ] GC(133) Metaspace: 6302K(6464K)->6302K(6464K) NonClass: 5768K(5824K)->5768K(5824K) Class: 533K(640K)->533K(640K)
[10.247s][info][gc             ] GC(133) Pause Young (Allocation Failure) 1316M->1315M(1508M) 88.794ms
[10.247s][info][gc,cpu         ] GC(133) User=0.50s Sys=0.00s Real=0.09s
[10.294s][info][gc,start       ] GC(134) Pause Young (Allocation Failure)
[10.340s][info][gc,heap        ] GC(134) PSYoungGen: 75744K(114176K)->75744K(115712K) Eden: 35840K(35840K)->0K(35840K) From: 39904K(78336K)->75744K(79872K)
[10.340s][info][gc,heap        ] GC(134) ParOldGen: 1307554K(1430528K)->1307554K(1430528K)
[10.340s][info][gc,metaspace   ] GC(134) Metaspace: 6302K(6464K)->6302K(6464K) NonClass: 5768K(5824K)->5768K(5824K) Class: 533K(640K)->533K(640K)
[10.340s][info][gc             ] GC(134) Pause Young (Allocation Failure) 1350M->1350M(1510M) 46.089ms
[10.340s][info][gc,cpu         ] GC(134) User=0.25s Sys=0.00s Real=0.05s
[10.624s][info][gc,start       ] GC(135) Pause Young (Allocation Failure)
[10.716s][info][gc,heap        ] GC(135) PSYoungGen: 111584K(115712K)->86528K(107520K) Eden: 35840K(35840K)->0K(20992K) From: 75744K(79872K)->86528K(86528K)
[10.716s][info][gc,heap        ] GC(135) ParOldGen: 1373090K(1430528K)->1398402K(1430528K)
[10.716s][info][gc,metaspace   ] GC(135) Metaspace: 6302K(6464K)->6302K(6464K) NonClass: 5768K(5824K)->5768K(5824K) Class: 533K(640K)->533K(640K)
[10.716s][info][gc             ] GC(135) Pause Young (Allocation Failure) 1449M->1450M(1502M) 92.575ms
[10.716s][info][gc,cpu         ] GC(135) User=0.55s Sys=0.03s Real=0.09s
[10.716s][info][gc,start       ] GC(136) Pause Full (Ergonomics)
[10.716s][info][gc,phases,start] GC(136) Marking Phase
[11.066s][info][gc,phases      ] GC(136) Marking Phase 349.296ms
[11.066s][info][gc,phases,start] GC(136) Summary Phase
[11.066s][info][gc,phases      ] GC(136) Summary Phase 0.038ms
[11.066s][info][gc,phases,start] GC(136) Adjust Roots
[11.066s][info][gc,phases      ] GC(136) Adjust Roots 0.202ms
[11.066s][info][gc,phases,start] GC(136) Compaction Phase
[11.317s][info][gc,phases      ] GC(136) Compaction Phase 250.487ms
[11.317s][info][gc,phases,start] GC(136) Post Compact
[11.321s][info][gc,phases      ] GC(136) Post Compact 3.879ms
[11.321s][info][gc,heap        ] GC(136) PSYoungGen: 86528K(107520K)->20939K(107520K) Eden: 0K(20992K)->0K(20992K) From: 86528K(86528K)->20939K(86528K)
[11.321s][info][gc,heap        ] GC(136) ParOldGen: 1398402K(1430528K)->1430433K(1575936K)
[11.321s][info][gc,metaspace   ] GC(136) Metaspace: 6302K(6464K)->6302K(6464K) NonClass: 5768K(5824K)->5768K(5824K) Class: 533K(640K)->533K(640K)
[11.321s][info][gc             ] GC(136) Pause Full (Ergonomics) 1450M->1417M(1644M) 604.960ms
[11.321s][info][gc,cpu         ] GC(136) User=3.84s Sys=0.03s Real=0.61s
[11.342s][info][gc,start       ] GC(137) Pause Young (Allocation Failure)
[11.430s][info][gc,heap        ] GC(137) PSYoungGen: 41931K(107520K)->37312K(125952K) Eden: 20992K(20992K)->0K(20992K) From: 20939K(86528K)->37312K(104960K)
[11.430s][info][gc,heap        ] GC(137) ParOldGen: 1430433K(1575936K)->1435313K(1575936K)
[11.430s][info][gc,metaspace   ] GC(137) Metaspace: 6302K(6464K)->6302K(6464K) NonClass: 5768K(5824K)->5768K(5824K) Class: 533K(640K)->533K(640K)
[11.430s][info][gc             ] GC(137) Pause Young (Allocation Failure) 1437M->1438M(1662M) 87.600ms
[11.430s][info][gc,cpu         ] GC(137) User=0.44s Sys=0.00s Real=0.09s
[11.452s][info][gc,start       ] GC(138) Pause Young (Allocation Failure)
[11.488s][info][gc,heap        ] GC(138) PSYoungGen: 58304K(125952K)->58336K(118784K) Eden: 20992K(20992K)->0K(23040K) From: 37312K(104960K)->58336K(95744K)
[11.489s][info][gc,heap        ] GC(138) ParOldGen: 1435313K(1575936K)->1435313K(1575936K)
[11.489s][info][gc,metaspace   ] GC(138) Metaspace: 6302K(6464K)->6302K(6464K) NonClass: 5768K(5824K)->5768K(5824K) Class: 533K(640K)->533K(640K)
[11.489s][info][gc             ] GC(138) Pause Young (Allocation Failure) 1458M->1458M(1655M) 36.639ms
[11.489s][info][gc,cpu         ] GC(138) User=0.06s Sys=0.00s Real=0.04s
[11.512s][info][gc,start       ] GC(139) Pause Young (Allocation Failure)
[11.554s][info][gc,heap        ] GC(139) PSYoungGen: 81376K(118784K)->81408K(122880K) Eden: 23040K(23040K)->0K(23040K) From: 58336K(95744K)->81408K(99840K)
[11.554s][info][gc,heap        ] GC(139) ParOldGen: 1435313K(1575936K)->1435313K(1575936K)
[11.554s][info][gc,metaspace   ] GC(139) Metaspace: 6302K(6464K)->6302K(6464K) NonClass: 5768K(5824K)->5768K(5824K) Class: 533K(640K)->533K(640K)
[11.554s][info][gc             ] GC(139) Pause Young (Allocation Failure) 1481M->1481M(1659M) 42.271ms
[11.555s][info][gc,cpu         ] GC(139) User=0.19s Sys=0.00s Real=0.04s
[11.581s][info][gc,start       ] GC(140) Pause Young (Allocation Failure)
[11.634s][info][gc,heap        ] GC(140) PSYoungGen: 104448K(122880K)->104448K(118272K) Eden: 23040K(23040K)->0K(13312K) From: 81408K(99840K)->104448K(104960K)
[11.634s][info][gc,heap        ] GC(140) ParOldGen: 1435313K(1575936K)->1435313K(1575936K)
[11.634s][info][gc,metaspace   ] GC(140) Metaspace: 6302K(6464K)->6302K(6464K) NonClass: 5768K(5824K)->5768K(5824K) Class: 533K(640K)->533K(640K)
[11.635s][info][gc             ] GC(140) Pause Young (Allocation Failure) 1503M->1503M(1654M) 53.381ms
[11.635s][info][gc,cpu         ] GC(140) User=0.30s Sys=0.03s Real=0.05s
[11.649s][info][gc,start       ] GC(141) Pause Young (Allocation Failure)
[11.708s][info][gc,heap        ] GC(141) PSYoungGen: 117760K(118272K)->108640K(130560K) Eden: 13312K(13312K)->0K(13312K) From: 104448K(104960K)->108640K(117248K)
[11.708s][info][gc,heap        ] GC(141) ParOldGen: 1435313K(1575936K)->1444593K(1575936K)
[11.708s][info][gc,metaspace   ] GC(141) Metaspace: 6302K(6464K)->6302K(6464K) NonClass: 5768K(5824K)->5768K(5824K) Class: 533K(640K)->533K(640K)
[11.708s][info][gc             ] GC(141) Pause Young (Allocation Failure) 1516M->1516M(1666M) 59.522ms
[11.708s][info][gc,cpu         ] GC(141) User=0.36s Sys=0.00s Real=0.06s
[11.725s][info][gc,start       ] GC(142) Pause Young (Allocation Failure)
[11.788s][info][gc,heap        ] GC(142) PSYoungGen: 121952K(130560K)->93856K(140288K) Eden: 13312K(13312K)->0K(11776K) From: 108640K(117248K)->93856K(128512K)
[11.788s][info][gc,heap        ] GC(142) ParOldGen: 1444593K(1575936K)->1472953K(1575936K)
[11.788s][info][gc,metaspace   ] GC(142) Metaspace: 6302K(6464K)->6302K(6464K) NonClass: 5768K(5824K)->5768K(5824K) Class: 533K(640K)->533K(640K)
[11.788s][info][gc             ] GC(142) Pause Young (Allocation Failure) 1529M->1530M(1676M) 63.442ms
[11.788s][info][gc,cpu         ] GC(142) User=0.33s Sys=0.03s Real=0.06s
[11.802s][info][gc,start       ] GC(143) Pause Young (Allocation Failure)
[11.859s][info][gc,heap        ] GC(143) PSYoungGen: 105632K(140288K)->61568K(73728K) Eden: 11776K(11776K)->0K(11776K) From: 93856K(128512K)->61568K(61952K)
[11.859s][info][gc,heap        ] GC(143) ParOldGen: 1472953K(1575936K)->1517529K(1575936K)
[11.859s][info][gc,metaspace   ] GC(143) Metaspace: 6302K(6464K)->6302K(6464K) NonClass: 5768K(5824K)->5768K(5824K) Class: 533K(640K)->533K(640K)
[11.859s][info][gc             ] GC(143) Pause Young (Allocation Failure) 1541M->1542M(1611M) 57.662ms
[11.859s][info][gc,cpu         ] GC(143) User=0.39s Sys=0.06s Real=0.06s
[11.873s][info][gc,start       ] GC(144) Pause Young (Allocation Failure)
[11.916s][info][gc,heap        ] GC(144) PSYoungGen: 73344K(73728K)->36992K(140288K) Eden: 11776K(11776K)->0K(13824K) From: 61568K(61952K)->36992K(126464K)
[11.916s][info][gc,heap        ] GC(144) ParOldGen: 1517529K(1575936K)->1554345K(1575936K)
[11.916s][info][gc,metaspace   ] GC(144) Metaspace: 6302K(6464K)->6302K(6464K) NonClass: 5768K(5824K)->5768K(5824K) Class: 533K(640K)->533K(640K)
[11.916s][info][gc             ] GC(144) Pause Young (Allocation Failure) 1553M->1554M(1676M) 43.017ms
[11.916s][info][gc,cpu         ] GC(144) User=0.17s Sys=0.06s Real=0.04s
[11.916s][info][gc,start       ] GC(145) Pause Full (Ergonomics)
[11.916s][info][gc,phases,start] GC(145) Marking Phase
[12.302s][info][gc,phases      ] GC(145) Marking Phase 385.751ms
[12.302s][info][gc,phases,start] GC(145) Summary Phase
[12.302s][info][gc,phases      ] GC(145) Summary Phase 0.055ms
[12.302s][info][gc,phases,start] GC(145) Adjust Roots
[12.303s][info][gc,phases      ] GC(145) Adjust Roots 0.311ms
[12.303s][info][gc,phases,start] GC(145) Compaction Phase
[12.482s][info][gc,phases      ] GC(145) Compaction Phase 179.752ms
[12.483s][info][gc,phases,start] GC(145) Post Compact
[12.486s][info][gc,phases      ] GC(145) Post Compact 3.195ms
[12.487s][info][gc,heap        ] GC(145) PSYoungGen: 36992K(140288K)->13776K(140800K) Eden: 0K(13824K)->0K(14336K) From: 36992K(126464K)->13776K(126464K)
[12.487s][info][gc,heap        ] GC(145) ParOldGen: 1554345K(1575936K)->1575588K(1741824K)
[12.487s][info][gc,metaspace   ] GC(145) Metaspace: 6302K(6464K)->6302K(6464K) NonClass: 5768K(5824K)->5768K(5824K) Class: 533K(640K)->533K(640K)
[12.487s][info][gc             ] GC(145) Pause Full (Ergonomics) 1554M->1552M(1838M) 570.498ms
[12.487s][info][gc,cpu         ] GC(145) User=3.64s Sys=0.02s Real=0.57s
[12.503s][info][gc,start       ] GC(146) Pause Young (Allocation Failure)
[12.599s][info][gc,heap        ] GC(146) PSYoungGen: 28112K(140800K)->18528K(141312K) Eden: 14336K(14336K)->0K(14336K) From: 13776K(126464K)->18528K(126976K)
[12.599s][info][gc,heap        ] GC(146) ParOldGen: 1575588K(1741824K)->1585476K(1741824K)
[12.599s][info][gc,metaspace   ] GC(146) Metaspace: 6302K(6464K)->6302K(6464K) NonClass: 5768K(5824K)->5768K(5824K) Class: 533K(640K)->533K(640K)
[12.599s][info][gc             ] GC(146) Pause Young (Allocation Failure) 1566M->1566M(1839M) 95.559ms
[12.599s][info][gc,cpu         ] GC(146) User=0.52s Sys=0.00s Real=0.09s
[12.614s][info][gc,start       ] GC(147) Pause Young (Allocation Failure)
[12.646s][info][gc,heap        ] GC(147) PSYoungGen: 32864K(141312K)->14432K(144896K) Eden: 14336K(14336K)->0K(15360K) From: 18528K(126976K)->14432K(129536K)
[12.646s][info][gc,heap        ] GC(147) ParOldGen: 1585476K(1741824K)->1604156K(1741824K)
[12.646s][info][gc,metaspace   ] GC(147) Metaspace: 6302K(6464K)->6302K(6464K) NonClass: 5768K(5824K)->5768K(5824K) Class: 533K(640K)->533K(640K)
[12.646s][info][gc             ] GC(147) Pause Young (Allocation Failure) 1580M->1580M(1842M) 31.902ms
[12.646s][info][gc,cpu         ] GC(147) User=0.03s Sys=0.00s Real=0.03s
[12.665s][info][gc,start       ] GC(148) Pause Young (Allocation Failure)
[12.693s][info][gc,heap        ] GC(148) PSYoungGen: 29792K(144896K)->15456K(145920K) Eden: 15360K(15360K)->0K(15360K) From: 14432K(129536K)->15456K(130560K)
[12.693s][info][gc,heap        ] GC(148) ParOldGen: 1604156K(1741824K)->1618692K(1741824K)
[12.693s][info][gc,metaspace   ] GC(148) Metaspace: 6302K(6464K)->6302K(6464K) NonClass: 5768K(5824K)->5768K(5824K) Class: 533K(640K)->533K(640K)
[12.693s][info][gc             ] GC(148) Pause Young (Allocation Failure) 1595M->1595M(1843M) 28.576ms
[12.693s][info][gc,cpu         ] GC(148) User=0.00s Sys=0.00s Real=0.03s
[12.708s][info][gc,start       ] GC(149) Pause Young (Allocation Failure)
[12.740s][info][gc,heap        ] GC(149) PSYoungGen: 30816K(145920K)->15520K(144896K) Eden: 15360K(15360K)->0K(17408K) From: 15456K(130560K)->15520K(127488K)
[12.740s][info][gc,heap        ] GC(149) ParOldGen: 1618692K(1741824K)->1634276K(1741824K)
[12.740s][info][gc,metaspace   ] GC(149) Metaspace: 6302K(6464K)->6302K(6464K) NonClass: 5768K(5824K)->5768K(5824K) Class: 533K(640K)->533K(640K)
[12.740s][info][gc             ] GC(149) Pause Young (Allocation Failure) 1610M->1611M(1842M) 31.974ms
[12.740s][info][gc,cpu         ] GC(149) User=0.06s Sys=0.00s Real=0.03s
[12.758s][info][gc,start       ] GC(150) Pause Young (Allocation Failure)
[12.789s][info][gc,heap        ] GC(150) PSYoungGen: 32928K(144896K)->17568K(146432K) Eden: 17408K(17408K)->0K(17408K) From: 15520K(127488K)->17568K(129024K)
[12.789s][info][gc,heap        ] GC(150) ParOldGen: 1634276K(1741824K)->1649852K(1741824K)
[12.789s][info][gc,metaspace   ] GC(150) Metaspace: 6302K(6464K)->6302K(6464K) NonClass: 5768K(5824K)->5768K(5824K) Class: 533K(640K)->533K(640K)
[12.789s][info][gc             ] GC(150) Pause Young (Allocation Failure) 1628M->1628M(1844M) 31.538ms
[12.789s][info][gc,cpu         ] GC(150) User=0.05s Sys=0.00s Real=0.03s
[12.809s][info][gc,start       ] GC(151) Pause Young (Allocation Failure)
[12.838s][info][gc,heap        ] GC(151) PSYoungGen: 34976K(146432K)->17600K(140288K) Eden: 17408K(17408K)->0K(19968K) From: 17568K(129024K)->17600K(120320K)
[12.838s][info][gc,heap        ] GC(151) ParOldGen: 1649852K(1741824K)->1667516K(1741824K)
[12.838s][info][gc,metaspace   ] GC(151) Metaspace: 6302K(6464K)->6302K(6464K) NonClass: 5768K(5824K)->5768K(5824K) Class: 533K(640K)->533K(640K)
[12.838s][info][gc             ] GC(151) Pause Young (Allocation Failure) 1645M->1645M(1838M) 28.713ms
[12.838s][info][gc,cpu         ] GC(151) User=0.05s Sys=0.02s Real=0.03s
[12.860s][info][gc,start       ] GC(152) Pause Young (Allocation Failure)
[12.895s][info][gc,heap        ] GC(152) PSYoungGen: 37568K(140288K)->20096K(40448K) Eden: 19968K(19968K)->0K(19968K) From: 17600K(120320K)->20096K(20480K)
[12.895s][info][gc,heap        ] GC(152) ParOldGen: 1667516K(1741824K)->1685172K(1741824K)
[12.895s][info][gc,metaspace   ] GC(152) Metaspace: 6302K(6464K)->6302K(6464K) NonClass: 5768K(5824K)->5768K(5824K) Class: 533K(640K)->533K(640K)
[12.895s][info][gc             ] GC(152) Pause Young (Allocation Failure) 1665M->1665M(1740M) 34.380ms
[12.895s][info][gc,cpu         ] GC(152) User=0.05s Sys=0.00s Real=0.03s
[12.918s][info][gc,start       ] GC(153) Pause Young (Allocation Failure)
[12.953s][info][gc,heap        ] GC(153) PSYoungGen: 40064K(40448K)->20096K(132608K) Eden: 19968K(19968K)->0K(22528K) From: 20096K(20480K)->20096K(110080K)
[12.953s][info][gc,heap        ] GC(153) ParOldGen: 1685172K(1741824K)->1705428K(1741824K)
[12.953s][info][gc,metaspace   ] GC(153) Metaspace: 6302K(6464K)->6302K(6464K) NonClass: 5768K(5824K)->5768K(5824K) Class: 533K(640K)->533K(640K)
[12.953s][info][gc             ] GC(153) Pause Young (Allocation Failure) 1684M->1685M(1830M) 35.545ms
[12.953s][info][gc,cpu         ] GC(153) User=0.05s Sys=0.00s Real=0.03s
[12.981s][info][gc,start       ] GC(154) Pause Young (Allocation Failure)
[13.016s][info][gc,heap        ] GC(154) PSYoungGen: 42624K(132608K)->22656K(45568K) Eden: 22528K(22528K)->0K(22528K) From: 20096K(110080K)->22656K(23040K)
[13.016s][info][gc,heap        ] GC(154) ParOldGen: 1705428K(1741824K)->1725676K(1741824K)
[13.016s][info][gc,metaspace   ] GC(154) Metaspace: 6302K(6464K)->6302K(6464K) NonClass: 5768K(5824K)->5768K(5824K) Class: 533K(640K)->533K(640K)
[13.016s][info][gc             ] GC(154) Pause Young (Allocation Failure) 1707M->1707M(1745M) 35.399ms
[13.016s][info][gc,cpu         ] GC(154) User=0.05s Sys=0.02s Real=0.04s
[13.016s][info][gc,start       ] GC(155) Pause Full (Ergonomics)
[13.016s][info][gc,phases,start] GC(155) Marking Phase
[13.425s][info][gc,phases      ] GC(155) Marking Phase 409.023ms
[13.425s][info][gc,phases,start] GC(155) Summary Phase
[13.426s][info][gc,phases      ] GC(155) Summary Phase 0.055ms
[13.426s][info][gc,phases,start] GC(155) Adjust Roots
[13.426s][info][gc,phases      ] GC(155) Adjust Roots 0.277ms
[13.426s][info][gc,phases,start] GC(155) Compaction Phase
[13.626s][info][gc,phases      ] GC(155) Compaction Phase 200.131ms
[13.626s][info][gc,phases,start] GC(155) Post Compact
[13.629s][info][gc,phases      ] GC(155) Post Compact 3.379ms
[13.630s][info][gc,heap        ] GC(155) PSYoungGen: 22656K(45568K)->4104K(45568K) Eden: 0K(22528K)->0K(22528K) From: 22656K(23040K)->4104K(23040K)
[13.630s][info][gc,heap        ] GC(155) ParOldGen: 1725676K(1741824K)->1741646K(1901056K)
[13.630s][info][gc,metaspace   ] GC(155) Metaspace: 6302K(6464K)->6302K(6464K) NonClass: 5768K(5824K)->5768K(5824K) Class: 533K(640K)->533K(640K)
[13.630s][info][gc             ] GC(155) Pause Full (Ergonomics) 1707M->1704M(1901M) 613.911ms
[13.630s][info][gc,cpu         ] GC(155) User=4.34s Sys=0.00s Real=0.61s
[13.659s][info][gc,start       ] GC(156) Pause Young (Allocation Failure)
[13.754s][info][gc,heap        ] GC(156) PSYoungGen: 26632K(45568K)->22656K(124416K) Eden: 22528K(22528K)->0K(25088K) From: 4104K(23040K)->22656K(99328K)
[13.754s][info][gc,heap        ] GC(156) ParOldGen: 1741646K(1901056K)->1745838K(1901056K)
[13.754s][info][gc,metaspace   ] GC(156) Metaspace: 6302K(6464K)->6302K(6464K) NonClass: 5768K(5824K)->5768K(5824K) Class: 533K(640K)->533K(640K)
[13.754s][info][gc             ] GC(156) Pause Young (Allocation Failure) 1726M->1727M(1978M) 94.895ms
[13.754s][info][gc,cpu         ] GC(156) User=0.48s Sys=0.00s Real=0.10s
[13.787s][info][gc,start       ] GC(157) Pause Young (Allocation Failure)
[13.825s][info][gc,heap        ] GC(157) PSYoungGen: 47744K(124416K)->25248K(50688K) Eden: 25088K(25088K)->0K(25088K) From: 22656K(99328K)->25248K(25600K)
[13.825s][info][gc,heap        ] GC(157) ParOldGen: 1745838K(1901056K)->1768686K(1901056K)
[13.825s][info][gc,metaspace   ] GC(157) Metaspace: 6302K(6464K)->6302K(6464K) NonClass: 5768K(5824K)->5768K(5824K) Class: 533K(640K)->533K(640K)
[13.825s][info][gc             ] GC(157) Pause Young (Allocation Failure) 1751M->1751M(1906M) 37.720ms
[13.825s][info][gc,cpu         ] GC(157) User=0.06s Sys=0.00s Real=0.04s
[13.854s][info][gc,start       ] GC(158) Pause Young (Allocation Failure)
[13.892s][info][gc,heap        ] GC(158) PSYoungGen: 50336K(50688K)->25216K(119296K) Eden: 25088K(25088K)->0K(28160K) From: 25248K(25600K)->25216K(91136K)
[13.892s][info][gc,heap        ] GC(158) ParOldGen: 1768686K(1901056K)->1794126K(1901056K)
[13.892s][info][gc,metaspace   ] GC(158) Metaspace: 6302K(6464K)->6302K(6464K) NonClass: 5768K(5824K)->5768K(5824K) Class: 533K(640K)->533K(640K)
[13.892s][info][gc             ] GC(158) Pause Young (Allocation Failure) 1776M->1776M(1973M) 37.821ms
[13.892s][info][gc,cpu         ] GC(158) User=0.16s Sys=0.00s Real=0.04s
[13.920s][info][gc,start       ] GC(159) Pause Young (Allocation Failure)
[13.956s][info][gc,heap        ] GC(159) PSYoungGen: 53376K(119296K)->28320K(56832K) Eden: 28160K(28160K)->0K(28160K) From: 25216K(91136K)->28320K(28672K)
[13.956s][info][gc,heap        ] GC(159) ParOldGen: 1794126K(1901056K)->1819558K(1901056K)
[13.956s][info][gc,metaspace   ] GC(159) Metaspace: 6302K(6464K)->6302K(6464K) NonClass: 5768K(5824K)->5768K(5824K) Class: 533K(640K)->533K(640K)
[13.956s][info][gc             ] GC(159) Pause Young (Allocation Failure) 1804M->1804M(1912M) 35.672ms
[13.956s][info][gc,cpu         ] GC(159) User=0.12s Sys=0.03s Real=0.04s
[13.990s][info][gc,start       ] GC(160) Pause Young (Allocation Failure)
[14.025s][info][gc,heap        ] GC(160) PSYoungGen: 56480K(56832K)->28320K(111104K) Eden: 28160K(28160K)->0K(31232K) From: 28320K(28672K)->28320K(79872K)
[14.025s][info][gc,heap        ] GC(160) ParOldGen: 1819558K(1901056K)->1848086K(1901056K)
[14.025s][info][gc,metaspace   ] GC(160) Metaspace: 6302K(6464K)->6302K(6464K) NonClass: 5768K(5824K)->5768K(5824K) Class: 533K(640K)->533K(640K)
[14.025s][info][gc             ] GC(160) Pause Young (Allocation Failure) 1832M->1832M(1965M) 35.225ms
[14.025s][info][gc,cpu         ] GC(160) User=0.27s Sys=0.02s Real=0.04s
[14.061s][info][gc,start       ] GC(161) Pause Young (Allocation Failure)
[14.101s][info][gc,heap        ] GC(161) PSYoungGen: 59552K(111104K)->31392K(62976K) Eden: 31232K(31232K)->0K(31232K) From: 28320K(79872K)->31392K(31744K)
[14.101s][info][gc,heap        ] GC(161) ParOldGen: 1848086K(1901056K)->1876670K(1901056K)
[14.101s][info][gc,metaspace   ] GC(161) Metaspace: 6302K(6464K)->6302K(6464K) NonClass: 5768K(5824K)->5768K(5824K) Class: 533K(640K)->533K(640K)
[14.101s][info][gc             ] GC(161) Pause Young (Allocation Failure) 1862M->1863M(1918M) 40.477ms
[14.101s][info][gc,cpu         ] GC(161) User=0.14s Sys=0.00s Real=0.04s
[14.101s][info][gc,start       ] GC(162) Pause Full (Ergonomics)
[14.101s][info][gc,phases,start] GC(162) Marking Phase
[14.551s][info][gc,phases      ] GC(162) Marking Phase 449.601ms
[14.551s][info][gc,phases,start] GC(162) Summary Phase
[14.551s][info][gc,phases      ] GC(162) Summary Phase 0.050ms
[14.551s][info][gc,phases,start] GC(162) Adjust Roots
[14.551s][info][gc,phases      ] GC(162) Adjust Roots 0.239ms
[14.551s][info][gc,phases,start] GC(162) Compaction Phase
[14.727s][info][gc,phases      ] GC(162) Compaction Phase 175.723ms
[14.727s][info][gc,phases,start] GC(162) Post Compact
[14.731s][info][gc,phases      ] GC(162) Post Compact 3.632ms
[14.732s][info][gc,heap        ] GC(162) PSYoungGen: 31392K(62976K)->5144K(62976K) Eden: 0K(31232K)->0K(31232K) From: 31392K(31744K)->5144K(31744K)
[14.732s][info][gc,heap        ] GC(162) ParOldGen: 1876670K(1901056K)->1900669K(2079232K)
[14.732s][info][gc,metaspace   ] GC(162) Metaspace: 6302K(6464K)->6302K(6464K) NonClass: 5768K(5824K)->5768K(5824K) Class: 533K(640K)->533K(640K)
[14.732s][info][gc             ] GC(162) Pause Full (Ergonomics) 1863M->1861M(2092M) 630.396ms
[14.732s][info][gc,cpu         ] GC(162) User=4.25s Sys=0.02s Real=0.63s
[14.768s][info][gc,start       ] GC(163) Pause Young (Allocation Failure)
[14.869s][info][gc,heap        ] GC(163) PSYoungGen: 36376K(62976K)->31392K(105472K) Eden: 31232K(31232K)->0K(34304K) From: 5144K(31744K)->31392K(71168K)
[14.870s][info][gc,heap        ] GC(163) ParOldGen: 1900669K(2079232K)->1905917K(2079232K)
[14.870s][info][gc,metaspace   ] GC(163) Metaspace: 6302K(6464K)->6302K(6464K) NonClass: 5768K(5824K)->5768K(5824K) Class: 533K(640K)->533K(640K)
[14.870s][info][gc             ] GC(163) Pause Young (Allocation Failure) 1891M->1891M(2133M) 101.979ms
[14.870s][info][gc,cpu         ] GC(163) User=0.66s Sys=0.00s Real=0.10s
[14.912s][info][gc,start       ] GC(164) Pause Young (Allocation Failure)
[14.950s][info][gc,heap        ] GC(164) PSYoungGen: 65696K(105472K)->65760K(110080K) Eden: 34304K(34304K)->0K(34304K) From: 31392K(71168K)->65760K(75776K)
[14.950s][info][gc,heap        ] GC(164) ParOldGen: 1905917K(2079232K)->1905917K(2079232K)
[14.950s][info][gc,metaspace   ] GC(164) Metaspace: 6302K(6464K)->6302K(6464K) NonClass: 5768K(5824K)->5768K(5824K) Class: 533K(640K)->533K(640K)
[14.950s][info][gc             ] GC(164) Pause Young (Allocation Failure) 1925M->1925M(2138M) 38.338ms
[14.950s][info][gc,cpu         ] GC(164) User=0.19s Sys=0.00s Real=0.04s
[14.991s][info][gc,start       ] GC(165) Pause Young (Allocation Failure)
[15.044s][info][gc,heap        ] GC(165) PSYoungGen: 100064K(110080K)->83456K(101888K) Eden: 34304K(34304K)->0K(18432K) From: 65760K(75776K)->83456K(83456K)
[15.044s][info][gc,heap        ] GC(165) ParOldGen: 1905917K(2079232K)->1922621K(2079232K)
[15.044s][info][gc,metaspace   ] GC(165) Metaspace: 6302K(6464K)->6302K(6464K) NonClass: 5768K(5824K)->5768K(5824K) Class: 533K(640K)->533K(640K)
[15.044s][info][gc             ] GC(165) Pause Young (Allocation Failure) 1958M->1959M(2130M) 53.659ms
[15.044s][info][gc,cpu         ] GC(165) User=0.36s Sys=0.03s Real=0.05s
[15.068s][info][gc,start       ] GC(166) Pause Young (Allocation Failure)
[15.123s][info][gc,heap        ] GC(166) PSYoungGen: 101888K(101888K)->48288K(67072K) Eden: 18432K(18432K)->0K(18432K) From: 83456K(83456K)->48288K(48640K)
[15.123s][info][gc,heap        ] GC(166) ParOldGen: 1922621K(2079232K)->1976989K(2079232K)
[15.123s][info][gc,metaspace   ] GC(166) Metaspace: 6302K(6464K)->6302K(6464K) NonClass: 5768K(5824K)->5768K(5824K) Class: 533K(640K)->533K(640K)
[15.123s][info][gc             ] GC(166) Pause Young (Allocation Failure) 1977M->1977M(2096M) 54.754ms
[15.123s][info][gc,cpu         ] GC(166) User=0.47s Sys=0.03s Real=0.06s
[15.146s][info][gc,start       ] GC(167) Pause Young (Allocation Failure)
[15.189s][info][gc,heap        ] GC(167) PSYoungGen: 66720K(67072K)->36960K(110592K) Eden: 18432K(18432K)->0K(20992K) From: 48288K(48640K)->36960K(89600K)
[15.189s][info][gc,heap        ] GC(167) ParOldGen: 1976989K(2079232K)->2007141K(2079232K)
[15.189s][info][gc,metaspace   ] GC(167) Metaspace: 6302K(6464K)->6302K(6464K) NonClass: 5768K(5824K)->5768K(5824K) Class: 533K(640K)->533K(640K)
[15.189s][info][gc             ] GC(167) Pause Young (Allocation Failure) 1995M->1996M(2138M) 42.416ms
[15.189s][info][gc,cpu         ] GC(167) User=0.23s Sys=0.00s Real=0.04s
[15.212s][info][gc,start       ] GC(168) Pause Young (Allocation Failure)
[15.250s][info][gc,heap        ] GC(168) PSYoungGen: 57952K(110592K)->39552K(60928K) Eden: 20992K(20992K)->0K(20992K) From: 36960K(89600K)->39552K(39936K)
[15.250s][info][gc,heap        ] GC(168) ParOldGen: 2007141K(2079232K)->2025837K(2079232K)
[15.250s][info][gc,metaspace   ] GC(168) Metaspace: 6302K(6464K)->6302K(6464K) NonClass: 5768K(5824K)->5768K(5824K) Class: 533K(640K)->533K(640K)
[15.250s][info][gc             ] GC(168) Pause Young (Allocation Failure) 2016M->2016M(2090M) 38.273ms
[15.250s][info][gc,cpu         ] GC(168) User=0.16s Sys=0.00s Real=0.04s
[15.272s][info][gc,start       ] GC(169) Pause Young (Allocation Failure)
[15.311s][info][gc,heap        ] GC(169) PSYoungGen: 60544K(60928K)->42144K(104448K) Eden: 20992K(20992K)->0K(24064K) From: 39552K(39936K)->42144K(80384K)
[15.311s][info][gc,heap        ] GC(169) ParOldGen: 2025837K(2079232K)->2044533K(2079232K)
[15.311s][info][gc,metaspace   ] GC(169) Metaspace: 6302K(6464K)->6302K(6464K) NonClass: 5768K(5824K)->5768K(5824K) Class: 533K(640K)->533K(640K)
[15.311s][info][gc             ] GC(169) Pause Young (Allocation Failure) 2037M->2037M(2132M) 39.516ms
[15.311s][info][gc,cpu         ] GC(169) User=0.17s Sys=0.00s Real=0.04s
[15.311s][info][gc,start       ] GC(170) Pause Full (Ergonomics)
[15.311s][info][gc,phases,start] GC(170) Marking Phase
[15.800s][info][gc,phases      ] GC(170) Marking Phase 488.038ms
[15.800s][info][gc,phases,start] GC(170) Summary Phase
[15.800s][info][gc,phases      ] GC(170) Summary Phase 0.083ms
[15.800s][info][gc,phases,start] GC(170) Adjust Roots
[15.800s][info][gc,phases      ] GC(170) Adjust Roots 0.327ms
[15.800s][info][gc,phases,start] GC(170) Compaction Phase
[15.984s][info][gc,phases      ] GC(170) Compaction Phase 183.506ms
[15.984s][info][gc,phases,start] GC(170) Post Compact
[15.988s][info][gc,phases      ] GC(170) Post Compact 3.727ms
[15.988s][info][gc,heap        ] GC(170) PSYoungGen: 42144K(104448K)->5130K(107520K) Eden: 0K(24064K)->0K(27136K) From: 42144K(80384K)->5130K(80384K)
[15.988s][info][gc,heap        ] GC(170) ParOldGen: 2044533K(2079232K)->2079140K(2276864K)
[15.988s][info][gc,metaspace   ] GC(170) Metaspace: 6302K(6464K)->6302K(6464K) NonClass: 5768K(5824K)->5768K(5824K) Class: 533K(640K)->533K(640K)
[15.988s][info][gc             ] GC(170) Pause Full (Ergonomics) 2037M->2035M(2328M) 676.877ms
[15.988s][info][gc,cpu         ] GC(170) User=4.88s Sys=0.00s Real=0.68s
[16.018s][info][gc,start       ] GC(171) Pause Young (Allocation Failure)
[16.138s][info][gc,heap        ] GC(171) PSYoungGen: 32266K(107520K)->27296K(112128K) Eden: 27136K(27136K)->0K(27136K) From: 5130K(80384K)->27296K(84992K)
[16.138s][info][gc,heap        ] GC(171) ParOldGen: 2079140K(2276864K)->2084380K(2276864K)
[16.138s][info][gc,metaspace   ] GC(171) Metaspace: 6302K(6464K)->6302K(6464K) NonClass: 5768K(5824K)->5768K(5824K) Class: 533K(640K)->533K(640K)
[16.138s][info][gc             ] GC(171) Pause Young (Allocation Failure) 2061M->2062M(2333M) 119.805ms
[16.138s][info][gc,cpu         ] GC(171) User=0.64s Sys=0.02s Real=0.12s
[16.170s][info][gc,start       ] GC(172) Pause Young (Allocation Failure)
[16.212s][info][gc,heap        ] GC(172) PSYoungGen: 54432K(112128K)->54464K(112128K) Eden: 27136K(27136K)->0K(29184K) From: 27296K(84992K)->54464K(82944K)
[16.212s][info][gc,heap        ] GC(172) ParOldGen: 2084380K(2276864K)->2084380K(2276864K)
[16.212s][info][gc,metaspace   ] GC(172) Metaspace: 6302K(6464K)->6302K(6464K) NonClass: 5768K(5824K)->5768K(5824K) Class: 533K(640K)->533K(640K)
[16.212s][info][gc             ] GC(172) Pause Young (Allocation Failure) 2088M->2088M(2333M) 42.299ms
[16.212s][info][gc,cpu         ] GC(172) User=0.16s Sys=0.00s Real=0.04s
[16.247s][info][gc,start       ] GC(173) Pause Young (Allocation Failure)
[16.294s][info][gc,heap        ] GC(173) PSYoungGen: 83648K(112128K)->56480K(113152K) Eden: 29184K(29184K)->0K(29184K) From: 54464K(82944K)->56480K(83968K)
[16.294s][info][gc,heap        ] GC(173) ParOldGen: 2084380K(2276864K)->2111860K(2276864K)
[16.294s][info][gc,metaspace   ] GC(173) Metaspace: 6302K(6464K)->6302K(6464K) NonClass: 5768K(5824K)->5768K(5824K) Class: 533K(640K)->533K(640K)
[16.294s][info][gc             ] GC(173) Pause Young (Allocation Failure) 2117M->2117M(2334M) 47.460ms
[16.294s][info][gc,cpu         ] GC(173) User=0.25s Sys=0.00s Real=0.05s
[16.328s][info][gc,start       ] GC(174) Pause Young (Allocation Failure)
[16.375s][info][gc,heap        ] GC(174) PSYoungGen: 85664K(113152K)->58560K(117248K) Eden: 29184K(29184K)->0K(31744K) From: 56480K(83968K)->58560K(85504K)
[16.375s][info][gc,heap        ] GC(174) ParOldGen: 2111860K(2276864K)->2139364K(2276864K)
[16.375s][info][gc,metaspace   ] GC(174) Metaspace: 6302K(6464K)->6302K(6464K) NonClass: 5768K(5824K)->5768K(5824K) Class: 533K(640K)->533K(640K)
[16.375s][info][gc             ] GC(174) Pause Young (Allocation Failure) 2146M->2146M(2338M) 46.798ms
[16.375s][info][gc,cpu         ] GC(174) User=0.25s Sys=0.02s Real=0.05s
[16.416s][info][gc,start       ] GC(175) Pause Young (Allocation Failure)
[16.471s][info][gc,heap        ] GC(175) PSYoungGen: 90304K(117248K)->61088K(118272K) Eden: 31744K(31744K)->0K(31744K) From: 58560K(85504K)->61088K(86528K)
[16.471s][info][gc,heap        ] GC(175) ParOldGen: 2139364K(2276864K)->2168964K(2276864K)
[16.471s][info][gc,metaspace   ] GC(175) Metaspace: 6302K(6464K)->6302K(6464K) NonClass: 5768K(5824K)->5768K(5824K) Class: 533K(640K)->533K(640K)
[16.472s][info][gc             ] GC(175) Pause Young (Allocation Failure) 2177M->2177M(2339M) 55.234ms
[16.472s][info][gc,cpu         ] GC(175) User=0.36s Sys=0.00s Real=0.06s
[16.513s][info][gc,start       ] GC(176) Pause Young (Allocation Failure)
[16.571s][info][gc,heap        ] GC(176) PSYoungGen: 92832K(118272K)->63648K(122368K) Eden: 31744K(31744K)->0K(33792K) From: 61088K(86528K)->63648K(88576K)
[16.572s][info][gc,heap        ] GC(176) ParOldGen: 2168964K(2276864K)->2198572K(2276864K)
[16.572s][info][gc,metaspace   ] GC(176) Metaspace: 6302K(6464K)->6302K(6464K) NonClass: 5768K(5824K)->5768K(5824K) Class: 533K(640K)->533K(640K)
[16.572s][info][gc             ] GC(176) Pause Young (Allocation Failure) 2208M->2209M(2343M) 58.976ms
[16.572s][info][gc,cpu         ] GC(176) User=0.33s Sys=0.00s Real=0.06s
[16.612s][info][gc,start       ] GC(177) Pause Young (Allocation Failure)
[16.676s][info][gc,heap        ] GC(177) PSYoungGen: 97440K(122368K)->65760K(124416K) Eden: 33792K(33792K)->0K(33792K) From: 63648K(88576K)->65760K(90624K)
[16.676s][info][gc,heap        ] GC(177) ParOldGen: 2198572K(2276864K)->2230796K(2276864K)
[16.676s][info][gc,metaspace   ] GC(177) Metaspace: 6302K(6464K)->6302K(6464K) NonClass: 5768K(5824K)->5768K(5824K) Class: 533K(640K)->533K(640K)
[16.676s][info][gc             ] GC(177) Pause Young (Allocation Failure) 2242M->2242M(2345M) 64.517ms
[16.676s][info][gc,cpu         ] GC(177) User=0.23s Sys=0.05s Real=0.06s
[16.676s][info][gc,start       ] GC(178) Pause Full (Ergonomics)
[16.676s][info][gc,phases,start] GC(178) Marking Phase
[17.236s][info][gc,phases      ] GC(178) Marking Phase 559.920ms
[17.236s][info][gc,phases,start] GC(178) Summary Phase
[17.236s][info][gc,phases      ] GC(178) Summary Phase 0.069ms
[17.236s][info][gc,phases,start] GC(178) Adjust Roots
[17.237s][info][gc,phases      ] GC(178) Adjust Roots 0.246ms
[17.237s][info][gc,phases,start] GC(178) Compaction Phase
[17.442s][info][gc,phases      ] GC(178) Compaction Phase 205.051ms
[17.442s][info][gc,phases,start] GC(178) Post Compact
[17.446s][info][gc,phases      ] GC(178) Post Compact 4.348ms
[17.447s][info][gc,heap        ] GC(178) PSYoungGen: 65760K(124416K)->17459K(124416K) Eden: 0K(33792K)->0K(33792K) From: 65760K(90624K)->17459K(90624K)
[17.447s][info][gc,heap        ] GC(178) ParOldGen: 2230796K(2276864K)->2276513K(2493952K)
[17.447s][info][gc,metaspace   ] GC(178) Metaspace: 6302K(6464K)->6302K(6464K) NonClass: 5768K(5824K)->5768K(5824K) Class: 533K(640K)->533K(640K)
[17.447s][info][gc             ] GC(178) Pause Full (Ergonomics) 2242M->2240M(2557M) 770.940ms
[17.447s][info][gc,cpu         ] GC(178) User=5.45s Sys=0.05s Real=0.77s
[17.491s][info][gc,start       ] GC(179) Pause Young (Allocation Failure)
[17.615s][info][gc,heap        ] GC(179) PSYoungGen: 51251K(124416K)->43392K(122880K) Eden: 33792K(33792K)->0K(37376K) From: 17459K(90624K)->43392K(85504K)
[17.615s][info][gc,heap        ] GC(179) ParOldGen: 2276513K(2493952K)->2284697K(2493952K)
[17.615s][info][gc,metaspace   ] GC(179) Metaspace: 6302K(6464K)->6302K(6464K) NonClass: 5768K(5824K)->5768K(5824K) Class: 533K(640K)->533K(640K)
[17.615s][info][gc             ] GC(179) Pause Young (Allocation Failure) 2273M->2273M(2555M) 124.302ms
[17.615s][info][gc,cpu         ] GC(179) User=0.77s Sys=0.00s Real=0.12s
[17.659s][info][gc,start       ] GC(180) Pause Young (Allocation Failure)
[17.707s][info][gc,heap        ] GC(180) PSYoungGen: 80768K(122880K)->80800K(126976K) Eden: 37376K(37376K)->0K(37376K) From: 43392K(85504K)->80800K(89600K)
[17.707s][info][gc,heap        ] GC(180) ParOldGen: 2284697K(2493952K)->2284697K(2493952K)
[17.707s][info][gc,metaspace   ] GC(180) Metaspace: 6302K(6464K)->6302K(6464K) NonClass: 5768K(5824K)->5768K(5824K) Class: 533K(640K)->533K(640K)
[17.707s][info][gc             ] GC(180) Pause Young (Allocation Failure) 2310M->2310M(2559M) 48.203ms
[17.707s][info][gc,cpu         ] GC(180) User=0.23s Sys=0.00s Real=0.05s
[17.751s][info][gc,start       ] GC(181) Pause Young (Allocation Failure)
[17.817s][info][gc,heap        ] GC(181) PSYoungGen: 118176K(126976K)->97280K(118784K) Eden: 37376K(37376K)->0K(21504K) From: 80800K(89600K)->97280K(97280K)
[17.817s][info][gc,heap        ] GC(181) ParOldGen: 2284697K(2493952K)->2305705K(2493952K)
[17.817s][info][gc,metaspace   ] GC(181) Metaspace: 6302K(6464K)->6302K(6464K) NonClass: 5768K(5824K)->5768K(5824K) Class: 533K(640K)->533K(640K)
[17.818s][info][gc             ] GC(181) Pause Young (Allocation Failure) 2346M->2346M(2551M) 66.476ms
[17.818s][info][gc,cpu         ] GC(181) User=0.38s Sys=0.02s Real=0.07s
[17.845s][info][gc,start       ] GC(182) Pause Young (Allocation Failure)
[17.908s][info][gc,heap        ] GC(182) PSYoungGen: 118784K(118784K)->86816K(138752K) Eden: 21504K(21504K)->0K(21504K) From: 97280K(97280K)->86816K(117248K)
[17.909s][info][gc,heap        ] GC(182) ParOldGen: 2305705K(2493952K)->2338105K(2493952K)
[17.909s][info][gc,metaspace   ] GC(182) Metaspace: 6302K(6464K)->6302K(6464K) NonClass: 5768K(5824K)->5768K(5824K) Class: 533K(640K)->533K(640K)
[17.909s][info][gc             ] GC(182) Pause Young (Allocation Failure) 2367M->2368M(2571M) 63.818ms
[17.909s][info][gc,cpu         ] GC(182) User=0.38s Sys=0.00s Real=0.06s
[17.934s][info][gc,start       ] GC(183) Pause Young (Allocation Failure)
[17.997s][info][gc,heap        ] GC(183) PSYoungGen: 108320K(138752K)->74272K(143872K) Eden: 21504K(21504K)->0K(24576K) From: 86816K(117248K)->74272K(119296K)
[17.997s][info][gc,heap        ] GC(183) ParOldGen: 2338105K(2493952K)->2372401K(2493952K)
[17.997s][info][gc,metaspace   ] GC(183) Metaspace: 6302K(6464K)->6302K(6464K) NonClass: 5768K(5824K)->5768K(5824K) Class: 533K(640K)->533K(640K)
[17.997s][info][gc             ] GC(183) Pause Young (Allocation Failure) 2389M->2389M(2576M) 63.096ms
[17.997s][info][gc,cpu         ] GC(183) User=0.33s Sys=0.00s Real=0.06s
[18.027s][info][gc,start       ] GC(184) Pause Young (Allocation Failure)
[18.084s][info][gc,heap        ] GC(184) PSYoungGen: 98848K(143872K)->46240K(144896K) Eden: 24576K(24576K)->0K(24576K) From: 74272K(119296K)->46240K(120320K)
[18.084s][info][gc,heap        ] GC(184) ParOldGen: 2372401K(2493952K)->2425425K(2493952K)
[18.084s][info][gc,metaspace   ] GC(184) Metaspace: 6302K(6464K)->6302K(6464K) NonClass: 5768K(5824K)->5768K(5824K) Class: 533K(640K)->533K(640K)
[18.084s][info][gc             ] GC(184) Pause Young (Allocation Failure) 2413M->2413M(2577M) 56.830ms
[18.084s][info][gc,cpu         ] GC(184) User=0.36s Sys=0.00s Real=0.06s
[18.116s][info][gc,start       ] GC(185) Pause Young (Allocation Failure)
[18.161s][info][gc,heap        ] GC(185) PSYoungGen: 70816K(144896K)->24672K(145408K) Eden: 24576K(24576K)->0K(27648K) From: 46240K(120320K)->24672K(117760K)
[18.161s][info][gc,heap        ] GC(185) ParOldGen: 2425425K(2493952K)->2471889K(2493952K)
[18.161s][info][gc,metaspace   ] GC(185) Metaspace: 6302K(6464K)->6302K(6464K) NonClass: 5768K(5824K)->5768K(5824K) Class: 533K(640K)->533K(640K)
[18.161s][info][gc             ] GC(185) Pause Young (Allocation Failure) 2437M->2438M(2577M) 44.548ms
[18.161s][info][gc,cpu         ] GC(185) User=0.20s Sys=0.05s Real=0.05s
[18.161s][info][gc,start       ] GC(186) Pause Full (Ergonomics)
[18.161s][info][gc,phases,start] GC(186) Marking Phase
[18.869s][info][gc,phases      ] GC(186) Marking Phase 707.885ms
[18.869s][info][gc,phases,start] GC(186) Summary Phase
[18.869s][info][gc,phases      ] GC(186) Summary Phase 0.238ms
[18.869s][info][gc,phases,start] GC(186) Adjust Roots
[18.870s][info][gc,phases      ] GC(186) Adjust Roots 0.535ms
[18.870s][info][gc,phases,start] GC(186) Compaction Phase
[19.127s][info][gc,phases      ] GC(186) Compaction Phase 256.733ms
[19.127s][info][gc,phases,start] GC(186) Post Compact
[19.134s][info][gc,phases      ] GC(186) Post Compact 7.209ms
[19.135s][info][gc,heap        ] GC(186) PSYoungGen: 24672K(145408K)->530K(145408K) Eden: 0K(27648K)->0K(27648K) From: 24672K(117760K)->530K(117760K)
[19.135s][info][gc,heap        ] GC(186) ParOldGen: 2471889K(2493952K)->2493924K(2743808K)
[19.135s][info][gc,metaspace   ] GC(186) Metaspace: 6302K(6464K)->6302K(6464K) NonClass: 5768K(5824K)->5768K(5824K) Class: 533K(640K)->533K(640K)
[19.136s][info][gc             ] GC(186) Pause Full (Ergonomics) 2438M->2435M(2821M) 974.528ms
[19.136s][info][gc,cpu         ] GC(186) User=5.47s Sys=0.02s Real=0.97s
[19.182s][info][gc,start       ] GC(187) Pause Young (Allocation Failure)
[19.327s][info][gc,heap        ] GC(187) PSYoungGen: 28178K(145408K)->27776K(145920K) Eden: 27648K(27648K)->0K(27648K) From: 530K(117760K)->27776K(118272K)
[19.327s][info][gc,heap        ] GC(187) ParOldGen: 2493924K(2743808K)->2494492K(2743808K)
[19.327s][info][gc,metaspace   ] GC(187) Metaspace: 6302K(6464K)->6302K(6464K) NonClass: 5768K(5824K)->5768K(5824K) Class: 533K(640K)->533K(640K)
[19.327s][info][gc             ] GC(187) Pause Young (Allocation Failure) 2462M->2463M(2822M) 144.820ms
[19.327s][info][gc,cpu         ] GC(187) User=0.70s Sys=0.00s Real=0.14s
[19.360s][info][gc,start       ] GC(188) Pause Young (Allocation Failure)
[19.401s][info][gc,heap        ] GC(188) PSYoungGen: 55424K(145920K)->55488K(135680K) Eden: 27648K(27648K)->0K(30720K) From: 27776K(118272K)->55488K(104960K)
[19.401s][info][gc,heap        ] GC(188) ParOldGen: 2494492K(2743808K)->2494492K(2743808K)
[19.401s][info][gc,metaspace   ] GC(188) Metaspace: 6302K(6464K)->6302K(6464K) NonClass: 5768K(5824K)->5768K(5824K) Class: 533K(640K)->533K(640K)
[19.401s][info][gc             ] GC(188) Pause Young (Allocation Failure) 2490M->2490M(2812M) 40.852ms
[19.401s][info][gc,cpu         ] GC(188) User=0.16s Sys=0.00s Real=0.04s
[19.440s][info][gc,start       ] GC(189) Pause Young (Allocation Failure)
[19.493s][info][gc,heap        ] GC(189) PSYoungGen: 86208K(135680K)->58592K(89600K) Eden: 30720K(30720K)->0K(30720K) From: 55488K(104960K)->58592K(58880K)
[19.493s][info][gc,heap        ] GC(189) ParOldGen: 2494492K(2743808K)->2522404K(2743808K)
[19.493s][info][gc,metaspace   ] GC(189) Metaspace: 6302K(6464K)->6302K(6464K) NonClass: 5768K(5824K)->5768K(5824K) Class: 533K(640K)->533K(640K)
[19.493s][info][gc             ] GC(189) Pause Young (Allocation Failure) 2520M->2520M(2767M) 53.353ms
[19.493s][info][gc,cpu         ] GC(189) User=0.17s Sys=0.03s Real=0.05s
[19.534s][info][gc,start       ] GC(190) Pause Young (Allocation Failure)
[19.587s][info][gc,heap        ] GC(190) PSYoungGen: 89312K(89600K)->61632K(136192K) Eden: 30720K(30720K)->0K(34304K) From: 58592K(58880K)->61632K(101888K)
[19.587s][info][gc,heap        ] GC(190) ParOldGen: 2522404K(2743808K)->2550316K(2743808K)
[19.587s][info][gc,metaspace   ] GC(190) Metaspace: 6302K(6464K)->6302K(6464K) NonClass: 5768K(5824K)->5768K(5824K) Class: 533K(640K)->533K(640K)
[19.587s][info][gc             ] GC(190) Pause Young (Allocation Failure) 2550M->2550M(2812M) 53.517ms
[19.587s][info][gc,cpu         ] GC(190) User=0.19s Sys=0.03s Real=0.05s
[19.632s][info][gc,start       ] GC(191) Pause Young (Allocation Failure)
[19.694s][info][gc,heap        ] GC(191) PSYoungGen: 95936K(136192K)->65248K(138752K) Eden: 34304K(34304K)->0K(34304K) From: 61632K(101888K)->65248K(104448K)
[19.694s][info][gc,heap        ] GC(191) ParOldGen: 2550316K(2743808K)->2581324K(2743808K)
[19.694s][info][gc,metaspace   ] GC(191) Metaspace: 6302K(6464K)->6302K(6464K) NonClass: 5768K(5824K)->5768K(5824K) Class: 533K(640K)->533K(640K)
[19.694s][info][gc             ] GC(191) Pause Young (Allocation Failure) 2584M->2584M(2815M) 61.601ms
[19.694s][info][gc,cpu         ] GC(191) User=0.30s Sys=0.03s Real=0.06s
[19.739s][info][gc,start       ] GC(192) Pause Young (Allocation Failure)
[19.800s][info][gc,heap        ] GC(192) PSYoungGen: 99552K(138752K)->68832K(141312K) Eden: 34304K(34304K)->0K(38400K) From: 65248K(104448K)->68832K(102912K)
[19.800s][info][gc,heap        ] GC(192) ParOldGen: 2581324K(2743808K)->2612324K(2743808K)
[19.800s][info][gc,metaspace   ] GC(192) Metaspace: 6302K(6464K)->6302K(6464K) NonClass: 5768K(5824K)->5768K(5824K) Class: 533K(640K)->533K(640K)
[19.800s][info][gc             ] GC(192) Pause Young (Allocation Failure) 2618M->2618M(2817M) 60.713ms
[19.800s][info][gc,cpu         ] GC(192) User=0.44s Sys=0.02s Real=0.06s
[19.851s][info][gc,start       ] GC(193) Pause Young (Allocation Failure)
[19.913s][info][gc,heap        ] GC(193) PSYoungGen: 107232K(141312K)->72928K(141312K) Eden: 38400K(38400K)->0K(38400K) From: 68832K(102912K)->72928K(102912K)
[19.913s][info][gc,heap        ] GC(193) ParOldGen: 2612324K(2743808K)->2646932K(2743808K)
[19.913s][info][gc,metaspace   ] GC(193) Metaspace: 6302K(6464K)->6302K(6464K) NonClass: 5768K(5824K)->5768K(5824K) Class: 533K(640K)->533K(640K)
[19.914s][info][gc             ] GC(193) Pause Young (Allocation Failure) 2655M->2656M(2817M) 62.562ms
[19.914s][info][gc,cpu         ] GC(193) User=0.36s Sys=0.03s Real=0.06s
[19.958s][info][gc,start       ] GC(194) Pause Young (Allocation Failure)
[20.022s][info][gc,heap        ] GC(194) PSYoungGen: 111328K(141312K)->76992K(144896K) Eden: 38400K(38400K)->0K(40960K) From: 72928K(102912K)->76992K(103936K)
[20.022s][info][gc,heap        ] GC(194) ParOldGen: 2646932K(2743808K)->2681548K(2743808K)
[20.022s][info][gc,metaspace   ] GC(194) Metaspace: 6302K(6464K)->6302K(6464K) NonClass: 5768K(5824K)->5768K(5824K) Class: 533K(640K)->533K(640K)
[20.022s][info][gc             ] GC(194) Pause Young (Allocation Failure) 2693M->2693M(2821M) 63.994ms
[20.022s][info][gc,cpu         ] GC(194) User=0.48s Sys=0.00s Real=0.06s
[20.070s][info][gc,start       ] GC(195) Pause Young (Allocation Failure)
[20.150s][info][gc,heap        ] GC(195) PSYoungGen: 117952K(144896K)->79584K(146944K) Eden: 40960K(40960K)->0K(40960K) From: 76992K(103936K)->79584K(105984K)
[20.150s][info][gc,heap        ] GC(195) ParOldGen: 2681548K(2743808K)->2720292K(2743808K)
[20.150s][info][gc,metaspace   ] GC(195) Metaspace: 6302K(6464K)->6302K(6464K) NonClass: 5768K(5824K)->5768K(5824K) Class: 533K(640K)->533K(640K)
[20.150s][info][gc             ] GC(195) Pause Young (Allocation Failure) 2733M->2734M(2823M) 80.598ms
[20.150s][info][gc,cpu         ] GC(195) User=0.31s Sys=0.05s Real=0.08s
[20.151s][info][gc,start       ] GC(196) Pause Full (Ergonomics)
[20.151s][info][gc,phases,start] GC(196) Marking Phase
[20.862s][info][gc,phases      ] GC(196) Marking Phase 711.262ms
[20.862s][info][gc,phases,start] GC(196) Summary Phase
[20.862s][info][gc,phases      ] GC(196) Summary Phase 0.050ms
[20.862s][info][gc,phases,start] GC(196) Adjust Roots
[20.862s][info][gc,phases      ] GC(196) Adjust Roots 0.170ms
[20.862s][info][gc,phases,start] GC(196) Compaction Phase
[21.087s][info][gc,phases      ] GC(196) Compaction Phase 224.587ms
[21.087s][info][gc,phases,start] GC(196) Post Compact
[21.091s][info][gc,phases      ] GC(196) Post Compact 4.610ms
[21.092s][info][gc,heap        ] GC(196) PSYoungGen: 79584K(146944K)->53743K(146944K) Eden: 0K(40960K)->0K(40960K) From: 79584K(105984K)->53743K(105984K)
[21.092s][info][gc,heap        ] GC(196) ParOldGen: 2720292K(2743808K)->2743541K(3009536K)
[21.092s][info][gc,metaspace   ] GC(196) Metaspace: 6302K(6464K)->6302K(6464K) NonClass: 5768K(5824K)->5768K(5824K) Class: 533K(640K)->533K(640K)
[21.092s][info][gc             ] GC(196) Pause Full (Ergonomics) 2734M->2731M(3082M) 941.913ms
[21.092s][info][gc,cpu         ] GC(196) User=7.16s Sys=0.09s Real=0.94s
[21.146s][info][gc,start       ] GC(197) Pause Young (Allocation Failure)
[21.317s][info][gc,heap        ] GC(197) PSYoungGen: 94703K(146944K)->68352K(147456K) Eden: 40960K(40960K)->0K(45056K) From: 53743K(105984K)->68352K(102400K)
[21.317s][info][gc,heap        ] GC(197) ParOldGen: 2743541K(3009536K)->2770405K(3009536K)
[21.317s][info][gc,metaspace   ] GC(197) Metaspace: 6302K(6464K)->6302K(6464K) NonClass: 5768K(5824K)->5768K(5824K) Class: 533K(640K)->533K(640K)
[21.317s][info][gc             ] GC(197) Pause Young (Allocation Failure) 2771M->2772M(3083M) 171.573ms
[21.317s][info][gc,cpu         ] GC(197) User=1.14s Sys=0.02s Real=0.17s
[21.906s][info][gc,start       ] GC(198) Pause Young (Allocation Failure)
[22.040s][info][gc,heap        ] GC(198) PSYoungGen: 113408K(147456K)->105984K(151040K) Eden: 45056K(45056K)->0K(45056K) From: 68352K(102400K)->105984K(105984K)
[22.040s][info][gc,heap        ] GC(198) ParOldGen: 2901477K(3009536K)->2908925K(3009536K)
[22.040s][info][gc,metaspace   ] GC(198) Metaspace: 6302K(6464K)->6302K(6464K) NonClass: 5768K(5824K)->5768K(5824K) Class: 533K(640K)->533K(640K)
[22.040s][info][gc             ] GC(198) Pause Young (Allocation Failure) 2944M->2944M(3086M) 134.232ms
[22.040s][info][gc,cpu         ] GC(198) User=0.73s Sys=0.02s Real=0.13s
[22.096s][info][gc,start       ] GC(199) Pause Young (Allocation Failure)
[22.178s][info][gc,heap        ] GC(199) PSYoungGen: 151040K(151040K)->88576K(166400K) Eden: 45056K(45056K)->0K(46592K) From: 105984K(105984K)->88576K(119808K)
[22.178s][info][gc,heap        ] GC(199) ParOldGen: 2908925K(3009536K)->2972029K(3009536K)
[22.178s][info][gc,metaspace   ] GC(199) Metaspace: 6302K(6464K)->6302K(6464K) NonClass: 5768K(5824K)->5768K(5824K) Class: 533K(640K)->533K(640K)
[22.178s][info][gc             ] GC(199) Pause Young (Allocation Failure) 2988M->2988M(3101M) 82.039ms
[22.178s][info][gc,cpu         ] GC(199) User=0.56s Sys=0.00s Real=0.08s
[22.178s][info][gc,start       ] GC(200) Pause Full (Ergonomics)
[22.178s][info][gc,phases,start] GC(200) Marking Phase
[22.849s][info][gc,phases      ] GC(200) Marking Phase 671.348ms
[22.849s][info][gc,phases,start] GC(200) Summary Phase
[22.849s][info][gc,phases      ] GC(200) Summary Phase 0.190ms
[22.849s][info][gc,phases,start] GC(200) Adjust Roots
[22.850s][info][gc,phases      ] GC(200) Adjust Roots 0.212ms
[22.850s][info][gc,phases,start] GC(200) Compaction Phase
[23.333s][info][gc,phases      ] GC(200) Compaction Phase 483.101ms
[23.333s][info][gc,phases,start] GC(200) Post Compact
[23.339s][info][gc,phases      ] GC(200) Post Compact 6.176ms
[23.340s][info][gc,heap        ] GC(200) PSYoungGen: 88576K(166400K)->0K(168960K) Eden: 0K(46592K)->0K(46592K) From: 88576K(119808K)->0K(122368K)
[23.340s][info][gc,heap        ] GC(200) ParOldGen: 2972029K(3009536K)->2993793K(3290624K)
[23.340s][info][gc,metaspace   ] GC(200) Metaspace: 6302K(6464K)->6302K(6464K) NonClass: 5768K(5824K)->5768K(5824K) Class: 533K(640K)->533K(640K)
[23.340s][info][gc             ] GC(200) Pause Full (Ergonomics) 2988M->2923M(3378M) 1162.292ms
[23.340s][info][gc,cpu         ] GC(200) User=7.86s Sys=0.08s Real=1.16s
[23.387s][info][gc,start       ] GC(201) Pause Young (Allocation Failure)
[23.436s][info][gc,heap        ] GC(201) PSYoungGen: 46592K(168960K)->46816K(170496K) Eden: 46592K(46592K)->0K(50688K) From: 0K(122368K)->46816K(119808K)
[23.436s][info][gc,heap        ] GC(201) ParOldGen: 2993793K(3290624K)->2993793K(3290624K)
[23.436s][info][gc,metaspace   ] GC(201) Metaspace: 6302K(6464K)->6302K(6464K) NonClass: 5768K(5824K)->5768K(5824K) Class: 533K(640K)->533K(640K)
[23.436s][info][gc             ] GC(201) Pause Young (Allocation Failure) 2969M->2969M(3380M) 49.492ms
[23.436s][info][gc,cpu         ] GC(201) User=0.08s Sys=0.00s Real=0.05s
[23.487s][info][gc,start       ] GC(202) Pause Young (Allocation Failure)
[23.555s][info][gc,heap        ] GC(202) PSYoungGen: 97504K(170496K)->97600K(172032K) Eden: 50688K(50688K)->0K(50688K) From: 46816K(119808K)->97600K(121344K)
[23.555s][info][gc,heap        ] GC(202) ParOldGen: 2993793K(3290624K)->2993793K(3290624K)
[23.555s][info][gc,metaspace   ] GC(202) Metaspace: 6302K(6464K)->6302K(6464K) NonClass: 5768K(5824K)->5768K(5824K) Class: 533K(640K)->533K(640K)
[23.555s][info][gc             ] GC(202) Pause Young (Allocation Failure) 3018M->3018M(3381M) 68.241ms
[23.555s][info][gc,cpu         ] GC(202) User=0.17s Sys=0.00s Real=0.07s
[23.608s][info][gc,start       ] GC(203) Pause Young (Allocation Failure)
[23.694s][info][gc,heap        ] GC(203) PSYoungGen: 148288K(172032K)->126976K(159232K) Eden: 50688K(50688K)->0K(32256K) From: 97600K(121344K)->126976K(126976K)
[23.694s][info][gc,heap        ] GC(203) ParOldGen: 2993793K(3290624K)->3015177K(3290624K)
[23.694s][info][gc,metaspace   ] GC(203) Metaspace: 6302K(6464K)->6302K(6464K) NonClass: 5768K(5824K)->5768K(5824K) Class: 533K(640K)->533K(640K)
[23.694s][info][gc             ] GC(203) Pause Young (Allocation Failure) 3068M->3068M(3369M) 85.799ms
[23.694s][info][gc,cpu         ] GC(203) User=0.28s Sys=0.08s Real=0.09s
[23.728s][info][gc,start       ] GC(204) Pause Young (Allocation Failure)
[23.806s][info][gc,heap        ] GC(204) PSYoungGen: 159232K(159232K)->150016K(182272K) Eden: 32256K(32256K)->0K(32256K) From: 126976K(126976K)->150016K(150016K)
[23.806s][info][gc,heap        ] GC(204) ParOldGen: 3015177K(3290624K)->3024561K(3290624K)
[23.806s][info][gc,metaspace   ] GC(204) Metaspace: 6302K(6464K)->6302K(6464K) NonClass: 5768K(5824K)->5768K(5824K) Class: 533K(640K)->533K(640K)
[23.807s][info][gc             ] GC(204) Pause Young (Allocation Failure) 3100M->3100M(3391M) 78.601ms
[23.807s][info][gc,cpu         ] GC(204) User=0.47s Sys=0.00s Real=0.08s
[23.843s][info][gc,start       ] GC(205) Pause Young (Allocation Failure)
[23.943s][info][gc,heap        ] GC(205) PSYoungGen: 182272K(182272K)->108576K(208384K) Eden: 32256K(32256K)->0K(36352K) From: 150016K(150016K)->108576K(172032K)
[23.943s][info][gc,heap        ] GC(205) ParOldGen: 3024561K(3290624K)->3098993K(3290624K)
[23.943s][info][gc,metaspace   ] GC(205) Metaspace: 6302K(6464K)->6302K(6464K) NonClass: 5768K(5824K)->5768K(5824K) Class: 533K(640K)->533K(640K)
[23.943s][info][gc             ] GC(205) Pause Young (Allocation Failure) 3131M->3132M(3417M) 99.967ms
[23.943s][info][gc,cpu         ] GC(205) User=0.47s Sys=0.00s Real=0.10s
[23.983s][info][gc,start       ] GC(206) Pause Young (Allocation Failure)
[24.065s][info][gc,heap        ] GC(206) PSYoungGen: 144928K(208384K)->94880K(131584K) Eden: 36352K(36352K)->0K(36352K) From: 108576K(172032K)->94880K(95232K)
[24.065s][info][gc,heap        ] GC(206) ParOldGen: 3098993K(3290624K)->3149433K(3290624K)
[24.065s][info][gc,metaspace   ] GC(206) Metaspace: 6302K(6464K)->6302K(6464K) NonClass: 5768K(5824K)->5768K(5824K) Class: 533K(640K)->533K(640K)
[24.066s][info][gc             ] GC(206) Pause Young (Allocation Failure) 3167M->3168M(3342M) 82.469ms
[24.066s][info][gc,cpu         ] GC(206) User=0.41s Sys=0.05s Real=0.08s
[24.105s][info][gc,start       ] GC(207) Pause Young (Allocation Failure)
[24.197s][info][gc,heap        ] GC(207) PSYoungGen: 131232K(131584K)->72928K(198656K) Eden: 36352K(36352K)->0K(41472K) From: 94880K(95232K)->72928K(157184K)
[24.197s][info][gc,heap        ] GC(207) ParOldGen: 3149433K(3290624K)->3208201K(3290624K)
[24.197s][info][gc,metaspace   ] GC(207) Metaspace: 6302K(6464K)->6302K(6464K) NonClass: 5768K(5824K)->5768K(5824K) Class: 533K(640K)->533K(640K)
[24.197s][info][gc             ] GC(207) Pause Young (Allocation Failure) 3203M->3204M(3407M) 92.249ms
[24.197s][info][gc,cpu         ] GC(207) User=0.31s Sys=0.02s Real=0.09s
[24.197s][info][gc,start       ] GC(208) Pause Full (Ergonomics)
[24.197s][info][gc,phases,start] GC(208) Marking Phase
[25.047s][info][gc,phases      ] GC(208) Marking Phase 849.577ms
[25.047s][info][gc,phases,start] GC(208) Summary Phase
[25.047s][info][gc,phases      ] GC(208) Summary Phase 0.117ms
[25.047s][info][gc,phases,start] GC(208) Adjust Roots
[25.048s][info][gc,phases      ] GC(208) Adjust Roots 0.443ms
[25.048s][info][gc,phases,start] GC(208) Compaction Phase
[25.355s][info][gc,phases      ] GC(208) Compaction Phase 306.998ms
[25.355s][info][gc,phases,start] GC(208) Post Compact
[25.361s][info][gc,phases      ] GC(208) Post Compact 6.380ms
[25.362s][info][gc,heap        ] GC(208) PSYoungGen: 72928K(198656K)->0K(202752K) Eden: 0K(41472K)->0K(41472K) From: 72928K(157184K)->0K(161280K)
[25.363s][info][gc,heap        ] GC(208) ParOldGen: 3208201K(3290624K)->3278772K(3616256K)
[25.363s][info][gc,metaspace   ] GC(208) Metaspace: 6302K(6464K)->6302K(6464K) NonClass: 5768K(5824K)->5768K(5824K) Class: 533K(640K)->533K(640K)
[25.363s][info][gc             ] GC(208) Pause Full (Ergonomics) 3204M->3201M(3729M) 1165.292ms
[25.363s][info][gc,cpu         ] GC(208) User=7.38s Sys=0.09s Real=1.16s
[25.407s][info][gc,start       ] GC(209) Pause Young (Allocation Failure)
[25.455s][info][gc,heap        ] GC(209) PSYoungGen: 41472K(202752K)->41632K(207360K) Eden: 41472K(41472K)->0K(46080K) From: 0K(161280K)->41632K(161280K)
[25.455s][info][gc,heap        ] GC(209) ParOldGen: 3278772K(3616256K)->3278772K(3616256K)
[25.455s][info][gc,metaspace   ] GC(209) Metaspace: 6302K(6464K)->6302K(6464K) NonClass: 5768K(5824K)->5768K(5824K) Class: 533K(640K)->533K(640K)
[25.455s][info][gc             ] GC(209) Pause Young (Allocation Failure) 3242M->3242M(3734M) 47.942ms
[25.455s][info][gc,cpu         ] GC(209) User=0.05s Sys=0.00s Real=0.05s
[25.505s][info][gc,start       ] GC(210) Pause Young (Allocation Failure)
[25.565s][info][gc,heap        ] GC(210) PSYoungGen: 87712K(207360K)->87808K(134144K) Eden: 46080K(46080K)->0K(46080K) From: 41632K(161280K)->87808K(88064K)
[25.565s][info][gc,heap        ] GC(210) ParOldGen: 3278772K(3616256K)->3278772K(3616256K)
[25.565s][info][gc,metaspace   ] GC(210) Metaspace: 6302K(6464K)->6302K(6464K) NonClass: 5768K(5824K)->5768K(5824K) Class: 533K(640K)->533K(640K)
[25.565s][info][gc             ] GC(210) Pause Young (Allocation Failure) 3287M->3287M(3662M) 60.363ms
[25.565s][info][gc,cpu         ] GC(210) User=0.19s Sys=0.00s Real=0.06s
[25.618s][info][gc,start       ] GC(211) Pause Young (Allocation Failure)
[25.700s][info][gc,heap        ] GC(211) PSYoungGen: 133888K(134144K)->92416K(199168K) Eden: 46080K(46080K)->0K(51200K) From: 87808K(88064K)->92416K(147968K)
[25.700s][info][gc,heap        ] GC(211) ParOldGen: 3278772K(3616256K)->3320620K(3616256K)
[25.700s][info][gc,metaspace   ] GC(211) Metaspace: 6302K(6464K)->6302K(6464K) NonClass: 5768K(5824K)->5768K(5824K) Class: 533K(640K)->533K(640K)
[25.700s][info][gc             ] GC(211) Pause Young (Allocation Failure) 3332M->3333M(3726M) 82.458ms
[25.700s][info][gc,cpu         ] GC(211) User=0.22s Sys=0.02s Real=0.08s
[25.757s][info][gc,start       ] GC(212) Pause Young (Allocation Failure)
[25.845s][info][gc,heap        ] GC(212) PSYoungGen: 143616K(199168K)->97536K(202752K) Eden: 51200K(51200K)->0K(51200K) From: 92416K(147968K)->97536K(151552K)
[25.845s][info][gc,heap        ] GC(212) ParOldGen: 3320620K(3616256K)->3367124K(3616256K)
[25.845s][info][gc,metaspace   ] GC(212) Metaspace: 6302K(6464K)->6302K(6464K) NonClass: 5768K(5824K)->5768K(5824K) Class: 533K(640K)->533K(640K)
[25.845s][info][gc             ] GC(212) Pause Young (Allocation Failure) 3383M->3383M(3729M) 88.158ms
[25.845s][info][gc,cpu         ] GC(212) User=0.20s Sys=0.03s Real=0.09s
[25.895s][info][gc,start       ] GC(213) Pause Young (Allocation Failure)
[25.978s][info][gc,heap        ] GC(213) PSYoungGen: 148736K(202752K)->102656K(206336K) Eden: 51200K(51200K)->0K(56832K) From: 97536K(151552K)->102656K(149504K)
[25.978s][info][gc,heap        ] GC(213) ParOldGen: 3367124K(3616256K)->3413620K(3616256K)
[25.978s][info][gc,metaspace   ] GC(213) Metaspace: 6302K(6464K)->6302K(6464K) NonClass: 5768K(5824K)->5768K(5824K) Class: 533K(640K)->533K(640K)
[25.978s][info][gc             ] GC(213) Pause Young (Allocation Failure) 3433M->3433M(3733M) 82.919ms
[25.978s][info][gc,cpu         ] GC(213) User=0.31s Sys=0.03s Real=0.08s
[26.036s][info][gc,start       ] GC(214) Pause Young (Allocation Failure)
[26.120s][info][gc,heap        ] GC(214) PSYoungGen: 159488K(206336K)->108352K(206336K) Eden: 56832K(56832K)->0K(56832K) From: 102656K(149504K)->108352K(149504K)
[26.120s][info][gc,heap        ] GC(214) ParOldGen: 3413620K(3616256K)->3465276K(3616256K)
[26.120s][info][gc,metaspace   ] GC(214) Metaspace: 6302K(6464K)->6302K(6464K) NonClass: 5768K(5824K)->5768K(5824K) Class: 533K(640K)->533K(640K)
[26.120s][info][gc             ] GC(214) Pause Young (Allocation Failure) 3489M->3489M(3733M) 84.243ms
[26.120s][info][gc,cpu         ] GC(214) User=0.59s Sys=0.03s Real=0.08s
[26.185s][info][gc,start       ] GC(215) Pause Young (Allocation Failure)
[26.269s][info][gc,heap        ] GC(215) PSYoungGen: 165184K(206336K)->113952K(211968K) Eden: 56832K(56832K)->0K(60928K) From: 108352K(149504K)->113952K(151040K)
[26.269s][info][gc,heap        ] GC(215) ParOldGen: 3465276K(3616256K)->3516948K(3616256K)
[26.269s][info][gc,metaspace   ] GC(215) Metaspace: 6302K(6464K)->6302K(6464K) NonClass: 5768K(5824K)->5768K(5824K) Class: 533K(640K)->533K(640K)
[26.269s][info][gc             ] GC(215) Pause Young (Allocation Failure) 3545M->3545M(3738M) 84.666ms
[26.269s][info][gc,cpu         ] GC(215) User=0.55s Sys=0.06s Real=0.08s
[26.336s][info][gc,start       ] GC(216) Pause Young (Allocation Failure)
[26.434s][info][gc,heap        ] GC(216) PSYoungGen: 174880K(211968K)->118048K(215040K) Eden: 60928K(60928K)->0K(60928K) From: 113952K(151040K)->118048K(154112K)
[26.434s][info][gc,heap        ] GC(216) ParOldGen: 3516948K(3616256K)->3574292K(3616256K)
[26.434s][info][gc,metaspace   ] GC(216) Metaspace: 6302K(6464K)->6302K(6464K) NonClass: 5768K(5824K)->5768K(5824K) Class: 533K(640K)->533K(640K)
[26.434s][info][gc             ] GC(216) Pause Young (Allocation Failure) 3605M->3605M(3741M) 97.754ms
[26.434s][info][gc,cpu         ] GC(216) User=0.55s Sys=0.08s Real=0.10s
[26.434s][info][gc,start       ] GC(217) Pause Full (Ergonomics)
[26.434s][info][gc,phases,start] GC(217) Marking Phase
[27.330s][info][gc,phases      ] GC(217) Marking Phase 895.749ms
[27.330s][info][gc,phases,start] GC(217) Summary Phase
[27.330s][info][gc,phases      ] GC(217) Summary Phase 0.073ms
[27.330s][info][gc,phases,start] GC(217) Adjust Roots
[27.331s][info][gc,phases      ] GC(217) Adjust Roots 0.322ms
[27.331s][info][gc,phases,start] GC(217) Compaction Phase
[28.122s][info][gc,phases      ] GC(217) Compaction Phase 791.590ms
[28.122s][info][gc,phases,start] GC(217) Post Compact
[28.130s][info][gc,phases      ] GC(217) Post Compact 7.480ms
[28.131s][info][gc,heap        ] GC(217) PSYoungGen: 118048K(215040K)->73231K(215040K) Eden: 0K(60928K)->0K(60928K) From: 118048K(154112K)->73231K(154112K)
[28.131s][info][gc,heap        ] GC(217) ParOldGen: 3574292K(3616256K)->3615924K(3987456K)
[28.131s][info][gc,metaspace   ] GC(217) Metaspace: 6302K(6464K)->6302K(6464K) NonClass: 5768K(5824K)->5768K(5824K) Class: 533K(640K)->533K(640K)
[28.131s][info][gc             ] GC(217) Pause Full (Ergonomics) 3605M->3602M(4104M) 1696.891ms
[28.131s][info][gc,cpu         ] GC(217) User=10.30s Sys=0.09s Real=1.70s
[28.193s][info][gc,start       ] GC(218) Pause Young (Allocation Failure)
[28.425s][info][gc,heap        ] GC(218) PSYoungGen: 134159K(215040K)->97408K(212992K) Eden: 60928K(60928K)->0K(67072K) From: 73231K(154112K)->97408K(145920K)
[28.425s][info][gc,heap        ] GC(218) ParOldGen: 3615924K(3987456K)->3653348K(3987456K)
[28.425s][info][gc,metaspace   ] GC(218) Metaspace: 6302K(6464K)->6302K(6464K) NonClass: 5768K(5824K)->5768K(5824K) Class: 533K(640K)->533K(640K)
[28.425s][info][gc             ] GC(218) Pause Young (Allocation Failure) 3662M->3662M(4102M) 231.490ms
[28.425s][info][gc,cpu         ] GC(218) User=1.45s Sys=0.02s Real=0.23s
[28.493s][info][gc,start       ] GC(219) Pause Young (Allocation Failure)
[28.584s][info][gc,heap        ] GC(219) PSYoungGen: 164480K(212992K)->152064K(219136K) Eden: 67072K(67072K)->0K(67072K) From: 97408K(145920K)->152064K(152064K)
[28.584s][info][gc,heap        ] GC(219) ParOldGen: 3653348K(3987456K)->3665908K(3987456K)
[28.584s][info][gc,metaspace   ] GC(219) Metaspace: 6302K(6464K)->6302K(6464K) NonClass: 5768K(5824K)->5768K(5824K) Class: 533K(640K)->533K(640K)
[28.584s][info][gc             ] GC(219) Pause Young (Allocation Failure) 3728M->3728M(4108M) 91.144ms
[28.584s][info][gc,cpu         ] GC(219) User=0.62s Sys=0.00s Real=0.09s
[28.659s][info][gc,start       ] GC(220) Pause Young (Allocation Failure)
[28.789s][info][gc,heap        ] GC(220) PSYoungGen: 219136K(219136K)->128640K(243200K) Eden: 67072K(67072K)->0K(71168K) From: 152064K(152064K)->128640K(172032K)
[28.789s][info][gc,heap        ] GC(220) ParOldGen: 3665908K(3987456K)->3757244K(3987456K)
[28.789s][info][gc,metaspace   ] GC(220) Metaspace: 6302K(6464K)->6302K(6464K) NonClass: 5768K(5824K)->5768K(5824K) Class: 533K(640K)->533K(640K)
[28.789s][info][gc             ] GC(220) Pause Young (Allocation Failure) 3793M->3794M(4131M) 130.210ms
[28.789s][info][gc,cpu         ] GC(220) User=0.83s Sys=0.03s Real=0.13s
[28.866s][info][gc,start       ] GC(221) Pause Young (Allocation Failure)
[28.969s][info][gc,heap        ] GC(221) PSYoungGen: 199808K(243200K)->138624K(246272K) Eden: 71168K(71168K)->0K(71168K) From: 128640K(172032K)->138624K(175104K)
[28.970s][info][gc,heap        ] GC(221) ParOldGen: 3757244K(3987456K)->3819060K(3987456K)
[28.970s][info][gc,metaspace   ] GC(221) Metaspace: 6302K(6464K)->6302K(6464K) NonClass: 5768K(5824K)->5768K(5824K) Class: 533K(640K)->533K(640K)
[28.970s][info][gc             ] GC(221) Pause Young (Allocation Failure) 3864M->3864M(4134M) 103.659ms
[28.970s][info][gc,cpu         ] GC(221) User=0.69s Sys=0.06s Real=0.10s
[29.050s][info][gc,start       ] GC(222) Pause Young (Allocation Failure)
[29.189s][info][gc,heap        ] GC(222) PSYoungGen: 209792K(246272K)->142656K(254464K) Eden: 71168K(71168K)->0K(73728K) From: 138624K(175104K)->142656K(180736K)
[29.189s][info][gc,heap        ] GC(222) ParOldGen: 3819060K(3987456K)->3886740K(3987456K)
[29.189s][info][gc,metaspace   ] GC(222) Metaspace: 6302K(6464K)->6302K(6464K) NonClass: 5768K(5824K)->5768K(5824K) Class: 533K(640K)->533K(640K)
[29.190s][info][gc             ] GC(222) Pause Young (Allocation Failure) 3934M->3934M(4142M) 139.418ms
[29.190s][info][gc,cpu         ] GC(222) User=0.73s Sys=0.05s Real=0.14s
[29.190s][info][gc,start       ] GC(223) Pause Full (Ergonomics)
[29.190s][info][gc,phases,start] GC(223) Marking Phase
[30.164s][info][gc,phases      ] GC(223) Marking Phase 974.332ms
[30.164s][info][gc,phases,start] GC(223) Summary Phase
[30.164s][info][gc,phases      ] GC(223) Summary Phase 0.125ms
[30.164s][info][gc,phases,start] GC(223) Adjust Roots
[30.165s][info][gc,phases      ] GC(223) Adjust Roots 0.411ms
[30.165s][info][gc,phases,start] GC(223) Compaction Phase
[30.537s][info][gc,phases      ] GC(223) Compaction Phase 372.257ms
[30.537s][info][gc,phases,start] GC(223) Post Compact
[30.545s][info][gc,phases      ] GC(223) Post Compact 8.349ms
[30.547s][info][gc,heap        ] GC(223) PSYoungGen: 142656K(254464K)->39045K(254464K) Eden: 0K(73728K)->0K(73728K) From: 142656K(180736K)->39045K(180736K)
[30.547s][info][gc,heap        ] GC(223) ParOldGen: 3886740K(3987456K)->3987357K(4406784K)
[30.547s][info][gc,metaspace   ] GC(223) Metaspace: 6302K(6464K)->6302K(6464K) NonClass: 5768K(5824K)->5768K(5824K) Class: 533K(640K)->533K(640K)
[30.547s][info][gc             ] GC(223) Pause Full (Ergonomics) 3934M->3932M(4552M) 1357.291ms
[30.547s][info][gc,cpu         ] GC(223) User=9.34s Sys=0.09s Real=1.36s
[30.633s][info][gc,start       ] GC(224) Pause Young (Allocation Failure)
[30.871s][info][gc,heap        ] GC(224) PSYoungGen: 112773K(254464K)->92544K(260096K) Eden: 73728K(73728K)->0K(73728K) From: 39045K(180736K)->92544K(186368K)
[30.871s][info][gc,heap        ] GC(224) ParOldGen: 3987357K(4406784K)->4008085K(4406784K)
[30.871s][info][gc,metaspace   ] GC(224) Metaspace: 6302K(6464K)->6302K(6464K) NonClass: 5768K(5824K)->5768K(5824K) Class: 533K(640K)->533K(640K)
[30.871s][info][gc             ] GC(224) Pause Young (Allocation Failure) 4004M->4004M(4557M) 237.369ms
[30.871s][info][gc,cpu         ] GC(224) User=1.52s Sys=0.00s Real=0.24s
[30.953s][info][gc,start       ] GC(225) Pause Young (Allocation Failure)
[31.049s][info][gc,heap        ] GC(225) PSYoungGen: 166272K(260096K)->166432K(248832K) Eden: 73728K(73728K)->0K(67072K) From: 92544K(186368K)->166432K(181760K)
[31.049s][info][gc,heap        ] GC(225) ParOldGen: 4008085K(4406784K)->4008085K(4406784K)
[31.049s][info][gc,metaspace   ] GC(225) Metaspace: 6302K(6464K)->6302K(6464K) NonClass: 5768K(5824K)->5768K(5824K) Class: 533K(640K)->533K(640K)
[31.049s][info][gc             ] GC(225) Pause Young (Allocation Failure) 4076M->4076M(4546M) 95.527ms
[31.049s][info][gc,cpu         ] GC(225) User=0.61s Sys=0.02s Real=0.10s
[31.121s][info][gc,start       ] GC(226) Pause Young (Allocation Failure)
[31.237s][info][gc,heap        ] GC(226) PSYoungGen: 233504K(248832K)->195584K(262656K) Eden: 67072K(67072K)->0K(67072K) From: 166432K(181760K)->195584K(195584K)
[31.237s][info][gc,heap        ] GC(226) ParOldGen: 4008085K(4406784K)->4046301K(4406784K)
[31.237s][info][gc,metaspace   ] GC(226) Metaspace: 6302K(6464K)->6302K(6464K) NonClass: 5768K(5824K)->5768K(5824K) Class: 533K(640K)->533K(640K)
[31.237s][info][gc             ] GC(226) Pause Young (Allocation Failure) 4142M->4142M(4560M) 115.886ms
[31.237s][info][gc,cpu         ] GC(226) User=0.75s Sys=0.02s Real=0.12s
[31.316s][info][gc,start       ] GC(227) Pause Young (Allocation Failure)
[31.453s][info][gc,heap        ] GC(227) PSYoungGen: 262656K(262656K)->186880K(293888K) Eden: 67072K(67072K)->0K(62464K) From: 195584K(195584K)->186880K(231424K)
[31.453s][info][gc,heap        ] GC(227) ParOldGen: 4046301K(4406784K)->4122901K(4406784K)
[31.453s][info][gc,metaspace   ] GC(227) Metaspace: 6302K(6464K)->6302K(6464K) NonClass: 5768K(5824K)->5768K(5824K) Class: 533K(640K)->533K(640K)
[31.453s][info][gc             ] GC(227) Pause Young (Allocation Failure) 4207M->4208M(4590M) 137.147ms
[31.453s][info][gc,cpu         ] GC(227) User=1.09s Sys=0.03s Real=0.14s
[31.530s][info][gc,start       ] GC(228) Pause Young (Allocation Failure)
[31.661s][info][gc,heap        ] GC(228) PSYoungGen: 249344K(293888K)->179104K(305664K) Eden: 62464K(62464K)->0K(62464K) From: 186880K(231424K)->179104K(243200K)
[31.661s][info][gc,heap        ] GC(228) ParOldGen: 4122901K(4406784K)->4193709K(4406784K)
[31.661s][info][gc,metaspace   ] GC(228) Metaspace: 6302K(6464K)->6302K(6464K) NonClass: 5768K(5824K)->5768K(5824K) Class: 533K(640K)->533K(640K)
[31.661s][info][gc             ] GC(228) Pause Young (Allocation Failure) 4269M->4270M(4602M) 130.933ms
[31.661s][info][gc,cpu         ] GC(228) User=0.88s Sys=0.02s Real=0.13s
[31.726s][info][gc,start       ] GC(229) Pause Young (Allocation Failure)
[31.858s][info][gc,heap        ] GC(229) PSYoungGen: 241568K(305664K)->192448K(310272K) Eden: 62464K(62464K)->0K(60928K) From: 179104K(243200K)->192448K(249344K)
[31.858s][info][gc,heap        ] GC(229) ParOldGen: 4193709K(4406784K)->4243333K(4406784K)
[31.858s][info][gc,metaspace   ] GC(229) Metaspace: 6302K(6464K)->6302K(6464K) NonClass: 5768K(5824K)->5768K(5824K) Class: 533K(640K)->533K(640K)
[31.858s][info][gc             ] GC(229) Pause Young (Allocation Failure) 4331M->4331M(4606M) 131.635ms
[31.858s][info][gc,cpu         ] GC(229) User=0.80s Sys=0.09s Real=0.13s
[31.921s][info][gc,start       ] GC(230) Pause Young (Allocation Failure)
[32.061s][info][gc,heap        ] GC(230) PSYoungGen: 253376K(310272K)->186336K(319488K) Eden: 60928K(60928K)->0K(60928K) From: 192448K(249344K)->186336K(258560K)
[32.062s][info][gc,heap        ] GC(230) ParOldGen: 4243333K(4406784K)->4311013K(4406784K)
[32.062s][info][gc,metaspace   ] GC(230) Metaspace: 6302K(6464K)->6302K(6464K) NonClass: 5768K(5824K)->5768K(5824K) Class: 533K(640K)->533K(640K)
[32.062s][info][gc             ] GC(230) Pause Young (Allocation Failure) 4391M->4391M(4615M) 140.975ms
[32.062s][info][gc,cpu         ] GC(230) User=0.98s Sys=0.03s Real=0.14s
[32.062s][info][gc,start       ] GC(231) Pause Full (Ergonomics)
[32.062s][info][gc,phases,start] GC(231) Marking Phase
[33.128s][info][gc,phases      ] GC(231) Marking Phase 1066.487ms
[33.128s][info][gc,phases,start] GC(231) Summary Phase
[33.128s][info][gc,phases      ] GC(231) Summary Phase 0.109ms
[33.128s][info][gc,phases,start] GC(231) Adjust Roots
[33.129s][info][gc,phases      ] GC(231) Adjust Roots 0.336ms
[33.129s][info][gc,phases,start] GC(231) Compaction Phase
[33.536s][info][gc,phases      ] GC(231) Compaction Phase 407.710ms
[33.537s][info][gc,phases,start] GC(231) Post Compact
[33.544s][info][gc,phases      ] GC(231) Post Compact 7.266ms
[33.545s][info][gc,heap        ] GC(231) PSYoungGen: 186336K(319488K)->87136K(319488K) Eden: 0K(60928K)->0K(60928K) From: 186336K(258560K)->87136K(258560K)
[33.545s][info][gc,heap        ] GC(231) ParOldGen: 4311013K(4406784K)->4406500K(4859904K)
[33.546s][info][gc,metaspace   ] GC(231) Metaspace: 6302K(6464K)->6302K(6464K) NonClass: 5768K(5824K)->5768K(5824K) Class: 533K(640K)->533K(640K)
[33.546s][info][gc             ] GC(231) Pause Full (Ergonomics) 4391M->4388M(5058M) 1483.897ms
[33.546s][info][gc,cpu         ] GC(231) User=10.86s Sys=0.05s Real=1.48s
[33.620s][info][gc,start       ] GC(232) Pause Young (Allocation Failure)
[33.908s][info][gc,heap        ] GC(232) PSYoungGen: 148064K(319488K)->89664K(324608K) Eden: 60928K(60928K)->0K(67072K) From: 87136K(258560K)->89664K(257536K)
[33.908s][info][gc,heap        ] GC(232) ParOldGen: 4406500K(4859904K)->4465756K(4859904K)
[33.908s][info][gc,metaspace   ] GC(232) Metaspace: 6302K(6464K)->6302K(6464K) NonClass: 5768K(5824K)->5768K(5824K) Class: 533K(640K)->533K(640K)
[33.908s][info][gc             ] GC(232) Pause Young (Allocation Failure) 4447M->4448M(5063M) 288.126ms
[33.908s][info][gc,cpu         ] GC(232) User=1.78s Sys=0.02s Real=0.29s
[33.987s][info][gc,start       ] GC(233) Pause Young (Allocation Failure)
[34.079s][info][gc,heap        ] GC(233) PSYoungGen: 156736K(324608K)->128320K(195584K) Eden: 67072K(67072K)->0K(67072K) From: 89664K(257536K)->128320K(128512K)
[34.079s][info][gc,heap        ] GC(233) ParOldGen: 4465756K(4859904K)->4494476K(4859904K)
[34.079s][info][gc,metaspace   ] GC(233) Metaspace: 6302K(6464K)->6302K(6464K) NonClass: 5768K(5824K)->5768K(5824K) Class: 533K(640K)->533K(640K)
[34.079s][info][gc             ] GC(233) Pause Young (Allocation Failure) 4514M->4514M(4937M) 91.854ms
[34.079s][info][gc,cpu         ] GC(233) User=0.61s Sys=0.03s Real=0.09s
[34.151s][info][gc,start       ] GC(234) Pause Young (Allocation Failure)
[34.266s][info][gc,heap        ] GC(234) PSYoungGen: 195392K(195584K)->134464K(307200K) Eden: 67072K(67072K)->0K(74752K) From: 128320K(128512K)->134464K(232448K)
[34.266s][info][gc,heap        ] GC(234) ParOldGen: 4494476K(4859904K)->4555948K(4859904K)
[34.266s][info][gc,metaspace   ] GC(234) Metaspace: 6302K(6464K)->6302K(6464K) NonClass: 5768K(5824K)->5768K(5824K) Class: 533K(640K)->533K(640K)
[34.266s][info][gc             ] GC(234) Pause Young (Allocation Failure) 4579M->4580M(5046M) 114.850ms
[34.266s][info][gc,cpu         ] GC(234) User=0.64s Sys=0.11s Real=0.11s
[34.358s][info][gc,start       ] GC(235) Pause Young (Allocation Failure)
[34.474s][info][gc,heap        ] GC(235) PSYoungGen: 209216K(307200K)->142240K(217088K) Eden: 74752K(74752K)->0K(74752K) From: 134464K(232448K)->142240K(142336K)
[34.474s][info][gc,heap        ] GC(235) ParOldGen: 4555948K(4859904K)->4623636K(4859904K)
[34.474s][info][gc,metaspace   ] GC(235) Metaspace: 6302K(6464K)->6302K(6464K) NonClass: 5768K(5824K)->5768K(5824K) Class: 533K(640K)->533K(640K)
[34.474s][info][gc             ] GC(235) Pause Young (Allocation Failure) 4653M->4654M(4958M) 116.504ms
[34.474s][info][gc,cpu         ] GC(235) User=0.77s Sys=0.00s Real=0.12s
[34.562s][info][gc,start       ] GC(236) Pause Young (Allocation Failure)
[34.684s][info][gc,heap        ] GC(236) PSYoungGen: 216992K(217088K)->149888K(304640K) Eden: 74752K(74752K)->0K(83456K) From: 142240K(142336K)->149888K(221184K)
[34.684s][info][gc,heap        ] GC(236) ParOldGen: 4623636K(4859904K)->4691316K(4859904K)
[34.684s][info][gc,metaspace   ] GC(236) Metaspace: 6302K(6464K)->6302K(6464K) NonClass: 5768K(5824K)->5768K(5824K) Class: 533K(640K)->533K(640K)
[34.684s][info][gc             ] GC(236) Pause Young (Allocation Failure) 4727M->4727M(5043M) 122.020ms
[34.684s][info][gc,cpu         ] GC(236) User=0.72s Sys=0.12s Real=0.12s
[34.771s][info][gc,start       ] GC(237) Pause Young (Allocation Failure)
[34.906s][info][gc,heap        ] GC(237) PSYoungGen: 233344K(304640K)->158592K(310272K) Eden: 83456K(83456K)->0K(83456K) From: 149888K(221184K)->158592K(226816K)
[34.906s][info][gc,heap        ] GC(237) ParOldGen: 4691316K(4859904K)->4766732K(4859904K)
[34.906s][info][gc,metaspace   ] GC(237) Metaspace: 6302K(6464K)->6302K(6464K) NonClass: 5768K(5824K)->5768K(5824K) Class: 533K(640K)->533K(640K)
[34.906s][info][gc             ] GC(237) Pause Young (Allocation Failure) 4809M->4809M(5049M) 134.615ms
[34.906s][info][gc,cpu         ] GC(237) User=0.86s Sys=0.03s Real=0.13s
[34.906s][info][gc,start       ] GC(238) Pause Full (Ergonomics)
[34.906s][info][gc,phases,start] GC(238) Marking Phase
[36.026s][info][gc,phases      ] GC(238) Marking Phase 1119.929ms
[36.026s][info][gc,phases,start] GC(238) Summary Phase
[36.026s][info][gc,phases      ] GC(238) Summary Phase 0.100ms
[36.026s][info][gc,phases,start] GC(238) Adjust Roots
[36.027s][info][gc,phases      ] GC(238) Adjust Roots 0.261ms
[36.027s][info][gc,phases,start] GC(238) Compaction Phase
[36.446s][info][gc,phases      ] GC(238) Compaction Phase 419.231ms
[36.446s][info][gc,phases,start] GC(238) Post Compact
[36.454s][info][gc,phases      ] GC(238) Post Compact 7.762ms
[36.455s][info][gc,heap        ] GC(238) PSYoungGen: 158592K(310272K)->62076K(310272K) Eden: 0K(83456K)->0K(83456K) From: 158592K(226816K)->62076K(226816K)
[36.455s][info][gc,heap        ] GC(238) ParOldGen: 4766732K(4859904K)->4859408K(5353984K)
[36.455s][info][gc,metaspace   ] GC(238) Metaspace: 6302K(6464K)->6302K(6464K) NonClass: 5768K(5824K)->5768K(5824K) Class: 533K(640K)->533K(640K)
[36.455s][info][gc             ] GC(238) Pause Full (Ergonomics) 4809M->4806M(5531M) 1549.262ms
[36.455s][info][gc,cpu         ] GC(238) User=11.38s Sys=0.09s Real=1.55s
[36.545s][info][gc,start       ] GC(239) Pause Young (Allocation Failure)
[36.865s][info][gc,heap        ] GC(239) PSYoungGen: 145532K(310272K)->132224K(301568K) Eden: 83456K(83456K)->0K(91648K) From: 62076K(226816K)->132224K(209920K)
[36.865s][info][gc,heap        ] GC(239) ParOldGen: 4859408K(5353984K)->4873256K(5353984K)
[36.865s][info][gc,metaspace   ] GC(239) Metaspace: 6302K(6464K)->6302K(6464K) NonClass: 5768K(5824K)->5768K(5824K) Class: 533K(640K)->533K(640K)
[36.865s][info][gc             ] GC(239) Pause Young (Allocation Failure) 4887M->4888M(5523M) 320.365ms
[36.865s][info][gc,cpu         ] GC(239) User=1.95s Sys=0.02s Real=0.32s
[36.971s][info][gc,start       ] GC(240) Pause Young (Allocation Failure)
[37.098s][info][gc,heap        ] GC(240) PSYoungGen: 223872K(301568K)->218112K(309760K) Eden: 91648K(91648K)->0K(91648K) From: 132224K(209920K)->218112K(218112K)
[37.098s][info][gc,heap        ] GC(240) ParOldGen: 4873256K(5353984K)->4879152K(5353984K)
[37.098s][info][gc,metaspace   ] GC(240) Metaspace: 6302K(6464K)->6302K(6464K) NonClass: 5768K(5824K)->5768K(5824K) Class: 533K(640K)->533K(640K)
[37.098s][info][gc             ] GC(240) Pause Young (Allocation Failure) 4977M->4977M(5531M) 126.197ms
[37.098s][info][gc,cpu         ] GC(240) User=0.89s Sys=0.00s Real=0.13s
[37.197s][info][gc,start       ] GC(241) Pause Young (Allocation Failure)
[37.382s][info][gc,heap        ] GC(241) PSYoungGen: 309760K(309760K)->181408K(339456K) Eden: 91648K(91648K)->0K(98304K) From: 218112K(218112K)->181408K(241152K)
[37.382s][info][gc,heap        ] GC(241) ParOldGen: 4879152K(5353984K)->5008712K(5353984K)
[37.382s][info][gc,metaspace   ] GC(241) Metaspace: 6302K(6464K)->6302K(6464K) NonClass: 5768K(5824K)->5768K(5824K) Class: 533K(640K)->533K(640K)
[37.382s][info][gc             ] GC(241) Pause Young (Allocation Failure) 5067M->5068M(5560M) 185.258ms
[37.382s][info][gc,cpu         ] GC(241) User=1.27s Sys=0.09s Real=0.19s
[37.496s][info][gc,start       ] GC(242) Pause Young (Allocation Failure)
[37.663s][info][gc,heap        ] GC(242) PSYoungGen: 279712K(339456K)->190400K(342016K) Eden: 98304K(98304K)->0K(98304K) From: 181408K(241152K)->190400K(243712K)
[37.663s][info][gc,heap        ] GC(242) ParOldGen: 5008712K(5353984K)->5098816K(5353984K)
[37.663s][info][gc,metaspace   ] GC(242) Metaspace: 6302K(6464K)->6302K(6464K) NonClass: 5768K(5824K)->5768K(5824K) Class: 533K(640K)->533K(640K)
[37.663s][info][gc             ] GC(242) Pause Young (Allocation Failure) 5164M->5165M(5562M) 167.457ms
[37.663s][info][gc,cpu         ] GC(242) User=1.11s Sys=0.05s Real=0.17s
[37.784s][info][gc,start       ] GC(243) Pause Young (Allocation Failure)
[37.958s][info][gc,heap        ] GC(243) PSYoungGen: 288704K(342016K)->197152K(351744K) Eden: 98304K(98304K)->0K(103424K) From: 190400K(243712K)->197152K(248320K)
[37.958s][info][gc,heap        ] GC(243) ParOldGen: 5098816K(5353984K)->5191280K(5353984K)
[37.958s][info][gc,metaspace   ] GC(243) Metaspace: 6302K(6464K)->6302K(6464K) NonClass: 5768K(5824K)->5768K(5824K) Class: 533K(640K)->533K(640K)
[37.958s][info][gc             ] GC(243) Pause Young (Allocation Failure) 5261M->5262M(5572M) 173.488ms
[37.958s][info][gc,cpu         ] GC(243) User=1.20s Sys=0.17s Real=0.17s
[38.079s][info][gc,start       ] GC(244) Pause Young (Allocation Failure)
[38.262s][info][gc,heap        ] GC(244) PSYoungGen: 300576K(351744K)->202272K(357888K) Eden: 103424K(103424K)->0K(103424K) From: 197152K(248320K)->202272K(254464K)
[38.262s][info][gc,heap        ] GC(244) ParOldGen: 5191280K(5353984K)->5290496K(5353984K)
[38.262s][info][gc,metaspace   ] GC(244) Metaspace: 6302K(6464K)->6302K(6464K) NonClass: 5768K(5824K)->5768K(5824K) Class: 533K(640K)->533K(640K)
[38.262s][info][gc             ] GC(244) Pause Young (Allocation Failure) 5363M->5364M(5578M) 183.408ms
[38.262s][info][gc,cpu         ] GC(244) User=1.25s Sys=0.03s Real=0.18s
[38.262s][info][gc,start       ] GC(245) Pause Full (Ergonomics)
[38.262s][info][gc,phases,start] GC(245) Marking Phase
[39.537s][info][gc,phases      ] GC(245) Marking Phase 1275.276ms
[39.537s][info][gc,phases,start] GC(245) Summary Phase
[39.537s][info][gc,phases      ] GC(245) Summary Phase 0.067ms
[39.537s][info][gc,phases,start] GC(245) Adjust Roots
[39.538s][info][gc,phases      ] GC(245) Adjust Roots 0.200ms
[39.538s][info][gc,phases,start] GC(245) Compaction Phase
[40.018s][info][gc,phases      ] GC(245) Compaction Phase 480.348ms
[40.018s][info][gc,phases,start] GC(245) Post Compact
[40.027s][info][gc,phases      ] GC(245) Post Compact 8.464ms
[40.028s][info][gc,heap        ] GC(245) PSYoungGen: 202272K(357888K)->134200K(357888K) Eden: 0K(103424K)->0K(103424K) From: 202272K(254464K)->134200K(254464K)
[40.029s][info][gc,heap        ] GC(245) ParOldGen: 5290496K(5353984K)->5353881K(5933056K)
[40.029s][info][gc,metaspace   ] GC(245) Metaspace: 6302K(6464K)->6302K(6464K) NonClass: 5768K(5824K)->5768K(5824K) Class: 533K(640K)->533K(640K)
[40.029s][info][gc             ] GC(245) Pause Full (Ergonomics) 5364M->5359M(6143M) 1766.556ms
[40.029s][info][gc,cpu         ] GC(245) User=13.17s Sys=0.06s Real=1.77s
[40.147s][info][gc,start       ] GC(246) Pause Young (Allocation Failure)
[40.530s][info][gc,heap        ] GC(246) PSYoungGen: 237624K(357888K)->172096K(358400K) Eden: 103424K(103424K)->0K(113664K) From: 134200K(254464K)->172096K(244736K)
[40.530s][info][gc,heap        ] GC(246) ParOldGen: 5353881K(5933056K)->5420473K(5933056K)
[40.530s][info][gc,metaspace   ] GC(246) Metaspace: 6302K(6464K)->6302K(6464K) NonClass: 5768K(5824K)->5768K(5824K) Class: 533K(640K)->533K(640K)
[40.530s][info][gc             ] GC(246) Pause Young (Allocation Failure) 5460M->5461M(6144M) 383.137ms
[40.530s][info][gc,cpu         ] GC(246) User=2.47s Sys=0.06s Real=0.38s
[40.667s][info][gc,start       ] GC(247) Pause Young (Allocation Failure)
[40.870s][info][gc,heap        ] GC(247) PSYoungGen: 285760K(358400K)->253440K(367104K) Eden: 113664K(113664K)->0K(113664K) From: 172096K(244736K)->253440K(253440K)
[40.870s][info][gc,heap        ] GC(247) ParOldGen: 5420473K(5933056K)->5453201K(5933056K)
[40.870s][info][gc,metaspace   ] GC(247) Metaspace: 6302K(6464K)->6302K(6464K) NonClass: 5768K(5824K)->5768K(5824K) Class: 533K(640K)->533K(640K)
[40.870s][info][gc             ] GC(247) Pause Young (Allocation Failure) 5572M->5572M(6152M) 202.668ms
[40.870s][info][gc,cpu         ] GC(247) User=1.34s Sys=0.00s Real=0.20s
[41.991s][info][gc,start       ] GC(248) Pause Young (Allocation Failure)
[42.307s][info][gc,heap        ] GC(248) PSYoungGen: 367104K(367104K)->218848K(410624K) Eden: 113664K(113664K)->0K(121344K) From: 253440K(253440K)->218848K(289280K)
[42.307s][info][gc,heap        ] GC(248) ParOldGen: 5715345K(5933056K)->5865057K(5933056K)
[42.307s][info][gc,metaspace   ] GC(248) Metaspace: 6302K(6464K)->6302K(6464K) NonClass: 5768K(5824K)->5768K(5824K) Class: 533K(640K)->533K(640K)
[42.307s][info][gc             ] GC(248) Pause Young (Allocation Failure) 5939M->5941M(6195M) 316.095ms
[42.307s][info][gc,cpu         ] GC(248) User=2.28s Sys=0.06s Real=0.32s
[42.307s][info][gc,start       ] GC(249) Pause Full (Ergonomics)
[42.307s][info][gc,phases,start] GC(249) Marking Phase
[43.624s][info][gc,phases      ] GC(249) Marking Phase 1316.912ms
[43.624s][info][gc,phases,start] GC(249) Summary Phase
[43.624s][info][gc,phases      ] GC(249) Summary Phase 0.093ms
[43.624s][info][gc,phases,start] GC(249) Adjust Roots
[43.625s][info][gc,phases      ] GC(249) Adjust Roots 0.213ms
[43.625s][info][gc,phases,start] GC(249) Compaction Phase
[44.544s][info][gc,phases      ] GC(249) Compaction Phase 918.876ms
[44.544s][info][gc,phases,start] GC(249) Post Compact
[44.555s][info][gc,phases      ] GC(249) Post Compact 10.997ms
[44.557s][info][gc,heap        ] GC(249) PSYoungGen: 218848K(410624K)->16929K(410624K) Eden: 0K(121344K)->0K(121344K) From: 218848K(289280K)->16929K(289280K)
[44.557s][info][gc,heap        ] GC(249) ParOldGen: 5865057K(5933056K)->5932885K(6574080K)
[44.557s][info][gc,metaspace   ] GC(249) Metaspace: 6302K(6464K)->6302K(6464K) NonClass: 5768K(5824K)->5768K(5824K) Class: 533K(640K)->533K(640K)
[44.557s][info][gc             ] GC(249) Pause Full (Ergonomics) 5941M->5810M(6821M) 2249.464ms
[44.557s][info][gc,cpu         ] GC(249) User=15.62s Sys=0.08s Real=2.25s
[44.706s][info][gc,start       ] GC(250) Pause Young (Allocation Failure)
[45.032s][info][gc,heap        ] GC(250) PSYoungGen: 138273K(410624K)->138656K(414720K) Eden: 121344K(121344K)->0K(121344K) From: 16929K(289280K)->138656K(293376K)
[45.032s][info][gc,heap        ] GC(250) ParOldGen: 5932885K(6574080K)->5932885K(6574080K)
[45.032s][info][gc,metaspace   ] GC(250) Metaspace: 6302K(6464K)->6302K(6464K) NonClass: 5768K(5824K)->5768K(5824K) Class: 533K(640K)->533K(640K)
[45.032s][info][gc             ] GC(250) Pause Young (Allocation Failure) 5928M->5929M(6825M) 326.094ms
[45.032s][info][gc,cpu         ] GC(250) User=2.00s Sys=0.00s Real=0.33s
[45.147s][info][gc,start       ] GC(251) Pause Young (Allocation Failure)
[45.297s][info][gc,heap        ] GC(251) PSYoungGen: 260000K(414720K)->260256K(401408K) Eden: 121344K(121344K)->0K(112128K) From: 138656K(293376K)->260256K(289280K)
[45.297s][info][gc,heap        ] GC(251) ParOldGen: 5932885K(6574080K)->5932885K(6574080K)
[45.297s][info][gc,metaspace   ] GC(251) Metaspace: 6302K(6464K)->6302K(6464K) NonClass: 5768K(5824K)->5768K(5824K) Class: 533K(640K)->533K(640K)
[45.297s][info][gc             ] GC(251) Pause Young (Allocation Failure) 6047M->6047M(6812M) 149.585ms
[45.297s][info][gc,cpu         ] GC(251) User=0.64s Sys=0.00s Real=0.15s
[45.416s][info][gc,start       ] GC(252) Pause Young (Allocation Failure)
[45.595s][info][gc,heap        ] GC(252) PSYoungGen: 372384K(401408K)->308736K(420864K) Eden: 112128K(112128K)->0K(112128K) From: 260256K(289280K)->308736K(308736K)
[45.595s][info][gc,heap        ] GC(252) ParOldGen: 5932885K(6574080K)->5997085K(6574080K)
[45.595s][info][gc,metaspace   ] GC(252) Metaspace: 6302K(6464K)->6302K(6464K) NonClass: 5768K(5824K)->5768K(5824K) Class: 533K(640K)->533K(640K)
[45.595s][info][gc             ] GC(252) Pause Young (Allocation Failure) 6157M->6158M(6831M) 179.321ms
[45.595s][info][gc,cpu         ] GC(252) User=1.11s Sys=0.06s Real=0.18s
[45.720s][info][gc,start       ] GC(253) Pause Young (Allocation Failure)
[45.945s][info][gc,heap        ] GC(253) PSYoungGen: 420864K(420864K)->366080K(424960K) Eden: 112128K(112128K)->0K(58880K) From: 308736K(308736K)->366080K(366080K)
[45.945s][info][gc,heap        ] GC(253) ParOldGen: 5997085K(6574080K)->6052501K(6574080K)
[45.945s][info][gc,metaspace   ] GC(253) Metaspace: 6302K(6464K)->6302K(6464K) NonClass: 5768K(5824K)->5768K(5824K) Class: 533K(640K)->533K(640K)
[45.945s][info][gc             ] GC(253) Pause Young (Allocation Failure) 6267M->6268M(6835M) 225.508ms
[45.945s][info][gc,cpu         ] GC(253) User=1.44s Sys=0.14s Real=0.23s
[46.013s][info][gc,start       ] GC(254) Pause Young (Allocation Failure)
[46.221s][info][gc,heap        ] GC(254) PSYoungGen: 424960K(424960K)->251040K(310272K) Eden: 58880K(58880K)->0K(58880K) From: 366080K(366080K)->251040K(251392K)
[46.221s][info][gc,heap        ] GC(254) ParOldGen: 6052501K(6574080K)->6227909K(6574080K)
[46.221s][info][gc,metaspace   ] GC(254) Metaspace: 6302K(6464K)->6302K(6464K) NonClass: 5768K(5824K)->5768K(5824K) Class: 533K(640K)->533K(640K)
[46.221s][info][gc             ] GC(254) Pause Young (Allocation Failure) 6325M->6327M(6723M) 207.436ms
[46.221s][info][gc,cpu         ] GC(254) User=1.25s Sys=0.08s Real=0.21s
[46.292s][info][gc,start       ] GC(255) Pause Young (Allocation Failure)
[46.455s][info][gc,heap        ] GC(255) PSYoungGen: 309920K(310272K)->223808K(449536K) Eden: 58880K(58880K)->0K(66048K) From: 251040K(251392K)->223808K(383488K)
[46.455s][info][gc,heap        ] GC(255) ParOldGen: 6227909K(6574080K)->6314709K(6574080K)
[46.455s][info][gc,metaspace   ] GC(255) Metaspace: 6302K(6464K)->6302K(6464K) NonClass: 5768K(5824K)->5768K(5824K) Class: 533K(640K)->533K(640K)
[46.455s][info][gc             ] GC(255) Pause Young (Allocation Failure) 6384M->6385M(6859M) 163.223ms
[46.455s][info][gc,cpu         ] GC(255) User=0.80s Sys=0.02s Real=0.16s
[46.523s][info][gc,start       ] GC(256) Pause Young (Allocation Failure)
[46.684s][info][gc,heap        ] GC(256) PSYoungGen: 289856K(449536K)->125248K(466944K) Eden: 66048K(66048K)->0K(66048K) From: 223808K(383488K)->125248K(400896K)
[46.684s][info][gc,heap        ] GC(256) ParOldGen: 6314709K(6574080K)->6480613K(6574080K)
[46.684s][info][gc,metaspace   ] GC(256) Metaspace: 6302K(6464K)->6302K(6464K) NonClass: 5768K(5824K)->5768K(5824K) Class: 533K(640K)->533K(640K)
[46.684s][info][gc             ] GC(256) Pause Young (Allocation Failure) 6449M->6451M(6876M) 161.156ms
[46.684s][info][gc,cpu         ] GC(256) User=0.75s Sys=0.05s Real=0.16s
[46.684s][info][gc,start       ] GC(257) Pause Full (Ergonomics)
[46.684s][info][gc,phases,start] GC(257) Marking Phase
[48.228s][info][gc,phases      ] GC(257) Marking Phase 1543.642ms
[48.228s][info][gc,phases,start] GC(257) Summary Phase
[48.228s][info][gc,phases      ] GC(257) Summary Phase 0.079ms
[48.228s][info][gc,phases,start] GC(257) Adjust Roots
[48.228s][info][gc,phases      ] GC(257) Adjust Roots 0.184ms
[48.228s][info][gc,phases,start] GC(257) Compaction Phase
[48.861s][info][gc,phases      ] GC(257) Compaction Phase 632.793ms
[48.861s][info][gc,phases,start] GC(257) Post Compact
[48.874s][info][gc,phases      ] GC(257) Post Compact 13.204ms
[48.877s][info][gc,heap        ] GC(257) PSYoungGen: 125248K(466944K)->26765K(466944K) Eden: 0K(66048K)->0K(66048K) From: 125248K(400896K)->26765K(400896K)
[48.877s][info][gc,heap        ] GC(257) ParOldGen: 6480613K(6574080K)->6573587K(7293440K)
[48.877s][info][gc,metaspace   ] GC(257) Metaspace: 6302K(6464K)->6302K(6464K) NonClass: 5768K(5824K)->5768K(5824K) Class: 533K(640K)->533K(640K)
[48.877s][info][gc             ] GC(257) Pause Full (Ergonomics) 6451M->6445M(7578M) 2192.603ms
[48.877s][info][gc,cpu         ] GC(257) User=15.53s Sys=0.09s Real=2.19s
[48.948s][info][gc,start       ] GC(258) Pause Young (Allocation Failure)
[49.271s][info][gc,heap        ] GC(258) PSYoungGen: 92813K(466944K)->66336K(467968K) Eden: 66048K(66048K)->0K(67072K) From: 26765K(400896K)->66336K(400896K)
[49.272s][info][gc,heap        ] GC(258) ParOldGen: 6573587K(7293440K)->6600643K(7293440K)
[49.272s][info][gc,metaspace   ] GC(258) Metaspace: 6302K(6464K)->6302K(6464K) NonClass: 5768K(5824K)->5768K(5824K) Class: 533K(640K)->533K(640K)
[49.272s][info][gc             ] GC(258) Pause Young (Allocation Failure) 6510M->6510M(7579M) 323.966ms
[49.272s][info][gc,cpu         ] GC(258) User=2.06s Sys=0.00s Real=0.32s
[49.352s][info][gc,start       ] GC(259) Pause Young (Allocation Failure)
[49.460s][info][gc,heap        ] GC(259) PSYoungGen: 133408K(467968K)->67296K(475648K) Eden: 67072K(67072K)->0K(67072K) From: 66336K(400896K)->67296K(408576K)
[49.460s][info][gc,heap        ] GC(259) ParOldGen: 6600643K(7293440K)->6667291K(7293440K)
[49.460s][info][gc,metaspace   ] GC(259) Metaspace: 6302K(6464K)->6302K(6464K) NonClass: 5768K(5824K)->5768K(5824K) Class: 533K(640K)->533K(640K)
[49.460s][info][gc             ] GC(259) Pause Young (Allocation Failure) 6576M->6576M(7587M) 107.926ms
[49.460s][info][gc,cpu         ] GC(259) User=0.41s Sys=0.03s Real=0.11s
[49.530s][info][gc,start       ] GC(260) Pause Young (Allocation Failure)
[49.639s][info][gc,heap        ] GC(260) PSYoungGen: 134368K(475648K)->67296K(483328K) Eden: 67072K(67072K)->0K(74752K) From: 67296K(408576K)->67296K(408576K)
[49.639s][info][gc,heap        ] GC(260) ParOldGen: 6667291K(7293440K)->6734963K(7293440K)
[49.639s][info][gc,metaspace   ] GC(260) Metaspace: 6302K(6464K)->6302K(6464K) NonClass: 5768K(5824K)->5768K(5824K) Class: 533K(640K)->533K(640K)
[49.639s][info][gc             ] GC(260) Pause Young (Allocation Failure) 6642M->6642M(7594M) 109.463ms
[49.639s][info][gc,cpu         ] GC(260) User=0.36s Sys=0.00s Real=0.11s
[49.720s][info][gc,start       ] GC(261) Pause Young (Allocation Failure)
[49.836s][info][gc,heap        ] GC(261) PSYoungGen: 142048K(483328K)->75040K(484352K) Eden: 74752K(74752K)->0K(74752K) From: 67296K(408576K)->75040K(409600K)
[49.836s][info][gc,heap        ] GC(261) ParOldGen: 6734963K(7293440K)->6802643K(7293440K)
[49.836s][info][gc,metaspace   ] GC(261) Metaspace: 6302K(6464K)->6302K(6464K) NonClass: 5768K(5824K)->5768K(5824K) Class: 533K(640K)->533K(640K)
[49.836s][info][gc             ] GC(261) Pause Young (Allocation Failure) 6715M->6716M(7595M) 115.633ms
[49.836s][info][gc,cpu         ] GC(261) User=0.42s Sys=0.11s Real=0.12s
[49.924s][info][gc,start       ] GC(262) Pause Young (Allocation Failure)
[50.050s][info][gc,heap        ] GC(262) PSYoungGen: 149792K(484352K)->75008K(471552K) Eden: 74752K(74752K)->0K(83456K) From: 75040K(409600K)->75008K(388096K)
[50.050s][info][gc,heap        ] GC(262) ParOldGen: 6802643K(7293440K)->6878059K(7293440K)
[50.050s][info][gc,metaspace   ] GC(262) Metaspace: 6302K(6464K)->6302K(6464K) NonClass: 5768K(5824K)->5768K(5824K) Class: 533K(640K)->533K(640K)
[50.050s][info][gc             ] GC(262) Pause Young (Allocation Failure) 6789M->6790M(7583M) 126.242ms
[50.050s][info][gc,cpu         ] GC(262) User=0.39s Sys=0.16s Real=0.13s
[50.135s][info][gc,start       ] GC(263) Pause Young (Allocation Failure)
[50.265s][info][gc,heap        ] GC(263) PSYoungGen: 158464K(471552K)->83744K(167424K) Eden: 83456K(83456K)->0K(83456K) From: 75008K(388096K)->83744K(83968K)
[50.265s][info][gc,heap        ] GC(263) ParOldGen: 6878059K(7293440K)->6953475K(7293440K)
[50.265s][info][gc,metaspace   ] GC(263) Metaspace: 6302K(6464K)->6302K(6464K) NonClass: 5768K(5824K)->5768K(5824K) Class: 533K(640K)->533K(640K)
[50.265s][info][gc             ] GC(263) Pause Young (Allocation Failure) 6871M->6872M(7286M) 129.684ms
[50.265s][info][gc,cpu         ] GC(263) User=0.45s Sys=0.14s Real=0.13s
[50.349s][info][gc,start       ] GC(264) Pause Young (Allocation Failure)
[50.471s][info][gc,heap        ] GC(264) PSYoungGen: 167200K(167424K)->83744K(453120K) Eden: 83456K(83456K)->0K(93184K) From: 83744K(83968K)->83744K(359936K)
[50.471s][info][gc,heap        ] GC(264) ParOldGen: 6953475K(7293440K)->7037675K(7293440K)
[50.471s][info][gc,metaspace   ] GC(264) Metaspace: 6302K(6464K)->6302K(6464K) NonClass: 5768K(5824K)->5768K(5824K) Class: 533K(640K)->533K(640K)
[50.471s][info][gc             ] GC(264) Pause Young (Allocation Failure) 6953M->6954M(7565M) 122.130ms
[50.471s][info][gc,cpu         ] GC(264) User=0.77s Sys=0.23s Real=0.12s
[50.577s][info][gc,start       ] GC(265) Pause Young (Allocation Failure)
[50.718s][info][gc,heap        ] GC(265) PSYoungGen: 176928K(453120K)->93472K(186880K) Eden: 93184K(93184K)->0K(93184K) From: 83744K(359936K)->93472K(93696K)
[50.718s][info][gc,heap        ] GC(265) ParOldGen: 7037675K(7293440K)->7121859K(7293440K)
[50.718s][info][gc,metaspace   ] GC(265) Metaspace: 6302K(6464K)->6302K(6464K) NonClass: 5768K(5824K)->5768K(5824K) Class: 533K(640K)->533K(640K)
[50.718s][info][gc             ] GC(265) Pause Young (Allocation Failure) 7045M->7046M(7305M) 141.219ms
[50.718s][info][gc,cpu         ] GC(265) User=0.55s Sys=0.09s Real=0.14s
[50.809s][info][gc,start       ] GC(266) Pause Young (Allocation Failure)
[50.942s][info][gc,heap        ] GC(266) PSYoungGen: 186656K(186880K)->93504K(433664K) Eden: 93184K(93184K)->0K(104448K) From: 93472K(93696K)->93504K(329216K)
[50.942s][info][gc,heap        ] GC(266) ParOldGen: 7121859K(7293440K)->7215875K(7293440K)
[50.942s][info][gc,metaspace   ] GC(266) Metaspace: 6302K(6464K)->6302K(6464K) NonClass: 5768K(5824K)->5768K(5824K) Class: 533K(640K)->533K(640K)
[50.942s][info][gc             ] GC(266) Pause Young (Allocation Failure) 7137M->7138M(7546M) 133.259ms
[50.942s][info][gc,cpu         ] GC(266) User=0.62s Sys=0.27s Real=0.13s
[50.942s][info][gc,start       ] GC(267) Pause Full (Ergonomics)
[50.942s][info][gc,phases,start] GC(267) Marking Phase
[52.589s][info][gc,phases      ] GC(267) Marking Phase 1646.688ms
[52.589s][info][gc,phases,start] GC(267) Summary Phase
[52.589s][info][gc,phases      ] GC(267) Summary Phase 0.084ms
[52.589s][info][gc,phases,start] GC(267) Adjust Roots
[52.589s][info][gc,phases      ] GC(267) Adjust Roots 0.184ms
[52.589s][info][gc,phases,start] GC(267) Compaction Phase
[53.302s][info][gc,phases      ] GC(267) Compaction Phase 712.546ms
[53.302s][info][gc,phases,start] GC(267) Post Compact
[53.313s][info][gc,phases      ] GC(267) Post Compact 10.991ms
[53.319s][info][gc,heap        ] GC(267) PSYoungGen: 93504K(433664K)->9885K(445952K) Eden: 0K(104448K)->0K(116736K) From: 93504K(329216K)->9885K(329216K)
[53.320s][info][gc,heap        ] GC(267) ParOldGen: 7215875K(7293440K)->7293163K(8015360K)
[53.320s][info][gc,metaspace   ] GC(267) Metaspace: 6302K(6464K)->6302K(6464K) NonClass: 5768K(5824K)->5768K(5824K) Class: 533K(640K)->533K(640K)
[53.320s][info][gc             ] GC(267) Pause Full (Ergonomics) 7138M->7131M(8263M) 2377.241ms
[53.320s][info][gc,cpu         ] GC(267) User=17.00s Sys=0.09s Real=2.38s
[53.454s][info][gc,start       ] GC(268) Pause Young (Allocation Failure)
[53.831s][info][gc,heap        ] GC(268) PSYoungGen: 126621K(445952K)->117088K(233984K) Eden: 116736K(116736K)->0K(116736K) From: 9885K(329216K)->117088K(117248K)
[53.832s][info][gc,heap        ] GC(268) ParOldGen: 7293163K(8015360K)->7303171K(8015360K)
[53.832s][info][gc,metaspace   ] GC(268) Metaspace: 6302K(6464K)->6302K(6464K) NonClass: 5768K(5824K)->5768K(5824K) Class: 533K(640K)->533K(640K)
[53.832s][info][gc             ] GC(268) Pause Young (Allocation Failure) 7245M->7246M(8056M) 377.514ms
[53.832s][info][gc,cpu         ] GC(268) User=2.56s Sys=0.06s Real=0.38s
[53.949s][info][gc,start       ] GC(269) Pause Young (Allocation Failure)
[54.103s][info][gc,heap        ] GC(269) PSYoungGen: 233824K(233984K)->234016K(435200K) Eden: 116736K(116736K)->0K(109568K) From: 117088K(117248K)->234016K(325632K)
[54.103s][info][gc,heap        ] GC(269) ParOldGen: 7303171K(8015360K)->7303171K(8015360K)
[54.103s][info][gc,metaspace   ] GC(269) Metaspace: 6302K(6464K)->6302K(6464K) NonClass: 5768K(5824K)->5768K(5824K) Class: 533K(640K)->533K(640K)
[54.103s][info][gc             ] GC(269) Pause Young (Allocation Failure) 7360M->7360M(8252M) 154.202ms
[54.103s][info][gc,cpu         ] GC(269) User=0.69s Sys=0.00s Real=0.15s
[54.224s][info][gc,start       ] GC(270) Pause Young (Allocation Failure)
[54.442s][info][gc,heap        ] GC(270) PSYoungGen: 343584K(435200K)->226848K(453632K) Eden: 109568K(109568K)->0K(109568K) From: 234016K(325632K)->226848K(344064K)
[54.443s][info][gc,heap        ] GC(270) ParOldGen: 7303171K(8015360K)->7420931K(8015360K)
[54.443s][info][gc,metaspace   ] GC(270) Metaspace: 6302K(6464K)->6302K(6464K) NonClass: 5768K(5824K)->5768K(5824K) Class: 533K(640K)->533K(640K)
[54.443s][info][gc             ] GC(270) Pause Young (Allocation Failure) 7467M->7468M(8270M) 219.051ms
[54.443s][info][gc,cpu         ] GC(270) User=1.50s Sys=0.23s Real=0.22s
[54.560s][info][gc,start       ] GC(271) Pause Young (Allocation Failure)
[54.772s][info][gc,heap        ] GC(271) PSYoungGen: 336416K(453632K)->219680K(471040K) Eden: 109568K(109568K)->0K(116224K) From: 226848K(344064K)->219680K(354816K)
[54.772s][info][gc,heap        ] GC(271) ParOldGen: 7420931K(8015360K)->7538731K(8015360K)
[54.772s][info][gc,metaspace   ] GC(271) Metaspace: 6302K(6464K)->6302K(6464K) NonClass: 5768K(5824K)->5768K(5824K) Class: 533K(640K)->533K(640K)
[54.772s][info][gc             ] GC(271) Pause Young (Allocation Failure) 7575M->7576M(8287M) 212.126ms
[54.772s][info][gc,cpu         ] GC(271) User=1.05s Sys=0.31s Real=0.21s
[54.909s][info][gc,start       ] GC(272) Pause Young (Allocation Failure)
[55.113s][info][gc,heap        ] GC(272) PSYoungGen: 335904K(471040K)->226336K(476160K) Eden: 116224K(116224K)->0K(116224K) From: 219680K(354816K)->226336K(359936K)
[55.113s][info][gc,heap        ] GC(272) ParOldGen: 7538731K(8015360K)->7649283K(8015360K)
[55.113s][info][gc,metaspace   ] GC(272) Metaspace: 6302K(6464K)->6302K(6464K) NonClass: 5768K(5824K)->5768K(5824K) Class: 533K(640K)->533K(640K)
[55.113s][info][gc             ] GC(272) Pause Young (Allocation Failure) 7690M->7691M(8292M) 203.827ms
[55.113s][info][gc,cpu         ] GC(272) User=1.17s Sys=0.44s Real=0.20s
[55.234s][info][gc,start       ] GC(273) Pause Young (Allocation Failure)
[55.442s][info][gc,heap        ] GC(273) PSYoungGen: 342560K(476160K)->233056K(489472K) Eden: 116224K(116224K)->0K(124416K) From: 226336K(359936K)->233056K(365056K)
[55.443s][info][gc,heap        ] GC(273) ParOldGen: 7649283K(8015360K)->7759827K(8015360K)
[55.443s][info][gc,metaspace   ] GC(273) Metaspace: 6302K(6464K)->6302K(6464K) NonClass: 5768K(5824K)->5768K(5824K) Class: 533K(640K)->533K(640K)
[55.443s][info][gc             ] GC(273) Pause Young (Allocation Failure) 7804M->7805M(8305M) 208.689ms
[55.443s][info][gc,cpu         ] GC(273) User=1.16s Sys=0.30s Real=0.21s
[55.576s][info][gc,start       ] GC(274) Pause Young (Allocation Failure)
[55.886s][info][gc,heap        ] GC(274) PSYoungGen: 357472K(489472K)->124736K(495104K) Eden: 124416K(124416K)->0K(124416K) From: 233056K(365056K)->124736K(370688K)
[55.886s][info][gc,heap        ] GC(274) ParOldGen: 7759827K(8015360K)->7994339K(8015360K)
[55.886s][info][gc,metaspace   ] GC(274) Metaspace: 6302K(6464K)->6302K(6464K) NonClass: 5768K(5824K)->5768K(5824K) Class: 533K(640K)->533K(640K)
[55.886s][info][gc             ] GC(274) Pause Young (Allocation Failure) 7927M->7928M(8311M) 310.118ms
[55.886s][info][gc,cpu         ] GC(274) User=1.38s Sys=0.72s Real=0.31s
[55.886s][info][gc,start       ] GC(275) Pause Full (Ergonomics)
[55.886s][info][gc,phases,start] GC(275) Marking Phase
[57.834s][info][gc,phases      ] GC(275) Marking Phase 1948.313ms
[57.834s][info][gc,phases,start] GC(275) Summary Phase
[57.834s][info][gc,phases      ] GC(275) Summary Phase 0.109ms
[57.834s][info][gc,phases,start] GC(275) Adjust Roots
[57.835s][info][gc,phases      ] GC(275) Adjust Roots 0.259ms
[57.835s][info][gc,phases,start] GC(275) Compaction Phase
[58.579s][info][gc,phases      ] GC(275) Compaction Phase 743.729ms
[58.579s][info][gc,phases,start] GC(275) Post Compact
[58.591s][info][gc,phases      ] GC(275) Post Compact 12.570ms
[58.595s][info][gc,heap        ] GC(275) PSYoungGen: 124736K(495104K)->97295K(495104K) Eden: 0K(124416K)->0K(124416K) From: 124736K(370688K)->97295K(370688K)
[58.596s][info][gc,heap        ] GC(275) ParOldGen: 7994339K(8015360K)->8015002K(8601600K)
[58.596s][info][gc,metaspace   ] GC(275) Metaspace: 6302K(6464K)->6302K(6464K) NonClass: 5768K(5824K)->5768K(5824K) Class: 533K(640K)->533K(640K)
[58.596s][info][gc             ] GC(275) Pause Full (Ergonomics) 7928M->7922M(8883M) 2709.628ms
[58.596s][info][gc,cpu         ] GC(275) User=20.00s Sys=0.19s Real=2.71s
[58.730s][info][gc,start       ] GC(276) Pause Young (Allocation Failure)
[59.227s][info][gc,heap        ] GC(276) PSYoungGen: 221711K(495104K)->124736K(469504K) Eden: 124416K(124416K)->0K(137216K) From: 97295K(370688K)->124736K(332288K)
[59.227s][info][gc,heap        ] GC(276) ParOldGen: 8015002K(8601600K)->8113210K(8601600K)
[59.227s][info][gc,metaspace   ] GC(276) Metaspace: 6302K(6464K)->6302K(6464K) NonClass: 5768K(5824K)->5768K(5824K) Class: 533K(640K)->533K(640K)
[59.227s][info][gc             ] GC(276) Pause Young (Allocation Failure) 8043M->8044M(8858M) 497.074ms
[59.227s][info][gc,cpu         ] GC(276) User=3.11s Sys=0.42s Real=0.50s
[59.380s][info][gc,start       ] GC(277) Pause Young (Allocation Failure)
[59.563s][info][gc,heap        ] GC(277) PSYoungGen: 261952K(469504K)->137600K(483840K) Eden: 137216K(137216K)->0K(137216K) From: 124736K(332288K)->137600K(346624K)
[59.563s][info][gc,heap        ] GC(277) ParOldGen: 8113210K(8601600K)->8238762K(8601600K)
[59.563s][info][gc,metaspace   ] GC(277) Metaspace: 6302K(6464K)->6302K(6464K) NonClass: 5768K(5824K)->5768K(5824K) Class: 533K(640K)->533K(640K)
[59.563s][info][gc             ] GC(277) Pause Young (Allocation Failure) 8178M->8180M(8872M) 182.983ms
[59.563s][info][gc,cpu         ] GC(277) User=1.09s Sys=0.28s Real=0.18s
[59.712s][info][gc,start       ] GC(278) Pause Young (Allocation Failure)
[59.881s][info][gc,heap        ] GC(278) PSYoungGen: 274816K(483840K)->137632K(457216K) Eden: 137216K(137216K)->0K(151552K) From: 137600K(346624K)->137632K(305664K)
[59.881s][info][gc,heap        ] GC(278) ParOldGen: 8238762K(8601600K)->8377194K(8601600K)
[59.881s][info][gc,metaspace   ] GC(278) Metaspace: 6302K(6464K)->6302K(6464K) NonClass: 5768K(5824K)->5768K(5824K) Class: 533K(640K)->533K(640K)
[59.881s][info][gc             ] GC(278) Pause Young (Allocation Failure) 8314M->8315M(8846M) 169.412ms
[59.881s][info][gc,cpu         ] GC(278) User=0.83s Sys=0.02s Real=0.17s
[60.047s][info][gc,start       ] GC(279) Pause Young (Allocation Failure)
[60.228s][info][gc,heap        ] GC(279) PSYoungGen: 289184K(457216K)->152032K(470528K) Eden: 151552K(151552K)->0K(151552K) From: 137632K(305664K)->152032K(318976K)
[60.228s][info][gc,heap        ] GC(279) ParOldGen: 8377194K(8601600K)->8515650K(8601600K)
[60.228s][info][gc,metaspace   ] GC(279) Metaspace: 6302K(6464K)->6302K(6464K) NonClass: 5768K(5824K)->5768K(5824K) Class: 533K(640K)->533K(640K)
[60.228s][info][gc             ] GC(279) Pause Young (Allocation Failure) 8463M->8464M(8859M) 180.743ms
[60.228s][info][gc,cpu         ] GC(279) User=1.06s Sys=0.12s Real=0.18s
[60.228s][info][gc,start       ] GC(280) Pause Full (Ergonomics)
[60.228s][info][gc,phases,start] GC(280) Marking Phase
[62.192s][info][gc,phases      ] GC(280) Marking Phase 1964.251ms
[62.192s][info][gc,phases,start] GC(280) Summary Phase
[62.192s][info][gc,phases      ] GC(280) Summary Phase 0.132ms
[62.192s][info][gc,phases,start] GC(280) Adjust Roots
[62.193s][info][gc,phases      ] GC(280) Adjust Roots 0.196ms
[62.193s][info][gc,phases,start] GC(280) Compaction Phase
[62.886s][info][gc,phases      ] GC(280) Compaction Phase 693.513ms
[62.886s][info][gc,phases,start] GC(280) Post Compact
[62.902s][info][gc,phases      ] GC(280) Post Compact 15.507ms
[62.902s][info][gc,heap        ] GC(280) PSYoungGen: 152032K(470528K)->61074K(470528K) Eden: 0K(151552K)->0K(151552K) From: 152032K(318976K)->61074K(318976K)
[62.902s][info][gc,heap        ] GC(280) ParOldGen: 8515650K(8601600K)->8601497K(8601600K)
[62.902s][info][gc,metaspace   ] GC(280) Metaspace: 6302K(6464K)->6302K(6464K) NonClass: 5768K(5824K)->5768K(5824K) Class: 533K(640K)->533K(640K)
[62.902s][info][gc             ] GC(280) Pause Full (Ergonomics) 8464M->8459M(8859M) 2673.970ms
[62.902s][info][gc,cpu         ] GC(280) User=19.61s Sys=0.06s Real=2.67s
[63.072s][info][gc,start       ] GC(281) Pause Full (Ergonomics)
[63.072s][info][gc,phases,start] GC(281) Marking Phase
[65.057s][info][gc,phases      ] GC(281) Marking Phase 1984.930ms
[65.057s][info][gc,phases,start] GC(281) Summary Phase
[65.057s][info][gc,phases      ] GC(281) Summary Phase 0.134ms
[65.057s][info][gc,phases,start] GC(281) Adjust Roots
[65.057s][info][gc,phases      ] GC(281) Adjust Roots 0.191ms
[65.057s][info][gc,phases,start] GC(281) Compaction Phase
[65.614s][info][gc,phases      ] GC(281) Compaction Phase 556.412ms
[65.614s][info][gc,phases,start] GC(281) Post Compact
[65.627s][info][gc,phases      ] GC(281) Post Compact 13.163ms
[65.627s][info][gc,heap        ] GC(281) PSYoungGen: 212626K(470528K)->212591K(470528K) Eden: 151552K(151552K)->151517K(151552K) From: 61074K(318976K)->61074K(318976K)
[65.627s][info][gc,heap        ] GC(281) ParOldGen: 8601497K(8601600K)->8601497K(8601600K)
[65.627s][info][gc,metaspace   ] GC(281) Metaspace: 6302K(6464K)->6302K(6464K) NonClass: 5768K(5824K)->5768K(5824K) Class: 533K(640K)->533K(640K)
[65.627s][info][gc             ] GC(281) Pause Full (Ergonomics) 8607M->8607M(8859M) 2555.291ms
[65.627s][info][gc,cpu         ] GC(281) User=19.08s Sys=0.00s Real=2.56s
[65.627s][info][gc,start       ] GC(282) Pause Full (Ergonomics)
[65.627s][info][gc,phases,start] GC(282) Marking Phase
[67.581s][info][gc,phases      ] GC(282) Marking Phase 1953.481ms
[67.581s][info][gc,phases,start] GC(282) Summary Phase
[67.581s][info][gc,phases      ] GC(282) Summary Phase 0.116ms
[67.581s][info][gc,phases,start] GC(282) Adjust Roots
[67.581s][info][gc,phases      ] GC(282) Adjust Roots 0.177ms
[67.581s][info][gc,phases,start] GC(282) Compaction Phase
[68.134s][info][gc,phases      ] GC(282) Compaction Phase 553.001ms
[68.134s][info][gc,phases,start] GC(282) Post Compact
[68.148s][info][gc,phases      ] GC(282) Post Compact 13.289ms
[68.148s][info][gc,heap        ] GC(282) PSYoungGen: 212626K(470528K)->212625K(470528K) Eden: 151552K(151552K)->151551K(151552K) From: 61074K(318976K)->61074K(318976K)
[68.148s][info][gc,heap        ] GC(282) ParOldGen: 8601497K(8601600K)->8601497K(8601600K)
[68.148s][info][gc,metaspace   ] GC(282) Metaspace: 6302K(6464K)->6302K(6464K) NonClass: 5768K(5824K)->5768K(5824K) Class: 533K(640K)->533K(640K)
[68.148s][info][gc             ] GC(282) Pause Full (Ergonomics) 8607M->8607M(8859M) 2520.438ms
[68.148s][info][gc,cpu         ] GC(282) User=19.03s Sys=0.00s Real=2.52s
[68.148s][info][gc,start       ] GC(283) Pause Full (Ergonomics)
[68.148s][info][gc,phases,start] GC(283) Marking Phase
[70.129s][info][gc,phases      ] GC(283) Marking Phase 1981.062ms
[70.129s][info][gc,phases,start] GC(283) Summary Phase
[70.129s][info][gc,phases      ] GC(283) Summary Phase 0.089ms
[70.129s][info][gc,phases,start] GC(283) Adjust Roots
[70.130s][info][gc,phases      ] GC(283) Adjust Roots 0.192ms
[70.130s][info][gc,phases,start] GC(283) Compaction Phase
[70.675s][info][gc,phases      ] GC(283) Compaction Phase 545.887ms
[70.676s][info][gc,phases,start] GC(283) Post Compact
[70.689s][info][gc,phases      ] GC(283) Post Compact 13.323ms
[70.689s][info][gc,heap        ] GC(283) PSYoungGen: 212626K(470528K)->212626K(470528K) Eden: 151551K(151552K)->151551K(151552K) From: 61074K(318976K)->61074K(318976K)
[70.689s][info][gc,heap        ] GC(283) ParOldGen: 8601497K(8601600K)->8601497K(8601600K)
[70.689s][info][gc,metaspace   ] GC(283) Metaspace: 6302K(6464K)->6302K(6464K) NonClass: 5768K(5824K)->5768K(5824K) Class: 533K(640K)->533K(640K)
[70.689s][info][gc             ] GC(283) Pause Full (Ergonomics) 8607M->8607M(8859M) 2540.909ms
[70.689s][info][gc,cpu         ] GC(283) User=19.22s Sys=0.00s Real=2.54s
[70.689s][info][gc,start       ] GC(284) Pause Full (Ergonomics)
[70.689s][info][gc,phases,start] GC(284) Marking Phase
[72.653s][info][gc,phases      ] GC(284) Marking Phase 1963.517ms
[72.653s][info][gc,phases,start] GC(284) Summary Phase
[72.653s][info][gc,phases      ] GC(284) Summary Phase 0.083ms
[72.653s][info][gc,phases,start] GC(284) Adjust Roots
[72.653s][info][gc,phases      ] GC(284) Adjust Roots 0.216ms
[72.653s][info][gc,phases,start] GC(284) Compaction Phase
[73.204s][info][gc,phases      ] GC(284) Compaction Phase 550.317ms
[73.204s][info][gc,phases,start] GC(284) Post Compact
[73.217s][info][gc,phases      ] GC(284) Post Compact 13.620ms
[73.217s][info][gc,heap        ] GC(284) PSYoungGen: 212626K(470528K)->212626K(470528K) Eden: 151551K(151552K)->151551K(151552K) From: 61074K(318976K)->61074K(318976K)
[73.217s][info][gc,heap        ] GC(284) ParOldGen: 8601502K(8601600K)->8601502K(8601600K)
[73.217s][info][gc,metaspace   ] GC(284) Metaspace: 6302K(6464K)->6302K(6464K) NonClass: 5768K(5824K)->5768K(5824K) Class: 533K(640K)->533K(640K)
[73.217s][info][gc             ] GC(284) Pause Full (Ergonomics) 8607M->8607M(8859M) 2528.103ms
[73.217s][info][gc,cpu         ] GC(284) User=19.22s Sys=0.02s Real=2.53s
[73.218s][info][gc,start       ] GC(285) Pause Full (Ergonomics)
[73.218s][info][gc,phases,start] GC(285) Marking Phase
[75.182s][info][gc,phases      ] GC(285) Marking Phase 1964.152ms
[75.182s][info][gc,phases,start] GC(285) Summary Phase
[75.182s][info][gc,phases      ] GC(285) Summary Phase 0.083ms
[75.182s][info][gc,phases,start] GC(285) Adjust Roots
[75.182s][info][gc,phases      ] GC(285) Adjust Roots 0.206ms
[75.182s][info][gc,phases,start] GC(285) Compaction Phase
[75.735s][info][gc,phases      ] GC(285) Compaction Phase 553.114ms
[75.735s][info][gc,phases,start] GC(285) Post Compact
[75.749s][info][gc,phases      ] GC(285) Post Compact 13.372ms
[75.749s][info][gc,heap        ] GC(285) PSYoungGen: 212626K(470528K)->212626K(470528K) Eden: 151551K(151552K)->151551K(151552K) From: 61074K(318976K)->61074K(318976K)
[75.749s][info][gc,heap        ] GC(285) ParOldGen: 8601507K(8601600K)->8601507K(8601600K)
[75.749s][info][gc,metaspace   ] GC(285) Metaspace: 6302K(6464K)->6302K(6464K) NonClass: 5768K(5824K)->5768K(5824K) Class: 533K(640K)->533K(640K)
[75.749s][info][gc             ] GC(285) Pause Full (Ergonomics) 8607M->8607M(8859M) 2531.273ms
[75.749s][info][gc,cpu         ] GC(285) User=19.12s Sys=0.03s Real=2.53s
[75.749s][info][gc,start       ] GC(286) Pause Full (Ergonomics)
[75.749s][info][gc,phases,start] GC(286) Marking Phase
[77.672s][info][gc,phases      ] GC(286) Marking Phase 1922.862ms
[77.672s][info][gc,phases,start] GC(286) Summary Phase
[77.672s][info][gc,phases      ] GC(286) Summary Phase 0.083ms
[77.672s][info][gc,phases,start] GC(286) Adjust Roots
[77.672s][info][gc,phases      ] GC(286) Adjust Roots 0.173ms
[77.672s][info][gc,phases,start] GC(286) Compaction Phase
[78.228s][info][gc,phases      ] GC(286) Compaction Phase 555.282ms
[78.228s][info][gc,phases,start] GC(286) Post Compact
[78.241s][info][gc,phases      ] GC(286) Post Compact 13.280ms
[78.241s][info][gc,heap        ] GC(286) PSYoungGen: 212626K(470528K)->212626K(470528K) Eden: 151551K(151552K)->151551K(151552K) From: 61074K(318976K)->61074K(318976K)
[78.241s][info][gc,heap        ] GC(286) ParOldGen: 8601512K(8601600K)->8601512K(8601600K)
[78.241s][info][gc,metaspace   ] GC(286) Metaspace: 6302K(6464K)->6302K(6464K) NonClass: 5768K(5824K)->5768K(5824K) Class: 533K(640K)->533K(640K)
[78.241s][info][gc             ] GC(286) Pause Full (Ergonomics) 8607M->8607M(8859M) 2491.998ms
[78.241s][info][gc,cpu         ] GC(286) User=18.91s Sys=0.02s Real=2.49s
[78.241s][info][gc,start       ] GC(287) Pause Full (Ergonomics)
[78.241s][info][gc,phases,start] GC(287) Marking Phase
[80.227s][info][gc,phases      ] GC(287) Marking Phase 1986.009ms
[80.227s][info][gc,phases,start] GC(287) Summary Phase
[80.227s][info][gc,phases      ] GC(287) Summary Phase 0.084ms
[80.227s][info][gc,phases,start] GC(287) Adjust Roots
[80.228s][info][gc,phases      ] GC(287) Adjust Roots 0.166ms
[80.228s][info][gc,phases,start] GC(287) Compaction Phase
[80.785s][info][gc,phases      ] GC(287) Compaction Phase 557.309ms
[80.785s][info][gc,phases,start] GC(287) Post Compact
[80.798s][info][gc,phases      ] GC(287) Post Compact 13.021ms
[80.798s][info][gc,heap        ] GC(287) PSYoungGen: 212626K(470528K)->212626K(470528K) Eden: 151551K(151552K)->151551K(151552K) From: 61074K(318976K)->61074K(318976K)
[80.798s][info][gc,heap        ] GC(287) ParOldGen: 8601517K(8601600K)->8601517K(8601600K)
[80.798s][info][gc,metaspace   ] GC(287) Metaspace: 6302K(6464K)->6302K(6464K) NonClass: 5768K(5824K)->5768K(5824K) Class: 533K(640K)->533K(640K)
[80.798s][info][gc             ] GC(287) Pause Full (Ergonomics) 8607M->8607M(8859M) 2556.965ms
[80.798s][info][gc,cpu         ] GC(287) User=19.25s Sys=0.00s Real=2.56s
[80.798s][info][gc,start       ] GC(288) Pause Full (Ergonomics)
[80.799s][info][gc,phases,start] GC(288) Marking Phase
[82.748s][info][gc,phases      ] GC(288) Marking Phase 1949.933ms
[82.749s][info][gc,phases,start] GC(288) Summary Phase
[82.749s][info][gc,phases      ] GC(288) Summary Phase 0.083ms
[82.749s][info][gc,phases,start] GC(288) Adjust Roots
[82.749s][info][gc,phases      ] GC(288) Adjust Roots 0.168ms
[82.749s][info][gc,phases,start] GC(288) Compaction Phase
[83.309s][info][gc,phases      ] GC(288) Compaction Phase 559.825ms
[83.309s][info][gc,phases,start] GC(288) Post Compact
[83.322s][info][gc,phases      ] GC(288) Post Compact 13.348ms
[83.322s][info][gc,heap        ] GC(288) PSYoungGen: 212626K(470528K)->212626K(470528K) Eden: 151551K(151552K)->151551K(151552K) From: 61074K(318976K)->61074K(318976K)
[83.322s][info][gc,heap        ] GC(288) ParOldGen: 8601521K(8601600K)->8601521K(8601600K)
[83.322s][info][gc,metaspace   ] GC(288) Metaspace: 6302K(6464K)->6302K(6464K) NonClass: 5768K(5824K)->5768K(5824K) Class: 533K(640K)->533K(640K)
[83.322s][info][gc             ] GC(288) Pause Full (Ergonomics) 8607M->8607M(8859M) 2523.721ms
[83.322s][info][gc,cpu         ] GC(288) User=19.17s Sys=0.05s Real=2.52s
[83.322s][info][gc,start       ] GC(289) Pause Full (Ergonomics)
[83.322s][info][gc,phases,start] GC(289) Marking Phase
[85.292s][info][gc,phases      ] GC(289) Marking Phase 1969.844ms
[85.292s][info][gc,phases,start] GC(289) Summary Phase
[85.292s][info][gc,phases      ] GC(289) Summary Phase 0.092ms
[85.292s][info][gc,phases,start] GC(289) Adjust Roots
[85.293s][info][gc,phases      ] GC(289) Adjust Roots 0.198ms
[85.293s][info][gc,phases,start] GC(289) Compaction Phase
[85.883s][info][gc,phases      ] GC(289) Compaction Phase 590.726ms
[85.883s][info][gc,phases,start] GC(289) Post Compact
[85.897s][info][gc,phases      ] GC(289) Post Compact 13.259ms
[85.897s][info][gc,heap        ] GC(289) PSYoungGen: 212626K(470528K)->212626K(470528K) Eden: 151551K(151552K)->151551K(151552K) From: 61074K(318976K)->61074K(318976K)
[85.897s][info][gc,heap        ] GC(289) ParOldGen: 8601526K(8601600K)->8601526K(8601600K)
[85.897s][info][gc,metaspace   ] GC(289) Metaspace: 6302K(6464K)->6302K(6464K) NonClass: 5768K(5824K)->5768K(5824K) Class: 533K(640K)->533K(640K)
[85.897s][info][gc             ] GC(289) Pause Full (Ergonomics) 8607M->8607M(8859M) 2574.449ms
[85.897s][info][gc,cpu         ] GC(289) User=19.23s Sys=0.00s Real=2.57s
[85.897s][info][gc,start       ] GC(290) Pause Full (Ergonomics)
[85.897s][info][gc,phases,start] GC(290) Marking Phase
[87.871s][info][gc,phases      ] GC(290) Marking Phase 1973.809ms
[87.871s][info][gc,phases,start] GC(290) Summary Phase
[87.871s][info][gc,phases      ] GC(290) Summary Phase 0.091ms
[87.871s][info][gc,phases,start] GC(290) Adjust Roots
[87.871s][info][gc,phases      ] GC(290) Adjust Roots 0.212ms
[87.871s][info][gc,phases,start] GC(290) Compaction Phase
[88.474s][info][gc,phases      ] GC(290) Compaction Phase 602.224ms
[88.474s][info][gc,phases,start] GC(290) Post Compact
[88.487s][info][gc,phases      ] GC(290) Post Compact 13.066ms
[88.487s][info][gc,heap        ] GC(290) PSYoungGen: 212626K(470528K)->212626K(470528K) Eden: 151551K(151552K)->151551K(151552K) From: 61074K(318976K)->61074K(318976K)
[88.487s][info][gc,heap        ] GC(290) ParOldGen: 8601531K(8601600K)->8601531K(8601600K)
[88.487s][info][gc,metaspace   ] GC(290) Metaspace: 6302K(6464K)->6302K(6464K) NonClass: 5768K(5824K)->5768K(5824K) Class: 533K(640K)->533K(640K)
[88.487s][info][gc             ] GC(290) Pause Full (Ergonomics) 8607M->8607M(8859M) 2589.817ms
[88.487s][info][gc,cpu         ] GC(290) User=19.41s Sys=0.00s Real=2.59s
[88.487s][info][gc,start       ] GC(291) Pause Full (Ergonomics)
[88.487s][info][gc,phases,start] GC(291) Marking Phase
[90.439s][info][gc,phases      ] GC(291) Marking Phase 1951.508ms
[90.439s][info][gc,phases,start] GC(291) Summary Phase
[90.439s][info][gc,phases      ] GC(291) Summary Phase 0.089ms
[90.439s][info][gc,phases,start] GC(291) Adjust Roots
[90.439s][info][gc,phases      ] GC(291) Adjust Roots 0.163ms
[90.439s][info][gc,phases,start] GC(291) Compaction Phase
[91.019s][info][gc,phases      ] GC(291) Compaction Phase 580.109ms
[91.019s][info][gc,phases,start] GC(291) Post Compact
[91.033s][info][gc,phases      ] GC(291) Post Compact 13.289ms
[91.033s][info][gc,heap        ] GC(291) PSYoungGen: 212626K(470528K)->212626K(470528K) Eden: 151551K(151552K)->151551K(151552K) From: 61074K(318976K)->61074K(318976K)
[91.033s][info][gc,heap        ] GC(291) ParOldGen: 8601536K(8601600K)->8601536K(8601600K)
[91.033s][info][gc,metaspace   ] GC(291) Metaspace: 6302K(6464K)->6302K(6464K) NonClass: 5768K(5824K)->5768K(5824K) Class: 533K(640K)->533K(640K)
[91.033s][info][gc             ] GC(291) Pause Full (Ergonomics) 8607M->8607M(8859M) 2545.511ms
[91.033s][info][gc,cpu         ] GC(291) User=19.23s Sys=0.00s Real=2.54s
[91.033s][info][gc,start       ] GC(292) Pause Full (Ergonomics)
[91.033s][info][gc,phases,start] GC(292) Marking Phase
[92.997s][info][gc,phases      ] GC(292) Marking Phase 1963.592ms
[92.997s][info][gc,phases,start] GC(292) Summary Phase
[92.997s][info][gc,phases      ] GC(292) Summary Phase 0.098ms
[92.997s][info][gc,phases,start] GC(292) Adjust Roots
[92.997s][info][gc,phases      ] GC(292) Adjust Roots 0.246ms
[92.997s][info][gc,phases,start] GC(292) Compaction Phase
[93.567s][info][gc,phases      ] GC(292) Compaction Phase 569.827ms
[93.567s][info][gc,phases,start] GC(292) Post Compact
[93.580s][info][gc,phases      ] GC(292) Post Compact 13.331ms
[93.580s][info][gc,heap        ] GC(292) PSYoungGen: 212626K(470528K)->212626K(470528K) Eden: 151551K(151552K)->151551K(151552K) From: 61074K(318976K)->61074K(318976K)
[93.580s][info][gc,heap        ] GC(292) ParOldGen: 8601541K(8601600K)->8601541K(8601600K)
[93.580s][info][gc,metaspace   ] GC(292) Metaspace: 6302K(6464K)->6302K(6464K) NonClass: 5768K(5824K)->5768K(5824K) Class: 533K(640K)->533K(640K)
[93.580s][info][gc             ] GC(292) Pause Full (Ergonomics) 8607M->8607M(8859M) 2547.430ms
[93.580s][info][gc,cpu         ] GC(292) User=19.42s Sys=0.00s Real=2.55s
[93.581s][info][gc,start       ] GC(293) Pause Full (Ergonomics)
[93.581s][info][gc,phases,start] GC(293) Marking Phase
[95.541s][info][gc,phases      ] GC(293) Marking Phase 1960.590ms
[95.541s][info][gc,phases,start] GC(293) Summary Phase
[95.541s][info][gc,phases      ] GC(293) Summary Phase 0.087ms
[95.541s][info][gc,phases,start] GC(293) Adjust Roots
[95.542s][info][gc,phases      ] GC(293) Adjust Roots 0.177ms
[95.542s][info][gc,phases,start] GC(293) Compaction Phase
[96.116s][info][gc,phases      ] GC(293) Compaction Phase 574.068ms
[96.116s][info][gc,phases,start] GC(293) Post Compact
[96.129s][info][gc,phases      ] GC(293) Post Compact 13.589ms
[96.129s][info][gc,heap        ] GC(293) PSYoungGen: 212626K(470528K)->212626K(470528K) Eden: 151551K(151552K)->151551K(151552K) From: 61074K(318976K)->61074K(318976K)
[96.129s][info][gc,heap        ] GC(293) ParOldGen: 8601546K(8601600K)->8601546K(8601600K)
[96.129s][info][gc,metaspace   ] GC(293) Metaspace: 6302K(6464K)->6302K(6464K) NonClass: 5768K(5824K)->5768K(5824K) Class: 533K(640K)->533K(640K)
[96.129s][info][gc             ] GC(293) Pause Full (Ergonomics) 8607M->8607M(8859M) 2548.848ms
[96.129s][info][gc,cpu         ] GC(293) User=19.41s Sys=0.02s Real=2.55s
[96.130s][info][gc,start       ] GC(294) Pause Full (Ergonomics)
[96.130s][info][gc,phases,start] GC(294) Marking Phase
[98.130s][info][gc,phases      ] GC(294) Marking Phase 2000.350ms
[98.130s][info][gc,phases,start] GC(294) Summary Phase
[98.130s][info][gc,phases      ] GC(294) Summary Phase 0.090ms
[98.130s][info][gc,phases,start] GC(294) Adjust Roots
[98.130s][info][gc,phases      ] GC(294) Adjust Roots 0.195ms
[98.130s][info][gc,phases,start] GC(294) Compaction Phase
[98.703s][info][gc,phases      ] GC(294) Compaction Phase 572.458ms
[98.703s][info][gc,phases,start] GC(294) Post Compact
[98.716s][info][gc,phases      ] GC(294) Post Compact 13.228ms
[98.716s][info][gc,heap        ] GC(294) PSYoungGen: 212626K(470528K)->212626K(470528K) Eden: 151551K(151552K)->151551K(151552K) From: 61074K(318976K)->61074K(318976K)
[98.716s][info][gc,heap        ] GC(294) ParOldGen: 8601550K(8601600K)->8601550K(8601600K)
[98.716s][info][gc,metaspace   ] GC(294) Metaspace: 6302K(6464K)->6302K(6464K) NonClass: 5768K(5824K)->5768K(5824K) Class: 533K(640K)->533K(640K)
[98.716s][info][gc             ] GC(294) Pause Full (Ergonomics) 8607M->8607M(8859M) 2586.689ms
[98.716s][info][gc,cpu         ] GC(294) User=19.61s Sys=0.00s Real=2.59s
[98.717s][info][gc,start       ] GC(295) Pause Full (Ergonomics)
[98.717s][info][gc,phases,start] GC(295) Marking Phase
[100.677s][info][gc,phases      ] GC(295) Marking Phase 1960.592ms
[100.677s][info][gc,phases,start] GC(295) Summary Phase
[100.677s][info][gc,phases      ] GC(295) Summary Phase 0.082ms
[100.677s][info][gc,phases,start] GC(295) Adjust Roots
[100.678s][info][gc,phases      ] GC(295) Adjust Roots 0.165ms
[100.678s][info][gc,phases,start] GC(295) Compaction Phase
[101.261s][info][gc,phases      ] GC(295) Compaction Phase 583.141ms
[101.261s][info][gc,phases,start] GC(295) Post Compact
[101.274s][info][gc,phases      ] GC(295) Post Compact 13.315ms
[101.274s][info][gc,heap        ] GC(295) PSYoungGen: 212626K(470528K)->212626K(470528K) Eden: 151551K(151552K)->151551K(151552K) From: 61074K(318976K)->61074K(318976K)
[101.274s][info][gc,heap        ] GC(295) ParOldGen: 8601555K(8601600K)->8601555K(8601600K)
[101.274s][info][gc,metaspace   ] GC(295) Metaspace: 6302K(6464K)->6302K(6464K) NonClass: 5768K(5824K)->5768K(5824K) Class: 533K(640K)->533K(640K)
[101.274s][info][gc             ] GC(295) Pause Full (Ergonomics) 8607M->8607M(8859M) 2557.655ms
[101.274s][info][gc,cpu         ] GC(295) User=19.41s Sys=0.00s Real=2.56s
[101.274s][info][gc,start       ] GC(296) Pause Full (Ergonomics)
[101.274s][info][gc,phases,start] GC(296) Marking Phase
[103.277s][info][gc,phases      ] GC(296) Marking Phase 2002.500ms
[103.277s][info][gc,phases,start] GC(296) Summary Phase
[103.277s][info][gc,phases      ] GC(296) Summary Phase 0.106ms
[103.277s][info][gc,phases,start] GC(296) Adjust Roots
[103.277s][info][gc,phases      ] GC(296) Adjust Roots 0.231ms
[103.277s][info][gc,phases,start] GC(296) Compaction Phase
[103.879s][info][gc,phases      ] GC(296) Compaction Phase 601.467ms
[103.879s][info][gc,phases,start] GC(296) Post Compact
[103.892s][info][gc,phases      ] GC(296) Post Compact 13.334ms
[103.892s][info][gc,heap        ] GC(296) PSYoungGen: 212626K(470528K)->212626K(470528K) Eden: 151551K(151552K)->151551K(151552K) From: 61074K(318976K)->61074K(318976K)
[103.892s][info][gc,heap        ] GC(296) ParOldGen: 8601560K(8601600K)->8601560K(8601600K)
[103.892s][info][gc,metaspace   ] GC(296) Metaspace: 6302K(6464K)->6302K(6464K) NonClass: 5768K(5824K)->5768K(5824K) Class: 533K(640K)->533K(640K)
[103.892s][info][gc             ] GC(296) Pause Full (Ergonomics) 8607M->8607M(8859M) 2617.975ms
[103.892s][info][gc,cpu         ] GC(296) User=19.80s Sys=0.00s Real=2.62s
[103.893s][info][gc,start       ] GC(297) Pause Full (Ergonomics)
[103.893s][info][gc,phases,start] GC(297) Marking Phase
[105.881s][info][gc,phases      ] GC(297) Marking Phase 1988.517ms
[105.881s][info][gc,phases,start] GC(297) Summary Phase
[105.881s][info][gc,phases      ] GC(297) Summary Phase 0.088ms
[105.881s][info][gc,phases,start] GC(297) Adjust Roots
[105.882s][info][gc,phases      ] GC(297) Adjust Roots 0.179ms
[105.882s][info][gc,phases,start] GC(297) Compaction Phase
[106.498s][info][gc,phases      ] GC(297) Compaction Phase 615.934ms
[106.498s][info][gc,phases,start] GC(297) Post Compact
[106.512s][info][gc,phases      ] GC(297) Post Compact 13.924ms
[106.512s][info][gc,heap        ] GC(297) PSYoungGen: 212626K(470528K)->212626K(470528K) Eden: 151551K(151552K)->151551K(151552K) From: 61074K(318976K)->61074K(318976K)
[106.512s][info][gc,heap        ] GC(297) ParOldGen: 8601565K(8601600K)->8601565K(8601600K)
[106.512s][info][gc,metaspace   ] GC(297) Metaspace: 6302K(6464K)->6302K(6464K) NonClass: 5768K(5824K)->5768K(5824K) Class: 533K(640K)->533K(640K)
[106.512s][info][gc             ] GC(297) Pause Full (Ergonomics) 8607M->8607M(8859M) 2619.008ms
[106.512s][info][gc,cpu         ] GC(297) User=19.73s Sys=0.00s Real=2.62s
[106.512s][info][gc,start       ] GC(298) Pause Full (Ergonomics)
[106.512s][info][gc,phases,start] GC(298) Marking Phase
[108.493s][info][gc,phases      ] GC(298) Marking Phase 1980.620ms
[108.493s][info][gc,phases,start] GC(298) Summary Phase
[108.493s][info][gc,phases      ] GC(298) Summary Phase 0.083ms
[108.493s][info][gc,phases,start] GC(298) Adjust Roots
[108.493s][info][gc,phases      ] GC(298) Adjust Roots 0.163ms
[108.493s][info][gc,phases,start] GC(298) Compaction Phase
[109.134s][info][gc,phases      ] GC(298) Compaction Phase 641.482ms
[109.134s][info][gc,phases,start] GC(298) Post Compact
[109.148s][info][gc,phases      ] GC(298) Post Compact 13.173ms
[109.148s][info][gc,heap        ] GC(298) PSYoungGen: 212626K(470528K)->212626K(470528K) Eden: 151551K(151552K)->151551K(151552K) From: 61074K(318976K)->61074K(318976K)
[109.148s][info][gc,heap        ] GC(298) ParOldGen: 8601570K(8601600K)->8601570K(8601600K)
[109.148s][info][gc,metaspace   ] GC(298) Metaspace: 6302K(6464K)->6302K(6464K) NonClass: 5768K(5824K)->5768K(5824K) Class: 533K(640K)->533K(640K)
[109.148s][info][gc             ] GC(298) Pause Full (Ergonomics) 8607M->8607M(8859M) 2635.849ms
[109.148s][info][gc,cpu         ] GC(298) User=19.73s Sys=0.02s Real=2.64s
[109.148s][info][gc,start       ] GC(299) Pause Full (Ergonomics)
[109.148s][info][gc,phases,start] GC(299) Marking Phase
[111.149s][info][gc,phases      ] GC(299) Marking Phase 2000.795ms
[111.149s][info][gc,phases,start] GC(299) Summary Phase
[111.149s][info][gc,phases      ] GC(299) Summary Phase 0.097ms
[111.149s][info][gc,phases,start] GC(299) Adjust Roots
[111.149s][info][gc,phases      ] GC(299) Adjust Roots 0.175ms
[111.149s][info][gc,phases,start] GC(299) Compaction Phase
[111.756s][info][gc,phases      ] GC(299) Compaction Phase 606.846ms
[111.756s][info][gc,phases,start] GC(299) Post Compact
[111.769s][info][gc,phases      ] GC(299) Post Compact 13.309ms
[111.769s][info][gc,heap        ] GC(299) PSYoungGen: 212626K(470528K)->212626K(470528K) Eden: 151551K(151552K)->151551K(151552K) From: 61074K(318976K)->61074K(318976K)
[111.770s][info][gc,heap        ] GC(299) ParOldGen: 8601575K(8601600K)->8601575K(8601600K)
[111.770s][info][gc,metaspace   ] GC(299) Metaspace: 6302K(6464K)->6302K(6464K) NonClass: 5768K(5824K)->5768K(5824K) Class: 533K(640K)->533K(640K)
[111.770s][info][gc             ] GC(299) Pause Full (Ergonomics) 8607M->8607M(8859M) 2621.576ms
[111.770s][info][gc,cpu         ] GC(299) User=19.95s Sys=0.03s Real=2.62s
[111.770s][info][gc,start       ] GC(300) Pause Full (Ergonomics)
[111.770s][info][gc,phases,start] GC(300) Marking Phase
[113.739s][info][gc,phases      ] GC(300) Marking Phase 1968.909ms
[113.739s][info][gc,phases,start] GC(300) Summary Phase
[113.739s][info][gc,phases      ] GC(300) Summary Phase 0.087ms
[113.739s][info][gc,phases,start] GC(300) Adjust Roots
[113.739s][info][gc,phases      ] GC(300) Adjust Roots 0.221ms
[113.739s][info][gc,phases,start] GC(300) Compaction Phase
[114.363s][info][gc,phases      ] GC(300) Compaction Phase 623.761ms
[114.363s][info][gc,phases,start] GC(300) Post Compact
[114.376s][info][gc,phases      ] GC(300) Post Compact 13.318ms
[114.376s][info][gc,heap        ] GC(300) PSYoungGen: 212626K(470528K)->212626K(470528K) Eden: 151551K(151552K)->151551K(151552K) From: 61074K(318976K)->61074K(318976K)
[114.376s][info][gc,heap        ] GC(300) ParOldGen: 8601579K(8601600K)->8601579K(8601600K)
[114.376s][info][gc,metaspace   ] GC(300) Metaspace: 6302K(6464K)->6302K(6464K) NonClass: 5768K(5824K)->5768K(5824K) Class: 533K(640K)->533K(640K)
[114.376s][info][gc             ] GC(300) Pause Full (Ergonomics) 8607M->8607M(8859M) 2606.681ms
[114.376s][info][gc,cpu         ] GC(300) User=19.86s Sys=0.00s Real=2.61s
[114.377s][info][gc,start       ] GC(301) Pause Full (Ergonomics)
[114.377s][info][gc,phases,start] GC(301) Marking Phase
[116.360s][info][gc,phases      ] GC(301) Marking Phase 1983.412ms
[116.360s][info][gc,phases,start] GC(301) Summary Phase
[116.360s][info][gc,phases      ] GC(301) Summary Phase 0.130ms
[116.360s][info][gc,phases,start] GC(301) Adjust Roots
[116.361s][info][gc,phases      ] GC(301) Adjust Roots 0.233ms
[116.361s][info][gc,phases,start] GC(301) Compaction Phase
[116.974s][info][gc,phases      ] GC(301) Compaction Phase 613.494ms
[116.974s][info][gc,phases,start] GC(301) Post Compact
[116.988s][info][gc,phases      ] GC(301) Post Compact 13.333ms
[116.988s][info][gc,heap        ] GC(301) PSYoungGen: 212626K(470528K)->212626K(470528K) Eden: 151551K(151552K)->151551K(151552K) From: 61074K(318976K)->61074K(318976K)
[116.988s][info][gc,heap        ] GC(301) ParOldGen: 8601584K(8601600K)->8601584K(8601600K)
[116.988s][info][gc,metaspace   ] GC(301) Metaspace: 6302K(6464K)->6302K(6464K) NonClass: 5768K(5824K)->5768K(5824K) Class: 533K(640K)->533K(640K)
[116.988s][info][gc             ] GC(301) Pause Full (Ergonomics) 8607M->8607M(8859M) 2611.029ms
[116.988s][info][gc,cpu         ] GC(301) User=19.91s Sys=0.00s Real=2.61s
[116.988s][info][gc,start       ] GC(302) Pause Full (Ergonomics)
[116.988s][info][gc,phases,start] GC(302) Marking Phase
[118.955s][info][gc,phases      ] GC(302) Marking Phase 1966.692ms
[118.955s][info][gc,phases,start] GC(302) Summary Phase
[118.955s][info][gc,phases      ] GC(302) Summary Phase 0.086ms
[118.955s][info][gc,phases,start] GC(302) Adjust Roots
[118.955s][info][gc,phases      ] GC(302) Adjust Roots 0.185ms
[118.955s][info][gc,phases,start] GC(302) Compaction Phase
[119.594s][info][gc,phases      ] GC(302) Compaction Phase 638.876ms
[119.594s][info][gc,phases,start] GC(302) Post Compact
[119.609s][info][gc,phases      ] GC(302) Post Compact 14.941ms
[119.609s][info][gc,heap        ] GC(302) PSYoungGen: 212626K(470528K)->212626K(470528K) Eden: 151551K(151552K)->151551K(151552K) From: 61074K(318976K)->61074K(318976K)
[119.609s][info][gc,heap        ] GC(302) ParOldGen: 8601589K(8601600K)->8601589K(8601600K)
[119.609s][info][gc,metaspace   ] GC(302) Metaspace: 6302K(6464K)->6302K(6464K) NonClass: 5768K(5824K)->5768K(5824K) Class: 533K(640K)->533K(640K)
[119.609s][info][gc             ] GC(302) Pause Full (Ergonomics) 8607M->8607M(8859M) 2621.154ms
[119.609s][info][gc,cpu         ] GC(302) User=19.80s Sys=0.03s Real=2.62s
[119.609s][info][gc,start       ] GC(303) Pause Full (Ergonomics)
[119.609s][info][gc,phases,start] GC(303) Marking Phase
[121.594s][info][gc,phases      ] GC(303) Marking Phase 1984.358ms
[121.594s][info][gc,phases,start] GC(303) Summary Phase
[121.594s][info][gc,phases      ] GC(303) Summary Phase 0.095ms
[121.594s][info][gc,phases,start] GC(303) Adjust Roots
[121.594s][info][gc,phases      ] GC(303) Adjust Roots 0.205ms
[121.594s][info][gc,phases,start] GC(303) Compaction Phase
[122.317s][info][gc,phases      ] GC(303) Compaction Phase 723.233ms
[122.317s][info][gc,phases,start] GC(303) Post Compact
[122.333s][info][gc,phases      ] GC(303) Post Compact 15.734ms
[122.333s][info][gc,heap        ] GC(303) PSYoungGen: 212626K(470528K)->212626K(470528K) Eden: 151551K(151552K)->151551K(151552K) From: 61074K(318976K)->61074K(318976K)
[122.333s][info][gc,heap        ] GC(303) ParOldGen: 8601594K(8601600K)->8601594K(8601600K)
[122.333s][info][gc,metaspace   ] GC(303) Metaspace: 6302K(6464K)->6302K(6464K) NonClass: 5768K(5824K)->5768K(5824K) Class: 533K(640K)->533K(640K)
[122.333s][info][gc             ] GC(303) Pause Full (Ergonomics) 8607M->8607M(8859M) 2724.029ms
[122.333s][info][gc,cpu         ] GC(303) User=20.08s Sys=0.00s Real=2.72s
[122.334s][info][gc,start       ] GC(304) Pause Full (Ergonomics)
[122.334s][info][gc,phases,start] GC(304) Marking Phase
[124.322s][info][gc,phases      ] GC(304) Marking Phase 1988.760ms
[124.322s][info][gc,phases,start] GC(304) Summary Phase
[124.323s][info][gc,phases      ] GC(304) Summary Phase 0.094ms
[124.323s][info][gc,phases,start] GC(304) Adjust Roots
[124.323s][info][gc,phases      ] GC(304) Adjust Roots 0.175ms
[124.323s][info][gc,phases,start] GC(304) Compaction Phase
[124.971s][info][gc,phases      ] GC(304) Compaction Phase 648.313ms
[124.971s][info][gc,phases,start] GC(304) Post Compact
[124.987s][info][gc,phases      ] GC(304) Post Compact 15.517ms
[124.987s][info][gc,heap        ] GC(304) PSYoungGen: 212626K(470528K)->212626K(470528K) Eden: 151551K(151552K)->151551K(151552K) From: 61074K(318976K)->61074K(318976K)
[124.987s][info][gc,heap        ] GC(304) ParOldGen: 8601599K(8601600K)->8601599K(8601600K)
[124.987s][info][gc,metaspace   ] GC(304) Metaspace: 6302K(6464K)->6302K(6464K) NonClass: 5768K(5824K)->5768K(5824K) Class: 533K(640K)->533K(640K)
[124.987s][info][gc             ] GC(304) Pause Full (Ergonomics) 8607M->8607M(8859M) 2653.180ms
[124.987s][info][gc,cpu         ] GC(304) User=20.11s Sys=0.05s Real=2.65s
[124.987s][info][gc,start       ] GC(305) Pause Full (Ergonomics)
[124.987s][info][gc,phases,start] GC(305) Marking Phase
[126.964s][info][gc,phases      ] GC(305) Marking Phase 1977.082ms
[126.964s][info][gc,phases,start] GC(305) Summary Phase
[126.964s][info][gc,phases      ] GC(305) Summary Phase 0.087ms
[126.964s][info][gc,phases,start] GC(305) Adjust Roots
[126.964s][info][gc,phases      ] GC(305) Adjust Roots 0.198ms
[126.964s][info][gc,phases,start] GC(305) Compaction Phase
[127.629s][info][gc,phases      ] GC(305) Compaction Phase 664.323ms
[127.629s][info][gc,phases,start] GC(305) Post Compact
[127.644s][info][gc,phases      ] GC(305) Post Compact 15.478ms
[127.644s][info][gc,heap        ] GC(305) PSYoungGen: 212626K(470528K)->212626K(470528K) Eden: 151551K(151552K)->151551K(151552K) From: 61074K(318976K)->61074K(318976K)
[127.644s][info][gc,heap        ] GC(305) ParOldGen: 8601600K(8601600K)->8601600K(8601600K)
[127.644s][info][gc,metaspace   ] GC(305) Metaspace: 6302K(6464K)->6302K(6464K) NonClass: 5768K(5824K)->5768K(5824K) Class: 533K(640K)->533K(640K)
[127.644s][info][gc             ] GC(305) Pause Full (Ergonomics) 8607M->8607M(8859M) 2657.554ms
[127.644s][info][gc,cpu         ] GC(305) User=20.12s Sys=0.00s Real=2.66s
[127.645s][info][gc,start       ] GC(306) Pause Full (Allocation Failure)
[127.645s][info][gc,phases,start] GC(306) Marking Phase
[129.646s][info][gc,phases      ] GC(306) Marking Phase 2001.857ms
[129.646s][info][gc,phases,start] GC(306) Summary Phase
[129.647s][info][gc,phases      ] GC(306) Summary Phase 0.089ms
[129.647s][info][gc,phases,start] GC(306) Adjust Roots
[129.647s][info][gc,phases      ] GC(306) Adjust Roots 0.436ms
[129.647s][info][gc,phases,start] GC(306) Compaction Phase
[131.872s][info][gc,phases      ] GC(306) Compaction Phase 2224.986ms
[131.872s][info][gc,phases,start] GC(306) Post Compact
[131.888s][info][gc,phases      ] GC(306) Post Compact 16.077ms
[131.888s][info][gc,heap        ] GC(306) PSYoungGen: 212626K(470528K)->212626K(470528K) Eden: 151551K(151552K)->151551K(151552K) From: 61074K(318976K)->61074K(318976K)
[131.888s][info][gc,heap        ] GC(306) ParOldGen: 8601600K(8601600K)->8601595K(8601600K)
[131.888s][info][gc,metaspace   ] GC(306) Metaspace: 6302K(6464K)->6300K(6464K) NonClass: 5768K(5824K)->5767K(5824K) Class: 533K(640K)->532K(640K)
[131.888s][info][gc             ] GC(306) Pause Full (Allocation Failure) 8607M->8607M(8859M) 4243.810ms
[131.888s][info][gc,cpu         ] GC(306) User=31.70s Sys=0.02s Real=4.24s
[131.889s][info][gc,start       ] GC(307) Pause Full (Ergonomics)
[131.889s][info][gc,phases,start] GC(307) Marking Phase
[133.884s][info][gc,phases      ] GC(307) Marking Phase 1994.875ms
[133.884s][info][gc,phases,start] GC(307) Summary Phase
[133.884s][info][gc,phases      ] GC(307) Summary Phase 0.089ms
[133.884s][info][gc,phases,start] GC(307) Adjust Roots
[133.884s][info][gc,phases      ] GC(307) Adjust Roots 0.225ms
[133.884s][info][gc,phases,start] GC(307) Compaction Phase
[134.557s][info][gc,phases      ] GC(307) Compaction Phase 672.916ms
[134.557s][info][gc,phases,start] GC(307) Post Compact
[134.572s][info][gc,phases      ] GC(307) Post Compact 14.410ms
[134.572s][info][gc,heap        ] GC(307) PSYoungGen: 212626K(470528K)->212626K(470528K) Eden: 151551K(151552K)->151551K(151552K) From: 61074K(318976K)->61074K(318976K)
[134.572s][info][gc,heap        ] GC(307) ParOldGen: 8601599K(8601600K)->8601599K(8601600K)
[134.572s][info][gc,metaspace   ] GC(307) Metaspace: 6300K(6464K)->6300K(6464K) NonClass: 5767K(5824K)->5767K(5824K) Class: 532K(640K)->532K(640K)
[134.572s][info][gc             ] GC(307) Pause Full (Ergonomics) 8607M->8607M(8859M) 2682.914ms
[134.572s][info][gc,cpu         ] GC(307) User=20.20s Sys=0.00s Real=2.68s
[134.572s][info][gc,start       ] GC(308) Pause Full (Ergonomics)
[134.572s][info][gc,phases,start] GC(308) Marking Phase
[136.572s][info][gc,phases      ] GC(308) Marking Phase 1999.587ms
[136.572s][info][gc,phases,start] GC(308) Summary Phase
[136.572s][info][gc,phases      ] GC(308) Summary Phase 0.138ms
[136.572s][info][gc,phases,start] GC(308) Adjust Roots
[136.572s][info][gc,phases      ] GC(308) Adjust Roots 0.213ms
[136.572s][info][gc,phases,start] GC(308) Compaction Phase
[137.252s][info][gc,phases      ] GC(308) Compaction Phase 679.392ms
[137.252s][info][gc,phases,start] GC(308) Post Compact
[137.266s][info][gc,phases      ] GC(308) Post Compact 14.465ms
[137.266s][info][gc,heap        ] GC(308) PSYoungGen: 212626K(470528K)->212626K(470528K) Eden: 151551K(151552K)->151551K(151552K) From: 61074K(318976K)->61074K(318976K)
[137.266s][info][gc,heap        ] GC(308) ParOldGen: 8601599K(8601600K)->8601599K(8601600K)
[137.266s][info][gc,metaspace   ] GC(308) Metaspace: 6300K(6464K)->6300K(6464K) NonClass: 5767K(5824K)->5767K(5824K) Class: 532K(640K)->532K(640K)
[137.266s][info][gc             ] GC(308) Pause Full (Ergonomics) 8607M->8607M(8859M) 2694.204ms
[137.266s][info][gc,cpu         ] GC(308) User=20.30s Sys=0.00s Real=2.69s
[137.266s][info][gc,start       ] GC(309) Pause Full (Allocation Failure)
[137.266s][info][gc,phases,start] GC(309) Marking Phase
[139.278s][info][gc,phases      ] GC(309) Marking Phase 2011.867ms
[139.278s][info][gc,phases,start] GC(309) Summary Phase
[139.279s][info][gc,phases      ] GC(309) Summary Phase 0.133ms
[139.279s][info][gc,phases,start] GC(309) Adjust Roots
[139.279s][info][gc,phases      ] GC(309) Adjust Roots 0.272ms
[139.279s][info][gc,phases,start] GC(309) Compaction Phase
[139.975s][info][gc,phases      ] GC(309) Compaction Phase 695.889ms
[139.975s][info][gc,phases,start] GC(309) Post Compact
[139.989s][info][gc,phases      ] GC(309) Post Compact 14.224ms
[139.989s][info][gc,heap        ] GC(309) PSYoungGen: 212626K(470528K)->212626K(470528K) Eden: 151551K(151552K)->151551K(151552K) From: 61074K(318976K)->61074K(318976K)
[139.989s][info][gc,heap        ] GC(309) ParOldGen: 8601599K(8601600K)->8601599K(8601600K)
[139.989s][info][gc,metaspace   ] GC(309) Metaspace: 6300K(6464K)->6300K(6464K) NonClass: 5767K(5824K)->5767K(5824K) Class: 532K(640K)->532K(640K)
[139.989s][info][gc             ] GC(309) Pause Full (Allocation Failure) 8607M->8607M(8859M) 2722.728ms
[139.989s][info][gc,cpu         ] GC(309) User=20.56s Sys=0.02s Real=2.72s
[139.990s][info][gc,start       ] GC(310) Pause Full (Ergonomics)
[139.990s][info][gc,phases,start] GC(310) Marking Phase
[142.025s][info][gc,phases      ] GC(310) Marking Phase 2035.226ms
[142.025s][info][gc,phases,start] GC(310) Summary Phase
[142.025s][info][gc,phases      ] GC(310) Summary Phase 0.122ms
[142.025s][info][gc,phases,start] GC(310) Adjust Roots
[142.025s][info][gc,phases      ] GC(310) Adjust Roots 0.372ms
[142.026s][info][gc,phases,start] GC(310) Compaction Phase
[144.264s][info][gc,phases      ] GC(310) Compaction Phase 2238.164ms
[144.264s][info][gc,phases,start] GC(310) Post Compact
[144.280s][info][gc,phases      ] GC(310) Post Compact 16.641ms
[144.281s][info][gc,heap        ] GC(310) PSYoungGen: 212626K(470528K)->212626K(470528K) Eden: 151551K(151552K)->151551K(151552K) From: 61074K(318976K)->61074K(318976K)
[144.281s][info][gc,heap        ] GC(310) ParOldGen: 8601599K(8601600K)->8601598K(8601600K)
[144.281s][info][gc,metaspace   ] GC(310) Metaspace: 6300K(6464K)->6300K(6464K) NonClass: 5767K(5824K)->5767K(5824K) Class: 532K(640K)->532K(640K)
[144.281s][info][gc             ] GC(310) Pause Full (Ergonomics) 8607M->8607M(8859M) 4290.989ms
[144.281s][info][gc,cpu         ] GC(310) User=31.86s Sys=0.02s Real=4.29s
[144.282s][info][gc,start       ] GC(311) Pause Full (Ergonomics)
[144.282s][info][gc,phases,start] GC(311) Marking Phase
[146.320s][info][gc,phases      ] GC(311) Marking Phase 2038.142ms
[146.320s][info][gc,phases,start] GC(311) Summary Phase
[146.320s][info][gc,phases      ] GC(311) Summary Phase 0.092ms
[146.320s][info][gc,phases,start] GC(311) Adjust Roots
[146.320s][info][gc,phases      ] GC(311) Adjust Roots 0.320ms
[146.320s][info][gc,phases,start] GC(311) Compaction Phase
[148.517s][info][gc,phases      ] GC(311) Compaction Phase 2197.028ms
[148.517s][info][gc,phases,start] GC(311) Post Compact
[148.533s][info][gc,phases      ] GC(311) Post Compact 15.153ms
[148.533s][info][gc,heap        ] GC(311) PSYoungGen: 212626K(470528K)->212626K(470528K) Eden: 151552K(151552K)->151552K(151552K) From: 61074K(318976K)->61074K(318976K)
[148.533s][info][gc,heap        ] GC(311) ParOldGen: 8601599K(8601600K)->8601596K(8601600K)
[148.533s][info][gc,metaspace   ] GC(311) Metaspace: 6302K(6528K)->6302K(6528K) NonClass: 5768K(5888K)->5768K(5888K) Class: 533K(640K)->533K(640K)
[148.533s][info][gc             ] GC(311) Pause Full (Ergonomics) 8607M->8607M(8859M) 4251.152ms
[148.533s][info][gc,cpu         ] GC(311) User=31.23s Sys=0.00s Real=4.25s
[148.533s][info][gc,heap,exit   ] Heap
[148.533s][info][gc,heap,exit   ]  PSYoungGen      total 470528K, used 212626K [0x00000006f9800000, 0x0000000728d80000, 0x0000000800000000)
[148.533s][info][gc,heap,exit   ]   eden space 151552K, 100% used [0x00000006f9800000,0x0000000702c00000,0x0000000702c00000)
[148.533s][info][gc,heap,exit   ]   from space 318976K, 19% used [0x0000000702c00000,0x00000007067a4938,0x0000000716380000)
[148.533s][info][gc,heap,exit   ]   to   space 304128K, 0% used [0x0000000716480000,0x0000000716480000,0x0000000728d80000)
[148.533s][info][gc,heap,exit   ]  ParOldGen       total 8601600K, used 8601597K [0x00000004ec800000, 0x00000006f9800000, 0x00000006f9800000)
[148.533s][info][gc,heap,exit   ]   object space 8601600K, 99% used [0x00000004ec800000,0x00000006f97ff5a8,0x00000006f9800000)
[148.533s][info][gc,heap,exit   ]  Metaspace       used 6305K, committed 6528K, reserved 1114112K
[148.533s][info][gc,heap,exit   ]   class space    used 534K, committed 640K, reserved 1048576K
