[0.011s][info][gc,init] CardTable entry size: 512
[0.012s][info][gc     ] Using Parallel
[0.013s][info][gc,init] Version: 18.0.1+10 (release)
[0.013s][info][gc,init] CPUs: 8 total, 8 available
[0.013s][info][gc,init] Memory: 16063M
[0.013s][info][gc,init] Large Page Support: Disabled
[0.013s][info][gc,init] NUMA Support: Disabled
[0.013s][info][gc,init] Compressed Oops: Enabled (Zero based)
[0.013s][info][gc,init] Alignments: Space 512K, Generation 512K, Heap 2M
[0.013s][info][gc,init] Heap Min Capacity: 2M
[0.013s][info][gc,init] Heap Initial Capacity: 2M
[0.013s][info][gc,init] Heap Max Capacity: 15300M
[0.013s][info][gc,init] Pre-touch: Disabled
[0.013s][info][gc,init] Parallel Workers: 8
[0.014s][info][gc,metaspace] CDS archive(s) not mapped
[0.014s][info][gc,metaspace] Compressed class space mapped at: 0x0000000800000000-0x0000000840000000, reserved size: 1073741824
[0.014s][info][gc,metaspace] Narrow klass base: 0x0000000800000000, Narrow klass shift: 0, Narrow klass range: 0x40000000
[0.115s][info][gc,start    ] GC(0) Pause Young (Allocation Failure)
[0.117s][info][gc,heap     ] GC(0) PSYoungGen: 512K(1024K)->480K(1024K) Eden: 512K(512K)->0K(512K) From: 0K(512K)->480K(512K)
[0.117s][info][gc,heap     ] GC(0) ParOldGen: 0K(512K)->8K(512K)
[0.117s][info][gc,metaspace] GC(0) Metaspace: 4229K(4352K)->4229K(4352K) NonClass: 3908K(3968K)->3908K(3968K) Class: 321K(384K)->321K(384K)
[0.117s][info][gc          ] GC(0) Pause Young (Allocation Failure) 0M->0M(1M) 1.382ms
[0.117s][info][gc,cpu      ] GC(0) User=0.00s Sys=0.00s Real=0.00s
[0.182s][info][gc,start    ] GC(1) Pause Young (Allocation Failure)
[0.183s][info][gc,heap     ] GC(1) PSYoungGen: 991K(1024K)->512K(1536K) Eden: 511K(512K)->0K(1024K) From: 480K(512K)->512K(512K)
[0.183s][info][gc,heap     ] GC(1) ParOldGen: 8K(512K)->88K(512K)
[0.183s][info][gc,metaspace] GC(1) Metaspace: 5882K(6016K)->5882K(6016K) NonClass: 5385K(5504K)->5385K(5504K) Class: 496K(512K)->496K(512K)
[0.183s][info][gc          ] GC(1) Pause Young (Allocation Failure) 0M->0M(2M) 0.900ms
[0.183s][info][gc,cpu      ] GC(1) User=0.00s Sys=0.00s Real=0.00s
[0.204s][info][gc,start    ] GC(2) Pause Young (Allocation Failure)
[0.206s][info][gc,heap     ] GC(2) PSYoungGen: 1536K(1536K)->512K(1536K) Eden: 1024K(1024K)->0K(1024K) From: 512K(512K)->512K(512K)
[0.206s][info][gc,heap     ] GC(2) ParOldGen: 88K(512K)->504K(512K)
[0.206s][info][gc,metaspace] GC(2) Metaspace: 6300K(6528K)->6300K(6528K) NonClass: 5767K(5888K)->5767K(5888K) Class: 533K(640K)->533K(640K)
[0.206s][info][gc          ] GC(2) Pause Young (Allocation Failure) 1M->0M(2M) 1.581ms
[0.206s][info][gc,cpu      ] GC(2) User=0.00s Sys=0.00s Real=0.00s
[0.206s][info][gc,start    ] GC(3) Pause Full (Ergonomics)
[0.206s][info][gc,phases,start] GC(3) Marking Phase
[0.207s][info][gc,phases      ] GC(3) Marking Phase 0.969ms
[0.207s][info][gc,phases,start] GC(3) Summary Phase
[0.207s][info][gc,phases      ] GC(3) Summary Phase 0.014ms
[0.207s][info][gc,phases,start] GC(3) Adjust Roots
[0.208s][info][gc,phases      ] GC(3) Adjust Roots 0.415ms
[0.208s][info][gc,phases,start] GC(3) Compaction Phase
[0.209s][info][gc,phases      ] GC(3) Compaction Phase 1.586ms
[0.209s][info][gc,phases,start] GC(3) Post Compact
[0.209s][info][gc,phases      ] GC(3) Post Compact 0.081ms
[0.209s][info][gc,heap        ] GC(3) PSYoungGen: 512K(1536K)->511K(1536K) Eden: 0K(1024K)->0K(1024K) From: 512K(512K)->511K(512K)
[0.209s][info][gc,heap        ] GC(3) ParOldGen: 504K(512K)->469K(2048K)
[0.209s][info][gc,metaspace   ] GC(3) Metaspace: 6300K(6528K)->6300K(6528K) NonClass: 5767K(5888K)->5767K(5888K) Class: 533K(640K)->533K(640K)
[0.209s][info][gc             ] GC(3) Pause Full (Ergonomics) 0M->0M(3M) 3.313ms
[0.209s][info][gc,cpu         ] GC(3) User=0.00s Sys=0.00s Real=0.00s
[0.211s][info][gc,start       ] GC(4) Pause Young (Allocation Failure)
[0.212s][info][gc,heap        ] GC(4) PSYoungGen: 1535K(1536K)->480K(2560K) Eden: 1024K(1024K)->0K(2048K) From: 511K(512K)->480K(512K)
[0.212s][info][gc,heap        ] GC(4) ParOldGen: 469K(2048K)->1025K(2048K)
[0.213s][info][gc,metaspace   ] GC(4) Metaspace: 6300K(6528K)->6300K(6528K) NonClass: 5767K(5888K)->5767K(5888K) Class: 533K(640K)->533K(640K)
[0.213s][info][gc             ] GC(4) Pause Young (Allocation Failure) 1M->1M(4M) 1.585ms
[0.213s][info][gc,cpu         ] GC(4) User=0.00s Sys=0.00s Real=0.00s
[0.215s][info][gc,start       ] GC(5) Pause Young (Allocation Failure)
[0.217s][info][gc,heap        ] GC(5) PSYoungGen: 2528K(2560K)->480K(2560K) Eden: 2048K(2048K)->0K(2048K) From: 480K(512K)->480K(512K)
[0.217s][info][gc,heap        ] GC(5) ParOldGen: 1025K(2048K)->2097K(2560K)
[0.217s][info][gc,metaspace   ] GC(5) Metaspace: 6300K(6528K)->6300K(6528K) NonClass: 5767K(5888K)->5767K(5888K) Class: 533K(640K)->533K(640K)
[0.217s][info][gc             ] GC(5) Pause Young (Allocation Failure) 3M->2M(5M) 1.845ms
[0.217s][info][gc,cpu         ] GC(5) User=0.02s Sys=0.00s Real=0.00s
[0.217s][info][gc,start       ] GC(6) Pause Full (Ergonomics)
[0.217s][info][gc,phases,start] GC(6) Marking Phase
[0.219s][info][gc,phases      ] GC(6) Marking Phase 1.589ms
[0.219s][info][gc,phases,start] GC(6) Summary Phase
[0.219s][info][gc,phases      ] GC(6) Summary Phase 0.015ms
[0.219s][info][gc,phases,start] GC(6) Adjust Roots
[0.219s][info][gc,phases      ] GC(6) Adjust Roots 0.318ms
[0.219s][info][gc,phases,start] GC(6) Compaction Phase
[0.221s][info][gc,phases      ] GC(6) Compaction Phase 2.235ms
[0.222s][info][gc,phases,start] GC(6) Post Compact
[0.222s][info][gc,phases      ] GC(6) Post Compact 0.031ms
[0.222s][info][gc,heap        ] GC(6) PSYoungGen: 480K(2560K)->0K(4096K) Eden: 0K(2048K)->0K(3072K) From: 480K(512K)->0K(1024K)
[0.222s][info][gc,heap        ] GC(6) ParOldGen: 2097K(2560K)->2542K(6144K)
[0.222s][info][gc,metaspace   ] GC(6) Metaspace: 6300K(6528K)->6300K(6528K) NonClass: 5767K(5888K)->5767K(5888K) Class: 533K(640K)->533K(640K)
[0.222s][info][gc             ] GC(6) Pause Full (Ergonomics) 2M->2M(10M) 4.526ms
[0.222s][info][gc,cpu         ] GC(6) User=0.00s Sys=0.00s Real=0.00s
[0.226s][info][gc,start       ] GC(7) Pause Young (Allocation Failure)
[0.228s][info][gc,heap        ] GC(7) PSYoungGen: 3072K(4096K)->1664K(5120K) Eden: 3072K(3072K)->0K(3072K) From: 0K(1024K)->1664K(2048K)
[0.228s][info][gc,heap        ] GC(7) ParOldGen: 2542K(6144K)->2542K(6144K)
[0.228s][info][gc,metaspace   ] GC(7) Metaspace: 6300K(6528K)->6300K(6528K) NonClass: 5767K(5888K)->5767K(5888K) Class: 533K(640K)->533K(640K)
[0.228s][info][gc             ] GC(7) Pause Young (Allocation Failure) 5M->4M(11M) 1.804ms
[0.228s][info][gc,cpu         ] GC(7) User=0.00s Sys=0.00s Real=0.00s
[0.232s][info][gc,start       ] GC(8) Pause Young (Allocation Failure)
[0.235s][info][gc,heap        ] GC(8) PSYoungGen: 4736K(5120K)->2016K(5632K) Eden: 3072K(3072K)->0K(3584K) From: 1664K(2048K)->2016K(2048K)
[0.235s][info][gc,heap        ] GC(8) ParOldGen: 2542K(6144K)->3774K(6144K)
[0.235s][info][gc,metaspace   ] GC(8) Metaspace: 6300K(6528K)->6300K(6528K) NonClass: 5767K(5888K)->5767K(5888K) Class: 533K(640K)->533K(640K)
[0.235s][info][gc             ] GC(8) Pause Young (Allocation Failure) 7M->5M(11M) 2.696ms
[0.235s][info][gc,cpu         ] GC(8) User=0.00s Sys=0.00s Real=0.00s
[0.241s][info][gc,start       ] GC(9) Pause Young (Allocation Failure)
[0.244s][info][gc,heap        ] GC(9) PSYoungGen: 5600K(5632K)->3040K(6656K) Eden: 3584K(3584K)->0K(3584K) From: 2016K(2048K)->3040K(3072K)
[0.244s][info][gc,heap        ] GC(9) ParOldGen: 3774K(6144K)->4614K(6144K)
[0.244s][info][gc,metaspace   ] GC(9) Metaspace: 6300K(6528K)->6300K(6528K) NonClass: 5767K(5888K)->5767K(5888K) Class: 533K(640K)->533K(640K)
[0.244s][info][gc             ] GC(9) Pause Young (Allocation Failure) 9M->7M(12M) 3.374ms
[0.244s][info][gc,cpu         ] GC(9) User=0.00s Sys=0.00s Real=0.00s
[0.249s][info][gc,start       ] GC(10) Pause Young (Allocation Failure)
[0.253s][info][gc,heap        ] GC(10) PSYoungGen: 6624K(6656K)->4064K(8704K) Eden: 3584K(3584K)->0K(4608K) From: 3040K(3072K)->4064K(4096K)
[0.253s][info][gc,heap        ] GC(10) ParOldGen: 4614K(6144K)->5454K(6144K)
[0.253s][info][gc,metaspace   ] GC(10) Metaspace: 6300K(6528K)->6300K(6528K) NonClass: 5767K(5888K)->5767K(5888K) Class: 533K(640K)->533K(640K)
[0.253s][info][gc             ] GC(10) Pause Young (Allocation Failure) 10M->9M(14M) 4.427ms
[0.253s][info][gc,cpu         ] GC(10) User=0.00s Sys=0.00s Real=0.00s
[0.253s][info][gc,start       ] GC(11) Pause Full (Ergonomics)
[0.253s][info][gc,phases,start] GC(11) Marking Phase
[0.258s][info][gc,phases      ] GC(11) Marking Phase 4.827ms
[0.258s][info][gc,phases,start] GC(11) Summary Phase
[0.258s][info][gc,phases      ] GC(11) Summary Phase 0.015ms
[0.258s][info][gc,phases,start] GC(11) Adjust Roots
[0.259s][info][gc,phases      ] GC(11) Adjust Roots 0.376ms
[0.259s][info][gc,phases,start] GC(11) Compaction Phase
[0.265s][info][gc,phases      ] GC(11) Compaction Phase 6.266ms
[0.265s][info][gc,phases,start] GC(11) Post Compact
[0.265s][info][gc,phases      ] GC(11) Post Compact 0.037ms
[0.265s][info][gc,heap        ] GC(11) PSYoungGen: 4064K(8704K)->3545K(8704K) Eden: 0K(4608K)->0K(4608K) From: 4064K(4096K)->3545K(4096K)
[0.265s][info][gc,heap        ] GC(11) ParOldGen: 5454K(6144K)->5831K(10752K)
[0.265s][info][gc,metaspace   ] GC(11) Metaspace: 6300K(6528K)->6300K(6528K) NonClass: 5767K(5888K)->5767K(5888K) Class: 533K(640K)->533K(640K)
[0.265s][info][gc             ] GC(11) Pause Full (Ergonomics) 9M->9M(19M) 11.832ms
[0.265s][info][gc,cpu         ] GC(11) User=0.00s Sys=0.00s Real=0.01s
[0.269s][info][gc,start       ] GC(12) Pause Young (Allocation Failure)
[0.273s][info][gc,heap        ] GC(12) PSYoungGen: 8013K(8704K)->5088K(9728K) Eden: 4468K(4608K)->0K(4608K) From: 3545K(4096K)->5088K(5120K)
[0.273s][info][gc,heap        ] GC(12) ParOldGen: 5831K(10752K)->6615K(10752K)
[0.273s][info][gc,metaspace   ] GC(12) Metaspace: 6300K(6528K)->6300K(6528K) NonClass: 5767K(5888K)->5767K(5888K) Class: 533K(640K)->533K(640K)
[0.273s][info][gc             ] GC(12) Pause Young (Allocation Failure) 13M->11M(20M) 3.765ms
[0.273s][info][gc,cpu         ] GC(12) User=0.00s Sys=0.00s Real=0.00s
[0.279s][info][gc,start       ] GC(13) Pause Young (Allocation Failure)
[0.285s][info][gc,heap        ] GC(13) PSYoungGen: 9696K(9728K)->6112K(11264K) Eden: 4608K(4608K)->0K(5120K) From: 5088K(5120K)->6112K(6144K)
[0.285s][info][gc,heap        ] GC(13) ParOldGen: 6615K(10752K)->7991K(10752K)
[0.285s][info][gc,metaspace   ] GC(13) Metaspace: 6300K(6528K)->6300K(6528K) NonClass: 5767K(5888K)->5767K(5888K) Class: 533K(640K)->533K(640K)
[0.285s][info][gc             ] GC(13) Pause Young (Allocation Failure) 15M->13M(21M) 5.755ms
[0.285s][info][gc,cpu         ] GC(13) User=0.00s Sys=0.00s Real=0.01s
[0.289s][info][gc,start       ] GC(14) Pause Young (Allocation Failure)
[0.294s][info][gc,heap        ] GC(14) PSYoungGen: 11232K(11264K)->5216K(12800K) Eden: 5120K(5120K)->0K(5120K) From: 6112K(6144K)->5216K(7680K)
[0.294s][info][gc,heap        ] GC(14) ParOldGen: 7991K(10752K)->11583K(11776K)
[0.294s][info][gc,metaspace   ] GC(14) Metaspace: 6302K(6528K)->6302K(6528K) NonClass: 5769K(5888K)->5769K(5888K) Class: 533K(640K)->533K(640K)
[0.294s][info][gc             ] GC(14) Pause Young (Allocation Failure) 18M->16M(24M) 5.293ms
[0.294s][info][gc,cpu         ] GC(14) User=0.00s Sys=0.00s Real=0.01s
[0.294s][info][gc,start       ] GC(15) Pause Full (Ergonomics)
[0.294s][info][gc,phases,start] GC(15) Marking Phase
[0.301s][info][gc,phases      ] GC(15) Marking Phase 7.260ms
[0.302s][info][gc,phases,start] GC(15) Summary Phase
[0.302s][info][gc,phases      ] GC(15) Summary Phase 0.016ms
[0.302s][info][gc,phases,start] GC(15) Adjust Roots
[0.302s][info][gc,phases      ] GC(15) Adjust Roots 0.230ms
[0.302s][info][gc,phases,start] GC(15) Compaction Phase
[0.308s][info][gc,phases      ] GC(15) Compaction Phase 6.383ms
[0.308s][info][gc,phases,start] GC(15) Post Compact
[0.308s][info][gc,phases      ] GC(15) Post Compact 0.070ms
[0.308s][info][gc,heap        ] GC(15) PSYoungGen: 5216K(12800K)->5187K(12800K) Eden: 0K(5120K)->0K(5120K) From: 5216K(7680K)->5187K(7680K)
[0.308s][info][gc,heap        ] GC(15) ParOldGen: 11583K(11776K)->11463K(18432K)
[0.308s][info][gc,metaspace   ] GC(15) Metaspace: 6302K(6528K)->6302K(6528K) NonClass: 5769K(5888K)->5769K(5888K) Class: 533K(640K)->533K(640K)
[0.308s][info][gc             ] GC(15) Pause Full (Ergonomics) 16M->16M(30M) 14.279ms
[0.309s][info][gc,cpu         ] GC(15) User=0.00s Sys=0.00s Real=0.01s
[0.312s][info][gc,start       ] GC(16) Pause Young (Allocation Failure)
[0.318s][info][gc,heap        ] GC(16) PSYoungGen: 10307K(12800K)->2656K(14336K) Eden: 5120K(5120K)->0K(7168K) From: 5187K(7680K)->2656K(7168K)
[0.318s][info][gc,heap        ] GC(16) ParOldGen: 11463K(18432K)->16727K(18432K)
[0.318s][info][gc,metaspace   ] GC(16) Metaspace: 6302K(6528K)->6302K(6528K) NonClass: 5769K(5888K)->5769K(5888K) Class: 533K(640K)->533K(640K)
[0.318s][info][gc             ] GC(16) Pause Young (Allocation Failure) 21M->18M(32M) 5.942ms
[0.318s][info][gc,cpu         ] GC(16) User=0.00s Sys=0.00s Real=0.01s
[0.318s][info][gc,start       ] GC(17) Pause Full (Ergonomics)
[0.318s][info][gc,phases,start] GC(17) Marking Phase
[0.326s][info][gc,phases      ] GC(17) Marking Phase 7.997ms
[0.326s][info][gc,phases,start] GC(17) Summary Phase
[0.326s][info][gc,phases      ] GC(17) Summary Phase 0.014ms
[0.326s][info][gc,phases,start] GC(17) Adjust Roots
[0.326s][info][gc,phases      ] GC(17) Adjust Roots 0.217ms
[0.326s][info][gc,phases,start] GC(17) Compaction Phase
[0.332s][info][gc,phases      ] GC(17) Compaction Phase 6.124ms
[0.332s][info][gc,phases,start] GC(17) Post Compact
[0.332s][info][gc,phases      ] GC(17) Post Compact 0.062ms
[0.332s][info][gc,heap        ] GC(17) PSYoungGen: 2656K(14336K)->1105K(14848K) Eden: 0K(7168K)->0K(7680K) From: 2656K(7168K)->1105K(7168K)
[0.332s][info][gc,heap        ] GC(17) ParOldGen: 16727K(18432K)->18183K(27648K)
[0.332s][info][gc,metaspace   ] GC(17) Metaspace: 6302K(6528K)->6302K(6528K) NonClass: 5769K(5888K)->5769K(5888K) Class: 533K(640K)->533K(640K)
[0.333s][info][gc             ] GC(17) Pause Full (Ergonomics) 18M->18M(41M) 14.710ms
[0.333s][info][gc,cpu         ] GC(17) User=0.00s Sys=0.00s Real=0.01s
[0.337s][info][gc,start       ] GC(18) Pause Young (Allocation Failure)
[0.342s][info][gc,heap        ] GC(18) PSYoungGen: 7799K(14848K)->3456K(15360K) Eden: 6694K(7680K)->0K(7680K) From: 1105K(7168K)->3456K(7680K)
[0.342s][info][gc,heap        ] GC(18) ParOldGen: 18183K(27648K)->19319K(27648K)
[0.342s][info][gc,metaspace   ] GC(18) Metaspace: 6302K(6528K)->6302K(6528K) NonClass: 5769K(5888K)->5769K(5888K) Class: 533K(640K)->533K(640K)
[0.342s][info][gc             ] GC(18) Pause Young (Allocation Failure) 25M->22M(42M) 5.330ms
[0.342s][info][gc,cpu         ] GC(18) User=0.00s Sys=0.00s Real=0.01s
[0.350s][info][gc,start       ] GC(19) Pause Young (Allocation Failure)
[0.357s][info][gc,heap        ] GC(19) PSYoungGen: 11135K(15360K)->4480K(17920K) Eden: 7679K(7680K)->0K(10240K) From: 3456K(7680K)->4480K(7680K)
[0.357s][info][gc,heap        ] GC(19) ParOldGen: 19319K(27648K)->22775K(27648K)
[0.357s][info][gc,metaspace   ] GC(19) Metaspace: 6302K(6528K)->6302K(6528K) NonClass: 5769K(5888K)->5769K(5888K) Class: 533K(640K)->533K(640K)
[0.357s][info][gc             ] GC(19) Pause Young (Allocation Failure) 29M->26M(44M) 6.888ms
[0.357s][info][gc,cpu         ] GC(19) User=0.00s Sys=0.00s Real=0.01s
[0.363s][info][gc,start       ] GC(20) Pause Young (Allocation Failure)
[0.372s][info][gc,heap        ] GC(20) PSYoungGen: 14720K(17920K)->5344K(17920K) Eden: 10240K(10240K)->0K(10240K) From: 4480K(7680K)->5344K(7680K)
[0.372s][info][gc,heap        ] GC(20) ParOldGen: 22775K(27648K)->27295K(27648K)
[0.372s][info][gc,metaspace   ] GC(20) Metaspace: 6302K(6528K)->6302K(6528K) NonClass: 5769K(5888K)->5769K(5888K) Class: 533K(640K)->533K(640K)
[0.372s][info][gc             ] GC(20) Pause Young (Allocation Failure) 36M->31M(44M) 8.419ms
[0.372s][info][gc,cpu         ] GC(20) User=0.00s Sys=0.00s Real=0.01s
[0.372s][info][gc,start       ] GC(21) Pause Full (Ergonomics)
[0.372s][info][gc,phases,start] GC(21) Marking Phase
[0.386s][info][gc,phases      ] GC(21) Marking Phase 13.460ms
[0.386s][info][gc,phases,start] GC(21) Summary Phase
[0.386s][info][gc,phases      ] GC(21) Summary Phase 0.016ms
[0.386s][info][gc,phases,start] GC(21) Adjust Roots
[0.386s][info][gc,phases      ] GC(21) Adjust Roots 0.235ms
[0.386s][info][gc,phases,start] GC(21) Compaction Phase
[0.399s][info][gc,phases      ] GC(21) Compaction Phase 13.091ms
[0.399s][info][gc,phases,start] GC(21) Post Compact
[0.399s][info][gc,phases      ] GC(21) Post Compact 0.128ms
[0.399s][info][gc,heap        ] GC(21) PSYoungGen: 5344K(17920K)->4779K(17920K) Eden: 0K(10240K)->0K(10240K) From: 5344K(7680K)->4779K(7680K)
[0.399s][info][gc,heap        ] GC(21) ParOldGen: 27295K(27648K)->27140K(38912K)
[0.399s][info][gc,metaspace   ] GC(21) Metaspace: 6302K(6528K)->6302K(6528K) NonClass: 5769K(5888K)->5769K(5888K) Class: 533K(640K)->533K(640K)
[0.399s][info][gc             ] GC(21) Pause Full (Ergonomics) 31M->31M(55M) 27.439ms
[0.399s][info][gc,cpu         ] GC(21) User=0.02s Sys=0.00s Real=0.03s
[0.410s][info][gc,start       ] GC(22) Pause Young (Allocation Failure)
[0.422s][info][gc,heap        ] GC(22) PSYoungGen: 15019K(17920K)->8192K(17920K) Eden: 10240K(10240K)->0K(9728K) From: 4779K(7680K)->8192K(8192K)
[0.423s][info][gc,heap        ] GC(22) ParOldGen: 27140K(38912K)->32956K(38912K)
[0.423s][info][gc,metaspace   ] GC(22) Metaspace: 6302K(6528K)->6302K(6528K) NonClass: 5769K(5888K)->5769K(5888K) Class: 533K(640K)->533K(640K)
[0.423s][info][gc             ] GC(22) Pause Young (Allocation Failure) 41M->40M(55M) 13.049ms
[0.423s][info][gc,cpu         ] GC(22) User=0.00s Sys=0.00s Real=0.01s
[0.423s][info][gc,start       ] GC(23) Pause Full (Ergonomics)
[0.423s][info][gc,phases,start] GC(23) Marking Phase
[0.441s][info][gc,phases      ] GC(23) Marking Phase 18.045ms
[0.441s][info][gc,phases,start] GC(23) Summary Phase
[0.441s][info][gc,phases      ] GC(23) Summary Phase 0.016ms
[0.441s][info][gc,phases,start] GC(23) Adjust Roots
[0.441s][info][gc,phases      ] GC(23) Adjust Roots 0.155ms
[0.441s][info][gc,phases,start] GC(23) Compaction Phase
[0.452s][info][gc,phases      ] GC(23) Compaction Phase 10.831ms
[0.452s][info][gc,phases,start] GC(23) Post Compact
[0.452s][info][gc,phases      ] GC(23) Post Compact 0.209ms
[0.452s][info][gc,heap        ] GC(23) PSYoungGen: 8192K(17920K)->2555K(17920K) Eden: 0K(9728K)->0K(9728K) From: 8192K(8192K)->2555K(8192K)
[0.452s][info][gc,heap        ] GC(23) ParOldGen: 32956K(38912K)->38478K(52736K)
[0.452s][info][gc,metaspace   ] GC(23) Metaspace: 6302K(6528K)->6302K(6528K) NonClass: 5769K(5888K)->5769K(5888K) Class: 533K(640K)->533K(640K)
[0.452s][info][gc             ] GC(23) Pause Full (Ergonomics) 40M->40M(69M) 29.720ms
[0.452s][info][gc,cpu         ] GC(23) User=0.03s Sys=0.00s Real=0.03s
[0.467s][info][gc,start       ] GC(24) Pause Young (Allocation Failure)
[0.477s][info][gc,heap        ] GC(24) PSYoungGen: 12283K(17920K)->9760K(20992K) Eden: 9728K(9728K)->0K(9728K) From: 2555K(8192K)->9760K(11264K)
[0.477s][info][gc,heap        ] GC(24) ParOldGen: 38478K(52736K)->41078K(52736K)
[0.477s][info][gc,metaspace   ] GC(24) Metaspace: 6302K(6528K)->6302K(6528K) NonClass: 5769K(5888K)->5769K(5888K) Class: 533K(640K)->533K(640K)
[0.477s][info][gc             ] GC(24) Pause Young (Allocation Failure) 49M->49M(72M) 10.251ms
[0.477s][info][gc,cpu         ] GC(24) User=0.00s Sys=0.00s Real=0.01s
[0.486s][info][gc,start       ] GC(25) Pause Young (Allocation Failure)
[0.499s][info][gc,heap        ] GC(25) PSYoungGen: 19488K(20992K)->12768K(19968K) Eden: 9728K(9728K)->0K(7168K) From: 9760K(11264K)->12768K(12800K)
[0.499s][info][gc,heap        ] GC(25) ParOldGen: 41078K(52736K)->47846K(52736K)
[0.499s][info][gc,metaspace   ] GC(25) Metaspace: 6302K(6528K)->6302K(6528K) NonClass: 5769K(5888K)->5769K(5888K) Class: 533K(640K)->533K(640K)
[0.499s][info][gc             ] GC(25) Pause Young (Allocation Failure) 59M->59M(71M) 12.707ms
[0.499s][info][gc,cpu         ] GC(25) User=0.00s Sys=0.00s Real=0.01s
[0.499s][info][gc,start       ] GC(26) Pause Full (Ergonomics)
[0.499s][info][gc,phases,start] GC(26) Marking Phase
[0.523s][info][gc,phases      ] GC(26) Marking Phase 23.733ms
[0.523s][info][gc,phases,start] GC(26) Summary Phase
[0.523s][info][gc,phases      ] GC(26) Summary Phase 0.014ms
[0.523s][info][gc,phases,start] GC(26) Adjust Roots
[0.523s][info][gc,phases      ] GC(26) Adjust Roots 0.153ms
[0.523s][info][gc,phases,start] GC(26) Compaction Phase
[0.540s][info][gc,phases      ] GC(26) Compaction Phase 16.894ms
[0.540s][info][gc,phases,start] GC(26) Post Compact
[0.540s][info][gc,phases      ] GC(26) Post Compact 0.170ms
[0.540s][info][gc,heap        ] GC(26) PSYoungGen: 12768K(19968K)->7122K(19968K) Eden: 0K(7168K)->0K(7168K) From: 12768K(12800K)->7122K(12800K)
[0.541s][info][gc,heap        ] GC(26) ParOldGen: 47846K(52736K)->52290K(69120K)
[0.541s][info][gc,metaspace   ] GC(26) Metaspace: 6302K(6528K)->6302K(6528K) NonClass: 5769K(5888K)->5769K(5888K) Class: 533K(640K)->533K(640K)
[0.541s][info][gc             ] GC(26) Pause Full (Ergonomics) 59M->58M(87M) 41.301ms
[0.541s][info][gc,cpu         ] GC(26) User=0.05s Sys=0.00s Real=0.04s
[0.548s][info][gc,start       ] GC(27) Pause Young (Allocation Failure)
[0.561s][info][gc,heap        ] GC(27) PSYoungGen: 14290K(19968K)->7168K(24576K) Eden: 7168K(7168K)->0K(7168K) From: 7122K(12800K)->7168K(17408K)
[0.561s][info][gc,heap        ] GC(27) ParOldGen: 52290K(69120K)->59538K(69120K)
[0.561s][info][gc,metaspace   ] GC(27) Metaspace: 6302K(6528K)->6302K(6528K) NonClass: 5769K(5888K)->5769K(5888K) Class: 533K(640K)->533K(640K)
[0.561s][info][gc             ] GC(27) Pause Young (Allocation Failure) 65M->65M(91M) 13.406ms
[0.561s][info][gc,cpu         ] GC(27) User=0.02s Sys=0.00s Real=0.01s
[0.568s][info][gc,start       ] GC(28) Pause Young (Allocation Failure)
[0.579s][info][gc,heap        ] GC(28) PSYoungGen: 14336K(24576K)->14336K(23040K) Eden: 7168K(7168K)->0K(6656K) From: 7168K(17408K)->14336K(16384K)
[0.579s][info][gc,heap        ] GC(28) ParOldGen: 59538K(69120K)->59538K(69120K)
[0.579s][info][gc,metaspace   ] GC(28) Metaspace: 6302K(6528K)->6302K(6528K) NonClass: 5769K(5888K)->5769K(5888K) Class: 533K(640K)->533K(640K)
[0.579s][info][gc             ] GC(28) Pause Young (Allocation Failure) 72M->72M(90M) 11.043ms
[0.579s][info][gc,cpu         ] GC(28) User=0.02s Sys=0.00s Real=0.01s
[0.585s][info][gc,start       ] GC(29) Pause Young (Allocation Failure)
[0.599s][info][gc,heap        ] GC(29) PSYoungGen: 20992K(23040K)->13824K(25088K) Eden: 6656K(6656K)->0K(6656K) From: 14336K(16384K)->13824K(18432K)
[0.599s][info][gc,heap        ] GC(29) ParOldGen: 59538K(69120K)->66802K(69120K)
[0.599s][info][gc,metaspace   ] GC(29) Metaspace: 6302K(6528K)->6302K(6528K) NonClass: 5769K(5888K)->5769K(5888K) Class: 533K(640K)->533K(640K)
[0.599s][info][gc             ] GC(29) Pause Young (Allocation Failure) 78M->78M(92M) 13.931ms
[0.599s][info][gc,cpu         ] GC(29) User=0.00s Sys=0.00s Real=0.01s
[0.599s][info][gc,start       ] GC(30) Pause Full (Ergonomics)
[0.599s][info][gc,phases,start] GC(30) Marking Phase
[0.631s][info][gc,phases      ] GC(30) Marking Phase 31.270ms
[0.631s][info][gc,phases,start] GC(30) Summary Phase
[0.631s][info][gc,phases      ] GC(30) Summary Phase 0.015ms
[0.631s][info][gc,phases,start] GC(30) Adjust Roots
[0.631s][info][gc,phases      ] GC(30) Adjust Roots 0.154ms
[0.631s][info][gc,phases,start] GC(30) Compaction Phase
[0.651s][info][gc,phases      ] GC(30) Compaction Phase 19.830ms
[0.651s][info][gc,phases,start] GC(30) Post Compact
[0.651s][info][gc,phases      ] GC(30) Post Compact 0.346ms
[0.651s][info][gc,heap        ] GC(30) PSYoungGen: 13824K(25088K)->11209K(25088K) Eden: 0K(6656K)->0K(6656K) From: 13824K(18432K)->11209K(18432K)
[0.651s][info][gc,heap        ] GC(30) ParOldGen: 66802K(69120K)->69106K(89600K)
[0.651s][info][gc,metaspace   ] GC(30) Metaspace: 6302K(6528K)->6302K(6528K) NonClass: 5769K(5888K)->5769K(5888K) Class: 533K(640K)->533K(640K)
[0.651s][info][gc             ] GC(30) Pause Full (Ergonomics) 78M->78M(112M) 52.071ms
[0.652s][info][gc,cpu         ] GC(30) User=0.05s Sys=0.00s Real=0.05s
[0.658s][info][gc,start       ] GC(31) Pause Young (Allocation Failure)
[0.674s][info][gc,heap        ] GC(31) PSYoungGen: 17865K(25088K)->6688K(25600K) Eden: 6656K(6656K)->0K(8192K) From: 11209K(18432K)->6688K(17408K)
[0.674s][info][gc,heap        ] GC(31) ParOldGen: 69106K(89600K)->80506K(89600K)
[0.674s][info][gc,metaspace   ] GC(31) Metaspace: 6302K(6528K)->6302K(6528K) NonClass: 5769K(5888K)->5769K(5888K) Class: 533K(640K)->533K(640K)
[0.674s][info][gc             ] GC(31) Pause Young (Allocation Failure) 84M->85M(112M) 15.969ms
[0.674s][info][gc,cpu         ] GC(31) User=0.00s Sys=0.00s Real=0.02s
[0.675s][info][gc,start       ] GC(32) Pause Full (Ergonomics)
[0.675s][info][gc,phases,start] GC(32) Marking Phase
[0.707s][info][gc,phases      ] GC(32) Marking Phase 32.632ms
[0.707s][info][gc,phases,start] GC(32) Summary Phase
[0.707s][info][gc,phases      ] GC(32) Summary Phase 0.022ms
[0.707s][info][gc,phases,start] GC(32) Adjust Roots
[0.707s][info][gc,phases      ] GC(32) Adjust Roots 0.167ms
[0.707s][info][gc,phases,start] GC(32) Compaction Phase
[0.724s][info][gc,phases      ] GC(32) Compaction Phase 16.869ms
[0.724s][info][gc,phases,start] GC(32) Post Compact
[0.725s][info][gc,phases      ] GC(32) Post Compact 0.447ms
[0.725s][info][gc,heap        ] GC(32) PSYoungGen: 6688K(25600K)->0K(27136K) Eden: 0K(8192K)->0K(8192K) From: 6688K(17408K)->0K(18944K)
[0.725s][info][gc,heap        ] GC(32) ParOldGen: 80506K(89600K)->86942K(111616K)
[0.725s][info][gc,metaspace   ] GC(32) Metaspace: 6302K(6528K)->6302K(6528K) NonClass: 5769K(5888K)->5769K(5888K) Class: 533K(640K)->533K(640K)
[0.725s][info][gc             ] GC(32) Pause Full (Ergonomics) 85M->84M(135M) 50.596ms
[0.725s][info][gc,cpu         ] GC(32) User=0.09s Sys=0.00s Real=0.05s
[0.742s][info][gc,start       ] GC(33) Pause Young (Allocation Failure)
[0.747s][info][gc,heap        ] GC(33) PSYoungGen: 8192K(27136K)->8224K(26112K) Eden: 8192K(8192K)->0K(9728K) From: 0K(18944K)->8224K(16384K)
[0.748s][info][gc,heap        ] GC(33) ParOldGen: 86942K(111616K)->86942K(111616K)
[0.748s][info][gc,metaspace   ] GC(33) Metaspace: 6302K(6528K)->6302K(6528K) NonClass: 5769K(5888K)->5769K(5888K) Class: 533K(640K)->533K(640K)
[0.748s][info][gc             ] GC(33) Pause Young (Allocation Failure) 92M->92M(134M) 5.942ms
[0.748s][info][gc,cpu         ] GC(33) User=0.00s Sys=0.00s Real=0.01s
[0.756s][info][gc,start       ] GC(34) Pause Young (Allocation Failure)
[0.764s][info][gc,heap        ] GC(34) PSYoungGen: 17952K(26112K)->17888K(27648K) Eden: 9728K(9728K)->0K(9728K) From: 8224K(16384K)->17888K(17920K)
[0.764s][info][gc,heap        ] GC(34) ParOldGen: 86942K(111616K)->86974K(111616K)
[0.764s][info][gc,metaspace   ] GC(34) Metaspace: 6302K(6528K)->6302K(6528K) NonClass: 5769K(5888K)->5769K(5888K) Class: 533K(640K)->533K(640K)
[0.764s][info][gc             ] GC(34) Pause Young (Allocation Failure) 102M->102M(136M) 8.369ms
[0.764s][info][gc,cpu         ] GC(34) User=0.00s Sys=0.00s Real=0.01s
[0.773s][info][gc,start       ] GC(35) Pause Young (Allocation Failure)
[0.788s][info][gc,heap        ] GC(35) PSYoungGen: 27616K(27648K)->9760K(30720K) Eden: 9728K(9728K)->0K(11264K) From: 17888K(17920K)->9760K(19456K)
[0.788s][info][gc,heap        ] GC(35) ParOldGen: 86974K(111616K)->105070K(111616K)
[0.788s][info][gc,metaspace   ] GC(35) Metaspace: 6302K(6528K)->6302K(6528K) NonClass: 5769K(5888K)->5769K(5888K) Class: 533K(640K)->533K(640K)
[0.788s][info][gc             ] GC(35) Pause Young (Allocation Failure) 111M->112M(139M) 15.530ms
[0.788s][info][gc,cpu         ] GC(35) User=0.00s Sys=0.00s Real=0.02s
[0.788s][info][gc,start       ] GC(36) Pause Full (Ergonomics)
[0.788s][info][gc,phases,start] GC(36) Marking Phase
[0.820s][info][gc,phases      ] GC(36) Marking Phase 31.174ms
[0.820s][info][gc,phases,start] GC(36) Summary Phase
[0.820s][info][gc,phases      ] GC(36) Summary Phase 0.015ms
[0.820s][info][gc,phases,start] GC(36) Adjust Roots
[0.820s][info][gc,phases      ] GC(36) Adjust Roots 0.156ms
[0.820s][info][gc,phases,start] GC(36) Compaction Phase
[0.844s][info][gc,phases      ] GC(36) Compaction Phase 24.137ms
[0.844s][info][gc,phases,start] GC(36) Post Compact
[0.845s][info][gc,phases      ] GC(36) Post Compact 0.566ms
[0.845s][info][gc,heap        ] GC(36) PSYoungGen: 9760K(30720K)->1007K(31232K) Eden: 0K(11264K)->0K(11776K) From: 9760K(19456K)->1007K(19456K)
[0.845s][info][gc,heap        ] GC(36) ParOldGen: 105070K(111616K)->111451K(142336K)
[0.845s][info][gc,metaspace   ] GC(36) Metaspace: 6302K(6528K)->6302K(6528K) NonClass: 5769K(5888K)->5769K(5888K) Class: 533K(640K)->533K(640K)
[0.845s][info][gc             ] GC(36) Pause Full (Ergonomics) 112M->109M(169M) 56.646ms
[0.845s][info][gc,cpu         ] GC(36) User=0.09s Sys=0.00s Real=0.06s
[0.857s][info][gc,start       ] GC(37) Pause Young (Allocation Failure)
[0.872s][info][gc,heap        ] GC(37) PSYoungGen: 12783K(31232K)->12864K(31744K) Eden: 11776K(11776K)->0K(11776K) From: 1007K(19456K)->12864K(19968K)
[0.872s][info][gc,heap        ] GC(37) ParOldGen: 111451K(142336K)->111451K(142336K)
[0.872s][info][gc,metaspace   ] GC(37) Metaspace: 6302K(6528K)->6302K(6528K) NonClass: 5769K(5888K)->5769K(5888K) Class: 533K(640K)->533K(640K)
[0.872s][info][gc             ] GC(37) Pause Young (Allocation Failure) 121M->121M(170M) 15.078ms
[0.872s][info][gc,cpu         ] GC(37) User=0.00s Sys=0.00s Real=0.01s
[0.883s][info][gc,start       ] GC(38) Pause Young (Allocation Failure)
[0.900s][info][gc,heap        ] GC(38) PSYoungGen: 24640K(31744K)->19968K(29184K) Eden: 11776K(11776K)->0K(9216K) From: 12864K(19968K)->19968K(19968K)
[0.900s][info][gc,heap        ] GC(38) ParOldGen: 111451K(142336K)->116107K(142336K)
[0.900s][info][gc,metaspace   ] GC(38) Metaspace: 6302K(6528K)->6302K(6528K) NonClass: 5769K(5888K)->5769K(5888K) Class: 533K(640K)->533K(640K)
[0.900s][info][gc             ] GC(38) Pause Young (Allocation Failure) 132M->132M(167M) 16.774ms
[0.900s][info][gc,cpu         ] GC(38) User=0.06s Sys=0.00s Real=0.02s
[0.910s][info][gc,start       ] GC(39) Pause Young (Allocation Failure)
[0.926s][info][gc,heap        ] GC(39) PSYoungGen: 29184K(29184K)->18720K(33792K) Eden: 9216K(9216K)->0K(9216K) From: 19968K(19968K)->18720K(24576K)
[0.926s][info][gc,heap        ] GC(39) ParOldGen: 116107K(142336K)->126779K(142336K)
[0.926s][info][gc,metaspace   ] GC(39) Metaspace: 6302K(6528K)->6302K(6528K) NonClass: 5769K(5888K)->5769K(5888K) Class: 533K(640K)->533K(640K)
[0.926s][info][gc             ] GC(39) Pause Young (Allocation Failure) 141M->142M(172M) 16.438ms
[0.926s][info][gc,cpu         ] GC(39) User=0.02s Sys=0.00s Real=0.02s
[0.926s][info][gc,start       ] GC(40) Pause Full (Ergonomics)
[0.926s][info][gc,phases,start] GC(40) Marking Phase
[0.971s][info][gc,phases      ] GC(40) Marking Phase 44.832ms
[0.971s][info][gc,phases,start] GC(40) Summary Phase
[0.971s][info][gc,phases      ] GC(40) Summary Phase 0.019ms
[0.971s][info][gc,phases,start] GC(40) Adjust Roots
[0.971s][info][gc,phases      ] GC(40) Adjust Roots 0.178ms
[0.971s][info][gc,phases,start] GC(40) Compaction Phase
[0.995s][info][gc,phases      ] GC(40) Compaction Phase 23.666ms
[0.995s][info][gc,phases,start] GC(40) Post Compact
[0.996s][info][gc,phases      ] GC(40) Post Compact 0.685ms
[0.996s][info][gc,heap        ] GC(40) PSYoungGen: 18720K(33792K)->3294K(33792K) Eden: 0K(9216K)->0K(9216K) From: 18720K(24576K)->3294K(24576K)
[0.996s][info][gc,heap        ] GC(40) ParOldGen: 126779K(142336K)->141838K(174592K)
[0.996s][info][gc,metaspace   ] GC(40) Metaspace: 6302K(6528K)->6302K(6528K) NonClass: 5769K(5888K)->5769K(5888K) Class: 533K(640K)->533K(640K)
[0.996s][info][gc             ] GC(40) Pause Full (Ergonomics) 142M->141M(203M) 69.822ms
[0.996s][info][gc,cpu         ] GC(40) User=0.14s Sys=0.00s Real=0.07s
[1.006s][info][gc,start       ] GC(41) Pause Young (Allocation Failure)
[1.024s][info][gc,heap        ] GC(41) PSYoungGen: 12510K(33792K)->12064K(34816K) Eden: 9216K(9216K)->0K(10752K) From: 3294K(24576K)->12064K(24064K)
[1.025s][info][gc,heap        ] GC(41) ParOldGen: 141838K(174592K)->142382K(174592K)
[1.025s][info][gc,metaspace   ] GC(41) Metaspace: 6302K(6528K)->6302K(6528K) NonClass: 5769K(5888K)->5769K(5888K) Class: 533K(640K)->533K(640K)
[1.025s][info][gc             ] GC(41) Pause Young (Allocation Failure) 150M->150M(204M) 18.623ms
[1.025s][info][gc,cpu         ] GC(41) User=0.03s Sys=0.00s Real=0.02s
[1.035s][info][gc,start       ] GC(42) Pause Young (Allocation Failure)
[1.050s][info][gc,heap        ] GC(42) PSYoungGen: 22816K(34816K)->22816K(35840K) Eden: 10752K(10752K)->0K(10752K) From: 12064K(24064K)->22816K(25088K)
[1.050s][info][gc,heap        ] GC(42) ParOldGen: 142382K(174592K)->142382K(174592K)
[1.050s][info][gc,metaspace   ] GC(42) Metaspace: 6302K(6528K)->6302K(6528K) NonClass: 5769K(5888K)->5769K(5888K) Class: 533K(640K)->533K(640K)
[1.050s][info][gc             ] GC(42) Pause Young (Allocation Failure) 161M->161M(205M) 14.647ms
[1.050s][info][gc,cpu         ] GC(42) User=0.02s Sys=0.00s Real=0.01s
[1.061s][info][gc,start       ] GC(43) Pause Young (Allocation Failure)
[1.083s][info][gc,heap        ] GC(43) PSYoungGen: 33568K(35840K)->27648K(34304K) Eden: 10752K(10752K)->0K(6656K) From: 22816K(25088K)->27648K(27648K)
[1.083s][info][gc,heap        ] GC(43) ParOldGen: 142382K(174592K)->148302K(174592K)
[1.083s][info][gc,metaspace   ] GC(43) Metaspace: 6302K(6528K)->6302K(6528K) NonClass: 5769K(5888K)->5769K(5888K) Class: 533K(640K)->533K(640K)
[1.083s][info][gc             ] GC(43) Pause Young (Allocation Failure) 171M->171M(204M) 22.141ms
[1.083s][info][gc,cpu         ] GC(43) User=0.02s Sys=0.02s Real=0.02s
[1.120s][info][gc,start       ] GC(44) Pause Young (Allocation Failure)
[1.146s][info][gc,heap        ] GC(44) PSYoungGen: 34304K(34304K)->15904K(23040K) Eden: 6656K(6656K)->0K(6656K) From: 27648K(27648K)->15904K(16384K)
[1.146s][info][gc,heap        ] GC(44) ParOldGen: 156494K(174592K)->175206K(175616K)
[1.146s][info][gc,metaspace   ] GC(44) Metaspace: 6302K(6528K)->6302K(6528K) NonClass: 5769K(5888K)->5769K(5888K) Class: 533K(640K)->533K(640K)
[1.146s][info][gc             ] GC(44) Pause Young (Allocation Failure) 186M->186M(194M) 25.744ms
[1.146s][info][gc,cpu         ] GC(44) User=0.03s Sys=0.00s Real=0.02s
[1.146s][info][gc,start       ] GC(45) Pause Full (Ergonomics)
[1.146s][info][gc,phases,start] GC(45) Marking Phase
[1.203s][info][gc,phases      ] GC(45) Marking Phase 56.583ms
[1.203s][info][gc,phases,start] GC(45) Summary Phase
[1.203s][info][gc,phases      ] GC(45) Summary Phase 0.020ms
[1.203s][info][gc,phases,start] GC(45) Adjust Roots
[1.203s][info][gc,phases      ] GC(45) Adjust Roots 0.198ms
[1.203s][info][gc,phases,start] GC(45) Compaction Phase
[1.244s][info][gc,phases      ] GC(45) Compaction Phase 40.500ms
[1.244s][info][gc,phases,start] GC(45) Post Compact
[1.245s][info][gc,phases      ] GC(45) Post Compact 0.952ms
[1.245s][info][gc,heap        ] GC(45) PSYoungGen: 15904K(23040K)->11209K(23040K) Eden: 0K(6656K)->0K(6656K) From: 15904K(16384K)->11209K(16384K)
[1.245s][info][gc,heap        ] GC(45) ParOldGen: 175206K(175616K)->175275K(213504K)
[1.245s][info][gc,metaspace   ] GC(45) Metaspace: 6302K(6528K)->6302K(6528K) NonClass: 5769K(5888K)->5769K(5888K) Class: 533K(640K)->533K(640K)
[1.245s][info][gc             ] GC(45) Pause Full (Ergonomics) 186M->182M(231M) 98.753ms
[1.245s][info][gc,cpu         ] GC(45) User=0.20s Sys=0.00s Real=0.10s
[1.251s][info][gc,start       ] GC(46) Pause Young (Allocation Failure)
[1.271s][info][gc,heap        ] GC(46) PSYoungGen: 17865K(23040K)->11488K(37376K) Eden: 6656K(6656K)->0K(7680K) From: 11209K(16384K)->11488K(29696K)
[1.271s][info][gc,heap        ] GC(46) ParOldGen: 175275K(213504K)->181867K(213504K)
[1.271s][info][gc,metaspace   ] GC(46) Metaspace: 6302K(6528K)->6302K(6528K) NonClass: 5769K(5888K)->5769K(5888K) Class: 533K(640K)->533K(640K)
[1.271s][info][gc             ] GC(46) Pause Young (Allocation Failure) 188M->188M(245M) 19.845ms
[1.271s][info][gc,cpu         ] GC(46) User=0.05s Sys=0.00s Real=0.02s
[1.280s][info][gc,start       ] GC(47) Pause Young (Allocation Failure)
[1.292s][info][gc,heap        ] GC(47) PSYoungGen: 19168K(37376K)->19104K(38912K) Eden: 7680K(7680K)->0K(7680K) From: 11488K(29696K)->19104K(31232K)
[1.292s][info][gc,heap        ] GC(47) ParOldGen: 181867K(213504K)->181867K(213504K)
[1.292s][info][gc,metaspace   ] GC(47) Metaspace: 6302K(6528K)->6302K(6528K) NonClass: 5769K(5888K)->5769K(5888K) Class: 533K(640K)->533K(640K)
[1.292s][info][gc             ] GC(47) Pause Young (Allocation Failure) 196M->196M(246M) 12.098ms
[1.292s][info][gc,cpu         ] GC(47) User=0.00s Sys=0.00s Real=0.01s
[1.301s][info][gc,start       ] GC(48) Pause Young (Allocation Failure)
[1.317s][info][gc,heap        ] GC(48) PSYoungGen: 26784K(38912K)->22080K(38912K) Eden: 7680K(7680K)->0K(7680K) From: 19104K(31232K)->22080K(31232K)
[1.317s][info][gc,heap        ] GC(48) ParOldGen: 181867K(213504K)->186699K(213504K)
[1.317s][info][gc,metaspace   ] GC(48) Metaspace: 6302K(6528K)->6302K(6528K) NonClass: 5769K(5888K)->5769K(5888K) Class: 533K(640K)->533K(640K)
[1.317s][info][gc             ] GC(48) Pause Young (Allocation Failure) 203M->203M(246M) 15.549ms
[1.317s][info][gc,cpu         ] GC(48) User=0.00s Sys=0.00s Real=0.01s
[1.325s][info][gc,start       ] GC(49) Pause Young (Allocation Failure)
[1.341s][info][gc,heap        ] GC(49) PSYoungGen: 29760K(38912K)->23072K(39936K) Eden: 7680K(7680K)->0K(7680K) From: 22080K(31232K)->23072K(32256K)
[1.341s][info][gc,heap        ] GC(49) ParOldGen: 186699K(213504K)->193435K(213504K)
[1.341s][info][gc,metaspace   ] GC(49) Metaspace: 6302K(6528K)->6302K(6528K) NonClass: 5769K(5888K)->5769K(5888K) Class: 533K(640K)->533K(640K)
[1.341s][info][gc             ] GC(49) Pause Young (Allocation Failure) 211M->211M(247M) 16.401ms
[1.341s][info][gc,cpu         ] GC(49) User=0.03s Sys=0.00s Real=0.02s
[1.350s][info][gc,start       ] GC(50) Pause Young (Allocation Failure)
[1.367s][info][gc,heap        ] GC(50) PSYoungGen: 30752K(39936K)->15424K(39424K) Eden: 7680K(7680K)->0K(9216K) From: 23072K(32256K)->15424K(30208K)
[1.367s][info][gc,heap        ] GC(50) ParOldGen: 193435K(213504K)->208979K(213504K)
[1.367s][info][gc,metaspace   ] GC(50) Metaspace: 6302K(6528K)->6302K(6528K) NonClass: 5769K(5888K)->5769K(5888K) Class: 533K(640K)->533K(640K)
[1.367s][info][gc             ] GC(50) Pause Young (Allocation Failure) 218M->219M(247M) 17.545ms
[1.367s][info][gc,cpu         ] GC(50) User=0.03s Sys=0.00s Real=0.02s
[1.367s][info][gc,start       ] GC(51) Pause Full (Ergonomics)
[1.367s][info][gc,phases,start] GC(51) Marking Phase
[1.426s][info][gc,phases      ] GC(51) Marking Phase 58.700ms
[1.426s][info][gc,phases,start] GC(51) Summary Phase
[1.426s][info][gc,phases      ] GC(51) Summary Phase 0.025ms
[1.426s][info][gc,phases,start] GC(51) Adjust Roots
[1.426s][info][gc,phases      ] GC(51) Adjust Roots 0.148ms
[1.426s][info][gc,phases,start] GC(51) Compaction Phase
[1.456s][info][gc,phases      ] GC(51) Compaction Phase 29.379ms
[1.456s][info][gc,phases,start] GC(51) Post Compact
[1.457s][info][gc,phases      ] GC(51) Post Compact 1.061ms
[1.457s][info][gc,heap        ] GC(51) PSYoungGen: 15424K(39424K)->10702K(40960K) Eden: 0K(9216K)->0K(10752K) From: 15424K(30208K)->10702K(30208K)
[1.457s][info][gc,heap        ] GC(51) ParOldGen: 208979K(213504K)->213004K(252416K)
[1.457s][info][gc,metaspace   ] GC(51) Metaspace: 6302K(6528K)->6302K(6528K) NonClass: 5769K(5888K)->5769K(5888K) Class: 533K(640K)->533K(640K)
[1.457s][info][gc             ] GC(51) Pause Full (Ergonomics) 219M->218M(286M) 89.787ms
[1.457s][info][gc,cpu         ] GC(51) User=0.30s Sys=0.00s Real=0.09s
[1.469s][info][gc,start       ] GC(52) Pause Young (Allocation Failure)
[1.490s][info][gc,heap        ] GC(52) PSYoungGen: 21454K(40960K)->10784K(42496K) Eden: 10752K(10752K)->0K(10752K) From: 10702K(30208K)->10784K(31744K)
[1.490s][info][gc,heap        ] GC(52) ParOldGen: 213004K(252416K)->223884K(252416K)
[1.490s][info][gc,metaspace   ] GC(52) Metaspace: 6302K(6528K)->6302K(6528K) NonClass: 5769K(5888K)->5769K(5888K) Class: 533K(640K)->533K(640K)
[1.490s][info][gc             ] GC(52) Pause Young (Allocation Failure) 228M->229M(288M) 21.005ms
[1.490s][info][gc,cpu         ] GC(52) User=0.05s Sys=0.00s Real=0.02s
[1.502s][info][gc,start       ] GC(53) Pause Young (Allocation Failure)
[1.515s][info][gc,heap        ] GC(53) PSYoungGen: 21536K(42496K)->10848K(43008K) Eden: 10752K(10752K)->0K(12800K) From: 10784K(31744K)->10848K(30208K)
[1.515s][info][gc,heap        ] GC(53) ParOldGen: 223884K(252416K)->234788K(252416K)
[1.515s][info][gc,metaspace   ] GC(53) Metaspace: 6302K(6528K)->6302K(6528K) NonClass: 5769K(5888K)->5769K(5888K) Class: 533K(640K)->533K(640K)
[1.515s][info][gc             ] GC(53) Pause Young (Allocation Failure) 239M->239M(288M) 12.658ms
[1.515s][info][gc,cpu         ] GC(53) User=0.02s Sys=0.00s Real=0.01s
[1.515s][info][gc,start       ] GC(54) Pause Full (Ergonomics)
[1.515s][info][gc,phases,start] GC(54) Marking Phase
[1.572s][info][gc,phases      ] GC(54) Marking Phase 57.220ms
[1.572s][info][gc,phases,start] GC(54) Summary Phase
[1.572s][info][gc,phases      ] GC(54) Summary Phase 0.020ms
[1.572s][info][gc,phases,start] GC(54) Adjust Roots
[1.572s][info][gc,phases      ] GC(54) Adjust Roots 0.157ms
[1.572s][info][gc,phases,start] GC(54) Compaction Phase
[1.596s][info][gc,phases      ] GC(54) Compaction Phase 24.082ms
[1.596s][info][gc,phases,start] GC(54) Post Compact
[1.598s][info][gc,phases      ] GC(54) Post Compact 1.398ms
[1.598s][info][gc,heap        ] GC(54) PSYoungGen: 10848K(43008K)->0K(43520K) Eden: 0K(12800K)->0K(12800K) From: 10848K(30208K)->0K(30720K)
[1.598s][info][gc,heap        ] GC(54) ParOldGen: 234788K(252416K)->245146K(288256K)
[1.598s][info][gc,metaspace   ] GC(54) Metaspace: 6302K(6528K)->6302K(6528K) NonClass: 5769K(5888K)->5769K(5888K) Class: 533K(640K)->533K(640K)
[1.598s][info][gc             ] GC(54) Pause Full (Ergonomics) 239M->239M(324M) 83.367ms
[1.598s][info][gc,cpu         ] GC(54) User=0.25s Sys=0.03s Real=0.08s
[1.612s][info][gc,start       ] GC(55) Pause Young (Allocation Failure)
[1.620s][info][gc,heap        ] GC(55) PSYoungGen: 12800K(43520K)->12928K(43008K) Eden: 12800K(12800K)->0K(14336K) From: 0K(30720K)->12928K(28672K)
[1.620s][info][gc,heap        ] GC(55) ParOldGen: 245146K(288256K)->245146K(288256K)
[1.620s][info][gc,metaspace   ] GC(55) Metaspace: 6302K(6528K)->6302K(6528K) NonClass: 5769K(5888K)->5769K(5888K) Class: 533K(640K)->533K(640K)
[1.620s][info][gc             ] GC(55) Pause Young (Allocation Failure) 251M->252M(323M) 7.809ms
[1.620s][info][gc,cpu         ] GC(55) User=0.00s Sys=0.00s Real=0.01s
[1.636s][info][gc,start       ] GC(56) Pause Young (Allocation Failure)
[1.650s][info][gc,heap        ] GC(56) PSYoungGen: 27264K(43008K)->27200K(44032K) Eden: 14336K(14336K)->0K(14336K) From: 12928K(28672K)->27200K(29696K)
[1.650s][info][gc,heap        ] GC(56) ParOldGen: 245146K(288256K)->245146K(288256K)
[1.650s][info][gc,metaspace   ] GC(56) Metaspace: 6302K(6528K)->6302K(6528K) NonClass: 5769K(5888K)->5769K(5888K) Class: 533K(640K)->533K(640K)
[1.650s][info][gc             ] GC(56) Pause Young (Allocation Failure) 266M->265M(324M) 13.748ms
[1.650s][info][gc,cpu         ] GC(56) User=0.02s Sys=0.00s Real=0.02s
[1.666s][info][gc,start       ] GC(57) Pause Young (Allocation Failure)
[1.686s][info][gc,heap        ] GC(57) PSYoungGen: 41536K(44032K)->32768K(41472K) Eden: 14336K(14336K)->0K(8704K) From: 27200K(29696K)->32768K(32768K)
[1.686s][info][gc,heap        ] GC(57) ParOldGen: 245146K(288256K)->253962K(288256K)
[1.686s][info][gc,metaspace   ] GC(57) Metaspace: 6302K(6528K)->6302K(6528K) NonClass: 5769K(5888K)->5769K(5888K) Class: 533K(640K)->533K(640K)
[1.686s][info][gc             ] GC(57) Pause Young (Allocation Failure) 279M->280M(322M) 20.474ms
[1.686s][info][gc,cpu         ] GC(57) User=0.11s Sys=0.00s Real=0.02s
[1.696s][info][gc,start       ] GC(58) Pause Young (Allocation Failure)
[1.715s][info][gc,heap        ] GC(58) PSYoungGen: 41472K(41472K)->20128K(49152K) Eden: 8704K(8704K)->0K(8704K) From: 32768K(32768K)->20128K(40448K)
[1.715s][info][gc,heap        ] GC(58) ParOldGen: 253962K(288256K)->275738K(288256K)
[1.715s][info][gc,metaspace   ] GC(58) Metaspace: 6302K(6528K)->6302K(6528K) NonClass: 5769K(5888K)->5769K(5888K) Class: 533K(640K)->533K(640K)
[1.715s][info][gc             ] GC(58) Pause Young (Allocation Failure) 288M->288M(329M) 18.566ms
[1.715s][info][gc,cpu         ] GC(58) User=0.08s Sys=0.00s Real=0.02s
[1.715s][info][gc,start       ] GC(59) Pause Full (Ergonomics)
[1.715s][info][gc,phases,start] GC(59) Marking Phase
[1.779s][info][gc,phases      ] GC(59) Marking Phase 64.471ms
[1.779s][info][gc,phases,start] GC(59) Summary Phase
[1.779s][info][gc,phases      ] GC(59) Summary Phase 0.018ms
[1.779s][info][gc,phases,start] GC(59) Adjust Roots
[1.780s][info][gc,phases      ] GC(59) Adjust Roots 0.150ms
[1.780s][info][gc,phases,start] GC(59) Compaction Phase
[1.808s][info][gc,phases      ] GC(59) Compaction Phase 28.144ms
[1.808s][info][gc,phases,start] GC(59) Post Compact
[1.809s][info][gc,phases      ] GC(59) Post Compact 1.420ms
[1.810s][info][gc,heap        ] GC(59) PSYoungGen: 20128K(49152K)->7176K(49152K) Eden: 0K(8704K)->0K(8704K) From: 20128K(40448K)->7176K(40448K)
[1.810s][info][gc,heap        ] GC(59) ParOldGen: 275738K(288256K)->288023K(336896K)
[1.810s][info][gc,metaspace   ] GC(59) Metaspace: 6302K(6528K)->6302K(6528K) NonClass: 5769K(5888K)->5769K(5888K) Class: 533K(640K)->533K(640K)
[1.810s][info][gc             ] GC(59) Pause Full (Ergonomics) 288M->288M(377M) 94.774ms
[1.810s][info][gc,cpu         ] GC(59) User=0.53s Sys=0.00s Real=0.10s
[1.820s][info][gc,start       ] GC(60) Pause Young (Allocation Failure)
[1.840s][info][gc,heap        ] GC(60) PSYoungGen: 15880K(49152K)->13088K(46080K) Eden: 8704K(8704K)->0K(9728K) From: 7176K(40448K)->13088K(36352K)
[1.840s][info][gc,heap        ] GC(60) ParOldGen: 288023K(336896K)->291055K(336896K)
[1.840s][info][gc,metaspace   ] GC(60) Metaspace: 6302K(6528K)->6302K(6528K) NonClass: 5769K(5888K)->5769K(5888K) Class: 533K(640K)->533K(640K)
[1.840s][info][gc             ] GC(60) Pause Young (Allocation Failure) 296M->297M(374M) 20.637ms
[1.840s][info][gc,cpu         ] GC(60) User=0.12s Sys=0.00s Real=0.02s
[1.852s][info][gc,start       ] GC(61) Pause Young (Allocation Failure)
[1.864s][info][gc,heap        ] GC(61) PSYoungGen: 22816K(46080K)->22752K(47616K) Eden: 9728K(9728K)->0K(9728K) From: 13088K(36352K)->22752K(37888K)
[1.864s][info][gc,heap        ] GC(61) ParOldGen: 291055K(336896K)->291055K(336896K)
[1.864s][info][gc,metaspace   ] GC(61) Metaspace: 6302K(6528K)->6302K(6528K) NonClass: 5769K(5888K)->5769K(5888K) Class: 533K(640K)->533K(640K)
[1.864s][info][gc             ] GC(61) Pause Young (Allocation Failure) 306M->306M(375M) 11.677ms
[1.864s][info][gc,cpu         ] GC(61) User=0.02s Sys=0.00s Real=0.01s
[1.875s][info][gc,start       ] GC(62) Pause Young (Allocation Failure)
[1.890s][info][gc,heap        ] GC(62) PSYoungGen: 32480K(47616K)->32448K(45568K) Eden: 9728K(9728K)->0K(8192K) From: 22752K(37888K)->32448K(37376K)
[1.890s][info][gc,heap        ] GC(62) ParOldGen: 291055K(336896K)->291055K(336896K)
[1.890s][info][gc,metaspace   ] GC(62) Metaspace: 6302K(6528K)->6302K(6528K) NonClass: 5769K(5888K)->5769K(5888K) Class: 533K(640K)->533K(640K)
[1.890s][info][gc             ] GC(62) Pause Young (Allocation Failure) 315M->315M(373M) 15.297ms
[1.890s][info][gc,cpu         ] GC(62) User=0.02s Sys=0.00s Real=0.02s
[1.900s][info][gc,start       ] GC(63) Pause Young (Allocation Failure)
[1.918s][info][gc,heap        ] GC(63) PSYoungGen: 40640K(45568K)->36448K(48640K) Eden: 8192K(8192K)->0K(8192K) From: 32448K(37376K)->36448K(40448K)
[1.918s][info][gc,heap        ] GC(63) ParOldGen: 291055K(336896K)->295343K(336896K)
[1.918s][info][gc,metaspace   ] GC(63) Metaspace: 6302K(6528K)->6302K(6528K) NonClass: 5769K(5888K)->5769K(5888K) Class: 533K(640K)->533K(640K)
[1.918s][info][gc             ] GC(63) Pause Young (Allocation Failure) 323M->324M(376M) 18.539ms
[1.918s][info][gc,cpu         ] GC(63) User=0.12s Sys=0.00s Real=0.02s
[1.928s][info][gc,start       ] GC(64) Pause Young (Allocation Failure)
[1.949s][info][gc,heap        ] GC(64) PSYoungGen: 44640K(48640K)->35904K(51200K) Eden: 8192K(8192K)->0K(6656K) From: 36448K(40448K)->35904K(44544K)
[1.949s][info][gc,heap        ] GC(64) ParOldGen: 295343K(336896K)->304159K(336896K)
[1.949s][info][gc,metaspace   ] GC(64) Metaspace: 6302K(6528K)->6302K(6528K) NonClass: 5769K(5888K)->5769K(5888K) Class: 533K(640K)->533K(640K)
[1.949s][info][gc             ] GC(64) Pause Young (Allocation Failure) 332M->332M(379M) 21.040ms
[1.949s][info][gc,cpu         ] GC(64) User=0.12s Sys=0.00s Real=0.02s
[1.956s][info][gc,start       ] GC(65) Pause Young (Allocation Failure)
[1.976s][info][gc,heap        ] GC(65) PSYoungGen: 42560K(51200K)->23136K(30208K) Eden: 6656K(6656K)->0K(6656K) From: 35904K(44544K)->23136K(23552K)
[1.976s][info][gc,heap        ] GC(65) ParOldGen: 304159K(336896K)->323863K(336896K)
[1.976s][info][gc,metaspace   ] GC(65) Metaspace: 6302K(6528K)->6302K(6528K) NonClass: 5769K(5888K)->5769K(5888K) Class: 533K(640K)->533K(640K)
[1.976s][info][gc             ] GC(65) Pause Young (Allocation Failure) 338M->338M(358M) 19.785ms
[1.976s][info][gc,cpu         ] GC(65) User=0.12s Sys=0.00s Real=0.02s
[1.976s][info][gc,start       ] GC(66) Pause Full (Ergonomics)
[1.976s][info][gc,phases,start] GC(66) Marking Phase
[2.045s][info][gc,phases      ] GC(66) Marking Phase 69.448ms
[2.045s][info][gc,phases,start] GC(66) Summary Phase
[2.045s][info][gc,phases      ] GC(66) Summary Phase 0.028ms
[2.045s][info][gc,phases,start] GC(66) Adjust Roots
[2.045s][info][gc,phases      ] GC(66) Adjust Roots 0.166ms
[2.045s][info][gc,phases,start] GC(66) Compaction Phase
[2.079s][info][gc,phases      ] GC(66) Compaction Phase 33.131ms
[2.079s][info][gc,phases,start] GC(66) Post Compact
[2.080s][info][gc,phases      ] GC(66) Post Compact 1.575ms
[2.081s][info][gc,heap        ] GC(66) PSYoungGen: 23136K(30208K)->9666K(30208K) Eden: 0K(6656K)->0K(6656K) From: 23136K(23552K)->9666K(23552K)
[2.081s][info][gc,heap        ] GC(66) ParOldGen: 323863K(336896K)->336557K(388096K)
[2.081s][info][gc,metaspace   ] GC(66) Metaspace: 6302K(6528K)->6302K(6528K) NonClass: 5769K(5888K)->5769K(5888K) Class: 533K(640K)->533K(640K)
[2.081s][info][gc             ] GC(66) Pause Full (Ergonomics) 338M->338M(408M) 104.904ms
[2.081s][info][gc,cpu         ] GC(66) User=0.67s Sys=0.00s Real=0.11s
[2.088s][info][gc,start       ] GC(67) Pause Young (Allocation Failure)
[2.111s][info][gc,heap        ] GC(67) PSYoungGen: 16322K(30208K)->9952K(52736K) Eden: 6656K(6656K)->0K(7680K) From: 9666K(23552K)->9952K(45056K)
[2.111s][info][gc,heap        ] GC(67) ParOldGen: 336557K(388096K)->343141K(388096K)
[2.111s][info][gc,metaspace   ] GC(67) Metaspace: 6302K(6528K)->6302K(6528K) NonClass: 5769K(5888K)->5769K(5888K) Class: 533K(640K)->533K(640K)
[2.111s][info][gc             ] GC(67) Pause Young (Allocation Failure) 344M->344M(430M) 22.871ms
[2.111s][info][gc,cpu         ] GC(67) User=0.09s Sys=0.03s Real=0.02s
[2.184s][info][gc,start       ] GC(68) Pause Young (Allocation Failure)
[2.201s][info][gc,heap        ] GC(68) PSYoungGen: 17632K(52736K)->14400K(52736K) Eden: 7680K(7680K)->0K(7680K) From: 9952K(45056K)->14400K(45056K)
[2.202s][info][gc,heap        ] GC(68) ParOldGen: 359525K(388096K)->362805K(388096K)
[2.202s][info][gc,metaspace   ] GC(68) Metaspace: 6302K(6528K)->6302K(6528K) NonClass: 5769K(5888K)->5769K(5888K) Class: 533K(640K)->533K(640K)
[2.202s][info][gc             ] GC(68) Pause Young (Allocation Failure) 368M->368M(430M) 17.421ms
[2.202s][info][gc,cpu         ] GC(68) User=0.08s Sys=0.00s Real=0.02s
[2.208s][info][gc,start       ] GC(69) Pause Young (Allocation Failure)
[2.220s][info][gc,heap        ] GC(69) PSYoungGen: 22080K(52736K)->15456K(51712K) Eden: 7680K(7680K)->0K(9216K) From: 14400K(45056K)->15456K(42496K)
[2.220s][info][gc,heap        ] GC(69) ParOldGen: 362805K(388096K)->369549K(388096K)
[2.220s][info][gc,metaspace   ] GC(69) Metaspace: 6302K(6528K)->6302K(6528K) NonClass: 5769K(5888K)->5769K(5888K) Class: 533K(640K)->533K(640K)
[2.220s][info][gc             ] GC(69) Pause Young (Allocation Failure) 375M->375M(429M) 11.454ms
[2.220s][info][gc,cpu         ] GC(69) User=0.02s Sys=0.00s Real=0.01s
[2.220s][info][gc,start       ] GC(70) Pause Full (Ergonomics)
[2.220s][info][gc,phases,start] GC(70) Marking Phase
[2.302s][info][gc,phases      ] GC(70) Marking Phase 81.590ms
[2.302s][info][gc,phases,start] GC(70) Summary Phase
[2.302s][info][gc,phases      ] GC(70) Summary Phase 0.024ms
[2.302s][info][gc,phases,start] GC(70) Adjust Roots
[2.302s][info][gc,phases      ] GC(70) Adjust Roots 0.148ms
[2.302s][info][gc,phases,start] GC(70) Compaction Phase
[2.365s][info][gc,phases      ] GC(70) Compaction Phase 63.074ms
[2.365s][info][gc,phases,start] GC(70) Post Compact
[2.367s][info][gc,phases      ] GC(70) Post Compact 1.989ms
[2.367s][info][gc,heap        ] GC(70) PSYoungGen: 15456K(51712K)->0K(52224K) Eden: 0K(9216K)->0K(9216K) From: 15456K(42496K)->0K(43008K)
[2.367s][info][gc,heap        ] GC(70) ParOldGen: 369549K(388096K)->376331K(428032K)
[2.367s][info][gc,metaspace   ] GC(70) Metaspace: 6302K(6528K)->6302K(6528K) NonClass: 5769K(5888K)->5769K(5888K) Class: 533K(640K)->533K(640K)
[2.367s][info][gc             ] GC(70) Pause Full (Ergonomics) 375M->367M(469M) 147.343ms
[2.367s][info][gc,cpu         ] GC(70) User=0.97s Sys=0.00s Real=0.15s
[2.379s][info][gc,start       ] GC(71) Pause Young (Allocation Failure)
[2.387s][info][gc,heap        ] GC(71) PSYoungGen: 9216K(52224K)->9344K(52224K) Eden: 9216K(9216K)->0K(10240K) From: 0K(43008K)->9344K(41984K)
[2.387s][info][gc,heap        ] GC(71) ParOldGen: 376331K(428032K)->376331K(428032K)
[2.387s][info][gc,metaspace   ] GC(71) Metaspace: 6302K(6528K)->6302K(6528K) NonClass: 5769K(5888K)->5769K(5888K) Class: 533K(640K)->533K(640K)
[2.387s][info][gc             ] GC(71) Pause Young (Allocation Failure) 376M->376M(469M) 8.320ms
[2.387s][info][gc,cpu         ] GC(71) User=0.00s Sys=0.00s Real=0.01s
[2.397s][info][gc,start       ] GC(72) Pause Young (Allocation Failure)
[2.408s][info][gc,heap        ] GC(72) PSYoungGen: 19584K(52224K)->19584K(30208K) Eden: 10240K(10240K)->0K(10240K) From: 9344K(41984K)->19584K(19968K)
[2.408s][info][gc,heap        ] GC(72) ParOldGen: 376331K(428032K)->376331K(428032K)
[2.408s][info][gc,metaspace   ] GC(72) Metaspace: 6302K(6528K)->6302K(6528K) NonClass: 5769K(5888K)->5769K(5888K) Class: 533K(640K)->533K(640K)
[2.408s][info][gc             ] GC(72) Pause Young (Allocation Failure) 386M->386M(447M) 10.964ms
[2.408s][info][gc,cpu         ] GC(72) User=0.00s Sys=0.00s Real=0.01s
[2.419s][info][gc,start       ] GC(73) Pause Young (Allocation Failure)
[2.433s][info][gc,heap        ] GC(73) PSYoungGen: 29824K(30208K)->29760K(50688K) Eden: 10240K(10240K)->0K(10240K) From: 19584K(19968K)->29760K(40448K)
[2.433s][info][gc,heap        ] GC(73) ParOldGen: 376331K(428032K)->376331K(428032K)
[2.433s][info][gc,metaspace   ] GC(73) Metaspace: 6302K(6528K)->6302K(6528K) NonClass: 5769K(5888K)->5769K(5888K) Class: 533K(640K)->533K(640K)
[2.433s][info][gc             ] GC(73) Pause Young (Allocation Failure) 396M->396M(467M) 14.457ms
[2.433s][info][gc,cpu         ] GC(73) User=0.02s Sys=0.00s Real=0.02s
[2.444s][info][gc,start       ] GC(74) Pause Young (Allocation Failure)
[2.462s][info][gc,heap        ] GC(74) PSYoungGen: 40000K(50688K)->39968K(52224K) Eden: 10240K(10240K)->0K(10240K) From: 29760K(40448K)->39968K(41984K)
[2.462s][info][gc,heap        ] GC(74) ParOldGen: 376331K(428032K)->376331K(428032K)
[2.462s][info][gc,metaspace   ] GC(74) Metaspace: 6302K(6528K)->6302K(6528K) NonClass: 5769K(5888K)->5769K(5888K) Class: 533K(640K)->533K(640K)
[2.462s][info][gc             ] GC(74) Pause Young (Allocation Failure) 406M->406M(469M) 18.514ms
[2.462s][info][gc,cpu         ] GC(74) User=0.12s Sys=0.00s Real=0.02s
[2.472s][info][gc,start       ] GC(75) Pause Young (Allocation Failure)
[2.495s][info][gc,heap        ] GC(75) PSYoungGen: 50208K(52224K)->41024K(54272K) Eden: 10240K(10240K)->0K(7168K) From: 39968K(41984K)->41024K(47104K)
[2.495s][info][gc,heap        ] GC(75) ParOldGen: 376331K(428032K)->385683K(428032K)
[2.495s][info][gc,metaspace   ] GC(75) Metaspace: 6302K(6528K)->6302K(6528K) NonClass: 5769K(5888K)->5769K(5888K) Class: 533K(640K)->533K(640K)
[2.495s][info][gc             ] GC(75) Pause Young (Allocation Failure) 416M->416M(471M) 22.934ms
[2.495s][info][gc,cpu         ] GC(75) User=0.12s Sys=0.00s Real=0.02s
[2.503s][info][gc,start       ] GC(76) Pause Young (Allocation Failure)
[2.525s][info][gc,heap        ] GC(76) PSYoungGen: 48192K(54272K)->27744K(35328K) Eden: 7168K(7168K)->0K(7168K) From: 41024K(47104K)->27744K(28160K)
[2.525s][info][gc,heap        ] GC(76) ParOldGen: 385683K(428032K)->406403K(428032K)
[2.525s][info][gc,metaspace   ] GC(76) Metaspace: 6302K(6528K)->6302K(6528K) NonClass: 5769K(5888K)->5769K(5888K) Class: 533K(640K)->533K(640K)
[2.525s][info][gc             ] GC(76) Pause Young (Allocation Failure) 423M->423M(452M) 22.121ms
[2.525s][info][gc,cpu         ] GC(76) User=0.12s Sys=0.00s Real=0.02s
[2.525s][info][gc,start       ] GC(77) Pause Full (Ergonomics)
[2.525s][info][gc,phases,start] GC(77) Marking Phase
[2.619s][info][gc,phases      ] GC(77) Marking Phase 93.945ms
[2.619s][info][gc,phases,start] GC(77) Summary Phase
[2.619s][info][gc,phases      ] GC(77) Summary Phase 0.026ms
[2.619s][info][gc,phases,start] GC(77) Adjust Roots
[2.619s][info][gc,phases      ] GC(77) Adjust Roots 0.149ms
[2.619s][info][gc,phases,start] GC(77) Compaction Phase
[2.662s][info][gc,phases      ] GC(77) Compaction Phase 42.718ms
[2.662s][info][gc,phases,start] GC(77) Post Compact
[2.664s][info][gc,phases      ] GC(77) Post Compact 2.047ms
[2.664s][info][gc,heap        ] GC(77) PSYoungGen: 27744K(35328K)->5581K(35328K) Eden: 0K(7168K)->0K(7168K) From: 27744K(28160K)->5581K(28160K)
[2.664s][info][gc,heap        ] GC(77) ParOldGen: 406403K(428032K)->427900K(485888K)
[2.664s][info][gc,metaspace   ] GC(77) Metaspace: 6302K(6528K)->6302K(6528K) NonClass: 5769K(5888K)->5769K(5888K) Class: 533K(640K)->533K(640K)
[2.664s][info][gc             ] GC(77) Pause Full (Ergonomics) 423M->423M(509M) 139.437ms
[2.664s][info][gc,cpu         ] GC(77) User=0.88s Sys=0.00s Real=0.14s
[2.673s][info][gc,start       ] GC(78) Pause Young (Allocation Failure)
[2.698s][info][gc,heap        ] GC(78) PSYoungGen: 12749K(35328K)->7424K(57856K) Eden: 7168K(7168K)->0K(7680K) From: 5581K(28160K)->7424K(50176K)
[2.698s][info][gc,heap        ] GC(78) ParOldGen: 427900K(485888K)->433460K(485888K)
[2.698s][info][gc,metaspace   ] GC(78) Metaspace: 6302K(6528K)->6302K(6528K) NonClass: 5769K(5888K)->5769K(5888K) Class: 533K(640K)->533K(640K)
[2.698s][info][gc             ] GC(78) Pause Young (Allocation Failure) 430M->430M(531M) 24.789ms
[2.698s][info][gc,cpu         ] GC(78) User=0.12s Sys=0.00s Real=0.03s
[2.705s][info][gc,start       ] GC(79) Pause Young (Allocation Failure)
[2.715s][info][gc,heap        ] GC(79) PSYoungGen: 15104K(57856K)->14944K(23040K) Eden: 7680K(7680K)->0K(7680K) From: 7424K(50176K)->14944K(15360K)
[2.715s][info][gc,heap        ] GC(79) ParOldGen: 433460K(485888K)->433604K(485888K)
[2.715s][info][gc,metaspace   ] GC(79) Metaspace: 6302K(6528K)->6302K(6528K) NonClass: 5769K(5888K)->5769K(5888K) Class: 533K(640K)->533K(640K)
[2.715s][info][gc             ] GC(79) Pause Young (Allocation Failure) 438M->438M(497M) 9.458ms
[2.715s][info][gc,cpu         ] GC(79) User=0.00s Sys=0.00s Real=0.01s
[2.723s][info][gc,start       ] GC(80) Pause Young (Allocation Failure)
[2.735s][info][gc,heap        ] GC(80) PSYoungGen: 22624K(23040K)->15456K(54784K) Eden: 7680K(7680K)->0K(8704K) From: 14944K(15360K)->15456K(46080K)
[2.735s][info][gc,heap        ] GC(80) ParOldGen: 433604K(485888K)->440868K(485888K)
[2.735s][info][gc,metaspace   ] GC(80) Metaspace: 6302K(6528K)->6302K(6528K) NonClass: 5769K(5888K)->5769K(5888K) Class: 533K(640K)->533K(640K)
[2.735s][info][gc             ] GC(80) Pause Young (Allocation Failure) 445M->445M(528M) 12.394ms
[2.735s][info][gc,cpu         ] GC(80) User=0.02s Sys=0.00s Real=0.01s
[2.745s][info][gc,start       ] GC(81) Pause Young (Allocation Failure)
[2.757s][info][gc,heap        ] GC(81) PSYoungGen: 24160K(54784K)->8800K(56320K) Eden: 8704K(8704K)->0K(8704K) From: 15456K(46080K)->8800K(47616K)
[2.757s][info][gc,heap        ] GC(81) ParOldGen: 440868K(485888K)->456388K(485888K)
[2.757s][info][gc,metaspace   ] GC(81) Metaspace: 6302K(6528K)->6302K(6528K) NonClass: 5769K(5888K)->5769K(5888K) Class: 533K(640K)->533K(640K)
[2.757s][info][gc             ] GC(81) Pause Young (Allocation Failure) 454M->454M(529M) 12.672ms
[2.757s][info][gc,cpu         ] GC(81) User=0.02s Sys=0.00s Real=0.01s
[2.766s][info][gc,start       ] GC(82) Pause Young (Allocation Failure)
[2.777s][info][gc,heap        ] GC(82) PSYoungGen: 17504K(56320K)->8832K(56320K) Eden: 8704K(8704K)->0K(10240K) From: 8800K(47616K)->8832K(46080K)
[2.777s][info][gc,heap        ] GC(82) ParOldGen: 456388K(485888K)->465220K(485888K)
[2.777s][info][gc,metaspace   ] GC(82) Metaspace: 6302K(6528K)->6302K(6528K) NonClass: 5769K(5888K)->5769K(5888K) Class: 533K(640K)->533K(640K)
[2.777s][info][gc             ] GC(82) Pause Young (Allocation Failure) 462M->462M(529M) 10.347ms
[2.777s][info][gc,cpu         ] GC(82) User=0.00s Sys=0.00s Real=0.01s
[2.777s][info][gc,start       ] GC(83) Pause Full (Ergonomics)
[2.777s][info][gc,phases,start] GC(83) Marking Phase
[2.881s][info][gc,phases      ] GC(83) Marking Phase 103.818ms
[2.881s][info][gc,phases,start] GC(83) Summary Phase
[2.881s][info][gc,phases      ] GC(83) Summary Phase 0.029ms
[2.881s][info][gc,phases,start] GC(83) Adjust Roots
[2.881s][info][gc,phases      ] GC(83) Adjust Roots 0.174ms
[2.881s][info][gc,phases,start] GC(83) Compaction Phase
[2.927s][info][gc,phases      ] GC(83) Compaction Phase 45.744ms
[2.927s][info][gc,phases,start] GC(83) Post Compact
[2.929s][info][gc,phases      ] GC(83) Post Compact 2.364ms
[2.930s][info][gc,heap        ] GC(83) PSYoungGen: 8832K(56320K)->0K(56832K) Eden: 0K(10240K)->0K(10240K) From: 8832K(46080K)->0K(46592K)
[2.930s][info][gc,heap        ] GC(83) ParOldGen: 465220K(485888K)->473255K(533504K)
[2.930s][info][gc,metaspace   ] GC(83) Metaspace: 6302K(6528K)->6302K(6528K) NonClass: 5769K(5888K)->5769K(5888K) Class: 533K(640K)->533K(640K)
[2.930s][info][gc             ] GC(83) Pause Full (Ergonomics) 462M->462M(576M) 152.799ms
[2.930s][info][gc,cpu         ] GC(83) User=1.11s Sys=0.00s Real=0.15s
[2.941s][info][gc,start       ] GC(84) Pause Young (Allocation Failure)
[2.950s][info][gc,heap        ] GC(84) PSYoungGen: 10240K(56832K)->10400K(54272K) Eden: 10240K(10240K)->0K(11264K) From: 0K(46592K)->10400K(43008K)
[2.950s][info][gc,heap        ] GC(84) ParOldGen: 473255K(533504K)->473255K(533504K)
[2.950s][info][gc,metaspace   ] GC(84) Metaspace: 6302K(6528K)->6302K(6528K) NonClass: 5769K(5888K)->5769K(5888K) Class: 533K(640K)->533K(640K)
[2.950s][info][gc             ] GC(84) Pause Young (Allocation Failure) 472M->472M(574M) 9.253ms
[2.950s][info][gc,cpu         ] GC(84) User=0.00s Sys=0.00s Real=0.01s
[2.963s][info][gc,start       ] GC(85) Pause Young (Allocation Failure)
[2.976s][info][gc,heap        ] GC(85) PSYoungGen: 21664K(54272K)->21632K(56320K) Eden: 11264K(11264K)->0K(11264K) From: 10400K(43008K)->21632K(45056K)
[2.976s][info][gc,heap        ] GC(85) ParOldGen: 473255K(533504K)->473255K(533504K)
[2.976s][info][gc,metaspace   ] GC(85) Metaspace: 6302K(6528K)->6302K(6528K) NonClass: 5769K(5888K)->5769K(5888K) Class: 533K(640K)->533K(640K)
[2.976s][info][gc             ] GC(85) Pause Young (Allocation Failure) 483M->483M(576M) 12.597ms
[2.976s][info][gc,cpu         ] GC(85) User=0.02s Sys=0.00s Real=0.01s
[2.987s][info][gc,start       ] GC(86) Pause Young (Allocation Failure)
[3.005s][info][gc,heap        ] GC(86) PSYoungGen: 32896K(56320K)->32896K(54272K) Eden: 11264K(11264K)->0K(10240K) From: 21632K(45056K)->32896K(44032K)
[3.005s][info][gc,heap        ] GC(86) ParOldGen: 473255K(533504K)->473255K(533504K)
[3.005s][info][gc,metaspace   ] GC(86) Metaspace: 6302K(6528K)->6302K(6528K) NonClass: 5769K(5888K)->5769K(5888K) Class: 533K(640K)->533K(640K)
[3.005s][info][gc             ] GC(86) Pause Young (Allocation Failure) 494M->494M(574M) 17.356ms
[3.005s][info][gc,cpu         ] GC(86) User=0.11s Sys=0.00s Real=0.02s
[3.016s][info][gc,start       ] GC(87) Pause Young (Allocation Failure)
[3.037s][info][gc,heap        ] GC(87) PSYoungGen: 43136K(54272K)->32864K(56832K) Eden: 10240K(10240K)->0K(10240K) From: 32896K(44032K)->32864K(46592K)
[3.037s][info][gc,heap        ] GC(87) ParOldGen: 473255K(533504K)->483647K(533504K)
[3.037s][info][gc,metaspace   ] GC(87) Metaspace: 6302K(6528K)->6302K(6528K) NonClass: 5769K(5888K)->5769K(5888K) Class: 533K(640K)->533K(640K)
[3.038s][info][gc             ] GC(87) Pause Young (Allocation Failure) 504M->504M(576M) 21.452ms
[3.038s][info][gc,cpu         ] GC(87) User=0.11s Sys=0.02s Real=0.02s
[3.048s][info][gc,start       ] GC(88) Pause Young (Allocation Failure)
[3.069s][info][gc,heap        ] GC(88) PSYoungGen: 43104K(56832K)->31808K(58880K) Eden: 10240K(10240K)->0K(10240K) From: 32864K(46592K)->31808K(48640K)
[3.069s][info][gc,heap        ] GC(88) ParOldGen: 483647K(533504K)->495079K(533504K)
[3.069s][info][gc,metaspace   ] GC(88) Metaspace: 6302K(6528K)->6302K(6528K) NonClass: 5769K(5888K)->5769K(5888K) Class: 533K(640K)->533K(640K)
[3.069s][info][gc             ] GC(88) Pause Young (Allocation Failure) 514M->514M(578M) 20.831ms
[3.069s][info][gc,cpu         ] GC(88) User=0.12s Sys=0.00s Real=0.02s
[3.080s][info][gc,start       ] GC(89) Pause Young (Allocation Failure)
[3.101s][info][gc,heap        ] GC(89) PSYoungGen: 42048K(58880K)->20576K(31232K) Eden: 10240K(10240K)->0K(10240K) From: 31808K(48640K)->20576K(20992K)
[3.101s][info][gc,heap        ] GC(89) ParOldGen: 495079K(533504K)->516823K(533504K)
[3.101s][info][gc,metaspace   ] GC(89) Metaspace: 6302K(6528K)->6302K(6528K) NonClass: 5769K(5888K)->5769K(5888K) Class: 533K(640K)->533K(640K)
[3.101s][info][gc             ] GC(89) Pause Young (Allocation Failure) 524M->524M(551M) 20.924ms
[3.101s][info][gc,cpu         ] GC(89) User=0.11s Sys=0.02s Real=0.02s
[3.101s][info][gc,start       ] GC(90) Pause Full (Ergonomics)
[3.101s][info][gc,phases,start] GC(90) Marking Phase
[3.219s][info][gc,phases      ] GC(90) Marking Phase 118.181ms
[3.219s][info][gc,phases,start] GC(90) Summary Phase
[3.219s][info][gc,phases      ] GC(90) Summary Phase 0.028ms
[3.219s][info][gc,phases,start] GC(90) Adjust Roots
[3.220s][info][gc,phases      ] GC(90) Adjust Roots 0.150ms
[3.220s][info][gc,phases,start] GC(90) Compaction Phase
[3.268s][info][gc,phases      ] GC(90) Compaction Phase 47.871ms
[3.268s][info][gc,phases,start] GC(90) Post Compact
[3.268s][info][gc,phases      ] GC(90) Post Compact 0.792ms
[3.269s][info][gc,heap        ] GC(90) PSYoungGen: 20576K(31232K)->3553K(31232K) Eden: 0K(10240K)->0K(10240K) From: 20576K(20992K)->3553K(20992K)
[3.269s][info][gc,heap        ] GC(90) ParOldGen: 516823K(533504K)->532993K(601088K)
[3.269s][info][gc,metaspace   ] GC(90) Metaspace: 6302K(6528K)->6302K(6528K) NonClass: 5769K(5888K)->5769K(5888K) Class: 533K(640K)->533K(640K)
[3.269s][info][gc             ] GC(90) Pause Full (Ergonomics) 524M->523M(617M) 167.513ms
[3.269s][info][gc,cpu         ] GC(90) User=1.14s Sys=0.00s Real=0.17s
[3.280s][info][gc,start       ] GC(91) Pause Young (Allocation Failure)
[3.309s][info][gc,heap        ] GC(91) PSYoungGen: 13793K(31232K)->10400K(57344K) Eden: 10240K(10240K)->0K(11264K) From: 3553K(20992K)->10400K(46080K)
[3.309s][info][gc,heap        ] GC(91) ParOldGen: 532993K(601088K)->536625K(601088K)
[3.309s][info][gc,metaspace   ] GC(91) Metaspace: 6302K(6528K)->6302K(6528K) NonClass: 5769K(5888K)->5769K(5888K) Class: 533K(640K)->533K(640K)
[3.309s][info][gc             ] GC(91) Pause Young (Allocation Failure) 533M->534M(643M) 29.611ms
[3.309s][info][gc,cpu         ] GC(91) User=0.12s Sys=0.00s Real=0.03s
[3.322s][info][gc,start       ] GC(92) Pause Young (Allocation Failure)
[3.335s][info][gc,heap        ] GC(92) PSYoungGen: 21664K(57344K)->11392K(58368K) Eden: 11264K(11264K)->0K(11264K) From: 10400K(46080K)->11392K(47104K)
[3.335s][info][gc,heap        ] GC(92) ParOldGen: 536625K(601088K)->547009K(601088K)
[3.335s][info][gc,metaspace   ] GC(92) Metaspace: 6302K(6528K)->6302K(6528K) NonClass: 5769K(5888K)->5769K(5888K) Class: 533K(640K)->533K(640K)
[3.335s][info][gc             ] GC(92) Pause Young (Allocation Failure) 545M->545M(644M) 12.989ms
[3.335s][info][gc,cpu         ] GC(92) User=0.02s Sys=0.00s Real=0.01s
[3.347s][info][gc,start       ] GC(93) Pause Young (Allocation Failure)
[3.361s][info][gc,heap        ] GC(93) PSYoungGen: 22656K(58368K)->11392K(56832K) Eden: 11264K(11264K)->0K(12800K) From: 11392K(47104K)->11392K(44032K)
[3.361s][info][gc,heap        ] GC(93) ParOldGen: 547009K(601088K)->558433K(601088K)
[3.361s][info][gc,metaspace   ] GC(93) Metaspace: 6302K(6528K)->6302K(6528K) NonClass: 5769K(5888K)->5769K(5888K) Class: 533K(640K)->533K(640K)
[3.361s][info][gc             ] GC(93) Pause Young (Allocation Failure) 556M->556M(642M) 13.588ms
[3.361s][info][gc,cpu         ] GC(93) User=0.02s Sys=0.00s Real=0.01s
[3.375s][info][gc,start       ] GC(94) Pause Young (Allocation Failure)
[3.390s][info][gc,heap        ] GC(94) PSYoungGen: 24192K(56832K)->12960K(57856K) Eden: 12800K(12800K)->0K(12800K) From: 11392K(44032K)->12960K(45056K)
[3.390s][info][gc,heap        ] GC(94) ParOldGen: 558433K(601088K)->569857K(601088K)
[3.390s][info][gc,metaspace   ] GC(94) Metaspace: 6302K(6528K)->6302K(6528K) NonClass: 5769K(5888K)->5769K(5888K) Class: 533K(640K)->533K(640K)
[3.390s][info][gc             ] GC(94) Pause Young (Allocation Failure) 568M->569M(643M) 14.437ms
[3.390s][info][gc,cpu         ] GC(94) User=0.00s Sys=0.00s Real=0.01s
[3.403s][info][gc,start       ] GC(95) Pause Young (Allocation Failure)
[3.418s][info][gc,heap        ] GC(95) PSYoungGen: 25760K(57856K)->12896K(54784K) Eden: 12800K(12800K)->0K(14336K) From: 12960K(45056K)->12896K(40448K)
[3.418s][info][gc,heap        ] GC(95) ParOldGen: 569857K(601088K)->582841K(601088K)
[3.418s][info][gc,metaspace   ] GC(95) Metaspace: 6302K(6528K)->6302K(6528K) NonClass: 5769K(5888K)->5769K(5888K) Class: 533K(640K)->533K(640K)
[3.418s][info][gc             ] GC(95) Pause Young (Allocation Failure) 581M->581M(640M) 15.160ms
[3.418s][info][gc,cpu         ] GC(95) User=0.02s Sys=0.00s Real=0.01s
[3.418s][info][gc,start       ] GC(96) Pause Full (Ergonomics)
[3.418s][info][gc,phases,start] GC(96) Marking Phase
[3.554s][info][gc,phases      ] GC(96) Marking Phase 135.554ms
[3.554s][info][gc,phases,start] GC(96) Summary Phase
[3.554s][info][gc,phases      ] GC(96) Summary Phase 0.026ms
[3.554s][info][gc,phases,start] GC(96) Adjust Roots
[3.554s][info][gc,phases      ] GC(96) Adjust Roots 0.159ms
[3.554s][info][gc,phases,start] GC(96) Compaction Phase
[3.605s][info][gc,phases      ] GC(96) Compaction Phase 50.571ms
[3.605s][info][gc,phases,start] GC(96) Post Compact
[3.606s][info][gc,phases      ] GC(96) Post Compact 0.968ms
[3.606s][info][gc,heap        ] GC(96) PSYoungGen: 12896K(54784K)->0K(56320K) Eden: 0K(14336K)->0K(14336K) From: 12896K(40448K)->0K(41984K)
[3.606s][info][gc,heap        ] GC(96) ParOldGen: 582841K(601088K)->594761K(666112K)
[3.606s][info][gc,metaspace   ] GC(96) Metaspace: 6302K(6528K)->6302K(6528K) NonClass: 5769K(5888K)->5769K(5888K) Class: 533K(640K)->533K(640K)
[3.606s][info][gc             ] GC(96) Pause Full (Ergonomics) 581M->580M(705M) 187.831ms
[3.606s][info][gc,cpu         ] GC(96) User=1.41s Sys=0.00s Real=0.19s
[3.623s][info][gc,start       ] GC(97) Pause Young (Allocation Failure)
[3.634s][info][gc,heap        ] GC(97) PSYoungGen: 14336K(56320K)->14496K(53760K) Eden: 14336K(14336K)->0K(15872K) From: 0K(41984K)->14496K(37888K)
[3.634s][info][gc,heap        ] GC(97) ParOldGen: 594761K(666112K)->594761K(666112K)
[3.634s][info][gc,metaspace   ] GC(97) Metaspace: 6302K(6528K)->6302K(6528K) NonClass: 5769K(5888K)->5769K(5888K) Class: 533K(640K)->533K(640K)
[3.634s][info][gc             ] GC(97) Pause Young (Allocation Failure) 594M->594M(703M) 10.621ms
[3.634s][info][gc,cpu         ] GC(97) User=0.00s Sys=0.00s Real=0.01s
[3.652s][info][gc,start       ] GC(98) Pause Young (Allocation Failure)
[3.669s][info][gc,heap        ] GC(98) PSYoungGen: 30368K(53760K)->30304K(55808K) Eden: 15872K(15872K)->0K(15872K) From: 14496K(37888K)->30304K(39936K)
[3.669s][info][gc,heap        ] GC(98) ParOldGen: 594761K(666112K)->594761K(666112K)
[3.669s][info][gc,metaspace   ] GC(98) Metaspace: 6302K(6528K)->6302K(6528K) NonClass: 5769K(5888K)->5769K(5888K) Class: 533K(640K)->533K(640K)
[3.669s][info][gc             ] GC(98) Pause Young (Allocation Failure) 610M->610M(705M) 16.541ms
[3.669s][info][gc,cpu         ] GC(98) User=0.03s Sys=0.00s Real=0.02s
[3.689s][info][gc,start       ] GC(99) Pause Young (Allocation Failure)
[3.712s][info][gc,heap        ] GC(99) PSYoungGen: 46176K(55808K)->42496K(52736K) Eden: 15872K(15872K)->0K(10240K) From: 30304K(39936K)->42496K(42496K)
[3.712s][info][gc,heap        ] GC(99) ParOldGen: 594761K(666112K)->598425K(666112K)
[3.712s][info][gc,metaspace   ] GC(99) Metaspace: 6302K(6528K)->6302K(6528K) NonClass: 5769K(5888K)->5769K(5888K) Class: 533K(640K)->533K(640K)
[3.712s][info][gc             ] GC(99) Pause Young (Allocation Failure) 625M->625M(702M) 23.654ms
[3.712s][info][gc,cpu         ] GC(99) User=0.12s Sys=0.00s Real=0.02s
[3.725s][info][gc,start       ] GC(100) Pause Young (Allocation Failure)
[3.752s][info][gc,heap        ] GC(100) PSYoungGen: 52736K(52736K)->24736K(35328K) Eden: 10240K(10240K)->0K(10240K) From: 42496K(42496K)->24736K(25088K)
[3.752s][info][gc,heap        ] GC(100) ParOldGen: 598425K(666112K)->626929K(666112K)
[3.752s][info][gc,metaspace   ] GC(100) Metaspace: 6302K(6528K)->6302K(6528K) NonClass: 5769K(5888K)->5769K(5888K) Class: 533K(640K)->533K(640K)
[3.752s][info][gc             ] GC(100) Pause Young (Allocation Failure) 635M->636M(685M) 26.624ms
[3.752s][info][gc,cpu         ] GC(100) User=0.11s Sys=0.00s Real=0.03s
[3.763s][info][gc,start       ] GC(101) Pause Young (Allocation Failure)
[3.781s][info][gc,heap        ] GC(101) PSYoungGen: 34976K(35328K)->20608K(55808K) Eden: 10240K(10240K)->0K(11776K) From: 24736K(25088K)->20608K(44032K)
[3.781s][info][gc,heap        ] GC(101) ParOldGen: 626929K(666112K)->641521K(666112K)
[3.781s][info][gc,metaspace   ] GC(101) Metaspace: 6302K(6528K)->6302K(6528K) NonClass: 5769K(5888K)->5769K(5888K) Class: 533K(640K)->533K(640K)
[3.781s][info][gc             ] GC(101) Pause Young (Allocation Failure) 646M->646M(705M) 17.938ms
[3.781s][info][gc,cpu         ] GC(101) User=0.12s Sys=0.02s Real=0.02s
[3.781s][info][gc,start       ] GC(102) Pause Full (Ergonomics)
[3.781s][info][gc,phases,start] GC(102) Marking Phase
[3.918s][info][gc,phases      ] GC(102) Marking Phase 137.022ms
[3.918s][info][gc,phases,start] GC(102) Summary Phase
[3.918s][info][gc,phases      ] GC(102) Summary Phase 0.028ms
[3.918s][info][gc,phases,start] GC(102) Adjust Roots
[3.918s][info][gc,phases      ] GC(102) Adjust Roots 0.168ms
[3.918s][info][gc,phases,start] GC(102) Compaction Phase
[3.969s][info][gc,phases      ] GC(102) Compaction Phase 51.294ms
[3.969s][info][gc,phases,start] GC(102) Post Compact
[3.971s][info][gc,phases      ] GC(102) Post Compact 1.136ms
[3.971s][info][gc,heap        ] GC(102) PSYoungGen: 20608K(55808K)->0K(57856K) Eden: 0K(11776K)->0K(11776K) From: 20608K(44032K)->0K(46080K)
[3.971s][info][gc,heap        ] GC(102) ParOldGen: 641521K(666112K)->661168K(741888K)
[3.971s][info][gc,metaspace   ] GC(102) Metaspace: 6302K(6528K)->6302K(6528K) NonClass: 5769K(5888K)->5769K(5888K) Class: 533K(640K)->533K(640K)
[3.971s][info][gc             ] GC(102) Pause Full (Ergonomics) 646M->645M(781M) 190.200ms
[3.971s][info][gc,cpu         ] GC(102) User=1.38s Sys=0.00s Real=0.19s
[3.985s][info][gc,start       ] GC(103) Pause Young (Allocation Failure)
[3.994s][info][gc,heap        ] GC(103) PSYoungGen: 11776K(57856K)->11936K(58368K) Eden: 11776K(11776K)->0K(13312K) From: 0K(46080K)->11936K(45056K)
[3.994s][info][gc,heap        ] GC(103) ParOldGen: 661168K(741888K)->661168K(741888K)
[3.994s][info][gc,metaspace   ] GC(103) Metaspace: 6302K(6528K)->6302K(6528K) NonClass: 5769K(5888K)->5769K(5888K) Class: 533K(640K)->533K(640K)
[3.994s][info][gc             ] GC(103) Pause Young (Allocation Failure) 657M->657M(781M) 9.275ms
[3.994s][info][gc,cpu         ] GC(103) User=0.00s Sys=0.00s Real=0.01s
[4.012s][info][gc,start       ] GC(104) Pause Young (Allocation Failure)
[4.026s][info][gc,heap        ] GC(104) PSYoungGen: 25248K(58368K)->25216K(58880K) Eden: 13312K(13312K)->0K(13312K) From: 11936K(45056K)->25216K(45568K)
[4.026s][info][gc,heap        ] GC(104) ParOldGen: 661168K(741888K)->661168K(741888K)
[4.026s][info][gc,metaspace   ] GC(104) Metaspace: 6302K(6528K)->6302K(6528K) NonClass: 5769K(5888K)->5769K(5888K) Class: 533K(640K)->533K(640K)
[4.026s][info][gc             ] GC(104) Pause Young (Allocation Failure) 670M->670M(782M) 14.002ms
[4.026s][info][gc,cpu         ] GC(104) User=0.02s Sys=0.00s Real=0.01s
[4.042s][info][gc,start       ] GC(105) Pause Young (Allocation Failure)
[4.062s][info][gc,heap        ] GC(105) PSYoungGen: 38528K(58880K)->38528K(55296K) Eden: 13312K(13312K)->0K(10752K) From: 25216K(45568K)->38528K(44544K)
[4.062s][info][gc,heap        ] GC(105) ParOldGen: 661168K(741888K)->661168K(741888K)
[4.062s][info][gc,metaspace   ] GC(105) Metaspace: 6302K(6528K)->6302K(6528K) NonClass: 5769K(5888K)->5769K(5888K) Class: 533K(640K)->533K(640K)
[4.062s][info][gc             ] GC(105) Pause Young (Allocation Failure) 683M->683M(778M) 20.179ms
[4.062s][info][gc,cpu         ] GC(105) User=0.12s Sys=0.00s Real=0.02s
[4.206s][info][gc,start       ] GC(106) Pause Young (Allocation Failure)
[4.243s][info][gc,heap        ] GC(106) PSYoungGen: 49280K(55296K)->48640K(59392K) Eden: 10752K(10752K)->0K(10752K) From: 38528K(44544K)->48640K(48640K)
[4.243s][info][gc,heap        ] GC(106) ParOldGen: 693936K(741888K)->694480K(741888K)
[4.243s][info][gc,metaspace   ] GC(106) Metaspace: 6302K(6528K)->6302K(6528K) NonClass: 5769K(5888K)->5769K(5888K) Class: 533K(640K)->533K(640K)
[4.244s][info][gc             ] GC(106) Pause Young (Allocation Failure) 725M->725M(782M) 37.298ms
[4.244s][info][gc,cpu         ] GC(106) User=0.25s Sys=0.00s Real=0.04s
[4.254s][info][gc,start       ] GC(107) Pause Young (Allocation Failure)
[4.282s][info][gc,heap        ] GC(107) PSYoungGen: 59392K(59392K)->47712K(62976K) Eden: 10752K(10752K)->0K(7168K) From: 48640K(48640K)->47712K(55808K)
[4.282s][info][gc,heap        ] GC(107) ParOldGen: 694480K(741888K)->706416K(741888K)
[4.282s][info][gc,metaspace   ] GC(107) Metaspace: 6302K(6528K)->6302K(6528K) NonClass: 5769K(5888K)->5769K(5888K) Class: 533K(640K)->533K(640K)
[4.282s][info][gc             ] GC(107) Pause Young (Allocation Failure) 736M->736M(786M) 27.731ms
[4.282s][info][gc,cpu         ] GC(107) User=0.12s Sys=0.02s Real=0.03s
[4.289s][info][gc,start       ] GC(108) Pause Young (Allocation Failure)
[4.315s][info][gc,heap        ] GC(108) PSYoungGen: 54880K(62976K)->42048K(68096K) Eden: 7168K(7168K)->0K(7168K) From: 47712K(55808K)->42048K(60928K)
[4.315s][info][gc,heap        ] GC(108) ParOldGen: 706416K(741888K)->719416K(741888K)
[4.315s][info][gc,metaspace   ] GC(108) Metaspace: 6302K(6528K)->6302K(6528K) NonClass: 5769K(5888K)->5769K(5888K) Class: 533K(640K)->533K(640K)
[4.315s][info][gc             ] GC(108) Pause Young (Allocation Failure) 743M->743M(791M) 25.593ms
[4.315s][info][gc,cpu         ] GC(108) User=0.06s Sys=0.00s Real=0.03s
[4.315s][info][gc,start       ] GC(109) Pause Full (Ergonomics)
[4.315s][info][gc,phases,start] GC(109) Marking Phase
[4.479s][info][gc,phases      ] GC(109) Marking Phase 163.962ms
[4.479s][info][gc,phases,start] GC(109) Summary Phase
[4.479s][info][gc,phases      ] GC(109) Summary Phase 0.028ms
[4.479s][info][gc,phases,start] GC(109) Adjust Roots
[4.479s][info][gc,phases      ] GC(109) Adjust Roots 0.145ms
[4.479s][info][gc,phases,start] GC(109) Compaction Phase
[4.597s][info][gc,phases      ] GC(109) Compaction Phase 117.421ms
[4.597s][info][gc,phases,start] GC(109) Post Compact
[4.598s][info][gc,phases      ] GC(109) Post Compact 1.531ms
[4.599s][info][gc,heap        ] GC(109) PSYoungGen: 42048K(68096K)->3029K(68096K) Eden: 0K(7168K)->0K(7168K) From: 42048K(60928K)->3029K(60928K)
[4.599s][info][gc,heap        ] GC(109) ParOldGen: 719416K(741888K)->741414K(825344K)
[4.599s][info][gc,metaspace   ] GC(109) Metaspace: 6302K(6528K)->6302K(6528K) NonClass: 5769K(5888K)->5769K(5888K) Class: 533K(640K)->533K(640K)
[4.599s][info][gc             ] GC(109) Pause Full (Ergonomics) 743M->726M(872M) 283.683ms
[4.599s][info][gc,cpu         ] GC(109) User=1.89s Sys=0.02s Real=0.28s
[4.608s][info][gc,start       ] GC(110) Pause Young (Allocation Failure)
[4.647s][info][gc,heap        ] GC(110) PSYoungGen: 10197K(68096K)->8992K(71168K) Eden: 7168K(7168K)->0K(8192K) From: 3029K(60928K)->8992K(62976K)
[4.647s][info][gc,heap        ] GC(110) ParOldGen: 741414K(825344K)->742782K(825344K)
[4.647s][info][gc,metaspace   ] GC(110) Metaspace: 6302K(6528K)->6302K(6528K) NonClass: 5769K(5888K)->5769K(5888K) Class: 533K(640K)->533K(640K)
[4.647s][info][gc             ] GC(110) Pause Young (Allocation Failure) 733M->734M(875M) 38.736ms
[4.647s][info][gc,cpu         ] GC(110) User=0.16s Sys=0.00s Real=0.04s
[4.655s][info][gc,start       ] GC(111) Pause Young (Allocation Failure)
[4.670s][info][gc,heap        ] GC(111) PSYoungGen: 17184K(71168K)->17184K(25600K) Eden: 8192K(8192K)->0K(8192K) From: 8992K(62976K)->17184K(17408K)
[4.670s][info][gc,heap        ] GC(111) ParOldGen: 742782K(825344K)->742782K(825344K)
[4.670s][info][gc,metaspace   ] GC(111) Metaspace: 6302K(6528K)->6302K(6528K) NonClass: 5769K(5888K)->5769K(5888K) Class: 533K(640K)->533K(640K)
[4.670s][info][gc             ] GC(111) Pause Young (Allocation Failure) 742M->742M(831M) 14.319ms
[4.670s][info][gc,cpu         ] GC(111) User=0.02s Sys=0.00s Real=0.01s
[4.678s][info][gc,start       ] GC(112) Pause Young (Allocation Failure)
[4.695s][info][gc,heap        ] GC(112) PSYoungGen: 25376K(25600K)->25312K(64512K) Eden: 8192K(8192K)->0K(9728K) From: 17184K(17408K)->25312K(54784K)
[4.695s][info][gc,heap        ] GC(112) ParOldGen: 742782K(825344K)->742782K(825344K)
[4.695s][info][gc,metaspace   ] GC(112) Metaspace: 6302K(6528K)->6302K(6528K) NonClass: 5769K(5888K)->5769K(5888K) Class: 533K(640K)->533K(640K)
[4.695s][info][gc             ] GC(112) Pause Young (Allocation Failure) 750M->750M(869M) 16.492ms
[4.695s][info][gc,cpu         ] GC(112) User=0.03s Sys=0.00s Real=0.02s
[4.705s][info][gc,start       ] GC(113) Pause Young (Allocation Failure)
[4.726s][info][gc,heap        ] GC(113) PSYoungGen: 35040K(64512K)->33376K(67584K) Eden: 9728K(9728K)->0K(9728K) From: 25312K(54784K)->33376K(57856K)
[4.726s][info][gc,heap        ] GC(113) ParOldGen: 742782K(825344K)->744510K(825344K)
[4.726s][info][gc,metaspace   ] GC(113) Metaspace: 6302K(6528K)->6302K(6528K) NonClass: 5769K(5888K)->5769K(5888K) Class: 533K(640K)->533K(640K)
[4.726s][info][gc             ] GC(113) Pause Young (Allocation Failure) 759M->759M(872M) 20.369ms
[4.726s][info][gc,cpu         ] GC(113) User=0.02s Sys=0.00s Real=0.02s
[4.736s][info][gc,start       ] GC(114) Pause Young (Allocation Failure)
[4.760s][info][gc,heap        ] GC(114) PSYoungGen: 43104K(67584K)->35936K(68096K) Eden: 9728K(9728K)->0K(10752K) From: 33376K(57856K)->35936K(57344K)
[4.760s][info][gc,heap        ] GC(114) ParOldGen: 744510K(825344K)->751830K(825344K)
[4.760s][info][gc,metaspace   ] GC(114) Metaspace: 6302K(6528K)->6302K(6528K) NonClass: 5769K(5888K)->5769K(5888K) Class: 533K(640K)->533K(640K)
[4.760s][info][gc             ] GC(114) Pause Young (Allocation Failure) 769M->769M(872M) 24.090ms
[4.760s][info][gc,cpu         ] GC(114) User=0.11s Sys=0.00s Real=0.02s
[4.771s][info][gc,start       ] GC(115) Pause Young (Allocation Failure)
[4.800s][info][gc,heap        ] GC(115) PSYoungGen: 46688K(68096K)->30336K(68608K) Eden: 10752K(10752K)->0K(10752K) From: 35936K(57344K)->30336K(57856K)
[4.800s][info][gc,heap        ] GC(115) ParOldGen: 751830K(825344K)->768406K(825344K)
[4.800s][info][gc,metaspace   ] GC(115) Metaspace: 6302K(6528K)->6302K(6528K) NonClass: 5769K(5888K)->5769K(5888K) Class: 533K(640K)->533K(640K)
[4.800s][info][gc             ] GC(115) Pause Young (Allocation Failure) 779M->780M(873M) 28.241ms
[4.800s][info][gc,cpu         ] GC(115) User=0.03s Sys=0.00s Real=0.03s
[4.811s][info][gc,start       ] GC(116) Pause Young (Allocation Failure)
[4.835s][info][gc,heap        ] GC(116) PSYoungGen: 41088K(68608K)->21600K(65536K) Eden: 10752K(10752K)->0K(12800K) From: 30336K(57856K)->21600K(52736K)
[4.835s][info][gc,heap        ] GC(116) ParOldGen: 768406K(825344K)->788102K(825344K)
[4.835s][info][gc,metaspace   ] GC(116) Metaspace: 6302K(6528K)->6302K(6528K) NonClass: 5769K(5888K)->5769K(5888K) Class: 533K(640K)->533K(640K)
[4.835s][info][gc             ] GC(116) Pause Young (Allocation Failure) 790M->790M(870M) 23.945ms
[4.835s][info][gc,cpu         ] GC(116) User=0.05s Sys=0.00s Real=0.02s
[4.850s][info][gc,start       ] GC(117) Pause Young (Allocation Failure)
[4.871s][info][gc,heap        ] GC(117) PSYoungGen: 34400K(65536K)->12960K(67072K) Eden: 12800K(12800K)->0K(12800K) From: 21600K(52736K)->12960K(54272K)
[4.871s][info][gc,heap        ] GC(117) ParOldGen: 788102K(825344K)->809870K(825344K)
[4.871s][info][gc,metaspace   ] GC(117) Metaspace: 6302K(6528K)->6302K(6528K) NonClass: 5769K(5888K)->5769K(5888K) Class: 533K(640K)->533K(640K)
[4.871s][info][gc             ] GC(117) Pause Young (Allocation Failure) 803M->803M(871M) 21.098ms
[4.871s][info][gc,cpu         ] GC(117) User=0.06s Sys=0.02s Real=0.02s
[4.871s][info][gc,start       ] GC(118) Pause Full (Ergonomics)
[4.871s][info][gc,phases,start] GC(118) Marking Phase
[5.052s][info][gc,phases      ] GC(118) Marking Phase 181.470ms
[5.052s][info][gc,phases,start] GC(118) Summary Phase
[5.052s][info][gc,phases      ] GC(118) Summary Phase 0.027ms
[5.052s][info][gc,phases,start] GC(118) Adjust Roots
[5.053s][info][gc,phases      ] GC(118) Adjust Roots 0.156ms
[5.053s][info][gc,phases,start] GC(118) Compaction Phase
[5.141s][info][gc,phases      ] GC(118) Compaction Phase 88.052ms
[5.141s][info][gc,phases,start] GC(118) Post Compact
[5.142s][info][gc,phases      ] GC(118) Post Compact 1.413ms
[5.142s][info][gc,heap        ] GC(118) PSYoungGen: 12960K(67072K)->0K(68608K) Eden: 0K(12800K)->0K(14848K) From: 12960K(54272K)->0K(53760K)
[5.143s][info][gc,heap        ] GC(118) ParOldGen: 809870K(825344K)->821508K(916992K)
[5.143s][info][gc,metaspace   ] GC(118) Metaspace: 6302K(6528K)->6302K(6528K) NonClass: 5769K(5888K)->5769K(5888K) Class: 533K(640K)->533K(640K)
[5.143s][info][gc             ] GC(118) Pause Full (Ergonomics) 803M->802M(962M) 271.727ms
[5.143s][info][gc,cpu         ] GC(118) User=1.80s Sys=0.02s Real=0.27s
[5.158s][info][gc,start       ] GC(119) Pause Young (Allocation Failure)
[5.172s][info][gc,heap        ] GC(119) PSYoungGen: 14848K(68608K)->14976K(68608K) Eden: 14848K(14848K)->0K(14848K) From: 0K(53760K)->14976K(53760K)
[5.172s][info][gc,heap        ] GC(119) ParOldGen: 821508K(916992K)->821508K(916992K)
[5.172s][info][gc,metaspace   ] GC(119) Metaspace: 6302K(6528K)->6302K(6528K) NonClass: 5769K(5888K)->5769K(5888K) Class: 533K(640K)->533K(640K)
[5.172s][info][gc             ] GC(119) Pause Young (Allocation Failure) 816M->816M(962M) 13.862ms
[5.172s][info][gc,cpu         ] GC(119) User=0.00s Sys=0.00s Real=0.01s
[5.188s][info][gc,start       ] GC(120) Pause Young (Allocation Failure)
[5.206s][info][gc,heap        ] GC(120) PSYoungGen: 29824K(68608K)->15008K(66560K) Eden: 14848K(14848K)->0K(16384K) From: 14976K(53760K)->15008K(50176K)
[5.206s][info][gc,heap        ] GC(120) ParOldGen: 821508K(916992K)->836564K(916992K)
[5.206s][info][gc,metaspace   ] GC(120) Metaspace: 6302K(6528K)->6302K(6528K) NonClass: 5769K(5888K)->5769K(5888K) Class: 533K(640K)->533K(640K)
[5.206s][info][gc             ] GC(120) Pause Young (Allocation Failure) 831M->831M(960M) 18.173ms
[5.206s][info][gc,cpu         ] GC(120) User=0.12s Sys=0.00s Real=0.02s
[5.224s][info][gc,start       ] GC(121) Pause Young (Allocation Failure)
[5.244s][info][gc,heap        ] GC(121) PSYoungGen: 31392K(66560K)->16576K(68096K) Eden: 16384K(16384K)->0K(16384K) From: 15008K(50176K)->16576K(51712K)
[5.244s][info][gc,heap        ] GC(121) ParOldGen: 836564K(916992K)->851628K(916992K)
[5.244s][info][gc,metaspace   ] GC(121) Metaspace: 6302K(6528K)->6302K(6528K) NonClass: 5769K(5888K)->5769K(5888K) Class: 533K(640K)->533K(640K)
[5.244s][info][gc             ] GC(121) Pause Young (Allocation Failure) 847M->847M(962M) 19.882ms
[5.244s][info][gc,cpu         ] GC(121) User=0.03s Sys=0.00s Real=0.02s
[5.261s][info][gc,start       ] GC(122) Pause Young (Allocation Failure)
[5.281s][info][gc,heap        ] GC(122) PSYoungGen: 32960K(68096K)->16544K(65536K) Eden: 16384K(16384K)->0K(18432K) From: 16576K(51712K)->16544K(47104K)
[5.281s][info][gc,heap        ] GC(122) ParOldGen: 851628K(916992K)->868244K(916992K)
[5.281s][info][gc,metaspace   ] GC(122) Metaspace: 6302K(6528K)->6302K(6528K) NonClass: 5769K(5888K)->5769K(5888K) Class: 533K(640K)->533K(640K)
[5.281s][info][gc             ] GC(122) Pause Young (Allocation Failure) 863M->864M(959M) 19.541ms
[5.281s][info][gc,cpu         ] GC(122) User=0.11s Sys=0.02s Real=0.02s
[5.299s][info][gc,start       ] GC(123) Pause Young (Allocation Failure)
[5.320s][info][gc,heap        ] GC(123) PSYoungGen: 34976K(65536K)->18560K(67072K) Eden: 18432K(18432K)->0K(18432K) From: 16544K(47104K)->18560K(48640K)
[5.320s][info][gc,heap        ] GC(123) ParOldGen: 868244K(916992K)->884868K(916992K)
[5.320s][info][gc,metaspace   ] GC(123) Metaspace: 6302K(6528K)->6302K(6528K) NonClass: 5769K(5888K)->5769K(5888K) Class: 533K(640K)->533K(640K)
[5.320s][info][gc             ] GC(123) Pause Young (Allocation Failure) 882M->882M(961M) 21.002ms
[5.320s][info][gc,cpu         ] GC(123) User=0.03s Sys=0.00s Real=0.02s
[5.341s][info][gc,start       ] GC(124) Pause Young (Allocation Failure)
[5.361s][info][gc,heap        ] GC(124) PSYoungGen: 36992K(67072K)->18592K(64512K) Eden: 18432K(18432K)->0K(20992K) From: 18560K(48640K)->18592K(43520K)
[5.361s][info][gc,heap        ] GC(124) ParOldGen: 884868K(916992K)->903556K(916992K)
[5.361s][info][gc,metaspace   ] GC(124) Metaspace: 6302K(6528K)->6302K(6528K) NonClass: 5769K(5888K)->5769K(5888K) Class: 533K(640K)->533K(640K)
[5.361s][info][gc             ] GC(124) Pause Young (Allocation Failure) 900M->900M(958M) 20.884ms
[5.361s][info][gc,cpu         ] GC(124) User=0.23s Sys=0.00s Real=0.02s
[5.362s][info][gc,start       ] GC(125) Pause Full (Ergonomics)
[5.362s][info][gc,phases,start] GC(125) Marking Phase
[5.590s][info][gc,phases      ] GC(125) Marking Phase 228.429ms
[5.590s][info][gc,phases,start] GC(125) Summary Phase
[5.590s][info][gc,phases      ] GC(125) Summary Phase 0.047ms
[5.590s][info][gc,phases,start] GC(125) Adjust Roots
[5.590s][info][gc,phases      ] GC(125) Adjust Roots 0.339ms
[5.591s][info][gc,phases,start] GC(125) Compaction Phase
[5.688s][info][gc,phases      ] GC(125) Compaction Phase 97.177ms
[5.688s][info][gc,phases,start] GC(125) Post Compact
[5.691s][info][gc,phases      ] GC(125) Post Compact 2.678ms
[5.691s][info][gc,heap        ] GC(125) PSYoungGen: 18592K(64512K)->4111K(66048K) Eden: 0K(20992K)->0K(22528K) From: 18592K(43520K)->4111K(43520K)
[5.691s][info][gc,heap        ] GC(125) ParOldGen: 903556K(916992K)->916539K(1020416K)
[5.691s][info][gc,metaspace   ] GC(125) Metaspace: 6302K(6528K)->6302K(6528K) NonClass: 5769K(5888K)->5769K(5888K) Class: 533K(640K)->533K(640K)
[5.692s][info][gc             ] GC(125) Pause Full (Ergonomics) 900M->899M(1061M) 329.981ms
[5.692s][info][gc,cpu         ] GC(125) User=2.06s Sys=0.02s Real=0.33s
[5.718s][info][gc,start       ] GC(126) Pause Young (Allocation Failure)
[5.781s][info][gc,heap        ] GC(126) PSYoungGen: 26639K(66048K)->22688K(67584K) Eden: 22528K(22528K)->0K(22528K) From: 4111K(43520K)->22688K(45056K)
[5.781s][info][gc,heap        ] GC(126) ParOldGen: 916539K(1020416K)->920739K(1020416K)
[5.781s][info][gc,metaspace   ] GC(126) Metaspace: 6302K(6528K)->6302K(6528K) NonClass: 5769K(5888K)->5769K(5888K) Class: 533K(640K)->533K(640K)
[5.781s][info][gc             ] GC(126) Pause Young (Allocation Failure) 921M->921M(1062M) 62.831ms
[5.781s][info][gc,cpu         ] GC(126) User=0.25s Sys=0.02s Real=0.06s
[5.807s][info][gc,start       ] GC(127) Pause Young (Allocation Failure)
[5.834s][info][gc,heap        ] GC(127) PSYoungGen: 45216K(67584K)->43008K(60928K) Eden: 22528K(22528K)->0K(17920K) From: 22688K(45056K)->43008K(43008K)
[5.834s][info][gc,heap        ] GC(127) ParOldGen: 920739K(1020416K)->922867K(1020416K)
[5.834s][info][gc,metaspace   ] GC(127) Metaspace: 6302K(6528K)->6302K(6528K) NonClass: 5769K(5888K)->5769K(5888K) Class: 533K(640K)->533K(640K)
[5.835s][info][gc             ] GC(127) Pause Young (Allocation Failure) 943M->943M(1056M) 27.540ms
[5.835s][info][gc,cpu         ] GC(127) User=0.11s Sys=0.00s Real=0.03s
[5.855s][info][gc,start       ] GC(128) Pause Young (Allocation Failure)
[5.890s][info][gc,heap        ] GC(128) PSYoungGen: 60928K(60928K)->18048K(67584K) Eden: 17920K(17920K)->0K(17920K) From: 43008K(43008K)->18048K(49664K)
[5.890s][info][gc,heap        ] GC(128) ParOldGen: 922867K(1020416K)->966387K(1020416K)
[5.890s][info][gc,metaspace   ] GC(128) Metaspace: 6302K(6528K)->6302K(6528K) NonClass: 5769K(5888K)->5769K(5888K) Class: 533K(640K)->533K(640K)
[5.890s][info][gc             ] GC(128) Pause Young (Allocation Failure) 960M->961M(1062M) 35.671ms
[5.890s][info][gc,cpu         ] GC(128) User=0.25s Sys=0.00s Real=0.04s
[5.913s][info][gc,start       ] GC(129) Pause Young (Allocation Failure)
[5.935s][info][gc,heap        ] GC(129) PSYoungGen: 35968K(67584K)->18016K(65024K) Eden: 17920K(17920K)->0K(19968K) From: 18048K(49664K)->18016K(45056K)
[5.935s][info][gc,heap        ] GC(129) ParOldGen: 966387K(1020416K)->984539K(1020416K)
[5.935s][info][gc,metaspace   ] GC(129) Metaspace: 6302K(6528K)->6302K(6528K) NonClass: 5769K(5888K)->5769K(5888K) Class: 533K(640K)->533K(640K)
[5.935s][info][gc             ] GC(129) Pause Young (Allocation Failure) 978M->979M(1060M) 22.622ms
[5.935s][info][gc,cpu         ] GC(129) User=0.12s Sys=0.00s Real=0.02s
[5.936s][info][gc,start       ] GC(130) Pause Full (Ergonomics)
[5.936s][info][gc,phases,start] GC(130) Marking Phase
[6.168s][info][gc,phases      ] GC(130) Marking Phase 232.069ms
[6.168s][info][gc,phases,start] GC(130) Summary Phase
[6.168s][info][gc,phases      ] GC(130) Summary Phase 0.038ms
[6.168s][info][gc,phases,start] GC(130) Adjust Roots
[6.168s][info][gc,phases      ] GC(130) Adjust Roots 0.152ms
[6.168s][info][gc,phases,start] GC(130) Compaction Phase
[6.256s][info][gc,phases      ] GC(130) Compaction Phase 88.163ms
[6.256s][info][gc,phases,start] GC(130) Post Compact
[6.258s][info][gc,phases      ] GC(130) Post Compact 1.577ms
[6.258s][info][gc,heap        ] GC(130) PSYoungGen: 18016K(65024K)->0K(66560K) Eden: 0K(19968K)->0K(19968K) From: 18016K(45056K)->0K(46592K)
[6.258s][info][gc,heap        ] GC(130) ParOldGen: 984539K(1020416K)->1001424K(1121792K)
[6.258s][info][gc,metaspace   ] GC(130) Metaspace: 6302K(6528K)->6302K(6528K) NonClass: 5769K(5888K)->5769K(5888K) Class: 533K(640K)->533K(640K)
[6.258s][info][gc             ] GC(130) Pause Full (Ergonomics) 979M->977M(1160M) 322.673ms
[6.258s][info][gc,cpu         ] GC(130) User=2.28s Sys=0.00s Real=0.32s
[6.283s][info][gc,start       ] GC(131) Pause Young (Allocation Failure)
[6.299s][info][gc,heap        ] GC(131) PSYoungGen: 19968K(66560K)->20096K(64512K) Eden: 19968K(19968K)->0K(22016K) From: 0K(46592K)->20096K(42496K)
[6.299s][info][gc,heap        ] GC(131) ParOldGen: 1001424K(1121792K)->1001424K(1121792K)
[6.299s][info][gc,metaspace   ] GC(131) Metaspace: 6302K(6528K)->6302K(6528K) NonClass: 5769K(5888K)->5769K(5888K) Class: 533K(640K)->533K(640K)
[6.299s][info][gc             ] GC(131) Pause Young (Allocation Failure) 997M->997M(1158M) 16.293ms
[6.299s][info][gc,cpu         ] GC(131) User=0.00s Sys=0.00s Real=0.02s
[6.323s][info][gc,start       ] GC(132) Pause Young (Allocation Failure)
[6.346s][info][gc,heap        ] GC(132) PSYoungGen: 42112K(64512K)->42144K(66560K) Eden: 22016K(22016K)->0K(22016K) From: 20096K(42496K)->42144K(44544K)
[6.346s][info][gc,heap        ] GC(132) ParOldGen: 1001424K(1121792K)->1001424K(1121792K)
[6.346s][info][gc,metaspace   ] GC(132) Metaspace: 6302K(6528K)->6302K(6528K) NonClass: 5769K(5888K)->5769K(5888K) Class: 533K(640K)->533K(640K)
[6.346s][info][gc             ] GC(132) Pause Young (Allocation Failure) 1019M->1019M(1160M) 22.724ms
[6.346s][info][gc,cpu         ] GC(132) User=0.14s Sys=0.00s Real=0.02s
[6.371s][info][gc,start       ] GC(133) Pause Young (Allocation Failure)
[6.404s][info][gc,heap        ] GC(133) PSYoungGen: 64160K(66560K)->49664K(61440K) Eden: 22016K(22016K)->0K(11776K) From: 42144K(44544K)->49664K(49664K)
[6.404s][info][gc,heap        ] GC(133) ParOldGen: 1001424K(1121792K)->1015992K(1121792K)
[6.404s][info][gc,metaspace   ] GC(133) Metaspace: 6302K(6528K)->6302K(6528K) NonClass: 5769K(5888K)->5769K(5888K) Class: 533K(640K)->533K(640K)
[6.404s][info][gc             ] GC(133) Pause Young (Allocation Failure) 1040M->1040M(1155M) 32.931ms
[6.404s][info][gc,cpu         ] GC(133) User=0.12s Sys=0.00s Real=0.03s
[6.417s][info][gc,start       ] GC(134) Pause Young (Allocation Failure)
[6.448s][info][gc,heap        ] GC(134) PSYoungGen: 61440K(61440K)->30464K(42496K) Eden: 11776K(11776K)->0K(11776K) From: 49664K(49664K)->30464K(30720K)
[6.448s][info][gc,heap        ] GC(134) ParOldGen: 1015992K(1121792K)->1047552K(1121792K)
[6.448s][info][gc,metaspace   ] GC(134) Metaspace: 6302K(6528K)->6302K(6528K) NonClass: 5769K(5888K)->5769K(5888K) Class: 533K(640K)->533K(640K)
[6.448s][info][gc             ] GC(134) Pause Young (Allocation Failure) 1052M->1052M(1137M) 30.890ms
[6.448s][info][gc,cpu         ] GC(134) User=0.14s Sys=0.00s Real=0.03s
[6.461s][info][gc,start       ] GC(135) Pause Young (Allocation Failure)
[6.484s][info][gc,heap        ] GC(135) PSYoungGen: 42240K(42496K)->23680K(68608K) Eden: 11776K(11776K)->0K(13312K) From: 30464K(30720K)->23680K(55296K)
[6.484s][info][gc,heap        ] GC(135) ParOldGen: 1047552K(1121792K)->1066352K(1121792K)
[6.484s][info][gc,metaspace   ] GC(135) Metaspace: 6302K(6528K)->6302K(6528K) NonClass: 5769K(5888K)->5769K(5888K) Class: 533K(640K)->533K(640K)
[6.484s][info][gc             ] GC(135) Pause Young (Allocation Failure) 1064M->1064M(1162M) 23.184ms
[6.484s][info][gc,cpu         ] GC(135) User=0.14s Sys=0.00s Real=0.02s
[6.499s][info][gc,start       ] GC(136) Pause Young (Allocation Failure)
[6.521s][info][gc,heap        ] GC(136) PSYoungGen: 36992K(68608K)->25280K(38912K) Eden: 13312K(13312K)->0K(13312K) From: 23680K(55296K)->25280K(25600K)
[6.521s][info][gc,heap        ] GC(136) ParOldGen: 1066352K(1121792K)->1078296K(1121792K)
[6.521s][info][gc,metaspace   ] GC(136) Metaspace: 6302K(6528K)->6302K(6528K) NonClass: 5769K(5888K)->5769K(5888K) Class: 533K(640K)->533K(640K)
[6.521s][info][gc             ] GC(136) Pause Young (Allocation Failure) 1077M->1077M(1133M) 21.338ms
[6.521s][info][gc,cpu         ] GC(136) User=0.03s Sys=0.02s Real=0.02s
[6.535s][info][gc,start       ] GC(137) Pause Young (Allocation Failure)
[6.557s][info][gc,heap        ] GC(137) PSYoungGen: 38592K(38912K)->26752K(65024K) Eden: 13312K(13312K)->0K(15360K) From: 25280K(25600K)->26752K(49664K)
[6.557s][info][gc,heap        ] GC(137) ParOldGen: 1078296K(1121792K)->1090232K(1121792K)
[6.557s][info][gc,metaspace   ] GC(137) Metaspace: 6302K(6528K)->6302K(6528K) NonClass: 5769K(5888K)->5769K(5888K) Class: 533K(640K)->533K(640K)
[6.557s][info][gc             ] GC(137) Pause Young (Allocation Failure) 1090M->1090M(1159M) 21.955ms
[6.557s][info][gc,cpu         ] GC(137) User=0.12s Sys=0.00s Real=0.02s
[6.557s][info][gc,start       ] GC(138) Pause Full (Ergonomics)
[6.557s][info][gc,phases,start] GC(138) Marking Phase
[6.807s][info][gc,phases      ] GC(138) Marking Phase 250.208ms
[6.807s][info][gc,phases,start] GC(138) Summary Phase
[6.807s][info][gc,phases      ] GC(138) Summary Phase 0.048ms
[6.807s][info][gc,phases,start] GC(138) Adjust Roots
[6.808s][info][gc,phases      ] GC(138) Adjust Roots 0.182ms
[6.808s][info][gc,phases,start] GC(138) Compaction Phase
[6.906s][info][gc,phases      ] GC(138) Compaction Phase 98.366ms
[6.906s][info][gc,phases,start] GC(138) Post Compact
[6.908s][info][gc,phases      ] GC(138) Post Compact 1.803ms
[6.908s][info][gc,heap        ] GC(138) PSYoungGen: 26752K(65024K)->0K(67584K) Eden: 0K(15360K)->0K(15360K) From: 26752K(49664K)->0K(52224K)
[6.908s][info][gc,heap        ] GC(138) ParOldGen: 1090232K(1121792K)->1115392K(1241088K)
[6.908s][info][gc,metaspace   ] GC(138) Metaspace: 6302K(6528K)->6302K(6528K) NonClass: 5769K(5888K)->5769K(5888K) Class: 533K(640K)->533K(640K)
[6.908s][info][gc             ] GC(138) Pause Full (Ergonomics) 1090M->1089M(1278M) 351.375ms
[6.908s][info][gc,cpu         ] GC(138) User=2.69s Sys=0.03s Real=0.35s
[6.927s][info][gc,start       ] GC(139) Pause Young (Allocation Failure)
[6.941s][info][gc,heap        ] GC(139) PSYoungGen: 15360K(67584K)->15488K(68608K) Eden: 15360K(15360K)->0K(16896K) From: 0K(52224K)->15488K(51712K)
[6.941s][info][gc,heap        ] GC(139) ParOldGen: 1115392K(1241088K)->1115392K(1241088K)
[6.941s][info][gc,metaspace   ] GC(139) Metaspace: 6302K(6528K)->6302K(6528K) NonClass: 5769K(5888K)->5769K(5888K) Class: 533K(640K)->533K(640K)
[6.941s][info][gc             ] GC(139) Pause Young (Allocation Failure) 1104M->1104M(1279M) 14.242ms
[6.941s][info][gc,cpu         ] GC(139) User=0.00s Sys=0.00s Real=0.01s
[6.959s][info][gc,start       ] GC(140) Pause Young (Allocation Failure)
[6.978s][info][gc,heap        ] GC(140) PSYoungGen: 32384K(68608K)->32352K(69120K) Eden: 16896K(16896K)->0K(16896K) From: 15488K(51712K)->32352K(52224K)
[6.978s][info][gc,heap        ] GC(140) ParOldGen: 1115392K(1241088K)->1115392K(1241088K)
[6.978s][info][gc,metaspace   ] GC(140) Metaspace: 6302K(6528K)->6302K(6528K) NonClass: 5769K(5888K)->5769K(5888K) Class: 533K(640K)->533K(640K)
[6.978s][info][gc             ] GC(140) Pause Young (Allocation Failure) 1120M->1120M(1279M) 18.769ms
[6.978s][info][gc,cpu         ] GC(140) User=0.03s Sys=0.00s Real=0.02s
[6.999s][info][gc,start       ] GC(141) Pause Young (Allocation Failure)
[7.024s][info][gc,heap        ] GC(141) PSYoungGen: 49248K(69120K)->49280K(65024K) Eden: 16896K(16896K)->0K(13312K) From: 32352K(52224K)->49280K(51712K)
[7.024s][info][gc,heap        ] GC(141) ParOldGen: 1115392K(1241088K)->1115392K(1241088K)
[7.024s][info][gc,metaspace   ] GC(141) Metaspace: 6302K(6528K)->6302K(6528K) NonClass: 5769K(5888K)->5769K(5888K) Class: 533K(640K)->533K(640K)
[7.024s][info][gc             ] GC(141) Pause Young (Allocation Failure) 1137M->1137M(1275M) 25.552ms
[7.024s][info][gc,cpu         ] GC(141) User=0.12s Sys=0.00s Real=0.03s
[7.039s][info][gc,start       ] GC(142) Pause Young (Allocation Failure)
[7.071s][info][gc,heap        ] GC(142) PSYoungGen: 62592K(65024K)->57344K(70656K) Eden: 13312K(13312K)->0K(13312K) From: 49280K(51712K)->57344K(57344K)
[7.071s][info][gc,heap        ] GC(142) ParOldGen: 1115392K(1241088K)->1120608K(1241088K)
[7.071s][info][gc,metaspace   ] GC(142) Metaspace: 6302K(6528K)->6302K(6528K) NonClass: 5769K(5888K)->5769K(5888K) Class: 533K(640K)->533K(640K)
[7.071s][info][gc             ] GC(142) Pause Young (Allocation Failure) 1150M->1150M(1281M) 31.704ms
[7.071s][info][gc,cpu         ] GC(142) User=0.14s Sys=0.00s Real=0.03s
[7.087s][info][gc,start       ] GC(143) Pause Young (Allocation Failure)
[7.121s][info][gc,heap        ] GC(143) PSYoungGen: 70656K(70656K)->56384K(77312K) Eden: 13312K(13312K)->0K(10240K) From: 57344K(57344K)->56384K(67072K)
[7.121s][info][gc,heap        ] GC(143) ParOldGen: 1120608K(1241088K)->1135192K(1241088K)
[7.121s][info][gc,metaspace   ] GC(143) Metaspace: 6302K(6528K)->6302K(6528K) NonClass: 5769K(5888K)->5769K(5888K) Class: 533K(640K)->533K(640K)
[7.121s][info][gc             ] GC(143) Pause Young (Allocation Failure) 1163M->1163M(1287M) 34.562ms
[7.121s][info][gc,cpu         ] GC(143) User=0.23s Sys=0.00s Real=0.04s
[7.133s][info][gc,start       ] GC(144) Pause Young (Allocation Failure)
[7.166s][info][gc,heap        ] GC(144) PSYoungGen: 66624K(77312K)->51488K(82432K) Eden: 10240K(10240K)->0K(10240K) From: 56384K(67072K)->51488K(72192K)
[7.166s][info][gc,heap        ] GC(144) ParOldGen: 1135192K(1241088K)->1150504K(1241088K)
[7.166s][info][gc,metaspace   ] GC(144) Metaspace: 6302K(6528K)->6302K(6528K) NonClass: 5769K(5888K)->5769K(5888K) Class: 533K(640K)->533K(640K)
[7.166s][info][gc             ] GC(144) Pause Young (Allocation Failure) 1173M->1173M(1292M) 32.592ms
[7.166s][info][gc,cpu         ] GC(144) User=0.16s Sys=0.00s Real=0.03s
[7.178s][info][gc,start       ] GC(145) Pause Young (Allocation Failure)
[7.210s][info][gc,heap        ] GC(145) PSYoungGen: 61728K(82432K)->33920K(79360K) Eden: 10240K(10240K)->0K(11776K) From: 51488K(72192K)->33920K(67584K)
[7.210s][info][gc,heap        ] GC(145) ParOldGen: 1150504K(1241088K)->1178760K(1241088K)
[7.210s][info][gc,metaspace   ] GC(145) Metaspace: 6302K(6528K)->6302K(6528K) NonClass: 5769K(5888K)->5769K(5888K) Class: 533K(640K)->533K(640K)
[7.210s][info][gc             ] GC(145) Pause Young (Allocation Failure) 1183M->1184M(1289M) 31.718ms
[7.210s][info][gc,cpu         ] GC(145) User=0.14s Sys=0.00s Real=0.03s
[7.224s][info][gc,start       ] GC(146) Pause Young (Allocation Failure)
[7.249s][info][gc,heap        ] GC(146) PSYoungGen: 45696K(79360K)->22080K(82944K) Eden: 11776K(11776K)->0K(11776K) From: 33920K(67584K)->22080K(71168K)
[7.249s][info][gc,heap        ] GC(146) ParOldGen: 1178760K(1241088K)->1202608K(1241088K)
[7.249s][info][gc,metaspace   ] GC(146) Metaspace: 6302K(6528K)->6302K(6528K) NonClass: 5769K(5888K)->5769K(5888K) Class: 533K(640K)->533K(640K)
[7.249s][info][gc             ] GC(146) Pause Young (Allocation Failure) 1195M->1195M(1293M) 25.082ms
[7.249s][info][gc,cpu         ] GC(146) User=0.12s Sys=0.00s Real=0.02s
[7.263s][info][gc,start       ] GC(147) Pause Young (Allocation Failure)
[7.283s][info][gc,heap        ] GC(147) PSYoungGen: 33856K(82944K)->11904K(83456K) Eden: 11776K(11776K)->0K(13312K) From: 22080K(71168K)->11904K(70144K)
[7.283s][info][gc,heap        ] GC(147) ParOldGen: 1202608K(1241088K)->1224920K(1241088K)
[7.283s][info][gc,metaspace   ] GC(147) Metaspace: 6302K(6528K)->6302K(6528K) NonClass: 5769K(5888K)->5769K(5888K) Class: 533K(640K)->533K(640K)
[7.283s][info][gc             ] GC(147) Pause Young (Allocation Failure) 1207M->1207M(1293M) 20.218ms
[7.283s][info][gc,cpu         ] GC(147) User=0.12s Sys=0.00s Real=0.02s
[7.283s][info][gc,start       ] GC(148) Pause Full (Ergonomics)
[7.283s][info][gc,phases,start] GC(148) Marking Phase
[7.568s][info][gc,phases      ] GC(148) Marking Phase 284.477ms
[7.568s][info][gc,phases,start] GC(148) Summary Phase
[7.568s][info][gc,phases      ] GC(148) Summary Phase 0.040ms
[7.568s][info][gc,phases,start] GC(148) Adjust Roots
[7.568s][info][gc,phases      ] GC(148) Adjust Roots 0.195ms
[7.568s][info][gc,phases,start] GC(148) Compaction Phase
[7.677s][info][gc,phases      ] GC(148) Compaction Phase 108.380ms
[7.677s][info][gc,phases,start] GC(148) Post Compact
[7.679s][info][gc,phases      ] GC(148) Post Compact 2.224ms
[7.680s][info][gc,heap        ] GC(148) PSYoungGen: 11904K(83456K)->0K(83968K) Eden: 0K(13312K)->0K(13312K) From: 11904K(70144K)->0K(70656K)
[7.680s][info][gc,heap        ] GC(148) ParOldGen: 1224920K(1241088K)->1234923K(1372160K)
[7.680s][info][gc,metaspace   ] GC(148) Metaspace: 6302K(6528K)->6302K(6528K) NonClass: 5769K(5888K)->5769K(5888K) Class: 533K(640K)->533K(640K)
[7.680s][info][gc             ] GC(148) Pause Full (Ergonomics) 1207M->1205M(1422M) 396.245ms
[7.680s][info][gc,cpu         ] GC(148) User=2.72s Sys=0.02s Real=0.40s
[7.695s][info][gc,start       ] GC(149) Pause Young (Allocation Failure)
[7.709s][info][gc,heap        ] GC(149) PSYoungGen: 13312K(83968K)->13440K(83968K) Eden: 13312K(13312K)->0K(14848K) From: 0K(70656K)->13440K(69120K)
[7.709s][info][gc,heap        ] GC(149) ParOldGen: 1234923K(1372160K)->1234923K(1372160K)
[7.709s][info][gc,metaspace   ] GC(149) Metaspace: 6302K(6528K)->6302K(6528K) NonClass: 5769K(5888K)->5769K(5888K) Class: 533K(640K)->533K(640K)
[7.709s][info][gc             ] GC(149) Pause Young (Allocation Failure) 1218M->1219M(1422M) 13.989ms
[7.709s][info][gc,cpu         ] GC(149) User=0.02s Sys=0.00s Real=0.01s
[7.728s][info][gc,start       ] GC(150) Pause Young (Allocation Failure)
[7.746s][info][gc,heap        ] GC(150) PSYoungGen: 28288K(83968K)->28288K(43520K) Eden: 14848K(14848K)->0K(14848K) From: 13440K(69120K)->28288K(28672K)
[7.746s][info][gc,heap        ] GC(150) ParOldGen: 1234923K(1372160K)->1234923K(1372160K)
[7.746s][info][gc,metaspace   ] GC(150) Metaspace: 6302K(6528K)->6302K(6528K) NonClass: 5769K(5888K)->5769K(5888K) Class: 533K(640K)->533K(640K)
[7.746s][info][gc             ] GC(150) Pause Young (Allocation Failure) 1233M->1233M(1382M) 18.255ms
[7.746s][info][gc,cpu         ] GC(150) User=0.06s Sys=0.00s Real=0.02s
[7.764s][info][gc,start       ] GC(151) Pause Young (Allocation Failure)
[7.787s][info][gc,heap        ] GC(151) PSYoungGen: 43136K(43520K)->43168K(81920K) Eden: 14848K(14848K)->0K(15360K) From: 28288K(28672K)->43168K(66560K)
[7.787s][info][gc,heap        ] GC(151) ParOldGen: 1234923K(1372160K)->1234923K(1372160K)
[7.787s][info][gc,metaspace   ] GC(151) Metaspace: 6302K(6528K)->6302K(6528K) NonClass: 5769K(5888K)->5769K(5888K) Class: 533K(640K)->533K(640K)
[7.787s][info][gc             ] GC(151) Pause Young (Allocation Failure) 1248M->1248M(1420M) 23.410ms
[7.787s][info][gc,cpu         ] GC(151) User=0.12s Sys=0.00s Real=0.02s
[7.806s][info][gc,start       ] GC(152) Pause Young (Allocation Failure)
[7.836s][info][gc,heap        ] GC(152) PSYoungGen: 58528K(81920K)->45184K(82944K) Eden: 15360K(15360K)->0K(15360K) From: 43168K(66560K)->45184K(67584K)
[7.836s][info][gc,heap        ] GC(152) ParOldGen: 1234923K(1372160K)->1248411K(1372160K)
[7.836s][info][gc,metaspace   ] GC(152) Metaspace: 6302K(6528K)->6302K(6528K) NonClass: 5769K(5888K)->5769K(5888K) Class: 533K(640K)->533K(640K)
[7.836s][info][gc             ] GC(152) Pause Young (Allocation Failure) 1263M->1263M(1421M) 30.825ms
[7.836s][info][gc,cpu         ] GC(152) User=0.12s Sys=0.02s Real=0.03s
[7.854s][info][gc,start       ] GC(153) Pause Young (Allocation Failure)
[7.884s][info][gc,heap        ] GC(153) PSYoungGen: 60544K(82944K)->42144K(86528K) Eden: 15360K(15360K)->0K(17408K) From: 45184K(67584K)->42144K(69120K)
[7.884s][info][gc,heap        ] GC(153) ParOldGen: 1248411K(1372160K)->1263467K(1372160K)
[7.884s][info][gc,metaspace   ] GC(153) Metaspace: 6302K(6528K)->6302K(6528K) NonClass: 5769K(5888K)->5769K(5888K) Class: 533K(640K)->533K(640K)
[7.884s][info][gc             ] GC(153) Pause Young (Allocation Failure) 1278M->1275M(1424M) 30.090ms
[7.884s][info][gc,cpu         ] GC(153) User=0.14s Sys=0.00s Real=0.03s
[7.899s][info][gc,start       ] GC(154) Pause Young (Allocation Failure)
[7.927s][info][gc,heap        ] GC(154) PSYoungGen: 59552K(86528K)->36352K(86528K) Eden: 17408K(17408K)->0K(17408K) From: 42144K(69120K)->36352K(69120K)
[7.927s][info][gc,heap        ] GC(154) ParOldGen: 1263467K(1372160K)->1278523K(1372160K)
[7.927s][info][gc,metaspace   ] GC(154) Metaspace: 6302K(6528K)->6302K(6528K) NonClass: 5769K(5888K)->5769K(5888K) Class: 533K(640K)->533K(640K)
[7.927s][info][gc             ] GC(154) Pause Young (Allocation Failure) 1292M->1284M(1424M) 27.740ms
[7.927s][info][gc,cpu         ] GC(154) User=0.14s Sys=0.00s Real=0.03s
[7.943s][info][gc,start       ] GC(155) Pause Young (Allocation Failure)
[7.969s][info][gc,heap        ] GC(155) PSYoungGen: 53760K(86528K)->31936K(80384K) Eden: 17408K(17408K)->0K(19968K) From: 36352K(69120K)->31936K(60416K)
[7.970s][info][gc,heap        ] GC(155) ParOldGen: 1278523K(1372160K)->1294083K(1372160K)
[7.970s][info][gc,metaspace   ] GC(155) Metaspace: 6302K(6528K)->6302K(6528K) NonClass: 5769K(5888K)->5769K(5888K) Class: 533K(640K)->533K(640K)
[7.970s][info][gc             ] GC(155) Pause Young (Allocation Failure) 1301M->1294M(1418M) 26.689ms
[7.970s][info][gc,cpu         ] GC(155) User=0.14s Sys=0.00s Real=0.03s
[7.995s][info][gc,start       ] GC(156) Pause Young (Allocation Failure)
[8.025s][info][gc,heap        ] GC(156) PSYoungGen: 51904K(80384K)->31104K(83456K) Eden: 19968K(19968K)->0K(19968K) From: 31936K(60416K)->31104K(63488K)
[8.025s][info][gc,heap        ] GC(156) ParOldGen: 1294083K(1372160K)->1315219K(1372160K)
[8.025s][info][gc,metaspace   ] GC(156) Metaspace: 6302K(6528K)->6302K(6528K) NonClass: 5769K(5888K)->5769K(5888K) Class: 533K(640K)->533K(640K)
[8.025s][info][gc             ] GC(156) Pause Young (Allocation Failure) 1314M->1314M(1421M) 30.098ms
[8.025s][info][gc,cpu         ] GC(156) User=0.14s Sys=0.00s Real=0.03s
[8.050s][info][gc,start       ] GC(157) Pause Young (Allocation Failure)
[8.079s][info][gc,heap        ] GC(157) PSYoungGen: 51072K(83456K)->40096K(83456K) Eden: 19968K(19968K)->0K(22528K) From: 31104K(63488K)->40096K(60928K)
[8.079s][info][gc,heap        ] GC(157) ParOldGen: 1315219K(1372160K)->1326387K(1372160K)
[8.079s][info][gc,metaspace   ] GC(157) Metaspace: 6302K(6528K)->6302K(6528K) NonClass: 5769K(5888K)->5769K(5888K) Class: 533K(640K)->533K(640K)
[8.079s][info][gc             ] GC(157) Pause Young (Allocation Failure) 1334M->1334M(1421M) 28.610ms
[8.079s][info][gc,cpu         ] GC(157) User=0.14s Sys=0.00s Real=0.03s
[8.107s][info][gc,start       ] GC(158) Pause Young (Allocation Failure)
[8.141s][info][gc,heap        ] GC(158) PSYoungGen: 62624K(83456K)->42656K(83456K) Eden: 22528K(22528K)->0K(22528K) From: 40096K(60928K)->42656K(60928K)
[8.141s][info][gc,heap        ] GC(158) ParOldGen: 1326387K(1372160K)->1346651K(1372160K)
[8.141s][info][gc,metaspace   ] GC(158) Metaspace: 6302K(6528K)->6302K(6528K) NonClass: 5769K(5888K)->5769K(5888K) Class: 533K(640K)->533K(640K)
[8.141s][info][gc             ] GC(158) Pause Young (Allocation Failure) 1356M->1356M(1421M) 34.257ms
[8.141s][info][gc,cpu         ] GC(158) User=0.14s Sys=0.00s Real=0.03s
[8.141s][info][gc,start       ] GC(159) Pause Full (Ergonomics)
[8.141s][info][gc,phases,start] GC(159) Marking Phase
[8.457s][info][gc,phases      ] GC(159) Marking Phase 315.719ms
[8.457s][info][gc,phases,start] GC(159) Summary Phase
[8.457s][info][gc,phases      ] GC(159) Summary Phase 0.036ms
[8.457s][info][gc,phases,start] GC(159) Adjust Roots
[8.457s][info][gc,phases      ] GC(159) Adjust Roots 0.236ms
[8.457s][info][gc,phases,start] GC(159) Compaction Phase
[8.830s][info][gc,phases      ] GC(159) Compaction Phase 372.861ms
[8.830s][info][gc,phases,start] GC(159) Post Compact
[8.833s][info][gc,phases      ] GC(159) Post Compact 2.762ms
[8.834s][info][gc,heap        ] GC(159) PSYoungGen: 42656K(83456K)->15349K(83456K) Eden: 0K(22528K)->0K(22528K) From: 42656K(60928K)->15349K(60928K)
[8.834s][info][gc,heap        ] GC(159) ParOldGen: 1346651K(1372160K)->1371958K(1514496K)
[8.834s][info][gc,metaspace   ] GC(159) Metaspace: 6302K(6528K)->6302K(6528K) NonClass: 5769K(5888K)->5769K(5888K) Class: 533K(640K)->533K(640K)
[8.834s][info][gc             ] GC(159) Pause Full (Ergonomics) 1356M->1354M(1560M) 692.432ms
[8.834s][info][gc,cpu         ] GC(159) User=4.67s Sys=0.08s Real=0.69s
[9.113s][info][gc,start       ] GC(160) Pause Young (Allocation Failure)
[9.191s][info][gc,heap        ] GC(160) PSYoungGen: 37877K(83456K)->30336K(81920K) Eden: 22528K(22528K)->0K(25088K) From: 15349K(60928K)->30336K(56832K)
[9.191s][info][gc,heap        ] GC(160) ParOldGen: 1437494K(1514496K)->1445310K(1514496K)
[9.191s][info][gc,metaspace   ] GC(160) Metaspace: 6302K(6528K)->6302K(6528K) NonClass: 5769K(5888K)->5769K(5888K) Class: 533K(640K)->533K(640K)
[9.191s][info][gc             ] GC(160) Pause Young (Allocation Failure) 1440M->1441M(1559M) 77.854ms
[9.191s][info][gc,cpu         ] GC(160) User=0.42s Sys=0.00s Real=0.08s
[9.214s][info][gc,start       ] GC(161) Pause Young (Allocation Failure)
[9.247s][info][gc,heap        ] GC(161) PSYoungGen: 55424K(81920K)->55456K(84480K) Eden: 25088K(25088K)->0K(25088K) From: 30336K(56832K)->55456K(59392K)
[9.247s][info][gc,heap        ] GC(161) ParOldGen: 1445310K(1514496K)->1445310K(1514496K)
[9.247s][info][gc,metaspace   ] GC(161) Metaspace: 6302K(6528K)->6302K(6528K) NonClass: 5769K(5888K)->5769K(5888K) Class: 533K(640K)->533K(640K)
[9.248s][info][gc             ] GC(161) Pause Young (Allocation Failure) 1465M->1465M(1561M) 33.300ms
[9.248s][info][gc,cpu         ] GC(161) User=0.05s Sys=0.00s Real=0.03s
[9.271s][info][gc,start       ] GC(162) Pause Young (Allocation Failure)
[9.312s][info][gc,heap        ] GC(162) PSYoungGen: 80544K(84480K)->64512K(78336K) Eden: 25088K(25088K)->0K(13824K) From: 55456K(59392K)->64512K(64512K)
[9.312s][info][gc,heap        ] GC(162) ParOldGen: 1445310K(1514496K)->1461430K(1514496K)
[9.312s][info][gc,metaspace   ] GC(162) Metaspace: 6302K(6528K)->6302K(6528K) NonClass: 5769K(5888K)->5769K(5888K) Class: 533K(640K)->533K(640K)
[9.312s][info][gc             ] GC(162) Pause Young (Allocation Failure) 1490M->1490M(1555M) 41.797ms
[9.312s][info][gc,cpu         ] GC(162) User=0.19s Sys=0.08s Real=0.04s
[9.326s][info][gc,start       ] GC(163) Pause Young (Allocation Failure)
[9.366s][info][gc,heap        ] GC(163) PSYoungGen: 78336K(78336K)->54144K(92160K) Eden: 13824K(13824K)->0K(13824K) From: 64512K(64512K)->54144K(78336K)
[9.366s][info][gc,heap        ] GC(163) ParOldGen: 1461430K(1514496K)->1486014K(1514496K)
[9.366s][info][gc,metaspace   ] GC(163) Metaspace: 6302K(6528K)->6302K(6528K) NonClass: 5769K(5888K)->5769K(5888K) Class: 533K(640K)->533K(640K)
[9.366s][info][gc             ] GC(163) Pause Young (Allocation Failure) 1503M->1504M(1569M) 40.405ms
[9.366s][info][gc,cpu         ] GC(163) User=0.23s Sys=0.00s Real=0.04s
[9.366s][info][gc,start       ] GC(164) Pause Full (Ergonomics)
[9.366s][info][gc,phases,start] GC(164) Marking Phase
[9.705s][info][gc,phases      ] GC(164) Marking Phase 338.779ms
[9.705s][info][gc,phases,start] GC(164) Summary Phase
[9.705s][info][gc,phases      ] GC(164) Summary Phase 0.046ms
[9.705s][info][gc,phases,start] GC(164) Adjust Roots
[9.705s][info][gc,phases      ] GC(164) Adjust Roots 0.189ms
[9.705s][info][gc,phases,start] GC(164) Compaction Phase
[9.952s][info][gc,phases      ] GC(164) Compaction Phase 246.792ms
[9.952s][info][gc,phases,start] GC(164) Post Compact
[9.956s][info][gc,phases      ] GC(164) Post Compact 3.840ms
[9.957s][info][gc,heap        ] GC(164) PSYoungGen: 54144K(92160K)->0K(95232K) Eden: 0K(13824K)->0K(15872K) From: 54144K(78336K)->0K(79360K)
[9.957s][info][gc,heap        ] GC(164) ParOldGen: 1486014K(1514496K)->1506469K(1661952K)
[9.957s][info][gc,metaspace   ] GC(164) Metaspace: 6302K(6528K)->6302K(6528K) NonClass: 5769K(5888K)->5769K(5888K) Class: 533K(640K)->533K(640K)
[9.957s][info][gc             ] GC(164) Pause Full (Ergonomics) 1504M->1471M(1716M) 590.663ms
[9.957s][info][gc,cpu         ] GC(164) User=4.08s Sys=0.02s Real=0.59s
[9.973s][info][gc,start       ] GC(165) Pause Young (Allocation Failure)
[9.994s][info][gc,heap        ] GC(165) PSYoungGen: 15872K(95232K)->16032K(95232K) Eden: 15872K(15872K)->0K(15872K) From: 0K(79360K)->16032K(79360K)
[9.995s][info][gc,heap        ] GC(165) ParOldGen: 1506469K(1661952K)->1506469K(1661952K)
[9.995s][info][gc,metaspace   ] GC(165) Metaspace: 6302K(6528K)->6302K(6528K) NonClass: 5769K(5888K)->5769K(5888K) Class: 533K(640K)->533K(640K)
[9.995s][info][gc             ] GC(165) Pause Young (Allocation Failure) 1486M->1486M(1716M) 21.954ms
[9.995s][info][gc,cpu         ] GC(165) User=0.02s Sys=0.00s Real=0.02s
[10.009s][info][gc,start       ] GC(166) Pause Young (Allocation Failure)
[10.034s][info][gc,heap        ] GC(166) PSYoungGen: 31904K(95232K)->31872K(92672K) Eden: 15872K(15872K)->0K(17920K) From: 16032K(79360K)->31872K(74752K)
[10.034s][info][gc,heap        ] GC(166) ParOldGen: 1506469K(1661952K)->1506469K(1661952K)
[10.034s][info][gc,metaspace   ] GC(166) Metaspace: 6302K(6528K)->6302K(6528K) NonClass: 5769K(5888K)->5769K(5888K) Class: 533K(640K)->533K(640K)
[10.034s][info][gc             ] GC(166) Pause Young (Allocation Failure) 1502M->1502M(1713M) 25.120ms
[10.034s][info][gc,cpu         ] GC(166) User=0.05s Sys=0.00s Real=0.03s
[10.052s][info][gc,start       ] GC(167) Pause Young (Allocation Failure)
[10.081s][info][gc,heap        ] GC(167) PSYoungGen: 49792K(92672K)->49792K(95232K) Eden: 17920K(17920K)->0K(17920K) From: 31872K(74752K)->49792K(77312K)
[10.081s][info][gc,heap        ] GC(167) ParOldGen: 1506469K(1661952K)->1506469K(1661952K)
[10.081s][info][gc,metaspace   ] GC(167) Metaspace: 6302K(6528K)->6302K(6528K) NonClass: 5769K(5888K)->5769K(5888K) Class: 533K(640K)->533K(640K)
[10.081s][info][gc             ] GC(167) Pause Young (Allocation Failure) 1519M->1519M(1716M) 28.988ms
[10.081s][info][gc,cpu         ] GC(167) User=0.05s Sys=0.00s Real=0.03s
[10.099s][info][gc,start       ] GC(168) Pause Young (Allocation Failure)
[10.133s][info][gc,heap        ] GC(168) PSYoungGen: 67712K(95232K)->67744K(91648K) Eden: 17920K(17920K)->0K(13824K) From: 49792K(77312K)->67744K(77824K)
[10.133s][info][gc,heap        ] GC(168) ParOldGen: 1506469K(1661952K)->1506469K(1661952K)
[10.133s][info][gc,metaspace   ] GC(168) Metaspace: 6302K(6528K)->6302K(6528K) NonClass: 5769K(5888K)->5769K(5888K) Class: 533K(640K)->533K(640K)
[10.134s][info][gc             ] GC(168) Pause Young (Allocation Failure) 1537M->1537M(1712M) 34.339ms
[10.134s][info][gc,cpu         ] GC(168) User=0.06s Sys=0.00s Real=0.03s
[10.147s][info][gc,start       ] GC(169) Pause Young (Allocation Failure)
[10.186s][info][gc,heap        ] GC(169) PSYoungGen: 81568K(91648K)->81600K(97792K) Eden: 13824K(13824K)->0K(13824K) From: 67744K(77824K)->81600K(83968K)
[10.186s][info][gc,heap        ] GC(169) ParOldGen: 1506469K(1661952K)->1506469K(1661952K)
[10.186s][info][gc,metaspace   ] GC(169) Metaspace: 6302K(6528K)->6302K(6528K) NonClass: 5769K(5888K)->5769K(5888K) Class: 533K(640K)->533K(640K)
[10.186s][info][gc             ] GC(169) Pause Young (Allocation Failure) 1550M->1550M(1718M) 39.093ms
[10.186s][info][gc,cpu         ] GC(169) User=0.17s Sys=0.00s Real=0.04s
[10.200s][info][gc,start       ] GC(170) Pause Young (Allocation Failure)
[10.246s][info][gc,heap        ] GC(170) PSYoungGen: 95424K(97792K)->63616K(108544K) Eden: 13824K(13824K)->0K(14336K) From: 81600K(83968K)->63616K(94208K)
[10.246s][info][gc,heap        ] GC(170) ParOldGen: 1506469K(1661952K)->1538597K(1661952K)
[10.246s][info][gc,metaspace   ] GC(170) Metaspace: 6302K(6528K)->6302K(6528K) NonClass: 5769K(5888K)->5769K(5888K) Class: 533K(640K)->533K(640K)
[10.246s][info][gc             ] GC(170) Pause Young (Allocation Failure) 1564M->1564M(1729M) 45.538ms
[10.246s][info][gc,cpu         ] GC(170) User=0.36s Sys=0.02s Real=0.05s
[10.260s][info][gc,start       ] GC(171) Pause Young (Allocation Failure)
[10.299s][info][gc,heap        ] GC(171) PSYoungGen: 77952K(108544K)->42080K(56832K) Eden: 14336K(14336K)->0K(14336K) From: 63616K(94208K)->42080K(42496K)
[10.299s][info][gc,heap        ] GC(171) ParOldGen: 1538597K(1661952K)->1574885K(1661952K)
[10.299s][info][gc,metaspace   ] GC(171) Metaspace: 6302K(6528K)->6302K(6528K) NonClass: 5769K(5888K)->5769K(5888K) Class: 533K(640K)->533K(640K)
[10.299s][info][gc             ] GC(171) Pause Young (Allocation Failure) 1578M->1579M(1678M) 39.099ms
[10.299s][info][gc,cpu         ] GC(171) User=0.25s Sys=0.02s Real=0.04s
[10.313s][info][gc,start       ] GC(172) Pause Young (Allocation Failure)
[10.345s][info][gc,heap        ] GC(172) PSYoungGen: 56416K(56832K)->28832K(107520K) Eden: 14336K(14336K)->0K(16896K) From: 42080K(42496K)->28832K(90624K)
[10.345s][info][gc,heap        ] GC(172) ParOldGen: 1574885K(1661952K)->1602893K(1661952K)
[10.345s][info][gc,metaspace   ] GC(172) Metaspace: 6302K(6528K)->6302K(6528K) NonClass: 5769K(5888K)->5769K(5888K) Class: 533K(640K)->533K(640K)
[10.345s][info][gc             ] GC(172) Pause Young (Allocation Failure) 1593M->1593M(1728M) 31.935ms
[10.345s][info][gc,cpu         ] GC(172) User=0.09s Sys=0.05s Real=0.03s
[10.362s][info][gc,start       ] GC(173) Pause Young (Allocation Failure)
[10.391s][info][gc,heap        ] GC(173) PSYoungGen: 45728K(107520K)->17024K(108032K) Eden: 16896K(16896K)->0K(16896K) From: 28832K(90624K)->17024K(91136K)
[10.391s][info][gc,heap        ] GC(173) ParOldGen: 1602893K(1661952K)->1631909K(1661952K)
[10.391s][info][gc,metaspace   ] GC(173) Metaspace: 6302K(6528K)->6302K(6528K) NonClass: 5769K(5888K)->5769K(5888K) Class: 533K(640K)->533K(640K)
[10.391s][info][gc             ] GC(173) Pause Young (Allocation Failure) 1609M->1610M(1728M) 29.283ms
[10.391s][info][gc,cpu         ] GC(173) User=0.05s Sys=0.00s Real=0.03s
[10.391s][info][gc,start       ] GC(174) Pause Full (Ergonomics)
[10.391s][info][gc,phases,start] GC(174) Marking Phase
[10.765s][info][gc,phases      ] GC(174) Marking Phase 373.800ms
[10.765s][info][gc,phases,start] GC(174) Summary Phase
[10.765s][info][gc,phases      ] GC(174) Summary Phase 0.058ms
[10.765s][info][gc,phases,start] GC(174) Adjust Roots
[10.765s][info][gc,phases      ] GC(174) Adjust Roots 0.200ms
[10.765s][info][gc,phases,start] GC(174) Compaction Phase
[10.935s][info][gc,phases      ] GC(174) Compaction Phase 169.296ms
[10.935s][info][gc,phases,start] GC(174) Post Compact
[10.938s][info][gc,phases      ] GC(174) Post Compact 2.892ms
[10.938s][info][gc,heap        ] GC(174) PSYoungGen: 17024K(108032K)->0K(111104K) Eden: 0K(16896K)->0K(19456K) From: 17024K(91136K)->0K(91648K)
[10.938s][info][gc,heap        ] GC(174) ParOldGen: 1631909K(1661952K)->1647000K(1830400K)
[10.938s][info][gc,metaspace   ] GC(174) Metaspace: 6302K(6528K)->6302K(6528K) NonClass: 5769K(5888K)->5769K(5888K) Class: 533K(640K)->533K(640K)
[10.938s][info][gc             ] GC(174) Pause Full (Ergonomics) 1610M->1608M(1896M) 547.182ms
[10.938s][info][gc,cpu         ] GC(174) User=3.70s Sys=0.00s Real=0.55s
[10.959s][info][gc,start       ] GC(175) Pause Young (Allocation Failure)
[10.982s][info][gc,heap        ] GC(175) PSYoungGen: 19456K(111104K)->19616K(111104K) Eden: 19456K(19456K)->0K(19456K) From: 0K(91648K)->19616K(91648K)
[10.982s][info][gc,heap        ] GC(175) ParOldGen: 1647000K(1830400K)->1647000K(1830400K)
[10.982s][info][gc,metaspace   ] GC(175) Metaspace: 6302K(6528K)->6302K(6528K) NonClass: 5769K(5888K)->5769K(5888K) Class: 533K(640K)->533K(640K)
[10.982s][info][gc             ] GC(175) Pause Young (Allocation Failure) 1627M->1627M(1896M) 23.029ms
[10.982s][info][gc,cpu         ] GC(175) User=0.03s Sys=0.00s Real=0.02s
[11.002s][info][gc,start       ] GC(176) Pause Young (Allocation Failure)
[11.029s][info][gc,heap        ] GC(176) PSYoungGen: 39072K(111104K)->19584K(109568K) Eden: 19456K(19456K)->0K(22016K) From: 19616K(91648K)->19584K(87552K)
[11.029s][info][gc,heap        ] GC(176) ParOldGen: 1647000K(1830400K)->1666712K(1830400K)
[11.029s][info][gc,metaspace   ] GC(176) Metaspace: 6302K(6528K)->6302K(6528K) NonClass: 5769K(5888K)->5769K(5888K) Class: 533K(640K)->533K(640K)
[11.029s][info][gc             ] GC(176) Pause Young (Allocation Failure) 1646M->1646M(1894M) 27.309ms
[11.029s][info][gc,cpu         ] GC(176) User=0.02s Sys=0.02s Real=0.03s
[11.051s][info][gc,start       ] GC(177) Pause Young (Allocation Failure)
[11.080s][info][gc,heap        ] GC(177) PSYoungGen: 41600K(109568K)->22144K(111104K) Eden: 22016K(22016K)->0K(22016K) From: 19584K(87552K)->22144K(89088K)
[11.080s][info][gc,heap        ] GC(177) ParOldGen: 1666712K(1830400K)->1686440K(1830400K)
[11.080s][info][gc,metaspace   ] GC(177) Metaspace: 6302K(6528K)->6302K(6528K) NonClass: 5769K(5888K)->5769K(5888K) Class: 533K(640K)->533K(640K)
[11.080s][info][gc             ] GC(177) Pause Young (Allocation Failure) 1668M->1668M(1896M) 28.870ms
[11.080s][info][gc,cpu         ] GC(177) User=0.03s Sys=0.02s Real=0.03s
[11.103s][info][gc,start       ] GC(178) Pause Young (Allocation Failure)
[11.133s][info][gc,heap        ] GC(178) PSYoungGen: 44160K(111104K)->22176K(106496K) Eden: 22016K(22016K)->0K(24576K) From: 22144K(89088K)->22176K(81920K)
[11.133s][info][gc,heap        ] GC(178) ParOldGen: 1686440K(1830400K)->1708744K(1830400K)
[11.133s][info][gc,metaspace   ] GC(178) Metaspace: 6302K(6528K)->6302K(6528K) NonClass: 5769K(5888K)->5769K(5888K) Class: 533K(640K)->533K(640K)
[11.133s][info][gc             ] GC(178) Pause Young (Allocation Failure) 1690M->1690M(1891M) 29.852ms
[11.133s][info][gc,cpu         ] GC(178) User=0.05s Sys=0.00s Real=0.03s
[11.162s][info][gc,start       ] GC(179) Pause Young (Allocation Failure)
[11.193s][info][gc,heap        ] GC(179) PSYoungGen: 46752K(106496K)->24704K(109056K) Eden: 24576K(24576K)->0K(24576K) From: 22176K(81920K)->24704K(84480K)
[11.193s][info][gc,heap        ] GC(179) ParOldGen: 1708744K(1830400K)->1731048K(1830400K)
[11.193s][info][gc,metaspace   ] GC(179) Metaspace: 6302K(6528K)->6302K(6528K) NonClass: 5769K(5888K)->5769K(5888K) Class: 533K(640K)->533K(640K)
[11.193s][info][gc             ] GC(179) Pause Young (Allocation Failure) 1714M->1714M(1894M) 31.051ms
[11.193s][info][gc,cpu         ] GC(179) User=0.11s Sys=0.02s Real=0.03s
[11.219s][info][gc,start       ] GC(180) Pause Young (Allocation Failure)
[11.252s][info][gc,heap        ] GC(180) PSYoungGen: 49280K(109056K)->24768K(102912K) Eden: 24576K(24576K)->0K(27648K) From: 24704K(84480K)->24768K(75264K)
[11.252s][info][gc,heap        ] GC(180) ParOldGen: 1731048K(1830400K)->1755976K(1830400K)
[11.252s][info][gc,metaspace   ] GC(180) Metaspace: 6302K(6528K)->6302K(6528K) NonClass: 5769K(5888K)->5769K(5888K) Class: 533K(640K)->533K(640K)
[11.252s][info][gc             ] GC(180) Pause Young (Allocation Failure) 1738M->1739M(1888M) 32.551ms
[11.252s][info][gc,cpu         ] GC(180) User=0.12s Sys=0.00s Real=0.03s
[11.281s][info][gc,start       ] GC(181) Pause Young (Allocation Failure)
[11.315s][info][gc,heap        ] GC(181) PSYoungGen: 52416K(102912K)->27840K(55808K) Eden: 27648K(27648K)->0K(27648K) From: 24768K(75264K)->27840K(28160K)
[11.315s][info][gc,heap        ] GC(181) ParOldGen: 1755976K(1830400K)->1780896K(1830400K)
[11.315s][info][gc,metaspace   ] GC(181) Metaspace: 6302K(6528K)->6302K(6528K) NonClass: 5769K(5888K)->5769K(5888K) Class: 533K(640K)->533K(640K)
[11.315s][info][gc             ] GC(181) Pause Young (Allocation Failure) 1766M->1766M(1842M) 33.958ms
[11.315s][info][gc,cpu         ] GC(181) User=0.12s Sys=0.02s Real=0.03s
[11.341s][info][gc,start       ] GC(182) Pause Young (Allocation Failure)
[11.374s][info][gc,heap        ] GC(182) PSYoungGen: 55488K(55808K)->27808K(99328K) Eden: 27648K(27648K)->0K(30720K) From: 27840K(28160K)->27808K(68608K)
[11.374s][info][gc,heap        ] GC(182) ParOldGen: 1780896K(1830400K)->1808944K(1830400K)
[11.374s][info][gc,metaspace   ] GC(182) Metaspace: 6302K(6528K)->6302K(6528K) NonClass: 5769K(5888K)->5769K(5888K) Class: 533K(640K)->533K(640K)
[11.374s][info][gc             ] GC(182) Pause Young (Allocation Failure) 1793M->1793M(1884M) 32.445ms
[11.374s][info][gc,cpu         ] GC(182) User=0.20s Sys=0.06s Real=0.03s
[11.374s][info][gc,start       ] GC(183) Pause Full (Ergonomics)
[11.374s][info][gc,phases,start] GC(183) Marking Phase
[11.775s][info][gc,phases      ] GC(183) Marking Phase 401.301ms
[11.775s][info][gc,phases,start] GC(183) Summary Phase
[11.775s][info][gc,phases      ] GC(183) Summary Phase 0.036ms
[11.775s][info][gc,phases,start] GC(183) Adjust Roots
[11.776s][info][gc,phases      ] GC(183) Adjust Roots 0.183ms
[11.776s][info][gc,phases,start] GC(183) Compaction Phase
[11.949s][info][gc,phases      ] GC(183) Compaction Phase 173.564ms
[11.949s][info][gc,phases,start] GC(183) Post Compact
[11.953s][info][gc,phases      ] GC(183) Post Compact 3.324ms
[11.953s][info][gc,heap        ] GC(183) PSYoungGen: 27808K(99328K)->4114K(102400K) Eden: 0K(30720K)->0K(33792K) From: 27808K(68608K)->4114K(68608K)
[11.953s][info][gc,heap        ] GC(183) ParOldGen: 1808944K(1830400K)->1830017K(2026496K)
[11.953s][info][gc,metaspace   ] GC(183) Metaspace: 6302K(6528K)->6302K(6528K) NonClass: 5769K(5888K)->5769K(5888K) Class: 533K(640K)->533K(640K)
[11.953s][info][gc             ] GC(183) Pause Full (Ergonomics) 1793M->1791M(2079M) 579.440ms
[11.953s][info][gc,cpu         ] GC(183) User=4.25s Sys=0.00s Real=0.58s
[11.990s][info][gc,start       ] GC(184) Pause Young (Allocation Failure)
[12.083s][info][gc,heap        ] GC(184) PSYoungGen: 37906K(102400K)->33952K(105472K) Eden: 33792K(33792K)->0K(33792K) From: 4114K(68608K)->33952K(71680K)
[12.084s][info][gc,heap        ] GC(184) ParOldGen: 1830017K(2026496K)->1834209K(2026496K)
[12.084s][info][gc,metaspace   ] GC(184) Metaspace: 6302K(6528K)->6302K(6528K) NonClass: 5769K(5888K)->5769K(5888K) Class: 533K(640K)->533K(640K)
[12.084s][info][gc             ] GC(184) Pause Young (Allocation Failure) 1824M->1824M(2082M) 93.468ms
[12.084s][info][gc,cpu         ] GC(184) User=0.61s Sys=0.02s Real=0.09s
[12.124s][info][gc,start       ] GC(185) Pause Young (Allocation Failure)
[12.163s][info][gc,heap        ] GC(185) PSYoungGen: 67744K(105472K)->67872K(95744K) Eden: 33792K(33792K)->0K(27648K) From: 33952K(71680K)->67872K(68096K)
[12.163s][info][gc,heap        ] GC(185) ParOldGen: 1834209K(2026496K)->1834209K(2026496K)
[12.163s][info][gc,metaspace   ] GC(185) Metaspace: 6302K(6528K)->6302K(6528K) NonClass: 5769K(5888K)->5769K(5888K) Class: 533K(640K)->533K(640K)
[12.163s][info][gc             ] GC(185) Pause Young (Allocation Failure) 1857M->1857M(2072M) 39.185ms
[12.163s][info][gc,cpu         ] GC(185) User=0.14s Sys=0.00s Real=0.04s
[12.193s][info][gc,start       ] GC(186) Pause Young (Allocation Failure)
[12.241s][info][gc,heap        ] GC(186) PSYoungGen: 95520K(95744K)->77824K(105472K) Eden: 27648K(27648K)->0K(27648K) From: 67872K(68096K)->77824K(77824K)
[12.242s][info][gc,heap        ] GC(186) ParOldGen: 1834209K(2026496K)->1851937K(2026496K)
[12.242s][info][gc,metaspace   ] GC(186) Metaspace: 6302K(6528K)->6302K(6528K) NonClass: 5769K(5888K)->5769K(5888K) Class: 533K(640K)->533K(640K)
[12.242s][info][gc             ] GC(186) Pause Young (Allocation Failure) 1884M->1884M(2082M) 48.162ms
[12.242s][info][gc,cpu         ] GC(186) User=0.27s Sys=0.00s Real=0.05s
[12.273s][info][gc,start       ] GC(187) Pause Young (Allocation Failure)
[12.327s][info][gc,heap        ] GC(187) PSYoungGen: 105472K(105472K)->51552K(122368K) Eden: 27648K(27648K)->0K(30720K) From: 77824K(77824K)->51552K(91648K)
[12.327s][info][gc,heap        ] GC(187) ParOldGen: 1851937K(2026496K)->1906681K(2026496K)
[12.327s][info][gc,metaspace   ] GC(187) Metaspace: 6302K(6528K)->6302K(6528K) NonClass: 5769K(5888K)->5769K(5888K) Class: 533K(640K)->533K(640K)
[12.327s][info][gc             ] GC(187) Pause Young (Allocation Failure) 1911M->1912M(2098M) 53.657ms
[12.327s][info][gc,cpu         ] GC(187) User=0.39s Sys=0.00s Real=0.05s
[12.364s][info][gc,start       ] GC(188) Pause Young (Allocation Failure)
[12.409s][info][gc,heap        ] GC(188) PSYoungGen: 82272K(122368K)->58560K(124416K) Eden: 30720K(30720K)->0K(30720K) From: 51552K(91648K)->58560K(93696K)
[12.409s][info][gc,heap        ] GC(188) ParOldGen: 1906681K(2026496K)->1930753K(2026496K)
[12.409s][info][gc,metaspace   ] GC(188) Metaspace: 6302K(6528K)->6302K(6528K) NonClass: 5769K(5888K)->5769K(5888K) Class: 533K(640K)->533K(640K)
[12.409s][info][gc             ] GC(188) Pause Young (Allocation Failure) 1942M->1942M(2100M) 44.623ms
[12.409s][info][gc,cpu         ] GC(188) User=0.27s Sys=0.00s Real=0.04s
[12.446s][info][gc,start       ] GC(189) Pause Young (Allocation Failure)
[12.495s][info][gc,heap        ] GC(189) PSYoungGen: 89280K(124416K)->61664K(128000K) Eden: 30720K(30720K)->0K(33280K) From: 58560K(93696K)->61664K(94720K)
[12.495s][info][gc,heap        ] GC(189) ParOldGen: 1930753K(2026496K)->1958769K(2026496K)
[12.495s][info][gc,metaspace   ] GC(189) Metaspace: 6302K(6528K)->6302K(6528K) NonClass: 5769K(5888K)->5769K(5888K) Class: 533K(640K)->533K(640K)
[12.495s][info][gc             ] GC(189) Pause Young (Allocation Failure) 1972M->1973M(2104M) 49.084ms
[12.495s][info][gc,cpu         ] GC(189) User=0.27s Sys=0.02s Real=0.05s
[12.537s][info][gc,start       ] GC(190) Pause Young (Allocation Failure)
[12.589s][info][gc,heap        ] GC(190) PSYoungGen: 94944K(128000K)->64160K(129024K) Eden: 33280K(33280K)->0K(33280K) From: 61664K(94720K)->64160K(95744K)
[12.589s][info][gc,heap        ] GC(190) ParOldGen: 1958769K(2026496K)->1989929K(2026496K)
[12.589s][info][gc,metaspace   ] GC(190) Metaspace: 6302K(6528K)->6302K(6528K) NonClass: 5769K(5888K)->5769K(5888K) Class: 533K(640K)->533K(640K)
[12.589s][info][gc             ] GC(190) Pause Young (Allocation Failure) 2005M->2005M(2105M) 51.716ms
[12.589s][info][gc,cpu         ] GC(190) User=0.28s Sys=0.02s Real=0.05s
[12.589s][info][gc,start       ] GC(191) Pause Full (Ergonomics)
[12.589s][info][gc,phases,start] GC(191) Marking Phase
[13.054s][info][gc,phases      ] GC(191) Marking Phase 465.685ms
[13.055s][info][gc,phases,start] GC(191) Summary Phase
[13.055s][info][gc,phases      ] GC(191) Summary Phase 0.048ms
[13.055s][info][gc,phases,start] GC(191) Adjust Roots
[13.055s][info][gc,phases      ] GC(191) Adjust Roots 0.222ms
[13.055s][info][gc,phases,start] GC(191) Compaction Phase
[13.247s][info][gc,phases      ] GC(191) Compaction Phase 192.595ms
[13.247s][info][gc,phases,start] GC(191) Post Compact
[13.252s][info][gc,phases      ] GC(191) Post Compact 4.022ms
[13.253s][info][gc,heap        ] GC(191) PSYoungGen: 64160K(129024K)->25107K(129024K) Eden: 0K(33280K)->0K(33280K) From: 64160K(95744K)->25107K(95744K)
[13.253s][info][gc,heap        ] GC(191) ParOldGen: 1989929K(2026496K)->2026414K(2246656K)
[13.253s][info][gc,metaspace   ] GC(191) Metaspace: 6302K(6528K)->6302K(6528K) NonClass: 5769K(5888K)->5769K(5888K) Class: 533K(640K)->533K(640K)
[13.253s][info][gc             ] GC(191) Pause Full (Ergonomics) 2005M->2003M(2320M) 663.986ms
[13.253s][info][gc,cpu         ] GC(191) User=4.77s Sys=0.06s Real=0.66s
[13.291s][info][gc,start       ] GC(192) Pause Young (Allocation Failure)
[13.406s][info][gc,heap        ] GC(192) PSYoungGen: 58387K(129024K)->47712K(122880K) Eden: 33280K(33280K)->0K(36352K) From: 25107K(95744K)->47712K(86528K)
[13.406s][info][gc,heap        ] GC(192) ParOldGen: 2026414K(2246656K)->2037462K(2246656K)
[13.406s][info][gc,metaspace   ] GC(192) Metaspace: 6302K(6528K)->6302K(6528K) NonClass: 5769K(5888K)->5769K(5888K) Class: 533K(640K)->533K(640K)
[13.406s][info][gc             ] GC(192) Pause Young (Allocation Failure) 2035M->2036M(2314M) 115.345ms
[13.406s][info][gc,cpu         ] GC(192) User=0.73s Sys=0.00s Real=0.12s
[13.444s][info][gc,start       ] GC(193) Pause Young (Allocation Failure)
[13.489s][info][gc,heap        ] GC(193) PSYoungGen: 84064K(122880K)->84128K(129024K) Eden: 36352K(36352K)->0K(36352K) From: 47712K(86528K)->84128K(92672K)
[13.489s][info][gc,heap        ] GC(193) ParOldGen: 2037462K(2246656K)->2037462K(2246656K)
[13.489s][info][gc,metaspace   ] GC(193) Metaspace: 6302K(6528K)->6302K(6528K) NonClass: 5769K(5888K)->5769K(5888K) Class: 533K(640K)->533K(640K)
[13.489s][info][gc             ] GC(193) Pause Young (Allocation Failure) 2071M->2071M(2320M) 45.194ms
[13.489s][info][gc,cpu         ] GC(193) User=0.27s Sys=0.00s Real=0.05s
[13.526s][info][gc,start       ] GC(194) Pause Young (Allocation Failure)
[13.588s][info][gc,heap        ] GC(194) PSYoungGen: 120480K(129024K)->101888K(121344K) Eden: 36352K(36352K)->0K(19456K) From: 84128K(92672K)->101888K(101888K)
[13.588s][info][gc,heap        ] GC(194) ParOldGen: 2037462K(2246656K)->2056150K(2246656K)
[13.588s][info][gc,metaspace   ] GC(194) Metaspace: 6302K(6528K)->6302K(6528K) NonClass: 5769K(5888K)->5769K(5888K) Class: 533K(640K)->533K(640K)
[13.588s][info][gc             ] GC(194) Pause Young (Allocation Failure) 2107M->2107M(2312M) 61.905ms
[13.588s][info][gc,cpu         ] GC(194) User=0.36s Sys=0.03s Real=0.06s
[13.609s][info][gc,start       ] GC(195) Pause Young (Allocation Failure)
[13.672s][info][gc,heap        ] GC(195) PSYoungGen: 121344K(121344K)->81152K(141824K) Eden: 19456K(19456K)->0K(19456K) From: 101888K(101888K)->81152K(122368K)
[13.672s][info][gc,heap        ] GC(195) ParOldGen: 2056150K(2246656K)->2096902K(2246656K)
[13.672s][info][gc,metaspace   ] GC(195) Metaspace: 6302K(6528K)->6302K(6528K) NonClass: 5769K(5888K)->5769K(5888K) Class: 533K(640K)->533K(640K)
[13.673s][info][gc             ] GC(195) Pause Young (Allocation Failure) 2126M->2127M(2332M) 63.670ms
[13.673s][info][gc,cpu         ] GC(195) User=0.39s Sys=0.00s Real=0.06s
[13.694s][info][gc,start       ] GC(196) Pause Young (Allocation Failure)
[13.747s][info][gc,heap        ] GC(196) PSYoungGen: 100608K(141824K)->69888K(140288K) Eden: 19456K(19456K)->0K(22016K) From: 81152K(122368K)->69888K(118272K)
[13.747s][info][gc,heap        ] GC(196) ParOldGen: 2096902K(2246656K)->2128030K(2246656K)
[13.747s][info][gc,metaspace   ] GC(196) Metaspace: 6302K(6528K)->6302K(6528K) NonClass: 5769K(5888K)->5769K(5888K) Class: 533K(640K)->533K(640K)
[13.747s][info][gc             ] GC(196) Pause Young (Allocation Failure) 2146M->2146M(2331M) 52.917ms
[13.747s][info][gc,cpu         ] GC(196) User=0.36s Sys=0.00s Real=0.05s
[13.775s][info][gc,start       ] GC(197) Pause Young (Allocation Failure)
[13.824s][info][gc,heap        ] GC(197) PSYoungGen: 91904K(140288K)->41632K(143360K) Eden: 22016K(22016K)->0K(22016K) From: 69888K(118272K)->41632K(121344K)
[13.824s][info][gc,heap        ] GC(197) ParOldGen: 2128030K(2246656K)->2178910K(2246656K)
[13.824s][info][gc,metaspace   ] GC(197) Metaspace: 6302K(6528K)->6302K(6528K) NonClass: 5769K(5888K)->5769K(5888K) Class: 533K(640K)->533K(640K)
[13.824s][info][gc             ] GC(197) Pause Young (Allocation Failure) 2167M->2168M(2334M) 49.720ms
[13.824s][info][gc,cpu         ] GC(197) User=0.28s Sys=0.00s Real=0.05s
[13.852s][info][gc,start       ] GC(198) Pause Young (Allocation Failure)
[13.892s][info][gc,heap        ] GC(198) PSYoungGen: 63648K(143360K)->22144K(143360K) Eden: 22016K(22016K)->0K(24576K) From: 41632K(121344K)->22144K(118784K)
[13.892s][info][gc,heap        ] GC(198) ParOldGen: 2178910K(2246656K)->2220902K(2246656K)
[13.892s][info][gc,metaspace   ] GC(198) Metaspace: 6302K(6528K)->6302K(6528K) NonClass: 5769K(5888K)->5769K(5888K) Class: 533K(640K)->533K(640K)
[13.892s][info][gc             ] GC(198) Pause Young (Allocation Failure) 2189M->2190M(2334M) 39.379ms
[13.892s][info][gc,cpu         ] GC(198) User=0.27s Sys=0.00s Real=0.04s
[13.892s][info][gc,start       ] GC(199) Pause Full (Ergonomics)
[13.892s][info][gc,phases,start] GC(199) Marking Phase
[14.392s][info][gc,phases      ] GC(199) Marking Phase 500.043ms
[14.392s][info][gc,phases,start] GC(199) Summary Phase
[14.392s][info][gc,phases      ] GC(199) Summary Phase 0.045ms
[14.392s][info][gc,phases,start] GC(199) Adjust Roots
[14.392s][info][gc,phases      ] GC(199) Adjust Roots 0.157ms
[14.392s][info][gc,phases,start] GC(199) Compaction Phase
[14.585s][info][gc,phases      ] GC(199) Compaction Phase 192.412ms
[14.585s][info][gc,phases,start] GC(199) Post Compact
[14.589s][info][gc,phases      ] GC(199) Post Compact 4.061ms
[14.590s][info][gc,heap        ] GC(199) PSYoungGen: 22144K(143360K)->0K(143872K) Eden: 0K(24576K)->0K(24576K) From: 22144K(118784K)->0K(119296K)
[14.590s][info][gc,heap        ] GC(199) ParOldGen: 2220902K(2246656K)->2240222K(2489856K)
[14.590s][info][gc,metaspace   ] GC(199) Metaspace: 6302K(6528K)->6302K(6528K) NonClass: 5769K(5888K)->5769K(5888K) Class: 533K(640K)->533K(640K)
[14.590s][info][gc             ] GC(199) Pause Full (Ergonomics) 2190M->2187M(2572M) 698.190ms
[14.590s][info][gc,cpu         ] GC(199) User=5.23s Sys=0.03s Real=0.70s
[14.621s][info][gc,start       ] GC(200) Pause Young (Allocation Failure)
[14.645s][info][gc,heap        ] GC(200) PSYoungGen: 24576K(143872K)->24704K(143360K) Eden: 24576K(24576K)->0K(27136K) From: 0K(119296K)->24704K(116224K)
[14.645s][info][gc,heap        ] GC(200) ParOldGen: 2240222K(2489856K)->2240222K(2489856K)
[14.645s][info][gc,metaspace   ] GC(200) Metaspace: 6302K(6528K)->6302K(6528K) NonClass: 5769K(5888K)->5769K(5888K) Class: 533K(640K)->533K(640K)
[14.645s][info][gc             ] GC(200) Pause Young (Allocation Failure) 2211M->2211M(2571M) 23.648ms
[14.645s][info][gc,cpu         ] GC(200) User=0.03s Sys=0.00s Real=0.02s
[14.675s][info][gc,start       ] GC(201) Pause Young (Allocation Failure)
[14.707s][info][gc,heap        ] GC(201) PSYoungGen: 51840K(143360K)->51904K(79360K) Eden: 27136K(27136K)->0K(27136K) From: 24704K(116224K)->51904K(52224K)
[14.707s][info][gc,heap        ] GC(201) ParOldGen: 2240222K(2489856K)->2240222K(2489856K)
[14.708s][info][gc,metaspace   ] GC(201) Metaspace: 6302K(6528K)->6302K(6528K) NonClass: 5769K(5888K)->5769K(5888K) Class: 533K(640K)->533K(640K)
[14.708s][info][gc             ] GC(201) Pause Young (Allocation Failure) 2238M->2238M(2509M) 32.205ms
[14.708s][info][gc,cpu         ] GC(201) User=0.14s Sys=0.00s Real=0.03s
[14.738s][info][gc,start       ] GC(202) Pause Young (Allocation Failure)
[14.780s][info][gc,heap        ] GC(202) PSYoungGen: 79040K(79360K)->79072K(138752K) Eden: 27136K(27136K)->0K(26624K) From: 51904K(52224K)->79072K(112128K)
[14.781s][info][gc,heap        ] GC(202) ParOldGen: 2240222K(2489856K)->2240222K(2489856K)
[14.781s][info][gc,metaspace   ] GC(202) Metaspace: 6302K(6528K)->6302K(6528K) NonClass: 5769K(5888K)->5769K(5888K) Class: 533K(640K)->533K(640K)
[14.781s][info][gc             ] GC(202) Pause Young (Allocation Failure) 2264M->2264M(2567M) 42.288ms
[14.781s][info][gc,cpu         ] GC(202) User=0.22s Sys=0.00s Real=0.04s
[14.813s][info][gc,start       ] GC(203) Pause Young (Allocation Failure)
[14.866s][info][gc,heap        ] GC(203) PSYoungGen: 105696K(138752K)->81088K(142336K) Eden: 26624K(26624K)->0K(26624K) From: 79072K(112128K)->81088K(115712K)
[14.866s][info][gc,heap        ] GC(203) ParOldGen: 2240222K(2489856K)->2265086K(2489856K)
[14.866s][info][gc,metaspace   ] GC(203) Metaspace: 6302K(6528K)->6302K(6528K) NonClass: 5769K(5888K)->5769K(5888K) Class: 533K(640K)->533K(640K)
[14.866s][info][gc             ] GC(203) Pause Young (Allocation Failure) 2290M->2291M(2570M) 53.413ms
[14.866s][info][gc,cpu         ] GC(203) User=0.33s Sys=0.02s Real=0.05s
[14.898s][info][gc,start       ] GC(204) Pause Young (Allocation Failure)
[14.952s][info][gc,heap        ] GC(204) PSYoungGen: 107712K(142336K)->80544K(146944K) Eden: 26624K(26624K)->0K(27648K) From: 81088K(115712K)->80544K(119296K)
[14.952s][info][gc,heap        ] GC(204) ParOldGen: 2265086K(2489856K)->2292486K(2489856K)
[14.952s][info][gc,metaspace   ] GC(204) Metaspace: 6302K(6528K)->6302K(6528K) NonClass: 5769K(5888K)->5769K(5888K) Class: 533K(640K)->533K(640K)
[14.952s][info][gc             ] GC(204) Pause Young (Allocation Failure) 2317M->2317M(2575M) 53.543ms
[14.952s][info][gc,cpu         ] GC(204) User=0.34s Sys=0.03s Real=0.05s
[14.983s][info][gc,start       ] GC(205) Pause Young (Allocation Failure)
[15.038s][info][gc,heap        ] GC(205) PSYoungGen: 108192K(146944K)->81088K(148992K) Eden: 27648K(27648K)->0K(27648K) From: 80544K(119296K)->81088K(121344K)
[15.038s][info][gc,heap        ] GC(205) ParOldGen: 2292486K(2489856K)->2319870K(2489856K)
[15.038s][info][gc,metaspace   ] GC(205) Metaspace: 6302K(6528K)->6302K(6528K) NonClass: 5769K(5888K)->5769K(5888K) Class: 533K(640K)->533K(640K)
[15.038s][info][gc             ] GC(205) Pause Young (Allocation Failure) 2344M->2344M(2577M) 54.979ms
[15.038s][info][gc,cpu         ] GC(205) User=0.34s Sys=0.03s Real=0.06s
[15.071s][info][gc,start       ] GC(206) Pause Young (Allocation Failure)
[15.128s][info][gc,heap        ] GC(206) PSYoungGen: 108736K(148992K)->82112K(153600K) Eden: 27648K(27648K)->0K(30208K) From: 81088K(121344K)->82112K(123392K)
[15.128s][info][gc,heap        ] GC(206) ParOldGen: 2319870K(2489856K)->2346726K(2489856K)
[15.128s][info][gc,metaspace   ] GC(206) Metaspace: 6302K(6528K)->6302K(6528K) NonClass: 5769K(5888K)->5769K(5888K) Class: 533K(640K)->533K(640K)
[15.128s][info][gc             ] GC(206) Pause Young (Allocation Failure) 2371M->2371M(2581M) 56.195ms
[15.128s][info][gc,cpu         ] GC(206) User=0.36s Sys=0.03s Real=0.06s
[15.163s][info][gc,start       ] GC(207) Pause Young (Allocation Failure)
[15.221s][info][gc,heap        ] GC(207) PSYoungGen: 112320K(153600K)->85760K(154624K) Eden: 30208K(30208K)->0K(30208K) From: 82112K(123392K)->85760K(124416K)
[15.221s][info][gc,heap        ] GC(207) ParOldGen: 2346726K(2489856K)->2373582K(2489856K)
[15.221s][info][gc,metaspace   ] GC(207) Metaspace: 6302K(6528K)->6302K(6528K) NonClass: 5769K(5888K)->5769K(5888K) Class: 533K(640K)->533K(640K)
[15.221s][info][gc             ] GC(207) Pause Young (Allocation Failure) 2401M->2401M(2582M) 57.358ms
[15.221s][info][gc,cpu         ] GC(207) User=0.38s Sys=0.02s Real=0.06s
[15.257s][info][gc,start       ] GC(208) Pause Young (Allocation Failure)
[15.317s][info][gc,heap        ] GC(208) PSYoungGen: 115968K(154624K)->60544K(150528K) Eden: 30208K(30208K)->0K(34304K) From: 85760K(124416K)->60544K(116224K)
[15.318s][info][gc,heap        ] GC(208) ParOldGen: 2373582K(2489856K)->2429350K(2489856K)
[15.318s][info][gc,metaspace   ] GC(208) Metaspace: 6302K(6528K)->6302K(6528K) NonClass: 5769K(5888K)->5769K(5888K) Class: 533K(640K)->533K(640K)
[15.318s][info][gc             ] GC(208) Pause Young (Allocation Failure) 2431M->2431M(2578M) 60.262ms
[15.318s][info][gc,cpu         ] GC(208) User=0.36s Sys=0.03s Real=0.06s
[15.357s][info][gc,start       ] GC(209) Pause Young (Allocation Failure)
[15.409s][info][gc,heap        ] GC(209) PSYoungGen: 94848K(150528K)->34464K(155648K) Eden: 34304K(34304K)->0K(34304K) From: 60544K(116224K)->34464K(121344K)
[15.409s][info][gc,heap        ] GC(209) ParOldGen: 2429350K(2489856K)->2490294K(2490368K)
[15.409s][info][gc,metaspace   ] GC(209) Metaspace: 6302K(6528K)->6302K(6528K) NonClass: 5769K(5888K)->5769K(5888K) Class: 533K(640K)->533K(640K)
[15.409s][info][gc             ] GC(209) Pause Young (Allocation Failure) 2465M->2465M(2584M) 52.618ms
[15.409s][info][gc,cpu         ] GC(209) User=0.28s Sys=0.00s Real=0.05s
[15.410s][info][gc,start       ] GC(210) Pause Full (Ergonomics)
[15.410s][info][gc,phases,start] GC(210) Marking Phase
[15.988s][info][gc,phases      ] GC(210) Marking Phase 578.333ms
[15.988s][info][gc,phases,start] GC(210) Summary Phase
[15.988s][info][gc,phases      ] GC(210) Summary Phase 0.036ms
[15.988s][info][gc,phases,start] GC(210) Adjust Roots
[15.988s][info][gc,phases      ] GC(210) Adjust Roots 0.173ms
[15.988s][info][gc,phases,start] GC(210) Compaction Phase
[16.198s][info][gc,phases      ] GC(210) Compaction Phase 209.331ms
[16.198s][info][gc,phases,start] GC(210) Post Compact
[16.202s][info][gc,phases      ] GC(210) Post Compact 4.733ms
[16.203s][info][gc,heap        ] GC(210) PSYoungGen: 34464K(155648K)->31716K(155648K) Eden: 0K(34304K)->0K(34304K) From: 34464K(121344K)->31716K(121344K)
[16.203s][info][gc,heap        ] GC(210) ParOldGen: 2490294K(2490368K)->2490298K(2766848K)
[16.203s][info][gc,metaspace   ] GC(210) Metaspace: 6302K(6528K)->6302K(6528K) NonClass: 5769K(5888K)->5769K(5888K) Class: 533K(640K)->533K(640K)
[16.203s][info][gc             ] GC(210) Pause Full (Ergonomics) 2465M->2462M(2854M) 793.839ms
[16.203s][info][gc,cpu         ] GC(210) User=6.00s Sys=0.06s Real=0.79s
[16.244s][info][gc,start       ] GC(211) Pause Young (Allocation Failure)
[16.383s][info][gc,heap        ] GC(211) PSYoungGen: 66020K(155648K)->34464K(156160K) Eden: 34304K(34304K)->0K(37888K) From: 31716K(121344K)->34464K(118272K)
[16.383s][info][gc,heap        ] GC(211) ParOldGen: 2490298K(2766848K)->2522330K(2766848K)
[16.383s][info][gc,metaspace   ] GC(211) Metaspace: 6302K(6528K)->6302K(6528K) NonClass: 5769K(5888K)->5769K(5888K) Class: 533K(640K)->533K(640K)
[16.383s][info][gc             ] GC(211) Pause Young (Allocation Failure) 2496M->2496M(2854M) 138.572ms
[16.383s][info][gc,cpu         ] GC(211) User=0.80s Sys=0.11s Real=0.14s
[16.428s][info][gc,start       ] GC(212) Pause Young (Allocation Failure)
[16.472s][info][gc,heap        ] GC(212) PSYoungGen: 72352K(156160K)->38080K(158208K) Eden: 37888K(37888K)->0K(37888K) From: 34464K(118272K)->38080K(120320K)
[16.472s][info][gc,heap        ] GC(212) ParOldGen: 2522330K(2766848K)->2556946K(2766848K)
[16.472s][info][gc,metaspace   ] GC(212) Metaspace: 6302K(6528K)->6302K(6528K) NonClass: 5769K(5888K)->5769K(5888K) Class: 533K(640K)->533K(640K)
[16.472s][info][gc             ] GC(212) Pause Young (Allocation Failure) 2533M->2534M(2856M) 44.812ms
[16.472s][info][gc,cpu         ] GC(212) User=0.25s Sys=0.02s Real=0.05s
[16.518s][info][gc,start       ] GC(213) Pause Young (Allocation Failure)
[16.565s][info][gc,heap        ] GC(213) PSYoungGen: 75968K(158208K)->38016K(154624K) Eden: 37888K(37888K)->0K(41984K) From: 38080K(120320K)->38016K(112640K)
[16.565s][info][gc,heap        ] GC(213) ParOldGen: 2556946K(2766848K)->2595178K(2766848K)
[16.565s][info][gc,metaspace   ] GC(213) Metaspace: 6302K(6528K)->6302K(6528K) NonClass: 5769K(5888K)->5769K(5888K) Class: 533K(640K)->533K(640K)
[16.565s][info][gc             ] GC(213) Pause Young (Allocation Failure) 2571M->2571M(2853M) 46.811ms
[16.565s][info][gc,cpu         ] GC(213) User=0.19s Sys=0.08s Real=0.05s
[16.616s][info][gc,start       ] GC(214) Pause Young (Allocation Failure)
[16.665s][info][gc,heap        ] GC(214) PSYoungGen: 80000K(154624K)->42176K(157184K) Eden: 41984K(41984K)->0K(41984K) From: 38016K(112640K)->42176K(115200K)
[16.665s][info][gc,heap        ] GC(214) ParOldGen: 2595178K(2766848K)->2633386K(2766848K)
[16.665s][info][gc,metaspace   ] GC(214) Metaspace: 6302K(6528K)->6302K(6528K) NonClass: 5769K(5888K)->5769K(5888K) Class: 533K(640K)->533K(640K)
[16.665s][info][gc             ] GC(214) Pause Young (Allocation Failure) 2612M->2612M(2855M) 49.239ms
[16.665s][info][gc,cpu         ] GC(214) User=0.27s Sys=0.02s Real=0.05s
[16.719s][info][gc,start       ] GC(215) Pause Young (Allocation Failure)
[16.774s][info][gc,heap        ] GC(215) PSYoungGen: 84160K(157184K)->42176K(151040K) Eden: 41984K(41984K)->0K(46592K) From: 42176K(115200K)->42176K(104448K)
[16.774s][info][gc,heap        ] GC(215) ParOldGen: 2633386K(2766848K)->2675746K(2766848K)
[16.774s][info][gc,metaspace   ] GC(215) Metaspace: 6302K(6528K)->6302K(6528K) NonClass: 5769K(5888K)->5769K(5888K) Class: 533K(640K)->533K(640K)
[16.774s][info][gc             ] GC(215) Pause Young (Allocation Failure) 2653M->2654M(2849M) 55.471ms
[16.774s][info][gc,cpu         ] GC(215) User=0.22s Sys=0.02s Real=0.06s
[16.828s][info][gc,start       ] GC(216) Pause Young (Allocation Failure)
[16.881s][info][gc,heap        ] GC(216) PSYoungGen: 88768K(151040K)->46784K(154624K) Eden: 46592K(46592K)->0K(46592K) From: 42176K(104448K)->46784K(108032K)
[16.881s][info][gc,heap        ] GC(216) ParOldGen: 2675746K(2766848K)->2718098K(2766848K)
[16.881s][info][gc,metaspace   ] GC(216) Metaspace: 6302K(6528K)->6302K(6528K) NonClass: 5769K(5888K)->5769K(5888K) Class: 533K(640K)->533K(640K)
[16.881s][info][gc             ] GC(216) Pause Young (Allocation Failure) 2699M->2700M(2853M) 53.124ms
[16.881s][info][gc,cpu         ] GC(216) User=0.25s Sys=0.03s Real=0.05s
[16.881s][info][gc,start       ] GC(217) Pause Full (Ergonomics)
[16.881s][info][gc,phases,start] GC(217) Marking Phase
[17.512s][info][gc,phases      ] GC(217) Marking Phase 631.589ms
[17.512s][info][gc,phases,start] GC(217) Summary Phase
[17.513s][info][gc,phases      ] GC(217) Summary Phase 0.060ms
[17.513s][info][gc,phases,start] GC(217) Adjust Roots
[17.513s][info][gc,phases      ] GC(217) Adjust Roots 0.190ms
[17.513s][info][gc,phases,start] GC(217) Compaction Phase
[17.732s][info][gc,phases      ] GC(217) Compaction Phase 219.570ms
[17.732s][info][gc,phases,start] GC(217) Post Compact
[17.738s][info][gc,phases      ] GC(217) Post Compact 5.520ms
[17.739s][info][gc,heap        ] GC(217) PSYoungGen: 46784K(154624K)->0K(155136K) Eden: 0K(46592K)->0K(51712K) From: 46784K(108032K)->0K(103424K)
[17.739s][info][gc,heap        ] GC(217) ParOldGen: 2718098K(2766848K)->2762461K(3057152K)
[17.739s][info][gc,metaspace   ] GC(217) Metaspace: 6302K(6528K)->6302K(6528K) NonClass: 5769K(5888K)->5769K(5888K) Class: 533K(640K)->533K(640K)
[17.739s][info][gc             ] GC(217) Pause Full (Ergonomics) 2700M->2697M(3137M) 858.263ms
[17.739s][info][gc,cpu         ] GC(217) User=6.56s Sys=0.02s Real=0.86s
[17.799s][info][gc,start       ] GC(218) Pause Young (Allocation Failure)
[17.835s][info][gc,heap        ] GC(218) PSYoungGen: 51712K(155136K)->51872K(155136K) Eden: 51712K(51712K)->0K(51712K) From: 0K(103424K)->51872K(103424K)
[17.835s][info][gc,heap        ] GC(218) ParOldGen: 2762461K(3057152K)->2762461K(3057152K)
[17.835s][info][gc,metaspace   ] GC(218) Metaspace: 6302K(6528K)->6302K(6528K) NonClass: 5769K(5888K)->5769K(5888K) Class: 533K(640K)->533K(640K)
[17.835s][info][gc             ] GC(218) Pause Young (Allocation Failure) 2748M->2748M(3137M) 36.173ms
[17.835s][info][gc,cpu         ] GC(218) User=0.09s Sys=0.03s Real=0.04s
[18.449s][info][gc,start       ] GC(219) Pause Young (Allocation Failure)
[18.567s][info][gc,heap        ] GC(219) PSYoungGen: 103584K(155136K)->98816K(140800K) Eden: 51712K(51712K)->0K(41984K) From: 51872K(103424K)->98816K(98816K)
[18.567s][info][gc,heap        ] GC(219) ParOldGen: 2893533K(3057152K)->2898381K(3057152K)
[18.567s][info][gc,metaspace   ] GC(219) Metaspace: 6302K(6528K)->6302K(6528K) NonClass: 5769K(5888K)->5769K(5888K) Class: 533K(640K)->533K(640K)
[18.567s][info][gc             ] GC(219) Pause Young (Allocation Failure) 2926M->2926M(3123M) 118.007ms
[18.567s][info][gc,cpu         ] GC(219) User=0.78s Sys=0.00s Real=0.12s
[18.611s][info][gc,start       ] GC(220) Pause Young (Allocation Failure)
[18.688s][info][gc,heap        ] GC(220) PSYoungGen: 140800K(140800K)->42176K(155136K) Eden: 41984K(41984K)->0K(41984K) From: 98816K(98816K)->42176K(113152K)
[18.688s][info][gc,heap        ] GC(220) ParOldGen: 2898381K(3057152K)->2997885K(3057152K)
[18.688s][info][gc,metaspace   ] GC(220) Metaspace: 6302K(6528K)->6302K(6528K) NonClass: 5769K(5888K)->5769K(5888K) Class: 533K(640K)->533K(640K)
[18.688s][info][gc             ] GC(220) Pause Young (Allocation Failure) 2967M->2968M(3137M) 76.473ms
[18.688s][info][gc,cpu         ] GC(220) User=0.31s Sys=0.11s Real=0.08s
[18.688s][info][gc,start       ] GC(221) Pause Full (Ergonomics)
[18.688s][info][gc,phases,start] GC(221) Marking Phase
[19.357s][info][gc,phases      ] GC(221) Marking Phase 669.300ms
[19.357s][info][gc,phases,start] GC(221) Summary Phase
[19.357s][info][gc,phases      ] GC(221) Summary Phase 0.074ms
[19.357s][info][gc,phases,start] GC(221) Adjust Roots
[19.357s][info][gc,phases      ] GC(221) Adjust Roots 0.163ms
[19.357s][info][gc,phases,start] GC(221) Compaction Phase
[19.807s][info][gc,phases      ] GC(221) Compaction Phase 449.301ms
[19.807s][info][gc,phases,start] GC(221) Post Compact
[19.813s][info][gc,phases      ] GC(221) Post Compact 6.099ms
[19.814s][info][gc,heap        ] GC(221) PSYoungGen: 42176K(155136K)->0K(156160K) Eden: 0K(41984K)->0K(46080K) From: 42176K(113152K)->0K(110080K)
[19.814s][info][gc,heap        ] GC(221) ParOldGen: 2997885K(3057152K)->2973318K(3315712K)
[19.814s][info][gc,metaspace   ] GC(221) Metaspace: 6302K(6528K)->6302K(6528K) NonClass: 5769K(5888K)->5769K(5888K) Class: 533K(640K)->533K(640K)
[19.814s][info][gc             ] GC(221) Pause Full (Ergonomics) 2968M->2903M(3390M) 1126.218ms
[19.814s][info][gc,cpu         ] GC(221) User=7.84s Sys=0.03s Real=1.13s
[19.863s][info][gc,start       ] GC(222) Pause Young (Allocation Failure)
[19.907s][info][gc,heap        ] GC(222) PSYoungGen: 46080K(156160K)->46304K(156160K) Eden: 46080K(46080K)->0K(46080K) From: 0K(110080K)->46304K(110080K)
[19.907s][info][gc,heap        ] GC(222) ParOldGen: 2973318K(3315712K)->2973318K(3315712K)
[19.907s][info][gc,metaspace   ] GC(222) Metaspace: 6302K(6528K)->6302K(6528K) NonClass: 5769K(5888K)->5769K(5888K) Class: 533K(640K)->533K(640K)
[19.907s][info][gc             ] GC(222) Pause Young (Allocation Failure) 2948M->2948M(3390M) 44.161ms
[19.907s][info][gc,cpu         ] GC(222) User=0.06s Sys=0.00s Real=0.05s
[19.951s][info][gc,start       ] GC(223) Pause Young (Allocation Failure)
[20.008s][info][gc,heap        ] GC(223) PSYoungGen: 92384K(156160K)->92384K(147456K) Eden: 46080K(46080K)->0K(40960K) From: 46304K(110080K)->92384K(106496K)
[20.008s][info][gc,heap        ] GC(223) ParOldGen: 2973318K(3315712K)->2973318K(3315712K)
[20.008s][info][gc,metaspace   ] GC(223) Metaspace: 6302K(6528K)->6302K(6528K) NonClass: 5769K(5888K)->5769K(5888K) Class: 533K(640K)->533K(640K)
[20.008s][info][gc             ] GC(223) Pause Young (Allocation Failure) 2993M->2993M(3382M) 57.433ms
[20.008s][info][gc,cpu         ] GC(223) User=0.16s Sys=0.00s Real=0.06s
[20.047s][info][gc,start       ] GC(224) Pause Young (Allocation Failure)
[20.116s][info][gc,heap        ] GC(224) PSYoungGen: 133344K(147456K)->115200K(156160K) Eden: 40960K(40960K)->0K(40960K) From: 92384K(106496K)->115200K(115200K)
[20.116s][info][gc,heap        ] GC(224) ParOldGen: 2973318K(3315712K)->2991598K(3315712K)
[20.116s][info][gc,metaspace   ] GC(224) Metaspace: 6302K(6528K)->6302K(6528K) NonClass: 5769K(5888K)->5769K(5888K) Class: 533K(640K)->533K(640K)
[20.116s][info][gc             ] GC(224) Pause Young (Allocation Failure) 3033M->3033M(3390M) 68.963ms
[20.116s][info][gc,cpu         ] GC(224) User=0.19s Sys=0.00s Real=0.07s
[20.157s][info][gc,start       ] GC(225) Pause Young (Allocation Failure)
[20.233s][info][gc,heap        ] GC(225) PSYoungGen: 156160K(156160K)->117536K(170496K) Eden: 40960K(40960K)->0K(33280K) From: 115200K(115200K)->117536K(137216K)
[20.233s][info][gc,heap        ] GC(225) ParOldGen: 2991598K(3315712K)->3030710K(3315712K)
[20.233s][info][gc,metaspace   ] GC(225) Metaspace: 6302K(6528K)->6302K(6528K) NonClass: 5769K(5888K)->5769K(5888K) Class: 533K(640K)->533K(640K)
[20.233s][info][gc             ] GC(225) Pause Young (Allocation Failure) 3073M->3074M(3404M) 75.950ms
[20.233s][info][gc,cpu         ] GC(225) User=0.48s Sys=0.02s Real=0.08s
[20.268s][info][gc,start       ] GC(226) Pause Young (Allocation Failure)
[20.343s][info][gc,heap        ] GC(226) PSYoungGen: 150816K(170496K)->114688K(182272K) Eden: 33280K(33280K)->0K(33280K) From: 117536K(137216K)->114688K(148992K)
[20.343s][info][gc,heap        ] GC(226) ParOldGen: 3030710K(3315712K)->3067166K(3315712K)
[20.343s][info][gc,metaspace   ] GC(226) Metaspace: 6302K(6528K)->6302K(6528K) NonClass: 5769K(5888K)->5769K(5888K) Class: 533K(640K)->533K(640K)
[20.343s][info][gc             ] GC(226) Pause Young (Allocation Failure) 3106M->3107M(3416M) 74.610ms
[20.343s][info][gc,cpu         ] GC(226) User=0.31s Sys=0.00s Real=0.08s
[20.381s][info][gc,start       ] GC(227) Pause Young (Allocation Failure)
[20.454s][info][gc,heap        ] GC(227) PSYoungGen: 147968K(182272K)->107776K(189952K) Eden: 33280K(33280K)->0K(32768K) From: 114688K(148992K)->107776K(157184K)
[20.454s][info][gc,heap        ] GC(227) ParOldGen: 3067166K(3315712K)->3107686K(3315712K)
[20.454s][info][gc,metaspace   ] GC(227) Metaspace: 6302K(6528K)->6302K(6528K) NonClass: 5769K(5888K)->5769K(5888K) Class: 533K(640K)->533K(640K)
[20.454s][info][gc             ] GC(227) Pause Young (Allocation Failure) 3139M->3140M(3423M) 73.385ms
[20.454s][info][gc,cpu         ] GC(227) User=0.42s Sys=0.00s Real=0.07s
[20.488s][info][gc,start       ] GC(228) Pause Young (Allocation Failure)
[20.559s][info][gc,heap        ] GC(228) PSYoungGen: 140544K(189952K)->99584K(194048K) Eden: 32768K(32768K)->0K(32768K) From: 107776K(157184K)->99584K(161280K)
[20.559s][info][gc,heap        ] GC(228) ParOldGen: 3107686K(3315712K)->3149038K(3315712K)
[20.559s][info][gc,metaspace   ] GC(228) Metaspace: 6302K(6528K)->6302K(6528K) NonClass: 5769K(5888K)->5769K(5888K) Class: 533K(640K)->533K(640K)
[20.559s][info][gc             ] GC(228) Pause Young (Allocation Failure) 3172M->3172M(3427M) 71.330ms
[20.559s][info][gc,cpu         ] GC(228) User=0.23s Sys=0.05s Real=0.07s
[20.592s][info][gc,start       ] GC(229) Pause Young (Allocation Failure)
[20.662s][info][gc,heap        ] GC(229) PSYoungGen: 132352K(194048K)->65728K(187904K) Eden: 32768K(32768K)->0K(37376K) From: 99584K(161280K)->65728K(150528K)
[20.662s][info][gc,heap        ] GC(229) ParOldGen: 3149038K(3315712K)->3216166K(3315712K)
[20.662s][info][gc,metaspace   ] GC(229) Metaspace: 6302K(6528K)->6302K(6528K) NonClass: 5769K(5888K)->5769K(5888K) Class: 533K(640K)->533K(640K)
[20.662s][info][gc             ] GC(229) Pause Young (Allocation Failure) 3204M->3204M(3421M) 70.345ms
[20.662s][info][gc,cpu         ] GC(229) User=0.28s Sys=0.03s Real=0.07s
[20.699s][info][gc,start       ] GC(230) Pause Young (Allocation Failure)
[20.763s][info][gc,heap        ] GC(230) PSYoungGen: 103104K(187904K)->37536K(192512K) Eden: 37376K(37376K)->0K(37376K) From: 65728K(150528K)->37536K(155136K)
[20.763s][info][gc,heap        ] GC(230) ParOldGen: 3216166K(3315712K)->3282254K(3315712K)
[20.763s][info][gc,metaspace   ] GC(230) Metaspace: 6302K(6528K)->6302K(6528K) NonClass: 5769K(5888K)->5769K(5888K) Class: 533K(640K)->533K(640K)
[20.763s][info][gc             ] GC(230) Pause Young (Allocation Failure) 3241M->3241M(3426M) 64.009ms
[20.763s][info][gc,cpu         ] GC(230) User=0.31s Sys=0.02s Real=0.07s
[20.763s][info][gc,start       ] GC(231) Pause Full (Ergonomics)
[20.763s][info][gc,phases,start] GC(231) Marking Phase
[21.508s][info][gc,phases      ] GC(231) Marking Phase 744.899ms
[21.508s][info][gc,phases,start] GC(231) Summary Phase
[21.508s][info][gc,phases      ] GC(231) Summary Phase 0.047ms
[21.508s][info][gc,phases,start] GC(231) Adjust Roots
[21.508s][info][gc,phases      ] GC(231) Adjust Roots 0.162ms
[21.508s][info][gc,phases,start] GC(231) Compaction Phase
[22.191s][info][gc,phases      ] GC(231) Compaction Phase 682.032ms
[22.191s][info][gc,phases,start] GC(231) Post Compact
[22.197s][info][gc,phases      ] GC(231) Post Compact 6.105ms
[22.198s][info][gc,heap        ] GC(231) PSYoungGen: 37536K(192512K)->1068K(192512K) Eden: 0K(37376K)->0K(37376K) From: 37536K(155136K)->1068K(155136K)
[22.198s][info][gc,heap        ] GC(231) ParOldGen: 3282254K(3315712K)->3315519K(3689472K)
[22.198s][info][gc,metaspace   ] GC(231) Metaspace: 6302K(6528K)->6302K(6528K) NonClass: 5769K(5888K)->5769K(5888K) Class: 533K(640K)->533K(640K)
[22.198s][info][gc             ] GC(231) Pause Full (Ergonomics) 3241M->3238M(3791M) 1434.831ms
[22.198s][info][gc,cpu         ] GC(231) User=10.14s Sys=0.05s Real=1.43s
[22.240s][info][gc,start       ] GC(232) Pause Young (Allocation Failure)
[22.404s][info][gc,heap        ] GC(232) PSYoungGen: 38444K(192512K)->37568K(192000K) Eden: 37376K(37376K)->0K(41472K) From: 1068K(155136K)->37568K(150528K)
[22.404s][info][gc,heap        ] GC(232) ParOldGen: 3315519K(3689472K)->3316631K(3689472K)
[22.404s][info][gc,metaspace   ] GC(232) Metaspace: 6302K(6528K)->6302K(6528K) NonClass: 5769K(5888K)->5769K(5888K) Class: 533K(640K)->533K(640K)
[22.404s][info][gc             ] GC(232) Pause Young (Allocation Failure) 3275M->3275M(3790M) 163.538ms
[22.404s][info][gc,cpu         ] GC(232) User=1.00s Sys=0.00s Real=0.16s
[22.448s][info][gc,start       ] GC(233) Pause Young (Allocation Failure)
[22.507s][info][gc,heap        ] GC(233) PSYoungGen: 79040K(192000K)->79040K(120832K) Eden: 41472K(41472K)->0K(41472K) From: 37568K(150528K)->79040K(79360K)
[22.507s][info][gc,heap        ] GC(233) ParOldGen: 3316631K(3689472K)->3316631K(3689472K)
[22.507s][info][gc,metaspace   ] GC(233) Metaspace: 6302K(6528K)->6302K(6528K) NonClass: 5769K(5888K)->5769K(5888K) Class: 533K(640K)->533K(640K)
[22.507s][info][gc             ] GC(233) Pause Young (Allocation Failure) 3316M->3316M(3721M) 58.545ms
[22.507s][info][gc,cpu         ] GC(233) User=0.19s Sys=0.00s Real=0.06s
[22.551s][info][gc,start       ] GC(234) Pause Young (Allocation Failure)
[22.620s][info][gc,heap        ] GC(234) PSYoungGen: 120512K(120832K)->83232K(187904K) Eden: 41472K(41472K)->0K(46592K) From: 79040K(79360K)->83232K(141312K)
[22.620s][info][gc,heap        ] GC(234) ParOldGen: 3316631K(3689472K)->3354327K(3689472K)
[22.620s][info][gc,metaspace   ] GC(234) Metaspace: 6302K(6528K)->6302K(6528K) NonClass: 5769K(5888K)->5769K(5888K) Class: 533K(640K)->533K(640K)
[22.620s][info][gc             ] GC(234) Pause Young (Allocation Failure) 3356M->3356M(3786M) 69.287ms
[22.620s][info][gc,cpu         ] GC(234) User=0.28s Sys=0.00s Real=0.07s
[22.667s][info][gc,start       ] GC(235) Pause Young (Allocation Failure)
[22.740s][info][gc,heap        ] GC(235) PSYoungGen: 129824K(187904K)->88320K(190976K) Eden: 46592K(46592K)->0K(46592K) From: 83232K(141312K)->88320K(144384K)
[22.740s][info][gc,heap        ] GC(235) ParOldGen: 3354327K(3689472K)->3396175K(3689472K)
[22.740s][info][gc,metaspace   ] GC(235) Metaspace: 6302K(6528K)->6302K(6528K) NonClass: 5769K(5888K)->5769K(5888K) Class: 533K(640K)->533K(640K)
[22.740s][info][gc             ] GC(235) Pause Young (Allocation Failure) 3402M->3402M(3789M) 73.855ms
[22.740s][info][gc,cpu         ] GC(235) User=0.27s Sys=0.00s Real=0.07s
[22.784s][info][gc,start       ] GC(236) Pause Young (Allocation Failure)
[22.857s][info][gc,heap        ] GC(236) PSYoungGen: 134912K(190976K)->93440K(195072K) Eden: 46592K(46592K)->0K(52224K) From: 88320K(144384K)->93440K(142848K)
[22.857s][info][gc,heap        ] GC(236) ParOldGen: 3396175K(3689472K)->3438023K(3689472K)
[22.857s][info][gc,metaspace   ] GC(236) Metaspace: 6302K(6528K)->6302K(6528K) NonClass: 5769K(5888K)->5769K(5888K) Class: 533K(640K)->533K(640K)
[22.857s][info][gc             ] GC(236) Pause Young (Allocation Failure) 3448M->3448M(3793M) 73.159ms
[22.857s][info][gc,cpu         ] GC(236) User=0.30s Sys=0.02s Real=0.07s
[22.909s][info][gc,start       ] GC(237) Pause Young (Allocation Failure)
[22.986s][info][gc,heap        ] GC(237) PSYoungGen: 145664K(195072K)->99136K(195072K) Eden: 52224K(52224K)->0K(52224K) From: 93440K(142848K)->99136K(142848K)
[22.986s][info][gc,heap        ] GC(237) ParOldGen: 3438023K(3689472K)->3485031K(3689472K)
[22.986s][info][gc,metaspace   ] GC(237) Metaspace: 6302K(6528K)->6302K(6528K) NonClass: 5769K(5888K)->5769K(5888K) Class: 533K(640K)->533K(640K)
[22.986s][info][gc             ] GC(237) Pause Young (Allocation Failure) 3499M->3500M(3793M) 76.710ms
[22.986s][info][gc,cpu         ] GC(237) User=0.33s Sys=0.00s Real=0.08s
[23.043s][info][gc,start       ] GC(238) Pause Young (Allocation Failure)
[23.121s][info][gc,heap        ] GC(238) PSYoungGen: 151360K(195072K)->104768K(201216K) Eden: 52224K(52224K)->0K(56320K) From: 99136K(142848K)->104768K(144896K)
[23.121s][info][gc,heap        ] GC(238) ParOldGen: 3485031K(3689472K)->3532047K(3689472K)
[23.121s][info][gc,metaspace   ] GC(238) Metaspace: 6302K(6528K)->6302K(6528K) NonClass: 5769K(5888K)->5769K(5888K) Class: 533K(640K)->533K(640K)
[23.121s][info][gc             ] GC(238) Pause Young (Allocation Failure) 3551M->3551M(3799M) 78.063ms
[23.121s][info][gc,cpu         ] GC(238) User=0.61s Sys=0.02s Real=0.08s
[23.183s][info][gc,start       ] GC(239) Pause Young (Allocation Failure)
[23.268s][info][gc,heap        ] GC(239) PSYoungGen: 161088K(201216K)->108800K(203776K) Eden: 56320K(56320K)->0K(56320K) From: 104768K(144896K)->108800K(147456K)
[23.268s][info][gc,heap        ] GC(239) ParOldGen: 3532047K(3689472K)->3584743K(3689472K)
[23.268s][info][gc,metaspace   ] GC(239) Metaspace: 6302K(6528K)->6302K(6528K) NonClass: 5769K(5888K)->5769K(5888K) Class: 533K(640K)->533K(640K)
[23.268s][info][gc             ] GC(239) Pause Young (Allocation Failure) 3606M->3606M(3802M) 84.775ms
[23.268s][info][gc,cpu         ] GC(239) User=0.53s Sys=0.00s Real=0.09s
[23.322s][info][gc,start       ] GC(240) Pause Young (Allocation Failure)
[23.407s][info][gc,heap        ] GC(240) PSYoungGen: 165120K(203776K)->112928K(209920K) Eden: 56320K(56320K)->0K(58880K) From: 108800K(147456K)->112928K(151040K)
[23.407s][info][gc,heap        ] GC(240) ParOldGen: 3584743K(3689472K)->3637439K(3689472K)
[23.408s][info][gc,metaspace   ] GC(240) Metaspace: 6302K(6528K)->6302K(6528K) NonClass: 5769K(5888K)->5769K(5888K) Class: 533K(640K)->533K(640K)
[23.408s][info][gc             ] GC(240) Pause Young (Allocation Failure) 3661M->3662M(3808M) 85.307ms
[23.408s][info][gc,cpu         ] GC(240) User=0.58s Sys=0.05s Real=0.09s
[23.408s][info][gc,start       ] GC(241) Pause Full (Ergonomics)
[23.408s][info][gc,phases,start] GC(241) Marking Phase
[24.243s][info][gc,phases      ] GC(241) Marking Phase 835.481ms
[24.243s][info][gc,phases,start] GC(241) Summary Phase
[24.243s][info][gc,phases      ] GC(241) Summary Phase 0.054ms
[24.243s][info][gc,phases,start] GC(241) Adjust Roots
[24.243s][info][gc,phases      ] GC(241) Adjust Roots 0.164ms
[24.243s][info][gc,phases,start] GC(241) Compaction Phase
[24.635s][info][gc,phases      ] GC(241) Compaction Phase 391.165ms
[24.635s][info][gc,phases,start] GC(241) Post Compact
[24.642s][info][gc,phases      ] GC(241) Post Compact 6.922ms
[24.643s][info][gc,heap        ] GC(241) PSYoungGen: 112928K(209920K)->57902K(209920K) Eden: 0K(58880K)->0K(58880K) From: 112928K(151040K)->57902K(151040K)
[24.643s][info][gc,heap        ] GC(241) ParOldGen: 3637439K(3689472K)->3689001K(4088832K)
[24.643s][info][gc,metaspace   ] GC(241) Metaspace: 6302K(6528K)->6302K(6528K) NonClass: 5769K(5888K)->5769K(5888K) Class: 533K(640K)->533K(640K)
[24.643s][info][gc             ] GC(241) Pause Full (Ergonomics) 3662M->3659M(4198M) 1235.419ms
[24.643s][info][gc,cpu         ] GC(241) User=8.94s Sys=0.03s Real=1.24s
[24.698s][info][gc,start       ] GC(242) Pause Young (Allocation Failure)
[24.912s][info][gc,heap        ] GC(242) PSYoungGen: 116782K(209920K)->86176K(145408K) Eden: 58880K(58880K)->0K(58880K) From: 57902K(151040K)->86176K(86528K)
[24.912s][info][gc,heap        ] GC(242) ParOldGen: 3689001K(4088832K)->3720257K(4088832K)
[24.912s][info][gc,metaspace   ] GC(242) Metaspace: 6302K(6528K)->6302K(6528K) NonClass: 5769K(5888K)->5769K(5888K) Class: 533K(640K)->533K(640K)
[24.912s][info][gc             ] GC(242) Pause Young (Allocation Failure) 3716M->3717M(4135M) 213.629ms
[24.912s][info][gc,cpu         ] GC(242) User=1.58s Sys=0.05s Real=0.21s
[24.973s][info][gc,start       ] GC(243) Pause Young (Allocation Failure)
[25.050s][info][gc,heap        ] GC(243) PSYoungGen: 145056K(145408K)->145088K(197632K) Eden: 58880K(58880K)->0K(49152K) From: 86176K(86528K)->145088K(148480K)
[25.050s][info][gc,heap        ] GC(243) ParOldGen: 3720257K(4088832K)->3720257K(4088832K)
[25.050s][info][gc,metaspace   ] GC(243) Metaspace: 6302K(6528K)->6302K(6528K) NonClass: 5769K(5888K)->5769K(5888K) Class: 533K(640K)->533K(640K)
[25.050s][info][gc             ] GC(243) Pause Young (Allocation Failure) 3774M->3774M(4186M) 76.680ms
[25.050s][info][gc,cpu         ] GC(243) User=0.55s Sys=0.05s Real=0.08s
[25.104s][info][gc,start       ] GC(244) Pause Young (Allocation Failure)
[25.199s][info][gc,heap        ] GC(244) PSYoungGen: 194240K(197632K)->163840K(212992K) Eden: 49152K(49152K)->0K(49152K) From: 145088K(148480K)->163840K(163840K)
[25.199s][info][gc,heap        ] GC(244) ParOldGen: 3720257K(4088832K)->3750865K(4088832K)
[25.199s][info][gc,metaspace   ] GC(244) Metaspace: 6302K(6528K)->6302K(6528K) NonClass: 5769K(5888K)->5769K(5888K) Class: 533K(640K)->533K(640K)
[25.199s][info][gc             ] GC(244) Pause Young (Allocation Failure) 3822M->3822M(4201M) 94.388ms
[25.199s][info][gc,cpu         ] GC(244) User=0.61s Sys=0.02s Real=0.09s
[25.248s][info][gc,start       ] GC(245) Pause Young (Allocation Failure)
[25.360s][info][gc,heap        ] GC(245) PSYoungGen: 212992K(212992K)->97280K(233984K) Eden: 49152K(49152K)->0K(55296K) From: 163840K(163840K)->97280K(178688K)
[25.360s][info][gc,heap        ] GC(245) ParOldGen: 3750865K(4088832K)->3867657K(4088832K)
[25.360s][info][gc,metaspace   ] GC(245) Metaspace: 6302K(6528K)->6302K(6528K) NonClass: 5769K(5888K)->5769K(5888K) Class: 533K(640K)->533K(640K)
[25.360s][info][gc             ] GC(245) Pause Young (Allocation Failure) 3870M->3872M(4221M) 111.765ms
[25.360s][info][gc,cpu         ] GC(245) User=0.73s Sys=0.03s Real=0.11s
[25.418s][info][gc,start       ] GC(246) Pause Young (Allocation Failure)
[25.498s][info][gc,heap        ] GC(246) PSYoungGen: 152576K(233984K)->104768K(160256K) Eden: 55296K(55296K)->0K(55296K) From: 97280K(178688K)->104768K(104960K)
[25.499s][info][gc,heap        ] GC(246) ParOldGen: 3867657K(4088832K)->3915921K(4088832K)
[25.499s][info][gc,metaspace   ] GC(246) Metaspace: 6302K(6528K)->6302K(6528K) NonClass: 5769K(5888K)->5769K(5888K) Class: 533K(640K)->533K(640K)
[25.499s][info][gc             ] GC(246) Pause Young (Allocation Failure) 3926M->3926M(4149M) 80.563ms
[25.499s][info][gc,cpu         ] GC(246) User=0.59s Sys=0.03s Real=0.08s
[25.557s][info][gc,start       ] GC(247) Pause Young (Allocation Failure)
[25.640s][info][gc,heap        ] GC(247) PSYoungGen: 160064K(160256K)->110880K(231424K) Eden: 55296K(55296K)->0K(61952K) From: 104768K(104960K)->110880K(169472K)
[25.640s][info][gc,heap        ] GC(247) ParOldGen: 3915921K(4088832K)->3965545K(4088832K)
[25.640s][info][gc,metaspace   ] GC(247) Metaspace: 6302K(6528K)->6302K(6528K) NonClass: 5769K(5888K)->5769K(5888K) Class: 533K(640K)->533K(640K)
[25.640s][info][gc             ] GC(247) Pause Young (Allocation Failure) 3980M->3980M(4219M) 82.963ms
[25.640s][info][gc,cpu         ] GC(247) User=0.53s Sys=0.00s Real=0.08s
[25.713s][info][gc,start       ] GC(248) Pause Young (Allocation Failure)
[25.814s][info][gc,heap        ] GC(248) PSYoungGen: 172832K(231424K)->117568K(236032K) Eden: 61952K(61952K)->0K(61952K) From: 110880K(169472K)->117568K(174080K)
[25.814s][info][gc,heap        ] GC(248) ParOldGen: 3965545K(4088832K)->4021353K(4088832K)
[25.814s][info][gc,metaspace   ] GC(248) Metaspace: 6302K(6528K)->6302K(6528K) NonClass: 5769K(5888K)->5769K(5888K) Class: 533K(640K)->533K(640K)
[25.814s][info][gc             ] GC(248) Pause Young (Allocation Failure) 4041M->4041M(4223M) 101.131ms
[25.814s][info][gc,cpu         ] GC(248) User=0.36s Sys=0.05s Real=0.10s
[25.814s][info][gc,start       ] GC(249) Pause Full (Ergonomics)
[25.814s][info][gc,phases,start] GC(249) Marking Phase
[26.745s][info][gc,phases      ] GC(249) Marking Phase 931.599ms
[26.746s][info][gc,phases,start] GC(249) Summary Phase
[26.746s][info][gc,phases      ] GC(249) Summary Phase 0.053ms
[26.746s][info][gc,phases,start] GC(249) Adjust Roots
[26.746s][info][gc,phases      ] GC(249) Adjust Roots 0.194ms
[26.746s][info][gc,phases,start] GC(249) Compaction Phase
[27.141s][info][gc,phases      ] GC(249) Compaction Phase 395.106ms
[27.141s][info][gc,phases,start] GC(249) Post Compact
[27.147s][info][gc,phases      ] GC(249) Post Compact 6.206ms
[27.149s][info][gc,heap        ] GC(249) PSYoungGen: 117568K(236032K)->46661K(236032K) Eden: 0K(61952K)->0K(61952K) From: 117568K(174080K)->46661K(174080K)
[27.149s][info][gc,heap        ] GC(249) ParOldGen: 4021353K(4088832K)->4088644K(4532224K)
[27.149s][info][gc,metaspace   ] GC(249) Metaspace: 6302K(6528K)->6302K(6528K) NonClass: 5769K(5888K)->5769K(5888K) Class: 533K(640K)->533K(640K)
[27.149s][info][gc             ] GC(249) Pause Full (Ergonomics) 4041M->4038M(4656M) 1334.910ms
[27.149s][info][gc,cpu         ] GC(249) User=9.80s Sys=0.06s Real=1.33s
[27.210s][info][gc,start       ] GC(250) Pause Young (Allocation Failure)
[27.446s][info][gc,heap        ] GC(250) PSYoungGen: 108613K(236032K)->88800K(230912K) Eden: 61952K(61952K)->0K(68096K) From: 46661K(174080K)->88800K(162816K)
[27.447s][info][gc,heap        ] GC(250) ParOldGen: 4088644K(4532224K)->4109020K(4532224K)
[27.447s][info][gc,metaspace   ] GC(250) Metaspace: 6302K(6528K)->6302K(6528K) NonClass: 5769K(5888K)->5769K(5888K) Class: 533K(640K)->533K(640K)
[27.447s][info][gc             ] GC(250) Pause Young (Allocation Failure) 4098M->4099M(4651M) 236.762ms
[27.447s][info][gc,cpu         ] GC(250) User=1.50s Sys=0.06s Real=0.24s
[27.517s][info][gc,start       ] GC(251) Pause Young (Allocation Failure)
[27.602s][info][gc,heap        ] GC(251) PSYoungGen: 156896K(230912K)->156992K(236544K) Eden: 68096K(68096K)->0K(68096K) From: 88800K(162816K)->156992K(168448K)
[27.602s][info][gc,heap        ] GC(251) ParOldGen: 4109020K(4532224K)->4109020K(4532224K)
[27.602s][info][gc,metaspace   ] GC(251) Metaspace: 6302K(6528K)->6302K(6528K) NonClass: 5769K(5888K)->5769K(5888K) Class: 533K(640K)->533K(640K)
[27.602s][info][gc             ] GC(251) Pause Young (Allocation Failure) 4165M->4166M(4657M) 84.762ms
[27.602s][info][gc,cpu         ] GC(251) User=0.53s Sys=0.00s Real=0.09s
[27.687s][info][gc,start       ] GC(252) Pause Young (Allocation Failure)
[27.812s][info][gc,heap        ] GC(252) PSYoungGen: 225088K(236544K)->181760K(221184K) Eden: 68096K(68096K)->0K(39424K) From: 156992K(168448K)->181760K(181760K)
[27.812s][info][gc,heap        ] GC(252) ParOldGen: 4109020K(4532224K)->4152636K(4532224K)
[27.812s][info][gc,metaspace   ] GC(252) Metaspace: 6302K(6528K)->6302K(6528K) NonClass: 5769K(5888K)->5769K(5888K) Class: 533K(640K)->533K(640K)
[27.812s][info][gc             ] GC(252) Pause Young (Allocation Failure) 4232M->4232M(4642M) 125.807ms
[27.812s][info][gc,cpu         ] GC(252) User=0.83s Sys=0.00s Real=0.13s
[27.858s][info][gc,start       ] GC(253) Pause Young (Allocation Failure)
[27.969s][info][gc,heap        ] GC(253) PSYoungGen: 221184K(221184K)->152000K(257024K) Eden: 39424K(39424K)->0K(39424K) From: 181760K(181760K)->152000K(217600K)
[27.969s][info][gc,heap        ] GC(253) ParOldGen: 4152636K(4532224K)->4222540K(4532224K)
[27.969s][info][gc,metaspace   ] GC(253) Metaspace: 6302K(6528K)->6302K(6528K) NonClass: 5769K(5888K)->5769K(5888K) Class: 533K(640K)->533K(640K)
[27.969s][info][gc             ] GC(253) Pause Young (Allocation Failure) 4271M->4272M(4677M) 111.758ms
[27.969s][info][gc,cpu         ] GC(253) User=0.72s Sys=0.03s Real=0.11s
[28.012s][info][gc,start       ] GC(254) Pause Young (Allocation Failure)
[28.109s][info][gc,heap        ] GC(254) PSYoungGen: 191424K(257024K)->140960K(258048K) Eden: 39424K(39424K)->0K(44544K) From: 152000K(217600K)->140960K(213504K)
[28.109s][info][gc,heap        ] GC(254) ParOldGen: 4222540K(4532224K)->4273436K(4532224K)
[28.109s][info][gc,metaspace   ] GC(254) Metaspace: 6302K(6528K)->6302K(6528K) NonClass: 5769K(5888K)->5769K(5888K) Class: 533K(640K)->533K(640K)
[28.109s][info][gc             ] GC(254) Pause Young (Allocation Failure) 4310M->4310M(4678M) 96.524ms
[28.109s][info][gc,cpu         ] GC(254) User=0.75s Sys=0.00s Real=0.10s
[28.153s][info][gc,start       ] GC(255) Pause Young (Allocation Failure)
[28.252s][info][gc,heap        ] GC(255) PSYoungGen: 185504K(258048K)->84224K(261120K) Eden: 44544K(44544K)->0K(44544K) From: 140960K(213504K)->84224K(216576K)
[28.252s][info][gc,heap        ] GC(255) ParOldGen: 4273436K(4532224K)->4375492K(4532224K)
[28.252s][info][gc,metaspace   ] GC(255) Metaspace: 6302K(6528K)->6302K(6528K) NonClass: 5769K(5888K)->5769K(5888K) Class: 533K(640K)->533K(640K)
[28.252s][info][gc             ] GC(255) Pause Young (Allocation Failure) 4354M->4355M(4681M) 98.944ms
[28.252s][info][gc,cpu         ] GC(255) User=0.73s Sys=0.05s Real=0.10s
[28.298s][info][gc,start       ] GC(256) Pause Young (Allocation Failure)
[28.372s][info][gc,heap        ] GC(256) PSYoungGen: 128768K(261120K)->44768K(261632K) Eden: 44544K(44544K)->0K(47104K) From: 84224K(216576K)->44768K(214528K)
[28.372s][info][gc,heap        ] GC(256) ParOldGen: 4375492K(4532224K)->4460188K(4532224K)
[28.372s][info][gc,metaspace   ] GC(256) Metaspace: 6302K(6528K)->6302K(6528K) NonClass: 5769K(5888K)->5769K(5888K) Class: 533K(640K)->533K(640K)
[28.372s][info][gc             ] GC(256) Pause Young (Allocation Failure) 4398M->4399M(4681M) 73.923ms
[28.372s][info][gc,cpu         ] GC(256) User=0.45s Sys=0.05s Real=0.07s
[28.372s][info][gc,start       ] GC(257) Pause Full (Ergonomics)
[28.372s][info][gc,phases,start] GC(257) Marking Phase
[29.369s][info][gc,phases      ] GC(257) Marking Phase 996.643ms
[29.369s][info][gc,phases,start] GC(257) Summary Phase
[29.369s][info][gc,phases      ] GC(257) Summary Phase 0.073ms
[29.369s][info][gc,phases,start] GC(257) Adjust Roots
[29.369s][info][gc,phases      ] GC(257) Adjust Roots 0.159ms
[29.369s][info][gc,phases,start] GC(257) Compaction Phase
[29.757s][info][gc,phases      ] GC(257) Compaction Phase 387.728ms
[29.757s][info][gc,phases,start] GC(257) Post Compact
[29.764s][info][gc,phases      ] GC(257) Post Compact 6.918ms
[29.765s][info][gc,heap        ] GC(257) PSYoungGen: 44768K(261632K)->0K(265216K) Eden: 0K(47104K)->0K(47104K) From: 44768K(214528K)->0K(218112K)
[29.765s][info][gc,heap        ] GC(257) ParOldGen: 4460188K(4532224K)->4501166K(5004800K)
[29.765s][info][gc,metaspace   ] GC(257) Metaspace: 6302K(6528K)->6302K(6528K) NonClass: 5769K(5888K)->5769K(5888K) Class: 533K(640K)->533K(640K)
[29.765s][info][gc             ] GC(257) Pause Full (Ergonomics) 4399M->4395M(5146M) 1393.257ms
[29.765s][info][gc,cpu         ] GC(257) User=10.70s Sys=0.06s Real=1.39s
[29.822s][info][gc,start       ] GC(258) Pause Young (Allocation Failure)
[29.871s][info][gc,heap        ] GC(258) PSYoungGen: 47104K(265216K)->47296K(269824K) Eden: 47104K(47104K)->0K(51712K) From: 0K(218112K)->47296K(218112K)
[29.871s][info][gc,heap        ] GC(258) ParOldGen: 4501166K(5004800K)->4501166K(5004800K)
[29.871s][info][gc,metaspace   ] GC(258) Metaspace: 6302K(6528K)->6302K(6528K) NonClass: 5769K(5888K)->5769K(5888K) Class: 533K(640K)->533K(640K)
[29.871s][info][gc             ] GC(258) Pause Young (Allocation Failure) 4441M->4441M(5151M) 49.119ms
[29.871s][info][gc,cpu         ] GC(258) User=0.17s Sys=0.00s Real=0.05s
[29.933s][info][gc,start       ] GC(259) Pause Young (Allocation Failure)
[29.998s][info][gc,heap        ] GC(259) PSYoungGen: 99008K(269824K)->99136K(151040K) Eden: 51712K(51712K)->0K(51712K) From: 47296K(218112K)->99136K(99328K)
[29.998s][info][gc,heap        ] GC(259) ParOldGen: 4501166K(5004800K)->4501166K(5004800K)
[29.998s][info][gc,metaspace   ] GC(259) Metaspace: 6302K(6528K)->6302K(6528K) NonClass: 5769K(5888K)->5769K(5888K) Class: 533K(640K)->533K(640K)
[29.998s][info][gc             ] GC(259) Pause Young (Allocation Failure) 4492M->4492M(5035M) 64.590ms
[29.998s][info][gc,cpu         ] GC(259) User=0.27s Sys=0.00s Real=0.06s
[30.056s][info][gc,start       ] GC(260) Pause Young (Allocation Failure)
[30.135s][info][gc,heap        ] GC(260) PSYoungGen: 150848K(151040K)->150848K(259584K) Eden: 51712K(51712K)->0K(50688K) From: 99136K(99328K)->150848K(208896K)
[30.136s][info][gc,heap        ] GC(260) ParOldGen: 4501166K(5004800K)->4501166K(5004800K)
[30.136s][info][gc,metaspace   ] GC(260) Metaspace: 6302K(6528K)->6302K(6528K) NonClass: 5769K(5888K)->5769K(5888K) Class: 533K(640K)->533K(640K)
[30.136s][info][gc             ] GC(260) Pause Young (Allocation Failure) 4542M->4542M(5141M) 79.864ms
[30.136s][info][gc,cpu         ] GC(260) User=0.52s Sys=0.00s Real=0.08s
[30.193s][info][gc,start       ] GC(261) Pause Young (Allocation Failure)
[30.295s][info][gc,heap        ] GC(261) PSYoungGen: 201536K(259584K)->154496K(266240K) Eden: 50688K(50688K)->0K(50688K) From: 150848K(208896K)->154496K(215552K)
[30.295s][info][gc,heap        ] GC(261) ParOldGen: 4501166K(5004800K)->4548702K(5004800K)
[30.295s][info][gc,metaspace   ] GC(261) Metaspace: 6302K(6528K)->6302K(6528K) NonClass: 5769K(5888K)->5769K(5888K) Class: 533K(640K)->533K(640K)
[30.295s][info][gc             ] GC(261) Pause Young (Allocation Failure) 4592M->4592M(5147M) 102.727ms
[30.295s][info][gc,cpu         ] GC(261) User=0.64s Sys=0.02s Real=0.10s
[30.353s][info][gc,start       ] GC(262) Pause Young (Allocation Failure)
[30.456s][info][gc,heap        ] GC(262) PSYoungGen: 205184K(266240K)->153472K(273920K) Eden: 50688K(50688K)->0K(52736K) From: 154496K(215552K)->153472K(221184K)
[30.456s][info][gc,heap        ] GC(262) ParOldGen: 4548702K(5004800K)->4600878K(5004800K)
[30.456s][info][gc,metaspace   ] GC(262) Metaspace: 6302K(6528K)->6302K(6528K) NonClass: 5769K(5888K)->5769K(5888K) Class: 533K(640K)->533K(640K)
[30.456s][info][gc             ] GC(262) Pause Young (Allocation Failure) 4642M->4642M(5155M) 103.414ms
[30.456s][info][gc,cpu         ] GC(262) User=0.64s Sys=0.02s Real=0.10s
[30.520s][info][gc,start       ] GC(263) Pause Young (Allocation Failure)
[30.624s][info][gc,heap        ] GC(263) PSYoungGen: 206208K(273920K)->154464K(277504K) Eden: 52736K(52736K)->0K(52736K) From: 153472K(221184K)->154464K(224768K)
[30.624s][info][gc,heap        ] GC(263) ParOldGen: 4600878K(5004800K)->4653054K(5004800K)
[30.624s][info][gc,metaspace   ] GC(263) Metaspace: 6302K(6528K)->6302K(6528K) NonClass: 5769K(5888K)->5769K(5888K) Class: 533K(640K)->533K(640K)
[30.624s][info][gc             ] GC(263) Pause Young (Allocation Failure) 4694M->4694M(5158M) 103.634ms
[30.624s][info][gc,cpu         ] GC(263) User=0.75s Sys=0.00s Real=0.10s
[30.680s][info][gc,start       ] GC(264) Pause Young (Allocation Failure)
[30.786s][info][gc,heap        ] GC(264) PSYoungGen: 207200K(277504K)->156544K(284672K) Eden: 52736K(52736K)->0K(57344K) From: 154464K(224768K)->156544K(227328K)
[30.786s][info][gc,heap        ] GC(264) ParOldGen: 4653054K(5004800K)->4704190K(5004800K)
[30.786s][info][gc,metaspace   ] GC(264) Metaspace: 6302K(6528K)->6302K(6528K) NonClass: 5769K(5888K)->5769K(5888K) Class: 533K(640K)->533K(640K)
[30.786s][info][gc             ] GC(264) Pause Young (Allocation Failure) 4746M->4746M(5165M) 106.629ms
[30.786s][info][gc,cpu         ] GC(264) User=0.70s Sys=0.02s Real=0.11s
[30.847s][info][gc,start       ] GC(265) Pause Young (Allocation Failure)
[30.962s][info][gc,heap        ] GC(265) PSYoungGen: 213888K(284672K)->110336K(286720K) Eden: 57344K(57344K)->0K(57344K) From: 156544K(227328K)->110336K(229376K)
[30.962s][info][gc,heap        ] GC(265) ParOldGen: 4704190K(5004800K)->4808534K(5004800K)
[30.962s][info][gc,metaspace   ] GC(265) Metaspace: 6302K(6528K)->6302K(6528K) NonClass: 5769K(5888K)->5769K(5888K) Class: 533K(640K)->533K(640K)
[30.962s][info][gc             ] GC(265) Pause Young (Allocation Failure) 4802M->4803M(5167M) 114.977ms
[30.962s][info][gc,cpu         ] GC(265) User=0.69s Sys=0.08s Real=0.11s
[31.020s][info][gc,start       ] GC(266) Pause Young (Allocation Failure)
[31.110s][info][gc,heap        ] GC(266) PSYoungGen: 167680K(286720K)->57600K(285184K) Eden: 57344K(57344K)->0K(63488K) From: 110336K(229376K)->57600K(221696K)
[31.110s][info][gc,heap        ] GC(266) ParOldGen: 4808534K(5004800K)->4919590K(5004800K)
[31.110s][info][gc,metaspace   ] GC(266) Metaspace: 6302K(6528K)->6302K(6528K) NonClass: 5769K(5888K)->5769K(5888K) Class: 533K(640K)->533K(640K)
[31.110s][info][gc             ] GC(266) Pause Young (Allocation Failure) 4859M->4860M(5166M) 89.838ms
[31.110s][info][gc,cpu         ] GC(266) User=0.59s Sys=0.03s Real=0.09s
[31.110s][info][gc,start       ] GC(267) Pause Full (Ergonomics)
[31.110s][info][gc,phases,start] GC(267) Marking Phase
[32.261s][info][gc,phases      ] GC(267) Marking Phase 1151.117ms
[32.261s][info][gc,phases,start] GC(267) Summary Phase
[32.261s][info][gc,phases      ] GC(267) Summary Phase 0.094ms
[32.261s][info][gc,phases,start] GC(267) Adjust Roots
[32.262s][info][gc,phases      ] GC(267) Adjust Roots 0.210ms
[32.262s][info][gc,phases,start] GC(267) Compaction Phase
[32.671s][info][gc,phases      ] GC(267) Compaction Phase 409.045ms
[32.671s][info][gc,phases,start] GC(267) Post Compact
[32.678s][info][gc,phases      ] GC(267) Post Compact 7.534ms
[32.680s][info][gc,heap        ] GC(267) PSYoungGen: 57600K(285184K)->0K(286720K) Eden: 0K(63488K)->0K(63488K) From: 57600K(221696K)->0K(223232K)
[32.680s][info][gc,heap        ] GC(267) ParOldGen: 4919590K(5004800K)->4972953K(5532160K)
[32.680s][info][gc,metaspace   ] GC(267) Metaspace: 6302K(6528K)->6302K(6528K) NonClass: 5769K(5888K)->5769K(5888K) Class: 533K(640K)->533K(640K)
[32.680s][info][gc             ] GC(267) Pause Full (Ergonomics) 4860M->4856M(5682M) 1569.934ms
[32.680s][info][gc,cpu         ] GC(267) User=11.98s Sys=0.02s Real=1.57s
[32.753s][info][gc,start       ] GC(268) Pause Young (Allocation Failure)
[32.808s][info][gc,heap        ] GC(268) PSYoungGen: 63488K(286720K)->63712K(288768K) Eden: 63488K(63488K)->0K(69632K) From: 0K(223232K)->63712K(219136K)
[32.808s][info][gc,heap        ] GC(268) ParOldGen: 4972953K(5532160K)->4972953K(5532160K)
[32.808s][info][gc,metaspace   ] GC(268) Metaspace: 6302K(6528K)->6302K(6528K) NonClass: 5769K(5888K)->5769K(5888K) Class: 533K(640K)->533K(640K)
[32.808s][info][gc             ] GC(268) Pause Young (Allocation Failure) 4918M->4918M(5684M) 54.762ms
[32.808s][info][gc,cpu         ] GC(268) User=0.19s Sys=0.00s Real=0.05s
[32.884s][info][gc,start       ] GC(269) Pause Young (Allocation Failure)
[32.959s][info][gc,heap        ] GC(269) PSYoungGen: 133344K(288768K)->133504K(291840K) Eden: 69632K(69632K)->0K(69632K) From: 63712K(219136K)->133504K(222208K)
[32.959s][info][gc,heap        ] GC(269) ParOldGen: 4972953K(5532160K)->4972953K(5532160K)
[32.960s][info][gc,metaspace   ] GC(269) Metaspace: 6302K(6528K)->6302K(6528K) NonClass: 5769K(5888K)->5769K(5888K) Class: 533K(640K)->533K(640K)
[32.960s][info][gc             ] GC(269) Pause Young (Allocation Failure) 4986M->4986M(5687M) 75.606ms
[32.960s][info][gc,cpu         ] GC(269) User=0.42s Sys=0.00s Real=0.08s
[33.037s][info][gc,start       ] GC(270) Pause Young (Allocation Failure)
[33.140s][info][gc,heap        ] GC(270) PSYoungGen: 203136K(291840K)->203232K(273408K) Eden: 69632K(69632K)->0K(54272K) From: 133504K(222208K)->203232K(219136K)
[33.140s][info][gc,heap        ] GC(270) ParOldGen: 4972953K(5532160K)->4972953K(5532160K)
[33.140s][info][gc,metaspace   ] GC(270) Metaspace: 6302K(6528K)->6302K(6528K) NonClass: 5769K(5888K)->5769K(5888K) Class: 533K(640K)->533K(640K)
[33.140s][info][gc             ] GC(270) Pause Young (Allocation Failure) 5054M->5054M(5669M) 103.680ms
[33.140s][info][gc,cpu         ] GC(270) User=0.64s Sys=0.02s Real=0.10s
[33.204s][info][gc,start       ] GC(271) Pause Young (Allocation Failure)
[33.340s][info][gc,heap        ] GC(271) PSYoungGen: 257504K(273408K)->194016K(295936K) Eden: 54272K(54272K)->0K(54272K) From: 203232K(219136K)->194016K(241664K)
[33.340s][info][gc,heap        ] GC(271) ParOldGen: 4972953K(5532160K)->5037025K(5532160K)
[33.340s][info][gc,metaspace   ] GC(271) Metaspace: 6302K(6528K)->6302K(6528K) NonClass: 5769K(5888K)->5769K(5888K) Class: 533K(640K)->533K(640K)
[33.340s][info][gc             ] GC(271) Pause Young (Allocation Failure) 5107M->5108M(5691M) 135.535ms
[33.340s][info][gc,cpu         ] GC(271) User=0.88s Sys=0.02s Real=0.14s
[33.400s][info][gc,start       ] GC(272) Pause Young (Allocation Failure)
[33.532s][info][gc,heap        ] GC(272) PSYoungGen: 248288K(295936K)->178624K(311296K) Eden: 54272K(54272K)->0K(55296K) From: 194016K(241664K)->178624K(256000K)
[33.532s][info][gc,heap        ] GC(272) ParOldGen: 5037025K(5532160K)->5107313K(5532160K)
[33.532s][info][gc,metaspace   ] GC(272) Metaspace: 6302K(6528K)->6302K(6528K) NonClass: 5769K(5888K)->5769K(5888K) Class: 533K(640K)->533K(640K)
[33.532s][info][gc             ] GC(272) Pause Young (Allocation Failure) 5161M->5162M(5706M) 131.854ms
[33.532s][info][gc,cpu         ] GC(272) User=0.80s Sys=0.12s Real=0.13s
[33.596s][info][gc,start       ] GC(273) Pause Young (Allocation Failure)
[33.721s][info][gc,heap        ] GC(273) PSYoungGen: 233920K(311296K)->164224K(316416K) Eden: 55296K(55296K)->0K(55296K) From: 178624K(256000K)->164224K(261120K)
[33.721s][info][gc,heap        ] GC(273) ParOldGen: 5107313K(5532160K)->5177593K(5532160K)
[33.721s][info][gc,metaspace   ] GC(273) Metaspace: 6302K(6528K)->6302K(6528K) NonClass: 5769K(5888K)->5769K(5888K) Class: 533K(640K)->533K(640K)
[33.721s][info][gc             ] GC(273) Pause Young (Allocation Failure) 5216M->5216M(5711M) 125.181ms
[33.721s][info][gc,cpu         ] GC(273) User=0.77s Sys=0.12s Real=0.12s
[33.783s][info][gc,start       ] GC(274) Pause Young (Allocation Failure)
[33.908s][info][gc,heap        ] GC(274) PSYoungGen: 219520K(316416K)->110848K(306688K) Eden: 55296K(55296K)->0K(62464K) From: 164224K(261120K)->110848K(244224K)
[33.908s][info][gc,heap        ] GC(274) ParOldGen: 5177593K(5532160K)->5287105K(5532160K)
[33.908s][info][gc,metaspace   ] GC(274) Metaspace: 6302K(6528K)->6302K(6528K) NonClass: 5769K(5888K)->5769K(5888K) Class: 533K(640K)->533K(640K)
[33.908s][info][gc             ] GC(274) Pause Young (Allocation Failure) 5270M->5271M(5702M) 125.069ms
[33.908s][info][gc,cpu         ] GC(274) User=0.83s Sys=0.05s Real=0.13s
[33.979s][info][gc,start       ] GC(275) Pause Young (Allocation Failure)
[34.074s][info][gc,heap        ] GC(275) PSYoungGen: 173312K(306688K)->62688K(314368K) Eden: 62464K(62464K)->0K(62464K) From: 110848K(244224K)->62688K(251904K)
[34.074s][info][gc,heap        ] GC(275) ParOldGen: 5287105K(5532160K)->5398697K(5532160K)
[34.074s][info][gc,metaspace   ] GC(275) Metaspace: 6302K(6528K)->6302K(6528K) NonClass: 5769K(5888K)->5769K(5888K) Class: 533K(640K)->533K(640K)
[34.074s][info][gc             ] GC(275) Pause Young (Allocation Failure) 5332M->5333M(5709M) 95.590ms
[34.074s][info][gc,cpu         ] GC(275) User=0.52s Sys=0.12s Real=0.10s
[34.074s][info][gc,start       ] GC(276) Pause Full (Ergonomics)
[34.074s][info][gc,phases,start] GC(276) Marking Phase
[35.306s][info][gc,phases      ] GC(276) Marking Phase 1231.612ms
[35.306s][info][gc,phases,start] GC(276) Summary Phase
[35.306s][info][gc,phases      ] GC(276) Summary Phase 0.095ms
[35.306s][info][gc,phases,start] GC(276) Adjust Roots
[35.306s][info][gc,phases      ] GC(276) Adjust Roots 0.181ms
[35.306s][info][gc,phases,start] GC(276) Compaction Phase
[35.759s][info][gc,phases      ] GC(276) Compaction Phase 452.471ms
[35.759s][info][gc,phases,start] GC(276) Post Compact
[35.768s][info][gc,phases      ] GC(276) Post Compact 9.431ms
[35.770s][info][gc,heap        ] GC(276) PSYoungGen: 62688K(314368K)->0K(323072K) Eden: 0K(62464K)->0K(70656K) From: 62688K(251904K)->0K(252416K)
[35.770s][info][gc,heap        ] GC(276) ParOldGen: 5398697K(5532160K)->5457062K(6083584K)
[35.770s][info][gc,metaspace   ] GC(276) Metaspace: 6302K(6528K)->6302K(6528K) NonClass: 5769K(5888K)->5769K(5888K) Class: 533K(640K)->533K(640K)
[35.770s][info][gc             ] GC(276) Pause Full (Ergonomics) 5333M->5329M(6256M) 1695.866ms
[35.770s][info][gc,cpu         ] GC(276) User=12.84s Sys=0.05s Real=1.69s
[35.852s][info][gc,start       ] GC(277) Pause Young (Allocation Failure)
[35.911s][info][gc,heap        ] GC(277) PSYoungGen: 70656K(323072K)->70880K(323072K) Eden: 70656K(70656K)->0K(70656K) From: 0K(252416K)->70880K(252416K)
[35.911s][info][gc,heap        ] GC(277) ParOldGen: 5457062K(6083584K)->5457062K(6083584K)
[35.911s][info][gc,metaspace   ] GC(277) Metaspace: 6302K(6528K)->6302K(6528K) NonClass: 5769K(5888K)->5769K(5888K) Class: 533K(640K)->533K(640K)
[35.911s][info][gc             ] GC(277) Pause Young (Allocation Failure) 5398M->5398M(6256M) 58.612ms
[35.911s][info][gc,cpu         ] GC(277) User=0.19s Sys=0.00s Real=0.06s
[35.995s][info][gc,start       ] GC(278) Pause Young (Allocation Failure)
[36.073s][info][gc,heap        ] GC(278) PSYoungGen: 141536K(323072K)->141664K(316928K) Eden: 70656K(70656K)->0K(77824K) From: 70880K(252416K)->141664K(239104K)
[36.073s][info][gc,heap        ] GC(278) ParOldGen: 5457062K(6083584K)->5457062K(6083584K)
[36.073s][info][gc,metaspace   ] GC(278) Metaspace: 6302K(6528K)->6302K(6528K) NonClass: 5769K(5888K)->5769K(5888K) Class: 533K(640K)->533K(640K)
[36.073s][info][gc             ] GC(278) Pause Young (Allocation Failure) 5467M->5467M(6250M) 78.039ms
[36.073s][info][gc,cpu         ] GC(278) User=0.50s Sys=0.02s Real=0.08s
[36.159s][info][gc,start       ] GC(279) Pause Young (Allocation Failure)
[36.274s][info][gc,heap        ] GC(279) PSYoungGen: 219488K(316928K)->219616K(322048K) Eden: 77824K(77824K)->0K(77824K) From: 141664K(239104K)->219616K(244224K)
[36.274s][info][gc,heap        ] GC(279) ParOldGen: 5457062K(6083584K)->5457062K(6083584K)
[36.274s][info][gc,metaspace   ] GC(279) Metaspace: 6302K(6528K)->6302K(6528K) NonClass: 5769K(5888K)->5769K(5888K) Class: 533K(640K)->533K(640K)
[36.274s][info][gc             ] GC(279) Pause Young (Allocation Failure) 5543M->5543M(6255M) 115.556ms
[36.274s][info][gc,cpu         ] GC(279) User=0.75s Sys=0.00s Real=0.12s
[36.372s][info][gc,start       ] GC(280) Pause Young (Allocation Failure)
[36.544s][info][gc,heap        ] GC(280) PSYoungGen: 297440K(322048K)->226816K(332800K) Eden: 77824K(77824K)->0K(65024K) From: 219616K(244224K)->226816K(267776K)
[36.544s][info][gc,heap        ] GC(280) ParOldGen: 5457062K(6083584K)->5528342K(6083584K)
[36.544s][info][gc,metaspace   ] GC(280) Metaspace: 6302K(6528K)->6302K(6528K) NonClass: 5769K(5888K)->5769K(5888K) Class: 533K(640K)->533K(640K)
[36.544s][info][gc             ] GC(280) Pause Young (Allocation Failure) 5619M->5620M(6266M) 171.710ms
[36.544s][info][gc,cpu         ] GC(280) User=1.19s Sys=0.08s Real=0.17s
[37.786s][info][gc,start       ] GC(281) Pause Young (Allocation Failure)
[38.047s][info][gc,heap        ] GC(281) PSYoungGen: 291840K(332800K)->221280K(353792K) Eden: 65024K(65024K)->0K(65024K) From: 226816K(267776K)->221280K(288768K)
[38.047s][info][gc,heap        ] GC(281) ParOldGen: 5790486K(6083584K)->5861790K(6083584K)
[38.047s][info][gc,metaspace   ] GC(281) Metaspace: 6302K(6528K)->6302K(6528K) NonClass: 5769K(5888K)->5769K(5888K) Class: 533K(640K)->533K(640K)
[38.047s][info][gc             ] GC(281) Pause Young (Allocation Failure) 5939M->5940M(6286M) 260.452ms
[38.047s][info][gc,cpu         ] GC(281) User=1.84s Sys=0.00s Real=0.26s
[38.119s][info][gc,start       ] GC(282) Pause Young (Allocation Failure)
[38.261s][info][gc,heap        ] GC(282) PSYoungGen: 286304K(353792K)->286336K(339456K) Eden: 65024K(65024K)->0K(36352K) From: 221280K(288768K)->286336K(303104K)
[38.262s][info][gc,heap        ] GC(282) ParOldGen: 5861790K(6083584K)->5861790K(6083584K)
[38.262s][info][gc,metaspace   ] GC(282) Metaspace: 6302K(6528K)->6302K(6528K) NonClass: 5769K(5888K)->5769K(5888K) Class: 533K(640K)->533K(640K)
[38.262s][info][gc             ] GC(282) Pause Young (Allocation Failure) 6003M->6004M(6272M) 142.812ms
[38.262s][info][gc,cpu         ] GC(282) User=0.70s Sys=0.03s Real=0.14s
[38.304s][info][gc,start       ] GC(283) Pause Young (Allocation Failure)
[38.461s][info][gc,heap        ] GC(283) PSYoungGen: 322688K(339456K)->244768K(374272K) Eden: 36352K(36352K)->0K(36352K) From: 286336K(303104K)->244768K(337920K)
[38.461s][info][gc,heap        ] GC(283) ParOldGen: 5861790K(6083584K)->5940326K(6083584K)
[38.461s][info][gc,metaspace   ] GC(283) Metaspace: 6302K(6528K)->6302K(6528K) NonClass: 5769K(5888K)->5769K(5888K) Class: 533K(640K)->533K(640K)
[38.461s][info][gc             ] GC(283) Pause Young (Allocation Failure) 6039M->6040M(6306M) 157.132ms
[38.461s][info][gc,cpu         ] GC(283) User=1.00s Sys=0.05s Real=0.16s
[38.500s][info][gc,start       ] GC(284) Pause Young (Allocation Failure)
[38.642s][info][gc,heap        ] GC(284) PSYoungGen: 281120K(374272K)->203136K(379904K) Eden: 36352K(36352K)->0K(41472K) From: 244768K(337920K)->203136K(338432K)
[38.642s][info][gc,heap        ] GC(284) ParOldGen: 5940326K(6083584K)->6018854K(6083584K)
[38.642s][info][gc,metaspace   ] GC(284) Metaspace: 6302K(6528K)->6302K(6528K) NonClass: 5769K(5888K)->5769K(5888K) Class: 533K(640K)->533K(640K)
[38.642s][info][gc             ] GC(284) Pause Young (Allocation Failure) 6075M->6076M(6312M) 142.257ms
[38.642s][info][gc,cpu         ] GC(284) User=0.70s Sys=0.03s Real=0.14s
[38.642s][info][gc,start       ] GC(285) Pause Full (Ergonomics)
[38.642s][info][gc,phases,start] GC(285) Marking Phase
[40.006s][info][gc,phases      ] GC(285) Marking Phase 1363.940ms
[40.006s][info][gc,phases,start] GC(285) Summary Phase
[40.006s][info][gc,phases      ] GC(285) Summary Phase 0.092ms
[40.006s][info][gc,phases,start] GC(285) Adjust Roots
[40.006s][info][gc,phases      ] GC(285) Adjust Roots 0.209ms
[40.006s][info][gc,phases,start] GC(285) Compaction Phase
[40.946s][info][gc,phases      ] GC(285) Compaction Phase 940.248ms
[40.947s][info][gc,phases,start] GC(285) Post Compact
[40.957s][info][gc,phases      ] GC(285) Post Compact 10.085ms
[40.959s][info][gc,heap        ] GC(285) PSYoungGen: 203136K(379904K)->4387K(385536K) Eden: 0K(41472K)->0K(47104K) From: 203136K(338432K)->4387K(338432K)
[40.959s][info][gc,heap        ] GC(285) ParOldGen: 6018854K(6083584K)->6083209K(6747648K)
[40.959s][info][gc,metaspace   ] GC(285) Metaspace: 6302K(6528K)->6302K(6528K) NonClass: 5769K(5888K)->5769K(5888K) Class: 533K(640K)->533K(640K)
[40.959s][info][gc             ] GC(285) Pause Full (Ergonomics) 6076M->5944M(6966M) 2317.017ms
[40.959s][info][gc,cpu         ] GC(285) User=16.22s Sys=0.11s Real=2.32s
[41.003s][info][gc,start       ] GC(286) Pause Young (Allocation Failure)
[41.297s][info][gc,heap        ] GC(286) PSYoungGen: 51491K(385536K)->50912K(391168K) Eden: 47104K(47104K)->0K(47104K) From: 4387K(338432K)->50912K(344064K)
[41.297s][info][gc,heap        ] GC(286) ParOldGen: 6083209K(6747648K)->6084049K(6747648K)
[41.297s][info][gc,metaspace   ] GC(286) Metaspace: 6302K(6528K)->6302K(6528K) NonClass: 5769K(5888K)->5769K(5888K) Class: 533K(640K)->533K(640K)
[41.297s][info][gc             ] GC(286) Pause Young (Allocation Failure) 5990M->5991M(6971M) 293.471ms
[41.297s][info][gc,cpu         ] GC(286) User=1.80s Sys=0.00s Real=0.29s
[41.347s][info][gc,start       ] GC(287) Pause Young (Allocation Failure)
[41.434s][info][gc,heap        ] GC(287) PSYoungGen: 98016K(391168K)->94432K(388096K) Eden: 47104K(47104K)->0K(52736K) From: 50912K(344064K)->94432K(335360K)
[41.434s][info][gc,heap        ] GC(287) ParOldGen: 6084049K(6747648K)->6087689K(6747648K)
[41.434s][info][gc,metaspace   ] GC(287) Metaspace: 6302K(6528K)->6302K(6528K) NonClass: 5769K(5888K)->5769K(5888K) Class: 533K(640K)->533K(640K)
[41.434s][info][gc             ] GC(287) Pause Young (Allocation Failure) 6037M->6037M(6968M) 86.745ms
[41.434s][info][gc,cpu         ] GC(287) User=0.31s Sys=0.00s Real=0.09s
[41.490s][info][gc,start       ] GC(288) Pause Young (Allocation Failure)
[41.601s][info][gc,heap        ] GC(288) PSYoungGen: 147168K(388096K)->147296K(200192K) Eden: 52736K(52736K)->0K(52736K) From: 94432K(335360K)->147296K(147456K)
[41.601s][info][gc,heap        ] GC(288) ParOldGen: 6087689K(6747648K)->6087689K(6747648K)
[41.601s][info][gc,metaspace   ] GC(288) Metaspace: 6302K(6528K)->6302K(6528K) NonClass: 5769K(5888K)->5769K(5888K) Class: 533K(640K)->533K(640K)
[41.601s][info][gc             ] GC(288) Pause Young (Allocation Failure) 6088M->6088M(6785M) 111.242ms
[41.601s][info][gc,cpu         ] GC(288) User=0.36s Sys=0.00s Real=0.11s
[41.659s][info][gc,start       ] GC(289) Pause Young (Allocation Failure)
[41.783s][info][gc,heap        ] GC(289) PSYoungGen: 200032K(200192K)->152928K(351744K) Eden: 52736K(52736K)->0K(59392K) From: 147296K(147456K)->152928K(292352K)
[41.783s][info][gc,heap        ] GC(289) ParOldGen: 6087689K(6747648K)->6135209K(6747648K)
[41.783s][info][gc,metaspace   ] GC(289) Metaspace: 6302K(6528K)->6302K(6528K) NonClass: 5769K(5888K)->5769K(5888K) Class: 533K(640K)->533K(640K)
[41.783s][info][gc             ] GC(289) Pause Young (Allocation Failure) 6140M->6140M(6933M) 124.471ms
[41.783s][info][gc,cpu         ] GC(289) User=0.36s Sys=0.00s Real=0.12s
[41.846s][info][gc,start       ] GC(290) Pause Young (Allocation Failure)
[41.974s][info][gc,heap        ] GC(290) PSYoungGen: 212320K(351744K)->112448K(172032K) Eden: 59392K(59392K)->0K(59392K) From: 152928K(292352K)->112448K(112640K)
[41.974s][info][gc,heap        ] GC(290) ParOldGen: 6135209K(6747648K)->6235913K(6747648K)
[41.974s][info][gc,metaspace   ] GC(290) Metaspace: 6302K(6528K)->6302K(6528K) NonClass: 5769K(5888K)->5769K(5888K) Class: 533K(640K)->533K(640K)
[41.974s][info][gc             ] GC(290) Pause Young (Allocation Failure) 6198M->6199M(6757M) 127.748ms
[41.974s][info][gc,cpu         ] GC(290) User=0.45s Sys=0.02s Real=0.13s
[42.035s][info][gc,start       ] GC(291) Pause Young (Allocation Failure)
[42.150s][info][gc,heap        ] GC(291) PSYoungGen: 171840K(172032K)->59648K(366592K) Eden: 59392K(59392K)->0K(66560K) From: 112448K(112640K)->59648K(300032K)
[42.150s][info][gc,heap        ] GC(291) ParOldGen: 6235913K(6747648K)->6349017K(6747648K)
[42.151s][info][gc,metaspace   ] GC(291) Metaspace: 6302K(6528K)->6302K(6528K) NonClass: 5769K(5888K)->5769K(5888K) Class: 533K(640K)->533K(640K)
[42.151s][info][gc             ] GC(291) Pause Young (Allocation Failure) 6257M->6258M(6947M) 115.734ms
[42.151s][info][gc,cpu         ] GC(291) User=0.42s Sys=0.03s Real=0.12s
[42.220s][info][gc,start       ] GC(292) Pause Young (Allocation Failure)
[42.320s][info][gc,heap        ] GC(292) PSYoungGen: 126208K(366592K)->66784K(367104K) Eden: 66560K(66560K)->0K(66560K) From: 59648K(300032K)->66784K(300544K)
[42.320s][info][gc,heap        ] GC(292) ParOldGen: 6349017K(6747648K)->6408937K(6747648K)
[42.320s][info][gc,metaspace   ] GC(292) Metaspace: 6302K(6528K)->6302K(6528K) NonClass: 5769K(5888K)->5769K(5888K) Class: 533K(640K)->533K(640K)
[42.320s][info][gc             ] GC(292) Pause Young (Allocation Failure) 6323M->6323M(6948M) 100.172ms
[42.320s][info][gc,cpu         ] GC(292) User=0.28s Sys=0.02s Real=0.10s
[42.396s][info][gc,start       ] GC(293) Pause Young (Allocation Failure)
[42.505s][info][gc,heap        ] GC(293) PSYoungGen: 133344K(367104K)->66848K(363008K) Eden: 66560K(66560K)->0K(74752K) From: 66784K(300544K)->66848K(288256K)
[42.505s][info][gc,heap        ] GC(293) ParOldGen: 6408937K(6747648K)->6476081K(6747648K)
[42.505s][info][gc,metaspace   ] GC(293) Metaspace: 6302K(6528K)->6302K(6528K) NonClass: 5769K(5888K)->5769K(5888K) Class: 533K(640K)->533K(640K)
[42.505s][info][gc             ] GC(293) Pause Young (Allocation Failure) 6388M->6389M(6944M) 108.744ms
[42.505s][info][gc,cpu         ] GC(293) User=0.30s Sys=0.05s Real=0.11s
[42.585s][info][gc,start       ] GC(294) Pause Young (Allocation Failure)
[42.688s][info][gc,heap        ] GC(294) PSYoungGen: 141600K(363008K)->75040K(367616K) Eden: 74752K(74752K)->0K(74752K) From: 66848K(288256K)->75040K(292864K)
[42.689s][info][gc,heap        ] GC(294) ParOldGen: 6476081K(6747648K)->6543233K(6747648K)
[42.689s][info][gc,metaspace   ] GC(294) Metaspace: 6302K(6528K)->6302K(6528K) NonClass: 5769K(5888K)->5769K(5888K) Class: 533K(640K)->533K(640K)
[42.689s][info][gc             ] GC(294) Pause Young (Allocation Failure) 6462M->6463M(6948M) 103.830ms
[42.689s][info][gc,cpu         ] GC(294) User=0.34s Sys=0.02s Real=0.10s
[42.772s][info][gc,start       ] GC(295) Pause Young (Allocation Failure)
[42.887s][info][gc,heap        ] GC(295) PSYoungGen: 149792K(367616K)->75040K(352768K) Eden: 74752K(74752K)->0K(83968K) From: 75040K(292864K)->75040K(268800K)
[42.887s][info][gc,heap        ] GC(295) ParOldGen: 6543233K(6747648K)->6618673K(6747648K)
[42.888s][info][gc,metaspace   ] GC(295) Metaspace: 6302K(6528K)->6302K(6528K) NonClass: 5769K(5888K)->5769K(5888K) Class: 533K(640K)->533K(640K)
[42.888s][info][gc             ] GC(295) Pause Young (Allocation Failure) 6536M->6536M(6934M) 115.689ms
[42.888s][info][gc,cpu         ] GC(295) User=0.41s Sys=0.03s Real=0.12s
[42.888s][info][gc,start       ] GC(296) Pause Full (Ergonomics)
[42.888s][info][gc,phases,start] GC(296) Marking Phase
[44.392s][info][gc,phases      ] GC(296) Marking Phase 1504.434ms
[44.392s][info][gc,phases,start] GC(296) Summary Phase
[44.392s][info][gc,phases      ] GC(296) Summary Phase 0.112ms
[44.392s][info][gc,phases,start] GC(296) Adjust Roots
[44.392s][info][gc,phases      ] GC(296) Adjust Roots 0.194ms
[44.392s][info][gc,phases,start] GC(296) Compaction Phase
[45.079s][info][gc,phases      ] GC(296) Compaction Phase 686.244ms
[45.079s][info][gc,phases,start] GC(296) Post Compact
[45.089s][info][gc,phases      ] GC(296) Post Compact 9.779ms
[45.091s][info][gc,heap        ] GC(296) PSYoungGen: 75040K(352768K)->0K(360960K) Eden: 0K(83968K)->0K(83968K) From: 75040K(268800K)->0K(276992K)
[45.091s][info][gc,heap        ] GC(296) ParOldGen: 6618673K(6747648K)->6688367K(7410176K)
[45.091s][info][gc,metaspace   ] GC(296) Metaspace: 6302K(6528K)->6302K(6528K) NonClass: 5769K(5888K)->5769K(5888K) Class: 533K(640K)->533K(640K)
[45.091s][info][gc             ] GC(296) Pause Full (Ergonomics) 6536M->6531M(7589M) 2203.090ms
[45.091s][info][gc,cpu         ] GC(296) User=15.75s Sys=0.12s Real=2.20s
[45.188s][info][gc,start       ] GC(297) Pause Young (Allocation Failure)
[45.276s][info][gc,heap        ] GC(297) PSYoungGen: 83968K(360960K)->84224K(346624K) Eden: 83968K(83968K)->0K(92160K) From: 0K(276992K)->84224K(254464K)
[45.276s][info][gc,heap        ] GC(297) ParOldGen: 6688367K(7410176K)->6688367K(7410176K)
[45.276s][info][gc,metaspace   ] GC(297) Metaspace: 6302K(6528K)->6302K(6528K) NonClass: 5769K(5888K)->5769K(5888K) Class: 533K(640K)->533K(640K)
[45.276s][info][gc             ] GC(297) Pause Young (Allocation Failure) 6613M->6613M(7575M) 88.633ms
[45.276s][info][gc,cpu         ] GC(297) User=0.31s Sys=0.00s Real=0.09s
[45.370s][info][gc,start       ] GC(298) Pause Young (Allocation Failure)
[45.483s][info][gc,heap        ] GC(298) PSYoungGen: 176384K(346624K)->176544K(358912K) Eden: 92160K(92160K)->0K(92160K) From: 84224K(254464K)->176544K(266752K)
[45.483s][info][gc,heap        ] GC(298) ParOldGen: 6688367K(7410176K)->6688367K(7410176K)
[45.483s][info][gc,metaspace   ] GC(298) Metaspace: 6302K(6528K)->6302K(6528K) NonClass: 5769K(5888K)->5769K(5888K) Class: 533K(640K)->533K(640K)
[45.483s][info][gc             ] GC(298) Pause Young (Allocation Failure) 6703M->6704M(7587M) 113.177ms
[45.483s][info][gc,cpu         ] GC(298) User=0.47s Sys=0.00s Real=0.11s
[45.588s][info][gc,start       ] GC(299) Pause Young (Allocation Failure)
[45.733s][info][gc,heap        ] GC(299) PSYoungGen: 268704K(358912K)->184800K(367104K) Eden: 92160K(92160K)->0K(92672K) From: 176544K(266752K)->184800K(274432K)
[45.733s][info][gc,heap        ] GC(299) ParOldGen: 6688367K(7410176K)->6773087K(7410176K)
[45.733s][info][gc,metaspace   ] GC(299) Metaspace: 6302K(6528K)->6302K(6528K) NonClass: 5769K(5888K)->5769K(5888K) Class: 533K(640K)->533K(640K)
[45.733s][info][gc             ] GC(299) Pause Young (Allocation Failure) 6794M->6794M(7595M) 145.265ms
[45.733s][info][gc,cpu         ] GC(299) User=0.72s Sys=0.02s Real=0.14s
[45.827s][info][gc,start       ] GC(300) Pause Young (Allocation Failure)
[45.973s][info][gc,heap        ] GC(300) PSYoungGen: 277472K(367104K)->185344K(375808K) Eden: 92672K(92672K)->0K(92672K) From: 184800K(274432K)->185344K(283136K)
[45.973s][info][gc,heap        ] GC(300) ParOldGen: 6773087K(7410176K)->6866071K(7410176K)
[45.973s][info][gc,metaspace   ] GC(300) Metaspace: 6302K(6528K)->6302K(6528K) NonClass: 5769K(5888K)->5769K(5888K) Class: 533K(640K)->533K(640K)
[45.973s][info][gc             ] GC(300) Pause Young (Allocation Failure) 6885M->6886M(7603M) 146.590ms
[45.973s][info][gc,cpu         ] GC(300) User=0.84s Sys=0.00s Real=0.15s
[46.066s][info][gc,start       ] GC(301) Pause Young (Allocation Failure)
[46.213s][info][gc,heap        ] GC(301) PSYoungGen: 278016K(375808K)->185824K(387584K) Eden: 92672K(92672K)->0K(98816K) From: 185344K(283136K)->185824K(288768K)
[46.213s][info][gc,heap        ] GC(301) ParOldGen: 6866071K(7410176K)->6959055K(7410176K)
[46.213s][info][gc,metaspace   ] GC(301) Metaspace: 6302K(6528K)->6302K(6528K) NonClass: 5769K(5888K)->5769K(5888K) Class: 533K(640K)->533K(640K)
[46.213s][info][gc             ] GC(301) Pause Young (Allocation Failure) 6976M->6977M(7615M) 146.542ms
[46.213s][info][gc,cpu         ] GC(301) User=0.67s Sys=0.05s Real=0.15s
[46.319s][info][gc,start       ] GC(302) Pause Young (Allocation Failure)
[46.464s][info][gc,heap        ] GC(302) PSYoungGen: 284640K(387584K)->191968K(391680K) Eden: 98816K(98816K)->0K(98816K) From: 185824K(288768K)->191968K(292864K)
[46.464s][info][gc,heap        ] GC(302) ParOldGen: 6959055K(7410176K)->7052575K(7410176K)
[46.464s][info][gc,metaspace   ] GC(302) Metaspace: 6302K(6528K)->6302K(6528K) NonClass: 5769K(5888K)->5769K(5888K) Class: 533K(640K)->533K(640K)
[46.464s][info][gc             ] GC(302) Pause Young (Allocation Failure) 7073M->7074M(7619M) 145.250ms
[46.464s][info][gc,cpu         ] GC(302) User=0.86s Sys=0.05s Real=0.14s
[46.559s][info][gc,start       ] GC(303) Pause Young (Allocation Failure)
[46.707s][info][gc,heap        ] GC(303) PSYoungGen: 290784K(391680K)->198144K(402432K) Eden: 98816K(98816K)->0K(104960K) From: 191968K(292864K)->198144K(297472K)
[46.707s][info][gc,heap        ] GC(303) ParOldGen: 7052575K(7410176K)->7146103K(7410176K)
[46.707s][info][gc,metaspace   ] GC(303) Metaspace: 6302K(6528K)->6302K(6528K) NonClass: 5769K(5888K)->5769K(5888K) Class: 533K(640K)->533K(640K)
[46.707s][info][gc             ] GC(303) Pause Young (Allocation Failure) 7171M->7172M(7629M) 148.365ms
[46.708s][info][gc,cpu         ] GC(303) User=0.94s Sys=0.08s Real=0.15s
[46.827s][info][gc,start       ] GC(304) Pause Young (Allocation Failure)
[46.983s][info][gc,heap        ] GC(304) PSYoungGen: 303104K(402432K)->204320K(407552K) Eden: 104960K(104960K)->0K(104960K) From: 198144K(297472K)->204320K(302592K)
[46.983s][info][gc,heap        ] GC(304) ParOldGen: 7146103K(7410176K)->7245807K(7410176K)
[46.983s][info][gc,metaspace   ] GC(304) Metaspace: 6302K(6528K)->6302K(6528K) NonClass: 5769K(5888K)->5769K(5888K) Class: 533K(640K)->533K(640K)
[46.983s][info][gc             ] GC(304) Pause Young (Allocation Failure) 7274M->7275M(7634M) 155.329ms
[46.983s][info][gc,cpu         ] GC(304) User=0.83s Sys=0.03s Real=0.16s
[47.089s][info][gc,start       ] GC(305) Pause Young (Allocation Failure)
[47.245s][info][gc,heap        ] GC(305) PSYoungGen: 309280K(407552K)->210496K(419840K) Eden: 104960K(104960K)->0K(112128K) From: 204320K(302592K)->210496K(307712K)
[47.245s][info][gc,heap        ] GC(305) ParOldGen: 7245807K(7410176K)->7345527K(7410176K)
[47.245s][info][gc,metaspace   ] GC(305) Metaspace: 6302K(6528K)->6302K(6528K) NonClass: 5769K(5888K)->5769K(5888K) Class: 533K(640K)->533K(640K)
[47.245s][info][gc             ] GC(305) Pause Young (Allocation Failure) 7378M->7378M(7646M) 155.956ms
[47.245s][info][gc,cpu         ] GC(305) User=1.05s Sys=0.05s Real=0.16s
[47.245s][info][gc,start       ] GC(306) Pause Full (Ergonomics)
[47.245s][info][gc,phases,start] GC(306) Marking Phase
[48.963s][info][gc,phases      ] GC(306) Marking Phase 1717.773ms
[48.963s][info][gc,phases,start] GC(306) Summary Phase
[48.963s][info][gc,phases      ] GC(306) Summary Phase 0.080ms
[48.963s][info][gc,phases,start] GC(306) Adjust Roots
[48.963s][info][gc,phases      ] GC(306) Adjust Roots 0.209ms
[48.964s][info][gc,phases,start] GC(306) Compaction Phase
[49.712s][info][gc,phases      ] GC(306) Compaction Phase 748.315ms
[49.712s][info][gc,phases,start] GC(306) Post Compact
[49.724s][info][gc,phases      ] GC(306) Post Compact 11.931ms
[49.726s][info][gc,heap        ] GC(306) PSYoungGen: 210496K(419840K)->139313K(419840K) Eden: 0K(112128K)->0K(112128K) From: 210496K(307712K)->139313K(307712K)
[49.726s][info][gc,heap        ] GC(306) ParOldGen: 7345527K(7410176K)->7409945K(8215040K)
[49.726s][info][gc,metaspace   ] GC(306) Metaspace: 6302K(6528K)->6302K(6528K) NonClass: 5769K(5888K)->5769K(5888K) Class: 533K(640K)->533K(640K)
[49.726s][info][gc             ] GC(306) Pause Full (Ergonomics) 7378M->7372M(8432M) 2481.163ms
[49.727s][info][gc,cpu         ] GC(306) User=17.97s Sys=0.03s Real=2.48s
[49.851s][info][gc,start       ] GC(307) Pause Young (Allocation Failure)
[50.306s][info][gc,heap        ] GC(307) PSYoungGen: 251441K(419840K)->112480K(424960K) Eden: 112128K(112128K)->0K(112128K) From: 139313K(307712K)->112480K(312832K)
[50.306s][info][gc,heap        ] GC(307) ParOldGen: 7409945K(8215040K)->7550545K(8215040K)
[50.306s][info][gc,metaspace   ] GC(307) Metaspace: 6302K(6528K)->6302K(6528K) NonClass: 5769K(5888K)->5769K(5888K) Class: 533K(640K)->533K(640K)
[50.306s][info][gc             ] GC(307) Pause Young (Allocation Failure) 7481M->7483M(8437M) 454.929ms
[50.306s][info][gc,cpu         ] GC(307) User=3.31s Sys=0.03s Real=0.45s
[50.422s][info][gc,start       ] GC(308) Pause Young (Allocation Failure)
[50.561s][info][gc,heap        ] GC(308) PSYoungGen: 224608K(424960K)->224800K(417792K) Eden: 112128K(112128K)->0K(112128K) From: 112480K(312832K)->224800K(305664K)
[50.561s][info][gc,heap        ] GC(308) ParOldGen: 7550545K(8215040K)->7550545K(8215040K)
[50.561s][info][gc,metaspace   ] GC(308) Metaspace: 6302K(6528K)->6302K(6528K) NonClass: 5769K(5888K)->5769K(5888K) Class: 533K(640K)->533K(640K)
[50.561s][info][gc             ] GC(308) Pause Young (Allocation Failure) 7592M->7593M(8430M) 138.833ms
[50.561s][info][gc,cpu         ] GC(308) User=0.56s Sys=0.00s Real=0.14s
[50.693s][info][gc,start       ] GC(309) Pause Young (Allocation Failure)
[50.881s][info][gc,heap        ] GC(309) PSYoungGen: 336928K(417792K)->224800K(428544K) Eden: 112128K(112128K)->0K(112128K) From: 224800K(305664K)->224800K(316416K)
[50.881s][info][gc,heap        ] GC(309) ParOldGen: 7550545K(8215040K)->7663689K(8215040K)
[50.881s][info][gc,metaspace   ] GC(309) Metaspace: 6302K(6528K)->6302K(6528K) NonClass: 5769K(5888K)->5769K(5888K) Class: 533K(640K)->533K(640K)
[50.881s][info][gc             ] GC(309) Pause Young (Allocation Failure) 7702M->7703M(8441M) 188.196ms
[50.881s][info][gc,cpu         ] GC(309) User=1.09s Sys=0.06s Real=0.19s
[50.994s][info][gc,start       ] GC(310) Pause Young (Allocation Failure)
[51.170s][info][gc,heap        ] GC(310) PSYoungGen: 336928K(428544K)->224800K(442368K) Eden: 112128K(112128K)->0K(118272K) From: 224800K(316416K)->224800K(324096K)
[51.170s][info][gc,heap        ] GC(310) ParOldGen: 7663689K(8215040K)->7776817K(8215040K)
[51.170s][info][gc,metaspace   ] GC(310) Metaspace: 6302K(6528K)->6302K(6528K) NonClass: 5769K(5888K)->5769K(5888K) Class: 533K(640K)->533K(640K)
[51.170s][info][gc             ] GC(310) Pause Young (Allocation Failure) 7813M->7814M(8454M) 175.420ms
[51.170s][info][gc,cpu         ] GC(310) User=1.12s Sys=0.11s Real=0.18s
[51.297s][info][gc,start       ] GC(311) Pause Young (Allocation Failure)
[51.479s][info][gc,heap        ] GC(311) PSYoungGen: 343072K(442368K)->231008K(448000K) Eden: 118272K(118272K)->0K(118272K) From: 224800K(324096K)->231008K(329728K)
[51.479s][info][gc,heap        ] GC(311) ParOldGen: 7776817K(8215040K)->7889961K(8215040K)
[51.479s][info][gc,metaspace   ] GC(311) Metaspace: 6302K(6528K)->6302K(6528K) NonClass: 5769K(5888K)->5769K(5888K) Class: 533K(640K)->533K(640K)
[51.479s][info][gc             ] GC(311) Pause Young (Allocation Failure) 7929M->7930M(8460M) 181.234ms
[51.479s][info][gc,cpu         ] GC(311) User=1.17s Sys=0.09s Real=0.18s
[51.599s][info][gc,start       ] GC(312) Pause Young (Allocation Failure)
[51.783s][info][gc,heap        ] GC(312) PSYoungGen: 349280K(448000K)->237120K(460288K) Eden: 118272K(118272K)->0K(125440K) From: 231008K(329728K)->237120K(334848K)
[51.783s][info][gc,heap        ] GC(312) ParOldGen: 7889961K(8215040K)->8003097K(8215040K)
[51.783s][info][gc,metaspace   ] GC(312) Metaspace: 6302K(6528K)->6302K(6528K) NonClass: 5769K(5888K)->5769K(5888K) Class: 533K(640K)->533K(640K)
[51.783s][info][gc             ] GC(312) Pause Young (Allocation Failure) 8046M->8047M(8472M) 183.708ms
[51.783s][info][gc,cpu         ] GC(312) User=1.19s Sys=0.06s Real=0.18s
[51.928s][info][gc,start       ] GC(313) Pause Young (Allocation Failure)
[52.125s][info][gc,heap        ] GC(313) PSYoungGen: 362560K(460288K)->244320K(466432K) Eden: 125440K(125440K)->0K(125440K) From: 237120K(334848K)->244320K(340992K)
[52.125s][info][gc,heap        ] GC(313) ParOldGen: 8003097K(8215040K)->8122433K(8215040K)
[52.125s][info][gc,metaspace   ] GC(313) Metaspace: 6302K(6528K)->6302K(6528K) NonClass: 5769K(5888K)->5769K(5888K) Class: 533K(640K)->533K(640K)
[52.125s][info][gc             ] GC(313) Pause Young (Allocation Failure) 8169M->8170M(8478M) 197.868ms
[52.126s][info][gc,cpu         ] GC(313) User=1.33s Sys=0.08s Real=0.20s
[52.126s][info][gc,start       ] GC(314) Pause Full (Ergonomics)
[52.126s][info][gc,phases,start] GC(314) Marking Phase
[54.061s][info][gc,phases      ] GC(314) Marking Phase 1934.996ms
[54.061s][info][gc,phases,start] GC(314) Summary Phase
[54.061s][info][gc,phases      ] GC(314) Summary Phase 0.097ms
[54.061s][info][gc,phases,start] GC(314) Adjust Roots
[54.061s][info][gc,phases      ] GC(314) Adjust Roots 0.179ms
[54.061s][info][gc,phases,start] GC(314) Compaction Phase
[54.902s][info][gc,phases      ] GC(314) Compaction Phase 841.084ms
[54.902s][info][gc,phases,start] GC(314) Post Compact
[54.917s][info][gc,phases      ] GC(314) Post Compact 14.504ms
[54.920s][info][gc,heap        ] GC(314) PSYoungGen: 244320K(466432K)->144491K(466432K) Eden: 0K(125440K)->0K(125440K) From: 244320K(340992K)->144491K(340992K)
[54.920s][info][gc,heap        ] GC(314) ParOldGen: 8122433K(8215040K)->8215039K(9114112K)
[54.920s][info][gc,metaspace   ] GC(314) Metaspace: 6302K(6528K)->6302K(6528K) NonClass: 5769K(5888K)->5769K(5888K) Class: 533K(640K)->533K(640K)
[54.920s][info][gc             ] GC(314) Pause Full (Ergonomics) 8170M->8163M(9356M) 2794.124ms
[54.920s][info][gc,cpu         ] GC(314) User=20.22s Sys=0.06s Real=2.79s
[55.041s][info][gc,start       ] GC(315) Pause Young (Allocation Failure)
[55.572s][info][gc,heap        ] GC(315) PSYoungGen: 269931K(466432K)->193792K(452096K) Eden: 125440K(125440K)->0K(137216K) From: 144491K(340992K)->193792K(314880K)
[55.572s][info][gc,heap        ] GC(315) ParOldGen: 8215039K(9114112K)->8292479K(9114112K)
[55.572s][info][gc,metaspace   ] GC(315) Metaspace: 6302K(6528K)->6302K(6528K) NonClass: 5769K(5888K)->5769K(5888K) Class: 533K(640K)->533K(640K)
[55.572s][info][gc             ] GC(315) Pause Young (Allocation Failure) 8286M->8287M(9342M) 530.819ms
[55.572s][info][gc,cpu         ] GC(315) User=3.62s Sys=0.06s Real=0.53s
[55.714s][info][gc,start       ] GC(316) Pause Young (Allocation Failure)
[55.902s][info][gc,heap        ] GC(316) PSYoungGen: 331008K(452096K)->331232K(469504K) Eden: 137216K(137216K)->0K(137216K) From: 193792K(314880K)->331232K(332288K)
[55.902s][info][gc,heap        ] GC(316) ParOldGen: 8292479K(9114112K)->8292479K(9114112K)
[55.902s][info][gc,metaspace   ] GC(316) Metaspace: 6302K(6528K)->6302K(6528K) NonClass: 5769K(5888K)->5769K(5888K) Class: 533K(640K)->533K(640K)
[55.902s][info][gc             ] GC(316) Pause Young (Allocation Failure) 8421M->8421M(9359M) 187.983ms
[55.902s][info][gc,cpu         ] GC(316) User=1.36s Sys=0.00s Real=0.19s
[56.045s][info][gc,start       ] GC(317) Pause Young (Allocation Failure)
[56.320s][info][gc,heap        ] GC(317) PSYoungGen: 468448K(469504K)->370176K(440320K) Eden: 137216K(137216K)->0K(70144K) From: 331232K(332288K)->370176K(370176K)
[56.320s][info][gc,heap        ] GC(317) ParOldGen: 8292479K(9114112K)->8391591K(9114112K)
[56.320s][info][gc,metaspace   ] GC(317) Metaspace: 6302K(6528K)->6302K(6528K) NonClass: 5769K(5888K)->5769K(5888K) Class: 533K(640K)->533K(640K)
[56.320s][info][gc             ] GC(317) Pause Young (Allocation Failure) 8555M->8556M(9330M) 275.118ms
[56.320s][info][gc,cpu         ] GC(317) User=1.94s Sys=0.08s Real=0.28s
[56.399s][info][gc,start       ] GC(318) Pause Young (Allocation Failure)
[56.645s][info][gc,heap        ] GC(318) PSYoungGen: 440320K(440320K)->198752K(269312K) Eden: 70144K(70144K)->0K(70144K) From: 370176K(370176K)->198752K(199168K)
[56.645s][info][gc,heap        ] GC(318) ParOldGen: 8391591K(9114112K)->8635111K(9114112K)
[56.645s][info][gc,metaspace   ] GC(318) Metaspace: 6302K(6528K)->6302K(6528K) NonClass: 5769K(5888K)->5769K(5888K) Class: 533K(640K)->533K(640K)
[56.645s][info][gc             ] GC(318) Pause Young (Allocation Failure) 8624M->8626M(9163M) 246.041ms
[56.645s][info][gc,cpu         ] GC(318) User=1.73s Sys=0.14s Real=0.24s
[56.719s][info][gc,start       ] GC(319) Pause Young (Allocation Failure)
[56.892s][info][gc,heap        ] GC(319) PSYoungGen: 268896K(269312K)->70368K(506880K) Eden: 70144K(70144K)->0K(72192K) From: 198752K(199168K)->70368K(434688K)
[56.892s][info][gc,heap        ] GC(319) ParOldGen: 8635111K(9114112K)->8835135K(9114112K)
[56.892s][info][gc,metaspace   ] GC(319) Metaspace: 6302K(6528K)->6302K(6528K) NonClass: 5769K(5888K)->5769K(5888K) Class: 533K(640K)->533K(640K)
[56.892s][info][gc             ] GC(319) Pause Young (Allocation Failure) 8695M->8696M(9395M) 173.263ms
[56.892s][info][gc,cpu         ] GC(319) User=0.92s Sys=0.09s Real=0.17s
[56.974s][info][gc,start       ] GC(320) Pause Young (Allocation Failure)
[57.090s][info][gc,heap        ] GC(320) PSYoungGen: 142560K(506880K)->72448K(513536K) Eden: 72192K(72192K)->0K(72192K) From: 70368K(434688K)->72448K(441344K)
[57.090s][info][gc,heap        ] GC(320) ParOldGen: 8835135K(9114112K)->8905927K(9114112K)
[57.090s][info][gc,metaspace   ] GC(320) Metaspace: 6302K(6528K)->6302K(6528K) NonClass: 5769K(5888K)->5769K(5888K) Class: 533K(640K)->533K(640K)
[57.090s][info][gc             ] GC(320) Pause Young (Allocation Failure) 8767M->8767M(9402M) 115.909ms
[57.090s][info][gc,cpu         ] GC(320) User=0.45s Sys=0.08s Real=0.12s
[57.090s][info][gc,start       ] GC(321) Pause Full (Ergonomics)
[57.090s][info][gc,phases,start] GC(321) Marking Phase
[59.201s][info][gc,phases      ] GC(321) Marking Phase 2110.678ms
[59.201s][info][gc,phases,start] GC(321) Summary Phase
[59.201s][info][gc,phases      ] GC(321) Summary Phase 0.136ms
[59.201s][info][gc,phases,start] GC(321) Adjust Roots
[59.201s][info][gc,phases      ] GC(321) Adjust Roots 0.218ms
[59.201s][info][gc,phases,start] GC(321) Compaction Phase
[59.998s][info][gc,phases      ] GC(321) Compaction Phase 797.021ms
[59.999s][info][gc,phases,start] GC(321) Post Compact
[60.012s][info][gc,phases      ] GC(321) Post Compact 13.561ms
[60.015s][info][gc,heap        ] GC(321) PSYoungGen: 72448K(513536K)->0K(523776K) Eden: 0K(72192K)->0K(81408K) From: 72448K(441344K)->0K(442368K)
[60.015s][info][gc,heap        ] GC(321) ParOldGen: 8905927K(9114112K)->8971698K(9999360K)
[60.015s][info][gc,metaspace   ] GC(321) Metaspace: 6302K(6528K)->6302K(6528K) NonClass: 5769K(5888K)->5769K(5888K) Class: 533K(640K)->533K(640K)
[60.015s][info][gc             ] GC(321) Pause Full (Ergonomics) 8767M->8761M(10276M) 2924.571ms
[60.015s][info][gc,cpu         ] GC(321) User=21.47s Sys=0.11s Real=2.92s
[60.110s][info][gc,start       ] GC(322) Pause Young (Allocation Failure)
[60.195s][info][gc,heap        ] GC(322) PSYoungGen: 81408K(523776K)->81664K(523776K) Eden: 81408K(81408K)->0K(81408K) From: 0K(442368K)->81664K(442368K)
[60.195s][info][gc,heap        ] GC(322) ParOldGen: 8971698K(9999360K)->8971698K(9999360K)
[60.195s][info][gc,metaspace   ] GC(322) Metaspace: 6302K(6528K)->6302K(6528K) NonClass: 5769K(5888K)->5769K(5888K) Class: 533K(640K)->533K(640K)
[60.195s][info][gc             ] GC(322) Pause Young (Allocation Failure) 8840M->8841M(10276M) 85.311ms
[60.195s][info][gc,cpu         ] GC(322) User=0.22s Sys=0.00s Real=0.09s
[60.279s][info][gc,start       ] GC(323) Pause Young (Allocation Failure)
[60.391s][info][gc,heap        ] GC(323) PSYoungGen: 163072K(523776K)->163232K(485888K) Eden: 81408K(81408K)->0K(89600K) From: 81664K(442368K)->163232K(396288K)
[60.391s][info][gc,heap        ] GC(323) ParOldGen: 8971698K(9999360K)->8971698K(9999360K)
[60.391s][info][gc,metaspace   ] GC(323) Metaspace: 6302K(6528K)->6302K(6528K) NonClass: 5769K(5888K)->5769K(5888K) Class: 533K(640K)->533K(640K)
[60.391s][info][gc             ] GC(323) Pause Young (Allocation Failure) 8920M->8920M(10239M) 112.066ms
[60.391s][info][gc,cpu         ] GC(323) User=0.59s Sys=0.00s Real=0.11s
[60.503s][info][gc,start       ] GC(324) Pause Young (Allocation Failure)
[60.646s][info][gc,heap        ] GC(324) PSYoungGen: 252832K(485888K)->252992K(506368K) Eden: 89600K(89600K)->0K(89600K) From: 163232K(396288K)->252992K(416768K)
[60.646s][info][gc,heap        ] GC(324) ParOldGen: 8971698K(9999360K)->8971698K(9999360K)
[60.646s][info][gc,metaspace   ] GC(324) Metaspace: 6302K(6528K)->6302K(6528K) NonClass: 5769K(5888K)->5769K(5888K) Class: 533K(640K)->533K(640K)
[60.646s][info][gc             ] GC(324) Pause Young (Allocation Failure) 9008M->9008M(10259M) 142.990ms
[60.646s][info][gc,cpu         ] GC(324) User=0.70s Sys=0.00s Real=0.14s
[60.750s][info][gc,start       ] GC(325) Pause Young (Allocation Failure)
[60.952s][info][gc,heap        ] GC(325) PSYoungGen: 342592K(506368K)->261184K(514560K) Eden: 89600K(89600K)->0K(95744K) From: 252992K(416768K)->261184K(418816K)
[60.952s][info][gc,heap        ] GC(325) ParOldGen: 8971698K(9999360K)->9053842K(9999360K)
[60.952s][info][gc,metaspace   ] GC(325) Metaspace: 6302K(6528K)->6302K(6528K) NonClass: 5769K(5888K)->5769K(5888K) Class: 533K(640K)->533K(640K)
[60.952s][info][gc             ] GC(325) Pause Young (Allocation Failure) 9095M->9096M(10267M) 201.418ms
[60.952s][info][gc,cpu         ] GC(325) User=1.27s Sys=0.03s Real=0.20s
[61.054s][info][gc,start       ] GC(326) Pause Young (Allocation Failure)
[61.245s][info][gc,heap        ] GC(326) PSYoungGen: 356928K(514560K)->275616K(517632K) Eden: 95744K(95744K)->0K(95744K) From: 261184K(418816K)->275616K(421888K)
[61.245s][info][gc,heap        ] GC(326) ParOldGen: 9053842K(9999360K)->9135994K(9999360K)
[61.245s][info][gc,metaspace   ] GC(326) Metaspace: 6302K(6528K)->6302K(6528K) NonClass: 5769K(5888K)->5769K(5888K) Class: 533K(640K)->533K(640K)
[61.245s][info][gc             ] GC(326) Pause Young (Allocation Failure) 9190M->9191M(10270M) 190.654ms
[61.245s][info][gc,cpu         ] GC(326) User=1.19s Sys=0.08s Real=0.19s
[61.351s][info][gc,start       ] GC(327) Pause Young (Allocation Failure)
[61.549s][info][gc,heap        ] GC(327) PSYoungGen: 371360K(517632K)->281728K(528896K) Eden: 95744K(95744K)->0K(100864K) From: 275616K(421888K)->281728K(428032K)
[61.549s][info][gc,heap        ] GC(327) ParOldGen: 9135994K(9999360K)->9226402K(9999360K)
[61.549s][info][gc,metaspace   ] GC(327) Metaspace: 6302K(6528K)->6302K(6528K) NonClass: 5769K(5888K)->5769K(5888K) Class: 533K(640K)->533K(640K)
[61.549s][info][gc             ] GC(327) Pause Young (Allocation Failure) 9284M->9285M(10281M) 198.685ms
[61.549s][info][gc,cpu         ] GC(327) User=1.38s Sys=0.02s Real=0.20s
[61.658s][info][gc,start       ] GC(328) Pause Young (Allocation Failure)
[61.866s][info][gc,heap        ] GC(328) PSYoungGen: 382592K(528896K)->293024K(535040K) Eden: 100864K(100864K)->0K(100864K) From: 281728K(428032K)->293024K(434176K)
[61.866s][info][gc,heap        ] GC(328) ParOldGen: 9226402K(9999360K)->9316794K(9999360K)
[61.866s][info][gc,metaspace   ] GC(328) Metaspace: 6302K(6528K)->6302K(6528K) NonClass: 5769K(5888K)->5769K(5888K) Class: 533K(640K)->533K(640K)
[61.866s][info][gc             ] GC(328) Pause Young (Allocation Failure) 9383M->9384M(10287M) 208.666ms
[61.866s][info][gc,cpu         ] GC(328) User=1.30s Sys=0.06s Real=0.21s
[61.980s][info][gc,start       ] GC(329) Pause Young (Allocation Failure)
[62.192s][info][gc,heap        ] GC(329) PSYoungGen: 393888K(535040K)->202240K(518144K) Eden: 100864K(100864K)->0K(113664K) From: 293024K(434176K)->202240K(404480K)
[62.192s][info][gc,heap        ] GC(329) ParOldGen: 9316794K(9999360K)->9509986K(9999360K)
[62.192s][info][gc,metaspace   ] GC(329) Metaspace: 6302K(6528K)->6302K(6528K) NonClass: 5769K(5888K)->5769K(5888K) Class: 533K(640K)->533K(640K)
[62.192s][info][gc             ] GC(329) Pause Young (Allocation Failure) 9483M->9484M(10271M) 212.213ms
[62.192s][info][gc,cpu         ] GC(329) User=1.44s Sys=0.06s Real=0.21s
[62.305s][info][gc,start       ] GC(330) Pause Young (Allocation Failure)
[62.487s][info][gc,heap        ] GC(330) PSYoungGen: 315904K(518144K)->114016K(536576K) Eden: 113664K(113664K)->0K(113664K) From: 202240K(404480K)->114016K(422912K)
[62.487s][info][gc,heap        ] GC(330) ParOldGen: 9509986K(9999360K)->9713490K(9999360K)
[62.487s][info][gc,metaspace   ] GC(330) Metaspace: 6302K(6528K)->6302K(6528K) NonClass: 5769K(5888K)->5769K(5888K) Class: 533K(640K)->533K(640K)
[62.487s][info][gc             ] GC(330) Pause Young (Allocation Failure) 9595M->9597M(10289M) 182.661ms
[62.487s][info][gc,cpu         ] GC(330) User=1.08s Sys=0.19s Real=0.18s
[62.614s][info][gc,start       ] GC(331) Pause Young (Allocation Failure)
[62.755s][info][gc,heap        ] GC(331) PSYoungGen: 227680K(536576K)->113984K(537088K) Eden: 113664K(113664K)->0K(127488K) From: 114016K(422912K)->113984K(409600K)
[62.756s][info][gc,heap        ] GC(331) ParOldGen: 9713490K(9999360K)->9828194K(9999360K)
[62.756s][info][gc,metaspace   ] GC(331) Metaspace: 6302K(6528K)->6302K(6528K) NonClass: 5769K(5888K)->5769K(5888K) Class: 533K(640K)->533K(640K)
[62.756s][info][gc             ] GC(331) Pause Young (Allocation Failure) 9708M->9709M(10289M) 141.808ms
[62.756s][info][gc,cpu         ] GC(331) User=0.72s Sys=0.11s Real=0.14s
[62.756s][info][gc,start       ] GC(332) Pause Full (Ergonomics)
[62.756s][info][gc,phases,start] GC(332) Marking Phase
[65.139s][info][gc,phases      ] GC(332) Marking Phase 2382.959ms
[65.139s][info][gc,phases,start] GC(332) Summary Phase
[65.139s][info][gc,phases      ] GC(332) Summary Phase 0.215ms
[65.139s][info][gc,phases,start] GC(332) Adjust Roots
[65.139s][info][gc,phases      ] GC(332) Adjust Roots 0.263ms
[65.139s][info][gc,phases,start] GC(332) Compaction Phase
[66.037s][info][gc,phases      ] GC(332) Compaction Phase 897.614ms
[66.037s][info][gc,phases,start] GC(332) Post Compact
[66.052s][info][gc,phases      ] GC(332) Post Compact 14.933ms
[66.053s][info][gc,heap        ] GC(332) PSYoungGen: 113984K(537088K)->0K(542720K) Eden: 0K(127488K)->0K(127488K) From: 113984K(409600K)->0K(415232K)
[66.053s][info][gc,heap        ] GC(332) ParOldGen: 9828194K(9999360K)->9933955K(10444800K)
[66.053s][info][gc,metaspace   ] GC(332) Metaspace: 6302K(6528K)->6302K(6528K) NonClass: 5769K(5888K)->5769K(5888K) Class: 533K(640K)->533K(640K)
[66.053s][info][gc             ] GC(332) Pause Full (Ergonomics) 9709M->9701M(10730M) 3297.835ms
[66.053s][info][gc,cpu         ] GC(332) User=23.97s Sys=0.06s Real=3.30s
[66.192s][info][gc,start       ] GC(333) Pause Young (Allocation Failure)
[66.301s][info][gc,heap        ] GC(333) PSYoungGen: 127488K(542720K)->127840K(532480K) Eden: 127488K(127488K)->0K(139264K) From: 0K(415232K)->127840K(393216K)
[66.301s][info][gc,heap        ] GC(333) ParOldGen: 9933955K(10444800K)->9933955K(10444800K)
[66.301s][info][gc,metaspace   ] GC(333) Metaspace: 6302K(6528K)->6302K(6528K) NonClass: 5769K(5888K)->5769K(5888K) Class: 533K(640K)->533K(640K)
[66.301s][info][gc             ] GC(333) Pause Young (Allocation Failure) 9825M->9825M(10720M) 108.995ms
[66.301s][info][gc,cpu         ] GC(333) User=0.44s Sys=0.00s Real=0.11s
[66.462s][info][gc,start       ] GC(334) Pause Young (Allocation Failure)
[66.621s][info][gc,heap        ] GC(334) PSYoungGen: 267104K(532480K)->267424K(545280K) Eden: 139264K(139264K)->0K(139264K) From: 127840K(393216K)->267424K(406016K)
[66.621s][info][gc,heap        ] GC(334) ParOldGen: 9933955K(10444800K)->9933955K(10444800K)
[66.621s][info][gc,metaspace   ] GC(334) Metaspace: 6302K(6528K)->6302K(6528K) NonClass: 5769K(5888K)->5769K(5888K) Class: 533K(640K)->533K(640K)
[66.621s][info][gc             ] GC(334) Pause Young (Allocation Failure) 9961M->9962M(10732M) 158.647ms
[66.621s][info][gc,cpu         ] GC(334) User=0.86s Sys=0.00s Real=0.16s
[66.780s][info][gc,start       ] GC(335) Pause Young (Allocation Failure)
[67.025s][info][gc,heap        ] GC(335) PSYoungGen: 406688K(545280K)->406912K(509952K) Eden: 139264K(139264K)->0K(97280K) From: 267424K(406016K)->406912K(412672K)
[67.025s][info][gc,heap        ] GC(335) ParOldGen: 9933955K(10444800K)->9933955K(10444800K)
[67.025s][info][gc,metaspace   ] GC(335) Metaspace: 6302K(6528K)->6302K(6528K) NonClass: 5769K(5888K)->5769K(5888K) Class: 533K(640K)->533K(640K)
[67.025s][info][gc             ] GC(335) Pause Young (Allocation Failure) 10098M->10098M(10698M) 245.712ms
[67.025s][info][gc,cpu         ] GC(335) User=1.62s Sys=0.02s Real=0.25s
[67.135s][info][gc,start       ] GC(336) Pause Young (Allocation Failure)
[67.427s][info][gc,heap        ] GC(336) PSYoungGen: 504192K(509952K)->376704K(565248K) Eden: 97280K(97280K)->0K(97280K) From: 406912K(412672K)->376704K(467968K)
[67.427s][info][gc,heap        ] GC(336) ParOldGen: 9933955K(10444800K)->10062595K(10444800K)
[67.427s][info][gc,metaspace   ] GC(336) Metaspace: 6302K(6528K)->6302K(6528K) NonClass: 5769K(5888K)->5769K(5888K) Class: 533K(640K)->533K(640K)
[67.427s][info][gc             ] GC(336) Pause Young (Allocation Failure) 10193M->10194M(10752M) 292.292ms
[67.427s][info][gc,cpu         ] GC(336) User=2.16s Sys=0.05s Real=0.29s
[67.537s][info][gc,start       ] GC(337) Pause Young (Allocation Failure)
[67.810s][info][gc,heap        ] GC(337) PSYoungGen: 473984K(565248K)->334656K(599040K) Eden: 97280K(97280K)->0K(98304K) From: 376704K(467968K)->334656K(500736K)
[67.810s][info][gc,heap        ] GC(337) ParOldGen: 10062595K(10444800K)->10203107K(10444800K)
[67.811s][info][gc,metaspace   ] GC(337) Metaspace: 6302K(6528K)->6302K(6528K) NonClass: 5769K(5888K)->5769K(5888K) Class: 533K(640K)->533K(640K)
[67.811s][info][gc             ] GC(337) Pause Young (Allocation Failure) 10289M->10290M(10785M) 273.249ms
[67.811s][info][gc,cpu         ] GC(337) User=1.80s Sys=0.05s Real=0.27s
[67.925s][info][gc,start       ] GC(338) Pause Young (Allocation Failure)
[68.203s][info][gc,heap        ] GC(338) PSYoungGen: 432960K(599040K)->196064K(294400K) Eden: 98304K(98304K)->0K(98304K) From: 334656K(500736K)->196064K(196096K)
[68.203s][info][gc,heap        ] GC(338) ParOldGen: 10203107K(10444800K)->10441755K(10444800K)
[68.203s][info][gc,metaspace   ] GC(338) Metaspace: 6302K(6528K)->6302K(6528K) NonClass: 5769K(5888K)->5769K(5888K) Class: 533K(640K)->533K(640K)
[68.203s][info][gc             ] GC(338) Pause Young (Allocation Failure) 10386M->10388M(10487M) 278.151ms
[68.203s][info][gc,cpu         ] GC(338) User=1.75s Sys=0.08s Real=0.28s
[68.203s][info][gc,start       ] GC(339) Pause Full (Ergonomics)
[68.203s][info][gc,phases,start] GC(339) Marking Phase
[70.749s][info][gc,phases      ] GC(339) Marking Phase 2546.175ms
[70.749s][info][gc,phases,start] GC(339) Summary Phase
[70.749s][info][gc,phases      ] GC(339) Summary Phase 0.108ms
[70.749s][info][gc,phases,start] GC(339) Adjust Roots
[70.750s][info][gc,phases      ] GC(339) Adjust Roots 0.247ms
[70.750s][info][gc,phases,start] GC(339) Compaction Phase
[71.666s][info][gc,phases      ] GC(339) Compaction Phase 916.333ms
[71.666s][info][gc,phases,start] GC(339) Post Compact
[71.685s][info][gc,phases      ] GC(339) Post Compact 19.173ms
[71.685s][info][gc,heap        ] GC(339) PSYoungGen: 196064K(294400K)->187850K(294400K) Eden: 0K(98304K)->0K(98304K) From: 196064K(196096K)->187850K(196096K)
[71.685s][info][gc,heap        ] GC(339) ParOldGen: 10441755K(10444800K)->10444787K(10444800K)
[71.685s][info][gc,metaspace   ] GC(339) Metaspace: 6302K(6528K)->6302K(6528K) NonClass: 5769K(5888K)->5769K(5888K) Class: 533K(640K)->533K(640K)
[71.685s][info][gc             ] GC(339) Pause Full (Ergonomics) 10388M->10383M(10487M) 3482.381ms
[71.685s][info][gc,cpu         ] GC(339) User=25.41s Sys=0.05s Real=3.48s
[71.792s][info][gc,start       ] GC(340) Pause Full (Ergonomics)
[71.792s][info][gc,phases,start] GC(340) Marking Phase
[74.255s][info][gc,phases      ] GC(340) Marking Phase 2463.280ms
[74.255s][info][gc,phases,start] GC(340) Summary Phase
[74.255s][info][gc,phases      ] GC(340) Summary Phase 0.131ms
[74.256s][info][gc,phases,start] GC(340) Adjust Roots
[74.256s][info][gc,phases      ] GC(340) Adjust Roots 0.242ms
[74.256s][info][gc,phases,start] GC(340) Compaction Phase
[74.955s][info][gc,phases      ] GC(340) Compaction Phase 698.851ms
[74.955s][info][gc,phases,start] GC(340) Post Compact
[74.970s][info][gc,phases      ] GC(340) Post Compact 15.600ms
[74.970s][info][gc,heap        ] GC(340) PSYoungGen: 286154K(294400K)->286121K(294400K) Eden: 98304K(98304K)->98271K(98304K) From: 187850K(196096K)->187850K(196096K)
[74.970s][info][gc,heap        ] GC(340) ParOldGen: 10444787K(10444800K)->10444787K(10444800K)
[74.970s][info][gc,metaspace   ] GC(340) Metaspace: 6302K(6528K)->6302K(6528K) NonClass: 5769K(5888K)->5769K(5888K) Class: 533K(640K)->533K(640K)
[74.970s][info][gc             ] GC(340) Pause Full (Ergonomics) 10479M->10479M(10487M) 3178.482ms
[74.970s][info][gc,cpu         ] GC(340) User=24.47s Sys=0.00s Real=3.18s
[74.971s][info][gc,start       ] GC(341) Pause Full (Ergonomics)
[74.971s][info][gc,phases,start] GC(341) Marking Phase
[77.422s][info][gc,phases      ] GC(341) Marking Phase 2451.607ms
[77.422s][info][gc,phases,start] GC(341) Summary Phase
[77.422s][info][gc,phases      ] GC(341) Summary Phase 0.105ms
[77.422s][info][gc,phases,start] GC(341) Adjust Roots
[77.423s][info][gc,phases      ] GC(341) Adjust Roots 0.217ms
[77.423s][info][gc,phases,start] GC(341) Compaction Phase
[78.173s][info][gc,phases      ] GC(341) Compaction Phase 750.630ms
[78.173s][info][gc,phases,start] GC(341) Post Compact
[78.191s][info][gc,phases      ] GC(341) Post Compact 17.108ms
[78.191s][info][gc,heap        ] GC(341) PSYoungGen: 286154K(294400K)->286154K(294400K) Eden: 98304K(98304K)->98303K(98304K) From: 187850K(196096K)->187850K(196096K)
[78.191s][info][gc,heap        ] GC(341) ParOldGen: 10444787K(10444800K)->10444787K(10444800K)
[78.191s][info][gc,metaspace   ] GC(341) Metaspace: 6302K(6528K)->6302K(6528K) NonClass: 5769K(5888K)->5769K(5888K) Class: 533K(640K)->533K(640K)
[78.191s][info][gc             ] GC(341) Pause Full (Ergonomics) 10479M->10479M(10487M) 3220.078ms
[78.191s][info][gc,cpu         ] GC(341) User=24.55s Sys=0.00s Real=3.22s
[78.191s][info][gc,start       ] GC(342) Pause Full (Ergonomics)
[78.191s][info][gc,phases,start] GC(342) Marking Phase
[80.668s][info][gc,phases      ] GC(342) Marking Phase 2476.955ms
[80.668s][info][gc,phases,start] GC(342) Summary Phase
[80.668s][info][gc,phases      ] GC(342) Summary Phase 0.115ms
[80.668s][info][gc,phases,start] GC(342) Adjust Roots
[80.668s][info][gc,phases      ] GC(342) Adjust Roots 0.306ms
[80.668s][info][gc,phases,start] GC(342) Compaction Phase
[81.373s][info][gc,phases      ] GC(342) Compaction Phase 704.524ms
[81.373s][info][gc,phases,start] GC(342) Post Compact
[81.389s][info][gc,phases      ] GC(342) Post Compact 15.722ms
[81.389s][info][gc,heap        ] GC(342) PSYoungGen: 286154K(294400K)->286154K(294400K) Eden: 98303K(98304K)->98303K(98304K) From: 187850K(196096K)->187850K(196096K)
[81.389s][info][gc,heap        ] GC(342) ParOldGen: 10444787K(10444800K)->10444787K(10444800K)
[81.389s][info][gc,metaspace   ] GC(342) Metaspace: 6302K(6528K)->6302K(6528K) NonClass: 5769K(5888K)->5769K(5888K) Class: 533K(640K)->533K(640K)
[81.389s][info][gc             ] GC(342) Pause Full (Ergonomics) 10479M->10479M(10487M) 3197.979ms
[81.389s][info][gc,cpu         ] GC(342) User=24.56s Sys=0.00s Real=3.20s
[81.389s][info][gc,start       ] GC(343) Pause Full (Ergonomics)
[81.389s][info][gc,phases,start] GC(343) Marking Phase
[83.818s][info][gc,phases      ] GC(343) Marking Phase 2428.473ms
[83.818s][info][gc,phases,start] GC(343) Summary Phase
[83.818s][info][gc,phases      ] GC(343) Summary Phase 0.190ms
[83.818s][info][gc,phases,start] GC(343) Adjust Roots
[83.818s][info][gc,phases      ] GC(343) Adjust Roots 0.210ms
[83.818s][info][gc,phases,start] GC(343) Compaction Phase
[84.512s][info][gc,phases      ] GC(343) Compaction Phase 693.501ms
[84.512s][info][gc,phases,start] GC(343) Post Compact
[84.527s][info][gc,phases      ] GC(343) Post Compact 14.734ms
[84.527s][info][gc,heap        ] GC(343) PSYoungGen: 286154K(294400K)->286154K(294400K) Eden: 98303K(98304K)->98303K(98304K) From: 187850K(196096K)->187850K(196096K)
[84.527s][info][gc,heap        ] GC(343) ParOldGen: 10444792K(10444800K)->10444792K(10444800K)
[84.527s][info][gc,metaspace   ] GC(343) Metaspace: 6302K(6528K)->6302K(6528K) NonClass: 5769K(5888K)->5769K(5888K) Class: 533K(640K)->533K(640K)
[84.527s][info][gc             ] GC(343) Pause Full (Ergonomics) 10479M->10479M(10487M) 3137.488ms
[84.527s][info][gc,cpu         ] GC(343) User=24.19s Sys=0.00s Real=3.14s
[84.527s][info][gc,start       ] GC(344) Pause Full (Ergonomics)
[84.527s][info][gc,phases,start] GC(344) Marking Phase
[87.019s][info][gc,phases      ] GC(344) Marking Phase 2491.671ms
[87.019s][info][gc,phases,start] GC(344) Summary Phase
[87.019s][info][gc,phases      ] GC(344) Summary Phase 0.103ms
[87.019s][info][gc,phases,start] GC(344) Adjust Roots
[87.019s][info][gc,phases      ] GC(344) Adjust Roots 0.211ms
[87.019s][info][gc,phases,start] GC(344) Compaction Phase
[87.704s][info][gc,phases      ] GC(344) Compaction Phase 685.304ms
[87.704s][info][gc,phases,start] GC(344) Post Compact
[87.719s][info][gc,phases      ] GC(344) Post Compact 14.419ms
[87.719s][info][gc,heap        ] GC(344) PSYoungGen: 286154K(294400K)->286154K(294400K) Eden: 98303K(98304K)->98303K(98304K) From: 187850K(196096K)->187850K(196096K)
[87.719s][info][gc,heap        ] GC(344) ParOldGen: 10444797K(10444800K)->10444797K(10444800K)
[87.719s][info][gc,metaspace   ] GC(344) Metaspace: 6302K(6528K)->6302K(6528K) NonClass: 5769K(5888K)->5769K(5888K) Class: 533K(640K)->533K(640K)
[87.719s][info][gc             ] GC(344) Pause Full (Ergonomics) 10479M->10479M(10487M) 3192.060ms
[87.719s][info][gc,cpu         ] GC(344) User=24.91s Sys=0.00s Real=3.19s
[87.719s][info][gc,start       ] GC(345) Pause Full (Ergonomics)
[87.719s][info][gc,phases,start] GC(345) Marking Phase
[90.166s][info][gc,phases      ] GC(345) Marking Phase 2446.961ms
[90.166s][info][gc,phases,start] GC(345) Summary Phase
[90.166s][info][gc,phases      ] GC(345) Summary Phase 0.202ms
[90.166s][info][gc,phases,start] GC(345) Adjust Roots
[90.167s][info][gc,phases      ] GC(345) Adjust Roots 0.289ms
[90.167s][info][gc,phases,start] GC(345) Compaction Phase
[90.870s][info][gc,phases      ] GC(345) Compaction Phase 703.063ms
[90.870s][info][gc,phases,start] GC(345) Post Compact
[90.884s][info][gc,phases      ] GC(345) Post Compact 14.042ms
[90.884s][info][gc,heap        ] GC(345) PSYoungGen: 286154K(294400K)->286154K(294400K) Eden: 98303K(98304K)->98303K(98304K) From: 187850K(196096K)->187850K(196096K)
[90.884s][info][gc,heap        ] GC(345) ParOldGen: 10444799K(10444800K)->10444799K(10444800K)
[90.884s][info][gc,metaspace   ] GC(345) Metaspace: 6302K(6528K)->6302K(6528K) NonClass: 5769K(5888K)->5769K(5888K) Class: 533K(640K)->533K(640K)
[90.884s][info][gc             ] GC(345) Pause Full (Ergonomics) 10479M->10479M(10487M) 3164.949ms
[90.884s][info][gc,cpu         ] GC(345) User=24.45s Sys=0.00s Real=3.16s
[90.884s][info][gc,start       ] GC(346) Pause Full (Allocation Failure)
[90.884s][info][gc,phases,start] GC(346) Marking Phase
[93.320s][info][gc,phases      ] GC(346) Marking Phase 2435.422ms
[93.320s][info][gc,phases,start] GC(346) Summary Phase
[93.320s][info][gc,phases      ] GC(346) Summary Phase 0.176ms
[93.320s][info][gc,phases,start] GC(346) Adjust Roots
[93.320s][info][gc,phases      ] GC(346) Adjust Roots 0.543ms
[93.320s][info][gc,phases,start] GC(346) Compaction Phase
[95.910s][info][gc,phases      ] GC(346) Compaction Phase 2589.238ms
[95.910s][info][gc,phases,start] GC(346) Post Compact
[95.926s][info][gc,phases      ] GC(346) Post Compact 16.088ms
[95.926s][info][gc,heap        ] GC(346) PSYoungGen: 286154K(294400K)->286154K(294400K) Eden: 98303K(98304K)->98303K(98304K) From: 187850K(196096K)->187850K(196096K)
[95.926s][info][gc,heap        ] GC(346) ParOldGen: 10444799K(10444800K)->10444795K(10444800K)
[95.926s][info][gc,metaspace   ] GC(346) Metaspace: 6302K(6528K)->6301K(6528K) NonClass: 5769K(5888K)->5768K(5888K) Class: 533K(640K)->532K(640K)
[95.926s][info][gc             ] GC(346) Pause Full (Allocation Failure) 10479M->10479M(10487M) 5041.908ms
[95.926s][info][gc,cpu         ] GC(346) User=38.17s Sys=0.00s Real=5.04s
[95.926s][info][gc,start       ] GC(347) Pause Full (Ergonomics)
[95.926s][info][gc,phases,start] GC(347) Marking Phase
[98.365s][info][gc,phases      ] GC(347) Marking Phase 2438.123ms
[98.365s][info][gc,phases,start] GC(347) Summary Phase
[98.365s][info][gc,phases      ] GC(347) Summary Phase 0.135ms
[98.365s][info][gc,phases,start] GC(347) Adjust Roots
[98.365s][info][gc,phases      ] GC(347) Adjust Roots 0.214ms
[98.365s][info][gc,phases,start] GC(347) Compaction Phase
[99.045s][info][gc,phases      ] GC(347) Compaction Phase 680.297ms
[99.045s][info][gc,phases,start] GC(347) Post Compact
[99.060s][info][gc,phases      ] GC(347) Post Compact 14.719ms
[99.060s][info][gc,heap        ] GC(347) PSYoungGen: 286154K(294400K)->286154K(294400K) Eden: 98303K(98304K)->98303K(98304K) From: 187850K(196096K)->187850K(196096K)
[99.060s][info][gc,heap        ] GC(347) ParOldGen: 10444797K(10444800K)->10444797K(10444800K)
[99.060s][info][gc,metaspace   ] GC(347) Metaspace: 6301K(6528K)->6301K(6528K) NonClass: 5768K(5888K)->5768K(5888K) Class: 532K(640K)->532K(640K)
[99.060s][info][gc             ] GC(347) Pause Full (Ergonomics) 10479M->10479M(10487M) 3133.843ms
[99.060s][info][gc,cpu         ] GC(347) User=24.33s Sys=0.00s Real=3.13s
[99.061s][info][gc,start       ] GC(348) Pause Full (Ergonomics)
[99.061s][info][gc,phases,start] GC(348) Marking Phase
[101.454s][info][gc,phases      ] GC(348) Marking Phase 2393.088ms
[101.454s][info][gc,phases,start] GC(348) Summary Phase
[101.454s][info][gc,phases      ] GC(348) Summary Phase 0.098ms
[101.454s][info][gc,phases,start] GC(348) Adjust Roots
[101.454s][info][gc,phases      ] GC(348) Adjust Roots 0.169ms
[101.454s][info][gc,phases,start] GC(348) Compaction Phase
[102.153s][info][gc,phases      ] GC(348) Compaction Phase 699.203ms
[102.154s][info][gc,phases,start] GC(348) Post Compact
[102.168s][info][gc,phases      ] GC(348) Post Compact 14.918ms
[102.169s][info][gc,heap        ] GC(348) PSYoungGen: 286154K(294400K)->286154K(294400K) Eden: 98303K(98304K)->98303K(98304K) From: 187850K(196096K)->187850K(196096K)
[102.169s][info][gc,heap        ] GC(348) ParOldGen: 10444799K(10444800K)->10444799K(10444800K)
[102.169s][info][gc,metaspace   ] GC(348) Metaspace: 6301K(6528K)->6301K(6528K) NonClass: 5768K(5888K)->5768K(5888K) Class: 532K(640K)->532K(640K)
[102.169s][info][gc             ] GC(348) Pause Full (Ergonomics) 10479M->10479M(10487M) 3107.859ms
[102.169s][info][gc,cpu         ] GC(348) User=23.97s Sys=0.00s Real=3.11s
[102.169s][info][gc,start       ] GC(349) Pause Full (Allocation Failure)
[102.169s][info][gc,phases,start] GC(349) Marking Phase
[104.629s][info][gc,phases      ] GC(349) Marking Phase 2460.468ms
[104.629s][info][gc,phases,start] GC(349) Summary Phase
[104.629s][info][gc,phases      ] GC(349) Summary Phase 0.110ms
[104.629s][info][gc,phases,start] GC(349) Adjust Roots
[104.630s][info][gc,phases      ] GC(349) Adjust Roots 0.209ms
[104.630s][info][gc,phases,start] GC(349) Compaction Phase
[105.316s][info][gc,phases      ] GC(349) Compaction Phase 686.234ms
[105.316s][info][gc,phases,start] GC(349) Post Compact
[105.333s][info][gc,phases      ] GC(349) Post Compact 17.250ms
[105.333s][info][gc,heap        ] GC(349) PSYoungGen: 286154K(294400K)->286154K(294400K) Eden: 98303K(98304K)->98303K(98304K) From: 187850K(196096K)->187850K(196096K)
[105.333s][info][gc,heap        ] GC(349) ParOldGen: 10444799K(10444800K)->10444799K(10444800K)
[105.333s][info][gc,metaspace   ] GC(349) Metaspace: 6301K(6528K)->6301K(6528K) NonClass: 5768K(5888K)->5768K(5888K) Class: 532K(640K)->532K(640K)
[105.333s][info][gc             ] GC(349) Pause Full (Allocation Failure) 10479M->10479M(10487M) 3164.605ms
[105.333s][info][gc,cpu         ] GC(349) User=24.59s Sys=0.00s Real=3.17s
[105.334s][info][gc,start       ] GC(350) Pause Full (Ergonomics)
[105.334s][info][gc,phases,start] GC(350) Marking Phase
[107.802s][info][gc,phases      ] GC(350) Marking Phase 2468.711ms
[107.803s][info][gc,phases,start] GC(350) Summary Phase
[107.803s][info][gc,phases      ] GC(350) Summary Phase 0.103ms
[107.803s][info][gc,phases,start] GC(350) Adjust Roots
[107.803s][info][gc,phases      ] GC(350) Adjust Roots 0.248ms
[107.803s][info][gc,phases,start] GC(350) Compaction Phase
[110.430s][info][gc,phases      ] GC(350) Compaction Phase 2627.098ms
[110.430s][info][gc,phases,start] GC(350) Post Compact
[110.446s][info][gc,phases      ] GC(350) Post Compact 16.060ms
[110.446s][info][gc,heap        ] GC(350) PSYoungGen: 286154K(294400K)->286154K(294400K) Eden: 98303K(98304K)->98303K(98304K) From: 187850K(196096K)->187850K(196096K)
[110.446s][info][gc,heap        ] GC(350) ParOldGen: 10444799K(10444800K)->10444798K(10444800K)
[110.446s][info][gc,metaspace   ] GC(350) Metaspace: 6301K(6528K)->6301K(6528K) NonClass: 5768K(5888K)->5768K(5888K) Class: 532K(640K)->532K(640K)
[110.446s][info][gc             ] GC(350) Pause Full (Ergonomics) 10479M->10479M(10487M) 5112.598ms
[110.446s][info][gc,cpu         ] GC(350) User=38.53s Sys=0.00s Real=5.11s
[110.447s][info][gc,start       ] GC(351) Pause Full (Ergonomics)
[110.447s][info][gc,phases,start] GC(351) Marking Phase
[112.862s][info][gc,phases      ] GC(351) Marking Phase 2414.777ms
[112.862s][info][gc,phases,start] GC(351) Summary Phase
[112.862s][info][gc,phases      ] GC(351) Summary Phase 0.103ms
[112.862s][info][gc,phases,start] GC(351) Adjust Roots
[112.863s][info][gc,phases      ] GC(351) Adjust Roots 0.248ms
[112.863s][info][gc,phases,start] GC(351) Compaction Phase
[115.478s][info][gc,phases      ] GC(351) Compaction Phase 2614.893ms
[115.478s][info][gc,phases,start] GC(351) Post Compact
[115.494s][info][gc,phases      ] GC(351) Post Compact 15.945ms
[115.494s][info][gc,heap        ] GC(351) PSYoungGen: 286154K(294400K)->286154K(294400K) Eden: 98303K(98304K)->98303K(98304K) From: 187850K(196096K)->187850K(196096K)
[115.494s][info][gc,heap        ] GC(351) ParOldGen: 10444799K(10444800K)->10444797K(10444800K)
[115.494s][info][gc,metaspace   ] GC(351) Metaspace: 6302K(6528K)->6302K(6528K) NonClass: 5768K(5888K)->5768K(5888K) Class: 533K(640K)->533K(640K)
[115.494s][info][gc             ] GC(351) Pause Full (Ergonomics) 10479M->10479M(10487M) 5046.470ms
[115.494s][info][gc,cpu         ] GC(351) User=38.16s Sys=0.03s Real=5.05s
[115.494s][info][gc,start       ] GC(352) Pause Full (Ergonomics)
[115.494s][info][gc,phases,start] GC(352) Marking Phase
[117.917s][info][gc,phases      ] GC(352) Marking Phase 2422.222ms
[117.917s][info][gc,phases,start] GC(352) Summary Phase
[117.917s][info][gc,phases      ] GC(352) Summary Phase 0.143ms
[117.917s][info][gc,phases,start] GC(352) Adjust Roots
[117.917s][info][gc,phases      ] GC(352) Adjust Roots 0.369ms
[117.917s][info][gc,phases,start] GC(352) Compaction Phase
[120.535s][info][gc,phases      ] GC(352) Compaction Phase 2617.650ms
[120.535s][info][gc,phases,start] GC(352) Post Compact
[120.551s][info][gc,phases      ] GC(352) Post Compact 15.969ms
[120.551s][info][gc,heap        ] GC(352) PSYoungGen: 286154K(294400K)->286154K(294400K) Eden: 98303K(98304K)->98303K(98304K) From: 187850K(196096K)->187850K(196096K)
[120.551s][info][gc,heap        ] GC(352) ParOldGen: 10444797K(10444800K)->10444797K(10444800K)
[120.551s][info][gc,metaspace   ] GC(352) Metaspace: 6304K(6528K)->6304K(6528K) NonClass: 5770K(5888K)->5770K(5888K) Class: 534K(640K)->534K(640K)
[120.551s][info][gc             ] GC(352) Pause Full (Ergonomics) 10479M->10479M(10487M) 5056.752ms
[120.551s][info][gc,cpu         ] GC(352) User=38.44s Sys=0.00s Real=5.06s
[120.551s][info][gc,heap,exit   ] Heap
[120.551s][info][gc,heap,exit   ]  PSYoungGen      total 294400K, used 286154K [0x00000006c1400000, 0x0000000704380000, 0x0000000800000000)
[120.552s][info][gc,heap,exit   ]   eden space 98304K, 99% used [0x00000006c1400000,0x00000006c73ffff8,0x00000006c7400000)
[120.552s][info][gc,heap,exit   ]   from space 196096K, 95% used [0x00000006c7400000,0x00000006d2b72ad8,0x00000006d3380000)
[120.552s][info][gc,heap,exit   ]   to   space 493056K, 0% used [0x00000006e6200000,0x00000006e6200000,0x0000000704380000)
[120.552s][info][gc,heap,exit   ]  ParOldGen       total 10444800K, used 10444797K [0x0000000443c00000, 0x00000006c1400000, 0x00000006c1400000)
[120.552s][info][gc,heap,exit   ]   object space 10444800K, 99% used [0x0000000443c00000,0x00000006c13ff608,0x00000006c1400000)
[120.552s][info][gc,heap,exit   ]  Metaspace       used 6305K, committed 6528K, reserved 1114112K
[120.552s][info][gc,heap,exit   ]   class space    used 534K, committed 640K, reserved 1048576K
