[0.013s][info][gc,init] CardTable entry size: 512
[0.013s][info][gc     ] Using Parallel
[0.014s][info][gc,init] Version: 18.0.1+10 (release)
[0.015s][info][gc,init] CPUs: 8 total, 8 available
[0.015s][info][gc,init] Memory: 16063M
[0.015s][info][gc,init] Large Page Support: Disabled
[0.015s][info][gc,init] NUMA Support: Disabled
[0.015s][info][gc,init] Compressed Oops: Enabled (Zero based)
[0.015s][info][gc,init] Alignments: Space 512K, Generation 512K, Heap 2M
[0.015s][info][gc,init] Heap Min Capacity: 2M
[0.015s][info][gc,init] Heap Initial Capacity: 2M
[0.015s][info][gc,init] Heap Max Capacity: 11900M
[0.015s][info][gc,init] Pre-touch: Disabled
[0.015s][info][gc,init] Parallel Workers: 8
[0.015s][info][gc,metaspace] CDS archive(s) not mapped
[0.015s][info][gc,metaspace] Compressed class space mapped at: 0x0000000800000000-0x0000000840000000, reserved size: 1073741824
[0.015s][info][gc,metaspace] Narrow klass base: 0x0000000800000000, Narrow klass shift: 0, Narrow klass range: 0x40000000
[0.111s][info][gc,start    ] GC(0) Pause Young (Allocation Failure)
[0.113s][info][gc,heap     ] GC(0) PSYoungGen: 512K(1024K)->480K(1024K) Eden: 512K(512K)->0K(512K) From: 0K(512K)->480K(512K)
[0.113s][info][gc,heap     ] GC(0) ParOldGen: 0K(512K)->8K(512K)
[0.113s][info][gc,metaspace] GC(0) Metaspace: 4229K(4352K)->4229K(4352K) NonClass: 3908K(3968K)->3908K(3968K) Class: 321K(384K)->321K(384K)
[0.113s][info][gc          ] GC(0) Pause Young (Allocation Failure) 0M->0M(1M) 1.334ms
[0.113s][info][gc,cpu      ] GC(0) User=0.00s Sys=0.00s Real=0.00s
[0.176s][info][gc,start    ] GC(1) Pause Young (Allocation Failure)
[0.177s][info][gc,heap     ] GC(1) PSYoungGen: 991K(1024K)->512K(1536K) Eden: 511K(512K)->0K(1024K) From: 480K(512K)->512K(512K)
[0.177s][info][gc,heap     ] GC(1) ParOldGen: 8K(512K)->88K(512K)
[0.177s][info][gc,metaspace] GC(1) Metaspace: 5876K(5952K)->5876K(5952K) NonClass: 5379K(5440K)->5379K(5440K) Class: 496K(512K)->496K(512K)
[0.177s][info][gc          ] GC(1) Pause Young (Allocation Failure) 0M->0M(2M) 0.890ms
[0.177s][info][gc,cpu      ] GC(1) User=0.00s Sys=0.00s Real=0.00s
[0.200s][info][gc,start    ] GC(2) Pause Young (Allocation Failure)
[0.201s][info][gc,heap     ] GC(2) PSYoungGen: 1536K(1536K)->512K(1536K) Eden: 1024K(1024K)->0K(1024K) From: 512K(512K)->512K(512K)
[0.201s][info][gc,heap     ] GC(2) ParOldGen: 88K(512K)->508K(512K)
[0.201s][info][gc,metaspace] GC(2) Metaspace: 6296K(6464K)->6296K(6464K) NonClass: 5763K(5824K)->5763K(5824K) Class: 533K(640K)->533K(640K)
[0.201s][info][gc          ] GC(2) Pause Young (Allocation Failure) 1M->0M(2M) 1.277ms
[0.201s][info][gc,cpu      ] GC(2) User=0.00s Sys=0.00s Real=0.00s
[0.201s][info][gc,start    ] GC(3) Pause Full (Ergonomics)
[0.201s][info][gc,phases,start] GC(3) Marking Phase
[0.202s][info][gc,phases      ] GC(3) Marking Phase 0.953ms
[0.202s][info][gc,phases,start] GC(3) Summary Phase
[0.202s][info][gc,phases      ] GC(3) Summary Phase 0.014ms
[0.202s][info][gc,phases,start] GC(3) Adjust Roots
[0.203s][info][gc,phases      ] GC(3) Adjust Roots 0.385ms
[0.203s][info][gc,phases,start] GC(3) Compaction Phase
[0.204s][info][gc,phases      ] GC(3) Compaction Phase 1.556ms
[0.204s][info][gc,phases,start] GC(3) Post Compact
[0.204s][info][gc,phases      ] GC(3) Post Compact 0.077ms
[0.204s][info][gc,heap        ] GC(3) PSYoungGen: 512K(1536K)->505K(1536K) Eden: 0K(1024K)->0K(1024K) From: 512K(512K)->505K(512K)
[0.204s][info][gc,heap        ] GC(3) ParOldGen: 508K(512K)->475K(2048K)
[0.205s][info][gc,metaspace   ] GC(3) Metaspace: 6296K(6464K)->6296K(6464K) NonClass: 5763K(5824K)->5763K(5824K) Class: 533K(640K)->533K(640K)
[0.205s][info][gc             ] GC(3) Pause Full (Ergonomics) 0M->0M(3M) 3.263ms
[0.205s][info][gc,cpu         ] GC(3) User=0.00s Sys=0.00s Real=0.00s
[0.206s][info][gc,start       ] GC(4) Pause Young (Allocation Failure)
[0.207s][info][gc,heap        ] GC(4) PSYoungGen: 1529K(1536K)->480K(2560K) Eden: 1024K(1024K)->0K(2048K) From: 505K(512K)->480K(512K)
[0.207s][info][gc,heap        ] GC(4) ParOldGen: 475K(2048K)->1031K(2048K)
[0.208s][info][gc,metaspace   ] GC(4) Metaspace: 6296K(6464K)->6296K(6464K) NonClass: 5763K(5824K)->5763K(5824K) Class: 533K(640K)->533K(640K)
[0.208s][info][gc             ] GC(4) Pause Young (Allocation Failure) 1M->1M(4M) 1.455ms
[0.208s][info][gc,cpu         ] GC(4) User=0.00s Sys=0.00s Real=0.00s
[0.211s][info][gc,start       ] GC(5) Pause Young (Allocation Failure)
[0.213s][info][gc,heap        ] GC(5) PSYoungGen: 2528K(2560K)->480K(2560K) Eden: 2048K(2048K)->0K(2048K) From: 480K(512K)->480K(512K)
[0.213s][info][gc,heap        ] GC(5) ParOldGen: 1031K(2048K)->2103K(2560K)
[0.213s][info][gc,metaspace   ] GC(5) Metaspace: 6296K(6464K)->6296K(6464K) NonClass: 5763K(5824K)->5763K(5824K) Class: 533K(640K)->533K(640K)
[0.213s][info][gc             ] GC(5) Pause Young (Allocation Failure) 3M->2M(5M) 2.429ms
[0.213s][info][gc,cpu         ] GC(5) User=0.00s Sys=0.00s Real=0.00s
[0.213s][info][gc,start       ] GC(6) Pause Full (Ergonomics)
[0.213s][info][gc,phases,start] GC(6) Marking Phase
[0.215s][info][gc,phases      ] GC(6) Marking Phase 1.641ms
[0.215s][info][gc,phases,start] GC(6) Summary Phase
[0.215s][info][gc,phases      ] GC(6) Summary Phase 0.017ms
[0.215s][info][gc,phases,start] GC(6) Adjust Roots
[0.215s][info][gc,phases      ] GC(6) Adjust Roots 0.324ms
[0.215s][info][gc,phases,start] GC(6) Compaction Phase
[0.218s][info][gc,phases      ] GC(6) Compaction Phase 2.377ms
[0.218s][info][gc,phases,start] GC(6) Post Compact
[0.218s][info][gc,phases      ] GC(6) Post Compact 0.035ms
[0.218s][info][gc,heap        ] GC(6) PSYoungGen: 480K(2560K)->0K(4096K) Eden: 0K(2048K)->0K(3072K) From: 480K(512K)->0K(1024K)
[0.218s][info][gc,heap        ] GC(6) ParOldGen: 2103K(2560K)->2542K(6144K)
[0.218s][info][gc,metaspace   ] GC(6) Metaspace: 6296K(6464K)->6296K(6464K) NonClass: 5763K(5824K)->5763K(5824K) Class: 533K(640K)->533K(640K)
[0.218s][info][gc             ] GC(6) Pause Full (Ergonomics) 2M->2M(10M) 4.847ms
[0.218s][info][gc,cpu         ] GC(6) User=0.00s Sys=0.00s Real=0.01s
[0.223s][info][gc,start       ] GC(7) Pause Young (Allocation Failure)
[0.225s][info][gc,heap        ] GC(7) PSYoungGen: 3072K(4096K)->1664K(5120K) Eden: 3072K(3072K)->0K(3072K) From: 0K(1024K)->1664K(2048K)
[0.225s][info][gc,heap        ] GC(7) ParOldGen: 2542K(6144K)->2542K(6144K)
[0.225s][info][gc,metaspace   ] GC(7) Metaspace: 6296K(6464K)->6296K(6464K) NonClass: 5763K(5824K)->5763K(5824K) Class: 533K(640K)->533K(640K)
[0.225s][info][gc             ] GC(7) Pause Young (Allocation Failure) 5M->4M(11M) 2.142ms
[0.225s][info][gc,cpu         ] GC(7) User=0.00s Sys=0.00s Real=0.00s
[0.230s][info][gc,start       ] GC(8) Pause Young (Allocation Failure)
[0.233s][info][gc,heap        ] GC(8) PSYoungGen: 4736K(5120K)->2016K(5632K) Eden: 3072K(3072K)->0K(3584K) From: 1664K(2048K)->2016K(2048K)
[0.233s][info][gc,heap        ] GC(8) ParOldGen: 2542K(6144K)->3766K(6144K)
[0.233s][info][gc,metaspace   ] GC(8) Metaspace: 6296K(6464K)->6296K(6464K) NonClass: 5763K(5824K)->5763K(5824K) Class: 533K(640K)->533K(640K)
[0.233s][info][gc             ] GC(8) Pause Young (Allocation Failure) 7M->5M(11M) 3.397ms
[0.233s][info][gc,cpu         ] GC(8) User=0.02s Sys=0.00s Real=0.00s
[0.240s][info][gc,start       ] GC(9) Pause Young (Allocation Failure)
[0.243s][info][gc,heap        ] GC(9) PSYoungGen: 5600K(5632K)->3040K(6656K) Eden: 3584K(3584K)->0K(3584K) From: 2016K(2048K)->3040K(3072K)
[0.243s][info][gc,heap        ] GC(9) ParOldGen: 3766K(6144K)->4606K(6144K)
[0.243s][info][gc,metaspace   ] GC(9) Metaspace: 6296K(6464K)->6296K(6464K) NonClass: 5763K(5824K)->5763K(5824K) Class: 533K(640K)->533K(640K)
[0.243s][info][gc             ] GC(9) Pause Young (Allocation Failure) 9M->7M(12M) 3.459ms
[0.243s][info][gc,cpu         ] GC(9) User=0.00s Sys=0.00s Real=0.00s
[0.248s][info][gc,start       ] GC(10) Pause Young (Allocation Failure)
[0.252s][info][gc,heap        ] GC(10) PSYoungGen: 6624K(6656K)->4064K(8704K) Eden: 3584K(3584K)->0K(4608K) From: 3040K(3072K)->4064K(4096K)
[0.253s][info][gc,heap        ] GC(10) ParOldGen: 4606K(6144K)->5446K(6144K)
[0.253s][info][gc,metaspace   ] GC(10) Metaspace: 6296K(6464K)->6296K(6464K) NonClass: 5763K(5824K)->5763K(5824K) Class: 533K(640K)->533K(640K)
[0.253s][info][gc             ] GC(10) Pause Young (Allocation Failure) 10M->9M(14M) 4.242ms
[0.253s][info][gc,cpu         ] GC(10) User=0.00s Sys=0.00s Real=0.01s
[0.253s][info][gc,start       ] GC(11) Pause Full (Ergonomics)
[0.253s][info][gc,phases,start] GC(11) Marking Phase
[0.258s][info][gc,phases      ] GC(11) Marking Phase 4.984ms
[0.258s][info][gc,phases,start] GC(11) Summary Phase
[0.258s][info][gc,phases      ] GC(11) Summary Phase 0.019ms
[0.258s][info][gc,phases,start] GC(11) Adjust Roots
[0.258s][info][gc,phases      ] GC(11) Adjust Roots 0.442ms
[0.258s][info][gc,phases,start] GC(11) Compaction Phase
[0.264s][info][gc,phases      ] GC(11) Compaction Phase 6.154ms
[0.265s][info][gc,phases,start] GC(11) Post Compact
[0.265s][info][gc,phases      ] GC(11) Post Compact 0.053ms
[0.265s][info][gc,heap        ] GC(11) PSYoungGen: 4064K(8704K)->3545K(8704K) Eden: 0K(4608K)->0K(4608K) From: 4064K(4096K)->3545K(4096K)
[0.265s][info][gc,heap        ] GC(11) ParOldGen: 5446K(6144K)->5820K(10752K)
[0.265s][info][gc,metaspace   ] GC(11) Metaspace: 6296K(6464K)->6296K(6464K) NonClass: 5763K(5824K)->5763K(5824K) Class: 533K(640K)->533K(640K)
[0.265s][info][gc             ] GC(11) Pause Full (Ergonomics) 9M->9M(19M) 11.999ms
[0.265s][info][gc,cpu         ] GC(11) User=0.02s Sys=0.00s Real=0.01s
[0.270s][info][gc,start       ] GC(12) Pause Young (Allocation Failure)
[0.274s][info][gc,heap        ] GC(12) PSYoungGen: 8099K(8704K)->5088K(9728K) Eden: 4553K(4608K)->0K(4608K) From: 3545K(4096K)->5088K(5120K)
[0.274s][info][gc,heap        ] GC(12) ParOldGen: 5820K(10752K)->6612K(10752K)
[0.274s][info][gc,metaspace   ] GC(12) Metaspace: 6296K(6464K)->6296K(6464K) NonClass: 5763K(5824K)->5763K(5824K) Class: 533K(640K)->533K(640K)
[0.274s][info][gc             ] GC(12) Pause Young (Allocation Failure) 13M->11M(20M) 4.126ms
[0.274s][info][gc,cpu         ] GC(12) User=0.00s Sys=0.00s Real=0.01s
[0.281s][info][gc,start       ] GC(13) Pause Young (Allocation Failure)
[0.287s][info][gc,heap        ] GC(13) PSYoungGen: 9696K(9728K)->6112K(11264K) Eden: 4608K(4608K)->0K(5120K) From: 5088K(5120K)->6112K(6144K)
[0.287s][info][gc,heap        ] GC(13) ParOldGen: 6612K(10752K)->7980K(10752K)
[0.287s][info][gc,metaspace   ] GC(13) Metaspace: 6296K(6464K)->6296K(6464K) NonClass: 5763K(5824K)->5763K(5824K) Class: 533K(640K)->533K(640K)
[0.287s][info][gc             ] GC(13) Pause Young (Allocation Failure) 15M->13M(21M) 6.225ms
[0.287s][info][gc,cpu         ] GC(13) User=0.00s Sys=0.00s Real=0.01s
[0.291s][info][gc,start       ] GC(14) Pause Young (Allocation Failure)
[0.297s][info][gc,heap        ] GC(14) PSYoungGen: 11232K(11264K)->5248K(12800K) Eden: 5120K(5120K)->0K(5120K) From: 6112K(6144K)->5248K(7680K)
[0.297s][info][gc,heap        ] GC(14) ParOldGen: 7980K(10752K)->11572K(11776K)
[0.297s][info][gc,metaspace   ] GC(14) Metaspace: 6298K(6464K)->6298K(6464K) NonClass: 5765K(5824K)->5765K(5824K) Class: 533K(640K)->533K(640K)
[0.297s][info][gc             ] GC(14) Pause Young (Allocation Failure) 18M->16M(24M) 5.912ms
[0.297s][info][gc,cpu         ] GC(14) User=0.00s Sys=0.00s Real=0.01s
[0.297s][info][gc,start       ] GC(15) Pause Full (Ergonomics)
[0.297s][info][gc,phases,start] GC(15) Marking Phase
[0.305s][info][gc,phases      ] GC(15) Marking Phase 7.527ms
[0.305s][info][gc,phases,start] GC(15) Summary Phase
[0.305s][info][gc,phases      ] GC(15) Summary Phase 0.015ms
[0.305s][info][gc,phases,start] GC(15) Adjust Roots
[0.305s][info][gc,phases      ] GC(15) Adjust Roots 0.214ms
[0.305s][info][gc,phases,start] GC(15) Compaction Phase
[0.311s][info][gc,phases      ] GC(15) Compaction Phase 6.237ms
[0.312s][info][gc,phases,start] GC(15) Post Compact
[0.312s][info][gc,phases      ] GC(15) Post Compact 0.069ms
[0.312s][info][gc,heap        ] GC(15) PSYoungGen: 5248K(12800K)->5185K(12800K) Eden: 0K(5120K)->0K(5120K) From: 5248K(7680K)->5185K(7680K)
[0.312s][info][gc,heap        ] GC(15) ParOldGen: 11572K(11776K)->11464K(18432K)
[0.312s][info][gc,metaspace   ] GC(15) Metaspace: 6298K(6464K)->6298K(6464K) NonClass: 5765K(5824K)->5765K(5824K) Class: 533K(640K)->533K(640K)
[0.312s][info][gc             ] GC(15) Pause Full (Ergonomics) 16M->16M(30M) 14.481ms
[0.312s][info][gc,cpu         ] GC(15) User=0.00s Sys=0.00s Real=0.01s
[0.315s][info][gc,start       ] GC(16) Pause Young (Allocation Failure)
[0.322s][info][gc,heap        ] GC(16) PSYoungGen: 10305K(12800K)->2656K(14336K) Eden: 5120K(5120K)->0K(7168K) From: 5185K(7680K)->2656K(7168K)
[0.322s][info][gc,heap        ] GC(16) ParOldGen: 11464K(18432K)->16736K(18432K)
[0.322s][info][gc,metaspace   ] GC(16) Metaspace: 6298K(6464K)->6298K(6464K) NonClass: 5765K(5824K)->5765K(5824K) Class: 533K(640K)->533K(640K)
[0.322s][info][gc             ] GC(16) Pause Young (Allocation Failure) 21M->18M(32M) 6.801ms
[0.322s][info][gc,cpu         ] GC(16) User=0.00s Sys=0.00s Real=0.01s
[0.322s][info][gc,start       ] GC(17) Pause Full (Ergonomics)
[0.322s][info][gc,phases,start] GC(17) Marking Phase
[0.330s][info][gc,phases      ] GC(17) Marking Phase 8.384ms
[0.330s][info][gc,phases,start] GC(17) Summary Phase
[0.330s][info][gc,phases      ] GC(17) Summary Phase 0.015ms
[0.330s][info][gc,phases,start] GC(17) Adjust Roots
[0.331s][info][gc,phases      ] GC(17) Adjust Roots 0.212ms
[0.331s][info][gc,phases,start] GC(17) Compaction Phase
[0.337s][info][gc,phases      ] GC(17) Compaction Phase 5.832ms
[0.337s][info][gc,phases,start] GC(17) Post Compact
[0.337s][info][gc,phases      ] GC(17) Post Compact 0.085ms
[0.337s][info][gc,heap        ] GC(17) PSYoungGen: 2656K(14336K)->1106K(14848K) Eden: 0K(7168K)->0K(7680K) From: 2656K(7168K)->1106K(7168K)
[0.337s][info][gc,heap        ] GC(17) ParOldGen: 16736K(18432K)->18182K(27648K)
[0.337s][info][gc,metaspace   ] GC(17) Metaspace: 6298K(6464K)->6298K(6464K) NonClass: 5765K(5824K)->5765K(5824K) Class: 533K(640K)->533K(640K)
[0.337s][info][gc             ] GC(17) Pause Full (Ergonomics) 18M->18M(41M) 14.849ms
[0.337s][info][gc,cpu         ] GC(17) User=0.02s Sys=0.00s Real=0.01s
[0.341s][info][gc,start       ] GC(18) Pause Young (Allocation Failure)
[0.346s][info][gc,heap        ] GC(18) PSYoungGen: 7796K(14848K)->3424K(15360K) Eden: 6689K(7680K)->0K(7680K) From: 1106K(7168K)->3424K(7680K)
[0.346s][info][gc,heap        ] GC(18) ParOldGen: 18182K(27648K)->19318K(27648K)
[0.346s][info][gc,metaspace   ] GC(18) Metaspace: 6298K(6464K)->6298K(6464K) NonClass: 5765K(5824K)->5765K(5824K) Class: 533K(640K)->533K(640K)
[0.346s][info][gc             ] GC(18) Pause Young (Allocation Failure) 25M->22M(42M) 4.761ms
[0.346s][info][gc,cpu         ] GC(18) User=0.00s Sys=0.00s Real=0.01s
[0.352s][info][gc,start       ] GC(19) Pause Young (Allocation Failure)
[0.359s][info][gc,heap        ] GC(19) PSYoungGen: 11104K(15360K)->4480K(17920K) Eden: 7680K(7680K)->0K(10240K) From: 3424K(7680K)->4480K(7680K)
[0.359s][info][gc,heap        ] GC(19) ParOldGen: 19318K(27648K)->22774K(27648K)
[0.359s][info][gc,metaspace   ] GC(19) Metaspace: 6298K(6464K)->6298K(6464K) NonClass: 5765K(5824K)->5765K(5824K) Class: 533K(640K)->533K(640K)
[0.359s][info][gc             ] GC(19) Pause Young (Allocation Failure) 29M->26M(44M) 6.883ms
[0.359s][info][gc,cpu         ] GC(19) User=0.02s Sys=0.00s Real=0.01s
[0.366s][info][gc,start       ] GC(20) Pause Young (Allocation Failure)
[0.373s][info][gc,heap        ] GC(20) PSYoungGen: 14720K(17920K)->5344K(17920K) Eden: 10240K(10240K)->0K(10240K) From: 4480K(7680K)->5344K(7680K)
[0.373s][info][gc,heap        ] GC(20) ParOldGen: 22774K(27648K)->27302K(27648K)
[0.373s][info][gc,metaspace   ] GC(20) Metaspace: 6298K(6464K)->6298K(6464K) NonClass: 5765K(5824K)->5765K(5824K) Class: 533K(640K)->533K(640K)
[0.373s][info][gc             ] GC(20) Pause Young (Allocation Failure) 36M->31M(44M) 7.654ms
[0.373s][info][gc,cpu         ] GC(20) User=0.00s Sys=0.00s Real=0.01s
[0.373s][info][gc,start       ] GC(21) Pause Full (Ergonomics)
[0.374s][info][gc,phases,start] GC(21) Marking Phase
[0.386s][info][gc,phases      ] GC(21) Marking Phase 12.659ms
[0.386s][info][gc,phases,start] GC(21) Summary Phase
[0.386s][info][gc,phases      ] GC(21) Summary Phase 0.016ms
[0.386s][info][gc,phases,start] GC(21) Adjust Roots
[0.386s][info][gc,phases      ] GC(21) Adjust Roots 0.215ms
[0.386s][info][gc,phases,start] GC(21) Compaction Phase
[0.398s][info][gc,phases      ] GC(21) Compaction Phase 11.698ms
[0.398s][info][gc,phases,start] GC(21) Post Compact
[0.398s][info][gc,phases      ] GC(21) Post Compact 0.115ms
[0.399s][info][gc,heap        ] GC(21) PSYoungGen: 5344K(17920K)->4780K(17920K) Eden: 0K(10240K)->0K(10240K) From: 5344K(7680K)->4780K(7680K)
[0.399s][info][gc,heap        ] GC(21) ParOldGen: 27302K(27648K)->27140K(38912K)
[0.399s][info][gc,metaspace   ] GC(21) Metaspace: 6298K(6464K)->6298K(6464K) NonClass: 5765K(5824K)->5765K(5824K) Class: 533K(640K)->533K(640K)
[0.399s][info][gc             ] GC(21) Pause Full (Ergonomics) 31M->31M(55M) 25.115ms
[0.399s][info][gc,cpu         ] GC(21) User=0.00s Sys=0.00s Real=0.03s
[0.407s][info][gc,start       ] GC(22) Pause Young (Allocation Failure)
[0.419s][info][gc,heap        ] GC(22) PSYoungGen: 15020K(17920K)->8192K(17920K) Eden: 10240K(10240K)->0K(9728K) From: 4780K(7680K)->8192K(8192K)
[0.420s][info][gc,heap        ] GC(22) ParOldGen: 27140K(38912K)->32972K(38912K)
[0.420s][info][gc,metaspace   ] GC(22) Metaspace: 6298K(6464K)->6298K(6464K) NonClass: 5765K(5824K)->5765K(5824K) Class: 533K(640K)->533K(640K)
[0.420s][info][gc             ] GC(22) Pause Young (Allocation Failure) 41M->40M(55M) 12.227ms
[0.420s][info][gc,cpu         ] GC(22) User=0.02s Sys=0.00s Real=0.01s
[0.420s][info][gc,start       ] GC(23) Pause Full (Ergonomics)
[0.420s][info][gc,phases,start] GC(23) Marking Phase
[0.436s][info][gc,phases      ] GC(23) Marking Phase 16.351ms
[0.436s][info][gc,phases,start] GC(23) Summary Phase
[0.436s][info][gc,phases      ] GC(23) Summary Phase 0.017ms
[0.436s][info][gc,phases,start] GC(23) Adjust Roots
[0.436s][info][gc,phases      ] GC(23) Adjust Roots 0.171ms
[0.436s][info][gc,phases,start] GC(23) Compaction Phase
[0.447s][info][gc,phases      ] GC(23) Compaction Phase 10.558ms
[0.447s][info][gc,phases,start] GC(23) Post Compact
[0.447s][info][gc,phases      ] GC(23) Post Compact 0.169ms
[0.447s][info][gc,heap        ] GC(23) PSYoungGen: 8192K(17920K)->2554K(17920K) Eden: 0K(9728K)->0K(9728K) From: 8192K(8192K)->2554K(8192K)
[0.447s][info][gc,heap        ] GC(23) ParOldGen: 32972K(38912K)->38490K(52736K)
[0.447s][info][gc,metaspace   ] GC(23) Metaspace: 6298K(6464K)->6298K(6464K) NonClass: 5765K(5824K)->5765K(5824K) Class: 533K(640K)->533K(640K)
[0.447s][info][gc             ] GC(23) Pause Full (Ergonomics) 40M->40M(69M) 27.623ms
[0.447s][info][gc,cpu         ] GC(23) User=0.03s Sys=0.00s Real=0.03s
[0.461s][info][gc,start       ] GC(24) Pause Young (Allocation Failure)
[0.471s][info][gc,heap        ] GC(24) PSYoungGen: 12282K(17920K)->9728K(20992K) Eden: 9728K(9728K)->0K(9728K) From: 2554K(8192K)->9728K(11264K)
[0.471s][info][gc,heap        ] GC(24) ParOldGen: 38490K(52736K)->41090K(52736K)
[0.471s][info][gc,metaspace   ] GC(24) Metaspace: 6298K(6464K)->6298K(6464K) NonClass: 5765K(5824K)->5765K(5824K) Class: 533K(640K)->533K(640K)
[0.471s][info][gc             ] GC(24) Pause Young (Allocation Failure) 49M->49M(72M) 9.707ms
[0.471s][info][gc,cpu         ] GC(24) User=0.00s Sys=0.00s Real=0.01s
[0.480s][info][gc,start       ] GC(25) Pause Young (Allocation Failure)
[0.494s][info][gc,heap        ] GC(25) PSYoungGen: 19456K(20992K)->12768K(19968K) Eden: 9728K(9728K)->0K(7168K) From: 9728K(11264K)->12768K(12800K)
[0.494s][info][gc,heap        ] GC(25) ParOldGen: 41090K(52736K)->47858K(52736K)
[0.494s][info][gc,metaspace   ] GC(25) Metaspace: 6298K(6464K)->6298K(6464K) NonClass: 5765K(5824K)->5765K(5824K) Class: 533K(640K)->533K(640K)
[0.494s][info][gc             ] GC(25) Pause Young (Allocation Failure) 59M->59M(71M) 13.620ms
[0.494s][info][gc,cpu         ] GC(25) User=0.00s Sys=0.00s Real=0.01s
[0.494s][info][gc,start       ] GC(26) Pause Full (Ergonomics)
[0.494s][info][gc,phases,start] GC(26) Marking Phase
[0.518s][info][gc,phases      ] GC(26) Marking Phase 24.351ms
[0.518s][info][gc,phases,start] GC(26) Summary Phase
[0.518s][info][gc,phases      ] GC(26) Summary Phase 0.015ms
[0.518s][info][gc,phases,start] GC(26) Adjust Roots
[0.518s][info][gc,phases      ] GC(26) Adjust Roots 0.154ms
[0.518s][info][gc,phases,start] GC(26) Compaction Phase
[0.537s][info][gc,phases      ] GC(26) Compaction Phase 18.897ms
[0.537s][info][gc,phases,start] GC(26) Post Compact
[0.538s][info][gc,phases      ] GC(26) Post Compact 0.202ms
[0.538s][info][gc,heap        ] GC(26) PSYoungGen: 12768K(19968K)->7122K(19968K) Eden: 0K(7168K)->0K(7168K) From: 12768K(12800K)->7122K(12800K)
[0.538s][info][gc,heap        ] GC(26) ParOldGen: 47858K(52736K)->52302K(69120K)
[0.538s][info][gc,metaspace   ] GC(26) Metaspace: 6298K(6464K)->6298K(6464K) NonClass: 5765K(5824K)->5765K(5824K) Class: 533K(640K)->533K(640K)
[0.538s][info][gc             ] GC(26) Pause Full (Ergonomics) 59M->58M(87M) 43.995ms
[0.538s][info][gc,cpu         ] GC(26) User=0.06s Sys=0.00s Real=0.05s
[0.545s][info][gc,start       ] GC(27) Pause Young (Allocation Failure)
[0.559s][info][gc,heap        ] GC(27) PSYoungGen: 14290K(19968K)->7200K(24576K) Eden: 7168K(7168K)->0K(7168K) From: 7122K(12800K)->7200K(17408K)
[0.559s][info][gc,heap        ] GC(27) ParOldGen: 52302K(69120K)->59550K(69120K)
[0.559s][info][gc,metaspace   ] GC(27) Metaspace: 6298K(6464K)->6298K(6464K) NonClass: 5765K(5824K)->5765K(5824K) Class: 533K(640K)->533K(640K)
[0.559s][info][gc             ] GC(27) Pause Young (Allocation Failure) 65M->65M(91M) 14.062ms
[0.559s][info][gc,cpu         ] GC(27) User=0.00s Sys=0.00s Real=0.01s
[0.567s][info][gc,start       ] GC(28) Pause Young (Allocation Failure)
[0.577s][info][gc,heap        ] GC(28) PSYoungGen: 14368K(24576K)->14336K(23040K) Eden: 7168K(7168K)->0K(6656K) From: 7200K(17408K)->14336K(16384K)
[0.577s][info][gc,heap        ] GC(28) ParOldGen: 59550K(69120K)->59550K(69120K)
[0.577s][info][gc,metaspace   ] GC(28) Metaspace: 6298K(6464K)->6298K(6464K) NonClass: 5765K(5824K)->5765K(5824K) Class: 533K(640K)->533K(640K)
[0.577s][info][gc             ] GC(28) Pause Young (Allocation Failure) 72M->72M(90M) 10.402ms
[0.577s][info][gc,cpu         ] GC(28) User=0.02s Sys=0.00s Real=0.01s
[0.585s][info][gc,start       ] GC(29) Pause Young (Allocation Failure)
[0.599s][info][gc,heap        ] GC(29) PSYoungGen: 20992K(23040K)->13824K(25088K) Eden: 6656K(6656K)->0K(6656K) From: 14336K(16384K)->13824K(18432K)
[0.599s][info][gc,heap        ] GC(29) ParOldGen: 59550K(69120K)->66814K(69120K)
[0.599s][info][gc,metaspace   ] GC(29) Metaspace: 6298K(6464K)->6298K(6464K) NonClass: 5765K(5824K)->5765K(5824K) Class: 533K(640K)->533K(640K)
[0.599s][info][gc             ] GC(29) Pause Young (Allocation Failure) 78M->78M(92M) 14.094ms
[0.599s][info][gc,cpu         ] GC(29) User=0.00s Sys=0.00s Real=0.01s
[0.599s][info][gc,start       ] GC(30) Pause Full (Ergonomics)
[0.599s][info][gc,phases,start] GC(30) Marking Phase
[0.631s][info][gc,phases      ] GC(30) Marking Phase 31.852ms
[0.631s][info][gc,phases,start] GC(30) Summary Phase
[0.631s][info][gc,phases      ] GC(30) Summary Phase 0.018ms
[0.631s][info][gc,phases,start] GC(30) Adjust Roots
[0.632s][info][gc,phases      ] GC(30) Adjust Roots 0.172ms
[0.632s][info][gc,phases,start] GC(30) Compaction Phase
[0.652s][info][gc,phases      ] GC(30) Compaction Phase 20.303ms
[0.652s][info][gc,phases,start] GC(30) Post Compact
[0.652s][info][gc,phases      ] GC(30) Post Compact 0.536ms
[0.653s][info][gc,heap        ] GC(30) PSYoungGen: 13824K(25088K)->11209K(25088K) Eden: 0K(6656K)->0K(6656K) From: 13824K(18432K)->11209K(18432K)
[0.653s][info][gc,heap        ] GC(30) ParOldGen: 66814K(69120K)->69119K(89600K)
[0.653s][info][gc,metaspace   ] GC(30) Metaspace: 6298K(6464K)->6298K(6464K) NonClass: 5765K(5824K)->5765K(5824K) Class: 533K(640K)->533K(640K)
[0.653s][info][gc             ] GC(30) Pause Full (Ergonomics) 78M->78M(112M) 53.323ms
[0.653s][info][gc,cpu         ] GC(30) User=0.08s Sys=0.00s Real=0.05s
[0.661s][info][gc,start       ] GC(31) Pause Young (Allocation Failure)
[0.678s][info][gc,heap        ] GC(31) PSYoungGen: 17865K(25088K)->11936K(27648K) Eden: 6656K(6656K)->0K(8192K) From: 11209K(18432K)->11936K(19456K)
[0.678s][info][gc,heap        ] GC(31) ParOldGen: 69119K(89600K)->75175K(89600K)
[0.678s][info][gc,metaspace   ] GC(31) Metaspace: 6298K(6464K)->6298K(6464K) NonClass: 5765K(5824K)->5765K(5824K) Class: 533K(640K)->533K(640K)
[0.678s][info][gc             ] GC(31) Pause Young (Allocation Failure) 84M->85M(114M) 17.200ms
[0.678s][info][gc,cpu         ] GC(31) User=0.03s Sys=0.00s Real=0.02s
[0.693s][info][gc,start       ] GC(32) Pause Young (Allocation Failure)
[0.707s][info][gc,heap        ] GC(32) PSYoungGen: 20128K(27648K)->14880K(28160K) Eden: 8192K(8192K)->0K(8192K) From: 11936K(19456K)->14880K(19968K)
[0.707s][info][gc,heap        ] GC(32) ParOldGen: 75175K(89600K)->80519K(89600K)
[0.707s][info][gc,metaspace   ] GC(32) Metaspace: 6298K(6464K)->6298K(6464K) NonClass: 5765K(5824K)->5765K(5824K) Class: 533K(640K)->533K(640K)
[0.707s][info][gc             ] GC(32) Pause Young (Allocation Failure) 93M->93M(115M) 14.234ms
[0.707s][info][gc,cpu         ] GC(32) User=0.00s Sys=0.00s Real=0.02s
[0.707s][info][gc,start       ] GC(33) Pause Full (Ergonomics)
[0.707s][info][gc,phases,start] GC(33) Marking Phase
[0.743s][info][gc,phases      ] GC(33) Marking Phase 35.328ms
[0.743s][info][gc,phases,start] GC(33) Summary Phase
[0.743s][info][gc,phases      ] GC(33) Summary Phase 0.018ms
[0.743s][info][gc,phases,start] GC(33) Adjust Roots
[0.743s][info][gc,phases      ] GC(33) Adjust Roots 0.154ms
[0.743s][info][gc,phases,start] GC(33) Compaction Phase
[0.769s][info][gc,phases      ] GC(33) Compaction Phase 26.312ms
[0.769s][info][gc,phases,start] GC(33) Post Compact
[0.770s][info][gc,phases      ] GC(33) Post Compact 0.302ms
[0.770s][info][gc,heap        ] GC(33) PSYoungGen: 14880K(28160K)->3553K(28160K) Eden: 0K(8192K)->0K(8192K) From: 14880K(19968K)->3553K(19968K)
[0.770s][info][gc,heap        ] GC(33) ParOldGen: 80519K(89600K)->89530K(112128K)
[0.770s][info][gc,metaspace   ] GC(33) Metaspace: 6298K(6464K)->6298K(6464K) NonClass: 5765K(5824K)->5765K(5824K) Class: 533K(640K)->533K(640K)
[0.770s][info][gc             ] GC(33) Pause Full (Ergonomics) 93M->90M(137M) 62.525ms
[0.770s][info][gc,cpu         ] GC(33) User=0.11s Sys=0.00s Real=0.06s
[0.778s][info][gc,start       ] GC(34) Pause Young (Allocation Failure)
[0.790s][info][gc,heap        ] GC(34) PSYoungGen: 11745K(28160K)->10144K(29184K) Eden: 8192K(8192K)->0K(9728K) From: 3553K(19968K)->10144K(19456K)
[0.791s][info][gc,heap        ] GC(34) ParOldGen: 89530K(112128K)->91210K(112128K)
[0.791s][info][gc,metaspace   ] GC(34) Metaspace: 6298K(6464K)->6298K(6464K) NonClass: 5765K(5824K)->5765K(5824K) Class: 533K(640K)->533K(640K)
[0.791s][info][gc             ] GC(34) Pause Young (Allocation Failure) 98M->98M(138M) 12.313ms
[0.791s][info][gc,cpu         ] GC(34) User=0.00s Sys=0.00s Real=0.01s
[0.800s][info][gc,start       ] GC(35) Pause Young (Allocation Failure)
[0.812s][info][gc,heap        ] GC(35) PSYoungGen: 19872K(29184K)->19840K(30208K) Eden: 9728K(9728K)->0K(9728K) From: 10144K(19456K)->19840K(20480K)
[0.812s][info][gc,heap        ] GC(35) ParOldGen: 91210K(112128K)->91210K(112128K)
[0.812s][info][gc,metaspace   ] GC(35) Metaspace: 6298K(6464K)->6298K(6464K) NonClass: 5765K(5824K)->5765K(5824K) Class: 533K(640K)->533K(640K)
[0.812s][info][gc             ] GC(35) Pause Young (Allocation Failure) 108M->108M(139M) 11.792ms
[0.812s][info][gc,cpu         ] GC(35) User=0.00s Sys=0.00s Real=0.01s
[0.820s][info][gc,start       ] GC(36) Pause Young (Allocation Failure)
[0.838s][info][gc,heap        ] GC(36) PSYoungGen: 29568K(30208K)->23552K(29184K) Eden: 9728K(9728K)->0K(5632K) From: 19840K(20480K)->23552K(23552K)
[0.838s][info][gc,heap        ] GC(36) ParOldGen: 91210K(112128K)->97266K(112128K)
[0.838s][info][gc,metaspace   ] GC(36) Metaspace: 6298K(6464K)->6298K(6464K) NonClass: 5765K(5824K)->5765K(5824K) Class: 533K(640K)->533K(640K)
[0.838s][info][gc             ] GC(36) Pause Young (Allocation Failure) 117M->117M(138M) 17.277ms
[0.838s][info][gc,cpu         ] GC(36) User=0.03s Sys=0.00s Real=0.02s
[0.844s][info][gc,start       ] GC(37) Pause Young (Allocation Failure)
[0.859s][info][gc,heap        ] GC(37) PSYoungGen: 29184K(29184K)->19872K(34816K) Eden: 5632K(5632K)->0K(5632K) From: 23552K(23552K)->19872K(29184K)
[0.859s][info][gc,heap        ] GC(37) ParOldGen: 97266K(112128K)->106722K(112128K)
[0.859s][info][gc,metaspace   ] GC(37) Metaspace: 6298K(6464K)->6298K(6464K) NonClass: 5765K(5824K)->5765K(5824K) Class: 533K(640K)->533K(640K)
[0.859s][info][gc             ] GC(37) Pause Young (Allocation Failure) 123M->123M(143M) 15.047ms
[0.859s][info][gc,cpu         ] GC(37) User=0.02s Sys=0.00s Real=0.02s
[0.859s][info][gc,start       ] GC(38) Pause Full (Ergonomics)
[0.859s][info][gc,phases,start] GC(38) Marking Phase
[0.902s][info][gc,phases      ] GC(38) Marking Phase 43.378ms
[0.902s][info][gc,phases,start] GC(38) Summary Phase
[0.902s][info][gc,phases      ] GC(38) Summary Phase 0.020ms
[0.902s][info][gc,phases,start] GC(38) Adjust Roots
[0.902s][info][gc,phases      ] GC(38) Adjust Roots 0.181ms
[0.902s][info][gc,phases,start] GC(38) Compaction Phase
[0.929s][info][gc,phases      ] GC(38) Compaction Phase 26.239ms
[0.929s][info][gc,phases,start] GC(38) Post Compact
[0.930s][info][gc,phases      ] GC(38) Post Compact 0.734ms
[0.930s][info][gc,heap        ] GC(38) PSYoungGen: 19872K(34816K)->14176K(34816K) Eden: 0K(5632K)->0K(5632K) From: 19872K(29184K)->14176K(29184K)
[0.930s][info][gc,heap        ] GC(38) ParOldGen: 106722K(112128K)->112056K(137728K)
[0.930s][info][gc,metaspace   ] GC(38) Metaspace: 6298K(6464K)->6298K(6464K) NonClass: 5765K(5824K)->5765K(5824K) Class: 533K(640K)->533K(640K)
[0.930s][info][gc             ] GC(38) Pause Full (Ergonomics) 123M->123M(168M) 71.027ms
[0.930s][info][gc,cpu         ] GC(38) User=0.14s Sys=0.00s Real=0.07s
[0.936s][info][gc,start       ] GC(39) Pause Young (Allocation Failure)
[0.953s][info][gc,heap        ] GC(39) PSYoungGen: 19808K(34816K)->10048K(34304K) Eden: 5632K(5632K)->0K(6656K) From: 14176K(29184K)->10048K(27648K)
[0.953s][info][gc,heap        ] GC(39) ParOldGen: 112056K(137728K)->122064K(137728K)
[0.953s][info][gc,metaspace   ] GC(39) Metaspace: 6298K(6464K)->6298K(6464K) NonClass: 5765K(5824K)->5765K(5824K) Class: 533K(640K)->533K(640K)
[0.953s][info][gc             ] GC(39) Pause Young (Allocation Failure) 128M->129M(168M) 17.376ms
[0.953s][info][gc,cpu         ] GC(39) User=0.03s Sys=0.00s Real=0.02s
[0.961s][info][gc,start       ] GC(40) Pause Young (Allocation Failure)
[0.970s][info][gc,heap        ] GC(40) PSYoungGen: 16704K(34304K)->12320K(35840K) Eden: 6656K(6656K)->0K(6656K) From: 10048K(27648K)->12320K(29184K)
[0.970s][info][gc,heap        ] GC(40) ParOldGen: 122064K(137728K)->126488K(137728K)
[0.970s][info][gc,metaspace   ] GC(40) Metaspace: 6298K(6464K)->6298K(6464K) NonClass: 5765K(5824K)->5765K(5824K) Class: 533K(640K)->533K(640K)
[0.970s][info][gc             ] GC(40) Pause Young (Allocation Failure) 135M->135M(169M) 8.904ms
[0.970s][info][gc,cpu         ] GC(40) User=0.02s Sys=0.00s Real=0.01s
[0.970s][info][gc,start       ] GC(41) Pause Full (Ergonomics)
[0.970s][info][gc,phases,start] GC(41) Marking Phase
[1.009s][info][gc,phases      ] GC(41) Marking Phase 38.890ms
[1.009s][info][gc,phases,start] GC(41) Summary Phase
[1.009s][info][gc,phases      ] GC(41) Summary Phase 0.017ms
[1.009s][info][gc,phases,start] GC(41) Adjust Roots
[1.009s][info][gc,phases      ] GC(41) Adjust Roots 0.142ms
[1.009s][info][gc,phases,start] GC(41) Compaction Phase
[1.028s][info][gc,phases      ] GC(41) Compaction Phase 18.529ms
[1.028s][info][gc,phases,start] GC(41) Post Compact
[1.029s][info][gc,phases      ] GC(41) Post Compact 0.914ms
[1.029s][info][gc,heap        ] GC(41) PSYoungGen: 12320K(35840K)->987K(7680K) Eden: 0K(6656K)->0K(6656K) From: 12320K(29184K)->987K(1024K)
[1.029s][info][gc,heap        ] GC(41) ParOldGen: 126488K(137728K)->137474K(165888K)
[1.029s][info][gc,metaspace   ] GC(41) Metaspace: 6298K(6464K)->6298K(6464K) NonClass: 5765K(5824K)->5765K(5824K) Class: 533K(640K)->533K(640K)
[1.029s][info][gc             ] GC(41) Pause Full (Ergonomics) 135M->135M(169M) 59.143ms
[1.029s][info][gc,cpu         ] GC(41) User=0.17s Sys=0.00s Real=0.06s
[1.036s][info][gc,start       ] GC(42) Pause Young (Allocation Failure)
[1.049s][info][gc,heap        ] GC(42) PSYoungGen: 7643K(7680K)->7520K(34304K) Eden: 6656K(6656K)->0K(7680K) From: 987K(1024K)->7520K(26624K)
[1.049s][info][gc,heap        ] GC(42) ParOldGen: 137474K(165888K)->137674K(165888K)
[1.049s][info][gc,metaspace   ] GC(42) Metaspace: 6298K(6464K)->6298K(6464K) NonClass: 5765K(5824K)->5765K(5824K) Class: 533K(640K)->533K(640K)
[1.049s][info][gc             ] GC(42) Pause Young (Allocation Failure) 141M->141M(195M) 13.678ms
[1.049s][info][gc,cpu         ] GC(42) User=0.02s Sys=0.00s Real=0.01s
[1.057s][info][gc,start       ] GC(43) Pause Young (Allocation Failure)
[1.066s][info][gc,heap        ] GC(43) PSYoungGen: 15200K(34304K)->15168K(34816K) Eden: 7680K(7680K)->0K(7680K) From: 7520K(26624K)->15168K(27136K)
[1.066s][info][gc,heap        ] GC(43) ParOldGen: 137674K(165888K)->137674K(165888K)
[1.066s][info][gc,metaspace   ] GC(43) Metaspace: 6298K(6464K)->6298K(6464K) NonClass: 5765K(5824K)->5765K(5824K) Class: 533K(640K)->533K(640K)
[1.066s][info][gc             ] GC(43) Pause Young (Allocation Failure) 149M->149M(196M) 9.729ms
[1.066s][info][gc,cpu         ] GC(43) User=0.02s Sys=0.00s Real=0.01s
[1.074s][info][gc,start       ] GC(44) Pause Young (Allocation Failure)
[1.086s][info][gc,heap        ] GC(44) PSYoungGen: 22848K(34816K)->22816K(33280K) Eden: 7680K(7680K)->0K(6656K) From: 15168K(27136K)->22816K(26624K)
[1.087s][info][gc,heap        ] GC(44) ParOldGen: 137674K(165888K)->137674K(165888K)
[1.087s][info][gc,metaspace   ] GC(44) Metaspace: 6298K(6464K)->6298K(6464K) NonClass: 5765K(5824K)->5765K(5824K) Class: 533K(640K)->533K(640K)
[1.087s][info][gc             ] GC(44) Pause Young (Allocation Failure) 156M->156M(194M) 12.479ms
[1.087s][info][gc,cpu         ] GC(44) User=0.00s Sys=0.00s Real=0.01s
[1.093s][info][gc,start       ] GC(45) Pause Young (Allocation Failure)
[1.108s][info][gc,heap        ] GC(45) PSYoungGen: 29472K(33280K)->28672K(35840K) Eden: 6656K(6656K)->0K(6656K) From: 22816K(26624K)->28672K(29184K)
[1.108s][info][gc,heap        ] GC(45) ParOldGen: 137674K(165888K)->138498K(165888K)
[1.108s][info][gc,metaspace   ] GC(45) Metaspace: 6298K(6464K)->6298K(6464K) NonClass: 5765K(5824K)->5765K(5824K) Class: 533K(640K)->533K(640K)
[1.108s][info][gc             ] GC(45) Pause Young (Allocation Failure) 163M->163M(197M) 15.400ms
[1.108s][info][gc,cpu         ] GC(45) User=0.02s Sys=0.00s Real=0.02s
[1.115s][info][gc,start       ] GC(46) Pause Young (Allocation Failure)
[1.134s][info][gc,heap        ] GC(46) PSYoungGen: 35328K(35840K)->28672K(38400K) Eden: 6656K(6656K)->0K(5120K) From: 28672K(29184K)->28672K(33280K)
[1.134s][info][gc,heap        ] GC(46) ParOldGen: 138498K(165888K)->145250K(165888K)
[1.135s][info][gc,metaspace   ] GC(46) Metaspace: 6298K(6464K)->6298K(6464K) NonClass: 5765K(5824K)->5765K(5824K) Class: 533K(640K)->533K(640K)
[1.135s][info][gc             ] GC(46) Pause Young (Allocation Failure) 169M->169M(199M) 19.979ms
[1.135s][info][gc,cpu         ] GC(46) User=0.03s Sys=0.03s Real=0.02s
[1.164s][info][gc,start       ] GC(47) Pause Young (Allocation Failure)
[1.186s][info][gc,heap        ] GC(47) PSYoungGen: 33792K(38400K)->18432K(41472K) Eden: 5120K(5120K)->0K(5120K) From: 28672K(33280K)->18432K(36352K)
[1.186s][info][gc,heap        ] GC(47) ParOldGen: 153442K(165888K)->168986K(169472K)
[1.186s][info][gc,metaspace   ] GC(47) Metaspace: 6298K(6464K)->6298K(6464K) NonClass: 5765K(5824K)->5765K(5824K) Class: 533K(640K)->533K(640K)
[1.186s][info][gc             ] GC(47) Pause Young (Allocation Failure) 182M->183M(206M) 21.510ms
[1.186s][info][gc,cpu         ] GC(47) User=0.06s Sys=0.00s Real=0.02s
[1.186s][info][gc,start       ] GC(48) Pause Full (Ergonomics)
[1.186s][info][gc,phases,start] GC(48) Marking Phase
[1.238s][info][gc,phases      ] GC(48) Marking Phase 52.295ms
[1.238s][info][gc,phases,start] GC(48) Summary Phase
[1.238s][info][gc,phases      ] GC(48) Summary Phase 0.018ms
[1.238s][info][gc,phases,start] GC(48) Adjust Roots
[1.238s][info][gc,phases      ] GC(48) Adjust Roots 0.167ms
[1.239s][info][gc,phases,start] GC(48) Compaction Phase
[1.280s][info][gc,phases      ] GC(48) Compaction Phase 41.001ms
[1.280s][info][gc,phases,start] GC(48) Post Compact
[1.281s][info][gc,phases      ] GC(48) Post Compact 0.964ms
[1.281s][info][gc,heap        ] GC(48) PSYoungGen: 18432K(41472K)->13742K(41472K) Eden: 0K(5120K)->0K(5120K) From: 18432K(36352K)->13742K(36352K)
[1.281s][info][gc,heap        ] GC(48) ParOldGen: 168986K(169472K)->169080K(202752K)
[1.281s][info][gc,metaspace   ] GC(48) Metaspace: 6298K(6464K)->6298K(6464K) NonClass: 5765K(5824K)->5765K(5824K) Class: 533K(640K)->533K(640K)
[1.281s][info][gc             ] GC(48) Pause Full (Ergonomics) 183M->178M(238M) 94.907ms
[1.281s][info][gc,cpu         ] GC(48) User=0.20s Sys=0.00s Real=0.09s
[1.287s][info][gc,start       ] GC(49) Pause Young (Allocation Failure)
[1.307s][info][gc,heap        ] GC(49) PSYoungGen: 18862K(41472K)->8736K(40448K) Eden: 5120K(5120K)->0K(6144K) From: 13742K(36352K)->8736K(34304K)
[1.307s][info][gc,heap        ] GC(49) ParOldGen: 169080K(202752K)->179448K(202752K)
[1.307s][info][gc,metaspace   ] GC(49) Metaspace: 6298K(6464K)->6298K(6464K) NonClass: 5765K(5824K)->5765K(5824K) Class: 533K(640K)->533K(640K)
[1.307s][info][gc             ] GC(49) Pause Young (Allocation Failure) 183M->183M(237M) 20.077ms
[1.307s][info][gc,cpu         ] GC(49) User=0.05s Sys=0.02s Real=0.02s
[1.314s][info][gc,start       ] GC(50) Pause Young (Allocation Failure)
[1.323s][info][gc,heap        ] GC(50) PSYoungGen: 14880K(40448K)->11328K(40960K) Eden: 6144K(6144K)->0K(6144K) From: 8736K(34304K)->11328K(34816K)
[1.323s][info][gc,heap        ] GC(50) ParOldGen: 179448K(202752K)->183064K(202752K)
[1.323s][info][gc,metaspace   ] GC(50) Metaspace: 6298K(6464K)->6298K(6464K) NonClass: 5765K(5824K)->5765K(5824K) Class: 533K(640K)->533K(640K)
[1.323s][info][gc             ] GC(50) Pause Young (Allocation Failure) 189M->189M(238M) 9.143ms
[1.323s][info][gc,cpu         ] GC(50) User=0.00s Sys=0.00s Real=0.01s
[1.329s][info][gc,start       ] GC(51) Pause Young (Allocation Failure)
[1.339s][info][gc,heap        ] GC(51) PSYoungGen: 17472K(40960K)->12352K(37888K) Eden: 6144K(6144K)->0K(7168K) From: 11328K(34816K)->12352K(30720K)
[1.339s][info][gc,heap        ] GC(51) ParOldGen: 183064K(202752K)->188248K(202752K)
[1.339s][info][gc,metaspace   ] GC(51) Metaspace: 6298K(6464K)->6298K(6464K) NonClass: 5765K(5824K)->5765K(5824K) Class: 533K(640K)->533K(640K)
[1.339s][info][gc             ] GC(51) Pause Young (Allocation Failure) 195M->195M(235M) 9.738ms
[1.339s][info][gc,cpu         ] GC(51) User=0.00s Sys=0.00s Real=0.01s
[1.346s][info][gc,start       ] GC(52) Pause Young (Allocation Failure)
[1.357s][info][gc,heap        ] GC(52) PSYoungGen: 19520K(37888K)->13344K(39424K) Eden: 7168K(7168K)->0K(7168K) From: 12352K(30720K)->13344K(32256K)
[1.357s][info][gc,heap        ] GC(52) ParOldGen: 188248K(202752K)->194480K(202752K)
[1.357s][info][gc,metaspace   ] GC(52) Metaspace: 6298K(6464K)->6298K(6464K) NonClass: 5765K(5824K)->5765K(5824K) Class: 533K(640K)->533K(640K)
[1.357s][info][gc             ] GC(52) Pause Young (Allocation Failure) 202M->202M(236M) 10.868ms
[1.357s][info][gc,cpu         ] GC(52) User=0.03s Sys=0.00s Real=0.01s
[1.357s][info][gc,start       ] GC(53) Pause Full (Ergonomics)
[1.357s][info][gc,phases,start] GC(53) Marking Phase
[1.411s][info][gc,phases      ] GC(53) Marking Phase 54.221ms
[1.411s][info][gc,phases,start] GC(53) Summary Phase
[1.411s][info][gc,phases      ] GC(53) Summary Phase 0.017ms
[1.411s][info][gc,phases,start] GC(53) Adjust Roots
[1.411s][info][gc,phases      ] GC(53) Adjust Roots 0.160ms
[1.411s][info][gc,phases,start] GC(53) Compaction Phase
[1.438s][info][gc,phases      ] GC(53) Compaction Phase 26.206ms
[1.438s][info][gc,phases,start] GC(53) Post Compact
[1.439s][info][gc,phases      ] GC(53) Post Compact 1.100ms
[1.439s][info][gc,heap        ] GC(53) PSYoungGen: 13344K(39424K)->4557K(39424K) Eden: 0K(7168K)->0K(7168K) From: 13344K(32256K)->4557K(32256K)
[1.439s][info][gc,heap        ] GC(53) ParOldGen: 194480K(202752K)->202713K(237056K)
[1.439s][info][gc,metaspace   ] GC(53) Metaspace: 6298K(6464K)->6298K(6464K) NonClass: 5765K(5824K)->5765K(5824K) Class: 533K(640K)->533K(640K)
[1.439s][info][gc             ] GC(53) Pause Full (Ergonomics) 202M->202M(270M) 82.170ms
[1.439s][info][gc,cpu         ] GC(53) User=0.23s Sys=0.00s Real=0.08s
[1.447s][info][gc,start       ] GC(54) Pause Young (Allocation Failure)
[1.465s][info][gc,heap        ] GC(54) PSYoungGen: 11725K(39424K)->7264K(38400K) Eden: 7168K(7168K)->0K(8192K) From: 4557K(32256K)->7264K(30208K)
[1.465s][info][gc,heap        ] GC(54) ParOldGen: 202713K(237056K)->207361K(237056K)
[1.465s][info][gc,metaspace   ] GC(54) Metaspace: 6298K(6464K)->6298K(6464K) NonClass: 5765K(5824K)->5765K(5824K) Class: 533K(640K)->533K(640K)
[1.465s][info][gc             ] GC(54) Pause Young (Allocation Failure) 209M->209M(269M) 17.900ms
[1.465s][info][gc,cpu         ] GC(54) User=0.02s Sys=0.00s Real=0.02s
[1.473s][info][gc,start       ] GC(55) Pause Young (Allocation Failure)
[1.483s][info][gc,heap        ] GC(55) PSYoungGen: 15456K(38400K)->8256K(38912K) Eden: 8192K(8192K)->0K(8192K) From: 7264K(30208K)->8256K(30720K)
[1.483s][info][gc,heap        ] GC(55) ParOldGen: 207361K(237056K)->214625K(237056K)
[1.483s][info][gc,metaspace   ] GC(55) Metaspace: 6298K(6464K)->6298K(6464K) NonClass: 5765K(5824K)->5765K(5824K) Class: 533K(640K)->533K(640K)
[1.483s][info][gc             ] GC(55) Pause Young (Allocation Failure) 217M->217M(269M) 9.926ms
[1.483s][info][gc,cpu         ] GC(55) User=0.02s Sys=0.00s Real=0.01s
[1.493s][info][gc,start       ] GC(56) Pause Young (Allocation Failure)
[1.503s][info][gc,heap        ] GC(56) PSYoungGen: 16448K(38912K)->8320K(37376K) Eden: 8192K(8192K)->0K(9216K) From: 8256K(30720K)->8320K(28160K)
[1.503s][info][gc,heap        ] GC(56) ParOldGen: 214625K(237056K)->222929K(237056K)
[1.503s][info][gc,metaspace   ] GC(56) Metaspace: 6298K(6464K)->6298K(6464K) NonClass: 5765K(5824K)->5765K(5824K) Class: 533K(640K)->533K(640K)
[1.503s][info][gc             ] GC(56) Pause Young (Allocation Failure) 225M->225M(268M) 10.193ms
[1.503s][info][gc,cpu         ] GC(56) User=0.00s Sys=0.00s Real=0.01s
[1.513s][info][gc,start       ] GC(57) Pause Young (Allocation Failure)
[1.524s][info][gc,heap        ] GC(57) PSYoungGen: 17536K(37376K)->9312K(38400K) Eden: 9216K(9216K)->0K(9216K) From: 8320K(28160K)->9312K(29184K)
[1.524s][info][gc,heap        ] GC(57) ParOldGen: 222929K(237056K)->231233K(237056K)
[1.525s][info][gc,metaspace   ] GC(57) Metaspace: 6298K(6464K)->6298K(6464K) NonClass: 5765K(5824K)->5765K(5824K) Class: 533K(640K)->533K(640K)
[1.525s][info][gc             ] GC(57) Pause Young (Allocation Failure) 234M->234M(269M) 11.153ms
[1.525s][info][gc,cpu         ] GC(57) User=0.00s Sys=0.00s Real=0.01s
[1.525s][info][gc,start       ] GC(58) Pause Full (Ergonomics)
[1.525s][info][gc,phases,start] GC(58) Marking Phase
[1.589s][info][gc,phases      ] GC(58) Marking Phase 63.896ms
[1.589s][info][gc,phases,start] GC(58) Summary Phase
[1.589s][info][gc,phases      ] GC(58) Summary Phase 0.019ms
[1.589s][info][gc,phases,start] GC(58) Adjust Roots
[1.589s][info][gc,phases      ] GC(58) Adjust Roots 0.148ms
[1.589s][info][gc,phases,start] GC(58) Compaction Phase
[1.615s][info][gc,phases      ] GC(58) Compaction Phase 25.739ms
[1.615s][info][gc,phases,start] GC(58) Post Compact
[1.616s][info][gc,phases      ] GC(58) Post Compact 1.297ms
[1.616s][info][gc,heap        ] GC(58) PSYoungGen: 9312K(38400K)->3051K(38400K) Eden: 0K(9216K)->0K(9216K) From: 9312K(29184K)->3051K(29184K)
[1.616s][info][gc,heap        ] GC(58) ParOldGen: 231233K(237056K)->236862K(273920K)
[1.616s][info][gc,metaspace   ] GC(58) Metaspace: 6298K(6464K)->6298K(6464K) NonClass: 5765K(5824K)->5765K(5824K) Class: 533K(640K)->533K(640K)
[1.616s][info][gc             ] GC(58) Pause Full (Ergonomics) 234M->234M(305M) 91.697ms
[1.616s][info][gc,cpu         ] GC(58) User=0.47s Sys=0.00s Real=0.09s
[1.627s][info][gc,start       ] GC(59) Pause Young (Allocation Failure)
[1.645s][info][gc,heap        ] GC(59) PSYoungGen: 12267K(38400K)->9312K(36352K) Eden: 9216K(9216K)->0K(10240K) From: 3051K(29184K)->9312K(26112K)
[1.645s][info][gc,heap        ] GC(59) ParOldGen: 236862K(273920K)->239982K(273920K)
[1.645s][info][gc,metaspace   ] GC(59) Metaspace: 6298K(6464K)->6298K(6464K) NonClass: 5765K(5824K)->5765K(5824K) Class: 533K(640K)->533K(640K)
[1.645s][info][gc             ] GC(59) Pause Young (Allocation Failure) 243M->243M(303M) 18.150ms
[1.645s][info][gc,cpu         ] GC(59) User=0.03s Sys=0.00s Real=0.02s
[1.657s][info][gc,start       ] GC(60) Pause Young (Allocation Failure)
[1.667s][info][gc,heap        ] GC(60) PSYoungGen: 19552K(36352K)->19584K(37376K) Eden: 10240K(10240K)->0K(10240K) From: 9312K(26112K)->19584K(27136K)
[1.667s][info][gc,heap        ] GC(60) ParOldGen: 239982K(273920K)->239982K(273920K)
[1.667s][info][gc,metaspace   ] GC(60) Metaspace: 6298K(6464K)->6298K(6464K) NonClass: 5765K(5824K)->5765K(5824K) Class: 533K(640K)->533K(640K)
[1.667s][info][gc             ] GC(60) Pause Young (Allocation Failure) 253M->253M(304M) 10.358ms
[1.667s][info][gc,cpu         ] GC(60) User=0.00s Sys=0.00s Real=0.01s
[1.678s][info][gc,start       ] GC(61) Pause Young (Allocation Failure)
[1.694s][info][gc,heap        ] GC(61) PSYoungGen: 29824K(37376K)->28672K(35840K) Eden: 10240K(10240K)->0K(7168K) From: 19584K(27136K)->28672K(28672K)
[1.694s][info][gc,heap        ] GC(61) ParOldGen: 239982K(273920K)->241110K(273920K)
[1.694s][info][gc,metaspace   ] GC(61) Metaspace: 6298K(6464K)->6298K(6464K) NonClass: 5765K(5824K)->5765K(5824K) Class: 533K(640K)->533K(640K)
[1.694s][info][gc             ] GC(61) Pause Young (Allocation Failure) 263M->263M(302M) 15.398ms
[1.694s][info][gc,cpu         ] GC(61) User=0.02s Sys=0.00s Real=0.01s
[1.702s][info][gc,start       ] GC(62) Pause Young (Allocation Failure)
[1.719s][info][gc,heap        ] GC(62) PSYoungGen: 35840K(35840K)->17056K(40448K) Eden: 7168K(7168K)->0K(7168K) From: 28672K(28672K)->17056K(33280K)
[1.719s][info][gc,heap        ] GC(62) ParOldGen: 241110K(273920K)->260126K(273920K)
[1.719s][info][gc,metaspace   ] GC(62) Metaspace: 6298K(6464K)->6298K(6464K) NonClass: 5765K(5824K)->5765K(5824K) Class: 533K(640K)->533K(640K)
[1.719s][info][gc             ] GC(62) Pause Young (Allocation Failure) 270M->270M(307M) 17.399ms
[1.719s][info][gc,cpu         ] GC(62) User=0.06s Sys=0.03s Real=0.02s
[1.719s][info][gc,start       ] GC(63) Pause Full (Ergonomics)
[1.719s][info][gc,phases,start] GC(63) Marking Phase
[1.786s][info][gc,phases      ] GC(63) Marking Phase 67.170ms
[1.786s][info][gc,phases,start] GC(63) Summary Phase
[1.786s][info][gc,phases      ] GC(63) Summary Phase 0.032ms
[1.786s][info][gc,phases,start] GC(63) Adjust Roots
[1.787s][info][gc,phases      ] GC(63) Adjust Roots 0.392ms
[1.787s][info][gc,phases,start] GC(63) Compaction Phase
[1.818s][info][gc,phases      ] GC(63) Compaction Phase 31.480ms
[1.818s][info][gc,phases,start] GC(63) Post Compact
[1.820s][info][gc,phases      ] GC(63) Post Compact 1.343ms
[1.820s][info][gc,heap        ] GC(63) PSYoungGen: 17056K(40448K)->3132K(40448K) Eden: 0K(7168K)->0K(7168K) From: 17056K(33280K)->3132K(33280K)
[1.820s][info][gc,heap        ] GC(63) ParOldGen: 260126K(273920K)->273519K(316416K)
[1.820s][info][gc,metaspace   ] GC(63) Metaspace: 6298K(6464K)->6298K(6464K) NonClass: 5765K(5824K)->5765K(5824K) Class: 533K(640K)->533K(640K)
[1.820s][info][gc             ] GC(63) Pause Full (Ergonomics) 270M->270M(348M) 101.318ms
[1.821s][info][gc,cpu         ] GC(63) User=0.55s Sys=0.00s Real=0.10s
[1.829s][info][gc,start       ] GC(64) Pause Young (Allocation Failure)
[1.852s][info][gc,heap        ] GC(64) PSYoungGen: 10300K(40448K)->8640K(39424K) Eden: 7168K(7168K)->0K(8192K) From: 3132K(33280K)->8640K(31232K)
[1.852s][info][gc,heap        ] GC(64) ParOldGen: 273519K(316416K)->275375K(316416K)
[1.852s][info][gc,metaspace   ] GC(64) Metaspace: 6298K(6464K)->6298K(6464K) NonClass: 5765K(5824K)->5765K(5824K) Class: 533K(640K)->533K(640K)
[1.852s][info][gc             ] GC(64) Pause Young (Allocation Failure) 277M->277M(347M) 23.155ms
[1.852s][info][gc,cpu         ] GC(64) User=0.05s Sys=0.00s Real=0.02s
[1.861s][info][gc,start       ] GC(65) Pause Young (Allocation Failure)
[1.871s][info][gc,heap        ] GC(65) PSYoungGen: 16832K(39424K)->16768K(39936K) Eden: 8192K(8192K)->0K(8192K) From: 8640K(31232K)->16768K(31744K)
[1.871s][info][gc,heap        ] GC(65) ParOldGen: 275375K(316416K)->275375K(316416K)
[1.871s][info][gc,metaspace   ] GC(65) Metaspace: 6298K(6464K)->6298K(6464K) NonClass: 5765K(5824K)->5765K(5824K) Class: 533K(640K)->533K(640K)
[1.871s][info][gc             ] GC(65) Pause Young (Allocation Failure) 285M->285M(348M) 9.903ms
[1.871s][info][gc,cpu         ] GC(65) User=0.02s Sys=0.00s Real=0.01s
[1.880s][info][gc,start       ] GC(66) Pause Young (Allocation Failure)
[1.893s][info][gc,heap        ] GC(66) PSYoungGen: 24960K(39936K)->25024K(37376K) Eden: 8192K(8192K)->0K(6656K) From: 16768K(31744K)->25024K(30720K)
[1.893s][info][gc,heap        ] GC(66) ParOldGen: 275375K(316416K)->275375K(316416K)
[1.893s][info][gc,metaspace   ] GC(66) Metaspace: 6298K(6464K)->6298K(6464K) NonClass: 5765K(5824K)->5765K(5824K) Class: 533K(640K)->533K(640K)
[1.893s][info][gc             ] GC(66) Pause Young (Allocation Failure) 293M->293M(345M) 12.751ms
[1.893s][info][gc,cpu         ] GC(66) User=0.02s Sys=0.00s Real=0.01s
[1.901s][info][gc,start       ] GC(67) Pause Young (Allocation Failure)
[1.917s][info][gc,heap        ] GC(67) PSYoungGen: 31680K(37376K)->30304K(39936K) Eden: 6656K(6656K)->0K(6656K) From: 25024K(30720K)->30304K(33280K)
[1.917s][info][gc,heap        ] GC(67) ParOldGen: 275375K(316416K)->276767K(316416K)
[1.917s][info][gc,metaspace   ] GC(67) Metaspace: 6298K(6464K)->6298K(6464K) NonClass: 5765K(5824K)->5765K(5824K) Class: 533K(640K)->533K(640K)
[1.917s][info][gc             ] GC(67) Pause Young (Allocation Failure) 299M->299M(348M) 15.753ms
[1.917s][info][gc,cpu         ] GC(67) User=0.02s Sys=0.00s Real=0.01s
[1.925s][info][gc,start       ] GC(68) Pause Young (Allocation Failure)
[1.945s][info][gc,heap        ] GC(68) PSYoungGen: 36960K(39936K)->29728K(41984K) Eden: 6656K(6656K)->0K(5120K) From: 30304K(33280K)->29728K(36864K)
[1.945s][info][gc,heap        ] GC(68) ParOldGen: 276767K(316416K)->284047K(316416K)
[1.945s][info][gc,metaspace   ] GC(68) Metaspace: 6298K(6464K)->6298K(6464K) NonClass: 5765K(5824K)->5765K(5824K) Class: 533K(640K)->533K(640K)
[1.945s][info][gc             ] GC(68) Pause Young (Allocation Failure) 306M->306M(350M) 20.867ms
[1.946s][info][gc,cpu         ] GC(68) User=0.11s Sys=0.00s Real=0.02s
[1.952s][info][gc,start       ] GC(69) Pause Young (Allocation Failure)
[1.972s][info][gc,heap        ] GC(69) PSYoungGen: 34848K(41984K)->18496K(24064K) Eden: 5120K(5120K)->0K(5120K) From: 29728K(36864K)->18496K(18944K)
[1.972s][info][gc,heap        ] GC(69) ParOldGen: 284047K(316416K)->300655K(316416K)
[1.972s][info][gc,metaspace   ] GC(69) Metaspace: 6298K(6464K)->6298K(6464K) NonClass: 5765K(5824K)->5765K(5824K) Class: 533K(640K)->533K(640K)
[1.972s][info][gc             ] GC(69) Pause Young (Allocation Failure) 311M->311M(332M) 19.905ms
[1.972s][info][gc,cpu         ] GC(69) User=0.02s Sys=0.00s Real=0.02s
[1.972s][info][gc,start       ] GC(70) Pause Full (Ergonomics)
[1.972s][info][gc,phases,start] GC(70) Marking Phase
[2.048s][info][gc,phases      ] GC(70) Marking Phase 76.339ms
[2.049s][info][gc,phases,start] GC(70) Summary Phase
[2.049s][info][gc,phases      ] GC(70) Summary Phase 0.029ms
[2.049s][info][gc,phases,start] GC(70) Adjust Roots
[2.049s][info][gc,phases      ] GC(70) Adjust Roots 0.160ms
[2.049s][info][gc,phases,start] GC(70) Compaction Phase
[2.080s][info][gc,phases      ] GC(70) Compaction Phase 31.669ms
[2.081s][info][gc,phases,start] GC(70) Post Compact
[2.083s][info][gc,phases      ] GC(70) Post Compact 2.181ms
[2.083s][info][gc,heap        ] GC(70) PSYoungGen: 18496K(24064K)->2497K(24064K) Eden: 0K(5120K)->0K(5120K) From: 18496K(18944K)->2497K(18944K)
[2.083s][info][gc,heap        ] GC(70) ParOldGen: 300655K(316416K)->315951K(363008K)
[2.083s][info][gc,metaspace   ] GC(70) Metaspace: 6298K(6464K)->6298K(6464K) NonClass: 5765K(5824K)->5765K(5824K) Class: 533K(640K)->533K(640K)
[2.083s][info][gc             ] GC(70) Pause Full (Ergonomics) 311M->310M(378M) 111.071ms
[2.083s][info][gc,cpu         ] GC(70) User=0.48s Sys=0.02s Real=0.11s
[2.089s][info][gc,start       ] GC(71) Pause Young (Allocation Failure)
[2.112s][info][gc,heap        ] GC(71) PSYoungGen: 7617K(24064K)->5792K(43008K) Eden: 5120K(5120K)->0K(5632K) From: 2497K(18944K)->5792K(37376K)
[2.112s][info][gc,heap        ] GC(71) ParOldGen: 315951K(363008K)->317943K(363008K)
[2.112s][info][gc,metaspace   ] GC(71) Metaspace: 6298K(6464K)->6298K(6464K) NonClass: 5765K(5824K)->5765K(5824K) Class: 533K(640K)->533K(640K)
[2.112s][info][gc             ] GC(71) Pause Young (Allocation Failure) 315M->316M(396M) 22.319ms
[2.112s][info][gc,cpu         ] GC(71) User=0.06s Sys=0.00s Real=0.02s
[2.118s][info][gc,start       ] GC(72) Pause Young (Allocation Failure)
[2.126s][info][gc,heap        ] GC(72) PSYoungGen: 11424K(43008K)->10880K(43520K) Eden: 5632K(5632K)->0K(5632K) From: 5792K(37376K)->10880K(37888K)
[2.126s][info][gc,heap        ] GC(72) ParOldGen: 317943K(363008K)->318551K(363008K)
[2.126s][info][gc,metaspace   ] GC(72) Metaspace: 6298K(6464K)->6298K(6464K) NonClass: 5765K(5824K)->5765K(5824K) Class: 533K(640K)->533K(640K)
[2.126s][info][gc             ] GC(72) Pause Young (Allocation Failure) 321M->321M(397M) 7.992ms
[2.126s][info][gc,cpu         ] GC(72) User=0.02s Sys=0.00s Real=0.01s
[2.133s][info][gc,start       ] GC(73) Pause Young (Allocation Failure)
[2.143s][info][gc,heap        ] GC(73) PSYoungGen: 16512K(43520K)->11360K(41472K) Eden: 5632K(5632K)->0K(6656K) From: 10880K(37888K)->11360K(34816K)
[2.143s][info][gc,heap        ] GC(73) ParOldGen: 318551K(363008K)->323759K(363008K)
[2.143s][info][gc,metaspace   ] GC(73) Metaspace: 6298K(6464K)->6298K(6464K) NonClass: 5765K(5824K)->5765K(5824K) Class: 533K(640K)->533K(640K)
[2.143s][info][gc             ] GC(73) Pause Young (Allocation Failure) 327M->327M(395M) 10.308ms
[2.143s][info][gc,cpu         ] GC(73) User=0.02s Sys=0.00s Real=0.01s
[2.150s][info][gc,start       ] GC(74) Pause Young (Allocation Failure)
[2.162s][info][gc,heap        ] GC(74) PSYoungGen: 18016K(41472K)->6784K(42496K) Eden: 6656K(6656K)->0K(6656K) From: 11360K(34816K)->6784K(35840K)
[2.162s][info][gc,heap        ] GC(74) ParOldGen: 323759K(363008K)->335151K(363008K)
[2.162s][info][gc,metaspace   ] GC(74) Metaspace: 6298K(6464K)->6298K(6464K) NonClass: 5765K(5824K)->5765K(5824K) Class: 533K(640K)->533K(640K)
[2.162s][info][gc             ] GC(74) Pause Young (Allocation Failure) 333M->333M(396M) 11.668ms
[2.162s][info][gc,cpu         ] GC(74) User=0.00s Sys=0.00s Real=0.01s
[2.169s][info][gc,start       ] GC(75) Pause Young (Allocation Failure)
[2.179s][info][gc,heap        ] GC(75) PSYoungGen: 13440K(42496K)->6752K(41984K) Eden: 6656K(6656K)->0K(7680K) From: 6784K(35840K)->6752K(34304K)
[2.179s][info][gc,heap        ] GC(75) ParOldGen: 335151K(363008K)->341903K(363008K)
[2.179s][info][gc,metaspace   ] GC(75) Metaspace: 6298K(6464K)->6298K(6464K) NonClass: 5765K(5824K)->5765K(5824K) Class: 533K(640K)->533K(640K)
[2.179s][info][gc             ] GC(75) Pause Young (Allocation Failure) 340M->340M(395M) 9.557ms
[2.179s][info][gc,cpu         ] GC(75) User=0.00s Sys=0.00s Real=0.01s
[2.255s][info][gc,start       ] GC(76) Pause Full (Ergonomics)
[2.255s][info][gc,phases,start] GC(76) Marking Phase
[2.338s][info][gc,phases      ] GC(76) Marking Phase 83.076ms
[2.338s][info][gc,phases,start] GC(76) Summary Phase
[2.338s][info][gc,phases      ] GC(76) Summary Phase 0.020ms
[2.338s][info][gc,phases,start] GC(76) Adjust Roots
[2.339s][info][gc,phases      ] GC(76) Adjust Roots 0.157ms
[2.339s][info][gc,phases,start] GC(76) Compaction Phase
[2.410s][info][gc,phases      ] GC(76) Compaction Phase 71.536ms
[2.410s][info][gc,phases,start] GC(76) Post Compact
[2.412s][info][gc,phases      ] GC(76) Post Compact 2.156ms
[2.413s][info][gc,heap        ] GC(76) PSYoungGen: 14432K(41984K)->1001K(42496K) Eden: 7680K(7680K)->0K(8192K) From: 6752K(34304K)->1001K(34304K)
[2.413s][info][gc,heap        ] GC(76) ParOldGen: 358287K(363008K)->362818K(411136K)
[2.413s][info][gc,metaspace   ] GC(76) Metaspace: 6298K(6464K)->6298K(6464K) NonClass: 5765K(5824K)->5765K(5824K) Class: 533K(640K)->533K(640K)
[2.413s][info][gc             ] GC(76) Pause Full (Ergonomics) 363M->355M(443M) 157.598ms
[2.413s][info][gc,cpu         ] GC(76) User=0.95s Sys=0.00s Real=0.16s
[2.421s][info][gc,start       ] GC(77) Pause Young (Allocation Failure)
[2.446s][info][gc,heap        ] GC(77) PSYoungGen: 9193K(42496K)->8320K(43008K) Eden: 8192K(8192K)->0K(8192K) From: 1001K(34304K)->8320K(34816K)
[2.446s][info][gc,heap        ] GC(77) ParOldGen: 362818K(411136K)->363866K(411136K)
[2.446s][info][gc,metaspace   ] GC(77) Metaspace: 6298K(6464K)->6298K(6464K) NonClass: 5765K(5824K)->5765K(5824K) Class: 533K(640K)->533K(640K)
[2.446s][info][gc             ] GC(77) Pause Young (Allocation Failure) 363M->363M(443M) 24.732ms
[2.446s][info][gc,cpu         ] GC(77) User=0.08s Sys=0.00s Real=0.02s
[2.453s][info][gc,start       ] GC(78) Pause Young (Allocation Failure)
[2.463s][info][gc,heap        ] GC(78) PSYoungGen: 16512K(43008K)->8256K(40960K) Eden: 8192K(8192K)->0K(9216K) From: 8320K(34816K)->8256K(31744K)
[2.463s][info][gc,heap        ] GC(78) ParOldGen: 363866K(411136K)->372162K(411136K)
[2.464s][info][gc,metaspace   ] GC(78) Metaspace: 6298K(6464K)->6298K(6464K) NonClass: 5765K(5824K)->5765K(5824K) Class: 533K(640K)->533K(640K)
[2.464s][info][gc             ] GC(78) Pause Young (Allocation Failure) 371M->371M(441M) 10.123ms
[2.464s][info][gc,cpu         ] GC(78) User=0.00s Sys=0.00s Real=0.01s
[2.474s][info][gc,start       ] GC(79) Pause Young (Allocation Failure)
[2.485s][info][gc,heap        ] GC(79) PSYoungGen: 17472K(40960K)->9376K(41984K) Eden: 9216K(9216K)->0K(9216K) From: 8256K(31744K)->9376K(32768K)
[2.485s][info][gc,heap        ] GC(79) ParOldGen: 372162K(411136K)->380466K(411136K)
[2.485s][info][gc,metaspace   ] GC(79) Metaspace: 6298K(6464K)->6298K(6464K) NonClass: 5765K(5824K)->5765K(5824K) Class: 533K(640K)->533K(640K)
[2.485s][info][gc             ] GC(79) Pause Young (Allocation Failure) 380M->380M(442M) 11.418ms
[2.485s][info][gc,cpu         ] GC(79) User=0.02s Sys=0.00s Real=0.01s
[2.494s][info][gc,start       ] GC(80) Pause Young (Allocation Failure)
[2.505s][info][gc,heap        ] GC(80) PSYoungGen: 18592K(41984K)->9312K(39936K) Eden: 9216K(9216K)->0K(10752K) From: 9376K(32768K)->9312K(29184K)
[2.505s][info][gc,heap        ] GC(80) ParOldGen: 380466K(411136K)->389810K(411136K)
[2.505s][info][gc,metaspace   ] GC(80) Metaspace: 6298K(6464K)->6298K(6464K) NonClass: 5765K(5824K)->5765K(5824K) Class: 533K(640K)->533K(640K)
[2.505s][info][gc             ] GC(80) Pause Young (Allocation Failure) 389M->389M(440M) 11.583ms
[2.505s][info][gc,cpu         ] GC(80) User=0.02s Sys=0.00s Real=0.01s
[2.517s][info][gc,start       ] GC(81) Pause Young (Allocation Failure)
[2.529s][info][gc,heap        ] GC(81) PSYoungGen: 20064K(39936K)->10848K(40960K) Eden: 10752K(10752K)->0K(10752K) From: 9312K(29184K)->10848K(30208K)
[2.529s][info][gc,heap        ] GC(81) ParOldGen: 389810K(411136K)->399138K(411136K)
[2.529s][info][gc,metaspace   ] GC(81) Metaspace: 6298K(6464K)->6298K(6464K) NonClass: 5765K(5824K)->5765K(5824K) Class: 533K(640K)->533K(640K)
[2.529s][info][gc             ] GC(81) Pause Young (Allocation Failure) 400M->400M(441M) 12.025ms
[2.529s][info][gc,cpu         ] GC(81) User=0.02s Sys=0.00s Real=0.01s
[2.529s][info][gc,start       ] GC(82) Pause Full (Ergonomics)
[2.529s][info][gc,phases,start] GC(82) Marking Phase
[2.621s][info][gc,phases      ] GC(82) Marking Phase 91.830ms
[2.621s][info][gc,phases,start] GC(82) Summary Phase
[2.621s][info][gc,phases      ] GC(82) Summary Phase 0.023ms
[2.621s][info][gc,phases,start] GC(82) Adjust Roots
[2.621s][info][gc,phases      ] GC(82) Adjust Roots 0.155ms
[2.621s][info][gc,phases,start] GC(82) Compaction Phase
[2.668s][info][gc,phases      ] GC(82) Compaction Phase 47.178ms
[2.668s][info][gc,phases,start] GC(82) Post Compact
[2.670s][info][gc,phases      ] GC(82) Post Compact 2.189ms
[2.671s][info][gc,heap        ] GC(82) PSYoungGen: 10848K(40960K)->0K(40960K) Eden: 0K(10752K)->0K(12288K) From: 10848K(30208K)->0K(28672K)
[2.671s][info][gc,heap        ] GC(82) ParOldGen: 399138K(411136K)->409216K(460800K)
[2.671s][info][gc,metaspace   ] GC(82) Metaspace: 6298K(6464K)->6298K(6464K) NonClass: 5765K(5824K)->5765K(5824K) Class: 533K(640K)->533K(640K)
[2.671s][info][gc             ] GC(82) Pause Full (Ergonomics) 400M->399M(490M) 141.888ms
[2.671s][info][gc,cpu         ] GC(82) User=0.78s Sys=0.00s Real=0.14s
[2.684s][info][gc,start       ] GC(83) Pause Young (Allocation Failure)
[2.693s][info][gc,heap        ] GC(83) PSYoungGen: 12288K(40960K)->12384K(40960K) Eden: 12288K(12288K)->0K(12288K) From: 0K(28672K)->12384K(28672K)
[2.693s][info][gc,heap        ] GC(83) ParOldGen: 409216K(460800K)->409216K(460800K)
[2.693s][info][gc,metaspace   ] GC(83) Metaspace: 6298K(6464K)->6298K(6464K) NonClass: 5765K(5824K)->5765K(5824K) Class: 533K(640K)->533K(640K)
[2.693s][info][gc             ] GC(83) Pause Young (Allocation Failure) 411M->411M(490M) 8.762ms
[2.693s][info][gc,cpu         ] GC(83) User=0.00s Sys=0.00s Real=0.01s
[2.705s][info][gc,start       ] GC(84) Pause Young (Allocation Failure)
[2.719s][info][gc,heap        ] GC(84) PSYoungGen: 24672K(40960K)->24704K(37888K) Eden: 12288K(12288K)->0K(10752K) From: 12384K(28672K)->24704K(27136K)
[2.719s][info][gc,heap        ] GC(84) ParOldGen: 409216K(460800K)->409216K(460800K)
[2.719s][info][gc,metaspace   ] GC(84) Metaspace: 6298K(6464K)->6298K(6464K) NonClass: 5765K(5824K)->5765K(5824K) Class: 533K(640K)->533K(640K)
[2.719s][info][gc             ] GC(84) Pause Young (Allocation Failure) 423M->423M(487M) 13.545ms
[2.719s][info][gc,cpu         ] GC(84) User=0.00s Sys=0.00s Real=0.01s
[2.730s][info][gc,start       ] GC(85) Pause Young (Allocation Failure)
[2.748s][info][gc,heap        ] GC(85) PSYoungGen: 35456K(37888K)->30208K(40960K) Eden: 10752K(10752K)->0K(10752K) From: 24704K(27136K)->30208K(30208K)
[2.748s][info][gc,heap        ] GC(85) ParOldGen: 409216K(460800K)->414400K(460800K)
[2.748s][info][gc,metaspace   ] GC(85) Metaspace: 6298K(6464K)->6298K(6464K) NonClass: 5765K(5824K)->5765K(5824K) Class: 533K(640K)->533K(640K)
[2.748s][info][gc             ] GC(85) Pause Young (Allocation Failure) 434M->434M(490M) 17.857ms
[2.748s][info][gc,cpu         ] GC(85) User=0.09s Sys=0.02s Real=0.02s
[2.759s][info][gc,start       ] GC(86) Pause Young (Allocation Failure)
[2.780s][info][gc,heap        ] GC(86) PSYoungGen: 40960K(40960K)->20096K(48128K) Eden: 10752K(10752K)->0K(12288K) From: 30208K(30208K)->20096K(35840K)
[2.780s][info][gc,heap        ] GC(86) ParOldGen: 414400K(460800K)->435680K(460800K)
[2.780s][info][gc,metaspace   ] GC(86) Metaspace: 6298K(6464K)->6298K(6464K) NonClass: 5765K(5824K)->5765K(5824K) Class: 533K(640K)->533K(640K)
[2.780s][info][gc             ] GC(86) Pause Young (Allocation Failure) 444M->445M(497M) 20.939ms
[2.780s][info][gc,cpu         ] GC(86) User=0.12s Sys=0.00s Real=0.02s
[2.793s][info][gc,start       ] GC(87) Pause Young (Allocation Failure)
[2.810s][info][gc,heap        ] GC(87) PSYoungGen: 32384K(48128K)->23168K(48640K) Eden: 12288K(12288K)->0K(12288K) From: 20096K(35840K)->23168K(36352K)
[2.810s][info][gc,heap        ] GC(87) ParOldGen: 435680K(460800K)->445048K(460800K)
[2.810s][info][gc,metaspace   ] GC(87) Metaspace: 6298K(6464K)->6298K(6464K) NonClass: 5765K(5824K)->5765K(5824K) Class: 533K(640K)->533K(640K)
[2.810s][info][gc             ] GC(87) Pause Young (Allocation Failure) 457M->457M(497M) 17.021ms
[2.810s][info][gc,cpu         ] GC(87) User=0.06s Sys=0.00s Real=0.02s
[2.810s][info][gc,start       ] GC(88) Pause Full (Ergonomics)
[2.810s][info][gc,phases,start] GC(88) Marking Phase
[2.910s][info][gc,phases      ] GC(88) Marking Phase 100.164ms
[2.910s][info][gc,phases,start] GC(88) Summary Phase
[2.910s][info][gc,phases      ] GC(88) Summary Phase 0.030ms
[2.911s][info][gc,phases,start] GC(88) Adjust Roots
[2.911s][info][gc,phases      ] GC(88) Adjust Roots 0.230ms
[2.911s][info][gc,phases,start] GC(88) Compaction Phase
[2.959s][info][gc,phases      ] GC(88) Compaction Phase 48.298ms
[2.959s][info][gc,phases,start] GC(88) Post Compact
[2.962s][info][gc,phases      ] GC(88) Post Compact 2.385ms
[2.962s][info][gc,heap        ] GC(88) PSYoungGen: 23168K(48640K)->6626K(48640K) Eden: 0K(12288K)->0K(12288K) From: 23168K(36352K)->6626K(36352K)
[2.962s][info][gc,heap        ] GC(88) ParOldGen: 445048K(460800K)->460797K(518656K)
[2.962s][info][gc,metaspace   ] GC(88) Metaspace: 6298K(6464K)->6298K(6464K) NonClass: 5765K(5824K)->5765K(5824K) Class: 533K(640K)->533K(640K)
[2.962s][info][gc             ] GC(88) Pause Full (Ergonomics) 457M->456M(554M) 151.929ms
[2.962s][info][gc,cpu         ] GC(88) User=0.94s Sys=0.02s Real=0.15s
[2.975s][info][gc,start       ] GC(89) Pause Young (Allocation Failure)
[3.007s][info][gc,heap        ] GC(89) PSYoungGen: 18914K(48640K)->16448K(46592K) Eden: 12288K(12288K)->0K(13824K) From: 6626K(36352K)->16448K(32768K)
[3.007s][info][gc,heap        ] GC(89) ParOldGen: 460797K(518656K)->463445K(518656K)
[3.007s][info][gc,metaspace   ] GC(89) Metaspace: 6298K(6464K)->6298K(6464K) NonClass: 5765K(5824K)->5765K(5824K) Class: 533K(640K)->533K(640K)
[3.007s][info][gc             ] GC(89) Pause Young (Allocation Failure) 468M->468M(552M) 31.497ms
[3.007s][info][gc,cpu         ] GC(89) User=0.12s Sys=0.00s Real=0.03s
[3.022s][info][gc,start       ] GC(90) Pause Young (Allocation Failure)
[3.039s][info][gc,heap        ] GC(90) PSYoungGen: 30272K(46592K)->30336K(48640K) Eden: 13824K(13824K)->0K(13824K) From: 16448K(32768K)->30336K(34816K)
[3.039s][info][gc,heap        ] GC(90) ParOldGen: 463445K(518656K)->463445K(518656K)
[3.039s][info][gc,metaspace   ] GC(90) Metaspace: 6298K(6464K)->6298K(6464K) NonClass: 5765K(5824K)->5765K(5824K) Class: 533K(640K)->533K(640K)
[3.039s][info][gc             ] GC(90) Pause Young (Allocation Failure) 482M->482M(554M) 16.826ms
[3.039s][info][gc,cpu         ] GC(90) User=0.02s Sys=0.00s Real=0.02s
[3.053s][info][gc,start       ] GC(91) Pause Young (Allocation Failure)
[3.077s][info][gc,heap        ] GC(91) PSYoungGen: 44160K(48640K)->37888K(45568K) Eden: 13824K(13824K)->0K(7680K) From: 30336K(34816K)->37888K(37888K)
[3.077s][info][gc,heap        ] GC(91) ParOldGen: 463445K(518656K)->469661K(518656K)
[3.078s][info][gc,metaspace   ] GC(91) Metaspace: 6298K(6464K)->6298K(6464K) NonClass: 5765K(5824K)->5765K(5824K) Class: 533K(640K)->533K(640K)
[3.078s][info][gc             ] GC(91) Pause Young (Allocation Failure) 495M->495M(551M) 24.380ms
[3.078s][info][gc,cpu         ] GC(91) User=0.11s Sys=0.03s Real=0.02s
[3.087s][info][gc,start       ] GC(92) Pause Young (Allocation Failure)
[3.110s][info][gc,heap        ] GC(92) PSYoungGen: 45568K(45568K)->32000K(53248K) Eden: 7680K(7680K)->0K(7680K) From: 37888K(37888K)->32000K(45568K)
[3.110s][info][gc,heap        ] GC(92) ParOldGen: 469661K(518656K)->483565K(518656K)
[3.110s][info][gc,metaspace   ] GC(92) Metaspace: 6298K(6464K)->6298K(6464K) NonClass: 5765K(5824K)->5765K(5824K) Class: 533K(640K)->533K(640K)
[3.110s][info][gc             ] GC(92) Pause Young (Allocation Failure) 503M->503M(558M) 23.199ms
[3.110s][info][gc,cpu         ] GC(92) User=0.08s Sys=0.00s Real=0.02s
[3.119s][info][gc,start       ] GC(93) Pause Young (Allocation Failure)
[3.139s][info][gc,heap        ] GC(93) PSYoungGen: 39680K(53248K)->27776K(55296K) Eden: 7680K(7680K)->0K(8704K) From: 32000K(45568K)->27776K(46592K)
[3.139s][info][gc,heap        ] GC(93) ParOldGen: 483565K(518656K)->495605K(518656K)
[3.139s][info][gc,metaspace   ] GC(93) Metaspace: 6298K(6464K)->6298K(6464K) NonClass: 5765K(5824K)->5765K(5824K) Class: 533K(640K)->533K(640K)
[3.139s][info][gc             ] GC(93) Pause Young (Allocation Failure) 510M->511M(560M) 20.446ms
[3.139s][info][gc,cpu         ] GC(93) User=0.14s Sys=0.00s Real=0.02s
[3.148s][info][gc,start       ] GC(94) Pause Young (Allocation Failure)
[3.167s][info][gc,heap        ] GC(94) PSYoungGen: 36480K(55296K)->16480K(55808K) Eden: 8704K(8704K)->0K(8704K) From: 27776K(46592K)->16480K(47104K)
[3.167s][info][gc,heap        ] GC(94) ParOldGen: 495605K(518656K)->515853K(518656K)
[3.167s][info][gc,metaspace   ] GC(94) Metaspace: 6298K(6464K)->6298K(6464K) NonClass: 5765K(5824K)->5765K(5824K) Class: 533K(640K)->533K(640K)
[3.167s][info][gc             ] GC(94) Pause Young (Allocation Failure) 519M->519M(561M) 18.944ms
[3.167s][info][gc,cpu         ] GC(94) User=0.02s Sys=0.00s Real=0.02s
[3.167s][info][gc,start       ] GC(95) Pause Full (Ergonomics)
[3.167s][info][gc,phases,start] GC(95) Marking Phase
[3.282s][info][gc,phases      ] GC(95) Marking Phase 114.288ms
[3.282s][info][gc,phases,start] GC(95) Summary Phase
[3.282s][info][gc,phases      ] GC(95) Summary Phase 0.031ms
[3.282s][info][gc,phases,start] GC(95) Adjust Roots
[3.282s][info][gc,phases      ] GC(95) Adjust Roots 0.200ms
[3.282s][info][gc,phases,start] GC(95) Compaction Phase
[3.335s][info][gc,phases      ] GC(95) Compaction Phase 52.550ms
[3.335s][info][gc,phases,start] GC(95) Post Compact
[3.336s][info][gc,phases      ] GC(95) Post Compact 0.853ms
[3.336s][info][gc,heap        ] GC(95) PSYoungGen: 16480K(55808K)->12745K(55808K) Eden: 0K(8704K)->0K(8704K) From: 16480K(47104K)->12745K(47104K)
[3.336s][info][gc,heap        ] GC(95) ParOldGen: 515853K(518656K)->518485K(584192K)
[3.336s][info][gc,metaspace   ] GC(95) Metaspace: 6298K(6464K)->6298K(6464K) NonClass: 5765K(5824K)->5765K(5824K) Class: 533K(640K)->533K(640K)
[3.336s][info][gc             ] GC(95) Pause Full (Ergonomics) 519M->518M(625M) 168.542ms
[3.336s][info][gc,cpu         ] GC(95) User=1.12s Sys=0.00s Real=0.17s
[3.346s][info][gc,start       ] GC(96) Pause Young (Allocation Failure)
[3.380s][info][gc,heap        ] GC(96) PSYoungGen: 21449K(55808K)->8800K(55808K) Eden: 8704K(8704K)->0K(10240K) From: 12745K(47104K)->8800K(45568K)
[3.381s][info][gc,heap        ] GC(96) ParOldGen: 518485K(584192K)->531445K(584192K)
[3.381s][info][gc,metaspace   ] GC(96) Metaspace: 6298K(6464K)->6298K(6464K) NonClass: 5765K(5824K)->5765K(5824K) Class: 533K(640K)->533K(640K)
[3.381s][info][gc             ] GC(96) Pause Young (Allocation Failure) 527M->527M(625M) 34.466ms
[3.381s][info][gc,cpu         ] GC(96) User=0.14s Sys=0.00s Real=0.03s
[3.392s][info][gc,start       ] GC(97) Pause Young (Allocation Failure)
[3.404s][info][gc,heap        ] GC(97) PSYoungGen: 19040K(55808K)->10336K(55808K) Eden: 10240K(10240K)->0K(10240K) From: 8800K(45568K)->10336K(45568K)
[3.404s][info][gc,heap        ] GC(97) ParOldGen: 531445K(584192K)->540269K(584192K)
[3.404s][info][gc,metaspace   ] GC(97) Metaspace: 6298K(6464K)->6298K(6464K) NonClass: 5765K(5824K)->5765K(5824K) Class: 533K(640K)->533K(640K)
[3.404s][info][gc             ] GC(97) Pause Young (Allocation Failure) 537M->537M(625M) 11.991ms
[3.404s][info][gc,cpu         ] GC(97) User=0.02s Sys=0.00s Real=0.01s
[3.415s][info][gc,start       ] GC(98) Pause Young (Allocation Failure)
[3.428s][info][gc,heap        ] GC(98) PSYoungGen: 20576K(55808K)->10368K(54784K) Eden: 10240K(10240K)->0K(11776K) From: 10336K(45568K)->10368K(43008K)
[3.428s][info][gc,heap        ] GC(98) ParOldGen: 540269K(584192K)->550669K(584192K)
[3.428s][info][gc,metaspace   ] GC(98) Metaspace: 6298K(6464K)->6298K(6464K) NonClass: 5765K(5824K)->5765K(5824K) Class: 533K(640K)->533K(640K)
[3.428s][info][gc             ] GC(98) Pause Young (Allocation Failure) 547M->547M(624M) 13.643ms
[3.428s][info][gc,cpu         ] GC(98) User=0.02s Sys=0.00s Real=0.01s
[3.441s][info][gc,start       ] GC(99) Pause Young (Allocation Failure)
[3.455s][info][gc,heap        ] GC(99) PSYoungGen: 22144K(54784K)->11904K(55808K) Eden: 11776K(11776K)->0K(11776K) From: 10368K(43008K)->11904K(44032K)
[3.455s][info][gc,heap        ] GC(99) ParOldGen: 550669K(584192K)->561069K(584192K)
[3.455s][info][gc,metaspace   ] GC(99) Metaspace: 6298K(6464K)->6298K(6464K) NonClass: 5765K(5824K)->5765K(5824K) Class: 533K(640K)->533K(640K)
[3.456s][info][gc             ] GC(99) Pause Young (Allocation Failure) 559M->559M(625M) 14.077ms
[3.456s][info][gc,cpu         ] GC(99) User=0.02s Sys=0.00s Real=0.01s
[3.469s][info][gc,start       ] GC(100) Pause Young (Allocation Failure)
[3.484s][info][gc,heap        ] GC(100) PSYoungGen: 23680K(55808K)->11904K(52736K) Eden: 11776K(11776K)->0K(13312K) From: 11904K(44032K)->11904K(39424K)
[3.484s][info][gc,heap        ] GC(100) ParOldGen: 561069K(584192K)->573005K(584192K)
[3.484s][info][gc,metaspace   ] GC(100) Metaspace: 6298K(6464K)->6298K(6464K) NonClass: 5765K(5824K)->5765K(5824K) Class: 533K(640K)->533K(640K)
[3.484s][info][gc             ] GC(100) Pause Young (Allocation Failure) 571M->571M(622M) 14.241ms
[3.484s][info][gc,cpu         ] GC(100) User=0.00s Sys=0.00s Real=0.02s
[3.484s][info][gc,start       ] GC(101) Pause Full (Ergonomics)
[3.484s][info][gc,phases,start] GC(101) Marking Phase
[3.607s][info][gc,phases      ] GC(101) Marking Phase 122.839ms
[3.607s][info][gc,phases,start] GC(101) Summary Phase
[3.607s][info][gc,phases      ] GC(101) Summary Phase 0.032ms
[3.607s][info][gc,phases,start] GC(101) Adjust Roots
[3.607s][info][gc,phases      ] GC(101) Adjust Roots 0.151ms
[3.607s][info][gc,phases,start] GC(101) Compaction Phase
[3.660s][info][gc,phases      ] GC(101) Compaction Phase 52.711ms
[3.660s][info][gc,phases,start] GC(101) Post Compact
[3.661s][info][gc,phases      ] GC(101) Post Compact 1.061ms
[3.661s][info][gc,heap        ] GC(101) PSYoungGen: 11904K(52736K)->0K(54272K) Eden: 0K(13312K)->0K(13312K) From: 11904K(39424K)->0K(40960K)
[3.661s][info][gc,heap        ] GC(101) ParOldGen: 573005K(584192K)->583807K(651264K)
[3.661s][info][gc,metaspace   ] GC(101) Metaspace: 6298K(6464K)->6298K(6464K) NonClass: 5765K(5824K)->5765K(5824K) Class: 533K(640K)->533K(640K)
[3.661s][info][gc             ] GC(101) Pause Full (Ergonomics) 571M->570M(689M) 177.339ms
[3.661s][info][gc,cpu         ] GC(101) User=1.09s Sys=0.02s Real=0.18s
[3.675s][info][gc,start       ] GC(102) Pause Young (Allocation Failure)
[3.685s][info][gc,heap        ] GC(102) PSYoungGen: 13312K(54272K)->13472K(52224K) Eden: 13312K(13312K)->0K(14848K) From: 0K(40960K)->13472K(37376K)
[3.685s][info][gc,heap        ] GC(102) ParOldGen: 583807K(651264K)->583807K(651264K)
[3.685s][info][gc,metaspace   ] GC(102) Metaspace: 6298K(6464K)->6298K(6464K) NonClass: 5765K(5824K)->5765K(5824K) Class: 533K(640K)->533K(640K)
[3.685s][info][gc             ] GC(102) Pause Young (Allocation Failure) 583M->583M(687M) 9.839ms
[3.685s][info][gc,cpu         ] GC(102) User=0.02s Sys=0.00s Real=0.01s
[3.702s][info][gc,start       ] GC(103) Pause Young (Allocation Failure)
[3.718s][info][gc,heap        ] GC(103) PSYoungGen: 28320K(52224K)->28224K(54272K) Eden: 14848K(14848K)->0K(14848K) From: 13472K(37376K)->28224K(39424K)
[3.718s][info][gc,heap        ] GC(103) ParOldGen: 583807K(651264K)->583807K(651264K)
[3.718s][info][gc,metaspace   ] GC(103) Metaspace: 6298K(6464K)->6298K(6464K) NonClass: 5765K(5824K)->5765K(5824K) Class: 533K(640K)->533K(640K)
[3.718s][info][gc             ] GC(103) Pause Young (Allocation Failure) 597M->597M(689M) 15.850ms
[3.718s][info][gc,cpu         ] GC(103) User=0.02s Sys=0.00s Real=0.02s
[3.735s][info][gc,start       ] GC(104) Pause Young (Allocation Failure)
[3.757s][info][gc,heap        ] GC(104) PSYoungGen: 43072K(54272K)->41472K(51200K) Eden: 14848K(14848K)->0K(9728K) From: 28224K(39424K)->41472K(41472K)
[3.758s][info][gc,heap        ] GC(104) ParOldGen: 583807K(651264K)->585455K(651264K)
[3.758s][info][gc,metaspace   ] GC(104) Metaspace: 6298K(6464K)->6298K(6464K) NonClass: 5765K(5824K)->5765K(5824K) Class: 533K(640K)->533K(640K)
[3.758s][info][gc             ] GC(104) Pause Young (Allocation Failure) 612M->612M(686M) 22.217ms
[3.758s][info][gc,cpu         ] GC(104) User=0.11s Sys=0.00s Real=0.02s
[3.769s][info][gc,start       ] GC(105) Pause Young (Allocation Failure)
[3.795s][info][gc,heap        ] GC(105) PSYoungGen: 51200K(51200K)->24032K(57856K) Eden: 9728K(9728K)->0K(9728K) From: 41472K(41472K)->24032K(48128K)
[3.795s][info][gc,heap        ] GC(105) ParOldGen: 585455K(651264K)->612991K(651264K)
[3.795s][info][gc,metaspace   ] GC(105) Metaspace: 6298K(6464K)->6298K(6464K) NonClass: 5765K(5824K)->5765K(5824K) Class: 533K(640K)->533K(640K)
[3.795s][info][gc             ] GC(105) Pause Young (Allocation Failure) 621M->622M(692M) 25.930ms
[3.795s][info][gc,cpu         ] GC(105) User=0.14s Sys=0.00s Real=0.03s
[3.808s][info][gc,start       ] GC(106) Pause Young (Allocation Failure)
[3.827s][info][gc,heap        ] GC(106) PSYoungGen: 33760K(57856K)->19552K(53248K) Eden: 9728K(9728K)->0K(11264K) From: 24032K(48128K)->19552K(41984K)
[3.827s][info][gc,heap        ] GC(106) ParOldGen: 612991K(651264K)->627407K(651264K)
[3.827s][info][gc,metaspace   ] GC(106) Metaspace: 6298K(6464K)->6298K(6464K) NonClass: 5765K(5824K)->5765K(5824K) Class: 533K(640K)->533K(640K)
[3.827s][info][gc             ] GC(106) Pause Young (Allocation Failure) 631M->631M(688M) 19.182ms
[3.827s][info][gc,cpu         ] GC(106) User=0.11s Sys=0.02s Real=0.02s
[3.827s][info][gc,start       ] GC(107) Pause Full (Ergonomics)
[3.827s][info][gc,phases,start] GC(107) Marking Phase
[3.962s][info][gc,phases      ] GC(107) Marking Phase 134.984ms
[3.963s][info][gc,phases,start] GC(107) Summary Phase
[3.963s][info][gc,phases      ] GC(107) Summary Phase 0.032ms
[3.963s][info][gc,phases,start] GC(107) Adjust Roots
[3.963s][info][gc,phases      ] GC(107) Adjust Roots 0.168ms
[3.963s][info][gc,phases,start] GC(107) Compaction Phase
[4.017s][info][gc,phases      ] GC(107) Compaction Phase 53.914ms
[4.017s][info][gc,phases,start] GC(107) Post Compact
[4.018s][info][gc,phases      ] GC(107) Post Compact 1.017ms
[4.018s][info][gc,heap        ] GC(107) PSYoungGen: 19552K(53248K)->0K(55808K) Eden: 0K(11264K)->0K(11264K) From: 19552K(41984K)->0K(44544K)
[4.018s][info][gc,heap        ] GC(107) ParOldGen: 627407K(651264K)->646112K(723968K)
[4.018s][info][gc,metaspace   ] GC(107) Metaspace: 6298K(6464K)->6298K(6464K) NonClass: 5765K(5824K)->5765K(5824K) Class: 533K(640K)->533K(640K)
[4.018s][info][gc             ] GC(107) Pause Full (Ergonomics) 631M->630M(761M) 190.659ms
[4.018s][info][gc,cpu         ] GC(107) User=1.36s Sys=0.03s Real=0.19s
[4.031s][info][gc,start       ] GC(108) Pause Young (Allocation Failure)
[4.041s][info][gc,heap        ] GC(108) PSYoungGen: 11264K(55808K)->11424K(55296K) Eden: 11264K(11264K)->0K(12800K) From: 0K(44544K)->11424K(42496K)
[4.041s][info][gc,heap        ] GC(108) ParOldGen: 646112K(723968K)->646112K(723968K)
[4.041s][info][gc,metaspace   ] GC(108) Metaspace: 6298K(6464K)->6298K(6464K) NonClass: 5765K(5824K)->5765K(5824K) Class: 533K(640K)->533K(640K)
[4.041s][info][gc             ] GC(108) Pause Young (Allocation Failure) 641M->642M(761M) 10.018ms
[4.041s][info][gc,cpu         ] GC(108) User=0.00s Sys=0.00s Real=0.01s
[4.056s][info][gc,start       ] GC(109) Pause Young (Allocation Failure)
[4.070s][info][gc,heap        ] GC(109) PSYoungGen: 24224K(55296K)->24160K(56320K) Eden: 12800K(12800K)->0K(12800K) From: 11424K(42496K)->24160K(43520K)
[4.070s][info][gc,heap        ] GC(109) ParOldGen: 646112K(723968K)->646112K(723968K)
[4.070s][info][gc,metaspace   ] GC(109) Metaspace: 6298K(6464K)->6298K(6464K) NonClass: 5765K(5824K)->5765K(5824K) Class: 533K(640K)->533K(640K)
[4.070s][info][gc             ] GC(109) Pause Young (Allocation Failure) 654M->654M(762M) 14.205ms
[4.071s][info][gc,cpu         ] GC(109) User=0.02s Sys=0.00s Real=0.01s
[4.086s][info][gc,start       ] GC(110) Pause Young (Allocation Failure)
[4.105s][info][gc,heap        ] GC(110) PSYoungGen: 36960K(56320K)->36992K(53248K) Eden: 12800K(12800K)->0K(10240K) From: 24160K(43520K)->36992K(43008K)
[4.105s][info][gc,heap        ] GC(110) ParOldGen: 646112K(723968K)->646112K(723968K)
[4.105s][info][gc,metaspace   ] GC(110) Metaspace: 6298K(6464K)->6298K(6464K) NonClass: 5765K(5824K)->5765K(5824K) Class: 533K(640K)->533K(640K)
[4.105s][info][gc             ] GC(110) Pause Young (Allocation Failure) 667M->667M(759M) 19.251ms
[4.105s][info][gc,cpu         ] GC(110) User=0.12s Sys=0.02s Real=0.02s
[4.118s][info][gc,start       ] GC(111) Pause Young (Allocation Failure)
[4.141s][info][gc,heap        ] GC(111) PSYoungGen: 47232K(53248K)->47104K(57344K) Eden: 10240K(10240K)->0K(10240K) From: 36992K(43008K)->47104K(47104K)
[4.141s][info][gc,heap        ] GC(111) ParOldGen: 646112K(723968K)->646200K(723968K)
[4.141s][info][gc,metaspace   ] GC(111) Metaspace: 6298K(6464K)->6298K(6464K) NonClass: 5765K(5824K)->5765K(5824K) Class: 533K(640K)->533K(640K)
[4.141s][info][gc             ] GC(111) Pause Young (Allocation Failure) 677M->677M(763M) 23.334ms
[4.141s][info][gc,cpu         ] GC(111) User=0.14s Sys=0.00s Real=0.02s
[4.154s][info][gc,start       ] GC(112) Pause Young (Allocation Failure)
[4.181s][info][gc,heap        ] GC(112) PSYoungGen: 57344K(57344K)->46112K(60416K) Eden: 10240K(10240K)->0K(6656K) From: 47104K(47104K)->46112K(53760K)
[4.181s][info][gc,heap        ] GC(112) ParOldGen: 646200K(723968K)->657624K(723968K)
[4.181s][info][gc,metaspace   ] GC(112) Metaspace: 6298K(6464K)->6298K(6464K) NonClass: 5765K(5824K)->5765K(5824K) Class: 533K(640K)->533K(640K)
[4.181s][info][gc             ] GC(112) Pause Young (Allocation Failure) 687M->687M(766M) 27.224ms
[4.181s][info][gc,cpu         ] GC(112) User=0.11s Sys=0.02s Real=0.03s
[4.306s][info][gc,start       ] GC(113) Pause Young (Allocation Failure)
[4.346s][info][gc,heap        ] GC(113) PSYoungGen: 52768K(60416K)->39968K(65536K) Eden: 6656K(6656K)->0K(6656K) From: 46112K(53760K)->39968K(58880K)
[4.346s][info][gc,heap        ] GC(113) ParOldGen: 690392K(723968K)->703344K(723968K)
[4.346s][info][gc,metaspace   ] GC(113) Metaspace: 6298K(6464K)->6298K(6464K) NonClass: 5765K(5824K)->5765K(5824K) Class: 533K(640K)->533K(640K)
[4.346s][info][gc             ] GC(113) Pause Young (Allocation Failure) 725M->725M(771M) 39.839ms
[4.346s][info][gc,cpu         ] GC(113) User=0.25s Sys=0.00s Real=0.04s
[4.346s][info][gc,start       ] GC(114) Pause Full (Ergonomics)
[4.346s][info][gc,phases,start] GC(114) Marking Phase
[4.517s][info][gc,phases      ] GC(114) Marking Phase 170.410ms
[4.517s][info][gc,phases,start] GC(114) Summary Phase
[4.517s][info][gc,phases      ] GC(114) Summary Phase 0.026ms
[4.517s][info][gc,phases,start] GC(114) Adjust Roots
[4.517s][info][gc,phases      ] GC(114) Adjust Roots 0.155ms
[4.517s][info][gc,phases,start] GC(114) Compaction Phase
[4.636s][info][gc,phases      ] GC(114) Compaction Phase 119.523ms
[4.637s][info][gc,phases,start] GC(114) Post Compact
[4.638s][info][gc,phases      ] GC(114) Post Compact 1.534ms
[4.638s][info][gc,heap        ] GC(114) PSYoungGen: 39968K(65536K)->2473K(65536K) Eden: 0K(6656K)->0K(6656K) From: 39968K(58880K)->2473K(58880K)
[4.638s][info][gc,heap        ] GC(114) ParOldGen: 703344K(723968K)->723841K(804864K)
[4.638s][info][gc,metaspace   ] GC(114) Metaspace: 6298K(6464K)->6298K(6464K) NonClass: 5765K(5824K)->5765K(5824K) Class: 533K(640K)->533K(640K)
[4.638s][info][gc             ] GC(114) Pause Full (Ergonomics) 725M->709M(850M) 292.259ms
[4.638s][info][gc,cpu         ] GC(114) User=1.75s Sys=0.02s Real=0.29s
[4.647s][info][gc,start       ] GC(115) Pause Young (Allocation Failure)
[4.692s][info][gc,heap        ] GC(115) PSYoungGen: 9129K(65536K)->8576K(67584K) Eden: 6656K(6656K)->0K(7168K) From: 2473K(58880K)->8576K(60416K)
[4.692s][info][gc,heap        ] GC(115) ParOldGen: 723841K(804864K)->724577K(804864K)
[4.692s][info][gc,metaspace   ] GC(115) Metaspace: 6298K(6464K)->6298K(6464K) NonClass: 5765K(5824K)->5765K(5824K) Class: 533K(640K)->533K(640K)
[4.692s][info][gc             ] GC(115) Pause Young (Allocation Failure) 715M->715M(852M) 44.985ms
[4.692s][info][gc,cpu         ] GC(115) User=0.14s Sys=0.00s Real=0.05s
[4.700s][info][gc,start       ] GC(116) Pause Young (Allocation Failure)
[4.713s][info][gc,heap        ] GC(116) PSYoungGen: 15744K(67584K)->15648K(23040K) Eden: 7168K(7168K)->0K(7168K) From: 8576K(60416K)->15648K(15872K)
[4.713s][info][gc,heap        ] GC(116) ParOldGen: 724577K(804864K)->724577K(804864K)
[4.713s][info][gc,metaspace   ] GC(116) Metaspace: 6298K(6464K)->6298K(6464K) NonClass: 5765K(5824K)->5765K(5824K) Class: 533K(640K)->533K(640K)
[4.713s][info][gc             ] GC(116) Pause Young (Allocation Failure) 722M->722M(808M) 12.770ms
[4.713s][info][gc,cpu         ] GC(116) User=0.00s Sys=0.00s Real=0.01s
[4.720s][info][gc,start       ] GC(117) Pause Young (Allocation Failure)
[4.737s][info][gc,heap        ] GC(117) PSYoungGen: 22816K(23040K)->22848K(60928K) Eden: 7168K(7168K)->0K(8192K) From: 15648K(15872K)->22848K(52736K)
[4.737s][info][gc,heap        ] GC(117) ParOldGen: 724577K(804864K)->724577K(804864K)
[4.737s][info][gc,metaspace   ] GC(117) Metaspace: 6298K(6464K)->6298K(6464K) NonClass: 5765K(5824K)->5765K(5824K) Class: 533K(640K)->533K(640K)
[4.737s][info][gc             ] GC(117) Pause Young (Allocation Failure) 729M->729M(845M) 16.329ms
[4.737s][info][gc,cpu         ] GC(117) User=0.03s Sys=0.00s Real=0.02s
[4.746s][info][gc,start       ] GC(118) Pause Young (Allocation Failure)
[4.763s][info][gc,heap        ] GC(118) PSYoungGen: 31040K(60928K)->30592K(64000K) Eden: 8192K(8192K)->0K(8192K) From: 22848K(52736K)->30592K(55808K)
[4.764s][info][gc,heap        ] GC(118) ParOldGen: 724577K(804864K)->724993K(804864K)
[4.764s][info][gc,metaspace   ] GC(118) Metaspace: 6298K(6464K)->6298K(6464K) NonClass: 5765K(5824K)->5765K(5824K) Class: 533K(640K)->533K(640K)
[4.764s][info][gc             ] GC(118) Pause Young (Allocation Failure) 737M->737M(848M) 17.979ms
[4.764s][info][gc,cpu         ] GC(118) User=0.03s Sys=0.00s Real=0.02s
[4.772s][info][gc,start       ] GC(119) Pause Young (Allocation Failure)
[4.793s][info][gc,heap        ] GC(119) PSYoungGen: 38784K(64000K)->37376K(64000K) Eden: 8192K(8192K)->0K(8704K) From: 30592K(55808K)->37376K(55296K)
[4.793s][info][gc,heap        ] GC(119) ParOldGen: 724993K(804864K)->726425K(804864K)
[4.793s][info][gc,metaspace   ] GC(119) Metaspace: 6298K(6464K)->6298K(6464K) NonClass: 5765K(5824K)->5765K(5824K) Class: 533K(640K)->533K(640K)
[4.793s][info][gc             ] GC(119) Pause Young (Allocation Failure) 745M->745M(848M) 21.152ms
[4.793s][info][gc,cpu         ] GC(119) User=0.05s Sys=0.00s Real=0.02s
[4.803s][info][gc,start       ] GC(120) Pause Young (Allocation Failure)
[4.827s][info][gc,heap        ] GC(120) PSYoungGen: 46080K(64000K)->39488K(65024K) Eden: 8704K(8704K)->0K(8704K) From: 37376K(55296K)->39488K(56320K)
[4.827s][info][gc,heap        ] GC(120) ParOldGen: 726425K(804864K)->733177K(804864K)
[4.827s][info][gc,metaspace   ] GC(120) Metaspace: 6298K(6464K)->6298K(6464K) NonClass: 5765K(5824K)->5765K(5824K) Class: 533K(640K)->533K(640K)
[4.827s][info][gc             ] GC(120) Pause Young (Allocation Failure) 754M->754M(849M) 24.420ms
[4.827s][info][gc,cpu         ] GC(120) User=0.12s Sys=0.00s Real=0.02s
[4.837s][info][gc,start       ] GC(121) Pause Young (Allocation Failure)
[4.862s][info][gc,heap        ] GC(121) PSYoungGen: 48192K(65024K)->33856K(66560K) Eden: 8704K(8704K)->0K(10240K) From: 39488K(56320K)->33856K(56320K)
[4.862s][info][gc,heap        ] GC(121) ParOldGen: 733177K(804864K)->747673K(804864K)
[4.862s][info][gc,metaspace   ] GC(121) Metaspace: 6298K(6464K)->6298K(6464K) NonClass: 5765K(5824K)->5765K(5824K) Class: 533K(640K)->533K(640K)
[4.862s][info][gc             ] GC(121) Pause Young (Allocation Failure) 763M->763M(851M) 24.966ms
[4.862s][info][gc,cpu         ] GC(121) User=0.12s Sys=0.00s Real=0.03s
[4.873s][info][gc,start       ] GC(122) Pause Young (Allocation Failure)
[4.898s][info][gc,heap        ] GC(122) PSYoungGen: 44096K(66560K)->27712K(38400K) Eden: 10240K(10240K)->0K(10240K) From: 33856K(56320K)->27712K(28160K)
[4.898s][info][gc,heap        ] GC(122) ParOldGen: 747673K(804864K)->764249K(804864K)
[4.898s][info][gc,metaspace   ] GC(122) Metaspace: 6298K(6464K)->6298K(6464K) NonClass: 5765K(5824K)->5765K(5824K) Class: 533K(640K)->533K(640K)
[4.898s][info][gc             ] GC(122) Pause Young (Allocation Failure) 773M->773M(823M) 24.734ms
[4.898s][info][gc,cpu         ] GC(122) User=0.05s Sys=0.00s Real=0.02s
[4.908s][info][gc,start       ] GC(123) Pause Young (Allocation Failure)
[4.929s][info][gc,heap        ] GC(123) PSYoungGen: 37952K(38400K)->20576K(64512K) Eden: 10240K(10240K)->0K(11776K) From: 27712K(28160K)->20576K(52736K)
[4.929s][info][gc,heap        ] GC(123) ParOldGen: 764249K(804864K)->781881K(804864K)
[4.929s][info][gc,metaspace   ] GC(123) Metaspace: 6298K(6464K)->6298K(6464K) NonClass: 5765K(5824K)->5765K(5824K) Class: 533K(640K)->533K(640K)
[4.929s][info][gc             ] GC(123) Pause Young (Allocation Failure) 783M->783M(849M) 21.021ms
[4.929s][info][gc,cpu         ] GC(123) User=0.02s Sys=0.02s Real=0.02s
[4.929s][info][gc,start       ] GC(124) Pause Full (Ergonomics)
[4.929s][info][gc,phases,start] GC(124) Marking Phase
[5.107s][info][gc,phases      ] GC(124) Marking Phase 178.032ms
[5.107s][info][gc,phases,start] GC(124) Summary Phase
[5.107s][info][gc,phases      ] GC(124) Summary Phase 0.043ms
[5.107s][info][gc,phases,start] GC(124) Adjust Roots
[5.108s][info][gc,phases      ] GC(124) Adjust Roots 0.186ms
[5.108s][info][gc,phases,start] GC(124) Compaction Phase
[5.186s][info][gc,phases      ] GC(124) Compaction Phase 78.186ms
[5.186s][info][gc,phases,start] GC(124) Post Compact
[5.187s][info][gc,phases      ] GC(124) Post Compact 1.399ms
[5.188s][info][gc,heap        ] GC(124) PSYoungGen: 20576K(64512K)->0K(65536K) Eden: 0K(11776K)->0K(11776K) From: 20576K(52736K)->0K(53760K)
[5.188s][info][gc,heap        ] GC(124) ParOldGen: 781881K(804864K)->801296K(891392K)
[5.188s][info][gc,metaspace   ] GC(124) Metaspace: 6298K(6464K)->6298K(6464K) NonClass: 5765K(5824K)->5765K(5824K) Class: 533K(640K)->533K(640K)
[5.188s][info][gc             ] GC(124) Pause Full (Ergonomics) 783M->782M(934M) 258.447ms
[5.188s][info][gc,cpu         ] GC(124) User=1.81s Sys=0.00s Real=0.26s
[5.202s][info][gc,start       ] GC(125) Pause Young (Allocation Failure)
[5.214s][info][gc,heap        ] GC(125) PSYoungGen: 11776K(65536K)->11904K(66560K) Eden: 11776K(11776K)->0K(13312K) From: 0K(53760K)->11904K(53248K)
[5.214s][info][gc,heap        ] GC(125) ParOldGen: 801296K(891392K)->801296K(891392K)
[5.214s][info][gc,metaspace   ] GC(125) Metaspace: 6298K(6464K)->6298K(6464K) NonClass: 5765K(5824K)->5765K(5824K) Class: 533K(640K)->533K(640K)
[5.214s][info][gc             ] GC(125) Pause Young (Allocation Failure) 794M->794M(935M) 12.034ms
[5.214s][info][gc,cpu         ] GC(125) User=0.00s Sys=0.00s Real=0.01s
[5.227s][info][gc,start       ] GC(126) Pause Young (Allocation Failure)
[5.243s][info][gc,heap        ] GC(126) PSYoungGen: 25216K(66560K)->13472K(67072K) Eden: 13312K(13312K)->0K(13312K) From: 11904K(53248K)->13472K(53760K)
[5.243s][info][gc,heap        ] GC(126) ParOldGen: 801296K(891392K)->813224K(891392K)
[5.243s][info][gc,metaspace   ] GC(126) Metaspace: 6298K(6464K)->6298K(6464K) NonClass: 5765K(5824K)->5765K(5824K) Class: 533K(640K)->533K(640K)
[5.243s][info][gc             ] GC(126) Pause Young (Allocation Failure) 807M->807M(936M) 16.038ms
[5.243s][info][gc,cpu         ] GC(126) User=0.02s Sys=0.00s Real=0.02s
[5.257s][info][gc,start       ] GC(127) Pause Young (Allocation Failure)
[5.274s][info][gc,heap        ] GC(127) PSYoungGen: 26784K(67072K)->13440K(66560K) Eden: 13312K(13312K)->0K(15360K) From: 13472K(53760K)->13440K(51200K)
[5.274s][info][gc,heap        ] GC(127) ParOldGen: 813224K(891392K)->826712K(891392K)
[5.274s][info][gc,metaspace   ] GC(127) Metaspace: 6298K(6464K)->6298K(6464K) NonClass: 5765K(5824K)->5765K(5824K) Class: 533K(640K)->533K(640K)
[5.274s][info][gc             ] GC(127) Pause Young (Allocation Failure) 820M->820M(935M) 16.550ms
[5.274s][info][gc,cpu         ] GC(127) User=0.03s Sys=0.00s Real=0.02s
[5.290s][info][gc,start       ] GC(128) Pause Young (Allocation Failure)
[5.308s][info][gc,heap        ] GC(128) PSYoungGen: 28800K(66560K)->15488K(67584K) Eden: 15360K(15360K)->0K(15360K) From: 13440K(51200K)->15488K(52224K)
[5.308s][info][gc,heap        ] GC(128) ParOldGen: 826712K(891392K)->840200K(891392K)
[5.308s][info][gc,metaspace   ] GC(128) Metaspace: 6298K(6464K)->6298K(6464K) NonClass: 5765K(5824K)->5765K(5824K) Class: 533K(640K)->533K(640K)
[5.308s][info][gc             ] GC(128) Pause Young (Allocation Failure) 835M->835M(936M) 17.559ms
[5.308s][info][gc,cpu         ] GC(128) User=0.03s Sys=0.00s Real=0.02s
[5.325s][info][gc,start       ] GC(129) Pause Young (Allocation Failure)
[5.342s][info][gc,heap        ] GC(129) PSYoungGen: 30848K(67584K)->15520K(65024K) Eden: 15360K(15360K)->0K(17408K) From: 15488K(52224K)->15520K(47616K)
[5.342s][info][gc,heap        ] GC(129) ParOldGen: 840200K(891392K)->855776K(891392K)
[5.342s][info][gc,metaspace   ] GC(129) Metaspace: 6298K(6464K)->6298K(6464K) NonClass: 5765K(5824K)->5765K(5824K) Class: 533K(640K)->533K(640K)
[5.342s][info][gc             ] GC(129) Pause Young (Allocation Failure) 850M->850M(934M) 17.888ms
[5.342s][info][gc,cpu         ] GC(129) User=0.02s Sys=0.00s Real=0.02s
[5.361s][info][gc,start       ] GC(130) Pause Young (Allocation Failure)
[5.380s][info][gc,heap        ] GC(130) PSYoungGen: 32928K(65024K)->17536K(66560K) Eden: 17408K(17408K)->0K(17408K) From: 15520K(47616K)->17536K(49152K)
[5.380s][info][gc,heap        ] GC(130) ParOldGen: 855776K(891392K)->871352K(891392K)
[5.380s][info][gc,metaspace   ] GC(130) Metaspace: 6298K(6464K)->6298K(6464K) NonClass: 5765K(5824K)->5765K(5824K) Class: 533K(640K)->533K(640K)
[5.380s][info][gc             ] GC(130) Pause Young (Allocation Failure) 867M->868M(935M) 18.953ms
[5.380s][info][gc,cpu         ] GC(130) User=0.02s Sys=0.00s Real=0.02s
[5.380s][info][gc,start       ] GC(131) Pause Full (Ergonomics)
[5.380s][info][gc,phases,start] GC(131) Marking Phase
[5.581s][info][gc,phases      ] GC(131) Marking Phase 200.136ms
[5.581s][info][gc,phases,start] GC(131) Summary Phase
[5.581s][info][gc,phases      ] GC(131) Summary Phase 0.028ms
[5.581s][info][gc,phases,start] GC(131) Adjust Roots
[5.581s][info][gc,phases      ] GC(131) Adjust Roots 0.160ms
[5.581s][info][gc,phases,start] GC(131) Compaction Phase
[5.667s][info][gc,phases      ] GC(131) Compaction Phase 85.986ms
[5.667s][info][gc,phases,start] GC(131) Post Compact
[5.669s][info][gc,phases      ] GC(131) Post Compact 1.760ms
[5.669s][info][gc,heap        ] GC(131) PSYoungGen: 17536K(66560K)->0K(66560K) Eden: 0K(17408K)->0K(19456K) From: 17536K(49152K)->0K(47104K)
[5.669s][info][gc,heap        ] GC(131) ParOldGen: 871352K(891392K)->887638K(985600K)
[5.669s][info][gc,metaspace   ] GC(131) Metaspace: 6298K(6464K)->6298K(6464K) NonClass: 5765K(5824K)->5765K(5824K) Class: 533K(640K)->533K(640K)
[5.669s][info][gc             ] GC(131) Pause Full (Ergonomics) 868M->866M(1027M) 288.744ms
[5.669s][info][gc,cpu         ] GC(131) User=2.02s Sys=0.02s Real=0.29s
[5.691s][info][gc,start       ] GC(132) Pause Young (Allocation Failure)
[5.708s][info][gc,heap        ] GC(132) PSYoungGen: 19456K(66560K)->19616K(66560K) Eden: 19456K(19456K)->0K(19456K) From: 0K(47104K)->19616K(47104K)
[5.708s][info][gc,heap        ] GC(132) ParOldGen: 887638K(985600K)->887638K(985600K)
[5.708s][info][gc,metaspace   ] GC(132) Metaspace: 6298K(6464K)->6298K(6464K) NonClass: 5765K(5824K)->5765K(5824K) Class: 533K(640K)->533K(640K)
[5.708s][info][gc             ] GC(132) Pause Young (Allocation Failure) 885M->885M(1027M) 16.911ms
[5.708s][info][gc,cpu         ] GC(132) User=0.02s Sys=0.00s Real=0.02s
[5.729s][info][gc,start       ] GC(133) Pause Young (Allocation Failure)
[5.753s][info][gc,heap        ] GC(133) PSYoungGen: 39072K(66560K)->39040K(62464K) Eden: 19456K(19456K)->0K(17408K) From: 19616K(47104K)->39040K(45056K)
[5.753s][info][gc,heap        ] GC(133) ParOldGen: 887638K(985600K)->887638K(985600K)
[5.753s][info][gc,metaspace   ] GC(133) Metaspace: 6298K(6464K)->6298K(6464K) NonClass: 5765K(5824K)->5765K(5824K) Class: 533K(640K)->533K(640K)
[5.753s][info][gc             ] GC(133) Pause Young (Allocation Failure) 904M->904M(1023M) 23.990ms
[5.753s][info][gc,cpu         ] GC(133) User=0.12s Sys=0.00s Real=0.02s
[5.775s][info][gc,start       ] GC(134) Pause Young (Allocation Failure)
[5.807s][info][gc,heap        ] GC(134) PSYoungGen: 56448K(62464K)->49152K(66560K) Eden: 17408K(17408K)->0K(17408K) From: 39040K(45056K)->49152K(49152K)
[5.807s][info][gc,heap        ] GC(134) ParOldGen: 887638K(985600K)->894942K(985600K)
[5.807s][info][gc,metaspace   ] GC(134) Metaspace: 6298K(6464K)->6298K(6464K) NonClass: 5765K(5824K)->5765K(5824K) Class: 533K(640K)->533K(640K)
[5.807s][info][gc             ] GC(134) Pause Young (Allocation Failure) 921M->921M(1027M) 31.883ms
[5.807s][info][gc,cpu         ] GC(134) User=0.12s Sys=0.00s Real=0.03s
[5.828s][info][gc,start       ] GC(135) Pause Young (Allocation Failure)
[5.863s][info][gc,heap        ] GC(135) PSYoungGen: 66560K(66560K)->32160K(76288K) Eden: 17408K(17408K)->0K(19456K) From: 49152K(49152K)->32160K(56832K)
[5.863s][info][gc,heap        ] GC(135) ParOldGen: 894942K(985600K)->929950K(985600K)
[5.863s][info][gc,metaspace   ] GC(135) Metaspace: 6298K(6464K)->6298K(6464K) NonClass: 5765K(5824K)->5765K(5824K) Class: 533K(640K)->533K(640K)
[5.863s][info][gc             ] GC(135) Pause Young (Allocation Failure) 938M->939M(1037M) 35.874ms
[5.863s][info][gc,cpu         ] GC(135) User=0.20s Sys=0.00s Real=0.04s
[5.889s][info][gc,start       ] GC(136) Pause Young (Allocation Failure)
[5.919s][info][gc,heap        ] GC(136) PSYoungGen: 51616K(76288K)->36992K(77312K) Eden: 19456K(19456K)->0K(19456K) From: 32160K(56832K)->36992K(57856K)
[5.919s][info][gc,heap        ] GC(136) ParOldGen: 929950K(985600K)->944766K(985600K)
[5.919s][info][gc,metaspace   ] GC(136) Metaspace: 6298K(6464K)->6298K(6464K) NonClass: 5765K(5824K)->5765K(5824K) Class: 533K(640K)->533K(640K)
[5.919s][info][gc             ] GC(136) Pause Young (Allocation Failure) 958M->958M(1038M) 29.941ms
[5.919s][info][gc,cpu         ] GC(136) User=0.12s Sys=0.00s Real=0.03s
[5.940s][info][gc,start       ] GC(137) Pause Young (Allocation Failure)
[5.975s][info][gc,heap        ] GC(137) PSYoungGen: 56448K(77312K)->39040K(79360K) Eden: 19456K(19456K)->0K(20992K) From: 36992K(57856K)->39040K(58368K)
[5.975s][info][gc,heap        ] GC(137) ParOldGen: 944766K(985600K)->962430K(985600K)
[5.975s][info][gc,metaspace   ] GC(137) Metaspace: 6298K(6464K)->6298K(6464K) NonClass: 5765K(5824K)->5765K(5824K) Class: 533K(640K)->533K(640K)
[5.975s][info][gc             ] GC(137) Pause Young (Allocation Failure) 977M->977M(1040M) 35.327ms
[5.975s][info][gc,cpu         ] GC(137) User=0.14s Sys=0.00s Real=0.04s
[5.975s][info][gc,start       ] GC(138) Pause Full (Ergonomics)
[5.975s][info][gc,phases,start] GC(138) Marking Phase
[6.211s][info][gc,phases      ] GC(138) Marking Phase 235.248ms
[6.211s][info][gc,phases,start] GC(138) Summary Phase
[6.211s][info][gc,phases      ] GC(138) Summary Phase 0.025ms
[6.211s][info][gc,phases,start] GC(138) Adjust Roots
[6.211s][info][gc,phases      ] GC(138) Adjust Roots 0.152ms
[6.211s][info][gc,phases,start] GC(138) Compaction Phase
[6.300s][info][gc,phases      ] GC(138) Compaction Phase 89.419ms
[6.300s][info][gc,phases,start] GC(138) Post Compact
[6.302s][info][gc,phases      ] GC(138) Post Compact 2.024ms
[6.303s][info][gc,heap        ] GC(138) PSYoungGen: 39040K(79360K)->14839K(79360K) Eden: 0K(20992K)->0K(20992K) From: 39040K(58368K)->14839K(58368K)
[6.303s][info][gc,heap        ] GC(138) ParOldGen: 962430K(985600K)->985255K(1095680K)
[6.303s][info][gc,metaspace   ] GC(138) Metaspace: 6298K(6464K)->6298K(6464K) NonClass: 5765K(5824K)->5765K(5824K) Class: 533K(640K)->533K(640K)
[6.303s][info][gc             ] GC(138) Pause Full (Ergonomics) 977M->976M(1147M) 327.617ms
[6.303s][info][gc,cpu         ] GC(138) User=2.28s Sys=0.00s Real=0.33s
[6.326s][info][gc,start       ] GC(139) Pause Young (Allocation Failure)
[6.386s][info][gc,heap        ] GC(139) PSYoungGen: 35831K(79360K)->26752K(80384K) Eden: 20992K(20992K)->0K(20992K) From: 14839K(58368K)->26752K(59392K)
[6.386s][info][gc,heap        ] GC(139) ParOldGen: 985255K(1095680K)->994663K(1095680K)
[6.386s][info][gc,metaspace   ] GC(139) Metaspace: 6298K(6464K)->6298K(6464K) NonClass: 5765K(5824K)->5765K(5824K) Class: 533K(640K)->533K(640K)
[6.386s][info][gc             ] GC(139) Pause Young (Allocation Failure) 997M->997M(1148M) 59.256ms
[6.386s][info][gc,cpu         ] GC(139) User=0.36s Sys=0.02s Real=0.06s
[6.408s][info][gc,start       ] GC(140) Pause Young (Allocation Failure)
[6.436s][info][gc,heap        ] GC(140) PSYoungGen: 47744K(80384K)->47744K(76288K) Eden: 20992K(20992K)->0K(19456K) From: 26752K(59392K)->47744K(56832K)
[6.436s][info][gc,heap        ] GC(140) ParOldGen: 994663K(1095680K)->994663K(1095680K)
[6.436s][info][gc,metaspace   ] GC(140) Metaspace: 6298K(6464K)->6298K(6464K) NonClass: 5765K(5824K)->5765K(5824K) Class: 533K(640K)->533K(640K)
[6.436s][info][gc             ] GC(140) Pause Young (Allocation Failure) 1017M->1017M(1144M) 27.945ms
[6.436s][info][gc,cpu         ] GC(140) User=0.11s Sys=0.00s Real=0.03s
[6.458s][info][gc,start       ] GC(141) Pause Young (Allocation Failure)
[6.494s][info][gc,heap        ] GC(141) PSYoungGen: 67200K(76288K)->60928K(80384K) Eden: 19456K(19456K)->0K(19456K) From: 47744K(56832K)->60928K(60928K)
[6.494s][info][gc,heap        ] GC(141) ParOldGen: 994663K(1095680K)->1000903K(1095680K)
[6.494s][info][gc,metaspace   ] GC(141) Metaspace: 6298K(6464K)->6298K(6464K) NonClass: 5765K(5824K)->5765K(5824K) Class: 533K(640K)->533K(640K)
[6.494s][info][gc             ] GC(141) Pause Young (Allocation Failure) 1036M->1036M(1148M) 35.367ms
[6.494s][info][gc,cpu         ] GC(141) User=0.17s Sys=0.00s Real=0.03s
[6.517s][info][gc,start       ] GC(142) Pause Young (Allocation Failure)
[6.557s][info][gc,heap        ] GC(142) PSYoungGen: 80384K(80384K)->57216K(89088K) Eden: 19456K(19456K)->0K(17408K) From: 60928K(60928K)->57216K(71680K)
[6.558s][info][gc,heap        ] GC(142) ParOldGen: 1000903K(1095680K)->1024519K(1095680K)
[6.558s][info][gc,metaspace   ] GC(142) Metaspace: 6298K(6464K)->6298K(6464K) NonClass: 5765K(5824K)->5765K(5824K) Class: 533K(640K)->533K(640K)
[6.558s][info][gc             ] GC(142) Pause Young (Allocation Failure) 1055M->1056M(1157M) 40.575ms
[6.558s][info][gc,cpu         ] GC(142) User=0.25s Sys=0.00s Real=0.04s
[6.577s][info][gc,start       ] GC(143) Pause Young (Allocation Failure)
[6.615s][info][gc,heap        ] GC(143) PSYoungGen: 74624K(89088K)->55648K(93696K) Eden: 17408K(17408K)->0K(17408K) From: 57216K(71680K)->55648K(76288K)
[6.615s][info][gc,heap        ] GC(143) ParOldGen: 1024519K(1095680K)->1043751K(1095680K)
[6.615s][info][gc,metaspace   ] GC(143) Metaspace: 6298K(6464K)->6298K(6464K) NonClass: 5765K(5824K)->5765K(5824K) Class: 533K(640K)->533K(640K)
[6.615s][info][gc             ] GC(143) Pause Young (Allocation Failure) 1073M->1073M(1161M) 38.127ms
[6.615s][info][gc,cpu         ] GC(143) User=0.22s Sys=0.00s Real=0.04s
[6.634s][info][gc,start       ] GC(144) Pause Young (Allocation Failure)
[6.671s][info][gc,heap        ] GC(144) PSYoungGen: 73056K(93696K)->54432K(96768K) Eden: 17408K(17408K)->0K(17408K) From: 55648K(76288K)->54432K(79360K)
[6.671s][info][gc,heap        ] GC(144) ParOldGen: 1043751K(1095680K)->1062647K(1095680K)
[6.671s][info][gc,metaspace   ] GC(144) Metaspace: 6298K(6464K)->6298K(6464K) NonClass: 5765K(5824K)->5765K(5824K) Class: 533K(640K)->533K(640K)
[6.671s][info][gc             ] GC(144) Pause Young (Allocation Failure) 1090M->1090M(1164M) 37.326ms
[6.671s][info][gc,cpu         ] GC(144) User=0.19s Sys=0.06s Real=0.04s
[6.690s][info][gc,start       ] GC(145) Pause Young (Allocation Failure)
[6.731s][info][gc,heap        ] GC(145) PSYoungGen: 71840K(96768K)->34912K(52736K) Eden: 17408K(17408K)->0K(17408K) From: 54432K(79360K)->34912K(35328K)
[6.731s][info][gc,heap        ] GC(145) ParOldGen: 1062647K(1095680K)->1099999K(1100288K)
[6.731s][info][gc,metaspace   ] GC(145) Metaspace: 6298K(6464K)->6298K(6464K) NonClass: 5765K(5824K)->5765K(5824K) Class: 533K(640K)->533K(640K)
[6.731s][info][gc             ] GC(145) Pause Young (Allocation Failure) 1107M->1108M(1126M) 40.343ms
[6.731s][info][gc,cpu         ] GC(145) User=0.19s Sys=0.05s Real=0.04s
[6.731s][info][gc,start       ] GC(146) Pause Full (Ergonomics)
[6.731s][info][gc,phases,start] GC(146) Marking Phase
[7.007s][info][gc,phases      ] GC(146) Marking Phase 276.383ms
[7.007s][info][gc,phases,start] GC(146) Summary Phase
[7.007s][info][gc,phases      ] GC(146) Summary Phase 0.039ms
[7.007s][info][gc,phases,start] GC(146) Adjust Roots
[7.008s][info][gc,phases      ] GC(146) Adjust Roots 0.245ms
[7.008s][info][gc,phases,start] GC(146) Compaction Phase
[7.122s][info][gc,phases      ] GC(146) Compaction Phase 114.695ms
[7.122s][info][gc,phases,start] GC(146) Post Compact
[7.124s][info][gc,phases      ] GC(146) Post Compact 2.025ms
[7.125s][info][gc,heap        ] GC(146) PSYoungGen: 34912K(52736K)->32712K(52736K) Eden: 0K(17408K)->0K(17408K) From: 34912K(35328K)->32712K(35328K)
[7.125s][info][gc,heap        ] GC(146) ParOldGen: 1099999K(1100288K)->1100284K(1226752K)
[7.125s][info][gc,metaspace   ] GC(146) Metaspace: 6298K(6464K)->6298K(6464K) NonClass: 5765K(5824K)->5765K(5824K) Class: 533K(640K)->533K(640K)
[7.125s][info][gc             ] GC(146) Pause Full (Ergonomics) 1108M->1106M(1249M) 394.267ms
[7.125s][info][gc,cpu         ] GC(146) User=2.61s Sys=0.00s Real=0.39s
[7.145s][info][gc,start       ] GC(147) Pause Young (Allocation Failure)
[7.216s][info][gc,heap        ] GC(147) PSYoungGen: 50120K(52736K)->17536K(96768K) Eden: 17408K(17408K)->0K(19456K) From: 32712K(35328K)->17536K(77312K)
[7.216s][info][gc,heap        ] GC(147) ParOldGen: 1100284K(1226752K)->1133484K(1226752K)
[7.216s][info][gc,metaspace   ] GC(147) Metaspace: 6298K(6464K)->6298K(6464K) NonClass: 5765K(5824K)->5765K(5824K) Class: 533K(640K)->533K(640K)
[7.216s][info][gc             ] GC(147) Pause Young (Allocation Failure) 1123M->1124M(1292M) 71.183ms
[7.216s][info][gc,cpu         ] GC(147) User=0.41s Sys=0.00s Real=0.07s
[7.240s][info][gc,start       ] GC(148) Pause Young (Allocation Failure)
[7.263s][info][gc,heap        ] GC(148) PSYoungGen: 36992K(96768K)->19584K(97280K) Eden: 19456K(19456K)->0K(19456K) From: 17536K(77312K)->19584K(77824K)
[7.264s][info][gc,heap        ] GC(148) ParOldGen: 1133484K(1226752K)->1151156K(1226752K)
[7.264s][info][gc,metaspace   ] GC(148) Metaspace: 6298K(6464K)->6298K(6464K) NonClass: 5765K(5824K)->5765K(5824K) Class: 533K(640K)->533K(640K)
[7.264s][info][gc             ] GC(148) Pause Young (Allocation Failure) 1143M->1143M(1293M) 23.709ms
[7.264s][info][gc,cpu         ] GC(148) User=0.12s Sys=0.00s Real=0.02s
[7.286s][info][gc,start       ] GC(149) Pause Young (Allocation Failure)
[7.312s][info][gc,heap        ] GC(149) PSYoungGen: 39040K(97280K)->19616K(97280K) Eden: 19456K(19456K)->0K(22016K) From: 19584K(77824K)->19616K(75264K)
[7.312s][info][gc,heap        ] GC(149) ParOldGen: 1151156K(1226752K)->1170908K(1226752K)
[7.312s][info][gc,metaspace   ] GC(149) Metaspace: 6298K(6464K)->6298K(6464K) NonClass: 5765K(5824K)->5765K(5824K) Class: 533K(640K)->533K(640K)
[7.312s][info][gc             ] GC(149) Pause Young (Allocation Failure) 1162M->1162M(1293M) 26.072ms
[7.312s][info][gc,cpu         ] GC(149) User=0.11s Sys=0.02s Real=0.03s
[7.339s][info][gc,start       ] GC(150) Pause Young (Allocation Failure)
[7.366s][info][gc,heap        ] GC(150) PSYoungGen: 41632K(97280K)->22144K(97792K) Eden: 22016K(22016K)->0K(22016K) From: 19616K(75264K)->22144K(75776K)
[7.366s][info][gc,heap        ] GC(150) ParOldGen: 1170908K(1226752K)->1190644K(1226752K)
[7.366s][info][gc,metaspace   ] GC(150) Metaspace: 6298K(6464K)->6298K(6464K) NonClass: 5765K(5824K)->5765K(5824K) Class: 533K(640K)->533K(640K)
[7.366s][info][gc             ] GC(150) Pause Young (Allocation Failure) 1184M->1184M(1293M) 26.830ms
[7.366s][info][gc,cpu         ] GC(150) User=0.08s Sys=0.03s Real=0.03s
[7.366s][info][gc,start       ] GC(151) Pause Full (Ergonomics)
[7.366s][info][gc,phases,start] GC(151) Marking Phase
[7.652s][info][gc,phases      ] GC(151) Marking Phase 286.015ms
[7.652s][info][gc,phases,start] GC(151) Summary Phase
[7.652s][info][gc,phases      ] GC(151) Summary Phase 0.043ms
[7.652s][info][gc,phases,start] GC(151) Adjust Roots
[7.653s][info][gc,phases      ] GC(151) Adjust Roots 0.152ms
[7.653s][info][gc,phases,start] GC(151) Compaction Phase
[7.755s][info][gc,phases      ] GC(151) Compaction Phase 102.821ms
[7.755s][info][gc,phases,start] GC(151) Post Compact
[7.757s][info][gc,phases      ] GC(151) Post Compact 1.948ms
[7.758s][info][gc,heap        ] GC(151) PSYoungGen: 22144K(97792K)->0K(98304K) Eden: 0K(22016K)->0K(24576K) From: 22144K(75776K)->0K(73728K)
[7.758s][info][gc,heap        ] GC(151) ParOldGen: 1190644K(1226752K)->1211215K(1346048K)
[7.758s][info][gc,metaspace   ] GC(151) Metaspace: 6298K(6464K)->6298K(6464K) NonClass: 5765K(5824K)->5765K(5824K) Class: 533K(640K)->533K(640K)
[7.758s][info][gc             ] GC(151) Pause Full (Ergonomics) 1184M->1182M(1410M) 391.697ms
[7.758s][info][gc,cpu         ] GC(151) User=2.70s Sys=0.02s Real=0.39s
[7.791s][info][gc,start       ] GC(152) Pause Young (Allocation Failure)
[7.809s][info][gc,heap        ] GC(152) PSYoungGen: 24576K(98304K)->24768K(49664K) Eden: 24576K(24576K)->0K(24576K) From: 0K(73728K)->24768K(25088K)
[7.809s][info][gc,heap        ] GC(152) ParOldGen: 1211215K(1346048K)->1211215K(1346048K)
[7.809s][info][gc,metaspace   ] GC(152) Metaspace: 6298K(6464K)->6298K(6464K) NonClass: 5765K(5824K)->5765K(5824K) Class: 533K(640K)->533K(640K)
[7.809s][info][gc             ] GC(152) Pause Young (Allocation Failure) 1206M->1207M(1363M) 17.813ms
[7.809s][info][gc,cpu         ] GC(152) User=0.03s Sys=0.00s Real=0.02s
[7.838s][info][gc,start       ] GC(153) Pause Young (Allocation Failure)
[7.865s][info][gc,heap        ] GC(153) PSYoungGen: 49344K(49664K)->49344K(95232K) Eden: 24576K(24576K)->0K(24576K) From: 24768K(25088K)->49344K(70656K)
[7.865s][info][gc,heap        ] GC(153) ParOldGen: 1211215K(1346048K)->1211215K(1346048K)
[7.865s][info][gc,metaspace   ] GC(153) Metaspace: 6298K(6464K)->6298K(6464K) NonClass: 5765K(5824K)->5765K(5824K) Class: 533K(640K)->533K(640K)
[7.866s][info][gc             ] GC(153) Pause Young (Allocation Failure) 1231M->1231M(1407M) 27.646ms
[7.866s][info][gc,cpu         ] GC(153) User=0.12s Sys=0.00s Real=0.03s
[7.895s][info][gc,start       ] GC(154) Pause Young (Allocation Failure)
[7.933s][info][gc,heap        ] GC(154) PSYoungGen: 73920K(95232K)->73216K(97792K) Eden: 24576K(24576K)->0K(24576K) From: 49344K(70656K)->73216K(73216K)
[7.933s][info][gc,heap        ] GC(154) ParOldGen: 1211215K(1346048K)->1211919K(1346048K)
[7.933s][info][gc,metaspace   ] GC(154) Metaspace: 6298K(6464K)->6298K(6464K) NonClass: 5765K(5824K)->5765K(5824K) Class: 533K(640K)->533K(640K)
[7.933s][info][gc             ] GC(154) Pause Young (Allocation Failure) 1255M->1255M(1410M) 38.138ms
[7.933s][info][gc,cpu         ] GC(154) User=0.22s Sys=0.00s Real=0.04s
[7.964s][info][gc,start       ] GC(155) Pause Young (Allocation Failure)
[8.017s][info][gc,heap        ] GC(155) PSYoungGen: 97792K(97792K)->44992K(107520K) Eden: 24576K(24576K)->0K(27136K) From: 73216K(73216K)->44992K(80384K)
[8.017s][info][gc,heap        ] GC(155) ParOldGen: 1211919K(1346048K)->1261383K(1346048K)
[8.017s][info][gc,metaspace   ] GC(155) Metaspace: 6298K(6464K)->6298K(6464K) NonClass: 5765K(5824K)->5765K(5824K) Class: 533K(640K)->533K(640K)
[8.017s][info][gc             ] GC(155) Pause Young (Allocation Failure) 1279M->1275M(1419M) 53.279ms
[8.017s][info][gc,cpu         ] GC(155) User=0.38s Sys=0.09s Real=0.05s
[8.037s][info][gc,start       ] GC(156) Pause Young (Allocation Failure)
[8.073s][info][gc,heap        ] GC(156) PSYoungGen: 72128K(107520K)->34848K(62464K) Eden: 27136K(27136K)->0K(27136K) From: 44992K(80384K)->34848K(35328K)
[8.073s][info][gc,heap        ] GC(156) ParOldGen: 1261383K(1346048K)->1285983K(1346048K)
[8.073s][info][gc,metaspace   ] GC(156) Metaspace: 6298K(6464K)->6298K(6464K) NonClass: 5765K(5824K)->5765K(5824K) Class: 533K(640K)->533K(640K)
[8.073s][info][gc             ] GC(156) Pause Young (Allocation Failure) 1302M->1289M(1375M) 35.661ms
[8.073s][info][gc,cpu         ] GC(156) User=0.11s Sys=0.02s Real=0.04s
[8.106s][info][gc,start       ] GC(157) Pause Young (Allocation Failure)
[8.142s][info][gc,heap        ] GC(157) PSYoungGen: 61984K(62464K)->40064K(101888K) Eden: 27136K(27136K)->0K(30208K) From: 34848K(35328K)->40064K(71680K)
[8.142s][info][gc,heap        ] GC(157) ParOldGen: 1285983K(1346048K)->1306879K(1346048K)
[8.142s][info][gc,metaspace   ] GC(157) Metaspace: 6298K(6464K)->6298K(6464K) NonClass: 5765K(5824K)->5765K(5824K) Class: 533K(640K)->533K(640K)
[8.142s][info][gc             ] GC(157) Pause Young (Allocation Failure) 1316M->1315M(1414M) 35.586ms
[8.142s][info][gc,cpu         ] GC(157) User=0.16s Sys=0.00s Real=0.04s
[8.142s][info][gc,start       ] GC(158) Pause Full (Ergonomics)
[8.142s][info][gc,phases,start] GC(158) Marking Phase
[8.477s][info][gc,phases      ] GC(158) Marking Phase 334.651ms
[8.477s][info][gc,phases,start] GC(158) Summary Phase
[8.477s][info][gc,phases      ] GC(158) Summary Phase 0.060ms
[8.477s][info][gc,phases,start] GC(158) Adjust Roots
[8.477s][info][gc,phases      ] GC(158) Adjust Roots 0.186ms
[8.477s][info][gc,phases,start] GC(158) Compaction Phase
[8.590s][info][gc,phases      ] GC(158) Compaction Phase 113.095ms
[8.590s][info][gc,phases,start] GC(158) Post Compact
[8.593s][info][gc,phases      ] GC(158) Post Compact 2.379ms
[8.593s][info][gc,heap        ] GC(158) PSYoungGen: 40064K(101888K)->0K(105472K) Eden: 0K(30208K)->0K(30208K) From: 40064K(71680K)->0K(75264K)
[8.593s][info][gc,heap        ] GC(158) ParOldGen: 1306879K(1346048K)->1345305K(1497600K)
[8.593s][info][gc,metaspace   ] GC(158) Metaspace: 6298K(6464K)->6298K(6464K) NonClass: 5765K(5824K)->5765K(5824K) Class: 533K(640K)->533K(640K)
[8.593s][info][gc             ] GC(158) Pause Full (Ergonomics) 1315M->1313M(1565M) 451.273ms
[8.593s][info][gc,cpu         ] GC(158) User=3.22s Sys=0.00s Real=0.45s
[8.632s][info][gc,start       ] GC(159) Pause Young (Allocation Failure)
[8.653s][info][gc,heap        ] GC(159) PSYoungGen: 30208K(105472K)->30368K(103936K) Eden: 30208K(30208K)->0K(33280K) From: 0K(75264K)->30368K(70656K)
[8.653s][info][gc,heap        ] GC(159) ParOldGen: 1345305K(1497600K)->1345305K(1497600K)
[8.653s][info][gc,metaspace   ] GC(159) Metaspace: 6298K(6464K)->6298K(6464K) NonClass: 5765K(5824K)->5765K(5824K) Class: 533K(640K)->533K(640K)
[8.653s][info][gc             ] GC(159) Pause Young (Allocation Failure) 1343M->1343M(1564M) 20.808ms
[8.653s][info][gc,cpu         ] GC(159) User=0.08s Sys=0.00s Real=0.02s
[8.695s][info][gc,start       ] GC(160) Pause Young (Allocation Failure)
[8.735s][info][gc,heap        ] GC(160) PSYoungGen: 63648K(103936K)->63712K(106496K) Eden: 33280K(33280K)->0K(33280K) From: 30368K(70656K)->63712K(73216K)
[8.735s][info][gc,heap        ] GC(160) ParOldGen: 1345305K(1497600K)->1345305K(1497600K)
[8.735s][info][gc,metaspace   ] GC(160) Metaspace: 6298K(6464K)->6298K(6464K) NonClass: 5765K(5824K)->5765K(5824K) Class: 533K(640K)->533K(640K)
[8.735s][info][gc             ] GC(160) Pause Young (Allocation Failure) 1375M->1375M(1566M) 39.986ms
[8.735s][info][gc,cpu         ] GC(160) User=0.22s Sys=0.00s Real=0.04s
[9.024s][info][gc,start       ] GC(161) Pause Young (Allocation Failure)
[9.104s][info][gc,heap        ] GC(161) PSYoungGen: 96992K(106496K)->79360K(98816K) Eden: 33280K(33280K)->0K(19456K) From: 63712K(73216K)->79360K(79360K)
[9.104s][info][gc,heap        ] GC(161) ParOldGen: 1410841K(1497600K)->1428577K(1497600K)
[9.104s][info][gc,metaspace   ] GC(161) Metaspace: 6298K(6464K)->6298K(6464K) NonClass: 5765K(5824K)->5765K(5824K) Class: 533K(640K)->533K(640K)
[9.104s][info][gc             ] GC(161) Pause Young (Allocation Failure) 1472M->1472M(1559M) 80.656ms
[9.104s][info][gc,cpu         ] GC(161) User=0.48s Sys=0.00s Real=0.08s
[9.123s][info][gc,start       ] GC(162) Pause Young (Allocation Failure)
[9.173s][info][gc,heap        ] GC(162) PSYoungGen: 98816K(98816K)->76000K(115712K) Eden: 19456K(19456K)->0K(19456K) From: 79360K(79360K)->76000K(96256K)
[9.173s][info][gc,heap        ] GC(162) ParOldGen: 1428577K(1497600K)->1451801K(1497600K)
[9.173s][info][gc,metaspace   ] GC(162) Metaspace: 6298K(6464K)->6298K(6464K) NonClass: 5765K(5824K)->5765K(5824K) Class: 533K(640K)->533K(640K)
[9.173s][info][gc             ] GC(162) Pause Young (Allocation Failure) 1491M->1491M(1575M) 50.214ms
[9.173s][info][gc,cpu         ] GC(162) User=0.34s Sys=0.02s Real=0.05s
[9.193s][info][gc,start       ] GC(163) Pause Young (Allocation Failure)
[9.240s][info][gc,heap        ] GC(163) PSYoungGen: 95456K(115712K)->95520K(112128K) Eden: 19456K(19456K)->0K(9728K) From: 76000K(96256K)->95520K(102400K)
[9.240s][info][gc,heap        ] GC(163) ParOldGen: 1451801K(1497600K)->1451801K(1497600K)
[9.240s][info][gc,metaspace   ] GC(163) Metaspace: 6298K(6464K)->6298K(6464K) NonClass: 5765K(5824K)->5765K(5824K) Class: 533K(640K)->533K(640K)
[9.240s][info][gc             ] GC(163) Pause Young (Allocation Failure) 1510M->1511M(1572M) 47.205ms
[9.240s][info][gc,cpu         ] GC(163) User=0.22s Sys=0.00s Real=0.05s
[9.249s][info][gc,start       ] GC(164) Pause Young (Allocation Failure)
[9.299s][info][gc,heap        ] GC(164) PSYoungGen: 105248K(112128K)->75040K(123904K) Eden: 9728K(9728K)->0K(9728K) From: 95520K(102400K)->75040K(114176K)
[9.299s][info][gc,heap        ] GC(164) ParOldGen: 1451801K(1497600K)->1482345K(1497600K)
[9.299s][info][gc,metaspace   ] GC(164) Metaspace: 6298K(6464K)->6298K(6464K) NonClass: 5765K(5824K)->5765K(5824K) Class: 533K(640K)->533K(640K)
[9.299s][info][gc             ] GC(164) Pause Young (Allocation Failure) 1520M->1520M(1583M) 49.899ms
[9.299s][info][gc,cpu         ] GC(164) User=0.36s Sys=0.02s Real=0.05s
[9.299s][info][gc,start       ] GC(165) Pause Full (Ergonomics)
[9.299s][info][gc,phases,start] GC(165) Marking Phase
[9.637s][info][gc,phases      ] GC(165) Marking Phase 338.435ms
[9.638s][info][gc,phases,start] GC(165) Summary Phase
[9.638s][info][gc,phases      ] GC(165) Summary Phase 0.031ms
[9.638s][info][gc,phases,start] GC(165) Adjust Roots
[9.638s][info][gc,phases      ] GC(165) Adjust Roots 0.239ms
[9.638s][info][gc,phases,start] GC(165) Compaction Phase
[9.995s][info][gc,phases      ] GC(165) Compaction Phase 357.030ms
[9.995s][info][gc,phases,start] GC(165) Post Compact
[9.998s][info][gc,phases      ] GC(165) Post Compact 3.246ms
[9.999s][info][gc,heap        ] GC(165) PSYoungGen: 75040K(123904K)->25693K(123904K) Eden: 0K(9728K)->0K(9728K) From: 75040K(114176K)->25693K(114176K)
[9.999s][info][gc,heap        ] GC(165) ParOldGen: 1482345K(1497600K)->1497593K(1659392K)
[9.999s][info][gc,metaspace   ] GC(165) Metaspace: 6298K(6464K)->6298K(6464K) NonClass: 5765K(5824K)->5765K(5824K) Class: 533K(640K)->533K(640K)
[9.999s][info][gc             ] GC(165) Pause Full (Ergonomics) 1520M->1487M(1741M) 699.870ms
[9.999s][info][gc,cpu         ] GC(165) User=4.42s Sys=0.05s Real=0.70s
[10.011s][info][gc,start       ] GC(166) Pause Young (Allocation Failure)
[10.089s][info][gc,heap        ] GC(166) PSYoungGen: 35421K(123904K)->19616K(126464K) Eden: 9728K(9728K)->0K(10752K) From: 25693K(114176K)->19616K(115712K)
[10.089s][info][gc,heap        ] GC(166) ParOldGen: 1497593K(1659392K)->1513801K(1659392K)
[10.089s][info][gc,metaspace   ] GC(166) Metaspace: 6298K(6464K)->6298K(6464K) NonClass: 5765K(5824K)->5765K(5824K) Class: 533K(640K)->533K(640K)
[10.089s][info][gc             ] GC(166) Pause Young (Allocation Failure) 1497M->1497M(1744M) 78.186ms
[10.089s][info][gc,cpu         ] GC(166) User=0.52s Sys=0.00s Real=0.08s
[10.100s][info][gc,start       ] GC(167) Pause Young (Allocation Failure)
[10.124s][info][gc,heap        ] GC(167) PSYoungGen: 30368K(126464K)->30368K(41472K) Eden: 10752K(10752K)->0K(10752K) From: 19616K(115712K)->30368K(30720K)
[10.124s][info][gc,heap        ] GC(167) ParOldGen: 1513801K(1659392K)->1513801K(1659392K)
[10.125s][info][gc,metaspace   ] GC(167) Metaspace: 6298K(6464K)->6298K(6464K) NonClass: 5765K(5824K)->5765K(5824K) Class: 533K(640K)->533K(640K)
[10.125s][info][gc             ] GC(167) Pause Young (Allocation Failure) 1507M->1507M(1661M) 24.614ms
[10.125s][info][gc,cpu         ] GC(167) User=0.03s Sys=0.00s Real=0.03s
[10.136s][info][gc,start       ] GC(168) Pause Young (Allocation Failure)
[10.163s][info][gc,heap        ] GC(168) PSYoungGen: 41120K(41472K)->38304K(116736K) Eden: 10752K(10752K)->0K(12288K) From: 30368K(30720K)->38304K(104448K)
[10.163s][info][gc,heap        ] GC(168) ParOldGen: 1513801K(1659392K)->1516641K(1659392K)
[10.163s][info][gc,metaspace   ] GC(168) Metaspace: 6298K(6464K)->6298K(6464K) NonClass: 5765K(5824K)->5765K(5824K) Class: 533K(640K)->533K(640K)
[10.163s][info][gc             ] GC(168) Pause Young (Allocation Failure) 1518M->1518M(1734M) 27.029ms
[10.163s][info][gc,cpu         ] GC(168) User=0.06s Sys=0.00s Real=0.03s
[10.175s][info][gc,start       ] GC(169) Pause Young (Allocation Failure)
[10.205s][info][gc,heap        ] GC(169) PSYoungGen: 50592K(116736K)->43680K(56320K) Eden: 12288K(12288K)->0K(12288K) From: 38304K(104448K)->43680K(44032K)
[10.205s][info][gc,heap        ] GC(169) ParOldGen: 1516641K(1659392K)->1523713K(1659392K)
[10.205s][info][gc,metaspace   ] GC(169) Metaspace: 6298K(6464K)->6298K(6464K) NonClass: 5765K(5824K)->5765K(5824K) Class: 533K(640K)->533K(640K)
[10.205s][info][gc             ] GC(169) Pause Young (Allocation Failure) 1530M->1530M(1675M) 29.706ms
[10.205s][info][gc,cpu         ] GC(169) User=0.05s Sys=0.00s Real=0.03s
[10.218s][info][gc,start       ] GC(170) Pause Young (Allocation Failure)
[10.252s][info][gc,heap        ] GC(170) PSYoungGen: 55968K(56320K)->35456K(112128K) Eden: 12288K(12288K)->0K(14336K) From: 43680K(44032K)->35456K(97792K)
[10.252s][info][gc,heap        ] GC(170) ParOldGen: 1523713K(1659392K)->1544449K(1659392K)
[10.252s][info][gc,metaspace   ] GC(170) Metaspace: 6298K(6464K)->6298K(6464K) NonClass: 5765K(5824K)->5765K(5824K) Class: 533K(640K)->533K(640K)
[10.252s][info][gc             ] GC(170) Pause Young (Allocation Failure) 1542M->1542M(1730M) 34.064ms
[10.252s][info][gc,cpu         ] GC(170) User=0.09s Sys=0.03s Real=0.03s
[10.267s][info][gc,start       ] GC(171) Pause Young (Allocation Failure)
[10.299s][info][gc,heap        ] GC(171) PSYoungGen: 49792K(112128K)->26720K(115200K) Eden: 14336K(14336K)->0K(14336K) From: 35456K(97792K)->26720K(100864K)
[10.299s][info][gc,heap        ] GC(171) ParOldGen: 1544449K(1659392K)->1567785K(1659392K)
[10.299s][info][gc,metaspace   ] GC(171) Metaspace: 6298K(6464K)->6298K(6464K) NonClass: 5765K(5824K)->5765K(5824K) Class: 533K(640K)->533K(640K)
[10.299s][info][gc             ] GC(171) Pause Young (Allocation Failure) 1556M->1557M(1733M) 32.260ms
[10.299s][info][gc,cpu         ] GC(171) User=0.12s Sys=0.00s Real=0.03s
[10.315s][info][gc,start       ] GC(172) Pause Young (Allocation Failure)
[10.346s][info][gc,heap        ] GC(172) PSYoungGen: 41056K(115200K)->14496K(115200K) Eden: 14336K(14336K)->0K(16384K) From: 26720K(100864K)->14496K(98816K)
[10.346s][info][gc,heap        ] GC(172) ParOldGen: 1567785K(1659392K)->1594753K(1659392K)
[10.346s][info][gc,metaspace   ] GC(172) Metaspace: 6298K(6464K)->6298K(6464K) NonClass: 5765K(5824K)->5765K(5824K) Class: 533K(640K)->533K(640K)
[10.346s][info][gc             ] GC(172) Pause Young (Allocation Failure) 1571M->1571M(1733M) 31.347ms
[10.346s][info][gc,cpu         ] GC(172) User=0.03s Sys=0.00s Real=0.03s
[10.362s][info][gc,start       ] GC(173) Pause Young (Allocation Failure)
[10.388s][info][gc,heap        ] GC(173) PSYoungGen: 30880K(115200K)->16544K(115200K) Eden: 16384K(16384K)->0K(16384K) From: 14496K(98816K)->16544K(98816K)
[10.388s][info][gc,heap        ] GC(173) ParOldGen: 1594753K(1659392K)->1609281K(1659392K)
[10.388s][info][gc,metaspace   ] GC(173) Metaspace: 6298K(6464K)->6298K(6464K) NonClass: 5765K(5824K)->5765K(5824K) Class: 533K(640K)->533K(640K)
[10.388s][info][gc             ] GC(173) Pause Young (Allocation Failure) 1587M->1587M(1733M) 25.636ms
[10.388s][info][gc,cpu         ] GC(173) User=0.03s Sys=0.00s Real=0.03s
[10.404s][info][gc,start       ] GC(174) Pause Young (Allocation Failure)
[10.431s][info][gc,heap        ] GC(174) PSYoungGen: 32928K(115200K)->16512K(112128K) Eden: 16384K(16384K)->0K(18944K) From: 16544K(98816K)->16512K(93184K)
[10.431s][info][gc,heap        ] GC(174) ParOldGen: 1609281K(1659392K)->1625889K(1659392K)
[10.431s][info][gc,metaspace   ] GC(174) Metaspace: 6298K(6464K)->6298K(6464K) NonClass: 5765K(5824K)->5765K(5824K) Class: 533K(640K)->533K(640K)
[10.431s][info][gc             ] GC(174) Pause Young (Allocation Failure) 1603M->1603M(1730M) 26.708ms
[10.431s][info][gc,cpu         ] GC(174) User=0.02s Sys=0.00s Real=0.03s
[10.431s][info][gc,start       ] GC(175) Pause Full (Ergonomics)
[10.431s][info][gc,phases,start] GC(175) Marking Phase
[10.797s][info][gc,phases      ] GC(175) Marking Phase 366.163ms
[10.797s][info][gc,phases,start] GC(175) Summary Phase
[10.797s][info][gc,phases      ] GC(175) Summary Phase 0.041ms
[10.797s][info][gc,phases,start] GC(175) Adjust Roots
[10.797s][info][gc,phases      ] GC(175) Adjust Roots 0.179ms
[10.797s][info][gc,phases,start] GC(175) Compaction Phase
[10.952s][info][gc,phases      ] GC(175) Compaction Phase 154.425ms
[10.952s][info][gc,phases,start] GC(175) Post Compact
[10.955s][info][gc,phases      ] GC(175) Post Compact 3.083ms
[10.956s][info][gc,heap        ] GC(175) PSYoungGen: 16512K(112128K)->0K(114176K) Eden: 0K(18944K)->0K(18944K) From: 16512K(93184K)->0K(95232K)
[10.956s][info][gc,heap        ] GC(175) ParOldGen: 1625889K(1659392K)->1640271K(1809408K)
[10.956s][info][gc,metaspace   ] GC(175) Metaspace: 6298K(6464K)->6298K(6464K) NonClass: 5765K(5824K)->5765K(5824K) Class: 533K(640K)->533K(640K)
[10.956s][info][gc             ] GC(175) Pause Full (Ergonomics) 1603M->1601M(1878M) 524.973ms
[10.956s][info][gc,cpu         ] GC(175) User=3.77s Sys=0.00s Real=0.52s
[10.978s][info][gc,start       ] GC(176) Pause Young (Allocation Failure)
[11.002s][info][gc,heap        ] GC(176) PSYoungGen: 18944K(114176K)->19040K(110080K) Eden: 18944K(18944K)->0K(20992K) From: 0K(95232K)->19040K(89088K)
[11.002s][info][gc,heap        ] GC(176) ParOldGen: 1640271K(1809408K)->1640271K(1809408K)
[11.002s][info][gc,metaspace   ] GC(176) Metaspace: 6298K(6464K)->6298K(6464K) NonClass: 5765K(5824K)->5765K(5824K) Class: 533K(640K)->533K(640K)
[11.003s][info][gc             ] GC(176) Pause Young (Allocation Failure) 1620M->1620M(1874M) 24.389ms
[11.003s][info][gc,cpu         ] GC(176) User=0.03s Sys=0.00s Real=0.02s
[11.025s][info][gc,start       ] GC(177) Pause Young (Allocation Failure)
[11.053s][info][gc,heap        ] GC(177) PSYoungGen: 40032K(110080K)->40128K(61440K) Eden: 20992K(20992K)->0K(20992K) From: 19040K(89088K)->40128K(40448K)
[11.053s][info][gc,heap        ] GC(177) ParOldGen: 1640271K(1809408K)->1640271K(1809408K)
[11.053s][info][gc,metaspace   ] GC(177) Metaspace: 6298K(6464K)->6298K(6464K) NonClass: 5765K(5824K)->5765K(5824K) Class: 533K(640K)->533K(640K)
[11.053s][info][gc             ] GC(177) Pause Young (Allocation Failure) 1640M->1641M(1827M) 28.314ms
[11.053s][info][gc,cpu         ] GC(177) User=0.05s Sys=0.00s Real=0.03s
[11.074s][info][gc,start       ] GC(178) Pause Young (Allocation Failure)
[11.111s][info][gc,heap        ] GC(178) PSYoungGen: 61120K(61440K)->42112K(107008K) Eden: 20992K(20992K)->0K(23552K) From: 40128K(40448K)->42112K(83456K)
[11.111s][info][gc,heap        ] GC(178) ParOldGen: 1640271K(1809408K)->1659487K(1809408K)
[11.111s][info][gc,metaspace   ] GC(178) Metaspace: 6298K(6464K)->6298K(6464K) NonClass: 5765K(5824K)->5765K(5824K) Class: 533K(640K)->533K(640K)
[11.111s][info][gc             ] GC(178) Pause Young (Allocation Failure) 1661M->1661M(1871M) 36.490ms
[11.111s][info][gc,cpu         ] GC(178) User=0.12s Sys=0.03s Real=0.04s
[11.135s][info][gc,start       ] GC(179) Pause Young (Allocation Failure)
[11.173s][info][gc,heap        ] GC(179) PSYoungGen: 65664K(107008K)->44704K(109568K) Eden: 23552K(23552K)->0K(23552K) From: 42112K(83456K)->44704K(86016K)
[11.173s][info][gc,heap        ] GC(179) ParOldGen: 1659487K(1809408K)->1680775K(1809408K)
[11.173s][info][gc,metaspace   ] GC(179) Metaspace: 6298K(6464K)->6298K(6464K) NonClass: 5765K(5824K)->5765K(5824K) Class: 533K(640K)->533K(640K)
[11.173s][info][gc             ] GC(179) Pause Young (Allocation Failure) 1684M->1685M(1874M) 37.775ms
[11.173s][info][gc,cpu         ] GC(179) User=0.19s Sys=0.00s Real=0.04s
[11.199s][info][gc,start       ] GC(180) Pause Young (Allocation Failure)
[11.241s][info][gc,heap        ] GC(180) PSYoungGen: 68256K(109568K)->47232K(108544K) Eden: 23552K(23552K)->0K(26624K) From: 44704K(86016K)->47232K(81920K)
[11.241s][info][gc,heap        ] GC(180) ParOldGen: 1680775K(1809408K)->1702071K(1809408K)
[11.241s][info][gc,metaspace   ] GC(180) Metaspace: 6298K(6464K)->6298K(6464K) NonClass: 5765K(5824K)->5765K(5824K) Class: 533K(640K)->533K(640K)
[11.241s][info][gc             ] GC(180) Pause Young (Allocation Failure) 1708M->1708M(1873M) 41.716ms
[11.241s][info][gc,cpu         ] GC(180) User=0.20s Sys=0.02s Real=0.04s
[11.270s][info][gc,start       ] GC(181) Pause Young (Allocation Failure)
[11.311s][info][gc,heap        ] GC(181) PSYoungGen: 73856K(108544K)->50336K(109568K) Eden: 26624K(26624K)->0K(26624K) From: 47232K(81920K)->50336K(82944K)
[11.311s][info][gc,heap        ] GC(181) ParOldGen: 1702071K(1809408K)->1725943K(1809408K)
[11.311s][info][gc,metaspace   ] GC(181) Metaspace: 6298K(6464K)->6298K(6464K) NonClass: 5765K(5824K)->5765K(5824K) Class: 533K(640K)->533K(640K)
[11.311s][info][gc             ] GC(181) Pause Young (Allocation Failure) 1734M->1734M(1874M) 41.329ms
[11.311s][info][gc,cpu         ] GC(181) User=0.16s Sys=0.00s Real=0.04s
[11.340s][info][gc,start       ] GC(182) Pause Young (Allocation Failure)
[11.383s][info][gc,heap        ] GC(182) PSYoungGen: 76960K(109568K)->53408K(112128K) Eden: 26624K(26624K)->0K(29184K) From: 50336K(82944K)->53408K(82944K)
[11.383s][info][gc,heap        ] GC(182) ParOldGen: 1725943K(1809408K)->1749831K(1809408K)
[11.383s][info][gc,metaspace   ] GC(182) Metaspace: 6298K(6464K)->6298K(6464K) NonClass: 5765K(5824K)->5765K(5824K) Class: 533K(640K)->533K(640K)
[11.383s][info][gc             ] GC(182) Pause Young (Allocation Failure) 1760M->1760M(1876M) 43.332ms
[11.383s][info][gc,cpu         ] GC(182) User=0.16s Sys=0.00s Real=0.04s
[11.414s][info][gc,start       ] GC(183) Pause Young (Allocation Failure)
[11.462s][info][gc,heap        ] GC(183) PSYoungGen: 82592K(112128K)->55936K(113152K) Eden: 29184K(29184K)->0K(29184K) From: 53408K(82944K)->55936K(83968K)
[11.462s][info][gc,heap        ] GC(183) ParOldGen: 1749831K(1809408K)->1776823K(1809408K)
[11.462s][info][gc,metaspace   ] GC(183) Metaspace: 6298K(6464K)->6298K(6464K) NonClass: 5765K(5824K)->5765K(5824K) Class: 533K(640K)->533K(640K)
[11.462s][info][gc             ] GC(183) Pause Young (Allocation Failure) 1789M->1789M(1877M) 47.773ms
[11.462s][info][gc,cpu         ] GC(183) User=0.23s Sys=0.00s Real=0.05s
[11.462s][info][gc,start       ] GC(184) Pause Full (Ergonomics)
[11.462s][info][gc,phases,start] GC(184) Marking Phase
[11.883s][info][gc,phases      ] GC(184) Marking Phase 421.272ms
[11.883s][info][gc,phases,start] GC(184) Summary Phase
[11.883s][info][gc,phases      ] GC(184) Summary Phase 0.037ms
[11.883s][info][gc,phases,start] GC(184) Adjust Roots
[11.883s][info][gc,phases      ] GC(184) Adjust Roots 0.207ms
[11.883s][info][gc,phases,start] GC(184) Compaction Phase
[12.074s][info][gc,phases      ] GC(184) Compaction Phase 190.188ms
[12.074s][info][gc,phases,start] GC(184) Post Compact
[12.078s][info][gc,phases      ] GC(184) Post Compact 4.216ms
[12.079s][info][gc,heap        ] GC(184) PSYoungGen: 55936K(113152K)->21516K(113152K) Eden: 0K(29184K)->0K(29184K) From: 55936K(83968K)->21516K(83968K)
[12.079s][info][gc,heap        ] GC(184) ParOldGen: 1776823K(1809408K)->1808978K(1995264K)
[12.079s][info][gc,metaspace   ] GC(184) Metaspace: 6298K(6464K)->6298K(6464K) NonClass: 5765K(5824K)->5765K(5824K) Class: 533K(640K)->533K(640K)
[12.079s][info][gc             ] GC(184) Pause Full (Ergonomics) 1789M->1787M(2059M) 617.100ms
[12.079s][info][gc,cpu         ] GC(184) User=4.12s Sys=0.11s Real=0.62s
[12.109s][info][gc,start       ] GC(185) Pause Young (Allocation Failure)
[12.207s][info][gc,heap        ] GC(185) PSYoungGen: 50700K(113152K)->40736K(109568K) Eden: 29184K(29184K)->0K(32256K) From: 21516K(83968K)->40736K(77312K)
[12.207s][info][gc,heap        ] GC(185) ParOldGen: 1808978K(1995264K)->1819266K(1995264K)
[12.207s][info][gc,metaspace   ] GC(185) Metaspace: 6298K(6464K)->6298K(6464K) NonClass: 5765K(5824K)->5765K(5824K) Class: 533K(640K)->533K(640K)
[12.207s][info][gc             ] GC(185) Pause Young (Allocation Failure) 1816M->1816M(2055M) 98.055ms
[12.207s][info][gc,cpu         ] GC(185) User=0.62s Sys=0.00s Real=0.10s
[12.244s][info][gc,start       ] GC(186) Pause Young (Allocation Failure)
[12.284s][info][gc,heap        ] GC(186) PSYoungGen: 72992K(109568K)->73056K(113664K) Eden: 32256K(32256K)->0K(32256K) From: 40736K(77312K)->73056K(81408K)
[12.284s][info][gc,heap        ] GC(186) ParOldGen: 1819266K(1995264K)->1819266K(1995264K)
[12.284s][info][gc,metaspace   ] GC(186) Metaspace: 6298K(6464K)->6298K(6464K) NonClass: 5765K(5824K)->5765K(5824K) Class: 533K(640K)->533K(640K)
[12.284s][info][gc             ] GC(186) Pause Young (Allocation Failure) 1847M->1847M(2059M) 40.170ms
[12.284s][info][gc,cpu         ] GC(186) User=0.27s Sys=0.00s Real=0.04s
[12.322s][info][gc,start       ] GC(187) Pause Young (Allocation Failure)
[12.377s][info][gc,heap        ] GC(187) PSYoungGen: 105312K(113664K)->88576K(106496K) Eden: 32256K(32256K)->0K(17920K) From: 73056K(81408K)->88576K(88576K)
[12.377s][info][gc,heap        ] GC(187) ParOldGen: 1819266K(1995264K)->1836090K(1995264K)
[12.377s][info][gc,metaspace   ] GC(187) Metaspace: 6298K(6464K)->6298K(6464K) NonClass: 5765K(5824K)->5765K(5824K) Class: 533K(640K)->533K(640K)
[12.377s][info][gc             ] GC(187) Pause Young (Allocation Failure) 1879M->1879M(2052M) 54.968ms
[12.377s][info][gc,cpu         ] GC(187) User=0.36s Sys=0.03s Real=0.06s
[12.396s][info][gc,start       ] GC(188) Pause Young (Allocation Failure)
[12.449s][info][gc,heap        ] GC(188) PSYoungGen: 106496K(106496K)->72032K(124416K) Eden: 17920K(17920K)->0K(17920K) From: 88576K(88576K)->72032K(106496K)
[12.449s][info][gc,heap        ] GC(188) ParOldGen: 1836090K(1995264K)->1871170K(1995264K)
[12.449s][info][gc,metaspace   ] GC(188) Metaspace: 6298K(6464K)->6298K(6464K) NonClass: 5765K(5824K)->5765K(5824K) Class: 533K(640K)->533K(640K)
[12.449s][info][gc             ] GC(188) Pause Young (Allocation Failure) 1897M->1897M(2070M) 52.589ms
[12.449s][info][gc,cpu         ] GC(188) User=0.38s Sys=0.00s Real=0.05s
[12.469s][info][gc,start       ] GC(189) Pause Young (Allocation Failure)
[12.516s][info][gc,heap        ] GC(189) PSYoungGen: 89952K(124416K)->64192K(126976K) Eden: 17920K(17920K)->0K(20480K) From: 72032K(106496K)->64192K(106496K)
[12.516s][info][gc,heap        ] GC(189) ParOldGen: 1871170K(1995264K)->1897266K(1995264K)
[12.516s][info][gc,metaspace   ] GC(189) Metaspace: 6298K(6464K)->6298K(6464K) NonClass: 5765K(5824K)->5765K(5824K) Class: 533K(640K)->533K(640K)
[12.516s][info][gc             ] GC(189) Pause Young (Allocation Failure) 1915M->1915M(2072M) 47.119ms
[12.516s][info][gc,cpu         ] GC(189) User=0.27s Sys=0.00s Real=0.05s
[12.542s][info][gc,start       ] GC(190) Pause Young (Allocation Failure)
[12.590s][info][gc,heap        ] GC(190) PSYoungGen: 84672K(126976K)->38560K(128000K) Eden: 20480K(20480K)->0K(20480K) From: 64192K(106496K)->38560K(107520K)
[12.590s][info][gc,heap        ] GC(190) ParOldGen: 1897266K(1995264K)->1943970K(1995264K)
[12.590s][info][gc,metaspace   ] GC(190) Metaspace: 6298K(6464K)->6298K(6464K) NonClass: 5765K(5824K)->5765K(5824K) Class: 533K(640K)->533K(640K)
[12.590s][info][gc             ] GC(190) Pause Young (Allocation Failure) 1935M->1936M(2073M) 47.995ms
[12.590s][info][gc,cpu         ] GC(190) User=0.30s Sys=0.02s Real=0.05s
[12.615s][info][gc,start       ] GC(191) Pause Young (Allocation Failure)
[12.656s][info][gc,heap        ] GC(191) PSYoungGen: 59040K(128000K)->20608K(128000K) Eden: 20480K(20480K)->0K(23040K) From: 38560K(107520K)->20608K(104960K)
[12.656s][info][gc,heap        ] GC(191) ParOldGen: 1943970K(1995264K)->1982898K(1995264K)
[12.656s][info][gc,metaspace   ] GC(191) Metaspace: 6298K(6464K)->6298K(6464K) NonClass: 5765K(5824K)->5765K(5824K) Class: 533K(640K)->533K(640K)
[12.656s][info][gc             ] GC(191) Pause Young (Allocation Failure) 1956M->1956M(2073M) 41.614ms
[12.656s][info][gc,cpu         ] GC(191) User=0.14s Sys=0.03s Real=0.04s
[12.656s][info][gc,start       ] GC(192) Pause Full (Ergonomics)
[12.656s][info][gc,phases,start] GC(192) Marking Phase
[13.113s][info][gc,phases      ] GC(192) Marking Phase 457.123ms
[13.113s][info][gc,phases,start] GC(192) Summary Phase
[13.113s][info][gc,phases      ] GC(192) Summary Phase 0.041ms
[13.113s][info][gc,phases,start] GC(192) Adjust Roots
[13.114s][info][gc,phases      ] GC(192) Adjust Roots 0.165ms
[13.114s][info][gc,phases,start] GC(192) Compaction Phase
[13.287s][info][gc,phases      ] GC(192) Compaction Phase 173.343ms
[13.287s][info][gc,phases,start] GC(192) Post Compact
[13.291s][info][gc,phases      ] GC(192) Post Compact 3.804ms
[13.292s][info][gc,heap        ] GC(192) PSYoungGen: 20608K(128000K)->5633K(128000K) Eden: 0K(23040K)->0K(23040K) From: 20608K(104960K)->5633K(104960K)
[13.292s][info][gc,heap        ] GC(192) ParOldGen: 1982898K(1995264K)->1995142K(2211328K)
[13.292s][info][gc,metaspace   ] GC(192) Metaspace: 6298K(6464K)->6298K(6464K) NonClass: 5765K(5824K)->5765K(5824K) Class: 533K(640K)->533K(640K)
[13.292s][info][gc             ] GC(192) Pause Full (Ergonomics) 1956M->1953M(2284M) 635.730ms
[13.292s][info][gc,cpu         ] GC(192) User=4.47s Sys=0.02s Real=0.64s
[13.321s][info][gc,start       ] GC(193) Pause Young (Allocation Failure)
[13.420s][info][gc,heap        ] GC(193) PSYoungGen: 28673K(128000K)->23168K(128000K) Eden: 23040K(23040K)->0K(23040K) From: 5633K(104960K)->23168K(104960K)
[13.420s][info][gc,heap        ] GC(193) ParOldGen: 1995142K(2211328K)->2000878K(2211328K)
[13.420s][info][gc,metaspace   ] GC(193) Metaspace: 6298K(6464K)->6298K(6464K) NonClass: 5765K(5824K)->5765K(5824K) Class: 533K(640K)->533K(640K)
[13.420s][info][gc             ] GC(193) Pause Young (Allocation Failure) 1976M->1976M(2284M) 99.570ms
[13.420s][info][gc,cpu         ] GC(193) User=0.64s Sys=0.00s Real=0.10s
[13.448s][info][gc,start       ] GC(194) Pause Young (Allocation Failure)
[13.481s][info][gc,heap        ] GC(194) PSYoungGen: 46208K(128000K)->23200K(126464K) Eden: 23040K(23040K)->0K(25600K) From: 23168K(104960K)->23200K(100864K)
[13.481s][info][gc,heap        ] GC(194) ParOldGen: 2000878K(2211328K)->2024238K(2211328K)
[13.481s][info][gc,metaspace   ] GC(194) Metaspace: 6298K(6464K)->6298K(6464K) NonClass: 5765K(5824K)->5765K(5824K) Class: 533K(640K)->533K(640K)
[13.481s][info][gc             ] GC(194) Pause Young (Allocation Failure) 1999M->1999M(2283M) 33.232ms
[13.481s][info][gc,cpu         ] GC(194) User=0.27s Sys=0.00s Real=0.03s
[13.509s][info][gc,start       ] GC(195) Pause Young (Allocation Failure)
[13.542s][info][gc,heap        ] GC(195) PSYoungGen: 48800K(126464K)->25728K(128000K) Eden: 25600K(25600K)->0K(25600K) From: 23200K(100864K)->25728K(102400K)
[13.542s][info][gc,heap        ] GC(195) ParOldGen: 2024238K(2211328K)->2047598K(2211328K)
[13.542s][info][gc,metaspace   ] GC(195) Metaspace: 6298K(6464K)->6298K(6464K) NonClass: 5765K(5824K)->5765K(5824K) Class: 533K(640K)->533K(640K)
[13.542s][info][gc             ] GC(195) Pause Young (Allocation Failure) 2024M->2024M(2284M) 33.377ms
[13.542s][info][gc,cpu         ] GC(195) User=0.16s Sys=0.00s Real=0.03s
[13.570s][info][gc,start       ] GC(196) Pause Young (Allocation Failure)
[13.605s][info][gc,heap        ] GC(196) PSYoungGen: 51328K(128000K)->25792K(123392K) Eden: 25600K(25600K)->0K(28672K) From: 25728K(102400K)->25792K(94720K)
[13.605s][info][gc,heap        ] GC(196) ParOldGen: 2047598K(2211328K)->2073558K(2211328K)
[13.605s][info][gc,metaspace   ] GC(196) Metaspace: 6298K(6464K)->6298K(6464K) NonClass: 5765K(5824K)->5765K(5824K) Class: 533K(640K)->533K(640K)
[13.605s][info][gc             ] GC(196) Pause Young (Allocation Failure) 2049M->2050M(2280M) 34.653ms
[13.605s][info][gc,cpu         ] GC(196) User=0.16s Sys=0.00s Real=0.04s
[13.634s][info][gc,start       ] GC(197) Pause Young (Allocation Failure)
[13.675s][info][gc,heap        ] GC(197) PSYoungGen: 54464K(123392K)->28832K(125952K) Eden: 28672K(28672K)->0K(28672K) From: 25792K(94720K)->28832K(97280K)
[13.675s][info][gc,heap        ] GC(197) ParOldGen: 2073558K(2211328K)->2099550K(2211328K)
[13.675s][info][gc,metaspace   ] GC(197) Metaspace: 6298K(6464K)->6298K(6464K) NonClass: 5765K(5824K)->5765K(5824K) Class: 533K(640K)->533K(640K)
[13.675s][info][gc             ] GC(197) Pause Young (Allocation Failure) 2078M->2078M(2282M) 40.838ms
[13.675s][info][gc,cpu         ] GC(197) User=0.14s Sys=0.02s Real=0.04s
[13.705s][info][gc,start       ] GC(198) Pause Young (Allocation Failure)
[13.745s][info][gc,heap        ] GC(198) PSYoungGen: 57504K(125952K)->28800K(118784K) Eden: 28672K(28672K)->0K(32256K) From: 28832K(97280K)->28800K(86528K)
[13.745s][info][gc,heap        ] GC(198) ParOldGen: 2099550K(2211328K)->2128630K(2211328K)
[13.745s][info][gc,metaspace   ] GC(198) Metaspace: 6298K(6464K)->6298K(6464K) NonClass: 5765K(5824K)->5765K(5824K) Class: 533K(640K)->533K(640K)
[13.745s][info][gc             ] GC(198) Pause Young (Allocation Failure) 2106M->2106M(2275M) 39.320ms
[13.745s][info][gc,cpu         ] GC(198) User=0.20s Sys=0.02s Real=0.04s
[13.780s][info][gc,start       ] GC(199) Pause Young (Allocation Failure)
[13.823s][info][gc,heap        ] GC(199) PSYoungGen: 61056K(118784K)->32448K(122368K) Eden: 32256K(32256K)->0K(32256K) From: 28800K(86528K)->32448K(90112K)
[13.823s][info][gc,heap        ] GC(199) ParOldGen: 2128630K(2211328K)->2157678K(2211328K)
[13.823s][info][gc,metaspace   ] GC(199) Metaspace: 6298K(6464K)->6298K(6464K) NonClass: 5765K(5824K)->5765K(5824K) Class: 533K(640K)->533K(640K)
[13.823s][info][gc             ] GC(199) Pause Young (Allocation Failure) 2138M->2138M(2279M) 43.206ms
[13.823s][info][gc,cpu         ] GC(199) User=0.19s Sys=0.02s Real=0.04s
[13.864s][info][gc,start       ] GC(200) Pause Young (Allocation Failure)
[13.906s][info][gc,heap        ] GC(200) PSYoungGen: 64704K(122368K)->32416K(114176K) Eden: 32256K(32256K)->0K(35840K) From: 32448K(90112K)->32416K(78336K)
[13.906s][info][gc,heap        ] GC(200) ParOldGen: 2157678K(2211328K)->2190422K(2211328K)
[13.906s][info][gc,metaspace   ] GC(200) Metaspace: 6298K(6464K)->6298K(6464K) NonClass: 5765K(5824K)->5765K(5824K) Class: 533K(640K)->533K(640K)
[13.906s][info][gc             ] GC(200) Pause Young (Allocation Failure) 2170M->2170M(2271M) 42.181ms
[13.906s][info][gc,cpu         ] GC(200) User=0.23s Sys=0.03s Real=0.04s
[13.906s][info][gc,start       ] GC(201) Pause Full (Ergonomics)
[13.906s][info][gc,phases,start] GC(201) Marking Phase
[14.406s][info][gc,phases      ] GC(201) Marking Phase 499.212ms
[14.406s][info][gc,phases,start] GC(201) Summary Phase
[14.406s][info][gc,phases      ] GC(201) Summary Phase 0.038ms
[14.406s][info][gc,phases,start] GC(201) Adjust Roots
[14.406s][info][gc,phases      ] GC(201) Adjust Roots 0.176ms
[14.406s][info][gc,phases,start] GC(201) Compaction Phase
[14.602s][info][gc,phases      ] GC(201) Compaction Phase 196.102ms
[14.602s][info][gc,phases,start] GC(201) Post Compact
[14.607s][info][gc,phases      ] GC(201) Post Compact 4.508ms
[14.608s][info][gc,heap        ] GC(201) PSYoungGen: 32416K(114176K)->8723K(118272K) Eden: 0K(35840K)->0K(39936K) From: 32416K(78336K)->8723K(78336K)
[14.608s][info][gc,heap        ] GC(201) ParOldGen: 2190422K(2211328K)->2210933K(2439168K)
[14.608s][info][gc,metaspace   ] GC(201) Metaspace: 6298K(6464K)->6298K(6464K) NonClass: 5765K(5824K)->5765K(5824K) Class: 533K(640K)->533K(640K)
[14.608s][info][gc             ] GC(201) Pause Full (Ergonomics) 2170M->2167M(2497M) 701.458ms
[14.608s][info][gc,cpu         ] GC(201) User=5.28s Sys=0.00s Real=0.70s
[14.662s][info][gc,start       ] GC(202) Pause Young (Allocation Failure)
[14.781s][info][gc,heap        ] GC(202) PSYoungGen: 48659K(118272K)->40128K(122368K) Eden: 39936K(39936K)->0K(39936K) From: 8723K(78336K)->40128K(82432K)
[14.782s][info][gc,heap        ] GC(202) ParOldGen: 2210933K(2439168K)->2219813K(2439168K)
[14.782s][info][gc,metaspace   ] GC(202) Metaspace: 6298K(6464K)->6298K(6464K) NonClass: 5765K(5824K)->5765K(5824K) Class: 533K(640K)->533K(640K)
[14.782s][info][gc             ] GC(202) Pause Young (Allocation Failure) 2206M->2206M(2501M) 119.749ms
[14.782s][info][gc,cpu         ] GC(202) User=0.75s Sys=0.00s Real=0.12s
[14.830s][info][gc,start       ] GC(203) Pause Young (Allocation Failure)
[14.878s][info][gc,heap        ] GC(203) PSYoungGen: 80064K(122368K)->78848K(111616K) Eden: 39936K(39936K)->0K(32768K) From: 40128K(82432K)->78848K(78848K)
[14.878s][info][gc,heap        ] GC(203) ParOldGen: 2219813K(2439168K)->2221021K(2439168K)
[14.878s][info][gc,metaspace   ] GC(203) Metaspace: 6298K(6464K)->6298K(6464K) NonClass: 5765K(5824K)->5765K(5824K) Class: 533K(640K)->533K(640K)
[14.878s][info][gc             ] GC(203) Pause Young (Allocation Failure) 2245M->2245M(2491M) 48.065ms
[14.878s][info][gc,cpu         ] GC(203) User=0.27s Sys=0.00s Real=0.05s
[14.918s][info][gc,start       ] GC(204) Pause Young (Allocation Failure)
[14.983s][info][gc,heap        ] GC(204) PSYoungGen: 111616K(111616K)->32960K(122880K) Eden: 32768K(32768K)->0K(32768K) From: 78848K(78848K)->32960K(90112K)
[14.983s][info][gc,heap        ] GC(204) ParOldGen: 2221021K(2439168K)->2300541K(2439168K)
[14.983s][info][gc,metaspace   ] GC(204) Metaspace: 6298K(6464K)->6298K(6464K) NonClass: 5765K(5824K)->5765K(5824K) Class: 533K(640K)->533K(640K)
[14.983s][info][gc             ] GC(204) Pause Young (Allocation Failure) 2277M->2278M(2502M) 65.338ms
[14.983s][info][gc,cpu         ] GC(204) User=0.34s Sys=0.00s Real=0.06s
[15.023s][info][gc,start       ] GC(205) Pause Young (Allocation Failure)
[15.064s][info][gc,heap        ] GC(205) PSYoungGen: 65728K(122880K)->32960K(117248K) Eden: 32768K(32768K)->0K(36352K) From: 32960K(90112K)->32960K(80896K)
[15.064s][info][gc,heap        ] GC(205) ParOldGen: 2300541K(2439168K)->2333597K(2439168K)
[15.064s][info][gc,metaspace   ] GC(205) Metaspace: 6298K(6464K)->6298K(6464K) NonClass: 5765K(5824K)->5765K(5824K) Class: 533K(640K)->533K(640K)
[15.064s][info][gc             ] GC(205) Pause Young (Allocation Failure) 2310M->2311M(2496M) 41.611ms
[15.064s][info][gc,cpu         ] GC(205) User=0.23s Sys=0.02s Real=0.04s
[15.110s][info][gc,start       ] GC(206) Pause Young (Allocation Failure)
[15.151s][info][gc,heap        ] GC(206) PSYoungGen: 69312K(117248K)->36544K(120320K) Eden: 36352K(36352K)->0K(36352K) From: 32960K(80896K)->36544K(83968K)
[15.151s][info][gc,heap        ] GC(206) ParOldGen: 2333597K(2439168K)->2366661K(2439168K)
[15.151s][info][gc,metaspace   ] GC(206) Metaspace: 6298K(6464K)->6298K(6464K) NonClass: 5765K(5824K)->5765K(5824K) Class: 533K(640K)->533K(640K)
[15.151s][info][gc             ] GC(206) Pause Young (Allocation Failure) 2346M->2346M(2499M) 41.718ms
[15.151s][info][gc,cpu         ] GC(206) User=0.25s Sys=0.00s Real=0.04s
[15.200s][info][gc,start       ] GC(207) Pause Young (Allocation Failure)
[15.245s][info][gc,heap        ] GC(207) PSYoungGen: 72896K(120320K)->36544K(113664K) Eden: 36352K(36352K)->0K(40448K) From: 36544K(83968K)->36544K(73216K)
[15.245s][info][gc,heap        ] GC(207) ParOldGen: 2366661K(2439168K)->2403341K(2439168K)
[15.245s][info][gc,metaspace   ] GC(207) Metaspace: 6298K(6464K)->6298K(6464K) NonClass: 5765K(5824K)->5765K(5824K) Class: 533K(640K)->533K(640K)
[15.245s][info][gc             ] GC(207) Pause Young (Allocation Failure) 2382M->2382M(2493M) 44.677ms
[15.245s][info][gc,cpu         ] GC(207) User=0.22s Sys=0.02s Real=0.05s
[15.245s][info][gc,start       ] GC(208) Pause Full (Ergonomics)
[15.245s][info][gc,phases,start] GC(208) Marking Phase
[15.787s][info][gc,phases      ] GC(208) Marking Phase 541.691ms
[15.787s][info][gc,phases,start] GC(208) Summary Phase
[15.787s][info][gc,phases      ] GC(208) Summary Phase 0.073ms
[15.787s][info][gc,phases,start] GC(208) Adjust Roots
[15.787s][info][gc,phases      ] GC(208) Adjust Roots 0.216ms
[15.787s][info][gc,phases,start] GC(208) Compaction Phase
[15.995s][info][gc,phases      ] GC(208) Compaction Phase 207.433ms
[15.995s][info][gc,phases,start] GC(208) Post Compact
[15.999s][info][gc,phases      ] GC(208) Post Compact 4.242ms
[16.000s][info][gc,heap        ] GC(208) PSYoungGen: 36544K(113664K)->0K(117248K) Eden: 0K(40448K)->0K(40448K) From: 36544K(73216K)->0K(76800K)
[16.000s][info][gc,heap        ] GC(208) ParOldGen: 2403341K(2439168K)->2437575K(2701824K)
[16.000s][info][gc,metaspace   ] GC(208) Metaspace: 6298K(6464K)->6298K(6464K) NonClass: 5765K(5824K)->5765K(5824K) Class: 533K(640K)->533K(640K)
[16.000s][info][gc             ] GC(208) Pause Full (Ergonomics) 2382M->2380M(2753M) 754.864ms
[16.000s][info][gc,cpu         ] GC(208) User=5.67s Sys=0.00s Real=0.76s
[16.051s][info][gc,start       ] GC(209) Pause Young (Allocation Failure)
[16.082s][info][gc,heap        ] GC(209) PSYoungGen: 40448K(117248K)->40608K(113152K) Eden: 40448K(40448K)->0K(44032K) From: 0K(76800K)->40608K(69120K)
[16.082s][info][gc,heap        ] GC(209) ParOldGen: 2437575K(2701824K)->2437575K(2701824K)
[16.082s][info][gc,metaspace   ] GC(209) Metaspace: 6298K(6464K)->6298K(6464K) NonClass: 5765K(5824K)->5765K(5824K) Class: 533K(640K)->533K(640K)
[16.082s][info][gc             ] GC(209) Pause Young (Allocation Failure) 2419M->2420M(2749M) 30.877ms
[16.082s][info][gc,cpu         ] GC(209) User=0.08s Sys=0.00s Real=0.03s
[16.137s][info][gc,start       ] GC(210) Pause Young (Allocation Failure)
[16.184s][info][gc,heap        ] GC(210) PSYoungGen: 84640K(113152K)->73216K(117248K) Eden: 44032K(44032K)->0K(44032K) From: 40608K(69120K)->73216K(73216K)
[16.184s][info][gc,heap        ] GC(210) ParOldGen: 2437575K(2701824K)->2449055K(2701824K)
[16.184s][info][gc,metaspace   ] GC(210) Metaspace: 6298K(6464K)->6298K(6464K) NonClass: 5765K(5824K)->5765K(5824K) Class: 533K(640K)->533K(640K)
[16.184s][info][gc             ] GC(210) Pause Young (Allocation Failure) 2463M->2463M(2753M) 47.207ms
[16.184s][info][gc,cpu         ] GC(210) User=0.25s Sys=0.00s Real=0.05s
[16.237s][info][gc,start       ] GC(211) Pause Young (Allocation Failure)
[16.306s][info][gc,heap        ] GC(211) PSYoungGen: 117248K(117248K)->44256K(127488K) Eden: 44032K(44032K)->0K(48640K) From: 73216K(73216K)->44256K(78848K)
[16.306s][info][gc,heap        ] GC(211) ParOldGen: 2449055K(2701824K)->2522815K(2701824K)
[16.306s][info][gc,metaspace   ] GC(211) Metaspace: 6298K(6464K)->6298K(6464K) NonClass: 5765K(5824K)->5765K(5824K) Class: 533K(640K)->533K(640K)
[16.306s][info][gc             ] GC(211) Pause Young (Allocation Failure) 2506M->2506M(2763M) 69.255ms
[16.306s][info][gc,cpu         ] GC(211) User=0.31s Sys=0.12s Real=0.07s
[16.367s][info][gc,start       ] GC(212) Pause Young (Allocation Failure)
[16.425s][info][gc,heap        ] GC(212) PSYoungGen: 92896K(127488K)->82432K(131072K) Eden: 48640K(48640K)->0K(48640K) From: 44256K(78848K)->82432K(82432K)
[16.425s][info][gc,heap        ] GC(212) ParOldGen: 2522815K(2701824K)->2533271K(2701824K)
[16.425s][info][gc,metaspace   ] GC(212) Metaspace: 6298K(6464K)->6298K(6464K) NonClass: 5765K(5824K)->5765K(5824K) Class: 533K(640K)->533K(640K)
[16.425s][info][gc             ] GC(212) Pause Young (Allocation Failure) 2554M->2554M(2766M) 58.318ms
[16.425s][info][gc,cpu         ] GC(212) User=0.33s Sys=0.00s Real=0.06s
[16.487s][info][gc,start       ] GC(213) Pause Young (Allocation Failure)
[16.574s][info][gc,heap        ] GC(213) PSYoungGen: 131072K(131072K)->48800K(141824K) Eden: 48640K(48640K)->0K(53760K) From: 82432K(82432K)->48800K(88064K)
[16.574s][info][gc,heap        ] GC(213) ParOldGen: 2533271K(2701824K)->2616311K(2701824K)
[16.574s][info][gc,metaspace   ] GC(213) Metaspace: 6298K(6464K)->6298K(6464K) NonClass: 5765K(5824K)->5765K(5824K) Class: 533K(640K)->533K(640K)
[16.574s][info][gc             ] GC(213) Pause Young (Allocation Failure) 2601M->2602M(2777M) 87.433ms
[16.574s][info][gc,cpu         ] GC(213) User=0.36s Sys=0.09s Real=0.09s
[16.574s][info][gc,start       ] GC(214) Pause Full (Ergonomics)
[16.574s][info][gc,phases,start] GC(214) Marking Phase
[17.224s][info][gc,phases      ] GC(214) Marking Phase 650.325ms
[17.225s][info][gc,phases,start] GC(214) Summary Phase
[17.225s][info][gc,phases      ] GC(214) Summary Phase 0.106ms
[17.225s][info][gc,phases,start] GC(214) Adjust Roots
[17.225s][info][gc,phases      ] GC(214) Adjust Roots 0.220ms
[17.225s][info][gc,phases,start] GC(214) Compaction Phase
[17.450s][info][gc,phases      ] GC(214) Compaction Phase 225.230ms
[17.450s][info][gc,phases,start] GC(214) Post Compact
[17.455s][info][gc,phases      ] GC(214) Post Compact 4.847ms
[17.456s][info][gc,heap        ] GC(214) PSYoungGen: 48800K(141824K)->0K(145920K) Eden: 0K(53760K)->0K(53760K) From: 48800K(88064K)->0K(92160K)
[17.456s][info][gc,heap        ] GC(214) ParOldGen: 2616311K(2701824K)->2663213K(2975232K)
[17.456s][info][gc,metaspace   ] GC(214) Metaspace: 6298K(6464K)->6298K(6464K) NonClass: 5765K(5824K)->5765K(5824K) Class: 533K(640K)->533K(640K)
[17.456s][info][gc             ] GC(214) Pause Full (Ergonomics) 2602M->2600M(3048M) 882.153ms
[17.456s][info][gc,cpu         ] GC(214) User=6.23s Sys=0.06s Real=0.88s
[17.527s][info][gc,start       ] GC(215) Pause Young (Allocation Failure)
[17.565s][info][gc,heap        ] GC(215) PSYoungGen: 53760K(145920K)->53984K(144384K) Eden: 53760K(53760K)->0K(58368K) From: 0K(92160K)->53984K(86016K)
[17.565s][info][gc,heap        ] GC(215) ParOldGen: 2663213K(2975232K)->2663213K(2975232K)
[17.565s][info][gc,metaspace   ] GC(215) Metaspace: 6298K(6464K)->6298K(6464K) NonClass: 5765K(5824K)->5765K(5824K) Class: 533K(640K)->533K(640K)
[17.565s][info][gc             ] GC(215) Pause Young (Allocation Failure) 2653M->2653M(3046M) 37.903ms
[17.565s][info][gc,cpu         ] GC(215) User=0.12s Sys=0.02s Real=0.04s
[17.633s][info][gc,start       ] GC(216) Pause Young (Allocation Failure)
[17.695s][info][gc,heap        ] GC(216) PSYoungGen: 112352K(144384K)->89600K(147968K) Eden: 58368K(58368K)->0K(58368K) From: 53984K(86016K)->89600K(89600K)
[17.695s][info][gc,heap        ] GC(216) ParOldGen: 2663213K(2975232K)->2686109K(2975232K)
[17.695s][info][gc,metaspace   ] GC(216) Metaspace: 6298K(6464K)->6298K(6464K) NonClass: 5765K(5824K)->5765K(5824K) Class: 533K(640K)->533K(640K)
[17.695s][info][gc             ] GC(216) Pause Young (Allocation Failure) 2710M->2710M(3050M) 62.181ms
[17.695s][info][gc,cpu         ] GC(216) User=0.38s Sys=0.02s Real=0.06s
[17.770s][info][gc,start       ] GC(217) Pause Young (Allocation Failure)
[17.855s][info][gc,heap        ] GC(217) PSYoungGen: 147968K(147968K)->105632K(159744K) Eden: 58368K(58368K)->0K(50688K) From: 89600K(89600K)->105632K(109056K)
[17.855s][info][gc,heap        ] GC(217) ParOldGen: 2686109K(2975232K)->2728981K(2975232K)
[17.855s][info][gc,metaspace   ] GC(217) Metaspace: 6298K(6464K)->6298K(6464K) NonClass: 5765K(5824K)->5765K(5824K) Class: 533K(640K)->533K(640K)
[17.855s][info][gc             ] GC(217) Pause Young (Allocation Failure) 2767M->2768M(3061M) 85.348ms
[17.855s][info][gc,cpu         ] GC(217) User=0.59s Sys=0.03s Real=0.09s
[18.445s][info][gc,start       ] GC(218) Pause Young (Allocation Failure)
[18.599s][info][gc,heap        ] GC(218) PSYoungGen: 156320K(159744K)->121856K(172544K) Eden: 50688K(50688K)->0K(50688K) From: 105632K(109056K)->121856K(121856K)
[18.599s][info][gc,heap        ] GC(218) ParOldGen: 2860053K(2975232K)->2894725K(2975232K)
[18.599s][info][gc,metaspace   ] GC(218) Metaspace: 6298K(6464K)->6298K(6464K) NonClass: 5765K(5824K)->5765K(5824K) Class: 533K(640K)->533K(640K)
[18.599s][info][gc             ] GC(218) Pause Young (Allocation Failure) 2945M->2945M(3074M) 154.566ms
[18.599s][info][gc,cpu         ] GC(218) User=0.83s Sys=0.05s Real=0.15s
[18.667s][info][gc,start       ] GC(219) Pause Young (Allocation Failure)
[18.761s][info][gc,heap        ] GC(219) PSYoungGen: 172544K(172544K)->87936K(203776K) Eden: 50688K(50688K)->0K(55296K) From: 121856K(121856K)->87936K(148480K)
[18.761s][info][gc,heap        ] GC(219) ParOldGen: 2894725K(2975232K)->2980189K(2980352K)
[18.761s][info][gc,metaspace   ] GC(219) Metaspace: 6298K(6464K)->6298K(6464K) NonClass: 5765K(5824K)->5765K(5824K) Class: 533K(640K)->533K(640K)
[18.761s][info][gc             ] GC(219) Pause Young (Allocation Failure) 2995M->2996M(3109M) 94.086ms
[18.761s][info][gc,cpu         ] GC(219) User=0.66s Sys=0.09s Real=0.09s
[18.761s][info][gc,start       ] GC(220) Pause Full (Ergonomics)
[18.761s][info][gc,phases,start] GC(220) Marking Phase
[19.511s][info][gc,phases      ] GC(220) Marking Phase 750.291ms
[19.512s][info][gc,phases,start] GC(220) Summary Phase
[19.512s][info][gc,phases      ] GC(220) Summary Phase 0.047ms
[19.512s][info][gc,phases,start] GC(220) Adjust Roots
[19.512s][info][gc,phases      ] GC(220) Adjust Roots 0.272ms
[19.512s][info][gc,phases,start] GC(220) Compaction Phase
[20.061s][info][gc,phases      ] GC(220) Compaction Phase 548.683ms
[20.061s][info][gc,phases,start] GC(220) Post Compact
[20.070s][info][gc,phases      ] GC(220) Post Compact 8.870ms
[20.071s][info][gc,heap        ] GC(220) PSYoungGen: 87936K(203776K)->20155K(205312K) Eden: 0K(55296K)->0K(56832K) From: 87936K(148480K)->20155K(148480K)
[20.071s][info][gc,heap        ] GC(220) ParOldGen: 2980189K(2980352K)->2980307K(3321344K)
[20.071s][info][gc,metaspace   ] GC(220) Metaspace: 6298K(6464K)->6298K(6464K) NonClass: 5765K(5824K)->5765K(5824K) Class: 533K(640K)->533K(640K)
[20.071s][info][gc             ] GC(220) Pause Full (Ergonomics) 2996M->2930M(3444M) 1309.876ms
[20.071s][info][gc,cpu         ] GC(220) User=7.19s Sys=0.06s Real=1.31s
[20.130s][info][gc,start       ] GC(221) Pause Young (Allocation Failure)
[20.295s][info][gc,heap        ] GC(221) PSYoungGen: 76987K(205312K)->77248K(134144K) Eden: 56832K(56832K)->0K(56832K) From: 20155K(148480K)->77248K(77312K)
[20.296s][info][gc,heap        ] GC(221) ParOldGen: 2980307K(3321344K)->2980307K(3321344K)
[20.296s][info][gc,metaspace   ] GC(221) Metaspace: 6298K(6464K)->6298K(6464K) NonClass: 5765K(5824K)->5765K(5824K) Class: 533K(640K)->533K(640K)
[20.296s][info][gc             ] GC(221) Pause Young (Allocation Failure) 2985M->2985M(3374M) 165.306ms
[20.296s][info][gc,cpu         ] GC(221) User=0.84s Sys=0.00s Real=0.16s
[20.351s][info][gc,start       ] GC(222) Pause Young (Allocation Failure)
[20.435s][info][gc,heap        ] GC(222) PSYoungGen: 134080K(134144K)->134144K(189952K) Eden: 56832K(56832K)->0K(46080K) From: 77248K(77312K)->134144K(143872K)
[20.435s][info][gc,heap        ] GC(222) ParOldGen: 2980307K(3321344K)->2980307K(3321344K)
[20.435s][info][gc,metaspace   ] GC(222) Metaspace: 6298K(6464K)->6298K(6464K) NonClass: 5765K(5824K)->5765K(5824K) Class: 533K(640K)->533K(640K)
[20.435s][info][gc             ] GC(222) Pause Young (Allocation Failure) 3041M->3041M(3429M) 83.768ms
[20.435s][info][gc,cpu         ] GC(222) User=0.39s Sys=0.03s Real=0.08s
[20.490s][info][gc,start       ] GC(223) Pause Young (Allocation Failure)
[20.589s][info][gc,heap        ] GC(223) PSYoungGen: 180224K(189952K)->159744K(205824K) Eden: 46080K(46080K)->0K(46080K) From: 134144K(143872K)->159744K(159744K)
[20.589s][info][gc,heap        ] GC(223) ParOldGen: 2980307K(3321344K)->3000939K(3321344K)
[20.589s][info][gc,metaspace   ] GC(223) Metaspace: 6298K(6464K)->6298K(6464K) NonClass: 5765K(5824K)->5765K(5824K) Class: 533K(640K)->533K(640K)
[20.589s][info][gc             ] GC(223) Pause Young (Allocation Failure) 3086M->3086M(3444M) 99.005ms
[20.589s][info][gc,cpu         ] GC(223) User=0.53s Sys=0.00s Real=0.10s
[20.643s][info][gc,start       ] GC(224) Pause Young (Allocation Failure)
[20.753s][info][gc,heap        ] GC(224) PSYoungGen: 205824K(205824K)->186688K(212992K) Eden: 46080K(46080K)->0K(24064K) From: 159744K(159744K)->186688K(188928K)
[20.753s][info][gc,heap        ] GC(224) ParOldGen: 3000939K(3321344K)->3020403K(3321344K)
[20.753s][info][gc,metaspace   ] GC(224) Metaspace: 6298K(6464K)->6298K(6464K) NonClass: 5765K(5824K)->5765K(5824K) Class: 533K(640K)->533K(640K)
[20.753s][info][gc             ] GC(224) Pause Young (Allocation Failure) 3131M->3131M(3451M) 109.244ms
[20.753s][info][gc,cpu         ] GC(224) User=0.55s Sys=0.09s Real=0.11s
[20.779s][info][gc,start       ] GC(225) Pause Young (Allocation Failure)
[20.889s][info][gc,heap        ] GC(225) PSYoungGen: 210752K(212992K)->170016K(239616K) Eden: 24064K(24064K)->0K(24064K) From: 186688K(188928K)->170016K(215552K)
[20.889s][info][gc,heap        ] GC(225) ParOldGen: 3020403K(3321344K)->3061459K(3321344K)
[20.889s][info][gc,metaspace   ] GC(225) Metaspace: 6298K(6464K)->6298K(6464K) NonClass: 5765K(5824K)->5765K(5824K) Class: 533K(640K)->533K(640K)
[20.889s][info][gc             ] GC(225) Pause Young (Allocation Failure) 3155M->3155M(3477M) 109.806ms
[20.889s][info][gc,cpu         ] GC(225) User=0.55s Sys=0.02s Real=0.11s
[20.916s][info][gc,start       ] GC(226) Pause Young (Allocation Failure)
[21.042s][info][gc,heap        ] GC(226) PSYoungGen: 194080K(239616K)->138496K(257024K) Eden: 24064K(24064K)->0K(27136K) From: 170016K(215552K)->138496K(229888K)
[21.042s][info][gc,heap        ] GC(226) ParOldGen: 3061459K(3321344K)->3117539K(3321344K)
[21.042s][info][gc,metaspace   ] GC(226) Metaspace: 6298K(6464K)->6298K(6464K) NonClass: 5765K(5824K)->5765K(5824K) Class: 533K(640K)->533K(640K)
[21.042s][info][gc             ] GC(226) Pause Young (Allocation Failure) 3179M->3179M(3494M) 125.581ms
[21.042s][info][gc,cpu         ] GC(226) User=0.53s Sys=0.05s Real=0.12s
[21.072s][info][gc,start       ] GC(227) Pause Young (Allocation Failure)
[21.177s][info][gc,heap        ] GC(227) PSYoungGen: 165632K(257024K)->75456K(102912K) Eden: 27136K(27136K)->0K(27136K) From: 138496K(229888K)->75456K(75776K)
[21.177s][info][gc,heap        ] GC(227) ParOldGen: 3117539K(3321344K)->3208387K(3321344K)
[21.177s][info][gc,metaspace   ] GC(227) Metaspace: 6298K(6464K)->6298K(6464K) NonClass: 5765K(5824K)->5765K(5824K) Class: 533K(640K)->533K(640K)
[21.177s][info][gc             ] GC(227) Pause Young (Allocation Failure) 3206M->3206M(3344M) 104.294ms
[21.177s][info][gc,cpu         ] GC(227) User=0.69s Sys=0.05s Real=0.10s
[21.205s][info][gc,start       ] GC(228) Pause Young (Allocation Failure)
[21.281s][info][gc,heap        ] GC(228) PSYoungGen: 102592K(102912K)->54400K(248320K) Eden: 27136K(27136K)->0K(31232K) From: 75456K(75776K)->54400K(217088K)
[21.281s][info][gc,heap        ] GC(228) ParOldGen: 3208387K(3321344K)->3256899K(3321344K)
[21.281s][info][gc,metaspace   ] GC(228) Metaspace: 6298K(6464K)->6298K(6464K) NonClass: 5765K(5824K)->5765K(5824K) Class: 533K(640K)->533K(640K)
[21.281s][info][gc             ] GC(228) Pause Young (Allocation Failure) 3233M->3233M(3486M) 76.062ms
[21.281s][info][gc,cpu         ] GC(228) User=0.30s Sys=0.02s Real=0.08s
[21.281s][info][gc,start       ] GC(229) Pause Full (Ergonomics)
[21.281s][info][gc,phases,start] GC(229) Marking Phase
[22.105s][info][gc,phases      ] GC(229) Marking Phase 823.790ms
[22.105s][info][gc,phases,start] GC(229) Summary Phase
[22.105s][info][gc,phases      ] GC(229) Summary Phase 0.095ms
[22.105s][info][gc,phases,start] GC(229) Adjust Roots
[22.105s][info][gc,phases      ] GC(229) Adjust Roots 0.251ms
[22.106s][info][gc,phases,start] GC(229) Compaction Phase
[22.455s][info][gc,phases      ] GC(229) Compaction Phase 349.413ms
[22.455s][info][gc,phases,start] GC(229) Post Compact
[22.461s][info][gc,phases      ] GC(229) Post Compact 6.444ms
[22.463s][info][gc,heap        ] GC(229) PSYoungGen: 54400K(248320K)->0K(251392K) Eden: 0K(31232K)->0K(31232K) From: 54400K(217088K)->0K(220160K)
[22.463s][info][gc,heap        ] GC(229) ParOldGen: 3256899K(3321344K)->3308445K(3680768K)
[22.463s][info][gc,metaspace   ] GC(229) Metaspace: 6298K(6464K)->6298K(6464K) NonClass: 5765K(5824K)->5765K(5824K) Class: 533K(640K)->533K(640K)
[22.463s][info][gc             ] GC(229) Pause Full (Ergonomics) 3233M->3230M(3840M) 1181.581ms
[22.463s][info][gc,cpu         ] GC(229) User=7.72s Sys=0.02s Real=1.18s
[22.498s][info][gc,start       ] GC(230) Pause Young (Allocation Failure)
[22.538s][info][gc,heap        ] GC(230) PSYoungGen: 31232K(251392K)->31424K(253952K) Eden: 31232K(31232K)->0K(34816K) From: 0K(220160K)->31424K(219136K)
[22.538s][info][gc,heap        ] GC(230) ParOldGen: 3308445K(3680768K)->3308445K(3680768K)
[22.538s][info][gc,metaspace   ] GC(230) Metaspace: 6298K(6464K)->6298K(6464K) NonClass: 5765K(5824K)->5765K(5824K) Class: 533K(640K)->533K(640K)
[22.538s][info][gc             ] GC(230) Pause Young (Allocation Failure) 3261M->3261M(3842M) 39.758ms
[22.538s][info][gc,cpu         ] GC(230) User=0.03s Sys=0.00s Real=0.04s
[22.575s][info][gc,start       ] GC(231) Pause Young (Allocation Failure)
[22.634s][info][gc,heap        ] GC(231) PSYoungGen: 66240K(253952K)->34944K(254976K) Eden: 34816K(34816K)->0K(34816K) From: 31424K(219136K)->34944K(220160K)
[22.635s][info][gc,heap        ] GC(231) ParOldGen: 3308445K(3680768K)->3339965K(3680768K)
[22.635s][info][gc,metaspace   ] GC(231) Metaspace: 6298K(6464K)->6298K(6464K) NonClass: 5765K(5824K)->5765K(5824K) Class: 533K(640K)->533K(640K)
[22.635s][info][gc             ] GC(231) Pause Young (Allocation Failure) 3295M->3295M(3843M) 59.676ms
[22.635s][info][gc,cpu         ] GC(231) User=0.14s Sys=0.02s Real=0.06s
[22.675s][info][gc,start       ] GC(232) Pause Young (Allocation Failure)
[22.726s][info][gc,heap        ] GC(232) PSYoungGen: 69760K(254976K)->34976K(248320K) Eden: 34816K(34816K)->0K(38912K) From: 34944K(220160K)->34976K(209408K)
[22.726s][info][gc,heap        ] GC(232) ParOldGen: 3339965K(3680768K)->3375101K(3680768K)
[22.726s][info][gc,metaspace   ] GC(232) Metaspace: 6298K(6464K)->6298K(6464K) NonClass: 5765K(5824K)->5765K(5824K) Class: 533K(640K)->533K(640K)
[22.726s][info][gc             ] GC(232) Pause Young (Allocation Failure) 3329M->3330M(3837M) 51.407ms
[22.726s][info][gc,cpu         ] GC(232) User=0.20s Sys=0.00s Real=0.05s
[22.770s][info][gc,start       ] GC(233) Pause Young (Allocation Failure)
[22.827s][info][gc,heap        ] GC(233) PSYoungGen: 73888K(248320K)->39072K(78336K) Eden: 38912K(38912K)->0K(38912K) From: 34976K(209408K)->39072K(39424K)
[22.827s][info][gc,heap        ] GC(233) ParOldGen: 3375101K(3680768K)->3410237K(3680768K)
[22.827s][info][gc,metaspace   ] GC(233) Metaspace: 6298K(6464K)->6298K(6464K) NonClass: 5765K(5824K)->5765K(5824K) Class: 533K(640K)->533K(640K)
[22.827s][info][gc             ] GC(233) Pause Young (Allocation Failure) 3368M->3368M(3671M) 57.764ms
[22.827s][info][gc,cpu         ] GC(233) User=0.17s Sys=0.00s Real=0.06s
[22.867s][info][gc,start       ] GC(234) Pause Young (Allocation Failure)
[22.918s][info][gc,heap        ] GC(234) PSYoungGen: 77984K(78336K)->39136K(239104K) Eden: 38912K(38912K)->0K(43520K) From: 39072K(39424K)->39136K(195584K)
[22.918s][info][gc,heap        ] GC(234) ParOldGen: 3410237K(3680768K)->3449509K(3680768K)
[22.918s][info][gc,metaspace   ] GC(234) Metaspace: 6298K(6464K)->6298K(6464K) NonClass: 5765K(5824K)->5765K(5824K) Class: 533K(640K)->533K(640K)
[22.918s][info][gc             ] GC(234) Pause Young (Allocation Failure) 3406M->3406M(3828M) 51.004ms
[22.918s][info][gc,cpu         ] GC(234) User=0.16s Sys=0.00s Real=0.05s
[22.962s][info][gc,start       ] GC(235) Pause Young (Allocation Failure)
[23.022s][info][gc,heap        ] GC(235) PSYoungGen: 82656K(239104K)->43744K(87552K) Eden: 43520K(43520K)->0K(43520K) From: 39136K(195584K)->43744K(44032K)
[23.022s][info][gc,heap        ] GC(235) ParOldGen: 3449509K(3680768K)->3488765K(3680768K)
[23.022s][info][gc,metaspace   ] GC(235) Metaspace: 6298K(6464K)->6298K(6464K) NonClass: 5765K(5824K)->5765K(5824K) Class: 533K(640K)->533K(640K)
[23.022s][info][gc             ] GC(235) Pause Young (Allocation Failure) 3449M->3449M(3680M) 60.480ms
[23.022s][info][gc,cpu         ] GC(235) User=0.19s Sys=0.03s Real=0.06s
[23.069s][info][gc,start       ] GC(236) Pause Young (Allocation Failure)
[23.128s][info][gc,heap        ] GC(236) PSYoungGen: 87264K(87552K)->43680K(227328K) Eden: 43520K(43520K)->0K(48640K) From: 43744K(44032K)->43680K(178688K)
[23.128s][info][gc,heap        ] GC(236) ParOldGen: 3488765K(3680768K)->3532685K(3680768K)
[23.128s][info][gc,metaspace   ] GC(236) Metaspace: 6298K(6464K)->6298K(6464K) NonClass: 5765K(5824K)->5765K(5824K) Class: 533K(640K)->533K(640K)
[23.128s][info][gc             ] GC(236) Pause Young (Allocation Failure) 3492M->3492M(3816M) 58.647ms
[23.128s][info][gc,cpu         ] GC(236) User=0.17s Sys=0.02s Real=0.06s
[23.180s][info][gc,start       ] GC(237) Pause Young (Allocation Failure)
[23.240s][info][gc,heap        ] GC(237) PSYoungGen: 92320K(227328K)->48864K(97792K) Eden: 48640K(48640K)->0K(48640K) From: 43680K(178688K)->48864K(49152K)
[23.240s][info][gc,heap        ] GC(237) ParOldGen: 3532685K(3680768K)->3576597K(3680768K)
[23.240s][info][gc,metaspace   ] GC(237) Metaspace: 6298K(6464K)->6298K(6464K) NonClass: 5765K(5824K)->5765K(5824K) Class: 533K(640K)->533K(640K)
[23.240s][info][gc             ] GC(237) Pause Young (Allocation Failure) 3540M->3540M(3690M) 60.106ms
[23.240s][info][gc,cpu         ] GC(237) User=0.25s Sys=0.05s Real=0.06s
[23.293s][info][gc,start       ] GC(238) Pause Young (Allocation Failure)
[23.356s][info][gc,heap        ] GC(238) PSYoungGen: 97504K(97792K)->48864K(216064K) Eden: 48640K(48640K)->0K(54272K) From: 48864K(49152K)->48864K(161792K)
[23.356s][info][gc,heap        ] GC(238) ParOldGen: 3576597K(3680768K)->3625669K(3680768K)
[23.356s][info][gc,metaspace   ] GC(238) Metaspace: 6298K(6464K)->6298K(6464K) NonClass: 5765K(5824K)->5765K(5824K) Class: 533K(640K)->533K(640K)
[23.356s][info][gc             ] GC(238) Pause Young (Allocation Failure) 3587M->3588M(3805M) 63.398ms
[23.356s][info][gc,cpu         ] GC(238) User=0.25s Sys=0.02s Real=0.06s
[23.356s][info][gc,start       ] GC(239) Pause Full (Ergonomics)
[23.356s][info][gc,phases,start] GC(239) Marking Phase
[24.235s][info][gc,phases      ] GC(239) Marking Phase 879.215ms
[24.236s][info][gc,phases,start] GC(239) Summary Phase
[24.236s][info][gc,phases      ] GC(239) Summary Phase 0.113ms
[24.236s][info][gc,phases,start] GC(239) Adjust Roots
[24.236s][info][gc,phases      ] GC(239) Adjust Roots 0.265ms
[24.236s][info][gc,phases,start] GC(239) Compaction Phase
[24.615s][info][gc,phases      ] GC(239) Compaction Phase 379.332ms
[24.615s][info][gc,phases,start] GC(239) Post Compact
[24.623s][info][gc,phases      ] GC(239) Post Compact 7.969ms
[24.625s][info][gc,heap        ] GC(239) PSYoungGen: 48864K(216064K)->0K(224256K) Eden: 0K(54272K)->0K(54272K) From: 48864K(161792K)->0K(169984K)
[24.625s][info][gc,heap        ] GC(239) ParOldGen: 3625669K(3680768K)->3671175K(4048384K)
[24.625s][info][gc,metaspace   ] GC(239) Metaspace: 6298K(6464K)->6298K(6464K) NonClass: 5765K(5824K)->5765K(5824K) Class: 533K(640K)->533K(640K)
[24.625s][info][gc             ] GC(239) Pause Full (Ergonomics) 3588M->3585M(4172M) 1268.648ms
[24.625s][info][gc,cpu         ] GC(239) User=8.52s Sys=0.05s Real=1.27s
[24.686s][info][gc,start       ] GC(240) Pause Young (Allocation Failure)
[24.734s][info][gc,heap        ] GC(240) PSYoungGen: 54272K(224256K)->54464K(210432K) Eden: 54272K(54272K)->0K(59392K) From: 0K(169984K)->54464K(151040K)
[24.734s][info][gc,heap        ] GC(240) ParOldGen: 3671175K(4048384K)->3671175K(4048384K)
[24.734s][info][gc,metaspace   ] GC(240) Metaspace: 6298K(6464K)->6298K(6464K) NonClass: 5765K(5824K)->5765K(5824K) Class: 533K(640K)->533K(640K)
[24.734s][info][gc             ] GC(240) Pause Young (Allocation Failure) 3638M->3638M(4159M) 48.577ms
[24.734s][info][gc,cpu         ] GC(240) User=0.06s Sys=0.00s Real=0.05s
[24.794s][info][gc,start       ] GC(241) Pause Young (Allocation Failure)
[24.862s][info][gc,heap        ] GC(241) PSYoungGen: 113856K(210432K)->113984K(220672K) Eden: 59392K(59392K)->0K(59392K) From: 54464K(151040K)->113984K(161280K)
[24.863s][info][gc,heap        ] GC(241) ParOldGen: 3671175K(4048384K)->3671175K(4048384K)
[24.863s][info][gc,metaspace   ] GC(241) Metaspace: 6298K(6464K)->6298K(6464K) NonClass: 5765K(5824K)->5765K(5824K) Class: 533K(640K)->533K(640K)
[24.863s][info][gc             ] GC(241) Pause Young (Allocation Failure) 3696M->3696M(4169M) 68.320ms
[24.863s][info][gc,cpu         ] GC(241) User=0.27s Sys=0.00s Real=0.07s
[24.921s][info][gc,start       ] GC(242) Pause Young (Allocation Failure)
[25.006s][info][gc,heap        ] GC(242) PSYoungGen: 173376K(220672K)->169984K(206336K) Eden: 59392K(59392K)->0K(36352K) From: 113984K(161280K)->169984K(169984K)
[25.006s][info][gc,heap        ] GC(242) ParOldGen: 3671175K(4048384K)->3674599K(4048384K)
[25.006s][info][gc,metaspace   ] GC(242) Metaspace: 6298K(6464K)->6298K(6464K) NonClass: 5765K(5824K)->5765K(5824K) Class: 533K(640K)->533K(640K)
[25.006s][info][gc             ] GC(242) Pause Young (Allocation Failure) 3754M->3754M(4155M) 84.648ms
[25.006s][info][gc,cpu         ] GC(242) User=0.56s Sys=0.02s Real=0.08s
[25.046s][info][gc,start       ] GC(243) Pause Young (Allocation Failure)
[25.147s][info][gc,heap        ] GC(243) PSYoungGen: 206336K(206336K)->95712K(132096K) Eden: 36352K(36352K)->0K(36352K) From: 169984K(169984K)->95712K(95744K)
[25.147s][info][gc,heap        ] GC(243) ParOldGen: 3674599K(4048384K)->3786199K(4048384K)
[25.147s][info][gc,metaspace   ] GC(243) Metaspace: 6298K(6464K)->6298K(6464K) NonClass: 5765K(5824K)->5765K(5824K) Class: 533K(640K)->533K(640K)
[25.147s][info][gc             ] GC(243) Pause Young (Allocation Failure) 3789M->3790M(4082M) 101.561ms
[25.147s][info][gc,cpu         ] GC(243) User=0.62s Sys=0.12s Real=0.10s
[25.188s][info][gc,start       ] GC(244) Pause Young (Allocation Failure)
[25.260s][info][gc,heap        ] GC(244) PSYoungGen: 132064K(132096K)->72928K(214528K) Eden: 36352K(36352K)->0K(40960K) From: 95712K(95744K)->72928K(173568K)
[25.260s][info][gc,heap        ] GC(244) ParOldGen: 3786199K(4048384K)->3845815K(4048384K)
[25.260s][info][gc,metaspace   ] GC(244) Metaspace: 6298K(6464K)->6298K(6464K) NonClass: 5765K(5824K)->5765K(5824K) Class: 533K(640K)->533K(640K)
[25.260s][info][gc             ] GC(244) Pause Young (Allocation Failure) 3826M->3826M(4163M) 72.214ms
[25.260s][info][gc,cpu         ] GC(244) User=0.30s Sys=0.11s Real=0.07s
[25.301s][info][gc,start       ] GC(245) Pause Young (Allocation Failure)
[25.368s][info][gc,heap        ] GC(245) PSYoungGen: 113888K(214528K)->77536K(118784K) Eden: 40960K(40960K)->0K(40960K) From: 72928K(173568K)->77536K(77824K)
[25.368s][info][gc,heap        ] GC(245) ParOldGen: 3845815K(4048384K)->3882495K(4048384K)
[25.368s][info][gc,metaspace   ] GC(245) Metaspace: 6298K(6464K)->6298K(6464K) NonClass: 5765K(5824K)->5765K(5824K) Class: 533K(640K)->533K(640K)
[25.368s][info][gc             ] GC(245) Pause Young (Allocation Failure) 3866M->3867M(4069M) 66.481ms
[25.368s][info][gc,cpu         ] GC(245) User=0.27s Sys=0.02s Real=0.07s
[25.410s][info][gc,start       ] GC(246) Pause Young (Allocation Failure)
[25.476s][info][gc,heap        ] GC(246) PSYoungGen: 118496K(118784K)->82144K(202752K) Eden: 40960K(40960K)->0K(46080K) From: 77536K(77824K)->82144K(156672K)
[25.476s][info][gc,heap        ] GC(246) ParOldGen: 3882495K(4048384K)->3919183K(4048384K)
[25.476s][info][gc,metaspace   ] GC(246) Metaspace: 6298K(6464K)->6298K(6464K) NonClass: 5765K(5824K)->5765K(5824K) Class: 533K(640K)->533K(640K)
[25.476s][info][gc             ] GC(246) Pause Young (Allocation Failure) 3907M->3907M(4151M) 66.741ms
[25.476s][info][gc,cpu         ] GC(246) User=0.25s Sys=0.05s Real=0.07s
[25.527s][info][gc,start       ] GC(247) Pause Young (Allocation Failure)
[25.597s][info][gc,heap        ] GC(247) PSYoungGen: 128224K(202752K)->87328K(210944K) Eden: 46080K(46080K)->0K(46080K) From: 82144K(156672K)->87328K(164864K)
[25.597s][info][gc,heap        ] GC(247) ParOldGen: 3919183K(4048384K)->3960519K(4048384K)
[25.597s][info][gc,metaspace   ] GC(247) Metaspace: 6298K(6464K)->6298K(6464K) NonClass: 5765K(5824K)->5765K(5824K) Class: 533K(640K)->533K(640K)
[25.597s][info][gc             ] GC(247) Pause Young (Allocation Failure) 3952M->3952M(4159M) 70.430ms
[25.597s][info][gc,cpu         ] GC(247) User=0.39s Sys=0.00s Real=0.07s
[25.650s][info][gc,start       ] GC(248) Pause Young (Allocation Failure)
[25.722s][info][gc,heap        ] GC(248) PSYoungGen: 133408K(210944K)->92416K(203776K) Eden: 46080K(46080K)->0K(51712K) From: 87328K(164864K)->92416K(152064K)
[25.722s][info][gc,heap        ] GC(248) ParOldGen: 3960519K(4048384K)->4001847K(4048384K)
[25.722s][info][gc,metaspace   ] GC(248) Metaspace: 6298K(6464K)->6298K(6464K) NonClass: 5765K(5824K)->5765K(5824K) Class: 533K(640K)->533K(640K)
[25.722s][info][gc             ] GC(248) Pause Young (Allocation Failure) 3997M->3998M(4152M) 71.915ms
[25.722s][info][gc,cpu         ] GC(248) User=0.42s Sys=0.00s Real=0.07s
[25.722s][info][gc,start       ] GC(249) Pause Full (Ergonomics)
[25.722s][info][gc,phases,start] GC(249) Marking Phase
[26.661s][info][gc,phases      ] GC(249) Marking Phase 938.772ms
[26.661s][info][gc,phases,start] GC(249) Summary Phase
[26.661s][info][gc,phases      ] GC(249) Summary Phase 0.059ms
[26.661s][info][gc,phases,start] GC(249) Adjust Roots
[26.661s][info][gc,phases      ] GC(249) Adjust Roots 0.201ms
[26.661s][info][gc,phases,start] GC(249) Compaction Phase
[27.056s][info][gc,phases      ] GC(249) Compaction Phase 395.008ms
[27.056s][info][gc,phases,start] GC(249) Post Compact
[27.065s][info][gc,phases      ] GC(249) Post Compact 8.483ms
[27.066s][info][gc,heap        ] GC(249) PSYoungGen: 92416K(203776K)->42526K(207360K) Eden: 0K(51712K)->0K(55296K) From: 92416K(152064K)->42526K(152064K)
[27.066s][info][gc,heap        ] GC(249) ParOldGen: 4001847K(4048384K)->4048211K(4465152K)
[27.066s][info][gc,metaspace   ] GC(249) Metaspace: 6298K(6464K)->6298K(6464K) NonClass: 5765K(5824K)->5765K(5824K) Class: 533K(640K)->533K(640K)
[27.066s][info][gc             ] GC(249) Pause Full (Ergonomics) 3998M->3994M(4563M) 1344.284ms
[27.066s][info][gc,cpu         ] GC(249) User=9.53s Sys=0.12s Real=1.34s
[27.131s][info][gc,start       ] GC(250) Pause Young (Allocation Failure)
[27.366s][info][gc,heap        ] GC(250) PSYoungGen: 97822K(207360K)->76064K(131584K) Eden: 55296K(55296K)->0K(55296K) From: 42526K(152064K)->76064K(76288K)
[27.366s][info][gc,heap        ] GC(250) ParOldGen: 4048211K(4465152K)->4070483K(4465152K)
[27.366s][info][gc,metaspace   ] GC(250) Metaspace: 6298K(6464K)->6298K(6464K) NonClass: 5765K(5824K)->5765K(5824K) Class: 533K(640K)->533K(640K)
[27.366s][info][gc             ] GC(250) Pause Young (Allocation Failure) 4048M->4049M(4489M) 235.233ms
[27.366s][info][gc,cpu         ] GC(250) User=1.38s Sys=0.08s Real=0.24s
[27.424s][info][gc,start       ] GC(251) Pause Young (Allocation Failure)
[27.503s][info][gc,heap        ] GC(251) PSYoungGen: 131360K(131584K)->131456K(198144K) Eden: 55296K(55296K)->0K(49152K) From: 76064K(76288K)->131456K(148992K)
[27.503s][info][gc,heap        ] GC(251) ParOldGen: 4070483K(4465152K)->4070483K(4465152K)
[27.503s][info][gc,metaspace   ] GC(251) Metaspace: 6298K(6464K)->6298K(6464K) NonClass: 5765K(5824K)->5765K(5824K) Class: 533K(640K)->533K(640K)
[27.503s][info][gc             ] GC(251) Pause Young (Allocation Failure) 4103M->4103M(4554M) 79.110ms
[27.503s][info][gc,cpu         ] GC(251) User=0.36s Sys=0.00s Real=0.08s
[27.557s][info][gc,start       ] GC(252) Pause Young (Allocation Failure)
[27.661s][info][gc,heap        ] GC(252) PSYoungGen: 180608K(198144K)->160128K(209920K) Eden: 49152K(49152K)->0K(49152K) From: 131456K(148992K)->160128K(160768K)
[27.661s][info][gc,heap        ] GC(252) ParOldGen: 4070483K(4465152K)->4091179K(4465152K)
[27.661s][info][gc,metaspace   ] GC(252) Metaspace: 6298K(6464K)->6298K(6464K) NonClass: 5765K(5824K)->5765K(5824K) Class: 533K(640K)->533K(640K)
[27.661s][info][gc             ] GC(252) Pause Young (Allocation Failure) 4151M->4151M(4565M) 103.308ms
[27.661s][info][gc,cpu         ] GC(252) User=0.58s Sys=0.03s Real=0.10s
[27.720s][info][gc,start       ] GC(253) Pause Young (Allocation Failure)
[27.833s][info][gc,heap        ] GC(253) PSYoungGen: 209280K(209920K)->154016K(221696K) Eden: 49152K(49152K)->0K(40960K) From: 160128K(160768K)->154016K(180736K)
[27.833s][info][gc,heap        ] GC(253) ParOldGen: 4091179K(4465152K)->4146963K(4465152K)
[27.833s][info][gc,metaspace   ] GC(253) Metaspace: 6298K(6464K)->6298K(6464K) NonClass: 5765K(5824K)->5765K(5824K) Class: 533K(640K)->533K(640K)
[27.833s][info][gc             ] GC(253) Pause Young (Allocation Failure) 4199M->4200M(4577M) 113.176ms
[27.833s][info][gc,cpu         ] GC(253) User=0.59s Sys=0.09s Real=0.11s
[27.887s][info][gc,start       ] GC(254) Pause Young (Allocation Failure)
[27.986s][info][gc,heap        ] GC(254) PSYoungGen: 194976K(221696K)->139584K(235520K) Eden: 40960K(40960K)->0K(40960K) From: 154016K(180736K)->139584K(194560K)
[27.986s][info][gc,heap        ] GC(254) ParOldGen: 4146963K(4465152K)->4202755K(4465152K)
[27.986s][info][gc,metaspace   ] GC(254) Metaspace: 6298K(6464K)->6298K(6464K) NonClass: 5765K(5824K)->5765K(5824K) Class: 533K(640K)->533K(640K)
[27.986s][info][gc             ] GC(254) Pause Young (Allocation Failure) 4240M->4240M(4590M) 99.799ms
[27.986s][info][gc,cpu         ] GC(254) User=0.62s Sys=0.03s Real=0.10s
[28.032s][info][gc,start       ] GC(255) Pause Young (Allocation Failure)
[28.128s][info][gc,heap        ] GC(255) PSYoungGen: 180544K(235520K)->131392K(245248K) Eden: 40960K(40960K)->0K(45568K) From: 139584K(194560K)->131392K(199680K)
[28.128s][info][gc,heap        ] GC(255) ParOldGen: 4202755K(4465152K)->4252355K(4465152K)
[28.128s][info][gc,metaspace   ] GC(255) Metaspace: 6298K(6464K)->6298K(6464K) NonClass: 5765K(5824K)->5765K(5824K) Class: 533K(640K)->533K(640K)
[28.128s][info][gc             ] GC(255) Pause Young (Allocation Failure) 4280M->4281M(4600M) 95.778ms
[28.128s][info][gc,cpu         ] GC(255) User=0.56s Sys=0.08s Real=0.10s
[28.177s][info][gc,start       ] GC(256) Pause Young (Allocation Failure)
[28.272s][info][gc,heap        ] GC(256) PSYoungGen: 176960K(245248K)->86752K(245760K) Eden: 45568K(45568K)->0K(45568K) From: 131392K(199680K)->86752K(200192K)
[28.272s][info][gc,heap        ] GC(256) ParOldGen: 4252355K(4465152K)->4343243K(4465152K)
[28.272s][info][gc,metaspace   ] GC(256) Metaspace: 6298K(6464K)->6298K(6464K) NonClass: 5765K(5824K)->5765K(5824K) Class: 533K(640K)->533K(640K)
[28.272s][info][gc             ] GC(256) Pause Young (Allocation Failure) 4325M->4326M(4600M) 94.866ms
[28.272s][info][gc,cpu         ] GC(256) User=0.59s Sys=0.05s Real=0.10s
[28.318s][info][gc,start       ] GC(257) Pause Young (Allocation Failure)
[28.393s][info][gc,heap        ] GC(257) PSYoungGen: 132320K(245760K)->45792K(245248K) Eden: 45568K(45568K)->0K(50688K) From: 86752K(200192K)->45792K(194560K)
[28.393s][info][gc,heap        ] GC(257) ParOldGen: 4343243K(4465152K)->4430515K(4465152K)
[28.393s][info][gc,metaspace   ] GC(257) Metaspace: 6298K(6464K)->6298K(6464K) NonClass: 5765K(5824K)->5765K(5824K) Class: 533K(640K)->533K(640K)
[28.393s][info][gc             ] GC(257) Pause Young (Allocation Failure) 4370M->4371M(4600M) 75.116ms
[28.393s][info][gc,cpu         ] GC(257) User=0.45s Sys=0.06s Real=0.08s
[28.393s][info][gc,start       ] GC(258) Pause Full (Ergonomics)
[28.393s][info][gc,phases,start] GC(258) Marking Phase
[29.451s][info][gc,phases      ] GC(258) Marking Phase 1057.560ms
[29.451s][info][gc,phases,start] GC(258) Summary Phase
[29.451s][info][gc,phases      ] GC(258) Summary Phase 0.061ms
[29.451s][info][gc,phases,start] GC(258) Adjust Roots
[29.451s][info][gc,phases      ] GC(258) Adjust Roots 0.168ms
[29.451s][info][gc,phases,start] GC(258) Compaction Phase
[29.866s][info][gc,phases      ] GC(258) Compaction Phase 414.446ms
[29.866s][info][gc,phases,start] GC(258) Post Compact
[29.874s][info][gc,phases      ] GC(258) Post Compact 7.824ms
[29.875s][info][gc,heap        ] GC(258) PSYoungGen: 45792K(245248K)->7732K(245248K) Eden: 0K(50688K)->0K(50688K) From: 45792K(194560K)->7732K(194560K)
[29.876s][info][gc,heap        ] GC(258) ParOldGen: 4430515K(4465152K)->4464702K(4946432K)
[29.876s][info][gc,metaspace   ] GC(258) Metaspace: 6298K(6464K)->6298K(6464K) NonClass: 5765K(5824K)->5765K(5824K) Class: 533K(640K)->533K(640K)
[29.876s][info][gc             ] GC(258) Pause Full (Ergonomics) 4371M->4367M(5070M) 1482.099ms
[29.876s][info][gc,cpu         ] GC(258) User=10.42s Sys=0.05s Real=1.48s
[29.931s][info][gc,start       ] GC(259) Pause Young (Allocation Failure)
[30.164s][info][gc,heap        ] GC(259) PSYoungGen: 58420K(245248K)->50880K(246272K) Eden: 50688K(50688K)->0K(50688K) From: 7732K(194560K)->50880K(195584K)
[30.164s][info][gc,heap        ] GC(259) ParOldGen: 4464702K(4946432K)->4472534K(4946432K)
[30.164s][info][gc,metaspace   ] GC(259) Metaspace: 6298K(6464K)->6298K(6464K) NonClass: 5765K(5824K)->5765K(5824K) Class: 533K(640K)->533K(640K)
[30.164s][info][gc             ] GC(259) Pause Young (Allocation Failure) 4417M->4417M(5071M) 232.773ms
[30.164s][info][gc,cpu         ] GC(259) User=1.58s Sys=0.00s Real=0.23s
[30.230s][info][gc,start       ] GC(260) Pause Young (Allocation Failure)
[30.311s][info][gc,heap        ] GC(260) PSYoungGen: 101568K(246272K)->50848K(244736K) Eden: 50688K(50688K)->0K(56320K) From: 50880K(195584K)->50848K(188416K)
[30.311s][info][gc,heap        ] GC(260) ParOldGen: 4472534K(4946432K)->4523678K(4946432K)
[30.311s][info][gc,metaspace   ] GC(260) Metaspace: 6298K(6464K)->6298K(6464K) NonClass: 5765K(5824K)->5765K(5824K) Class: 533K(640K)->533K(640K)
[30.311s][info][gc             ] GC(260) Pause Young (Allocation Failure) 4466M->4467M(5069M) 80.283ms
[30.311s][info][gc,cpu         ] GC(260) User=0.38s Sys=0.05s Real=0.08s
[30.376s][info][gc,start       ] GC(261) Pause Young (Allocation Failure)
[30.456s][info][gc,heap        ] GC(261) PSYoungGen: 107168K(244736K)->56544K(247296K) Eden: 56320K(56320K)->0K(56320K) From: 50848K(188416K)->56544K(190976K)
[30.456s][info][gc,heap        ] GC(261) ParOldGen: 4523678K(4946432K)->4574838K(4946432K)
[30.456s][info][gc,metaspace   ] GC(261) Metaspace: 6298K(6464K)->6298K(6464K) NonClass: 5765K(5824K)->5765K(5824K) Class: 533K(640K)->533K(640K)
[30.456s][info][gc             ] GC(261) Pause Young (Allocation Failure) 4522M->4522M(5072M) 80.234ms
[30.457s][info][gc,cpu         ] GC(261) User=0.30s Sys=0.09s Real=0.08s
[30.518s][info][gc,start       ] GC(262) Pause Young (Allocation Failure)
[30.600s][info][gc,heap        ] GC(262) PSYoungGen: 112864K(247296K)->56544K(239104K) Eden: 56320K(56320K)->0K(62464K) From: 56544K(190976K)->56544K(176640K)
[30.600s][info][gc,heap        ] GC(262) ParOldGen: 4574838K(4946432K)->4631678K(4946432K)
[30.600s][info][gc,metaspace   ] GC(262) Metaspace: 6298K(6464K)->6298K(6464K) NonClass: 5765K(5824K)->5765K(5824K) Class: 533K(640K)->533K(640K)
[30.600s][info][gc             ] GC(262) Pause Young (Allocation Failure) 4577M->4578M(5064M) 82.248ms
[30.600s][info][gc,cpu         ] GC(262) User=0.42s Sys=0.03s Real=0.08s
[30.672s][info][gc,start       ] GC(263) Pause Young (Allocation Failure)
[30.746s][info][gc,heap        ] GC(263) PSYoungGen: 119008K(239104K)->62720K(244224K) Eden: 62464K(62464K)->0K(62464K) From: 56544K(176640K)->62720K(181760K)
[30.746s][info][gc,heap        ] GC(263) ParOldGen: 4631678K(4946432K)->4688518K(4946432K)
[30.746s][info][gc,metaspace   ] GC(263) Metaspace: 6298K(6464K)->6298K(6464K) NonClass: 5765K(5824K)->5765K(5824K) Class: 533K(640K)->533K(640K)
[30.746s][info][gc             ] GC(263) Pause Young (Allocation Failure) 4639M->4639M(5069M) 74.530ms
[30.746s][info][gc,cpu         ] GC(263) User=0.36s Sys=0.05s Real=0.07s
[30.825s][info][gc,start       ] GC(264) Pause Young (Allocation Failure)
[30.915s][info][gc,heap        ] GC(264) PSYoungGen: 125184K(244224K)->62656K(231936K) Eden: 62464K(62464K)->0K(69632K) From: 62720K(181760K)->62656K(162304K)
[30.915s][info][gc,heap        ] GC(264) ParOldGen: 4688518K(4946432K)->4751558K(4946432K)
[30.915s][info][gc,metaspace   ] GC(264) Metaspace: 6298K(6464K)->6298K(6464K) NonClass: 5765K(5824K)->5765K(5824K) Class: 533K(640K)->533K(640K)
[30.915s][info][gc             ] GC(264) Pause Young (Allocation Failure) 4700M->4701M(5057M) 90.075ms
[30.915s][info][gc,cpu         ] GC(264) User=0.41s Sys=0.00s Real=0.09s
[30.991s][info][gc,start       ] GC(265) Pause Young (Allocation Failure)
[31.080s][info][gc,heap        ] GC(265) PSYoungGen: 132288K(231936K)->69888K(238592K) Eden: 69632K(69632K)->0K(69632K) From: 62656K(162304K)->69888K(168960K)
[31.080s][info][gc,heap        ] GC(265) ParOldGen: 4751558K(4946432K)->4814598K(4946432K)
[31.080s][info][gc,metaspace   ] GC(265) Metaspace: 6298K(6464K)->6298K(6464K) NonClass: 5765K(5824K)->5765K(5824K) Class: 533K(640K)->533K(640K)
[31.080s][info][gc             ] GC(265) Pause Young (Allocation Failure) 4769M->4770M(5063M) 89.862ms
[31.080s][info][gc,cpu         ] GC(265) User=0.41s Sys=0.05s Real=0.09s
[31.154s][info][gc,start       ] GC(266) Pause Young (Allocation Failure)
[31.243s][info][gc,heap        ] GC(266) PSYoungGen: 139520K(238592K)->69888K(225792K) Eden: 69632K(69632K)->0K(77312K) From: 69888K(168960K)->69888K(148480K)
[31.243s][info][gc,heap        ] GC(266) ParOldGen: 4814598K(4946432K)->4884878K(4946432K)
[31.243s][info][gc,metaspace   ] GC(266) Metaspace: 6298K(6464K)->6298K(6464K) NonClass: 5765K(5824K)->5765K(5824K) Class: 533K(640K)->533K(640K)
[31.243s][info][gc             ] GC(266) Pause Young (Allocation Failure) 4838M->4838M(5051M) 89.187ms
[31.243s][info][gc,cpu         ] GC(266) User=0.47s Sys=0.00s Real=0.09s
[31.243s][info][gc,start       ] GC(267) Pause Full (Ergonomics)
[31.243s][info][gc,phases,start] GC(267) Marking Phase
[32.386s][info][gc,phases      ] GC(267) Marking Phase 1142.887ms
[32.386s][info][gc,phases,start] GC(267) Summary Phase
[32.386s][info][gc,phases      ] GC(267) Summary Phase 0.121ms
[32.386s][info][gc,phases,start] GC(267) Adjust Roots
[32.386s][info][gc,phases      ] GC(267) Adjust Roots 0.327ms
[32.386s][info][gc,phases,start] GC(267) Compaction Phase
[32.822s][info][gc,phases      ] GC(267) Compaction Phase 435.655ms
[32.822s][info][gc,phases,start] GC(267) Post Compact
[32.830s][info][gc,phases      ] GC(267) Post Compact 7.675ms
[32.831s][info][gc,heap        ] GC(267) PSYoungGen: 69888K(225792K)->4209K(232448K) Eden: 0K(77312K)->0K(83968K) From: 69888K(148480K)->4209K(148480K)
[32.832s][info][gc,heap        ] GC(267) ParOldGen: 4884878K(4946432K)->4946194K(5463040K)
[32.832s][info][gc,metaspace   ] GC(267) Metaspace: 6298K(6464K)->6298K(6464K) NonClass: 5765K(5824K)->5765K(5824K) Class: 533K(640K)->533K(640K)
[32.832s][info][gc             ] GC(267) Pause Full (Ergonomics) 4838M->4834M(5562M) 1588.702ms
[32.832s][info][gc,cpu         ] GC(267) User=11.84s Sys=0.00s Real=1.59s
[32.933s][info][gc,start       ] GC(268) Pause Young (Allocation Failure)
[33.197s][info][gc,heap        ] GC(268) PSYoungGen: 88177K(232448K)->84192K(239104K) Eden: 83968K(83968K)->0K(83968K) From: 4209K(148480K)->84192K(155136K)
[33.197s][info][gc,heap        ] GC(268) ParOldGen: 4946194K(5463040K)->4950482K(5463040K)
[33.197s][info][gc,metaspace   ] GC(268) Metaspace: 6298K(6464K)->6298K(6464K) NonClass: 5765K(5824K)->5765K(5824K) Class: 533K(640K)->533K(640K)
[33.197s][info][gc             ] GC(268) Pause Young (Allocation Failure) 4916M->4916M(5568M) 263.166ms
[33.197s][info][gc,cpu         ] GC(268) User=1.67s Sys=0.00s Real=0.26s
[33.292s][info][gc,start       ] GC(269) Pause Young (Allocation Failure)
[33.395s][info][gc,heap        ] GC(269) PSYoungGen: 168160K(239104K)->149504K(214528K) Eden: 83968K(83968K)->0K(65024K) From: 84192K(155136K)->149504K(149504K)
[33.395s][info][gc,heap        ] GC(269) ParOldGen: 4950482K(5463040K)->4969362K(5463040K)
[33.395s][info][gc,metaspace   ] GC(269) Metaspace: 6298K(6464K)->6298K(6464K) NonClass: 5765K(5824K)->5765K(5824K) Class: 533K(640K)->533K(640K)
[33.395s][info][gc             ] GC(269) Pause Young (Allocation Failure) 4998M->4998M(5544M) 102.920ms
[33.395s][info][gc,cpu         ] GC(269) User=0.67s Sys=0.00s Real=0.10s
[33.470s][info][gc,start       ] GC(270) Pause Young (Allocation Failure)
[33.595s][info][gc,heap        ] GC(270) PSYoungGen: 214528K(214528K)->65280K(241152K) Eden: 65024K(65024K)->0K(65024K) From: 149504K(149504K)->65280K(176128K)
[33.595s][info][gc,heap        ] GC(270) ParOldGen: 4969362K(5463040K)->5119954K(5463040K)
[33.595s][info][gc,metaspace   ] GC(270) Metaspace: 6298K(6464K)->6298K(6464K) NonClass: 5765K(5824K)->5765K(5824K) Class: 533K(640K)->533K(640K)
[33.595s][info][gc             ] GC(270) Pause Young (Allocation Failure) 5062M->5063M(5570M) 124.825ms
[33.595s][info][gc,cpu         ] GC(270) User=0.83s Sys=0.06s Real=0.12s
[33.673s][info][gc,start       ] GC(271) Pause Young (Allocation Failure)
[33.755s][info][gc,heap        ] GC(271) PSYoungGen: 130304K(241152K)->65280K(233472K) Eden: 65024K(65024K)->0K(72192K) From: 65280K(176128K)->65280K(161280K)
[33.756s][info][gc,heap        ] GC(271) ParOldGen: 5119954K(5463040K)->5185562K(5463040K)
[33.756s][info][gc,metaspace   ] GC(271) Metaspace: 6298K(6464K)->6298K(6464K) NonClass: 5765K(5824K)->5765K(5824K) Class: 533K(640K)->533K(640K)
[33.756s][info][gc             ] GC(271) Pause Young (Allocation Failure) 5127M->5127M(5563M) 82.301ms
[33.756s][info][gc,cpu         ] GC(271) User=0.45s Sys=0.06s Real=0.08s
[33.837s][info][gc,start       ] GC(272) Pause Young (Allocation Failure)
[33.926s][info][gc,heap        ] GC(272) PSYoungGen: 137472K(233472K)->72480K(238080K) Eden: 72192K(72192K)->0K(72192K) From: 65280K(161280K)->72480K(165888K)
[33.926s][info][gc,heap        ] GC(272) ParOldGen: 5185562K(5463040K)->5251186K(5463040K)
[33.926s][info][gc,metaspace   ] GC(272) Metaspace: 6298K(6464K)->6298K(6464K) NonClass: 5765K(5824K)->5765K(5824K) Class: 533K(640K)->533K(640K)
[33.926s][info][gc             ] GC(272) Pause Young (Allocation Failure) 5198M->5198M(5567M) 89.339ms
[33.926s][info][gc,cpu         ] GC(272) User=0.61s Sys=0.00s Real=0.09s
[34.007s][info][gc,start       ] GC(273) Pause Young (Allocation Failure)
[34.094s][info][gc,heap        ] GC(273) PSYoungGen: 144672K(238080K)->72448K(226816K) Eden: 72192K(72192K)->0K(79872K) From: 72480K(165888K)->72448K(146944K)
[34.094s][info][gc,heap        ] GC(273) ParOldGen: 5251186K(5463040K)->5324034K(5463040K)
[34.094s][info][gc,metaspace   ] GC(273) Metaspace: 6298K(6464K)->6298K(6464K) NonClass: 5765K(5824K)->5765K(5824K) Class: 533K(640K)->533K(640K)
[34.094s][info][gc             ] GC(273) Pause Young (Allocation Failure) 5269M->5270M(5556M) 87.028ms
[34.094s][info][gc,cpu         ] GC(273) User=0.47s Sys=0.06s Real=0.09s
[34.189s][info][gc,start       ] GC(274) Pause Young (Allocation Failure)
[34.290s][info][gc,heap        ] GC(274) PSYoungGen: 152320K(226816K)->80128K(232960K) Eden: 79872K(79872K)->0K(79872K) From: 72448K(146944K)->80128K(153088K)
[34.290s][info][gc,heap        ] GC(274) ParOldGen: 5324034K(5463040K)->5396890K(5463040K)
[34.290s][info][gc,metaspace   ] GC(274) Metaspace: 6298K(6464K)->6298K(6464K) NonClass: 5765K(5824K)->5765K(5824K) Class: 533K(640K)->533K(640K)
[34.290s][info][gc             ] GC(274) Pause Young (Allocation Failure) 5348M->5348M(5562M) 101.080ms
[34.290s][info][gc,cpu         ] GC(274) User=0.56s Sys=0.03s Real=0.10s
[34.290s][info][gc,start       ] GC(275) Pause Full (Ergonomics)
[34.290s][info][gc,phases,start] GC(275) Marking Phase
[35.551s][info][gc,phases      ] GC(275) Marking Phase 1260.472ms
[35.551s][info][gc,phases,start] GC(275) Summary Phase
[35.551s][info][gc,phases      ] GC(275) Summary Phase 0.067ms
[35.551s][info][gc,phases,start] GC(275) Adjust Roots
[35.551s][info][gc,phases      ] GC(275) Adjust Roots 0.203ms
[35.551s][info][gc,phases,start] GC(275) Compaction Phase
[36.063s][info][gc,phases      ] GC(275) Compaction Phase 511.966ms
[36.063s][info][gc,phases,start] GC(275) Post Compact
[36.072s][info][gc,phases      ] GC(275) Post Compact 8.879ms
[36.074s][info][gc,heap        ] GC(275) PSYoungGen: 80128K(232960K)->9846K(232960K) Eden: 0K(79872K)->0K(79872K) From: 80128K(153088K)->9846K(153088K)
[36.074s][info][gc,heap        ] GC(275) ParOldGen: 5396890K(5463040K)->5462580K(6049280K)
[36.074s][info][gc,metaspace   ] GC(275) Metaspace: 6298K(6464K)->6298K(6464K) NonClass: 5765K(5824K)->5765K(5824K) Class: 533K(640K)->533K(640K)
[36.074s][info][gc             ] GC(275) Pause Full (Ergonomics) 5348M->5344M(6135M) 1784.305ms
[36.075s][info][gc,cpu         ] GC(275) User=13.25s Sys=0.02s Real=1.78s
[36.173s][info][gc,start       ] GC(276) Pause Young (Allocation Failure)
[36.482s][info][gc,heap        ] GC(276) PSYoungGen: 89718K(232960K)->80160K(219136K) Eden: 79872K(79872K)->0K(87040K) From: 9846K(153088K)->80160K(132096K)
[36.482s][info][gc,heap        ] GC(276) ParOldGen: 5462580K(6049280K)->5472556K(6049280K)
[36.482s][info][gc,metaspace   ] GC(276) Metaspace: 6298K(6464K)->6298K(6464K) NonClass: 5765K(5824K)->5765K(5824K) Class: 533K(640K)->533K(640K)
[36.482s][info][gc             ] GC(276) Pause Young (Allocation Failure) 5422M->5422M(6121M) 309.688ms
[36.482s][info][gc,cpu         ] GC(276) User=1.70s Sys=0.02s Real=0.31s
[36.584s][info][gc,start       ] GC(277) Pause Young (Allocation Failure)
[36.690s][info][gc,heap        ] GC(277) PSYoungGen: 167200K(219136K)->139776K(226816K) Eden: 87040K(87040K)->0K(87040K) From: 80160K(132096K)->139776K(139776K)
[36.690s][info][gc,heap        ] GC(277) ParOldGen: 5472556K(6049280K)->5500204K(6049280K)
[36.690s][info][gc,metaspace   ] GC(277) Metaspace: 6298K(6464K)->6298K(6464K) NonClass: 5765K(5824K)->5765K(5824K) Class: 533K(640K)->533K(640K)
[36.690s][info][gc             ] GC(277) Pause Young (Allocation Failure) 5507M->5507M(6129M) 106.690ms
[36.691s][info][gc,cpu         ] GC(277) User=0.56s Sys=0.00s Real=0.11s
[36.804s][info][gc,start       ] GC(278) Pause Young (Allocation Failure)
[36.949s][info][gc,heap        ] GC(278) PSYoungGen: 226816K(226816K)->87296K(246784K) Eden: 87040K(87040K)->0K(95232K) From: 139776K(139776K)->87296K(151552K)
[36.950s][info][gc,heap        ] GC(278) ParOldGen: 5500204K(6049280K)->5640972K(6049280K)
[36.950s][info][gc,metaspace   ] GC(278) Metaspace: 6298K(6464K)->6298K(6464K) NonClass: 5765K(5824K)->5765K(5824K) Class: 533K(640K)->533K(640K)
[36.950s][info][gc             ] GC(278) Pause Young (Allocation Failure) 5592M->5594M(6148M) 145.412ms
[36.950s][info][gc,cpu         ] GC(278) User=0.84s Sys=0.16s Real=0.15s
[38.105s][info][gc,start       ] GC(279) Pause Full (Ergonomics)
[38.106s][info][gc,phases,start] GC(279) Marking Phase
[39.423s][info][gc,phases      ] GC(279) Marking Phase 1317.313ms
[39.423s][info][gc,phases,start] GC(279) Summary Phase
[39.423s][info][gc,phases      ] GC(279) Summary Phase 0.130ms
[39.423s][info][gc,phases,start] GC(279) Adjust Roots
[39.423s][info][gc,phases      ] GC(279) Adjust Roots 0.160ms
[39.423s][info][gc,phases,start] GC(279) Compaction Phase
[40.370s][info][gc,phases      ] GC(279) Compaction Phase 946.923ms
[40.370s][info][gc,phases,start] GC(279) Post Compact
[40.380s][info][gc,phases      ] GC(279) Post Compact 10.168ms
[40.382s][info][gc,heap        ] GC(279) PSYoungGen: 182528K(246784K)->0K(253952K) Eden: 95232K(95232K)->0K(95232K) From: 87296K(151552K)->0K(158720K)
[40.382s][info][gc,heap        ] GC(279) ParOldGen: 5903116K(6049280K)->5952565K(6614016K)
[40.382s][info][gc,metaspace   ] GC(279) Metaspace: 6298K(6464K)->6298K(6464K) NonClass: 5765K(5824K)->5765K(5824K) Class: 533K(640K)->533K(640K)
[40.383s][info][gc             ] GC(279) Pause Full (Ergonomics) 5943M->5813M(6707M) 2277.068ms
[40.383s][info][gc,cpu         ] GC(279) User=15.19s Sys=0.05s Real=2.28s
[40.493s][info][gc,start       ] GC(280) Pause Young (Allocation Failure)
[40.584s][info][gc,heap        ] GC(280) PSYoungGen: 95232K(253952K)->95520K(251904K) Eden: 95232K(95232K)->0K(103424K) From: 0K(158720K)->95520K(148480K)
[40.584s][info][gc,heap        ] GC(280) ParOldGen: 5952565K(6614016K)->5952565K(6614016K)
[40.584s][info][gc,metaspace   ] GC(280) Metaspace: 6298K(6464K)->6298K(6464K) NonClass: 5765K(5824K)->5765K(5824K) Class: 533K(640K)->533K(640K)
[40.584s][info][gc             ] GC(280) Pause Young (Allocation Failure) 5906M->5906M(6705M) 90.877ms
[40.584s][info][gc,cpu         ] GC(280) User=0.28s Sys=0.00s Real=0.09s
[40.697s][info][gc,start       ] GC(281) Pause Young (Allocation Failure)
[40.820s][info][gc,heap        ] GC(281) PSYoungGen: 198944K(251904K)->154112K(257536K) Eden: 103424K(103424K)->0K(103424K) From: 95520K(148480K)->154112K(154112K)
[40.820s][info][gc,heap        ] GC(281) ParOldGen: 5952565K(6614016K)->5997829K(6614016K)
[40.820s][info][gc,metaspace   ] GC(281) Metaspace: 6298K(6464K)->6298K(6464K) NonClass: 5765K(5824K)->5765K(5824K) Class: 533K(640K)->533K(640K)
[40.820s][info][gc             ] GC(281) Pause Young (Allocation Failure) 6007M->6007M(6710M) 123.355ms
[40.820s][info][gc,cpu         ] GC(281) User=0.52s Sys=0.03s Real=0.12s
[40.935s][info][gc,start       ] GC(282) Pause Young (Allocation Failure)
[41.083s][info][gc,heap        ] GC(282) PSYoungGen: 257536K(257536K)->180768K(280576K) Eden: 103424K(103424K)->0K(92160K) From: 154112K(154112K)->180768K(188416K)
[41.083s][info][gc,heap        ] GC(282) ParOldGen: 5997829K(6614016K)->6075429K(6614016K)
[41.083s][info][gc,metaspace   ] GC(282) Metaspace: 6298K(6464K)->6298K(6464K) NonClass: 5765K(5824K)->5765K(5824K) Class: 533K(640K)->533K(640K)
[41.083s][info][gc             ] GC(282) Pause Young (Allocation Failure) 6108M->6109M(6733M) 148.190ms
[41.083s][info][gc,cpu         ] GC(282) User=0.81s Sys=0.08s Real=0.15s
[41.185s][info][gc,start       ] GC(283) Pause Young (Allocation Failure)
[41.329s][info][gc,heap        ] GC(283) PSYoungGen: 272928K(280576K)->208896K(301056K) Eden: 92160K(92160K)->0K(92160K) From: 180768K(188416K)->208896K(208896K)
[41.329s][info][gc,heap        ] GC(283) ParOldGen: 6075429K(6614016K)->6140037K(6614016K)
[41.329s][info][gc,metaspace   ] GC(283) Metaspace: 6298K(6464K)->6298K(6464K) NonClass: 5765K(5824K)->5765K(5824K) Class: 533K(640K)->533K(640K)
[41.329s][info][gc             ] GC(283) Pause Young (Allocation Failure) 6199M->6200M(6753M) 144.151ms
[41.329s][info][gc,cpu         ] GC(283) User=0.58s Sys=0.02s Real=0.14s
[41.426s][info][gc,start       ] GC(284) Pause Young (Allocation Failure)
[41.587s][info][gc,heap        ] GC(284) PSYoungGen: 301056K(301056K)->152672K(355328K) Eden: 92160K(92160K)->0K(101888K) From: 208896K(208896K)->152672K(253440K)
[41.587s][info][gc,heap        ] GC(284) ParOldGen: 6140037K(6614016K)->6289757K(6614016K)
[41.587s][info][gc,metaspace   ] GC(284) Metaspace: 6298K(6464K)->6298K(6464K) NonClass: 5765K(5824K)->5765K(5824K) Class: 533K(640K)->533K(640K)
[41.587s][info][gc             ] GC(284) Pause Young (Allocation Failure) 6290M->6291M(6806M) 161.582ms
[41.587s][info][gc,cpu         ] GC(284) User=0.94s Sys=0.17s Real=0.16s
[41.706s][info][gc,start       ] GC(285) Pause Young (Allocation Failure)
[41.850s][info][gc,heap        ] GC(285) PSYoungGen: 254560K(355328K)->194496K(358400K) Eden: 101888K(101888K)->0K(101888K) From: 152672K(253440K)->194496K(256512K)
[41.850s][info][gc,heap        ] GC(285) ParOldGen: 6289757K(6614016K)->6350453K(6614016K)
[41.850s][info][gc,metaspace   ] GC(285) Metaspace: 6298K(6464K)->6298K(6464K) NonClass: 5765K(5824K)->5765K(5824K) Class: 533K(640K)->533K(640K)
[41.850s][info][gc             ] GC(285) Pause Young (Allocation Failure) 6390M->6391M(6809M) 143.745ms
[41.850s][info][gc,cpu         ] GC(285) User=0.55s Sys=0.05s Real=0.14s
[41.956s][info][gc,start       ] GC(286) Pause Young (Allocation Failure)
[42.112s][info][gc,heap        ] GC(286) PSYoungGen: 296384K(358400K)->204224K(368640K) Eden: 101888K(101888K)->0K(100352K) From: 194496K(256512K)->204224K(268288K)
[42.113s][info][gc,heap        ] GC(286) ParOldGen: 6350453K(6614016K)->6443469K(6614016K)
[42.113s][info][gc,metaspace   ] GC(286) Metaspace: 6298K(6464K)->6298K(6464K) NonClass: 5765K(5824K)->5765K(5824K) Class: 533K(640K)->533K(640K)
[42.113s][info][gc             ] GC(286) Pause Young (Allocation Failure) 6491M->6491M(6819M) 156.652ms
[42.113s][info][gc,cpu         ] GC(286) User=0.62s Sys=0.11s Real=0.16s
[42.234s][info][gc,start       ] GC(287) Pause Young (Allocation Failure)
[42.392s][info][gc,heap        ] GC(287) PSYoungGen: 304576K(368640K)->202752K(380928K) Eden: 100352K(100352K)->0K(100352K) From: 204224K(268288K)->202752K(280576K)
[42.392s][info][gc,heap        ] GC(287) ParOldGen: 6443469K(6614016K)->6546285K(6614016K)
[42.392s][info][gc,metaspace   ] GC(287) Metaspace: 6298K(6464K)->6298K(6464K) NonClass: 5765K(5824K)->5765K(5824K) Class: 533K(640K)->533K(640K)
[42.392s][info][gc             ] GC(287) Pause Young (Allocation Failure) 6589M->6590M(6831M) 158.805ms
[42.392s][info][gc,cpu         ] GC(287) User=0.67s Sys=0.05s Real=0.16s
[42.392s][info][gc,start       ] GC(288) Pause Full (Ergonomics)
[42.392s][info][gc,phases,start] GC(288) Marking Phase
[43.908s][info][gc,phases      ] GC(288) Marking Phase 1515.653ms
[43.908s][info][gc,phases,start] GC(288) Summary Phase
[43.908s][info][gc,phases      ] GC(288) Summary Phase 0.076ms
[43.908s][info][gc,phases,start] GC(288) Adjust Roots
[43.908s][info][gc,phases      ] GC(288) Adjust Roots 0.165ms
[43.908s][info][gc,phases,start] GC(288) Compaction Phase
[44.643s][info][gc,phases      ] GC(288) Compaction Phase 734.357ms
[44.643s][info][gc,phases,start] GC(288) Post Compact
[44.656s][info][gc,phases      ] GC(288) Post Compact 13.340ms
[44.659s][info][gc,heap        ] GC(288) PSYoungGen: 202752K(380928K)->129083K(380928K) Eden: 0K(100352K)->0K(100352K) From: 202752K(280576K)->129083K(280576K)
[44.659s][info][gc,heap        ] GC(288) ParOldGen: 6546285K(6614016K)->6613754K(7336448K)
[44.659s][info][gc,metaspace   ] GC(288) Metaspace: 6298K(6464K)->6298K(6464K) NonClass: 5765K(5824K)->5765K(5824K) Class: 533K(640K)->533K(640K)
[44.659s][info][gc             ] GC(288) Pause Full (Ergonomics) 6590M->6584M(7536M) 2266.796ms
[44.659s][info][gc,cpu         ] GC(288) User=15.62s Sys=0.09s Real=2.27s
[44.772s][info][gc,start       ] GC(289) Pause Young (Allocation Failure)
[45.151s][info][gc,heap        ] GC(289) PSYoungGen: 229435K(380928K)->157952K(377344K) Eden: 100352K(100352K)->0K(110080K) From: 129083K(280576K)->157952K(267264K)
[45.152s][info][gc,heap        ] GC(289) ParOldGen: 6613754K(7336448K)->6686354K(7336448K)
[45.152s][info][gc,metaspace   ] GC(289) Metaspace: 6298K(6464K)->6298K(6464K) NonClass: 5765K(5824K)->5765K(5824K) Class: 533K(640K)->533K(640K)
[45.152s][info][gc             ] GC(289) Pause Young (Allocation Failure) 6682M->6683M(7533M) 380.039ms
[45.152s][info][gc,cpu         ] GC(289) User=2.81s Sys=0.03s Real=0.38s
[45.284s][info][gc,start       ] GC(290) Pause Young (Allocation Failure)
[45.432s][info][gc,heap        ] GC(290) PSYoungGen: 268032K(377344K)->268256K(389120K) Eden: 110080K(110080K)->0K(110080K) From: 157952K(267264K)->268256K(279040K)
[45.432s][info][gc,heap        ] GC(290) ParOldGen: 6686354K(7336448K)->6686354K(7336448K)
[45.432s][info][gc,metaspace   ] GC(290) Metaspace: 6298K(6464K)->6298K(6464K) NonClass: 5765K(5824K)->5765K(5824K) Class: 533K(640K)->533K(640K)
[45.432s][info][gc             ] GC(290) Pause Young (Allocation Failure) 6791M->6791M(7544M) 147.982ms
[45.432s][info][gc,cpu         ] GC(290) User=0.70s Sys=0.00s Real=0.15s
[45.547s][info][gc,start       ] GC(291) Pause Young (Allocation Failure)
[45.744s][info][gc,heap        ] GC(291) PSYoungGen: 378336K(389120K)->310272K(364544K) Eden: 110080K(110080K)->0K(54272K) From: 268256K(279040K)->310272K(310272K)
[45.744s][info][gc,heap        ] GC(291) ParOldGen: 6686354K(7336448K)->6754978K(7336448K)
[45.744s][info][gc,metaspace   ] GC(291) Metaspace: 6298K(6464K)->6298K(6464K) NonClass: 5765K(5824K)->5765K(5824K) Class: 533K(640K)->533K(640K)
[45.744s][info][gc             ] GC(291) Pause Young (Allocation Failure) 6899M->6899M(7520M) 196.743ms
[45.744s][info][gc,cpu         ] GC(291) User=1.17s Sys=0.12s Real=0.20s
[45.800s][info][gc,start       ] GC(292) Pause Young (Allocation Failure)
[45.978s][info][gc,heap        ] GC(292) PSYoungGen: 364544K(364544K)->237280K(430592K) Eden: 54272K(54272K)->0K(54272K) From: 310272K(310272K)->237280K(376320K)
[45.978s][info][gc,heap        ] GC(292) ParOldGen: 6754978K(7336448K)->6883410K(7336448K)
[45.978s][info][gc,metaspace   ] GC(292) Metaspace: 6298K(6464K)->6298K(6464K) NonClass: 5765K(5824K)->5765K(5824K) Class: 533K(640K)->533K(640K)
[45.978s][info][gc             ] GC(292) Pause Young (Allocation Failure) 6952M->6953M(7585M) 178.538ms
[45.979s][info][gc,cpu         ] GC(292) User=1.22s Sys=0.02s Real=0.18s
[46.035s][info][gc,start       ] GC(293) Pause Young (Allocation Failure)
[46.191s][info][gc,heap        ] GC(293) PSYoungGen: 291552K(430592K)->200000K(410112K) Eden: 54272K(54272K)->0K(61440K) From: 237280K(376320K)->200000K(348672K)
[46.191s][info][gc,heap        ] GC(293) ParOldGen: 6883410K(7336448K)->6975674K(7336448K)
[46.191s][info][gc,metaspace   ] GC(293) Metaspace: 6298K(6464K)->6298K(6464K) NonClass: 5765K(5824K)->5765K(5824K) Class: 533K(640K)->533K(640K)
[46.191s][info][gc             ] GC(293) Pause Young (Allocation Failure) 7006M->7007M(7565M) 155.594ms
[46.191s][info][gc,cpu         ] GC(293) User=0.88s Sys=0.06s Real=0.16s
[46.258s][info][gc,start       ] GC(294) Pause Young (Allocation Failure)
[46.398s][info][gc,heap        ] GC(294) PSYoungGen: 261440K(410112K)->116032K(423936K) Eden: 61440K(61440K)->0K(61440K) From: 200000K(348672K)->116032K(362496K)
[46.398s][info][gc,heap        ] GC(294) ParOldGen: 6975674K(7336448K)->7122226K(7336448K)
[46.398s][info][gc,metaspace   ] GC(294) Metaspace: 6298K(6464K)->6298K(6464K) NonClass: 5765K(5824K)->5765K(5824K) Class: 533K(640K)->533K(640K)
[46.398s][info][gc             ] GC(294) Pause Young (Allocation Failure) 7067M->7068M(7578M) 140.394ms
[46.398s][info][gc,cpu         ] GC(294) User=0.83s Sys=0.05s Real=0.14s
[46.463s][info][gc,start       ] GC(295) Pause Young (Allocation Failure)
[46.583s][info][gc,heap        ] GC(295) PSYoungGen: 177472K(423936K)->61664K(424960K) Eden: 61440K(61440K)->0K(67072K) From: 116032K(362496K)->61664K(357888K)
[46.583s][info][gc,heap        ] GC(295) ParOldGen: 7122226K(7336448K)->7238946K(7336448K)
[46.583s][info][gc,metaspace   ] GC(295) Metaspace: 6298K(6464K)->6298K(6464K) NonClass: 5765K(5824K)->5765K(5824K) Class: 533K(640K)->533K(640K)
[46.583s][info][gc             ] GC(295) Pause Young (Allocation Failure) 7128M->7129M(7579M) 120.406ms
[46.583s][info][gc,cpu         ] GC(295) User=0.58s Sys=0.03s Real=0.12s
[46.583s][info][gc,start       ] GC(296) Pause Full (Ergonomics)
[46.583s][info][gc,phases,start] GC(296) Marking Phase
[48.247s][info][gc,phases      ] GC(296) Marking Phase 1663.542ms
[48.247s][info][gc,phases,start] GC(296) Summary Phase
[48.247s][info][gc,phases      ] GC(296) Summary Phase 0.115ms
[48.247s][info][gc,phases,start] GC(296) Adjust Roots
[48.247s][info][gc,phases      ] GC(296) Adjust Roots 0.208ms
[48.247s][info][gc,phases,start] GC(296) Compaction Phase
[49.024s][info][gc,phases      ] GC(296) Compaction Phase 776.711ms
[49.024s][info][gc,phases,start] GC(296) Post Compact
[49.036s][info][gc,phases      ] GC(296) Post Compact 11.638ms
[49.038s][info][gc,heap        ] GC(296) PSYoungGen: 61664K(424960K)->0K(427520K) Eden: 0K(67072K)->0K(67072K) From: 61664K(357888K)->0K(360448K)
[49.038s][info][gc,heap        ] GC(296) ParOldGen: 7238946K(7336448K)->7294547K(8096768K)
[49.038s][info][gc,metaspace   ] GC(296) Metaspace: 6298K(6464K)->6298K(6464K) NonClass: 5765K(5824K)->5765K(5824K) Class: 533K(640K)->533K(640K)
[49.038s][info][gc             ] GC(296) Pause Full (Ergonomics) 7129M->7123M(8324M) 2454.938ms
[49.038s][info][gc,cpu         ] GC(296) User=17.20s Sys=0.02s Real=2.45s
[49.110s][info][gc,start       ] GC(297) Pause Young (Allocation Failure)
[49.195s][info][gc,heap        ] GC(297) PSYoungGen: 67072K(427520K)->67328K(429568K) Eden: 67072K(67072K)->0K(74240K) From: 0K(360448K)->67328K(355328K)
[49.196s][info][gc,heap        ] GC(297) ParOldGen: 7294547K(8096768K)->7294547K(8096768K)
[49.196s][info][gc,metaspace   ] GC(297) Metaspace: 6298K(6464K)->6298K(6464K) NonClass: 5765K(5824K)->5765K(5824K) Class: 533K(640K)->533K(640K)
[49.196s][info][gc             ] GC(297) Pause Young (Allocation Failure) 7189M->7189M(8326M) 85.236ms
[49.196s][info][gc,cpu         ] GC(297) User=0.16s Sys=0.00s Real=0.09s
[49.290s][info][gc,start       ] GC(298) Pause Young (Allocation Failure)
[49.397s][info][gc,heap        ] GC(298) PSYoungGen: 141568K(429568K)->141696K(216064K) Eden: 74240K(74240K)->0K(74240K) From: 67328K(355328K)->141696K(141824K)
[49.397s][info][gc,heap        ] GC(298) ParOldGen: 7294547K(8096768K)->7294547K(8096768K)
[49.397s][info][gc,metaspace   ] GC(298) Metaspace: 6298K(6464K)->6298K(6464K) NonClass: 5765K(5824K)->5765K(5824K) Class: 533K(640K)->533K(640K)
[49.397s][info][gc             ] GC(298) Pause Young (Allocation Failure) 7261M->7261M(8118M) 106.755ms
[49.397s][info][gc,cpu         ] GC(298) User=0.36s Sys=0.00s Real=0.11s
[49.475s][info][gc,start       ] GC(299) Pause Young (Allocation Failure)
[49.605s][info][gc,heap        ] GC(299) PSYoungGen: 215936K(216064K)->148896K(391168K) Eden: 74240K(74240K)->0K(82432K) From: 141696K(141824K)->148896K(308736K)
[49.605s][info][gc,heap        ] GC(299) ParOldGen: 7294547K(8096768K)->7362219K(8096768K)
[49.605s][info][gc,metaspace   ] GC(299) Metaspace: 6298K(6464K)->6298K(6464K) NonClass: 5765K(5824K)->5765K(5824K) Class: 533K(640K)->533K(640K)
[49.605s][info][gc             ] GC(299) Pause Young (Allocation Failure) 7334M->7335M(8289M) 129.829ms
[49.605s][info][gc,cpu         ] GC(299) User=0.53s Sys=0.02s Real=0.13s
[49.691s][info][gc,start       ] GC(300) Pause Young (Allocation Failure)
[49.829s][info][gc,heap        ] GC(300) PSYoungGen: 231328K(391168K)->157120K(239616K) Eden: 82432K(82432K)->0K(82432K) From: 148896K(308736K)->157120K(157184K)
[49.829s][info][gc,heap        ] GC(300) ParOldGen: 7362219K(8096768K)->7437123K(8096768K)
[49.829s][info][gc,metaspace   ] GC(300) Metaspace: 6298K(6464K)->6298K(6464K) NonClass: 5765K(5824K)->5765K(5824K) Class: 533K(640K)->533K(640K)
[49.829s][info][gc             ] GC(300) Pause Young (Allocation Failure) 7415M->7416M(8141M) 138.336ms
[49.829s][info][gc,cpu         ] GC(300) User=0.55s Sys=0.02s Real=0.14s
[49.923s][info][gc,start       ] GC(301) Pause Young (Allocation Failure)
[50.065s][info][gc,heap        ] GC(301) PSYoungGen: 239552K(239616K)->165280K(376320K) Eden: 82432K(82432K)->0K(92160K) From: 157120K(157184K)->165280K(284160K)
[50.065s][info][gc,heap        ] GC(301) ParOldGen: 7437123K(8096768K)->7512035K(8096768K)
[50.065s][info][gc,metaspace   ] GC(301) Metaspace: 6298K(6464K)->6298K(6464K) NonClass: 5765K(5824K)->5765K(5824K) Class: 533K(640K)->533K(640K)
[50.065s][info][gc             ] GC(301) Pause Young (Allocation Failure) 7496M->7497M(8274M) 142.353ms
[50.065s][info][gc,cpu         ] GC(301) User=0.78s Sys=0.06s Real=0.14s
[50.170s][info][gc,start       ] GC(302) Pause Young (Allocation Failure)
[50.319s][info][gc,heap        ] GC(302) PSYoungGen: 257440K(376320K)->175008K(388608K) Eden: 92160K(92160K)->0K(92160K) From: 165280K(284160K)->175008K(296448K)
[50.319s][info][gc,heap        ] GC(302) ParOldGen: 7512035K(8096768K)->7595219K(8096768K)
[50.319s][info][gc,metaspace   ] GC(302) Metaspace: 6298K(6464K)->6298K(6464K) NonClass: 5765K(5824K)->5765K(5824K) Class: 533K(640K)->533K(640K)
[50.319s][info][gc             ] GC(302) Pause Young (Allocation Failure) 7587M->7588M(8286M) 148.272ms
[50.319s][info][gc,cpu         ] GC(302) User=0.69s Sys=0.08s Real=0.15s
[50.429s][info][gc,start       ] GC(303) Pause Young (Allocation Failure)
[50.592s][info][gc,heap        ] GC(303) PSYoungGen: 267168K(388608K)->184768K(384512K) Eden: 92160K(92160K)->0K(102912K) From: 175008K(296448K)->184768K(281600K)
[50.592s][info][gc,heap        ] GC(303) ParOldGen: 7595219K(8096768K)->7678395K(8096768K)
[50.592s][info][gc,metaspace   ] GC(303) Metaspace: 6298K(6464K)->6298K(6464K) NonClass: 5765K(5824K)->5765K(5824K) Class: 533K(640K)->533K(640K)
[50.592s][info][gc             ] GC(303) Pause Young (Allocation Failure) 7678M->7678M(8282M) 162.367ms
[50.592s][info][gc,cpu         ] GC(303) User=0.52s Sys=0.03s Real=0.16s
[50.703s][info][gc,start       ] GC(304) Pause Young (Allocation Failure)
[50.861s][info][gc,heap        ] GC(304) PSYoungGen: 287680K(384512K)->195552K(388096K) Eden: 102912K(102912K)->0K(102912K) From: 184768K(281600K)->195552K(285184K)
[50.861s][info][gc,heap        ] GC(304) ParOldGen: 7678395K(8096768K)->7771363K(8096768K)
[50.861s][info][gc,metaspace   ] GC(304) Metaspace: 6298K(6464K)->6298K(6464K) NonClass: 5765K(5824K)->5765K(5824K) Class: 533K(640K)->533K(640K)
[50.861s][info][gc             ] GC(304) Pause Young (Allocation Failure) 7779M->7780M(8286M) 158.659ms
[50.861s][info][gc,cpu         ] GC(304) User=0.89s Sys=0.03s Real=0.16s
[50.975s][info][gc,start       ] GC(305) Pause Young (Allocation Failure)
[51.133s][info][gc,heap        ] GC(305) PSYoungGen: 298464K(388096K)->206336K(397824K) Eden: 102912K(102912K)->0K(112128K) From: 195552K(285184K)->206336K(285696K)
[51.133s][info][gc,heap        ] GC(305) ParOldGen: 7771363K(8096768K)->7864355K(8096768K)
[51.133s][info][gc,metaspace   ] GC(305) Metaspace: 6298K(6464K)->6298K(6464K) NonClass: 5765K(5824K)->5765K(5824K) Class: 533K(640K)->533K(640K)
[51.134s][info][gc             ] GC(305) Pause Young (Allocation Failure) 7880M->7881M(8295M) 158.952ms
[51.134s][info][gc,cpu         ] GC(305) User=0.91s Sys=0.02s Real=0.16s
[51.256s][info][gc,start       ] GC(306) Pause Young (Allocation Failure)
[51.423s][info][gc,heap        ] GC(306) PSYoungGen: 318464K(397824K)->215520K(400896K) Eden: 112128K(112128K)->0K(112128K) From: 206336K(285696K)->215520K(288768K)
[51.423s][info][gc,heap        ] GC(306) ParOldGen: 7864355K(8096768K)->7968203K(8096768K)
[51.423s][info][gc,metaspace   ] GC(306) Metaspace: 6298K(6464K)->6298K(6464K) NonClass: 5765K(5824K)->5765K(5824K) Class: 533K(640K)->533K(640K)
[51.423s][info][gc             ] GC(306) Pause Young (Allocation Failure) 7991M->7991M(8298M) 167.608ms
[51.423s][info][gc,cpu         ] GC(306) User=1.05s Sys=0.05s Real=0.17s
[51.423s][info][gc,start       ] GC(307) Pause Full (Ergonomics)
[51.423s][info][gc,phases,start] GC(307) Marking Phase
[53.401s][info][gc,phases      ] GC(307) Marking Phase 1978.143ms
[53.402s][info][gc,phases,start] GC(307) Summary Phase
[53.402s][info][gc,phases      ] GC(307) Summary Phase 0.105ms
[53.402s][info][gc,phases,start] GC(307) Adjust Roots
[53.402s][info][gc,phases      ] GC(307) Adjust Roots 0.188ms
[53.402s][info][gc,phases,start] GC(307) Compaction Phase
[54.329s][info][gc,phases      ] GC(307) Compaction Phase 927.418ms
[54.329s][info][gc,phases,start] GC(307) Post Compact
[54.344s][info][gc,phases      ] GC(307) Post Compact 14.251ms
[54.344s][info][gc,heap        ] GC(307) PSYoungGen: 215520K(400896K)->80582K(400896K) Eden: 0K(112128K)->0K(112128K) From: 215520K(288768K)->80582K(288768K)
[54.344s][info][gc,heap        ] GC(307) ParOldGen: 7968203K(8096768K)->8096334K(8123904K)
[54.344s][info][gc,metaspace   ] GC(307) Metaspace: 6298K(6464K)->6298K(6464K) NonClass: 5765K(5824K)->5765K(5824K) Class: 533K(640K)->533K(640K)
[54.344s][info][gc             ] GC(307) Pause Full (Ergonomics) 7991M->7985M(8325M) 2920.553ms
[54.344s][info][gc,cpu         ] GC(307) User=19.08s Sys=0.11s Real=2.92s
[54.468s][info][gc,start       ] GC(308) Pause Full (Ergonomics)
[54.468s][info][gc,phases,start] GC(308) Marking Phase
[56.403s][info][gc,phases      ] GC(308) Marking Phase 1934.811ms
[56.403s][info][gc,phases,start] GC(308) Summary Phase
[56.403s][info][gc,phases      ] GC(308) Summary Phase 0.138ms
[56.403s][info][gc,phases,start] GC(308) Adjust Roots
[56.404s][info][gc,phases      ] GC(308) Adjust Roots 0.377ms
[56.404s][info][gc,phases,start] GC(308) Compaction Phase
[57.080s][info][gc,phases      ] GC(308) Compaction Phase 675.837ms
[57.080s][info][gc,phases,start] GC(308) Post Compact
[57.093s][info][gc,phases      ] GC(308) Post Compact 13.067ms
[57.093s][info][gc,heap        ] GC(308) PSYoungGen: 192710K(400896K)->165550K(400896K) Eden: 112128K(112128K)->112104K(112128K) From: 80582K(288768K)->53446K(288768K)
[57.093s][info][gc,heap        ] GC(308) ParOldGen: 8096334K(8123904K)->8123463K(8123904K)
[57.093s][info][gc,metaspace   ] GC(308) Metaspace: 6298K(6464K)->6298K(6464K) NonClass: 5765K(5824K)->5765K(5824K) Class: 533K(640K)->533K(640K)
[57.093s][info][gc             ] GC(308) Pause Full (Ergonomics) 8094M->8094M(8325M) 2624.686ms
[57.093s][info][gc,cpu         ] GC(308) User=18.89s Sys=0.03s Real=2.62s
[57.093s][info][gc,start       ] GC(309) Pause Full (Ergonomics)
[57.093s][info][gc,phases,start] GC(309) Marking Phase
[58.982s][info][gc,phases      ] GC(309) Marking Phase 1888.721ms
[58.982s][info][gc,phases,start] GC(309) Summary Phase
[58.982s][info][gc,phases      ] GC(309) Summary Phase 0.079ms
[58.982s][info][gc,phases,start] GC(309) Adjust Roots
[58.982s][info][gc,phases      ] GC(309) Adjust Roots 0.165ms
[58.982s][info][gc,phases,start] GC(309) Compaction Phase
[59.603s][info][gc,phases      ] GC(309) Compaction Phase 620.823ms
[59.603s][info][gc,phases,start] GC(309) Post Compact
[59.617s][info][gc,phases      ] GC(309) Post Compact 14.044ms
[59.617s][info][gc,heap        ] GC(309) PSYoungGen: 165574K(400896K)->165574K(400896K) Eden: 112128K(112128K)->112127K(112128K) From: 53446K(288768K)->53446K(288768K)
[59.617s][info][gc,heap        ] GC(309) ParOldGen: 8123463K(8123904K)->8123463K(8123904K)
[59.617s][info][gc,metaspace   ] GC(309) Metaspace: 6298K(6464K)->6298K(6464K) NonClass: 5765K(5824K)->5765K(5824K) Class: 533K(640K)->533K(640K)
[59.617s][info][gc             ] GC(309) Pause Full (Ergonomics) 8094M->8094M(8325M) 2524.173ms
[59.617s][info][gc,cpu         ] GC(309) User=18.55s Sys=0.00s Real=2.52s
[59.617s][info][gc,start       ] GC(310) Pause Full (Ergonomics)
[59.617s][info][gc,phases,start] GC(310) Marking Phase
[61.547s][info][gc,phases      ] GC(310) Marking Phase 1929.375ms
[61.547s][info][gc,phases,start] GC(310) Summary Phase
[61.547s][info][gc,phases      ] GC(310) Summary Phase 0.095ms
[61.547s][info][gc,phases,start] GC(310) Adjust Roots
[61.547s][info][gc,phases      ] GC(310) Adjust Roots 0.205ms
[61.547s][info][gc,phases,start] GC(310) Compaction Phase
[62.198s][info][gc,phases      ] GC(310) Compaction Phase 651.067ms
[62.198s][info][gc,phases,start] GC(310) Post Compact
[62.211s][info][gc,phases      ] GC(310) Post Compact 12.325ms
[62.211s][info][gc,heap        ] GC(310) PSYoungGen: 165574K(400896K)->165574K(400896K) Eden: 112128K(112128K)->112128K(112128K) From: 53446K(288768K)->53446K(288768K)
[62.211s][info][gc,heap        ] GC(310) ParOldGen: 8123463K(8123904K)->8123463K(8123904K)
[62.211s][info][gc,metaspace   ] GC(310) Metaspace: 6298K(6464K)->6298K(6464K) NonClass: 5765K(5824K)->5765K(5824K) Class: 533K(640K)->533K(640K)
[62.211s][info][gc             ] GC(310) Pause Full (Ergonomics) 8094M->8094M(8325M) 2593.430ms
[62.211s][info][gc,cpu         ] GC(310) User=18.89s Sys=0.00s Real=2.59s
[62.211s][info][gc,start       ] GC(311) Pause Full (Ergonomics)
[62.211s][info][gc,phases,start] GC(311) Marking Phase
[64.158s][info][gc,phases      ] GC(311) Marking Phase 1947.147ms
[64.158s][info][gc,phases,start] GC(311) Summary Phase
[64.158s][info][gc,phases      ] GC(311) Summary Phase 0.086ms
[64.158s][info][gc,phases,start] GC(311) Adjust Roots
[64.159s][info][gc,phases      ] GC(311) Adjust Roots 0.193ms
[64.159s][info][gc,phases,start] GC(311) Compaction Phase
[64.842s][info][gc,phases      ] GC(311) Compaction Phase 683.455ms
[64.842s][info][gc,phases,start] GC(311) Post Compact
[64.855s][info][gc,phases      ] GC(311) Post Compact 13.163ms
[64.855s][info][gc,heap        ] GC(311) PSYoungGen: 165574K(400896K)->165574K(400896K) Eden: 112128K(112128K)->112128K(112128K) From: 53446K(288768K)->53446K(288768K)
[64.855s][info][gc,heap        ] GC(311) ParOldGen: 8123468K(8123904K)->8123468K(8123904K)
[64.855s][info][gc,metaspace   ] GC(311) Metaspace: 6298K(6464K)->6298K(6464K) NonClass: 5765K(5824K)->5765K(5824K) Class: 533K(640K)->533K(640K)
[64.856s][info][gc             ] GC(311) Pause Full (Ergonomics) 8094M->8094M(8325M) 2644.436ms
[64.856s][info][gc,cpu         ] GC(311) User=18.42s Sys=0.00s Real=2.64s
[64.856s][info][gc,start       ] GC(312) Pause Full (Ergonomics)
[64.856s][info][gc,phases,start] GC(312) Marking Phase
[66.757s][info][gc,phases      ] GC(312) Marking Phase 1901.043ms
[66.757s][info][gc,phases,start] GC(312) Summary Phase
[66.757s][info][gc,phases      ] GC(312) Summary Phase 0.080ms
[66.757s][info][gc,phases,start] GC(312) Adjust Roots
[66.757s][info][gc,phases      ] GC(312) Adjust Roots 0.165ms
[66.757s][info][gc,phases,start] GC(312) Compaction Phase
[67.452s][info][gc,phases      ] GC(312) Compaction Phase 694.421ms
[67.452s][info][gc,phases,start] GC(312) Post Compact
[67.465s][info][gc,phases      ] GC(312) Post Compact 13.461ms
[67.465s][info][gc,heap        ] GC(312) PSYoungGen: 165574K(400896K)->165574K(400896K) Eden: 112128K(112128K)->112128K(112128K) From: 53446K(288768K)->53446K(288768K)
[67.465s][info][gc,heap        ] GC(312) ParOldGen: 8123472K(8123904K)->8123472K(8123904K)
[67.465s][info][gc,metaspace   ] GC(312) Metaspace: 6298K(6464K)->6298K(6464K) NonClass: 5765K(5824K)->5765K(5824K) Class: 533K(640K)->533K(640K)
[67.465s][info][gc             ] GC(312) Pause Full (Ergonomics) 8094M->8094M(8325M) 2609.499ms
[67.465s][info][gc,cpu         ] GC(312) User=19.05s Sys=0.00s Real=2.61s
[67.466s][info][gc,start       ] GC(313) Pause Full (Ergonomics)
[67.466s][info][gc,phases,start] GC(313) Marking Phase
[69.462s][info][gc,phases      ] GC(313) Marking Phase 1996.698ms
[69.462s][info][gc,phases,start] GC(313) Summary Phase
[69.462s][info][gc,phases      ] GC(313) Summary Phase 0.111ms
[69.462s][info][gc,phases,start] GC(313) Adjust Roots
[69.463s][info][gc,phases      ] GC(313) Adjust Roots 0.215ms
[69.463s][info][gc,phases,start] GC(313) Compaction Phase
[70.189s][info][gc,phases      ] GC(313) Compaction Phase 726.313ms
[70.189s][info][gc,phases,start] GC(313) Post Compact
[70.204s][info][gc,phases      ] GC(313) Post Compact 14.575ms
[70.204s][info][gc,heap        ] GC(313) PSYoungGen: 165574K(400896K)->165574K(400896K) Eden: 112128K(112128K)->112128K(112128K) From: 53446K(288768K)->53446K(288768K)
[70.204s][info][gc,heap        ] GC(313) ParOldGen: 8123477K(8123904K)->8123477K(8123904K)
[70.204s][info][gc,metaspace   ] GC(313) Metaspace: 6298K(6464K)->6298K(6464K) NonClass: 5765K(5824K)->5765K(5824K) Class: 533K(640K)->533K(640K)
[70.204s][info][gc             ] GC(313) Pause Full (Ergonomics) 8094M->8094M(8325M) 2738.309ms
[70.204s][info][gc,cpu         ] GC(313) User=18.95s Sys=0.02s Real=2.74s
[70.205s][info][gc,start       ] GC(314) Pause Full (Ergonomics)
[70.205s][info][gc,phases,start] GC(314) Marking Phase
[72.155s][info][gc,phases      ] GC(314) Marking Phase 1950.320ms
[72.156s][info][gc,phases,start] GC(314) Summary Phase
[72.156s][info][gc,phases      ] GC(314) Summary Phase 0.148ms
[72.156s][info][gc,phases,start] GC(314) Adjust Roots
[72.156s][info][gc,phases      ] GC(314) Adjust Roots 0.349ms
[72.156s][info][gc,phases,start] GC(314) Compaction Phase
[72.949s][info][gc,phases      ] GC(314) Compaction Phase 792.622ms
[72.949s][info][gc,phases,start] GC(314) Post Compact
[72.969s][info][gc,phases      ] GC(314) Post Compact 19.665ms
[72.969s][info][gc,heap        ] GC(314) PSYoungGen: 165574K(400896K)->165574K(400896K) Eden: 112128K(112128K)->112128K(112128K) From: 53446K(288768K)->53446K(288768K)
[72.969s][info][gc,heap        ] GC(314) ParOldGen: 8123482K(8123904K)->8123482K(8123904K)
[72.969s][info][gc,metaspace   ] GC(314) Metaspace: 6298K(6464K)->6298K(6464K) NonClass: 5765K(5824K)->5765K(5824K) Class: 533K(640K)->533K(640K)
[72.969s][info][gc             ] GC(314) Pause Full (Ergonomics) 8094M->8094M(8325M) 2763.684ms
[72.969s][info][gc,cpu         ] GC(314) User=19.05s Sys=0.00s Real=2.76s
[72.969s][info][gc,start       ] GC(315) Pause Full (Ergonomics)
[72.969s][info][gc,phases,start] GC(315) Marking Phase
[75.156s][info][gc,phases      ] GC(315) Marking Phase 2186.610ms
[75.156s][info][gc,phases,start] GC(315) Summary Phase
[75.156s][info][gc,phases      ] GC(315) Summary Phase 0.122ms
[75.156s][info][gc,phases,start] GC(315) Adjust Roots
[75.156s][info][gc,phases      ] GC(315) Adjust Roots 0.334ms
[75.156s][info][gc,phases,start] GC(315) Compaction Phase
[76.044s][info][gc,phases      ] GC(315) Compaction Phase 887.253ms
[76.044s][info][gc,phases,start] GC(315) Post Compact
[76.063s][info][gc,phases      ] GC(315) Post Compact 19.385ms
[76.063s][info][gc,heap        ] GC(315) PSYoungGen: 165574K(400896K)->165574K(400896K) Eden: 112128K(112128K)->112128K(112128K) From: 53446K(288768K)->53446K(288768K)
[76.063s][info][gc,heap        ] GC(315) ParOldGen: 8123487K(8123904K)->8123487K(8123904K)
[76.063s][info][gc,metaspace   ] GC(315) Metaspace: 6298K(6464K)->6298K(6464K) NonClass: 5765K(5824K)->5765K(5824K) Class: 533K(640K)->533K(640K)
[76.063s][info][gc             ] GC(315) Pause Full (Ergonomics) 8094M->8094M(8325M) 3094.192ms
[76.063s][info][gc,cpu         ] GC(315) User=19.36s Sys=0.02s Real=3.09s
[76.064s][info][gc,start       ] GC(316) Pause Full (Ergonomics)
[76.064s][info][gc,phases,start] GC(316) Marking Phase
[78.188s][info][gc,phases      ] GC(316) Marking Phase 2124.175ms
[78.188s][info][gc,phases,start] GC(316) Summary Phase
[78.188s][info][gc,phases      ] GC(316) Summary Phase 0.143ms
[78.188s][info][gc,phases,start] GC(316) Adjust Roots
[78.188s][info][gc,phases      ] GC(316) Adjust Roots 0.376ms
[78.189s][info][gc,phases,start] GC(316) Compaction Phase
[79.067s][info][gc,phases      ] GC(316) Compaction Phase 878.710ms
[79.067s][info][gc,phases,start] GC(316) Post Compact
[79.089s][info][gc,phases      ] GC(316) Post Compact 21.268ms
[79.089s][info][gc,heap        ] GC(316) PSYoungGen: 165574K(400896K)->165574K(400896K) Eden: 112128K(112128K)->112128K(112128K) From: 53446K(288768K)->53446K(288768K)
[79.089s][info][gc,heap        ] GC(316) ParOldGen: 8123492K(8123904K)->8123492K(8123904K)
[79.089s][info][gc,metaspace   ] GC(316) Metaspace: 6298K(6464K)->6298K(6464K) NonClass: 5765K(5824K)->5765K(5824K) Class: 533K(640K)->533K(640K)
[79.089s][info][gc             ] GC(316) Pause Full (Ergonomics) 8094M->8094M(8325M) 3025.289ms
[79.089s][info][gc,cpu         ] GC(316) User=19.41s Sys=0.03s Real=3.03s
[79.089s][info][gc,start       ] GC(317) Pause Full (Ergonomics)
[79.089s][info][gc,phases,start] GC(317) Marking Phase
[81.317s][info][gc,phases      ] GC(317) Marking Phase 2227.434ms
[81.317s][info][gc,phases,start] GC(317) Summary Phase
[81.317s][info][gc,phases      ] GC(317) Summary Phase 0.185ms
[81.317s][info][gc,phases,start] GC(317) Adjust Roots
[81.317s][info][gc,phases      ] GC(317) Adjust Roots 0.503ms
[81.318s][info][gc,phases,start] GC(317) Compaction Phase
[82.188s][info][gc,phases      ] GC(317) Compaction Phase 870.096ms
[82.188s][info][gc,phases,start] GC(317) Post Compact
[82.210s][info][gc,phases      ] GC(317) Post Compact 22.064ms
[82.210s][info][gc,heap        ] GC(317) PSYoungGen: 165574K(400896K)->165574K(400896K) Eden: 112128K(112128K)->112128K(112128K) From: 53446K(288768K)->53446K(288768K)
[82.210s][info][gc,heap        ] GC(317) ParOldGen: 8123497K(8123904K)->8123497K(8123904K)
[82.210s][info][gc,metaspace   ] GC(317) Metaspace: 6298K(6464K)->6298K(6464K) NonClass: 5765K(5824K)->5765K(5824K) Class: 533K(640K)->533K(640K)
[82.210s][info][gc             ] GC(317) Pause Full (Ergonomics) 8094M->8094M(8325M) 3120.869ms
[82.210s][info][gc,cpu         ] GC(317) User=19.48s Sys=0.02s Real=3.12s
[82.211s][info][gc,start       ] GC(318) Pause Full (Ergonomics)
[82.211s][info][gc,phases,start] GC(318) Marking Phase
[84.364s][info][gc,phases      ] GC(318) Marking Phase 2152.523ms
[84.364s][info][gc,phases,start] GC(318) Summary Phase
[84.364s][info][gc,phases      ] GC(318) Summary Phase 0.178ms
[84.364s][info][gc,phases,start] GC(318) Adjust Roots
[84.364s][info][gc,phases      ] GC(318) Adjust Roots 0.324ms
[84.364s][info][gc,phases,start] GC(318) Compaction Phase
[85.137s][info][gc,phases      ] GC(318) Compaction Phase 772.324ms
[85.137s][info][gc,phases,start] GC(318) Post Compact
[85.153s][info][gc,phases      ] GC(318) Post Compact 16.101ms
[85.153s][info][gc,heap        ] GC(318) PSYoungGen: 165574K(400896K)->165574K(400896K) Eden: 112128K(112128K)->112128K(112128K) From: 53446K(288768K)->53446K(288768K)
[85.153s][info][gc,heap        ] GC(318) ParOldGen: 8123501K(8123904K)->8123501K(8123904K)
[85.153s][info][gc,metaspace   ] GC(318) Metaspace: 6298K(6464K)->6298K(6464K) NonClass: 5765K(5824K)->5765K(5824K) Class: 533K(640K)->533K(640K)
[85.153s][info][gc             ] GC(318) Pause Full (Ergonomics) 8094M->8094M(8325M) 2941.959ms
[85.153s][info][gc,cpu         ] GC(318) User=19.62s Sys=0.05s Real=2.94s
[85.153s][info][gc,start       ] GC(319) Pause Full (Ergonomics)
[85.153s][info][gc,phases,start] GC(319) Marking Phase
[87.336s][info][gc,phases      ] GC(319) Marking Phase 2182.226ms
[87.336s][info][gc,phases,start] GC(319) Summary Phase
[87.336s][info][gc,phases      ] GC(319) Summary Phase 0.166ms
[87.336s][info][gc,phases,start] GC(319) Adjust Roots
[87.336s][info][gc,phases      ] GC(319) Adjust Roots 0.363ms
[87.336s][info][gc,phases,start] GC(319) Compaction Phase
[88.142s][info][gc,phases      ] GC(319) Compaction Phase 805.643ms
[88.142s][info][gc,phases,start] GC(319) Post Compact
[88.157s][info][gc,phases      ] GC(319) Post Compact 15.267ms
[88.157s][info][gc,heap        ] GC(319) PSYoungGen: 165574K(400896K)->165574K(400896K) Eden: 112128K(112128K)->112128K(112128K) From: 53446K(288768K)->53446K(288768K)
[88.157s][info][gc,heap        ] GC(319) ParOldGen: 8123506K(8123904K)->8123506K(8123904K)
[88.157s][info][gc,metaspace   ] GC(319) Metaspace: 6298K(6464K)->6298K(6464K) NonClass: 5765K(5824K)->5765K(5824K) Class: 533K(640K)->533K(640K)
[88.158s][info][gc             ] GC(319) Pause Full (Ergonomics) 8094M->8094M(8325M) 3004.165ms
[88.158s][info][gc,cpu         ] GC(319) User=19.83s Sys=0.02s Real=3.00s
[88.158s][info][gc,start       ] GC(320) Pause Full (Ergonomics)
[88.158s][info][gc,phases,start] GC(320) Marking Phase
[90.256s][info][gc,phases      ] GC(320) Marking Phase 2098.598ms
[90.257s][info][gc,phases,start] GC(320) Summary Phase
[90.257s][info][gc,phases      ] GC(320) Summary Phase 0.157ms
[90.257s][info][gc,phases,start] GC(320) Adjust Roots
[90.257s][info][gc,phases      ] GC(320) Adjust Roots 0.364ms
[90.257s][info][gc,phases,start] GC(320) Compaction Phase
[91.048s][info][gc,phases      ] GC(320) Compaction Phase 790.710ms
[91.048s][info][gc,phases,start] GC(320) Post Compact
[91.062s][info][gc,phases      ] GC(320) Post Compact 14.172ms
[91.062s][info][gc,heap        ] GC(320) PSYoungGen: 165574K(400896K)->165574K(400896K) Eden: 112128K(112128K)->112128K(112128K) From: 53446K(288768K)->53446K(288768K)
[91.062s][info][gc,heap        ] GC(320) ParOldGen: 8123511K(8123904K)->8123511K(8123904K)
[91.062s][info][gc,metaspace   ] GC(320) Metaspace: 6298K(6464K)->6298K(6464K) NonClass: 5765K(5824K)->5765K(5824K) Class: 533K(640K)->533K(640K)
[91.062s][info][gc             ] GC(320) Pause Full (Ergonomics) 8094M->8094M(8325M) 2904.508ms
[91.062s][info][gc,cpu         ] GC(320) User=19.83s Sys=0.06s Real=2.90s
[91.062s][info][gc,start       ] GC(321) Pause Full (Ergonomics)
[91.063s][info][gc,phases,start] GC(321) Marking Phase
[93.138s][info][gc,phases      ] GC(321) Marking Phase 2075.727ms
[93.138s][info][gc,phases,start] GC(321) Summary Phase
[93.139s][info][gc,phases      ] GC(321) Summary Phase 0.210ms
[93.139s][info][gc,phases,start] GC(321) Adjust Roots
[93.139s][info][gc,phases      ] GC(321) Adjust Roots 0.283ms
[93.139s][info][gc,phases,start] GC(321) Compaction Phase
[93.938s][info][gc,phases      ] GC(321) Compaction Phase 799.332ms
[93.938s][info][gc,phases,start] GC(321) Post Compact
[93.953s][info][gc,phases      ] GC(321) Post Compact 15.069ms
[93.954s][info][gc,heap        ] GC(321) PSYoungGen: 165574K(400896K)->165574K(400896K) Eden: 112128K(112128K)->112128K(112128K) From: 53446K(288768K)->53446K(288768K)
[93.954s][info][gc,heap        ] GC(321) ParOldGen: 8123516K(8123904K)->8123516K(8123904K)
[93.954s][info][gc,metaspace   ] GC(321) Metaspace: 6298K(6464K)->6298K(6464K) NonClass: 5765K(5824K)->5765K(5824K) Class: 533K(640K)->533K(640K)
[93.954s][info][gc             ] GC(321) Pause Full (Ergonomics) 8094M->8094M(8325M) 2891.088ms
[93.954s][info][gc,cpu         ] GC(321) User=19.91s Sys=0.06s Real=2.89s
[93.954s][info][gc,start       ] GC(322) Pause Full (Ergonomics)
[93.954s][info][gc,phases,start] GC(322) Marking Phase
[96.120s][info][gc,phases      ] GC(322) Marking Phase 2166.154ms
[96.120s][info][gc,phases,start] GC(322) Summary Phase
[96.120s][info][gc,phases      ] GC(322) Summary Phase 0.139ms
[96.120s][info][gc,phases,start] GC(322) Adjust Roots
[96.121s][info][gc,phases      ] GC(322) Adjust Roots 0.484ms
[96.121s][info][gc,phases,start] GC(322) Compaction Phase
[96.994s][info][gc,phases      ] GC(322) Compaction Phase 873.201ms
[96.994s][info][gc,phases,start] GC(322) Post Compact
[97.012s][info][gc,phases      ] GC(322) Post Compact 18.305ms
[97.013s][info][gc,heap        ] GC(322) PSYoungGen: 165574K(400896K)->165574K(400896K) Eden: 112128K(112128K)->112128K(112128K) From: 53446K(288768K)->53446K(288768K)
[97.013s][info][gc,heap        ] GC(322) ParOldGen: 8123521K(8123904K)->8123521K(8123904K)
[97.013s][info][gc,metaspace   ] GC(322) Metaspace: 6298K(6464K)->6298K(6464K) NonClass: 5765K(5824K)->5765K(5824K) Class: 533K(640K)->533K(640K)
[97.013s][info][gc             ] GC(322) Pause Full (Ergonomics) 8094M->8094M(8325M) 3058.792ms
[97.013s][info][gc,cpu         ] GC(322) User=19.45s Sys=0.05s Real=3.06s
[97.013s][info][gc,start       ] GC(323) Pause Full (Ergonomics)
[97.013s][info][gc,phases,start] GC(323) Marking Phase
[99.068s][info][gc,phases      ] GC(323) Marking Phase 2055.589ms
[99.069s][info][gc,phases,start] GC(323) Summary Phase
[99.069s][info][gc,phases      ] GC(323) Summary Phase 0.180ms
[99.069s][info][gc,phases,start] GC(323) Adjust Roots
[99.069s][info][gc,phases      ] GC(323) Adjust Roots 0.391ms
[99.069s][info][gc,phases,start] GC(323) Compaction Phase
[99.883s][info][gc,phases      ] GC(323) Compaction Phase 814.248ms
[99.883s][info][gc,phases,start] GC(323) Post Compact
[99.900s][info][gc,phases      ] GC(323) Post Compact 16.754ms
[99.900s][info][gc,heap        ] GC(323) PSYoungGen: 165574K(400896K)->165574K(400896K) Eden: 112128K(112128K)->112128K(112128K) From: 53446K(288768K)->53446K(288768K)
[99.900s][info][gc,heap        ] GC(323) ParOldGen: 8123526K(8123904K)->8123526K(8123904K)
[99.900s][info][gc,metaspace   ] GC(323) Metaspace: 6298K(6464K)->6298K(6464K) NonClass: 5765K(5824K)->5765K(5824K) Class: 533K(640K)->533K(640K)
[99.900s][info][gc             ] GC(323) Pause Full (Ergonomics) 8094M->8094M(8325M) 2887.628ms
[99.900s][info][gc,cpu         ] GC(323) User=19.67s Sys=0.03s Real=2.89s
[99.901s][info][gc,start       ] GC(324) Pause Full (Ergonomics)
[99.901s][info][gc,phases,start] GC(324) Marking Phase
[102.047s][info][gc,phases      ] GC(324) Marking Phase 2145.930ms
[102.047s][info][gc,phases,start] GC(324) Summary Phase
[102.047s][info][gc,phases      ] GC(324) Summary Phase 0.134ms
[102.047s][info][gc,phases,start] GC(324) Adjust Roots
[102.047s][info][gc,phases      ] GC(324) Adjust Roots 0.336ms
[102.047s][info][gc,phases,start] GC(324) Compaction Phase
[102.860s][info][gc,phases      ] GC(324) Compaction Phase 812.580ms
[102.860s][info][gc,phases,start] GC(324) Post Compact
[102.877s][info][gc,phases      ] GC(324) Post Compact 17.452ms
[102.877s][info][gc,heap        ] GC(324) PSYoungGen: 165574K(400896K)->165574K(400896K) Eden: 112128K(112128K)->112128K(112128K) From: 53446K(288768K)->53446K(288768K)
[102.878s][info][gc,heap        ] GC(324) ParOldGen: 8123530K(8123904K)->8123530K(8123904K)
[102.878s][info][gc,metaspace   ] GC(324) Metaspace: 6298K(6464K)->6298K(6464K) NonClass: 5765K(5824K)->5765K(5824K) Class: 533K(640K)->533K(640K)
[102.878s][info][gc             ] GC(324) Pause Full (Ergonomics) 8094M->8094M(8325M) 2976.872ms
[102.878s][info][gc,cpu         ] GC(324) User=19.48s Sys=0.02s Real=2.98s
[102.878s][info][gc,start       ] GC(325) Pause Full (Ergonomics)
[102.878s][info][gc,phases,start] GC(325) Marking Phase
[105.048s][info][gc,phases      ] GC(325) Marking Phase 2170.260ms
[105.048s][info][gc,phases,start] GC(325) Summary Phase
[105.048s][info][gc,phases      ] GC(325) Summary Phase 0.207ms
[105.048s][info][gc,phases,start] GC(325) Adjust Roots
[105.049s][info][gc,phases      ] GC(325) Adjust Roots 0.295ms
[105.049s][info][gc,phases,start] GC(325) Compaction Phase
[105.938s][info][gc,phases      ] GC(325) Compaction Phase 889.198ms
[105.938s][info][gc,phases,start] GC(325) Post Compact
[105.955s][info][gc,phases      ] GC(325) Post Compact 16.576ms
[105.955s][info][gc,heap        ] GC(325) PSYoungGen: 165574K(400896K)->165574K(400896K) Eden: 112128K(112128K)->112128K(112128K) From: 53446K(288768K)->53446K(288768K)
[105.955s][info][gc,heap        ] GC(325) ParOldGen: 8123535K(8123904K)->8123535K(8123904K)
[105.955s][info][gc,metaspace   ] GC(325) Metaspace: 6298K(6464K)->6298K(6464K) NonClass: 5765K(5824K)->5765K(5824K) Class: 533K(640K)->533K(640K)
[105.955s][info][gc             ] GC(325) Pause Full (Ergonomics) 8094M->8094M(8325M) 3077.014ms
[105.955s][info][gc,cpu         ] GC(325) User=19.11s Sys=0.02s Real=3.08s
[105.955s][info][gc,start       ] GC(326) Pause Full (Ergonomics)
[105.955s][info][gc,phases,start] GC(326) Marking Phase
[108.089s][info][gc,phases      ] GC(326) Marking Phase 2134.231ms
[108.089s][info][gc,phases,start] GC(326) Summary Phase
[108.090s][info][gc,phases      ] GC(326) Summary Phase 0.131ms
[108.090s][info][gc,phases,start] GC(326) Adjust Roots
[108.090s][info][gc,phases      ] GC(326) Adjust Roots 0.411ms
[108.090s][info][gc,phases,start] GC(326) Compaction Phase
[108.931s][info][gc,phases      ] GC(326) Compaction Phase 840.745ms
[108.931s][info][gc,phases,start] GC(326) Post Compact
[108.947s][info][gc,phases      ] GC(326) Post Compact 16.560ms
[108.948s][info][gc,heap        ] GC(326) PSYoungGen: 165574K(400896K)->165574K(400896K) Eden: 112128K(112128K)->112128K(112128K) From: 53446K(288768K)->53446K(288768K)
[108.948s][info][gc,heap        ] GC(326) ParOldGen: 8123540K(8123904K)->8123540K(8123904K)
[108.948s][info][gc,metaspace   ] GC(326) Metaspace: 6298K(6464K)->6298K(6464K) NonClass: 5765K(5824K)->5765K(5824K) Class: 533K(640K)->533K(640K)
[108.948s][info][gc             ] GC(326) Pause Full (Ergonomics) 8094M->8094M(8325M) 2992.574ms
[108.948s][info][gc,cpu         ] GC(326) User=19.80s Sys=0.02s Real=2.99s
[108.948s][info][gc,start       ] GC(327) Pause Full (Ergonomics)
[108.948s][info][gc,phases,start] GC(327) Marking Phase
[111.043s][info][gc,phases      ] GC(327) Marking Phase 2094.636ms
[111.043s][info][gc,phases,start] GC(327) Summary Phase
[111.043s][info][gc,phases      ] GC(327) Summary Phase 0.159ms
[111.043s][info][gc,phases,start] GC(327) Adjust Roots
[111.043s][info][gc,phases      ] GC(327) Adjust Roots 0.406ms
[111.043s][info][gc,phases,start] GC(327) Compaction Phase
[111.843s][info][gc,phases      ] GC(327) Compaction Phase 799.874ms
[111.843s][info][gc,phases,start] GC(327) Post Compact
[111.858s][info][gc,phases      ] GC(327) Post Compact 14.878ms
[111.858s][info][gc,heap        ] GC(327) PSYoungGen: 165574K(400896K)->165574K(400896K) Eden: 112128K(112128K)->112128K(112128K) From: 53446K(288768K)->53446K(288768K)
[111.858s][info][gc,heap        ] GC(327) ParOldGen: 8123545K(8123904K)->8123545K(8123904K)
[111.858s][info][gc,metaspace   ] GC(327) Metaspace: 6298K(6464K)->6298K(6464K) NonClass: 5765K(5824K)->5765K(5824K) Class: 533K(640K)->533K(640K)
[111.858s][info][gc             ] GC(327) Pause Full (Ergonomics) 8094M->8094M(8325M) 2910.411ms
[111.858s][info][gc,cpu         ] GC(327) User=19.41s Sys=0.03s Real=2.91s
[111.859s][info][gc,start       ] GC(328) Pause Full (Ergonomics)
[111.859s][info][gc,phases,start] GC(328) Marking Phase
[113.949s][info][gc,phases      ] GC(328) Marking Phase 2090.208ms
[113.949s][info][gc,phases,start] GC(328) Summary Phase
[113.949s][info][gc,phases      ] GC(328) Summary Phase 0.156ms
[113.949s][info][gc,phases,start] GC(328) Adjust Roots
[113.949s][info][gc,phases      ] GC(328) Adjust Roots 0.396ms
[113.950s][info][gc,phases,start] GC(328) Compaction Phase
[114.723s][info][gc,phases      ] GC(328) Compaction Phase 773.245ms
[114.723s][info][gc,phases,start] GC(328) Post Compact
[114.736s][info][gc,phases      ] GC(328) Post Compact 13.461ms
[114.737s][info][gc,heap        ] GC(328) PSYoungGen: 165574K(400896K)->165574K(400896K) Eden: 112128K(112128K)->112128K(112128K) From: 53446K(288768K)->53446K(288768K)
[114.737s][info][gc,heap        ] GC(328) ParOldGen: 8123550K(8123904K)->8123550K(8123904K)
[114.737s][info][gc,metaspace   ] GC(328) Metaspace: 6298K(6464K)->6298K(6464K) NonClass: 5765K(5824K)->5765K(5824K) Class: 533K(640K)->533K(640K)
[114.737s][info][gc             ] GC(328) Pause Full (Ergonomics) 8094M->8094M(8325M) 2878.060ms
[114.737s][info][gc,cpu         ] GC(328) User=20.08s Sys=0.02s Real=2.88s
[114.737s][info][gc,start       ] GC(329) Pause Full (Ergonomics)
[114.737s][info][gc,phases,start] GC(329) Marking Phase
[116.801s][info][gc,phases      ] GC(329) Marking Phase 2063.975ms
[116.801s][info][gc,phases,start] GC(329) Summary Phase
[116.801s][info][gc,phases      ] GC(329) Summary Phase 0.124ms
[116.801s][info][gc,phases,start] GC(329) Adjust Roots
[116.801s][info][gc,phases      ] GC(329) Adjust Roots 0.283ms
[116.801s][info][gc,phases,start] GC(329) Compaction Phase
[117.540s][info][gc,phases      ] GC(329) Compaction Phase 738.912ms
[117.540s][info][gc,phases,start] GC(329) Post Compact
[117.555s][info][gc,phases      ] GC(329) Post Compact 14.401ms
[117.555s][info][gc,heap        ] GC(329) PSYoungGen: 165574K(400896K)->165574K(400896K) Eden: 112128K(112128K)->112128K(112128K) From: 53446K(288768K)->53446K(288768K)
[117.555s][info][gc,heap        ] GC(329) ParOldGen: 8123555K(8123904K)->8123555K(8123904K)
[117.555s][info][gc,metaspace   ] GC(329) Metaspace: 6298K(6464K)->6298K(6464K) NonClass: 5765K(5824K)->5765K(5824K) Class: 533K(640K)->533K(640K)
[117.555s][info][gc             ] GC(329) Pause Full (Ergonomics) 8094M->8094M(8325M) 2818.097ms
[117.555s][info][gc,cpu         ] GC(329) User=19.27s Sys=0.02s Real=2.82s
[117.555s][info][gc,start       ] GC(330) Pause Full (Ergonomics)
[117.555s][info][gc,phases,start] GC(330) Marking Phase
[119.580s][info][gc,phases      ] GC(330) Marking Phase 2025.035ms
[119.580s][info][gc,phases,start] GC(330) Summary Phase
[119.581s][info][gc,phases      ] GC(330) Summary Phase 0.187ms
[119.581s][info][gc,phases,start] GC(330) Adjust Roots
[119.581s][info][gc,phases      ] GC(330) Adjust Roots 0.376ms
[119.581s][info][gc,phases,start] GC(330) Compaction Phase
[120.337s][info][gc,phases      ] GC(330) Compaction Phase 756.070ms
[120.337s][info][gc,phases,start] GC(330) Post Compact
[120.351s][info][gc,phases      ] GC(330) Post Compact 13.423ms
[120.351s][info][gc,heap        ] GC(330) PSYoungGen: 165574K(400896K)->165574K(400896K) Eden: 112128K(112128K)->112128K(112128K) From: 53446K(288768K)->53446K(288768K)
[120.351s][info][gc,heap        ] GC(330) ParOldGen: 8123559K(8123904K)->8123559K(8123904K)
[120.351s][info][gc,metaspace   ] GC(330) Metaspace: 6298K(6464K)->6298K(6464K) NonClass: 5765K(5824K)->5765K(5824K) Class: 533K(640K)->533K(640K)
[120.351s][info][gc             ] GC(330) Pause Full (Ergonomics) 8094M->8094M(8325M) 2795.530ms
[120.351s][info][gc,cpu         ] GC(330) User=19.55s Sys=0.02s Real=2.80s
[120.351s][info][gc,start       ] GC(331) Pause Full (Ergonomics)
[120.351s][info][gc,phases,start] GC(331) Marking Phase
[122.401s][info][gc,phases      ] GC(331) Marking Phase 2049.581ms
[122.401s][info][gc,phases,start] GC(331) Summary Phase
[122.401s][info][gc,phases      ] GC(331) Summary Phase 0.084ms
[122.401s][info][gc,phases,start] GC(331) Adjust Roots
[122.401s][info][gc,phases      ] GC(331) Adjust Roots 0.179ms
[122.401s][info][gc,phases,start] GC(331) Compaction Phase
[123.086s][info][gc,phases      ] GC(331) Compaction Phase 685.246ms
[123.086s][info][gc,phases,start] GC(331) Post Compact
[123.098s][info][gc,phases      ] GC(331) Post Compact 12.147ms
[123.099s][info][gc,heap        ] GC(331) PSYoungGen: 165574K(400896K)->165574K(400896K) Eden: 112128K(112128K)->112128K(112128K) From: 53446K(288768K)->53446K(288768K)
[123.099s][info][gc,heap        ] GC(331) ParOldGen: 8123564K(8123904K)->8123564K(8123904K)
[123.099s][info][gc,metaspace   ] GC(331) Metaspace: 6298K(6464K)->6298K(6464K) NonClass: 5765K(5824K)->5765K(5824K) Class: 533K(640K)->533K(640K)
[123.099s][info][gc             ] GC(331) Pause Full (Ergonomics) 8094M->8094M(8325M) 2747.588ms
[123.099s][info][gc,cpu         ] GC(331) User=19.34s Sys=0.02s Real=2.75s
[123.099s][info][gc,start       ] GC(332) Pause Full (Ergonomics)
[123.099s][info][gc,phases,start] GC(332) Marking Phase
[125.059s][info][gc,phases      ] GC(332) Marking Phase 1960.171ms
[125.059s][info][gc,phases,start] GC(332) Summary Phase
[125.059s][info][gc,phases      ] GC(332) Summary Phase 0.156ms
[125.059s][info][gc,phases,start] GC(332) Adjust Roots
[125.060s][info][gc,phases      ] GC(332) Adjust Roots 0.437ms
[125.060s][info][gc,phases,start] GC(332) Compaction Phase
[125.828s][info][gc,phases      ] GC(332) Compaction Phase 768.323ms
[125.828s][info][gc,phases,start] GC(332) Post Compact
[125.842s][info][gc,phases      ] GC(332) Post Compact 14.165ms
[125.842s][info][gc,heap        ] GC(332) PSYoungGen: 165574K(400896K)->165574K(400896K) Eden: 112128K(112128K)->112128K(112128K) From: 53446K(288768K)->53446K(288768K)
[125.843s][info][gc,heap        ] GC(332) ParOldGen: 8123569K(8123904K)->8123569K(8123904K)
[125.843s][info][gc,metaspace   ] GC(332) Metaspace: 6298K(6464K)->6298K(6464K) NonClass: 5765K(5824K)->5765K(5824K) Class: 533K(640K)->533K(640K)
[125.843s][info][gc             ] GC(332) Pause Full (Ergonomics) 8094M->8094M(8325M) 2743.703ms
[125.843s][info][gc,cpu         ] GC(332) User=19.48s Sys=0.00s Real=2.74s
[125.843s][info][gc,start       ] GC(333) Pause Full (Ergonomics)
[125.843s][info][gc,phases,start] GC(333) Marking Phase
[127.985s][info][gc,phases      ] GC(333) Marking Phase 2142.237ms
[127.985s][info][gc,phases,start] GC(333) Summary Phase
[127.985s][info][gc,phases      ] GC(333) Summary Phase 0.145ms
[127.985s][info][gc,phases,start] GC(333) Adjust Roots
[127.986s][info][gc,phases      ] GC(333) Adjust Roots 0.329ms
[127.986s][info][gc,phases,start] GC(333) Compaction Phase
[128.726s][info][gc,phases      ] GC(333) Compaction Phase 740.597ms
[128.726s][info][gc,phases,start] GC(333) Post Compact
[128.740s][info][gc,phases      ] GC(333) Post Compact 13.327ms
[128.740s][info][gc,heap        ] GC(333) PSYoungGen: 165574K(400896K)->165574K(400896K) Eden: 112128K(112128K)->112128K(112128K) From: 53446K(288768K)->53446K(288768K)
[128.740s][info][gc,heap        ] GC(333) ParOldGen: 8123574K(8123904K)->8123574K(8123904K)
[128.740s][info][gc,metaspace   ] GC(333) Metaspace: 6298K(6464K)->6298K(6464K) NonClass: 5765K(5824K)->5765K(5824K) Class: 533K(640K)->533K(640K)
[128.740s][info][gc             ] GC(333) Pause Full (Ergonomics) 8094M->8094M(8325M) 2897.232ms
[128.740s][info][gc,cpu         ] GC(333) User=18.72s Sys=0.06s Real=2.90s
[128.740s][info][gc,start       ] GC(334) Pause Full (Ergonomics)
[128.740s][info][gc,phases,start] GC(334) Marking Phase
[130.721s][info][gc,phases      ] GC(334) Marking Phase 1980.534ms
[130.721s][info][gc,phases,start] GC(334) Summary Phase
[130.721s][info][gc,phases      ] GC(334) Summary Phase 0.090ms
[130.721s][info][gc,phases,start] GC(334) Adjust Roots
[130.721s][info][gc,phases      ] GC(334) Adjust Roots 0.216ms
[130.721s][info][gc,phases,start] GC(334) Compaction Phase
[131.428s][info][gc,phases      ] GC(334) Compaction Phase 706.900ms
[131.428s][info][gc,phases,start] GC(334) Post Compact
[131.443s][info][gc,phases      ] GC(334) Post Compact 14.758ms
[131.443s][info][gc,heap        ] GC(334) PSYoungGen: 165574K(400896K)->165574K(400896K) Eden: 112128K(112128K)->112128K(112128K) From: 53446K(288768K)->53446K(288768K)
[131.443s][info][gc,heap        ] GC(334) ParOldGen: 8123579K(8123904K)->8123579K(8123904K)
[131.443s][info][gc,metaspace   ] GC(334) Metaspace: 6298K(6464K)->6298K(6464K) NonClass: 5765K(5824K)->5765K(5824K) Class: 533K(640K)->533K(640K)
[131.443s][info][gc             ] GC(334) Pause Full (Ergonomics) 8094M->8094M(8325M) 2702.887ms
[131.443s][info][gc,cpu         ] GC(334) User=19.12s Sys=0.00s Real=2.70s
[131.443s][info][gc,start       ] GC(335) Pause Full (Ergonomics)
[131.443s][info][gc,phases,start] GC(335) Marking Phase
[133.397s][info][gc,phases      ] GC(335) Marking Phase 1953.610ms
[133.397s][info][gc,phases,start] GC(335) Summary Phase
[133.397s][info][gc,phases      ] GC(335) Summary Phase 0.132ms
[133.397s][info][gc,phases,start] GC(335) Adjust Roots
[133.397s][info][gc,phases      ] GC(335) Adjust Roots 0.215ms
[133.397s][info][gc,phases,start] GC(335) Compaction Phase
[134.138s][info][gc,phases      ] GC(335) Compaction Phase 740.532ms
[134.138s][info][gc,phases,start] GC(335) Post Compact
[134.155s][info][gc,phases      ] GC(335) Post Compact 16.399ms
[134.155s][info][gc,heap        ] GC(335) PSYoungGen: 165574K(400896K)->165574K(400896K) Eden: 112128K(112128K)->112128K(112128K) From: 53446K(288768K)->53446K(288768K)
[134.155s][info][gc,heap        ] GC(335) ParOldGen: 8123584K(8123904K)->8123584K(8123904K)
[134.155s][info][gc,metaspace   ] GC(335) Metaspace: 6298K(6464K)->6298K(6464K) NonClass: 5765K(5824K)->5765K(5824K) Class: 533K(640K)->533K(640K)
[134.155s][info][gc             ] GC(335) Pause Full (Ergonomics) 8094M->8094M(8325M) 2711.292ms
[134.155s][info][gc,cpu         ] GC(335) User=18.91s Sys=0.00s Real=2.71s
[134.155s][info][gc,start       ] GC(336) Pause Full (Ergonomics)
[134.155s][info][gc,phases,start] GC(336) Marking Phase
[136.274s][info][gc,phases      ] GC(336) Marking Phase 2119.151ms
[136.274s][info][gc,phases,start] GC(336) Summary Phase
[136.275s][info][gc,phases      ] GC(336) Summary Phase 0.189ms
[136.275s][info][gc,phases,start] GC(336) Adjust Roots
[136.275s][info][gc,phases      ] GC(336) Adjust Roots 0.531ms
[136.275s][info][gc,phases,start] GC(336) Compaction Phase
[137.083s][info][gc,phases      ] GC(336) Compaction Phase 807.330ms
[137.083s][info][gc,phases,start] GC(336) Post Compact
[137.098s][info][gc,phases      ] GC(336) Post Compact 15.404ms
[137.098s][info][gc,heap        ] GC(336) PSYoungGen: 165574K(400896K)->165574K(400896K) Eden: 112128K(112128K)->112128K(112128K) From: 53446K(288768K)->53446K(288768K)
[137.098s][info][gc,heap        ] GC(336) ParOldGen: 8123588K(8123904K)->8123588K(8123904K)
[137.098s][info][gc,metaspace   ] GC(336) Metaspace: 6298K(6464K)->6298K(6464K) NonClass: 5765K(5824K)->5765K(5824K) Class: 533K(640K)->533K(640K)
[137.098s][info][gc             ] GC(336) Pause Full (Ergonomics) 8094M->8094M(8325M) 2943.131ms
[137.098s][info][gc,cpu         ] GC(336) User=19.19s Sys=0.03s Real=2.94s
[137.098s][info][gc,start       ] GC(337) Pause Full (Ergonomics)
[137.098s][info][gc,phases,start] GC(337) Marking Phase
[139.145s][info][gc,phases      ] GC(337) Marking Phase 2046.897ms
[139.145s][info][gc,phases,start] GC(337) Summary Phase
[139.146s][info][gc,phases      ] GC(337) Summary Phase 0.162ms
[139.146s][info][gc,phases,start] GC(337) Adjust Roots
[139.146s][info][gc,phases      ] GC(337) Adjust Roots 0.313ms
[139.146s][info][gc,phases,start] GC(337) Compaction Phase
[139.916s][info][gc,phases      ] GC(337) Compaction Phase 769.808ms
[139.916s][info][gc,phases,start] GC(337) Post Compact
[139.935s][info][gc,phases      ] GC(337) Post Compact 19.273ms
[139.935s][info][gc,heap        ] GC(337) PSYoungGen: 165574K(400896K)->165574K(400896K) Eden: 112128K(112128K)->112128K(112128K) From: 53446K(288768K)->53446K(288768K)
[139.935s][info][gc,heap        ] GC(337) ParOldGen: 8123593K(8123904K)->8123593K(8123904K)
[139.935s][info][gc,metaspace   ] GC(337) Metaspace: 6298K(6464K)->6298K(6464K) NonClass: 5765K(5824K)->5765K(5824K) Class: 533K(640K)->533K(640K)
[139.935s][info][gc             ] GC(337) Pause Full (Ergonomics) 8094M->8094M(8325M) 2837.068ms
[139.935s][info][gc,cpu         ] GC(337) User=19.00s Sys=0.00s Real=2.84s
[139.936s][info][gc,start       ] GC(338) Pause Full (Ergonomics)
[139.936s][info][gc,phases,start] GC(338) Marking Phase
[142.051s][info][gc,phases      ] GC(338) Marking Phase 2115.175ms
[142.051s][info][gc,phases,start] GC(338) Summary Phase
[142.051s][info][gc,phases      ] GC(338) Summary Phase 0.135ms
[142.051s][info][gc,phases,start] GC(338) Adjust Roots
[142.052s][info][gc,phases      ] GC(338) Adjust Roots 0.310ms
[142.052s][info][gc,phases,start] GC(338) Compaction Phase
[142.843s][info][gc,phases      ] GC(338) Compaction Phase 791.367ms
[142.843s][info][gc,phases,start] GC(338) Post Compact
[142.859s][info][gc,phases      ] GC(338) Post Compact 15.841ms
[142.859s][info][gc,heap        ] GC(338) PSYoungGen: 165574K(400896K)->165574K(400896K) Eden: 112128K(112128K)->112128K(112128K) From: 53446K(288768K)->53446K(288768K)
[142.859s][info][gc,heap        ] GC(338) ParOldGen: 8123598K(8123904K)->8123598K(8123904K)
[142.859s][info][gc,metaspace   ] GC(338) Metaspace: 6298K(6464K)->6298K(6464K) NonClass: 5765K(5824K)->5765K(5824K) Class: 533K(640K)->533K(640K)
[142.859s][info][gc             ] GC(338) Pause Full (Ergonomics) 8094M->8094M(8325M) 2923.325ms
[142.859s][info][gc,cpu         ] GC(338) User=18.42s Sys=0.02s Real=2.92s
[142.860s][info][gc,start       ] GC(339) Pause Full (Ergonomics)
[142.860s][info][gc,phases,start] GC(339) Marking Phase
[144.989s][info][gc,phases      ] GC(339) Marking Phase 2129.219ms
[144.989s][info][gc,phases,start] GC(339) Summary Phase
[144.989s][info][gc,phases      ] GC(339) Summary Phase 0.111ms
[144.989s][info][gc,phases,start] GC(339) Adjust Roots
[144.989s][info][gc,phases      ] GC(339) Adjust Roots 0.314ms
[144.989s][info][gc,phases,start] GC(339) Compaction Phase
[145.800s][info][gc,phases      ] GC(339) Compaction Phase 810.126ms
[145.800s][info][gc,phases,start] GC(339) Post Compact
[145.816s][info][gc,phases      ] GC(339) Post Compact 16.141ms
[145.816s][info][gc,heap        ] GC(339) PSYoungGen: 165574K(400896K)->165574K(400896K) Eden: 112128K(112128K)->112128K(112128K) From: 53446K(288768K)->53446K(288768K)
[145.816s][info][gc,heap        ] GC(339) ParOldGen: 8123603K(8123904K)->8123603K(8123904K)
[145.816s][info][gc,metaspace   ] GC(339) Metaspace: 6298K(6464K)->6298K(6464K) NonClass: 5765K(5824K)->5765K(5824K) Class: 533K(640K)->533K(640K)
[145.816s][info][gc             ] GC(339) Pause Full (Ergonomics) 8094M->8094M(8325M) 2956.359ms
[145.816s][info][gc,cpu         ] GC(339) User=19.02s Sys=0.02s Real=2.96s
[145.816s][info][gc,start       ] GC(340) Pause Full (Ergonomics)
[145.816s][info][gc,phases,start] GC(340) Marking Phase
[147.751s][info][gc,phases      ] GC(340) Marking Phase 1934.765ms
[147.751s][info][gc,phases,start] GC(340) Summary Phase
[147.751s][info][gc,phases      ] GC(340) Summary Phase 0.140ms
[147.751s][info][gc,phases,start] GC(340) Adjust Roots
[147.752s][info][gc,phases      ] GC(340) Adjust Roots 0.355ms
[147.752s][info][gc,phases,start] GC(340) Compaction Phase
[148.439s][info][gc,phases      ] GC(340) Compaction Phase 687.827ms
[148.439s][info][gc,phases,start] GC(340) Post Compact
[148.453s][info][gc,phases      ] GC(340) Post Compact 13.201ms
[148.453s][info][gc,heap        ] GC(340) PSYoungGen: 165574K(400896K)->165574K(400896K) Eden: 112128K(112128K)->112128K(112128K) From: 53446K(288768K)->53446K(288768K)
[148.453s][info][gc,heap        ] GC(340) ParOldGen: 8123608K(8123904K)->8123608K(8123904K)
[148.453s][info][gc,metaspace   ] GC(340) Metaspace: 6298K(6464K)->6298K(6464K) NonClass: 5765K(5824K)->5765K(5824K) Class: 533K(640K)->533K(640K)
[148.453s][info][gc             ] GC(340) Pause Full (Ergonomics) 8094M->8094M(8325M) 2636.709ms
[148.453s][info][gc,cpu         ] GC(340) User=18.80s Sys=0.05s Real=2.64s
[148.453s][info][gc,start       ] GC(341) Pause Full (Ergonomics)
[148.453s][info][gc,phases,start] GC(341) Marking Phase
[150.362s][info][gc,phases      ] GC(341) Marking Phase 1908.766ms
[150.362s][info][gc,phases,start] GC(341) Summary Phase
[150.362s][info][gc,phases      ] GC(341) Summary Phase 0.128ms
[150.362s][info][gc,phases,start] GC(341) Adjust Roots
[150.362s][info][gc,phases      ] GC(341) Adjust Roots 0.321ms
[150.362s][info][gc,phases,start] GC(341) Compaction Phase
[151.249s][info][gc,phases      ] GC(341) Compaction Phase 886.764ms
[151.249s][info][gc,phases,start] GC(341) Post Compact
[151.265s][info][gc,phases      ] GC(341) Post Compact 15.263ms
[151.265s][info][gc,heap        ] GC(341) PSYoungGen: 165574K(400896K)->165574K(400896K) Eden: 112128K(112128K)->112128K(112128K) From: 53446K(288768K)->53446K(288768K)
[151.265s][info][gc,heap        ] GC(341) ParOldGen: 8123613K(8123904K)->8123613K(8123904K)
[151.265s][info][gc,metaspace   ] GC(341) Metaspace: 6298K(6464K)->6298K(6464K) NonClass: 5765K(5824K)->5765K(5824K) Class: 533K(640K)->533K(640K)
[151.265s][info][gc             ] GC(341) Pause Full (Ergonomics) 8094M->8094M(8325M) 2811.626ms
[151.265s][info][gc,cpu         ] GC(341) User=19.42s Sys=0.03s Real=2.81s
[151.265s][info][gc,start       ] GC(342) Pause Full (Ergonomics)
[151.265s][info][gc,phases,start] GC(342) Marking Phase
[153.276s][info][gc,phases      ] GC(342) Marking Phase 2011.573ms
[153.277s][info][gc,phases,start] GC(342) Summary Phase
[153.277s][info][gc,phases      ] GC(342) Summary Phase 0.132ms
[153.277s][info][gc,phases,start] GC(342) Adjust Roots
[153.277s][info][gc,phases      ] GC(342) Adjust Roots 0.370ms
[153.277s][info][gc,phases,start] GC(342) Compaction Phase
[153.984s][info][gc,phases      ] GC(342) Compaction Phase 706.618ms
[153.984s][info][gc,phases,start] GC(342) Post Compact
[153.999s][info][gc,phases      ] GC(342) Post Compact 14.943ms
[153.999s][info][gc,heap        ] GC(342) PSYoungGen: 165574K(400896K)->165574K(400896K) Eden: 112128K(112128K)->112128K(112128K) From: 53446K(288768K)->53446K(288768K)
[153.999s][info][gc,heap        ] GC(342) ParOldGen: 8123617K(8123904K)->8123617K(8123904K)
[153.999s][info][gc,metaspace   ] GC(342) Metaspace: 6298K(6464K)->6298K(6464K) NonClass: 5765K(5824K)->5765K(5824K) Class: 533K(640K)->533K(640K)
[153.999s][info][gc             ] GC(342) Pause Full (Ergonomics) 8094M->8094M(8325M) 2734.039ms
[153.999s][info][gc,cpu         ] GC(342) User=18.56s Sys=0.02s Real=2.73s
[153.999s][info][gc,start       ] GC(343) Pause Full (Ergonomics)
[153.999s][info][gc,phases,start] GC(343) Marking Phase
[155.928s][info][gc,phases      ] GC(343) Marking Phase 1928.522ms
[155.928s][info][gc,phases,start] GC(343) Summary Phase
[155.928s][info][gc,phases      ] GC(343) Summary Phase 0.113ms
[155.928s][info][gc,phases,start] GC(343) Adjust Roots
[155.928s][info][gc,phases      ] GC(343) Adjust Roots 0.238ms
[155.928s][info][gc,phases,start] GC(343) Compaction Phase
[156.652s][info][gc,phases      ] GC(343) Compaction Phase 723.379ms
[156.652s][info][gc,phases,start] GC(343) Post Compact
[156.669s][info][gc,phases      ] GC(343) Post Compact 17.661ms
[156.669s][info][gc,heap        ] GC(343) PSYoungGen: 165574K(400896K)->165574K(400896K) Eden: 112128K(112128K)->112128K(112128K) From: 53446K(288768K)->53446K(288768K)
[156.669s][info][gc,heap        ] GC(343) ParOldGen: 8123622K(8123904K)->8123622K(8123904K)
[156.669s][info][gc,metaspace   ] GC(343) Metaspace: 6298K(6464K)->6298K(6464K) NonClass: 5765K(5824K)->5765K(5824K) Class: 533K(640K)->533K(640K)
[156.670s][info][gc             ] GC(343) Pause Full (Ergonomics) 8094M->8094M(8325M) 2670.379ms
[156.670s][info][gc,cpu         ] GC(343) User=18.50s Sys=0.00s Real=2.67s
[156.670s][info][gc,start       ] GC(344) Pause Full (Ergonomics)
[156.670s][info][gc,phases,start] GC(344) Marking Phase
[158.688s][info][gc,phases      ] GC(344) Marking Phase 2018.649ms
[158.689s][info][gc,phases,start] GC(344) Summary Phase
[158.689s][info][gc,phases      ] GC(344) Summary Phase 0.162ms
[158.689s][info][gc,phases,start] GC(344) Adjust Roots
[158.689s][info][gc,phases      ] GC(344) Adjust Roots 0.449ms
[158.689s][info][gc,phases,start] GC(344) Compaction Phase
[159.442s][info][gc,phases      ] GC(344) Compaction Phase 752.591ms
[159.442s][info][gc,phases,start] GC(344) Post Compact
[159.457s][info][gc,phases      ] GC(344) Post Compact 14.994ms
[159.457s][info][gc,heap        ] GC(344) PSYoungGen: 165574K(400896K)->165574K(400896K) Eden: 112128K(112128K)->112128K(112128K) From: 53446K(288768K)->53446K(288768K)
[159.457s][info][gc,heap        ] GC(344) ParOldGen: 8123627K(8123904K)->8123627K(8123904K)
[159.457s][info][gc,metaspace   ] GC(344) Metaspace: 6298K(6464K)->6298K(6464K) NonClass: 5765K(5824K)->5765K(5824K) Class: 533K(640K)->533K(640K)
[159.457s][info][gc             ] GC(344) Pause Full (Ergonomics) 8094M->8094M(8325M) 2787.329ms
[159.457s][info][gc,cpu         ] GC(344) User=18.52s Sys=0.03s Real=2.79s
[159.457s][info][gc,start       ] GC(345) Pause Full (Ergonomics)
[159.457s][info][gc,phases,start] GC(345) Marking Phase
[161.483s][info][gc,phases      ] GC(345) Marking Phase 2026.070ms
[161.483s][info][gc,phases,start] GC(345) Summary Phase
[161.484s][info][gc,phases      ] GC(345) Summary Phase 0.133ms
[161.484s][info][gc,phases,start] GC(345) Adjust Roots
[161.484s][info][gc,phases      ] GC(345) Adjust Roots 0.270ms
[161.484s][info][gc,phases,start] GC(345) Compaction Phase
[162.189s][info][gc,phases      ] GC(345) Compaction Phase 705.197ms
[162.189s][info][gc,phases,start] GC(345) Post Compact
[162.205s][info][gc,phases      ] GC(345) Post Compact 15.509ms
[162.205s][info][gc,heap        ] GC(345) PSYoungGen: 165574K(400896K)->165574K(400896K) Eden: 112128K(112128K)->112128K(112128K) From: 53446K(288768K)->53446K(288768K)
[162.205s][info][gc,heap        ] GC(345) ParOldGen: 8123632K(8123904K)->8123632K(8123904K)
[162.205s][info][gc,metaspace   ] GC(345) Metaspace: 6298K(6464K)->6298K(6464K) NonClass: 5765K(5824K)->5765K(5824K) Class: 533K(640K)->533K(640K)
[162.205s][info][gc             ] GC(345) Pause Full (Ergonomics) 8094M->8094M(8325M) 2747.576ms
[162.205s][info][gc,cpu         ] GC(345) User=18.45s Sys=0.02s Real=2.75s
[162.205s][info][gc,start       ] GC(346) Pause Full (Ergonomics)
[162.205s][info][gc,phases,start] GC(346) Marking Phase
[164.288s][info][gc,phases      ] GC(346) Marking Phase 2082.475ms
[164.288s][info][gc,phases,start] GC(346) Summary Phase
[164.288s][info][gc,phases      ] GC(346) Summary Phase 0.322ms
[164.288s][info][gc,phases,start] GC(346) Adjust Roots
[164.289s][info][gc,phases      ] GC(346) Adjust Roots 0.422ms
[164.289s][info][gc,phases,start] GC(346) Compaction Phase
[165.010s][info][gc,phases      ] GC(346) Compaction Phase 721.196ms
[165.010s][info][gc,phases,start] GC(346) Post Compact
[165.026s][info][gc,phases      ] GC(346) Post Compact 16.092ms
[165.026s][info][gc,heap        ] GC(346) PSYoungGen: 165574K(400896K)->165574K(400896K) Eden: 112128K(112128K)->112128K(112128K) From: 53446K(288768K)->53446K(288768K)
[165.026s][info][gc,heap        ] GC(346) ParOldGen: 8123637K(8123904K)->8123637K(8123904K)
[165.026s][info][gc,metaspace   ] GC(346) Metaspace: 6298K(6464K)->6298K(6464K) NonClass: 5765K(5824K)->5765K(5824K) Class: 533K(640K)->533K(640K)
[165.026s][info][gc             ] GC(346) Pause Full (Ergonomics) 8094M->8094M(8325M) 2821.074ms
[165.026s][info][gc,cpu         ] GC(346) User=17.95s Sys=0.02s Real=2.82s
[165.027s][info][gc,start       ] GC(347) Pause Full (Ergonomics)
[165.027s][info][gc,phases,start] GC(347) Marking Phase
[167.028s][info][gc,phases      ] GC(347) Marking Phase 2000.940ms
[167.028s][info][gc,phases,start] GC(347) Summary Phase
[167.028s][info][gc,phases      ] GC(347) Summary Phase 0.148ms
[167.028s][info][gc,phases,start] GC(347) Adjust Roots
[167.028s][info][gc,phases      ] GC(347) Adjust Roots 0.356ms
[167.028s][info][gc,phases,start] GC(347) Compaction Phase
[167.740s][info][gc,phases      ] GC(347) Compaction Phase 711.990ms
[167.740s][info][gc,phases,start] GC(347) Post Compact
[167.757s][info][gc,phases      ] GC(347) Post Compact 17.147ms
[167.758s][info][gc,heap        ] GC(347) PSYoungGen: 165574K(400896K)->165574K(400896K) Eden: 112128K(112128K)->112128K(112128K) From: 53446K(288768K)->53446K(288768K)
[167.758s][info][gc,heap        ] GC(347) ParOldGen: 8123642K(8123904K)->8123642K(8123904K)
[167.758s][info][gc,metaspace   ] GC(347) Metaspace: 6298K(6464K)->6298K(6464K) NonClass: 5765K(5824K)->5765K(5824K) Class: 533K(640K)->533K(640K)
[167.758s][info][gc             ] GC(347) Pause Full (Ergonomics) 8094M->8094M(8325M) 2731.123ms
[167.758s][info][gc,cpu         ] GC(347) User=18.36s Sys=0.05s Real=2.73s
[167.758s][info][gc,start       ] GC(348) Pause Full (Ergonomics)
[167.758s][info][gc,phases,start] GC(348) Marking Phase
[169.839s][info][gc,phases      ] GC(348) Marking Phase 2080.672ms
[169.839s][info][gc,phases,start] GC(348) Summary Phase
[169.839s][info][gc,phases      ] GC(348) Summary Phase 0.121ms
[169.839s][info][gc,phases,start] GC(348) Adjust Roots
[169.839s][info][gc,phases      ] GC(348) Adjust Roots 0.317ms
[169.839s][info][gc,phases,start] GC(348) Compaction Phase
[170.490s][info][gc,phases      ] GC(348) Compaction Phase 650.694ms
[170.490s][info][gc,phases,start] GC(348) Post Compact
[170.506s][info][gc,phases      ] GC(348) Post Compact 16.188ms
[170.506s][info][gc,heap        ] GC(348) PSYoungGen: 165574K(400896K)->165574K(400896K) Eden: 112128K(112128K)->112128K(112128K) From: 53446K(288768K)->53446K(288768K)
[170.506s][info][gc,heap        ] GC(348) ParOldGen: 8123646K(8123904K)->8123646K(8123904K)
[170.506s][info][gc,metaspace   ] GC(348) Metaspace: 6298K(6464K)->6298K(6464K) NonClass: 5765K(5824K)->5765K(5824K) Class: 533K(640K)->533K(640K)
[170.506s][info][gc             ] GC(348) Pause Full (Ergonomics) 8094M->8094M(8325M) 2748.531ms
[170.506s][info][gc,cpu         ] GC(348) User=17.48s Sys=0.02s Real=2.75s
[170.507s][info][gc,start       ] GC(349) Pause Full (Ergonomics)
[170.507s][info][gc,phases,start] GC(349) Marking Phase
[172.500s][info][gc,phases      ] GC(349) Marking Phase 1993.718ms
[172.501s][info][gc,phases,start] GC(349) Summary Phase
[172.501s][info][gc,phases      ] GC(349) Summary Phase 0.144ms
[172.501s][info][gc,phases,start] GC(349) Adjust Roots
[172.501s][info][gc,phases      ] GC(349) Adjust Roots 0.410ms
[172.501s][info][gc,phases,start] GC(349) Compaction Phase
[173.140s][info][gc,phases      ] GC(349) Compaction Phase 638.690ms
[173.140s][info][gc,phases,start] GC(349) Post Compact
[173.153s][info][gc,phases      ] GC(349) Post Compact 13.366ms
[173.153s][info][gc,heap        ] GC(349) PSYoungGen: 165574K(400896K)->165574K(400896K) Eden: 112128K(112128K)->112128K(112128K) From: 53446K(288768K)->53446K(288768K)
[173.153s][info][gc,heap        ] GC(349) ParOldGen: 8123651K(8123904K)->8123651K(8123904K)
[173.153s][info][gc,metaspace   ] GC(349) Metaspace: 6298K(6464K)->6298K(6464K) NonClass: 5765K(5824K)->5765K(5824K) Class: 533K(640K)->533K(640K)
[173.153s][info][gc             ] GC(349) Pause Full (Ergonomics) 8094M->8094M(8325M) 2646.791ms
[173.153s][info][gc,cpu         ] GC(349) User=18.81s Sys=0.00s Real=2.65s
[173.154s][info][gc,start       ] GC(350) Pause Full (Ergonomics)
[173.154s][info][gc,phases,start] GC(350) Marking Phase
[175.126s][info][gc,phases      ] GC(350) Marking Phase 1972.345ms
[175.126s][info][gc,phases,start] GC(350) Summary Phase
[175.126s][info][gc,phases      ] GC(350) Summary Phase 0.163ms
[175.126s][info][gc,phases,start] GC(350) Adjust Roots
[175.128s][info][gc,phases      ] GC(350) Adjust Roots 1.264ms
[175.128s][info][gc,phases,start] GC(350) Compaction Phase
[175.743s][info][gc,phases      ] GC(350) Compaction Phase 615.102ms
[175.743s][info][gc,phases,start] GC(350) Post Compact
[175.757s][info][gc,phases      ] GC(350) Post Compact 14.128ms
[175.757s][info][gc,heap        ] GC(350) PSYoungGen: 165574K(400896K)->165574K(400896K) Eden: 112128K(112128K)->112128K(112128K) From: 53446K(288768K)->53446K(288768K)
[175.757s][info][gc,heap        ] GC(350) ParOldGen: 8123656K(8123904K)->8123656K(8123904K)
[175.757s][info][gc,metaspace   ] GC(350) Metaspace: 6298K(6464K)->6298K(6464K) NonClass: 5765K(5824K)->5765K(5824K) Class: 533K(640K)->533K(640K)
[175.757s][info][gc             ] GC(350) Pause Full (Ergonomics) 8094M->8094M(8325M) 2603.475ms
[175.757s][info][gc,cpu         ] GC(350) User=17.61s Sys=0.05s Real=2.60s
[175.757s][info][gc,start       ] GC(351) Pause Full (Ergonomics)
[175.757s][info][gc,phases,start] GC(351) Marking Phase
[177.684s][info][gc,phases      ] GC(351) Marking Phase 1926.707ms
[177.684s][info][gc,phases,start] GC(351) Summary Phase
[177.684s][info][gc,phases      ] GC(351) Summary Phase 0.081ms
[177.684s][info][gc,phases,start] GC(351) Adjust Roots
[177.684s][info][gc,phases      ] GC(351) Adjust Roots 0.181ms
[177.684s][info][gc,phases,start] GC(351) Compaction Phase
[178.285s][info][gc,phases      ] GC(351) Compaction Phase 601.008ms
[178.286s][info][gc,phases,start] GC(351) Post Compact
[178.300s][info][gc,phases      ] GC(351) Post Compact 14.147ms
[178.300s][info][gc,heap        ] GC(351) PSYoungGen: 165574K(400896K)->165574K(400896K) Eden: 112128K(112128K)->112128K(112128K) From: 53446K(288768K)->53446K(288768K)
[178.300s][info][gc,heap        ] GC(351) ParOldGen: 8123661K(8123904K)->8123661K(8123904K)
[178.300s][info][gc,metaspace   ] GC(351) Metaspace: 6298K(6464K)->6298K(6464K) NonClass: 5765K(5824K)->5765K(5824K) Class: 533K(640K)->533K(640K)
[178.300s][info][gc             ] GC(351) Pause Full (Ergonomics) 8094M->8094M(8325M) 2542.499ms
[178.300s][info][gc,cpu         ] GC(351) User=18.16s Sys=0.00s Real=2.54s
[178.300s][info][gc,start       ] GC(352) Pause Full (Ergonomics)
[178.300s][info][gc,phases,start] GC(352) Marking Phase
[180.208s][info][gc,phases      ] GC(352) Marking Phase 1908.356ms
[180.209s][info][gc,phases,start] GC(352) Summary Phase
[180.209s][info][gc,phases      ] GC(352) Summary Phase 0.087ms
[180.209s][info][gc,phases,start] GC(352) Adjust Roots
[180.209s][info][gc,phases      ] GC(352) Adjust Roots 0.189ms
[180.209s][info][gc,phases,start] GC(352) Compaction Phase
[180.803s][info][gc,phases      ] GC(352) Compaction Phase 593.763ms
[180.803s][info][gc,phases,start] GC(352) Post Compact
[180.815s][info][gc,phases      ] GC(352) Post Compact 12.815ms
[180.816s][info][gc,heap        ] GC(352) PSYoungGen: 165574K(400896K)->165574K(400896K) Eden: 112128K(112128K)->112128K(112128K) From: 53446K(288768K)->53446K(288768K)
[180.816s][info][gc,heap        ] GC(352) ParOldGen: 8123666K(8123904K)->8123666K(8123904K)
[180.816s][info][gc,metaspace   ] GC(352) Metaspace: 6298K(6464K)->6298K(6464K) NonClass: 5765K(5824K)->5765K(5824K) Class: 533K(640K)->533K(640K)
[180.816s][info][gc             ] GC(352) Pause Full (Ergonomics) 8094M->8094M(8325M) 2515.550ms
[180.816s][info][gc,cpu         ] GC(352) User=18.56s Sys=0.00s Real=2.51s
[180.816s][info][gc,start       ] GC(353) Pause Full (Ergonomics)
[180.816s][info][gc,phases,start] GC(353) Marking Phase
[182.704s][info][gc,phases      ] GC(353) Marking Phase 1887.699ms
[182.704s][info][gc,phases,start] GC(353) Summary Phase
[182.704s][info][gc,phases      ] GC(353) Summary Phase 0.085ms
[182.704s][info][gc,phases,start] GC(353) Adjust Roots
[182.704s][info][gc,phases      ] GC(353) Adjust Roots 0.211ms
[182.704s][info][gc,phases,start] GC(353) Compaction Phase
[183.287s][info][gc,phases      ] GC(353) Compaction Phase 583.136ms
[183.287s][info][gc,phases,start] GC(353) Post Compact
[183.300s][info][gc,phases      ] GC(353) Post Compact 12.612ms
[183.300s][info][gc,heap        ] GC(353) PSYoungGen: 165574K(400896K)->165574K(400896K) Eden: 112128K(112128K)->112128K(112128K) From: 53446K(288768K)->53446K(288768K)
[183.300s][info][gc,heap        ] GC(353) ParOldGen: 8123671K(8123904K)->8123671K(8123904K)
[183.300s][info][gc,metaspace   ] GC(353) Metaspace: 6298K(6464K)->6298K(6464K) NonClass: 5765K(5824K)->5765K(5824K) Class: 533K(640K)->533K(640K)
[183.300s][info][gc             ] GC(353) Pause Full (Ergonomics) 8094M->8094M(8325M) 2484.122ms
[183.300s][info][gc,cpu         ] GC(353) User=18.12s Sys=0.00s Real=2.49s
[183.300s][info][gc,start       ] GC(354) Pause Full (Ergonomics)
[183.300s][info][gc,phases,start] GC(354) Marking Phase
[185.198s][info][gc,phases      ] GC(354) Marking Phase 1898.043ms
[185.198s][info][gc,phases,start] GC(354) Summary Phase
[185.198s][info][gc,phases      ] GC(354) Summary Phase 0.091ms
[185.198s][info][gc,phases,start] GC(354) Adjust Roots
[185.199s][info][gc,phases      ] GC(354) Adjust Roots 0.226ms
[185.199s][info][gc,phases,start] GC(354) Compaction Phase
[185.783s][info][gc,phases      ] GC(354) Compaction Phase 584.392ms
[185.783s][info][gc,phases,start] GC(354) Post Compact
[185.796s][info][gc,phases      ] GC(354) Post Compact 12.550ms
[185.796s][info][gc,heap        ] GC(354) PSYoungGen: 165574K(400896K)->165574K(400896K) Eden: 112128K(112128K)->112128K(112128K) From: 53446K(288768K)->53446K(288768K)
[185.796s][info][gc,heap        ] GC(354) ParOldGen: 8123675K(8123904K)->8123675K(8123904K)
[185.796s][info][gc,metaspace   ] GC(354) Metaspace: 6298K(6464K)->6298K(6464K) NonClass: 5765K(5824K)->5765K(5824K) Class: 533K(640K)->533K(640K)
[185.796s][info][gc             ] GC(354) Pause Full (Ergonomics) 8094M->8094M(8325M) 2495.657ms
[185.796s][info][gc,cpu         ] GC(354) User=18.45s Sys=0.00s Real=2.50s
[185.796s][info][gc,start       ] GC(355) Pause Full (Ergonomics)
[185.796s][info][gc,phases,start] GC(355) Marking Phase
[187.757s][info][gc,phases      ] GC(355) Marking Phase 1961.265ms
[187.757s][info][gc,phases,start] GC(355) Summary Phase
[187.758s][info][gc,phases      ] GC(355) Summary Phase 0.149ms
[187.758s][info][gc,phases,start] GC(355) Adjust Roots
[187.758s][info][gc,phases      ] GC(355) Adjust Roots 0.328ms
[187.758s][info][gc,phases,start] GC(355) Compaction Phase
[188.362s][info][gc,phases      ] GC(355) Compaction Phase 603.640ms
[188.362s][info][gc,phases,start] GC(355) Post Compact
[188.375s][info][gc,phases      ] GC(355) Post Compact 12.787ms
[188.375s][info][gc,heap        ] GC(355) PSYoungGen: 165574K(400896K)->165574K(400896K) Eden: 112128K(112128K)->112128K(112128K) From: 53446K(288768K)->53446K(288768K)
[188.375s][info][gc,heap        ] GC(355) ParOldGen: 8123680K(8123904K)->8123680K(8123904K)
[188.375s][info][gc,metaspace   ] GC(355) Metaspace: 6298K(6464K)->6298K(6464K) NonClass: 5765K(5824K)->5765K(5824K) Class: 533K(640K)->533K(640K)
[188.375s][info][gc             ] GC(355) Pause Full (Ergonomics) 8094M->8094M(8325M) 2578.603ms
[188.375s][info][gc,cpu         ] GC(355) User=18.44s Sys=0.02s Real=2.58s
[188.375s][info][gc,start       ] GC(356) Pause Full (Ergonomics)
[188.375s][info][gc,phases,start] GC(356) Marking Phase
[190.298s][info][gc,phases      ] GC(356) Marking Phase 1923.231ms
[190.298s][info][gc,phases,start] GC(356) Summary Phase
[190.298s][info][gc,phases      ] GC(356) Summary Phase 0.108ms
[190.298s][info][gc,phases,start] GC(356) Adjust Roots
[190.299s][info][gc,phases      ] GC(356) Adjust Roots 0.226ms
[190.299s][info][gc,phases,start] GC(356) Compaction Phase
[190.892s][info][gc,phases      ] GC(356) Compaction Phase 593.032ms
[190.892s][info][gc,phases,start] GC(356) Post Compact
[190.904s][info][gc,phases      ] GC(356) Post Compact 12.686ms
[190.904s][info][gc,heap        ] GC(356) PSYoungGen: 165574K(400896K)->165574K(400896K) Eden: 112128K(112128K)->112128K(112128K) From: 53446K(288768K)->53446K(288768K)
[190.904s][info][gc,heap        ] GC(356) ParOldGen: 8123685K(8123904K)->8123685K(8123904K)
[190.904s][info][gc,metaspace   ] GC(356) Metaspace: 6298K(6464K)->6298K(6464K) NonClass: 5765K(5824K)->5765K(5824K) Class: 533K(640K)->533K(640K)
[190.905s][info][gc             ] GC(356) Pause Full (Ergonomics) 8094M->8094M(8325M) 2529.641ms
[190.905s][info][gc,cpu         ] GC(356) User=18.52s Sys=0.00s Real=2.53s
[190.905s][info][gc,start       ] GC(357) Pause Full (Ergonomics)
[190.905s][info][gc,phases,start] GC(357) Marking Phase
[192.812s][info][gc,phases      ] GC(357) Marking Phase 1906.866ms
[192.812s][info][gc,phases,start] GC(357) Summary Phase
[192.812s][info][gc,phases      ] GC(357) Summary Phase 0.088ms
[192.812s][info][gc,phases,start] GC(357) Adjust Roots
[192.812s][info][gc,phases      ] GC(357) Adjust Roots 0.180ms
[192.812s][info][gc,phases,start] GC(357) Compaction Phase
[193.405s][info][gc,phases      ] GC(357) Compaction Phase 593.284ms
[193.405s][info][gc,phases,start] GC(357) Post Compact
[193.419s][info][gc,phases      ] GC(357) Post Compact 13.685ms
[193.419s][info][gc,heap        ] GC(357) PSYoungGen: 165574K(400896K)->165574K(400896K) Eden: 112128K(112128K)->112128K(112128K) From: 53446K(288768K)->53446K(288768K)
[193.419s][info][gc,heap        ] GC(357) ParOldGen: 8123690K(8123904K)->8123690K(8123904K)
[193.419s][info][gc,metaspace   ] GC(357) Metaspace: 6298K(6464K)->6298K(6464K) NonClass: 5765K(5824K)->5765K(5824K) Class: 533K(640K)->533K(640K)
[193.419s][info][gc             ] GC(357) Pause Full (Ergonomics) 8094M->8094M(8325M) 2514.495ms
[193.419s][info][gc,cpu         ] GC(357) User=18.39s Sys=0.02s Real=2.51s
[193.419s][info][gc,start       ] GC(358) Pause Full (Ergonomics)
[193.419s][info][gc,phases,start] GC(358) Marking Phase
[195.441s][info][gc,phases      ] GC(358) Marking Phase 2021.839ms
[195.441s][info][gc,phases,start] GC(358) Summary Phase
[195.441s][info][gc,phases      ] GC(358) Summary Phase 0.096ms
[195.441s][info][gc,phases,start] GC(358) Adjust Roots
[195.442s][info][gc,phases      ] GC(358) Adjust Roots 0.325ms
[195.442s][info][gc,phases,start] GC(358) Compaction Phase
[196.038s][info][gc,phases      ] GC(358) Compaction Phase 595.937ms
[196.038s][info][gc,phases,start] GC(358) Post Compact
[196.051s][info][gc,phases      ] GC(358) Post Compact 13.144ms
[196.051s][info][gc,heap        ] GC(358) PSYoungGen: 165574K(400896K)->165574K(400896K) Eden: 112128K(112128K)->112128K(112128K) From: 53446K(288768K)->53446K(288768K)
[196.051s][info][gc,heap        ] GC(358) ParOldGen: 8123695K(8123904K)->8123695K(8123904K)
[196.051s][info][gc,metaspace   ] GC(358) Metaspace: 6298K(6464K)->6298K(6464K) NonClass: 5765K(5824K)->5765K(5824K) Class: 533K(640K)->533K(640K)
[196.051s][info][gc             ] GC(358) Pause Full (Ergonomics) 8094M->8094M(8325M) 2631.689ms
[196.051s][info][gc,cpu         ] GC(358) User=18.16s Sys=0.03s Real=2.63s
[196.051s][info][gc,start       ] GC(359) Pause Full (Ergonomics)
[196.051s][info][gc,phases,start] GC(359) Marking Phase
[198.007s][info][gc,phases      ] GC(359) Marking Phase 1955.769ms
[198.007s][info][gc,phases,start] GC(359) Summary Phase
[198.007s][info][gc,phases      ] GC(359) Summary Phase 0.086ms
[198.007s][info][gc,phases,start] GC(359) Adjust Roots
[198.007s][info][gc,phases      ] GC(359) Adjust Roots 0.173ms
[198.008s][info][gc,phases,start] GC(359) Compaction Phase
[198.631s][info][gc,phases      ] GC(359) Compaction Phase 623.933ms
[198.632s][info][gc,phases,start] GC(359) Post Compact
[198.645s][info][gc,phases      ] GC(359) Post Compact 13.359ms
[198.645s][info][gc,heap        ] GC(359) PSYoungGen: 165574K(400896K)->165574K(400896K) Eden: 112128K(112128K)->112128K(112128K) From: 53446K(288768K)->53446K(288768K)
[198.645s][info][gc,heap        ] GC(359) ParOldGen: 8123700K(8123904K)->8123700K(8123904K)
[198.645s][info][gc,metaspace   ] GC(359) Metaspace: 6298K(6464K)->6298K(6464K) NonClass: 5765K(5824K)->5765K(5824K) Class: 533K(640K)->533K(640K)
[198.645s][info][gc             ] GC(359) Pause Full (Ergonomics) 8094M->8094M(8325M) 2593.671ms
[198.645s][info][gc,cpu         ] GC(359) User=18.23s Sys=0.02s Real=2.59s
[198.645s][info][gc,start       ] GC(360) Pause Full (Ergonomics)
[198.645s][info][gc,phases,start] GC(360) Marking Phase
[200.656s][info][gc,phases      ] GC(360) Marking Phase 2010.922ms
[200.656s][info][gc,phases,start] GC(360) Summary Phase
[200.656s][info][gc,phases      ] GC(360) Summary Phase 0.094ms
[200.656s][info][gc,phases,start] GC(360) Adjust Roots
[200.657s][info][gc,phases      ] GC(360) Adjust Roots 0.199ms
[200.657s][info][gc,phases,start] GC(360) Compaction Phase
[201.261s][info][gc,phases      ] GC(360) Compaction Phase 604.231ms
[201.261s][info][gc,phases,start] GC(360) Post Compact
[201.276s][info][gc,phases      ] GC(360) Post Compact 14.679ms
[201.276s][info][gc,heap        ] GC(360) PSYoungGen: 165574K(400896K)->165574K(400896K) Eden: 112128K(112128K)->112128K(112128K) From: 53446K(288768K)->53446K(288768K)
[201.276s][info][gc,heap        ] GC(360) ParOldGen: 8123704K(8123904K)->8123704K(8123904K)
[201.276s][info][gc,metaspace   ] GC(360) Metaspace: 6298K(6464K)->6298K(6464K) NonClass: 5765K(5824K)->5765K(5824K) Class: 533K(640K)->533K(640K)
[201.276s][info][gc             ] GC(360) Pause Full (Ergonomics) 8094M->8094M(8325M) 2630.510ms
[201.276s][info][gc,cpu         ] GC(360) User=18.66s Sys=0.02s Real=2.63s
[201.276s][info][gc,start       ] GC(361) Pause Full (Ergonomics)
[201.276s][info][gc,phases,start] GC(361) Marking Phase
[203.255s][info][gc,phases      ] GC(361) Marking Phase 1978.785ms
[203.255s][info][gc,phases,start] GC(361) Summary Phase
[203.255s][info][gc,phases      ] GC(361) Summary Phase 0.088ms
[203.255s][info][gc,phases,start] GC(361) Adjust Roots
[203.255s][info][gc,phases      ] GC(361) Adjust Roots 0.191ms
[203.255s][info][gc,phases,start] GC(361) Compaction Phase
[203.873s][info][gc,phases      ] GC(361) Compaction Phase 617.481ms
[203.873s][info][gc,phases,start] GC(361) Post Compact
[203.885s][info][gc,phases      ] GC(361) Post Compact 12.287ms
[203.885s][info][gc,heap        ] GC(361) PSYoungGen: 165574K(400896K)->165574K(400896K) Eden: 112128K(112128K)->112128K(112128K) From: 53446K(288768K)->53446K(288768K)
[203.885s][info][gc,heap        ] GC(361) ParOldGen: 8123709K(8123904K)->8123709K(8123904K)
[203.885s][info][gc,metaspace   ] GC(361) Metaspace: 6298K(6464K)->6298K(6464K) NonClass: 5765K(5824K)->5765K(5824K) Class: 533K(640K)->533K(640K)
[203.885s][info][gc             ] GC(361) Pause Full (Ergonomics) 8095M->8095M(8325M) 2609.188ms
[203.885s][info][gc,cpu         ] GC(361) User=18.31s Sys=0.06s Real=2.61s
[203.885s][info][gc,start       ] GC(362) Pause Full (Ergonomics)
[203.885s][info][gc,phases,start] GC(362) Marking Phase
[205.907s][info][gc,phases      ] GC(362) Marking Phase 2021.126ms
[205.907s][info][gc,phases,start] GC(362) Summary Phase
[205.907s][info][gc,phases      ] GC(362) Summary Phase 0.088ms
[205.907s][info][gc,phases,start] GC(362) Adjust Roots
[205.907s][info][gc,phases      ] GC(362) Adjust Roots 0.220ms
[205.907s][info][gc,phases,start] GC(362) Compaction Phase
[206.512s][info][gc,phases      ] GC(362) Compaction Phase 604.801ms
[206.512s][info][gc,phases,start] GC(362) Post Compact
[206.526s][info][gc,phases      ] GC(362) Post Compact 14.001ms
[206.526s][info][gc,heap        ] GC(362) PSYoungGen: 165574K(400896K)->165574K(400896K) Eden: 112128K(112128K)->112128K(112128K) From: 53446K(288768K)->53446K(288768K)
[206.526s][info][gc,heap        ] GC(362) ParOldGen: 8123714K(8123904K)->8123714K(8123904K)
[206.526s][info][gc,metaspace   ] GC(362) Metaspace: 6298K(6464K)->6298K(6464K) NonClass: 5765K(5824K)->5765K(5824K) Class: 533K(640K)->533K(640K)
[206.526s][info][gc             ] GC(362) Pause Full (Ergonomics) 8095M->8095M(8325M) 2640.647ms
[206.526s][info][gc,cpu         ] GC(362) User=18.69s Sys=0.03s Real=2.64s
[206.526s][info][gc,start       ] GC(363) Pause Full (Ergonomics)
[206.526s][info][gc,phases,start] GC(363) Marking Phase
[208.463s][info][gc,phases      ] GC(363) Marking Phase 1937.227ms
[208.464s][info][gc,phases,start] GC(363) Summary Phase
[208.464s][info][gc,phases      ] GC(363) Summary Phase 0.108ms
[208.464s][info][gc,phases,start] GC(363) Adjust Roots
[208.464s][info][gc,phases      ] GC(363) Adjust Roots 0.252ms
[208.464s][info][gc,phases,start] GC(363) Compaction Phase
[209.112s][info][gc,phases      ] GC(363) Compaction Phase 647.717ms
[209.112s][info][gc,phases,start] GC(363) Post Compact
[209.124s][info][gc,phases      ] GC(363) Post Compact 12.690ms
[209.125s][info][gc,heap        ] GC(363) PSYoungGen: 165574K(400896K)->165574K(400896K) Eden: 112128K(112128K)->112128K(112128K) From: 53446K(288768K)->53446K(288768K)
[209.125s][info][gc,heap        ] GC(363) ParOldGen: 8123719K(8123904K)->8123719K(8123904K)
[209.125s][info][gc,metaspace   ] GC(363) Metaspace: 6298K(6464K)->6298K(6464K) NonClass: 5765K(5824K)->5765K(5824K) Class: 533K(640K)->533K(640K)
[209.125s][info][gc             ] GC(363) Pause Full (Ergonomics) 8095M->8095M(8325M) 2598.349ms
[209.125s][info][gc,cpu         ] GC(363) User=18.17s Sys=0.02s Real=2.60s
[209.125s][info][gc,start       ] GC(364) Pause Full (Ergonomics)
[209.125s][info][gc,phases,start] GC(364) Marking Phase
[211.069s][info][gc,phases      ] GC(364) Marking Phase 1944.129ms
[211.069s][info][gc,phases,start] GC(364) Summary Phase
[211.069s][info][gc,phases      ] GC(364) Summary Phase 0.087ms
[211.069s][info][gc,phases,start] GC(364) Adjust Roots
[211.069s][info][gc,phases      ] GC(364) Adjust Roots 0.175ms
[211.069s][info][gc,phases,start] GC(364) Compaction Phase
[211.687s][info][gc,phases      ] GC(364) Compaction Phase 617.306ms
[211.687s][info][gc,phases,start] GC(364) Post Compact
[211.700s][info][gc,phases      ] GC(364) Post Compact 13.479ms
[211.700s][info][gc,heap        ] GC(364) PSYoungGen: 165574K(400896K)->165574K(400896K) Eden: 112128K(112128K)->112128K(112128K) From: 53446K(288768K)->53446K(288768K)
[211.700s][info][gc,heap        ] GC(364) ParOldGen: 8123724K(8123904K)->8123724K(8123904K)
[211.700s][info][gc,metaspace   ] GC(364) Metaspace: 6298K(6464K)->6298K(6464K) NonClass: 5765K(5824K)->5765K(5824K) Class: 533K(640K)->533K(640K)
[211.700s][info][gc             ] GC(364) Pause Full (Ergonomics) 8095M->8095M(8325M) 2575.521ms
[211.700s][info][gc,cpu         ] GC(364) User=18.28s Sys=0.00s Real=2.58s
[211.701s][info][gc,start       ] GC(365) Pause Full (Ergonomics)
[211.701s][info][gc,phases,start] GC(365) Marking Phase
[213.691s][info][gc,phases      ] GC(365) Marking Phase 1990.568ms
[213.691s][info][gc,phases,start] GC(365) Summary Phase
[213.691s][info][gc,phases      ] GC(365) Summary Phase 0.087ms
[213.691s][info][gc,phases,start] GC(365) Adjust Roots
[213.691s][info][gc,phases      ] GC(365) Adjust Roots 0.169ms
[213.691s][info][gc,phases,start] GC(365) Compaction Phase
[214.305s][info][gc,phases      ] GC(365) Compaction Phase 613.025ms
[214.305s][info][gc,phases,start] GC(365) Post Compact
[214.319s][info][gc,phases      ] GC(365) Post Compact 14.896ms
[214.320s][info][gc,heap        ] GC(365) PSYoungGen: 165574K(400896K)->165574K(400896K) Eden: 112128K(112128K)->112128K(112128K) From: 53446K(288768K)->53446K(288768K)
[214.320s][info][gc,heap        ] GC(365) ParOldGen: 8123729K(8123904K)->8123729K(8123904K)
[214.320s][info][gc,metaspace   ] GC(365) Metaspace: 6298K(6464K)->6298K(6464K) NonClass: 5765K(5824K)->5765K(5824K) Class: 533K(640K)->533K(640K)
[214.320s][info][gc             ] GC(365) Pause Full (Ergonomics) 8095M->8095M(8325M) 2619.162ms
[214.320s][info][gc,cpu         ] GC(365) User=18.36s Sys=0.05s Real=2.62s
[214.320s][info][gc,start       ] GC(366) Pause Full (Ergonomics)
[214.320s][info][gc,phases,start] GC(366) Marking Phase
[216.309s][info][gc,phases      ] GC(366) Marking Phase 1988.955ms
[216.309s][info][gc,phases,start] GC(366) Summary Phase
[216.309s][info][gc,phases      ] GC(366) Summary Phase 0.086ms
[216.309s][info][gc,phases,start] GC(366) Adjust Roots
[216.309s][info][gc,phases      ] GC(366) Adjust Roots 0.173ms
[216.309s][info][gc,phases,start] GC(366) Compaction Phase
[216.908s][info][gc,phases      ] GC(366) Compaction Phase 598.580ms
[216.908s][info][gc,phases,start] GC(366) Post Compact
[216.920s][info][gc,phases      ] GC(366) Post Compact 12.356ms
[216.920s][info][gc,heap        ] GC(366) PSYoungGen: 165574K(400896K)->165574K(400896K) Eden: 112128K(112128K)->112128K(112128K) From: 53446K(288768K)->53446K(288768K)
[216.920s][info][gc,heap        ] GC(366) ParOldGen: 8123733K(8123904K)->8123733K(8123904K)
[216.920s][info][gc,metaspace   ] GC(366) Metaspace: 6298K(6464K)->6298K(6464K) NonClass: 5765K(5824K)->5765K(5824K) Class: 533K(640K)->533K(640K)
[216.920s][info][gc             ] GC(366) Pause Full (Ergonomics) 8095M->8095M(8325M) 2600.526ms
[216.920s][info][gc,cpu         ] GC(366) User=18.84s Sys=0.02s Real=2.60s
[216.921s][info][gc,start       ] GC(367) Pause Full (Ergonomics)
[216.921s][info][gc,phases,start] GC(367) Marking Phase
[218.845s][info][gc,phases      ] GC(367) Marking Phase 1923.840ms
[218.845s][info][gc,phases,start] GC(367) Summary Phase
[218.845s][info][gc,phases      ] GC(367) Summary Phase 0.144ms
[218.845s][info][gc,phases,start] GC(367) Adjust Roots
[218.845s][info][gc,phases      ] GC(367) Adjust Roots 0.244ms
[218.845s][info][gc,phases,start] GC(367) Compaction Phase
[219.510s][info][gc,phases      ] GC(367) Compaction Phase 664.897ms
[219.510s][info][gc,phases,start] GC(367) Post Compact
[219.522s][info][gc,phases      ] GC(367) Post Compact 12.347ms
[219.522s][info][gc,heap        ] GC(367) PSYoungGen: 165574K(400896K)->165574K(400896K) Eden: 112128K(112128K)->112128K(112128K) From: 53446K(288768K)->53446K(288768K)
[219.522s][info][gc,heap        ] GC(367) ParOldGen: 8123738K(8123904K)->8123738K(8123904K)
[219.523s][info][gc,metaspace   ] GC(367) Metaspace: 6298K(6464K)->6298K(6464K) NonClass: 5765K(5824K)->5765K(5824K) Class: 533K(640K)->533K(640K)
[219.523s][info][gc             ] GC(367) Pause Full (Ergonomics) 8095M->8095M(8325M) 2601.850ms
[219.523s][info][gc,cpu         ] GC(367) User=17.91s Sys=0.02s Real=2.60s
[219.523s][info][gc,start       ] GC(368) Pause Full (Ergonomics)
[219.523s][info][gc,phases,start] GC(368) Marking Phase
[221.442s][info][gc,phases      ] GC(368) Marking Phase 1919.375ms
[221.442s][info][gc,phases,start] GC(368) Summary Phase
[221.442s][info][gc,phases      ] GC(368) Summary Phase 0.086ms
[221.442s][info][gc,phases,start] GC(368) Adjust Roots
[221.442s][info][gc,phases      ] GC(368) Adjust Roots 0.176ms
[221.443s][info][gc,phases,start] GC(368) Compaction Phase
[222.068s][info][gc,phases      ] GC(368) Compaction Phase 625.614ms
[222.068s][info][gc,phases,start] GC(368) Post Compact
[222.081s][info][gc,phases      ] GC(368) Post Compact 13.048ms
[222.081s][info][gc,heap        ] GC(368) PSYoungGen: 165574K(400896K)->165574K(400896K) Eden: 112128K(112128K)->112128K(112128K) From: 53446K(288768K)->53446K(288768K)
[222.081s][info][gc,heap        ] GC(368) ParOldGen: 8123743K(8123904K)->8123743K(8123904K)
[222.081s][info][gc,metaspace   ] GC(368) Metaspace: 6298K(6464K)->6298K(6464K) NonClass: 5765K(5824K)->5765K(5824K) Class: 533K(640K)->533K(640K)
[222.081s][info][gc             ] GC(368) Pause Full (Ergonomics) 8095M->8095M(8325M) 2558.628ms
[222.081s][info][gc,cpu         ] GC(368) User=18.55s Sys=0.00s Real=2.56s
[222.082s][info][gc,start       ] GC(369) Pause Full (Ergonomics)
[222.082s][info][gc,phases,start] GC(369) Marking Phase
[224.012s][info][gc,phases      ] GC(369) Marking Phase 1930.290ms
[224.012s][info][gc,phases,start] GC(369) Summary Phase
[224.012s][info][gc,phases      ] GC(369) Summary Phase 0.082ms
[224.012s][info][gc,phases,start] GC(369) Adjust Roots
[224.012s][info][gc,phases      ] GC(369) Adjust Roots 0.165ms
[224.012s][info][gc,phases,start] GC(369) Compaction Phase
[224.611s][info][gc,phases      ] GC(369) Compaction Phase 598.705ms
[224.611s][info][gc,phases,start] GC(369) Post Compact
[224.624s][info][gc,phases      ] GC(369) Post Compact 12.831ms
[224.624s][info][gc,heap        ] GC(369) PSYoungGen: 165574K(400896K)->165574K(400896K) Eden: 112128K(112128K)->112128K(112128K) From: 53446K(288768K)->53446K(288768K)
[224.624s][info][gc,heap        ] GC(369) ParOldGen: 8123748K(8123904K)->8123748K(8123904K)
[224.624s][info][gc,metaspace   ] GC(369) Metaspace: 6298K(6464K)->6298K(6464K) NonClass: 5765K(5824K)->5765K(5824K) Class: 533K(640K)->533K(640K)
[224.624s][info][gc             ] GC(369) Pause Full (Ergonomics) 8095M->8095M(8325M) 2542.407ms
[224.624s][info][gc,cpu         ] GC(369) User=18.81s Sys=0.00s Real=2.54s
[224.624s][info][gc,start       ] GC(370) Pause Full (Ergonomics)
[224.624s][info][gc,phases,start] GC(370) Marking Phase
[226.531s][info][gc,phases      ] GC(370) Marking Phase 1906.288ms
[226.531s][info][gc,phases,start] GC(370) Summary Phase
[226.531s][info][gc,phases      ] GC(370) Summary Phase 0.081ms
[226.531s][info][gc,phases,start] GC(370) Adjust Roots
[226.531s][info][gc,phases      ] GC(370) Adjust Roots 0.190ms
[226.531s][info][gc,phases,start] GC(370) Compaction Phase
[227.133s][info][gc,phases      ] GC(370) Compaction Phase 602.433ms
[227.133s][info][gc,phases,start] GC(370) Post Compact
[227.146s][info][gc,phases      ] GC(370) Post Compact 12.922ms
[227.146s][info][gc,heap        ] GC(370) PSYoungGen: 165574K(400896K)->165574K(400896K) Eden: 112128K(112128K)->112128K(112128K) From: 53446K(288768K)->53446K(288768K)
[227.146s][info][gc,heap        ] GC(370) ParOldGen: 8123753K(8123904K)->8123753K(8123904K)
[227.146s][info][gc,metaspace   ] GC(370) Metaspace: 6298K(6464K)->6298K(6464K) NonClass: 5765K(5824K)->5765K(5824K) Class: 533K(640K)->533K(640K)
[227.146s][info][gc             ] GC(370) Pause Full (Ergonomics) 8095M->8095M(8325M) 2522.251ms
[227.147s][info][gc,cpu         ] GC(370) User=18.42s Sys=0.02s Real=2.52s
[227.147s][info][gc,start       ] GC(371) Pause Full (Ergonomics)
[227.147s][info][gc,phases,start] GC(371) Marking Phase
[229.025s][info][gc,phases      ] GC(371) Marking Phase 1878.051ms
[229.025s][info][gc,phases,start] GC(371) Summary Phase
[229.025s][info][gc,phases      ] GC(371) Summary Phase 0.088ms
[229.025s][info][gc,phases,start] GC(371) Adjust Roots
[229.025s][info][gc,phases      ] GC(371) Adjust Roots 0.236ms
[229.025s][info][gc,phases,start] GC(371) Compaction Phase
[229.680s][info][gc,phases      ] GC(371) Compaction Phase 654.692ms
[229.680s][info][gc,phases,start] GC(371) Post Compact
[229.694s][info][gc,phases      ] GC(371) Post Compact 14.078ms
[229.694s][info][gc,heap        ] GC(371) PSYoungGen: 165574K(400896K)->165574K(400896K) Eden: 112128K(112128K)->112128K(112128K) From: 53446K(288768K)->53446K(288768K)
[229.694s][info][gc,heap        ] GC(371) ParOldGen: 8123758K(8123904K)->8123758K(8123904K)
[229.694s][info][gc,metaspace   ] GC(371) Metaspace: 6298K(6464K)->6298K(6464K) NonClass: 5765K(5824K)->5765K(5824K) Class: 533K(640K)->533K(640K)
[229.694s][info][gc             ] GC(371) Pause Full (Ergonomics) 8095M->8095M(8325M) 2547.530ms
[229.694s][info][gc,cpu         ] GC(371) User=18.64s Sys=0.00s Real=2.55s
[229.695s][info][gc,start       ] GC(372) Pause Full (Ergonomics)
[229.695s][info][gc,phases,start] GC(372) Marking Phase
[231.702s][info][gc,phases      ] GC(372) Marking Phase 2007.140ms
[231.702s][info][gc,phases,start] GC(372) Summary Phase
[231.702s][info][gc,phases      ] GC(372) Summary Phase 0.104ms
[231.702s][info][gc,phases,start] GC(372) Adjust Roots
[231.702s][info][gc,phases      ] GC(372) Adjust Roots 0.177ms
[231.702s][info][gc,phases,start] GC(372) Compaction Phase
[232.296s][info][gc,phases      ] GC(372) Compaction Phase 594.146ms
[232.296s][info][gc,phases,start] GC(372) Post Compact
[232.310s][info][gc,phases      ] GC(372) Post Compact 13.988ms
[232.310s][info][gc,heap        ] GC(372) PSYoungGen: 165574K(400896K)->165574K(400896K) Eden: 112128K(112128K)->112128K(112128K) From: 53446K(288768K)->53446K(288768K)
[232.310s][info][gc,heap        ] GC(372) ParOldGen: 8123762K(8123904K)->8123762K(8123904K)
[232.311s][info][gc,metaspace   ] GC(372) Metaspace: 6298K(6464K)->6298K(6464K) NonClass: 5765K(5824K)->5765K(5824K) Class: 533K(640K)->533K(640K)
[232.311s][info][gc             ] GC(372) Pause Full (Ergonomics) 8095M->8095M(8325M) 2616.028ms
[232.311s][info][gc,cpu         ] GC(372) User=18.23s Sys=0.05s Real=2.62s
[232.311s][info][gc,start       ] GC(373) Pause Full (Ergonomics)
[232.311s][info][gc,phases,start] GC(373) Marking Phase
[234.250s][info][gc,phases      ] GC(373) Marking Phase 1939.325ms
[234.250s][info][gc,phases,start] GC(373) Summary Phase
[234.250s][info][gc,phases      ] GC(373) Summary Phase 0.145ms
[234.250s][info][gc,phases,start] GC(373) Adjust Roots
[234.251s][info][gc,phases      ] GC(373) Adjust Roots 0.254ms
[234.251s][info][gc,phases,start] GC(373) Compaction Phase
[234.897s][info][gc,phases      ] GC(373) Compaction Phase 646.592ms
[234.897s][info][gc,phases,start] GC(373) Post Compact
[234.912s][info][gc,phases      ] GC(373) Post Compact 14.296ms
[234.912s][info][gc,heap        ] GC(373) PSYoungGen: 165574K(400896K)->165574K(400896K) Eden: 112128K(112128K)->112128K(112128K) From: 53446K(288768K)->53446K(288768K)
[234.912s][info][gc,heap        ] GC(373) ParOldGen: 8123767K(8123904K)->8123767K(8123904K)
[234.912s][info][gc,metaspace   ] GC(373) Metaspace: 6298K(6464K)->6298K(6464K) NonClass: 5765K(5824K)->5765K(5824K) Class: 533K(640K)->533K(640K)
[234.912s][info][gc             ] GC(373) Pause Full (Ergonomics) 8095M->8095M(8325M) 2601.077ms
[234.912s][info][gc,cpu         ] GC(373) User=18.02s Sys=0.02s Real=2.60s
[234.912s][info][gc,start       ] GC(374) Pause Full (Ergonomics)
[234.912s][info][gc,phases,start] GC(374) Marking Phase
[236.879s][info][gc,phases      ] GC(374) Marking Phase 1966.676ms
[236.879s][info][gc,phases,start] GC(374) Summary Phase
[236.879s][info][gc,phases      ] GC(374) Summary Phase 0.091ms
[236.879s][info][gc,phases,start] GC(374) Adjust Roots
[236.879s][info][gc,phases      ] GC(374) Adjust Roots 0.187ms
[236.879s][info][gc,phases,start] GC(374) Compaction Phase
[237.469s][info][gc,phases      ] GC(374) Compaction Phase 590.133ms
[237.469s][info][gc,phases,start] GC(374) Post Compact
[237.482s][info][gc,phases      ] GC(374) Post Compact 12.773ms
[237.482s][info][gc,heap        ] GC(374) PSYoungGen: 165574K(400896K)->165574K(400896K) Eden: 112128K(112128K)->112128K(112128K) From: 53446K(288768K)->53446K(288768K)
[237.482s][info][gc,heap        ] GC(374) ParOldGen: 8123772K(8123904K)->8123772K(8123904K)
[237.482s][info][gc,metaspace   ] GC(374) Metaspace: 6298K(6464K)->6298K(6464K) NonClass: 5765K(5824K)->5765K(5824K) Class: 533K(640K)->533K(640K)
[237.482s][info][gc             ] GC(374) Pause Full (Ergonomics) 8095M->8095M(8325M) 2570.226ms
[237.482s][info][gc,cpu         ] GC(374) User=18.22s Sys=0.03s Real=2.57s
[237.483s][info][gc,start       ] GC(375) Pause Full (Ergonomics)
[237.483s][info][gc,phases,start] GC(375) Marking Phase
[239.444s][info][gc,phases      ] GC(375) Marking Phase 1961.383ms
[239.444s][info][gc,phases,start] GC(375) Summary Phase
[239.444s][info][gc,phases      ] GC(375) Summary Phase 0.095ms
[239.444s][info][gc,phases,start] GC(375) Adjust Roots
[239.444s][info][gc,phases      ] GC(375) Adjust Roots 0.195ms
[239.444s][info][gc,phases,start] GC(375) Compaction Phase
[240.034s][info][gc,phases      ] GC(375) Compaction Phase 589.639ms
[240.034s][info][gc,phases,start] GC(375) Post Compact
[240.049s][info][gc,phases      ] GC(375) Post Compact 14.838ms
[240.049s][info][gc,heap        ] GC(375) PSYoungGen: 165574K(400896K)->165574K(400896K) Eden: 112128K(112128K)->112128K(112128K) From: 53446K(288768K)->53446K(288768K)
[240.049s][info][gc,heap        ] GC(375) ParOldGen: 8123777K(8123904K)->8123777K(8123904K)
[240.049s][info][gc,metaspace   ] GC(375) Metaspace: 6298K(6464K)->6298K(6464K) NonClass: 5765K(5824K)->5765K(5824K) Class: 533K(640K)->533K(640K)
[240.049s][info][gc             ] GC(375) Pause Full (Ergonomics) 8095M->8095M(8325M) 2566.503ms
[240.049s][info][gc,cpu         ] GC(375) User=18.47s Sys=0.00s Real=2.57s
[240.049s][info][gc,start       ] GC(376) Pause Full (Ergonomics)
[240.049s][info][gc,phases,start] GC(376) Marking Phase
[242.044s][info][gc,phases      ] GC(376) Marking Phase 1994.815ms
[242.044s][info][gc,phases,start] GC(376) Summary Phase
[242.044s][info][gc,phases      ] GC(376) Summary Phase 0.137ms
[242.044s][info][gc,phases,start] GC(376) Adjust Roots
[242.045s][info][gc,phases      ] GC(376) Adjust Roots 0.322ms
[242.045s][info][gc,phases,start] GC(376) Compaction Phase
[242.670s][info][gc,phases      ] GC(376) Compaction Phase 625.139ms
[242.670s][info][gc,phases,start] GC(376) Post Compact
[242.685s][info][gc,phases      ] GC(376) Post Compact 14.642ms
[242.685s][info][gc,heap        ] GC(376) PSYoungGen: 165574K(400896K)->165574K(400896K) Eden: 112128K(112128K)->112128K(112128K) From: 53446K(288768K)->53446K(288768K)
[242.685s][info][gc,heap        ] GC(376) ParOldGen: 8123782K(8123904K)->8123782K(8123904K)
[242.685s][info][gc,metaspace   ] GC(376) Metaspace: 6298K(6464K)->6298K(6464K) NonClass: 5765K(5824K)->5765K(5824K) Class: 533K(640K)->533K(640K)
[242.685s][info][gc             ] GC(376) Pause Full (Ergonomics) 8095M->8095M(8325M) 2635.550ms
[242.685s][info][gc,cpu         ] GC(376) User=18.05s Sys=0.02s Real=2.64s
[242.685s][info][gc,start       ] GC(377) Pause Full (Ergonomics)
[242.685s][info][gc,phases,start] GC(377) Marking Phase
[244.627s][info][gc,phases      ] GC(377) Marking Phase 1942.205ms
[244.627s][info][gc,phases,start] GC(377) Summary Phase
[244.627s][info][gc,phases      ] GC(377) Summary Phase 0.097ms
[244.627s][info][gc,phases,start] GC(377) Adjust Roots
[244.628s][info][gc,phases      ] GC(377) Adjust Roots 0.193ms
[244.628s][info][gc,phases,start] GC(377) Compaction Phase
[245.278s][info][gc,phases      ] GC(377) Compaction Phase 650.178ms
[245.278s][info][gc,phases,start] GC(377) Post Compact
[245.292s][info][gc,phases      ] GC(377) Post Compact 14.111ms
[245.292s][info][gc,heap        ] GC(377) PSYoungGen: 165574K(400896K)->165574K(400896K) Eden: 112128K(112128K)->112128K(112128K) From: 53446K(288768K)->53446K(288768K)
[245.292s][info][gc,heap        ] GC(377) ParOldGen: 8123787K(8123904K)->8123787K(8123904K)
[245.292s][info][gc,metaspace   ] GC(377) Metaspace: 6298K(6464K)->6298K(6464K) NonClass: 5765K(5824K)->5765K(5824K) Class: 533K(640K)->533K(640K)
[245.292s][info][gc             ] GC(377) Pause Full (Ergonomics) 8095M->8095M(8325M) 2607.165ms
[245.292s][info][gc,cpu         ] GC(377) User=18.64s Sys=0.03s Real=2.61s
[245.292s][info][gc,start       ] GC(378) Pause Full (Ergonomics)
[245.292s][info][gc,phases,start] GC(378) Marking Phase
[247.285s][info][gc,phases      ] GC(378) Marking Phase 1992.693ms
[247.285s][info][gc,phases,start] GC(378) Summary Phase
[247.285s][info][gc,phases      ] GC(378) Summary Phase 0.137ms
[247.285s][info][gc,phases,start] GC(378) Adjust Roots
[247.286s][info][gc,phases      ] GC(378) Adjust Roots 0.246ms
[247.286s][info][gc,phases,start] GC(378) Compaction Phase
[247.883s][info][gc,phases      ] GC(378) Compaction Phase 596.966ms
[247.883s][info][gc,phases,start] GC(378) Post Compact
[247.897s][info][gc,phases      ] GC(378) Post Compact 14.268ms
[247.897s][info][gc,heap        ] GC(378) PSYoungGen: 165574K(400896K)->165574K(400896K) Eden: 112128K(112128K)->112128K(112128K) From: 53446K(288768K)->53446K(288768K)
[247.897s][info][gc,heap        ] GC(378) ParOldGen: 8123791K(8123904K)->8123791K(8123904K)
[247.897s][info][gc,metaspace   ] GC(378) Metaspace: 6298K(6464K)->6298K(6464K) NonClass: 5765K(5824K)->5765K(5824K) Class: 533K(640K)->533K(640K)
[247.897s][info][gc             ] GC(378) Pause Full (Ergonomics) 8095M->8095M(8325M) 2604.687ms
[247.897s][info][gc,cpu         ] GC(378) User=18.94s Sys=0.00s Real=2.61s
[247.897s][info][gc,start       ] GC(379) Pause Full (Ergonomics)
[247.897s][info][gc,phases,start] GC(379) Marking Phase
[249.866s][info][gc,phases      ] GC(379) Marking Phase 1969.086ms
[249.866s][info][gc,phases,start] GC(379) Summary Phase
[249.867s][info][gc,phases      ] GC(379) Summary Phase 0.094ms
[249.867s][info][gc,phases,start] GC(379) Adjust Roots
[249.867s][info][gc,phases      ] GC(379) Adjust Roots 0.223ms
[249.867s][info][gc,phases,start] GC(379) Compaction Phase
[250.454s][info][gc,phases      ] GC(379) Compaction Phase 587.499ms
[250.454s][info][gc,phases,start] GC(379) Post Compact
[250.472s][info][gc,phases      ] GC(379) Post Compact 17.245ms
[250.472s][info][gc,heap        ] GC(379) PSYoungGen: 165574K(400896K)->165574K(400896K) Eden: 112128K(112128K)->112128K(112128K) From: 53446K(288768K)->53446K(288768K)
[250.472s][info][gc,heap        ] GC(379) ParOldGen: 8123796K(8123904K)->8123796K(8123904K)
[250.472s][info][gc,metaspace   ] GC(379) Metaspace: 6298K(6464K)->6298K(6464K) NonClass: 5765K(5824K)->5765K(5824K) Class: 533K(640K)->533K(640K)
[250.472s][info][gc             ] GC(379) Pause Full (Ergonomics) 8095M->8095M(8325M) 2574.553ms
[250.472s][info][gc,cpu         ] GC(379) User=18.09s Sys=0.06s Real=2.58s
[250.472s][info][gc,start       ] GC(380) Pause Full (Ergonomics)
[250.472s][info][gc,phases,start] GC(380) Marking Phase
[252.473s][info][gc,phases      ] GC(380) Marking Phase 2000.764ms
[252.473s][info][gc,phases,start] GC(380) Summary Phase
[252.473s][info][gc,phases      ] GC(380) Summary Phase 0.137ms
[252.473s][info][gc,phases,start] GC(380) Adjust Roots
[252.473s][info][gc,phases      ] GC(380) Adjust Roots 0.244ms
[252.473s][info][gc,phases,start] GC(380) Compaction Phase
[253.072s][info][gc,phases      ] GC(380) Compaction Phase 598.351ms
[253.072s][info][gc,phases,start] GC(380) Post Compact
[253.086s][info][gc,phases      ] GC(380) Post Compact 14.341ms
[253.086s][info][gc,heap        ] GC(380) PSYoungGen: 165574K(400896K)->165574K(400896K) Eden: 112128K(112128K)->112128K(112128K) From: 53446K(288768K)->53446K(288768K)
[253.086s][info][gc,heap        ] GC(380) ParOldGen: 8123801K(8123904K)->8123801K(8123904K)
[253.086s][info][gc,metaspace   ] GC(380) Metaspace: 6298K(6464K)->6298K(6464K) NonClass: 5765K(5824K)->5765K(5824K) Class: 533K(640K)->533K(640K)
[253.086s][info][gc             ] GC(380) Pause Full (Ergonomics) 8095M->8095M(8325M) 2614.222ms
[253.086s][info][gc,cpu         ] GC(380) User=18.30s Sys=0.00s Real=2.61s
[253.086s][info][gc,start       ] GC(381) Pause Full (Ergonomics)
[253.086s][info][gc,phases,start] GC(381) Marking Phase
[255.061s][info][gc,phases      ] GC(381) Marking Phase 1974.380ms
[255.061s][info][gc,phases,start] GC(381) Summary Phase
[255.061s][info][gc,phases      ] GC(381) Summary Phase 0.097ms
[255.061s][info][gc,phases,start] GC(381) Adjust Roots
[255.061s][info][gc,phases      ] GC(381) Adjust Roots 0.219ms
[255.061s][info][gc,phases,start] GC(381) Compaction Phase
[255.664s][info][gc,phases      ] GC(381) Compaction Phase 602.957ms
[255.664s][info][gc,phases,start] GC(381) Post Compact
[255.679s][info][gc,phases      ] GC(381) Post Compact 14.609ms
[255.679s][info][gc,heap        ] GC(381) PSYoungGen: 165574K(400896K)->165574K(400896K) Eden: 112128K(112128K)->112128K(112128K) From: 53446K(288768K)->53446K(288768K)
[255.679s][info][gc,heap        ] GC(381) ParOldGen: 8123806K(8123904K)->8123806K(8123904K)
[255.679s][info][gc,metaspace   ] GC(381) Metaspace: 6298K(6464K)->6298K(6464K) NonClass: 5765K(5824K)->5765K(5824K) Class: 533K(640K)->533K(640K)
[255.679s][info][gc             ] GC(381) Pause Full (Ergonomics) 8095M->8095M(8325M) 2592.670ms
[255.679s][info][gc,cpu         ] GC(381) User=18.23s Sys=0.06s Real=2.59s
[255.679s][info][gc,start       ] GC(382) Pause Full (Ergonomics)
[255.679s][info][gc,phases,start] GC(382) Marking Phase
[257.623s][info][gc,phases      ] GC(382) Marking Phase 1943.996ms
[257.623s][info][gc,phases,start] GC(382) Summary Phase
[257.624s][info][gc,phases      ] GC(382) Summary Phase 0.124ms
[257.624s][info][gc,phases,start] GC(382) Adjust Roots
[257.624s][info][gc,phases      ] GC(382) Adjust Roots 0.232ms
[257.624s][info][gc,phases,start] GC(382) Compaction Phase
[258.204s][info][gc,phases      ] GC(382) Compaction Phase 580.449ms
[258.204s][info][gc,phases,start] GC(382) Post Compact
[258.220s][info][gc,phases      ] GC(382) Post Compact 15.722ms
[258.220s][info][gc,heap        ] GC(382) PSYoungGen: 165574K(400896K)->165574K(400896K) Eden: 112128K(112128K)->112128K(112128K) From: 53446K(288768K)->53446K(288768K)
[258.220s][info][gc,heap        ] GC(382) ParOldGen: 8123811K(8123904K)->8123811K(8123904K)
[258.220s][info][gc,metaspace   ] GC(382) Metaspace: 6298K(6464K)->6298K(6464K) NonClass: 5765K(5824K)->5765K(5824K) Class: 533K(640K)->533K(640K)
[258.220s][info][gc             ] GC(382) Pause Full (Ergonomics) 8095M->8095M(8325M) 2540.929ms
[258.220s][info][gc,cpu         ] GC(382) User=18.69s Sys=0.02s Real=2.54s
[258.220s][info][gc,start       ] GC(383) Pause Full (Ergonomics)
[258.221s][info][gc,phases,start] GC(383) Marking Phase
[260.217s][info][gc,phases      ] GC(383) Marking Phase 1996.814ms
[260.217s][info][gc,phases,start] GC(383) Summary Phase
[260.218s][info][gc,phases      ] GC(383) Summary Phase 0.121ms
[260.218s][info][gc,phases,start] GC(383) Adjust Roots
[260.218s][info][gc,phases      ] GC(383) Adjust Roots 0.547ms
[260.218s][info][gc,phases,start] GC(383) Compaction Phase
[260.835s][info][gc,phases      ] GC(383) Compaction Phase 617.230ms
[260.835s][info][gc,phases,start] GC(383) Post Compact
[260.849s][info][gc,phases      ] GC(383) Post Compact 13.543ms
[260.849s][info][gc,heap        ] GC(383) PSYoungGen: 165574K(400896K)->165574K(400896K) Eden: 112128K(112128K)->112128K(112128K) From: 53446K(288768K)->53446K(288768K)
[260.849s][info][gc,heap        ] GC(383) ParOldGen: 8123816K(8123904K)->8123816K(8123904K)
[260.849s][info][gc,metaspace   ] GC(383) Metaspace: 6298K(6464K)->6298K(6464K) NonClass: 5765K(5824K)->5765K(5824K) Class: 533K(640K)->533K(640K)
[260.849s][info][gc             ] GC(383) Pause Full (Ergonomics) 8095M->8095M(8325M) 2628.623ms
[260.849s][info][gc,cpu         ] GC(383) User=18.69s Sys=0.02s Real=2.63s
[260.849s][info][gc,start       ] GC(384) Pause Full (Ergonomics)
[260.849s][info][gc,phases,start] GC(384) Marking Phase
[262.889s][info][gc,phases      ] GC(384) Marking Phase 2039.692ms
[262.889s][info][gc,phases,start] GC(384) Summary Phase
[262.889s][info][gc,phases      ] GC(384) Summary Phase 0.137ms
[262.889s][info][gc,phases,start] GC(384) Adjust Roots
[262.890s][info][gc,phases      ] GC(384) Adjust Roots 0.307ms
[262.890s][info][gc,phases,start] GC(384) Compaction Phase
[263.497s][info][gc,phases      ] GC(384) Compaction Phase 607.666ms
[263.497s][info][gc,phases,start] GC(384) Post Compact
[263.515s][info][gc,phases      ] GC(384) Post Compact 17.078ms
[263.515s][info][gc,heap        ] GC(384) PSYoungGen: 165574K(400896K)->165574K(400896K) Eden: 112128K(112128K)->112128K(112128K) From: 53446K(288768K)->53446K(288768K)
[263.515s][info][gc,heap        ] GC(384) ParOldGen: 8123820K(8123904K)->8123820K(8123904K)
[263.515s][info][gc,metaspace   ] GC(384) Metaspace: 6298K(6464K)->6298K(6464K) NonClass: 5765K(5824K)->5765K(5824K) Class: 533K(640K)->533K(640K)
[263.515s][info][gc             ] GC(384) Pause Full (Ergonomics) 8095M->8095M(8325M) 2665.310ms
[263.515s][info][gc,cpu         ] GC(384) User=18.72s Sys=0.00s Real=2.66s
[263.515s][info][gc,start       ] GC(385) Pause Full (Ergonomics)
[263.515s][info][gc,phases,start] GC(385) Marking Phase
[265.458s][info][gc,phases      ] GC(385) Marking Phase 1943.397ms
[265.458s][info][gc,phases,start] GC(385) Summary Phase
[265.458s][info][gc,phases      ] GC(385) Summary Phase 0.132ms
[265.458s][info][gc,phases,start] GC(385) Adjust Roots
[265.459s][info][gc,phases      ] GC(385) Adjust Roots 0.291ms
[265.459s][info][gc,phases,start] GC(385) Compaction Phase
[266.040s][info][gc,phases      ] GC(385) Compaction Phase 581.078ms
[266.040s][info][gc,phases,start] GC(385) Post Compact
[266.055s][info][gc,phases      ] GC(385) Post Compact 15.057ms
[266.055s][info][gc,heap        ] GC(385) PSYoungGen: 165574K(400896K)->165574K(400896K) Eden: 112128K(112128K)->112128K(112128K) From: 53446K(288768K)->53446K(288768K)
[266.055s][info][gc,heap        ] GC(385) ParOldGen: 8123825K(8123904K)->8123825K(8123904K)
[266.055s][info][gc,metaspace   ] GC(385) Metaspace: 6298K(6464K)->6298K(6464K) NonClass: 5765K(5824K)->5765K(5824K) Class: 533K(640K)->533K(640K)
[266.055s][info][gc             ] GC(385) Pause Full (Ergonomics) 8095M->8095M(8325M) 2540.371ms
[266.055s][info][gc,cpu         ] GC(385) User=18.09s Sys=0.00s Real=2.54s
[266.055s][info][gc,start       ] GC(386) Pause Full (Ergonomics)
[266.055s][info][gc,phases,start] GC(386) Marking Phase
[267.964s][info][gc,phases      ] GC(386) Marking Phase 1908.829ms
[267.964s][info][gc,phases,start] GC(386) Summary Phase
[267.965s][info][gc,phases      ] GC(386) Summary Phase 0.148ms
[267.965s][info][gc,phases,start] GC(386) Adjust Roots
[267.965s][info][gc,phases      ] GC(386) Adjust Roots 0.324ms
[267.965s][info][gc,phases,start] GC(386) Compaction Phase
[268.531s][info][gc,phases      ] GC(386) Compaction Phase 566.125ms
[268.531s][info][gc,phases,start] GC(386) Post Compact
[268.545s][info][gc,phases      ] GC(386) Post Compact 14.320ms
[268.546s][info][gc,heap        ] GC(386) PSYoungGen: 165574K(400896K)->165574K(400896K) Eden: 112128K(112128K)->112128K(112128K) From: 53446K(288768K)->53446K(288768K)
[268.546s][info][gc,heap        ] GC(386) ParOldGen: 8123830K(8123904K)->8123830K(8123904K)
[268.546s][info][gc,metaspace   ] GC(386) Metaspace: 6298K(6464K)->6298K(6464K) NonClass: 5765K(5824K)->5765K(5824K) Class: 533K(640K)->533K(640K)
[268.546s][info][gc             ] GC(386) Pause Full (Ergonomics) 8095M->8095M(8325M) 2490.188ms
[268.546s][info][gc,cpu         ] GC(386) User=18.47s Sys=0.00s Real=2.49s
[268.546s][info][gc,start       ] GC(387) Pause Full (Ergonomics)
[268.546s][info][gc,phases,start] GC(387) Marking Phase
[270.503s][info][gc,phases      ] GC(387) Marking Phase 1957.376ms
[270.503s][info][gc,phases,start] GC(387) Summary Phase
[270.503s][info][gc,phases      ] GC(387) Summary Phase 0.107ms
[270.503s][info][gc,phases,start] GC(387) Adjust Roots
[270.504s][info][gc,phases      ] GC(387) Adjust Roots 0.206ms
[270.504s][info][gc,phases,start] GC(387) Compaction Phase
[271.091s][info][gc,phases      ] GC(387) Compaction Phase 586.867ms
[271.091s][info][gc,phases,start] GC(387) Post Compact
[271.105s][info][gc,phases      ] GC(387) Post Compact 14.805ms
[271.106s][info][gc,heap        ] GC(387) PSYoungGen: 165574K(400896K)->165574K(400896K) Eden: 112128K(112128K)->112128K(112128K) From: 53446K(288768K)->53446K(288768K)
[271.106s][info][gc,heap        ] GC(387) ParOldGen: 8123835K(8123904K)->8123835K(8123904K)
[271.106s][info][gc,metaspace   ] GC(387) Metaspace: 6298K(6464K)->6298K(6464K) NonClass: 5765K(5824K)->5765K(5824K) Class: 533K(640K)->533K(640K)
[271.106s][info][gc             ] GC(387) Pause Full (Ergonomics) 8095M->8095M(8325M) 2559.831ms
[271.106s][info][gc,cpu         ] GC(387) User=18.59s Sys=0.05s Real=2.56s
[271.106s][info][gc,start       ] GC(388) Pause Full (Ergonomics)
[271.106s][info][gc,phases,start] GC(388) Marking Phase
[273.075s][info][gc,phases      ] GC(388) Marking Phase 1968.862ms
[273.075s][info][gc,phases,start] GC(388) Summary Phase
[273.075s][info][gc,phases      ] GC(388) Summary Phase 0.126ms
[273.075s][info][gc,phases,start] GC(388) Adjust Roots
[273.075s][info][gc,phases      ] GC(388) Adjust Roots 0.298ms
[273.075s][info][gc,phases,start] GC(388) Compaction Phase
[273.660s][info][gc,phases      ] GC(388) Compaction Phase 584.784ms
[273.660s][info][gc,phases,start] GC(388) Post Compact
[273.678s][info][gc,phases      ] GC(388) Post Compact 17.211ms
[273.678s][info][gc,heap        ] GC(388) PSYoungGen: 165574K(400896K)->165574K(400896K) Eden: 112128K(112128K)->112128K(112128K) From: 53446K(288768K)->53446K(288768K)
[273.678s][info][gc,heap        ] GC(388) ParOldGen: 8123840K(8123904K)->8123840K(8123904K)
[273.678s][info][gc,metaspace   ] GC(388) Metaspace: 6298K(6464K)->6298K(6464K) NonClass: 5765K(5824K)->5765K(5824K) Class: 533K(640K)->533K(640K)
[273.678s][info][gc             ] GC(388) Pause Full (Ergonomics) 8095M->8095M(8325M) 2571.732ms
[273.678s][info][gc,cpu         ] GC(388) User=18.61s Sys=0.00s Real=2.57s
[273.678s][info][gc,start       ] GC(389) Pause Full (Ergonomics)
[273.678s][info][gc,phases,start] GC(389) Marking Phase
[275.673s][info][gc,phases      ] GC(389) Marking Phase 1994.683ms
[275.673s][info][gc,phases,start] GC(389) Summary Phase
[275.673s][info][gc,phases      ] GC(389) Summary Phase 0.091ms
[275.673s][info][gc,phases,start] GC(389) Adjust Roots
[275.673s][info][gc,phases      ] GC(389) Adjust Roots 0.298ms
[275.673s][info][gc,phases,start] GC(389) Compaction Phase
[276.271s][info][gc,phases      ] GC(389) Compaction Phase 597.906ms
[276.271s][info][gc,phases,start] GC(389) Post Compact
[276.286s][info][gc,phases      ] GC(389) Post Compact 15.027ms
[276.286s][info][gc,heap        ] GC(389) PSYoungGen: 165574K(400896K)->165574K(400896K) Eden: 112128K(112128K)->112128K(112128K) From: 53446K(288768K)->53446K(288768K)
[276.286s][info][gc,heap        ] GC(389) ParOldGen: 8123845K(8123904K)->8123845K(8123904K)
[276.286s][info][gc,metaspace   ] GC(389) Metaspace: 6298K(6464K)->6298K(6464K) NonClass: 5765K(5824K)->5765K(5824K) Class: 533K(640K)->533K(640K)
[276.286s][info][gc             ] GC(389) Pause Full (Ergonomics) 8095M->8095M(8325M) 2608.362ms
[276.286s][info][gc,cpu         ] GC(389) User=18.53s Sys=0.00s Real=2.61s
[276.286s][info][gc,start       ] GC(390) Pause Full (Ergonomics)
[276.287s][info][gc,phases,start] GC(390) Marking Phase
[278.237s][info][gc,phases      ] GC(390) Marking Phase 1950.319ms
[278.237s][info][gc,phases,start] GC(390) Summary Phase
[278.237s][info][gc,phases      ] GC(390) Summary Phase 0.087ms
[278.237s][info][gc,phases,start] GC(390) Adjust Roots
[278.237s][info][gc,phases      ] GC(390) Adjust Roots 0.167ms
[278.237s][info][gc,phases,start] GC(390) Compaction Phase
[278.838s][info][gc,phases      ] GC(390) Compaction Phase 600.404ms
[278.838s][info][gc,phases,start] GC(390) Post Compact
[278.851s][info][gc,phases      ] GC(390) Post Compact 12.912ms
[278.851s][info][gc,heap        ] GC(390) PSYoungGen: 165574K(400896K)->165574K(400896K) Eden: 112128K(112128K)->112128K(112128K) From: 53446K(288768K)->53446K(288768K)
[278.851s][info][gc,heap        ] GC(390) ParOldGen: 8123849K(8123904K)->8123849K(8123904K)
[278.851s][info][gc,metaspace   ] GC(390) Metaspace: 6298K(6464K)->6298K(6464K) NonClass: 5765K(5824K)->5765K(5824K) Class: 533K(640K)->533K(640K)
[278.851s][info][gc             ] GC(390) Pause Full (Ergonomics) 8095M->8095M(8325M) 2564.262ms
[278.851s][info][gc,cpu         ] GC(390) User=18.72s Sys=0.02s Real=2.57s
[278.851s][info][gc,start       ] GC(391) Pause Full (Ergonomics)
[278.851s][info][gc,phases,start] GC(391) Marking Phase
[280.738s][info][gc,phases      ] GC(391) Marking Phase 1886.484ms
[280.738s][info][gc,phases,start] GC(391) Summary Phase
[280.738s][info][gc,phases      ] GC(391) Summary Phase 0.081ms
[280.738s][info][gc,phases,start] GC(391) Adjust Roots
[280.738s][info][gc,phases      ] GC(391) Adjust Roots 0.164ms
[280.738s][info][gc,phases,start] GC(391) Compaction Phase
[281.320s][info][gc,phases      ] GC(391) Compaction Phase 582.020ms
[281.320s][info][gc,phases,start] GC(391) Post Compact
[281.332s][info][gc,phases      ] GC(391) Post Compact 12.317ms
[281.332s][info][gc,heap        ] GC(391) PSYoungGen: 165574K(400896K)->165574K(400896K) Eden: 112128K(112128K)->112128K(112128K) From: 53446K(288768K)->53446K(288768K)
[281.332s][info][gc,heap        ] GC(391) ParOldGen: 8123854K(8123904K)->8123854K(8123904K)
[281.332s][info][gc,metaspace   ] GC(391) Metaspace: 6298K(6464K)->6298K(6464K) NonClass: 5765K(5824K)->5765K(5824K) Class: 533K(640K)->533K(640K)
[281.332s][info][gc             ] GC(391) Pause Full (Ergonomics) 8095M->8095M(8325M) 2481.419ms
[281.332s][info][gc,cpu         ] GC(391) User=18.12s Sys=0.02s Real=2.48s
[281.333s][info][gc,start       ] GC(392) Pause Full (Ergonomics)
[281.333s][info][gc,phases,start] GC(392) Marking Phase
[283.224s][info][gc,phases      ] GC(392) Marking Phase 1891.242ms
[283.224s][info][gc,phases,start] GC(392) Summary Phase
[283.224s][info][gc,phases      ] GC(392) Summary Phase 0.086ms
[283.224s][info][gc,phases,start] GC(392) Adjust Roots
[283.224s][info][gc,phases      ] GC(392) Adjust Roots 0.177ms
[283.224s][info][gc,phases,start] GC(392) Compaction Phase
[283.801s][info][gc,phases      ] GC(392) Compaction Phase 576.464ms
[283.801s][info][gc,phases,start] GC(392) Post Compact
[283.813s][info][gc,phases      ] GC(392) Post Compact 12.390ms
[283.813s][info][gc,heap        ] GC(392) PSYoungGen: 165574K(400896K)->165574K(400896K) Eden: 112128K(112128K)->112128K(112128K) From: 53446K(288768K)->53446K(288768K)
[283.813s][info][gc,heap        ] GC(392) ParOldGen: 8123859K(8123904K)->8123859K(8123904K)
[283.813s][info][gc,metaspace   ] GC(392) Metaspace: 6298K(6464K)->6298K(6464K) NonClass: 5765K(5824K)->5765K(5824K) Class: 533K(640K)->533K(640K)
[283.813s][info][gc             ] GC(392) Pause Full (Ergonomics) 8095M->8095M(8325M) 2480.774ms
[283.813s][info][gc,cpu         ] GC(392) User=18.48s Sys=0.03s Real=2.48s
[283.814s][info][gc,start       ] GC(393) Pause Full (Ergonomics)
[283.814s][info][gc,phases,start] GC(393) Marking Phase
[285.719s][info][gc,phases      ] GC(393) Marking Phase 1905.808ms
[285.720s][info][gc,phases,start] GC(393) Summary Phase
[285.720s][info][gc,phases      ] GC(393) Summary Phase 0.081ms
[285.720s][info][gc,phases,start] GC(393) Adjust Roots
[285.720s][info][gc,phases      ] GC(393) Adjust Roots 0.164ms
[285.720s][info][gc,phases,start] GC(393) Compaction Phase
[286.298s][info][gc,phases      ] GC(393) Compaction Phase 578.102ms
[286.298s][info][gc,phases,start] GC(393) Post Compact
[286.310s][info][gc,phases      ] GC(393) Post Compact 12.265ms
[286.310s][info][gc,heap        ] GC(393) PSYoungGen: 165574K(400896K)->165574K(400896K) Eden: 112128K(112128K)->112128K(112128K) From: 53446K(288768K)->53446K(288768K)
[286.310s][info][gc,heap        ] GC(393) ParOldGen: 8123864K(8123904K)->8123864K(8123904K)
[286.310s][info][gc,metaspace   ] GC(393) Metaspace: 6298K(6464K)->6298K(6464K) NonClass: 5765K(5824K)->5765K(5824K) Class: 533K(640K)->533K(640K)
[286.310s][info][gc             ] GC(393) Pause Full (Ergonomics) 8095M->8095M(8325M) 2496.825ms
[286.310s][info][gc,cpu         ] GC(393) User=18.78s Sys=0.02s Real=2.50s
[286.311s][info][gc,start       ] GC(394) Pause Full (Ergonomics)
[286.311s][info][gc,phases,start] GC(394) Marking Phase
[288.185s][info][gc,phases      ] GC(394) Marking Phase 1874.416ms
[288.185s][info][gc,phases,start] GC(394) Summary Phase
[288.185s][info][gc,phases      ] GC(394) Summary Phase 0.081ms
[288.185s][info][gc,phases,start] GC(394) Adjust Roots
[288.185s][info][gc,phases      ] GC(394) Adjust Roots 0.167ms
[288.185s][info][gc,phases,start] GC(394) Compaction Phase
[288.768s][info][gc,phases      ] GC(394) Compaction Phase 582.580ms
[288.768s][info][gc,phases,start] GC(394) Post Compact
[288.780s][info][gc,phases      ] GC(394) Post Compact 12.215ms
[288.780s][info][gc,heap        ] GC(394) PSYoungGen: 165574K(400896K)->165574K(400896K) Eden: 112128K(112128K)->112128K(112128K) From: 53446K(288768K)->53446K(288768K)
[288.780s][info][gc,heap        ] GC(394) ParOldGen: 8123869K(8123904K)->8123869K(8123904K)
[288.780s][info][gc,metaspace   ] GC(394) Metaspace: 6298K(6464K)->6298K(6464K) NonClass: 5765K(5824K)->5765K(5824K) Class: 533K(640K)->533K(640K)
[288.780s][info][gc             ] GC(394) Pause Full (Ergonomics) 8095M->8095M(8325M) 2469.792ms
[288.780s][info][gc,cpu         ] GC(394) User=18.45s Sys=0.00s Real=2.47s
[288.781s][info][gc,start       ] GC(395) Pause Full (Ergonomics)
[288.781s][info][gc,phases,start] GC(395) Marking Phase
[290.824s][info][gc,phases      ] GC(395) Marking Phase 2043.782ms
[290.825s][info][gc,phases,start] GC(395) Summary Phase
[290.825s][info][gc,phases      ] GC(395) Summary Phase 0.177ms
[290.825s][info][gc,phases,start] GC(395) Adjust Roots
[290.825s][info][gc,phases      ] GC(395) Adjust Roots 0.345ms
[290.825s][info][gc,phases,start] GC(395) Compaction Phase
[291.473s][info][gc,phases      ] GC(395) Compaction Phase 648.281ms
[291.474s][info][gc,phases,start] GC(395) Post Compact
[291.492s][info][gc,phases      ] GC(395) Post Compact 18.890ms
[291.493s][info][gc,heap        ] GC(395) PSYoungGen: 165574K(400896K)->165574K(400896K) Eden: 112128K(112128K)->112128K(112128K) From: 53446K(288768K)->53446K(288768K)
[291.493s][info][gc,heap        ] GC(395) ParOldGen: 8123874K(8123904K)->8123874K(8123904K)
[291.493s][info][gc,metaspace   ] GC(395) Metaspace: 6298K(6464K)->6298K(6464K) NonClass: 5765K(5824K)->5765K(5824K) Class: 533K(640K)->533K(640K)
[291.493s][info][gc             ] GC(395) Pause Full (Ergonomics) 8095M->8095M(8325M) 2712.003ms
[291.493s][info][gc,cpu         ] GC(395) User=18.84s Sys=0.00s Real=2.71s
[291.493s][info][gc,start       ] GC(396) Pause Full (Ergonomics)
[291.493s][info][gc,phases,start] GC(396) Marking Phase
[293.550s][info][gc,phases      ] GC(396) Marking Phase 2057.168ms
[293.550s][info][gc,phases,start] GC(396) Summary Phase
[293.550s][info][gc,phases      ] GC(396) Summary Phase 0.143ms
[293.550s][info][gc,phases,start] GC(396) Adjust Roots
[293.551s][info][gc,phases      ] GC(396) Adjust Roots 0.352ms
[293.551s][info][gc,phases,start] GC(396) Compaction Phase
[294.236s][info][gc,phases      ] GC(396) Compaction Phase 685.046ms
[294.236s][info][gc,phases,start] GC(396) Post Compact
[294.253s][info][gc,phases      ] GC(396) Post Compact 16.743ms
[294.253s][info][gc,heap        ] GC(396) PSYoungGen: 165574K(400896K)->165574K(400896K) Eden: 112128K(112128K)->112128K(112128K) From: 53446K(288768K)->53446K(288768K)
[294.253s][info][gc,heap        ] GC(396) ParOldGen: 8123878K(8123904K)->8123878K(8123904K)
[294.253s][info][gc,metaspace   ] GC(396) Metaspace: 6298K(6464K)->6298K(6464K) NonClass: 5765K(5824K)->5765K(5824K) Class: 533K(640K)->533K(640K)
[294.253s][info][gc             ] GC(396) Pause Full (Ergonomics) 8095M->8095M(8325M) 2759.873ms
[294.253s][info][gc,cpu         ] GC(396) User=18.56s Sys=0.02s Real=2.76s
[294.253s][info][gc,start       ] GC(397) Pause Full (Ergonomics)
[294.253s][info][gc,phases,start] GC(397) Marking Phase
[296.203s][info][gc,phases      ] GC(397) Marking Phase 1950.147ms
[296.203s][info][gc,phases,start] GC(397) Summary Phase
[296.203s][info][gc,phases      ] GC(397) Summary Phase 0.156ms
[296.204s][info][gc,phases,start] GC(397) Adjust Roots
[296.204s][info][gc,phases      ] GC(397) Adjust Roots 0.380ms
[296.204s][info][gc,phases,start] GC(397) Compaction Phase
[296.869s][info][gc,phases      ] GC(397) Compaction Phase 664.878ms
[296.869s][info][gc,phases,start] GC(397) Post Compact
[296.885s][info][gc,phases      ] GC(397) Post Compact 15.836ms
[296.885s][info][gc,heap        ] GC(397) PSYoungGen: 165574K(400896K)->165574K(400896K) Eden: 112128K(112128K)->112128K(112128K) From: 53446K(288768K)->53446K(288768K)
[296.885s][info][gc,heap        ] GC(397) ParOldGen: 8123883K(8123904K)->8123883K(8123904K)
[296.885s][info][gc,metaspace   ] GC(397) Metaspace: 6298K(6464K)->6298K(6464K) NonClass: 5765K(5824K)->5765K(5824K) Class: 533K(640K)->533K(640K)
[296.885s][info][gc             ] GC(397) Pause Full (Ergonomics) 8095M->8095M(8325M) 2631.966ms
[296.885s][info][gc,cpu         ] GC(397) User=18.30s Sys=0.00s Real=2.63s
[296.885s][info][gc,start       ] GC(398) Pause Full (Ergonomics)
[296.885s][info][gc,phases,start] GC(398) Marking Phase
[298.860s][info][gc,phases      ] GC(398) Marking Phase 1975.166ms
[298.861s][info][gc,phases,start] GC(398) Summary Phase
[298.861s][info][gc,phases      ] GC(398) Summary Phase 0.133ms
[298.861s][info][gc,phases,start] GC(398) Adjust Roots
[298.861s][info][gc,phases      ] GC(398) Adjust Roots 0.352ms
[298.861s][info][gc,phases,start] GC(398) Compaction Phase
[299.456s][info][gc,phases      ] GC(398) Compaction Phase 594.470ms
[299.456s][info][gc,phases,start] GC(398) Post Compact
[299.470s][info][gc,phases      ] GC(398) Post Compact 14.071ms
[299.470s][info][gc,heap        ] GC(398) PSYoungGen: 165574K(400896K)->165574K(400896K) Eden: 112128K(112128K)->112128K(112128K) From: 53446K(288768K)->53446K(288768K)
[299.470s][info][gc,heap        ] GC(398) ParOldGen: 8123888K(8123904K)->8123888K(8123904K)
[299.470s][info][gc,metaspace   ] GC(398) Metaspace: 6298K(6464K)->6298K(6464K) NonClass: 5765K(5824K)->5765K(5824K) Class: 533K(640K)->533K(640K)
[299.470s][info][gc             ] GC(398) Pause Full (Ergonomics) 8095M->8095M(8325M) 2584.605ms
[299.470s][info][gc,cpu         ] GC(398) User=18.73s Sys=0.00s Real=2.58s
[299.470s][info][gc,start       ] GC(399) Pause Full (Ergonomics)
[299.470s][info][gc,phases,start] GC(399) Marking Phase
[301.381s][info][gc,phases      ] GC(399) Marking Phase 1910.630ms
[301.381s][info][gc,phases,start] GC(399) Summary Phase
[301.381s][info][gc,phases      ] GC(399) Summary Phase 0.133ms
[301.381s][info][gc,phases,start] GC(399) Adjust Roots
[301.382s][info][gc,phases      ] GC(399) Adjust Roots 0.353ms
[301.382s][info][gc,phases,start] GC(399) Compaction Phase
[301.963s][info][gc,phases      ] GC(399) Compaction Phase 580.931ms
[301.963s][info][gc,phases,start] GC(399) Post Compact
[301.977s][info][gc,phases      ] GC(399) Post Compact 14.757ms
[301.977s][info][gc,heap        ] GC(399) PSYoungGen: 165574K(400896K)->165574K(400896K) Eden: 112128K(112128K)->112128K(112128K) From: 53446K(288768K)->53446K(288768K)
[301.978s][info][gc,heap        ] GC(399) ParOldGen: 8123893K(8123904K)->8123893K(8123904K)
[301.978s][info][gc,metaspace   ] GC(399) Metaspace: 6298K(6464K)->6298K(6464K) NonClass: 5765K(5824K)->5765K(5824K) Class: 533K(640K)->533K(640K)
[301.978s][info][gc             ] GC(399) Pause Full (Ergonomics) 8095M->8095M(8325M) 2507.271ms
[301.978s][info][gc,cpu         ] GC(399) User=18.70s Sys=0.02s Real=2.51s
[301.978s][info][gc,start       ] GC(400) Pause Full (Ergonomics)
[301.978s][info][gc,phases,start] GC(400) Marking Phase
[303.934s][info][gc,phases      ] GC(400) Marking Phase 1956.592ms
[303.935s][info][gc,phases,start] GC(400) Summary Phase
[303.935s][info][gc,phases      ] GC(400) Summary Phase 0.142ms
[303.935s][info][gc,phases,start] GC(400) Adjust Roots
[303.935s][info][gc,phases      ] GC(400) Adjust Roots 0.429ms
[303.935s][info][gc,phases,start] GC(400) Compaction Phase
[304.544s][info][gc,phases      ] GC(400) Compaction Phase 608.824ms
[304.544s][info][gc,phases,start] GC(400) Post Compact
[304.563s][info][gc,phases      ] GC(400) Post Compact 18.552ms
[304.563s][info][gc,heap        ] GC(400) PSYoungGen: 165574K(400896K)->165574K(400896K) Eden: 112128K(112128K)->112128K(112128K) From: 53446K(288768K)->53446K(288768K)
[304.563s][info][gc,heap        ] GC(400) ParOldGen: 8123898K(8123904K)->8123898K(8123904K)
[304.563s][info][gc,metaspace   ] GC(400) Metaspace: 6298K(6464K)->6298K(6464K) NonClass: 5765K(5824K)->5765K(5824K) Class: 533K(640K)->533K(640K)
[304.563s][info][gc             ] GC(400) Pause Full (Ergonomics) 8095M->8095M(8325M) 2585.028ms
[304.563s][info][gc,cpu         ] GC(400) User=18.19s Sys=0.02s Real=2.59s
[304.563s][info][gc,start       ] GC(401) Pause Full (Ergonomics)
[304.563s][info][gc,phases,start] GC(401) Marking Phase
[306.629s][info][gc,phases      ] GC(401) Marking Phase 2065.677ms
[306.629s][info][gc,phases,start] GC(401) Summary Phase
[306.629s][info][gc,phases      ] GC(401) Summary Phase 0.134ms
[306.629s][info][gc,phases,start] GC(401) Adjust Roots
[306.629s][info][gc,phases      ] GC(401) Adjust Roots 0.341ms
[306.629s][info][gc,phases,start] GC(401) Compaction Phase
[307.244s][info][gc,phases      ] GC(401) Compaction Phase 614.485ms
[307.244s][info][gc,phases,start] GC(401) Post Compact
[307.257s][info][gc,phases      ] GC(401) Post Compact 12.634ms
[307.257s][info][gc,heap        ] GC(401) PSYoungGen: 165574K(400896K)->165574K(400896K) Eden: 112128K(112128K)->112128K(112128K) From: 53446K(288768K)->53446K(288768K)
[307.257s][info][gc,heap        ] GC(401) ParOldGen: 8123903K(8123904K)->8123903K(8123904K)
[307.257s][info][gc,metaspace   ] GC(401) Metaspace: 6298K(6464K)->6298K(6464K) NonClass: 5765K(5824K)->5765K(5824K) Class: 533K(640K)->533K(640K)
[307.257s][info][gc             ] GC(401) Pause Full (Ergonomics) 8095M->8095M(8325M) 2693.718ms
[307.257s][info][gc,cpu         ] GC(401) User=18.39s Sys=0.03s Real=2.69s
[307.257s][info][gc,start       ] GC(402) Pause Full (Ergonomics)
[307.257s][info][gc,phases,start] GC(402) Marking Phase
[309.232s][info][gc,phases      ] GC(402) Marking Phase 1974.553ms
[309.232s][info][gc,phases,start] GC(402) Summary Phase
[309.232s][info][gc,phases      ] GC(402) Summary Phase 0.144ms
[309.232s][info][gc,phases,start] GC(402) Adjust Roots
[309.232s][info][gc,phases      ] GC(402) Adjust Roots 0.341ms
[309.232s][info][gc,phases,start] GC(402) Compaction Phase
[309.864s][info][gc,phases      ] GC(402) Compaction Phase 632.052ms
[309.865s][info][gc,phases,start] GC(402) Post Compact
[309.879s][info][gc,phases      ] GC(402) Post Compact 14.684ms
[309.879s][info][gc,heap        ] GC(402) PSYoungGen: 165574K(400896K)->165574K(400896K) Eden: 112128K(112128K)->112128K(112128K) From: 53446K(288768K)->53446K(288768K)
[309.879s][info][gc,heap        ] GC(402) ParOldGen: 8123903K(8123904K)->8123903K(8123904K)
[309.879s][info][gc,metaspace   ] GC(402) Metaspace: 6298K(6464K)->6298K(6464K) NonClass: 5765K(5824K)->5765K(5824K) Class: 533K(640K)->533K(640K)
[309.879s][info][gc             ] GC(402) Pause Full (Ergonomics) 8095M->8095M(8325M) 2622.307ms
[309.879s][info][gc,cpu         ] GC(402) User=19.14s Sys=0.00s Real=2.62s
[309.879s][info][gc,start       ] GC(403) Pause Full (Allocation Failure)
[309.880s][info][gc,phases,start] GC(403) Marking Phase
[311.989s][info][gc,phases      ] GC(403) Marking Phase 2108.989ms
[311.989s][info][gc,phases,start] GC(403) Summary Phase
[311.989s][info][gc,phases      ] GC(403) Summary Phase 0.165ms
[311.989s][info][gc,phases,start] GC(403) Adjust Roots
[311.989s][info][gc,phases      ] GC(403) Adjust Roots 0.524ms
[311.989s][info][gc,phases,start] GC(403) Compaction Phase
[314.092s][info][gc,phases      ] GC(403) Compaction Phase 2102.691ms
[314.092s][info][gc,phases,start] GC(403) Post Compact
[314.111s][info][gc,phases      ] GC(403) Post Compact 18.979ms
[314.111s][info][gc,heap        ] GC(403) PSYoungGen: 165574K(400896K)->165574K(400896K) Eden: 112128K(112128K)->112128K(112128K) From: 53446K(288768K)->53446K(288768K)
[314.111s][info][gc,heap        ] GC(403) ParOldGen: 8123903K(8123904K)->8123899K(8123904K)
[314.111s][info][gc,metaspace   ] GC(403) Metaspace: 6298K(6464K)->6296K(6464K) NonClass: 5765K(5824K)->5764K(5824K) Class: 533K(640K)->532K(640K)
[314.111s][info][gc             ] GC(403) Pause Full (Allocation Failure) 8095M->8095M(8325M) 4231.811ms
[314.111s][info][gc,cpu         ] GC(403) User=25.36s Sys=0.08s Real=4.23s
[314.113s][info][gc,start       ] GC(404) Pause Full (Ergonomics)
[314.113s][info][gc,phases,start] GC(404) Marking Phase
[316.205s][info][gc,phases      ] GC(404) Marking Phase 2092.006ms
[316.205s][info][gc,phases,start] GC(404) Summary Phase
[316.205s][info][gc,phases      ] GC(404) Summary Phase 0.143ms
[316.205s][info][gc,phases,start] GC(404) Adjust Roots
[316.206s][info][gc,phases      ] GC(404) Adjust Roots 0.331ms
[316.206s][info][gc,phases,start] GC(404) Compaction Phase
[316.816s][info][gc,phases      ] GC(404) Compaction Phase 609.851ms
[316.816s][info][gc,phases,start] GC(404) Post Compact
[316.833s][info][gc,phases      ] GC(404) Post Compact 16.969ms
[316.833s][info][gc,heap        ] GC(404) PSYoungGen: 165574K(400896K)->165574K(400896K) Eden: 112128K(112128K)->112128K(112128K) From: 53446K(288768K)->53446K(288768K)
[316.833s][info][gc,heap        ] GC(404) ParOldGen: 8123903K(8123904K)->8123903K(8123904K)
[316.833s][info][gc,metaspace   ] GC(404) Metaspace: 6296K(6464K)->6296K(6464K) NonClass: 5764K(5824K)->5764K(5824K) Class: 532K(640K)->532K(640K)
[316.833s][info][gc             ] GC(404) Pause Full (Ergonomics) 8095M->8095M(8325M) 2719.806ms
[316.833s][info][gc,cpu         ] GC(404) User=18.41s Sys=0.00s Real=2.72s
[316.834s][info][gc,start       ] GC(405) Pause Full (Ergonomics)
[316.835s][info][gc,phases,start] GC(405) Marking Phase
[318.778s][info][gc,phases      ] GC(405) Marking Phase 1943.526ms
[318.778s][info][gc,phases,start] GC(405) Summary Phase
[318.778s][info][gc,phases      ] GC(405) Summary Phase 0.141ms
[318.778s][info][gc,phases,start] GC(405) Adjust Roots
[318.780s][info][gc,phases      ] GC(405) Adjust Roots 1.334ms
[318.780s][info][gc,phases,start] GC(405) Compaction Phase
[319.439s][info][gc,phases      ] GC(405) Compaction Phase 659.184ms
[319.439s][info][gc,phases,start] GC(405) Post Compact
[319.456s][info][gc,phases      ] GC(405) Post Compact 17.069ms
[319.456s][info][gc,heap        ] GC(405) PSYoungGen: 165574K(400896K)->165574K(400896K) Eden: 112128K(112128K)->112128K(112128K) From: 53446K(288768K)->53446K(288768K)
[319.456s][info][gc,heap        ] GC(405) ParOldGen: 8123903K(8123904K)->8123903K(8123904K)
[319.456s][info][gc,metaspace   ] GC(405) Metaspace: 6296K(6464K)->6296K(6464K) NonClass: 5764K(5824K)->5764K(5824K) Class: 532K(640K)->532K(640K)
[319.456s][info][gc             ] GC(405) Pause Full (Ergonomics) 8095M->8095M(8325M) 2621.838ms
[319.456s][info][gc,cpu         ] GC(405) User=18.73s Sys=0.00s Real=2.62s
[319.456s][info][gc,start       ] GC(406) Pause Full (Allocation Failure)
[319.456s][info][gc,phases,start] GC(406) Marking Phase
[321.501s][info][gc,phases      ] GC(406) Marking Phase 2044.878ms
[321.501s][info][gc,phases,start] GC(406) Summary Phase
[321.502s][info][gc,phases      ] GC(406) Summary Phase 0.152ms
[321.502s][info][gc,phases,start] GC(406) Adjust Roots
[321.502s][info][gc,phases      ] GC(406) Adjust Roots 0.307ms
[321.502s][info][gc,phases,start] GC(406) Compaction Phase
[322.146s][info][gc,phases      ] GC(406) Compaction Phase 644.424ms
[322.146s][info][gc,phases,start] GC(406) Post Compact
[322.161s][info][gc,phases      ] GC(406) Post Compact 14.912ms
[322.161s][info][gc,heap        ] GC(406) PSYoungGen: 165574K(400896K)->165574K(400896K) Eden: 112128K(112128K)->112128K(112128K) From: 53446K(288768K)->53446K(288768K)
[322.162s][info][gc,heap        ] GC(406) ParOldGen: 8123903K(8123904K)->8123903K(8123904K)
[322.162s][info][gc,metaspace   ] GC(406) Metaspace: 6296K(6464K)->6296K(6464K) NonClass: 5764K(5824K)->5764K(5824K) Class: 532K(640K)->532K(640K)
[322.162s][info][gc             ] GC(406) Pause Full (Allocation Failure) 8095M->8095M(8325M) 2705.174ms
[322.162s][info][gc,cpu         ] GC(406) User=18.38s Sys=0.02s Real=2.71s
[322.162s][info][gc,start       ] GC(407) Pause Full (Ergonomics)
[322.162s][info][gc,phases,start] GC(407) Marking Phase
[324.152s][info][gc,phases      ] GC(407) Marking Phase 1989.901ms
[324.152s][info][gc,phases,start] GC(407) Summary Phase
[324.152s][info][gc,phases      ] GC(407) Summary Phase 0.141ms
[324.152s][info][gc,phases,start] GC(407) Adjust Roots
[324.153s][info][gc,phases      ] GC(407) Adjust Roots 0.388ms
[324.153s][info][gc,phases,start] GC(407) Compaction Phase
[326.325s][info][gc,phases      ] GC(407) Compaction Phase 2172.522ms
[326.325s][info][gc,phases,start] GC(407) Post Compact
[326.342s][info][gc,phases      ] GC(407) Post Compact 16.282ms
[326.342s][info][gc,heap        ] GC(407) PSYoungGen: 165574K(400896K)->165574K(400896K) Eden: 112128K(112128K)->112128K(112128K) From: 53446K(288768K)->53446K(288768K)
[326.342s][info][gc,heap        ] GC(407) ParOldGen: 8123903K(8123904K)->8123902K(8123904K)
[326.342s][info][gc,metaspace   ] GC(407) Metaspace: 6296K(6464K)->6296K(6464K) NonClass: 5764K(5824K)->5764K(5824K) Class: 532K(640K)->532K(640K)
[326.342s][info][gc             ] GC(407) Pause Full (Ergonomics) 8095M->8095M(8325M) 4179.727ms
[326.342s][info][gc,cpu         ] GC(407) User=28.53s Sys=0.03s Real=4.18s
[326.343s][info][gc,start       ] GC(408) Pause Full (Ergonomics)
[326.343s][info][gc,phases,start] GC(408) Marking Phase
[328.256s][info][gc,phases      ] GC(408) Marking Phase 1912.685ms
[328.256s][info][gc,phases,start] GC(408) Summary Phase
[328.256s][info][gc,phases      ] GC(408) Summary Phase 0.140ms
[328.256s][info][gc,phases,start] GC(408) Adjust Roots
[328.257s][info][gc,phases      ] GC(408) Adjust Roots 0.754ms
[328.257s][info][gc,phases,start] GC(408) Compaction Phase
[330.462s][info][gc,phases      ] GC(408) Compaction Phase 2205.043ms
[330.462s][info][gc,phases,start] GC(408) Post Compact
[330.479s][info][gc,phases      ] GC(408) Post Compact 16.664ms
[330.479s][info][gc,heap        ] GC(408) PSYoungGen: 165574K(400896K)->165574K(400896K) Eden: 112128K(112128K)->112128K(112128K) From: 53446K(288768K)->53446K(288768K)
[330.479s][info][gc,heap        ] GC(408) ParOldGen: 8123903K(8123904K)->8123900K(8123904K)
[330.479s][info][gc,metaspace   ] GC(408) Metaspace: 6298K(6464K)->6298K(6464K) NonClass: 5764K(5824K)->5764K(5824K) Class: 533K(640K)->533K(640K)
[330.479s][info][gc             ] GC(408) Pause Full (Ergonomics) 8095M->8095M(8325M) 4135.800ms
[330.479s][info][gc,cpu         ] GC(408) User=29.02s Sys=0.03s Real=4.14s
[330.479s][info][gc,heap,exit   ] Heap
[330.479s][info][gc,heap,exit   ]  PSYoungGen      total 400896K, used 165574K [0x0000000708180000, 0x0000000733a00000, 0x0000000800000000)
[330.479s][info][gc,heap,exit   ]   eden space 112128K, 100% used [0x0000000708180000,0x000000070ef00000,0x000000070ef00000)
[330.479s][info][gc,heap,exit   ]   from space 288768K, 18% used [0x000000070ef00000,0x0000000712331b38,0x0000000720900000)
[330.479s][info][gc,heap,exit   ]   to   space 293888K, 0% used [0x0000000721b00000,0x0000000721b00000,0x0000000733a00000)
[330.479s][info][gc,heap,exit   ]  ParOldGen       total 8123904K, used 8123901K [0x0000000518400000, 0x0000000708180000, 0x0000000708180000)
[330.480s][info][gc,heap,exit   ]   object space 8123904K, 99% used [0x0000000518400000,0x000000070817f670,0x0000000708180000)
[330.480s][info][gc,heap,exit   ]  Metaspace       used 6301K, committed 6464K, reserved 1114112K
[330.480s][info][gc,heap,exit   ]   class space    used 534K, committed 640K, reserved 1048576K
