[0.012s][info][gc,init] CardTable entry size: 512
[0.012s][info][gc     ] Using Parallel
[0.014s][info][gc,init] Version: 18.0.1+10 (release)
[0.014s][info][gc,init] CPUs: 8 total, 8 available
[0.014s][info][gc,init] Memory: 16063M
[0.014s][info][gc,init] Large Page Support: Disabled
[0.014s][info][gc,init] NUMA Support: Disabled
[0.014s][info][gc,init] Compressed Oops: Enabled (Zero based)
[0.014s][info][gc,init] Alignments: Space 512K, Generation 512K, Heap 2M
[0.014s][info][gc,init] Heap Min Capacity: 2M
[0.014s][info][gc,init] Heap Initial Capacity: 2M
[0.014s][info][gc,init] Heap Max Capacity: 15600M
[0.014s][info][gc,init] Pre-touch: Disabled
[0.015s][info][gc,init] Parallel Workers: 8
[0.015s][info][gc,metaspace] CDS archive(s) not mapped
[0.015s][info][gc,metaspace] Compressed class space mapped at: 0x0000000800000000-0x0000000840000000, reserved size: 1073741824
[0.015s][info][gc,metaspace] Narrow klass base: 0x0000000800000000, Narrow klass shift: 0, Narrow klass range: 0x40000000
[0.117s][info][gc,start    ] GC(0) Pause Young (Allocation Failure)
[0.119s][info][gc,heap     ] GC(0) PSYoungGen: 512K(1024K)->480K(1024K) Eden: 512K(512K)->0K(512K) From: 0K(512K)->480K(512K)
[0.119s][info][gc,heap     ] GC(0) ParOldGen: 0K(512K)->8K(512K)
[0.119s][info][gc,metaspace] GC(0) Metaspace: 4229K(4352K)->4229K(4352K) NonClass: 3908K(3968K)->3908K(3968K) Class: 321K(384K)->321K(384K)
[0.119s][info][gc          ] GC(0) Pause Young (Allocation Failure) 0M->0M(1M) 1.336ms
[0.119s][info][gc,cpu      ] GC(0) User=0.00s Sys=0.00s Real=0.00s
[0.191s][info][gc,start    ] GC(1) Pause Young (Allocation Failure)
[0.192s][info][gc,heap     ] GC(1) PSYoungGen: 991K(1024K)->512K(1536K) Eden: 511K(512K)->0K(1024K) From: 480K(512K)->512K(512K)
[0.192s][info][gc,heap     ] GC(1) ParOldGen: 8K(512K)->96K(512K)
[0.192s][info][gc,metaspace] GC(1) Metaspace: 5876K(5952K)->5876K(5952K) NonClass: 5379K(5440K)->5379K(5440K) Class: 496K(512K)->496K(512K)
[0.192s][info][gc          ] GC(1) Pause Young (Allocation Failure) 0M->0M(2M) 0.965ms
[0.192s][info][gc,cpu      ] GC(1) User=0.00s Sys=0.00s Real=0.00s
[0.217s][info][gc,start    ] GC(2) Pause Young (Allocation Failure)
[0.218s][info][gc,heap     ] GC(2) PSYoungGen: 1536K(1536K)->496K(1536K) Eden: 1024K(1024K)->0K(1024K) From: 512K(512K)->496K(512K)
[0.218s][info][gc,heap     ] GC(2) ParOldGen: 96K(512K)->520K(1024K)
[0.218s][info][gc,metaspace] GC(2) Metaspace: 6296K(6464K)->6296K(6464K) NonClass: 5763K(5824K)->5763K(5824K) Class: 533K(640K)->533K(640K)
[0.218s][info][gc          ] GC(2) Pause Young (Allocation Failure) 1M->0M(2M) 1.258ms
[0.218s][info][gc,cpu      ] GC(2) User=0.00s Sys=0.00s Real=0.00s
[0.220s][info][gc,start    ] GC(3) Pause Young (Allocation Failure)
[0.221s][info][gc,heap     ] GC(3) PSYoungGen: 1520K(1536K)->480K(2560K) Eden: 1024K(1024K)->0K(2048K) From: 496K(512K)->480K(512K)
[0.222s][info][gc,heap     ] GC(3) ParOldGen: 520K(1024K)->1060K(1536K)
[0.222s][info][gc,metaspace] GC(3) Metaspace: 6296K(6464K)->6296K(6464K) NonClass: 5763K(5824K)->5763K(5824K) Class: 533K(640K)->533K(640K)
[0.222s][info][gc          ] GC(3) Pause Young (Allocation Failure) 1M->1M(4M) 1.379ms
[0.222s][info][gc,cpu      ] GC(3) User=0.00s Sys=0.00s Real=0.00s
[0.222s][info][gc,start    ] GC(4) Pause Full (Ergonomics)
[0.222s][info][gc,phases,start] GC(4) Marking Phase
[0.223s][info][gc,phases      ] GC(4) Marking Phase 1.271ms
[0.223s][info][gc,phases,start] GC(4) Summary Phase
[0.223s][info][gc,phases      ] GC(4) Summary Phase 0.015ms
[0.223s][info][gc,phases,start] GC(4) Adjust Roots
[0.223s][info][gc,phases      ] GC(4) Adjust Roots 0.435ms
[0.223s][info][gc,phases,start] GC(4) Compaction Phase
[0.226s][info][gc,phases      ] GC(4) Compaction Phase 2.259ms
[0.226s][info][gc,phases,start] GC(4) Post Compact
[0.226s][info][gc,phases      ] GC(4) Post Compact 0.088ms
[0.226s][info][gc,heap        ] GC(4) PSYoungGen: 480K(2560K)->0K(2560K) Eden: 0K(2048K)->0K(2048K) From: 480K(512K)->0K(512K)
[0.226s][info][gc,heap        ] GC(4) ParOldGen: 1060K(1536K)->1495K(3584K)
[0.226s][info][gc,metaspace   ] GC(4) Metaspace: 6296K(6464K)->6296K(6464K) NonClass: 5763K(5824K)->5763K(5824K) Class: 533K(640K)->533K(640K)
[0.226s][info][gc             ] GC(4) Pause Full (Ergonomics) 1M->1M(6M) 4.448ms
[0.226s][info][gc,cpu         ] GC(4) User=0.00s Sys=0.00s Real=0.01s
[0.229s][info][gc,start       ] GC(5) Pause Young (Allocation Failure)
[0.230s][info][gc,heap        ] GC(5) PSYoungGen: 2048K(2560K)->480K(3584K) Eden: 2048K(2048K)->0K(3072K) From: 0K(512K)->480K(512K)
[0.230s][info][gc,heap        ] GC(5) ParOldGen: 1495K(3584K)->2111K(3584K)
[0.230s][info][gc,metaspace   ] GC(5) Metaspace: 6296K(6464K)->6296K(6464K) NonClass: 5763K(5824K)->5763K(5824K) Class: 533K(640K)->533K(640K)
[0.230s][info][gc             ] GC(5) Pause Young (Allocation Failure) 3M->2M(7M) 1.436ms
[0.230s][info][gc,cpu         ] GC(5) User=0.00s Sys=0.00s Real=0.00s
[0.236s][info][gc,start       ] GC(6) Pause Young (Allocation Failure)
[0.238s][info][gc,heap        ] GC(6) PSYoungGen: 3552K(3584K)->1504K(4608K) Eden: 3072K(3072K)->0K(3072K) From: 480K(512K)->1504K(1536K)
[0.238s][info][gc,heap        ] GC(6) ParOldGen: 2111K(3584K)->2679K(3584K)
[0.238s][info][gc,metaspace   ] GC(6) Metaspace: 6296K(6464K)->6296K(6464K) NonClass: 5763K(5824K)->5763K(5824K) Class: 533K(640K)->533K(640K)
[0.238s][info][gc             ] GC(6) Pause Young (Allocation Failure) 5M->4M(8M) 1.946ms
[0.238s][info][gc,cpu         ] GC(6) User=0.00s Sys=0.00s Real=0.00s
[0.242s][info][gc,start       ] GC(7) Pause Young (Allocation Failure)
[0.245s][info][gc,heap        ] GC(7) PSYoungGen: 4576K(4608K)->2016K(7168K) Eden: 3072K(3072K)->0K(5120K) From: 1504K(1536K)->2016K(2048K)
[0.245s][info][gc,heap        ] GC(7) ParOldGen: 2679K(3584K)->3775K(4096K)
[0.245s][info][gc,metaspace   ] GC(7) Metaspace: 6296K(6464K)->6296K(6464K) NonClass: 5763K(5824K)->5763K(5824K) Class: 533K(640K)->533K(640K)
[0.245s][info][gc             ] GC(7) Pause Young (Allocation Failure) 7M->5M(11M) 2.689ms
[0.245s][info][gc,cpu         ] GC(7) User=0.02s Sys=0.00s Real=0.00s
[0.245s][info][gc,start       ] GC(8) Pause Full (Ergonomics)
[0.245s][info][gc,phases,start] GC(8) Marking Phase
[0.248s][info][gc,phases      ] GC(8) Marking Phase 3.212ms
[0.248s][info][gc,phases,start] GC(8) Summary Phase
[0.248s][info][gc,phases      ] GC(8) Summary Phase 0.016ms
[0.248s][info][gc,phases,start] GC(8) Adjust Roots
[0.249s][info][gc,phases      ] GC(8) Adjust Roots 0.385ms
[0.249s][info][gc,phases,start] GC(8) Compaction Phase
[0.252s][info][gc,phases      ] GC(8) Compaction Phase 2.981ms
[0.252s][info][gc,phases,start] GC(8) Post Compact
[0.252s][info][gc,phases      ] GC(8) Post Compact 0.048ms
[0.252s][info][gc,heap        ] GC(8) PSYoungGen: 2016K(7168K)->2012K(7168K) Eden: 0K(5120K)->0K(5120K) From: 2016K(2048K)->2012K(2048K)
[0.252s][info][gc,heap        ] GC(8) ParOldGen: 3775K(4096K)->3683K(6656K)
[0.252s][info][gc,metaspace   ] GC(8) Metaspace: 6296K(6464K)->6296K(6464K) NonClass: 5763K(5824K)->5763K(5824K) Class: 533K(640K)->533K(640K)
[0.252s][info][gc             ] GC(8) Pause Full (Ergonomics) 5M->5M(13M) 6.989ms
[0.252s][info][gc,cpu         ] GC(8) User=0.00s Sys=0.00s Real=0.01s
[0.260s][info][gc,start       ] GC(9) Pause Young (Allocation Failure)
[0.266s][info][gc,heap        ] GC(9) PSYoungGen: 7132K(7168K)->3040K(8192K) Eden: 5120K(5120K)->0K(5120K) From: 2012K(2048K)->3040K(3072K)
[0.266s][info][gc,heap        ] GC(9) ParOldGen: 3683K(6656K)->5331K(6656K)
[0.266s][info][gc,metaspace   ] GC(9) Metaspace: 6296K(6464K)->6296K(6464K) NonClass: 5763K(5824K)->5763K(5824K) Class: 533K(640K)->533K(640K)
[0.266s][info][gc             ] GC(9) Pause Young (Allocation Failure) 10M->8M(14M) 5.539ms
[0.266s][info][gc,cpu         ] GC(9) User=0.00s Sys=0.00s Real=0.01s
[0.266s][info][gc,start       ] GC(10) Pause Full (Ergonomics)
[0.266s][info][gc,phases,start] GC(10) Marking Phase
[0.270s][info][gc,phases      ] GC(10) Marking Phase 4.180ms
[0.270s][info][gc,phases,start] GC(10) Summary Phase
[0.270s][info][gc,phases      ] GC(10) Summary Phase 0.018ms
[0.270s][info][gc,phases,start] GC(10) Adjust Roots
[0.270s][info][gc,phases      ] GC(10) Adjust Roots 0.210ms
[0.270s][info][gc,phases,start] GC(10) Compaction Phase
[0.274s][info][gc,phases      ] GC(10) Compaction Phase 3.201ms
[0.274s][info][gc,phases,start] GC(10) Post Compact
[0.274s][info][gc,phases      ] GC(10) Post Compact 0.090ms
[0.274s][info][gc,heap        ] GC(10) PSYoungGen: 3040K(8192K)->2012K(8192K) Eden: 0K(5120K)->0K(5120K) From: 3040K(3072K)->2012K(3072K)
[0.274s][info][gc,heap        ] GC(10) ParOldGen: 5331K(6656K)->6318K(10752K)
[0.274s][info][gc,metaspace   ] GC(10) Metaspace: 6296K(6464K)->6296K(6464K) NonClass: 5763K(5824K)->5763K(5824K) Class: 533K(640K)->533K(640K)
[0.274s][info][gc             ] GC(10) Pause Full (Ergonomics) 8M->8M(18M) 8.127ms
[0.274s][info][gc,cpu         ] GC(10) User=0.00s Sys=0.00s Real=0.01s
[0.280s][info][gc,start       ] GC(11) Pause Young (Allocation Failure)
[0.284s][info][gc,heap        ] GC(11) PSYoungGen: 7132K(8192K)->4224K(10752K) Eden: 5120K(5120K)->0K(6144K) From: 2012K(3072K)->4224K(4608K)
[0.284s][info][gc,heap        ] GC(11) ParOldGen: 6318K(10752K)->6798K(10752K)
[0.284s][info][gc,metaspace   ] GC(11) Metaspace: 6296K(6464K)->6296K(6464K) NonClass: 5763K(5824K)->5763K(5824K) Class: 533K(640K)->533K(640K)
[0.284s][info][gc             ] GC(11) Pause Young (Allocation Failure) 13M->10M(21M) 4.315ms
[0.285s][info][gc,cpu         ] GC(11) User=0.00s Sys=0.00s Real=0.00s
[0.291s][info][gc,start       ] GC(12) Pause Young (Allocation Failure)
[0.298s][info][gc,heap        ] GC(12) PSYoungGen: 10368K(10752K)->5088K(11264K) Eden: 6144K(6144K)->0K(6144K) From: 4224K(4608K)->5088K(5120K)
[0.298s][info][gc,heap        ] GC(12) ParOldGen: 6798K(10752K)->9374K(10752K)
[0.298s][info][gc,metaspace   ] GC(12) Metaspace: 6296K(6464K)->6296K(6464K) NonClass: 5763K(5824K)->5763K(5824K) Class: 533K(640K)->533K(640K)
[0.298s][info][gc             ] GC(12) Pause Young (Allocation Failure) 16M->14M(21M) 6.216ms
[0.298s][info][gc,cpu         ] GC(12) User=0.00s Sys=0.00s Real=0.01s
[0.298s][info][gc,start       ] GC(13) Pause Full (Ergonomics)
[0.298s][info][gc,phases,start] GC(13) Marking Phase
[0.305s][info][gc,phases      ] GC(13) Marking Phase 6.996ms
[0.305s][info][gc,phases,start] GC(13) Summary Phase
[0.305s][info][gc,phases      ] GC(13) Summary Phase 0.015ms
[0.305s][info][gc,phases,start] GC(13) Adjust Roots
[0.305s][info][gc,phases      ] GC(13) Adjust Roots 0.197ms
[0.305s][info][gc,phases,start] GC(13) Compaction Phase
[0.311s][info][gc,phases      ] GC(13) Compaction Phase 6.096ms
[0.311s][info][gc,phases,start] GC(13) Post Compact
[0.311s][info][gc,phases      ] GC(13) Post Compact 0.061ms
[0.311s][info][gc,heap        ] GC(13) PSYoungGen: 5088K(11264K)->3545K(11264K) Eden: 0K(6144K)->0K(6144K) From: 5088K(5120K)->3545K(5120K)
[0.311s][info][gc,heap        ] GC(13) ParOldGen: 9374K(10752K)->10586K(16384K)
[0.311s][info][gc,metaspace   ] GC(13) Metaspace: 6296K(6464K)->6296K(6464K) NonClass: 5763K(5824K)->5763K(5824K) Class: 533K(640K)->533K(640K)
[0.311s][info][gc             ] GC(13) Pause Full (Ergonomics) 14M->13M(27M) 13.627ms
[0.311s][info][gc,cpu         ] GC(13) User=0.00s Sys=0.00s Real=0.01s
[0.316s][info][gc,start       ] GC(14) Pause Young (Allocation Failure)
[0.322s][info][gc,heap        ] GC(14) PSYoungGen: 9689K(11264K)->4640K(15872K) Eden: 6144K(6144K)->0K(8704K) From: 3545K(5120K)->4640K(7168K)
[0.322s][info][gc,heap        ] GC(14) ParOldGen: 10586K(16384K)->12698K(16384K)
[0.322s][info][gc,metaspace   ] GC(14) Metaspace: 6298K(6464K)->6298K(6464K) NonClass: 5765K(5824K)->5765K(5824K) Class: 533K(640K)->533K(640K)
[0.322s][info][gc             ] GC(14) Pause Young (Allocation Failure) 19M->16M(31M) 5.945ms
[0.322s][info][gc,cpu         ] GC(14) User=0.00s Sys=0.00s Real=0.01s
[0.327s][info][gc,start       ] GC(15) Pause Young (Allocation Failure)
[0.333s][info][gc,heap        ] GC(15) PSYoungGen: 13344K(15872K)->7168K(15872K) Eden: 8704K(8704K)->0K(8704K) From: 4640K(7168K)->7168K(7168K)
[0.333s][info][gc,heap        ] GC(15) ParOldGen: 12698K(16384K)->14682K(16384K)
[0.333s][info][gc,metaspace   ] GC(15) Metaspace: 6298K(6464K)->6298K(6464K) NonClass: 5765K(5824K)->5765K(5824K) Class: 533K(640K)->533K(640K)
[0.333s][info][gc             ] GC(15) Pause Young (Allocation Failure) 25M->21M(31M) 6.340ms
[0.333s][info][gc,cpu         ] GC(15) User=0.00s Sys=0.00s Real=0.01s
[0.333s][info][gc,start       ] GC(16) Pause Full (Ergonomics)
[0.334s][info][gc,phases,start] GC(16) Marking Phase
[0.342s][info][gc,phases      ] GC(16) Marking Phase 8.675ms
[0.342s][info][gc,phases,start] GC(16) Summary Phase
[0.342s][info][gc,phases      ] GC(16) Summary Phase 0.021ms
[0.342s][info][gc,phases,start] GC(16) Adjust Roots
[0.342s][info][gc,phases      ] GC(16) Adjust Roots 0.219ms
[0.343s][info][gc,phases,start] GC(16) Compaction Phase
[0.350s][info][gc,phases      ] GC(16) Compaction Phase 7.429ms
[0.350s][info][gc,phases,start] GC(16) Post Compact
[0.350s][info][gc,phases      ] GC(16) Post Compact 0.131ms
[0.350s][info][gc,heap        ] GC(16) PSYoungGen: 7168K(15872K)->5620K(15872K) Eden: 0K(8704K)->0K(8704K) From: 7168K(7168K)->5620K(7168K)
[0.350s][info][gc,heap        ] GC(16) ParOldGen: 14682K(16384K)->16144K(23552K)
[0.350s][info][gc,metaspace   ] GC(16) Metaspace: 6298K(6464K)->6298K(6464K) NonClass: 5765K(5824K)->5765K(5824K) Class: 533K(640K)->533K(640K)
[0.350s][info][gc             ] GC(16) Pause Full (Ergonomics) 21M->21M(38M) 16.829ms
[0.350s][info][gc,cpu         ] GC(16) User=0.00s Sys=0.00s Real=0.02s
[0.359s][info][gc,start       ] GC(17) Pause Young (Allocation Failure)
[0.367s][info][gc,heap        ] GC(17) PSYoungGen: 14324K(15872K)->5056K(20992K) Eden: 8704K(8704K)->0K(11776K) From: 5620K(7168K)->5056K(9216K)
[0.367s][info][gc,heap        ] GC(17) ParOldGen: 16144K(23552K)->21864K(23552K)
[0.367s][info][gc,metaspace   ] GC(17) Metaspace: 6298K(6464K)->6298K(6464K) NonClass: 5765K(5824K)->5765K(5824K) Class: 533K(640K)->533K(640K)
[0.367s][info][gc             ] GC(17) Pause Young (Allocation Failure) 29M->26M(43M) 8.699ms
[0.367s][info][gc,cpu         ] GC(17) User=0.00s Sys=0.00s Real=0.01s
[0.367s][info][gc,start       ] GC(18) Pause Full (Ergonomics)
[0.367s][info][gc,phases,start] GC(18) Marking Phase
[0.378s][info][gc,phases      ] GC(18) Marking Phase 10.692ms
[0.378s][info][gc,phases,start] GC(18) Summary Phase
[0.378s][info][gc,phases      ] GC(18) Summary Phase 0.019ms
[0.378s][info][gc,phases,start] GC(18) Adjust Roots
[0.378s][info][gc,phases      ] GC(18) Adjust Roots 0.181ms
[0.378s][info][gc,phases,start] GC(18) Compaction Phase
[0.388s][info][gc,phases      ] GC(18) Compaction Phase 9.291ms
[0.388s][info][gc,phases,start] GC(18) Post Compact
[0.388s][info][gc,phases      ] GC(18) Post Compact 0.124ms
[0.388s][info][gc,heap        ] GC(18) PSYoungGen: 5056K(20992K)->2945K(20992K) Eden: 0K(11776K)->0K(11776K) From: 5056K(9216K)->2945K(9216K)
[0.388s][info][gc,heap        ] GC(18) ParOldGen: 21864K(23552K)->23299K(33792K)
[0.388s][info][gc,metaspace   ] GC(18) Metaspace: 6298K(6464K)->6298K(6464K) NonClass: 5765K(5824K)->5765K(5824K) Class: 533K(640K)->533K(640K)
[0.388s][info][gc             ] GC(18) Pause Full (Ergonomics) 26M->25M(53M) 20.692ms
[0.388s][info][gc,cpu         ] GC(18) User=0.00s Sys=0.00s Real=0.02s
[0.395s][info][gc,start       ] GC(19) Pause Young (Allocation Failure)
[0.404s][info][gc,heap        ] GC(19) PSYoungGen: 14721K(20992K)->6112K(20992K) Eden: 11776K(11776K)->0K(11776K) From: 2945K(9216K)->6112K(9216K)
[0.404s][info][gc,heap        ] GC(19) ParOldGen: 23299K(33792K)->26291K(33792K)
[0.404s][info][gc,metaspace   ] GC(19) Metaspace: 6298K(6464K)->6298K(6464K) NonClass: 5765K(5824K)->5765K(5824K) Class: 533K(640K)->533K(640K)
[0.404s][info][gc             ] GC(19) Pause Young (Allocation Failure) 37M->31M(53M) 8.590ms
[0.404s][info][gc,cpu         ] GC(19) User=0.02s Sys=0.00s Real=0.01s
[0.415s][info][gc,start       ] GC(20) Pause Young (Allocation Failure)
[0.430s][info][gc,heap        ] GC(20) PSYoungGen: 17888K(20992K)->9728K(20480K) Eden: 11776K(11776K)->0K(10752K) From: 6112K(9216K)->9728K(9728K)
[0.430s][info][gc,heap        ] GC(20) ParOldGen: 26291K(33792K)->33835K(34304K)
[0.430s][info][gc,metaspace   ] GC(20) Metaspace: 6298K(6464K)->6298K(6464K) NonClass: 5765K(5824K)->5765K(5824K) Class: 533K(640K)->533K(640K)
[0.430s][info][gc             ] GC(20) Pause Young (Allocation Failure) 43M->42M(53M) 15.392ms
[0.430s][info][gc,cpu         ] GC(20) User=0.00s Sys=0.00s Real=0.02s
[0.430s][info][gc,start       ] GC(21) Pause Full (Ergonomics)
[0.430s][info][gc,phases,start] GC(21) Marking Phase
[0.448s][info][gc,phases      ] GC(21) Marking Phase 17.248ms
[0.448s][info][gc,phases,start] GC(21) Summary Phase
[0.448s][info][gc,phases      ] GC(21) Summary Phase 0.019ms
[0.448s][info][gc,phases,start] GC(21) Adjust Roots
[0.448s][info][gc,phases      ] GC(21) Adjust Roots 0.165ms
[0.448s][info][gc,phases,start] GC(21) Compaction Phase
[0.462s][info][gc,phases      ] GC(21) Compaction Phase 14.378ms
[0.462s][info][gc,phases,start] GC(21) Post Compact
[0.463s][info][gc,phases      ] GC(21) Post Compact 0.259ms
[0.463s][info][gc,heap        ] GC(21) PSYoungGen: 9728K(20480K)->9197K(20480K) Eden: 0K(10752K)->0K(10752K) From: 9728K(9728K)->9197K(9728K)
[0.463s][info][gc,heap        ] GC(21) ParOldGen: 33835K(34304K)->34178K(48640K)
[0.463s][info][gc,metaspace   ] GC(21) Metaspace: 6298K(6464K)->6298K(6464K) NonClass: 5765K(5824K)->5765K(5824K) Class: 533K(640K)->533K(640K)
[0.463s][info][gc             ] GC(21) Pause Full (Ergonomics) 42M->42M(67M) 32.503ms
[0.463s][info][gc,cpu         ] GC(21) User=0.03s Sys=0.00s Real=0.03s
[0.477s][info][gc,start       ] GC(22) Pause Young (Allocation Failure)
[0.492s][info][gc,heap        ] GC(22) PSYoungGen: 19949K(20480K)->10784K(25088K) Eden: 10752K(10752K)->0K(10752K) From: 9197K(9728K)->10784K(14336K)
[0.492s][info][gc,heap        ] GC(22) ParOldGen: 34178K(48640K)->43530K(48640K)
[0.492s][info][gc,metaspace   ] GC(22) Metaspace: 6298K(6464K)->6298K(6464K) NonClass: 5765K(5824K)->5765K(5824K) Class: 533K(640K)->533K(640K)
[0.492s][info][gc             ] GC(22) Pause Young (Allocation Failure) 52M->53M(72M) 15.595ms
[0.492s][info][gc,cpu         ] GC(22) User=0.00s Sys=0.00s Real=0.01s
[0.492s][info][gc,start       ] GC(23) Pause Full (Ergonomics)
[0.492s][info][gc,phases,start] GC(23) Marking Phase
[0.514s][info][gc,phases      ] GC(23) Marking Phase 21.347ms
[0.514s][info][gc,phases,start] GC(23) Summary Phase
[0.514s][info][gc,phases      ] GC(23) Summary Phase 0.015ms
[0.514s][info][gc,phases,start] GC(23) Adjust Roots
[0.514s][info][gc,phases      ] GC(23) Adjust Roots 0.215ms
[0.514s][info][gc,phases,start] GC(23) Compaction Phase
[0.532s][info][gc,phases      ] GC(23) Compaction Phase 17.877ms
[0.532s][info][gc,phases,start] GC(23) Post Compact
[0.532s][info][gc,phases      ] GC(23) Post Compact 0.200ms
[0.532s][info][gc,heap        ] GC(23) PSYoungGen: 10784K(25088K)->4591K(25088K) Eden: 0K(10752K)->0K(10752K) From: 10784K(14336K)->4591K(14336K)
[0.532s][info][gc,heap        ] GC(23) ParOldGen: 43530K(48640K)->48488K(66560K)
[0.532s][info][gc,metaspace   ] GC(23) Metaspace: 6298K(6464K)->6298K(6464K) NonClass: 5765K(5824K)->5765K(5824K) Class: 533K(640K)->533K(640K)
[0.532s][info][gc             ] GC(23) Pause Full (Ergonomics) 53M->51M(89M) 40.067ms
[0.532s][info][gc,cpu         ] GC(23) User=0.06s Sys=0.00s Real=0.04s
[0.542s][info][gc,start       ] GC(24) Pause Young (Allocation Failure)
[0.557s][info][gc,heap        ] GC(24) PSYoungGen: 15343K(25088K)->15360K(25600K) Eden: 10752K(10752K)->0K(10240K) From: 4591K(14336K)->15360K(15360K)
[0.557s][info][gc,heap        ] GC(24) ParOldGen: 48488K(66560K)->48496K(66560K)
[0.557s][info][gc,metaspace   ] GC(24) Metaspace: 6298K(6464K)->6298K(6464K) NonClass: 5765K(5824K)->5765K(5824K) Class: 533K(640K)->533K(640K)
[0.557s][info][gc             ] GC(24) Pause Young (Allocation Failure) 62M->62M(90M) 14.872ms
[0.557s][info][gc,cpu         ] GC(24) User=0.00s Sys=0.02s Real=0.01s
[0.569s][info][gc,start       ] GC(25) Pause Young (Allocation Failure)
[0.586s][info][gc,heap        ] GC(25) PSYoungGen: 25600K(25600K)->10240K(28160K) Eden: 10240K(10240K)->0K(10240K) From: 15360K(15360K)->10240K(17920K)
[0.586s][info][gc,heap        ] GC(25) ParOldGen: 48496K(66560K)->64056K(66560K)
[0.586s][info][gc,metaspace   ] GC(25) Metaspace: 6298K(6464K)->6298K(6464K) NonClass: 5765K(5824K)->5765K(5824K) Class: 533K(640K)->533K(640K)
[0.586s][info][gc             ] GC(25) Pause Young (Allocation Failure) 72M->72M(92M) 17.551ms
[0.586s][info][gc,cpu         ] GC(25) User=0.02s Sys=0.02s Real=0.02s
[0.586s][info][gc,start       ] GC(26) Pause Full (Ergonomics)
[0.586s][info][gc,phases,start] GC(26) Marking Phase
[0.616s][info][gc,phases      ] GC(26) Marking Phase 29.581ms
[0.616s][info][gc,phases,start] GC(26) Summary Phase
[0.616s][info][gc,phases      ] GC(26) Summary Phase 0.014ms
[0.616s][info][gc,phases,start] GC(26) Adjust Roots
[0.616s][info][gc,phases      ] GC(26) Adjust Roots 0.213ms
[0.616s][info][gc,phases,start] GC(26) Compaction Phase
[0.634s][info][gc,phases      ] GC(26) Compaction Phase 17.432ms
[0.634s][info][gc,phases,start] GC(26) Post Compact
[0.634s][info][gc,phases      ] GC(26) Post Compact 0.386ms
[0.634s][info][gc,heap        ] GC(26) PSYoungGen: 10240K(28160K)->7654K(28160K) Eden: 0K(10240K)->0K(10240K) From: 10240K(17920K)->7654K(17920K)
[0.634s][info][gc,heap        ] GC(26) ParOldGen: 64056K(66560K)->66351K(90112K)
[0.634s][info][gc,metaspace   ] GC(26) Metaspace: 6298K(6464K)->6298K(6464K) NonClass: 5765K(5824K)->5765K(5824K) Class: 533K(640K)->533K(640K)
[0.634s][info][gc             ] GC(26) Pause Full (Ergonomics) 72M->72M(115M) 48.036ms
[0.634s][info][gc,cpu         ] GC(26) User=0.06s Sys=0.00s Real=0.05s
[0.646s][info][gc,start       ] GC(27) Pause Young (Allocation Failure)
[0.662s][info][gc,heap        ] GC(27) PSYoungGen: 17894K(28160K)->17920K(27136K) Eden: 10240K(10240K)->0K(9216K) From: 7654K(17920K)->17920K(17920K)
[0.662s][info][gc,heap        ] GC(27) ParOldGen: 66351K(90112K)->66351K(90112K)
[0.662s][info][gc,metaspace   ] GC(27) Metaspace: 6298K(6464K)->6298K(6464K) NonClass: 5765K(5824K)->5765K(5824K) Class: 533K(640K)->533K(640K)
[0.662s][info][gc             ] GC(27) Pause Young (Allocation Failure) 82M->82M(114M) 16.209ms
[0.662s][info][gc,cpu         ] GC(27) User=0.00s Sys=0.00s Real=0.02s
[0.681s][info][gc,start       ] GC(28) Pause Young (Allocation Failure)
[0.699s][info][gc,heap        ] GC(28) PSYoungGen: 27136K(27136K)->20960K(30208K) Eden: 9216K(9216K)->0K(9216K) From: 17920K(17920K)->20960K(20992K)
[0.699s][info][gc,heap        ] GC(28) ParOldGen: 66351K(90112K)->72591K(90112K)
[0.699s][info][gc,metaspace   ] GC(28) Metaspace: 6298K(6464K)->6298K(6464K) NonClass: 5765K(5824K)->5765K(5824K) Class: 533K(640K)->533K(640K)
[0.699s][info][gc             ] GC(28) Pause Young (Allocation Failure) 91M->91M(117M) 18.033ms
[0.699s][info][gc,cpu         ] GC(28) User=0.02s Sys=0.02s Real=0.02s
[0.707s][info][gc,start       ] GC(29) Pause Young (Allocation Failure)
[0.725s][info][gc,heap        ] GC(29) PSYoungGen: 30176K(30208K)->15968K(36864K) Eden: 9216K(9216K)->0K(10240K) From: 20960K(20992K)->15968K(26624K)
[0.725s][info][gc,heap        ] GC(29) ParOldGen: 72591K(90112K)->87023K(90112K)
[0.725s][info][gc,metaspace   ] GC(29) Metaspace: 6298K(6464K)->6298K(6464K) NonClass: 5765K(5824K)->5765K(5824K) Class: 533K(640K)->533K(640K)
[0.725s][info][gc             ] GC(29) Pause Young (Allocation Failure) 100M->100M(124M) 18.429ms
[0.725s][info][gc,cpu         ] GC(29) User=0.03s Sys=0.00s Real=0.02s
[0.725s][info][gc,start       ] GC(30) Pause Full (Ergonomics)
[0.725s][info][gc,phases,start] GC(30) Marking Phase
[0.767s][info][gc,phases      ] GC(30) Marking Phase 41.680ms
[0.767s][info][gc,phases,start] GC(30) Summary Phase
[0.767s][info][gc,phases      ] GC(30) Summary Phase 0.017ms
[0.767s][info][gc,phases,start] GC(30) Adjust Roots
[0.767s][info][gc,phases      ] GC(30) Adjust Roots 0.194ms
[0.767s][info][gc,phases,start] GC(30) Compaction Phase
[0.795s][info][gc,phases      ] GC(30) Compaction Phase 27.825ms
[0.795s][info][gc,phases,start] GC(30) Post Compact
[0.795s][info][gc,phases      ] GC(30) Post Compact 0.349ms
[0.796s][info][gc,heap        ] GC(30) PSYoungGen: 15968K(36864K)->10798K(36864K) Eden: 0K(10240K)->0K(10240K) From: 15968K(26624K)->10798K(26624K)
[0.796s][info][gc,heap        ] GC(30) ParOldGen: 87023K(90112K)->89749K(117760K)
[0.796s][info][gc,metaspace   ] GC(30) Metaspace: 6298K(6464K)->6298K(6464K) NonClass: 5765K(5824K)->5765K(5824K) Class: 533K(640K)->533K(640K)
[0.796s][info][gc             ] GC(30) Pause Full (Ergonomics) 100M->98M(151M) 70.456ms
[0.796s][info][gc,cpu         ] GC(30) User=0.08s Sys=0.00s Real=0.07s
[0.805s][info][gc,start       ] GC(31) Pause Young (Allocation Failure)
[0.821s][info][gc,heap        ] GC(31) PSYoungGen: 21038K(36864K)->18944K(37888K) Eden: 10240K(10240K)->0K(10240K) From: 10798K(26624K)->18944K(27648K)
[0.821s][info][gc,heap        ] GC(31) ParOldGen: 89749K(117760K)->91957K(117760K)
[0.821s][info][gc,metaspace   ] GC(31) Metaspace: 6298K(6464K)->6298K(6464K) NonClass: 5765K(5824K)->5765K(5824K) Class: 533K(640K)->533K(640K)
[0.821s][info][gc             ] GC(31) Pause Young (Allocation Failure) 108M->108M(152M) 16.107ms
[0.821s][info][gc,cpu         ] GC(31) User=0.02s Sys=0.00s Real=0.02s
[0.832s][info][gc,start       ] GC(32) Pause Young (Allocation Failure)
[0.848s][info][gc,heap        ] GC(32) PSYoungGen: 29184K(37888K)->28672K(35840K) Eden: 10240K(10240K)->0K(7168K) From: 18944K(27648K)->28672K(28672K)
[0.848s][info][gc,heap        ] GC(32) ParOldGen: 91957K(117760K)->92421K(117760K)
[0.848s][info][gc,metaspace   ] GC(32) Metaspace: 6298K(6464K)->6298K(6464K) NonClass: 5765K(5824K)->5765K(5824K) Class: 533K(640K)->533K(640K)
[0.848s][info][gc             ] GC(32) Pause Young (Allocation Failure) 118M->118M(150M) 16.163ms
[0.848s][info][gc,cpu         ] GC(32) User=0.02s Sys=0.00s Real=0.02s
[0.856s][info][gc,start       ] GC(33) Pause Young (Allocation Failure)
[0.874s][info][gc,heap        ] GC(33) PSYoungGen: 35840K(35840K)->17024K(40960K) Eden: 7168K(7168K)->0K(7168K) From: 28672K(28672K)->17024K(33792K)
[0.874s][info][gc,heap        ] GC(33) ParOldGen: 92421K(117760K)->111525K(117760K)
[0.874s][info][gc,metaspace   ] GC(33) Metaspace: 6298K(6464K)->6298K(6464K) NonClass: 5765K(5824K)->5765K(5824K) Class: 533K(640K)->533K(640K)
[0.874s][info][gc             ] GC(33) Pause Young (Allocation Failure) 125M->125M(155M) 18.067ms
[0.874s][info][gc,cpu         ] GC(33) User=0.05s Sys=0.00s Real=0.02s
[0.874s][info][gc,start       ] GC(34) Pause Full (Ergonomics)
[0.874s][info][gc,phases,start] GC(34) Marking Phase
[0.908s][info][gc,phases      ] GC(34) Marking Phase 34.223ms
[0.908s][info][gc,phases,start] GC(34) Summary Phase
[0.908s][info][gc,phases      ] GC(34) Summary Phase 0.020ms
[0.908s][info][gc,phases,start] GC(34) Adjust Roots
[0.908s][info][gc,phases      ] GC(34) Adjust Roots 0.166ms
[0.908s][info][gc,phases,start] GC(34) Compaction Phase
[0.928s][info][gc,phases      ] GC(34) Compaction Phase 20.084ms
[0.928s][info][gc,phases,start] GC(34) Post Compact
[0.929s][info][gc,phases      ] GC(34) Post Compact 0.766ms
[0.930s][info][gc,heap        ] GC(34) PSYoungGen: 17024K(40960K)->10818K(40960K) Eden: 0K(7168K)->0K(7168K) From: 17024K(33792K)->10818K(33792K)
[0.930s][info][gc,heap        ] GC(34) ParOldGen: 111525K(117760K)->117276K(150528K)
[0.930s][info][gc,metaspace   ] GC(34) Metaspace: 6298K(6464K)->6298K(6464K) NonClass: 5765K(5824K)->5765K(5824K) Class: 533K(640K)->533K(640K)
[0.930s][info][gc             ] GC(34) Pause Full (Ergonomics) 125M->125M(187M) 55.851ms
[0.930s][info][gc,cpu         ] GC(34) User=0.11s Sys=0.00s Real=0.06s
[0.936s][info][gc,start       ] GC(35) Pause Young (Allocation Failure)
[0.953s][info][gc,heap        ] GC(35) PSYoungGen: 17986K(40960K)->7232K(39936K) Eden: 7168K(7168K)->0K(8704K) From: 10818K(33792K)->7232K(31232K)
[0.953s][info][gc,heap        ] GC(35) ParOldGen: 117276K(150528K)->128276K(150528K)
[0.953s][info][gc,metaspace   ] GC(35) Metaspace: 6298K(6464K)->6298K(6464K) NonClass: 5765K(5824K)->5765K(5824K) Class: 533K(640K)->533K(640K)
[0.953s][info][gc             ] GC(35) Pause Young (Allocation Failure) 132M->132M(186M) 16.595ms
[0.953s][info][gc,cpu         ] GC(35) User=0.02s Sys=0.02s Real=0.02s
[0.961s][info][gc,start       ] GC(36) Pause Young (Allocation Failure)
[0.970s][info][gc,heap        ] GC(36) PSYoungGen: 15936K(39936K)->8736K(40960K) Eden: 8704K(8704K)->0K(8704K) From: 7232K(31232K)->8736K(32256K)
[0.970s][info][gc,heap        ] GC(36) ParOldGen: 128276K(150528K)->135540K(150528K)
[0.970s][info][gc,metaspace   ] GC(36) Metaspace: 6298K(6464K)->6298K(6464K) NonClass: 5765K(5824K)->5765K(5824K) Class: 533K(640K)->533K(640K)
[0.970s][info][gc             ] GC(36) Pause Young (Allocation Failure) 140M->140M(187M) 8.487ms
[0.970s][info][gc,cpu         ] GC(36) User=0.00s Sys=0.00s Real=0.01s
[0.970s][info][gc,start       ] GC(37) Pause Full (Ergonomics)
[0.970s][info][gc,phases,start] GC(37) Marking Phase
[1.007s][info][gc,phases      ] GC(37) Marking Phase 36.724ms
[1.007s][info][gc,phases,start] GC(37) Summary Phase
[1.007s][info][gc,phases      ] GC(37) Summary Phase 0.016ms
[1.007s][info][gc,phases,start] GC(37) Adjust Roots
[1.007s][info][gc,phases      ] GC(37) Adjust Roots 0.147ms
[1.007s][info][gc,phases,start] GC(37) Compaction Phase
[1.027s][info][gc,phases      ] GC(37) Compaction Phase 19.983ms
[1.027s][info][gc,phases,start] GC(37) Post Compact
[1.028s][info][gc,phases      ] GC(37) Post Compact 0.622ms
[1.028s][info][gc,heap        ] GC(37) PSYoungGen: 8736K(40960K)->0K(40960K) Eden: 0K(8704K)->0K(10240K) From: 8736K(32256K)->0K(30720K)
[1.028s][info][gc,heap        ] GC(37) ParOldGen: 135540K(150528K)->143907K(178688K)
[1.028s][info][gc,metaspace   ] GC(37) Metaspace: 6298K(6464K)->6298K(6464K) NonClass: 5765K(5824K)->5765K(5824K) Class: 533K(640K)->533K(640K)
[1.028s][info][gc             ] GC(37) Pause Full (Ergonomics) 140M->140M(214M) 57.986ms
[1.028s][info][gc,cpu         ] GC(37) User=0.20s Sys=0.00s Real=0.06s
[1.038s][info][gc,start       ] GC(38) Pause Young (Allocation Failure)
[1.044s][info][gc,heap        ] GC(38) PSYoungGen: 10240K(40960K)->10272K(41472K) Eden: 10240K(10240K)->0K(10240K) From: 0K(30720K)->10272K(31232K)
[1.045s][info][gc,heap        ] GC(38) ParOldGen: 143907K(178688K)->143907K(178688K)
[1.045s][info][gc,metaspace   ] GC(38) Metaspace: 6298K(6464K)->6298K(6464K) NonClass: 5765K(5824K)->5765K(5824K) Class: 533K(640K)->533K(640K)
[1.045s][info][gc             ] GC(38) Pause Young (Allocation Failure) 150M->150M(215M) 6.806ms
[1.045s][info][gc,cpu         ] GC(38) User=0.02s Sys=0.00s Real=0.01s
[1.055s][info][gc,start       ] GC(39) Pause Young (Allocation Failure)
[1.065s][info][gc,heap        ] GC(39) PSYoungGen: 20512K(41472K)->20544K(40448K) Eden: 10240K(10240K)->0K(10752K) From: 10272K(31232K)->20544K(29696K)
[1.065s][info][gc,heap        ] GC(39) ParOldGen: 143907K(178688K)->143907K(178688K)
[1.065s][info][gc,metaspace   ] GC(39) Metaspace: 6298K(6464K)->6298K(6464K) NonClass: 5765K(5824K)->5765K(5824K) Class: 533K(640K)->533K(640K)
[1.065s][info][gc             ] GC(39) Pause Young (Allocation Failure) 160M->160M(214M) 10.014ms
[1.065s][info][gc,cpu         ] GC(39) User=0.00s Sys=0.00s Real=0.01s
[1.076s][info][gc,start       ] GC(40) Pause Young (Allocation Failure)
[1.091s][info][gc,heap        ] GC(40) PSYoungGen: 31296K(40448K)->30720K(41472K) Eden: 10752K(10752K)->0K(10752K) From: 20544K(29696K)->30720K(30720K)
[1.091s][info][gc,heap        ] GC(40) ParOldGen: 143907K(178688K)->144427K(178688K)
[1.091s][info][gc,metaspace   ] GC(40) Metaspace: 6298K(6464K)->6298K(6464K) NonClass: 5765K(5824K)->5765K(5824K) Class: 533K(640K)->533K(640K)
[1.091s][info][gc             ] GC(40) Pause Young (Allocation Failure) 171M->171M(215M) 14.932ms
[1.091s][info][gc,cpu         ] GC(40) User=0.02s Sys=0.00s Real=0.01s
[1.112s][info][gc,start       ] GC(41) Pause Young (Allocation Failure)
[1.140s][info][gc,heap        ] GC(41) PSYoungGen: 41472K(41472K)->21344K(48128K) Eden: 10752K(10752K)->0K(12288K) From: 30720K(30720K)->21344K(35840K)
[1.140s][info][gc,heap        ] GC(41) ParOldGen: 144427K(178688K)->164955K(178688K)
[1.140s][info][gc,metaspace   ] GC(41) Metaspace: 6298K(6464K)->6298K(6464K) NonClass: 5765K(5824K)->5765K(5824K) Class: 533K(640K)->533K(640K)
[1.140s][info][gc             ] GC(41) Pause Young (Allocation Failure) 181M->181M(221M) 27.581ms
[1.140s][info][gc,cpu         ] GC(41) User=0.03s Sys=0.00s Real=0.03s
[1.140s][info][gc,start       ] GC(42) Pause Full (Ergonomics)
[1.140s][info][gc,phases,start] GC(42) Marking Phase
[1.181s][info][gc,phases      ] GC(42) Marking Phase 41.300ms
[1.181s][info][gc,phases,start] GC(42) Summary Phase
[1.181s][info][gc,phases      ] GC(42) Summary Phase 0.016ms
[1.181s][info][gc,phases,start] GC(42) Adjust Roots
[1.181s][info][gc,phases      ] GC(42) Adjust Roots 0.140ms
[1.181s][info][gc,phases,start] GC(42) Compaction Phase
[1.216s][info][gc,phases      ] GC(42) Compaction Phase 34.159ms
[1.216s][info][gc,phases,start] GC(42) Post Compact
[1.217s][info][gc,phases      ] GC(42) Post Compact 0.870ms
[1.217s][info][gc,heap        ] GC(42) PSYoungGen: 21344K(48128K)->3376K(48128K) Eden: 0K(12288K)->0K(12288K) From: 21344K(35840K)->3376K(35840K)
[1.217s][info][gc,heap        ] GC(42) ParOldGen: 164955K(178688K)->178320K(218112K)
[1.217s][info][gc,metaspace   ] GC(42) Metaspace: 6298K(6464K)->6298K(6464K) NonClass: 5765K(5824K)->5765K(5824K) Class: 533K(640K)->533K(640K)
[1.217s][info][gc             ] GC(42) Pause Full (Ergonomics) 181M->177M(260M) 76.965ms
[1.217s][info][gc,cpu         ] GC(42) User=0.20s Sys=0.00s Real=0.08s
[1.229s][info][gc,start       ] GC(43) Pause Young (Allocation Failure)
[1.245s][info][gc,heap        ] GC(43) PSYoungGen: 15664K(48128K)->13888K(48640K) Eden: 12288K(12288K)->0K(12288K) From: 3376K(35840K)->13888K(36352K)
[1.245s][info][gc,heap        ] GC(43) ParOldGen: 178320K(218112K)->180248K(218112K)
[1.245s][info][gc,metaspace   ] GC(43) Metaspace: 6298K(6464K)->6298K(6464K) NonClass: 5765K(5824K)->5765K(5824K) Class: 533K(640K)->533K(640K)
[1.245s][info][gc             ] GC(43) Pause Young (Allocation Failure) 189M->189M(260M) 15.776ms
[1.245s][info][gc,cpu         ] GC(43) User=0.00s Sys=0.00s Real=0.02s
[1.257s][info][gc,start       ] GC(44) Pause Young (Allocation Failure)
[1.272s][info][gc,heap        ] GC(44) PSYoungGen: 26176K(48640K)->26176K(46592K) Eden: 12288K(12288K)->0K(12288K) From: 13888K(36352K)->26176K(34304K)
[1.272s][info][gc,heap        ] GC(44) ParOldGen: 180248K(218112K)->180248K(218112K)
[1.272s][info][gc,metaspace   ] GC(44) Metaspace: 6298K(6464K)->6298K(6464K) NonClass: 5765K(5824K)->5765K(5824K) Class: 533K(640K)->533K(640K)
[1.272s][info][gc             ] GC(44) Pause Young (Allocation Failure) 201M->201M(258M) 14.819ms
[1.272s][info][gc,cpu         ] GC(44) User=0.02s Sys=0.00s Real=0.01s
[1.286s][info][gc,start       ] GC(45) Pause Young (Allocation Failure)
[1.306s][info][gc,heap        ] GC(45) PSYoungGen: 38464K(46592K)->36352K(48640K) Eden: 12288K(12288K)->0K(12288K) From: 26176K(34304K)->36352K(36352K)
[1.306s][info][gc,heap        ] GC(45) ParOldGen: 180248K(218112K)->182296K(218112K)
[1.306s][info][gc,metaspace   ] GC(45) Metaspace: 6298K(6464K)->6298K(6464K) NonClass: 5765K(5824K)->5765K(5824K) Class: 533K(640K)->533K(640K)
[1.306s][info][gc             ] GC(45) Pause Young (Allocation Failure) 213M->213M(260M) 19.625ms
[1.306s][info][gc,cpu         ] GC(45) User=0.06s Sys=0.00s Real=0.02s
[1.319s][info][gc,start       ] GC(46) Pause Young (Allocation Failure)
[1.345s][info][gc,heap        ] GC(46) PSYoungGen: 48640K(48640K)->24448K(56832K) Eden: 12288K(12288K)->0K(14336K) From: 36352K(36352K)->24448K(42496K)
[1.345s][info][gc,heap        ] GC(46) ParOldGen: 182296K(218112K)->206888K(218112K)
[1.345s][info][gc,metaspace   ] GC(46) Metaspace: 6298K(6464K)->6298K(6464K) NonClass: 5765K(5824K)->5765K(5824K) Class: 533K(640K)->533K(640K)
[1.345s][info][gc             ] GC(46) Pause Young (Allocation Failure) 225M->225M(268M) 25.706ms
[1.345s][info][gc,cpu         ] GC(46) User=0.11s Sys=0.00s Real=0.03s
[1.345s][info][gc,start       ] GC(47) Pause Full (Ergonomics)
[1.345s][info][gc,phases,start] GC(47) Marking Phase
[1.402s][info][gc,phases      ] GC(47) Marking Phase 56.363ms
[1.402s][info][gc,phases,start] GC(47) Summary Phase
[1.402s][info][gc,phases      ] GC(47) Summary Phase 0.020ms
[1.402s][info][gc,phases,start] GC(47) Adjust Roots
[1.402s][info][gc,phases      ] GC(47) Adjust Roots 0.146ms
[1.402s][info][gc,phases,start] GC(47) Compaction Phase
[1.433s][info][gc,phases      ] GC(47) Compaction Phase 30.853ms
[1.433s][info][gc,phases,start] GC(47) Post Compact
[1.434s][info][gc,phases      ] GC(47) Post Compact 1.130ms
[1.434s][info][gc,heap        ] GC(47) PSYoungGen: 24448K(56832K)->13070K(56832K) Eden: 0K(14336K)->0K(14336K) From: 24448K(42496K)->13070K(42496K)
[1.434s][info][gc,heap        ] GC(47) ParOldGen: 206888K(218112K)->217662K(263168K)
[1.434s][info][gc,metaspace   ] GC(47) Metaspace: 6298K(6464K)->6298K(6464K) NonClass: 5765K(5824K)->5765K(5824K) Class: 533K(640K)->533K(640K)
[1.434s][info][gc             ] GC(47) Pause Full (Ergonomics) 225M->225M(312M) 89.077ms
[1.434s][info][gc,cpu         ] GC(47) User=0.34s Sys=0.02s Real=0.09s
[1.451s][info][gc,start       ] GC(48) Pause Young (Allocation Failure)
[1.473s][info][gc,heap        ] GC(48) PSYoungGen: 27406K(56832K)->14464K(56832K) Eden: 14336K(14336K)->0K(14336K) From: 13070K(42496K)->14464K(42496K)
[1.473s][info][gc,heap        ] GC(48) ParOldGen: 217662K(263168K)->230942K(263168K)
[1.473s][info][gc,metaspace   ] GC(48) Metaspace: 6298K(6464K)->6298K(6464K) NonClass: 5765K(5824K)->5765K(5824K) Class: 533K(640K)->533K(640K)
[1.473s][info][gc             ] GC(48) Pause Young (Allocation Failure) 239M->239M(312M) 22.317ms
[1.473s][info][gc,cpu         ] GC(48) User=0.06s Sys=0.03s Real=0.02s
[1.489s][info][gc,start       ] GC(49) Pause Young (Allocation Failure)
[1.505s][info][gc,heap        ] GC(49) PSYoungGen: 28800K(56832K)->14464K(54272K) Eden: 14336K(14336K)->0K(16384K) From: 14464K(42496K)->14464K(37888K)
[1.505s][info][gc,heap        ] GC(49) ParOldGen: 230942K(263168K)->245486K(263168K)
[1.505s][info][gc,metaspace   ] GC(49) Metaspace: 6298K(6464K)->6298K(6464K) NonClass: 5765K(5824K)->5765K(5824K) Class: 533K(640K)->533K(640K)
[1.505s][info][gc             ] GC(49) Pause Young (Allocation Failure) 253M->253M(310M) 16.384ms
[1.505s][info][gc,cpu         ] GC(49) User=0.03s Sys=0.00s Real=0.02s
[1.505s][info][gc,start       ] GC(50) Pause Full (Ergonomics)
[1.505s][info][gc,phases,start] GC(50) Marking Phase
[1.572s][info][gc,phases      ] GC(50) Marking Phase 66.563ms
[1.572s][info][gc,phases,start] GC(50) Summary Phase
[1.572s][info][gc,phases      ] GC(50) Summary Phase 0.030ms
[1.572s][info][gc,phases,start] GC(50) Adjust Roots
[1.572s][info][gc,phases      ] GC(50) Adjust Roots 0.232ms
[1.572s][info][gc,phases,start] GC(50) Compaction Phase
[1.600s][info][gc,phases      ] GC(50) Compaction Phase 27.383ms
[1.600s][info][gc,phases,start] GC(50) Post Compact
[1.601s][info][gc,phases      ] GC(50) Post Compact 1.252ms
[1.601s][info][gc,heap        ] GC(50) PSYoungGen: 14464K(54272K)->0K(55808K) Eden: 0K(16384K)->0K(16384K) From: 14464K(37888K)->0K(39424K)
[1.601s][info][gc,heap        ] GC(50) ParOldGen: 245486K(263168K)->259344K(308736K)
[1.601s][info][gc,metaspace   ] GC(50) Metaspace: 6298K(6464K)->6298K(6464K) NonClass: 5765K(5824K)->5765K(5824K) Class: 533K(640K)->533K(640K)
[1.601s][info][gc             ] GC(50) Pause Full (Ergonomics) 253M->253M(356M) 96.111ms
[1.601s][info][gc,cpu         ] GC(50) User=0.56s Sys=0.00s Real=0.10s
[1.620s][info][gc,start       ] GC(51) Pause Young (Allocation Failure)
[1.630s][info][gc,heap        ] GC(51) PSYoungGen: 16384K(55808K)->16512K(54784K) Eden: 16384K(16384K)->0K(18432K) From: 0K(39424K)->16512K(36352K)
[1.630s][info][gc,heap        ] GC(51) ParOldGen: 259344K(308736K)->259344K(308736K)
[1.630s][info][gc,metaspace   ] GC(51) Metaspace: 6298K(6464K)->6298K(6464K) NonClass: 5765K(5824K)->5765K(5824K) Class: 533K(640K)->533K(640K)
[1.630s][info][gc             ] GC(51) Pause Young (Allocation Failure) 269M->269M(355M) 9.351ms
[1.630s][info][gc,cpu         ] GC(51) User=0.00s Sys=0.00s Real=0.01s
[1.652s][info][gc,start       ] GC(52) Pause Young (Allocation Failure)
[1.669s][info][gc,heap        ] GC(52) PSYoungGen: 34944K(54784K)->35008K(56320K) Eden: 18432K(18432K)->0K(18432K) From: 16512K(36352K)->35008K(37888K)
[1.669s][info][gc,heap        ] GC(52) ParOldGen: 259344K(308736K)->259344K(308736K)
[1.669s][info][gc,metaspace   ] GC(52) Metaspace: 6298K(6464K)->6298K(6464K) NonClass: 5765K(5824K)->5765K(5824K) Class: 533K(640K)->533K(640K)
[1.669s][info][gc             ] GC(52) Pause Young (Allocation Failure) 287M->287M(356M) 17.259ms
[1.669s][info][gc,cpu         ] GC(52) User=0.03s Sys=0.00s Real=0.02s
[1.689s][info][gc,start       ] GC(53) Pause Young (Allocation Failure)
[1.715s][info][gc,heap        ] GC(53) PSYoungGen: 53440K(56320K)->41984K(52224K) Eden: 18432K(18432K)->0K(10240K) From: 35008K(37888K)->41984K(41984K)
[1.715s][info][gc,heap        ] GC(53) ParOldGen: 259344K(308736K)->270768K(308736K)
[1.715s][info][gc,metaspace   ] GC(53) Metaspace: 6298K(6464K)->6298K(6464K) NonClass: 5765K(5824K)->5765K(5824K) Class: 533K(640K)->533K(640K)
[1.715s][info][gc             ] GC(53) Pause Young (Allocation Failure) 305M->305M(352M) 25.403ms
[1.715s][info][gc,cpu         ] GC(53) User=0.08s Sys=0.06s Real=0.03s
[1.726s][info][gc,start       ] GC(54) Pause Young (Allocation Failure)
[1.749s][info][gc,heap        ] GC(54) PSYoungGen: 52224K(52224K)->24544K(34816K) Eden: 10240K(10240K)->0K(10240K) From: 41984K(41984K)->24544K(24576K)
[1.749s][info][gc,heap        ] GC(54) ParOldGen: 270768K(308736K)->298960K(308736K)
[1.749s][info][gc,metaspace   ] GC(54) Metaspace: 6298K(6464K)->6298K(6464K) NonClass: 5765K(5824K)->5765K(5824K) Class: 533K(640K)->533K(640K)
[1.749s][info][gc             ] GC(54) Pause Young (Allocation Failure) 315M->315M(335M) 23.176ms
[1.749s][info][gc,cpu         ] GC(54) User=0.23s Sys=0.00s Real=0.02s
[1.749s][info][gc,start       ] GC(55) Pause Full (Ergonomics)
[1.749s][info][gc,phases,start] GC(55) Marking Phase
[1.815s][info][gc,phases      ] GC(55) Marking Phase 65.686ms
[1.815s][info][gc,phases,start] GC(55) Summary Phase
[1.815s][info][gc,phases      ] GC(55) Summary Phase 0.019ms
[1.815s][info][gc,phases,start] GC(55) Adjust Roots
[1.815s][info][gc,phases      ] GC(55) Adjust Roots 0.147ms
[1.815s][info][gc,phases,start] GC(55) Compaction Phase
[1.847s][info][gc,phases      ] GC(55) Compaction Phase 31.968ms
[1.847s][info][gc,phases,start] GC(55) Post Compact
[1.849s][info][gc,phases      ] GC(55) Post Compact 1.642ms
[1.849s][info][gc,heap        ] GC(55) PSYoungGen: 24544K(34816K)->14132K(34816K) Eden: 0K(10240K)->0K(10240K) From: 24544K(24576K)->14132K(24576K)
[1.849s][info][gc,heap        ] GC(55) ParOldGen: 298960K(308736K)->308581K(365056K)
[1.849s][info][gc,metaspace   ] GC(55) Metaspace: 6298K(6464K)->6298K(6464K) NonClass: 5765K(5824K)->5765K(5824K) Class: 533K(640K)->533K(640K)
[1.849s][info][gc             ] GC(55) Pause Full (Ergonomics) 315M->315M(390M) 99.977ms
[1.849s][info][gc,cpu         ] GC(55) User=0.62s Sys=0.00s Real=0.10s
[1.861s][info][gc,start       ] GC(56) Pause Young (Allocation Failure)
[1.885s][info][gc,heap        ] GC(56) PSYoungGen: 24372K(34816K)->17088K(58368K) Eden: 10240K(10240K)->0K(11776K) From: 14132K(24576K)->17088K(46592K)
[1.885s][info][gc,heap        ] GC(56) ParOldGen: 308581K(365056K)->316141K(365056K)
[1.885s][info][gc,metaspace   ] GC(56) Metaspace: 6298K(6464K)->6298K(6464K) NonClass: 5765K(5824K)->5765K(5824K) Class: 533K(640K)->533K(640K)
[1.885s][info][gc             ] GC(56) Pause Young (Allocation Failure) 325M->325M(413M) 24.448ms
[1.885s][info][gc,cpu         ] GC(56) User=0.12s Sys=0.00s Real=0.02s
[1.899s][info][gc,start       ] GC(57) Pause Young (Allocation Failure)
[1.913s][info][gc,heap        ] GC(57) PSYoungGen: 28864K(58368K)->28832K(59904K) Eden: 11776K(11776K)->0K(11776K) From: 17088K(46592K)->28832K(48128K)
[1.913s][info][gc,heap        ] GC(57) ParOldGen: 316141K(365056K)->316141K(365056K)
[1.913s][info][gc,metaspace   ] GC(57) Metaspace: 6298K(6464K)->6298K(6464K) NonClass: 5765K(5824K)->5765K(5824K) Class: 533K(640K)->533K(640K)
[1.913s][info][gc             ] GC(57) Pause Young (Allocation Failure) 336M->336M(415M) 14.540ms
[1.913s][info][gc,cpu         ] GC(57) User=0.00s Sys=0.02s Real=0.01s
[1.989s][info][gc,start       ] GC(58) Pause Young (Allocation Failure)
[2.015s][info][gc,heap        ] GC(58) PSYoungGen: 40608K(59904K)->33920K(59904K) Eden: 11776K(11776K)->0K(11776K) From: 28832K(48128K)->33920K(48128K)
[2.015s][info][gc,heap        ] GC(58) ParOldGen: 332525K(365056K)->339341K(365056K)
[2.015s][info][gc,metaspace   ] GC(58) Metaspace: 6298K(6464K)->6298K(6464K) NonClass: 5765K(5824K)->5765K(5824K) Class: 533K(640K)->533K(640K)
[2.015s][info][gc             ] GC(58) Pause Young (Allocation Failure) 364M->364M(415M) 26.606ms
[2.015s][info][gc,cpu         ] GC(58) User=0.14s Sys=0.00s Real=0.03s
[2.016s][info][gc,start       ] GC(59) Pause Full (Ergonomics)
[2.016s][info][gc,phases,start] GC(59) Marking Phase
[2.094s][info][gc,phases      ] GC(59) Marking Phase 78.417ms
[2.094s][info][gc,phases,start] GC(59) Summary Phase
[2.094s][info][gc,phases      ] GC(59) Summary Phase 0.023ms
[2.094s][info][gc,phases,start] GC(59) Adjust Roots
[2.094s][info][gc,phases      ] GC(59) Adjust Roots 0.164ms
[2.094s][info][gc,phases,start] GC(59) Compaction Phase
[2.157s][info][gc,phases      ] GC(59) Compaction Phase 62.869ms
[2.157s][info][gc,phases,start] GC(59) Post Compact
[2.159s][info][gc,phases      ] GC(59) Post Compact 1.915ms
[2.159s][info][gc,heap        ] GC(59) PSYoungGen: 33920K(59904K)->0K(61440K) Eden: 0K(11776K)->0K(11776K) From: 33920K(48128K)->0K(49664K)
[2.159s][info][gc,heap        ] GC(59) ParOldGen: 339341K(365056K)->364605K(419328K)
[2.159s][info][gc,metaspace   ] GC(59) Metaspace: 6298K(6464K)->6298K(6464K) NonClass: 5765K(5824K)->5765K(5824K) Class: 533K(640K)->533K(640K)
[2.159s][info][gc             ] GC(59) Pause Full (Ergonomics) 364M->356M(469M) 143.948ms
[2.160s][info][gc,cpu         ] GC(59) User=0.78s Sys=0.02s Real=0.14s
[2.173s][info][gc,start       ] GC(60) Pause Young (Allocation Failure)
[2.181s][info][gc,heap        ] GC(60) PSYoungGen: 11776K(61440K)->11904K(61952K) Eden: 11776K(11776K)->0K(13312K) From: 0K(49664K)->11904K(48640K)
[2.181s][info][gc,heap        ] GC(60) ParOldGen: 364605K(419328K)->364605K(419328K)
[2.181s][info][gc,metaspace   ] GC(60) Metaspace: 6298K(6464K)->6298K(6464K) NonClass: 5765K(5824K)->5765K(5824K) Class: 533K(640K)->533K(640K)
[2.181s][info][gc             ] GC(60) Pause Young (Allocation Failure) 367M->367M(470M) 7.966ms
[2.181s][info][gc,cpu         ] GC(60) User=0.02s Sys=0.00s Real=0.01s
[2.196s][info][gc,start       ] GC(61) Pause Young (Allocation Failure)
[2.210s][info][gc,heap        ] GC(61) PSYoungGen: 25216K(61952K)->25216K(38912K) Eden: 13312K(13312K)->0K(13312K) From: 11904K(48640K)->25216K(25600K)
[2.210s][info][gc,heap        ] GC(61) ParOldGen: 364605K(419328K)->364605K(419328K)
[2.210s][info][gc,metaspace   ] GC(61) Metaspace: 6298K(6464K)->6298K(6464K) NonClass: 5765K(5824K)->5765K(5824K) Class: 533K(640K)->533K(640K)
[2.210s][info][gc             ] GC(61) Pause Young (Allocation Failure) 380M->380M(447M) 14.271ms
[2.210s][info][gc,cpu         ] GC(61) User=0.00s Sys=0.00s Real=0.01s
[2.223s][info][gc,start       ] GC(62) Pause Young (Allocation Failure)
[2.241s][info][gc,heap        ] GC(62) PSYoungGen: 38528K(38912K)->38496K(58368K) Eden: 13312K(13312K)->0K(11264K) From: 25216K(25600K)->38496K(47104K)
[2.242s][info][gc,heap        ] GC(62) ParOldGen: 364605K(419328K)->364605K(419328K)
[2.242s][info][gc,metaspace   ] GC(62) Metaspace: 6298K(6464K)->6298K(6464K) NonClass: 5765K(5824K)->5765K(5824K) Class: 533K(640K)->533K(640K)
[2.242s][info][gc             ] GC(62) Pause Young (Allocation Failure) 393M->393M(466M) 18.403ms
[2.242s][info][gc,cpu         ] GC(62) User=0.12s Sys=0.00s Real=0.02s
[2.254s][info][gc,start       ] GC(63) Pause Young (Allocation Failure)
[2.276s][info][gc,heap        ] GC(63) PSYoungGen: 49760K(58368K)->49824K(61952K) Eden: 11264K(11264K)->0K(11264K) From: 38496K(47104K)->49824K(50688K)
[2.276s][info][gc,heap        ] GC(63) ParOldGen: 364605K(419328K)->364605K(419328K)
[2.276s][info][gc,metaspace   ] GC(63) Metaspace: 6298K(6464K)->6298K(6464K) NonClass: 5765K(5824K)->5765K(5824K) Class: 533K(640K)->533K(640K)
[2.276s][info][gc             ] GC(63) Pause Young (Allocation Failure) 404M->404M(470M) 22.663ms
[2.276s][info][gc,cpu         ] GC(63) User=0.14s Sys=0.00s Real=0.02s
[2.287s][info][gc,start       ] GC(64) Pause Young (Allocation Failure)
[2.315s][info][gc,heap        ] GC(64) PSYoungGen: 61088K(61952K)->57344K(60928K) Eden: 11264K(11264K)->0K(3584K) From: 49824K(50688K)->57344K(57344K)
[2.315s][info][gc,heap        ] GC(64) ParOldGen: 364605K(419328K)->368253K(419328K)
[2.315s][info][gc,metaspace   ] GC(64) Metaspace: 6298K(6464K)->6298K(6464K) NonClass: 5765K(5824K)->5765K(5824K) Class: 533K(640K)->533K(640K)
[2.315s][info][gc             ] GC(64) Pause Young (Allocation Failure) 415M->415M(469M) 28.050ms
[2.315s][info][gc,cpu         ] GC(64) User=0.11s Sys=0.03s Real=0.03s
[2.319s][info][gc,start       ] GC(65) Pause Young (Allocation Failure)
[2.345s][info][gc,heap        ] GC(65) PSYoungGen: 60928K(60928K)->61024K(70144K) Eden: 3584K(3584K)->0K(3584K) From: 57344K(57344K)->61024K(66560K)
[2.345s][info][gc,heap        ] GC(65) ParOldGen: 368253K(419328K)->368253K(419328K)
[2.345s][info][gc,metaspace   ] GC(65) Metaspace: 6298K(6464K)->6298K(6464K) NonClass: 5765K(5824K)->5765K(5824K) Class: 533K(640K)->533K(640K)
[2.345s][info][gc             ] GC(65) Pause Young (Allocation Failure) 419M->419M(478M) 25.785ms
[2.345s][info][gc,cpu         ] GC(65) User=0.14s Sys=0.00s Real=0.03s
[2.349s][info][gc,start       ] GC(66) Pause Young (Allocation Failure)
[2.377s][info][gc,heap        ] GC(66) PSYoungGen: 64608K(70144K)->40736K(75776K) Eden: 3584K(3584K)->0K(4608K) From: 61024K(66560K)->40736K(71168K)
[2.377s][info][gc,heap        ] GC(66) ParOldGen: 368253K(419328K)->392437K(419328K)
[2.377s][info][gc,metaspace   ] GC(66) Metaspace: 6298K(6464K)->6298K(6464K) NonClass: 5765K(5824K)->5765K(5824K) Class: 533K(640K)->533K(640K)
[2.377s][info][gc             ] GC(66) Pause Young (Allocation Failure) 422M->423M(483M) 28.213ms
[2.377s][info][gc,cpu         ] GC(66) User=0.14s Sys=0.00s Real=0.03s
[2.377s][info][gc,start       ] GC(67) Pause Full (Ergonomics)
[2.377s][info][gc,phases,start] GC(67) Marking Phase
[2.478s][info][gc,phases      ] GC(67) Marking Phase 101.059ms
[2.478s][info][gc,phases,start] GC(67) Summary Phase
[2.478s][info][gc,phases      ] GC(67) Summary Phase 0.019ms
[2.478s][info][gc,phases,start] GC(67) Adjust Roots
[2.478s][info][gc,phases      ] GC(67) Adjust Roots 0.149ms
[2.478s][info][gc,phases,start] GC(67) Compaction Phase
[2.525s][info][gc,phases      ] GC(67) Compaction Phase 46.991ms
[2.525s][info][gc,phases,start] GC(67) Post Compact
[2.528s][info][gc,phases      ] GC(67) Post Compact 2.635ms
[2.528s][info][gc,heap        ] GC(67) PSYoungGen: 40736K(75776K)->13427K(76800K) Eden: 0K(4608K)->0K(5632K) From: 40736K(71168K)->13427K(71168K)
[2.528s][info][gc,heap        ] GC(67) ParOldGen: 392437K(419328K)->419064K(477184K)
[2.528s][info][gc,metaspace   ] GC(67) Metaspace: 6298K(6464K)->6298K(6464K) NonClass: 5765K(5824K)->5765K(5824K) Class: 533K(640K)->533K(640K)
[2.528s][info][gc             ] GC(67) Pause Full (Ergonomics) 423M->422M(541M) 151.385ms
[2.528s][info][gc,cpu         ] GC(67) User=0.98s Sys=0.00s Real=0.15s
[2.535s][info][gc,start       ] GC(68) Pause Young (Allocation Failure)
[2.561s][info][gc,heap        ] GC(68) PSYoungGen: 19059K(76800K)->11488K(78336K) Eden: 5632K(5632K)->0K(5632K) From: 13427K(71168K)->11488K(72704K)
[2.561s][info][gc,heap        ] GC(68) ParOldGen: 419064K(477184K)->426872K(477184K)
[2.561s][info][gc,metaspace   ] GC(68) Metaspace: 6298K(6464K)->6298K(6464K) NonClass: 5765K(5824K)->5765K(5824K) Class: 533K(640K)->533K(640K)
[2.561s][info][gc             ] GC(68) Pause Young (Allocation Failure) 427M->428M(542M) 26.657ms
[2.561s][info][gc,cpu         ] GC(68) User=0.14s Sys=0.00s Real=0.03s
[2.567s][info][gc,start       ] GC(69) Pause Young (Allocation Failure)
[2.576s][info][gc,heap        ] GC(69) PSYoungGen: 17120K(78336K)->12160K(77824K) Eden: 5632K(5632K)->0K(6656K) From: 11488K(72704K)->12160K(71168K)
[2.576s][info][gc,heap        ] GC(69) ParOldGen: 426872K(477184K)->431824K(477184K)
[2.576s][info][gc,metaspace   ] GC(69) Metaspace: 6298K(6464K)->6298K(6464K) NonClass: 5765K(5824K)->5765K(5824K) Class: 533K(640K)->533K(640K)
[2.576s][info][gc             ] GC(69) Pause Young (Allocation Failure) 433M->433M(542M) 9.570ms
[2.576s][info][gc,cpu         ] GC(69) User=0.02s Sys=0.00s Real=0.01s
[2.583s][info][gc,start       ] GC(70) Pause Young (Allocation Failure)
[2.594s][info][gc,heap        ] GC(70) PSYoungGen: 18816K(77824K)->12352K(78848K) Eden: 6656K(6656K)->0K(6656K) From: 12160K(71168K)->12352K(72192K)
[2.594s][info][gc,heap        ] GC(70) ParOldGen: 431824K(477184K)->438408K(477184K)
[2.594s][info][gc,metaspace   ] GC(70) Metaspace: 6298K(6464K)->6298K(6464K) NonClass: 5765K(5824K)->5765K(5824K) Class: 533K(640K)->533K(640K)
[2.594s][info][gc             ] GC(70) Pause Young (Allocation Failure) 440M->440M(543M) 10.441ms
[2.594s][info][gc,cpu         ] GC(70) User=0.02s Sys=0.00s Real=0.01s
[2.601s][info][gc,start       ] GC(71) Pause Young (Allocation Failure)
[2.613s][info][gc,heap        ] GC(71) PSYoungGen: 19008K(78848K)->6752K(77824K) Eden: 6656K(6656K)->0K(7680K) From: 12352K(72192K)->6752K(70144K)
[2.613s][info][gc,heap        ] GC(71) ParOldGen: 438408K(477184K)->450832K(477184K)
[2.613s][info][gc,metaspace   ] GC(71) Metaspace: 6298K(6464K)->6298K(6464K) NonClass: 5765K(5824K)->5765K(5824K) Class: 533K(640K)->533K(640K)
[2.613s][info][gc             ] GC(71) Pause Young (Allocation Failure) 446M->446M(542M) 11.714ms
[2.613s][info][gc,cpu         ] GC(71) User=0.00s Sys=0.00s Real=0.01s
[2.622s][info][gc,start       ] GC(72) Pause Young (Allocation Failure)
[2.631s][info][gc,heap        ] GC(72) PSYoungGen: 14432K(77824K)->7776K(78336K) Eden: 7680K(7680K)->0K(7680K) From: 6752K(70144K)->7776K(70656K)
[2.631s][info][gc,heap        ] GC(72) ParOldGen: 450832K(477184K)->457560K(477184K)
[2.631s][info][gc,metaspace   ] GC(72) Metaspace: 6298K(6464K)->6298K(6464K) NonClass: 5765K(5824K)->5765K(5824K) Class: 533K(640K)->533K(640K)
[2.631s][info][gc             ] GC(72) Pause Young (Allocation Failure) 454M->454M(542M) 9.511ms
[2.631s][info][gc,cpu         ] GC(72) User=0.00s Sys=0.00s Real=0.01s
[2.631s][info][gc,start       ] GC(73) Pause Full (Ergonomics)
[2.631s][info][gc,phases,start] GC(73) Marking Phase
[2.735s][info][gc,phases      ] GC(73) Marking Phase 103.202ms
[2.735s][info][gc,phases,start] GC(73) Summary Phase
[2.735s][info][gc,phases      ] GC(73) Summary Phase 0.024ms
[2.735s][info][gc,phases,start] GC(73) Adjust Roots
[2.735s][info][gc,phases      ] GC(73) Adjust Roots 0.162ms
[2.735s][info][gc,phases,start] GC(73) Compaction Phase
[2.777s][info][gc,phases      ] GC(73) Compaction Phase 42.283ms
[2.777s][info][gc,phases,start] GC(73) Post Compact
[2.780s][info][gc,phases      ] GC(73) Post Compact 2.347ms
[2.780s][info][gc,heap        ] GC(73) PSYoungGen: 7776K(78336K)->0K(78336K) Eden: 0K(7680K)->0K(9216K) From: 7776K(70656K)->0K(69120K)
[2.780s][info][gc,heap        ] GC(73) ParOldGen: 457560K(477184K)->464587K(519680K)
[2.780s][info][gc,metaspace   ] GC(73) Metaspace: 6298K(6464K)->6298K(6464K) NonClass: 5765K(5824K)->5765K(5824K) Class: 533K(640K)->533K(640K)
[2.780s][info][gc             ] GC(73) Pause Full (Ergonomics) 454M->453M(584M) 148.538ms
[2.780s][info][gc,cpu         ] GC(73) User=1.09s Sys=0.02s Real=0.15s
[2.790s][info][gc,start       ] GC(74) Pause Young (Allocation Failure)
[2.797s][info][gc,heap        ] GC(74) PSYoungGen: 9216K(78336K)->9344K(18944K) Eden: 9216K(9216K)->0K(9216K) From: 0K(69120K)->9344K(9728K)
[2.798s][info][gc,heap        ] GC(74) ParOldGen: 464587K(519680K)->464587K(519680K)
[2.798s][info][gc,metaspace   ] GC(74) Metaspace: 6298K(6464K)->6298K(6464K) NonClass: 5765K(5824K)->5765K(5824K) Class: 533K(640K)->533K(640K)
[2.798s][info][gc             ] GC(74) Pause Young (Allocation Failure) 462M->462M(526M) 7.610ms
[2.798s][info][gc,cpu         ] GC(74) User=0.00s Sys=0.00s Real=0.01s
[2.808s][info][gc,start       ] GC(75) Pause Young (Allocation Failure)
[2.818s][info][gc,heap        ] GC(75) PSYoungGen: 18560K(18944K)->18528K(69632K) Eden: 9216K(9216K)->0K(10240K) From: 9344K(9728K)->18528K(59392K)
[2.818s][info][gc,heap        ] GC(75) ParOldGen: 464587K(519680K)->464587K(519680K)
[2.818s][info][gc,metaspace   ] GC(75) Metaspace: 6298K(6464K)->6298K(6464K) NonClass: 5765K(5824K)->5765K(5824K) Class: 533K(640K)->533K(640K)
[2.818s][info][gc             ] GC(75) Pause Young (Allocation Failure) 471M->471M(575M) 10.623ms
[2.818s][info][gc,cpu         ] GC(75) User=0.00s Sys=0.00s Real=0.01s
[2.830s][info][gc,start       ] GC(76) Pause Young (Allocation Failure)
[2.846s][info][gc,heap        ] GC(76) PSYoungGen: 28768K(69632K)->19520K(30208K) Eden: 10240K(10240K)->0K(10240K) From: 18528K(59392K)->19520K(19968K)
[2.846s][info][gc,heap        ] GC(76) ParOldGen: 464587K(519680K)->473923K(519680K)
[2.846s][info][gc,metaspace   ] GC(76) Metaspace: 6298K(6464K)->6298K(6464K) NonClass: 5765K(5824K)->5765K(5824K) Class: 533K(640K)->533K(640K)
[2.846s][info][gc             ] GC(76) Pause Young (Allocation Failure) 481M->481M(537M) 15.359ms
[2.846s][info][gc,cpu         ] GC(76) User=0.02s Sys=0.00s Real=0.02s
[2.856s][info][gc,start       ] GC(77) Pause Young (Allocation Failure)
[2.872s][info][gc,heap        ] GC(77) PSYoungGen: 29760K(30208K)->20576K(66048K) Eden: 10240K(10240K)->0K(11776K) From: 19520K(19968K)->20576K(54272K)
[2.872s][info][gc,heap        ] GC(77) ParOldGen: 473923K(519680K)->483259K(519680K)
[2.872s][info][gc,metaspace   ] GC(77) Metaspace: 6298K(6464K)->6298K(6464K) NonClass: 5765K(5824K)->5765K(5824K) Class: 533K(640K)->533K(640K)
[2.872s][info][gc             ] GC(77) Pause Young (Allocation Failure) 491M->492M(572M) 16.060ms
[2.872s][info][gc,cpu         ] GC(77) User=0.02s Sys=0.00s Real=0.02s
[2.886s][info][gc,start       ] GC(78) Pause Young (Allocation Failure)
[2.904s][info][gc,heap        ] GC(78) PSYoungGen: 32352K(66048K)->22144K(34304K) Eden: 11776K(11776K)->0K(11776K) From: 20576K(54272K)->22144K(22528K)
[2.904s][info][gc,heap        ] GC(78) ParOldGen: 483259K(519680K)->493643K(519680K)
[2.904s][info][gc,metaspace   ] GC(78) Metaspace: 6298K(6464K)->6298K(6464K) NonClass: 5765K(5824K)->5765K(5824K) Class: 533K(640K)->533K(640K)
[2.904s][info][gc             ] GC(78) Pause Young (Allocation Failure) 503M->503M(541M) 17.930ms
[2.904s][info][gc,cpu         ] GC(78) User=0.06s Sys=0.00s Real=0.02s
[2.917s][info][gc,start       ] GC(79) Pause Young (Allocation Failure)
[2.935s][info][gc,heap        ] GC(79) PSYoungGen: 33920K(34304K)->23680K(61440K) Eden: 11776K(11776K)->0K(13312K) From: 22144K(22528K)->23680K(48128K)
[2.935s][info][gc,heap        ] GC(79) ParOldGen: 493643K(519680K)->504035K(519680K)
[2.935s][info][gc,metaspace   ] GC(79) Metaspace: 6298K(6464K)->6298K(6464K) NonClass: 5765K(5824K)->5765K(5824K) Class: 533K(640K)->533K(640K)
[2.935s][info][gc             ] GC(79) Pause Young (Allocation Failure) 515M->515M(567M) 17.948ms
[2.935s][info][gc,cpu         ] GC(79) User=0.02s Sys=0.00s Real=0.02s
[2.935s][info][gc,start       ] GC(80) Pause Full (Ergonomics)
[2.935s][info][gc,phases,start] GC(80) Marking Phase
[3.053s][info][gc,phases      ] GC(80) Marking Phase 118.163ms
[3.053s][info][gc,phases,start] GC(80) Summary Phase
[3.053s][info][gc,phases      ] GC(80) Summary Phase 0.019ms
[3.053s][info][gc,phases,start] GC(80) Adjust Roots
[3.053s][info][gc,phases      ] GC(80) Adjust Roots 0.148ms
[3.053s][info][gc,phases,start] GC(80) Compaction Phase
[3.101s][info][gc,phases      ] GC(80) Compaction Phase 47.489ms
[3.101s][info][gc,phases,start] GC(80) Post Compact
[3.103s][info][gc,phases      ] GC(80) Post Compact 2.641ms
[3.104s][info][gc,heap        ] GC(80) PSYoungGen: 23680K(61440K)->7650K(63488K) Eden: 0K(13312K)->0K(15360K) From: 23680K(48128K)->7650K(48128K)
[3.104s][info][gc,heap        ] GC(80) ParOldGen: 504035K(519680K)->519210K(576512K)
[3.104s][info][gc,metaspace   ] GC(80) Metaspace: 6298K(6464K)->6298K(6464K) NonClass: 5765K(5824K)->5765K(5824K) Class: 533K(640K)->533K(640K)
[3.104s][info][gc             ] GC(80) Pause Full (Ergonomics) 515M->514M(625M) 169.049ms
[3.104s][info][gc,cpu         ] GC(80) User=1.09s Sys=0.02s Real=0.17s
[3.121s][info][gc,start       ] GC(81) Pause Young (Allocation Failure)
[3.154s][info][gc,heap        ] GC(81) PSYoungGen: 23010K(63488K)->18880K(34304K) Eden: 15360K(15360K)->0K(15360K) From: 7650K(48128K)->18880K(18944K)
[3.154s][info][gc,heap        ] GC(81) ParOldGen: 519210K(576512K)->523618K(576512K)
[3.154s][info][gc,metaspace   ] GC(81) Metaspace: 6298K(6464K)->6298K(6464K) NonClass: 5765K(5824K)->5765K(5824K) Class: 533K(640K)->533K(640K)
[3.154s][info][gc             ] GC(81) Pause Young (Allocation Failure) 529M->529M(596M) 33.150ms
[3.154s][info][gc,cpu         ] GC(81) User=0.14s Sys=0.00s Real=0.03s
[3.171s][info][gc,start       ] GC(82) Pause Young (Allocation Failure)
[3.190s][info][gc,heap        ] GC(82) PSYoungGen: 34240K(34304K)->34208K(64000K) Eden: 15360K(15360K)->0K(15360K) From: 18880K(18944K)->34208K(48640K)
[3.190s][info][gc,heap        ] GC(82) ParOldGen: 523618K(576512K)->523618K(576512K)
[3.190s][info][gc,metaspace   ] GC(82) Metaspace: 6298K(6464K)->6298K(6464K) NonClass: 5765K(5824K)->5765K(5824K) Class: 533K(640K)->533K(640K)
[3.190s][info][gc             ] GC(82) Pause Young (Allocation Failure) 544M->544M(625M) 18.836ms
[3.190s][info][gc,cpu         ] GC(82) User=0.09s Sys=0.00s Real=0.02s
[3.207s][info][gc,start       ] GC(83) Pause Young (Allocation Failure)
[3.234s][info][gc,heap        ] GC(83) PSYoungGen: 49568K(64000K)->46240K(65536K) Eden: 15360K(15360K)->0K(15360K) From: 34208K(48640K)->46240K(50176K)
[3.234s][info][gc,heap        ] GC(83) ParOldGen: 523618K(576512K)->527026K(576512K)
[3.234s][info][gc,metaspace   ] GC(83) Metaspace: 6298K(6464K)->6298K(6464K) NonClass: 5765K(5824K)->5765K(5824K) Class: 533K(640K)->533K(640K)
[3.234s][info][gc             ] GC(83) Pause Young (Allocation Failure) 559M->559M(627M) 26.760ms
[3.234s][info][gc,cpu         ] GC(83) User=0.12s Sys=0.02s Real=0.03s
[3.253s][info][gc,start       ] GC(84) Pause Young (Allocation Failure)
[3.285s][info][gc,heap        ] GC(84) PSYoungGen: 61600K(65536K)->46208K(68608K) Eden: 15360K(15360K)->0K(12288K) From: 46240K(50176K)->46208K(56320K)
[3.285s][info][gc,heap        ] GC(84) ParOldGen: 527026K(576512K)->542586K(576512K)
[3.286s][info][gc,metaspace   ] GC(84) Metaspace: 6298K(6464K)->6298K(6464K) NonClass: 5765K(5824K)->5765K(5824K) Class: 533K(640K)->533K(640K)
[3.286s][info][gc             ] GC(84) Pause Young (Allocation Failure) 574M->574M(630M) 32.442ms
[3.286s][info][gc,cpu         ] GC(84) User=0.11s Sys=0.00s Real=0.03s
[3.299s][info][gc,start       ] GC(85) Pause Young (Allocation Failure)
[3.329s][info][gc,heap        ] GC(85) PSYoungGen: 58496K(68608K)->43136K(73216K) Eden: 12288K(12288K)->0K(12288K) From: 46208K(56320K)->43136K(60928K)
[3.329s][info][gc,heap        ] GC(85) ParOldGen: 542586K(576512K)->558178K(576512K)
[3.329s][info][gc,metaspace   ] GC(85) Metaspace: 6298K(6464K)->6298K(6464K) NonClass: 5765K(5824K)->5765K(5824K) Class: 533K(640K)->533K(640K)
[3.329s][info][gc             ] GC(85) Pause Young (Allocation Failure) 586M->587M(634M) 30.238ms
[3.329s][info][gc,cpu         ] GC(85) User=0.09s Sys=0.00s Real=0.03s
[3.329s][info][gc,start       ] GC(86) Pause Full (Ergonomics)
[3.329s][info][gc,phases,start] GC(86) Marking Phase
[3.466s][info][gc,phases      ] GC(86) Marking Phase 137.180ms
[3.467s][info][gc,phases,start] GC(86) Summary Phase
[3.467s][info][gc,phases      ] GC(86) Summary Phase 0.027ms
[3.467s][info][gc,phases,start] GC(86) Adjust Roots
[3.467s][info][gc,phases      ] GC(86) Adjust Roots 0.158ms
[3.467s][info][gc,phases,start] GC(86) Compaction Phase
[3.521s][info][gc,phases      ] GC(86) Compaction Phase 53.761ms
[3.521s][info][gc,phases,start] GC(86) Post Compact
[3.522s][info][gc,phases      ] GC(86) Post Compact 0.991ms
[3.522s][info][gc,heap        ] GC(86) PSYoungGen: 43136K(73216K)->24008K(73216K) Eden: 0K(12288K)->0K(12288K) From: 43136K(60928K)->24008K(60928K)
[3.522s][info][gc,heap        ] GC(86) ParOldGen: 558178K(576512K)->576426K(640000K)
[3.522s][info][gc,metaspace   ] GC(86) Metaspace: 6298K(6464K)->6298K(6464K) NonClass: 5765K(5824K)->5765K(5824K) Class: 533K(640K)->533K(640K)
[3.522s][info][gc             ] GC(86) Pause Full (Ergonomics) 587M->586M(696M) 192.830ms
[3.522s][info][gc,cpu         ] GC(86) User=1.25s Sys=0.03s Real=0.19s
[3.537s][info][gc,start       ] GC(87) Pause Young (Allocation Failure)
[3.580s][info][gc,heap        ] GC(87) PSYoungGen: 36296K(73216K)->20096K(73216K) Eden: 12288K(12288K)->0K(13824K) From: 24008K(60928K)->20096K(59392K)
[3.580s][info][gc,heap        ] GC(87) ParOldGen: 576426K(640000K)->593002K(640000K)
[3.580s][info][gc,metaspace   ] GC(87) Metaspace: 6298K(6464K)->6298K(6464K) NonClass: 5765K(5824K)->5765K(5824K) Class: 533K(640K)->533K(640K)
[3.580s][info][gc             ] GC(87) Pause Young (Allocation Failure) 598M->598M(696M) 42.959ms
[3.580s][info][gc,cpu         ] GC(87) User=0.23s Sys=0.00s Real=0.04s
[3.597s][info][gc,start       ] GC(88) Pause Young (Allocation Failure)
[3.616s][info][gc,heap        ] GC(88) PSYoungGen: 33920K(73216K)->26240K(40448K) Eden: 13824K(13824K)->0K(13824K) From: 20096K(59392K)->26240K(26624K)
[3.616s][info][gc,heap        ] GC(88) ParOldGen: 593002K(640000K)->600802K(640000K)
[3.616s][info][gc,metaspace   ] GC(88) Metaspace: 6298K(6464K)->6298K(6464K) NonClass: 5765K(5824K)->5765K(5824K) Class: 533K(640K)->533K(640K)
[3.616s][info][gc             ] GC(88) Pause Young (Allocation Failure) 612M->612M(664M) 19.463ms
[3.617s][info][gc,cpu         ] GC(88) User=0.09s Sys=0.03s Real=0.02s
[3.633s][info][gc,start       ] GC(89) Pause Young (Allocation Failure)
[3.656s][info][gc,heap        ] GC(89) PSYoungGen: 40064K(40448K)->27744K(68608K) Eden: 13824K(13824K)->0K(15872K) From: 26240K(26624K)->27744K(52736K)
[3.656s][info][gc,heap        ] GC(89) ParOldGen: 600802K(640000K)->613258K(640000K)
[3.656s][info][gc,metaspace   ] GC(89) Metaspace: 6298K(6464K)->6298K(6464K) NonClass: 5765K(5824K)->5765K(5824K) Class: 533K(640K)->533K(640K)
[3.656s][info][gc             ] GC(89) Pause Young (Allocation Failure) 625M->625M(692M) 22.870ms
[3.656s][info][gc,cpu         ] GC(89) User=0.11s Sys=0.02s Real=0.02s
[3.675s][info][gc,start       ] GC(90) Pause Young (Allocation Failure)
[3.699s][info][gc,heap        ] GC(90) PSYoungGen: 43616K(68608K)->29824K(71168K) Eden: 15872K(15872K)->0K(15872K) From: 27744K(52736K)->29824K(55296K)
[3.699s][info][gc,heap        ] GC(90) ParOldGen: 613258K(640000K)->627274K(640000K)
[3.699s][info][gc,metaspace   ] GC(90) Metaspace: 6298K(6464K)->6298K(6464K) NonClass: 5765K(5824K)->5765K(5824K) Class: 533K(640K)->533K(640K)
[3.699s][info][gc             ] GC(90) Pause Young (Allocation Failure) 641M->641M(694M) 23.558ms
[3.699s][info][gc,cpu         ] GC(90) User=0.14s Sys=0.00s Real=0.02s
[3.699s][info][gc,start       ] GC(91) Pause Full (Ergonomics)
[3.699s][info][gc,phases,start] GC(91) Marking Phase
[3.840s][info][gc,phases      ] GC(91) Marking Phase 140.987ms
[3.840s][info][gc,phases,start] GC(91) Summary Phase
[3.840s][info][gc,phases      ] GC(91) Summary Phase 0.027ms
[3.840s][info][gc,phases,start] GC(91) Adjust Roots
[3.840s][info][gc,phases      ] GC(91) Adjust Roots 0.155ms
[3.840s][info][gc,phases,start] GC(91) Compaction Phase
[3.896s][info][gc,phases      ] GC(91) Compaction Phase 55.735ms
[3.896s][info][gc,phases,start] GC(91) Post Compact
[3.897s][info][gc,phases      ] GC(91) Post Compact 1.227ms
[3.898s][info][gc,heap        ] GC(91) PSYoungGen: 29824K(71168K)->16349K(71168K) Eden: 0K(15872K)->0K(15872K) From: 29824K(55296K)->16349K(55296K)
[3.898s][info][gc,heap        ] GC(91) ParOldGen: 627274K(640000K)->639774K(709120K)
[3.898s][info][gc,metaspace   ] GC(91) Metaspace: 6298K(6464K)->6298K(6464K) NonClass: 5765K(5824K)->5765K(5824K) Class: 533K(640K)->533K(640K)
[3.898s][info][gc             ] GC(91) Pause Full (Ergonomics) 641M->640M(762M) 198.682ms
[3.898s][info][gc,cpu         ] GC(91) User=1.33s Sys=0.03s Real=0.20s
[3.916s][info][gc,start       ] GC(92) Pause Young (Allocation Failure)
[3.960s][info][gc,heap        ] GC(92) PSYoungGen: 32221K(71168K)->25024K(68096K) Eden: 15872K(15872K)->0K(17920K) From: 16349K(55296K)->25024K(50176K)
[3.960s][info][gc,heap        ] GC(92) ParOldGen: 639774K(709120K)->647294K(709120K)
[3.960s][info][gc,metaspace   ] GC(92) Metaspace: 6298K(6464K)->6298K(6464K) NonClass: 5765K(5824K)->5765K(5824K) Class: 533K(640K)->533K(640K)
[3.960s][info][gc             ] GC(92) Pause Young (Allocation Failure) 656M->656M(759M) 43.348ms
[3.960s][info][gc,cpu         ] GC(92) User=0.20s Sys=0.05s Real=0.04s
[3.982s][info][gc,start       ] GC(93) Pause Young (Allocation Failure)
[4.006s][info][gc,heap        ] GC(93) PSYoungGen: 42944K(68096K)->42912K(69632K) Eden: 17920K(17920K)->0K(17920K) From: 25024K(50176K)->42912K(51712K)
[4.006s][info][gc,heap        ] GC(93) ParOldGen: 647294K(709120K)->647294K(709120K)
[4.006s][info][gc,metaspace   ] GC(93) Metaspace: 6298K(6464K)->6298K(6464K) NonClass: 5765K(5824K)->5765K(5824K) Class: 533K(640K)->533K(640K)
[4.006s][info][gc             ] GC(93) Pause Young (Allocation Failure) 674M->674M(760M) 23.671ms
[4.006s][info][gc,cpu         ] GC(93) User=0.12s Sys=0.00s Real=0.02s
[4.147s][info][gc,start       ] GC(94) Pause Young (Allocation Failure)
[4.193s][info][gc,heap        ] GC(94) PSYoungGen: 60832K(69632K)->54784K(65536K) Eden: 17920K(17920K)->0K(10752K) From: 42912K(51712K)->54784K(54784K)
[4.193s][info][gc,heap        ] GC(94) ParOldGen: 680062K(709120K)->686086K(709120K)
[4.193s][info][gc,metaspace   ] GC(94) Metaspace: 6298K(6464K)->6298K(6464K) NonClass: 5765K(5824K)->5765K(5824K) Class: 533K(640K)->533K(640K)
[4.193s][info][gc             ] GC(94) Pause Young (Allocation Failure) 723M->723M(756M) 45.879ms
[4.193s][info][gc,cpu         ] GC(94) User=0.25s Sys=0.02s Real=0.05s
[4.203s][info][gc,start       ] GC(95) Pause Young (Allocation Failure)
[4.237s][info][gc,heap        ] GC(95) PSYoungGen: 65536K(65536K)->43424K(74752K) Eden: 10752K(10752K)->0K(10752K) From: 54784K(54784K)->43424K(64000K)
[4.237s][info][gc,heap        ] GC(95) ParOldGen: 686086K(709120K)->708582K(709120K)
[4.237s][info][gc,metaspace   ] GC(95) Metaspace: 6298K(6464K)->6298K(6464K) NonClass: 5765K(5824K)->5765K(5824K) Class: 533K(640K)->533K(640K)
[4.237s][info][gc             ] GC(95) Pause Young (Allocation Failure) 734M->734M(765M) 33.370ms
[4.237s][info][gc,cpu         ] GC(95) User=0.14s Sys=0.02s Real=0.03s
[4.237s][info][gc,start       ] GC(96) Pause Full (Ergonomics)
[4.237s][info][gc,phases,start] GC(96) Marking Phase
[4.404s][info][gc,phases      ] GC(96) Marking Phase 167.012ms
[4.404s][info][gc,phases,start] GC(96) Summary Phase
[4.404s][info][gc,phases      ] GC(96) Summary Phase 0.022ms
[4.404s][info][gc,phases,start] GC(96) Adjust Roots
[4.404s][info][gc,phases      ] GC(96) Adjust Roots 0.152ms
[4.404s][info][gc,phases,start] GC(96) Compaction Phase
[4.530s][info][gc,phases      ] GC(96) Compaction Phase 125.523ms
[4.530s][info][gc,phases,start] GC(96) Post Compact
[4.532s][info][gc,phases      ] GC(96) Post Compact 1.876ms
[4.532s][info][gc,heap        ] GC(96) PSYoungGen: 43424K(74752K)->25822K(74752K) Eden: 0K(10752K)->0K(10752K) From: 43424K(64000K)->25822K(64000K)
[4.532s][info][gc,heap        ] GC(96) ParOldGen: 708582K(709120K)->709022K(784896K)
[4.532s][info][gc,metaspace   ] GC(96) Metaspace: 6298K(6464K)->6298K(6464K) NonClass: 5765K(5824K)->5765K(5824K) Class: 533K(640K)->533K(640K)
[4.532s][info][gc             ] GC(96) Pause Full (Ergonomics) 734M->717M(839M) 295.178ms
[4.532s][info][gc,cpu         ] GC(96) User=1.80s Sys=0.00s Real=0.29s
[4.545s][info][gc,start       ] GC(97) Pause Young (Allocation Failure)
[4.591s][info][gc,heap        ] GC(97) PSYoungGen: 36574K(74752K)->27456K(73216K) Eden: 10752K(10752K)->0K(12288K) From: 25822K(64000K)->27456K(60928K)
[4.591s][info][gc,heap        ] GC(97) ParOldGen: 709022K(784896K)->718534K(784896K)
[4.591s][info][gc,metaspace   ] GC(97) Metaspace: 6298K(6464K)->6298K(6464K) NonClass: 5765K(5824K)->5765K(5824K) Class: 533K(640K)->533K(640K)
[4.591s][info][gc             ] GC(97) Pause Young (Allocation Failure) 728M->728M(838M) 45.670ms
[4.591s][info][gc,cpu         ] GC(97) User=0.23s Sys=0.00s Real=0.04s
[4.604s][info][gc,start       ] GC(98) Pause Young (Allocation Failure)
[4.625s][info][gc,heap        ] GC(98) PSYoungGen: 39744K(73216K)->39712K(75264K) Eden: 12288K(12288K)->0K(12288K) From: 27456K(60928K)->39712K(62976K)
[4.625s][info][gc,heap        ] GC(98) ParOldGen: 718534K(784896K)->718534K(784896K)
[4.625s][info][gc,metaspace   ] GC(98) Metaspace: 6298K(6464K)->6298K(6464K) NonClass: 5765K(5824K)->5765K(5824K) Class: 533K(640K)->533K(640K)
[4.625s][info][gc             ] GC(98) Pause Young (Allocation Failure) 740M->740M(840M) 21.559ms
[4.625s][info][gc,cpu         ] GC(98) User=0.02s Sys=0.00s Real=0.02s
[4.638s][info][gc,start       ] GC(99) Pause Young (Allocation Failure)
[4.664s][info][gc,heap        ] GC(99) PSYoungGen: 52000K(75264K)->42240K(76288K) Eden: 12288K(12288K)->0K(13824K) From: 39712K(62976K)->42240K(62464K)
[4.664s][info][gc,heap        ] GC(99) ParOldGen: 718534K(784896K)->728398K(784896K)
[4.664s][info][gc,metaspace   ] GC(99) Metaspace: 6298K(6464K)->6298K(6464K) NonClass: 5765K(5824K)->5765K(5824K) Class: 533K(640K)->533K(640K)
[4.664s][info][gc             ] GC(99) Pause Young (Allocation Failure) 752M->752M(841M) 25.778ms
[4.664s][info][gc,cpu         ] GC(99) User=0.08s Sys=0.00s Real=0.03s
[4.678s][info][gc,start       ] GC(100) Pause Young (Allocation Failure)
[4.705s][info][gc,heap        ] GC(100) PSYoungGen: 56064K(76288K)->49248K(76288K) Eden: 13824K(13824K)->0K(13824K) From: 42240K(62464K)->49248K(62464K)
[4.706s][info][gc,heap        ] GC(100) ParOldGen: 728398K(784896K)->735278K(784896K)
[4.706s][info][gc,metaspace   ] GC(100) Metaspace: 6298K(6464K)->6298K(6464K) NonClass: 5765K(5824K)->5765K(5824K) Class: 533K(640K)->533K(640K)
[4.706s][info][gc             ] GC(100) Pause Young (Allocation Failure) 766M->766M(841M) 27.471ms
[4.706s][info][gc,cpu         ] GC(100) User=0.14s Sys=0.00s Real=0.03s
[4.720s][info][gc,start       ] GC(101) Pause Young (Allocation Failure)
[4.751s][info][gc,heap        ] GC(101) PSYoungGen: 63072K(76288K)->40064K(78336K) Eden: 13824K(13824K)->0K(15872K) From: 49248K(62464K)->40064K(62464K)
[4.751s][info][gc,heap        ] GC(101) ParOldGen: 735278K(784896K)->758598K(784896K)
[4.751s][info][gc,metaspace   ] GC(101) Metaspace: 6298K(6464K)->6298K(6464K) NonClass: 5765K(5824K)->5765K(5824K) Class: 533K(640K)->533K(640K)
[4.751s][info][gc             ] GC(101) Pause Young (Allocation Failure) 779M->779M(843M) 30.919ms
[4.751s][info][gc,cpu         ] GC(101) User=0.14s Sys=0.00s Real=0.03s
[4.767s][info][gc,start       ] GC(102) Pause Young (Allocation Failure)
[4.797s][info][gc,heap        ] GC(102) PSYoungGen: 55936K(78336K)->29856K(79872K) Eden: 15872K(15872K)->0K(15872K) From: 40064K(62464K)->29856K(64000K)
[4.797s][info][gc,heap        ] GC(102) ParOldGen: 758598K(784896K)->785046K(785408K)
[4.797s][info][gc,metaspace   ] GC(102) Metaspace: 6298K(6464K)->6298K(6464K) NonClass: 5765K(5824K)->5765K(5824K) Class: 533K(640K)->533K(640K)
[4.797s][info][gc             ] GC(102) Pause Young (Allocation Failure) 795M->795M(845M) 30.017ms
[4.797s][info][gc,cpu         ] GC(102) User=0.12s Sys=0.00s Real=0.03s
[4.797s][info][gc,start       ] GC(103) Pause Full (Ergonomics)
[4.797s][info][gc,phases,start] GC(103) Marking Phase
[4.978s][info][gc,phases      ] GC(103) Marking Phase 181.129ms
[4.978s][info][gc,phases,start] GC(103) Summary Phase
[4.978s][info][gc,phases      ] GC(103) Summary Phase 0.027ms
[4.978s][info][gc,phases,start] GC(103) Adjust Roots
[4.978s][info][gc,phases      ] GC(103) Adjust Roots 0.176ms
[4.978s][info][gc,phases,start] GC(103) Compaction Phase
[5.066s][info][gc,phases      ] GC(103) Compaction Phase 87.440ms
[5.066s][info][gc,phases,start] GC(103) Post Compact
[5.067s][info][gc,phases      ] GC(103) Post Compact 1.485ms
[5.068s][info][gc,heap        ] GC(103) PSYoungGen: 29856K(79872K)->28613K(79872K) Eden: 0K(15872K)->0K(15872K) From: 29856K(64000K)->28613K(64000K)
[5.068s][info][gc,heap        ] GC(103) ParOldGen: 785046K(785408K)->784897K(870400K)
[5.068s][info][gc,metaspace   ] GC(103) Metaspace: 6298K(6464K)->6298K(6464K) NonClass: 5765K(5824K)->5765K(5824K) Class: 533K(640K)->533K(640K)
[5.068s][info][gc             ] GC(103) Pause Full (Ergonomics) 795M->794M(928M) 271.000ms
[5.068s][info][gc,cpu         ] GC(103) User=1.75s Sys=0.02s Real=0.27s
[5.087s][info][gc,start       ] GC(104) Pause Young (Allocation Failure)
[5.140s][info][gc,heap        ] GC(104) PSYoungGen: 44485K(79872K)->16032K(80384K) Eden: 15872K(15872K)->0K(17920K) From: 28613K(64000K)->16032K(62464K)
[5.140s][info][gc,heap        ] GC(104) ParOldGen: 784897K(870400K)->813937K(870400K)
[5.140s][info][gc,metaspace   ] GC(104) Metaspace: 6298K(6464K)->6298K(6464K) NonClass: 5765K(5824K)->5765K(5824K) Class: 533K(640K)->533K(640K)
[5.140s][info][gc             ] GC(104) Pause Young (Allocation Failure) 809M->810M(928M) 53.270ms
[5.140s][info][gc,cpu         ] GC(104) User=0.31s Sys=0.03s Real=0.05s
[5.160s][info][gc,start       ] GC(105) Pause Young (Allocation Failure)
[5.180s][info][gc,heap        ] GC(105) PSYoungGen: 33952K(80384K)->18048K(80896K) Eden: 17920K(17920K)->0K(17920K) From: 16032K(62464K)->18048K(62976K)
[5.180s][info][gc,heap        ] GC(105) ParOldGen: 813937K(870400K)->830017K(870400K)
[5.180s][info][gc,metaspace   ] GC(105) Metaspace: 6298K(6464K)->6298K(6464K) NonClass: 5765K(5824K)->5765K(5824K) Class: 533K(640K)->533K(640K)
[5.180s][info][gc             ] GC(105) Pause Young (Allocation Failure) 828M->828M(929M) 20.117ms
[5.180s][info][gc,cpu         ] GC(105) User=0.08s Sys=0.03s Real=0.02s
[5.200s][info][gc,start       ] GC(106) Pause Young (Allocation Failure)
[5.221s][info][gc,heap        ] GC(106) PSYoungGen: 35968K(80896K)->18080K(80896K) Eden: 17920K(17920K)->0K(19968K) From: 18048K(62976K)->18080K(60928K)
[5.221s][info][gc,heap        ] GC(106) ParOldGen: 830017K(870400K)->848177K(870400K)
[5.221s][info][gc,metaspace   ] GC(106) Metaspace: 6298K(6464K)->6298K(6464K) NonClass: 5765K(5824K)->5765K(5824K) Class: 533K(640K)->533K(640K)
[5.221s][info][gc             ] GC(106) Pause Young (Allocation Failure) 845M->845M(929M) 20.980ms
[5.221s][info][gc,cpu         ] GC(106) User=0.12s Sys=0.00s Real=0.02s
[5.221s][info][gc,start       ] GC(107) Pause Full (Ergonomics)
[5.221s][info][gc,phases,start] GC(107) Marking Phase
[5.420s][info][gc,phases      ] GC(107) Marking Phase 199.264ms
[5.420s][info][gc,phases,start] GC(107) Summary Phase
[5.421s][info][gc,phases      ] GC(107) Summary Phase 0.045ms
[5.421s][info][gc,phases,start] GC(107) Adjust Roots
[5.421s][info][gc,phases      ] GC(107) Adjust Roots 0.178ms
[5.421s][info][gc,phases,start] GC(107) Compaction Phase
[5.501s][info][gc,phases      ] GC(107) Compaction Phase 79.957ms
[5.501s][info][gc,phases,start] GC(107) Post Compact
[5.502s][info][gc,phases      ] GC(107) Post Compact 1.338ms
[5.503s][info][gc,heap        ] GC(107) PSYoungGen: 18080K(80896K)->0K(81920K) Eden: 0K(19968K)->0K(19968K) From: 18080K(60928K)->0K(61952K)
[5.503s][info][gc,heap        ] GC(107) ParOldGen: 848177K(870400K)->865128K(960512K)
[5.503s][info][gc,metaspace   ] GC(107) Metaspace: 6298K(6464K)->6298K(6464K) NonClass: 5765K(5824K)->5765K(5824K) Class: 533K(640K)->533K(640K)
[5.503s][info][gc             ] GC(107) Pause Full (Ergonomics) 845M->844M(1018M) 281.464ms
[5.503s][info][gc,cpu         ] GC(107) User=1.84s Sys=0.02s Real=0.28s
[5.527s][info][gc,start       ] GC(108) Pause Young (Allocation Failure)
[5.542s][info][gc,heap        ] GC(108) PSYoungGen: 19968K(81920K)->20096K(81920K) Eden: 19968K(19968K)->0K(22016K) From: 0K(61952K)->20096K(59904K)
[5.543s][info][gc,heap        ] GC(108) ParOldGen: 865128K(960512K)->865128K(960512K)
[5.543s][info][gc,metaspace   ] GC(108) Metaspace: 6298K(6464K)->6298K(6464K) NonClass: 5765K(5824K)->5765K(5824K) Class: 533K(640K)->533K(640K)
[5.543s][info][gc             ] GC(108) Pause Young (Allocation Failure) 864M->864M(1018M) 15.810ms
[5.543s][info][gc,cpu         ] GC(108) User=0.00s Sys=0.00s Real=0.02s
[5.566s][info][gc,start       ] GC(109) Pause Young (Allocation Failure)
[5.589s][info][gc,heap        ] GC(109) PSYoungGen: 42112K(81920K)->42144K(82944K) Eden: 22016K(22016K)->0K(22016K) From: 20096K(59904K)->42144K(60928K)
[5.589s][info][gc,heap        ] GC(109) ParOldGen: 865128K(960512K)->865128K(960512K)
[5.589s][info][gc,metaspace   ] GC(109) Metaspace: 6298K(6464K)->6298K(6464K) NonClass: 5765K(5824K)->5765K(5824K) Class: 533K(640K)->533K(640K)
[5.589s][info][gc             ] GC(109) Pause Young (Allocation Failure) 885M->886M(1019M) 22.990ms
[5.589s][info][gc,cpu         ] GC(109) User=0.06s Sys=0.02s Real=0.02s
[5.613s][info][gc,start       ] GC(110) Pause Young (Allocation Failure)
[5.646s][info][gc,heap        ] GC(110) PSYoungGen: 64160K(82944K)->62464K(77312K) Eden: 22016K(22016K)->0K(14848K) From: 42144K(60928K)->62464K(62464K)
[5.646s][info][gc,heap        ] GC(110) ParOldGen: 865128K(960512K)->866744K(960512K)
[5.646s][info][gc,metaspace   ] GC(110) Metaspace: 6298K(6464K)->6298K(6464K) NonClass: 5765K(5824K)->5765K(5824K) Class: 533K(640K)->533K(640K)
[5.646s][info][gc             ] GC(110) Pause Young (Allocation Failure) 907M->907M(1013M) 32.518ms
[5.646s][info][gc,cpu         ] GC(110) User=0.14s Sys=0.00s Real=0.03s
[5.662s][info][gc,start       ] GC(111) Pause Young (Allocation Failure)
[5.700s][info][gc,heap        ] GC(111) PSYoungGen: 77312K(77312K)->36448K(51712K) Eden: 14848K(14848K)->0K(14848K) From: 62464K(62464K)->36448K(36864K)
[5.700s][info][gc,heap        ] GC(111) ParOldGen: 866744K(960512K)->908224K(960512K)
[5.700s][info][gc,metaspace   ] GC(111) Metaspace: 6298K(6464K)->6298K(6464K) NonClass: 5765K(5824K)->5765K(5824K) Class: 533K(640K)->533K(640K)
[5.700s][info][gc             ] GC(111) Pause Young (Allocation Failure) 921M->922M(988M) 38.185ms
[5.700s][info][gc,cpu         ] GC(111) User=0.19s Sys=0.03s Real=0.04s
[5.717s][info][gc,start       ] GC(112) Pause Young (Allocation Failure)
[5.744s][info][gc,heap        ] GC(112) PSYoungGen: 51296K(51712K)->29824K(80384K) Eden: 14848K(14848K)->0K(16896K) From: 36448K(36864K)->29824K(63488K)
[5.744s][info][gc,heap        ] GC(112) ParOldGen: 908224K(960512K)->930000K(960512K)
[5.744s][info][gc,metaspace   ] GC(112) Metaspace: 6298K(6464K)->6298K(6464K) NonClass: 5765K(5824K)->5765K(5824K) Class: 533K(640K)->533K(640K)
[5.744s][info][gc             ] GC(112) Pause Young (Allocation Failure) 937M->937M(1016M) 27.100ms
[5.744s][info][gc,cpu         ] GC(112) User=0.09s Sys=0.03s Real=0.03s
[5.745s][info][gc,start       ] GC(113) Pause Full (Ergonomics)
[5.745s][info][gc,phases,start] GC(113) Marking Phase
[5.961s][info][gc,phases      ] GC(113) Marking Phase 216.468ms
[5.961s][info][gc,phases,start] GC(113) Summary Phase
[5.961s][info][gc,phases      ] GC(113) Summary Phase 0.038ms
[5.961s][info][gc,phases,start] GC(113) Adjust Roots
[5.961s][info][gc,phases      ] GC(113) Adjust Roots 0.192ms
[5.961s][info][gc,phases,start] GC(113) Compaction Phase
[6.049s][info][gc,phases      ] GC(113) Compaction Phase 87.694ms
[6.049s][info][gc,phases,start] GC(113) Post Compact
[6.051s][info][gc,phases      ] GC(113) Post Compact 1.527ms
[6.051s][info][gc,heap        ] GC(113) PSYoungGen: 29824K(80384K)->0K(82944K) Eden: 0K(16896K)->0K(16896K) From: 29824K(63488K)->0K(66048K)
[6.051s][info][gc,heap        ] GC(113) ParOldGen: 930000K(960512K)->958659K(1068032K)
[6.051s][info][gc,metaspace   ] GC(113) Metaspace: 6298K(6464K)->6298K(6464K) NonClass: 5765K(5824K)->5765K(5824K) Class: 533K(640K)->533K(640K)
[6.051s][info][gc             ] GC(113) Pause Full (Ergonomics) 937M->936M(1124M) 306.616ms
[6.051s][info][gc,cpu         ] GC(113) User=2.08s Sys=0.00s Real=0.31s
[6.071s][info][gc,start       ] GC(114) Pause Young (Allocation Failure)
[6.086s][info][gc,heap        ] GC(114) PSYoungGen: 16896K(82944K)->16992K(83968K) Eden: 16896K(16896K)->0K(18944K) From: 0K(66048K)->16992K(65024K)
[6.086s][info][gc,heap        ] GC(114) ParOldGen: 958659K(1068032K)->958659K(1068032K)
[6.086s][info][gc,metaspace   ] GC(114) Metaspace: 6298K(6464K)->6298K(6464K) NonClass: 5765K(5824K)->5765K(5824K) Class: 533K(640K)->533K(640K)
[6.086s][info][gc             ] GC(114) Pause Young (Allocation Failure) 952M->952M(1125M) 15.094ms
[6.086s][info][gc,cpu         ] GC(114) User=0.00s Sys=0.02s Real=0.01s
[6.108s][info][gc,start       ] GC(115) Pause Young (Allocation Failure)
[6.128s][info][gc,heap        ] GC(115) PSYoungGen: 35936K(83968K)->35968K(84480K) Eden: 18944K(18944K)->0K(18944K) From: 16992K(65024K)->35968K(65536K)
[6.128s][info][gc,heap        ] GC(115) ParOldGen: 958659K(1068032K)->958659K(1068032K)
[6.128s][info][gc,metaspace   ] GC(115) Metaspace: 6298K(6464K)->6298K(6464K) NonClass: 5765K(5824K)->5765K(5824K) Class: 533K(640K)->533K(640K)
[6.128s][info][gc             ] GC(115) Pause Young (Allocation Failure) 971M->971M(1125M) 19.743ms
[6.128s][info][gc,cpu         ] GC(115) User=0.05s Sys=0.00s Real=0.02s
[6.151s][info][gc,start       ] GC(116) Pause Young (Allocation Failure)
[6.180s][info][gc,heap        ] GC(116) PSYoungGen: 54912K(84480K)->54944K(79872K) Eden: 18944K(18944K)->0K(15872K) From: 35968K(65536K)->54944K(64000K)
[6.180s][info][gc,heap        ] GC(116) ParOldGen: 958659K(1068032K)->958659K(1068032K)
[6.180s][info][gc,metaspace   ] GC(116) Metaspace: 6298K(6464K)->6298K(6464K) NonClass: 5765K(5824K)->5765K(5824K) Class: 533K(640K)->533K(640K)
[6.180s][info][gc             ] GC(116) Pause Young (Allocation Failure) 989M->989M(1121M) 28.511ms
[6.180s][info][gc,cpu         ] GC(116) User=0.12s Sys=0.00s Real=0.03s
[6.197s][info][gc,start       ] GC(117) Pause Young (Allocation Failure)
[6.232s][info][gc,heap        ] GC(117) PSYoungGen: 70816K(79872K)->69120K(84992K) Eden: 15872K(15872K)->0K(15872K) From: 54944K(64000K)->69120K(69120K)
[6.232s][info][gc,heap        ] GC(117) ParOldGen: 958659K(1068032K)->960283K(1068032K)
[6.232s][info][gc,metaspace   ] GC(117) Metaspace: 6298K(6464K)->6298K(6464K) NonClass: 5765K(5824K)->5765K(5824K) Class: 533K(640K)->533K(640K)
[6.232s][info][gc             ] GC(117) Pause Young (Allocation Failure) 1005M->1005M(1126M) 34.626ms
[6.232s][info][gc,cpu         ] GC(117) User=0.12s Sys=0.00s Real=0.03s
[6.248s][info][gc,start       ] GC(118) Pause Young (Allocation Failure)
[6.289s][info][gc,heap        ] GC(118) PSYoungGen: 84992K(84992K)->68480K(89600K) Eden: 15872K(15872K)->0K(10752K) From: 69120K(69120K)->68480K(78848K)
[6.289s][info][gc,heap        ] GC(118) ParOldGen: 960283K(1068032K)->977139K(1068032K)
[6.289s][info][gc,metaspace   ] GC(118) Metaspace: 6298K(6464K)->6298K(6464K) NonClass: 5765K(5824K)->5765K(5824K) Class: 533K(640K)->533K(640K)
[6.289s][info][gc             ] GC(118) Pause Young (Allocation Failure) 1020M->1021M(1130M) 40.799ms
[6.289s][info][gc,cpu         ] GC(118) User=0.25s Sys=0.00s Real=0.04s
[6.301s][info][gc,start       ] GC(119) Pause Young (Allocation Failure)
[6.339s][info][gc,heap        ] GC(119) PSYoungGen: 79232K(89600K)->60672K(96768K) Eden: 10752K(10752K)->0K(10752K) From: 68480K(78848K)->60672K(86016K)
[6.339s][info][gc,heap        ] GC(119) ParOldGen: 977139K(1068032K)->995923K(1068032K)
[6.339s][info][gc,metaspace   ] GC(119) Metaspace: 6298K(6464K)->6298K(6464K) NonClass: 5765K(5824K)->5765K(5824K) Class: 533K(640K)->533K(640K)
[6.339s][info][gc             ] GC(119) Pause Young (Allocation Failure) 1031M->1031M(1137M) 38.015ms
[6.339s][info][gc,cpu         ] GC(119) User=0.23s Sys=0.02s Real=0.04s
[6.350s][info][gc,start       ] GC(120) Pause Young (Allocation Failure)
[6.386s][info][gc,heap        ] GC(120) PSYoungGen: 71424K(96768K)->37536K(94208K) Eden: 10752K(10752K)->0K(12800K) From: 60672K(86016K)->37536K(81408K)
[6.386s][info][gc,heap        ] GC(120) ParOldGen: 995923K(1068032K)->1030291K(1068032K)
[6.386s][info][gc,metaspace   ] GC(120) Metaspace: 6298K(6464K)->6298K(6464K) NonClass: 5765K(5824K)->5765K(5824K) Class: 533K(640K)->533K(640K)
[6.386s][info][gc             ] GC(120) Pause Young (Allocation Failure) 1042M->1042M(1135M) 35.344ms
[6.386s][info][gc,cpu         ] GC(120) User=0.25s Sys=0.11s Real=0.03s
[6.386s][info][gc,start       ] GC(121) Pause Full (Ergonomics)
[6.386s][info][gc,phases,start] GC(121) Marking Phase
[6.627s][info][gc,phases      ] GC(121) Marking Phase 241.141ms
[6.627s][info][gc,phases,start] GC(121) Summary Phase
[6.627s][info][gc,phases      ] GC(121) Summary Phase 0.039ms
[6.627s][info][gc,phases,start] GC(121) Adjust Roots
[6.627s][info][gc,phases      ] GC(121) Adjust Roots 0.165ms
[6.627s][info][gc,phases,start] GC(121) Compaction Phase
[6.722s][info][gc,phases      ] GC(121) Compaction Phase 94.518ms
[6.722s][info][gc,phases,start] GC(121) Post Compact
[6.724s][info][gc,phases      ] GC(121) Post Compact 1.795ms
[6.724s][info][gc,heap        ] GC(121) PSYoungGen: 37536K(94208K)->0K(97792K) Eden: 0K(12800K)->0K(12800K) From: 37536K(81408K)->0K(84992K)
[6.724s][info][gc,heap        ] GC(121) ParOldGen: 1030291K(1068032K)->1066478K(1185792K)
[6.724s][info][gc,metaspace   ] GC(121) Metaspace: 6298K(6464K)->6298K(6464K) NonClass: 5765K(5824K)->5765K(5824K) Class: 533K(640K)->533K(640K)
[6.724s][info][gc             ] GC(121) Pause Full (Ergonomics) 1042M->1041M(1253M) 338.425ms
[6.724s][info][gc,cpu         ] GC(121) User=2.39s Sys=0.03s Real=0.34s
[6.741s][info][gc,start       ] GC(122) Pause Young (Allocation Failure)
[6.755s][info][gc,heap        ] GC(122) PSYoungGen: 12800K(97792K)->12960K(98816K) Eden: 12800K(12800K)->0K(13824K) From: 0K(84992K)->12960K(84992K)
[6.755s][info][gc,heap        ] GC(122) ParOldGen: 1066478K(1185792K)->1066478K(1185792K)
[6.755s][info][gc,metaspace   ] GC(122) Metaspace: 6298K(6464K)->6298K(6464K) NonClass: 5765K(5824K)->5765K(5824K) Class: 533K(640K)->533K(640K)
[6.755s][info][gc             ] GC(122) Pause Young (Allocation Failure) 1053M->1054M(1254M) 13.623ms
[6.755s][info][gc,cpu         ] GC(122) User=0.00s Sys=0.00s Real=0.01s
[6.771s][info][gc,start       ] GC(123) Pause Young (Allocation Failure)
[6.790s][info][gc,heap        ] GC(123) PSYoungGen: 26784K(98816K)->26752K(40960K) Eden: 13824K(13824K)->0K(13824K) From: 12960K(84992K)->26752K(27136K)
[6.790s][info][gc,heap        ] GC(123) ParOldGen: 1066478K(1185792K)->1066478K(1185792K)
[6.790s][info][gc,metaspace   ] GC(123) Metaspace: 6298K(6464K)->6298K(6464K) NonClass: 5765K(5824K)->5765K(5824K) Class: 533K(640K)->533K(640K)
[6.790s][info][gc             ] GC(123) Pause Young (Allocation Failure) 1067M->1067M(1198M) 18.975ms
[6.790s][info][gc,cpu         ] GC(123) User=0.06s Sys=0.00s Real=0.02s
[6.806s][info][gc,start       ] GC(124) Pause Young (Allocation Failure)
[6.831s][info][gc,heap        ] GC(124) PSYoungGen: 40576K(40960K)->27744K(94208K) Eden: 13824K(13824K)->0K(15872K) From: 26752K(27136K)->27744K(78336K)
[6.831s][info][gc,heap        ] GC(124) ParOldGen: 1066478K(1185792K)->1079462K(1185792K)
[6.831s][info][gc,metaspace   ] GC(124) Metaspace: 6298K(6464K)->6298K(6464K) NonClass: 5765K(5824K)->5765K(5824K) Class: 533K(640K)->533K(640K)
[6.831s][info][gc             ] GC(124) Pause Young (Allocation Failure) 1081M->1081M(1250M) 24.588ms
[6.831s][info][gc,cpu         ] GC(124) User=0.02s Sys=0.00s Real=0.02s
[6.848s][info][gc,start       ] GC(125) Pause Young (Allocation Failure)
[6.872s][info][gc,heap        ] GC(125) PSYoungGen: 43616K(94208K)->29824K(46080K) Eden: 15872K(15872K)->0K(15872K) From: 27744K(78336K)->29824K(30208K)
[6.872s][info][gc,heap        ] GC(125) ParOldGen: 1079462K(1185792K)->1093478K(1185792K)
[6.872s][info][gc,metaspace   ] GC(125) Metaspace: 6298K(6464K)->6298K(6464K) NonClass: 5765K(5824K)->5765K(5824K) Class: 533K(640K)->533K(640K)
[6.872s][info][gc             ] GC(125) Pause Young (Allocation Failure) 1096M->1096M(1203M) 24.479ms
[6.872s][info][gc,cpu         ] GC(125) User=0.12s Sys=0.00s Real=0.03s
[6.891s][info][gc,start       ] GC(126) Pause Young (Allocation Failure)
[6.916s][info][gc,heap        ] GC(126) PSYoungGen: 45696K(46080K)->31904K(89600K) Eden: 15872K(15872K)->0K(17920K) From: 29824K(30208K)->31904K(71680K)
[6.916s][info][gc,heap        ] GC(126) ParOldGen: 1093478K(1185792K)->1107494K(1185792K)
[6.916s][info][gc,metaspace   ] GC(126) Metaspace: 6298K(6464K)->6298K(6464K) NonClass: 5765K(5824K)->5765K(5824K) Class: 533K(640K)->533K(640K)
[6.916s][info][gc             ] GC(126) Pause Young (Allocation Failure) 1112M->1112M(1245M) 25.073ms
[6.916s][info][gc,cpu         ] GC(126) User=0.14s Sys=0.00s Real=0.02s
[6.938s][info][gc,start       ] GC(127) Pause Young (Allocation Failure)
[6.965s][info][gc,heap        ] GC(127) PSYoungGen: 49824K(89600K)->33984K(52224K) Eden: 17920K(17920K)->0K(17920K) From: 31904K(71680K)->33984K(34304K)
[6.965s][info][gc,heap        ] GC(127) ParOldGen: 1107494K(1185792K)->1123590K(1185792K)
[6.965s][info][gc,metaspace   ] GC(127) Metaspace: 6298K(6464K)->6298K(6464K) NonClass: 5765K(5824K)->5765K(5824K) Class: 533K(640K)->533K(640K)
[6.965s][info][gc             ] GC(127) Pause Young (Allocation Failure) 1130M->1130M(1209M) 27.285ms
[6.965s][info][gc,cpu         ] GC(127) User=0.12s Sys=0.02s Real=0.03s
[6.989s][info][gc,start       ] GC(128) Pause Young (Allocation Failure)
[7.018s][info][gc,heap        ] GC(128) PSYoungGen: 51904K(52224K)->36000K(83968K) Eden: 17920K(17920K)->0K(19968K) From: 33984K(34304K)->36000K(64000K)
[7.018s][info][gc,heap        ] GC(128) ParOldGen: 1123590K(1185792K)->1139686K(1185792K)
[7.018s][info][gc,metaspace   ] GC(128) Metaspace: 6298K(6464K)->6298K(6464K) NonClass: 5765K(5824K)->5765K(5824K) Class: 533K(640K)->533K(640K)
[7.018s][info][gc             ] GC(128) Pause Young (Allocation Failure) 1147M->1148M(1240M) 29.032ms
[7.018s][info][gc,cpu         ] GC(128) User=0.11s Sys=0.03s Real=0.03s
[7.042s][info][gc,start       ] GC(129) Pause Young (Allocation Failure)
[7.073s][info][gc,heap        ] GC(129) PSYoungGen: 55968K(83968K)->38048K(87552K) Eden: 19968K(19968K)->0K(19968K) From: 36000K(64000K)->38048K(67584K)
[7.073s][info][gc,heap        ] GC(129) ParOldGen: 1139686K(1185792K)->1157862K(1185792K)
[7.073s][info][gc,metaspace   ] GC(129) Metaspace: 6298K(6464K)->6298K(6464K) NonClass: 5765K(5824K)->5765K(5824K) Class: 533K(640K)->533K(640K)
[7.073s][info][gc             ] GC(129) Pause Young (Allocation Failure) 1167M->1167M(1243M) 30.955ms
[7.073s][info][gc,cpu         ] GC(129) User=0.12s Sys=0.00s Real=0.03s
[7.073s][info][gc,start       ] GC(130) Pause Full (Ergonomics)
[7.073s][info][gc,phases,start] GC(130) Marking Phase
[7.352s][info][gc,phases      ] GC(130) Marking Phase 279.334ms
[7.353s][info][gc,phases,start] GC(130) Summary Phase
[7.353s][info][gc,phases      ] GC(130) Summary Phase 0.025ms
[7.353s][info][gc,phases,start] GC(130) Adjust Roots
[7.353s][info][gc,phases      ] GC(130) Adjust Roots 0.150ms
[7.353s][info][gc,phases,start] GC(130) Compaction Phase
[7.462s][info][gc,phases      ] GC(130) Compaction Phase 108.798ms
[7.462s][info][gc,phases,start] GC(130) Post Compact
[7.464s][info][gc,phases      ] GC(130) Post Compact 1.973ms
[7.464s][info][gc,heap        ] GC(130) PSYoungGen: 38048K(87552K)->8699K(87552K) Eden: 0K(19968K)->0K(19968K) From: 38048K(67584K)->8699K(67584K)
[7.464s][info][gc,heap        ] GC(130) ParOldGen: 1157862K(1185792K)->1185528K(1304576K)
[7.464s][info][gc,metaspace   ] GC(130) Metaspace: 6298K(6464K)->6298K(6464K) NonClass: 5765K(5824K)->5765K(5824K) Class: 533K(640K)->533K(640K)
[7.464s][info][gc             ] GC(130) Pause Full (Ergonomics) 1167M->1166M(1359M) 391.026ms
[7.464s][info][gc,cpu         ] GC(130) User=2.75s Sys=0.02s Real=0.39s
[7.488s][info][gc,start       ] GC(131) Pause Young (Allocation Failure)
[7.555s][info][gc,heap        ] GC(131) PSYoungGen: 28667K(87552K)->25600K(83968K) Eden: 19968K(19968K)->0K(22016K) From: 8699K(67584K)->25600K(61952K)
[7.555s][info][gc,heap        ] GC(131) ParOldGen: 1185528K(1304576K)->1188824K(1304576K)
[7.555s][info][gc,metaspace   ] GC(131) Metaspace: 6298K(6464K)->6298K(6464K) NonClass: 5765K(5824K)->5765K(5824K) Class: 533K(640K)->533K(640K)
[7.555s][info][gc             ] GC(131) Pause Young (Allocation Failure) 1185M->1185M(1356M) 66.840ms
[7.555s][info][gc,cpu         ] GC(131) User=0.39s Sys=0.00s Real=0.07s
[7.582s][info][gc,start       ] GC(132) Pause Young (Allocation Failure)
[7.610s][info][gc,heap        ] GC(132) PSYoungGen: 47616K(83968K)->47584K(86016K) Eden: 22016K(22016K)->0K(22016K) From: 25600K(61952K)->47584K(64000K)
[7.610s][info][gc,heap        ] GC(132) ParOldGen: 1188824K(1304576K)->1188824K(1304576K)
[7.610s][info][gc,metaspace   ] GC(132) Metaspace: 6298K(6464K)->6298K(6464K) NonClass: 5765K(5824K)->5765K(5824K) Class: 533K(640K)->533K(640K)
[7.610s][info][gc             ] GC(132) Pause Young (Allocation Failure) 1207M->1207M(1358M) 28.290ms
[7.610s][info][gc,cpu         ] GC(132) User=0.14s Sys=0.00s Real=0.03s
[7.636s][info][gc,start       ] GC(133) Pause Young (Allocation Failure)
[7.673s][info][gc,heap        ] GC(133) PSYoungGen: 69600K(86016K)->66048K(81408K) Eden: 22016K(22016K)->0K(15360K) From: 47584K(64000K)->66048K(66048K)
[7.673s][info][gc,heap        ] GC(133) ParOldGen: 1188824K(1304576K)->1192376K(1304576K)
[7.673s][info][gc,metaspace   ] GC(133) Metaspace: 6298K(6464K)->6298K(6464K) NonClass: 5765K(5824K)->5765K(5824K) Class: 533K(640K)->533K(640K)
[7.673s][info][gc             ] GC(133) Pause Young (Allocation Failure) 1228M->1228M(1353M) 37.227ms
[7.673s][info][gc,cpu         ] GC(133) User=0.22s Sys=0.02s Real=0.04s
[7.691s][info][gc,start       ] GC(134) Pause Young (Allocation Failure)
[7.732s][info][gc,heap        ] GC(134) PSYoungGen: 81408K(81408K)->57568K(90624K) Eden: 15360K(15360K)->0K(15360K) From: 66048K(66048K)->57568K(75264K)
[7.732s][info][gc,heap        ] GC(134) ParOldGen: 1192376K(1304576K)->1216656K(1304576K)
[7.732s][info][gc,metaspace   ] GC(134) Metaspace: 6298K(6464K)->6298K(6464K) NonClass: 5765K(5824K)->5765K(5824K) Class: 533K(640K)->533K(640K)
[7.732s][info][gc             ] GC(134) Pause Young (Allocation Failure) 1243M->1244M(1362M) 41.798ms
[7.732s][info][gc,cpu         ] GC(134) User=0.20s Sys=0.03s Real=0.04s
[7.751s][info][gc,start       ] GC(135) Pause Young (Allocation Failure)
[7.790s][info][gc,heap        ] GC(135) PSYoungGen: 72928K(90624K)->51904K(95744K) Eden: 15360K(15360K)->0K(17408K) From: 57568K(75264K)->51904K(78336K)
[7.790s][info][gc,heap        ] GC(135) ParOldGen: 1216656K(1304576K)->1237968K(1304576K)
[7.790s][info][gc,metaspace   ] GC(135) Metaspace: 6298K(6464K)->6298K(6464K) NonClass: 5765K(5824K)->5765K(5824K) Class: 533K(640K)->533K(640K)
[7.790s][info][gc             ] GC(135) Pause Young (Allocation Failure) 1259M->1259M(1367M) 39.382ms
[7.790s][info][gc,cpu         ] GC(135) User=0.23s Sys=0.00s Real=0.04s
[7.811s][info][gc,start       ] GC(136) Pause Young (Allocation Failure)
[7.848s][info][gc,heap        ] GC(136) PSYoungGen: 69312K(95744K)->45856K(95744K) Eden: 17408K(17408K)->0K(17408K) From: 51904K(78336K)->45856K(78336K)
[7.848s][info][gc,heap        ] GC(136) ParOldGen: 1237968K(1304576K)->1259288K(1304576K)
[7.848s][info][gc,metaspace   ] GC(136) Metaspace: 6298K(6464K)->6298K(6464K) NonClass: 5765K(5824K)->5765K(5824K) Class: 533K(640K)->533K(640K)
[7.848s][info][gc             ] GC(136) Pause Young (Allocation Failure) 1276M->1274M(1367M) 36.598ms
[7.848s][info][gc,cpu         ] GC(136) User=0.20s Sys=0.03s Real=0.04s
[7.862s][info][gc,start       ] GC(137) Pause Young (Allocation Failure)
[7.894s][info][gc,heap        ] GC(137) PSYoungGen: 63264K(95744K)->24160K(96256K) Eden: 17408K(17408K)->0K(19968K) From: 45856K(78336K)->24160K(76288K)
[7.894s][info][gc,heap        ] GC(137) ParOldGen: 1259288K(1304576K)->1290400K(1304576K)
[7.894s][info][gc,metaspace   ] GC(137) Metaspace: 6298K(6464K)->6298K(6464K) NonClass: 5765K(5824K)->5765K(5824K) Class: 533K(640K)->533K(640K)
[7.894s][info][gc             ] GC(137) Pause Young (Allocation Failure) 1291M->1283M(1368M) 31.514ms
[7.894s][info][gc,cpu         ] GC(137) User=0.12s Sys=0.02s Real=0.03s
[7.894s][info][gc,start       ] GC(138) Pause Full (Ergonomics)
[7.894s][info][gc,phases,start] GC(138) Marking Phase
[8.204s][info][gc,phases      ] GC(138) Marking Phase 309.807ms
[8.204s][info][gc,phases,start] GC(138) Summary Phase
[8.204s][info][gc,phases      ] GC(138) Summary Phase 0.026ms
[8.204s][info][gc,phases,start] GC(138) Adjust Roots
[8.204s][info][gc,phases      ] GC(138) Adjust Roots 0.228ms
[8.204s][info][gc,phases,start] GC(138) Compaction Phase
[8.565s][info][gc,phases      ] GC(138) Compaction Phase 360.718ms
[8.565s][info][gc,phases,start] GC(138) Post Compact
[8.567s][info][gc,phases      ] GC(138) Post Compact 2.584ms
[8.568s][info][gc,heap        ] GC(138) PSYoungGen: 24160K(96256K)->8640K(96256K) Eden: 0K(19968K)->0K(19968K) From: 24160K(76288K)->8640K(76288K)
[8.568s][info][gc,heap        ] GC(138) ParOldGen: 1290400K(1304576K)->1304118K(1440768K)
[8.568s][info][gc,metaspace   ] GC(138) Metaspace: 6298K(6464K)->6298K(6464K) NonClass: 5765K(5824K)->5765K(5824K) Class: 533K(640K)->533K(640K)
[8.568s][info][gc             ] GC(138) Pause Full (Ergonomics) 1283M->1281M(1501M) 674.183ms
[8.568s][info][gc,cpu         ] GC(138) User=4.72s Sys=0.02s Real=0.67s
[8.588s][info][gc,start       ] GC(139) Pause Young (Allocation Failure)
[8.660s][info][gc,heap        ] GC(139) PSYoungGen: 28608K(96256K)->12544K(96256K) Eden: 19968K(19968K)->0K(19968K) From: 8640K(76288K)->12544K(76288K)
[8.660s][info][gc,heap        ] GC(139) ParOldGen: 1304118K(1440768K)->1312918K(1440768K)
[8.660s][info][gc,metaspace   ] GC(139) Metaspace: 6298K(6464K)->6298K(6464K) NonClass: 5765K(5824K)->5765K(5824K) Class: 533K(640K)->533K(640K)
[8.660s][info][gc             ] GC(139) Pause Young (Allocation Failure) 1301M->1294M(1501M) 71.591ms
[8.660s][info][gc,cpu         ] GC(139) User=0.38s Sys=0.00s Real=0.07s
[8.685s][info][gc,start       ] GC(140) Pause Young (Allocation Failure)
[8.707s][info][gc,heap        ] GC(140) PSYoungGen: 32512K(96256K)->32512K(94208K) Eden: 19968K(19968K)->0K(22016K) From: 12544K(76288K)->32512K(72192K)
[8.707s][info][gc,heap        ] GC(140) ParOldGen: 1312918K(1440768K)->1312918K(1440768K)
[8.707s][info][gc,metaspace   ] GC(140) Metaspace: 6298K(6464K)->6298K(6464K) NonClass: 5765K(5824K)->5765K(5824K) Class: 533K(640K)->533K(640K)
[8.707s][info][gc             ] GC(140) Pause Young (Allocation Failure) 1313M->1313M(1499M) 22.342ms
[8.708s][info][gc,cpu         ] GC(140) User=0.12s Sys=0.00s Real=0.02s
[8.735s][info][gc,start       ] GC(141) Pause Young (Allocation Failure)
[8.767s][info][gc,heap        ] GC(141) PSYoungGen: 54528K(94208K)->54560K(96768K) Eden: 22016K(22016K)->0K(22016K) From: 32512K(72192K)->54560K(74752K)
[8.767s][info][gc,heap        ] GC(141) ParOldGen: 1312918K(1440768K)->1312918K(1440768K)
[8.767s][info][gc,metaspace   ] GC(141) Metaspace: 6298K(6464K)->6298K(6464K) NonClass: 5765K(5824K)->5765K(5824K) Class: 533K(640K)->533K(640K)
[8.767s][info][gc             ] GC(141) Pause Young (Allocation Failure) 1335M->1335M(1501M) 31.819ms
[8.767s][info][gc,cpu         ] GC(141) User=0.14s Sys=0.00s Real=0.03s
[8.796s][info][gc,start       ] GC(142) Pause Young (Allocation Failure)
[8.838s][info][gc,heap        ] GC(142) PSYoungGen: 76576K(96768K)->76640K(92160K) Eden: 22016K(22016K)->0K(14848K) From: 54560K(74752K)->76640K(77312K)
[8.838s][info][gc,heap        ] GC(142) ParOldGen: 1312918K(1440768K)->1312918K(1440768K)
[8.838s][info][gc,metaspace   ] GC(142) Metaspace: 6298K(6464K)->6298K(6464K) NonClass: 5765K(5824K)->5765K(5824K) Class: 533K(640K)->533K(640K)
[8.838s][info][gc             ] GC(142) Pause Young (Allocation Failure) 1356M->1356M(1497M) 41.482ms
[8.838s][info][gc,cpu         ] GC(142) User=0.25s Sys=0.00s Real=0.04s
[8.858s][info][gc,start       ] GC(143) Pause Young (Allocation Failure)
[8.908s][info][gc,heap        ] GC(143) PSYoungGen: 91488K(92160K)->78976K(101888K) Eden: 14848K(14848K)->0K(14848K) From: 76640K(77312K)->78976K(87040K)
[8.908s][info][gc,heap        ] GC(143) ParOldGen: 1312918K(1440768K)->1325542K(1440768K)
[8.908s][info][gc,metaspace   ] GC(143) Metaspace: 6298K(6464K)->6298K(6464K) NonClass: 5765K(5824K)->5765K(5824K) Class: 533K(640K)->533K(640K)
[8.908s][info][gc             ] GC(143) Pause Young (Allocation Failure) 1371M->1371M(1506M) 49.515ms
[8.908s][info][gc,cpu         ] GC(143) User=0.25s Sys=0.02s Real=0.05s
[9.189s][info][gc,start       ] GC(144) Pause Young (Allocation Failure)
[9.273s][info][gc,heap        ] GC(144) PSYoungGen: 93824K(101888K)->73920K(108032K) Eden: 14848K(14848K)->0K(11776K) From: 78976K(87040K)->73920K(96256K)
[9.273s][info][gc,heap        ] GC(144) ParOldGen: 1391078K(1440768K)->1411302K(1440768K)
[9.273s][info][gc,metaspace   ] GC(144) Metaspace: 6298K(6464K)->6298K(6464K) NonClass: 5765K(5824K)->5765K(5824K) Class: 533K(640K)->533K(640K)
[9.273s][info][gc             ] GC(144) Pause Young (Allocation Failure) 1450M->1450M(1512M) 84.028ms
[9.273s][info][gc,cpu         ] GC(144) User=0.41s Sys=0.00s Real=0.08s
[9.273s][info][gc,start       ] GC(145) Pause Full (Ergonomics)
[9.273s][info][gc,phases,start] GC(145) Marking Phase
[9.601s][info][gc,phases      ] GC(145) Marking Phase 327.976ms
[9.601s][info][gc,phases,start] GC(145) Summary Phase
[9.601s][info][gc,phases      ] GC(145) Summary Phase 0.035ms
[9.601s][info][gc,phases,start] GC(145) Adjust Roots
[9.601s][info][gc,phases      ] GC(145) Adjust Roots 0.157ms
[9.601s][info][gc,phases,start] GC(145) Compaction Phase
[9.834s][info][gc,phases      ] GC(145) Compaction Phase 232.929ms
[9.834s][info][gc,phases,start] GC(145) Post Compact
[9.837s][info][gc,phases      ] GC(145) Post Compact 3.011ms
[9.838s][info][gc,heap        ] GC(145) PSYoungGen: 73920K(108032K)->10770K(108032K) Eden: 0K(11776K)->0K(11776K) From: 73920K(96256K)->10770K(96256K)
[9.838s][info][gc,heap        ] GC(145) ParOldGen: 1411302K(1440768K)->1440717K(1581568K)
[9.838s][info][gc,metaspace   ] GC(145) Metaspace: 6298K(6464K)->6298K(6464K) NonClass: 5765K(5824K)->5765K(5824K) Class: 533K(640K)->533K(640K)
[9.838s][info][gc             ] GC(145) Pause Full (Ergonomics) 1450M->1417M(1650M) 564.971ms
[9.838s][info][gc,cpu         ] GC(145) User=3.88s Sys=0.06s Real=0.57s
[9.850s][info][gc,start       ] GC(146) Pause Young (Allocation Failure)
[9.931s][info][gc,heap        ] GC(146) PSYoungGen: 22546K(108032K)->22688K(113152K) Eden: 11776K(11776K)->0K(11776K) From: 10770K(96256K)->22688K(101376K)
[9.931s][info][gc,heap        ] GC(146) ParOldGen: 1440717K(1581568K)->1440717K(1581568K)
[9.931s][info][gc,metaspace   ] GC(146) Metaspace: 6298K(6464K)->6298K(6464K) NonClass: 5765K(5824K)->5765K(5824K) Class: 533K(640K)->533K(640K)
[9.931s][info][gc             ] GC(146) Pause Young (Allocation Failure) 1428M->1429M(1655M) 80.413ms
[9.931s][info][gc,cpu         ] GC(146) User=0.52s Sys=0.00s Real=0.08s
[9.942s][info][gc,start       ] GC(147) Pause Young (Allocation Failure)
[9.970s][info][gc,heap        ] GC(147) PSYoungGen: 34464K(113152K)->34464K(107008K) Eden: 11776K(11776K)->0K(13312K) From: 22688K(101376K)->34464K(93696K)
[9.971s][info][gc,heap        ] GC(147) ParOldGen: 1440717K(1581568K)->1440717K(1581568K)
[9.971s][info][gc,metaspace   ] GC(147) Metaspace: 6298K(6464K)->6298K(6464K) NonClass: 5765K(5824K)->5765K(5824K) Class: 533K(640K)->533K(640K)
[9.971s][info][gc             ] GC(147) Pause Young (Allocation Failure) 1440M->1440M(1649M) 28.186ms
[9.971s][info][gc,cpu         ] GC(147) User=0.03s Sys=0.00s Real=0.03s
[9.983s][info][gc,start       ] GC(148) Pause Young (Allocation Failure)
[10.013s][info][gc,heap        ] GC(148) PSYoungGen: 47776K(107008K)->47808K(61440K) Eden: 13312K(13312K)->0K(13312K) From: 34464K(93696K)->47808K(48128K)
[10.013s][info][gc,heap        ] GC(148) ParOldGen: 1440717K(1581568K)->1440717K(1581568K)
[10.013s][info][gc,metaspace   ] GC(148) Metaspace: 6298K(6464K)->6298K(6464K) NonClass: 5765K(5824K)->5765K(5824K) Class: 533K(640K)->533K(640K)
[10.013s][info][gc             ] GC(148) Pause Young (Allocation Failure) 1453M->1453M(1604M) 30.019ms
[10.013s][info][gc,cpu         ] GC(148) User=0.03s Sys=0.00s Real=0.03s
[10.025s][info][gc,start       ] GC(149) Pause Young (Allocation Failure)
[10.059s][info][gc,heap        ] GC(149) PSYoungGen: 61120K(61440K)->54976K(105472K) Eden: 13312K(13312K)->0K(15360K) From: 47808K(48128K)->54976K(90112K)
[10.059s][info][gc,heap        ] GC(149) ParOldGen: 1440717K(1581568K)->1446877K(1581568K)
[10.059s][info][gc,metaspace   ] GC(149) Metaspace: 6298K(6464K)->6298K(6464K) NonClass: 5765K(5824K)->5765K(5824K) Class: 533K(640K)->533K(640K)
[10.059s][info][gc             ] GC(149) Pause Young (Allocation Failure) 1466M->1466M(1647M) 34.069ms
[10.059s][info][gc,cpu         ] GC(149) User=0.06s Sys=0.00s Real=0.03s
[10.074s][info][gc,start       ] GC(150) Pause Young (Allocation Failure)
[10.110s][info][gc,heap        ] GC(150) PSYoungGen: 70336K(105472K)->65632K(107008K) Eden: 15360K(15360K)->0K(15360K) From: 54976K(90112K)->65632K(91648K)
[10.110s][info][gc,heap        ] GC(150) ParOldGen: 1446877K(1581568K)->1451677K(1581568K)
[10.110s][info][gc,metaspace   ] GC(150) Metaspace: 6298K(6464K)->6298K(6464K) NonClass: 5765K(5824K)->5765K(5824K) Class: 533K(640K)->533K(640K)
[10.110s][info][gc             ] GC(150) Pause Young (Allocation Failure) 1481M->1481M(1649M) 36.538ms
[10.110s][info][gc,cpu         ] GC(150) User=0.05s Sys=0.00s Real=0.04s
[10.127s][info][gc,start       ] GC(151) Pause Young (Allocation Failure)
[10.168s][info][gc,heap        ] GC(151) PSYoungGen: 80992K(107008K)->69248K(108544K) Eden: 15360K(15360K)->0K(14336K) From: 65632K(91648K)->69248K(94208K)
[10.168s][info][gc,heap        ] GC(151) ParOldGen: 1451677K(1581568K)->1463613K(1581568K)
[10.168s][info][gc,metaspace   ] GC(151) Metaspace: 6298K(6464K)->6298K(6464K) NonClass: 5765K(5824K)->5765K(5824K) Class: 533K(640K)->533K(640K)
[10.168s][info][gc             ] GC(151) Pause Young (Allocation Failure) 1496M->1496M(1650M) 41.263ms
[10.168s][info][gc,cpu         ] GC(151) User=0.14s Sys=0.00s Real=0.04s
[10.183s][info][gc,start       ] GC(152) Pause Young (Allocation Failure)
[10.225s][info][gc,heap        ] GC(152) PSYoungGen: 83584K(108544K)->58528K(111616K) Eden: 14336K(14336K)->0K(14336K) From: 69248K(94208K)->58528K(97280K)
[10.225s][info][gc,heap        ] GC(152) ParOldGen: 1463613K(1581568K)->1488997K(1581568K)
[10.225s][info][gc,metaspace   ] GC(152) Metaspace: 6298K(6464K)->6298K(6464K) NonClass: 5765K(5824K)->5765K(5824K) Class: 533K(640K)->533K(640K)
[10.225s][info][gc             ] GC(152) Pause Young (Allocation Failure) 1510M->1511M(1653M) 42.101ms
[10.225s][info][gc,cpu         ] GC(152) User=0.23s Sys=0.02s Real=0.04s
[10.239s][info][gc,start       ] GC(153) Pause Young (Allocation Failure)
[10.277s][info][gc,heap        ] GC(153) PSYoungGen: 72864K(111616K)->44160K(107008K) Eden: 14336K(14336K)->0K(16896K) From: 58528K(97280K)->44160K(90112K)
[10.277s][info][gc,heap        ] GC(153) ParOldGen: 1488997K(1581568K)->1518013K(1581568K)
[10.277s][info][gc,metaspace   ] GC(153) Metaspace: 6298K(6464K)->6298K(6464K) NonClass: 5765K(5824K)->5765K(5824K) Class: 533K(640K)->533K(640K)
[10.277s][info][gc             ] GC(153) Pause Young (Allocation Failure) 1525M->1525M(1649M) 38.113ms
[10.277s][info][gc,cpu         ] GC(153) User=0.22s Sys=0.05s Real=0.04s
[10.295s][info][gc,start       ] GC(154) Pause Young (Allocation Failure)
[10.330s][info][gc,heap        ] GC(154) PSYoungGen: 61056K(107008K)->31392K(109568K) Eden: 16896K(16896K)->0K(16896K) From: 44160K(90112K)->31392K(92672K)
[10.330s][info][gc,heap        ] GC(154) ParOldGen: 1518013K(1581568K)->1548077K(1581568K)
[10.330s][info][gc,metaspace   ] GC(154) Metaspace: 6298K(6464K)->6298K(6464K) NonClass: 5765K(5824K)->5765K(5824K) Class: 533K(640K)->533K(640K)
[10.330s][info][gc             ] GC(154) Pause Young (Allocation Failure) 1542M->1542M(1651M) 35.713ms
[10.330s][info][gc,cpu         ] GC(154) User=0.09s Sys=0.02s Real=0.04s
[10.331s][info][gc,start       ] GC(155) Pause Full (Ergonomics)
[10.331s][info][gc,phases,start] GC(155) Marking Phase
[10.678s][info][gc,phases      ] GC(155) Marking Phase 347.231ms
[10.678s][info][gc,phases,start] GC(155) Summary Phase
[10.678s][info][gc,phases      ] GC(155) Summary Phase 0.043ms
[10.678s][info][gc,phases,start] GC(155) Adjust Roots
[10.678s][info][gc,phases      ] GC(155) Adjust Roots 0.161ms
[10.678s][info][gc,phases,start] GC(155) Compaction Phase
[10.826s][info][gc,phases      ] GC(155) Compaction Phase 148.229ms
[10.826s][info][gc,phases,start] GC(155) Post Compact
[10.830s][info][gc,phases      ] GC(155) Post Compact 3.520ms
[10.831s][info][gc,heap        ] GC(155) PSYoungGen: 31392K(109568K)->0K(111104K) Eden: 0K(16896K)->0K(19456K) From: 31392K(92672K)->0K(91648K)
[10.831s][info][gc,heap        ] GC(155) ParOldGen: 1548077K(1581568K)->1577676K(1736192K)
[10.831s][info][gc,metaspace   ] GC(155) Metaspace: 6298K(6464K)->6298K(6464K) NonClass: 5765K(5824K)->5765K(5824K) Class: 533K(640K)->533K(640K)
[10.831s][info][gc             ] GC(155) Pause Full (Ergonomics) 1542M->1540M(1804M) 500.039ms
[10.831s][info][gc,cpu         ] GC(155) User=3.50s Sys=0.06s Real=0.50s
[10.854s][info][gc,start       ] GC(156) Pause Young (Allocation Failure)
[10.879s][info][gc,heap        ] GC(156) PSYoungGen: 19456K(111104K)->19584K(111104K) Eden: 19456K(19456K)->0K(19456K) From: 0K(91648K)->19584K(91648K)
[10.879s][info][gc,heap        ] GC(156) ParOldGen: 1577676K(1736192K)->1577676K(1736192K)
[10.879s][info][gc,metaspace   ] GC(156) Metaspace: 6298K(6464K)->6298K(6464K) NonClass: 5765K(5824K)->5765K(5824K) Class: 533K(640K)->533K(640K)
[10.879s][info][gc             ] GC(156) Pause Young (Allocation Failure) 1559M->1559M(1804M) 25.140ms
[10.879s][info][gc,cpu         ] GC(156) User=0.02s Sys=0.00s Real=0.03s
[10.898s][info][gc,start       ] GC(157) Pause Young (Allocation Failure)
[10.927s][info][gc,heap        ] GC(157) PSYoungGen: 39040K(111104K)->19584K(114176K) Eden: 19456K(19456K)->0K(22016K) From: 19584K(91648K)->19584K(92160K)
[10.927s][info][gc,heap        ] GC(157) ParOldGen: 1577676K(1736192K)->1597412K(1736192K)
[10.927s][info][gc,metaspace   ] GC(157) Metaspace: 6298K(6464K)->6298K(6464K) NonClass: 5765K(5824K)->5765K(5824K) Class: 533K(640K)->533K(640K)
[10.927s][info][gc             ] GC(157) Pause Young (Allocation Failure) 1578M->1579M(1807M) 29.322ms
[10.927s][info][gc,cpu         ] GC(157) User=0.03s Sys=0.00s Real=0.03s
[10.948s][info][gc,start       ] GC(158) Pause Young (Allocation Failure)
[10.977s][info][gc,heap        ] GC(158) PSYoungGen: 41600K(114176K)->22144K(114176K) Eden: 22016K(22016K)->0K(22016K) From: 19584K(92160K)->22144K(92160K)
[10.977s][info][gc,heap        ] GC(158) ParOldGen: 1597412K(1736192K)->1617124K(1736192K)
[10.977s][info][gc,metaspace   ] GC(158) Metaspace: 6298K(6464K)->6298K(6464K) NonClass: 5765K(5824K)->5765K(5824K) Class: 533K(640K)->533K(640K)
[10.977s][info][gc             ] GC(158) Pause Young (Allocation Failure) 1600M->1600M(1807M) 29.109ms
[10.977s][info][gc,cpu         ] GC(158) User=0.03s Sys=0.00s Real=0.03s
[10.998s][info][gc,start       ] GC(159) Pause Young (Allocation Failure)
[11.028s][info][gc,heap        ] GC(159) PSYoungGen: 44160K(114176K)->22112K(112640K) Eden: 22016K(22016K)->0K(25088K) From: 22144K(92160K)->22112K(87552K)
[11.028s][info][gc,heap        ] GC(159) ParOldGen: 1617124K(1736192K)->1639428K(1736192K)
[11.028s][info][gc,metaspace   ] GC(159) Metaspace: 6298K(6464K)->6298K(6464K) NonClass: 5765K(5824K)->5765K(5824K) Class: 533K(640K)->533K(640K)
[11.028s][info][gc             ] GC(159) Pause Young (Allocation Failure) 1622M->1622M(1805M) 29.617ms
[11.028s][info][gc,cpu         ] GC(159) User=0.11s Sys=0.03s Real=0.03s
[11.053s][info][gc,start       ] GC(160) Pause Young (Allocation Failure)
[11.084s][info][gc,heap        ] GC(160) PSYoungGen: 47200K(112640K)->25184K(114176K) Eden: 25088K(25088K)->0K(25088K) From: 22112K(87552K)->25184K(89088K)
[11.084s][info][gc,heap        ] GC(160) ParOldGen: 1639428K(1736192K)->1661748K(1736192K)
[11.084s][info][gc,metaspace   ] GC(160) Metaspace: 6298K(6464K)->6298K(6464K) NonClass: 5765K(5824K)->5765K(5824K) Class: 533K(640K)->533K(640K)
[11.084s][info][gc             ] GC(160) Pause Young (Allocation Failure) 1647M->1647M(1807M) 31.392ms
[11.084s][info][gc,cpu         ] GC(160) User=0.05s Sys=0.00s Real=0.03s
[11.110s][info][gc,start       ] GC(161) Pause Young (Allocation Failure)
[11.142s][info][gc,heap        ] GC(161) PSYoungGen: 50272K(114176K)->25184K(109568K) Eden: 25088K(25088K)->0K(28160K) From: 25184K(89088K)->25184K(81408K)
[11.142s][info][gc,heap        ] GC(161) ParOldGen: 1661748K(1736192K)->1687164K(1736192K)
[11.142s][info][gc,metaspace   ] GC(161) Metaspace: 6298K(6464K)->6298K(6464K) NonClass: 5765K(5824K)->5765K(5824K) Class: 533K(640K)->533K(640K)
[11.142s][info][gc             ] GC(161) Pause Young (Allocation Failure) 1671M->1672M(1802M) 32.381ms
[11.142s][info][gc,cpu         ] GC(161) User=0.05s Sys=0.00s Real=0.03s
[11.172s][info][gc,start       ] GC(162) Pause Young (Allocation Failure)
[11.207s][info][gc,heap        ] GC(162) PSYoungGen: 53344K(109568K)->28320K(112128K) Eden: 28160K(28160K)->0K(28160K) From: 25184K(81408K)->28320K(83968K)
[11.207s][info][gc,heap        ] GC(162) ParOldGen: 1687164K(1736192K)->1712580K(1736192K)
[11.207s][info][gc,metaspace   ] GC(162) Metaspace: 6298K(6464K)->6298K(6464K) NonClass: 5765K(5824K)->5765K(5824K) Class: 533K(640K)->533K(640K)
[11.207s][info][gc             ] GC(162) Pause Young (Allocation Failure) 1699M->1700M(1805M) 34.978ms
[11.207s][info][gc,cpu         ] GC(162) User=0.03s Sys=0.00s Real=0.04s
[11.207s][info][gc,start       ] GC(163) Pause Full (Ergonomics)
[11.207s][info][gc,phases,start] GC(163) Marking Phase
[11.598s][info][gc,phases      ] GC(163) Marking Phase 390.781ms
[11.598s][info][gc,phases,start] GC(163) Summary Phase
[11.598s][info][gc,phases      ] GC(163) Summary Phase 0.035ms
[11.598s][info][gc,phases,start] GC(163) Adjust Roots
[11.598s][info][gc,phases      ] GC(163) Adjust Roots 0.167ms
[11.598s][info][gc,phases,start] GC(163) Compaction Phase
[11.762s][info][gc,phases      ] GC(163) Compaction Phase 164.322ms
[11.762s][info][gc,phases,start] GC(163) Post Compact
[11.766s][info][gc,phases      ] GC(163) Post Compact 3.219ms
[11.766s][info][gc,heap        ] GC(163) PSYoungGen: 28320K(112128K)->2599K(112128K) Eden: 0K(28160K)->0K(28160K) From: 28320K(83968K)->2599K(83968K)
[11.766s][info][gc,heap        ] GC(163) ParOldGen: 1712580K(1736192K)->1736133K(1908736K)
[11.766s][info][gc,metaspace   ] GC(163) Metaspace: 6298K(6464K)->6298K(6464K) NonClass: 5765K(5824K)->5765K(5824K) Class: 533K(640K)->533K(640K)
[11.766s][info][gc             ] GC(163) Pause Full (Ergonomics) 1700M->1697M(1973M) 559.525ms
[11.766s][info][gc,cpu         ] GC(163) User=3.88s Sys=0.02s Real=0.56s
[11.798s][info][gc,start       ] GC(164) Pause Young (Allocation Failure)
[11.887s][info][gc,heap        ] GC(164) PSYoungGen: 30759K(112128K)->28352K(103936K) Eden: 28160K(28160K)->0K(30720K) From: 2599K(83968K)->28352K(73216K)
[11.887s][info][gc,heap        ] GC(164) ParOldGen: 1736133K(1908736K)->1738789K(1908736K)
[11.887s][info][gc,metaspace   ] GC(164) Metaspace: 6298K(6464K)->6298K(6464K) NonClass: 5765K(5824K)->5765K(5824K) Class: 533K(640K)->533K(640K)
[11.887s][info][gc             ] GC(164) Pause Young (Allocation Failure) 1725M->1725M(1965M) 89.300ms
[11.887s][info][gc,cpu         ] GC(164) User=0.53s Sys=0.00s Real=0.09s
[11.924s][info][gc,start       ] GC(165) Pause Young (Allocation Failure)
[11.962s][info][gc,heap        ] GC(165) PSYoungGen: 59072K(103936K)->59072K(108032K) Eden: 30720K(30720K)->0K(30720K) From: 28352K(73216K)->59072K(77312K)
[11.962s][info][gc,heap        ] GC(165) ParOldGen: 1738789K(1908736K)->1738789K(1908736K)
[11.962s][info][gc,metaspace   ] GC(165) Metaspace: 6298K(6464K)->6298K(6464K) NonClass: 5765K(5824K)->5765K(5824K) Class: 533K(640K)->533K(640K)
[11.962s][info][gc             ] GC(165) Pause Young (Allocation Failure) 1755M->1755M(1969M) 38.710ms
[11.962s][info][gc,cpu         ] GC(165) User=0.14s Sys=0.00s Real=0.04s
[11.996s][info][gc,start       ] GC(166) Pause Young (Allocation Failure)
[12.042s][info][gc,heap        ] GC(166) PSYoungGen: 89792K(108032K)->81920K(100864K) Eden: 30720K(30720K)->0K(18944K) From: 59072K(77312K)->81920K(81920K)
[12.042s][info][gc,heap        ] GC(166) ParOldGen: 1738789K(1908736K)->1746677K(1908736K)
[12.042s][info][gc,metaspace   ] GC(166) Metaspace: 6298K(6464K)->6298K(6464K) NonClass: 5765K(5824K)->5765K(5824K) Class: 533K(640K)->533K(640K)
[12.042s][info][gc             ] GC(166) Pause Young (Allocation Failure) 1785M->1785M(1962M) 46.567ms
[12.042s][info][gc,cpu         ] GC(166) User=0.27s Sys=0.00s Real=0.05s
[12.061s][info][gc,start       ] GC(167) Pause Young (Allocation Failure)
[12.112s][info][gc,heap        ] GC(167) PSYoungGen: 100864K(100864K)->45664K(65024K) Eden: 18944K(18944K)->0K(18944K) From: 81920K(81920K)->45664K(46080K)
[12.112s][info][gc,heap        ] GC(167) ParOldGen: 1746677K(1908736K)->1802709K(1908736K)
[12.112s][info][gc,metaspace   ] GC(167) Metaspace: 6298K(6464K)->6298K(6464K) NonClass: 5765K(5824K)->5765K(5824K) Class: 533K(640K)->533K(640K)
[12.112s][info][gc             ] GC(167) Pause Young (Allocation Failure) 1804M->1805M(1927M) 51.720ms
[12.112s][info][gc,cpu         ] GC(167) User=0.34s Sys=0.02s Real=0.05s
[12.135s][info][gc,start       ] GC(168) Pause Young (Allocation Failure)
[12.173s][info][gc,heap        ] GC(168) PSYoungGen: 64608K(65024K)->38080K(105984K) Eden: 18944K(18944K)->0K(21504K) From: 45664K(46080K)->38080K(84480K)
[12.173s][info][gc,heap        ] GC(168) ParOldGen: 1802709K(1908736K)->1829629K(1908736K)
[12.173s][info][gc,metaspace   ] GC(168) Metaspace: 6298K(6464K)->6298K(6464K) NonClass: 5765K(5824K)->5765K(5824K) Class: 533K(640K)->533K(640K)
[12.173s][info][gc             ] GC(168) Pause Young (Allocation Failure) 1823M->1823M(1967M) 38.444ms
[12.173s][info][gc,cpu         ] GC(168) User=0.23s Sys=0.00s Real=0.04s
[12.197s][info][gc,start       ] GC(169) Pause Young (Allocation Failure)
[12.234s][info][gc,heap        ] GC(169) PSYoungGen: 59584K(105984K)->40576K(62464K) Eden: 21504K(21504K)->0K(21504K) From: 38080K(84480K)->40576K(40960K)
[12.234s][info][gc,heap        ] GC(169) ParOldGen: 1829629K(1908736K)->1848837K(1908736K)
[12.234s][info][gc,metaspace   ] GC(169) Metaspace: 6298K(6464K)->6298K(6464K) NonClass: 5765K(5824K)->5765K(5824K) Class: 533K(640K)->533K(640K)
[12.234s][info][gc             ] GC(169) Pause Young (Allocation Failure) 1844M->1845M(1925M) 37.112ms
[12.234s][info][gc,cpu         ] GC(169) User=0.12s Sys=0.02s Real=0.04s
[12.258s][info][gc,start       ] GC(170) Pause Young (Allocation Failure)
[12.299s][info][gc,heap        ] GC(170) PSYoungGen: 62080K(62464K)->43168K(100864K) Eden: 21504K(21504K)->0K(24576K) From: 40576K(40960K)->43168K(76288K)
[12.299s][info][gc,heap        ] GC(170) ParOldGen: 1848837K(1908736K)->1868045K(1908736K)
[12.299s][info][gc,metaspace   ] GC(170) Metaspace: 6298K(6464K)->6298K(6464K) NonClass: 5765K(5824K)->5765K(5824K) Class: 533K(640K)->533K(640K)
[12.299s][info][gc             ] GC(170) Pause Young (Allocation Failure) 1866M->1866M(1962M) 40.243ms
[12.299s][info][gc,cpu         ] GC(170) User=0.12s Sys=0.00s Real=0.04s
[12.299s][info][gc,start       ] GC(171) Pause Full (Ergonomics)
[12.299s][info][gc,phases,start] GC(171) Marking Phase
[12.733s][info][gc,phases      ] GC(171) Marking Phase 433.907ms
[12.733s][info][gc,phases,start] GC(171) Summary Phase
[12.733s][info][gc,phases      ] GC(171) Summary Phase 0.037ms
[12.733s][info][gc,phases,start] GC(171) Adjust Roots
[12.733s][info][gc,phases      ] GC(171) Adjust Roots 0.162ms
[12.733s][info][gc,phases,start] GC(171) Compaction Phase
[12.908s][info][gc,phases      ] GC(171) Compaction Phase 174.828ms
[12.908s][info][gc,phases,start] GC(171) Post Compact
[12.912s][info][gc,phases      ] GC(171) Post Compact 4.164ms
[12.913s][info][gc,heap        ] GC(171) PSYoungGen: 43168K(100864K)->536K(103936K) Eden: 0K(24576K)->0K(27648K) From: 43168K(76288K)->536K(76288K)
[12.913s][info][gc,heap        ] GC(171) ParOldGen: 1868045K(1908736K)->1908465K(2099200K)
[12.913s][info][gc,metaspace   ] GC(171) Metaspace: 6298K(6464K)->6298K(6464K) NonClass: 5765K(5824K)->5765K(5824K) Class: 533K(640K)->533K(640K)
[12.913s][info][gc             ] GC(171) Pause Full (Ergonomics) 1866M->1864M(2151M) 614.088ms
[12.913s][info][gc,cpu         ] GC(171) User=4.38s Sys=0.03s Real=0.61s
[12.946s][info][gc,start       ] GC(172) Pause Young (Allocation Failure)
[13.042s][info][gc,heap        ] GC(172) PSYoungGen: 28184K(103936K)->28128K(108032K) Eden: 27648K(27648K)->0K(27648K) From: 536K(76288K)->28128K(80384K)
[13.042s][info][gc,heap        ] GC(172) ParOldGen: 1908465K(2099200K)->1908769K(2099200K)
[13.042s][info][gc,metaspace   ] GC(172) Metaspace: 6298K(6464K)->6298K(6464K) NonClass: 5765K(5824K)->5765K(5824K) Class: 533K(640K)->533K(640K)
[13.042s][info][gc             ] GC(172) Pause Young (Allocation Failure) 1891M->1891M(2155M) 95.636ms
[13.042s][info][gc,cpu         ] GC(172) User=0.64s Sys=0.00s Real=0.10s
[13.073s][info][gc,start       ] GC(173) Pause Young (Allocation Failure)
[13.109s][info][gc,heap        ] GC(173) PSYoungGen: 55776K(108032K)->55744K(107520K) Eden: 27648K(27648K)->0K(28672K) From: 28128K(80384K)->55744K(78848K)
[13.109s][info][gc,heap        ] GC(173) ParOldGen: 1908769K(2099200K)->1908769K(2099200K)
[13.109s][info][gc,metaspace   ] GC(173) Metaspace: 6298K(6464K)->6298K(6464K) NonClass: 5765K(5824K)->5765K(5824K) Class: 533K(640K)->533K(640K)
[13.109s][info][gc             ] GC(173) Pause Young (Allocation Failure) 1918M->1918M(2155M) 36.206ms
[13.109s][info][gc,cpu         ] GC(173) User=0.16s Sys=0.00s Real=0.04s
[13.143s][info][gc,start       ] GC(174) Pause Young (Allocation Failure)
[13.189s][info][gc,heap        ] GC(174) PSYoungGen: 84416K(107520K)->80896K(109568K) Eden: 28672K(28672K)->0K(28672K) From: 55744K(78848K)->80896K(80896K)
[13.189s][info][gc,heap        ] GC(174) ParOldGen: 1908769K(2099200K)->1912257K(2099200K)
[13.189s][info][gc,metaspace   ] GC(174) Metaspace: 6298K(6464K)->6298K(6464K) NonClass: 5765K(5824K)->5765K(5824K) Class: 533K(640K)->533K(640K)
[13.189s][info][gc             ] GC(174) Pause Young (Allocation Failure) 1946M->1946M(2157M) 45.804ms
[13.189s][info][gc,cpu         ] GC(174) User=0.25s Sys=0.00s Real=0.05s
[13.223s][info][gc,start       ] GC(175) Pause Young (Allocation Failure)
[13.281s][info][gc,heap        ] GC(175) PSYoungGen: 109568K(109568K)->83776K(115712K) Eden: 28672K(28672K)->0K(23040K) From: 80896K(80896K)->83776K(92672K)
[13.281s][info][gc,heap        ] GC(175) ParOldGen: 1912257K(2099200K)->1938561K(2099200K)
[13.281s][info][gc,metaspace   ] GC(175) Metaspace: 6298K(6464K)->6298K(6464K) NonClass: 5765K(5824K)->5765K(5824K) Class: 533K(640K)->533K(640K)
[13.281s][info][gc             ] GC(175) Pause Young (Allocation Failure) 1974M->1974M(2163M) 57.603ms
[13.281s][info][gc,cpu         ] GC(175) User=0.38s Sys=0.02s Real=0.06s
[13.309s][info][gc,start       ] GC(176) Pause Young (Allocation Failure)
[13.366s][info][gc,heap        ] GC(176) PSYoungGen: 106816K(115712K)->79648K(124928K) Eden: 23040K(23040K)->0K(23040K) From: 83776K(92672K)->79648K(101888K)
[13.366s][info][gc,heap        ] GC(176) ParOldGen: 1938561K(2099200K)->1966097K(2099200K)
[13.366s][info][gc,metaspace   ] GC(176) Metaspace: 6298K(6464K)->6298K(6464K) NonClass: 5765K(5824K)->5765K(5824K) Class: 533K(640K)->533K(640K)
[13.366s][info][gc             ] GC(176) Pause Young (Allocation Failure) 1997M->1997M(2172M) 56.683ms
[13.366s][info][gc,cpu         ] GC(176) User=0.28s Sys=0.09s Real=0.06s
[13.392s][info][gc,start       ] GC(177) Pause Young (Allocation Failure)
[13.447s][info][gc,heap        ] GC(177) PSYoungGen: 102688K(124928K)->74976K(131072K) Eden: 23040K(23040K)->0K(23552K) From: 79648K(101888K)->74976K(107520K)
[13.447s][info][gc,heap        ] GC(177) ParOldGen: 1966097K(2099200K)->1994169K(2099200K)
[13.447s][info][gc,metaspace   ] GC(177) Metaspace: 6298K(6464K)->6298K(6464K) NonClass: 5765K(5824K)->5765K(5824K) Class: 533K(640K)->533K(640K)
[13.447s][info][gc             ] GC(177) Pause Young (Allocation Failure) 2020M->2020M(2178M) 54.779ms
[13.447s][info][gc,cpu         ] GC(177) User=0.39s Sys=0.00s Real=0.06s
[13.471s][info][gc,start       ] GC(178) Pause Young (Allocation Failure)
[13.526s][info][gc,heap        ] GC(178) PSYoungGen: 98528K(131072K)->46752K(70656K) Eden: 23552K(23552K)->0K(23552K) From: 74976K(107520K)->46752K(47104K)
[13.526s][info][gc,heap        ] GC(178) ParOldGen: 1994169K(2099200K)->2046569K(2099200K)
[13.526s][info][gc,metaspace   ] GC(178) Metaspace: 6298K(6464K)->6298K(6464K) NonClass: 5765K(5824K)->5765K(5824K) Class: 533K(640K)->533K(640K)
[13.526s][info][gc             ] GC(178) Pause Young (Allocation Failure) 2043M->2044M(2119M) 55.192ms
[13.526s][info][gc,cpu         ] GC(178) User=0.33s Sys=0.03s Real=0.06s
[13.526s][info][gc,start       ] GC(179) Pause Full (Ergonomics)
[13.526s][info][gc,phases,start] GC(179) Marking Phase
[14.004s][info][gc,phases      ] GC(179) Marking Phase 477.916ms
[14.004s][info][gc,phases,start] GC(179) Summary Phase
[14.004s][info][gc,phases      ] GC(179) Summary Phase 0.043ms
[14.004s][info][gc,phases,start] GC(179) Adjust Roots
[14.004s][info][gc,phases      ] GC(179) Adjust Roots 0.162ms
[14.004s][info][gc,phases,start] GC(179) Compaction Phase
[14.182s][info][gc,phases      ] GC(179) Compaction Phase 178.032ms
[14.183s][info][gc,phases,start] GC(179) Post Compact
[14.187s][info][gc,phases      ] GC(179) Post Compact 4.104ms
[14.188s][info][gc,heap        ] GC(179) PSYoungGen: 46752K(70656K)->0K(133120K) Eden: 0K(23552K)->0K(27136K) From: 46752K(47104K)->0K(105984K)
[14.188s][info][gc,heap        ] GC(179) ParOldGen: 2046569K(2099200K)->2091056K(2309632K)
[14.188s][info][gc,metaspace   ] GC(179) Metaspace: 6298K(6464K)->6298K(6464K) NonClass: 5765K(5824K)->5765K(5824K) Class: 533K(640K)->533K(640K)
[14.188s][info][gc             ] GC(179) Pause Full (Ergonomics) 2044M->2042M(2385M) 661.543ms
[14.188s][info][gc,cpu         ] GC(179) User=4.69s Sys=0.02s Real=0.66s
[14.216s][info][gc,start       ] GC(180) Pause Young (Allocation Failure)
[14.242s][info][gc,heap        ] GC(180) PSYoungGen: 27136K(133120K)->27264K(133120K) Eden: 27136K(27136K)->0K(27136K) From: 0K(105984K)->27264K(105984K)
[14.242s][info][gc,heap        ] GC(180) ParOldGen: 2091056K(2309632K)->2091056K(2309632K)
[14.242s][info][gc,metaspace   ] GC(180) Metaspace: 6298K(6464K)->6298K(6464K) NonClass: 5765K(5824K)->5765K(5824K) Class: 533K(640K)->533K(640K)
[14.242s][info][gc             ] GC(180) Pause Young (Allocation Failure) 2068M->2068M(2385M) 25.939ms
[14.242s][info][gc,cpu         ] GC(180) User=0.03s Sys=0.00s Real=0.03s
[14.269s][info][gc,start       ] GC(181) Pause Young (Allocation Failure)
[14.303s][info][gc,heap        ] GC(181) PSYoungGen: 54400K(133120K)->54464K(127488K) Eden: 27136K(27136K)->0K(30208K) From: 27264K(105984K)->54464K(97280K)
[14.304s][info][gc,heap        ] GC(181) ParOldGen: 2091056K(2309632K)->2091056K(2309632K)
[14.304s][info][gc,metaspace   ] GC(181) Metaspace: 6298K(6464K)->6298K(6464K) NonClass: 5765K(5824K)->5765K(5824K) Class: 533K(640K)->533K(640K)
[14.304s][info][gc             ] GC(181) Pause Young (Allocation Failure) 2095M->2095M(2380M) 34.280ms
[14.304s][info][gc,cpu         ] GC(181) User=0.16s Sys=0.00s Real=0.03s
[14.335s][info][gc,start       ] GC(182) Pause Young (Allocation Failure)
[14.381s][info][gc,heap        ] GC(182) PSYoungGen: 84672K(127488K)->57536K(131584K) Eden: 30208K(30208K)->0K(30208K) From: 54464K(97280K)->57536K(101376K)
[14.381s][info][gc,heap        ] GC(182) ParOldGen: 2091056K(2309632K)->2118568K(2309632K)
[14.381s][info][gc,metaspace   ] GC(182) Metaspace: 6298K(6464K)->6298K(6464K) NonClass: 5765K(5824K)->5765K(5824K) Class: 533K(640K)->533K(640K)
[14.381s][info][gc             ] GC(182) Pause Young (Allocation Failure) 2124M->2125M(2384M) 46.106ms
[14.381s][info][gc,cpu         ] GC(182) User=0.27s Sys=0.00s Real=0.05s
[14.418s][info][gc,start       ] GC(183) Pause Young (Allocation Failure)
[14.465s][info][gc,heap        ] GC(183) PSYoungGen: 87744K(131584K)->60608K(129024K) Eden: 30208K(30208K)->0K(33792K) From: 57536K(101376K)->60608K(95232K)
[14.465s][info][gc,heap        ] GC(183) ParOldGen: 2118568K(2309632K)->2146072K(2309632K)
[14.465s][info][gc,metaspace   ] GC(183) Metaspace: 6298K(6464K)->6298K(6464K) NonClass: 5765K(5824K)->5765K(5824K) Class: 533K(640K)->533K(640K)
[14.465s][info][gc             ] GC(183) Pause Young (Allocation Failure) 2154M->2154M(2381M) 47.772ms
[14.465s][info][gc,cpu         ] GC(183) User=0.25s Sys=0.02s Real=0.05s
[14.510s][info][gc,start       ] GC(184) Pause Young (Allocation Failure)
[14.562s][info][gc,heap        ] GC(184) PSYoungGen: 94400K(129024K)->64224K(130560K) Eden: 33792K(33792K)->0K(33792K) From: 60608K(95232K)->64224K(96768K)
[14.562s][info][gc,heap        ] GC(184) ParOldGen: 2146072K(2309632K)->2176704K(2309632K)
[14.562s][info][gc,metaspace   ] GC(184) Metaspace: 6298K(6464K)->6298K(6464K) NonClass: 5765K(5824K)->5765K(5824K) Class: 533K(640K)->533K(640K)
[14.562s][info][gc             ] GC(184) Pause Young (Allocation Failure) 2187M->2188M(2383M) 51.795ms
[14.562s][info][gc,cpu         ] GC(184) User=0.25s Sys=0.00s Real=0.05s
[14.604s][info][gc,start       ] GC(185) Pause Young (Allocation Failure)
[14.658s][info][gc,heap        ] GC(185) PSYoungGen: 98016K(130560K)->67776K(133120K) Eden: 33792K(33792K)->0K(36864K) From: 64224K(96768K)->67776K(96256K)
[14.658s][info][gc,heap        ] GC(185) ParOldGen: 2176704K(2309632K)->2207336K(2309632K)
[14.658s][info][gc,metaspace   ] GC(185) Metaspace: 6298K(6464K)->6298K(6464K) NonClass: 5765K(5824K)->5765K(5824K) Class: 533K(640K)->533K(640K)
[14.658s][info][gc             ] GC(185) Pause Young (Allocation Failure) 2221M->2221M(2385M) 54.134ms
[14.658s][info][gc,cpu         ] GC(185) User=0.27s Sys=0.00s Real=0.05s
[14.701s][info][gc,start       ] GC(186) Pause Young (Allocation Failure)
[14.757s][info][gc,heap        ] GC(186) PSYoungGen: 104640K(133120K)->70848K(134144K) Eden: 36864K(36864K)->0K(36864K) From: 67776K(96256K)->70848K(97280K)
[14.757s][info][gc,heap        ] GC(186) ParOldGen: 2207336K(2309632K)->2241600K(2309632K)
[14.757s][info][gc,metaspace   ] GC(186) Metaspace: 6298K(6464K)->6298K(6464K) NonClass: 5765K(5824K)->5765K(5824K) Class: 533K(640K)->533K(640K)
[14.757s][info][gc             ] GC(186) Pause Young (Allocation Failure) 2257M->2258M(2386M) 56.011ms
[14.757s][info][gc,cpu         ] GC(186) User=0.38s Sys=0.00s Real=0.06s
[14.802s][info][gc,start       ] GC(187) Pause Young (Allocation Failure)
[14.858s][info][gc,heap        ] GC(187) PSYoungGen: 107712K(134144K)->73920K(138240K) Eden: 36864K(36864K)->0K(39424K) From: 70848K(97280K)->73920K(98816K)
[14.858s][info][gc,heap        ] GC(187) ParOldGen: 2241600K(2309632K)->2275768K(2309632K)
[14.858s][info][gc,metaspace   ] GC(187) Metaspace: 6298K(6464K)->6298K(6464K) NonClass: 5765K(5824K)->5765K(5824K) Class: 533K(640K)->533K(640K)
[14.858s][info][gc             ] GC(187) Pause Young (Allocation Failure) 2294M->2294M(2390M) 56.665ms
[14.858s][info][gc,cpu         ] GC(187) User=0.34s Sys=0.03s Real=0.06s
[14.858s][info][gc,start       ] GC(188) Pause Full (Ergonomics)
[14.858s][info][gc,phases,start] GC(188) Marking Phase
[15.394s][info][gc,phases      ] GC(188) Marking Phase 535.378ms
[15.394s][info][gc,phases,start] GC(188) Summary Phase
[15.394s][info][gc,phases      ] GC(188) Summary Phase 0.043ms
[15.394s][info][gc,phases,start] GC(188) Adjust Roots
[15.394s][info][gc,phases      ] GC(188) Adjust Roots 0.187ms
[15.394s][info][gc,phases,start] GC(188) Compaction Phase
[15.601s][info][gc,phases      ] GC(188) Compaction Phase 207.180ms
[15.601s][info][gc,phases,start] GC(188) Post Compact
[15.606s][info][gc,phases      ] GC(188) Post Compact 4.695ms
[15.607s][info][gc,heap        ] GC(188) PSYoungGen: 73920K(138240K)->37374K(138240K) Eden: 0K(39424K)->0K(39424K) From: 73920K(98816K)->37374K(98816K)
[15.607s][info][gc,heap        ] GC(188) ParOldGen: 2275768K(2309632K)->2309432K(2544640K)
[15.607s][info][gc,metaspace   ] GC(188) Metaspace: 6298K(6464K)->6298K(6464K) NonClass: 5765K(5824K)->5765K(5824K) Class: 533K(640K)->533K(640K)
[15.607s][info][gc             ] GC(188) Pause Full (Ergonomics) 2294M->2291M(2620M) 748.628ms
[15.607s][info][gc,cpu         ] GC(188) User=5.55s Sys=0.02s Real=0.75s
[15.653s][info][gc,start       ] GC(189) Pause Young (Allocation Failure)
[15.795s][info][gc,heap        ] GC(189) PSYoungGen: 76798K(138240K)->60032K(140288K) Eden: 39424K(39424K)->0K(39424K) From: 37374K(98816K)->60032K(100864K)
[15.795s][info][gc,heap        ] GC(189) ParOldGen: 2309432K(2544640K)->2326576K(2544640K)
[15.795s][info][gc,metaspace   ] GC(189) Metaspace: 6298K(6464K)->6298K(6464K) NonClass: 5765K(5824K)->5765K(5824K) Class: 533K(640K)->533K(640K)
[15.795s][info][gc             ] GC(189) Pause Young (Allocation Failure) 2330M->2330M(2622M) 141.424ms
[15.795s][info][gc,cpu         ] GC(189) User=0.83s Sys=0.03s Real=0.14s
[15.844s][info][gc,start       ] GC(190) Pause Young (Allocation Failure)
[15.902s][info][gc,heap        ] GC(190) PSYoungGen: 99456K(140288K)->96768K(129024K) Eden: 39424K(39424K)->0K(32256K) From: 60032K(100864K)->96768K(96768K)
[15.902s][info][gc,heap        ] GC(190) ParOldGen: 2326576K(2544640K)->2329384K(2544640K)
[15.902s][info][gc,metaspace   ] GC(190) Metaspace: 6298K(6464K)->6298K(6464K) NonClass: 5765K(5824K)->5765K(5824K) Class: 533K(640K)->533K(640K)
[15.902s][info][gc             ] GC(190) Pause Young (Allocation Failure) 2369M->2369M(2611M) 58.047ms
[15.902s][info][gc,cpu         ] GC(190) User=0.31s Sys=0.00s Real=0.06s
[15.941s][info][gc,start       ] GC(191) Pause Young (Allocation Failure)
[16.015s][info][gc,heap        ] GC(191) PSYoungGen: 129024K(129024K)->70752K(140288K) Eden: 32256K(32256K)->0K(32256K) From: 96768K(96768K)->70752K(108032K)
[16.015s][info][gc,heap        ] GC(191) ParOldGen: 2329384K(2544640K)->2388144K(2544640K)
[16.015s][info][gc,metaspace   ] GC(191) Metaspace: 6298K(6464K)->6298K(6464K) NonClass: 5765K(5824K)->5765K(5824K) Class: 533K(640K)->533K(640K)
[16.015s][info][gc             ] GC(191) Pause Young (Allocation Failure) 2400M->2401M(2622M) 74.206ms
[16.015s][info][gc,cpu         ] GC(191) User=0.52s Sys=0.00s Real=0.07s
[16.057s][info][gc,start       ] GC(192) Pause Young (Allocation Failure)
[16.115s][info][gc,heap        ] GC(192) PSYoungGen: 103008K(140288K)->64672K(134144K) Eden: 32256K(32256K)->0K(35840K) From: 70752K(108032K)->64672K(98304K)
[16.115s][info][gc,heap        ] GC(192) ParOldGen: 2388144K(2544640K)->2426784K(2544640K)
[16.115s][info][gc,metaspace   ] GC(192) Metaspace: 6298K(6464K)->6298K(6464K) NonClass: 5765K(5824K)->5765K(5824K) Class: 533K(640K)->533K(640K)
[16.115s][info][gc             ] GC(192) Pause Young (Allocation Failure) 2432M->2433M(2616M) 57.397ms
[16.115s][info][gc,cpu         ] GC(192) User=0.38s Sys=0.00s Real=0.06s
[16.156s][info][gc,start       ] GC(193) Pause Young (Allocation Failure)
[16.212s][info][gc,heap        ] GC(193) PSYoungGen: 100512K(134144K)->68320K(138240K) Eden: 35840K(35840K)->0K(35840K) From: 64672K(98304K)->68320K(102400K)
[16.212s][info][gc,heap        ] GC(193) ParOldGen: 2426784K(2544640K)->2459336K(2544640K)
[16.212s][info][gc,metaspace   ] GC(193) Metaspace: 6298K(6464K)->6298K(6464K) NonClass: 5765K(5824K)->5765K(5824K) Class: 533K(640K)->533K(640K)
[16.212s][info][gc             ] GC(193) Pause Young (Allocation Failure) 2468M->2468M(2620M) 56.742ms
[16.212s][info][gc,cpu         ] GC(193) User=0.34s Sys=0.02s Real=0.06s
[16.255s][info][gc,start       ] GC(194) Pause Young (Allocation Failure)
[16.313s][info][gc,heap        ] GC(194) PSYoungGen: 104160K(138240K)->71872K(138240K) Eden: 35840K(35840K)->0K(39936K) From: 68320K(102400K)->71872K(98304K)
[16.313s][info][gc,heap        ] GC(194) ParOldGen: 2459336K(2544640K)->2491888K(2544640K)
[16.313s][info][gc,metaspace   ] GC(194) Metaspace: 6298K(6464K)->6298K(6464K) NonClass: 5765K(5824K)->5765K(5824K) Class: 533K(640K)->533K(640K)
[16.313s][info][gc             ] GC(194) Pause Young (Allocation Failure) 2503M->2503M(2620M) 58.051ms
[16.313s][info][gc,cpu         ] GC(194) User=0.39s Sys=0.00s Real=0.06s
[16.313s][info][gc,start       ] GC(195) Pause Full (Ergonomics)
[16.313s][info][gc,phases,start] GC(195) Marking Phase
[16.898s][info][gc,phases      ] GC(195) Marking Phase 585.334ms
[16.898s][info][gc,phases,start] GC(195) Summary Phase
[16.898s][info][gc,phases      ] GC(195) Summary Phase 0.046ms
[16.898s][info][gc,phases,start] GC(195) Adjust Roots
[16.899s][info][gc,phases      ] GC(195) Adjust Roots 0.158ms
[16.899s][info][gc,phases,start] GC(195) Compaction Phase
[17.107s][info][gc,phases      ] GC(195) Compaction Phase 207.860ms
[17.107s][info][gc,phases,start] GC(195) Post Compact
[17.111s][info][gc,phases      ] GC(195) Post Compact 4.488ms
[17.112s][info][gc,heap        ] GC(195) PSYoungGen: 71872K(138240K)->17453K(139264K) Eden: 0K(39936K)->0K(40960K) From: 71872K(98304K)->17453K(98304K)
[17.112s][info][gc,heap        ] GC(195) ParOldGen: 2491888K(2544640K)->2544206K(2805248K)
[17.112s][info][gc,metaspace   ] GC(195) Metaspace: 6298K(6464K)->6298K(6464K) NonClass: 5765K(5824K)->5765K(5824K) Class: 533K(640K)->533K(640K)
[17.112s][info][gc             ] GC(195) Pause Full (Ergonomics) 2503M->2501M(2875M) 799.119ms
[17.112s][info][gc,cpu         ] GC(195) User=6.00s Sys=0.03s Real=0.80s
[17.163s][info][gc,start       ] GC(196) Pause Young (Allocation Failure)
[17.304s][info][gc,heap        ] GC(196) PSYoungGen: 58413K(139264K)->51616K(140288K) Eden: 40960K(40960K)->0K(40960K) From: 17453K(98304K)->51616K(99328K)
[17.304s][info][gc,heap        ] GC(196) ParOldGen: 2544206K(2805248K)->2551294K(2805248K)
[17.304s][info][gc,metaspace   ] GC(196) Metaspace: 6298K(6464K)->6298K(6464K) NonClass: 5765K(5824K)->5765K(5824K) Class: 533K(640K)->533K(640K)
[17.304s][info][gc             ] GC(196) Pause Young (Allocation Failure) 2541M->2541M(2876M) 140.258ms
[17.304s][info][gc,cpu         ] GC(196) User=1.00s Sys=0.02s Real=0.14s
[17.352s][info][gc,start       ] GC(197) Pause Young (Allocation Failure)
[17.406s][info][gc,heap        ] GC(197) PSYoungGen: 92576K(140288K)->92672K(136192K) Eden: 40960K(40960K)->0K(37888K) From: 51616K(99328K)->92672K(98304K)
[17.406s][info][gc,heap        ] GC(197) ParOldGen: 2551294K(2805248K)->2551294K(2805248K)
[17.406s][info][gc,metaspace   ] GC(197) Metaspace: 6298K(6464K)->6298K(6464K) NonClass: 5765K(5824K)->5765K(5824K) Class: 533K(640K)->533K(640K)
[17.406s][info][gc             ] GC(197) Pause Young (Allocation Failure) 2581M->2581M(2872M) 53.663ms
[17.406s][info][gc,cpu         ] GC(197) User=0.27s Sys=0.00s Real=0.05s
[17.457s][info][gc,start       ] GC(198) Pause Young (Allocation Failure)
[17.527s][info][gc,heap        ] GC(198) PSYoungGen: 130560K(136192K)->105472K(143360K) Eden: 37888K(37888K)->0K(37888K) From: 92672K(98304K)->105472K(105472K)
[17.527s][info][gc,heap        ] GC(198) ParOldGen: 2551294K(2805248K)->2576470K(2805248K)
[17.527s][info][gc,metaspace   ] GC(198) Metaspace: 6298K(6464K)->6298K(6464K) NonClass: 5765K(5824K)->5765K(5824K) Class: 533K(640K)->533K(640K)
[17.527s][info][gc             ] GC(198) Pause Young (Allocation Failure) 2618M->2619M(2879M) 70.427ms
[17.527s][info][gc,cpu         ] GC(198) User=0.39s Sys=0.00s Real=0.07s
[17.575s][info][gc,start       ] GC(199) Pause Young (Allocation Failure)
[17.654s][info][gc,heap        ] GC(199) PSYoungGen: 143360K(143360K)->102560K(161792K) Eden: 37888K(37888K)->0K(36352K) From: 105472K(105472K)->102560K(125440K)
[17.654s][info][gc,heap        ] GC(199) ParOldGen: 2576470K(2805248K)->2617798K(2805248K)
[17.654s][info][gc,metaspace   ] GC(199) Metaspace: 6298K(6464K)->6298K(6464K) NonClass: 5765K(5824K)->5765K(5824K) Class: 533K(640K)->533K(640K)
[17.654s][info][gc             ] GC(199) Pause Young (Allocation Failure) 2656M->2656M(2897M) 79.347ms
[17.654s][info][gc,cpu         ] GC(199) User=0.45s Sys=0.06s Real=0.08s
[17.694s][info][gc,start       ] GC(200) Pause Young (Allocation Failure)
[17.772s][info][gc,heap        ] GC(200) PSYoungGen: 138912K(161792K)->106240K(167424K) Eden: 36352K(36352K)->0K(36352K) From: 102560K(125440K)->106240K(131072K)
[17.772s][info][gc,heap        ] GC(200) ParOldGen: 2617798K(2805248K)->2650774K(2805248K)
[17.772s][info][gc,metaspace   ] GC(200) Metaspace: 6298K(6464K)->6298K(6464K) NonClass: 5765K(5824K)->5765K(5824K) Class: 533K(640K)->533K(640K)
[17.772s][info][gc             ] GC(200) Pause Young (Allocation Failure) 2692M->2692M(2903M) 78.206ms
[17.772s][info][gc,cpu         ] GC(200) User=0.58s Sys=0.02s Real=0.08s
[17.813s][info][gc,start       ] GC(201) Pause Young (Allocation Failure)
[17.895s][info][gc,heap        ] GC(201) PSYoungGen: 142592K(167424K)->110816K(171520K) Eden: 36352K(36352K)->0K(34816K) From: 106240K(131072K)->110816K(136704K)
[17.895s][info][gc,heap        ] GC(201) ParOldGen: 2650774K(2805248K)->2682798K(2805248K)
[17.895s][info][gc,metaspace   ] GC(201) Metaspace: 6298K(6464K)->6298K(6464K) NonClass: 5765K(5824K)->5765K(5824K) Class: 533K(640K)->533K(640K)
[17.895s][info][gc             ] GC(201) Pause Young (Allocation Failure) 2727M->2728M(2907M) 82.582ms
[17.895s][info][gc,cpu         ] GC(201) User=0.52s Sys=0.00s Real=0.08s
[17.936s][info][gc,start       ] GC(202) Pause Young (Allocation Failure)
[18.024s][info][gc,heap        ] GC(202) PSYoungGen: 145632K(171520K)->71392K(177664K) Eden: 34816K(34816K)->0K(34816K) From: 110816K(136704K)->71392K(142848K)
[18.024s][info][gc,heap        ] GC(202) ParOldGen: 2682798K(2805248K)->2757686K(2805248K)
[18.024s][info][gc,metaspace   ] GC(202) Metaspace: 6298K(6464K)->6298K(6464K) NonClass: 5765K(5824K)->5765K(5824K) Class: 533K(640K)->533K(640K)
[18.024s][info][gc             ] GC(202) Pause Young (Allocation Failure) 2762M->2762M(2913M) 88.075ms
[18.024s][info][gc,cpu         ] GC(202) User=0.53s Sys=0.00s Real=0.09s
[18.024s][info][gc,start       ] GC(203) Pause Full (Ergonomics)
[18.024s][info][gc,phases,start] GC(203) Marking Phase
[18.693s][info][gc,phases      ] GC(203) Marking Phase 668.956ms
[18.693s][info][gc,phases,start] GC(203) Summary Phase
[18.693s][info][gc,phases      ] GC(203) Summary Phase 0.046ms
[18.693s][info][gc,phases,start] GC(203) Adjust Roots
[18.693s][info][gc,phases      ] GC(203) Adjust Roots 0.160ms
[18.693s][info][gc,phases,start] GC(203) Compaction Phase
[18.923s][info][gc,phases      ] GC(203) Compaction Phase 229.457ms
[18.923s][info][gc,phases,start] GC(203) Post Compact
[18.928s][info][gc,phases      ] GC(203) Post Compact 4.923ms
[18.929s][info][gc,heap        ] GC(203) PSYoungGen: 71392K(177664K)->21533K(177664K) Eden: 0K(34816K)->0K(34816K) From: 71392K(142848K)->21533K(142848K)
[18.929s][info][gc,heap        ] GC(203) ParOldGen: 2757686K(2805248K)->2805127K(3097600K)
[18.929s][info][gc,metaspace   ] GC(203) Metaspace: 6298K(6464K)->6298K(6464K) NonClass: 5765K(5824K)->5765K(5824K) Class: 533K(640K)->533K(640K)
[18.929s][info][gc             ] GC(203) Pause Full (Ergonomics) 2762M->2760M(3198M) 904.834ms
[18.929s][info][gc,cpu         ] GC(203) User=6.80s Sys=0.06s Real=0.90s
[19.516s][info][gc,start       ] GC(204) Pause Young (Allocation Failure)
[19.669s][info][gc,heap        ] GC(204) PSYoungGen: 56349K(177664K)->34976K(176128K) Eden: 34816K(34816K)->0K(37376K) From: 21533K(142848K)->34976K(138752K)
[19.669s][info][gc,heap        ] GC(204) ParOldGen: 2936199K(3097600K)->2957975K(3097600K)
[19.669s][info][gc,metaspace   ] GC(204) Metaspace: 6298K(6464K)->6298K(6464K) NonClass: 5765K(5824K)->5765K(5824K) Class: 533K(640K)->533K(640K)
[19.669s][info][gc             ] GC(204) Pause Young (Allocation Failure) 2922M->2922M(3197M) 153.019ms
[19.669s][info][gc,cpu         ] GC(204) User=0.86s Sys=0.02s Real=0.15s
[19.712s][info][gc,start       ] GC(205) Pause Young (Allocation Failure)
[19.771s][info][gc,heap        ] GC(205) PSYoungGen: 72352K(176128K)->37600K(178176K) Eden: 37376K(37376K)->0K(37376K) From: 34976K(138752K)->37600K(140800K)
[19.772s][info][gc,heap        ] GC(205) ParOldGen: 2957975K(3097600K)->2993095K(3097600K)
[19.772s][info][gc,metaspace   ] GC(205) Metaspace: 6298K(6464K)->6298K(6464K) NonClass: 5765K(5824K)->5765K(5824K) Class: 533K(640K)->533K(640K)
[19.772s][info][gc             ] GC(205) Pause Young (Allocation Failure) 2959M->2959M(3199M) 59.649ms
[19.772s][info][gc,cpu         ] GC(205) User=0.17s Sys=0.00s Real=0.06s
[19.815s][info][gc,start       ] GC(206) Pause Young (Allocation Failure)
[19.877s][info][gc,heap        ] GC(206) PSYoungGen: 74976K(178176K)->37568K(181248K) Eden: 37376K(37376K)->0K(41472K) From: 37600K(140800K)->37568K(139776K)
[19.877s][info][gc,heap        ] GC(206) ParOldGen: 2993095K(3097600K)->3030831K(3097600K)
[19.877s][info][gc,metaspace   ] GC(206) Metaspace: 6298K(6464K)->6298K(6464K) NonClass: 5765K(5824K)->5765K(5824K) Class: 533K(640K)->533K(640K)
[19.877s][info][gc             ] GC(206) Pause Young (Allocation Failure) 2996M->2996M(3202M) 62.300ms
[19.877s][info][gc,cpu         ] GC(206) User=0.16s Sys=0.03s Real=0.06s
[19.877s][info][gc,start       ] GC(207) Pause Full (Ergonomics)
[19.877s][info][gc,phases,start] GC(207) Marking Phase
[20.572s][info][gc,phases      ] GC(207) Marking Phase 695.041ms
[20.572s][info][gc,phases,start] GC(207) Summary Phase
[20.572s][info][gc,phases      ] GC(207) Summary Phase 0.073ms
[20.572s][info][gc,phases,start] GC(207) Adjust Roots
[20.572s][info][gc,phases      ] GC(207) Adjust Roots 0.180ms
[20.572s][info][gc,phases,start] GC(207) Compaction Phase
[21.037s][info][gc,phases      ] GC(207) Compaction Phase 464.895ms
[21.037s][info][gc,phases,start] GC(207) Post Compact
[21.044s][info][gc,phases      ] GC(207) Post Compact 6.643ms
[21.045s][info][gc,heap        ] GC(207) PSYoungGen: 37568K(181248K)->0K(181760K) Eden: 0K(41472K)->0K(41472K) From: 37568K(139776K)->0K(140288K)
[21.045s][info][gc,heap        ] GC(207) ParOldGen: 3030831K(3097600K)->3001670K(3311616K)
[21.045s][info][gc,metaspace   ] GC(207) Metaspace: 6298K(6464K)->6298K(6464K) NonClass: 5765K(5824K)->5765K(5824K) Class: 533K(640K)->533K(640K)
[21.045s][info][gc             ] GC(207) Pause Full (Ergonomics) 2996M->2931M(3411M) 1167.926ms
[21.045s][info][gc,cpu         ] GC(207) User=7.98s Sys=0.03s Real=1.17s
[21.083s][info][gc,start       ] GC(208) Pause Young (Allocation Failure)
[21.126s][info][gc,heap        ] GC(208) PSYoungGen: 41472K(181760K)->41632K(180224K) Eden: 41472K(41472K)->0K(45568K) From: 0K(140288K)->41632K(134656K)
[21.126s][info][gc,heap        ] GC(208) ParOldGen: 3001670K(3311616K)->3001670K(3311616K)
[21.126s][info][gc,metaspace   ] GC(208) Metaspace: 6298K(6464K)->6298K(6464K) NonClass: 5765K(5824K)->5765K(5824K) Class: 533K(640K)->533K(640K)
[21.126s][info][gc             ] GC(208) Pause Young (Allocation Failure) 2971M->2971M(3410M) 42.496ms
[21.126s][info][gc,cpu         ] GC(208) User=0.05s Sys=0.00s Real=0.04s
[21.173s][info][gc,start       ] GC(209) Pause Young (Allocation Failure)
[21.231s][info][gc,heap        ] GC(209) PSYoungGen: 87200K(180224K)->87264K(183296K) Eden: 45568K(45568K)->0K(45568K) From: 41632K(134656K)->87264K(137728K)
[21.231s][info][gc,heap        ] GC(209) ParOldGen: 3001670K(3311616K)->3001670K(3311616K)
[21.231s][info][gc,metaspace   ] GC(209) Metaspace: 6298K(6464K)->6298K(6464K) NonClass: 5765K(5824K)->5765K(5824K) Class: 533K(640K)->533K(640K)
[21.231s][info][gc             ] GC(209) Pause Young (Allocation Failure) 3016M->3016M(3413M) 58.553ms
[21.231s][info][gc,cpu         ] GC(209) User=0.17s Sys=0.00s Real=0.06s
[21.272s][info][gc,start       ] GC(210) Pause Young (Allocation Failure)
[21.343s][info][gc,heap        ] GC(210) PSYoungGen: 132832K(183296K)->132928K(171520K) Eden: 45568K(45568K)->0K(33280K) From: 87264K(137728K)->132928K(138240K)
[21.343s][info][gc,heap        ] GC(210) ParOldGen: 3001670K(3311616K)->3001670K(3311616K)
[21.343s][info][gc,metaspace   ] GC(210) Metaspace: 6298K(6464K)->6298K(6464K) NonClass: 5765K(5824K)->5765K(5824K) Class: 533K(640K)->533K(640K)
[21.343s][info][gc             ] GC(210) Pause Young (Allocation Failure) 3061M->3061M(3401M) 70.686ms
[21.343s][info][gc,cpu         ] GC(210) User=0.17s Sys=0.00s Real=0.07s
[21.377s][info][gc,start       ] GC(211) Pause Young (Allocation Failure)
[21.457s][info][gc,heap        ] GC(211) PSYoungGen: 166208K(171520K)->124736K(188416K) Eden: 33280K(33280K)->0K(33280K) From: 132928K(138240K)->124736K(155136K)
[21.457s][info][gc,heap        ] GC(211) ParOldGen: 3001670K(3311616K)->3043526K(3311616K)
[21.457s][info][gc,metaspace   ] GC(211) Metaspace: 6298K(6464K)->6298K(6464K) NonClass: 5765K(5824K)->5765K(5824K) Class: 533K(640K)->533K(640K)
[21.457s][info][gc             ] GC(211) Pause Young (Allocation Failure) 3093M->3094M(3418M) 80.020ms
[21.457s][info][gc,cpu         ] GC(211) User=0.22s Sys=0.00s Real=0.08s
[21.494s][info][gc,start       ] GC(212) Pause Young (Allocation Failure)
[21.573s][info][gc,heap        ] GC(212) PSYoungGen: 158016K(188416K)->112416K(200192K) Eden: 33280K(33280K)->0K(34304K) From: 124736K(155136K)->112416K(165888K)
[21.573s][info][gc,heap        ] GC(212) ParOldGen: 3043526K(3311616K)->3089510K(3311616K)
[21.573s][info][gc,metaspace   ] GC(212) Metaspace: 6298K(6464K)->6298K(6464K) NonClass: 5765K(5824K)->5765K(5824K) Class: 533K(640K)->533K(640K)
[21.573s][info][gc             ] GC(212) Pause Young (Allocation Failure) 3126M->3126M(3429M) 79.080ms
[21.573s][info][gc,cpu         ] GC(212) User=0.41s Sys=0.02s Real=0.08s
[21.609s][info][gc,start       ] GC(213) Pause Young (Allocation Failure)
[21.685s][info][gc,heap        ] GC(213) PSYoungGen: 146720K(200192K)->101088K(203264K) Eden: 34304K(34304K)->0K(34304K) From: 112416K(165888K)->101088K(168960K)
[21.685s][info][gc,heap        ] GC(213) ParOldGen: 3089510K(3311616K)->3135486K(3311616K)
[21.685s][info][gc,metaspace   ] GC(213) Metaspace: 6298K(6464K)->6298K(6464K) NonClass: 5765K(5824K)->5765K(5824K) Class: 533K(640K)->533K(640K)
[21.685s][info][gc             ] GC(213) Pause Young (Allocation Failure) 3160M->3160M(3432M) 76.669ms
[21.685s][info][gc,cpu         ] GC(213) User=0.39s Sys=0.00s Real=0.08s
[21.719s][info][gc,start       ] GC(214) Pause Young (Allocation Failure)
[21.796s][info][gc,heap        ] GC(214) PSYoungGen: 135392K(203264K)->68768K(195072K) Eden: 34304K(34304K)->0K(38912K) From: 101088K(168960K)->68768K(156160K)
[21.796s][info][gc,heap        ] GC(214) ParOldGen: 3135486K(3311616K)->3202622K(3311616K)
[21.796s][info][gc,metaspace   ] GC(214) Metaspace: 6298K(6464K)->6298K(6464K) NonClass: 5765K(5824K)->5765K(5824K) Class: 533K(640K)->533K(640K)
[21.796s][info][gc             ] GC(214) Pause Young (Allocation Failure) 3194M->3194M(3424M) 77.011ms
[21.796s][info][gc,cpu         ] GC(214) User=0.34s Sys=0.05s Real=0.08s
[21.834s][info][gc,start       ] GC(215) Pause Young (Allocation Failure)
[21.899s][info][gc,heap        ] GC(215) PSYoungGen: 107680K(195072K)->39104K(200704K) Eden: 38912K(38912K)->0K(38912K) From: 68768K(156160K)->39104K(161792K)
[21.899s][info][gc,heap        ] GC(215) ParOldGen: 3202622K(3311616K)->3271822K(3311616K)
[21.899s][info][gc,metaspace   ] GC(215) Metaspace: 6298K(6464K)->6298K(6464K) NonClass: 5765K(5824K)->5765K(5824K) Class: 533K(640K)->533K(640K)
[21.899s][info][gc             ] GC(215) Pause Young (Allocation Failure) 3232M->3233M(3430M) 64.978ms
[21.899s][info][gc,cpu         ] GC(215) User=0.17s Sys=0.02s Real=0.07s
[21.899s][info][gc,start       ] GC(216) Pause Full (Ergonomics)
[21.899s][info][gc,phases,start] GC(216) Marking Phase
[22.663s][info][gc,phases      ] GC(216) Marking Phase 763.992ms
[22.663s][info][gc,phases,start] GC(216) Summary Phase
[22.663s][info][gc,phases      ] GC(216) Summary Phase 0.083ms
[22.663s][info][gc,phases,start] GC(216) Adjust Roots
[22.664s][info][gc,phases      ] GC(216) Adjust Roots 0.269ms
[22.664s][info][gc,phases,start] GC(216) Compaction Phase
[22.986s][info][gc,phases      ] GC(216) Compaction Phase 322.366ms
[22.986s][info][gc,phases,start] GC(216) Post Compact
[22.993s][info][gc,phases      ] GC(216) Post Compact 6.565ms
[22.994s][info][gc,heap        ] GC(216) PSYoungGen: 39104K(200704K)->0K(205824K) Eden: 0K(38912K)->0K(44544K) From: 39104K(161792K)->0K(161280K)
[22.994s][info][gc,heap        ] GC(216) ParOldGen: 3271822K(3311616K)->3308115K(3665408K)
[22.994s][info][gc,metaspace   ] GC(216) Metaspace: 6298K(6464K)->6298K(6464K) NonClass: 5765K(5824K)->5765K(5824K) Class: 533K(640K)->533K(640K)
[22.994s][info][gc             ] GC(216) Pause Full (Ergonomics) 3233M->3230M(3780M) 1094.745ms
[22.994s][info][gc,cpu         ] GC(216) User=7.72s Sys=0.02s Real=1.10s
[23.043s][info][gc,start       ] GC(217) Pause Young (Allocation Failure)
[23.088s][info][gc,heap        ] GC(217) PSYoungGen: 44544K(205824K)->44704K(205824K) Eden: 44544K(44544K)->0K(44544K) From: 0K(161280K)->44704K(161280K)
[23.088s][info][gc,heap        ] GC(217) ParOldGen: 3308115K(3665408K)->3308115K(3665408K)
[23.088s][info][gc,metaspace   ] GC(217) Metaspace: 6298K(6464K)->6298K(6464K) NonClass: 5765K(5824K)->5765K(5824K) Class: 533K(640K)->533K(640K)
[23.088s][info][gc             ] GC(217) Pause Young (Allocation Failure) 3274M->3274M(3780M) 45.714ms
[23.088s][info][gc,cpu         ] GC(217) User=0.06s Sys=0.00s Real=0.05s
[23.139s][info][gc,start       ] GC(218) Pause Young (Allocation Failure)
[23.198s][info][gc,heap        ] GC(218) PSYoungGen: 89248K(205824K)->89312K(201216K) Eden: 44544K(44544K)->0K(49152K) From: 44704K(161280K)->89312K(152064K)
[23.198s][info][gc,heap        ] GC(218) ParOldGen: 3308115K(3665408K)->3308115K(3665408K)
[23.198s][info][gc,metaspace   ] GC(218) Metaspace: 6298K(6464K)->6298K(6464K) NonClass: 5765K(5824K)->5765K(5824K) Class: 533K(640K)->533K(640K)
[23.198s][info][gc             ] GC(218) Pause Young (Allocation Failure) 3317M->3317M(3776M) 58.953ms
[23.198s][info][gc,cpu         ] GC(218) User=0.17s Sys=0.00s Real=0.06s
[23.249s][info][gc,start       ] GC(219) Pause Young (Allocation Failure)
[23.331s][info][gc,heap        ] GC(219) PSYoungGen: 138464K(201216K)->93920K(204800K) Eden: 49152K(49152K)->0K(49152K) From: 89312K(152064K)->93920K(155648K)
[23.332s][info][gc,heap        ] GC(219) ParOldGen: 3308115K(3665408K)->3353059K(3665408K)
[23.332s][info][gc,metaspace   ] GC(219) Metaspace: 6298K(6464K)->6298K(6464K) NonClass: 5765K(5824K)->5765K(5824K) Class: 533K(640K)->533K(640K)
[23.332s][info][gc             ] GC(219) Pause Young (Allocation Failure) 3365M->3366M(3779M) 82.572ms
[23.332s][info][gc,cpu         ] GC(219) User=0.25s Sys=0.08s Real=0.08s
[23.380s][info][gc,start       ] GC(220) Pause Young (Allocation Failure)
[23.455s][info][gc,heap        ] GC(220) PSYoungGen: 143072K(204800K)->98560K(208896K) Eden: 49152K(49152K)->0K(54784K) From: 93920K(155648K)->98560K(154112K)
[23.456s][info][gc,heap        ] GC(220) ParOldGen: 3353059K(3665408K)->3397995K(3665408K)
[23.456s][info][gc,metaspace   ] GC(220) Metaspace: 6298K(6464K)->6298K(6464K) NonClass: 5765K(5824K)->5765K(5824K) Class: 533K(640K)->533K(640K)
[23.456s][info][gc             ] GC(220) Pause Young (Allocation Failure) 3414M->3414M(3783M) 75.654ms
[23.456s][info][gc,cpu         ] GC(220) User=0.38s Sys=0.02s Real=0.08s
[23.508s][info][gc,start       ] GC(221) Pause Young (Allocation Failure)
[23.587s][info][gc,heap        ] GC(221) PSYoungGen: 153344K(208896K)->104224K(208896K) Eden: 54784K(54784K)->0K(54784K) From: 98560K(154112K)->104224K(154112K)
[23.587s][info][gc,heap        ] GC(221) ParOldGen: 3397995K(3665408K)->3447595K(3665408K)
[23.587s][info][gc,metaspace   ] GC(221) Metaspace: 6298K(6464K)->6298K(6464K) NonClass: 5765K(5824K)->5765K(5824K) Class: 533K(640K)->533K(640K)
[23.587s][info][gc             ] GC(221) Pause Young (Allocation Failure) 3468M->3468M(3783M) 78.827ms
[23.587s][info][gc,cpu         ] GC(221) User=0.42s Sys=0.05s Real=0.08s
[23.646s][info][gc,start       ] GC(222) Pause Young (Allocation Failure)
[23.725s][info][gc,heap        ] GC(222) PSYoungGen: 159008K(208896K)->109920K(214528K) Eden: 54784K(54784K)->0K(58880K) From: 104224K(154112K)->109920K(155648K)
[23.725s][info][gc,heap        ] GC(222) ParOldGen: 3447595K(3665408K)->3497187K(3665408K)
[23.725s][info][gc,metaspace   ] GC(222) Metaspace: 6298K(6464K)->6298K(6464K) NonClass: 5765K(5824K)->5765K(5824K) Class: 533K(640K)->533K(640K)
[23.725s][info][gc             ] GC(222) Pause Young (Allocation Failure) 3522M->3522M(3789M) 79.459ms
[23.725s][info][gc,cpu         ] GC(222) User=0.45s Sys=0.03s Real=0.08s
[23.793s][info][gc,start       ] GC(223) Pause Young (Allocation Failure)
[23.879s][info][gc,heap        ] GC(223) PSYoungGen: 168800K(214528K)->113952K(217088K) Eden: 58880K(58880K)->0K(58880K) From: 109920K(155648K)->113952K(158208K)
[23.879s][info][gc,heap        ] GC(223) ParOldGen: 3497187K(3665408K)->3552459K(3665408K)
[23.879s][info][gc,metaspace   ] GC(223) Metaspace: 6298K(6464K)->6298K(6464K) NonClass: 5765K(5824K)->5765K(5824K) Class: 533K(640K)->533K(640K)
[23.879s][info][gc             ] GC(223) Pause Young (Allocation Failure) 3580M->3580M(3791M) 85.748ms
[23.879s][info][gc,cpu         ] GC(223) User=0.58s Sys=0.02s Real=0.09s
[23.937s][info][gc,start       ] GC(224) Pause Young (Allocation Failure)
[24.025s][info][gc,heap        ] GC(224) PSYoungGen: 172832K(217088K)->118112K(222720K) Eden: 58880K(58880K)->0K(61440K) From: 113952K(158208K)->118112K(161280K)
[24.025s][info][gc,heap        ] GC(224) ParOldGen: 3552459K(3665408K)->3607731K(3665408K)
[24.025s][info][gc,metaspace   ] GC(224) Metaspace: 6298K(6464K)->6298K(6464K) NonClass: 5765K(5824K)->5765K(5824K) Class: 533K(640K)->533K(640K)
[24.025s][info][gc             ] GC(224) Pause Young (Allocation Failure) 3637M->3638M(3797M) 87.686ms
[24.025s][info][gc,cpu         ] GC(224) User=0.62s Sys=0.02s Real=0.09s
[24.025s][info][gc,start       ] GC(225) Pause Full (Ergonomics)
[24.025s][info][gc,phases,start] GC(225) Marking Phase
[24.878s][info][gc,phases      ] GC(225) Marking Phase 852.865ms
[24.878s][info][gc,phases,start] GC(225) Summary Phase
[24.878s][info][gc,phases      ] GC(225) Summary Phase 0.052ms
[24.878s][info][gc,phases,start] GC(225) Adjust Roots
[24.878s][info][gc,phases      ] GC(225) Adjust Roots 0.177ms
[24.878s][info][gc,phases,start] GC(225) Compaction Phase
[25.682s][info][gc,phases      ] GC(225) Compaction Phase 803.491ms
[25.682s][info][gc,phases,start] GC(225) Post Compact
[25.689s][info][gc,phases      ] GC(225) Post Compact 7.509ms
[25.691s][info][gc,heap        ] GC(225) PSYoungGen: 118112K(222720K)->57400K(222720K) Eden: 0K(61440K)->0K(61440K) From: 118112K(161280K)->57400K(161280K)
[25.691s][info][gc,heap        ] GC(225) ParOldGen: 3607731K(3665408K)->3665190K(4052480K)
[25.691s][info][gc,metaspace   ] GC(225) Metaspace: 6298K(6464K)->6298K(6464K) NonClass: 5765K(5824K)->5765K(5824K) Class: 533K(640K)->533K(640K)
[25.691s][info][gc             ] GC(225) Pause Full (Ergonomics) 3638M->3635M(4175M) 1665.862ms
[25.691s][info][gc,cpu         ] GC(225) User=11.23s Sys=0.08s Real=1.67s
[25.756s][info][gc,start       ] GC(226) Pause Young (Allocation Failure)
[25.971s][info][gc,heap        ] GC(226) PSYoungGen: 118840K(222720K)->90496K(152064K) Eden: 61440K(61440K)->0K(61440K) From: 57400K(161280K)->90496K(90624K)
[25.971s][info][gc,heap        ] GC(226) ParOldGen: 3665190K(4052480K)->3694142K(4052480K)
[25.971s][info][gc,metaspace   ] GC(226) Metaspace: 6298K(6464K)->6298K(6464K) NonClass: 5765K(5824K)->5765K(5824K) Class: 533K(640K)->533K(640K)
[25.971s][info][gc             ] GC(226) Pause Young (Allocation Failure) 3695M->3695M(4106M) 215.472ms
[25.971s][info][gc,cpu         ] GC(226) User=1.53s Sys=0.00s Real=0.22s
[26.032s][info][gc,start       ] GC(227) Pause Young (Allocation Failure)
[26.112s][info][gc,heap        ] GC(227) PSYoungGen: 151936K(152064K)->152000K(209920K) Eden: 61440K(61440K)->0K(51712K) From: 90496K(90624K)->152000K(158208K)
[26.112s][info][gc,heap        ] GC(227) ParOldGen: 3694142K(4052480K)->3694142K(4052480K)
[26.112s][info][gc,metaspace   ] GC(227) Metaspace: 6298K(6464K)->6298K(6464K) NonClass: 5765K(5824K)->5765K(5824K) Class: 533K(640K)->533K(640K)
[26.112s][info][gc             ] GC(227) Pause Young (Allocation Failure) 3755M->3755M(4162M) 80.141ms
[26.112s][info][gc,cpu         ] GC(227) User=0.38s Sys=0.02s Real=0.08s
[26.168s][info][gc,start       ] GC(228) Pause Young (Allocation Failure)
[26.267s][info][gc,heap        ] GC(228) PSYoungGen: 203712K(209920K)->173568K(225280K) Eden: 51712K(51712K)->0K(51712K) From: 152000K(158208K)->173568K(173568K)
[26.267s][info][gc,heap        ] GC(228) ParOldGen: 3694142K(4052480K)->3724542K(4052480K)
[26.267s][info][gc,metaspace   ] GC(228) Metaspace: 6298K(6464K)->6298K(6464K) NonClass: 5765K(5824K)->5765K(5824K) Class: 533K(640K)->533K(640K)
[26.267s][info][gc             ] GC(228) Pause Young (Allocation Failure) 3806M->3806M(4177M) 98.898ms
[26.267s][info][gc,cpu         ] GC(228) User=0.64s Sys=0.00s Real=0.10s
[26.321s][info][gc,start       ] GC(229) Pause Young (Allocation Failure)
[26.442s][info][gc,heap        ] GC(229) PSYoungGen: 225280K(225280K)->152352K(256512K) Eden: 51712K(51712K)->0K(50688K) From: 173568K(173568K)->152352K(205824K)
[26.442s][info][gc,heap        ] GC(229) ParOldGen: 3724542K(4052480K)->3798222K(4052480K)
[26.442s][info][gc,metaspace   ] GC(229) Metaspace: 6298K(6464K)->6298K(6464K) NonClass: 5765K(5824K)->5765K(5824K) Class: 533K(640K)->533K(640K)
[26.442s][info][gc             ] GC(229) Pause Young (Allocation Failure) 3857M->3857M(4208M) 121.259ms
[26.442s][info][gc,cpu         ] GC(229) User=0.75s Sys=0.06s Real=0.12s
[26.496s][info][gc,start       ] GC(230) Pause Young (Allocation Failure)
[26.608s][info][gc,heap        ] GC(230) PSYoungGen: 203040K(256512K)->148384K(263168K) Eden: 50688K(50688K)->0K(50688K) From: 152352K(205824K)->148384K(212480K)
[26.608s][info][gc,heap        ] GC(230) ParOldGen: 3798222K(4052480K)->3853326K(4052480K)
[26.608s][info][gc,metaspace   ] GC(230) Metaspace: 6298K(6464K)->6298K(6464K) NonClass: 5765K(5824K)->5765K(5824K) Class: 533K(640K)->533K(640K)
[26.608s][info][gc             ] GC(230) Pause Young (Allocation Failure) 3907M->3907M(4214M) 112.209ms
[26.608s][info][gc,cpu         ] GC(230) User=0.67s Sys=0.05s Real=0.11s
[26.660s][info][gc,start       ] GC(231) Pause Young (Allocation Failure)
[26.776s][info][gc,heap        ] GC(231) PSYoungGen: 199072K(263168K)->153440K(268288K) Eden: 50688K(50688K)->0K(52736K) From: 148384K(212480K)->153440K(215552K)
[26.776s][info][gc,heap        ] GC(231) ParOldGen: 3853326K(4052480K)->3899406K(4052480K)
[26.776s][info][gc,metaspace   ] GC(231) Metaspace: 6298K(6464K)->6298K(6464K) NonClass: 5765K(5824K)->5765K(5824K) Class: 533K(640K)->533K(640K)
[26.776s][info][gc             ] GC(231) Pause Young (Allocation Failure) 3957M->3957M(4219M) 115.589ms
[26.776s][info][gc,cpu         ] GC(231) User=0.66s Sys=0.02s Real=0.12s
[26.843s][info][gc,start       ] GC(232) Pause Young (Allocation Failure)
[26.966s][info][gc,heap        ] GC(232) PSYoungGen: 206176K(268288K)->103712K(272384K) Eden: 52736K(52736K)->0K(52736K) From: 153440K(215552K)->103712K(219648K)
[26.966s][info][gc,heap        ] GC(232) ParOldGen: 3899406K(4052480K)->4002710K(4052480K)
[26.966s][info][gc,metaspace   ] GC(232) Metaspace: 6298K(6464K)->6298K(6464K) NonClass: 5765K(5824K)->5765K(5824K) Class: 533K(640K)->533K(640K)
[26.966s][info][gc             ] GC(232) Pause Young (Allocation Failure) 4009M->4010M(4223M) 122.335ms
[26.966s][info][gc,cpu         ] GC(232) User=0.41s Sys=0.09s Real=0.12s
[26.966s][info][gc,start       ] GC(233) Pause Full (Ergonomics)
[26.966s][info][gc,phases,start] GC(233) Marking Phase
[27.966s][info][gc,phases      ] GC(233) Marking Phase 1000.270ms
[27.966s][info][gc,phases,start] GC(233) Summary Phase
[27.966s][info][gc,phases      ] GC(233) Summary Phase 0.056ms
[27.966s][info][gc,phases,start] GC(233) Adjust Roots
[27.966s][info][gc,phases      ] GC(233) Adjust Roots 0.177ms
[27.966s][info][gc,phases,start] GC(233) Compaction Phase
[28.396s][info][gc,phases      ] GC(233) Compaction Phase 429.608ms
[28.396s][info][gc,phases,start] GC(233) Post Compact
[28.406s][info][gc,phases      ] GC(233) Post Compact 10.141ms
[28.408s][info][gc,heap        ] GC(233) PSYoungGen: 103712K(272384K)->50718K(272384K) Eden: 0K(52736K)->0K(52736K) From: 103712K(219648K)->50718K(219648K)
[28.408s][info][gc,heap        ] GC(233) ParOldGen: 4002710K(4052480K)->4052076K(4489216K)
[28.408s][info][gc,metaspace   ] GC(233) Metaspace: 6298K(6464K)->6298K(6464K) NonClass: 5765K(5824K)->5765K(5824K) Class: 533K(640K)->533K(640K)
[28.408s][info][gc             ] GC(233) Pause Full (Ergonomics) 4010M->4006M(4650M) 1442.298ms
[28.408s][info][gc,cpu         ] GC(233) User=9.62s Sys=0.03s Real=1.44s
[28.464s][info][gc,start       ] GC(234) Pause Young (Allocation Failure)
[28.715s][info][gc,heap        ] GC(234) PSYoungGen: 103454K(272384K)->52928K(270848K) Eden: 52736K(52736K)->0K(58368K) From: 50718K(219648K)->52928K(212480K)
[28.715s][info][gc,heap        ] GC(234) ParOldGen: 4052076K(4489216K)->4103292K(4489216K)
[28.715s][info][gc,metaspace   ] GC(234) Metaspace: 6298K(6464K)->6298K(6464K) NonClass: 5765K(5824K)->5765K(5824K) Class: 533K(640K)->533K(640K)
[28.715s][info][gc             ] GC(234) Pause Young (Allocation Failure) 4058M->4058M(4648M) 250.646ms
[28.715s][info][gc,cpu         ] GC(234) User=1.47s Sys=0.00s Real=0.25s
[28.772s][info][gc,start       ] GC(235) Pause Young (Allocation Failure)
[28.855s][info][gc,heap        ] GC(235) PSYoungGen: 111296K(270848K)->58592K(272384K) Eden: 58368K(58368K)->0K(58368K) From: 52928K(212480K)->58592K(214016K)
[28.855s][info][gc,heap        ] GC(235) ParOldGen: 4103292K(4489216K)->4156500K(4489216K)
[28.855s][info][gc,metaspace   ] GC(235) Metaspace: 6298K(6464K)->6298K(6464K) NonClass: 5765K(5824K)->5765K(5824K) Class: 533K(640K)->533K(640K)
[28.855s][info][gc             ] GC(235) Pause Young (Allocation Failure) 4115M->4116M(4650M) 82.954ms
[28.855s][info][gc,cpu         ] GC(235) User=0.28s Sys=0.00s Real=0.08s
[28.923s][info][gc,start       ] GC(236) Pause Young (Allocation Failure)
[28.993s][info][gc,heap        ] GC(236) PSYoungGen: 116960K(272384K)->58560K(271872K) Eden: 58368K(58368K)->0K(64512K) From: 58592K(214016K)->58560K(207360K)
[28.993s][info][gc,heap        ] GC(236) ParOldGen: 4156500K(4489216K)->4215396K(4489216K)
[28.993s][info][gc,metaspace   ] GC(236) Metaspace: 6298K(6464K)->6298K(6464K) NonClass: 5765K(5824K)->5765K(5824K) Class: 533K(640K)->533K(640K)
[28.993s][info][gc             ] GC(236) Pause Young (Allocation Failure) 4173M->4173M(4649M) 70.028ms
[28.993s][info][gc,cpu         ] GC(236) User=0.30s Sys=0.02s Real=0.07s
[29.070s][info][gc,start       ] GC(237) Pause Young (Allocation Failure)
[29.149s][info][gc,heap        ] GC(237) PSYoungGen: 123072K(271872K)->64736K(274944K) Eden: 64512K(64512K)->0K(64512K) From: 58560K(207360K)->64736K(210432K)
[29.149s][info][gc,heap        ] GC(237) ParOldGen: 4215396K(4489216K)->4274292K(4489216K)
[29.149s][info][gc,metaspace   ] GC(237) Metaspace: 6298K(6464K)->6298K(6464K) NonClass: 5765K(5824K)->5765K(5824K) Class: 533K(640K)->533K(640K)
[29.149s][info][gc             ] GC(237) Pause Young (Allocation Failure) 4236M->4237M(4652M) 78.682ms
[29.149s][info][gc,cpu         ] GC(237) User=0.36s Sys=0.03s Real=0.08s
[29.219s][info][gc,start       ] GC(238) Pause Young (Allocation Failure)
[29.300s][info][gc,heap        ] GC(238) PSYoungGen: 129248K(274944K)->64704K(267264K) Eden: 64512K(64512K)->0K(71680K) From: 64736K(210432K)->64704K(195584K)
[29.300s][info][gc,heap        ] GC(238) ParOldGen: 4274292K(4489216K)->4339380K(4489216K)
[29.300s][info][gc,metaspace   ] GC(238) Metaspace: 6298K(6464K)->6298K(6464K) NonClass: 5765K(5824K)->5765K(5824K) Class: 533K(640K)->533K(640K)
[29.300s][info][gc             ] GC(238) Pause Young (Allocation Failure) 4300M->4300M(4645M) 81.575ms
[29.300s][info][gc,cpu         ] GC(238) User=0.30s Sys=0.08s Real=0.08s
[29.378s][info][gc,start       ] GC(239) Pause Young (Allocation Failure)
[29.458s][info][gc,heap        ] GC(239) PSYoungGen: 136384K(267264K)->71936K(272384K) Eden: 71680K(71680K)->0K(71680K) From: 64704K(195584K)->71936K(200704K)
[29.458s][info][gc,heap        ] GC(239) ParOldGen: 4339380K(4489216K)->4404476K(4489216K)
[29.458s][info][gc,metaspace   ] GC(239) Metaspace: 6298K(6464K)->6298K(6464K) NonClass: 5765K(5824K)->5765K(5824K) Class: 533K(640K)->533K(640K)
[29.458s][info][gc             ] GC(239) Pause Young (Allocation Failure) 4370M->4371M(4650M) 79.784ms
[29.458s][info][gc,cpu         ] GC(239) User=0.48s Sys=0.02s Real=0.08s
[29.458s][info][gc,start       ] GC(240) Pause Full (Ergonomics)
[29.458s][info][gc,phases,start] GC(240) Marking Phase
[30.530s][info][gc,phases      ] GC(240) Marking Phase 1071.906ms
[30.530s][info][gc,phases,start] GC(240) Summary Phase
[30.530s][info][gc,phases      ] GC(240) Summary Phase 0.095ms
[30.530s][info][gc,phases,start] GC(240) Adjust Roots
[30.530s][info][gc,phases      ] GC(240) Adjust Roots 0.187ms
[30.530s][info][gc,phases,start] GC(240) Compaction Phase
[30.972s][info][gc,phases      ] GC(240) Compaction Phase 441.751ms
[30.972s][info][gc,phases,start] GC(240) Post Compact
[30.981s][info][gc,phases      ] GC(240) Post Compact 9.045ms
[30.983s][info][gc,heap        ] GC(240) PSYoungGen: 71936K(272384K)->0K(273408K) Eden: 0K(71680K)->0K(79360K) From: 71936K(200704K)->0K(194048K)
[30.983s][info][gc,heap        ] GC(240) ParOldGen: 4404476K(4489216K)->4472791K(4939776K)
[30.983s][info][gc,metaspace   ] GC(240) Metaspace: 6298K(6464K)->6298K(6464K) NonClass: 5765K(5824K)->5765K(5824K) Class: 533K(640K)->533K(640K)
[30.983s][info][gc             ] GC(240) Pause Full (Ergonomics) 4371M->4367M(5091M) 1524.791ms
[30.983s][info][gc,cpu         ] GC(240) User=10.47s Sys=0.03s Real=1.52s
[31.077s][info][gc,start       ] GC(241) Pause Young (Allocation Failure)
[31.144s][info][gc,heap        ] GC(241) PSYoungGen: 79360K(273408K)->79616K(159232K) Eden: 79360K(79360K)->0K(79360K) From: 0K(194048K)->79616K(79872K)
[31.145s][info][gc,heap        ] GC(241) ParOldGen: 4472791K(4939776K)->4472791K(4939776K)
[31.145s][info][gc,metaspace   ] GC(241) Metaspace: 6298K(6464K)->6298K(6464K) NonClass: 5765K(5824K)->5765K(5824K) Class: 533K(640K)->533K(640K)
[31.145s][info][gc             ] GC(241) Pause Young (Allocation Failure) 4445M->4445M(4979M) 67.320ms
[31.145s][info][gc,cpu         ] GC(241) User=0.22s Sys=0.00s Real=0.07s
[31.238s][info][gc,start       ] GC(242) Pause Young (Allocation Failure)
[31.336s][info][gc,heap        ] GC(242) PSYoungGen: 158976K(159232K)->159136K(256000K) Eden: 79360K(79360K)->0K(70144K) From: 79616K(79872K)->159136K(185856K)
[31.336s][info][gc,heap        ] GC(242) ParOldGen: 4472791K(4939776K)->4472791K(4939776K)
[31.336s][info][gc,metaspace   ] GC(242) Metaspace: 6298K(6464K)->6298K(6464K) NonClass: 5765K(5824K)->5765K(5824K) Class: 533K(640K)->533K(640K)
[31.336s][info][gc             ] GC(242) Pause Young (Allocation Failure) 4523M->4523M(5074M) 97.840ms
[31.336s][info][gc,cpu         ] GC(242) User=0.55s Sys=0.00s Real=0.10s
[31.420s][info][gc,start       ] GC(243) Pause Young (Allocation Failure)
[31.557s][info][gc,heap        ] GC(243) PSYoungGen: 229280K(256000K)->201728K(271872K) Eden: 70144K(70144K)->0K(70144K) From: 159136K(185856K)->201728K(201728K)
[31.557s][info][gc,heap        ] GC(243) ParOldGen: 4472791K(4939776K)->4500527K(4939776K)
[31.557s][info][gc,metaspace   ] GC(243) Metaspace: 6298K(6464K)->6298K(6464K) NonClass: 5765K(5824K)->5765K(5824K) Class: 533K(640K)->533K(640K)
[31.557s][info][gc             ] GC(243) Pause Young (Allocation Failure) 4591M->4592M(5089M) 137.112ms
[31.557s][info][gc,cpu         ] GC(243) User=0.78s Sys=0.02s Real=0.14s
[31.639s][info][gc,start       ] GC(244) Pause Young (Allocation Failure)
[31.791s][info][gc,heap        ] GC(244) PSYoungGen: 271872K(271872K)->129824K(306176K) Eden: 70144K(70144K)->0K(77824K) From: 201728K(201728K)->129824K(228352K)
[31.791s][info][gc,heap        ] GC(244) ParOldGen: 4500527K(4939776K)->4643823K(4939776K)
[31.791s][info][gc,metaspace   ] GC(244) Metaspace: 6298K(6464K)->6298K(6464K) NonClass: 5765K(5824K)->5765K(5824K) Class: 533K(640K)->533K(640K)
[31.791s][info][gc             ] GC(244) Pause Young (Allocation Failure) 4660M->4661M(5123M) 151.738ms
[31.791s][info][gc,cpu         ] GC(244) User=1.00s Sys=0.08s Real=0.15s
[31.881s][info][gc,start       ] GC(245) Pause Young (Allocation Failure)
[31.999s][info][gc,heap        ] GC(245) PSYoungGen: 207648K(306176K)->148320K(311808K) Eden: 77824K(77824K)->0K(77824K) From: 129824K(228352K)->148320K(233984K)
[32.000s][info][gc,heap        ] GC(245) ParOldGen: 4643823K(4939776K)->4703719K(4939776K)
[32.000s][info][gc,metaspace   ] GC(245) Metaspace: 6298K(6464K)->6298K(6464K) NonClass: 5765K(5824K)->5765K(5824K) Class: 533K(640K)->533K(640K)
[32.000s][info][gc             ] GC(245) Pause Young (Allocation Failure) 4737M->4738M(5128M) 118.889ms
[32.000s][info][gc,cpu         ] GC(245) User=0.86s Sys=0.00s Real=0.12s
[32.085s][info][gc,start       ] GC(246) Pause Young (Allocation Failure)
[32.208s][info][gc,heap        ] GC(246) PSYoungGen: 226144K(311808K)->156032K(318464K) Eden: 77824K(77824K)->0K(83456K) From: 148320K(233984K)->156032K(235008K)
[32.208s][info][gc,heap        ] GC(246) ParOldGen: 4703719K(4939776K)->4774495K(4939776K)
[32.208s][info][gc,metaspace   ] GC(246) Metaspace: 6298K(6464K)->6298K(6464K) NonClass: 5765K(5824K)->5765K(5824K) Class: 533K(640K)->533K(640K)
[32.208s][info][gc             ] GC(246) Pause Young (Allocation Failure) 4814M->4814M(5135M) 123.222ms
[32.208s][info][gc,cpu         ] GC(246) User=0.92s Sys=0.02s Real=0.12s
[32.306s][info][gc,start       ] GC(247) Pause Young (Allocation Failure)
[32.441s][info][gc,heap        ] GC(247) PSYoungGen: 239488K(318464K)->161664K(321536K) Eden: 83456K(83456K)->0K(83456K) From: 156032K(235008K)->161664K(238080K)
[32.441s][info][gc,heap        ] GC(247) ParOldGen: 4774495K(4939776K)->4853039K(4939776K)
[32.441s][info][gc,metaspace   ] GC(247) Metaspace: 6298K(6464K)->6298K(6464K) NonClass: 5765K(5824K)->5765K(5824K) Class: 533K(640K)->533K(640K)
[32.441s][info][gc             ] GC(247) Pause Young (Allocation Failure) 4896M->4897M(5138M) 135.296ms
[32.441s][info][gc,cpu         ] GC(247) User=0.86s Sys=0.02s Real=0.14s
[32.441s][info][gc,start       ] GC(248) Pause Full (Ergonomics)
[32.441s][info][gc,phases,start] GC(248) Marking Phase
[33.634s][info][gc,phases      ] GC(248) Marking Phase 1192.583ms
[33.634s][info][gc,phases,start] GC(248) Summary Phase
[33.634s][info][gc,phases      ] GC(248) Summary Phase 0.086ms
[33.634s][info][gc,phases,start] GC(248) Adjust Roots
[33.634s][info][gc,phases      ] GC(248) Adjust Roots 0.226ms
[33.634s][info][gc,phases,start] GC(248) Compaction Phase
[34.075s][info][gc,phases      ] GC(248) Compaction Phase 441.175ms
[34.075s][info][gc,phases,start] GC(248) Post Compact
[34.083s][info][gc,phases      ] GC(248) Post Compact 7.654ms
[34.085s][info][gc,heap        ] GC(248) PSYoungGen: 161664K(321536K)->71281K(321536K) Eden: 0K(83456K)->0K(83456K) From: 161664K(238080K)->71281K(238080K)
[34.085s][info][gc,heap        ] GC(248) ParOldGen: 4853039K(4939776K)->4939392K(5468672K)
[34.085s][info][gc,metaspace   ] GC(248) Metaspace: 6298K(6464K)->6298K(6464K) NonClass: 5765K(5824K)->5765K(5824K) Class: 533K(640K)->533K(640K)
[34.085s][info][gc             ] GC(248) Pause Full (Ergonomics) 4897M->4893M(5654M) 1643.861ms
[34.085s][info][gc,cpu         ] GC(248) User=12.28s Sys=0.06s Real=1.64s
[34.188s][info][gc,start       ] GC(249) Pause Young (Allocation Failure)
[34.507s][info][gc,heap        ] GC(249) PSYoungGen: 154737K(321536K)->114560K(310272K) Eden: 83456K(83456K)->0K(91136K) From: 71281K(238080K)->114560K(219136K)
[34.508s][info][gc,heap        ] GC(249) ParOldGen: 4939392K(5468672K)->4980328K(5468672K)
[34.508s][info][gc,metaspace   ] GC(249) Metaspace: 6298K(6464K)->6298K(6464K) NonClass: 5765K(5824K)->5765K(5824K) Class: 533K(640K)->533K(640K)
[34.508s][info][gc             ] GC(249) Pause Young (Allocation Failure) 4974M->4975M(5643M) 319.878ms
[34.508s][info][gc,cpu         ] GC(249) User=2.00s Sys=0.03s Real=0.32s
[34.607s][info][gc,start       ] GC(250) Pause Young (Allocation Failure)
[34.728s][info][gc,heap        ] GC(250) PSYoungGen: 205696K(310272K)->205856K(322560K) Eden: 91136K(91136K)->0K(91136K) From: 114560K(219136K)->205856K(231424K)
[34.728s][info][gc,heap        ] GC(250) ParOldGen: 4980328K(5468672K)->4980328K(5468672K)
[34.728s][info][gc,metaspace   ] GC(250) Metaspace: 6298K(6464K)->6298K(6464K) NonClass: 5765K(5824K)->5765K(5824K) Class: 533K(640K)->533K(640K)
[34.728s][info][gc             ] GC(250) Pause Young (Allocation Failure) 5064M->5064M(5655M) 121.612ms
[34.728s][info][gc,cpu         ] GC(250) User=0.75s Sys=0.00s Real=0.12s
[34.832s][info][gc,start       ] GC(251) Pause Young (Allocation Failure)
[35.009s][info][gc,heap        ] GC(251) PSYoungGen: 296992K(322560K)->251392K(302592K) Eden: 91136K(91136K)->0K(51200K) From: 205856K(231424K)->251392K(251392K)
[35.009s][info][gc,heap        ] GC(251) ParOldGen: 4980328K(5468672K)->5026312K(5468672K)
[35.009s][info][gc,metaspace   ] GC(251) Metaspace: 6298K(6464K)->6298K(6464K) NonClass: 5765K(5824K)->5765K(5824K) Class: 533K(640K)->533K(640K)
[35.009s][info][gc             ] GC(251) Pause Young (Allocation Failure) 5153M->5154M(5636M) 177.005ms
[35.009s][info][gc,cpu         ] GC(251) User=1.22s Sys=0.12s Real=0.18s
[35.069s][info][gc,start       ] GC(252) Pause Young (Allocation Failure)
[35.236s][info][gc,heap        ] GC(252) PSYoungGen: 302592K(302592K)->210976K(351744K) Eden: 51200K(51200K)->0K(51200K) From: 251392K(251392K)->210976K(300544K)
[35.236s][info][gc,heap        ] GC(252) ParOldGen: 5026312K(5468672K)->5118840K(5468672K)
[35.236s][info][gc,metaspace   ] GC(252) Metaspace: 6298K(6464K)->6298K(6464K) NonClass: 5765K(5824K)->5765K(5824K) Class: 533K(640K)->533K(640K)
[35.236s][info][gc             ] GC(252) Pause Young (Allocation Failure) 5204M->5204M(5684M) 167.234ms
[35.236s][info][gc,cpu         ] GC(252) User=1.34s Sys=0.00s Real=0.17s
[35.295s][info][gc,start       ] GC(253) Pause Young (Allocation Failure)
[35.448s][info][gc,heap        ] GC(253) PSYoungGen: 262176K(351744K)->179072K(353792K) Eden: 51200K(51200K)->0K(57856K) From: 210976K(300544K)->179072K(295936K)
[35.448s][info][gc,heap        ] GC(253) ParOldGen: 5118840K(5468672K)->5202640K(5468672K)
[35.448s][info][gc,metaspace   ] GC(253) Metaspace: 6298K(6464K)->6298K(6464K) NonClass: 5765K(5824K)->5765K(5824K) Class: 533K(640K)->533K(640K)
[35.448s][info][gc             ] GC(253) Pause Young (Allocation Failure) 5254M->5255M(5686M) 152.177ms
[35.448s][info][gc,cpu         ] GC(253) User=1.02s Sys=0.03s Real=0.15s
[35.517s][info][gc,start       ] GC(254) Pause Young (Allocation Failure)
[35.651s][info][gc,heap        ] GC(254) PSYoungGen: 236928K(353792K)->160704K(218624K) Eden: 57856K(57856K)->0K(57856K) From: 179072K(295936K)->160704K(160768K)
[35.651s][info][gc,heap        ] GC(254) ParOldGen: 5202640K(5468672K)->5279584K(5468672K)
[35.651s][info][gc,metaspace   ] GC(254) Metaspace: 6298K(6464K)->6298K(6464K) NonClass: 5765K(5824K)->5765K(5824K) Class: 533K(640K)->533K(640K)
[35.651s][info][gc             ] GC(254) Pause Young (Allocation Failure) 5312M->5312M(5554M) 133.896ms
[35.651s][info][gc,cpu         ] GC(254) User=0.81s Sys=0.03s Real=0.13s
[35.722s][info][gc,start       ] GC(255) Pause Young (Allocation Failure)
[35.858s][info][gc,heap        ] GC(255) PSYoungGen: 218560K(218624K)->116000K(342528K) Eden: 57856K(57856K)->0K(65536K) From: 160704K(160768K)->116000K(276992K)
[35.858s][info][gc,heap        ] GC(255) ParOldGen: 5279584K(5468672K)->5382880K(5468672K)
[35.858s][info][gc,metaspace   ] GC(255) Metaspace: 6298K(6464K)->6298K(6464K) NonClass: 5765K(5824K)->5765K(5824K) Class: 533K(640K)->533K(640K)
[35.858s][info][gc             ] GC(255) Pause Young (Allocation Failure) 5369M->5370M(5675M) 135.866ms
[35.858s][info][gc,cpu         ] GC(255) User=0.78s Sys=0.03s Real=0.14s
[35.858s][info][gc,start       ] GC(256) Pause Full (Ergonomics)
[35.858s][info][gc,phases,start] GC(256) Marking Phase
[37.126s][info][gc,phases      ] GC(256) Marking Phase 1267.345ms
[37.126s][info][gc,phases,start] GC(256) Summary Phase
[37.126s][info][gc,phases      ] GC(256) Summary Phase 0.068ms
[37.126s][info][gc,phases,start] GC(256) Adjust Roots
[37.126s][info][gc,phases      ] GC(256) Adjust Roots 0.187ms
[37.126s][info][gc,phases,start] GC(256) Compaction Phase
[37.607s][info][gc,phases      ] GC(256) Compaction Phase 481.093ms
[37.607s][info][gc,phases,start] GC(256) Post Compact
[37.617s][info][gc,phases      ] GC(256) Post Compact 9.595ms
[37.619s][info][gc,heap        ] GC(256) PSYoungGen: 116000K(342528K)->25714K(348672K) Eden: 0K(65536K)->0K(71680K) From: 116000K(276992K)->25714K(276992K)
[37.619s][info][gc,heap        ] GC(256) ParOldGen: 5382880K(5468672K)->5468582K(6055424K)
[37.619s][info][gc,metaspace   ] GC(256) Metaspace: 6298K(6464K)->6298K(6464K) NonClass: 5765K(5824K)->5765K(5824K) Class: 533K(640K)->533K(640K)
[37.619s][info][gc             ] GC(256) Pause Full (Ergonomics) 5370M->5365M(6254M) 1760.873ms
[37.619s][info][gc,cpu         ] GC(256) User=13.27s Sys=0.09s Real=1.76s
[37.704s][info][gc,start       ] GC(257) Pause Young (Allocation Failure)
[38.010s][info][gc,heap        ] GC(257) PSYoungGen: 97394K(348672K)->71936K(354816K) Eden: 71680K(71680K)->0K(71680K) From: 25714K(276992K)->71936K(283136K)
[38.010s][info][gc,heap        ] GC(257) ParOldGen: 5468582K(6055424K)->5494558K(6055424K)
[38.010s][info][gc,metaspace   ] GC(257) Metaspace: 6298K(6464K)->6298K(6464K) NonClass: 5765K(5824K)->5765K(5824K) Class: 533K(640K)->533K(640K)
[38.010s][info][gc             ] GC(257) Pause Young (Allocation Failure) 5435M->5436M(6260M) 305.837ms
[38.010s][info][gc,cpu         ] GC(257) User=1.75s Sys=0.00s Real=0.31s
[38.088s][info][gc,start       ] GC(258) Pause Young (Allocation Failure)
[38.177s][info][gc,heap        ] GC(258) PSYoungGen: 143616K(354816K)->71936K(360960K) Eden: 71680K(71680K)->0K(79360K) From: 71936K(283136K)->71936K(281600K)
[38.177s][info][gc,heap        ] GC(258) ParOldGen: 5494558K(6055424K)->5566894K(6055424K)
[38.177s][info][gc,metaspace   ] GC(258) Metaspace: 6298K(6464K)->6298K(6464K) NonClass: 5765K(5824K)->5765K(5824K) Class: 533K(640K)->533K(640K)
[38.178s][info][gc             ] GC(258) Pause Young (Allocation Failure) 5506M->5506M(6266M) 89.883ms
[38.178s][info][gc,cpu         ] GC(258) User=0.52s Sys=0.08s Real=0.09s
[38.277s][info][gc,start       ] GC(259) Pause Young (Allocation Failure)
[38.372s][info][gc,heap        ] GC(259) PSYoungGen: 151296K(360960K)->79584K(361984K) Eden: 79360K(79360K)->0K(79360K) From: 71936K(281600K)->79584K(282624K)
[38.372s][info][gc,heap        ] GC(259) ParOldGen: 5566894K(6055424K)->5639222K(6055424K)
[38.372s][info][gc,metaspace   ] GC(259) Metaspace: 6298K(6464K)->6298K(6464K) NonClass: 5765K(5824K)->5765K(5824K) Class: 533K(640K)->533K(640K)
[38.372s][info][gc             ] GC(259) Pause Young (Allocation Failure) 5584M->5584M(6267M) 95.116ms
[38.372s][info][gc,cpu         ] GC(259) User=0.55s Sys=0.08s Real=0.10s
[39.586s][info][gc,start       ] GC(260) Pause Young (Allocation Failure)
[39.818s][info][gc,heap        ] GC(260) PSYoungGen: 158944K(361984K)->79680K(352256K) Eden: 79360K(79360K)->0K(86528K) From: 79584K(282624K)->79680K(265728K)
[39.818s][info][gc,heap        ] GC(260) ParOldGen: 5901366K(6055424K)->5981446K(6055424K)
[39.818s][info][gc,metaspace   ] GC(260) Metaspace: 6298K(6464K)->6298K(6464K) NonClass: 5765K(5824K)->5765K(5824K) Class: 533K(640K)->533K(640K)
[39.818s][info][gc             ] GC(260) Pause Young (Allocation Failure) 5918M->5919M(6257M) 232.020ms
[39.818s][info][gc,cpu         ] GC(260) User=1.11s Sys=0.02s Real=0.23s
[39.818s][info][gc,start       ] GC(261) Pause Full (Ergonomics)
[39.818s][info][gc,phases,start] GC(261) Marking Phase
[41.162s][info][gc,phases      ] GC(261) Marking Phase 1343.922ms
[41.162s][info][gc,phases,start] GC(261) Summary Phase
[41.162s][info][gc,phases      ] GC(261) Summary Phase 0.116ms
[41.163s][info][gc,phases,start] GC(261) Adjust Roots
[41.163s][info][gc,phases      ] GC(261) Adjust Roots 0.187ms
[41.163s][info][gc,phases,start] GC(261) Compaction Phase
[42.074s][info][gc,phases      ] GC(261) Compaction Phase 911.014ms
[42.074s][info][gc,phases,start] GC(261) Post Compact
[42.083s][info][gc,phases      ] GC(261) Post Compact 9.663ms
[42.085s][info][gc,heap        ] GC(261) PSYoungGen: 79680K(352256K)->0K(358912K) Eden: 0K(86528K)->0K(86528K) From: 79680K(265728K)->0K(272384K)
[42.085s][info][gc,heap        ] GC(261) ParOldGen: 5981446K(6055424K)->5927309K(6560256K)
[42.085s][info][gc,metaspace   ] GC(261) Metaspace: 6298K(6464K)->6298K(6464K) NonClass: 5765K(5824K)->5765K(5824K) Class: 533K(640K)->533K(640K)
[42.085s][info][gc             ] GC(261) Pause Full (Ergonomics) 5919M->5788M(6757M) 2266.931ms
[42.085s][info][gc,cpu         ] GC(261) User=15.48s Sys=0.02s Real=2.27s
[42.178s][info][gc,start       ] GC(262) Pause Young (Allocation Failure)
[42.269s][info][gc,heap        ] GC(262) PSYoungGen: 86528K(358912K)->86848K(348672K) Eden: 86528K(86528K)->0K(93184K) From: 0K(272384K)->86848K(255488K)
[42.269s][info][gc,heap        ] GC(262) ParOldGen: 5927309K(6560256K)->5927309K(6560256K)
[42.269s][info][gc,metaspace   ] GC(262) Metaspace: 6298K(6464K)->6298K(6464K) NonClass: 5765K(5824K)->5765K(5824K) Class: 533K(640K)->533K(640K)
[42.269s][info][gc             ] GC(262) Pause Young (Allocation Failure) 5872M->5873M(6747M) 90.681ms
[42.269s][info][gc,cpu         ] GC(262) User=0.22s Sys=0.00s Real=0.09s
[42.370s][info][gc,start       ] GC(263) Pause Young (Allocation Failure)
[42.490s][info][gc,heap        ] GC(263) PSYoungGen: 180032K(348672K)->180160K(357888K) Eden: 93184K(93184K)->0K(93184K) From: 86848K(255488K)->180160K(264704K)
[42.490s][info][gc,heap        ] GC(263) ParOldGen: 5927309K(6560256K)->5927309K(6560256K)
[42.490s][info][gc,metaspace   ] GC(263) Metaspace: 6298K(6464K)->6298K(6464K) NonClass: 5765K(5824K)->5765K(5824K) Class: 533K(640K)->533K(640K)
[42.490s][info][gc             ] GC(263) Pause Young (Allocation Failure) 5964M->5964M(6756M) 119.618ms
[42.490s][info][gc,cpu         ] GC(263) User=0.31s Sys=0.00s Real=0.12s
[42.587s][info][gc,start       ] GC(264) Pause Young (Allocation Failure)
[42.733s][info][gc,heap        ] GC(264) PSYoungGen: 273344K(357888K)->271360K(333312K) Eden: 93184K(93184K)->0K(61952K) From: 180160K(264704K)->271360K(271360K)
[42.733s][info][gc,heap        ] GC(264) ParOldGen: 5927309K(6560256K)->5929373K(6560256K)
[42.733s][info][gc,metaspace   ] GC(264) Metaspace: 6298K(6464K)->6298K(6464K) NonClass: 5765K(5824K)->5765K(5824K) Class: 533K(640K)->533K(640K)
[42.733s][info][gc             ] GC(264) Pause Young (Allocation Failure) 6055M->6055M(6732M) 146.187ms
[42.733s][info][gc,cpu         ] GC(264) User=0.53s Sys=0.00s Real=0.15s
[42.797s][info][gc,start       ] GC(265) Pause Young (Allocation Failure)
[42.963s][info][gc,heap        ] GC(265) PSYoungGen: 333312K(333312K)->247648K(372736K) Eden: 61952K(61952K)->0K(61952K) From: 271360K(271360K)->247648K(310784K)
[42.963s][info][gc,heap        ] GC(265) ParOldGen: 5929373K(6560256K)->6015893K(6560256K)
[42.963s][info][gc,metaspace   ] GC(265) Metaspace: 6298K(6464K)->6298K(6464K) NonClass: 5765K(5824K)->5765K(5824K) Class: 533K(640K)->533K(640K)
[42.964s][info][gc             ] GC(265) Pause Young (Allocation Failure) 6115M->6116M(6770M) 166.109ms
[42.964s][info][gc,cpu         ] GC(265) User=0.86s Sys=0.06s Real=0.17s
[43.029s][info][gc,start       ] GC(266) Pause Young (Allocation Failure)
[43.186s][info][gc,heap        ] GC(266) PSYoungGen: 309600K(372736K)->216864K(395776K) Eden: 61952K(61952K)->0K(62976K) From: 247648K(310784K)->216864K(332800K)
[43.186s][info][gc,heap        ] GC(266) ParOldGen: 6015893K(6560256K)->6109405K(6560256K)
[43.186s][info][gc,metaspace   ] GC(266) Metaspace: 6298K(6464K)->6298K(6464K) NonClass: 5765K(5824K)->5765K(5824K) Class: 533K(640K)->533K(640K)
[43.186s][info][gc             ] GC(266) Pause Young (Allocation Failure) 6177M->6177M(6793M) 156.911ms
[43.186s][info][gc,cpu         ] GC(266) User=0.78s Sys=0.02s Real=0.16s
[43.250s][info][gc,start       ] GC(267) Pause Young (Allocation Failure)
[43.396s][info][gc,heap        ] GC(267) PSYoungGen: 279840K(395776K)->187328K(401408K) Eden: 62976K(62976K)->0K(62976K) From: 216864K(332800K)->187328K(338432K)
[43.396s][info][gc,heap        ] GC(267) ParOldGen: 6109405K(6560256K)->6202701K(6560256K)
[43.396s][info][gc,metaspace   ] GC(267) Metaspace: 6298K(6464K)->6298K(6464K) NonClass: 5765K(5824K)->5765K(5824K) Class: 533K(640K)->533K(640K)
[43.396s][info][gc             ] GC(267) Pause Young (Allocation Failure) 6239M->6240M(6798M) 145.646ms
[43.396s][info][gc,cpu         ] GC(267) User=0.56s Sys=0.02s Real=0.15s
[43.462s][info][gc,start       ] GC(268) Pause Young (Allocation Failure)
[43.601s][info][gc,heap        ] GC(268) PSYoungGen: 250304K(401408K)->126304K(380928K) Eden: 62976K(62976K)->0K(71168K) From: 187328K(338432K)->126304K(309760K)
[43.601s][info][gc,heap        ] GC(268) ParOldGen: 6202701K(6560256K)->6327693K(6560256K)
[43.601s][info][gc,metaspace   ] GC(268) Metaspace: 6298K(6464K)->6298K(6464K) NonClass: 5765K(5824K)->5765K(5824K) Class: 533K(640K)->533K(640K)
[43.601s][info][gc             ] GC(268) Pause Young (Allocation Failure) 6301M->6302M(6778M) 138.749ms
[43.601s][info][gc,cpu         ] GC(268) User=0.53s Sys=0.00s Real=0.14s
[43.687s][info][gc,start       ] GC(269) Pause Young (Allocation Failure)
[43.818s][info][gc,heap        ] GC(269) PSYoungGen: 197472K(380928K)->71392K(391168K) Eden: 71168K(71168K)->0K(71168K) From: 126304K(309760K)->71392K(320000K)
[43.818s][info][gc,heap        ] GC(269) ParOldGen: 6327693K(6560256K)->6454757K(6560256K)
[43.818s][info][gc,metaspace   ] GC(269) Metaspace: 6298K(6464K)->6298K(6464K) NonClass: 5765K(5824K)->5765K(5824K) Class: 533K(640K)->533K(640K)
[43.818s][info][gc             ] GC(269) Pause Young (Allocation Failure) 6372M->6373M(6788M) 130.999ms
[43.818s][info][gc,cpu         ] GC(269) User=0.39s Sys=0.03s Real=0.13s
[43.818s][info][gc,start       ] GC(270) Pause Full (Ergonomics)
[43.818s][info][gc,phases,start] GC(270) Marking Phase
[45.315s][info][gc,phases      ] GC(270) Marking Phase 1496.795ms
[45.315s][info][gc,phases,start] GC(270) Summary Phase
[45.315s][info][gc,phases      ] GC(270) Summary Phase 0.108ms
[45.315s][info][gc,phases,start] GC(270) Adjust Roots
[45.316s][info][gc,phases      ] GC(270) Adjust Roots 0.167ms
[45.316s][info][gc,phases,start] GC(270) Compaction Phase
[45.986s][info][gc,phases      ] GC(270) Compaction Phase 670.336ms
[45.986s][info][gc,phases,start] GC(270) Post Compact
[45.995s][info][gc,phases      ] GC(270) Post Compact 9.428ms
[45.998s][info][gc,heap        ] GC(270) PSYoungGen: 71392K(391168K)->0K(399360K) Eden: 0K(71168K)->0K(80384K) From: 71392K(320000K)->0K(318976K)
[45.998s][info][gc,heap        ] GC(270) ParOldGen: 6454757K(6560256K)->6520980K(7251968K)
[45.998s][info][gc,metaspace   ] GC(270) Metaspace: 6298K(6464K)->6298K(6464K) NonClass: 5765K(5824K)->5765K(5824K) Class: 533K(640K)->533K(640K)
[45.998s][info][gc             ] GC(270) Pause Full (Ergonomics) 6373M->6368M(7472M) 2179.265ms
[45.998s][info][gc,cpu         ] GC(270) User=15.38s Sys=0.02s Real=2.18s
[46.079s][info][gc,start       ] GC(271) Pause Young (Allocation Failure)
[46.164s][info][gc,heap        ] GC(271) PSYoungGen: 80384K(399360K)->80672K(399360K) Eden: 80384K(80384K)->0K(80384K) From: 0K(318976K)->80672K(318976K)
[46.164s][info][gc,heap        ] GC(271) ParOldGen: 6520980K(7251968K)->6520980K(7251968K)
[46.164s][info][gc,metaspace   ] GC(271) Metaspace: 6298K(6464K)->6298K(6464K) NonClass: 5765K(5824K)->5765K(5824K) Class: 533K(640K)->533K(640K)
[46.164s][info][gc             ] GC(271) Pause Young (Allocation Failure) 6446M->6446M(7472M) 84.573ms
[46.164s][info][gc,cpu         ] GC(271) User=0.17s Sys=0.02s Real=0.08s
[46.248s][info][gc,start       ] GC(272) Pause Young (Allocation Failure)
[46.360s][info][gc,heap        ] GC(272) PSYoungGen: 161056K(399360K)->161152K(382464K) Eden: 80384K(80384K)->0K(88576K) From: 80672K(318976K)->161152K(293888K)
[46.360s][info][gc,heap        ] GC(272) ParOldGen: 6520980K(7251968K)->6520980K(7251968K)
[46.360s][info][gc,metaspace   ] GC(272) Metaspace: 6298K(6464K)->6298K(6464K) NonClass: 5765K(5824K)->5765K(5824K) Class: 533K(640K)->533K(640K)
[46.360s][info][gc             ] GC(272) Pause Young (Allocation Failure) 6525M->6525M(7455M) 112.400ms
[46.360s][info][gc,cpu         ] GC(272) User=0.28s Sys=0.00s Real=0.11s
[46.462s][info][gc,start       ] GC(273) Pause Young (Allocation Failure)
[46.602s][info][gc,heap        ] GC(273) PSYoungGen: 249728K(382464K)->169312K(392192K) Eden: 88576K(88576K)->0K(88576K) From: 161152K(293888K)->169312K(303616K)
[46.602s][info][gc,heap        ] GC(273) ParOldGen: 6520980K(7251968K)->6602108K(7251968K)
[46.602s][info][gc,metaspace   ] GC(273) Metaspace: 6298K(6464K)->6298K(6464K) NonClass: 5765K(5824K)->5765K(5824K) Class: 533K(640K)->533K(640K)
[46.602s][info][gc             ] GC(273) Pause Young (Allocation Failure) 6612M->6612M(7465M) 140.132ms
[46.602s][info][gc,cpu         ] GC(273) User=0.59s Sys=0.02s Real=0.14s
[46.694s][info][gc,start       ] GC(274) Pause Young (Allocation Failure)
[46.841s][info][gc,heap        ] GC(274) PSYoungGen: 257888K(392192K)->177568K(388096K) Eden: 88576K(88576K)->0K(98304K) From: 169312K(303616K)->177568K(289792K)
[46.841s][info][gc,heap        ] GC(274) ParOldGen: 6602108K(7251968K)->6683220K(7251968K)
[46.841s][info][gc,metaspace   ] GC(274) Metaspace: 6298K(6464K)->6298K(6464K) NonClass: 5765K(5824K)->5765K(5824K) Class: 533K(640K)->533K(640K)
[46.841s][info][gc             ] GC(274) Pause Young (Allocation Failure) 6699M->6699M(7461M) 147.565ms
[46.841s][info][gc,cpu         ] GC(274) User=0.80s Sys=0.00s Real=0.15s
[46.955s][info][gc,start       ] GC(275) Pause Young (Allocation Failure)
[47.109s][info][gc,heap        ] GC(275) PSYoungGen: 275872K(388096K)->187328K(391168K) Eden: 98304K(98304K)->0K(98304K) From: 177568K(289792K)->187328K(292864K)
[47.109s][info][gc,heap        ] GC(275) ParOldGen: 6683220K(7251968K)->6772612K(7251968K)
[47.109s][info][gc,metaspace   ] GC(275) Metaspace: 6298K(6464K)->6298K(6464K) NonClass: 5765K(5824K)->5765K(5824K) Class: 533K(640K)->533K(640K)
[47.109s][info][gc             ] GC(275) Pause Young (Allocation Failure) 6795M->6796M(7464M) 153.374ms
[47.109s][info][gc,cpu         ] GC(275) User=0.61s Sys=0.03s Real=0.15s
[47.210s][info][gc,start       ] GC(276) Pause Young (Allocation Failure)
[47.361s][info][gc,heap        ] GC(276) PSYoungGen: 285632K(391168K)->197088K(399872K) Eden: 98304K(98304K)->0K(107520K) From: 187328K(292864K)->197088K(292352K)
[47.361s][info][gc,heap        ] GC(276) ParOldGen: 6772612K(7251968K)->6862004K(7251968K)
[47.361s][info][gc,metaspace   ] GC(276) Metaspace: 6298K(6464K)->6298K(6464K) NonClass: 5765K(5824K)->5765K(5824K) Class: 533K(640K)->533K(640K)
[47.361s][info][gc             ] GC(276) Pause Young (Allocation Failure) 6892M->6893M(7472M) 150.787ms
[47.361s][info][gc,cpu         ] GC(276) User=0.98s Sys=0.09s Real=0.15s
[47.473s][info][gc,start       ] GC(277) Pause Young (Allocation Failure)
[47.635s][info][gc,heap        ] GC(277) PSYoungGen: 304608K(399872K)->206336K(401920K) Eden: 107520K(107520K)->0K(107520K) From: 197088K(292352K)->206336K(294400K)
[47.635s][info][gc,heap        ] GC(277) ParOldGen: 6862004K(7251968K)->6961212K(7251968K)
[47.635s][info][gc,metaspace   ] GC(277) Metaspace: 6298K(6464K)->6298K(6464K) NonClass: 5765K(5824K)->5765K(5824K) Class: 533K(640K)->533K(640K)
[47.635s][info][gc             ] GC(277) Pause Young (Allocation Failure) 6998M->6999M(7474M) 161.290ms
[47.635s][info][gc,cpu         ] GC(277) User=0.80s Sys=0.03s Real=0.16s
[47.751s][info][gc,start       ] GC(278) Pause Young (Allocation Failure)
[47.928s][info][gc,heap        ] GC(278) PSYoungGen: 313856K(401920K)->215584K(412160K) Eden: 107520K(107520K)->0K(113664K) From: 206336K(294400K)->215584K(298496K)
[47.928s][info][gc,heap        ] GC(278) ParOldGen: 6961212K(7251968K)->7060412K(7251968K)
[47.928s][info][gc,metaspace   ] GC(278) Metaspace: 6298K(6464K)->6298K(6464K) NonClass: 5765K(5824K)->5765K(5824K) Class: 533K(640K)->533K(640K)
[47.928s][info][gc             ] GC(278) Pause Young (Allocation Failure) 7104M->7105M(7484M) 176.846ms
[47.928s][info][gc,cpu         ] GC(278) User=0.72s Sys=0.02s Real=0.18s
[48.042s][info][gc,start       ] GC(279) Pause Young (Allocation Failure)
[48.210s][info][gc,heap        ] GC(279) PSYoungGen: 329248K(412160K)->221760K(418304K) Eden: 113664K(113664K)->0K(113664K) From: 215584K(298496K)->221760K(304640K)
[48.210s][info][gc,heap        ] GC(279) ParOldGen: 7060412K(7251968K)->7168900K(7251968K)
[48.210s][info][gc,metaspace   ] GC(279) Metaspace: 6298K(6464K)->6298K(6464K) NonClass: 5765K(5824K)->5765K(5824K) Class: 533K(640K)->533K(640K)
[48.210s][info][gc             ] GC(279) Pause Young (Allocation Failure) 7216M->7217M(7490M) 167.886ms
[48.210s][info][gc,cpu         ] GC(279) User=0.98s Sys=0.05s Real=0.17s
[48.210s][info][gc,start       ] GC(280) Pause Full (Ergonomics)
[48.210s][info][gc,phases,start] GC(280) Marking Phase
[49.933s][info][gc,phases      ] GC(280) Marking Phase 1722.453ms
[49.933s][info][gc,phases,start] GC(280) Summary Phase
[49.933s][info][gc,phases      ] GC(280) Summary Phase 0.090ms
[49.933s][info][gc,phases,start] GC(280) Adjust Roots
[49.933s][info][gc,phases      ] GC(280) Adjust Roots 0.169ms
[49.933s][info][gc,phases,start] GC(280) Compaction Phase
[50.651s][info][gc,phases      ] GC(280) Compaction Phase 717.658ms
[50.651s][info][gc,phases,start] GC(280) Post Compact
[50.662s][info][gc,phases      ] GC(280) Post Compact 11.137ms
[50.665s][info][gc,heap        ] GC(280) PSYoungGen: 221760K(418304K)->132193K(418304K) Eden: 0K(113664K)->0K(113664K) From: 221760K(304640K)->132193K(304640K)
[50.665s][info][gc,heap        ] GC(280) ParOldGen: 7168900K(7251968K)->7251735K(8036864K)
[50.665s][info][gc,metaspace   ] GC(280) Metaspace: 6298K(6464K)->6298K(6464K) NonClass: 5765K(5824K)->5765K(5824K) Class: 533K(640K)->533K(640K)
[50.665s][info][gc             ] GC(280) Pause Full (Ergonomics) 7217M->7210M(8257M) 2454.263ms
[50.665s][info][gc,cpu         ] GC(280) User=17.86s Sys=0.08s Real=2.45s
[50.792s][info][gc,start       ] GC(281) Pause Young (Allocation Failure)
[51.223s][info][gc,heap        ] GC(281) PSYoungGen: 245857K(418304K)->183808K(412672K) Eden: 113664K(113664K)->0K(124928K) From: 132193K(304640K)->183808K(287744K)
[51.223s][info][gc,heap        ] GC(281) ParOldGen: 7251735K(8036864K)->7314927K(8036864K)
[51.223s][info][gc,metaspace   ] GC(281) Metaspace: 6298K(6464K)->6298K(6464K) NonClass: 5765K(5824K)->5765K(5824K) Class: 533K(640K)->533K(640K)
[51.223s][info][gc             ] GC(281) Pause Young (Allocation Failure) 7321M->7322M(8251M) 431.236ms
[51.223s][info][gc,cpu         ] GC(281) User=2.72s Sys=0.02s Real=0.43s
[51.357s][info][gc,start       ] GC(282) Pause Young (Allocation Failure)
[51.525s][info][gc,heap        ] GC(282) PSYoungGen: 308736K(412672K)->300544K(425472K) Eden: 124928K(124928K)->0K(124928K) From: 183808K(287744K)->300544K(300544K)
[51.525s][info][gc,heap        ] GC(282) ParOldGen: 7314927K(8036864K)->7323303K(8036864K)
[51.525s][info][gc,metaspace   ] GC(282) Metaspace: 6298K(6464K)->6298K(6464K) NonClass: 5765K(5824K)->5765K(5824K) Class: 533K(640K)->533K(640K)
[51.525s][info][gc             ] GC(282) Pause Young (Allocation Failure) 7444M->7445M(8264M) 167.840ms
[51.525s][info][gc,cpu         ] GC(282) User=0.92s Sys=0.02s Real=0.17s
[51.663s][info][gc,start       ] GC(283) Pause Young (Allocation Failure)
[51.908s][info][gc,heap        ] GC(283) PSYoungGen: 425472K(425472K)->247744K(468992K) Eden: 124928K(124928K)->0K(131072K) From: 300544K(300544K)->247744K(337920K)
[51.908s][info][gc,heap        ] GC(283) ParOldGen: 7323303K(8036864K)->7502687K(8036864K)
[51.908s][info][gc,metaspace   ] GC(283) Metaspace: 6298K(6464K)->6298K(6464K) NonClass: 5765K(5824K)->5765K(5824K) Class: 533K(640K)->533K(640K)
[51.908s][info][gc             ] GC(283) Pause Young (Allocation Failure) 7567M->7568M(8306M) 245.449ms
[51.908s][info][gc,cpu         ] GC(283) User=1.77s Sys=0.06s Real=0.25s
[52.072s][info][gc,start       ] GC(284) Pause Young (Allocation Failure)
[52.272s][info][gc,heap        ] GC(284) PSYoungGen: 378816K(468992K)->256640K(475648K) Eden: 131072K(131072K)->0K(131072K) From: 247744K(337920K)->256640K(344576K)
[52.272s][info][gc,heap        ] GC(284) ParOldGen: 7502687K(8036864K)->7625959K(8036864K)
[52.272s][info][gc,metaspace   ] GC(284) Metaspace: 6298K(6464K)->6298K(6464K) NonClass: 5765K(5824K)->5765K(5824K) Class: 533K(640K)->533K(640K)
[52.272s][info][gc             ] GC(284) Pause Young (Allocation Failure) 7696M->7697M(8313M) 199.971ms
[52.272s][info][gc,cpu         ] GC(284) User=1.27s Sys=0.12s Real=0.20s
[52.411s][info][gc,start       ] GC(285) Pause Young (Allocation Failure)
[52.613s][info][gc,heap        ] GC(285) PSYoungGen: 387712K(475648K)->262752K(489984K) Eden: 131072K(131072K)->0K(137216K) From: 256640K(344576K)->262752K(352768K)
[52.613s][info][gc,heap        ] GC(285) ParOldGen: 7625959K(8036864K)->7752015K(8036864K)
[52.613s][info][gc,metaspace   ] GC(285) Metaspace: 6298K(6464K)->6298K(6464K) NonClass: 5765K(5824K)->5765K(5824K) Class: 533K(640K)->533K(640K)
[52.613s][info][gc             ] GC(285) Pause Young (Allocation Failure) 7825M->7826M(8327M) 201.798ms
[52.613s][info][gc,cpu         ] GC(285) User=1.38s Sys=0.12s Real=0.20s
[52.760s][info][gc,start       ] GC(286) Pause Young (Allocation Failure)
[52.989s][info][gc,heap        ] GC(286) PSYoungGen: 399968K(489984K)->268928K(498176K) Eden: 137216K(137216K)->0K(137216K) From: 262752K(352768K)->268928K(360960K)
[52.989s][info][gc,heap        ] GC(286) ParOldGen: 7752015K(8036864K)->7884263K(8036864K)
[52.989s][info][gc,metaspace   ] GC(286) Metaspace: 6298K(6464K)->6298K(6464K) NonClass: 5765K(5824K)->5765K(5824K) Class: 533K(640K)->533K(640K)
[52.989s][info][gc             ] GC(286) Pause Young (Allocation Failure) 7960M->7962M(8335M) 229.272ms
[52.989s][info][gc,cpu         ] GC(286) User=1.39s Sys=0.05s Real=0.23s
[52.989s][info][gc,start       ] GC(287) Pause Full (Ergonomics)
[52.989s][info][gc,phases,start] GC(287) Marking Phase
[54.890s][info][gc,phases      ] GC(287) Marking Phase 1900.912ms
[54.890s][info][gc,phases,start] GC(287) Summary Phase
[54.890s][info][gc,phases      ] GC(287) Summary Phase 0.126ms
[54.890s][info][gc,phases,start] GC(287) Adjust Roots
[54.891s][info][gc,phases      ] GC(287) Adjust Roots 0.227ms
[54.891s][info][gc,phases,start] GC(287) Compaction Phase
[55.703s][info][gc,phases      ] GC(287) Compaction Phase 812.336ms
[55.703s][info][gc,phases,start] GC(287) Post Compact
[55.716s][info][gc,phases      ] GC(287) Post Compact 12.796ms
[55.719s][info][gc,heap        ] GC(287) PSYoungGen: 268928K(498176K)->109801K(498176K) Eden: 0K(137216K)->0K(137216K) From: 268928K(360960K)->109801K(360960K)
[55.719s][info][gc,heap        ] GC(287) ParOldGen: 7884263K(8036864K)->8036813K(8931840K)
[55.719s][info][gc,metaspace   ] GC(287) Metaspace: 6298K(6464K)->6298K(6464K) NonClass: 5765K(5824K)->5765K(5824K) Class: 533K(640K)->533K(640K)
[55.719s][info][gc             ] GC(287) Pause Full (Ergonomics) 7962M->7955M(9209M) 2729.603ms
[55.719s][info][gc,cpu         ] GC(287) User=19.53s Sys=0.06s Real=2.73s
[55.863s][info][gc,start       ] GC(288) Pause Young (Allocation Failure)
[56.368s][info][gc,heap        ] GC(288) PSYoungGen: 247017K(498176K)->195424K(489984K) Eden: 137216K(137216K)->0K(150016K) From: 109801K(360960K)->195424K(339968K)
[56.368s][info][gc,heap        ] GC(288) ParOldGen: 8036813K(8931840K)->8089421K(8931840K)
[56.368s][info][gc,metaspace   ] GC(288) Metaspace: 6298K(6464K)->6298K(6464K) NonClass: 5765K(5824K)->5765K(5824K) Class: 533K(640K)->533K(640K)
[56.368s][info][gc             ] GC(288) Pause Young (Allocation Failure) 8089M->8090M(9201M) 504.600ms
[56.368s][info][gc,cpu         ] GC(288) User=3.58s Sys=0.00s Real=0.51s
[56.524s][info][gc,start       ] GC(289) Pause Young (Allocation Failure)
[56.715s][info][gc,heap        ] GC(289) PSYoungGen: 345440K(489984K)->345792K(505856K) Eden: 150016K(150016K)->0K(150016K) From: 195424K(339968K)->345792K(355840K)
[56.715s][info][gc,heap        ] GC(289) ParOldGen: 8089421K(8931840K)->8089421K(8931840K)
[56.715s][info][gc,metaspace   ] GC(289) Metaspace: 6298K(6464K)->6298K(6464K) NonClass: 5765K(5824K)->5765K(5824K) Class: 533K(640K)->533K(640K)
[56.715s][info][gc             ] GC(289) Pause Young (Allocation Failure) 8237M->8237M(9216M) 191.404ms
[56.715s][info][gc,cpu         ] GC(289) User=1.36s Sys=0.00s Real=0.19s
[56.885s][info][gc,start       ] GC(290) Pause Young (Allocation Failure)
[57.151s][info][gc,heap        ] GC(290) PSYoungGen: 495808K(505856K)->391168K(472064K) Eden: 150016K(150016K)->0K(80896K) From: 345792K(355840K)->391168K(391168K)
[57.151s][info][gc,heap        ] GC(290) ParOldGen: 8089421K(8931840K)->8194941K(8931840K)
[57.151s][info][gc,metaspace   ] GC(290) Metaspace: 6298K(6464K)->6298K(6464K) NonClass: 5765K(5824K)->5765K(5824K) Class: 533K(640K)->533K(640K)
[57.151s][info][gc             ] GC(290) Pause Young (Allocation Failure) 8384M->8384M(9183M) 265.679ms
[57.151s][info][gc,cpu         ] GC(290) User=1.70s Sys=0.14s Real=0.27s
[57.231s][info][gc,start       ] GC(291) Pause Young (Allocation Failure)
[57.500s][info][gc,heap        ] GC(291) PSYoungGen: 472064K(472064K)->320672K(556032K) Eden: 80896K(80896K)->0K(80896K) From: 391168K(391168K)->320672K(475136K)
[57.500s][info][gc,heap        ] GC(291) ParOldGen: 8194941K(8931840K)->8347653K(8931840K)
[57.500s][info][gc,metaspace   ] GC(291) Metaspace: 6298K(6464K)->6298K(6464K) NonClass: 5765K(5824K)->5765K(5824K) Class: 533K(640K)->533K(640K)
[57.500s][info][gc             ] GC(291) Pause Young (Allocation Failure) 8463M->8465M(9265M) 269.666ms
[57.500s][info][gc,cpu         ] GC(291) User=1.69s Sys=0.06s Real=0.27s
[57.590s][info][gc,start       ] GC(292) Pause Young (Allocation Failure)
[57.812s][info][gc,heap        ] GC(292) PSYoungGen: 401568K(556032K)->284192K(545280K) Eden: 80896K(80896K)->0K(91136K) From: 320672K(475136K)->284192K(454144K)
[57.812s][info][gc,heap        ] GC(292) ParOldGen: 8347653K(8931840K)->8466013K(8931840K)
[57.812s][info][gc,metaspace   ] GC(292) Metaspace: 6298K(6464K)->6298K(6464K) NonClass: 5765K(5824K)->5765K(5824K) Class: 533K(640K)->533K(640K)
[57.812s][info][gc             ] GC(292) Pause Young (Allocation Failure) 8544M->8545M(9255M) 221.345ms
[57.812s][info][gc,cpu         ] GC(292) User=1.45s Sys=0.09s Real=0.22s
[57.922s][info][gc,start       ] GC(293) Pause Young (Allocation Failure)
[58.141s][info][gc,heap        ] GC(293) PSYoungGen: 375328K(545280K)->172480K(557056K) Eden: 91136K(91136K)->0K(91136K) From: 284192K(454144K)->172480K(465920K)
[58.142s][info][gc,heap        ] GC(293) ParOldGen: 8466013K(8931840K)->8670445K(8931840K)
[58.142s][info][gc,metaspace   ] GC(293) Metaspace: 6298K(6464K)->6298K(6464K) NonClass: 5765K(5824K)->5765K(5824K) Class: 533K(640K)->533K(640K)
[58.142s][info][gc             ] GC(293) Pause Young (Allocation Failure) 8634M->8635M(9266M) 219.069ms
[58.142s][info][gc,cpu         ] GC(293) User=1.34s Sys=0.11s Real=0.22s
[58.241s][info][gc,start       ] GC(294) Pause Young (Allocation Failure)
[58.403s][info][gc,heap        ] GC(294) PSYoungGen: 263616K(557056K)->91456K(557568K) Eden: 91136K(91136K)->0K(96768K) From: 172480K(465920K)->91456K(460800K)
[58.403s][info][gc,heap        ] GC(294) ParOldGen: 8670445K(8931840K)->8843981K(8931840K)
[58.403s][info][gc,metaspace   ] GC(294) Metaspace: 6298K(6464K)->6298K(6464K) NonClass: 5765K(5824K)->5765K(5824K) Class: 533K(640K)->533K(640K)
[58.403s][info][gc             ] GC(294) Pause Young (Allocation Failure) 8724M->8726M(9267M) 162.001ms
[58.403s][info][gc,cpu         ] GC(294) User=1.12s Sys=0.08s Real=0.16s
[58.403s][info][gc,start       ] GC(295) Pause Full (Ergonomics)
[58.403s][info][gc,phases,start] GC(295) Marking Phase
[60.563s][info][gc,phases      ] GC(295) Marking Phase 2159.877ms
[60.563s][info][gc,phases,start] GC(295) Summary Phase
[60.563s][info][gc,phases      ] GC(295) Summary Phase 0.144ms
[60.563s][info][gc,phases,start] GC(295) Adjust Roots
[60.563s][info][gc,phases      ] GC(295) Adjust Roots 0.226ms
[60.563s][info][gc,phases,start] GC(295) Compaction Phase
[61.462s][info][gc,phases      ] GC(295) Compaction Phase 898.949ms
[61.462s][info][gc,phases,start] GC(295) Post Compact
[61.476s][info][gc,phases      ] GC(295) Post Compact 13.726ms
[61.479s][info][gc,heap        ] GC(295) PSYoungGen: 91456K(557568K)->0K(563712K) Eden: 0K(96768K)->0K(96768K) From: 91456K(460800K)->0K(466944K)
[61.479s][info][gc,heap        ] GC(295) ParOldGen: 8843981K(8931840K)->8927715K(9938432K)
[61.479s][info][gc,metaspace   ] GC(295) Metaspace: 6298K(6464K)->6298K(6464K) NonClass: 5765K(5824K)->5765K(5824K) Class: 533K(640K)->533K(640K)
[61.479s][info][gc             ] GC(295) Pause Full (Ergonomics) 8726M->8718M(10256M) 3076.284ms
[61.479s][info][gc,cpu         ] GC(295) User=21.47s Sys=0.16s Real=3.08s
[61.589s][info][gc,start       ] GC(296) Pause Young (Allocation Failure)
[61.685s][info][gc,heap        ] GC(296) PSYoungGen: 96768K(563712K)->97056K(572928K) Eden: 96768K(96768K)->0K(106496K) From: 0K(466944K)->97056K(466432K)
[61.685s][info][gc,heap        ] GC(296) ParOldGen: 8927715K(9938432K)->8927715K(9938432K)
[61.685s][info][gc,metaspace   ] GC(296) Metaspace: 6298K(6464K)->6298K(6464K) NonClass: 5765K(5824K)->5765K(5824K) Class: 533K(640K)->533K(640K)
[61.685s][info][gc             ] GC(296) Pause Young (Allocation Failure) 8812M->8813M(10265M) 96.536ms
[61.685s][info][gc,cpu         ] GC(296) User=0.31s Sys=0.00s Real=0.10s
[61.798s][info][gc,start       ] GC(297) Pause Young (Allocation Failure)
[61.951s][info][gc,heap        ] GC(297) PSYoungGen: 203552K(572928K)->203776K(310272K) Eden: 106496K(106496K)->0K(106496K) From: 97056K(466432K)->203776K(203776K)
[61.951s][info][gc,heap        ] GC(297) ParOldGen: 8927715K(9938432K)->8927715K(9938432K)
[61.951s][info][gc,metaspace   ] GC(297) Metaspace: 6298K(6464K)->6298K(6464K) NonClass: 5765K(5824K)->5765K(5824K) Class: 533K(640K)->533K(640K)
[61.951s][info][gc             ] GC(297) Pause Young (Allocation Failure) 8917M->8917M(10008M) 152.901ms
[61.951s][info][gc,cpu         ] GC(297) User=0.52s Sys=0.00s Real=0.15s
[62.095s][info][gc,start       ] GC(298) Pause Young (Allocation Failure)
[62.276s][info][gc,heap        ] GC(298) PSYoungGen: 310272K(310272K)->213504K(521728K) Eden: 106496K(106496K)->0K(117760K) From: 203776K(203776K)->213504K(403968K)
[62.276s][info][gc,heap        ] GC(298) ParOldGen: 8927715K(9938432K)->9025355K(9938432K)
[62.276s][info][gc,metaspace   ] GC(298) Metaspace: 6298K(6464K)->6298K(6464K) NonClass: 5765K(5824K)->5765K(5824K) Class: 533K(640K)->533K(640K)
[62.276s][info][gc             ] GC(298) Pause Young (Allocation Failure) 9021M->9022M(10215M) 180.840ms
[62.276s][info][gc,cpu         ] GC(298) User=0.78s Sys=0.05s Real=0.18s
[62.405s][info][gc,start       ] GC(299) Pause Young (Allocation Failure)
[62.591s][info][gc,heap        ] GC(299) PSYoungGen: 331264K(521728K)->224800K(343040K) Eden: 117760K(117760K)->0K(117760K) From: 213504K(403968K)->224800K(225280K)
[62.591s][info][gc,heap        ] GC(299) ParOldGen: 9025355K(9938432K)->9132811K(9938432K)
[62.591s][info][gc,metaspace   ] GC(299) Metaspace: 6298K(6464K)->6298K(6464K) NonClass: 5765K(5824K)->5765K(5824K) Class: 533K(640K)->533K(640K)
[62.591s][info][gc             ] GC(299) Pause Young (Allocation Failure) 9137M->9138M(10040M) 185.790ms
[62.591s][info][gc,cpu         ] GC(299) User=1.09s Sys=0.03s Real=0.19s
[62.725s][info][gc,start       ] GC(300) Pause Young (Allocation Failure)
[62.927s][info][gc,heap        ] GC(300) PSYoungGen: 342560K(343040K)->236096K(512512K) Eden: 117760K(117760K)->0K(131072K) From: 224800K(225280K)->236096K(381440K)
[62.927s][info][gc,heap        ] GC(300) ParOldGen: 9132811K(9938432K)->9240259K(9938432K)
[62.927s][info][gc,metaspace   ] GC(300) Metaspace: 6298K(6464K)->6298K(6464K) NonClass: 5765K(5824K)->5765K(5824K) Class: 533K(640K)->533K(640K)
[62.927s][info][gc             ] GC(300) Pause Young (Allocation Failure) 9253M->9254M(10206M) 201.995ms
[62.927s][info][gc,cpu         ] GC(300) User=1.22s Sys=0.02s Real=0.20s
[63.066s][info][gc,start       ] GC(301) Pause Young (Allocation Failure)
[63.270s][info][gc,heap        ] GC(301) PSYoungGen: 367168K(512512K)->249408K(524800K) Eden: 131072K(131072K)->0K(131072K) From: 236096K(381440K)->249408K(393728K)
[63.270s][info][gc,heap        ] GC(301) ParOldGen: 9240259K(9938432K)->9359099K(9938432K)
[63.270s][info][gc,metaspace   ] GC(301) Metaspace: 6298K(6464K)->6298K(6464K) NonClass: 5765K(5824K)->5765K(5824K) Class: 533K(640K)->533K(640K)
[63.270s][info][gc             ] GC(301) Pause Young (Allocation Failure) 9382M->9383M(10218M) 204.735ms
[63.270s][info][gc,cpu         ] GC(301) User=1.36s Sys=0.17s Real=0.20s
[63.414s][info][gc,start       ] GC(302) Pause Young (Allocation Failure)
[63.626s][info][gc,heap        ] GC(302) PSYoungGen: 380480K(524800K)->262784K(528896K) Eden: 131072K(131072K)->0K(146432K) From: 249408K(393728K)->262784K(382464K)
[63.626s][info][gc,heap        ] GC(302) ParOldGen: 9359099K(9938432K)->9477923K(9938432K)
[63.626s][info][gc,metaspace   ] GC(302) Metaspace: 6298K(6464K)->6298K(6464K) NonClass: 5765K(5824K)->5765K(5824K) Class: 533K(640K)->533K(640K)
[63.626s][info][gc             ] GC(302) Pause Young (Allocation Failure) 9511M->9512M(10222M) 212.277ms
[63.626s][info][gc,cpu         ] GC(302) User=1.38s Sys=0.08s Real=0.21s
[63.784s][info][gc,start       ] GC(303) Pause Young (Allocation Failure)
[64.014s][info][gc,heap        ] GC(303) PSYoungGen: 409216K(528896K)->278144K(530944K) Eden: 146432K(146432K)->0K(146432K) From: 262784K(382464K)->278144K(384512K)
[64.014s][info][gc,heap        ] GC(303) ParOldGen: 9477923K(9938432K)->9610187K(9938432K)
[64.014s][info][gc,metaspace   ] GC(303) Metaspace: 6298K(6464K)->6298K(6464K) NonClass: 5765K(5824K)->5765K(5824K) Class: 533K(640K)->533K(640K)
[64.014s][info][gc             ] GC(303) Pause Young (Allocation Failure) 9655M->9656M(10224M) 230.422ms
[64.014s][info][gc,cpu         ] GC(303) User=1.41s Sys=0.06s Real=0.23s
[64.182s][info][gc,start       ] GC(304) Pause Young (Allocation Failure)
[64.429s][info][gc,heap        ] GC(304) PSYoungGen: 424576K(530944K)->293600K(544768K) Eden: 146432K(146432K)->0K(157184K) From: 278144K(384512K)->293600K(387584K)
[64.429s][info][gc,heap        ] GC(304) ParOldGen: 9610187K(9938432K)->9742443K(9938432K)
[64.429s][info][gc,metaspace   ] GC(304) Metaspace: 6298K(6464K)->6298K(6464K) NonClass: 5765K(5824K)->5765K(5824K) Class: 533K(640K)->533K(640K)
[64.429s][info][gc             ] GC(304) Pause Young (Allocation Failure) 9799M->9800M(10237M) 246.670ms
[64.429s][info][gc,cpu         ] GC(304) User=1.62s Sys=0.09s Real=0.25s
[64.429s][info][gc,start       ] GC(305) Pause Full (Ergonomics)
[64.429s][info][gc,phases,start] GC(305) Marking Phase
[66.837s][info][gc,phases      ] GC(305) Marking Phase 2408.605ms
[66.838s][info][gc,phases,start] GC(305) Summary Phase
[66.838s][info][gc,phases      ] GC(305) Summary Phase 0.170ms
[66.838s][info][gc,phases,start] GC(305) Adjust Roots
[66.838s][info][gc,phases      ] GC(305) Adjust Roots 0.313ms
[66.838s][info][gc,phases,start] GC(305) Compaction Phase
[67.957s][info][gc,phases      ] GC(305) Compaction Phase 1118.811ms
[67.957s][info][gc,phases,start] GC(305) Post Compact
[67.976s][info][gc,phases      ] GC(305) Post Compact 18.390ms
[67.978s][info][gc,heap        ] GC(305) PSYoungGen: 293600K(544768K)->89442K(544768K) Eden: 0K(157184K)->0K(157184K) From: 293600K(387584K)->89442K(387584K)
[67.978s][info][gc,heap        ] GC(305) ParOldGen: 9742443K(9938432K)->9938268K(10649600K)
[67.978s][info][gc,metaspace   ] GC(305) Metaspace: 6298K(6464K)->6298K(6464K) NonClass: 5765K(5824K)->5765K(5824K) Class: 533K(640K)->533K(640K)
[67.978s][info][gc             ] GC(305) Pause Full (Ergonomics) 9800M->9792M(10932M) 3548.934ms
[67.978s][info][gc,cpu         ] GC(305) User=24.39s Sys=0.14s Real=3.55s
[68.157s][info][gc,start       ] GC(306) Pause Young (Allocation Failure)
[68.779s][info][gc,heap        ] GC(306) PSYoungGen: 246626K(544768K)->196256K(551424K) Eden: 157184K(157184K)->0K(157184K) From: 89442K(387584K)->196256K(394240K)
[68.779s][info][gc,heap        ] GC(306) ParOldGen: 9938268K(10649600K)->9989596K(10649600K)
[68.779s][info][gc,metaspace   ] GC(306) Metaspace: 6298K(6464K)->6298K(6464K) NonClass: 5765K(5824K)->5765K(5824K) Class: 533K(640K)->533K(640K)
[68.779s][info][gc             ] GC(306) Pause Young (Allocation Failure) 9946M->9947M(10938M) 622.835ms
[68.779s][info][gc,cpu         ] GC(306) User=3.98s Sys=0.05s Real=0.62s
[68.950s][info][gc,start       ] GC(307) Pause Young (Allocation Failure)
[69.172s][info][gc,heap        ] GC(307) PSYoungGen: 353440K(551424K)->353888K(529408K) Eden: 157184K(157184K)->0K(143360K) From: 196256K(394240K)->353888K(386048K)
[69.172s][info][gc,heap        ] GC(307) ParOldGen: 9989596K(10649600K)->9989596K(10649600K)
[69.172s][info][gc,metaspace   ] GC(307) Metaspace: 6298K(6464K)->6298K(6464K) NonClass: 5765K(5824K)->5765K(5824K) Class: 533K(640K)->533K(640K)
[69.172s][info][gc             ] GC(307) Pause Young (Allocation Failure) 10100M->10101M(10917M) 222.009ms
[69.172s][info][gc,cpu         ] GC(307) User=1.50s Sys=0.00s Real=0.22s
[69.326s][info][gc,start       ] GC(308) Pause Young (Allocation Failure)
[69.626s][info][gc,heap        ] GC(308) PSYoungGen: 497248K(529408K)->415232K(558592K) Eden: 143360K(143360K)->0K(143360K) From: 353888K(386048K)->415232K(415232K)
[69.626s][info][gc,heap        ] GC(308) ParOldGen: 9989596K(10649600K)->10072268K(10649600K)
[69.626s][info][gc,metaspace   ] GC(308) Metaspace: 6298K(6464K)->6298K(6464K) NonClass: 5765K(5824K)->5765K(5824K) Class: 533K(640K)->533K(640K)
[69.626s][info][gc             ] GC(308) Pause Young (Allocation Failure) 10241M->10241M(10945M) 300.067ms
[69.626s][info][gc,cpu         ] GC(308) User=1.97s Sys=0.02s Real=0.30s
[69.794s][info][gc,start       ] GC(309) Pause Young (Allocation Failure)
[70.130s][info][gc,heap        ] GC(309) PSYoungGen: 558592K(558592K)->273984K(609280K) Eden: 143360K(143360K)->0K(159744K) From: 415232K(415232K)->273984K(449536K)
[70.130s][info][gc,heap        ] GC(309) ParOldGen: 10072268K(10649600K)->10359316K(10649600K)
[70.130s][info][gc,metaspace   ] GC(309) Metaspace: 6298K(6464K)->6298K(6464K) NonClass: 5765K(5824K)->5765K(5824K) Class: 533K(640K)->533K(640K)
[70.130s][info][gc             ] GC(309) Pause Young (Allocation Failure) 10381M->10384M(10995M) 336.423ms
[70.130s][info][gc,cpu         ] GC(309) User=2.03s Sys=0.23s Real=0.34s
[70.314s][info][gc,start       ] GC(310) Pause Young (Allocation Failure)
[70.580s][info][gc,heap        ] GC(310) PSYoungGen: 433728K(609280K)->303808K(629760K) Eden: 159744K(159744K)->0K(159744K) From: 273984K(449536K)->303808K(470016K)
[70.580s][info][gc,heap        ] GC(310) ParOldGen: 10359316K(10649600K)->10490380K(10649600K)
[70.580s][info][gc,metaspace   ] GC(310) Metaspace: 6298K(6464K)->6298K(6464K) NonClass: 5765K(5824K)->5765K(5824K) Class: 533K(640K)->533K(640K)
[70.580s][info][gc             ] GC(310) Pause Young (Allocation Failure) 10540M->10541M(11015M) 265.768ms
[70.580s][info][gc,cpu         ] GC(310) User=1.77s Sys=0.05s Real=0.27s
[70.580s][info][gc,start       ] GC(311) Pause Full (Ergonomics)
[70.580s][info][gc,phases,start] GC(311) Marking Phase
[73.229s][info][gc,phases      ] GC(311) Marking Phase 2649.121ms
[73.230s][info][gc,phases,start] GC(311) Summary Phase
[73.230s][info][gc,phases      ] GC(311) Summary Phase 0.118ms
[73.230s][info][gc,phases,start] GC(311) Adjust Roots
[73.230s][info][gc,phases      ] GC(311) Adjust Roots 0.229ms
[73.230s][info][gc,phases,start] GC(311) Compaction Phase
[74.219s][info][gc,phases      ] GC(311) Compaction Phase 989.077ms
[74.219s][info][gc,phases,start] GC(311) Post Compact
[74.236s][info][gc,phases      ] GC(311) Post Compact 17.095ms
[74.236s][info][gc,heap        ] GC(311) PSYoungGen: 303808K(629760K)->138981K(629760K) Eden: 0K(159744K)->0K(159744K) From: 303808K(470016K)->138981K(470016K)
[74.236s][info][gc,heap        ] GC(311) ParOldGen: 10490380K(10649600K)->10649388K(10649600K)
[74.236s][info][gc,metaspace   ] GC(311) Metaspace: 6298K(6464K)->6298K(6464K) NonClass: 5765K(5824K)->5765K(5824K) Class: 533K(640K)->533K(640K)
[74.236s][info][gc             ] GC(311) Pause Full (Ergonomics) 10541M->10535M(11015M) 3656.052ms
[74.236s][info][gc,cpu         ] GC(311) User=26.30s Sys=0.11s Real=3.65s
[74.422s][info][gc,start       ] GC(312) Pause Full (Ergonomics)
[74.422s][info][gc,phases,start] GC(312) Marking Phase
[77.039s][info][gc,phases      ] GC(312) Marking Phase 2616.895ms
[77.039s][info][gc,phases,start] GC(312) Summary Phase
[77.039s][info][gc,phases      ] GC(312) Summary Phase 0.116ms
[77.039s][info][gc,phases,start] GC(312) Adjust Roots
[77.039s][info][gc,phases      ] GC(312) Adjust Roots 0.228ms
[77.039s][info][gc,phases,start] GC(312) Compaction Phase
[77.860s][info][gc,phases      ] GC(312) Compaction Phase 820.515ms
[77.860s][info][gc,phases,start] GC(312) Post Compact
[77.875s][info][gc,phases      ] GC(312) Post Compact 15.030ms
[77.875s][info][gc,heap        ] GC(312) PSYoungGen: 298725K(629760K)->298690K(629760K) Eden: 159744K(159744K)->159708K(159744K) From: 138981K(470016K)->138981K(470016K)
[77.875s][info][gc,heap        ] GC(312) ParOldGen: 10649388K(10649600K)->10649388K(10649600K)
[77.875s][info][gc,metaspace   ] GC(312) Metaspace: 6298K(6464K)->6298K(6464K) NonClass: 5765K(5824K)->5765K(5824K) Class: 533K(640K)->533K(640K)
[77.875s][info][gc             ] GC(312) Pause Full (Ergonomics) 10691M->10691M(11015M) 3453.157ms
[77.875s][info][gc,cpu         ] GC(312) User=25.58s Sys=0.03s Real=3.45s
[77.875s][info][gc,start       ] GC(313) Pause Full (Ergonomics)
[77.875s][info][gc,phases,start] GC(313) Marking Phase
[80.461s][info][gc,phases      ] GC(313) Marking Phase 2585.555ms
[80.461s][info][gc,phases,start] GC(313) Summary Phase
[80.461s][info][gc,phases      ] GC(313) Summary Phase 0.117ms
[80.461s][info][gc,phases,start] GC(313) Adjust Roots
[80.461s][info][gc,phases      ] GC(313) Adjust Roots 0.261ms
[80.461s][info][gc,phases,start] GC(313) Compaction Phase
[81.237s][info][gc,phases      ] GC(313) Compaction Phase 775.592ms
[81.237s][info][gc,phases,start] GC(313) Post Compact
[81.253s][info][gc,phases      ] GC(313) Post Compact 16.461ms
[81.253s][info][gc,heap        ] GC(313) PSYoungGen: 298725K(629760K)->298724K(629760K) Eden: 159744K(159744K)->159743K(159744K) From: 138981K(470016K)->138981K(470016K)
[81.253s][info][gc,heap        ] GC(313) ParOldGen: 10649388K(10649600K)->10649388K(10649600K)
[81.253s][info][gc,metaspace   ] GC(313) Metaspace: 6298K(6464K)->6298K(6464K) NonClass: 5765K(5824K)->5765K(5824K) Class: 533K(640K)->533K(640K)
[81.254s][info][gc             ] GC(313) Pause Full (Ergonomics) 10691M->10691M(11015M) 3378.341ms
[81.254s][info][gc,cpu         ] GC(313) User=25.58s Sys=0.02s Real=3.38s
[81.254s][info][gc,start       ] GC(314) Pause Full (Ergonomics)
[81.254s][info][gc,phases,start] GC(314) Marking Phase
[83.846s][info][gc,phases      ] GC(314) Marking Phase 2592.353ms
[83.846s][info][gc,phases,start] GC(314) Summary Phase
[83.846s][info][gc,phases      ] GC(314) Summary Phase 0.102ms
[83.846s][info][gc,phases,start] GC(314) Adjust Roots
[83.846s][info][gc,phases      ] GC(314) Adjust Roots 0.169ms
[83.846s][info][gc,phases,start] GC(314) Compaction Phase
[84.632s][info][gc,phases      ] GC(314) Compaction Phase 785.349ms
[84.632s][info][gc,phases,start] GC(314) Post Compact
[84.646s][info][gc,phases      ] GC(314) Post Compact 14.560ms
[84.647s][info][gc,heap        ] GC(314) PSYoungGen: 298725K(629760K)->298725K(629760K) Eden: 159743K(159744K)->159743K(159744K) From: 138981K(470016K)->138981K(470016K)
[84.647s][info][gc,heap        ] GC(314) ParOldGen: 10649388K(10649600K)->10649388K(10649600K)
[84.647s][info][gc,metaspace   ] GC(314) Metaspace: 6298K(6464K)->6298K(6464K) NonClass: 5765K(5824K)->5765K(5824K) Class: 533K(640K)->533K(640K)
[84.647s][info][gc             ] GC(314) Pause Full (Ergonomics) 10691M->10691M(11015M) 3392.880ms
[84.647s][info][gc,cpu         ] GC(314) User=25.94s Sys=0.02s Real=3.39s
[84.647s][info][gc,start       ] GC(315) Pause Full (Ergonomics)
[84.647s][info][gc,phases,start] GC(315) Marking Phase
[87.203s][info][gc,phases      ] GC(315) Marking Phase 2556.216ms
[87.203s][info][gc,phases,start] GC(315) Summary Phase
[87.203s][info][gc,phases      ] GC(315) Summary Phase 0.105ms
[87.203s][info][gc,phases,start] GC(315) Adjust Roots
[87.203s][info][gc,phases      ] GC(315) Adjust Roots 0.221ms
[87.203s][info][gc,phases,start] GC(315) Compaction Phase
[87.966s][info][gc,phases      ] GC(315) Compaction Phase 762.807ms
[87.966s][info][gc,phases,start] GC(315) Post Compact
[87.980s][info][gc,phases      ] GC(315) Post Compact 14.127ms
[87.981s][info][gc,heap        ] GC(315) PSYoungGen: 298725K(629760K)->298725K(629760K) Eden: 159744K(159744K)->159744K(159744K) From: 138981K(470016K)->138981K(470016K)
[87.981s][info][gc,heap        ] GC(315) ParOldGen: 10649393K(10649600K)->10649393K(10649600K)
[87.981s][info][gc,metaspace   ] GC(315) Metaspace: 6298K(6464K)->6298K(6464K) NonClass: 5765K(5824K)->5765K(5824K) Class: 533K(640K)->533K(640K)
[87.981s][info][gc             ] GC(315) Pause Full (Ergonomics) 10691M->10691M(11015M) 3333.819ms
[87.981s][info][gc,cpu         ] GC(315) User=25.48s Sys=0.02s Real=3.33s
[87.981s][info][gc,start       ] GC(316) Pause Full (Ergonomics)
[87.981s][info][gc,phases,start] GC(316) Marking Phase
[90.551s][info][gc,phases      ] GC(316) Marking Phase 2569.638ms
[90.551s][info][gc,phases,start] GC(316) Summary Phase
[90.551s][info][gc,phases      ] GC(316) Summary Phase 0.123ms
[90.551s][info][gc,phases,start] GC(316) Adjust Roots
[90.551s][info][gc,phases      ] GC(316) Adjust Roots 0.185ms
[90.551s][info][gc,phases,start] GC(316) Compaction Phase
[91.362s][info][gc,phases      ] GC(316) Compaction Phase 810.933ms
[91.362s][info][gc,phases,start] GC(316) Post Compact
[91.378s][info][gc,phases      ] GC(316) Post Compact 15.781ms
[91.378s][info][gc,heap        ] GC(316) PSYoungGen: 298725K(629760K)->298725K(629760K) Eden: 159744K(159744K)->159744K(159744K) From: 138981K(470016K)->138981K(470016K)
[91.378s][info][gc,heap        ] GC(316) ParOldGen: 10649398K(10649600K)->10649398K(10649600K)
[91.378s][info][gc,metaspace   ] GC(316) Metaspace: 6298K(6464K)->6298K(6464K) NonClass: 5765K(5824K)->5765K(5824K) Class: 533K(640K)->533K(640K)
[91.378s][info][gc             ] GC(316) Pause Full (Ergonomics) 10691M->10691M(11015M) 3397.036ms
[91.378s][info][gc,cpu         ] GC(316) User=25.67s Sys=0.00s Real=3.40s
[91.378s][info][gc,start       ] GC(317) Pause Full (Ergonomics)
[91.378s][info][gc,phases,start] GC(317) Marking Phase
[93.954s][info][gc,phases      ] GC(317) Marking Phase 2576.286ms
[93.955s][info][gc,phases,start] GC(317) Summary Phase
[93.955s][info][gc,phases      ] GC(317) Summary Phase 0.101ms
[93.955s][info][gc,phases,start] GC(317) Adjust Roots
[93.955s][info][gc,phases      ] GC(317) Adjust Roots 0.165ms
[93.955s][info][gc,phases,start] GC(317) Compaction Phase
[94.720s][info][gc,phases      ] GC(317) Compaction Phase 765.133ms
[94.720s][info][gc,phases,start] GC(317) Post Compact
[94.735s][info][gc,phases      ] GC(317) Post Compact 14.688ms
[94.735s][info][gc,heap        ] GC(317) PSYoungGen: 298725K(629760K)->298725K(629760K) Eden: 159744K(159744K)->159744K(159744K) From: 138981K(470016K)->138981K(470016K)
[94.735s][info][gc,heap        ] GC(317) ParOldGen: 10649403K(10649600K)->10649403K(10649600K)
[94.735s][info][gc,metaspace   ] GC(317) Metaspace: 6298K(6464K)->6298K(6464K) NonClass: 5765K(5824K)->5765K(5824K) Class: 533K(640K)->533K(640K)
[94.735s][info][gc             ] GC(317) Pause Full (Ergonomics) 10691M->10691M(11015M) 3356.745ms
[94.735s][info][gc,cpu         ] GC(317) User=25.66s Sys=0.02s Real=3.36s
[94.735s][info][gc,start       ] GC(318) Pause Full (Ergonomics)
[94.735s][info][gc,phases,start] GC(318) Marking Phase
[97.306s][info][gc,phases      ] GC(318) Marking Phase 2571.251ms
[97.306s][info][gc,phases,start] GC(318) Summary Phase
[97.307s][info][gc,phases      ] GC(318) Summary Phase 0.113ms
[97.307s][info][gc,phases,start] GC(318) Adjust Roots
[97.307s][info][gc,phases      ] GC(318) Adjust Roots 0.192ms
[97.307s][info][gc,phases,start] GC(318) Compaction Phase
[98.096s][info][gc,phases      ] GC(318) Compaction Phase 789.139ms
[98.096s][info][gc,phases,start] GC(318) Post Compact
[98.112s][info][gc,phases      ] GC(318) Post Compact 15.995ms
[98.112s][info][gc,heap        ] GC(318) PSYoungGen: 298725K(629760K)->298725K(629760K) Eden: 159744K(159744K)->159744K(159744K) From: 138981K(470016K)->138981K(470016K)
[98.112s][info][gc,heap        ] GC(318) ParOldGen: 10649408K(10649600K)->10649408K(10649600K)
[98.112s][info][gc,metaspace   ] GC(318) Metaspace: 6298K(6464K)->6298K(6464K) NonClass: 5765K(5824K)->5765K(5824K) Class: 533K(640K)->533K(640K)
[98.112s][info][gc             ] GC(318) Pause Full (Ergonomics) 10691M->10691M(11015M) 3377.073ms
[98.112s][info][gc,cpu         ] GC(318) User=25.58s Sys=0.02s Real=3.38s
[98.112s][info][gc,start       ] GC(319) Pause Full (Ergonomics)
[98.112s][info][gc,phases,start] GC(319) Marking Phase
[100.622s][info][gc,phases      ] GC(319) Marking Phase 2509.486ms
[100.622s][info][gc,phases,start] GC(319) Summary Phase
[100.622s][info][gc,phases      ] GC(319) Summary Phase 0.214ms
[100.622s][info][gc,phases,start] GC(319) Adjust Roots
[100.623s][info][gc,phases      ] GC(319) Adjust Roots 0.390ms
[100.623s][info][gc,phases,start] GC(319) Compaction Phase
[101.413s][info][gc,phases      ] GC(319) Compaction Phase 790.754ms
[101.414s][info][gc,phases,start] GC(319) Post Compact
[101.428s][info][gc,phases      ] GC(319) Post Compact 14.620ms
[101.428s][info][gc,heap        ] GC(319) PSYoungGen: 298725K(629760K)->298725K(629760K) Eden: 159744K(159744K)->159744K(159744K) From: 138981K(470016K)->138981K(470016K)
[101.428s][info][gc,heap        ] GC(319) ParOldGen: 10649413K(10649600K)->10649413K(10649600K)
[101.428s][info][gc,metaspace   ] GC(319) Metaspace: 6298K(6464K)->6298K(6464K) NonClass: 5765K(5824K)->5765K(5824K) Class: 533K(640K)->533K(640K)
[101.428s][info][gc             ] GC(319) Pause Full (Ergonomics) 10691M->10691M(11015M) 3315.890ms
[101.428s][info][gc,cpu         ] GC(319) User=25.31s Sys=0.02s Real=3.32s
[101.428s][info][gc,start       ] GC(320) Pause Full (Ergonomics)
[101.429s][info][gc,phases,start] GC(320) Marking Phase
[103.977s][info][gc,phases      ] GC(320) Marking Phase 2548.633ms
[103.977s][info][gc,phases,start] GC(320) Summary Phase
[103.977s][info][gc,phases      ] GC(320) Summary Phase 0.108ms
[103.977s][info][gc,phases,start] GC(320) Adjust Roots
[103.978s][info][gc,phases      ] GC(320) Adjust Roots 0.174ms
[103.978s][info][gc,phases,start] GC(320) Compaction Phase
[104.750s][info][gc,phases      ] GC(320) Compaction Phase 772.664ms
[104.750s][info][gc,phases,start] GC(320) Post Compact
[104.764s][info][gc,phases      ] GC(320) Post Compact 13.905ms
[104.764s][info][gc,heap        ] GC(320) PSYoungGen: 298725K(629760K)->298725K(629760K) Eden: 159744K(159744K)->159744K(159744K) From: 138981K(470016K)->138981K(470016K)
[104.764s][info][gc,heap        ] GC(320) ParOldGen: 10649417K(10649600K)->10649417K(10649600K)
[104.764s][info][gc,metaspace   ] GC(320) Metaspace: 6298K(6464K)->6298K(6464K) NonClass: 5765K(5824K)->5765K(5824K) Class: 533K(640K)->533K(640K)
[104.764s][info][gc             ] GC(320) Pause Full (Ergonomics) 10691M->10691M(11015M) 3335.824ms
[104.764s][info][gc,cpu         ] GC(320) User=25.52s Sys=0.03s Real=3.34s
[104.765s][info][gc,start       ] GC(321) Pause Full (Ergonomics)
[104.765s][info][gc,phases,start] GC(321) Marking Phase
[107.325s][info][gc,phases      ] GC(321) Marking Phase 2560.114ms
[107.325s][info][gc,phases,start] GC(321) Summary Phase
[107.325s][info][gc,phases      ] GC(321) Summary Phase 0.107ms
[107.325s][info][gc,phases,start] GC(321) Adjust Roots
[107.325s][info][gc,phases      ] GC(321) Adjust Roots 0.188ms
[107.325s][info][gc,phases,start] GC(321) Compaction Phase
[108.095s][info][gc,phases      ] GC(321) Compaction Phase 770.377ms
[108.096s][info][gc,phases,start] GC(321) Post Compact
[108.110s][info][gc,phases      ] GC(321) Post Compact 14.803ms
[108.110s][info][gc,heap        ] GC(321) PSYoungGen: 298725K(629760K)->298725K(629760K) Eden: 159744K(159744K)->159744K(159744K) From: 138981K(470016K)->138981K(470016K)
[108.110s][info][gc,heap        ] GC(321) ParOldGen: 10649422K(10649600K)->10649422K(10649600K)
[108.110s][info][gc,metaspace   ] GC(321) Metaspace: 6298K(6464K)->6298K(6464K) NonClass: 5765K(5824K)->5765K(5824K) Class: 533K(640K)->533K(640K)
[108.110s][info][gc             ] GC(321) Pause Full (Ergonomics) 10691M->10691M(11015M) 3345.927ms
[108.110s][info][gc,cpu         ] GC(321) User=25.45s Sys=0.02s Real=3.35s
[108.111s][info][gc,start       ] GC(322) Pause Full (Ergonomics)
[108.111s][info][gc,phases,start] GC(322) Marking Phase
[110.701s][info][gc,phases      ] GC(322) Marking Phase 2590.311ms
[110.701s][info][gc,phases,start] GC(322) Summary Phase
[110.701s][info][gc,phases      ] GC(322) Summary Phase 0.101ms
[110.701s][info][gc,phases,start] GC(322) Adjust Roots
[110.701s][info][gc,phases      ] GC(322) Adjust Roots 0.172ms
[110.701s][info][gc,phases,start] GC(322) Compaction Phase
[111.486s][info][gc,phases      ] GC(322) Compaction Phase 784.776ms
[111.486s][info][gc,phases,start] GC(322) Post Compact
[111.502s][info][gc,phases      ] GC(322) Post Compact 15.591ms
[111.502s][info][gc,heap        ] GC(322) PSYoungGen: 298725K(629760K)->298725K(629760K) Eden: 159744K(159744K)->159744K(159744K) From: 138981K(470016K)->138981K(470016K)
[111.502s][info][gc,heap        ] GC(322) ParOldGen: 10649427K(10649600K)->10649427K(10649600K)
[111.502s][info][gc,metaspace   ] GC(322) Metaspace: 6298K(6464K)->6298K(6464K) NonClass: 5765K(5824K)->5765K(5824K) Class: 533K(640K)->533K(640K)
[111.502s][info][gc             ] GC(322) Pause Full (Ergonomics) 10691M->10691M(11015M) 3391.375ms
[111.502s][info][gc,cpu         ] GC(322) User=25.67s Sys=0.02s Real=3.39s
[111.502s][info][gc,start       ] GC(323) Pause Full (Ergonomics)
[111.502s][info][gc,phases,start] GC(323) Marking Phase
[114.042s][info][gc,phases      ] GC(323) Marking Phase 2539.338ms
[114.042s][info][gc,phases,start] GC(323) Summary Phase
[114.042s][info][gc,phases      ] GC(323) Summary Phase 0.117ms
[114.042s][info][gc,phases,start] GC(323) Adjust Roots
[114.042s][info][gc,phases      ] GC(323) Adjust Roots 0.174ms
[114.042s][info][gc,phases,start] GC(323) Compaction Phase
[114.806s][info][gc,phases      ] GC(323) Compaction Phase 764.443ms
[114.807s][info][gc,phases,start] GC(323) Post Compact
[114.821s][info][gc,phases      ] GC(323) Post Compact 14.499ms
[114.821s][info][gc,heap        ] GC(323) PSYoungGen: 298725K(629760K)->298725K(629760K) Eden: 159744K(159744K)->159744K(159744K) From: 138981K(470016K)->138981K(470016K)
[114.821s][info][gc,heap        ] GC(323) ParOldGen: 10649432K(10649600K)->10649432K(10649600K)
[114.821s][info][gc,metaspace   ] GC(323) Metaspace: 6298K(6464K)->6298K(6464K) NonClass: 5765K(5824K)->5765K(5824K) Class: 533K(640K)->533K(640K)
[114.821s][info][gc             ] GC(323) Pause Full (Ergonomics) 10691M->10691M(11015M) 3318.924ms
[114.821s][info][gc,cpu         ] GC(323) User=25.06s Sys=0.00s Real=3.32s
[114.821s][info][gc,start       ] GC(324) Pause Full (Ergonomics)
[114.821s][info][gc,phases,start] GC(324) Marking Phase
[117.376s][info][gc,phases      ] GC(324) Marking Phase 2554.798ms
[117.376s][info][gc,phases,start] GC(324) Summary Phase
[117.376s][info][gc,phases      ] GC(324) Summary Phase 0.105ms
[117.376s][info][gc,phases,start] GC(324) Adjust Roots
[117.377s][info][gc,phases      ] GC(324) Adjust Roots 0.178ms
[117.377s][info][gc,phases,start] GC(324) Compaction Phase
[118.134s][info][gc,phases      ] GC(324) Compaction Phase 757.063ms
[118.134s][info][gc,phases,start] GC(324) Post Compact
[118.149s][info][gc,phases      ] GC(324) Post Compact 15.207ms
[118.149s][info][gc,heap        ] GC(324) PSYoungGen: 298725K(629760K)->298725K(629760K) Eden: 159744K(159744K)->159744K(159744K) From: 138981K(470016K)->138981K(470016K)
[118.149s][info][gc,heap        ] GC(324) ParOldGen: 10649437K(10649600K)->10649437K(10649600K)
[118.149s][info][gc,metaspace   ] GC(324) Metaspace: 6298K(6464K)->6298K(6464K) NonClass: 5765K(5824K)->5765K(5824K) Class: 533K(640K)->533K(640K)
[118.149s][info][gc             ] GC(324) Pause Full (Ergonomics) 10691M->10691M(11015M) 3327.698ms
[118.149s][info][gc,cpu         ] GC(324) User=25.45s Sys=0.02s Real=3.33s
[118.149s][info][gc,start       ] GC(325) Pause Full (Ergonomics)
[118.149s][info][gc,phases,start] GC(325) Marking Phase
[120.681s][info][gc,phases      ] GC(325) Marking Phase 2531.515ms
[120.681s][info][gc,phases,start] GC(325) Summary Phase
[120.681s][info][gc,phases      ] GC(325) Summary Phase 0.132ms
[120.681s][info][gc,phases,start] GC(325) Adjust Roots
[120.681s][info][gc,phases      ] GC(325) Adjust Roots 0.196ms
[120.681s][info][gc,phases,start] GC(325) Compaction Phase
[121.441s][info][gc,phases      ] GC(325) Compaction Phase 759.108ms
[121.441s][info][gc,phases,start] GC(325) Post Compact
[121.455s][info][gc,phases      ] GC(325) Post Compact 13.911ms
[121.455s][info][gc,heap        ] GC(325) PSYoungGen: 298725K(629760K)->298725K(629760K) Eden: 159744K(159744K)->159744K(159744K) From: 138981K(470016K)->138981K(470016K)
[121.455s][info][gc,heap        ] GC(325) ParOldGen: 10649442K(10649600K)->10649442K(10649600K)
[121.455s][info][gc,metaspace   ] GC(325) Metaspace: 6298K(6464K)->6298K(6464K) NonClass: 5765K(5824K)->5765K(5824K) Class: 533K(640K)->533K(640K)
[121.455s][info][gc             ] GC(325) Pause Full (Ergonomics) 10691M->10691M(11015M) 3305.322ms
[121.455s][info][gc,cpu         ] GC(325) User=25.03s Sys=0.00s Real=3.31s
[121.455s][info][gc,start       ] GC(326) Pause Full (Ergonomics)
[121.455s][info][gc,phases,start] GC(326) Marking Phase
[123.982s][info][gc,phases      ] GC(326) Marking Phase 2526.998ms
[123.982s][info][gc,phases,start] GC(326) Summary Phase
[123.982s][info][gc,phases      ] GC(326) Summary Phase 0.119ms
[123.982s][info][gc,phases,start] GC(326) Adjust Roots
[123.982s][info][gc,phases      ] GC(326) Adjust Roots 0.181ms
[123.982s][info][gc,phases,start] GC(326) Compaction Phase
[124.756s][info][gc,phases      ] GC(326) Compaction Phase 773.456ms
[124.756s][info][gc,phases,start] GC(326) Post Compact
[124.770s][info][gc,phases      ] GC(326) Post Compact 14.233ms
[124.770s][info][gc,heap        ] GC(326) PSYoungGen: 298725K(629760K)->298725K(629760K) Eden: 159744K(159744K)->159744K(159744K) From: 138981K(470016K)->138981K(470016K)
[124.770s][info][gc,heap        ] GC(326) ParOldGen: 10649446K(10649600K)->10649446K(10649600K)
[124.770s][info][gc,metaspace   ] GC(326) Metaspace: 6298K(6464K)->6298K(6464K) NonClass: 5765K(5824K)->5765K(5824K) Class: 533K(640K)->533K(640K)
[124.770s][info][gc             ] GC(326) Pause Full (Ergonomics) 10691M->10691M(11015M) 3315.344ms
[124.770s][info][gc,cpu         ] GC(326) User=25.36s Sys=0.00s Real=3.32s
[124.770s][info][gc,start       ] GC(327) Pause Full (Ergonomics)
[124.770s][info][gc,phases,start] GC(327) Marking Phase
[127.339s][info][gc,phases      ] GC(327) Marking Phase 2568.492ms
[127.339s][info][gc,phases,start] GC(327) Summary Phase
[127.339s][info][gc,phases      ] GC(327) Summary Phase 0.103ms
[127.339s][info][gc,phases,start] GC(327) Adjust Roots
[127.339s][info][gc,phases      ] GC(327) Adjust Roots 0.226ms
[127.339s][info][gc,phases,start] GC(327) Compaction Phase
[128.105s][info][gc,phases      ] GC(327) Compaction Phase 765.889ms
[128.105s][info][gc,phases,start] GC(327) Post Compact
[128.122s][info][gc,phases      ] GC(327) Post Compact 16.874ms
[128.122s][info][gc,heap        ] GC(327) PSYoungGen: 298725K(629760K)->298725K(629760K) Eden: 159744K(159744K)->159744K(159744K) From: 138981K(470016K)->138981K(470016K)
[128.122s][info][gc,heap        ] GC(327) ParOldGen: 10649451K(10649600K)->10649451K(10649600K)
[128.122s][info][gc,metaspace   ] GC(327) Metaspace: 6298K(6464K)->6298K(6464K) NonClass: 5765K(5824K)->5765K(5824K) Class: 533K(640K)->533K(640K)
[128.122s][info][gc             ] GC(327) Pause Full (Ergonomics) 10691M->10691M(11015M) 3351.929ms
[128.122s][info][gc,cpu         ] GC(327) User=25.45s Sys=0.02s Real=3.35s
[128.123s][info][gc,start       ] GC(328) Pause Full (Ergonomics)
[128.123s][info][gc,phases,start] GC(328) Marking Phase
[130.661s][info][gc,phases      ] GC(328) Marking Phase 2538.204ms
[130.661s][info][gc,phases,start] GC(328) Summary Phase
[130.661s][info][gc,phases      ] GC(328) Summary Phase 0.108ms
[130.661s][info][gc,phases,start] GC(328) Adjust Roots
[130.661s][info][gc,phases      ] GC(328) Adjust Roots 0.195ms
[130.661s][info][gc,phases,start] GC(328) Compaction Phase
[131.407s][info][gc,phases      ] GC(328) Compaction Phase 746.122ms
[131.407s][info][gc,phases,start] GC(328) Post Compact
[131.422s][info][gc,phases      ] GC(328) Post Compact 14.914ms
[131.422s][info][gc,heap        ] GC(328) PSYoungGen: 298725K(629760K)->298725K(629760K) Eden: 159744K(159744K)->159744K(159744K) From: 138981K(470016K)->138981K(470016K)
[131.422s][info][gc,heap        ] GC(328) ParOldGen: 10649456K(10649600K)->10649456K(10649600K)
[131.422s][info][gc,metaspace   ] GC(328) Metaspace: 6298K(6464K)->6298K(6464K) NonClass: 5765K(5824K)->5765K(5824K) Class: 533K(640K)->533K(640K)
[131.422s][info][gc             ] GC(328) Pause Full (Ergonomics) 10691M->10691M(11015M) 3299.903ms
[131.422s][info][gc,cpu         ] GC(328) User=25.25s Sys=0.03s Real=3.30s
[131.423s][info][gc,start       ] GC(329) Pause Full (Ergonomics)
[131.423s][info][gc,phases,start] GC(329) Marking Phase
[133.967s][info][gc,phases      ] GC(329) Marking Phase 2544.425ms
[133.967s][info][gc,phases,start] GC(329) Summary Phase
[133.967s][info][gc,phases      ] GC(329) Summary Phase 0.101ms
[133.967s][info][gc,phases,start] GC(329) Adjust Roots
[133.967s][info][gc,phases      ] GC(329) Adjust Roots 0.162ms
[133.967s][info][gc,phases,start] GC(329) Compaction Phase
[134.712s][info][gc,phases      ] GC(329) Compaction Phase 744.284ms
[134.712s][info][gc,phases,start] GC(329) Post Compact
[134.726s][info][gc,phases      ] GC(329) Post Compact 14.089ms
[134.726s][info][gc,heap        ] GC(329) PSYoungGen: 298725K(629760K)->298725K(629760K) Eden: 159744K(159744K)->159744K(159744K) From: 138981K(470016K)->138981K(470016K)
[134.726s][info][gc,heap        ] GC(329) ParOldGen: 10649461K(10649600K)->10649461K(10649600K)
[134.726s][info][gc,metaspace   ] GC(329) Metaspace: 6298K(6464K)->6298K(6464K) NonClass: 5765K(5824K)->5765K(5824K) Class: 533K(640K)->533K(640K)
[134.726s][info][gc             ] GC(329) Pause Full (Ergonomics) 10691M->10691M(11015M) 3303.421ms
[134.726s][info][gc,cpu         ] GC(329) User=25.11s Sys=0.00s Real=3.30s
[134.726s][info][gc,start       ] GC(330) Pause Full (Ergonomics)
[134.726s][info][gc,phases,start] GC(330) Marking Phase
[137.296s][info][gc,phases      ] GC(330) Marking Phase 2569.870ms
[137.296s][info][gc,phases,start] GC(330) Summary Phase
[137.296s][info][gc,phases      ] GC(330) Summary Phase 0.099ms
[137.296s][info][gc,phases,start] GC(330) Adjust Roots
[137.297s][info][gc,phases      ] GC(330) Adjust Roots 0.189ms
[137.297s][info][gc,phases,start] GC(330) Compaction Phase
[138.050s][info][gc,phases      ] GC(330) Compaction Phase 753.379ms
[138.050s][info][gc,phases,start] GC(330) Post Compact
[138.066s][info][gc,phases      ] GC(330) Post Compact 16.002ms
[138.066s][info][gc,heap        ] GC(330) PSYoungGen: 298725K(629760K)->298725K(629760K) Eden: 159744K(159744K)->159744K(159744K) From: 138981K(470016K)->138981K(470016K)
[138.066s][info][gc,heap        ] GC(330) ParOldGen: 10649466K(10649600K)->10649466K(10649600K)
[138.066s][info][gc,metaspace   ] GC(330) Metaspace: 6298K(6464K)->6298K(6464K) NonClass: 5765K(5824K)->5765K(5824K) Class: 533K(640K)->533K(640K)
[138.066s][info][gc             ] GC(330) Pause Full (Ergonomics) 10691M->10691M(11015M) 3339.891ms
[138.066s][info][gc,cpu         ] GC(330) User=25.27s Sys=0.02s Real=3.34s
[138.066s][info][gc,start       ] GC(331) Pause Full (Ergonomics)
[138.066s][info][gc,phases,start] GC(331) Marking Phase
[140.583s][info][gc,phases      ] GC(331) Marking Phase 2516.924ms
[140.583s][info][gc,phases,start] GC(331) Summary Phase
[140.584s][info][gc,phases      ] GC(331) Summary Phase 0.138ms
[140.584s][info][gc,phases,start] GC(331) Adjust Roots
[140.584s][info][gc,phases      ] GC(331) Adjust Roots 0.166ms
[140.584s][info][gc,phases,start] GC(331) Compaction Phase
[141.312s][info][gc,phases      ] GC(331) Compaction Phase 728.164ms
[141.312s][info][gc,phases,start] GC(331) Post Compact
[141.326s][info][gc,phases      ] GC(331) Post Compact 13.813ms
[141.326s][info][gc,heap        ] GC(331) PSYoungGen: 298725K(629760K)->298725K(629760K) Eden: 159744K(159744K)->159744K(159744K) From: 138981K(470016K)->138981K(470016K)
[141.326s][info][gc,heap        ] GC(331) ParOldGen: 10649471K(10649600K)->10649471K(10649600K)
[141.326s][info][gc,metaspace   ] GC(331) Metaspace: 6298K(6464K)->6298K(6464K) NonClass: 5765K(5824K)->5765K(5824K) Class: 533K(640K)->533K(640K)
[141.326s][info][gc             ] GC(331) Pause Full (Ergonomics) 10691M->10691M(11015M) 3259.545ms
[141.326s][info][gc,cpu         ] GC(331) User=24.89s Sys=0.02s Real=3.26s
[141.326s][info][gc,start       ] GC(332) Pause Full (Ergonomics)
[141.326s][info][gc,phases,start] GC(332) Marking Phase
[143.871s][info][gc,phases      ] GC(332) Marking Phase 2544.756ms
[143.871s][info][gc,phases,start] GC(332) Summary Phase
[143.871s][info][gc,phases      ] GC(332) Summary Phase 0.104ms
[143.871s][info][gc,phases,start] GC(332) Adjust Roots
[143.871s][info][gc,phases      ] GC(332) Adjust Roots 0.218ms
[143.871s][info][gc,phases,start] GC(332) Compaction Phase
[144.612s][info][gc,phases      ] GC(332) Compaction Phase 740.878ms
[144.612s][info][gc,phases,start] GC(332) Post Compact
[144.628s][info][gc,phases      ] GC(332) Post Compact 15.287ms
[144.628s][info][gc,heap        ] GC(332) PSYoungGen: 298725K(629760K)->298725K(629760K) Eden: 159744K(159744K)->159744K(159744K) From: 138981K(470016K)->138981K(470016K)
[144.628s][info][gc,heap        ] GC(332) ParOldGen: 10649475K(10649600K)->10649475K(10649600K)
[144.628s][info][gc,metaspace   ] GC(332) Metaspace: 6298K(6464K)->6298K(6464K) NonClass: 5765K(5824K)->5765K(5824K) Class: 533K(640K)->533K(640K)
[144.628s][info][gc             ] GC(332) Pause Full (Ergonomics) 10691M->10691M(11015M) 3301.584ms
[144.628s][info][gc,cpu         ] GC(332) User=25.19s Sys=0.02s Real=3.30s
[144.628s][info][gc,start       ] GC(333) Pause Full (Ergonomics)
[144.628s][info][gc,phases,start] GC(333) Marking Phase
[147.187s][info][gc,phases      ] GC(333) Marking Phase 2559.359ms
[147.187s][info][gc,phases,start] GC(333) Summary Phase
[147.188s][info][gc,phases      ] GC(333) Summary Phase 0.100ms
[147.188s][info][gc,phases,start] GC(333) Adjust Roots
[147.188s][info][gc,phases      ] GC(333) Adjust Roots 0.166ms
[147.188s][info][gc,phases,start] GC(333) Compaction Phase
[147.937s][info][gc,phases      ] GC(333) Compaction Phase 749.010ms
[147.937s][info][gc,phases,start] GC(333) Post Compact
[147.952s][info][gc,phases      ] GC(333) Post Compact 15.208ms
[147.952s][info][gc,heap        ] GC(333) PSYoungGen: 298725K(629760K)->298725K(629760K) Eden: 159744K(159744K)->159744K(159744K) From: 138981K(470016K)->138981K(470016K)
[147.952s][info][gc,heap        ] GC(333) ParOldGen: 10649480K(10649600K)->10649480K(10649600K)
[147.952s][info][gc,metaspace   ] GC(333) Metaspace: 6298K(6464K)->6298K(6464K) NonClass: 5765K(5824K)->5765K(5824K) Class: 533K(640K)->533K(640K)
[147.952s][info][gc             ] GC(333) Pause Full (Ergonomics) 10691M->10691M(11015M) 3324.204ms
[147.952s][info][gc,cpu         ] GC(333) User=25.02s Sys=0.03s Real=3.32s
[147.952s][info][gc,start       ] GC(334) Pause Full (Ergonomics)
[147.952s][info][gc,phases,start] GC(334) Marking Phase
[150.508s][info][gc,phases      ] GC(334) Marking Phase 2555.670ms
[150.508s][info][gc,phases,start] GC(334) Summary Phase
[150.508s][info][gc,phases      ] GC(334) Summary Phase 0.107ms
[150.508s][info][gc,phases,start] GC(334) Adjust Roots
[150.508s][info][gc,phases      ] GC(334) Adjust Roots 0.165ms
[150.509s][info][gc,phases,start] GC(334) Compaction Phase
[151.245s][info][gc,phases      ] GC(334) Compaction Phase 736.899ms
[151.245s][info][gc,phases,start] GC(334) Post Compact
[151.260s][info][gc,phases      ] GC(334) Post Compact 14.038ms
[151.260s][info][gc,heap        ] GC(334) PSYoungGen: 298725K(629760K)->298725K(629760K) Eden: 159744K(159744K)->159744K(159744K) From: 138981K(470016K)->138981K(470016K)
[151.260s][info][gc,heap        ] GC(334) ParOldGen: 10649485K(10649600K)->10649485K(10649600K)
[151.260s][info][gc,metaspace   ] GC(334) Metaspace: 6298K(6464K)->6298K(6464K) NonClass: 5765K(5824K)->5765K(5824K) Class: 533K(640K)->533K(640K)
[151.260s][info][gc             ] GC(334) Pause Full (Ergonomics) 10691M->10691M(11015M) 3307.231ms
[151.260s][info][gc,cpu         ] GC(334) User=24.97s Sys=0.02s Real=3.31s
[151.260s][info][gc,start       ] GC(335) Pause Full (Ergonomics)
[151.260s][info][gc,phases,start] GC(335) Marking Phase
[153.818s][info][gc,phases      ] GC(335) Marking Phase 2558.085ms
[153.818s][info][gc,phases,start] GC(335) Summary Phase
[153.818s][info][gc,phases      ] GC(335) Summary Phase 0.101ms
[153.818s][info][gc,phases,start] GC(335) Adjust Roots
[153.818s][info][gc,phases      ] GC(335) Adjust Roots 0.162ms
[153.818s][info][gc,phases,start] GC(335) Compaction Phase
[154.553s][info][gc,phases      ] GC(335) Compaction Phase 734.208ms
[154.553s][info][gc,phases,start] GC(335) Post Compact
[154.568s][info][gc,phases      ] GC(335) Post Compact 15.147ms
[154.568s][info][gc,heap        ] GC(335) PSYoungGen: 298725K(629760K)->298725K(629760K) Eden: 159744K(159744K)->159744K(159744K) From: 138981K(470016K)->138981K(470016K)
[154.568s][info][gc,heap        ] GC(335) ParOldGen: 10649490K(10649600K)->10649490K(10649600K)
[154.568s][info][gc,metaspace   ] GC(335) Metaspace: 6298K(6464K)->6298K(6464K) NonClass: 5765K(5824K)->5765K(5824K) Class: 533K(640K)->533K(640K)
[154.568s][info][gc             ] GC(335) Pause Full (Ergonomics) 10691M->10691M(11015M) 3308.041ms
[154.568s][info][gc,cpu         ] GC(335) User=25.12s Sys=0.03s Real=3.31s
[154.568s][info][gc,start       ] GC(336) Pause Full (Ergonomics)
[154.568s][info][gc,phases,start] GC(336) Marking Phase
[157.116s][info][gc,phases      ] GC(336) Marking Phase 2547.493ms
[157.116s][info][gc,phases,start] GC(336) Summary Phase
[157.116s][info][gc,phases      ] GC(336) Summary Phase 0.106ms
[157.116s][info][gc,phases,start] GC(336) Adjust Roots
[157.116s][info][gc,phases      ] GC(336) Adjust Roots 0.170ms
[157.116s][info][gc,phases,start] GC(336) Compaction Phase
[157.831s][info][gc,phases      ] GC(336) Compaction Phase 714.755ms
[157.831s][info][gc,phases,start] GC(336) Post Compact
[157.845s][info][gc,phases      ] GC(336) Post Compact 14.557ms
[157.845s][info][gc,heap        ] GC(336) PSYoungGen: 298725K(629760K)->298725K(629760K) Eden: 159744K(159744K)->159744K(159744K) From: 138981K(470016K)->138981K(470016K)
[157.846s][info][gc,heap        ] GC(336) ParOldGen: 10649495K(10649600K)->10649495K(10649600K)
[157.846s][info][gc,metaspace   ] GC(336) Metaspace: 6298K(6464K)->6298K(6464K) NonClass: 5765K(5824K)->5765K(5824K) Class: 533K(640K)->533K(640K)
[157.846s][info][gc             ] GC(336) Pause Full (Ergonomics) 10691M->10691M(11015M) 3277.425ms
[157.846s][info][gc,cpu         ] GC(336) User=25.08s Sys=0.03s Real=3.28s
[157.846s][info][gc,start       ] GC(337) Pause Full (Ergonomics)
[157.846s][info][gc,phases,start] GC(337) Marking Phase
[160.386s][info][gc,phases      ] GC(337) Marking Phase 2539.742ms
[160.386s][info][gc,phases,start] GC(337) Summary Phase
[160.386s][info][gc,phases      ] GC(337) Summary Phase 0.151ms
[160.386s][info][gc,phases,start] GC(337) Adjust Roots
[160.386s][info][gc,phases      ] GC(337) Adjust Roots 0.344ms
[160.386s][info][gc,phases,start] GC(337) Compaction Phase
[161.144s][info][gc,phases      ] GC(337) Compaction Phase 758.273ms
[161.144s][info][gc,phases,start] GC(337) Post Compact
[161.160s][info][gc,phases      ] GC(337) Post Compact 15.674ms
[161.160s][info][gc,heap        ] GC(337) PSYoungGen: 298725K(629760K)->298725K(629760K) Eden: 159744K(159744K)->159744K(159744K) From: 138981K(470016K)->138981K(470016K)
[161.160s][info][gc,heap        ] GC(337) ParOldGen: 10649500K(10649600K)->10649500K(10649600K)
[161.160s][info][gc,metaspace   ] GC(337) Metaspace: 6298K(6464K)->6298K(6464K) NonClass: 5765K(5824K)->5765K(5824K) Class: 533K(640K)->533K(640K)
[161.160s][info][gc             ] GC(337) Pause Full (Ergonomics) 10691M->10691M(11015M) 3314.535ms
[161.160s][info][gc,cpu         ] GC(337) User=25.12s Sys=0.02s Real=3.32s
[161.160s][info][gc,start       ] GC(338) Pause Full (Ergonomics)
[161.161s][info][gc,phases,start] GC(338) Marking Phase
[163.678s][info][gc,phases      ] GC(338) Marking Phase 2517.600ms
[163.678s][info][gc,phases,start] GC(338) Summary Phase
[163.678s][info][gc,phases      ] GC(338) Summary Phase 0.141ms
[163.678s][info][gc,phases,start] GC(338) Adjust Roots
[163.679s][info][gc,phases      ] GC(338) Adjust Roots 0.217ms
[163.679s][info][gc,phases,start] GC(338) Compaction Phase
[164.432s][info][gc,phases      ] GC(338) Compaction Phase 753.856ms
[164.433s][info][gc,phases,start] GC(338) Post Compact
[164.449s][info][gc,phases      ] GC(338) Post Compact 16.047ms
[164.449s][info][gc,heap        ] GC(338) PSYoungGen: 298725K(629760K)->298725K(629760K) Eden: 159744K(159744K)->159744K(159744K) From: 138981K(470016K)->138981K(470016K)
[164.449s][info][gc,heap        ] GC(338) ParOldGen: 10649504K(10649600K)->10649504K(10649600K)
[164.449s][info][gc,metaspace   ] GC(338) Metaspace: 6298K(6464K)->6298K(6464K) NonClass: 5765K(5824K)->5765K(5824K) Class: 533K(640K)->533K(640K)
[164.449s][info][gc             ] GC(338) Pause Full (Ergonomics) 10691M->10691M(11015M) 3288.237ms
[164.449s][info][gc,cpu         ] GC(338) User=24.62s Sys=0.02s Real=3.29s
[164.449s][info][gc,start       ] GC(339) Pause Full (Ergonomics)
[164.449s][info][gc,phases,start] GC(339) Marking Phase
[166.972s][info][gc,phases      ] GC(339) Marking Phase 2522.738ms
[166.972s][info][gc,phases,start] GC(339) Summary Phase
[166.972s][info][gc,phases      ] GC(339) Summary Phase 0.101ms
[166.972s][info][gc,phases,start] GC(339) Adjust Roots
[166.972s][info][gc,phases      ] GC(339) Adjust Roots 0.165ms
[166.972s][info][gc,phases,start] GC(339) Compaction Phase
[167.692s][info][gc,phases      ] GC(339) Compaction Phase 719.530ms
[167.692s][info][gc,phases,start] GC(339) Post Compact
[167.705s][info][gc,phases      ] GC(339) Post Compact 13.620ms
[167.705s][info][gc,heap        ] GC(339) PSYoungGen: 298725K(629760K)->298725K(629760K) Eden: 159744K(159744K)->159744K(159744K) From: 138981K(470016K)->138981K(470016K)
[167.705s][info][gc,heap        ] GC(339) ParOldGen: 10649509K(10649600K)->10649509K(10649600K)
[167.705s][info][gc,metaspace   ] GC(339) Metaspace: 6298K(6464K)->6298K(6464K) NonClass: 5765K(5824K)->5765K(5824K) Class: 533K(640K)->533K(640K)
[167.705s][info][gc             ] GC(339) Pause Full (Ergonomics) 10691M->10691M(11015M) 3256.489ms
[167.705s][info][gc,cpu         ] GC(339) User=25.09s Sys=0.00s Real=3.26s
[167.706s][info][gc,start       ] GC(340) Pause Full (Ergonomics)
[167.706s][info][gc,phases,start] GC(340) Marking Phase
[170.280s][info][gc,phases      ] GC(340) Marking Phase 2574.039ms
[170.280s][info][gc,phases,start] GC(340) Summary Phase
[170.280s][info][gc,phases      ] GC(340) Summary Phase 0.102ms
[170.280s][info][gc,phases,start] GC(340) Adjust Roots
[170.280s][info][gc,phases      ] GC(340) Adjust Roots 0.163ms
[170.280s][info][gc,phases,start] GC(340) Compaction Phase
[170.993s][info][gc,phases      ] GC(340) Compaction Phase 712.487ms
[170.993s][info][gc,phases,start] GC(340) Post Compact
[171.008s][info][gc,phases      ] GC(340) Post Compact 14.877ms
[171.008s][info][gc,heap        ] GC(340) PSYoungGen: 298725K(629760K)->298725K(629760K) Eden: 159744K(159744K)->159744K(159744K) From: 138981K(470016K)->138981K(470016K)
[171.008s][info][gc,heap        ] GC(340) ParOldGen: 10649514K(10649600K)->10649514K(10649600K)
[171.008s][info][gc,metaspace   ] GC(340) Metaspace: 6298K(6464K)->6298K(6464K) NonClass: 5765K(5824K)->5765K(5824K) Class: 533K(640K)->533K(640K)
[171.008s][info][gc             ] GC(340) Pause Full (Ergonomics) 10691M->10691M(11015M) 3302.030ms
[171.008s][info][gc,cpu         ] GC(340) User=25.09s Sys=0.02s Real=3.30s
[171.008s][info][gc,start       ] GC(341) Pause Full (Ergonomics)
[171.008s][info][gc,phases,start] GC(341) Marking Phase
[173.548s][info][gc,phases      ] GC(341) Marking Phase 2540.159ms
[173.548s][info][gc,phases,start] GC(341) Summary Phase
[173.548s][info][gc,phases      ] GC(341) Summary Phase 0.121ms
[173.548s][info][gc,phases,start] GC(341) Adjust Roots
[173.549s][info][gc,phases      ] GC(341) Adjust Roots 0.203ms
[173.549s][info][gc,phases,start] GC(341) Compaction Phase
[174.280s][info][gc,phases      ] GC(341) Compaction Phase 731.796ms
[174.280s][info][gc,phases,start] GC(341) Post Compact
[174.297s][info][gc,phases      ] GC(341) Post Compact 17.080ms
[174.298s][info][gc,heap        ] GC(341) PSYoungGen: 298725K(629760K)->298725K(629760K) Eden: 159744K(159744K)->159744K(159744K) From: 138981K(470016K)->138981K(470016K)
[174.298s][info][gc,heap        ] GC(341) ParOldGen: 10649519K(10649600K)->10649519K(10649600K)
[174.298s][info][gc,metaspace   ] GC(341) Metaspace: 6298K(6464K)->6298K(6464K) NonClass: 5765K(5824K)->5765K(5824K) Class: 533K(640K)->533K(640K)
[174.298s][info][gc             ] GC(341) Pause Full (Ergonomics) 10691M->10691M(11015M) 3289.701ms
[174.298s][info][gc,cpu         ] GC(341) User=24.75s Sys=0.09s Real=3.29s
[174.298s][info][gc,start       ] GC(342) Pause Full (Ergonomics)
[174.298s][info][gc,phases,start] GC(342) Marking Phase
[176.871s][info][gc,phases      ] GC(342) Marking Phase 2573.266ms
[176.871s][info][gc,phases,start] GC(342) Summary Phase
[176.871s][info][gc,phases      ] GC(342) Summary Phase 0.153ms
[176.871s][info][gc,phases,start] GC(342) Adjust Roots
[176.872s][info][gc,phases      ] GC(342) Adjust Roots 0.337ms
[176.872s][info][gc,phases,start] GC(342) Compaction Phase
[177.567s][info][gc,phases      ] GC(342) Compaction Phase 695.592ms
[177.567s][info][gc,phases,start] GC(342) Post Compact
[177.583s][info][gc,phases      ] GC(342) Post Compact 15.180ms
[177.583s][info][gc,heap        ] GC(342) PSYoungGen: 298725K(629760K)->298725K(629760K) Eden: 159744K(159744K)->159744K(159744K) From: 138981K(470016K)->138981K(470016K)
[177.583s][info][gc,heap        ] GC(342) ParOldGen: 10649524K(10649600K)->10649524K(10649600K)
[177.583s][info][gc,metaspace   ] GC(342) Metaspace: 6298K(6464K)->6298K(6464K) NonClass: 5765K(5824K)->5765K(5824K) Class: 533K(640K)->533K(640K)
[177.583s][info][gc             ] GC(342) Pause Full (Ergonomics) 10691M->10691M(11015M) 3285.012ms
[177.583s][info][gc,cpu         ] GC(342) User=24.80s Sys=0.05s Real=3.29s
[177.583s][info][gc,start       ] GC(343) Pause Full (Ergonomics)
[177.583s][info][gc,phases,start] GC(343) Marking Phase
[180.129s][info][gc,phases      ] GC(343) Marking Phase 2546.245ms
[180.129s][info][gc,phases,start] GC(343) Summary Phase
[180.130s][info][gc,phases      ] GC(343) Summary Phase 0.125ms
[180.130s][info][gc,phases,start] GC(343) Adjust Roots
[180.130s][info][gc,phases      ] GC(343) Adjust Roots 0.340ms
[180.130s][info][gc,phases,start] GC(343) Compaction Phase
[180.829s][info][gc,phases      ] GC(343) Compaction Phase 698.968ms
[180.829s][info][gc,phases,start] GC(343) Post Compact
[180.844s][info][gc,phases      ] GC(343) Post Compact 15.383ms
[180.844s][info][gc,heap        ] GC(343) PSYoungGen: 298725K(629760K)->298725K(629760K) Eden: 159744K(159744K)->159744K(159744K) From: 138981K(470016K)->138981K(470016K)
[180.844s][info][gc,heap        ] GC(343) ParOldGen: 10649529K(10649600K)->10649529K(10649600K)
[180.845s][info][gc,metaspace   ] GC(343) Metaspace: 6298K(6464K)->6298K(6464K) NonClass: 5765K(5824K)->5765K(5824K) Class: 533K(640K)->533K(640K)
[180.845s][info][gc             ] GC(343) Pause Full (Ergonomics) 10691M->10691M(11015M) 3261.552ms
[180.845s][info][gc,cpu         ] GC(343) User=24.88s Sys=0.02s Real=3.26s
[180.845s][info][gc,start       ] GC(344) Pause Full (Ergonomics)
[180.845s][info][gc,phases,start] GC(344) Marking Phase
[183.385s][info][gc,phases      ] GC(344) Marking Phase 2540.216ms
[183.385s][info][gc,phases,start] GC(344) Summary Phase
[183.385s][info][gc,phases      ] GC(344) Summary Phase 0.100ms
[183.385s][info][gc,phases,start] GC(344) Adjust Roots
[183.385s][info][gc,phases      ] GC(344) Adjust Roots 0.175ms
[183.385s][info][gc,phases,start] GC(344) Compaction Phase
[184.076s][info][gc,phases      ] GC(344) Compaction Phase 690.362ms
[184.076s][info][gc,phases,start] GC(344) Post Compact
[184.091s][info][gc,phases      ] GC(344) Post Compact 15.224ms
[184.091s][info][gc,heap        ] GC(344) PSYoungGen: 298725K(629760K)->298725K(629760K) Eden: 159744K(159744K)->159744K(159744K) From: 138981K(470016K)->138981K(470016K)
[184.091s][info][gc,heap        ] GC(344) ParOldGen: 10649533K(10649600K)->10649533K(10649600K)
[184.091s][info][gc,metaspace   ] GC(344) Metaspace: 6298K(6464K)->6298K(6464K) NonClass: 5765K(5824K)->5765K(5824K) Class: 533K(640K)->533K(640K)
[184.091s][info][gc             ] GC(344) Pause Full (Ergonomics) 10691M->10691M(11015M) 3246.434ms
[184.091s][info][gc,cpu         ] GC(344) User=24.66s Sys=0.03s Real=3.25s
[184.091s][info][gc,start       ] GC(345) Pause Full (Ergonomics)
[184.091s][info][gc,phases,start] GC(345) Marking Phase
[186.629s][info][gc,phases      ] GC(345) Marking Phase 2537.324ms
[186.629s][info][gc,phases,start] GC(345) Summary Phase
[186.629s][info][gc,phases      ] GC(345) Summary Phase 0.248ms
[186.629s][info][gc,phases,start] GC(345) Adjust Roots
[186.629s][info][gc,phases      ] GC(345) Adjust Roots 0.171ms
[186.629s][info][gc,phases,start] GC(345) Compaction Phase
[187.326s][info][gc,phases      ] GC(345) Compaction Phase 696.310ms
[187.326s][info][gc,phases,start] GC(345) Post Compact
[187.342s][info][gc,phases      ] GC(345) Post Compact 16.238ms
[187.342s][info][gc,heap        ] GC(345) PSYoungGen: 298725K(629760K)->298725K(629760K) Eden: 159744K(159744K)->159744K(159744K) From: 138981K(470016K)->138981K(470016K)
[187.342s][info][gc,heap        ] GC(345) ParOldGen: 10649538K(10649600K)->10649538K(10649600K)
[187.342s][info][gc,metaspace   ] GC(345) Metaspace: 6298K(6464K)->6298K(6464K) NonClass: 5765K(5824K)->5765K(5824K) Class: 533K(640K)->533K(640K)
[187.342s][info][gc             ] GC(345) Pause Full (Ergonomics) 10691M->10691M(11015M) 3250.647ms
[187.342s][info][gc,cpu         ] GC(345) User=24.83s Sys=0.03s Real=3.25s
[187.342s][info][gc,start       ] GC(346) Pause Full (Ergonomics)
[187.342s][info][gc,phases,start] GC(346) Marking Phase
[189.930s][info][gc,phases      ] GC(346) Marking Phase 2587.514ms
[189.930s][info][gc,phases,start] GC(346) Summary Phase
[189.930s][info][gc,phases      ] GC(346) Summary Phase 0.099ms
[189.930s][info][gc,phases,start] GC(346) Adjust Roots
[189.930s][info][gc,phases      ] GC(346) Adjust Roots 0.163ms
[189.930s][info][gc,phases,start] GC(346) Compaction Phase
[190.618s][info][gc,phases      ] GC(346) Compaction Phase 687.680ms
[190.618s][info][gc,phases,start] GC(346) Post Compact
[190.634s][info][gc,phases      ] GC(346) Post Compact 16.290ms
[190.634s][info][gc,heap        ] GC(346) PSYoungGen: 298725K(629760K)->298725K(629760K) Eden: 159744K(159744K)->159744K(159744K) From: 138981K(470016K)->138981K(470016K)
[190.634s][info][gc,heap        ] GC(346) ParOldGen: 10649543K(10649600K)->10649543K(10649600K)
[190.634s][info][gc,metaspace   ] GC(346) Metaspace: 6298K(6464K)->6298K(6464K) NonClass: 5765K(5824K)->5765K(5824K) Class: 533K(640K)->533K(640K)
[190.634s][info][gc             ] GC(346) Pause Full (Ergonomics) 10691M->10691M(11015M) 3292.097ms
[190.635s][info][gc,cpu         ] GC(346) User=25.02s Sys=0.00s Real=3.29s
[190.635s][info][gc,start       ] GC(347) Pause Full (Ergonomics)
[190.635s][info][gc,phases,start] GC(347) Marking Phase
[193.180s][info][gc,phases      ] GC(347) Marking Phase 2545.197ms
[193.180s][info][gc,phases,start] GC(347) Summary Phase
[193.180s][info][gc,phases      ] GC(347) Summary Phase 0.102ms
[193.180s][info][gc,phases,start] GC(347) Adjust Roots
[193.180s][info][gc,phases      ] GC(347) Adjust Roots 0.186ms
[193.180s][info][gc,phases,start] GC(347) Compaction Phase
[193.873s][info][gc,phases      ] GC(347) Compaction Phase 692.566ms
[193.873s][info][gc,phases,start] GC(347) Post Compact
[193.889s][info][gc,phases      ] GC(347) Post Compact 15.922ms
[193.889s][info][gc,heap        ] GC(347) PSYoungGen: 298725K(629760K)->298725K(629760K) Eden: 159744K(159744K)->159744K(159744K) From: 138981K(470016K)->138981K(470016K)
[193.889s][info][gc,heap        ] GC(347) ParOldGen: 10649548K(10649600K)->10649548K(10649600K)
[193.889s][info][gc,metaspace   ] GC(347) Metaspace: 6298K(6464K)->6298K(6464K) NonClass: 5765K(5824K)->5765K(5824K) Class: 533K(640K)->533K(640K)
[193.889s][info][gc             ] GC(347) Pause Full (Ergonomics) 10691M->10691M(11015M) 3254.293ms
[193.889s][info][gc,cpu         ] GC(347) User=24.59s Sys=0.02s Real=3.25s
[193.889s][info][gc,start       ] GC(348) Pause Full (Ergonomics)
[193.889s][info][gc,phases,start] GC(348) Marking Phase
[196.424s][info][gc,phases      ] GC(348) Marking Phase 2534.247ms
[196.424s][info][gc,phases,start] GC(348) Summary Phase
[196.424s][info][gc,phases      ] GC(348) Summary Phase 0.105ms
[196.424s][info][gc,phases,start] GC(348) Adjust Roots
[196.424s][info][gc,phases      ] GC(348) Adjust Roots 0.191ms
[196.424s][info][gc,phases,start] GC(348) Compaction Phase
[197.116s][info][gc,phases      ] GC(348) Compaction Phase 691.723ms
[197.116s][info][gc,phases,start] GC(348) Post Compact
[197.132s][info][gc,phases      ] GC(348) Post Compact 16.745ms
[197.133s][info][gc,heap        ] GC(348) PSYoungGen: 298725K(629760K)->298725K(629760K) Eden: 159744K(159744K)->159744K(159744K) From: 138981K(470016K)->138981K(470016K)
[197.133s][info][gc,heap        ] GC(348) ParOldGen: 10649553K(10649600K)->10649553K(10649600K)
[197.133s][info][gc,metaspace   ] GC(348) Metaspace: 6298K(6464K)->6298K(6464K) NonClass: 5765K(5824K)->5765K(5824K) Class: 533K(640K)->533K(640K)
[197.133s][info][gc             ] GC(348) Pause Full (Ergonomics) 10691M->10691M(11015M) 3243.382ms
[197.133s][info][gc,cpu         ] GC(348) User=24.75s Sys=0.00s Real=3.24s
[197.133s][info][gc,start       ] GC(349) Pause Full (Ergonomics)
[197.133s][info][gc,phases,start] GC(349) Marking Phase
[199.651s][info][gc,phases      ] GC(349) Marking Phase 2517.929ms
[199.651s][info][gc,phases,start] GC(349) Summary Phase
[199.651s][info][gc,phases      ] GC(349) Summary Phase 0.100ms
[199.651s][info][gc,phases,start] GC(349) Adjust Roots
[199.651s][info][gc,phases      ] GC(349) Adjust Roots 0.163ms
[199.651s][info][gc,phases,start] GC(349) Compaction Phase
[200.346s][info][gc,phases      ] GC(349) Compaction Phase 695.040ms
[200.346s][info][gc,phases,start] GC(349) Post Compact
[200.363s][info][gc,phases      ] GC(349) Post Compact 16.746ms
[200.363s][info][gc,heap        ] GC(349) PSYoungGen: 298725K(629760K)->298725K(629760K) Eden: 159744K(159744K)->159744K(159744K) From: 138981K(470016K)->138981K(470016K)
[200.363s][info][gc,heap        ] GC(349) ParOldGen: 10649558K(10649600K)->10649558K(10649600K)
[200.363s][info][gc,metaspace   ] GC(349) Metaspace: 6298K(6464K)->6298K(6464K) NonClass: 5765K(5824K)->5765K(5824K) Class: 533K(640K)->533K(640K)
[200.363s][info][gc             ] GC(349) Pause Full (Ergonomics) 10691M->10691M(11015M) 3230.322ms
[200.363s][info][gc,cpu         ] GC(349) User=24.55s Sys=0.00s Real=3.23s
[200.363s][info][gc,start       ] GC(350) Pause Full (Ergonomics)
[200.363s][info][gc,phases,start] GC(350) Marking Phase
[202.912s][info][gc,phases      ] GC(350) Marking Phase 2548.633ms
[202.912s][info][gc,phases,start] GC(350) Summary Phase
[202.912s][info][gc,phases      ] GC(350) Summary Phase 0.100ms
[202.912s][info][gc,phases,start] GC(350) Adjust Roots
[202.912s][info][gc,phases      ] GC(350) Adjust Roots 0.158ms
[202.912s][info][gc,phases,start] GC(350) Compaction Phase
[203.602s][info][gc,phases      ] GC(350) Compaction Phase 689.452ms
[203.602s][info][gc,phases,start] GC(350) Post Compact
[203.618s][info][gc,phases      ] GC(350) Post Compact 16.442ms
[203.618s][info][gc,heap        ] GC(350) PSYoungGen: 298725K(629760K)->298725K(629760K) Eden: 159744K(159744K)->159744K(159744K) From: 138981K(470016K)->138981K(470016K)
[203.618s][info][gc,heap        ] GC(350) ParOldGen: 10649562K(10649600K)->10649562K(10649600K)
[203.618s][info][gc,metaspace   ] GC(350) Metaspace: 6298K(6464K)->6298K(6464K) NonClass: 5765K(5824K)->5765K(5824K) Class: 533K(640K)->533K(640K)
[203.618s][info][gc             ] GC(350) Pause Full (Ergonomics) 10691M->10691M(11015M) 3255.128ms
[203.618s][info][gc,cpu         ] GC(350) User=24.80s Sys=0.02s Real=3.26s
[203.619s][info][gc,start       ] GC(351) Pause Full (Ergonomics)
[203.619s][info][gc,phases,start] GC(351) Marking Phase
[206.165s][info][gc,phases      ] GC(351) Marking Phase 2545.815ms
[206.165s][info][gc,phases,start] GC(351) Summary Phase
[206.165s][info][gc,phases      ] GC(351) Summary Phase 0.108ms
[206.165s][info][gc,phases,start] GC(351) Adjust Roots
[206.165s][info][gc,phases      ] GC(351) Adjust Roots 0.165ms
[206.165s][info][gc,phases,start] GC(351) Compaction Phase
[206.859s][info][gc,phases      ] GC(351) Compaction Phase 694.323ms
[206.859s][info][gc,phases,start] GC(351) Post Compact
[206.876s][info][gc,phases      ] GC(351) Post Compact 16.344ms
[206.876s][info][gc,heap        ] GC(351) PSYoungGen: 298725K(629760K)->298725K(629760K) Eden: 159744K(159744K)->159744K(159744K) From: 138981K(470016K)->138981K(470016K)
[206.876s][info][gc,heap        ] GC(351) ParOldGen: 10649567K(10649600K)->10649567K(10649600K)
[206.876s][info][gc,metaspace   ] GC(351) Metaspace: 6298K(6464K)->6298K(6464K) NonClass: 5765K(5824K)->5765K(5824K) Class: 533K(640K)->533K(640K)
[206.876s][info][gc             ] GC(351) Pause Full (Ergonomics) 10691M->10691M(11015M) 3257.097ms
[206.876s][info][gc,cpu         ] GC(351) User=24.53s Sys=0.02s Real=3.26s
[206.876s][info][gc,start       ] GC(352) Pause Full (Ergonomics)
[206.876s][info][gc,phases,start] GC(352) Marking Phase
[209.424s][info][gc,phases      ] GC(352) Marking Phase 2547.722ms
[209.424s][info][gc,phases,start] GC(352) Summary Phase
[209.424s][info][gc,phases      ] GC(352) Summary Phase 0.114ms
[209.424s][info][gc,phases,start] GC(352) Adjust Roots
[209.424s][info][gc,phases      ] GC(352) Adjust Roots 0.203ms
[209.424s][info][gc,phases,start] GC(352) Compaction Phase
[210.129s][info][gc,phases      ] GC(352) Compaction Phase 704.483ms
[210.129s][info][gc,phases,start] GC(352) Post Compact
[210.145s][info][gc,phases      ] GC(352) Post Compact 16.481ms
[210.145s][info][gc,heap        ] GC(352) PSYoungGen: 298725K(629760K)->298725K(629760K) Eden: 159744K(159744K)->159744K(159744K) From: 138981K(470016K)->138981K(470016K)
[210.145s][info][gc,heap        ] GC(352) ParOldGen: 10649572K(10649600K)->10649572K(10649600K)
[210.145s][info][gc,metaspace   ] GC(352) Metaspace: 6298K(6464K)->6298K(6464K) NonClass: 5765K(5824K)->5765K(5824K) Class: 533K(640K)->533K(640K)
[210.145s][info][gc             ] GC(352) Pause Full (Ergonomics) 10691M->10691M(11015M) 3269.327ms
[210.145s][info][gc,cpu         ] GC(352) User=24.53s Sys=0.03s Real=3.27s
[210.146s][info][gc,start       ] GC(353) Pause Full (Ergonomics)
[210.146s][info][gc,phases,start] GC(353) Marking Phase
[212.711s][info][gc,phases      ] GC(353) Marking Phase 2564.973ms
[212.711s][info][gc,phases,start] GC(353) Summary Phase
[212.711s][info][gc,phases      ] GC(353) Summary Phase 0.100ms
[212.711s][info][gc,phases,start] GC(353) Adjust Roots
[212.711s][info][gc,phases      ] GC(353) Adjust Roots 0.246ms
[212.711s][info][gc,phases,start] GC(353) Compaction Phase
[213.404s][info][gc,phases      ] GC(353) Compaction Phase 693.436ms
[213.404s][info][gc,phases,start] GC(353) Post Compact
[213.422s][info][gc,phases      ] GC(353) Post Compact 17.733ms
[213.422s][info][gc,heap        ] GC(353) PSYoungGen: 298725K(629760K)->298725K(629760K) Eden: 159744K(159744K)->159744K(159744K) From: 138981K(470016K)->138981K(470016K)
[213.422s][info][gc,heap        ] GC(353) ParOldGen: 10649577K(10649600K)->10649577K(10649600K)
[213.422s][info][gc,metaspace   ] GC(353) Metaspace: 6298K(6464K)->6298K(6464K) NonClass: 5765K(5824K)->5765K(5824K) Class: 533K(640K)->533K(640K)
[213.422s][info][gc             ] GC(353) Pause Full (Ergonomics) 10691M->10691M(11015M) 3276.830ms
[213.422s][info][gc,cpu         ] GC(353) User=24.94s Sys=0.02s Real=3.28s
[213.423s][info][gc,start       ] GC(354) Pause Full (Ergonomics)
[213.423s][info][gc,phases,start] GC(354) Marking Phase
[216.029s][info][gc,phases      ] GC(354) Marking Phase 2606.430ms
[216.029s][info][gc,phases,start] GC(354) Summary Phase
[216.029s][info][gc,phases      ] GC(354) Summary Phase 0.101ms
[216.029s][info][gc,phases,start] GC(354) Adjust Roots
[216.029s][info][gc,phases      ] GC(354) Adjust Roots 0.181ms
[216.029s][info][gc,phases,start] GC(354) Compaction Phase
[216.714s][info][gc,phases      ] GC(354) Compaction Phase 684.974ms
[216.714s][info][gc,phases,start] GC(354) Post Compact
[216.730s][info][gc,phases      ] GC(354) Post Compact 15.573ms
[216.730s][info][gc,heap        ] GC(354) PSYoungGen: 298725K(629760K)->298725K(629760K) Eden: 159744K(159744K)->159744K(159744K) From: 138981K(470016K)->138981K(470016K)
[216.730s][info][gc,heap        ] GC(354) ParOldGen: 10649582K(10649600K)->10649582K(10649600K)
[216.730s][info][gc,metaspace   ] GC(354) Metaspace: 6298K(6464K)->6298K(6464K) NonClass: 5765K(5824K)->5765K(5824K) Class: 533K(640K)->533K(640K)
[216.730s][info][gc             ] GC(354) Pause Full (Ergonomics) 10691M->10691M(11015M) 3307.656ms
[216.730s][info][gc,cpu         ] GC(354) User=24.84s Sys=0.02s Real=3.31s
[216.730s][info][gc,start       ] GC(355) Pause Full (Ergonomics)
[216.730s][info][gc,phases,start] GC(355) Marking Phase
[219.259s][info][gc,phases      ] GC(355) Marking Phase 2528.220ms
[219.259s][info][gc,phases,start] GC(355) Summary Phase
[219.259s][info][gc,phases      ] GC(355) Summary Phase 0.111ms
[219.259s][info][gc,phases,start] GC(355) Adjust Roots
[219.259s][info][gc,phases      ] GC(355) Adjust Roots 0.194ms
[219.259s][info][gc,phases,start] GC(355) Compaction Phase
[219.954s][info][gc,phases      ] GC(355) Compaction Phase 695.307ms
[219.954s][info][gc,phases,start] GC(355) Post Compact
[219.971s][info][gc,phases      ] GC(355) Post Compact 16.228ms
[219.971s][info][gc,heap        ] GC(355) PSYoungGen: 298725K(629760K)->298725K(629760K) Eden: 159744K(159744K)->159744K(159744K) From: 138981K(470016K)->138981K(470016K)
[219.971s][info][gc,heap        ] GC(355) ParOldGen: 10649587K(10649600K)->10649587K(10649600K)
[219.971s][info][gc,metaspace   ] GC(355) Metaspace: 6298K(6464K)->6298K(6464K) NonClass: 5765K(5824K)->5765K(5824K) Class: 533K(640K)->533K(640K)
[219.971s][info][gc             ] GC(355) Pause Full (Ergonomics) 10691M->10691M(11015M) 3240.414ms
[219.971s][info][gc,cpu         ] GC(355) User=24.34s Sys=0.02s Real=3.24s
[219.971s][info][gc,start       ] GC(356) Pause Full (Ergonomics)
[219.971s][info][gc,phases,start] GC(356) Marking Phase
[222.514s][info][gc,phases      ] GC(356) Marking Phase 2542.364ms
[222.514s][info][gc,phases,start] GC(356) Summary Phase
[222.514s][info][gc,phases      ] GC(356) Summary Phase 0.108ms
[222.514s][info][gc,phases,start] GC(356) Adjust Roots
[222.514s][info][gc,phases      ] GC(356) Adjust Roots 0.176ms
[222.514s][info][gc,phases,start] GC(356) Compaction Phase
[223.214s][info][gc,phases      ] GC(356) Compaction Phase 700.135ms
[223.214s][info][gc,phases,start] GC(356) Post Compact
[223.231s][info][gc,phases      ] GC(356) Post Compact 16.453ms
[223.231s][info][gc,heap        ] GC(356) PSYoungGen: 298725K(629760K)->298725K(629760K) Eden: 159744K(159744K)->159744K(159744K) From: 138981K(470016K)->138981K(470016K)
[223.231s][info][gc,heap        ] GC(356) ParOldGen: 10649591K(10649600K)->10649591K(10649600K)
[223.231s][info][gc,metaspace   ] GC(356) Metaspace: 6298K(6464K)->6298K(6464K) NonClass: 5765K(5824K)->5765K(5824K) Class: 533K(640K)->533K(640K)
[223.231s][info][gc             ] GC(356) Pause Full (Ergonomics) 10691M->10691M(11015M) 3259.595ms
[223.231s][info][gc,cpu         ] GC(356) User=24.59s Sys=0.03s Real=3.26s
[223.231s][info][gc,start       ] GC(357) Pause Full (Ergonomics)
[223.231s][info][gc,phases,start] GC(357) Marking Phase
[225.781s][info][gc,phases      ] GC(357) Marking Phase 2550.124ms
[225.781s][info][gc,phases,start] GC(357) Summary Phase
[225.781s][info][gc,phases      ] GC(357) Summary Phase 0.102ms
[225.781s][info][gc,phases,start] GC(357) Adjust Roots
[225.781s][info][gc,phases      ] GC(357) Adjust Roots 0.169ms
[225.781s][info][gc,phases,start] GC(357) Compaction Phase
[226.490s][info][gc,phases      ] GC(357) Compaction Phase 708.242ms
[226.490s][info][gc,phases,start] GC(357) Post Compact
[226.506s][info][gc,phases      ] GC(357) Post Compact 16.374ms
[226.506s][info][gc,heap        ] GC(357) PSYoungGen: 298725K(629760K)->298725K(629760K) Eden: 159744K(159744K)->159744K(159744K) From: 138981K(470016K)->138981K(470016K)
[226.506s][info][gc,heap        ] GC(357) ParOldGen: 10649596K(10649600K)->10649596K(10649600K)
[226.506s][info][gc,metaspace   ] GC(357) Metaspace: 6298K(6464K)->6298K(6464K) NonClass: 5765K(5824K)->5765K(5824K) Class: 533K(640K)->533K(640K)
[226.506s][info][gc             ] GC(357) Pause Full (Ergonomics) 10691M->10691M(11015M) 3275.349ms
[226.506s][info][gc,cpu         ] GC(357) User=24.53s Sys=0.03s Real=3.28s
[226.507s][info][gc,start       ] GC(358) Pause Full (Ergonomics)
[226.507s][info][gc,phases,start] GC(358) Marking Phase
[229.044s][info][gc,phases      ] GC(358) Marking Phase 2536.961ms
[229.044s][info][gc,phases,start] GC(358) Summary Phase
[229.044s][info][gc,phases      ] GC(358) Summary Phase 0.118ms
[229.044s][info][gc,phases,start] GC(358) Adjust Roots
[229.044s][info][gc,phases      ] GC(358) Adjust Roots 0.220ms
[229.044s][info][gc,phases,start] GC(358) Compaction Phase
[229.748s][info][gc,phases      ] GC(358) Compaction Phase 704.497ms
[229.748s][info][gc,phases,start] GC(358) Post Compact
[229.767s][info][gc,phases      ] GC(358) Post Compact 18.200ms
[229.767s][info][gc,heap        ] GC(358) PSYoungGen: 298725K(629760K)->298725K(629760K) Eden: 159744K(159744K)->159744K(159744K) From: 138981K(470016K)->138981K(470016K)
[229.767s][info][gc,heap        ] GC(358) ParOldGen: 10649599K(10649600K)->10649599K(10649600K)
[229.767s][info][gc,metaspace   ] GC(358) Metaspace: 6298K(6464K)->6298K(6464K) NonClass: 5765K(5824K)->5765K(5824K) Class: 533K(640K)->533K(640K)
[229.767s][info][gc             ] GC(358) Pause Full (Ergonomics) 10691M->10691M(11015M) 3260.318ms
[229.767s][info][gc,cpu         ] GC(358) User=24.41s Sys=0.02s Real=3.26s
[229.767s][info][gc,start       ] GC(359) Pause Full (Allocation Failure)
[229.767s][info][gc,phases,start] GC(359) Marking Phase
[232.280s][info][gc,phases      ] GC(359) Marking Phase 2513.000ms
[232.280s][info][gc,phases,start] GC(359) Summary Phase
[232.280s][info][gc,phases      ] GC(359) Summary Phase 0.116ms
[232.280s][info][gc,phases,start] GC(359) Adjust Roots
[232.281s][info][gc,phases      ] GC(359) Adjust Roots 0.438ms
[232.281s][info][gc,phases,start] GC(359) Compaction Phase
[234.977s][info][gc,phases      ] GC(359) Compaction Phase 2696.567ms
[234.977s][info][gc,phases,start] GC(359) Post Compact
[234.996s][info][gc,phases      ] GC(359) Post Compact 18.952ms
[234.996s][info][gc,heap        ] GC(359) PSYoungGen: 298725K(629760K)->298725K(629760K) Eden: 159744K(159744K)->159744K(159744K) From: 138981K(470016K)->138981K(470016K)
[234.996s][info][gc,heap        ] GC(359) ParOldGen: 10649599K(10649600K)->10649595K(10649600K)
[234.996s][info][gc,metaspace   ] GC(359) Metaspace: 6298K(6464K)->6296K(6464K) NonClass: 5765K(5824K)->5764K(5824K) Class: 533K(640K)->532K(640K)
[234.996s][info][gc             ] GC(359) Pause Full (Allocation Failure) 10691M->10691M(11015M) 5229.425ms
[234.996s][info][gc,cpu         ] GC(359) User=37.70s Sys=0.09s Real=5.23s
[234.997s][info][gc,start       ] GC(360) Pause Full (Ergonomics)
[234.997s][info][gc,phases,start] GC(360) Marking Phase
[237.462s][info][gc,phases      ] GC(360) Marking Phase 2464.952ms
[237.462s][info][gc,phases,start] GC(360) Summary Phase
[237.462s][info][gc,phases      ] GC(360) Summary Phase 0.139ms
[237.462s][info][gc,phases,start] GC(360) Adjust Roots
[237.462s][info][gc,phases      ] GC(360) Adjust Roots 0.211ms
[237.462s][info][gc,phases,start] GC(360) Compaction Phase
[238.163s][info][gc,phases      ] GC(360) Compaction Phase 700.932ms
[238.163s][info][gc,phases,start] GC(360) Post Compact
[238.180s][info][gc,phases      ] GC(360) Post Compact 16.323ms
[238.180s][info][gc,heap        ] GC(360) PSYoungGen: 298725K(629760K)->298725K(629760K) Eden: 159744K(159744K)->159744K(159744K) From: 138981K(470016K)->138981K(470016K)
[238.180s][info][gc,heap        ] GC(360) ParOldGen: 10649597K(10649600K)->10649597K(10649600K)
[238.180s][info][gc,metaspace   ] GC(360) Metaspace: 6296K(6464K)->6296K(6464K) NonClass: 5764K(5824K)->5764K(5824K) Class: 532K(640K)->532K(640K)
[238.180s][info][gc             ] GC(360) Pause Full (Ergonomics) 10691M->10691M(11015M) 3182.928ms
[238.180s][info][gc,cpu         ] GC(360) User=23.92s Sys=0.00s Real=3.18s
[238.180s][info][gc,start       ] GC(361) Pause Full (Ergonomics)
[238.180s][info][gc,phases,start] GC(361) Marking Phase
[240.672s][info][gc,phases      ] GC(361) Marking Phase 2492.336ms
[240.672s][info][gc,phases,start] GC(361) Summary Phase
[240.673s][info][gc,phases      ] GC(361) Summary Phase 0.101ms
[240.673s][info][gc,phases,start] GC(361) Adjust Roots
[240.673s][info][gc,phases      ] GC(361) Adjust Roots 0.164ms
[240.673s][info][gc,phases,start] GC(361) Compaction Phase
[241.371s][info][gc,phases      ] GC(361) Compaction Phase 697.773ms
[241.371s][info][gc,phases,start] GC(361) Post Compact
[241.387s][info][gc,phases      ] GC(361) Post Compact 16.405ms
[241.387s][info][gc,heap        ] GC(361) PSYoungGen: 298725K(629760K)->298725K(629760K) Eden: 159744K(159744K)->159744K(159744K) From: 138981K(470016K)->138981K(470016K)
[241.387s][info][gc,heap        ] GC(361) ParOldGen: 10649599K(10649600K)->10649599K(10649600K)
[241.387s][info][gc,metaspace   ] GC(361) Metaspace: 6296K(6464K)->6296K(6464K) NonClass: 5764K(5824K)->5764K(5824K) Class: 532K(640K)->532K(640K)
[241.387s][info][gc             ] GC(361) Pause Full (Ergonomics) 10691M->10691M(11015M) 3207.135ms
[241.387s][info][gc,cpu         ] GC(361) User=23.83s Sys=0.03s Real=3.21s
[241.387s][info][gc,start       ] GC(362) Pause Full (Allocation Failure)
[241.387s][info][gc,phases,start] GC(362) Marking Phase
[243.916s][info][gc,phases      ] GC(362) Marking Phase 2528.554ms
[243.916s][info][gc,phases,start] GC(362) Summary Phase
[243.916s][info][gc,phases      ] GC(362) Summary Phase 0.101ms
[243.916s][info][gc,phases,start] GC(362) Adjust Roots
[243.916s][info][gc,phases      ] GC(362) Adjust Roots 0.161ms
[243.916s][info][gc,phases,start] GC(362) Compaction Phase
[244.631s][info][gc,phases      ] GC(362) Compaction Phase 714.496ms
[244.631s][info][gc,phases,start] GC(362) Post Compact
[244.647s][info][gc,phases      ] GC(362) Post Compact 16.428ms
[244.647s][info][gc,heap        ] GC(362) PSYoungGen: 298725K(629760K)->298725K(629760K) Eden: 159744K(159744K)->159744K(159744K) From: 138981K(470016K)->138981K(470016K)
[244.647s][info][gc,heap        ] GC(362) ParOldGen: 10649599K(10649600K)->10649599K(10649600K)
[244.647s][info][gc,metaspace   ] GC(362) Metaspace: 6296K(6464K)->6296K(6464K) NonClass: 5764K(5824K)->5764K(5824K) Class: 532K(640K)->532K(640K)
[244.647s][info][gc             ] GC(362) Pause Full (Allocation Failure) 10691M->10691M(11015M) 3260.084ms
[244.647s][info][gc,cpu         ] GC(362) User=24.53s Sys=0.02s Real=3.26s
[244.648s][info][gc,start       ] GC(363) Pause Full (Ergonomics)
[244.648s][info][gc,phases,start] GC(363) Marking Phase
[247.198s][info][gc,phases      ] GC(363) Marking Phase 2550.465ms
[247.198s][info][gc,phases,start] GC(363) Summary Phase
[247.198s][info][gc,phases      ] GC(363) Summary Phase 0.109ms
[247.198s][info][gc,phases,start] GC(363) Adjust Roots
[247.199s][info][gc,phases      ] GC(363) Adjust Roots 0.271ms
[247.199s][info][gc,phases,start] GC(363) Compaction Phase
[249.894s][info][gc,phases      ] GC(363) Compaction Phase 2695.557ms
[249.894s][info][gc,phases,start] GC(363) Post Compact
[249.911s][info][gc,phases      ] GC(363) Post Compact 17.058ms
[249.912s][info][gc,heap        ] GC(363) PSYoungGen: 298725K(629760K)->298725K(629760K) Eden: 159744K(159744K)->159744K(159744K) From: 138981K(470016K)->138981K(470016K)
[249.912s][info][gc,heap        ] GC(363) ParOldGen: 10649599K(10649600K)->10649598K(10649600K)
[249.912s][info][gc,metaspace   ] GC(363) Metaspace: 6296K(6464K)->6296K(6464K) NonClass: 5764K(5824K)->5764K(5824K) Class: 532K(640K)->532K(640K)
[249.912s][info][gc             ] GC(363) Pause Full (Ergonomics) 10691M->10691M(11015M) 5263.895ms
[249.912s][info][gc,cpu         ] GC(363) User=38.36s Sys=0.03s Real=5.26s
[249.913s][info][gc,start       ] GC(364) Pause Full (Ergonomics)
[249.913s][info][gc,phases,start] GC(364) Marking Phase
[252.468s][info][gc,phases      ] GC(364) Marking Phase 2555.432ms
[252.468s][info][gc,phases,start] GC(364) Summary Phase
[252.468s][info][gc,phases      ] GC(364) Summary Phase 0.102ms
[252.468s][info][gc,phases,start] GC(364) Adjust Roots
[252.469s][info][gc,phases      ] GC(364) Adjust Roots 0.257ms
[252.469s][info][gc,phases,start] GC(364) Compaction Phase
[255.071s][info][gc,phases      ] GC(364) Compaction Phase 2602.009ms
[255.071s][info][gc,phases,start] GC(364) Post Compact
[255.087s][info][gc,phases      ] GC(364) Post Compact 16.377ms
[255.087s][info][gc,heap        ] GC(364) PSYoungGen: 298725K(629760K)->298725K(629760K) Eden: 159744K(159744K)->159744K(159744K) From: 138981K(470016K)->138981K(470016K)
[255.087s][info][gc,heap        ] GC(364) ParOldGen: 10649599K(10649600K)->10649598K(10649600K)
[255.087s][info][gc,metaspace   ] GC(364) Metaspace: 6298K(6464K)->6298K(6464K) NonClass: 5764K(5824K)->5764K(5824K) Class: 533K(640K)->533K(640K)
[255.087s][info][gc             ] GC(364) Pause Full (Ergonomics) 10691M->10691M(11015M) 5174.559ms
[255.087s][info][gc,cpu         ] GC(364) User=36.59s Sys=0.03s Real=5.17s
[255.088s][info][gc,heap,exit   ] Heap
[255.088s][info][gc,heap,exit   ]  PSYoungGen      total 629760K, used 298725K [0x00000006bb000000, 0x00000006fe480000, 0x0000000800000000)
[255.088s][info][gc,heap,exit   ]   eden space 159744K, 100% used [0x00000006bb000000,0x00000006c4c00000,0x00000006c4c00000)
[255.088s][info][gc,heap,exit   ]   from space 470016K, 29% used [0x00000006c4c00000,0x00000006cd3b9520,0x00000006e1700000)
[255.088s][info][gc,heap,exit   ]   to   space 461824K, 0% used [0x00000006e2180000,0x00000006e2180000,0x00000006fe480000)
[255.088s][info][gc,heap,exit   ]  ParOldGen       total 10649600K, used 10649599K [0x0000000431000000, 0x00000006bb000000, 0x00000006bb000000)
[255.088s][info][gc,heap,exit   ]   object space 10649600K, 99% used [0x0000000431000000,0x00000006bafffc90,0x00000006bb000000)
[255.088s][info][gc,heap,exit   ]  Metaspace       used 6301K, committed 6464K, reserved 1114112K
[255.088s][info][gc,heap,exit   ]   class space    used 534K, committed 640K, reserved 1048576K
