[0.011s][info][gc,init] CardTable entry size: 512
[0.011s][info][gc     ] Using Serial
[0.011s][info][gc,init] Version: 18.0.1+10 (release)
[0.011s][info][gc,init] CPUs: 8 total, 8 available
[0.011s][info][gc,init] Memory: 16063M
[0.011s][info][gc,init] Large Page Support: Disabled
[0.011s][info][gc,init] NUMA Support: Disabled
[0.011s][info][gc,init] Compressed Oops: Enabled (32-bit)
[0.011s][info][gc,init] Heap Min Capacity: 2M
[0.011s][info][gc,init] Heap Initial Capacity: 2M
[0.011s][info][gc,init] Heap Max Capacity: 200M
[0.011s][info][gc,init] Pre-touch: Disabled
[0.012s][info][gc,metaspace] CDS archive(s) not mapped
[0.012s][info][gc,metaspace] Compressed class space mapped at: 0x0000000100000000-0x0000000140000000, reserved size: 1073741824
[0.012s][info][gc,metaspace] Narrow klass base: 0x0000000000000000, Narrow klass shift: 3, Narrow klass range: 0x140000000
[0.168s][info][gc,start    ] GC(0) Pause Young (Allocation Failure)
[0.171s][info][gc,heap     ] GC(0) DefNew: 1023K(1152K)->127K(1152K) Eden: 1023K(1024K)->0K(1024K) From: 0K(128K)->127K(128K)
[0.171s][info][gc,heap     ] GC(0) Tenured: 0K(768K)->439K(768K)
[0.171s][info][gc,metaspace] GC(0) Metaspace: 5899K(6016K)->5899K(6016K) NonClass: 5400K(5504K)->5400K(5504K) Class: 499K(512K)->499K(512K)
[0.171s][info][gc          ] GC(0) Pause Young (Allocation Failure) 0M->0M(1M) 2.856ms
[0.171s][info][gc,cpu      ] GC(0) User=0.00s Sys=0.00s Real=0.00s
[0.190s][info][gc,start    ] GC(1) Pause Young (Allocation Failure)
[0.192s][info][gc          ] GC(1) Pause Young (Allocation Failure) 1M->0M(2M) 1.405ms
[0.192s][info][gc,cpu      ] GC(1) User=0.00s Sys=0.00s Real=0.00s
[0.192s][info][gc,start    ] GC(2) Pause Full (Allocation Failure)
[0.192s][info][gc,phases,start] GC(2) Phase 1: Mark live objects
[0.193s][info][gc,phases      ] GC(2) Phase 1: Mark live objects 0.920ms
[0.193s][info][gc,phases,start] GC(2) Phase 2: Compute new object addresses
[0.193s][info][gc,phases      ] GC(2) Phase 2: Compute new object addresses 0.219ms
[0.193s][info][gc,phases,start] GC(2) Phase 3: Adjust pointers
[0.194s][info][gc,phases      ] GC(2) Phase 3: Adjust pointers 0.491ms
[0.194s][info][gc,phases,start] GC(2) Phase 4: Move objects
[0.194s][info][gc,phases      ] GC(2) Phase 4: Move objects 0.066ms
[0.194s][info][gc,heap        ] GC(2) DefNew: 1151K(1152K)->40K(1152K) Eden: 1024K(1024K)->40K(1024K) From: 127K(128K)->0K(128K)
[0.194s][info][gc,heap        ] GC(2) Tenured: 439K(768K)->959K(1600K)
[0.194s][info][gc,metaspace   ] GC(2) Metaspace: 6297K(6464K)->6297K(6464K) NonClass: 5763K(5824K)->5763K(5824K) Class: 533K(640K)->533K(640K)
[0.194s][info][gc             ] GC(2) Pause Full (Allocation Failure) 0M->0M(2M) 2.026ms
[0.194s][info][gc,cpu         ] GC(2) User=0.00s Sys=0.00s Real=0.00s
[0.195s][info][gc,start       ] GC(3) Pause Young (Allocation Failure)
[0.197s][info][gc,heap        ] GC(3) DefNew: 1024K(1152K)->128K(1152K) Eden: 1024K(1024K)->0K(1024K) From: 0K(128K)->128K(128K)
[0.197s][info][gc,heap        ] GC(3) Tenured: 959K(1600K)->1375K(1600K)
[0.197s][info][gc,metaspace   ] GC(3) Metaspace: 6297K(6464K)->6297K(6464K) NonClass: 5763K(5824K)->5763K(5824K) Class: 533K(640K)->533K(640K)
[0.197s][info][gc             ] GC(3) Pause Young (Allocation Failure) 1M->1M(2M) 2.052ms
[0.197s][info][gc,cpu         ] GC(3) User=0.00s Sys=0.00s Real=0.00s
[0.199s][info][gc,start       ] GC(4) Pause Young (Allocation Failure)
[0.200s][info][gc             ] GC(4) Pause Young (Allocation Failure) 2M->1M(3M) 1.573ms
[0.200s][info][gc,cpu         ] GC(4) User=0.00s Sys=0.00s Real=0.00s
[0.200s][info][gc,start       ] GC(5) Pause Full (Allocation Failure)
[0.200s][info][gc,phases,start] GC(5) Phase 1: Mark live objects
[0.203s][info][gc,phases      ] GC(5) Phase 1: Mark live objects 2.337ms
[0.203s][info][gc,phases,start] GC(5) Phase 2: Compute new object addresses
[0.204s][info][gc,phases      ] GC(5) Phase 2: Compute new object addresses 0.590ms
[0.204s][info][gc,phases,start] GC(5) Phase 3: Adjust pointers
[0.205s][info][gc,phases      ] GC(5) Phase 3: Adjust pointers 0.971ms
[0.205s][info][gc,phases,start] GC(5) Phase 4: Move objects
[0.205s][info][gc,phases      ] GC(5) Phase 4: Move objects 0.094ms
[0.205s][info][gc,heap        ] GC(5) DefNew: 1152K(1152K)->35K(1536K) Eden: 1024K(1024K)->35K(1408K) From: 128K(128K)->0K(128K)
[0.205s][info][gc,heap        ] GC(5) Tenured: 1375K(1600K)->1983K(3308K)
[0.205s][info][gc,metaspace   ] GC(5) Metaspace: 6297K(6464K)->6297K(6464K) NonClass: 5763K(5824K)->5763K(5824K) Class: 533K(640K)->533K(640K)
[0.205s][info][gc             ] GC(5) Pause Full (Allocation Failure) 1M->1M(4M) 4.466ms
[0.205s][info][gc,cpu         ] GC(5) User=0.00s Sys=0.00s Real=0.00s
[0.206s][info][gc,start       ] GC(6) Pause Young (Allocation Failure)
[0.209s][info][gc,heap        ] GC(6) DefNew: 1407K(1536K)->127K(1536K) Eden: 1407K(1408K)->0K(1408K) From: 0K(128K)->127K(128K)
[0.209s][info][gc,heap        ] GC(6) Tenured: 1983K(3308K)->2617K(3308K)
[0.209s][info][gc,metaspace   ] GC(6) Metaspace: 6297K(6464K)->6297K(6464K) NonClass: 5763K(5824K)->5763K(5824K) Class: 533K(640K)->533K(640K)
[0.209s][info][gc             ] GC(6) Pause Young (Allocation Failure) 3M->2M(4M) 2.531ms
[0.209s][info][gc,cpu         ] GC(6) User=0.00s Sys=0.00s Real=0.00s
[0.211s][info][gc,start       ] GC(7) Pause Young (Allocation Failure)
[0.213s][info][gc             ] GC(7) Pause Young (Allocation Failure) 4M->3M(4M) 2.469ms
[0.213s][info][gc,cpu         ] GC(7) User=0.00s Sys=0.00s Real=0.00s
[0.213s][info][gc,start       ] GC(8) Pause Full (Allocation Failure)
[0.213s][info][gc,phases,start] GC(8) Phase 1: Mark live objects
[0.216s][info][gc,phases      ] GC(8) Phase 1: Mark live objects 2.337ms
[0.216s][info][gc,phases,start] GC(8) Phase 2: Compute new object addresses
[0.216s][info][gc,phases      ] GC(8) Phase 2: Compute new object addresses 0.717ms
[0.216s][info][gc,phases,start] GC(8) Phase 3: Adjust pointers
[0.218s][info][gc,phases      ] GC(8) Phase 3: Adjust pointers 1.140ms
[0.218s][info][gc,phases,start] GC(8) Phase 4: Move objects
[0.218s][info][gc,phases      ] GC(8) Phase 4: Move objects 0.118ms
[0.218s][info][gc,heap        ] GC(8) DefNew: 1535K(1536K)->0K(2688K) Eden: 1408K(1408K)->0K(2432K) From: 127K(128K)->0K(256K)
[0.218s][info][gc,heap        ] GC(8) Tenured: 2617K(3308K)->3460K(5768K)
[0.218s][info][gc,metaspace   ] GC(8) Metaspace: 6297K(6464K)->6297K(6464K) NonClass: 5763K(5824K)->5763K(5824K) Class: 533K(640K)->533K(640K)
[0.218s][info][gc             ] GC(8) Pause Full (Allocation Failure) 3M->3M(8M) 4.682ms
[0.218s][info][gc,cpu         ] GC(8) User=0.02s Sys=0.00s Real=0.01s
[0.222s][info][gc,start       ] GC(9) Pause Young (Allocation Failure)
[0.225s][info][gc,heap        ] GC(9) DefNew: 2431K(2688K)->255K(2688K) Eden: 2431K(2432K)->0K(2432K) From: 0K(256K)->255K(256K)
[0.225s][info][gc,heap        ] GC(9) Tenured: 3460K(5768K)->4512K(5768K)
[0.225s][info][gc,metaspace   ] GC(9) Metaspace: 6297K(6464K)->6297K(6464K) NonClass: 5763K(5824K)->5763K(5824K) Class: 533K(640K)->533K(640K)
[0.225s][info][gc             ] GC(9) Pause Young (Allocation Failure) 5M->4M(8M) 3.176ms
[0.225s][info][gc,cpu         ] GC(9) User=0.00s Sys=0.00s Real=0.00s
[0.230s][info][gc,start       ] GC(10) Pause Young (Allocation Failure)
[0.233s][info][gc,heap        ] GC(10) DefNew: 2687K(2688K)->255K(2688K) Eden: 2432K(2432K)->0K(2432K) From: 255K(256K)->255K(256K)
[0.233s][info][gc,heap        ] GC(10) Tenured: 4512K(5768K)->5755K(5768K)
[0.233s][info][gc,metaspace   ] GC(10) Metaspace: 6297K(6464K)->6297K(6464K) NonClass: 5763K(5824K)->5763K(5824K) Class: 533K(640K)->533K(640K)
[0.233s][info][gc             ] GC(10) Pause Young (Allocation Failure) 7M->5M(8M) 3.736ms
[0.233s][info][gc,cpu         ] GC(10) User=0.02s Sys=0.00s Real=0.00s
[0.238s][info][gc,start       ] GC(11) Pause Young (Allocation Failure)
[0.241s][info][gc             ] GC(11) Pause Young (Allocation Failure) 8M->7M(9M) 2.987ms
[0.241s][info][gc,cpu         ] GC(11) User=0.00s Sys=0.00s Real=0.00s
[0.241s][info][gc,start       ] GC(12) Pause Full (Allocation Failure)
[0.241s][info][gc,phases,start] GC(12) Phase 1: Mark live objects
[0.246s][info][gc,phases      ] GC(12) Phase 1: Mark live objects 4.452ms
[0.246s][info][gc,phases,start] GC(12) Phase 2: Compute new object addresses
[0.247s][info][gc,phases      ] GC(12) Phase 2: Compute new object addresses 1.463ms
[0.247s][info][gc,phases,start] GC(12) Phase 3: Adjust pointers
[0.249s][info][gc,phases      ] GC(12) Phase 3: Adjust pointers 1.608ms
[0.249s][info][gc,phases,start] GC(12) Phase 4: Move objects
[0.250s][info][gc,phases      ] GC(12) Phase 4: Move objects 1.240ms
[0.250s][info][gc,heap        ] GC(12) DefNew: 2687K(2688K)->0K(5376K) Eden: 2432K(2432K)->0K(4800K) From: 255K(256K)->0K(576K)
[0.250s][info][gc,heap        ] GC(12) Tenured: 5755K(5768K)->7132K(11888K)
[0.250s][info][gc,metaspace   ] GC(12) Metaspace: 6297K(6464K)->6297K(6464K) NonClass: 5763K(5824K)->5763K(5824K) Class: 533K(640K)->533K(640K)
[0.250s][info][gc             ] GC(12) Pause Full (Allocation Failure) 7M->6M(16M) 9.252ms
[0.250s][info][gc,cpu         ] GC(12) User=0.00s Sys=0.00s Real=0.01s
[0.255s][info][gc,start       ] GC(13) Pause Young (Allocation Failure)
[0.261s][info][gc,heap        ] GC(13) DefNew: 4800K(5376K)->575K(5376K) Eden: 4800K(4800K)->0K(4800K) From: 0K(576K)->575K(576K)
[0.261s][info][gc,heap        ] GC(13) Tenured: 7132K(11888K)->9027K(11888K)
[0.261s][info][gc,metaspace   ] GC(13) Metaspace: 6297K(6464K)->6297K(6464K) NonClass: 5763K(5824K)->5763K(5824K) Class: 533K(640K)->533K(640K)
[0.261s][info][gc             ] GC(13) Pause Young (Allocation Failure) 11M->9M(16M) 6.100ms
[0.261s][info][gc,cpu         ] GC(13) User=0.00s Sys=0.00s Real=0.01s
[0.266s][info][gc,start       ] GC(14) Pause Young (Allocation Failure)
[0.272s][info][gc,heap        ] GC(14) DefNew: 5375K(5376K)->576K(5376K) Eden: 4800K(4800K)->0K(4800K) From: 575K(576K)->576K(576K)
[0.272s][info][gc,heap        ] GC(14) Tenured: 9027K(11888K)->11746K(11888K)
[0.272s][info][gc,metaspace   ] GC(14) Metaspace: 6297K(6464K)->6297K(6464K) NonClass: 5763K(5824K)->5763K(5824K) Class: 533K(640K)->533K(640K)
[0.272s][info][gc             ] GC(14) Pause Young (Allocation Failure) 14M->12M(16M) 5.928ms
[0.272s][info][gc,cpu         ] GC(14) User=0.00s Sys=0.00s Real=0.01s
[0.277s][info][gc,start       ] GC(15) Pause Young (Allocation Failure)
[0.282s][info][gc             ] GC(15) Pause Young (Allocation Failure) 16M->14M(19M) 5.318ms
[0.282s][info][gc,cpu         ] GC(15) User=0.02s Sys=0.00s Real=0.01s
[0.282s][info][gc,start       ] GC(16) Pause Full (Allocation Failure)
[0.282s][info][gc,phases,start] GC(16) Phase 1: Mark live objects
[0.290s][info][gc,phases      ] GC(16) Phase 1: Mark live objects 7.610ms
[0.290s][info][gc,phases,start] GC(16) Phase 2: Compute new object addresses
[0.293s][info][gc,phases      ] GC(16) Phase 2: Compute new object addresses 3.044ms
[0.293s][info][gc,phases,start] GC(16) Phase 3: Adjust pointers
[0.296s][info][gc,phases      ] GC(16) Phase 3: Adjust pointers 3.336ms
[0.296s][info][gc,phases,start] GC(16) Phase 4: Move objects
[0.296s][info][gc,phases      ] GC(16) Phase 4: Move objects 0.188ms
[0.296s][info][gc,heap        ] GC(16) DefNew: 5376K(5376K)->402K(10880K) Eden: 4800K(4800K)->402K(9728K) From: 576K(576K)->0K(1152K)
[0.297s][info][gc,heap        ] GC(16) Tenured: 11746K(11888K)->14383K(23976K)
[0.297s][info][gc,metaspace   ] GC(16) Metaspace: 6298K(6464K)->6298K(6464K) NonClass: 5765K(5824K)->5765K(5824K) Class: 533K(640K)->533K(640K)
[0.297s][info][gc             ] GC(16) Pause Full (Allocation Failure) 14M->14M(34M) 14.592ms
[0.297s][info][gc,cpu         ] GC(16) User=0.00s Sys=0.00s Real=0.01s
[0.304s][info][gc,start       ] GC(17) Pause Young (Allocation Failure)
[0.317s][info][gc,heap        ] GC(17) DefNew: 9728K(10880K)->1152K(10880K) Eden: 9728K(9728K)->0K(9728K) From: 0K(1152K)->1152K(1152K)
[0.318s][info][gc,heap        ] GC(17) Tenured: 14383K(23976K)->18403K(23976K)
[0.318s][info][gc,metaspace   ] GC(17) Metaspace: 6298K(6464K)->6298K(6464K) NonClass: 5765K(5824K)->5765K(5824K) Class: 533K(640K)->533K(640K)
[0.318s][info][gc             ] GC(17) Pause Young (Allocation Failure) 23M->19M(34M) 13.581ms
[0.318s][info][gc,cpu         ] GC(17) User=0.00s Sys=0.00s Real=0.01s
[0.325s][info][gc,start       ] GC(18) Pause Young (Allocation Failure)
[0.337s][info][gc,heap        ] GC(18) DefNew: 10880K(10880K)->1151K(10880K) Eden: 9728K(9728K)->0K(9728K) From: 1152K(1152K)->1151K(1152K)
[0.337s][info][gc,heap        ] GC(18) Tenured: 18403K(23976K)->23923K(23976K)
[0.337s][info][gc,metaspace   ] GC(18) Metaspace: 6298K(6464K)->6298K(6464K) NonClass: 5765K(5824K)->5765K(5824K) Class: 533K(640K)->533K(640K)
[0.337s][info][gc             ] GC(18) Pause Young (Allocation Failure) 28M->24M(34M) 11.839ms
[0.337s][info][gc,cpu         ] GC(18) User=0.00s Sys=0.00s Real=0.01s
[0.343s][info][gc,start       ] GC(19) Pause Young (Allocation Failure)
[0.354s][info][gc             ] GC(19) Pause Young (Allocation Failure) 33M->29M(38M) 11.457ms
[0.355s][info][gc,cpu         ] GC(19) User=0.00s Sys=0.00s Real=0.01s
[0.355s][info][gc,start       ] GC(20) Pause Full (Allocation Failure)
[0.355s][info][gc,phases,start] GC(20) Phase 1: Mark live objects
[0.368s][info][gc,phases      ] GC(20) Phase 1: Mark live objects 13.813ms
[0.368s][info][gc,phases,start] GC(20) Phase 2: Compute new object addresses
[0.374s][info][gc,phases      ] GC(20) Phase 2: Compute new object addresses 5.079ms
[0.374s][info][gc,phases,start] GC(20) Phase 3: Adjust pointers
[0.379s][info][gc,phases      ] GC(20) Phase 3: Adjust pointers 5.313ms
[0.379s][info][gc,phases,start] GC(20) Phase 4: Move objects
[0.379s][info][gc,phases      ] GC(20) Phase 4: Move objects 0.173ms
[0.379s][info][gc,heap        ] GC(20) DefNew: 10879K(10880K)->1067K(21888K) Eden: 9728K(9728K)->1067K(19520K) From: 1151K(1152K)->0K(2368K)
[0.379s][info][gc,heap        ] GC(20) Tenured: 23923K(23976K)->29036K(48396K)
[0.379s][info][gc,metaspace   ] GC(20) Metaspace: 6298K(6464K)->6298K(6464K) NonClass: 5765K(5824K)->5765K(5824K) Class: 533K(640K)->533K(640K)
[0.379s][info][gc             ] GC(20) Pause Full (Allocation Failure) 29M->29M(68M) 24.774ms
[0.379s][info][gc,cpu         ] GC(20) User=0.03s Sys=0.00s Real=0.02s
[0.395s][info][gc,start       ] GC(21) Pause Young (Allocation Failure)
[0.423s][info][gc,heap        ] GC(21) DefNew: 19520K(21888K)->2367K(21888K) Eden: 19520K(19520K)->0K(19520K) From: 0K(2368K)->2367K(2368K)
[0.423s][info][gc,heap        ] GC(21) Tenured: 29036K(48396K)->39334K(48396K)
[0.423s][info][gc,metaspace   ] GC(21) Metaspace: 6298K(6464K)->6298K(6464K) NonClass: 5765K(5824K)->5765K(5824K) Class: 533K(640K)->533K(640K)
[0.424s][info][gc             ] GC(21) Pause Young (Allocation Failure) 47M->40M(68M) 28.515ms
[0.424s][info][gc,cpu         ] GC(21) User=0.00s Sys=0.02s Real=0.03s
[0.443s][info][gc,start       ] GC(22) Pause Young (Allocation Failure)
[0.479s][info][gc             ] GC(22) Pause Young (Allocation Failure) 59M->59M(78M) 35.402ms
[0.479s][info][gc,cpu         ] GC(22) User=0.00s Sys=0.02s Real=0.04s
[0.479s][info][gc,start       ] GC(23) Pause Full (Allocation Failure)
[0.479s][info][gc,phases,start] GC(23) Phase 1: Mark live objects
[0.503s][info][gc,phases      ] GC(23) Phase 1: Mark live objects 24.572ms
[0.503s][info][gc,phases,start] GC(23) Phase 2: Compute new object addresses
[0.513s][info][gc,phases      ] GC(23) Phase 2: Compute new object addresses 9.293ms
[0.513s][info][gc,phases,start] GC(23) Phase 3: Adjust pointers
[0.527s][info][gc,phases      ] GC(23) Phase 3: Adjust pointers 14.362ms
[0.527s][info][gc,phases,start] GC(23) Phase 4: Move objects
[0.528s][info][gc,phases      ] GC(23) Phase 4: Move objects 0.357ms
[0.528s][info][gc,heap        ] GC(23) DefNew: 21887K(21888K)->2236K(44288K) Eden: 19520K(19520K)->2236K(39424K) From: 2367K(2368K)->0K(4864K)
[0.528s][info][gc,heap        ] GC(23) Tenured: 39334K(48396K)->58956K(98260K)
[0.528s][info][gc,metaspace   ] GC(23) Metaspace: 6298K(6464K)->6298K(6464K) NonClass: 5765K(5824K)->5765K(5824K) Class: 533K(640K)->533K(640K)
[0.528s][info][gc             ] GC(23) Pause Full (Allocation Failure) 59M->59M(139M) 49.379ms
[0.528s][info][gc,cpu         ] GC(23) User=0.05s Sys=0.00s Real=0.05s
[0.572s][info][gc,start       ] GC(24) Pause Young (Allocation Failure)
[0.635s][info][gc,heap        ] GC(24) DefNew: 39424K(44288K)->4864K(44288K) Eden: 39424K(39424K)->0K(39424K) From: 0K(4864K)->4864K(4864K)
[0.636s][info][gc,heap        ] GC(24) Tenured: 58956K(98260K)->93488K(98260K)
[0.636s][info][gc,metaspace   ] GC(24) Metaspace: 6298K(6464K)->6298K(6464K) NonClass: 5765K(5824K)->5765K(5824K) Class: 533K(640K)->533K(640K)
[0.636s][info][gc             ] GC(24) Pause Young (Allocation Failure) 96M->96M(139M) 63.434ms
[0.636s][info][gc,cpu         ] GC(24) User=0.05s Sys=0.02s Real=0.06s
[0.666s][info][gc,start       ] GC(25) Pause Young (Allocation Failure)
[0.738s][info][gc             ] GC(25) Pause Young (Allocation Failure) 134M->134M(173M) 72.183ms
[0.738s][info][gc,cpu         ] GC(25) User=0.08s Sys=0.00s Real=0.07s
[0.738s][info][gc,start       ] GC(26) Pause Full (Allocation Failure)
[0.738s][info][gc,phases,start] GC(26) Phase 1: Mark live objects
[0.794s][info][gc,phases      ] GC(26) Phase 1: Mark live objects 55.995ms
[0.794s][info][gc,phases,start] GC(26) Phase 2: Compute new object addresses
[0.816s][info][gc,phases      ] GC(26) Phase 2: Compute new object addresses 21.454ms
[0.816s][info][gc,phases,start] GC(26) Phase 3: Adjust pointers
[0.842s][info][gc,phases      ] GC(26) Phase 3: Adjust pointers 26.514ms
[0.843s][info][gc,phases,start] GC(26) Phase 4: Move objects
[0.868s][info][gc,phases      ] GC(26) Phase 4: Move objects 25.722ms
[0.868s][info][gc,heap        ] GC(26) DefNew: 44288K(44288K)->1017K(61440K) Eden: 39424K(39424K)->1017K(54656K) From: 4864K(4864K)->0K(6784K)
[0.868s][info][gc,heap        ] GC(26) Tenured: 93488K(98260K)->132888K(136576K)
[0.868s][info][gc,metaspace   ] GC(26) Metaspace: 6298K(6464K)->6298K(6464K) NonClass: 5765K(5824K)->5765K(5824K) Class: 533K(640K)->533K(640K)
[0.869s][info][gc             ] GC(26) Pause Full (Allocation Failure) 134M->130M(193M) 130.168ms
[0.869s][info][gc,cpu         ] GC(26) User=0.11s Sys=0.00s Real=0.13s
[0.920s][info][gc,start       ] GC(27) Pause Young (Allocation Failure)
[0.920s][info][gc             ] GC(27) Pause Young (Allocation Failure) 183M->183M(193M) 0.103ms
[0.920s][info][gc,cpu         ] GC(27) User=0.00s Sys=0.00s Real=0.00s
[0.920s][info][gc,start       ] GC(28) Pause Full (Allocation Failure)
[0.920s][info][gc,phases,start] GC(28) Phase 1: Mark live objects
[1.003s][info][gc,phases      ] GC(28) Phase 1: Mark live objects 82.317ms
[1.003s][info][gc,phases,start] GC(28) Phase 2: Compute new object addresses
[1.031s][info][gc,phases      ] GC(28) Phase 2: Compute new object addresses 28.172ms
[1.031s][info][gc,phases,start] GC(28) Phase 3: Adjust pointers
[1.068s][info][gc,phases      ] GC(28) Phase 3: Adjust pointers 36.948ms
[1.068s][info][gc,phases,start] GC(28) Phase 4: Move objects
[1.079s][info][gc,phases      ] GC(28) Phase 4: Move objects 10.720ms
[1.079s][info][gc,heap        ] GC(28) DefNew: 54656K(61440K)->50943K(61440K) Eden: 54656K(54656K)->50943K(54656K) From: 0K(6784K)->0K(6784K)
[1.079s][info][gc,heap        ] GC(28) Tenured: 132888K(136576K)->136576K(136576K)
[1.079s][info][gc,metaspace   ] GC(28) Metaspace: 6298K(6464K)->6298K(6464K) NonClass: 5765K(5824K)->5765K(5824K) Class: 533K(640K)->533K(640K)
[1.079s][info][gc             ] GC(28) Pause Full (Allocation Failure) 183M->183M(193M) 158.560ms
[1.079s][info][gc,cpu         ] GC(28) User=0.14s Sys=0.00s Real=0.16s
[1.103s][info][gc,start       ] GC(29) Pause Full (Allocation Failure)
[1.103s][info][gc,phases,start] GC(29) Phase 1: Mark live objects
[1.186s][info][gc,phases      ] GC(29) Phase 1: Mark live objects 82.908ms
[1.186s][info][gc,phases,start] GC(29) Phase 2: Compute new object addresses
[1.214s][info][gc,phases      ] GC(29) Phase 2: Compute new object addresses 28.096ms
[1.214s][info][gc,phases,start] GC(29) Phase 3: Adjust pointers
[1.250s][info][gc,phases      ] GC(29) Phase 3: Adjust pointers 35.935ms
[1.250s][info][gc,phases,start] GC(29) Phase 4: Move objects
[1.251s][info][gc,phases      ] GC(29) Phase 4: Move objects 1.272ms
[1.251s][info][gc,heap        ] GC(29) DefNew: 61439K(61440K)->61437K(61440K) Eden: 54656K(54656K)->54655K(54656K) From: 6783K(6784K)->6781K(6784K)
[1.251s][info][gc,heap        ] GC(29) Tenured: 136576K(136576K)->136576K(136576K)
[1.251s][info][gc,metaspace   ] GC(29) Metaspace: 6298K(6464K)->6298K(6464K) NonClass: 5765K(5824K)->5765K(5824K) Class: 533K(640K)->533K(640K)
[1.251s][info][gc             ] GC(29) Pause Full (Allocation Failure) 193M->193M(193M) 148.731ms
[1.251s][info][gc,cpu         ] GC(29) User=0.16s Sys=0.00s Real=0.15s
[1.251s][info][gc,start       ] GC(30) Pause Full (Allocation Failure)
[1.251s][info][gc,phases,start] GC(30) Phase 1: Mark live objects
[1.336s][info][gc,phases      ] GC(30) Phase 1: Mark live objects 84.719ms
[1.336s][info][gc,phases,start] GC(30) Phase 2: Compute new object addresses
[1.364s][info][gc,phases      ] GC(30) Phase 2: Compute new object addresses 28.111ms
[1.364s][info][gc,phases,start] GC(30) Phase 3: Adjust pointers
[1.399s][info][gc,phases      ] GC(30) Phase 3: Adjust pointers 34.550ms
[1.399s][info][gc,phases,start] GC(30) Phase 4: Move objects
[1.399s][info][gc,phases      ] GC(30) Phase 4: Move objects 0.017ms
[1.399s][info][gc,heap        ] GC(30) DefNew: 61439K(61440K)->61439K(61440K) Eden: 54655K(54656K)->54655K(54656K) From: 6783K(6784K)->6783K(6784K)
[1.399s][info][gc,heap        ] GC(30) Tenured: 136576K(136576K)->136576K(136576K)
[1.399s][info][gc,metaspace   ] GC(30) Metaspace: 6298K(6464K)->6298K(6464K) NonClass: 5765K(5824K)->5765K(5824K) Class: 533K(640K)->533K(640K)
[1.399s][info][gc             ] GC(30) Pause Full (Allocation Failure) 193M->193M(193M) 147.741ms
[1.399s][info][gc,cpu         ] GC(30) User=0.12s Sys=0.00s Real=0.15s
[1.399s][info][gc,start       ] GC(31) Pause Full (Allocation Failure)
[1.399s][info][gc,phases,start] GC(31) Phase 1: Mark live objects
[1.482s][info][gc,phases      ] GC(31) Phase 1: Mark live objects 82.723ms
[1.482s][info][gc,phases,start] GC(31) Phase 2: Compute new object addresses
[1.511s][info][gc,phases      ] GC(31) Phase 2: Compute new object addresses 28.925ms
[1.511s][info][gc,phases,start] GC(31) Phase 3: Adjust pointers
[1.560s][info][gc,phases      ] GC(31) Phase 3: Adjust pointers 49.207ms
[1.560s][info][gc,phases,start] GC(31) Phase 4: Move objects
[1.597s][info][gc,phases      ] GC(31) Phase 4: Move objects 37.170ms
[1.598s][info][gc,heap        ] GC(31) DefNew: 61439K(61440K)->57339K(61440K) Eden: 54655K(54656K)->54655K(54656K) From: 6783K(6784K)->2683K(6784K)
[1.598s][info][gc,heap        ] GC(31) Tenured: 136576K(136576K)->136575K(136576K)
[1.598s][info][gc,metaspace   ] GC(31) Metaspace: 6298K(6464K)->6297K(6464K) NonClass: 5765K(5824K)->5764K(5824K) Class: 533K(640K)->532K(640K)
[1.598s][info][gc             ] GC(31) Pause Full (Allocation Failure) 193M->189M(193M) 198.479ms
[1.598s][info][gc,cpu         ] GC(31) User=0.20s Sys=0.00s Real=0.20s
[1.612s][info][gc,start       ] GC(32) Pause Full (Allocation Failure)
[1.613s][info][gc,phases,start] GC(32) Phase 1: Mark live objects
[1.708s][info][gc,phases      ] GC(32) Phase 1: Mark live objects 95.026ms
[1.708s][info][gc,phases,start] GC(32) Phase 2: Compute new object addresses
[1.738s][info][gc,phases      ] GC(32) Phase 2: Compute new object addresses 30.035ms
[1.738s][info][gc,phases,start] GC(32) Phase 3: Adjust pointers
[1.774s][info][gc,phases      ] GC(32) Phase 3: Adjust pointers 36.620ms
[1.774s][info][gc,phases,start] GC(32) Phase 4: Move objects
[1.774s][info][gc,phases      ] GC(32) Phase 4: Move objects 0.016ms
[1.775s][info][gc,heap        ] GC(32) DefNew: 61439K(61440K)->61439K(61440K) Eden: 54655K(54656K)->54655K(54656K) From: 6783K(6784K)->6783K(6784K)
[1.775s][info][gc,heap        ] GC(32) Tenured: 136575K(136576K)->136575K(136576K)
[1.775s][info][gc,metaspace   ] GC(32) Metaspace: 6297K(6464K)->6297K(6464K) NonClass: 5764K(5824K)->5764K(5824K) Class: 532K(640K)->532K(640K)
[1.775s][info][gc             ] GC(32) Pause Full (Allocation Failure) 193M->193M(193M) 162.119ms
[1.775s][info][gc,cpu         ] GC(32) User=0.16s Sys=0.00s Real=0.16s
[1.775s][info][gc,start       ] GC(33) Pause Full (Allocation Failure)
[1.775s][info][gc,phases,start] GC(33) Phase 1: Mark live objects
[1.862s][info][gc,phases      ] GC(33) Phase 1: Mark live objects 86.859ms
[1.862s][info][gc,phases,start] GC(33) Phase 2: Compute new object addresses
[1.891s][info][gc,phases      ] GC(33) Phase 2: Compute new object addresses 29.673ms
[1.891s][info][gc,phases,start] GC(33) Phase 3: Adjust pointers
[1.927s][info][gc,phases      ] GC(33) Phase 3: Adjust pointers 35.785ms
[1.927s][info][gc,phases,start] GC(33) Phase 4: Move objects
[1.927s][info][gc,phases      ] GC(33) Phase 4: Move objects 0.016ms
[1.927s][info][gc,heap        ] GC(33) DefNew: 61439K(61440K)->61439K(61440K) Eden: 54655K(54656K)->54655K(54656K) From: 6783K(6784K)->6783K(6784K)
[1.927s][info][gc,heap        ] GC(33) Tenured: 136575K(136576K)->136575K(136576K)
[1.927s][info][gc,metaspace   ] GC(33) Metaspace: 6297K(6464K)->6297K(6464K) NonClass: 5764K(5824K)->5764K(5824K) Class: 532K(640K)->532K(640K)
[1.927s][info][gc             ] GC(33) Pause Full (Allocation Failure) 193M->193M(193M) 152.638ms
[1.927s][info][gc,cpu         ] GC(33) User=0.16s Sys=0.00s Real=0.15s
[1.927s][info][gc,start       ] GC(34) Pause Full (Allocation Failure)
[1.927s][info][gc,phases,start] GC(34) Phase 1: Mark live objects
[2.017s][info][gc,phases      ] GC(34) Phase 1: Mark live objects 89.234ms
[2.017s][info][gc,phases,start] GC(34) Phase 2: Compute new object addresses
[2.047s][info][gc,phases      ] GC(34) Phase 2: Compute new object addresses 30.255ms
[2.047s][info][gc,phases,start] GC(34) Phase 3: Adjust pointers
[2.082s][info][gc,phases      ] GC(34) Phase 3: Adjust pointers 35.074ms
[2.082s][info][gc,phases,start] GC(34) Phase 4: Move objects
[2.082s][info][gc,phases      ] GC(34) Phase 4: Move objects 0.015ms
[2.082s][info][gc,heap        ] GC(34) DefNew: 61439K(61440K)->61439K(61440K) Eden: 54655K(54656K)->54655K(54656K) From: 6784K(6784K)->6784K(6784K)
[2.082s][info][gc,heap        ] GC(34) Tenured: 136575K(136576K)->136575K(136576K)
[2.082s][info][gc,metaspace   ] GC(34) Metaspace: 6297K(6464K)->6297K(6464K) NonClass: 5764K(5824K)->5764K(5824K) Class: 532K(640K)->532K(640K)
[2.082s][info][gc             ] GC(34) Pause Full (Allocation Failure) 193M->193M(193M) 154.921ms
[2.082s][info][gc,cpu         ] GC(34) User=0.16s Sys=0.00s Real=0.15s
[2.082s][info][gc,start       ] GC(35) Pause Full (Allocation Failure)
[2.082s][info][gc,phases,start] GC(35) Phase 1: Mark live objects
[2.170s][info][gc,phases      ] GC(35) Phase 1: Mark live objects 87.208ms
[2.170s][info][gc,phases,start] GC(35) Phase 2: Compute new object addresses
[2.199s][info][gc,phases      ] GC(35) Phase 2: Compute new object addresses 28.993ms
[2.199s][info][gc,phases,start] GC(35) Phase 3: Adjust pointers
[2.241s][info][gc,phases      ] GC(35) Phase 3: Adjust pointers 42.184ms
[2.241s][info][gc,phases,start] GC(35) Phase 4: Move objects
[2.272s][info][gc,phases      ] GC(35) Phase 4: Move objects 30.506ms
[2.272s][info][gc,heap        ] GC(35) DefNew: 61439K(61440K)->61438K(61440K) Eden: 54655K(54656K)->54655K(54656K) From: 6784K(6784K)->6782K(6784K)
[2.272s][info][gc,heap        ] GC(35) Tenured: 136575K(136576K)->136575K(136576K)
[2.272s][info][gc,metaspace   ] GC(35) Metaspace: 6297K(6464K)->6297K(6464K) NonClass: 5764K(5824K)->5764K(5824K) Class: 532K(640K)->532K(640K)
[2.272s][info][gc             ] GC(35) Pause Full (Allocation Failure) 193M->193M(193M) 189.359ms
[2.272s][info][gc,cpu         ] GC(35) User=0.17s Sys=0.00s Real=0.19s
[2.273s][info][gc,start       ] GC(36) Pause Full (Allocation Failure)
[2.273s][info][gc,phases,start] GC(36) Phase 1: Mark live objects
[2.358s][info][gc,phases      ] GC(36) Phase 1: Mark live objects 85.570ms
[2.358s][info][gc,phases,start] GC(36) Phase 2: Compute new object addresses
[2.388s][info][gc,phases      ] GC(36) Phase 2: Compute new object addresses 29.639ms
[2.388s][info][gc,phases,start] GC(36) Phase 3: Adjust pointers
[2.423s][info][gc,phases      ] GC(36) Phase 3: Adjust pointers 34.967ms
[2.423s][info][gc,phases,start] GC(36) Phase 4: Move objects
[2.423s][info][gc,phases      ] GC(36) Phase 4: Move objects 0.016ms
[2.423s][info][gc,heap        ] GC(36) DefNew: 61439K(61440K)->61439K(61440K) Eden: 54655K(54656K)->54655K(54656K) From: 6783K(6784K)->6783K(6784K)
[2.423s][info][gc,heap        ] GC(36) Tenured: 136575K(136576K)->136575K(136576K)
[2.423s][info][gc,metaspace   ] GC(36) Metaspace: 6298K(6464K)->6298K(6464K) NonClass: 5764K(5824K)->5764K(5824K) Class: 533K(640K)->533K(640K)
[2.423s][info][gc             ] GC(36) Pause Full (Allocation Failure) 193M->193M(193M) 150.564ms
[2.423s][info][gc,cpu         ] GC(36) User=0.14s Sys=0.00s Real=0.15s
[2.424s][info][gc,heap,exit   ] Heap
[2.424s][info][gc,heap,exit   ]  def new generation   total 61440K, used 61439K [0x00000000f3800000, 0x00000000f7aa0000, 0x00000000f7aa0000)
[2.424s][info][gc,heap,exit   ]   eden space 54656K,  99% used [0x00000000f3800000, 0x00000000f6d5fff8, 0x00000000f6d60000)
[2.424s][info][gc,heap,exit   ]   from space 6784K,  99% used [0x00000000f6d60000, 0x00000000f73fffc0, 0x00000000f7400000)
[2.424s][info][gc,heap,exit   ]   to   space 6784K,   0% used [0x00000000f7400000, 0x00000000f7400000, 0x00000000f7aa0000)
[2.424s][info][gc,heap,exit   ]  tenured generation   total 136576K, used 136575K [0x00000000f7aa0000, 0x0000000100000000, 0x0000000100000000)
[2.424s][info][gc,heap,exit   ]    the space 136576K,  99% used [0x00000000f7aa0000, 0x00000000ffffff90, 0x0000000100000000, 0x0000000100000000)
[2.424s][info][gc,heap,exit   ]  Metaspace       used 6301K, committed 6464K, reserved 1114112K
[2.424s][info][gc,heap,exit   ]   class space    used 534K, committed 640K, reserved 1048576K
