[0.016s][info][gc,init] CardTable entry size: 512
[0.016s][info][gc     ] Using Serial
[0.016s][info][gc,init] Version: 18.0.1+10 (release)
[0.016s][info][gc,init] CPUs: 8 total, 8 available
[0.016s][info][gc,init] Memory: 16063M
[0.016s][info][gc,init] Large Page Support: Disabled
[0.016s][info][gc,init] NUMA Support: Disabled
[0.016s][info][gc,init] Compressed Oops: Enabled (Zero based)
[0.017s][info][gc,init] Heap Min Capacity: 2M
[0.017s][info][gc,init] Heap Initial Capacity: 2M
[0.017s][info][gc,init] Heap Max Capacity: 14400M
[0.017s][info][gc,init] Pre-touch: Disabled
[0.017s][info][gc,metaspace] CDS archive(s) not mapped
[0.017s][info][gc,metaspace] Compressed class space mapped at: 0x0000000800000000-0x0000000840000000, reserved size: 1073741824
[0.017s][info][gc,metaspace] Narrow klass base: 0x0000000800000000, Narrow klass shift: 0, Narrow klass range: 0x40000000
[0.174s][info][gc,start    ] GC(0) Pause Young (Allocation Failure)
[0.176s][info][gc,heap     ] GC(0) DefNew: 1023K(1152K)->127K(1152K) Eden: 1023K(1024K)->0K(1024K) From: 0K(128K)->127K(128K)
[0.176s][info][gc,heap     ] GC(0) Tenured: 0K(768K)->439K(768K)
[0.176s][info][gc,metaspace] GC(0) Metaspace: 5902K(6016K)->5902K(6016K) NonClass: 5402K(5504K)->5402K(5504K) Class: 499K(512K)->499K(512K)
[0.176s][info][gc          ] GC(0) Pause Young (Allocation Failure) 0M->0M(1M) 2.492ms
[0.176s][info][gc,cpu      ] GC(0) User=0.00s Sys=0.00s Real=0.00s
[0.196s][info][gc,start    ] GC(1) Pause Young (Allocation Failure)
[0.197s][info][gc          ] GC(1) Pause Young (Allocation Failure) 1M->0M(2M) 1.201ms
[0.197s][info][gc,cpu      ] GC(1) User=0.00s Sys=0.00s Real=0.00s
[0.197s][info][gc,start    ] GC(2) Pause Full (Allocation Failure)
[0.197s][info][gc,phases,start] GC(2) Phase 1: Mark live objects
[0.198s][info][gc,phases      ] GC(2) Phase 1: Mark live objects 1.060ms
[0.198s][info][gc,phases,start] GC(2) Phase 2: Compute new object addresses
[0.198s][info][gc,phases      ] GC(2) Phase 2: Compute new object addresses 0.252ms
[0.198s][info][gc,phases,start] GC(2) Phase 3: Adjust pointers
[0.199s][info][gc,phases      ] GC(2) Phase 3: Adjust pointers 0.550ms
[0.199s][info][gc,phases,start] GC(2) Phase 4: Move objects
[0.199s][info][gc,phases      ] GC(2) Phase 4: Move objects 0.062ms
[0.199s][info][gc,heap        ] GC(2) DefNew: 1151K(1152K)->40K(1152K) Eden: 1024K(1024K)->40K(1024K) From: 127K(128K)->0K(128K)
[0.199s][info][gc,heap        ] GC(2) Tenured: 439K(768K)->959K(1600K)
[0.199s][info][gc,metaspace   ] GC(2) Metaspace: 6301K(6528K)->6301K(6528K) NonClass: 5768K(5888K)->5768K(5888K) Class: 533K(640K)->533K(640K)
[0.199s][info][gc             ] GC(2) Pause Full (Allocation Failure) 0M->0M(2M) 2.216ms
[0.199s][info][gc,cpu         ] GC(2) User=0.00s Sys=0.00s Real=0.00s
[0.201s][info][gc,start       ] GC(3) Pause Young (Allocation Failure)
[0.202s][info][gc,heap        ] GC(3) DefNew: 1024K(1152K)->128K(1152K) Eden: 1024K(1024K)->0K(1024K) From: 0K(128K)->128K(128K)
[0.202s][info][gc,heap        ] GC(3) Tenured: 959K(1600K)->1375K(1600K)
[0.202s][info][gc,metaspace   ] GC(3) Metaspace: 6301K(6528K)->6301K(6528K) NonClass: 5768K(5888K)->5768K(5888K) Class: 533K(640K)->533K(640K)
[0.202s][info][gc             ] GC(3) Pause Young (Allocation Failure) 1M->1M(2M) 1.471ms
[0.202s][info][gc,cpu         ] GC(3) User=0.00s Sys=0.00s Real=0.00s
[0.204s][info][gc,start       ] GC(4) Pause Young (Allocation Failure)
[0.205s][info][gc             ] GC(4) Pause Young (Allocation Failure) 2M->1M(3M) 1.365ms
[0.205s][info][gc,cpu         ] GC(4) User=0.00s Sys=0.00s Real=0.00s
[0.205s][info][gc,start       ] GC(5) Pause Full (Allocation Failure)
[0.205s][info][gc,phases,start] GC(5) Phase 1: Mark live objects
[0.207s][info][gc,phases      ] GC(5) Phase 1: Mark live objects 1.440ms
[0.207s][info][gc,phases,start] GC(5) Phase 2: Compute new object addresses
[0.207s][info][gc,phases      ] GC(5) Phase 2: Compute new object addresses 0.462ms
[0.207s][info][gc,phases,start] GC(5) Phase 3: Adjust pointers
[0.208s][info][gc,phases      ] GC(5) Phase 3: Adjust pointers 0.663ms
[0.208s][info][gc,phases,start] GC(5) Phase 4: Move objects
[0.208s][info][gc,phases      ] GC(5) Phase 4: Move objects 0.072ms
[0.208s][info][gc,heap        ] GC(5) DefNew: 1152K(1152K)->35K(1536K) Eden: 1024K(1024K)->35K(1408K) From: 128K(128K)->0K(128K)
[0.208s][info][gc,heap        ] GC(5) Tenured: 1375K(1600K)->1983K(3308K)
[0.208s][info][gc,metaspace   ] GC(5) Metaspace: 6301K(6528K)->6301K(6528K) NonClass: 5768K(5888K)->5768K(5888K) Class: 533K(640K)->533K(640K)
[0.208s][info][gc             ] GC(5) Pause Full (Allocation Failure) 1M->1M(4M) 2.977ms
[0.208s][info][gc,cpu         ] GC(5) User=0.00s Sys=0.00s Real=0.00s
[0.210s][info][gc,start       ] GC(6) Pause Young (Allocation Failure)
[0.212s][info][gc,heap        ] GC(6) DefNew: 1408K(1536K)->127K(1536K) Eden: 1408K(1408K)->0K(1408K) From: 0K(128K)->127K(128K)
[0.213s][info][gc,heap        ] GC(6) Tenured: 1983K(3308K)->2617K(3308K)
[0.213s][info][gc,metaspace   ] GC(6) Metaspace: 6301K(6528K)->6301K(6528K) NonClass: 5768K(5888K)->5768K(5888K) Class: 533K(640K)->533K(640K)
[0.213s][info][gc             ] GC(6) Pause Young (Allocation Failure) 3M->2M(4M) 2.190ms
[0.213s][info][gc,cpu         ] GC(6) User=0.00s Sys=0.00s Real=0.00s
[0.214s][info][gc,start       ] GC(7) Pause Young (Allocation Failure)
[0.216s][info][gc             ] GC(7) Pause Young (Allocation Failure) 4M->3M(4M) 1.958ms
[0.216s][info][gc,cpu         ] GC(7) User=0.00s Sys=0.00s Real=0.00s
[0.216s][info][gc,start       ] GC(8) Pause Full (Allocation Failure)
[0.217s][info][gc,phases,start] GC(8) Phase 1: Mark live objects
[0.219s][info][gc,phases      ] GC(8) Phase 1: Mark live objects 2.193ms
[0.219s][info][gc,phases,start] GC(8) Phase 2: Compute new object addresses
[0.219s][info][gc,phases      ] GC(8) Phase 2: Compute new object addresses 0.678ms
[0.219s][info][gc,phases,start] GC(8) Phase 3: Adjust pointers
[0.220s][info][gc,phases      ] GC(8) Phase 3: Adjust pointers 0.925ms
[0.220s][info][gc,phases,start] GC(8) Phase 4: Move objects
[0.221s][info][gc,phases      ] GC(8) Phase 4: Move objects 0.081ms
[0.221s][info][gc,heap        ] GC(8) DefNew: 1535K(1536K)->0K(2688K) Eden: 1408K(1408K)->0K(2432K) From: 127K(128K)->0K(256K)
[0.221s][info][gc,heap        ] GC(8) Tenured: 2617K(3308K)->3460K(5768K)
[0.221s][info][gc,metaspace   ] GC(8) Metaspace: 6301K(6528K)->6301K(6528K) NonClass: 5768K(5888K)->5768K(5888K) Class: 533K(640K)->533K(640K)
[0.221s][info][gc             ] GC(8) Pause Full (Allocation Failure) 3M->3M(8M) 4.195ms
[0.221s][info][gc,cpu         ] GC(8) User=0.00s Sys=0.00s Real=0.00s
[0.224s][info][gc,start       ] GC(9) Pause Young (Allocation Failure)
[0.228s][info][gc,heap        ] GC(9) DefNew: 2431K(2688K)->256K(2688K) Eden: 2431K(2432K)->0K(2432K) From: 0K(256K)->256K(256K)
[0.228s][info][gc,heap        ] GC(9) Tenured: 3460K(5768K)->4512K(5768K)
[0.228s][info][gc,metaspace   ] GC(9) Metaspace: 6301K(6528K)->6301K(6528K) NonClass: 5768K(5888K)->5768K(5888K) Class: 533K(640K)->533K(640K)
[0.228s][info][gc             ] GC(9) Pause Young (Allocation Failure) 5M->4M(8M) 3.839ms
[0.228s][info][gc,cpu         ] GC(9) User=0.00s Sys=0.00s Real=0.00s
[0.231s][info][gc,start       ] GC(10) Pause Young (Allocation Failure)
[0.235s][info][gc,heap        ] GC(10) DefNew: 2688K(2688K)->255K(2688K) Eden: 2432K(2432K)->0K(2432K) From: 256K(256K)->255K(256K)
[0.235s][info][gc,heap        ] GC(10) Tenured: 4512K(5768K)->5755K(5768K)
[0.235s][info][gc,metaspace   ] GC(10) Metaspace: 6301K(6528K)->6301K(6528K) NonClass: 5768K(5888K)->5768K(5888K) Class: 533K(640K)->533K(640K)
[0.235s][info][gc             ] GC(10) Pause Young (Allocation Failure) 7M->5M(8M) 3.801ms
[0.235s][info][gc,cpu         ] GC(10) User=0.00s Sys=0.00s Real=0.00s
[0.239s][info][gc,start       ] GC(11) Pause Young (Allocation Failure)
[0.242s][info][gc             ] GC(11) Pause Young (Allocation Failure) 8M->7M(9M) 3.502ms
[0.242s][info][gc,cpu         ] GC(11) User=0.00s Sys=0.00s Real=0.00s
[0.242s][info][gc,start       ] GC(12) Pause Full (Allocation Failure)
[0.242s][info][gc,phases,start] GC(12) Phase 1: Mark live objects
[0.246s][info][gc,phases      ] GC(12) Phase 1: Mark live objects 4.024ms
[0.246s][info][gc,phases,start] GC(12) Phase 2: Compute new object addresses
[0.248s][info][gc,phases      ] GC(12) Phase 2: Compute new object addresses 1.205ms
[0.248s][info][gc,phases,start] GC(12) Phase 3: Adjust pointers
[0.250s][info][gc,phases      ] GC(12) Phase 3: Adjust pointers 2.138ms
[0.250s][info][gc,phases,start] GC(12) Phase 4: Move objects
[0.251s][info][gc,phases      ] GC(12) Phase 4: Move objects 1.339ms
[0.251s][info][gc,heap        ] GC(12) DefNew: 2687K(2688K)->0K(5376K) Eden: 2432K(2432K)->0K(4800K) From: 255K(256K)->0K(576K)
[0.251s][info][gc,heap        ] GC(12) Tenured: 5755K(5768K)->7132K(11888K)
[0.251s][info][gc,metaspace   ] GC(12) Metaspace: 6301K(6528K)->6301K(6528K) NonClass: 5768K(5888K)->5768K(5888K) Class: 533K(640K)->533K(640K)
[0.251s][info][gc             ] GC(12) Pause Full (Allocation Failure) 7M->6M(16M) 9.254ms
[0.251s][info][gc,cpu         ] GC(12) User=0.00s Sys=0.00s Real=0.01s
[0.257s][info][gc,start       ] GC(13) Pause Young (Allocation Failure)
[0.262s][info][gc,heap        ] GC(13) DefNew: 4800K(5376K)->575K(5376K) Eden: 4800K(4800K)->0K(4800K) From: 0K(576K)->575K(576K)
[0.262s][info][gc,heap        ] GC(13) Tenured: 7132K(11888K)->9027K(11888K)
[0.262s][info][gc,metaspace   ] GC(13) Metaspace: 6301K(6528K)->6301K(6528K) NonClass: 5768K(5888K)->5768K(5888K) Class: 533K(640K)->533K(640K)
[0.262s][info][gc             ] GC(13) Pause Young (Allocation Failure) 11M->9M(16M) 5.368ms
[0.262s][info][gc,cpu         ] GC(13) User=0.00s Sys=0.00s Real=0.01s
[0.267s][info][gc,start       ] GC(14) Pause Young (Allocation Failure)
[0.273s][info][gc,heap        ] GC(14) DefNew: 5375K(5376K)->576K(5376K) Eden: 4800K(4800K)->0K(4800K) From: 575K(576K)->576K(576K)
[0.273s][info][gc,heap        ] GC(14) Tenured: 9027K(11888K)->11746K(11888K)
[0.273s][info][gc,metaspace   ] GC(14) Metaspace: 6301K(6528K)->6301K(6528K) NonClass: 5768K(5888K)->5768K(5888K) Class: 533K(640K)->533K(640K)
[0.273s][info][gc             ] GC(14) Pause Young (Allocation Failure) 14M->12M(16M) 6.333ms
[0.273s][info][gc,cpu         ] GC(14) User=0.00s Sys=0.00s Real=0.01s
[0.277s][info][gc,start       ] GC(15) Pause Young (Allocation Failure)
[0.283s][info][gc             ] GC(15) Pause Young (Allocation Failure) 16M->14M(19M) 5.875ms
[0.283s][info][gc,cpu         ] GC(15) User=0.00s Sys=0.00s Real=0.01s
[0.283s][info][gc,start       ] GC(16) Pause Full (Allocation Failure)
[0.283s][info][gc,phases,start] GC(16) Phase 1: Mark live objects
[0.291s][info][gc,phases      ] GC(16) Phase 1: Mark live objects 7.393ms
[0.291s][info][gc,phases,start] GC(16) Phase 2: Compute new object addresses
[0.293s][info][gc,phases      ] GC(16) Phase 2: Compute new object addresses 2.359ms
[0.293s][info][gc,phases,start] GC(16) Phase 3: Adjust pointers
[0.296s][info][gc,phases      ] GC(16) Phase 3: Adjust pointers 2.963ms
[0.296s][info][gc,phases,start] GC(16) Phase 4: Move objects
[0.297s][info][gc,phases      ] GC(16) Phase 4: Move objects 0.185ms
[0.297s][info][gc,heap        ] GC(16) DefNew: 5376K(5376K)->399K(10880K) Eden: 4800K(4800K)->399K(9728K) From: 576K(576K)->0K(1152K)
[0.297s][info][gc,heap        ] GC(16) Tenured: 11746K(11888K)->14383K(23976K)
[0.297s][info][gc,metaspace   ] GC(16) Metaspace: 6303K(6528K)->6303K(6528K) NonClass: 5770K(5888K)->5770K(5888K) Class: 533K(640K)->533K(640K)
[0.297s][info][gc             ] GC(16) Pause Full (Allocation Failure) 14M->14M(34M) 13.271ms
[0.297s][info][gc,cpu         ] GC(16) User=0.02s Sys=0.00s Real=0.01s
[0.305s][info][gc,start       ] GC(17) Pause Young (Allocation Failure)
[0.317s][info][gc,heap        ] GC(17) DefNew: 9728K(10880K)->1151K(10880K) Eden: 9728K(9728K)->0K(9728K) From: 0K(1152K)->1151K(1152K)
[0.317s][info][gc,heap        ] GC(17) Tenured: 14383K(23976K)->18401K(23976K)
[0.317s][info][gc,metaspace   ] GC(17) Metaspace: 6303K(6528K)->6303K(6528K) NonClass: 5770K(5888K)->5770K(5888K) Class: 533K(640K)->533K(640K)
[0.317s][info][gc             ] GC(17) Pause Young (Allocation Failure) 23M->19M(34M) 12.696ms
[0.317s][info][gc,cpu         ] GC(17) User=0.00s Sys=0.00s Real=0.01s
[0.324s][info][gc,start       ] GC(18) Pause Young (Allocation Failure)
[0.336s][info][gc,heap        ] GC(18) DefNew: 10879K(10880K)->1151K(10880K) Eden: 9728K(9728K)->0K(9728K) From: 1151K(1152K)->1151K(1152K)
[0.336s][info][gc,heap        ] GC(18) Tenured: 18401K(23976K)->23922K(23976K)
[0.336s][info][gc,metaspace   ] GC(18) Metaspace: 6303K(6528K)->6303K(6528K) NonClass: 5770K(5888K)->5770K(5888K) Class: 533K(640K)->533K(640K)
[0.336s][info][gc             ] GC(18) Pause Young (Allocation Failure) 28M->24M(34M) 11.807ms
[0.336s][info][gc,cpu         ] GC(18) User=0.00s Sys=0.00s Real=0.01s
[0.342s][info][gc,start       ] GC(19) Pause Young (Allocation Failure)
[0.353s][info][gc             ] GC(19) Pause Young (Allocation Failure) 33M->29M(38M) 11.105ms
[0.353s][info][gc,cpu         ] GC(19) User=0.00s Sys=0.00s Real=0.01s
[0.353s][info][gc,start       ] GC(20) Pause Full (Allocation Failure)
[0.353s][info][gc,phases,start] GC(20) Phase 1: Mark live objects
[0.367s][info][gc,phases      ] GC(20) Phase 1: Mark live objects 14.015ms
[0.367s][info][gc,phases,start] GC(20) Phase 2: Compute new object addresses
[0.372s][info][gc,phases      ] GC(20) Phase 2: Compute new object addresses 4.940ms
[0.372s][info][gc,phases,start] GC(20) Phase 3: Adjust pointers
[0.378s][info][gc,phases      ] GC(20) Phase 3: Adjust pointers 5.635ms
[0.378s][info][gc,phases,start] GC(20) Phase 4: Move objects
[0.378s][info][gc,phases      ] GC(20) Phase 4: Move objects 0.180ms
[0.378s][info][gc,heap        ] GC(20) DefNew: 10879K(10880K)->1066K(21888K) Eden: 9728K(9728K)->1066K(19520K) From: 1151K(1152K)->0K(2368K)
[0.378s][info][gc,heap        ] GC(20) Tenured: 23922K(23976K)->29035K(48396K)
[0.378s][info][gc,metaspace   ] GC(20) Metaspace: 6303K(6528K)->6303K(6528K) NonClass: 5770K(5888K)->5770K(5888K) Class: 533K(640K)->533K(640K)
[0.378s][info][gc             ] GC(20) Pause Full (Allocation Failure) 29M->29M(68M) 25.201ms
[0.378s][info][gc,cpu         ] GC(20) User=0.03s Sys=0.00s Real=0.03s
[0.392s][info][gc,start       ] GC(21) Pause Young (Allocation Failure)
[0.420s][info][gc,heap        ] GC(21) DefNew: 19520K(21888K)->2368K(21888K) Eden: 19520K(19520K)->0K(19520K) From: 0K(2368K)->2368K(2368K)
[0.420s][info][gc,heap        ] GC(21) Tenured: 29035K(48396K)->39327K(48396K)
[0.420s][info][gc,metaspace   ] GC(21) Metaspace: 6303K(6528K)->6303K(6528K) NonClass: 5770K(5888K)->5770K(5888K) Class: 533K(640K)->533K(640K)
[0.420s][info][gc             ] GC(21) Pause Young (Allocation Failure) 47M->40M(68M) 28.021ms
[0.420s][info][gc,cpu         ] GC(21) User=0.02s Sys=0.00s Real=0.03s
[0.439s][info][gc,start       ] GC(22) Pause Young (Allocation Failure)
[0.472s][info][gc             ] GC(22) Pause Young (Allocation Failure) 59M->59M(78M) 33.548ms
[0.472s][info][gc,cpu         ] GC(22) User=0.03s Sys=0.00s Real=0.03s
[0.472s][info][gc,start       ] GC(23) Pause Full (Allocation Failure)
[0.472s][info][gc,phases,start] GC(23) Phase 1: Mark live objects
[0.500s][info][gc,phases      ] GC(23) Phase 1: Mark live objects 27.303ms
[0.500s][info][gc,phases,start] GC(23) Phase 2: Compute new object addresses
[0.509s][info][gc,phases      ] GC(23) Phase 2: Compute new object addresses 9.598ms
[0.509s][info][gc,phases,start] GC(23) Phase 3: Adjust pointers
[0.521s][info][gc,phases      ] GC(23) Phase 3: Adjust pointers 11.208ms
[0.521s][info][gc,phases,start] GC(23) Phase 4: Move objects
[0.521s][info][gc,phases      ] GC(23) Phase 4: Move objects 0.556ms
[0.521s][info][gc,heap        ] GC(23) DefNew: 21888K(21888K)->2229K(44288K) Eden: 19520K(19520K)->2229K(39424K) From: 2368K(2368K)->0K(4864K)
[0.521s][info][gc,heap        ] GC(23) Tenured: 39327K(48396K)->58955K(98260K)
[0.521s][info][gc,metaspace   ] GC(23) Metaspace: 6303K(6528K)->6303K(6528K) NonClass: 5770K(5888K)->5770K(5888K) Class: 533K(640K)->533K(640K)
[0.522s][info][gc             ] GC(23) Pause Full (Allocation Failure) 59M->59M(139M) 49.307ms
[0.522s][info][gc,cpu         ] GC(23) User=0.03s Sys=0.00s Real=0.05s
[0.562s][info][gc,start       ] GC(24) Pause Young (Allocation Failure)
[0.622s][info][gc,heap        ] GC(24) DefNew: 39424K(44288K)->4863K(44288K) Eden: 39424K(39424K)->0K(39424K) From: 0K(4864K)->4863K(4864K)
[0.622s][info][gc,heap        ] GC(24) Tenured: 58955K(98260K)->93487K(98260K)
[0.622s][info][gc,metaspace   ] GC(24) Metaspace: 6303K(6528K)->6303K(6528K) NonClass: 5770K(5888K)->5770K(5888K) Class: 533K(640K)->533K(640K)
[0.622s][info][gc             ] GC(24) Pause Young (Allocation Failure) 96M->96M(139M) 60.543ms
[0.622s][info][gc,cpu         ] GC(24) User=0.05s Sys=0.00s Real=0.06s
[0.656s][info][gc,start       ] GC(25) Pause Young (Allocation Failure)
[0.724s][info][gc             ] GC(25) Pause Young (Allocation Failure) 134M->134M(173M) 68.952ms
[0.725s][info][gc,cpu         ] GC(25) User=0.06s Sys=0.00s Real=0.07s
[0.725s][info][gc,start       ] GC(26) Pause Full (Allocation Failure)
[0.725s][info][gc,phases,start] GC(26) Phase 1: Mark live objects
[0.781s][info][gc,phases      ] GC(26) Phase 1: Mark live objects 56.630ms
[0.781s][info][gc,phases,start] GC(26) Phase 2: Compute new object addresses
[0.802s][info][gc,phases      ] GC(26) Phase 2: Compute new object addresses 20.622ms
[0.802s][info][gc,phases,start] GC(26) Phase 3: Adjust pointers
[0.828s][info][gc,phases      ] GC(26) Phase 3: Adjust pointers 26.174ms
[0.828s][info][gc,phases,start] GC(26) Phase 4: Move objects
[0.852s][info][gc,phases      ] GC(26) Phase 4: Move objects 23.727ms
[0.852s][info][gc,heap        ] GC(26) DefNew: 44287K(44288K)->1017K(99712K) Eden: 39424K(39424K)->1017K(88640K) From: 4863K(4864K)->0K(11072K)
[0.852s][info][gc,heap        ] GC(26) Tenured: 93487K(98260K)->132887K(221480K)
[0.852s][info][gc,metaspace   ] GC(26) Metaspace: 6303K(6528K)->6303K(6528K) NonClass: 5770K(5888K)->5770K(5888K) Class: 533K(640K)->533K(640K)
[0.853s][info][gc             ] GC(26) Pause Full (Allocation Failure) 134M->130M(313M) 127.971ms
[0.853s][info][gc,cpu         ] GC(26) User=0.09s Sys=0.00s Real=0.13s
[0.948s][info][gc,start       ] GC(27) Pause Young (Allocation Failure)
[1.094s][info][gc,heap        ] GC(27) DefNew: 88640K(99712K)->11071K(99712K) Eden: 88640K(88640K)->0K(88640K) From: 0K(11072K)->11071K(11072K)
[1.094s][info][gc,heap        ] GC(27) Tenured: 132887K(221480K)->210429K(221480K)
[1.094s][info][gc,metaspace   ] GC(27) Metaspace: 6303K(6528K)->6303K(6528K) NonClass: 5770K(5888K)->5770K(5888K) Class: 533K(640K)->533K(640K)
[1.094s][info][gc             ] GC(27) Pause Young (Allocation Failure) 216M->216M(313M) 145.939ms
[1.094s][info][gc,cpu         ] GC(27) User=0.12s Sys=0.02s Real=0.15s
[1.172s][info][gc,start       ] GC(28) Pause Young (Allocation Failure)
[1.340s][info][gc             ] GC(28) Pause Young (Allocation Failure) 302M->302M(389M) 167.832ms
[1.340s][info][gc,cpu         ] GC(28) User=0.11s Sys=0.03s Real=0.17s
[1.340s][info][gc,start       ] GC(29) Pause Full (Allocation Failure)
[1.340s][info][gc,phases,start] GC(29) Phase 1: Mark live objects
[1.472s][info][gc,phases      ] GC(29) Phase 1: Mark live objects 132.036ms
[1.472s][info][gc,phases,start] GC(29) Phase 2: Compute new object addresses
[1.520s][info][gc,phases      ] GC(29) Phase 2: Compute new object addresses 48.003ms
[1.520s][info][gc,phases,start] GC(29) Phase 3: Adjust pointers
[1.575s][info][gc,phases      ] GC(29) Phase 3: Adjust pointers 55.255ms
[1.575s][info][gc,phases,start] GC(29) Phase 4: Move objects
[1.578s][info][gc,phases      ] GC(29) Phase 4: Move objects 2.683ms
[1.579s][info][gc,heap        ] GC(29) DefNew: 99711K(99712K)->10931K(224448K) Eden: 88640K(88640K)->10931K(199552K) From: 11071K(11072K)->0K(24896K)
[1.579s][info][gc,heap        ] GC(29) Tenured: 210429K(221480K)->299179K(498636K)
[1.579s][info][gc,metaspace   ] GC(29) Metaspace: 6303K(6528K)->6303K(6528K) NonClass: 5770K(5888K)->5770K(5888K) Class: 533K(640K)->533K(640K)
[1.579s][info][gc             ] GC(29) Pause Full (Allocation Failure) 302M->302M(706M) 239.330ms
[1.579s][info][gc,cpu         ] GC(29) User=0.25s Sys=0.00s Real=0.24s
[1.783s][info][gc,start       ] GC(30) Pause Young (Allocation Failure)
[2.116s][info][gc,heap        ] GC(30) DefNew: 199552K(224448K)->24895K(224448K) Eden: 199552K(199552K)->0K(199552K) From: 0K(24896K)->24895K(24896K)
[2.117s][info][gc,heap        ] GC(30) Tenured: 299179K(498636K)->473811K(498636K)
[2.117s][info][gc,metaspace   ] GC(30) Metaspace: 6303K(6528K)->6303K(6528K) NonClass: 5770K(5888K)->5770K(5888K) Class: 533K(640K)->533K(640K)
[2.117s][info][gc             ] GC(30) Pause Young (Allocation Failure) 487M->487M(706M) 333.232ms
[2.117s][info][gc,cpu         ] GC(30) User=0.27s Sys=0.06s Real=0.33s
[2.301s][info][gc,start       ] GC(31) Pause Young (Allocation Failure)
[2.679s][info][gc             ] GC(31) Pause Young (Allocation Failure) 681M->681M(876M) 377.797ms
[2.679s][info][gc,cpu         ] GC(31) User=0.33s Sys=0.03s Real=0.38s
[2.679s][info][gc,start       ] GC(32) Pause Full (Allocation Failure)
[2.679s][info][gc,phases,start] GC(32) Phase 1: Mark live objects
[2.979s][info][gc,phases      ] GC(32) Phase 1: Mark live objects 300.037ms
[2.979s][info][gc,phases,start] GC(32) Phase 2: Compute new object addresses
[3.087s][info][gc,phases      ] GC(32) Phase 2: Compute new object addresses 107.648ms
[3.087s][info][gc,phases,start] GC(32) Phase 3: Adjust pointers
[3.200s][info][gc,phases      ] GC(32) Phase 3: Adjust pointers 113.054ms
[3.200s][info][gc,phases,start] GC(32) Phase 4: Move objects
[3.205s][info][gc,phases      ] GC(32) Phase 4: Move objects 4.889ms
[3.207s][info][gc,heap        ] GC(32) DefNew: 224447K(224448K)->24800K(505152K) Eden: 199552K(199552K)->24800K(449088K) From: 24895K(24896K)->0K(56064K)
[3.207s][info][gc,heap        ] GC(32) Tenured: 473811K(498636K)->673423K(1122376K)
[3.207s][info][gc,metaspace   ] GC(32) Metaspace: 6303K(6528K)->6303K(6528K) NonClass: 5770K(5888K)->5770K(5888K) Class: 533K(640K)->533K(640K)
[3.207s][info][gc             ] GC(32) Pause Full (Allocation Failure) 681M->681M(1589M) 527.988ms
[3.207s][info][gc,cpu         ] GC(32) User=0.53s Sys=0.00s Real=0.53s
[3.663s][info][gc,start       ] GC(33) Pause Young (Allocation Failure)
[4.423s][info][gc,heap        ] GC(33) DefNew: 449088K(505152K)->56063K(505152K) Eden: 449088K(449088K)->0K(449088K) From: 0K(56064K)->56063K(56064K)
[4.423s][info][gc,heap        ] GC(33) Tenured: 673423K(1122376K)->1066421K(1122376K)
[4.423s][info][gc,metaspace   ] GC(33) Metaspace: 6303K(6528K)->6303K(6528K) NonClass: 5770K(5888K)->5770K(5888K) Class: 533K(640K)->533K(640K)
[4.423s][info][gc             ] GC(33) Pause Young (Allocation Failure) 1096M->1096M(1589M) 760.297ms
[4.423s][info][gc,cpu         ] GC(33) User=0.69s Sys=0.06s Real=0.76s
[4.915s][info][gc,start       ] GC(34) Pause Young (Allocation Failure)
[5.649s][info][gc             ] GC(34) Pause Young (Allocation Failure) 1534M->1481M(1920M) 734.545ms
[5.649s][info][gc,cpu         ] GC(34) User=0.55s Sys=0.14s Real=0.73s
[5.649s][info][gc,start       ] GC(35) Pause Full (Allocation Failure)
[5.649s][info][gc,phases,start] GC(35) Phase 1: Mark live objects
[6.308s][info][gc,phases      ] GC(35) Phase 1: Mark live objects 658.224ms
[6.308s][info][gc,phases,start] GC(35) Phase 2: Compute new object addresses
[6.530s][info][gc,phases      ] GC(35) Phase 2: Compute new object addresses 221.957ms
[6.530s][info][gc,phases,start] GC(35) Phase 3: Adjust pointers
[6.792s][info][gc,phases      ] GC(35) Phase 3: Adjust pointers 262.244ms
[6.792s][info][gc,phases,start] GC(35) Phase 4: Move objects
[6.802s][info][gc,phases      ] GC(35) Phase 4: Move objects 10.391ms
[6.806s][info][gc,heap        ] GC(35) DefNew: 505151K(505152K)->56014K(1095936K) Eden: 449088K(449088K)->56014K(974208K) From: 56063K(56064K)->0K(121728K)
[6.806s][info][gc,heap        ] GC(35) Tenured: 1066421K(1122376K)->1461131K(2435220K)
[6.806s][info][gc,metaspace   ] GC(35) Metaspace: 6303K(6528K)->6303K(6528K) NonClass: 5770K(5888K)->5770K(5888K) Class: 533K(640K)->533K(640K)
[6.806s][info][gc             ] GC(35) Pause Full (Allocation Failure) 1481M->1481M(3448M) 1157.112ms
[6.806s][info][gc,cpu         ] GC(35) User=1.12s Sys=0.00s Real=1.16s
[7.774s][info][gc,start       ] GC(36) Pause Young (Allocation Failure)
[9.507s][info][gc,heap        ] GC(36) DefNew: 974208K(1095936K)->121728K(1095936K) Eden: 974208K(974208K)->0K(974208K) From: 0K(121728K)->121728K(121728K)
[9.507s][info][gc,heap        ] GC(36) Tenured: 1461131K(2435220K)->2313584K(2435220K)
[9.507s][info][gc,metaspace   ] GC(36) Metaspace: 6303K(6528K)->6303K(6528K) NonClass: 5770K(5888K)->5770K(5888K) Class: 533K(640K)->533K(640K)
[9.507s][info][gc             ] GC(36) Pause Young (Allocation Failure) 2378M->2378M(3448M) 1733.010ms
[9.507s][info][gc,cpu         ] GC(36) User=1.52s Sys=0.19s Real=1.73s
[10.500s][info][gc,start       ] GC(37) Pause Young (Allocation Failure)
[12.179s][info][gc             ] GC(37) Pause Young (Allocation Failure) 3329M->3329M(4281M) 1679.236ms
[12.179s][info][gc,cpu         ] GC(37) User=1.38s Sys=0.30s Real=1.68s
[12.179s][info][gc,start       ] GC(38) Pause Full (Allocation Failure)
[12.179s][info][gc,phases,start] GC(38) Phase 1: Mark live objects
[13.669s][info][gc,phases      ] GC(38) Phase 1: Mark live objects 1489.828ms
[13.669s][info][gc,phases,start] GC(38) Phase 2: Compute new object addresses
[14.163s][info][gc,phases      ] GC(38) Phase 2: Compute new object addresses 494.322ms
[14.163s][info][gc,phases,start] GC(38) Phase 3: Adjust pointers
[14.846s][info][gc,phases      ] GC(38) Phase 3: Adjust pointers 682.779ms
[14.846s][info][gc,phases,start] GC(38) Phase 4: Move objects
[15.465s][info][gc,phases      ] GC(38) Phase 4: Move objects 618.472ms
[15.474s][info][gc,heap        ] GC(38) DefNew: 1095936K(1095936K)->27448K(2465920K) Eden: 974208K(974208K)->27448K(2191936K) From: 121728K(121728K)->0K(273984K)
[15.474s][info][gc,heap        ] GC(38) Tenured: 2313584K(2435220K)->3287831K(5479720K)
[15.474s][info][gc,metaspace   ] GC(38) Metaspace: 6303K(6528K)->6303K(6528K) NonClass: 5770K(5888K)->5770K(5888K) Class: 533K(640K)->533K(640K)
[15.474s][info][gc             ] GC(38) Pause Full (Allocation Failure) 3329M->3237M(7759M) 3294.653ms
[15.474s][info][gc,cpu         ] GC(38) User=3.22s Sys=0.02s Real=3.29s
[17.667s][info][gc,start       ] GC(39) Pause Young (Allocation Failure)
[21.451s][info][gc,heap        ] GC(39) DefNew: 2191936K(2465920K)->273983K(2465920K) Eden: 2191936K(2191936K)->0K(2191936K) From: 0K(273984K)->273983K(273984K)
[21.451s][info][gc,heap        ] GC(39) Tenured: 3287831K(5479720K)->5205750K(5479720K)
[21.451s][info][gc,metaspace   ] GC(39) Metaspace: 6303K(6528K)->6303K(6528K) NonClass: 5770K(5888K)->5770K(5888K) Class: 533K(640K)->533K(640K)
[21.451s][info][gc             ] GC(39) Pause Young (Allocation Failure) 5351M->5351M(7759M) 3784.374ms
[21.451s][info][gc,cpu         ] GC(39) User=3.16s Sys=0.61s Real=3.78s
[23.536s][info][gc,start       ] GC(40) Pause Young (Allocation Failure)
[27.305s][info][gc             ] GC(40) Pause Young (Allocation Failure) 7491M->7491M(9632M) 3768.730ms
[27.305s][info][gc,cpu         ] GC(40) User=3.12s Sys=0.64s Real=3.77s
[27.305s][info][gc,start       ] GC(41) Pause Full (Allocation Failure)
[27.305s][info][gc,phases,start] GC(41) Phase 1: Mark live objects
[30.803s][info][gc,phases      ] GC(41) Phase 1: Mark live objects 3497.908ms
[30.803s][info][gc,phases,start] GC(41) Phase 2: Compute new object addresses
[31.967s][info][gc,phases      ] GC(41) Phase 2: Compute new object addresses 1163.836ms
[31.967s][info][gc,phases,start] GC(41) Phase 3: Adjust pointers
[33.234s][info][gc,phases      ] GC(41) Phase 3: Adjust pointers 1266.887ms
[33.234s][info][gc,phases,start] GC(41) Phase 4: Move objects
[33.292s][info][gc,phases      ] GC(41) Phase 4: Move objects 58.064ms
[33.411s][info][gc,heap        ] GC(41) DefNew: 2465919K(2465920K)->273969K(4423680K) Eden: 2191936K(2191936K)->273969K(3932160K) From: 273983K(273984K)->0K(491520K)
[33.411s][info][gc,heap        ] GC(41) Tenured: 5205750K(5479720K)->7397675K(9830400K)
[33.411s][info][gc,metaspace   ] GC(41) Metaspace: 6303K(6528K)->6303K(6528K) NonClass: 5770K(5888K)->5770K(5888K) Class: 533K(640K)->533K(640K)
[33.411s][info][gc             ] GC(41) Pause Full (Allocation Failure) 7491M->7491M(13920M) 6106.537ms
[33.411s][info][gc,cpu         ] GC(41) User=5.92s Sys=0.02s Real=6.11s
[36.989s][info][gc,start       ] GC(42) Pause Young (Allocation Failure)
[50.244s][info][gc,promotion   ] GC(42) Promotion failed
[50.244s][info][gc             ] GC(42) Pause Young (Allocation Failure) 11064M->13919M(13920M) 13254.486ms
[50.244s][info][gc,cpu         ] GC(42) User=6.70s Sys=3.48s Real=13.26s
[50.244s][info][gc,start       ] GC(43) Pause Full (Allocation Failure)
[50.244s][info][gc,phases,start] GC(43) Phase 1: Mark live objects
[72.070s][info][gc,phases      ] GC(43) Phase 1: Mark live objects 21825.896ms
[72.070s][info][gc,phases,start] GC(43) Phase 2: Compute new object addresses
[80.998s][info][gc,phases      ] GC(43) Phase 2: Compute new object addresses 8928.047ms
[80.998s][info][gc,phases,start] GC(43) Phase 3: Adjust pointers
[88.815s][info][gc,phases      ] GC(43) Phase 3: Adjust pointers 7816.479ms
[88.815s][info][gc,phases,start] GC(43) Phase 4: Move objects
[92.341s][info][gc,phases      ] GC(43) Phase 4: Move objects 3526.630ms
[92.371s][info][gc,heap        ] GC(43) DefNew: 3932160K(4423680K)->1499408K(4423680K) Eden: 3932160K(3932160K)->1499408K(3932160K) From: 0K(491520K)->0K(491520K)
[92.371s][info][gc,heap        ] GC(43) Tenured: 7397675K(9830400K)->9830399K(9830400K)
[92.371s][info][gc,metaspace   ] GC(43) Metaspace: 6303K(6528K)->6303K(6528K) NonClass: 5770K(5888K)->5770K(5888K) Class: 533K(640K)->533K(640K)
[92.371s][info][gc             ] GC(43) Pause Full (Allocation Failure) 13919M->11064M(13920M) 42127.154ms
[92.371s][info][gc,cpu         ] GC(43) User=9.80s Sys=18.45s Real=42.13s
[97.409s][info][gc,start       ] GC(44) Pause Full (Allocation Failure)
[97.409s][info][gc,phases,start] GC(44) Phase 1: Mark live objects
[105.034s][info][gc,phases      ] GC(44) Phase 1: Mark live objects 7624.371ms
[105.034s][info][gc,phases,start] GC(44) Phase 2: Compute new object addresses
[107.720s][info][gc,phases      ] GC(44) Phase 2: Compute new object addresses 2686.831ms
[107.721s][info][gc,phases,start] GC(44) Phase 3: Adjust pointers
[110.394s][info][gc,phases      ] GC(44) Phase 3: Adjust pointers 2673.578ms
[110.394s][info][gc,phases,start] GC(44) Phase 4: Move objects
[110.810s][info][gc,phases      ] GC(44) Phase 4: Move objects 416.247ms
[110.811s][info][gc,heap        ] GC(44) DefNew: 4423679K(4423680K)->4423664K(4423680K) Eden: 3932160K(3932160K)->3932159K(3932160K) From: 491519K(491520K)->491504K(491520K)
[110.811s][info][gc,heap        ] GC(44) Tenured: 9830399K(9830400K)->9830399K(9830400K)
[110.811s][info][gc,metaspace   ] GC(44) Metaspace: 6303K(6528K)->6303K(6528K) NonClass: 5770K(5888K)->5770K(5888K) Class: 533K(640K)->533K(640K)
[110.811s][info][gc             ] GC(44) Pause Full (Allocation Failure) 13919M->13919M(13920M) 13402.423ms
[110.811s][info][gc,cpu         ] GC(44) User=11.47s Sys=1.80s Real=13.40s
[110.812s][info][gc,start       ] GC(45) Pause Full (Allocation Failure)
[110.812s][info][gc,phases,start] GC(45) Phase 1: Mark live objects
[117.018s][info][gc,phases      ] GC(45) Phase 1: Mark live objects 6206.248ms
[117.018s][info][gc,phases,start] GC(45) Phase 2: Compute new object addresses
[118.896s][info][gc,phases      ] GC(45) Phase 2: Compute new object addresses 1877.190ms
[118.896s][info][gc,phases,start] GC(45) Phase 3: Adjust pointers
[121.851s][info][gc,phases      ] GC(45) Phase 3: Adjust pointers 2955.019ms
[121.851s][info][gc,phases,start] GC(45) Phase 4: Move objects
[126.565s][info][gc,phases      ] GC(45) Phase 4: Move objects 4713.748ms
[126.566s][info][gc,heap        ] GC(45) DefNew: 4423679K(4423680K)->4030463K(4423680K) Eden: 3932159K(3932160K)->3932159K(3932160K) From: 491519K(491520K)->98304K(491520K)
[126.566s][info][gc,heap        ] GC(45) Tenured: 9830399K(9830400K)->9830399K(9830400K)
[126.566s][info][gc,metaspace   ] GC(45) Metaspace: 6303K(6528K)->6303K(6528K) NonClass: 5770K(5888K)->5770K(5888K) Class: 533K(640K)->533K(640K)
[126.566s][info][gc             ] GC(45) Pause Full (Allocation Failure) 13919M->13535M(13920M) 15753.679ms
[126.566s][info][gc,cpu         ] GC(45) User=13.72s Sys=1.75s Real=15.75s
[127.665s][info][gc,start       ] GC(46) Pause Full (Allocation Failure)
[127.665s][info][gc,phases,start] GC(46) Phase 1: Mark live objects
[134.690s][info][gc,phases      ] GC(46) Phase 1: Mark live objects 7024.357ms
[134.690s][info][gc,phases,start] GC(46) Phase 2: Compute new object addresses
[137.501s][info][gc,phases      ] GC(46) Phase 2: Compute new object addresses 2811.439ms
[137.501s][info][gc,phases,start] GC(46) Phase 3: Adjust pointers
[140.862s][info][gc,phases      ] GC(46) Phase 3: Adjust pointers 3360.433ms
[140.862s][info][gc,phases,start] GC(46) Phase 4: Move objects
[140.862s][info][gc,phases      ] GC(46) Phase 4: Move objects 0.018ms
[140.863s][info][gc,heap        ] GC(46) DefNew: 4423679K(4423680K)->4423679K(4423680K) Eden: 3932160K(3932160K)->3932160K(3932160K) From: 491519K(491520K)->491519K(491520K)
[140.863s][info][gc,heap        ] GC(46) Tenured: 9830399K(9830400K)->9830399K(9830400K)
[140.863s][info][gc,metaspace   ] GC(46) Metaspace: 6303K(6528K)->6303K(6528K) NonClass: 5770K(5888K)->5770K(5888K) Class: 533K(640K)->533K(640K)
[140.863s][info][gc             ] GC(46) Pause Full (Allocation Failure) 13919M->13919M(13920M) 13197.596ms
[140.863s][info][gc,cpu         ] GC(46) User=12.91s Sys=0.03s Real=13.20s
[140.863s][info][gc,start       ] GC(47) Pause Full (Allocation Failure)
[140.863s][info][gc,phases,start] GC(47) Phase 1: Mark live objects
[147.942s][info][gc,phases      ] GC(47) Phase 1: Mark live objects 7078.853ms
[147.942s][info][gc,phases,start] GC(47) Phase 2: Compute new object addresses
[150.263s][info][gc,phases      ] GC(47) Phase 2: Compute new object addresses 2320.472ms
[150.263s][info][gc,phases,start] GC(47) Phase 3: Adjust pointers
[153.928s][info][gc,phases      ] GC(47) Phase 3: Adjust pointers 3665.788ms
[153.928s][info][gc,phases,start] GC(47) Phase 4: Move objects
[157.026s][info][gc,phases      ] GC(47) Phase 4: Move objects 3097.295ms
[157.029s][info][gc,heap        ] GC(47) DefNew: 4423679K(4423680K)->4423675K(4423680K) Eden: 3932160K(3932160K)->3932159K(3932160K) From: 491519K(491520K)->491515K(491520K)
[157.029s][info][gc,heap        ] GC(47) Tenured: 9830399K(9830400K)->9830399K(9830400K)
[157.029s][info][gc,metaspace   ] GC(47) Metaspace: 6303K(6528K)->6301K(6528K) NonClass: 5770K(5888K)->5769K(5888K) Class: 533K(640K)->532K(640K)
[157.029s][info][gc             ] GC(47) Pause Full (Allocation Failure) 13919M->13919M(13920M) 16166.088ms
[157.029s][info][gc,cpu         ] GC(47) User=16.08s Sys=0.03s Real=16.17s
[157.054s][info][gc,start       ] GC(48) Pause Full (Allocation Failure)
[157.054s][info][gc,phases,start] GC(48) Phase 1: Mark live objects
[164.030s][info][gc,phases      ] GC(48) Phase 1: Mark live objects 6975.723ms
[164.030s][info][gc,phases,start] GC(48) Phase 2: Compute new object addresses
[166.658s][info][gc,phases      ] GC(48) Phase 2: Compute new object addresses 2627.936ms
[166.658s][info][gc,phases,start] GC(48) Phase 3: Adjust pointers
[169.470s][info][gc,phases      ] GC(48) Phase 3: Adjust pointers 2811.898ms
[169.470s][info][gc,phases,start] GC(48) Phase 4: Move objects
[169.470s][info][gc,phases      ] GC(48) Phase 4: Move objects 0.016ms
[169.471s][info][gc,heap        ] GC(48) DefNew: 4423679K(4423680K)->4423679K(4423680K) Eden: 3932160K(3932160K)->3932160K(3932160K) From: 491519K(491520K)->491519K(491520K)
[169.471s][info][gc,heap        ] GC(48) Tenured: 9830399K(9830400K)->9830399K(9830400K)
[169.471s][info][gc,metaspace   ] GC(48) Metaspace: 6301K(6528K)->6301K(6528K) NonClass: 5769K(5888K)->5769K(5888K) Class: 532K(640K)->532K(640K)
[169.471s][info][gc             ] GC(48) Pause Full (Allocation Failure) 13919M->13919M(13920M) 12416.982ms
[169.471s][info][gc,cpu         ] GC(48) User=12.34s Sys=0.00s Real=12.42s
[169.471s][info][gc,start       ] GC(49) Pause Full (Allocation Failure)
[169.471s][info][gc,phases,start] GC(49) Phase 1: Mark live objects
[175.988s][info][gc,phases      ] GC(49) Phase 1: Mark live objects 6517.144ms
[175.988s][info][gc,phases,start] GC(49) Phase 2: Compute new object addresses
[178.054s][info][gc,phases      ] GC(49) Phase 2: Compute new object addresses 2065.856ms
[178.054s][info][gc,phases,start] GC(49) Phase 3: Adjust pointers
[180.717s][info][gc,phases      ] GC(49) Phase 3: Adjust pointers 2662.641ms
[180.717s][info][gc,phases,start] GC(49) Phase 4: Move objects
[180.717s][info][gc,phases      ] GC(49) Phase 4: Move objects 0.018ms
[180.718s][info][gc,heap        ] GC(49) DefNew: 4423679K(4423680K)->4423679K(4423680K) Eden: 3932160K(3932160K)->3932160K(3932160K) From: 491519K(491520K)->491519K(491520K)
[180.718s][info][gc,heap        ] GC(49) Tenured: 9830399K(9830400K)->9830399K(9830400K)
[180.718s][info][gc,metaspace   ] GC(49) Metaspace: 6301K(6528K)->6301K(6528K) NonClass: 5769K(5888K)->5769K(5888K) Class: 532K(640K)->532K(640K)
[180.718s][info][gc             ] GC(49) Pause Full (Allocation Failure) 13919M->13919M(13920M) 11246.953ms
[180.718s][info][gc,cpu         ] GC(49) User=11.20s Sys=0.00s Real=11.25s
[180.721s][info][gc,start       ] GC(50) Pause Full (Allocation Failure)
[180.721s][info][gc,phases,start] GC(50) Phase 1: Mark live objects
[187.487s][info][gc,phases      ] GC(50) Phase 1: Mark live objects 6766.080ms
[187.488s][info][gc,phases,start] GC(50) Phase 2: Compute new object addresses
[190.087s][info][gc,phases      ] GC(50) Phase 2: Compute new object addresses 2599.917ms
[190.088s][info][gc,phases,start] GC(50) Phase 3: Adjust pointers
[193.548s][info][gc,phases      ] GC(50) Phase 3: Adjust pointers 3460.107ms
[193.548s][info][gc,phases,start] GC(50) Phase 4: Move objects
[193.548s][info][gc,phases      ] GC(50) Phase 4: Move objects 0.018ms
[193.549s][info][gc,heap        ] GC(50) DefNew: 4423679K(4423680K)->4423679K(4423680K) Eden: 3932160K(3932160K)->3932160K(3932160K) From: 491519K(491520K)->491519K(491520K)
[193.549s][info][gc,heap        ] GC(50) Tenured: 9830400K(9830400K)->9830400K(9830400K)
[193.549s][info][gc,metaspace   ] GC(50) Metaspace: 6301K(6528K)->6301K(6528K) NonClass: 5769K(5888K)->5769K(5888K) Class: 532K(640K)->532K(640K)
[193.549s][info][gc             ] GC(50) Pause Full (Allocation Failure) 13919M->13919M(13920M) 12827.471ms
[193.549s][info][gc,cpu         ] GC(50) User=12.69s Sys=0.00s Real=12.83s
[193.549s][info][gc,start       ] GC(51) Pause Full (Allocation Failure)
[193.549s][info][gc,phases,start] GC(51) Phase 1: Mark live objects
[200.428s][info][gc,phases      ] GC(51) Phase 1: Mark live objects 6879.448ms
[200.428s][info][gc,phases,start] GC(51) Phase 2: Compute new object addresses
[202.472s][info][gc,phases      ] GC(51) Phase 2: Compute new object addresses 2043.815ms
[202.472s][info][gc,phases,start] GC(51) Phase 3: Adjust pointers
[205.929s][info][gc,phases      ] GC(51) Phase 3: Adjust pointers 3456.793ms
[205.929s][info][gc,phases,start] GC(51) Phase 4: Move objects
[209.163s][info][gc,phases      ] GC(51) Phase 4: Move objects 3233.403ms
[209.164s][info][gc,heap        ] GC(51) DefNew: 4423679K(4423680K)->4423678K(4423680K) Eden: 3932160K(3932160K)->3932159K(3932160K) From: 491519K(491520K)->491518K(491520K)
[209.164s][info][gc,heap        ] GC(51) Tenured: 9830400K(9830400K)->9830399K(9830400K)
[209.164s][info][gc,metaspace   ] GC(51) Metaspace: 6301K(6528K)->6301K(6528K) NonClass: 5769K(5888K)->5769K(5888K) Class: 532K(640K)->532K(640K)
[209.164s][info][gc             ] GC(51) Pause Full (Allocation Failure) 13919M->13919M(13920M) 15614.918ms
[209.164s][info][gc,cpu         ] GC(51) User=15.48s Sys=0.00s Real=15.62s
[209.183s][info][gc,start       ] GC(52) Pause Full (Allocation Failure)
[209.183s][info][gc,phases,start] GC(52) Phase 1: Mark live objects
[217.372s][info][gc,phases      ] GC(52) Phase 1: Mark live objects 8188.868ms
[217.372s][info][gc,phases,start] GC(52) Phase 2: Compute new object addresses
[220.084s][info][gc,phases      ] GC(52) Phase 2: Compute new object addresses 2711.609ms
[220.084s][info][gc,phases,start] GC(52) Phase 3: Adjust pointers
[230.299s][info][gc,phases      ] GC(52) Phase 3: Adjust pointers 10212.844ms
[230.303s][info][gc,phases,start] GC(52) Phase 4: Move objects
[230.303s][info][gc,phases      ] GC(52) Phase 4: Move objects 0.584ms
[230.331s][info][gc,heap        ] GC(52) DefNew: 4423679K(4423680K)->4423679K(4423680K) Eden: 3932160K(3932160K)->3932159K(3932160K) From: 491519K(491520K)->491519K(491520K)
[230.331s][info][gc,heap        ] GC(52) Tenured: 9830399K(9830400K)->9830399K(9830400K)
[230.331s][info][gc,metaspace   ] GC(52) Metaspace: 6303K(6528K)->6303K(6528K) NonClass: 5769K(5888K)->5769K(5888K) Class: 533K(640K)->533K(640K)
[230.332s][info][gc             ] GC(52) Pause Full (Allocation Failure) 13919M->13919M(13920M) 21149.275ms
[230.334s][info][gc,cpu         ] GC(52) User=12.61s Sys=3.36s Real=21.15s
[230.384s][info][gc,heap,exit   ] Heap
[230.384s][info][gc,heap,exit   ]  def new generation   total 4423680K, used 4423679K [0x000000047c000000, 0x00000005a8000000, 0x00000005a8000000)
[230.384s][info][gc,heap,exit   ]   eden space 3932160K, 100% used [0x000000047c000000, 0x000000056c000000, 0x000000056c000000)
[230.384s][info][gc,heap,exit   ]   from space 491520K,  99% used [0x000000058a000000, 0x00000005a7ffff70, 0x00000005a8000000)
[230.384s][info][gc,heap,exit   ]   to   space 491520K,   0% used [0x000000056c000000, 0x000000056c000000, 0x000000058a000000)
[230.384s][info][gc,heap,exit   ]  tenured generation   total 9830400K, used 9830399K [0x00000005a8000000, 0x0000000800000000, 0x0000000800000000)
[230.384s][info][gc,heap,exit   ]    the space 9830400K,  99% used [0x00000005a8000000, 0x00000007ffffffe0, 0x0000000800000000, 0x0000000800000000)
[230.384s][info][gc,heap,exit   ]  Metaspace       used 6306K, committed 6528K, reserved 1114112K
[230.384s][info][gc,heap,exit   ]   class space    used 534K, committed 640K, reserved 1048576K
