[0.011s][info][gc,init] CardTable entry size: 512
[0.011s][info][gc     ] Using Serial
[0.011s][info][gc,init] Version: 18.0.1+10 (release)
[0.011s][info][gc,init] CPUs: 8 total, 8 available
[0.011s][info][gc,init] Memory: 16063M
[0.012s][info][gc,init] Large Page Support: Disabled
[0.012s][info][gc,init] NUMA Support: Disabled
[0.012s][info][gc,init] Compressed Oops: Enabled (Zero based)
[0.012s][info][gc,init] Heap Min Capacity: 2M
[0.012s][info][gc,init] Heap Initial Capacity: 2M
[0.012s][info][gc,init] Heap Max Capacity: 8500M
[0.012s][info][gc,init] Pre-touch: Disabled
[0.012s][info][gc,metaspace] CDS archive(s) not mapped
[0.012s][info][gc,metaspace] Compressed class space mapped at: 0x0000000800000000-0x0000000840000000, reserved size: 1073741824
[0.012s][info][gc,metaspace] Narrow klass base: 0x0000000800000000, Narrow klass shift: 0, Narrow klass range: 0x40000000
[0.168s][info][gc,start    ] GC(0) Pause Young (Allocation Failure)
[0.169s][info][gc,heap     ] GC(0) DefNew: 1023K(1152K)->127K(1152K) Eden: 1023K(1024K)->0K(1024K) From: 0K(128K)->127K(128K)
[0.169s][info][gc,heap     ] GC(0) Tenured: 0K(768K)->440K(768K)
[0.169s][info][gc,metaspace] GC(0) Metaspace: 5903K(6016K)->5903K(6016K) NonClass: 5403K(5504K)->5403K(5504K) Class: 499K(512K)->499K(512K)
[0.169s][info][gc          ] GC(0) Pause Young (Allocation Failure) 0M->0M(1M) 1.720ms
[0.170s][info][gc,cpu      ] GC(0) User=0.00s Sys=0.00s Real=0.00s
[0.188s][info][gc,start    ] GC(1) Pause Young (Allocation Failure)
[0.189s][info][gc          ] GC(1) Pause Young (Allocation Failure) 1M->0M(2M) 1.463ms
[0.189s][info][gc,cpu      ] GC(1) User=0.00s Sys=0.00s Real=0.00s
[0.189s][info][gc,start    ] GC(2) Pause Full (Allocation Failure)
[0.189s][info][gc,phases,start] GC(2) Phase 1: Mark live objects
[0.190s][info][gc,phases      ] GC(2) Phase 1: Mark live objects 0.967ms
[0.190s][info][gc,phases,start] GC(2) Phase 2: Compute new object addresses
[0.191s][info][gc,phases      ] GC(2) Phase 2: Compute new object addresses 0.214ms
[0.191s][info][gc,phases,start] GC(2) Phase 3: Adjust pointers
[0.191s][info][gc,phases      ] GC(2) Phase 3: Adjust pointers 0.521ms
[0.191s][info][gc,phases,start] GC(2) Phase 4: Move objects
[0.191s][info][gc,phases      ] GC(2) Phase 4: Move objects 0.066ms
[0.191s][info][gc,heap        ] GC(2) DefNew: 1151K(1152K)->40K(1152K) Eden: 1024K(1024K)->40K(1024K) From: 127K(128K)->0K(128K)
[0.191s][info][gc,heap        ] GC(2) Tenured: 440K(768K)->959K(1600K)
[0.191s][info][gc,metaspace   ] GC(2) Metaspace: 6301K(6528K)->6301K(6528K) NonClass: 5768K(5888K)->5768K(5888K) Class: 533K(640K)->533K(640K)
[0.191s][info][gc             ] GC(2) Pause Full (Allocation Failure) 0M->0M(2M) 2.059ms
[0.191s][info][gc,cpu         ] GC(2) User=0.00s Sys=0.00s Real=0.00s
[0.193s][info][gc,start       ] GC(3) Pause Young (Allocation Failure)
[0.194s][info][gc,heap        ] GC(3) DefNew: 1024K(1152K)->128K(1152K) Eden: 1024K(1024K)->0K(1024K) From: 0K(128K)->128K(128K)
[0.194s][info][gc,heap        ] GC(3) Tenured: 959K(1600K)->1375K(1600K)
[0.194s][info][gc,metaspace   ] GC(3) Metaspace: 6301K(6528K)->6301K(6528K) NonClass: 5768K(5888K)->5768K(5888K) Class: 533K(640K)->533K(640K)
[0.194s][info][gc             ] GC(3) Pause Young (Allocation Failure) 1M->1M(2M) 1.732ms
[0.194s][info][gc,cpu         ] GC(3) User=0.00s Sys=0.00s Real=0.00s
[0.196s][info][gc,start       ] GC(4) Pause Young (Allocation Failure)
[0.197s][info][gc             ] GC(4) Pause Young (Allocation Failure) 2M->1M(3M) 1.344ms
[0.197s][info][gc,cpu         ] GC(4) User=0.00s Sys=0.00s Real=0.00s
[0.197s][info][gc,start       ] GC(5) Pause Full (Allocation Failure)
[0.197s][info][gc,phases,start] GC(5) Phase 1: Mark live objects
[0.199s][info][gc,phases      ] GC(5) Phase 1: Mark live objects 1.436ms
[0.199s][info][gc,phases,start] GC(5) Phase 2: Compute new object addresses
[0.199s][info][gc,phases      ] GC(5) Phase 2: Compute new object addresses 0.392ms
[0.199s][info][gc,phases,start] GC(5) Phase 3: Adjust pointers
[0.200s][info][gc,phases      ] GC(5) Phase 3: Adjust pointers 0.722ms
[0.200s][info][gc,phases,start] GC(5) Phase 4: Move objects
[0.200s][info][gc,phases      ] GC(5) Phase 4: Move objects 0.075ms
[0.200s][info][gc,heap        ] GC(5) DefNew: 1152K(1152K)->35K(1536K) Eden: 1024K(1024K)->35K(1408K) From: 128K(128K)->0K(128K)
[0.200s][info][gc,heap        ] GC(5) Tenured: 1375K(1600K)->1983K(3308K)
[0.200s][info][gc,metaspace   ] GC(5) Metaspace: 6301K(6528K)->6301K(6528K) NonClass: 5768K(5888K)->5768K(5888K) Class: 533K(640K)->533K(640K)
[0.200s][info][gc             ] GC(5) Pause Full (Allocation Failure) 1M->1M(4M) 3.139ms
[0.200s][info][gc,cpu         ] GC(5) User=0.00s Sys=0.00s Real=0.00s
[0.202s][info][gc,start       ] GC(6) Pause Young (Allocation Failure)
[0.204s][info][gc,heap        ] GC(6) DefNew: 1408K(1536K)->127K(1536K) Eden: 1408K(1408K)->0K(1408K) From: 0K(128K)->127K(128K)
[0.204s][info][gc,heap        ] GC(6) Tenured: 1983K(3308K)->2617K(3308K)
[0.204s][info][gc,metaspace   ] GC(6) Metaspace: 6301K(6528K)->6301K(6528K) NonClass: 5768K(5888K)->5768K(5888K) Class: 533K(640K)->533K(640K)
[0.204s][info][gc             ] GC(6) Pause Young (Allocation Failure) 3M->2M(4M) 2.054ms
[0.204s][info][gc,cpu         ] GC(6) User=0.00s Sys=0.00s Real=0.00s
[0.206s][info][gc,start       ] GC(7) Pause Young (Allocation Failure)
[0.208s][info][gc             ] GC(7) Pause Young (Allocation Failure) 4M->3M(4M) 1.772ms
[0.208s][info][gc,cpu         ] GC(7) User=0.00s Sys=0.00s Real=0.00s
[0.208s][info][gc,start       ] GC(8) Pause Full (Allocation Failure)
[0.208s][info][gc,phases,start] GC(8) Phase 1: Mark live objects
[0.210s][info][gc,phases      ] GC(8) Phase 1: Mark live objects 2.235ms
[0.210s][info][gc,phases,start] GC(8) Phase 2: Compute new object addresses
[0.211s][info][gc,phases      ] GC(8) Phase 2: Compute new object addresses 0.646ms
[0.211s][info][gc,phases,start] GC(8) Phase 3: Adjust pointers
[0.212s][info][gc,phases      ] GC(8) Phase 3: Adjust pointers 1.098ms
[0.212s][info][gc,phases,start] GC(8) Phase 4: Move objects
[0.212s][info][gc,phases      ] GC(8) Phase 4: Move objects 0.079ms
[0.212s][info][gc,heap        ] GC(8) DefNew: 1535K(1536K)->0K(2688K) Eden: 1408K(1408K)->0K(2432K) From: 127K(128K)->0K(256K)
[0.212s][info][gc,heap        ] GC(8) Tenured: 2617K(3308K)->3460K(5768K)
[0.212s][info][gc,metaspace   ] GC(8) Metaspace: 6301K(6528K)->6301K(6528K) NonClass: 5768K(5888K)->5768K(5888K) Class: 533K(640K)->533K(640K)
[0.212s][info][gc             ] GC(8) Pause Full (Allocation Failure) 3M->3M(8M) 4.400ms
[0.212s][info][gc,cpu         ] GC(8) User=0.00s Sys=0.00s Real=0.00s
[0.217s][info][gc,start       ] GC(9) Pause Young (Allocation Failure)
[0.220s][info][gc,heap        ] GC(9) DefNew: 2431K(2688K)->255K(2688K) Eden: 2431K(2432K)->0K(2432K) From: 0K(256K)->255K(256K)
[0.220s][info][gc,heap        ] GC(9) Tenured: 3460K(5768K)->4512K(5768K)
[0.220s][info][gc,metaspace   ] GC(9) Metaspace: 6301K(6528K)->6301K(6528K) NonClass: 5768K(5888K)->5768K(5888K) Class: 533K(640K)->533K(640K)
[0.220s][info][gc             ] GC(9) Pause Young (Allocation Failure) 5M->4M(8M) 3.585ms
[0.220s][info][gc,cpu         ] GC(9) User=0.00s Sys=0.00s Real=0.00s
[0.223s][info][gc,start       ] GC(10) Pause Young (Allocation Failure)
[0.226s][info][gc,heap        ] GC(10) DefNew: 2687K(2688K)->255K(2688K) Eden: 2432K(2432K)->0K(2432K) From: 255K(256K)->255K(256K)
[0.226s][info][gc,heap        ] GC(10) Tenured: 4512K(5768K)->5755K(5768K)
[0.226s][info][gc,metaspace   ] GC(10) Metaspace: 6301K(6528K)->6301K(6528K) NonClass: 5768K(5888K)->5768K(5888K) Class: 533K(640K)->533K(640K)
[0.226s][info][gc             ] GC(10) Pause Young (Allocation Failure) 7M->5M(8M) 2.949ms
[0.226s][info][gc,cpu         ] GC(10) User=0.00s Sys=0.00s Real=0.00s
[0.230s][info][gc,start       ] GC(11) Pause Young (Allocation Failure)
[0.234s][info][gc             ] GC(11) Pause Young (Allocation Failure) 8M->7M(9M) 3.763ms
[0.234s][info][gc,cpu         ] GC(11) User=0.00s Sys=0.00s Real=0.00s
[0.234s][info][gc,start       ] GC(12) Pause Full (Allocation Failure)
[0.234s][info][gc,phases,start] GC(12) Phase 1: Mark live objects
[0.238s][info][gc,phases      ] GC(12) Phase 1: Mark live objects 4.008ms
[0.238s][info][gc,phases,start] GC(12) Phase 2: Compute new object addresses
[0.239s][info][gc,phases      ] GC(12) Phase 2: Compute new object addresses 1.161ms
[0.239s][info][gc,phases,start] GC(12) Phase 3: Adjust pointers
[0.241s][info][gc,phases      ] GC(12) Phase 3: Adjust pointers 1.654ms
[0.241s][info][gc,phases,start] GC(12) Phase 4: Move objects
[0.243s][info][gc,phases      ] GC(12) Phase 4: Move objects 1.481ms
[0.243s][info][gc,heap        ] GC(12) DefNew: 2687K(2688K)->0K(5376K) Eden: 2432K(2432K)->0K(4800K) From: 255K(256K)->0K(576K)
[0.243s][info][gc,heap        ] GC(12) Tenured: 5755K(5768K)->7132K(11888K)
[0.243s][info][gc,metaspace   ] GC(12) Metaspace: 6301K(6528K)->6301K(6528K) NonClass: 5768K(5888K)->5768K(5888K) Class: 533K(640K)->533K(640K)
[0.243s][info][gc             ] GC(12) Pause Full (Allocation Failure) 7M->6M(16M) 8.880ms
[0.243s][info][gc,cpu         ] GC(12) User=0.00s Sys=0.00s Real=0.01s
[0.249s][info][gc,start       ] GC(13) Pause Young (Allocation Failure)
[0.255s][info][gc,heap        ] GC(13) DefNew: 4800K(5376K)->575K(5376K) Eden: 4800K(4800K)->0K(4800K) From: 0K(576K)->575K(576K)
[0.255s][info][gc,heap        ] GC(13) Tenured: 7132K(11888K)->9027K(11888K)
[0.255s][info][gc,metaspace   ] GC(13) Metaspace: 6301K(6528K)->6301K(6528K) NonClass: 5768K(5888K)->5768K(5888K) Class: 533K(640K)->533K(640K)
[0.255s][info][gc             ] GC(13) Pause Young (Allocation Failure) 11M->9M(16M) 5.738ms
[0.255s][info][gc,cpu         ] GC(13) User=0.00s Sys=0.00s Real=0.01s
[0.260s][info][gc,start       ] GC(14) Pause Young (Allocation Failure)
[0.266s][info][gc,heap        ] GC(14) DefNew: 5375K(5376K)->576K(5376K) Eden: 4800K(4800K)->0K(4800K) From: 575K(576K)->576K(576K)
[0.266s][info][gc,heap        ] GC(14) Tenured: 9027K(11888K)->11747K(11888K)
[0.266s][info][gc,metaspace   ] GC(14) Metaspace: 6301K(6528K)->6301K(6528K) NonClass: 5768K(5888K)->5768K(5888K) Class: 533K(640K)->533K(640K)
[0.266s][info][gc             ] GC(14) Pause Young (Allocation Failure) 14M->12M(16M) 6.116ms
[0.266s][info][gc,cpu         ] GC(14) User=0.00s Sys=0.00s Real=0.01s
[0.270s][info][gc,start       ] GC(15) Pause Young (Allocation Failure)
[0.275s][info][gc             ] GC(15) Pause Young (Allocation Failure) 16M->14M(19M) 5.555ms
[0.275s][info][gc,cpu         ] GC(15) User=0.00s Sys=0.00s Real=0.01s
[0.275s][info][gc,start       ] GC(16) Pause Full (Allocation Failure)
[0.276s][info][gc,phases,start] GC(16) Phase 1: Mark live objects
[0.283s][info][gc,phases      ] GC(16) Phase 1: Mark live objects 7.406ms
[0.283s][info][gc,phases,start] GC(16) Phase 2: Compute new object addresses
[0.285s][info][gc,phases      ] GC(16) Phase 2: Compute new object addresses 2.317ms
[0.285s][info][gc,phases,start] GC(16) Phase 3: Adjust pointers
[0.288s][info][gc,phases      ] GC(16) Phase 3: Adjust pointers 2.823ms
[0.288s][info][gc,phases,start] GC(16) Phase 4: Move objects
[0.288s][info][gc,phases      ] GC(16) Phase 4: Move objects 0.171ms
[0.289s][info][gc,heap        ] GC(16) DefNew: 5376K(5376K)->387K(10880K) Eden: 4800K(4800K)->387K(9728K) From: 576K(576K)->0K(1152K)
[0.289s][info][gc,heap        ] GC(16) Tenured: 11747K(11888K)->14383K(23976K)
[0.289s][info][gc,metaspace   ] GC(16) Metaspace: 6303K(6528K)->6303K(6528K) NonClass: 5770K(5888K)->5770K(5888K) Class: 533K(640K)->533K(640K)
[0.289s][info][gc             ] GC(16) Pause Full (Allocation Failure) 14M->14M(34M) 13.071ms
[0.289s][info][gc,cpu         ] GC(16) User=0.02s Sys=0.00s Real=0.01s
[0.297s][info][gc,start       ] GC(17) Pause Young (Allocation Failure)
[0.309s][info][gc,heap        ] GC(17) DefNew: 9728K(10880K)->1151K(10880K) Eden: 9728K(9728K)->0K(9728K) From: 0K(1152K)->1151K(1152K)
[0.309s][info][gc,heap        ] GC(17) Tenured: 14383K(23976K)->18415K(23976K)
[0.309s][info][gc,metaspace   ] GC(17) Metaspace: 6303K(6528K)->6303K(6528K) NonClass: 5770K(5888K)->5770K(5888K) Class: 533K(640K)->533K(640K)
[0.310s][info][gc             ] GC(17) Pause Young (Allocation Failure) 23M->19M(34M) 12.323ms
[0.310s][info][gc,cpu         ] GC(17) User=0.00s Sys=0.00s Real=0.01s
[0.317s][info][gc,start       ] GC(18) Pause Young (Allocation Failure)
[0.329s][info][gc,heap        ] GC(18) DefNew: 10879K(10880K)->1151K(10880K) Eden: 9728K(9728K)->0K(9728K) From: 1151K(1152K)->1151K(1152K)
[0.329s][info][gc,heap        ] GC(18) Tenured: 18415K(23976K)->23936K(23976K)
[0.329s][info][gc,metaspace   ] GC(18) Metaspace: 6303K(6528K)->6303K(6528K) NonClass: 5770K(5888K)->5770K(5888K) Class: 533K(640K)->533K(640K)
[0.329s][info][gc             ] GC(18) Pause Young (Allocation Failure) 28M->24M(34M) 11.785ms
[0.329s][info][gc,cpu         ] GC(18) User=0.00s Sys=0.00s Real=0.01s
[0.335s][info][gc,start       ] GC(19) Pause Young (Allocation Failure)
[0.346s][info][gc             ] GC(19) Pause Young (Allocation Failure) 34M->29M(38M) 11.285ms
[0.346s][info][gc,cpu         ] GC(19) User=0.00s Sys=0.00s Real=0.01s
[0.346s][info][gc,start       ] GC(20) Pause Full (Allocation Failure)
[0.346s][info][gc,phases,start] GC(20) Phase 1: Mark live objects
[0.360s][info][gc,phases      ] GC(20) Phase 1: Mark live objects 14.241ms
[0.360s][info][gc,phases,start] GC(20) Phase 2: Compute new object addresses
[0.365s][info][gc,phases      ] GC(20) Phase 2: Compute new object addresses 5.013ms
[0.365s][info][gc,phases,start] GC(20) Phase 3: Adjust pointers
[0.371s][info][gc,phases      ] GC(20) Phase 3: Adjust pointers 5.319ms
[0.371s][info][gc,phases,start] GC(20) Phase 4: Move objects
[0.371s][info][gc,phases      ] GC(20) Phase 4: Move objects 0.182ms
[0.371s][info][gc,heap        ] GC(20) DefNew: 10879K(10880K)->1080K(21888K) Eden: 9728K(9728K)->1080K(19520K) From: 1151K(1152K)->0K(2368K)
[0.371s][info][gc,heap        ] GC(20) Tenured: 23936K(23976K)->29035K(48396K)
[0.371s][info][gc,metaspace   ] GC(20) Metaspace: 6303K(6528K)->6303K(6528K) NonClass: 5770K(5888K)->5770K(5888K) Class: 533K(640K)->533K(640K)
[0.371s][info][gc             ] GC(20) Pause Full (Allocation Failure) 29M->29M(68M) 25.188ms
[0.371s][info][gc,cpu         ] GC(20) User=0.05s Sys=0.00s Real=0.03s
[0.384s][info][gc,start       ] GC(21) Pause Young (Allocation Failure)
[0.409s][info][gc,heap        ] GC(21) DefNew: 19520K(21888K)->2367K(21888K) Eden: 19520K(19520K)->0K(19520K) From: 0K(2368K)->2367K(2368K)
[0.409s][info][gc,heap        ] GC(21) Tenured: 29035K(48396K)->37692K(48396K)
[0.409s][info][gc,metaspace   ] GC(21) Metaspace: 6303K(6528K)->6303K(6528K) NonClass: 5770K(5888K)->5770K(5888K) Class: 533K(640K)->533K(640K)
[0.409s][info][gc             ] GC(21) Pause Young (Allocation Failure) 47M->39M(68M) 24.589ms
[0.409s][info][gc,cpu         ] GC(21) User=0.02s Sys=0.00s Real=0.02s
[0.428s][info][gc,start       ] GC(22) Pause Young (Allocation Failure)
[0.463s][info][gc             ] GC(22) Pause Young (Allocation Failure) 58M->58M(77M) 35.288ms
[0.463s][info][gc,cpu         ] GC(22) User=0.03s Sys=0.00s Real=0.04s
[0.463s][info][gc,start       ] GC(23) Pause Full (Allocation Failure)
[0.463s][info][gc,phases,start] GC(23) Phase 1: Mark live objects
[0.487s][info][gc,phases      ] GC(23) Phase 1: Mark live objects 24.180ms
[0.487s][info][gc,phases,start] GC(23) Phase 2: Compute new object addresses
[0.497s][info][gc,phases      ] GC(23) Phase 2: Compute new object addresses 9.547ms
[0.497s][info][gc,phases,start] GC(23) Phase 3: Adjust pointers
[0.509s][info][gc,phases      ] GC(23) Phase 3: Adjust pointers 12.561ms
[0.509s][info][gc,phases,start] GC(23) Phase 4: Move objects
[0.510s][info][gc,phases      ] GC(23) Phase 4: Move objects 0.383ms
[0.510s][info][gc,heap        ] GC(23) DefNew: 21887K(21888K)->2321K(43008K) Eden: 19520K(19520K)->2321K(38272K) From: 2367K(2368K)->0K(4736K)
[0.510s][info][gc,heap        ] GC(23) Tenured: 37692K(48396K)->57227K(95380K)
[0.510s][info][gc,metaspace   ] GC(23) Metaspace: 6303K(6528K)->6303K(6528K) NonClass: 5770K(5888K)->5770K(5888K) Class: 533K(640K)->533K(640K)
[0.510s][info][gc             ] GC(23) Pause Full (Allocation Failure) 58M->58M(135M) 47.244ms
[0.510s][info][gc,cpu         ] GC(23) User=0.05s Sys=0.00s Real=0.05s
[0.552s][info][gc,start       ] GC(24) Pause Young (Allocation Failure)
[0.614s][info][gc,heap        ] GC(24) DefNew: 38272K(43008K)->4735K(43008K) Eden: 38272K(38272K)->0K(38272K) From: 0K(4736K)->4735K(4736K)
[0.614s][info][gc,heap        ] GC(24) Tenured: 57227K(95380K)->90738K(95380K)
[0.614s][info][gc,metaspace   ] GC(24) Metaspace: 6303K(6528K)->6303K(6528K) NonClass: 5770K(5888K)->5770K(5888K) Class: 533K(640K)->533K(640K)
[0.614s][info][gc             ] GC(24) Pause Young (Allocation Failure) 93M->93M(135M) 62.398ms
[0.614s][info][gc,cpu         ] GC(24) User=0.05s Sys=0.00s Real=0.06s
[0.646s][info][gc,start       ] GC(25) Pause Young (Allocation Failure)
[0.712s][info][gc             ] GC(25) Pause Young (Allocation Failure) 130M->130M(168M) 65.779ms
[0.712s][info][gc,cpu         ] GC(25) User=0.05s Sys=0.03s Real=0.07s
[0.712s][info][gc,start       ] GC(26) Pause Full (Allocation Failure)
[0.712s][info][gc,phases,start] GC(26) Phase 1: Mark live objects
[0.765s][info][gc,phases      ] GC(26) Phase 1: Mark live objects 53.352ms
[0.765s][info][gc,phases,start] GC(26) Phase 2: Compute new object addresses
[0.786s][info][gc,phases      ] GC(26) Phase 2: Compute new object addresses 20.448ms
[0.786s][info][gc,phases,start] GC(26) Phase 3: Adjust pointers
[0.812s][info][gc,phases      ] GC(26) Phase 3: Adjust pointers 26.577ms
[0.812s][info][gc,phases,start] GC(26) Phase 4: Move objects
[0.835s][info][gc,phases      ] GC(26) Phase 4: Move objects 23.018ms
[0.836s][info][gc,heap        ] GC(26) DefNew: 43007K(43008K)->826K(96832K) Eden: 38272K(38272K)->826K(86080K) From: 4735K(4736K)->0K(10752K)
[0.836s][info][gc,heap        ] GC(26) Tenured: 90738K(95380K)->129047K(215080K)
[0.836s][info][gc,metaspace   ] GC(26) Metaspace: 6303K(6528K)->6303K(6528K) NonClass: 5770K(5888K)->5770K(5888K) Class: 533K(640K)->533K(640K)
[0.836s][info][gc             ] GC(26) Pause Full (Allocation Failure) 130M->126M(304M) 124.159ms
[0.836s][info][gc,cpu         ] GC(26) User=0.06s Sys=0.02s Real=0.12s
[0.933s][info][gc,start       ] GC(27) Pause Young (Allocation Failure)
[1.094s][info][gc,heap        ] GC(27) DefNew: 86080K(96832K)->10751K(96832K) Eden: 86080K(86080K)->0K(86080K) From: 0K(10752K)->10751K(10752K)
[1.094s][info][gc,heap        ] GC(27) Tenured: 129047K(215080K)->204346K(215080K)
[1.095s][info][gc,metaspace   ] GC(27) Metaspace: 6303K(6528K)->6303K(6528K) NonClass: 5770K(5888K)->5770K(5888K) Class: 533K(640K)->533K(640K)
[1.095s][info][gc             ] GC(27) Pause Young (Allocation Failure) 210M->210M(304M) 161.215ms
[1.095s][info][gc,cpu         ] GC(27) User=0.09s Sys=0.00s Real=0.16s
[1.171s][info][gc,start       ] GC(28) Pause Young (Allocation Failure)
[1.346s][info][gc             ] GC(28) Pause Young (Allocation Failure) 294M->294M(378M) 174.587ms
[1.346s][info][gc,cpu         ] GC(28) User=0.12s Sys=0.03s Real=0.17s
[1.346s][info][gc,start       ] GC(29) Pause Full (Allocation Failure)
[1.346s][info][gc,phases,start] GC(29) Phase 1: Mark live objects
[1.476s][info][gc,phases      ] GC(29) Phase 1: Mark live objects 130.062ms
[1.476s][info][gc,phases,start] GC(29) Phase 2: Compute new object addresses
[1.524s][info][gc,phases      ] GC(29) Phase 2: Compute new object addresses 48.350ms
[1.524s][info][gc,phases,start] GC(29) Phase 3: Adjust pointers
[1.579s][info][gc,phases      ] GC(29) Phase 3: Adjust pointers 54.215ms
[1.579s][info][gc,phases,start] GC(29) Phase 4: Move objects
[1.581s][info][gc,phases      ] GC(29) Phase 4: Move objects 2.124ms
[1.582s][info][gc,heap        ] GC(29) DefNew: 96831K(96832K)->10670K(217920K) Eden: 86080K(86080K)->10670K(193728K) From: 10751K(10752K)->0K(24192K)
[1.582s][info][gc,heap        ] GC(29) Tenured: 204346K(215080K)->290475K(484128K)
[1.582s][info][gc,metaspace   ] GC(29) Metaspace: 6303K(6528K)->6303K(6528K) NonClass: 5770K(5888K)->5770K(5888K) Class: 533K(640K)->533K(640K)
[1.582s][info][gc             ] GC(29) Pause Full (Allocation Failure) 294M->294M(685M) 236.022ms
[1.582s][info][gc,cpu         ] GC(29) User=0.25s Sys=0.00s Real=0.24s
[1.785s][info][gc,start       ] GC(30) Pause Young (Allocation Failure)
[2.112s][info][gc,heap        ] GC(30) DefNew: 193728K(217920K)->24191K(217920K) Eden: 193728K(193728K)->0K(193728K) From: 0K(24192K)->24191K(24192K)
[2.112s][info][gc,heap        ] GC(30) Tenured: 290475K(484128K)->459987K(484128K)
[2.112s][info][gc,metaspace   ] GC(30) Metaspace: 6303K(6528K)->6303K(6528K) NonClass: 5770K(5888K)->5770K(5888K) Class: 533K(640K)->533K(640K)
[2.112s][info][gc             ] GC(30) Pause Young (Allocation Failure) 472M->472M(685M) 326.692ms
[2.112s][info][gc,cpu         ] GC(30) User=0.28s Sys=0.03s Real=0.33s
[2.283s][info][gc,start       ] GC(31) Pause Young (Allocation Failure)
[2.664s][info][gc             ] GC(31) Pause Young (Allocation Failure) 662M->661M(851M) 380.270ms
[2.664s][info][gc,cpu         ] GC(31) User=0.28s Sys=0.09s Real=0.38s
[2.664s][info][gc,start       ] GC(32) Pause Full (Allocation Failure)
[2.664s][info][gc,phases,start] GC(32) Phase 1: Mark live objects
[2.966s][info][gc,phases      ] GC(32) Phase 1: Mark live objects 302.021ms
[2.966s][info][gc,phases,start] GC(32) Phase 2: Compute new object addresses
[3.070s][info][gc,phases      ] GC(32) Phase 2: Compute new object addresses 104.238ms
[3.070s][info][gc,phases,start] GC(32) Phase 3: Adjust pointers
[3.181s][info][gc,phases      ] GC(32) Phase 3: Adjust pointers 110.838ms
[3.181s][info][gc,phases,start] GC(32) Phase 4: Move objects
[3.186s][info][gc,phases      ] GC(32) Phase 4: Move objects 5.029ms
[3.188s][info][gc,heap        ] GC(32) DefNew: 217919K(217920K)->24139K(490368K) Eden: 193728K(193728K)->24139K(435904K) From: 24191K(24192K)->0K(54464K)
[3.188s][info][gc,heap        ] GC(32) Tenured: 459987K(484128K)->653731K(1089556K)
[3.188s][info][gc,metaspace   ] GC(32) Metaspace: 6303K(6528K)->6303K(6528K) NonClass: 5770K(5888K)->5770K(5888K) Class: 533K(640K)->533K(640K)
[3.188s][info][gc             ] GC(32) Pause Full (Allocation Failure) 661M->661M(1542M) 524.226ms
[3.188s][info][gc,cpu         ] GC(32) User=0.48s Sys=0.00s Real=0.52s
[3.636s][info][gc,start       ] GC(33) Pause Young (Allocation Failure)
[4.420s][info][gc,heap        ] GC(33) DefNew: 435904K(490368K)->54464K(490368K) Eden: 435904K(435904K)->0K(435904K) From: 0K(54464K)->54464K(54464K)
[4.420s][info][gc,heap        ] GC(33) Tenured: 653731K(1089556K)->1035145K(1089556K)
[4.420s][info][gc,metaspace   ] GC(33) Metaspace: 6303K(6528K)->6303K(6528K) NonClass: 5770K(5888K)->5770K(5888K) Class: 533K(640K)->533K(640K)
[4.420s][info][gc             ] GC(33) Pause Young (Allocation Failure) 1064M->1064M(1542M) 784.092ms
[4.420s][info][gc,cpu         ] GC(33) User=0.70s Sys=0.06s Real=0.78s
[4.765s][info][gc,start       ] GC(34) Pause Young (Allocation Failure)
[5.489s][info][gc             ] GC(34) Pause Young (Allocation Failure) 1427M->1404M(1830M) 724.457ms
[5.489s][info][gc,cpu         ] GC(34) User=0.64s Sys=0.05s Real=0.73s
[5.489s][info][gc,start       ] GC(35) Pause Full (Allocation Failure)
[5.489s][info][gc,phases,start] GC(35) Phase 1: Mark live objects
[6.141s][info][gc,phases      ] GC(35) Phase 1: Mark live objects 652.380ms
[6.142s][info][gc,phases,start] GC(35) Phase 2: Compute new object addresses
[6.351s][info][gc,phases      ] GC(35) Phase 2: Compute new object addresses 209.786ms
[6.351s][info][gc,phases,start] GC(35) Phase 3: Adjust pointers
[6.594s][info][gc,phases      ] GC(35) Phase 3: Adjust pointers 242.286ms
[6.594s][info][gc,phases,start] GC(35) Phase 4: Move objects
[6.605s][info][gc,phases      ] GC(35) Phase 4: Move objects 11.058ms
[6.609s][info][gc,heap        ] GC(35) DefNew: 426232K(490368K)->54277K(1038144K) Eden: 371768K(435904K)->54277K(922816K) From: 54464K(54464K)->0K(115328K)
[6.609s][info][gc,heap        ] GC(35) Tenured: 1035145K(1089556K)->1384083K(2306808K)
[6.609s][info][gc,metaspace   ] GC(35) Metaspace: 6303K(6528K)->6303K(6528K) NonClass: 5770K(5888K)->5770K(5888K) Class: 533K(640K)->533K(640K)
[6.609s][info][gc             ] GC(35) Pause Full (Allocation Failure) 1404M->1404M(3266M) 1119.572ms
[6.609s][info][gc,cpu         ] GC(35) User=1.03s Sys=0.00s Real=1.12s
[7.542s][info][gc,start       ] GC(36) Pause Young (Allocation Failure)
[9.109s][info][gc,heap        ] GC(36) DefNew: 922816K(1038144K)->115328K(1038144K) Eden: 922816K(922816K)->0K(922816K) From: 0K(115328K)->115328K(115328K)
[9.109s][info][gc,heap        ] GC(36) Tenured: 1384083K(2306808K)->2191545K(2306808K)
[9.109s][info][gc,metaspace   ] GC(36) Metaspace: 6303K(6528K)->6303K(6528K) NonClass: 5770K(5888K)->5770K(5888K) Class: 533K(640K)->533K(640K)
[9.109s][info][gc             ] GC(36) Pause Young (Allocation Failure) 2252M->2252M(3266M) 1567.703ms
[9.109s][info][gc,cpu         ] GC(36) User=1.33s Sys=0.20s Real=1.57s
[10.086s][info][gc,start       ] GC(37) Pause Young (Allocation Failure)
[11.634s][info][gc             ] GC(37) Pause Young (Allocation Failure) 3153M->3089M(3991M) 1548.399ms
[11.634s][info][gc,cpu         ] GC(37) User=1.12s Sys=0.41s Real=1.55s
[11.634s][info][gc,start       ] GC(38) Pause Full (Allocation Failure)
[11.634s][info][gc,phases,start] GC(38) Phase 1: Mark live objects
[13.085s][info][gc,phases      ] GC(38) Phase 1: Mark live objects 1450.939ms
[13.085s][info][gc,phases,start] GC(38) Phase 2: Compute new object addresses
[13.545s][info][gc,phases      ] GC(38) Phase 2: Compute new object addresses 459.331ms
[13.545s][info][gc,phases,start] GC(38) Phase 3: Adjust pointers
[14.184s][info][gc,phases      ] GC(38) Phase 3: Adjust pointers 639.324ms
[14.184s][info][gc,phases,start] GC(38) Phase 4: Move objects
[14.771s][info][gc,phases      ] GC(38) Phase 4: Move objects 586.609ms
[14.779s][info][gc,heap        ] GC(38) DefNew: 1038144K(1038144K)->53856K(2286720K) Eden: 922816K(922816K)->53856K(2032704K) From: 115328K(115328K)->0K(254016K)
[14.779s][info][gc,heap        ] GC(38) Tenured: 2191545K(2306808K)->3048827K(5081380K)
[14.779s][info][gc,metaspace   ] GC(38) Metaspace: 6303K(6528K)->6303K(6528K) NonClass: 5770K(5888K)->5770K(5888K) Class: 533K(640K)->533K(640K)
[14.779s][info][gc             ] GC(38) Pause Full (Allocation Failure) 3089M->3029M(7195M) 3145.008ms
[14.779s][info][gc,cpu         ] GC(38) User=3.12s Sys=0.02s Real=3.15s
[16.811s][info][gc,start       ] GC(39) Pause Young (Allocation Failure)
[20.354s][info][gc,heap        ] GC(39) DefNew: 2032704K(2286720K)->254016K(2286720K) Eden: 2032704K(2032704K)->0K(2032704K) From: 0K(254016K)->254016K(254016K)
[20.354s][info][gc,heap        ] GC(39) Tenured: 3048827K(5081380K)->4827483K(5081380K)
[20.354s][info][gc,metaspace   ] GC(39) Metaspace: 6303K(6528K)->6303K(6528K) NonClass: 5770K(5888K)->5770K(5888K) Class: 533K(640K)->533K(640K)
[20.354s][info][gc             ] GC(39) Pause Young (Allocation Failure) 4962M->4962M(7195M) 3543.614ms
[20.354s][info][gc,cpu         ] GC(39) User=3.02s Sys=0.48s Real=3.54s
[22.403s][info][gc,start       ] GC(40) Pause Young (Allocation Failure)
[22.403s][info][gc             ] GC(40) Pause Young (Allocation Failure) 6947M->6947M(7195M) 0.117ms
[22.403s][info][gc,cpu         ] GC(40) User=0.00s Sys=0.00s Real=0.00s
[22.404s][info][gc,start       ] GC(41) Pause Full (Allocation Failure)
[22.404s][info][gc,phases,start] GC(41) Phase 1: Mark live objects
[25.688s][info][gc,phases      ] GC(41) Phase 1: Mark live objects 3284.597ms
[25.688s][info][gc,phases,start] GC(41) Phase 2: Compute new object addresses
[26.704s][info][gc,phases      ] GC(41) Phase 2: Compute new object addresses 1015.795ms
[26.704s][info][gc,phases,start] GC(41) Phase 3: Adjust pointers
[28.103s][info][gc,phases      ] GC(41) Phase 3: Adjust pointers 1398.959ms
[28.103s][info][gc,phases,start] GC(41) Phase 4: Move objects
[28.562s][info][gc,phases      ] GC(41) Phase 4: Move objects 459.318ms
[28.565s][info][gc,heap        ] GC(41) DefNew: 2286720K(2286720K)->2032761K(2286720K) Eden: 2032704K(2032704K)->2032703K(2032704K) From: 254016K(254016K)->57K(254016K)
[28.565s][info][gc,heap        ] GC(41) Tenured: 4827483K(5081380K)->5081379K(5802688K)
[28.565s][info][gc,metaspace   ] GC(41) Metaspace: 6303K(6528K)->6303K(6528K) NonClass: 5770K(5888K)->5770K(5888K) Class: 533K(640K)->533K(640K)
[28.565s][info][gc             ] GC(41) Pause Full (Allocation Failure) 6947M->6947M(7899M) 6161.219ms
[28.565s][info][gc,cpu         ] GC(41) User=6.03s Sys=0.08s Real=6.16s
[31.732s][info][gc,start       ] GC(42) Pause Full (Allocation Failure)
[31.732s][info][gc,phases,start] GC(42) Phase 1: Mark live objects
[35.411s][info][gc,phases      ] GC(42) Phase 1: Mark live objects 3678.957ms
[35.411s][info][gc,phases,start] GC(42) Phase 2: Compute new object addresses
[36.528s][info][gc,phases      ] GC(42) Phase 2: Compute new object addresses 1117.247ms
[36.528s][info][gc,phases,start] GC(42) Phase 3: Adjust pointers
[38.002s][info][gc,phases      ] GC(42) Phase 3: Adjust pointers 1474.118ms
[38.002s][info][gc,phases,start] GC(42) Phase 4: Move objects
[38.002s][info][gc,phases      ] GC(42) Phase 4: Move objects 0.017ms
[38.003s][info][gc,heap        ] GC(42) DefNew: 2286719K(2286720K)->2286719K(2286720K) Eden: 2032703K(2032704K)->2032703K(2032704K) From: 254015K(254016K)->254015K(254016K)
[38.003s][info][gc,heap        ] GC(42) Tenured: 5802688K(5802688K)->5802688K(5802688K)
[38.003s][info][gc,metaspace   ] GC(42) Metaspace: 6303K(6528K)->6303K(6528K) NonClass: 5770K(5888K)->5770K(5888K) Class: 533K(640K)->533K(640K)
[38.003s][info][gc             ] GC(42) Pause Full (Allocation Failure) 7899M->7899M(7899M) 6271.173ms
[38.003s][info][gc,cpu         ] GC(42) User=6.23s Sys=0.00s Real=6.27s
[38.003s][info][gc,start       ] GC(43) Pause Full (Allocation Failure)
[38.003s][info][gc,phases,start] GC(43) Phase 1: Mark live objects
[41.589s][info][gc,phases      ] GC(43) Phase 1: Mark live objects 3585.705ms
[41.589s][info][gc,phases,start] GC(43) Phase 2: Compute new object addresses
[42.668s][info][gc,phases      ] GC(43) Phase 2: Compute new object addresses 1079.794ms
[42.668s][info][gc,phases,start] GC(43) Phase 3: Adjust pointers
[44.454s][info][gc,phases      ] GC(43) Phase 3: Adjust pointers 1785.066ms
[44.454s][info][gc,phases,start] GC(43) Phase 4: Move objects
[45.930s][info][gc,phases      ] GC(43) Phase 4: Move objects 1475.935ms
[45.930s][info][gc,heap        ] GC(43) DefNew: 2286719K(2286720K)->2155643K(2286720K) Eden: 2032703K(2032704K)->2032703K(2032704K) From: 254015K(254016K)->122939K(254016K)
[45.930s][info][gc,heap        ] GC(43) Tenured: 5802688K(5802688K)->5802687K(5802688K)
[45.930s][info][gc,metaspace   ] GC(43) Metaspace: 6303K(6528K)->6301K(6528K) NonClass: 5770K(5888K)->5768K(5888K) Class: 533K(640K)->532K(640K)
[45.930s][info][gc             ] GC(43) Pause Full (Allocation Failure) 7899M->7771M(7899M) 7927.316ms
[45.930s][info][gc,cpu         ] GC(43) User=7.92s Sys=0.00s Real=7.93s
[46.295s][info][gc,start       ] GC(44) Pause Full (Allocation Failure)
[46.296s][info][gc,phases,start] GC(44) Phase 1: Mark live objects
[49.951s][info][gc,phases      ] GC(44) Phase 1: Mark live objects 3655.655ms
[49.951s][info][gc,phases,start] GC(44) Phase 2: Compute new object addresses
[51.050s][info][gc,phases      ] GC(44) Phase 2: Compute new object addresses 1098.992ms
[51.050s][info][gc,phases,start] GC(44) Phase 3: Adjust pointers
[52.556s][info][gc,phases      ] GC(44) Phase 3: Adjust pointers 1505.882ms
[52.556s][info][gc,phases,start] GC(44) Phase 4: Move objects
[52.556s][info][gc,phases      ] GC(44) Phase 4: Move objects 0.017ms
[52.557s][info][gc,heap        ] GC(44) DefNew: 2286719K(2286720K)->2286719K(2286720K) Eden: 2032704K(2032704K)->2032704K(2032704K) From: 254015K(254016K)->254015K(254016K)
[52.557s][info][gc,heap        ] GC(44) Tenured: 5802687K(5802688K)->5802687K(5802688K)
[52.557s][info][gc,metaspace   ] GC(44) Metaspace: 6301K(6528K)->6301K(6528K) NonClass: 5768K(5888K)->5768K(5888K) Class: 532K(640K)->532K(640K)
[52.557s][info][gc             ] GC(44) Pause Full (Allocation Failure) 7899M->7899M(7899M) 6261.370ms
[52.557s][info][gc,cpu         ] GC(44) User=6.22s Sys=0.02s Real=6.26s
[52.557s][info][gc,start       ] GC(45) Pause Full (Allocation Failure)
[52.557s][info][gc,phases,start] GC(45) Phase 1: Mark live objects
[56.191s][info][gc,phases      ] GC(45) Phase 1: Mark live objects 3633.931ms
[56.191s][info][gc,phases,start] GC(45) Phase 2: Compute new object addresses
[57.285s][info][gc,phases      ] GC(45) Phase 2: Compute new object addresses 1093.884ms
[57.285s][info][gc,phases,start] GC(45) Phase 3: Adjust pointers
[58.778s][info][gc,phases      ] GC(45) Phase 3: Adjust pointers 1493.430ms
[58.778s][info][gc,phases,start] GC(45) Phase 4: Move objects
[58.778s][info][gc,phases      ] GC(45) Phase 4: Move objects 0.017ms
[58.779s][info][gc,heap        ] GC(45) DefNew: 2286719K(2286720K)->2286719K(2286720K) Eden: 2032704K(2032704K)->2032704K(2032704K) From: 254015K(254016K)->254015K(254016K)
[58.779s][info][gc,heap        ] GC(45) Tenured: 5802687K(5802688K)->5802687K(5802688K)
[58.779s][info][gc,metaspace   ] GC(45) Metaspace: 6301K(6528K)->6301K(6528K) NonClass: 5768K(5888K)->5768K(5888K) Class: 532K(640K)->532K(640K)
[58.779s][info][gc             ] GC(45) Pause Full (Allocation Failure) 7899M->7899M(7899M) 6222.001ms
[58.779s][info][gc,cpu         ] GC(45) User=6.20s Sys=0.00s Real=6.22s
[58.779s][info][gc,start       ] GC(46) Pause Full (Allocation Failure)
[58.779s][info][gc,phases,start] GC(46) Phase 1: Mark live objects
[62.428s][info][gc,phases      ] GC(46) Phase 1: Mark live objects 3648.353ms
[62.428s][info][gc,phases,start] GC(46) Phase 2: Compute new object addresses
[63.520s][info][gc,phases      ] GC(46) Phase 2: Compute new object addresses 1092.227ms
[63.520s][info][gc,phases,start] GC(46) Phase 3: Adjust pointers
[65.018s][info][gc,phases      ] GC(46) Phase 3: Adjust pointers 1498.068ms
[65.018s][info][gc,phases,start] GC(46) Phase 4: Move objects
[65.018s][info][gc,phases      ] GC(46) Phase 4: Move objects 0.017ms
[65.019s][info][gc,heap        ] GC(46) DefNew: 2286719K(2286720K)->2286719K(2286720K) Eden: 2032704K(2032704K)->2032704K(2032704K) From: 254015K(254016K)->254015K(254016K)
[65.019s][info][gc,heap        ] GC(46) Tenured: 5802687K(5802688K)->5802687K(5802688K)
[65.019s][info][gc,metaspace   ] GC(46) Metaspace: 6301K(6528K)->6301K(6528K) NonClass: 5768K(5888K)->5768K(5888K) Class: 532K(640K)->532K(640K)
[65.019s][info][gc             ] GC(46) Pause Full (Allocation Failure) 7899M->7899M(7899M) 6239.404ms
[65.019s][info][gc,cpu         ] GC(46) User=6.16s Sys=0.00s Real=6.24s
[65.019s][info][gc,start       ] GC(47) Pause Full (Allocation Failure)
[65.019s][info][gc,phases,start] GC(47) Phase 1: Mark live objects
[68.647s][info][gc,phases      ] GC(47) Phase 1: Mark live objects 3628.389ms
[68.647s][info][gc,phases,start] GC(47) Phase 2: Compute new object addresses
[69.747s][info][gc,phases      ] GC(47) Phase 2: Compute new object addresses 1099.349ms
[69.747s][info][gc,phases,start] GC(47) Phase 3: Adjust pointers
[71.568s][info][gc,phases      ] GC(47) Phase 3: Adjust pointers 1821.518ms
[71.568s][info][gc,phases,start] GC(47) Phase 4: Move objects
[72.881s][info][gc,phases      ] GC(47) Phase 4: Move objects 1312.586ms
[72.881s][info][gc,heap        ] GC(47) DefNew: 2286719K(2286720K)->2286718K(2286720K) Eden: 2032704K(2032704K)->2032703K(2032704K) From: 254015K(254016K)->254014K(254016K)
[72.881s][info][gc,heap        ] GC(47) Tenured: 5802687K(5802688K)->5802687K(5802688K)
[72.881s][info][gc,metaspace   ] GC(47) Metaspace: 6301K(6528K)->6301K(6528K) NonClass: 5768K(5888K)->5768K(5888K) Class: 532K(640K)->532K(640K)
[72.881s][info][gc             ] GC(47) Pause Full (Allocation Failure) 7899M->7899M(7899M) 7862.647ms
[72.881s][info][gc,cpu         ] GC(47) User=7.77s Sys=0.00s Real=7.86s
[72.882s][info][gc,start       ] GC(48) Pause Full (Allocation Failure)
[72.882s][info][gc,phases,start] GC(48) Phase 1: Mark live objects
[76.531s][info][gc,phases      ] GC(48) Phase 1: Mark live objects 3648.538ms
[76.531s][info][gc,phases,start] GC(48) Phase 2: Compute new object addresses
[77.629s][info][gc,phases      ] GC(48) Phase 2: Compute new object addresses 1097.736ms
[77.629s][info][gc,phases,start] GC(48) Phase 3: Adjust pointers
[79.482s][info][gc,phases      ] GC(48) Phase 3: Adjust pointers 1853.135ms
[79.482s][info][gc,phases,start] GC(48) Phase 4: Move objects
[80.832s][info][gc,phases      ] GC(48) Phase 4: Move objects 1349.762ms
[80.832s][info][gc,heap        ] GC(48) DefNew: 2286719K(2286720K)->2286716K(2286720K) Eden: 2032704K(2032704K)->2032703K(2032704K) From: 254015K(254016K)->254012K(254016K)
[80.832s][info][gc,heap        ] GC(48) Tenured: 5802687K(5802688K)->5802687K(5802688K)
[80.832s][info][gc,metaspace   ] GC(48) Metaspace: 6303K(6528K)->6303K(6528K) NonClass: 5769K(5888K)->5769K(5888K) Class: 533K(640K)->533K(640K)
[80.832s][info][gc             ] GC(48) Pause Full (Allocation Failure) 7899M->7899M(7899M) 7950.226ms
[80.832s][info][gc,cpu         ] GC(48) User=7.88s Sys=0.00s Real=7.95s
[80.833s][info][gc,heap,exit   ] Heap
[80.833s][info][gc,heap,exit   ]  def new generation   total 2286720K, used 2286717K [0x00000005ecc00000, 0x0000000687d30000, 0x000000069dd50000)
[80.833s][info][gc,heap,exit   ]   eden space 2032704K, 100% used [0x00000005ecc00000, 0x0000000668d10000, 0x0000000668d10000)
[80.833s][info][gc,heap,exit   ]   from space 254016K,  99% used [0x0000000678520000, 0x0000000687d2f5f8, 0x0000000687d30000)
[80.833s][info][gc,heap,exit   ]   to   space 254016K,   0% used [0x0000000668d10000, 0x0000000668d10000, 0x0000000678520000)
[80.833s][info][gc,heap,exit   ]  tenured generation   total 5802688K, used 5802687K [0x000000069dd50000, 0x0000000800000000, 0x0000000800000000)
[80.833s][info][gc,heap,exit   ]    the space 5802688K,  99% used [0x000000069dd50000, 0x00000007ffffffc8, 0x0000000800000000, 0x0000000800000000)
[80.833s][info][gc,heap,exit   ]  Metaspace       used 6306K, committed 6528K, reserved 1114112K
[80.833s][info][gc,heap,exit   ]   class space    used 534K, committed 640K, reserved 1048576K
