[0.011s][info][gc,init] CardTable entry size: 512
[0.011s][info][gc     ] Using Parallel
[0.012s][info][gc,init] Version: 18.0.1+10 (release)
[0.012s][info][gc,init] CPUs: 8 total, 8 available
[0.012s][info][gc,init] Memory: 16063M
[0.012s][info][gc,init] Large Page Support: Disabled
[0.012s][info][gc,init] NUMA Support: Disabled
[0.012s][info][gc,init] Compressed Oops: Enabled (Zero based)
[0.012s][info][gc,init] Alignments: Space 512K, Generation 512K, Heap 2M
[0.012s][info][gc,init] Heap Min Capacity: 2M
[0.012s][info][gc,init] Heap Initial Capacity: 2M
[0.012s][info][gc,init] Heap Max Capacity: 7400M
[0.013s][info][gc,init] Pre-touch: Disabled
[0.013s][info][gc,init] Parallel Workers: 8
[0.013s][info][gc,metaspace] CDS archive(s) not mapped
[0.013s][info][gc,metaspace] Compressed class space mapped at: 0x0000000800000000-0x0000000840000000, reserved size: 1073741824
[0.013s][info][gc,metaspace] Narrow klass base: 0x0000000800000000, Narrow klass shift: 0, Narrow klass range: 0x40000000
[0.121s][info][gc,start    ] GC(0) Pause Young (Allocation Failure)
[0.123s][info][gc,heap     ] GC(0) PSYoungGen: 512K(1024K)->480K(1024K) Eden: 512K(512K)->0K(512K) From: 0K(512K)->480K(512K)
[0.123s][info][gc,heap     ] GC(0) ParOldGen: 0K(512K)->8K(512K)
[0.123s][info][gc,metaspace] GC(0) Metaspace: 4229K(4352K)->4229K(4352K) NonClass: 3908K(3968K)->3908K(3968K) Class: 321K(384K)->321K(384K)
[0.123s][info][gc          ] GC(0) Pause Young (Allocation Failure) 0M->0M(1M) 1.330ms
[0.123s][info][gc,cpu      ] GC(0) User=0.00s Sys=0.00s Real=0.00s
[0.187s][info][gc,start    ] GC(1) Pause Young (Allocation Failure)
[0.188s][info][gc,heap     ] GC(1) PSYoungGen: 991K(1024K)->512K(1536K) Eden: 511K(512K)->0K(1024K) From: 480K(512K)->512K(512K)
[0.188s][info][gc,heap     ] GC(1) ParOldGen: 8K(512K)->96K(512K)
[0.188s][info][gc,metaspace] GC(1) Metaspace: 5878K(6016K)->5878K(6016K) NonClass: 5381K(5504K)->5381K(5504K) Class: 496K(512K)->496K(512K)
[0.188s][info][gc          ] GC(1) Pause Young (Allocation Failure) 0M->0M(2M) 1.113ms
[0.189s][info][gc,cpu      ] GC(1) User=0.00s Sys=0.00s Real=0.00s
[0.211s][info][gc,start    ] GC(2) Pause Young (Allocation Failure)
[0.213s][info][gc,heap     ] GC(2) PSYoungGen: 1536K(1536K)->512K(1536K) Eden: 1024K(1024K)->0K(1024K) From: 512K(512K)->512K(512K)
[0.213s][info][gc,heap     ] GC(2) ParOldGen: 96K(512K)->520K(1024K)
[0.213s][info][gc,metaspace] GC(2) Metaspace: 6295K(6464K)->6295K(6464K) NonClass: 5762K(5824K)->5762K(5824K) Class: 533K(640K)->533K(640K)
[0.213s][info][gc          ] GC(2) Pause Young (Allocation Failure) 1M->1M(2M) 1.469ms
[0.213s][info][gc,cpu      ] GC(2) User=0.00s Sys=0.00s Real=0.00s
[0.214s][info][gc,start    ] GC(3) Pause Young (Allocation Failure)
[0.216s][info][gc,heap     ] GC(3) PSYoungGen: 1536K(1536K)->480K(2560K) Eden: 1024K(1024K)->0K(2048K) From: 512K(512K)->480K(512K)
[0.216s][info][gc,heap     ] GC(3) ParOldGen: 520K(1024K)->1068K(1536K)
[0.216s][info][gc,metaspace] GC(3) Metaspace: 6295K(6464K)->6295K(6464K) NonClass: 5762K(5824K)->5762K(5824K) Class: 533K(640K)->533K(640K)
[0.216s][info][gc          ] GC(3) Pause Young (Allocation Failure) 2M->1M(4M) 1.616ms
[0.216s][info][gc,cpu      ] GC(3) User=0.00s Sys=0.00s Real=0.00s
[0.216s][info][gc,start    ] GC(4) Pause Full (Ergonomics)
[0.216s][info][gc,phases,start] GC(4) Marking Phase
[0.217s][info][gc,phases      ] GC(4) Marking Phase 1.310ms
[0.217s][info][gc,phases,start] GC(4) Summary Phase
[0.218s][info][gc,phases      ] GC(4) Summary Phase 0.015ms
[0.218s][info][gc,phases,start] GC(4) Adjust Roots
[0.218s][info][gc,phases      ] GC(4) Adjust Roots 0.431ms
[0.218s][info][gc,phases,start] GC(4) Compaction Phase
[0.220s][info][gc,phases      ] GC(4) Compaction Phase 2.198ms
[0.220s][info][gc,phases,start] GC(4) Post Compact
[0.220s][info][gc,phases      ] GC(4) Post Compact 0.104ms
[0.220s][info][gc,heap        ] GC(4) PSYoungGen: 480K(2560K)->0K(2560K) Eden: 0K(2048K)->0K(2048K) From: 480K(512K)->0K(512K)
[0.220s][info][gc,heap        ] GC(4) ParOldGen: 1068K(1536K)->1496K(3584K)
[0.221s][info][gc,metaspace   ] GC(4) Metaspace: 6295K(6464K)->6295K(6464K) NonClass: 5762K(5824K)->5762K(5824K) Class: 533K(640K)->533K(640K)
[0.221s][info][gc             ] GC(4) Pause Full (Ergonomics) 1M->1M(6M) 4.489ms
[0.221s][info][gc,cpu         ] GC(4) User=0.00s Sys=0.00s Real=0.01s
[0.224s][info][gc,start       ] GC(5) Pause Young (Allocation Failure)
[0.225s][info][gc,heap        ] GC(5) PSYoungGen: 2048K(2560K)->480K(3584K) Eden: 2048K(2048K)->0K(3072K) From: 0K(512K)->480K(512K)
[0.225s][info][gc,heap        ] GC(5) ParOldGen: 1496K(3584K)->2112K(3584K)
[0.225s][info][gc,metaspace   ] GC(5) Metaspace: 6295K(6464K)->6295K(6464K) NonClass: 5762K(5824K)->5762K(5824K) Class: 533K(640K)->533K(640K)
[0.225s][info][gc             ] GC(5) Pause Young (Allocation Failure) 3M->2M(7M) 1.399ms
[0.225s][info][gc,cpu         ] GC(5) User=0.00s Sys=0.00s Real=0.00s
[0.231s][info][gc,start       ] GC(6) Pause Young (Allocation Failure)
[0.233s][info][gc,heap        ] GC(6) PSYoungGen: 3552K(3584K)->1504K(4608K) Eden: 3072K(3072K)->0K(3072K) From: 480K(512K)->1504K(1536K)
[0.233s][info][gc,heap        ] GC(6) ParOldGen: 2112K(3584K)->2680K(3584K)
[0.233s][info][gc,metaspace   ] GC(6) Metaspace: 6295K(6464K)->6295K(6464K) NonClass: 5762K(5824K)->5762K(5824K) Class: 533K(640K)->533K(640K)
[0.233s][info][gc             ] GC(6) Pause Young (Allocation Failure) 5M->4M(8M) 2.345ms
[0.233s][info][gc,cpu         ] GC(6) User=0.00s Sys=0.00s Real=0.00s
[0.239s][info][gc,start       ] GC(7) Pause Young (Allocation Failure)
[0.242s][info][gc,heap        ] GC(7) PSYoungGen: 4576K(4608K)->2016K(7168K) Eden: 3072K(3072K)->0K(5120K) From: 1504K(1536K)->2016K(2048K)
[0.242s][info][gc,heap        ] GC(7) ParOldGen: 2680K(3584K)->3768K(4096K)
[0.242s][info][gc,metaspace   ] GC(7) Metaspace: 6295K(6464K)->6295K(6464K) NonClass: 5762K(5824K)->5762K(5824K) Class: 533K(640K)->533K(640K)
[0.242s][info][gc             ] GC(7) Pause Young (Allocation Failure) 7M->5M(11M) 2.780ms
[0.242s][info][gc,cpu         ] GC(7) User=0.00s Sys=0.00s Real=0.00s
[0.242s][info][gc,start       ] GC(8) Pause Full (Ergonomics)
[0.242s][info][gc,phases,start] GC(8) Marking Phase
[0.245s][info][gc,phases      ] GC(8) Marking Phase 3.235ms
[0.245s][info][gc,phases,start] GC(8) Summary Phase
[0.245s][info][gc,phases      ] GC(8) Summary Phase 0.018ms
[0.245s][info][gc,phases,start] GC(8) Adjust Roots
[0.246s][info][gc,phases      ] GC(8) Adjust Roots 0.380ms
[0.246s][info][gc,phases,start] GC(8) Compaction Phase
[0.249s][info][gc,phases      ] GC(8) Compaction Phase 3.854ms
[0.250s][info][gc,phases,start] GC(8) Post Compact
[0.250s][info][gc,phases      ] GC(8) Post Compact 0.034ms
[0.250s][info][gc,heap        ] GC(8) PSYoungGen: 2016K(7168K)->2012K(7168K) Eden: 0K(5120K)->0K(5120K) From: 2016K(2048K)->2012K(2048K)
[0.250s][info][gc,heap        ] GC(8) ParOldGen: 3768K(4096K)->3682K(6656K)
[0.250s][info][gc,metaspace   ] GC(8) Metaspace: 6295K(6464K)->6295K(6464K) NonClass: 5762K(5824K)->5762K(5824K) Class: 533K(640K)->533K(640K)
[0.250s][info][gc             ] GC(8) Pause Full (Ergonomics) 5M->5M(13M) 7.874ms
[0.250s][info][gc,cpu         ] GC(8) User=0.00s Sys=0.00s Real=0.01s
[0.258s][info][gc,start       ] GC(9) Pause Young (Allocation Failure)
[0.263s][info][gc,heap        ] GC(9) PSYoungGen: 7132K(7168K)->3040K(8192K) Eden: 5120K(5120K)->0K(5120K) From: 2012K(2048K)->3040K(3072K)
[0.263s][info][gc,heap        ] GC(9) ParOldGen: 3682K(6656K)->5330K(6656K)
[0.263s][info][gc,metaspace   ] GC(9) Metaspace: 6295K(6464K)->6295K(6464K) NonClass: 5762K(5824K)->5762K(5824K) Class: 533K(640K)->533K(640K)
[0.263s][info][gc             ] GC(9) Pause Young (Allocation Failure) 10M->8M(14M) 5.486ms
[0.263s][info][gc,cpu         ] GC(9) User=0.00s Sys=0.00s Real=0.01s
[0.263s][info][gc,start       ] GC(10) Pause Full (Ergonomics)
[0.263s][info][gc,phases,start] GC(10) Marking Phase
[0.267s][info][gc,phases      ] GC(10) Marking Phase 4.090ms
[0.267s][info][gc,phases,start] GC(10) Summary Phase
[0.268s][info][gc,phases      ] GC(10) Summary Phase 0.016ms
[0.268s][info][gc,phases,start] GC(10) Adjust Roots
[0.268s][info][gc,phases      ] GC(10) Adjust Roots 0.217ms
[0.268s][info][gc,phases,start] GC(10) Compaction Phase
[0.271s][info][gc,phases      ] GC(10) Compaction Phase 2.999ms
[0.271s][info][gc,phases,start] GC(10) Post Compact
[0.271s][info][gc,phases      ] GC(10) Post Compact 0.060ms
[0.271s][info][gc,heap        ] GC(10) PSYoungGen: 3040K(8192K)->2012K(8192K) Eden: 0K(5120K)->0K(5120K) From: 3040K(3072K)->2012K(3072K)
[0.271s][info][gc,heap        ] GC(10) ParOldGen: 5330K(6656K)->6318K(10752K)
[0.271s][info][gc,metaspace   ] GC(10) Metaspace: 6295K(6464K)->6295K(6464K) NonClass: 5762K(5824K)->5762K(5824K) Class: 533K(640K)->533K(640K)
[0.271s][info][gc             ] GC(10) Pause Full (Ergonomics) 8M->8M(18M) 7.804ms
[0.271s][info][gc,cpu         ] GC(10) User=0.00s Sys=0.00s Real=0.01s
[0.277s][info][gc,start       ] GC(11) Pause Young (Allocation Failure)
[0.282s][info][gc,heap        ] GC(11) PSYoungGen: 7132K(8192K)->4192K(10752K) Eden: 5120K(5120K)->0K(6144K) From: 2012K(3072K)->4192K(4608K)
[0.282s][info][gc,heap        ] GC(11) ParOldGen: 6318K(10752K)->6838K(10752K)
[0.282s][info][gc,metaspace   ] GC(11) Metaspace: 6295K(6464K)->6295K(6464K) NonClass: 5762K(5824K)->5762K(5824K) Class: 533K(640K)->533K(640K)
[0.282s][info][gc             ] GC(11) Pause Young (Allocation Failure) 13M->10M(21M) 4.491ms
[0.282s][info][gc,cpu         ] GC(11) User=0.00s Sys=0.00s Real=0.01s
[0.289s][info][gc,start       ] GC(12) Pause Young (Allocation Failure)
[0.295s][info][gc,heap        ] GC(12) PSYoungGen: 10336K(10752K)->5088K(11264K) Eden: 6144K(6144K)->0K(6144K) From: 4192K(4608K)->5088K(5120K)
[0.295s][info][gc,heap        ] GC(12) ParOldGen: 6838K(10752K)->9374K(10752K)
[0.295s][info][gc,metaspace   ] GC(12) Metaspace: 6295K(6464K)->6295K(6464K) NonClass: 5762K(5824K)->5762K(5824K) Class: 533K(640K)->533K(640K)
[0.295s][info][gc             ] GC(12) Pause Young (Allocation Failure) 16M->14M(21M) 6.412ms
[0.295s][info][gc,cpu         ] GC(12) User=0.00s Sys=0.00s Real=0.01s
[0.295s][info][gc,start       ] GC(13) Pause Full (Ergonomics)
[0.295s][info][gc,phases,start] GC(13) Marking Phase
[0.302s][info][gc,phases      ] GC(13) Marking Phase 7.124ms
[0.302s][info][gc,phases,start] GC(13) Summary Phase
[0.302s][info][gc,phases      ] GC(13) Summary Phase 0.017ms
[0.302s][info][gc,phases,start] GC(13) Adjust Roots
[0.302s][info][gc,phases      ] GC(13) Adjust Roots 0.176ms
[0.302s][info][gc,phases,start] GC(13) Compaction Phase
[0.309s][info][gc,phases      ] GC(13) Compaction Phase 6.308ms
[0.309s][info][gc,phases,start] GC(13) Post Compact
[0.309s][info][gc,phases      ] GC(13) Post Compact 0.071ms
[0.309s][info][gc,heap        ] GC(13) PSYoungGen: 5088K(11264K)->3545K(11264K) Eden: 0K(6144K)->0K(6144K) From: 5088K(5120K)->3545K(5120K)
[0.309s][info][gc,heap        ] GC(13) ParOldGen: 9374K(10752K)->10586K(16384K)
[0.309s][info][gc,metaspace   ] GC(13) Metaspace: 6295K(6464K)->6295K(6464K) NonClass: 5762K(5824K)->5762K(5824K) Class: 533K(640K)->533K(640K)
[0.309s][info][gc             ] GC(13) Pause Full (Ergonomics) 14M->13M(27M) 14.014ms
[0.309s][info][gc,cpu         ] GC(13) User=0.02s Sys=0.00s Real=0.01s
[0.314s][info][gc,start       ] GC(14) Pause Young (Allocation Failure)
[0.320s][info][gc,heap        ] GC(14) PSYoungGen: 9689K(11264K)->4608K(15872K) Eden: 6144K(6144K)->0K(8704K) From: 3545K(5120K)->4608K(7168K)
[0.320s][info][gc,heap        ] GC(14) ParOldGen: 10586K(16384K)->12730K(16384K)
[0.320s][info][gc,metaspace   ] GC(14) Metaspace: 6297K(6464K)->6297K(6464K) NonClass: 5764K(5824K)->5764K(5824K) Class: 533K(640K)->533K(640K)
[0.320s][info][gc             ] GC(14) Pause Young (Allocation Failure) 19M->16M(31M) 5.884ms
[0.320s][info][gc,cpu         ] GC(14) User=0.00s Sys=0.00s Real=0.01s
[0.326s][info][gc,start       ] GC(15) Pause Young (Allocation Failure)
[0.332s][info][gc,heap        ] GC(15) PSYoungGen: 13312K(15872K)->7168K(15872K) Eden: 8704K(8704K)->0K(8704K) From: 4608K(7168K)->7168K(7168K)
[0.332s][info][gc,heap        ] GC(15) ParOldGen: 12730K(16384K)->14682K(16384K)
[0.332s][info][gc,metaspace   ] GC(15) Metaspace: 6297K(6464K)->6297K(6464K) NonClass: 5764K(5824K)->5764K(5824K) Class: 533K(640K)->533K(640K)
[0.332s][info][gc             ] GC(15) Pause Young (Allocation Failure) 25M->21M(31M) 6.579ms
[0.332s][info][gc,cpu         ] GC(15) User=0.00s Sys=0.00s Real=0.01s
[0.332s][info][gc,start       ] GC(16) Pause Full (Ergonomics)
[0.332s][info][gc,phases,start] GC(16) Marking Phase
[0.341s][info][gc,phases      ] GC(16) Marking Phase 9.193ms
[0.341s][info][gc,phases,start] GC(16) Summary Phase
[0.342s][info][gc,phases      ] GC(16) Summary Phase 0.020ms
[0.342s][info][gc,phases,start] GC(16) Adjust Roots
[0.342s][info][gc,phases      ] GC(16) Adjust Roots 0.222ms
[0.342s][info][gc,phases,start] GC(16) Compaction Phase
[0.349s][info][gc,phases      ] GC(16) Compaction Phase 7.627ms
[0.349s][info][gc,phases,start] GC(16) Post Compact
[0.350s][info][gc,phases      ] GC(16) Post Compact 0.134ms
[0.350s][info][gc,heap        ] GC(16) PSYoungGen: 7168K(15872K)->5620K(15872K) Eden: 0K(8704K)->0K(8704K) From: 7168K(7168K)->5620K(7168K)
[0.350s][info][gc,heap        ] GC(16) ParOldGen: 14682K(16384K)->16144K(23552K)
[0.350s][info][gc,metaspace   ] GC(16) Metaspace: 6297K(6464K)->6297K(6464K) NonClass: 5764K(5824K)->5764K(5824K) Class: 533K(640K)->533K(640K)
[0.350s][info][gc             ] GC(16) Pause Full (Ergonomics) 21M->21M(38M) 17.593ms
[0.350s][info][gc,cpu         ] GC(16) User=0.00s Sys=0.00s Real=0.02s
[0.358s][info][gc,start       ] GC(17) Pause Young (Allocation Failure)
[0.366s][info][gc,heap        ] GC(17) PSYoungGen: 14324K(15872K)->5024K(20992K) Eden: 8704K(8704K)->0K(11776K) From: 5620K(7168K)->5024K(9216K)
[0.366s][info][gc,heap        ] GC(17) ParOldGen: 16144K(23552K)->21864K(23552K)
[0.366s][info][gc,metaspace   ] GC(17) Metaspace: 6297K(6464K)->6297K(6464K) NonClass: 5764K(5824K)->5764K(5824K) Class: 533K(640K)->533K(640K)
[0.366s][info][gc             ] GC(17) Pause Young (Allocation Failure) 29M->26M(43M) 8.531ms
[0.366s][info][gc,cpu         ] GC(17) User=0.00s Sys=0.00s Real=0.01s
[0.366s][info][gc,start       ] GC(18) Pause Full (Ergonomics)
[0.366s][info][gc,phases,start] GC(18) Marking Phase
[0.378s][info][gc,phases      ] GC(18) Marking Phase 11.395ms
[0.378s][info][gc,phases,start] GC(18) Summary Phase
[0.378s][info][gc,phases      ] GC(18) Summary Phase 0.018ms
[0.378s][info][gc,phases,start] GC(18) Adjust Roots
[0.378s][info][gc,phases      ] GC(18) Adjust Roots 0.176ms
[0.378s][info][gc,phases,start] GC(18) Compaction Phase
[0.389s][info][gc,phases      ] GC(18) Compaction Phase 10.752ms
[0.389s][info][gc,phases,start] GC(18) Post Compact
[0.389s][info][gc,phases      ] GC(18) Post Compact 0.117ms
[0.389s][info][gc,heap        ] GC(18) PSYoungGen: 5024K(20992K)->2945K(20992K) Eden: 0K(11776K)->0K(11776K) From: 5024K(9216K)->2945K(9216K)
[0.389s][info][gc,heap        ] GC(18) ParOldGen: 21864K(23552K)->23299K(33792K)
[0.389s][info][gc,metaspace   ] GC(18) Metaspace: 6297K(6464K)->6297K(6464K) NonClass: 5764K(5824K)->5764K(5824K) Class: 533K(640K)->533K(640K)
[0.389s][info][gc             ] GC(18) Pause Full (Ergonomics) 26M->25M(53M) 22.816ms
[0.389s][info][gc,cpu         ] GC(18) User=0.00s Sys=0.00s Real=0.02s
[0.396s][info][gc,start       ] GC(19) Pause Young (Allocation Failure)
[0.405s][info][gc,heap        ] GC(19) PSYoungGen: 14721K(20992K)->6112K(20992K) Eden: 11776K(11776K)->0K(11776K) From: 2945K(9216K)->6112K(9216K)
[0.405s][info][gc,heap        ] GC(19) ParOldGen: 23299K(33792K)->26299K(33792K)
[0.405s][info][gc,metaspace   ] GC(19) Metaspace: 6297K(6464K)->6297K(6464K) NonClass: 5764K(5824K)->5764K(5824K) Class: 533K(640K)->533K(640K)
[0.405s][info][gc             ] GC(19) Pause Young (Allocation Failure) 37M->31M(53M) 8.514ms
[0.405s][info][gc,cpu         ] GC(19) User=0.00s Sys=0.00s Real=0.01s
[0.416s][info][gc,start       ] GC(20) Pause Young (Allocation Failure)
[0.430s][info][gc,heap        ] GC(20) PSYoungGen: 17888K(20992K)->9728K(20992K) Eden: 11776K(11776K)->0K(11264K) From: 6112K(9216K)->9728K(9728K)
[0.430s][info][gc,heap        ] GC(20) ParOldGen: 26299K(33792K)->33851K(34304K)
[0.430s][info][gc,metaspace   ] GC(20) Metaspace: 6297K(6464K)->6297K(6464K) NonClass: 5764K(5824K)->5764K(5824K) Class: 533K(640K)->533K(640K)
[0.430s][info][gc             ] GC(20) Pause Young (Allocation Failure) 43M->42M(54M) 14.223ms
[0.430s][info][gc,cpu         ] GC(20) User=0.00s Sys=0.00s Real=0.01s
[0.430s][info][gc,start       ] GC(21) Pause Full (Ergonomics)
[0.430s][info][gc,phases,start] GC(21) Marking Phase
[0.449s][info][gc,phases      ] GC(21) Marking Phase 18.942ms
[0.449s][info][gc,phases,start] GC(21) Summary Phase
[0.449s][info][gc,phases      ] GC(21) Summary Phase 0.015ms
[0.449s][info][gc,phases,start] GC(21) Adjust Roots
[0.449s][info][gc,phases      ] GC(21) Adjust Roots 0.166ms
[0.449s][info][gc,phases,start] GC(21) Compaction Phase
[0.464s][info][gc,phases      ] GC(21) Compaction Phase 14.835ms
[0.464s][info][gc,phases,start] GC(21) Post Compact
[0.464s][info][gc,phases      ] GC(21) Post Compact 0.204ms
[0.464s][info][gc,heap        ] GC(21) PSYoungGen: 9728K(20992K)->9197K(20992K) Eden: 0K(11264K)->0K(11264K) From: 9728K(9728K)->9197K(9728K)
[0.464s][info][gc,heap        ] GC(21) ParOldGen: 33851K(34304K)->34181K(48640K)
[0.464s][info][gc,metaspace   ] GC(21) Metaspace: 6297K(6464K)->6297K(6464K) NonClass: 5764K(5824K)->5764K(5824K) Class: 533K(640K)->533K(640K)
[0.464s][info][gc             ] GC(21) Pause Full (Ergonomics) 42M->42M(68M) 34.498ms
[0.464s][info][gc,cpu         ] GC(21) User=0.03s Sys=0.00s Real=0.03s
[0.478s][info][gc,start       ] GC(22) Pause Young (Allocation Failure)
[0.492s][info][gc,heap        ] GC(22) PSYoungGen: 20461K(20992K)->11264K(25088K) Eden: 11264K(11264K)->0K(11264K) From: 9197K(9728K)->11264K(13824K)
[0.492s][info][gc,heap        ] GC(22) ParOldGen: 34181K(48640K)->43533K(48640K)
[0.493s][info][gc,metaspace   ] GC(22) Metaspace: 6297K(6464K)->6297K(6464K) NonClass: 5764K(5824K)->5764K(5824K) Class: 533K(640K)->533K(640K)
[0.493s][info][gc             ] GC(22) Pause Young (Allocation Failure) 53M->53M(72M) 14.360ms
[0.493s][info][gc,cpu         ] GC(22) User=0.00s Sys=0.00s Real=0.02s
[0.493s][info][gc,start       ] GC(23) Pause Full (Ergonomics)
[0.493s][info][gc,phases,start] GC(23) Marking Phase
[0.515s][info][gc,phases      ] GC(23) Marking Phase 22.127ms
[0.515s][info][gc,phases,start] GC(23) Summary Phase
[0.515s][info][gc,phases      ] GC(23) Summary Phase 0.016ms
[0.515s][info][gc,phases,start] GC(23) Adjust Roots
[0.515s][info][gc,phases      ] GC(23) Adjust Roots 0.171ms
[0.515s][info][gc,phases,start] GC(23) Compaction Phase
[0.535s][info][gc,phases      ] GC(23) Compaction Phase 19.587ms
[0.535s][info][gc,phases,start] GC(23) Post Compact
[0.535s][info][gc,phases      ] GC(23) Post Compact 0.201ms
[0.535s][info][gc,heap        ] GC(23) PSYoungGen: 11264K(25088K)->5098K(25088K) Eden: 0K(11264K)->0K(11264K) From: 11264K(13824K)->5098K(13824K)
[0.535s][info][gc,heap        ] GC(23) ParOldGen: 43533K(48640K)->48491K(66560K)
[0.535s][info][gc,metaspace   ] GC(23) Metaspace: 6297K(6464K)->6297K(6464K) NonClass: 5764K(5824K)->5764K(5824K) Class: 533K(640K)->533K(640K)
[0.535s][info][gc             ] GC(23) Pause Full (Ergonomics) 53M->52M(89M) 42.498ms
[0.535s][info][gc,cpu         ] GC(23) User=0.00s Sys=0.00s Real=0.04s
[0.547s][info][gc,start       ] GC(24) Pause Young (Allocation Failure)
[0.563s][info][gc,heap        ] GC(24) PSYoungGen: 16362K(25088K)->15360K(25600K) Eden: 11264K(11264K)->0K(10240K) From: 5098K(13824K)->15360K(15360K)
[0.563s][info][gc,heap        ] GC(24) ParOldGen: 48491K(66560K)->49523K(66560K)
[0.564s][info][gc,metaspace   ] GC(24) Metaspace: 6297K(6464K)->6297K(6464K) NonClass: 5764K(5824K)->5764K(5824K) Class: 533K(640K)->533K(640K)
[0.564s][info][gc             ] GC(24) Pause Young (Allocation Failure) 63M->63M(90M) 16.626ms
[0.564s][info][gc,cpu         ] GC(24) User=0.03s Sys=0.00s Real=0.02s
[0.574s][info][gc,start       ] GC(25) Pause Young (Allocation Failure)
[0.590s][info][gc,heap        ] GC(25) PSYoungGen: 25600K(25600K)->10272K(28672K) Eden: 10240K(10240K)->0K(10240K) From: 15360K(15360K)->10272K(18432K)
[0.590s][info][gc,heap        ] GC(25) ParOldGen: 49523K(66560K)->65107K(66560K)
[0.590s][info][gc,metaspace   ] GC(25) Metaspace: 6297K(6464K)->6297K(6464K) NonClass: 5764K(5824K)->5764K(5824K) Class: 533K(640K)->533K(640K)
[0.590s][info][gc             ] GC(25) Pause Young (Allocation Failure) 73M->73M(93M) 16.855ms
[0.590s][info][gc,cpu         ] GC(25) User=0.02s Sys=0.00s Real=0.02s
[0.590s][info][gc,start       ] GC(26) Pause Full (Ergonomics)
[0.591s][info][gc,phases,start] GC(26) Marking Phase
[0.619s][info][gc,phases      ] GC(26) Marking Phase 28.834ms
[0.619s][info][gc,phases,start] GC(26) Summary Phase
[0.619s][info][gc,phases      ] GC(26) Summary Phase 0.015ms
[0.619s][info][gc,phases,start] GC(26) Adjust Roots
[0.620s][info][gc,phases      ] GC(26) Adjust Roots 0.154ms
[0.620s][info][gc,phases,start] GC(26) Compaction Phase
[0.639s][info][gc,phases      ] GC(26) Compaction Phase 19.343ms
[0.639s][info][gc,phases,start] GC(26) Post Compact
[0.639s][info][gc,phases      ] GC(26) Post Compact 0.295ms
[0.639s][info][gc,heap        ] GC(26) PSYoungGen: 10272K(28672K)->8675K(28672K) Eden: 0K(10240K)->0K(10240K) From: 10272K(18432K)->8675K(18432K)
[0.639s][info][gc,heap        ] GC(26) ParOldGen: 65107K(66560K)->66356K(90112K)
[0.639s][info][gc,metaspace   ] GC(26) Metaspace: 6297K(6464K)->6297K(6464K) NonClass: 5764K(5824K)->5764K(5824K) Class: 533K(640K)->533K(640K)
[0.639s][info][gc             ] GC(26) Pause Full (Ergonomics) 73M->73M(116M) 49.002ms
[0.640s][info][gc,cpu         ] GC(26) User=0.03s Sys=0.00s Real=0.05s
[0.651s][info][gc,start       ] GC(27) Pause Young (Allocation Failure)
[0.668s][info][gc,heap        ] GC(27) PSYoungGen: 18915K(28672K)->18432K(27136K) Eden: 10240K(10240K)->0K(8704K) From: 8675K(18432K)->18432K(18432K)
[0.668s][info][gc,heap        ] GC(27) ParOldGen: 66356K(90112K)->66868K(90112K)
[0.668s][info][gc,metaspace   ] GC(27) Metaspace: 6297K(6464K)->6297K(6464K) NonClass: 5764K(5824K)->5764K(5824K) Class: 533K(640K)->533K(640K)
[0.668s][info][gc             ] GC(27) Pause Young (Allocation Failure) 83M->83M(114M) 17.787ms
[0.668s][info][gc,cpu         ] GC(27) User=0.03s Sys=0.00s Real=0.02s
[0.687s][info][gc,start       ] GC(28) Pause Young (Allocation Failure)
[0.709s][info][gc,heap        ] GC(28) PSYoungGen: 27136K(27136K)->8736K(30720K) Eden: 8704K(8704K)->0K(8704K) From: 18432K(18432K)->8736K(22016K)
[0.709s][info][gc,heap        ] GC(28) ParOldGen: 66868K(90112K)->85548K(90112K)
[0.709s][info][gc,metaspace   ] GC(28) Metaspace: 6297K(6464K)->6297K(6464K) NonClass: 5764K(5824K)->5764K(5824K) Class: 533K(640K)->533K(640K)
[0.709s][info][gc             ] GC(28) Pause Young (Allocation Failure) 91M->92M(118M) 22.030ms
[0.709s][info][gc,cpu         ] GC(28) User=0.03s Sys=0.00s Real=0.02s
[0.709s][info][gc,start       ] GC(29) Pause Full (Ergonomics)
[0.709s][info][gc,phases,start] GC(29) Marking Phase
[0.745s][info][gc,phases      ] GC(29) Marking Phase 36.421ms
[0.745s][info][gc,phases,start] GC(29) Summary Phase
[0.745s][info][gc,phases      ] GC(29) Summary Phase 0.016ms
[0.745s][info][gc,phases,start] GC(29) Adjust Roots
[0.746s][info][gc,phases      ] GC(29) Adjust Roots 0.168ms
[0.746s][info][gc,phases,start] GC(29) Compaction Phase
[0.772s][info][gc,phases      ] GC(29) Compaction Phase 26.406ms
[0.772s][info][gc,phases,start] GC(29) Post Compact
[0.773s][info][gc,phases      ] GC(29) Post Compact 0.397ms
[0.773s][info][gc,heap        ] GC(29) PSYoungGen: 8736K(30720K)->2035K(30720K) Eden: 0K(8704K)->0K(8704K) From: 8736K(22016K)->2035K(22016K)
[0.773s][info][gc,heap        ] GC(29) ParOldGen: 85548K(90112K)->89842K(119808K)
[0.773s][info][gc,metaspace   ] GC(29) Metaspace: 6297K(6464K)->6297K(6464K) NonClass: 5764K(5824K)->5764K(5824K) Class: 533K(640K)->533K(640K)
[0.773s][info][gc             ] GC(29) Pause Full (Ergonomics) 92M->89M(147M) 63.821ms
[0.773s][info][gc,cpu         ] GC(29) User=0.09s Sys=0.00s Real=0.06s
[0.781s][info][gc,start       ] GC(30) Pause Young (Allocation Failure)
[0.792s][info][gc,heap        ] GC(30) PSYoungGen: 10739K(30720K)->10784K(30208K) Eden: 8704K(8704K)->0K(10240K) From: 2035K(22016K)->10784K(19968K)
[0.792s][info][gc,heap        ] GC(30) ParOldGen: 89842K(119808K)->89842K(119808K)
[0.792s][info][gc,metaspace   ] GC(30) Metaspace: 6297K(6464K)->6297K(6464K) NonClass: 5764K(5824K)->5764K(5824K) Class: 533K(640K)->533K(640K)
[0.792s][info][gc             ] GC(30) Pause Young (Allocation Failure) 98M->98M(146M) 11.471ms
[0.792s][info][gc,cpu         ] GC(30) User=0.00s Sys=0.00s Real=0.01s
[0.801s][info][gc,start       ] GC(31) Pause Young (Allocation Failure)
[0.813s][info][gc,heap        ] GC(31) PSYoungGen: 21024K(30208K)->20480K(30720K) Eden: 10240K(10240K)->0K(10240K) From: 10784K(19968K)->20480K(20480K)
[0.813s][info][gc,heap        ] GC(31) ParOldGen: 89842K(119808K)->90330K(119808K)
[0.813s][info][gc,metaspace   ] GC(31) Metaspace: 6297K(6464K)->6297K(6464K) NonClass: 5764K(5824K)->5764K(5824K) Class: 533K(640K)->533K(640K)
[0.813s][info][gc             ] GC(31) Pause Young (Allocation Failure) 108M->108M(147M) 11.883ms
[0.813s][info][gc,cpu         ] GC(31) User=0.00s Sys=0.00s Real=0.01s
[0.822s][info][gc,start       ] GC(32) Pause Young (Allocation Failure)
[0.839s][info][gc,heap        ] GC(32) PSYoungGen: 30720K(30720K)->20032K(33280K) Eden: 10240K(10240K)->0K(9728K) From: 20480K(20480K)->20032K(23552K)
[0.839s][info][gc,heap        ] GC(32) ParOldGen: 90330K(119808K)->101202K(119808K)
[0.839s][info][gc,metaspace   ] GC(32) Metaspace: 6297K(6464K)->6297K(6464K) NonClass: 5764K(5824K)->5764K(5824K) Class: 533K(640K)->533K(640K)
[0.839s][info][gc             ] GC(32) Pause Young (Allocation Failure) 118M->118M(149M) 16.659ms
[0.839s][info][gc,cpu         ] GC(32) User=0.03s Sys=0.00s Real=0.02s
[0.848s][info][gc,start       ] GC(33) Pause Young (Allocation Failure)
[0.865s][info][gc,heap        ] GC(33) PSYoungGen: 29760K(33280K)->20000K(35840K) Eden: 9728K(9728K)->0K(9728K) From: 20032K(23552K)->20000K(26112K)
[0.865s][info][gc,heap        ] GC(33) ParOldGen: 101202K(119808K)->111122K(119808K)
[0.865s][info][gc,metaspace   ] GC(33) Metaspace: 6297K(6464K)->6297K(6464K) NonClass: 5764K(5824K)->5764K(5824K) Class: 533K(640K)->533K(640K)
[0.865s][info][gc             ] GC(33) Pause Young (Allocation Failure) 127M->128M(152M) 16.837ms
[0.865s][info][gc,cpu         ] GC(33) User=0.05s Sys=0.00s Real=0.02s
[0.865s][info][gc,start       ] GC(34) Pause Full (Ergonomics)
[0.865s][info][gc,phases,start] GC(34) Marking Phase
[0.904s][info][gc,phases      ] GC(34) Marking Phase 38.751ms
[0.904s][info][gc,phases,start] GC(34) Summary Phase
[0.904s][info][gc,phases      ] GC(34) Summary Phase 0.017ms
[0.904s][info][gc,phases,start] GC(34) Adjust Roots
[0.904s][info][gc,phases      ] GC(34) Adjust Roots 0.175ms
[0.904s][info][gc,phases,start] GC(34) Compaction Phase
[0.926s][info][gc,phases      ] GC(34) Compaction Phase 21.644ms
[0.926s][info][gc,phases,start] GC(34) Post Compact
[0.927s][info][gc,phases      ] GC(34) Post Compact 0.723ms
[0.927s][info][gc,heap        ] GC(34) PSYoungGen: 20000K(35840K)->11218K(35840K) Eden: 0K(9728K)->0K(9728K) From: 20000K(26112K)->11218K(26112K)
[0.927s][info][gc,heap        ] GC(34) ParOldGen: 111122K(119808K)->119444K(152064K)
[0.927s][info][gc,metaspace   ] GC(34) Metaspace: 6297K(6464K)->6297K(6464K) NonClass: 5764K(5824K)->5764K(5824K) Class: 533K(640K)->533K(640K)
[0.927s][info][gc             ] GC(34) Pause Full (Ergonomics) 128M->127M(183M) 61.919ms
[0.927s][info][gc,cpu         ] GC(34) User=0.11s Sys=0.02s Real=0.06s
[0.937s][info][gc,start       ] GC(35) Pause Young (Allocation Failure)
[0.958s][info][gc,heap        ] GC(35) PSYoungGen: 20946K(35840K)->14464K(37888K) Eden: 9728K(9728K)->0K(11264K) From: 11218K(26112K)->14464K(26624K)
[0.958s][info][gc,heap        ] GC(35) ParOldGen: 119444K(152064K)->126124K(152064K)
[0.958s][info][gc,metaspace   ] GC(35) Metaspace: 6297K(6464K)->6297K(6464K) NonClass: 5764K(5824K)->5764K(5824K) Class: 533K(640K)->533K(640K)
[0.958s][info][gc             ] GC(35) Pause Young (Allocation Failure) 137M->137M(185M) 20.543ms
[0.958s][info][gc,cpu         ] GC(35) User=0.02s Sys=0.02s Real=0.02s
[0.969s][info][gc,start       ] GC(36) Pause Young (Allocation Failure)
[0.984s][info][gc,heap        ] GC(36) PSYoungGen: 25728K(37888K)->21056K(38912K) Eden: 11264K(11264K)->0K(11264K) From: 14464K(26624K)->21056K(27648K)
[0.984s][info][gc,heap        ] GC(36) ParOldGen: 126124K(152064K)->130876K(152064K)
[0.984s][info][gc,metaspace   ] GC(36) Metaspace: 6297K(6464K)->6297K(6464K) NonClass: 5764K(5824K)->5764K(5824K) Class: 533K(640K)->533K(640K)
[0.984s][info][gc             ] GC(36) Pause Young (Allocation Failure) 148M->148M(186M) 14.551ms
[0.984s][info][gc,cpu         ] GC(36) User=0.06s Sys=0.00s Real=0.02s
[0.995s][info][gc,start       ] GC(37) Pause Young (Allocation Failure)
[1.012s][info][gc,heap        ] GC(37) PSYoungGen: 32320K(38912K)->22592K(40448K) Eden: 11264K(11264K)->0K(11264K) From: 21056K(27648K)->22592K(29184K)
[1.012s][info][gc,heap        ] GC(37) ParOldGen: 130876K(152064K)->140740K(152064K)
[1.012s][info][gc,metaspace   ] GC(37) Metaspace: 6297K(6464K)->6297K(6464K) NonClass: 5764K(5824K)->5764K(5824K) Class: 533K(640K)->533K(640K)
[1.012s][info][gc             ] GC(37) Pause Young (Allocation Failure) 159M->159M(188M) 17.441ms
[1.012s][info][gc,cpu         ] GC(37) User=0.03s Sys=0.00s Real=0.02s
[1.012s][info][gc,start       ] GC(38) Pause Full (Ergonomics)
[1.012s][info][gc,phases,start] GC(38) Marking Phase
[1.065s][info][gc,phases      ] GC(38) Marking Phase 52.400ms
[1.065s][info][gc,phases,start] GC(38) Summary Phase
[1.065s][info][gc,phases      ] GC(38) Summary Phase 0.018ms
[1.065s][info][gc,phases,start] GC(38) Adjust Roots
[1.065s][info][gc,phases      ] GC(38) Adjust Roots 0.156ms
[1.065s][info][gc,phases,start] GC(38) Compaction Phase
[1.089s][info][gc,phases      ] GC(38) Compaction Phase 24.011ms
[1.089s][info][gc,phases,start] GC(38) Post Compact
[1.090s][info][gc,phases      ] GC(38) Post Compact 0.958ms
[1.090s][info][gc,heap        ] GC(38) PSYoungGen: 22592K(40448K)->11228K(40448K) Eden: 0K(11264K)->0K(11264K) From: 22592K(29184K)->11228K(29184K)
[1.091s][info][gc,heap        ] GC(38) ParOldGen: 140740K(152064K)->151603K(184832K)
[1.091s][info][gc,metaspace   ] GC(38) Metaspace: 6297K(6464K)->6297K(6464K) NonClass: 5764K(5824K)->5764K(5824K) Class: 533K(640K)->533K(640K)
[1.091s][info][gc             ] GC(38) Pause Full (Ergonomics) 159M->159M(220M) 78.301ms
[1.091s][info][gc,cpu         ] GC(38) User=0.22s Sys=0.00s Real=0.08s
[1.102s][info][gc,start       ] GC(39) Pause Young (Allocation Failure)
[1.123s][info][gc,heap        ] GC(39) PSYoungGen: 22492K(40448K)->11328K(42496K) Eden: 11264K(11264K)->0K(11264K) From: 11228K(29184K)->11328K(31232K)
[1.123s][info][gc,heap        ] GC(39) ParOldGen: 151603K(184832K)->163003K(184832K)
[1.123s][info][gc,metaspace   ] GC(39) Metaspace: 6297K(6464K)->6297K(6464K) NonClass: 5764K(5824K)->5764K(5824K) Class: 533K(640K)->533K(640K)
[1.123s][info][gc             ] GC(39) Pause Young (Allocation Failure) 170M->170M(222M) 20.600ms
[1.123s][info][gc,cpu         ] GC(39) User=0.06s Sys=0.00s Real=0.02s
[1.158s][info][gc,start       ] GC(40) Pause Young (Allocation Failure)
[1.176s][info][gc,heap        ] GC(40) PSYoungGen: 22592K(42496K)->19520K(41984K) Eden: 11264K(11264K)->0K(12288K) From: 11328K(31232K)->19520K(29696K)
[1.176s][info][gc,heap        ] GC(40) ParOldGen: 163003K(184832K)->174435K(184832K)
[1.176s][info][gc,metaspace   ] GC(40) Metaspace: 6297K(6464K)->6297K(6464K) NonClass: 5764K(5824K)->5764K(5824K) Class: 533K(640K)->533K(640K)
[1.176s][info][gc             ] GC(40) Pause Young (Allocation Failure) 181M->189M(221M) 17.908ms
[1.176s][info][gc,cpu         ] GC(40) User=0.00s Sys=0.00s Real=0.02s
[1.176s][info][gc,start       ] GC(41) Pause Full (Ergonomics)
[1.176s][info][gc,phases,start] GC(41) Marking Phase
[1.219s][info][gc,phases      ] GC(41) Marking Phase 43.323ms
[1.219s][info][gc,phases,start] GC(41) Summary Phase
[1.219s][info][gc,phases      ] GC(41) Summary Phase 0.026ms
[1.219s][info][gc,phases,start] GC(41) Adjust Roots
[1.219s][info][gc,phases      ] GC(41) Adjust Roots 0.161ms
[1.219s][info][gc,phases,start] GC(41) Compaction Phase
[1.252s][info][gc,phases      ] GC(41) Compaction Phase 32.101ms
[1.252s][info][gc,phases,start] GC(41) Post Compact
[1.252s][info][gc,phases      ] GC(41) Post Compact 0.830ms
[1.253s][info][gc,heap        ] GC(41) PSYoungGen: 19520K(41984K)->0K(43008K) Eden: 0K(12288K)->0K(12288K) From: 19520K(29696K)->0K(30720K)
[1.253s][info][gc,heap        ] GC(41) ParOldGen: 174435K(184832K)->181224K(218112K)
[1.253s][info][gc,metaspace   ] GC(41) Metaspace: 6297K(6464K)->6297K(6464K) NonClass: 5764K(5824K)->5764K(5824K) Class: 533K(640K)->533K(640K)
[1.253s][info][gc             ] GC(41) Pause Full (Ergonomics) 189M->176M(255M) 77.000ms
[1.253s][info][gc,cpu         ] GC(41) User=0.25s Sys=0.00s Real=0.08s
[1.266s][info][gc,start       ] GC(42) Pause Young (Allocation Failure)
[1.273s][info][gc,heap        ] GC(42) PSYoungGen: 12288K(43008K)->12384K(41984K) Eden: 12288K(12288K)->0K(14336K) From: 0K(30720K)->12384K(27648K)
[1.273s][info][gc,heap        ] GC(42) ParOldGen: 181224K(218112K)->181224K(218112K)
[1.273s][info][gc,metaspace   ] GC(42) Metaspace: 6297K(6464K)->6297K(6464K) NonClass: 5764K(5824K)->5764K(5824K) Class: 533K(640K)->533K(640K)
[1.273s][info][gc             ] GC(42) Pause Young (Allocation Failure) 188M->189M(254M) 7.445ms
[1.273s][info][gc,cpu         ] GC(42) User=0.02s Sys=0.00s Real=0.01s
[1.287s][info][gc,start       ] GC(43) Pause Young (Allocation Failure)
[1.300s][info][gc,heap        ] GC(43) PSYoungGen: 26720K(41984K)->26720K(43520K) Eden: 14336K(14336K)->0K(14336K) From: 12384K(27648K)->26720K(29184K)
[1.301s][info][gc,heap        ] GC(43) ParOldGen: 181224K(218112K)->181224K(218112K)
[1.301s][info][gc,metaspace   ] GC(43) Metaspace: 6297K(6464K)->6297K(6464K) NonClass: 5764K(5824K)->5764K(5824K) Class: 533K(640K)->533K(640K)
[1.301s][info][gc             ] GC(43) Pause Young (Allocation Failure) 203M->203M(255M) 13.536ms
[1.301s][info][gc,cpu         ] GC(43) User=0.02s Sys=0.00s Real=0.01s
[1.315s][info][gc,start       ] GC(44) Pause Young (Allocation Failure)
[1.335s][info][gc,heap        ] GC(44) PSYoungGen: 41056K(43520K)->32256K(40448K) Eden: 14336K(14336K)->0K(8192K) From: 26720K(29184K)->32256K(32256K)
[1.335s][info][gc,heap        ] GC(44) ParOldGen: 181224K(218112K)->190048K(218112K)
[1.335s][info][gc,metaspace   ] GC(44) Metaspace: 6297K(6464K)->6297K(6464K) NonClass: 5764K(5824K)->5764K(5824K) Class: 533K(640K)->533K(640K)
[1.335s][info][gc             ] GC(44) Pause Young (Allocation Failure) 217M->217M(252M) 20.034ms
[1.335s][info][gc,cpu         ] GC(44) User=0.08s Sys=0.02s Real=0.02s
[1.344s][info][gc,start       ] GC(45) Pause Young (Allocation Failure)
[1.362s][info][gc,heap        ] GC(45) PSYoungGen: 40448K(40448K)->31904K(48640K) Eden: 8192K(8192K)->0K(8192K) From: 32256K(32256K)->31904K(40448K)
[1.362s][info][gc,heap        ] GC(45) ParOldGen: 190048K(218112K)->198816K(218112K)
[1.362s][info][gc,metaspace   ] GC(45) Metaspace: 6297K(6464K)->6297K(6464K) NonClass: 5764K(5824K)->5764K(5824K) Class: 533K(640K)->533K(640K)
[1.362s][info][gc             ] GC(45) Pause Young (Allocation Failure) 225M->225M(260M) 18.307ms
[1.362s][info][gc,cpu         ] GC(45) User=0.09s Sys=0.00s Real=0.02s
[1.371s][info][gc,start       ] GC(46) Pause Young (Allocation Failure)
[1.390s][info][gc,heap        ] GC(46) PSYoungGen: 40096K(48640K)->27552K(51712K) Eden: 8192K(8192K)->0K(8704K) From: 31904K(40448K)->27552K(43008K)
[1.390s][info][gc,heap        ] GC(46) ParOldGen: 198816K(218112K)->211440K(218112K)
[1.390s][info][gc,metaspace   ] GC(46) Metaspace: 6297K(6464K)->6297K(6464K) NonClass: 5764K(5824K)->5764K(5824K) Class: 533K(640K)->533K(640K)
[1.390s][info][gc             ] GC(46) Pause Young (Allocation Failure) 233M->233M(263M) 18.621ms
[1.390s][info][gc,cpu         ] GC(46) User=0.06s Sys=0.02s Real=0.02s
[1.390s][info][gc,start       ] GC(47) Pause Full (Ergonomics)
[1.390s][info][gc,phases,start] GC(47) Marking Phase
[1.449s][info][gc,phases      ] GC(47) Marking Phase 59.177ms
[1.449s][info][gc,phases,start] GC(47) Summary Phase
[1.449s][info][gc,phases      ] GC(47) Summary Phase 0.025ms
[1.449s][info][gc,phases,start] GC(47) Adjust Roots
[1.449s][info][gc,phases      ] GC(47) Adjust Roots 0.185ms
[1.449s][info][gc,phases,start] GC(47) Compaction Phase
[1.483s][info][gc,phases      ] GC(47) Compaction Phase 33.511ms
[1.483s][info][gc,phases,start] GC(47) Post Compact
[1.484s][info][gc,phases      ] GC(47) Post Compact 1.206ms
[1.484s][info][gc,heap        ] GC(47) PSYoungGen: 27552K(51712K)->20308K(51712K) Eden: 0K(8704K)->0K(8704K) From: 27552K(43008K)->20308K(43008K)
[1.484s][info][gc,heap        ] GC(47) ParOldGen: 211440K(218112K)->218105K(257024K)
[1.484s][info][gc,metaspace   ] GC(47) Metaspace: 6297K(6464K)->6297K(6464K) NonClass: 5764K(5824K)->5764K(5824K) Class: 533K(640K)->533K(640K)
[1.485s][info][gc             ] GC(47) Pause Full (Ergonomics) 233M->232M(301M) 94.622ms
[1.485s][info][gc,cpu         ] GC(47) User=0.39s Sys=0.02s Real=0.09s
[1.495s][info][gc,start       ] GC(48) Pause Young (Allocation Failure)
[1.520s][info][gc,heap        ] GC(48) PSYoungGen: 29012K(51712K)->15488K(52736K) Eden: 8704K(8704K)->0K(8704K) From: 20308K(43008K)->15488K(44032K)
[1.520s][info][gc,heap        ] GC(48) ParOldGen: 218105K(257024K)->231993K(257024K)
[1.520s][info][gc,metaspace   ] GC(48) Metaspace: 6297K(6464K)->6297K(6464K) NonClass: 5764K(5824K)->5764K(5824K) Class: 533K(640K)->533K(640K)
[1.520s][info][gc             ] GC(48) Pause Young (Allocation Failure) 241M->241M(302M) 24.980ms
[1.520s][info][gc,cpu         ] GC(48) User=0.11s Sys=0.00s Real=0.03s
[1.529s][info][gc,start       ] GC(49) Pause Young (Allocation Failure)
[1.543s][info][gc,heap        ] GC(49) PSYoungGen: 24192K(52736K)->17472K(48640K) Eden: 8704K(8704K)->0K(10240K) From: 15488K(44032K)->17472K(38400K)
[1.543s][info][gc,heap        ] GC(49) ParOldGen: 231993K(257024K)->238769K(257024K)
[1.543s][info][gc,metaspace   ] GC(49) Metaspace: 6297K(6464K)->6297K(6464K) NonClass: 5764K(5824K)->5764K(5824K) Class: 533K(640K)->533K(640K)
[1.543s][info][gc             ] GC(49) Pause Young (Allocation Failure) 250M->250M(298M) 13.292ms
[1.543s][info][gc,cpu         ] GC(49) User=0.00s Sys=0.02s Real=0.01s
[1.543s][info][gc,start       ] GC(50) Pause Full (Ergonomics)
[1.543s][info][gc,phases,start] GC(50) Marking Phase
[1.605s][info][gc,phases      ] GC(50) Marking Phase 62.636ms
[1.605s][info][gc,phases,start] GC(50) Summary Phase
[1.606s][info][gc,phases      ] GC(50) Summary Phase 0.020ms
[1.606s][info][gc,phases,start] GC(50) Adjust Roots
[1.606s][info][gc,phases      ] GC(50) Adjust Roots 0.151ms
[1.606s][info][gc,phases,start] GC(50) Compaction Phase
[1.632s][info][gc,phases      ] GC(50) Compaction Phase 26.138ms
[1.632s][info][gc,phases,start] GC(50) Post Compact
[1.633s][info][gc,phases      ] GC(50) Post Compact 1.178ms
[1.633s][info][gc,heap        ] GC(50) PSYoungGen: 17472K(48640K)->0K(50688K) Eden: 0K(10240K)->0K(10240K) From: 17472K(38400K)->0K(40448K)
[1.633s][info][gc,heap        ] GC(50) ParOldGen: 238769K(257024K)->255756K(297472K)
[1.633s][info][gc,metaspace   ] GC(50) Metaspace: 6297K(6464K)->6297K(6464K) NonClass: 5764K(5824K)->5764K(5824K) Class: 533K(640K)->533K(640K)
[1.633s][info][gc             ] GC(50) Pause Full (Ergonomics) 250M->249M(340M) 90.634ms
[1.633s][info][gc,cpu         ] GC(50) User=0.41s Sys=0.02s Real=0.09s
[1.646s][info][gc,start       ] GC(51) Pause Young (Allocation Failure)
[1.652s][info][gc,heap        ] GC(51) PSYoungGen: 10240K(50688K)->10304K(51200K) Eden: 10240K(10240K)->0K(11776K) From: 0K(40448K)->10304K(39424K)
[1.652s][info][gc,heap        ] GC(51) ParOldGen: 255756K(297472K)->255756K(297472K)
[1.652s][info][gc,metaspace   ] GC(51) Metaspace: 6297K(6464K)->6297K(6464K) NonClass: 5764K(5824K)->5764K(5824K) Class: 533K(640K)->533K(640K)
[1.652s][info][gc             ] GC(51) Pause Young (Allocation Failure) 259M->259M(340M) 6.778ms
[1.652s][info][gc,cpu         ] GC(51) User=0.00s Sys=0.00s Real=0.01s
[1.666s][info][gc,start       ] GC(52) Pause Young (Allocation Failure)
[1.677s][info][gc,heap        ] GC(52) PSYoungGen: 22080K(51200K)->22112K(51712K) Eden: 11776K(11776K)->0K(11776K) From: 10304K(39424K)->22112K(39936K)
[1.677s][info][gc,heap        ] GC(52) ParOldGen: 255756K(297472K)->255756K(297472K)
[1.677s][info][gc,metaspace   ] GC(52) Metaspace: 6297K(6464K)->6297K(6464K) NonClass: 5764K(5824K)->5764K(5824K) Class: 533K(640K)->533K(640K)
[1.677s][info][gc             ] GC(52) Pause Young (Allocation Failure) 271M->271M(341M) 11.043ms
[1.677s][info][gc,cpu         ] GC(52) User=0.02s Sys=0.00s Real=0.01s
[1.690s][info][gc,start       ] GC(53) Pause Young (Allocation Failure)
[1.706s][info][gc,heap        ] GC(53) PSYoungGen: 33888K(51712K)->33888K(48640K) Eden: 11776K(11776K)->0K(9728K) From: 22112K(39936K)->33888K(38912K)
[1.706s][info][gc,heap        ] GC(53) ParOldGen: 255756K(297472K)->255756K(297472K)
[1.706s][info][gc,metaspace   ] GC(53) Metaspace: 6297K(6464K)->6297K(6464K) NonClass: 5764K(5824K)->5764K(5824K) Class: 533K(640K)->533K(640K)
[1.706s][info][gc             ] GC(53) Pause Young (Allocation Failure) 282M->282M(338M) 16.015ms
[1.706s][info][gc,cpu         ] GC(53) User=0.02s Sys=0.00s Real=0.02s
[1.717s][info][gc,start       ] GC(54) Pause Young (Allocation Failure)
[1.736s][info][gc,heap        ] GC(54) PSYoungGen: 43616K(48640K)->42496K(52224K) Eden: 9728K(9728K)->0K(9728K) From: 33888K(38912K)->42496K(42496K)
[1.737s][info][gc,heap        ] GC(54) ParOldGen: 255756K(297472K)->256796K(297472K)
[1.737s][info][gc,metaspace   ] GC(54) Metaspace: 6297K(6464K)->6297K(6464K) NonClass: 5764K(5824K)->5764K(5824K) Class: 533K(640K)->533K(640K)
[1.737s][info][gc             ] GC(54) Pause Young (Allocation Failure) 292M->292M(341M) 19.931ms
[1.737s][info][gc,cpu         ] GC(54) User=0.11s Sys=0.00s Real=0.02s
[1.747s][info][gc,start       ] GC(55) Pause Young (Allocation Failure)
[1.772s][info][gc,heap        ] GC(55) PSYoungGen: 52224K(52224K)->42368K(55808K) Eden: 9728K(9728K)->0K(6656K) From: 42496K(42496K)->42368K(49152K)
[1.772s][info][gc,heap        ] GC(55) ParOldGen: 256796K(297472K)->266964K(297472K)
[1.772s][info][gc,metaspace   ] GC(55) Metaspace: 6297K(6464K)->6297K(6464K) NonClass: 5764K(5824K)->5764K(5824K) Class: 533K(640K)->533K(640K)
[1.772s][info][gc             ] GC(55) Pause Young (Allocation Failure) 301M->302M(345M) 24.258ms
[1.772s][info][gc,cpu         ] GC(55) User=0.08s Sys=0.05s Real=0.02s
[1.780s][info][gc,start       ] GC(56) Pause Young (Allocation Failure)
[1.802s][info][gc,heap        ] GC(56) PSYoungGen: 49024K(55808K)->37472K(60416K) Eden: 6656K(6656K)->0K(6656K) From: 42368K(49152K)->37472K(53760K)
[1.802s][info][gc,heap        ] GC(56) ParOldGen: 266964K(297472K)->278612K(297472K)
[1.802s][info][gc,metaspace   ] GC(56) Metaspace: 6297K(6464K)->6297K(6464K) NonClass: 5764K(5824K)->5764K(5824K) Class: 533K(640K)->533K(640K)
[1.802s][info][gc             ] GC(56) Pause Young (Allocation Failure) 308M->308M(349M) 22.618ms
[1.802s][info][gc,cpu         ] GC(56) User=0.11s Sys=0.02s Real=0.02s
[1.810s][info][gc,start       ] GC(57) Pause Young (Allocation Failure)
[1.834s][info][gc,heap        ] GC(57) PSYoungGen: 44128K(60416K)->23136K(58368K) Eden: 6656K(6656K)->0K(7680K) From: 37472K(53760K)->23136K(50688K)
[1.834s][info][gc,heap        ] GC(57) ParOldGen: 278612K(297472K)->299916K(300032K)
[1.834s][info][gc,metaspace   ] GC(57) Metaspace: 6297K(6464K)->6297K(6464K) NonClass: 5764K(5824K)->5764K(5824K) Class: 533K(640K)->533K(640K)
[1.834s][info][gc             ] GC(57) Pause Young (Allocation Failure) 315M->315M(350M) 23.671ms
[1.834s][info][gc,cpu         ] GC(57) User=0.09s Sys=0.03s Real=0.02s
[1.834s][info][gc,start       ] GC(58) Pause Full (Ergonomics)
[1.834s][info][gc,phases,start] GC(58) Marking Phase
[1.901s][info][gc,phases      ] GC(58) Marking Phase 67.479ms
[1.901s][info][gc,phases,start] GC(58) Summary Phase
[1.901s][info][gc,phases      ] GC(58) Summary Phase 0.024ms
[1.901s][info][gc,phases,start] GC(58) Adjust Roots
[1.902s][info][gc,phases      ] GC(58) Adjust Roots 0.153ms
[1.902s][info][gc,phases,start] GC(58) Compaction Phase
[1.941s][info][gc,phases      ] GC(58) Compaction Phase 39.587ms
[1.941s][info][gc,phases,start] GC(58) Post Compact
[1.943s][info][gc,phases      ] GC(58) Post Compact 1.830ms
[1.944s][info][gc,heap        ] GC(58) PSYoungGen: 23136K(58368K)->22434K(59904K) Eden: 0K(7680K)->0K(9216K) From: 23136K(50688K)->22434K(50688K)
[1.944s][info][gc,heap        ] GC(58) ParOldGen: 299916K(300032K)->299661K(348160K)
[1.944s][info][gc,metaspace   ] GC(58) Metaspace: 6297K(6464K)->6297K(6464K) NonClass: 5764K(5824K)->5764K(5824K) Class: 533K(640K)->533K(640K)
[1.944s][info][gc             ] GC(58) Pause Full (Ergonomics) 315M->314M(398M) 109.741ms
[1.944s][info][gc,cpu         ] GC(58) User=0.62s Sys=0.00s Real=0.11s
[1.954s][info][gc,start       ] GC(59) Pause Young (Allocation Failure)
[1.981s][info][gc,heap        ] GC(59) PSYoungGen: 31650K(59904K)->15936K(62464K) Eden: 9216K(9216K)->0K(9216K) From: 22434K(50688K)->15936K(53248K)
[1.981s][info][gc,heap        ] GC(59) ParOldGen: 299661K(348160K)->315749K(348160K)
[1.981s][info][gc,metaspace   ] GC(59) Metaspace: 6297K(6464K)->6297K(6464K) NonClass: 5764K(5824K)->5764K(5824K) Class: 533K(640K)->533K(640K)
[1.981s][info][gc             ] GC(59) Pause Young (Allocation Failure) 323M->323M(401M) 26.394ms
[1.981s][info][gc,cpu         ] GC(59) User=0.25s Sys=0.00s Real=0.03s
[1.992s][info][gc,start       ] GC(60) Pause Young (Allocation Failure)
[2.005s][info][gc,heap        ] GC(60) PSYoungGen: 25152K(62464K)->9280K(62976K) Eden: 9216K(9216K)->0K(10752K) From: 15936K(53248K)->9280K(52224K)
[2.005s][info][gc,heap        ] GC(60) ParOldGen: 315749K(348160K)->331805K(348160K)
[2.005s][info][gc,metaspace   ] GC(60) Metaspace: 6297K(6464K)->6297K(6464K) NonClass: 5764K(5824K)->5764K(5824K) Class: 533K(640K)->533K(640K)
[2.005s][info][gc             ] GC(60) Pause Young (Allocation Failure) 332M->333M(401M) 13.754ms
[2.005s][info][gc,cpu         ] GC(60) User=0.02s Sys=0.00s Real=0.01s
[2.005s][info][gc,start       ] GC(61) Pause Full (Ergonomics)
[2.005s][info][gc,phases,start] GC(61) Marking Phase
[2.079s][info][gc,phases      ] GC(61) Marking Phase 73.499ms
[2.079s][info][gc,phases,start] GC(61) Summary Phase
[2.079s][info][gc,phases      ] GC(61) Summary Phase 0.022ms
[2.079s][info][gc,phases,start] GC(61) Adjust Roots
[2.079s][info][gc,phases      ] GC(61) Adjust Roots 0.148ms
[2.079s][info][gc,phases,start] GC(61) Compaction Phase
[2.109s][info][gc,phases      ] GC(61) Compaction Phase 29.553ms
[2.109s][info][gc,phases,start] GC(61) Post Compact
[2.110s][info][gc,phases      ] GC(61) Post Compact 1.635ms
[2.111s][info][gc,heap        ] GC(61) PSYoungGen: 9280K(62976K)->0K(62976K) Eden: 0K(10752K)->0K(10752K) From: 9280K(52224K)->0K(52224K)
[2.111s][info][gc,heap        ] GC(61) ParOldGen: 331805K(348160K)->340462K(394240K)
[2.111s][info][gc,metaspace   ] GC(61) Metaspace: 6297K(6464K)->6297K(6464K) NonClass: 5764K(5824K)->5764K(5824K) Class: 533K(640K)->533K(640K)
[2.111s][info][gc             ] GC(61) Pause Full (Ergonomics) 333M->332M(446M) 105.356ms
[2.111s][info][gc,cpu         ] GC(61) User=0.64s Sys=0.00s Real=0.11s
[2.123s][info][gc,start       ] GC(62) Pause Young (Allocation Failure)
[2.129s][info][gc,heap        ] GC(62) PSYoungGen: 10752K(62976K)->10912K(62464K) Eden: 10752K(10752K)->0K(12288K) From: 0K(52224K)->10912K(50176K)
[2.129s][info][gc,heap        ] GC(62) ParOldGen: 340462K(394240K)->340462K(394240K)
[2.129s][info][gc,metaspace   ] GC(62) Metaspace: 6297K(6464K)->6297K(6464K) NonClass: 5764K(5824K)->5764K(5824K) Class: 533K(640K)->533K(640K)
[2.129s][info][gc             ] GC(62) Pause Young (Allocation Failure) 342M->343M(446M) 6.716ms
[2.129s][info][gc,cpu         ] GC(62) User=0.02s Sys=0.00s Real=0.01s
[2.215s][info][gc,start       ] GC(63) Pause Young (Allocation Failure)
[2.238s][info][gc,heap        ] GC(63) PSYoungGen: 23200K(62464K)->23136K(35840K) Eden: 12288K(12288K)->0K(12288K) From: 10912K(50176K)->23136K(23552K)
[2.238s][info][gc,heap        ] GC(63) ParOldGen: 356846K(394240K)->356846K(394240K)
[2.238s][info][gc,metaspace   ] GC(63) Metaspace: 6297K(6464K)->6297K(6464K) NonClass: 5764K(5824K)->5764K(5824K) Class: 533K(640K)->533K(640K)
[2.238s][info][gc             ] GC(63) Pause Young (Allocation Failure) 371M->371M(420M) 22.688ms
[2.238s][info][gc,cpu         ] GC(63) User=0.06s Sys=0.00s Real=0.02s
[2.252s][info][gc,start       ] GC(64) Pause Young (Allocation Failure)
[2.271s][info][gc,heap        ] GC(64) PSYoungGen: 35424K(35840K)->35456K(59904K) Eden: 12288K(12288K)->0K(11264K) From: 23136K(23552K)->35456K(48640K)
[2.271s][info][gc,heap        ] GC(64) ParOldGen: 356846K(394240K)->356846K(394240K)
[2.271s][info][gc,metaspace   ] GC(64) Metaspace: 6297K(6464K)->6297K(6464K) NonClass: 5764K(5824K)->5764K(5824K) Class: 533K(640K)->533K(640K)
[2.271s][info][gc             ] GC(64) Pause Young (Allocation Failure) 383M->383M(443M) 19.076ms
[2.271s][info][gc,cpu         ] GC(64) User=0.06s Sys=0.00s Real=0.02s
[2.283s][info][gc,start       ] GC(65) Pause Young (Allocation Failure)
[2.307s][info][gc,heap        ] GC(65) PSYoungGen: 46720K(59904K)->46688K(62464K) Eden: 11264K(11264K)->0K(11264K) From: 35456K(48640K)->46688K(51200K)
[2.307s][info][gc,heap        ] GC(65) ParOldGen: 356846K(394240K)->356846K(394240K)
[2.307s][info][gc,metaspace   ] GC(65) Metaspace: 6297K(6464K)->6297K(6464K) NonClass: 5764K(5824K)->5764K(5824K) Class: 533K(640K)->533K(640K)
[2.307s][info][gc             ] GC(65) Pause Young (Allocation Failure) 394M->394M(446M) 23.277ms
[2.307s][info][gc,cpu         ] GC(65) User=0.12s Sys=0.00s Real=0.02s
[2.319s][info][gc,start       ] GC(66) Pause Young (Allocation Failure)
[2.349s][info][gc,heap        ] GC(66) PSYoungGen: 57952K(62464K)->47200K(64512K) Eden: 11264K(11264K)->0K(7680K) From: 46688K(51200K)->47200K(56832K)
[2.349s][info][gc,heap        ] GC(66) ParOldGen: 356846K(394240K)->367742K(394240K)
[2.349s][info][gc,metaspace   ] GC(66) Metaspace: 6297K(6464K)->6297K(6464K) NonClass: 5764K(5824K)->5764K(5824K) Class: 533K(640K)->533K(640K)
[2.349s][info][gc             ] GC(66) Pause Young (Allocation Failure) 405M->405M(448M) 29.382ms
[2.349s][info][gc,cpu         ] GC(66) User=0.14s Sys=0.00s Real=0.03s
[2.358s][info][gc,start       ] GC(67) Pause Young (Allocation Failure)
[2.386s][info][gc,heap        ] GC(67) PSYoungGen: 54880K(64512K)->42560K(69632K) Eden: 7680K(7680K)->0K(7680K) From: 47200K(56832K)->42560K(61952K)
[2.386s][info][gc,heap        ] GC(67) ParOldGen: 367742K(394240K)->380198K(394240K)
[2.386s][info][gc,metaspace   ] GC(67) Metaspace: 6297K(6464K)->6297K(6464K) NonClass: 5764K(5824K)->5764K(5824K) Class: 533K(640K)->533K(640K)
[2.386s][info][gc             ] GC(67) Pause Young (Allocation Failure) 412M->412M(453M) 28.712ms
[2.386s][info][gc,cpu         ] GC(67) User=0.11s Sys=0.00s Real=0.03s
[2.386s][info][gc,start       ] GC(68) Pause Full (Ergonomics)
[2.386s][info][gc,phases,start] GC(68) Marking Phase
[2.489s][info][gc,phases      ] GC(68) Marking Phase 102.731ms
[2.489s][info][gc,phases,start] GC(68) Summary Phase
[2.489s][info][gc,phases      ] GC(68) Summary Phase 0.035ms
[2.489s][info][gc,phases,start] GC(68) Adjust Roots
[2.490s][info][gc,phases      ] GC(68) Adjust Roots 0.228ms
[2.490s][info][gc,phases,start] GC(68) Compaction Phase
[2.576s][info][gc,phases      ] GC(68) Compaction Phase 86.723ms
[2.576s][info][gc,phases,start] GC(68) Post Compact
[2.579s][info][gc,phases      ] GC(68) Post Compact 3.094ms
[2.580s][info][gc,heap        ] GC(68) PSYoungGen: 42560K(69632K)->19883K(69632K) Eden: 0K(7680K)->0K(7680K) From: 42560K(61952K)->19883K(61952K)
[2.580s][info][gc,heap        ] GC(68) ParOldGen: 380198K(394240K)->394107K(448512K)
[2.580s][info][gc,metaspace   ] GC(68) Metaspace: 6297K(6464K)->6297K(6464K) NonClass: 5764K(5824K)->5764K(5824K) Class: 533K(640K)->533K(640K)
[2.580s][info][gc             ] GC(68) Pause Full (Ergonomics) 412M->404M(506M) 193.490ms
[2.580s][info][gc,cpu         ] GC(68) User=1.14s Sys=0.00s Real=0.19s
[2.588s][info][gc,start       ] GC(69) Pause Young (Allocation Failure)
[2.619s][info][gc,heap        ] GC(69) PSYoungGen: 27563K(69632K)->16448K(69120K) Eden: 7680K(7680K)->0K(8704K) From: 19883K(61952K)->16448K(60416K)
[2.619s][info][gc,heap        ] GC(69) ParOldGen: 394107K(448512K)->405547K(448512K)
[2.619s][info][gc,metaspace   ] GC(69) Metaspace: 6297K(6464K)->6297K(6464K) NonClass: 5764K(5824K)->5764K(5824K) Class: 533K(640K)->533K(640K)
[2.619s][info][gc             ] GC(69) Pause Young (Allocation Failure) 411M->412M(505M) 31.571ms
[2.620s][info][gc,cpu         ] GC(69) User=0.11s Sys=0.02s Real=0.03s
[2.629s][info][gc,start       ] GC(70) Pause Young (Allocation Failure)
[2.642s][info][gc,heap        ] GC(70) PSYoungGen: 25152K(69120K)->21056K(30208K) Eden: 8704K(8704K)->0K(8704K) From: 16448K(60416K)->21056K(21504K)
[2.643s][info][gc,heap        ] GC(70) ParOldGen: 405547K(448512K)->409723K(448512K)
[2.643s][info][gc,metaspace   ] GC(70) Metaspace: 6297K(6464K)->6297K(6464K) NonClass: 5764K(5824K)->5764K(5824K) Class: 533K(640K)->533K(640K)
[2.643s][info][gc             ] GC(70) Pause Young (Allocation Failure) 420M->420M(467M) 13.678ms
[2.643s][info][gc,cpu         ] GC(70) User=0.02s Sys=0.00s Real=0.01s
[2.652s][info][gc,start       ] GC(71) Pause Young (Allocation Failure)
[2.668s][info][gc,heap        ] GC(71) PSYoungGen: 29760K(30208K)->25216K(64512K) Eden: 8704K(8704K)->0K(10240K) From: 21056K(21504K)->25216K(54272K)
[2.668s][info][gc,heap        ] GC(71) ParOldGen: 409723K(448512K)->414331K(448512K)
[2.668s][info][gc,metaspace   ] GC(71) Metaspace: 6297K(6464K)->6297K(6464K) NonClass: 5764K(5824K)->5764K(5824K) Class: 533K(640K)->533K(640K)
[2.668s][info][gc             ] GC(71) Pause Young (Allocation Failure) 429M->429M(501M) 16.134ms
[2.668s][info][gc,cpu         ] GC(71) User=0.00s Sys=0.00s Real=0.02s
[2.678s][info][gc,start       ] GC(72) Pause Young (Allocation Failure)
[2.698s][info][gc,heap        ] GC(72) PSYoungGen: 35456K(64512K)->19040K(67584K) Eden: 10240K(10240K)->0K(10240K) From: 25216K(54272K)->19040K(57344K)
[2.698s][info][gc,heap        ] GC(72) ParOldGen: 414331K(448512K)->430907K(448512K)
[2.698s][info][gc,metaspace   ] GC(72) Metaspace: 6297K(6464K)->6297K(6464K) NonClass: 5764K(5824K)->5764K(5824K) Class: 533K(640K)->533K(640K)
[2.698s][info][gc             ] GC(72) Pause Young (Allocation Failure) 439M->439M(504M) 19.387ms
[2.698s][info][gc,cpu         ] GC(72) User=0.09s Sys=0.03s Real=0.02s
[2.698s][info][gc,start       ] GC(73) Pause Full (Ergonomics)
[2.698s][info][gc,phases,start] GC(73) Marking Phase
[2.805s][info][gc,phases      ] GC(73) Marking Phase 107.068ms
[2.805s][info][gc,phases,start] GC(73) Summary Phase
[2.805s][info][gc,phases      ] GC(73) Summary Phase 0.026ms
[2.805s][info][gc,phases,start] GC(73) Adjust Roots
[2.805s][info][gc,phases      ] GC(73) Adjust Roots 0.208ms
[2.805s][info][gc,phases,start] GC(73) Compaction Phase
[2.852s][info][gc,phases      ] GC(73) Compaction Phase 46.269ms
[2.852s][info][gc,phases,start] GC(73) Post Compact
[2.854s][info][gc,phases      ] GC(73) Post Compact 2.108ms
[2.854s][info][gc,heap        ] GC(73) PSYoungGen: 19040K(67584K)->1002K(67584K) Eden: 0K(10240K)->0K(10240K) From: 19040K(57344K)->1002K(57344K)
[2.854s][info][gc,heap        ] GC(73) ParOldGen: 430907K(448512K)->448196K(506368K)
[2.854s][info][gc,metaspace   ] GC(73) Metaspace: 6297K(6464K)->6297K(6464K) NonClass: 5764K(5824K)->5764K(5824K) Class: 533K(640K)->533K(640K)
[2.854s][info][gc             ] GC(73) Pause Full (Ergonomics) 439M->438M(560M) 156.242ms
[2.854s][info][gc,cpu         ] GC(73) User=0.92s Sys=0.02s Real=0.16s
[2.866s][info][gc,start       ] GC(74) Pause Young (Allocation Failure)
[2.891s][info][gc,heap        ] GC(74) PSYoungGen: 11242K(67584K)->10368K(67584K) Eden: 10240K(10240K)->0K(11776K) From: 1002K(57344K)->10368K(55808K)
[2.891s][info][gc,heap        ] GC(74) ParOldGen: 448196K(506368K)->449252K(506368K)
[2.891s][info][gc,metaspace   ] GC(74) Metaspace: 6297K(6464K)->6297K(6464K) NonClass: 5764K(5824K)->5764K(5824K) Class: 533K(640K)->533K(640K)
[2.891s][info][gc             ] GC(74) Pause Young (Allocation Failure) 448M->448M(560M) 24.473ms
[2.891s][info][gc,cpu         ] GC(74) User=0.12s Sys=0.00s Real=0.02s
[2.903s][info][gc,start       ] GC(75) Pause Young (Allocation Failure)
[2.916s][info][gc,heap        ] GC(75) PSYoungGen: 22144K(67584K)->22144K(34304K) Eden: 11776K(11776K)->0K(11776K) From: 10368K(55808K)->22144K(22528K)
[2.916s][info][gc,heap        ] GC(75) ParOldGen: 449252K(506368K)->449252K(506368K)
[2.916s][info][gc,metaspace   ] GC(75) Metaspace: 6297K(6464K)->6297K(6464K) NonClass: 5764K(5824K)->5764K(5824K) Class: 533K(640K)->533K(640K)
[2.916s][info][gc             ] GC(75) Pause Young (Allocation Failure) 460M->460M(528M) 12.509ms
[2.916s][info][gc,cpu         ] GC(75) User=0.02s Sys=0.00s Real=0.01s
[2.929s][info][gc,start       ] GC(76) Pause Young (Allocation Failure)
[2.947s][info][gc,heap        ] GC(76) PSYoungGen: 33920K(34304K)->23680K(60416K) Eden: 11776K(11776K)->0K(13312K) From: 22144K(22528K)->23680K(47104K)
[2.947s][info][gc,heap        ] GC(76) ParOldGen: 449252K(506368K)->459636K(506368K)
[2.947s][info][gc,metaspace   ] GC(76) Metaspace: 6297K(6464K)->6297K(6464K) NonClass: 5764K(5824K)->5764K(5824K) Class: 533K(640K)->533K(640K)
[2.947s][info][gc             ] GC(76) Pause Young (Allocation Failure) 471M->471M(553M) 17.887ms
[2.947s][info][gc,cpu         ] GC(76) User=0.08s Sys=0.05s Real=0.02s
[2.962s][info][gc,start       ] GC(77) Pause Young (Allocation Failure)
[2.981s][info][gc,heap        ] GC(77) PSYoungGen: 36992K(60416K)->25184K(63488K) Eden: 13312K(13312K)->0K(13312K) From: 23680K(47104K)->25184K(50176K)
[2.981s][info][gc,heap        ] GC(77) ParOldGen: 459636K(506368K)->471572K(506368K)
[2.981s][info][gc,metaspace   ] GC(77) Metaspace: 6297K(6464K)->6297K(6464K) NonClass: 5764K(5824K)->5764K(5824K) Class: 533K(640K)->533K(640K)
[2.981s][info][gc             ] GC(77) Pause Young (Allocation Failure) 484M->485M(556M) 19.190ms
[2.981s][info][gc,cpu         ] GC(77) User=0.12s Sys=0.00s Real=0.02s
[2.995s][info][gc,start       ] GC(78) Pause Young (Allocation Failure)
[3.015s][info][gc,heap        ] GC(78) PSYoungGen: 38496K(63488K)->26720K(60416K) Eden: 13312K(13312K)->0K(15360K) From: 25184K(50176K)->26720K(45056K)
[3.015s][info][gc,heap        ] GC(78) ParOldGen: 471572K(506368K)->483508K(506368K)
[3.015s][info][gc,metaspace   ] GC(78) Metaspace: 6297K(6464K)->6297K(6464K) NonClass: 5764K(5824K)->5764K(5824K) Class: 533K(640K)->533K(640K)
[3.015s][info][gc             ] GC(78) Pause Young (Allocation Failure) 498M->498M(553M) 19.933ms
[3.015s][info][gc,cpu         ] GC(78) User=0.12s Sys=0.00s Real=0.02s
[3.033s][info][gc,start       ] GC(79) Pause Young (Allocation Failure)
[3.054s][info][gc,heap        ] GC(79) PSYoungGen: 42080K(60416K)->28800K(61952K) Eden: 15360K(15360K)->0K(15360K) From: 26720K(45056K)->28800K(46592K)
[3.054s][info][gc,heap        ] GC(79) ParOldGen: 483508K(506368K)->497004K(506368K)
[3.054s][info][gc,metaspace   ] GC(79) Metaspace: 6297K(6464K)->6297K(6464K) NonClass: 5764K(5824K)->5764K(5824K) Class: 533K(640K)->533K(640K)
[3.054s][info][gc             ] GC(79) Pause Young (Allocation Failure) 513M->513M(555M) 21.280ms
[3.054s][info][gc,cpu         ] GC(79) User=0.12s Sys=0.00s Real=0.02s
[3.054s][info][gc,start       ] GC(80) Pause Full (Ergonomics)
[3.054s][info][gc,phases,start] GC(80) Marking Phase
[3.172s][info][gc,phases      ] GC(80) Marking Phase 117.989ms
[3.172s][info][gc,phases,start] GC(80) Summary Phase
[3.172s][info][gc,phases      ] GC(80) Summary Phase 0.021ms
[3.172s][info][gc,phases,start] GC(80) Adjust Roots
[3.172s][info][gc,phases      ] GC(80) Adjust Roots 0.164ms
[3.172s][info][gc,phases,start] GC(80) Compaction Phase
[3.223s][info][gc,phases      ] GC(80) Compaction Phase 50.629ms
[3.223s][info][gc,phases,start] GC(80) Post Compact
[3.226s][info][gc,phases      ] GC(80) Post Compact 2.758ms
[3.226s][info][gc,heap        ] GC(80) PSYoungGen: 28800K(61952K)->18904K(61952K) Eden: 0K(15360K)->0K(15360K) From: 28800K(46592K)->18904K(46592K)
[3.226s][info][gc,heap        ] GC(80) ParOldGen: 497004K(506368K)->505878K(567808K)
[3.226s][info][gc,metaspace   ] GC(80) Metaspace: 6297K(6464K)->6297K(6464K) NonClass: 5764K(5824K)->5764K(5824K) Class: 533K(640K)->533K(640K)
[3.226s][info][gc             ] GC(80) Pause Full (Ergonomics) 513M->512M(615M) 172.295ms
[3.227s][info][gc,cpu         ] GC(80) User=1.23s Sys=0.00s Real=0.17s
[3.244s][info][gc,start       ] GC(81) Pause Young (Allocation Failure)
[3.282s][info][gc,heap        ] GC(81) PSYoungGen: 34264K(61952K)->25632K(58368K) Eden: 15360K(15360K)->0K(16896K) From: 18904K(46592K)->25632K(41472K)
[3.282s][info][gc,heap        ] GC(81) ParOldGen: 505878K(567808K)->514790K(567808K)
[3.282s][info][gc,metaspace   ] GC(81) Metaspace: 6297K(6464K)->6297K(6464K) NonClass: 5764K(5824K)->5764K(5824K) Class: 533K(640K)->533K(640K)
[3.282s][info][gc             ] GC(81) Pause Young (Allocation Failure) 527M->527M(611M) 37.886ms
[3.282s][info][gc,cpu         ] GC(81) User=0.23s Sys=0.00s Real=0.04s
[3.301s][info][gc,start       ] GC(82) Pause Young (Allocation Failure)
[3.323s][info][gc,heap        ] GC(82) PSYoungGen: 42528K(58368K)->42560K(60928K) Eden: 16896K(16896K)->0K(16896K) From: 25632K(41472K)->42560K(44032K)
[3.323s][info][gc,heap        ] GC(82) ParOldGen: 514790K(567808K)->514790K(567808K)
[3.323s][info][gc,metaspace   ] GC(82) Metaspace: 6297K(6464K)->6297K(6464K) NonClass: 5764K(5824K)->5764K(5824K) Class: 533K(640K)->533K(640K)
[3.323s][info][gc             ] GC(82) Pause Young (Allocation Failure) 544M->544M(614M) 21.902ms
[3.323s][info][gc,cpu         ] GC(82) User=0.12s Sys=0.00s Real=0.02s
[3.342s][info][gc,start       ] GC(83) Pause Young (Allocation Failure)
[3.372s][info][gc,heap        ] GC(83) PSYoungGen: 59456K(60928K)->48640K(57856K) Eden: 16896K(16896K)->0K(9216K) From: 42560K(44032K)->48640K(48640K)
[3.372s][info][gc,heap        ] GC(83) ParOldGen: 514790K(567808K)->525734K(567808K)
[3.372s][info][gc,metaspace   ] GC(83) Metaspace: 6297K(6464K)->6297K(6464K) NonClass: 5764K(5824K)->5764K(5824K) Class: 533K(640K)->533K(640K)
[3.372s][info][gc             ] GC(83) Pause Young (Allocation Failure) 560M->560M(611M) 29.842ms
[3.372s][info][gc,cpu         ] GC(83) User=0.09s Sys=0.02s Real=0.03s
[3.383s][info][gc,start       ] GC(84) Pause Young (Allocation Failure)
[3.412s][info][gc,heap        ] GC(84) PSYoungGen: 57856K(57856K)->25888K(35328K) Eden: 9216K(9216K)->0K(9216K) From: 48640K(48640K)->25888K(26112K)
[3.412s][info][gc,heap        ] GC(84) ParOldGen: 525734K(567808K)->558134K(567808K)
[3.412s][info][gc,metaspace   ] GC(84) Metaspace: 6297K(6464K)->6297K(6464K) NonClass: 5764K(5824K)->5764K(5824K) Class: 533K(640K)->533K(640K)
[3.412s][info][gc             ] GC(84) Pause Young (Allocation Failure) 569M->570M(589M) 28.817ms
[3.412s][info][gc,cpu         ] GC(84) User=0.14s Sys=0.00s Real=0.03s
[3.412s][info][gc,start       ] GC(85) Pause Full (Ergonomics)
[3.412s][info][gc,phases,start] GC(85) Marking Phase
[3.542s][info][gc,phases      ] GC(85) Marking Phase 129.853ms
[3.542s][info][gc,phases,start] GC(85) Summary Phase
[3.542s][info][gc,phases      ] GC(85) Summary Phase 0.028ms
[3.542s][info][gc,phases,start] GC(85) Adjust Roots
[3.542s][info][gc,phases      ] GC(85) Adjust Roots 0.207ms
[3.542s][info][gc,phases,start] GC(85) Compaction Phase
[3.599s][info][gc,phases      ] GC(85) Compaction Phase 56.323ms
[3.599s][info][gc,phases,start] GC(85) Post Compact
[3.600s][info][gc,phases      ] GC(85) Post Compact 0.932ms
[3.600s][info][gc,heap        ] GC(85) PSYoungGen: 25888K(35328K)->15461K(35328K) Eden: 0K(9216K)->0K(9216K) From: 25888K(26112K)->15461K(26112K)
[3.600s][info][gc,heap        ] GC(85) ParOldGen: 558134K(567808K)->567558K(638976K)
[3.600s][info][gc,metaspace   ] GC(85) Metaspace: 6297K(6464K)->6297K(6464K) NonClass: 5764K(5824K)->5764K(5824K) Class: 533K(640K)->533K(640K)
[3.600s][info][gc             ] GC(85) Pause Full (Ergonomics) 570M->569M(658M) 187.960ms
[3.600s][info][gc,cpu         ] GC(85) User=1.28s Sys=0.00s Real=0.19s
[3.610s][info][gc,start       ] GC(86) Pause Young (Allocation Failure)
[3.647s][info][gc,heap        ] GC(86) PSYoungGen: 24677K(35328K)->9376K(66048K) Eden: 9216K(9216K)->0K(9728K) From: 15461K(26112K)->9376K(56320K)
[3.647s][info][gc,heap        ] GC(86) ParOldGen: 567558K(638976K)->583238K(638976K)
[3.647s][info][gc,metaspace   ] GC(86) Metaspace: 6297K(6464K)->6297K(6464K) NonClass: 5764K(5824K)->5764K(5824K) Class: 533K(640K)->533K(640K)
[3.647s][info][gc             ] GC(86) Pause Young (Allocation Failure) 578M->578M(688M) 36.901ms
[3.647s][info][gc,cpu         ] GC(86) User=0.16s Sys=0.00s Real=0.04s
[3.658s][info][gc,start       ] GC(87) Pause Young (Allocation Failure)
[3.670s][info][gc,heap        ] GC(87) PSYoungGen: 19104K(66048K)->9824K(67072K) Eden: 9728K(9728K)->0K(9728K) From: 9376K(56320K)->9824K(57344K)
[3.670s][info][gc,heap        ] GC(87) ParOldGen: 583238K(638976K)->592582K(638976K)
[3.670s][info][gc,metaspace   ] GC(87) Metaspace: 6297K(6464K)->6297K(6464K) NonClass: 5764K(5824K)->5764K(5824K) Class: 533K(640K)->533K(640K)
[3.670s][info][gc             ] GC(87) Pause Young (Allocation Failure) 588M->588M(689M) 11.803ms
[3.670s][info][gc,cpu         ] GC(87) User=0.00s Sys=0.00s Real=0.01s
[3.682s][info][gc,start       ] GC(88) Pause Young (Allocation Failure)
[3.694s][info][gc,heap        ] GC(88) PSYoungGen: 19552K(67072K)->9792K(67072K) Eden: 9728K(9728K)->0K(10752K) From: 9824K(57344K)->9792K(56320K)
[3.694s][info][gc,heap        ] GC(88) ParOldGen: 592582K(638976K)->602454K(638976K)
[3.694s][info][gc,metaspace   ] GC(88) Metaspace: 6297K(6464K)->6297K(6464K) NonClass: 5764K(5824K)->5764K(5824K) Class: 533K(640K)->533K(640K)
[3.694s][info][gc             ] GC(88) Pause Young (Allocation Failure) 597M->597M(689M) 12.037ms
[3.694s][info][gc,cpu         ] GC(88) User=0.02s Sys=0.00s Real=0.01s
[3.707s][info][gc,start       ] GC(89) Pause Young (Allocation Failure)
[3.720s][info][gc,heap        ] GC(89) PSYoungGen: 20544K(67072K)->10880K(67584K) Eden: 10752K(10752K)->0K(10752K) From: 9792K(56320K)->10880K(56832K)
[3.720s][info][gc,heap        ] GC(89) ParOldGen: 602454K(638976K)->612318K(638976K)
[3.720s][info][gc,metaspace   ] GC(89) Metaspace: 6297K(6464K)->6297K(6464K) NonClass: 5764K(5824K)->5764K(5824K) Class: 533K(640K)->533K(640K)
[3.720s][info][gc             ] GC(89) Pause Young (Allocation Failure) 608M->608M(690M) 12.918ms
[3.720s][info][gc,cpu         ] GC(89) User=0.00s Sys=0.00s Real=0.01s
[3.733s][info][gc,start       ] GC(90) Pause Young (Allocation Failure)
[3.747s][info][gc,heap        ] GC(90) PSYoungGen: 21632K(67584K)->10880K(66048K) Eden: 10752K(10752K)->0K(12288K) From: 10880K(56832K)->10880K(53760K)
[3.747s][info][gc,heap        ] GC(90) ParOldGen: 612318K(638976K)->623238K(638976K)
[3.747s][info][gc,metaspace   ] GC(90) Metaspace: 6297K(6464K)->6297K(6464K) NonClass: 5764K(5824K)->5764K(5824K) Class: 533K(640K)->533K(640K)
[3.747s][info][gc             ] GC(90) Pause Young (Allocation Failure) 619M->619M(688M) 13.857ms
[3.747s][info][gc,cpu         ] GC(90) User=0.02s Sys=0.00s Real=0.01s
[3.747s][info][gc,start       ] GC(91) Pause Full (Ergonomics)
[3.747s][info][gc,phases,start] GC(91) Marking Phase
[3.883s][info][gc,phases      ] GC(91) Marking Phase 136.122ms
[3.883s][info][gc,phases,start] GC(91) Summary Phase
[3.883s][info][gc,phases      ] GC(91) Summary Phase 0.034ms
[3.883s][info][gc,phases,start] GC(91) Adjust Roots
[3.883s][info][gc,phases      ] GC(91) Adjust Roots 0.163ms
[3.883s][info][gc,phases,start] GC(91) Compaction Phase
[3.934s][info][gc,phases      ] GC(91) Compaction Phase 50.213ms
[3.934s][info][gc,phases,start] GC(91) Post Compact
[3.935s][info][gc,phases      ] GC(91) Post Compact 1.263ms
[3.935s][info][gc,heap        ] GC(91) PSYoungGen: 10880K(66048K)->0K(67072K) Eden: 0K(12288K)->0K(12288K) From: 10880K(53760K)->0K(54784K)
[3.935s][info][gc,heap        ] GC(91) ParOldGen: 623238K(638976K)->633038K(703488K)
[3.935s][info][gc,metaspace   ] GC(91) Metaspace: 6297K(6464K)->6297K(6464K) NonClass: 5764K(5824K)->5764K(5824K) Class: 533K(640K)->533K(640K)
[3.935s][info][gc             ] GC(91) Pause Full (Ergonomics) 619M->618M(752M) 188.325ms
[3.935s][info][gc,cpu         ] GC(91) User=1.34s Sys=0.00s Real=0.19s
[3.950s][info][gc,start       ] GC(92) Pause Young (Allocation Failure)
[3.960s][info][gc,heap        ] GC(92) PSYoungGen: 12288K(67072K)->12416K(65536K) Eden: 12288K(12288K)->0K(13824K) From: 0K(54784K)->12416K(51712K)
[3.960s][info][gc,heap        ] GC(92) ParOldGen: 633038K(703488K)->633038K(703488K)
[3.960s][info][gc,metaspace   ] GC(92) Metaspace: 6297K(6464K)->6297K(6464K) NonClass: 5764K(5824K)->5764K(5824K) Class: 533K(640K)->533K(640K)
[3.960s][info][gc             ] GC(92) Pause Young (Allocation Failure) 630M->630M(751M) 9.948ms
[3.960s][info][gc,cpu         ] GC(92) User=0.02s Sys=0.00s Real=0.01s
[3.976s][info][gc,start       ] GC(93) Pause Young (Allocation Failure)
[3.992s][info][gc,heap        ] GC(93) PSYoungGen: 26240K(65536K)->26240K(67072K) Eden: 13824K(13824K)->0K(13824K) From: 12416K(51712K)->26240K(53248K)
[3.992s][info][gc,heap        ] GC(93) ParOldGen: 633038K(703488K)->633038K(703488K)
[3.992s][info][gc,metaspace   ] GC(93) Metaspace: 6297K(6464K)->6297K(6464K) NonClass: 5764K(5824K)->5764K(5824K) Class: 533K(640K)->533K(640K)
[3.992s][info][gc             ] GC(93) Pause Young (Allocation Failure) 643M->643M(752M) 15.316ms
[3.992s][info][gc,cpu         ] GC(93) User=0.02s Sys=0.00s Real=0.02s
[4.008s][info][gc,start       ] GC(94) Pause Young (Allocation Failure)
[4.028s][info][gc,heap        ] GC(94) PSYoungGen: 40064K(67072K)->40000K(62976K) Eden: 13824K(13824K)->0K(11264K) From: 26240K(53248K)->40000K(51712K)
[4.029s][info][gc,heap        ] GC(94) ParOldGen: 633038K(703488K)->633038K(703488K)
[4.029s][info][gc,metaspace   ] GC(94) Metaspace: 6297K(6464K)->6297K(6464K) NonClass: 5764K(5824K)->5764K(5824K) Class: 533K(640K)->533K(640K)
[4.029s][info][gc             ] GC(94) Pause Young (Allocation Failure) 657M->657M(748M) 20.451ms
[4.029s][info][gc,cpu         ] GC(94) User=0.12s Sys=0.00s Real=0.02s
[4.042s][info][gc,start       ] GC(95) Pause Young (Allocation Failure)
[4.066s][info][gc,heap        ] GC(95) PSYoungGen: 51264K(62976K)->51296K(67072K) Eden: 11264K(11264K)->0K(11264K) From: 40000K(51712K)->51296K(55808K)
[4.067s][info][gc,heap        ] GC(95) ParOldGen: 633038K(703488K)->633038K(703488K)
[4.067s][info][gc,metaspace   ] GC(95) Metaspace: 6297K(6464K)->6297K(6464K) NonClass: 5764K(5824K)->5764K(5824K) Class: 533K(640K)->533K(640K)
[4.067s][info][gc             ] GC(95) Pause Young (Allocation Failure) 668M->668M(752M) 24.402ms
[4.067s][info][gc,cpu         ] GC(95) User=0.14s Sys=0.00s Real=0.02s
[4.081s][info][gc,start       ] GC(96) Pause Young (Allocation Failure)
[4.111s][info][gc,heap        ] GC(96) PSYoungGen: 62560K(67072K)->50272K(70656K) Eden: 11264K(11264K)->0K(7680K) From: 51296K(55808K)->50272K(62976K)
[4.111s][info][gc,heap        ] GC(96) ParOldGen: 633038K(703488K)->645502K(703488K)
[4.111s][info][gc,metaspace   ] GC(96) Metaspace: 6297K(6464K)->6297K(6464K) NonClass: 5764K(5824K)->5764K(5824K) Class: 533K(640K)->533K(640K)
[4.111s][info][gc             ] GC(96) Pause Young (Allocation Failure) 679M->679M(756M) 30.126ms
[4.111s][info][gc,cpu         ] GC(96) User=0.12s Sys=0.02s Real=0.03s
[4.122s][info][gc,start       ] GC(97) Pause Young (Allocation Failure)
[4.149s][info][gc,heap        ] GC(97) PSYoungGen: 57952K(70656K)->44096K(75776K) Eden: 7680K(7680K)->0K(7680K) From: 50272K(62976K)->44096K(68096K)
[4.149s][info][gc,heap        ] GC(97) ParOldGen: 645502K(703488K)->659518K(703488K)
[4.149s][info][gc,metaspace   ] GC(97) Metaspace: 6297K(6464K)->6297K(6464K) NonClass: 5764K(5824K)->5764K(5824K) Class: 533K(640K)->533K(640K)
[4.149s][info][gc             ] GC(97) Pause Young (Allocation Failure) 686M->687M(761M) 27.216ms
[4.149s][info][gc,cpu         ] GC(97) User=0.14s Sys=0.00s Real=0.03s
[4.286s][info][gc,start       ] GC(98) Pause Full (Ergonomics)
[4.286s][info][gc,phases,start] GC(98) Marking Phase
[4.453s][info][gc,phases      ] GC(98) Marking Phase 167.402ms
[4.454s][info][gc,phases,start] GC(98) Summary Phase
[4.454s][info][gc,phases      ] GC(98) Summary Phase 0.031ms
[4.454s][info][gc,phases,start] GC(98) Adjust Roots
[4.454s][info][gc,phases      ] GC(98) Adjust Roots 0.221ms
[4.454s][info][gc,phases,start] GC(98) Compaction Phase
[4.583s][info][gc,phases      ] GC(98) Compaction Phase 129.143ms
[4.583s][info][gc,phases,start] GC(98) Post Compact
[4.585s][info][gc,phases      ] GC(98) Post Compact 1.721ms
[4.585s][info][gc,heap        ] GC(98) PSYoungGen: 51776K(75776K)->23970K(75776K) Eden: 7680K(7680K)->0K(7680K) From: 44096K(68096K)->23970K(68096K)
[4.585s][info][gc,heap        ] GC(98) ParOldGen: 692286K(703488K)->703048K(776704K)
[4.585s][info][gc,metaspace   ] GC(98) Metaspace: 6297K(6464K)->6297K(6464K) NonClass: 5764K(5824K)->5764K(5824K) Class: 533K(640K)->533K(640K)
[4.585s][info][gc             ] GC(98) Pause Full (Ergonomics) 726M->709M(832M) 299.249ms
[4.585s][info][gc,cpu         ] GC(98) User=1.83s Sys=0.02s Real=0.30s
[4.595s][info][gc,start       ] GC(99) Pause Young (Allocation Failure)
[4.641s][info][gc,heap        ] GC(99) PSYoungGen: 31650K(75776K)->17216K(74752K) Eden: 7680K(7680K)->0K(8704K) From: 23970K(68096K)->17216K(66048K)
[4.641s][info][gc,heap        ] GC(99) ParOldGen: 703048K(776704K)->717864K(776704K)
[4.641s][info][gc,metaspace   ] GC(99) Metaspace: 6297K(6464K)->6297K(6464K) NonClass: 5764K(5824K)->5764K(5824K) Class: 533K(640K)->533K(640K)
[4.641s][info][gc             ] GC(99) Pause Young (Allocation Failure) 717M->717M(831M) 45.912ms
[4.641s][info][gc,cpu         ] GC(99) User=0.31s Sys=0.00s Real=0.05s
[4.650s][info][gc,start       ] GC(100) Pause Young (Allocation Failure)
[4.667s][info][gc,heap        ] GC(100) PSYoungGen: 25920K(74752K)->20960K(29696K) Eden: 8704K(8704K)->0K(8704K) From: 17216K(66048K)->20960K(20992K)
[4.667s][info][gc,heap        ] GC(100) ParOldGen: 717864K(776704K)->722936K(776704K)
[4.667s][info][gc,metaspace   ] GC(100) Metaspace: 6297K(6464K)->6297K(6464K) NonClass: 5764K(5824K)->5764K(5824K) Class: 533K(640K)->533K(640K)
[4.667s][info][gc             ] GC(100) Pause Young (Allocation Failure) 726M->726M(787M) 17.135ms
[4.667s][info][gc,cpu         ] GC(100) User=0.03s Sys=0.00s Real=0.02s
[4.677s][info][gc,start       ] GC(101) Pause Young (Allocation Failure)
[4.696s][info][gc,heap        ] GC(101) PSYoungGen: 29664K(29696K)->25184K(69632K) Eden: 8704K(8704K)->0K(10240K) From: 20960K(20992K)->25184K(59392K)
[4.696s][info][gc,heap        ] GC(101) ParOldGen: 722936K(776704K)->727424K(776704K)
[4.696s][info][gc,metaspace   ] GC(101) Metaspace: 6297K(6464K)->6297K(6464K) NonClass: 5764K(5824K)->5764K(5824K) Class: 533K(640K)->533K(640K)
[4.696s][info][gc             ] GC(101) Pause Young (Allocation Failure) 734M->734M(826M) 18.930ms
[4.696s][info][gc,cpu         ] GC(101) User=0.00s Sys=0.00s Real=0.02s
[4.707s][info][gc,start       ] GC(102) Pause Young (Allocation Failure)
[4.727s][info][gc,heap        ] GC(102) PSYoungGen: 35424K(69632K)->27744K(38400K) Eden: 10240K(10240K)->0K(10240K) From: 25184K(59392K)->27744K(28160K)
[4.727s][info][gc,heap        ] GC(102) ParOldGen: 727424K(776704K)->735216K(776704K)
[4.727s][info][gc,metaspace   ] GC(102) Metaspace: 6297K(6464K)->6297K(6464K) NonClass: 5764K(5824K)->5764K(5824K) Class: 533K(640K)->533K(640K)
[4.727s][info][gc             ] GC(102) Pause Young (Allocation Failure) 744M->745M(796M) 20.560ms
[4.728s][info][gc,cpu         ] GC(102) User=0.00s Sys=0.00s Real=0.02s
[4.738s][info][gc,start       ] GC(103) Pause Young (Allocation Failure)
[4.759s][info][gc,heap        ] GC(103) PSYoungGen: 37984K(38400K)->20544K(66560K) Eden: 10240K(10240K)->0K(11776K) From: 27744K(28160K)->20544K(54784K)
[4.759s][info][gc,heap        ] GC(103) ParOldGen: 735216K(776704K)->752848K(776704K)
[4.759s][info][gc,metaspace   ] GC(103) Metaspace: 6297K(6464K)->6297K(6464K) NonClass: 5764K(5824K)->5764K(5824K) Class: 533K(640K)->533K(640K)
[4.759s][info][gc             ] GC(103) Pause Young (Allocation Failure) 755M->755M(823M) 21.031ms
[4.759s][info][gc,cpu         ] GC(103) User=0.06s Sys=0.00s Real=0.02s
[4.772s][info][gc,start       ] GC(104) Pause Young (Allocation Failure)
[4.791s][info][gc,heap        ] GC(104) PSYoungGen: 32320K(66560K)->11904K(68608K) Eden: 11776K(11776K)->0K(11776K) From: 20544K(54784K)->11904K(56832K)
[4.791s][info][gc,heap        ] GC(104) ParOldGen: 752848K(776704K)->773584K(776704K)
[4.791s][info][gc,metaspace   ] GC(104) Metaspace: 6297K(6464K)->6297K(6464K) NonClass: 5764K(5824K)->5764K(5824K) Class: 533K(640K)->533K(640K)
[4.791s][info][gc             ] GC(104) Pause Young (Allocation Failure) 766M->767M(825M) 19.016ms
[4.791s][info][gc,cpu         ] GC(104) User=0.05s Sys=0.00s Real=0.02s
[4.791s][info][gc,start       ] GC(105) Pause Full (Ergonomics)
[4.791s][info][gc,phases,start] GC(105) Marking Phase
[4.966s][info][gc,phases      ] GC(105) Marking Phase 174.665ms
[4.966s][info][gc,phases,start] GC(105) Summary Phase
[4.966s][info][gc,phases      ] GC(105) Summary Phase 0.022ms
[4.966s][info][gc,phases,start] GC(105) Adjust Roots
[4.966s][info][gc,phases      ] GC(105) Adjust Roots 0.185ms
[4.966s][info][gc,phases,start] GC(105) Compaction Phase
[5.055s][info][gc,phases      ] GC(105) Compaction Phase 88.830ms
[5.055s][info][gc,phases,start] GC(105) Post Compact
[5.057s][info][gc,phases      ] GC(105) Post Compact 1.506ms
[5.057s][info][gc,heap        ] GC(105) PSYoungGen: 11904K(68608K)->7654K(68608K) Eden: 0K(11776K)->0K(11776K) From: 11904K(56832K)->7654K(56832K)
[5.057s][info][gc,heap        ] GC(105) ParOldGen: 773584K(776704K)->776517K(859648K)
[5.057s][info][gc,metaspace   ] GC(105) Metaspace: 6297K(6464K)->6297K(6464K) NonClass: 5764K(5824K)->5764K(5824K) Class: 533K(640K)->533K(640K)
[5.057s][info][gc             ] GC(105) Pause Full (Ergonomics) 767M->765M(906M) 265.924ms
[5.057s][info][gc,cpu         ] GC(105) User=1.58s Sys=0.03s Real=0.27s
[5.071s][info][gc,start       ] GC(106) Pause Young (Allocation Failure)
[5.114s][info][gc,heap        ] GC(106) PSYoungGen: 19430K(68608K)->11904K(68096K) Eden: 11776K(11776K)->0K(13312K) From: 7654K(56832K)->11904K(54784K)
[5.114s][info][gc,heap        ] GC(106) ParOldGen: 776517K(859648K)->784309K(859648K)
[5.114s][info][gc,metaspace   ] GC(106) Metaspace: 6297K(6464K)->6297K(6464K) NonClass: 5764K(5824K)->5764K(5824K) Class: 533K(640K)->533K(640K)
[5.114s][info][gc             ] GC(106) Pause Young (Allocation Failure) 777M->777M(906M) 43.291ms
[5.114s][info][gc,cpu         ] GC(106) User=0.23s Sys=0.00s Real=0.04s
[5.128s][info][gc,start       ] GC(107) Pause Young (Allocation Failure)
[5.146s][info][gc,heap        ] GC(107) PSYoungGen: 25216K(68096K)->13440K(69120K) Eden: 13312K(13312K)->0K(13312K) From: 11904K(54784K)->13440K(55808K)
[5.146s][info][gc,heap        ] GC(107) ParOldGen: 784309K(859648K)->796245K(859648K)
[5.146s][info][gc,metaspace   ] GC(107) Metaspace: 6297K(6464K)->6297K(6464K) NonClass: 5764K(5824K)->5764K(5824K) Class: 533K(640K)->533K(640K)
[5.146s][info][gc             ] GC(107) Pause Young (Allocation Failure) 790M->790M(907M) 17.847ms
[5.146s][info][gc,cpu         ] GC(107) User=0.05s Sys=0.06s Real=0.02s
[5.160s][info][gc,start       ] GC(108) Pause Young (Allocation Failure)
[5.180s][info][gc,heap        ] GC(108) PSYoungGen: 26752K(69120K)->13440K(67584K) Eden: 13312K(13312K)->0K(15360K) From: 13440K(55808K)->13440K(52224K)
[5.180s][info][gc,heap        ] GC(108) ParOldGen: 796245K(859648K)->809765K(859648K)
[5.180s][info][gc,metaspace   ] GC(108) Metaspace: 6297K(6464K)->6297K(6464K) NonClass: 5764K(5824K)->5764K(5824K) Class: 533K(640K)->533K(640K)
[5.180s][info][gc             ] GC(108) Pause Young (Allocation Failure) 803M->803M(905M) 19.938ms
[5.180s][info][gc,cpu         ] GC(108) User=0.00s Sys=0.03s Real=0.02s
[5.195s][info][gc,start       ] GC(109) Pause Young (Allocation Failure)
[5.214s][info][gc,heap        ] GC(109) PSYoungGen: 28800K(67584K)->15520K(68608K) Eden: 15360K(15360K)->0K(15360K) From: 13440K(52224K)->15520K(53248K)
[5.214s][info][gc,heap        ] GC(109) ParOldGen: 809765K(859648K)->823261K(859648K)
[5.214s][info][gc,metaspace   ] GC(109) Metaspace: 6297K(6464K)->6297K(6464K) NonClass: 5764K(5824K)->5764K(5824K) Class: 533K(640K)->533K(640K)
[5.214s][info][gc             ] GC(109) Pause Young (Allocation Failure) 818M->819M(906M) 18.850ms
[5.214s][info][gc,cpu         ] GC(109) User=0.05s Sys=0.00s Real=0.02s
[5.231s][info][gc,start       ] GC(110) Pause Young (Allocation Failure)
[5.252s][info][gc,heap        ] GC(110) PSYoungGen: 30880K(68608K)->15456K(64512K) Eden: 15360K(15360K)->0K(17408K) From: 15520K(53248K)->15456K(47104K)
[5.252s][info][gc,heap        ] GC(110) ParOldGen: 823261K(859648K)->838837K(859648K)
[5.252s][info][gc,metaspace   ] GC(110) Metaspace: 6297K(6464K)->6297K(6464K) NonClass: 5764K(5824K)->5764K(5824K) Class: 533K(640K)->533K(640K)
[5.252s][info][gc             ] GC(110) Pause Young (Allocation Failure) 834M->834M(902M) 20.724ms
[5.252s][info][gc,cpu         ] GC(110) User=0.02s Sys=0.02s Real=0.02s
[5.252s][info][gc,start       ] GC(111) Pause Full (Ergonomics)
[5.252s][info][gc,phases,start] GC(111) Marking Phase
[5.458s][info][gc,phases      ] GC(111) Marking Phase 205.247ms
[5.458s][info][gc,phases,start] GC(111) Summary Phase
[5.458s][info][gc,phases      ] GC(111) Summary Phase 0.038ms
[5.458s][info][gc,phases,start] GC(111) Adjust Roots
[5.458s][info][gc,phases      ] GC(111) Adjust Roots 0.212ms
[5.458s][info][gc,phases,start] GC(111) Compaction Phase
[5.555s][info][gc,phases      ] GC(111) Compaction Phase 97.398ms
[5.555s][info][gc,phases,start] GC(111) Post Compact
[5.557s][info][gc,phases      ] GC(111) Post Compact 1.568ms
[5.557s][info][gc,heap        ] GC(111) PSYoungGen: 15456K(64512K)->0K(66560K) Eden: 0K(17408K)->0K(17408K) From: 15456K(47104K)->0K(49152K)
[5.557s][info][gc,heap        ] GC(111) ParOldGen: 838837K(859648K)->853134K(941568K)
[5.557s][info][gc,metaspace   ] GC(111) Metaspace: 6297K(6464K)->6297K(6464K) NonClass: 5764K(5824K)->5764K(5824K) Class: 533K(640K)->533K(640K)
[5.557s][info][gc             ] GC(111) Pause Full (Ergonomics) 834M->833M(984M) 305.143ms
[5.557s][info][gc,cpu         ] GC(111) User=1.92s Sys=0.00s Real=0.31s
[5.576s][info][gc,start       ] GC(112) Pause Young (Allocation Failure)
[5.591s][info][gc,heap        ] GC(112) PSYoungGen: 17408K(66560K)->17504K(63488K) Eden: 17408K(17408K)->0K(18944K) From: 0K(49152K)->17504K(44544K)
[5.591s][info][gc,heap        ] GC(112) ParOldGen: 853134K(941568K)->853134K(941568K)
[5.591s][info][gc,metaspace   ] GC(112) Metaspace: 6297K(6464K)->6297K(6464K) NonClass: 5764K(5824K)->5764K(5824K) Class: 533K(640K)->533K(640K)
[5.591s][info][gc             ] GC(112) Pause Young (Allocation Failure) 850M->850M(981M) 14.521ms
[5.591s][info][gc,cpu         ] GC(112) User=0.02s Sys=0.00s Real=0.01s
[5.611s][info][gc,start       ] GC(113) Pause Young (Allocation Failure)
[5.632s][info][gc,heap        ] GC(113) PSYoungGen: 36448K(63488K)->36512K(66048K) Eden: 18944K(18944K)->0K(18944K) From: 17504K(44544K)->36512K(47104K)
[5.632s][info][gc,heap        ] GC(113) ParOldGen: 853134K(941568K)->853134K(941568K)
[5.632s][info][gc,metaspace   ] GC(113) Metaspace: 6297K(6464K)->6297K(6464K) NonClass: 5764K(5824K)->5764K(5824K) Class: 533K(640K)->533K(640K)
[5.633s][info][gc             ] GC(113) Pause Young (Allocation Failure) 868M->868M(984M) 21.469ms
[5.633s][info][gc,cpu         ] GC(113) User=0.03s Sys=0.00s Real=0.02s
[5.653s][info][gc,start       ] GC(114) Pause Young (Allocation Failure)
[5.683s][info][gc,heap        ] GC(114) PSYoungGen: 55456K(66048K)->50176K(61440K) Eden: 18944K(18944K)->0K(11264K) From: 36512K(47104K)->50176K(50176K)
[5.683s][info][gc,heap        ] GC(114) ParOldGen: 853134K(941568K)->858366K(941568K)
[5.683s][info][gc,metaspace   ] GC(114) Metaspace: 6297K(6464K)->6297K(6464K) NonClass: 5764K(5824K)->5764K(5824K) Class: 533K(640K)->533K(640K)
[5.683s][info][gc             ] GC(114) Pause Young (Allocation Failure) 887M->887M(979M) 29.900ms
[5.683s][info][gc,cpu         ] GC(114) User=0.11s Sys=0.00s Real=0.03s
[5.696s][info][gc,start       ] GC(115) Pause Young (Allocation Failure)
[5.728s][info][gc,heap        ] GC(115) PSYoungGen: 61440K(61440K)->28672K(39936K) Eden: 11264K(11264K)->0K(11264K) From: 50176K(50176K)->28672K(28672K)
[5.728s][info][gc,heap        ] GC(115) ParOldGen: 858366K(941568K)->891710K(941568K)
[5.728s][info][gc,metaspace   ] GC(115) Metaspace: 6297K(6464K)->6297K(6464K) NonClass: 5764K(5824K)->5764K(5824K) Class: 533K(640K)->533K(640K)
[5.728s][info][gc             ] GC(115) Pause Young (Allocation Failure) 898M->898M(958M) 32.478ms
[5.728s][info][gc,cpu         ] GC(115) User=0.14s Sys=0.02s Real=0.03s
[5.740s][info][gc,start       ] GC(116) Pause Young (Allocation Failure)
[5.762s][info][gc,heap        ] GC(116) PSYoungGen: 39936K(39936K)->22656K(65024K) Eden: 11264K(11264K)->0K(12800K) From: 28672K(28672K)->22656K(52224K)
[5.762s][info][gc,heap        ] GC(116) ParOldGen: 891710K(941568K)->909198K(941568K)
[5.762s][info][gc,metaspace   ] GC(116) Metaspace: 6297K(6464K)->6297K(6464K) NonClass: 5764K(5824K)->5764K(5824K) Class: 533K(640K)->533K(640K)
[5.762s][info][gc             ] GC(116) Pause Young (Allocation Failure) 909M->910M(983M) 22.450ms
[5.762s][info][gc,cpu         ] GC(116) User=0.08s Sys=0.02s Real=0.02s
[5.777s][info][gc,start       ] GC(117) Pause Young (Allocation Failure)
[5.797s][info][gc,heap        ] GC(117) PSYoungGen: 35456K(65024K)->24224K(37376K) Eden: 12800K(12800K)->0K(12800K) From: 22656K(52224K)->24224K(24576K)
[5.797s][info][gc,heap        ] GC(117) ParOldGen: 909198K(941568K)->920622K(941568K)
[5.798s][info][gc,metaspace   ] GC(117) Metaspace: 6297K(6464K)->6297K(6464K) NonClass: 5764K(5824K)->5764K(5824K) Class: 533K(640K)->533K(640K)
[5.798s][info][gc             ] GC(117) Pause Young (Allocation Failure) 922M->922M(956M) 20.602ms
[5.798s][info][gc,cpu         ] GC(117) User=0.11s Sys=0.00s Real=0.02s
[5.798s][info][gc,start       ] GC(118) Pause Full (Ergonomics)
[5.798s][info][gc,phases,start] GC(118) Marking Phase
[6.019s][info][gc,phases      ] GC(118) Marking Phase 221.465ms
[6.019s][info][gc,phases,start] GC(118) Summary Phase
[6.019s][info][gc,phases      ] GC(118) Summary Phase 0.025ms
[6.019s][info][gc,phases,start] GC(118) Adjust Roots
[6.019s][info][gc,phases      ] GC(118) Adjust Roots 0.153ms
[6.019s][info][gc,phases,start] GC(118) Compaction Phase
[6.107s][info][gc,phases      ] GC(118) Compaction Phase 88.091ms
[6.108s][info][gc,phases,start] GC(118) Post Compact
[6.109s][info][gc,phases      ] GC(118) Post Compact 1.495ms
[6.109s][info][gc,heap        ] GC(118) PSYoungGen: 24224K(37376K)->2036K(37376K) Eden: 0K(12800K)->0K(12800K) From: 24224K(24576K)->2036K(24576K)
[6.109s][info][gc,heap        ] GC(118) ParOldGen: 920622K(941568K)->941538K(1041920K)
[6.109s][info][gc,metaspace   ] GC(118) Metaspace: 6297K(6464K)->6297K(6464K) NonClass: 5764K(5824K)->5764K(5824K) Class: 533K(640K)->533K(640K)
[6.109s][info][gc             ] GC(118) Pause Full (Ergonomics) 922M->921M(1054M) 311.868ms
[6.110s][info][gc,cpu         ] GC(118) User=2.27s Sys=0.00s Real=0.31s
[6.125s][info][gc,start       ] GC(119) Pause Young (Allocation Failure)
[6.174s][info][gc,heap        ] GC(119) PSYoungGen: 14836K(37376K)->14240K(64512K) Eden: 12800K(12800K)->0K(14336K) From: 2036K(24576K)->14240K(50176K)
[6.174s][info][gc,heap        ] GC(119) ParOldGen: 941538K(1041920K)->942258K(1041920K)
[6.174s][info][gc,metaspace   ] GC(119) Metaspace: 6297K(6464K)->6297K(6464K) NonClass: 5764K(5824K)->5764K(5824K) Class: 533K(640K)->533K(640K)
[6.174s][info][gc             ] GC(119) Pause Young (Allocation Failure) 933M->934M(1080M) 49.232ms
[6.174s][info][gc,cpu         ] GC(119) User=0.27s Sys=0.00s Real=0.05s
[6.190s][info][gc,start       ] GC(120) Pause Young (Allocation Failure)
[6.208s][info][gc,heap        ] GC(120) PSYoungGen: 28576K(64512K)->28608K(65536K) Eden: 14336K(14336K)->0K(14336K) From: 14240K(50176K)->28608K(51200K)
[6.208s][info][gc,heap        ] GC(120) ParOldGen: 942258K(1041920K)->942258K(1041920K)
[6.208s][info][gc,metaspace   ] GC(120) Metaspace: 6297K(6464K)->6297K(6464K) NonClass: 5764K(5824K)->5764K(5824K) Class: 533K(640K)->533K(640K)
[6.208s][info][gc             ] GC(120) Pause Young (Allocation Failure) 948M->948M(1081M) 18.157ms
[6.208s][info][gc,cpu         ] GC(120) User=0.02s Sys=0.00s Real=0.02s
[6.224s][info][gc,start       ] GC(121) Pause Young (Allocation Failure)
[6.248s][info][gc,heap        ] GC(121) PSYoungGen: 42944K(65536K)->42944K(61440K) Eden: 14336K(14336K)->0K(11264K) From: 28608K(51200K)->42944K(50176K)
[6.248s][info][gc,heap        ] GC(121) ParOldGen: 942258K(1041920K)->942258K(1041920K)
[6.248s][info][gc,metaspace   ] GC(121) Metaspace: 6297K(6464K)->6297K(6464K) NonClass: 5764K(5824K)->5764K(5824K) Class: 533K(640K)->533K(640K)
[6.248s][info][gc             ] GC(121) Pause Young (Allocation Failure) 962M->962M(1077M) 23.834ms
[6.248s][info][gc,cpu         ] GC(121) User=0.03s Sys=0.00s Real=0.02s
[6.260s][info][gc,start       ] GC(122) Pause Young (Allocation Failure)
[6.288s][info][gc,heap        ] GC(122) PSYoungGen: 54208K(61440K)->52896K(66048K) Eden: 11264K(11264K)->0K(11264K) From: 42944K(50176K)->52896K(54784K)
[6.288s][info][gc,heap        ] GC(122) ParOldGen: 942258K(1041920K)->943674K(1041920K)
[6.288s][info][gc,metaspace   ] GC(122) Metaspace: 6297K(6464K)->6297K(6464K) NonClass: 5764K(5824K)->5764K(5824K) Class: 533K(640K)->533K(640K)
[6.288s][info][gc             ] GC(122) Pause Young (Allocation Failure) 973M->973M(1082M) 27.386ms
[6.288s][info][gc,cpu         ] GC(122) User=0.12s Sys=0.00s Real=0.03s
[6.301s][info][gc,start       ] GC(123) Pause Young (Allocation Failure)
[6.333s][info][gc,heap        ] GC(123) PSYoungGen: 64160K(66048K)->51328K(69120K) Eden: 11264K(11264K)->0K(7680K) From: 52896K(54784K)->51328K(61440K)
[6.333s][info][gc,heap        ] GC(123) ParOldGen: 943674K(1041920K)->956642K(1041920K)
[6.333s][info][gc,metaspace   ] GC(123) Metaspace: 6297K(6464K)->6297K(6464K) NonClass: 5764K(5824K)->5764K(5824K) Class: 533K(640K)->533K(640K)
[6.333s][info][gc             ] GC(123) Pause Young (Allocation Failure) 984M->984M(1085M) 32.202ms
[6.333s][info][gc,cpu         ] GC(123) User=0.11s Sys=0.02s Real=0.03s
[6.342s][info][gc,start       ] GC(124) Pause Young (Allocation Failure)
[6.371s][info][gc,heap        ] GC(124) PSYoungGen: 59008K(69120K)->44704K(74240K) Eden: 7680K(7680K)->0K(7680K) From: 51328K(61440K)->44704K(66560K)
[6.371s][info][gc,heap        ] GC(124) ParOldGen: 956642K(1041920K)->971178K(1041920K)
[6.371s][info][gc,metaspace   ] GC(124) Metaspace: 6297K(6464K)->6297K(6464K) NonClass: 5764K(5824K)->5764K(5824K) Class: 533K(640K)->533K(640K)
[6.371s][info][gc             ] GC(124) Pause Young (Allocation Failure) 991M->992M(1090M) 29.189ms
[6.371s][info][gc,cpu         ] GC(124) User=0.14s Sys=0.00s Real=0.03s
[6.379s][info][gc,start       ] GC(125) Pause Young (Allocation Failure)
[6.406s][info][gc,heap        ] GC(125) PSYoungGen: 52384K(74240K)->26720K(71680K) Eden: 7680K(7680K)->0K(8704K) From: 44704K(66560K)->26720K(62976K)
[6.406s][info][gc,heap        ] GC(125) ParOldGen: 971178K(1041920K)->997098K(1041920K)
[6.406s][info][gc,metaspace   ] GC(125) Metaspace: 6297K(6464K)->6297K(6464K) NonClass: 5764K(5824K)->5764K(5824K) Class: 533K(640K)->533K(640K)
[6.406s][info][gc             ] GC(125) Pause Young (Allocation Failure) 999M->999M(1087M) 26.957ms
[6.406s][info][gc,cpu         ] GC(125) User=0.11s Sys=0.02s Real=0.03s
[6.416s][info][gc,start       ] GC(126) Pause Young (Allocation Failure)
[6.437s][info][gc,heap        ] GC(126) PSYoungGen: 35424K(71680K)->16448K(74240K) Eden: 8704K(8704K)->0K(8704K) From: 26720K(62976K)->16448K(65536K)
[6.437s][info][gc,heap        ] GC(126) ParOldGen: 997098K(1041920K)->1016290K(1041920K)
[6.437s][info][gc,metaspace   ] GC(126) Metaspace: 6297K(6464K)->6297K(6464K) NonClass: 5764K(5824K)->5764K(5824K) Class: 533K(640K)->533K(640K)
[6.437s][info][gc             ] GC(126) Pause Young (Allocation Failure) 1008M->1008M(1090M) 20.652ms
[6.437s][info][gc,cpu         ] GC(126) User=0.12s Sys=0.00s Real=0.02s
[6.437s][info][gc,start       ] GC(127) Pause Full (Ergonomics)
[6.437s][info][gc,phases,start] GC(127) Marking Phase
[6.670s][info][gc,phases      ] GC(127) Marking Phase 233.057ms
[6.670s][info][gc,phases,start] GC(127) Summary Phase
[6.670s][info][gc,phases      ] GC(127) Summary Phase 0.037ms
[6.670s][info][gc,phases,start] GC(127) Adjust Roots
[6.670s][info][gc,phases      ] GC(127) Adjust Roots 0.205ms
[6.670s][info][gc,phases,start] GC(127) Compaction Phase
[6.764s][info][gc,phases      ] GC(127) Compaction Phase 93.885ms
[6.764s][info][gc,phases,start] GC(127) Post Compact
[6.766s][info][gc,phases      ] GC(127) Post Compact 1.696ms
[6.766s][info][gc,heap        ] GC(127) PSYoungGen: 16448K(74240K)->0K(75264K) Eden: 0K(8704K)->0K(10240K) From: 16448K(65536K)->0K(65024K)
[6.766s][info][gc,heap        ] GC(127) ParOldGen: 1016290K(1041920K)->1031399K(1143808K)
[6.766s][info][gc,metaspace   ] GC(127) Metaspace: 6297K(6464K)->6297K(6464K) NonClass: 5764K(5824K)->5764K(5824K) Class: 533K(640K)->533K(640K)
[6.766s][info][gc             ] GC(127) Pause Full (Ergonomics) 1008M->1007M(1190M) 329.532ms
[6.766s][info][gc,cpu         ] GC(127) User=2.41s Sys=0.02s Real=0.33s
[6.778s][info][gc,start       ] GC(128) Pause Young (Allocation Failure)
[6.789s][info][gc,heap        ] GC(128) PSYoungGen: 10240K(75264K)->10336K(75264K) Eden: 10240K(10240K)->0K(10240K) From: 0K(65024K)->10336K(65024K)
[6.789s][info][gc,heap        ] GC(128) ParOldGen: 1031399K(1143808K)->1031399K(1143808K)
[6.789s][info][gc,metaspace   ] GC(128) Metaspace: 6297K(6464K)->6297K(6464K) NonClass: 5764K(5824K)->5764K(5824K) Class: 533K(640K)->533K(640K)
[6.789s][info][gc             ] GC(128) Pause Young (Allocation Failure) 1017M->1017M(1190M) 11.454ms
[6.789s][info][gc,cpu         ] GC(128) User=0.02s Sys=0.00s Real=0.01s
[6.801s][info][gc,start       ] GC(129) Pause Young (Allocation Failure)
[6.815s][info][gc,heap        ] GC(129) PSYoungGen: 20576K(75264K)->10336K(75776K) Eden: 10240K(10240K)->0K(11776K) From: 10336K(65024K)->10336K(64000K)
[6.815s][info][gc,heap        ] GC(129) ParOldGen: 1031399K(1143808K)->1041791K(1143808K)
[6.815s][info][gc,metaspace   ] GC(129) Metaspace: 6297K(6464K)->6297K(6464K) NonClass: 5764K(5824K)->5764K(5824K) Class: 533K(640K)->533K(640K)
[6.815s][info][gc             ] GC(129) Pause Young (Allocation Failure) 1027M->1027M(1191M) 14.534ms
[6.815s][info][gc,cpu         ] GC(129) User=0.02s Sys=0.00s Real=0.02s
[6.828s][info][gc,start       ] GC(130) Pause Young (Allocation Failure)
[6.842s][info][gc,heap        ] GC(130) PSYoungGen: 22112K(75776K)->11872K(76288K) Eden: 11776K(11776K)->0K(11776K) From: 10336K(64000K)->11872K(64512K)
[6.842s][info][gc,heap        ] GC(130) ParOldGen: 1041791K(1143808K)->1052183K(1143808K)
[6.842s][info][gc,metaspace   ] GC(130) Metaspace: 6297K(6464K)->6297K(6464K) NonClass: 5764K(5824K)->5764K(5824K) Class: 533K(640K)->533K(640K)
[6.842s][info][gc             ] GC(130) Pause Young (Allocation Failure) 1038M->1039M(1191M) 14.759ms
[6.842s][info][gc,cpu         ] GC(130) User=0.02s Sys=0.00s Real=0.02s
[6.856s][info][gc,start       ] GC(131) Pause Young (Allocation Failure)
[6.873s][info][gc,heap        ] GC(131) PSYoungGen: 23648K(76288K)->11904K(73216K) Eden: 11776K(11776K)->0K(13312K) From: 11872K(64512K)->11904K(59904K)
[6.873s][info][gc,heap        ] GC(131) ParOldGen: 1052183K(1143808K)->1064119K(1143808K)
[6.873s][info][gc,metaspace   ] GC(131) Metaspace: 6297K(6464K)->6297K(6464K) NonClass: 5764K(5824K)->5764K(5824K) Class: 533K(640K)->533K(640K)
[6.873s][info][gc             ] GC(131) Pause Young (Allocation Failure) 1050M->1050M(1188M) 17.035ms
[6.873s][info][gc,cpu         ] GC(131) User=0.02s Sys=0.00s Real=0.02s
[6.887s][info][gc,start       ] GC(132) Pause Young (Allocation Failure)
[6.903s][info][gc,heap        ] GC(132) PSYoungGen: 25216K(73216K)->13440K(74752K) Eden: 13312K(13312K)->0K(13312K) From: 11904K(59904K)->13440K(61440K)
[6.903s][info][gc,heap        ] GC(132) ParOldGen: 1064119K(1143808K)->1076063K(1143808K)
[6.903s][info][gc,metaspace   ] GC(132) Metaspace: 6297K(6464K)->6297K(6464K) NonClass: 5764K(5824K)->5764K(5824K) Class: 533K(640K)->533K(640K)
[6.903s][info][gc             ] GC(132) Pause Young (Allocation Failure) 1063M->1063M(1190M) 16.171ms
[6.904s][info][gc,cpu         ] GC(132) User=0.02s Sys=0.00s Real=0.02s
[6.919s][info][gc,start       ] GC(133) Pause Young (Allocation Failure)
[6.936s][info][gc,heap        ] GC(133) PSYoungGen: 26752K(74752K)->13440K(70144K) Eden: 13312K(13312K)->0K(15360K) From: 13440K(61440K)->13440K(54784K)
[6.936s][info][gc,heap        ] GC(133) ParOldGen: 1076063K(1143808K)->1089575K(1143808K)
[6.936s][info][gc,metaspace   ] GC(133) Metaspace: 6297K(6464K)->6297K(6464K) NonClass: 5764K(5824K)->5764K(5824K) Class: 533K(640K)->533K(640K)
[6.936s][info][gc             ] GC(133) Pause Young (Allocation Failure) 1076M->1077M(1185M) 17.636ms
[6.936s][info][gc,cpu         ] GC(133) User=0.03s Sys=0.00s Real=0.02s
[6.953s][info][gc,start       ] GC(134) Pause Young (Allocation Failure)
[6.972s][info][gc,heap        ] GC(134) PSYoungGen: 28800K(70144K)->15488K(72704K) Eden: 15360K(15360K)->0K(15360K) From: 13440K(54784K)->15488K(57344K)
[6.972s][info][gc,heap        ] GC(134) ParOldGen: 1089575K(1143808K)->1103071K(1143808K)
[6.972s][info][gc,metaspace   ] GC(134) Metaspace: 6297K(6464K)->6297K(6464K) NonClass: 5764K(5824K)->5764K(5824K) Class: 533K(640K)->533K(640K)
[6.972s][info][gc             ] GC(134) Pause Young (Allocation Failure) 1092M->1092M(1188M) 19.305ms
[6.972s][info][gc,cpu         ] GC(134) User=0.05s Sys=0.00s Real=0.02s
[6.989s][info][gc,start       ] GC(135) Pause Young (Allocation Failure)
[7.007s][info][gc,heap        ] GC(135) PSYoungGen: 30848K(72704K)->15520K(67584K) Eden: 15360K(15360K)->0K(17408K) From: 15488K(57344K)->15520K(50176K)
[7.008s][info][gc,heap        ] GC(135) ParOldGen: 1103071K(1143808K)->1118639K(1143808K)
[7.008s][info][gc,metaspace   ] GC(135) Metaspace: 6297K(6464K)->6297K(6464K) NonClass: 5764K(5824K)->5764K(5824K) Class: 533K(640K)->533K(640K)
[7.008s][info][gc             ] GC(135) Pause Young (Allocation Failure) 1107M->1107M(1183M) 18.857ms
[7.008s][info][gc,cpu         ] GC(135) User=0.09s Sys=0.00s Real=0.02s
[7.026s][info][gc,start       ] GC(136) Pause Young (Allocation Failure)
[7.046s][info][gc,heap        ] GC(136) PSYoungGen: 32928K(67584K)->17536K(35328K) Eden: 17408K(17408K)->0K(17408K) From: 15520K(50176K)->17536K(17920K)
[7.046s][info][gc,heap        ] GC(136) ParOldGen: 1118639K(1143808K)->1134215K(1143808K)
[7.047s][info][gc,metaspace   ] GC(136) Metaspace: 6297K(6464K)->6297K(6464K) NonClass: 5764K(5824K)->5764K(5824K) Class: 533K(640K)->533K(640K)
[7.047s][info][gc             ] GC(136) Pause Young (Allocation Failure) 1124M->1124M(1151M) 20.469ms
[7.047s][info][gc,cpu         ] GC(136) User=0.09s Sys=0.02s Real=0.02s
[7.047s][info][gc,start       ] GC(137) Pause Full (Ergonomics)
[7.047s][info][gc,phases,start] GC(137) Marking Phase
[7.303s][info][gc,phases      ] GC(137) Marking Phase 256.689ms
[7.303s][info][gc,phases,start] GC(137) Summary Phase
[7.303s][info][gc,phases      ] GC(137) Summary Phase 0.048ms
[7.303s][info][gc,phases,start] GC(137) Adjust Roots
[7.304s][info][gc,phases      ] GC(137) Adjust Roots 0.237ms
[7.304s][info][gc,phases,start] GC(137) Compaction Phase
[7.411s][info][gc,phases      ] GC(137) Compaction Phase 107.317ms
[7.411s][info][gc,phases,start] GC(137) Post Compact
[7.413s][info][gc,phases      ] GC(137) Post Compact 1.965ms
[7.414s][info][gc,heap        ] GC(137) PSYoungGen: 17536K(35328K)->6154K(35328K) Eden: 0K(17408K)->0K(17408K) From: 17536K(17920K)->6154K(17920K)
[7.414s][info][gc,heap        ] GC(137) ParOldGen: 1134215K(1143808K)->1143744K(1257984K)
[7.414s][info][gc,metaspace   ] GC(137) Metaspace: 6297K(6464K)->6297K(6464K) NonClass: 5764K(5824K)->5764K(5824K) Class: 533K(640K)->533K(640K)
[7.414s][info][gc             ] GC(137) Pause Full (Ergonomics) 1124M->1122M(1263M) 367.028ms
[7.414s][info][gc,cpu         ] GC(137) User=2.52s Sys=0.00s Real=0.37s
[7.436s][info][gc,start       ] GC(138) Pause Young (Allocation Failure)
[7.504s][info][gc,heap        ] GC(138) PSYoungGen: 23562K(35328K)->17536K(64512K) Eden: 17408K(17408K)->0K(19456K) From: 6154K(17920K)->17536K(45056K)
[7.504s][info][gc,heap        ] GC(138) ParOldGen: 1143744K(1257984K)->1150016K(1257984K)
[7.504s][info][gc,metaspace   ] GC(138) Metaspace: 6297K(6464K)->6297K(6464K) NonClass: 5764K(5824K)->5764K(5824K) Class: 533K(640K)->533K(640K)
[7.504s][info][gc             ] GC(138) Pause Young (Allocation Failure) 1139M->1140M(1291M) 67.983ms
[7.504s][info][gc,cpu         ] GC(138) User=0.38s Sys=0.02s Real=0.07s
[7.527s][info][gc,start       ] GC(139) Pause Young (Allocation Failure)
[7.550s][info][gc,heap        ] GC(139) PSYoungGen: 36992K(64512K)->36992K(67072K) Eden: 19456K(19456K)->0K(19456K) From: 17536K(45056K)->36992K(47616K)
[7.550s][info][gc,heap        ] GC(139) ParOldGen: 1150016K(1257984K)->1150016K(1257984K)
[7.550s][info][gc,metaspace   ] GC(139) Metaspace: 6297K(6464K)->6297K(6464K) NonClass: 5764K(5824K)->5764K(5824K) Class: 533K(640K)->533K(640K)
[7.550s][info][gc             ] GC(139) Pause Young (Allocation Failure) 1159M->1159M(1294M) 22.512ms
[7.550s][info][gc,cpu         ] GC(139) User=0.12s Sys=0.00s Real=0.02s
[7.574s][info][gc,start       ] GC(140) Pause Young (Allocation Failure)
[7.604s][info][gc,heap        ] GC(140) PSYoungGen: 56448K(67072K)->51200K(62976K) Eden: 19456K(19456K)->0K(11776K) From: 36992K(47616K)->51200K(51200K)
[7.605s][info][gc,heap        ] GC(140) ParOldGen: 1150016K(1257984K)->1155240K(1257984K)
[7.605s][info][gc,metaspace   ] GC(140) Metaspace: 6297K(6464K)->6297K(6464K) NonClass: 5764K(5824K)->5764K(5824K) Class: 533K(640K)->533K(640K)
[7.605s][info][gc             ] GC(140) Pause Young (Allocation Failure) 1178M->1178M(1290M) 31.040ms
[7.605s][info][gc,cpu         ] GC(140) User=0.14s Sys=0.00s Real=0.03s
[7.619s][info][gc,start       ] GC(141) Pause Young (Allocation Failure)
[7.651s][info][gc,heap        ] GC(141) PSYoungGen: 62976K(62976K)->28960K(40960K) Eden: 11776K(11776K)->0K(11776K) From: 51200K(51200K)->28960K(29184K)
[7.651s][info][gc,heap        ] GC(141) ParOldGen: 1155240K(1257984K)->1189808K(1257984K)
[7.651s][info][gc,metaspace   ] GC(141) Metaspace: 6297K(6464K)->6297K(6464K) NonClass: 5764K(5824K)->5764K(5824K) Class: 533K(640K)->533K(640K)
[7.651s][info][gc             ] GC(141) Pause Young (Allocation Failure) 1189M->1190M(1268M) 32.352ms
[7.651s][info][gc,cpu         ] GC(141) User=0.14s Sys=0.02s Real=0.03s
[7.665s][info][gc,start       ] GC(142) Pause Young (Allocation Failure)
[7.689s][info][gc,heap        ] GC(142) PSYoungGen: 40736K(40960K)->23616K(66048K) Eden: 11776K(11776K)->0K(13312K) From: 28960K(29184K)->23616K(52736K)
[7.689s][info][gc,heap        ] GC(142) ParOldGen: 1189808K(1257984K)->1207112K(1257984K)
[7.689s][info][gc,metaspace   ] GC(142) Metaspace: 6297K(6464K)->6297K(6464K) NonClass: 5764K(5824K)->5764K(5824K) Class: 533K(640K)->533K(640K)
[7.689s][info][gc             ] GC(142) Pause Young (Allocation Failure) 1201M->1201M(1293M) 23.484ms
[7.689s][info][gc,cpu         ] GC(142) User=0.12s Sys=0.00s Real=0.02s
[7.704s][info][gc,start       ] GC(143) Pause Young (Allocation Failure)
[7.727s][info][gc,heap        ] GC(143) PSYoungGen: 36928K(66048K)->25184K(38912K) Eden: 13312K(13312K)->0K(13312K) From: 23616K(52736K)->25184K(25600K)
[7.727s][info][gc,heap        ] GC(143) ParOldGen: 1207112K(1257984K)->1219056K(1257984K)
[7.727s][info][gc,metaspace   ] GC(143) Metaspace: 6297K(6464K)->6297K(6464K) NonClass: 5764K(5824K)->5764K(5824K) Class: 533K(640K)->533K(640K)
[7.727s][info][gc             ] GC(143) Pause Young (Allocation Failure) 1214M->1215M(1266M) 22.676ms
[7.727s][info][gc,cpu         ] GC(143) User=0.23s Sys=0.00s Real=0.02s
[7.743s][info][gc,start       ] GC(144) Pause Young (Allocation Failure)
[7.766s][info][gc,heap        ] GC(144) PSYoungGen: 38496K(38912K)->26752K(64000K) Eden: 13312K(13312K)->0K(15360K) From: 25184K(25600K)->26752K(48640K)
[7.766s][info][gc,heap        ] GC(144) ParOldGen: 1219056K(1257984K)->1230992K(1257984K)
[7.766s][info][gc,metaspace   ] GC(144) Metaspace: 6297K(6464K)->6297K(6464K) NonClass: 5764K(5824K)->5764K(5824K) Class: 533K(640K)->533K(640K)
[7.766s][info][gc             ] GC(144) Pause Young (Allocation Failure) 1228M->1228M(1291M) 23.115ms
[7.766s][info][gc,cpu         ] GC(144) User=0.12s Sys=0.00s Real=0.02s
[7.766s][info][gc,start       ] GC(145) Pause Full (Ergonomics)
[7.766s][info][gc,phases,start] GC(145) Marking Phase
[8.059s][info][gc,phases      ] GC(145) Marking Phase 293.241ms
[8.059s][info][gc,phases,start] GC(145) Summary Phase
[8.059s][info][gc,phases      ] GC(145) Summary Phase 0.118ms
[8.059s][info][gc,phases,start] GC(145) Adjust Roots
[8.060s][info][gc,phases      ] GC(145) Adjust Roots 0.360ms
[8.060s][info][gc,phases,start] GC(145) Compaction Phase
[8.165s][info][gc,phases      ] GC(145) Compaction Phase 105.332ms
[8.165s][info][gc,phases,start] GC(145) Post Compact
[8.168s][info][gc,phases      ] GC(145) Post Compact 2.549ms
[8.168s][info][gc,heap        ] GC(145) PSYoungGen: 26752K(64000K)->0K(66048K) Eden: 0K(15360K)->0K(15360K) From: 26752K(48640K)->0K(50688K)
[8.168s][info][gc,heap        ] GC(145) ParOldGen: 1230992K(1257984K)->1256164K(1383424K)
[8.168s][info][gc,metaspace   ] GC(145) Metaspace: 6297K(6464K)->6297K(6464K) NonClass: 5764K(5824K)->5764K(5824K) Class: 533K(640K)->533K(640K)
[8.168s][info][gc             ] GC(145) Pause Full (Ergonomics) 1228M->1226M(1415M) 402.593ms
[8.168s][info][gc,cpu         ] GC(145) User=2.95s Sys=0.00s Real=0.40s
[8.188s][info][gc,start       ] GC(146) Pause Young (Allocation Failure)
[8.203s][info][gc,heap        ] GC(146) PSYoungGen: 15360K(66048K)->15520K(66048K) Eden: 15360K(15360K)->0K(16896K) From: 0K(50688K)->15520K(49152K)
[8.203s][info][gc,heap        ] GC(146) ParOldGen: 1256164K(1383424K)->1256164K(1383424K)
[8.203s][info][gc,metaspace   ] GC(146) Metaspace: 6297K(6464K)->6297K(6464K) NonClass: 5764K(5824K)->5764K(5824K) Class: 533K(640K)->533K(640K)
[8.203s][info][gc             ] GC(146) Pause Young (Allocation Failure) 1241M->1241M(1415M) 14.805ms
[8.203s][info][gc,cpu         ] GC(146) User=0.02s Sys=0.00s Real=0.01s
[8.222s][info][gc,start       ] GC(147) Pause Young (Allocation Failure)
[8.245s][info][gc,heap        ] GC(147) PSYoungGen: 32416K(66048K)->32416K(67072K) Eden: 16896K(16896K)->0K(16896K) From: 15520K(49152K)->32416K(50176K)
[8.245s][info][gc,heap        ] GC(147) ParOldGen: 1256164K(1383424K)->1256164K(1383424K)
[8.245s][info][gc,metaspace   ] GC(147) Metaspace: 6297K(6464K)->6297K(6464K) NonClass: 5764K(5824K)->5764K(5824K) Class: 533K(640K)->533K(640K)
[8.245s][info][gc             ] GC(147) Pause Young (Allocation Failure) 1258M->1258M(1416M) 23.029ms
[8.245s][info][gc,cpu         ] GC(147) User=0.12s Sys=0.00s Real=0.02s
[8.267s][info][gc,start       ] GC(148) Pause Young (Allocation Failure)
[8.294s][info][gc,heap        ] GC(148) PSYoungGen: 49312K(67072K)->47296K(63488K) Eden: 16896K(16896K)->0K(13312K) From: 32416K(50176K)->47296K(50176K)
[8.294s][info][gc,heap        ] GC(148) ParOldGen: 1256164K(1383424K)->1256164K(1383424K)
[8.294s][info][gc,metaspace   ] GC(148) Metaspace: 6297K(6464K)->6297K(6464K) NonClass: 5764K(5824K)->5764K(5824K) Class: 533K(640K)->533K(640K)
[8.294s][info][gc             ] GC(148) Pause Young (Allocation Failure) 1274M->1272M(1413M) 27.193ms
[8.294s][info][gc,cpu         ] GC(148) User=0.11s Sys=0.00s Real=0.03s
[8.305s][info][gc,start       ] GC(149) Pause Young (Allocation Failure)
[8.335s][info][gc,heap        ] GC(149) PSYoungGen: 60608K(63488K)->54240K(69120K) Eden: 13312K(13312K)->0K(13312K) From: 47296K(50176K)->54240K(55808K)
[8.335s][info][gc,heap        ] GC(149) ParOldGen: 1256164K(1383424K)->1256164K(1383424K)
[8.335s][info][gc,metaspace   ] GC(149) Metaspace: 6297K(6464K)->6297K(6464K) NonClass: 5764K(5824K)->5764K(5824K) Class: 533K(640K)->533K(640K)
[8.335s][info][gc             ] GC(149) Pause Young (Allocation Failure) 1285M->1279M(1418M) 29.896ms
[8.335s][info][gc,cpu         ] GC(149) User=0.14s Sys=0.00s Real=0.03s
[8.346s][info][gc,start       ] GC(150) Pause Young (Allocation Failure)
[8.379s][info][gc,heap        ] GC(150) PSYoungGen: 67552K(69120K)->61056K(70144K) Eden: 13312K(13312K)->0K(7168K) From: 54240K(55808K)->61056K(62976K)
[8.379s][info][gc,heap        ] GC(150) ParOldGen: 1256164K(1383424K)->1256164K(1383424K)
[8.379s][info][gc,metaspace   ] GC(150) Metaspace: 6297K(6464K)->6297K(6464K) NonClass: 5764K(5824K)->5764K(5824K) Class: 533K(640K)->533K(640K)
[8.379s][info][gc             ] GC(150) Pause Young (Allocation Failure) 1292M->1286M(1419M) 33.213ms
[8.379s][info][gc,cpu         ] GC(150) User=0.17s Sys=0.00s Real=0.03s
[8.386s][info][gc,start       ] GC(151) Pause Young (Allocation Failure)
[8.424s][info][gc,heap        ] GC(151) PSYoungGen: 68224K(70144K)->49472K(78336K) Eden: 7168K(7168K)->0K(7168K) From: 61056K(62976K)->49472K(71168K)
[8.424s][info][gc,heap        ] GC(151) ParOldGen: 1256164K(1383424K)->1271748K(1383424K)
[8.424s][info][gc,metaspace   ] GC(151) Metaspace: 6297K(6464K)->6297K(6464K) NonClass: 5764K(5824K)->5764K(5824K) Class: 533K(640K)->533K(640K)
[8.424s][info][gc             ] GC(151) Pause Young (Allocation Failure) 1293M->1290M(1427M) 37.940ms
[8.424s][info][gc,cpu         ] GC(151) User=0.19s Sys=0.02s Real=0.04s
[8.431s][info][gc,start       ] GC(152) Pause Young (Allocation Failure)
[8.464s][info][gc,heap        ] GC(152) PSYoungGen: 56640K(78336K)->23008K(79360K) Eden: 7168K(7168K)->0K(8704K) From: 49472K(71168K)->23008K(70656K)
[8.464s][info][gc,heap        ] GC(152) ParOldGen: 1271748K(1383424K)->1304012K(1383424K)
[8.464s][info][gc,metaspace   ] GC(152) Metaspace: 6297K(6464K)->6297K(6464K) NonClass: 5764K(5824K)->5764K(5824K) Class: 533K(640K)->533K(640K)
[8.464s][info][gc             ] GC(152) Pause Young (Allocation Failure) 1297M->1295M(1428M) 33.026ms
[8.464s][info][gc,cpu         ] GC(152) User=0.16s Sys=0.00s Real=0.03s
[8.476s][info][gc,start       ] GC(153) Pause Young (Allocation Failure)
[8.502s][info][gc,heap        ] GC(153) PSYoungGen: 31712K(79360K)->17888K(80384K) Eden: 8704K(8704K)->0K(8704K) From: 23008K(70656K)->17888K(71680K)
[8.502s][info][gc,heap        ] GC(153) ParOldGen: 1304012K(1383424K)->1318020K(1383424K)
[8.502s][info][gc,metaspace   ] GC(153) Metaspace: 6297K(6464K)->6297K(6464K) NonClass: 5764K(5824K)->5764K(5824K) Class: 533K(640K)->533K(640K)
[8.502s][info][gc             ] GC(153) Pause Young (Allocation Failure) 1304M->1304M(1429M) 25.912ms
[8.502s][info][gc,cpu         ] GC(153) User=0.12s Sys=0.00s Real=0.03s
[8.514s][info][gc,start       ] GC(154) Pause Young (Allocation Failure)
[8.532s][info][gc,heap        ] GC(154) PSYoungGen: 26592K(80384K)->17504K(77824K) Eden: 8704K(8704K)->0K(10240K) From: 17888K(71680K)->17504K(67584K)
[8.532s][info][gc,heap        ] GC(154) ParOldGen: 1318020K(1383424K)->1327252K(1383424K)
[8.532s][info][gc,metaspace   ] GC(154) Metaspace: 6297K(6464K)->6297K(6464K) NonClass: 5764K(5824K)->5764K(5824K) Class: 533K(640K)->533K(640K)
[8.532s][info][gc             ] GC(154) Pause Young (Allocation Failure) 1313M->1313M(1427M) 18.167ms
[8.532s][info][gc,cpu         ] GC(154) User=0.03s Sys=0.00s Real=0.02s
[8.545s][info][gc,start       ] GC(155) Pause Young (Allocation Failure)
[8.565s][info][gc,heap        ] GC(155) PSYoungGen: 27744K(77824K)->10368K(79360K) Eden: 10240K(10240K)->0K(10240K) From: 17504K(67584K)->10368K(69120K)
[8.565s][info][gc,heap        ] GC(155) ParOldGen: 1327252K(1383424K)->1344884K(1383424K)
[8.565s][info][gc,metaspace   ] GC(155) Metaspace: 6297K(6464K)->6297K(6464K) NonClass: 5764K(5824K)->5764K(5824K) Class: 533K(640K)->533K(640K)
[8.565s][info][gc             ] GC(155) Pause Young (Allocation Failure) 1323M->1323M(1428M) 19.542ms
[8.565s][info][gc,cpu         ] GC(155) User=0.09s Sys=0.00s Real=0.02s
[8.577s][info][gc,start       ] GC(156) Pause Young (Allocation Failure)
[8.593s][info][gc,heap        ] GC(156) PSYoungGen: 20608K(79360K)->10368K(79360K) Eden: 10240K(10240K)->0K(11776K) From: 10368K(69120K)->10368K(67584K)
[8.593s][info][gc,heap        ] GC(156) ParOldGen: 1344884K(1383424K)->1355284K(1383424K)
[8.593s][info][gc,metaspace   ] GC(156) Metaspace: 6297K(6464K)->6297K(6464K) NonClass: 5764K(5824K)->5764K(5824K) Class: 533K(640K)->533K(640K)
[8.593s][info][gc             ] GC(156) Pause Young (Allocation Failure) 1333M->1333M(1428M) 16.486ms
[8.593s][info][gc,cpu         ] GC(156) User=0.03s Sys=0.00s Real=0.02s
[8.608s][info][gc,start       ] GC(157) Pause Young (Allocation Failure)
[8.626s][info][gc,heap        ] GC(157) PSYoungGen: 22144K(79360K)->11936K(79872K) Eden: 11776K(11776K)->0K(11776K) From: 10368K(67584K)->11936K(68096K)
[8.626s][info][gc,heap        ] GC(157) ParOldGen: 1355284K(1383424K)->1365668K(1383424K)
[8.626s][info][gc,metaspace   ] GC(157) Metaspace: 6297K(6464K)->6297K(6464K) NonClass: 5764K(5824K)->5764K(5824K) Class: 533K(640K)->533K(640K)
[8.626s][info][gc             ] GC(157) Pause Young (Allocation Failure) 1345M->1345M(1429M) 17.728ms
[8.626s][info][gc,cpu         ] GC(157) User=0.02s Sys=0.00s Real=0.02s
[8.626s][info][gc,start       ] GC(158) Pause Full (Ergonomics)
[8.626s][info][gc,phases,start] GC(158) Marking Phase
[8.939s][info][gc,phases      ] GC(158) Marking Phase 312.725ms
[8.939s][info][gc,phases,start] GC(158) Summary Phase
[8.939s][info][gc,phases      ] GC(158) Summary Phase 0.065ms
[8.939s][info][gc,phases,start] GC(158) Adjust Roots
[8.939s][info][gc,phases      ] GC(158) Adjust Roots 0.212ms
[8.939s][info][gc,phases,start] GC(158) Compaction Phase
[9.056s][info][gc,phases      ] GC(158) Compaction Phase 116.962ms
[9.056s][info][gc,phases,start] GC(158) Post Compact
[9.059s][info][gc,phases      ] GC(158) Post Compact 2.352ms
[9.059s][info][gc,heap        ] GC(158) PSYoungGen: 11936K(79872K)->0K(80384K) Eden: 0K(11776K)->0K(13824K) From: 11936K(68096K)->0K(66560K)
[9.059s][info][gc,heap        ] GC(158) ParOldGen: 1365668K(1383424K)->1375587K(1512448K)
[9.059s][info][gc,metaspace   ] GC(158) Metaspace: 6297K(6464K)->6297K(6464K) NonClass: 5764K(5824K)->5764K(5824K) Class: 533K(640K)->533K(640K)
[9.059s][info][gc             ] GC(158) Pause Full (Ergonomics) 1345M->1343M(1555M) 433.161ms
[9.059s][info][gc,cpu         ] GC(158) User=3.02s Sys=0.02s Real=0.43s
[9.077s][info][gc,start       ] GC(159) Pause Young (Allocation Failure)
[9.091s][info][gc,heap        ] GC(159) PSYoungGen: 13824K(80384K)->13984K(28160K) Eden: 13824K(13824K)->0K(13824K) From: 0K(66560K)->13984K(14336K)
[9.092s][info][gc,heap        ] GC(159) ParOldGen: 1375587K(1512448K)->1375587K(1512448K)
[9.092s][info][gc,metaspace   ] GC(159) Metaspace: 6297K(6464K)->6297K(6464K) NonClass: 5764K(5824K)->5764K(5824K) Class: 533K(640K)->533K(640K)
[9.092s][info][gc             ] GC(159) Pause Young (Allocation Failure) 1356M->1357M(1504M) 14.902ms
[9.092s][info][gc,cpu         ] GC(159) User=0.02s Sys=0.00s Real=0.01s
[9.110s][info][gc,start       ] GC(160) Pause Young (Allocation Failure)
[9.129s][info][gc,heap        ] GC(160) PSYoungGen: 27808K(28160K)->27776K(74240K) Eden: 13824K(13824K)->0K(15360K) From: 13984K(14336K)->27776K(58880K)
[9.129s][info][gc,heap        ] GC(160) ParOldGen: 1375587K(1512448K)->1375587K(1512448K)
[9.129s][info][gc,metaspace   ] GC(160) Metaspace: 6297K(6464K)->6297K(6464K) NonClass: 5764K(5824K)->5764K(5824K) Class: 533K(640K)->533K(640K)
[9.129s][info][gc             ] GC(160) Pause Young (Allocation Failure) 1370M->1370M(1549M) 19.182ms
[9.129s][info][gc,cpu         ] GC(160) User=0.03s Sys=0.00s Real=0.02s
[9.385s][info][gc,start       ] GC(161) Pause Young (Allocation Failure)
[9.446s][info][gc,heap        ] GC(161) PSYoungGen: 43136K(74240K)->43168K(76800K) Eden: 15360K(15360K)->0K(15360K) From: 27776K(58880K)->43168K(61440K)
[9.447s][info][gc,heap        ] GC(161) ParOldGen: 1441123K(1512448K)->1441123K(1512448K)
[9.447s][info][gc,metaspace   ] GC(161) Metaspace: 6297K(6464K)->6297K(6464K) NonClass: 5764K(5824K)->5764K(5824K) Class: 533K(640K)->533K(640K)
[9.447s][info][gc             ] GC(161) Pause Young (Allocation Failure) 1449M->1449M(1552M) 61.278ms
[9.447s][info][gc,cpu         ] GC(161) User=0.27s Sys=0.00s Real=0.06s
[9.461s][info][gc,start       ] GC(162) Pause Young (Allocation Failure)
[9.496s][info][gc,heap        ] GC(162) PSYoungGen: 58528K(76800K)->58496K(74240K) Eden: 15360K(15360K)->0K(9216K) From: 43168K(61440K)->58496K(65024K)
[9.496s][info][gc,heap        ] GC(162) ParOldGen: 1441123K(1512448K)->1441123K(1512448K)
[9.496s][info][gc,metaspace   ] GC(162) Metaspace: 6297K(6464K)->6297K(6464K) NonClass: 5764K(5824K)->5764K(5824K) Class: 533K(640K)->533K(640K)
[9.496s][info][gc             ] GC(162) Pause Young (Allocation Failure) 1464M->1464M(1549M) 34.779ms
[9.496s][info][gc,cpu         ] GC(162) User=0.14s Sys=0.00s Real=0.04s
[9.506s][info][gc,start       ] GC(163) Pause Young (Allocation Failure)
[9.543s][info][gc,heap        ] GC(163) PSYoungGen: 67712K(74240K)->67744K(81920K) Eden: 9216K(9216K)->0K(9216K) From: 58496K(65024K)->67744K(72704K)
[9.543s][info][gc,heap        ] GC(163) ParOldGen: 1441123K(1512448K)->1441123K(1512448K)
[9.543s][info][gc,metaspace   ] GC(163) Metaspace: 6297K(6464K)->6297K(6464K) NonClass: 5764K(5824K)->5764K(5824K) Class: 533K(640K)->533K(640K)
[9.543s][info][gc             ] GC(163) Pause Young (Allocation Failure) 1473M->1473M(1557M) 36.993ms
[9.543s][info][gc,cpu         ] GC(163) User=0.05s Sys=0.00s Real=0.04s
[9.552s][info][gc,start       ] GC(164) Pause Young (Allocation Failure)
[9.594s][info][gc,heap        ] GC(164) PSYoungGen: 76960K(81920K)->63072K(87040K) Eden: 9216K(9216K)->0K(4608K) From: 67744K(72704K)->63072K(82432K)
[9.594s][info][gc,heap        ] GC(164) ParOldGen: 1441123K(1512448K)->1455155K(1512448K)
[9.594s][info][gc,metaspace   ] GC(164) Metaspace: 6297K(6464K)->6297K(6464K) NonClass: 5764K(5824K)->5764K(5824K) Class: 533K(640K)->533K(640K)
[9.594s][info][gc             ] GC(164) Pause Young (Allocation Failure) 1482M->1482M(1562M) 42.212ms
[9.594s][info][gc,cpu         ] GC(164) User=0.22s Sys=0.02s Real=0.04s
[9.599s][info][gc,start       ] GC(165) Pause Young (Allocation Failure)
[9.635s][info][gc,heap        ] GC(165) PSYoungGen: 67680K(87040K)->38496K(43520K) Eden: 4608K(4608K)->0K(4608K) From: 63072K(82432K)->38496K(38912K)
[9.635s][info][gc,heap        ] GC(165) ParOldGen: 1455155K(1512448K)->1484699K(1512448K)
[9.635s][info][gc,metaspace   ] GC(165) Metaspace: 6297K(6464K)->6297K(6464K) NonClass: 5764K(5824K)->5764K(5824K) Class: 533K(640K)->533K(640K)
[9.635s][info][gc             ] GC(165) Pause Young (Allocation Failure) 1487M->1487M(1519M) 36.357ms
[9.635s][info][gc,cpu         ] GC(165) User=0.11s Sys=0.00s Real=0.04s
[9.635s][info][gc,start       ] GC(166) Pause Full (Ergonomics)
[9.635s][info][gc,phases,start] GC(166) Marking Phase
[9.977s][info][gc,phases      ] GC(166) Marking Phase 341.294ms
[9.977s][info][gc,phases,start] GC(166) Summary Phase
[9.977s][info][gc,phases      ] GC(166) Summary Phase 0.071ms
[9.977s][info][gc,phases,start] GC(166) Adjust Roots
[9.977s][info][gc,phases      ] GC(166) Adjust Roots 0.216ms
[9.977s][info][gc,phases,start] GC(166) Compaction Phase
[10.219s][info][gc,phases      ] GC(166) Compaction Phase 241.332ms
[10.219s][info][gc,phases,start] GC(166) Post Compact
[10.222s][info][gc,phases      ] GC(166) Post Compact 2.948ms
[10.222s][info][gc,heap        ] GC(166) PSYoungGen: 38496K(43520K)->0K(90112K) Eden: 0K(4608K)->0K(5632K) From: 38496K(38912K)->0K(84480K)
[10.222s][info][gc,heap        ] GC(166) ParOldGen: 1484699K(1512448K)->1489544K(1641472K)
[10.222s][info][gc,metaspace   ] GC(166) Metaspace: 6297K(6464K)->6297K(6464K) NonClass: 5764K(5824K)->5764K(5824K) Class: 533K(640K)->533K(640K)
[10.222s][info][gc             ] GC(166) Pause Full (Ergonomics) 1487M->1454M(1691M) 586.660ms
[10.222s][info][gc,cpu         ] GC(166) User=3.78s Sys=0.05s Real=0.59s
[10.229s][info][gc,start       ] GC(167) Pause Young (Allocation Failure)
[10.244s][info][gc,heap        ] GC(167) PSYoungGen: 5632K(90112K)->5728K(90112K) Eden: 5632K(5632K)->0K(5632K) From: 0K(84480K)->5728K(84480K)
[10.244s][info][gc,heap        ] GC(167) ParOldGen: 1489544K(1641472K)->1489544K(1641472K)
[10.244s][info][gc,metaspace   ] GC(167) Metaspace: 6297K(6464K)->6297K(6464K) NonClass: 5764K(5824K)->5764K(5824K) Class: 533K(640K)->533K(640K)
[10.244s][info][gc             ] GC(167) Pause Young (Allocation Failure) 1460M->1460M(1691M) 15.272ms
[10.244s][info][gc,cpu         ] GC(167) User=0.00s Sys=0.00s Real=0.02s
[10.249s][info][gc,start       ] GC(168) Pause Young (Allocation Failure)
[10.266s][info][gc,heap        ] GC(168) PSYoungGen: 11360K(90112K)->11360K(88576K) Eden: 5632K(5632K)->0K(6656K) From: 5728K(84480K)->11360K(81920K)
[10.266s][info][gc,heap        ] GC(168) ParOldGen: 1489544K(1641472K)->1489544K(1641472K)
[10.266s][info][gc,metaspace   ] GC(168) Metaspace: 6297K(6464K)->6297K(6464K) NonClass: 5764K(5824K)->5764K(5824K) Class: 533K(640K)->533K(640K)
[10.266s][info][gc             ] GC(168) Pause Young (Allocation Failure) 1465M->1465M(1689M) 16.326ms
[10.266s][info][gc,cpu         ] GC(168) User=0.02s Sys=0.00s Real=0.02s
[10.272s][info][gc,start       ] GC(169) Pause Young (Allocation Failure)
[10.290s][info][gc,heap        ] GC(169) PSYoungGen: 18016K(88576K)->12416K(19456K) Eden: 6656K(6656K)->0K(6656K) From: 11360K(81920K)->12416K(12800K)
[10.290s][info][gc,heap        ] GC(169) ParOldGen: 1489544K(1641472K)->1495256K(1641472K)
[10.290s][info][gc,metaspace   ] GC(169) Metaspace: 6297K(6464K)->6297K(6464K) NonClass: 5764K(5824K)->5764K(5824K) Class: 533K(640K)->533K(640K)
[10.290s][info][gc             ] GC(169) Pause Young (Allocation Failure) 1472M->1472M(1622M) 18.347ms
[10.290s][info][gc,cpu         ] GC(169) User=0.02s Sys=0.00s Real=0.02s
[10.296s][info][gc,start       ] GC(170) Pause Young (Allocation Failure)
[10.318s][info][gc,heap        ] GC(170) PSYoungGen: 19072K(19456K)->6752K(87040K) Eden: 6656K(6656K)->0K(7680K) From: 12416K(12800K)->6752K(79360K)
[10.318s][info][gc,heap        ] GC(170) ParOldGen: 1495256K(1641472K)->1507680K(1641472K)
[10.318s][info][gc,metaspace   ] GC(170) Metaspace: 6297K(6464K)->6297K(6464K) NonClass: 5764K(5824K)->5764K(5824K) Class: 533K(640K)->533K(640K)
[10.318s][info][gc             ] GC(170) Pause Young (Allocation Failure) 1478M->1478M(1688M) 21.985ms
[10.318s][info][gc,cpu         ] GC(170) User=0.03s Sys=0.00s Real=0.02s
[10.326s][info][gc,start       ] GC(171) Pause Young (Allocation Failure)
[10.344s][info][gc,heap        ] GC(171) PSYoungGen: 14432K(87040K)->7808K(15872K) Eden: 7680K(7680K)->0K(7680K) From: 6752K(79360K)->7808K(8192K)
[10.344s][info][gc,heap        ] GC(171) ParOldGen: 1507680K(1641472K)->1514424K(1641472K)
[10.344s][info][gc,metaspace   ] GC(171) Metaspace: 6297K(6464K)->6297K(6464K) NonClass: 5764K(5824K)->5764K(5824K) Class: 533K(640K)->533K(640K)
[10.344s][info][gc             ] GC(171) Pause Young (Allocation Failure) 1486M->1486M(1618M) 18.469ms
[10.344s][info][gc,cpu         ] GC(171) User=0.03s Sys=0.00s Real=0.02s
[10.351s][info][gc,start       ] GC(172) Pause Young (Allocation Failure)
[10.371s][info][gc,heap        ] GC(172) PSYoungGen: 15488K(15872K)->7776K(82432K) Eden: 7680K(7680K)->0K(9216K) From: 7808K(8192K)->7776K(73216K)
[10.371s][info][gc,heap        ] GC(172) ParOldGen: 1514424K(1641472K)->1522208K(1641472K)
[10.371s][info][gc,metaspace   ] GC(172) Metaspace: 6297K(6464K)->6297K(6464K) NonClass: 5764K(5824K)->5764K(5824K) Class: 533K(640K)->533K(640K)
[10.371s][info][gc             ] GC(172) Pause Young (Allocation Failure) 1494M->1494M(1683M) 19.840ms
[10.371s][info][gc,cpu         ] GC(172) User=0.03s Sys=0.00s Real=0.02s
[10.380s][info][gc,start       ] GC(173) Pause Young (Allocation Failure)
[10.402s][info][gc,heap        ] GC(173) PSYoungGen: 16992K(82432K)->9312K(18944K) Eden: 9216K(9216K)->0K(9216K) From: 7776K(73216K)->9312K(9728K)
[10.402s][info][gc,heap        ] GC(173) ParOldGen: 1522208K(1641472K)->1529984K(1641472K)
[10.402s][info][gc,metaspace   ] GC(173) Metaspace: 6297K(6464K)->6297K(6464K) NonClass: 5764K(5824K)->5764K(5824K) Class: 533K(640K)->533K(640K)
[10.402s][info][gc             ] GC(173) Pause Young (Allocation Failure) 1503M->1503M(1621M) 21.666ms
[10.402s][info][gc,cpu         ] GC(173) User=0.02s Sys=0.00s Real=0.02s
[10.411s][info][gc,start       ] GC(174) Pause Young (Allocation Failure)
[10.433s][info][gc,heap        ] GC(174) PSYoungGen: 18528K(18944K)->9408K(77824K) Eden: 9216K(9216K)->0K(10752K) From: 9312K(9728K)->9408K(67072K)
[10.433s][info][gc,heap        ] GC(174) ParOldGen: 1529984K(1641472K)->1539320K(1641472K)
[10.433s][info][gc,metaspace   ] GC(174) Metaspace: 6297K(6464K)->6297K(6464K) NonClass: 5764K(5824K)->5764K(5824K) Class: 533K(640K)->533K(640K)
[10.433s][info][gc             ] GC(174) Pause Young (Allocation Failure) 1512M->1512M(1679M) 21.505ms
[10.433s][info][gc,cpu         ] GC(174) User=0.02s Sys=0.00s Real=0.02s
[10.443s][info][gc,start       ] GC(175) Pause Young (Allocation Failure)
[10.469s][info][gc,heap        ] GC(175) PSYoungGen: 20160K(77824K)->10848K(22016K) Eden: 10752K(10752K)->0K(10752K) From: 9408K(67072K)->10848K(11264K)
[10.469s][info][gc,heap        ] GC(175) ParOldGen: 1539320K(1641472K)->1548672K(1641472K)
[10.469s][info][gc,metaspace   ] GC(175) Metaspace: 6297K(6464K)->6297K(6464K) NonClass: 5764K(5824K)->5764K(5824K) Class: 533K(640K)->533K(640K)
[10.469s][info][gc             ] GC(175) Pause Young (Allocation Failure) 1522M->1522M(1624M) 25.854ms
[10.469s][info][gc,cpu         ] GC(175) User=0.02s Sys=0.00s Real=0.02s
[10.481s][info][gc,start       ] GC(176) Pause Young (Allocation Failure)
[10.502s][info][gc,heap        ] GC(176) PSYoungGen: 21600K(22016K)->10912K(72704K) Eden: 10752K(10752K)->0K(12800K) From: 10848K(11264K)->10912K(59904K)
[10.502s][info][gc,heap        ] GC(176) ParOldGen: 1548672K(1641472K)->1559560K(1641472K)
[10.502s][info][gc,metaspace   ] GC(176) Metaspace: 6297K(6464K)->6297K(6464K) NonClass: 5764K(5824K)->5764K(5824K) Class: 533K(640K)->533K(640K)
[10.502s][info][gc             ] GC(176) Pause Young (Allocation Failure) 1533M->1533M(1674M) 21.521ms
[10.503s][info][gc,cpu         ] GC(176) User=0.03s Sys=0.00s Real=0.02s
[10.516s][info][gc,start       ] GC(177) Pause Young (Allocation Failure)
[10.538s][info][gc,heap        ] GC(177) PSYoungGen: 23712K(72704K)->12896K(26112K) Eden: 12800K(12800K)->0K(12800K) From: 10912K(59904K)->12896K(13312K)
[10.538s][info][gc,heap        ] GC(177) ParOldGen: 1559560K(1641472K)->1570456K(1641472K)
[10.538s][info][gc,metaspace   ] GC(177) Metaspace: 6297K(6464K)->6297K(6464K) NonClass: 5764K(5824K)->5764K(5824K) Class: 533K(640K)->533K(640K)
[10.538s][info][gc             ] GC(177) Pause Young (Allocation Failure) 1546M->1546M(1628M) 21.953ms
[10.538s][info][gc,cpu         ] GC(177) User=0.03s Sys=0.00s Real=0.02s
[10.552s][info][gc,start       ] GC(178) Pause Young (Allocation Failure)
[10.574s][info][gc,heap        ] GC(178) PSYoungGen: 25696K(26112K)->12928K(68096K) Eden: 12800K(12800K)->0K(14848K) From: 12896K(13312K)->12928K(53248K)
[10.574s][info][gc,heap        ] GC(178) ParOldGen: 1570456K(1641472K)->1583424K(1641472K)
[10.574s][info][gc,metaspace   ] GC(178) Metaspace: 6297K(6464K)->6297K(6464K) NonClass: 5764K(5824K)->5764K(5824K) Class: 533K(640K)->533K(640K)
[10.574s][info][gc             ] GC(178) Pause Young (Allocation Failure) 1558M->1558M(1669M) 22.436ms
[10.574s][info][gc,cpu         ] GC(178) User=0.02s Sys=0.00s Real=0.02s
[10.590s][info][gc,start       ] GC(179) Pause Young (Allocation Failure)
[10.613s][info][gc,heap        ] GC(179) PSYoungGen: 27776K(68096K)->14976K(30208K) Eden: 14848K(14848K)->0K(14848K) From: 12928K(53248K)->14976K(15360K)
[10.614s][info][gc,heap        ] GC(179) ParOldGen: 1583424K(1641472K)->1596408K(1641472K)
[10.614s][info][gc,metaspace   ] GC(179) Metaspace: 6297K(6464K)->6297K(6464K) NonClass: 5764K(5824K)->5764K(5824K) Class: 533K(640K)->533K(640K)
[10.614s][info][gc             ] GC(179) Pause Young (Allocation Failure) 1573M->1573M(1632M) 24.012ms
[10.614s][info][gc,cpu         ] GC(179) User=0.03s Sys=0.00s Real=0.02s
[10.627s][info][gc,start       ] GC(180) Pause Young (Allocation Failure)
[10.650s][info][gc,heap        ] GC(180) PSYoungGen: 29824K(30208K)->15008K(64512K) Eden: 14848K(14848K)->0K(16896K) From: 14976K(15360K)->15008K(47616K)
[10.650s][info][gc,heap        ] GC(180) ParOldGen: 1596408K(1641472K)->1611464K(1641472K)
[10.650s][info][gc,metaspace   ] GC(180) Metaspace: 6297K(6464K)->6297K(6464K) NonClass: 5764K(5824K)->5764K(5824K) Class: 533K(640K)->533K(640K)
[10.650s][info][gc             ] GC(180) Pause Young (Allocation Failure) 1588M->1588M(1666M) 22.917ms
[10.650s][info][gc,cpu         ] GC(180) User=0.03s Sys=0.00s Real=0.02s
[10.667s][info][gc,start       ] GC(181) Pause Young (Allocation Failure)
[10.692s][info][gc,heap        ] GC(181) PSYoungGen: 31904K(64512K)->17056K(34304K) Eden: 16896K(16896K)->0K(16896K) From: 15008K(47616K)->17056K(17408K)
[10.692s][info][gc,heap        ] GC(181) ParOldGen: 1611464K(1641472K)->1626496K(1641472K)
[10.692s][info][gc,metaspace   ] GC(181) Metaspace: 6297K(6464K)->6297K(6464K) NonClass: 5764K(5824K)->5764K(5824K) Class: 533K(640K)->533K(640K)
[10.692s][info][gc             ] GC(181) Pause Young (Allocation Failure) 1604M->1605M(1636M) 25.919ms
[10.692s][info][gc,cpu         ] GC(181) User=0.05s Sys=0.00s Real=0.03s
[10.693s][info][gc,start       ] GC(182) Pause Full (Ergonomics)
[10.693s][info][gc,phases,start] GC(182) Marking Phase
[11.048s][info][gc,phases      ] GC(182) Marking Phase 355.155ms
[11.048s][info][gc,phases,start] GC(182) Summary Phase
[11.048s][info][gc,phases      ] GC(182) Summary Phase 0.051ms
[11.048s][info][gc,phases,start] GC(182) Adjust Roots
[11.048s][info][gc,phases      ] GC(182) Adjust Roots 0.167ms
[11.048s][info][gc,phases,start] GC(182) Compaction Phase
[11.218s][info][gc,phases      ] GC(182) Compaction Phase 170.394ms
[11.218s][info][gc,phases,start] GC(182) Post Compact
[11.221s][info][gc,phases      ] GC(182) Post Compact 2.977ms
[11.222s][info][gc,heap        ] GC(182) PSYoungGen: 17056K(34304K)->0K(66560K) Eden: 0K(16896K)->0K(19456K) From: 17056K(17408K)->0K(47104K)
[11.222s][info][gc,heap        ] GC(182) ParOldGen: 1626496K(1641472K)->1641144K(1798656K)
[11.222s][info][gc,metaspace   ] GC(182) Metaspace: 6297K(6464K)->6297K(6464K) NonClass: 5764K(5824K)->5764K(5824K) Class: 533K(640K)->533K(640K)
[11.222s][info][gc             ] GC(182) Pause Full (Ergonomics) 1605M->1602M(1821M) 529.745ms
[11.222s][info][gc,cpu         ] GC(182) User=3.73s Sys=0.00s Real=0.53s
[11.242s][info][gc,start       ] GC(183) Pause Young (Allocation Failure)
[11.265s][info][gc,heap        ] GC(183) PSYoungGen: 19456K(66560K)->19616K(66560K) Eden: 19456K(19456K)->0K(19456K) From: 0K(47104K)->19616K(47104K)
[11.265s][info][gc,heap        ] GC(183) ParOldGen: 1641144K(1798656K)->1641144K(1798656K)
[11.265s][info][gc,metaspace   ] GC(183) Metaspace: 6297K(6464K)->6297K(6464K) NonClass: 5764K(5824K)->5764K(5824K) Class: 533K(640K)->533K(640K)
[11.265s][info][gc             ] GC(183) Pause Young (Allocation Failure) 1621M->1621M(1821M) 23.889ms
[11.265s][info][gc,cpu         ] GC(183) User=0.03s Sys=0.00s Real=0.03s
[11.285s][info][gc,start       ] GC(184) Pause Young (Allocation Failure)
[11.314s][info][gc,heap        ] GC(184) PSYoungGen: 39072K(66560K)->39072K(61440K) Eden: 19456K(19456K)->0K(16384K) From: 19616K(47104K)->39072K(45056K)
[11.314s][info][gc,heap        ] GC(184) ParOldGen: 1641144K(1798656K)->1641144K(1798656K)
[11.314s][info][gc,metaspace   ] GC(184) Metaspace: 6297K(6464K)->6297K(6464K) NonClass: 5764K(5824K)->5764K(5824K) Class: 533K(640K)->533K(640K)
[11.314s][info][gc             ] GC(184) Pause Young (Allocation Failure) 1640M->1640M(1816M) 29.067ms
[11.314s][info][gc,cpu         ] GC(184) User=0.03s Sys=0.00s Real=0.03s
[11.331s][info][gc,start       ] GC(185) Pause Young (Allocation Failure)
[11.364s][info][gc,heap        ] GC(185) PSYoungGen: 55456K(61440K)->36000K(66560K) Eden: 16384K(16384K)->0K(16384K) From: 39072K(45056K)->36000K(50176K)
[11.364s][info][gc,heap        ] GC(185) ParOldGen: 1641144K(1798656K)->1660872K(1798656K)
[11.364s][info][gc,metaspace   ] GC(185) Metaspace: 6297K(6464K)->6297K(6464K) NonClass: 5764K(5824K)->5764K(5824K) Class: 533K(640K)->533K(640K)
[11.364s][info][gc             ] GC(185) Pause Young (Allocation Failure) 1656M->1657M(1821M) 33.652ms
[11.364s][info][gc,cpu         ] GC(185) User=0.14s Sys=0.02s Real=0.03s
[11.380s][info][gc,start       ] GC(186) Pause Young (Allocation Failure)
[11.413s][info][gc,heap        ] GC(186) PSYoungGen: 52384K(66560K)->32896K(70656K) Eden: 16384K(16384K)->0K(17408K) From: 36000K(50176K)->32896K(53248K)
[11.413s][info][gc,heap        ] GC(186) ParOldGen: 1660872K(1798656K)->1680592K(1798656K)
[11.413s][info][gc,metaspace   ] GC(186) Metaspace: 6297K(6464K)->6297K(6464K) NonClass: 5764K(5824K)->5764K(5824K) Class: 533K(640K)->533K(640K)
[11.413s][info][gc             ] GC(186) Pause Young (Allocation Failure) 1673M->1673M(1825M) 32.155ms
[11.413s][info][gc,cpu         ] GC(186) User=0.05s Sys=0.00s Real=0.03s
[11.432s][info][gc,start       ] GC(187) Pause Young (Allocation Failure)
[11.462s][info][gc,heap        ] GC(187) PSYoungGen: 50304K(70656K)->33920K(71680K) Eden: 17408K(17408K)->0K(17408K) From: 32896K(53248K)->33920K(54272K)
[11.462s][info][gc,heap        ] GC(187) ParOldGen: 1680592K(1798656K)->1697216K(1798656K)
[11.463s][info][gc,metaspace   ] GC(187) Metaspace: 6297K(6464K)->6297K(6464K) NonClass: 5764K(5824K)->5764K(5824K) Class: 533K(640K)->533K(640K)
[11.463s][info][gc             ] GC(187) Pause Young (Allocation Failure) 1690M->1690M(1826M) 30.775ms
[11.463s][info][gc,cpu         ] GC(187) User=0.06s Sys=0.00s Real=0.03s
[11.482s][info][gc,start       ] GC(188) Pause Young (Allocation Failure)
[11.515s][info][gc,heap        ] GC(188) PSYoungGen: 51328K(71680K)->17536K(70656K) Eden: 17408K(17408K)->0K(19968K) From: 33920K(54272K)->17536K(50688K)
[11.515s][info][gc,heap        ] GC(188) ParOldGen: 1697216K(1798656K)->1731440K(1798656K)
[11.515s][info][gc,metaspace   ] GC(188) Metaspace: 6297K(6464K)->6297K(6464K) NonClass: 5764K(5824K)->5764K(5824K) Class: 533K(640K)->533K(640K)
[11.515s][info][gc             ] GC(188) Pause Young (Allocation Failure) 1707M->1707M(1825M) 32.340ms
[11.515s][info][gc,cpu         ] GC(188) User=0.05s Sys=0.00s Real=0.03s
[11.537s][info][gc,start       ] GC(189) Pause Young (Allocation Failure)
[11.567s][info][gc,heap        ] GC(189) PSYoungGen: 37504K(70656K)->20064K(73216K) Eden: 19968K(19968K)->0K(19968K) From: 17536K(50688K)->20064K(53248K)
[11.567s][info][gc,heap        ] GC(189) ParOldGen: 1731440K(1798656K)->1749104K(1798656K)
[11.567s][info][gc,metaspace   ] GC(189) Metaspace: 6297K(6464K)->6297K(6464K) NonClass: 5764K(5824K)->5764K(5824K) Class: 533K(640K)->533K(640K)
[11.567s][info][gc             ] GC(189) Pause Young (Allocation Failure) 1727M->1727M(1828M) 30.032ms
[11.567s][info][gc,cpu         ] GC(189) User=0.05s Sys=0.00s Real=0.03s
[11.588s][info][gc,start       ] GC(190) Pause Young (Allocation Failure)
[11.619s][info][gc,heap        ] GC(190) PSYoungGen: 40032K(73216K)->20064K(69120K) Eden: 19968K(19968K)->0K(22528K) From: 20064K(53248K)->20064K(46592K)
[11.619s][info][gc,heap        ] GC(190) ParOldGen: 1749104K(1798656K)->1769352K(1798656K)
[11.619s][info][gc,metaspace   ] GC(190) Metaspace: 6297K(6464K)->6297K(6464K) NonClass: 5764K(5824K)->5764K(5824K) Class: 533K(640K)->533K(640K)
[11.619s][info][gc             ] GC(190) Pause Young (Allocation Failure) 1747M->1747M(1824M) 31.634ms
[11.619s][info][gc,cpu         ] GC(190) User=0.03s Sys=0.00s Real=0.03s
[11.619s][info][gc,start       ] GC(191) Pause Full (Ergonomics)
[11.619s][info][gc,phases,start] GC(191) Marking Phase
[12.025s][info][gc,phases      ] GC(191) Marking Phase 405.652ms
[12.025s][info][gc,phases,start] GC(191) Summary Phase
[12.025s][info][gc,phases      ] GC(191) Summary Phase 0.068ms
[12.025s][info][gc,phases,start] GC(191) Adjust Roots
[12.025s][info][gc,phases      ] GC(191) Adjust Roots 0.203ms
[12.025s][info][gc,phases,start] GC(191) Compaction Phase
[12.200s][info][gc,phases      ] GC(191) Compaction Phase 174.094ms
[12.200s][info][gc,phases,start] GC(191) Post Compact
[12.203s][info][gc,phases      ] GC(191) Post Compact 3.374ms
[12.204s][info][gc,heap        ] GC(191) PSYoungGen: 20064K(69120K)->0K(71168K) Eden: 0K(22528K)->0K(22528K) From: 20064K(46592K)->0K(48640K)
[12.204s][info][gc,heap        ] GC(191) ParOldGen: 1769352K(1798656K)->1787320K(1970688K)
[12.204s][info][gc,metaspace   ] GC(191) Metaspace: 6297K(6464K)->6297K(6464K) NonClass: 5764K(5824K)->5764K(5824K) Class: 533K(640K)->533K(640K)
[12.204s][info][gc             ] GC(191) Pause Full (Ergonomics) 1747M->1745M(1994M) 584.523ms
[12.204s][info][gc,cpu         ] GC(191) User=4.11s Sys=0.00s Real=0.58s
[12.230s][info][gc,start       ] GC(192) Pause Young (Allocation Failure)
[12.254s][info][gc,heap        ] GC(192) PSYoungGen: 22528K(71168K)->22656K(68096K) Eden: 22528K(22528K)->0K(25088K) From: 0K(48640K)->22656K(43008K)
[12.254s][info][gc,heap        ] GC(192) ParOldGen: 1787320K(1970688K)->1787320K(1970688K)
[12.254s][info][gc,metaspace   ] GC(192) Metaspace: 6297K(6464K)->6297K(6464K) NonClass: 5764K(5824K)->5764K(5824K) Class: 533K(640K)->533K(640K)
[12.254s][info][gc             ] GC(192) Pause Young (Allocation Failure) 1767M->1767M(1991M) 23.945ms
[12.254s][info][gc,cpu         ] GC(192) User=0.06s Sys=0.00s Real=0.02s
[12.280s][info][gc,start       ] GC(193) Pause Young (Allocation Failure)
[12.310s][info][gc,heap        ] GC(193) PSYoungGen: 47744K(68096K)->46080K(71168K) Eden: 25088K(25088K)->0K(25088K) From: 22656K(43008K)->46080K(46080K)
[12.311s][info][gc,heap        ] GC(193) ParOldGen: 1787320K(1970688K)->1788952K(1970688K)
[12.311s][info][gc,metaspace   ] GC(193) Metaspace: 6297K(6464K)->6297K(6464K) NonClass: 5764K(5824K)->5764K(5824K) Class: 533K(640K)->533K(640K)
[12.311s][info][gc             ] GC(193) Pause Young (Allocation Failure) 1792M->1792M(1994M) 30.473ms
[12.311s][info][gc,cpu         ] GC(193) User=0.05s Sys=0.00s Real=0.03s
[12.338s][info][gc,start       ] GC(194) Pause Young (Allocation Failure)
[12.376s][info][gc,heap        ] GC(194) PSYoungGen: 71168K(71168K)->25216K(74752K) Eden: 25088K(25088K)->0K(27648K) From: 46080K(46080K)->25216K(47104K)
[12.376s][info][gc,heap        ] GC(194) ParOldGen: 1788952K(1970688K)->1835592K(1970688K)
[12.376s][info][gc,metaspace   ] GC(194) Metaspace: 6297K(6464K)->6297K(6464K) NonClass: 5764K(5824K)->5764K(5824K) Class: 533K(640K)->533K(640K)
[12.376s][info][gc             ] GC(194) Pause Young (Allocation Failure) 1816M->1817M(1997M) 38.311ms
[12.376s][info][gc,cpu         ] GC(194) User=0.23s Sys=0.02s Real=0.04s
[12.406s][info][gc,start       ] GC(195) Pause Young (Allocation Failure)
[12.441s][info][gc,heap        ] GC(195) PSYoungGen: 52864K(74752K)->27808K(77824K) Eden: 27648K(27648K)->0K(27648K) From: 25216K(47104K)->27808K(50176K)
[12.441s][info][gc,heap        ] GC(195) ParOldGen: 1835592K(1970688K)->1861024K(1970688K)
[12.441s][info][gc,metaspace   ] GC(195) Metaspace: 6297K(6464K)->6297K(6464K) NonClass: 5764K(5824K)->5764K(5824K) Class: 533K(640K)->533K(640K)
[12.441s][info][gc             ] GC(195) Pause Young (Allocation Failure) 1844M->1844M(2000M) 34.605ms
[12.441s][info][gc,cpu         ] GC(195) User=0.17s Sys=0.00s Real=0.04s
[12.473s][info][gc,start       ] GC(196) Pause Young (Allocation Failure)
[12.512s][info][gc,heap        ] GC(196) PSYoungGen: 55456K(77824K)->27776K(77312K) Eden: 27648K(27648K)->0K(30720K) From: 27808K(50176K)->27776K(46592K)
[12.512s][info][gc,heap        ] GC(196) ParOldGen: 1861024K(1970688K)->1889072K(1970688K)
[12.512s][info][gc,metaspace   ] GC(196) Metaspace: 6297K(6464K)->6297K(6464K) NonClass: 5764K(5824K)->5764K(5824K) Class: 533K(640K)->533K(640K)
[12.512s][info][gc             ] GC(196) Pause Young (Allocation Failure) 1871M->1871M(2000M) 39.426ms
[12.512s][info][gc,cpu         ] GC(196) User=0.11s Sys=0.03s Real=0.04s
[12.548s][info][gc,start       ] GC(197) Pause Young (Allocation Failure)
[12.586s][info][gc,heap        ] GC(197) PSYoungGen: 58496K(77312K)->30880K(78336K) Eden: 30720K(30720K)->0K(30720K) From: 27776K(46592K)->30880K(47616K)
[12.587s][info][gc,heap        ] GC(197) ParOldGen: 1889072K(1970688K)->1917096K(1970688K)
[12.587s][info][gc,metaspace   ] GC(197) Metaspace: 6297K(6464K)->6297K(6464K) NonClass: 5764K(5824K)->5764K(5824K) Class: 533K(640K)->533K(640K)
[12.587s][info][gc             ] GC(197) Pause Young (Allocation Failure) 1901M->1902M(2001M) 38.357ms
[12.587s][info][gc,cpu         ] GC(197) User=0.12s Sys=0.02s Real=0.04s
[12.624s][info][gc,start       ] GC(198) Pause Young (Allocation Failure)
[12.665s][info][gc,heap        ] GC(198) PSYoungGen: 61600K(78336K)->30880K(81408K) Eden: 30720K(30720K)->0K(34304K) From: 30880K(47616K)->30880K(47104K)
[12.665s][info][gc,heap        ] GC(198) ParOldGen: 1917096K(1970688K)->1948256K(1970688K)
[12.665s][info][gc,metaspace   ] GC(198) Metaspace: 6297K(6464K)->6297K(6464K) NonClass: 5764K(5824K)->5764K(5824K) Class: 533K(640K)->533K(640K)
[12.665s][info][gc             ] GC(198) Pause Young (Allocation Failure) 1932M->1932M(2004M) 40.780ms
[12.665s][info][gc,cpu         ] GC(198) User=0.23s Sys=0.02s Real=0.04s
[12.665s][info][gc,start       ] GC(199) Pause Full (Ergonomics)
[12.665s][info][gc,phases,start] GC(199) Marking Phase
[13.120s][info][gc,phases      ] GC(199) Marking Phase 455.093ms
[13.120s][info][gc,phases,start] GC(199) Summary Phase
[13.120s][info][gc,phases      ] GC(199) Summary Phase 0.033ms
[13.121s][info][gc,phases,start] GC(199) Adjust Roots
[13.121s][info][gc,phases      ] GC(199) Adjust Roots 0.305ms
[13.121s][info][gc,phases,start] GC(199) Compaction Phase
[13.661s][info][gc,phases      ] GC(199) Compaction Phase 540.358ms
[13.661s][info][gc,phases,start] GC(199) Post Compact
[13.665s][info][gc,phases      ] GC(199) Post Compact 3.884ms
[13.666s][info][gc,heap        ] GC(199) PSYoungGen: 30880K(81408K)->6163K(81408K) Eden: 0K(34304K)->0K(34304K) From: 30880K(47104K)->6163K(47104K)
[13.666s][info][gc,heap        ] GC(199) ParOldGen: 1948256K(1970688K)->1970369K(2186752K)
[13.666s][info][gc,metaspace   ] GC(199) Metaspace: 6297K(6464K)->6297K(6464K) NonClass: 5764K(5824K)->5764K(5824K) Class: 533K(640K)->533K(640K)
[13.666s][info][gc             ] GC(199) Pause Full (Ergonomics) 1932M->1930M(2215M) 1000.872ms
[13.666s][info][gc,cpu         ] GC(199) User=6.28s Sys=0.05s Real=1.00s
[13.711s][info][gc,start       ] GC(200) Pause Young (Allocation Failure)
[13.817s][info][gc,heap        ] GC(200) PSYoungGen: 40467K(81408K)->34496K(81408K) Eden: 34304K(34304K)->0K(34304K) From: 6163K(47104K)->34496K(47104K)
[13.817s][info][gc,heap        ] GC(200) ParOldGen: 1970369K(2186752K)->1976641K(2186752K)
[13.817s][info][gc,metaspace   ] GC(200) Metaspace: 6297K(6464K)->6297K(6464K) NonClass: 5764K(5824K)->5764K(5824K) Class: 533K(640K)->533K(640K)
[13.817s][info][gc             ] GC(200) Pause Young (Allocation Failure) 1963M->1964M(2215M) 106.000ms
[13.817s][info][gc,cpu         ] GC(200) User=0.62s Sys=0.00s Real=0.11s
[13.860s][info][gc,start       ] GC(201) Pause Young (Allocation Failure)
[13.902s][info][gc,heap        ] GC(201) PSYoungGen: 68800K(81408K)->48128K(72192K) Eden: 34304K(34304K)->0K(24064K) From: 34496K(47104K)->48128K(48128K)
[13.902s][info][gc,heap        ] GC(201) ParOldGen: 1976641K(2186752K)->1997433K(2186752K)
[13.902s][info][gc,metaspace   ] GC(201) Metaspace: 6297K(6464K)->6297K(6464K) NonClass: 5764K(5824K)->5764K(5824K) Class: 533K(640K)->533K(640K)
[13.902s][info][gc             ] GC(201) Pause Young (Allocation Failure) 1997M->1997M(2206M) 42.080ms
[13.902s][info][gc,cpu         ] GC(201) User=0.20s Sys=0.17s Real=0.04s
[13.926s][info][gc,start       ] GC(202) Pause Young (Allocation Failure)
[13.969s][info][gc,heap        ] GC(202) PSYoungGen: 72192K(72192K)->24192K(85504K) Eden: 24064K(24064K)->0K(24064K) From: 48128K(48128K)->24192K(61440K)
[13.969s][info][gc,heap        ] GC(202) ParOldGen: 1997433K(2186752K)->2046209K(2186752K)
[13.969s][info][gc,metaspace   ] GC(202) Metaspace: 6297K(6464K)->6297K(6464K) NonClass: 5764K(5824K)->5764K(5824K) Class: 533K(640K)->533K(640K)
[13.969s][info][gc             ] GC(202) Pause Young (Allocation Failure) 2021M->2021M(2219M) 42.413ms
[13.969s][info][gc,cpu         ] GC(202) User=0.20s Sys=0.05s Real=0.04s
[13.995s][info][gc,start       ] GC(203) Pause Young (Allocation Failure)
[14.028s][info][gc,heap        ] GC(203) PSYoungGen: 48256K(85504K)->48288K(82432K) Eden: 24064K(24064K)->0K(23040K) From: 24192K(61440K)->48288K(59392K)
[14.028s][info][gc,heap        ] GC(203) ParOldGen: 2046209K(2186752K)->2046209K(2186752K)
[14.028s][info][gc,metaspace   ] GC(203) Metaspace: 6297K(6464K)->6297K(6464K) NonClass: 5764K(5824K)->5764K(5824K) Class: 533K(640K)->533K(640K)
[14.028s][info][gc             ] GC(203) Pause Young (Allocation Failure) 2045M->2045M(2216M) 32.748ms
[14.028s][info][gc,cpu         ] GC(203) User=0.08s Sys=0.00s Real=0.03s
[14.052s][info][gc,start       ] GC(204) Pause Young (Allocation Failure)
[14.092s][info][gc,heap        ] GC(204) PSYoungGen: 71328K(82432K)->62976K(86016K) Eden: 23040K(23040K)->0K(23040K) From: 48288K(59392K)->62976K(62976K)
[14.092s][info][gc,heap        ] GC(204) ParOldGen: 2046209K(2186752K)->2054585K(2186752K)
[14.092s][info][gc,metaspace   ] GC(204) Metaspace: 6297K(6464K)->6297K(6464K) NonClass: 5764K(5824K)->5764K(5824K) Class: 533K(640K)->533K(640K)
[14.092s][info][gc             ] GC(204) Pause Young (Allocation Failure) 2067M->2067M(2219M) 39.370ms
[14.092s][info][gc,cpu         ] GC(204) User=0.16s Sys=0.00s Real=0.04s
[14.115s][info][gc,start       ] GC(205) Pause Young (Allocation Failure)
[14.171s][info][gc,heap        ] GC(205) PSYoungGen: 86016K(86016K)->43840K(99328K) Eden: 23040K(23040K)->0K(26112K) From: 62976K(62976K)->43840K(73216K)
[14.171s][info][gc,heap        ] GC(205) ParOldGen: 2054585K(2186752K)->2097465K(2186752K)
[14.171s][info][gc,metaspace   ] GC(205) Metaspace: 6297K(6464K)->6297K(6464K) NonClass: 5764K(5824K)->5764K(5824K) Class: 533K(640K)->533K(640K)
[14.171s][info][gc             ] GC(205) Pause Young (Allocation Failure) 2090M->2091M(2232M) 55.961ms
[14.171s][info][gc,cpu         ] GC(205) User=0.20s Sys=0.03s Real=0.06s
[14.199s][info][gc,start       ] GC(206) Pause Young (Allocation Failure)
[14.247s][info][gc,heap        ] GC(206) PSYoungGen: 69952K(99328K)->49280K(99840K) Eden: 26112K(26112K)->0K(26112K) From: 43840K(73216K)->49280K(73728K)
[14.247s][info][gc,heap        ] GC(206) ParOldGen: 2097465K(2186752K)->2118393K(2186752K)
[14.247s][info][gc,metaspace   ] GC(206) Metaspace: 6297K(6464K)->6297K(6464K) NonClass: 5764K(5824K)->5764K(5824K) Class: 533K(640K)->533K(640K)
[14.247s][info][gc             ] GC(206) Pause Young (Allocation Failure) 2116M->2116M(2233M) 47.164ms
[14.247s][info][gc,cpu         ] GC(206) User=0.20s Sys=0.02s Real=0.05s
[14.277s][info][gc,start       ] GC(207) Pause Young (Allocation Failure)
[14.321s][info][gc,heap        ] GC(207) PSYoungGen: 75392K(99840K)->52416K(102400K) Eden: 26112K(26112K)->0K(28160K) From: 49280K(73728K)->52416K(74240K)
[14.321s][info][gc,heap        ] GC(207) ParOldGen: 2118393K(2186752K)->2141761K(2186752K)
[14.321s][info][gc,metaspace   ] GC(207) Metaspace: 6297K(6464K)->6297K(6464K) NonClass: 5764K(5824K)->5764K(5824K) Class: 533K(640K)->533K(640K)
[14.321s][info][gc             ] GC(207) Pause Young (Allocation Failure) 2142M->2142M(2235M) 43.953ms
[14.321s][info][gc,cpu         ] GC(207) User=0.23s Sys=0.03s Real=0.04s
[14.321s][info][gc,start       ] GC(208) Pause Full (Ergonomics)
[14.321s][info][gc,phases,start] GC(208) Marking Phase
[14.839s][info][gc,phases      ] GC(208) Marking Phase 517.623ms
[14.839s][info][gc,phases,start] GC(208) Summary Phase
[14.839s][info][gc,phases      ] GC(208) Summary Phase 0.095ms
[14.839s][info][gc,phases,start] GC(208) Adjust Roots
[14.839s][info][gc,phases      ] GC(208) Adjust Roots 0.222ms
[14.839s][info][gc,phases,start] GC(208) Compaction Phase
[15.051s][info][gc,phases      ] GC(208) Compaction Phase 211.427ms
[15.051s][info][gc,phases,start] GC(208) Post Compact
[15.055s][info][gc,phases      ] GC(208) Post Compact 4.193ms
[15.056s][info][gc,heap        ] GC(208) PSYoungGen: 52416K(102400K)->4643K(102400K) Eden: 0K(28160K)->0K(28160K) From: 52416K(74240K)->4643K(74240K)
[15.056s][info][gc,heap        ] GC(208) ParOldGen: 2141761K(2186752K)->2186678K(2424832K)
[15.056s][info][gc,metaspace   ] GC(208) Metaspace: 6297K(6464K)->6297K(6464K) NonClass: 5764K(5824K)->5764K(5824K) Class: 533K(640K)->533K(640K)
[15.056s][info][gc             ] GC(208) Pause Full (Ergonomics) 2142M->2139M(2468M) 734.841ms
[15.056s][info][gc,cpu         ] GC(208) User=5.09s Sys=0.02s Real=0.74s
[15.093s][info][gc,start       ] GC(209) Pause Young (Allocation Failure)
[15.202s][info][gc,heap        ] GC(209) PSYoungGen: 32803K(102400K)->30048K(103936K) Eden: 28160K(28160K)->0K(28160K) From: 4643K(74240K)->30048K(75776K)
[15.202s][info][gc,heap        ] GC(209) ParOldGen: 2186678K(2424832K)->2189694K(2424832K)
[15.202s][info][gc,metaspace   ] GC(209) Metaspace: 6297K(6464K)->6297K(6464K) NonClass: 5764K(5824K)->5764K(5824K) Class: 533K(640K)->533K(640K)
[15.202s][info][gc             ] GC(209) Pause Young (Allocation Failure) 2167M->2167M(2469M) 109.396ms
[15.202s][info][gc,cpu         ] GC(209) User=0.62s Sys=0.00s Real=0.11s
[15.240s][info][gc,start       ] GC(210) Pause Young (Allocation Failure)
[15.280s][info][gc,heap        ] GC(210) PSYoungGen: 58208K(103936K)->58208K(101888K) Eden: 28160K(28160K)->0K(27648K) From: 30048K(75776K)->58208K(74240K)
[15.280s][info][gc,heap        ] GC(210) ParOldGen: 2189694K(2424832K)->2189694K(2424832K)
[15.280s][info][gc,metaspace   ] GC(210) Metaspace: 6297K(6464K)->6297K(6464K) NonClass: 5764K(5824K)->5764K(5824K) Class: 533K(640K)->533K(640K)
[15.280s][info][gc             ] GC(210) Pause Young (Allocation Failure) 2195M->2195M(2467M) 40.183ms
[15.280s][info][gc,cpu         ] GC(210) User=0.16s Sys=0.00s Real=0.04s
[15.313s][info][gc,start       ] GC(211) Pause Young (Allocation Failure)
[15.361s][info][gc,heap        ] GC(211) PSYoungGen: 85856K(101888K)->77824K(105472K) Eden: 27648K(27648K)->0K(27648K) From: 58208K(74240K)->77824K(77824K)
[15.361s][info][gc,heap        ] GC(211) ParOldGen: 2189694K(2424832K)->2197734K(2424832K)
[15.361s][info][gc,metaspace   ] GC(211) Metaspace: 6297K(6464K)->6297K(6464K) NonClass: 5764K(5824K)->5764K(5824K) Class: 533K(640K)->533K(640K)
[15.361s][info][gc             ] GC(211) Pause Young (Allocation Failure) 2222M->2222M(2471M) 47.999ms
[15.361s][info][gc,cpu         ] GC(211) User=0.36s Sys=0.00s Real=0.05s
[15.392s][info][gc,start       ] GC(212) Pause Young (Allocation Failure)
[15.455s][info][gc,heap        ] GC(212) PSYoungGen: 105472K(105472K)->80768K(112640K) Eden: 27648K(27648K)->0K(22016K) From: 77824K(77824K)->80768K(90624K)
[15.455s][info][gc,heap        ] GC(212) ParOldGen: 2197734K(2424832K)->2222926K(2424832K)
[15.455s][info][gc,metaspace   ] GC(212) Metaspace: 6297K(6464K)->6297K(6464K) NonClass: 5764K(5824K)->5764K(5824K) Class: 533K(640K)->533K(640K)
[15.455s][info][gc             ] GC(212) Pause Young (Allocation Failure) 2249M->2249M(2478M) 62.268ms
[15.455s][info][gc,cpu         ] GC(212) User=0.33s Sys=0.02s Real=0.06s
[15.482s][info][gc,start       ] GC(213) Pause Young (Allocation Failure)
[15.537s][info][gc,heap        ] GC(213) PSYoungGen: 102784K(112640K)->75456K(121344K) Eden: 22016K(22016K)->0K(22016K) From: 80768K(90624K)->75456K(99328K)
[15.537s][info][gc,heap        ] GC(213) ParOldGen: 2222926K(2424832K)->2250622K(2424832K)
[15.537s][info][gc,metaspace   ] GC(213) Metaspace: 6297K(6464K)->6297K(6464K) NonClass: 5764K(5824K)->5764K(5824K) Class: 533K(640K)->533K(640K)
[15.537s][info][gc             ] GC(213) Pause Young (Allocation Failure) 2271M->2271M(2486M) 55.314ms
[15.537s][info][gc,cpu         ] GC(213) User=0.39s Sys=0.00s Real=0.06s
[15.562s][info][gc,start       ] GC(214) Pause Young (Allocation Failure)
[15.615s][info][gc,heap        ] GC(214) PSYoungGen: 97472K(121344K)->71840K(127488K) Eden: 22016K(22016K)->0K(23040K) From: 75456K(99328K)->71840K(104448K)
[15.615s][info][gc,heap        ] GC(214) ParOldGen: 2250622K(2424832K)->2276470K(2424832K)
[15.615s][info][gc,metaspace   ] GC(214) Metaspace: 6297K(6464K)->6297K(6464K) NonClass: 5764K(5824K)->5764K(5824K) Class: 533K(640K)->533K(640K)
[15.615s][info][gc             ] GC(214) Pause Young (Allocation Failure) 2293M->2293M(2492M) 52.475ms
[15.615s][info][gc,cpu         ] GC(214) User=0.36s Sys=0.03s Real=0.05s
[15.642s][info][gc,start       ] GC(215) Pause Young (Allocation Failure)
[15.691s][info][gc,heap        ] GC(215) PSYoungGen: 94880K(127488K)->67328K(129536K) Eden: 23040K(23040K)->0K(23040K) From: 71840K(104448K)->67328K(106496K)
[15.691s][info][gc,heap        ] GC(215) ParOldGen: 2276470K(2424832K)->2304374K(2424832K)
[15.691s][info][gc,metaspace   ] GC(215) Metaspace: 6297K(6464K)->6297K(6464K) NonClass: 5764K(5824K)->5764K(5824K) Class: 533K(640K)->533K(640K)
[15.691s][info][gc             ] GC(215) Pause Young (Allocation Failure) 2315M->2316M(2494M) 49.871ms
[15.691s][info][gc,cpu         ] GC(215) User=0.25s Sys=0.05s Real=0.05s
[15.717s][info][gc,start       ] GC(216) Pause Young (Allocation Failure)
[15.765s][info][gc,heap        ] GC(216) PSYoungGen: 90368K(129536K)->68288K(131584K) Eden: 23040K(23040K)->0K(26112K) From: 67328K(106496K)->68288K(105472K)
[15.765s][info][gc,heap        ] GC(216) ParOldGen: 2304374K(2424832K)->2326582K(2424832K)
[15.765s][info][gc,metaspace   ] GC(216) Metaspace: 6297K(6464K)->6297K(6464K) NonClass: 5764K(5824K)->5764K(5824K) Class: 533K(640K)->533K(640K)
[15.765s][info][gc             ] GC(216) Pause Young (Allocation Failure) 2338M->2338M(2496M) 47.997ms
[15.765s][info][gc,cpu         ] GC(216) User=0.25s Sys=0.02s Real=0.05s
[15.796s][info][gc,start       ] GC(217) Pause Young (Allocation Failure)
[15.847s][info][gc,heap        ] GC(217) PSYoungGen: 94400K(131584K)->49312K(132096K) Eden: 26112K(26112K)->0K(26112K) From: 68288K(105472K)->49312K(105984K)
[15.847s][info][gc,heap        ] GC(217) ParOldGen: 2326582K(2424832K)->2372014K(2424832K)
[15.847s][info][gc,metaspace   ] GC(217) Metaspace: 6297K(6464K)->6297K(6464K) NonClass: 5764K(5824K)->5764K(5824K) Class: 533K(640K)->533K(640K)
[15.847s][info][gc             ] GC(217) Pause Young (Allocation Failure) 2364M->2364M(2497M) 51.199ms
[15.847s][info][gc,cpu         ] GC(217) User=0.30s Sys=0.00s Real=0.05s
[15.847s][info][gc,start       ] GC(218) Pause Full (Ergonomics)
[15.847s][info][gc,phases,start] GC(218) Marking Phase
[16.389s][info][gc,phases      ] GC(218) Marking Phase 542.121ms
[16.389s][info][gc,phases,start] GC(218) Summary Phase
[16.389s][info][gc,phases      ] GC(218) Summary Phase 0.105ms
[16.389s][info][gc,phases,start] GC(218) Adjust Roots
[16.390s][info][gc,phases      ] GC(218) Adjust Roots 0.212ms
[16.390s][info][gc,phases,start] GC(218) Compaction Phase
[16.612s][info][gc,phases      ] GC(218) Compaction Phase 222.328ms
[16.612s][info][gc,phases,start] GC(218) Post Compact
[16.617s][info][gc,phases      ] GC(218) Post Compact 5.176ms
[16.618s][info][gc,heap        ] GC(218) PSYoungGen: 49312K(132096K)->0K(132096K) Eden: 0K(26112K)->0K(29696K) From: 49312K(105984K)->0K(102400K)
[16.618s][info][gc,heap        ] GC(218) ParOldGen: 2372014K(2424832K)->2418872K(2680320K)
[16.618s][info][gc,metaspace   ] GC(218) Metaspace: 6297K(6464K)->6297K(6464K) NonClass: 5764K(5824K)->5764K(5824K) Class: 533K(640K)->533K(640K)
[16.618s][info][gc             ] GC(218) Pause Full (Ergonomics) 2364M->2362M(2746M) 771.377ms
[16.618s][info][gc,cpu         ] GC(218) User=5.55s Sys=0.06s Real=0.77s
[16.658s][info][gc,start       ] GC(219) Pause Young (Allocation Failure)
[16.685s][info][gc,heap        ] GC(219) PSYoungGen: 29696K(132096K)->29856K(132096K) Eden: 29696K(29696K)->0K(29696K) From: 0K(102400K)->29856K(102400K)
[16.685s][info][gc,heap        ] GC(219) ParOldGen: 2418872K(2680320K)->2418872K(2680320K)
[16.685s][info][gc,metaspace   ] GC(219) Metaspace: 6297K(6464K)->6297K(6464K) NonClass: 5764K(5824K)->5764K(5824K) Class: 533K(640K)->533K(640K)
[16.685s][info][gc             ] GC(219) Pause Young (Allocation Failure) 2391M->2391M(2746M) 26.793ms
[16.685s][info][gc,cpu         ] GC(219) User=0.02s Sys=0.00s Real=0.03s
[16.720s][info][gc,start       ] GC(220) Pause Young (Allocation Failure)
[16.756s][info][gc,heap        ] GC(220) PSYoungGen: 59552K(132096K)->59584K(130560K) Eden: 29696K(29696K)->0K(32768K) From: 29856K(102400K)->59584K(97792K)
[16.756s][info][gc,heap        ] GC(220) ParOldGen: 2418872K(2680320K)->2418872K(2680320K)
[16.756s][info][gc,metaspace   ] GC(220) Metaspace: 6297K(6464K)->6297K(6464K) NonClass: 5764K(5824K)->5764K(5824K) Class: 533K(640K)->533K(640K)
[16.756s][info][gc             ] GC(220) Pause Young (Allocation Failure) 2420M->2420M(2745M) 36.960ms
[16.756s][info][gc,cpu         ] GC(220) User=0.22s Sys=0.00s Real=0.04s
[16.795s][info][gc,start       ] GC(221) Pause Young (Allocation Failure)
[16.843s][info][gc,heap        ] GC(221) PSYoungGen: 92352K(130560K)->92352K(132608K) Eden: 32768K(32768K)->0K(32768K) From: 59584K(97792K)->92352K(99840K)
[16.843s][info][gc,heap        ] GC(221) ParOldGen: 2418872K(2680320K)->2418872K(2680320K)
[16.843s][info][gc,metaspace   ] GC(221) Metaspace: 6297K(6464K)->6297K(6464K) NonClass: 5764K(5824K)->5764K(5824K) Class: 533K(640K)->533K(640K)
[16.843s][info][gc             ] GC(221) Pause Young (Allocation Failure) 2452M->2452M(2747M) 47.970ms
[16.843s][info][gc,cpu         ] GC(221) User=0.27s Sys=0.00s Real=0.05s
[16.881s][info][gc,start       ] GC(222) Pause Young (Allocation Failure)
[16.944s][info][gc,heap        ] GC(222) PSYoungGen: 125120K(132608K)->95488K(137216K) Eden: 32768K(32768K)->0K(27648K) From: 92352K(99840K)->95488K(109568K)
[16.944s][info][gc,heap        ] GC(222) ParOldGen: 2418872K(2680320K)->2448816K(2680320K)
[16.944s][info][gc,metaspace   ] GC(222) Metaspace: 6297K(6464K)->6297K(6464K) NonClass: 5764K(5824K)->5764K(5824K) Class: 533K(640K)->533K(640K)
[16.944s][info][gc             ] GC(222) Pause Young (Allocation Failure) 2484M->2484M(2751M) 62.538ms
[16.944s][info][gc,cpu         ] GC(222) User=0.39s Sys=0.00s Real=0.06s
[16.976s][info][gc,start       ] GC(223) Pause Young (Allocation Failure)
[17.038s][info][gc,heap        ] GC(223) PSYoungGen: 123136K(137216K)->93344K(145920K) Eden: 27648K(27648K)->0K(27648K) From: 95488K(109568K)->93344K(118272K)
[17.038s][info][gc,heap        ] GC(223) ParOldGen: 2448816K(2680320K)->2478776K(2680320K)
[17.038s][info][gc,metaspace   ] GC(223) Metaspace: 6297K(6464K)->6297K(6464K) NonClass: 5764K(5824K)->5764K(5824K) Class: 533K(640K)->533K(640K)
[17.038s][info][gc             ] GC(223) Pause Young (Allocation Failure) 2511M->2511M(2760M) 61.639ms
[17.038s][info][gc,cpu         ] GC(223) User=0.39s Sys=0.00s Real=0.06s
[17.071s][info][gc,start       ] GC(224) Pause Young (Allocation Failure)
[17.132s][info][gc,heap        ] GC(224) PSYoungGen: 120992K(145920K)->88320K(152576K) Eden: 27648K(27648K)->0K(28160K) From: 93344K(118272K)->88320K(124416K)
[17.132s][info][gc,heap        ] GC(224) ParOldGen: 2478776K(2680320K)->2511832K(2680320K)
[17.132s][info][gc,metaspace   ] GC(224) Metaspace: 6297K(6464K)->6297K(6464K) NonClass: 5764K(5824K)->5764K(5824K) Class: 533K(640K)->533K(640K)
[17.132s][info][gc             ] GC(224) Pause Young (Allocation Failure) 2538M->2539M(2766M) 60.593ms
[17.132s][info][gc,cpu         ] GC(224) User=0.36s Sys=0.02s Real=0.06s
[17.168s][info][gc,start       ] GC(225) Pause Young (Allocation Failure)
[17.226s][info][gc,heap        ] GC(225) PSYoungGen: 116480K(152576K)->83680K(155648K) Eden: 28160K(28160K)->0K(28160K) From: 88320K(124416K)->83680K(127488K)
[17.226s][info][gc,heap        ] GC(225) ParOldGen: 2511832K(2680320K)->2544896K(2680320K)
[17.226s][info][gc,metaspace   ] GC(225) Metaspace: 6297K(6464K)->6297K(6464K) NonClass: 5764K(5824K)->5764K(5824K) Class: 533K(640K)->533K(640K)
[17.226s][info][gc             ] GC(225) Pause Young (Allocation Failure) 2566M->2566M(2769M) 58.747ms
[17.226s][info][gc,cpu         ] GC(225) User=0.38s Sys=0.02s Real=0.06s
[17.262s][info][gc,start       ] GC(226) Pause Young (Allocation Failure)
[17.318s][info][gc,heap        ] GC(226) PSYoungGen: 111840K(155648K)->84160K(159232K) Eden: 28160K(28160K)->0K(31744K) From: 83680K(127488K)->84160K(127488K)
[17.318s][info][gc,heap        ] GC(226) ParOldGen: 2544896K(2680320K)->2572792K(2680320K)
[17.319s][info][gc,metaspace   ] GC(226) Metaspace: 6297K(6464K)->6297K(6464K) NonClass: 5764K(5824K)->5764K(5824K) Class: 533K(640K)->533K(640K)
[17.319s][info][gc             ] GC(226) Pause Young (Allocation Failure) 2594M->2594M(2773M) 56.709ms
[17.319s][info][gc,cpu         ] GC(226) User=0.36s Sys=0.00s Real=0.06s
[17.358s][info][gc,start       ] GC(227) Pause Young (Allocation Failure)
[17.418s][info][gc,heap        ] GC(227) PSYoungGen: 115904K(159232K)->88256K(159232K) Eden: 31744K(31744K)->0K(31744K) From: 84160K(127488K)->88256K(127488K)
[17.418s][info][gc,heap        ] GC(227) ParOldGen: 2572792K(2680320K)->2600688K(2680320K)
[17.418s][info][gc,metaspace   ] GC(227) Metaspace: 6297K(6464K)->6297K(6464K) NonClass: 5764K(5824K)->5764K(5824K) Class: 533K(640K)->533K(640K)
[17.418s][info][gc             ] GC(227) Pause Young (Allocation Failure) 2625M->2625M(2773M) 60.308ms
[17.418s][info][gc,cpu         ] GC(227) User=0.38s Sys=0.02s Real=0.06s
[17.457s][info][gc,start       ] GC(228) Pause Young (Allocation Failure)
[17.525s][info][gc,heap        ] GC(228) PSYoungGen: 120000K(159232K)->91872K(162816K) Eden: 31744K(31744K)->0K(34304K) From: 88256K(127488K)->91872K(128512K)
[17.525s][info][gc,heap        ] GC(228) ParOldGen: 2600688K(2680320K)->2629096K(2680320K)
[17.525s][info][gc,metaspace   ] GC(228) Metaspace: 6297K(6464K)->6297K(6464K) NonClass: 5764K(5824K)->5764K(5824K) Class: 533K(640K)->533K(640K)
[17.525s][info][gc             ] GC(228) Pause Young (Allocation Failure) 2656M->2657M(2776M) 67.738ms
[17.525s][info][gc,cpu         ] GC(228) User=0.36s Sys=0.02s Real=0.07s
[17.566s][info][gc,start       ] GC(229) Pause Young (Allocation Failure)
[17.636s][info][gc,heap        ] GC(229) PSYoungGen: 126176K(162816K)->66304K(164352K) Eden: 34304K(34304K)->0K(34304K) From: 91872K(128512K)->66304K(130048K)
[17.636s][info][gc,heap        ] GC(229) ParOldGen: 2629096K(2680320K)->2689504K(2689536K)
[17.636s][info][gc,metaspace   ] GC(229) Metaspace: 6297K(6464K)->6297K(6464K) NonClass: 5764K(5824K)->5764K(5824K) Class: 533K(640K)->533K(640K)
[17.636s][info][gc             ] GC(229) Pause Young (Allocation Failure) 2690M->2691M(2787M) 70.294ms
[17.636s][info][gc,cpu         ] GC(229) User=0.36s Sys=0.02s Real=0.07s
[17.636s][info][gc,start       ] GC(230) Pause Full (Ergonomics)
[17.636s][info][gc,phases,start] GC(230) Marking Phase
[18.261s][info][gc,phases      ] GC(230) Marking Phase 624.578ms
[18.261s][info][gc,phases,start] GC(230) Summary Phase
[18.261s][info][gc,phases      ] GC(230) Summary Phase 0.062ms
[18.261s][info][gc,phases,start] GC(230) Adjust Roots
[18.261s][info][gc,phases      ] GC(230) Adjust Roots 0.267ms
[18.261s][info][gc,phases,start] GC(230) Compaction Phase
[18.515s][info][gc,phases      ] GC(230) Compaction Phase 254.293ms
[18.516s][info][gc,phases,start] GC(230) Post Compact
[18.521s][info][gc,phases      ] GC(230) Post Compact 5.090ms
[18.522s][info][gc,heap        ] GC(230) PSYoungGen: 66304K(164352K)->63427K(164352K) Eden: 0K(34304K)->0K(34304K) From: 66304K(130048K)->63427K(130048K)
[18.522s][info][gc,heap        ] GC(230) ParOldGen: 2689504K(2689536K)->2689423K(2982400K)
[18.522s][info][gc,metaspace   ] GC(230) Metaspace: 6297K(6464K)->6297K(6464K) NonClass: 5764K(5824K)->5764K(5824K) Class: 533K(640K)->533K(640K)
[18.522s][info][gc             ] GC(230) Pause Full (Ergonomics) 2691M->2688M(3073M) 885.931ms
[18.522s][info][gc,cpu         ] GC(230) User=6.47s Sys=0.06s Real=0.89s
[18.562s][info][gc,start       ] GC(231) Pause Young (Allocation Failure)
[18.736s][info][gc,heap        ] GC(231) PSYoungGen: 97731K(164352K)->34464K(163840K) Eden: 34304K(34304K)->0K(37888K) From: 63427K(130048K)->34464K(125952K)
[18.736s][info][gc,heap        ] GC(231) ParOldGen: 2689423K(2982400K)->2753471K(2982400K)
[18.736s][info][gc,metaspace   ] GC(231) Metaspace: 6297K(6464K)->6297K(6464K) NonClass: 5764K(5824K)->5764K(5824K) Class: 533K(640K)->533K(640K)
[18.736s][info][gc             ] GC(231) Pause Young (Allocation Failure) 2721M->2722M(3072M) 174.130ms
[18.736s][info][gc,cpu         ] GC(231) User=0.97s Sys=0.06s Real=0.17s
[18.779s][info][gc,start       ] GC(232) Pause Young (Allocation Failure)
[18.826s][info][gc,heap        ] GC(232) PSYoungGen: 72352K(163840K)->38016K(164864K) Eden: 37888K(37888K)->0K(37888K) From: 34464K(125952K)->38016K(126976K)
[18.827s][info][gc,heap        ] GC(232) ParOldGen: 2753471K(2982400K)->2788087K(2982400K)
[18.827s][info][gc,metaspace   ] GC(232) Metaspace: 6297K(6464K)->6297K(6464K) NonClass: 5764K(5824K)->5764K(5824K) Class: 533K(640K)->533K(640K)
[18.827s][info][gc             ] GC(232) Pause Young (Allocation Failure) 2759M->2759M(3073M) 47.450ms
[18.827s][info][gc,cpu         ] GC(232) User=0.20s Sys=0.00s Real=0.05s
[19.405s][info][gc,start       ] GC(233) Pause Full (Ergonomics)
[19.405s][info][gc,phases,start] GC(233) Marking Phase
[20.107s][info][gc,phases      ] GC(233) Marking Phase 702.573ms
[20.108s][info][gc,phases,start] GC(233) Summary Phase
[20.108s][info][gc,phases      ] GC(233) Summary Phase 0.076ms
[20.108s][info][gc,phases,start] GC(233) Adjust Roots
[20.108s][info][gc,phases      ] GC(233) Adjust Roots 0.178ms
[20.108s][info][gc,phases,start] GC(233) Compaction Phase
[20.566s][info][gc,phases      ] GC(233) Compaction Phase 457.787ms
[20.566s][info][gc,phases,start] GC(233) Post Compact
[20.572s][info][gc,phases      ] GC(233) Post Compact 6.468ms
[20.573s][info][gc,heap        ] GC(233) PSYoungGen: 75904K(164864K)->0K(168960K) Eden: 37888K(37888K)->0K(41984K) From: 38016K(126976K)->0K(126976K)
[20.573s][info][gc,heap        ] GC(233) ParOldGen: 2919159K(2982400K)->2928363K(3253760K)
[20.573s][info][gc,metaspace   ] GC(233) Metaspace: 6297K(6464K)->6297K(6464K) NonClass: 5764K(5824K)->5764K(5824K) Class: 533K(640K)->533K(640K)
[20.573s][info][gc             ] GC(233) Pause Full (Ergonomics) 2924M->2859M(3342M) 1168.360ms
[20.573s][info][gc,cpu         ] GC(233) User=7.77s Sys=0.05s Real=1.17s
[20.619s][info][gc,start       ] GC(234) Pause Young (Allocation Failure)
[20.667s][info][gc,heap        ] GC(234) PSYoungGen: 41984K(168960K)->42208K(168960K) Eden: 41984K(41984K)->0K(41984K) From: 0K(126976K)->42208K(126976K)
[20.668s][info][gc,heap        ] GC(234) ParOldGen: 2928363K(3253760K)->2928363K(3253760K)
[20.668s][info][gc,metaspace   ] GC(234) Metaspace: 6297K(6464K)->6297K(6464K) NonClass: 5764K(5824K)->5764K(5824K) Class: 533K(640K)->533K(640K)
[20.668s][info][gc             ] GC(234) Pause Young (Allocation Failure) 2900M->2900M(3342M) 48.817ms
[20.668s][info][gc,cpu         ] GC(234) User=0.08s Sys=0.00s Real=0.05s
[20.711s][info][gc,start       ] GC(235) Pause Young (Allocation Failure)
[20.774s][info][gc,heap        ] GC(235) PSYoungGen: 84192K(168960K)->84192K(169472K) Eden: 41984K(41984K)->0K(44544K) From: 42208K(126976K)->84192K(124928K)
[20.774s][info][gc,heap        ] GC(235) ParOldGen: 2928363K(3253760K)->2928363K(3253760K)
[20.774s][info][gc,metaspace   ] GC(235) Metaspace: 6297K(6464K)->6297K(6464K) NonClass: 5764K(5824K)->5764K(5824K) Class: 533K(640K)->533K(640K)
[20.774s][info][gc             ] GC(235) Pause Young (Allocation Failure) 2941M->2941M(3343M) 62.656ms
[20.774s][info][gc,cpu         ] GC(235) User=0.14s Sys=0.00s Real=0.06s
[20.818s][info][gc,start       ] GC(236) Pause Young (Allocation Failure)
[20.898s][info][gc,heap        ] GC(236) PSYoungGen: 128736K(169472K)->126464K(171008K) Eden: 44544K(44544K)->0K(44544K) From: 84192K(124928K)->126464K(126464K)
[20.898s][info][gc,heap        ] GC(236) ParOldGen: 2928363K(3253760K)->2930755K(3253760K)
[20.898s][info][gc,metaspace   ] GC(236) Metaspace: 6297K(6464K)->6297K(6464K) NonClass: 5764K(5824K)->5764K(5824K) Class: 533K(640K)->533K(640K)
[20.898s][info][gc             ] GC(236) Pause Young (Allocation Failure) 2985M->2985M(3344M) 79.734ms
[20.898s][info][gc,cpu         ] GC(236) User=0.27s Sys=0.00s Real=0.08s
[20.941s][info][gc,start       ] GC(237) Pause Young (Allocation Failure)
[21.040s][info][gc,heap        ] GC(237) PSYoungGen: 171008K(171008K)->88608K(191488K) Eden: 44544K(44544K)->0K(49664K) From: 126464K(126464K)->88608K(141824K)
[21.040s][info][gc,heap        ] GC(237) ParOldGen: 2930755K(3253760K)->3013795K(3253760K)
[21.040s][info][gc,metaspace   ] GC(237) Metaspace: 6297K(6464K)->6297K(6464K) NonClass: 5764K(5824K)->5764K(5824K) Class: 533K(640K)->533K(640K)
[21.040s][info][gc             ] GC(237) Pause Young (Allocation Failure) 3029M->3029M(3364M) 99.406ms
[21.040s][info][gc,cpu         ] GC(237) User=0.38s Sys=0.06s Real=0.10s
[21.088s][info][gc,start       ] GC(238) Pause Young (Allocation Failure)
[21.168s][info][gc,heap        ] GC(238) PSYoungGen: 138272K(191488K)->94464K(192000K) Eden: 49664K(49664K)->0K(49664K) From: 88608K(141824K)->94464K(142336K)
[21.168s][info][gc,heap        ] GC(238) ParOldGen: 3013795K(3253760K)->3058011K(3253760K)
[21.168s][info][gc,metaspace   ] GC(238) Metaspace: 6297K(6464K)->6297K(6464K) NonClass: 5764K(5824K)->5764K(5824K) Class: 533K(640K)->533K(640K)
[21.168s][info][gc             ] GC(238) Pause Young (Allocation Failure) 3078M->3078M(3365M) 79.891ms
[21.168s][info][gc,cpu         ] GC(238) User=0.17s Sys=0.02s Real=0.08s
[21.223s][info][gc,start       ] GC(239) Pause Young (Allocation Failure)
[21.301s][info][gc,heap        ] GC(239) PSYoungGen: 144128K(192000K)->99616K(197120K) Eden: 49664K(49664K)->0K(53760K) From: 94464K(142336K)->99616K(143360K)
[21.301s][info][gc,heap        ] GC(239) ParOldGen: 3058011K(3253760K)->3102963K(3253760K)
[21.301s][info][gc,metaspace   ] GC(239) Metaspace: 6297K(6464K)->6297K(6464K) NonClass: 5764K(5824K)->5764K(5824K) Class: 533K(640K)->533K(640K)
[21.301s][info][gc             ] GC(239) Pause Young (Allocation Failure) 3127M->3127M(3370M) 78.035ms
[21.301s][info][gc,cpu         ] GC(239) User=0.42s Sys=0.02s Real=0.08s
[21.359s][info][gc,start       ] GC(240) Pause Young (Allocation Failure)
[21.452s][info][gc,heap        ] GC(240) PSYoungGen: 153376K(197120K)->103680K(199168K) Eden: 53760K(53760K)->0K(53760K) From: 99616K(143360K)->103680K(145408K)
[21.452s][info][gc,heap        ] GC(240) ParOldGen: 3102963K(3253760K)->3153075K(3253760K)
[21.452s][info][gc,metaspace   ] GC(240) Metaspace: 6297K(6464K)->6297K(6464K) NonClass: 5764K(5824K)->5764K(5824K) Class: 533K(640K)->533K(640K)
[21.452s][info][gc             ] GC(240) Pause Young (Allocation Failure) 3180M->3180M(3372M) 93.470ms
[21.452s][info][gc,cpu         ] GC(240) User=0.28s Sys=0.00s Real=0.09s
[21.507s][info][gc,start       ] GC(241) Pause Young (Allocation Failure)
[21.597s][info][gc,heap        ] GC(241) PSYoungGen: 157440K(199168K)->107840K(204800K) Eden: 53760K(53760K)->0K(56832K) From: 103680K(145408K)->107840K(147968K)
[21.598s][info][gc,heap        ] GC(241) ParOldGen: 3153075K(3253760K)->3203179K(3253760K)
[21.598s][info][gc,metaspace   ] GC(241) Metaspace: 6297K(6464K)->6297K(6464K) NonClass: 5764K(5824K)->5764K(5824K) Class: 533K(640K)->533K(640K)
[21.598s][info][gc             ] GC(241) Pause Young (Allocation Failure) 3232M->3233M(3377M) 90.457ms
[21.598s][info][gc,cpu         ] GC(241) User=0.33s Sys=0.00s Real=0.09s
[21.598s][info][gc,start       ] GC(242) Pause Full (Ergonomics)
[21.598s][info][gc,phases,start] GC(242) Marking Phase
[22.352s][info][gc,phases      ] GC(242) Marking Phase 754.730ms
[22.352s][info][gc,phases,start] GC(242) Summary Phase
[22.353s][info][gc,phases      ] GC(242) Summary Phase 0.052ms
[22.353s][info][gc,phases,start] GC(242) Adjust Roots
[22.353s][info][gc,phases      ] GC(242) Adjust Roots 0.201ms
[22.353s][info][gc,phases,start] GC(242) Compaction Phase
[23.036s][info][gc,phases      ] GC(242) Compaction Phase 683.359ms
[23.036s][info][gc,phases,start] GC(242) Post Compact
[23.042s][info][gc,phases      ] GC(242) Post Compact 6.191ms
[23.044s][info][gc,heap        ] GC(242) PSYoungGen: 107840K(204800K)->54314K(204800K) Eden: 0K(56832K)->0K(56832K) From: 107840K(147968K)->54314K(147968K)
[23.044s][info][gc,heap        ] GC(242) ParOldGen: 3203179K(3253760K)->3253709K(3622912K)
[23.044s][info][gc,metaspace   ] GC(242) Metaspace: 6297K(6464K)->6297K(6464K) NonClass: 5764K(5824K)->5764K(5824K) Class: 533K(640K)->533K(640K)
[23.044s][info][gc             ] GC(242) Pause Full (Ergonomics) 3233M->3230M(3738M) 1446.137ms
[23.044s][info][gc,cpu         ] GC(242) User=9.72s Sys=0.03s Real=1.45s
[23.105s][info][gc,start       ] GC(243) Pause Young (Allocation Failure)
[23.287s][info][gc,heap        ] GC(243) PSYoungGen: 111146K(204800K)->80608K(137728K) Eden: 56832K(56832K)->0K(56832K) From: 54314K(147968K)->80608K(80896K)
[23.287s][info][gc,heap        ] GC(243) ParOldGen: 3253709K(3622912K)->3284861K(3622912K)
[23.287s][info][gc,metaspace   ] GC(243) Metaspace: 6297K(6464K)->6297K(6464K) NonClass: 5764K(5824K)->5764K(5824K) Class: 533K(640K)->533K(640K)
[23.287s][info][gc             ] GC(243) Pause Young (Allocation Failure) 3285M->3286M(3672M) 182.231ms
[23.287s][info][gc,cpu         ] GC(243) User=1.28s Sys=0.00s Real=0.18s
[23.352s][info][gc,start       ] GC(244) Pause Young (Allocation Failure)
[23.427s][info][gc,heap        ] GC(244) PSYoungGen: 137440K(137728K)->137568K(194048K) Eden: 56832K(56832K)->0K(48640K) From: 80608K(80896K)->137568K(145408K)
[23.427s][info][gc,heap        ] GC(244) ParOldGen: 3284861K(3622912K)->3284861K(3622912K)
[23.427s][info][gc,metaspace   ] GC(244) Metaspace: 6297K(6464K)->6297K(6464K) NonClass: 5764K(5824K)->5764K(5824K) Class: 533K(640K)->533K(640K)
[23.427s][info][gc             ] GC(244) Pause Young (Allocation Failure) 3342M->3342M(3727M) 75.044ms
[23.427s][info][gc,cpu         ] GC(244) User=0.33s Sys=0.02s Real=0.08s
[23.477s][info][gc,start       ] GC(245) Pause Young (Allocation Failure)
[23.569s][info][gc,heap        ] GC(245) PSYoungGen: 186208K(194048K)->159232K(207872K) Eden: 48640K(48640K)->0K(48640K) From: 137568K(145408K)->159232K(159232K)
[23.569s][info][gc,heap        ] GC(245) ParOldGen: 3284861K(3622912K)->3311949K(3622912K)
[23.570s][info][gc,metaspace   ] GC(245) Metaspace: 6297K(6464K)->6297K(6464K) NonClass: 5764K(5824K)->5764K(5824K) Class: 533K(640K)->533K(640K)
[23.570s][info][gc             ] GC(245) Pause Young (Allocation Failure) 3389M->3389M(3741M) 92.463ms
[23.570s][info][gc,cpu         ] GC(245) User=0.58s Sys=0.05s Real=0.09s
[23.617s][info][gc,start       ] GC(246) Pause Young (Allocation Failure)
[23.720s][info][gc,heap        ] GC(246) PSYoungGen: 207872K(207872K)->144096K(234496K) Eden: 48640K(48640K)->0K(46080K) From: 159232K(159232K)->144096K(188416K)
[23.720s][info][gc,heap        ] GC(246) ParOldGen: 3311949K(3622912K)->3376405K(3622912K)
[23.720s][info][gc,metaspace   ] GC(246) Metaspace: 6297K(6464K)->6297K(6464K) NonClass: 5764K(5824K)->5764K(5824K) Class: 533K(640K)->533K(640K)
[23.720s][info][gc             ] GC(246) Pause Young (Allocation Failure) 3437M->3437M(3767M) 103.257ms
[23.720s][info][gc,cpu         ] GC(246) User=0.61s Sys=0.08s Real=0.10s
[23.767s][info][gc,start       ] GC(247) Pause Young (Allocation Failure)
[23.868s][info][gc,heap        ] GC(247) PSYoungGen: 190176K(234496K)->133664K(242176K) Eden: 46080K(46080K)->0K(46080K) From: 144096K(188416K)->133664K(196096K)
[23.868s][info][gc,heap        ] GC(247) ParOldGen: 3376405K(3622912K)->3433469K(3622912K)
[23.868s][info][gc,metaspace   ] GC(247) Metaspace: 6297K(6464K)->6297K(6464K) NonClass: 5764K(5824K)->5764K(5824K) Class: 533K(640K)->533K(640K)
[23.868s][info][gc             ] GC(247) Pause Young (Allocation Failure) 3482M->3483M(3774M) 101.438ms
[23.868s][info][gc,cpu         ] GC(247) User=0.55s Sys=0.02s Real=0.10s
[23.917s][info][gc,start       ] GC(248) Pause Young (Allocation Failure)
[24.011s][info][gc,heap        ] GC(248) PSYoungGen: 179744K(242176K)->141120K(245760K) Eden: 46080K(46080K)->0K(47616K) From: 133664K(196096K)->141120K(198144K)
[24.011s][info][gc,heap        ] GC(248) ParOldGen: 3433469K(3622912K)->3472397K(3622912K)
[24.011s][info][gc,metaspace   ] GC(248) Metaspace: 6297K(6464K)->6297K(6464K) NonClass: 5764K(5824K)->5764K(5824K) Class: 533K(640K)->533K(640K)
[24.011s][info][gc             ] GC(248) Pause Young (Allocation Failure) 3528M->3528M(3778M) 94.218ms
[24.012s][info][gc,cpu         ] GC(248) User=0.50s Sys=0.06s Real=0.09s
[24.063s][info][gc,start       ] GC(249) Pause Young (Allocation Failure)
[24.165s][info][gc,heap        ] GC(249) PSYoungGen: 188736K(245760K)->93952K(141824K) Eden: 47616K(47616K)->0K(47616K) From: 141120K(198144K)->93952K(94208K)
[24.165s][info][gc,heap        ] GC(249) ParOldGen: 3472397K(3622912K)->3567965K(3622912K)
[24.165s][info][gc,metaspace   ] GC(249) Metaspace: 6297K(6464K)->6297K(6464K) NonClass: 5764K(5824K)->5764K(5824K) Class: 533K(640K)->533K(640K)
[24.165s][info][gc             ] GC(249) Pause Young (Allocation Failure) 3575M->3576M(3676M) 101.843ms
[24.165s][info][gc,cpu         ] GC(249) User=0.59s Sys=0.00s Real=0.10s
[24.165s][info][gc,start       ] GC(250) Pause Full (Ergonomics)
[24.165s][info][gc,phases,start] GC(250) Marking Phase
[25.027s][info][gc,phases      ] GC(250) Marking Phase 861.877ms
[25.027s][info][gc,phases,start] GC(250) Summary Phase
[25.027s][info][gc,phases      ] GC(250) Summary Phase 0.057ms
[25.027s][info][gc,phases,start] GC(250) Adjust Roots
[25.027s][info][gc,phases      ] GC(250) Adjust Roots 0.166ms
[25.027s][info][gc,phases,start] GC(250) Compaction Phase
[25.398s][info][gc,phases      ] GC(250) Compaction Phase 370.636ms
[25.398s][info][gc,phases,start] GC(250) Post Compact
[25.405s][info][gc,phases      ] GC(250) Post Compact 7.465ms
[25.407s][info][gc,heap        ] GC(250) PSYoungGen: 93952K(141824K)->35890K(141824K) Eden: 0K(47616K)->0K(47616K) From: 93952K(94208K)->35890K(94208K)
[25.407s][info][gc,heap        ] GC(250) ParOldGen: 3567965K(3622912K)->3622628K(4036608K)
[25.407s][info][gc,metaspace   ] GC(250) Metaspace: 6297K(6464K)->6297K(6464K) NonClass: 5764K(5824K)->5764K(5824K) Class: 533K(640K)->533K(640K)
[25.407s][info][gc             ] GC(250) Pause Full (Ergonomics) 3576M->3572M(4080M) 1241.852ms
[25.407s][info][gc,cpu         ] GC(250) User=8.56s Sys=0.08s Real=1.24s
[25.459s][info][gc,start       ] GC(251) Pause Young (Allocation Failure)
[25.673s][info][gc,heap        ] GC(251) PSYoungGen: 83506K(141824K)->47840K(247808K) Eden: 47616K(47616K)->0K(52224K) From: 35890K(94208K)->47840K(195584K)
[25.673s][info][gc,heap        ] GC(251) ParOldGen: 3622628K(4036608K)->3658884K(4036608K)
[25.673s][info][gc,metaspace   ] GC(251) Metaspace: 6297K(6464K)->6297K(6464K) NonClass: 5764K(5824K)->5764K(5824K) Class: 533K(640K)->533K(640K)
[25.673s][info][gc             ] GC(251) Pause Young (Allocation Failure) 3619M->3619M(4184M) 214.575ms
[25.673s][info][gc,cpu         ] GC(251) User=1.19s Sys=0.03s Real=0.21s
[25.726s][info][gc,start       ] GC(252) Pause Young (Allocation Failure)
[25.792s][info][gc,heap        ] GC(252) PSYoungGen: 100064K(247808K)->52480K(249344K) Eden: 52224K(52224K)->0K(52224K) From: 47840K(195584K)->52480K(197120K)
[25.793s][info][gc,heap        ] GC(252) ParOldGen: 3658884K(4036608K)->3706948K(4036608K)
[25.793s][info][gc,metaspace   ] GC(252) Metaspace: 6297K(6464K)->6297K(6464K) NonClass: 5764K(5824K)->5764K(5824K) Class: 533K(640K)->533K(640K)
[25.793s][info][gc             ] GC(252) Pause Young (Allocation Failure) 3670M->3671M(4185M) 66.813ms
[25.793s][info][gc,cpu         ] GC(252) User=0.36s Sys=0.05s Real=0.07s
[25.842s][info][gc,start       ] GC(253) Pause Young (Allocation Failure)
[25.906s][info][gc,heap        ] GC(253) PSYoungGen: 104704K(249344K)->52416K(249856K) Eden: 52224K(52224K)->0K(58368K) From: 52480K(197120K)->52416K(191488K)
[25.906s][info][gc,heap        ] GC(253) ParOldGen: 3706948K(4036608K)->3759652K(4036608K)
[25.906s][info][gc,metaspace   ] GC(253) Metaspace: 6297K(6464K)->6297K(6464K) NonClass: 5764K(5824K)->5764K(5824K) Class: 533K(640K)->533K(640K)
[25.906s][info][gc             ] GC(253) Pause Young (Allocation Failure) 3722M->3722M(4186M) 64.214ms
[25.906s][info][gc,cpu         ] GC(253) User=0.25s Sys=0.03s Real=0.06s
[25.971s][info][gc,start       ] GC(254) Pause Young (Allocation Failure)
[26.041s][info][gc,heap        ] GC(254) PSYoungGen: 110784K(249856K)->58592K(251904K) Eden: 58368K(58368K)->0K(58368K) From: 52416K(191488K)->58592K(193536K)
[26.041s][info][gc,heap        ] GC(254) ParOldGen: 3759652K(4036608K)->3812348K(4036608K)
[26.041s][info][gc,metaspace   ] GC(254) Metaspace: 6297K(6464K)->6297K(6464K) NonClass: 5764K(5824K)->5764K(5824K) Class: 533K(640K)->533K(640K)
[26.041s][info][gc             ] GC(254) Pause Young (Allocation Failure) 3779M->3780M(4188M) 69.935ms
[26.041s][info][gc,cpu         ] GC(254) User=0.28s Sys=0.02s Real=0.07s
[26.104s][info][gc,start       ] GC(255) Pause Young (Allocation Failure)
[26.176s][info][gc,heap        ] GC(255) PSYoungGen: 116960K(251904K)->58624K(244224K) Eden: 58368K(58368K)->0K(65024K) From: 58592K(193536K)->58624K(179200K)
[26.176s][info][gc,heap        ] GC(255) ParOldGen: 3812348K(4036608K)->3871252K(4036608K)
[26.176s][info][gc,metaspace   ] GC(255) Metaspace: 6297K(6464K)->6297K(6464K) NonClass: 5764K(5824K)->5764K(5824K) Class: 533K(640K)->533K(640K)
[26.176s][info][gc             ] GC(255) Pause Young (Allocation Failure) 3837M->3837M(4180M) 71.702ms
[26.176s][info][gc,cpu         ] GC(255) User=0.39s Sys=0.02s Real=0.07s
[26.242s][info][gc,start       ] GC(256) Pause Young (Allocation Failure)
[26.317s][info][gc,heap        ] GC(256) PSYoungGen: 123648K(244224K)->65248K(249344K) Eden: 65024K(65024K)->0K(65024K) From: 58624K(179200K)->65248K(184320K)
[26.317s][info][gc,heap        ] GC(256) ParOldGen: 3871252K(4036608K)->3930156K(4036608K)
[26.317s][info][gc,metaspace   ] GC(256) Metaspace: 6297K(6464K)->6297K(6464K) NonClass: 5764K(5824K)->5764K(5824K) Class: 533K(640K)->533K(640K)
[26.317s][info][gc             ] GC(256) Pause Young (Allocation Failure) 3901M->3901M(4185M) 74.922ms
[26.317s][info][gc,cpu         ] GC(256) User=0.30s Sys=0.02s Real=0.08s
[26.392s][info][gc,start       ] GC(257) Pause Young (Allocation Failure)
[26.475s][info][gc,heap        ] GC(257) PSYoungGen: 130272K(249344K)->65248K(238080K) Eden: 65024K(65024K)->0K(72192K) From: 65248K(184320K)->65248K(165888K)
[26.475s][info][gc,heap        ] GC(257) ParOldGen: 3930156K(4036608K)->3995780K(4036608K)
[26.475s][info][gc,metaspace   ] GC(257) Metaspace: 6297K(6464K)->6297K(6464K) NonClass: 5764K(5824K)->5764K(5824K) Class: 533K(640K)->533K(640K)
[26.475s][info][gc             ] GC(257) Pause Young (Allocation Failure) 3965M->3965M(4174M) 83.301ms
[26.475s][info][gc,cpu         ] GC(257) User=0.48s Sys=0.03s Real=0.08s
[26.475s][info][gc,start       ] GC(258) Pause Full (Ergonomics)
[26.475s][info][gc,phases,start] GC(258) Marking Phase
[27.428s][info][gc,phases      ] GC(258) Marking Phase 952.883ms
[27.428s][info][gc,phases,start] GC(258) Summary Phase
[27.428s][info][gc,phases      ] GC(258) Summary Phase 0.077ms
[27.428s][info][gc,phases,start] GC(258) Adjust Roots
[27.428s][info][gc,phases      ] GC(258) Adjust Roots 0.254ms
[27.428s][info][gc,phases,start] GC(258) Compaction Phase
[27.841s][info][gc,phases      ] GC(258) Compaction Phase 412.318ms
[27.841s][info][gc,phases,start] GC(258) Post Compact
[27.849s][info][gc,phases      ] GC(258) Post Compact 7.917ms
[27.850s][info][gc,heap        ] GC(258) PSYoungGen: 65248K(238080K)->20537K(244224K) Eden: 0K(72192K)->0K(78336K) From: 65248K(165888K)->20537K(165888K)
[27.850s][info][gc,heap        ] GC(258) ParOldGen: 3995780K(4036608K)->4036604K(4479488K)
[27.850s][info][gc,metaspace   ] GC(258) Metaspace: 6297K(6464K)->6297K(6464K) NonClass: 5764K(5824K)->5764K(5824K) Class: 533K(640K)->533K(640K)
[27.850s][info][gc             ] GC(258) Pause Full (Ergonomics) 3965M->3962M(4613M) 1375.222ms
[27.850s][info][gc,cpu         ] GC(258) User=9.78s Sys=0.03s Real=1.38s
[27.940s][info][gc,start       ] GC(259) Pause Young (Allocation Failure)
[28.163s][info][gc,heap        ] GC(259) PSYoungGen: 98873K(244224K)->78560K(157184K) Eden: 78336K(78336K)->0K(78336K) From: 20537K(165888K)->78560K(78848K)
[28.163s][info][gc,heap        ] GC(259) ParOldGen: 4036604K(4479488K)->4057372K(4479488K)
[28.163s][info][gc,metaspace   ] GC(259) Metaspace: 6297K(6464K)->6297K(6464K) NonClass: 5764K(5824K)->5764K(5824K) Class: 533K(640K)->533K(640K)
[28.163s][info][gc             ] GC(259) Pause Young (Allocation Failure) 4038M->4038M(4528M) 222.483ms
[28.163s][info][gc,cpu         ] GC(259) User=1.47s Sys=0.02s Real=0.22s
[28.242s][info][gc,start       ] GC(260) Pause Young (Allocation Failure)
[28.336s][info][gc,heap        ] GC(260) PSYoungGen: 156896K(157184K)->157024K(229888K) Eden: 78336K(78336K)->0K(66048K) From: 78560K(78848K)->157024K(163840K)
[28.336s][info][gc,heap        ] GC(260) ParOldGen: 4057372K(4479488K)->4057372K(4479488K)
[28.336s][info][gc,metaspace   ] GC(260) Metaspace: 6297K(6464K)->6297K(6464K) NonClass: 5764K(5824K)->5764K(5824K) Class: 533K(640K)->533K(640K)
[28.336s][info][gc             ] GC(260) Pause Young (Allocation Failure) 4115M->4115M(4599M) 94.268ms
[28.336s][info][gc,cpu         ] GC(260) User=0.50s Sys=0.02s Real=0.10s
[28.410s][info][gc,start       ] GC(261) Pause Young (Allocation Failure)
[28.532s][info][gc,heap        ] GC(261) PSYoungGen: 223072K(229888K)->183296K(249344K) Eden: 66048K(66048K)->0K(66048K) From: 157024K(163840K)->183296K(183296K)
[28.532s][info][gc,heap        ] GC(261) ParOldGen: 4057372K(4479488K)->4097476K(4479488K)
[28.532s][info][gc,metaspace   ] GC(261) Metaspace: 6297K(6464K)->6297K(6464K) NonClass: 5764K(5824K)->5764K(5824K) Class: 533K(640K)->533K(640K)
[28.532s][info][gc             ] GC(261) Pause Young (Allocation Failure) 4180M->4180M(4618M) 122.243ms
[28.532s][info][gc,cpu         ] GC(261) User=0.73s Sys=0.05s Real=0.12s
[28.617s][info][gc,start       ] GC(262) Pause Young (Allocation Failure)
[28.761s][info][gc,heap        ] GC(262) PSYoungGen: 249344K(249344K)->121216K(287232K) Eden: 66048K(66048K)->0K(73216K) From: 183296K(183296K)->121216K(214016K)
[28.761s][info][gc,heap        ] GC(262) ParOldGen: 4097476K(4479488K)->4226788K(4479488K)
[28.761s][info][gc,metaspace   ] GC(262) Metaspace: 6297K(6464K)->6297K(6464K) NonClass: 5764K(5824K)->5764K(5824K) Class: 533K(640K)->533K(640K)
[28.761s][info][gc             ] GC(262) Pause Young (Allocation Failure) 4244M->4246M(4655M) 143.579ms
[28.761s][info][gc,cpu         ] GC(262) User=0.88s Sys=0.08s Real=0.14s
[28.842s][info][gc,start       ] GC(263) Pause Young (Allocation Failure)
[28.952s][info][gc,heap        ] GC(263) PSYoungGen: 194432K(287232K)->139648K(291840K) Eden: 73216K(73216K)->0K(73216K) From: 121216K(214016K)->139648K(218624K)
[28.952s][info][gc,heap        ] GC(263) ParOldGen: 4226788K(4479488K)->4282124K(4479488K)
[28.952s][info][gc,metaspace   ] GC(263) Metaspace: 6297K(6464K)->6297K(6464K) NonClass: 5764K(5824K)->5764K(5824K) Class: 533K(640K)->533K(640K)
[28.952s][info][gc             ] GC(263) Pause Young (Allocation Failure) 4317M->4318M(4659M) 109.110ms
[28.952s][info][gc,cpu         ] GC(263) User=0.72s Sys=0.00s Real=0.11s
[29.027s][info][gc,start       ] GC(264) Pause Young (Allocation Failure)
[29.149s][info][gc,heap        ] GC(264) PSYoungGen: 212864K(291840K)->146784K(298496K) Eden: 73216K(73216K)->0K(78336K) From: 139648K(218624K)->146784K(220160K)
[29.149s][info][gc,heap        ] GC(264) ParOldGen: 4282124K(4479488K)->4348772K(4479488K)
[29.149s][info][gc,metaspace   ] GC(264) Metaspace: 6297K(6464K)->6297K(6464K) NonClass: 5764K(5824K)->5764K(5824K) Class: 533K(640K)->533K(640K)
[29.149s][info][gc             ] GC(264) Pause Young (Allocation Failure) 4389M->4390M(4666M) 122.456ms
[29.149s][info][gc,cpu         ] GC(264) User=0.77s Sys=0.08s Real=0.12s
[29.244s][info][gc,start       ] GC(265) Pause Young (Allocation Failure)
[29.367s][info][gc,heap        ] GC(265) PSYoungGen: 225120K(298496K)->151968K(301568K) Eden: 78336K(78336K)->0K(78336K) From: 146784K(220160K)->151968K(223232K)
[29.367s][info][gc,heap        ] GC(265) ParOldGen: 4348772K(4479488K)->4422644K(4479488K)
[29.367s][info][gc,metaspace   ] GC(265) Metaspace: 6297K(6464K)->6297K(6464K) NonClass: 5764K(5824K)->5764K(5824K) Class: 533K(640K)->533K(640K)
[29.367s][info][gc             ] GC(265) Pause Young (Allocation Failure) 4466M->4467M(4669M) 122.958ms
[29.367s][info][gc,cpu         ] GC(265) User=0.84s Sys=0.03s Real=0.12s
[29.367s][info][gc,start       ] GC(266) Pause Full (Ergonomics)
[29.367s][info][gc,phases,start] GC(266) Marking Phase
[30.424s][info][gc,phases      ] GC(266) Marking Phase 1056.602ms
[30.424s][info][gc,phases,start] GC(266) Summary Phase
[30.424s][info][gc,phases      ] GC(266) Summary Phase 0.086ms
[30.424s][info][gc,phases,start] GC(266) Adjust Roots
[30.424s][info][gc,phases      ] GC(266) Adjust Roots 0.187ms
[30.424s][info][gc,phases,start] GC(266) Compaction Phase
[30.863s][info][gc,phases      ] GC(266) Compaction Phase 438.662ms
[30.863s][info][gc,phases,start] GC(266) Post Compact
[30.870s][info][gc,phases      ] GC(266) Post Compact 6.743ms
[30.871s][info][gc,heap        ] GC(266) PSYoungGen: 151968K(301568K)->91173K(301568K) Eden: 0K(78336K)->0K(78336K) From: 151968K(223232K)->91173K(223232K)
[30.871s][info][gc,heap        ] GC(266) ParOldGen: 4422644K(4479488K)->4479284K(4978176K)
[30.872s][info][gc,metaspace   ] GC(266) Metaspace: 6297K(6464K)->6297K(6464K) NonClass: 5764K(5824K)->5764K(5824K) Class: 533K(640K)->533K(640K)
[30.872s][info][gc             ] GC(266) Pause Full (Ergonomics) 4467M->4463M(5156M) 1504.155ms
[30.872s][info][gc,cpu         ] GC(266) User=10.86s Sys=0.14s Real=1.50s
[30.962s][info][gc,start       ] GC(267) Pause Young (Allocation Failure)
[31.272s][info][gc,heap        ] GC(267) PSYoungGen: 169509K(301568K)->118400K(290816K) Eden: 78336K(78336K)->0K(86016K) From: 91173K(223232K)->118400K(204800K)
[31.272s][info][gc,heap        ] GC(267) ParOldGen: 4479284K(4978176K)->4531252K(4978176K)
[31.272s][info][gc,metaspace   ] GC(267) Metaspace: 6297K(6464K)->6297K(6464K) NonClass: 5764K(5824K)->5764K(5824K) Class: 533K(640K)->533K(640K)
[31.272s][info][gc             ] GC(267) Pause Young (Allocation Failure) 4539M->4540M(5145M) 309.650ms
[31.272s][info][gc,cpu         ] GC(267) User=1.97s Sys=0.03s Real=0.31s
[31.366s][info][gc,start       ] GC(268) Pause Young (Allocation Failure)
[31.487s][info][gc,heap        ] GC(268) PSYoungGen: 204416K(290816K)->204576K(302592K) Eden: 86016K(86016K)->0K(86016K) From: 118400K(204800K)->204576K(216576K)
[31.487s][info][gc,heap        ] GC(268) ParOldGen: 4531252K(4978176K)->4531252K(4978176K)
[31.487s][info][gc,metaspace   ] GC(268) Metaspace: 6297K(6464K)->6297K(6464K) NonClass: 5764K(5824K)->5764K(5824K) Class: 533K(640K)->533K(640K)
[31.487s][info][gc             ] GC(268) Pause Young (Allocation Failure) 4624M->4624M(5157M) 120.911ms
[31.487s][info][gc,cpu         ] GC(268) User=0.73s Sys=0.00s Real=0.12s
[31.590s][info][gc,start       ] GC(269) Pause Young (Allocation Failure)
[31.758s][info][gc,heap        ] GC(269) PSYoungGen: 290592K(302592K)->239616K(284672K) Eden: 86016K(86016K)->0K(45056K) From: 204576K(216576K)->239616K(239616K)
[31.758s][info][gc,heap        ] GC(269) ParOldGen: 4531252K(4978176K)->4582652K(4978176K)
[31.758s][info][gc,metaspace   ] GC(269) Metaspace: 6297K(6464K)->6297K(6464K) NonClass: 5764K(5824K)->5764K(5824K) Class: 533K(640K)->533K(640K)
[31.758s][info][gc             ] GC(269) Pause Young (Allocation Failure) 4708M->4709M(5139M) 168.050ms
[31.758s][info][gc,cpu         ] GC(269) User=1.12s Sys=0.02s Real=0.17s
[31.806s][info][gc,start       ] GC(270) Pause Young (Allocation Failure)
[31.964s][info][gc,heap        ] GC(270) PSYoungGen: 284672K(284672K)->195584K(334336K) Eden: 45056K(45056K)->0K(45056K) From: 239616K(239616K)->195584K(289280K)
[31.964s][info][gc,heap        ] GC(270) ParOldGen: 4582652K(4978176K)->4672604K(4978176K)
[31.965s][info][gc,metaspace   ] GC(270) Metaspace: 6297K(6464K)->6297K(6464K) NonClass: 5764K(5824K)->5764K(5824K) Class: 533K(640K)->533K(640K)
[31.965s][info][gc             ] GC(270) Pause Young (Allocation Failure) 4753M->4754M(5188M) 158.287ms
[31.965s][info][gc,cpu         ] GC(270) User=1.03s Sys=0.08s Real=0.16s
[32.010s][info][gc,start       ] GC(271) Pause Young (Allocation Failure)
[32.145s][info][gc,heap        ] GC(271) PSYoungGen: 240640K(334336K)->158880K(325632K) Eden: 45056K(45056K)->0K(51200K) From: 195584K(289280K)->158880K(274432K)
[32.145s][info][gc,heap        ] GC(271) ParOldGen: 4672604K(4978176K)->4755092K(4978176K)
[32.145s][info][gc,metaspace   ] GC(271) Metaspace: 6297K(6464K)->6297K(6464K) NonClass: 5764K(5824K)->5764K(5824K) Class: 533K(640K)->533K(640K)
[32.145s][info][gc             ] GC(271) Pause Young (Allocation Failure) 4798M->4798M(5179M) 135.124ms
[32.145s][info][gc,cpu         ] GC(271) User=0.97s Sys=0.02s Real=0.13s
[32.199s][info][gc,start       ] GC(272) Pause Young (Allocation Failure)
[32.333s][info][gc,heap        ] GC(272) PSYoungGen: 210080K(325632K)->96512K(335360K) Eden: 51200K(51200K)->0K(51200K) From: 158880K(274432K)->96512K(284160K)
[32.333s][info][gc,heap        ] GC(272) ParOldGen: 4755092K(4978176K)->4869460K(4978176K)
[32.333s][info][gc,metaspace   ] GC(272) Metaspace: 6297K(6464K)->6297K(6464K) NonClass: 5764K(5824K)->5764K(5824K) Class: 533K(640K)->533K(640K)
[32.333s][info][gc             ] GC(272) Pause Young (Allocation Failure) 4848M->4849M(5189M) 133.979ms
[32.333s][info][gc,cpu         ] GC(272) User=0.55s Sys=0.03s Real=0.13s
[32.333s][info][gc,start       ] GC(273) Pause Full (Ergonomics)
[32.333s][info][gc,phases,start] GC(273) Marking Phase
[33.514s][info][gc,phases      ] GC(273) Marking Phase 1181.095ms
[33.514s][info][gc,phases,start] GC(273) Summary Phase
[33.514s][info][gc,phases      ] GC(273) Summary Phase 0.140ms
[33.514s][info][gc,phases,start] GC(273) Adjust Roots
[33.514s][info][gc,phases      ] GC(273) Adjust Roots 0.255ms
[33.514s][info][gc,phases,start] GC(273) Compaction Phase
[33.966s][info][gc,phases      ] GC(273) Compaction Phase 451.171ms
[33.966s][info][gc,phases,start] GC(273) Post Compact
[33.973s][info][gc,phases      ] GC(273) Post Compact 7.267ms
[33.973s][info][gc,heap        ] GC(273) PSYoungGen: 96512K(335360K)->0K(337408K) Eden: 0K(51200K)->0K(57856K) From: 96512K(284160K)->0K(279552K)
[33.973s][info][gc,heap        ] GC(273) ParOldGen: 4869460K(4978176K)->4961948K(5051904K)
[33.973s][info][gc,metaspace   ] GC(273) Metaspace: 6297K(6464K)->6297K(6464K) NonClass: 5764K(5824K)->5764K(5824K) Class: 533K(640K)->533K(640K)
[33.973s][info][gc             ] GC(273) Pause Full (Ergonomics) 4849M->4845M(5263M) 1640.540ms
[33.973s][info][gc,cpu         ] GC(273) User=11.64s Sys=0.08s Real=1.64s
[34.042s][info][gc,start       ] GC(274) Pause Young (Allocation Failure)
[34.099s][info][gc,heap        ] GC(274) PSYoungGen: 57856K(337408K)->58112K(337408K) Eden: 57856K(57856K)->0K(57856K) From: 0K(279552K)->58112K(279552K)
[34.099s][info][gc,heap        ] GC(274) ParOldGen: 4961948K(5051904K)->4961948K(5051904K)
[34.099s][info][gc,metaspace   ] GC(274) Metaspace: 6297K(6464K)->6297K(6464K) NonClass: 5764K(5824K)->5764K(5824K) Class: 533K(640K)->533K(640K)
[34.099s][info][gc             ] GC(274) Pause Young (Allocation Failure) 4902M->4902M(5263M) 57.415ms
[34.099s][info][gc,cpu         ] GC(274) User=0.17s Sys=0.00s Real=0.06s
[34.099s][info][gc,start       ] GC(275) Pause Full (Ergonomics)
[34.099s][info][gc,phases,start] GC(275) Marking Phase
[35.253s][info][gc,phases      ] GC(275) Marking Phase 1153.974ms
[35.253s][info][gc,phases,start] GC(275) Summary Phase
[35.253s][info][gc,phases      ] GC(275) Summary Phase 0.090ms
[35.253s][info][gc,phases,start] GC(275) Adjust Roots
[35.253s][info][gc,phases      ] GC(275) Adjust Roots 0.226ms
[35.254s][info][gc,phases,start] GC(275) Compaction Phase
[35.650s][info][gc,phases      ] GC(275) Compaction Phase 396.002ms
[35.650s][info][gc,phases,start] GC(275) Post Compact
[35.659s][info][gc,phases      ] GC(275) Post Compact 9.438ms
[35.659s][info][gc,heap        ] GC(275) PSYoungGen: 58112K(337408K)->0K(344064K) Eden: 0K(57856K)->0K(64000K) From: 58112K(279552K)->0K(280064K)
[35.659s][info][gc,heap        ] GC(275) ParOldGen: 4961948K(5051904K)->5019770K(5051904K)
[35.659s][info][gc,metaspace   ] GC(275) Metaspace: 6297K(6464K)->6297K(6464K) NonClass: 5764K(5824K)->5764K(5824K) Class: 533K(640K)->533K(640K)
[35.659s][info][gc             ] GC(275) Pause Full (Ergonomics) 4902M->4902M(5269M) 1560.106ms
[35.659s][info][gc,cpu         ] GC(275) User=11.17s Sys=0.03s Real=1.56s
[35.736s][info][gc,start       ] GC(276) Pause Full (Ergonomics)
[35.736s][info][gc,phases,start] GC(276) Marking Phase
[36.950s][info][gc,phases      ] GC(276) Marking Phase 1213.679ms
[36.950s][info][gc,phases,start] GC(276) Summary Phase
[36.950s][info][gc,phases      ] GC(276) Summary Phase 0.069ms
[36.950s][info][gc,phases,start] GC(276) Adjust Roots
[36.950s][info][gc,phases      ] GC(276) Adjust Roots 0.192ms
[36.950s][info][gc,phases,start] GC(276) Compaction Phase
[37.303s][info][gc,phases      ] GC(276) Compaction Phase 352.560ms
[37.303s][info][gc,phases,start] GC(276) Post Compact
[37.313s][info][gc,phases      ] GC(276) Post Compact 10.265ms
[37.313s][info][gc,heap        ] GC(276) PSYoungGen: 64000K(344064K)->32237K(344064K) Eden: 64000K(64000K)->32237K(64000K) From: 0K(280064K)->0K(280064K)
[37.313s][info][gc,heap        ] GC(276) ParOldGen: 5019770K(5051904K)->5051497K(5051904K)
[37.313s][info][gc,metaspace   ] GC(276) Metaspace: 6297K(6464K)->6297K(6464K) NonClass: 5764K(5824K)->5764K(5824K) Class: 533K(640K)->533K(640K)
[37.313s][info][gc             ] GC(276) Pause Full (Ergonomics) 4964M->4964M(5269M) 1577.263ms
[37.313s][info][gc,cpu         ] GC(276) User=11.27s Sys=0.02s Real=1.58s
[37.347s][info][gc,start       ] GC(277) Pause Full (Ergonomics)
[37.347s][info][gc,phases,start] GC(277) Marking Phase
[38.512s][info][gc,phases      ] GC(277) Marking Phase 1164.751ms
[38.512s][info][gc,phases,start] GC(277) Summary Phase
[38.512s][info][gc,phases      ] GC(277) Summary Phase 0.087ms
[38.512s][info][gc,phases,start] GC(277) Adjust Roots
[38.513s][info][gc,phases      ] GC(277) Adjust Roots 0.295ms
[38.513s][info][gc,phases,start] GC(277) Compaction Phase
[38.866s][info][gc,phases      ] GC(277) Compaction Phase 353.473ms
[38.866s][info][gc,phases,start] GC(277) Post Compact
[38.873s][info][gc,phases      ] GC(277) Post Compact 7.078ms
[38.873s][info][gc,heap        ] GC(277) PSYoungGen: 64000K(344064K)->63985K(344064K) Eden: 64000K(64000K)->63985K(64000K) From: 0K(280064K)->0K(280064K)
[38.873s][info][gc,heap        ] GC(277) ParOldGen: 5051497K(5051904K)->5051497K(5051904K)
[38.873s][info][gc,metaspace   ] GC(277) Metaspace: 6297K(6464K)->6297K(6464K) NonClass: 5764K(5824K)->5764K(5824K) Class: 533K(640K)->533K(640K)
[38.873s][info][gc             ] GC(277) Pause Full (Ergonomics) 4995M->4995M(5269M) 1526.109ms
[38.873s][info][gc,cpu         ] GC(277) User=11.77s Sys=0.00s Real=1.53s
[38.874s][info][gc,start       ] GC(278) Pause Full (Ergonomics)
[38.874s][info][gc,phases,start] GC(278) Marking Phase
[40.163s][info][gc,phases      ] GC(278) Marking Phase 1288.943ms
[40.163s][info][gc,phases,start] GC(278) Summary Phase
[40.163s][info][gc,phases      ] GC(278) Summary Phase 0.107ms
[40.163s][info][gc,phases,start] GC(278) Adjust Roots
[40.163s][info][gc,phases      ] GC(278) Adjust Roots 0.223ms
[40.163s][info][gc,phases,start] GC(278) Compaction Phase
[40.552s][info][gc,phases      ] GC(278) Compaction Phase 388.902ms
[40.552s][info][gc,phases,start] GC(278) Post Compact
[40.560s][info][gc,phases      ] GC(278) Post Compact 7.437ms
[40.560s][info][gc,heap        ] GC(278) PSYoungGen: 64000K(344064K)->63999K(344064K) Eden: 64000K(64000K)->63999K(64000K) From: 0K(280064K)->0K(280064K)
[40.560s][info][gc,heap        ] GC(278) ParOldGen: 5051497K(5051904K)->5051497K(5051904K)
[40.560s][info][gc,metaspace   ] GC(278) Metaspace: 6297K(6464K)->6297K(6464K) NonClass: 5764K(5824K)->5764K(5824K) Class: 533K(640K)->533K(640K)
[40.560s][info][gc             ] GC(278) Pause Full (Ergonomics) 4995M->4995M(5269M) 1685.994ms
[40.560s][info][gc,cpu         ] GC(278) User=11.62s Sys=0.00s Real=1.69s
[40.560s][info][gc,start       ] GC(279) Pause Full (Ergonomics)
[40.560s][info][gc,phases,start] GC(279) Marking Phase
[41.765s][info][gc,phases      ] GC(279) Marking Phase 1205.563ms
[41.765s][info][gc,phases,start] GC(279) Summary Phase
[41.766s][info][gc,phases      ] GC(279) Summary Phase 0.067ms
[41.766s][info][gc,phases,start] GC(279) Adjust Roots
[41.766s][info][gc,phases      ] GC(279) Adjust Roots 0.206ms
[41.766s][info][gc,phases,start] GC(279) Compaction Phase
[42.131s][info][gc,phases      ] GC(279) Compaction Phase 364.881ms
[42.131s][info][gc,phases,start] GC(279) Post Compact
[42.138s][info][gc,phases      ] GC(279) Post Compact 7.565ms
[42.138s][info][gc,heap        ] GC(279) PSYoungGen: 63999K(344064K)->63999K(344064K) Eden: 63999K(64000K)->63999K(64000K) From: 0K(280064K)->0K(280064K)
[42.138s][info][gc,heap        ] GC(279) ParOldGen: 5051497K(5051904K)->5051497K(5051904K)
[42.138s][info][gc,metaspace   ] GC(279) Metaspace: 6297K(6464K)->6297K(6464K) NonClass: 5764K(5824K)->5764K(5824K) Class: 533K(640K)->533K(640K)
[42.138s][info][gc             ] GC(279) Pause Full (Ergonomics) 4995M->4995M(5269M) 1578.642ms
[42.139s][info][gc,cpu         ] GC(279) User=11.92s Sys=0.00s Real=1.58s
[42.139s][info][gc,start       ] GC(280) Pause Full (Ergonomics)
[42.139s][info][gc,phases,start] GC(280) Marking Phase
[43.335s][info][gc,phases      ] GC(280) Marking Phase 1196.438ms
[43.335s][info][gc,phases,start] GC(280) Summary Phase
[43.335s][info][gc,phases      ] GC(280) Summary Phase 0.149ms
[43.335s][info][gc,phases,start] GC(280) Adjust Roots
[43.336s][info][gc,phases      ] GC(280) Adjust Roots 0.284ms
[43.336s][info][gc,phases,start] GC(280) Compaction Phase
[43.718s][info][gc,phases      ] GC(280) Compaction Phase 382.061ms
[43.718s][info][gc,phases,start] GC(280) Post Compact
[43.731s][info][gc,phases      ] GC(280) Post Compact 12.572ms
[43.731s][info][gc,heap        ] GC(280) PSYoungGen: 63999K(344064K)->63999K(344064K) Eden: 63999K(64000K)->63999K(64000K) From: 0K(280064K)->0K(280064K)
[43.731s][info][gc,heap        ] GC(280) ParOldGen: 5051502K(5051904K)->5051502K(5051904K)
[43.731s][info][gc,metaspace   ] GC(280) Metaspace: 6297K(6464K)->6297K(6464K) NonClass: 5764K(5824K)->5764K(5824K) Class: 533K(640K)->533K(640K)
[43.731s][info][gc             ] GC(280) Pause Full (Ergonomics) 4995M->4995M(5269M) 1592.019ms
[43.731s][info][gc,cpu         ] GC(280) User=11.97s Sys=0.03s Real=1.59s
[43.731s][info][gc,start       ] GC(281) Pause Full (Ergonomics)
[43.731s][info][gc,phases,start] GC(281) Marking Phase
[44.932s][info][gc,phases      ] GC(281) Marking Phase 1200.905ms
[44.932s][info][gc,phases,start] GC(281) Summary Phase
[44.932s][info][gc,phases      ] GC(281) Summary Phase 0.089ms
[44.932s][info][gc,phases,start] GC(281) Adjust Roots
[44.932s][info][gc,phases      ] GC(281) Adjust Roots 0.301ms
[44.932s][info][gc,phases,start] GC(281) Compaction Phase
[45.323s][info][gc,phases      ] GC(281) Compaction Phase 390.709ms
[45.323s][info][gc,phases,start] GC(281) Post Compact
[45.336s][info][gc,phases      ] GC(281) Post Compact 13.001ms
[45.336s][info][gc,heap        ] GC(281) PSYoungGen: 63999K(344064K)->63999K(344064K) Eden: 63999K(64000K)->63999K(64000K) From: 0K(280064K)->0K(280064K)
[45.336s][info][gc,heap        ] GC(281) ParOldGen: 5051507K(5051904K)->5051507K(5051904K)
[45.336s][info][gc,metaspace   ] GC(281) Metaspace: 6297K(6464K)->6297K(6464K) NonClass: 5764K(5824K)->5764K(5824K) Class: 533K(640K)->533K(640K)
[45.337s][info][gc             ] GC(281) Pause Full (Ergonomics) 4995M->4995M(5269M) 1605.514ms
[45.337s][info][gc,cpu         ] GC(281) User=12.16s Sys=0.00s Real=1.61s
[45.337s][info][gc,start       ] GC(282) Pause Full (Ergonomics)
[45.337s][info][gc,phases,start] GC(282) Marking Phase
[46.564s][info][gc,phases      ] GC(282) Marking Phase 1226.877ms
[46.564s][info][gc,phases,start] GC(282) Summary Phase
[46.564s][info][gc,phases      ] GC(282) Summary Phase 0.090ms
[46.564s][info][gc,phases,start] GC(282) Adjust Roots
[46.564s][info][gc,phases      ] GC(282) Adjust Roots 0.337ms
[46.565s][info][gc,phases,start] GC(282) Compaction Phase
[46.976s][info][gc,phases      ] GC(282) Compaction Phase 411.750ms
[46.976s][info][gc,phases,start] GC(282) Post Compact
[46.988s][info][gc,phases      ] GC(282) Post Compact 11.652ms
[46.988s][info][gc,heap        ] GC(282) PSYoungGen: 63999K(344064K)->63999K(344064K) Eden: 63999K(64000K)->63999K(64000K) From: 0K(280064K)->0K(280064K)
[46.988s][info][gc,heap        ] GC(282) ParOldGen: 5051512K(5051904K)->5051512K(5051904K)
[46.988s][info][gc,metaspace   ] GC(282) Metaspace: 6297K(6464K)->6297K(6464K) NonClass: 5764K(5824K)->5764K(5824K) Class: 533K(640K)->533K(640K)
[46.988s][info][gc             ] GC(282) Pause Full (Ergonomics) 4995M->4995M(5269M) 1651.285ms
[46.988s][info][gc,cpu         ] GC(282) User=12.41s Sys=0.00s Real=1.65s
[46.989s][info][gc,start       ] GC(283) Pause Full (Ergonomics)
[46.989s][info][gc,phases,start] GC(283) Marking Phase
[48.227s][info][gc,phases      ] GC(283) Marking Phase 1237.757ms
[48.227s][info][gc,phases,start] GC(283) Summary Phase
[48.227s][info][gc,phases      ] GC(283) Summary Phase 0.089ms
[48.227s][info][gc,phases,start] GC(283) Adjust Roots
[48.227s][info][gc,phases      ] GC(283) Adjust Roots 0.308ms
[48.227s][info][gc,phases,start] GC(283) Compaction Phase
[48.610s][info][gc,phases      ] GC(283) Compaction Phase 383.387ms
[48.611s][info][gc,phases,start] GC(283) Post Compact
[48.620s][info][gc,phases      ] GC(283) Post Compact 9.038ms
[48.620s][info][gc,heap        ] GC(283) PSYoungGen: 63999K(344064K)->63999K(344064K) Eden: 63999K(64000K)->63999K(64000K) From: 0K(280064K)->0K(280064K)
[48.620s][info][gc,heap        ] GC(283) ParOldGen: 5051517K(5051904K)->5051517K(5051904K)
[48.620s][info][gc,metaspace   ] GC(283) Metaspace: 6297K(6464K)->6297K(6464K) NonClass: 5764K(5824K)->5764K(5824K) Class: 533K(640K)->533K(640K)
[48.620s][info][gc             ] GC(283) Pause Full (Ergonomics) 4995M->4995M(5269M) 1631.043ms
[48.620s][info][gc,cpu         ] GC(283) User=12.23s Sys=0.00s Real=1.63s
[48.620s][info][gc,start       ] GC(284) Pause Full (Ergonomics)
[48.620s][info][gc,phases,start] GC(284) Marking Phase
[49.831s][info][gc,phases      ] GC(284) Marking Phase 1211.164ms
[49.831s][info][gc,phases,start] GC(284) Summary Phase
[49.831s][info][gc,phases      ] GC(284) Summary Phase 0.087ms
[49.831s][info][gc,phases,start] GC(284) Adjust Roots
[49.832s][info][gc,phases      ] GC(284) Adjust Roots 0.339ms
[49.832s][info][gc,phases,start] GC(284) Compaction Phase
[50.233s][info][gc,phases      ] GC(284) Compaction Phase 401.535ms
[50.233s][info][gc,phases,start] GC(284) Post Compact
[50.244s][info][gc,phases      ] GC(284) Post Compact 10.571ms
[50.244s][info][gc,heap        ] GC(284) PSYoungGen: 63999K(344064K)->63999K(344064K) Eden: 63999K(64000K)->63999K(64000K) From: 0K(280064K)->0K(280064K)
[50.244s][info][gc,heap        ] GC(284) ParOldGen: 5051522K(5051904K)->5051522K(5051904K)
[50.244s][info][gc,metaspace   ] GC(284) Metaspace: 6297K(6464K)->6297K(6464K) NonClass: 5764K(5824K)->5764K(5824K) Class: 533K(640K)->533K(640K)
[50.244s][info][gc             ] GC(284) Pause Full (Ergonomics) 4995M->4995M(5269M) 1624.175ms
[50.244s][info][gc,cpu         ] GC(284) User=12.31s Sys=0.03s Real=1.62s
[50.244s][info][gc,start       ] GC(285) Pause Full (Ergonomics)
[50.244s][info][gc,phases,start] GC(285) Marking Phase
[51.550s][info][gc,phases      ] GC(285) Marking Phase 1305.973ms
[51.551s][info][gc,phases,start] GC(285) Summary Phase
[51.551s][info][gc,phases      ] GC(285) Summary Phase 0.091ms
[51.551s][info][gc,phases,start] GC(285) Adjust Roots
[51.551s][info][gc,phases      ] GC(285) Adjust Roots 0.332ms
[51.551s][info][gc,phases,start] GC(285) Compaction Phase
[51.966s][info][gc,phases      ] GC(285) Compaction Phase 415.023ms
[51.966s][info][gc,phases,start] GC(285) Post Compact
[51.977s][info][gc,phases      ] GC(285) Post Compact 10.489ms
[51.977s][info][gc,heap        ] GC(285) PSYoungGen: 63999K(344064K)->63999K(344064K) Eden: 63999K(64000K)->63999K(64000K) From: 0K(280064K)->0K(280064K)
[51.977s][info][gc,heap        ] GC(285) ParOldGen: 5051527K(5051904K)->5051527K(5051904K)
[51.977s][info][gc,metaspace   ] GC(285) Metaspace: 6297K(6464K)->6297K(6464K) NonClass: 5764K(5824K)->5764K(5824K) Class: 533K(640K)->533K(640K)
[51.977s][info][gc             ] GC(285) Pause Full (Ergonomics) 4995M->4995M(5269M) 1732.379ms
[51.977s][info][gc,cpu         ] GC(285) User=12.55s Sys=0.00s Real=1.73s
[51.977s][info][gc,start       ] GC(286) Pause Full (Ergonomics)
[51.977s][info][gc,phases,start] GC(286) Marking Phase
[53.304s][info][gc,phases      ] GC(286) Marking Phase 1326.904ms
[53.304s][info][gc,phases,start] GC(286) Summary Phase
[53.304s][info][gc,phases      ] GC(286) Summary Phase 0.089ms
[53.304s][info][gc,phases,start] GC(286) Adjust Roots
[53.305s][info][gc,phases      ] GC(286) Adjust Roots 0.305ms
[53.305s][info][gc,phases,start] GC(286) Compaction Phase
[53.725s][info][gc,phases      ] GC(286) Compaction Phase 420.592ms
[53.725s][info][gc,phases,start] GC(286) Post Compact
[53.733s][info][gc,phases      ] GC(286) Post Compact 8.149ms
[53.734s][info][gc,heap        ] GC(286) PSYoungGen: 63999K(344064K)->63999K(344064K) Eden: 63999K(64000K)->63999K(64000K) From: 0K(280064K)->0K(280064K)
[53.734s][info][gc,heap        ] GC(286) ParOldGen: 5051531K(5051904K)->5051531K(5051904K)
[53.734s][info][gc,metaspace   ] GC(286) Metaspace: 6297K(6464K)->6297K(6464K) NonClass: 5764K(5824K)->5764K(5824K) Class: 533K(640K)->533K(640K)
[53.734s][info][gc             ] GC(286) Pause Full (Ergonomics) 4995M->4995M(5269M) 1756.549ms
[53.734s][info][gc,cpu         ] GC(286) User=12.70s Sys=0.00s Real=1.76s
[53.734s][info][gc,start       ] GC(287) Pause Full (Ergonomics)
[53.734s][info][gc,phases,start] GC(287) Marking Phase
[54.944s][info][gc,phases      ] GC(287) Marking Phase 1210.073ms
[54.944s][info][gc,phases,start] GC(287) Summary Phase
[54.944s][info][gc,phases      ] GC(287) Summary Phase 0.107ms
[54.944s][info][gc,phases,start] GC(287) Adjust Roots
[54.944s][info][gc,phases      ] GC(287) Adjust Roots 0.305ms
[54.945s][info][gc,phases,start] GC(287) Compaction Phase
[55.378s][info][gc,phases      ] GC(287) Compaction Phase 433.034ms
[55.378s][info][gc,phases,start] GC(287) Post Compact
[55.386s][info][gc,phases      ] GC(287) Post Compact 8.213ms
[55.386s][info][gc,heap        ] GC(287) PSYoungGen: 63999K(344064K)->63999K(344064K) Eden: 63999K(64000K)->63999K(64000K) From: 0K(280064K)->0K(280064K)
[55.386s][info][gc,heap        ] GC(287) ParOldGen: 5051536K(5051904K)->5051536K(5051904K)
[55.386s][info][gc,metaspace   ] GC(287) Metaspace: 6297K(6464K)->6297K(6464K) NonClass: 5764K(5824K)->5764K(5824K) Class: 533K(640K)->533K(640K)
[55.386s][info][gc             ] GC(287) Pause Full (Ergonomics) 4995M->4995M(5269M) 1652.249ms
[55.386s][info][gc,cpu         ] GC(287) User=12.34s Sys=0.00s Real=1.65s
[55.386s][info][gc,start       ] GC(288) Pause Full (Ergonomics)
[55.386s][info][gc,phases,start] GC(288) Marking Phase
[56.665s][info][gc,phases      ] GC(288) Marking Phase 1278.873ms
[56.665s][info][gc,phases,start] GC(288) Summary Phase
[56.665s][info][gc,phases      ] GC(288) Summary Phase 0.104ms
[56.665s][info][gc,phases,start] GC(288) Adjust Roots
[56.666s][info][gc,phases      ] GC(288) Adjust Roots 0.301ms
[56.666s][info][gc,phases,start] GC(288) Compaction Phase
[57.079s][info][gc,phases      ] GC(288) Compaction Phase 413.436ms
[57.079s][info][gc,phases,start] GC(288) Post Compact
[57.089s][info][gc,phases      ] GC(288) Post Compact 9.729ms
[57.089s][info][gc,heap        ] GC(288) PSYoungGen: 63999K(344064K)->63999K(344064K) Eden: 63999K(64000K)->63999K(64000K) From: 0K(280064K)->0K(280064K)
[57.089s][info][gc,heap        ] GC(288) ParOldGen: 5051541K(5051904K)->5051541K(5051904K)
[57.089s][info][gc,metaspace   ] GC(288) Metaspace: 6297K(6464K)->6297K(6464K) NonClass: 5764K(5824K)->5764K(5824K) Class: 533K(640K)->533K(640K)
[57.089s][info][gc             ] GC(288) Pause Full (Ergonomics) 4995M->4995M(5269M) 1702.967ms
[57.089s][info][gc,cpu         ] GC(288) User=12.38s Sys=0.00s Real=1.70s
[57.090s][info][gc,start       ] GC(289) Pause Full (Ergonomics)
[57.090s][info][gc,phases,start] GC(289) Marking Phase
[58.380s][info][gc,phases      ] GC(289) Marking Phase 1290.439ms
[58.380s][info][gc,phases,start] GC(289) Summary Phase
[58.380s][info][gc,phases      ] GC(289) Summary Phase 0.098ms
[58.380s][info][gc,phases,start] GC(289) Adjust Roots
[58.381s][info][gc,phases      ] GC(289) Adjust Roots 0.308ms
[58.381s][info][gc,phases,start] GC(289) Compaction Phase
[58.772s][info][gc,phases      ] GC(289) Compaction Phase 391.291ms
[58.772s][info][gc,phases,start] GC(289) Post Compact
[58.782s][info][gc,phases      ] GC(289) Post Compact 9.811ms
[58.782s][info][gc,heap        ] GC(289) PSYoungGen: 63999K(344064K)->63999K(344064K) Eden: 63999K(64000K)->63999K(64000K) From: 0K(280064K)->0K(280064K)
[58.782s][info][gc,heap        ] GC(289) ParOldGen: 5051546K(5051904K)->5051546K(5051904K)
[58.782s][info][gc,metaspace   ] GC(289) Metaspace: 6297K(6464K)->6297K(6464K) NonClass: 5764K(5824K)->5764K(5824K) Class: 533K(640K)->533K(640K)
[58.782s][info][gc             ] GC(289) Pause Full (Ergonomics) 4995M->4995M(5269M) 1692.448ms
[58.782s][info][gc,cpu         ] GC(289) User=12.78s Sys=0.02s Real=1.69s
[58.782s][info][gc,start       ] GC(290) Pause Full (Ergonomics)
[58.782s][info][gc,phases,start] GC(290) Marking Phase
[60.049s][info][gc,phases      ] GC(290) Marking Phase 1266.588ms
[60.049s][info][gc,phases,start] GC(290) Summary Phase
[60.049s][info][gc,phases      ] GC(290) Summary Phase 0.078ms
[60.049s][info][gc,phases,start] GC(290) Adjust Roots
[60.050s][info][gc,phases      ] GC(290) Adjust Roots 0.359ms
[60.050s][info][gc,phases,start] GC(290) Compaction Phase
[60.488s][info][gc,phases      ] GC(290) Compaction Phase 437.951ms
[60.488s][info][gc,phases,start] GC(290) Post Compact
[60.498s][info][gc,phases      ] GC(290) Post Compact 10.103ms
[60.498s][info][gc,heap        ] GC(290) PSYoungGen: 63999K(344064K)->63999K(344064K) Eden: 63999K(64000K)->63999K(64000K) From: 0K(280064K)->0K(280064K)
[60.498s][info][gc,heap        ] GC(290) ParOldGen: 5051551K(5051904K)->5051551K(5051904K)
[60.498s][info][gc,metaspace   ] GC(290) Metaspace: 6297K(6464K)->6297K(6464K) NonClass: 5764K(5824K)->5764K(5824K) Class: 533K(640K)->533K(640K)
[60.498s][info][gc             ] GC(290) Pause Full (Ergonomics) 4995M->4995M(5269M) 1715.604ms
[60.498s][info][gc,cpu         ] GC(290) User=12.64s Sys=0.00s Real=1.72s
[60.498s][info][gc,start       ] GC(291) Pause Full (Ergonomics)
[60.498s][info][gc,phases,start] GC(291) Marking Phase
[61.899s][info][gc,phases      ] GC(291) Marking Phase 1400.337ms
[61.899s][info][gc,phases,start] GC(291) Summary Phase
[61.899s][info][gc,phases      ] GC(291) Summary Phase 0.092ms
[61.899s][info][gc,phases,start] GC(291) Adjust Roots
[61.899s][info][gc,phases      ] GC(291) Adjust Roots 0.297ms
[61.899s][info][gc,phases,start] GC(291) Compaction Phase
[62.462s][info][gc,phases      ] GC(291) Compaction Phase 562.711ms
[62.462s][info][gc,phases,start] GC(291) Post Compact
[62.474s][info][gc,phases      ] GC(291) Post Compact 12.162ms
[62.474s][info][gc,heap        ] GC(291) PSYoungGen: 63999K(344064K)->63999K(344064K) Eden: 63999K(64000K)->63999K(64000K) From: 0K(280064K)->0K(280064K)
[62.474s][info][gc,heap        ] GC(291) ParOldGen: 5051556K(5051904K)->5051556K(5051904K)
[62.474s][info][gc,metaspace   ] GC(291) Metaspace: 6297K(6464K)->6297K(6464K) NonClass: 5764K(5824K)->5764K(5824K) Class: 533K(640K)->533K(640K)
[62.474s][info][gc             ] GC(291) Pause Full (Ergonomics) 4995M->4995M(5269M) 1976.104ms
[62.474s][info][gc,cpu         ] GC(291) User=12.52s Sys=0.00s Real=1.98s
[62.475s][info][gc,start       ] GC(292) Pause Full (Ergonomics)
[62.475s][info][gc,phases,start] GC(292) Marking Phase
[64.005s][info][gc,phases      ] GC(292) Marking Phase 1529.492ms
[64.005s][info][gc,phases,start] GC(292) Summary Phase
[64.005s][info][gc,phases      ] GC(292) Summary Phase 0.095ms
[64.005s][info][gc,phases,start] GC(292) Adjust Roots
[64.005s][info][gc,phases      ] GC(292) Adjust Roots 0.354ms
[64.005s][info][gc,phases,start] GC(292) Compaction Phase
[64.473s][info][gc,phases      ] GC(292) Compaction Phase 467.659ms
[64.473s][info][gc,phases,start] GC(292) Post Compact
[64.485s][info][gc,phases      ] GC(292) Post Compact 11.979ms
[64.485s][info][gc,heap        ] GC(292) PSYoungGen: 63999K(344064K)->63999K(344064K) Eden: 63999K(64000K)->63999K(64000K) From: 0K(280064K)->0K(280064K)
[64.485s][info][gc,heap        ] GC(292) ParOldGen: 5051560K(5051904K)->5051560K(5051904K)
[64.485s][info][gc,metaspace   ] GC(292) Metaspace: 6297K(6464K)->6297K(6464K) NonClass: 5764K(5824K)->5764K(5824K) Class: 533K(640K)->533K(640K)
[64.485s][info][gc             ] GC(292) Pause Full (Ergonomics) 4995M->4995M(5269M) 2010.083ms
[64.485s][info][gc,cpu         ] GC(292) User=12.23s Sys=0.02s Real=2.01s
[64.485s][info][gc,start       ] GC(293) Pause Full (Ergonomics)
[64.485s][info][gc,phases,start] GC(293) Marking Phase
[65.867s][info][gc,phases      ] GC(293) Marking Phase 1381.835ms
[65.867s][info][gc,phases,start] GC(293) Summary Phase
[65.868s][info][gc,phases      ] GC(293) Summary Phase 0.235ms
[65.868s][info][gc,phases,start] GC(293) Adjust Roots
[65.868s][info][gc,phases      ] GC(293) Adjust Roots 0.355ms
[65.868s][info][gc,phases,start] GC(293) Compaction Phase
[66.310s][info][gc,phases      ] GC(293) Compaction Phase 442.382ms
[66.310s][info][gc,phases,start] GC(293) Post Compact
[66.322s][info][gc,phases      ] GC(293) Post Compact 11.034ms
[66.322s][info][gc,heap        ] GC(293) PSYoungGen: 63999K(344064K)->63999K(344064K) Eden: 63999K(64000K)->63999K(64000K) From: 0K(280064K)->0K(280064K)
[66.322s][info][gc,heap        ] GC(293) ParOldGen: 5051565K(5051904K)->5051565K(5051904K)
[66.322s][info][gc,metaspace   ] GC(293) Metaspace: 6297K(6464K)->6297K(6464K) NonClass: 5764K(5824K)->5764K(5824K) Class: 533K(640K)->533K(640K)
[66.322s][info][gc             ] GC(293) Pause Full (Ergonomics) 4995M->4995M(5269M) 1836.360ms
[66.322s][info][gc,cpu         ] GC(293) User=12.52s Sys=0.03s Real=1.84s
[66.323s][info][gc,start       ] GC(294) Pause Full (Ergonomics)
[66.323s][info][gc,phases,start] GC(294) Marking Phase
[67.706s][info][gc,phases      ] GC(294) Marking Phase 1383.608ms
[67.706s][info][gc,phases,start] GC(294) Summary Phase
[67.707s][info][gc,phases      ] GC(294) Summary Phase 0.110ms
[67.707s][info][gc,phases,start] GC(294) Adjust Roots
[67.707s][info][gc,phases      ] GC(294) Adjust Roots 0.336ms
[67.707s][info][gc,phases,start] GC(294) Compaction Phase
[68.131s][info][gc,phases      ] GC(294) Compaction Phase 424.444ms
[68.132s][info][gc,phases,start] GC(294) Post Compact
[68.144s][info][gc,phases      ] GC(294) Post Compact 12.469ms
[68.144s][info][gc,heap        ] GC(294) PSYoungGen: 63999K(344064K)->63999K(344064K) Eden: 63999K(64000K)->63999K(64000K) From: 0K(280064K)->0K(280064K)
[68.144s][info][gc,heap        ] GC(294) ParOldGen: 5051570K(5051904K)->5051570K(5051904K)
[68.144s][info][gc,metaspace   ] GC(294) Metaspace: 6297K(6464K)->6297K(6464K) NonClass: 5764K(5824K)->5764K(5824K) Class: 533K(640K)->533K(640K)
[68.144s][info][gc             ] GC(294) Pause Full (Ergonomics) 4995M->4995M(5269M) 1821.511ms
[68.144s][info][gc,cpu         ] GC(294) User=12.61s Sys=0.06s Real=1.82s
[68.145s][info][gc,start       ] GC(295) Pause Full (Ergonomics)
[68.145s][info][gc,phases,start] GC(295) Marking Phase
[69.572s][info][gc,phases      ] GC(295) Marking Phase 1426.371ms
[69.572s][info][gc,phases,start] GC(295) Summary Phase
[69.572s][info][gc,phases      ] GC(295) Summary Phase 0.098ms
[69.572s][info][gc,phases,start] GC(295) Adjust Roots
[69.572s][info][gc,phases      ] GC(295) Adjust Roots 0.290ms
[69.572s][info][gc,phases,start] GC(295) Compaction Phase
[70.010s][info][gc,phases      ] GC(295) Compaction Phase 437.664ms
[70.010s][info][gc,phases,start] GC(295) Post Compact
[70.021s][info][gc,phases      ] GC(295) Post Compact 10.591ms
[70.021s][info][gc,heap        ] GC(295) PSYoungGen: 63999K(344064K)->63999K(344064K) Eden: 63999K(64000K)->63999K(64000K) From: 0K(280064K)->0K(280064K)
[70.021s][info][gc,heap        ] GC(295) ParOldGen: 5051575K(5051904K)->5051575K(5051904K)
[70.021s][info][gc,metaspace   ] GC(295) Metaspace: 6297K(6464K)->6297K(6464K) NonClass: 5764K(5824K)->5764K(5824K) Class: 533K(640K)->533K(640K)
[70.021s][info][gc             ] GC(295) Pause Full (Ergonomics) 4995M->4995M(5269M) 1875.436ms
[70.021s][info][gc,cpu         ] GC(295) User=12.47s Sys=0.02s Real=1.88s
[70.021s][info][gc,start       ] GC(296) Pause Full (Ergonomics)
[70.021s][info][gc,phases,start] GC(296) Marking Phase
[71.404s][info][gc,phases      ] GC(296) Marking Phase 1383.251ms
[71.404s][info][gc,phases,start] GC(296) Summary Phase
[71.405s][info][gc,phases      ] GC(296) Summary Phase 0.117ms
[71.405s][info][gc,phases,start] GC(296) Adjust Roots
[71.405s][info][gc,phases      ] GC(296) Adjust Roots 0.373ms
[71.405s][info][gc,phases,start] GC(296) Compaction Phase
[71.836s][info][gc,phases      ] GC(296) Compaction Phase 430.443ms
[71.836s][info][gc,phases,start] GC(296) Post Compact
[71.847s][info][gc,phases      ] GC(296) Post Compact 11.102ms
[71.847s][info][gc,heap        ] GC(296) PSYoungGen: 63999K(344064K)->63999K(344064K) Eden: 63999K(64000K)->63999K(64000K) From: 0K(280064K)->0K(280064K)
[71.847s][info][gc,heap        ] GC(296) ParOldGen: 5051580K(5051904K)->5051580K(5051904K)
[71.847s][info][gc,metaspace   ] GC(296) Metaspace: 6297K(6464K)->6297K(6464K) NonClass: 5764K(5824K)->5764K(5824K) Class: 533K(640K)->533K(640K)
[71.847s][info][gc             ] GC(296) Pause Full (Ergonomics) 4995M->4995M(5269M) 1825.877ms
[71.847s][info][gc,cpu         ] GC(296) User=12.55s Sys=0.02s Real=1.83s
[71.847s][info][gc,start       ] GC(297) Pause Full (Ergonomics)
[71.847s][info][gc,phases,start] GC(297) Marking Phase
[73.329s][info][gc,phases      ] GC(297) Marking Phase 1481.369ms
[73.329s][info][gc,phases,start] GC(297) Summary Phase
[73.329s][info][gc,phases      ] GC(297) Summary Phase 0.118ms
[73.329s][info][gc,phases,start] GC(297) Adjust Roots
[73.329s][info][gc,phases      ] GC(297) Adjust Roots 0.407ms
[73.329s][info][gc,phases,start] GC(297) Compaction Phase
[73.834s][info][gc,phases      ] GC(297) Compaction Phase 504.074ms
[73.834s][info][gc,phases,start] GC(297) Post Compact
[73.845s][info][gc,phases      ] GC(297) Post Compact 11.277ms
[73.845s][info][gc,heap        ] GC(297) PSYoungGen: 63999K(344064K)->63999K(344064K) Eden: 63999K(64000K)->63999K(64000K) From: 0K(280064K)->0K(280064K)
[73.845s][info][gc,heap        ] GC(297) ParOldGen: 5051585K(5051904K)->5051585K(5051904K)
[73.845s][info][gc,metaspace   ] GC(297) Metaspace: 6297K(6464K)->6297K(6464K) NonClass: 5764K(5824K)->5764K(5824K) Class: 533K(640K)->533K(640K)
[73.845s][info][gc             ] GC(297) Pause Full (Ergonomics) 4995M->4995M(5269M) 1997.815ms
[73.845s][info][gc,cpu         ] GC(297) User=12.06s Sys=0.03s Real=2.00s
[73.845s][info][gc,start       ] GC(298) Pause Full (Ergonomics)
[73.845s][info][gc,phases,start] GC(298) Marking Phase
[75.191s][info][gc,phases      ] GC(298) Marking Phase 1345.361ms
[75.191s][info][gc,phases,start] GC(298) Summary Phase
[75.191s][info][gc,phases      ] GC(298) Summary Phase 0.080ms
[75.191s][info][gc,phases,start] GC(298) Adjust Roots
[75.191s][info][gc,phases      ] GC(298) Adjust Roots 0.310ms
[75.191s][info][gc,phases,start] GC(298) Compaction Phase
[75.593s][info][gc,phases      ] GC(298) Compaction Phase 401.339ms
[75.593s][info][gc,phases,start] GC(298) Post Compact
[75.602s][info][gc,phases      ] GC(298) Post Compact 9.497ms
[75.602s][info][gc,heap        ] GC(298) PSYoungGen: 63999K(344064K)->63999K(344064K) Eden: 63999K(64000K)->63999K(64000K) From: 0K(280064K)->0K(280064K)
[75.602s][info][gc,heap        ] GC(298) ParOldGen: 5051589K(5051904K)->5051589K(5051904K)
[75.602s][info][gc,metaspace   ] GC(298) Metaspace: 6297K(6464K)->6297K(6464K) NonClass: 5764K(5824K)->5764K(5824K) Class: 533K(640K)->533K(640K)
[75.603s][info][gc             ] GC(298) Pause Full (Ergonomics) 4995M->4995M(5269M) 1757.088ms
[75.603s][info][gc,cpu         ] GC(298) User=12.30s Sys=0.02s Real=1.76s
[75.603s][info][gc,start       ] GC(299) Pause Full (Ergonomics)
[75.603s][info][gc,phases,start] GC(299) Marking Phase
[77.095s][info][gc,phases      ] GC(299) Marking Phase 1492.113ms
[77.095s][info][gc,phases,start] GC(299) Summary Phase
[77.095s][info][gc,phases      ] GC(299) Summary Phase 0.089ms
[77.095s][info][gc,phases,start] GC(299) Adjust Roots
[77.095s][info][gc,phases      ] GC(299) Adjust Roots 0.305ms
[77.096s][info][gc,phases,start] GC(299) Compaction Phase
[77.612s][info][gc,phases      ] GC(299) Compaction Phase 516.194ms
[77.612s][info][gc,phases,start] GC(299) Post Compact
[77.622s][info][gc,phases      ] GC(299) Post Compact 10.376ms
[77.622s][info][gc,heap        ] GC(299) PSYoungGen: 63999K(344064K)->63999K(344064K) Eden: 63999K(64000K)->63999K(64000K) From: 0K(280064K)->0K(280064K)
[77.622s][info][gc,heap        ] GC(299) ParOldGen: 5051594K(5051904K)->5051594K(5051904K)
[77.622s][info][gc,metaspace   ] GC(299) Metaspace: 6297K(6464K)->6297K(6464K) NonClass: 5764K(5824K)->5764K(5824K) Class: 533K(640K)->533K(640K)
[77.622s][info][gc             ] GC(299) Pause Full (Ergonomics) 4995M->4995M(5269M) 2019.551ms
[77.622s][info][gc,cpu         ] GC(299) User=12.28s Sys=0.02s Real=2.02s
[77.623s][info][gc,start       ] GC(300) Pause Full (Ergonomics)
[77.623s][info][gc,phases,start] GC(300) Marking Phase
[79.283s][info][gc,phases      ] GC(300) Marking Phase 1659.893ms
[79.283s][info][gc,phases,start] GC(300) Summary Phase
[79.283s][info][gc,phases      ] GC(300) Summary Phase 0.087ms
[79.283s][info][gc,phases,start] GC(300) Adjust Roots
[79.283s][info][gc,phases      ] GC(300) Adjust Roots 0.376ms
[79.283s][info][gc,phases,start] GC(300) Compaction Phase
[79.944s][info][gc,phases      ] GC(300) Compaction Phase 660.750ms
[79.944s][info][gc,phases,start] GC(300) Post Compact
[79.956s][info][gc,phases      ] GC(300) Post Compact 11.642ms
[79.956s][info][gc,heap        ] GC(300) PSYoungGen: 63999K(344064K)->63999K(344064K) Eden: 63999K(64000K)->63999K(64000K) From: 0K(280064K)->0K(280064K)
[79.956s][info][gc,heap        ] GC(300) ParOldGen: 5051599K(5051904K)->5051599K(5051904K)
[79.956s][info][gc,metaspace   ] GC(300) Metaspace: 6297K(6464K)->6297K(6464K) NonClass: 5764K(5824K)->5764K(5824K) Class: 533K(640K)->533K(640K)
[79.956s][info][gc             ] GC(300) Pause Full (Ergonomics) 4995M->4995M(5269M) 2333.303ms
[79.956s][info][gc,cpu         ] GC(300) User=11.84s Sys=0.00s Real=2.33s
[79.956s][info][gc,start       ] GC(301) Pause Full (Ergonomics)
[79.957s][info][gc,phases,start] GC(301) Marking Phase
[81.697s][info][gc,phases      ] GC(301) Marking Phase 1740.415ms
[81.697s][info][gc,phases,start] GC(301) Summary Phase
[81.697s][info][gc,phases      ] GC(301) Summary Phase 0.122ms
[81.697s][info][gc,phases,start] GC(301) Adjust Roots
[81.697s][info][gc,phases      ] GC(301) Adjust Roots 0.293ms
[81.698s][info][gc,phases,start] GC(301) Compaction Phase
[82.292s][info][gc,phases      ] GC(301) Compaction Phase 594.624ms
[82.292s][info][gc,phases,start] GC(301) Post Compact
[82.302s][info][gc,phases      ] GC(301) Post Compact 9.900ms
[82.302s][info][gc,heap        ] GC(301) PSYoungGen: 63999K(344064K)->63999K(344064K) Eden: 63999K(64000K)->63999K(64000K) From: 0K(280064K)->0K(280064K)
[82.302s][info][gc,heap        ] GC(301) ParOldGen: 5051604K(5051904K)->5051604K(5051904K)
[82.302s][info][gc,metaspace   ] GC(301) Metaspace: 6297K(6464K)->6297K(6464K) NonClass: 5764K(5824K)->5764K(5824K) Class: 533K(640K)->533K(640K)
[82.302s][info][gc             ] GC(301) Pause Full (Ergonomics) 4995M->4995M(5269M) 2345.879ms
[82.302s][info][gc,cpu         ] GC(301) User=12.41s Sys=0.03s Real=2.35s
[82.303s][info][gc,start       ] GC(302) Pause Full (Ergonomics)
[82.303s][info][gc,phases,start] GC(302) Marking Phase
[83.783s][info][gc,phases      ] GC(302) Marking Phase 1480.745ms
[83.783s][info][gc,phases,start] GC(302) Summary Phase
[83.784s][info][gc,phases      ] GC(302) Summary Phase 0.114ms
[83.784s][info][gc,phases,start] GC(302) Adjust Roots
[83.784s][info][gc,phases      ] GC(302) Adjust Roots 0.393ms
[83.784s][info][gc,phases,start] GC(302) Compaction Phase
[84.311s][info][gc,phases      ] GC(302) Compaction Phase 527.323ms
[84.311s][info][gc,phases,start] GC(302) Post Compact
[84.321s][info][gc,phases      ] GC(302) Post Compact 9.952ms
[84.322s][info][gc,heap        ] GC(302) PSYoungGen: 63999K(344064K)->63999K(344064K) Eden: 63999K(64000K)->63999K(64000K) From: 0K(280064K)->0K(280064K)
[84.322s][info][gc,heap        ] GC(302) ParOldGen: 5051609K(5051904K)->5051609K(5051904K)
[84.322s][info][gc,metaspace   ] GC(302) Metaspace: 6297K(6464K)->6297K(6464K) NonClass: 5764K(5824K)->5764K(5824K) Class: 533K(640K)->533K(640K)
[84.322s][info][gc             ] GC(302) Pause Full (Ergonomics) 4995M->4995M(5269M) 2019.033ms
[84.322s][info][gc,cpu         ] GC(302) User=12.98s Sys=0.00s Real=2.02s
[84.322s][info][gc,start       ] GC(303) Pause Full (Ergonomics)
[84.322s][info][gc,phases,start] GC(303) Marking Phase
[85.736s][info][gc,phases      ] GC(303) Marking Phase 1414.310ms
[85.736s][info][gc,phases,start] GC(303) Summary Phase
[85.736s][info][gc,phases      ] GC(303) Summary Phase 0.093ms
[85.736s][info][gc,phases,start] GC(303) Adjust Roots
[85.737s][info][gc,phases      ] GC(303) Adjust Roots 0.329ms
[85.737s][info][gc,phases,start] GC(303) Compaction Phase
[86.291s][info][gc,phases      ] GC(303) Compaction Phase 553.929ms
[86.291s][info][gc,phases,start] GC(303) Post Compact
[86.304s][info][gc,phases      ] GC(303) Post Compact 12.971ms
[86.304s][info][gc,heap        ] GC(303) PSYoungGen: 63999K(344064K)->63999K(344064K) Eden: 63999K(64000K)->63999K(64000K) From: 0K(280064K)->0K(280064K)
[86.304s][info][gc,heap        ] GC(303) ParOldGen: 5051614K(5051904K)->5051614K(5051904K)
[86.304s][info][gc,metaspace   ] GC(303) Metaspace: 6297K(6464K)->6297K(6464K) NonClass: 5764K(5824K)->5764K(5824K) Class: 533K(640K)->533K(640K)
[86.304s][info][gc             ] GC(303) Pause Full (Ergonomics) 4995M->4995M(5269M) 1982.211ms
[86.304s][info][gc,cpu         ] GC(303) User=12.91s Sys=0.00s Real=1.98s
[86.304s][info][gc,start       ] GC(304) Pause Full (Ergonomics)
[86.305s][info][gc,phases,start] GC(304) Marking Phase
[87.900s][info][gc,phases      ] GC(304) Marking Phase 1594.905ms
[87.900s][info][gc,phases,start] GC(304) Summary Phase
[87.900s][info][gc,phases      ] GC(304) Summary Phase 0.100ms
[87.900s][info][gc,phases,start] GC(304) Adjust Roots
[87.900s][info][gc,phases      ] GC(304) Adjust Roots 0.331ms
[87.900s][info][gc,phases,start] GC(304) Compaction Phase
[88.429s][info][gc,phases      ] GC(304) Compaction Phase 528.628ms
[88.429s][info][gc,phases,start] GC(304) Post Compact
[88.439s][info][gc,phases      ] GC(304) Post Compact 9.829ms
[88.439s][info][gc,heap        ] GC(304) PSYoungGen: 63999K(344064K)->63999K(344064K) Eden: 63999K(64000K)->63999K(64000K) From: 0K(280064K)->0K(280064K)
[88.439s][info][gc,heap        ] GC(304) ParOldGen: 5051618K(5051904K)->5051618K(5051904K)
[88.439s][info][gc,metaspace   ] GC(304) Metaspace: 6297K(6464K)->6297K(6464K) NonClass: 5764K(5824K)->5764K(5824K) Class: 533K(640K)->533K(640K)
[88.439s][info][gc             ] GC(304) Pause Full (Ergonomics) 4995M->4995M(5269M) 2134.363ms
[88.439s][info][gc,cpu         ] GC(304) User=12.45s Sys=0.00s Real=2.13s
[88.439s][info][gc,start       ] GC(305) Pause Full (Ergonomics)
[88.439s][info][gc,phases,start] GC(305) Marking Phase
[90.044s][info][gc,phases      ] GC(305) Marking Phase 1604.975ms
[90.045s][info][gc,phases,start] GC(305) Summary Phase
[90.045s][info][gc,phases      ] GC(305) Summary Phase 0.135ms
[90.045s][info][gc,phases,start] GC(305) Adjust Roots
[90.045s][info][gc,phases      ] GC(305) Adjust Roots 0.416ms
[90.045s][info][gc,phases,start] GC(305) Compaction Phase
[90.590s][info][gc,phases      ] GC(305) Compaction Phase 544.562ms
[90.590s][info][gc,phases,start] GC(305) Post Compact
[90.601s][info][gc,phases      ] GC(305) Post Compact 10.792ms
[90.601s][info][gc,heap        ] GC(305) PSYoungGen: 63999K(344064K)->63999K(344064K) Eden: 63999K(64000K)->63999K(64000K) From: 0K(280064K)->0K(280064K)
[90.601s][info][gc,heap        ] GC(305) ParOldGen: 5051623K(5051904K)->5051623K(5051904K)
[90.601s][info][gc,metaspace   ] GC(305) Metaspace: 6297K(6464K)->6297K(6464K) NonClass: 5764K(5824K)->5764K(5824K) Class: 533K(640K)->533K(640K)
[90.601s][info][gc             ] GC(305) Pause Full (Ergonomics) 4995M->4995M(5269M) 2161.624ms
[90.601s][info][gc,cpu         ] GC(305) User=12.55s Sys=0.05s Real=2.16s
[90.601s][info][gc,start       ] GC(306) Pause Full (Ergonomics)
[90.601s][info][gc,phases,start] GC(306) Marking Phase
[91.994s][info][gc,phases      ] GC(306) Marking Phase 1392.412ms
[91.994s][info][gc,phases,start] GC(306) Summary Phase
[91.994s][info][gc,phases      ] GC(306) Summary Phase 0.102ms
[91.994s][info][gc,phases,start] GC(306) Adjust Roots
[91.994s][info][gc,phases      ] GC(306) Adjust Roots 0.371ms
[91.995s][info][gc,phases,start] GC(306) Compaction Phase
[92.401s][info][gc,phases      ] GC(306) Compaction Phase 406.712ms
[92.401s][info][gc,phases,start] GC(306) Post Compact
[92.413s][info][gc,phases      ] GC(306) Post Compact 11.891ms
[92.413s][info][gc,heap        ] GC(306) PSYoungGen: 63999K(344064K)->63999K(344064K) Eden: 63999K(64000K)->63999K(64000K) From: 0K(280064K)->0K(280064K)
[92.413s][info][gc,heap        ] GC(306) ParOldGen: 5051628K(5051904K)->5051628K(5051904K)
[92.413s][info][gc,metaspace   ] GC(306) Metaspace: 6297K(6464K)->6297K(6464K) NonClass: 5764K(5824K)->5764K(5824K) Class: 533K(640K)->533K(640K)
[92.413s][info][gc             ] GC(306) Pause Full (Ergonomics) 4995M->4995M(5269M) 1811.985ms
[92.413s][info][gc,cpu         ] GC(306) User=13.16s Sys=0.00s Real=1.81s
[92.414s][info][gc,start       ] GC(307) Pause Full (Ergonomics)
[92.414s][info][gc,phases,start] GC(307) Marking Phase
[93.754s][info][gc,phases      ] GC(307) Marking Phase 1339.948ms
[93.754s][info][gc,phases,start] GC(307) Summary Phase
[93.754s][info][gc,phases      ] GC(307) Summary Phase 0.089ms
[93.754s][info][gc,phases,start] GC(307) Adjust Roots
[93.754s][info][gc,phases      ] GC(307) Adjust Roots 0.295ms
[93.754s][info][gc,phases,start] GC(307) Compaction Phase
[94.174s][info][gc,phases      ] GC(307) Compaction Phase 419.460ms
[94.174s][info][gc,phases,start] GC(307) Post Compact
[94.184s][info][gc,phases      ] GC(307) Post Compact 10.207ms
[94.184s][info][gc,heap        ] GC(307) PSYoungGen: 63999K(344064K)->63999K(344064K) Eden: 63999K(64000K)->63999K(64000K) From: 0K(280064K)->0K(280064K)
[94.184s][info][gc,heap        ] GC(307) ParOldGen: 5051633K(5051904K)->5051633K(5051904K)
[94.184s][info][gc,metaspace   ] GC(307) Metaspace: 6297K(6464K)->6297K(6464K) NonClass: 5764K(5824K)->5764K(5824K) Class: 533K(640K)->533K(640K)
[94.184s][info][gc             ] GC(307) Pause Full (Ergonomics) 4995M->4995M(5269M) 1770.529ms
[94.184s][info][gc,cpu         ] GC(307) User=12.70s Sys=0.00s Real=1.77s
[94.185s][info][gc,start       ] GC(308) Pause Full (Ergonomics)
[94.185s][info][gc,phases,start] GC(308) Marking Phase
[95.578s][info][gc,phases      ] GC(308) Marking Phase 1393.175ms
[95.578s][info][gc,phases,start] GC(308) Summary Phase
[95.578s][info][gc,phases      ] GC(308) Summary Phase 0.093ms
[95.578s][info][gc,phases,start] GC(308) Adjust Roots
[95.578s][info][gc,phases      ] GC(308) Adjust Roots 0.307ms
[95.578s][info][gc,phases,start] GC(308) Compaction Phase
[96.017s][info][gc,phases      ] GC(308) Compaction Phase 438.889ms
[96.017s][info][gc,phases,start] GC(308) Post Compact
[96.027s][info][gc,phases      ] GC(308) Post Compact 9.867ms
[96.027s][info][gc,heap        ] GC(308) PSYoungGen: 63999K(344064K)->63999K(344064K) Eden: 63999K(64000K)->63999K(64000K) From: 0K(280064K)->0K(280064K)
[96.027s][info][gc,heap        ] GC(308) ParOldGen: 5051638K(5051904K)->5051638K(5051904K)
[96.027s][info][gc,metaspace   ] GC(308) Metaspace: 6297K(6464K)->6297K(6464K) NonClass: 5764K(5824K)->5764K(5824K) Class: 533K(640K)->533K(640K)
[96.027s][info][gc             ] GC(308) Pause Full (Ergonomics) 4995M->4995M(5269M) 1842.813ms
[96.027s][info][gc,cpu         ] GC(308) User=12.84s Sys=0.02s Real=1.84s
[96.028s][info][gc,start       ] GC(309) Pause Full (Ergonomics)
[96.028s][info][gc,phases,start] GC(309) Marking Phase
[97.377s][info][gc,phases      ] GC(309) Marking Phase 1349.155ms
[97.377s][info][gc,phases,start] GC(309) Summary Phase
[97.377s][info][gc,phases      ] GC(309) Summary Phase 0.105ms
[97.377s][info][gc,phases,start] GC(309) Adjust Roots
[97.377s][info][gc,phases      ] GC(309) Adjust Roots 0.319ms
[97.377s][info][gc,phases,start] GC(309) Compaction Phase
[97.801s][info][gc,phases      ] GC(309) Compaction Phase 423.793ms
[97.801s][info][gc,phases,start] GC(309) Post Compact
[97.810s][info][gc,phases      ] GC(309) Post Compact 8.901ms
[97.810s][info][gc,heap        ] GC(309) PSYoungGen: 63999K(344064K)->63999K(344064K) Eden: 63999K(64000K)->63999K(64000K) From: 0K(280064K)->0K(280064K)
[97.810s][info][gc,heap        ] GC(309) ParOldGen: 5051643K(5051904K)->5051643K(5051904K)
[97.810s][info][gc,metaspace   ] GC(309) Metaspace: 6297K(6464K)->6297K(6464K) NonClass: 5764K(5824K)->5764K(5824K) Class: 533K(640K)->533K(640K)
[97.810s][info][gc             ] GC(309) Pause Full (Ergonomics) 4995M->4995M(5269M) 1782.708ms
[97.810s][info][gc,cpu         ] GC(309) User=12.78s Sys=0.00s Real=1.78s
[97.811s][info][gc,start       ] GC(310) Pause Full (Ergonomics)
[97.811s][info][gc,phases,start] GC(310) Marking Phase
[99.088s][info][gc,phases      ] GC(310) Marking Phase 1277.473ms
[99.088s][info][gc,phases,start] GC(310) Summary Phase
[99.088s][info][gc,phases      ] GC(310) Summary Phase 0.094ms
[99.088s][info][gc,phases,start] GC(310) Adjust Roots
[99.089s][info][gc,phases      ] GC(310) Adjust Roots 0.429ms
[99.089s][info][gc,phases,start] GC(310) Compaction Phase
[99.500s][info][gc,phases      ] GC(310) Compaction Phase 411.030ms
[99.500s][info][gc,phases,start] GC(310) Post Compact
[99.509s][info][gc,phases      ] GC(310) Post Compact 9.217ms
[99.509s][info][gc,heap        ] GC(310) PSYoungGen: 63999K(344064K)->63999K(344064K) Eden: 63999K(64000K)->63999K(64000K) From: 0K(280064K)->0K(280064K)
[99.509s][info][gc,heap        ] GC(310) ParOldGen: 5051647K(5051904K)->5051647K(5051904K)
[99.509s][info][gc,metaspace   ] GC(310) Metaspace: 6297K(6464K)->6297K(6464K) NonClass: 5764K(5824K)->5764K(5824K) Class: 533K(640K)->533K(640K)
[99.509s][info][gc             ] GC(310) Pause Full (Ergonomics) 4995M->4995M(5269M) 1698.733ms
[99.509s][info][gc,cpu         ] GC(310) User=12.62s Sys=0.00s Real=1.70s
[99.510s][info][gc,start       ] GC(311) Pause Full (Ergonomics)
[99.510s][info][gc,phases,start] GC(311) Marking Phase
[100.806s][info][gc,phases      ] GC(311) Marking Phase 1296.224ms
[100.806s][info][gc,phases,start] GC(311) Summary Phase
[100.806s][info][gc,phases      ] GC(311) Summary Phase 0.103ms
[100.806s][info][gc,phases,start] GC(311) Adjust Roots
[100.806s][info][gc,phases      ] GC(311) Adjust Roots 0.291ms
[100.806s][info][gc,phases,start] GC(311) Compaction Phase
[101.209s][info][gc,phases      ] GC(311) Compaction Phase 402.857ms
[101.209s][info][gc,phases,start] GC(311) Post Compact
[101.219s][info][gc,phases      ] GC(311) Post Compact 9.373ms
[101.219s][info][gc,heap        ] GC(311) PSYoungGen: 63999K(344064K)->63999K(344064K) Eden: 63999K(64000K)->63999K(64000K) From: 0K(280064K)->0K(280064K)
[101.219s][info][gc,heap        ] GC(311) ParOldGen: 5051652K(5051904K)->5051652K(5051904K)
[101.219s][info][gc,metaspace   ] GC(311) Metaspace: 6297K(6464K)->6297K(6464K) NonClass: 5764K(5824K)->5764K(5824K) Class: 533K(640K)->533K(640K)
[101.219s][info][gc             ] GC(311) Pause Full (Ergonomics) 4995M->4995M(5269M) 1709.305ms
[101.219s][info][gc,cpu         ] GC(311) User=12.95s Sys=0.00s Real=1.71s
[101.219s][info][gc,start       ] GC(312) Pause Full (Ergonomics)
[101.219s][info][gc,phases,start] GC(312) Marking Phase
[102.486s][info][gc,phases      ] GC(312) Marking Phase 1266.612ms
[102.486s][info][gc,phases,start] GC(312) Summary Phase
[102.486s][info][gc,phases      ] GC(312) Summary Phase 0.079ms
[102.486s][info][gc,phases,start] GC(312) Adjust Roots
[102.486s][info][gc,phases      ] GC(312) Adjust Roots 0.278ms
[102.486s][info][gc,phases,start] GC(312) Compaction Phase
[102.901s][info][gc,phases      ] GC(312) Compaction Phase 414.513ms
[102.901s][info][gc,phases,start] GC(312) Post Compact
[102.910s][info][gc,phases      ] GC(312) Post Compact 9.102ms
[102.910s][info][gc,heap        ] GC(312) PSYoungGen: 63999K(344064K)->63999K(344064K) Eden: 63999K(64000K)->63999K(64000K) From: 0K(280064K)->0K(280064K)
[102.910s][info][gc,heap        ] GC(312) ParOldGen: 5051657K(5051904K)->5051657K(5051904K)
[102.910s][info][gc,metaspace   ] GC(312) Metaspace: 6297K(6464K)->6297K(6464K) NonClass: 5764K(5824K)->5764K(5824K) Class: 533K(640K)->533K(640K)
[102.910s][info][gc             ] GC(312) Pause Full (Ergonomics) 4995M->4995M(5269M) 1691.027ms
[102.910s][info][gc,cpu         ] GC(312) User=12.59s Sys=0.00s Real=1.69s
[102.910s][info][gc,start       ] GC(313) Pause Full (Ergonomics)
[102.910s][info][gc,phases,start] GC(313) Marking Phase
[104.211s][info][gc,phases      ] GC(313) Marking Phase 1300.105ms
[104.211s][info][gc,phases,start] GC(313) Summary Phase
[104.211s][info][gc,phases      ] GC(313) Summary Phase 0.085ms
[104.211s][info][gc,phases,start] GC(313) Adjust Roots
[104.211s][info][gc,phases      ] GC(313) Adjust Roots 0.267ms
[104.211s][info][gc,phases,start] GC(313) Compaction Phase
[104.592s][info][gc,phases      ] GC(313) Compaction Phase 381.442ms
[104.593s][info][gc,phases,start] GC(313) Post Compact
[104.601s][info][gc,phases      ] GC(313) Post Compact 8.779ms
[104.601s][info][gc,heap        ] GC(313) PSYoungGen: 63999K(344064K)->63999K(344064K) Eden: 63999K(64000K)->63999K(64000K) From: 0K(280064K)->0K(280064K)
[104.601s][info][gc,heap        ] GC(313) ParOldGen: 5051662K(5051904K)->5051662K(5051904K)
[104.601s][info][gc,metaspace   ] GC(313) Metaspace: 6297K(6464K)->6297K(6464K) NonClass: 5764K(5824K)->5764K(5824K) Class: 533K(640K)->533K(640K)
[104.601s][info][gc             ] GC(313) Pause Full (Ergonomics) 4995M->4995M(5269M) 1691.116ms
[104.602s][info][gc,cpu         ] GC(313) User=12.70s Sys=0.00s Real=1.69s
[104.602s][info][gc,start       ] GC(314) Pause Full (Ergonomics)
[104.602s][info][gc,phases,start] GC(314) Marking Phase
[105.874s][info][gc,phases      ] GC(314) Marking Phase 1272.299ms
[105.874s][info][gc,phases,start] GC(314) Summary Phase
[105.875s][info][gc,phases      ] GC(314) Summary Phase 0.091ms
[105.875s][info][gc,phases,start] GC(314) Adjust Roots
[105.875s][info][gc,phases      ] GC(314) Adjust Roots 0.349ms
[105.875s][info][gc,phases,start] GC(314) Compaction Phase
[106.266s][info][gc,phases      ] GC(314) Compaction Phase 391.127ms
[106.266s][info][gc,phases,start] GC(314) Post Compact
[106.276s][info][gc,phases      ] GC(314) Post Compact 9.940ms
[106.276s][info][gc,heap        ] GC(314) PSYoungGen: 63999K(344064K)->63999K(344064K) Eden: 63999K(64000K)->63999K(64000K) From: 0K(280064K)->0K(280064K)
[106.276s][info][gc,heap        ] GC(314) ParOldGen: 5051667K(5051904K)->5051667K(5051904K)
[106.276s][info][gc,metaspace   ] GC(314) Metaspace: 6297K(6464K)->6297K(6464K) NonClass: 5764K(5824K)->5764K(5824K) Class: 533K(640K)->533K(640K)
[106.276s][info][gc             ] GC(314) Pause Full (Ergonomics) 4995M->4995M(5269M) 1674.295ms
[106.276s][info][gc,cpu         ] GC(314) User=12.73s Sys=0.00s Real=1.67s
[106.277s][info][gc,start       ] GC(315) Pause Full (Ergonomics)
[106.277s][info][gc,phases,start] GC(315) Marking Phase
[107.543s][info][gc,phases      ] GC(315) Marking Phase 1266.728ms
[107.543s][info][gc,phases,start] GC(315) Summary Phase
[107.544s][info][gc,phases      ] GC(315) Summary Phase 0.093ms
[107.544s][info][gc,phases,start] GC(315) Adjust Roots
[107.544s][info][gc,phases      ] GC(315) Adjust Roots 0.299ms
[107.544s][info][gc,phases,start] GC(315) Compaction Phase
[107.923s][info][gc,phases      ] GC(315) Compaction Phase 379.471ms
[107.923s][info][gc,phases,start] GC(315) Post Compact
[107.932s][info][gc,phases      ] GC(315) Post Compact 8.921ms
[107.932s][info][gc,heap        ] GC(315) PSYoungGen: 63999K(344064K)->63999K(344064K) Eden: 63999K(64000K)->63999K(64000K) From: 0K(280064K)->0K(280064K)
[107.933s][info][gc,heap        ] GC(315) ParOldGen: 5051672K(5051904K)->5051672K(5051904K)
[107.933s][info][gc,metaspace   ] GC(315) Metaspace: 6297K(6464K)->6297K(6464K) NonClass: 5764K(5824K)->5764K(5824K) Class: 533K(640K)->533K(640K)
[107.933s][info][gc             ] GC(315) Pause Full (Ergonomics) 4995M->4995M(5269M) 1655.971ms
[107.933s][info][gc,cpu         ] GC(315) User=12.61s Sys=0.05s Real=1.66s
[107.933s][info][gc,start       ] GC(316) Pause Full (Ergonomics)
[107.933s][info][gc,phases,start] GC(316) Marking Phase
[109.142s][info][gc,phases      ] GC(316) Marking Phase 1208.965ms
[109.142s][info][gc,phases,start] GC(316) Summary Phase
[109.142s][info][gc,phases      ] GC(316) Summary Phase 0.085ms
[109.142s][info][gc,phases,start] GC(316) Adjust Roots
[109.142s][info][gc,phases      ] GC(316) Adjust Roots 0.392ms
[109.142s][info][gc,phases,start] GC(316) Compaction Phase
[109.497s][info][gc,phases      ] GC(316) Compaction Phase 354.156ms
[109.497s][info][gc,phases,start] GC(316) Post Compact
[109.506s][info][gc,phases      ] GC(316) Post Compact 9.305ms
[109.506s][info][gc,heap        ] GC(316) PSYoungGen: 63999K(344064K)->63999K(344064K) Eden: 63999K(64000K)->63999K(64000K) From: 0K(280064K)->0K(280064K)
[109.506s][info][gc,heap        ] GC(316) ParOldGen: 5051676K(5051904K)->5051676K(5051904K)
[109.506s][info][gc,metaspace   ] GC(316) Metaspace: 6297K(6464K)->6297K(6464K) NonClass: 5764K(5824K)->5764K(5824K) Class: 533K(640K)->533K(640K)
[109.506s][info][gc             ] GC(316) Pause Full (Ergonomics) 4995M->4995M(5269M) 1573.363ms
[109.506s][info][gc,cpu         ] GC(316) User=12.09s Sys=0.00s Real=1.57s
[109.506s][info][gc,start       ] GC(317) Pause Full (Ergonomics)
[109.506s][info][gc,phases,start] GC(317) Marking Phase
[110.745s][info][gc,phases      ] GC(317) Marking Phase 1238.172ms
[110.745s][info][gc,phases,start] GC(317) Summary Phase
[110.745s][info][gc,phases      ] GC(317) Summary Phase 0.093ms
[110.745s][info][gc,phases,start] GC(317) Adjust Roots
[110.745s][info][gc,phases      ] GC(317) Adjust Roots 0.350ms
[110.745s][info][gc,phases,start] GC(317) Compaction Phase
[111.070s][info][gc,phases      ] GC(317) Compaction Phase 324.792ms
[111.070s][info][gc,phases,start] GC(317) Post Compact
[111.079s][info][gc,phases      ] GC(317) Post Compact 8.721ms
[111.079s][info][gc,heap        ] GC(317) PSYoungGen: 63999K(344064K)->63999K(344064K) Eden: 63999K(64000K)->63999K(64000K) From: 0K(280064K)->0K(280064K)
[111.079s][info][gc,heap        ] GC(317) ParOldGen: 5051681K(5051904K)->5051681K(5051904K)
[111.079s][info][gc,metaspace   ] GC(317) Metaspace: 6297K(6464K)->6297K(6464K) NonClass: 5764K(5824K)->5764K(5824K) Class: 533K(640K)->533K(640K)
[111.079s][info][gc             ] GC(317) Pause Full (Ergonomics) 4995M->4995M(5269M) 1572.590ms
[111.079s][info][gc,cpu         ] GC(317) User=12.03s Sys=0.00s Real=1.57s
[111.079s][info][gc,start       ] GC(318) Pause Full (Ergonomics)
[111.079s][info][gc,phases,start] GC(318) Marking Phase
[112.272s][info][gc,phases      ] GC(318) Marking Phase 1192.952ms
[112.272s][info][gc,phases,start] GC(318) Summary Phase
[112.272s][info][gc,phases      ] GC(318) Summary Phase 0.079ms
[112.272s][info][gc,phases,start] GC(318) Adjust Roots
[112.273s][info][gc,phases      ] GC(318) Adjust Roots 0.288ms
[112.273s][info][gc,phases,start] GC(318) Compaction Phase
[112.598s][info][gc,phases      ] GC(318) Compaction Phase 325.324ms
[112.598s][info][gc,phases,start] GC(318) Post Compact
[112.607s][info][gc,phases      ] GC(318) Post Compact 8.933ms
[112.607s][info][gc,heap        ] GC(318) PSYoungGen: 63999K(344064K)->63999K(344064K) Eden: 63999K(64000K)->63999K(64000K) From: 0K(280064K)->0K(280064K)
[112.607s][info][gc,heap        ] GC(318) ParOldGen: 5051686K(5051904K)->5051686K(5051904K)
[112.607s][info][gc,metaspace   ] GC(318) Metaspace: 6297K(6464K)->6297K(6464K) NonClass: 5764K(5824K)->5764K(5824K) Class: 533K(640K)->533K(640K)
[112.607s][info][gc             ] GC(318) Pause Full (Ergonomics) 4995M->4995M(5269M) 1528.068ms
[112.607s][info][gc,cpu         ] GC(318) User=11.67s Sys=0.05s Real=1.53s
[112.607s][info][gc,start       ] GC(319) Pause Full (Ergonomics)
[112.607s][info][gc,phases,start] GC(319) Marking Phase
[113.812s][info][gc,phases      ] GC(319) Marking Phase 1204.050ms
[113.812s][info][gc,phases,start] GC(319) Summary Phase
[113.812s][info][gc,phases      ] GC(319) Summary Phase 0.090ms
[113.812s][info][gc,phases,start] GC(319) Adjust Roots
[113.812s][info][gc,phases      ] GC(319) Adjust Roots 0.306ms
[113.812s][info][gc,phases,start] GC(319) Compaction Phase
[114.150s][info][gc,phases      ] GC(319) Compaction Phase 337.854ms
[114.150s][info][gc,phases,start] GC(319) Post Compact
[114.159s][info][gc,phases      ] GC(319) Post Compact 9.024ms
[114.159s][info][gc,heap        ] GC(319) PSYoungGen: 63999K(344064K)->63999K(344064K) Eden: 63999K(64000K)->63999K(64000K) From: 0K(280064K)->0K(280064K)
[114.159s][info][gc,heap        ] GC(319) ParOldGen: 5051691K(5051904K)->5051691K(5051904K)
[114.159s][info][gc,metaspace   ] GC(319) Metaspace: 6297K(6464K)->6297K(6464K) NonClass: 5764K(5824K)->5764K(5824K) Class: 533K(640K)->533K(640K)
[114.159s][info][gc             ] GC(319) Pause Full (Ergonomics) 4995M->4995M(5269M) 1551.791ms
[114.159s][info][gc,cpu         ] GC(319) User=11.73s Sys=0.00s Real=1.55s
[114.159s][info][gc,start       ] GC(320) Pause Full (Ergonomics)
[114.160s][info][gc,phases,start] GC(320) Marking Phase
[115.355s][info][gc,phases      ] GC(320) Marking Phase 1195.745ms
[115.355s][info][gc,phases,start] GC(320) Summary Phase
[115.355s][info][gc,phases      ] GC(320) Summary Phase 0.105ms
[115.355s][info][gc,phases,start] GC(320) Adjust Roots
[115.356s][info][gc,phases      ] GC(320) Adjust Roots 0.334ms
[115.356s][info][gc,phases,start] GC(320) Compaction Phase
[115.688s][info][gc,phases      ] GC(320) Compaction Phase 331.671ms
[115.688s][info][gc,phases,start] GC(320) Post Compact
[115.697s][info][gc,phases      ] GC(320) Post Compact 9.458ms
[115.697s][info][gc,heap        ] GC(320) PSYoungGen: 63999K(344064K)->63999K(344064K) Eden: 63999K(64000K)->63999K(64000K) From: 0K(280064K)->0K(280064K)
[115.697s][info][gc,heap        ] GC(320) ParOldGen: 5051696K(5051904K)->5051696K(5051904K)
[115.697s][info][gc,metaspace   ] GC(320) Metaspace: 6297K(6464K)->6297K(6464K) NonClass: 5764K(5824K)->5764K(5824K) Class: 533K(640K)->533K(640K)
[115.697s][info][gc             ] GC(320) Pause Full (Ergonomics) 4995M->4995M(5269M) 1537.776ms
[115.697s][info][gc,cpu         ] GC(320) User=11.73s Sys=0.02s Real=1.54s
[115.697s][info][gc,start       ] GC(321) Pause Full (Ergonomics)
[115.698s][info][gc,phases,start] GC(321) Marking Phase
[116.992s][info][gc,phases      ] GC(321) Marking Phase 1294.304ms
[116.992s][info][gc,phases,start] GC(321) Summary Phase
[116.992s][info][gc,phases      ] GC(321) Summary Phase 0.087ms
[116.992s][info][gc,phases,start] GC(321) Adjust Roots
[116.992s][info][gc,phases      ] GC(321) Adjust Roots 0.287ms
[116.992s][info][gc,phases,start] GC(321) Compaction Phase
[117.322s][info][gc,phases      ] GC(321) Compaction Phase 329.491ms
[117.322s][info][gc,phases,start] GC(321) Post Compact
[117.331s][info][gc,phases      ] GC(321) Post Compact 8.899ms
[117.331s][info][gc,heap        ] GC(321) PSYoungGen: 63999K(344064K)->63999K(344064K) Eden: 63999K(64000K)->63999K(64000K) From: 0K(280064K)->0K(280064K)
[117.331s][info][gc,heap        ] GC(321) ParOldGen: 5051701K(5051904K)->5051701K(5051904K)
[117.331s][info][gc,metaspace   ] GC(321) Metaspace: 6297K(6464K)->6297K(6464K) NonClass: 5764K(5824K)->5764K(5824K) Class: 533K(640K)->533K(640K)
[117.331s][info][gc             ] GC(321) Pause Full (Ergonomics) 4995M->4995M(5269M) 1633.441ms
[117.331s][info][gc,cpu         ] GC(321) User=11.02s Sys=0.00s Real=1.63s
[117.331s][info][gc,start       ] GC(322) Pause Full (Ergonomics)
[117.331s][info][gc,phases,start] GC(322) Marking Phase
[118.527s][info][gc,phases      ] GC(322) Marking Phase 1195.960ms
[118.527s][info][gc,phases,start] GC(322) Summary Phase
[118.527s][info][gc,phases      ] GC(322) Summary Phase 0.111ms
[118.527s][info][gc,phases,start] GC(322) Adjust Roots
[118.528s][info][gc,phases      ] GC(322) Adjust Roots 0.292ms
[118.528s][info][gc,phases,start] GC(322) Compaction Phase
[118.860s][info][gc,phases      ] GC(322) Compaction Phase 332.059ms
[118.860s][info][gc,phases,start] GC(322) Post Compact
[118.869s][info][gc,phases      ] GC(322) Post Compact 9.085ms
[118.869s][info][gc,heap        ] GC(322) PSYoungGen: 63999K(344064K)->63999K(344064K) Eden: 63999K(64000K)->63999K(64000K) From: 0K(280064K)->0K(280064K)
[118.869s][info][gc,heap        ] GC(322) ParOldGen: 5051705K(5051904K)->5051705K(5051904K)
[118.869s][info][gc,metaspace   ] GC(322) Metaspace: 6297K(6464K)->6297K(6464K) NonClass: 5764K(5824K)->5764K(5824K) Class: 533K(640K)->533K(640K)
[118.869s][info][gc             ] GC(322) Pause Full (Ergonomics) 4995M->4995M(5269M) 1537.909ms
[118.869s][info][gc,cpu         ] GC(322) User=11.45s Sys=0.00s Real=1.54s
[118.869s][info][gc,start       ] GC(323) Pause Full (Ergonomics)
[118.869s][info][gc,phases,start] GC(323) Marking Phase
[120.054s][info][gc,phases      ] GC(323) Marking Phase 1184.236ms
[120.054s][info][gc,phases,start] GC(323) Summary Phase
[120.054s][info][gc,phases      ] GC(323) Summary Phase 0.079ms
[120.054s][info][gc,phases,start] GC(323) Adjust Roots
[120.054s][info][gc,phases      ] GC(323) Adjust Roots 0.283ms
[120.054s][info][gc,phases,start] GC(323) Compaction Phase
[120.385s][info][gc,phases      ] GC(323) Compaction Phase 331.373ms
[120.386s][info][gc,phases,start] GC(323) Post Compact
[120.394s][info][gc,phases      ] GC(323) Post Compact 8.904ms
[120.395s][info][gc,heap        ] GC(323) PSYoungGen: 63999K(344064K)->63999K(344064K) Eden: 63999K(64000K)->63999K(64000K) From: 0K(280064K)->0K(280064K)
[120.395s][info][gc,heap        ] GC(323) ParOldGen: 5051710K(5051904K)->5051710K(5051904K)
[120.395s][info][gc,metaspace   ] GC(323) Metaspace: 6297K(6464K)->6297K(6464K) NonClass: 5764K(5824K)->5764K(5824K) Class: 533K(640K)->533K(640K)
[120.395s][info][gc             ] GC(323) Pause Full (Ergonomics) 4995M->4995M(5269M) 1525.285ms
[120.395s][info][gc,cpu         ] GC(323) User=11.62s Sys=0.00s Real=1.53s
[120.395s][info][gc,start       ] GC(324) Pause Full (Ergonomics)
[120.395s][info][gc,phases,start] GC(324) Marking Phase
[121.556s][info][gc,phases      ] GC(324) Marking Phase 1160.789ms
[121.556s][info][gc,phases,start] GC(324) Summary Phase
[121.556s][info][gc,phases      ] GC(324) Summary Phase 0.092ms
[121.556s][info][gc,phases,start] GC(324) Adjust Roots
[121.556s][info][gc,phases      ] GC(324) Adjust Roots 0.301ms
[121.556s][info][gc,phases,start] GC(324) Compaction Phase
[121.885s][info][gc,phases      ] GC(324) Compaction Phase 328.560ms
[121.885s][info][gc,phases,start] GC(324) Post Compact
[121.898s][info][gc,phases      ] GC(324) Post Compact 12.831ms
[121.898s][info][gc,heap        ] GC(324) PSYoungGen: 63999K(344064K)->63999K(344064K) Eden: 63999K(64000K)->63999K(64000K) From: 0K(280064K)->0K(280064K)
[121.898s][info][gc,heap        ] GC(324) ParOldGen: 5051715K(5051904K)->5051715K(5051904K)
[121.898s][info][gc,metaspace   ] GC(324) Metaspace: 6297K(6464K)->6297K(6464K) NonClass: 5764K(5824K)->5764K(5824K) Class: 533K(640K)->533K(640K)
[121.898s][info][gc             ] GC(324) Pause Full (Ergonomics) 4995M->4995M(5269M) 1503.150ms
[121.898s][info][gc,cpu         ] GC(324) User=11.41s Sys=0.00s Real=1.50s
[121.898s][info][gc,start       ] GC(325) Pause Full (Ergonomics)
[121.898s][info][gc,phases,start] GC(325) Marking Phase
[123.070s][info][gc,phases      ] GC(325) Marking Phase 1171.396ms
[123.070s][info][gc,phases,start] GC(325) Summary Phase
[123.070s][info][gc,phases      ] GC(325) Summary Phase 0.083ms
[123.070s][info][gc,phases,start] GC(325) Adjust Roots
[123.070s][info][gc,phases      ] GC(325) Adjust Roots 0.292ms
[123.070s][info][gc,phases,start] GC(325) Compaction Phase
[123.400s][info][gc,phases      ] GC(325) Compaction Phase 330.132ms
[123.400s][info][gc,phases,start] GC(325) Post Compact
[123.409s][info][gc,phases      ] GC(325) Post Compact 8.183ms
[123.409s][info][gc,heap        ] GC(325) PSYoungGen: 63999K(344064K)->63999K(344064K) Eden: 63999K(64000K)->63999K(64000K) From: 0K(280064K)->0K(280064K)
[123.409s][info][gc,heap        ] GC(325) ParOldGen: 5051720K(5051904K)->5051720K(5051904K)
[123.409s][info][gc,metaspace   ] GC(325) Metaspace: 6297K(6464K)->6297K(6464K) NonClass: 5764K(5824K)->5764K(5824K) Class: 533K(640K)->533K(640K)
[123.409s][info][gc             ] GC(325) Pause Full (Ergonomics) 4995M->4995M(5269M) 1510.544ms
[123.409s][info][gc,cpu         ] GC(325) User=11.55s Sys=0.02s Real=1.51s
[123.409s][info][gc,start       ] GC(326) Pause Full (Ergonomics)
[123.409s][info][gc,phases,start] GC(326) Marking Phase
[124.611s][info][gc,phases      ] GC(326) Marking Phase 1202.107ms
[124.611s][info][gc,phases,start] GC(326) Summary Phase
[124.611s][info][gc,phases      ] GC(326) Summary Phase 0.092ms
[124.611s][info][gc,phases,start] GC(326) Adjust Roots
[124.612s][info][gc,phases      ] GC(326) Adjust Roots 0.296ms
[124.612s][info][gc,phases,start] GC(326) Compaction Phase
[124.939s][info][gc,phases      ] GC(326) Compaction Phase 326.840ms
[124.939s][info][gc,phases,start] GC(326) Post Compact
[124.946s][info][gc,phases      ] GC(326) Post Compact 7.718ms
[124.946s][info][gc,heap        ] GC(326) PSYoungGen: 63999K(344064K)->63999K(344064K) Eden: 63999K(64000K)->63999K(64000K) From: 0K(280064K)->0K(280064K)
[124.946s][info][gc,heap        ] GC(326) ParOldGen: 5051725K(5051904K)->5051725K(5051904K)
[124.946s][info][gc,metaspace   ] GC(326) Metaspace: 6297K(6464K)->6297K(6464K) NonClass: 5764K(5824K)->5764K(5824K) Class: 533K(640K)->533K(640K)
[124.946s][info][gc             ] GC(326) Pause Full (Ergonomics) 4995M->4995M(5269M) 1537.491ms
[124.947s][info][gc,cpu         ] GC(326) User=11.55s Sys=0.00s Real=1.54s
[124.947s][info][gc,start       ] GC(327) Pause Full (Ergonomics)
[124.947s][info][gc,phases,start] GC(327) Marking Phase
[126.120s][info][gc,phases      ] GC(327) Marking Phase 1173.371ms
[126.120s][info][gc,phases,start] GC(327) Summary Phase
[126.120s][info][gc,phases      ] GC(327) Summary Phase 0.100ms
[126.120s][info][gc,phases,start] GC(327) Adjust Roots
[126.121s][info][gc,phases      ] GC(327) Adjust Roots 0.335ms
[126.121s][info][gc,phases,start] GC(327) Compaction Phase
[126.451s][info][gc,phases      ] GC(327) Compaction Phase 330.494ms
[126.451s][info][gc,phases,start] GC(327) Post Compact
[126.460s][info][gc,phases      ] GC(327) Post Compact 8.826ms
[126.460s][info][gc,heap        ] GC(327) PSYoungGen: 63999K(344064K)->63999K(344064K) Eden: 63999K(64000K)->63999K(64000K) From: 0K(280064K)->0K(280064K)
[126.460s][info][gc,heap        ] GC(327) ParOldGen: 5051730K(5051904K)->5051730K(5051904K)
[126.460s][info][gc,metaspace   ] GC(327) Metaspace: 6297K(6464K)->6297K(6464K) NonClass: 5764K(5824K)->5764K(5824K) Class: 533K(640K)->533K(640K)
[126.460s][info][gc             ] GC(327) Pause Full (Ergonomics) 4995M->4995M(5269M) 1513.556ms
[126.460s][info][gc,cpu         ] GC(327) User=11.41s Sys=0.00s Real=1.51s
[126.460s][info][gc,start       ] GC(328) Pause Full (Ergonomics)
[126.460s][info][gc,phases,start] GC(328) Marking Phase
[127.658s][info][gc,phases      ] GC(328) Marking Phase 1197.519ms
[127.658s][info][gc,phases,start] GC(328) Summary Phase
[127.658s][info][gc,phases      ] GC(328) Summary Phase 0.102ms
[127.658s][info][gc,phases,start] GC(328) Adjust Roots
[127.659s][info][gc,phases      ] GC(328) Adjust Roots 0.307ms
[127.659s][info][gc,phases,start] GC(328) Compaction Phase
[127.989s][info][gc,phases      ] GC(328) Compaction Phase 330.123ms
[127.989s][info][gc,phases,start] GC(328) Post Compact
[127.997s][info][gc,phases      ] GC(328) Post Compact 8.288ms
[127.997s][info][gc,heap        ] GC(328) PSYoungGen: 63999K(344064K)->63999K(344064K) Eden: 63999K(64000K)->63999K(64000K) From: 0K(280064K)->0K(280064K)
[127.997s][info][gc,heap        ] GC(328) ParOldGen: 5051734K(5051904K)->5051734K(5051904K)
[127.997s][info][gc,metaspace   ] GC(328) Metaspace: 6297K(6464K)->6297K(6464K) NonClass: 5764K(5824K)->5764K(5824K) Class: 533K(640K)->533K(640K)
[127.997s][info][gc             ] GC(328) Pause Full (Ergonomics) 4995M->4995M(5269M) 1536.779ms
[127.997s][info][gc,cpu         ] GC(328) User=11.72s Sys=0.00s Real=1.54s
[127.997s][info][gc,start       ] GC(329) Pause Full (Ergonomics)
[127.997s][info][gc,phases,start] GC(329) Marking Phase
[129.170s][info][gc,phases      ] GC(329) Marking Phase 1172.848ms
[129.170s][info][gc,phases,start] GC(329) Summary Phase
[129.171s][info][gc,phases      ] GC(329) Summary Phase 0.101ms
[129.171s][info][gc,phases,start] GC(329) Adjust Roots
[129.171s][info][gc,phases      ] GC(329) Adjust Roots 0.308ms
[129.171s][info][gc,phases,start] GC(329) Compaction Phase
[129.505s][info][gc,phases      ] GC(329) Compaction Phase 334.271ms
[129.505s][info][gc,phases,start] GC(329) Post Compact
[129.513s][info][gc,phases      ] GC(329) Post Compact 7.555ms
[129.513s][info][gc,heap        ] GC(329) PSYoungGen: 63999K(344064K)->63999K(344064K) Eden: 63999K(64000K)->63999K(64000K) From: 0K(280064K)->0K(280064K)
[129.513s][info][gc,heap        ] GC(329) ParOldGen: 5051739K(5051904K)->5051739K(5051904K)
[129.513s][info][gc,metaspace   ] GC(329) Metaspace: 6297K(6464K)->6297K(6464K) NonClass: 5764K(5824K)->5764K(5824K) Class: 533K(640K)->533K(640K)
[129.513s][info][gc             ] GC(329) Pause Full (Ergonomics) 4995M->4995M(5269M) 1515.510ms
[129.513s][info][gc,cpu         ] GC(329) User=11.45s Sys=0.00s Real=1.52s
[129.513s][info][gc,start       ] GC(330) Pause Full (Ergonomics)
[129.513s][info][gc,phases,start] GC(330) Marking Phase
[130.723s][info][gc,phases      ] GC(330) Marking Phase 1209.752ms
[130.723s][info][gc,phases,start] GC(330) Summary Phase
[130.723s][info][gc,phases      ] GC(330) Summary Phase 0.107ms
[130.723s][info][gc,phases,start] GC(330) Adjust Roots
[130.724s][info][gc,phases      ] GC(330) Adjust Roots 0.333ms
[130.724s][info][gc,phases,start] GC(330) Compaction Phase
[131.062s][info][gc,phases      ] GC(330) Compaction Phase 338.495ms
[131.062s][info][gc,phases,start] GC(330) Post Compact
[131.071s][info][gc,phases      ] GC(330) Post Compact 8.615ms
[131.071s][info][gc,heap        ] GC(330) PSYoungGen: 63999K(344064K)->63999K(344064K) Eden: 63999K(64000K)->63999K(64000K) From: 0K(280064K)->0K(280064K)
[131.071s][info][gc,heap        ] GC(330) ParOldGen: 5051744K(5051904K)->5051744K(5051904K)
[131.071s][info][gc,metaspace   ] GC(330) Metaspace: 6297K(6464K)->6297K(6464K) NonClass: 5764K(5824K)->5764K(5824K) Class: 533K(640K)->533K(640K)
[131.071s][info][gc             ] GC(330) Pause Full (Ergonomics) 4995M->4995M(5269M) 1557.804ms
[131.071s][info][gc,cpu         ] GC(330) User=11.83s Sys=0.00s Real=1.56s
[131.071s][info][gc,start       ] GC(331) Pause Full (Ergonomics)
[131.071s][info][gc,phases,start] GC(331) Marking Phase
[132.256s][info][gc,phases      ] GC(331) Marking Phase 1184.897ms
[132.256s][info][gc,phases,start] GC(331) Summary Phase
[132.256s][info][gc,phases      ] GC(331) Summary Phase 0.088ms
[132.256s][info][gc,phases,start] GC(331) Adjust Roots
[132.257s][info][gc,phases      ] GC(331) Adjust Roots 0.350ms
[132.257s][info][gc,phases,start] GC(331) Compaction Phase
[132.598s][info][gc,phases      ] GC(331) Compaction Phase 340.883ms
[132.598s][info][gc,phases,start] GC(331) Post Compact
[132.605s][info][gc,phases      ] GC(331) Post Compact 7.568ms
[132.605s][info][gc,heap        ] GC(331) PSYoungGen: 63999K(344064K)->63999K(344064K) Eden: 63999K(64000K)->63999K(64000K) From: 0K(280064K)->0K(280064K)
[132.605s][info][gc,heap        ] GC(331) ParOldGen: 5051749K(5051904K)->5051749K(5051904K)
[132.605s][info][gc,metaspace   ] GC(331) Metaspace: 6297K(6464K)->6297K(6464K) NonClass: 5764K(5824K)->5764K(5824K) Class: 533K(640K)->533K(640K)
[132.605s][info][gc             ] GC(331) Pause Full (Ergonomics) 4995M->4995M(5269M) 1534.168ms
[132.605s][info][gc,cpu         ] GC(331) User=11.36s Sys=0.00s Real=1.53s
[132.606s][info][gc,start       ] GC(332) Pause Full (Ergonomics)
[132.606s][info][gc,phases,start] GC(332) Marking Phase
[133.802s][info][gc,phases      ] GC(332) Marking Phase 1196.704ms
[133.802s][info][gc,phases,start] GC(332) Summary Phase
[133.803s][info][gc,phases      ] GC(332) Summary Phase 0.070ms
[133.803s][info][gc,phases,start] GC(332) Adjust Roots
[133.803s][info][gc,phases      ] GC(332) Adjust Roots 0.240ms
[133.803s][info][gc,phases,start] GC(332) Compaction Phase
[134.128s][info][gc,phases      ] GC(332) Compaction Phase 324.837ms
[134.128s][info][gc,phases,start] GC(332) Post Compact
[134.136s][info][gc,phases      ] GC(332) Post Compact 7.968ms
[134.136s][info][gc,heap        ] GC(332) PSYoungGen: 63999K(344064K)->63999K(344064K) Eden: 63999K(64000K)->63999K(64000K) From: 0K(280064K)->0K(280064K)
[134.136s][info][gc,heap        ] GC(332) ParOldGen: 5051754K(5051904K)->5051754K(5051904K)
[134.136s][info][gc,metaspace   ] GC(332) Metaspace: 6297K(6464K)->6297K(6464K) NonClass: 5764K(5824K)->5764K(5824K) Class: 533K(640K)->533K(640K)
[134.136s][info][gc             ] GC(332) Pause Full (Ergonomics) 4995M->4995M(5269M) 1530.233ms
[134.136s][info][gc,cpu         ] GC(332) User=11.66s Sys=0.00s Real=1.53s
[134.136s][info][gc,start       ] GC(333) Pause Full (Ergonomics)
[134.136s][info][gc,phases,start] GC(333) Marking Phase
[135.356s][info][gc,phases      ] GC(333) Marking Phase 1220.158ms
[135.356s][info][gc,phases,start] GC(333) Summary Phase
[135.356s][info][gc,phases      ] GC(333) Summary Phase 0.076ms
[135.356s][info][gc,phases,start] GC(333) Adjust Roots
[135.357s][info][gc,phases      ] GC(333) Adjust Roots 0.207ms
[135.357s][info][gc,phases,start] GC(333) Compaction Phase
[135.691s][info][gc,phases      ] GC(333) Compaction Phase 334.619ms
[135.691s][info][gc,phases,start] GC(333) Post Compact
[135.699s][info][gc,phases      ] GC(333) Post Compact 7.937ms
[135.699s][info][gc,heap        ] GC(333) PSYoungGen: 63999K(344064K)->63999K(344064K) Eden: 63999K(64000K)->63999K(64000K) From: 0K(280064K)->0K(280064K)
[135.699s][info][gc,heap        ] GC(333) ParOldGen: 5051759K(5051904K)->5051759K(5051904K)
[135.699s][info][gc,metaspace   ] GC(333) Metaspace: 6297K(6464K)->6297K(6464K) NonClass: 5764K(5824K)->5764K(5824K) Class: 533K(640K)->533K(640K)
[135.699s][info][gc             ] GC(333) Pause Full (Ergonomics) 4995M->4995M(5269M) 1563.430ms
[135.699s][info][gc,cpu         ] GC(333) User=11.72s Sys=0.00s Real=1.56s
[135.700s][info][gc,start       ] GC(334) Pause Full (Ergonomics)
[135.700s][info][gc,phases,start] GC(334) Marking Phase
[136.905s][info][gc,phases      ] GC(334) Marking Phase 1205.270ms
[136.905s][info][gc,phases,start] GC(334) Summary Phase
[136.905s][info][gc,phases      ] GC(334) Summary Phase 0.087ms
[136.905s][info][gc,phases,start] GC(334) Adjust Roots
[136.906s][info][gc,phases      ] GC(334) Adjust Roots 0.261ms
[136.906s][info][gc,phases,start] GC(334) Compaction Phase
[137.239s][info][gc,phases      ] GC(334) Compaction Phase 333.476ms
[137.239s][info][gc,phases,start] GC(334) Post Compact
[137.247s][info][gc,phases      ] GC(334) Post Compact 7.912ms
[137.247s][info][gc,heap        ] GC(334) PSYoungGen: 63999K(344064K)->63999K(344064K) Eden: 63999K(64000K)->63999K(64000K) From: 0K(280064K)->0K(280064K)
[137.247s][info][gc,heap        ] GC(334) ParOldGen: 5051763K(5051904K)->5051763K(5051904K)
[137.247s][info][gc,metaspace   ] GC(334) Metaspace: 6297K(6464K)->6297K(6464K) NonClass: 5764K(5824K)->5764K(5824K) Class: 533K(640K)->533K(640K)
[137.247s][info][gc             ] GC(334) Pause Full (Ergonomics) 4995M->4995M(5269M) 1547.508ms
[137.247s][info][gc,cpu         ] GC(334) User=11.58s Sys=0.00s Real=1.55s
[137.248s][info][gc,start       ] GC(335) Pause Full (Ergonomics)
[137.248s][info][gc,phases,start] GC(335) Marking Phase
[138.430s][info][gc,phases      ] GC(335) Marking Phase 1182.456ms
[138.430s][info][gc,phases,start] GC(335) Summary Phase
[138.430s][info][gc,phases      ] GC(335) Summary Phase 0.112ms
[138.430s][info][gc,phases,start] GC(335) Adjust Roots
[138.431s][info][gc,phases      ] GC(335) Adjust Roots 0.367ms
[138.431s][info][gc,phases,start] GC(335) Compaction Phase
[138.766s][info][gc,phases      ] GC(335) Compaction Phase 335.673ms
[138.766s][info][gc,phases,start] GC(335) Post Compact
[138.773s][info][gc,phases      ] GC(335) Post Compact 6.962ms
[138.773s][info][gc,heap        ] GC(335) PSYoungGen: 63999K(344064K)->63999K(344064K) Eden: 63999K(64000K)->63999K(64000K) From: 0K(280064K)->0K(280064K)
[138.774s][info][gc,heap        ] GC(335) ParOldGen: 5051768K(5051904K)->5051768K(5051904K)
[138.774s][info][gc,metaspace   ] GC(335) Metaspace: 6297K(6464K)->6297K(6464K) NonClass: 5764K(5824K)->5764K(5824K) Class: 533K(640K)->533K(640K)
[138.774s][info][gc             ] GC(335) Pause Full (Ergonomics) 4995M->4995M(5269M) 1526.042ms
[138.774s][info][gc,cpu         ] GC(335) User=11.56s Sys=0.00s Real=1.53s
[138.774s][info][gc,start       ] GC(336) Pause Full (Ergonomics)
[138.774s][info][gc,phases,start] GC(336) Marking Phase
[139.964s][info][gc,phases      ] GC(336) Marking Phase 1190.651ms
[139.965s][info][gc,phases,start] GC(336) Summary Phase
[139.965s][info][gc,phases      ] GC(336) Summary Phase 0.122ms
[139.965s][info][gc,phases,start] GC(336) Adjust Roots
[139.965s][info][gc,phases      ] GC(336) Adjust Roots 0.252ms
[139.965s][info][gc,phases,start] GC(336) Compaction Phase
[140.305s][info][gc,phases      ] GC(336) Compaction Phase 340.075ms
[140.305s][info][gc,phases,start] GC(336) Post Compact
[140.312s][info][gc,phases      ] GC(336) Post Compact 7.023ms
[140.312s][info][gc,heap        ] GC(336) PSYoungGen: 63999K(344064K)->63999K(344064K) Eden: 63999K(64000K)->63999K(64000K) From: 0K(280064K)->0K(280064K)
[140.312s][info][gc,heap        ] GC(336) ParOldGen: 5051773K(5051904K)->5051773K(5051904K)
[140.312s][info][gc,metaspace   ] GC(336) Metaspace: 6297K(6464K)->6297K(6464K) NonClass: 5764K(5824K)->5764K(5824K) Class: 533K(640K)->533K(640K)
[140.312s][info][gc             ] GC(336) Pause Full (Ergonomics) 4995M->4995M(5269M) 1538.476ms
[140.312s][info][gc,cpu         ] GC(336) User=11.64s Sys=0.00s Real=1.54s
[140.312s][info][gc,start       ] GC(337) Pause Full (Ergonomics)
[140.312s][info][gc,phases,start] GC(337) Marking Phase
[141.506s][info][gc,phases      ] GC(337) Marking Phase 1193.999ms
[141.507s][info][gc,phases,start] GC(337) Summary Phase
[141.507s][info][gc,phases      ] GC(337) Summary Phase 0.057ms
[141.507s][info][gc,phases,start] GC(337) Adjust Roots
[141.507s][info][gc,phases      ] GC(337) Adjust Roots 0.231ms
[141.507s][info][gc,phases,start] GC(337) Compaction Phase
[141.901s][info][gc,phases      ] GC(337) Compaction Phase 394.156ms
[141.901s][info][gc,phases,start] GC(337) Post Compact
[141.908s][info][gc,phases      ] GC(337) Post Compact 6.680ms
[141.908s][info][gc,heap        ] GC(337) PSYoungGen: 63999K(344064K)->63999K(344064K) Eden: 63999K(64000K)->63999K(64000K) From: 0K(280064K)->0K(280064K)
[141.908s][info][gc,heap        ] GC(337) ParOldGen: 5051778K(5051904K)->5051778K(5051904K)
[141.908s][info][gc,metaspace   ] GC(337) Metaspace: 6297K(6464K)->6297K(6464K) NonClass: 5764K(5824K)->5764K(5824K) Class: 533K(640K)->533K(640K)
[141.908s][info][gc             ] GC(337) Pause Full (Ergonomics) 4995M->4995M(5269M) 1595.456ms
[141.908s][info][gc,cpu         ] GC(337) User=12.08s Sys=0.00s Real=1.60s
[141.908s][info][gc,start       ] GC(338) Pause Full (Ergonomics)
[141.908s][info][gc,phases,start] GC(338) Marking Phase
[143.215s][info][gc,phases      ] GC(338) Marking Phase 1306.931ms
[143.215s][info][gc,phases,start] GC(338) Summary Phase
[143.215s][info][gc,phases      ] GC(338) Summary Phase 0.109ms
[143.215s][info][gc,phases,start] GC(338) Adjust Roots
[143.215s][info][gc,phases      ] GC(338) Adjust Roots 0.227ms
[143.216s][info][gc,phases,start] GC(338) Compaction Phase
[143.537s][info][gc,phases      ] GC(338) Compaction Phase 321.893ms
[143.537s][info][gc,phases,start] GC(338) Post Compact
[143.544s][info][gc,phases      ] GC(338) Post Compact 6.504ms
[143.544s][info][gc,heap        ] GC(338) PSYoungGen: 63999K(344064K)->63999K(344064K) Eden: 63999K(64000K)->63999K(64000K) From: 0K(280064K)->0K(280064K)
[143.544s][info][gc,heap        ] GC(338) ParOldGen: 5051783K(5051904K)->5051783K(5051904K)
[143.544s][info][gc,metaspace   ] GC(338) Metaspace: 6297K(6464K)->6297K(6464K) NonClass: 5764K(5824K)->5764K(5824K) Class: 533K(640K)->533K(640K)
[143.544s][info][gc             ] GC(338) Pause Full (Ergonomics) 4995M->4995M(5269M) 1636.009ms
[143.544s][info][gc,cpu         ] GC(338) User=11.48s Sys=0.02s Real=1.64s
[143.544s][info][gc,start       ] GC(339) Pause Full (Ergonomics)
[143.544s][info][gc,phases,start] GC(339) Marking Phase
[144.750s][info][gc,phases      ] GC(339) Marking Phase 1205.399ms
[144.750s][info][gc,phases,start] GC(339) Summary Phase
[144.750s][info][gc,phases      ] GC(339) Summary Phase 0.057ms
[144.750s][info][gc,phases,start] GC(339) Adjust Roots
[144.750s][info][gc,phases      ] GC(339) Adjust Roots 0.167ms
[144.750s][info][gc,phases,start] GC(339) Compaction Phase
[145.079s][info][gc,phases      ] GC(339) Compaction Phase 329.227ms
[145.079s][info][gc,phases,start] GC(339) Post Compact
[145.086s][info][gc,phases      ] GC(339) Post Compact 6.846ms
[145.086s][info][gc,heap        ] GC(339) PSYoungGen: 63999K(344064K)->63999K(344064K) Eden: 63999K(64000K)->63999K(64000K) From: 0K(280064K)->0K(280064K)
[145.086s][info][gc,heap        ] GC(339) ParOldGen: 5051788K(5051904K)->5051788K(5051904K)
[145.086s][info][gc,metaspace   ] GC(339) Metaspace: 6297K(6464K)->6297K(6464K) NonClass: 5764K(5824K)->5764K(5824K) Class: 533K(640K)->533K(640K)
[145.086s][info][gc             ] GC(339) Pause Full (Ergonomics) 4995M->4995M(5269M) 1541.997ms
[145.086s][info][gc,cpu         ] GC(339) User=11.81s Sys=0.00s Real=1.54s
[145.086s][info][gc,start       ] GC(340) Pause Full (Ergonomics)
[145.086s][info][gc,phases,start] GC(340) Marking Phase
[146.280s][info][gc,phases      ] GC(340) Marking Phase 1193.503ms
[146.280s][info][gc,phases,start] GC(340) Summary Phase
[146.280s][info][gc,phases      ] GC(340) Summary Phase 0.068ms
[146.280s][info][gc,phases,start] GC(340) Adjust Roots
[146.280s][info][gc,phases      ] GC(340) Adjust Roots 0.221ms
[146.280s][info][gc,phases,start] GC(340) Compaction Phase
[146.606s][info][gc,phases      ] GC(340) Compaction Phase 325.134ms
[146.606s][info][gc,phases,start] GC(340) Post Compact
[146.613s][info][gc,phases      ] GC(340) Post Compact 6.916ms
[146.613s][info][gc,heap        ] GC(340) PSYoungGen: 63999K(344064K)->63999K(344064K) Eden: 63999K(64000K)->63999K(64000K) From: 0K(280064K)->0K(280064K)
[146.613s][info][gc,heap        ] GC(340) ParOldGen: 5051792K(5051904K)->5051792K(5051904K)
[146.613s][info][gc,metaspace   ] GC(340) Metaspace: 6297K(6464K)->6297K(6464K) NonClass: 5764K(5824K)->5764K(5824K) Class: 533K(640K)->533K(640K)
[146.613s][info][gc             ] GC(340) Pause Full (Ergonomics) 4995M->4995M(5269M) 1526.147ms
[146.613s][info][gc,cpu         ] GC(340) User=11.61s Sys=0.00s Real=1.53s
[146.613s][info][gc,start       ] GC(341) Pause Full (Ergonomics)
[146.613s][info][gc,phases,start] GC(341) Marking Phase
[147.791s][info][gc,phases      ] GC(341) Marking Phase 1178.648ms
[147.792s][info][gc,phases,start] GC(341) Summary Phase
[147.792s][info][gc,phases      ] GC(341) Summary Phase 0.058ms
[147.792s][info][gc,phases,start] GC(341) Adjust Roots
[147.792s][info][gc,phases      ] GC(341) Adjust Roots 0.169ms
[147.792s][info][gc,phases,start] GC(341) Compaction Phase
[148.124s][info][gc,phases      ] GC(341) Compaction Phase 332.697ms
[148.125s][info][gc,phases,start] GC(341) Post Compact
[148.132s][info][gc,phases      ] GC(341) Post Compact 7.626ms
[148.132s][info][gc,heap        ] GC(341) PSYoungGen: 63999K(344064K)->63999K(344064K) Eden: 63999K(64000K)->63999K(64000K) From: 0K(280064K)->0K(280064K)
[148.132s][info][gc,heap        ] GC(341) ParOldGen: 5051797K(5051904K)->5051797K(5051904K)
[148.132s][info][gc,metaspace   ] GC(341) Metaspace: 6297K(6464K)->6297K(6464K) NonClass: 5764K(5824K)->5764K(5824K) Class: 533K(640K)->533K(640K)
[148.132s][info][gc             ] GC(341) Pause Full (Ergonomics) 4995M->4995M(5269M) 1519.520ms
[148.132s][info][gc,cpu         ] GC(341) User=11.59s Sys=0.00s Real=1.52s
[148.132s][info][gc,start       ] GC(342) Pause Full (Ergonomics)
[148.133s][info][gc,phases,start] GC(342) Marking Phase
[149.340s][info][gc,phases      ] GC(342) Marking Phase 1207.745ms
[149.340s][info][gc,phases,start] GC(342) Summary Phase
[149.340s][info][gc,phases      ] GC(342) Summary Phase 0.057ms
[149.340s][info][gc,phases,start] GC(342) Adjust Roots
[149.341s][info][gc,phases      ] GC(342) Adjust Roots 0.192ms
[149.341s][info][gc,phases,start] GC(342) Compaction Phase
[149.670s][info][gc,phases      ] GC(342) Compaction Phase 328.896ms
[149.670s][info][gc,phases,start] GC(342) Post Compact
[149.676s][info][gc,phases      ] GC(342) Post Compact 6.473ms
[149.676s][info][gc,heap        ] GC(342) PSYoungGen: 63999K(344064K)->63999K(344064K) Eden: 63999K(64000K)->63999K(64000K) From: 0K(280064K)->0K(280064K)
[149.676s][info][gc,heap        ] GC(342) ParOldGen: 5051802K(5051904K)->5051802K(5051904K)
[149.676s][info][gc,metaspace   ] GC(342) Metaspace: 6297K(6464K)->6297K(6464K) NonClass: 5764K(5824K)->5764K(5824K) Class: 533K(640K)->533K(640K)
[149.676s][info][gc             ] GC(342) Pause Full (Ergonomics) 4995M->4995M(5269M) 1543.642ms
[149.676s][info][gc,cpu         ] GC(342) User=11.78s Sys=0.00s Real=1.54s
[149.676s][info][gc,start       ] GC(343) Pause Full (Ergonomics)
[149.676s][info][gc,phases,start] GC(343) Marking Phase
[150.873s][info][gc,phases      ] GC(343) Marking Phase 1196.405ms
[150.873s][info][gc,phases,start] GC(343) Summary Phase
[150.873s][info][gc,phases      ] GC(343) Summary Phase 0.069ms
[150.873s][info][gc,phases,start] GC(343) Adjust Roots
[150.873s][info][gc,phases      ] GC(343) Adjust Roots 0.220ms
[150.873s][info][gc,phases,start] GC(343) Compaction Phase
[151.205s][info][gc,phases      ] GC(343) Compaction Phase 331.835ms
[151.205s][info][gc,phases,start] GC(343) Post Compact
[151.212s][info][gc,phases      ] GC(343) Post Compact 7.142ms
[151.212s][info][gc,heap        ] GC(343) PSYoungGen: 63999K(344064K)->63999K(344064K) Eden: 63999K(64000K)->63999K(64000K) From: 0K(280064K)->0K(280064K)
[151.212s][info][gc,heap        ] GC(343) ParOldGen: 5051807K(5051904K)->5051807K(5051904K)
[151.212s][info][gc,metaspace   ] GC(343) Metaspace: 6297K(6464K)->6297K(6464K) NonClass: 5764K(5824K)->5764K(5824K) Class: 533K(640K)->533K(640K)
[151.212s][info][gc             ] GC(343) Pause Full (Ergonomics) 4995M->4995M(5269M) 1535.969ms
[151.212s][info][gc,cpu         ] GC(343) User=11.58s Sys=0.02s Real=1.54s
[151.212s][info][gc,start       ] GC(344) Pause Full (Ergonomics)
[151.212s][info][gc,phases,start] GC(344) Marking Phase
[152.416s][info][gc,phases      ] GC(344) Marking Phase 1203.989ms
[152.417s][info][gc,phases,start] GC(344) Summary Phase
[152.417s][info][gc,phases      ] GC(344) Summary Phase 0.058ms
[152.417s][info][gc,phases,start] GC(344) Adjust Roots
[152.417s][info][gc,phases      ] GC(344) Adjust Roots 0.227ms
[152.417s][info][gc,phases,start] GC(344) Compaction Phase
[152.755s][info][gc,phases      ] GC(344) Compaction Phase 338.167ms
[152.755s][info][gc,phases,start] GC(344) Post Compact
[152.762s][info][gc,phases      ] GC(344) Post Compact 7.227ms
[152.762s][info][gc,heap        ] GC(344) PSYoungGen: 63999K(344064K)->63999K(344064K) Eden: 63999K(64000K)->63999K(64000K) From: 0K(280064K)->0K(280064K)
[152.762s][info][gc,heap        ] GC(344) ParOldGen: 5051812K(5051904K)->5051812K(5051904K)
[152.762s][info][gc,metaspace   ] GC(344) Metaspace: 6297K(6464K)->6297K(6464K) NonClass: 5764K(5824K)->5764K(5824K) Class: 533K(640K)->533K(640K)
[152.762s][info][gc             ] GC(344) Pause Full (Ergonomics) 4995M->4995M(5269M) 1550.009ms
[152.762s][info][gc,cpu         ] GC(344) User=11.81s Sys=0.00s Real=1.55s
[152.763s][info][gc,start       ] GC(345) Pause Full (Ergonomics)
[152.763s][info][gc,phases,start] GC(345) Marking Phase
[153.963s][info][gc,phases      ] GC(345) Marking Phase 1200.092ms
[153.963s][info][gc,phases,start] GC(345) Summary Phase
[153.963s][info][gc,phases      ] GC(345) Summary Phase 0.056ms
[153.963s][info][gc,phases,start] GC(345) Adjust Roots
[153.963s][info][gc,phases      ] GC(345) Adjust Roots 0.177ms
[153.963s][info][gc,phases,start] GC(345) Compaction Phase
[154.295s][info][gc,phases      ] GC(345) Compaction Phase 331.836ms
[154.295s][info][gc,phases,start] GC(345) Post Compact
[154.302s][info][gc,phases      ] GC(345) Post Compact 7.284ms
[154.302s][info][gc,heap        ] GC(345) PSYoungGen: 63999K(344064K)->63999K(344064K) Eden: 63999K(64000K)->63999K(64000K) From: 0K(280064K)->0K(280064K)
[154.302s][info][gc,heap        ] GC(345) ParOldGen: 5051817K(5051904K)->5051817K(5051904K)
[154.302s][info][gc,metaspace   ] GC(345) Metaspace: 6297K(6464K)->6297K(6464K) NonClass: 5764K(5824K)->5764K(5824K) Class: 533K(640K)->533K(640K)
[154.302s][info][gc             ] GC(345) Pause Full (Ergonomics) 4995M->4995M(5269M) 1539.733ms
[154.302s][info][gc,cpu         ] GC(345) User=11.69s Sys=0.00s Real=1.54s
[154.303s][info][gc,start       ] GC(346) Pause Full (Ergonomics)
[154.303s][info][gc,phases,start] GC(346) Marking Phase
[155.515s][info][gc,phases      ] GC(346) Marking Phase 1212.782ms
[155.515s][info][gc,phases,start] GC(346) Summary Phase
[155.516s][info][gc,phases      ] GC(346) Summary Phase 0.084ms
[155.516s][info][gc,phases,start] GC(346) Adjust Roots
[155.516s][info][gc,phases      ] GC(346) Adjust Roots 0.289ms
[155.516s][info][gc,phases,start] GC(346) Compaction Phase
[155.842s][info][gc,phases      ] GC(346) Compaction Phase 326.271ms
[155.842s][info][gc,phases,start] GC(346) Post Compact
[155.849s][info][gc,phases      ] GC(346) Post Compact 6.738ms
[155.849s][info][gc,heap        ] GC(346) PSYoungGen: 63999K(344064K)->63999K(344064K) Eden: 63999K(64000K)->63999K(64000K) From: 0K(280064K)->0K(280064K)
[155.849s][info][gc,heap        ] GC(346) ParOldGen: 5051821K(5051904K)->5051821K(5051904K)
[155.849s][info][gc,metaspace   ] GC(346) Metaspace: 6297K(6464K)->6297K(6464K) NonClass: 5764K(5824K)->5764K(5824K) Class: 533K(640K)->533K(640K)
[155.849s][info][gc             ] GC(346) Pause Full (Ergonomics) 4995M->4995M(5269M) 1546.508ms
[155.849s][info][gc,cpu         ] GC(346) User=11.59s Sys=0.00s Real=1.55s
[155.849s][info][gc,start       ] GC(347) Pause Full (Ergonomics)
[155.849s][info][gc,phases,start] GC(347) Marking Phase
[157.027s][info][gc,phases      ] GC(347) Marking Phase 1177.881ms
[157.027s][info][gc,phases,start] GC(347) Summary Phase
[157.027s][info][gc,phases      ] GC(347) Summary Phase 0.056ms
[157.027s][info][gc,phases,start] GC(347) Adjust Roots
[157.027s][info][gc,phases      ] GC(347) Adjust Roots 0.168ms
[157.027s][info][gc,phases,start] GC(347) Compaction Phase
[157.355s][info][gc,phases      ] GC(347) Compaction Phase 327.458ms
[157.355s][info][gc,phases,start] GC(347) Post Compact
[157.362s][info][gc,phases      ] GC(347) Post Compact 6.952ms
[157.362s][info][gc,heap        ] GC(347) PSYoungGen: 63999K(344064K)->63999K(344064K) Eden: 63999K(64000K)->63999K(64000K) From: 0K(280064K)->0K(280064K)
[157.362s][info][gc,heap        ] GC(347) ParOldGen: 5051826K(5051904K)->5051826K(5051904K)
[157.362s][info][gc,metaspace   ] GC(347) Metaspace: 6297K(6464K)->6297K(6464K) NonClass: 5764K(5824K)->5764K(5824K) Class: 533K(640K)->533K(640K)
[157.362s][info][gc             ] GC(347) Pause Full (Ergonomics) 4995M->4995M(5269M) 1512.816ms
[157.362s][info][gc,cpu         ] GC(347) User=11.41s Sys=0.00s Real=1.51s
[157.362s][info][gc,start       ] GC(348) Pause Full (Ergonomics)
[157.362s][info][gc,phases,start] GC(348) Marking Phase
[158.556s][info][gc,phases      ] GC(348) Marking Phase 1193.389ms
[158.556s][info][gc,phases,start] GC(348) Summary Phase
[158.556s][info][gc,phases      ] GC(348) Summary Phase 0.055ms
[158.556s][info][gc,phases,start] GC(348) Adjust Roots
[158.556s][info][gc,phases      ] GC(348) Adjust Roots 0.164ms
[158.556s][info][gc,phases,start] GC(348) Compaction Phase
[158.880s][info][gc,phases      ] GC(348) Compaction Phase 324.419ms
[158.880s][info][gc,phases,start] GC(348) Post Compact
[158.888s][info][gc,phases      ] GC(348) Post Compact 7.288ms
[158.888s][info][gc,heap        ] GC(348) PSYoungGen: 63999K(344064K)->63999K(344064K) Eden: 63999K(64000K)->63999K(64000K) From: 0K(280064K)->0K(280064K)
[158.888s][info][gc,heap        ] GC(348) ParOldGen: 5051831K(5051904K)->5051831K(5051904K)
[158.888s][info][gc,metaspace   ] GC(348) Metaspace: 6297K(6464K)->6297K(6464K) NonClass: 5764K(5824K)->5764K(5824K) Class: 533K(640K)->533K(640K)
[158.888s][info][gc             ] GC(348) Pause Full (Ergonomics) 4995M->4995M(5269M) 1525.620ms
[158.888s][info][gc,cpu         ] GC(348) User=11.62s Sys=0.00s Real=1.53s
[158.888s][info][gc,start       ] GC(349) Pause Full (Ergonomics)
[158.888s][info][gc,phases,start] GC(349) Marking Phase
[160.087s][info][gc,phases      ] GC(349) Marking Phase 1198.587ms
[160.087s][info][gc,phases,start] GC(349) Summary Phase
[160.087s][info][gc,phases      ] GC(349) Summary Phase 0.105ms
[160.087s][info][gc,phases,start] GC(349) Adjust Roots
[160.087s][info][gc,phases      ] GC(349) Adjust Roots 0.341ms
[160.087s][info][gc,phases,start] GC(349) Compaction Phase
[160.411s][info][gc,phases      ] GC(349) Compaction Phase 323.939ms
[160.411s][info][gc,phases,start] GC(349) Post Compact
[160.419s][info][gc,phases      ] GC(349) Post Compact 7.770ms
[160.419s][info][gc,heap        ] GC(349) PSYoungGen: 63999K(344064K)->63999K(344064K) Eden: 63999K(64000K)->63999K(64000K) From: 0K(280064K)->0K(280064K)
[160.419s][info][gc,heap        ] GC(349) ParOldGen: 5051836K(5051904K)->5051836K(5051904K)
[160.419s][info][gc,metaspace   ] GC(349) Metaspace: 6297K(6464K)->6297K(6464K) NonClass: 5764K(5824K)->5764K(5824K) Class: 533K(640K)->533K(640K)
[160.419s][info][gc             ] GC(349) Pause Full (Ergonomics) 4995M->4995M(5269M) 1531.103ms
[160.419s][info][gc,cpu         ] GC(349) User=11.77s Sys=0.02s Real=1.53s
[160.419s][info][gc,start       ] GC(350) Pause Full (Ergonomics)
[160.419s][info][gc,phases,start] GC(350) Marking Phase
[161.614s][info][gc,phases      ] GC(350) Marking Phase 1194.841ms
[161.614s][info][gc,phases,start] GC(350) Summary Phase
[161.614s][info][gc,phases      ] GC(350) Summary Phase 0.063ms
[161.614s][info][gc,phases,start] GC(350) Adjust Roots
[161.615s][info][gc,phases      ] GC(350) Adjust Roots 0.216ms
[161.615s][info][gc,phases,start] GC(350) Compaction Phase
[161.942s][info][gc,phases      ] GC(350) Compaction Phase 327.890ms
[161.943s][info][gc,phases,start] GC(350) Post Compact
[161.950s][info][gc,phases      ] GC(350) Post Compact 7.551ms
[161.950s][info][gc,heap        ] GC(350) PSYoungGen: 63999K(344064K)->63999K(344064K) Eden: 63999K(64000K)->63999K(64000K) From: 0K(280064K)->0K(280064K)
[161.950s][info][gc,heap        ] GC(350) ParOldGen: 5051841K(5051904K)->5051841K(5051904K)
[161.950s][info][gc,metaspace   ] GC(350) Metaspace: 6297K(6464K)->6297K(6464K) NonClass: 5764K(5824K)->5764K(5824K) Class: 533K(640K)->533K(640K)
[161.950s][info][gc             ] GC(350) Pause Full (Ergonomics) 4995M->4995M(5269M) 1530.880ms
[161.950s][info][gc,cpu         ] GC(350) User=11.62s Sys=0.00s Real=1.53s
[161.950s][info][gc,start       ] GC(351) Pause Full (Ergonomics)
[161.950s][info][gc,phases,start] GC(351) Marking Phase
[163.130s][info][gc,phases      ] GC(351) Marking Phase 1179.641ms
[163.130s][info][gc,phases,start] GC(351) Summary Phase
[163.130s][info][gc,phases      ] GC(351) Summary Phase 0.057ms
[163.130s][info][gc,phases,start] GC(351) Adjust Roots
[163.130s][info][gc,phases      ] GC(351) Adjust Roots 0.167ms
[163.130s][info][gc,phases,start] GC(351) Compaction Phase
[163.457s][info][gc,phases      ] GC(351) Compaction Phase 326.892ms
[163.457s][info][gc,phases,start] GC(351) Post Compact
[163.464s][info][gc,phases      ] GC(351) Post Compact 6.857ms
[163.464s][info][gc,heap        ] GC(351) PSYoungGen: 63999K(344064K)->63999K(344064K) Eden: 63999K(64000K)->63999K(64000K) From: 0K(280064K)->0K(280064K)
[163.464s][info][gc,heap        ] GC(351) ParOldGen: 5051846K(5051904K)->5051846K(5051904K)
[163.464s][info][gc,metaspace   ] GC(351) Metaspace: 6297K(6464K)->6297K(6464K) NonClass: 5764K(5824K)->5764K(5824K) Class: 533K(640K)->533K(640K)
[163.464s][info][gc             ] GC(351) Pause Full (Ergonomics) 4995M->4995M(5269M) 1513.901ms
[163.464s][info][gc,cpu         ] GC(351) User=11.66s Sys=0.00s Real=1.51s
[163.464s][info][gc,start       ] GC(352) Pause Full (Ergonomics)
[163.464s][info][gc,phases,start] GC(352) Marking Phase
[164.659s][info][gc,phases      ] GC(352) Marking Phase 1194.760ms
[164.659s][info][gc,phases,start] GC(352) Summary Phase
[164.659s][info][gc,phases      ] GC(352) Summary Phase 0.055ms
[164.659s][info][gc,phases,start] GC(352) Adjust Roots
[164.659s][info][gc,phases      ] GC(352) Adjust Roots 0.165ms
[164.660s][info][gc,phases,start] GC(352) Compaction Phase
[164.988s][info][gc,phases      ] GC(352) Compaction Phase 328.749ms
[164.988s][info][gc,phases,start] GC(352) Post Compact
[164.996s][info][gc,phases      ] GC(352) Post Compact 7.171ms
[164.996s][info][gc,heap        ] GC(352) PSYoungGen: 63999K(344064K)->63999K(344064K) Eden: 63999K(64000K)->63999K(64000K) From: 0K(280064K)->0K(280064K)
[164.996s][info][gc,heap        ] GC(352) ParOldGen: 5051850K(5051904K)->5051850K(5051904K)
[164.996s][info][gc,metaspace   ] GC(352) Metaspace: 6297K(6464K)->6297K(6464K) NonClass: 5764K(5824K)->5764K(5824K) Class: 533K(640K)->533K(640K)
[164.996s][info][gc             ] GC(352) Pause Full (Ergonomics) 4995M->4995M(5269M) 1531.192ms
[164.996s][info][gc,cpu         ] GC(352) User=11.67s Sys=0.00s Real=1.53s
[164.996s][info][gc,start       ] GC(353) Pause Full (Ergonomics)
[164.996s][info][gc,phases,start] GC(353) Marking Phase
[166.174s][info][gc,phases      ] GC(353) Marking Phase 1178.059ms
[166.174s][info][gc,phases,start] GC(353) Summary Phase
[166.174s][info][gc,phases      ] GC(353) Summary Phase 0.055ms
[166.174s][info][gc,phases,start] GC(353) Adjust Roots
[166.174s][info][gc,phases      ] GC(353) Adjust Roots 0.191ms
[166.174s][info][gc,phases,start] GC(353) Compaction Phase
[166.502s][info][gc,phases      ] GC(353) Compaction Phase 327.335ms
[166.502s][info][gc,phases,start] GC(353) Post Compact
[166.508s][info][gc,phases      ] GC(353) Post Compact 6.481ms
[166.508s][info][gc,heap        ] GC(353) PSYoungGen: 63999K(344064K)->63999K(344064K) Eden: 63999K(64000K)->63999K(64000K) From: 0K(280064K)->0K(280064K)
[166.508s][info][gc,heap        ] GC(353) ParOldGen: 5051855K(5051904K)->5051855K(5051904K)
[166.508s][info][gc,metaspace   ] GC(353) Metaspace: 6297K(6464K)->6297K(6464K) NonClass: 5764K(5824K)->5764K(5824K) Class: 533K(640K)->533K(640K)
[166.508s][info][gc             ] GC(353) Pause Full (Ergonomics) 4995M->4995M(5269M) 1512.386ms
[166.508s][info][gc,cpu         ] GC(353) User=11.66s Sys=0.00s Real=1.51s
[166.508s][info][gc,start       ] GC(354) Pause Full (Ergonomics)
[166.508s][info][gc,phases,start] GC(354) Marking Phase
[167.727s][info][gc,phases      ] GC(354) Marking Phase 1218.204ms
[167.727s][info][gc,phases,start] GC(354) Summary Phase
[167.727s][info][gc,phases      ] GC(354) Summary Phase 0.056ms
[167.727s][info][gc,phases,start] GC(354) Adjust Roots
[167.727s][info][gc,phases      ] GC(354) Adjust Roots 0.187ms
[167.727s][info][gc,phases,start] GC(354) Compaction Phase
[168.047s][info][gc,phases      ] GC(354) Compaction Phase 320.559ms
[168.047s][info][gc,phases,start] GC(354) Post Compact
[168.054s][info][gc,phases      ] GC(354) Post Compact 6.799ms
[168.054s][info][gc,heap        ] GC(354) PSYoungGen: 63999K(344064K)->63999K(344064K) Eden: 63999K(64000K)->63999K(64000K) From: 0K(280064K)->0K(280064K)
[168.054s][info][gc,heap        ] GC(354) ParOldGen: 5051860K(5051904K)->5051860K(5051904K)
[168.054s][info][gc,metaspace   ] GC(354) Metaspace: 6297K(6464K)->6297K(6464K) NonClass: 5764K(5824K)->5764K(5824K) Class: 533K(640K)->533K(640K)
[168.054s][info][gc             ] GC(354) Pause Full (Ergonomics) 4995M->4995M(5269M) 1546.064ms
[168.054s][info][gc,cpu         ] GC(354) User=11.80s Sys=0.03s Real=1.55s
[168.055s][info][gc,start       ] GC(355) Pause Full (Ergonomics)
[168.055s][info][gc,phases,start] GC(355) Marking Phase
[169.266s][info][gc,phases      ] GC(355) Marking Phase 1211.857ms
[169.267s][info][gc,phases,start] GC(355) Summary Phase
[169.267s][info][gc,phases      ] GC(355) Summary Phase 0.057ms
[169.267s][info][gc,phases,start] GC(355) Adjust Roots
[169.267s][info][gc,phases      ] GC(355) Adjust Roots 0.190ms
[169.267s][info][gc,phases,start] GC(355) Compaction Phase
[169.586s][info][gc,phases      ] GC(355) Compaction Phase 318.926ms
[169.586s][info][gc,phases,start] GC(355) Post Compact
[169.592s][info][gc,phases      ] GC(355) Post Compact 6.500ms
[169.592s][info][gc,heap        ] GC(355) PSYoungGen: 63999K(344064K)->63999K(344064K) Eden: 63999K(64000K)->63999K(64000K) From: 0K(280064K)->0K(280064K)
[169.592s][info][gc,heap        ] GC(355) ParOldGen: 5051865K(5051904K)->5051865K(5051904K)
[169.592s][info][gc,metaspace   ] GC(355) Metaspace: 6297K(6464K)->6297K(6464K) NonClass: 5764K(5824K)->5764K(5824K) Class: 533K(640K)->533K(640K)
[169.592s][info][gc             ] GC(355) Pause Full (Ergonomics) 4995M->4995M(5269M) 1537.828ms
[169.592s][info][gc,cpu         ] GC(355) User=11.84s Sys=0.00s Real=1.54s
[169.593s][info][gc,start       ] GC(356) Pause Full (Ergonomics)
[169.593s][info][gc,phases,start] GC(356) Marking Phase
[170.794s][info][gc,phases      ] GC(356) Marking Phase 1201.275ms
[170.794s][info][gc,phases,start] GC(356) Summary Phase
[170.794s][info][gc,phases      ] GC(356) Summary Phase 0.075ms
[170.794s][info][gc,phases,start] GC(356) Adjust Roots
[170.794s][info][gc,phases      ] GC(356) Adjust Roots 0.202ms
[170.794s][info][gc,phases,start] GC(356) Compaction Phase
[171.116s][info][gc,phases      ] GC(356) Compaction Phase 321.535ms
[171.116s][info][gc,phases,start] GC(356) Post Compact
[171.122s][info][gc,phases      ] GC(356) Post Compact 6.510ms
[171.122s][info][gc,heap        ] GC(356) PSYoungGen: 63999K(344064K)->63999K(344064K) Eden: 63999K(64000K)->63999K(64000K) From: 0K(280064K)->0K(280064K)
[171.122s][info][gc,heap        ] GC(356) ParOldGen: 5051870K(5051904K)->5051870K(5051904K)
[171.122s][info][gc,metaspace   ] GC(356) Metaspace: 6297K(6464K)->6297K(6464K) NonClass: 5764K(5824K)->5764K(5824K) Class: 533K(640K)->533K(640K)
[171.122s][info][gc             ] GC(356) Pause Full (Ergonomics) 4995M->4995M(5269M) 1529.881ms
[171.122s][info][gc,cpu         ] GC(356) User=11.75s Sys=0.00s Real=1.53s
[171.123s][info][gc,start       ] GC(357) Pause Full (Ergonomics)
[171.123s][info][gc,phases,start] GC(357) Marking Phase
[172.298s][info][gc,phases      ] GC(357) Marking Phase 1175.721ms
[172.298s][info][gc,phases,start] GC(357) Summary Phase
[172.298s][info][gc,phases      ] GC(357) Summary Phase 0.058ms
[172.298s][info][gc,phases,start] GC(357) Adjust Roots
[172.299s][info][gc,phases      ] GC(357) Adjust Roots 0.167ms
[172.299s][info][gc,phases,start] GC(357) Compaction Phase
[172.631s][info][gc,phases      ] GC(357) Compaction Phase 332.152ms
[172.631s][info][gc,phases,start] GC(357) Post Compact
[172.638s][info][gc,phases      ] GC(357) Post Compact 7.187ms
[172.638s][info][gc,heap        ] GC(357) PSYoungGen: 63999K(344064K)->63999K(344064K) Eden: 63999K(64000K)->63999K(64000K) From: 0K(280064K)->0K(280064K)
[172.638s][info][gc,heap        ] GC(357) ParOldGen: 5051875K(5051904K)->5051875K(5051904K)
[172.638s][info][gc,metaspace   ] GC(357) Metaspace: 6297K(6464K)->6297K(6464K) NonClass: 5764K(5824K)->5764K(5824K) Class: 533K(640K)->533K(640K)
[172.638s][info][gc             ] GC(357) Pause Full (Ergonomics) 4995M->4995M(5269M) 1515.559ms
[172.638s][info][gc,cpu         ] GC(357) User=11.64s Sys=0.00s Real=1.52s
[172.638s][info][gc,start       ] GC(358) Pause Full (Ergonomics)
[172.638s][info][gc,phases,start] GC(358) Marking Phase
[173.858s][info][gc,phases      ] GC(358) Marking Phase 1219.993ms
[173.858s][info][gc,phases,start] GC(358) Summary Phase
[173.858s][info][gc,phases      ] GC(358) Summary Phase 0.055ms
[173.858s][info][gc,phases,start] GC(358) Adjust Roots
[173.859s][info][gc,phases      ] GC(358) Adjust Roots 0.163ms
[173.859s][info][gc,phases,start] GC(358) Compaction Phase
[174.188s][info][gc,phases      ] GC(358) Compaction Phase 329.275ms
[174.188s][info][gc,phases,start] GC(358) Post Compact
[174.196s][info][gc,phases      ] GC(358) Post Compact 7.917ms
[174.196s][info][gc,heap        ] GC(358) PSYoungGen: 63999K(344064K)->63999K(344064K) Eden: 63999K(64000K)->63999K(64000K) From: 0K(280064K)->0K(280064K)
[174.196s][info][gc,heap        ] GC(358) ParOldGen: 5051879K(5051904K)->5051879K(5051904K)
[174.196s][info][gc,metaspace   ] GC(358) Metaspace: 6297K(6464K)->6297K(6464K) NonClass: 5764K(5824K)->5764K(5824K) Class: 533K(640K)->533K(640K)
[174.196s][info][gc             ] GC(358) Pause Full (Ergonomics) 4995M->4995M(5269M) 1557.761ms
[174.196s][info][gc,cpu         ] GC(358) User=12.00s Sys=0.00s Real=1.56s
[174.196s][info][gc,start       ] GC(359) Pause Full (Ergonomics)
[174.196s][info][gc,phases,start] GC(359) Marking Phase
[175.377s][info][gc,phases      ] GC(359) Marking Phase 1181.130ms
[175.377s][info][gc,phases,start] GC(359) Summary Phase
[175.378s][info][gc,phases      ] GC(359) Summary Phase 0.056ms
[175.378s][info][gc,phases,start] GC(359) Adjust Roots
[175.378s][info][gc,phases      ] GC(359) Adjust Roots 0.164ms
[175.378s][info][gc,phases,start] GC(359) Compaction Phase
[175.709s][info][gc,phases      ] GC(359) Compaction Phase 331.441ms
[175.709s][info][gc,phases,start] GC(359) Post Compact
[175.716s][info][gc,phases      ] GC(359) Post Compact 7.147ms
[175.716s][info][gc,heap        ] GC(359) PSYoungGen: 63999K(344064K)->63999K(344064K) Eden: 63999K(64000K)->63999K(64000K) From: 0K(280064K)->0K(280064K)
[175.716s][info][gc,heap        ] GC(359) ParOldGen: 5051884K(5051904K)->5051884K(5051904K)
[175.716s][info][gc,metaspace   ] GC(359) Metaspace: 6297K(6464K)->6297K(6464K) NonClass: 5764K(5824K)->5764K(5824K) Class: 533K(640K)->533K(640K)
[175.716s][info][gc             ] GC(359) Pause Full (Ergonomics) 4995M->4995M(5269M) 1520.220ms
[175.716s][info][gc,cpu         ] GC(359) User=11.55s Sys=0.00s Real=1.52s
[175.717s][info][gc,start       ] GC(360) Pause Full (Ergonomics)
[175.717s][info][gc,phases,start] GC(360) Marking Phase
[176.923s][info][gc,phases      ] GC(360) Marking Phase 1206.335ms
[176.923s][info][gc,phases,start] GC(360) Summary Phase
[176.923s][info][gc,phases      ] GC(360) Summary Phase 0.062ms
[176.923s][info][gc,phases,start] GC(360) Adjust Roots
[176.923s][info][gc,phases      ] GC(360) Adjust Roots 0.182ms
[176.923s][info][gc,phases,start] GC(360) Compaction Phase
[177.252s][info][gc,phases      ] GC(360) Compaction Phase 328.700ms
[177.252s][info][gc,phases,start] GC(360) Post Compact
[177.260s][info][gc,phases      ] GC(360) Post Compact 7.557ms
[177.260s][info][gc,heap        ] GC(360) PSYoungGen: 63999K(344064K)->63999K(344064K) Eden: 63999K(64000K)->63999K(64000K) From: 0K(280064K)->0K(280064K)
[177.260s][info][gc,heap        ] GC(360) ParOldGen: 5051889K(5051904K)->5051889K(5051904K)
[177.260s][info][gc,metaspace   ] GC(360) Metaspace: 6297K(6464K)->6297K(6464K) NonClass: 5764K(5824K)->5764K(5824K) Class: 533K(640K)->533K(640K)
[177.260s][info][gc             ] GC(360) Pause Full (Ergonomics) 4995M->4995M(5269M) 1543.145ms
[177.260s][info][gc,cpu         ] GC(360) User=11.86s Sys=0.02s Real=1.54s
[177.260s][info][gc,start       ] GC(361) Pause Full (Ergonomics)
[177.260s][info][gc,phases,start] GC(361) Marking Phase
[178.458s][info][gc,phases      ] GC(361) Marking Phase 1198.027ms
[178.458s][info][gc,phases,start] GC(361) Summary Phase
[178.458s][info][gc,phases      ] GC(361) Summary Phase 0.056ms
[178.458s][info][gc,phases,start] GC(361) Adjust Roots
[178.458s][info][gc,phases      ] GC(361) Adjust Roots 0.182ms
[178.458s][info][gc,phases,start] GC(361) Compaction Phase
[178.789s][info][gc,phases      ] GC(361) Compaction Phase 330.477ms
[178.789s][info][gc,phases,start] GC(361) Post Compact
[178.796s][info][gc,phases      ] GC(361) Post Compact 7.379ms
[178.796s][info][gc,heap        ] GC(361) PSYoungGen: 63999K(344064K)->63999K(344064K) Eden: 63999K(64000K)->63999K(64000K) From: 0K(280064K)->0K(280064K)
[178.796s][info][gc,heap        ] GC(361) ParOldGen: 5051894K(5051904K)->5051894K(5051904K)
[178.796s][info][gc,metaspace   ] GC(361) Metaspace: 6297K(6464K)->6297K(6464K) NonClass: 5764K(5824K)->5764K(5824K) Class: 533K(640K)->533K(640K)
[178.796s][info][gc             ] GC(361) Pause Full (Ergonomics) 4995M->4995M(5269M) 1536.430ms
[178.796s][info][gc,cpu         ] GC(361) User=11.55s Sys=0.00s Real=1.54s
[178.797s][info][gc,start       ] GC(362) Pause Full (Ergonomics)
[178.797s][info][gc,phases,start] GC(362) Marking Phase
[179.990s][info][gc,phases      ] GC(362) Marking Phase 1193.530ms
[179.990s][info][gc,phases,start] GC(362) Summary Phase
[179.990s][info][gc,phases      ] GC(362) Summary Phase 0.055ms
[179.990s][info][gc,phases,start] GC(362) Adjust Roots
[179.990s][info][gc,phases      ] GC(362) Adjust Roots 0.175ms
[179.990s][info][gc,phases,start] GC(362) Compaction Phase
[180.329s][info][gc,phases      ] GC(362) Compaction Phase 338.122ms
[180.329s][info][gc,phases,start] GC(362) Post Compact
[180.336s][info][gc,phases      ] GC(362) Post Compact 7.290ms
[180.336s][info][gc,heap        ] GC(362) PSYoungGen: 63999K(344064K)->63999K(344064K) Eden: 63999K(64000K)->63999K(64000K) From: 0K(280064K)->0K(280064K)
[180.336s][info][gc,heap        ] GC(362) ParOldGen: 5051899K(5051904K)->5051899K(5051904K)
[180.336s][info][gc,metaspace   ] GC(362) Metaspace: 6297K(6464K)->6297K(6464K) NonClass: 5764K(5824K)->5764K(5824K) Class: 533K(640K)->533K(640K)
[180.336s][info][gc             ] GC(362) Pause Full (Ergonomics) 4995M->4995M(5269M) 1539.467ms
[180.336s][info][gc,cpu         ] GC(362) User=11.59s Sys=0.00s Real=1.54s
[180.336s][info][gc,start       ] GC(363) Pause Full (Ergonomics)
[180.336s][info][gc,phases,start] GC(363) Marking Phase
[181.538s][info][gc,phases      ] GC(363) Marking Phase 1201.586ms
[181.538s][info][gc,phases,start] GC(363) Summary Phase
[181.538s][info][gc,phases      ] GC(363) Summary Phase 0.064ms
[181.538s][info][gc,phases,start] GC(363) Adjust Roots
[181.538s][info][gc,phases      ] GC(363) Adjust Roots 0.222ms
[181.538s][info][gc,phases,start] GC(363) Compaction Phase
[181.863s][info][gc,phases      ] GC(363) Compaction Phase 324.580ms
[181.863s][info][gc,phases,start] GC(363) Post Compact
[181.870s][info][gc,phases      ] GC(363) Post Compact 6.760ms
[181.870s][info][gc,heap        ] GC(363) PSYoungGen: 63999K(344064K)->63999K(344064K) Eden: 63999K(64000K)->63999K(64000K) From: 0K(280064K)->0K(280064K)
[181.870s][info][gc,heap        ] GC(363) ParOldGen: 5051903K(5051904K)->5051903K(5051904K)
[181.870s][info][gc,metaspace   ] GC(363) Metaspace: 6297K(6464K)->6297K(6464K) NonClass: 5764K(5824K)->5764K(5824K) Class: 533K(640K)->533K(640K)
[181.870s][info][gc             ] GC(363) Pause Full (Ergonomics) 4995M->4995M(5269M) 1533.522ms
[181.870s][info][gc,cpu         ] GC(363) User=11.66s Sys=0.00s Real=1.53s
[181.870s][info][gc,start       ] GC(364) Pause Full (Allocation Failure)
[181.870s][info][gc,phases,start] GC(364) Marking Phase
[183.065s][info][gc,phases      ] GC(364) Marking Phase 1194.704ms
[183.065s][info][gc,phases,start] GC(364) Summary Phase
[183.065s][info][gc,phases      ] GC(364) Summary Phase 0.062ms
[183.065s][info][gc,phases,start] GC(364) Adjust Roots
[183.065s][info][gc,phases      ] GC(364) Adjust Roots 0.429ms
[183.065s][info][gc,phases,start] GC(364) Compaction Phase
[184.346s][info][gc,phases      ] GC(364) Compaction Phase 1281.316ms
[184.347s][info][gc,phases,start] GC(364) Post Compact
[184.355s][info][gc,phases      ] GC(364) Post Compact 8.139ms
[184.355s][info][gc,heap        ] GC(364) PSYoungGen: 63999K(344064K)->63999K(344064K) Eden: 63999K(64000K)->63999K(64000K) From: 0K(280064K)->0K(280064K)
[184.355s][info][gc,heap        ] GC(364) ParOldGen: 5051903K(5051904K)->5051899K(5051904K)
[184.355s][info][gc,metaspace   ] GC(364) Metaspace: 6297K(6464K)->6295K(6464K) NonClass: 5764K(5824K)->5762K(5824K) Class: 533K(640K)->532K(640K)
[184.355s][info][gc             ] GC(364) Pause Full (Allocation Failure) 4995M->4995M(5269M) 2484.973ms
[184.355s][info][gc,cpu         ] GC(364) User=18.55s Sys=0.02s Real=2.49s
[184.355s][info][gc,start       ] GC(365) Pause Full (Ergonomics)
[184.355s][info][gc,phases,start] GC(365) Marking Phase
[185.537s][info][gc,phases      ] GC(365) Marking Phase 1182.157ms
[185.537s][info][gc,phases,start] GC(365) Summary Phase
[185.538s][info][gc,phases      ] GC(365) Summary Phase 0.063ms
[185.538s][info][gc,phases,start] GC(365) Adjust Roots
[185.538s][info][gc,phases      ] GC(365) Adjust Roots 0.197ms
[185.538s][info][gc,phases,start] GC(365) Compaction Phase
[185.860s][info][gc,phases      ] GC(365) Compaction Phase 322.602ms
[185.860s][info][gc,phases,start] GC(365) Post Compact
[185.868s][info][gc,phases      ] GC(365) Post Compact 7.244ms
[185.868s][info][gc,heap        ] GC(365) PSYoungGen: 63999K(344064K)->63999K(344064K) Eden: 63999K(64000K)->63999K(64000K) From: 0K(280064K)->0K(280064K)
[185.868s][info][gc,heap        ] GC(365) ParOldGen: 5051899K(5051904K)->5051899K(5051904K)
[185.868s][info][gc,metaspace   ] GC(365) Metaspace: 6295K(6464K)->6295K(6464K) NonClass: 5762K(5824K)->5762K(5824K) Class: 532K(640K)->532K(640K)
[185.868s][info][gc             ] GC(365) Pause Full (Ergonomics) 4995M->4995M(5269M) 1512.585ms
[185.868s][info][gc,cpu         ] GC(365) User=11.48s Sys=0.00s Real=1.51s
[185.868s][info][gc,start       ] GC(366) Pause Full (Ergonomics)
[185.868s][info][gc,phases,start] GC(366) Marking Phase
[187.059s][info][gc,phases      ] GC(366) Marking Phase 1190.793ms
[187.059s][info][gc,phases,start] GC(366) Summary Phase
[187.059s][info][gc,phases      ] GC(366) Summary Phase 0.081ms
[187.059s][info][gc,phases,start] GC(366) Adjust Roots
[187.059s][info][gc,phases      ] GC(366) Adjust Roots 0.213ms
[187.059s][info][gc,phases,start] GC(366) Compaction Phase
[187.388s][info][gc,phases      ] GC(366) Compaction Phase 328.315ms
[187.388s][info][gc,phases,start] GC(366) Post Compact
[187.396s][info][gc,phases      ] GC(366) Post Compact 8.197ms
[187.396s][info][gc,heap        ] GC(366) PSYoungGen: 63999K(344064K)->63999K(344064K) Eden: 63999K(64000K)->63999K(64000K) From: 0K(280064K)->0K(280064K)
[187.396s][info][gc,heap        ] GC(366) ParOldGen: 5051903K(5051904K)->5051903K(5051904K)
[187.396s][info][gc,metaspace   ] GC(366) Metaspace: 6295K(6464K)->6295K(6464K) NonClass: 5762K(5824K)->5762K(5824K) Class: 532K(640K)->532K(640K)
[187.396s][info][gc             ] GC(366) Pause Full (Ergonomics) 4995M->4995M(5269M) 1527.936ms
[187.396s][info][gc,cpu         ] GC(366) User=11.59s Sys=0.02s Real=1.53s
[187.396s][info][gc,start       ] GC(367) Pause Full (Allocation Failure)
[187.396s][info][gc,phases,start] GC(367) Marking Phase
[188.592s][info][gc,phases      ] GC(367) Marking Phase 1195.355ms
[188.592s][info][gc,phases,start] GC(367) Summary Phase
[188.592s][info][gc,phases      ] GC(367) Summary Phase 0.061ms
[188.592s][info][gc,phases,start] GC(367) Adjust Roots
[188.592s][info][gc,phases      ] GC(367) Adjust Roots 0.166ms
[188.592s][info][gc,phases,start] GC(367) Compaction Phase
[188.928s][info][gc,phases      ] GC(367) Compaction Phase 335.765ms
[188.928s][info][gc,phases,start] GC(367) Post Compact
[188.935s][info][gc,phases      ] GC(367) Post Compact 7.417ms
[188.935s][info][gc,heap        ] GC(367) PSYoungGen: 63999K(344064K)->63999K(344064K) Eden: 63999K(64000K)->63999K(64000K) From: 0K(280064K)->0K(280064K)
[188.935s][info][gc,heap        ] GC(367) ParOldGen: 5051903K(5051904K)->5051903K(5051904K)
[188.935s][info][gc,metaspace   ] GC(367) Metaspace: 6295K(6464K)->6295K(6464K) NonClass: 5762K(5824K)->5762K(5824K) Class: 532K(640K)->532K(640K)
[188.935s][info][gc             ] GC(367) Pause Full (Allocation Failure) 4995M->4995M(5269M) 1539.069ms
[188.935s][info][gc,cpu         ] GC(367) User=11.86s Sys=0.00s Real=1.54s
[188.936s][info][gc,start       ] GC(368) Pause Full (Ergonomics)
[188.936s][info][gc,phases,start] GC(368) Marking Phase
[190.143s][info][gc,phases      ] GC(368) Marking Phase 1206.773ms
[190.143s][info][gc,phases,start] GC(368) Summary Phase
[190.143s][info][gc,phases      ] GC(368) Summary Phase 0.077ms
[190.143s][info][gc,phases,start] GC(368) Adjust Roots
[190.143s][info][gc,phases      ] GC(368) Adjust Roots 0.295ms
[190.143s][info][gc,phases,start] GC(368) Compaction Phase
[191.419s][info][gc,phases      ] GC(368) Compaction Phase 1276.413ms
[191.420s][info][gc,phases,start] GC(368) Post Compact
[191.427s][info][gc,phases      ] GC(368) Post Compact 7.591ms
[191.427s][info][gc,heap        ] GC(368) PSYoungGen: 63999K(344064K)->63999K(344064K) Eden: 63999K(64000K)->63999K(64000K) From: 0K(280064K)->0K(280064K)
[191.427s][info][gc,heap        ] GC(368) ParOldGen: 5051904K(5051904K)->5051902K(5051904K)
[191.427s][info][gc,metaspace   ] GC(368) Metaspace: 6295K(6464K)->6295K(6464K) NonClass: 5762K(5824K)->5762K(5824K) Class: 532K(640K)->532K(640K)
[191.427s][info][gc             ] GC(368) Pause Full (Ergonomics) 4995M->4995M(5269M) 2491.542ms
[191.427s][info][gc,cpu         ] GC(368) User=18.58s Sys=0.05s Real=2.49s
[191.428s][info][gc,start       ] GC(369) Pause Full (Ergonomics)
[191.428s][info][gc,phases,start] GC(369) Marking Phase
[192.617s][info][gc,phases      ] GC(369) Marking Phase 1189.482ms
[192.617s][info][gc,phases,start] GC(369) Summary Phase
[192.617s][info][gc,phases      ] GC(369) Summary Phase 0.096ms
[192.617s][info][gc,phases,start] GC(369) Adjust Roots
[192.618s][info][gc,phases      ] GC(369) Adjust Roots 0.309ms
[192.618s][info][gc,phases,start] GC(369) Compaction Phase
[192.936s][info][gc,phases      ] GC(369) Compaction Phase 318.127ms
[192.936s][info][gc,phases,start] GC(369) Post Compact
[192.944s][info][gc,phases      ] GC(369) Post Compact 7.804ms
[192.944s][info][gc,heap        ] GC(369) PSYoungGen: 63999K(344064K)->63999K(344064K) Eden: 63999K(64000K)->63999K(64000K) From: 0K(280064K)->0K(280064K)
[192.944s][info][gc,heap        ] GC(369) ParOldGen: 5051902K(5051904K)->5051902K(5051904K)
[192.944s][info][gc,metaspace   ] GC(369) Metaspace: 6295K(6464K)->6295K(6464K) NonClass: 5762K(5824K)->5762K(5824K) Class: 532K(640K)->532K(640K)
[192.944s][info][gc             ] GC(369) Pause Full (Ergonomics) 4995M->4995M(5269M) 1516.223ms
[192.944s][info][gc,cpu         ] GC(369) User=11.66s Sys=0.00s Real=1.52s
[192.945s][info][gc,start       ] GC(370) Pause Full (Ergonomics)
[192.945s][info][gc,phases,start] GC(370) Marking Phase
[194.137s][info][gc,phases      ] GC(370) Marking Phase 1192.451ms
[194.137s][info][gc,phases,start] GC(370) Summary Phase
[194.137s][info][gc,phases      ] GC(370) Summary Phase 0.064ms
[194.137s][info][gc,phases,start] GC(370) Adjust Roots
[194.138s][info][gc,phases      ] GC(370) Adjust Roots 0.393ms
[194.138s][info][gc,phases,start] GC(370) Compaction Phase
[195.433s][info][gc,phases      ] GC(370) Compaction Phase 1295.503ms
[195.433s][info][gc,phases,start] GC(370) Post Compact
[195.441s][info][gc,phases      ] GC(370) Post Compact 7.417ms
[195.441s][info][gc,heap        ] GC(370) PSYoungGen: 63999K(344064K)->63999K(344064K) Eden: 63999K(64000K)->63999K(64000K) From: 0K(280064K)->0K(280064K)
[195.441s][info][gc,heap        ] GC(370) ParOldGen: 5051903K(5051904K)->5051901K(5051904K)
[195.441s][info][gc,metaspace   ] GC(370) Metaspace: 6297K(6464K)->6297K(6464K) NonClass: 5763K(5824K)->5763K(5824K) Class: 533K(640K)->533K(640K)
[195.441s][info][gc             ] GC(370) Pause Full (Ergonomics) 4995M->4995M(5269M) 2496.179ms
[195.441s][info][gc,cpu         ] GC(370) User=18.73s Sys=0.02s Real=2.50s
[195.441s][info][gc,heap,exit   ] Heap
[195.442s][info][gc,heap,exit   ]  PSYoungGen      total 344064K, used 63999K [0x0000000765d80000, 0x000000078c580000, 0x0000000800000000)
[195.442s][info][gc,heap,exit   ]   eden space 64000K, 99% used [0x0000000765d80000,0x0000000769bffff8,0x0000000769c00000)
[195.442s][info][gc,heap,exit   ]   from space 280064K, 0% used [0x0000000769c00000,0x0000000769c00000,0x000000077ad80000)
[195.442s][info][gc,heap,exit   ]   to   space 280064K, 0% used [0x000000077ad80000,0x000000077ad80000,0x000000078bf00000)
[195.442s][info][gc,heap,exit   ]  ParOldGen       total 5051904K, used 5051901K [0x0000000631800000, 0x0000000765d80000, 0x0000000765d80000)
[195.442s][info][gc,heap,exit   ]   object space 5051904K, 99% used [0x0000000631800000,0x0000000765d7f7d0,0x0000000765d80000)
[195.442s][info][gc,heap,exit   ]  Metaspace       used 6300K, committed 6464K, reserved 1114112K
[195.442s][info][gc,heap,exit   ]   class space    used 534K, committed 640K, reserved 1048576K
