[0.015s][info][gc,init] CardTable entry size: 512
[0.015s][info][gc     ] Using Serial
[0.016s][info][gc,init] Version: 18.0.1+10 (release)
[0.016s][info][gc,init] CPUs: 8 total, 8 available
[0.016s][info][gc,init] Memory: 16063M
[0.016s][info][gc,init] Large Page Support: Disabled
[0.016s][info][gc,init] NUMA Support: Disabled
[0.016s][info][gc,init] Compressed Oops: Enabled (Zero based)
[0.016s][info][gc,init] Heap Min Capacity: 2M
[0.016s][info][gc,init] Heap Initial Capacity: 2M
[0.016s][info][gc,init] Heap Max Capacity: 2800M
[0.016s][info][gc,init] Pre-touch: Disabled
[0.016s][info][gc,metaspace] CDS archive(s) not mapped
[0.016s][info][gc,metaspace] Compressed class space mapped at: 0x0000000800000000-0x0000000840000000, reserved size: 1073741824
[0.016s][info][gc,metaspace] Narrow klass base: 0x0000000800000000, Narrow klass shift: 0, Narrow klass range: 0x40000000
[0.197s][info][gc,start    ] GC(0) Pause Young (Allocation Failure)
[0.198s][info][gc,heap     ] GC(0) DefNew: 1023K(1152K)->127K(1152K) Eden: 1023K(1024K)->0K(1024K) From: 0K(128K)->127K(128K)
[0.198s][info][gc,heap     ] GC(0) Tenured: 0K(768K)->439K(768K)
[0.198s][info][gc,metaspace] GC(0) Metaspace: 5898K(6016K)->5898K(6016K) NonClass: 5398K(5504K)->5398K(5504K) Class: 499K(512K)->499K(512K)
[0.199s][info][gc          ] GC(0) Pause Young (Allocation Failure) 0M->0M(1M) 1.786ms
[0.199s][info][gc,cpu      ] GC(0) User=0.00s Sys=0.00s Real=0.00s
[0.216s][info][gc,start    ] GC(1) Pause Young (Allocation Failure)
[0.218s][info][gc          ] GC(1) Pause Young (Allocation Failure) 1M->0M(2M) 1.415ms
[0.218s][info][gc,cpu      ] GC(1) User=0.00s Sys=0.00s Real=0.00s
[0.218s][info][gc,start    ] GC(2) Pause Full (Allocation Failure)
[0.218s][info][gc,phases,start] GC(2) Phase 1: Mark live objects
[0.219s][info][gc,phases      ] GC(2) Phase 1: Mark live objects 1.105ms
[0.219s][info][gc,phases,start] GC(2) Phase 2: Compute new object addresses
[0.219s][info][gc,phases      ] GC(2) Phase 2: Compute new object addresses 0.257ms
[0.219s][info][gc,phases,start] GC(2) Phase 3: Adjust pointers
[0.220s][info][gc,phases      ] GC(2) Phase 3: Adjust pointers 0.552ms
[0.220s][info][gc,phases,start] GC(2) Phase 4: Move objects
[0.220s][info][gc,phases      ] GC(2) Phase 4: Move objects 0.073ms
[0.220s][info][gc,heap        ] GC(2) DefNew: 1151K(1152K)->40K(1152K) Eden: 1024K(1024K)->40K(1024K) From: 127K(128K)->0K(128K)
[0.220s][info][gc,heap        ] GC(2) Tenured: 439K(768K)->960K(1600K)
[0.220s][info][gc,metaspace   ] GC(2) Metaspace: 6295K(6464K)->6295K(6464K) NonClass: 5762K(5824K)->5762K(5824K) Class: 533K(640K)->533K(640K)
[0.220s][info][gc             ] GC(2) Pause Full (Allocation Failure) 0M->0M(2M) 2.298ms
[0.220s][info][gc,cpu         ] GC(2) User=0.00s Sys=0.00s Real=0.00s
[0.222s][info][gc,start       ] GC(3) Pause Young (Allocation Failure)
[0.223s][info][gc,heap        ] GC(3) DefNew: 1024K(1152K)->128K(1152K) Eden: 1024K(1024K)->0K(1024K) From: 0K(128K)->128K(128K)
[0.223s][info][gc,heap        ] GC(3) Tenured: 960K(1600K)->1374K(1600K)
[0.223s][info][gc,metaspace   ] GC(3) Metaspace: 6295K(6464K)->6295K(6464K) NonClass: 5762K(5824K)->5762K(5824K) Class: 533K(640K)->533K(640K)
[0.223s][info][gc             ] GC(3) Pause Young (Allocation Failure) 1M->1M(2M) 1.297ms
[0.223s][info][gc,cpu         ] GC(3) User=0.00s Sys=0.00s Real=0.00s
[0.225s][info][gc,start       ] GC(4) Pause Young (Allocation Failure)
[0.227s][info][gc             ] GC(4) Pause Young (Allocation Failure) 2M->1M(3M) 1.747ms
[0.227s][info][gc,cpu         ] GC(4) User=0.00s Sys=0.00s Real=0.00s
[0.227s][info][gc,start       ] GC(5) Pause Full (Allocation Failure)
[0.227s][info][gc,phases,start] GC(5) Phase 1: Mark live objects
[0.229s][info][gc,phases      ] GC(5) Phase 1: Mark live objects 1.999ms
[0.229s][info][gc,phases,start] GC(5) Phase 2: Compute new object addresses
[0.229s][info][gc,phases      ] GC(5) Phase 2: Compute new object addresses 0.584ms
[0.230s][info][gc,phases,start] GC(5) Phase 3: Adjust pointers
[0.231s][info][gc,phases      ] GC(5) Phase 3: Adjust pointers 1.041ms
[0.231s][info][gc,phases,start] GC(5) Phase 4: Move objects
[0.231s][info][gc,phases      ] GC(5) Phase 4: Move objects 0.096ms
[0.231s][info][gc,heap        ] GC(5) DefNew: 1152K(1152K)->34K(1536K) Eden: 1024K(1024K)->34K(1408K) From: 128K(128K)->0K(128K)
[0.231s][info][gc,heap        ] GC(5) Tenured: 1374K(1600K)->1983K(3308K)
[0.231s][info][gc,metaspace   ] GC(5) Metaspace: 6295K(6464K)->6295K(6464K) NonClass: 5762K(5824K)->5762K(5824K) Class: 533K(640K)->533K(640K)
[0.231s][info][gc             ] GC(5) Pause Full (Allocation Failure) 1M->1M(4M) 4.232ms
[0.231s][info][gc,cpu         ] GC(5) User=0.00s Sys=0.00s Real=0.01s
[0.234s][info][gc,start       ] GC(6) Pause Young (Allocation Failure)
[0.235s][info][gc,heap        ] GC(6) DefNew: 1408K(1536K)->127K(1536K) Eden: 1408K(1408K)->0K(1408K) From: 0K(128K)->127K(128K)
[0.235s][info][gc,heap        ] GC(6) Tenured: 1983K(3308K)->2617K(3308K)
[0.235s][info][gc,metaspace   ] GC(6) Metaspace: 6295K(6464K)->6295K(6464K) NonClass: 5762K(5824K)->5762K(5824K) Class: 533K(640K)->533K(640K)
[0.235s][info][gc             ] GC(6) Pause Young (Allocation Failure) 3M->2M(4M) 1.630ms
[0.235s][info][gc,cpu         ] GC(6) User=0.00s Sys=0.00s Real=0.00s
[0.238s][info][gc,start       ] GC(7) Pause Young (Allocation Failure)
[0.240s][info][gc             ] GC(7) Pause Young (Allocation Failure) 4M->3M(4M) 2.081ms
[0.240s][info][gc,cpu         ] GC(7) User=0.00s Sys=0.00s Real=0.00s
[0.240s][info][gc,start       ] GC(8) Pause Full (Allocation Failure)
[0.240s][info][gc,phases,start] GC(8) Phase 1: Mark live objects
[0.242s][info][gc,phases      ] GC(8) Phase 1: Mark live objects 2.452ms
[0.242s][info][gc,phases,start] GC(8) Phase 2: Compute new object addresses
[0.243s][info][gc,phases      ] GC(8) Phase 2: Compute new object addresses 0.682ms
[0.243s][info][gc,phases,start] GC(8) Phase 3: Adjust pointers
[0.244s][info][gc,phases      ] GC(8) Phase 3: Adjust pointers 1.082ms
[0.244s][info][gc,phases,start] GC(8) Phase 4: Move objects
[0.244s][info][gc,phases      ] GC(8) Phase 4: Move objects 0.088ms
[0.244s][info][gc,heap        ] GC(8) DefNew: 1535K(1536K)->0K(2688K) Eden: 1408K(1408K)->0K(2432K) From: 127K(128K)->0K(256K)
[0.244s][info][gc,heap        ] GC(8) Tenured: 2617K(3308K)->3460K(5768K)
[0.244s][info][gc,metaspace   ] GC(8) Metaspace: 6295K(6464K)->6295K(6464K) NonClass: 5762K(5824K)->5762K(5824K) Class: 533K(640K)->533K(640K)
[0.244s][info][gc             ] GC(8) Pause Full (Allocation Failure) 3M->3M(8M) 4.644ms
[0.244s][info][gc,cpu         ] GC(8) User=0.00s Sys=0.00s Real=0.01s
[0.249s][info][gc,start       ] GC(9) Pause Young (Allocation Failure)
[0.252s][info][gc,heap        ] GC(9) DefNew: 2431K(2688K)->255K(2688K) Eden: 2431K(2432K)->0K(2432K) From: 0K(256K)->255K(256K)
[0.252s][info][gc,heap        ] GC(9) Tenured: 3460K(5768K)->4512K(5768K)
[0.252s][info][gc,metaspace   ] GC(9) Metaspace: 6295K(6464K)->6295K(6464K) NonClass: 5762K(5824K)->5762K(5824K) Class: 533K(640K)->533K(640K)
[0.252s][info][gc             ] GC(9) Pause Young (Allocation Failure) 5M->4M(8M) 2.857ms
[0.252s][info][gc,cpu         ] GC(9) User=0.00s Sys=0.00s Real=0.00s
[0.255s][info][gc,start       ] GC(10) Pause Young (Allocation Failure)
[0.259s][info][gc,heap        ] GC(10) DefNew: 2687K(2688K)->255K(2688K) Eden: 2432K(2432K)->0K(2432K) From: 255K(256K)->255K(256K)
[0.259s][info][gc,heap        ] GC(10) Tenured: 4512K(5768K)->5755K(5768K)
[0.259s][info][gc,metaspace   ] GC(10) Metaspace: 6295K(6464K)->6295K(6464K) NonClass: 5762K(5824K)->5762K(5824K) Class: 533K(640K)->533K(640K)
[0.259s][info][gc             ] GC(10) Pause Young (Allocation Failure) 7M->5M(8M) 3.724ms
[0.259s][info][gc,cpu         ] GC(10) User=0.00s Sys=0.00s Real=0.00s
[0.263s][info][gc,start       ] GC(11) Pause Young (Allocation Failure)
[0.267s][info][gc             ] GC(11) Pause Young (Allocation Failure) 8M->7M(9M) 4.135ms
[0.267s][info][gc,cpu         ] GC(11) User=0.00s Sys=0.00s Real=0.00s
[0.267s][info][gc,start       ] GC(12) Pause Full (Allocation Failure)
[0.267s][info][gc,phases,start] GC(12) Phase 1: Mark live objects
[0.272s][info][gc,phases      ] GC(12) Phase 1: Mark live objects 4.646ms
[0.272s][info][gc,phases,start] GC(12) Phase 2: Compute new object addresses
[0.274s][info][gc,phases      ] GC(12) Phase 2: Compute new object addresses 1.480ms
[0.274s][info][gc,phases,start] GC(12) Phase 3: Adjust pointers
[0.276s][info][gc,phases      ] GC(12) Phase 3: Adjust pointers 1.989ms
[0.276s][info][gc,phases,start] GC(12) Phase 4: Move objects
[0.277s][info][gc,phases      ] GC(12) Phase 4: Move objects 1.470ms
[0.277s][info][gc,heap        ] GC(12) DefNew: 2687K(2688K)->0K(5376K) Eden: 2432K(2432K)->0K(4800K) From: 255K(256K)->0K(576K)
[0.277s][info][gc,heap        ] GC(12) Tenured: 5755K(5768K)->7132K(11888K)
[0.277s][info][gc,metaspace   ] GC(12) Metaspace: 6295K(6464K)->6295K(6464K) NonClass: 5762K(5824K)->5762K(5824K) Class: 533K(640K)->533K(640K)
[0.277s][info][gc             ] GC(12) Pause Full (Allocation Failure) 7M->6M(16M) 10.176ms
[0.277s][info][gc,cpu         ] GC(12) User=0.00s Sys=0.00s Real=0.01s
[0.283s][info][gc,start       ] GC(13) Pause Young (Allocation Failure)
[0.287s][info][gc,heap        ] GC(13) DefNew: 4800K(5376K)->575K(5376K) Eden: 4800K(4800K)->0K(4800K) From: 0K(576K)->575K(576K)
[0.288s][info][gc,heap        ] GC(13) Tenured: 7132K(11888K)->9027K(11888K)
[0.288s][info][gc,metaspace   ] GC(13) Metaspace: 6295K(6464K)->6295K(6464K) NonClass: 5762K(5824K)->5762K(5824K) Class: 533K(640K)->533K(640K)
[0.288s][info][gc             ] GC(13) Pause Young (Allocation Failure) 11M->9M(16M) 4.925ms
[0.288s][info][gc,cpu         ] GC(13) User=0.00s Sys=0.00s Real=0.01s
[0.293s][info][gc,start       ] GC(14) Pause Young (Allocation Failure)
[0.299s][info][gc,heap        ] GC(14) DefNew: 5375K(5376K)->575K(5376K) Eden: 4800K(4800K)->0K(4800K) From: 575K(576K)->575K(576K)
[0.299s][info][gc,heap        ] GC(14) Tenured: 9027K(11888K)->11747K(11888K)
[0.299s][info][gc,metaspace   ] GC(14) Metaspace: 6295K(6464K)->6295K(6464K) NonClass: 5762K(5824K)->5762K(5824K) Class: 533K(640K)->533K(640K)
[0.299s][info][gc             ] GC(14) Pause Young (Allocation Failure) 14M->12M(16M) 5.702ms
[0.299s][info][gc,cpu         ] GC(14) User=0.00s Sys=0.00s Real=0.01s
[0.303s][info][gc,start       ] GC(15) Pause Young (Allocation Failure)
[0.309s][info][gc             ] GC(15) Pause Young (Allocation Failure) 16M->14M(19M) 6.111ms
[0.309s][info][gc,cpu         ] GC(15) User=0.00s Sys=0.00s Real=0.01s
[0.309s][info][gc,start       ] GC(16) Pause Full (Allocation Failure)
[0.309s][info][gc,phases,start] GC(16) Phase 1: Mark live objects
[0.317s][info][gc,phases      ] GC(16) Phase 1: Mark live objects 7.555ms
[0.317s][info][gc,phases,start] GC(16) Phase 2: Compute new object addresses
[0.319s][info][gc,phases      ] GC(16) Phase 2: Compute new object addresses 2.364ms
[0.320s][info][gc,phases,start] GC(16) Phase 3: Adjust pointers
[0.322s][info][gc,phases      ] GC(16) Phase 3: Adjust pointers 2.868ms
[0.322s][info][gc,phases,start] GC(16) Phase 4: Move objects
[0.323s][info][gc,phases      ] GC(16) Phase 4: Move objects 0.174ms
[0.323s][info][gc,heap        ] GC(16) DefNew: 5375K(5376K)->387K(10880K) Eden: 4800K(4800K)->387K(9728K) From: 575K(576K)->0K(1152K)
[0.323s][info][gc,heap        ] GC(16) Tenured: 11747K(11888K)->14383K(23976K)
[0.323s][info][gc,metaspace   ] GC(16) Metaspace: 6297K(6464K)->6297K(6464K) NonClass: 5764K(5824K)->5764K(5824K) Class: 533K(640K)->533K(640K)
[0.323s][info][gc             ] GC(16) Pause Full (Allocation Failure) 14M->14M(34M) 13.311ms
[0.323s][info][gc,cpu         ] GC(16) User=0.02s Sys=0.00s Real=0.01s
[0.331s][info][gc,start       ] GC(17) Pause Young (Allocation Failure)
[0.343s][info][gc,heap        ] GC(17) DefNew: 9728K(10880K)->1151K(10880K) Eden: 9728K(9728K)->0K(9728K) From: 0K(1152K)->1151K(1152K)
[0.343s][info][gc,heap        ] GC(17) Tenured: 14383K(23976K)->18415K(23976K)
[0.343s][info][gc,metaspace   ] GC(17) Metaspace: 6297K(6464K)->6297K(6464K) NonClass: 5764K(5824K)->5764K(5824K) Class: 533K(640K)->533K(640K)
[0.343s][info][gc             ] GC(17) Pause Young (Allocation Failure) 23M->19M(34M) 12.585ms
[0.343s][info][gc,cpu         ] GC(17) User=0.00s Sys=0.00s Real=0.01s
[0.351s][info][gc,start       ] GC(18) Pause Young (Allocation Failure)
[0.363s][info][gc,heap        ] GC(18) DefNew: 10879K(10880K)->1151K(10880K) Eden: 9728K(9728K)->0K(9728K) From: 1151K(1152K)->1151K(1152K)
[0.363s][info][gc,heap        ] GC(18) Tenured: 18415K(23976K)->23936K(23976K)
[0.363s][info][gc,metaspace   ] GC(18) Metaspace: 6297K(6464K)->6297K(6464K) NonClass: 5764K(5824K)->5764K(5824K) Class: 533K(640K)->533K(640K)
[0.363s][info][gc             ] GC(18) Pause Young (Allocation Failure) 28M->24M(34M) 12.579ms
[0.363s][info][gc,cpu         ] GC(18) User=0.00s Sys=0.00s Real=0.01s
[0.371s][info][gc,start       ] GC(19) Pause Young (Allocation Failure)
[0.382s][info][gc             ] GC(19) Pause Young (Allocation Failure) 34M->29M(38M) 11.152ms
[0.382s][info][gc,cpu         ] GC(19) User=0.00s Sys=0.00s Real=0.01s
[0.382s][info][gc,start       ] GC(20) Pause Full (Allocation Failure)
[0.382s][info][gc,phases,start] GC(20) Phase 1: Mark live objects
[0.396s][info][gc,phases      ] GC(20) Phase 1: Mark live objects 13.960ms
[0.396s][info][gc,phases,start] GC(20) Phase 2: Compute new object addresses
[0.401s][info][gc,phases      ] GC(20) Phase 2: Compute new object addresses 4.514ms
[0.401s][info][gc,phases,start] GC(20) Phase 3: Adjust pointers
[0.406s][info][gc,phases      ] GC(20) Phase 3: Adjust pointers 5.157ms
[0.406s][info][gc,phases,start] GC(20) Phase 4: Move objects
[0.406s][info][gc,phases      ] GC(20) Phase 4: Move objects 0.177ms
[0.406s][info][gc,heap        ] GC(20) DefNew: 10879K(10880K)->1080K(21888K) Eden: 9728K(9728K)->1080K(19520K) From: 1151K(1152K)->0K(2368K)
[0.406s][info][gc,heap        ] GC(20) Tenured: 23936K(23976K)->29035K(48396K)
[0.406s][info][gc,metaspace   ] GC(20) Metaspace: 6297K(6464K)->6297K(6464K) NonClass: 5764K(5824K)->5764K(5824K) Class: 533K(640K)->533K(640K)
[0.407s][info][gc             ] GC(20) Pause Full (Allocation Failure) 29M->29M(68M) 24.197ms
[0.407s][info][gc,cpu         ] GC(20) User=0.03s Sys=0.00s Real=0.02s
[0.423s][info][gc,start       ] GC(21) Pause Young (Allocation Failure)
[0.452s][info][gc,heap        ] GC(21) DefNew: 19520K(21888K)->2367K(21888K) Eden: 19520K(19520K)->0K(19520K) From: 0K(2368K)->2367K(2368K)
[0.452s][info][gc,heap        ] GC(21) Tenured: 29035K(48396K)->39359K(48396K)
[0.452s][info][gc,metaspace   ] GC(21) Metaspace: 6297K(6464K)->6297K(6464K) NonClass: 5764K(5824K)->5764K(5824K) Class: 533K(640K)->533K(640K)
[0.452s][info][gc             ] GC(21) Pause Young (Allocation Failure) 47M->40M(68M) 28.567ms
[0.452s][info][gc,cpu         ] GC(21) User=0.02s Sys=0.00s Real=0.03s
[0.470s][info][gc,start       ] GC(22) Pause Young (Allocation Failure)
[0.505s][info][gc             ] GC(22) Pause Young (Allocation Failure) 59M->59M(78M) 34.962ms
[0.505s][info][gc,cpu         ] GC(22) User=0.03s Sys=0.00s Real=0.04s
[0.505s][info][gc,start       ] GC(23) Pause Full (Allocation Failure)
[0.505s][info][gc,phases,start] GC(23) Phase 1: Mark live objects
[0.532s][info][gc,phases      ] GC(23) Phase 1: Mark live objects 27.320ms
[0.532s][info][gc,phases,start] GC(23) Phase 2: Compute new object addresses
[0.546s][info][gc,phases      ] GC(23) Phase 2: Compute new object addresses 13.976ms
[0.546s][info][gc,phases,start] GC(23) Phase 3: Adjust pointers
[0.561s][info][gc,phases      ] GC(23) Phase 3: Adjust pointers 14.967ms
[0.561s][info][gc,phases,start] GC(23) Phase 4: Move objects
[0.562s][info][gc,phases      ] GC(23) Phase 4: Move objects 0.407ms
[0.562s][info][gc,heap        ] GC(23) DefNew: 21887K(21888K)->2260K(44288K) Eden: 19520K(19520K)->2260K(39424K) From: 2367K(2368K)->0K(4864K)
[0.562s][info][gc,heap        ] GC(23) Tenured: 39359K(48396K)->58955K(98260K)
[0.562s][info][gc,metaspace   ] GC(23) Metaspace: 6297K(6464K)->6297K(6464K) NonClass: 5764K(5824K)->5764K(5824K) Class: 533K(640K)->533K(640K)
[0.562s][info][gc             ] GC(23) Pause Full (Allocation Failure) 59M->59M(139M) 57.419ms
[0.562s][info][gc,cpu         ] GC(23) User=0.02s Sys=0.00s Real=0.06s
[0.608s][info][gc,start       ] GC(24) Pause Young (Allocation Failure)
[0.679s][info][gc,heap        ] GC(24) DefNew: 39424K(44288K)->4863K(44288K) Eden: 39424K(39424K)->0K(39424K) From: 0K(4864K)->4863K(4864K)
[0.679s][info][gc,heap        ] GC(24) Tenured: 58955K(98260K)->93487K(98260K)
[0.679s][info][gc,metaspace   ] GC(24) Metaspace: 6297K(6464K)->6297K(6464K) NonClass: 5764K(5824K)->5764K(5824K) Class: 533K(640K)->533K(640K)
[0.679s][info][gc             ] GC(24) Pause Young (Allocation Failure) 96M->96M(139M) 70.879ms
[0.679s][info][gc,cpu         ] GC(24) User=0.06s Sys=0.00s Real=0.07s
[0.710s][info][gc,start       ] GC(25) Pause Young (Allocation Failure)
[0.783s][info][gc             ] GC(25) Pause Young (Allocation Failure) 134M->134M(173M) 73.651ms
[0.784s][info][gc,cpu         ] GC(25) User=0.06s Sys=0.00s Real=0.07s
[0.784s][info][gc,start       ] GC(26) Pause Full (Allocation Failure)
[0.784s][info][gc,phases,start] GC(26) Phase 1: Mark live objects
[0.842s][info][gc,phases      ] GC(26) Phase 1: Mark live objects 58.681ms
[0.842s][info][gc,phases,start] GC(26) Phase 2: Compute new object addresses
[0.865s][info][gc,phases      ] GC(26) Phase 2: Compute new object addresses 22.715ms
[0.865s][info][gc,phases,start] GC(26) Phase 3: Adjust pointers
[0.892s][info][gc,phases      ] GC(26) Phase 3: Adjust pointers 26.525ms
[0.892s][info][gc,phases,start] GC(26) Phase 4: Move objects
[0.917s][info][gc,phases      ] GC(26) Phase 4: Move objects 25.589ms
[0.918s][info][gc,heap        ] GC(26) DefNew: 44287K(44288K)->1016K(99712K) Eden: 39424K(39424K)->1016K(88640K) From: 4863K(4864K)->0K(11072K)
[0.918s][info][gc,heap        ] GC(26) Tenured: 93487K(98260K)->132887K(221480K)
[0.918s][info][gc,metaspace   ] GC(26) Metaspace: 6297K(6464K)->6297K(6464K) NonClass: 5764K(5824K)->5764K(5824K) Class: 533K(640K)->533K(640K)
[0.918s][info][gc             ] GC(26) Pause Full (Allocation Failure) 134M->130M(313M) 134.302ms
[0.918s][info][gc,cpu         ] GC(26) User=0.12s Sys=0.00s Real=0.13s
[1.015s][info][gc,start       ] GC(27) Pause Young (Allocation Failure)
[1.171s][info][gc,heap        ] GC(27) DefNew: 88640K(99712K)->11071K(99712K) Eden: 88640K(88640K)->0K(88640K) From: 0K(11072K)->11071K(11072K)
[1.171s][info][gc,heap        ] GC(27) Tenured: 132887K(221480K)->210426K(221480K)
[1.171s][info][gc,metaspace   ] GC(27) Metaspace: 6297K(6464K)->6297K(6464K) NonClass: 5764K(5824K)->5764K(5824K) Class: 533K(640K)->533K(640K)
[1.171s][info][gc             ] GC(27) Pause Young (Allocation Failure) 216M->216M(313M) 156.305ms
[1.171s][info][gc,cpu         ] GC(27) User=0.14s Sys=0.02s Real=0.16s
[1.252s][info][gc,start       ] GC(28) Pause Young (Allocation Failure)
[1.439s][info][gc             ] GC(28) Pause Young (Allocation Failure) 302M->302M(389M) 186.123ms
[1.439s][info][gc,cpu         ] GC(28) User=0.17s Sys=0.00s Real=0.19s
[1.439s][info][gc,start       ] GC(29) Pause Full (Allocation Failure)
[1.439s][info][gc,phases,start] GC(29) Phase 1: Mark live objects
[1.581s][info][gc,phases      ] GC(29) Phase 1: Mark live objects 141.948ms
[1.581s][info][gc,phases,start] GC(29) Phase 2: Compute new object addresses
[1.632s][info][gc,phases      ] GC(29) Phase 2: Compute new object addresses 51.620ms
[1.632s][info][gc,phases,start] GC(29) Phase 3: Adjust pointers
[1.686s][info][gc,phases      ] GC(29) Phase 3: Adjust pointers 53.529ms
[1.686s][info][gc,phases,start] GC(29) Phase 4: Move objects
[1.688s][info][gc,phases      ] GC(29) Phase 4: Move objects 2.169ms
[1.689s][info][gc,heap        ] GC(29) DefNew: 99711K(99712K)->10928K(224448K) Eden: 88640K(88640K)->10928K(199552K) From: 11071K(11072K)->0K(24896K)
[1.689s][info][gc,heap        ] GC(29) Tenured: 210426K(221480K)->299179K(498636K)
[1.689s][info][gc,metaspace   ] GC(29) Metaspace: 6297K(6464K)->6297K(6464K) NonClass: 5764K(5824K)->5764K(5824K) Class: 533K(640K)->533K(640K)
[1.689s][info][gc             ] GC(29) Pause Full (Allocation Failure) 302M->302M(706M) 250.533ms
[1.689s][info][gc,cpu         ] GC(29) User=0.27s Sys=0.00s Real=0.25s
[1.885s][info][gc,start       ] GC(30) Pause Young (Allocation Failure)
[2.220s][info][gc,heap        ] GC(30) DefNew: 199552K(224448K)->24895K(224448K) Eden: 199552K(199552K)->0K(199552K) From: 0K(24896K)->24895K(24896K)
[2.220s][info][gc,heap        ] GC(30) Tenured: 299179K(498636K)->473808K(498636K)
[2.221s][info][gc,metaspace   ] GC(30) Metaspace: 6297K(6464K)->6297K(6464K) NonClass: 5764K(5824K)->5764K(5824K) Class: 533K(640K)->533K(640K)
[2.221s][info][gc             ] GC(30) Pause Young (Allocation Failure) 487M->487M(706M) 335.174ms
[2.221s][info][gc,cpu         ] GC(30) User=0.25s Sys=0.05s Real=0.34s
[2.404s][info][gc,start       ] GC(31) Pause Young (Allocation Failure)
[2.812s][info][gc             ] GC(31) Pause Young (Allocation Failure) 681M->681M(876M) 407.050ms
[2.812s][info][gc,cpu         ] GC(31) User=0.31s Sys=0.08s Real=0.41s
[2.812s][info][gc,start       ] GC(32) Pause Full (Allocation Failure)
[2.812s][info][gc,phases,start] GC(32) Phase 1: Mark live objects
[3.135s][info][gc,phases      ] GC(32) Phase 1: Mark live objects 323.303ms
[3.135s][info][gc,phases,start] GC(32) Phase 2: Compute new object addresses
[3.248s][info][gc,phases      ] GC(32) Phase 2: Compute new object addresses 113.377ms
[3.248s][info][gc,phases,start] GC(32) Phase 3: Adjust pointers
[3.367s][info][gc,phases      ] GC(32) Phase 3: Adjust pointers 119.008ms
[3.368s][info][gc,phases,start] GC(32) Phase 4: Move objects
[3.373s][info][gc,phases      ] GC(32) Phase 4: Move objects 5.133ms
[3.375s][info][gc,heap        ] GC(32) DefNew: 224447K(224448K)->24797K(505152K) Eden: 199552K(199552K)->24797K(449088K) From: 24895K(24896K)->0K(56064K)
[3.375s][info][gc,heap        ] GC(32) Tenured: 473808K(498636K)->673424K(1122376K)
[3.375s][info][gc,metaspace   ] GC(32) Metaspace: 6297K(6464K)->6297K(6464K) NonClass: 5764K(5824K)->5764K(5824K) Class: 533K(640K)->533K(640K)
[3.375s][info][gc             ] GC(32) Pause Full (Allocation Failure) 681M->681M(1589M) 563.056ms
[3.375s][info][gc,cpu         ] GC(32) User=0.55s Sys=0.00s Real=0.56s
[3.845s][info][gc,start       ] GC(33) Pause Young (Allocation Failure)
[4.604s][info][gc,heap        ] GC(33) DefNew: 449088K(505152K)->56063K(505152K) Eden: 449088K(449088K)->0K(449088K) From: 0K(56064K)->56063K(56064K)
[4.604s][info][gc,heap        ] GC(33) Tenured: 673424K(1122376K)->1066419K(1122376K)
[4.604s][info][gc,metaspace   ] GC(33) Metaspace: 6297K(6464K)->6297K(6464K) NonClass: 5764K(5824K)->5764K(5824K) Class: 533K(640K)->533K(640K)
[4.604s][info][gc             ] GC(33) Pause Young (Allocation Failure) 1096M->1096M(1589M) 759.474ms
[4.604s][info][gc,cpu         ] GC(33) User=0.61s Sys=0.08s Real=0.76s
[5.059s][info][gc,start       ] GC(34) Pause Young (Allocation Failure)
[5.772s][info][gc             ] GC(34) Pause Young (Allocation Failure) 1534M->1481M(1920M) 713.178ms
[5.772s][info][gc,cpu         ] GC(34) User=0.62s Sys=0.08s Real=0.71s
[5.772s][info][gc,start       ] GC(35) Pause Full (Allocation Failure)
[5.772s][info][gc,phases,start] GC(35) Phase 1: Mark live objects
[6.419s][info][gc,phases      ] GC(35) Phase 1: Mark live objects 646.943ms
[6.419s][info][gc,phases,start] GC(35) Phase 2: Compute new object addresses
[6.634s][info][gc,phases      ] GC(35) Phase 2: Compute new object addresses 214.633ms
[6.634s][info][gc,phases,start] GC(35) Phase 3: Adjust pointers
[6.891s][info][gc,phases      ] GC(35) Phase 3: Adjust pointers 257.252ms
[6.891s][info][gc,phases,start] GC(35) Phase 4: Move objects
[6.902s][info][gc,phases      ] GC(35) Phase 4: Move objects 10.928ms
[6.904s][info][gc,heap        ] GC(35) DefNew: 505151K(505152K)->56011K(860160K) Eden: 449088K(449088K)->56011K(764608K) From: 56063K(56064K)->0K(95552K)
[6.904s][info][gc,heap        ] GC(35) Tenured: 1066419K(1122376K)->1461132K(1911488K)
[6.904s][info][gc,metaspace   ] GC(35) Metaspace: 6297K(6464K)->6297K(6464K) NonClass: 5764K(5824K)->5764K(5824K) Class: 533K(640K)->533K(640K)
[6.904s][info][gc             ] GC(35) Pause Full (Allocation Failure) 1481M->1481M(2706M) 1132.316ms
[6.904s][info][gc,cpu         ] GC(35) User=1.14s Sys=0.00s Real=1.13s
[7.587s][info][gc,start       ] GC(36) Pause Young (Allocation Failure)
[8.985s][info][gc,promotion   ] GC(36) Promotion failed
[8.985s][info][gc             ] GC(36) Pause Young (Allocation Failure) 2173M->2706M(2706M) 1398.808ms
[8.985s][info][gc,cpu         ] GC(36) User=1.31s Sys=0.08s Real=1.40s
[8.985s][info][gc,start       ] GC(37) Pause Full (Allocation Failure)
[8.985s][info][gc,phases,start] GC(37) Phase 1: Mark live objects
[10.015s][info][gc,phases      ] GC(37) Phase 1: Mark live objects 1029.386ms
[10.015s][info][gc,phases,start] GC(37) Phase 2: Compute new object addresses
[10.385s][info][gc,phases      ] GC(37) Phase 2: Compute new object addresses 370.197ms
[10.385s][info][gc,phases,start] GC(37) Phase 3: Adjust pointers
[10.871s][info][gc,phases      ] GC(37) Phase 3: Adjust pointers 485.665ms
[10.871s][info][gc,phases,start] GC(37) Phase 4: Move objects
[11.295s][info][gc,phases      ] GC(37) Phase 4: Move objects 424.490ms
[11.296s][info][gc,heap        ] GC(37) DefNew: 764608K(860160K)->285546K(860160K) Eden: 764608K(764608K)->285546K(764608K) From: 0K(95552K)->0K(95552K)
[11.296s][info][gc,heap        ] GC(37) Tenured: 1461132K(1911488K)->1911487K(1911488K)
[11.296s][info][gc,metaspace   ] GC(37) Metaspace: 6297K(6464K)->6297K(6464K) NonClass: 5764K(5824K)->5764K(5824K) Class: 533K(640K)->533K(640K)
[11.296s][info][gc             ] GC(37) Pause Full (Allocation Failure) 2706M->2145M(2706M) 2310.567ms
[11.296s][info][gc,cpu         ] GC(37) User=2.30s Sys=0.00s Real=2.31s
[11.995s][info][gc,start       ] GC(38) Pause Full (Allocation Failure)
[11.995s][info][gc,phases,start] GC(38) Phase 1: Mark live objects
[13.253s][info][gc,phases      ] GC(38) Phase 1: Mark live objects 1257.884ms
[13.253s][info][gc,phases,start] GC(38) Phase 2: Compute new object addresses
[13.637s][info][gc,phases      ] GC(38) Phase 2: Compute new object addresses 384.257ms
[13.637s][info][gc,phases,start] GC(38) Phase 3: Adjust pointers
[14.203s][info][gc,phases      ] GC(38) Phase 3: Adjust pointers 565.645ms
[14.203s][info][gc,phases,start] GC(38) Phase 4: Move objects
[14.289s][info][gc,phases      ] GC(38) Phase 4: Move objects 85.930ms
[14.289s][info][gc,heap        ] GC(38) DefNew: 860160K(860160K)->860141K(860160K) Eden: 764608K(764608K)->764607K(764608K) From: 95552K(95552K)->95533K(95552K)
[14.289s][info][gc,heap        ] GC(38) Tenured: 1911487K(1911488K)->1911487K(1911488K)
[14.289s][info][gc,metaspace   ] GC(38) Metaspace: 6297K(6464K)->6297K(6464K) NonClass: 5764K(5824K)->5764K(5824K) Class: 533K(640K)->533K(640K)
[14.289s][info][gc             ] GC(38) Pause Full (Allocation Failure) 2706M->2706M(2706M) 2294.752ms
[14.289s][info][gc,cpu         ] GC(38) User=2.27s Sys=0.00s Real=2.29s
[14.290s][info][gc,start       ] GC(39) Pause Full (Allocation Failure)
[14.290s][info][gc,phases,start] GC(39) Phase 1: Mark live objects
[15.552s][info][gc,phases      ] GC(39) Phase 1: Mark live objects 1262.199ms
[15.552s][info][gc,phases,start] GC(39) Phase 2: Compute new object addresses
[15.941s][info][gc,phases      ] GC(39) Phase 2: Compute new object addresses 388.675ms
[15.941s][info][gc,phases,start] GC(39) Phase 3: Adjust pointers
[16.461s][info][gc,phases      ] GC(39) Phase 3: Adjust pointers 520.367ms
[16.461s][info][gc,phases,start] GC(39) Phase 4: Move objects
[16.461s][info][gc,phases      ] GC(39) Phase 4: Move objects 0.015ms
[16.461s][info][gc,heap        ] GC(39) DefNew: 860159K(860160K)->860159K(860160K) Eden: 764608K(764608K)->764608K(764608K) From: 95551K(95552K)->95551K(95552K)
[16.461s][info][gc,heap        ] GC(39) Tenured: 1911487K(1911488K)->1911487K(1911488K)
[16.461s][info][gc,metaspace   ] GC(39) Metaspace: 6297K(6464K)->6297K(6464K) NonClass: 5764K(5824K)->5764K(5824K) Class: 533K(640K)->533K(640K)
[16.462s][info][gc             ] GC(39) Pause Full (Allocation Failure) 2706M->2706M(2706M) 2171.930ms
[16.462s][info][gc,cpu         ] GC(39) User=2.16s Sys=0.00s Real=2.17s
[16.462s][info][gc,start       ] GC(40) Pause Full (Allocation Failure)
[16.462s][info][gc,phases,start] GC(40) Phase 1: Mark live objects
[17.721s][info][gc,phases      ] GC(40) Phase 1: Mark live objects 1259.301ms
[17.721s][info][gc,phases,start] GC(40) Phase 2: Compute new object addresses
[18.105s][info][gc,phases      ] GC(40) Phase 2: Compute new object addresses 384.306ms
[18.105s][info][gc,phases,start] GC(40) Phase 3: Adjust pointers
[18.724s][info][gc,phases      ] GC(40) Phase 3: Adjust pointers 619.003ms
[18.724s][info][gc,phases,start] GC(40) Phase 4: Move objects
[19.170s][info][gc,phases      ] GC(40) Phase 4: Move objects 445.407ms
[19.170s][info][gc,heap        ] GC(40) DefNew: 860159K(860160K)->860155K(860160K) Eden: 764608K(764608K)->764607K(764608K) From: 95551K(95552K)->95547K(95552K)
[19.171s][info][gc,heap        ] GC(40) Tenured: 1911487K(1911488K)->1911487K(1911488K)
[19.171s][info][gc,metaspace   ] GC(40) Metaspace: 6297K(6464K)->6295K(6464K) NonClass: 5764K(5824K)->5762K(5824K) Class: 533K(640K)->532K(640K)
[19.171s][info][gc             ] GC(40) Pause Full (Allocation Failure) 2706M->2706M(2706M) 2708.972ms
[19.171s][info][gc,cpu         ] GC(40) User=2.69s Sys=0.00s Real=2.71s
[19.171s][info][gc,start       ] GC(41) Pause Full (Allocation Failure)
[19.171s][info][gc,phases,start] GC(41) Phase 1: Mark live objects
[20.434s][info][gc,phases      ] GC(41) Phase 1: Mark live objects 1263.070ms
[20.434s][info][gc,phases,start] GC(41) Phase 2: Compute new object addresses
[20.822s][info][gc,phases      ] GC(41) Phase 2: Compute new object addresses 387.548ms
[20.822s][info][gc,phases,start] GC(41) Phase 3: Adjust pointers
[21.345s][info][gc,phases      ] GC(41) Phase 3: Adjust pointers 522.836ms
[21.345s][info][gc,phases,start] GC(41) Phase 4: Move objects
[21.345s][info][gc,phases      ] GC(41) Phase 4: Move objects 0.020ms
[21.345s][info][gc,heap        ] GC(41) DefNew: 860159K(860160K)->860159K(860160K) Eden: 764607K(764608K)->764607K(764608K) From: 95551K(95552K)->95551K(95552K)
[21.345s][info][gc,heap        ] GC(41) Tenured: 1911487K(1911488K)->1911487K(1911488K)
[21.345s][info][gc,metaspace   ] GC(41) Metaspace: 6295K(6464K)->6295K(6464K) NonClass: 5762K(5824K)->5762K(5824K) Class: 532K(640K)->532K(640K)
[21.345s][info][gc             ] GC(41) Pause Full (Allocation Failure) 2706M->2706M(2706M) 2174.113ms
[21.345s][info][gc,cpu         ] GC(41) User=2.17s Sys=0.00s Real=2.17s
[21.345s][info][gc,start       ] GC(42) Pause Full (Allocation Failure)
[21.345s][info][gc,phases,start] GC(42) Phase 1: Mark live objects
[22.604s][info][gc,phases      ] GC(42) Phase 1: Mark live objects 1258.404ms
[22.604s][info][gc,phases,start] GC(42) Phase 2: Compute new object addresses
[22.989s][info][gc,phases      ] GC(42) Phase 2: Compute new object addresses 385.300ms
[22.989s][info][gc,phases,start] GC(42) Phase 3: Adjust pointers
[23.511s][info][gc,phases      ] GC(42) Phase 3: Adjust pointers 521.900ms
[23.511s][info][gc,phases,start] GC(42) Phase 4: Move objects
[23.511s][info][gc,phases      ] GC(42) Phase 4: Move objects 0.016ms
[23.511s][info][gc,heap        ] GC(42) DefNew: 860159K(860160K)->860159K(860160K) Eden: 764607K(764608K)->764607K(764608K) From: 95551K(95552K)->95551K(95552K)
[23.511s][info][gc,heap        ] GC(42) Tenured: 1911487K(1911488K)->1911487K(1911488K)
[23.511s][info][gc,metaspace   ] GC(42) Metaspace: 6295K(6464K)->6295K(6464K) NonClass: 5762K(5824K)->5762K(5824K) Class: 532K(640K)->532K(640K)
[23.511s][info][gc             ] GC(42) Pause Full (Allocation Failure) 2706M->2706M(2706M) 2166.180ms
[23.511s][info][gc,cpu         ] GC(42) User=2.17s Sys=0.00s Real=2.17s
[23.512s][info][gc,start       ] GC(43) Pause Full (Allocation Failure)
[23.512s][info][gc,phases,start] GC(43) Phase 1: Mark live objects
[24.774s][info][gc,phases      ] GC(43) Phase 1: Mark live objects 1261.662ms
[24.774s][info][gc,phases,start] GC(43) Phase 2: Compute new object addresses
[25.160s][info][gc,phases      ] GC(43) Phase 2: Compute new object addresses 385.920ms
[25.160s][info][gc,phases,start] GC(43) Phase 3: Adjust pointers
[25.682s][info][gc,phases      ] GC(43) Phase 3: Adjust pointers 522.227ms
[25.682s][info][gc,phases,start] GC(43) Phase 4: Move objects
[25.682s][info][gc,phases      ] GC(43) Phase 4: Move objects 0.016ms
[25.682s][info][gc,heap        ] GC(43) DefNew: 860160K(860160K)->860160K(860160K) Eden: 764608K(764608K)->764608K(764608K) From: 95552K(95552K)->95552K(95552K)
[25.683s][info][gc,heap        ] GC(43) Tenured: 1911487K(1911488K)->1911487K(1911488K)
[25.683s][info][gc,metaspace   ] GC(43) Metaspace: 6295K(6464K)->6295K(6464K) NonClass: 5762K(5824K)->5762K(5824K) Class: 532K(640K)->532K(640K)
[25.683s][info][gc             ] GC(43) Pause Full (Allocation Failure) 2706M->2706M(2706M) 2170.429ms
[25.683s][info][gc,cpu         ] GC(43) User=2.17s Sys=0.00s Real=2.17s
[25.683s][info][gc,start       ] GC(44) Pause Full (Allocation Failure)
[25.683s][info][gc,phases,start] GC(44) Phase 1: Mark live objects
[26.941s][info][gc,phases      ] GC(44) Phase 1: Mark live objects 1258.090ms
[26.941s][info][gc,phases,start] GC(44) Phase 2: Compute new object addresses
[27.328s][info][gc,phases      ] GC(44) Phase 2: Compute new object addresses 387.477ms
[27.328s][info][gc,phases,start] GC(44) Phase 3: Adjust pointers
[27.951s][info][gc,phases      ] GC(44) Phase 3: Adjust pointers 622.860ms
[27.951s][info][gc,phases,start] GC(44) Phase 4: Move objects
[28.398s][info][gc,phases      ] GC(44) Phase 4: Move objects 446.555ms
[28.398s][info][gc,heap        ] GC(44) DefNew: 860160K(860160K)->860158K(860160K) Eden: 764608K(764608K)->764607K(764608K) From: 95552K(95552K)->95550K(95552K)
[28.398s][info][gc,heap        ] GC(44) Tenured: 1911487K(1911488K)->1911488K(1911488K)
[28.398s][info][gc,metaspace   ] GC(44) Metaspace: 6295K(6464K)->6295K(6464K) NonClass: 5762K(5824K)->5762K(5824K) Class: 532K(640K)->532K(640K)
[28.399s][info][gc             ] GC(44) Pause Full (Allocation Failure) 2706M->2706M(2706M) 2715.927ms
[28.399s][info][gc,cpu         ] GC(44) User=2.70s Sys=0.00s Real=2.72s
[28.400s][info][gc,start       ] GC(45) Pause Full (Allocation Failure)
[28.400s][info][gc,phases,start] GC(45) Phase 1: Mark live objects
[29.664s][info][gc,phases      ] GC(45) Phase 1: Mark live objects 1263.989ms
[29.664s][info][gc,phases,start] GC(45) Phase 2: Compute new object addresses
[30.055s][info][gc,phases      ] GC(45) Phase 2: Compute new object addresses 390.948ms
[30.055s][info][gc,phases,start] GC(45) Phase 3: Adjust pointers
[30.701s][info][gc,phases      ] GC(45) Phase 3: Adjust pointers 646.106ms
[30.701s][info][gc,phases,start] GC(45) Phase 4: Move objects
[31.180s][info][gc,phases      ] GC(45) Phase 4: Move objects 479.094ms
[31.181s][info][gc,heap        ] GC(45) DefNew: 860159K(860160K)->860156K(860160K) Eden: 764608K(764608K)->764607K(764608K) From: 95551K(95552K)->95548K(95552K)
[31.181s][info][gc,heap        ] GC(45) Tenured: 1911488K(1911488K)->1911487K(1911488K)
[31.181s][info][gc,metaspace   ] GC(45) Metaspace: 6297K(6464K)->6297K(6464K) NonClass: 5763K(5824K)->5763K(5824K) Class: 533K(640K)->533K(640K)
[31.181s][info][gc             ] GC(45) Pause Full (Allocation Failure) 2706M->2706M(2706M) 2781.294ms
[31.181s][info][gc,cpu         ] GC(45) User=2.70s Sys=0.00s Real=2.78s
[31.182s][info][gc,heap,exit   ] Heap
[31.182s][info][gc,heap,exit   ]  def new generation   total 860160K, used 860157K [0x0000000751000000, 0x000000078b550000, 0x000000078b550000)
[31.182s][info][gc,heap,exit   ]   eden space 764608K, 100% used [0x0000000751000000, 0x000000077fab0000, 0x000000077fab0000)
[31.182s][info][gc,heap,exit   ]   from space 95552K,  99% used [0x0000000785800000, 0x000000078b54f5c8, 0x000000078b550000)
[31.182s][info][gc,heap,exit   ]   to   space 95552K,   0% used [0x000000077fab0000, 0x000000077fab0000, 0x0000000785800000)
[31.182s][info][gc,heap,exit   ]  tenured generation   total 1911488K, used 1911487K [0x000000078b550000, 0x0000000800000000, 0x0000000800000000)
[31.182s][info][gc,heap,exit   ]    the space 1911488K,  99% used [0x000000078b550000, 0x00000007fffffff0, 0x0000000800000000, 0x0000000800000000)
[31.182s][info][gc,heap,exit   ]  Metaspace       used 6300K, committed 6464K, reserved 1114112K
[31.182s][info][gc,heap,exit   ]   class space    used 534K, committed 640K, reserved 1048576K
