[0.011s][info][gc,init] CardTable entry size: 512
[0.011s][info][gc     ] Using Serial
[0.011s][info][gc,init] Version: 18.0.1+10 (release)
[0.011s][info][gc,init] CPUs: 8 total, 8 available
[0.011s][info][gc,init] Memory: 16063M
[0.011s][info][gc,init] Large Page Support: Disabled
[0.011s][info][gc,init] NUMA Support: Disabled
[0.011s][info][gc,init] Compressed Oops: Enabled (Zero based)
[0.011s][info][gc,init] Heap Min Capacity: 2M
[0.012s][info][gc,init] Heap Initial Capacity: 2M
[0.012s][info][gc,init] Heap Max Capacity: 12100M
[0.012s][info][gc,init] Pre-touch: Disabled
[0.012s][info][gc,metaspace] CDS archive(s) not mapped
[0.012s][info][gc,metaspace] Compressed class space mapped at: 0x0000000800000000-0x0000000840000000, reserved size: 1073741824
[0.012s][info][gc,metaspace] Narrow klass base: 0x0000000800000000, Narrow klass shift: 0, Narrow klass range: 0x40000000
[0.184s][info][gc,start    ] GC(0) Pause Young (Allocation Failure)
[0.185s][info][gc,heap     ] GC(0) DefNew: 1023K(1152K)->127K(1152K) Eden: 1023K(1024K)->0K(1024K) From: 0K(128K)->127K(128K)
[0.185s][info][gc,heap     ] GC(0) Tenured: 0K(768K)->440K(768K)
[0.185s][info][gc,metaspace] GC(0) Metaspace: 5903K(6016K)->5903K(6016K) NonClass: 5403K(5504K)->5403K(5504K) Class: 499K(512K)->499K(512K)
[0.185s][info][gc          ] GC(0) Pause Young (Allocation Failure) 0M->0M(1M) 1.745ms
[0.185s][info][gc,cpu      ] GC(0) User=0.00s Sys=0.00s Real=0.00s
[0.207s][info][gc,start    ] GC(1) Pause Young (Allocation Failure)
[0.208s][info][gc          ] GC(1) Pause Young (Allocation Failure) 1M->0M(2M) 1.238ms
[0.208s][info][gc,cpu      ] GC(1) User=0.00s Sys=0.00s Real=0.00s
[0.208s][info][gc,start    ] GC(2) Pause Full (Allocation Failure)
[0.208s][info][gc,phases,start] GC(2) Phase 1: Mark live objects
[0.209s][info][gc,phases      ] GC(2) Phase 1: Mark live objects 1.034ms
[0.209s][info][gc,phases,start] GC(2) Phase 2: Compute new object addresses
[0.210s][info][gc,phases      ] GC(2) Phase 2: Compute new object addresses 0.236ms
[0.210s][info][gc,phases,start] GC(2) Phase 3: Adjust pointers
[0.210s][info][gc,phases      ] GC(2) Phase 3: Adjust pointers 0.707ms
[0.210s][info][gc,phases,start] GC(2) Phase 4: Move objects
[0.210s][info][gc,phases      ] GC(2) Phase 4: Move objects 0.071ms
[0.211s][info][gc,heap        ] GC(2) DefNew: 1151K(1152K)->40K(1152K) Eden: 1024K(1024K)->40K(1024K) From: 127K(128K)->0K(128K)
[0.211s][info][gc,heap        ] GC(2) Tenured: 440K(768K)->959K(1600K)
[0.211s][info][gc,metaspace   ] GC(2) Metaspace: 6301K(6528K)->6301K(6528K) NonClass: 5767K(5888K)->5767K(5888K) Class: 533K(640K)->533K(640K)
[0.211s][info][gc             ] GC(2) Pause Full (Allocation Failure) 0M->0M(2M) 2.409ms
[0.211s][info][gc,cpu         ] GC(2) User=0.00s Sys=0.00s Real=0.00s
[0.212s][info][gc,start       ] GC(3) Pause Young (Allocation Failure)
[0.214s][info][gc,heap        ] GC(3) DefNew: 1024K(1152K)->127K(1152K) Eden: 1024K(1024K)->0K(1024K) From: 0K(128K)->127K(128K)
[0.214s][info][gc,heap        ] GC(3) Tenured: 959K(1600K)->1375K(1600K)
[0.214s][info][gc,metaspace   ] GC(3) Metaspace: 6301K(6528K)->6301K(6528K) NonClass: 5767K(5888K)->5767K(5888K) Class: 533K(640K)->533K(640K)
[0.214s][info][gc             ] GC(3) Pause Young (Allocation Failure) 1M->1M(2M) 1.444ms
[0.214s][info][gc,cpu         ] GC(3) User=0.00s Sys=0.00s Real=0.00s
[0.215s][info][gc,start       ] GC(4) Pause Young (Allocation Failure)
[0.216s][info][gc             ] GC(4) Pause Young (Allocation Failure) 2M->1M(3M) 1.346ms
[0.217s][info][gc,cpu         ] GC(4) User=0.00s Sys=0.00s Real=0.00s
[0.217s][info][gc,start       ] GC(5) Pause Full (Allocation Failure)
[0.217s][info][gc,phases,start] GC(5) Phase 1: Mark live objects
[0.219s][info][gc,phases      ] GC(5) Phase 1: Mark live objects 2.063ms
[0.219s][info][gc,phases,start] GC(5) Phase 2: Compute new object addresses
[0.219s][info][gc,phases      ] GC(5) Phase 2: Compute new object addresses 0.436ms
[0.219s][info][gc,phases,start] GC(5) Phase 3: Adjust pointers
[0.220s][info][gc,phases      ] GC(5) Phase 3: Adjust pointers 0.737ms
[0.220s][info][gc,phases,start] GC(5) Phase 4: Move objects
[0.220s][info][gc,phases      ] GC(5) Phase 4: Move objects 0.076ms
[0.220s][info][gc,heap        ] GC(5) DefNew: 1151K(1152K)->35K(1536K) Eden: 1024K(1024K)->35K(1408K) From: 127K(128K)->0K(128K)
[0.220s][info][gc,heap        ] GC(5) Tenured: 1375K(1600K)->1983K(3308K)
[0.220s][info][gc,metaspace   ] GC(5) Metaspace: 6301K(6528K)->6301K(6528K) NonClass: 5767K(5888K)->5767K(5888K) Class: 533K(640K)->533K(640K)
[0.220s][info][gc             ] GC(5) Pause Full (Allocation Failure) 1M->1M(4M) 3.694ms
[0.220s][info][gc,cpu         ] GC(5) User=0.00s Sys=0.00s Real=0.00s
[0.222s][info][gc,start       ] GC(6) Pause Young (Allocation Failure)
[0.224s][info][gc,heap        ] GC(6) DefNew: 1408K(1536K)->128K(1536K) Eden: 1408K(1408K)->0K(1408K) From: 0K(128K)->128K(128K)
[0.224s][info][gc,heap        ] GC(6) Tenured: 1983K(3308K)->2617K(3308K)
[0.224s][info][gc,metaspace   ] GC(6) Metaspace: 6301K(6528K)->6301K(6528K) NonClass: 5767K(5888K)->5767K(5888K) Class: 533K(640K)->533K(640K)
[0.224s][info][gc             ] GC(6) Pause Young (Allocation Failure) 3M->2M(4M) 2.167ms
[0.224s][info][gc,cpu         ] GC(6) User=0.00s Sys=0.00s Real=0.00s
[0.226s][info][gc,start       ] GC(7) Pause Young (Allocation Failure)
[0.228s][info][gc             ] GC(7) Pause Young (Allocation Failure) 4M->3M(4M) 2.095ms
[0.228s][info][gc,cpu         ] GC(7) User=0.00s Sys=0.00s Real=0.00s
[0.228s][info][gc,start       ] GC(8) Pause Full (Allocation Failure)
[0.228s][info][gc,phases,start] GC(8) Phase 1: Mark live objects
[0.230s][info][gc,phases      ] GC(8) Phase 1: Mark live objects 2.190ms
[0.231s][info][gc,phases,start] GC(8) Phase 2: Compute new object addresses
[0.231s][info][gc,phases      ] GC(8) Phase 2: Compute new object addresses 0.703ms
[0.231s][info][gc,phases,start] GC(8) Phase 3: Adjust pointers
[0.232s][info][gc,phases      ] GC(8) Phase 3: Adjust pointers 1.203ms
[0.233s][info][gc,phases,start] GC(8) Phase 4: Move objects
[0.233s][info][gc,phases      ] GC(8) Phase 4: Move objects 0.084ms
[0.233s][info][gc,heap        ] GC(8) DefNew: 1536K(1536K)->0K(2688K) Eden: 1408K(1408K)->0K(2432K) From: 128K(128K)->0K(256K)
[0.233s][info][gc,heap        ] GC(8) Tenured: 2617K(3308K)->3460K(5768K)
[0.233s][info][gc,metaspace   ] GC(8) Metaspace: 6301K(6528K)->6301K(6528K) NonClass: 5767K(5888K)->5767K(5888K) Class: 533K(640K)->533K(640K)
[0.233s][info][gc             ] GC(8) Pause Full (Allocation Failure) 3M->3M(8M) 4.578ms
[0.233s][info][gc,cpu         ] GC(8) User=0.00s Sys=0.00s Real=0.00s
[0.237s][info][gc,start       ] GC(9) Pause Young (Allocation Failure)
[0.241s][info][gc,heap        ] GC(9) DefNew: 2432K(2688K)->255K(2688K) Eden: 2432K(2432K)->0K(2432K) From: 0K(256K)->255K(256K)
[0.241s][info][gc,heap        ] GC(9) Tenured: 3460K(5768K)->4512K(5768K)
[0.241s][info][gc,metaspace   ] GC(9) Metaspace: 6301K(6528K)->6301K(6528K) NonClass: 5767K(5888K)->5767K(5888K) Class: 533K(640K)->533K(640K)
[0.241s][info][gc             ] GC(9) Pause Young (Allocation Failure) 5M->4M(8M) 3.634ms
[0.241s][info][gc,cpu         ] GC(9) User=0.00s Sys=0.00s Real=0.00s
[0.245s][info][gc,start       ] GC(10) Pause Young (Allocation Failure)
[0.249s][info][gc,heap        ] GC(10) DefNew: 2687K(2688K)->256K(2688K) Eden: 2432K(2432K)->0K(2432K) From: 255K(256K)->256K(256K)
[0.249s][info][gc,heap        ] GC(10) Tenured: 4512K(5768K)->5755K(5768K)
[0.249s][info][gc,metaspace   ] GC(10) Metaspace: 6301K(6528K)->6301K(6528K) NonClass: 5767K(5888K)->5767K(5888K) Class: 533K(640K)->533K(640K)
[0.249s][info][gc             ] GC(10) Pause Young (Allocation Failure) 7M->5M(8M) 3.818ms
[0.249s][info][gc,cpu         ] GC(10) User=0.00s Sys=0.00s Real=0.00s
[0.253s][info][gc,start       ] GC(11) Pause Young (Allocation Failure)
[0.257s][info][gc             ] GC(11) Pause Young (Allocation Failure) 8M->7M(9M) 4.360ms
[0.257s][info][gc,cpu         ] GC(11) User=0.00s Sys=0.00s Real=0.00s
[0.257s][info][gc,start       ] GC(12) Pause Full (Allocation Failure)
[0.257s][info][gc,phases,start] GC(12) Phase 1: Mark live objects
[0.263s][info][gc,phases      ] GC(12) Phase 1: Mark live objects 5.190ms
[0.263s][info][gc,phases,start] GC(12) Phase 2: Compute new object addresses
[0.264s][info][gc,phases      ] GC(12) Phase 2: Compute new object addresses 1.396ms
[0.264s][info][gc,phases,start] GC(12) Phase 3: Adjust pointers
[0.266s][info][gc,phases      ] GC(12) Phase 3: Adjust pointers 2.262ms
[0.266s][info][gc,phases,start] GC(12) Phase 4: Move objects
[0.268s][info][gc,phases      ] GC(12) Phase 4: Move objects 1.821ms
[0.268s][info][gc,heap        ] GC(12) DefNew: 2688K(2688K)->0K(5376K) Eden: 2432K(2432K)->0K(4800K) From: 256K(256K)->0K(576K)
[0.269s][info][gc,heap        ] GC(12) Tenured: 5755K(5768K)->7132K(11888K)
[0.269s][info][gc,metaspace   ] GC(12) Metaspace: 6301K(6528K)->6301K(6528K) NonClass: 5767K(5888K)->5767K(5888K) Class: 533K(640K)->533K(640K)
[0.269s][info][gc             ] GC(12) Pause Full (Allocation Failure) 7M->6M(16M) 11.307ms
[0.269s][info][gc,cpu         ] GC(12) User=0.02s Sys=0.00s Real=0.01s
[0.274s][info][gc,start       ] GC(13) Pause Young (Allocation Failure)
[0.279s][info][gc,heap        ] GC(13) DefNew: 4800K(5376K)->576K(5376K) Eden: 4800K(4800K)->0K(4800K) From: 0K(576K)->576K(576K)
[0.279s][info][gc,heap        ] GC(13) Tenured: 7132K(11888K)->9027K(11888K)
[0.279s][info][gc,metaspace   ] GC(13) Metaspace: 6301K(6528K)->6301K(6528K) NonClass: 5767K(5888K)->5767K(5888K) Class: 533K(640K)->533K(640K)
[0.279s][info][gc             ] GC(13) Pause Young (Allocation Failure) 11M->9M(16M) 5.269ms
[0.279s][info][gc,cpu         ] GC(13) User=0.00s Sys=0.00s Real=0.00s
[0.285s][info][gc,start       ] GC(14) Pause Young (Allocation Failure)
[0.291s][info][gc,heap        ] GC(14) DefNew: 5376K(5376K)->576K(5376K) Eden: 4800K(4800K)->0K(4800K) From: 576K(576K)->576K(576K)
[0.291s][info][gc,heap        ] GC(14) Tenured: 9027K(11888K)->11747K(11888K)
[0.291s][info][gc,metaspace   ] GC(14) Metaspace: 6301K(6528K)->6301K(6528K) NonClass: 5767K(5888K)->5767K(5888K) Class: 533K(640K)->533K(640K)
[0.291s][info][gc             ] GC(14) Pause Young (Allocation Failure) 14M->12M(16M) 6.523ms
[0.291s][info][gc,cpu         ] GC(14) User=0.02s Sys=0.00s Real=0.01s
[0.295s][info][gc,start       ] GC(15) Pause Young (Allocation Failure)
[0.301s][info][gc             ] GC(15) Pause Young (Allocation Failure) 16M->14M(19M) 6.021ms
[0.301s][info][gc,cpu         ] GC(15) User=0.00s Sys=0.00s Real=0.01s
[0.301s][info][gc,start       ] GC(16) Pause Full (Allocation Failure)
[0.301s][info][gc,phases,start] GC(16) Phase 1: Mark live objects
[0.310s][info][gc,phases      ] GC(16) Phase 1: Mark live objects 8.669ms
[0.310s][info][gc,phases,start] GC(16) Phase 2: Compute new object addresses
[0.312s][info][gc,phases      ] GC(16) Phase 2: Compute new object addresses 2.566ms
[0.313s][info][gc,phases,start] GC(16) Phase 3: Adjust pointers
[0.316s][info][gc,phases      ] GC(16) Phase 3: Adjust pointers 3.248ms
[0.316s][info][gc,phases,start] GC(16) Phase 4: Move objects
[0.316s][info][gc,phases      ] GC(16) Phase 4: Move objects 0.208ms
[0.316s][info][gc,heap        ] GC(16) DefNew: 5376K(5376K)->387K(10880K) Eden: 4800K(4800K)->387K(9728K) From: 576K(576K)->0K(1152K)
[0.316s][info][gc,heap        ] GC(16) Tenured: 11747K(11888K)->14383K(23976K)
[0.316s][info][gc,metaspace   ] GC(16) Metaspace: 6303K(6528K)->6303K(6528K) NonClass: 5769K(5888K)->5769K(5888K) Class: 533K(640K)->533K(640K)
[0.316s][info][gc             ] GC(16) Pause Full (Allocation Failure) 14M->14M(34M) 15.097ms
[0.316s][info][gc,cpu         ] GC(16) User=0.02s Sys=0.00s Real=0.02s
[0.325s][info][gc,start       ] GC(17) Pause Young (Allocation Failure)
[0.337s][info][gc,heap        ] GC(17) DefNew: 9728K(10880K)->1151K(10880K) Eden: 9728K(9728K)->0K(9728K) From: 0K(1152K)->1151K(1152K)
[0.337s][info][gc,heap        ] GC(17) Tenured: 14383K(23976K)->18415K(23976K)
[0.337s][info][gc,metaspace   ] GC(17) Metaspace: 6303K(6528K)->6303K(6528K) NonClass: 5769K(5888K)->5769K(5888K) Class: 533K(640K)->533K(640K)
[0.337s][info][gc             ] GC(17) Pause Young (Allocation Failure) 23M->19M(34M) 12.226ms
[0.337s][info][gc,cpu         ] GC(17) User=0.00s Sys=0.00s Real=0.01s
[0.346s][info][gc,start       ] GC(18) Pause Young (Allocation Failure)
[0.358s][info][gc,heap        ] GC(18) DefNew: 10879K(10880K)->1151K(10880K) Eden: 9728K(9728K)->0K(9728K) From: 1151K(1152K)->1151K(1152K)
[0.358s][info][gc,heap        ] GC(18) Tenured: 18415K(23976K)->23936K(23976K)
[0.358s][info][gc,metaspace   ] GC(18) Metaspace: 6303K(6528K)->6303K(6528K) NonClass: 5769K(5888K)->5769K(5888K) Class: 533K(640K)->533K(640K)
[0.358s][info][gc             ] GC(18) Pause Young (Allocation Failure) 28M->24M(34M) 11.903ms
[0.358s][info][gc,cpu         ] GC(18) User=0.00s Sys=0.00s Real=0.01s
[0.363s][info][gc,start       ] GC(19) Pause Young (Allocation Failure)
[0.375s][info][gc             ] GC(19) Pause Young (Allocation Failure) 34M->29M(38M) 11.261ms
[0.375s][info][gc,cpu         ] GC(19) User=0.00s Sys=0.00s Real=0.01s
[0.375s][info][gc,start       ] GC(20) Pause Full (Allocation Failure)
[0.375s][info][gc,phases,start] GC(20) Phase 1: Mark live objects
[0.389s][info][gc,phases      ] GC(20) Phase 1: Mark live objects 14.098ms
[0.389s][info][gc,phases,start] GC(20) Phase 2: Compute new object addresses
[0.393s][info][gc,phases      ] GC(20) Phase 2: Compute new object addresses 4.611ms
[0.394s][info][gc,phases,start] GC(20) Phase 3: Adjust pointers
[0.399s][info][gc,phases      ] GC(20) Phase 3: Adjust pointers 5.272ms
[0.399s][info][gc,phases,start] GC(20) Phase 4: Move objects
[0.399s][info][gc,phases      ] GC(20) Phase 4: Move objects 0.166ms
[0.399s][info][gc,heap        ] GC(20) DefNew: 10879K(10880K)->1080K(21888K) Eden: 9728K(9728K)->1080K(19520K) From: 1151K(1152K)->0K(2368K)
[0.399s][info][gc,heap        ] GC(20) Tenured: 23936K(23976K)->29035K(48396K)
[0.399s][info][gc,metaspace   ] GC(20) Metaspace: 6303K(6528K)->6303K(6528K) NonClass: 5769K(5888K)->5769K(5888K) Class: 533K(640K)->533K(640K)
[0.399s][info][gc             ] GC(20) Pause Full (Allocation Failure) 29M->29M(68M) 24.533ms
[0.399s][info][gc,cpu         ] GC(20) User=0.03s Sys=0.00s Real=0.03s
[0.415s][info][gc,start       ] GC(21) Pause Young (Allocation Failure)
[0.445s][info][gc,heap        ] GC(21) DefNew: 19520K(21888K)->2367K(21888K) Eden: 19520K(19520K)->0K(19520K) From: 0K(2368K)->2367K(2368K)
[0.445s][info][gc,heap        ] GC(21) Tenured: 29035K(48396K)->41011K(48396K)
[0.445s][info][gc,metaspace   ] GC(21) Metaspace: 6303K(6528K)->6303K(6528K) NonClass: 5769K(5888K)->5769K(5888K) Class: 533K(640K)->533K(640K)
[0.445s][info][gc             ] GC(21) Pause Young (Allocation Failure) 47M->42M(68M) 30.376ms
[0.445s][info][gc,cpu         ] GC(21) User=0.02s Sys=0.00s Real=0.03s
[0.464s][info][gc,start       ] GC(22) Pause Young (Allocation Failure)
[0.500s][info][gc             ] GC(22) Pause Young (Allocation Failure) 61M->61M(80M) 36.065ms
[0.500s][info][gc,cpu         ] GC(22) User=0.03s Sys=0.00s Real=0.04s
[0.500s][info][gc,start       ] GC(23) Pause Full (Allocation Failure)
[0.500s][info][gc,phases,start] GC(23) Phase 1: Mark live objects
[0.525s][info][gc,phases      ] GC(23) Phase 1: Mark live objects 25.640ms
[0.526s][info][gc,phases,start] GC(23) Phase 2: Compute new object addresses
[0.535s][info][gc,phases      ] GC(23) Phase 2: Compute new object addresses 9.762ms
[0.535s][info][gc,phases,start] GC(23) Phase 3: Adjust pointers
[0.546s][info][gc,phases      ] GC(23) Phase 3: Adjust pointers 10.806ms
[0.546s][info][gc,phases,start] GC(23) Phase 4: Move objects
[0.547s][info][gc,phases      ] GC(23) Phase 4: Move objects 0.440ms
[0.547s][info][gc,heap        ] GC(23) DefNew: 21887K(21888K)->2184K(45568K) Eden: 19520K(19520K)->2184K(40512K) From: 2367K(2368K)->0K(5056K)
[0.547s][info][gc,heap        ] GC(23) Tenured: 41011K(48396K)->60683K(101140K)
[0.547s][info][gc,metaspace   ] GC(23) Metaspace: 6303K(6528K)->6303K(6528K) NonClass: 5769K(5888K)->5769K(5888K) Class: 533K(640K)->533K(640K)
[0.547s][info][gc             ] GC(23) Pause Full (Allocation Failure) 61M->61M(143M) 47.231ms
[0.547s][info][gc,cpu         ] GC(23) User=0.05s Sys=0.00s Real=0.05s
[0.589s][info][gc,start       ] GC(24) Pause Young (Allocation Failure)
[0.652s][info][gc,heap        ] GC(24) DefNew: 40512K(45568K)->5055K(45568K) Eden: 40512K(40512K)->0K(40512K) From: 0K(5056K)->5055K(5056K)
[0.652s][info][gc,heap        ] GC(24) Tenured: 60683K(101140K)->96114K(101140K)
[0.652s][info][gc,metaspace   ] GC(24) Metaspace: 6303K(6528K)->6303K(6528K) NonClass: 5769K(5888K)->5769K(5888K) Class: 533K(640K)->533K(640K)
[0.652s][info][gc             ] GC(24) Pause Young (Allocation Failure) 98M->98M(143M) 63.876ms
[0.652s][info][gc,cpu         ] GC(24) User=0.05s Sys=0.00s Real=0.06s
[0.685s][info][gc,start       ] GC(25) Pause Young (Allocation Failure)
[0.758s][info][gc             ] GC(25) Pause Young (Allocation Failure) 138M->138M(178M) 72.649ms
[0.758s][info][gc,cpu         ] GC(25) User=0.06s Sys=0.00s Real=0.07s
[0.758s][info][gc,start       ] GC(26) Pause Full (Allocation Failure)
[0.758s][info][gc,phases,start] GC(26) Phase 1: Mark live objects
[0.814s][info][gc,phases      ] GC(26) Phase 1: Mark live objects 55.571ms
[0.814s][info][gc,phases,start] GC(26) Phase 2: Compute new object addresses
[0.839s][info][gc,phases      ] GC(26) Phase 2: Compute new object addresses 25.313ms
[0.839s][info][gc,phases,start] GC(26) Phase 3: Adjust pointers
[0.874s][info][gc,phases      ] GC(26) Phase 3: Adjust pointers 35.215ms
[0.874s][info][gc,phases,start] GC(26) Phase 4: Move objects
[0.906s][info][gc,phases      ] GC(26) Phase 4: Move objects 31.360ms
[0.906s][info][gc,heap        ] GC(26) DefNew: 45567K(45568K)->1084K(102592K) Eden: 40512K(40512K)->1084K(91200K) From: 5055K(5056K)->0K(11392K)
[0.906s][info][gc,heap        ] GC(26) Tenured: 96114K(101140K)->136727K(227880K)
[0.906s][info][gc,metaspace   ] GC(26) Metaspace: 6303K(6528K)->6303K(6528K) NonClass: 5769K(5888K)->5769K(5888K) Class: 533K(640K)->533K(640K)
[0.906s][info][gc             ] GC(26) Pause Full (Allocation Failure) 138M->134M(322M) 148.407ms
[0.906s][info][gc,cpu         ] GC(26) User=0.14s Sys=0.00s Real=0.15s
[1.009s][info][gc,start       ] GC(27) Pause Young (Allocation Failure)
[1.198s][info][gc,heap        ] GC(27) DefNew: 91200K(102592K)->11391K(102592K) Eden: 91200K(91200K)->0K(91200K) From: 0K(11392K)->11391K(11392K)
[1.198s][info][gc,heap        ] GC(27) Tenured: 136727K(227880K)->216508K(227880K)
[1.198s][info][gc,metaspace   ] GC(27) Metaspace: 6303K(6528K)->6303K(6528K) NonClass: 5769K(5888K)->5769K(5888K) Class: 533K(640K)->533K(640K)
[1.198s][info][gc             ] GC(27) Pause Young (Allocation Failure) 222M->222M(322M) 188.245ms
[1.198s][info][gc,cpu         ] GC(27) User=0.17s Sys=0.00s Real=0.19s
[1.290s][info][gc,start       ] GC(28) Pause Young (Allocation Failure)
[1.463s][info][gc             ] GC(28) Pause Young (Allocation Failure) 311M->311M(400M) 173.071ms
[1.464s][info][gc,cpu         ] GC(28) User=0.11s Sys=0.05s Real=0.17s
[1.464s][info][gc,start       ] GC(29) Pause Full (Allocation Failure)
[1.464s][info][gc,phases,start] GC(29) Phase 1: Mark live objects
[1.601s][info][gc,phases      ] GC(29) Phase 1: Mark live objects 137.856ms
[1.601s][info][gc,phases,start] GC(29) Phase 2: Compute new object addresses
[1.651s][info][gc,phases      ] GC(29) Phase 2: Compute new object addresses 49.612ms
[1.651s][info][gc,phases,start] GC(29) Phase 3: Adjust pointers
[1.708s][info][gc,phases      ] GC(29) Phase 3: Adjust pointers 56.786ms
[1.708s][info][gc,phases,start] GC(29) Phase 4: Move objects
[1.711s][info][gc,phases      ] GC(29) Phase 4: Move objects 2.613ms
[1.712s][info][gc,heap        ] GC(29) DefNew: 102591K(102592K)->11378K(230848K) Eden: 91200K(91200K)->11378K(205248K) From: 11391K(11392K)->0K(25600K)
[1.712s][info][gc,heap        ] GC(29) Tenured: 216508K(227880K)->307691K(512820K)
[1.712s][info][gc,metaspace   ] GC(29) Metaspace: 6303K(6528K)->6303K(6528K) NonClass: 5769K(5888K)->5769K(5888K) Class: 533K(640K)->533K(640K)
[1.712s][info][gc             ] GC(29) Pause Full (Allocation Failure) 311M->311M(726M) 248.202ms
[1.712s][info][gc,cpu         ] GC(29) User=0.25s Sys=0.00s Real=0.25s
[1.928s][info][gc,start       ] GC(30) Pause Young (Allocation Failure)
[2.276s][info][gc,heap        ] GC(30) DefNew: 205248K(230848K)->25599K(230848K) Eden: 205248K(205248K)->0K(205248K) From: 0K(25600K)->25599K(25600K)
[2.276s][info][gc,heap        ] GC(30) Tenured: 307691K(512820K)->487314K(512820K)
[2.276s][info][gc,metaspace   ] GC(30) Metaspace: 6303K(6528K)->6303K(6528K) NonClass: 5769K(5888K)->5769K(5888K) Class: 533K(640K)->533K(640K)
[2.276s][info][gc             ] GC(30) Pause Young (Allocation Failure) 500M->500M(726M) 348.202ms
[2.276s][info][gc,cpu         ] GC(30) User=0.28s Sys=0.05s Real=0.35s
[2.463s][info][gc,start       ] GC(31) Pause Young (Allocation Failure)
[2.851s][info][gc             ] GC(31) Pause Young (Allocation Failure) 701M->700M(901M) 388.307ms
[2.851s][info][gc,cpu         ] GC(31) User=0.30s Sys=0.08s Real=0.39s
[2.851s][info][gc,start       ] GC(32) Pause Full (Allocation Failure)
[2.851s][info][gc,phases,start] GC(32) Phase 1: Mark live objects
[3.173s][info][gc,phases      ] GC(32) Phase 1: Mark live objects 321.091ms
[3.173s][info][gc,phases,start] GC(32) Phase 2: Compute new object addresses
[3.280s][info][gc,phases      ] GC(32) Phase 2: Compute new object addresses 107.162ms
[3.280s][info][gc,phases,start] GC(32) Phase 3: Adjust pointers
[3.405s][info][gc,phases      ] GC(32) Phase 3: Adjust pointers 125.567ms
[3.405s][info][gc,phases,start] GC(32) Phase 4: Move objects
[3.411s][info][gc,phases      ] GC(32) Phase 4: Move objects 5.309ms
[3.413s][info][gc,heap        ] GC(32) DefNew: 230847K(230848K)->25508K(518976K) Eden: 205248K(205248K)->25508K(461312K) From: 25599K(25600K)->0K(57664K)
[3.413s][info][gc,heap        ] GC(32) Tenured: 487314K(512820K)->691955K(1153260K)
[3.413s][info][gc,metaspace   ] GC(32) Metaspace: 6303K(6528K)->6303K(6528K) NonClass: 5769K(5888K)->5769K(5888K) Class: 533K(640K)->533K(640K)
[3.413s][info][gc             ] GC(32) Pause Full (Allocation Failure) 700M->700M(1633M) 561.390ms
[3.413s][info][gc,cpu         ] GC(32) User=0.55s Sys=0.00s Real=0.56s
[3.881s][info][gc,start       ] GC(33) Pause Young (Allocation Failure)
[4.726s][info][gc,heap        ] GC(33) DefNew: 461312K(518976K)->57663K(518976K) Eden: 461312K(461312K)->0K(461312K) From: 0K(57664K)->57663K(57664K)
[4.726s][info][gc,heap        ] GC(33) Tenured: 691955K(1153260K)->1095575K(1153260K)
[4.726s][info][gc,metaspace   ] GC(33) Metaspace: 6303K(6528K)->6303K(6528K) NonClass: 5769K(5888K)->5769K(5888K) Class: 533K(640K)->533K(640K)
[4.726s][info][gc             ] GC(33) Pause Young (Allocation Failure) 1126M->1126M(1633M) 845.680ms
[4.726s][info][gc,cpu         ] GC(33) User=0.67s Sys=0.09s Real=0.85s
[5.233s][info][gc,start       ] GC(34) Pause Young (Allocation Failure)
[5.988s][info][gc             ] GC(34) Pause Young (Allocation Failure) 1576M->1526M(1977M) 755.652ms
[5.988s][info][gc,cpu         ] GC(34) User=0.62s Sys=0.11s Real=0.76s
[5.988s][info][gc,start       ] GC(35) Pause Full (Allocation Failure)
[5.988s][info][gc,phases,start] GC(35) Phase 1: Mark live objects
[6.669s][info][gc,phases      ] GC(35) Phase 1: Mark live objects 680.263ms
[6.669s][info][gc,phases,start] GC(35) Phase 2: Compute new object addresses
[6.890s][info][gc,phases      ] GC(35) Phase 2: Compute new object addresses 221.244ms
[6.890s][info][gc,phases,start] GC(35) Phase 3: Adjust pointers
[7.159s][info][gc,phases      ] GC(35) Phase 3: Adjust pointers 269.406ms
[7.159s][info][gc,phases,start] GC(35) Phase 4: Move objects
[7.170s][info][gc,phases      ] GC(35) Phase 4: Move objects 10.890ms
[7.174s][info][gc,heap        ] GC(35) DefNew: 518975K(518976K)->57609K(1129472K) Eden: 461312K(461312K)->57609K(1004032K) From: 57663K(57664K)->0K(125440K)
[7.174s][info][gc,heap        ] GC(35) Tenured: 1095575K(1153260K)->1505840K(2509736K)
[7.175s][info][gc,metaspace   ] GC(35) Metaspace: 6303K(6528K)->6303K(6528K) NonClass: 5769K(5888K)->5769K(5888K) Class: 533K(640K)->533K(640K)
[7.175s][info][gc             ] GC(35) Pause Full (Allocation Failure) 1526M->1526M(3553M) 1186.288ms
[7.175s][info][gc,cpu         ] GC(35) User=1.16s Sys=0.02s Real=1.19s
[8.171s][info][gc,start       ] GC(36) Pause Young (Allocation Failure)
[9.959s][info][gc,heap        ] GC(36) DefNew: 1004032K(1129472K)->125439K(1129472K) Eden: 1004032K(1004032K)->0K(1004032K) From: 0K(125440K)->125439K(125440K)
[9.959s][info][gc,heap        ] GC(36) Tenured: 1505840K(2509736K)->2384400K(2509736K)
[9.959s][info][gc,metaspace   ] GC(36) Metaspace: 6303K(6528K)->6303K(6528K) NonClass: 5769K(5888K)->5769K(5888K) Class: 533K(640K)->533K(640K)
[9.959s][info][gc             ] GC(36) Pause Young (Allocation Failure) 2451M->2451M(3553M) 1788.662ms
[9.959s][info][gc,cpu         ] GC(36) User=1.52s Sys=0.23s Real=1.79s
[10.956s][info][gc,start       ] GC(37) Pause Young (Allocation Failure)
[12.722s][info][gc             ] GC(37) Pause Young (Allocation Failure) 3431M->3431M(4412M) 1765.394ms
[12.722s][info][gc,cpu         ] GC(37) User=1.47s Sys=0.30s Real=1.77s
[12.722s][info][gc,start       ] GC(38) Pause Full (Allocation Failure)
[12.722s][info][gc,phases,start] GC(38) Phase 1: Mark live objects
[14.319s][info][gc,phases      ] GC(38) Phase 1: Mark live objects 1597.549ms
[14.319s][info][gc,phases,start] GC(38) Phase 2: Compute new object addresses
[14.841s][info][gc,phases      ] GC(38) Phase 2: Compute new object addresses 521.628ms
[14.841s][info][gc,phases,start] GC(38) Phase 3: Adjust pointers
[15.529s][info][gc,phases      ] GC(38) Phase 3: Adjust pointers 687.491ms
[15.529s][info][gc,phases,start] GC(38) Phase 4: Move objects
[16.166s][info][gc,phases      ] GC(38) Phase 4: Move objects 637.142ms
[16.175s][info][gc,heap        ] GC(38) DefNew: 1129471K(1129472K)->31176K(2541376K) Eden: 1004032K(1004032K)->31176K(2259008K) From: 125439K(125440K)->0K(282368K)
[16.175s][info][gc,heap        ] GC(38) Tenured: 2384400K(2509736K)->3388459K(5647436K)
[16.175s][info][gc,metaspace   ] GC(38) Metaspace: 6303K(6528K)->6303K(6528K) NonClass: 5769K(5888K)->5769K(5888K) Class: 533K(640K)->533K(640K)
[16.175s][info][gc             ] GC(38) Pause Full (Allocation Failure) 3431M->3339M(7996M) 3453.642ms
[16.175s][info][gc,cpu         ] GC(38) User=3.41s Sys=0.02s Real=3.45s
[18.526s][info][gc,start       ] GC(39) Pause Young (Allocation Failure)
[22.480s][info][gc,heap        ] GC(39) DefNew: 2259008K(2541376K)->282367K(2541376K) Eden: 2259008K(2259008K)->0K(2259008K) From: 0K(282368K)->282367K(282368K)
[22.480s][info][gc,heap        ] GC(39) Tenured: 3388459K(5647436K)->5365069K(5647436K)
[22.480s][info][gc,metaspace   ] GC(39) Metaspace: 6303K(6528K)->6303K(6528K) NonClass: 5769K(5888K)->5769K(5888K) Class: 533K(640K)->533K(640K)
[22.480s][info][gc             ] GC(39) Pause Young (Allocation Failure) 5515M->5515M(7996M) 3954.378ms
[22.480s][info][gc,cpu         ] GC(39) User=3.38s Sys=0.56s Real=3.95s
[24.647s][info][gc,start       ] GC(40) Pause Young (Allocation Failure)
[28.583s][info][gc             ] GC(40) Pause Young (Allocation Failure) 7721M->7721M(9927M) 3936.506ms
[28.583s][info][gc,cpu         ] GC(40) User=3.31s Sys=0.59s Real=3.94s
[28.583s][info][gc,start       ] GC(41) Pause Full (Allocation Failure)
[28.583s][info][gc,phases,start] GC(41) Phase 1: Mark live objects
[32.285s][info][gc,phases      ] GC(41) Phase 1: Mark live objects 3701.995ms
[32.286s][info][gc,phases,start] GC(41) Phase 2: Compute new object addresses
[33.553s][info][gc,phases      ] GC(41) Phase 2: Compute new object addresses 1267.645ms
[33.553s][info][gc,phases,start] GC(41) Phase 3: Adjust pointers
[34.959s][info][gc,phases      ] GC(41) Phase 3: Adjust pointers 1405.603ms
[34.959s][info][gc,phases,start] GC(41) Phase 4: Move objects
[34.988s][info][gc,phases      ] GC(41) Phase 4: Move objects 29.250ms
[35.013s][info][gc,heap        ] GC(41) DefNew: 2541375K(2541376K)->282367K(3717120K) Eden: 2259008K(2259008K)->282367K(3304128K) From: 282367K(282368K)->0K(412992K)
[35.013s][info][gc,heap        ] GC(41) Tenured: 5365069K(5647436K)->7624046K(8260288K)
[35.013s][info][gc,metaspace   ] GC(41) Metaspace: 6303K(6528K)->6303K(6528K) NonClass: 5769K(5888K)->5769K(5888K) Class: 533K(640K)->533K(640K)
[35.013s][info][gc             ] GC(41) Pause Full (Allocation Failure) 7721M->7721M(11696M) 6429.610ms
[35.013s][info][gc,cpu         ] GC(41) User=6.33s Sys=0.00s Real=6.43s
[37.936s][info][gc,start       ] GC(42) Pause Young (Allocation Failure)
[37.936s][info][gc             ] GC(42) Pause Young (Allocation Failure) 10672M->10672M(11696M) 0.121ms
[37.936s][info][gc,cpu         ] GC(42) User=0.00s Sys=0.00s Real=0.00s
[37.936s][info][gc,start       ] GC(43) Pause Full (Allocation Failure)
[37.936s][info][gc,phases,start] GC(43) Phase 1: Mark live objects
[42.933s][info][gc,phases      ] GC(43) Phase 1: Mark live objects 4996.579ms
[42.933s][info][gc,phases,start] GC(43) Phase 2: Compute new object addresses
[44.502s][info][gc,phases      ] GC(43) Phase 2: Compute new object addresses 1569.399ms
[44.502s][info][gc,phases,start] GC(43) Phase 3: Adjust pointers
[46.697s][info][gc,phases      ] GC(43) Phase 3: Adjust pointers 2194.548ms
[46.697s][info][gc,phases,start] GC(43) Phase 4: Move objects
[47.511s][info][gc,phases      ] GC(43) Phase 4: Move objects 813.671ms
[47.511s][info][gc,heap        ] GC(43) DefNew: 3304128K(3717120K)->2667859K(3717120K) Eden: 3304128K(3304128K)->2667859K(3304128K) From: 0K(412992K)->0K(412992K)
[47.511s][info][gc,heap        ] GC(43) Tenured: 7624046K(8260288K)->8260287K(8260288K)
[47.512s][info][gc,metaspace   ] GC(43) Metaspace: 6303K(6528K)->6303K(6528K) NonClass: 5769K(5888K)->5769K(5888K) Class: 533K(640K)->533K(640K)
[47.512s][info][gc             ] GC(43) Pause Full (Allocation Failure) 10672M->10672M(11696M) 9575.435ms
[47.512s][info][gc,cpu         ] GC(43) User=9.34s Sys=0.06s Real=9.58s
[48.593s][info][gc,start       ] GC(44) Pause Full (Allocation Failure)
[48.593s][info][gc,phases,start] GC(44) Phase 1: Mark live objects
[54.000s][info][gc,phases      ] GC(44) Phase 1: Mark live objects 5406.927ms
[54.000s][info][gc,phases,start] GC(44) Phase 2: Compute new object addresses
[55.763s][info][gc,phases      ] GC(44) Phase 2: Compute new object addresses 1763.333ms
[55.763s][info][gc,phases,start] GC(44) Phase 3: Adjust pointers
[57.983s][info][gc,phases      ] GC(44) Phase 3: Adjust pointers 2219.803ms
[57.983s][info][gc,phases,start] GC(44) Phase 4: Move objects
[58.095s][info][gc,phases      ] GC(44) Phase 4: Move objects 111.711ms
[58.096s][info][gc,heap        ] GC(44) DefNew: 3458737K(3717120K)->3458731K(3717120K) Eden: 3304128K(3304128K)->3304127K(3304128K) From: 154609K(412992K)->154603K(412992K)
[58.096s][info][gc,heap        ] GC(44) Tenured: 8260287K(8260288K)->8260287K(8260288K)
[58.096s][info][gc,metaspace   ] GC(44) Metaspace: 6303K(6528K)->6303K(6528K) NonClass: 5769K(5888K)->5769K(5888K) Class: 533K(640K)->533K(640K)
[58.096s][info][gc             ] GC(44) Pause Full (Allocation Failure) 11444M->11444M(11696M) 9503.055ms
[58.096s][info][gc,cpu         ] GC(44) User=9.41s Sys=0.00s Real=9.50s
[58.096s][info][gc,start       ] GC(45) Pause Full (Allocation Failure)
[58.096s][info][gc,phases,start] GC(45) Phase 1: Mark live objects
[63.210s][info][gc,phases      ] GC(45) Phase 1: Mark live objects 5113.792ms
[63.210s][info][gc,phases,start] GC(45) Phase 2: Compute new object addresses
[64.801s][info][gc,phases      ] GC(45) Phase 2: Compute new object addresses 1590.575ms
[64.801s][info][gc,phases,start] GC(45) Phase 3: Adjust pointers
[67.379s][info][gc,phases      ] GC(45) Phase 3: Adjust pointers 2578.101ms
[67.379s][info][gc,phases,start] GC(45) Phase 4: Move objects
[69.557s][info][gc,phases      ] GC(45) Phase 4: Move objects 2178.393ms
[69.558s][info][gc,heap        ] GC(45) DefNew: 3458731K(3717120K)->3327655K(3717120K) Eden: 3304127K(3304128K)->3304127K(3304128K) From: 154603K(412992K)->23527K(412992K)
[69.558s][info][gc,heap        ] GC(45) Tenured: 8260287K(8260288K)->8260287K(8260288K)
[69.558s][info][gc,metaspace   ] GC(45) Metaspace: 6303K(6528K)->6301K(6528K) NonClass: 5769K(5888K)->5768K(5888K) Class: 533K(640K)->532K(640K)
[69.558s][info][gc             ] GC(45) Pause Full (Allocation Failure) 11444M->11316M(11696M) 11461.929ms
[69.558s][info][gc,cpu         ] GC(45) User=11.42s Sys=0.00s Real=11.46s
[69.560s][info][gc,heap,exit   ] Heap
[69.560s][info][gc,heap,exit   ]  def new generation   total 3717120K, used 3327657K [0x000000050bc00000, 0x0000000607d50000, 0x0000000607d50000)
[69.560s][info][gc,heap,exit   ]   eden space 3304128K, 100% used [0x000000050bc00000, 0x00000005d56b0000, 0x00000005d56b0000)
[69.560s][info][gc,heap,exit   ]   from space 412992K,   5% used [0x00000005d56b0000, 0x00000005d6daa530, 0x00000005eea00000)
[69.560s][info][gc,heap,exit   ]   to   space 412992K,   0% used [0x00000005eea00000, 0x00000005eea00000, 0x0000000607d50000)
[69.560s][info][gc,heap,exit   ]  tenured generation   total 8260288K, used 8260287K [0x0000000607d50000, 0x0000000800000000, 0x0000000800000000)
[69.560s][info][gc,heap,exit   ]    the space 8260288K,  99% used [0x0000000607d50000, 0x00000007ffffff80, 0x0000000800000000, 0x0000000800000000)
[69.560s][info][gc,heap,exit   ]  Metaspace       used 6306K, committed 6528K, reserved 1114112K
[69.560s][info][gc,heap,exit   ]   class space    used 534K, committed 640K, reserved 1048576K
