[0.012s][info][gc,init] CardTable entry size: 512
[0.012s][info][gc     ] Using Parallel
[0.013s][info][gc,init] Version: 18.0.1+10 (release)
[0.013s][info][gc,init] CPUs: 8 total, 8 available
[0.013s][info][gc,init] Memory: 16063M
[0.013s][info][gc,init] Large Page Support: Disabled
[0.013s][info][gc,init] NUMA Support: Disabled
[0.013s][info][gc,init] Compressed Oops: Enabled (Zero based)
[0.013s][info][gc,init] Alignments: Space 512K, Generation 512K, Heap 2M
[0.013s][info][gc,init] Heap Min Capacity: 2M
[0.013s][info][gc,init] Heap Initial Capacity: 2M
[0.013s][info][gc,init] Heap Max Capacity: 8700M
[0.013s][info][gc,init] Pre-touch: Disabled
[0.013s][info][gc,init] Parallel Workers: 8
[0.013s][info][gc,metaspace] CDS archive(s) not mapped
[0.013s][info][gc,metaspace] Compressed class space mapped at: 0x0000000800000000-0x0000000840000000, reserved size: 1073741824
[0.013s][info][gc,metaspace] Narrow klass base: 0x0000000800000000, Narrow klass shift: 0, Narrow klass range: 0x40000000
[0.116s][info][gc,start    ] GC(0) Pause Young (Allocation Failure)
[0.117s][info][gc,heap     ] GC(0) PSYoungGen: 512K(1024K)->480K(1024K) Eden: 512K(512K)->0K(512K) From: 0K(512K)->480K(512K)
[0.118s][info][gc,heap     ] GC(0) ParOldGen: 0K(512K)->8K(512K)
[0.118s][info][gc,metaspace] GC(0) Metaspace: 4228K(4352K)->4228K(4352K) NonClass: 3907K(3968K)->3907K(3968K) Class: 321K(384K)->321K(384K)
[0.118s][info][gc          ] GC(0) Pause Young (Allocation Failure) 0M->0M(1M) 1.569ms
[0.118s][info][gc,cpu      ] GC(0) User=0.00s Sys=0.00s Real=0.00s
[0.181s][info][gc,start    ] GC(1) Pause Young (Allocation Failure)
[0.181s][info][gc,heap     ] GC(1) PSYoungGen: 991K(1024K)->512K(1536K) Eden: 511K(512K)->0K(1024K) From: 480K(512K)->512K(512K)
[0.181s][info][gc,heap     ] GC(1) ParOldGen: 8K(512K)->88K(512K)
[0.181s][info][gc,metaspace] GC(1) Metaspace: 5881K(6016K)->5881K(6016K) NonClass: 5384K(5504K)->5384K(5504K) Class: 496K(512K)->496K(512K)
[0.181s][info][gc          ] GC(1) Pause Young (Allocation Failure) 0M->0M(2M) 0.956ms
[0.181s][info][gc,cpu      ] GC(1) User=0.00s Sys=0.00s Real=0.00s
[0.204s][info][gc,start    ] GC(2) Pause Young (Allocation Failure)
[0.205s][info][gc,heap     ] GC(2) PSYoungGen: 1536K(1536K)->512K(1536K) Eden: 1024K(1024K)->0K(1024K) From: 512K(512K)->512K(512K)
[0.205s][info][gc,heap     ] GC(2) ParOldGen: 88K(512K)->504K(512K)
[0.205s][info][gc,metaspace] GC(2) Metaspace: 6300K(6528K)->6300K(6528K) NonClass: 5767K(5888K)->5767K(5888K) Class: 533K(640K)->533K(640K)
[0.205s][info][gc          ] GC(2) Pause Young (Allocation Failure) 1M->0M(2M) 1.408ms
[0.205s][info][gc,cpu      ] GC(2) User=0.00s Sys=0.00s Real=0.00s
[0.205s][info][gc,start    ] GC(3) Pause Full (Ergonomics)
[0.205s][info][gc,phases,start] GC(3) Marking Phase
[0.206s][info][gc,phases      ] GC(3) Marking Phase 1.012ms
[0.206s][info][gc,phases,start] GC(3) Summary Phase
[0.206s][info][gc,phases      ] GC(3) Summary Phase 0.018ms
[0.206s][info][gc,phases,start] GC(3) Adjust Roots
[0.207s][info][gc,phases      ] GC(3) Adjust Roots 0.390ms
[0.207s][info][gc,phases,start] GC(3) Compaction Phase
[0.208s][info][gc,phases      ] GC(3) Compaction Phase 1.550ms
[0.208s][info][gc,phases,start] GC(3) Post Compact
[0.208s][info][gc,phases      ] GC(3) Post Compact 0.083ms
[0.208s][info][gc,heap        ] GC(3) PSYoungGen: 512K(1536K)->508K(1536K) Eden: 0K(1024K)->0K(1024K) From: 512K(512K)->508K(512K)
[0.208s][info][gc,heap        ] GC(3) ParOldGen: 504K(512K)->472K(2048K)
[0.208s][info][gc,metaspace   ] GC(3) Metaspace: 6300K(6528K)->6300K(6528K) NonClass: 5767K(5888K)->5767K(5888K) Class: 533K(640K)->533K(640K)
[0.208s][info][gc             ] GC(3) Pause Full (Ergonomics) 0M->0M(3M) 3.302ms
[0.208s][info][gc,cpu         ] GC(3) User=0.00s Sys=0.00s Real=0.00s
[0.210s][info][gc,start       ] GC(4) Pause Young (Allocation Failure)
[0.211s][info][gc,heap        ] GC(4) PSYoungGen: 1532K(1536K)->480K(2560K) Eden: 1024K(1024K)->0K(2048K) From: 508K(512K)->480K(512K)
[0.211s][info][gc,heap        ] GC(4) ParOldGen: 472K(2048K)->1032K(2048K)
[0.211s][info][gc,metaspace   ] GC(4) Metaspace: 6300K(6528K)->6300K(6528K) NonClass: 5767K(5888K)->5767K(5888K) Class: 533K(640K)->533K(640K)
[0.211s][info][gc             ] GC(4) Pause Young (Allocation Failure) 1M->1M(4M) 1.777ms
[0.211s][info][gc,cpu         ] GC(4) User=0.00s Sys=0.00s Real=0.00s
[0.215s][info][gc,start       ] GC(5) Pause Young (Allocation Failure)
[0.217s][info][gc,heap        ] GC(5) PSYoungGen: 2528K(2560K)->480K(2560K) Eden: 2048K(2048K)->0K(2048K) From: 480K(512K)->480K(512K)
[0.217s][info][gc,heap        ] GC(5) ParOldGen: 1032K(2048K)->2104K(2560K)
[0.217s][info][gc,metaspace   ] GC(5) Metaspace: 6300K(6528K)->6300K(6528K) NonClass: 5767K(5888K)->5767K(5888K) Class: 533K(640K)->533K(640K)
[0.217s][info][gc             ] GC(5) Pause Young (Allocation Failure) 3M->2M(5M) 2.147ms
[0.217s][info][gc,cpu         ] GC(5) User=0.00s Sys=0.00s Real=0.00s
[0.217s][info][gc,start       ] GC(6) Pause Full (Ergonomics)
[0.217s][info][gc,phases,start] GC(6) Marking Phase
[0.219s][info][gc,phases      ] GC(6) Marking Phase 1.744ms
[0.219s][info][gc,phases,start] GC(6) Summary Phase
[0.219s][info][gc,phases      ] GC(6) Summary Phase 0.020ms
[0.219s][info][gc,phases,start] GC(6) Adjust Roots
[0.219s][info][gc,phases      ] GC(6) Adjust Roots 0.327ms
[0.219s][info][gc,phases,start] GC(6) Compaction Phase
[0.221s][info][gc,phases      ] GC(6) Compaction Phase 2.199ms
[0.221s][info][gc,phases,start] GC(6) Post Compact
[0.221s][info][gc,phases      ] GC(6) Post Compact 0.034ms
[0.222s][info][gc,heap        ] GC(6) PSYoungGen: 480K(2560K)->0K(4096K) Eden: 0K(2048K)->0K(3072K) From: 480K(512K)->0K(1024K)
[0.222s][info][gc,heap        ] GC(6) ParOldGen: 2104K(2560K)->2542K(6144K)
[0.222s][info][gc,metaspace   ] GC(6) Metaspace: 6300K(6528K)->6300K(6528K) NonClass: 5767K(5888K)->5767K(5888K) Class: 533K(640K)->533K(640K)
[0.222s][info][gc             ] GC(6) Pause Full (Ergonomics) 2M->2M(10M) 4.701ms
[0.222s][info][gc,cpu         ] GC(6) User=0.00s Sys=0.00s Real=0.01s
[0.227s][info][gc,start       ] GC(7) Pause Young (Allocation Failure)
[0.229s][info][gc,heap        ] GC(7) PSYoungGen: 3072K(4096K)->1664K(5120K) Eden: 3072K(3072K)->0K(3072K) From: 0K(1024K)->1664K(2048K)
[0.229s][info][gc,heap        ] GC(7) ParOldGen: 2542K(6144K)->2542K(6144K)
[0.229s][info][gc,metaspace   ] GC(7) Metaspace: 6300K(6528K)->6300K(6528K) NonClass: 5767K(5888K)->5767K(5888K) Class: 533K(640K)->533K(640K)
[0.229s][info][gc             ] GC(7) Pause Young (Allocation Failure) 5M->4M(11M) 1.959ms
[0.229s][info][gc,cpu         ] GC(7) User=0.00s Sys=0.00s Real=0.00s
[0.235s][info][gc,start       ] GC(8) Pause Young (Allocation Failure)
[0.238s][info][gc,heap        ] GC(8) PSYoungGen: 4736K(5120K)->2016K(5632K) Eden: 3072K(3072K)->0K(3584K) From: 1664K(2048K)->2016K(2048K)
[0.238s][info][gc,heap        ] GC(8) ParOldGen: 2542K(6144K)->3774K(6144K)
[0.238s][info][gc,metaspace   ] GC(8) Metaspace: 6300K(6528K)->6300K(6528K) NonClass: 5767K(5888K)->5767K(5888K) Class: 533K(640K)->533K(640K)
[0.238s][info][gc             ] GC(8) Pause Young (Allocation Failure) 7M->5M(11M) 3.502ms
[0.238s][info][gc,cpu         ] GC(8) User=0.02s Sys=0.00s Real=0.00s
[0.244s][info][gc,start       ] GC(9) Pause Young (Allocation Failure)
[0.248s][info][gc,heap        ] GC(9) PSYoungGen: 5600K(5632K)->3040K(6656K) Eden: 3584K(3584K)->0K(3584K) From: 2016K(2048K)->3040K(3072K)
[0.248s][info][gc,heap        ] GC(9) ParOldGen: 3774K(6144K)->4614K(6144K)
[0.248s][info][gc,metaspace   ] GC(9) Metaspace: 6300K(6528K)->6300K(6528K) NonClass: 5767K(5888K)->5767K(5888K) Class: 533K(640K)->533K(640K)
[0.248s][info][gc             ] GC(9) Pause Young (Allocation Failure) 9M->7M(12M) 3.495ms
[0.248s][info][gc,cpu         ] GC(9) User=0.00s Sys=0.00s Real=0.00s
[0.253s][info][gc,start       ] GC(10) Pause Young (Allocation Failure)
[0.257s][info][gc,heap        ] GC(10) PSYoungGen: 6624K(6656K)->4064K(8704K) Eden: 3584K(3584K)->0K(4608K) From: 3040K(3072K)->4064K(4096K)
[0.257s][info][gc,heap        ] GC(10) ParOldGen: 4614K(6144K)->5462K(6144K)
[0.257s][info][gc,metaspace   ] GC(10) Metaspace: 6300K(6528K)->6300K(6528K) NonClass: 5767K(5888K)->5767K(5888K) Class: 533K(640K)->533K(640K)
[0.257s][info][gc             ] GC(10) Pause Young (Allocation Failure) 10M->9M(14M) 4.442ms
[0.257s][info][gc,cpu         ] GC(10) User=0.00s Sys=0.00s Real=0.01s
[0.257s][info][gc,start       ] GC(11) Pause Full (Ergonomics)
[0.257s][info][gc,phases,start] GC(11) Marking Phase
[0.262s][info][gc,phases      ] GC(11) Marking Phase 4.881ms
[0.262s][info][gc,phases,start] GC(11) Summary Phase
[0.262s][info][gc,phases      ] GC(11) Summary Phase 0.015ms
[0.262s][info][gc,phases,start] GC(11) Adjust Roots
[0.263s][info][gc,phases      ] GC(11) Adjust Roots 0.407ms
[0.263s][info][gc,phases,start] GC(11) Compaction Phase
[0.270s][info][gc,phases      ] GC(11) Compaction Phase 7.205ms
[0.270s][info][gc,phases,start] GC(11) Post Compact
[0.270s][info][gc,phases      ] GC(11) Post Compact 0.066ms
[0.270s][info][gc,heap        ] GC(11) PSYoungGen: 4064K(8704K)->3545K(8704K) Eden: 0K(4608K)->0K(4608K) From: 4064K(4096K)->3545K(4096K)
[0.270s][info][gc,heap        ] GC(11) ParOldGen: 5462K(6144K)->5831K(10752K)
[0.270s][info][gc,metaspace   ] GC(11) Metaspace: 6300K(6528K)->6300K(6528K) NonClass: 5767K(5888K)->5767K(5888K) Class: 533K(640K)->533K(640K)
[0.270s][info][gc             ] GC(11) Pause Full (Ergonomics) 9M->9M(19M) 12.936ms
[0.270s][info][gc,cpu         ] GC(11) User=0.00s Sys=0.00s Real=0.01s
[0.275s][info][gc,start       ] GC(12) Pause Young (Allocation Failure)
[0.279s][info][gc,heap        ] GC(12) PSYoungGen: 8013K(8704K)->5088K(9728K) Eden: 4468K(4608K)->0K(4608K) From: 3545K(4096K)->5088K(5120K)
[0.279s][info][gc,heap        ] GC(12) ParOldGen: 5831K(10752K)->6615K(10752K)
[0.279s][info][gc,metaspace   ] GC(12) Metaspace: 6300K(6528K)->6300K(6528K) NonClass: 5767K(5888K)->5767K(5888K) Class: 533K(640K)->533K(640K)
[0.279s][info][gc             ] GC(12) Pause Young (Allocation Failure) 13M->11M(20M) 3.864ms
[0.279s][info][gc,cpu         ] GC(12) User=0.00s Sys=0.00s Real=0.00s
[0.286s][info][gc,start       ] GC(13) Pause Young (Allocation Failure)
[0.291s][info][gc,heap        ] GC(13) PSYoungGen: 9696K(9728K)->6112K(11264K) Eden: 4608K(4608K)->0K(5120K) From: 5088K(5120K)->6112K(6144K)
[0.291s][info][gc,heap        ] GC(13) ParOldGen: 6615K(10752K)->7991K(10752K)
[0.291s][info][gc,metaspace   ] GC(13) Metaspace: 6300K(6528K)->6300K(6528K) NonClass: 5767K(5888K)->5767K(5888K) Class: 533K(640K)->533K(640K)
[0.291s][info][gc             ] GC(13) Pause Young (Allocation Failure) 15M->13M(21M) 5.935ms
[0.291s][info][gc,cpu         ] GC(13) User=0.00s Sys=0.00s Real=0.01s
[0.296s][info][gc,start       ] GC(14) Pause Young (Allocation Failure)
[0.303s][info][gc,heap        ] GC(14) PSYoungGen: 11232K(11264K)->5216K(12800K) Eden: 5120K(5120K)->0K(5120K) From: 6112K(6144K)->5216K(7680K)
[0.303s][info][gc,heap        ] GC(14) ParOldGen: 7991K(10752K)->11591K(11776K)
[0.303s][info][gc,metaspace   ] GC(14) Metaspace: 6302K(6528K)->6302K(6528K) NonClass: 5769K(5888K)->5769K(5888K) Class: 533K(640K)->533K(640K)
[0.303s][info][gc             ] GC(14) Pause Young (Allocation Failure) 18M->16M(24M) 7.131ms
[0.303s][info][gc,cpu         ] GC(14) User=0.02s Sys=0.00s Real=0.01s
[0.304s][info][gc,start       ] GC(15) Pause Full (Ergonomics)
[0.304s][info][gc,phases,start] GC(15) Marking Phase
[0.311s][info][gc,phases      ] GC(15) Marking Phase 7.454ms
[0.311s][info][gc,phases,start] GC(15) Summary Phase
[0.311s][info][gc,phases      ] GC(15) Summary Phase 0.018ms
[0.311s][info][gc,phases,start] GC(15) Adjust Roots
[0.311s][info][gc,phases      ] GC(15) Adjust Roots 0.241ms
[0.311s][info][gc,phases,start] GC(15) Compaction Phase
[0.318s][info][gc,phases      ] GC(15) Compaction Phase 7.027ms
[0.318s][info][gc,phases,start] GC(15) Post Compact
[0.319s][info][gc,phases      ] GC(15) Post Compact 0.085ms
[0.319s][info][gc,heap        ] GC(15) PSYoungGen: 5216K(12800K)->5175K(12800K) Eden: 0K(5120K)->0K(5120K) From: 5216K(7680K)->5175K(7680K)
[0.319s][info][gc,heap        ] GC(15) ParOldGen: 11591K(11776K)->11475K(18432K)
[0.319s][info][gc,metaspace   ] GC(15) Metaspace: 6302K(6528K)->6302K(6528K) NonClass: 5769K(5888K)->5769K(5888K) Class: 533K(640K)->533K(640K)
[0.319s][info][gc             ] GC(15) Pause Full (Ergonomics) 16M->16M(30M) 15.171ms
[0.319s][info][gc,cpu         ] GC(15) User=0.02s Sys=0.00s Real=0.01s
[0.322s][info][gc,start       ] GC(16) Pause Young (Allocation Failure)
[0.329s][info][gc,heap        ] GC(16) PSYoungGen: 10295K(12800K)->2688K(14336K) Eden: 5120K(5120K)->0K(7168K) From: 5175K(7680K)->2688K(7168K)
[0.329s][info][gc,heap        ] GC(16) ParOldGen: 11475K(18432K)->16731K(18432K)
[0.329s][info][gc,metaspace   ] GC(16) Metaspace: 6302K(6528K)->6302K(6528K) NonClass: 5769K(5888K)->5769K(5888K) Class: 533K(640K)->533K(640K)
[0.329s][info][gc             ] GC(16) Pause Young (Allocation Failure) 21M->18M(32M) 6.426ms
[0.329s][info][gc,cpu         ] GC(16) User=0.00s Sys=0.00s Real=0.01s
[0.329s][info][gc,start       ] GC(17) Pause Full (Ergonomics)
[0.329s][info][gc,phases,start] GC(17) Marking Phase
[0.337s][info][gc,phases      ] GC(17) Marking Phase 8.422ms
[0.337s][info][gc,phases,start] GC(17) Summary Phase
[0.338s][info][gc,phases      ] GC(17) Summary Phase 0.016ms
[0.338s][info][gc,phases,start] GC(17) Adjust Roots
[0.338s][info][gc,phases      ] GC(17) Adjust Roots 0.216ms
[0.338s][info][gc,phases,start] GC(17) Compaction Phase
[0.344s][info][gc,phases      ] GC(17) Compaction Phase 6.339ms
[0.344s][info][gc,phases,start] GC(17) Post Compact
[0.344s][info][gc,phases      ] GC(17) Post Compact 0.087ms
[0.344s][info][gc,heap        ] GC(17) PSYoungGen: 2688K(14336K)->1105K(14848K) Eden: 0K(7168K)->0K(7680K) From: 2688K(7168K)->1105K(7168K)
[0.344s][info][gc,heap        ] GC(17) ParOldGen: 16731K(18432K)->18183K(27648K)
[0.344s][info][gc,metaspace   ] GC(17) Metaspace: 6302K(6528K)->6302K(6528K) NonClass: 5769K(5888K)->5769K(5888K) Class: 533K(640K)->533K(640K)
[0.344s][info][gc             ] GC(17) Pause Full (Ergonomics) 18M->18M(41M) 15.439ms
[0.344s][info][gc,cpu         ] GC(17) User=0.02s Sys=0.00s Real=0.01s
[0.349s][info][gc,start       ] GC(18) Pause Young (Allocation Failure)
[0.354s][info][gc,heap        ] GC(18) PSYoungGen: 7799K(14848K)->3424K(15360K) Eden: 6694K(7680K)->0K(7680K) From: 1105K(7168K)->3424K(7680K)
[0.354s][info][gc,heap        ] GC(18) ParOldGen: 18183K(27648K)->19311K(27648K)
[0.354s][info][gc,metaspace   ] GC(18) Metaspace: 6302K(6528K)->6302K(6528K) NonClass: 5769K(5888K)->5769K(5888K) Class: 533K(640K)->533K(640K)
[0.354s][info][gc             ] GC(18) Pause Young (Allocation Failure) 25M->22M(42M) 5.099ms
[0.354s][info][gc,cpu         ] GC(18) User=0.00s Sys=0.00s Real=0.00s
[0.363s][info][gc,start       ] GC(19) Pause Young (Allocation Failure)
[0.371s][info][gc,heap        ] GC(19) PSYoungGen: 11103K(15360K)->4480K(17920K) Eden: 7679K(7680K)->0K(10240K) From: 3424K(7680K)->4480K(7680K)
[0.371s][info][gc,heap        ] GC(19) ParOldGen: 19311K(27648K)->22759K(27648K)
[0.371s][info][gc,metaspace   ] GC(19) Metaspace: 6302K(6528K)->6302K(6528K) NonClass: 5769K(5888K)->5769K(5888K) Class: 533K(640K)->533K(640K)
[0.371s][info][gc             ] GC(19) Pause Young (Allocation Failure) 29M->26M(44M) 8.009ms
[0.371s][info][gc,cpu         ] GC(19) User=0.00s Sys=0.00s Real=0.01s
[0.378s][info][gc,start       ] GC(20) Pause Young (Allocation Failure)
[0.386s][info][gc,heap        ] GC(20) PSYoungGen: 14720K(17920K)->5344K(17920K) Eden: 10240K(10240K)->0K(10240K) From: 4480K(7680K)->5344K(7680K)
[0.386s][info][gc,heap        ] GC(20) ParOldGen: 22759K(27648K)->27279K(27648K)
[0.386s][info][gc,metaspace   ] GC(20) Metaspace: 6302K(6528K)->6302K(6528K) NonClass: 5769K(5888K)->5769K(5888K) Class: 533K(640K)->533K(640K)
[0.386s][info][gc             ] GC(20) Pause Young (Allocation Failure) 36M->31M(44M) 8.095ms
[0.386s][info][gc,cpu         ] GC(20) User=0.00s Sys=0.00s Real=0.01s
[0.386s][info][gc,start       ] GC(21) Pause Full (Ergonomics)
[0.387s][info][gc,phases,start] GC(21) Marking Phase
[0.400s][info][gc,phases      ] GC(21) Marking Phase 13.626ms
[0.400s][info][gc,phases,start] GC(21) Summary Phase
[0.400s][info][gc,phases      ] GC(21) Summary Phase 0.016ms
[0.400s][info][gc,phases,start] GC(21) Adjust Roots
[0.400s][info][gc,phases      ] GC(21) Adjust Roots 0.199ms
[0.400s][info][gc,phases,start] GC(21) Compaction Phase
[0.413s][info][gc,phases      ] GC(21) Compaction Phase 13.007ms
[0.414s][info][gc,phases,start] GC(21) Post Compact
[0.414s][info][gc,phases      ] GC(21) Post Compact 0.100ms
[0.414s][info][gc,heap        ] GC(21) PSYoungGen: 5344K(17920K)->4779K(17920K) Eden: 0K(10240K)->0K(10240K) From: 5344K(7680K)->4779K(7680K)
[0.414s][info][gc,heap        ] GC(21) ParOldGen: 27279K(27648K)->27140K(38912K)
[0.414s][info][gc,metaspace   ] GC(21) Metaspace: 6302K(6528K)->6302K(6528K) NonClass: 5769K(5888K)->5769K(5888K) Class: 533K(640K)->533K(640K)
[0.414s][info][gc             ] GC(21) Pause Full (Ergonomics) 31M->31M(55M) 27.454ms
[0.414s][info][gc,cpu         ] GC(21) User=0.00s Sys=0.00s Real=0.03s
[0.423s][info][gc,start       ] GC(22) Pause Young (Allocation Failure)
[0.435s][info][gc,heap        ] GC(22) PSYoungGen: 15019K(17920K)->8192K(17920K) Eden: 10240K(10240K)->0K(9728K) From: 4779K(7680K)->8192K(8192K)
[0.435s][info][gc,heap        ] GC(22) ParOldGen: 27140K(38912K)->32956K(38912K)
[0.435s][info][gc,metaspace   ] GC(22) Metaspace: 6302K(6528K)->6302K(6528K) NonClass: 5769K(5888K)->5769K(5888K) Class: 533K(640K)->533K(640K)
[0.435s][info][gc             ] GC(22) Pause Young (Allocation Failure) 41M->40M(55M) 12.019ms
[0.436s][info][gc,cpu         ] GC(22) User=0.00s Sys=0.00s Real=0.01s
[0.436s][info][gc,start       ] GC(23) Pause Full (Ergonomics)
[0.436s][info][gc,phases,start] GC(23) Marking Phase
[0.454s][info][gc,phases      ] GC(23) Marking Phase 18.074ms
[0.454s][info][gc,phases,start] GC(23) Summary Phase
[0.454s][info][gc,phases      ] GC(23) Summary Phase 0.019ms
[0.454s][info][gc,phases,start] GC(23) Adjust Roots
[0.454s][info][gc,phases      ] GC(23) Adjust Roots 0.166ms
[0.454s][info][gc,phases,start] GC(23) Compaction Phase
[0.465s][info][gc,phases      ] GC(23) Compaction Phase 10.822ms
[0.465s][info][gc,phases,start] GC(23) Post Compact
[0.465s][info][gc,phases      ] GC(23) Post Compact 0.189ms
[0.465s][info][gc,heap        ] GC(23) PSYoungGen: 8192K(17920K)->2555K(17920K) Eden: 0K(9728K)->0K(9728K) From: 8192K(8192K)->2555K(8192K)
[0.465s][info][gc,heap        ] GC(23) ParOldGen: 32956K(38912K)->38478K(52736K)
[0.465s][info][gc,metaspace   ] GC(23) Metaspace: 6302K(6528K)->6302K(6528K) NonClass: 5769K(5888K)->5769K(5888K) Class: 533K(640K)->533K(640K)
[0.465s][info][gc             ] GC(23) Pause Full (Ergonomics) 40M->40M(69M) 29.658ms
[0.465s][info][gc,cpu         ] GC(23) User=0.03s Sys=0.00s Real=0.03s
[0.480s][info][gc,start       ] GC(24) Pause Young (Allocation Failure)
[0.490s][info][gc,heap        ] GC(24) PSYoungGen: 12283K(17920K)->9760K(20992K) Eden: 9728K(9728K)->0K(9728K) From: 2555K(8192K)->9760K(11264K)
[0.490s][info][gc,heap        ] GC(24) ParOldGen: 38478K(52736K)->41078K(52736K)
[0.490s][info][gc,metaspace   ] GC(24) Metaspace: 6302K(6528K)->6302K(6528K) NonClass: 5769K(5888K)->5769K(5888K) Class: 533K(640K)->533K(640K)
[0.490s][info][gc             ] GC(24) Pause Young (Allocation Failure) 49M->49M(72M) 10.711ms
[0.490s][info][gc,cpu         ] GC(24) User=0.00s Sys=0.00s Real=0.01s
[0.502s][info][gc,start       ] GC(25) Pause Young (Allocation Failure)
[0.515s][info][gc,heap        ] GC(25) PSYoungGen: 19488K(20992K)->12768K(19968K) Eden: 9728K(9728K)->0K(7168K) From: 9760K(11264K)->12768K(12800K)
[0.515s][info][gc,heap        ] GC(25) ParOldGen: 41078K(52736K)->47846K(52736K)
[0.515s][info][gc,metaspace   ] GC(25) Metaspace: 6302K(6528K)->6302K(6528K) NonClass: 5769K(5888K)->5769K(5888K) Class: 533K(640K)->533K(640K)
[0.515s][info][gc             ] GC(25) Pause Young (Allocation Failure) 59M->59M(71M) 13.922ms
[0.515s][info][gc,cpu         ] GC(25) User=0.00s Sys=0.00s Real=0.01s
[0.516s][info][gc,start       ] GC(26) Pause Full (Ergonomics)
[0.516s][info][gc,phases,start] GC(26) Marking Phase
[0.542s][info][gc,phases      ] GC(26) Marking Phase 25.890ms
[0.542s][info][gc,phases,start] GC(26) Summary Phase
[0.542s][info][gc,phases      ] GC(26) Summary Phase 0.018ms
[0.542s][info][gc,phases,start] GC(26) Adjust Roots
[0.542s][info][gc,phases      ] GC(26) Adjust Roots 0.180ms
[0.542s][info][gc,phases,start] GC(26) Compaction Phase
[0.565s][info][gc,phases      ] GC(26) Compaction Phase 23.538ms
[0.565s][info][gc,phases,start] GC(26) Post Compact
[0.566s][info][gc,phases      ] GC(26) Post Compact 0.177ms
[0.566s][info][gc,heap        ] GC(26) PSYoungGen: 12768K(19968K)->7122K(19968K) Eden: 0K(7168K)->0K(7168K) From: 12768K(12800K)->7122K(12800K)
[0.566s][info][gc,heap        ] GC(26) ParOldGen: 47846K(52736K)->52288K(69120K)
[0.566s][info][gc,metaspace   ] GC(26) Metaspace: 6302K(6528K)->6302K(6528K) NonClass: 5769K(5888K)->5769K(5888K) Class: 533K(640K)->533K(640K)
[0.566s][info][gc             ] GC(26) Pause Full (Ergonomics) 59M->58M(87M) 50.204ms
[0.566s][info][gc,cpu         ] GC(26) User=0.08s Sys=0.00s Real=0.05s
[0.573s][info][gc,start       ] GC(27) Pause Young (Allocation Failure)
[0.587s][info][gc,heap        ] GC(27) PSYoungGen: 14290K(19968K)->7200K(24576K) Eden: 7168K(7168K)->0K(7168K) From: 7122K(12800K)->7200K(17408K)
[0.587s][info][gc,heap        ] GC(27) ParOldGen: 52288K(69120K)->59528K(69120K)
[0.587s][info][gc,metaspace   ] GC(27) Metaspace: 6302K(6528K)->6302K(6528K) NonClass: 5769K(5888K)->5769K(5888K) Class: 533K(640K)->533K(640K)
[0.587s][info][gc             ] GC(27) Pause Young (Allocation Failure) 65M->65M(91M) 13.958ms
[0.587s][info][gc,cpu         ] GC(27) User=0.00s Sys=0.00s Real=0.01s
[0.595s][info][gc,start       ] GC(28) Pause Young (Allocation Failure)
[0.606s][info][gc,heap        ] GC(28) PSYoungGen: 14368K(24576K)->14336K(23040K) Eden: 7168K(7168K)->0K(6656K) From: 7200K(17408K)->14336K(16384K)
[0.606s][info][gc,heap        ] GC(28) ParOldGen: 59528K(69120K)->59528K(69120K)
[0.606s][info][gc,metaspace   ] GC(28) Metaspace: 6302K(6528K)->6302K(6528K) NonClass: 5769K(5888K)->5769K(5888K) Class: 533K(640K)->533K(640K)
[0.606s][info][gc             ] GC(28) Pause Young (Allocation Failure) 72M->72M(90M) 10.585ms
[0.606s][info][gc,cpu         ] GC(28) User=0.00s Sys=0.00s Real=0.01s
[0.613s][info][gc,start       ] GC(29) Pause Young (Allocation Failure)
[0.627s][info][gc,heap        ] GC(29) PSYoungGen: 20992K(23040K)->18432K(25088K) Eden: 6656K(6656K)->0K(6656K) From: 14336K(16384K)->18432K(18432K)
[0.627s][info][gc,heap        ] GC(29) ParOldGen: 59528K(69120K)->62080K(69120K)
[0.627s][info][gc,metaspace   ] GC(29) Metaspace: 6302K(6528K)->6302K(6528K) NonClass: 5769K(5888K)->5769K(5888K) Class: 533K(640K)->533K(640K)
[0.627s][info][gc             ] GC(29) Pause Young (Allocation Failure) 78M->78M(92M) 13.774ms
[0.627s][info][gc,cpu         ] GC(29) User=0.00s Sys=0.00s Real=0.01s
[0.627s][info][gc,start       ] GC(30) Pause Full (Ergonomics)
[0.627s][info][gc,phases,start] GC(30) Marking Phase
[0.659s][info][gc,phases      ] GC(30) Marking Phase 31.664ms
[0.659s][info][gc,phases,start] GC(30) Summary Phase
[0.659s][info][gc,phases      ] GC(30) Summary Phase 0.017ms
[0.659s][info][gc,phases,start] GC(30) Adjust Roots
[0.659s][info][gc,phases      ] GC(30) Adjust Roots 0.169ms
[0.659s][info][gc,phases,start] GC(30) Compaction Phase
[0.679s][info][gc,phases      ] GC(30) Compaction Phase 19.771ms
[0.679s][info][gc,phases,start] GC(30) Post Compact
[0.679s][info][gc,phases      ] GC(30) Post Compact 0.321ms
[0.679s][info][gc,heap        ] GC(30) PSYoungGen: 18432K(25088K)->11242K(25088K) Eden: 0K(6656K)->0K(6656K) From: 18432K(18432K)->11242K(18432K)
[0.679s][info][gc,heap        ] GC(30) ParOldGen: 62080K(69120K)->69071K(88064K)
[0.679s][info][gc,metaspace   ] GC(30) Metaspace: 6302K(6528K)->6302K(6528K) NonClass: 5769K(5888K)->5769K(5888K) Class: 533K(640K)->533K(640K)
[0.679s][info][gc             ] GC(30) Pause Full (Ergonomics) 78M->78M(110M) 52.282ms
[0.680s][info][gc,cpu         ] GC(30) User=0.06s Sys=0.00s Real=0.05s
[0.688s][info][gc,start       ] GC(31) Pause Young (Allocation Failure)
[0.706s][info][gc,heap        ] GC(31) PSYoungGen: 17898K(25088K)->10080K(28160K) Eden: 6656K(6656K)->0K(8192K) From: 11242K(18432K)->10080K(19968K)
[0.706s][info][gc,heap        ] GC(31) ParOldGen: 69071K(88064K)->77055K(88064K)
[0.706s][info][gc,metaspace   ] GC(31) Metaspace: 6302K(6528K)->6302K(6528K) NonClass: 5769K(5888K)->5769K(5888K) Class: 533K(640K)->533K(640K)
[0.706s][info][gc             ] GC(31) Pause Young (Allocation Failure) 84M->85M(113M) 18.593ms
[0.706s][info][gc,cpu         ] GC(31) User=0.02s Sys=0.00s Real=0.02s
[0.724s][info][gc,start       ] GC(32) Pause Young (Allocation Failure)
[0.736s][info][gc,heap        ] GC(32) PSYoungGen: 18272K(28160K)->18272K(29696K) Eden: 8192K(8192K)->0K(8192K) From: 10080K(19968K)->18272K(21504K)
[0.736s][info][gc,heap        ] GC(32) ParOldGen: 77055K(88064K)->77055K(88064K)
[0.736s][info][gc,metaspace   ] GC(32) Metaspace: 6302K(6528K)->6302K(6528K) NonClass: 5769K(5888K)->5769K(5888K) Class: 533K(640K)->533K(640K)
[0.736s][info][gc             ] GC(32) Pause Young (Allocation Failure) 93M->93M(115M) 11.749ms
[0.736s][info][gc,cpu         ] GC(32) User=0.02s Sys=0.00s Real=0.01s
[0.742s][info][gc,start       ] GC(33) Pause Young (Allocation Failure)
[0.758s][info][gc,heap        ] GC(33) PSYoungGen: 26464K(29696K)->23520K(28672K) Eden: 8192K(8192K)->0K(5120K) From: 18272K(21504K)->23520K(23552K)
[0.758s][info][gc,heap        ] GC(33) ParOldGen: 77055K(88064K)->79983K(88064K)
[0.758s][info][gc,metaspace   ] GC(33) Metaspace: 6302K(6528K)->6302K(6528K) NonClass: 5769K(5888K)->5769K(5888K) Class: 533K(640K)->533K(640K)
[0.758s][info][gc             ] GC(33) Pause Young (Allocation Failure) 101M->101M(114M) 15.726ms
[0.758s][info][gc,cpu         ] GC(33) User=0.00s Sys=0.00s Real=0.02s
[0.758s][info][gc,start       ] GC(34) Pause Full (Ergonomics)
[0.758s][info][gc,phases,start] GC(34) Marking Phase
[0.800s][info][gc,phases      ] GC(34) Marking Phase 41.565ms
[0.800s][info][gc,phases,start] GC(34) Summary Phase
[0.800s][info][gc,phases      ] GC(34) Summary Phase 0.021ms
[0.800s][info][gc,phases,start] GC(34) Adjust Roots
[0.800s][info][gc,phases      ] GC(34) Adjust Roots 0.213ms
[0.800s][info][gc,phases,start] GC(34) Compaction Phase
[0.829s][info][gc,phases      ] GC(34) Compaction Phase 28.583ms
[0.829s][info][gc,phases,start] GC(34) Post Compact
[0.829s][info][gc,phases      ] GC(34) Post Compact 0.302ms
[0.829s][info][gc,heap        ] GC(34) PSYoungGen: 23520K(28672K)->13254K(28672K) Eden: 0K(5120K)->0K(5120K) From: 23520K(23552K)->13254K(23552K)
[0.829s][info][gc,heap        ] GC(34) ParOldGen: 79983K(88064K)->87971K(108544K)
[0.829s][info][gc,metaspace   ] GC(34) Metaspace: 6302K(6528K)->6302K(6528K) NonClass: 5769K(5888K)->5769K(5888K) Class: 533K(640K)->533K(640K)
[0.829s][info][gc             ] GC(34) Pause Full (Ergonomics) 101M->98M(134M) 71.174ms
[0.829s][info][gc,cpu         ] GC(34) User=0.09s Sys=0.00s Real=0.07s
[0.834s][info][gc,start       ] GC(35) Pause Young (Allocation Failure)
[0.850s][info][gc,heap        ] GC(35) PSYoungGen: 18374K(28672K)->12832K(33792K) Eden: 5120K(5120K)->0K(5120K) From: 13254K(23552K)->12832K(28672K)
[0.850s][info][gc,heap        ] GC(35) ParOldGen: 87971K(108544K)->93643K(108544K)
[0.851s][info][gc,metaspace   ] GC(35) Metaspace: 6302K(6528K)->6302K(6528K) NonClass: 5769K(5888K)->5769K(5888K) Class: 533K(640K)->533K(640K)
[0.851s][info][gc             ] GC(35) Pause Young (Allocation Failure) 103M->103M(139M) 16.133ms
[0.851s][info][gc,cpu         ] GC(35) User=0.02s Sys=0.00s Real=0.02s
[0.856s][info][gc,start       ] GC(36) Pause Young (Allocation Failure)
[0.866s][info][gc,heap        ] GC(36) PSYoungGen: 17952K(33792K)->17952K(33280K) Eden: 5120K(5120K)->0K(5632K) From: 12832K(28672K)->17952K(27648K)
[0.866s][info][gc,heap        ] GC(36) ParOldGen: 93643K(108544K)->93643K(108544K)
[0.866s][info][gc,metaspace   ] GC(36) Metaspace: 6302K(6528K)->6302K(6528K) NonClass: 5769K(5888K)->5769K(5888K) Class: 533K(640K)->533K(640K)
[0.866s][info][gc             ] GC(36) Pause Young (Allocation Failure) 108M->108M(138M) 10.576ms
[0.866s][info][gc,cpu         ] GC(36) User=0.02s Sys=0.00s Real=0.01s
[0.872s][info][gc,start       ] GC(37) Pause Young (Allocation Failure)
[0.884s][info][gc,heap        ] GC(37) PSYoungGen: 23584K(33280K)->21248K(33792K) Eden: 5632K(5632K)->0K(5632K) From: 17952K(27648K)->21248K(28160K)
[0.884s][info][gc,heap        ] GC(37) ParOldGen: 93643K(108544K)->95987K(108544K)
[0.884s][info][gc,metaspace   ] GC(37) Metaspace: 6302K(6528K)->6302K(6528K) NonClass: 5769K(5888K)->5769K(5888K) Class: 533K(640K)->533K(640K)
[0.884s][info][gc             ] GC(37) Pause Young (Allocation Failure) 114M->114M(139M) 11.944ms
[0.884s][info][gc,cpu         ] GC(37) User=0.00s Sys=0.00s Real=0.01s
[0.889s][info][gc,start       ] GC(38) Pause Young (Allocation Failure)
[0.904s][info][gc,heap        ] GC(38) PSYoungGen: 26880K(33792K)->16352K(36352K) Eden: 5632K(5632K)->0K(7168K) From: 21248K(28160K)->16352K(29184K)
[0.904s][info][gc,heap        ] GC(38) ParOldGen: 95987K(108544K)->106635K(108544K)
[0.904s][info][gc,metaspace   ] GC(38) Metaspace: 6302K(6528K)->6302K(6528K) NonClass: 5769K(5888K)->5769K(5888K) Class: 533K(640K)->533K(640K)
[0.904s][info][gc             ] GC(38) Pause Young (Allocation Failure) 119M->120M(141M) 14.982ms
[0.904s][info][gc,cpu         ] GC(38) User=0.02s Sys=0.00s Real=0.01s
[0.904s][info][gc,start       ] GC(39) Pause Full (Ergonomics)
[0.904s][info][gc,phases,start] GC(39) Marking Phase
[0.945s][info][gc,phases      ] GC(39) Marking Phase 40.893ms
[0.945s][info][gc,phases,start] GC(39) Summary Phase
[0.945s][info][gc,phases      ] GC(39) Summary Phase 0.017ms
[0.945s][info][gc,phases,start] GC(39) Adjust Roots
[0.945s][info][gc,phases      ] GC(39) Adjust Roots 0.163ms
[0.945s][info][gc,phases,start] GC(39) Compaction Phase
[0.964s][info][gc,phases      ] GC(39) Compaction Phase 18.996ms
[0.964s][info][gc,phases,start] GC(39) Post Compact
[0.965s][info][gc,phases      ] GC(39) Post Compact 0.612ms
[0.965s][info][gc,heap        ] GC(39) PSYoungGen: 16352K(36352K)->14244K(36864K) Eden: 0K(7168K)->0K(7680K) From: 16352K(29184K)->14244K(29184K)
[0.965s][info][gc,heap        ] GC(39) ParOldGen: 106635K(108544K)->108355K(132608K)
[0.965s][info][gc,metaspace   ] GC(39) Metaspace: 6302K(6528K)->6302K(6528K) NonClass: 5769K(5888K)->5769K(5888K) Class: 533K(640K)->533K(640K)
[0.965s][info][gc             ] GC(39) Pause Full (Ergonomics) 120M->119M(165M) 61.113ms
[0.965s][info][gc,cpu         ] GC(39) User=0.14s Sys=0.00s Real=0.06s
[0.972s][info][gc,start       ] GC(40) Pause Young (Allocation Failure)
[0.992s][info][gc,heap        ] GC(40) PSYoungGen: 21924K(36864K)->12384K(37376K) Eden: 7680K(7680K)->0K(7680K) From: 14244K(29184K)->12384K(29696K)
[0.992s][info][gc,heap        ] GC(40) ParOldGen: 108355K(132608K)->118099K(132608K)
[0.992s][info][gc,metaspace   ] GC(40) Metaspace: 6302K(6528K)->6302K(6528K) NonClass: 5769K(5888K)->5769K(5888K) Class: 533K(640K)->533K(640K)
[0.992s][info][gc             ] GC(40) Pause Young (Allocation Failure) 127M->127M(166M) 20.026ms
[0.992s][info][gc,cpu         ] GC(40) User=0.03s Sys=0.00s Real=0.02s
[1.000s][info][gc,start       ] GC(41) Pause Young (Allocation Failure)
[1.014s][info][gc,heap        ] GC(41) PSYoungGen: 20064K(37376K)->15392K(36352K) Eden: 7680K(7680K)->0K(9216K) From: 12384K(29696K)->15392K(27136K)
[1.014s][info][gc,heap        ] GC(41) ParOldGen: 118099K(132608K)->122851K(132608K)
[1.014s][info][gc,metaspace   ] GC(41) Metaspace: 6302K(6528K)->6302K(6528K) NonClass: 5769K(5888K)->5769K(5888K) Class: 533K(640K)->533K(640K)
[1.014s][info][gc             ] GC(41) Pause Young (Allocation Failure) 134M->135M(165M) 14.030ms
[1.014s][info][gc,cpu         ] GC(41) User=0.00s Sys=0.00s Real=0.01s
[1.014s][info][gc,start       ] GC(42) Pause Full (Ergonomics)
[1.014s][info][gc,phases,start] GC(42) Marking Phase
[1.062s][info][gc,phases      ] GC(42) Marking Phase 48.070ms
[1.062s][info][gc,phases,start] GC(42) Summary Phase
[1.062s][info][gc,phases      ] GC(42) Summary Phase 0.020ms
[1.062s][info][gc,phases,start] GC(42) Adjust Roots
[1.062s][info][gc,phases      ] GC(42) Adjust Roots 0.183ms
[1.062s][info][gc,phases,start] GC(42) Compaction Phase
[1.089s][info][gc,phases      ] GC(42) Compaction Phase 26.713ms
[1.089s][info][gc,phases,start] GC(42) Post Compact
[1.090s][info][gc,phases      ] GC(42) Post Compact 0.677ms
[1.090s][info][gc,heap        ] GC(42) PSYoungGen: 15392K(36352K)->5589K(36864K) Eden: 0K(9216K)->0K(9728K) From: 15392K(27136K)->5589K(27136K)
[1.090s][info][gc,heap        ] GC(42) ParOldGen: 122851K(132608K)->132308K(159232K)
[1.090s][info][gc,metaspace   ] GC(42) Metaspace: 6302K(6528K)->6302K(6528K) NonClass: 5769K(5888K)->5769K(5888K) Class: 533K(640K)->533K(640K)
[1.090s][info][gc             ] GC(42) Pause Full (Ergonomics) 135M->134M(191M) 76.229ms
[1.090s][info][gc,cpu         ] GC(42) User=0.14s Sys=0.00s Real=0.08s
[1.101s][info][gc,start       ] GC(43) Pause Young (Allocation Failure)
[1.118s][info][gc,heap        ] GC(43) PSYoungGen: 15317K(36864K)->9792K(37376K) Eden: 9728K(9728K)->0K(9728K) From: 5589K(27136K)->9792K(27648K)
[1.118s][info][gc,heap        ] GC(43) ParOldGen: 132308K(159232K)->137996K(159232K)
[1.118s][info][gc,metaspace   ] GC(43) Metaspace: 6302K(6528K)->6302K(6528K) NonClass: 5769K(5888K)->5769K(5888K) Class: 533K(640K)->533K(640K)
[1.118s][info][gc             ] GC(43) Pause Young (Allocation Failure) 144M->144M(192M) 16.854ms
[1.118s][info][gc,cpu         ] GC(43) User=0.02s Sys=0.00s Real=0.02s
[1.128s][info][gc,start       ] GC(44) Pause Young (Allocation Failure)
[1.141s][info][gc,heap        ] GC(44) PSYoungGen: 19520K(37376K)->19520K(36864K) Eden: 9728K(9728K)->0K(10240K) From: 9792K(27648K)->19520K(26624K)
[1.141s][info][gc,heap        ] GC(44) ParOldGen: 137996K(159232K)->137996K(159232K)
[1.141s][info][gc,metaspace   ] GC(44) Metaspace: 6302K(6528K)->6302K(6528K) NonClass: 5769K(5888K)->5769K(5888K) Class: 533K(640K)->533K(640K)
[1.141s][info][gc             ] GC(44) Pause Young (Allocation Failure) 153M->153M(191M) 12.260ms
[1.141s][info][gc,cpu         ] GC(44) User=0.00s Sys=0.00s Real=0.01s
[1.150s][info][gc,start       ] GC(45) Pause Young (Allocation Failure)
[1.168s][info][gc,heap        ] GC(45) PSYoungGen: 29760K(36864K)->20032K(37888K) Eden: 10240K(10240K)->0K(10240K) From: 19520K(26624K)->20032K(27648K)
[1.168s][info][gc,heap        ] GC(45) ParOldGen: 137996K(159232K)->147852K(159232K)
[1.168s][info][gc,metaspace   ] GC(45) Metaspace: 6302K(6528K)->6302K(6528K) NonClass: 5769K(5888K)->5769K(5888K) Class: 533K(640K)->533K(640K)
[1.168s][info][gc             ] GC(45) Pause Young (Allocation Failure) 163M->163M(192M) 18.078ms
[1.168s][info][gc,cpu         ] GC(45) User=0.02s Sys=0.02s Real=0.02s
[1.168s][info][gc,start       ] GC(46) Pause Full (Ergonomics)
[1.168s][info][gc,phases,start] GC(46) Marking Phase
[1.215s][info][gc,phases      ] GC(46) Marking Phase 46.721ms
[1.215s][info][gc,phases,start] GC(46) Summary Phase
[1.215s][info][gc,phases      ] GC(46) Summary Phase 0.025ms
[1.215s][info][gc,phases,start] GC(46) Adjust Roots
[1.215s][info][gc,phases      ] GC(46) Adjust Roots 0.154ms
[1.215s][info][gc,phases,start] GC(46) Compaction Phase
[1.239s][info][gc,phases      ] GC(46) Compaction Phase 23.733ms
[1.239s][info][gc,phases,start] GC(46) Post Compact
[1.240s][info][gc,phases      ] GC(46) Post Compact 0.734ms
[1.240s][info][gc,heap        ] GC(46) PSYoungGen: 20032K(37888K)->8667K(37888K) Eden: 0K(10240K)->0K(10240K) From: 20032K(27648K)->8667K(27648K)
[1.240s][info][gc,heap        ] GC(46) ParOldGen: 147852K(159232K)->158833K(188416K)
[1.240s][info][gc,metaspace   ] GC(46) Metaspace: 6302K(6528K)->6302K(6528K) NonClass: 5769K(5888K)->5769K(5888K) Class: 533K(640K)->533K(640K)
[1.240s][info][gc             ] GC(46) Pause Full (Ergonomics) 163M->163M(221M) 71.792ms
[1.240s][info][gc,cpu         ] GC(46) User=0.17s Sys=0.02s Real=0.07s
[1.271s][info][gc,start       ] GC(47) Pause Young (Allocation Failure)
[1.290s][info][gc,heap        ] GC(47) PSYoungGen: 18907K(37888K)->14848K(38400K) Eden: 10240K(10240K)->0K(11776K) From: 8667K(27648K)->14848K(26624K)
[1.290s][info][gc,heap        ] GC(47) ParOldGen: 167025K(188416K)->171249K(188416K)
[1.290s][info][gc,metaspace   ] GC(47) Metaspace: 6302K(6528K)->6302K(6528K) NonClass: 5769K(5888K)->5769K(5888K) Class: 533K(640K)->533K(640K)
[1.290s][info][gc             ] GC(47) Pause Young (Allocation Failure) 181M->181M(221M) 18.571ms
[1.290s][info][gc,cpu         ] GC(47) User=0.00s Sys=0.02s Real=0.02s
[1.302s][info][gc,start       ] GC(48) Pause Young (Allocation Failure)
[1.315s][info][gc,heap        ] GC(48) PSYoungGen: 26624K(38400K)->26592K(39424K) Eden: 11776K(11776K)->0K(11776K) From: 14848K(26624K)->26592K(27648K)
[1.316s][info][gc,heap        ] GC(48) ParOldGen: 171249K(188416K)->171249K(188416K)
[1.316s][info][gc,metaspace   ] GC(48) Metaspace: 6302K(6528K)->6302K(6528K) NonClass: 5769K(5888K)->5769K(5888K) Class: 533K(640K)->533K(640K)
[1.316s][info][gc             ] GC(48) Pause Young (Allocation Failure) 193M->193M(222M) 13.377ms
[1.316s][info][gc,cpu         ] GC(48) User=0.02s Sys=0.00s Real=0.01s
[1.327s][info][gc,start       ] GC(49) Pause Young (Allocation Failure)
[1.348s][info][gc,heap        ] GC(49) PSYoungGen: 38368K(39424K)->30720K(37376K) Eden: 11776K(11776K)->0K(6656K) From: 26592K(27648K)->30720K(30720K)
[1.348s][info][gc,heap        ] GC(49) ParOldGen: 171249K(188416K)->178953K(188416K)
[1.348s][info][gc,metaspace   ] GC(49) Metaspace: 6302K(6528K)->6302K(6528K) NonClass: 5769K(5888K)->5769K(5888K) Class: 533K(640K)->533K(640K)
[1.348s][info][gc             ] GC(49) Pause Young (Allocation Failure) 204M->204M(220M) 20.688ms
[1.348s][info][gc,cpu         ] GC(49) User=0.00s Sys=0.02s Real=0.02s
[1.348s][info][gc,start       ] GC(50) Pause Full (Ergonomics)
[1.348s][info][gc,phases,start] GC(50) Marking Phase
[1.396s][info][gc,phases      ] GC(50) Marking Phase 48.486ms
[1.396s][info][gc,phases,start] GC(50) Summary Phase
[1.397s][info][gc,phases      ] GC(50) Summary Phase 0.017ms
[1.397s][info][gc,phases,start] GC(50) Adjust Roots
[1.397s][info][gc,phases      ] GC(50) Adjust Roots 0.149ms
[1.397s][info][gc,phases,start] GC(50) Compaction Phase
[1.446s][info][gc,phases      ] GC(50) Compaction Phase 49.304ms
[1.446s][info][gc,phases,start] GC(50) Post Compact
[1.447s][info][gc,phases      ] GC(50) Post Compact 1.038ms
[1.447s][info][gc,heap        ] GC(50) PSYoungGen: 30720K(37376K)->17369K(37376K) Eden: 0K(6656K)->0K(6656K) From: 30720K(30720K)->17369K(30720K)
[1.447s][info][gc,heap        ] GC(50) ParOldGen: 178953K(188416K)->187926K(219136K)
[1.447s][info][gc,metaspace   ] GC(50) Metaspace: 6302K(6528K)->6302K(6528K) NonClass: 5769K(5888K)->5769K(5888K) Class: 533K(640K)->533K(640K)
[1.447s][info][gc             ] GC(50) Pause Full (Ergonomics) 204M->200M(250M) 99.513ms
[1.447s][info][gc,cpu         ] GC(50) User=0.36s Sys=0.00s Real=0.10s
[1.455s][info][gc,start       ] GC(51) Pause Young (Allocation Failure)
[1.477s][info][gc,heap        ] GC(51) PSYoungGen: 24025K(37376K)->12704K(44032K) Eden: 6656K(6656K)->0K(6656K) From: 17369K(30720K)->12704K(37376K)
[1.477s][info][gc,heap        ] GC(51) ParOldGen: 187926K(219136K)->199518K(219136K)
[1.477s][info][gc,metaspace   ] GC(51) Metaspace: 6302K(6528K)->6302K(6528K) NonClass: 5769K(5888K)->5769K(5888K) Class: 533K(640K)->533K(640K)
[1.477s][info][gc             ] GC(51) Pause Young (Allocation Failure) 206M->207M(257M) 21.835ms
[1.477s][info][gc,cpu         ] GC(51) User=0.05s Sys=0.02s Real=0.02s
[1.484s][info][gc,start       ] GC(52) Pause Young (Allocation Failure)
[1.495s][info][gc,heap        ] GC(52) PSYoungGen: 19360K(44032K)->19360K(41984K) Eden: 6656K(6656K)->0K(7680K) From: 12704K(37376K)->19360K(34304K)
[1.495s][info][gc,heap        ] GC(52) ParOldGen: 199518K(219136K)->199518K(219136K)
[1.495s][info][gc,metaspace   ] GC(52) Metaspace: 6302K(6528K)->6302K(6528K) NonClass: 5769K(5888K)->5769K(5888K) Class: 533K(640K)->533K(640K)
[1.495s][info][gc             ] GC(52) Pause Young (Allocation Failure) 213M->213M(255M) 10.811ms
[1.495s][info][gc,cpu         ] GC(52) User=0.02s Sys=0.00s Real=0.01s
[1.503s][info][gc,start       ] GC(53) Pause Young (Allocation Failure)
[1.518s][info][gc,heap        ] GC(53) PSYoungGen: 27040K(41984K)->21056K(43008K) Eden: 7680K(7680K)->0K(7680K) From: 19360K(34304K)->21056K(35328K)
[1.518s][info][gc,heap        ] GC(53) ParOldGen: 199518K(219136K)->205574K(219136K)
[1.518s][info][gc,metaspace   ] GC(53) Metaspace: 6302K(6528K)->6302K(6528K) NonClass: 5769K(5888K)->5769K(5888K) Class: 533K(640K)->533K(640K)
[1.518s][info][gc             ] GC(53) Pause Young (Allocation Failure) 221M->221M(256M) 14.774ms
[1.518s][info][gc,cpu         ] GC(53) User=0.00s Sys=0.00s Real=0.01s
[1.526s][info][gc,start       ] GC(54) Pause Young (Allocation Failure)
[1.543s][info][gc,heap        ] GC(54) PSYoungGen: 28736K(43008K)->22080K(44032K) Eden: 7680K(7680K)->0K(9216K) From: 21056K(35328K)->22080K(34816K)
[1.543s][info][gc,heap        ] GC(54) ParOldGen: 205574K(219136K)->212318K(219136K)
[1.543s][info][gc,metaspace   ] GC(54) Metaspace: 6302K(6528K)->6302K(6528K) NonClass: 5769K(5888K)->5769K(5888K) Class: 533K(640K)->533K(640K)
[1.543s][info][gc             ] GC(54) Pause Young (Allocation Failure) 228M->228M(257M) 16.378ms
[1.543s][info][gc,cpu         ] GC(54) User=0.02s Sys=0.00s Real=0.02s
[1.543s][info][gc,start       ] GC(55) Pause Full (Ergonomics)
[1.543s][info][gc,phases,start] GC(55) Marking Phase
[1.610s][info][gc,phases      ] GC(55) Marking Phase 67.136ms
[1.610s][info][gc,phases,start] GC(55) Summary Phase
[1.610s][info][gc,phases      ] GC(55) Summary Phase 0.029ms
[1.610s][info][gc,phases,start] GC(55) Adjust Roots
[1.610s][info][gc,phases      ] GC(55) Adjust Roots 0.309ms
[1.610s][info][gc,phases,start] GC(55) Compaction Phase
[1.644s][info][gc,phases      ] GC(55) Compaction Phase 33.303ms
[1.644s][info][gc,phases,start] GC(55) Post Compact
[1.645s][info][gc,phases      ] GC(55) Post Compact 1.455ms
[1.646s][info][gc,heap        ] GC(55) PSYoungGen: 22080K(44032K)->14774K(44032K) Eden: 0K(9216K)->0K(9216K) From: 22080K(34816K)->14774K(34816K)
[1.646s][info][gc,heap        ] GC(55) ParOldGen: 212318K(219136K)->219075K(253440K)
[1.646s][info][gc,metaspace   ] GC(55) Metaspace: 6302K(6528K)->6302K(6528K) NonClass: 5769K(5888K)->5769K(5888K) Class: 533K(640K)->533K(640K)
[1.646s][info][gc             ] GC(55) Pause Full (Ergonomics) 228M->228M(290M) 102.922ms
[1.646s][info][gc,cpu         ] GC(55) User=0.44s Sys=0.02s Real=0.10s
[1.657s][info][gc,start       ] GC(56) Pause Young (Allocation Failure)
[1.681s][info][gc,heap        ] GC(56) PSYoungGen: 23990K(44032K)->14528K(44032K) Eden: 9216K(9216K)->0K(9216K) From: 14774K(34816K)->14528K(34816K)
[1.681s][info][gc,heap        ] GC(56) ParOldGen: 219075K(253440K)->228779K(253440K)
[1.681s][info][gc,metaspace   ] GC(56) Metaspace: 6302K(6528K)->6302K(6528K) NonClass: 5769K(5888K)->5769K(5888K) Class: 533K(640K)->533K(640K)
[1.681s][info][gc             ] GC(56) Pause Young (Allocation Failure) 237M->237M(290M) 24.292ms
[1.681s][info][gc,cpu         ] GC(56) User=0.08s Sys=0.00s Real=0.03s
[1.691s][info][gc,start       ] GC(57) Pause Young (Allocation Failure)
[1.706s][info][gc,heap        ] GC(57) PSYoungGen: 23744K(44032K)->23712K(43520K) Eden: 9216K(9216K)->0K(9728K) From: 14528K(34816K)->23712K(33792K)
[1.706s][info][gc,heap        ] GC(57) ParOldGen: 228779K(253440K)->228779K(253440K)
[1.706s][info][gc,metaspace   ] GC(57) Metaspace: 6302K(6528K)->6302K(6528K) NonClass: 5769K(5888K)->5769K(5888K) Class: 533K(640K)->533K(640K)
[1.706s][info][gc             ] GC(57) Pause Young (Allocation Failure) 246M->246M(290M) 14.688ms
[1.706s][info][gc,cpu         ] GC(57) User=0.00s Sys=0.00s Real=0.01s
[1.718s][info][gc,start       ] GC(58) Pause Young (Allocation Failure)
[1.737s][info][gc,heap        ] GC(58) PSYoungGen: 33440K(43520K)->28160K(44032K) Eden: 9728K(9728K)->0K(9728K) From: 23712K(33792K)->28160K(34304K)
[1.737s][info][gc,heap        ] GC(58) ParOldGen: 228779K(253440K)->234107K(253440K)
[1.737s][info][gc,metaspace   ] GC(58) Metaspace: 6302K(6528K)->6302K(6528K) NonClass: 5769K(5888K)->5769K(5888K) Class: 533K(640K)->533K(640K)
[1.737s][info][gc             ] GC(58) Pause Young (Allocation Failure) 256M->256M(290M) 19.362ms
[1.737s][info][gc,cpu         ] GC(58) User=0.05s Sys=0.00s Real=0.02s
[1.748s][info][gc,start       ] GC(59) Pause Young (Allocation Failure)
[1.771s][info][gc,heap        ] GC(59) PSYoungGen: 37888K(44032K)->28736K(46080K) Eden: 9728K(9728K)->0K(9728K) From: 28160K(34304K)->28736K(36352K)
[1.771s][info][gc,heap        ] GC(59) ParOldGen: 234107K(253440K)->243451K(253440K)
[1.771s][info][gc,metaspace   ] GC(59) Metaspace: 6302K(6528K)->6302K(6528K) NonClass: 5769K(5888K)->5769K(5888K) Class: 533K(640K)->533K(640K)
[1.771s][info][gc             ] GC(59) Pause Young (Allocation Failure) 265M->265M(292M) 23.306ms
[1.771s][info][gc,cpu         ] GC(59) User=0.08s Sys=0.00s Real=0.02s
[1.771s][info][gc,start       ] GC(60) Pause Full (Ergonomics)
[1.771s][info][gc,phases,start] GC(60) Marking Phase
[1.838s][info][gc,phases      ] GC(60) Marking Phase 66.386ms
[1.838s][info][gc,phases,start] GC(60) Summary Phase
[1.838s][info][gc,phases      ] GC(60) Summary Phase 0.018ms
[1.838s][info][gc,phases,start] GC(60) Adjust Roots
[1.838s][info][gc,phases      ] GC(60) Adjust Roots 0.211ms
[1.838s][info][gc,phases,start] GC(60) Compaction Phase
[1.869s][info][gc,phases      ] GC(60) Compaction Phase 31.486ms
[1.870s][info][gc,phases,start] GC(60) Post Compact
[1.871s][info][gc,phases      ] GC(60) Post Compact 1.826ms
[1.872s][info][gc,heap        ] GC(60) PSYoungGen: 28736K(46080K)->18352K(46080K) Eden: 0K(9728K)->0K(9728K) From: 28736K(36352K)->18352K(36352K)
[1.872s][info][gc,heap        ] GC(60) ParOldGen: 243451K(253440K)->253257K(290816K)
[1.872s][info][gc,metaspace   ] GC(60) Metaspace: 6302K(6528K)->6302K(6528K) NonClass: 5769K(5888K)->5769K(5888K) Class: 533K(640K)->533K(640K)
[1.872s][info][gc             ] GC(60) Pause Full (Ergonomics) 265M->265M(329M) 100.408ms
[1.872s][info][gc,cpu         ] GC(60) User=0.52s Sys=0.00s Real=0.10s
[1.885s][info][gc,start       ] GC(61) Pause Young (Allocation Failure)
[1.911s][info][gc,heap        ] GC(61) PSYoungGen: 28080K(46080K)->16192K(47616K) Eden: 9728K(9728K)->0K(9728K) From: 18352K(36352K)->16192K(37888K)
[1.911s][info][gc,heap        ] GC(61) ParOldGen: 253257K(290816K)->265393K(290816K)
[1.911s][info][gc,metaspace   ] GC(61) Metaspace: 6302K(6528K)->6302K(6528K) NonClass: 5769K(5888K)->5769K(5888K) Class: 533K(640K)->533K(640K)
[1.911s][info][gc             ] GC(61) Pause Young (Allocation Failure) 274M->274M(330M) 25.938ms
[1.911s][info][gc,cpu         ] GC(61) User=0.11s Sys=0.00s Real=0.03s
[1.923s][info][gc,start       ] GC(62) Pause Young (Allocation Failure)
[1.938s][info][gc,heap        ] GC(62) PSYoungGen: 25920K(47616K)->19584K(45056K) Eden: 9728K(9728K)->0K(11264K) From: 16192K(37888K)->19584K(33792K)
[1.938s][info][gc,heap        ] GC(62) ParOldGen: 265393K(290816K)->271921K(290816K)
[1.938s][info][gc,metaspace   ] GC(62) Metaspace: 6302K(6528K)->6302K(6528K) NonClass: 5769K(5888K)->5769K(5888K) Class: 533K(640K)->533K(640K)
[1.938s][info][gc             ] GC(62) Pause Young (Allocation Failure) 284M->284M(328M) 14.827ms
[1.938s][info][gc,cpu         ] GC(62) User=0.02s Sys=0.00s Real=0.02s
[1.950s][info][gc,start       ] GC(63) Pause Young (Allocation Failure)
[1.966s][info][gc,heap        ] GC(63) PSYoungGen: 30848K(45056K)->21152K(46592K) Eden: 11264K(11264K)->0K(11264K) From: 19584K(33792K)->21152K(35328K)
[1.966s][info][gc,heap        ] GC(63) ParOldGen: 271921K(290816K)->281785K(290816K)
[1.966s][info][gc,metaspace   ] GC(63) Metaspace: 6302K(6528K)->6302K(6528K) NonClass: 5769K(5888K)->5769K(5888K) Class: 533K(640K)->533K(640K)
[1.966s][info][gc             ] GC(63) Pause Young (Allocation Failure) 295M->295M(329M) 16.358ms
[1.966s][info][gc,cpu         ] GC(63) User=0.03s Sys=0.00s Real=0.02s
[1.966s][info][gc,start       ] GC(64) Pause Full (Ergonomics)
[1.966s][info][gc,phases,start] GC(64) Marking Phase
[2.041s][info][gc,phases      ] GC(64) Marking Phase 74.442ms
[2.041s][info][gc,phases,start] GC(64) Summary Phase
[2.041s][info][gc,phases      ] GC(64) Summary Phase 0.018ms
[2.041s][info][gc,phases,start] GC(64) Adjust Roots
[2.041s][info][gc,phases      ] GC(64) Adjust Roots 0.150ms
[2.041s][info][gc,phases,start] GC(64) Compaction Phase
[2.072s][info][gc,phases      ] GC(64) Compaction Phase 30.805ms
[2.072s][info][gc,phases,start] GC(64) Post Compact
[2.073s][info][gc,phases      ] GC(64) Post Compact 1.374ms
[2.074s][info][gc,heap        ] GC(64) PSYoungGen: 21152K(46592K)->11726K(46592K) Eden: 0K(11264K)->0K(11264K) From: 21152K(35328K)->11726K(35328K)
[2.074s][info][gc,heap        ] GC(64) ParOldGen: 281785K(290816K)->290502K(332288K)
[2.074s][info][gc,metaspace   ] GC(64) Metaspace: 6302K(6528K)->6302K(6528K) NonClass: 5769K(5888K)->5769K(5888K) Class: 533K(640K)->533K(640K)
[2.074s][info][gc             ] GC(64) Pause Full (Ergonomics) 295M->295M(370M) 107.281ms
[2.074s][info][gc,cpu         ] GC(64) User=0.47s Sys=0.00s Real=0.11s
[2.087s][info][gc,start       ] GC(65) Pause Young (Allocation Failure)
[2.112s][info][gc,heap        ] GC(65) PSYoungGen: 22990K(46592K)->18496K(45056K) Eden: 11264K(11264K)->0K(12800K) From: 11726K(35328K)->18496K(32256K)
[2.112s][info][gc,heap        ] GC(65) ParOldGen: 290502K(332288K)->295206K(332288K)
[2.112s][info][gc,metaspace   ] GC(65) Metaspace: 6302K(6528K)->6302K(6528K) NonClass: 5769K(5888K)->5769K(5888K) Class: 533K(640K)->533K(640K)
[2.112s][info][gc             ] GC(65) Pause Young (Allocation Failure) 306M->306M(368M) 25.155ms
[2.112s][info][gc,cpu         ] GC(65) User=0.12s Sys=0.00s Real=0.03s
[2.127s][info][gc,start       ] GC(66) Pause Young (Allocation Failure)
[2.143s][info][gc,heap        ] GC(66) PSYoungGen: 31296K(45056K)->31296K(46080K) Eden: 12800K(12800K)->0K(12800K) From: 18496K(32256K)->31296K(33280K)
[2.143s][info][gc,heap        ] GC(66) ParOldGen: 295206K(332288K)->295206K(332288K)
[2.143s][info][gc,metaspace   ] GC(66) Metaspace: 6302K(6528K)->6302K(6528K) NonClass: 5769K(5888K)->5769K(5888K) Class: 533K(640K)->533K(640K)
[2.143s][info][gc             ] GC(66) Pause Young (Allocation Failure) 318M->318M(369M) 16.627ms
[2.143s][info][gc,cpu         ] GC(66) User=0.02s Sys=0.00s Real=0.02s
[2.158s][info][gc,start       ] GC(67) Pause Young (Allocation Failure)
[2.183s][info][gc,heap        ] GC(67) PSYoungGen: 44096K(46080K)->36352K(44032K) Eden: 12800K(12800K)->0K(7680K) From: 31296K(33280K)->36352K(36352K)
[2.183s][info][gc,heap        ] GC(67) ParOldGen: 295206K(332288K)->303070K(332288K)
[2.183s][info][gc,metaspace   ] GC(67) Metaspace: 6302K(6528K)->6302K(6528K) NonClass: 5769K(5888K)->5769K(5888K) Class: 533K(640K)->533K(640K)
[2.183s][info][gc             ] GC(67) Pause Young (Allocation Failure) 331M->331M(367M) 24.636ms
[2.183s][info][gc,cpu         ] GC(67) User=0.12s Sys=0.00s Real=0.02s
[2.192s][info][gc,start       ] GC(68) Pause Young (Allocation Failure)
[2.215s][info][gc,heap        ] GC(68) PSYoungGen: 44032K(44032K)->20352K(50688K) Eden: 7680K(7680K)->0K(7680K) From: 36352K(36352K)->20352K(43008K)
[2.215s][info][gc,heap        ] GC(68) ParOldGen: 303070K(332288K)->327070K(332288K)
[2.215s][info][gc,metaspace   ] GC(68) Metaspace: 6302K(6528K)->6302K(6528K) NonClass: 5769K(5888K)->5769K(5888K) Class: 533K(640K)->533K(640K)
[2.215s][info][gc             ] GC(68) Pause Young (Allocation Failure) 338M->339M(374M) 22.395ms
[2.215s][info][gc,cpu         ] GC(68) User=0.09s Sys=0.02s Real=0.02s
[2.215s][info][gc,start       ] GC(69) Pause Full (Ergonomics)
[2.215s][info][gc,phases,start] GC(69) Marking Phase
[2.295s][info][gc,phases      ] GC(69) Marking Phase 79.572ms
[2.295s][info][gc,phases,start] GC(69) Summary Phase
[2.295s][info][gc,phases      ] GC(69) Summary Phase 0.019ms
[2.295s][info][gc,phases,start] GC(69) Adjust Roots
[2.295s][info][gc,phases      ] GC(69) Adjust Roots 0.178ms
[2.295s][info][gc,phases,start] GC(69) Compaction Phase
[2.329s][info][gc,phases      ] GC(69) Compaction Phase 34.304ms
[2.329s][info][gc,phases,start] GC(69) Post Compact
[2.331s][info][gc,phases      ] GC(69) Post Compact 1.578ms
[2.331s][info][gc,heap        ] GC(69) PSYoungGen: 20352K(50688K)->14552K(50688K) Eden: 0K(7680K)->0K(7680K) From: 20352K(43008K)->14552K(43008K)
[2.331s][info][gc,heap        ] GC(69) ParOldGen: 327070K(332288K)->332087K(381440K)
[2.331s][info][gc,metaspace   ] GC(69) Metaspace: 6302K(6528K)->6302K(6528K) NonClass: 5769K(5888K)->5769K(5888K) Class: 533K(640K)->533K(640K)
[2.331s][info][gc             ] GC(69) Pause Full (Ergonomics) 339M->338M(422M) 116.170ms
[2.331s][info][gc,cpu         ] GC(69) User=0.67s Sys=0.00s Real=0.12s
[2.412s][info][gc,start       ] GC(70) Pause Young (Allocation Failure)
[2.437s][info][gc,heap        ] GC(70) PSYoungGen: 22232K(50688K)->13568K(49152K) Eden: 7680K(7680K)->0K(8704K) From: 14552K(43008K)->13568K(40448K)
[2.437s][info][gc,heap        ] GC(70) ParOldGen: 348471K(381440K)->357391K(381440K)
[2.437s][info][gc,metaspace   ] GC(70) Metaspace: 6302K(6528K)->6302K(6528K) NonClass: 5769K(5888K)->5769K(5888K) Class: 533K(640K)->533K(640K)
[2.437s][info][gc             ] GC(70) Pause Young (Allocation Failure) 362M->362M(420M) 24.398ms
[2.437s][info][gc,cpu         ] GC(70) User=0.09s Sys=0.03s Real=0.02s
[2.446s][info][gc,start       ] GC(71) Pause Young (Allocation Failure)
[2.457s][info][gc,heap        ] GC(71) PSYoungGen: 22272K(49152K)->22272K(31232K) Eden: 8704K(8704K)->0K(8704K) From: 13568K(40448K)->22272K(22528K)
[2.457s][info][gc,heap        ] GC(71) ParOldGen: 357391K(381440K)->357391K(381440K)
[2.457s][info][gc,metaspace   ] GC(71) Metaspace: 6302K(6528K)->6302K(6528K) NonClass: 5769K(5888K)->5769K(5888K) Class: 533K(640K)->533K(640K)
[2.457s][info][gc             ] GC(71) Pause Young (Allocation Failure) 370M->370M(403M) 11.532ms
[2.457s][info][gc,cpu         ] GC(71) User=0.02s Sys=0.00s Real=0.01s
[2.465s][info][gc,start       ] GC(72) Pause Young (Allocation Failure)
[2.482s][info][gc,heap        ] GC(72) PSYoungGen: 30976K(31232K)->25184K(48640K) Eden: 8704K(8704K)->0K(10240K) From: 22272K(22528K)->25184K(38400K)
[2.482s][info][gc,heap        ] GC(72) ParOldGen: 357391K(381440K)->363295K(381440K)
[2.482s][info][gc,metaspace   ] GC(72) Metaspace: 6302K(6528K)->6302K(6528K) NonClass: 5769K(5888K)->5769K(5888K) Class: 533K(640K)->533K(640K)
[2.482s][info][gc             ] GC(72) Pause Young (Allocation Failure) 379M->379M(420M) 16.472ms
[2.482s][info][gc,cpu         ] GC(72) User=0.02s Sys=0.00s Real=0.02s
[2.493s][info][gc,start       ] GC(73) Pause Young (Allocation Failure)
[2.511s][info][gc,heap        ] GC(73) PSYoungGen: 35424K(48640K)->27776K(49152K) Eden: 10240K(10240K)->0K(10240K) From: 25184K(38400K)->27776K(38912K)
[2.511s][info][gc,heap        ] GC(73) ParOldGen: 363295K(381440K)->371095K(381440K)
[2.511s][info][gc,metaspace   ] GC(73) Metaspace: 6302K(6528K)->6302K(6528K) NonClass: 5769K(5888K)->5769K(5888K) Class: 533K(640K)->533K(640K)
[2.511s][info][gc             ] GC(73) Pause Young (Allocation Failure) 389M->389M(420M) 17.795ms
[2.511s][info][gc,cpu         ] GC(73) User=0.12s Sys=0.00s Real=0.02s
[2.511s][info][gc,start       ] GC(74) Pause Full (Ergonomics)
[2.511s][info][gc,phases,start] GC(74) Marking Phase
[2.597s][info][gc,phases      ] GC(74) Marking Phase 86.290ms
[2.597s][info][gc,phases,start] GC(74) Summary Phase
[2.597s][info][gc,phases      ] GC(74) Summary Phase 0.019ms
[2.597s][info][gc,phases,start] GC(74) Adjust Roots
[2.597s][info][gc,phases      ] GC(74) Adjust Roots 0.169ms
[2.597s][info][gc,phases,start] GC(74) Compaction Phase
[2.672s][info][gc,phases      ] GC(74) Compaction Phase 75.030ms
[2.672s][info][gc,phases,start] GC(74) Post Compact
[2.674s][info][gc,phases      ] GC(74) Post Compact 2.073ms
[2.675s][info][gc,heap        ] GC(74) PSYoungGen: 27776K(49152K)->8647K(49152K) Eden: 0K(10240K)->0K(10240K) From: 27776K(38912K)->8647K(38912K)
[2.675s][info][gc,heap        ] GC(74) ParOldGen: 371095K(381440K)->381386K(431104K)
[2.675s][info][gc,metaspace   ] GC(74) Metaspace: 6302K(6528K)->6302K(6528K) NonClass: 5769K(5888K)->5769K(5888K) Class: 533K(640K)->533K(640K)
[2.675s][info][gc             ] GC(74) Pause Full (Ergonomics) 389M->380M(469M) 164.132ms
[2.675s][info][gc,cpu         ] GC(74) User=0.94s Sys=0.03s Real=0.16s
[2.686s][info][gc,start       ] GC(75) Pause Young (Allocation Failure)
[2.711s][info][gc,heap        ] GC(75) PSYoungGen: 18887K(49152K)->12896K(50176K) Eden: 10240K(10240K)->0K(11264K) From: 8647K(38912K)->12896K(38912K)
[2.711s][info][gc,heap        ] GC(75) ParOldGen: 381386K(431104K)->387650K(431104K)
[2.711s][info][gc,metaspace   ] GC(75) Metaspace: 6302K(6528K)->6302K(6528K) NonClass: 5769K(5888K)->5769K(5888K) Class: 533K(640K)->533K(640K)
[2.711s][info][gc             ] GC(75) Pause Young (Allocation Failure) 390M->391M(470M) 25.752ms
[2.711s][info][gc,cpu         ] GC(75) User=0.14s Sys=0.00s Real=0.03s
[2.723s][info][gc,start       ] GC(76) Pause Young (Allocation Failure)
[2.736s][info][gc,heap        ] GC(76) PSYoungGen: 24160K(50176K)->24096K(50688K) Eden: 11264K(11264K)->0K(11264K) From: 12896K(38912K)->24096K(39424K)
[2.736s][info][gc,heap        ] GC(76) ParOldGen: 387650K(431104K)->387650K(431104K)
[2.736s][info][gc,metaspace   ] GC(76) Metaspace: 6302K(6528K)->6302K(6528K) NonClass: 5769K(5888K)->5769K(5888K) Class: 533K(640K)->533K(640K)
[2.736s][info][gc             ] GC(76) Pause Young (Allocation Failure) 402M->402M(470M) 12.832ms
[2.736s][info][gc,cpu         ] GC(76) User=0.02s Sys=0.00s Real=0.01s
[2.748s][info][gc,start       ] GC(77) Pause Young (Allocation Failure)
[2.765s][info][gc,heap        ] GC(77) PSYoungGen: 35360K(50688K)->32896K(48640K) Eden: 11264K(11264K)->0K(10240K) From: 24096K(39424K)->32896K(38400K)
[2.765s][info][gc,heap        ] GC(77) ParOldGen: 387650K(431104K)->390210K(431104K)
[2.765s][info][gc,metaspace   ] GC(77) Metaspace: 6302K(6528K)->6302K(6528K) NonClass: 5769K(5888K)->5769K(5888K) Class: 533K(640K)->533K(640K)
[2.765s][info][gc             ] GC(77) Pause Young (Allocation Failure) 413M->413M(468M) 16.924ms
[2.765s][info][gc,cpu         ] GC(77) User=0.05s Sys=0.00s Real=0.02s
[2.776s][info][gc,start       ] GC(78) Pause Young (Allocation Failure)
[2.797s][info][gc,heap        ] GC(78) PSYoungGen: 43136K(48640K)->32928K(51200K) Eden: 10240K(10240K)->0K(10240K) From: 32896K(38400K)->32928K(40960K)
[2.797s][info][gc,heap        ] GC(78) ParOldGen: 390210K(431104K)->400594K(431104K)
[2.797s][info][gc,metaspace   ] GC(78) Metaspace: 6302K(6528K)->6302K(6528K) NonClass: 5769K(5888K)->5769K(5888K) Class: 533K(640K)->533K(640K)
[2.797s][info][gc             ] GC(78) Pause Young (Allocation Failure) 423M->423M(471M) 21.171ms
[2.797s][info][gc,cpu         ] GC(78) User=0.12s Sys=0.00s Real=0.02s
[2.807s][info][gc,start       ] GC(79) Pause Young (Allocation Failure)
[2.828s][info][gc,heap        ] GC(79) PSYoungGen: 43168K(51200K)->31872K(54272K) Eden: 10240K(10240K)->0K(11264K) From: 32928K(40960K)->31872K(43008K)
[2.829s][info][gc,heap        ] GC(79) ParOldGen: 400594K(431104K)->412026K(431104K)
[2.829s][info][gc,metaspace   ] GC(79) Metaspace: 6302K(6528K)->6302K(6528K) NonClass: 5769K(5888K)->5769K(5888K) Class: 533K(640K)->533K(640K)
[2.829s][info][gc             ] GC(79) Pause Young (Allocation Failure) 433M->433M(474M) 21.478ms
[2.829s][info][gc,cpu         ] GC(79) User=0.12s Sys=0.00s Real=0.02s
[2.840s][info][gc,start       ] GC(80) Pause Young (Allocation Failure)
[2.862s][info][gc,heap        ] GC(80) PSYoungGen: 43136K(54272K)->21600K(54784K) Eden: 11264K(11264K)->0K(11264K) From: 31872K(43008K)->21600K(43520K)
[2.862s][info][gc,heap        ] GC(80) ParOldGen: 412026K(431104K)->433802K(434176K)
[2.862s][info][gc,metaspace   ] GC(80) Metaspace: 6302K(6528K)->6302K(6528K) NonClass: 5769K(5888K)->5769K(5888K) Class: 533K(640K)->533K(640K)
[2.862s][info][gc             ] GC(80) Pause Young (Allocation Failure) 444M->444M(477M) 22.317ms
[2.862s][info][gc,cpu         ] GC(80) User=0.11s Sys=0.03s Real=0.02s
[2.862s][info][gc,start       ] GC(81) Pause Full (Ergonomics)
[2.862s][info][gc,phases,start] GC(81) Marking Phase
[2.965s][info][gc,phases      ] GC(81) Marking Phase 102.323ms
[2.965s][info][gc,phases,start] GC(81) Summary Phase
[2.965s][info][gc,phases      ] GC(81) Summary Phase 0.021ms
[2.965s][info][gc,phases,start] GC(81) Adjust Roots
[2.965s][info][gc,phases      ] GC(81) Adjust Roots 0.154ms
[2.965s][info][gc,phases,start] GC(81) Compaction Phase
[3.012s][info][gc,phases      ] GC(81) Compaction Phase 47.231ms
[3.012s][info][gc,phases,start] GC(81) Post Compact
[3.015s][info][gc,phases      ] GC(81) Post Compact 2.155ms
[3.015s][info][gc,heap        ] GC(81) PSYoungGen: 21600K(54784K)->20422K(54784K) Eden: 0K(11264K)->0K(11264K) From: 21600K(43520K)->20422K(43520K)
[3.015s][info][gc,heap        ] GC(81) ParOldGen: 433802K(434176K)->433942K(491520K)
[3.015s][info][gc,metaspace   ] GC(81) Metaspace: 6302K(6528K)->6302K(6528K) NonClass: 5769K(5888K)->5769K(5888K) Class: 533K(640K)->533K(640K)
[3.015s][info][gc             ] GC(81) Pause Full (Ergonomics) 444M->443M(533M) 152.449ms
[3.015s][info][gc,cpu         ] GC(81) User=0.98s Sys=0.00s Real=0.15s
[3.029s][info][gc,start       ] GC(82) Pause Young (Allocation Failure)
[3.061s][info][gc,heap        ] GC(82) PSYoungGen: 31686K(54784K)->11392K(54784K) Eden: 11264K(11264K)->0K(12288K) From: 20422K(43520K)->11392K(42496K)
[3.061s][info][gc,heap        ] GC(82) ParOldGen: 433942K(491520K)->454670K(491520K)
[3.061s][info][gc,metaspace   ] GC(82) Metaspace: 6302K(6528K)->6302K(6528K) NonClass: 5769K(5888K)->5769K(5888K) Class: 533K(640K)->533K(640K)
[3.061s][info][gc             ] GC(82) Pause Young (Allocation Failure) 454M->455M(533M) 31.765ms
[3.061s][info][gc,cpu         ] GC(82) User=0.12s Sys=0.03s Real=0.03s
[3.074s][info][gc,start       ] GC(83) Pause Young (Allocation Failure)
[3.087s][info][gc,heap        ] GC(83) PSYoungGen: 23680K(54784K)->12384K(55296K) Eden: 12288K(12288K)->0K(12288K) From: 11392K(42496K)->12384K(43008K)
[3.087s][info][gc,heap        ] GC(83) ParOldGen: 454670K(491520K)->466102K(491520K)
[3.087s][info][gc,metaspace   ] GC(83) Metaspace: 6302K(6528K)->6302K(6528K) NonClass: 5769K(5888K)->5769K(5888K) Class: 533K(640K)->533K(640K)
[3.087s][info][gc             ] GC(83) Pause Young (Allocation Failure) 467M->467M(534M) 13.727ms
[3.088s][info][gc,cpu         ] GC(83) User=0.02s Sys=0.00s Real=0.01s
[3.101s][info][gc,start       ] GC(84) Pause Young (Allocation Failure)
[3.116s][info][gc,heap        ] GC(84) PSYoungGen: 24672K(55296K)->12384K(55808K) Eden: 12288K(12288K)->0K(13824K) From: 12384K(43008K)->12384K(41984K)
[3.116s][info][gc,heap        ] GC(84) ParOldGen: 466102K(491520K)->478558K(491520K)
[3.116s][info][gc,metaspace   ] GC(84) Metaspace: 6302K(6528K)->6302K(6528K) NonClass: 5769K(5888K)->5769K(5888K) Class: 533K(640K)->533K(640K)
[3.116s][info][gc             ] GC(84) Pause Young (Allocation Failure) 479M->479M(534M) 14.811ms
[3.116s][info][gc,cpu         ] GC(84) User=0.02s Sys=0.00s Real=0.02s
[3.116s][info][gc,start       ] GC(85) Pause Full (Ergonomics)
[3.116s][info][gc,phases,start] GC(85) Marking Phase
[3.223s][info][gc,phases      ] GC(85) Marking Phase 107.392ms
[3.223s][info][gc,phases,start] GC(85) Summary Phase
[3.223s][info][gc,phases      ] GC(85) Summary Phase 0.024ms
[3.223s][info][gc,phases,start] GC(85) Adjust Roots
[3.224s][info][gc,phases      ] GC(85) Adjust Roots 0.155ms
[3.224s][info][gc,phases,start] GC(85) Compaction Phase
[3.271s][info][gc,phases      ] GC(85) Compaction Phase 47.663ms
[3.271s][info][gc,phases,start] GC(85) Post Compact
[3.274s][info][gc,phases      ] GC(85) Post Compact 2.366ms
[3.274s][info][gc,heap        ] GC(85) PSYoungGen: 12384K(55808K)->0K(56320K) Eden: 0K(13824K)->0K(13824K) From: 12384K(41984K)->0K(42496K)
[3.274s][info][gc,heap        ] GC(85) ParOldGen: 478558K(491520K)->490105K(553984K)
[3.274s][info][gc,metaspace   ] GC(85) Metaspace: 6302K(6528K)->6302K(6528K) NonClass: 5769K(5888K)->5769K(5888K) Class: 533K(640K)->533K(640K)
[3.274s][info][gc             ] GC(85) Pause Full (Ergonomics) 479M->478M(596M) 158.343ms
[3.274s][info][gc,cpu         ] GC(85) User=1.00s Sys=0.00s Real=0.16s
[3.289s][info][gc,start       ] GC(86) Pause Young (Allocation Failure)
[3.299s][info][gc,heap        ] GC(86) PSYoungGen: 13824K(56320K)->13920K(55808K) Eden: 13824K(13824K)->0K(15360K) From: 0K(42496K)->13920K(40448K)
[3.299s][info][gc,heap        ] GC(86) ParOldGen: 490105K(553984K)->490105K(553984K)
[3.299s][info][gc,metaspace   ] GC(86) Metaspace: 6302K(6528K)->6302K(6528K) NonClass: 5769K(5888K)->5769K(5888K) Class: 533K(640K)->533K(640K)
[3.299s][info][gc             ] GC(86) Pause Young (Allocation Failure) 492M->492M(595M) 9.619ms
[3.299s][info][gc,cpu         ] GC(86) User=0.02s Sys=0.00s Real=0.01s
[3.316s][info][gc,start       ] GC(87) Pause Young (Allocation Failure)
[3.333s][info][gc,heap        ] GC(87) PSYoungGen: 29280K(55808K)->29344K(56832K) Eden: 15360K(15360K)->0K(15360K) From: 13920K(40448K)->29344K(41472K)
[3.333s][info][gc,heap        ] GC(87) ParOldGen: 490105K(553984K)->490105K(553984K)
[3.333s][info][gc,metaspace   ] GC(87) Metaspace: 6302K(6528K)->6302K(6528K) NonClass: 5769K(5888K)->5769K(5888K) Class: 533K(640K)->533K(640K)
[3.333s][info][gc             ] GC(87) Pause Young (Allocation Failure) 507M->507M(596M) 16.681ms
[3.333s][info][gc,cpu         ] GC(87) User=0.02s Sys=0.00s Real=0.02s
[3.350s][info][gc,start       ] GC(88) Pause Young (Allocation Failure)
[3.372s][info][gc,heap        ] GC(88) PSYoungGen: 44704K(56832K)->43008K(53760K) Eden: 15360K(15360K)->0K(10752K) From: 29344K(41472K)->43008K(43008K)
[3.372s][info][gc,heap        ] GC(88) ParOldGen: 490105K(553984K)->491689K(553984K)
[3.372s][info][gc,metaspace   ] GC(88) Metaspace: 6302K(6528K)->6302K(6528K) NonClass: 5769K(5888K)->5769K(5888K) Class: 533K(640K)->533K(640K)
[3.372s][info][gc             ] GC(88) Pause Young (Allocation Failure) 522M->522M(593M) 22.547ms
[3.372s][info][gc,cpu         ] GC(88) User=0.12s Sys=0.00s Real=0.02s
[3.384s][info][gc,start       ] GC(89) Pause Young (Allocation Failure)
[3.410s][info][gc,heap        ] GC(89) PSYoungGen: 53760K(53760K)->25792K(59904K) Eden: 10752K(10752K)->0K(10752K) From: 43008K(43008K)->25792K(49152K)
[3.410s][info][gc,heap        ] GC(89) ParOldGen: 491689K(553984K)->520161K(553984K)
[3.410s][info][gc,metaspace   ] GC(89) Metaspace: 6302K(6528K)->6302K(6528K) NonClass: 5769K(5888K)->5769K(5888K) Class: 533K(640K)->533K(640K)
[3.410s][info][gc             ] GC(89) Pause Young (Allocation Failure) 532M->533M(599M) 26.530ms
[3.410s][info][gc,cpu         ] GC(89) User=0.12s Sys=0.02s Real=0.03s
[3.422s][info][gc,start       ] GC(90) Pause Young (Allocation Failure)
[3.441s][info][gc,heap        ] GC(90) PSYoungGen: 36544K(59904K)->21664K(55808K) Eden: 10752K(10752K)->0K(12288K) From: 25792K(49152K)->21664K(43520K)
[3.441s][info][gc,heap        ] GC(90) ParOldGen: 520161K(553984K)->535257K(553984K)
[3.441s][info][gc,metaspace   ] GC(90) Metaspace: 6302K(6528K)->6302K(6528K) NonClass: 5769K(5888K)->5769K(5888K) Class: 533K(640K)->533K(640K)
[3.441s][info][gc             ] GC(90) Pause Young (Allocation Failure) 543M->543M(595M) 18.936ms
[3.441s][info][gc,cpu         ] GC(90) User=0.23s Sys=0.02s Real=0.02s
[3.441s][info][gc,start       ] GC(91) Pause Full (Ergonomics)
[3.441s][info][gc,phases,start] GC(91) Marking Phase
[3.573s][info][gc,phases      ] GC(91) Marking Phase 131.949ms
[3.573s][info][gc,phases,start] GC(91) Summary Phase
[3.573s][info][gc,phases      ] GC(91) Summary Phase 0.021ms
[3.573s][info][gc,phases,start] GC(91) Adjust Roots
[3.574s][info][gc,phases      ] GC(91) Adjust Roots 0.160ms
[3.574s][info][gc,phases,start] GC(91) Compaction Phase
[3.623s][info][gc,phases      ] GC(91) Compaction Phase 49.597ms
[3.623s][info][gc,phases,start] GC(91) Post Compact
[3.624s][info][gc,phases      ] GC(91) Post Compact 0.887ms
[3.624s][info][gc,heap        ] GC(91) PSYoungGen: 21664K(55808K)->2029K(57344K) Eden: 0K(12288K)->0K(13824K) From: 21664K(43520K)->2029K(43520K)
[3.625s][info][gc,heap        ] GC(91) ParOldGen: 535257K(553984K)->553970K(627200K)
[3.625s][info][gc,metaspace   ] GC(91) Metaspace: 6302K(6528K)->6302K(6528K) NonClass: 5769K(5888K)->5769K(5888K) Class: 533K(640K)->533K(640K)
[3.625s][info][gc             ] GC(91) Pause Full (Ergonomics) 543M->542M(668M) 183.136ms
[3.625s][info][gc,cpu         ] GC(91) User=1.22s Sys=0.05s Real=0.18s
[3.640s][info][gc,start       ] GC(92) Pause Young (Allocation Failure)
[3.672s][info][gc,heap        ] GC(92) PSYoungGen: 15853K(57344K)->15296K(59392K) Eden: 13824K(13824K)->0K(13824K) From: 2029K(43520K)->15296K(45568K)
[3.672s][info][gc,heap        ] GC(92) ParOldGen: 553970K(627200K)->554690K(627200K)
[3.672s][info][gc,metaspace   ] GC(92) Metaspace: 6302K(6528K)->6302K(6528K) NonClass: 5769K(5888K)->5769K(5888K) Class: 533K(640K)->533K(640K)
[3.672s][info][gc             ] GC(92) Pause Young (Allocation Failure) 556M->556M(670M) 31.937ms
[3.672s][info][gc,cpu         ] GC(92) User=0.16s Sys=0.00s Real=0.03s
[3.688s][info][gc,start       ] GC(93) Pause Young (Allocation Failure)
[3.705s][info][gc,heap        ] GC(93) PSYoungGen: 29120K(59392K)->29120K(60416K) Eden: 13824K(13824K)->0K(15360K) From: 15296K(45568K)->29120K(45056K)
[3.705s][info][gc,heap        ] GC(93) ParOldGen: 554690K(627200K)->554690K(627200K)
[3.705s][info][gc,metaspace   ] GC(93) Metaspace: 6302K(6528K)->6302K(6528K) NonClass: 5769K(5888K)->5769K(5888K) Class: 533K(640K)->533K(640K)
[3.705s][info][gc             ] GC(93) Pause Young (Allocation Failure) 570M->570M(671M) 17.021ms
[3.705s][info][gc,cpu         ] GC(93) User=0.00s Sys=0.00s Real=0.02s
[3.721s][info][gc,start       ] GC(94) Pause Young (Allocation Failure)
[3.744s][info][gc,heap        ] GC(94) PSYoungGen: 44480K(60416K)->44512K(60416K) Eden: 15360K(15360K)->0K(15360K) From: 29120K(45056K)->44512K(45056K)
[3.744s][info][gc,heap        ] GC(94) ParOldGen: 554690K(627200K)->554690K(627200K)
[3.744s][info][gc,metaspace   ] GC(94) Metaspace: 6302K(6528K)->6302K(6528K) NonClass: 5769K(5888K)->5769K(5888K) Class: 533K(640K)->533K(640K)
[3.744s][info][gc             ] GC(94) Pause Young (Allocation Failure) 585M->585M(671M) 22.838ms
[3.744s][info][gc,cpu         ] GC(94) User=0.12s Sys=0.00s Real=0.02s
[3.762s][info][gc,start       ] GC(95) Pause Young (Allocation Failure)
[3.792s][info][gc,heap        ] GC(95) PSYoungGen: 59872K(60416K)->50688K(57344K) Eden: 15360K(15360K)->0K(6656K) From: 44512K(45056K)->50688K(50688K)
[3.792s][info][gc,heap        ] GC(95) ParOldGen: 554690K(627200K)->563858K(627200K)
[3.792s][info][gc,metaspace   ] GC(95) Metaspace: 6302K(6528K)->6302K(6528K) NonClass: 5769K(5888K)->5769K(5888K) Class: 533K(640K)->533K(640K)
[3.792s][info][gc             ] GC(95) Pause Young (Allocation Failure) 600M->600M(668M) 30.370ms
[3.793s][info][gc,cpu         ] GC(95) User=0.14s Sys=0.00s Real=0.03s
[3.800s][info][gc,start       ] GC(96) Pause Young (Allocation Failure)
[3.828s][info][gc,heap        ] GC(96) PSYoungGen: 57344K(57344K)->33920K(40960K) Eden: 6656K(6656K)->0K(6656K) From: 50688K(50688K)->33920K(34304K)
[3.828s][info][gc,heap        ] GC(96) ParOldGen: 563858K(627200K)->587754K(627200K)
[3.828s][info][gc,metaspace   ] GC(96) Metaspace: 6302K(6528K)->6302K(6528K) NonClass: 5769K(5888K)->5769K(5888K) Class: 533K(640K)->533K(640K)
[3.828s][info][gc             ] GC(96) Pause Young (Allocation Failure) 606M->607M(652M) 27.741ms
[3.828s][info][gc,cpu         ] GC(96) User=0.11s Sys=0.00s Real=0.03s
[3.837s][info][gc,start       ] GC(97) Pause Young (Allocation Failure)
[3.857s][info][gc,heap        ] GC(97) PSYoungGen: 40576K(40960K)->13376K(67072K) Eden: 6656K(6656K)->0K(7680K) From: 33920K(34304K)->13376K(59392K)
[3.858s][info][gc,heap        ] GC(97) ParOldGen: 587754K(627200K)->615242K(627200K)
[3.858s][info][gc,metaspace   ] GC(97) Metaspace: 6302K(6528K)->6302K(6528K) NonClass: 5769K(5888K)->5769K(5888K) Class: 533K(640K)->533K(640K)
[3.858s][info][gc             ] GC(97) Pause Young (Allocation Failure) 613M->613M(678M) 20.995ms
[3.858s][info][gc,cpu         ] GC(97) User=0.12s Sys=0.00s Real=0.02s
[3.858s][info][gc,start       ] GC(98) Pause Full (Ergonomics)
[3.858s][info][gc,phases,start] GC(98) Marking Phase
[3.984s][info][gc,phases      ] GC(98) Marking Phase 126.786ms
[3.985s][info][gc,phases,start] GC(98) Summary Phase
[3.985s][info][gc,phases      ] GC(98) Summary Phase 0.040ms
[3.985s][info][gc,phases,start] GC(98) Adjust Roots
[3.985s][info][gc,phases      ] GC(98) Adjust Roots 0.183ms
[3.985s][info][gc,phases,start] GC(98) Compaction Phase
[4.037s][info][gc,phases      ] GC(98) Compaction Phase 52.065ms
[4.037s][info][gc,phases,start] GC(98) Post Compact
[4.038s][info][gc,phases      ] GC(98) Post Compact 0.945ms
[4.038s][info][gc,heap        ] GC(98) PSYoungGen: 13376K(67072K)->477K(67072K) Eden: 0K(7680K)->0K(7680K) From: 13376K(59392K)->477K(59392K)
[4.038s][info][gc,heap        ] GC(98) ParOldGen: 615242K(627200K)->627016K(710656K)
[4.038s][info][gc,metaspace   ] GC(98) Metaspace: 6302K(6528K)->6302K(6528K) NonClass: 5769K(5888K)->5769K(5888K) Class: 533K(640K)->533K(640K)
[4.038s][info][gc             ] GC(98) Pause Full (Ergonomics) 613M->612M(759M) 180.580ms
[4.038s][info][gc,cpu         ] GC(98) User=1.41s Sys=0.05s Real=0.18s
[4.047s][info][gc,start       ] GC(99) Pause Young (Allocation Failure)
[4.080s][info][gc,heap        ] GC(99) PSYoungGen: 8157K(67072K)->7776K(67072K) Eden: 7680K(7680K)->0K(7680K) From: 477K(59392K)->7776K(59392K)
[4.080s][info][gc,heap        ] GC(99) ParOldGen: 627016K(710656K)->627528K(710656K)
[4.080s][info][gc,metaspace   ] GC(99) Metaspace: 6302K(6528K)->6302K(6528K) NonClass: 5769K(5888K)->5769K(5888K) Class: 533K(640K)->533K(640K)
[4.080s][info][gc             ] GC(99) Pause Young (Allocation Failure) 620M->620M(759M) 32.243ms
[4.080s][info][gc,cpu         ] GC(99) User=0.25s Sys=0.00s Real=0.03s
[4.089s][info][gc,start       ] GC(100) Pause Young (Allocation Failure)
[4.099s][info][gc,heap        ] GC(100) PSYoungGen: 15456K(67072K)->7808K(68096K) Eden: 7680K(7680K)->0K(8704K) From: 7776K(59392K)->7808K(59392K)
[4.099s][info][gc,heap        ] GC(100) ParOldGen: 627528K(710656K)->635320K(710656K)
[4.099s][info][gc,metaspace   ] GC(100) Metaspace: 6302K(6528K)->6302K(6528K) NonClass: 5769K(5888K)->5769K(5888K) Class: 533K(640K)->533K(640K)
[4.099s][info][gc             ] GC(100) Pause Young (Allocation Failure) 627M->628M(760M) 10.606ms
[4.099s][info][gc,cpu         ] GC(100) User=0.02s Sys=0.00s Real=0.01s
[4.110s][info][gc,start       ] GC(101) Pause Young (Allocation Failure)
[4.121s][info][gc,heap        ] GC(101) PSYoungGen: 16512K(68096K)->8832K(68096K) Eden: 8704K(8704K)->0K(8704K) From: 7808K(59392K)->8832K(59392K)
[4.121s][info][gc,heap        ] GC(101) ParOldGen: 635320K(710656K)->643112K(710656K)
[4.121s][info][gc,metaspace   ] GC(101) Metaspace: 6302K(6528K)->6302K(6528K) NonClass: 5769K(5888K)->5769K(5888K) Class: 533K(640K)->533K(640K)
[4.121s][info][gc             ] GC(101) Pause Young (Allocation Failure) 636M->636M(760M) 10.817ms
[4.121s][info][gc,cpu         ] GC(101) User=0.00s Sys=0.00s Real=0.01s
[4.130s][info][gc,start       ] GC(102) Pause Young (Allocation Failure)
[4.142s][info][gc,heap        ] GC(102) PSYoungGen: 17536K(68096K)->8832K(66560K) Eden: 8704K(8704K)->0K(10240K) From: 8832K(59392K)->8832K(56320K)
[4.142s][info][gc,heap        ] GC(102) ParOldGen: 643112K(710656K)->651936K(710656K)
[4.142s][info][gc,metaspace   ] GC(102) Metaspace: 6302K(6528K)->6302K(6528K) NonClass: 5769K(5888K)->5769K(5888K) Class: 533K(640K)->533K(640K)
[4.142s][info][gc             ] GC(102) Pause Young (Allocation Failure) 645M->645M(759M) 11.130ms
[4.142s][info][gc,cpu         ] GC(102) User=0.00s Sys=0.00s Real=0.01s
[4.154s][info][gc,start       ] GC(103) Pause Young (Allocation Failure)
[4.166s][info][gc,heap        ] GC(103) PSYoungGen: 19072K(66560K)->10368K(20992K) Eden: 10240K(10240K)->0K(10240K) From: 8832K(56320K)->10368K(10752K)
[4.166s][info][gc,heap        ] GC(103) ParOldGen: 651936K(710656K)->660744K(710656K)
[4.166s][info][gc,metaspace   ] GC(103) Metaspace: 6302K(6528K)->6302K(6528K) NonClass: 5769K(5888K)->5769K(5888K) Class: 533K(640K)->533K(640K)
[4.166s][info][gc             ] GC(103) Pause Young (Allocation Failure) 655M->655M(714M) 12.128ms
[4.166s][info][gc,cpu         ] GC(103) User=0.00s Sys=0.02s Real=0.01s
[4.178s][info][gc,start       ] GC(104) Pause Young (Allocation Failure)
[4.191s][info][gc,heap        ] GC(104) PSYoungGen: 20608K(20992K)->10400K(64000K) Eden: 10240K(10240K)->0K(11776K) From: 10368K(10752K)->10400K(52224K)
[4.191s][info][gc,heap        ] GC(104) ParOldGen: 660744K(710656K)->671136K(710656K)
[4.191s][info][gc,metaspace   ] GC(104) Metaspace: 6302K(6528K)->6302K(6528K) NonClass: 5769K(5888K)->5769K(5888K) Class: 533K(640K)->533K(640K)
[4.191s][info][gc             ] GC(104) Pause Young (Allocation Failure) 665M->665M(756M) 12.989ms
[4.191s][info][gc,cpu         ] GC(104) User=0.02s Sys=0.00s Real=0.01s
[4.207s][info][gc,start       ] GC(105) Pause Young (Allocation Failure)
[4.221s][info][gc,heap        ] GC(105) PSYoungGen: 22176K(64000K)->11872K(24064K) Eden: 11776K(11776K)->0K(11776K) From: 10400K(52224K)->11872K(12288K)
[4.221s][info][gc,heap        ] GC(105) ParOldGen: 671136K(710656K)->681528K(710656K)
[4.221s][info][gc,metaspace   ] GC(105) Metaspace: 6302K(6528K)->6302K(6528K) NonClass: 5769K(5888K)->5769K(5888K) Class: 533K(640K)->533K(640K)
[4.221s][info][gc             ] GC(105) Pause Young (Allocation Failure) 677M->677M(717M) 14.054ms
[4.221s][info][gc,cpu         ] GC(105) User=0.00s Sys=0.00s Real=0.01s
[4.236s][info][gc,start       ] GC(106) Pause Young (Allocation Failure)
[4.251s][info][gc,heap        ] GC(106) PSYoungGen: 23648K(24064K)->11904K(60416K) Eden: 11776K(11776K)->0K(13312K) From: 11872K(12288K)->11904K(47104K)
[4.251s][info][gc,heap        ] GC(106) ParOldGen: 681528K(710656K)->693480K(710656K)
[4.251s][info][gc,metaspace   ] GC(106) Metaspace: 6302K(6528K)->6302K(6528K) NonClass: 5769K(5888K)->5769K(5888K) Class: 533K(640K)->533K(640K)
[4.251s][info][gc             ] GC(106) Pause Young (Allocation Failure) 688M->688M(753M) 15.285ms
[4.251s][info][gc,cpu         ] GC(106) User=0.02s Sys=0.00s Real=0.02s
[4.251s][info][gc,start       ] GC(107) Pause Full (Ergonomics)
[4.251s][info][gc,phases,start] GC(107) Marking Phase
[4.402s][info][gc,phases      ] GC(107) Marking Phase 151.515ms
[4.402s][info][gc,phases,start] GC(107) Summary Phase
[4.402s][info][gc,phases      ] GC(107) Summary Phase 0.028ms
[4.403s][info][gc,phases,start] GC(107) Adjust Roots
[4.403s][info][gc,phases      ] GC(107) Adjust Roots 0.157ms
[4.403s][info][gc,phases,start] GC(107) Compaction Phase
[4.463s][info][gc,phases      ] GC(107) Compaction Phase 60.034ms
[4.463s][info][gc,phases,start] GC(107) Post Compact
[4.464s][info][gc,phases      ] GC(107) Post Compact 1.481ms
[4.465s][info][gc,heap        ] GC(107) PSYoungGen: 11904K(60416K)->0K(62464K) Eden: 0K(13312K)->0K(13312K) From: 11904K(47104K)->0K(49152K)
[4.465s][info][gc,heap        ] GC(107) ParOldGen: 693480K(710656K)->704048K(781824K)
[4.465s][info][gc,metaspace   ] GC(107) Metaspace: 6302K(6528K)->6302K(6528K) NonClass: 5769K(5888K)->5769K(5888K) Class: 533K(640K)->533K(640K)
[4.465s][info][gc             ] GC(107) Pause Full (Ergonomics) 688M->687M(824M) 213.818ms
[4.465s][info][gc,cpu         ] GC(107) User=1.47s Sys=0.00s Real=0.21s
[4.608s][info][gc,start       ] GC(108) Pause Young (Allocation Failure)
[4.637s][info][gc,heap        ] GC(108) PSYoungGen: 13312K(62464K)->13376K(58368K) Eden: 13312K(13312K)->0K(14848K) From: 0K(49152K)->13376K(43520K)
[4.637s][info][gc,heap        ] GC(108) ParOldGen: 736816K(781824K)->736816K(781824K)
[4.637s][info][gc,metaspace   ] GC(108) Metaspace: 6302K(6528K)->6302K(6528K) NonClass: 5769K(5888K)->5769K(5888K) Class: 533K(640K)->533K(640K)
[4.637s][info][gc             ] GC(108) Pause Young (Allocation Failure) 732M->732M(820M) 29.242ms
[4.637s][info][gc,cpu         ] GC(108) User=0.12s Sys=0.00s Real=0.03s
[4.654s][info][gc,start       ] GC(109) Pause Young (Allocation Failure)
[4.672s][info][gc,heap        ] GC(109) PSYoungGen: 28224K(58368K)->28256K(61440K) Eden: 14848K(14848K)->0K(14848K) From: 13376K(43520K)->28256K(46592K)
[4.672s][info][gc,heap        ] GC(109) ParOldGen: 736816K(781824K)->736816K(781824K)
[4.672s][info][gc,metaspace   ] GC(109) Metaspace: 6302K(6528K)->6302K(6528K) NonClass: 5769K(5888K)->5769K(5888K) Class: 533K(640K)->533K(640K)
[4.672s][info][gc             ] GC(109) Pause Young (Allocation Failure) 747M->747M(823M) 17.833ms
[4.672s][info][gc,cpu         ] GC(109) User=0.03s Sys=0.00s Real=0.02s
[4.687s][info][gc,start       ] GC(110) Pause Young (Allocation Failure)
[4.709s][info][gc,heap        ] GC(110) PSYoungGen: 43104K(61440K)->43168K(58368K) Eden: 14848K(14848K)->0K(10240K) From: 28256K(46592K)->43168K(48128K)
[4.709s][info][gc,heap        ] GC(110) ParOldGen: 736816K(781824K)->736816K(781824K)
[4.709s][info][gc,metaspace   ] GC(110) Metaspace: 6302K(6528K)->6302K(6528K) NonClass: 5769K(5888K)->5769K(5888K) Class: 533K(640K)->533K(640K)
[4.709s][info][gc             ] GC(110) Pause Young (Allocation Failure) 761M->761M(820M) 21.861ms
[4.709s][info][gc,cpu         ] GC(110) User=0.05s Sys=0.00s Real=0.02s
[4.719s][info][gc,start       ] GC(111) Pause Young (Allocation Failure)
[4.745s][info][gc,heap        ] GC(111) PSYoungGen: 53408K(58368K)->40096K(64512K) Eden: 10240K(10240K)->0K(10240K) From: 43168K(48128K)->40096K(54272K)
[4.745s][info][gc,heap        ] GC(111) ParOldGen: 736816K(781824K)->750304K(781824K)
[4.745s][info][gc,metaspace   ] GC(111) Metaspace: 6302K(6528K)->6302K(6528K) NonClass: 5769K(5888K)->5769K(5888K) Class: 533K(640K)->533K(640K)
[4.745s][info][gc             ] GC(111) Pause Young (Allocation Failure) 771M->771M(826M) 26.112ms
[4.745s][info][gc,cpu         ] GC(111) User=0.09s Sys=0.00s Real=0.03s
[4.756s][info][gc,start       ] GC(112) Pause Young (Allocation Failure)
[4.782s][info][gc,heap        ] GC(112) PSYoungGen: 50336K(64512K)->35424K(68096K) Eden: 10240K(10240K)->0K(10240K) From: 40096K(54272K)->35424K(57856K)
[4.783s][info][gc,heap        ] GC(112) ParOldGen: 750304K(781824K)->765368K(781824K)
[4.783s][info][gc,metaspace   ] GC(112) Metaspace: 6302K(6528K)->6302K(6528K) NonClass: 5769K(5888K)->5769K(5888K) Class: 533K(640K)->533K(640K)
[4.783s][info][gc             ] GC(112) Pause Young (Allocation Failure) 781M->782M(830M) 26.427ms
[4.783s][info][gc,cpu         ] GC(112) User=0.06s Sys=0.00s Real=0.03s
[4.783s][info][gc,start       ] GC(113) Pause Full (Ergonomics)
[4.783s][info][gc,phases,start] GC(113) Marking Phase
[4.962s][info][gc,phases      ] GC(113) Marking Phase 178.863ms
[4.962s][info][gc,phases,start] GC(113) Summary Phase
[4.962s][info][gc,phases      ] GC(113) Summary Phase 0.024ms
[4.962s][info][gc,phases,start] GC(113) Adjust Roots
[4.962s][info][gc,phases      ] GC(113) Adjust Roots 0.167ms
[4.962s][info][gc,phases,start] GC(113) Compaction Phase
[5.093s][info][gc,phases      ] GC(113) Compaction Phase 131.196ms
[5.093s][info][gc,phases,start] GC(113) Post Compact
[5.095s][info][gc,phases      ] GC(113) Post Compact 1.753ms
[5.095s][info][gc,heap        ] GC(113) PSYoungGen: 35424K(68096K)->2031K(68096K) Eden: 0K(10240K)->0K(10240K) From: 35424K(57856K)->2031K(57856K)
[5.095s][info][gc,heap        ] GC(113) ParOldGen: 765368K(781824K)->781731K(864768K)
[5.095s][info][gc,metaspace   ] GC(113) Metaspace: 6302K(6528K)->6302K(6528K) NonClass: 5769K(5888K)->5769K(5888K) Class: 533K(640K)->533K(640K)
[5.095s][info][gc             ] GC(113) Pause Full (Ergonomics) 782M->765M(911M) 312.663ms
[5.095s][info][gc,cpu         ] GC(113) User=1.91s Sys=0.03s Real=0.31s
[5.108s][info][gc,start       ] GC(114) Pause Young (Allocation Failure)
[5.148s][info][gc,heap        ] GC(114) PSYoungGen: 12271K(68096K)->10592K(20992K) Eden: 10240K(10240K)->0K(10240K) From: 2031K(57856K)->10592K(10752K)
[5.148s][info][gc,heap        ] GC(114) ParOldGen: 781731K(864768K)->783643K(864768K)
[5.148s][info][gc,metaspace   ] GC(114) Metaspace: 6302K(6528K)->6302K(6528K) NonClass: 5769K(5888K)->5769K(5888K) Class: 533K(640K)->533K(640K)
[5.148s][info][gc             ] GC(114) Pause Young (Allocation Failure) 775M->775M(865M) 40.453ms
[5.148s][info][gc,cpu         ] GC(114) User=0.20s Sys=0.00s Real=0.04s
[5.158s][info][gc,start       ] GC(115) Pause Young (Allocation Failure)
[5.173s][info][gc,heap        ] GC(115) PSYoungGen: 20832K(20992K)->20608K(62976K) Eden: 10240K(10240K)->0K(11264K) From: 10592K(10752K)->20608K(51712K)
[5.173s][info][gc,heap        ] GC(115) ParOldGen: 783643K(864768K)->783851K(864768K)
[5.173s][info][gc,metaspace   ] GC(115) Metaspace: 6302K(6528K)->6302K(6528K) NonClass: 5769K(5888K)->5769K(5888K) Class: 533K(640K)->533K(640K)
[5.173s][info][gc             ] GC(115) Pause Young (Allocation Failure) 785M->785M(906M) 14.918ms
[5.173s][info][gc,cpu         ] GC(115) User=0.00s Sys=0.00s Real=0.02s
[5.185s][info][gc,start       ] GC(116) Pause Young (Allocation Failure)
[5.204s][info][gc,heap        ] GC(116) PSYoungGen: 31872K(62976K)->21632K(33280K) Eden: 11264K(11264K)->0K(11264K) From: 20608K(51712K)->21632K(22016K)
[5.204s][info][gc,heap        ] GC(116) ParOldGen: 783851K(864768K)->794227K(864768K)
[5.204s][info][gc,metaspace   ] GC(116) Metaspace: 6302K(6528K)->6302K(6528K) NonClass: 5769K(5888K)->5769K(5888K) Class: 533K(640K)->533K(640K)
[5.204s][info][gc             ] GC(116) Pause Young (Allocation Failure) 796M->796M(877M) 18.836ms
[5.204s][info][gc,cpu         ] GC(116) User=0.02s Sys=0.02s Real=0.02s
[5.215s][info][gc,start       ] GC(117) Pause Young (Allocation Failure)
[5.234s][info][gc,heap        ] GC(117) PSYoungGen: 32896K(33280K)->22656K(59392K) Eden: 11264K(11264K)->0K(12800K) From: 21632K(22016K)->22656K(46592K)
[5.234s][info][gc,heap        ] GC(117) ParOldGen: 794227K(864768K)->804627K(864768K)
[5.234s][info][gc,metaspace   ] GC(117) Metaspace: 6302K(6528K)->6302K(6528K) NonClass: 5769K(5888K)->5769K(5888K) Class: 533K(640K)->533K(640K)
[5.234s][info][gc             ] GC(117) Pause Young (Allocation Failure) 807M->807M(902M) 19.415ms
[5.234s][info][gc,cpu         ] GC(117) User=0.02s Sys=0.00s Real=0.02s
[5.248s][info][gc,start       ] GC(118) Pause Young (Allocation Failure)
[5.268s][info][gc,heap        ] GC(118) PSYoungGen: 35456K(59392K)->12896K(61952K) Eden: 12800K(12800K)->0K(12800K) From: 22656K(46592K)->12896K(49152K)
[5.268s][info][gc,heap        ] GC(118) ParOldGen: 804627K(864768K)->827451K(864768K)
[5.268s][info][gc,metaspace   ] GC(118) Metaspace: 6302K(6528K)->6302K(6528K) NonClass: 5769K(5888K)->5769K(5888K) Class: 533K(640K)->533K(640K)
[5.268s][info][gc             ] GC(118) Pause Young (Allocation Failure) 820M->820M(905M) 19.720ms
[5.268s][info][gc,cpu         ] GC(118) User=0.12s Sys=0.00s Real=0.02s
[5.282s][info][gc,start       ] GC(119) Pause Young (Allocation Failure)
[5.300s][info][gc,heap        ] GC(119) PSYoungGen: 25696K(61952K)->12928K(59392K) Eden: 12800K(12800K)->0K(14336K) From: 12896K(49152K)->12928K(45056K)
[5.300s][info][gc,heap        ] GC(119) ParOldGen: 827451K(864768K)->840419K(864768K)
[5.300s][info][gc,metaspace   ] GC(119) Metaspace: 6302K(6528K)->6302K(6528K) NonClass: 5769K(5888K)->5769K(5888K) Class: 533K(640K)->533K(640K)
[5.300s][info][gc             ] GC(119) Pause Young (Allocation Failure) 833M->833M(902M) 18.351ms
[5.300s][info][gc,cpu         ] GC(119) User=0.05s Sys=0.00s Real=0.02s
[5.300s][info][gc,start       ] GC(120) Pause Full (Ergonomics)
[5.300s][info][gc,phases,start] GC(120) Marking Phase
[5.521s][info][gc,phases      ] GC(120) Marking Phase 221.152ms
[5.521s][info][gc,phases,start] GC(120) Summary Phase
[5.521s][info][gc,phases      ] GC(120) Summary Phase 0.054ms
[5.521s][info][gc,phases,start] GC(120) Adjust Roots
[5.522s][info][gc,phases      ] GC(120) Adjust Roots 0.347ms
[5.522s][info][gc,phases,start] GC(120) Compaction Phase
[5.613s][info][gc,phases      ] GC(120) Compaction Phase 91.707ms
[5.613s][info][gc,phases,start] GC(120) Post Compact
[5.615s][info][gc,phases      ] GC(120) Post Compact 1.773ms
[5.616s][info][gc,heap        ] GC(120) PSYoungGen: 12928K(59392K)->0K(60928K) Eden: 0K(14336K)->0K(14336K) From: 12928K(45056K)->0K(46592K)
[5.616s][info][gc,heap        ] GC(120) ParOldGen: 840419K(864768K)->852186K(945152K)
[5.616s][info][gc,metaspace   ] GC(120) Metaspace: 6302K(6528K)->6302K(6528K) NonClass: 5769K(5888K)->5769K(5888K) Class: 533K(640K)->533K(640K)
[5.616s][info][gc             ] GC(120) Pause Full (Ergonomics) 833M->832M(982M) 315.730ms
[5.616s][info][gc,cpu         ] GC(120) User=1.88s Sys=0.02s Real=0.32s
[5.633s][info][gc,start       ] GC(121) Pause Young (Allocation Failure)
[5.649s][info][gc,heap        ] GC(121) PSYoungGen: 14336K(60928K)->14432K(58880K) Eden: 14336K(14336K)->0K(15872K) From: 0K(46592K)->14432K(43008K)
[5.649s][info][gc,heap        ] GC(121) ParOldGen: 852186K(945152K)->852186K(945152K)
[5.649s][info][gc,metaspace   ] GC(121) Metaspace: 6302K(6528K)->6302K(6528K) NonClass: 5769K(5888K)->5769K(5888K) Class: 533K(640K)->533K(640K)
[5.649s][info][gc             ] GC(121) Pause Young (Allocation Failure) 846M->846M(980M) 16.683ms
[5.649s][info][gc,cpu         ] GC(121) User=0.02s Sys=0.00s Real=0.02s
[5.668s][info][gc,start       ] GC(122) Pause Young (Allocation Failure)
[5.688s][info][gc,heap        ] GC(122) PSYoungGen: 30304K(58880K)->30336K(60928K) Eden: 15872K(15872K)->0K(15872K) From: 14432K(43008K)->30336K(45056K)
[5.688s][info][gc,heap        ] GC(122) ParOldGen: 852186K(945152K)->852186K(945152K)
[5.688s][info][gc,metaspace   ] GC(122) Metaspace: 6302K(6528K)->6302K(6528K) NonClass: 5769K(5888K)->5769K(5888K) Class: 533K(640K)->533K(640K)
[5.688s][info][gc             ] GC(122) Pause Young (Allocation Failure) 861M->861M(982M) 19.730ms
[5.688s][info][gc,cpu         ] GC(122) User=0.03s Sys=0.00s Real=0.02s
[5.704s][info][gc,start       ] GC(123) Pause Young (Allocation Failure)
[5.730s][info][gc,heap        ] GC(123) PSYoungGen: 46208K(60928K)->46272K(57856K) Eden: 15872K(15872K)->0K(11264K) From: 30336K(45056K)->46272K(46592K)
[5.730s][info][gc,heap        ] GC(123) ParOldGen: 852186K(945152K)->852186K(945152K)
[5.730s][info][gc,metaspace   ] GC(123) Metaspace: 6302K(6528K)->6302K(6528K) NonClass: 5769K(5888K)->5769K(5888K) Class: 533K(640K)->533K(640K)
[5.730s][info][gc             ] GC(123) Pause Young (Allocation Failure) 877M->877M(979M) 26.203ms
[5.730s][info][gc,cpu         ] GC(123) User=0.23s Sys=0.00s Real=0.03s
[5.744s][info][gc,start       ] GC(124) Pause Young (Allocation Failure)
[5.775s][info][gc,heap        ] GC(124) PSYoungGen: 57536K(57856K)->43104K(64512K) Eden: 11264K(11264K)->0K(11264K) From: 46272K(46592K)->43104K(53248K)
[5.775s][info][gc,heap        ] GC(124) ParOldGen: 852186K(945152K)->866730K(945152K)
[5.775s][info][gc,metaspace   ] GC(124) Metaspace: 6302K(6528K)->6302K(6528K) NonClass: 5769K(5888K)->5769K(5888K) Class: 533K(640K)->533K(640K)
[5.775s][info][gc             ] GC(124) Pause Young (Allocation Failure) 888M->888M(986M) 30.991ms
[5.775s][info][gc,cpu         ] GC(124) User=0.16s Sys=0.00s Real=0.03s
[5.790s][info][gc,start       ] GC(125) Pause Young (Allocation Failure)
[5.820s][info][gc,heap        ] GC(125) PSYoungGen: 54368K(64512K)->38496K(69120K) Eden: 11264K(11264K)->0K(11264K) From: 43104K(53248K)->38496K(57856K)
[5.820s][info][gc,heap        ] GC(125) ParOldGen: 866730K(945152K)->882826K(945152K)
[5.820s][info][gc,metaspace   ] GC(125) Metaspace: 6302K(6528K)->6302K(6528K) NonClass: 5769K(5888K)->5769K(5888K) Class: 533K(640K)->533K(640K)
[5.820s][info][gc             ] GC(125) Pause Young (Allocation Failure) 899M->899M(990M) 30.297ms
[5.820s][info][gc,cpu         ] GC(125) User=0.08s Sys=0.02s Real=0.03s
[5.832s][info][gc,start       ] GC(126) Pause Young (Allocation Failure)
[5.861s][info][gc,heap        ] GC(126) PSYoungGen: 49760K(69120K)->33856K(70656K) Eden: 11264K(11264K)->0K(11264K) From: 38496K(57856K)->33856K(59392K)
[5.861s][info][gc,heap        ] GC(126) ParOldGen: 882826K(945152K)->898914K(945152K)
[5.861s][info][gc,metaspace   ] GC(126) Metaspace: 6302K(6528K)->6302K(6528K) NonClass: 5769K(5888K)->5769K(5888K) Class: 533K(640K)->533K(640K)
[5.861s][info][gc             ] GC(126) Pause Young (Allocation Failure) 910M->910M(992M) 28.828ms
[5.861s][info][gc,cpu         ] GC(126) User=0.12s Sys=0.00s Real=0.03s
[5.873s][info][gc,start       ] GC(127) Pause Young (Allocation Failure)
[5.899s][info][gc,heap        ] GC(127) PSYoungGen: 45120K(70656K)->22656K(67072K) Eden: 11264K(11264K)->0K(13312K) From: 33856K(59392K)->22656K(53760K)
[5.899s][info][gc,heap        ] GC(127) ParOldGen: 898914K(945152K)->921730K(945152K)
[5.899s][info][gc,metaspace   ] GC(127) Metaspace: 6302K(6528K)->6302K(6528K) NonClass: 5769K(5888K)->5769K(5888K) Class: 533K(640K)->533K(640K)
[5.899s][info][gc             ] GC(127) Pause Young (Allocation Failure) 921M->922M(988M) 25.721ms
[5.899s][info][gc,cpu         ] GC(127) User=0.11s Sys=0.00s Real=0.03s
[5.899s][info][gc,start       ] GC(128) Pause Full (Ergonomics)
[5.899s][info][gc,phases,start] GC(128) Marking Phase
[6.111s][info][gc,phases      ] GC(128) Marking Phase 212.136ms
[6.111s][info][gc,phases,start] GC(128) Summary Phase
[6.111s][info][gc,phases      ] GC(128) Summary Phase 0.029ms
[6.112s][info][gc,phases,start] GC(128) Adjust Roots
[6.112s][info][gc,phases      ] GC(128) Adjust Roots 0.167ms
[6.112s][info][gc,phases,start] GC(128) Compaction Phase
[6.203s][info][gc,phases      ] GC(128) Compaction Phase 91.063ms
[6.203s][info][gc,phases,start] GC(128) Post Compact
[6.205s][info][gc,phases      ] GC(128) Post Compact 1.718ms
[6.205s][info][gc,heap        ] GC(128) PSYoungGen: 22656K(67072K)->0K(69632K) Eden: 0K(13312K)->0K(13312K) From: 22656K(53760K)->0K(56320K)
[6.205s][info][gc,heap        ] GC(128) ParOldGen: 921730K(945152K)->943101K(1048064K)
[6.205s][info][gc,metaspace   ] GC(128) Metaspace: 6302K(6528K)->6302K(6528K) NonClass: 5769K(5888K)->5769K(5888K) Class: 533K(640K)->533K(640K)
[6.205s][info][gc             ] GC(128) Pause Full (Ergonomics) 922M->920M(1091M) 305.901ms
[6.205s][info][gc,cpu         ] GC(128) User=2.06s Sys=0.03s Real=0.31s
[6.221s][info][gc,start       ] GC(129) Pause Young (Allocation Failure)
[6.235s][info][gc,heap        ] GC(129) PSYoungGen: 13312K(69632K)->13408K(69632K) Eden: 13312K(13312K)->0K(14848K) From: 0K(56320K)->13408K(54784K)
[6.235s][info][gc,heap        ] GC(129) ParOldGen: 943101K(1048064K)->943101K(1048064K)
[6.235s][info][gc,metaspace   ] GC(129) Metaspace: 6302K(6528K)->6302K(6528K) NonClass: 5769K(5888K)->5769K(5888K) Class: 533K(640K)->533K(640K)
[6.235s][info][gc             ] GC(129) Pause Young (Allocation Failure) 933M->934M(1091M) 14.257ms
[6.235s][info][gc,cpu         ] GC(129) User=0.00s Sys=0.00s Real=0.01s
[6.251s][info][gc,start       ] GC(130) Pause Young (Allocation Failure)
[6.270s][info][gc,heap        ] GC(130) PSYoungGen: 28256K(69632K)->14944K(70656K) Eden: 14848K(14848K)->0K(14848K) From: 13408K(54784K)->14944K(55808K)
[6.270s][info][gc,heap        ] GC(130) ParOldGen: 943101K(1048064K)->956597K(1048064K)
[6.270s][info][gc,metaspace   ] GC(130) Metaspace: 6302K(6528K)->6302K(6528K) NonClass: 5769K(5888K)->5769K(5888K) Class: 533K(640K)->533K(640K)
[6.270s][info][gc             ] GC(130) Pause Young (Allocation Failure) 948M->948M(1092M) 18.270ms
[6.270s][info][gc,cpu         ] GC(130) User=0.03s Sys=0.00s Real=0.02s
[6.286s][info][gc,start       ] GC(131) Pause Young (Allocation Failure)
[6.305s][info][gc,heap        ] GC(131) PSYoungGen: 29792K(70656K)->14976K(68096K) Eden: 14848K(14848K)->0K(16384K) From: 14944K(55808K)->14976K(51712K)
[6.305s][info][gc,heap        ] GC(131) ParOldGen: 956597K(1048064K)->971645K(1048064K)
[6.305s][info][gc,metaspace   ] GC(131) Metaspace: 6302K(6528K)->6302K(6528K) NonClass: 5769K(5888K)->5769K(5888K) Class: 533K(640K)->533K(640K)
[6.305s][info][gc             ] GC(131) Pause Young (Allocation Failure) 963M->963M(1090M) 18.621ms
[6.305s][info][gc,cpu         ] GC(131) User=0.02s Sys=0.00s Real=0.02s
[6.322s][info][gc,start       ] GC(132) Pause Young (Allocation Failure)
[6.340s][info][gc,heap        ] GC(132) PSYoungGen: 31360K(68096K)->16544K(69632K) Eden: 16384K(16384K)->0K(16384K) From: 14976K(51712K)->16544K(53248K)
[6.340s][info][gc,heap        ] GC(132) ParOldGen: 971645K(1048064K)->986701K(1048064K)
[6.340s][info][gc,metaspace   ] GC(132) Metaspace: 6302K(6528K)->6302K(6528K) NonClass: 5769K(5888K)->5769K(5888K) Class: 533K(640K)->533K(640K)
[6.341s][info][gc             ] GC(132) Pause Young (Allocation Failure) 979M->979M(1091M) 18.341ms
[6.341s][info][gc,cpu         ] GC(132) User=0.09s Sys=0.03s Real=0.02s
[6.359s][info][gc,start       ] GC(133) Pause Young (Allocation Failure)
[6.378s][info][gc,heap        ] GC(133) PSYoungGen: 32928K(69632K)->16480K(66048K) Eden: 16384K(16384K)->0K(18432K) From: 16544K(53248K)->16480K(47616K)
[6.379s][info][gc,heap        ] GC(133) ParOldGen: 986701K(1048064K)->1003317K(1048064K)
[6.379s][info][gc,metaspace   ] GC(133) Metaspace: 6302K(6528K)->6302K(6528K) NonClass: 5769K(5888K)->5769K(5888K) Class: 533K(640K)->533K(640K)
[6.379s][info][gc             ] GC(133) Pause Young (Allocation Failure) 995M->995M(1088M) 19.589ms
[6.379s][info][gc,cpu         ] GC(133) User=0.12s Sys=0.00s Real=0.02s
[6.400s][info][gc,start       ] GC(134) Pause Young (Allocation Failure)
[6.421s][info][gc,heap        ] GC(134) PSYoungGen: 34912K(66048K)->18560K(68096K) Eden: 18432K(18432K)->0K(18432K) From: 16480K(47616K)->18560K(49664K)
[6.421s][info][gc,heap        ] GC(134) ParOldGen: 1003317K(1048064K)->1019933K(1048064K)
[6.421s][info][gc,metaspace   ] GC(134) Metaspace: 6302K(6528K)->6302K(6528K) NonClass: 5769K(5888K)->5769K(5888K) Class: 533K(640K)->533K(640K)
[6.421s][info][gc             ] GC(134) Pause Young (Allocation Failure) 1013M->1014M(1090M) 20.862ms
[6.421s][info][gc,cpu         ] GC(134) User=0.05s Sys=0.00s Real=0.02s
[6.421s][info][gc,start       ] GC(135) Pause Full (Ergonomics)
[6.421s][info][gc,phases,start] GC(135) Marking Phase
[6.646s][info][gc,phases      ] GC(135) Marking Phase 225.212ms
[6.646s][info][gc,phases,start] GC(135) Summary Phase
[6.646s][info][gc,phases      ] GC(135) Summary Phase 0.042ms
[6.646s][info][gc,phases,start] GC(135) Adjust Roots
[6.646s][info][gc,phases      ] GC(135) Adjust Roots 0.194ms
[6.646s][info][gc,phases,start] GC(135) Compaction Phase
[6.734s][info][gc,phases      ] GC(135) Compaction Phase 88.049ms
[6.734s][info][gc,phases,start] GC(135) Post Compact
[6.736s][info][gc,phases      ] GC(135) Post Compact 1.653ms
[6.736s][info][gc,heap        ] GC(135) PSYoungGen: 18560K(68096K)->0K(68096K) Eden: 0K(18432K)->0K(20480K) From: 18560K(49664K)->0K(47616K)
[6.737s][info][gc,heap        ] GC(135) ParOldGen: 1019933K(1048064K)->1037120K(1149440K)
[6.737s][info][gc,metaspace   ] GC(135) Metaspace: 6302K(6528K)->6302K(6528K) NonClass: 5769K(5888K)->5769K(5888K) Class: 533K(640K)->533K(640K)
[6.737s][info][gc             ] GC(135) Pause Full (Ergonomics) 1014M->1012M(1189M) 315.805ms
[6.737s][info][gc,cpu         ] GC(135) User=2.36s Sys=0.00s Real=0.32s
[6.760s][info][gc,start       ] GC(136) Pause Young (Allocation Failure)
[6.776s][info][gc,heap        ] GC(136) PSYoungGen: 20480K(68096K)->20544K(68096K) Eden: 20480K(20480K)->0K(20480K) From: 0K(47616K)->20544K(47616K)
[6.776s][info][gc,heap        ] GC(136) ParOldGen: 1037120K(1149440K)->1037120K(1149440K)
[6.776s][info][gc,metaspace   ] GC(136) Metaspace: 6302K(6528K)->6302K(6528K) NonClass: 5769K(5888K)->5769K(5888K) Class: 533K(640K)->533K(640K)
[6.776s][info][gc             ] GC(136) Pause Young (Allocation Failure) 1032M->1032M(1189M) 15.766ms
[6.776s][info][gc,cpu         ] GC(136) User=0.02s Sys=0.00s Real=0.02s
[6.799s][info][gc,start       ] GC(137) Pause Young (Allocation Failure)
[6.821s][info][gc,heap        ] GC(137) PSYoungGen: 41024K(68096K)->41120K(63488K) Eden: 20480K(20480K)->0K(17920K) From: 20544K(47616K)->41120K(45568K)
[6.821s][info][gc,heap        ] GC(137) ParOldGen: 1037120K(1149440K)->1037120K(1149440K)
[6.821s][info][gc,metaspace   ] GC(137) Metaspace: 6302K(6528K)->6302K(6528K) NonClass: 5769K(5888K)->5769K(5888K) Class: 533K(640K)->533K(640K)
[6.821s][info][gc             ] GC(137) Pause Young (Allocation Failure) 1052M->1052M(1184M) 22.768ms
[6.821s][info][gc,cpu         ] GC(137) User=0.12s Sys=0.00s Real=0.02s
[6.843s][info][gc,start       ] GC(138) Pause Young (Allocation Failure)
[6.873s][info][gc,heap        ] GC(138) PSYoungGen: 59040K(63488K)->50176K(68096K) Eden: 17920K(17920K)->0K(17920K) From: 41120K(45568K)->50176K(50176K)
[6.873s][info][gc,heap        ] GC(138) ParOldGen: 1037120K(1149440K)->1045992K(1149440K)
[6.873s][info][gc,metaspace   ] GC(138) Metaspace: 6302K(6528K)->6302K(6528K) NonClass: 5769K(5888K)->5769K(5888K) Class: 533K(640K)->533K(640K)
[6.873s][info][gc             ] GC(138) Pause Young (Allocation Failure) 1070M->1070M(1189M) 30.286ms
[6.873s][info][gc,cpu         ] GC(138) User=0.14s Sys=0.00s Real=0.03s
[6.893s][info][gc,start       ] GC(139) Pause Young (Allocation Failure)
[6.927s][info][gc,heap        ] GC(139) PSYoungGen: 68096K(68096K)->33856K(79360K) Eden: 17920K(17920K)->0K(19968K) From: 50176K(50176K)->33856K(59392K)
[6.927s][info][gc,heap        ] GC(139) ParOldGen: 1045992K(1149440K)->1080832K(1149440K)
[6.927s][info][gc,metaspace   ] GC(139) Metaspace: 6302K(6528K)->6302K(6528K) NonClass: 5769K(5888K)->5769K(5888K) Class: 533K(640K)->533K(640K)
[6.927s][info][gc             ] GC(139) Pause Young (Allocation Failure) 1087M->1088M(1200M) 34.238ms
[6.927s][info][gc,cpu         ] GC(139) User=0.23s Sys=0.00s Real=0.03s
[6.948s][info][gc,start       ] GC(140) Pause Young (Allocation Failure)
[6.976s][info][gc,heap        ] GC(140) PSYoungGen: 53824K(79360K)->38016K(79872K) Eden: 19968K(19968K)->0K(19968K) From: 33856K(59392K)->38016K(59904K)
[6.976s][info][gc,heap        ] GC(140) ParOldGen: 1080832K(1149440K)->1096824K(1149440K)
[6.976s][info][gc,metaspace   ] GC(140) Metaspace: 6302K(6528K)->6302K(6528K) NonClass: 5769K(5888K)->5769K(5888K) Class: 533K(640K)->533K(640K)
[6.976s][info][gc             ] GC(140) Pause Young (Allocation Failure) 1108M->1108M(1200M) 28.104ms
[6.976s][info][gc,cpu         ] GC(140) User=0.09s Sys=0.05s Real=0.03s
[6.997s][info][gc,start       ] GC(141) Pause Young (Allocation Failure)
[7.028s][info][gc,heap        ] GC(141) PSYoungGen: 57984K(79872K)->40096K(81920K) Eden: 19968K(19968K)->0K(21504K) From: 38016K(59904K)->40096K(60416K)
[7.028s][info][gc,heap        ] GC(141) ParOldGen: 1096824K(1149440K)->1114984K(1149440K)
[7.028s][info][gc,metaspace   ] GC(141) Metaspace: 6302K(6528K)->6302K(6528K) NonClass: 5769K(5888K)->5769K(5888K) Class: 533K(640K)->533K(640K)
[7.028s][info][gc             ] GC(141) Pause Young (Allocation Failure) 1127M->1128M(1202M) 30.194ms
[7.028s][info][gc,cpu         ] GC(141) User=0.12s Sys=0.02s Real=0.03s
[7.052s][info][gc,start       ] GC(142) Pause Young (Allocation Failure)
[7.086s][info][gc,heap        ] GC(142) PSYoungGen: 61600K(81920K)->41632K(82944K) Eden: 21504K(21504K)->0K(21504K) From: 40096K(60416K)->41632K(61440K)
[7.086s][info][gc,heap        ] GC(142) ParOldGen: 1114984K(1149440K)->1135240K(1149440K)
[7.086s][info][gc,metaspace   ] GC(142) Metaspace: 6302K(6528K)->6302K(6528K) NonClass: 5769K(5888K)->5769K(5888K) Class: 533K(640K)->533K(640K)
[7.086s][info][gc             ] GC(142) Pause Young (Allocation Failure) 1149M->1149M(1203M) 33.991ms
[7.086s][info][gc,cpu         ] GC(142) User=0.14s Sys=0.02s Real=0.03s
[7.086s][info][gc,start       ] GC(143) Pause Full (Ergonomics)
[7.086s][info][gc,phases,start] GC(143) Marking Phase
[7.352s][info][gc,phases      ] GC(143) Marking Phase 265.407ms
[7.352s][info][gc,phases,start] GC(143) Summary Phase
[7.352s][info][gc,phases      ] GC(143) Summary Phase 0.030ms
[7.352s][info][gc,phases,start] GC(143) Adjust Roots
[7.352s][info][gc,phases      ] GC(143) Adjust Roots 0.155ms
[7.352s][info][gc,phases,start] GC(143) Compaction Phase
[7.459s][info][gc,phases      ] GC(143) Compaction Phase 107.169ms
[7.459s][info][gc,phases,start] GC(143) Post Compact
[7.461s][info][gc,phases      ] GC(143) Post Compact 2.105ms
[7.462s][info][gc,heap        ] GC(143) PSYoungGen: 41632K(82944K)->26081K(82944K) Eden: 0K(21504K)->0K(21504K) From: 41632K(61440K)->26081K(61440K)
[7.462s][info][gc,heap        ] GC(143) ParOldGen: 1135240K(1149440K)->1149069K(1274880K)
[7.462s][info][gc,metaspace   ] GC(143) Metaspace: 6302K(6528K)->6302K(6528K) NonClass: 5769K(5888K)->5769K(5888K) Class: 533K(640K)->533K(640K)
[7.462s][info][gc             ] GC(143) Pause Full (Ergonomics) 1149M->1147M(1326M) 375.687ms
[7.462s][info][gc,cpu         ] GC(143) User=2.69s Sys=0.00s Real=0.38s
[7.491s][info][gc,start       ] GC(144) Pause Young (Allocation Failure)
[7.561s][info][gc,heap        ] GC(144) PSYoungGen: 47585K(82944K)->35104K(83456K) Eden: 21504K(21504K)->0K(24064K) From: 26081K(61440K)->35104K(59392K)
[7.561s][info][gc,heap        ] GC(144) ParOldGen: 1149069K(1274880K)->1161965K(1274880K)
[7.561s][info][gc,metaspace   ] GC(144) Metaspace: 6302K(6528K)->6302K(6528K) NonClass: 5769K(5888K)->5769K(5888K) Class: 533K(640K)->533K(640K)
[7.561s][info][gc             ] GC(144) Pause Young (Allocation Failure) 1168M->1169M(1326M) 70.636ms
[7.562s][info][gc,cpu         ] GC(144) User=0.38s Sys=0.02s Real=0.07s
[7.590s][info][gc,start       ] GC(145) Pause Young (Allocation Failure)
[7.622s][info][gc,heap        ] GC(145) PSYoungGen: 59168K(83456K)->59104K(84992K) Eden: 24064K(24064K)->0K(24064K) From: 35104K(59392K)->59104K(60928K)
[7.623s][info][gc,heap        ] GC(145) ParOldGen: 1161965K(1274880K)->1161965K(1274880K)
[7.623s][info][gc,metaspace   ] GC(145) Metaspace: 6302K(6528K)->6302K(6528K) NonClass: 5769K(5888K)->5769K(5888K) Class: 533K(640K)->533K(640K)
[7.623s][info][gc             ] GC(145) Pause Young (Allocation Failure) 1192M->1192M(1328M) 32.266ms
[7.623s][info][gc,cpu         ] GC(145) User=0.14s Sys=0.02s Real=0.03s
[7.651s][info][gc,start       ] GC(146) Pause Young (Allocation Failure)
[7.697s][info][gc,heap        ] GC(146) PSYoungGen: 83168K(84992K)->68096K(79872K) Eden: 24064K(24064K)->0K(11776K) From: 59104K(60928K)->68096K(68096K)
[7.697s][info][gc,heap        ] GC(146) ParOldGen: 1161965K(1274880K)->1177141K(1274880K)
[7.697s][info][gc,metaspace   ] GC(146) Metaspace: 6302K(6528K)->6302K(6528K) NonClass: 5769K(5888K)->5769K(5888K) Class: 533K(640K)->533K(640K)
[7.697s][info][gc             ] GC(146) Pause Young (Allocation Failure) 1215M->1216M(1323M) 45.211ms
[7.697s][info][gc,cpu         ] GC(146) User=0.22s Sys=0.05s Real=0.05s
[7.711s][info][gc,start       ] GC(147) Pause Young (Allocation Failure)
[7.751s][info][gc,heap        ] GC(147) PSYoungGen: 79872K(79872K)->53088K(94720K) Eden: 11776K(11776K)->0K(11776K) From: 68096K(68096K)->53088K(82944K)
[7.751s][info][gc,heap        ] GC(147) ParOldGen: 1177141K(1274880K)->1204421K(1274880K)
[7.751s][info][gc,metaspace   ] GC(147) Metaspace: 6302K(6528K)->6302K(6528K) NonClass: 5769K(5888K)->5769K(5888K) Class: 533K(640K)->533K(640K)
[7.751s][info][gc             ] GC(147) Pause Young (Allocation Failure) 1227M->1228M(1337M) 39.989ms
[7.751s][info][gc,cpu         ] GC(147) User=0.23s Sys=0.02s Real=0.04s
[7.765s][info][gc,start       ] GC(148) Pause Young (Allocation Failure)
[7.798s][info][gc,heap        ] GC(148) PSYoungGen: 64864K(94720K)->45440K(92160K) Eden: 11776K(11776K)->0K(13312K) From: 53088K(82944K)->45440K(78848K)
[7.798s][info][gc,heap        ] GC(148) ParOldGen: 1204421K(1274880K)->1224061K(1274880K)
[7.798s][info][gc,metaspace   ] GC(148) Metaspace: 6302K(6528K)->6302K(6528K) NonClass: 5769K(5888K)->5769K(5888K) Class: 533K(640K)->533K(640K)
[7.798s][info][gc             ] GC(148) Pause Young (Allocation Failure) 1239M->1239M(1335M) 33.672ms
[7.798s][info][gc,cpu         ] GC(148) User=0.16s Sys=0.00s Real=0.03s
[7.814s][info][gc,start       ] GC(149) Pause Young (Allocation Failure)
[7.846s][info][gc,heap        ] GC(149) PSYoungGen: 58752K(92160K)->25248K(94720K) Eden: 13312K(13312K)->0K(13312K) From: 45440K(78848K)->25248K(81408K)
[7.846s][info][gc,heap        ] GC(149) ParOldGen: 1224061K(1274880K)->1258053K(1274880K)
[7.846s][info][gc,metaspace   ] GC(149) Metaspace: 6302K(6528K)->6302K(6528K) NonClass: 5769K(5888K)->5769K(5888K) Class: 533K(640K)->533K(640K)
[7.846s][info][gc             ] GC(149) Pause Young (Allocation Failure) 1252M->1253M(1337M) 32.084ms
[7.846s][info][gc,cpu         ] GC(149) User=0.14s Sys=0.00s Real=0.03s
[7.846s][info][gc,start       ] GC(150) Pause Full (Ergonomics)
[7.846s][info][gc,phases,start] GC(150) Marking Phase
[8.138s][info][gc,phases      ] GC(150) Marking Phase 292.126ms
[8.138s][info][gc,phases,start] GC(150) Summary Phase
[8.138s][info][gc,phases      ] GC(150) Summary Phase 0.026ms
[8.139s][info][gc,phases,start] GC(150) Adjust Roots
[8.139s][info][gc,phases      ] GC(150) Adjust Roots 0.152ms
[8.139s][info][gc,phases,start] GC(150) Compaction Phase
[8.247s][info][gc,phases      ] GC(150) Compaction Phase 108.164ms
[8.247s][info][gc,phases,start] GC(150) Post Compact
[8.249s][info][gc,phases      ] GC(150) Post Compact 2.098ms
[8.250s][info][gc,heap        ] GC(150) PSYoungGen: 25248K(94720K)->6634K(94720K) Eden: 0K(13312K)->0K(13312K) From: 25248K(81408K)->6634K(81408K)
[8.250s][info][gc,heap        ] GC(150) ParOldGen: 1258053K(1274880K)->1274829K(1416192K)
[8.250s][info][gc,metaspace   ] GC(150) Metaspace: 6302K(6528K)->6302K(6528K) NonClass: 5769K(5888K)->5769K(5888K) Class: 533K(640K)->533K(640K)
[8.250s][info][gc             ] GC(150) Pause Full (Ergonomics) 1253M->1251M(1475M) 403.393ms
[8.250s][info][gc,cpu         ] GC(150) User=2.94s Sys=0.03s Real=0.40s
[8.266s][info][gc,start       ] GC(151) Pause Young (Allocation Failure)
[8.335s][info][gc,heap        ] GC(151) PSYoungGen: 19946K(94720K)->13440K(94720K) Eden: 13312K(13312K)->0K(14848K) From: 6634K(81408K)->13440K(79872K)
[8.335s][info][gc,heap        ] GC(151) ParOldGen: 1274829K(1416192K)->1281581K(1416192K)
[8.335s][info][gc,metaspace   ] GC(151) Metaspace: 6302K(6528K)->6302K(6528K) NonClass: 5769K(5888K)->5769K(5888K) Class: 533K(640K)->533K(640K)
[8.335s][info][gc             ] GC(151) Pause Young (Allocation Failure) 1264M->1264M(1475M) 69.321ms
[8.335s][info][gc,cpu         ] GC(151) User=0.50s Sys=0.00s Real=0.07s
[8.352s][info][gc,start       ] GC(152) Pause Young (Allocation Failure)
[8.370s][info][gc,heap        ] GC(152) PSYoungGen: 28288K(94720K)->10912K(95232K) Eden: 14848K(14848K)->0K(14848K) From: 13440K(79872K)->10912K(80384K)
[8.370s][info][gc,heap        ] GC(152) ParOldGen: 1281581K(1416192K)->1295085K(1416192K)
[8.370s][info][gc,metaspace   ] GC(152) Metaspace: 6302K(6528K)->6302K(6528K) NonClass: 5769K(5888K)->5769K(5888K) Class: 533K(640K)->533K(640K)
[8.370s][info][gc             ] GC(152) Pause Young (Allocation Failure) 1279M->1275M(1476M) 17.440ms
[8.370s][info][gc,cpu         ] GC(152) User=0.03s Sys=0.00s Real=0.02s
[8.381s][info][gc,start       ] GC(153) Pause Young (Allocation Failure)
[8.398s][info][gc,heap        ] GC(153) PSYoungGen: 25760K(95232K)->7840K(96768K) Eden: 14848K(14848K)->0K(16384K) From: 10912K(80384K)->7840K(80384K)
[8.398s][info][gc,heap        ] GC(153) ParOldGen: 1295085K(1416192K)->1306029K(1416192K)
[8.398s][info][gc,metaspace   ] GC(153) Metaspace: 6302K(6528K)->6302K(6528K) NonClass: 5769K(5888K)->5769K(5888K) Class: 533K(640K)->533K(640K)
[8.398s][info][gc             ] GC(153) Pause Young (Allocation Failure) 1289M->1283M(1477M) 17.113ms
[8.398s][info][gc,cpu         ] GC(153) User=0.02s Sys=0.00s Real=0.02s
[8.412s][info][gc,start       ] GC(154) Pause Young (Allocation Failure)
[8.428s][info][gc,heap        ] GC(154) PSYoungGen: 24224K(96768K)->9344K(96768K) Eden: 16384K(16384K)->0K(16384K) From: 7840K(80384K)->9344K(80384K)
[8.428s][info][gc,heap        ] GC(154) ParOldGen: 1306029K(1416192K)->1313845K(1416192K)
[8.428s][info][gc,metaspace   ] GC(154) Metaspace: 6302K(6528K)->6302K(6528K) NonClass: 5769K(5888K)->5769K(5888K) Class: 533K(640K)->533K(640K)
[8.428s][info][gc             ] GC(154) Pause Young (Allocation Failure) 1299M->1292M(1477M) 15.658ms
[8.428s][info][gc,cpu         ] GC(154) User=0.00s Sys=0.00s Real=0.02s
[8.450s][info][gc,start       ] GC(155) Pause Young (Allocation Failure)
[8.470s][info][gc,heap        ] GC(155) PSYoungGen: 25728K(96768K)->16480K(91648K) Eden: 16384K(16384K)->0K(18432K) From: 9344K(80384K)->16480K(73216K)
[8.470s][info][gc,heap        ] GC(155) ParOldGen: 1313845K(1416192K)->1323245K(1416192K)
[8.470s][info][gc,metaspace   ] GC(155) Metaspace: 6302K(6528K)->6302K(6528K) NonClass: 5769K(5888K)->5769K(5888K) Class: 533K(640K)->533K(640K)
[8.470s][info][gc             ] GC(155) Pause Young (Allocation Failure) 1308M->1308M(1472M) 19.812ms
[8.470s][info][gc,cpu         ] GC(155) User=0.03s Sys=0.00s Real=0.02s
[8.493s][info][gc,start       ] GC(156) Pause Young (Allocation Failure)
[8.516s][info][gc,heap        ] GC(156) PSYoungGen: 34912K(91648K)->18528K(37376K) Eden: 18432K(18432K)->0K(18432K) From: 16480K(73216K)->18528K(18944K)
[8.516s][info][gc,heap        ] GC(156) ParOldGen: 1323245K(1416192K)->1339861K(1416192K)
[8.516s][info][gc,metaspace   ] GC(156) Metaspace: 6302K(6528K)->6302K(6528K) NonClass: 5769K(5888K)->5769K(5888K) Class: 533K(640K)->533K(640K)
[8.516s][info][gc             ] GC(156) Pause Young (Allocation Failure) 1326M->1326M(1419M) 22.662ms
[8.516s][info][gc,cpu         ] GC(156) User=0.12s Sys=0.00s Real=0.02s
[8.537s][info][gc,start       ] GC(157) Pause Young (Allocation Failure)
[8.561s][info][gc,heap        ] GC(157) PSYoungGen: 36960K(37376K)->18592K(88064K) Eden: 18432K(18432K)->0K(20992K) From: 18528K(18944K)->18592K(67072K)
[8.561s][info][gc,heap        ] GC(157) ParOldGen: 1339861K(1416192K)->1358557K(1416192K)
[8.561s][info][gc,metaspace   ] GC(157) Metaspace: 6302K(6528K)->6302K(6528K) NonClass: 5769K(5888K)->5769K(5888K) Class: 533K(640K)->533K(640K)
[8.561s][info][gc             ] GC(157) Pause Young (Allocation Failure) 1344M->1344M(1469M) 23.838ms
[8.561s][info][gc,cpu         ] GC(157) User=0.12s Sys=0.00s Real=0.02s
[8.586s][info][gc,start       ] GC(158) Pause Young (Allocation Failure)
[8.612s][info][gc,heap        ] GC(158) PSYoungGen: 39584K(88064K)->21152K(42496K) Eden: 20992K(20992K)->0K(20992K) From: 18592K(67072K)->21152K(21504K)
[8.612s][info][gc,heap        ] GC(158) ParOldGen: 1358557K(1416192K)->1377245K(1416192K)
[8.612s][info][gc,metaspace   ] GC(158) Metaspace: 6302K(6528K)->6302K(6528K) NonClass: 5769K(5888K)->5769K(5888K) Class: 533K(640K)->533K(640K)
[8.612s][info][gc             ] GC(158) Pause Young (Allocation Failure) 1365M->1365M(1424M) 25.378ms
[8.612s][info][gc,cpu         ] GC(158) User=0.12s Sys=0.00s Real=0.03s
[8.877s][info][gc,start       ] GC(159) Pause Young (Allocation Failure)
[8.934s][info][gc,heap        ] GC(159) PSYoungGen: 42144K(42496K)->21120K(82944K) Eden: 20992K(20992K)->0K(23040K) From: 21152K(21504K)->21120K(59904K)
[8.934s][info][gc,heap        ] GC(159) ParOldGen: 1442781K(1482240K)->1464053K(1482240K)
[8.934s][info][gc,metaspace   ] GC(159) Metaspace: 6302K(6528K)->6302K(6528K) NonClass: 5769K(5888K)->5769K(5888K) Class: 533K(640K)->533K(640K)
[8.934s][info][gc             ] GC(159) Pause Young (Allocation Failure) 1450M->1450M(1528M) 57.603ms
[8.934s][info][gc,cpu         ] GC(159) User=0.28s Sys=0.02s Real=0.06s
[8.934s][info][gc,start       ] GC(160) Pause Full (Ergonomics)
[8.934s][info][gc,phases,start] GC(160) Marking Phase
[9.249s][info][gc,phases      ] GC(160) Marking Phase 315.089ms
[9.249s][info][gc,phases,start] GC(160) Summary Phase
[9.250s][info][gc,phases      ] GC(160) Summary Phase 0.043ms
[9.250s][info][gc,phases,start] GC(160) Adjust Roots
[9.250s][info][gc,phases      ] GC(160) Adjust Roots 0.159ms
[9.250s][info][gc,phases,start] GC(160) Compaction Phase
[9.483s][info][gc,phases      ] GC(160) Compaction Phase 233.683ms
[9.483s][info][gc,phases,start] GC(160) Post Compact
[9.486s][info][gc,phases      ] GC(160) Post Compact 2.838ms
[9.487s][info][gc,heap        ] GC(160) PSYoungGen: 21120K(82944K)->0K(86528K) Eden: 0K(23040K)->0K(23040K) From: 21120K(59904K)->0K(63488K)
[9.487s][info][gc,heap        ] GC(160) ParOldGen: 1464053K(1482240K)->1450277K(1597440K)
[9.487s][info][gc,metaspace   ] GC(160) Metaspace: 6302K(6528K)->6302K(6528K) NonClass: 5769K(5888K)->5769K(5888K) Class: 533K(640K)->533K(640K)
[9.487s][info][gc             ] GC(160) Pause Full (Ergonomics) 1450M->1416M(1644M) 552.574ms
[9.487s][info][gc,cpu         ] GC(160) User=3.91s Sys=0.00s Real=0.55s
[9.512s][info][gc,start       ] GC(161) Pause Young (Allocation Failure)
[9.534s][info][gc,heap        ] GC(161) PSYoungGen: 23040K(86528K)->23136K(80896K) Eden: 23040K(23040K)->0K(25088K) From: 0K(63488K)->23136K(55808K)
[9.534s][info][gc,heap        ] GC(161) ParOldGen: 1450277K(1597440K)->1450277K(1597440K)
[9.534s][info][gc,metaspace   ] GC(161) Metaspace: 6302K(6528K)->6302K(6528K) NonClass: 5769K(5888K)->5769K(5888K) Class: 533K(640K)->533K(640K)
[9.534s][info][gc             ] GC(161) Pause Young (Allocation Failure) 1438M->1438M(1639M) 21.561ms
[9.534s][info][gc,cpu         ] GC(161) User=0.05s Sys=0.00s Real=0.02s
[9.556s][info][gc,start       ] GC(162) Pause Young (Allocation Failure)
[9.586s][info][gc,heap        ] GC(162) PSYoungGen: 48224K(80896K)->48288K(84992K) Eden: 25088K(25088K)->0K(25088K) From: 23136K(55808K)->48288K(59904K)
[9.586s][info][gc,heap        ] GC(162) ParOldGen: 1450277K(1597440K)->1450277K(1597440K)
[9.586s][info][gc,metaspace   ] GC(162) Metaspace: 6302K(6528K)->6302K(6528K) NonClass: 5769K(5888K)->5769K(5888K) Class: 533K(640K)->533K(640K)
[9.586s][info][gc             ] GC(162) Pause Young (Allocation Failure) 1463M->1463M(1643M) 29.648ms
[9.586s][info][gc,cpu         ] GC(162) User=0.06s Sys=0.00s Real=0.03s
[9.608s][info][gc,start       ] GC(163) Pause Young (Allocation Failure)
[9.645s][info][gc,heap        ] GC(163) PSYoungGen: 73376K(84992K)->65024K(79360K) Eden: 25088K(25088K)->0K(14336K) From: 48288K(59904K)->65024K(65024K)
[9.645s][info][gc,heap        ] GC(163) ParOldGen: 1450277K(1597440K)->1458653K(1597440K)
[9.645s][info][gc,metaspace   ] GC(163) Metaspace: 6302K(6528K)->6302K(6528K) NonClass: 5769K(5888K)->5769K(5888K) Class: 533K(640K)->533K(640K)
[9.645s][info][gc             ] GC(163) Pause Young (Allocation Failure) 1487M->1487M(1637M) 37.199ms
[9.645s][info][gc,cpu         ] GC(163) User=0.05s Sys=0.00s Real=0.04s
[9.659s][info][gc,start       ] GC(164) Pause Young (Allocation Failure)
[9.697s][info][gc,heap        ] GC(164) PSYoungGen: 79360K(79360K)->60064K(92672K) Eden: 14336K(14336K)->0K(14336K) From: 65024K(65024K)->60064K(78336K)
[9.697s][info][gc,heap        ] GC(164) ParOldGen: 1458653K(1597440K)->1478269K(1597440K)
[9.697s][info][gc,metaspace   ] GC(164) Metaspace: 6302K(6528K)->6302K(6528K) NonClass: 5769K(5888K)->5769K(5888K) Class: 533K(640K)->533K(640K)
[9.697s][info][gc             ] GC(164) Pause Young (Allocation Failure) 1501M->1502M(1650M) 37.744ms
[9.697s][info][gc,cpu         ] GC(164) User=0.23s Sys=0.02s Real=0.04s
[9.712s][info][gc,start       ] GC(165) Pause Young (Allocation Failure)
[9.748s][info][gc,heap        ] GC(165) PSYoungGen: 74400K(92672K)->49536K(99840K) Eden: 14336K(14336K)->0K(15872K) From: 60064K(78336K)->49536K(83968K)
[9.748s][info][gc,heap        ] GC(165) ParOldGen: 1478269K(1597440K)->1503509K(1597440K)
[9.748s][info][gc,metaspace   ] GC(165) Metaspace: 6302K(6528K)->6302K(6528K) NonClass: 5769K(5888K)->5769K(5888K) Class: 533K(640K)->533K(640K)
[9.748s][info][gc             ] GC(165) Pause Young (Allocation Failure) 1516M->1516M(1657M) 36.372ms
[9.748s][info][gc,cpu         ] GC(165) User=0.16s Sys=0.00s Real=0.04s
[9.765s][info][gc,start       ] GC(166) Pause Young (Allocation Failure)
[9.800s][info][gc,heap        ] GC(166) PSYoungGen: 65408K(99840K)->30400K(46592K) Eden: 15872K(15872K)->0K(15872K) From: 49536K(83968K)->30400K(30720K)
[9.800s][info][gc,heap        ] GC(166) ParOldGen: 1503509K(1597440K)->1538981K(1597440K)
[9.800s][info][gc,metaspace   ] GC(166) Metaspace: 6302K(6528K)->6302K(6528K) NonClass: 5769K(5888K)->5769K(5888K) Class: 533K(640K)->533K(640K)
[9.800s][info][gc             ] GC(166) Pause Young (Allocation Failure) 1532M->1532M(1605M) 35.788ms
[9.800s][info][gc,cpu         ] GC(166) User=0.08s Sys=0.00s Real=0.04s
[9.819s][info][gc,start       ] GC(167) Pause Young (Allocation Failure)
[9.848s][info][gc,heap        ] GC(167) PSYoungGen: 46272K(46592K)->15968K(97280K) Eden: 15872K(15872K)->0K(18432K) From: 30400K(30720K)->15968K(78848K)
[9.848s][info][gc,heap        ] GC(167) ParOldGen: 1538981K(1597440K)->1569589K(1597440K)
[9.848s][info][gc,metaspace   ] GC(167) Metaspace: 6302K(6528K)->6302K(6528K) NonClass: 5769K(5888K)->5769K(5888K) Class: 533K(640K)->533K(640K)
[9.848s][info][gc             ] GC(167) Pause Young (Allocation Failure) 1548M->1548M(1655M) 29.031ms
[9.848s][info][gc,cpu         ] GC(167) User=0.05s Sys=0.00s Real=0.03s
[9.848s][info][gc,start       ] GC(168) Pause Full (Ergonomics)
[9.848s][info][gc,phases,start] GC(168) Marking Phase
[10.191s][info][gc,phases      ] GC(168) Marking Phase 342.756ms
[10.191s][info][gc,phases,start] GC(168) Summary Phase
[10.191s][info][gc,phases      ] GC(168) Summary Phase 0.054ms
[10.191s][info][gc,phases,start] GC(168) Adjust Roots
[10.191s][info][gc,phases      ] GC(168) Adjust Roots 0.197ms
[10.191s][info][gc,phases,start] GC(168) Compaction Phase
[10.348s][info][gc,phases      ] GC(168) Compaction Phase 156.868ms
[10.348s][info][gc,phases,start] GC(168) Post Compact
[10.351s][info][gc,phases      ] GC(168) Post Compact 2.811ms
[10.351s][info][gc,heap        ] GC(168) PSYoungGen: 15968K(97280K)->0K(98304K) Eden: 0K(18432K)->0K(18432K) From: 15968K(78848K)->0K(79872K)
[10.351s][info][gc,heap        ] GC(168) ParOldGen: 1569589K(1597440K)->1583696K(1752576K)
[10.352s][info][gc,metaspace   ] GC(168) Metaspace: 6302K(6528K)->6302K(6528K) NonClass: 5769K(5888K)->5769K(5888K) Class: 533K(640K)->533K(640K)
[10.352s][info][gc             ] GC(168) Pause Full (Ergonomics) 1548M->1546M(1807M) 503.663ms
[10.352s][info][gc,cpu         ] GC(168) User=3.41s Sys=0.02s Real=0.50s
[10.372s][info][gc,start       ] GC(169) Pause Young (Allocation Failure)
[10.392s][info][gc,heap        ] GC(169) PSYoungGen: 18432K(98304K)->18560K(95744K) Eden: 18432K(18432K)->0K(20480K) From: 0K(79872K)->18560K(75264K)
[10.392s][info][gc,heap        ] GC(169) ParOldGen: 1583696K(1752576K)->1583696K(1752576K)
[10.392s][info][gc,metaspace   ] GC(169) Metaspace: 6302K(6528K)->6302K(6528K) NonClass: 5769K(5888K)->5769K(5888K) Class: 533K(640K)->533K(640K)
[10.392s][info][gc             ] GC(169) Pause Young (Allocation Failure) 1564M->1564M(1805M) 20.428ms
[10.392s][info][gc,cpu         ] GC(169) User=0.02s Sys=0.00s Real=0.02s
[10.412s][info][gc,start       ] GC(170) Pause Young (Allocation Failure)
[10.439s][info][gc,heap        ] GC(170) PSYoungGen: 39040K(95744K)->39040K(98304K) Eden: 20480K(20480K)->0K(20480K) From: 18560K(75264K)->39040K(77824K)
[10.439s][info][gc,heap        ] GC(170) ParOldGen: 1583696K(1752576K)->1583696K(1752576K)
[10.439s][info][gc,metaspace   ] GC(170) Metaspace: 6302K(6528K)->6302K(6528K) NonClass: 5769K(5888K)->5769K(5888K) Class: 533K(640K)->533K(640K)
[10.439s][info][gc             ] GC(170) Pause Young (Allocation Failure) 1584M->1584M(1807M) 26.646ms
[10.439s][info][gc,cpu         ] GC(170) User=0.02s Sys=0.00s Real=0.03s
[10.459s][info][gc,start       ] GC(171) Pause Young (Allocation Failure)
[10.492s][info][gc,heap        ] GC(171) PSYoungGen: 59520K(98304K)->41088K(97280K) Eden: 20480K(20480K)->0K(23040K) From: 39040K(77824K)->41088K(74240K)
[10.492s][info][gc,heap        ] GC(171) ParOldGen: 1583696K(1752576K)->1602376K(1752576K)
[10.492s][info][gc,metaspace   ] GC(171) Metaspace: 6302K(6528K)->6302K(6528K) NonClass: 5769K(5888K)->5769K(5888K) Class: 533K(640K)->533K(640K)
[10.492s][info][gc             ] GC(171) Pause Young (Allocation Failure) 1604M->1604M(1806M) 33.407ms
[10.492s][info][gc,cpu         ] GC(171) User=0.14s Sys=0.02s Real=0.03s
[10.515s][info][gc,start       ] GC(172) Pause Young (Allocation Failure)
[10.549s][info][gc,heap        ] GC(172) PSYoungGen: 64128K(97280K)->43680K(97792K) Eden: 23040K(23040K)->0K(23040K) From: 41088K(74240K)->43680K(74752K)
[10.549s][info][gc,heap        ] GC(172) ParOldGen: 1602376K(1752576K)->1623128K(1752576K)
[10.549s][info][gc,metaspace   ] GC(172) Metaspace: 6302K(6528K)->6302K(6528K) NonClass: 5769K(5888K)->5769K(5888K) Class: 533K(640K)->533K(640K)
[10.549s][info][gc             ] GC(172) Pause Young (Allocation Failure) 1627M->1627M(1807M) 34.494ms
[10.549s][info][gc,cpu         ] GC(172) User=0.17s Sys=0.00s Real=0.04s
[10.575s][info][gc,start       ] GC(173) Pause Young (Allocation Failure)
[10.614s][info][gc,heap        ] GC(173) PSYoungGen: 66720K(97792K)->46208K(99840K) Eden: 23040K(23040K)->0K(25600K) From: 43680K(74752K)->46208K(74240K)
[10.614s][info][gc,heap        ] GC(173) ParOldGen: 1623128K(1752576K)->1643880K(1752576K)
[10.614s][info][gc,metaspace   ] GC(173) Metaspace: 6302K(6528K)->6302K(6528K) NonClass: 5769K(5888K)->5769K(5888K) Class: 533K(640K)->533K(640K)
[10.614s][info][gc             ] GC(173) Pause Young (Allocation Failure) 1650M->1650M(1809M) 39.501ms
[10.614s][info][gc,cpu         ] GC(173) User=0.09s Sys=0.00s Real=0.04s
[10.642s][info][gc,start       ] GC(174) Pause Young (Allocation Failure)
[10.680s][info][gc,heap        ] GC(174) PSYoungGen: 71808K(99840K)->48800K(99840K) Eden: 25600K(25600K)->0K(25600K) From: 46208K(74240K)->48800K(74240K)
[10.680s][info][gc,heap        ] GC(174) ParOldGen: 1643880K(1752576K)->1667224K(1752576K)
[10.680s][info][gc,metaspace   ] GC(174) Metaspace: 6302K(6528K)->6302K(6528K) NonClass: 5769K(5888K)->5769K(5888K) Class: 533K(640K)->533K(640K)
[10.680s][info][gc             ] GC(174) Pause Young (Allocation Failure) 1675M->1675M(1809M) 38.076ms
[10.680s][info][gc,cpu         ] GC(174) User=0.16s Sys=0.00s Real=0.04s
[10.708s][info][gc,start       ] GC(175) Pause Young (Allocation Failure)
[10.750s][info][gc,heap        ] GC(175) PSYoungGen: 74400K(99840K)->51392K(102400K) Eden: 25600K(25600K)->0K(27136K) From: 48800K(74240K)->51392K(75264K)
[10.750s][info][gc,heap        ] GC(175) ParOldGen: 1667224K(1752576K)->1690576K(1752576K)
[10.750s][info][gc,metaspace   ] GC(175) Metaspace: 6302K(6528K)->6302K(6528K) NonClass: 5769K(5888K)->5769K(5888K) Class: 533K(640K)->533K(640K)
[10.750s][info][gc             ] GC(175) Pause Young (Allocation Failure) 1700M->1701M(1811M) 42.320ms
[10.750s][info][gc,cpu         ] GC(175) User=0.16s Sys=0.00s Real=0.04s
[10.780s][info][gc,start       ] GC(176) Pause Young (Allocation Failure)
[10.821s][info][gc,heap        ] GC(176) PSYoungGen: 78528K(102400K)->52928K(103936K) Eden: 27136K(27136K)->0K(27136K) From: 51392K(75264K)->52928K(76800K)
[10.821s][info][gc,heap        ] GC(176) ParOldGen: 1690576K(1752576K)->1716528K(1752576K)
[10.821s][info][gc,metaspace   ] GC(176) Metaspace: 6302K(6528K)->6302K(6528K) NonClass: 5769K(5888K)->5769K(5888K) Class: 533K(640K)->533K(640K)
[10.821s][info][gc             ] GC(176) Pause Young (Allocation Failure) 1727M->1727M(1813M) 40.736ms
[10.821s][info][gc,cpu         ] GC(176) User=0.25s Sys=0.02s Real=0.04s
[10.821s][info][gc,start       ] GC(177) Pause Full (Ergonomics)
[10.821s][info][gc,phases,start] GC(177) Marking Phase
[11.208s][info][gc,phases      ] GC(177) Marking Phase 387.110ms
[11.208s][info][gc,phases,start] GC(177) Summary Phase
[11.208s][info][gc,phases      ] GC(177) Summary Phase 0.037ms
[11.208s][info][gc,phases,start] GC(177) Adjust Roots
[11.208s][info][gc,phases      ] GC(177) Adjust Roots 0.222ms
[11.208s][info][gc,phases,start] GC(177) Compaction Phase
[11.705s][info][gc,phases      ] GC(177) Compaction Phase 496.406ms
[11.705s][info][gc,phases,start] GC(177) Post Compact
[11.708s][info][gc,phases      ] GC(177) Post Compact 3.320ms
[11.709s][info][gc,heap        ] GC(177) PSYoungGen: 52928K(103936K)->14866K(103936K) Eden: 0K(27136K)->0K(27136K) From: 52928K(76800K)->14866K(76800K)
[11.709s][info][gc,heap        ] GC(177) ParOldGen: 1716528K(1752576K)->1752382K(1933312K)
[11.709s][info][gc,metaspace   ] GC(177) Metaspace: 6302K(6528K)->6302K(6528K) NonClass: 5769K(5888K)->5769K(5888K) Class: 533K(640K)->533K(640K)
[11.709s][info][gc             ] GC(177) Pause Full (Ergonomics) 1727M->1725M(1989M) 888.121ms
[11.709s][info][gc,cpu         ] GC(177) User=6.31s Sys=0.03s Real=0.89s
[11.739s][info][gc,start       ] GC(178) Pause Young (Allocation Failure)
[11.835s][info][gc,heap        ] GC(178) PSYoungGen: 42002K(103936K)->36448K(100864K) Eden: 27136K(27136K)->0K(29696K) From: 14866K(76800K)->36448K(71168K)
[11.835s][info][gc,heap        ] GC(178) ParOldGen: 1752382K(1933312K)->1758214K(1933312K)
[11.835s][info][gc,metaspace   ] GC(178) Metaspace: 6302K(6528K)->6302K(6528K) NonClass: 5769K(5888K)->5769K(5888K) Class: 533K(640K)->533K(640K)
[11.835s][info][gc             ] GC(178) Pause Young (Allocation Failure) 1752M->1752M(1986M) 95.921ms
[11.835s][info][gc,cpu         ] GC(178) User=0.58s Sys=0.05s Real=0.10s
[11.867s][info][gc,start       ] GC(179) Pause Young (Allocation Failure)
[11.905s][info][gc,heap        ] GC(179) PSYoungGen: 66144K(100864K)->66176K(104960K) Eden: 29696K(29696K)->0K(29696K) From: 36448K(71168K)->66176K(75264K)
[11.905s][info][gc,heap        ] GC(179) ParOldGen: 1758214K(1933312K)->1758214K(1933312K)
[11.905s][info][gc,metaspace   ] GC(179) Metaspace: 6302K(6528K)->6302K(6528K) NonClass: 5769K(5888K)->5769K(5888K) Class: 533K(640K)->533K(640K)
[11.906s][info][gc             ] GC(179) Pause Young (Allocation Failure) 1781M->1781M(1990M) 38.751ms
[11.906s][info][gc,cpu         ] GC(179) User=0.16s Sys=0.00s Real=0.04s
[11.935s][info][gc,start       ] GC(180) Pause Young (Allocation Failure)
[11.985s][info][gc,heap        ] GC(180) PSYoungGen: 95872K(104960K)->81408K(98304K) Eden: 29696K(29696K)->0K(16896K) From: 66176K(75264K)->81408K(81408K)
[11.985s][info][gc,heap        ] GC(180) ParOldGen: 1758214K(1933312K)->1772758K(1933312K)
[11.985s][info][gc,metaspace   ] GC(180) Metaspace: 6302K(6528K)->6302K(6528K) NonClass: 5769K(5888K)->5769K(5888K) Class: 533K(640K)->533K(640K)
[11.985s][info][gc             ] GC(180) Pause Young (Allocation Failure) 1810M->1810M(1984M) 49.586ms
[11.985s][info][gc,cpu         ] GC(180) User=0.19s Sys=0.09s Real=0.05s
[12.004s][info][gc,start       ] GC(181) Pause Young (Allocation Failure)
[12.052s][info][gc,heap        ] GC(181) PSYoungGen: 98304K(98304K)->67072K(114176K) Eden: 16896K(16896K)->0K(16896K) From: 81408K(81408K)->67072K(97280K)
[12.052s][info][gc,heap        ] GC(181) ParOldGen: 1772758K(1933312K)->1804502K(1933312K)
[12.052s][info][gc,metaspace   ] GC(181) Metaspace: 6302K(6528K)->6302K(6528K) NonClass: 5769K(5888K)->5769K(5888K) Class: 533K(640K)->533K(640K)
[12.052s][info][gc             ] GC(181) Pause Young (Allocation Failure) 1827M->1827M(1999M) 48.744ms
[12.053s][info][gc,cpu         ] GC(181) User=0.27s Sys=0.00s Real=0.05s
[12.073s][info][gc,start       ] GC(182) Pause Young (Allocation Failure)
[12.116s][info][gc,heap        ] GC(182) PSYoungGen: 83968K(114176K)->60512K(117760K) Eden: 16896K(16896K)->0K(19456K) From: 67072K(97280K)->60512K(98304K)
[12.116s][info][gc,heap        ] GC(182) ParOldGen: 1804502K(1933312K)->1828246K(1933312K)
[12.116s][info][gc,metaspace   ] GC(182) Metaspace: 6302K(6528K)->6302K(6528K) NonClass: 5769K(5888K)->5769K(5888K) Class: 533K(640K)->533K(640K)
[12.116s][info][gc             ] GC(182) Pause Young (Allocation Failure) 1844M->1844M(2003M) 43.580ms
[12.116s][info][gc,cpu         ] GC(182) User=0.27s Sys=0.00s Real=0.04s
[12.139s][info][gc,start       ] GC(183) Pause Young (Allocation Failure)
[12.181s][info][gc,heap        ] GC(183) PSYoungGen: 79968K(117760K)->53376K(73216K) Eden: 19456K(19456K)->0K(19456K) From: 60512K(98304K)->53376K(53760K)
[12.181s][info][gc,heap        ] GC(183) ParOldGen: 1828246K(1933312K)->1855174K(1933312K)
[12.181s][info][gc,metaspace   ] GC(183) Metaspace: 6302K(6528K)->6302K(6528K) NonClass: 5769K(5888K)->5769K(5888K) Class: 533K(640K)->533K(640K)
[12.181s][info][gc             ] GC(183) Pause Young (Allocation Failure) 1863M->1863M(1959M) 41.800ms
[12.181s][info][gc,cpu         ] GC(183) User=0.25s Sys=0.02s Real=0.04s
[12.202s][info][gc,start       ] GC(184) Pause Young (Allocation Failure)
[12.245s][info][gc,heap        ] GC(184) PSYoungGen: 72832K(73216K)->55936K(111616K) Eden: 19456K(19456K)->0K(22016K) From: 53376K(53760K)->55936K(89600K)
[12.245s][info][gc,heap        ] GC(184) ParOldGen: 1855174K(1933312K)->1872318K(1933312K)
[12.245s][info][gc,metaspace   ] GC(184) Metaspace: 6302K(6528K)->6302K(6528K) NonClass: 5769K(5888K)->5769K(5888K) Class: 533K(640K)->533K(640K)
[12.245s][info][gc             ] GC(184) Pause Young (Allocation Failure) 1882M->1883M(1997M) 42.903ms
[12.245s][info][gc,cpu         ] GC(184) User=0.23s Sys=0.02s Real=0.04s
[12.270s][info][gc,start       ] GC(185) Pause Young (Allocation Failure)
[12.312s][info][gc,heap        ] GC(185) PSYoungGen: 77952K(111616K)->41600K(114176K) Eden: 22016K(22016K)->0K(22016K) From: 55936K(89600K)->41600K(92160K)
[12.312s][info][gc,heap        ] GC(185) ParOldGen: 1872318K(1933312K)->1909142K(1933312K)
[12.313s][info][gc,metaspace   ] GC(185) Metaspace: 6302K(6528K)->6302K(6528K) NonClass: 5769K(5888K)->5769K(5888K) Class: 533K(640K)->533K(640K)
[12.313s][info][gc             ] GC(185) Pause Young (Allocation Failure) 1904M->1905M(1999M) 42.619ms
[12.313s][info][gc,cpu         ] GC(185) User=0.22s Sys=0.02s Real=0.04s
[12.313s][info][gc,start       ] GC(186) Pause Full (Ergonomics)
[12.313s][info][gc,phases,start] GC(186) Marking Phase
[12.740s][info][gc,phases      ] GC(186) Marking Phase 427.177ms
[12.740s][info][gc,phases,start] GC(186) Summary Phase
[12.740s][info][gc,phases      ] GC(186) Summary Phase 0.046ms
[12.740s][info][gc,phases,start] GC(186) Adjust Roots
[12.740s][info][gc,phases      ] GC(186) Adjust Roots 0.175ms
[12.740s][info][gc,phases,start] GC(186) Compaction Phase
[12.928s][info][gc,phases      ] GC(186) Compaction Phase 187.594ms
[12.928s][info][gc,phases,start] GC(186) Post Compact
[12.931s][info][gc,phases      ] GC(186) Post Compact 3.533ms
[12.932s][info][gc,heap        ] GC(186) PSYoungGen: 41600K(114176K)->15353K(114176K) Eden: 0K(22016K)->0K(22016K) From: 41600K(92160K)->15353K(92160K)
[12.932s][info][gc,heap        ] GC(186) ParOldGen: 1909142K(1933312K)->1932899K(2134016K)
[12.932s][info][gc,metaspace   ] GC(186) Metaspace: 6302K(6528K)->6302K(6528K) NonClass: 5769K(5888K)->5769K(5888K) Class: 533K(640K)->533K(640K)
[12.932s][info][gc             ] GC(186) Pause Full (Ergonomics) 1905M->1902M(2195M) 619.587ms
[12.932s][info][gc,cpu         ] GC(186) User=4.44s Sys=0.03s Real=0.62s
[12.959s][info][gc,start       ] GC(187) Pause Young (Allocation Failure)
[13.058s][info][gc,heap        ] GC(187) PSYoungGen: 37369K(114176K)->22176K(114176K) Eden: 22016K(22016K)->0K(24064K) From: 15353K(92160K)->22176K(90112K)
[13.058s][info][gc,heap        ] GC(187) ParOldGen: 1932899K(2134016K)->1948475K(2134016K)
[13.058s][info][gc,metaspace   ] GC(187) Metaspace: 6302K(6528K)->6302K(6528K) NonClass: 5769K(5888K)->5769K(5888K) Class: 533K(640K)->533K(640K)
[13.058s][info][gc             ] GC(187) Pause Young (Allocation Failure) 1924M->1924M(2195M) 99.017ms
[13.058s][info][gc,cpu         ] GC(187) User=0.58s Sys=0.06s Real=0.10s
[13.088s][info][gc,start       ] GC(188) Pause Young (Allocation Failure)
[13.121s][info][gc,heap        ] GC(188) PSYoungGen: 46240K(114176K)->24160K(115200K) Eden: 24064K(24064K)->0K(24064K) From: 22176K(90112K)->24160K(91136K)
[13.121s][info][gc,heap        ] GC(188) ParOldGen: 1948475K(2134016K)->1970811K(2134016K)
[13.121s][info][gc,metaspace   ] GC(188) Metaspace: 6302K(6528K)->6302K(6528K) NonClass: 5769K(5888K)->5769K(5888K) Class: 533K(640K)->533K(640K)
[13.121s][info][gc             ] GC(188) Pause Young (Allocation Failure) 1947M->1948M(2196M) 32.882ms
[13.121s][info][gc,cpu         ] GC(188) User=0.09s Sys=0.00s Real=0.03s
[13.151s][info][gc,start       ] GC(189) Pause Young (Allocation Failure)
[13.185s][info][gc,heap        ] GC(189) PSYoungGen: 48224K(115200K)->24256K(115712K) Eden: 24064K(24064K)->0K(27136K) From: 24160K(91136K)->24256K(88576K)
[13.185s][info][gc,heap        ] GC(189) ParOldGen: 1970811K(2134016K)->1995203K(2134016K)
[13.185s][info][gc,metaspace   ] GC(189) Metaspace: 6302K(6528K)->6302K(6528K) NonClass: 5769K(5888K)->5769K(5888K) Class: 533K(640K)->533K(640K)
[13.185s][info][gc             ] GC(189) Pause Young (Allocation Failure) 1971M->1972M(2197M) 34.122ms
[13.185s][info][gc,cpu         ] GC(189) User=0.14s Sys=0.02s Real=0.04s
[13.219s][info][gc,start       ] GC(190) Pause Young (Allocation Failure)
[13.253s][info][gc,heap        ] GC(190) PSYoungGen: 51392K(115712K)->27264K(116736K) Eden: 27136K(27136K)->0K(27136K) From: 24256K(88576K)->27264K(89600K)
[13.253s][info][gc,heap        ] GC(190) ParOldGen: 1995203K(2134016K)->2019611K(2134016K)
[13.253s][info][gc,metaspace   ] GC(190) Metaspace: 6302K(6528K)->6302K(6528K) NonClass: 5769K(5888K)->5769K(5888K) Class: 533K(640K)->533K(640K)
[13.253s][info][gc             ] GC(190) Pause Young (Allocation Failure) 1998M->1998M(2198M) 34.814ms
[13.253s][info][gc,cpu         ] GC(190) User=0.17s Sys=0.00s Real=0.04s
[13.281s][info][gc,start       ] GC(191) Pause Young (Allocation Failure)
[13.315s][info][gc,heap        ] GC(191) PSYoungGen: 54400K(116736K)->27296K(113664K) Eden: 27136K(27136K)->0K(30208K) From: 27264K(89600K)->27296K(83456K)
[13.316s][info][gc,heap        ] GC(191) ParOldGen: 2019611K(2134016K)->2047139K(2134016K)
[13.316s][info][gc,metaspace   ] GC(191) Metaspace: 6302K(6528K)->6302K(6528K) NonClass: 5769K(5888K)->5769K(5888K) Class: 533K(640K)->533K(640K)
[13.316s][info][gc             ] GC(191) Pause Young (Allocation Failure) 2025M->2025M(2195M) 34.777ms
[13.316s][info][gc,cpu         ] GC(191) User=0.11s Sys=0.05s Real=0.04s
[13.347s][info][gc,start       ] GC(192) Pause Young (Allocation Failure)
[13.382s][info][gc,heap        ] GC(192) PSYoungGen: 57504K(113664K)->30432K(115712K) Eden: 30208K(30208K)->0K(30208K) From: 27296K(83456K)->30432K(85504K)
[13.382s][info][gc,heap        ] GC(192) ParOldGen: 2047139K(2134016K)->2074651K(2134016K)
[13.382s][info][gc,metaspace   ] GC(192) Metaspace: 6302K(6528K)->6302K(6528K) NonClass: 5769K(5888K)->5769K(5888K) Class: 533K(640K)->533K(640K)
[13.382s][info][gc             ] GC(192) Pause Young (Allocation Failure) 2055M->2055M(2197M) 35.159ms
[13.382s][info][gc,cpu         ] GC(192) User=0.14s Sys=0.00s Real=0.04s
[13.413s][info][gc,start       ] GC(193) Pause Young (Allocation Failure)
[13.449s][info][gc,heap        ] GC(193) PSYoungGen: 60640K(115712K)->30336K(110592K) Eden: 30208K(30208K)->0K(33792K) From: 30432K(85504K)->30336K(76800K)
[13.449s][info][gc,heap        ] GC(193) ParOldGen: 2074651K(2134016K)->2105275K(2134016K)
[13.449s][info][gc,metaspace   ] GC(193) Metaspace: 6302K(6528K)->6302K(6528K) NonClass: 5769K(5888K)->5769K(5888K) Class: 533K(640K)->533K(640K)
[13.449s][info][gc             ] GC(193) Pause Young (Allocation Failure) 2085M->2085M(2192M) 36.551ms
[13.449s][info][gc,cpu         ] GC(193) User=0.22s Sys=0.03s Real=0.04s
[13.449s][info][gc,start       ] GC(194) Pause Full (Ergonomics)
[13.449s][info][gc,phases,start] GC(194) Marking Phase
[13.925s][info][gc,phases      ] GC(194) Marking Phase 475.560ms
[13.925s][info][gc,phases,start] GC(194) Summary Phase
[13.925s][info][gc,phases      ] GC(194) Summary Phase 0.044ms
[13.925s][info][gc,phases,start] GC(194) Adjust Roots
[13.925s][info][gc,phases      ] GC(194) Adjust Roots 0.174ms
[13.925s][info][gc,phases,start] GC(194) Compaction Phase
[14.113s][info][gc,phases      ] GC(194) Compaction Phase 188.051ms
[14.113s][info][gc,phases,start] GC(194) Post Compact
[14.118s][info][gc,phases      ] GC(194) Post Compact 4.160ms
[14.119s][info][gc,heap        ] GC(194) PSYoungGen: 30336K(110592K)->0K(113664K) Eden: 0K(33792K)->0K(33792K) From: 30336K(76800K)->0K(79872K)
[14.119s][info][gc,heap        ] GC(194) ParOldGen: 2105275K(2134016K)->2132875K(2350592K)
[14.119s][info][gc,metaspace   ] GC(194) Metaspace: 6302K(6528K)->6302K(6528K) NonClass: 5769K(5888K)->5769K(5888K) Class: 533K(640K)->533K(640K)
[14.119s][info][gc             ] GC(194) Pause Full (Ergonomics) 2085M->2082M(2406M) 669.577ms
[14.119s][info][gc,cpu         ] GC(194) User=4.89s Sys=0.05s Real=0.67s
[14.157s][info][gc,start       ] GC(195) Pause Young (Allocation Failure)
[14.186s][info][gc,heap        ] GC(195) PSYoungGen: 33792K(113664K)->33984K(108544K) Eden: 33792K(33792K)->0K(36864K) From: 0K(79872K)->33984K(71680K)
[14.186s][info][gc,heap        ] GC(195) ParOldGen: 2132875K(2350592K)->2132875K(2350592K)
[14.186s][info][gc,metaspace   ] GC(195) Metaspace: 6302K(6528K)->6302K(6528K) NonClass: 5769K(5888K)->5769K(5888K) Class: 533K(640K)->533K(640K)
[14.186s][info][gc             ] GC(195) Pause Young (Allocation Failure) 2115M->2116M(2401M) 28.421ms
[14.186s][info][gc,cpu         ] GC(195) User=0.03s Sys=0.00s Real=0.03s
[14.228s][info][gc,start       ] GC(196) Pause Young (Allocation Failure)
[14.267s][info][gc,heap        ] GC(196) PSYoungGen: 70848K(108544K)->70848K(113152K) Eden: 36864K(36864K)->0K(36864K) From: 33984K(71680K)->70848K(76288K)
[14.267s][info][gc,heap        ] GC(196) ParOldGen: 2132875K(2350592K)->2132875K(2350592K)
[14.267s][info][gc,metaspace   ] GC(196) Metaspace: 6302K(6528K)->6302K(6528K) NonClass: 5769K(5888K)->5769K(5888K) Class: 533K(640K)->533K(640K)
[14.267s][info][gc             ] GC(196) Pause Young (Allocation Failure) 2152M->2152M(2406M) 38.985ms
[14.267s][info][gc,cpu         ] GC(196) User=0.25s Sys=0.00s Real=0.04s
[14.314s][info][gc,start       ] GC(197) Pause Young (Allocation Failure)
[14.369s][info][gc,heap        ] GC(197) PSYoungGen: 107712K(113152K)->84992K(105472K) Eden: 36864K(36864K)->0K(20480K) From: 70848K(76288K)->84992K(84992K)
[14.369s][info][gc,heap        ] GC(197) ParOldGen: 2132875K(2350592K)->2155779K(2350592K)
[14.370s][info][gc,metaspace   ] GC(197) Metaspace: 6302K(6528K)->6302K(6528K) NonClass: 5769K(5888K)->5769K(5888K) Class: 533K(640K)->533K(640K)
[14.370s][info][gc             ] GC(197) Pause Young (Allocation Failure) 2188M->2188M(2398M) 55.684ms
[14.370s][info][gc,cpu         ] GC(197) User=0.28s Sys=0.09s Real=0.06s
[14.396s][info][gc,start       ] GC(198) Pause Young (Allocation Failure)
[14.449s][info][gc,heap        ] GC(198) PSYoungGen: 105472K(105472K)->51072K(71680K) Eden: 20480K(20480K)->0K(20480K) From: 84992K(84992K)->51072K(51200K)
[14.449s][info][gc,heap        ] GC(198) ParOldGen: 2155779K(2350592K)->2211035K(2350592K)
[14.449s][info][gc,metaspace   ] GC(198) Metaspace: 6302K(6528K)->6302K(6528K) NonClass: 5769K(5888K)->5769K(5888K) Class: 533K(640K)->533K(640K)
[14.449s][info][gc             ] GC(198) Pause Young (Allocation Failure) 2208M->2209M(2365M) 53.098ms
[14.449s][info][gc,cpu         ] GC(198) User=0.34s Sys=0.03s Real=0.05s
[14.472s][info][gc,start       ] GC(199) Pause Young (Allocation Failure)
[14.512s][info][gc,heap        ] GC(199) PSYoungGen: 71552K(71680K)->41088K(115712K) Eden: 20480K(20480K)->0K(23040K) From: 51072K(51200K)->41088K(92672K)
[14.512s][info][gc,heap        ] GC(199) ParOldGen: 2211035K(2350592K)->2241883K(2350592K)
[14.512s][info][gc,metaspace   ] GC(199) Metaspace: 6302K(6528K)->6302K(6528K) NonClass: 5769K(5888K)->5769K(5888K) Class: 533K(640K)->533K(640K)
[14.512s][info][gc             ] GC(199) Pause Young (Allocation Failure) 2229M->2229M(2408M) 40.048ms
[14.512s][info][gc,cpu         ] GC(199) User=0.23s Sys=0.02s Real=0.04s
[14.538s][info][gc,start       ] GC(200) Pause Young (Allocation Failure)
[14.576s][info][gc,heap        ] GC(200) PSYoungGen: 64128K(115712K)->43680K(67072K) Eden: 23040K(23040K)->0K(23040K) From: 41088K(92672K)->43680K(44032K)
[14.576s][info][gc,heap        ] GC(200) ParOldGen: 2241883K(2350592K)->2262619K(2350592K)
[14.576s][info][gc,metaspace   ] GC(200) Metaspace: 6302K(6528K)->6302K(6528K) NonClass: 5769K(5888K)->5769K(5888K) Class: 533K(640K)->533K(640K)
[14.576s][info][gc             ] GC(200) Pause Young (Allocation Failure) 2251M->2252M(2361M) 37.446ms
[14.576s][info][gc,cpu         ] GC(200) User=0.16s Sys=0.00s Real=0.04s
[14.602s][info][gc,start       ] GC(201) Pause Young (Allocation Failure)
[14.640s][info][gc,heap        ] GC(201) PSYoungGen: 66720K(67072K)->46208K(110080K) Eden: 23040K(23040K)->0K(26112K) From: 43680K(44032K)->46208K(83968K)
[14.640s][info][gc,heap        ] GC(201) ParOldGen: 2262619K(2350592K)->2283283K(2350592K)
[14.640s][info][gc,metaspace   ] GC(201) Metaspace: 6302K(6528K)->6302K(6528K) NonClass: 5769K(5888K)->5769K(5888K) Class: 533K(640K)->533K(640K)
[14.640s][info][gc             ] GC(201) Pause Young (Allocation Failure) 2274M->2274M(2403M) 37.836ms
[14.640s][info][gc,cpu         ] GC(201) User=0.16s Sys=0.02s Real=0.04s
[14.671s][info][gc,start       ] GC(202) Pause Young (Allocation Failure)
[14.711s][info][gc,heap        ] GC(202) PSYoungGen: 72320K(110080K)->49312K(114176K) Eden: 26112K(26112K)->0K(26112K) From: 46208K(83968K)->49312K(88064K)
[14.711s][info][gc,heap        ] GC(202) ParOldGen: 2283283K(2350592K)->2306531K(2350592K)
[14.711s][info][gc,metaspace   ] GC(202) Metaspace: 6302K(6528K)->6302K(6528K) NonClass: 5769K(5888K)->5769K(5888K) Class: 533K(640K)->533K(640K)
[14.711s][info][gc             ] GC(202) Pause Young (Allocation Failure) 2300M->2300M(2407M) 40.188ms
[14.711s][info][gc,cpu         ] GC(202) User=0.20s Sys=0.03s Real=0.04s
[14.741s][info][gc,start       ] GC(203) Pause Young (Allocation Failure)
[14.783s][info][gc,heap        ] GC(203) PSYoungGen: 75424K(114176K)->52384K(110592K) Eden: 26112K(26112K)->0K(29696K) From: 49312K(88064K)->52384K(80896K)
[14.783s][info][gc,heap        ] GC(203) ParOldGen: 2306531K(2350592K)->2329779K(2350592K)
[14.783s][info][gc,metaspace   ] GC(203) Metaspace: 6302K(6528K)->6302K(6528K) NonClass: 5769K(5888K)->5769K(5888K) Class: 533K(640K)->533K(640K)
[14.783s][info][gc             ] GC(203) Pause Young (Allocation Failure) 2326M->2326M(2403M) 41.774ms
[14.783s][info][gc,cpu         ] GC(203) User=0.23s Sys=0.02s Real=0.04s
[14.783s][info][gc,start       ] GC(204) Pause Full (Ergonomics)
[14.783s][info][gc,phases,start] GC(204) Marking Phase
[15.320s][info][gc,phases      ] GC(204) Marking Phase 536.314ms
[15.320s][info][gc,phases,start] GC(204) Summary Phase
[15.320s][info][gc,phases      ] GC(204) Summary Phase 0.050ms
[15.320s][info][gc,phases,start] GC(204) Adjust Roots
[15.320s][info][gc,phases      ] GC(204) Adjust Roots 0.168ms
[15.320s][info][gc,phases,start] GC(204) Compaction Phase
[15.517s][info][gc,phases      ] GC(204) Compaction Phase 196.958ms
[15.517s][info][gc,phases,start] GC(204) Post Compact
[15.521s][info][gc,phases      ] GC(204) Post Compact 4.088ms
[15.522s][info][gc,heap        ] GC(204) PSYoungGen: 52384K(110592K)->29160K(112640K) Eden: 0K(29696K)->0K(31744K) From: 52384K(80896K)->29160K(80896K)
[15.522s][info][gc,heap        ] GC(204) ParOldGen: 2329779K(2350592K)->2350212K(2586112K)
[15.522s][info][gc,metaspace   ] GC(204) Metaspace: 6302K(6528K)->6302K(6528K) NonClass: 5769K(5888K)->5769K(5888K) Class: 533K(640K)->533K(640K)
[15.522s][info][gc             ] GC(204) Pause Full (Ergonomics) 2326M->2323M(2635M) 738.705ms
[15.522s][info][gc,cpu         ] GC(204) User=5.48s Sys=0.06s Real=0.74s
[15.557s][info][gc,start       ] GC(205) Pause Young (Allocation Failure)
[15.688s][info][gc,heap        ] GC(205) PSYoungGen: 60904K(112640K)->46528K(114688K) Eden: 31744K(31744K)->0K(31744K) From: 29160K(80896K)->46528K(82944K)
[15.688s][info][gc,heap        ] GC(205) ParOldGen: 2350212K(2586112K)->2364948K(2586112K)
[15.688s][info][gc,metaspace   ] GC(205) Metaspace: 6302K(6528K)->6302K(6528K) NonClass: 5769K(5888K)->5769K(5888K) Class: 533K(640K)->533K(640K)
[15.688s][info][gc             ] GC(205) Pause Young (Allocation Failure) 2354M->2354M(2637M) 130.367ms
[15.688s][info][gc,cpu         ] GC(205) User=0.78s Sys=0.00s Real=0.13s
[15.730s][info][gc,start       ] GC(206) Pause Young (Allocation Failure)
[15.774s][info][gc,heap        ] GC(206) PSYoungGen: 78272K(114688K)->78336K(106496K) Eden: 31744K(31744K)->0K(26624K) From: 46528K(82944K)->78336K(79872K)
[15.774s][info][gc,heap        ] GC(206) ParOldGen: 2364948K(2586112K)->2364948K(2586112K)
[15.774s][info][gc,metaspace   ] GC(206) Metaspace: 6302K(6528K)->6302K(6528K) NonClass: 5769K(5888K)->5769K(5888K) Class: 533K(640K)->533K(640K)
[15.774s][info][gc             ] GC(206) Pause Young (Allocation Failure) 2385M->2386M(2629M) 44.845ms
[15.774s][info][gc,cpu         ] GC(206) User=0.20s Sys=0.03s Real=0.05s
[15.807s][info][gc,start       ] GC(207) Pause Young (Allocation Failure)
[15.862s][info][gc,heap        ] GC(207) PSYoungGen: 104960K(106496K)->88064K(114688K) Eden: 26624K(26624K)->0K(26624K) From: 78336K(79872K)->88064K(88064K)
[15.862s][info][gc,heap        ] GC(207) ParOldGen: 2364948K(2586112K)->2381844K(2586112K)
[15.862s][info][gc,metaspace   ] GC(207) Metaspace: 6302K(6528K)->6302K(6528K) NonClass: 5769K(5888K)->5769K(5888K) Class: 533K(640K)->533K(640K)
[15.862s][info][gc             ] GC(207) Pause Young (Allocation Failure) 2412M->2412M(2637M) 54.977ms
[15.862s][info][gc,cpu         ] GC(207) User=0.38s Sys=0.00s Real=0.06s
[15.895s][info][gc,start       ] GC(208) Pause Young (Allocation Failure)
[15.955s][info][gc,heap        ] GC(208) PSYoungGen: 114688K(114688K)->77248K(131072K) Eden: 26624K(26624K)->0K(26624K) From: 88064K(88064K)->77248K(104448K)
[15.955s][info][gc,heap        ] GC(208) ParOldGen: 2381844K(2586112K)->2419740K(2586112K)
[15.955s][info][gc,metaspace   ] GC(208) Metaspace: 6302K(6528K)->6302K(6528K) NonClass: 5769K(5888K)->5769K(5888K) Class: 533K(640K)->533K(640K)
[15.955s][info][gc             ] GC(208) Pause Young (Allocation Failure) 2438M->2438M(2653M) 60.193ms
[15.955s][info][gc,cpu         ] GC(208) User=0.31s Sys=0.05s Real=0.06s
[15.986s][info][gc,start       ] GC(209) Pause Young (Allocation Failure)
[16.040s][info][gc,heap        ] GC(209) PSYoungGen: 103872K(131072K)->76960K(134144K) Eden: 26624K(26624K)->0K(26624K) From: 77248K(104448K)->76960K(107520K)
[16.040s][info][gc,heap        ] GC(209) ParOldGen: 2419740K(2586112K)->2446948K(2586112K)
[16.040s][info][gc,metaspace   ] GC(209) Metaspace: 6302K(6528K)->6302K(6528K) NonClass: 5769K(5888K)->5769K(5888K) Class: 533K(640K)->533K(640K)
[16.040s][info][gc             ] GC(209) Pause Young (Allocation Failure) 2464M->2464M(2656M) 54.363ms
[16.040s][info][gc,cpu         ] GC(209) User=0.34s Sys=0.00s Real=0.05s
[16.071s][info][gc,start       ] GC(210) Pause Young (Allocation Failure)
[16.126s][info][gc,heap        ] GC(210) PSYoungGen: 103584K(134144K)->80064K(137728K) Eden: 26624K(26624K)->0K(28160K) From: 76960K(107520K)->80064K(109568K)
[16.126s][info][gc,heap        ] GC(210) ParOldGen: 2446948K(2586112K)->2470620K(2586112K)
[16.126s][info][gc,metaspace   ] GC(210) Metaspace: 6302K(6528K)->6302K(6528K) NonClass: 5769K(5888K)->5769K(5888K) Class: 533K(640K)->533K(640K)
[16.126s][info][gc             ] GC(210) Pause Young (Allocation Failure) 2490M->2490M(2660M) 55.088ms
[16.126s][info][gc,cpu         ] GC(210) User=0.38s Sys=0.00s Real=0.06s
[16.159s][info][gc,start       ] GC(211) Pause Young (Allocation Failure)
[16.216s][info][gc,heap        ] GC(211) PSYoungGen: 108224K(137728K)->81600K(139776K) Eden: 28160K(28160K)->0K(28160K) From: 80064K(109568K)->81600K(111616K)
[16.216s][info][gc,heap        ] GC(211) ParOldGen: 2470620K(2586112K)->2497492K(2586112K)
[16.216s][info][gc,metaspace   ] GC(211) Metaspace: 6302K(6528K)->6302K(6528K) NonClass: 5769K(5888K)->5769K(5888K) Class: 533K(640K)->533K(640K)
[16.216s][info][gc             ] GC(211) Pause Young (Allocation Failure) 2518M->2518M(2662M) 57.001ms
[16.216s][info][gc,cpu         ] GC(211) User=0.38s Sys=0.00s Real=0.06s
[16.250s][info][gc,start       ] GC(212) Pause Young (Allocation Failure)
[16.309s][info][gc,heap        ] GC(212) PSYoungGen: 109760K(139776K)->83168K(143872K) Eden: 28160K(28160K)->0K(29696K) From: 81600K(111616K)->83168K(114176K)
[16.309s][info][gc,heap        ] GC(212) ParOldGen: 2497492K(2586112K)->2524348K(2586112K)
[16.309s][info][gc,metaspace   ] GC(212) Metaspace: 6302K(6528K)->6302K(6528K) NonClass: 5769K(5888K)->5769K(5888K) Class: 533K(640K)->533K(640K)
[16.309s][info][gc             ] GC(212) Pause Young (Allocation Failure) 2546M->2546M(2666M) 58.191ms
[16.309s][info][gc,cpu         ] GC(212) User=0.44s Sys=0.02s Real=0.06s
[16.344s][info][gc,start       ] GC(213) Pause Young (Allocation Failure)
[16.404s][info][gc,heap        ] GC(213) PSYoungGen: 112864K(143872K)->58016K(145920K) Eden: 29696K(29696K)->0K(29696K) From: 83168K(114176K)->58016K(116224K)
[16.404s][info][gc,heap        ] GC(213) ParOldGen: 2524348K(2586112K)->2579596K(2586112K)
[16.404s][info][gc,metaspace   ] GC(213) Metaspace: 6302K(6528K)->6302K(6528K) NonClass: 5769K(5888K)->5769K(5888K) Class: 533K(640K)->533K(640K)
[16.404s][info][gc             ] GC(213) Pause Young (Allocation Failure) 2575M->2575M(2668M) 60.312ms
[16.405s][info][gc,cpu         ] GC(213) User=0.47s Sys=0.03s Real=0.06s
[16.405s][info][gc,start       ] GC(214) Pause Full (Ergonomics)
[16.405s][info][gc,phases,start] GC(214) Marking Phase
[17.002s][info][gc,phases      ] GC(214) Marking Phase 597.820ms
[17.002s][info][gc,phases,start] GC(214) Summary Phase
[17.002s][info][gc,phases      ] GC(214) Summary Phase 0.037ms
[17.003s][info][gc,phases,start] GC(214) Adjust Roots
[17.003s][info][gc,phases      ] GC(214) Adjust Roots 0.173ms
[17.003s][info][gc,phases,start] GC(214) Compaction Phase
[17.216s][info][gc,phases      ] GC(214) Compaction Phase 213.702ms
[17.216s][info][gc,phases,start] GC(214) Post Compact
[17.221s][info][gc,phases      ] GC(214) Post Compact 4.593ms
[17.222s][info][gc,heap        ] GC(214) PSYoungGen: 58016K(145920K)->49104K(145920K) Eden: 0K(29696K)->0K(29696K) From: 58016K(116224K)->49104K(116224K)
[17.222s][info][gc,heap        ] GC(214) ParOldGen: 2579596K(2586112K)->2585992K(2852352K)
[17.222s][info][gc,metaspace   ] GC(214) Metaspace: 6302K(6528K)->6302K(6528K) NonClass: 5769K(5888K)->5769K(5888K) Class: 533K(640K)->533K(640K)
[17.222s][info][gc             ] GC(214) Pause Full (Ergonomics) 2575M->2573M(2928M) 817.707ms
[17.222s][info][gc,cpu         ] GC(214) User=6.22s Sys=0.06s Real=0.82s
[17.262s][info][gc,start       ] GC(215) Pause Young (Allocation Failure)
[17.410s][info][gc,heap        ] GC(215) PSYoungGen: 78800K(145920K)->29856K(145408K) Eden: 29696K(29696K)->0K(32768K) From: 49104K(116224K)->29856K(112640K)
[17.410s][info][gc,heap        ] GC(215) ParOldGen: 2585992K(2852352K)->2635576K(2852352K)
[17.410s][info][gc,metaspace   ] GC(215) Metaspace: 6302K(6528K)->6302K(6528K) NonClass: 5769K(5888K)->5769K(5888K) Class: 533K(640K)->533K(640K)
[17.410s][info][gc             ] GC(215) Pause Young (Allocation Failure) 2602M->2602M(2927M) 148.265ms
[17.410s][info][gc,cpu         ] GC(215) User=0.86s Sys=0.03s Real=0.15s
[17.451s][info][gc,start       ] GC(216) Pause Young (Allocation Failure)
[17.494s][info][gc,heap        ] GC(216) PSYoungGen: 62624K(145408K)->32896K(146432K) Eden: 32768K(32768K)->0K(32768K) From: 29856K(112640K)->32896K(113664K)
[17.494s][info][gc,heap        ] GC(216) ParOldGen: 2635576K(2852352K)->2665536K(2852352K)
[17.494s][info][gc,metaspace   ] GC(216) Metaspace: 6302K(6528K)->6302K(6528K) NonClass: 5769K(5888K)->5769K(5888K) Class: 533K(640K)->533K(640K)
[17.494s][info][gc             ] GC(216) Pause Young (Allocation Failure) 2634M->2635M(2928M) 43.140ms
[17.494s][info][gc,cpu         ] GC(216) User=0.25s Sys=0.00s Real=0.04s
[17.532s][info][gc,start       ] GC(217) Pause Young (Allocation Failure)
[17.574s][info][gc,heap        ] GC(217) PSYoungGen: 65664K(146432K)->32992K(147968K) Eden: 32768K(32768K)->0K(36352K) From: 32896K(113664K)->32992K(111616K)
[17.574s][info][gc,heap        ] GC(217) ParOldGen: 2665536K(2852352K)->2698608K(2852352K)
[17.574s][info][gc,metaspace   ] GC(217) Metaspace: 6302K(6528K)->6302K(6528K) NonClass: 5769K(5888K)->5769K(5888K) Class: 533K(640K)->533K(640K)
[17.574s][info][gc             ] GC(217) Pause Young (Allocation Failure) 2667M->2667M(2930M) 41.575ms
[17.574s][info][gc,cpu         ] GC(217) User=0.38s Sys=0.00s Real=0.04s
[17.618s][info][gc,start       ] GC(218) Pause Young (Allocation Failure)
[17.661s][info][gc,heap        ] GC(218) PSYoungGen: 69344K(147968K)->36480K(148992K) Eden: 36352K(36352K)->0K(36352K) From: 32992K(111616K)->36480K(112640K)
[17.661s][info][gc,heap        ] GC(218) ParOldGen: 2698608K(2852352K)->2731680K(2852352K)
[17.661s][info][gc,metaspace   ] GC(218) Metaspace: 6302K(6528K)->6302K(6528K) NonClass: 5769K(5888K)->5769K(5888K) Class: 533K(640K)->533K(640K)
[17.661s][info][gc             ] GC(218) Pause Young (Allocation Failure) 2703M->2703M(2931M) 43.144ms
[17.661s][info][gc,cpu         ] GC(218) User=0.25s Sys=0.00s Real=0.04s
[17.703s][info][gc,start       ] GC(219) Pause Young (Allocation Failure)
[17.751s][info][gc,heap        ] GC(219) PSYoungGen: 72832K(148992K)->36512K(145408K) Eden: 36352K(36352K)->0K(40448K) From: 36480K(112640K)->36512K(104960K)
[17.751s][info][gc,heap        ] GC(219) ParOldGen: 2731680K(2852352K)->2768360K(2852352K)
[17.751s][info][gc,metaspace   ] GC(219) Metaspace: 6302K(6528K)->6302K(6528K) NonClass: 5769K(5888K)->5769K(5888K) Class: 533K(640K)->533K(640K)
[17.751s][info][gc             ] GC(219) Pause Young (Allocation Failure) 2738M->2739M(2927M) 48.046ms
[17.752s][info][gc,cpu         ] GC(219) User=0.33s Sys=0.06s Real=0.05s
[18.358s][info][gc,start       ] GC(220) Pause Young (Allocation Failure)
[18.477s][info][gc,heap        ] GC(220) PSYoungGen: 76960K(145408K)->40640K(147968K) Eden: 40448K(40448K)->0K(40448K) From: 36512K(104960K)->40640K(107520K)
[18.477s][info][gc,heap        ] GC(220) ParOldGen: 2899432K(2983936K)->2936112K(2983936K)
[18.477s][info][gc,metaspace   ] GC(220) Metaspace: 6302K(6528K)->6302K(6528K) NonClass: 5769K(5888K)->5769K(5888K) Class: 533K(640K)->533K(640K)
[18.477s][info][gc             ] GC(220) Pause Young (Allocation Failure) 2906M->2906M(3058M) 118.788ms
[18.477s][info][gc,cpu         ] GC(220) User=0.61s Sys=0.00s Real=0.12s
[18.477s][info][gc,start       ] GC(221) Pause Full (Ergonomics)
[18.477s][info][gc,phases,start] GC(221) Marking Phase
[19.115s][info][gc,phases      ] GC(221) Marking Phase 638.459ms
[19.115s][info][gc,phases,start] GC(221) Summary Phase
[19.115s][info][gc,phases      ] GC(221) Summary Phase 0.067ms
[19.115s][info][gc,phases,start] GC(221) Adjust Roots
[19.116s][info][gc,phases      ] GC(221) Adjust Roots 0.159ms
[19.116s][info][gc,phases,start] GC(221) Compaction Phase
[19.572s][info][gc,phases      ] GC(221) Compaction Phase 456.422ms
[19.572s][info][gc,phases,start] GC(221) Post Compact
[19.578s][info][gc,phases      ] GC(221) Post Compact 5.741ms
[19.579s][info][gc,heap        ] GC(221) PSYoungGen: 40640K(147968K)->0K(148480K) Eden: 0K(40448K)->0K(44544K) From: 40640K(107520K)->0K(103936K)
[19.579s][info][gc,heap        ] GC(221) ParOldGen: 2936112K(2983936K)->2908830K(3201536K)
[19.579s][info][gc,metaspace   ] GC(221) Metaspace: 6302K(6528K)->6302K(6528K) NonClass: 5769K(5888K)->5769K(5888K) Class: 533K(640K)->533K(640K)
[19.579s][info][gc             ] GC(221) Pause Full (Ergonomics) 2906M->2840M(3271M) 1101.894ms
[19.579s][info][gc,cpu         ] GC(221) User=7.59s Sys=0.02s Real=1.10s
[19.631s][info][gc,start       ] GC(222) Pause Young (Allocation Failure)
[19.674s][info][gc,heap        ] GC(222) PSYoungGen: 44544K(148480K)->44736K(89600K) Eden: 44544K(44544K)->0K(44544K) From: 0K(103936K)->44736K(45056K)
[19.674s][info][gc,heap        ] GC(222) ParOldGen: 2908830K(3201536K)->2908830K(3201536K)
[19.674s][info][gc,metaspace   ] GC(222) Metaspace: 6302K(6528K)->6302K(6528K) NonClass: 5769K(5888K)->5769K(5888K) Class: 533K(640K)->533K(640K)
[19.674s][info][gc             ] GC(222) Pause Young (Allocation Failure) 2884M->2884M(3214M) 42.729ms
[19.674s][info][gc,cpu         ] GC(222) User=0.08s Sys=0.00s Real=0.04s
[19.722s][info][gc,start       ] GC(223) Pause Young (Allocation Failure)
[19.788s][info][gc,heap        ] GC(223) PSYoungGen: 89280K(89600K)->89344K(138240K) Eden: 44544K(44544K)->0K(38400K) From: 44736K(45056K)->89344K(99840K)
[19.788s][info][gc,heap        ] GC(223) ParOldGen: 2908830K(3201536K)->2908830K(3201536K)
[19.788s][info][gc,metaspace   ] GC(223) Metaspace: 6302K(6528K)->6302K(6528K) NonClass: 5769K(5888K)->5769K(5888K) Class: 533K(640K)->533K(640K)
[19.788s][info][gc             ] GC(223) Pause Young (Allocation Failure) 2927M->2927M(3261M) 66.013ms
[19.788s][info][gc,cpu         ] GC(223) User=0.17s Sys=0.00s Real=0.07s
[19.826s][info][gc,start       ] GC(224) Pause Young (Allocation Failure)
[19.895s][info][gc,heap        ] GC(224) PSYoungGen: 127744K(138240K)->109568K(147968K) Eden: 38400K(38400K)->0K(38400K) From: 89344K(99840K)->109568K(109568K)
[19.895s][info][gc,heap        ] GC(224) ParOldGen: 2908830K(3201536K)->2927094K(3201536K)
[19.895s][info][gc,metaspace   ] GC(224) Metaspace: 6302K(6528K)->6302K(6528K) NonClass: 5769K(5888K)->5769K(5888K) Class: 533K(640K)->533K(640K)
[19.895s][info][gc             ] GC(224) Pause Young (Allocation Failure) 2965M->2965M(3271M) 69.428ms
[19.895s][info][gc,cpu         ] GC(224) User=0.19s Sys=0.00s Real=0.07s
[19.934s][info][gc,start       ] GC(225) Pause Young (Allocation Failure)
[20.009s][info][gc,heap        ] GC(225) PSYoungGen: 147968K(147968K)->106656K(163840K) Eden: 38400K(38400K)->0K(32768K) From: 109568K(109568K)->106656K(131072K)
[20.009s][info][gc,heap        ] GC(225) ParOldGen: 2927094K(3201536K)->2968926K(3201536K)
[20.010s][info][gc,metaspace   ] GC(225) Metaspace: 6302K(6528K)->6302K(6528K) NonClass: 5769K(5888K)->5769K(5888K) Class: 533K(640K)->533K(640K)
[20.010s][info][gc             ] GC(225) Pause Young (Allocation Failure) 3002M->3003M(3286M) 75.513ms
[20.010s][info][gc,cpu         ] GC(225) User=0.39s Sys=0.02s Real=0.08s
[20.040s][info][gc,start       ] GC(226) Pause Young (Allocation Failure)
[20.112s][info][gc,heap        ] GC(226) PSYoungGen: 139424K(163840K)->94976K(173568K) Eden: 32768K(32768K)->0K(32768K) From: 106656K(131072K)->94976K(140800K)
[20.112s][info][gc,heap        ] GC(226) ParOldGen: 2968926K(3201536K)->3013790K(3201536K)
[20.112s][info][gc,metaspace   ] GC(226) Metaspace: 6302K(6528K)->6302K(6528K) NonClass: 5769K(5888K)->5769K(5888K) Class: 533K(640K)->533K(640K)
[20.112s][info][gc             ] GC(226) Pause Young (Allocation Failure) 3035M->3035M(3296M) 72.234ms
[20.112s][info][gc,cpu         ] GC(226) User=0.30s Sys=0.03s Real=0.07s
[20.144s][info][gc,start       ] GC(227) Pause Young (Allocation Failure)
[20.210s][info][gc,heap        ] GC(227) PSYoungGen: 127744K(173568K)->104192K(175104K) Eden: 32768K(32768K)->0K(31232K) From: 94976K(140800K)->104192K(143872K)
[20.210s][info][gc,heap        ] GC(227) ParOldGen: 3013790K(3201536K)->3037542K(3201536K)
[20.210s][info][gc,metaspace   ] GC(227) Metaspace: 6302K(6528K)->6302K(6528K) NonClass: 5769K(5888K)->5769K(5888K) Class: 533K(640K)->533K(640K)
[20.210s][info][gc             ] GC(227) Pause Young (Allocation Failure) 3067M->3068M(3297M) 66.285ms
[20.210s][info][gc,cpu         ] GC(227) User=0.19s Sys=0.02s Real=0.07s
[20.243s][info][gc,start       ] GC(228) Pause Young (Allocation Failure)
[20.313s][info][gc,heap        ] GC(228) PSYoungGen: 135424K(175104K)->64256K(95744K) Eden: 31232K(31232K)->0K(31232K) From: 104192K(143872K)->64256K(64512K)
[20.313s][info][gc,heap        ] GC(228) ParOldGen: 3037542K(3201536K)->3109334K(3201536K)
[20.313s][info][gc,metaspace   ] GC(228) Metaspace: 6302K(6528K)->6302K(6528K) NonClass: 5769K(5888K)->5769K(5888K) Class: 533K(640K)->533K(640K)
[20.313s][info][gc             ] GC(228) Pause Young (Allocation Failure) 3098M->3099M(3220M) 69.922ms
[20.313s][info][gc,cpu         ] GC(228) User=0.16s Sys=0.06s Real=0.07s
[20.348s][info][gc,start       ] GC(229) Pause Young (Allocation Failure)
[20.411s][info][gc,heap        ] GC(229) PSYoungGen: 95488K(95744K)->31424K(177664K) Eden: 31232K(31232K)->0K(35328K) From: 64256K(64512K)->31424K(142336K)
[20.411s][info][gc,heap        ] GC(229) ParOldGen: 3109334K(3201536K)->3173878K(3201536K)
[20.411s][info][gc,metaspace   ] GC(229) Metaspace: 6302K(6528K)->6302K(6528K) NonClass: 5769K(5888K)->5769K(5888K) Class: 533K(640K)->533K(640K)
[20.411s][info][gc             ] GC(229) Pause Young (Allocation Failure) 3129M->3130M(3300M) 62.857ms
[20.411s][info][gc,cpu         ] GC(229) User=0.27s Sys=0.02s Real=0.06s
[20.411s][info][gc,start       ] GC(230) Pause Full (Ergonomics)
[20.411s][info][gc,phases,start] GC(230) Marking Phase
[21.128s][info][gc,phases      ] GC(230) Marking Phase 716.421ms
[21.128s][info][gc,phases,start] GC(230) Summary Phase
[21.128s][info][gc,phases      ] GC(230) Summary Phase 0.049ms
[21.128s][info][gc,phases,start] GC(230) Adjust Roots
[21.128s][info][gc,phases      ] GC(230) Adjust Roots 0.167ms
[21.128s][info][gc,phases,start] GC(230) Compaction Phase
[21.791s][info][gc,phases      ] GC(230) Compaction Phase 662.664ms
[21.791s][info][gc,phases,start] GC(230) Post Compact
[21.797s][info][gc,phases      ] GC(230) Post Compact 5.971ms
[21.798s][info][gc,heap        ] GC(230) PSYoungGen: 31424K(177664K)->1058K(178176K) Eden: 0K(35328K)->0K(35840K) From: 31424K(142336K)->1058K(142336K)
[21.798s][info][gc,heap        ] GC(230) ParOldGen: 3173878K(3201536K)->3201416K(3542528K)
[21.798s][info][gc,metaspace   ] GC(230) Metaspace: 6302K(6528K)->6302K(6528K) NonClass: 5769K(5888K)->5769K(5888K) Class: 533K(640K)->533K(640K)
[21.798s][info][gc             ] GC(230) Pause Full (Ergonomics) 3130M->3127M(3633M) 1386.772ms
[21.798s][info][gc,cpu         ] GC(230) User=9.94s Sys=0.02s Real=1.39s
[21.839s][info][gc,start       ] GC(231) Pause Young (Allocation Failure)
[21.997s][info][gc,heap        ] GC(231) PSYoungGen: 36898K(178176K)->36032K(178688K) Eden: 35840K(35840K)->0K(35840K) From: 1058K(142336K)->36032K(142848K)
[21.997s][info][gc,heap        ] GC(231) ParOldGen: 3201416K(3542528K)->3202512K(3542528K)
[21.997s][info][gc,metaspace   ] GC(231) Metaspace: 6302K(6528K)->6302K(6528K) NonClass: 5769K(5888K)->5769K(5888K) Class: 533K(640K)->533K(640K)
[21.997s][info][gc             ] GC(231) Pause Young (Allocation Failure) 3162M->3162M(3634M) 158.503ms
[21.997s][info][gc,cpu         ] GC(231) User=0.94s Sys=0.00s Real=0.16s
[22.033s][info][gc,start       ] GC(232) Pause Young (Allocation Failure)
[22.091s][info][gc,heap        ] GC(232) PSYoungGen: 71872K(178688K)->71936K(172032K) Eden: 35840K(35840K)->0K(39936K) From: 36032K(142848K)->71936K(132096K)
[22.091s][info][gc,heap        ] GC(232) ParOldGen: 3202512K(3542528K)->3202512K(3542528K)
[22.091s][info][gc,metaspace   ] GC(232) Metaspace: 6302K(6528K)->6302K(6528K) NonClass: 5769K(5888K)->5769K(5888K) Class: 533K(640K)->533K(640K)
[22.091s][info][gc             ] GC(232) Pause Young (Allocation Failure) 3197M->3197M(3627M) 57.583ms
[22.091s][info][gc,cpu         ] GC(232) User=0.16s Sys=0.00s Real=0.06s
[22.131s][info][gc,start       ] GC(233) Pause Young (Allocation Failure)
[22.196s][info][gc,heap        ] GC(233) PSYoungGen: 111872K(172032K)->75968K(176128K) Eden: 39936K(39936K)->0K(39936K) From: 71936K(132096K)->75968K(136192K)
[22.196s][info][gc,heap        ] GC(233) ParOldGen: 3202512K(3542528K)->3238680K(3542528K)
[22.196s][info][gc,metaspace   ] GC(233) Metaspace: 6302K(6528K)->6302K(6528K) NonClass: 5769K(5888K)->5769K(5888K) Class: 533K(640K)->533K(640K)
[22.196s][info][gc             ] GC(233) Pause Young (Allocation Failure) 3236M->3236M(3631M) 65.096ms
[22.196s][info][gc,cpu         ] GC(233) User=0.30s Sys=0.00s Real=0.07s
[22.237s][info][gc,start       ] GC(234) Pause Young (Allocation Failure)
[22.305s][info][gc,heap        ] GC(234) PSYoungGen: 115904K(176128K)->80128K(174592K) Eden: 39936K(39936K)->0K(44544K) From: 75968K(136192K)->80128K(130048K)
[22.305s][info][gc,heap        ] GC(234) ParOldGen: 3238680K(3542528K)->3274840K(3542528K)
[22.305s][info][gc,metaspace   ] GC(234) Metaspace: 6302K(6528K)->6302K(6528K) NonClass: 5769K(5888K)->5769K(5888K) Class: 533K(640K)->533K(640K)
[22.305s][info][gc             ] GC(234) Pause Young (Allocation Failure) 3275M->3276M(3630M) 67.317ms
[22.305s][info][gc,cpu         ] GC(234) User=0.25s Sys=0.02s Real=0.07s
[22.352s][info][gc,start       ] GC(235) Pause Young (Allocation Failure)
[22.424s][info][gc,heap        ] GC(235) PSYoungGen: 124672K(174592K)->84704K(176128K) Eden: 44544K(44544K)->0K(44544K) From: 80128K(130048K)->84704K(131584K)
[22.424s][info][gc,heap        ] GC(235) ParOldGen: 3274840K(3542528K)->3315136K(3542528K)
[22.424s][info][gc,metaspace   ] GC(235) Metaspace: 6302K(6528K)->6302K(6528K) NonClass: 5769K(5888K)->5769K(5888K) Class: 533K(640K)->533K(640K)
[22.424s][info][gc             ] GC(235) Pause Young (Allocation Failure) 3319M->3320M(3631M) 71.742ms
[22.424s][info][gc,cpu         ] GC(235) User=0.27s Sys=0.02s Real=0.07s
[22.473s][info][gc,start       ] GC(236) Pause Young (Allocation Failure)
[22.548s][info][gc,heap        ] GC(236) PSYoungGen: 129248K(176128K)->89344K(179712K) Eden: 44544K(44544K)->0K(48640K) From: 84704K(131584K)->89344K(131072K)
[22.549s][info][gc,heap        ] GC(236) ParOldGen: 3315136K(3542528K)->3355432K(3542528K)
[22.549s][info][gc,metaspace   ] GC(236) Metaspace: 6302K(6528K)->6302K(6528K) NonClass: 5769K(5888K)->5769K(5888K) Class: 533K(640K)->533K(640K)
[22.549s][info][gc             ] GC(236) Pause Young (Allocation Failure) 3363M->3364M(3635M) 75.522ms
[22.549s][info][gc,cpu         ] GC(236) User=0.34s Sys=0.03s Real=0.08s
[22.595s][info][gc,start       ] GC(237) Pause Young (Allocation Failure)
[22.670s][info][gc,heap        ] GC(237) PSYoungGen: 137984K(179712K)->93440K(181248K) Eden: 48640K(48640K)->0K(48640K) From: 89344K(131072K)->93440K(132608K)
[22.670s][info][gc,heap        ] GC(237) ParOldGen: 3355432K(3542528K)->3400376K(3542528K)
[22.670s][info][gc,metaspace   ] GC(237) Metaspace: 6302K(6528K)->6302K(6528K) NonClass: 5769K(5888K)->5769K(5888K) Class: 533K(640K)->533K(640K)
[22.670s][info][gc             ] GC(237) Pause Young (Allocation Failure) 3411M->3411M(3636M) 74.882ms
[22.670s][info][gc,cpu         ] GC(237) User=0.30s Sys=0.02s Real=0.08s
[22.716s][info][gc,start       ] GC(238) Pause Young (Allocation Failure)
[22.790s][info][gc,heap        ] GC(238) PSYoungGen: 142080K(181248K)->97568K(186880K) Eden: 48640K(48640K)->0K(52224K) From: 93440K(132608K)->97568K(134656K)
[22.790s][info][gc,heap        ] GC(238) ParOldGen: 3400376K(3542528K)->3445320K(3542528K)
[22.790s][info][gc,metaspace   ] GC(238) Metaspace: 6302K(6528K)->6302K(6528K) NonClass: 5769K(5888K)->5769K(5888K) Class: 533K(640K)->533K(640K)
[22.790s][info][gc             ] GC(238) Pause Young (Allocation Failure) 3459M->3459M(3642M) 74.364ms
[22.791s][info][gc,cpu         ] GC(238) User=0.34s Sys=0.06s Real=0.07s
[22.843s][info][gc,start       ] GC(239) Pause Young (Allocation Failure)
[22.921s][info][gc,heap        ] GC(239) PSYoungGen: 149792K(186880K)->52416K(189440K) Eden: 52224K(52224K)->0K(52224K) From: 97568K(134656K)->52416K(137216K)
[22.921s][info][gc,heap        ] GC(239) ParOldGen: 3445320K(3542528K)->3543440K(3543552K)
[22.921s][info][gc,metaspace   ] GC(239) Metaspace: 6302K(6528K)->6302K(6528K) NonClass: 5769K(5888K)->5769K(5888K) Class: 533K(640K)->533K(640K)
[22.922s][info][gc             ] GC(239) Pause Young (Allocation Failure) 3510M->3511M(3645M) 78.392ms
[22.922s][info][gc,cpu         ] GC(239) User=0.52s Sys=0.00s Real=0.08s
[22.922s][info][gc,start       ] GC(240) Pause Full (Ergonomics)
[22.922s][info][gc,phases,start] GC(240) Marking Phase
[23.729s][info][gc,phases      ] GC(240) Marking Phase 807.913ms
[23.730s][info][gc,phases,start] GC(240) Summary Phase
[23.730s][info][gc,phases      ] GC(240) Summary Phase 0.044ms
[23.730s][info][gc,phases,start] GC(240) Adjust Roots
[23.730s][info][gc,phases      ] GC(240) Adjust Roots 0.164ms
[23.730s][info][gc,phases,start] GC(240) Compaction Phase
[24.072s][info][gc,phases      ] GC(240) Compaction Phase 342.220ms
[24.072s][info][gc,phases,start] GC(240) Post Compact
[24.079s][info][gc,phases      ] GC(240) Post Compact 6.470ms
[24.080s][info][gc,heap        ] GC(240) PSYoungGen: 52416K(189440K)->49125K(189440K) Eden: 0K(52224K)->0K(52224K) From: 52416K(137216K)->49125K(137216K)
[24.080s][info][gc,heap        ] GC(240) ParOldGen: 3543440K(3543552K)->3543209K(3929088K)
[24.080s][info][gc,metaspace   ] GC(240) Metaspace: 6302K(6528K)->6302K(6528K) NonClass: 5769K(5888K)->5769K(5888K) Class: 533K(640K)->533K(640K)
[24.080s][info][gc             ] GC(240) Pause Full (Ergonomics) 3511M->3508M(4022M) 1158.371ms
[24.080s][info][gc,cpu         ] GC(240) User=8.59s Sys=0.02s Real=1.16s
[24.139s][info][gc,start       ] GC(241) Pause Young (Allocation Failure)
[24.332s][info][gc,heap        ] GC(241) PSYoungGen: 101349K(189440K)->52416K(186880K) Eden: 52224K(52224K)->0K(57856K) From: 49125K(137216K)->52416K(129024K)
[24.332s][info][gc,heap        ] GC(241) ParOldGen: 3543209K(3929088K)->3592809K(3929088K)
[24.332s][info][gc,metaspace   ] GC(241) Metaspace: 6302K(6528K)->6302K(6528K) NonClass: 5769K(5888K)->5769K(5888K) Class: 533K(640K)->533K(640K)
[24.332s][info][gc             ] GC(241) Pause Young (Allocation Failure) 3559M->3559M(4019M) 192.714ms
[24.332s][info][gc,cpu         ] GC(241) User=1.39s Sys=0.09s Real=0.19s
[24.393s][info][gc,start       ] GC(242) Pause Young (Allocation Failure)
[24.460s][info][gc,heap        ] GC(242) PSYoungGen: 110272K(186880K)->110368K(190464K) Eden: 57856K(57856K)->0K(57856K) From: 52416K(129024K)->110368K(132608K)
[24.460s][info][gc,heap        ] GC(242) ParOldGen: 3592809K(3929088K)->3592809K(3929088K)
[24.460s][info][gc,metaspace   ] GC(242) Metaspace: 6302K(6528K)->6302K(6528K) NonClass: 5769K(5888K)->5769K(5888K) Class: 533K(640K)->533K(640K)
[24.460s][info][gc             ] GC(242) Pause Young (Allocation Failure) 3616M->3616M(4023M) 67.151ms
[24.460s][info][gc,cpu         ] GC(242) User=0.25s Sys=0.00s Real=0.07s
[24.515s][info][gc,start       ] GC(243) Pause Young (Allocation Failure)
[24.601s][info][gc,heap        ] GC(243) PSYoungGen: 168224K(190464K)->116064K(196096K) Eden: 57856K(57856K)->0K(55296K) From: 110368K(132608K)->116064K(140800K)
[24.601s][info][gc,heap        ] GC(243) ParOldGen: 3592809K(3929088K)->3645497K(3929088K)
[24.601s][info][gc,metaspace   ] GC(243) Metaspace: 6302K(6528K)->6302K(6528K) NonClass: 5769K(5888K)->5769K(5888K) Class: 533K(640K)->533K(640K)
[24.601s][info][gc             ] GC(243) Pause Young (Allocation Failure) 3672M->3673M(4028M) 85.936ms
[24.601s][info][gc,cpu         ] GC(243) User=0.70s Sys=0.03s Real=0.09s
[24.655s][info][gc,start       ] GC(244) Pause Young (Allocation Failure)
[24.741s][info][gc,heap        ] GC(244) PSYoungGen: 171360K(196096K)->113504K(204800K) Eden: 55296K(55296K)->0K(55296K) From: 116064K(140800K)->113504K(149504K)
[24.741s][info][gc,heap        ] GC(244) ParOldGen: 3645497K(3929088K)->3703857K(3929088K)
[24.741s][info][gc,metaspace   ] GC(244) Metaspace: 6302K(6528K)->6302K(6528K) NonClass: 5769K(5888K)->5769K(5888K) Class: 533K(640K)->533K(640K)
[24.741s][info][gc             ] GC(244) Pause Young (Allocation Failure) 3727M->3727M(4037M) 86.241ms
[24.741s][info][gc,cpu         ] GC(244) User=0.61s Sys=0.03s Real=0.09s
[24.803s][info][gc,start       ] GC(245) Pause Young (Allocation Failure)
[24.888s][info][gc,heap        ] GC(245) PSYoungGen: 168800K(204800K)->110880K(213504K) Eden: 55296K(55296K)->0K(58368K) From: 113504K(149504K)->110880K(155136K)
[24.888s][info][gc,heap        ] GC(245) ParOldGen: 3703857K(3929088K)->3762241K(3929088K)
[24.888s][info][gc,metaspace   ] GC(245) Metaspace: 6302K(6528K)->6302K(6528K) NonClass: 5769K(5888K)->5769K(5888K) Class: 533K(640K)->533K(640K)
[24.889s][info][gc             ] GC(245) Pause Young (Allocation Failure) 3781M->3782M(4045M) 85.240ms
[24.889s][info][gc,cpu         ] GC(245) User=0.59s Sys=0.03s Real=0.09s
[24.949s][info][gc,start       ] GC(246) Pause Young (Allocation Failure)
[25.036s][info][gc,heap        ] GC(246) PSYoungGen: 169248K(213504K)->114016K(216576K) Eden: 58368K(58368K)->0K(58368K) From: 110880K(155136K)->114016K(158208K)
[25.036s][info][gc,heap        ] GC(246) ParOldGen: 3762241K(3929088K)->3818025K(3929088K)
[25.036s][info][gc,metaspace   ] GC(246) Metaspace: 6302K(6528K)->6302K(6528K) NonClass: 5769K(5888K)->5769K(5888K) Class: 533K(640K)->533K(640K)
[25.036s][info][gc             ] GC(246) Pause Young (Allocation Failure) 3839M->3839M(4048M) 87.622ms
[25.036s][info][gc,cpu         ] GC(246) User=0.61s Sys=0.02s Real=0.09s
[25.098s][info][gc,start       ] GC(247) Pause Young (Allocation Failure)
[25.186s][info][gc,heap        ] GC(247) PSYoungGen: 172384K(216576K)->117024K(222720K) Eden: 58368K(58368K)->0K(61440K) From: 114016K(158208K)->117024K(161280K)
[25.186s][info][gc,heap        ] GC(247) ParOldGen: 3818025K(3929088K)->3873817K(3929088K)
[25.186s][info][gc,metaspace   ] GC(247) Metaspace: 6302K(6528K)->6302K(6528K) NonClass: 5769K(5888K)->5769K(5888K) Class: 533K(640K)->533K(640K)
[25.186s][info][gc             ] GC(247) Pause Young (Allocation Failure) 3896M->3897M(4054M) 88.254ms
[25.186s][info][gc,cpu         ] GC(247) User=0.61s Sys=0.02s Real=0.09s
[25.186s][info][gc,start       ] GC(248) Pause Full (Ergonomics)
[25.186s][info][gc,phases,start] GC(248) Marking Phase
[26.069s][info][gc,phases      ] GC(248) Marking Phase 883.482ms
[26.069s][info][gc,phases,start] GC(248) Summary Phase
[26.069s][info][gc,phases      ] GC(248) Summary Phase 0.059ms
[26.069s][info][gc,phases,start] GC(248) Adjust Roots
[26.070s][info][gc,phases      ] GC(248) Adjust Roots 0.162ms
[26.070s][info][gc,phases,start] GC(248) Compaction Phase
[26.447s][info][gc,phases      ] GC(248) Compaction Phase 377.205ms
[26.447s][info][gc,phases,start] GC(248) Post Compact
[26.454s][info][gc,phases      ] GC(248) Post Compact 7.513ms
[26.456s][info][gc,heap        ] GC(248) PSYoungGen: 117024K(222720K)->58410K(222720K) Eden: 0K(61440K)->0K(61440K) From: 117024K(161280K)->58410K(161280K)
[26.456s][info][gc,heap        ] GC(248) ParOldGen: 3873817K(3929088K)->3928948K(4345344K)
[26.456s][info][gc,metaspace   ] GC(248) Metaspace: 6302K(6528K)->6302K(6528K) NonClass: 5769K(5888K)->5769K(5888K) Class: 533K(640K)->533K(640K)
[26.456s][info][gc             ] GC(248) Pause Full (Ergonomics) 3897M->3893M(4461M) 1270.116ms
[26.456s][info][gc,cpu         ] GC(248) User=9.33s Sys=0.05s Real=1.27s
[26.522s][info][gc,start       ] GC(249) Pause Young (Allocation Failure)
[26.753s][info][gc,heap        ] GC(249) PSYoungGen: 119850K(222720K)->97408K(226304K) Eden: 61440K(61440K)->0K(61440K) From: 58410K(161280K)->97408K(164864K)
[26.753s][info][gc,heap        ] GC(249) ParOldGen: 3928948K(4345344K)->3951980K(4345344K)
[26.753s][info][gc,metaspace   ] GC(249) Metaspace: 6302K(6528K)->6302K(6528K) NonClass: 5769K(5888K)->5769K(5888K) Class: 533K(640K)->533K(640K)
[26.753s][info][gc             ] GC(249) Pause Young (Allocation Failure) 3953M->3954M(4464M) 231.331ms
[26.753s][info][gc,cpu         ] GC(249) User=1.61s Sys=0.03s Real=0.23s
[26.825s][info][gc,start       ] GC(250) Pause Young (Allocation Failure)
[26.911s][info][gc,heap        ] GC(250) PSYoungGen: 158848K(226304K)->158912K(209408K) Eden: 61440K(61440K)->0K(49664K) From: 97408K(164864K)->158912K(159744K)
[26.911s][info][gc,heap        ] GC(250) ParOldGen: 3951980K(4345344K)->3951980K(4345344K)
[26.911s][info][gc,metaspace   ] GC(250) Metaspace: 6302K(6528K)->6302K(6528K) NonClass: 5769K(5888K)->5769K(5888K) Class: 533K(640K)->533K(640K)
[26.911s][info][gc             ] GC(250) Pause Young (Allocation Failure) 4014M->4014M(4448M) 85.727ms
[26.911s][info][gc,cpu         ] GC(250) User=0.61s Sys=0.03s Real=0.08s
[26.962s][info][gc,start       ] GC(251) Pause Young (Allocation Failure)
[27.063s][info][gc,heap        ] GC(251) PSYoungGen: 208576K(209408K)->177664K(227328K) Eden: 49664K(49664K)->0K(49664K) From: 158912K(159744K)->177664K(177664K)
[27.064s][info][gc,heap        ] GC(251) ParOldGen: 3951980K(4345344K)->3983100K(4345344K)
[27.064s][info][gc,metaspace   ] GC(251) Metaspace: 6302K(6528K)->6302K(6528K) NonClass: 5769K(5888K)->5769K(5888K) Class: 533K(640K)->533K(640K)
[27.064s][info][gc             ] GC(251) Pause Young (Allocation Failure) 4063M->4063M(4465M) 101.197ms
[27.064s][info][gc,cpu         ] GC(251) User=0.64s Sys=0.02s Real=0.10s
[27.113s][info][gc,start       ] GC(252) Pause Young (Allocation Failure)
[27.233s][info][gc,heap        ] GC(252) PSYoungGen: 227328K(227328K)->143648K(263168K) Eden: 49664K(49664K)->0K(52736K) From: 177664K(177664K)->143648K(210432K)
[27.233s][info][gc,heap        ] GC(252) ParOldGen: 3983100K(4345344K)->4067612K(4345344K)
[27.233s][info][gc,metaspace   ] GC(252) Metaspace: 6302K(6528K)->6302K(6528K) NonClass: 5769K(5888K)->5769K(5888K) Class: 533K(640K)->533K(640K)
[27.233s][info][gc             ] GC(252) Pause Young (Allocation Failure) 4111M->4112M(4500M) 120.563ms
[27.233s][info][gc,cpu         ] GC(252) User=0.83s Sys=0.05s Real=0.12s
[27.290s][info][gc,start       ] GC(253) Pause Young (Allocation Failure)
[27.388s][info][gc,heap        ] GC(253) PSYoungGen: 196384K(263168K)->149984K(265728K) Eden: 52736K(52736K)->0K(52736K) From: 143648K(210432K)->149984K(212992K)
[27.388s][info][gc,heap        ] GC(253) ParOldGen: 4067612K(4345344K)->4114380K(4345344K)
[27.388s][info][gc,metaspace   ] GC(253) Metaspace: 6302K(6528K)->6302K(6528K) NonClass: 5769K(5888K)->5769K(5888K) Class: 533K(640K)->533K(640K)
[27.388s][info][gc             ] GC(253) Pause Young (Allocation Failure) 4164M->4164M(4503M) 98.608ms
[27.388s][info][gc,cpu         ] GC(253) User=0.62s Sys=0.02s Real=0.10s
[27.453s][info][gc,start       ] GC(254) Pause Young (Allocation Failure)
[27.559s][info][gc,heap        ] GC(254) PSYoungGen: 202720K(265728K)->105760K(260608K) Eden: 52736K(52736K)->0K(59392K) From: 149984K(212992K)->105760K(201216K)
[27.559s][info][gc,heap        ] GC(254) ParOldGen: 4114380K(4345344K)->4212148K(4345344K)
[27.559s][info][gc,metaspace   ] GC(254) Metaspace: 6302K(6528K)->6302K(6528K) NonClass: 5769K(5888K)->5769K(5888K) Class: 533K(640K)->533K(640K)
[27.559s][info][gc             ] GC(254) Pause Young (Allocation Failure) 4215M->4216M(4498M) 105.891ms
[27.559s][info][gc,cpu         ] GC(254) User=0.81s Sys=0.05s Real=0.11s
[27.629s][info][gc,start       ] GC(255) Pause Young (Allocation Failure)
[27.720s][info][gc,heap        ] GC(255) PSYoungGen: 165152K(260608K)->59616K(268288K) Eden: 59392K(59392K)->0K(59392K) From: 105760K(201216K)->59616K(208896K)
[27.720s][info][gc,heap        ] GC(255) ParOldGen: 4212148K(4345344K)->4318556K(4345344K)
[27.721s][info][gc,metaspace   ] GC(255) Metaspace: 6302K(6528K)->6302K(6528K) NonClass: 5769K(5888K)->5769K(5888K) Class: 533K(640K)->533K(640K)
[27.721s][info][gc             ] GC(255) Pause Young (Allocation Failure) 4274M->4275M(4505M) 91.256ms
[27.721s][info][gc,cpu         ] GC(255) User=0.61s Sys=0.03s Real=0.09s
[27.721s][info][gc,start       ] GC(256) Pause Full (Ergonomics)
[27.721s][info][gc,phases,start] GC(256) Marking Phase
[28.703s][info][gc,phases      ] GC(256) Marking Phase 982.086ms
[28.703s][info][gc,phases,start] GC(256) Summary Phase
[28.703s][info][gc,phases      ] GC(256) Summary Phase 0.051ms
[28.703s][info][gc,phases,start] GC(256) Adjust Roots
[28.703s][info][gc,phases      ] GC(256) Adjust Roots 0.170ms
[28.703s][info][gc,phases,start] GC(256) Compaction Phase
[29.097s][info][gc,phases      ] GC(256) Compaction Phase 394.397ms
[29.097s][info][gc,phases,start] GC(256) Post Compact
[29.104s][info][gc,phases      ] GC(256) Post Compact 6.438ms
[29.105s][info][gc,heap        ] GC(256) PSYoungGen: 59616K(268288K)->29204K(268288K) Eden: 0K(59392K)->0K(59392K) From: 59616K(208896K)->29204K(208896K)
[29.105s][info][gc,heap        ] GC(256) ParOldGen: 4318556K(4345344K)->4345012K(4828160K)
[29.105s][info][gc,metaspace   ] GC(256) Metaspace: 6302K(6528K)->6302K(6528K) NonClass: 5769K(5888K)->5769K(5888K) Class: 533K(640K)->533K(640K)
[29.105s][info][gc             ] GC(256) Pause Full (Ergonomics) 4275M->4271M(4977M) 1384.851ms
[29.105s][info][gc,cpu         ] GC(256) User=10.36s Sys=0.00s Real=1.38s
[29.175s][info][gc,start       ] GC(257) Pause Young (Allocation Failure)
[29.414s][info][gc,heap        ] GC(257) PSYoungGen: 88596K(268288K)->59648K(270848K) Eden: 59392K(59392K)->0K(65536K) From: 29204K(208896K)->59648K(205312K)
[29.414s][info][gc,heap        ] GC(257) ParOldGen: 4345012K(4828160K)->4374532K(4828160K)
[29.414s][info][gc,metaspace   ] GC(257) Metaspace: 6302K(6528K)->6302K(6528K) NonClass: 5769K(5888K)->5769K(5888K) Class: 533K(640K)->533K(640K)
[29.414s][info][gc             ] GC(257) Pause Young (Allocation Failure) 4329M->4330M(4979M) 239.030ms
[29.414s][info][gc,cpu         ] GC(257) User=1.53s Sys=0.00s Real=0.24s
[29.477s][info][gc,start       ] GC(258) Pause Young (Allocation Failure)
[29.552s][info][gc,heap        ] GC(258) PSYoungGen: 125184K(270848K)->125248K(273408K) Eden: 65536K(65536K)->0K(65536K) From: 59648K(205312K)->125248K(207872K)
[29.552s][info][gc,heap        ] GC(258) ParOldGen: 4374532K(4828160K)->4374532K(4828160K)
[29.552s][info][gc,metaspace   ] GC(258) Metaspace: 6302K(6528K)->6302K(6528K) NonClass: 5769K(5888K)->5769K(5888K) Class: 533K(640K)->533K(640K)
[29.552s][info][gc             ] GC(258) Pause Young (Allocation Failure) 4394M->4394M(4982M) 74.877ms
[29.552s][info][gc,cpu         ] GC(258) User=0.39s Sys=0.00s Real=0.07s
[29.635s][info][gc,start       ] GC(259) Pause Young (Allocation Failure)
[29.734s][info][gc,heap        ] GC(259) PSYoungGen: 190784K(273408K)->131424K(276992K) Eden: 65536K(65536K)->0K(72704K) From: 125248K(207872K)->131424K(204288K)
[29.734s][info][gc,heap        ] GC(259) ParOldGen: 4374532K(4828160K)->4434468K(4828160K)
[29.734s][info][gc,metaspace   ] GC(259) Metaspace: 6302K(6528K)->6302K(6528K) NonClass: 5769K(5888K)->5769K(5888K) Class: 533K(640K)->533K(640K)
[29.735s][info][gc             ] GC(259) Pause Young (Allocation Failure) 4458M->4458M(4985M) 99.729ms
[29.735s][info][gc,cpu         ] GC(259) User=0.59s Sys=0.06s Real=0.10s
[29.821s][info][gc,start       ] GC(260) Pause Young (Allocation Failure)
[29.939s][info][gc,heap        ] GC(260) PSYoungGen: 204128K(276992K)->138592K(276992K) Eden: 72704K(72704K)->0K(72704K) From: 131424K(204288K)->138592K(204288K)
[29.939s][info][gc,heap        ] GC(260) ParOldGen: 4434468K(4828160K)->4500604K(4828160K)
[29.939s][info][gc,metaspace   ] GC(260) Metaspace: 6302K(6528K)->6302K(6528K) NonClass: 5769K(5888K)->5769K(5888K) Class: 533K(640K)->533K(640K)
[29.939s][info][gc             ] GC(260) Pause Young (Allocation Failure) 4529M->4530M(4985M) 117.779ms
[29.939s][info][gc,cpu         ] GC(260) User=0.75s Sys=0.03s Real=0.12s
[30.015s][info][gc,start       ] GC(261) Pause Young (Allocation Failure)
[30.133s][info][gc,heap        ] GC(261) PSYoungGen: 211296K(276992K)->145792K(283136K) Eden: 72704K(72704K)->0K(77824K) From: 138592K(204288K)->145792K(205312K)
[30.133s][info][gc,heap        ] GC(261) ParOldGen: 4500604K(4828160K)->4566716K(4828160K)
[30.133s][info][gc,metaspace   ] GC(261) Metaspace: 6302K(6528K)->6302K(6528K) NonClass: 5769K(5888K)->5769K(5888K) Class: 533K(640K)->533K(640K)
[30.133s][info][gc             ] GC(261) Pause Young (Allocation Failure) 4601M->4602M(4991M) 117.744ms
[30.133s][info][gc,cpu         ] GC(261) User=0.84s Sys=0.03s Real=0.12s
[30.225s][info][gc,start       ] GC(262) Pause Young (Allocation Failure)
[30.349s][info][gc,heap        ] GC(262) PSYoungGen: 223616K(283136K)->150912K(286208K) Eden: 77824K(77824K)->0K(77824K) From: 145792K(205312K)->150912K(208384K)
[30.349s][info][gc,heap        ] GC(262) ParOldGen: 4566716K(4828160K)->4640084K(4828160K)
[30.349s][info][gc,metaspace   ] GC(262) Metaspace: 6302K(6528K)->6302K(6528K) NonClass: 5769K(5888K)->5769K(5888K) Class: 533K(640K)->533K(640K)
[30.349s][info][gc             ] GC(262) Pause Young (Allocation Failure) 4678M->4678M(4994M) 123.631ms
[30.349s][info][gc,cpu         ] GC(262) User=0.84s Sys=0.05s Real=0.12s
[30.442s][info][gc,start       ] GC(263) Pause Young (Allocation Failure)
[30.569s][info][gc,heap        ] GC(263) PSYoungGen: 228736K(286208K)->156096K(295424K) Eden: 77824K(77824K)->0K(82944K) From: 150912K(208384K)->156096K(212480K)
[30.569s][info][gc,heap        ] GC(263) ParOldGen: 4640084K(4828160K)->4713444K(4828160K)
[30.569s][info][gc,metaspace   ] GC(263) Metaspace: 6302K(6528K)->6302K(6528K) NonClass: 5769K(5888K)->5769K(5888K) Class: 533K(640K)->533K(640K)
[30.569s][info][gc             ] GC(263) Pause Young (Allocation Failure) 4754M->4755M(5003M) 127.210ms
[30.569s][info][gc,cpu         ] GC(263) User=0.84s Sys=0.03s Real=0.13s
[30.569s][info][gc,start       ] GC(264) Pause Full (Ergonomics)
[30.569s][info][gc,phases,start] GC(264) Marking Phase
[31.668s][info][gc,phases      ] GC(264) Marking Phase 1099.057ms
[31.668s][info][gc,phases,start] GC(264) Summary Phase
[31.669s][info][gc,phases      ] GC(264) Summary Phase 0.063ms
[31.669s][info][gc,phases,start] GC(264) Adjust Roots
[31.669s][info][gc,phases      ] GC(264) Adjust Roots 0.162ms
[31.669s][info][gc,phases,start] GC(264) Compaction Phase
[32.099s][info][gc,phases      ] GC(264) Compaction Phase 430.356ms
[32.099s][info][gc,phases,start] GC(264) Post Compact
[32.107s][info][gc,phases      ] GC(264) Post Compact 7.353ms
[32.108s][info][gc,heap        ] GC(264) PSYoungGen: 156096K(295424K)->37553K(295424K) Eden: 0K(82944K)->0K(82944K) From: 156096K(212480K)->37553K(212480K)
[32.108s][info][gc,heap        ] GC(264) ParOldGen: 4713444K(4828160K)->4827964K(5343232K)
[32.108s][info][gc,metaspace   ] GC(264) Metaspace: 6302K(6528K)->6302K(6528K) NonClass: 5769K(5888K)->5769K(5888K) Class: 533K(640K)->533K(640K)
[32.108s][info][gc             ] GC(264) Pause Full (Ergonomics) 4755M->4751M(5506M) 1538.917ms
[32.108s][info][gc,cpu         ] GC(264) User=11.64s Sys=0.08s Real=1.54s
[32.193s][info][gc,start       ] GC(265) Pause Young (Allocation Failure)
[32.480s][info][gc,heap        ] GC(265) PSYoungGen: 120497K(295424K)->106976K(299520K) Eden: 82944K(82944K)->0K(82944K) From: 37553K(212480K)->106976K(216576K)
[32.480s][info][gc,heap        ] GC(265) ParOldGen: 4827964K(5343232K)->4841988K(5343232K)
[32.480s][info][gc,metaspace   ] GC(265) Metaspace: 6302K(6528K)->6302K(6528K) NonClass: 5769K(5888K)->5769K(5888K) Class: 533K(640K)->533K(640K)
[32.480s][info][gc             ] GC(265) Pause Young (Allocation Failure) 4832M->4832M(5510M) 287.386ms
[32.481s][info][gc,cpu         ] GC(265) User=1.88s Sys=0.02s Real=0.29s
[32.574s][info][gc,start       ] GC(266) Pause Young (Allocation Failure)
[32.680s][info][gc,heap        ] GC(266) PSYoungGen: 189920K(299520K)->190048K(284160K) Eden: 82944K(82944K)->0K(74240K) From: 106976K(216576K)->190048K(209920K)
[32.680s][info][gc,heap        ] GC(266) ParOldGen: 4841988K(5343232K)->4841988K(5343232K)
[32.680s][info][gc,metaspace   ] GC(266) Metaspace: 6302K(6528K)->6302K(6528K) NonClass: 5769K(5888K)->5769K(5888K) Class: 533K(640K)->533K(640K)
[32.680s][info][gc             ] GC(266) Pause Young (Allocation Failure) 4913M->4914M(5495M) 105.800ms
[32.680s][info][gc,cpu         ] GC(266) User=0.72s Sys=0.03s Real=0.11s
[32.762s][info][gc,start       ] GC(267) Pause Young (Allocation Failure)
[32.904s][info][gc,heap        ] GC(267) PSYoungGen: 264288K(284160K)->226816K(301056K) Eden: 74240K(74240K)->0K(74240K) From: 190048K(209920K)->226816K(226816K)
[32.904s][info][gc,heap        ] GC(267) ParOldGen: 4841988K(5343232K)->4879772K(5343232K)
[32.904s][info][gc,metaspace   ] GC(267) Metaspace: 6302K(6528K)->6302K(6528K) NonClass: 5769K(5888K)->5769K(5888K) Class: 533K(640K)->533K(640K)
[32.904s][info][gc             ] GC(267) Pause Young (Allocation Failure) 4986M->4986M(5512M) 142.461ms
[32.904s][info][gc,cpu         ] GC(267) User=0.98s Sys=0.02s Real=0.14s
[32.985s][info][gc,start       ] GC(268) Pause Young (Allocation Failure)
[33.154s][info][gc,heap        ] GC(268) PSYoungGen: 301056K(301056K)->210976K(336384K) Eden: 74240K(74240K)->0K(69120K) From: 226816K(226816K)->210976K(267264K)
[33.155s][info][gc,heap        ] GC(268) ParOldGen: 4879772K(5343232K)->4970716K(5343232K)
[33.155s][info][gc,metaspace   ] GC(268) Metaspace: 6302K(6528K)->6302K(6528K) NonClass: 5769K(5888K)->5769K(5888K) Class: 533K(640K)->533K(640K)
[33.155s][info][gc             ] GC(268) Pause Young (Allocation Failure) 5059M->5060M(5546M) 169.504ms
[33.155s][info][gc,cpu         ] GC(268) User=1.23s Sys=0.14s Real=0.17s
[33.237s][info][gc,start       ] GC(269) Pause Young (Allocation Failure)
[33.396s][info][gc,heap        ] GC(269) PSYoungGen: 280096K(336384K)->203200K(349184K) Eden: 69120K(69120K)->0K(69120K) From: 210976K(267264K)->203200K(280064K)
[33.396s][info][gc,heap        ] GC(269) ParOldGen: 4970716K(5343232K)->5048292K(5343232K)
[33.396s][info][gc,metaspace   ] GC(269) Metaspace: 6302K(6528K)->6302K(6528K) NonClass: 5769K(5888K)->5769K(5888K) Class: 533K(640K)->533K(640K)
[33.396s][info][gc             ] GC(269) Pause Young (Allocation Failure) 5127M->5128M(5559M) 158.761ms
[33.396s][info][gc,cpu         ] GC(269) User=0.95s Sys=0.11s Real=0.16s
[33.476s][info][gc,start       ] GC(270) Pause Young (Allocation Failure)
[33.635s][info][gc,heap        ] GC(270) PSYoungGen: 272320K(349184K)->138592K(344064K) Eden: 69120K(69120K)->0K(77824K) From: 203200K(280064K)->138592K(266240K)
[33.635s][info][gc,heap        ] GC(270) ParOldGen: 5048292K(5343232K)->5183140K(5343232K)
[33.635s][info][gc,metaspace   ] GC(270) Metaspace: 6302K(6528K)->6302K(6528K) NonClass: 5769K(5888K)->5769K(5888K) Class: 533K(640K)->533K(640K)
[33.635s][info][gc             ] GC(270) Pause Young (Allocation Failure) 5195M->5197M(5554M) 158.588ms
[33.635s][info][gc,cpu         ] GC(270) User=1.06s Sys=0.08s Real=0.16s
[33.722s][info][gc,start       ] GC(271) Pause Young (Allocation Failure)
[33.853s][info][gc,heap        ] GC(271) PSYoungGen: 216416K(344064K)->78112K(354304K) Eden: 77824K(77824K)->0K(77824K) From: 138592K(266240K)->78112K(276480K)
[33.853s][info][gc,heap        ] GC(271) ParOldGen: 5183140K(5343232K)->5322596K(5343232K)
[33.853s][info][gc,metaspace   ] GC(271) Metaspace: 6302K(6528K)->6302K(6528K) NonClass: 5769K(5888K)->5769K(5888K) Class: 533K(640K)->533K(640K)
[33.853s][info][gc             ] GC(271) Pause Young (Allocation Failure) 5273M->5274M(5564M) 130.848ms
[33.853s][info][gc,cpu         ] GC(271) User=0.81s Sys=0.06s Real=0.13s
[33.853s][info][gc,start       ] GC(272) Pause Full (Ergonomics)
[33.853s][info][gc,phases,start] GC(272) Marking Phase
[35.072s][info][gc,phases      ] GC(272) Marking Phase 1218.933ms
[35.072s][info][gc,phases,start] GC(272) Summary Phase
[35.072s][info][gc,phases      ] GC(272) Summary Phase 0.065ms
[35.072s][info][gc,phases,start] GC(272) Adjust Roots
[35.073s][info][gc,phases      ] GC(272) Adjust Roots 0.196ms
[35.073s][info][gc,phases,start] GC(272) Compaction Phase
[35.540s][info][gc,phases      ] GC(272) Compaction Phase 467.362ms
[35.540s][info][gc,phases,start] GC(272) Post Compact
[35.548s][info][gc,phases      ] GC(272) Post Compact 7.879ms
[35.550s][info][gc,heap        ] GC(272) PSYoungGen: 78112K(354304K)->52747K(354304K) Eden: 0K(77824K)->0K(77824K) From: 78112K(276480K)->52747K(276480K)
[35.550s][info][gc,heap        ] GC(272) ParOldGen: 5322596K(5343232K)->5342981K(5939200K)
[35.550s][info][gc,metaspace   ] GC(272) Metaspace: 6302K(6528K)->6302K(6528K) NonClass: 5769K(5888K)->5769K(5888K) Class: 533K(640K)->533K(640K)
[35.550s][info][gc             ] GC(272) Pause Full (Ergonomics) 5274M->5269M(6146M) 1696.649ms
[35.550s][info][gc,cpu         ] GC(272) User=12.86s Sys=0.06s Real=1.70s
[35.649s][info][gc,start       ] GC(273) Pause Young (Allocation Failure)
[35.960s][info][gc,heap        ] GC(273) PSYoungGen: 130571K(354304K)->78048K(358400K) Eden: 77824K(77824K)->0K(86016K) From: 52747K(276480K)->78048K(272384K)
[35.960s][info][gc,heap        ] GC(273) ParOldGen: 5342981K(5939200K)->5396261K(5939200K)
[35.960s][info][gc,metaspace   ] GC(273) Metaspace: 6302K(6528K)->6302K(6528K) NonClass: 5769K(5888K)->5769K(5888K) Class: 533K(640K)->533K(640K)
[35.960s][info][gc             ] GC(273) Pause Young (Allocation Failure) 5345M->5346M(6150M) 310.844ms
[35.960s][info][gc,cpu         ] GC(273) User=1.94s Sys=0.08s Real=0.31s
[36.060s][info][gc,start       ] GC(274) Pause Young (Allocation Failure)
[36.165s][info][gc,heap        ] GC(274) PSYoungGen: 164064K(358400K)->86240K(361472K) Eden: 86016K(86016K)->0K(86016K) From: 78048K(272384K)->86240K(275456K)
[36.165s][info][gc,heap        ] GC(274) ParOldGen: 5396261K(5939200K)->5474805K(5939200K)
[36.165s][info][gc,metaspace   ] GC(274) Metaspace: 6302K(6528K)->6302K(6528K) NonClass: 5769K(5888K)->5769K(5888K) Class: 533K(640K)->533K(640K)
[36.165s][info][gc             ] GC(274) Pause Young (Allocation Failure) 5430M->5430M(6153M) 104.887ms
[36.165s][info][gc,cpu         ] GC(274) User=0.59s Sys=0.06s Real=0.11s
[36.261s][info][gc,start       ] GC(275) Pause Young (Allocation Failure)
[36.362s][info][gc,heap        ] GC(275) PSYoungGen: 172256K(361472K)->86304K(353792K) Eden: 86016K(86016K)->0K(94720K) From: 86240K(275456K)->86304K(259072K)
[36.362s][info][gc,heap        ] GC(275) ParOldGen: 5474805K(5939200K)->5561629K(5939200K)
[36.362s][info][gc,metaspace   ] GC(275) Metaspace: 6302K(6528K)->6302K(6528K) NonClass: 5769K(5888K)->5769K(5888K) Class: 533K(640K)->533K(640K)
[36.362s][info][gc             ] GC(275) Pause Young (Allocation Failure) 5514M->5515M(6145M) 101.936ms
[36.362s][info][gc,cpu         ] GC(275) User=0.62s Sys=0.05s Real=0.10s
[36.481s][info][gc,start       ] GC(276) Pause Young (Allocation Failure)
[36.589s][info][gc,heap        ] GC(276) PSYoungGen: 181024K(353792K)->95008K(359424K) Eden: 94720K(94720K)->0K(94720K) From: 86304K(259072K)->95008K(264704K)
[36.589s][info][gc,heap        ] GC(276) ParOldGen: 5561629K(5939200K)->5648453K(5939200K)
[36.589s][info][gc,metaspace   ] GC(276) Metaspace: 6302K(6528K)->6302K(6528K) NonClass: 5769K(5888K)->5769K(5888K) Class: 533K(640K)->533K(640K)
[36.589s][info][gc             ] GC(276) Pause Young (Allocation Failure) 5608M->5608M(6151M) 107.630ms
[36.589s][info][gc,cpu         ] GC(276) User=0.69s Sys=0.06s Real=0.11s
[37.693s][info][gc,start       ] GC(277) Pause Full (Ergonomics)
[37.693s][info][gc,phases,start] GC(277) Marking Phase
[39.015s][info][gc,phases      ] GC(277) Marking Phase 1321.430ms
[39.015s][info][gc,phases,start] GC(277) Summary Phase
[39.015s][info][gc,phases      ] GC(277) Summary Phase 0.064ms
[39.015s][info][gc,phases,start] GC(277) Adjust Roots
[39.015s][info][gc,phases      ] GC(277) Adjust Roots 0.159ms
[39.015s][info][gc,phases,start] GC(277) Compaction Phase
[39.933s][info][gc,phases      ] GC(277) Compaction Phase 917.380ms
[39.933s][info][gc,phases,start] GC(277) Post Compact
[39.943s][info][gc,phases      ] GC(277) Post Compact 10.106ms
[39.943s][info][gc,heap        ] GC(277) PSYoungGen: 189728K(359424K)->27229K(359424K) Eden: 94720K(94720K)->0K(94720K) From: 95008K(264704K)->27229K(264704K)
[39.943s][info][gc,heap        ] GC(277) ParOldGen: 5910597K(5939200K)->5938702K(5939200K)
[39.943s][info][gc,metaspace   ] GC(277) Metaspace: 6302K(6528K)->6302K(6528K) NonClass: 5769K(5888K)->5769K(5888K) Class: 533K(640K)->533K(640K)
[39.943s][info][gc             ] GC(277) Pause Full (Ergonomics) 5957M->5826M(6151M) 2249.542ms
[39.943s][info][gc,cpu         ] GC(277) User=15.91s Sys=0.16s Real=2.25s
[40.050s][info][gc,start       ] GC(278) Pause Full (Ergonomics)
[40.050s][info][gc,phases,start] GC(278) Marking Phase
[41.392s][info][gc,phases      ] GC(278) Marking Phase 1341.639ms
[41.392s][info][gc,phases,start] GC(278) Summary Phase
[41.392s][info][gc,phases      ] GC(278) Summary Phase 0.062ms
[41.392s][info][gc,phases,start] GC(278) Adjust Roots
[41.392s][info][gc,phases      ] GC(278) Adjust Roots 0.165ms
[41.392s][info][gc,phases,start] GC(278) Compaction Phase
[41.872s][info][gc,phases      ] GC(278) Compaction Phase 479.856ms
[41.872s][info][gc,phases,start] GC(278) Post Compact
[41.881s][info][gc,phases      ] GC(278) Post Compact 8.770ms
[41.881s][info][gc,heap        ] GC(278) PSYoungGen: 121949K(359424K)->121920K(359424K) Eden: 94720K(94720K)->94690K(94720K) From: 27229K(264704K)->27229K(264704K)
[41.881s][info][gc,heap        ] GC(278) ParOldGen: 5938702K(5939200K)->5938702K(5939200K)
[41.881s][info][gc,metaspace   ] GC(278) Metaspace: 6302K(6528K)->6302K(6528K) NonClass: 5769K(5888K)->5769K(5888K) Class: 533K(640K)->533K(640K)
[41.881s][info][gc             ] GC(278) Pause Full (Ergonomics) 5918M->5918M(6151M) 1830.857ms
[41.881s][info][gc,cpu         ] GC(278) User=13.05s Sys=0.00s Real=1.83s
[41.882s][info][gc,start       ] GC(279) Pause Full (Ergonomics)
[41.882s][info][gc,phases,start] GC(279) Marking Phase
[43.228s][info][gc,phases      ] GC(279) Marking Phase 1346.841ms
[43.228s][info][gc,phases,start] GC(279) Summary Phase
[43.229s][info][gc,phases      ] GC(279) Summary Phase 0.069ms
[43.229s][info][gc,phases,start] GC(279) Adjust Roots
[43.229s][info][gc,phases      ] GC(279) Adjust Roots 0.180ms
[43.229s][info][gc,phases,start] GC(279) Compaction Phase
[43.712s][info][gc,phases      ] GC(279) Compaction Phase 482.803ms
[43.712s][info][gc,phases,start] GC(279) Post Compact
[43.720s][info][gc,phases      ] GC(279) Post Compact 8.830ms
[43.721s][info][gc,heap        ] GC(279) PSYoungGen: 121949K(359424K)->121948K(359424K) Eden: 94720K(94720K)->94719K(94720K) From: 27229K(264704K)->27229K(264704K)
[43.721s][info][gc,heap        ] GC(279) ParOldGen: 5938702K(5939200K)->5938702K(5939200K)
[43.721s][info][gc,metaspace   ] GC(279) Metaspace: 6302K(6528K)->6302K(6528K) NonClass: 5769K(5888K)->5769K(5888K) Class: 533K(640K)->533K(640K)
[43.721s][info][gc             ] GC(279) Pause Full (Ergonomics) 5918M->5918M(6151M) 1839.081ms
[43.721s][info][gc,cpu         ] GC(279) User=13.25s Sys=0.00s Real=1.84s
[43.721s][info][gc,start       ] GC(280) Pause Full (Ergonomics)
[43.721s][info][gc,phases,start] GC(280) Marking Phase
[45.066s][info][gc,phases      ] GC(280) Marking Phase 1345.318ms
[45.066s][info][gc,phases,start] GC(280) Summary Phase
[45.066s][info][gc,phases      ] GC(280) Summary Phase 0.069ms
[45.066s][info][gc,phases,start] GC(280) Adjust Roots
[45.066s][info][gc,phases      ] GC(280) Adjust Roots 0.183ms
[45.067s][info][gc,phases,start] GC(280) Compaction Phase
[45.545s][info][gc,phases      ] GC(280) Compaction Phase 478.732ms
[45.545s][info][gc,phases,start] GC(280) Post Compact
[45.554s][info][gc,phases      ] GC(280) Post Compact 8.771ms
[45.554s][info][gc,heap        ] GC(280) PSYoungGen: 121949K(359424K)->121949K(359424K) Eden: 94719K(94720K)->94719K(94720K) From: 27229K(264704K)->27229K(264704K)
[45.554s][info][gc,heap        ] GC(280) ParOldGen: 5938702K(5939200K)->5938702K(5939200K)
[45.554s][info][gc,metaspace   ] GC(280) Metaspace: 6302K(6528K)->6302K(6528K) NonClass: 5769K(5888K)->5769K(5888K) Class: 533K(640K)->533K(640K)
[45.554s][info][gc             ] GC(280) Pause Full (Ergonomics) 5918M->5918M(6151M) 1833.416ms
[45.554s][info][gc,cpu         ] GC(280) User=13.08s Sys=0.00s Real=1.83s
[45.554s][info][gc,start       ] GC(281) Pause Full (Ergonomics)
[45.554s][info][gc,phases,start] GC(281) Marking Phase
[46.890s][info][gc,phases      ] GC(281) Marking Phase 1335.903ms
[46.890s][info][gc,phases,start] GC(281) Summary Phase
[46.890s][info][gc,phases      ] GC(281) Summary Phase 0.061ms
[46.890s][info][gc,phases,start] GC(281) Adjust Roots
[46.891s][info][gc,phases      ] GC(281) Adjust Roots 0.160ms
[46.891s][info][gc,phases,start] GC(281) Compaction Phase
[47.368s][info][gc,phases      ] GC(281) Compaction Phase 477.455ms
[47.368s][info][gc,phases,start] GC(281) Post Compact
[47.377s][info][gc,phases      ] GC(281) Post Compact 8.877ms
[47.377s][info][gc,heap        ] GC(281) PSYoungGen: 121949K(359424K)->121949K(359424K) Eden: 94720K(94720K)->94720K(94720K) From: 27229K(264704K)->27229K(264704K)
[47.377s][info][gc,heap        ] GC(281) ParOldGen: 5938707K(5939200K)->5938707K(5939200K)
[47.377s][info][gc,metaspace   ] GC(281) Metaspace: 6302K(6528K)->6302K(6528K) NonClass: 5769K(5888K)->5769K(5888K) Class: 533K(640K)->533K(640K)
[47.377s][info][gc             ] GC(281) Pause Full (Ergonomics) 5918M->5918M(6151M) 1822.799ms
[47.377s][info][gc,cpu         ] GC(281) User=13.20s Sys=0.02s Real=1.82s
[47.377s][info][gc,start       ] GC(282) Pause Full (Ergonomics)
[47.377s][info][gc,phases,start] GC(282) Marking Phase
[48.711s][info][gc,phases      ] GC(282) Marking Phase 1333.118ms
[48.711s][info][gc,phases,start] GC(282) Summary Phase
[48.711s][info][gc,phases      ] GC(282) Summary Phase 0.065ms
[48.711s][info][gc,phases,start] GC(282) Adjust Roots
[48.711s][info][gc,phases      ] GC(282) Adjust Roots 0.170ms
[48.711s][info][gc,phases,start] GC(282) Compaction Phase
[49.222s][info][gc,phases      ] GC(282) Compaction Phase 510.790ms
[49.222s][info][gc,phases,start] GC(282) Post Compact
[49.231s][info][gc,phases      ] GC(282) Post Compact 8.755ms
[49.231s][info][gc,heap        ] GC(282) PSYoungGen: 121949K(359424K)->121949K(359424K) Eden: 94720K(94720K)->94720K(94720K) From: 27229K(264704K)->27229K(264704K)
[49.231s][info][gc,heap        ] GC(282) ParOldGen: 5938712K(5939200K)->5938712K(5939200K)
[49.231s][info][gc,metaspace   ] GC(282) Metaspace: 6302K(6528K)->6302K(6528K) NonClass: 5769K(5888K)->5769K(5888K) Class: 533K(640K)->533K(640K)
[49.231s][info][gc             ] GC(282) Pause Full (Ergonomics) 5918M->5918M(6151M) 1853.215ms
[49.231s][info][gc,cpu         ] GC(282) User=13.11s Sys=0.00s Real=1.85s
[49.231s][info][gc,start       ] GC(283) Pause Full (Ergonomics)
[49.231s][info][gc,phases,start] GC(283) Marking Phase
[50.584s][info][gc,phases      ] GC(283) Marking Phase 1352.699ms
[50.584s][info][gc,phases,start] GC(283) Summary Phase
[50.584s][info][gc,phases      ] GC(283) Summary Phase 0.071ms
[50.584s][info][gc,phases,start] GC(283) Adjust Roots
[50.584s][info][gc,phases      ] GC(283) Adjust Roots 0.175ms
[50.584s][info][gc,phases,start] GC(283) Compaction Phase
[51.077s][info][gc,phases      ] GC(283) Compaction Phase 492.675ms
[51.077s][info][gc,phases,start] GC(283) Post Compact
[51.085s][info][gc,phases      ] GC(283) Post Compact 8.711ms
[51.085s][info][gc,heap        ] GC(283) PSYoungGen: 121949K(359424K)->121949K(359424K) Eden: 94720K(94720K)->94720K(94720K) From: 27229K(264704K)->27229K(264704K)
[51.085s][info][gc,heap        ] GC(283) ParOldGen: 5938717K(5939200K)->5938717K(5939200K)
[51.085s][info][gc,metaspace   ] GC(283) Metaspace: 6302K(6528K)->6302K(6528K) NonClass: 5769K(5888K)->5769K(5888K) Class: 533K(640K)->533K(640K)
[51.085s][info][gc             ] GC(283) Pause Full (Ergonomics) 5918M->5918M(6151M) 1854.644ms
[51.085s][info][gc,cpu         ] GC(283) User=13.27s Sys=0.00s Real=1.85s
[51.086s][info][gc,start       ] GC(284) Pause Full (Ergonomics)
[51.086s][info][gc,phases,start] GC(284) Marking Phase
[52.432s][info][gc,phases      ] GC(284) Marking Phase 1346.463ms
[52.432s][info][gc,phases,start] GC(284) Summary Phase
[52.432s][info][gc,phases      ] GC(284) Summary Phase 0.065ms
[52.432s][info][gc,phases,start] GC(284) Adjust Roots
[52.433s][info][gc,phases      ] GC(284) Adjust Roots 0.191ms
[52.433s][info][gc,phases,start] GC(284) Compaction Phase
[52.938s][info][gc,phases      ] GC(284) Compaction Phase 505.926ms
[52.939s][info][gc,phases,start] GC(284) Post Compact
[52.947s][info][gc,phases      ] GC(284) Post Compact 8.907ms
[52.948s][info][gc,heap        ] GC(284) PSYoungGen: 121949K(359424K)->121949K(359424K) Eden: 94720K(94720K)->94720K(94720K) From: 27229K(264704K)->27229K(264704K)
[52.948s][info][gc,heap        ] GC(284) ParOldGen: 5938722K(5939200K)->5938722K(5939200K)
[52.948s][info][gc,metaspace   ] GC(284) Metaspace: 6302K(6528K)->6302K(6528K) NonClass: 5769K(5888K)->5769K(5888K) Class: 533K(640K)->533K(640K)
[52.948s][info][gc             ] GC(284) Pause Full (Ergonomics) 5918M->5918M(6151M) 1861.900ms
[52.948s][info][gc,cpu         ] GC(284) User=13.30s Sys=0.00s Real=1.86s
[52.948s][info][gc,start       ] GC(285) Pause Full (Ergonomics)
[52.948s][info][gc,phases,start] GC(285) Marking Phase
[54.298s][info][gc,phases      ] GC(285) Marking Phase 1349.773ms
[54.298s][info][gc,phases,start] GC(285) Summary Phase
[54.298s][info][gc,phases      ] GC(285) Summary Phase 0.061ms
[54.298s][info][gc,phases,start] GC(285) Adjust Roots
[54.298s][info][gc,phases      ] GC(285) Adjust Roots 0.173ms
[54.298s][info][gc,phases,start] GC(285) Compaction Phase
[54.803s][info][gc,phases      ] GC(285) Compaction Phase 504.948ms
[54.803s][info][gc,phases,start] GC(285) Post Compact
[54.812s][info][gc,phases      ] GC(285) Post Compact 8.816ms
[54.812s][info][gc,heap        ] GC(285) PSYoungGen: 121949K(359424K)->121949K(359424K) Eden: 94720K(94720K)->94720K(94720K) From: 27229K(264704K)->27229K(264704K)
[54.812s][info][gc,heap        ] GC(285) ParOldGen: 5938727K(5939200K)->5938727K(5939200K)
[54.812s][info][gc,metaspace   ] GC(285) Metaspace: 6302K(6528K)->6302K(6528K) NonClass: 5769K(5888K)->5769K(5888K) Class: 533K(640K)->533K(640K)
[54.812s][info][gc             ] GC(285) Pause Full (Ergonomics) 5918M->5918M(6151M) 1864.114ms
[54.812s][info][gc,cpu         ] GC(285) User=13.31s Sys=0.00s Real=1.86s
[54.812s][info][gc,start       ] GC(286) Pause Full (Ergonomics)
[54.812s][info][gc,phases,start] GC(286) Marking Phase
[56.164s][info][gc,phases      ] GC(286) Marking Phase 1351.411ms
[56.164s][info][gc,phases,start] GC(286) Summary Phase
[56.164s][info][gc,phases      ] GC(286) Summary Phase 0.065ms
[56.164s][info][gc,phases,start] GC(286) Adjust Roots
[56.164s][info][gc,phases      ] GC(286) Adjust Roots 0.213ms
[56.164s][info][gc,phases,start] GC(286) Compaction Phase
[56.671s][info][gc,phases      ] GC(286) Compaction Phase 507.205ms
[56.671s][info][gc,phases,start] GC(286) Post Compact
[56.680s][info][gc,phases      ] GC(286) Post Compact 8.807ms
[56.680s][info][gc,heap        ] GC(286) PSYoungGen: 121949K(359424K)->121949K(359424K) Eden: 94720K(94720K)->94720K(94720K) From: 27229K(264704K)->27229K(264704K)
[56.680s][info][gc,heap        ] GC(286) ParOldGen: 5938731K(5939200K)->5938731K(5939200K)
[56.680s][info][gc,metaspace   ] GC(286) Metaspace: 6302K(6528K)->6302K(6528K) NonClass: 5769K(5888K)->5769K(5888K) Class: 533K(640K)->533K(640K)
[56.680s][info][gc             ] GC(286) Pause Full (Ergonomics) 5918M->5918M(6151M) 1868.015ms
[56.680s][info][gc,cpu         ] GC(286) User=13.48s Sys=0.00s Real=1.87s
[56.680s][info][gc,start       ] GC(287) Pause Full (Ergonomics)
[56.680s][info][gc,phases,start] GC(287) Marking Phase
[58.035s][info][gc,phases      ] GC(287) Marking Phase 1355.080ms
[58.036s][info][gc,phases,start] GC(287) Summary Phase
[58.036s][info][gc,phases      ] GC(287) Summary Phase 0.067ms
[58.036s][info][gc,phases,start] GC(287) Adjust Roots
[58.036s][info][gc,phases      ] GC(287) Adjust Roots 0.223ms
[58.036s][info][gc,phases,start] GC(287) Compaction Phase
[58.528s][info][gc,phases      ] GC(287) Compaction Phase 491.708ms
[58.528s][info][gc,phases,start] GC(287) Post Compact
[58.536s][info][gc,phases      ] GC(287) Post Compact 8.721ms
[58.536s][info][gc,heap        ] GC(287) PSYoungGen: 121949K(359424K)->121949K(359424K) Eden: 94720K(94720K)->94720K(94720K) From: 27229K(264704K)->27229K(264704K)
[58.536s][info][gc,heap        ] GC(287) ParOldGen: 5938736K(5939200K)->5938736K(5939200K)
[58.536s][info][gc,metaspace   ] GC(287) Metaspace: 6302K(6528K)->6302K(6528K) NonClass: 5769K(5888K)->5769K(5888K) Class: 533K(640K)->533K(640K)
[58.536s][info][gc             ] GC(287) Pause Full (Ergonomics) 5918M->5918M(6151M) 1856.125ms
[58.536s][info][gc,cpu         ] GC(287) User=13.41s Sys=0.02s Real=1.86s
[58.537s][info][gc,start       ] GC(288) Pause Full (Ergonomics)
[58.537s][info][gc,phases,start] GC(288) Marking Phase
[59.906s][info][gc,phases      ] GC(288) Marking Phase 1369.142ms
[59.906s][info][gc,phases,start] GC(288) Summary Phase
[59.906s][info][gc,phases      ] GC(288) Summary Phase 0.062ms
[59.906s][info][gc,phases,start] GC(288) Adjust Roots
[59.906s][info][gc,phases      ] GC(288) Adjust Roots 0.160ms
[59.906s][info][gc,phases,start] GC(288) Compaction Phase
[60.407s][info][gc,phases      ] GC(288) Compaction Phase 500.965ms
[60.407s][info][gc,phases,start] GC(288) Post Compact
[60.416s][info][gc,phases      ] GC(288) Post Compact 8.725ms
[60.416s][info][gc,heap        ] GC(288) PSYoungGen: 121949K(359424K)->121949K(359424K) Eden: 94720K(94720K)->94720K(94720K) From: 27229K(264704K)->27229K(264704K)
[60.416s][info][gc,heap        ] GC(288) ParOldGen: 5938741K(5939200K)->5938741K(5939200K)
[60.416s][info][gc,metaspace   ] GC(288) Metaspace: 6302K(6528K)->6302K(6528K) NonClass: 5769K(5888K)->5769K(5888K) Class: 533K(640K)->533K(640K)
[60.416s][info][gc             ] GC(288) Pause Full (Ergonomics) 5918M->5918M(6151M) 1879.379ms
[60.416s][info][gc,cpu         ] GC(288) User=13.69s Sys=0.00s Real=1.88s
[60.416s][info][gc,start       ] GC(289) Pause Full (Ergonomics)
[60.416s][info][gc,phases,start] GC(289) Marking Phase
[61.871s][info][gc,phases      ] GC(289) Marking Phase 1454.465ms
[61.871s][info][gc,phases,start] GC(289) Summary Phase
[61.871s][info][gc,phases      ] GC(289) Summary Phase 0.110ms
[61.871s][info][gc,phases,start] GC(289) Adjust Roots
[61.871s][info][gc,phases      ] GC(289) Adjust Roots 0.340ms
[61.871s][info][gc,phases,start] GC(289) Compaction Phase
[62.482s][info][gc,phases      ] GC(289) Compaction Phase 610.406ms
[62.482s][info][gc,phases,start] GC(289) Post Compact
[62.492s][info][gc,phases      ] GC(289) Post Compact 10.357ms
[62.492s][info][gc,heap        ] GC(289) PSYoungGen: 121949K(359424K)->121949K(359424K) Eden: 94720K(94720K)->94720K(94720K) From: 27229K(264704K)->27229K(264704K)
[62.492s][info][gc,heap        ] GC(289) ParOldGen: 5938746K(5939200K)->5938746K(5939200K)
[62.492s][info][gc,metaspace   ] GC(289) Metaspace: 6302K(6528K)->6302K(6528K) NonClass: 5769K(5888K)->5769K(5888K) Class: 533K(640K)->533K(640K)
[62.492s][info][gc             ] GC(289) Pause Full (Ergonomics) 5918M->5918M(6151M) 2076.137ms
[62.492s][info][gc,cpu         ] GC(289) User=13.36s Sys=0.03s Real=2.08s
[62.493s][info][gc,start       ] GC(290) Pause Full (Ergonomics)
[62.493s][info][gc,phases,start] GC(290) Marking Phase
[63.896s][info][gc,phases      ] GC(290) Marking Phase 1403.845ms
[63.897s][info][gc,phases,start] GC(290) Summary Phase
[63.897s][info][gc,phases      ] GC(290) Summary Phase 0.067ms
[63.897s][info][gc,phases,start] GC(290) Adjust Roots
[63.897s][info][gc,phases      ] GC(290) Adjust Roots 0.167ms
[63.897s][info][gc,phases,start] GC(290) Compaction Phase
[64.438s][info][gc,phases      ] GC(290) Compaction Phase 541.329ms
[64.438s][info][gc,phases,start] GC(290) Post Compact
[64.448s][info][gc,phases      ] GC(290) Post Compact 9.693ms
[64.448s][info][gc,heap        ] GC(290) PSYoungGen: 121949K(359424K)->121949K(359424K) Eden: 94720K(94720K)->94720K(94720K) From: 27229K(264704K)->27229K(264704K)
[64.448s][info][gc,heap        ] GC(290) ParOldGen: 5938751K(5939200K)->5938751K(5939200K)
[64.448s][info][gc,metaspace   ] GC(290) Metaspace: 6302K(6528K)->6302K(6528K) NonClass: 5769K(5888K)->5769K(5888K) Class: 533K(640K)->533K(640K)
[64.448s][info][gc             ] GC(290) Pause Full (Ergonomics) 5918M->5918M(6151M) 1955.461ms
[64.448s][info][gc,cpu         ] GC(290) User=13.53s Sys=0.03s Real=1.96s
[64.448s][info][gc,start       ] GC(291) Pause Full (Ergonomics)
[64.448s][info][gc,phases,start] GC(291) Marking Phase
[65.886s][info][gc,phases      ] GC(291) Marking Phase 1437.197ms
[65.886s][info][gc,phases,start] GC(291) Summary Phase
[65.886s][info][gc,phases      ] GC(291) Summary Phase 0.104ms
[65.886s][info][gc,phases,start] GC(291) Adjust Roots
[65.886s][info][gc,phases      ] GC(291) Adjust Roots 0.343ms
[65.886s][info][gc,phases,start] GC(291) Compaction Phase
[66.434s][info][gc,phases      ] GC(291) Compaction Phase 547.446ms
[66.434s][info][gc,phases,start] GC(291) Post Compact
[66.443s][info][gc,phases      ] GC(291) Post Compact 9.328ms
[66.443s][info][gc,heap        ] GC(291) PSYoungGen: 121949K(359424K)->121949K(359424K) Eden: 94720K(94720K)->94720K(94720K) From: 27229K(264704K)->27229K(264704K)
[66.443s][info][gc,heap        ] GC(291) ParOldGen: 5938756K(5939200K)->5938756K(5939200K)
[66.443s][info][gc,metaspace   ] GC(291) Metaspace: 6302K(6528K)->6302K(6528K) NonClass: 5769K(5888K)->5769K(5888K) Class: 533K(640K)->533K(640K)
[66.443s][info][gc             ] GC(291) Pause Full (Ergonomics) 5918M->5918M(6151M) 1994.791ms
[66.443s][info][gc,cpu         ] GC(291) User=13.50s Sys=0.00s Real=1.99s
[66.443s][info][gc,start       ] GC(292) Pause Full (Ergonomics)
[66.443s][info][gc,phases,start] GC(292) Marking Phase
[67.821s][info][gc,phases      ] GC(292) Marking Phase 1377.282ms
[67.821s][info][gc,phases,start] GC(292) Summary Phase
[67.821s][info][gc,phases      ] GC(292) Summary Phase 0.070ms
[67.821s][info][gc,phases,start] GC(292) Adjust Roots
[67.821s][info][gc,phases      ] GC(292) Adjust Roots 0.166ms
[67.821s][info][gc,phases,start] GC(292) Compaction Phase
[68.348s][info][gc,phases      ] GC(292) Compaction Phase 526.821ms
[68.348s][info][gc,phases,start] GC(292) Post Compact
[68.357s][info][gc,phases      ] GC(292) Post Compact 8.932ms
[68.357s][info][gc,heap        ] GC(292) PSYoungGen: 121949K(359424K)->121949K(359424K) Eden: 94720K(94720K)->94720K(94720K) From: 27229K(264704K)->27229K(264704K)
[68.357s][info][gc,heap        ] GC(292) ParOldGen: 5938760K(5939200K)->5938760K(5939200K)
[68.357s][info][gc,metaspace   ] GC(292) Metaspace: 6302K(6528K)->6302K(6528K) NonClass: 5769K(5888K)->5769K(5888K) Class: 533K(640K)->533K(640K)
[68.357s][info][gc             ] GC(292) Pause Full (Ergonomics) 5918M->5918M(6151M) 1913.590ms
[68.357s][info][gc,cpu         ] GC(292) User=13.66s Sys=0.02s Real=1.91s
[68.357s][info][gc,start       ] GC(293) Pause Full (Ergonomics)
[68.357s][info][gc,phases,start] GC(293) Marking Phase
[69.727s][info][gc,phases      ] GC(293) Marking Phase 1370.158ms
[69.727s][info][gc,phases,start] GC(293) Summary Phase
[69.727s][info][gc,phases      ] GC(293) Summary Phase 0.065ms
[69.727s][info][gc,phases,start] GC(293) Adjust Roots
[69.728s][info][gc,phases      ] GC(293) Adjust Roots 0.221ms
[69.728s][info][gc,phases,start] GC(293) Compaction Phase
[70.270s][info][gc,phases      ] GC(293) Compaction Phase 542.007ms
[70.270s][info][gc,phases,start] GC(293) Post Compact
[70.279s][info][gc,phases      ] GC(293) Post Compact 9.178ms
[70.279s][info][gc,heap        ] GC(293) PSYoungGen: 121949K(359424K)->121949K(359424K) Eden: 94720K(94720K)->94720K(94720K) From: 27229K(264704K)->27229K(264704K)
[70.279s][info][gc,heap        ] GC(293) ParOldGen: 5938765K(5939200K)->5938765K(5939200K)
[70.279s][info][gc,metaspace   ] GC(293) Metaspace: 6302K(6528K)->6302K(6528K) NonClass: 5769K(5888K)->5769K(5888K) Class: 533K(640K)->533K(640K)
[70.279s][info][gc             ] GC(293) Pause Full (Ergonomics) 5918M->5918M(6151M) 1921.975ms
[70.279s][info][gc,cpu         ] GC(293) User=13.84s Sys=0.00s Real=1.92s
[70.279s][info][gc,start       ] GC(294) Pause Full (Ergonomics)
[70.279s][info][gc,phases,start] GC(294) Marking Phase
[71.665s][info][gc,phases      ] GC(294) Marking Phase 1385.695ms
[71.665s][info][gc,phases,start] GC(294) Summary Phase
[71.665s][info][gc,phases      ] GC(294) Summary Phase 0.062ms
[71.665s][info][gc,phases,start] GC(294) Adjust Roots
[71.665s][info][gc,phases      ] GC(294) Adjust Roots 0.160ms
[71.665s][info][gc,phases,start] GC(294) Compaction Phase
[72.222s][info][gc,phases      ] GC(294) Compaction Phase 556.805ms
[72.222s][info][gc,phases,start] GC(294) Post Compact
[72.231s][info][gc,phases      ] GC(294) Post Compact 8.721ms
[72.231s][info][gc,heap        ] GC(294) PSYoungGen: 121949K(359424K)->121949K(359424K) Eden: 94720K(94720K)->94720K(94720K) From: 27229K(264704K)->27229K(264704K)
[72.231s][info][gc,heap        ] GC(294) ParOldGen: 5938770K(5939200K)->5938770K(5939200K)
[72.231s][info][gc,metaspace   ] GC(294) Metaspace: 6302K(6528K)->6302K(6528K) NonClass: 5769K(5888K)->5769K(5888K) Class: 533K(640K)->533K(640K)
[72.231s][info][gc             ] GC(294) Pause Full (Ergonomics) 5918M->5918M(6151M) 1951.750ms
[72.231s][info][gc,cpu         ] GC(294) User=13.83s Sys=0.02s Real=1.95s
[72.231s][info][gc,start       ] GC(295) Pause Full (Ergonomics)
[72.231s][info][gc,phases,start] GC(295) Marking Phase
[73.623s][info][gc,phases      ] GC(295) Marking Phase 1391.777ms
[73.623s][info][gc,phases,start] GC(295) Summary Phase
[73.623s][info][gc,phases      ] GC(295) Summary Phase 0.069ms
[73.623s][info][gc,phases,start] GC(295) Adjust Roots
[73.623s][info][gc,phases      ] GC(295) Adjust Roots 0.211ms
[73.623s][info][gc,phases,start] GC(295) Compaction Phase
[74.202s][info][gc,phases      ] GC(295) Compaction Phase 578.273ms
[74.202s][info][gc,phases,start] GC(295) Post Compact
[74.211s][info][gc,phases      ] GC(295) Post Compact 8.837ms
[74.211s][info][gc,heap        ] GC(295) PSYoungGen: 121949K(359424K)->121949K(359424K) Eden: 94720K(94720K)->94720K(94720K) From: 27229K(264704K)->27229K(264704K)
[74.211s][info][gc,heap        ] GC(295) ParOldGen: 5938775K(5939200K)->5938775K(5939200K)
[74.211s][info][gc,metaspace   ] GC(295) Metaspace: 6302K(6528K)->6302K(6528K) NonClass: 5769K(5888K)->5769K(5888K) Class: 533K(640K)->533K(640K)
[74.211s][info][gc             ] GC(295) Pause Full (Ergonomics) 5918M->5918M(6151M) 1979.518ms
[74.211s][info][gc,cpu         ] GC(295) User=13.92s Sys=0.00s Real=1.98s
[74.211s][info][gc,start       ] GC(296) Pause Full (Ergonomics)
[74.211s][info][gc,phases,start] GC(296) Marking Phase
[75.599s][info][gc,phases      ] GC(296) Marking Phase 1388.402ms
[75.599s][info][gc,phases,start] GC(296) Summary Phase
[75.599s][info][gc,phases      ] GC(296) Summary Phase 0.068ms
[75.599s][info][gc,phases,start] GC(296) Adjust Roots
[75.600s][info][gc,phases      ] GC(296) Adjust Roots 0.175ms
[75.600s][info][gc,phases,start] GC(296) Compaction Phase
[76.126s][info][gc,phases      ] GC(296) Compaction Phase 526.353ms
[76.126s][info][gc,phases,start] GC(296) Post Compact
[76.136s][info][gc,phases      ] GC(296) Post Compact 10.064ms
[76.136s][info][gc,heap        ] GC(296) PSYoungGen: 121949K(359424K)->121949K(359424K) Eden: 94720K(94720K)->94720K(94720K) From: 27229K(264704K)->27229K(264704K)
[76.136s][info][gc,heap        ] GC(296) ParOldGen: 5938780K(5939200K)->5938780K(5939200K)
[76.136s][info][gc,metaspace   ] GC(296) Metaspace: 6302K(6528K)->6302K(6528K) NonClass: 5769K(5888K)->5769K(5888K) Class: 533K(640K)->533K(640K)
[76.136s][info][gc             ] GC(296) Pause Full (Ergonomics) 5918M->5918M(6151M) 1925.376ms
[76.136s][info][gc,cpu         ] GC(296) User=13.77s Sys=0.00s Real=1.92s
[76.136s][info][gc,start       ] GC(297) Pause Full (Ergonomics)
[76.137s][info][gc,phases,start] GC(297) Marking Phase
[77.535s][info][gc,phases      ] GC(297) Marking Phase 1398.834ms
[77.535s][info][gc,phases,start] GC(297) Summary Phase
[77.535s][info][gc,phases      ] GC(297) Summary Phase 0.067ms
[77.535s][info][gc,phases,start] GC(297) Adjust Roots
[77.536s][info][gc,phases      ] GC(297) Adjust Roots 0.185ms
[77.536s][info][gc,phases,start] GC(297) Compaction Phase
[78.100s][info][gc,phases      ] GC(297) Compaction Phase 563.962ms
[78.100s][info][gc,phases,start] GC(297) Post Compact
[78.108s][info][gc,phases      ] GC(297) Post Compact 8.684ms
[78.108s][info][gc,heap        ] GC(297) PSYoungGen: 121949K(359424K)->121949K(359424K) Eden: 94720K(94720K)->94720K(94720K) From: 27229K(264704K)->27229K(264704K)
[78.108s][info][gc,heap        ] GC(297) ParOldGen: 5938785K(5939200K)->5938785K(5939200K)
[78.109s][info][gc,metaspace   ] GC(297) Metaspace: 6302K(6528K)->6302K(6528K) NonClass: 5769K(5888K)->5769K(5888K) Class: 533K(640K)->533K(640K)
[78.109s][info][gc             ] GC(297) Pause Full (Ergonomics) 5918M->5918M(6151M) 1972.048ms
[78.109s][info][gc,cpu         ] GC(297) User=13.88s Sys=0.00s Real=1.97s
[78.109s][info][gc,start       ] GC(298) Pause Full (Ergonomics)
[78.109s][info][gc,phases,start] GC(298) Marking Phase
[79.536s][info][gc,phases      ] GC(298) Marking Phase 1427.555ms
[79.536s][info][gc,phases,start] GC(298) Summary Phase
[79.537s][info][gc,phases      ] GC(298) Summary Phase 0.121ms
[79.537s][info][gc,phases,start] GC(298) Adjust Roots
[79.537s][info][gc,phases      ] GC(298) Adjust Roots 0.330ms
[79.537s][info][gc,phases,start] GC(298) Compaction Phase
[80.114s][info][gc,phases      ] GC(298) Compaction Phase 577.511ms
[80.114s][info][gc,phases,start] GC(298) Post Compact
[80.123s][info][gc,phases      ] GC(298) Post Compact 8.865ms
[80.123s][info][gc,heap        ] GC(298) PSYoungGen: 121949K(359424K)->121949K(359424K) Eden: 94720K(94720K)->94720K(94720K) From: 27229K(264704K)->27229K(264704K)
[80.123s][info][gc,heap        ] GC(298) ParOldGen: 5938789K(5939200K)->5938789K(5939200K)
[80.123s][info][gc,metaspace   ] GC(298) Metaspace: 6302K(6528K)->6302K(6528K) NonClass: 5769K(5888K)->5769K(5888K) Class: 533K(640K)->533K(640K)
[80.123s][info][gc             ] GC(298) Pause Full (Ergonomics) 5918M->5918M(6151M) 2014.760ms
[80.124s][info][gc,cpu         ] GC(298) User=14.22s Sys=0.00s Real=2.02s
[80.124s][info][gc,start       ] GC(299) Pause Full (Ergonomics)
[80.124s][info][gc,phases,start] GC(299) Marking Phase
[81.542s][info][gc,phases      ] GC(299) Marking Phase 1418.500ms
[81.542s][info][gc,phases,start] GC(299) Summary Phase
[81.542s][info][gc,phases      ] GC(299) Summary Phase 0.073ms
[81.542s][info][gc,phases,start] GC(299) Adjust Roots
[81.543s][info][gc,phases      ] GC(299) Adjust Roots 0.205ms
[81.543s][info][gc,phases,start] GC(299) Compaction Phase
[82.102s][info][gc,phases      ] GC(299) Compaction Phase 559.836ms
[82.103s][info][gc,phases,start] GC(299) Post Compact
[82.111s][info][gc,phases      ] GC(299) Post Compact 8.869ms
[82.111s][info][gc,heap        ] GC(299) PSYoungGen: 121949K(359424K)->121949K(359424K) Eden: 94720K(94720K)->94720K(94720K) From: 27229K(264704K)->27229K(264704K)
[82.111s][info][gc,heap        ] GC(299) ParOldGen: 5938794K(5939200K)->5938794K(5939200K)
[82.111s][info][gc,metaspace   ] GC(299) Metaspace: 6302K(6528K)->6302K(6528K) NonClass: 5769K(5888K)->5769K(5888K) Class: 533K(640K)->533K(640K)
[82.112s][info][gc             ] GC(299) Pause Full (Ergonomics) 5918M->5918M(6151M) 1987.816ms
[82.112s][info][gc,cpu         ] GC(299) User=14.36s Sys=0.00s Real=1.99s
[82.112s][info][gc,start       ] GC(300) Pause Full (Ergonomics)
[82.112s][info][gc,phases,start] GC(300) Marking Phase
[83.511s][info][gc,phases      ] GC(300) Marking Phase 1399.755ms
[83.512s][info][gc,phases,start] GC(300) Summary Phase
[83.512s][info][gc,phases      ] GC(300) Summary Phase 0.062ms
[83.512s][info][gc,phases,start] GC(300) Adjust Roots
[83.512s][info][gc,phases      ] GC(300) Adjust Roots 0.163ms
[83.512s][info][gc,phases,start] GC(300) Compaction Phase
[84.082s][info][gc,phases      ] GC(300) Compaction Phase 570.011ms
[84.082s][info][gc,phases,start] GC(300) Post Compact
[84.091s][info][gc,phases      ] GC(300) Post Compact 8.764ms
[84.091s][info][gc,heap        ] GC(300) PSYoungGen: 121949K(359424K)->121949K(359424K) Eden: 94720K(94720K)->94720K(94720K) From: 27229K(264704K)->27229K(264704K)
[84.091s][info][gc,heap        ] GC(300) ParOldGen: 5938799K(5939200K)->5938799K(5939200K)
[84.091s][info][gc,metaspace   ] GC(300) Metaspace: 6302K(6528K)->6302K(6528K) NonClass: 5769K(5888K)->5769K(5888K) Class: 533K(640K)->533K(640K)
[84.091s][info][gc             ] GC(300) Pause Full (Ergonomics) 5918M->5918M(6151M) 1979.064ms
[84.091s][info][gc,cpu         ] GC(300) User=13.91s Sys=0.00s Real=1.98s
[84.091s][info][gc,start       ] GC(301) Pause Full (Ergonomics)
[84.091s][info][gc,phases,start] GC(301) Marking Phase
[85.510s][info][gc,phases      ] GC(301) Marking Phase 1419.021ms
[85.510s][info][gc,phases,start] GC(301) Summary Phase
[85.510s][info][gc,phases      ] GC(301) Summary Phase 0.062ms
[85.510s][info][gc,phases,start] GC(301) Adjust Roots
[85.510s][info][gc,phases      ] GC(301) Adjust Roots 0.166ms
[85.510s][info][gc,phases,start] GC(301) Compaction Phase
[86.068s][info][gc,phases      ] GC(301) Compaction Phase 557.662ms
[86.068s][info][gc,phases,start] GC(301) Post Compact
[86.077s][info][gc,phases      ] GC(301) Post Compact 8.761ms
[86.077s][info][gc,heap        ] GC(301) PSYoungGen: 121949K(359424K)->121949K(359424K) Eden: 94720K(94720K)->94720K(94720K) From: 27229K(264704K)->27229K(264704K)
[86.077s][info][gc,heap        ] GC(301) ParOldGen: 5938804K(5939200K)->5938804K(5939200K)
[86.077s][info][gc,metaspace   ] GC(301) Metaspace: 6302K(6528K)->6302K(6528K) NonClass: 5769K(5888K)->5769K(5888K) Class: 533K(640K)->533K(640K)
[86.077s][info][gc             ] GC(301) Pause Full (Ergonomics) 5918M->5918M(6151M) 1985.984ms
[86.077s][info][gc,cpu         ] GC(301) User=14.25s Sys=0.02s Real=1.99s
[86.077s][info][gc,start       ] GC(302) Pause Full (Ergonomics)
[86.077s][info][gc,phases,start] GC(302) Marking Phase
[87.483s][info][gc,phases      ] GC(302) Marking Phase 1405.846ms
[87.483s][info][gc,phases,start] GC(302) Summary Phase
[87.483s][info][gc,phases      ] GC(302) Summary Phase 0.062ms
[87.483s][info][gc,phases,start] GC(302) Adjust Roots
[87.483s][info][gc,phases      ] GC(302) Adjust Roots 0.165ms
[87.483s][info][gc,phases,start] GC(302) Compaction Phase
[88.067s][info][gc,phases      ] GC(302) Compaction Phase 583.513ms
[88.067s][info][gc,phases,start] GC(302) Post Compact
[88.076s][info][gc,phases      ] GC(302) Post Compact 8.957ms
[88.076s][info][gc,heap        ] GC(302) PSYoungGen: 121949K(359424K)->121949K(359424K) Eden: 94720K(94720K)->94720K(94720K) From: 27229K(264704K)->27229K(264704K)
[88.076s][info][gc,heap        ] GC(302) ParOldGen: 5938809K(5939200K)->5938809K(5939200K)
[88.076s][info][gc,metaspace   ] GC(302) Metaspace: 6302K(6528K)->6302K(6528K) NonClass: 5769K(5888K)->5769K(5888K) Class: 533K(640K)->533K(640K)
[88.076s][info][gc             ] GC(302) Pause Full (Ergonomics) 5918M->5918M(6151M) 1998.884ms
[88.076s][info][gc,cpu         ] GC(302) User=14.19s Sys=0.00s Real=2.00s
[88.076s][info][gc,start       ] GC(303) Pause Full (Ergonomics)
[88.076s][info][gc,phases,start] GC(303) Marking Phase
[89.472s][info][gc,phases      ] GC(303) Marking Phase 1396.129ms
[89.472s][info][gc,phases,start] GC(303) Summary Phase
[89.473s][info][gc,phases      ] GC(303) Summary Phase 0.067ms
[89.473s][info][gc,phases,start] GC(303) Adjust Roots
[89.473s][info][gc,phases      ] GC(303) Adjust Roots 0.196ms
[89.473s][info][gc,phases,start] GC(303) Compaction Phase
[90.034s][info][gc,phases      ] GC(303) Compaction Phase 561.693ms
[90.035s][info][gc,phases,start] GC(303) Post Compact
[90.043s][info][gc,phases      ] GC(303) Post Compact 8.764ms
[90.043s][info][gc,heap        ] GC(303) PSYoungGen: 121949K(359424K)->121949K(359424K) Eden: 94720K(94720K)->94720K(94720K) From: 27229K(264704K)->27229K(264704K)
[90.043s][info][gc,heap        ] GC(303) ParOldGen: 5938814K(5939200K)->5938814K(5939200K)
[90.043s][info][gc,metaspace   ] GC(303) Metaspace: 6302K(6528K)->6302K(6528K) NonClass: 5769K(5888K)->5769K(5888K) Class: 533K(640K)->533K(640K)
[90.043s][info][gc             ] GC(303) Pause Full (Ergonomics) 5918M->5918M(6151M) 1967.159ms
[90.043s][info][gc,cpu         ] GC(303) User=13.98s Sys=0.02s Real=1.97s
[90.044s][info][gc,start       ] GC(304) Pause Full (Ergonomics)
[90.044s][info][gc,phases,start] GC(304) Marking Phase
[91.467s][info][gc,phases      ] GC(304) Marking Phase 1422.910ms
[91.467s][info][gc,phases,start] GC(304) Summary Phase
[91.467s][info][gc,phases      ] GC(304) Summary Phase 0.087ms
[91.467s][info][gc,phases,start] GC(304) Adjust Roots
[91.467s][info][gc,phases      ] GC(304) Adjust Roots 0.184ms
[91.467s][info][gc,phases,start] GC(304) Compaction Phase
[92.021s][info][gc,phases      ] GC(304) Compaction Phase 554.233ms
[92.021s][info][gc,phases,start] GC(304) Post Compact
[92.030s][info][gc,phases      ] GC(304) Post Compact 8.742ms
[92.030s][info][gc,heap        ] GC(304) PSYoungGen: 121949K(359424K)->121949K(359424K) Eden: 94720K(94720K)->94720K(94720K) From: 27229K(264704K)->27229K(264704K)
[92.030s][info][gc,heap        ] GC(304) ParOldGen: 5938818K(5939200K)->5938818K(5939200K)
[92.030s][info][gc,metaspace   ] GC(304) Metaspace: 6302K(6528K)->6302K(6528K) NonClass: 5769K(5888K)->5769K(5888K) Class: 533K(640K)->533K(640K)
[92.030s][info][gc             ] GC(304) Pause Full (Ergonomics) 5918M->5918M(6151M) 1986.471ms
[92.030s][info][gc,cpu         ] GC(304) User=14.17s Sys=0.00s Real=1.99s
[92.030s][info][gc,start       ] GC(305) Pause Full (Ergonomics)
[92.030s][info][gc,phases,start] GC(305) Marking Phase
[93.423s][info][gc,phases      ] GC(305) Marking Phase 1392.233ms
[93.423s][info][gc,phases,start] GC(305) Summary Phase
[93.423s][info][gc,phases      ] GC(305) Summary Phase 0.071ms
[93.423s][info][gc,phases,start] GC(305) Adjust Roots
[93.423s][info][gc,phases      ] GC(305) Adjust Roots 0.203ms
[93.423s][info][gc,phases,start] GC(305) Compaction Phase
[93.976s][info][gc,phases      ] GC(305) Compaction Phase 553.470ms
[93.976s][info][gc,phases,start] GC(305) Post Compact
[93.985s][info][gc,phases      ] GC(305) Post Compact 8.832ms
[93.985s][info][gc,heap        ] GC(305) PSYoungGen: 121949K(359424K)->121949K(359424K) Eden: 94720K(94720K)->94720K(94720K) From: 27229K(264704K)->27229K(264704K)
[93.985s][info][gc,heap        ] GC(305) ParOldGen: 5938823K(5939200K)->5938823K(5939200K)
[93.985s][info][gc,metaspace   ] GC(305) Metaspace: 6302K(6528K)->6302K(6528K) NonClass: 5769K(5888K)->5769K(5888K) Class: 533K(640K)->533K(640K)
[93.985s][info][gc             ] GC(305) Pause Full (Ergonomics) 5918M->5918M(6151M) 1955.165ms
[93.985s][info][gc,cpu         ] GC(305) User=13.91s Sys=0.00s Real=1.95s
[93.986s][info][gc,start       ] GC(306) Pause Full (Ergonomics)
[93.986s][info][gc,phases,start] GC(306) Marking Phase
[95.370s][info][gc,phases      ] GC(306) Marking Phase 1384.091ms
[95.370s][info][gc,phases,start] GC(306) Summary Phase
[95.370s][info][gc,phases      ] GC(306) Summary Phase 0.062ms
[95.370s][info][gc,phases,start] GC(306) Adjust Roots
[95.370s][info][gc,phases      ] GC(306) Adjust Roots 0.214ms
[95.370s][info][gc,phases,start] GC(306) Compaction Phase
[95.945s][info][gc,phases      ] GC(306) Compaction Phase 575.171ms
[95.945s][info][gc,phases,start] GC(306) Post Compact
[95.954s][info][gc,phases      ] GC(306) Post Compact 8.916ms
[95.954s][info][gc,heap        ] GC(306) PSYoungGen: 121949K(359424K)->121949K(359424K) Eden: 94720K(94720K)->94720K(94720K) From: 27229K(264704K)->27229K(264704K)
[95.954s][info][gc,heap        ] GC(306) ParOldGen: 5938828K(5939200K)->5938828K(5939200K)
[95.955s][info][gc,metaspace   ] GC(306) Metaspace: 6302K(6528K)->6302K(6528K) NonClass: 5769K(5888K)->5769K(5888K) Class: 533K(640K)->533K(640K)
[95.955s][info][gc             ] GC(306) Pause Full (Ergonomics) 5918M->5918M(6151M) 1968.822ms
[95.955s][info][gc,cpu         ] GC(306) User=13.83s Sys=0.02s Real=1.97s
[95.955s][info][gc,start       ] GC(307) Pause Full (Ergonomics)
[95.955s][info][gc,phases,start] GC(307) Marking Phase
[97.374s][info][gc,phases      ] GC(307) Marking Phase 1418.779ms
[97.374s][info][gc,phases,start] GC(307) Summary Phase
[97.374s][info][gc,phases      ] GC(307) Summary Phase 0.062ms
[97.374s][info][gc,phases,start] GC(307) Adjust Roots
[97.374s][info][gc,phases      ] GC(307) Adjust Roots 0.165ms
[97.374s][info][gc,phases,start] GC(307) Compaction Phase
[97.947s][info][gc,phases      ] GC(307) Compaction Phase 573.127ms
[97.947s][info][gc,phases,start] GC(307) Post Compact
[97.956s][info][gc,phases      ] GC(307) Post Compact 8.823ms
[97.956s][info][gc,heap        ] GC(307) PSYoungGen: 121949K(359424K)->121949K(359424K) Eden: 94720K(94720K)->94720K(94720K) From: 27229K(264704K)->27229K(264704K)
[97.956s][info][gc,heap        ] GC(307) ParOldGen: 5938833K(5939200K)->5938833K(5939200K)
[97.956s][info][gc,metaspace   ] GC(307) Metaspace: 6302K(6528K)->6302K(6528K) NonClass: 5769K(5888K)->5769K(5888K) Class: 533K(640K)->533K(640K)
[97.956s][info][gc             ] GC(307) Pause Full (Ergonomics) 5918M->5918M(6151M) 2001.254ms
[97.956s][info][gc,cpu         ] GC(307) User=14.17s Sys=0.00s Real=2.00s
[97.956s][info][gc,start       ] GC(308) Pause Full (Ergonomics)
[97.956s][info][gc,phases,start] GC(308) Marking Phase
[99.366s][info][gc,phases      ] GC(308) Marking Phase 1409.794ms
[99.366s][info][gc,phases,start] GC(308) Summary Phase
[99.366s][info][gc,phases      ] GC(308) Summary Phase 0.062ms
[99.366s][info][gc,phases,start] GC(308) Adjust Roots
[99.366s][info][gc,phases      ] GC(308) Adjust Roots 0.164ms
[99.366s][info][gc,phases,start] GC(308) Compaction Phase
[99.909s][info][gc,phases      ] GC(308) Compaction Phase 543.036ms
[99.909s][info][gc,phases,start] GC(308) Post Compact
[99.918s][info][gc,phases      ] GC(308) Post Compact 8.758ms
[99.918s][info][gc,heap        ] GC(308) PSYoungGen: 121949K(359424K)->121949K(359424K) Eden: 94720K(94720K)->94720K(94720K) From: 27229K(264704K)->27229K(264704K)
[99.918s][info][gc,heap        ] GC(308) ParOldGen: 5938838K(5939200K)->5938838K(5939200K)
[99.918s][info][gc,metaspace   ] GC(308) Metaspace: 6302K(6528K)->6302K(6528K) NonClass: 5769K(5888K)->5769K(5888K) Class: 533K(640K)->533K(640K)
[99.918s][info][gc             ] GC(308) Pause Full (Ergonomics) 5918M->5918M(6151M) 1962.146ms
[99.918s][info][gc,cpu         ] GC(308) User=13.95s Sys=0.00s Real=1.96s
[99.919s][info][gc,start       ] GC(309) Pause Full (Ergonomics)
[99.919s][info][gc,phases,start] GC(309) Marking Phase
[101.331s][info][gc,phases      ] GC(309) Marking Phase 1412.249ms
[101.331s][info][gc,phases,start] GC(309) Summary Phase
[101.331s][info][gc,phases      ] GC(309) Summary Phase 0.064ms
[101.331s][info][gc,phases,start] GC(309) Adjust Roots
[101.331s][info][gc,phases      ] GC(309) Adjust Roots 0.195ms
[101.331s][info][gc,phases,start] GC(309) Compaction Phase
[101.881s][info][gc,phases      ] GC(309) Compaction Phase 549.380ms
[101.881s][info][gc,phases,start] GC(309) Post Compact
[101.889s][info][gc,phases      ] GC(309) Post Compact 8.800ms
[101.890s][info][gc,heap        ] GC(309) PSYoungGen: 121949K(359424K)->121949K(359424K) Eden: 94720K(94720K)->94720K(94720K) From: 27229K(264704K)->27229K(264704K)
[101.890s][info][gc,heap        ] GC(309) ParOldGen: 5938843K(5939200K)->5938843K(5939200K)
[101.890s][info][gc,metaspace   ] GC(309) Metaspace: 6302K(6528K)->6302K(6528K) NonClass: 5769K(5888K)->5769K(5888K) Class: 533K(640K)->533K(640K)
[101.890s][info][gc             ] GC(309) Pause Full (Ergonomics) 5918M->5918M(6151M) 1971.052ms
[101.890s][info][gc,cpu         ] GC(309) User=14.09s Sys=0.03s Real=1.97s
[101.890s][info][gc,start       ] GC(310) Pause Full (Ergonomics)
[101.890s][info][gc,phases,start] GC(310) Marking Phase
[103.303s][info][gc,phases      ] GC(310) Marking Phase 1412.948ms
[103.303s][info][gc,phases,start] GC(310) Summary Phase
[103.303s][info][gc,phases      ] GC(310) Summary Phase 0.075ms
[103.303s][info][gc,phases,start] GC(310) Adjust Roots
[103.303s][info][gc,phases      ] GC(310) Adjust Roots 0.189ms
[103.303s][info][gc,phases,start] GC(310) Compaction Phase
[103.882s][info][gc,phases      ] GC(310) Compaction Phase 579.012ms
[103.882s][info][gc,phases,start] GC(310) Post Compact
[103.891s][info][gc,phases      ] GC(310) Post Compact 8.834ms
[103.891s][info][gc,heap        ] GC(310) PSYoungGen: 121949K(359424K)->121949K(359424K) Eden: 94720K(94720K)->94720K(94720K) From: 27229K(264704K)->27229K(264704K)
[103.891s][info][gc,heap        ] GC(310) ParOldGen: 5938847K(5939200K)->5938847K(5939200K)
[103.891s][info][gc,metaspace   ] GC(310) Metaspace: 6302K(6528K)->6302K(6528K) NonClass: 5769K(5888K)->5769K(5888K) Class: 533K(640K)->533K(640K)
[103.891s][info][gc             ] GC(310) Pause Full (Ergonomics) 5918M->5918M(6151M) 2001.391ms
[103.891s][info][gc,cpu         ] GC(310) User=14.23s Sys=0.00s Real=2.00s
[103.891s][info][gc,start       ] GC(311) Pause Full (Ergonomics)
[103.891s][info][gc,phases,start] GC(311) Marking Phase
[105.302s][info][gc,phases      ] GC(311) Marking Phase 1410.577ms
[105.302s][info][gc,phases,start] GC(311) Summary Phase
[105.302s][info][gc,phases      ] GC(311) Summary Phase 0.062ms
[105.302s][info][gc,phases,start] GC(311) Adjust Roots
[105.302s][info][gc,phases      ] GC(311) Adjust Roots 0.164ms
[105.302s][info][gc,phases,start] GC(311) Compaction Phase
[105.852s][info][gc,phases      ] GC(311) Compaction Phase 550.104ms
[105.853s][info][gc,phases,start] GC(311) Post Compact
[105.861s][info][gc,phases      ] GC(311) Post Compact 8.924ms
[105.862s][info][gc,heap        ] GC(311) PSYoungGen: 121949K(359424K)->121949K(359424K) Eden: 94720K(94720K)->94720K(94720K) From: 27229K(264704K)->27229K(264704K)
[105.862s][info][gc,heap        ] GC(311) ParOldGen: 5938852K(5939200K)->5938852K(5939200K)
[105.862s][info][gc,metaspace   ] GC(311) Metaspace: 6302K(6528K)->6302K(6528K) NonClass: 5769K(5888K)->5769K(5888K) Class: 533K(640K)->533K(640K)
[105.862s][info][gc             ] GC(311) Pause Full (Ergonomics) 5918M->5918M(6151M) 1970.173ms
[105.862s][info][gc,cpu         ] GC(311) User=14.12s Sys=0.03s Real=1.97s
[105.862s][info][gc,start       ] GC(312) Pause Full (Ergonomics)
[105.862s][info][gc,phases,start] GC(312) Marking Phase
[107.236s][info][gc,phases      ] GC(312) Marking Phase 1373.929ms
[107.236s][info][gc,phases,start] GC(312) Summary Phase
[107.236s][info][gc,phases      ] GC(312) Summary Phase 0.089ms
[107.236s][info][gc,phases,start] GC(312) Adjust Roots
[107.236s][info][gc,phases      ] GC(312) Adjust Roots 0.172ms
[107.236s][info][gc,phases,start] GC(312) Compaction Phase
[107.793s][info][gc,phases      ] GC(312) Compaction Phase 557.185ms
[107.793s][info][gc,phases,start] GC(312) Post Compact
[107.803s][info][gc,phases      ] GC(312) Post Compact 9.228ms
[107.803s][info][gc,heap        ] GC(312) PSYoungGen: 121949K(359424K)->121949K(359424K) Eden: 94720K(94720K)->94720K(94720K) From: 27229K(264704K)->27229K(264704K)
[107.803s][info][gc,heap        ] GC(312) ParOldGen: 5938857K(5939200K)->5938857K(5939200K)
[107.803s][info][gc,metaspace   ] GC(312) Metaspace: 6302K(6528K)->6302K(6528K) NonClass: 5769K(5888K)->5769K(5888K) Class: 533K(640K)->533K(640K)
[107.803s][info][gc             ] GC(312) Pause Full (Ergonomics) 5918M->5918M(6151M) 1940.949ms
[107.803s][info][gc,cpu         ] GC(312) User=13.78s Sys=0.00s Real=1.94s
[107.803s][info][gc,start       ] GC(313) Pause Full (Ergonomics)
[107.803s][info][gc,phases,start] GC(313) Marking Phase
[109.205s][info][gc,phases      ] GC(313) Marking Phase 1401.760ms
[109.205s][info][gc,phases,start] GC(313) Summary Phase
[109.205s][info][gc,phases      ] GC(313) Summary Phase 0.062ms
[109.205s][info][gc,phases,start] GC(313) Adjust Roots
[109.205s][info][gc,phases      ] GC(313) Adjust Roots 0.166ms
[109.205s][info][gc,phases,start] GC(313) Compaction Phase
[109.788s][info][gc,phases      ] GC(313) Compaction Phase 583.274ms
[109.788s][info][gc,phases,start] GC(313) Post Compact
[109.797s][info][gc,phases      ] GC(313) Post Compact 8.866ms
[109.797s][info][gc,heap        ] GC(313) PSYoungGen: 121949K(359424K)->121949K(359424K) Eden: 94720K(94720K)->94720K(94720K) From: 27229K(264704K)->27229K(264704K)
[109.797s][info][gc,heap        ] GC(313) ParOldGen: 5938862K(5939200K)->5938862K(5939200K)
[109.797s][info][gc,metaspace   ] GC(313) Metaspace: 6302K(6528K)->6302K(6528K) NonClass: 5769K(5888K)->5769K(5888K) Class: 533K(640K)->533K(640K)
[109.797s][info][gc             ] GC(313) Pause Full (Ergonomics) 5918M->5918M(6151M) 1994.462ms
[109.797s][info][gc,cpu         ] GC(313) User=13.83s Sys=0.03s Real=1.99s
[109.798s][info][gc,start       ] GC(314) Pause Full (Ergonomics)
[109.798s][info][gc,phases,start] GC(314) Marking Phase
[111.190s][info][gc,phases      ] GC(314) Marking Phase 1392.812ms
[111.191s][info][gc,phases,start] GC(314) Summary Phase
[111.191s][info][gc,phases      ] GC(314) Summary Phase 0.085ms
[111.191s][info][gc,phases,start] GC(314) Adjust Roots
[111.191s][info][gc,phases      ] GC(314) Adjust Roots 0.170ms
[111.191s][info][gc,phases,start] GC(314) Compaction Phase
[111.734s][info][gc,phases      ] GC(314) Compaction Phase 543.079ms
[111.734s][info][gc,phases,start] GC(314) Post Compact
[111.743s][info][gc,phases      ] GC(314) Post Compact 8.868ms
[111.743s][info][gc,heap        ] GC(314) PSYoungGen: 121949K(359424K)->121949K(359424K) Eden: 94720K(94720K)->94720K(94720K) From: 27229K(264704K)->27229K(264704K)
[111.743s][info][gc,heap        ] GC(314) ParOldGen: 5938867K(5939200K)->5938867K(5939200K)
[111.743s][info][gc,metaspace   ] GC(314) Metaspace: 6302K(6528K)->6302K(6528K) NonClass: 5769K(5888K)->5769K(5888K) Class: 533K(640K)->533K(640K)
[111.743s][info][gc             ] GC(314) Pause Full (Ergonomics) 5918M->5918M(6151M) 1945.326ms
[111.743s][info][gc,cpu         ] GC(314) User=13.70s Sys=0.02s Real=1.94s
[111.743s][info][gc,start       ] GC(315) Pause Full (Ergonomics)
[111.743s][info][gc,phases,start] GC(315) Marking Phase
[113.149s][info][gc,phases      ] GC(315) Marking Phase 1406.276ms
[113.150s][info][gc,phases,start] GC(315) Summary Phase
[113.150s][info][gc,phases      ] GC(315) Summary Phase 0.062ms
[113.150s][info][gc,phases,start] GC(315) Adjust Roots
[113.150s][info][gc,phases      ] GC(315) Adjust Roots 0.216ms
[113.150s][info][gc,phases,start] GC(315) Compaction Phase
[113.732s][info][gc,phases      ] GC(315) Compaction Phase 582.323ms
[113.732s][info][gc,phases,start] GC(315) Post Compact
[113.741s][info][gc,phases      ] GC(315) Post Compact 8.753ms
[113.741s][info][gc,heap        ] GC(315) PSYoungGen: 121949K(359424K)->121949K(359424K) Eden: 94720K(94720K)->94720K(94720K) From: 27229K(264704K)->27229K(264704K)
[113.741s][info][gc,heap        ] GC(315) ParOldGen: 5938872K(5939200K)->5938872K(5939200K)
[113.741s][info][gc,metaspace   ] GC(315) Metaspace: 6302K(6528K)->6302K(6528K) NonClass: 5769K(5888K)->5769K(5888K) Class: 533K(640K)->533K(640K)
[113.741s][info][gc             ] GC(315) Pause Full (Ergonomics) 5918M->5918M(6151M) 1997.974ms
[113.741s][info][gc,cpu         ] GC(315) User=14.16s Sys=0.02s Real=2.00s
[113.741s][info][gc,start       ] GC(316) Pause Full (Ergonomics)
[113.741s][info][gc,phases,start] GC(316) Marking Phase
[115.146s][info][gc,phases      ] GC(316) Marking Phase 1404.184ms
[115.146s][info][gc,phases,start] GC(316) Summary Phase
[115.146s][info][gc,phases      ] GC(316) Summary Phase 0.098ms
[115.146s][info][gc,phases,start] GC(316) Adjust Roots
[115.146s][info][gc,phases      ] GC(316) Adjust Roots 0.227ms
[115.146s][info][gc,phases,start] GC(316) Compaction Phase
[115.686s][info][gc,phases      ] GC(316) Compaction Phase 539.824ms
[115.686s][info][gc,phases,start] GC(316) Post Compact
[115.695s][info][gc,phases      ] GC(316) Post Compact 8.704ms
[115.695s][info][gc,heap        ] GC(316) PSYoungGen: 121949K(359424K)->121949K(359424K) Eden: 94720K(94720K)->94720K(94720K) From: 27229K(264704K)->27229K(264704K)
[115.695s][info][gc,heap        ] GC(316) ParOldGen: 5938876K(5939200K)->5938876K(5939200K)
[115.695s][info][gc,metaspace   ] GC(316) Metaspace: 6302K(6528K)->6302K(6528K) NonClass: 5769K(5888K)->5769K(5888K) Class: 533K(640K)->533K(640K)
[115.695s][info][gc             ] GC(316) Pause Full (Ergonomics) 5918M->5918M(6151M) 1953.393ms
[115.695s][info][gc,cpu         ] GC(316) User=14.00s Sys=0.00s Real=1.95s
[115.695s][info][gc,start       ] GC(317) Pause Full (Ergonomics)
[115.695s][info][gc,phases,start] GC(317) Marking Phase
[117.180s][info][gc,phases      ] GC(317) Marking Phase 1484.740ms
[117.180s][info][gc,phases,start] GC(317) Summary Phase
[117.180s][info][gc,phases      ] GC(317) Summary Phase 0.100ms
[117.180s][info][gc,phases,start] GC(317) Adjust Roots
[117.180s][info][gc,phases      ] GC(317) Adjust Roots 0.252ms
[117.180s][info][gc,phases,start] GC(317) Compaction Phase
[117.785s][info][gc,phases      ] GC(317) Compaction Phase 604.804ms
[117.785s][info][gc,phases,start] GC(317) Post Compact
[117.798s][info][gc,phases      ] GC(317) Post Compact 12.722ms
[117.798s][info][gc,heap        ] GC(317) PSYoungGen: 121949K(359424K)->121949K(359424K) Eden: 94720K(94720K)->94720K(94720K) From: 27229K(264704K)->27229K(264704K)
[117.798s][info][gc,heap        ] GC(317) ParOldGen: 5938881K(5939200K)->5938881K(5939200K)
[117.798s][info][gc,metaspace   ] GC(317) Metaspace: 6302K(6528K)->6302K(6528K) NonClass: 5769K(5888K)->5769K(5888K) Class: 533K(640K)->533K(640K)
[117.798s][info][gc             ] GC(317) Pause Full (Ergonomics) 5918M->5918M(6151M) 2103.100ms
[117.798s][info][gc,cpu         ] GC(317) User=14.42s Sys=0.00s Real=2.10s
[117.798s][info][gc,start       ] GC(318) Pause Full (Ergonomics)
[117.798s][info][gc,phases,start] GC(318) Marking Phase
[119.269s][info][gc,phases      ] GC(318) Marking Phase 1470.759ms
[119.269s][info][gc,phases,start] GC(318) Summary Phase
[119.269s][info][gc,phases      ] GC(318) Summary Phase 0.096ms
[119.269s][info][gc,phases,start] GC(318) Adjust Roots
[119.269s][info][gc,phases      ] GC(318) Adjust Roots 0.177ms
[119.269s][info][gc,phases,start] GC(318) Compaction Phase
[119.832s][info][gc,phases      ] GC(318) Compaction Phase 562.936ms
[119.832s][info][gc,phases,start] GC(318) Post Compact
[119.842s][info][gc,phases      ] GC(318) Post Compact 9.111ms
[119.842s][info][gc,heap        ] GC(318) PSYoungGen: 121949K(359424K)->121949K(359424K) Eden: 94720K(94720K)->94720K(94720K) From: 27229K(264704K)->27229K(264704K)
[119.842s][info][gc,heap        ] GC(318) ParOldGen: 5938886K(5939200K)->5938886K(5939200K)
[119.842s][info][gc,metaspace   ] GC(318) Metaspace: 6302K(6528K)->6302K(6528K) NonClass: 5769K(5888K)->5769K(5888K) Class: 533K(640K)->533K(640K)
[119.842s][info][gc             ] GC(318) Pause Full (Ergonomics) 5918M->5918M(6151M) 2043.411ms
[119.842s][info][gc,cpu         ] GC(318) User=13.69s Sys=0.03s Real=2.04s
[119.842s][info][gc,start       ] GC(319) Pause Full (Ergonomics)
[119.842s][info][gc,phases,start] GC(319) Marking Phase
[121.278s][info][gc,phases      ] GC(319) Marking Phase 1436.240ms
[121.278s][info][gc,phases,start] GC(319) Summary Phase
[121.278s][info][gc,phases      ] GC(319) Summary Phase 0.070ms
[121.278s][info][gc,phases,start] GC(319) Adjust Roots
[121.278s][info][gc,phases      ] GC(319) Adjust Roots 0.176ms
[121.278s][info][gc,phases,start] GC(319) Compaction Phase
[121.880s][info][gc,phases      ] GC(319) Compaction Phase 601.884ms
[121.880s][info][gc,phases,start] GC(319) Post Compact
[121.892s][info][gc,phases      ] GC(319) Post Compact 11.800ms
[121.892s][info][gc,heap        ] GC(319) PSYoungGen: 121949K(359424K)->121949K(359424K) Eden: 94720K(94720K)->94720K(94720K) From: 27229K(264704K)->27229K(264704K)
[121.893s][info][gc,heap        ] GC(319) ParOldGen: 5938891K(5939200K)->5938891K(5939200K)
[121.893s][info][gc,metaspace   ] GC(319) Metaspace: 6302K(6528K)->6302K(6528K) NonClass: 5769K(5888K)->5769K(5888K) Class: 533K(640K)->533K(640K)
[121.893s][info][gc             ] GC(319) Pause Full (Ergonomics) 5918M->5918M(6151M) 2050.686ms
[121.893s][info][gc,cpu         ] GC(319) User=14.17s Sys=0.03s Real=2.05s
[121.893s][info][gc,start       ] GC(320) Pause Full (Ergonomics)
[121.893s][info][gc,phases,start] GC(320) Marking Phase
[123.307s][info][gc,phases      ] GC(320) Marking Phase 1413.765ms
[123.307s][info][gc,phases,start] GC(320) Summary Phase
[123.307s][info][gc,phases      ] GC(320) Summary Phase 0.098ms
[123.307s][info][gc,phases,start] GC(320) Adjust Roots
[123.307s][info][gc,phases      ] GC(320) Adjust Roots 0.235ms
[123.307s][info][gc,phases,start] GC(320) Compaction Phase
[123.863s][info][gc,phases      ] GC(320) Compaction Phase 556.118ms
[123.863s][info][gc,phases,start] GC(320) Post Compact
[123.872s][info][gc,phases      ] GC(320) Post Compact 8.932ms
[123.872s][info][gc,heap        ] GC(320) PSYoungGen: 121949K(359424K)->121949K(359424K) Eden: 94720K(94720K)->94720K(94720K) From: 27229K(264704K)->27229K(264704K)
[123.872s][info][gc,heap        ] GC(320) ParOldGen: 5938896K(5939200K)->5938896K(5939200K)
[123.872s][info][gc,metaspace   ] GC(320) Metaspace: 6302K(6528K)->6302K(6528K) NonClass: 5769K(5888K)->5769K(5888K) Class: 533K(640K)->533K(640K)
[123.872s][info][gc             ] GC(320) Pause Full (Ergonomics) 5918M->5918M(6151M) 1979.529ms
[123.872s][info][gc,cpu         ] GC(320) User=13.94s Sys=0.02s Real=1.98s
[123.873s][info][gc,start       ] GC(321) Pause Full (Ergonomics)
[123.873s][info][gc,phases,start] GC(321) Marking Phase
[125.278s][info][gc,phases      ] GC(321) Marking Phase 1405.519ms
[125.278s][info][gc,phases,start] GC(321) Summary Phase
[125.278s][info][gc,phases      ] GC(321) Summary Phase 0.099ms
[125.278s][info][gc,phases,start] GC(321) Adjust Roots
[125.278s][info][gc,phases      ] GC(321) Adjust Roots 0.179ms
[125.279s][info][gc,phases,start] GC(321) Compaction Phase
[125.822s][info][gc,phases      ] GC(321) Compaction Phase 543.454ms
[125.822s][info][gc,phases,start] GC(321) Post Compact
[125.832s][info][gc,phases      ] GC(321) Post Compact 9.763ms
[125.832s][info][gc,heap        ] GC(321) PSYoungGen: 121949K(359424K)->121949K(359424K) Eden: 94720K(94720K)->94720K(94720K) From: 27229K(264704K)->27229K(264704K)
[125.832s][info][gc,heap        ] GC(321) ParOldGen: 5938901K(5939200K)->5938901K(5939200K)
[125.832s][info][gc,metaspace   ] GC(321) Metaspace: 6302K(6528K)->6302K(6528K) NonClass: 5769K(5888K)->5769K(5888K) Class: 533K(640K)->533K(640K)
[125.832s][info][gc             ] GC(321) Pause Full (Ergonomics) 5918M->5918M(6151M) 1959.411ms
[125.832s][info][gc,cpu         ] GC(321) User=13.97s Sys=0.00s Real=1.96s
[125.832s][info][gc,start       ] GC(322) Pause Full (Ergonomics)
[125.832s][info][gc,phases,start] GC(322) Marking Phase
[127.211s][info][gc,phases      ] GC(322) Marking Phase 1378.863ms
[127.211s][info][gc,phases,start] GC(322) Summary Phase
[127.211s][info][gc,phases      ] GC(322) Summary Phase 0.089ms
[127.211s][info][gc,phases,start] GC(322) Adjust Roots
[127.211s][info][gc,phases      ] GC(322) Adjust Roots 0.174ms
[127.211s][info][gc,phases,start] GC(322) Compaction Phase
[127.763s][info][gc,phases      ] GC(322) Compaction Phase 551.463ms
[127.763s][info][gc,phases,start] GC(322) Post Compact
[127.772s][info][gc,phases      ] GC(322) Post Compact 8.899ms
[127.772s][info][gc,heap        ] GC(322) PSYoungGen: 121949K(359424K)->121949K(359424K) Eden: 94720K(94720K)->94720K(94720K) From: 27229K(264704K)->27229K(264704K)
[127.772s][info][gc,heap        ] GC(322) ParOldGen: 5938905K(5939200K)->5938905K(5939200K)
[127.772s][info][gc,metaspace   ] GC(322) Metaspace: 6302K(6528K)->6302K(6528K) NonClass: 5769K(5888K)->5769K(5888K) Class: 533K(640K)->533K(640K)
[127.772s][info][gc             ] GC(322) Pause Full (Ergonomics) 5918M->5918M(6151M) 1939.838ms
[127.772s][info][gc,cpu         ] GC(322) User=13.80s Sys=0.02s Real=1.94s
[127.772s][info][gc,start       ] GC(323) Pause Full (Ergonomics)
[127.772s][info][gc,phases,start] GC(323) Marking Phase
[129.164s][info][gc,phases      ] GC(323) Marking Phase 1391.714ms
[129.164s][info][gc,phases,start] GC(323) Summary Phase
[129.164s][info][gc,phases      ] GC(323) Summary Phase 0.085ms
[129.164s][info][gc,phases,start] GC(323) Adjust Roots
[129.164s][info][gc,phases      ] GC(323) Adjust Roots 0.282ms
[129.164s][info][gc,phases,start] GC(323) Compaction Phase
[129.717s][info][gc,phases      ] GC(323) Compaction Phase 552.214ms
[129.717s][info][gc,phases,start] GC(323) Post Compact
[129.727s][info][gc,phases      ] GC(323) Post Compact 10.016ms
[129.727s][info][gc,heap        ] GC(323) PSYoungGen: 121949K(359424K)->121949K(359424K) Eden: 94720K(94720K)->94720K(94720K) From: 27229K(264704K)->27229K(264704K)
[129.727s][info][gc,heap        ] GC(323) ParOldGen: 5938910K(5939200K)->5938910K(5939200K)
[129.727s][info][gc,metaspace   ] GC(323) Metaspace: 6302K(6528K)->6302K(6528K) NonClass: 5769K(5888K)->5769K(5888K) Class: 533K(640K)->533K(640K)
[129.727s][info][gc             ] GC(323) Pause Full (Ergonomics) 5918M->5918M(6151M) 1954.692ms
[129.727s][info][gc,cpu         ] GC(323) User=13.78s Sys=0.00s Real=1.96s
[129.727s][info][gc,start       ] GC(324) Pause Full (Ergonomics)
[129.727s][info][gc,phases,start] GC(324) Marking Phase
[131.110s][info][gc,phases      ] GC(324) Marking Phase 1382.855ms
[131.110s][info][gc,phases,start] GC(324) Summary Phase
[131.110s][info][gc,phases      ] GC(324) Summary Phase 0.102ms
[131.110s][info][gc,phases,start] GC(324) Adjust Roots
[131.110s][info][gc,phases      ] GC(324) Adjust Roots 0.259ms
[131.111s][info][gc,phases,start] GC(324) Compaction Phase
[131.681s][info][gc,phases      ] GC(324) Compaction Phase 570.512ms
[131.681s][info][gc,phases,start] GC(324) Post Compact
[131.691s][info][gc,phases      ] GC(324) Post Compact 10.175ms
[131.691s][info][gc,heap        ] GC(324) PSYoungGen: 121949K(359424K)->121949K(359424K) Eden: 94720K(94720K)->94720K(94720K) From: 27229K(264704K)->27229K(264704K)
[131.691s][info][gc,heap        ] GC(324) ParOldGen: 5938915K(5939200K)->5938915K(5939200K)
[131.691s][info][gc,metaspace   ] GC(324) Metaspace: 6302K(6528K)->6302K(6528K) NonClass: 5769K(5888K)->5769K(5888K) Class: 533K(640K)->533K(640K)
[131.692s][info][gc             ] GC(324) Pause Full (Ergonomics) 5918M->5918M(6151M) 1964.459ms
[131.692s][info][gc,cpu         ] GC(324) User=13.84s Sys=0.00s Real=1.96s
[131.692s][info][gc,start       ] GC(325) Pause Full (Ergonomics)
[131.692s][info][gc,phases,start] GC(325) Marking Phase
[133.077s][info][gc,phases      ] GC(325) Marking Phase 1385.143ms
[133.077s][info][gc,phases,start] GC(325) Summary Phase
[133.077s][info][gc,phases      ] GC(325) Summary Phase 0.086ms
[133.077s][info][gc,phases,start] GC(325) Adjust Roots
[133.077s][info][gc,phases      ] GC(325) Adjust Roots 0.297ms
[133.077s][info][gc,phases,start] GC(325) Compaction Phase
[133.647s][info][gc,phases      ] GC(325) Compaction Phase 569.305ms
[133.647s][info][gc,phases,start] GC(325) Post Compact
[133.656s][info][gc,phases      ] GC(325) Post Compact 8.801ms
[133.656s][info][gc,heap        ] GC(325) PSYoungGen: 121949K(359424K)->121949K(359424K) Eden: 94720K(94720K)->94720K(94720K) From: 27229K(264704K)->27229K(264704K)
[133.656s][info][gc,heap        ] GC(325) ParOldGen: 5938920K(5939200K)->5938920K(5939200K)
[133.656s][info][gc,metaspace   ] GC(325) Metaspace: 6302K(6528K)->6302K(6528K) NonClass: 5769K(5888K)->5769K(5888K) Class: 533K(640K)->533K(640K)
[133.656s][info][gc             ] GC(325) Pause Full (Ergonomics) 5918M->5918M(6151M) 1963.986ms
[133.656s][info][gc,cpu         ] GC(325) User=13.89s Sys=0.00s Real=1.96s
[133.656s][info][gc,start       ] GC(326) Pause Full (Ergonomics)
[133.656s][info][gc,phases,start] GC(326) Marking Phase
[135.021s][info][gc,phases      ] GC(326) Marking Phase 1365.167ms
[135.021s][info][gc,phases,start] GC(326) Summary Phase
[135.021s][info][gc,phases      ] GC(326) Summary Phase 0.071ms
[135.021s][info][gc,phases,start] GC(326) Adjust Roots
[135.022s][info][gc,phases      ] GC(326) Adjust Roots 0.231ms
[135.022s][info][gc,phases,start] GC(326) Compaction Phase
[135.551s][info][gc,phases      ] GC(326) Compaction Phase 528.893ms
[135.551s][info][gc,phases,start] GC(326) Post Compact
[135.559s][info][gc,phases      ] GC(326) Post Compact 8.681ms
[135.559s][info][gc,heap        ] GC(326) PSYoungGen: 121949K(359424K)->121949K(359424K) Eden: 94720K(94720K)->94720K(94720K) From: 27229K(264704K)->27229K(264704K)
[135.559s][info][gc,heap        ] GC(326) ParOldGen: 5938925K(5939200K)->5938925K(5939200K)
[135.559s][info][gc,metaspace   ] GC(326) Metaspace: 6302K(6528K)->6302K(6528K) NonClass: 5769K(5888K)->5769K(5888K) Class: 533K(640K)->533K(640K)
[135.559s][info][gc             ] GC(326) Pause Full (Ergonomics) 5918M->5918M(6151M) 1903.352ms
[135.559s][info][gc,cpu         ] GC(326) User=13.66s Sys=0.00s Real=1.90s
[135.560s][info][gc,start       ] GC(327) Pause Full (Ergonomics)
[135.560s][info][gc,phases,start] GC(327) Marking Phase
[136.959s][info][gc,phases      ] GC(327) Marking Phase 1399.107ms
[136.959s][info][gc,phases,start] GC(327) Summary Phase
[136.959s][info][gc,phases      ] GC(327) Summary Phase 0.062ms
[136.959s][info][gc,phases,start] GC(327) Adjust Roots
[136.959s][info][gc,phases      ] GC(327) Adjust Roots 0.162ms
[136.959s][info][gc,phases,start] GC(327) Compaction Phase
[137.514s][info][gc,phases      ] GC(327) Compaction Phase 554.731ms
[137.514s][info][gc,phases,start] GC(327) Post Compact
[137.523s][info][gc,phases      ] GC(327) Post Compact 8.761ms
[137.523s][info][gc,heap        ] GC(327) PSYoungGen: 121949K(359424K)->121949K(359424K) Eden: 94720K(94720K)->94720K(94720K) From: 27229K(264704K)->27229K(264704K)
[137.523s][info][gc,heap        ] GC(327) ParOldGen: 5938930K(5939200K)->5938930K(5939200K)
[137.523s][info][gc,metaspace   ] GC(327) Metaspace: 6302K(6528K)->6302K(6528K) NonClass: 5769K(5888K)->5769K(5888K) Class: 533K(640K)->533K(640K)
[137.523s][info][gc             ] GC(327) Pause Full (Ergonomics) 5918M->5918M(6151M) 1963.144ms
[137.523s][info][gc,cpu         ] GC(327) User=13.92s Sys=0.00s Real=1.96s
[137.523s][info][gc,start       ] GC(328) Pause Full (Ergonomics)
[137.523s][info][gc,phases,start] GC(328) Marking Phase
[138.860s][info][gc,phases      ] GC(328) Marking Phase 1337.338ms
[138.860s][info][gc,phases,start] GC(328) Summary Phase
[138.860s][info][gc,phases      ] GC(328) Summary Phase 0.061ms
[138.860s][info][gc,phases,start] GC(328) Adjust Roots
[138.861s][info][gc,phases      ] GC(328) Adjust Roots 0.163ms
[138.861s][info][gc,phases,start] GC(328) Compaction Phase
[139.377s][info][gc,phases      ] GC(328) Compaction Phase 516.788ms
[139.377s][info][gc,phases,start] GC(328) Post Compact
[139.386s][info][gc,phases      ] GC(328) Post Compact 8.976ms
[139.387s][info][gc,heap        ] GC(328) PSYoungGen: 121949K(359424K)->121949K(359424K) Eden: 94720K(94720K)->94720K(94720K) From: 27229K(264704K)->27229K(264704K)
[139.387s][info][gc,heap        ] GC(328) ParOldGen: 5938934K(5939200K)->5938934K(5939200K)
[139.387s][info][gc,metaspace   ] GC(328) Metaspace: 6302K(6528K)->6302K(6528K) NonClass: 5769K(5888K)->5769K(5888K) Class: 533K(640K)->533K(640K)
[139.387s][info][gc             ] GC(328) Pause Full (Ergonomics) 5918M->5918M(6151M) 1863.673ms
[139.387s][info][gc,cpu         ] GC(328) User=13.31s Sys=0.02s Real=1.86s
[139.387s][info][gc,start       ] GC(329) Pause Full (Ergonomics)
[139.387s][info][gc,phases,start] GC(329) Marking Phase
[140.773s][info][gc,phases      ] GC(329) Marking Phase 1386.576ms
[140.773s][info][gc,phases,start] GC(329) Summary Phase
[140.774s][info][gc,phases      ] GC(329) Summary Phase 0.112ms
[140.774s][info][gc,phases,start] GC(329) Adjust Roots
[140.774s][info][gc,phases      ] GC(329) Adjust Roots 0.194ms
[140.774s][info][gc,phases,start] GC(329) Compaction Phase
[141.318s][info][gc,phases      ] GC(329) Compaction Phase 543.811ms
[141.318s][info][gc,phases,start] GC(329) Post Compact
[141.327s][info][gc,phases      ] GC(329) Post Compact 8.852ms
[141.327s][info][gc,heap        ] GC(329) PSYoungGen: 121949K(359424K)->121949K(359424K) Eden: 94720K(94720K)->94720K(94720K) From: 27229K(264704K)->27229K(264704K)
[141.327s][info][gc,heap        ] GC(329) ParOldGen: 5938939K(5939200K)->5938939K(5939200K)
[141.327s][info][gc,metaspace   ] GC(329) Metaspace: 6302K(6528K)->6302K(6528K) NonClass: 5769K(5888K)->5769K(5888K) Class: 533K(640K)->533K(640K)
[141.327s][info][gc             ] GC(329) Pause Full (Ergonomics) 5918M->5918M(6151M) 1939.926ms
[141.327s][info][gc,cpu         ] GC(329) User=13.81s Sys=0.02s Real=1.94s
[141.327s][info][gc,start       ] GC(330) Pause Full (Ergonomics)
[141.327s][info][gc,phases,start] GC(330) Marking Phase
[142.701s][info][gc,phases      ] GC(330) Marking Phase 1374.229ms
[142.701s][info][gc,phases,start] GC(330) Summary Phase
[142.701s][info][gc,phases      ] GC(330) Summary Phase 0.062ms
[142.701s][info][gc,phases,start] GC(330) Adjust Roots
[142.701s][info][gc,phases      ] GC(330) Adjust Roots 0.164ms
[142.701s][info][gc,phases,start] GC(330) Compaction Phase
[143.271s][info][gc,phases      ] GC(330) Compaction Phase 569.240ms
[143.271s][info][gc,phases,start] GC(330) Post Compact
[143.280s][info][gc,phases      ] GC(330) Post Compact 8.837ms
[143.280s][info][gc,heap        ] GC(330) PSYoungGen: 121949K(359424K)->121949K(359424K) Eden: 94720K(94720K)->94720K(94720K) From: 27229K(264704K)->27229K(264704K)
[143.280s][info][gc,heap        ] GC(330) ParOldGen: 5938944K(5939200K)->5938944K(5939200K)
[143.280s][info][gc,metaspace   ] GC(330) Metaspace: 6302K(6528K)->6302K(6528K) NonClass: 5769K(5888K)->5769K(5888K) Class: 533K(640K)->533K(640K)
[143.280s][info][gc             ] GC(330) Pause Full (Ergonomics) 5918M->5918M(6151M) 1952.852ms
[143.280s][info][gc,cpu         ] GC(330) User=13.72s Sys=0.03s Real=1.95s
[143.280s][info][gc,start       ] GC(331) Pause Full (Ergonomics)
[143.280s][info][gc,phases,start] GC(331) Marking Phase
[144.636s][info][gc,phases      ] GC(331) Marking Phase 1355.914ms
[144.636s][info][gc,phases,start] GC(331) Summary Phase
[144.636s][info][gc,phases      ] GC(331) Summary Phase 0.131ms
[144.636s][info][gc,phases,start] GC(331) Adjust Roots
[144.636s][info][gc,phases      ] GC(331) Adjust Roots 0.356ms
[144.637s][info][gc,phases,start] GC(331) Compaction Phase
[145.168s][info][gc,phases      ] GC(331) Compaction Phase 531.535ms
[145.168s][info][gc,phases,start] GC(331) Post Compact
[145.177s][info][gc,phases      ] GC(331) Post Compact 8.874ms
[145.177s][info][gc,heap        ] GC(331) PSYoungGen: 121949K(359424K)->121949K(359424K) Eden: 94720K(94720K)->94720K(94720K) From: 27229K(264704K)->27229K(264704K)
[145.177s][info][gc,heap        ] GC(331) ParOldGen: 5938949K(5939200K)->5938949K(5939200K)
[145.177s][info][gc,metaspace   ] GC(331) Metaspace: 6302K(6528K)->6302K(6528K) NonClass: 5769K(5888K)->5769K(5888K) Class: 533K(640K)->533K(640K)
[145.177s][info][gc             ] GC(331) Pause Full (Ergonomics) 5918M->5918M(6151M) 1897.219ms
[145.177s][info][gc,cpu         ] GC(331) User=13.52s Sys=0.00s Real=1.90s
[145.177s][info][gc,start       ] GC(332) Pause Full (Ergonomics)
[145.177s][info][gc,phases,start] GC(332) Marking Phase
[146.528s][info][gc,phases      ] GC(332) Marking Phase 1350.343ms
[146.528s][info][gc,phases,start] GC(332) Summary Phase
[146.528s][info][gc,phases      ] GC(332) Summary Phase 0.066ms
[146.528s][info][gc,phases,start] GC(332) Adjust Roots
[146.528s][info][gc,phases      ] GC(332) Adjust Roots 0.171ms
[146.528s][info][gc,phases,start] GC(332) Compaction Phase
[147.067s][info][gc,phases      ] GC(332) Compaction Phase 538.761ms
[147.067s][info][gc,phases,start] GC(332) Post Compact
[147.076s][info][gc,phases      ] GC(332) Post Compact 8.832ms
[147.076s][info][gc,heap        ] GC(332) PSYoungGen: 121949K(359424K)->121949K(359424K) Eden: 94720K(94720K)->94720K(94720K) From: 27229K(264704K)->27229K(264704K)
[147.076s][info][gc,heap        ] GC(332) ParOldGen: 5938954K(5939200K)->5938954K(5939200K)
[147.076s][info][gc,metaspace   ] GC(332) Metaspace: 6302K(6528K)->6302K(6528K) NonClass: 5769K(5888K)->5769K(5888K) Class: 533K(640K)->533K(640K)
[147.076s][info][gc             ] GC(332) Pause Full (Ergonomics) 5918M->5918M(6151M) 1898.472ms
[147.076s][info][gc,cpu         ] GC(332) User=13.64s Sys=0.00s Real=1.90s
[147.076s][info][gc,start       ] GC(333) Pause Full (Ergonomics)
[147.076s][info][gc,phases,start] GC(333) Marking Phase
[148.456s][info][gc,phases      ] GC(333) Marking Phase 1379.450ms
[148.456s][info][gc,phases,start] GC(333) Summary Phase
[148.456s][info][gc,phases      ] GC(333) Summary Phase 0.095ms
[148.456s][info][gc,phases,start] GC(333) Adjust Roots
[148.456s][info][gc,phases      ] GC(333) Adjust Roots 0.250ms
[148.456s][info][gc,phases,start] GC(333) Compaction Phase
[148.969s][info][gc,phases      ] GC(333) Compaction Phase 513.335ms
[148.969s][info][gc,phases,start] GC(333) Post Compact
[148.978s][info][gc,phases      ] GC(333) Post Compact 8.753ms
[148.978s][info][gc,heap        ] GC(333) PSYoungGen: 121949K(359424K)->121949K(359424K) Eden: 94720K(94720K)->94720K(94720K) From: 27229K(264704K)->27229K(264704K)
[148.978s][info][gc,heap        ] GC(333) ParOldGen: 5938959K(5939200K)->5938959K(5939200K)
[148.978s][info][gc,metaspace   ] GC(333) Metaspace: 6302K(6528K)->6302K(6528K) NonClass: 5769K(5888K)->5769K(5888K) Class: 533K(640K)->533K(640K)
[148.978s][info][gc             ] GC(333) Pause Full (Ergonomics) 5918M->5918M(6151M) 1902.236ms
[148.978s][info][gc,cpu         ] GC(333) User=13.69s Sys=0.02s Real=1.90s
[148.979s][info][gc,start       ] GC(334) Pause Full (Ergonomics)
[148.979s][info][gc,phases,start] GC(334) Marking Phase
[150.339s][info][gc,phases      ] GC(334) Marking Phase 1360.743ms
[150.339s][info][gc,phases,start] GC(334) Summary Phase
[150.339s][info][gc,phases      ] GC(334) Summary Phase 0.062ms
[150.339s][info][gc,phases,start] GC(334) Adjust Roots
[150.340s][info][gc,phases      ] GC(334) Adjust Roots 0.185ms
[150.340s][info][gc,phases,start] GC(334) Compaction Phase
[150.877s][info][gc,phases      ] GC(334) Compaction Phase 537.229ms
[150.877s][info][gc,phases,start] GC(334) Post Compact
[150.886s][info][gc,phases      ] GC(334) Post Compact 8.790ms
[150.886s][info][gc,heap        ] GC(334) PSYoungGen: 121949K(359424K)->121949K(359424K) Eden: 94720K(94720K)->94720K(94720K) From: 27229K(264704K)->27229K(264704K)
[150.886s][info][gc,heap        ] GC(334) ParOldGen: 5938963K(5939200K)->5938963K(5939200K)
[150.886s][info][gc,metaspace   ] GC(334) Metaspace: 6302K(6528K)->6302K(6528K) NonClass: 5769K(5888K)->5769K(5888K) Class: 533K(640K)->533K(640K)
[150.886s][info][gc             ] GC(334) Pause Full (Ergonomics) 5918M->5918M(6151M) 1907.363ms
[150.886s][info][gc,cpu         ] GC(334) User=13.56s Sys=0.00s Real=1.91s
[150.886s][info][gc,start       ] GC(335) Pause Full (Ergonomics)
[150.886s][info][gc,phases,start] GC(335) Marking Phase
[152.259s][info][gc,phases      ] GC(335) Marking Phase 1373.099ms
[152.259s][info][gc,phases,start] GC(335) Summary Phase
[152.259s][info][gc,phases      ] GC(335) Summary Phase 0.072ms
[152.259s][info][gc,phases,start] GC(335) Adjust Roots
[152.260s][info][gc,phases      ] GC(335) Adjust Roots 0.183ms
[152.260s][info][gc,phases,start] GC(335) Compaction Phase
[152.790s][info][gc,phases      ] GC(335) Compaction Phase 530.506ms
[152.790s][info][gc,phases,start] GC(335) Post Compact
[152.799s][info][gc,phases      ] GC(335) Post Compact 8.861ms
[152.799s][info][gc,heap        ] GC(335) PSYoungGen: 121949K(359424K)->121949K(359424K) Eden: 94720K(94720K)->94720K(94720K) From: 27229K(264704K)->27229K(264704K)
[152.799s][info][gc,heap        ] GC(335) ParOldGen: 5938968K(5939200K)->5938968K(5939200K)
[152.799s][info][gc,metaspace   ] GC(335) Metaspace: 6302K(6528K)->6302K(6528K) NonClass: 5769K(5888K)->5769K(5888K) Class: 533K(640K)->533K(640K)
[152.799s][info][gc             ] GC(335) Pause Full (Ergonomics) 5918M->5918M(6151M) 1913.050ms
[152.799s][info][gc,cpu         ] GC(335) User=13.69s Sys=0.00s Real=1.91s
[152.799s][info][gc,start       ] GC(336) Pause Full (Ergonomics)
[152.799s][info][gc,phases,start] GC(336) Marking Phase
[154.167s][info][gc,phases      ] GC(336) Marking Phase 1367.608ms
[154.167s][info][gc,phases,start] GC(336) Summary Phase
[154.167s][info][gc,phases      ] GC(336) Summary Phase 0.062ms
[154.167s][info][gc,phases,start] GC(336) Adjust Roots
[154.167s][info][gc,phases      ] GC(336) Adjust Roots 0.188ms
[154.167s][info][gc,phases,start] GC(336) Compaction Phase
[154.736s][info][gc,phases      ] GC(336) Compaction Phase 568.603ms
[154.736s][info][gc,phases,start] GC(336) Post Compact
[154.745s][info][gc,phases      ] GC(336) Post Compact 8.679ms
[154.745s][info][gc,heap        ] GC(336) PSYoungGen: 121949K(359424K)->121949K(359424K) Eden: 94720K(94720K)->94720K(94720K) From: 27229K(264704K)->27229K(264704K)
[154.745s][info][gc,heap        ] GC(336) ParOldGen: 5938973K(5939200K)->5938973K(5939200K)
[154.745s][info][gc,metaspace   ] GC(336) Metaspace: 6302K(6528K)->6302K(6528K) NonClass: 5769K(5888K)->5769K(5888K) Class: 533K(640K)->533K(640K)
[154.745s][info][gc             ] GC(336) Pause Full (Ergonomics) 5918M->5918M(6151M) 1945.449ms
[154.745s][info][gc,cpu         ] GC(336) User=13.77s Sys=0.02s Real=1.94s
[154.745s][info][gc,start       ] GC(337) Pause Full (Ergonomics)
[154.745s][info][gc,phases,start] GC(337) Marking Phase
[156.111s][info][gc,phases      ] GC(337) Marking Phase 1365.693ms
[156.111s][info][gc,phases,start] GC(337) Summary Phase
[156.111s][info][gc,phases      ] GC(337) Summary Phase 0.073ms
[156.111s][info][gc,phases,start] GC(337) Adjust Roots
[156.111s][info][gc,phases      ] GC(337) Adjust Roots 0.168ms
[156.111s][info][gc,phases,start] GC(337) Compaction Phase
[156.637s][info][gc,phases      ] GC(337) Compaction Phase 525.493ms
[156.637s][info][gc,phases,start] GC(337) Post Compact
[156.646s][info][gc,phases      ] GC(337) Post Compact 8.879ms
[156.646s][info][gc,heap        ] GC(337) PSYoungGen: 121949K(359424K)->121949K(359424K) Eden: 94720K(94720K)->94720K(94720K) From: 27229K(264704K)->27229K(264704K)
[156.646s][info][gc,heap        ] GC(337) ParOldGen: 5938978K(5939200K)->5938978K(5939200K)
[156.646s][info][gc,metaspace   ] GC(337) Metaspace: 6302K(6528K)->6302K(6528K) NonClass: 5769K(5888K)->5769K(5888K) Class: 533K(640K)->533K(640K)
[156.646s][info][gc             ] GC(337) Pause Full (Ergonomics) 5918M->5918M(6151M) 1900.661ms
[156.646s][info][gc,cpu         ] GC(337) User=13.55s Sys=0.00s Real=1.90s
[156.646s][info][gc,start       ] GC(338) Pause Full (Ergonomics)
[156.646s][info][gc,phases,start] GC(338) Marking Phase
[158.029s][info][gc,phases      ] GC(338) Marking Phase 1383.145ms
[158.029s][info][gc,phases,start] GC(338) Summary Phase
[158.029s][info][gc,phases      ] GC(338) Summary Phase 0.061ms
[158.029s][info][gc,phases,start] GC(338) Adjust Roots
[158.029s][info][gc,phases      ] GC(338) Adjust Roots 0.163ms
[158.029s][info][gc,phases,start] GC(338) Compaction Phase
[158.568s][info][gc,phases      ] GC(338) Compaction Phase 538.894ms
[158.568s][info][gc,phases,start] GC(338) Post Compact
[158.577s][info][gc,phases      ] GC(338) Post Compact 8.951ms
[158.577s][info][gc,heap        ] GC(338) PSYoungGen: 121949K(359424K)->121949K(359424K) Eden: 94720K(94720K)->94720K(94720K) From: 27229K(264704K)->27229K(264704K)
[158.577s][info][gc,heap        ] GC(338) ParOldGen: 5938983K(5939200K)->5938983K(5939200K)
[158.577s][info][gc,metaspace   ] GC(338) Metaspace: 6302K(6528K)->6302K(6528K) NonClass: 5769K(5888K)->5769K(5888K) Class: 533K(640K)->533K(640K)
[158.577s][info][gc             ] GC(338) Pause Full (Ergonomics) 5918M->5918M(6151M) 1931.540ms
[158.577s][info][gc,cpu         ] GC(338) User=13.84s Sys=0.00s Real=1.93s
[158.578s][info][gc,start       ] GC(339) Pause Full (Ergonomics)
[158.578s][info][gc,phases,start] GC(339) Marking Phase
[159.955s][info][gc,phases      ] GC(339) Marking Phase 1377.599ms
[159.955s][info][gc,phases,start] GC(339) Summary Phase
[159.955s][info][gc,phases      ] GC(339) Summary Phase 0.062ms
[159.955s][info][gc,phases,start] GC(339) Adjust Roots
[159.956s][info][gc,phases      ] GC(339) Adjust Roots 0.212ms
[159.956s][info][gc,phases,start] GC(339) Compaction Phase
[160.476s][info][gc,phases      ] GC(339) Compaction Phase 520.782ms
[160.476s][info][gc,phases,start] GC(339) Post Compact
[160.485s][info][gc,phases      ] GC(339) Post Compact 8.972ms
[160.486s][info][gc,heap        ] GC(339) PSYoungGen: 121949K(359424K)->121949K(359424K) Eden: 94720K(94720K)->94720K(94720K) From: 27229K(264704K)->27229K(264704K)
[160.486s][info][gc,heap        ] GC(339) ParOldGen: 5938988K(5939200K)->5938988K(5939200K)
[160.486s][info][gc,metaspace   ] GC(339) Metaspace: 6302K(6528K)->6302K(6528K) NonClass: 5769K(5888K)->5769K(5888K) Class: 533K(640K)->533K(640K)
[160.486s][info][gc             ] GC(339) Pause Full (Ergonomics) 5918M->5918M(6151M) 1907.981ms
[160.486s][info][gc,cpu         ] GC(339) User=13.67s Sys=0.00s Real=1.91s
[160.486s][info][gc,start       ] GC(340) Pause Full (Ergonomics)
[160.486s][info][gc,phases,start] GC(340) Marking Phase
[161.830s][info][gc,phases      ] GC(340) Marking Phase 1344.162ms
[161.830s][info][gc,phases,start] GC(340) Summary Phase
[161.830s][info][gc,phases      ] GC(340) Summary Phase 0.069ms
[161.830s][info][gc,phases,start] GC(340) Adjust Roots
[161.830s][info][gc,phases      ] GC(340) Adjust Roots 0.231ms
[161.830s][info][gc,phases,start] GC(340) Compaction Phase
[162.345s][info][gc,phases      ] GC(340) Compaction Phase 514.701ms
[162.345s][info][gc,phases,start] GC(340) Post Compact
[162.354s][info][gc,phases      ] GC(340) Post Compact 8.856ms
[162.354s][info][gc,heap        ] GC(340) PSYoungGen: 121949K(359424K)->121949K(359424K) Eden: 94720K(94720K)->94720K(94720K) From: 27229K(264704K)->27229K(264704K)
[162.354s][info][gc,heap        ] GC(340) ParOldGen: 5938992K(5939200K)->5938992K(5939200K)
[162.354s][info][gc,metaspace   ] GC(340) Metaspace: 6302K(6528K)->6302K(6528K) NonClass: 5769K(5888K)->5769K(5888K) Class: 533K(640K)->533K(640K)
[162.354s][info][gc             ] GC(340) Pause Full (Ergonomics) 5918M->5918M(6151M) 1868.378ms
[162.354s][info][gc,cpu         ] GC(340) User=13.33s Sys=0.00s Real=1.87s
[162.354s][info][gc,start       ] GC(341) Pause Full (Ergonomics)
[162.354s][info][gc,phases,start] GC(341) Marking Phase
[163.704s][info][gc,phases      ] GC(341) Marking Phase 1349.876ms
[163.704s][info][gc,phases,start] GC(341) Summary Phase
[163.704s][info][gc,phases      ] GC(341) Summary Phase 0.065ms
[163.704s][info][gc,phases,start] GC(341) Adjust Roots
[163.705s][info][gc,phases      ] GC(341) Adjust Roots 0.215ms
[163.705s][info][gc,phases,start] GC(341) Compaction Phase
[164.212s][info][gc,phases      ] GC(341) Compaction Phase 506.874ms
[164.212s][info][gc,phases,start] GC(341) Post Compact
[164.221s][info][gc,phases      ] GC(341) Post Compact 9.279ms
[164.221s][info][gc,heap        ] GC(341) PSYoungGen: 121949K(359424K)->121949K(359424K) Eden: 94720K(94720K)->94720K(94720K) From: 27229K(264704K)->27229K(264704K)
[164.221s][info][gc,heap        ] GC(341) ParOldGen: 5938997K(5939200K)->5938997K(5939200K)
[164.221s][info][gc,metaspace   ] GC(341) Metaspace: 6302K(6528K)->6302K(6528K) NonClass: 5769K(5888K)->5769K(5888K) Class: 533K(640K)->533K(640K)
[164.221s][info][gc             ] GC(341) Pause Full (Ergonomics) 5918M->5918M(6151M) 1866.658ms
[164.221s][info][gc,cpu         ] GC(341) User=13.47s Sys=0.00s Real=1.87s
[164.221s][info][gc,start       ] GC(342) Pause Full (Ergonomics)
[164.221s][info][gc,phases,start] GC(342) Marking Phase
[165.556s][info][gc,phases      ] GC(342) Marking Phase 1335.153ms
[165.557s][info][gc,phases,start] GC(342) Summary Phase
[165.557s][info][gc,phases      ] GC(342) Summary Phase 0.062ms
[165.557s][info][gc,phases,start] GC(342) Adjust Roots
[165.557s][info][gc,phases      ] GC(342) Adjust Roots 0.162ms
[165.557s][info][gc,phases,start] GC(342) Compaction Phase
[166.083s][info][gc,phases      ] GC(342) Compaction Phase 526.264ms
[166.083s][info][gc,phases,start] GC(342) Post Compact
[166.092s][info][gc,phases      ] GC(342) Post Compact 8.736ms
[166.092s][info][gc,heap        ] GC(342) PSYoungGen: 121949K(359424K)->121949K(359424K) Eden: 94720K(94720K)->94720K(94720K) From: 27229K(264704K)->27229K(264704K)
[166.092s][info][gc,heap        ] GC(342) ParOldGen: 5939002K(5939200K)->5939002K(5939200K)
[166.092s][info][gc,metaspace   ] GC(342) Metaspace: 6302K(6528K)->6302K(6528K) NonClass: 5769K(5888K)->5769K(5888K) Class: 533K(640K)->533K(640K)
[166.092s][info][gc             ] GC(342) Pause Full (Ergonomics) 5918M->5918M(6151M) 1870.708ms
[166.092s][info][gc,cpu         ] GC(342) User=13.25s Sys=0.02s Real=1.87s
[166.092s][info][gc,start       ] GC(343) Pause Full (Ergonomics)
[166.092s][info][gc,phases,start] GC(343) Marking Phase
[167.441s][info][gc,phases      ] GC(343) Marking Phase 1348.520ms
[167.441s][info][gc,phases,start] GC(343) Summary Phase
[167.441s][info][gc,phases      ] GC(343) Summary Phase 0.061ms
[167.441s][info][gc,phases,start] GC(343) Adjust Roots
[167.441s][info][gc,phases      ] GC(343) Adjust Roots 0.169ms
[167.441s][info][gc,phases,start] GC(343) Compaction Phase
[167.933s][info][gc,phases      ] GC(343) Compaction Phase 491.433ms
[167.933s][info][gc,phases,start] GC(343) Post Compact
[167.941s][info][gc,phases      ] GC(343) Post Compact 8.792ms
[167.941s][info][gc,heap        ] GC(343) PSYoungGen: 121949K(359424K)->121949K(359424K) Eden: 94720K(94720K)->94720K(94720K) From: 27229K(264704K)->27229K(264704K)
[167.941s][info][gc,heap        ] GC(343) ParOldGen: 5939007K(5939200K)->5939007K(5939200K)
[167.941s][info][gc,metaspace   ] GC(343) Metaspace: 6302K(6528K)->6302K(6528K) NonClass: 5769K(5888K)->5769K(5888K) Class: 533K(640K)->533K(640K)
[167.941s][info][gc             ] GC(343) Pause Full (Ergonomics) 5918M->5918M(6151M) 1849.305ms
[167.942s][info][gc,cpu         ] GC(343) User=13.38s Sys=0.00s Real=1.85s
[167.942s][info][gc,start       ] GC(344) Pause Full (Ergonomics)
[167.942s][info][gc,phases,start] GC(344) Marking Phase
[169.297s][info][gc,phases      ] GC(344) Marking Phase 1355.612ms
[169.297s][info][gc,phases,start] GC(344) Summary Phase
[169.297s][info][gc,phases      ] GC(344) Summary Phase 0.077ms
[169.298s][info][gc,phases,start] GC(344) Adjust Roots
[169.298s][info][gc,phases      ] GC(344) Adjust Roots 0.222ms
[169.298s][info][gc,phases,start] GC(344) Compaction Phase
[169.799s][info][gc,phases      ] GC(344) Compaction Phase 500.857ms
[169.799s][info][gc,phases,start] GC(344) Post Compact
[169.807s][info][gc,phases      ] GC(344) Post Compact 8.654ms
[169.807s][info][gc,heap        ] GC(344) PSYoungGen: 121949K(359424K)->121949K(359424K) Eden: 94720K(94720K)->94720K(94720K) From: 27229K(264704K)->27229K(264704K)
[169.807s][info][gc,heap        ] GC(344) ParOldGen: 5939012K(5939200K)->5939012K(5939200K)
[169.807s][info][gc,metaspace   ] GC(344) Metaspace: 6302K(6528K)->6302K(6528K) NonClass: 5769K(5888K)->5769K(5888K) Class: 533K(640K)->533K(640K)
[169.807s][info][gc             ] GC(344) Pause Full (Ergonomics) 5918M->5918M(6151M) 1865.767ms
[169.807s][info][gc,cpu         ] GC(344) User=13.39s Sys=0.00s Real=1.87s
[169.808s][info][gc,start       ] GC(345) Pause Full (Ergonomics)
[169.808s][info][gc,phases,start] GC(345) Marking Phase
[171.160s][info][gc,phases      ] GC(345) Marking Phase 1352.601ms
[171.160s][info][gc,phases,start] GC(345) Summary Phase
[171.160s][info][gc,phases      ] GC(345) Summary Phase 0.084ms
[171.160s][info][gc,phases,start] GC(345) Adjust Roots
[171.161s][info][gc,phases      ] GC(345) Adjust Roots 0.237ms
[171.161s][info][gc,phases,start] GC(345) Compaction Phase
[171.688s][info][gc,phases      ] GC(345) Compaction Phase 527.495ms
[171.688s][info][gc,phases,start] GC(345) Post Compact
[171.697s][info][gc,phases      ] GC(345) Post Compact 8.897ms
[171.697s][info][gc,heap        ] GC(345) PSYoungGen: 121949K(359424K)->121949K(359424K) Eden: 94720K(94720K)->94720K(94720K) From: 27229K(264704K)->27229K(264704K)
[171.697s][info][gc,heap        ] GC(345) ParOldGen: 5939017K(5939200K)->5939017K(5939200K)
[171.697s][info][gc,metaspace   ] GC(345) Metaspace: 6302K(6528K)->6302K(6528K) NonClass: 5769K(5888K)->5769K(5888K) Class: 533K(640K)->533K(640K)
[171.697s][info][gc             ] GC(345) Pause Full (Ergonomics) 5918M->5918M(6151M) 1889.666ms
[171.697s][info][gc,cpu         ] GC(345) User=13.38s Sys=0.02s Real=1.89s
[171.698s][info][gc,start       ] GC(346) Pause Full (Ergonomics)
[171.698s][info][gc,phases,start] GC(346) Marking Phase
[173.047s][info][gc,phases      ] GC(346) Marking Phase 1349.069ms
[173.047s][info][gc,phases,start] GC(346) Summary Phase
[173.047s][info][gc,phases      ] GC(346) Summary Phase 0.062ms
[173.047s][info][gc,phases,start] GC(346) Adjust Roots
[173.047s][info][gc,phases      ] GC(346) Adjust Roots 0.162ms
[173.047s][info][gc,phases,start] GC(346) Compaction Phase
[173.558s][info][gc,phases      ] GC(346) Compaction Phase 510.831ms
[173.558s][info][gc,phases,start] GC(346) Post Compact
[173.567s][info][gc,phases      ] GC(346) Post Compact 8.869ms
[173.567s][info][gc,heap        ] GC(346) PSYoungGen: 121949K(359424K)->121949K(359424K) Eden: 94720K(94720K)->94720K(94720K) From: 27229K(264704K)->27229K(264704K)
[173.567s][info][gc,heap        ] GC(346) ParOldGen: 5939021K(5939200K)->5939021K(5939200K)
[173.567s][info][gc,metaspace   ] GC(346) Metaspace: 6302K(6528K)->6302K(6528K) NonClass: 5769K(5888K)->5769K(5888K) Class: 533K(640K)->533K(640K)
[173.567s][info][gc             ] GC(346) Pause Full (Ergonomics) 5918M->5918M(6151M) 1869.348ms
[173.567s][info][gc,cpu         ] GC(346) User=13.48s Sys=0.00s Real=1.87s
[173.567s][info][gc,start       ] GC(347) Pause Full (Ergonomics)
[173.567s][info][gc,phases,start] GC(347) Marking Phase
[174.928s][info][gc,phases      ] GC(347) Marking Phase 1361.191ms
[174.928s][info][gc,phases,start] GC(347) Summary Phase
[174.928s][info][gc,phases      ] GC(347) Summary Phase 0.062ms
[174.928s][info][gc,phases,start] GC(347) Adjust Roots
[174.929s][info][gc,phases      ] GC(347) Adjust Roots 0.163ms
[174.929s][info][gc,phases,start] GC(347) Compaction Phase
[175.435s][info][gc,phases      ] GC(347) Compaction Phase 506.456ms
[175.435s][info][gc,phases,start] GC(347) Post Compact
[175.444s][info][gc,phases      ] GC(347) Post Compact 8.882ms
[175.444s][info][gc,heap        ] GC(347) PSYoungGen: 121949K(359424K)->121949K(359424K) Eden: 94720K(94720K)->94720K(94720K) From: 27229K(264704K)->27229K(264704K)
[175.444s][info][gc,heap        ] GC(347) ParOldGen: 5939026K(5939200K)->5939026K(5939200K)
[175.444s][info][gc,metaspace   ] GC(347) Metaspace: 6302K(6528K)->6302K(6528K) NonClass: 5769K(5888K)->5769K(5888K) Class: 533K(640K)->533K(640K)
[175.444s][info][gc             ] GC(347) Pause Full (Ergonomics) 5918M->5918M(6151M) 1877.085ms
[175.444s][info][gc,cpu         ] GC(347) User=13.38s Sys=0.00s Real=1.88s
[175.444s][info][gc,start       ] GC(348) Pause Full (Ergonomics)
[175.444s][info][gc,phases,start] GC(348) Marking Phase
[176.788s][info][gc,phases      ] GC(348) Marking Phase 1343.447ms
[176.788s][info][gc,phases,start] GC(348) Summary Phase
[176.788s][info][gc,phases      ] GC(348) Summary Phase 0.063ms
[176.788s][info][gc,phases,start] GC(348) Adjust Roots
[176.788s][info][gc,phases      ] GC(348) Adjust Roots 0.165ms
[176.788s][info][gc,phases,start] GC(348) Compaction Phase
[177.306s][info][gc,phases      ] GC(348) Compaction Phase 517.356ms
[177.306s][info][gc,phases,start] GC(348) Post Compact
[177.314s][info][gc,phases      ] GC(348) Post Compact 8.830ms
[177.315s][info][gc,heap        ] GC(348) PSYoungGen: 121949K(359424K)->121949K(359424K) Eden: 94720K(94720K)->94720K(94720K) From: 27229K(264704K)->27229K(264704K)
[177.315s][info][gc,heap        ] GC(348) ParOldGen: 5939031K(5939200K)->5939031K(5939200K)
[177.315s][info][gc,metaspace   ] GC(348) Metaspace: 6302K(6528K)->6302K(6528K) NonClass: 5769K(5888K)->5769K(5888K) Class: 533K(640K)->533K(640K)
[177.315s][info][gc             ] GC(348) Pause Full (Ergonomics) 5918M->5918M(6151M) 1870.207ms
[177.315s][info][gc,cpu         ] GC(348) User=13.22s Sys=0.02s Real=1.87s
[177.315s][info][gc,start       ] GC(349) Pause Full (Ergonomics)
[177.315s][info][gc,phases,start] GC(349) Marking Phase
[178.654s][info][gc,phases      ] GC(349) Marking Phase 1338.969ms
[178.654s][info][gc,phases,start] GC(349) Summary Phase
[178.654s][info][gc,phases      ] GC(349) Summary Phase 0.064ms
[178.654s][info][gc,phases,start] GC(349) Adjust Roots
[178.654s][info][gc,phases      ] GC(349) Adjust Roots 0.201ms
[178.654s][info][gc,phases,start] GC(349) Compaction Phase
[179.169s][info][gc,phases      ] GC(349) Compaction Phase 515.099ms
[179.169s][info][gc,phases,start] GC(349) Post Compact
[179.178s][info][gc,phases      ] GC(349) Post Compact 8.799ms
[179.178s][info][gc,heap        ] GC(349) PSYoungGen: 121949K(359424K)->121949K(359424K) Eden: 94720K(94720K)->94720K(94720K) From: 27229K(264704K)->27229K(264704K)
[179.178s][info][gc,heap        ] GC(349) ParOldGen: 5939036K(5939200K)->5939036K(5939200K)
[179.178s][info][gc,metaspace   ] GC(349) Metaspace: 6302K(6528K)->6302K(6528K) NonClass: 5769K(5888K)->5769K(5888K) Class: 533K(640K)->533K(640K)
[179.178s][info][gc             ] GC(349) Pause Full (Ergonomics) 5918M->5918M(6151M) 1863.445ms
[179.178s][info][gc,cpu         ] GC(349) User=13.22s Sys=0.02s Real=1.86s
[179.178s][info][gc,start       ] GC(350) Pause Full (Ergonomics)
[179.179s][info][gc,phases,start] GC(350) Marking Phase
[180.529s][info][gc,phases      ] GC(350) Marking Phase 1350.519ms
[180.529s][info][gc,phases,start] GC(350) Summary Phase
[180.529s][info][gc,phases      ] GC(350) Summary Phase 0.069ms
[180.529s][info][gc,phases,start] GC(350) Adjust Roots
[180.529s][info][gc,phases      ] GC(350) Adjust Roots 0.185ms
[180.529s][info][gc,phases,start] GC(350) Compaction Phase
[181.032s][info][gc,phases      ] GC(350) Compaction Phase 502.778ms
[181.032s][info][gc,phases,start] GC(350) Post Compact
[181.041s][info][gc,phases      ] GC(350) Post Compact 8.827ms
[181.041s][info][gc,heap        ] GC(350) PSYoungGen: 121949K(359424K)->121949K(359424K) Eden: 94720K(94720K)->94720K(94720K) From: 27229K(264704K)->27229K(264704K)
[181.041s][info][gc,heap        ] GC(350) ParOldGen: 5939041K(5939200K)->5939041K(5939200K)
[181.041s][info][gc,metaspace   ] GC(350) Metaspace: 6302K(6528K)->6302K(6528K) NonClass: 5769K(5888K)->5769K(5888K) Class: 533K(640K)->533K(640K)
[181.041s][info][gc             ] GC(350) Pause Full (Ergonomics) 5918M->5918M(6151M) 1862.744ms
[181.041s][info][gc,cpu         ] GC(350) User=13.45s Sys=0.00s Real=1.86s
[181.041s][info][gc,start       ] GC(351) Pause Full (Ergonomics)
[181.041s][info][gc,phases,start] GC(351) Marking Phase
[182.383s][info][gc,phases      ] GC(351) Marking Phase 1341.991ms
[182.384s][info][gc,phases,start] GC(351) Summary Phase
[182.384s][info][gc,phases      ] GC(351) Summary Phase 0.067ms
[182.384s][info][gc,phases,start] GC(351) Adjust Roots
[182.384s][info][gc,phases      ] GC(351) Adjust Roots 0.177ms
[182.384s][info][gc,phases,start] GC(351) Compaction Phase
[182.901s][info][gc,phases      ] GC(351) Compaction Phase 517.065ms
[182.901s][info][gc,phases,start] GC(351) Post Compact
[182.910s][info][gc,phases      ] GC(351) Post Compact 8.986ms
[182.910s][info][gc,heap        ] GC(351) PSYoungGen: 121949K(359424K)->121949K(359424K) Eden: 94720K(94720K)->94720K(94720K) From: 27229K(264704K)->27229K(264704K)
[182.910s][info][gc,heap        ] GC(351) ParOldGen: 5939046K(5939200K)->5939046K(5939200K)
[182.910s][info][gc,metaspace   ] GC(351) Metaspace: 6302K(6528K)->6302K(6528K) NonClass: 5769K(5888K)->5769K(5888K) Class: 533K(640K)->533K(640K)
[182.910s][info][gc             ] GC(351) Pause Full (Ergonomics) 5918M->5918M(6151M) 1868.788ms
[182.910s][info][gc,cpu         ] GC(351) User=13.06s Sys=0.00s Real=1.87s
[182.910s][info][gc,start       ] GC(352) Pause Full (Ergonomics)
[182.911s][info][gc,phases,start] GC(352) Marking Phase
[184.269s][info][gc,phases      ] GC(352) Marking Phase 1358.538ms
[184.269s][info][gc,phases,start] GC(352) Summary Phase
[184.269s][info][gc,phases      ] GC(352) Summary Phase 0.090ms
[184.269s][info][gc,phases,start] GC(352) Adjust Roots
[184.269s][info][gc,phases      ] GC(352) Adjust Roots 0.200ms
[184.269s][info][gc,phases,start] GC(352) Compaction Phase
[184.794s][info][gc,phases      ] GC(352) Compaction Phase 524.503ms
[184.794s][info][gc,phases,start] GC(352) Post Compact
[184.803s][info][gc,phases      ] GC(352) Post Compact 8.786ms
[184.803s][info][gc,heap        ] GC(352) PSYoungGen: 121949K(359424K)->121949K(359424K) Eden: 94720K(94720K)->94720K(94720K) From: 27229K(264704K)->27229K(264704K)
[184.803s][info][gc,heap        ] GC(352) ParOldGen: 5939050K(5939200K)->5939050K(5939200K)
[184.803s][info][gc,metaspace   ] GC(352) Metaspace: 6302K(6528K)->6302K(6528K) NonClass: 5769K(5888K)->5769K(5888K) Class: 533K(640K)->533K(640K)
[184.803s][info][gc             ] GC(352) Pause Full (Ergonomics) 5918M->5918M(6151M) 1892.474ms
[184.803s][info][gc,cpu         ] GC(352) User=13.27s Sys=0.03s Real=1.89s
[184.803s][info][gc,start       ] GC(353) Pause Full (Ergonomics)
[184.803s][info][gc,phases,start] GC(353) Marking Phase
[186.141s][info][gc,phases      ] GC(353) Marking Phase 1337.507ms
[186.141s][info][gc,phases,start] GC(353) Summary Phase
[186.141s][info][gc,phases      ] GC(353) Summary Phase 0.096ms
[186.141s][info][gc,phases,start] GC(353) Adjust Roots
[186.141s][info][gc,phases      ] GC(353) Adjust Roots 0.287ms
[186.141s][info][gc,phases,start] GC(353) Compaction Phase
[186.669s][info][gc,phases      ] GC(353) Compaction Phase 528.233ms
[186.670s][info][gc,phases,start] GC(353) Post Compact
[186.678s][info][gc,phases      ] GC(353) Post Compact 8.760ms
[186.678s][info][gc,heap        ] GC(353) PSYoungGen: 121949K(359424K)->121949K(359424K) Eden: 94720K(94720K)->94720K(94720K) From: 27229K(264704K)->27229K(264704K)
[186.678s][info][gc,heap        ] GC(353) ParOldGen: 5939055K(5939200K)->5939055K(5939200K)
[186.678s][info][gc,metaspace   ] GC(353) Metaspace: 6302K(6528K)->6302K(6528K) NonClass: 5769K(5888K)->5769K(5888K) Class: 533K(640K)->533K(640K)
[186.678s][info][gc             ] GC(353) Pause Full (Ergonomics) 5918M->5918M(6151M) 1875.236ms
[186.678s][info][gc,cpu         ] GC(353) User=13.28s Sys=0.02s Real=1.87s
[186.679s][info][gc,start       ] GC(354) Pause Full (Ergonomics)
[186.679s][info][gc,phases,start] GC(354) Marking Phase
[188.032s][info][gc,phases      ] GC(354) Marking Phase 1353.269ms
[188.032s][info][gc,phases,start] GC(354) Summary Phase
[188.032s][info][gc,phases      ] GC(354) Summary Phase 0.063ms
[188.032s][info][gc,phases,start] GC(354) Adjust Roots
[188.032s][info][gc,phases      ] GC(354) Adjust Roots 0.163ms
[188.032s][info][gc,phases,start] GC(354) Compaction Phase
[188.551s][info][gc,phases      ] GC(354) Compaction Phase 519.118ms
[188.551s][info][gc,phases,start] GC(354) Post Compact
[188.560s][info][gc,phases      ] GC(354) Post Compact 8.747ms
[188.560s][info][gc,heap        ] GC(354) PSYoungGen: 121949K(359424K)->121949K(359424K) Eden: 94720K(94720K)->94720K(94720K) From: 27229K(264704K)->27229K(264704K)
[188.560s][info][gc,heap        ] GC(354) ParOldGen: 5939060K(5939200K)->5939060K(5939200K)
[188.560s][info][gc,metaspace   ] GC(354) Metaspace: 6302K(6528K)->6302K(6528K) NonClass: 5769K(5888K)->5769K(5888K) Class: 533K(640K)->533K(640K)
[188.560s][info][gc             ] GC(354) Pause Full (Ergonomics) 5918M->5918M(6151M) 1881.672ms
[188.560s][info][gc,cpu         ] GC(354) User=13.31s Sys=0.00s Real=1.88s
[188.560s][info][gc,start       ] GC(355) Pause Full (Ergonomics)
[188.561s][info][gc,phases,start] GC(355) Marking Phase
[189.925s][info][gc,phases      ] GC(355) Marking Phase 1364.010ms
[189.925s][info][gc,phases,start] GC(355) Summary Phase
[189.925s][info][gc,phases      ] GC(355) Summary Phase 0.063ms
[189.925s][info][gc,phases,start] GC(355) Adjust Roots
[189.925s][info][gc,phases      ] GC(355) Adjust Roots 0.185ms
[189.925s][info][gc,phases,start] GC(355) Compaction Phase
[190.451s][info][gc,phases      ] GC(355) Compaction Phase 525.677ms
[190.451s][info][gc,phases,start] GC(355) Post Compact
[190.459s][info][gc,phases      ] GC(355) Post Compact 8.764ms
[190.459s][info][gc,heap        ] GC(355) PSYoungGen: 121949K(359424K)->121949K(359424K) Eden: 94720K(94720K)->94720K(94720K) From: 27229K(264704K)->27229K(264704K)
[190.459s][info][gc,heap        ] GC(355) ParOldGen: 5939065K(5939200K)->5939065K(5939200K)
[190.459s][info][gc,metaspace   ] GC(355) Metaspace: 6302K(6528K)->6302K(6528K) NonClass: 5769K(5888K)->5769K(5888K) Class: 533K(640K)->533K(640K)
[190.460s][info][gc             ] GC(355) Pause Full (Ergonomics) 5918M->5918M(6151M) 1899.028ms
[190.460s][info][gc,cpu         ] GC(355) User=13.55s Sys=0.00s Real=1.90s
[190.460s][info][gc,start       ] GC(356) Pause Full (Ergonomics)
[190.460s][info][gc,phases,start] GC(356) Marking Phase
[191.829s][info][gc,phases      ] GC(356) Marking Phase 1368.926ms
[191.829s][info][gc,phases,start] GC(356) Summary Phase
[191.829s][info][gc,phases      ] GC(356) Summary Phase 0.066ms
[191.829s][info][gc,phases,start] GC(356) Adjust Roots
[191.829s][info][gc,phases      ] GC(356) Adjust Roots 0.204ms
[191.829s][info][gc,phases,start] GC(356) Compaction Phase
[192.340s][info][gc,phases      ] GC(356) Compaction Phase 510.946ms
[192.340s][info][gc,phases,start] GC(356) Post Compact
[192.349s][info][gc,phases      ] GC(356) Post Compact 8.847ms
[192.349s][info][gc,heap        ] GC(356) PSYoungGen: 121949K(359424K)->121949K(359424K) Eden: 94720K(94720K)->94720K(94720K) From: 27229K(264704K)->27229K(264704K)
[192.349s][info][gc,heap        ] GC(356) ParOldGen: 5939070K(5939200K)->5939070K(5939200K)
[192.349s][info][gc,metaspace   ] GC(356) Metaspace: 6302K(6528K)->6302K(6528K) NonClass: 5769K(5888K)->5769K(5888K) Class: 533K(640K)->533K(640K)
[192.349s][info][gc             ] GC(356) Pause Full (Ergonomics) 5918M->5918M(6151M) 1889.339ms
[192.349s][info][gc,cpu         ] GC(356) User=13.44s Sys=0.03s Real=1.89s
[192.349s][info][gc,start       ] GC(357) Pause Full (Ergonomics)
[192.349s][info][gc,phases,start] GC(357) Marking Phase
[193.728s][info][gc,phases      ] GC(357) Marking Phase 1378.945ms
[193.728s][info][gc,phases,start] GC(357) Summary Phase
[193.728s][info][gc,phases      ] GC(357) Summary Phase 0.070ms
[193.728s][info][gc,phases,start] GC(357) Adjust Roots
[193.729s][info][gc,phases      ] GC(357) Adjust Roots 0.172ms
[193.729s][info][gc,phases,start] GC(357) Compaction Phase
[194.248s][info][gc,phases      ] GC(357) Compaction Phase 519.166ms
[194.248s][info][gc,phases,start] GC(357) Post Compact
[194.257s][info][gc,phases      ] GC(357) Post Compact 8.853ms
[194.257s][info][gc,heap        ] GC(357) PSYoungGen: 121949K(359424K)->121949K(359424K) Eden: 94720K(94720K)->94720K(94720K) From: 27229K(264704K)->27229K(264704K)
[194.257s][info][gc,heap        ] GC(357) ParOldGen: 5939075K(5939200K)->5939075K(5939200K)
[194.257s][info][gc,metaspace   ] GC(357) Metaspace: 6302K(6528K)->6302K(6528K) NonClass: 5769K(5888K)->5769K(5888K) Class: 533K(640K)->533K(640K)
[194.257s][info][gc             ] GC(357) Pause Full (Ergonomics) 5918M->5918M(6151M) 1907.530ms
[194.257s][info][gc,cpu         ] GC(357) User=13.64s Sys=0.00s Real=1.91s
[194.257s][info][gc,start       ] GC(358) Pause Full (Ergonomics)
[194.257s][info][gc,phases,start] GC(358) Marking Phase
[195.635s][info][gc,phases      ] GC(358) Marking Phase 1378.303ms
[195.635s][info][gc,phases,start] GC(358) Summary Phase
[195.635s][info][gc,phases      ] GC(358) Summary Phase 0.065ms
[195.635s][info][gc,phases,start] GC(358) Adjust Roots
[195.636s][info][gc,phases      ] GC(358) Adjust Roots 0.170ms
[195.636s][info][gc,phases,start] GC(358) Compaction Phase
[196.133s][info][gc,phases      ] GC(358) Compaction Phase 497.000ms
[196.133s][info][gc,phases,start] GC(358) Post Compact
[196.142s][info][gc,phases      ] GC(358) Post Compact 8.969ms
[196.142s][info][gc,heap        ] GC(358) PSYoungGen: 121949K(359424K)->121949K(359424K) Eden: 94720K(94720K)->94720K(94720K) From: 27229K(264704K)->27229K(264704K)
[196.142s][info][gc,heap        ] GC(358) ParOldGen: 5939079K(5939200K)->5939079K(5939200K)
[196.142s][info][gc,metaspace   ] GC(358) Metaspace: 6302K(6528K)->6302K(6528K) NonClass: 5769K(5888K)->5769K(5888K) Class: 533K(640K)->533K(640K)
[196.142s][info][gc             ] GC(358) Pause Full (Ergonomics) 5918M->5918M(6151M) 1884.829ms
[196.142s][info][gc,cpu         ] GC(358) User=13.53s Sys=0.00s Real=1.88s
[196.142s][info][gc,start       ] GC(359) Pause Full (Ergonomics)
[196.142s][info][gc,phases,start] GC(359) Marking Phase
[197.532s][info][gc,phases      ] GC(359) Marking Phase 1390.388ms
[197.533s][info][gc,phases,start] GC(359) Summary Phase
[197.533s][info][gc,phases      ] GC(359) Summary Phase 0.063ms
[197.533s][info][gc,phases,start] GC(359) Adjust Roots
[197.533s][info][gc,phases      ] GC(359) Adjust Roots 0.165ms
[197.533s][info][gc,phases,start] GC(359) Compaction Phase
[198.045s][info][gc,phases      ] GC(359) Compaction Phase 512.531ms
[198.045s][info][gc,phases,start] GC(359) Post Compact
[198.054s][info][gc,phases      ] GC(359) Post Compact 8.795ms
[198.054s][info][gc,heap        ] GC(359) PSYoungGen: 121949K(359424K)->121949K(359424K) Eden: 94720K(94720K)->94720K(94720K) From: 27229K(264704K)->27229K(264704K)
[198.054s][info][gc,heap        ] GC(359) ParOldGen: 5939084K(5939200K)->5939084K(5939200K)
[198.054s][info][gc,metaspace   ] GC(359) Metaspace: 6302K(6528K)->6302K(6528K) NonClass: 5769K(5888K)->5769K(5888K) Class: 533K(640K)->533K(640K)
[198.054s][info][gc             ] GC(359) Pause Full (Ergonomics) 5918M->5918M(6151M) 1912.270ms
[198.054s][info][gc,cpu         ] GC(359) User=13.58s Sys=0.00s Real=1.91s
[198.055s][info][gc,start       ] GC(360) Pause Full (Ergonomics)
[198.055s][info][gc,phases,start] GC(360) Marking Phase
[199.419s][info][gc,phases      ] GC(360) Marking Phase 1364.058ms
[199.419s][info][gc,phases,start] GC(360) Summary Phase
[199.419s][info][gc,phases      ] GC(360) Summary Phase 0.064ms
[199.419s][info][gc,phases,start] GC(360) Adjust Roots
[199.419s][info][gc,phases      ] GC(360) Adjust Roots 0.165ms
[199.419s][info][gc,phases,start] GC(360) Compaction Phase
[199.943s][info][gc,phases      ] GC(360) Compaction Phase 524.039ms
[199.943s][info][gc,phases,start] GC(360) Post Compact
[199.952s][info][gc,phases      ] GC(360) Post Compact 8.813ms
[199.952s][info][gc,heap        ] GC(360) PSYoungGen: 121949K(359424K)->121949K(359424K) Eden: 94720K(94720K)->94720K(94720K) From: 27229K(264704K)->27229K(264704K)
[199.952s][info][gc,heap        ] GC(360) ParOldGen: 5939089K(5939200K)->5939089K(5939200K)
[199.952s][info][gc,metaspace   ] GC(360) Metaspace: 6302K(6528K)->6302K(6528K) NonClass: 5769K(5888K)->5769K(5888K) Class: 533K(640K)->533K(640K)
[199.952s][info][gc             ] GC(360) Pause Full (Ergonomics) 5918M->5918M(6151M) 1897.454ms
[199.952s][info][gc,cpu         ] GC(360) User=13.66s Sys=0.00s Real=1.90s
[199.952s][info][gc,start       ] GC(361) Pause Full (Ergonomics)
[199.952s][info][gc,phases,start] GC(361) Marking Phase
[201.301s][info][gc,phases      ] GC(361) Marking Phase 1348.636ms
[201.301s][info][gc,phases,start] GC(361) Summary Phase
[201.301s][info][gc,phases      ] GC(361) Summary Phase 0.068ms
[201.301s][info][gc,phases,start] GC(361) Adjust Roots
[201.301s][info][gc,phases      ] GC(361) Adjust Roots 0.168ms
[201.301s][info][gc,phases,start] GC(361) Compaction Phase
[201.830s][info][gc,phases      ] GC(361) Compaction Phase 528.786ms
[201.830s][info][gc,phases,start] GC(361) Post Compact
[201.839s][info][gc,phases      ] GC(361) Post Compact 8.832ms
[201.839s][info][gc,heap        ] GC(361) PSYoungGen: 121949K(359424K)->121949K(359424K) Eden: 94720K(94720K)->94720K(94720K) From: 27229K(264704K)->27229K(264704K)
[201.839s][info][gc,heap        ] GC(361) ParOldGen: 5939094K(5939200K)->5939094K(5939200K)
[201.839s][info][gc,metaspace   ] GC(361) Metaspace: 6302K(6528K)->6302K(6528K) NonClass: 5769K(5888K)->5769K(5888K) Class: 533K(640K)->533K(640K)
[201.839s][info][gc             ] GC(361) Pause Full (Ergonomics) 5918M->5918M(6151M) 1886.808ms
[201.839s][info][gc,cpu         ] GC(361) User=13.31s Sys=0.00s Real=1.89s
[201.839s][info][gc,start       ] GC(362) Pause Full (Ergonomics)
[201.839s][info][gc,phases,start] GC(362) Marking Phase
[203.186s][info][gc,phases      ] GC(362) Marking Phase 1347.208ms
[203.186s][info][gc,phases,start] GC(362) Summary Phase
[203.187s][info][gc,phases      ] GC(362) Summary Phase 0.083ms
[203.187s][info][gc,phases,start] GC(362) Adjust Roots
[203.187s][info][gc,phases      ] GC(362) Adjust Roots 0.252ms
[203.187s][info][gc,phases,start] GC(362) Compaction Phase
[203.728s][info][gc,phases      ] GC(362) Compaction Phase 540.909ms
[203.728s][info][gc,phases,start] GC(362) Post Compact
[203.737s][info][gc,phases      ] GC(362) Post Compact 8.778ms
[203.737s][info][gc,heap        ] GC(362) PSYoungGen: 121949K(359424K)->121949K(359424K) Eden: 94720K(94720K)->94720K(94720K) From: 27229K(264704K)->27229K(264704K)
[203.737s][info][gc,heap        ] GC(362) ParOldGen: 5939099K(5939200K)->5939099K(5939200K)
[203.737s][info][gc,metaspace   ] GC(362) Metaspace: 6302K(6528K)->6302K(6528K) NonClass: 5769K(5888K)->5769K(5888K) Class: 533K(640K)->533K(640K)
[203.737s][info][gc             ] GC(362) Pause Full (Ergonomics) 5918M->5918M(6151M) 1897.575ms
[203.737s][info][gc,cpu         ] GC(362) User=13.38s Sys=0.00s Real=1.90s
[203.737s][info][gc,start       ] GC(363) Pause Full (Ergonomics)
[203.737s][info][gc,phases,start] GC(363) Marking Phase
[205.105s][info][gc,phases      ] GC(363) Marking Phase 1367.812ms
[205.105s][info][gc,phases,start] GC(363) Summary Phase
[205.105s][info][gc,phases      ] GC(363) Summary Phase 0.062ms
[205.105s][info][gc,phases,start] GC(363) Adjust Roots
[205.105s][info][gc,phases      ] GC(363) Adjust Roots 0.162ms
[205.105s][info][gc,phases,start] GC(363) Compaction Phase
[205.642s][info][gc,phases      ] GC(363) Compaction Phase 537.296ms
[205.643s][info][gc,phases,start] GC(363) Post Compact
[205.651s][info][gc,phases      ] GC(363) Post Compact 8.772ms
[205.651s][info][gc,heap        ] GC(363) PSYoungGen: 121949K(359424K)->121949K(359424K) Eden: 94720K(94720K)->94720K(94720K) From: 27229K(264704K)->27229K(264704K)
[205.651s][info][gc,heap        ] GC(363) ParOldGen: 5939104K(5939200K)->5939104K(5939200K)
[205.651s][info][gc,metaspace   ] GC(363) Metaspace: 6302K(6528K)->6302K(6528K) NonClass: 5769K(5888K)->5769K(5888K) Class: 533K(640K)->533K(640K)
[205.651s][info][gc             ] GC(363) Pause Full (Ergonomics) 5918M->5918M(6151M) 1914.442ms
[205.651s][info][gc,cpu         ] GC(363) User=13.48s Sys=0.00s Real=1.91s
[205.652s][info][gc,start       ] GC(364) Pause Full (Ergonomics)
[205.652s][info][gc,phases,start] GC(364) Marking Phase
[207.023s][info][gc,phases      ] GC(364) Marking Phase 1371.605ms
[207.023s][info][gc,phases,start] GC(364) Summary Phase
[207.023s][info][gc,phases      ] GC(364) Summary Phase 0.062ms
[207.023s][info][gc,phases,start] GC(364) Adjust Roots
[207.024s][info][gc,phases      ] GC(364) Adjust Roots 0.170ms
[207.024s][info][gc,phases,start] GC(364) Compaction Phase
[207.543s][info][gc,phases      ] GC(364) Compaction Phase 519.032ms
[207.543s][info][gc,phases,start] GC(364) Post Compact
[207.552s][info][gc,phases      ] GC(364) Post Compact 8.948ms
[207.552s][info][gc,heap        ] GC(364) PSYoungGen: 121949K(359424K)->121949K(359424K) Eden: 94720K(94720K)->94720K(94720K) From: 27229K(264704K)->27229K(264704K)
[207.552s][info][gc,heap        ] GC(364) ParOldGen: 5939108K(5939200K)->5939108K(5939200K)
[207.552s][info][gc,metaspace   ] GC(364) Metaspace: 6302K(6528K)->6302K(6528K) NonClass: 5769K(5888K)->5769K(5888K) Class: 533K(640K)->533K(640K)
[207.552s][info][gc             ] GC(364) Pause Full (Ergonomics) 5919M->5919M(6151M) 1900.149ms
[207.552s][info][gc,cpu         ] GC(364) User=13.47s Sys=0.00s Real=1.90s
[207.552s][info][gc,start       ] GC(365) Pause Full (Ergonomics)
[207.552s][info][gc,phases,start] GC(365) Marking Phase
[208.906s][info][gc,phases      ] GC(365) Marking Phase 1353.642ms
[208.906s][info][gc,phases,start] GC(365) Summary Phase
[208.906s][info][gc,phases      ] GC(365) Summary Phase 0.066ms
[208.906s][info][gc,phases,start] GC(365) Adjust Roots
[208.906s][info][gc,phases      ] GC(365) Adjust Roots 0.176ms
[208.906s][info][gc,phases,start] GC(365) Compaction Phase
[209.442s][info][gc,phases      ] GC(365) Compaction Phase 536.416ms
[209.442s][info][gc,phases,start] GC(365) Post Compact
[209.451s][info][gc,phases      ] GC(365) Post Compact 8.801ms
[209.451s][info][gc,heap        ] GC(365) PSYoungGen: 121949K(359424K)->121949K(359424K) Eden: 94720K(94720K)->94720K(94720K) From: 27229K(264704K)->27229K(264704K)
[209.451s][info][gc,heap        ] GC(365) ParOldGen: 5939113K(5939200K)->5939113K(5939200K)
[209.451s][info][gc,metaspace   ] GC(365) Metaspace: 6302K(6528K)->6302K(6528K) NonClass: 5769K(5888K)->5769K(5888K) Class: 533K(640K)->533K(640K)
[209.451s][info][gc             ] GC(365) Pause Full (Ergonomics) 5919M->5919M(6151M) 1899.432ms
[209.451s][info][gc,cpu         ] GC(365) User=13.50s Sys=0.00s Real=1.90s
[209.452s][info][gc,start       ] GC(366) Pause Full (Ergonomics)
[209.452s][info][gc,phases,start] GC(366) Marking Phase
[210.819s][info][gc,phases      ] GC(366) Marking Phase 1367.630ms
[210.819s][info][gc,phases,start] GC(366) Summary Phase
[210.819s][info][gc,phases      ] GC(366) Summary Phase 0.066ms
[210.819s][info][gc,phases,start] GC(366) Adjust Roots
[210.820s][info][gc,phases      ] GC(366) Adjust Roots 0.220ms
[210.820s][info][gc,phases,start] GC(366) Compaction Phase
[211.354s][info][gc,phases      ] GC(366) Compaction Phase 534.584ms
[211.354s][info][gc,phases,start] GC(366) Post Compact
[211.363s][info][gc,phases      ] GC(366) Post Compact 8.825ms
[211.363s][info][gc,heap        ] GC(366) PSYoungGen: 121949K(359424K)->121949K(359424K) Eden: 94720K(94720K)->94720K(94720K) From: 27229K(264704K)->27229K(264704K)
[211.363s][info][gc,heap        ] GC(366) ParOldGen: 5939118K(5939200K)->5939118K(5939200K)
[211.363s][info][gc,metaspace   ] GC(366) Metaspace: 6302K(6528K)->6302K(6528K) NonClass: 5769K(5888K)->5769K(5888K) Class: 533K(640K)->533K(640K)
[211.363s][info][gc             ] GC(366) Pause Full (Ergonomics) 5919M->5919M(6151M) 1911.662ms
[211.363s][info][gc,cpu         ] GC(366) User=13.59s Sys=0.00s Real=1.91s
[211.363s][info][gc,start       ] GC(367) Pause Full (Ergonomics)
[211.364s][info][gc,phases,start] GC(367) Marking Phase
[212.722s][info][gc,phases      ] GC(367) Marking Phase 1358.416ms
[212.722s][info][gc,phases,start] GC(367) Summary Phase
[212.722s][info][gc,phases      ] GC(367) Summary Phase 0.095ms
[212.722s][info][gc,phases,start] GC(367) Adjust Roots
[212.722s][info][gc,phases      ] GC(367) Adjust Roots 0.213ms
[212.722s][info][gc,phases,start] GC(367) Compaction Phase
[213.244s][info][gc,phases      ] GC(367) Compaction Phase 522.030ms
[213.244s][info][gc,phases,start] GC(367) Post Compact
[213.253s][info][gc,phases      ] GC(367) Post Compact 8.811ms
[213.253s][info][gc,heap        ] GC(367) PSYoungGen: 121949K(359424K)->121949K(359424K) Eden: 94720K(94720K)->94720K(94720K) From: 27229K(264704K)->27229K(264704K)
[213.253s][info][gc,heap        ] GC(367) ParOldGen: 5939123K(5939200K)->5939123K(5939200K)
[213.253s][info][gc,metaspace   ] GC(367) Metaspace: 6302K(6528K)->6302K(6528K) NonClass: 5769K(5888K)->5769K(5888K) Class: 533K(640K)->533K(640K)
[213.253s][info][gc             ] GC(367) Pause Full (Ergonomics) 5919M->5919M(6151M) 1889.921ms
[213.253s][info][gc,cpu         ] GC(367) User=13.41s Sys=0.00s Real=1.89s
[213.254s][info][gc,start       ] GC(368) Pause Full (Ergonomics)
[213.254s][info][gc,phases,start] GC(368) Marking Phase
[214.608s][info][gc,phases      ] GC(368) Marking Phase 1354.371ms
[214.608s][info][gc,phases,start] GC(368) Summary Phase
[214.608s][info][gc,phases      ] GC(368) Summary Phase 0.098ms
[214.608s][info][gc,phases,start] GC(368) Adjust Roots
[214.609s][info][gc,phases      ] GC(368) Adjust Roots 0.282ms
[214.609s][info][gc,phases,start] GC(368) Compaction Phase
[215.140s][info][gc,phases      ] GC(368) Compaction Phase 531.361ms
[215.140s][info][gc,phases,start] GC(368) Post Compact
[215.149s][info][gc,phases      ] GC(368) Post Compact 8.815ms
[215.149s][info][gc,heap        ] GC(368) PSYoungGen: 121949K(359424K)->121949K(359424K) Eden: 94720K(94720K)->94720K(94720K) From: 27229K(264704K)->27229K(264704K)
[215.149s][info][gc,heap        ] GC(368) ParOldGen: 5939128K(5939200K)->5939128K(5939200K)
[215.149s][info][gc,metaspace   ] GC(368) Metaspace: 6302K(6528K)->6302K(6528K) NonClass: 5769K(5888K)->5769K(5888K) Class: 533K(640K)->533K(640K)
[215.149s][info][gc             ] GC(368) Pause Full (Ergonomics) 5919M->5919M(6151M) 1895.326ms
[215.149s][info][gc,cpu         ] GC(368) User=13.45s Sys=0.02s Real=1.89s
[215.149s][info][gc,start       ] GC(369) Pause Full (Ergonomics)
[215.149s][info][gc,phases,start] GC(369) Marking Phase
[216.512s][info][gc,phases      ] GC(369) Marking Phase 1363.073ms
[216.512s][info][gc,phases,start] GC(369) Summary Phase
[216.512s][info][gc,phases      ] GC(369) Summary Phase 0.122ms
[216.512s][info][gc,phases,start] GC(369) Adjust Roots
[216.513s][info][gc,phases      ] GC(369) Adjust Roots 0.227ms
[216.513s][info][gc,phases,start] GC(369) Compaction Phase
[217.031s][info][gc,phases      ] GC(369) Compaction Phase 518.654ms
[217.031s][info][gc,phases,start] GC(369) Post Compact
[217.041s][info][gc,phases      ] GC(369) Post Compact 9.317ms
[217.041s][info][gc,heap        ] GC(369) PSYoungGen: 121949K(359424K)->121949K(359424K) Eden: 94720K(94720K)->94720K(94720K) From: 27229K(264704K)->27229K(264704K)
[217.041s][info][gc,heap        ] GC(369) ParOldGen: 5939133K(5939200K)->5939133K(5939200K)
[217.041s][info][gc,metaspace   ] GC(369) Metaspace: 6302K(6528K)->6302K(6528K) NonClass: 5769K(5888K)->5769K(5888K) Class: 533K(640K)->533K(640K)
[217.041s][info][gc             ] GC(369) Pause Full (Ergonomics) 5919M->5919M(6151M) 1891.772ms
[217.041s][info][gc,cpu         ] GC(369) User=13.61s Sys=0.00s Real=1.89s
[217.041s][info][gc,start       ] GC(370) Pause Full (Ergonomics)
[217.041s][info][gc,phases,start] GC(370) Marking Phase
[218.411s][info][gc,phases      ] GC(370) Marking Phase 1369.402ms
[218.411s][info][gc,phases,start] GC(370) Summary Phase
[218.411s][info][gc,phases      ] GC(370) Summary Phase 0.099ms
[218.411s][info][gc,phases,start] GC(370) Adjust Roots
[218.411s][info][gc,phases      ] GC(370) Adjust Roots 0.320ms
[218.411s][info][gc,phases,start] GC(370) Compaction Phase
[218.936s][info][gc,phases      ] GC(370) Compaction Phase 525.256ms
[218.936s][info][gc,phases,start] GC(370) Post Compact
[218.945s][info][gc,phases      ] GC(370) Post Compact 8.663ms
[218.945s][info][gc,heap        ] GC(370) PSYoungGen: 121949K(359424K)->121949K(359424K) Eden: 94720K(94720K)->94720K(94720K) From: 27229K(264704K)->27229K(264704K)
[218.945s][info][gc,heap        ] GC(370) ParOldGen: 5939137K(5939200K)->5939137K(5939200K)
[218.945s][info][gc,metaspace   ] GC(370) Metaspace: 6302K(6528K)->6302K(6528K) NonClass: 5769K(5888K)->5769K(5888K) Class: 533K(640K)->533K(640K)
[218.945s][info][gc             ] GC(370) Pause Full (Ergonomics) 5919M->5919M(6151M) 1904.138ms
[218.945s][info][gc,cpu         ] GC(370) User=13.61s Sys=0.00s Real=1.90s
[218.945s][info][gc,start       ] GC(371) Pause Full (Ergonomics)
[218.945s][info][gc,phases,start] GC(371) Marking Phase
[220.304s][info][gc,phases      ] GC(371) Marking Phase 1358.672ms
[220.304s][info][gc,phases,start] GC(371) Summary Phase
[220.304s][info][gc,phases      ] GC(371) Summary Phase 0.067ms
[220.304s][info][gc,phases,start] GC(371) Adjust Roots
[220.304s][info][gc,phases      ] GC(371) Adjust Roots 0.190ms
[220.305s][info][gc,phases,start] GC(371) Compaction Phase
[220.827s][info][gc,phases      ] GC(371) Compaction Phase 522.690ms
[220.827s][info][gc,phases,start] GC(371) Post Compact
[220.836s][info][gc,phases      ] GC(371) Post Compact 8.944ms
[220.836s][info][gc,heap        ] GC(371) PSYoungGen: 121949K(359424K)->121949K(359424K) Eden: 94720K(94720K)->94720K(94720K) From: 27229K(264704K)->27229K(264704K)
[220.836s][info][gc,heap        ] GC(371) ParOldGen: 5939142K(5939200K)->5939142K(5939200K)
[220.836s][info][gc,metaspace   ] GC(371) Metaspace: 6302K(6528K)->6302K(6528K) NonClass: 5769K(5888K)->5769K(5888K) Class: 533K(640K)->533K(640K)
[220.836s][info][gc             ] GC(371) Pause Full (Ergonomics) 5919M->5919M(6151M) 1890.920ms
[220.836s][info][gc,cpu         ] GC(371) User=13.39s Sys=0.00s Real=1.89s
[220.837s][info][gc,start       ] GC(372) Pause Full (Ergonomics)
[220.837s][info][gc,phases,start] GC(372) Marking Phase
[222.191s][info][gc,phases      ] GC(372) Marking Phase 1354.055ms
[222.191s][info][gc,phases,start] GC(372) Summary Phase
[222.191s][info][gc,phases      ] GC(372) Summary Phase 0.074ms
[222.191s][info][gc,phases,start] GC(372) Adjust Roots
[222.191s][info][gc,phases      ] GC(372) Adjust Roots 0.218ms
[222.191s][info][gc,phases,start] GC(372) Compaction Phase
[222.693s][info][gc,phases      ] GC(372) Compaction Phase 501.709ms
[222.693s][info][gc,phases,start] GC(372) Post Compact
[222.702s][info][gc,phases      ] GC(372) Post Compact 8.914ms
[222.702s][info][gc,heap        ] GC(372) PSYoungGen: 121949K(359424K)->121949K(359424K) Eden: 94720K(94720K)->94720K(94720K) From: 27229K(264704K)->27229K(264704K)
[222.702s][info][gc,heap        ] GC(372) ParOldGen: 5939147K(5939200K)->5939147K(5939200K)
[222.702s][info][gc,metaspace   ] GC(372) Metaspace: 6302K(6528K)->6302K(6528K) NonClass: 5769K(5888K)->5769K(5888K) Class: 533K(640K)->533K(640K)
[222.702s][info][gc             ] GC(372) Pause Full (Ergonomics) 5919M->5919M(6151M) 1865.290ms
[222.702s][info][gc,cpu         ] GC(372) User=13.30s Sys=0.03s Real=1.87s
[222.702s][info][gc,start       ] GC(373) Pause Full (Ergonomics)
[222.702s][info][gc,phases,start] GC(373) Marking Phase
[224.039s][info][gc,phases      ] GC(373) Marking Phase 1336.931ms
[224.039s][info][gc,phases,start] GC(373) Summary Phase
[224.039s][info][gc,phases      ] GC(373) Summary Phase 0.062ms
[224.039s][info][gc,phases,start] GC(373) Adjust Roots
[224.039s][info][gc,phases      ] GC(373) Adjust Roots 0.188ms
[224.039s][info][gc,phases,start] GC(373) Compaction Phase
[224.555s][info][gc,phases      ] GC(373) Compaction Phase 515.270ms
[224.555s][info][gc,phases,start] GC(373) Post Compact
[224.563s][info][gc,phases      ] GC(373) Post Compact 8.772ms
[224.564s][info][gc,heap        ] GC(373) PSYoungGen: 121949K(359424K)->121949K(359424K) Eden: 94720K(94720K)->94720K(94720K) From: 27229K(264704K)->27229K(264704K)
[224.564s][info][gc,heap        ] GC(373) ParOldGen: 5939152K(5939200K)->5939152K(5939200K)
[224.564s][info][gc,metaspace   ] GC(373) Metaspace: 6302K(6528K)->6302K(6528K) NonClass: 5769K(5888K)->5769K(5888K) Class: 533K(640K)->533K(640K)
[224.564s][info][gc             ] GC(373) Pause Full (Ergonomics) 5919M->5919M(6151M) 1861.547ms
[224.564s][info][gc,cpu         ] GC(373) User=13.38s Sys=0.00s Real=1.86s
[224.564s][info][gc,start       ] GC(374) Pause Full (Ergonomics)
[224.564s][info][gc,phases,start] GC(374) Marking Phase
[225.928s][info][gc,phases      ] GC(374) Marking Phase 1364.239ms
[225.928s][info][gc,phases,start] GC(374) Summary Phase
[225.928s][info][gc,phases      ] GC(374) Summary Phase 0.083ms
[225.928s][info][gc,phases,start] GC(374) Adjust Roots
[225.928s][info][gc,phases      ] GC(374) Adjust Roots 0.185ms
[225.928s][info][gc,phases,start] GC(374) Compaction Phase
[226.437s][info][gc,phases      ] GC(374) Compaction Phase 508.433ms
[226.437s][info][gc,phases,start] GC(374) Post Compact
[226.446s][info][gc,phases      ] GC(374) Post Compact 8.841ms
[226.446s][info][gc,heap        ] GC(374) PSYoungGen: 121949K(359424K)->121949K(359424K) Eden: 94720K(94720K)->94720K(94720K) From: 27229K(264704K)->27229K(264704K)
[226.446s][info][gc,heap        ] GC(374) ParOldGen: 5939157K(5939200K)->5939157K(5939200K)
[226.446s][info][gc,metaspace   ] GC(374) Metaspace: 6302K(6528K)->6302K(6528K) NonClass: 5769K(5888K)->5769K(5888K) Class: 533K(640K)->533K(640K)
[226.446s][info][gc             ] GC(374) Pause Full (Ergonomics) 5919M->5919M(6151M) 1882.118ms
[226.446s][info][gc,cpu         ] GC(374) User=13.53s Sys=0.02s Real=1.88s
[226.446s][info][gc,start       ] GC(375) Pause Full (Ergonomics)
[226.446s][info][gc,phases,start] GC(375) Marking Phase
[227.797s][info][gc,phases      ] GC(375) Marking Phase 1350.913ms
[227.797s][info][gc,phases,start] GC(375) Summary Phase
[227.797s][info][gc,phases      ] GC(375) Summary Phase 0.105ms
[227.797s][info][gc,phases,start] GC(375) Adjust Roots
[227.798s][info][gc,phases      ] GC(375) Adjust Roots 0.322ms
[227.798s][info][gc,phases,start] GC(375) Compaction Phase
[228.314s][info][gc,phases      ] GC(375) Compaction Phase 516.265ms
[228.314s][info][gc,phases,start] GC(375) Post Compact
[228.323s][info][gc,phases      ] GC(375) Post Compact 9.155ms
[228.323s][info][gc,heap        ] GC(375) PSYoungGen: 121949K(359424K)->121949K(359424K) Eden: 94720K(94720K)->94720K(94720K) From: 27229K(264704K)->27229K(264704K)
[228.323s][info][gc,heap        ] GC(375) ParOldGen: 5939162K(5939200K)->5939162K(5939200K)
[228.323s][info][gc,metaspace   ] GC(375) Metaspace: 6302K(6528K)->6302K(6528K) NonClass: 5769K(5888K)->5769K(5888K) Class: 533K(640K)->533K(640K)
[228.323s][info][gc             ] GC(375) Pause Full (Ergonomics) 5919M->5919M(6151M) 1877.291ms
[228.323s][info][gc,cpu         ] GC(375) User=13.41s Sys=0.00s Real=1.88s
[228.324s][info][gc,start       ] GC(376) Pause Full (Ergonomics)
[228.324s][info][gc,phases,start] GC(376) Marking Phase
[229.676s][info][gc,phases      ] GC(376) Marking Phase 1352.818ms
[229.677s][info][gc,phases,start] GC(376) Summary Phase
[229.677s][info][gc,phases      ] GC(376) Summary Phase 0.067ms
[229.677s][info][gc,phases,start] GC(376) Adjust Roots
[229.677s][info][gc,phases      ] GC(376) Adjust Roots 0.170ms
[229.677s][info][gc,phases,start] GC(376) Compaction Phase
[230.183s][info][gc,phases      ] GC(376) Compaction Phase 505.985ms
[230.183s][info][gc,phases,start] GC(376) Post Compact
[230.192s][info][gc,phases      ] GC(376) Post Compact 8.849ms
[230.192s][info][gc,heap        ] GC(376) PSYoungGen: 121949K(359424K)->121949K(359424K) Eden: 94720K(94720K)->94720K(94720K) From: 27229K(264704K)->27229K(264704K)
[230.192s][info][gc,heap        ] GC(376) ParOldGen: 5939166K(5939200K)->5939166K(5939200K)
[230.192s][info][gc,metaspace   ] GC(376) Metaspace: 6302K(6528K)->6302K(6528K) NonClass: 5769K(5888K)->5769K(5888K) Class: 533K(640K)->533K(640K)
[230.192s][info][gc             ] GC(376) Pause Full (Ergonomics) 5919M->5919M(6151M) 1868.325ms
[230.192s][info][gc,cpu         ] GC(376) User=13.39s Sys=0.00s Real=1.87s
[230.192s][info][gc,start       ] GC(377) Pause Full (Ergonomics)
[230.192s][info][gc,phases,start] GC(377) Marking Phase
[231.524s][info][gc,phases      ] GC(377) Marking Phase 1332.216ms
[231.524s][info][gc,phases,start] GC(377) Summary Phase
[231.525s][info][gc,phases      ] GC(377) Summary Phase 0.062ms
[231.525s][info][gc,phases,start] GC(377) Adjust Roots
[231.525s][info][gc,phases      ] GC(377) Adjust Roots 0.164ms
[231.525s][info][gc,phases,start] GC(377) Compaction Phase
[232.023s][info][gc,phases      ] GC(377) Compaction Phase 498.710ms
[232.024s][info][gc,phases,start] GC(377) Post Compact
[232.032s][info][gc,phases      ] GC(377) Post Compact 8.808ms
[232.032s][info][gc,heap        ] GC(377) PSYoungGen: 121949K(359424K)->121949K(359424K) Eden: 94720K(94720K)->94720K(94720K) From: 27229K(264704K)->27229K(264704K)
[232.032s][info][gc,heap        ] GC(377) ParOldGen: 5939171K(5939200K)->5939171K(5939200K)
[232.032s][info][gc,metaspace   ] GC(377) Metaspace: 6302K(6528K)->6302K(6528K) NonClass: 5769K(5888K)->5769K(5888K) Class: 533K(640K)->533K(640K)
[232.032s][info][gc             ] GC(377) Pause Full (Ergonomics) 5919M->5919M(6151M) 1840.288ms
[232.032s][info][gc,cpu         ] GC(377) User=13.30s Sys=0.00s Real=1.84s
[232.033s][info][gc,start       ] GC(378) Pause Full (Ergonomics)
[232.033s][info][gc,phases,start] GC(378) Marking Phase
[233.392s][info][gc,phases      ] GC(378) Marking Phase 1359.719ms
[233.392s][info][gc,phases,start] GC(378) Summary Phase
[233.393s][info][gc,phases      ] GC(378) Summary Phase 0.073ms
[233.393s][info][gc,phases,start] GC(378) Adjust Roots
[233.393s][info][gc,phases      ] GC(378) Adjust Roots 0.167ms
[233.393s][info][gc,phases,start] GC(378) Compaction Phase
[233.905s][info][gc,phases      ] GC(378) Compaction Phase 512.571ms
[233.905s][info][gc,phases,start] GC(378) Post Compact
[233.914s][info][gc,phases      ] GC(378) Post Compact 8.757ms
[233.914s][info][gc,heap        ] GC(378) PSYoungGen: 121949K(359424K)->121949K(359424K) Eden: 94720K(94720K)->94720K(94720K) From: 27229K(264704K)->27229K(264704K)
[233.914s][info][gc,heap        ] GC(378) ParOldGen: 5939176K(5939200K)->5939176K(5939200K)
[233.914s][info][gc,metaspace   ] GC(378) Metaspace: 6302K(6528K)->6302K(6528K) NonClass: 5769K(5888K)->5769K(5888K) Class: 533K(640K)->533K(640K)
[233.914s][info][gc             ] GC(378) Pause Full (Ergonomics) 5919M->5919M(6151M) 1881.623ms
[233.914s][info][gc,cpu         ] GC(378) User=13.27s Sys=0.00s Real=1.88s
[233.914s][info][gc,start       ] GC(379) Pause Full (Ergonomics)
[233.915s][info][gc,phases,start] GC(379) Marking Phase
[235.275s][info][gc,phases      ] GC(379) Marking Phase 1360.941ms
[235.276s][info][gc,phases,start] GC(379) Summary Phase
[235.276s][info][gc,phases      ] GC(379) Summary Phase 0.064ms
[235.276s][info][gc,phases,start] GC(379) Adjust Roots
[235.276s][info][gc,phases      ] GC(379) Adjust Roots 0.176ms
[235.276s][info][gc,phases,start] GC(379) Compaction Phase
[235.783s][info][gc,phases      ] GC(379) Compaction Phase 506.755ms
[235.783s][info][gc,phases,start] GC(379) Post Compact
[235.791s][info][gc,phases      ] GC(379) Post Compact 8.799ms
[235.792s][info][gc,heap        ] GC(379) PSYoungGen: 121949K(359424K)->121949K(359424K) Eden: 94720K(94720K)->94720K(94720K) From: 27229K(264704K)->27229K(264704K)
[235.792s][info][gc,heap        ] GC(379) ParOldGen: 5939181K(5939200K)->5939181K(5939200K)
[235.792s][info][gc,metaspace   ] GC(379) Metaspace: 6302K(6528K)->6302K(6528K) NonClass: 5769K(5888K)->5769K(5888K) Class: 533K(640K)->533K(640K)
[235.792s][info][gc             ] GC(379) Pause Full (Ergonomics) 5919M->5919M(6151M) 1877.202ms
[235.792s][info][gc,cpu         ] GC(379) User=13.52s Sys=0.00s Real=1.88s
[235.792s][info][gc,start       ] GC(380) Pause Full (Ergonomics)
[235.792s][info][gc,phases,start] GC(380) Marking Phase
[237.137s][info][gc,phases      ] GC(380) Marking Phase 1344.919ms
[237.137s][info][gc,phases,start] GC(380) Summary Phase
[237.137s][info][gc,phases      ] GC(380) Summary Phase 0.063ms
[237.137s][info][gc,phases,start] GC(380) Adjust Roots
[237.137s][info][gc,phases      ] GC(380) Adjust Roots 0.168ms
[237.137s][info][gc,phases,start] GC(380) Compaction Phase
[237.653s][info][gc,phases      ] GC(380) Compaction Phase 515.606ms
[237.653s][info][gc,phases,start] GC(380) Post Compact
[237.662s][info][gc,phases      ] GC(380) Post Compact 8.697ms
[237.662s][info][gc,heap        ] GC(380) PSYoungGen: 121949K(359424K)->121949K(359424K) Eden: 94720K(94720K)->94720K(94720K) From: 27229K(264704K)->27229K(264704K)
[237.662s][info][gc,heap        ] GC(380) ParOldGen: 5939186K(5939200K)->5939186K(5939200K)
[237.662s][info][gc,metaspace   ] GC(380) Metaspace: 6302K(6528K)->6302K(6528K) NonClass: 5769K(5888K)->5769K(5888K) Class: 533K(640K)->533K(640K)
[237.662s][info][gc             ] GC(380) Pause Full (Ergonomics) 5919M->5919M(6151M) 1869.773ms
[237.662s][info][gc,cpu         ] GC(380) User=13.36s Sys=0.00s Real=1.87s
[237.662s][info][gc,start       ] GC(381) Pause Full (Ergonomics)
[237.662s][info][gc,phases,start] GC(381) Marking Phase
[239.018s][info][gc,phases      ] GC(381) Marking Phase 1356.396ms
[239.018s][info][gc,phases,start] GC(381) Summary Phase
[239.018s][info][gc,phases      ] GC(381) Summary Phase 0.063ms
[239.018s][info][gc,phases,start] GC(381) Adjust Roots
[239.019s][info][gc,phases      ] GC(381) Adjust Roots 0.163ms
[239.019s][info][gc,phases,start] GC(381) Compaction Phase
[239.538s][info][gc,phases      ] GC(381) Compaction Phase 518.852ms
[239.538s][info][gc,phases,start] GC(381) Post Compact
[239.546s][info][gc,phases      ] GC(381) Post Compact 8.747ms
[239.546s][info][gc,heap        ] GC(381) PSYoungGen: 121949K(359424K)->121949K(359424K) Eden: 94720K(94720K)->94720K(94720K) From: 27229K(264704K)->27229K(264704K)
[239.546s][info][gc,heap        ] GC(381) ParOldGen: 5939191K(5939200K)->5939191K(5939200K)
[239.546s][info][gc,metaspace   ] GC(381) Metaspace: 6302K(6528K)->6302K(6528K) NonClass: 5769K(5888K)->5769K(5888K) Class: 533K(640K)->533K(640K)
[239.546s][info][gc             ] GC(381) Pause Full (Ergonomics) 5919M->5919M(6151M) 1884.551ms
[239.546s][info][gc,cpu         ] GC(381) User=13.31s Sys=0.00s Real=1.88s
[239.547s][info][gc,start       ] GC(382) Pause Full (Ergonomics)
[239.547s][info][gc,phases,start] GC(382) Marking Phase
[240.895s][info][gc,phases      ] GC(382) Marking Phase 1348.248ms
[240.895s][info][gc,phases,start] GC(382) Summary Phase
[240.895s][info][gc,phases      ] GC(382) Summary Phase 0.069ms
[240.895s][info][gc,phases,start] GC(382) Adjust Roots
[240.895s][info][gc,phases      ] GC(382) Adjust Roots 0.198ms
[240.895s][info][gc,phases,start] GC(382) Compaction Phase
[241.420s][info][gc,phases      ] GC(382) Compaction Phase 524.308ms
[241.420s][info][gc,phases,start] GC(382) Post Compact
[241.428s][info][gc,phases      ] GC(382) Post Compact 8.752ms
[241.428s][info][gc,heap        ] GC(382) PSYoungGen: 121949K(359424K)->121949K(359424K) Eden: 94720K(94720K)->94720K(94720K) From: 27229K(264704K)->27229K(264704K)
[241.428s][info][gc,heap        ] GC(382) ParOldGen: 5939195K(5939200K)->5939195K(5939200K)
[241.428s][info][gc,metaspace   ] GC(382) Metaspace: 6302K(6528K)->6302K(6528K) NonClass: 5769K(5888K)->5769K(5888K) Class: 533K(640K)->533K(640K)
[241.428s][info][gc             ] GC(382) Pause Full (Ergonomics) 5919M->5919M(6151M) 1881.894ms
[241.429s][info][gc,cpu         ] GC(382) User=13.47s Sys=0.00s Real=1.88s
[241.429s][info][gc,start       ] GC(383) Pause Full (Ergonomics)
[241.429s][info][gc,phases,start] GC(383) Marking Phase
[242.784s][info][gc,phases      ] GC(383) Marking Phase 1354.828ms
[242.784s][info][gc,phases,start] GC(383) Summary Phase
[242.784s][info][gc,phases      ] GC(383) Summary Phase 0.063ms
[242.784s][info][gc,phases,start] GC(383) Adjust Roots
[242.784s][info][gc,phases      ] GC(383) Adjust Roots 0.174ms
[242.784s][info][gc,phases,start] GC(383) Compaction Phase
[243.306s][info][gc,phases      ] GC(383) Compaction Phase 521.934ms
[243.306s][info][gc,phases,start] GC(383) Post Compact
[243.315s][info][gc,phases      ] GC(383) Post Compact 8.870ms
[243.315s][info][gc,heap        ] GC(383) PSYoungGen: 121949K(359424K)->121949K(359424K) Eden: 94720K(94720K)->94720K(94720K) From: 27229K(264704K)->27229K(264704K)
[243.315s][info][gc,heap        ] GC(383) ParOldGen: 5939199K(5939200K)->5939199K(5939200K)
[243.315s][info][gc,metaspace   ] GC(383) Metaspace: 6302K(6528K)->6302K(6528K) NonClass: 5769K(5888K)->5769K(5888K) Class: 533K(640K)->533K(640K)
[243.315s][info][gc             ] GC(383) Pause Full (Ergonomics) 5919M->5919M(6151M) 1886.274ms
[243.315s][info][gc,cpu         ] GC(383) User=13.30s Sys=0.03s Real=1.89s
[243.315s][info][gc,start       ] GC(384) Pause Full (Allocation Failure)
[243.315s][info][gc,phases,start] GC(384) Marking Phase
[244.666s][info][gc,phases      ] GC(384) Marking Phase 1350.811ms
[244.666s][info][gc,phases,start] GC(384) Summary Phase
[244.666s][info][gc,phases      ] GC(384) Summary Phase 0.066ms
[244.666s][info][gc,phases,start] GC(384) Adjust Roots
[244.666s][info][gc,phases      ] GC(384) Adjust Roots 0.398ms
[244.666s][info][gc,phases,start] GC(384) Compaction Phase
[246.209s][info][gc,phases      ] GC(384) Compaction Phase 1542.447ms
[246.209s][info][gc,phases,start] GC(384) Post Compact
[246.218s][info][gc,phases      ] GC(384) Post Compact 8.891ms
[246.218s][info][gc,heap        ] GC(384) PSYoungGen: 121949K(359424K)->121949K(359424K) Eden: 94720K(94720K)->94720K(94720K) From: 27229K(264704K)->27229K(264704K)
[246.218s][info][gc,heap        ] GC(384) ParOldGen: 5939199K(5939200K)->5939195K(5939200K)
[246.218s][info][gc,metaspace   ] GC(384) Metaspace: 6302K(6528K)->6300K(6528K) NonClass: 5769K(5888K)->5768K(5888K) Class: 533K(640K)->532K(640K)
[246.218s][info][gc             ] GC(384) Pause Full (Allocation Failure) 5919M->5919M(6151M) 2902.937ms
[246.218s][info][gc,cpu         ] GC(384) User=21.36s Sys=0.02s Real=2.90s
[246.218s][info][gc,start       ] GC(385) Pause Full (Ergonomics)
[246.218s][info][gc,phases,start] GC(385) Marking Phase
[247.564s][info][gc,phases      ] GC(385) Marking Phase 1345.308ms
[247.564s][info][gc,phases,start] GC(385) Summary Phase
[247.564s][info][gc,phases      ] GC(385) Summary Phase 0.073ms
[247.564s][info][gc,phases,start] GC(385) Adjust Roots
[247.564s][info][gc,phases      ] GC(385) Adjust Roots 0.171ms
[247.564s][info][gc,phases,start] GC(385) Compaction Phase
[248.059s][info][gc,phases      ] GC(385) Compaction Phase 495.019ms
[248.059s][info][gc,phases,start] GC(385) Post Compact
[248.068s][info][gc,phases      ] GC(385) Post Compact 8.689ms
[248.068s][info][gc,heap        ] GC(385) PSYoungGen: 121949K(359424K)->121949K(359424K) Eden: 94720K(94720K)->94720K(94720K) From: 27229K(264704K)->27229K(264704K)
[248.068s][info][gc,heap        ] GC(385) ParOldGen: 5939196K(5939200K)->5939196K(5939200K)
[248.068s][info][gc,metaspace   ] GC(385) Metaspace: 6300K(6528K)->6300K(6528K) NonClass: 5768K(5888K)->5768K(5888K) Class: 532K(640K)->532K(640K)
[248.068s][info][gc             ] GC(385) Pause Full (Ergonomics) 5919M->5919M(6151M) 1849.593ms
[248.068s][info][gc,cpu         ] GC(385) User=13.27s Sys=0.00s Real=1.85s
[248.068s][info][gc,start       ] GC(386) Pause Full (Ergonomics)
[248.068s][info][gc,phases,start] GC(386) Marking Phase
[249.426s][info][gc,phases      ] GC(386) Marking Phase 1358.052ms
[249.426s][info][gc,phases,start] GC(386) Summary Phase
[249.427s][info][gc,phases      ] GC(386) Summary Phase 0.094ms
[249.427s][info][gc,phases,start] GC(386) Adjust Roots
[249.427s][info][gc,phases      ] GC(386) Adjust Roots 0.296ms
[249.427s][info][gc,phases,start] GC(386) Compaction Phase
[249.938s][info][gc,phases      ] GC(386) Compaction Phase 511.020ms
[249.938s][info][gc,phases,start] GC(386) Post Compact
[249.947s][info][gc,phases      ] GC(386) Post Compact 8.767ms
[249.947s][info][gc,heap        ] GC(386) PSYoungGen: 121949K(359424K)->121949K(359424K) Eden: 94720K(94720K)->94720K(94720K) From: 27229K(264704K)->27229K(264704K)
[249.947s][info][gc,heap        ] GC(386) ParOldGen: 5939199K(5939200K)->5939199K(5939200K)
[249.947s][info][gc,metaspace   ] GC(386) Metaspace: 6300K(6528K)->6300K(6528K) NonClass: 5768K(5888K)->5768K(5888K) Class: 532K(640K)->532K(640K)
[249.947s][info][gc             ] GC(386) Pause Full (Ergonomics) 5919M->5919M(6151M) 1878.578ms
[249.947s][info][gc,cpu         ] GC(386) User=13.16s Sys=0.05s Real=1.88s
[249.947s][info][gc,start       ] GC(387) Pause Full (Allocation Failure)
[249.947s][info][gc,phases,start] GC(387) Marking Phase
[251.301s][info][gc,phases      ] GC(387) Marking Phase 1353.841ms
[251.301s][info][gc,phases,start] GC(387) Summary Phase
[251.301s][info][gc,phases      ] GC(387) Summary Phase 0.100ms
[251.301s][info][gc,phases,start] GC(387) Adjust Roots
[251.301s][info][gc,phases      ] GC(387) Adjust Roots 0.221ms
[251.301s][info][gc,phases,start] GC(387) Compaction Phase
[251.805s][info][gc,phases      ] GC(387) Compaction Phase 503.816ms
[251.805s][info][gc,phases,start] GC(387) Post Compact
[251.814s][info][gc,phases      ] GC(387) Post Compact 8.747ms
[251.814s][info][gc,heap        ] GC(387) PSYoungGen: 121949K(359424K)->121949K(359424K) Eden: 94720K(94720K)->94720K(94720K) From: 27229K(264704K)->27229K(264704K)
[251.814s][info][gc,heap        ] GC(387) ParOldGen: 5939199K(5939200K)->5939199K(5939200K)
[251.814s][info][gc,metaspace   ] GC(387) Metaspace: 6300K(6528K)->6300K(6528K) NonClass: 5768K(5888K)->5768K(5888K) Class: 532K(640K)->532K(640K)
[251.814s][info][gc             ] GC(387) Pause Full (Allocation Failure) 5919M->5919M(6151M) 1867.033ms
[251.814s][info][gc,cpu         ] GC(387) User=13.27s Sys=0.00s Real=1.87s
[251.814s][info][gc,start       ] GC(388) Pause Full (Ergonomics)
[251.814s][info][gc,phases,start] GC(388) Marking Phase
[253.184s][info][gc,phases      ] GC(388) Marking Phase 1369.561ms
[253.184s][info][gc,phases,start] GC(388) Summary Phase
[253.184s][info][gc,phases      ] GC(388) Summary Phase 0.064ms
[253.184s][info][gc,phases,start] GC(388) Adjust Roots
[253.184s][info][gc,phases      ] GC(388) Adjust Roots 0.261ms
[253.184s][info][gc,phases,start] GC(388) Compaction Phase
[254.726s][info][gc,phases      ] GC(388) Compaction Phase 1541.991ms
[254.727s][info][gc,phases,start] GC(388) Post Compact
[254.735s][info][gc,phases      ] GC(388) Post Compact 8.954ms
[254.736s][info][gc,heap        ] GC(388) PSYoungGen: 121949K(359424K)->121949K(359424K) Eden: 94720K(94720K)->94720K(94720K) From: 27229K(264704K)->27229K(264704K)
[254.736s][info][gc,heap        ] GC(388) ParOldGen: 5939199K(5939200K)->5939198K(5939200K)
[254.736s][info][gc,metaspace   ] GC(388) Metaspace: 6300K(6528K)->6300K(6528K) NonClass: 5768K(5888K)->5768K(5888K) Class: 532K(640K)->532K(640K)
[254.736s][info][gc             ] GC(388) Pause Full (Ergonomics) 5919M->5919M(6151M) 2921.164ms
[254.736s][info][gc,cpu         ] GC(388) User=21.56s Sys=0.00s Real=2.92s
[254.736s][info][gc,start       ] GC(389) Pause Full (Ergonomics)
[254.736s][info][gc,phases,start] GC(389) Marking Phase
[256.113s][info][gc,phases      ] GC(389) Marking Phase 1377.178ms
[256.113s][info][gc,phases,start] GC(389) Summary Phase
[256.113s][info][gc,phases      ] GC(389) Summary Phase 0.063ms
[256.113s][info][gc,phases,start] GC(389) Adjust Roots
[256.114s][info][gc,phases      ] GC(389) Adjust Roots 0.167ms
[256.114s][info][gc,phases,start] GC(389) Compaction Phase
[256.590s][info][gc,phases      ] GC(389) Compaction Phase 476.747ms
[256.590s][info][gc,phases,start] GC(389) Post Compact
[256.599s][info][gc,phases      ] GC(389) Post Compact 8.939ms
[256.599s][info][gc,heap        ] GC(389) PSYoungGen: 121949K(359424K)->121949K(359424K) Eden: 94720K(94720K)->94720K(94720K) From: 27229K(264704K)->27229K(264704K)
[256.599s][info][gc,heap        ] GC(389) ParOldGen: 5939199K(5939200K)->5939198K(5939200K)
[256.599s][info][gc,metaspace   ] GC(389) Metaspace: 6300K(6528K)->6300K(6528K) NonClass: 5768K(5888K)->5768K(5888K) Class: 532K(640K)->532K(640K)
[256.599s][info][gc             ] GC(389) Pause Full (Ergonomics) 5919M->5919M(6151M) 1863.457ms
[256.599s][info][gc,cpu         ] GC(389) User=13.22s Sys=0.02s Real=1.86s
[256.600s][info][gc,start       ] GC(390) Pause Full (Ergonomics)
[256.601s][info][gc,phases,start] GC(390) Marking Phase
[257.973s][info][gc,phases      ] GC(390) Marking Phase 1372.931ms
[257.974s][info][gc,phases,start] GC(390) Summary Phase
[257.974s][info][gc,phases      ] GC(390) Summary Phase 0.066ms
[257.974s][info][gc,phases,start] GC(390) Adjust Roots
[257.974s][info][gc,phases      ] GC(390) Adjust Roots 0.345ms
[257.974s][info][gc,phases,start] GC(390) Compaction Phase
[259.536s][info][gc,phases      ] GC(390) Compaction Phase 1562.264ms
[259.536s][info][gc,phases,start] GC(390) Post Compact
[259.546s][info][gc,phases      ] GC(390) Post Compact 9.315ms
[259.546s][info][gc,heap        ] GC(390) PSYoungGen: 121949K(359424K)->121949K(359424K) Eden: 94720K(94720K)->94720K(94720K) From: 27229K(264704K)->27229K(264704K)
[259.546s][info][gc,heap        ] GC(390) ParOldGen: 5939199K(5939200K)->5939197K(5939200K)
[259.546s][info][gc,metaspace   ] GC(390) Metaspace: 6302K(6528K)->6302K(6528K) NonClass: 5768K(5888K)->5768K(5888K) Class: 533K(640K)->533K(640K)
[259.546s][info][gc             ] GC(390) Pause Full (Ergonomics) 5919M->5919M(6151M) 2945.326ms
[259.546s][info][gc,cpu         ] GC(390) User=21.56s Sys=0.00s Real=2.94s
[259.546s][info][gc,heap,exit   ] Heap
[259.546s][info][gc,heap,exit   ]  PSYoungGen      total 359424K, used 121949K [0x000000074ac00000, 0x0000000770800000, 0x0000000800000000)
[259.546s][info][gc,heap,exit   ]   eden space 94720K, 100% used [0x000000074ac00000,0x0000000750880000,0x0000000750880000)
[259.546s][info][gc,heap,exit   ]   from space 264704K, 10% used [0x0000000750880000,0x0000000752317638,0x0000000760b00000)
[259.546s][info][gc,heap,exit   ]   to   space 257024K, 0% used [0x0000000760d00000,0x0000000760d00000,0x0000000770800000)
[259.546s][info][gc,heap,exit   ]  ParOldGen       total 5939200K, used 5939197K [0x00000005e0400000, 0x000000074ac00000, 0x000000074ac00000)
[259.547s][info][gc,heap,exit   ]   object space 5939200K, 99% used [0x00000005e0400000,0x000000074abff780,0x000000074ac00000)
[259.547s][info][gc,heap,exit   ]  Metaspace       used 6305K, committed 6528K, reserved 1114112K
[259.547s][info][gc,heap,exit   ]   class space    used 534K, committed 640K, reserved 1048576K
