[0.010s][info][gc,init] CardTable entry size: 512
[0.010s][info][gc     ] Using Serial
[0.010s][info][gc,init] Version: 18.0.1+10 (release)
[0.010s][info][gc,init] CPUs: 8 total, 8 available
[0.010s][info][gc,init] Memory: 16063M
[0.010s][info][gc,init] Large Page Support: Disabled
[0.010s][info][gc,init] NUMA Support: Disabled
[0.010s][info][gc,init] Compressed Oops: Enabled (Zero based)
[0.010s][info][gc,init] Heap Min Capacity: 2M
[0.010s][info][gc,init] Heap Initial Capacity: 2M
[0.010s][info][gc,init] Heap Max Capacity: 8100M
[0.010s][info][gc,init] Pre-touch: Disabled
[0.011s][info][gc,metaspace] CDS archive(s) not mapped
[0.011s][info][gc,metaspace] Compressed class space mapped at: 0x0000000800000000-0x0000000840000000, reserved size: 1073741824
[0.011s][info][gc,metaspace] Narrow klass base: 0x0000000800000000, Narrow klass shift: 0, Narrow klass range: 0x40000000
[0.166s][info][gc,start    ] GC(0) Pause Young (Allocation Failure)
[0.167s][info][gc,heap     ] GC(0) DefNew: 1023K(1152K)->127K(1152K) Eden: 1023K(1024K)->0K(1024K) From: 0K(128K)->127K(128K)
[0.167s][info][gc,heap     ] GC(0) Tenured: 0K(768K)->439K(768K)
[0.167s][info][gc,metaspace] GC(0) Metaspace: 5900K(6016K)->5900K(6016K) NonClass: 5401K(5504K)->5401K(5504K) Class: 499K(512K)->499K(512K)
[0.167s][info][gc          ] GC(0) Pause Young (Allocation Failure) 0M->0M(1M) 1.678ms
[0.167s][info][gc,cpu      ] GC(0) User=0.00s Sys=0.00s Real=0.00s
[0.188s][info][gc,start    ] GC(1) Pause Young (Allocation Failure)
[0.189s][info][gc          ] GC(1) Pause Young (Allocation Failure) 1M->0M(2M) 1.492ms
[0.189s][info][gc,cpu      ] GC(1) User=0.00s Sys=0.00s Real=0.00s
[0.189s][info][gc,start    ] GC(2) Pause Full (Allocation Failure)
[0.189s][info][gc,phases,start] GC(2) Phase 1: Mark live objects
[0.190s][info][gc,phases      ] GC(2) Phase 1: Mark live objects 1.085ms
[0.190s][info][gc,phases,start] GC(2) Phase 2: Compute new object addresses
[0.191s][info][gc,phases      ] GC(2) Phase 2: Compute new object addresses 0.257ms
[0.191s][info][gc,phases,start] GC(2) Phase 3: Adjust pointers
[0.191s][info][gc,phases      ] GC(2) Phase 3: Adjust pointers 0.660ms
[0.191s][info][gc,phases,start] GC(2) Phase 4: Move objects
[0.192s][info][gc,phases      ] GC(2) Phase 4: Move objects 0.097ms
[0.192s][info][gc,heap        ] GC(2) DefNew: 1151K(1152K)->40K(1152K) Eden: 1024K(1024K)->40K(1024K) From: 127K(128K)->0K(128K)
[0.192s][info][gc,heap        ] GC(2) Tenured: 439K(768K)->959K(1600K)
[0.192s][info][gc,metaspace   ] GC(2) Metaspace: 6297K(6464K)->6297K(6464K) NonClass: 5764K(5824K)->5764K(5824K) Class: 533K(640K)->533K(640K)
[0.192s][info][gc             ] GC(2) Pause Full (Allocation Failure) 0M->0M(2M) 2.453ms
[0.192s][info][gc,cpu         ] GC(2) User=0.00s Sys=0.00s Real=0.00s
[0.193s][info][gc,start       ] GC(3) Pause Young (Allocation Failure)
[0.195s][info][gc,heap        ] GC(3) DefNew: 1024K(1152K)->127K(1152K) Eden: 1024K(1024K)->0K(1024K) From: 0K(128K)->127K(128K)
[0.195s][info][gc,heap        ] GC(3) Tenured: 959K(1600K)->1375K(1600K)
[0.195s][info][gc,metaspace   ] GC(3) Metaspace: 6297K(6464K)->6297K(6464K) NonClass: 5764K(5824K)->5764K(5824K) Class: 533K(640K)->533K(640K)
[0.195s][info][gc             ] GC(3) Pause Young (Allocation Failure) 1M->1M(2M) 1.752ms
[0.195s][info][gc,cpu         ] GC(3) User=0.00s Sys=0.00s Real=0.00s
[0.197s][info][gc,start       ] GC(4) Pause Young (Allocation Failure)
[0.198s][info][gc             ] GC(4) Pause Young (Allocation Failure) 2M->1M(3M) 1.567ms
[0.198s][info][gc,cpu         ] GC(4) User=0.00s Sys=0.00s Real=0.00s
[0.198s][info][gc,start       ] GC(5) Pause Full (Allocation Failure)
[0.198s][info][gc,phases,start] GC(5) Phase 1: Mark live objects
[0.200s][info][gc,phases      ] GC(5) Phase 1: Mark live objects 1.704ms
[0.200s][info][gc,phases,start] GC(5) Phase 2: Compute new object addresses
[0.201s][info][gc,phases      ] GC(5) Phase 2: Compute new object addresses 0.406ms
[0.201s][info][gc,phases,start] GC(5) Phase 3: Adjust pointers
[0.201s][info][gc,phases      ] GC(5) Phase 3: Adjust pointers 0.748ms
[0.201s][info][gc,phases,start] GC(5) Phase 4: Move objects
[0.201s][info][gc,phases      ] GC(5) Phase 4: Move objects 0.069ms
[0.202s][info][gc,heap        ] GC(5) DefNew: 1151K(1152K)->35K(1536K) Eden: 1024K(1024K)->35K(1408K) From: 127K(128K)->0K(128K)
[0.202s][info][gc,heap        ] GC(5) Tenured: 1375K(1600K)->1983K(3308K)
[0.202s][info][gc,metaspace   ] GC(5) Metaspace: 6297K(6464K)->6297K(6464K) NonClass: 5764K(5824K)->5764K(5824K) Class: 533K(640K)->533K(640K)
[0.202s][info][gc             ] GC(5) Pause Full (Allocation Failure) 1M->1M(4M) 3.272ms
[0.202s][info][gc,cpu         ] GC(5) User=0.00s Sys=0.00s Real=0.00s
[0.203s][info][gc,start       ] GC(6) Pause Young (Allocation Failure)
[0.205s][info][gc,heap        ] GC(6) DefNew: 1407K(1536K)->127K(1536K) Eden: 1407K(1408K)->0K(1408K) From: 0K(128K)->127K(128K)
[0.205s][info][gc,heap        ] GC(6) Tenured: 1983K(3308K)->2617K(3308K)
[0.205s][info][gc,metaspace   ] GC(6) Metaspace: 6297K(6464K)->6297K(6464K) NonClass: 5764K(5824K)->5764K(5824K) Class: 533K(640K)->533K(640K)
[0.205s][info][gc             ] GC(6) Pause Young (Allocation Failure) 3M->2M(4M) 1.948ms
[0.205s][info][gc,cpu         ] GC(6) User=0.00s Sys=0.00s Real=0.00s
[0.207s][info][gc,start       ] GC(7) Pause Young (Allocation Failure)
[0.209s][info][gc             ] GC(7) Pause Young (Allocation Failure) 4M->3M(4M) 1.794ms
[0.209s][info][gc,cpu         ] GC(7) User=0.00s Sys=0.00s Real=0.00s
[0.209s][info][gc,start       ] GC(8) Pause Full (Allocation Failure)
[0.209s][info][gc,phases,start] GC(8) Phase 1: Mark live objects
[0.211s][info][gc,phases      ] GC(8) Phase 1: Mark live objects 2.257ms
[0.211s][info][gc,phases,start] GC(8) Phase 2: Compute new object addresses
[0.212s][info][gc,phases      ] GC(8) Phase 2: Compute new object addresses 0.751ms
[0.212s][info][gc,phases,start] GC(8) Phase 3: Adjust pointers
[0.213s][info][gc,phases      ] GC(8) Phase 3: Adjust pointers 1.234ms
[0.213s][info][gc,phases,start] GC(8) Phase 4: Move objects
[0.213s][info][gc,phases      ] GC(8) Phase 4: Move objects 0.090ms
[0.213s][info][gc,heap        ] GC(8) DefNew: 1535K(1536K)->0K(2688K) Eden: 1408K(1408K)->0K(2432K) From: 127K(128K)->0K(256K)
[0.213s][info][gc,heap        ] GC(8) Tenured: 2617K(3308K)->3460K(5768K)
[0.213s][info][gc,metaspace   ] GC(8) Metaspace: 6297K(6464K)->6297K(6464K) NonClass: 5764K(5824K)->5764K(5824K) Class: 533K(640K)->533K(640K)
[0.213s][info][gc             ] GC(8) Pause Full (Allocation Failure) 3M->3M(8M) 4.726ms
[0.213s][info][gc,cpu         ] GC(8) User=0.00s Sys=0.00s Real=0.01s
[0.218s][info][gc,start       ] GC(9) Pause Young (Allocation Failure)
[0.221s][info][gc,heap        ] GC(9) DefNew: 2431K(2688K)->256K(2688K) Eden: 2431K(2432K)->0K(2432K) From: 0K(256K)->256K(256K)
[0.221s][info][gc,heap        ] GC(9) Tenured: 3460K(5768K)->4512K(5768K)
[0.221s][info][gc,metaspace   ] GC(9) Metaspace: 6297K(6464K)->6297K(6464K) NonClass: 5764K(5824K)->5764K(5824K) Class: 533K(640K)->533K(640K)
[0.221s][info][gc             ] GC(9) Pause Young (Allocation Failure) 5M->4M(8M) 3.254ms
[0.221s][info][gc,cpu         ] GC(9) User=0.00s Sys=0.00s Real=0.00s
[0.224s][info][gc,start       ] GC(10) Pause Young (Allocation Failure)
[0.228s][info][gc,heap        ] GC(10) DefNew: 2688K(2688K)->255K(2688K) Eden: 2432K(2432K)->0K(2432K) From: 256K(256K)->255K(256K)
[0.228s][info][gc,heap        ] GC(10) Tenured: 4512K(5768K)->5755K(5768K)
[0.228s][info][gc,metaspace   ] GC(10) Metaspace: 6297K(6464K)->6297K(6464K) NonClass: 5764K(5824K)->5764K(5824K) Class: 533K(640K)->533K(640K)
[0.228s][info][gc             ] GC(10) Pause Young (Allocation Failure) 7M->5M(8M) 4.088ms
[0.228s][info][gc,cpu         ] GC(10) User=0.00s Sys=0.00s Real=0.00s
[0.232s][info][gc,start       ] GC(11) Pause Young (Allocation Failure)
[0.237s][info][gc             ] GC(11) Pause Young (Allocation Failure) 8M->7M(9M) 4.117ms
[0.237s][info][gc,cpu         ] GC(11) User=0.00s Sys=0.00s Real=0.00s
[0.237s][info][gc,start       ] GC(12) Pause Full (Allocation Failure)
[0.237s][info][gc,phases,start] GC(12) Phase 1: Mark live objects
[0.241s][info][gc,phases      ] GC(12) Phase 1: Mark live objects 4.584ms
[0.241s][info][gc,phases,start] GC(12) Phase 2: Compute new object addresses
[0.243s][info][gc,phases      ] GC(12) Phase 2: Compute new object addresses 1.136ms
[0.243s][info][gc,phases,start] GC(12) Phase 3: Adjust pointers
[0.244s][info][gc,phases      ] GC(12) Phase 3: Adjust pointers 1.865ms
[0.245s][info][gc,phases,start] GC(12) Phase 4: Move objects
[0.246s][info][gc,phases      ] GC(12) Phase 4: Move objects 1.347ms
[0.246s][info][gc,heap        ] GC(12) DefNew: 2687K(2688K)->0K(5376K) Eden: 2432K(2432K)->0K(4800K) From: 255K(256K)->0K(576K)
[0.246s][info][gc,heap        ] GC(12) Tenured: 5755K(5768K)->7132K(11888K)
[0.246s][info][gc,metaspace   ] GC(12) Metaspace: 6297K(6464K)->6297K(6464K) NonClass: 5764K(5824K)->5764K(5824K) Class: 533K(640K)->533K(640K)
[0.246s][info][gc             ] GC(12) Pause Full (Allocation Failure) 7M->6M(16M) 9.440ms
[0.246s][info][gc,cpu         ] GC(12) User=0.00s Sys=0.00s Real=0.01s
[0.253s][info][gc,start       ] GC(13) Pause Young (Allocation Failure)
[0.259s][info][gc,heap        ] GC(13) DefNew: 4800K(5376K)->575K(5376K) Eden: 4800K(4800K)->0K(4800K) From: 0K(576K)->575K(576K)
[0.259s][info][gc,heap        ] GC(13) Tenured: 7132K(11888K)->9027K(11888K)
[0.259s][info][gc,metaspace   ] GC(13) Metaspace: 6297K(6464K)->6297K(6464K) NonClass: 5764K(5824K)->5764K(5824K) Class: 533K(640K)->533K(640K)
[0.260s][info][gc             ] GC(13) Pause Young (Allocation Failure) 11M->9M(16M) 6.795ms
[0.260s][info][gc,cpu         ] GC(13) User=0.00s Sys=0.00s Real=0.01s
[0.265s][info][gc,start       ] GC(14) Pause Young (Allocation Failure)
[0.273s][info][gc,heap        ] GC(14) DefNew: 5375K(5376K)->576K(5376K) Eden: 4800K(4800K)->0K(4800K) From: 575K(576K)->576K(576K)
[0.273s][info][gc,heap        ] GC(14) Tenured: 9027K(11888K)->11746K(11888K)
[0.273s][info][gc,metaspace   ] GC(14) Metaspace: 6297K(6464K)->6297K(6464K) NonClass: 5764K(5824K)->5764K(5824K) Class: 533K(640K)->533K(640K)
[0.273s][info][gc             ] GC(14) Pause Young (Allocation Failure) 14M->12M(16M) 7.835ms
[0.273s][info][gc,cpu         ] GC(14) User=0.00s Sys=0.00s Real=0.01s
[0.277s][info][gc,start       ] GC(15) Pause Young (Allocation Failure)
[0.284s][info][gc             ] GC(15) Pause Young (Allocation Failure) 16M->14M(19M) 6.449ms
[0.284s][info][gc,cpu         ] GC(15) User=0.00s Sys=0.00s Real=0.01s
[0.284s][info][gc,start       ] GC(16) Pause Full (Allocation Failure)
[0.284s][info][gc,phases,start] GC(16) Phase 1: Mark live objects
[0.292s][info][gc,phases      ] GC(16) Phase 1: Mark live objects 8.733ms
[0.292s][info][gc,phases,start] GC(16) Phase 2: Compute new object addresses
[0.295s][info][gc,phases      ] GC(16) Phase 2: Compute new object addresses 2.627ms
[0.295s][info][gc,phases,start] GC(16) Phase 3: Adjust pointers
[0.299s][info][gc,phases      ] GC(16) Phase 3: Adjust pointers 3.495ms
[0.299s][info][gc,phases,start] GC(16) Phase 4: Move objects
[0.299s][info][gc,phases      ] GC(16) Phase 4: Move objects 0.193ms
[0.299s][info][gc,heap        ] GC(16) DefNew: 5376K(5376K)->387K(10880K) Eden: 4800K(4800K)->387K(9728K) From: 576K(576K)->0K(1152K)
[0.299s][info][gc,heap        ] GC(16) Tenured: 11746K(11888K)->14384K(23976K)
[0.299s][info][gc,metaspace   ] GC(16) Metaspace: 6299K(6464K)->6299K(6464K) NonClass: 5766K(5824K)->5766K(5824K) Class: 533K(640K)->533K(640K)
[0.299s][info][gc             ] GC(16) Pause Full (Allocation Failure) 14M->14M(34M) 15.392ms
[0.299s][info][gc,cpu         ] GC(16) User=0.02s Sys=0.00s Real=0.01s
[0.306s][info][gc,start       ] GC(17) Pause Young (Allocation Failure)
[0.319s][info][gc,heap        ] GC(17) DefNew: 9728K(10880K)->1151K(10880K) Eden: 9728K(9728K)->0K(9728K) From: 0K(1152K)->1151K(1152K)
[0.319s][info][gc,heap        ] GC(17) Tenured: 14384K(23976K)->18415K(23976K)
[0.319s][info][gc,metaspace   ] GC(17) Metaspace: 6299K(6464K)->6299K(6464K) NonClass: 5766K(5824K)->5766K(5824K) Class: 533K(640K)->533K(640K)
[0.320s][info][gc             ] GC(17) Pause Young (Allocation Failure) 23M->19M(34M) 13.337ms
[0.320s][info][gc,cpu         ] GC(17) User=0.00s Sys=0.00s Real=0.01s
[0.327s][info][gc,start       ] GC(18) Pause Young (Allocation Failure)
[0.341s][info][gc,heap        ] GC(18) DefNew: 10879K(10880K)->1151K(10880K) Eden: 9728K(9728K)->0K(9728K) From: 1151K(1152K)->1151K(1152K)
[0.341s][info][gc,heap        ] GC(18) Tenured: 18415K(23976K)->23936K(23976K)
[0.341s][info][gc,metaspace   ] GC(18) Metaspace: 6299K(6464K)->6299K(6464K) NonClass: 5766K(5824K)->5766K(5824K) Class: 533K(640K)->533K(640K)
[0.341s][info][gc             ] GC(18) Pause Young (Allocation Failure) 28M->24M(34M) 13.377ms
[0.341s][info][gc,cpu         ] GC(18) User=0.00s Sys=0.00s Real=0.01s
[0.346s][info][gc,start       ] GC(19) Pause Young (Allocation Failure)
[0.358s][info][gc             ] GC(19) Pause Young (Allocation Failure) 34M->29M(38M) 12.270ms
[0.358s][info][gc,cpu         ] GC(19) User=0.00s Sys=0.00s Real=0.01s
[0.358s][info][gc,start       ] GC(20) Pause Full (Allocation Failure)
[0.359s][info][gc,phases,start] GC(20) Phase 1: Mark live objects
[0.374s][info][gc,phases      ] GC(20) Phase 1: Mark live objects 15.669ms
[0.374s][info][gc,phases,start] GC(20) Phase 2: Compute new object addresses
[0.379s][info][gc,phases      ] GC(20) Phase 2: Compute new object addresses 5.076ms
[0.379s][info][gc,phases,start] GC(20) Phase 3: Adjust pointers
[0.385s][info][gc,phases      ] GC(20) Phase 3: Adjust pointers 5.521ms
[0.385s][info][gc,phases,start] GC(20) Phase 4: Move objects
[0.385s][info][gc,phases      ] GC(20) Phase 4: Move objects 0.213ms
[0.385s][info][gc,heap        ] GC(20) DefNew: 10879K(10880K)->1080K(21888K) Eden: 9728K(9728K)->1080K(19520K) From: 1151K(1152K)->0K(2368K)
[0.385s][info][gc,heap        ] GC(20) Tenured: 23936K(23976K)->29035K(48396K)
[0.385s][info][gc,metaspace   ] GC(20) Metaspace: 6299K(6464K)->6299K(6464K) NonClass: 5766K(5824K)->5766K(5824K) Class: 533K(640K)->533K(640K)
[0.385s][info][gc             ] GC(20) Pause Full (Allocation Failure) 29M->29M(68M) 26.926ms
[0.385s][info][gc,cpu         ] GC(20) User=0.03s Sys=0.00s Real=0.03s
[0.401s][info][gc,start       ] GC(21) Pause Young (Allocation Failure)
[0.431s][info][gc,heap        ] GC(21) DefNew: 19520K(21888K)->2367K(21888K) Eden: 19520K(19520K)->0K(19520K) From: 0K(2368K)->2367K(2368K)
[0.431s][info][gc,heap        ] GC(21) Tenured: 29035K(48396K)->41005K(48396K)
[0.431s][info][gc,metaspace   ] GC(21) Metaspace: 6299K(6464K)->6299K(6464K) NonClass: 5766K(5824K)->5766K(5824K) Class: 533K(640K)->533K(640K)
[0.431s][info][gc             ] GC(21) Pause Young (Allocation Failure) 47M->42M(68M) 29.627ms
[0.431s][info][gc,cpu         ] GC(21) User=0.02s Sys=0.00s Real=0.03s
[0.448s][info][gc,start       ] GC(22) Pause Young (Allocation Failure)
[0.484s][info][gc             ] GC(22) Pause Young (Allocation Failure) 61M->61M(80M) 36.314ms
[0.485s][info][gc,cpu         ] GC(22) User=0.03s Sys=0.00s Real=0.04s
[0.485s][info][gc,start       ] GC(23) Pause Full (Allocation Failure)
[0.485s][info][gc,phases,start] GC(23) Phase 1: Mark live objects
[0.512s][info][gc,phases      ] GC(23) Phase 1: Mark live objects 27.313ms
[0.512s][info][gc,phases,start] GC(23) Phase 2: Compute new object addresses
[0.522s][info][gc,phases      ] GC(23) Phase 2: Compute new object addresses 10.287ms
[0.522s][info][gc,phases,start] GC(23) Phase 3: Adjust pointers
[0.534s][info][gc,phases      ] GC(23) Phase 3: Adjust pointers 11.761ms
[0.534s][info][gc,phases,start] GC(23) Phase 4: Move objects
[0.535s][info][gc,phases      ] GC(23) Phase 4: Move objects 0.411ms
[0.535s][info][gc,heap        ] GC(23) DefNew: 21887K(21888K)->2178K(45568K) Eden: 19520K(19520K)->2178K(40512K) From: 2367K(2368K)->0K(5056K)
[0.535s][info][gc,heap        ] GC(23) Tenured: 41005K(48396K)->60683K(101140K)
[0.535s][info][gc,metaspace   ] GC(23) Metaspace: 6299K(6464K)->6299K(6464K) NonClass: 5766K(5824K)->5766K(5824K) Class: 533K(640K)->533K(640K)
[0.535s][info][gc             ] GC(23) Pause Full (Allocation Failure) 61M->61M(143M) 50.463ms
[0.535s][info][gc,cpu         ] GC(23) User=0.05s Sys=0.00s Real=0.05s
[0.577s][info][gc,start       ] GC(24) Pause Young (Allocation Failure)
[0.649s][info][gc,heap        ] GC(24) DefNew: 40512K(45568K)->5056K(45568K) Eden: 40512K(40512K)->0K(40512K) From: 0K(5056K)->5056K(5056K)
[0.649s][info][gc,heap        ] GC(24) Tenured: 60683K(101140K)->96114K(101140K)
[0.649s][info][gc,metaspace   ] GC(24) Metaspace: 6299K(6464K)->6299K(6464K) NonClass: 5766K(5824K)->5766K(5824K) Class: 533K(640K)->533K(640K)
[0.649s][info][gc             ] GC(24) Pause Young (Allocation Failure) 98M->98M(143M) 71.892ms
[0.649s][info][gc,cpu         ] GC(24) User=0.05s Sys=0.00s Real=0.07s
[0.680s][info][gc,start       ] GC(25) Pause Young (Allocation Failure)
[0.755s][info][gc             ] GC(25) Pause Young (Allocation Failure) 138M->138M(178M) 74.884ms
[0.755s][info][gc,cpu         ] GC(25) User=0.05s Sys=0.00s Real=0.07s
[0.755s][info][gc,start       ] GC(26) Pause Full (Allocation Failure)
[0.755s][info][gc,phases,start] GC(26) Phase 1: Mark live objects
[0.824s][info][gc,phases      ] GC(26) Phase 1: Mark live objects 68.840ms
[0.824s][info][gc,phases,start] GC(26) Phase 2: Compute new object addresses
[0.850s][info][gc,phases      ] GC(26) Phase 2: Compute new object addresses 25.949ms
[0.850s][info][gc,phases,start] GC(26) Phase 3: Adjust pointers
[0.879s][info][gc,phases      ] GC(26) Phase 3: Adjust pointers 28.576ms
[0.879s][info][gc,phases,start] GC(26) Phase 4: Move objects
[0.905s][info][gc,phases      ] GC(26) Phase 4: Move objects 26.167ms
[0.906s][info][gc,heap        ] GC(26) DefNew: 45568K(45568K)->1084K(102592K) Eden: 40512K(40512K)->1084K(91200K) From: 5056K(5056K)->0K(11392K)
[0.906s][info][gc,heap        ] GC(26) Tenured: 96114K(101140K)->136727K(227880K)
[0.906s][info][gc,metaspace   ] GC(26) Metaspace: 6299K(6464K)->6299K(6464K) NonClass: 5766K(5824K)->5766K(5824K) Class: 533K(640K)->533K(640K)
[0.906s][info][gc             ] GC(26) Pause Full (Allocation Failure) 138M->134M(322M) 150.368ms
[0.906s][info][gc,cpu         ] GC(26) User=0.09s Sys=0.00s Real=0.15s
[1.009s][info][gc,start       ] GC(27) Pause Young (Allocation Failure)
[1.168s][info][gc,heap        ] GC(27) DefNew: 91200K(102592K)->11391K(102592K) Eden: 91200K(91200K)->0K(91200K) From: 0K(11392K)->11391K(11392K)
[1.168s][info][gc,heap        ] GC(27) Tenured: 136727K(227880K)->216505K(227880K)
[1.168s][info][gc,metaspace   ] GC(27) Metaspace: 6299K(6464K)->6299K(6464K) NonClass: 5766K(5824K)->5766K(5824K) Class: 533K(640K)->533K(640K)
[1.168s][info][gc             ] GC(27) Pause Young (Allocation Failure) 222M->222M(322M) 159.131ms
[1.168s][info][gc,cpu         ] GC(27) User=0.11s Sys=0.05s Real=0.16s
[1.257s][info][gc,start       ] GC(28) Pause Young (Allocation Failure)
[1.433s][info][gc             ] GC(28) Pause Young (Allocation Failure) 311M->311M(400M) 175.639ms
[1.433s][info][gc,cpu         ] GC(28) User=0.14s Sys=0.02s Real=0.17s
[1.433s][info][gc,start       ] GC(29) Pause Full (Allocation Failure)
[1.433s][info][gc,phases,start] GC(29) Phase 1: Mark live objects
[1.572s][info][gc,phases      ] GC(29) Phase 1: Mark live objects 138.730ms
[1.572s][info][gc,phases,start] GC(29) Phase 2: Compute new object addresses
[1.621s][info][gc,phases      ] GC(29) Phase 2: Compute new object addresses 49.201ms
[1.621s][info][gc,phases,start] GC(29) Phase 3: Adjust pointers
[1.678s][info][gc,phases      ] GC(29) Phase 3: Adjust pointers 56.780ms
[1.678s][info][gc,phases,start] GC(29) Phase 4: Move objects
[1.680s][info][gc,phases      ] GC(29) Phase 4: Move objects 2.218ms
[1.681s][info][gc,heap        ] GC(29) DefNew: 102591K(102592K)->11376K(230848K) Eden: 91200K(91200K)->11376K(205248K) From: 11391K(11392K)->0K(25600K)
[1.681s][info][gc,heap        ] GC(29) Tenured: 216505K(227880K)->307692K(512820K)
[1.681s][info][gc,metaspace   ] GC(29) Metaspace: 6299K(6464K)->6299K(6464K) NonClass: 5766K(5824K)->5766K(5824K) Class: 533K(640K)->533K(640K)
[1.681s][info][gc             ] GC(29) Pause Full (Allocation Failure) 311M->311M(726M) 248.229ms
[1.681s][info][gc,cpu         ] GC(29) User=0.23s Sys=0.00s Real=0.25s
[1.899s][info][gc,start       ] GC(30) Pause Young (Allocation Failure)
[2.258s][info][gc,heap        ] GC(30) DefNew: 205248K(230848K)->25600K(230848K) Eden: 205248K(205248K)->0K(205248K) From: 0K(25600K)->25600K(25600K)
[2.258s][info][gc,heap        ] GC(30) Tenured: 307692K(512820K)->487314K(512820K)
[2.258s][info][gc,metaspace   ] GC(30) Metaspace: 6299K(6464K)->6299K(6464K) NonClass: 5766K(5824K)->5766K(5824K) Class: 533K(640K)->533K(640K)
[2.258s][info][gc             ] GC(30) Pause Young (Allocation Failure) 500M->500M(726M) 359.664ms
[2.258s][info][gc,cpu         ] GC(30) User=0.31s Sys=0.02s Real=0.36s
[2.452s][info][gc,start       ] GC(31) Pause Young (Allocation Failure)
[2.889s][info][gc             ] GC(31) Pause Young (Allocation Failure) 701M->700M(901M) 437.130ms
[2.889s][info][gc,cpu         ] GC(31) User=0.36s Sys=0.03s Real=0.44s
[2.889s][info][gc,start       ] GC(32) Pause Full (Allocation Failure)
[2.889s][info][gc,phases,start] GC(32) Phase 1: Mark live objects
[3.227s][info][gc,phases      ] GC(32) Phase 1: Mark live objects 338.013ms
[3.227s][info][gc,phases,start] GC(32) Phase 2: Compute new object addresses
[3.339s][info][gc,phases      ] GC(32) Phase 2: Compute new object addresses 111.100ms
[3.339s][info][gc,phases,start] GC(32) Phase 3: Adjust pointers
[3.457s][info][gc,phases      ] GC(32) Phase 3: Adjust pointers 118.462ms
[3.457s][info][gc,phases,start] GC(32) Phase 4: Move objects
[3.462s][info][gc,phases      ] GC(32) Phase 4: Move objects 5.204ms
[3.464s][info][gc,heap        ] GC(32) DefNew: 230848K(230848K)->25508K(518976K) Eden: 205248K(205248K)->25508K(461312K) From: 25600K(25600K)->0K(57664K)
[3.464s][info][gc,heap        ] GC(32) Tenured: 487314K(512820K)->691955K(1153260K)
[3.464s][info][gc,metaspace   ] GC(32) Metaspace: 6299K(6464K)->6299K(6464K) NonClass: 5766K(5824K)->5766K(5824K) Class: 533K(640K)->533K(640K)
[3.464s][info][gc             ] GC(32) Pause Full (Allocation Failure) 700M->700M(1633M) 575.014ms
[3.464s][info][gc,cpu         ] GC(32) User=0.55s Sys=0.00s Real=0.58s
[3.955s][info][gc,start       ] GC(33) Pause Young (Allocation Failure)
[4.753s][info][gc,heap        ] GC(33) DefNew: 461312K(518976K)->57664K(518976K) Eden: 461312K(461312K)->0K(461312K) From: 0K(57664K)->57664K(57664K)
[4.753s][info][gc,heap        ] GC(33) Tenured: 691955K(1153260K)->1095572K(1153260K)
[4.753s][info][gc,metaspace   ] GC(33) Metaspace: 6299K(6464K)->6299K(6464K) NonClass: 5766K(5824K)->5766K(5824K) Class: 533K(640K)->533K(640K)
[4.753s][info][gc             ] GC(33) Pause Young (Allocation Failure) 1126M->1126M(1633M) 798.130ms
[4.753s][info][gc,cpu         ] GC(33) User=0.59s Sys=0.17s Real=0.80s
[5.223s][info][gc,start       ] GC(34) Pause Young (Allocation Failure)
[5.971s][info][gc             ] GC(34) Pause Young (Allocation Failure) 1576M->1523M(1974M) 747.533ms
[5.971s][info][gc,cpu         ] GC(34) User=0.55s Sys=0.19s Real=0.75s
[5.971s][info][gc,start       ] GC(35) Pause Full (Allocation Failure)
[5.971s][info][gc,phases,start] GC(35) Phase 1: Mark live objects
[6.647s][info][gc,phases      ] GC(35) Phase 1: Mark live objects 676.424ms
[6.647s][info][gc,phases,start] GC(35) Phase 2: Compute new object addresses
[6.870s][info][gc,phases      ] GC(35) Phase 2: Compute new object addresses 222.250ms
[6.870s][info][gc,phases,start] GC(35) Phase 3: Adjust pointers
[7.138s][info][gc,phases      ] GC(35) Phase 3: Adjust pointers 268.456ms
[7.138s][info][gc,phases,start] GC(35) Phase 4: Move objects
[7.149s][info][gc,phases      ] GC(35) Phase 4: Move objects 10.978ms
[7.153s][info][gc,heap        ] GC(35) DefNew: 518976K(518976K)->57543K(1126976K) Eden: 461312K(461312K)->57543K(1001792K) From: 57664K(57664K)->0K(125184K)
[7.154s][info][gc,heap        ] GC(35) Tenured: 1095572K(1153260K)->1502575K(2504296K)
[7.154s][info][gc,metaspace   ] GC(35) Metaspace: 6299K(6464K)->6299K(6464K) NonClass: 5766K(5824K)->5766K(5824K) Class: 533K(640K)->533K(640K)
[7.154s][info][gc             ] GC(35) Pause Full (Allocation Failure) 1523M->1523M(3546M) 1182.623ms
[7.154s][info][gc,cpu         ] GC(35) User=1.17s Sys=0.00s Real=1.18s
[8.147s][info][gc,start       ] GC(36) Pause Young (Allocation Failure)
[9.931s][info][gc,heap        ] GC(36) DefNew: 1001792K(1126976K)->125184K(1126976K) Eden: 1001792K(1001792K)->0K(1001792K) From: 0K(125184K)->125184K(125184K)
[9.931s][info][gc,heap        ] GC(36) Tenured: 1502575K(2504296K)->2379155K(2504296K)
[9.931s][info][gc,metaspace   ] GC(36) Metaspace: 6299K(6464K)->6299K(6464K) NonClass: 5766K(5824K)->5766K(5824K) Class: 533K(640K)->533K(640K)
[9.931s][info][gc             ] GC(36) Pause Young (Allocation Failure) 2445M->2445M(3546M) 1784.360ms
[9.931s][info][gc,cpu         ] GC(36) User=1.47s Sys=0.28s Real=1.78s
[10.913s][info][gc,start       ] GC(37) Pause Young (Allocation Failure)
[12.652s][info][gc             ] GC(37) Pause Young (Allocation Failure) 3423M->3423M(4402M) 1738.675ms
[12.652s][info][gc,cpu         ] GC(37) User=1.38s Sys=0.36s Real=1.74s
[12.652s][info][gc,start       ] GC(38) Pause Full (Allocation Failure)
[12.652s][info][gc,phases,start] GC(38) Phase 1: Mark live objects
[14.234s][info][gc,phases      ] GC(38) Phase 1: Mark live objects 1581.958ms
[14.234s][info][gc,phases,start] GC(38) Phase 2: Compute new object addresses
[14.767s][info][gc,phases      ] GC(38) Phase 2: Compute new object addresses 533.115ms
[14.767s][info][gc,phases,start] GC(38) Phase 3: Adjust pointers
[15.449s][info][gc,phases      ] GC(38) Phase 3: Adjust pointers 681.835ms
[15.449s][info][gc,phases,start] GC(38) Phase 4: Move objects
[16.089s][info][gc,phases      ] GC(38) Phase 4: Move objects 640.183ms
[16.098s][info][gc,heap        ] GC(38) DefNew: 1126976K(1126976K)->30794K(2488320K) Eden: 1001792K(1001792K)->30794K(2211840K) From: 125184K(125184K)->0K(276480K)
[16.098s][info][gc,heap        ] GC(38) Tenured: 2379155K(2504296K)->3381099K(5529600K)
[16.098s][info][gc,metaspace   ] GC(38) Metaspace: 6299K(6464K)->6299K(6464K) NonClass: 5766K(5824K)->5766K(5824K) Class: 533K(640K)->533K(640K)
[16.098s][info][gc             ] GC(38) Pause Full (Allocation Failure) 3423M->3331M(7830M) 3446.674ms
[16.098s][info][gc,cpu         ] GC(38) User=3.41s Sys=0.00s Real=3.45s
[18.332s][info][gc,start       ] GC(39) Pause Young (Allocation Failure)
[22.152s][info][gc,heap        ] GC(39) DefNew: 2211840K(2488320K)->276480K(2488320K) Eden: 2211840K(2211840K)->0K(2211840K) From: 0K(276480K)->276480K(276480K)
[22.152s][info][gc,heap        ] GC(39) Tenured: 3381099K(5529600K)->5316430K(5529600K)
[22.152s][info][gc,metaspace   ] GC(39) Metaspace: 6299K(6464K)->6299K(6464K) NonClass: 5766K(5824K)->5766K(5824K) Class: 533K(640K)->533K(640K)
[22.152s][info][gc             ] GC(39) Pause Young (Allocation Failure) 5461M->5461M(7830M) 3819.641ms
[22.152s][info][gc,cpu         ] GC(39) User=3.14s Sys=0.66s Real=3.82s
[24.229s][info][gc,start       ] GC(40) Pause Young (Allocation Failure)
[24.229s][info][gc             ] GC(40) Pause Young (Allocation Failure) 7621M->7621M(7830M) 0.128ms
[24.229s][info][gc,cpu         ] GC(40) User=0.00s Sys=0.00s Real=0.00s
[24.229s][info][gc,start       ] GC(41) Pause Full (Allocation Failure)
[24.229s][info][gc,phases,start] GC(41) Phase 1: Mark live objects
[27.872s][info][gc,phases      ] GC(41) Phase 1: Mark live objects 3643.020ms
[27.872s][info][gc,phases,start] GC(41) Phase 2: Compute new object addresses
[28.971s][info][gc,phases      ] GC(41) Phase 2: Compute new object addresses 1098.818ms
[28.971s][info][gc,phases,start] GC(41) Phase 3: Adjust pointers
[30.505s][info][gc,phases      ] GC(41) Phase 3: Adjust pointers 1533.666ms
[30.505s][info][gc,phases,start] GC(41) Phase 4: Move objects
[30.983s][info][gc,phases      ] GC(41) Phase 4: Move objects 478.182ms
[30.984s][info][gc,heap        ] GC(41) DefNew: 2488320K(2488320K)->2314723K(2488320K) Eden: 2211840K(2211840K)->2211839K(2211840K) From: 276480K(276480K)->102883K(276480K)
[30.984s][info][gc,heap        ] GC(41) Tenured: 5316430K(5529600K)->5490000K(5529600K)
[30.984s][info][gc,metaspace   ] GC(41) Metaspace: 6299K(6464K)->6299K(6464K) NonClass: 5766K(5824K)->5766K(5824K) Class: 533K(640K)->533K(640K)
[30.984s][info][gc             ] GC(41) Pause Full (Allocation Failure) 7621M->7621M(7830M) 6754.591ms
[30.984s][info][gc,cpu         ] GC(41) User=6.67s Sys=0.05s Real=6.75s
[31.605s][info][gc,start       ] GC(42) Pause Full (Allocation Failure)
[31.605s][info][gc,phases,start] GC(42) Phase 1: Mark live objects
[35.167s][info][gc,phases      ] GC(42) Phase 1: Mark live objects 3562.346ms
[35.167s][info][gc,phases,start] GC(42) Phase 2: Compute new object addresses
[36.248s][info][gc,phases      ] GC(42) Phase 2: Compute new object addresses 1080.656ms
[36.248s][info][gc,phases,start] GC(42) Phase 3: Adjust pointers
[37.695s][info][gc,phases      ] GC(42) Phase 3: Adjust pointers 1447.121ms
[37.695s][info][gc,phases,start] GC(42) Phase 4: Move objects
[37.695s][info][gc,phases      ] GC(42) Phase 4: Move objects 0.017ms
[37.696s][info][gc,heap        ] GC(42) DefNew: 2488319K(2488320K)->2488319K(2488320K) Eden: 2211839K(2211840K)->2211839K(2211840K) From: 276479K(276480K)->276479K(276480K)
[37.696s][info][gc,heap        ] GC(42) Tenured: 5529599K(5529600K)->5529599K(5529600K)
[37.696s][info][gc,metaspace   ] GC(42) Metaspace: 6299K(6464K)->6299K(6464K) NonClass: 5766K(5824K)->5766K(5824K) Class: 533K(640K)->533K(640K)
[37.696s][info][gc             ] GC(42) Pause Full (Allocation Failure) 7829M->7829M(7830M) 6090.985ms
[37.696s][info][gc,cpu         ] GC(42) User=6.06s Sys=0.00s Real=6.09s
[37.696s][info][gc,start       ] GC(43) Pause Full (Allocation Failure)
[37.696s][info][gc,phases,start] GC(43) Phase 1: Mark live objects
[41.237s][info][gc,phases      ] GC(43) Phase 1: Mark live objects 3541.008ms
[41.237s][info][gc,phases,start] GC(43) Phase 2: Compute new object addresses
[42.315s][info][gc,phases      ] GC(43) Phase 2: Compute new object addresses 1078.291ms
[42.315s][info][gc,phases,start] GC(43) Phase 3: Adjust pointers
[43.971s][info][gc,phases      ] GC(43) Phase 3: Adjust pointers 1655.193ms
[43.971s][info][gc,phases,start] GC(43) Phase 4: Move objects
[44.978s][info][gc,phases      ] GC(43) Phase 4: Move objects 1007.749ms
[44.979s][info][gc,heap        ] GC(43) DefNew: 2488319K(2488320K)->2488319K(2488320K) Eden: 2211839K(2211840K)->2211839K(2211840K) From: 276479K(276480K)->276479K(276480K)
[44.979s][info][gc,heap        ] GC(43) Tenured: 5529599K(5529600K)->5398523K(5529600K)
[44.979s][info][gc,metaspace   ] GC(43) Metaspace: 6299K(6464K)->6297K(6464K) NonClass: 5766K(5824K)->5764K(5824K) Class: 533K(640K)->532K(640K)
[44.979s][info][gc             ] GC(43) Pause Full (Allocation Failure) 7829M->7701M(7830M) 7283.054ms
[44.979s][info][gc,cpu         ] GC(43) User=7.27s Sys=0.00s Real=7.28s
[45.383s][info][gc,start       ] GC(44) Pause Full (Allocation Failure)
[45.384s][info][gc,phases,start] GC(44) Phase 1: Mark live objects
[48.998s][info][gc,phases      ] GC(44) Phase 1: Mark live objects 3614.592ms
[48.998s][info][gc,phases,start] GC(44) Phase 2: Compute new object addresses
[50.093s][info][gc,phases      ] GC(44) Phase 2: Compute new object addresses 1095.113ms
[50.093s][info][gc,phases,start] GC(44) Phase 3: Adjust pointers
[51.554s][info][gc,phases      ] GC(44) Phase 3: Adjust pointers 1460.839ms
[51.554s][info][gc,phases,start] GC(44) Phase 4: Move objects
[51.554s][info][gc,phases      ] GC(44) Phase 4: Move objects 0.017ms
[51.555s][info][gc,heap        ] GC(44) DefNew: 2488319K(2488320K)->2488319K(2488320K) Eden: 2211839K(2211840K)->2211839K(2211840K) From: 276479K(276480K)->276479K(276480K)
[51.555s][info][gc,heap        ] GC(44) Tenured: 5529599K(5529600K)->5529599K(5529600K)
[51.555s][info][gc,metaspace   ] GC(44) Metaspace: 6297K(6464K)->6297K(6464K) NonClass: 5764K(5824K)->5764K(5824K) Class: 532K(640K)->532K(640K)
[51.555s][info][gc             ] GC(44) Pause Full (Allocation Failure) 7829M->7829M(7830M) 6171.605ms
[51.555s][info][gc,cpu         ] GC(44) User=6.14s Sys=0.00s Real=6.17s
[51.555s][info][gc,start       ] GC(45) Pause Full (Allocation Failure)
[51.555s][info][gc,phases,start] GC(45) Phase 1: Mark live objects
[55.146s][info][gc,phases      ] GC(45) Phase 1: Mark live objects 3590.725ms
[55.146s][info][gc,phases,start] GC(45) Phase 2: Compute new object addresses
[56.235s][info][gc,phases      ] GC(45) Phase 2: Compute new object addresses 1089.058ms
[56.235s][info][gc,phases,start] GC(45) Phase 3: Adjust pointers
[57.695s][info][gc,phases      ] GC(45) Phase 3: Adjust pointers 1460.398ms
[57.695s][info][gc,phases,start] GC(45) Phase 4: Move objects
[57.696s][info][gc,phases      ] GC(45) Phase 4: Move objects 0.017ms
[57.696s][info][gc,heap        ] GC(45) DefNew: 2488319K(2488320K)->2488319K(2488320K) Eden: 2211839K(2211840K)->2211839K(2211840K) From: 276479K(276480K)->276479K(276480K)
[57.696s][info][gc,heap        ] GC(45) Tenured: 5529599K(5529600K)->5529599K(5529600K)
[57.696s][info][gc,metaspace   ] GC(45) Metaspace: 6297K(6464K)->6297K(6464K) NonClass: 5764K(5824K)->5764K(5824K) Class: 532K(640K)->532K(640K)
[57.696s][info][gc             ] GC(45) Pause Full (Allocation Failure) 7829M->7829M(7830M) 6140.940ms
[57.696s][info][gc,cpu         ] GC(45) User=6.11s Sys=0.00s Real=6.14s
[57.696s][info][gc,start       ] GC(46) Pause Full (Allocation Failure)
[57.696s][info][gc,phases,start] GC(46) Phase 1: Mark live objects
[61.288s][info][gc,phases      ] GC(46) Phase 1: Mark live objects 3591.446ms
[61.288s][info][gc,phases,start] GC(46) Phase 2: Compute new object addresses
[62.374s][info][gc,phases      ] GC(46) Phase 2: Compute new object addresses 1085.897ms
[62.374s][info][gc,phases,start] GC(46) Phase 3: Adjust pointers
[63.851s][info][gc,phases      ] GC(46) Phase 3: Adjust pointers 1476.641ms
[63.851s][info][gc,phases,start] GC(46) Phase 4: Move objects
[63.851s][info][gc,phases      ] GC(46) Phase 4: Move objects 0.017ms
[63.851s][info][gc,heap        ] GC(46) DefNew: 2488319K(2488320K)->2488319K(2488320K) Eden: 2211839K(2211840K)->2211839K(2211840K) From: 276480K(276480K)->276480K(276480K)
[63.851s][info][gc,heap        ] GC(46) Tenured: 5529600K(5529600K)->5529600K(5529600K)
[63.851s][info][gc,metaspace   ] GC(46) Metaspace: 6297K(6464K)->6297K(6464K) NonClass: 5764K(5824K)->5764K(5824K) Class: 532K(640K)->532K(640K)
[63.851s][info][gc             ] GC(46) Pause Full (Allocation Failure) 7829M->7829M(7830M) 6154.776ms
[63.851s][info][gc,cpu         ] GC(46) User=6.11s Sys=0.00s Real=6.16s
[63.851s][info][gc,start       ] GC(47) Pause Full (Allocation Failure)
[63.851s][info][gc,phases,start] GC(47) Phase 1: Mark live objects
[67.447s][info][gc,phases      ] GC(47) Phase 1: Mark live objects 3595.499ms
[67.447s][info][gc,phases,start] GC(47) Phase 2: Compute new object addresses
[68.540s][info][gc,phases      ] GC(47) Phase 2: Compute new object addresses 1093.204ms
[68.540s][info][gc,phases,start] GC(47) Phase 3: Adjust pointers
[70.231s][info][gc,phases      ] GC(47) Phase 3: Adjust pointers 1690.600ms
[70.231s][info][gc,phases,start] GC(47) Phase 4: Move objects
[71.158s][info][gc,phases      ] GC(47) Phase 4: Move objects 926.905ms
[71.158s][info][gc,heap        ] GC(47) DefNew: 2488319K(2488320K)->2488319K(2488320K) Eden: 2211839K(2211840K)->2211839K(2211840K) From: 276480K(276480K)->276480K(276480K)
[71.158s][info][gc,heap        ] GC(47) Tenured: 5529600K(5529600K)->5529598K(5529600K)
[71.158s][info][gc,metaspace   ] GC(47) Metaspace: 6297K(6464K)->6297K(6464K) NonClass: 5764K(5824K)->5764K(5824K) Class: 532K(640K)->532K(640K)
[71.158s][info][gc             ] GC(47) Pause Full (Allocation Failure) 7829M->7829M(7830M) 7307.017ms
[71.158s][info][gc,cpu         ] GC(47) User=7.28s Sys=0.00s Real=7.31s
[71.159s][info][gc,start       ] GC(48) Pause Full (Allocation Failure)
[71.159s][info][gc,phases,start] GC(48) Phase 1: Mark live objects
[74.764s][info][gc,phases      ] GC(48) Phase 1: Mark live objects 3604.432ms
[74.764s][info][gc,phases,start] GC(48) Phase 2: Compute new object addresses
[75.857s][info][gc,phases      ] GC(48) Phase 2: Compute new object addresses 1093.112ms
[75.857s][info][gc,phases,start] GC(48) Phase 3: Adjust pointers
[77.551s][info][gc,phases      ] GC(48) Phase 3: Adjust pointers 1694.284ms
[77.552s][info][gc,phases,start] GC(48) Phase 4: Move objects
[78.508s][info][gc,phases      ] GC(48) Phase 4: Move objects 956.887ms
[78.509s][info][gc,heap        ] GC(48) DefNew: 2488319K(2488320K)->2488319K(2488320K) Eden: 2211839K(2211840K)->2211839K(2211840K) From: 276480K(276480K)->276480K(276480K)
[78.509s][info][gc,heap        ] GC(48) Tenured: 5529599K(5529600K)->5529596K(5529600K)
[78.509s][info][gc,metaspace   ] GC(48) Metaspace: 6299K(6464K)->6299K(6464K) NonClass: 5765K(5824K)->5765K(5824K) Class: 533K(640K)->533K(640K)
[78.509s][info][gc             ] GC(48) Pause Full (Allocation Failure) 7829M->7829M(7830M) 7349.622ms
[78.509s][info][gc,cpu         ] GC(48) User=7.33s Sys=0.00s Real=7.35s
[78.510s][info][gc,heap,exit   ] Heap
[78.510s][info][gc,heap,exit   ]  def new generation   total 2488320K, used 2488319K [0x0000000605c00000, 0x00000006ae800000, 0x00000006ae800000)
[78.510s][info][gc,heap,exit   ]   eden space 2211840K,  99% used [0x0000000605c00000, 0x000000068cbffff8, 0x000000068cc00000)
[78.510s][info][gc,heap,exit   ]   from space 276480K, 100% used [0x000000069da00000, 0x00000006ae800000, 0x00000006ae800000)
[78.510s][info][gc,heap,exit   ]   to   space 276480K,   0% used [0x000000068cc00000, 0x000000068cc00000, 0x000000069da00000)
[78.510s][info][gc,heap,exit   ]  tenured generation   total 5529600K, used 5529597K [0x00000006ae800000, 0x0000000800000000, 0x0000000800000000)
[78.510s][info][gc,heap,exit   ]    the space 5529600K,  99% used [0x00000006ae800000, 0x00000007fffff5e8, 0x00000007fffff600, 0x0000000800000000)
[78.510s][info][gc,heap,exit   ]  Metaspace       used 6302K, committed 6464K, reserved 1114112K
[78.510s][info][gc,heap,exit   ]   class space    used 534K, committed 640K, reserved 1048576K
