[0.011s][info][gc,init] CardTable entry size: 512
[0.012s][info][gc     ] Using Parallel
[0.013s][info][gc,init] Version: 18.0.1+10 (release)
[0.013s][info][gc,init] CPUs: 8 total, 8 available
[0.013s][info][gc,init] Memory: 16063M
[0.013s][info][gc,init] Large Page Support: Disabled
[0.013s][info][gc,init] NUMA Support: Disabled
[0.013s][info][gc,init] Compressed Oops: Enabled (Zero based)
[0.013s][info][gc,init] Alignments: Space 512K, Generation 512K, Heap 2M
[0.013s][info][gc,init] Heap Min Capacity: 2M
[0.013s][info][gc,init] Heap Initial Capacity: 2M
[0.013s][info][gc,init] Heap Max Capacity: 5300M
[0.013s][info][gc,init] Pre-touch: Disabled
[0.013s][info][gc,init] Parallel Workers: 8
[0.014s][info][gc,metaspace] CDS archive(s) not mapped
[0.014s][info][gc,metaspace] Compressed class space mapped at: 0x0000000800000000-0x0000000840000000, reserved size: 1073741824
[0.014s][info][gc,metaspace] Narrow klass base: 0x0000000800000000, Narrow klass shift: 0, Narrow klass range: 0x40000000
[0.129s][info][gc,start    ] GC(0) Pause Young (Allocation Failure)
[0.130s][info][gc,heap     ] GC(0) PSYoungGen: 512K(1024K)->480K(1024K) Eden: 512K(512K)->0K(512K) From: 0K(512K)->480K(512K)
[0.130s][info][gc,heap     ] GC(0) ParOldGen: 0K(512K)->8K(512K)
[0.130s][info][gc,metaspace] GC(0) Metaspace: 4229K(4352K)->4229K(4352K) NonClass: 3908K(3968K)->3908K(3968K) Class: 321K(384K)->321K(384K)
[0.130s][info][gc          ] GC(0) Pause Young (Allocation Failure) 0M->0M(1M) 1.285ms
[0.130s][info][gc,cpu      ] GC(0) User=0.00s Sys=0.00s Real=0.00s
[0.194s][info][gc,start    ] GC(1) Pause Young (Allocation Failure)
[0.195s][info][gc,heap     ] GC(1) PSYoungGen: 991K(1024K)->512K(1024K) Eden: 511K(512K)->0K(512K) From: 480K(512K)->512K(512K)
[0.195s][info][gc,heap     ] GC(1) ParOldGen: 8K(512K)->80K(512K)
[0.195s][info][gc,metaspace] GC(1) Metaspace: 5878K(6016K)->5878K(6016K) NonClass: 5381K(5504K)->5381K(5504K) Class: 496K(512K)->496K(512K)
[0.195s][info][gc          ] GC(1) Pause Young (Allocation Failure) 0M->0M(1M) 1.083ms
[0.195s][info][gc,cpu      ] GC(1) User=0.00s Sys=0.00s Real=0.00s
[0.217s][info][gc,start    ] GC(2) Pause Young (Allocation Failure)
[0.218s][info][gc,heap     ] GC(2) PSYoungGen: 1023K(1024K)->512K(1024K) Eden: 511K(512K)->0K(512K) From: 512K(512K)->512K(512K)
[0.218s][info][gc,heap     ] GC(2) ParOldGen: 80K(512K)->240K(512K)
[0.218s][info][gc,metaspace] GC(2) Metaspace: 6293K(6464K)->6293K(6464K) NonClass: 5760K(5824K)->5760K(5824K) Class: 533K(640K)->533K(640K)
[0.218s][info][gc          ] GC(2) Pause Young (Allocation Failure) 1M->0M(1M) 1.120ms
[0.218s][info][gc,cpu      ] GC(2) User=0.00s Sys=0.00s Real=0.00s
[0.219s][info][gc,start    ] GC(3) Pause Young (Allocation Failure)
[0.220s][info][gc,heap     ] GC(3) PSYoungGen: 1024K(1024K)->512K(1536K) Eden: 512K(512K)->0K(1024K) From: 512K(512K)->512K(512K)
[0.220s][info][gc,heap     ] GC(3) ParOldGen: 240K(512K)->500K(512K)
[0.220s][info][gc,metaspace] GC(3) Metaspace: 6296K(6464K)->6296K(6464K) NonClass: 5763K(5824K)->5763K(5824K) Class: 533K(640K)->533K(640K)
[0.220s][info][gc          ] GC(3) Pause Young (Allocation Failure) 1M->0M(2M) 1.118ms
[0.220s][info][gc,cpu      ] GC(3) User=0.00s Sys=0.00s Real=0.00s
[0.220s][info][gc,start    ] GC(4) Pause Full (Ergonomics)
[0.221s][info][gc,phases,start] GC(4) Marking Phase
[0.221s][info][gc,phases      ] GC(4) Marking Phase 0.951ms
[0.222s][info][gc,phases,start] GC(4) Summary Phase
[0.222s][info][gc,phases      ] GC(4) Summary Phase 0.014ms
[0.222s][info][gc,phases,start] GC(4) Adjust Roots
[0.222s][info][gc,phases      ] GC(4) Adjust Roots 0.402ms
[0.222s][info][gc,phases,start] GC(4) Compaction Phase
[0.224s][info][gc,phases      ] GC(4) Compaction Phase 1.587ms
[0.224s][info][gc,phases,start] GC(4) Post Compact
[0.224s][info][gc,phases      ] GC(4) Post Compact 0.083ms
[0.224s][info][gc,heap        ] GC(4) PSYoungGen: 512K(1536K)->509K(1536K) Eden: 0K(1024K)->0K(1024K) From: 512K(512K)->509K(512K)
[0.224s][info][gc,heap        ] GC(4) ParOldGen: 500K(512K)->457K(2048K)
[0.224s][info][gc,metaspace   ] GC(4) Metaspace: 6296K(6464K)->6296K(6464K) NonClass: 5763K(5824K)->5763K(5824K) Class: 533K(640K)->533K(640K)
[0.224s][info][gc             ] GC(4) Pause Full (Ergonomics) 0M->0M(3M) 3.397ms
[0.224s][info][gc,cpu         ] GC(4) User=0.00s Sys=0.00s Real=0.00s
[0.226s][info][gc,start       ] GC(5) Pause Young (Allocation Failure)
[0.227s][info][gc,heap        ] GC(5) PSYoungGen: 1533K(1536K)->480K(1536K) Eden: 1024K(1024K)->0K(1024K) From: 509K(512K)->480K(512K)
[0.227s][info][gc,heap        ] GC(5) ParOldGen: 457K(2048K)->1021K(2048K)
[0.227s][info][gc,metaspace   ] GC(5) Metaspace: 6296K(6464K)->6296K(6464K) NonClass: 5763K(5824K)->5763K(5824K) Class: 533K(640K)->533K(640K)
[0.227s][info][gc             ] GC(5) Pause Young (Allocation Failure) 1M->1M(3M) 1.236ms
[0.227s][info][gc,cpu         ] GC(5) User=0.00s Sys=0.00s Real=0.00s
[0.228s][info][gc,start       ] GC(6) Pause Young (Allocation Failure)
[0.230s][info][gc,heap        ] GC(6) PSYoungGen: 1504K(1536K)->1024K(3584K) Eden: 1023K(1024K)->0K(2048K) From: 480K(512K)->1024K(1536K)
[0.230s][info][gc,heap        ] GC(6) ParOldGen: 1021K(2048K)->1021K(2048K)
[0.230s][info][gc,metaspace   ] GC(6) Metaspace: 6296K(6464K)->6296K(6464K) NonClass: 5763K(5824K)->5763K(5824K) Class: 533K(640K)->533K(640K)
[0.230s][info][gc             ] GC(6) Pause Young (Allocation Failure) 2M->1M(5M) 1.420ms
[0.230s][info][gc,cpu         ] GC(6) User=0.00s Sys=0.00s Real=0.00s
[0.233s][info][gc,start       ] GC(7) Pause Young (Allocation Failure)
[0.235s][info][gc,heap        ] GC(7) PSYoungGen: 3072K(3584K)->1504K(3584K) Eden: 2048K(2048K)->0K(2048K) From: 1024K(1536K)->1504K(1536K)
[0.235s][info][gc,heap        ] GC(7) ParOldGen: 1021K(2048K)->1573K(2048K)
[0.235s][info][gc,metaspace   ] GC(7) Metaspace: 6296K(6464K)->6296K(6464K) NonClass: 5763K(5824K)->5763K(5824K) Class: 533K(640K)->533K(640K)
[0.235s][info][gc             ] GC(7) Pause Young (Allocation Failure) 3M->3M(5M) 2.476ms
[0.236s][info][gc,cpu         ] GC(7) User=0.00s Sys=0.00s Real=0.00s
[0.236s][info][gc,start       ] GC(8) Pause Full (Ergonomics)
[0.236s][info][gc,phases,start] GC(8) Marking Phase
[0.238s][info][gc,phases      ] GC(8) Marking Phase 2.170ms
[0.238s][info][gc,phases,start] GC(8) Summary Phase
[0.238s][info][gc,phases      ] GC(8) Summary Phase 0.017ms
[0.238s][info][gc,phases,start] GC(8) Adjust Roots
[0.238s][info][gc,phases      ] GC(8) Adjust Roots 0.431ms
[0.238s][info][gc,phases,start] GC(8) Compaction Phase
[0.241s][info][gc,phases      ] GC(8) Compaction Phase 2.407ms
[0.241s][info][gc,phases,start] GC(8) Post Compact
[0.241s][info][gc,phases      ] GC(8) Post Compact 0.026ms
[0.241s][info][gc,heap        ] GC(8) PSYoungGen: 1504K(3584K)->1501K(3584K) Eden: 0K(2048K)->0K(2048K) From: 1504K(1536K)->1501K(1536K)
[0.241s][info][gc,heap        ] GC(8) ParOldGen: 1573K(2048K)->1538K(4096K)
[0.241s][info][gc,metaspace   ] GC(8) Metaspace: 6296K(6464K)->6296K(6464K) NonClass: 5763K(5824K)->5763K(5824K) Class: 533K(640K)->533K(640K)
[0.241s][info][gc             ] GC(8) Pause Full (Ergonomics) 3M->2M(7M) 5.357ms
[0.241s][info][gc,cpu         ] GC(8) User=0.00s Sys=0.00s Real=0.01s
[0.245s][info][gc,start       ] GC(9) Pause Young (Allocation Failure)
[0.247s][info][gc,heap        ] GC(9) PSYoungGen: 3549K(3584K)->2016K(5120K) Eden: 2048K(2048K)->0K(3072K) From: 1501K(1536K)->2016K(2048K)
[0.247s][info][gc,heap        ] GC(9) ParOldGen: 1538K(4096K)->2090K(4096K)
[0.248s][info][gc,metaspace   ] GC(9) Metaspace: 6296K(6464K)->6296K(6464K) NonClass: 5763K(5824K)->5763K(5824K) Class: 533K(640K)->533K(640K)
[0.248s][info][gc             ] GC(9) Pause Young (Allocation Failure) 4M->4M(9M) 2.893ms
[0.248s][info][gc,cpu         ] GC(9) User=0.00s Sys=0.00s Real=0.00s
[0.254s][info][gc,start       ] GC(10) Pause Young (Allocation Failure)
[0.257s][info][gc,heap        ] GC(10) PSYoungGen: 5088K(5120K)->2528K(5632K) Eden: 3072K(3072K)->0K(3072K) From: 2016K(2048K)->2528K(2560K)
[0.257s][info][gc,heap        ] GC(10) ParOldGen: 2090K(4096K)->3186K(4096K)
[0.257s][info][gc,metaspace   ] GC(10) Metaspace: 6296K(6464K)->6296K(6464K) NonClass: 5763K(5824K)->5763K(5824K) Class: 533K(640K)->533K(640K)
[0.257s][info][gc             ] GC(10) Pause Young (Allocation Failure) 7M->5M(9M) 3.104ms
[0.257s][info][gc,cpu         ] GC(10) User=0.00s Sys=0.00s Real=0.00s
[0.257s][info][gc,start       ] GC(11) Pause Full (Ergonomics)
[0.257s][info][gc,phases,start] GC(11) Marking Phase
[0.260s][info][gc,phases      ] GC(11) Marking Phase 2.615ms
[0.260s][info][gc,phases,start] GC(11) Summary Phase
[0.260s][info][gc,phases      ] GC(11) Summary Phase 0.017ms
[0.260s][info][gc,phases,start] GC(11) Adjust Roots
[0.260s][info][gc,phases      ] GC(11) Adjust Roots 0.233ms
[0.260s][info][gc,phases,start] GC(11) Compaction Phase
[0.264s][info][gc,phases      ] GC(11) Compaction Phase 3.777ms
[0.264s][info][gc,phases,start] GC(11) Post Compact
[0.264s][info][gc,phases      ] GC(11) Post Compact 0.039ms
[0.264s][info][gc,heap        ] GC(11) PSYoungGen: 2528K(5632K)->2012K(5632K) Eden: 0K(3072K)->0K(3072K) From: 2528K(2560K)->2012K(2560K)
[0.264s][info][gc,heap        ] GC(11) ParOldGen: 3186K(4096K)->3648K(7168K)
[0.264s][info][gc,metaspace   ] GC(11) Metaspace: 6296K(6464K)->6296K(6464K) NonClass: 5763K(5824K)->5763K(5824K) Class: 533K(640K)->533K(640K)
[0.264s][info][gc             ] GC(11) Pause Full (Ergonomics) 5M->5M(12M) 7.009ms
[0.264s][info][gc,cpu         ] GC(11) User=0.02s Sys=0.00s Real=0.01s
[0.269s][info][gc,start       ] GC(12) Pause Young (Allocation Failure)
[0.273s][info][gc,heap        ] GC(12) PSYoungGen: 5084K(5632K)->2656K(8192K) Eden: 3072K(3072K)->0K(4608K) From: 2012K(2560K)->2656K(3584K)
[0.273s][info][gc,heap        ] GC(12) ParOldGen: 3648K(7168K)->4648K(7168K)
[0.273s][info][gc,metaspace   ] GC(12) Metaspace: 6296K(6464K)->6296K(6464K) NonClass: 5763K(5824K)->5763K(5824K) Class: 533K(640K)->533K(640K)
[0.273s][info][gc             ] GC(12) Pause Young (Allocation Failure) 8M->7M(15M) 3.648ms
[0.273s][info][gc,cpu         ] GC(12) User=0.00s Sys=0.00s Real=0.00s
[0.279s][info][gc,start       ] GC(13) Pause Young (Allocation Failure)
[0.283s][info][gc,heap        ] GC(13) PSYoungGen: 7264K(8192K)->2432K(8192K) Eden: 4608K(4608K)->0K(4608K) From: 2656K(3584K)->2432K(3584K)
[0.283s][info][gc,heap        ] GC(13) ParOldGen: 4648K(7168K)->7304K(7680K)
[0.283s][info][gc,metaspace   ] GC(13) Metaspace: 6296K(6464K)->6296K(6464K) NonClass: 5763K(5824K)->5763K(5824K) Class: 533K(640K)->533K(640K)
[0.283s][info][gc             ] GC(13) Pause Young (Allocation Failure) 11M->9M(15M) 4.589ms
[0.283s][info][gc,cpu         ] GC(13) User=0.00s Sys=0.00s Real=0.00s
[0.283s][info][gc,start       ] GC(14) Pause Full (Ergonomics)
[0.283s][info][gc,phases,start] GC(14) Marking Phase
[0.288s][info][gc,phases      ] GC(14) Marking Phase 4.790ms
[0.288s][info][gc,phases,start] GC(14) Summary Phase
[0.288s][info][gc,phases      ] GC(14) Summary Phase 0.015ms
[0.288s][info][gc,phases,start] GC(14) Adjust Roots
[0.288s][info][gc,phases      ] GC(14) Adjust Roots 0.165ms
[0.288s][info][gc,phases,start] GC(14) Compaction Phase
[0.292s][info][gc,phases      ] GC(14) Compaction Phase 3.790ms
[0.292s][info][gc,phases,start] GC(14) Post Compact
[0.292s][info][gc,phases      ] GC(14) Post Compact 0.067ms
[0.292s][info][gc,heap        ] GC(14) PSYoungGen: 2432K(8192K)->2370K(8192K) Eden: 0K(4608K)->0K(4608K) From: 2432K(3584K)->2370K(3584K)
[0.292s][info][gc,heap        ] GC(14) ParOldGen: 7304K(7680K)->7232K(12288K)
[0.292s][info][gc,metaspace   ] GC(14) Metaspace: 6296K(6464K)->6296K(6464K) NonClass: 5763K(5824K)->5763K(5824K) Class: 533K(640K)->533K(640K)
[0.292s][info][gc             ] GC(14) Pause Full (Ergonomics) 9M->9M(20M) 9.193ms
[0.292s][info][gc,cpu         ] GC(14) User=0.00s Sys=0.00s Real=0.01s
[0.297s][info][gc,start       ] GC(15) Pause Young (Allocation Failure)
[0.302s][info][gc,heap        ] GC(15) PSYoungGen: 6469K(8192K)->2112K(10752K) Eden: 4098K(4608K)->0K(6656K) From: 2370K(3584K)->2112K(4096K)
[0.302s][info][gc,heap        ] GC(15) ParOldGen: 7232K(12288K)->9648K(12288K)
[0.302s][info][gc,metaspace   ] GC(15) Metaspace: 6296K(6464K)->6296K(6464K) NonClass: 5763K(5824K)->5763K(5824K) Class: 533K(640K)->533K(640K)
[0.302s][info][gc             ] GC(15) Pause Young (Allocation Failure) 13M->11M(22M) 4.476ms
[0.302s][info][gc,cpu         ] GC(15) User=0.00s Sys=0.00s Real=0.01s
[0.311s][info][gc,start       ] GC(16) Pause Young (Allocation Failure)
[0.316s][info][gc,heap        ] GC(16) PSYoungGen: 8768K(10752K)->3680K(10752K) Eden: 6656K(6656K)->0K(6656K) From: 2112K(4096K)->3680K(4096K)
[0.316s][info][gc,heap        ] GC(16) ParOldGen: 9648K(12288K)->11760K(12288K)
[0.316s][info][gc,metaspace   ] GC(16) Metaspace: 6298K(6464K)->6298K(6464K) NonClass: 5765K(5824K)->5765K(5824K) Class: 533K(640K)->533K(640K)
[0.316s][info][gc             ] GC(16) Pause Young (Allocation Failure) 17M->15M(22M) 5.045ms
[0.316s][info][gc,cpu         ] GC(16) User=0.00s Sys=0.00s Real=0.00s
[0.316s][info][gc,start       ] GC(17) Pause Full (Ergonomics)
[0.316s][info][gc,phases,start] GC(17) Marking Phase
[0.323s][info][gc,phases      ] GC(17) Marking Phase 7.519ms
[0.324s][info][gc,phases,start] GC(17) Summary Phase
[0.324s][info][gc,phases      ] GC(17) Summary Phase 0.019ms
[0.324s][info][gc,phases,start] GC(17) Adjust Roots
[0.324s][info][gc,phases      ] GC(17) Adjust Roots 0.216ms
[0.324s][info][gc,phases,start] GC(17) Compaction Phase
[0.331s][info][gc,phases      ] GC(17) Compaction Phase 7.483ms
[0.331s][info][gc,phases,start] GC(17) Post Compact
[0.331s][info][gc,phases      ] GC(17) Post Compact 0.056ms
[0.332s][info][gc,heap        ] GC(17) PSYoungGen: 3680K(10752K)->3040K(10752K) Eden: 0K(6656K)->0K(6656K) From: 3680K(4096K)->3040K(4096K)
[0.332s][info][gc,heap        ] GC(17) ParOldGen: 11760K(12288K)->12023K(18944K)
[0.332s][info][gc,metaspace   ] GC(17) Metaspace: 6298K(6464K)->6298K(6464K) NonClass: 5765K(5824K)->5765K(5824K) Class: 533K(640K)->533K(640K)
[0.332s][info][gc             ] GC(17) Pause Full (Ergonomics) 15M->14M(29M) 15.625ms
[0.332s][info][gc,cpu         ] GC(17) User=0.02s Sys=0.00s Real=0.02s
[0.337s][info][gc,start       ] GC(18) Pause Young (Allocation Failure)
[0.343s][info][gc,heap        ] GC(18) PSYoungGen: 9696K(10752K)->3456K(13824K) Eden: 6656K(6656K)->0K(9216K) From: 3040K(4096K)->3456K(4608K)
[0.343s][info][gc,heap        ] GC(18) ParOldGen: 12023K(18944K)->15119K(18944K)
[0.343s][info][gc,metaspace   ] GC(18) Metaspace: 6298K(6464K)->6298K(6464K) NonClass: 5765K(5824K)->5765K(5824K) Class: 533K(640K)->533K(640K)
[0.343s][info][gc             ] GC(18) Pause Young (Allocation Failure) 21M->18M(32M) 6.160ms
[0.343s][info][gc,cpu         ] GC(18) User=0.02s Sys=0.00s Real=0.01s
[0.353s][info][gc,start       ] GC(19) Pause Young (Allocation Failure)
[0.361s][info][gc,heap        ] GC(19) PSYoungGen: 12672K(13824K)->4576K(13824K) Eden: 9216K(9216K)->0K(9216K) From: 3456K(4608K)->4576K(4608K)
[0.361s][info][gc,heap        ] GC(19) ParOldGen: 15119K(18944K)->19311K(19456K)
[0.361s][info][gc,metaspace   ] GC(19) Metaspace: 6298K(6464K)->6298K(6464K) NonClass: 5765K(5824K)->5765K(5824K) Class: 533K(640K)->533K(640K)
[0.361s][info][gc             ] GC(19) Pause Young (Allocation Failure) 27M->23M(32M) 7.938ms
[0.361s][info][gc,cpu         ] GC(19) User=0.00s Sys=0.02s Real=0.01s
[0.361s][info][gc,start       ] GC(20) Pause Full (Ergonomics)
[0.361s][info][gc,phases,start] GC(20) Marking Phase
[0.371s][info][gc,phases      ] GC(20) Marking Phase 10.536ms
[0.371s][info][gc,phases,start] GC(20) Summary Phase
[0.371s][info][gc,phases      ] GC(20) Summary Phase 0.020ms
[0.371s][info][gc,phases,start] GC(20) Adjust Roots
[0.372s][info][gc,phases      ] GC(20) Adjust Roots 0.259ms
[0.372s][info][gc,phases,start] GC(20) Compaction Phase
[0.382s][info][gc,phases      ] GC(20) Compaction Phase 10.374ms
[0.382s][info][gc,phases,start] GC(20) Post Compact
[0.382s][info][gc,phases      ] GC(20) Post Compact 0.097ms
[0.382s][info][gc,heap        ] GC(20) PSYoungGen: 4576K(13824K)->4569K(13824K) Eden: 0K(9216K)->0K(9216K) From: 4576K(4608K)->4569K(4608K)
[0.382s][info][gc,heap        ] GC(20) ParOldGen: 19311K(19456K)->18674K(28160K)
[0.383s][info][gc,metaspace   ] GC(20) Metaspace: 6298K(6464K)->6298K(6464K) NonClass: 5765K(5824K)->5765K(5824K) Class: 533K(640K)->533K(640K)
[0.383s][info][gc             ] GC(20) Pause Full (Ergonomics) 23M->22M(41M) 21.767ms
[0.383s][info][gc,cpu         ] GC(20) User=0.02s Sys=0.00s Real=0.02s
[0.389s][info][gc,start       ] GC(21) Pause Young (Allocation Failure)
[0.397s][info][gc,heap        ] GC(21) PSYoungGen: 13785K(13824K)->4800K(19456K) Eden: 9216K(9216K)->0K(12288K) From: 4569K(4608K)->4800K(7168K)
[0.397s][info][gc,heap        ] GC(21) ParOldGen: 18674K(28160K)->23306K(28160K)
[0.397s][info][gc,metaspace   ] GC(21) Metaspace: 6298K(6464K)->6298K(6464K) NonClass: 5765K(5824K)->5765K(5824K) Class: 533K(640K)->533K(640K)
[0.397s][info][gc             ] GC(21) Pause Young (Allocation Failure) 31M->27M(46M) 7.971ms
[0.397s][info][gc,cpu         ] GC(21) User=0.00s Sys=0.00s Real=0.01s
[0.397s][info][gc,start       ] GC(22) Pause Full (Ergonomics)
[0.397s][info][gc,phases,start] GC(22) Marking Phase
[0.409s][info][gc,phases      ] GC(22) Marking Phase 11.468ms
[0.409s][info][gc,phases,start] GC(22) Summary Phase
[0.409s][info][gc,phases      ] GC(22) Summary Phase 0.015ms
[0.409s][info][gc,phases,start] GC(22) Adjust Roots
[0.409s][info][gc,phases      ] GC(22) Adjust Roots 0.190ms
[0.409s][info][gc,phases,start] GC(22) Compaction Phase
[0.416s][info][gc,phases      ] GC(22) Compaction Phase 7.352ms
[0.416s][info][gc,phases,start] GC(22) Post Compact
[0.416s][info][gc,phases      ] GC(22) Post Compact 0.114ms
[0.416s][info][gc,heap        ] GC(22) PSYoungGen: 4800K(19456K)->0K(19456K) Eden: 0K(12288K)->0K(12288K) From: 4800K(7168K)->0K(7168K)
[0.417s][info][gc,heap        ] GC(22) ParOldGen: 23306K(28160K)->28006K(39424K)
[0.417s][info][gc,metaspace   ] GC(22) Metaspace: 6298K(6464K)->6298K(6464K) NonClass: 5765K(5824K)->5765K(5824K) Class: 533K(640K)->533K(640K)
[0.417s][info][gc             ] GC(22) Pause Full (Ergonomics) 27M->27M(57M) 19.466ms
[0.417s][info][gc,cpu         ] GC(22) User=0.02s Sys=0.00s Real=0.02s
[0.424s][info][gc,start       ] GC(23) Pause Young (Allocation Failure)
[0.430s][info][gc,heap        ] GC(23) PSYoungGen: 12288K(19456K)->6400K(20992K) Eden: 12288K(12288K)->0K(13824K) From: 0K(7168K)->6400K(7168K)
[0.430s][info][gc,heap        ] GC(23) ParOldGen: 28006K(39424K)->28006K(39424K)
[0.430s][info][gc,metaspace   ] GC(23) Metaspace: 6298K(6464K)->6298K(6464K) NonClass: 5765K(5824K)->5765K(5824K) Class: 533K(640K)->533K(640K)
[0.430s][info][gc             ] GC(23) Pause Young (Allocation Failure) 39M->33M(59M) 5.835ms
[0.430s][info][gc,cpu         ] GC(23) User=0.00s Sys=0.00s Real=0.01s
[0.446s][info][gc,start       ] GC(24) Pause Young (Allocation Failure)
[0.461s][info][gc,heap        ] GC(24) PSYoungGen: 20224K(20992K)->8160K(22016K) Eden: 13824K(13824K)->0K(13824K) From: 6400K(7168K)->8160K(8192K)
[0.461s][info][gc,heap        ] GC(24) ParOldGen: 28006K(39424K)->39710K(39936K)
[0.461s][info][gc,metaspace   ] GC(24) Metaspace: 6298K(6464K)->6298K(6464K) NonClass: 5765K(5824K)->5765K(5824K) Class: 533K(640K)->533K(640K)
[0.461s][info][gc             ] GC(24) Pause Young (Allocation Failure) 47M->46M(60M) 14.964ms
[0.461s][info][gc,cpu         ] GC(24) User=0.00s Sys=0.00s Real=0.01s
[0.461s][info][gc,start       ] GC(25) Pause Full (Ergonomics)
[0.461s][info][gc,phases,start] GC(25) Marking Phase
[0.479s][info][gc,phases      ] GC(25) Marking Phase 17.823ms
[0.479s][info][gc,phases,start] GC(25) Summary Phase
[0.479s][info][gc,phases      ] GC(25) Summary Phase 0.021ms
[0.479s][info][gc,phases,start] GC(25) Adjust Roots
[0.479s][info][gc,phases      ] GC(25) Adjust Roots 0.157ms
[0.479s][info][gc,phases,start] GC(25) Compaction Phase
[0.495s][info][gc,phases      ] GC(25) Compaction Phase 15.811ms
[0.495s][info][gc,phases,start] GC(25) Post Compact
[0.495s][info][gc,phases      ] GC(25) Post Compact 0.180ms
[0.495s][info][gc,heap        ] GC(25) PSYoungGen: 8160K(22016K)->8148K(22016K) Eden: 0K(13824K)->0K(13824K) From: 8160K(8192K)->8148K(8192K)
[0.495s][info][gc,heap        ] GC(25) ParOldGen: 39710K(39936K)->38495K(54784K)
[0.495s][info][gc,metaspace   ] GC(25) Metaspace: 6298K(6464K)->6298K(6464K) NonClass: 5765K(5824K)->5765K(5824K) Class: 533K(640K)->533K(640K)
[0.496s][info][gc             ] GC(25) Pause Full (Ergonomics) 46M->45M(75M) 34.440ms
[0.496s][info][gc,cpu         ] GC(25) User=0.03s Sys=0.00s Real=0.04s
[0.510s][info][gc,start       ] GC(26) Pause Young (Allocation Failure)
[0.527s][info][gc,heap        ] GC(26) PSYoungGen: 21972K(22016K)->13824K(24576K) Eden: 13824K(13824K)->0K(10752K) From: 8148K(8192K)->13824K(13824K)
[0.527s][info][gc,heap        ] GC(26) ParOldGen: 38495K(54784K)->46751K(54784K)
[0.527s][info][gc,metaspace   ] GC(26) Metaspace: 6298K(6464K)->6298K(6464K) NonClass: 5765K(5824K)->5765K(5824K) Class: 533K(640K)->533K(640K)
[0.527s][info][gc             ] GC(26) Pause Young (Allocation Failure) 59M->59M(77M) 17.848ms
[0.527s][info][gc,cpu         ] GC(26) User=0.03s Sys=0.00s Real=0.02s
[0.528s][info][gc,start       ] GC(27) Pause Full (Ergonomics)
[0.528s][info][gc,phases,start] GC(27) Marking Phase
[0.554s][info][gc,phases      ] GC(27) Marking Phase 26.863ms
[0.554s][info][gc,phases,start] GC(27) Summary Phase
[0.555s][info][gc,phases      ] GC(27) Summary Phase 0.028ms
[0.555s][info][gc,phases,start] GC(27) Adjust Roots
[0.555s][info][gc,phases      ] GC(27) Adjust Roots 0.199ms
[0.555s][info][gc,phases,start] GC(27) Compaction Phase
[0.574s][info][gc,phases      ] GC(27) Compaction Phase 19.381ms
[0.574s][info][gc,phases,start] GC(27) Post Compact
[0.574s][info][gc,phases      ] GC(27) Post Compact 0.267ms
[0.575s][info][gc,heap        ] GC(27) PSYoungGen: 13824K(24576K)->6123K(24576K) Eden: 0K(10752K)->0K(10752K) From: 13824K(13824K)->6123K(13824K)
[0.575s][info][gc,heap        ] GC(27) ParOldGen: 46751K(54784K)->54314K(73728K)
[0.575s][info][gc,metaspace   ] GC(27) Metaspace: 6298K(6464K)->6298K(6464K) NonClass: 5765K(5824K)->5765K(5824K) Class: 533K(640K)->533K(640K)
[0.575s][info][gc             ] GC(27) Pause Full (Ergonomics) 59M->59M(96M) 47.165ms
[0.575s][info][gc,cpu         ] GC(27) User=0.05s Sys=0.00s Real=0.05s
[0.585s][info][gc,start       ] GC(28) Pause Young (Allocation Failure)
[0.600s][info][gc,heap        ] GC(28) PSYoungGen: 16875K(24576K)->10784K(30208K) Eden: 10752K(10752K)->0K(10752K) From: 6123K(13824K)->10784K(19456K)
[0.600s][info][gc,heap        ] GC(28) ParOldGen: 54314K(73728K)->60538K(73728K)
[0.600s][info][gc,metaspace   ] GC(28) Metaspace: 6298K(6464K)->6298K(6464K) NonClass: 5765K(5824K)->5765K(5824K) Class: 533K(640K)->533K(640K)
[0.600s][info][gc             ] GC(28) Pause Young (Allocation Failure) 69M->69M(101M) 15.140ms
[0.600s][info][gc,cpu         ] GC(28) User=0.02s Sys=0.00s Real=0.02s
[0.610s][info][gc,start       ] GC(29) Pause Young (Allocation Failure)
[0.627s][info][gc,heap        ] GC(29) PSYoungGen: 21536K(30208K)->19456K(27648K) Eden: 10752K(10752K)->0K(8192K) From: 10784K(19456K)->19456K(19456K)
[0.627s][info][gc,heap        ] GC(29) ParOldGen: 60538K(73728K)->62602K(73728K)
[0.627s][info][gc,metaspace   ] GC(29) Metaspace: 6298K(6464K)->6298K(6464K) NonClass: 5765K(5824K)->5765K(5824K) Class: 533K(640K)->533K(640K)
[0.627s][info][gc             ] GC(29) Pause Young (Allocation Failure) 80M->80M(99M) 17.171ms
[0.627s][info][gc,cpu         ] GC(29) User=0.02s Sys=0.02s Real=0.02s
[0.648s][info][gc,start       ] GC(30) Pause Full (Ergonomics)
[0.648s][info][gc,phases,start] GC(30) Marking Phase
[0.698s][info][gc,phases      ] GC(30) Marking Phase 50.103ms
[0.698s][info][gc,phases,start] GC(30) Summary Phase
[0.698s][info][gc,phases      ] GC(30) Summary Phase 0.032ms
[0.698s][info][gc,phases,start] GC(30) Adjust Roots
[0.698s][info][gc,phases      ] GC(30) Adjust Roots 0.247ms
[0.698s][info][gc,phases,start] GC(30) Compaction Phase
[0.726s][info][gc,phases      ] GC(30) Compaction Phase 27.476ms
[0.726s][info][gc,phases,start] GC(30) Post Compact
[0.726s][info][gc,phases      ] GC(30) Post Compact 0.333ms
[0.727s][info][gc,heap        ] GC(30) PSYoungGen: 27648K(27648K)->18395K(27648K) Eden: 8192K(8192K)->0K(8192K) From: 19456K(19456K)->18395K(19456K)
[0.727s][info][gc,heap        ] GC(30) ParOldGen: 66698K(73728K)->73698K(94720K)
[0.727s][info][gc,metaspace   ] GC(30) Metaspace: 6298K(6464K)->6298K(6464K) NonClass: 5765K(5824K)->5765K(5824K) Class: 533K(640K)->533K(640K)
[0.727s][info][gc             ] GC(30) Pause Full (Ergonomics) 92M->89M(119M) 78.764ms
[0.727s][info][gc,cpu         ] GC(30) User=0.11s Sys=0.00s Real=0.08s
[0.736s][info][gc,start       ] GC(31) Pause Young (Allocation Failure)
[0.761s][info][gc,heap        ] GC(31) PSYoungGen: 26587K(27648K)->8224K(32256K) Eden: 8192K(8192K)->0K(8192K) From: 18395K(19456K)->8224K(24064K)
[0.761s][info][gc,heap        ] GC(31) ParOldGen: 73698K(94720K)->92394K(94720K)
[0.761s][info][gc,metaspace   ] GC(31) Metaspace: 6298K(6464K)->6298K(6464K) NonClass: 5765K(5824K)->5765K(5824K) Class: 533K(640K)->533K(640K)
[0.761s][info][gc             ] GC(31) Pause Young (Allocation Failure) 97M->98M(124M) 25.040ms
[0.761s][info][gc,cpu         ] GC(31) User=0.03s Sys=0.00s Real=0.03s
[0.761s][info][gc,start       ] GC(32) Pause Full (Ergonomics)
[0.761s][info][gc,phases,start] GC(32) Marking Phase
[0.801s][info][gc,phases      ] GC(32) Marking Phase 40.241ms
[0.801s][info][gc,phases,start] GC(32) Summary Phase
[0.801s][info][gc,phases      ] GC(32) Summary Phase 0.022ms
[0.801s][info][gc,phases,start] GC(32) Adjust Roots
[0.802s][info][gc,phases      ] GC(32) Adjust Roots 0.167ms
[0.802s][info][gc,phases,start] GC(32) Compaction Phase
[0.826s][info][gc,phases      ] GC(32) Compaction Phase 24.394ms
[0.826s][info][gc,phases,start] GC(32) Post Compact
[0.826s][info][gc,phases      ] GC(32) Post Compact 0.397ms
[0.827s][info][gc,heap        ] GC(32) PSYoungGen: 8224K(32256K)->5607K(32256K) Eden: 0K(8192K)->0K(8192K) From: 8224K(24064K)->5607K(24064K)
[0.827s][info][gc,heap        ] GC(32) ParOldGen: 92394K(94720K)->94649K(122880K)
[0.827s][info][gc,metaspace   ] GC(32) Metaspace: 6298K(6464K)->6298K(6464K) NonClass: 5765K(5824K)->5765K(5824K) Class: 533K(640K)->533K(640K)
[0.827s][info][gc             ] GC(32) Pause Full (Ergonomics) 98M->97M(151M) 65.647ms
[0.827s][info][gc,cpu         ] GC(32) User=0.06s Sys=0.00s Real=0.07s
[0.834s][info][gc,start       ] GC(33) Pause Young (Allocation Failure)
[0.848s][info][gc,heap        ] GC(33) PSYoungGen: 13799K(32256K)->13824K(31744K) Eden: 8192K(8192K)->0K(9216K) From: 5607K(24064K)->13824K(22528K)
[0.848s][info][gc,heap        ] GC(33) ParOldGen: 94649K(122880K)->94649K(122880K)
[0.848s][info][gc,metaspace   ] GC(33) Metaspace: 6298K(6464K)->6298K(6464K) NonClass: 5765K(5824K)->5765K(5824K) Class: 533K(640K)->533K(640K)
[0.848s][info][gc             ] GC(33) Pause Young (Allocation Failure) 105M->105M(151M) 14.143ms
[0.848s][info][gc,cpu         ] GC(33) User=0.02s Sys=0.00s Real=0.01s
[0.858s][info][gc,start       ] GC(34) Pause Young (Allocation Failure)
[0.872s][info][gc,heap        ] GC(34) PSYoungGen: 23040K(31744K)->23040K(32256K) Eden: 9216K(9216K)->0K(9216K) From: 13824K(22528K)->23040K(23040K)
[0.872s][info][gc,heap        ] GC(34) ParOldGen: 94649K(122880K)->94649K(122880K)
[0.872s][info][gc,metaspace   ] GC(34) Metaspace: 6298K(6464K)->6298K(6464K) NonClass: 5765K(5824K)->5765K(5824K) Class: 533K(640K)->533K(640K)
[0.872s][info][gc             ] GC(34) Pause Young (Allocation Failure) 114M->114M(151M) 14.658ms
[0.872s][info][gc,cpu         ] GC(34) User=0.00s Sys=0.00s Real=0.01s
[0.884s][info][gc,start       ] GC(35) Pause Young (Allocation Failure)
[0.912s][info][gc,heap        ] GC(35) PSYoungGen: 32256K(32256K)->26624K(31232K) Eden: 9216K(9216K)->0K(4608K) From: 23040K(23040K)->26624K(26624K)
[0.912s][info][gc,heap        ] GC(35) ParOldGen: 94649K(122880K)->100313K(122880K)
[0.912s][info][gc,metaspace   ] GC(35) Metaspace: 6298K(6464K)->6298K(6464K) NonClass: 5765K(5824K)->5765K(5824K) Class: 533K(640K)->533K(640K)
[0.912s][info][gc             ] GC(35) Pause Young (Allocation Failure) 123M->123M(150M) 28.285ms
[0.912s][info][gc,cpu         ] GC(35) User=0.06s Sys=0.00s Real=0.03s
[0.917s][info][gc,start       ] GC(36) Pause Young (Allocation Failure)
[0.936s][info][gc,heap        ] GC(36) PSYoungGen: 31232K(31232K)->19072K(37888K) Eden: 4608K(4608K)->0K(4608K) From: 26624K(26624K)->19072K(33280K)
[0.936s][info][gc,heap        ] GC(36) ParOldGen: 100313K(122880K)->112641K(122880K)
[0.936s][info][gc,metaspace   ] GC(36) Metaspace: 6298K(6464K)->6298K(6464K) NonClass: 5765K(5824K)->5765K(5824K) Class: 533K(640K)->533K(640K)
[0.936s][info][gc             ] GC(36) Pause Young (Allocation Failure) 128M->128M(157M) 19.268ms
[0.936s][info][gc,cpu         ] GC(36) User=0.02s Sys=0.00s Real=0.02s
[0.936s][info][gc,start       ] GC(37) Pause Full (Ergonomics)
[0.936s][info][gc,phases,start] GC(37) Marking Phase
[0.977s][info][gc,phases      ] GC(37) Marking Phase 40.472ms
[0.977s][info][gc,phases,start] GC(37) Summary Phase
[0.977s][info][gc,phases      ] GC(37) Summary Phase 0.017ms
[0.977s][info][gc,phases,start] GC(37) Adjust Roots
[0.977s][info][gc,phases      ] GC(37) Adjust Roots 0.179ms
[0.977s][info][gc,phases,start] GC(37) Compaction Phase
[1.004s][info][gc,phases      ] GC(37) Compaction Phase 27.084ms
[1.004s][info][gc,phases,start] GC(37) Post Compact
[1.005s][info][gc,phases      ] GC(37) Post Compact 0.916ms
[1.006s][info][gc,heap        ] GC(37) PSYoungGen: 19072K(37888K)->8799K(37888K) Eden: 0K(4608K)->0K(4608K) From: 19072K(33280K)->8799K(33280K)
[1.006s][info][gc,heap        ] GC(37) ParOldGen: 112641K(122880K)->122567K(153088K)
[1.006s][info][gc,metaspace   ] GC(37) Metaspace: 6298K(6464K)->6298K(6464K) NonClass: 5765K(5824K)->5765K(5824K) Class: 533K(640K)->533K(640K)
[1.006s][info][gc             ] GC(37) Pause Full (Ergonomics) 128M->128M(186M) 69.266ms
[1.006s][info][gc,cpu         ] GC(37) User=0.12s Sys=0.00s Real=0.07s
[1.010s][info][gc,start       ] GC(38) Pause Young (Allocation Failure)
[1.031s][info][gc,heap        ] GC(38) PSYoungGen: 13407K(37888K)->9696K(36352K) Eden: 4608K(4608K)->0K(5632K) From: 8799K(33280K)->9696K(30720K)
[1.031s][info][gc,heap        ] GC(38) ParOldGen: 122567K(153088K)->126407K(153088K)
[1.031s][info][gc,metaspace   ] GC(38) Metaspace: 6298K(6464K)->6298K(6464K) NonClass: 5765K(5824K)->5765K(5824K) Class: 533K(640K)->533K(640K)
[1.031s][info][gc             ] GC(38) Pause Young (Allocation Failure) 132M->132M(185M) 20.722ms
[1.031s][info][gc,cpu         ] GC(38) User=0.02s Sys=0.00s Real=0.02s
[1.037s][info][gc,start       ] GC(39) Pause Young (Allocation Failure)
[1.047s][info][gc,heap        ] GC(39) PSYoungGen: 15328K(36352K)->11488K(37888K) Eden: 5632K(5632K)->0K(5632K) From: 9696K(30720K)->11488K(32256K)
[1.047s][info][gc,heap        ] GC(39) ParOldGen: 126407K(153088K)->130311K(153088K)
[1.047s][info][gc,metaspace   ] GC(39) Metaspace: 6298K(6464K)->6298K(6464K) NonClass: 5765K(5824K)->5765K(5824K) Class: 533K(640K)->533K(640K)
[1.047s][info][gc             ] GC(39) Pause Young (Allocation Failure) 138M->138M(186M) 9.860ms
[1.047s][info][gc,cpu         ] GC(39) User=0.00s Sys=0.00s Real=0.01s
[1.053s][info][gc,start       ] GC(40) Pause Young (Allocation Failure)
[1.063s][info][gc,heap        ] GC(40) PSYoungGen: 17120K(37888K)->15872K(35840K) Eden: 5632K(5632K)->0K(7168K) From: 11488K(32256K)->15872K(28672K)
[1.063s][info][gc,heap        ] GC(40) ParOldGen: 130311K(153088K)->131559K(153088K)
[1.063s][info][gc,metaspace   ] GC(40) Metaspace: 6298K(6464K)->6298K(6464K) NonClass: 5765K(5824K)->5765K(5824K) Class: 533K(640K)->533K(640K)
[1.063s][info][gc             ] GC(40) Pause Young (Allocation Failure) 143M->143M(184M) 10.396ms
[1.063s][info][gc,cpu         ] GC(40) User=0.00s Sys=0.00s Real=0.01s
[1.071s][info][gc,start       ] GC(41) Pause Young (Allocation Failure)
[1.085s][info][gc,heap        ] GC(41) PSYoungGen: 23040K(35840K)->18432K(36864K) Eden: 7168K(7168K)->0K(7168K) From: 15872K(28672K)->18432K(29696K)
[1.085s][info][gc,heap        ] GC(41) ParOldGen: 131559K(153088K)->136223K(153088K)
[1.085s][info][gc,metaspace   ] GC(41) Metaspace: 6298K(6464K)->6298K(6464K) NonClass: 5765K(5824K)->5765K(5824K) Class: 533K(640K)->533K(640K)
[1.085s][info][gc             ] GC(41) Pause Young (Allocation Failure) 150M->151M(185M) 14.472ms
[1.085s][info][gc,cpu         ] GC(41) User=0.02s Sys=0.00s Real=0.01s
[1.092s][info][gc,start       ] GC(42) Pause Young (Allocation Failure)
[1.107s][info][gc,heap        ] GC(42) PSYoungGen: 25600K(36864K)->14368K(35840K) Eden: 7168K(7168K)->0K(8704K) From: 18432K(29696K)->14368K(27136K)
[1.107s][info][gc,heap        ] GC(42) ParOldGen: 136223K(153088K)->147615K(153088K)
[1.107s][info][gc,metaspace   ] GC(42) Metaspace: 6298K(6464K)->6298K(6464K) NonClass: 5765K(5824K)->5765K(5824K) Class: 533K(640K)->533K(640K)
[1.107s][info][gc             ] GC(42) Pause Young (Allocation Failure) 158M->158M(184M) 14.940ms
[1.107s][info][gc,cpu         ] GC(42) User=0.00s Sys=0.02s Real=0.01s
[1.107s][info][gc,start       ] GC(43) Pause Full (Ergonomics)
[1.107s][info][gc,phases,start] GC(43) Marking Phase
[1.154s][info][gc,phases      ] GC(43) Marking Phase 46.281ms
[1.154s][info][gc,phases,start] GC(43) Summary Phase
[1.154s][info][gc,phases      ] GC(43) Summary Phase 0.017ms
[1.154s][info][gc,phases,start] GC(43) Adjust Roots
[1.154s][info][gc,phases      ] GC(43) Adjust Roots 0.177ms
[1.154s][info][gc,phases,start] GC(43) Compaction Phase
[1.178s][info][gc,phases      ] GC(43) Compaction Phase 24.071ms
[1.178s][info][gc,phases,start] GC(43) Post Compact
[1.179s][info][gc,phases      ] GC(43) Post Compact 0.774ms
[1.179s][info][gc,heap        ] GC(43) PSYoungGen: 14368K(35840K)->8653K(37376K) Eden: 0K(8704K)->0K(10240K) From: 14368K(27136K)->8653K(27136K)
[1.179s][info][gc,heap        ] GC(43) ParOldGen: 147615K(153088K)->152764K(183296K)
[1.179s][info][gc,metaspace   ] GC(43) Metaspace: 6298K(6464K)->6298K(6464K) NonClass: 5765K(5824K)->5765K(5824K) Class: 533K(640K)->533K(640K)
[1.179s][info][gc             ] GC(43) Pause Full (Ergonomics) 158M->157M(215M) 71.783ms
[1.179s][info][gc,cpu         ] GC(43) User=0.14s Sys=0.00s Real=0.07s
[1.190s][info][gc,start       ] GC(44) Pause Young (Allocation Failure)
[1.212s][info][gc,heap        ] GC(44) PSYoungGen: 18893K(37376K)->10336K(38912K) Eden: 10240K(10240K)->0K(10240K) From: 8653K(27136K)->10336K(28672K)
[1.212s][info][gc,heap        ] GC(44) ParOldGen: 152764K(183296K)->161564K(183296K)
[1.212s][info][gc,metaspace   ] GC(44) Metaspace: 6298K(6464K)->6298K(6464K) NonClass: 5765K(5824K)->5765K(5824K) Class: 533K(640K)->533K(640K)
[1.212s][info][gc             ] GC(44) Pause Young (Allocation Failure) 167M->167M(217M) 21.715ms
[1.212s][info][gc,cpu         ] GC(44) User=0.02s Sys=0.00s Real=0.02s
[1.253s][info][gc,start       ] GC(45) Pause Full (Ergonomics)
[1.253s][info][gc,phases,start] GC(45) Marking Phase
[1.309s][info][gc,phases      ] GC(45) Marking Phase 55.702ms
[1.309s][info][gc,phases,start] GC(45) Summary Phase
[1.309s][info][gc,phases      ] GC(45) Summary Phase 0.036ms
[1.309s][info][gc,phases,start] GC(45) Adjust Roots
[1.309s][info][gc,phases      ] GC(45) Adjust Roots 0.347ms
[1.309s][info][gc,phases,start] GC(45) Compaction Phase
[1.355s][info][gc,phases      ] GC(45) Compaction Phase 45.523ms
[1.355s][info][gc,phases,start] GC(45) Post Compact
[1.356s][info][gc,phases      ] GC(45) Post Compact 1.111ms
[1.357s][info][gc,heap        ] GC(45) PSYoungGen: 20576K(38912K)->3056K(38912K) Eden: 10240K(10240K)->0K(10240K) From: 10336K(28672K)->3056K(28672K)
[1.357s][info][gc,heap        ] GC(45) ParOldGen: 169756K(183296K)->182873K(216064K)
[1.357s][info][gc,metaspace   ] GC(45) Metaspace: 6298K(6464K)->6298K(6464K) NonClass: 5765K(5824K)->5765K(5824K) Class: 533K(640K)->533K(640K)
[1.357s][info][gc             ] GC(45) Pause Full (Ergonomics) 185M->181M(249M) 103.441ms
[1.357s][info][gc,cpu         ] GC(45) User=0.31s Sys=0.00s Real=0.10s
[1.368s][info][gc,start       ] GC(46) Pause Young (Allocation Failure)
[1.386s][info][gc,heap        ] GC(46) PSYoungGen: 13296K(38912K)->10304K(37888K) Eden: 10240K(10240K)->0K(11776K) From: 3056K(28672K)->10304K(26112K)
[1.386s][info][gc,heap        ] GC(46) ParOldGen: 182873K(216064K)->185985K(216064K)
[1.386s][info][gc,metaspace   ] GC(46) Metaspace: 6298K(6464K)->6298K(6464K) NonClass: 5765K(5824K)->5765K(5824K) Class: 533K(640K)->533K(640K)
[1.386s][info][gc             ] GC(46) Pause Young (Allocation Failure) 191M->191M(248M) 17.958ms
[1.386s][info][gc,cpu         ] GC(46) User=0.06s Sys=0.00s Real=0.02s
[1.397s][info][gc,start       ] GC(47) Pause Young (Allocation Failure)
[1.410s][info][gc,heap        ] GC(47) PSYoungGen: 22080K(37888K)->22080K(38912K) Eden: 11776K(11776K)->0K(11776K) From: 10304K(26112K)->22080K(27136K)
[1.410s][info][gc,heap        ] GC(47) ParOldGen: 185985K(216064K)->185985K(216064K)
[1.410s][info][gc,metaspace   ] GC(47) Metaspace: 6298K(6464K)->6298K(6464K) NonClass: 5765K(5824K)->5765K(5824K) Class: 533K(640K)->533K(640K)
[1.410s][info][gc             ] GC(47) Pause Young (Allocation Failure) 203M->203M(249M) 12.588ms
[1.410s][info][gc,cpu         ] GC(47) User=0.02s Sys=0.00s Real=0.01s
[1.422s][info][gc,start       ] GC(48) Pause Young (Allocation Failure)
[1.439s][info][gc,heap        ] GC(48) PSYoungGen: 33856K(38912K)->29184K(36864K) Eden: 11776K(11776K)->0K(7680K) From: 22080K(27136K)->29184K(29184K)
[1.439s][info][gc,heap        ] GC(48) ParOldGen: 185985K(216064K)->190649K(216064K)
[1.439s][info][gc,metaspace   ] GC(48) Metaspace: 6298K(6464K)->6298K(6464K) NonClass: 5765K(5824K)->5765K(5824K) Class: 533K(640K)->533K(640K)
[1.440s][info][gc             ] GC(48) Pause Young (Allocation Failure) 214M->214M(247M) 17.817ms
[1.440s][info][gc,cpu         ] GC(48) User=0.08s Sys=0.00s Real=0.02s
[1.448s][info][gc,start       ] GC(49) Pause Young (Allocation Failure)
[1.467s][info][gc,heap        ] GC(49) PSYoungGen: 36864K(36864K)->17856K(42496K) Eden: 7680K(7680K)->0K(7680K) From: 29184K(29184K)->17856K(34816K)
[1.467s][info][gc,heap        ] GC(49) ParOldGen: 190649K(216064K)->209969K(216064K)
[1.467s][info][gc,metaspace   ] GC(49) Metaspace: 6298K(6464K)->6298K(6464K) NonClass: 5765K(5824K)->5765K(5824K) Class: 533K(640K)->533K(640K)
[1.467s][info][gc             ] GC(49) Pause Young (Allocation Failure) 222M->222M(252M) 19.151ms
[1.467s][info][gc,cpu         ] GC(49) User=0.12s Sys=0.00s Real=0.02s
[1.467s][info][gc,start       ] GC(50) Pause Full (Ergonomics)
[1.467s][info][gc,phases,start] GC(50) Marking Phase
[1.525s][info][gc,phases      ] GC(50) Marking Phase 58.344ms
[1.525s][info][gc,phases,start] GC(50) Summary Phase
[1.525s][info][gc,phases      ] GC(50) Summary Phase 0.018ms
[1.525s][info][gc,phases,start] GC(50) Adjust Roots
[1.526s][info][gc,phases      ] GC(50) Adjust Roots 0.158ms
[1.526s][info][gc,phases,start] GC(50) Compaction Phase
[1.556s][info][gc,phases      ] GC(50) Compaction Phase 30.039ms
[1.556s][info][gc,phases,start] GC(50) Post Compact
[1.557s][info][gc,phases      ] GC(50) Post Compact 1.085ms
[1.557s][info][gc,heap        ] GC(50) PSYoungGen: 17856K(42496K)->11617K(42496K) Eden: 0K(7680K)->0K(7680K) From: 17856K(34816K)->11617K(34816K)
[1.557s][info][gc,heap        ] GC(50) ParOldGen: 209969K(216064K)->215660K(253440K)
[1.557s][info][gc,metaspace   ] GC(50) Metaspace: 6298K(6464K)->6298K(6464K) NonClass: 5765K(5824K)->5765K(5824K) Class: 533K(640K)->533K(640K)
[1.557s][info][gc             ] GC(50) Pause Full (Ergonomics) 222M->221M(289M) 90.147ms
[1.557s][info][gc,cpu         ] GC(50) User=0.36s Sys=0.00s Real=0.09s
[1.566s][info][gc,start       ] GC(51) Pause Young (Allocation Failure)
[1.589s][info][gc,heap        ] GC(51) PSYoungGen: 19297K(42496K)->13184K(39936K) Eden: 7680K(7680K)->0K(8704K) From: 11617K(34816K)->13184K(31232K)
[1.589s][info][gc,heap        ] GC(51) ParOldGen: 215660K(253440K)->221996K(253440K)
[1.589s][info][gc,metaspace   ] GC(51) Metaspace: 6298K(6464K)->6298K(6464K) NonClass: 5765K(5824K)->5765K(5824K) Class: 533K(640K)->533K(640K)
[1.589s][info][gc             ] GC(51) Pause Young (Allocation Failure) 229M->229M(286M) 22.966ms
[1.589s][info][gc,cpu         ] GC(51) User=0.06s Sys=0.00s Real=0.02s
[1.599s][info][gc,start       ] GC(52) Pause Young (Allocation Failure)
[1.613s][info][gc,heap        ] GC(52) PSYoungGen: 21888K(39936K)->16448K(41472K) Eden: 8704K(8704K)->0K(8704K) From: 13184K(31232K)->16448K(32768K)
[1.613s][info][gc,heap        ] GC(52) ParOldGen: 221996K(253440K)->227508K(253440K)
[1.613s][info][gc,metaspace   ] GC(52) Metaspace: 6298K(6464K)->6298K(6464K) NonClass: 5765K(5824K)->5765K(5824K) Class: 533K(640K)->533K(640K)
[1.613s][info][gc             ] GC(52) Pause Young (Allocation Failure) 238M->238M(288M) 13.653ms
[1.613s][info][gc,cpu         ] GC(52) User=0.02s Sys=0.00s Real=0.01s
[1.623s][info][gc,start       ] GC(53) Pause Young (Allocation Failure)
[1.638s][info][gc,heap        ] GC(53) PSYoungGen: 25152K(41472K)->17504K(39424K) Eden: 8704K(8704K)->0K(10240K) From: 16448K(32768K)->17504K(29184K)
[1.638s][info][gc,heap        ] GC(53) ParOldGen: 227508K(253440K)->235292K(253440K)
[1.638s][info][gc,metaspace   ] GC(53) Metaspace: 6298K(6464K)->6298K(6464K) NonClass: 5765K(5824K)->5765K(5824K) Class: 533K(640K)->533K(640K)
[1.638s][info][gc             ] GC(53) Pause Young (Allocation Failure) 246M->246M(286M) 14.906ms
[1.638s][info][gc,cpu         ] GC(53) User=0.02s Sys=0.00s Real=0.01s
[1.650s][info][gc,start       ] GC(54) Pause Young (Allocation Failure)
[1.665s][info][gc,heap        ] GC(54) PSYoungGen: 27744K(39424K)->19008K(40448K) Eden: 10240K(10240K)->0K(10240K) From: 17504K(29184K)->19008K(30208K)
[1.665s][info][gc,heap        ] GC(54) ParOldGen: 235292K(253440K)->244124K(253440K)
[1.665s][info][gc,metaspace   ] GC(54) Metaspace: 6298K(6464K)->6298K(6464K) NonClass: 5765K(5824K)->5765K(5824K) Class: 533K(640K)->533K(640K)
[1.665s][info][gc             ] GC(54) Pause Young (Allocation Failure) 256M->256M(287M) 15.031ms
[1.665s][info][gc,cpu         ] GC(54) User=0.02s Sys=0.00s Real=0.01s
[1.665s][info][gc,start       ] GC(55) Pause Full (Ergonomics)
[1.665s][info][gc,phases,start] GC(55) Marking Phase
[1.732s][info][gc,phases      ] GC(55) Marking Phase 67.100ms
[1.732s][info][gc,phases,start] GC(55) Summary Phase
[1.732s][info][gc,phases      ] GC(55) Summary Phase 0.018ms
[1.732s][info][gc,phases,start] GC(55) Adjust Roots
[1.732s][info][gc,phases      ] GC(55) Adjust Roots 0.175ms
[1.732s][info][gc,phases,start] GC(55) Compaction Phase
[1.761s][info][gc,phases      ] GC(55) Compaction Phase 28.644ms
[1.761s][info][gc,phases,start] GC(55) Post Compact
[1.762s][info][gc,phases      ] GC(55) Post Compact 1.371ms
[1.763s][info][gc,heap        ] GC(55) PSYoungGen: 19008K(40448K)->9174K(40448K) Eden: 0K(10240K)->0K(10240K) From: 19008K(30208K)->9174K(30208K)
[1.763s][info][gc,heap        ] GC(55) ParOldGen: 244124K(253440K)->253310K(290816K)
[1.763s][info][gc,metaspace   ] GC(55) Metaspace: 6298K(6464K)->6298K(6464K) NonClass: 5765K(5824K)->5765K(5824K) Class: 533K(640K)->533K(640K)
[1.763s][info][gc             ] GC(55) Pause Full (Ergonomics) 256M->256M(323M) 97.840ms
[1.763s][info][gc,cpu         ] GC(55) User=0.36s Sys=0.00s Real=0.10s
[1.774s][info][gc,start       ] GC(56) Pause Young (Allocation Failure)
[1.797s][info][gc,heap        ] GC(56) PSYoungGen: 19414K(40448K)->14880K(39424K) Eden: 10240K(10240K)->0K(11776K) From: 9174K(30208K)->14880K(27648K)
[1.797s][info][gc,heap        ] GC(56) ParOldGen: 253310K(290816K)->258062K(290816K)
[1.797s][info][gc,metaspace   ] GC(56) Metaspace: 6298K(6464K)->6298K(6464K) NonClass: 5765K(5824K)->5765K(5824K) Class: 533K(640K)->533K(640K)
[1.797s][info][gc             ] GC(56) Pause Young (Allocation Failure) 266M->266M(322M) 23.268ms
[1.798s][info][gc,cpu         ] GC(56) User=0.09s Sys=0.00s Real=0.02s
[1.811s][info][gc,start       ] GC(57) Pause Young (Allocation Failure)
[1.825s][info][gc,heap        ] GC(57) PSYoungGen: 26656K(39424K)->26624K(40448K) Eden: 11776K(11776K)->0K(11776K) From: 14880K(27648K)->26624K(28672K)
[1.825s][info][gc,heap        ] GC(57) ParOldGen: 258062K(290816K)->258062K(290816K)
[1.825s][info][gc,metaspace   ] GC(57) Metaspace: 6298K(6464K)->6298K(6464K) NonClass: 5765K(5824K)->5765K(5824K) Class: 533K(640K)->533K(640K)
[1.825s][info][gc             ] GC(57) Pause Young (Allocation Failure) 278M->278M(323M) 14.397ms
[1.825s][info][gc,cpu         ] GC(57) User=0.02s Sys=0.00s Real=0.01s
[1.839s][info][gc,start       ] GC(58) Pause Young (Allocation Failure)
[1.858s][info][gc,heap        ] GC(58) PSYoungGen: 38400K(40448K)->31232K(37888K) Eden: 11776K(11776K)->0K(6656K) From: 26624K(28672K)->31232K(31232K)
[1.858s][info][gc,heap        ] GC(58) ParOldGen: 258062K(290816K)->265246K(290816K)
[1.858s][info][gc,metaspace   ] GC(58) Metaspace: 6298K(6464K)->6298K(6464K) NonClass: 5765K(5824K)->5765K(5824K) Class: 533K(640K)->533K(640K)
[1.858s][info][gc             ] GC(58) Pause Young (Allocation Failure) 289M->289M(321M) 19.931ms
[1.859s][info][gc,cpu         ] GC(58) User=0.09s Sys=0.02s Real=0.02s
[1.866s][info][gc,start       ] GC(59) Pause Young (Allocation Failure)
[1.884s][info][gc,heap        ] GC(59) PSYoungGen: 37888K(37888K)->16960K(24064K) Eden: 6656K(6656K)->0K(6656K) From: 31232K(31232K)->16960K(17408K)
[1.884s][info][gc,heap        ] GC(59) ParOldGen: 265246K(290816K)->286646K(290816K)
[1.884s][info][gc,metaspace   ] GC(59) Metaspace: 6298K(6464K)->6298K(6464K) NonClass: 5765K(5824K)->5765K(5824K) Class: 533K(640K)->533K(640K)
[1.885s][info][gc             ] GC(59) Pause Young (Allocation Failure) 296M->296M(307M) 18.749ms
[1.885s][info][gc,cpu         ] GC(59) User=0.06s Sys=0.03s Real=0.02s
[1.885s][info][gc,start       ] GC(60) Pause Full (Ergonomics)
[1.885s][info][gc,phases,start] GC(60) Marking Phase
[1.955s][info][gc,phases      ] GC(60) Marking Phase 70.193ms
[1.955s][info][gc,phases,start] GC(60) Summary Phase
[1.955s][info][gc,phases      ] GC(60) Summary Phase 0.019ms
[1.955s][info][gc,phases,start] GC(60) Adjust Roots
[1.955s][info][gc,phases      ] GC(60) Adjust Roots 0.156ms
[1.955s][info][gc,phases,start] GC(60) Compaction Phase
[1.985s][info][gc,phases      ] GC(60) Compaction Phase 29.470ms
[1.985s][info][gc,phases,start] GC(60) Post Compact
[1.986s][info][gc,phases      ] GC(60) Post Compact 1.627ms
[1.986s][info][gc,heap        ] GC(60) PSYoungGen: 16960K(24064K)->12124K(24064K) Eden: 0K(6656K)->0K(6656K) From: 16960K(17408K)->12124K(17408K)
[1.986s][info][gc,heap        ] GC(60) ParOldGen: 286646K(290816K)->290680K(334336K)
[1.987s][info][gc,metaspace   ] GC(60) Metaspace: 6298K(6464K)->6298K(6464K) NonClass: 5765K(5824K)->5765K(5824K) Class: 533K(640K)->533K(640K)
[1.987s][info][gc             ] GC(60) Pause Full (Ergonomics) 296M->295M(350M) 101.939ms
[1.987s][info][gc,cpu         ] GC(60) User=0.48s Sys=0.00s Real=0.10s
[1.994s][info][gc,start       ] GC(61) Pause Young (Allocation Failure)
[2.016s][info][gc,heap        ] GC(61) PSYoungGen: 18780K(24064K)->6784K(43520K) Eden: 6656K(6656K)->0K(7168K) From: 12124K(17408K)->6784K(36352K)
[2.016s][info][gc,heap        ] GC(61) ParOldGen: 290680K(334336K)->303016K(334336K)
[2.016s][info][gc,metaspace   ] GC(61) Metaspace: 6298K(6464K)->6298K(6464K) NonClass: 5765K(5824K)->5765K(5824K) Class: 533K(640K)->533K(640K)
[2.016s][info][gc             ] GC(61) Pause Young (Allocation Failure) 302M->302M(369M) 22.445ms
[2.016s][info][gc,cpu         ] GC(61) User=0.08s Sys=0.06s Real=0.02s
[2.025s][info][gc,start       ] GC(62) Pause Young (Allocation Failure)
[2.035s][info][gc,heap        ] GC(62) PSYoungGen: 13952K(43520K)->7264K(44032K) Eden: 7168K(7168K)->0K(7168K) From: 6784K(36352K)->7264K(36864K)
[2.035s][info][gc,heap        ] GC(62) ParOldGen: 303016K(334336K)->309768K(334336K)
[2.035s][info][gc,metaspace   ] GC(62) Metaspace: 6298K(6464K)->6298K(6464K) NonClass: 5765K(5824K)->5765K(5824K) Class: 533K(640K)->533K(640K)
[2.035s][info][gc             ] GC(62) Pause Young (Allocation Failure) 309M->309M(369M) 10.539ms
[2.035s][info][gc,cpu         ] GC(62) User=0.02s Sys=0.00s Real=0.01s
[2.043s][info][gc,start       ] GC(63) Pause Young (Allocation Failure)
[2.053s][info][gc,heap        ] GC(63) PSYoungGen: 14432K(44032K)->7296K(45056K) Eden: 7168K(7168K)->0K(8704K) From: 7264K(36864K)->7296K(36352K)
[2.053s][info][gc,heap        ] GC(63) ParOldGen: 309768K(334336K)->317048K(334336K)
[2.053s][info][gc,metaspace   ] GC(63) Metaspace: 6298K(6464K)->6298K(6464K) NonClass: 5765K(5824K)->5765K(5824K) Class: 533K(640K)->533K(640K)
[2.053s][info][gc             ] GC(63) Pause Young (Allocation Failure) 316M->316M(370M) 9.437ms
[2.053s][info][gc,cpu         ] GC(63) User=0.00s Sys=0.00s Real=0.01s
[2.053s][info][gc,start       ] GC(64) Pause Full (Ergonomics)
[2.053s][info][gc,phases,start] GC(64) Marking Phase
[2.129s][info][gc,phases      ] GC(64) Marking Phase 76.271ms
[2.129s][info][gc,phases,start] GC(64) Summary Phase
[2.129s][info][gc,phases      ] GC(64) Summary Phase 0.029ms
[2.129s][info][gc,phases,start] GC(64) Adjust Roots
[2.129s][info][gc,phases      ] GC(64) Adjust Roots 0.272ms
[2.129s][info][gc,phases,start] GC(64) Compaction Phase
[2.160s][info][gc,phases      ] GC(64) Compaction Phase 30.256ms
[2.160s][info][gc,phases,start] GC(64) Post Compact
[2.162s][info][gc,phases      ] GC(64) Post Compact 1.938ms
[2.162s][info][gc,heap        ] GC(64) PSYoungGen: 7296K(45056K)->0K(45056K) Eden: 0K(8704K)->0K(8704K) From: 7296K(36352K)->0K(36352K)
[2.162s][info][gc,heap        ] GC(64) ParOldGen: 317048K(334336K)->323703K(369152K)
[2.162s][info][gc,metaspace   ] GC(64) Metaspace: 6298K(6464K)->6298K(6464K) NonClass: 5765K(5824K)->5765K(5824K) Class: 533K(640K)->533K(640K)
[2.162s][info][gc             ] GC(64) Pause Full (Ergonomics) 316M->316M(404M) 109.427ms
[2.162s][info][gc,cpu         ] GC(64) User=0.61s Sys=0.00s Real=0.11s
[2.173s][info][gc,start       ] GC(65) Pause Young (Allocation Failure)
[2.178s][info][gc,heap        ] GC(65) PSYoungGen: 8704K(45056K)->8864K(45056K) Eden: 8704K(8704K)->0K(9728K) From: 0K(36352K)->8864K(35328K)
[2.178s][info][gc,heap        ] GC(65) ParOldGen: 323703K(369152K)->323703K(369152K)
[2.178s][info][gc,metaspace   ] GC(65) Metaspace: 6298K(6464K)->6298K(6464K) NonClass: 5765K(5824K)->5765K(5824K) Class: 533K(640K)->533K(640K)
[2.179s][info][gc             ] GC(65) Pause Young (Allocation Failure) 324M->324M(404M) 5.928ms
[2.179s][info][gc,cpu         ] GC(65) User=0.00s Sys=0.00s Real=0.00s
[2.189s][info][gc,start       ] GC(66) Pause Young (Allocation Failure)
[2.200s][info][gc,heap        ] GC(66) PSYoungGen: 18592K(45056K)->18528K(45568K) Eden: 9728K(9728K)->0K(9728K) From: 8864K(35328K)->18528K(35840K)
[2.200s][info][gc,heap        ] GC(66) ParOldGen: 323703K(369152K)->323703K(369152K)
[2.200s][info][gc,metaspace   ] GC(66) Metaspace: 6298K(6464K)->6298K(6464K) NonClass: 5765K(5824K)->5765K(5824K) Class: 533K(640K)->533K(640K)
[2.200s][info][gc             ] GC(66) Pause Young (Allocation Failure) 334M->334M(405M) 10.886ms
[2.200s][info][gc,cpu         ] GC(66) User=0.02s Sys=0.00s Real=0.01s
[2.212s][info][gc,start       ] GC(67) Pause Young (Allocation Failure)
[2.228s][info][gc,heap        ] GC(67) PSYoungGen: 28256K(45568K)->28256K(42496K) Eden: 9728K(9728K)->0K(7680K) From: 18528K(35840K)->28256K(34816K)
[2.228s][info][gc,heap        ] GC(67) ParOldGen: 323703K(369152K)->323703K(369152K)
[2.228s][info][gc,metaspace   ] GC(67) Metaspace: 6298K(6464K)->6298K(6464K) NonClass: 5765K(5824K)->5765K(5824K) Class: 533K(640K)->533K(640K)
[2.228s][info][gc             ] GC(67) Pause Young (Allocation Failure) 343M->343M(402M) 15.909ms
[2.228s][info][gc,cpu         ] GC(67) User=0.03s Sys=0.00s Real=0.02s
[2.314s][info][gc,start       ] GC(68) Pause Young (Allocation Failure)
[2.342s][info][gc,heap        ] GC(68) PSYoungGen: 35936K(42496K)->35904K(45568K) Eden: 7680K(7680K)->0K(7680K) From: 28256K(34816K)->35904K(37888K)
[2.342s][info][gc,heap        ] GC(68) ParOldGen: 340087K(369152K)->340087K(369152K)
[2.342s][info][gc,metaspace   ] GC(68) Metaspace: 6298K(6464K)->6298K(6464K) NonClass: 5765K(5824K)->5765K(5824K) Class: 533K(640K)->533K(640K)
[2.342s][info][gc             ] GC(68) Pause Young (Allocation Failure) 367M->367M(405M) 28.546ms
[2.342s][info][gc,cpu         ] GC(68) User=0.05s Sys=0.00s Real=0.03s
[2.349s][info][gc,start       ] GC(69) Pause Young (Allocation Failure)
[2.371s][info][gc,heap        ] GC(69) PSYoungGen: 43584K(45568K)->42496K(44032K) Eden: 7680K(7680K)->0K(1536K) From: 35904K(37888K)->42496K(42496K)
[2.371s][info][gc,heap        ] GC(69) ParOldGen: 340087K(369152K)->341111K(369152K)
[2.371s][info][gc,metaspace   ] GC(69) Metaspace: 6298K(6464K)->6298K(6464K) NonClass: 5765K(5824K)->5765K(5824K) Class: 533K(640K)->533K(640K)
[2.371s][info][gc             ] GC(69) Pause Young (Allocation Failure) 374M->374M(403M) 21.687ms
[2.371s][info][gc,cpu         ] GC(69) User=0.12s Sys=0.00s Real=0.02s
[2.373s][info][gc,start       ] GC(70) Pause Young (Allocation Failure)
[2.394s][info][gc,heap        ] GC(70) PSYoungGen: 44032K(44032K)->25824K(27648K) Eden: 1536K(1536K)->0K(1536K) From: 42496K(42496K)->25824K(26112K)
[2.394s][info][gc,heap        ] GC(70) ParOldGen: 341111K(369152K)->359655K(369152K)
[2.394s][info][gc,metaspace   ] GC(70) Metaspace: 6298K(6464K)->6298K(6464K) NonClass: 5765K(5824K)->5765K(5824K) Class: 533K(640K)->533K(640K)
[2.394s][info][gc             ] GC(70) Pause Young (Allocation Failure) 376M->376M(387M) 21.492ms
[2.394s][info][gc,cpu         ] GC(70) User=0.08s Sys=0.03s Real=0.02s
[2.394s][info][gc,start       ] GC(71) Pause Full (Ergonomics)
[2.394s][info][gc,phases,start] GC(71) Marking Phase
[2.473s][info][gc,phases      ] GC(71) Marking Phase 78.628ms
[2.473s][info][gc,phases,start] GC(71) Summary Phase
[2.473s][info][gc,phases      ] GC(71) Summary Phase 0.039ms
[2.473s][info][gc,phases,start] GC(71) Adjust Roots
[2.473s][info][gc,phases      ] GC(71) Adjust Roots 0.266ms
[2.473s][info][gc,phases,start] GC(71) Compaction Phase
[2.546s][info][gc,phases      ] GC(71) Compaction Phase 73.141ms
[2.547s][info][gc,phases,start] GC(71) Post Compact
[2.549s][info][gc,phases      ] GC(71) Post Compact 2.011ms
[2.549s][info][gc,heap        ] GC(71) PSYoungGen: 25824K(27648K)->7769K(27648K) Eden: 0K(1536K)->0K(1536K) From: 25824K(26112K)->7769K(26112K)
[2.549s][info][gc,heap        ] GC(71) ParOldGen: 359655K(369152K)->368999K(418816K)
[2.549s][info][gc,metaspace   ] GC(71) Metaspace: 6298K(6464K)->6298K(6464K) NonClass: 5765K(5824K)->5765K(5824K) Class: 533K(640K)->533K(640K)
[2.549s][info][gc             ] GC(71) Pause Full (Ergonomics) 376M->367M(436M) 154.706ms
[2.549s][info][gc,cpu         ] GC(71) User=0.83s Sys=0.03s Real=0.15s
[2.550s][info][gc,start       ] GC(72) Pause Young (Allocation Failure)
[2.574s][info][gc,heap        ] GC(72) PSYoungGen: 9305K(27648K)->3872K(49664K) Eden: 1536K(1536K)->0K(1536K) From: 7769K(26112K)->3872K(48128K)
[2.574s][info][gc,heap        ] GC(72) ParOldGen: 368999K(418816K)->374639K(418816K)
[2.574s][info][gc,metaspace   ] GC(72) Metaspace: 6298K(6464K)->6298K(6464K) NonClass: 5765K(5824K)->5765K(5824K) Class: 533K(640K)->533K(640K)
[2.574s][info][gc             ] GC(72) Pause Young (Allocation Failure) 369M->369M(457M) 23.819ms
[2.574s][info][gc,cpu         ] GC(72) User=0.11s Sys=0.00s Real=0.02s
[2.576s][info][gc,start       ] GC(73) Pause Young (Allocation Failure)
[2.582s][info][gc,heap        ] GC(73) PSYoungGen: 5408K(49664K)->4320K(50176K) Eden: 1536K(1536K)->0K(1536K) From: 3872K(48128K)->4320K(48640K)
[2.582s][info][gc,heap        ] GC(73) ParOldGen: 374639K(418816K)->375775K(418816K)
[2.582s][info][gc,metaspace   ] GC(73) Metaspace: 6298K(6464K)->6298K(6464K) NonClass: 5765K(5824K)->5765K(5824K) Class: 533K(640K)->533K(640K)
[2.582s][info][gc             ] GC(73) Pause Young (Allocation Failure) 371M->371M(458M) 6.178ms
[2.582s][info][gc,cpu         ] GC(73) User=0.00s Sys=0.00s Real=0.01s
[2.584s][info][gc,start       ] GC(74) Pause Young (Allocation Failure)
[2.590s][info][gc,heap        ] GC(74) PSYoungGen: 5856K(50176K)->3168K(49664K) Eden: 1536K(1536K)->0K(2048K) From: 4320K(48640K)->3168K(47616K)
[2.590s][info][gc,heap        ] GC(74) ParOldGen: 375775K(418816K)->378487K(418816K)
[2.590s][info][gc,metaspace   ] GC(74) Metaspace: 6298K(6464K)->6298K(6464K) NonClass: 5765K(5824K)->5765K(5824K) Class: 533K(640K)->533K(640K)
[2.590s][info][gc             ] GC(74) Pause Young (Allocation Failure) 372M->372M(457M) 6.220ms
[2.590s][info][gc,cpu         ] GC(74) User=0.02s Sys=0.00s Real=0.01s
[2.592s][info][gc,start       ] GC(75) Pause Young (Allocation Failure)
[2.598s][info][gc,heap        ] GC(75) PSYoungGen: 5216K(49664K)->2176K(50176K) Eden: 2048K(2048K)->0K(2048K) From: 3168K(47616K)->2176K(48128K)
[2.599s][info][gc,heap        ] GC(75) ParOldGen: 378487K(418816K)->381567K(418816K)
[2.599s][info][gc,metaspace   ] GC(75) Metaspace: 6298K(6464K)->6298K(6464K) NonClass: 5765K(5824K)->5765K(5824K) Class: 533K(640K)->533K(640K)
[2.599s][info][gc             ] GC(75) Pause Young (Allocation Failure) 374M->374M(458M) 6.111ms
[2.599s][info][gc,cpu         ] GC(75) User=0.00s Sys=0.00s Real=0.01s
[2.601s][info][gc,start       ] GC(76) Pause Young (Allocation Failure)
[2.608s][info][gc,heap        ] GC(76) PSYoungGen: 4224K(50176K)->2112K(48128K) Eden: 2048K(2048K)->0K(2560K) From: 2176K(48128K)->2112K(45568K)
[2.608s][info][gc,heap        ] GC(76) ParOldGen: 381567K(418816K)->383647K(418816K)
[2.608s][info][gc,metaspace   ] GC(76) Metaspace: 6298K(6464K)->6298K(6464K) NonClass: 5765K(5824K)->5765K(5824K) Class: 533K(640K)->533K(640K)
[2.608s][info][gc             ] GC(76) Pause Young (Allocation Failure) 376M->376M(456M) 6.726ms
[2.608s][info][gc,cpu         ] GC(76) User=0.02s Sys=0.00s Real=0.01s
[2.611s][info][gc,start       ] GC(77) Pause Young (Allocation Failure)
[2.617s][info][gc,heap        ] GC(77) PSYoungGen: 4672K(48128K)->2656K(5632K) Eden: 2560K(2560K)->0K(2560K) From: 2112K(45568K)->2656K(3072K)
[2.617s][info][gc,heap        ] GC(77) ParOldGen: 383647K(418816K)->385719K(418816K)
[2.617s][info][gc,metaspace   ] GC(77) Metaspace: 6298K(6464K)->6298K(6464K) NonClass: 5765K(5824K)->5765K(5824K) Class: 533K(640K)->533K(640K)
[2.617s][info][gc             ] GC(77) Pause Young (Allocation Failure) 379M->379M(414M) 6.309ms
[2.617s][info][gc,cpu         ] GC(77) User=0.00s Sys=0.00s Real=0.01s
[2.620s][info][gc,start       ] GC(78) Pause Young (Allocation Failure)
[2.627s][info][gc,heap        ] GC(78) PSYoungGen: 5216K(5632K)->2656K(46080K) Eden: 2560K(2560K)->0K(3072K) From: 2656K(3072K)->2656K(43008K)
[2.627s][info][gc,heap        ] GC(78) ParOldGen: 385719K(418816K)->388319K(418816K)
[2.627s][info][gc,metaspace   ] GC(78) Metaspace: 6298K(6464K)->6298K(6464K) NonClass: 5765K(5824K)->5765K(5824K) Class: 533K(640K)->533K(640K)
[2.627s][info][gc             ] GC(78) Pause Young (Allocation Failure) 381M->381M(454M) 7.190ms
[2.627s][info][gc,cpu         ] GC(78) User=0.00s Sys=0.00s Real=0.01s
[2.630s][info][gc,start       ] GC(79) Pause Young (Allocation Failure)
[2.637s][info][gc,heap        ] GC(79) PSYoungGen: 5728K(46080K)->3168K(6656K) Eden: 3072K(3072K)->0K(3072K) From: 2656K(43008K)->3168K(3584K)
[2.637s][info][gc,heap        ] GC(79) ParOldGen: 388319K(418816K)->390919K(418816K)
[2.637s][info][gc,metaspace   ] GC(79) Metaspace: 6298K(6464K)->6298K(6464K) NonClass: 5765K(5824K)->5765K(5824K) Class: 533K(640K)->533K(640K)
[2.637s][info][gc             ] GC(79) Pause Young (Allocation Failure) 384M->384M(415M) 6.645ms
[2.637s][info][gc,cpu         ] GC(79) User=0.02s Sys=0.00s Real=0.01s
[2.640s][info][gc,start       ] GC(80) Pause Young (Allocation Failure)
[2.647s][info][gc,heap        ] GC(80) PSYoungGen: 6240K(6656K)->3136K(43008K) Eden: 3072K(3072K)->0K(4096K) From: 3168K(3584K)->3136K(38912K)
[2.647s][info][gc,heap        ] GC(80) ParOldGen: 390919K(418816K)->394047K(418816K)
[2.647s][info][gc,metaspace   ] GC(80) Metaspace: 6298K(6464K)->6298K(6464K) NonClass: 5765K(5824K)->5765K(5824K) Class: 533K(640K)->533K(640K)
[2.647s][info][gc             ] GC(80) Pause Young (Allocation Failure) 387M->387M(451M) 6.945ms
[2.647s][info][gc,cpu         ] GC(80) User=0.00s Sys=0.00s Real=0.01s
[2.651s][info][gc,start       ] GC(81) Pause Young (Allocation Failure)
[2.658s][info][gc,heap        ] GC(81) PSYoungGen: 7232K(43008K)->4192K(8704K) Eden: 4096K(4096K)->0K(4096K) From: 3136K(38912K)->4192K(4608K)
[2.658s][info][gc,heap        ] GC(81) ParOldGen: 394047K(418816K)->397159K(418816K)
[2.658s][info][gc,metaspace   ] GC(81) Metaspace: 6298K(6464K)->6298K(6464K) NonClass: 5765K(5824K)->5765K(5824K) Class: 533K(640K)->533K(640K)
[2.658s][info][gc             ] GC(81) Pause Young (Allocation Failure) 391M->391M(417M) 7.604ms
[2.658s][info][gc,cpu         ] GC(81) User=0.02s Sys=0.00s Real=0.01s
[2.663s][info][gc,start       ] GC(82) Pause Young (Allocation Failure)
[2.670s][info][gc,heap        ] GC(82) PSYoungGen: 8288K(8704K)->4160K(39424K) Eden: 4096K(4096K)->0K(5120K) From: 4192K(4608K)->4160K(34304K)
[2.670s][info][gc,heap        ] GC(82) ParOldGen: 397159K(418816K)->401319K(418816K)
[2.670s][info][gc,metaspace   ] GC(82) Metaspace: 6298K(6464K)->6298K(6464K) NonClass: 5765K(5824K)->5765K(5824K) Class: 533K(640K)->533K(640K)
[2.670s][info][gc             ] GC(82) Pause Young (Allocation Failure) 395M->395M(447M) 7.518ms
[2.670s][info][gc,cpu         ] GC(82) User=0.00s Sys=0.00s Real=0.01s
[2.676s][info][gc,start       ] GC(83) Pause Young (Allocation Failure)
[2.684s][info][gc,heap        ] GC(83) PSYoungGen: 9280K(39424K)->5216K(10752K) Eden: 5120K(5120K)->0K(5120K) From: 4160K(34304K)->5216K(5632K)
[2.684s][info][gc,heap        ] GC(83) ParOldGen: 401319K(418816K)->405479K(418816K)
[2.684s][info][gc,metaspace   ] GC(83) Metaspace: 6298K(6464K)->6298K(6464K) NonClass: 5765K(5824K)->5765K(5824K) Class: 533K(640K)->533K(640K)
[2.684s][info][gc             ] GC(83) Pause Young (Allocation Failure) 400M->401M(419M) 8.020ms
[2.684s][info][gc,cpu         ] GC(83) User=0.02s Sys=0.00s Real=0.01s
[2.689s][info][gc,start       ] GC(84) Pause Young (Allocation Failure)
[2.698s][info][gc,heap        ] GC(84) PSYoungGen: 10336K(10752K)->5216K(36352K) Eden: 5120K(5120K)->0K(6144K) From: 5216K(5632K)->5216K(30208K)
[2.698s][info][gc,heap        ] GC(84) ParOldGen: 405479K(418816K)->410679K(418816K)
[2.698s][info][gc,metaspace   ] GC(84) Metaspace: 6298K(6464K)->6298K(6464K) NonClass: 5765K(5824K)->5765K(5824K) Class: 533K(640K)->533K(640K)
[2.698s][info][gc             ] GC(84) Pause Young (Allocation Failure) 406M->406M(444M) 8.768ms
[2.698s][info][gc,cpu         ] GC(84) User=0.00s Sys=0.00s Real=0.01s
[2.698s][info][gc,start       ] GC(85) Pause Full (Ergonomics)
[2.698s][info][gc,phases,start] GC(85) Marking Phase
[2.789s][info][gc,phases      ] GC(85) Marking Phase 91.218ms
[2.789s][info][gc,phases,start] GC(85) Summary Phase
[2.789s][info][gc,phases      ] GC(85) Summary Phase 0.029ms
[2.789s][info][gc,phases,start] GC(85) Adjust Roots
[2.790s][info][gc,phases      ] GC(85) Adjust Roots 0.280ms
[2.790s][info][gc,phases,start] GC(85) Compaction Phase
[2.839s][info][gc,phases      ] GC(85) Compaction Phase 49.075ms
[2.839s][info][gc,phases,start] GC(85) Post Compact
[2.841s][info][gc,phases      ] GC(85) Post Compact 2.240ms
[2.842s][info][gc,heap        ] GC(85) PSYoungGen: 5216K(36352K)->0K(38400K) Eden: 0K(6144K)->0K(6144K) From: 5216K(30208K)->0K(32256K)
[2.842s][info][gc,heap        ] GC(85) ParOldGen: 410679K(418816K)->414760K(459264K)
[2.842s][info][gc,metaspace   ] GC(85) Metaspace: 6298K(6464K)->6298K(6464K) NonClass: 5765K(5824K)->5765K(5824K) Class: 533K(640K)->533K(640K)
[2.842s][info][gc             ] GC(85) Pause Full (Ergonomics) 406M->405M(486M) 143.518ms
[2.842s][info][gc,cpu         ] GC(85) User=0.73s Sys=0.02s Real=0.14s
[2.848s][info][gc,start       ] GC(86) Pause Young (Allocation Failure)
[2.855s][info][gc,heap        ] GC(86) PSYoungGen: 6144K(38400K)->6240K(35328K) Eden: 6144K(6144K)->0K(7168K) From: 0K(32256K)->6240K(28160K)
[2.855s][info][gc,heap        ] GC(86) ParOldGen: 414760K(459264K)->414760K(459264K)
[2.855s][info][gc,metaspace   ] GC(86) Metaspace: 6298K(6464K)->6298K(6464K) NonClass: 5765K(5824K)->5765K(5824K) Class: 533K(640K)->533K(640K)
[2.855s][info][gc             ] GC(86) Pause Young (Allocation Failure) 411M->411M(483M) 7.108ms
[2.855s][info][gc,cpu         ] GC(86) User=0.00s Sys=0.00s Real=0.01s
[2.862s][info][gc,start       ] GC(87) Pause Young (Allocation Failure)
[2.871s][info][gc,heap        ] GC(87) PSYoungGen: 13408K(35328K)->7264K(14848K) Eden: 7168K(7168K)->0K(7168K) From: 6240K(28160K)->7264K(7680K)
[2.871s][info][gc,heap        ] GC(87) ParOldGen: 414760K(459264K)->420984K(459264K)
[2.871s][info][gc,metaspace   ] GC(87) Metaspace: 6298K(6464K)->6298K(6464K) NonClass: 5765K(5824K)->5765K(5824K) Class: 533K(640K)->533K(640K)
[2.871s][info][gc             ] GC(87) Pause Young (Allocation Failure) 418M->418M(463M) 8.773ms
[2.871s][info][gc,cpu         ] GC(87) User=0.02s Sys=0.00s Real=0.01s
[2.879s][info][gc,start       ] GC(88) Pause Young (Allocation Failure)
[2.888s][info][gc,heap        ] GC(88) PSYoungGen: 14432K(14848K)->7264K(33280K) Eden: 7168K(7168K)->0K(8192K) From: 7264K(7680K)->7264K(25088K)
[2.888s][info][gc,heap        ] GC(88) ParOldGen: 420984K(459264K)->428256K(459264K)
[2.888s][info][gc,metaspace   ] GC(88) Metaspace: 6298K(6464K)->6298K(6464K) NonClass: 5765K(5824K)->5765K(5824K) Class: 533K(640K)->533K(640K)
[2.888s][info][gc             ] GC(88) Pause Young (Allocation Failure) 425M->425M(481M) 9.114ms
[2.888s][info][gc,cpu         ] GC(88) User=0.02s Sys=0.00s Real=0.01s
[2.896s][info][gc,start       ] GC(89) Pause Young (Allocation Failure)
[2.905s][info][gc,heap        ] GC(89) PSYoungGen: 15456K(33280K)->8288K(16896K) Eden: 8192K(8192K)->0K(8192K) From: 7264K(25088K)->8288K(8704K)
[2.905s][info][gc,heap        ] GC(89) ParOldGen: 428256K(459264K)->435528K(459264K)
[2.905s][info][gc,metaspace   ] GC(89) Metaspace: 6298K(6464K)->6298K(6464K) NonClass: 5765K(5824K)->5765K(5824K) Class: 533K(640K)->533K(640K)
[2.905s][info][gc             ] GC(89) Pause Young (Allocation Failure) 433M->433M(465M) 9.156ms
[2.905s][info][gc,cpu         ] GC(89) User=0.02s Sys=0.00s Real=0.01s
[2.914s][info][gc,start       ] GC(90) Pause Young (Allocation Failure)
[2.924s][info][gc,heap        ] GC(90) PSYoungGen: 16480K(16896K)->8256K(31232K) Eden: 8192K(8192K)->0K(9728K) From: 8288K(8704K)->8256K(21504K)
[2.924s][info][gc,heap        ] GC(90) ParOldGen: 435528K(459264K)->443840K(459264K)
[2.924s][info][gc,metaspace   ] GC(90) Metaspace: 6298K(6464K)->6298K(6464K) NonClass: 5765K(5824K)->5765K(5824K) Class: 533K(640K)->533K(640K)
[2.924s][info][gc             ] GC(90) Pause Young (Allocation Failure) 441M->441M(479M) 9.950ms
[2.924s][info][gc,cpu         ] GC(90) User=0.02s Sys=0.00s Real=0.01s
[2.934s][info][gc,start       ] GC(91) Pause Young (Allocation Failure)
[2.944s][info][gc,heap        ] GC(91) PSYoungGen: 17984K(31232K)->9824K(32768K) Eden: 9728K(9728K)->0K(9728K) From: 8256K(21504K)->9824K(23040K)
[2.944s][info][gc,heap        ] GC(91) ParOldGen: 443840K(459264K)->452128K(459264K)
[2.944s][info][gc,metaspace   ] GC(91) Metaspace: 6298K(6464K)->6298K(6464K) NonClass: 5765K(5824K)->5765K(5824K) Class: 533K(640K)->533K(640K)
[2.944s][info][gc             ] GC(91) Pause Young (Allocation Failure) 451M->451M(480M) 10.039ms
[2.944s][info][gc,cpu         ] GC(91) User=0.00s Sys=0.00s Real=0.01s
[2.944s][info][gc,start       ] GC(92) Pause Full (Ergonomics)
[2.944s][info][gc,phases,start] GC(92) Marking Phase
[3.054s][info][gc,phases      ] GC(92) Marking Phase 109.364ms
[3.054s][info][gc,phases,start] GC(92) Summary Phase
[3.054s][info][gc,phases      ] GC(92) Summary Phase 0.031ms
[3.054s][info][gc,phases,start] GC(92) Adjust Roots
[3.054s][info][gc,phases      ] GC(92) Adjust Roots 0.262ms
[3.054s][info][gc,phases,start] GC(92) Compaction Phase
[3.107s][info][gc,phases      ] GC(92) Compaction Phase 52.375ms
[3.107s][info][gc,phases,start] GC(92) Post Compact
[3.110s][info][gc,phases      ] GC(92) Post Compact 2.821ms
[3.110s][info][gc,heap        ] GC(92) PSYoungGen: 9824K(32768K)->2030K(32768K) Eden: 0K(9728K)->0K(9728K) From: 9824K(23040K)->2030K(23040K)
[3.110s][info][gc,heap        ] GC(92) ParOldGen: 452128K(459264K)->459131K(509952K)
[3.110s][info][gc,metaspace   ] GC(92) Metaspace: 6298K(6464K)->6298K(6464K) NonClass: 5765K(5824K)->5765K(5824K) Class: 533K(640K)->533K(640K)
[3.110s][info][gc             ] GC(92) Pause Full (Ergonomics) 451M->450M(530M) 165.620ms
[3.110s][info][gc,cpu         ] GC(92) User=1.08s Sys=0.00s Real=0.17s
[3.123s][info][gc,start       ] GC(93) Pause Young (Allocation Failure)
[3.166s][info][gc,heap        ] GC(93) PSYoungGen: 11758K(32768K)->9824K(31232K) Eden: 9728K(9728K)->0K(10752K) From: 2030K(23040K)->9824K(20480K)
[3.166s][info][gc,heap        ] GC(93) ParOldGen: 459131K(509952K)->461227K(509952K)
[3.166s][info][gc,metaspace   ] GC(93) Metaspace: 6298K(6464K)->6298K(6464K) NonClass: 5765K(5824K)->5765K(5824K) Class: 533K(640K)->533K(640K)
[3.166s][info][gc             ] GC(93) Pause Young (Allocation Failure) 459M->460M(528M) 42.903ms
[3.166s][info][gc,cpu         ] GC(93) User=0.12s Sys=0.00s Real=0.04s
[3.180s][info][gc,start       ] GC(94) Pause Young (Allocation Failure)
[3.194s][info][gc,heap        ] GC(94) PSYoungGen: 20576K(31232K)->20544K(32256K) Eden: 10752K(10752K)->0K(10752K) From: 9824K(20480K)->20544K(21504K)
[3.194s][info][gc,heap        ] GC(94) ParOldGen: 461227K(509952K)->461227K(509952K)
[3.194s][info][gc,metaspace   ] GC(94) Metaspace: 6298K(6464K)->6298K(6464K) NonClass: 5765K(5824K)->5765K(5824K) Class: 533K(640K)->533K(640K)
[3.194s][info][gc             ] GC(94) Pause Young (Allocation Failure) 470M->470M(529M) 14.037ms
[3.194s][info][gc,cpu         ] GC(94) User=0.03s Sys=0.00s Real=0.01s
[3.207s][info][gc,start       ] GC(95) Pause Young (Allocation Failure)
[3.226s][info][gc,heap        ] GC(95) PSYoungGen: 31296K(32256K)->24576K(30208K) Eden: 10752K(10752K)->0K(5632K) From: 20544K(21504K)->24576K(24576K)
[3.226s][info][gc,heap        ] GC(95) ParOldGen: 461227K(509952K)->467971K(509952K)
[3.226s][info][gc,metaspace   ] GC(95) Metaspace: 6298K(6464K)->6298K(6464K) NonClass: 5765K(5824K)->5765K(5824K) Class: 533K(640K)->533K(640K)
[3.226s][info][gc             ] GC(95) Pause Young (Allocation Failure) 480M->481M(527M) 18.868ms
[3.226s][info][gc,cpu         ] GC(95) User=0.09s Sys=0.02s Real=0.02s
[3.232s][info][gc,start       ] GC(96) Pause Young (Allocation Failure)
[3.252s][info][gc,heap        ] GC(96) PSYoungGen: 30208K(30208K)->13376K(36864K) Eden: 5632K(5632K)->0K(5632K) From: 24576K(24576K)->13376K(31232K)
[3.252s][info][gc,heap        ] GC(96) ParOldGen: 467971K(509952K)->485179K(509952K)
[3.252s][info][gc,metaspace   ] GC(96) Metaspace: 6298K(6464K)->6298K(6464K) NonClass: 5765K(5824K)->5765K(5824K) Class: 533K(640K)->533K(640K)
[3.252s][info][gc             ] GC(96) Pause Young (Allocation Failure) 486M->486M(534M) 19.963ms
[3.252s][info][gc,cpu         ] GC(96) User=0.09s Sys=0.00s Real=0.02s
[3.258s][info][gc,start       ] GC(97) Pause Young (Allocation Failure)
[3.271s][info][gc,heap        ] GC(97) PSYoungGen: 19008K(36864K)->11360K(32768K) Eden: 5632K(5632K)->0K(6656K) From: 13376K(31232K)->11360K(26112K)
[3.271s][info][gc,heap        ] GC(97) ParOldGen: 485179K(509952K)->492923K(509952K)
[3.271s][info][gc,metaspace   ] GC(97) Metaspace: 6298K(6464K)->6298K(6464K) NonClass: 5765K(5824K)->5765K(5824K) Class: 533K(640K)->533K(640K)
[3.271s][info][gc             ] GC(97) Pause Young (Allocation Failure) 492M->492M(530M) 12.580ms
[3.271s][info][gc,cpu         ] GC(97) User=0.02s Sys=0.00s Real=0.01s
[3.279s][info][gc,start       ] GC(98) Pause Young (Allocation Failure)
[3.292s][info][gc,heap        ] GC(98) PSYoungGen: 18016K(32768K)->6784K(34816K) Eden: 6656K(6656K)->0K(6656K) From: 11360K(26112K)->6784K(28160K)
[3.292s][info][gc,heap        ] GC(98) ParOldGen: 492923K(509952K)->504331K(509952K)
[3.292s][info][gc,metaspace   ] GC(98) Metaspace: 6298K(6464K)->6298K(6464K) NonClass: 5765K(5824K)->5765K(5824K) Class: 533K(640K)->533K(640K)
[3.292s][info][gc             ] GC(98) Pause Young (Allocation Failure) 498M->499M(532M) 12.878ms
[3.292s][info][gc,cpu         ] GC(98) User=0.02s Sys=0.00s Real=0.01s
[3.292s][info][gc,start       ] GC(99) Pause Full (Ergonomics)
[3.292s][info][gc,phases,start] GC(99) Marking Phase
[3.417s][info][gc,phases      ] GC(99) Marking Phase 125.433ms
[3.417s][info][gc,phases,start] GC(99) Summary Phase
[3.417s][info][gc,phases      ] GC(99) Summary Phase 0.041ms
[3.417s][info][gc,phases,start] GC(99) Adjust Roots
[3.418s][info][gc,phases      ] GC(99) Adjust Roots 0.303ms
[3.418s][info][gc,phases,start] GC(99) Compaction Phase
[3.466s][info][gc,phases      ] GC(99) Compaction Phase 48.243ms
[3.466s][info][gc,phases,start] GC(99) Post Compact
[3.469s][info][gc,phases      ] GC(99) Post Compact 2.535ms
[3.469s][info][gc,heap        ] GC(99) PSYoungGen: 6784K(34816K)->518K(34816K) Eden: 0K(6656K)->0K(6656K) From: 6784K(28160K)->518K(28160K)
[3.469s][info][gc,heap        ] GC(99) ParOldGen: 504331K(509952K)->509609K(568320K)
[3.469s][info][gc,metaspace   ] GC(99) Metaspace: 6298K(6464K)->6298K(6464K) NonClass: 5765K(5824K)->5765K(5824K) Class: 533K(640K)->533K(640K)
[3.469s][info][gc             ] GC(99) Pause Full (Ergonomics) 499M->498M(589M) 177.183ms
[3.469s][info][gc,cpu         ] GC(99) User=0.91s Sys=0.00s Real=0.18s
[3.477s][info][gc,start       ] GC(100) Pause Young (Allocation Failure)
[3.505s][info][gc,heap        ] GC(100) PSYoungGen: 7174K(34816K)->6752K(33280K) Eden: 6656K(6656K)->0K(7680K) From: 518K(28160K)->6752K(25600K)
[3.505s][info][gc,heap        ] GC(100) ParOldGen: 509609K(568320K)->510161K(568320K)
[3.505s][info][gc,metaspace   ] GC(100) Metaspace: 6298K(6464K)->6298K(6464K) NonClass: 5765K(5824K)->5765K(5824K) Class: 533K(640K)->533K(640K)
[3.505s][info][gc             ] GC(100) Pause Young (Allocation Failure) 504M->504M(587M) 28.418ms
[3.505s][info][gc,cpu         ] GC(100) User=0.12s Sys=0.00s Real=0.03s
[3.516s][info][gc,start       ] GC(101) Pause Young (Allocation Failure)
[3.526s][info][gc,heap        ] GC(101) PSYoungGen: 14432K(33280K)->7808K(34304K) Eden: 7680K(7680K)->0K(7680K) From: 6752K(25600K)->7808K(26624K)
[3.526s][info][gc,heap        ] GC(101) ParOldGen: 510161K(568320K)->516913K(568320K)
[3.526s][info][gc,metaspace   ] GC(101) Metaspace: 6298K(6464K)->6298K(6464K) NonClass: 5765K(5824K)->5765K(5824K) Class: 533K(640K)->533K(640K)
[3.526s][info][gc             ] GC(101) Pause Young (Allocation Failure) 512M->512M(588M) 10.155ms
[3.526s][info][gc,cpu         ] GC(101) User=0.00s Sys=0.00s Real=0.01s
[3.536s][info][gc,start       ] GC(102) Pause Young (Allocation Failure)
[3.546s][info][gc,heap        ] GC(102) PSYoungGen: 15488K(34304K)->7776K(32256K) Eden: 7680K(7680K)->0K(8704K) From: 7808K(26624K)->7776K(23552K)
[3.546s][info][gc,heap        ] GC(102) ParOldGen: 516913K(568320K)->524705K(568320K)
[3.546s][info][gc,metaspace   ] GC(102) Metaspace: 6298K(6464K)->6298K(6464K) NonClass: 5765K(5824K)->5765K(5824K) Class: 533K(640K)->533K(640K)
[3.546s][info][gc             ] GC(102) Pause Young (Allocation Failure) 519M->520M(586M) 10.209ms
[3.546s][info][gc,cpu         ] GC(102) User=0.02s Sys=0.00s Real=0.01s
[3.556s][info][gc,start       ] GC(103) Pause Young (Allocation Failure)
[3.567s][info][gc,heap        ] GC(103) PSYoungGen: 16480K(32256K)->8832K(33280K) Eden: 8704K(8704K)->0K(8704K) From: 7776K(23552K)->8832K(24576K)
[3.567s][info][gc,heap        ] GC(103) ParOldGen: 524705K(568320K)->532505K(568320K)
[3.567s][info][gc,metaspace   ] GC(103) Metaspace: 6298K(6464K)->6298K(6464K) NonClass: 5765K(5824K)->5765K(5824K) Class: 533K(640K)->533K(640K)
[3.567s][info][gc             ] GC(103) Pause Young (Allocation Failure) 528M->528M(587M) 10.908ms
[3.567s][info][gc,cpu         ] GC(103) User=0.02s Sys=0.00s Real=0.01s
[3.576s][info][gc,start       ] GC(104) Pause Young (Allocation Failure)
[3.588s][info][gc,heap        ] GC(104) PSYoungGen: 17536K(33280K)->8800K(31232K) Eden: 8704K(8704K)->0K(9728K) From: 8832K(24576K)->8800K(21504K)
[3.588s][info][gc,heap        ] GC(104) ParOldGen: 532505K(568320K)->541337K(568320K)
[3.588s][info][gc,metaspace   ] GC(104) Metaspace: 6298K(6464K)->6298K(6464K) NonClass: 5765K(5824K)->5765K(5824K) Class: 533K(640K)->533K(640K)
[3.588s][info][gc             ] GC(104) Pause Young (Allocation Failure) 537M->537M(585M) 11.626ms
[3.588s][info][gc,cpu         ] GC(104) User=0.00s Sys=0.00s Real=0.01s
[3.599s][info][gc,start       ] GC(105) Pause Young (Allocation Failure)
[3.611s][info][gc,heap        ] GC(105) PSYoungGen: 18528K(31232K)->9856K(32256K) Eden: 9728K(9728K)->0K(9728K) From: 8800K(21504K)->9856K(22528K)
[3.611s][info][gc,heap        ] GC(105) ParOldGen: 541337K(568320K)->550169K(568320K)
[3.611s][info][gc,metaspace   ] GC(105) Metaspace: 6298K(6464K)->6298K(6464K) NonClass: 5765K(5824K)->5765K(5824K) Class: 533K(640K)->533K(640K)
[3.611s][info][gc             ] GC(105) Pause Young (Allocation Failure) 546M->546M(586M) 12.237ms
[3.611s][info][gc,cpu         ] GC(105) User=0.02s Sys=0.00s Real=0.01s
[3.622s][info][gc,start       ] GC(106) Pause Young (Allocation Failure)
[3.634s][info][gc,heap        ] GC(106) PSYoungGen: 19584K(32256K)->9888K(30208K) Eden: 9728K(9728K)->0K(11264K) From: 9856K(22528K)->9888K(18944K)
[3.634s][info][gc,heap        ] GC(106) ParOldGen: 550169K(568320K)->560033K(568320K)
[3.634s][info][gc,metaspace   ] GC(106) Metaspace: 6298K(6464K)->6298K(6464K) NonClass: 5765K(5824K)->5765K(5824K) Class: 533K(640K)->533K(640K)
[3.634s][info][gc             ] GC(106) Pause Young (Allocation Failure) 556M->556M(584M) 12.554ms
[3.634s][info][gc,cpu         ] GC(106) User=0.00s Sys=0.00s Real=0.01s
[3.634s][info][gc,start       ] GC(107) Pause Full (Ergonomics)
[3.634s][info][gc,phases,start] GC(107) Marking Phase
[3.755s][info][gc,phases      ] GC(107) Marking Phase 120.317ms
[3.755s][info][gc,phases,start] GC(107) Summary Phase
[3.755s][info][gc,phases      ] GC(107) Summary Phase 0.032ms
[3.755s][info][gc,phases,start] GC(107) Adjust Roots
[3.755s][info][gc,phases      ] GC(107) Adjust Roots 0.254ms
[3.755s][info][gc,phases,start] GC(107) Compaction Phase
[3.807s][info][gc,phases      ] GC(107) Compaction Phase 51.706ms
[3.807s][info][gc,phases,start] GC(107) Post Compact
[3.808s][info][gc,phases      ] GC(107) Post Compact 1.011ms
[3.808s][info][gc,heap        ] GC(107) PSYoungGen: 9888K(30208K)->528K(31232K) Eden: 0K(11264K)->0K(12288K) From: 9888K(18944K)->528K(18944K)
[3.808s][info][gc,heap        ] GC(107) ParOldGen: 560033K(568320K)->568256K(630272K)
[3.808s][info][gc,metaspace   ] GC(107) Metaspace: 6298K(6464K)->6298K(6464K) NonClass: 5765K(5824K)->5765K(5824K) Class: 533K(640K)->533K(640K)
[3.808s][info][gc             ] GC(107) Pause Full (Ergonomics) 556M->555M(646M) 173.957ms
[3.808s][info][gc,cpu         ] GC(107) User=1.23s Sys=0.00s Real=0.17s
[3.823s][info][gc,start       ] GC(108) Pause Young (Allocation Failure)
[3.855s][info][gc,heap        ] GC(108) PSYoungGen: 12816K(31232K)->12384K(32256K) Eden: 12288K(12288K)->0K(12288K) From: 528K(18944K)->12384K(19968K)
[3.855s][info][gc,heap        ] GC(108) ParOldGen: 568256K(630272K)->568824K(630272K)
[3.855s][info][gc,metaspace   ] GC(108) Metaspace: 6298K(6464K)->6298K(6464K) NonClass: 5765K(5824K)->5765K(5824K) Class: 533K(640K)->533K(640K)
[3.855s][info][gc             ] GC(108) Pause Young (Allocation Failure) 567M->567M(647M) 32.211ms
[3.855s][info][gc,cpu         ] GC(108) User=0.28s Sys=0.00s Real=0.03s
[3.869s][info][gc,start       ] GC(109) Pause Young (Allocation Failure)
[3.883s][info][gc,heap        ] GC(109) PSYoungGen: 24672K(32256K)->19968K(29184K) Eden: 12288K(12288K)->0K(9216K) From: 12384K(19968K)->19968K(19968K)
[3.883s][info][gc,heap        ] GC(109) ParOldGen: 568824K(630272K)->573504K(630272K)
[3.883s][info][gc,metaspace   ] GC(109) Metaspace: 6298K(6464K)->6298K(6464K) NonClass: 5765K(5824K)->5765K(5824K) Class: 533K(640K)->533K(640K)
[3.883s][info][gc             ] GC(109) Pause Young (Allocation Failure) 579M->579M(644M) 14.389ms
[3.883s][info][gc,cpu         ] GC(109) User=0.02s Sys=0.00s Real=0.01s
[3.894s][info][gc,start       ] GC(110) Pause Young (Allocation Failure)
[3.910s][info][gc,heap        ] GC(110) PSYoungGen: 29184K(29184K)->9280K(33792K) Eden: 9216K(9216K)->0K(9216K) From: 19968K(19968K)->9280K(24576K)
[3.910s][info][gc,heap        ] GC(110) ParOldGen: 573504K(630272K)->593760K(630272K)
[3.910s][info][gc,metaspace   ] GC(110) Metaspace: 6298K(6464K)->6298K(6464K) NonClass: 5765K(5824K)->5765K(5824K) Class: 533K(640K)->533K(640K)
[3.910s][info][gc             ] GC(110) Pause Young (Allocation Failure) 588M->588M(648M) 16.353ms
[3.910s][info][gc,cpu         ] GC(110) User=0.03s Sys=0.00s Real=0.02s
[3.921s][info][gc,start       ] GC(111) Pause Young (Allocation Failure)
[3.934s][info][gc,heap        ] GC(111) PSYoungGen: 18496K(33792K)->9344K(31744K) Eden: 9216K(9216K)->0K(10240K) From: 9280K(24576K)->9344K(21504K)
[3.934s][info][gc,heap        ] GC(111) ParOldGen: 593760K(630272K)->603096K(630272K)
[3.934s][info][gc,metaspace   ] GC(111) Metaspace: 6298K(6464K)->6298K(6464K) NonClass: 5765K(5824K)->5765K(5824K) Class: 533K(640K)->533K(640K)
[3.934s][info][gc             ] GC(111) Pause Young (Allocation Failure) 597M->598M(646M) 12.917ms
[3.934s][info][gc,cpu         ] GC(111) User=0.00s Sys=0.00s Real=0.01s
[3.946s][info][gc,start       ] GC(112) Pause Young (Allocation Failure)
[3.958s][info][gc,heap        ] GC(112) PSYoungGen: 19584K(31744K)->10304K(32768K) Eden: 10240K(10240K)->0K(10240K) From: 9344K(21504K)->10304K(22528K)
[3.958s][info][gc,heap        ] GC(112) ParOldGen: 603096K(630272K)->612440K(630272K)
[3.958s][info][gc,metaspace   ] GC(112) Metaspace: 6298K(6464K)->6298K(6464K) NonClass: 5765K(5824K)->5765K(5824K) Class: 533K(640K)->533K(640K)
[3.958s][info][gc             ] GC(112) Pause Young (Allocation Failure) 608M->608M(647M) 12.258ms
[3.958s][info][gc,cpu         ] GC(112) User=0.02s Sys=0.00s Real=0.01s
[3.958s][info][gc,start       ] GC(113) Pause Full (Ergonomics)
[3.958s][info][gc,phases,start] GC(113) Marking Phase
[4.090s][info][gc,phases      ] GC(113) Marking Phase 132.199ms
[4.090s][info][gc,phases,start] GC(113) Summary Phase
[4.091s][info][gc,phases      ] GC(113) Summary Phase 0.077ms
[4.091s][info][gc,phases,start] GC(113) Adjust Roots
[4.091s][info][gc,phases      ] GC(113) Adjust Roots 0.341ms
[4.091s][info][gc,phases,start] GC(113) Compaction Phase
[4.141s][info][gc,phases      ] GC(113) Compaction Phase 50.022ms
[4.141s][info][gc,phases,start] GC(113) Post Compact
[4.142s][info][gc,phases      ] GC(113) Post Compact 1.433ms
[4.143s][info][gc,heap        ] GC(113) PSYoungGen: 10304K(32768K)->0K(33280K) Eden: 0K(10240K)->0K(11264K) From: 10304K(22528K)->0K(22016K)
[4.143s][info][gc,heap        ] GC(113) ParOldGen: 612440K(630272K)->621872K(692224K)
[4.143s][info][gc,metaspace   ] GC(113) Metaspace: 6298K(6464K)->6298K(6464K) NonClass: 5765K(5824K)->5765K(5824K) Class: 533K(640K)->533K(640K)
[4.143s][info][gc             ] GC(113) Pause Full (Ergonomics) 608M->607M(708M) 184.768ms
[4.143s][info][gc,cpu         ] GC(113) User=1.31s Sys=0.00s Real=0.19s
[4.157s][info][gc,start       ] GC(114) Pause Young (Allocation Failure)
[4.166s][info][gc,heap        ] GC(114) PSYoungGen: 11264K(33280K)->11392K(33280K) Eden: 11264K(11264K)->0K(11264K) From: 0K(22016K)->11392K(22016K)
[4.166s][info][gc,heap        ] GC(114) ParOldGen: 621872K(692224K)->621872K(692224K)
[4.166s][info][gc,metaspace   ] GC(114) Metaspace: 6298K(6464K)->6298K(6464K) NonClass: 5765K(5824K)->5765K(5824K) Class: 533K(640K)->533K(640K)
[4.166s][info][gc             ] GC(114) Pause Young (Allocation Failure) 618M->618M(708M) 8.995ms
[4.166s][info][gc,cpu         ] GC(114) User=0.00s Sys=0.00s Real=0.01s
[4.179s][info][gc,start       ] GC(115) Pause Young (Allocation Failure)
[4.193s][info][gc,heap        ] GC(115) PSYoungGen: 22656K(33280K)->20992K(30720K) Eden: 11264K(11264K)->0K(9728K) From: 11392K(22016K)->20992K(20992K)
[4.193s][info][gc,heap        ] GC(115) ParOldGen: 621872K(692224K)->623456K(692224K)
[4.193s][info][gc,metaspace   ] GC(115) Metaspace: 6298K(6464K)->6298K(6464K) NonClass: 5765K(5824K)->5765K(5824K) Class: 533K(640K)->533K(640K)
[4.193s][info][gc             ] GC(115) Pause Young (Allocation Failure) 629M->629M(706M) 13.618ms
[4.193s][info][gc,cpu         ] GC(115) User=0.02s Sys=0.00s Real=0.01s
[4.205s][info][gc,start       ] GC(116) Pause Young (Allocation Failure)
[4.222s][info][gc,heap        ] GC(116) PSYoungGen: 30720K(30720K)->9888K(33792K) Eden: 9728K(9728K)->0K(9728K) From: 20992K(20992K)->9888K(24064K)
[4.222s][info][gc,heap        ] GC(116) ParOldGen: 623456K(692224K)->644736K(692224K)
[4.222s][info][gc,metaspace   ] GC(116) Metaspace: 6298K(6464K)->6298K(6464K) NonClass: 5765K(5824K)->5765K(5824K) Class: 533K(640K)->533K(640K)
[4.222s][info][gc             ] GC(116) Pause Young (Allocation Failure) 638M->639M(709M) 17.333ms
[4.222s][info][gc,cpu         ] GC(116) User=0.06s Sys=0.00s Real=0.02s
[4.233s][info][gc,start       ] GC(117) Pause Young (Allocation Failure)
[4.244s][info][gc,heap        ] GC(117) PSYoungGen: 19616K(33792K)->19584K(32768K) Eden: 9728K(9728K)->0K(9216K) From: 9888K(24064K)->19584K(23552K)
[4.244s][info][gc,heap        ] GC(117) ParOldGen: 644736K(692224K)->644736K(692224K)
[4.244s][info][gc,metaspace   ] GC(117) Metaspace: 6298K(6464K)->6298K(6464K) NonClass: 5765K(5824K)->5765K(5824K) Class: 533K(640K)->533K(640K)
[4.244s][info][gc             ] GC(117) Pause Young (Allocation Failure) 648M->648M(708M) 11.667ms
[4.244s][info][gc,cpu         ] GC(117) User=0.00s Sys=0.00s Real=0.01s
[4.255s][info][gc,start       ] GC(118) Pause Young (Allocation Failure)
[4.271s][info][gc,heap        ] GC(118) PSYoungGen: 28800K(32768K)->25088K(34304K) Eden: 9216K(9216K)->0K(9216K) From: 19584K(23552K)->25088K(25088K)
[4.271s][info][gc,heap        ] GC(118) ParOldGen: 644736K(692224K)->648360K(692224K)
[4.271s][info][gc,metaspace   ] GC(118) Metaspace: 6298K(6464K)->6298K(6464K) NonClass: 5765K(5824K)->5765K(5824K) Class: 533K(640K)->533K(640K)
[4.271s][info][gc             ] GC(118) Pause Young (Allocation Failure) 657M->657M(709M) 15.827ms
[4.271s][info][gc,cpu         ] GC(118) User=0.02s Sys=0.00s Real=0.02s
[4.283s][info][gc,start       ] GC(119) Pause Young (Allocation Failure)
[4.301s][info][gc,heap        ] GC(119) PSYoungGen: 34304K(34304K)->17728K(39936K) Eden: 9216K(9216K)->0K(10240K) From: 25088K(25088K)->17728K(29696K)
[4.301s][info][gc,heap        ] GC(119) ParOldGen: 648360K(692224K)->665296K(692224K)
[4.301s][info][gc,metaspace   ] GC(119) Metaspace: 6298K(6464K)->6298K(6464K) NonClass: 5765K(5824K)->5765K(5824K) Class: 533K(640K)->533K(640K)
[4.301s][info][gc             ] GC(119) Pause Young (Allocation Failure) 666M->667M(715M) 18.208ms
[4.301s][info][gc,cpu         ] GC(119) User=0.09s Sys=0.03s Real=0.02s
[4.314s][info][gc,start       ] GC(120) Pause Young (Allocation Failure)
[4.330s][info][gc,heap        ] GC(120) PSYoungGen: 27968K(39936K)->19552K(39936K) Eden: 10240K(10240K)->0K(10240K) From: 17728K(29696K)->19552K(29696K)
[4.330s][info][gc,heap        ] GC(120) ParOldGen: 665296K(692224K)->673800K(692224K)
[4.330s][info][gc,metaspace   ] GC(120) Metaspace: 6298K(6464K)->6298K(6464K) NonClass: 5765K(5824K)->5765K(5824K) Class: 533K(640K)->533K(640K)
[4.330s][info][gc             ] GC(120) Pause Young (Allocation Failure) 677M->677M(715M) 16.197ms
[4.330s][info][gc,cpu         ] GC(120) User=0.02s Sys=0.00s Real=0.02s
[4.330s][info][gc,start       ] GC(121) Pause Full (Ergonomics)
[4.330s][info][gc,phases,start] GC(121) Marking Phase
[4.486s][info][gc,phases      ] GC(121) Marking Phase 155.271ms
[4.486s][info][gc,phases,start] GC(121) Summary Phase
[4.486s][info][gc,phases      ] GC(121) Summary Phase 0.054ms
[4.486s][info][gc,phases,start] GC(121) Adjust Roots
[4.486s][info][gc,phases      ] GC(121) Adjust Roots 0.297ms
[4.486s][info][gc,phases,start] GC(121) Compaction Phase
[4.544s][info][gc,phases      ] GC(121) Compaction Phase 58.343ms
[4.544s][info][gc,phases,start] GC(121) Post Compact
[4.546s][info][gc,phases      ] GC(121) Post Compact 1.836ms
[4.547s][info][gc,heap        ] GC(121) PSYoungGen: 19552K(39936K)->488K(39936K) Eden: 0K(10240K)->0K(10240K) From: 19552K(29696K)->488K(29696K)
[4.547s][info][gc,heap        ] GC(121) ParOldGen: 673800K(692224K)->691827K(771072K)
[4.547s][info][gc,metaspace   ] GC(121) Metaspace: 6298K(6464K)->6298K(6464K) NonClass: 5765K(5824K)->5765K(5824K) Class: 533K(640K)->533K(640K)
[4.547s][info][gc             ] GC(121) Pause Full (Ergonomics) 677M->676M(792M) 216.624ms
[4.547s][info][gc,cpu         ] GC(121) User=1.39s Sys=0.02s Real=0.22s
[4.560s][info][gc,start       ] GC(122) Pause Young (Allocation Failure)
[4.598s][info][gc,heap        ] GC(122) PSYoungGen: 10728K(39936K)->10560K(39424K) Eden: 10240K(10240K)->0K(11264K) From: 488K(29696K)->10560K(28160K)
[4.598s][info][gc,heap        ] GC(122) ParOldGen: 691827K(771072K)->692155K(771072K)
[4.598s][info][gc,metaspace   ] GC(122) Metaspace: 6298K(6464K)->6298K(6464K) NonClass: 5765K(5824K)->5765K(5824K) Class: 533K(640K)->533K(640K)
[4.598s][info][gc             ] GC(122) Pause Young (Allocation Failure) 686M->686M(791M) 38.382ms
[4.598s][info][gc,cpu         ] GC(122) User=0.12s Sys=0.00s Real=0.04s
[4.721s][info][gc,start       ] GC(123) Pause Young (Allocation Failure)
[4.751s][info][gc,heap        ] GC(123) PSYoungGen: 21824K(39424K)->21824K(40448K) Eden: 11264K(11264K)->0K(11264K) From: 10560K(28160K)->21824K(29184K)
[4.751s][info][gc,heap        ] GC(123) ParOldGen: 724923K(771072K)->724923K(771072K)
[4.751s][info][gc,metaspace   ] GC(123) Metaspace: 6298K(6464K)->6298K(6464K) NonClass: 5765K(5824K)->5765K(5824K) Class: 533K(640K)->533K(640K)
[4.751s][info][gc             ] GC(123) Pause Young (Allocation Failure) 729M->729M(792M) 29.933ms
[4.751s][info][gc,cpu         ] GC(123) User=0.14s Sys=0.00s Real=0.03s
[4.763s][info][gc,start       ] GC(124) Pause Young (Allocation Failure)
[4.783s][info][gc,heap        ] GC(124) PSYoungGen: 33088K(40448K)->30208K(37888K) Eden: 11264K(11264K)->0K(7680K) From: 21824K(29184K)->30208K(30208K)
[4.783s][info][gc,heap        ] GC(124) ParOldGen: 724923K(771072K)->727731K(771072K)
[4.783s][info][gc,metaspace   ] GC(124) Metaspace: 6298K(6464K)->6298K(6464K) NonClass: 5765K(5824K)->5765K(5824K) Class: 533K(640K)->533K(640K)
[4.783s][info][gc             ] GC(124) Pause Young (Allocation Failure) 740M->740M(790M) 20.394ms
[4.783s][info][gc,cpu         ] GC(124) User=0.00s Sys=0.00s Real=0.02s
[4.791s][info][gc,start       ] GC(125) Pause Young (Allocation Failure)
[4.812s][info][gc,heap        ] GC(125) PSYoungGen: 37888K(37888K)->28096K(43008K) Eden: 7680K(7680K)->0K(7680K) From: 30208K(30208K)->28096K(35328K)
[4.812s][info][gc,heap        ] GC(125) ParOldGen: 727731K(771072K)->737803K(771072K)
[4.812s][info][gc,metaspace   ] GC(125) Metaspace: 6298K(6464K)->6298K(6464K) NonClass: 5765K(5824K)->5765K(5824K) Class: 533K(640K)->533K(640K)
[4.812s][info][gc             ] GC(125) Pause Young (Allocation Failure) 747M->747M(795M) 21.213ms
[4.812s][info][gc,cpu         ] GC(125) User=0.06s Sys=0.00s Real=0.02s
[4.820s][info][gc,start       ] GC(126) Pause Young (Allocation Failure)
[4.840s][info][gc,heap        ] GC(126) PSYoungGen: 35776K(43008K)->25440K(45056K) Eden: 7680K(7680K)->0K(7680K) From: 28096K(35328K)->25440K(37376K)
[4.840s][info][gc,heap        ] GC(126) ParOldGen: 737803K(771072K)->748323K(771072K)
[4.840s][info][gc,metaspace   ] GC(126) Metaspace: 6298K(6464K)->6298K(6464K) NonClass: 5765K(5824K)->5765K(5824K) Class: 533K(640K)->533K(640K)
[4.840s][info][gc             ] GC(126) Pause Young (Allocation Failure) 755M->755M(797M) 20.420ms
[4.840s][info][gc,cpu         ] GC(126) User=0.08s Sys=0.00s Real=0.02s
[4.848s][info][gc,start       ] GC(127) Pause Young (Allocation Failure)
[4.867s][info][gc,heap        ] GC(127) PSYoungGen: 33120K(45056K)->23136K(46080K) Eden: 7680K(7680K)->0K(7680K) From: 25440K(37376K)->23136K(38400K)
[4.867s][info][gc,heap        ] GC(127) ParOldGen: 748323K(771072K)->758411K(771072K)
[4.867s][info][gc,metaspace   ] GC(127) Metaspace: 6298K(6464K)->6298K(6464K) NonClass: 5765K(5824K)->5765K(5824K) Class: 533K(640K)->533K(640K)
[4.867s][info][gc             ] GC(127) Pause Young (Allocation Failure) 763M->763M(798M) 18.988ms
[4.867s][info][gc,cpu         ] GC(127) User=0.03s Sys=0.00s Real=0.02s
[4.867s][info][gc,start       ] GC(128) Pause Full (Ergonomics)
[4.867s][info][gc,phases,start] GC(128) Marking Phase
[5.038s][info][gc,phases      ] GC(128) Marking Phase 170.611ms
[5.038s][info][gc,phases,start] GC(128) Summary Phase
[5.038s][info][gc,phases      ] GC(128) Summary Phase 0.047ms
[5.038s][info][gc,phases,start] GC(128) Adjust Roots
[5.038s][info][gc,phases      ] GC(128) Adjust Roots 0.285ms
[5.038s][info][gc,phases,start] GC(128) Compaction Phase
[5.163s][info][gc,phases      ] GC(128) Compaction Phase 124.930ms
[5.163s][info][gc,phases,start] GC(128) Post Compact
[5.165s][info][gc,phases      ] GC(128) Post Compact 1.471ms
[5.165s][info][gc,heap        ] GC(128) PSYoungGen: 23136K(46080K)->0K(46592K) Eden: 0K(7680K)->0K(8704K) From: 23136K(38400K)->0K(37888K)
[5.165s][info][gc,heap        ] GC(128) ParOldGen: 758411K(771072K)->764325K(848384K)
[5.165s][info][gc,metaspace   ] GC(128) Metaspace: 6298K(6464K)->6298K(6464K) NonClass: 5765K(5824K)->5765K(5824K) Class: 533K(640K)->533K(640K)
[5.165s][info][gc             ] GC(128) Pause Full (Ergonomics) 763M->746M(874M) 298.032ms
[5.165s][info][gc,cpu         ] GC(128) User=1.97s Sys=0.02s Real=0.30s
[5.176s][info][gc,start       ] GC(129) Pause Young (Allocation Failure)
[5.187s][info][gc,heap        ] GC(129) PSYoungGen: 8704K(46592K)->8768K(46592K) Eden: 8704K(8704K)->0K(8704K) From: 0K(37888K)->8768K(37888K)
[5.187s][info][gc,heap        ] GC(129) ParOldGen: 764325K(848384K)->764325K(848384K)
[5.187s][info][gc,metaspace   ] GC(129) Metaspace: 6298K(6464K)->6298K(6464K) NonClass: 5765K(5824K)->5765K(5824K) Class: 533K(640K)->533K(640K)
[5.187s][info][gc             ] GC(129) Pause Young (Allocation Failure) 754M->754M(874M) 11.177ms
[5.187s][info][gc,cpu         ] GC(129) User=0.02s Sys=0.00s Real=0.01s
[5.196s][info][gc,start       ] GC(130) Pause Young (Allocation Failure)
[5.209s][info][gc,heap        ] GC(130) PSYoungGen: 17472K(46592K)->17536K(44544K) Eden: 8704K(8704K)->0K(9728K) From: 8768K(37888K)->17536K(34816K)
[5.209s][info][gc,heap        ] GC(130) ParOldGen: 764325K(848384K)->764325K(848384K)
[5.209s][info][gc,metaspace   ] GC(130) Metaspace: 6298K(6464K)->6298K(6464K) NonClass: 5765K(5824K)->5765K(5824K) Class: 533K(640K)->533K(640K)
[5.209s][info][gc             ] GC(130) Pause Young (Allocation Failure) 763M->763M(872M) 12.858ms
[5.209s][info][gc,cpu         ] GC(130) User=0.02s Sys=0.00s Real=0.01s
[5.219s][info][gc,start       ] GC(131) Pause Young (Allocation Failure)
[5.236s][info][gc,heap        ] GC(131) PSYoungGen: 27264K(44544K)->27200K(46080K) Eden: 9728K(9728K)->0K(9728K) From: 17536K(34816K)->27200K(36352K)
[5.236s][info][gc,heap        ] GC(131) ParOldGen: 764325K(848384K)->764325K(848384K)
[5.236s][info][gc,metaspace   ] GC(131) Metaspace: 6298K(6464K)->6298K(6464K) NonClass: 5765K(5824K)->5765K(5824K) Class: 533K(640K)->533K(640K)
[5.236s][info][gc             ] GC(131) Pause Young (Allocation Failure) 773M->772M(873M) 16.660ms
[5.236s][info][gc,cpu         ] GC(131) User=0.03s Sys=0.00s Real=0.02s
[5.245s][info][gc,start       ] GC(132) Pause Young (Allocation Failure)
[5.265s][info][gc,heap        ] GC(132) PSYoungGen: 36928K(46080K)->28224K(47616K) Eden: 9728K(9728K)->0K(9728K) From: 27200K(36352K)->28224K(37888K)
[5.265s][info][gc,heap        ] GC(132) ParOldGen: 764325K(848384K)->773149K(848384K)
[5.265s][info][gc,metaspace   ] GC(132) Metaspace: 6298K(6464K)->6298K(6464K) NonClass: 5765K(5824K)->5765K(5824K) Class: 533K(640K)->533K(640K)
[5.265s][info][gc             ] GC(132) Pause Young (Allocation Failure) 782M->782M(875M) 19.382ms
[5.265s][info][gc,cpu         ] GC(132) User=0.02s Sys=0.00s Real=0.02s
[5.275s][info][gc,start       ] GC(133) Pause Young (Allocation Failure)
[5.295s][info][gc,heap        ] GC(133) PSYoungGen: 37952K(47616K)->29216K(49152K) Eden: 9728K(9728K)->0K(9728K) From: 28224K(37888K)->29216K(39424K)
[5.295s][info][gc,heap        ] GC(133) ParOldGen: 773149K(848384K)->781973K(848384K)
[5.295s][info][gc,metaspace   ] GC(133) Metaspace: 6298K(6464K)->6298K(6464K) NonClass: 5765K(5824K)->5765K(5824K) Class: 533K(640K)->533K(640K)
[5.295s][info][gc             ] GC(133) Pause Young (Allocation Failure) 792M->792M(876M) 20.638ms
[5.295s][info][gc,cpu         ] GC(133) User=0.05s Sys=0.00s Real=0.02s
[5.306s][info][gc,start       ] GC(134) Pause Young (Allocation Failure)
[5.326s][info][gc,heap        ] GC(134) PSYoungGen: 38944K(49152K)->19584K(48128K) Eden: 9728K(9728K)->0K(11264K) From: 29216K(39424K)->19584K(36864K)
[5.326s][info][gc,heap        ] GC(134) ParOldGen: 781973K(848384K)->801645K(848384K)
[5.326s][info][gc,metaspace   ] GC(134) Metaspace: 6298K(6464K)->6298K(6464K) NonClass: 5765K(5824K)->5765K(5824K) Class: 533K(640K)->533K(640K)
[5.327s][info][gc             ] GC(134) Pause Young (Allocation Failure) 801M->801M(875M) 20.817ms
[5.327s][info][gc,cpu         ] GC(134) User=0.06s Sys=0.02s Real=0.02s
[5.338s][info][gc,start       ] GC(135) Pause Young (Allocation Failure)
[5.356s][info][gc,heap        ] GC(135) PSYoungGen: 30848K(48128K)->11392K(50176K) Eden: 11264K(11264K)->0K(11264K) From: 19584K(36864K)->11392K(38912K)
[5.356s][info][gc,heap        ] GC(135) ParOldGen: 801645K(848384K)->821333K(848384K)
[5.356s][info][gc,metaspace   ] GC(135) Metaspace: 6298K(6464K)->6298K(6464K) NonClass: 5765K(5824K)->5765K(5824K) Class: 533K(640K)->533K(640K)
[5.356s][info][gc             ] GC(135) Pause Young (Allocation Failure) 812M->813M(877M) 18.183ms
[5.356s][info][gc,cpu         ] GC(135) User=0.02s Sys=0.00s Real=0.02s
[5.368s][info][gc,start       ] GC(136) Pause Young (Allocation Failure)
[5.384s][info][gc,heap        ] GC(136) PSYoungGen: 22656K(50176K)->11360K(50176K) Eden: 11264K(11264K)->0K(12800K) From: 11392K(38912K)->11360K(37376K)
[5.384s][info][gc,heap        ] GC(136) ParOldGen: 821333K(848384K)->832749K(848384K)
[5.384s][info][gc,metaspace   ] GC(136) Metaspace: 6298K(6464K)->6298K(6464K) NonClass: 5765K(5824K)->5765K(5824K) Class: 533K(640K)->533K(640K)
[5.384s][info][gc             ] GC(136) Pause Young (Allocation Failure) 824M->824M(877M) 15.908ms
[5.384s][info][gc,cpu         ] GC(136) User=0.02s Sys=0.00s Real=0.02s
[5.384s][info][gc,start       ] GC(137) Pause Full (Ergonomics)
[5.384s][info][gc,phases,start] GC(137) Marking Phase
[5.574s][info][gc,phases      ] GC(137) Marking Phase 190.013ms
[5.575s][info][gc,phases,start] GC(137) Summary Phase
[5.575s][info][gc,phases      ] GC(137) Summary Phase 0.046ms
[5.575s][info][gc,phases,start] GC(137) Adjust Roots
[5.575s][info][gc,phases      ] GC(137) Adjust Roots 0.308ms
[5.575s][info][gc,phases,start] GC(137) Compaction Phase
[5.663s][info][gc,phases      ] GC(137) Compaction Phase 87.721ms
[5.663s][info][gc,phases,start] GC(137) Post Compact
[5.664s][info][gc,phases      ] GC(137) Post Compact 1.490ms
[5.665s][info][gc,heap        ] GC(137) PSYoungGen: 11360K(50176K)->0K(51200K) Eden: 0K(12800K)->0K(12800K) From: 11360K(37376K)->0K(38400K)
[5.665s][info][gc,heap        ] GC(137) ParOldGen: 832749K(848384K)->842907K(938496K)
[5.665s][info][gc,metaspace   ] GC(137) Metaspace: 6298K(6464K)->6298K(6464K) NonClass: 5765K(5824K)->5765K(5824K) Class: 533K(640K)->533K(640K)
[5.665s][info][gc             ] GC(137) Pause Full (Ergonomics) 824M->823M(966M) 280.456ms
[5.665s][info][gc,cpu         ] GC(137) User=1.86s Sys=0.02s Real=0.28s
[5.679s][info][gc,start       ] GC(138) Pause Young (Allocation Failure)
[5.691s][info][gc,heap        ] GC(138) PSYoungGen: 12800K(51200K)->12896K(50688K) Eden: 12800K(12800K)->0K(14336K) From: 0K(38400K)->12896K(36352K)
[5.691s][info][gc,heap        ] GC(138) ParOldGen: 842907K(938496K)->842907K(938496K)
[5.691s][info][gc,metaspace   ] GC(138) Metaspace: 6298K(6464K)->6298K(6464K) NonClass: 5765K(5824K)->5765K(5824K) Class: 533K(640K)->533K(640K)
[5.691s][info][gc             ] GC(138) Pause Young (Allocation Failure) 835M->835M(966M) 11.676ms
[5.691s][info][gc,cpu         ] GC(138) User=0.02s Sys=0.00s Real=0.01s
[5.706s][info][gc,start       ] GC(139) Pause Young (Allocation Failure)
[5.723s][info][gc,heap        ] GC(139) PSYoungGen: 27232K(50688K)->27264K(51712K) Eden: 14336K(14336K)->0K(14336K) From: 12896K(36352K)->27264K(37376K)
[5.723s][info][gc,heap        ] GC(139) ParOldGen: 842907K(938496K)->842907K(938496K)
[5.723s][info][gc,metaspace   ] GC(139) Metaspace: 6298K(6464K)->6298K(6464K) NonClass: 5765K(5824K)->5765K(5824K) Class: 533K(640K)->533K(640K)
[5.723s][info][gc             ] GC(139) Pause Young (Allocation Failure) 849M->849M(967M) 17.239ms
[5.723s][info][gc,cpu         ] GC(139) User=0.02s Sys=0.00s Real=0.02s
[5.739s][info][gc,start       ] GC(140) Pause Young (Allocation Failure)
[5.761s][info][gc,heap        ] GC(140) PSYoungGen: 41600K(51712K)->38912K(48640K) Eden: 14336K(14336K)->0K(9728K) From: 27264K(37376K)->38912K(38912K)
[5.761s][info][gc,heap        ] GC(140) ParOldGen: 842907K(938496K)->845499K(938496K)
[5.761s][info][gc,metaspace   ] GC(140) Metaspace: 6298K(6464K)->6298K(6464K) NonClass: 5765K(5824K)->5765K(5824K) Class: 533K(640K)->533K(640K)
[5.761s][info][gc             ] GC(140) Pause Young (Allocation Failure) 863M->863M(964M) 22.108ms
[5.761s][info][gc,cpu         ] GC(140) User=0.03s Sys=0.03s Real=0.02s
[5.771s][info][gc,start       ] GC(141) Pause Young (Allocation Failure)
[5.796s][info][gc,heap        ] GC(141) PSYoungGen: 48640K(48640K)->23968K(54784K) Eden: 9728K(9728K)->0K(9728K) From: 38912K(38912K)->23968K(45056K)
[5.796s][info][gc,heap        ] GC(141) ParOldGen: 845499K(938496K)->870627K(938496K)
[5.796s][info][gc,metaspace   ] GC(141) Metaspace: 6298K(6464K)->6298K(6464K) NonClass: 5765K(5824K)->5765K(5824K) Class: 533K(640K)->533K(640K)
[5.796s][info][gc             ] GC(141) Pause Young (Allocation Failure) 873M->873M(970M) 25.571ms
[5.796s][info][gc,cpu         ] GC(141) User=0.12s Sys=0.02s Real=0.03s
[5.808s][info][gc,start       ] GC(142) Pause Young (Allocation Failure)
[5.827s][info][gc,heap        ] GC(142) PSYoungGen: 33696K(54784K)->19552K(51712K) Eden: 9728K(9728K)->0K(11264K) From: 23968K(45056K)->19552K(40448K)
[5.827s][info][gc,heap        ] GC(142) ParOldGen: 870627K(938496K)->884939K(938496K)
[5.827s][info][gc,metaspace   ] GC(142) Metaspace: 6298K(6464K)->6298K(6464K) NonClass: 5765K(5824K)->5765K(5824K) Class: 533K(640K)->533K(640K)
[5.827s][info][gc             ] GC(142) Pause Young (Allocation Failure) 883M->883M(967M) 19.044ms
[5.827s][info][gc,cpu         ] GC(142) User=0.09s Sys=0.00s Real=0.02s
[5.839s][info][gc,start       ] GC(143) Pause Young (Allocation Failure)
[5.857s][info][gc,heap        ] GC(143) PSYoungGen: 30816K(51712K)->21088K(32768K) Eden: 11264K(11264K)->0K(11264K) From: 19552K(40448K)->21088K(21504K)
[5.857s][info][gc,heap        ] GC(143) ParOldGen: 884939K(938496K)->894787K(938496K)
[5.857s][info][gc,metaspace   ] GC(143) Metaspace: 6298K(6464K)->6298K(6464K) NonClass: 5765K(5824K)->5765K(5824K) Class: 533K(640K)->533K(640K)
[5.857s][info][gc             ] GC(143) Pause Young (Allocation Failure) 894M->894M(948M) 18.097ms
[5.857s][info][gc,cpu         ] GC(143) User=0.11s Sys=0.00s Real=0.02s
[5.870s][info][gc,start       ] GC(144) Pause Young (Allocation Failure)
[5.888s][info][gc,heap        ] GC(144) PSYoungGen: 32352K(32768K)->22656K(49664K) Eden: 11264K(11264K)->0K(12800K) From: 21088K(21504K)->22656K(36864K)
[5.888s][info][gc,heap        ] GC(144) ParOldGen: 894787K(938496K)->904659K(938496K)
[5.888s][info][gc,metaspace   ] GC(144) Metaspace: 6298K(6464K)->6298K(6464K) NonClass: 5765K(5824K)->5765K(5824K) Class: 533K(640K)->533K(640K)
[5.888s][info][gc             ] GC(144) Pause Young (Allocation Failure) 905M->905M(965M) 18.653ms
[5.888s][info][gc,cpu         ] GC(144) User=0.02s Sys=0.00s Real=0.02s
[5.902s][info][gc,start       ] GC(145) Pause Young (Allocation Failure)
[5.923s][info][gc,heap        ] GC(145) PSYoungGen: 35456K(49664K)->24224K(51200K) Eden: 12800K(12800K)->0K(12800K) From: 22656K(36864K)->24224K(38400K)
[5.923s][info][gc,heap        ] GC(145) ParOldGen: 904659K(938496K)->916083K(938496K)
[5.923s][info][gc,metaspace   ] GC(145) Metaspace: 6298K(6464K)->6298K(6464K) NonClass: 5765K(5824K)->5765K(5824K) Class: 533K(640K)->533K(640K)
[5.923s][info][gc             ] GC(145) Pause Young (Allocation Failure) 918M->918M(966M) 20.814ms
[5.923s][info][gc,cpu         ] GC(145) User=0.02s Sys=0.00s Real=0.02s
[5.923s][info][gc,start       ] GC(146) Pause Full (Ergonomics)
[5.923s][info][gc,phases,start] GC(146) Marking Phase
[6.130s][info][gc,phases      ] GC(146) Marking Phase 206.862ms
[6.130s][info][gc,phases,start] GC(146) Summary Phase
[6.130s][info][gc,phases      ] GC(146) Summary Phase 0.033ms
[6.130s][info][gc,phases,start] GC(146) Adjust Roots
[6.130s][info][gc,phases      ] GC(146) Adjust Roots 0.211ms
[6.130s][info][gc,phases,start] GC(146) Compaction Phase
[6.226s][info][gc,phases      ] GC(146) Compaction Phase 95.773ms
[6.226s][info][gc,phases,start] GC(146) Post Compact
[6.228s][info][gc,phases      ] GC(146) Post Compact 1.580ms
[6.228s][info][gc,heap        ] GC(146) PSYoungGen: 24224K(51200K)->502K(51200K) Eden: 0K(12800K)->0K(12800K) From: 24224K(38400K)->502K(38400K)
[6.228s][info][gc,heap        ] GC(146) ParOldGen: 916083K(938496K)->938411K(1041408K)
[6.228s][info][gc,metaspace   ] GC(146) Metaspace: 6298K(6464K)->6298K(6464K) NonClass: 5765K(5824K)->5765K(5824K) Class: 533K(640K)->533K(640K)
[6.228s][info][gc             ] GC(146) Pause Full (Ergonomics) 918M->916M(1067M) 305.129ms
[6.228s][info][gc,cpu         ] GC(146) User=1.95s Sys=0.00s Real=0.30s
[6.245s][info][gc,start       ] GC(147) Pause Young (Allocation Failure)
[6.293s][info][gc,heap        ] GC(147) PSYoungGen: 13302K(51200K)->12896K(52224K) Eden: 12800K(12800K)->0K(14336K) From: 502K(38400K)->12896K(37888K)
[6.293s][info][gc,heap        ] GC(147) ParOldGen: 938411K(1041408K)->938963K(1041408K)
[6.293s][info][gc,metaspace   ] GC(147) Metaspace: 6298K(6464K)->6298K(6464K) NonClass: 5765K(5824K)->5765K(5824K) Class: 533K(640K)->533K(640K)
[6.293s][info][gc             ] GC(147) Pause Young (Allocation Failure) 929M->929M(1068M) 48.383ms
[6.293s][info][gc,cpu         ] GC(147) User=0.28s Sys=0.00s Real=0.05s
[6.309s][info][gc,start       ] GC(148) Pause Young (Allocation Failure)
[6.327s][info][gc,heap        ] GC(148) PSYoungGen: 27232K(52224K)->27296K(52224K) Eden: 14336K(14336K)->0K(14336K) From: 12896K(37888K)->27296K(37888K)
[6.327s][info][gc,heap        ] GC(148) ParOldGen: 938963K(1041408K)->938963K(1041408K)
[6.327s][info][gc,metaspace   ] GC(148) Metaspace: 6298K(6464K)->6298K(6464K) NonClass: 5765K(5824K)->5765K(5824K) Class: 533K(640K)->533K(640K)
[6.327s][info][gc             ] GC(148) Pause Young (Allocation Failure) 943M->943M(1068M) 18.151ms
[6.327s][info][gc,cpu         ] GC(148) User=0.02s Sys=0.00s Real=0.02s
[6.342s][info][gc,start       ] GC(149) Pause Young (Allocation Failure)
[6.366s][info][gc,heap        ] GC(149) PSYoungGen: 41632K(52224K)->28800K(53248K) Eden: 14336K(14336K)->0K(14848K) From: 27296K(37888K)->28800K(38400K)
[6.366s][info][gc,heap        ] GC(149) ParOldGen: 938963K(1041408K)->951939K(1041408K)
[6.366s][info][gc,metaspace   ] GC(149) Metaspace: 6298K(6464K)->6298K(6464K) NonClass: 5765K(5824K)->5765K(5824K) Class: 533K(640K)->533K(640K)
[6.366s][info][gc             ] GC(149) Pause Young (Allocation Failure) 957M->957M(1069M) 23.500ms
[6.366s][info][gc,cpu         ] GC(149) User=0.12s Sys=0.00s Real=0.02s
[6.382s][info][gc,start       ] GC(150) Pause Young (Allocation Failure)
[6.406s][info][gc,heap        ] GC(150) PSYoungGen: 43648K(53248K)->29280K(54272K) Eden: 14848K(14848K)->0K(14848K) From: 28800K(38400K)->29280K(39424K)
[6.406s][info][gc,heap        ] GC(150) ParOldGen: 951939K(1041408K)->966475K(1041408K)
[6.407s][info][gc,metaspace   ] GC(150) Metaspace: 6298K(6464K)->6298K(6464K) NonClass: 5765K(5824K)->5765K(5824K) Class: 533K(640K)->533K(640K)
[6.407s][info][gc             ] GC(150) Pause Young (Allocation Failure) 972M->972M(1070M) 24.836ms
[6.407s][info][gc,cpu         ] GC(150) User=0.14s Sys=0.00s Real=0.03s
[6.424s][info][gc,start       ] GC(151) Pause Young (Allocation Failure)
[6.449s][info][gc,heap        ] GC(151) PSYoungGen: 44128K(54272K)->29888K(56320K) Eden: 14848K(14848K)->0K(15872K) From: 29280K(39424K)->29888K(40448K)
[6.449s][info][gc,heap        ] GC(151) ParOldGen: 966475K(1041408K)->980995K(1041408K)
[6.449s][info][gc,metaspace   ] GC(151) Metaspace: 6298K(6464K)->6298K(6464K) NonClass: 5765K(5824K)->5765K(5824K) Class: 533K(640K)->533K(640K)
[6.449s][info][gc             ] GC(151) Pause Young (Allocation Failure) 986M->987M(1072M) 24.904ms
[6.449s][info][gc,cpu         ] GC(151) User=0.12s Sys=0.00s Real=0.03s
[6.466s][info][gc,start       ] GC(152) Pause Young (Allocation Failure)
[6.491s][info][gc,heap        ] GC(152) PSYoungGen: 45760K(56320K)->30848K(57344K) Eden: 15872K(15872K)->0K(15872K) From: 29888K(40448K)->30848K(41472K)
[6.491s][info][gc,heap        ] GC(152) ParOldGen: 980995K(1041408K)->996051K(1041408K)
[6.491s][info][gc,metaspace   ] GC(152) Metaspace: 6298K(6464K)->6298K(6464K) NonClass: 5765K(5824K)->5765K(5824K) Class: 533K(640K)->533K(640K)
[6.492s][info][gc             ] GC(152) Pause Young (Allocation Failure) 1002M->1002M(1073M) 25.370ms
[6.492s][info][gc,cpu         ] GC(152) User=0.11s Sys=0.00s Real=0.03s
[6.509s][info][gc,start       ] GC(153) Pause Young (Allocation Failure)
[6.535s][info][gc,heap        ] GC(153) PSYoungGen: 46720K(57344K)->31872K(58880K) Eden: 15872K(15872K)->0K(16896K) From: 30848K(41472K)->31872K(41984K)
[6.535s][info][gc,heap        ] GC(153) ParOldGen: 996051K(1041408K)->1011107K(1041408K)
[6.535s][info][gc,metaspace   ] GC(153) Metaspace: 6298K(6464K)->6298K(6464K) NonClass: 5765K(5824K)->5765K(5824K) Class: 533K(640K)->533K(640K)
[6.535s][info][gc             ] GC(153) Pause Young (Allocation Failure) 1018M->1018M(1074M) 26.034ms
[6.535s][info][gc,cpu         ] GC(153) User=0.12s Sys=0.00s Real=0.03s
[6.554s][info][gc,start       ] GC(154) Pause Young (Allocation Failure)
[6.581s][info][gc,heap        ] GC(154) PSYoungGen: 48768K(58880K)->32896K(59904K) Eden: 16896K(16896K)->0K(16896K) From: 31872K(41984K)->32896K(43008K)
[6.581s][info][gc,heap        ] GC(154) ParOldGen: 1011107K(1041408K)->1027211K(1041408K)
[6.581s][info][gc,metaspace   ] GC(154) Metaspace: 6298K(6464K)->6298K(6464K) NonClass: 5765K(5824K)->5765K(5824K) Class: 533K(640K)->533K(640K)
[6.581s][info][gc             ] GC(154) Pause Young (Allocation Failure) 1035M->1035M(1075M) 27.040ms
[6.581s][info][gc,cpu         ] GC(154) User=0.14s Sys=0.00s Real=0.03s
[6.581s][info][gc,start       ] GC(155) Pause Full (Ergonomics)
[6.581s][info][gc,phases,start] GC(155) Marking Phase
[6.813s][info][gc,phases      ] GC(155) Marking Phase 232.204ms
[6.814s][info][gc,phases,start] GC(155) Summary Phase
[6.814s][info][gc,phases      ] GC(155) Summary Phase 0.038ms
[6.814s][info][gc,phases,start] GC(155) Adjust Roots
[6.814s][info][gc,phases      ] GC(155) Adjust Roots 0.298ms
[6.814s][info][gc,phases,start] GC(155) Compaction Phase
[6.910s][info][gc,phases      ] GC(155) Compaction Phase 95.718ms
[6.910s][info][gc,phases,start] GC(155) Post Compact
[6.912s][info][gc,phases      ] GC(155) Post Compact 1.811ms
[6.912s][info][gc,heap        ] GC(155) PSYoungGen: 32896K(59904K)->17378K(59904K) Eden: 0K(16896K)->0K(16896K) From: 32896K(43008K)->17378K(43008K)
[6.912s][info][gc,heap        ] GC(155) ParOldGen: 1027211K(1041408K)->1041085K(1155072K)
[6.912s][info][gc,metaspace   ] GC(155) Metaspace: 6298K(6464K)->6298K(6464K) NonClass: 5765K(5824K)->5765K(5824K) Class: 533K(640K)->533K(640K)
[6.912s][info][gc             ] GC(155) Pause Full (Ergonomics) 1035M->1033M(1186M) 330.885ms
[6.912s][info][gc,cpu         ] GC(155) User=2.33s Sys=0.02s Real=0.33s
[6.933s][info][gc,start       ] GC(156) Pause Young (Allocation Failure)
[6.996s][info][gc,heap        ] GC(156) PSYoungGen: 34274K(59904K)->25920K(59904K) Eden: 16896K(16896K)->0K(18944K) From: 17378K(43008K)->25920K(40960K)
[6.996s][info][gc,heap        ] GC(156) ParOldGen: 1041085K(1155072K)->1049749K(1155072K)
[6.996s][info][gc,metaspace   ] GC(156) Metaspace: 6298K(6464K)->6298K(6464K) NonClass: 5765K(5824K)->5765K(5824K) Class: 533K(640K)->533K(640K)
[6.996s][info][gc             ] GC(156) Pause Young (Allocation Failure) 1050M->1050M(1186M) 62.992ms
[6.996s][info][gc,cpu         ] GC(156) User=0.33s Sys=0.02s Real=0.06s
[7.017s][info][gc,start       ] GC(157) Pause Young (Allocation Failure)
[7.044s][info][gc,heap        ] GC(157) PSYoungGen: 44864K(59904K)->42496K(61440K) Eden: 18944K(18944K)->0K(18944K) From: 25920K(40960K)->42496K(42496K)
[7.044s][info][gc,heap        ] GC(157) ParOldGen: 1049749K(1155072K)->1052045K(1155072K)
[7.044s][info][gc,metaspace   ] GC(157) Metaspace: 6298K(6464K)->6298K(6464K) NonClass: 5765K(5824K)->5765K(5824K) Class: 533K(640K)->533K(640K)
[7.045s][info][gc             ] GC(157) Pause Young (Allocation Failure) 1068M->1068M(1188M) 27.719ms
[7.045s][info][gc,cpu         ] GC(157) User=0.03s Sys=0.00s Real=0.03s
[7.066s][info][gc,start       ] GC(158) Pause Young (Allocation Failure)
[7.099s][info][gc,heap        ] GC(158) PSYoungGen: 61440K(61440K)->36512K(67072K) Eden: 18944K(18944K)->0K(19456K) From: 42496K(42496K)->36512K(47616K)
[7.099s][info][gc,heap        ] GC(158) ParOldGen: 1052045K(1155072K)->1077413K(1155072K)
[7.099s][info][gc,metaspace   ] GC(158) Metaspace: 6298K(6464K)->6298K(6464K) NonClass: 5765K(5824K)->5765K(5824K) Class: 533K(640K)->533K(640K)
[7.099s][info][gc             ] GC(158) Pause Young (Allocation Failure) 1087M->1087M(1193M) 33.003ms
[7.099s][info][gc,cpu         ] GC(158) User=0.16s Sys=0.00s Real=0.03s
[7.120s][info][gc,start       ] GC(159) Pause Young (Allocation Failure)
[7.150s][info][gc,heap        ] GC(159) PSYoungGen: 55968K(67072K)->38592K(68608K) Eden: 19456K(19456K)->0K(19456K) From: 36512K(47616K)->38592K(49152K)
[7.150s][info][gc,heap        ] GC(159) ParOldGen: 1077413K(1155072K)->1095109K(1155072K)
[7.150s][info][gc,metaspace   ] GC(159) Metaspace: 6298K(6464K)->6298K(6464K) NonClass: 5765K(5824K)->5765K(5824K) Class: 533K(640K)->533K(640K)
[7.150s][info][gc             ] GC(159) Pause Young (Allocation Failure) 1106M->1107M(1195M) 30.553ms
[7.150s][info][gc,cpu         ] GC(159) User=0.22s Sys=0.00s Real=0.03s
[7.171s][info][gc,start       ] GC(160) Pause Young (Allocation Failure)
[7.203s][info][gc,heap        ] GC(160) PSYoungGen: 58048K(68608K)->39072K(71168K) Eden: 19456K(19456K)->0K(20480K) From: 38592K(49152K)->39072K(50688K)
[7.203s][info][gc,heap        ] GC(160) ParOldGen: 1095109K(1155072K)->1114309K(1155072K)
[7.203s][info][gc,metaspace   ] GC(160) Metaspace: 6298K(6464K)->6298K(6464K) NonClass: 5765K(5824K)->5765K(5824K) Class: 533K(640K)->533K(640K)
[7.203s][info][gc             ] GC(160) Pause Young (Allocation Failure) 1126M->1126M(1197M) 31.930ms
[7.203s][info][gc,cpu         ] GC(160) User=0.12s Sys=0.02s Real=0.03s
[7.228s][info][gc,start       ] GC(161) Pause Young (Allocation Failure)
[7.261s][info][gc,heap        ] GC(161) PSYoungGen: 59552K(71168K)->40096K(72704K) Eden: 20480K(20480K)->0K(20480K) From: 39072K(50688K)->40096K(52224K)
[7.261s][info][gc,heap        ] GC(161) ParOldGen: 1114309K(1155072K)->1134029K(1155072K)
[7.261s][info][gc,metaspace   ] GC(161) Metaspace: 6298K(6464K)->6298K(6464K) NonClass: 5765K(5824K)->5765K(5824K) Class: 533K(640K)->533K(640K)
[7.261s][info][gc             ] GC(161) Pause Young (Allocation Failure) 1146M->1146M(1199M) 33.155ms
[7.261s][info][gc,cpu         ] GC(161) User=0.11s Sys=0.03s Real=0.03s
[7.261s][info][gc,start       ] GC(162) Pause Full (Ergonomics)
[7.261s][info][gc,phases,start] GC(162) Marking Phase
[7.529s][info][gc,phases      ] GC(162) Marking Phase 268.325ms
[7.529s][info][gc,phases,start] GC(162) Summary Phase
[7.529s][info][gc,phases      ] GC(162) Summary Phase 0.062ms
[7.529s][info][gc,phases,start] GC(162) Adjust Roots
[7.530s][info][gc,phases      ] GC(162) Adjust Roots 0.266ms
[7.530s][info][gc,phases,start] GC(162) Compaction Phase
[7.639s][info][gc,phases      ] GC(162) Compaction Phase 109.511ms
[7.639s][info][gc,phases,start] GC(162) Post Compact
[7.642s][info][gc,phases      ] GC(162) Post Compact 2.745ms
[7.643s][info][gc,heap        ] GC(162) PSYoungGen: 40096K(72704K)->17388K(72704K) Eden: 0K(20480K)->0K(20480K) From: 40096K(52224K)->17388K(52224K)
[7.643s][info][gc,heap        ] GC(162) ParOldGen: 1134029K(1155072K)->1155066K(1284096K)
[7.643s][info][gc,metaspace   ] GC(162) Metaspace: 6298K(6464K)->6298K(6464K) NonClass: 5765K(5824K)->5765K(5824K) Class: 533K(640K)->533K(640K)
[7.643s][info][gc             ] GC(162) Pause Full (Ergonomics) 1146M->1144M(1325M) 381.956ms
[7.643s][info][gc,cpu         ] GC(162) User=2.55s Sys=0.03s Real=0.38s
[7.667s][info][gc,start       ] GC(163) Pause Young (Allocation Failure)
[7.739s][info][gc,heap        ] GC(163) PSYoungGen: 37868K(72704K)->29184K(72192K) Eden: 20480K(20480K)->0K(22528K) From: 17388K(52224K)->29184K(49664K)
[7.739s][info][gc,heap        ] GC(163) ParOldGen: 1155066K(1284096K)->1164122K(1284096K)
[7.739s][info][gc,metaspace   ] GC(163) Metaspace: 6298K(6464K)->6298K(6464K) NonClass: 5765K(5824K)->5765K(5824K) Class: 533K(640K)->533K(640K)
[7.739s][info][gc             ] GC(163) Pause Young (Allocation Failure) 1164M->1165M(1324M) 71.839ms
[7.739s][info][gc,cpu         ] GC(163) User=0.38s Sys=0.00s Real=0.07s
[7.766s][info][gc,start       ] GC(164) Pause Young (Allocation Failure)
[7.796s][info][gc,heap        ] GC(164) PSYoungGen: 51712K(72192K)->51712K(74240K) Eden: 22528K(22528K)->0K(22528K) From: 29184K(49664K)->51712K(51712K)
[7.796s][info][gc,heap        ] GC(164) ParOldGen: 1164122K(1284096K)->1164130K(1284096K)
[7.796s][info][gc,metaspace   ] GC(164) Metaspace: 6298K(6464K)->6298K(6464K) NonClass: 5765K(5824K)->5765K(5824K) Class: 533K(640K)->533K(640K)
[7.796s][info][gc             ] GC(164) Pause Young (Allocation Failure) 1187M->1187M(1326M) 29.580ms
[7.796s][info][gc,cpu         ] GC(164) User=0.12s Sys=0.00s Real=0.03s
[7.823s][info][gc,start       ] GC(165) Pause Young (Allocation Failure)
[7.876s][info][gc,heap        ] GC(165) PSYoungGen: 74240K(74240K)->45184K(80384K) Eden: 22528K(22528K)->0K(23040K) From: 51712K(51712K)->45184K(57344K)
[7.876s][info][gc,heap        ] GC(165) ParOldGen: 1164130K(1284096K)->1193562K(1284096K)
[7.876s][info][gc,metaspace   ] GC(165) Metaspace: 6298K(6464K)->6298K(6464K) NonClass: 5765K(5824K)->5765K(5824K) Class: 533K(640K)->533K(640K)
[7.876s][info][gc             ] GC(165) Pause Young (Allocation Failure) 1209M->1209M(1332M) 52.807ms
[7.876s][info][gc,cpu         ] GC(165) User=0.27s Sys=0.09s Real=0.05s
[7.904s][info][gc,start       ] GC(166) Pause Young (Allocation Failure)
[7.948s][info][gc,heap        ] GC(166) PSYoungGen: 68224K(80384K)->45728K(82432K) Eden: 23040K(23040K)->0K(23040K) From: 45184K(57344K)->45728K(59392K)
[7.948s][info][gc,heap        ] GC(166) ParOldGen: 1193562K(1284096K)->1216434K(1284096K)
[7.948s][info][gc,metaspace   ] GC(166) Metaspace: 6298K(6464K)->6298K(6464K) NonClass: 5765K(5824K)->5765K(5824K) Class: 533K(640K)->533K(640K)
[7.948s][info][gc             ] GC(166) Pause Young (Allocation Failure) 1232M->1232M(1334M) 44.287ms
[7.948s][info][gc,cpu         ] GC(166) User=0.16s Sys=0.09s Real=0.04s
[7.976s][info][gc,start       ] GC(167) Pause Young (Allocation Failure)
[8.023s][info][gc,heap        ] GC(167) PSYoungGen: 68768K(82432K)->46208K(84992K) Eden: 23040K(23040K)->0K(24064K) From: 45728K(59392K)->46208K(60928K)
[8.023s][info][gc,heap        ] GC(167) ParOldGen: 1216434K(1284096K)->1239314K(1284096K)
[8.023s][info][gc,metaspace   ] GC(167) Metaspace: 6298K(6464K)->6298K(6464K) NonClass: 5765K(5824K)->5765K(5824K) Class: 533K(640K)->533K(640K)
[8.023s][info][gc             ] GC(167) Pause Young (Allocation Failure) 1255M->1255M(1337M) 46.526ms
[8.023s][info][gc,cpu         ] GC(167) User=0.16s Sys=0.08s Real=0.05s
[8.052s][info][gc,start       ] GC(168) Pause Young (Allocation Failure)
[8.094s][info][gc,heap        ] GC(168) PSYoungGen: 70272K(84992K)->43936K(86528K) Eden: 24064K(24064K)->0K(24064K) From: 46208K(60928K)->43936K(62464K)
[8.094s][info][gc,heap        ] GC(168) ParOldGen: 1239314K(1284096K)->1262706K(1284096K)
[8.094s][info][gc,metaspace   ] GC(168) Metaspace: 6298K(6464K)->6298K(6464K) NonClass: 5765K(5824K)->5765K(5824K) Class: 533K(640K)->533K(640K)
[8.094s][info][gc             ] GC(168) Pause Young (Allocation Failure) 1278M->1276M(1338M) 41.897ms
[8.094s][info][gc,cpu         ] GC(168) User=0.11s Sys=0.16s Real=0.04s
[8.094s][info][gc,start       ] GC(169) Pause Full (Ergonomics)
[8.094s][info][gc,phases,start] GC(169) Marking Phase
[8.393s][info][gc,phases      ] GC(169) Marking Phase 298.989ms
[8.393s][info][gc,phases,start] GC(169) Summary Phase
[8.393s][info][gc,phases      ] GC(169) Summary Phase 0.031ms
[8.393s][info][gc,phases,start] GC(169) Adjust Roots
[8.394s][info][gc,phases      ] GC(169) Adjust Roots 0.315ms
[8.394s][info][gc,phases,start] GC(169) Compaction Phase
[8.756s][info][gc,phases      ] GC(169) Compaction Phase 362.414ms
[8.756s][info][gc,phases,start] GC(169) Post Compact
[8.759s][info][gc,phases      ] GC(169) Post Compact 2.524ms
[8.760s][info][gc,heap        ] GC(169) PSYoungGen: 43936K(86528K)->20776K(86528K) Eden: 0K(24064K)->0K(24064K) From: 43936K(62464K)->20776K(62464K)
[8.760s][info][gc,heap        ] GC(169) ParOldGen: 1262706K(1284096K)->1283890K(1430528K)
[8.760s][info][gc,metaspace   ] GC(169) Metaspace: 6298K(6464K)->6298K(6464K) NonClass: 5765K(5824K)->5765K(5824K) Class: 533K(640K)->533K(640K)
[8.760s][info][gc             ] GC(169) Pause Full (Ergonomics) 1276M->1274M(1481M) 666.007ms
[8.760s][info][gc,cpu         ] GC(169) User=4.25s Sys=0.03s Real=0.67s
[8.781s][info][gc,start       ] GC(170) Pause Young (Allocation Failure)
[8.862s][info][gc,heap        ] GC(170) PSYoungGen: 44840K(86528K)->21760K(88576K) Eden: 24064K(24064K)->0K(26624K) From: 20776K(62464K)->21760K(61952K)
[8.862s][info][gc,heap        ] GC(170) ParOldGen: 1283890K(1430528K)->1295754K(1430528K)
[8.862s][info][gc,metaspace   ] GC(170) Metaspace: 6298K(6464K)->6298K(6464K) NonClass: 5765K(5824K)->5765K(5824K) Class: 533K(640K)->533K(640K)
[8.862s][info][gc             ] GC(170) Pause Young (Allocation Failure) 1297M->1286M(1483M) 80.898ms
[8.862s][info][gc,cpu         ] GC(170) User=0.44s Sys=0.02s Real=0.08s
[8.894s][info][gc,start       ] GC(171) Pause Young (Allocation Failure)
[8.922s][info][gc,heap        ] GC(171) PSYoungGen: 48384K(88576K)->44896K(89088K) Eden: 26624K(26624K)->0K(26624K) From: 21760K(61952K)->44896K(62464K)
[8.922s][info][gc,heap        ] GC(171) ParOldGen: 1295754K(1430528K)->1295754K(1430528K)
[8.922s][info][gc,metaspace   ] GC(171) Metaspace: 6298K(6464K)->6298K(6464K) NonClass: 5765K(5824K)->5765K(5824K) Class: 533K(640K)->533K(640K)
[8.922s][info][gc             ] GC(171) Pause Young (Allocation Failure) 1312M->1309M(1484M) 27.955ms
[8.922s][info][gc,cpu         ] GC(171) User=0.14s Sys=0.00s Real=0.03s
[8.957s][info][gc,start       ] GC(172) Pause Young (Allocation Failure)
[9.005s][info][gc,heap        ] GC(172) PSYoungGen: 71520K(89088K)->63488K(82944K) Eden: 26624K(26624K)->0K(19456K) From: 44896K(62464K)->63488K(63488K)
[9.006s][info][gc,heap        ] GC(172) ParOldGen: 1295754K(1430528K)->1303858K(1430528K)
[9.006s][info][gc,metaspace   ] GC(172) Metaspace: 6298K(6464K)->6298K(6464K) NonClass: 5765K(5824K)->5765K(5824K) Class: 533K(640K)->533K(640K)
[9.006s][info][gc             ] GC(172) Pause Young (Allocation Failure) 1335M->1335M(1478M) 48.601ms
[9.006s][info][gc,cpu         ] GC(172) User=0.25s Sys=0.02s Real=0.05s
[9.030s][info][gc,start       ] GC(173) Pause Young (Allocation Failure)
[9.077s][info][gc,heap        ] GC(173) PSYoungGen: 82944K(82944K)->64192K(93184K) Eden: 19456K(19456K)->0K(19456K) From: 63488K(63488K)->64192K(73728K)
[9.077s][info][gc,heap        ] GC(173) ParOldGen: 1303858K(1430528K)->1323050K(1430528K)
[9.077s][info][gc,metaspace   ] GC(173) Metaspace: 6298K(6464K)->6298K(6464K) NonClass: 5765K(5824K)->5765K(5824K) Class: 533K(640K)->533K(640K)
[9.077s][info][gc             ] GC(173) Pause Young (Allocation Failure) 1354M->1354M(1488M) 47.437ms
[9.078s][info][gc,cpu         ] GC(173) User=0.23s Sys=0.00s Real=0.05s
[9.102s][info][gc,start       ] GC(174) Pause Young (Allocation Failure)
[9.154s][info][gc,heap        ] GC(174) PSYoungGen: 83648K(93184K)->62816K(97792K) Eden: 19456K(19456K)->0K(18432K) From: 64192K(73728K)->62816K(79360K)
[9.154s][info][gc,heap        ] GC(174) ParOldGen: 1323050K(1430528K)->1344162K(1430528K)
[9.154s][info][gc,metaspace   ] GC(174) Metaspace: 6298K(6464K)->6298K(6464K) NonClass: 5765K(5824K)->5765K(5824K) Class: 533K(640K)->533K(640K)
[9.154s][info][gc             ] GC(174) Pause Young (Allocation Failure) 1373M->1374M(1492M) 51.778ms
[9.154s][info][gc,cpu         ] GC(174) User=0.06s Sys=0.19s Real=0.05s
[9.475s][info][gc,start       ] GC(175) Pause Full (Ergonomics)
[9.475s][info][gc,phases,start] GC(175) Marking Phase
[9.811s][info][gc,phases      ] GC(175) Marking Phase 335.539ms
[9.811s][info][gc,phases,start] GC(175) Summary Phase
[9.811s][info][gc,phases      ] GC(175) Summary Phase 0.052ms
[9.811s][info][gc,phases,start] GC(175) Adjust Roots
[9.811s][info][gc,phases      ] GC(175) Adjust Roots 0.275ms
[9.811s][info][gc,phases,start] GC(175) Compaction Phase
[10.058s][info][gc,phases      ] GC(175) Compaction Phase 246.704ms
[10.058s][info][gc,phases,start] GC(175) Post Compact
[10.061s][info][gc,phases      ] GC(175) Post Compact 3.416ms
[10.063s][info][gc,heap        ] GC(175) PSYoungGen: 81248K(97792K)->26786K(97792K) Eden: 18432K(18432K)->0K(18432K) From: 62816K(79360K)->26786K(79360K)
[10.063s][info][gc,heap        ] GC(175) ParOldGen: 1409698K(1430528K)->1430080K(1585152K)
[10.063s][info][gc,metaspace   ] GC(175) Metaspace: 6298K(6464K)->6298K(6464K) NonClass: 5765K(5824K)->5765K(5824K) Class: 533K(640K)->533K(640K)
[10.063s][info][gc             ] GC(175) Pause Full (Ergonomics) 1456M->1422M(1643M) 587.556ms
[10.063s][info][gc,cpu         ] GC(175) User=3.73s Sys=0.08s Real=0.59s
[10.081s][info][gc,start       ] GC(176) Pause Young (Allocation Failure)
[10.164s][info][gc,heap        ] GC(176) PSYoungGen: 45218K(97792K)->35104K(101376K) Eden: 18432K(18432K)->0K(18432K) From: 26786K(79360K)->35104K(82944K)
[10.165s][info][gc,heap        ] GC(176) ParOldGen: 1430080K(1585152K)->1440600K(1585152K)
[10.165s][info][gc,metaspace   ] GC(176) Metaspace: 6298K(6464K)->6298K(6464K) NonClass: 5765K(5824K)->5765K(5824K) Class: 533K(640K)->533K(640K)
[10.165s][info][gc             ] GC(176) Pause Young (Allocation Failure) 1440M->1441M(1647M) 84.004ms
[10.165s][info][gc,cpu         ] GC(176) User=0.39s Sys=0.00s Real=0.08s
[10.182s][info][gc,start       ] GC(177) Pause Young (Allocation Failure)
[10.214s][info][gc,heap        ] GC(177) PSYoungGen: 53536K(101376K)->53472K(101376K) Eden: 18432K(18432K)->0K(20480K) From: 35104K(82944K)->53472K(80896K)
[10.214s][info][gc,heap        ] GC(177) ParOldGen: 1440600K(1585152K)->1440600K(1585152K)
[10.214s][info][gc,metaspace   ] GC(177) Metaspace: 6298K(6464K)->6298K(6464K) NonClass: 5765K(5824K)->5765K(5824K) Class: 533K(640K)->533K(640K)
[10.214s][info][gc             ] GC(177) Pause Young (Allocation Failure) 1459M->1459M(1647M) 32.066ms
[10.214s][info][gc,cpu         ] GC(177) User=0.06s Sys=0.00s Real=0.03s
[10.232s][info][gc,start       ] GC(178) Pause Young (Allocation Failure)
[10.272s][info][gc,heap        ] GC(178) PSYoungGen: 73952K(101376K)->65824K(101376K) Eden: 20480K(20480K)->0K(20480K) From: 53472K(80896K)->65824K(80896K)
[10.272s][info][gc,heap        ] GC(178) ParOldGen: 1440600K(1585152K)->1448912K(1585152K)
[10.272s][info][gc,metaspace   ] GC(178) Metaspace: 6298K(6464K)->6298K(6464K) NonClass: 5765K(5824K)->5765K(5824K) Class: 533K(640K)->533K(640K)
[10.272s][info][gc             ] GC(178) Pause Young (Allocation Failure) 1479M->1479M(1647M) 39.238ms
[10.272s][info][gc,cpu         ] GC(178) User=0.16s Sys=0.09s Real=0.04s
[10.292s][info][gc,start       ] GC(179) Pause Young (Allocation Failure)
[10.344s][info][gc,heap        ] GC(179) PSYoungGen: 86304K(101376K)->78048K(100352K) Eden: 20480K(20480K)->0K(15360K) From: 65824K(80896K)->78048K(84992K)
[10.344s][info][gc,heap        ] GC(179) ParOldGen: 1448912K(1585152K)->1457376K(1585152K)
[10.344s][info][gc,metaspace   ] GC(179) Metaspace: 6298K(6464K)->6298K(6464K) NonClass: 5765K(5824K)->5765K(5824K) Class: 533K(640K)->533K(640K)
[10.344s][info][gc             ] GC(179) Pause Young (Allocation Failure) 1499M->1499M(1646M) 52.553ms
[10.344s][info][gc,cpu         ] GC(179) User=0.34s Sys=0.14s Real=0.05s
[10.360s][info][gc,start       ] GC(180) Pause Young (Allocation Failure)
[10.419s][info][gc,heap        ] GC(180) PSYoungGen: 93408K(100352K)->56480K(108032K) Eden: 15360K(15360K)->0K(15360K) From: 78048K(84992K)->56480K(92672K)
[10.419s][info][gc,heap        ] GC(180) ParOldGen: 1457376K(1585152K)->1494760K(1585152K)
[10.419s][info][gc,metaspace   ] GC(180) Metaspace: 6298K(6464K)->6298K(6464K) NonClass: 5765K(5824K)->5765K(5824K) Class: 533K(640K)->533K(640K)
[10.419s][info][gc             ] GC(180) Pause Young (Allocation Failure) 1514M->1514M(1653M) 59.253ms
[10.419s][info][gc,cpu         ] GC(180) User=0.34s Sys=0.03s Real=0.06s
[10.435s][info][gc,start       ] GC(181) Pause Young (Allocation Failure)
[10.488s][info][gc,heap        ] GC(181) PSYoungGen: 71840K(108032K)->30848K(106496K) Eden: 15360K(15360K)->0K(17408K) From: 56480K(92672K)->30848K(89088K)
[10.488s][info][gc,heap        ] GC(181) ParOldGen: 1494760K(1585152K)->1536320K(1585152K)
[10.488s][info][gc,metaspace   ] GC(181) Metaspace: 6298K(6464K)->6298K(6464K) NonClass: 5765K(5824K)->5765K(5824K) Class: 533K(640K)->533K(640K)
[10.488s][info][gc             ] GC(181) Pause Young (Allocation Failure) 1529M->1530M(1652M) 52.307ms
[10.488s][info][gc,cpu         ] GC(181) User=0.23s Sys=0.14s Real=0.05s
[10.506s][info][gc,start       ] GC(182) Pause Young (Allocation Failure)
[10.543s][info][gc,heap        ] GC(182) PSYoungGen: 48256K(106496K)->17568K(107520K) Eden: 17408K(17408K)->0K(17408K) From: 30848K(89088K)->17568K(90112K)
[10.543s][info][gc,heap        ] GC(182) ParOldGen: 1536320K(1585152K)->1567488K(1585152K)
[10.543s][info][gc,metaspace   ] GC(182) Metaspace: 6298K(6464K)->6298K(6464K) NonClass: 5765K(5824K)->5765K(5824K) Class: 533K(640K)->533K(640K)
[10.543s][info][gc             ] GC(182) Pause Young (Allocation Failure) 1547M->1547M(1653M) 37.312ms
[10.544s][info][gc,cpu         ] GC(182) User=0.14s Sys=0.12s Real=0.04s
[10.544s][info][gc,start       ] GC(183) Pause Full (Ergonomics)
[10.544s][info][gc,phases,start] GC(183) Marking Phase
[10.895s][info][gc,phases      ] GC(183) Marking Phase 351.537ms
[10.895s][info][gc,phases,start] GC(183) Summary Phase
[10.895s][info][gc,phases      ] GC(183) Summary Phase 0.104ms
[10.895s][info][gc,phases,start] GC(183) Adjust Roots
[10.896s][info][gc,phases      ] GC(183) Adjust Roots 0.257ms
[10.896s][info][gc,phases,start] GC(183) Compaction Phase
[11.074s][info][gc,phases      ] GC(183) Compaction Phase 178.678ms
[11.074s][info][gc,phases,start] GC(183) Post Compact
[11.077s][info][gc,phases      ] GC(183) Post Compact 3.076ms
[11.079s][info][gc,heap        ] GC(183) PSYoungGen: 17568K(107520K)->0K(111616K) Eden: 0K(17408K)->0K(19968K) From: 17568K(90112K)->0K(91648K)
[11.079s][info][gc,heap        ] GC(183) ParOldGen: 1567488K(1585152K)->1582598K(1762816K)
[11.079s][info][gc,metaspace   ] GC(183) Metaspace: 6298K(6464K)->6298K(6464K) NonClass: 5765K(5824K)->5765K(5824K) Class: 533K(640K)->533K(640K)
[11.079s][info][gc             ] GC(183) Pause Full (Ergonomics) 1547M->1545M(1830M) 535.354ms
[11.079s][info][gc,cpu         ] GC(183) User=3.27s Sys=0.08s Real=0.54s
[11.099s][info][gc,start       ] GC(184) Pause Young (Allocation Failure)
[11.122s][info][gc,heap        ] GC(184) PSYoungGen: 19968K(111616K)->20096K(111616K) Eden: 19968K(19968K)->0K(19968K) From: 0K(91648K)->20096K(91648K)
[11.122s][info][gc,heap        ] GC(184) ParOldGen: 1582598K(1762816K)->1582598K(1762816K)
[11.122s][info][gc,metaspace   ] GC(184) Metaspace: 6298K(6464K)->6298K(6464K) NonClass: 5765K(5824K)->5765K(5824K) Class: 533K(640K)->533K(640K)
[11.122s][info][gc             ] GC(184) Pause Young (Allocation Failure) 1565M->1565M(1830M) 23.439ms
[11.122s][info][gc,cpu         ] GC(184) User=0.03s Sys=0.00s Real=0.02s
[11.141s][info][gc,start       ] GC(185) Pause Young (Allocation Failure)
[11.171s][info][gc,heap        ] GC(185) PSYoungGen: 40064K(111616K)->20064K(111616K) Eden: 19968K(19968K)->0K(22528K) From: 20096K(91648K)->20064K(89088K)
[11.171s][info][gc,heap        ] GC(185) ParOldGen: 1582598K(1762816K)->1602886K(1762816K)
[11.171s][info][gc,metaspace   ] GC(185) Metaspace: 6298K(6464K)->6298K(6464K) NonClass: 5765K(5824K)->5765K(5824K) Class: 533K(640K)->533K(640K)
[11.171s][info][gc             ] GC(185) Pause Young (Allocation Failure) 1584M->1584M(1830M) 30.329ms
[11.171s][info][gc,cpu         ] GC(185) User=0.08s Sys=0.06s Real=0.03s
[11.195s][info][gc,start       ] GC(186) Pause Young (Allocation Failure)
[11.229s][info][gc,heap        ] GC(186) PSYoungGen: 42592K(111616K)->22656K(112640K) Eden: 22528K(22528K)->0K(22528K) From: 20064K(89088K)->22656K(90112K)
[11.229s][info][gc,heap        ] GC(186) ParOldGen: 1602886K(1762816K)->1623166K(1762816K)
[11.229s][info][gc,metaspace   ] GC(186) Metaspace: 6298K(6464K)->6298K(6464K) NonClass: 5765K(5824K)->5765K(5824K) Class: 533K(640K)->533K(640K)
[11.229s][info][gc             ] GC(186) Pause Young (Allocation Failure) 1606M->1607M(1831M) 34.844ms
[11.229s][info][gc,cpu         ] GC(186) User=0.08s Sys=0.00s Real=0.04s
[11.254s][info][gc,start       ] GC(187) Pause Young (Allocation Failure)
[11.288s][info][gc,heap        ] GC(187) PSYoungGen: 45184K(112640K)->22656K(109568K) Eden: 22528K(22528K)->0K(25600K) From: 22656K(90112K)->22656K(83968K)
[11.288s][info][gc,heap        ] GC(187) ParOldGen: 1623166K(1762816K)->1646046K(1762816K)
[11.288s][info][gc,metaspace   ] GC(187) Metaspace: 6298K(6464K)->6298K(6464K) NonClass: 5765K(5824K)->5765K(5824K) Class: 533K(640K)->533K(640K)
[11.288s][info][gc             ] GC(187) Pause Young (Allocation Failure) 1629M->1629M(1828M) 33.808ms
[11.288s][info][gc,cpu         ] GC(187) User=0.03s Sys=0.03s Real=0.03s
[11.315s][info][gc,start       ] GC(188) Pause Young (Allocation Failure)
[11.347s][info][gc,heap        ] GC(188) PSYoungGen: 48256K(109568K)->25696K(111616K) Eden: 25600K(25600K)->0K(25600K) From: 22656K(83968K)->25696K(86016K)
[11.347s][info][gc,heap        ] GC(188) ParOldGen: 1646046K(1762816K)->1668918K(1762816K)
[11.347s][info][gc,metaspace   ] GC(188) Metaspace: 6298K(6464K)->6298K(6464K) NonClass: 5765K(5824K)->5765K(5824K) Class: 533K(640K)->533K(640K)
[11.347s][info][gc             ] GC(188) Pause Young (Allocation Failure) 1654M->1654M(1830M) 32.658ms
[11.347s][info][gc,cpu         ] GC(188) User=0.12s Sys=0.06s Real=0.03s
[11.374s][info][gc,start       ] GC(189) Pause Young (Allocation Failure)
[11.412s][info][gc,heap        ] GC(189) PSYoungGen: 51296K(111616K)->25760K(105984K) Eden: 25600K(25600K)->0K(28672K) From: 25696K(86016K)->25760K(77312K)
[11.412s][info][gc,heap        ] GC(189) ParOldGen: 1668918K(1762816K)->1694934K(1762816K)
[11.412s][info][gc,metaspace   ] GC(189) Metaspace: 6298K(6464K)->6298K(6464K) NonClass: 5765K(5824K)->5765K(5824K) Class: 533K(640K)->533K(640K)
[11.412s][info][gc             ] GC(189) Pause Young (Allocation Failure) 1679M->1680M(1825M) 37.862ms
[11.412s][info][gc,cpu         ] GC(189) User=0.03s Sys=0.06s Real=0.04s
[11.445s][info][gc,start       ] GC(190) Pause Young (Allocation Failure)
[11.483s][info][gc,heap        ] GC(190) PSYoungGen: 54432K(105984K)->28832K(109056K) Eden: 28672K(28672K)->0K(28672K) From: 25760K(77312K)->28832K(80384K)
[11.483s][info][gc,heap        ] GC(190) ParOldGen: 1694934K(1762816K)->1720926K(1762816K)
[11.483s][info][gc,metaspace   ] GC(190) Metaspace: 6298K(6464K)->6298K(6464K) NonClass: 5765K(5824K)->5765K(5824K) Class: 533K(640K)->533K(640K)
[11.483s][info][gc             ] GC(190) Pause Young (Allocation Failure) 1708M->1708M(1828M) 37.667ms
[11.483s][info][gc,cpu         ] GC(190) User=0.12s Sys=0.05s Real=0.04s
[11.483s][info][gc,start       ] GC(191) Pause Full (Ergonomics)
[11.483s][info][gc,phases,start] GC(191) Marking Phase
[11.875s][info][gc,phases      ] GC(191) Marking Phase 392.228ms
[11.875s][info][gc,phases,start] GC(191) Summary Phase
[11.875s][info][gc,phases      ] GC(191) Summary Phase 0.060ms
[11.875s][info][gc,phases,start] GC(191) Adjust Roots
[11.876s][info][gc,phases      ] GC(191) Adjust Roots 0.237ms
[11.876s][info][gc,phases,start] GC(191) Compaction Phase
[12.048s][info][gc,phases      ] GC(191) Compaction Phase 172.375ms
[12.048s][info][gc,phases,start] GC(191) Post Compact
[12.052s][info][gc,phases      ] GC(191) Post Compact 3.493ms
[12.053s][info][gc,heap        ] GC(191) PSYoungGen: 28832K(109056K)->0K(109056K) Eden: 0K(28672K)->0K(32256K) From: 28832K(80384K)->0K(76800K)
[12.053s][info][gc,heap        ] GC(191) ParOldGen: 1720926K(1762816K)->1747234K(1936384K)
[12.053s][info][gc,metaspace   ] GC(191) Metaspace: 6298K(6464K)->6298K(6464K) NonClass: 5765K(5824K)->5765K(5824K) Class: 533K(640K)->533K(640K)
[12.053s][info][gc             ] GC(191) Pause Full (Ergonomics) 1708M->1706M(1997M) 570.306ms
[12.053s][info][gc,cpu         ] GC(191) User=3.67s Sys=0.09s Real=0.57s
[12.091s][info][gc,start       ] GC(192) Pause Young (Allocation Failure)
[12.118s][info][gc,heap        ] GC(192) PSYoungGen: 32256K(109056K)->32416K(65024K) Eden: 32256K(32256K)->0K(32256K) From: 0K(76800K)->32416K(32768K)
[12.118s][info][gc,heap        ] GC(192) ParOldGen: 1747234K(1936384K)->1747234K(1936384K)
[12.118s][info][gc,metaspace   ] GC(192) Metaspace: 6298K(6464K)->6298K(6464K) NonClass: 5765K(5824K)->5765K(5824K) Class: 533K(640K)->533K(640K)
[12.118s][info][gc             ] GC(192) Pause Young (Allocation Failure) 1737M->1737M(1954M) 27.931ms
[12.118s][info][gc,cpu         ] GC(192) User=0.02s Sys=0.00s Real=0.03s
[12.153s][info][gc,start       ] GC(193) Pause Young (Allocation Failure)
[12.190s][info][gc,heap        ] GC(193) PSYoungGen: 64672K(65024K)->64736K(101376K) Eden: 32256K(32256K)->0K(28160K) From: 32416K(32768K)->64736K(73216K)
[12.190s][info][gc,heap        ] GC(193) ParOldGen: 1747234K(1936384K)->1747234K(1936384K)
[12.190s][info][gc,metaspace   ] GC(193) Metaspace: 6298K(6464K)->6298K(6464K) NonClass: 5765K(5824K)->5765K(5824K) Class: 533K(640K)->533K(640K)
[12.190s][info][gc             ] GC(193) Pause Young (Allocation Failure) 1769M->1769M(1990M) 37.411ms
[12.190s][info][gc,cpu         ] GC(193) User=0.14s Sys=0.00s Real=0.04s
[12.217s][info][gc,start       ] GC(194) Pause Young (Allocation Failure)
[12.267s][info][gc,heap        ] GC(194) PSYoungGen: 92896K(101376K)->80384K(108544K) Eden: 28160K(28160K)->0K(28160K) From: 64736K(73216K)->80384K(80384K)
[12.268s][info][gc,heap        ] GC(194) ParOldGen: 1747234K(1936384K)->1759818K(1936384K)
[12.268s][info][gc,metaspace   ] GC(194) Metaspace: 6298K(6464K)->6298K(6464K) NonClass: 5765K(5824K)->5765K(5824K) Class: 533K(640K)->533K(640K)
[12.268s][info][gc             ] GC(194) Pause Young (Allocation Failure) 1797M->1797M(1997M) 50.176ms
[12.268s][info][gc,cpu         ] GC(194) User=0.25s Sys=0.02s Real=0.05s
[12.298s][info][gc,start       ] GC(195) Pause Young (Allocation Failure)
[12.370s][info][gc,heap        ] GC(195) PSYoungGen: 108544K(108544K)->53536K(125952K) Eden: 28160K(28160K)->0K(31744K) From: 80384K(80384K)->53536K(94208K)
[12.370s][info][gc,heap        ] GC(195) ParOldGen: 1759818K(1936384K)->1815738K(1936384K)
[12.370s][info][gc,metaspace   ] GC(195) Metaspace: 6298K(6464K)->6298K(6464K) NonClass: 5765K(5824K)->5765K(5824K) Class: 533K(640K)->533K(640K)
[12.370s][info][gc             ] GC(195) Pause Young (Allocation Failure) 1824M->1825M(2014M) 71.791ms
[12.370s][info][gc,cpu         ] GC(195) User=0.31s Sys=0.14s Real=0.07s
[12.406s][info][gc,start       ] GC(196) Pause Young (Allocation Failure)
[12.457s][info][gc,heap        ] GC(196) PSYoungGen: 85280K(125952K)->60096K(126976K) Eden: 31744K(31744K)->0K(31744K) From: 53536K(94208K)->60096K(95232K)
[12.457s][info][gc,heap        ] GC(196) ParOldGen: 1815738K(1936384K)->1841306K(1936384K)
[12.457s][info][gc,metaspace   ] GC(196) Metaspace: 6298K(6464K)->6298K(6464K) NonClass: 5765K(5824K)->5765K(5824K) Class: 533K(640K)->533K(640K)
[12.457s][info][gc             ] GC(196) Pause Young (Allocation Failure) 1856M->1856M(2015M) 50.727ms
[12.457s][info][gc,cpu         ] GC(196) User=0.31s Sys=0.05s Real=0.05s
[12.491s][info][gc,start       ] GC(197) Pause Young (Allocation Failure)
[12.550s][info][gc,heap        ] GC(197) PSYoungGen: 91840K(126976K)->63680K(130560K) Eden: 31744K(31744K)->0K(34304K) From: 60096K(95232K)->63680K(96256K)
[12.550s][info][gc,heap        ] GC(197) ParOldGen: 1841306K(1936384K)->1869906K(1936384K)
[12.550s][info][gc,metaspace   ] GC(197) Metaspace: 6298K(6464K)->6298K(6464K) NonClass: 5765K(5824K)->5765K(5824K) Class: 533K(640K)->533K(640K)
[12.550s][info][gc             ] GC(197) Pause Young (Allocation Failure) 1887M->1888M(2018M) 59.495ms
[12.550s][info][gc,cpu         ] GC(197) User=0.17s Sys=0.22s Real=0.06s
[12.590s][info][gc,start       ] GC(198) Pause Young (Allocation Failure)
[12.650s][info][gc,heap        ] GC(198) PSYoungGen: 97984K(130560K)->66208K(132096K) Eden: 34304K(34304K)->0K(34304K) From: 63680K(96256K)->66208K(97792K)
[12.650s][info][gc,heap        ] GC(198) ParOldGen: 1869906K(1936384K)->1902130K(1936384K)
[12.650s][info][gc,metaspace   ] GC(198) Metaspace: 6298K(6464K)->6298K(6464K) NonClass: 5765K(5824K)->5765K(5824K) Class: 533K(640K)->533K(640K)
[12.650s][info][gc             ] GC(198) Pause Young (Allocation Failure) 1921M->1922M(2020M) 60.327ms
[12.650s][info][gc,cpu         ] GC(198) User=0.25s Sys=0.11s Real=0.06s
[12.650s][info][gc,start       ] GC(199) Pause Full (Ergonomics)
[12.650s][info][gc,phases,start] GC(199) Marking Phase
[13.087s][info][gc,phases      ] GC(199) Marking Phase 436.089ms
[13.087s][info][gc,phases,start] GC(199) Summary Phase
[13.087s][info][gc,phases      ] GC(199) Summary Phase 0.052ms
[13.087s][info][gc,phases,start] GC(199) Adjust Roots
[13.087s][info][gc,phases      ] GC(199) Adjust Roots 0.290ms
[13.087s][info][gc,phases,start] GC(199) Compaction Phase
[13.287s][info][gc,phases      ] GC(199) Compaction Phase 199.789ms
[13.287s][info][gc,phases,start] GC(199) Post Compact
[13.291s][info][gc,phases      ] GC(199) Post Compact 3.770ms
[13.292s][info][gc,heap        ] GC(199) PSYoungGen: 66208K(132096K)->29707K(132096K) Eden: 0K(34304K)->0K(34304K) From: 66208K(97792K)->29707K(97792K)
[13.292s][info][gc,heap        ] GC(199) ParOldGen: 1902130K(1936384K)->1935931K(2149376K)
[13.292s][info][gc,metaspace   ] GC(199) Metaspace: 6298K(6464K)->6298K(6464K) NonClass: 5765K(5824K)->5765K(5824K) Class: 533K(640K)->533K(640K)
[13.292s][info][gc             ] GC(199) Pause Full (Ergonomics) 1922M->1919M(2228M) 641.837ms
[13.292s][info][gc,cpu         ] GC(199) User=4.53s Sys=0.11s Real=0.64s
[13.338s][info][gc,start       ] GC(200) Pause Young (Allocation Failure)
[13.456s][info][gc,heap        ] GC(200) PSYoungGen: 64011K(132096K)->49088K(126464K) Eden: 34304K(34304K)->0K(37888K) From: 29707K(97792K)->49088K(88576K)
[13.456s][info][gc,heap        ] GC(200) ParOldGen: 1935931K(2149376K)->1951267K(2149376K)
[13.456s][info][gc,metaspace   ] GC(200) Metaspace: 6298K(6464K)->6298K(6464K) NonClass: 5765K(5824K)->5765K(5824K) Class: 533K(640K)->533K(640K)
[13.456s][info][gc             ] GC(200) Pause Young (Allocation Failure) 1953M->1953M(2222M) 118.295ms
[13.456s][info][gc,cpu         ] GC(200) User=0.83s Sys=0.02s Real=0.12s
[13.506s][info][gc,start       ] GC(201) Pause Young (Allocation Failure)
[13.555s][info][gc,heap        ] GC(201) PSYoungGen: 86976K(126464K)->87072K(132608K) Eden: 37888K(37888K)->0K(37888K) From: 49088K(88576K)->87072K(94720K)
[13.555s][info][gc,heap        ] GC(201) ParOldGen: 1951267K(2149376K)->1951267K(2149376K)
[13.555s][info][gc,metaspace   ] GC(201) Metaspace: 6298K(6464K)->6298K(6464K) NonClass: 5765K(5824K)->5765K(5824K) Class: 533K(640K)->533K(640K)
[13.555s][info][gc             ] GC(201) Pause Young (Allocation Failure) 1990M->1990M(2228M) 49.608ms
[13.555s][info][gc,cpu         ] GC(201) User=0.28s Sys=0.00s Real=0.05s
[13.597s][info][gc,start       ] GC(202) Pause Young (Allocation Failure)
[13.688s][info][gc,heap        ] GC(202) PSYoungGen: 124960K(132608K)->104448K(124928K) Eden: 37888K(37888K)->0K(20480K) From: 87072K(94720K)->104448K(104448K)
[13.688s][info][gc,heap        ] GC(202) ParOldGen: 1951267K(2149376K)->1971955K(2149376K)
[13.688s][info][gc,metaspace   ] GC(202) Metaspace: 6298K(6464K)->6298K(6464K) NonClass: 5765K(5824K)->5765K(5824K) Class: 533K(640K)->533K(640K)
[13.688s][info][gc             ] GC(202) Pause Young (Allocation Failure) 2027M->2027M(2221M) 90.658ms
[13.688s][info][gc,cpu         ] GC(202) User=0.41s Sys=0.22s Real=0.09s
[13.709s][info][gc,start       ] GC(203) Pause Young (Allocation Failure)
[13.785s][info][gc,heap        ] GC(203) PSYoungGen: 124928K(124928K)->85632K(146432K) Eden: 20480K(20480K)->0K(20480K) From: 104448K(104448K)->85632K(125952K)
[13.785s][info][gc,heap        ] GC(203) ParOldGen: 1971955K(2149376K)->2011875K(2149376K)
[13.785s][info][gc,metaspace   ] GC(203) Metaspace: 6298K(6464K)->6298K(6464K) NonClass: 5765K(5824K)->5765K(5824K) Class: 533K(640K)->533K(640K)
[13.785s][info][gc             ] GC(203) Pause Young (Allocation Failure) 2047M->2048M(2242M) 76.048ms
[13.785s][info][gc,cpu         ] GC(203) User=0.36s Sys=0.14s Real=0.08s
[13.808s][info][gc,start       ] GC(204) Pause Young (Allocation Failure)
[13.887s][info][gc,heap        ] GC(204) PSYoungGen: 106112K(146432K)->41184K(147456K) Eden: 20480K(20480K)->0K(23552K) From: 85632K(125952K)->41184K(123904K)
[13.887s][info][gc,heap        ] GC(204) ParOldGen: 2011875K(2149376K)->2077755K(2149376K)
[13.887s][info][gc,metaspace   ] GC(204) Metaspace: 6298K(6464K)->6298K(6464K) NonClass: 5765K(5824K)->5765K(5824K) Class: 533K(640K)->533K(640K)
[13.887s][info][gc             ] GC(204) Pause Young (Allocation Failure) 2068M->2069M(2243M) 78.344ms
[13.887s][info][gc,cpu         ] GC(204) User=0.23s Sys=0.27s Real=0.08s
[13.911s][info][gc,start       ] GC(205) Pause Young (Allocation Failure)
[13.961s][info][gc,heap        ] GC(205) PSYoungGen: 64736K(147456K)->23712K(149504K) Eden: 23552K(23552K)->0K(23552K) From: 41184K(123904K)->23712K(125952K)
[13.961s][info][gc,heap        ] GC(205) ParOldGen: 2077755K(2149376K)->2119299K(2149376K)
[13.961s][info][gc,metaspace   ] GC(205) Metaspace: 6298K(6464K)->6298K(6464K) NonClass: 5765K(5824K)->5765K(5824K) Class: 533K(640K)->533K(640K)
[13.961s][info][gc             ] GC(205) Pause Young (Allocation Failure) 2092M->2092M(2245M) 49.997ms
[13.961s][info][gc,cpu         ] GC(205) User=0.17s Sys=0.06s Real=0.05s
[13.962s][info][gc,start       ] GC(206) Pause Full (Ergonomics)
[13.962s][info][gc,phases,start] GC(206) Marking Phase
[14.448s][info][gc,phases      ] GC(206) Marking Phase 486.628ms
[14.448s][info][gc,phases,start] GC(206) Summary Phase
[14.448s][info][gc,phases      ] GC(206) Summary Phase 0.050ms
[14.448s][info][gc,phases,start] GC(206) Adjust Roots
[14.449s][info][gc,phases      ] GC(206) Adjust Roots 0.209ms
[14.449s][info][gc,phases,start] GC(206) Compaction Phase
[14.659s][info][gc,phases      ] GC(206) Compaction Phase 210.301ms
[14.659s][info][gc,phases,start] GC(206) Post Compact
[14.663s][info][gc,phases      ] GC(206) Post Compact 3.963ms
[14.665s][info][gc,heap        ] GC(206) PSYoungGen: 23712K(149504K)->0K(152576K) Eden: 0K(23552K)->0K(27136K) From: 23712K(125952K)->0K(125440K)
[14.665s][info][gc,heap        ] GC(206) ParOldGen: 2119299K(2149376K)->2140051K(2385408K)
[14.665s][info][gc,metaspace   ] GC(206) Metaspace: 6298K(6464K)->6298K(6464K) NonClass: 5765K(5824K)->5765K(5824K) Class: 533K(640K)->533K(640K)
[14.665s][info][gc             ] GC(206) Pause Full (Ergonomics) 2092M->2089M(2478M) 703.609ms
[14.665s][info][gc,cpu         ] GC(206) User=4.97s Sys=0.06s Real=0.70s
[14.695s][info][gc,start       ] GC(207) Pause Young (Allocation Failure)
[14.720s][info][gc,heap        ] GC(207) PSYoungGen: 27136K(152576K)->27264K(152576K) Eden: 27136K(27136K)->0K(27136K) From: 0K(125440K)->27264K(125440K)
[14.720s][info][gc,heap        ] GC(207) ParOldGen: 2140051K(2385408K)->2140051K(2385408K)
[14.720s][info][gc,metaspace   ] GC(207) Metaspace: 6298K(6464K)->6298K(6464K) NonClass: 5765K(5824K)->5765K(5824K) Class: 533K(640K)->533K(640K)
[14.720s][info][gc             ] GC(207) Pause Young (Allocation Failure) 2116M->2116M(2478M) 24.378ms
[14.720s][info][gc,cpu         ] GC(207) User=0.05s Sys=0.00s Real=0.03s
[14.752s][info][gc,start       ] GC(208) Pause Young (Allocation Failure)
[14.793s][info][gc,heap        ] GC(208) PSYoungGen: 54400K(152576K)->27296K(148992K) Eden: 27136K(27136K)->0K(30208K) From: 27264K(125440K)->27296K(118784K)
[14.793s][info][gc,heap        ] GC(208) ParOldGen: 2140051K(2385408K)->2167603K(2385408K)
[14.793s][info][gc,metaspace   ] GC(208) Metaspace: 6298K(6464K)->6298K(6464K) NonClass: 5765K(5824K)->5765K(5824K) Class: 533K(640K)->533K(640K)
[14.793s][info][gc             ] GC(208) Pause Young (Allocation Failure) 2143M->2143M(2475M) 41.245ms
[14.793s][info][gc,cpu         ] GC(208) User=0.16s Sys=0.09s Real=0.04s
[14.834s][info][gc,start       ] GC(209) Pause Young (Allocation Failure)
[14.875s][info][gc,heap        ] GC(209) PSYoungGen: 57504K(148992K)->30400K(151552K) Eden: 30208K(30208K)->0K(30208K) From: 27296K(118784K)->30400K(121344K)
[14.875s][info][gc,heap        ] GC(209) ParOldGen: 2167603K(2385408K)->2195155K(2385408K)
[14.875s][info][gc,metaspace   ] GC(209) Metaspace: 6298K(6464K)->6298K(6464K) NonClass: 5765K(5824K)->5765K(5824K) Class: 533K(640K)->533K(640K)
[14.875s][info][gc             ] GC(209) Pause Young (Allocation Failure) 2172M->2173M(2477M) 41.337ms
[14.875s][info][gc,cpu         ] GC(209) User=0.17s Sys=0.09s Real=0.04s
[14.917s][info][gc,start       ] GC(210) Pause Young (Allocation Failure)
[14.962s][info][gc,heap        ] GC(210) PSYoungGen: 60608K(151552K)->30368K(144384K) Eden: 30208K(30208K)->0K(33792K) From: 30400K(121344K)->30368K(110592K)
[14.962s][info][gc,heap        ] GC(210) ParOldGen: 2195155K(2385408K)->2225827K(2385408K)
[14.962s][info][gc,metaspace   ] GC(210) Metaspace: 6298K(6464K)->6298K(6464K) NonClass: 5765K(5824K)->5765K(5824K) Class: 533K(640K)->533K(640K)
[14.962s][info][gc             ] GC(210) Pause Young (Allocation Failure) 2202M->2203M(2470M) 44.832ms
[14.962s][info][gc,cpu         ] GC(210) User=0.11s Sys=0.12s Real=0.05s
[15.001s][info][gc,start       ] GC(211) Pause Young (Allocation Failure)
[15.049s][info][gc,heap        ] GC(211) PSYoungGen: 64160K(144384K)->33952K(147968K) Eden: 33792K(33792K)->0K(33792K) From: 30368K(110592K)->33952K(114176K)
[15.049s][info][gc,heap        ] GC(211) ParOldGen: 2225827K(2385408K)->2256523K(2385408K)
[15.049s][info][gc,metaspace   ] GC(211) Metaspace: 6298K(6464K)->6298K(6464K) NonClass: 5765K(5824K)->5765K(5824K) Class: 533K(640K)->533K(640K)
[15.049s][info][gc             ] GC(211) Pause Young (Allocation Failure) 2236M->2236M(2474M) 47.613ms
[15.049s][info][gc,cpu         ] GC(211) User=0.20s Sys=0.06s Real=0.05s
[15.089s][info][gc,start       ] GC(212) Pause Young (Allocation Failure)
[15.138s][info][gc,heap        ] GC(212) PSYoungGen: 67744K(147968K)->33952K(138752K) Eden: 33792K(33792K)->0K(37888K) From: 33952K(114176K)->33952K(100864K)
[15.138s][info][gc,heap        ] GC(212) ParOldGen: 2256523K(2385408K)->2290627K(2385408K)
[15.138s][info][gc,metaspace   ] GC(212) Metaspace: 6298K(6464K)->6298K(6464K) NonClass: 5765K(5824K)->5765K(5824K) Class: 533K(640K)->533K(640K)
[15.138s][info][gc             ] GC(212) Pause Young (Allocation Failure) 2269M->2270M(2465M) 48.938ms
[15.138s][info][gc,cpu         ] GC(212) User=0.25s Sys=0.11s Real=0.05s
[15.182s][info][gc,start       ] GC(213) Pause Young (Allocation Failure)
[15.232s][info][gc,heap        ] GC(213) PSYoungGen: 71840K(138752K)->38048K(76288K) Eden: 37888K(37888K)->0K(37888K) From: 33952K(100864K)->38048K(38400K)
[15.232s][info][gc,heap        ] GC(213) ParOldGen: 2290627K(2385408K)->2324723K(2385408K)
[15.232s][info][gc,metaspace   ] GC(213) Metaspace: 6298K(6464K)->6298K(6464K) NonClass: 5765K(5824K)->5765K(5824K) Class: 533K(640K)->533K(640K)
[15.232s][info][gc             ] GC(213) Pause Young (Allocation Failure) 2307M->2307M(2404M) 49.813ms
[15.232s][info][gc,cpu         ] GC(213) User=0.31s Sys=0.08s Real=0.05s
[15.279s][info][gc,start       ] GC(214) Pause Young (Allocation Failure)
[15.334s][info][gc,heap        ] GC(214) PSYoungGen: 75936K(76288K)->38112K(133632K) Eden: 37888K(37888K)->0K(41984K) From: 38048K(38400K)->38112K(91648K)
[15.334s][info][gc,heap        ] GC(214) ParOldGen: 2324723K(2385408K)->2362939K(2385408K)
[15.334s][info][gc,metaspace   ] GC(214) Metaspace: 6298K(6464K)->6298K(6464K) NonClass: 5765K(5824K)->5765K(5824K) Class: 533K(640K)->533K(640K)
[15.334s][info][gc             ] GC(214) Pause Young (Allocation Failure) 2344M->2344M(2460M) 55.200ms
[15.334s][info][gc,cpu         ] GC(214) User=0.28s Sys=0.05s Real=0.06s
[15.334s][info][gc,start       ] GC(215) Pause Full (Ergonomics)
[15.334s][info][gc,phases,start] GC(215) Marking Phase
[15.881s][info][gc,phases      ] GC(215) Marking Phase 546.899ms
[15.881s][info][gc,phases,start] GC(215) Summary Phase
[15.881s][info][gc,phases      ] GC(215) Summary Phase 0.047ms
[15.881s][info][gc,phases,start] GC(215) Adjust Roots
[15.881s][info][gc,phases      ] GC(215) Adjust Roots 0.197ms
[15.881s][info][gc,phases,start] GC(215) Compaction Phase
[16.132s][info][gc,phases      ] GC(215) Compaction Phase 250.468ms
[16.132s][info][gc,phases,start] GC(215) Post Compact
[16.137s][info][gc,phases      ] GC(215) Post Compact 4.786ms
[16.138s][info][gc,heap        ] GC(215) PSYoungGen: 38112K(133632K)->12812K(138240K) Eden: 0K(41984K)->0K(46592K) From: 38112K(91648K)->12812K(91648K)
[16.138s][info][gc,heap        ] GC(215) ParOldGen: 2362939K(2385408K)->2385033K(2640384K)
[16.138s][info][gc,metaspace   ] GC(215) Metaspace: 6298K(6464K)->6298K(6464K) NonClass: 5765K(5824K)->5765K(5824K) Class: 533K(640K)->533K(640K)
[16.138s][info][gc             ] GC(215) Pause Full (Ergonomics) 2344M->2341M(2713M) 803.980ms
[16.138s][info][gc,cpu         ] GC(215) User=5.69s Sys=0.05s Real=0.80s
[16.200s][info][gc,start       ] GC(216) Pause Young (Allocation Failure)
[16.340s][info][gc,heap        ] GC(216) PSYoungGen: 59404K(138240K)->46816K(142848K) Eden: 46592K(46592K)->0K(46592K) From: 12812K(91648K)->46816K(96256K)
[16.340s][info][gc,heap        ] GC(216) ParOldGen: 2385033K(2640384K)->2397993K(2640384K)
[16.340s][info][gc,metaspace   ] GC(216) Metaspace: 6298K(6464K)->6298K(6464K) NonClass: 5765K(5824K)->5765K(5824K) Class: 533K(640K)->533K(640K)
[16.340s][info][gc             ] GC(216) Pause Young (Allocation Failure) 2387M->2387M(2718M) 139.389ms
[16.340s][info][gc,cpu         ] GC(216) User=0.80s Sys=0.03s Real=0.14s
[16.396s][info][gc,start       ] GC(217) Pause Young (Allocation Failure)
[16.451s][info][gc,heap        ] GC(217) PSYoungGen: 93408K(142848K)->92160K(130048K) Eden: 46592K(46592K)->0K(37888K) From: 46816K(96256K)->92160K(92160K)
[16.451s][info][gc,heap        ] GC(217) ParOldGen: 2397993K(2640384K)->2399241K(2640384K)
[16.451s][info][gc,metaspace   ] GC(217) Metaspace: 6298K(6464K)->6298K(6464K) NonClass: 5765K(5824K)->5765K(5824K) Class: 533K(640K)->533K(640K)
[16.451s][info][gc             ] GC(217) Pause Young (Allocation Failure) 2433M->2433M(2705M) 55.717ms
[16.451s][info][gc,cpu         ] GC(217) User=0.36s Sys=0.00s Real=0.06s
[16.499s][info][gc,start       ] GC(218) Pause Young (Allocation Failure)
[16.603s][info][gc,heap        ] GC(218) PSYoungGen: 130048K(130048K)->38080K(143360K) Eden: 37888K(37888K)->0K(37888K) From: 92160K(92160K)->38080K(105472K)
[16.603s][info][gc,heap        ] GC(218) ParOldGen: 2399241K(2640384K)->2491985K(2640384K)
[16.603s][info][gc,metaspace   ] GC(218) Metaspace: 6298K(6464K)->6298K(6464K) NonClass: 5765K(5824K)->5765K(5824K) Class: 533K(640K)->533K(640K)
[16.603s][info][gc             ] GC(218) Pause Young (Allocation Failure) 2470M->2470M(2718M) 103.803ms
[16.603s][info][gc,cpu         ] GC(218) User=0.42s Sys=0.28s Real=0.10s
[16.647s][info][gc,start       ] GC(219) Pause Young (Allocation Failure)
[16.702s][info][gc,heap        ] GC(219) PSYoungGen: 75968K(143360K)->38080K(135680K) Eden: 37888K(37888K)->0K(41984K) From: 38080K(105472K)->38080K(93696K)
[16.702s][info][gc,heap        ] GC(219) ParOldGen: 2491985K(2640384K)->2530209K(2640384K)
[16.702s][info][gc,metaspace   ] GC(219) Metaspace: 6298K(6464K)->6298K(6464K) NonClass: 5765K(5824K)->5765K(5824K) Class: 533K(640K)->533K(640K)
[16.702s][info][gc             ] GC(219) Pause Young (Allocation Failure) 2507M->2508M(2711M) 55.354ms
[16.702s][info][gc,cpu         ] GC(219) User=0.30s Sys=0.06s Real=0.06s
[16.757s][info][gc,start       ] GC(220) Pause Young (Allocation Failure)
[16.813s][info][gc,heap        ] GC(220) PSYoungGen: 80064K(135680K)->42144K(139776K) Eden: 41984K(41984K)->0K(41984K) From: 38080K(93696K)->42144K(97792K)
[16.813s][info][gc,heap        ] GC(220) ParOldGen: 2530209K(2640384K)->2568441K(2640384K)
[16.813s][info][gc,metaspace   ] GC(220) Metaspace: 6298K(6464K)->6298K(6464K) NonClass: 5765K(5824K)->5765K(5824K) Class: 533K(640K)->533K(640K)
[16.813s][info][gc             ] GC(220) Pause Young (Allocation Failure) 2549M->2549M(2715M) 56.601ms
[16.813s][info][gc,cpu         ] GC(220) User=0.23s Sys=0.11s Real=0.06s
[16.813s][info][gc,start       ] GC(221) Pause Full (Ergonomics)
[16.813s][info][gc,phases,start] GC(221) Marking Phase
[17.403s][info][gc,phases      ] GC(221) Marking Phase 589.924ms
[17.403s][info][gc,phases,start] GC(221) Summary Phase
[17.403s][info][gc,phases      ] GC(221) Summary Phase 0.088ms
[17.403s][info][gc,phases,start] GC(221) Adjust Roots
[17.404s][info][gc,phases      ] GC(221) Adjust Roots 0.210ms
[17.404s][info][gc,phases,start] GC(221) Compaction Phase
[17.627s][info][gc,phases      ] GC(221) Compaction Phase 223.283ms
[17.627s][info][gc,phases,start] GC(221) Post Compact
[17.631s][info][gc,phases      ] GC(221) Post Compact 4.454ms
[17.633s][info][gc,heap        ] GC(221) PSYoungGen: 42144K(139776K)->0K(140288K) Eden: 0K(41984K)->0K(46592K) From: 42144K(97792K)->0K(93696K)
[17.634s][info][gc,heap        ] GC(221) ParOldGen: 2568441K(2640384K)->2608628K(2904576K)
[17.634s][info][gc,metaspace   ] GC(221) Metaspace: 6298K(6464K)->6298K(6464K) NonClass: 5765K(5824K)->5765K(5824K) Class: 533K(640K)->533K(640K)
[17.634s][info][gc             ] GC(221) Pause Full (Ergonomics) 2549M->2547M(2973M) 820.295ms
[17.634s][info][gc,cpu         ] GC(221) User=6.03s Sys=0.12s Real=0.82s
[17.694s][info][gc,start       ] GC(222) Pause Young (Allocation Failure)
[17.729s][info][gc,heap        ] GC(222) PSYoungGen: 46592K(140288K)->46752K(140288K) Eden: 46592K(46592K)->0K(46592K) From: 0K(93696K)->46752K(93696K)
[17.729s][info][gc,heap        ] GC(222) ParOldGen: 2608628K(2904576K)->2608628K(2904576K)
[17.729s][info][gc,metaspace   ] GC(222) Metaspace: 6298K(6464K)->6298K(6464K) NonClass: 5765K(5824K)->5765K(5824K) Class: 533K(640K)->533K(640K)
[17.729s][info][gc             ] GC(222) Pause Young (Allocation Failure) 2592M->2593M(2973M) 34.928ms
[17.729s][info][gc,cpu         ] GC(222) User=0.16s Sys=0.00s Real=0.03s
[17.789s][info][gc,start       ] GC(223) Pause Young (Allocation Failure)
[17.842s][info][gc,heap        ] GC(223) PSYoungGen: 93344K(140288K)->89088K(126976K) Eden: 46592K(46592K)->0K(37888K) From: 46752K(93696K)->89088K(89088K)
[17.842s][info][gc,heap        ] GC(223) ParOldGen: 2608628K(2904576K)->2612908K(2904576K)
[17.842s][info][gc,metaspace   ] GC(223) Metaspace: 6298K(6464K)->6298K(6464K) NonClass: 5765K(5824K)->5765K(5824K) Class: 533K(640K)->533K(640K)
[17.842s][info][gc             ] GC(223) Pause Young (Allocation Failure) 2638M->2638M(2960M) 52.805ms
[17.842s][info][gc,cpu         ] GC(223) User=0.27s Sys=0.02s Real=0.05s
[17.884s][info][gc,start       ] GC(224) Pause Young (Allocation Failure)
[17.981s][info][gc,heap        ] GC(224) PSYoungGen: 126976K(126976K)->38048K(140288K) Eden: 37888K(37888K)->0K(37888K) From: 89088K(89088K)->38048K(102400K)
[17.981s][info][gc,heap        ] GC(224) ParOldGen: 2612908K(2904576K)->2702652K(2904576K)
[17.982s][info][gc,metaspace   ] GC(224) Metaspace: 6298K(6464K)->6298K(6464K) NonClass: 5765K(5824K)->5765K(5824K) Class: 533K(640K)->533K(640K)
[17.982s][info][gc             ] GC(224) Pause Young (Allocation Failure) 2675M->2676M(2973M) 97.231ms
[17.982s][info][gc,cpu         ] GC(224) User=0.47s Sys=0.17s Real=0.10s
[18.023s][info][gc,start       ] GC(225) Pause Young (Allocation Failure)
[18.067s][info][gc,heap        ] GC(225) PSYoungGen: 75936K(140288K)->76032K(136192K) Eden: 37888K(37888K)->0K(36864K) From: 38048K(102400K)->76032K(99328K)
[18.067s][info][gc,heap        ] GC(225) ParOldGen: 2702652K(2904576K)->2702652K(2904576K)
[18.067s][info][gc,metaspace   ] GC(225) Metaspace: 6298K(6464K)->6298K(6464K) NonClass: 5765K(5824K)->5765K(5824K) Class: 533K(640K)->533K(640K)
[18.067s][info][gc             ] GC(225) Pause Young (Allocation Failure) 2713M->2713M(2969M) 44.052ms
[18.067s][info][gc,cpu         ] GC(225) User=0.25s Sys=0.00s Real=0.05s
[18.111s][info][gc,start       ] GC(226) Pause Young (Allocation Failure)
[18.183s][info][gc,heap        ] GC(226) PSYoungGen: 112896K(136192K)->75008K(141312K) Eden: 36864K(36864K)->0K(36864K) From: 76032K(99328K)->75008K(104448K)
[18.183s][info][gc,heap        ] GC(226) ParOldGen: 2702652K(2904576K)->2740868K(2904576K)
[18.183s][info][gc,metaspace   ] GC(226) Metaspace: 6298K(6464K)->6298K(6464K) NonClass: 5765K(5824K)->5765K(5824K) Class: 533K(640K)->533K(640K)
[18.183s][info][gc             ] GC(226) Pause Young (Allocation Failure) 2749M->2749M(2974M) 72.012ms
[18.183s][info][gc,cpu         ] GC(226) User=0.39s Sys=0.11s Real=0.07s
[18.836s][info][gc,start       ] GC(227) Pause Full (Ergonomics)
[18.837s][info][gc,phases,start] GC(227) Marking Phase
[19.488s][info][gc,phases      ] GC(227) Marking Phase 651.011ms
[19.488s][info][gc,phases,start] GC(227) Summary Phase
[19.488s][info][gc,phases      ] GC(227) Summary Phase 0.051ms
[19.488s][info][gc,phases,start] GC(227) Adjust Roots
[19.488s][info][gc,phases      ] GC(227) Adjust Roots 0.171ms
[19.488s][info][gc,phases,start] GC(227) Compaction Phase
[19.966s][info][gc,phases      ] GC(227) Compaction Phase 478.362ms
[19.966s][info][gc,phases,start] GC(227) Post Compact
[19.974s][info][gc,phases      ] GC(227) Post Compact 7.434ms
[19.976s][info][gc,heap        ] GC(227) PSYoungGen: 111872K(141312K)->12351K(141312K) Eden: 36864K(36864K)->0K(36864K) From: 75008K(104448K)->12351K(104448K)
[19.976s][info][gc,heap        ] GC(227) ParOldGen: 2871940K(2904576K)->2904314K(3233792K)
[19.976s][info][gc,metaspace   ] GC(227) Metaspace: 6298K(6464K)->6298K(6464K) NonClass: 5765K(5824K)->5765K(5824K) Class: 533K(640K)->533K(640K)
[19.976s][info][gc             ] GC(227) Pause Full (Ergonomics) 2913M->2848M(3296M) 1139.747ms
[19.976s][info][gc,cpu         ] GC(227) User=7.23s Sys=0.11s Real=1.14s
[20.018s][info][gc,start       ] GC(228) Pause Young (Allocation Failure)
[20.178s][info][gc,heap        ] GC(228) PSYoungGen: 49215K(141312K)->41600K(141312K) Eden: 36864K(36864K)->0K(40448K) From: 12351K(104448K)->41600K(100864K)
[20.178s][info][gc,heap        ] GC(228) ParOldGen: 2904314K(3233792K)->2912234K(3233792K)
[20.178s][info][gc,metaspace   ] GC(228) Metaspace: 6298K(6464K)->6298K(6464K) NonClass: 5765K(5824K)->5765K(5824K) Class: 533K(640K)->533K(640K)
[20.178s][info][gc             ] GC(228) Pause Young (Allocation Failure) 2884M->2884M(3296M) 159.491ms
[20.178s][info][gc,cpu         ] GC(228) User=0.91s Sys=0.03s Real=0.16s
[20.223s][info][gc,start       ] GC(229) Pause Young (Allocation Failure)
[20.284s][info][gc,heap        ] GC(229) PSYoungGen: 82048K(141312K)->82112K(144896K) Eden: 40448K(40448K)->0K(40448K) From: 41600K(100864K)->82112K(104448K)
[20.284s][info][gc,heap        ] GC(229) ParOldGen: 2912234K(3233792K)->2912234K(3233792K)
[20.284s][info][gc,metaspace   ] GC(229) Metaspace: 6298K(6464K)->6298K(6464K) NonClass: 5765K(5824K)->5765K(5824K) Class: 533K(640K)->533K(640K)
[20.284s][info][gc             ] GC(229) Pause Young (Allocation Failure) 2924M->2924M(3299M) 61.626ms
[20.284s][info][gc,cpu         ] GC(229) User=0.14s Sys=0.00s Real=0.06s
[20.324s][info][gc,start       ] GC(230) Pause Young (Allocation Failure)
[20.404s][info][gc,heap        ] GC(230) PSYoungGen: 122560K(144896K)->110080K(135680K) Eden: 40448K(40448K)->0K(25600K) From: 82112K(104448K)->110080K(110080K)
[20.405s][info][gc,heap        ] GC(230) ParOldGen: 2912234K(3233792K)->2924746K(3233792K)
[20.405s][info][gc,metaspace   ] GC(230) Metaspace: 6298K(6464K)->6298K(6464K) NonClass: 5765K(5824K)->5765K(5824K) Class: 533K(640K)->533K(640K)
[20.405s][info][gc             ] GC(230) Pause Young (Allocation Failure) 2963M->2963M(3290M) 81.052ms
[20.405s][info][gc,cpu         ] GC(230) User=0.31s Sys=0.14s Real=0.08s
[20.430s][info][gc,start       ] GC(231) Pause Young (Allocation Failure)
[20.511s][info][gc,heap        ] GC(231) PSYoungGen: 135680K(135680K)->95872K(154624K) Eden: 25600K(25600K)->0K(25600K) From: 110080K(110080K)->95872K(129024K)
[20.511s][info][gc,heap        ] GC(231) ParOldGen: 2924746K(3233792K)->2965050K(3233792K)
[20.511s][info][gc,metaspace   ] GC(231) Metaspace: 6298K(6464K)->6298K(6464K) NonClass: 5765K(5824K)->5765K(5824K) Class: 533K(640K)->533K(640K)
[20.511s][info][gc             ] GC(231) Pause Young (Allocation Failure) 2988M->2989M(3309M) 80.738ms
[20.511s][info][gc,cpu         ] GC(231) User=0.30s Sys=0.11s Real=0.08s
[20.536s][info][gc,start       ] GC(232) Pause Young (Allocation Failure)
[20.613s][info][gc,heap        ] GC(232) PSYoungGen: 121472K(154624K)->81408K(162304K) Eden: 25600K(25600K)->0K(29184K) From: 95872K(129024K)->81408K(133120K)
[20.613s][info][gc,heap        ] GC(232) ParOldGen: 2965050K(3233792K)->3005442K(3233792K)
[20.613s][info][gc,metaspace   ] GC(232) Metaspace: 6298K(6464K)->6298K(6464K) NonClass: 5765K(5824K)->5765K(5824K) Class: 533K(640K)->533K(640K)
[20.613s][info][gc             ] GC(232) Pause Young (Allocation Failure) 3014M->3014M(3316M) 77.471ms
[20.613s][info][gc,cpu         ] GC(232) User=0.34s Sys=0.09s Real=0.08s
[20.640s][info][gc,start       ] GC(233) Pause Young (Allocation Failure)
[20.718s][info][gc,heap        ] GC(233) PSYoungGen: 110592K(162304K)->54976K(84480K) Eden: 29184K(29184K)->0K(29184K) From: 81408K(133120K)->54976K(55296K)
[20.718s][info][gc,heap        ] GC(233) ParOldGen: 3005442K(3233792K)->3061506K(3233792K)
[20.718s][info][gc,metaspace   ] GC(233) Metaspace: 6298K(6464K)->6298K(6464K) NonClass: 5765K(5824K)->5765K(5824K) Class: 533K(640K)->533K(640K)
[20.718s][info][gc             ] GC(233) Pause Young (Allocation Failure) 3043M->3043M(3240M) 78.325ms
[20.718s][info][gc,cpu         ] GC(233) User=0.14s Sys=0.27s Real=0.08s
[20.747s][info][gc,start       ] GC(234) Pause Young (Allocation Failure)
[20.817s][info][gc,heap        ] GC(234) PSYoungGen: 84160K(84480K)->29344K(162304K) Eden: 29184K(29184K)->0K(33280K) From: 54976K(55296K)->29344K(129024K)
[20.817s][info][gc,heap        ] GC(234) ParOldGen: 3061506K(3233792K)->3116754K(3233792K)
[20.817s][info][gc,metaspace   ] GC(234) Metaspace: 6298K(6464K)->6298K(6464K) NonClass: 5765K(5824K)->5765K(5824K) Class: 533K(640K)->533K(640K)
[20.818s][info][gc             ] GC(234) Pause Young (Allocation Failure) 3071M->3072M(3316M) 70.224ms
[20.818s][info][gc,cpu         ] GC(234) User=0.16s Sys=0.19s Real=0.07s
[20.854s][info][gc,start       ] GC(235) Pause Young (Allocation Failure)
[20.913s][info][gc,heap        ] GC(235) PSYoungGen: 62624K(162304K)->33440K(162304K) Eden: 33280K(33280K)->0K(33280K) From: 29344K(129024K)->33440K(129024K)
[20.913s][info][gc,heap        ] GC(235) ParOldGen: 3116754K(3233792K)->3146218K(3233792K)
[20.913s][info][gc,metaspace   ] GC(235) Metaspace: 6298K(6464K)->6298K(6464K) NonClass: 5765K(5824K)->5765K(5824K) Class: 533K(640K)->533K(640K)
[20.913s][info][gc             ] GC(235) Pause Young (Allocation Failure) 3104M->3105M(3316M) 59.084ms
[20.913s][info][gc,cpu         ] GC(235) User=0.14s Sys=0.11s Real=0.06s
[20.950s][info][gc,start       ] GC(236) Pause Young (Allocation Failure)
[21.010s][info][gc,heap        ] GC(236) PSYoungGen: 66720K(162304K)->33472K(161280K) Eden: 33280K(33280K)->0K(37888K) From: 33440K(129024K)->33472K(123392K)
[21.010s][info][gc,heap        ] GC(236) ParOldGen: 3146218K(3233792K)->3179802K(3233792K)
[21.010s][info][gc,metaspace   ] GC(236) Metaspace: 6298K(6464K)->6298K(6464K) NonClass: 5765K(5824K)->5765K(5824K) Class: 533K(640K)->533K(640K)
[21.010s][info][gc             ] GC(236) Pause Young (Allocation Failure) 3137M->3137M(3315M) 59.565ms
[21.010s][info][gc,cpu         ] GC(236) User=0.16s Sys=0.09s Real=0.06s
[21.010s][info][gc,start       ] GC(237) Pause Full (Ergonomics)
[21.010s][info][gc,phases,start] GC(237) Marking Phase
[21.738s][info][gc,phases      ] GC(237) Marking Phase 728.610ms
[21.738s][info][gc,phases,start] GC(237) Summary Phase
[21.739s][info][gc,phases      ] GC(237) Summary Phase 0.096ms
[21.739s][info][gc,phases,start] GC(237) Adjust Roots
[21.739s][info][gc,phases      ] GC(237) Adjust Roots 0.312ms
[21.739s][info][gc,phases,start] GC(237) Compaction Phase
[22.081s][info][gc,phases      ] GC(237) Compaction Phase 342.482ms
[22.081s][info][gc,phases,start] GC(237) Post Compact
[22.088s][info][gc,phases      ] GC(237) Post Compact 6.571ms
[22.091s][info][gc,heap        ] GC(237) PSYoungGen: 33472K(161280K)->0K(163328K) Eden: 0K(37888K)->0K(37888K) From: 33472K(123392K)->0K(125440K)
[22.091s][info][gc,heap        ] GC(237) ParOldGen: 3179802K(3233792K)->3210278K(3558400K)
[22.091s][info][gc,metaspace   ] GC(237) Metaspace: 6298K(6464K)->6298K(6464K) NonClass: 5765K(5824K)->5765K(5824K) Class: 533K(640K)->533K(640K)
[22.091s][info][gc             ] GC(237) Pause Full (Ergonomics) 3137M->3135M(3634M) 1081.195ms
[22.091s][info][gc,cpu         ] GC(237) User=7.53s Sys=0.09s Real=1.08s
[22.135s][info][gc,start       ] GC(238) Pause Young (Allocation Failure)
[22.176s][info][gc,heap        ] GC(238) PSYoungGen: 37888K(163328K)->38080K(159232K) Eden: 37888K(37888K)->0K(41984K) From: 0K(125440K)->38080K(117248K)
[22.176s][info][gc,heap        ] GC(238) ParOldGen: 3210278K(3558400K)->3210278K(3558400K)
[22.176s][info][gc,metaspace   ] GC(238) Metaspace: 6298K(6464K)->6298K(6464K) NonClass: 5765K(5824K)->5765K(5824K) Class: 533K(640K)->533K(640K)
[22.176s][info][gc             ] GC(238) Pause Young (Allocation Failure) 3172M->3172M(3630M) 41.308ms
[22.176s][info][gc,cpu         ] GC(238) User=0.06s Sys=0.00s Real=0.04s
[22.219s][info][gc,start       ] GC(239) Pause Young (Allocation Failure)
[22.282s][info][gc,heap        ] GC(239) PSYoungGen: 80064K(159232K)->42176K(163840K) Eden: 41984K(41984K)->0K(41984K) From: 38080K(117248K)->42176K(121856K)
[22.282s][info][gc,heap        ] GC(239) ParOldGen: 3210278K(3558400K)->3248510K(3558400K)
[22.282s][info][gc,metaspace   ] GC(239) Metaspace: 6298K(6464K)->6298K(6464K) NonClass: 5765K(5824K)->5765K(5824K) Class: 533K(640K)->533K(640K)
[22.282s][info][gc             ] GC(239) Pause Young (Allocation Failure) 3213M->3213M(3635M) 63.668ms
[22.282s][info][gc,cpu         ] GC(239) User=0.14s Sys=0.12s Real=0.06s
[22.325s][info][gc,start       ] GC(240) Pause Young (Allocation Failure)
[22.387s][info][gc,heap        ] GC(240) PSYoungGen: 84160K(163840K)->42176K(156672K) Eden: 41984K(41984K)->0K(47104K) From: 42176K(121856K)->42176K(109568K)
[22.387s][info][gc,heap        ] GC(240) ParOldGen: 3248510K(3558400K)->3290870K(3558400K)
[22.388s][info][gc,metaspace   ] GC(240) Metaspace: 6298K(6464K)->6298K(6464K) NonClass: 5765K(5824K)->5765K(5824K) Class: 533K(640K)->533K(640K)
[22.388s][info][gc             ] GC(240) Pause Young (Allocation Failure) 3254M->3254M(3628M) 62.366ms
[22.388s][info][gc,cpu         ] GC(240) User=0.27s Sys=0.12s Real=0.06s
[22.438s][info][gc,start       ] GC(241) Pause Young (Allocation Failure)
[22.505s][info][gc,heap        ] GC(241) PSYoungGen: 89280K(156672K)->47296K(160256K) Eden: 47104K(47104K)->0K(47104K) From: 42176K(109568K)->47296K(113152K)
[22.505s][info][gc,heap        ] GC(241) ParOldGen: 3290870K(3558400K)->3333230K(3558400K)
[22.505s][info][gc,metaspace   ] GC(241) Metaspace: 6298K(6464K)->6298K(6464K) NonClass: 5765K(5824K)->5765K(5824K) Class: 533K(640K)->533K(640K)
[22.505s][info][gc             ] GC(241) Pause Young (Allocation Failure) 3300M->3301M(3631M) 67.448ms
[22.505s][info][gc,cpu         ] GC(241) User=0.19s Sys=0.17s Real=0.07s
[22.557s][info][gc,start       ] GC(242) Pause Young (Allocation Failure)
[22.629s][info][gc,heap        ] GC(242) PSYoungGen: 94400K(160256K)->47296K(151552K) Eden: 47104K(47104K)->0K(52736K) From: 47296K(113152K)->47296K(98816K)
[22.629s][info][gc,heap        ] GC(242) ParOldGen: 3333230K(3558400K)->3380766K(3558400K)
[22.629s][info][gc,metaspace   ] GC(242) Metaspace: 6298K(6464K)->6298K(6464K) NonClass: 5765K(5824K)->5765K(5824K) Class: 533K(640K)->533K(640K)
[22.629s][info][gc             ] GC(242) Pause Young (Allocation Failure) 3347M->3347M(3623M) 72.787ms
[22.629s][info][gc,cpu         ] GC(242) User=0.25s Sys=0.09s Real=0.07s
[22.684s][info][gc,start       ] GC(243) Pause Young (Allocation Failure)
[22.758s][info][gc,heap        ] GC(243) PSYoungGen: 100032K(151552K)->52928K(156160K) Eden: 52736K(52736K)->0K(52736K) From: 47296K(98816K)->52928K(103424K)
[22.758s][info][gc,heap        ] GC(243) ParOldGen: 3380766K(3558400K)->3428302K(3558400K)
[22.758s][info][gc,metaspace   ] GC(243) Metaspace: 6298K(6464K)->6298K(6464K) NonClass: 5765K(5824K)->5765K(5824K) Class: 533K(640K)->533K(640K)
[22.758s][info][gc             ] GC(243) Pause Young (Allocation Failure) 3399M->3399M(3627M) 73.477ms
[22.758s][info][gc,cpu         ] GC(243) User=0.16s Sys=0.16s Real=0.07s
[22.809s][info][gc,start       ] GC(244) Pause Young (Allocation Failure)
[22.885s][info][gc,heap        ] GC(244) PSYoungGen: 105664K(156160K)->52960K(148992K) Eden: 52736K(52736K)->0K(58880K) From: 52928K(103424K)->52960K(90112K)
[22.885s][info][gc,heap        ] GC(244) ParOldGen: 3428302K(3558400K)->3481502K(3558400K)
[22.885s][info][gc,metaspace   ] GC(244) Metaspace: 6298K(6464K)->6298K(6464K) NonClass: 5765K(5824K)->5765K(5824K) Class: 533K(640K)->533K(640K)
[22.885s][info][gc             ] GC(244) Pause Young (Allocation Failure) 3451M->3451M(3620M) 75.921ms
[22.885s][info][gc,cpu         ] GC(244) User=0.25s Sys=0.12s Real=0.08s
[22.885s][info][gc,start       ] GC(245) Pause Full (Ergonomics)
[22.885s][info][gc,phases,start] GC(245) Marking Phase
[23.682s][info][gc,phases      ] GC(245) Marking Phase 796.799ms
[23.682s][info][gc,phases,start] GC(245) Summary Phase
[23.682s][info][gc,phases      ] GC(245) Summary Phase 0.098ms
[23.682s][info][gc,phases,start] GC(245) Adjust Roots
[23.682s][info][gc,phases      ] GC(245) Adjust Roots 0.301ms
[23.682s][info][gc,phases,start] GC(245) Compaction Phase
[24.066s][info][gc,phases      ] GC(245) Compaction Phase 383.460ms
[24.066s][info][gc,phases,start] GC(245) Post Compact
[24.072s][info][gc,phases      ] GC(245) Post Compact 6.771ms
[24.073s][info][gc,heap        ] GC(245) PSYoungGen: 52960K(148992K)->0K(153088K) Eden: 0K(58880K)->0K(58880K) From: 52960K(90112K)->0K(94208K)
[24.073s][info][gc,heap        ] GC(245) ParOldGen: 3481502K(3558400K)->3531590K(3618304K)
[24.073s][info][gc,metaspace   ] GC(245) Metaspace: 6298K(6464K)->6298K(6464K) NonClass: 5765K(5824K)->5765K(5824K) Class: 533K(640K)->533K(640K)
[24.073s][info][gc             ] GC(245) Pause Full (Ergonomics) 3451M->3448M(3683M) 1188.189ms
[24.073s][info][gc,cpu         ] GC(245) User=7.94s Sys=0.06s Real=1.19s
[24.132s][info][gc,start       ] GC(246) Pause Young (Allocation Failure)
[24.180s][info][gc,heap        ] GC(246) PSYoungGen: 58880K(153088K)->59072K(154112K) Eden: 58880K(58880K)->0K(64512K) From: 0K(94208K)->59072K(89600K)
[24.180s][info][gc,heap        ] GC(246) ParOldGen: 3531590K(3618304K)->3531590K(3618304K)
[24.181s][info][gc,metaspace   ] GC(246) Metaspace: 6298K(6464K)->6298K(6464K) NonClass: 5765K(5824K)->5765K(5824K) Class: 533K(640K)->533K(640K)
[24.181s][info][gc             ] GC(246) Pause Young (Allocation Failure) 3506M->3506M(3684M) 48.557ms
[24.181s][info][gc,cpu         ] GC(246) User=0.14s Sys=0.00s Real=0.05s
[24.255s][info][gc,start       ] GC(247) Pause Young (Allocation Failure)
[24.337s][info][gc,heap        ] GC(247) PSYoungGen: 123584K(154112K)->92672K(157184K) Eden: 64512K(64512K)->0K(64512K) From: 59072K(89600K)->92672K(92672K)
[24.337s][info][gc,heap        ] GC(247) ParOldGen: 3531590K(3618304K)->3562742K(3618304K)
[24.337s][info][gc,metaspace   ] GC(247) Metaspace: 6298K(6464K)->6298K(6464K) NonClass: 5765K(5824K)->5765K(5824K) Class: 533K(640K)->533K(640K)
[24.337s][info][gc             ] GC(247) Pause Young (Allocation Failure) 3569M->3569M(3687M) 81.915ms
[24.337s][info][gc,cpu         ] GC(247) User=0.33s Sys=0.08s Real=0.08s
[24.337s][info][gc,start       ] GC(248) Pause Full (Ergonomics)
[24.337s][info][gc,phases,start] GC(248) Marking Phase
[25.166s][info][gc,phases      ] GC(248) Marking Phase 828.959ms
[25.166s][info][gc,phases,start] GC(248) Summary Phase
[25.166s][info][gc,phases      ] GC(248) Summary Phase 0.069ms
[25.167s][info][gc,phases,start] GC(248) Adjust Roots
[25.167s][info][gc,phases      ] GC(248) Adjust Roots 0.222ms
[25.167s][info][gc,phases,start] GC(248) Compaction Phase
[25.481s][info][gc,phases      ] GC(248) Compaction Phase 314.539ms
[25.481s][info][gc,phases,start] GC(248) Post Compact
[25.489s][info][gc,phases      ] GC(248) Post Compact 7.427ms
[25.489s][info][gc,heap        ] GC(248) PSYoungGen: 92672K(157184K)->36770K(157184K) Eden: 0K(64512K)->0K(64512K) From: 92672K(92672K)->36770K(92672K)
[25.489s][info][gc,heap        ] GC(248) ParOldGen: 3562742K(3618304K)->3618144K(3618304K)
[25.489s][info][gc,metaspace   ] GC(248) Metaspace: 6298K(6464K)->6298K(6464K) NonClass: 5765K(5824K)->5765K(5824K) Class: 533K(640K)->533K(640K)
[25.489s][info][gc             ] GC(248) Pause Full (Ergonomics) 3569M->3569M(3687M) 1151.582ms
[25.489s][info][gc,cpu         ] GC(248) User=8.03s Sys=0.11s Real=1.15s
[25.558s][info][gc,start       ] GC(249) Pause Full (Ergonomics)
[25.558s][info][gc,phases,start] GC(249) Marking Phase
[26.426s][info][gc,phases      ] GC(249) Marking Phase 867.368ms
[26.426s][info][gc,phases,start] GC(249) Summary Phase
[26.426s][info][gc,phases      ] GC(249) Summary Phase 0.122ms
[26.426s][info][gc,phases,start] GC(249) Adjust Roots
[26.426s][info][gc,phases      ] GC(249) Adjust Roots 0.326ms
[26.426s][info][gc,phases,start] GC(249) Compaction Phase
[26.714s][info][gc,phases      ] GC(249) Compaction Phase 287.245ms
[26.714s][info][gc,phases,start] GC(249) Post Compact
[26.722s][info][gc,phases      ] GC(249) Post Compact 8.238ms
[26.722s][info][gc,heap        ] GC(249) PSYoungGen: 101282K(157184K)->101252K(157184K) Eden: 64512K(64512K)->64482K(64512K) From: 36770K(92672K)->36770K(92672K)
[26.722s][info][gc,heap        ] GC(249) ParOldGen: 3618144K(3618304K)->3618144K(3618304K)
[26.722s][info][gc,metaspace   ] GC(249) Metaspace: 6298K(6464K)->6298K(6464K) NonClass: 5765K(5824K)->5765K(5824K) Class: 533K(640K)->533K(640K)
[26.722s][info][gc             ] GC(249) Pause Full (Ergonomics) 3632M->3632M(3687M) 1163.838ms
[26.722s][info][gc,cpu         ] GC(249) User=8.16s Sys=0.02s Real=1.16s
[26.722s][info][gc,start       ] GC(250) Pause Full (Ergonomics)
[26.722s][info][gc,phases,start] GC(250) Marking Phase
[27.581s][info][gc,phases      ] GC(250) Marking Phase 858.290ms
[27.581s][info][gc,phases,start] GC(250) Summary Phase
[27.581s][info][gc,phases      ] GC(250) Summary Phase 0.087ms
[27.581s][info][gc,phases,start] GC(250) Adjust Roots
[27.581s][info][gc,phases      ] GC(250) Adjust Roots 0.281ms
[27.581s][info][gc,phases,start] GC(250) Compaction Phase
[27.901s][info][gc,phases      ] GC(250) Compaction Phase 319.995ms
[27.901s][info][gc,phases,start] GC(250) Post Compact
[27.910s][info][gc,phases      ] GC(250) Post Compact 8.376ms
[27.910s][info][gc,heap        ] GC(250) PSYoungGen: 101282K(157184K)->101281K(157184K) Eden: 64512K(64512K)->64511K(64512K) From: 36770K(92672K)->36770K(92672K)
[27.910s][info][gc,heap        ] GC(250) ParOldGen: 3618144K(3618304K)->3618144K(3618304K)
[27.910s][info][gc,metaspace   ] GC(250) Metaspace: 6298K(6464K)->6298K(6464K) NonClass: 5765K(5824K)->5765K(5824K) Class: 533K(640K)->533K(640K)
[27.910s][info][gc             ] GC(250) Pause Full (Ergonomics) 3632M->3632M(3687M) 1187.444ms
[27.910s][info][gc,cpu         ] GC(250) User=8.17s Sys=0.02s Real=1.19s
[27.910s][info][gc,start       ] GC(251) Pause Full (Ergonomics)
[27.910s][info][gc,phases,start] GC(251) Marking Phase
[28.763s][info][gc,phases      ] GC(251) Marking Phase 853.051ms
[28.763s][info][gc,phases,start] GC(251) Summary Phase
[28.763s][info][gc,phases      ] GC(251) Summary Phase 0.045ms
[28.763s][info][gc,phases,start] GC(251) Adjust Roots
[28.763s][info][gc,phases      ] GC(251) Adjust Roots 0.208ms
[28.763s][info][gc,phases,start] GC(251) Compaction Phase
[29.065s][info][gc,phases      ] GC(251) Compaction Phase 301.904ms
[29.065s][info][gc,phases,start] GC(251) Post Compact
[29.073s][info][gc,phases      ] GC(251) Post Compact 8.004ms
[29.074s][info][gc,heap        ] GC(251) PSYoungGen: 101282K(157184K)->101282K(157184K) Eden: 64511K(64512K)->64511K(64512K) From: 36770K(92672K)->36770K(92672K)
[29.074s][info][gc,heap        ] GC(251) ParOldGen: 3618144K(3618304K)->3618144K(3618304K)
[29.074s][info][gc,metaspace   ] GC(251) Metaspace: 6298K(6464K)->6298K(6464K) NonClass: 5765K(5824K)->5765K(5824K) Class: 533K(640K)->533K(640K)
[29.074s][info][gc             ] GC(251) Pause Full (Ergonomics) 3632M->3632M(3687M) 1163.584ms
[29.074s][info][gc,cpu         ] GC(251) User=8.03s Sys=0.00s Real=1.16s
[29.074s][info][gc,start       ] GC(252) Pause Full (Ergonomics)
[29.074s][info][gc,phases,start] GC(252) Marking Phase
[29.907s][info][gc,phases      ] GC(252) Marking Phase 833.389ms
[29.907s][info][gc,phases,start] GC(252) Summary Phase
[29.907s][info][gc,phases      ] GC(252) Summary Phase 0.048ms
[29.907s][info][gc,phases,start] GC(252) Adjust Roots
[29.908s][info][gc,phases      ] GC(252) Adjust Roots 0.189ms
[29.908s][info][gc,phases,start] GC(252) Compaction Phase
[30.214s][info][gc,phases      ] GC(252) Compaction Phase 306.137ms
[30.214s][info][gc,phases,start] GC(252) Post Compact
[30.221s][info][gc,phases      ] GC(252) Post Compact 6.948ms
[30.221s][info][gc,heap        ] GC(252) PSYoungGen: 101282K(157184K)->101282K(157184K) Eden: 64511K(64512K)->64511K(64512K) From: 36770K(92672K)->36770K(92672K)
[30.221s][info][gc,heap        ] GC(252) ParOldGen: 3618149K(3618304K)->3618149K(3618304K)
[30.221s][info][gc,metaspace   ] GC(252) Metaspace: 6298K(6464K)->6298K(6464K) NonClass: 5765K(5824K)->5765K(5824K) Class: 533K(640K)->533K(640K)
[30.221s][info][gc             ] GC(252) Pause Full (Ergonomics) 3632M->3632M(3687M) 1147.048ms
[30.221s][info][gc,cpu         ] GC(252) User=7.81s Sys=0.00s Real=1.15s
[30.221s][info][gc,start       ] GC(253) Pause Full (Ergonomics)
[30.221s][info][gc,phases,start] GC(253) Marking Phase
[31.070s][info][gc,phases      ] GC(253) Marking Phase 848.749ms
[31.070s][info][gc,phases,start] GC(253) Summary Phase
[31.070s][info][gc,phases      ] GC(253) Summary Phase 0.073ms
[31.070s][info][gc,phases,start] GC(253) Adjust Roots
[31.070s][info][gc,phases      ] GC(253) Adjust Roots 0.224ms
[31.070s][info][gc,phases,start] GC(253) Compaction Phase
[31.376s][info][gc,phases      ] GC(253) Compaction Phase 305.506ms
[31.376s][info][gc,phases,start] GC(253) Post Compact
[31.383s][info][gc,phases      ] GC(253) Post Compact 7.022ms
[31.383s][info][gc,heap        ] GC(253) PSYoungGen: 101282K(157184K)->101282K(157184K) Eden: 64511K(64512K)->64511K(64512K) From: 36770K(92672K)->36770K(92672K)
[31.383s][info][gc,heap        ] GC(253) ParOldGen: 3618153K(3618304K)->3618153K(3618304K)
[31.383s][info][gc,metaspace   ] GC(253) Metaspace: 6298K(6464K)->6298K(6464K) NonClass: 5765K(5824K)->5765K(5824K) Class: 533K(640K)->533K(640K)
[31.383s][info][gc             ] GC(253) Pause Full (Ergonomics) 3632M->3632M(3687M) 1161.954ms
[31.383s][info][gc,cpu         ] GC(253) User=8.28s Sys=0.00s Real=1.16s
[31.383s][info][gc,start       ] GC(254) Pause Full (Ergonomics)
[31.383s][info][gc,phases,start] GC(254) Marking Phase
[32.236s][info][gc,phases      ] GC(254) Marking Phase 852.934ms
[32.236s][info][gc,phases,start] GC(254) Summary Phase
[32.236s][info][gc,phases      ] GC(254) Summary Phase 0.045ms
[32.236s][info][gc,phases,start] GC(254) Adjust Roots
[32.237s][info][gc,phases      ] GC(254) Adjust Roots 0.206ms
[32.237s][info][gc,phases,start] GC(254) Compaction Phase
[32.517s][info][gc,phases      ] GC(254) Compaction Phase 279.963ms
[32.517s][info][gc,phases,start] GC(254) Post Compact
[32.524s][info][gc,phases      ] GC(254) Post Compact 7.483ms
[32.524s][info][gc,heap        ] GC(254) PSYoungGen: 101282K(157184K)->101282K(157184K) Eden: 64511K(64512K)->64511K(64512K) From: 36770K(92672K)->36770K(92672K)
[32.524s][info][gc,heap        ] GC(254) ParOldGen: 3618158K(3618304K)->3618158K(3618304K)
[32.524s][info][gc,metaspace   ] GC(254) Metaspace: 6298K(6464K)->6298K(6464K) NonClass: 5765K(5824K)->5765K(5824K) Class: 533K(640K)->533K(640K)
[32.524s][info][gc             ] GC(254) Pause Full (Ergonomics) 3632M->3632M(3687M) 1140.978ms
[32.524s][info][gc,cpu         ] GC(254) User=8.30s Sys=0.00s Real=1.14s
[32.524s][info][gc,start       ] GC(255) Pause Full (Ergonomics)
[32.525s][info][gc,phases,start] GC(255) Marking Phase
[33.397s][info][gc,phases      ] GC(255) Marking Phase 872.907ms
[33.398s][info][gc,phases,start] GC(255) Summary Phase
[33.398s][info][gc,phases      ] GC(255) Summary Phase 0.087ms
[33.398s][info][gc,phases,start] GC(255) Adjust Roots
[33.398s][info][gc,phases      ] GC(255) Adjust Roots 0.294ms
[33.398s][info][gc,phases,start] GC(255) Compaction Phase
[33.713s][info][gc,phases      ] GC(255) Compaction Phase 315.281ms
[33.713s][info][gc,phases,start] GC(255) Post Compact
[33.721s][info][gc,phases      ] GC(255) Post Compact 7.245ms
[33.721s][info][gc,heap        ] GC(255) PSYoungGen: 101282K(157184K)->101282K(157184K) Eden: 64511K(64512K)->64511K(64512K) From: 36770K(92672K)->36770K(92672K)
[33.721s][info][gc,heap        ] GC(255) ParOldGen: 3618163K(3618304K)->3618163K(3618304K)
[33.721s][info][gc,metaspace   ] GC(255) Metaspace: 6298K(6464K)->6298K(6464K) NonClass: 5765K(5824K)->5765K(5824K) Class: 533K(640K)->533K(640K)
[33.721s][info][gc             ] GC(255) Pause Full (Ergonomics) 3632M->3632M(3687M) 1196.224ms
[33.721s][info][gc,cpu         ] GC(255) User=8.41s Sys=0.02s Real=1.20s
[33.721s][info][gc,start       ] GC(256) Pause Full (Ergonomics)
[33.721s][info][gc,phases,start] GC(256) Marking Phase
[34.561s][info][gc,phases      ] GC(256) Marking Phase 839.990ms
[34.561s][info][gc,phases,start] GC(256) Summary Phase
[34.561s][info][gc,phases      ] GC(256) Summary Phase 0.063ms
[34.561s][info][gc,phases,start] GC(256) Adjust Roots
[34.561s][info][gc,phases      ] GC(256) Adjust Roots 0.221ms
[34.561s][info][gc,phases,start] GC(256) Compaction Phase
[34.859s][info][gc,phases      ] GC(256) Compaction Phase 297.494ms
[34.859s][info][gc,phases,start] GC(256) Post Compact
[34.866s][info][gc,phases      ] GC(256) Post Compact 7.111ms
[34.866s][info][gc,heap        ] GC(256) PSYoungGen: 101282K(157184K)->101282K(157184K) Eden: 64511K(64512K)->64511K(64512K) From: 36770K(92672K)->36770K(92672K)
[34.866s][info][gc,heap        ] GC(256) ParOldGen: 3618168K(3618304K)->3618168K(3618304K)
[34.866s][info][gc,metaspace   ] GC(256) Metaspace: 6298K(6464K)->6298K(6464K) NonClass: 5765K(5824K)->5765K(5824K) Class: 533K(640K)->533K(640K)
[34.866s][info][gc             ] GC(256) Pause Full (Ergonomics) 3632M->3632M(3687M) 1145.215ms
[34.866s][info][gc,cpu         ] GC(256) User=8.02s Sys=0.00s Real=1.14s
[34.866s][info][gc,start       ] GC(257) Pause Full (Ergonomics)
[34.866s][info][gc,phases,start] GC(257) Marking Phase
[35.727s][info][gc,phases      ] GC(257) Marking Phase 860.858ms
[35.727s][info][gc,phases,start] GC(257) Summary Phase
[35.727s][info][gc,phases      ] GC(257) Summary Phase 0.054ms
[35.727s][info][gc,phases,start] GC(257) Adjust Roots
[35.728s][info][gc,phases      ] GC(257) Adjust Roots 0.193ms
[35.728s][info][gc,phases,start] GC(257) Compaction Phase
[36.036s][info][gc,phases      ] GC(257) Compaction Phase 308.540ms
[36.036s][info][gc,phases,start] GC(257) Post Compact
[36.043s][info][gc,phases      ] GC(257) Post Compact 6.923ms
[36.043s][info][gc,heap        ] GC(257) PSYoungGen: 101282K(157184K)->101282K(157184K) Eden: 64511K(64512K)->64511K(64512K) From: 36770K(92672K)->36770K(92672K)
[36.043s][info][gc,heap        ] GC(257) ParOldGen: 3618173K(3618304K)->3618173K(3618304K)
[36.043s][info][gc,metaspace   ] GC(257) Metaspace: 6298K(6464K)->6298K(6464K) NonClass: 5765K(5824K)->5765K(5824K) Class: 533K(640K)->533K(640K)
[36.043s][info][gc             ] GC(257) Pause Full (Ergonomics) 3632M->3632M(3687M) 1176.923ms
[36.043s][info][gc,cpu         ] GC(257) User=8.39s Sys=0.00s Real=1.18s
[36.044s][info][gc,start       ] GC(258) Pause Full (Ergonomics)
[36.044s][info][gc,phases,start] GC(258) Marking Phase
[36.897s][info][gc,phases      ] GC(258) Marking Phase 852.965ms
[36.897s][info][gc,phases,start] GC(258) Summary Phase
[36.897s][info][gc,phases      ] GC(258) Summary Phase 0.045ms
[36.897s][info][gc,phases,start] GC(258) Adjust Roots
[36.897s][info][gc,phases      ] GC(258) Adjust Roots 0.172ms
[36.897s][info][gc,phases,start] GC(258) Compaction Phase
[37.230s][info][gc,phases      ] GC(258) Compaction Phase 333.009ms
[37.230s][info][gc,phases,start] GC(258) Post Compact
[37.237s][info][gc,phases      ] GC(258) Post Compact 7.482ms
[37.237s][info][gc,heap        ] GC(258) PSYoungGen: 101282K(157184K)->101282K(157184K) Eden: 64511K(64512K)->64511K(64512K) From: 36770K(92672K)->36770K(92672K)
[37.238s][info][gc,heap        ] GC(258) ParOldGen: 3618178K(3618304K)->3618178K(3618304K)
[37.238s][info][gc,metaspace   ] GC(258) Metaspace: 6298K(6464K)->6298K(6464K) NonClass: 5765K(5824K)->5765K(5824K) Class: 533K(640K)->533K(640K)
[37.238s][info][gc             ] GC(258) Pause Full (Ergonomics) 3632M->3632M(3687M) 1194.018ms
[37.238s][info][gc,cpu         ] GC(258) User=8.41s Sys=0.00s Real=1.19s
[37.238s][info][gc,start       ] GC(259) Pause Full (Ergonomics)
[37.238s][info][gc,phases,start] GC(259) Marking Phase
[38.104s][info][gc,phases      ] GC(259) Marking Phase 866.562ms
[38.104s][info][gc,phases,start] GC(259) Summary Phase
[38.104s][info][gc,phases      ] GC(259) Summary Phase 0.044ms
[38.104s][info][gc,phases,start] GC(259) Adjust Roots
[38.105s][info][gc,phases      ] GC(259) Adjust Roots 0.181ms
[38.105s][info][gc,phases,start] GC(259) Compaction Phase
[38.411s][info][gc,phases      ] GC(259) Compaction Phase 306.288ms
[38.411s][info][gc,phases,start] GC(259) Post Compact
[38.419s][info][gc,phases      ] GC(259) Post Compact 7.978ms
[38.419s][info][gc,heap        ] GC(259) PSYoungGen: 101282K(157184K)->101282K(157184K) Eden: 64511K(64512K)->64511K(64512K) From: 36770K(92672K)->36770K(92672K)
[38.419s][info][gc,heap        ] GC(259) ParOldGen: 3618182K(3618304K)->3618182K(3618304K)
[38.419s][info][gc,metaspace   ] GC(259) Metaspace: 6298K(6464K)->6298K(6464K) NonClass: 5765K(5824K)->5765K(5824K) Class: 533K(640K)->533K(640K)
[38.419s][info][gc             ] GC(259) Pause Full (Ergonomics) 3632M->3632M(3687M) 1181.389ms
[38.419s][info][gc,cpu         ] GC(259) User=8.23s Sys=0.02s Real=1.18s
[38.419s][info][gc,start       ] GC(260) Pause Full (Ergonomics)
[38.419s][info][gc,phases,start] GC(260) Marking Phase
[39.286s][info][gc,phases      ] GC(260) Marking Phase 866.596ms
[39.286s][info][gc,phases,start] GC(260) Summary Phase
[39.286s][info][gc,phases      ] GC(260) Summary Phase 0.052ms
[39.286s][info][gc,phases,start] GC(260) Adjust Roots
[39.286s][info][gc,phases      ] GC(260) Adjust Roots 0.196ms
[39.286s][info][gc,phases,start] GC(260) Compaction Phase
[39.589s][info][gc,phases      ] GC(260) Compaction Phase 302.633ms
[39.589s][info][gc,phases,start] GC(260) Post Compact
[39.596s][info][gc,phases      ] GC(260) Post Compact 7.258ms
[39.596s][info][gc,heap        ] GC(260) PSYoungGen: 101282K(157184K)->101282K(157184K) Eden: 64511K(64512K)->64511K(64512K) From: 36770K(92672K)->36770K(92672K)
[39.596s][info][gc,heap        ] GC(260) ParOldGen: 3618187K(3618304K)->3618187K(3618304K)
[39.596s][info][gc,metaspace   ] GC(260) Metaspace: 6298K(6464K)->6298K(6464K) NonClass: 5765K(5824K)->5765K(5824K) Class: 533K(640K)->533K(640K)
[39.596s][info][gc             ] GC(260) Pause Full (Ergonomics) 3632M->3632M(3687M) 1177.094ms
[39.596s][info][gc,cpu         ] GC(260) User=8.45s Sys=0.00s Real=1.18s
[39.597s][info][gc,start       ] GC(261) Pause Full (Ergonomics)
[39.597s][info][gc,phases,start] GC(261) Marking Phase
[40.452s][info][gc,phases      ] GC(261) Marking Phase 854.824ms
[40.452s][info][gc,phases,start] GC(261) Summary Phase
[40.452s][info][gc,phases      ] GC(261) Summary Phase 0.052ms
[40.452s][info][gc,phases,start] GC(261) Adjust Roots
[40.452s][info][gc,phases      ] GC(261) Adjust Roots 0.181ms
[40.452s][info][gc,phases,start] GC(261) Compaction Phase
[40.754s][info][gc,phases      ] GC(261) Compaction Phase 302.042ms
[40.754s][info][gc,phases,start] GC(261) Post Compact
[40.761s][info][gc,phases      ] GC(261) Post Compact 7.317ms
[40.762s][info][gc,heap        ] GC(261) PSYoungGen: 101282K(157184K)->101282K(157184K) Eden: 64511K(64512K)->64511K(64512K) From: 36770K(92672K)->36770K(92672K)
[40.762s][info][gc,heap        ] GC(261) ParOldGen: 3618192K(3618304K)->3618192K(3618304K)
[40.762s][info][gc,metaspace   ] GC(261) Metaspace: 6298K(6464K)->6298K(6464K) NonClass: 5765K(5824K)->5765K(5824K) Class: 533K(640K)->533K(640K)
[40.762s][info][gc             ] GC(261) Pause Full (Ergonomics) 3632M->3632M(3687M) 1164.789ms
[40.762s][info][gc,cpu         ] GC(261) User=7.98s Sys=0.00s Real=1.16s
[40.762s][info][gc,start       ] GC(262) Pause Full (Ergonomics)
[40.762s][info][gc,phases,start] GC(262) Marking Phase
[41.616s][info][gc,phases      ] GC(262) Marking Phase 854.238ms
[41.616s][info][gc,phases,start] GC(262) Summary Phase
[41.616s][info][gc,phases      ] GC(262) Summary Phase 0.085ms
[41.616s][info][gc,phases,start] GC(262) Adjust Roots
[41.617s][info][gc,phases      ] GC(262) Adjust Roots 0.329ms
[41.617s][info][gc,phases,start] GC(262) Compaction Phase
[41.924s][info][gc,phases      ] GC(262) Compaction Phase 307.205ms
[41.924s][info][gc,phases,start] GC(262) Post Compact
[41.931s][info][gc,phases      ] GC(262) Post Compact 7.372ms
[41.931s][info][gc,heap        ] GC(262) PSYoungGen: 101282K(157184K)->101282K(157184K) Eden: 64511K(64512K)->64511K(64512K) From: 36770K(92672K)->36770K(92672K)
[41.931s][info][gc,heap        ] GC(262) ParOldGen: 3618197K(3618304K)->3618197K(3618304K)
[41.931s][info][gc,metaspace   ] GC(262) Metaspace: 6298K(6464K)->6298K(6464K) NonClass: 5765K(5824K)->5765K(5824K) Class: 533K(640K)->533K(640K)
[41.931s][info][gc             ] GC(262) Pause Full (Ergonomics) 3632M->3632M(3687M) 1169.674ms
[41.931s][info][gc,cpu         ] GC(262) User=8.33s Sys=0.00s Real=1.17s
[41.932s][info][gc,start       ] GC(263) Pause Full (Ergonomics)
[41.932s][info][gc,phases,start] GC(263) Marking Phase
[42.791s][info][gc,phases      ] GC(263) Marking Phase 859.443ms
[42.791s][info][gc,phases,start] GC(263) Summary Phase
[42.791s][info][gc,phases      ] GC(263) Summary Phase 0.044ms
[42.791s][info][gc,phases,start] GC(263) Adjust Roots
[42.792s][info][gc,phases      ] GC(263) Adjust Roots 0.166ms
[42.792s][info][gc,phases,start] GC(263) Compaction Phase
[43.094s][info][gc,phases      ] GC(263) Compaction Phase 302.344ms
[43.094s][info][gc,phases,start] GC(263) Post Compact
[43.102s][info][gc,phases      ] GC(263) Post Compact 7.615ms
[43.102s][info][gc,heap        ] GC(263) PSYoungGen: 101282K(157184K)->101282K(157184K) Eden: 64511K(64512K)->64511K(64512K) From: 36770K(92672K)->36770K(92672K)
[43.102s][info][gc,heap        ] GC(263) ParOldGen: 3618202K(3618304K)->3618202K(3618304K)
[43.102s][info][gc,metaspace   ] GC(263) Metaspace: 6298K(6464K)->6298K(6464K) NonClass: 5765K(5824K)->5765K(5824K) Class: 533K(640K)->533K(640K)
[43.102s][info][gc             ] GC(263) Pause Full (Ergonomics) 3632M->3632M(3687M) 1170.077ms
[43.102s][info][gc,cpu         ] GC(263) User=8.36s Sys=0.00s Real=1.17s
[43.102s][info][gc,start       ] GC(264) Pause Full (Ergonomics)
[43.102s][info][gc,phases,start] GC(264) Marking Phase
[43.948s][info][gc,phases      ] GC(264) Marking Phase 846.291ms
[43.948s][info][gc,phases,start] GC(264) Summary Phase
[43.949s][info][gc,phases      ] GC(264) Summary Phase 0.047ms
[43.949s][info][gc,phases,start] GC(264) Adjust Roots
[43.949s][info][gc,phases      ] GC(264) Adjust Roots 0.173ms
[43.949s][info][gc,phases,start] GC(264) Compaction Phase
[44.273s][info][gc,phases      ] GC(264) Compaction Phase 324.079ms
[44.273s][info][gc,phases,start] GC(264) Post Compact
[44.280s][info][gc,phases      ] GC(264) Post Compact 7.250ms
[44.280s][info][gc,heap        ] GC(264) PSYoungGen: 101282K(157184K)->101282K(157184K) Eden: 64511K(64512K)->64511K(64512K) From: 36770K(92672K)->36770K(92672K)
[44.280s][info][gc,heap        ] GC(264) ParOldGen: 3618207K(3618304K)->3618207K(3618304K)
[44.280s][info][gc,metaspace   ] GC(264) Metaspace: 6298K(6464K)->6298K(6464K) NonClass: 5765K(5824K)->5765K(5824K) Class: 533K(640K)->533K(640K)
[44.280s][info][gc             ] GC(264) Pause Full (Ergonomics) 3632M->3632M(3687M) 1178.202ms
[44.280s][info][gc,cpu         ] GC(264) User=8.09s Sys=0.03s Real=1.18s
[44.281s][info][gc,start       ] GC(265) Pause Full (Ergonomics)
[44.281s][info][gc,phases,start] GC(265) Marking Phase
[45.143s][info][gc,phases      ] GC(265) Marking Phase 861.919ms
[45.143s][info][gc,phases,start] GC(265) Summary Phase
[45.143s][info][gc,phases      ] GC(265) Summary Phase 0.045ms
[45.143s][info][gc,phases,start] GC(265) Adjust Roots
[45.143s][info][gc,phases      ] GC(265) Adjust Roots 0.171ms
[45.143s][info][gc,phases,start] GC(265) Compaction Phase
[45.460s][info][gc,phases      ] GC(265) Compaction Phase 317.471ms
[45.460s][info][gc,phases,start] GC(265) Post Compact
[45.468s][info][gc,phases      ] GC(265) Post Compact 7.458ms
[45.468s][info][gc,heap        ] GC(265) PSYoungGen: 101282K(157184K)->101282K(157184K) Eden: 64511K(64512K)->64511K(64512K) From: 36770K(92672K)->36770K(92672K)
[45.468s][info][gc,heap        ] GC(265) ParOldGen: 3618211K(3618304K)->3618211K(3618304K)
[45.468s][info][gc,metaspace   ] GC(265) Metaspace: 6298K(6464K)->6298K(6464K) NonClass: 5765K(5824K)->5765K(5824K) Class: 533K(640K)->533K(640K)
[45.468s][info][gc             ] GC(265) Pause Full (Ergonomics) 3632M->3632M(3687M) 1187.420ms
[45.468s][info][gc,cpu         ] GC(265) User=8.03s Sys=0.03s Real=1.19s
[45.468s][info][gc,start       ] GC(266) Pause Full (Ergonomics)
[45.468s][info][gc,phases,start] GC(266) Marking Phase
[46.338s][info][gc,phases      ] GC(266) Marking Phase 869.885ms
[46.338s][info][gc,phases,start] GC(266) Summary Phase
[46.338s][info][gc,phases      ] GC(266) Summary Phase 0.047ms
[46.338s][info][gc,phases,start] GC(266) Adjust Roots
[46.338s][info][gc,phases      ] GC(266) Adjust Roots 0.186ms
[46.338s][info][gc,phases,start] GC(266) Compaction Phase
[46.647s][info][gc,phases      ] GC(266) Compaction Phase 308.473ms
[46.647s][info][gc,phases,start] GC(266) Post Compact
[46.654s][info][gc,phases      ] GC(266) Post Compact 7.247ms
[46.654s][info][gc,heap        ] GC(266) PSYoungGen: 101282K(157184K)->101282K(157184K) Eden: 64511K(64512K)->64511K(64512K) From: 36770K(92672K)->36770K(92672K)
[46.654s][info][gc,heap        ] GC(266) ParOldGen: 3618216K(3618304K)->3618216K(3618304K)
[46.654s][info][gc,metaspace   ] GC(266) Metaspace: 6298K(6464K)->6298K(6464K) NonClass: 5765K(5824K)->5765K(5824K) Class: 533K(640K)->533K(640K)
[46.654s][info][gc             ] GC(266) Pause Full (Ergonomics) 3632M->3632M(3687M) 1186.170ms
[46.654s][info][gc,cpu         ] GC(266) User=8.42s Sys=0.00s Real=1.19s
[46.655s][info][gc,start       ] GC(267) Pause Full (Ergonomics)
[46.655s][info][gc,phases,start] GC(267) Marking Phase
[47.497s][info][gc,phases      ] GC(267) Marking Phase 842.804ms
[47.498s][info][gc,phases,start] GC(267) Summary Phase
[47.498s][info][gc,phases      ] GC(267) Summary Phase 0.074ms
[47.498s][info][gc,phases,start] GC(267) Adjust Roots
[47.498s][info][gc,phases      ] GC(267) Adjust Roots 0.242ms
[47.498s][info][gc,phases,start] GC(267) Compaction Phase
[47.824s][info][gc,phases      ] GC(267) Compaction Phase 326.481ms
[47.824s][info][gc,phases,start] GC(267) Post Compact
[47.832s][info][gc,phases      ] GC(267) Post Compact 7.201ms
[47.832s][info][gc,heap        ] GC(267) PSYoungGen: 101282K(157184K)->101282K(157184K) Eden: 64511K(64512K)->64511K(64512K) From: 36770K(92672K)->36770K(92672K)
[47.832s][info][gc,heap        ] GC(267) ParOldGen: 3618221K(3618304K)->3618221K(3618304K)
[47.832s][info][gc,metaspace   ] GC(267) Metaspace: 6298K(6464K)->6298K(6464K) NonClass: 5765K(5824K)->5765K(5824K) Class: 533K(640K)->533K(640K)
[47.832s][info][gc             ] GC(267) Pause Full (Ergonomics) 3632M->3632M(3687M) 1177.229ms
[47.832s][info][gc,cpu         ] GC(267) User=7.91s Sys=0.00s Real=1.18s
[47.832s][info][gc,start       ] GC(268) Pause Full (Ergonomics)
[47.832s][info][gc,phases,start] GC(268) Marking Phase
[48.708s][info][gc,phases      ] GC(268) Marking Phase 875.422ms
[48.708s][info][gc,phases,start] GC(268) Summary Phase
[48.708s][info][gc,phases      ] GC(268) Summary Phase 0.054ms
[48.708s][info][gc,phases,start] GC(268) Adjust Roots
[48.708s][info][gc,phases      ] GC(268) Adjust Roots 0.182ms
[48.708s][info][gc,phases,start] GC(268) Compaction Phase
[49.016s][info][gc,phases      ] GC(268) Compaction Phase 307.824ms
[49.016s][info][gc,phases,start] GC(268) Post Compact
[49.023s][info][gc,phases      ] GC(268) Post Compact 6.856ms
[49.023s][info][gc,heap        ] GC(268) PSYoungGen: 101282K(157184K)->101282K(157184K) Eden: 64511K(64512K)->64511K(64512K) From: 36770K(92672K)->36770K(92672K)
[49.023s][info][gc,heap        ] GC(268) ParOldGen: 3618226K(3618304K)->3618226K(3618304K)
[49.023s][info][gc,metaspace   ] GC(268) Metaspace: 6298K(6464K)->6298K(6464K) NonClass: 5765K(5824K)->5765K(5824K) Class: 533K(640K)->533K(640K)
[49.023s][info][gc             ] GC(268) Pause Full (Ergonomics) 3632M->3632M(3687M) 1190.685ms
[49.023s][info][gc,cpu         ] GC(268) User=8.41s Sys=0.02s Real=1.19s
[49.023s][info][gc,start       ] GC(269) Pause Full (Ergonomics)
[49.023s][info][gc,phases,start] GC(269) Marking Phase
[49.877s][info][gc,phases      ] GC(269) Marking Phase 853.789ms
[49.877s][info][gc,phases,start] GC(269) Summary Phase
[49.877s][info][gc,phases      ] GC(269) Summary Phase 0.079ms
[49.877s][info][gc,phases,start] GC(269) Adjust Roots
[49.877s][info][gc,phases      ] GC(269) Adjust Roots 0.328ms
[49.877s][info][gc,phases,start] GC(269) Compaction Phase
[50.206s][info][gc,phases      ] GC(269) Compaction Phase 329.024ms
[50.206s][info][gc,phases,start] GC(269) Post Compact
[50.213s][info][gc,phases      ] GC(269) Post Compact 6.885ms
[50.213s][info][gc,heap        ] GC(269) PSYoungGen: 101282K(157184K)->101282K(157184K) Eden: 64511K(64512K)->64511K(64512K) From: 36770K(92672K)->36770K(92672K)
[50.213s][info][gc,heap        ] GC(269) ParOldGen: 3618231K(3618304K)->3618231K(3618304K)
[50.213s][info][gc,metaspace   ] GC(269) Metaspace: 6298K(6464K)->6298K(6464K) NonClass: 5765K(5824K)->5765K(5824K) Class: 533K(640K)->533K(640K)
[50.213s][info][gc             ] GC(269) Pause Full (Ergonomics) 3632M->3632M(3687M) 1190.522ms
[50.214s][info][gc,cpu         ] GC(269) User=8.25s Sys=0.00s Real=1.19s
[50.214s][info][gc,start       ] GC(270) Pause Full (Ergonomics)
[50.214s][info][gc,phases,start] GC(270) Marking Phase
[51.088s][info][gc,phases      ] GC(270) Marking Phase 874.003ms
[51.088s][info][gc,phases,start] GC(270) Summary Phase
[51.088s][info][gc,phases      ] GC(270) Summary Phase 0.064ms
[51.088s][info][gc,phases,start] GC(270) Adjust Roots
[51.088s][info][gc,phases      ] GC(270) Adjust Roots 0.233ms
[51.088s][info][gc,phases,start] GC(270) Compaction Phase
[51.424s][info][gc,phases      ] GC(270) Compaction Phase 336.068ms
[51.424s][info][gc,phases,start] GC(270) Post Compact
[51.432s][info][gc,phases      ] GC(270) Post Compact 7.366ms
[51.432s][info][gc,heap        ] GC(270) PSYoungGen: 101282K(157184K)->101282K(157184K) Eden: 64511K(64512K)->64511K(64512K) From: 36770K(92672K)->36770K(92672K)
[51.432s][info][gc,heap        ] GC(270) ParOldGen: 3618236K(3618304K)->3618236K(3618304K)
[51.432s][info][gc,metaspace   ] GC(270) Metaspace: 6298K(6464K)->6298K(6464K) NonClass: 5765K(5824K)->5765K(5824K) Class: 533K(640K)->533K(640K)
[51.432s][info][gc             ] GC(270) Pause Full (Ergonomics) 3632M->3632M(3687M) 1218.188ms
[51.432s][info][gc,cpu         ] GC(270) User=8.47s Sys=0.00s Real=1.22s
[51.432s][info][gc,start       ] GC(271) Pause Full (Ergonomics)
[51.432s][info][gc,phases,start] GC(271) Marking Phase
[52.305s][info][gc,phases      ] GC(271) Marking Phase 873.171ms
[52.305s][info][gc,phases,start] GC(271) Summary Phase
[52.305s][info][gc,phases      ] GC(271) Summary Phase 0.057ms
[52.306s][info][gc,phases,start] GC(271) Adjust Roots
[52.306s][info][gc,phases      ] GC(271) Adjust Roots 0.236ms
[52.306s][info][gc,phases,start] GC(271) Compaction Phase
[52.635s][info][gc,phases      ] GC(271) Compaction Phase 329.375ms
[52.635s][info][gc,phases,start] GC(271) Post Compact
[52.643s][info][gc,phases      ] GC(271) Post Compact 7.644ms
[52.643s][info][gc,heap        ] GC(271) PSYoungGen: 101282K(157184K)->101282K(157184K) Eden: 64511K(64512K)->64511K(64512K) From: 36770K(92672K)->36770K(92672K)
[52.643s][info][gc,heap        ] GC(271) ParOldGen: 3618240K(3618304K)->3618240K(3618304K)
[52.643s][info][gc,metaspace   ] GC(271) Metaspace: 6298K(6464K)->6298K(6464K) NonClass: 5765K(5824K)->5765K(5824K) Class: 533K(640K)->533K(640K)
[52.643s][info][gc             ] GC(271) Pause Full (Ergonomics) 3632M->3632M(3687M) 1210.859ms
[52.643s][info][gc,cpu         ] GC(271) User=8.44s Sys=0.00s Real=1.21s
[52.643s][info][gc,start       ] GC(272) Pause Full (Ergonomics)
[52.643s][info][gc,phases,start] GC(272) Marking Phase
[53.512s][info][gc,phases      ] GC(272) Marking Phase 868.371ms
[53.512s][info][gc,phases,start] GC(272) Summary Phase
[53.512s][info][gc,phases      ] GC(272) Summary Phase 0.061ms
[53.512s][info][gc,phases,start] GC(272) Adjust Roots
[53.512s][info][gc,phases      ] GC(272) Adjust Roots 0.233ms
[53.512s][info][gc,phases,start] GC(272) Compaction Phase
[53.859s][info][gc,phases      ] GC(272) Compaction Phase 347.304ms
[53.859s][info][gc,phases,start] GC(272) Post Compact
[53.867s][info][gc,phases      ] GC(272) Post Compact 7.103ms
[53.867s][info][gc,heap        ] GC(272) PSYoungGen: 101282K(157184K)->101282K(157184K) Eden: 64511K(64512K)->64511K(64512K) From: 36770K(92672K)->36770K(92672K)
[53.867s][info][gc,heap        ] GC(272) ParOldGen: 3618245K(3618304K)->3618245K(3618304K)
[53.867s][info][gc,metaspace   ] GC(272) Metaspace: 6298K(6464K)->6298K(6464K) NonClass: 5765K(5824K)->5765K(5824K) Class: 533K(640K)->533K(640K)
[53.867s][info][gc             ] GC(272) Pause Full (Ergonomics) 3632M->3632M(3687M) 1223.450ms
[53.867s][info][gc,cpu         ] GC(272) User=8.47s Sys=0.00s Real=1.22s
[53.867s][info][gc,start       ] GC(273) Pause Full (Ergonomics)
[53.867s][info][gc,phases,start] GC(273) Marking Phase
[54.734s][info][gc,phases      ] GC(273) Marking Phase 866.614ms
[54.734s][info][gc,phases,start] GC(273) Summary Phase
[54.734s][info][gc,phases      ] GC(273) Summary Phase 0.045ms
[54.734s][info][gc,phases,start] GC(273) Adjust Roots
[54.734s][info][gc,phases      ] GC(273) Adjust Roots 0.164ms
[54.734s][info][gc,phases,start] GC(273) Compaction Phase
[55.059s][info][gc,phases      ] GC(273) Compaction Phase 324.892ms
[55.059s][info][gc,phases,start] GC(273) Post Compact
[55.066s][info][gc,phases      ] GC(273) Post Compact 7.215ms
[55.066s][info][gc,heap        ] GC(273) PSYoungGen: 101282K(157184K)->101282K(157184K) Eden: 64511K(64512K)->64511K(64512K) From: 36770K(92672K)->36770K(92672K)
[55.066s][info][gc,heap        ] GC(273) ParOldGen: 3618250K(3618304K)->3618250K(3618304K)
[55.066s][info][gc,metaspace   ] GC(273) Metaspace: 6298K(6464K)->6298K(6464K) NonClass: 5765K(5824K)->5765K(5824K) Class: 533K(640K)->533K(640K)
[55.066s][info][gc             ] GC(273) Pause Full (Ergonomics) 3632M->3632M(3687M) 1199.303ms
[55.066s][info][gc,cpu         ] GC(273) User=8.52s Sys=0.02s Real=1.20s
[55.066s][info][gc,start       ] GC(274) Pause Full (Ergonomics)
[55.066s][info][gc,phases,start] GC(274) Marking Phase
[55.929s][info][gc,phases      ] GC(274) Marking Phase 862.219ms
[55.929s][info][gc,phases,start] GC(274) Summary Phase
[55.929s][info][gc,phases      ] GC(274) Summary Phase 0.079ms
[55.929s][info][gc,phases,start] GC(274) Adjust Roots
[55.929s][info][gc,phases      ] GC(274) Adjust Roots 0.334ms
[55.929s][info][gc,phases,start] GC(274) Compaction Phase
[56.253s][info][gc,phases      ] GC(274) Compaction Phase 323.871ms
[56.253s][info][gc,phases,start] GC(274) Post Compact
[56.260s][info][gc,phases      ] GC(274) Post Compact 7.021ms
[56.260s][info][gc,heap        ] GC(274) PSYoungGen: 101282K(157184K)->101282K(157184K) Eden: 64511K(64512K)->64511K(64512K) From: 36770K(92672K)->36770K(92672K)
[56.260s][info][gc,heap        ] GC(274) ParOldGen: 3618255K(3618304K)->3618255K(3618304K)
[56.260s][info][gc,metaspace   ] GC(274) Metaspace: 6298K(6464K)->6298K(6464K) NonClass: 5765K(5824K)->5765K(5824K) Class: 533K(640K)->533K(640K)
[56.260s][info][gc             ] GC(274) Pause Full (Ergonomics) 3632M->3632M(3687M) 1193.968ms
[56.260s][info][gc,cpu         ] GC(274) User=8.47s Sys=0.00s Real=1.19s
[56.261s][info][gc,start       ] GC(275) Pause Full (Ergonomics)
[56.261s][info][gc,phases,start] GC(275) Marking Phase
[57.121s][info][gc,phases      ] GC(275) Marking Phase 860.644ms
[57.121s][info][gc,phases,start] GC(275) Summary Phase
[57.121s][info][gc,phases      ] GC(275) Summary Phase 0.070ms
[57.121s][info][gc,phases,start] GC(275) Adjust Roots
[57.122s][info][gc,phases      ] GC(275) Adjust Roots 0.243ms
[57.122s][info][gc,phases,start] GC(275) Compaction Phase
[57.457s][info][gc,phases      ] GC(275) Compaction Phase 334.782ms
[57.457s][info][gc,phases,start] GC(275) Post Compact
[57.464s][info][gc,phases      ] GC(275) Post Compact 7.024ms
[57.464s][info][gc,heap        ] GC(275) PSYoungGen: 101282K(157184K)->101282K(157184K) Eden: 64511K(64512K)->64511K(64512K) From: 36770K(92672K)->36770K(92672K)
[57.464s][info][gc,heap        ] GC(275) ParOldGen: 3618260K(3618304K)->3618260K(3618304K)
[57.464s][info][gc,metaspace   ] GC(275) Metaspace: 6298K(6464K)->6298K(6464K) NonClass: 5765K(5824K)->5765K(5824K) Class: 533K(640K)->533K(640K)
[57.464s][info][gc             ] GC(275) Pause Full (Ergonomics) 3632M->3632M(3687M) 1203.221ms
[57.464s][info][gc,cpu         ] GC(275) User=8.08s Sys=0.02s Real=1.20s
[57.464s][info][gc,start       ] GC(276) Pause Full (Ergonomics)
[57.464s][info][gc,phases,start] GC(276) Marking Phase
[58.320s][info][gc,phases      ] GC(276) Marking Phase 856.284ms
[58.321s][info][gc,phases,start] GC(276) Summary Phase
[58.321s][info][gc,phases      ] GC(276) Summary Phase 0.062ms
[58.321s][info][gc,phases,start] GC(276) Adjust Roots
[58.321s][info][gc,phases      ] GC(276) Adjust Roots 0.216ms
[58.321s][info][gc,phases,start] GC(276) Compaction Phase
[58.640s][info][gc,phases      ] GC(276) Compaction Phase 318.916ms
[58.640s][info][gc,phases,start] GC(276) Post Compact
[58.647s][info][gc,phases      ] GC(276) Post Compact 7.485ms
[58.647s][info][gc,heap        ] GC(276) PSYoungGen: 101282K(157184K)->101282K(157184K) Eden: 64511K(64512K)->64511K(64512K) From: 36770K(92672K)->36770K(92672K)
[58.647s][info][gc,heap        ] GC(276) ParOldGen: 3618265K(3618304K)->3618265K(3618304K)
[58.647s][info][gc,metaspace   ] GC(276) Metaspace: 6298K(6464K)->6298K(6464K) NonClass: 5765K(5824K)->5765K(5824K) Class: 533K(640K)->533K(640K)
[58.648s][info][gc             ] GC(276) Pause Full (Ergonomics) 3632M->3632M(3687M) 1183.361ms
[58.648s][info][gc,cpu         ] GC(276) User=8.41s Sys=0.00s Real=1.18s
[58.648s][info][gc,start       ] GC(277) Pause Full (Ergonomics)
[58.648s][info][gc,phases,start] GC(277) Marking Phase
[59.526s][info][gc,phases      ] GC(277) Marking Phase 878.031ms
[59.526s][info][gc,phases,start] GC(277) Summary Phase
[59.526s][info][gc,phases      ] GC(277) Summary Phase 0.057ms
[59.526s][info][gc,phases,start] GC(277) Adjust Roots
[59.526s][info][gc,phases      ] GC(277) Adjust Roots 0.236ms
[59.526s][info][gc,phases,start] GC(277) Compaction Phase
[59.850s][info][gc,phases      ] GC(277) Compaction Phase 323.755ms
[59.850s][info][gc,phases,start] GC(277) Post Compact
[59.858s][info][gc,phases      ] GC(277) Post Compact 7.652ms
[59.858s][info][gc,heap        ] GC(277) PSYoungGen: 101282K(157184K)->101282K(157184K) Eden: 64511K(64512K)->64511K(64512K) From: 36770K(92672K)->36770K(92672K)
[59.858s][info][gc,heap        ] GC(277) ParOldGen: 3618269K(3618304K)->3618269K(3618304K)
[59.858s][info][gc,metaspace   ] GC(277) Metaspace: 6298K(6464K)->6298K(6464K) NonClass: 5765K(5824K)->5765K(5824K) Class: 533K(640K)->533K(640K)
[59.858s][info][gc             ] GC(277) Pause Full (Ergonomics) 3632M->3632M(3687M) 1210.107ms
[59.858s][info][gc,cpu         ] GC(277) User=8.58s Sys=0.00s Real=1.21s
[59.858s][info][gc,start       ] GC(278) Pause Full (Ergonomics)
[59.858s][info][gc,phases,start] GC(278) Marking Phase
[60.732s][info][gc,phases      ] GC(278) Marking Phase 874.092ms
[60.732s][info][gc,phases,start] GC(278) Summary Phase
[60.732s][info][gc,phases      ] GC(278) Summary Phase 0.057ms
[60.732s][info][gc,phases,start] GC(278) Adjust Roots
[60.733s][info][gc,phases      ] GC(278) Adjust Roots 0.198ms
[60.733s][info][gc,phases,start] GC(278) Compaction Phase
[61.066s][info][gc,phases      ] GC(278) Compaction Phase 333.371ms
[61.066s][info][gc,phases,start] GC(278) Post Compact
[61.074s][info][gc,phases      ] GC(278) Post Compact 8.048ms
[61.074s][info][gc,heap        ] GC(278) PSYoungGen: 101282K(157184K)->101282K(157184K) Eden: 64511K(64512K)->64511K(64512K) From: 36770K(92672K)->36770K(92672K)
[61.074s][info][gc,heap        ] GC(278) ParOldGen: 3618274K(3618304K)->3618274K(3618304K)
[61.074s][info][gc,metaspace   ] GC(278) Metaspace: 6298K(6464K)->6298K(6464K) NonClass: 5765K(5824K)->5765K(5824K) Class: 533K(640K)->533K(640K)
[61.074s][info][gc             ] GC(278) Pause Full (Ergonomics) 3632M->3632M(3687M) 1216.139ms
[61.074s][info][gc,cpu         ] GC(278) User=8.36s Sys=0.00s Real=1.22s
[61.074s][info][gc,start       ] GC(279) Pause Full (Ergonomics)
[61.074s][info][gc,phases,start] GC(279) Marking Phase
[61.946s][info][gc,phases      ] GC(279) Marking Phase 871.761ms
[61.946s][info][gc,phases,start] GC(279) Summary Phase
[61.946s][info][gc,phases      ] GC(279) Summary Phase 0.081ms
[61.946s][info][gc,phases,start] GC(279) Adjust Roots
[61.947s][info][gc,phases      ] GC(279) Adjust Roots 0.412ms
[61.947s][info][gc,phases,start] GC(279) Compaction Phase
[62.293s][info][gc,phases      ] GC(279) Compaction Phase 346.069ms
[62.293s][info][gc,phases,start] GC(279) Post Compact
[62.301s][info][gc,phases      ] GC(279) Post Compact 8.124ms
[62.301s][info][gc,heap        ] GC(279) PSYoungGen: 101282K(157184K)->101282K(157184K) Eden: 64511K(64512K)->64511K(64512K) From: 36770K(92672K)->36770K(92672K)
[62.301s][info][gc,heap        ] GC(279) ParOldGen: 3618279K(3618304K)->3618279K(3618304K)
[62.301s][info][gc,metaspace   ] GC(279) Metaspace: 6298K(6464K)->6298K(6464K) NonClass: 5765K(5824K)->5765K(5824K) Class: 533K(640K)->533K(640K)
[62.301s][info][gc             ] GC(279) Pause Full (Ergonomics) 3632M->3632M(3687M) 1226.878ms
[62.301s][info][gc,cpu         ] GC(279) User=8.39s Sys=0.05s Real=1.23s
[62.302s][info][gc,start       ] GC(280) Pause Full (Ergonomics)
[62.302s][info][gc,phases,start] GC(280) Marking Phase
[63.168s][info][gc,phases      ] GC(280) Marking Phase 866.151ms
[63.168s][info][gc,phases,start] GC(280) Summary Phase
[63.168s][info][gc,phases      ] GC(280) Summary Phase 0.049ms
[63.168s][info][gc,phases,start] GC(280) Adjust Roots
[63.168s][info][gc,phases      ] GC(280) Adjust Roots 0.195ms
[63.168s][info][gc,phases,start] GC(280) Compaction Phase
[63.496s][info][gc,phases      ] GC(280) Compaction Phase 328.099ms
[63.496s][info][gc,phases,start] GC(280) Post Compact
[63.503s][info][gc,phases      ] GC(280) Post Compact 7.041ms
[63.503s][info][gc,heap        ] GC(280) PSYoungGen: 101282K(157184K)->101282K(157184K) Eden: 64511K(64512K)->64511K(64512K) From: 36770K(92672K)->36770K(92672K)
[63.503s][info][gc,heap        ] GC(280) ParOldGen: 3618284K(3618304K)->3618284K(3618304K)
[63.503s][info][gc,metaspace   ] GC(280) Metaspace: 6298K(6464K)->6298K(6464K) NonClass: 5765K(5824K)->5765K(5824K) Class: 533K(640K)->533K(640K)
[63.503s][info][gc             ] GC(280) Pause Full (Ergonomics) 3632M->3632M(3687M) 1201.880ms
[63.503s][info][gc,cpu         ] GC(280) User=8.58s Sys=0.00s Real=1.20s
[63.504s][info][gc,start       ] GC(281) Pause Full (Ergonomics)
[63.504s][info][gc,phases,start] GC(281) Marking Phase
[64.377s][info][gc,phases      ] GC(281) Marking Phase 873.483ms
[64.377s][info][gc,phases,start] GC(281) Summary Phase
[64.377s][info][gc,phases      ] GC(281) Summary Phase 0.044ms
[64.377s][info][gc,phases,start] GC(281) Adjust Roots
[64.378s][info][gc,phases      ] GC(281) Adjust Roots 0.168ms
[64.378s][info][gc,phases,start] GC(281) Compaction Phase
[64.695s][info][gc,phases      ] GC(281) Compaction Phase 317.423ms
[64.695s][info][gc,phases,start] GC(281) Post Compact
[64.702s][info][gc,phases      ] GC(281) Post Compact 7.279ms
[64.702s][info][gc,heap        ] GC(281) PSYoungGen: 101282K(157184K)->101282K(157184K) Eden: 64511K(64512K)->64511K(64512K) From: 36770K(92672K)->36770K(92672K)
[64.702s][info][gc,heap        ] GC(281) ParOldGen: 3618289K(3618304K)->3618289K(3618304K)
[64.702s][info][gc,metaspace   ] GC(281) Metaspace: 6298K(6464K)->6298K(6464K) NonClass: 5765K(5824K)->5765K(5824K) Class: 533K(640K)->533K(640K)
[64.702s][info][gc             ] GC(281) Pause Full (Ergonomics) 3632M->3632M(3687M) 1198.770ms
[64.703s][info][gc,cpu         ] GC(281) User=8.56s Sys=0.00s Real=1.20s
[64.703s][info][gc,start       ] GC(282) Pause Full (Ergonomics)
[64.703s][info][gc,phases,start] GC(282) Marking Phase
[65.567s][info][gc,phases      ] GC(282) Marking Phase 864.275ms
[65.567s][info][gc,phases,start] GC(282) Summary Phase
[65.567s][info][gc,phases      ] GC(282) Summary Phase 0.053ms
[65.567s][info][gc,phases,start] GC(282) Adjust Roots
[65.567s][info][gc,phases      ] GC(282) Adjust Roots 0.181ms
[65.567s][info][gc,phases,start] GC(282) Compaction Phase
[65.895s][info][gc,phases      ] GC(282) Compaction Phase 327.694ms
[65.895s][info][gc,phases,start] GC(282) Post Compact
[65.902s][info][gc,phases      ] GC(282) Post Compact 7.084ms
[65.902s][info][gc,heap        ] GC(282) PSYoungGen: 101282K(157184K)->101282K(157184K) Eden: 64511K(64512K)->64511K(64512K) From: 36770K(92672K)->36770K(92672K)
[65.902s][info][gc,heap        ] GC(282) ParOldGen: 3618294K(3618304K)->3618294K(3618304K)
[65.902s][info][gc,metaspace   ] GC(282) Metaspace: 6298K(6464K)->6298K(6464K) NonClass: 5765K(5824K)->5765K(5824K) Class: 533K(640K)->533K(640K)
[65.902s][info][gc             ] GC(282) Pause Full (Ergonomics) 3632M->3632M(3687M) 1199.673ms
[65.902s][info][gc,cpu         ] GC(282) User=8.47s Sys=0.00s Real=1.20s
[65.903s][info][gc,start       ] GC(283) Pause Full (Ergonomics)
[65.903s][info][gc,phases,start] GC(283) Marking Phase
[66.773s][info][gc,phases      ] GC(283) Marking Phase 870.599ms
[66.773s][info][gc,phases,start] GC(283) Summary Phase
[66.773s][info][gc,phases      ] GC(283) Summary Phase 0.048ms
[66.773s][info][gc,phases,start] GC(283) Adjust Roots
[66.774s][info][gc,phases      ] GC(283) Adjust Roots 0.204ms
[66.774s][info][gc,phases,start] GC(283) Compaction Phase
[67.083s][info][gc,phases      ] GC(283) Compaction Phase 309.363ms
[67.083s][info][gc,phases,start] GC(283) Post Compact
[67.090s][info][gc,phases      ] GC(283) Post Compact 7.456ms
[67.091s][info][gc,heap        ] GC(283) PSYoungGen: 101282K(157184K)->101282K(157184K) Eden: 64511K(64512K)->64511K(64512K) From: 36770K(92672K)->36770K(92672K)
[67.091s][info][gc,heap        ] GC(283) ParOldGen: 3618298K(3618304K)->3618298K(3618304K)
[67.091s][info][gc,metaspace   ] GC(283) Metaspace: 6298K(6464K)->6298K(6464K) NonClass: 5765K(5824K)->5765K(5824K) Class: 533K(640K)->533K(640K)
[67.091s][info][gc             ] GC(283) Pause Full (Ergonomics) 3632M->3632M(3687M) 1188.023ms
[67.091s][info][gc,cpu         ] GC(283) User=8.45s Sys=0.03s Real=1.19s
[67.091s][info][gc,start       ] GC(284) Pause Full (Ergonomics)
[67.091s][info][gc,phases,start] GC(284) Marking Phase
[67.977s][info][gc,phases      ] GC(284) Marking Phase 886.392ms
[67.977s][info][gc,phases,start] GC(284) Summary Phase
[67.977s][info][gc,phases      ] GC(284) Summary Phase 0.056ms
[67.977s][info][gc,phases,start] GC(284) Adjust Roots
[67.978s][info][gc,phases      ] GC(284) Adjust Roots 0.335ms
[67.978s][info][gc,phases,start] GC(284) Compaction Phase
[68.288s][info][gc,phases      ] GC(284) Compaction Phase 310.265ms
[68.288s][info][gc,phases,start] GC(284) Post Compact
[68.296s][info][gc,phases      ] GC(284) Post Compact 7.457ms
[68.296s][info][gc,heap        ] GC(284) PSYoungGen: 101282K(157184K)->101282K(157184K) Eden: 64511K(64512K)->64511K(64512K) From: 36770K(92672K)->36770K(92672K)
[68.296s][info][gc,heap        ] GC(284) ParOldGen: 3618303K(3618304K)->3618303K(3618304K)
[68.296s][info][gc,metaspace   ] GC(284) Metaspace: 6298K(6464K)->6298K(6464K) NonClass: 5765K(5824K)->5765K(5824K) Class: 533K(640K)->533K(640K)
[68.296s][info][gc             ] GC(284) Pause Full (Ergonomics) 3632M->3632M(3687M) 1204.880ms
[68.296s][info][gc,cpu         ] GC(284) User=8.77s Sys=0.02s Real=1.20s
[68.296s][info][gc,start       ] GC(285) Pause Full (Ergonomics)
[68.296s][info][gc,phases,start] GC(285) Marking Phase
[69.174s][info][gc,phases      ] GC(285) Marking Phase 877.662ms
[69.174s][info][gc,phases,start] GC(285) Summary Phase
[69.174s][info][gc,phases      ] GC(285) Summary Phase 0.044ms
[69.174s][info][gc,phases,start] GC(285) Adjust Roots
[69.174s][info][gc,phases      ] GC(285) Adjust Roots 0.166ms
[69.174s][info][gc,phases,start] GC(285) Compaction Phase
[69.512s][info][gc,phases      ] GC(285) Compaction Phase 337.683ms
[69.512s][info][gc,phases,start] GC(285) Post Compact
[69.519s][info][gc,phases      ] GC(285) Post Compact 7.512ms
[69.519s][info][gc,heap        ] GC(285) PSYoungGen: 101282K(157184K)->101282K(157184K) Eden: 64511K(64512K)->64511K(64512K) From: 36770K(92672K)->36770K(92672K)
[69.519s][info][gc,heap        ] GC(285) ParOldGen: 3618303K(3618304K)->3618303K(3618304K)
[69.519s][info][gc,metaspace   ] GC(285) Metaspace: 6298K(6464K)->6298K(6464K) NonClass: 5765K(5824K)->5765K(5824K) Class: 533K(640K)->533K(640K)
[69.519s][info][gc             ] GC(285) Pause Full (Ergonomics) 3632M->3632M(3687M) 1223.407ms
[69.519s][info][gc,cpu         ] GC(285) User=8.34s Sys=0.02s Real=1.22s
[69.519s][info][gc,start       ] GC(286) Pause Full (Allocation Failure)
[69.519s][info][gc,phases,start] GC(286) Marking Phase
[70.410s][info][gc,phases      ] GC(286) Marking Phase 890.534ms
[70.410s][info][gc,phases,start] GC(286) Summary Phase
[70.410s][info][gc,phases      ] GC(286) Summary Phase 0.053ms
[70.410s][info][gc,phases,start] GC(286) Adjust Roots
[70.411s][info][gc,phases      ] GC(286) Adjust Roots 0.468ms
[70.411s][info][gc,phases,start] GC(286) Compaction Phase
[71.341s][info][gc,phases      ] GC(286) Compaction Phase 930.211ms
[71.341s][info][gc,phases,start] GC(286) Post Compact
[71.348s][info][gc,phases      ] GC(286) Post Compact 7.540ms
[71.348s][info][gc,heap        ] GC(286) PSYoungGen: 101282K(157184K)->101282K(157184K) Eden: 64511K(64512K)->64511K(64512K) From: 36770K(92672K)->36770K(92672K)
[71.348s][info][gc,heap        ] GC(286) ParOldGen: 3618303K(3618304K)->3618299K(3618304K)
[71.349s][info][gc,metaspace   ] GC(286) Metaspace: 6298K(6464K)->6296K(6464K) NonClass: 5765K(5824K)->5764K(5824K) Class: 533K(640K)->532K(640K)
[71.349s][info][gc             ] GC(286) Pause Full (Allocation Failure) 3632M->3632M(3687M) 1829.152ms
[71.349s][info][gc,cpu         ] GC(286) User=12.28s Sys=0.08s Real=1.83s
[71.349s][info][gc,start       ] GC(287) Pause Full (Ergonomics)
[71.349s][info][gc,phases,start] GC(287) Marking Phase
[72.234s][info][gc,phases      ] GC(287) Marking Phase 885.022ms
[72.234s][info][gc,phases,start] GC(287) Summary Phase
[72.234s][info][gc,phases      ] GC(287) Summary Phase 0.047ms
[72.234s][info][gc,phases,start] GC(287) Adjust Roots
[72.234s][info][gc,phases      ] GC(287) Adjust Roots 0.174ms
[72.234s][info][gc,phases,start] GC(287) Compaction Phase
[72.573s][info][gc,phases      ] GC(287) Compaction Phase 338.412ms
[72.573s][info][gc,phases,start] GC(287) Post Compact
[72.580s][info][gc,phases      ] GC(287) Post Compact 7.261ms
[72.580s][info][gc,heap        ] GC(287) PSYoungGen: 101282K(157184K)->101282K(157184K) Eden: 64511K(64512K)->64511K(64512K) From: 36770K(92672K)->36770K(92672K)
[72.580s][info][gc,heap        ] GC(287) ParOldGen: 3618303K(3618304K)->3618303K(3618304K)
[72.580s][info][gc,metaspace   ] GC(287) Metaspace: 6296K(6464K)->6296K(6464K) NonClass: 5764K(5824K)->5764K(5824K) Class: 532K(640K)->532K(640K)
[72.580s][info][gc             ] GC(287) Pause Full (Ergonomics) 3632M->3632M(3687M) 1231.299ms
[72.580s][info][gc,cpu         ] GC(287) User=8.66s Sys=0.00s Real=1.23s
[72.580s][info][gc,start       ] GC(288) Pause Full (Allocation Failure)
[72.580s][info][gc,phases,start] GC(288) Marking Phase
[73.470s][info][gc,phases      ] GC(288) Marking Phase 889.226ms
[73.470s][info][gc,phases,start] GC(288) Summary Phase
[73.470s][info][gc,phases      ] GC(288) Summary Phase 0.063ms
[73.470s][info][gc,phases,start] GC(288) Adjust Roots
[73.470s][info][gc,phases      ] GC(288) Adjust Roots 0.295ms
[73.470s][info][gc,phases,start] GC(288) Compaction Phase
[73.791s][info][gc,phases      ] GC(288) Compaction Phase 320.881ms
[73.791s][info][gc,phases,start] GC(288) Post Compact
[73.799s][info][gc,phases      ] GC(288) Post Compact 7.390ms
[73.799s][info][gc,heap        ] GC(288) PSYoungGen: 101282K(157184K)->101282K(157184K) Eden: 64511K(64512K)->64511K(64512K) From: 36770K(92672K)->36770K(92672K)
[73.799s][info][gc,heap        ] GC(288) ParOldGen: 3618303K(3618304K)->3618303K(3618304K)
[73.799s][info][gc,metaspace   ] GC(288) Metaspace: 6296K(6464K)->6296K(6464K) NonClass: 5764K(5824K)->5764K(5824K) Class: 532K(640K)->532K(640K)
[73.799s][info][gc             ] GC(288) Pause Full (Allocation Failure) 3632M->3632M(3687M) 1218.211ms
[73.799s][info][gc,cpu         ] GC(288) User=8.44s Sys=0.00s Real=1.22s
[73.799s][info][gc,start       ] GC(289) Pause Full (Ergonomics)
[73.799s][info][gc,phases,start] GC(289) Marking Phase
[74.689s][info][gc,phases      ] GC(289) Marking Phase 889.648ms
[74.689s][info][gc,phases,start] GC(289) Summary Phase
[74.689s][info][gc,phases      ] GC(289) Summary Phase 0.057ms
[74.689s][info][gc,phases,start] GC(289) Adjust Roots
[74.689s][info][gc,phases      ] GC(289) Adjust Roots 0.295ms
[74.689s][info][gc,phases,start] GC(289) Compaction Phase
[75.624s][info][gc,phases      ] GC(289) Compaction Phase 934.895ms
[75.624s][info][gc,phases,start] GC(289) Post Compact
[75.632s][info][gc,phases      ] GC(289) Post Compact 8.153ms
[75.633s][info][gc,heap        ] GC(289) PSYoungGen: 101282K(157184K)->101282K(157184K) Eden: 64511K(64512K)->64511K(64512K) From: 36770K(92672K)->36770K(92672K)
[75.633s][info][gc,heap        ] GC(289) ParOldGen: 3618303K(3618304K)->3618302K(3618304K)
[75.633s][info][gc,metaspace   ] GC(289) Metaspace: 6296K(6464K)->6296K(6464K) NonClass: 5764K(5824K)->5764K(5824K) Class: 532K(640K)->532K(640K)
[75.633s][info][gc             ] GC(289) Pause Full (Ergonomics) 3632M->3632M(3687M) 1833.491ms
[75.633s][info][gc,cpu         ] GC(289) User=12.45s Sys=0.06s Real=1.83s
[75.633s][info][gc,start       ] GC(290) Pause Full (Ergonomics)
[75.633s][info][gc,phases,start] GC(290) Marking Phase
[76.507s][info][gc,phases      ] GC(290) Marking Phase 873.839ms
[76.507s][info][gc,phases,start] GC(290) Summary Phase
[76.507s][info][gc,phases      ] GC(290) Summary Phase 0.092ms
[76.507s][info][gc,phases,start] GC(290) Adjust Roots
[76.507s][info][gc,phases      ] GC(290) Adjust Roots 0.304ms
[76.507s][info][gc,phases,start] GC(290) Compaction Phase
[76.827s][info][gc,phases      ] GC(290) Compaction Phase 319.893ms
[76.827s][info][gc,phases,start] GC(290) Post Compact
[76.835s][info][gc,phases      ] GC(290) Post Compact 7.346ms
[76.835s][info][gc,heap        ] GC(290) PSYoungGen: 101282K(157184K)->101282K(157184K) Eden: 64511K(64512K)->64511K(64512K) From: 36770K(92672K)->36770K(92672K)
[76.835s][info][gc,heap        ] GC(290) ParOldGen: 3618302K(3618304K)->3618302K(3618304K)
[76.835s][info][gc,metaspace   ] GC(290) Metaspace: 6296K(6464K)->6296K(6464K) NonClass: 5764K(5824K)->5764K(5824K) Class: 532K(640K)->532K(640K)
[76.835s][info][gc             ] GC(290) Pause Full (Ergonomics) 3632M->3632M(3687M) 1201.906ms
[76.835s][info][gc,cpu         ] GC(290) User=8.58s Sys=0.00s Real=1.20s
[76.836s][info][gc,start       ] GC(291) Pause Full (Ergonomics)
[76.836s][info][gc,phases,start] GC(291) Marking Phase
[77.717s][info][gc,phases      ] GC(291) Marking Phase 881.170ms
[77.717s][info][gc,phases,start] GC(291) Summary Phase
[77.717s][info][gc,phases      ] GC(291) Summary Phase 0.070ms
[77.717s][info][gc,phases,start] GC(291) Adjust Roots
[77.718s][info][gc,phases      ] GC(291) Adjust Roots 0.461ms
[77.718s][info][gc,phases,start] GC(291) Compaction Phase
[78.655s][info][gc,phases      ] GC(291) Compaction Phase 937.203ms
[78.655s][info][gc,phases,start] GC(291) Post Compact
[78.662s][info][gc,phases      ] GC(291) Post Compact 6.911ms
[78.662s][info][gc,heap        ] GC(291) PSYoungGen: 101282K(157184K)->101282K(157184K) Eden: 64511K(64512K)->64511K(64512K) From: 36770K(92672K)->36770K(92672K)
[78.662s][info][gc,heap        ] GC(291) ParOldGen: 3618303K(3618304K)->3618301K(3618304K)
[78.662s][info][gc,metaspace   ] GC(291) Metaspace: 6298K(6464K)->6298K(6464K) NonClass: 5764K(5824K)->5764K(5824K) Class: 533K(640K)->533K(640K)
[78.662s][info][gc             ] GC(291) Pause Full (Ergonomics) 3632M->3632M(3687M) 1826.252ms
[78.662s][info][gc,cpu         ] GC(291) User=12.55s Sys=0.00s Real=1.83s
[78.663s][info][gc,heap,exit   ] Heap
[78.663s][info][gc,heap,exit   ]  PSYoungGen      total 157184K, used 101282K [0x0000000791980000, 0x00000007a3f80000, 0x0000000800000000)
[78.663s][info][gc,heap,exit   ]   eden space 64512K, 99% used [0x0000000791980000,0x000000079587fff8,0x0000000795880000)
[78.663s][info][gc,heap,exit   ]   from space 92672K, 39% used [0x0000000795880000,0x0000000797c68988,0x000000079b300000)
[78.663s][info][gc,heap,exit   ]   to   space 115200K, 0% used [0x000000079cf00000,0x000000079cf00000,0x00000007a3f80000)
[78.663s][info][gc,heap,exit   ]  ParOldGen       total 3618304K, used 3618302K [0x00000006b4c00000, 0x0000000791980000, 0x0000000791980000)
[78.663s][info][gc,heap,exit   ]   object space 3618304K, 99% used [0x00000006b4c00000,0x000000079197f820,0x0000000791980000)
[78.663s][info][gc,heap,exit   ]  Metaspace       used 6301K, committed 6464K, reserved 1114112K
[78.663s][info][gc,heap,exit   ]   class space    used 534K, committed 640K, reserved 1048576K
