[0.011s][info][gc,init] CardTable entry size: 512
[0.012s][info][gc     ] Using Parallel
[0.012s][info][gc,init] Version: 18.0.1+10 (release)
[0.012s][info][gc,init] CPUs: 8 total, 8 available
[0.012s][info][gc,init] Memory: 16063M
[0.013s][info][gc,init] Large Page Support: Disabled
[0.013s][info][gc,init] NUMA Support: Disabled
[0.013s][info][gc,init] Compressed Oops: Enabled (Zero based)
[0.013s][info][gc,init] Alignments: Space 512K, Generation 512K, Heap 2M
[0.013s][info][gc,init] Heap Min Capacity: 2M
[0.013s][info][gc,init] Heap Initial Capacity: 2M
[0.013s][info][gc,init] Heap Max Capacity: 8400M
[0.013s][info][gc,init] Pre-touch: Disabled
[0.013s][info][gc,init] Parallel Workers: 8
[0.013s][info][gc,metaspace] CDS archive(s) not mapped
[0.013s][info][gc,metaspace] Compressed class space mapped at: 0x0000000800000000-0x0000000840000000, reserved size: 1073741824
[0.013s][info][gc,metaspace] Narrow klass base: 0x0000000800000000, Narrow klass shift: 0, Narrow klass range: 0x40000000
[0.106s][info][gc,start    ] GC(0) Pause Young (Allocation Failure)
[0.107s][info][gc,heap     ] GC(0) PSYoungGen: 512K(1024K)->480K(1024K) Eden: 512K(512K)->0K(512K) From: 0K(512K)->480K(512K)
[0.107s][info][gc,heap     ] GC(0) ParOldGen: 0K(512K)->8K(512K)
[0.107s][info][gc,metaspace] GC(0) Metaspace: 4229K(4352K)->4229K(4352K) NonClass: 3908K(3968K)->3908K(3968K) Class: 321K(384K)->321K(384K)
[0.107s][info][gc          ] GC(0) Pause Young (Allocation Failure) 0M->0M(1M) 1.418ms
[0.107s][info][gc,cpu      ] GC(0) User=0.00s Sys=0.00s Real=0.00s
[0.165s][info][gc,start    ] GC(1) Pause Young (Allocation Failure)
[0.165s][info][gc,heap     ] GC(1) PSYoungGen: 991K(1024K)->512K(1536K) Eden: 511K(512K)->0K(1024K) From: 480K(512K)->512K(512K)
[0.165s][info][gc,heap     ] GC(1) ParOldGen: 8K(512K)->80K(512K)
[0.165s][info][gc,metaspace] GC(1) Metaspace: 5881K(6016K)->5881K(6016K) NonClass: 5384K(5504K)->5384K(5504K) Class: 496K(512K)->496K(512K)
[0.165s][info][gc          ] GC(1) Pause Young (Allocation Failure) 0M->0M(2M) 0.838ms
[0.165s][info][gc,cpu      ] GC(1) User=0.00s Sys=0.00s Real=0.00s
[0.184s][info][gc,start    ] GC(2) Pause Young (Allocation Failure)
[0.185s][info][gc,heap     ] GC(2) PSYoungGen: 1536K(1536K)->512K(1536K) Eden: 1024K(1024K)->0K(1024K) From: 512K(512K)->512K(512K)
[0.185s][info][gc,heap     ] GC(2) ParOldGen: 80K(512K)->504K(512K)
[0.185s][info][gc,metaspace] GC(2) Metaspace: 6300K(6528K)->6300K(6528K) NonClass: 5767K(5888K)->5767K(5888K) Class: 533K(640K)->533K(640K)
[0.185s][info][gc          ] GC(2) Pause Young (Allocation Failure) 1M->0M(2M) 1.096ms
[0.185s][info][gc,cpu      ] GC(2) User=0.00s Sys=0.00s Real=0.00s
[0.185s][info][gc,start    ] GC(3) Pause Full (Ergonomics)
[0.185s][info][gc,phases,start] GC(3) Marking Phase
[0.186s][info][gc,phases      ] GC(3) Marking Phase 0.923ms
[0.186s][info][gc,phases,start] GC(3) Summary Phase
[0.186s][info][gc,phases      ] GC(3) Summary Phase 0.015ms
[0.186s][info][gc,phases,start] GC(3) Adjust Roots
[0.187s][info][gc,phases      ] GC(3) Adjust Roots 0.320ms
[0.187s][info][gc,phases,start] GC(3) Compaction Phase
[0.188s][info][gc,phases      ] GC(3) Compaction Phase 1.606ms
[0.188s][info][gc,phases,start] GC(3) Post Compact
[0.189s][info][gc,phases      ] GC(3) Post Compact 0.069ms
[0.189s][info][gc,heap        ] GC(3) PSYoungGen: 512K(1536K)->502K(1536K) Eden: 0K(1024K)->0K(1024K) From: 512K(512K)->502K(512K)
[0.189s][info][gc,heap        ] GC(3) ParOldGen: 504K(512K)->478K(2048K)
[0.189s][info][gc,metaspace   ] GC(3) Metaspace: 6300K(6528K)->6300K(6528K) NonClass: 5767K(5888K)->5767K(5888K) Class: 533K(640K)->533K(640K)
[0.189s][info][gc             ] GC(3) Pause Full (Ergonomics) 0M->0M(3M) 3.171ms
[0.189s][info][gc,cpu         ] GC(3) User=0.00s Sys=0.00s Real=0.00s
[0.190s][info][gc,start       ] GC(4) Pause Young (Allocation Failure)
[0.191s][info][gc,heap        ] GC(4) PSYoungGen: 1526K(1536K)->480K(2560K) Eden: 1024K(1024K)->0K(2048K) From: 502K(512K)->480K(512K)
[0.191s][info][gc,heap        ] GC(4) ParOldGen: 478K(2048K)->1030K(2048K)
[0.191s][info][gc,metaspace   ] GC(4) Metaspace: 6300K(6528K)->6300K(6528K) NonClass: 5767K(5888K)->5767K(5888K) Class: 533K(640K)->533K(640K)
[0.191s][info][gc             ] GC(4) Pause Young (Allocation Failure) 1M->1M(4M) 1.294ms
[0.191s][info][gc,cpu         ] GC(4) User=0.02s Sys=0.00s Real=0.00s
[0.194s][info][gc,start       ] GC(5) Pause Young (Allocation Failure)
[0.196s][info][gc,heap        ] GC(5) PSYoungGen: 2528K(2560K)->480K(2560K) Eden: 2048K(2048K)->0K(2048K) From: 480K(512K)->480K(512K)
[0.196s][info][gc,heap        ] GC(5) ParOldGen: 1030K(2048K)->2102K(2560K)
[0.196s][info][gc,metaspace   ] GC(5) Metaspace: 6300K(6528K)->6300K(6528K) NonClass: 5767K(5888K)->5767K(5888K) Class: 533K(640K)->533K(640K)
[0.196s][info][gc             ] GC(5) Pause Young (Allocation Failure) 3M->2M(5M) 2.157ms
[0.196s][info][gc,cpu         ] GC(5) User=0.00s Sys=0.00s Real=0.00s
[0.196s][info][gc,start       ] GC(6) Pause Full (Ergonomics)
[0.196s][info][gc,phases,start] GC(6) Marking Phase
[0.198s][info][gc,phases      ] GC(6) Marking Phase 1.513ms
[0.198s][info][gc,phases,start] GC(6) Summary Phase
[0.198s][info][gc,phases      ] GC(6) Summary Phase 0.014ms
[0.198s][info][gc,phases,start] GC(6) Adjust Roots
[0.198s][info][gc,phases      ] GC(6) Adjust Roots 0.298ms
[0.198s][info][gc,phases,start] GC(6) Compaction Phase
[0.200s][info][gc,phases      ] GC(6) Compaction Phase 2.043ms
[0.200s][info][gc,phases,start] GC(6) Post Compact
[0.200s][info][gc,phases      ] GC(6) Post Compact 0.031ms
[0.201s][info][gc,heap        ] GC(6) PSYoungGen: 480K(2560K)->0K(4096K) Eden: 0K(2048K)->0K(3072K) From: 480K(512K)->0K(1024K)
[0.201s][info][gc,heap        ] GC(6) ParOldGen: 2102K(2560K)->2542K(6144K)
[0.201s][info][gc,metaspace   ] GC(6) Metaspace: 6300K(6528K)->6300K(6528K) NonClass: 5767K(5888K)->5767K(5888K) Class: 533K(640K)->533K(640K)
[0.201s][info][gc             ] GC(6) Pause Full (Ergonomics) 2M->2M(10M) 4.231ms
[0.201s][info][gc,cpu         ] GC(6) User=0.00s Sys=0.00s Real=0.00s
[0.205s][info][gc,start       ] GC(7) Pause Young (Allocation Failure)
[0.207s][info][gc,heap        ] GC(7) PSYoungGen: 3072K(4096K)->1696K(5120K) Eden: 3072K(3072K)->0K(3072K) From: 0K(1024K)->1696K(2048K)
[0.207s][info][gc,heap        ] GC(7) ParOldGen: 2542K(6144K)->2542K(6144K)
[0.207s][info][gc,metaspace   ] GC(7) Metaspace: 6300K(6528K)->6300K(6528K) NonClass: 5767K(5888K)->5767K(5888K) Class: 533K(640K)->533K(640K)
[0.207s][info][gc             ] GC(7) Pause Young (Allocation Failure) 5M->4M(11M) 2.105ms
[0.207s][info][gc,cpu         ] GC(7) User=0.02s Sys=0.00s Real=0.00s
[0.212s][info][gc,start       ] GC(8) Pause Young (Allocation Failure)
[0.215s][info][gc,heap        ] GC(8) PSYoungGen: 4768K(5120K)->2016K(5632K) Eden: 3072K(3072K)->0K(3584K) From: 1696K(2048K)->2016K(2048K)
[0.215s][info][gc,heap        ] GC(8) ParOldGen: 2542K(6144K)->3774K(6144K)
[0.215s][info][gc,metaspace   ] GC(8) Metaspace: 6300K(6528K)->6300K(6528K) NonClass: 5767K(5888K)->5767K(5888K) Class: 533K(640K)->533K(640K)
[0.215s][info][gc             ] GC(8) Pause Young (Allocation Failure) 7M->5M(11M) 2.649ms
[0.215s][info][gc,cpu         ] GC(8) User=0.00s Sys=0.00s Real=0.00s
[0.220s][info][gc,start       ] GC(9) Pause Young (Allocation Failure)
[0.223s][info][gc,heap        ] GC(9) PSYoungGen: 5600K(5632K)->3040K(6656K) Eden: 3584K(3584K)->0K(3584K) From: 2016K(2048K)->3040K(3072K)
[0.223s][info][gc,heap        ] GC(9) ParOldGen: 3774K(6144K)->4614K(6144K)
[0.223s][info][gc,metaspace   ] GC(9) Metaspace: 6300K(6528K)->6300K(6528K) NonClass: 5767K(5888K)->5767K(5888K) Class: 533K(640K)->533K(640K)
[0.223s][info][gc             ] GC(9) Pause Young (Allocation Failure) 9M->7M(12M) 3.555ms
[0.223s][info][gc,cpu         ] GC(9) User=0.00s Sys=0.00s Real=0.00s
[0.227s][info][gc,start       ] GC(10) Pause Young (Allocation Failure)
[0.231s][info][gc,heap        ] GC(10) PSYoungGen: 6624K(6656K)->4064K(9216K) Eden: 3584K(3584K)->0K(5120K) From: 3040K(3072K)->4064K(4096K)
[0.231s][info][gc,heap        ] GC(10) ParOldGen: 4614K(6144K)->5454K(6144K)
[0.231s][info][gc,metaspace   ] GC(10) Metaspace: 6300K(6528K)->6300K(6528K) NonClass: 5767K(5888K)->5767K(5888K) Class: 533K(640K)->533K(640K)
[0.231s][info][gc             ] GC(10) Pause Young (Allocation Failure) 10M->9M(15M) 3.835ms
[0.231s][info][gc,cpu         ] GC(10) User=0.00s Sys=0.00s Real=0.00s
[0.231s][info][gc,start       ] GC(11) Pause Full (Ergonomics)
[0.231s][info][gc,phases,start] GC(11) Marking Phase
[0.235s][info][gc,phases      ] GC(11) Marking Phase 4.429ms
[0.235s][info][gc,phases,start] GC(11) Summary Phase
[0.235s][info][gc,phases      ] GC(11) Summary Phase 0.020ms
[0.235s][info][gc,phases,start] GC(11) Adjust Roots
[0.236s][info][gc,phases      ] GC(11) Adjust Roots 0.333ms
[0.236s][info][gc,phases,start] GC(11) Compaction Phase
[0.242s][info][gc,phases      ] GC(11) Compaction Phase 6.029ms
[0.242s][info][gc,phases,start] GC(11) Post Compact
[0.242s][info][gc,phases      ] GC(11) Post Compact 0.053ms
[0.242s][info][gc,heap        ] GC(11) PSYoungGen: 4064K(9216K)->3545K(9216K) Eden: 0K(5120K)->0K(5120K) From: 4064K(4096K)->3545K(4096K)
[0.242s][info][gc,heap        ] GC(11) ParOldGen: 5454K(6144K)->5831K(10752K)
[0.242s][info][gc,metaspace   ] GC(11) Metaspace: 6300K(6528K)->6300K(6528K) NonClass: 5767K(5888K)->5767K(5888K) Class: 533K(640K)->533K(640K)
[0.242s][info][gc             ] GC(11) Pause Full (Ergonomics) 9M->9M(19M) 11.162ms
[0.242s][info][gc,cpu         ] GC(11) User=0.00s Sys=0.00s Real=0.01s
[0.248s][info][gc,start       ] GC(12) Pause Young (Allocation Failure)
[0.253s][info][gc,heap        ] GC(12) PSYoungGen: 8665K(9216K)->5088K(10240K) Eden: 5120K(5120K)->0K(5120K) From: 3545K(4096K)->5088K(5120K)
[0.253s][info][gc,heap        ] GC(12) ParOldGen: 5831K(10752K)->6951K(10752K)
[0.253s][info][gc,metaspace   ] GC(12) Metaspace: 6300K(6528K)->6300K(6528K) NonClass: 5767K(5888K)->5767K(5888K) Class: 533K(640K)->533K(640K)
[0.253s][info][gc             ] GC(12) Pause Young (Allocation Failure) 14M->11M(20M) 4.342ms
[0.253s][info][gc,cpu         ] GC(12) User=0.00s Sys=0.00s Real=0.00s
[0.257s][info][gc,start       ] GC(13) Pause Young (Allocation Failure)
[0.262s][info][gc,heap        ] GC(13) PSYoungGen: 10208K(10240K)->6496K(12800K) Eden: 5120K(5120K)->0K(6144K) From: 5088K(5120K)->6496K(6656K)
[0.262s][info][gc,heap        ] GC(13) ParOldGen: 6951K(10752K)->8231K(10752K)
[0.262s][info][gc,metaspace   ] GC(13) Metaspace: 6302K(6528K)->6302K(6528K) NonClass: 5769K(5888K)->5769K(5888K) Class: 533K(640K)->533K(640K)
[0.262s][info][gc             ] GC(13) Pause Young (Allocation Failure) 16M->14M(23M) 5.240ms
[0.262s][info][gc,cpu         ] GC(13) User=0.00s Sys=0.00s Real=0.01s
[0.266s][info][gc,start       ] GC(14) Pause Young (Allocation Failure)
[0.272s][info][gc,heap        ] GC(14) PSYoungGen: 12640K(12800K)->5792K(13824K) Eden: 6144K(6144K)->0K(6144K) From: 6496K(6656K)->5792K(7680K)
[0.272s][info][gc,heap        ] GC(14) ParOldGen: 8231K(10752K)->12119K(12288K)
[0.272s][info][gc,metaspace   ] GC(14) Metaspace: 6302K(6528K)->6302K(6528K) NonClass: 5769K(5888K)->5769K(5888K) Class: 533K(640K)->533K(640K)
[0.272s][info][gc             ] GC(14) Pause Young (Allocation Failure) 20M->17M(25M) 5.925ms
[0.272s][info][gc,cpu         ] GC(14) User=0.00s Sys=0.00s Real=0.01s
[0.272s][info][gc,start       ] GC(15) Pause Full (Ergonomics)
[0.272s][info][gc,phases,start] GC(15) Marking Phase
[0.280s][info][gc,phases      ] GC(15) Marking Phase 7.555ms
[0.280s][info][gc,phases,start] GC(15) Summary Phase
[0.280s][info][gc,phases      ] GC(15) Summary Phase 0.020ms
[0.280s][info][gc,phases,start] GC(15) Adjust Roots
[0.280s][info][gc,phases      ] GC(15) Adjust Roots 0.188ms
[0.280s][info][gc,phases,start] GC(15) Compaction Phase
[0.289s][info][gc,phases      ] GC(15) Compaction Phase 8.439ms
[0.289s][info][gc,phases,start] GC(15) Post Compact
[0.289s][info][gc,phases      ] GC(15) Post Compact 0.091ms
[0.289s][info][gc,heap        ] GC(15) PSYoungGen: 5792K(13824K)->5758K(13824K) Eden: 0K(6144K)->0K(6144K) From: 5792K(7680K)->5758K(7680K)
[0.289s][info][gc,heap        ] GC(15) ParOldGen: 12119K(12288K)->12006K(18944K)
[0.289s][info][gc,metaspace   ] GC(15) Metaspace: 6302K(6528K)->6302K(6528K) NonClass: 5769K(5888K)->5769K(5888K) Class: 533K(640K)->533K(640K)
[0.289s][info][gc             ] GC(15) Pause Full (Ergonomics) 17M->17M(32M) 16.719ms
[0.289s][info][gc,cpu         ] GC(15) User=0.00s Sys=0.00s Real=0.02s
[0.293s][info][gc,start       ] GC(16) Pause Young (Allocation Failure)
[0.301s][info][gc,heap        ] GC(16) PSYoungGen: 11902K(13824K)->3200K(15872K) Eden: 6144K(6144K)->0K(8704K) From: 5758K(7680K)->3200K(7168K)
[0.301s][info][gc,heap        ] GC(16) ParOldGen: 12006K(18944K)->17862K(18944K)
[0.301s][info][gc,metaspace   ] GC(16) Metaspace: 6302K(6528K)->6302K(6528K) NonClass: 5769K(5888K)->5769K(5888K) Class: 533K(640K)->533K(640K)
[0.301s][info][gc             ] GC(16) Pause Young (Allocation Failure) 23M->20M(34M) 7.471ms
[0.301s][info][gc,cpu         ] GC(16) User=0.00s Sys=0.00s Real=0.01s
[0.301s][info][gc,start       ] GC(17) Pause Full (Ergonomics)
[0.301s][info][gc,phases,start] GC(17) Marking Phase
[0.309s][info][gc,phases      ] GC(17) Marking Phase 8.506ms
[0.309s][info][gc,phases,start] GC(17) Summary Phase
[0.310s][info][gc,phases      ] GC(17) Summary Phase 0.018ms
[0.310s][info][gc,phases,start] GC(17) Adjust Roots
[0.310s][info][gc,phases      ] GC(17) Adjust Roots 0.180ms
[0.310s][info][gc,phases,start] GC(17) Compaction Phase
[0.318s][info][gc,phases      ] GC(17) Compaction Phase 8.239ms
[0.318s][info][gc,phases,start] GC(17) Post Compact
[0.318s][info][gc,phases      ] GC(17) Post Compact 0.138ms
[0.318s][info][gc,heap        ] GC(17) PSYoungGen: 3200K(15872K)->2146K(16384K) Eden: 0K(8704K)->0K(9216K) From: 3200K(7168K)->2146K(7168K)
[0.318s][info][gc,heap        ] GC(17) ParOldGen: 17862K(18944K)->18786K(28672K)
[0.318s][info][gc,metaspace   ] GC(17) Metaspace: 6302K(6528K)->6302K(6528K) NonClass: 5769K(5888K)->5769K(5888K) Class: 533K(640K)->533K(640K)
[0.318s][info][gc             ] GC(17) Pause Full (Ergonomics) 20M->20M(44M) 17.439ms
[0.318s][info][gc,cpu         ] GC(17) User=0.00s Sys=0.00s Real=0.02s
[0.326s][info][gc,start       ] GC(18) Pause Young (Allocation Failure)
[0.333s][info][gc,heap        ] GC(18) PSYoungGen: 11362K(16384K)->5312K(16896K) Eden: 9216K(9216K)->0K(9216K) From: 2146K(7168K)->5312K(7680K)
[0.333s][info][gc,heap        ] GC(18) ParOldGen: 18786K(28672K)->20978K(28672K)
[0.333s][info][gc,metaspace   ] GC(18) Metaspace: 6302K(6528K)->6302K(6528K) NonClass: 5769K(5888K)->5769K(5888K) Class: 533K(640K)->533K(640K)
[0.333s][info][gc             ] GC(18) Pause Young (Allocation Failure) 29M->25M(44M) 6.432ms
[0.333s][info][gc,cpu         ] GC(18) User=0.00s Sys=0.00s Real=0.01s
[0.338s][info][gc,start       ] GC(19) Pause Young (Allocation Failure)
[0.346s][info][gc,heap        ] GC(19) PSYoungGen: 14528K(16896K)->4800K(20480K) Eden: 9216K(9216K)->0K(12288K) From: 5312K(7680K)->4800K(8192K)
[0.346s][info][gc,heap        ] GC(19) ParOldGen: 20978K(28672K)->26314K(28672K)
[0.346s][info][gc,metaspace   ] GC(19) Metaspace: 6302K(6528K)->6302K(6528K) NonClass: 5769K(5888K)->5769K(5888K) Class: 533K(640K)->533K(640K)
[0.346s][info][gc             ] GC(19) Pause Young (Allocation Failure) 34M->30M(48M) 7.396ms
[0.346s][info][gc,cpu         ] GC(19) User=0.00s Sys=0.00s Real=0.01s
[0.346s][info][gc,start       ] GC(20) Pause Full (Ergonomics)
[0.346s][info][gc,phases,start] GC(20) Marking Phase
[0.358s][info][gc,phases      ] GC(20) Marking Phase 12.351ms
[0.358s][info][gc,phases,start] GC(20) Summary Phase
[0.358s][info][gc,phases      ] GC(20) Summary Phase 0.018ms
[0.358s][info][gc,phases,start] GC(20) Adjust Roots
[0.358s][info][gc,phases      ] GC(20) Adjust Roots 0.192ms
[0.358s][info][gc,phases,start] GC(20) Compaction Phase
[0.370s][info][gc,phases      ] GC(20) Compaction Phase 12.053ms
[0.371s][info][gc,phases,start] GC(20) Post Compact
[0.371s][info][gc,phases      ] GC(20) Post Compact 0.136ms
[0.371s][info][gc,heap        ] GC(20) PSYoungGen: 4800K(20480K)->2206K(20480K) Eden: 0K(12288K)->0K(12288K) From: 4800K(8192K)->2206K(8192K)
[0.371s][info][gc,heap        ] GC(20) ParOldGen: 26314K(28672K)->28232K(39936K)
[0.371s][info][gc,metaspace   ] GC(20) Metaspace: 6302K(6528K)->6302K(6528K) NonClass: 5769K(5888K)->5769K(5888K) Class: 533K(640K)->533K(640K)
[0.371s][info][gc             ] GC(20) Pause Full (Ergonomics) 30M->29M(59M) 25.232ms
[0.371s][info][gc,cpu         ] GC(20) User=0.00s Sys=0.00s Real=0.03s
[0.382s][info][gc,start       ] GC(21) Pause Young (Allocation Failure)
[0.393s][info][gc,heap        ] GC(21) PSYoungGen: 14494K(20480K)->8192K(20480K) Eden: 12288K(12288K)->0K(12288K) From: 2206K(8192K)->8192K(8192K)
[0.393s][info][gc,heap        ] GC(21) ParOldGen: 28232K(39936K)->33816K(39936K)
[0.393s][info][gc,metaspace   ] GC(21) Metaspace: 6302K(6528K)->6302K(6528K) NonClass: 5769K(5888K)->5769K(5888K) Class: 533K(640K)->533K(640K)
[0.393s][info][gc             ] GC(21) Pause Young (Allocation Failure) 41M->41M(59M) 10.982ms
[0.393s][info][gc,cpu         ] GC(21) User=0.00s Sys=0.00s Real=0.01s
[0.393s][info][gc,start       ] GC(22) Pause Full (Ergonomics)
[0.393s][info][gc,phases,start] GC(22) Marking Phase
[0.409s][info][gc,phases      ] GC(22) Marking Phase 16.474ms
[0.410s][info][gc,phases,start] GC(22) Summary Phase
[0.410s][info][gc,phases      ] GC(22) Summary Phase 0.019ms
[0.410s][info][gc,phases,start] GC(22) Adjust Roots
[0.410s][info][gc,phases      ] GC(22) Adjust Roots 0.157ms
[0.410s][info][gc,phases,start] GC(22) Compaction Phase
[0.421s][info][gc,phases      ] GC(22) Compaction Phase 11.014ms
[0.421s][info][gc,phases,start] GC(22) Post Compact
[0.421s][info][gc,phases      ] GC(22) Post Compact 0.188ms
[0.421s][info][gc,heap        ] GC(22) PSYoungGen: 8192K(20480K)->2044K(20480K) Eden: 0K(12288K)->0K(12288K) From: 8192K(8192K)->2044K(8192K)
[0.421s][info][gc,heap        ] GC(22) ParOldGen: 33816K(39936K)->39851K(54272K)
[0.421s][info][gc,metaspace   ] GC(22) Metaspace: 6302K(6528K)->6302K(6528K) NonClass: 5769K(5888K)->5769K(5888K) Class: 533K(640K)->533K(640K)
[0.421s][info][gc             ] GC(22) Pause Full (Ergonomics) 41M->40M(73M) 28.217ms
[0.421s][info][gc,cpu         ] GC(22) User=0.06s Sys=0.00s Real=0.03s
[0.439s][info][gc,start       ] GC(23) Pause Young (Allocation Failure)
[0.451s][info][gc,heap        ] GC(23) PSYoungGen: 14332K(20480K)->11744K(24064K) Eden: 12288K(12288K)->0K(12288K) From: 2044K(8192K)->11744K(11776K)
[0.451s][info][gc,heap        ] GC(23) ParOldGen: 39851K(54272K)->42483K(54272K)
[0.452s][info][gc,metaspace   ] GC(23) Metaspace: 6302K(6528K)->6302K(6528K) NonClass: 5769K(5888K)->5769K(5888K) Class: 533K(640K)->533K(640K)
[0.452s][info][gc             ] GC(23) Pause Young (Allocation Failure) 52M->52M(76M) 12.864ms
[0.452s][info][gc,cpu         ] GC(23) User=0.00s Sys=0.00s Real=0.01s
[0.464s][info][gc,start       ] GC(24) Pause Young (Allocation Failure)
[0.479s][info][gc,heap        ] GC(24) PSYoungGen: 24032K(24064K)->12288K(26624K) Eden: 12288K(12288K)->0K(12288K) From: 11744K(11776K)->12288K(14336K)
[0.479s][info][gc,heap        ] GC(24) ParOldGen: 42483K(54272K)->54371K(54784K)
[0.479s][info][gc,metaspace   ] GC(24) Metaspace: 6302K(6528K)->6302K(6528K) NonClass: 5769K(5888K)->5769K(5888K) Class: 533K(640K)->533K(640K)
[0.479s][info][gc             ] GC(24) Pause Young (Allocation Failure) 64M->65M(79M) 15.352ms
[0.479s][info][gc,cpu         ] GC(24) User=0.00s Sys=0.00s Real=0.02s
[0.479s][info][gc,start       ] GC(25) Pause Full (Ergonomics)
[0.479s][info][gc,phases,start] GC(25) Marking Phase
[0.505s][info][gc,phases      ] GC(25) Marking Phase 25.689ms
[0.505s][info][gc,phases,start] GC(25) Summary Phase
[0.505s][info][gc,phases      ] GC(25) Summary Phase 0.021ms
[0.505s][info][gc,phases,start] GC(25) Adjust Roots
[0.505s][info][gc,phases      ] GC(25) Adjust Roots 0.161ms
[0.505s][info][gc,phases,start] GC(25) Compaction Phase
[0.526s][info][gc,phases      ] GC(25) Compaction Phase 20.095ms
[0.526s][info][gc,phases,start] GC(25) Post Compact
[0.526s][info][gc,phases      ] GC(25) Post Compact 0.246ms
[0.526s][info][gc,heap        ] GC(25) PSYoungGen: 12288K(26624K)->10723K(26624K) Eden: 0K(12288K)->0K(12288K) From: 12288K(14336K)->10723K(14336K)
[0.526s][info][gc,heap        ] GC(25) ParOldGen: 54371K(54784K)->54666K(73728K)
[0.526s][info][gc,metaspace   ] GC(25) Metaspace: 6302K(6528K)->6302K(6528K) NonClass: 5769K(5888K)->5769K(5888K) Class: 533K(640K)->533K(640K)
[0.526s][info][gc             ] GC(25) Pause Full (Ergonomics) 65M->63M(98M) 46.666ms
[0.526s][info][gc,cpu         ] GC(25) User=0.03s Sys=0.00s Real=0.05s
[0.538s][info][gc,start       ] GC(26) Pause Young (Allocation Failure)
[0.558s][info][gc,heap        ] GC(26) PSYoungGen: 23011K(26624K)->16384K(26112K) Eden: 12288K(12288K)->0K(9728K) From: 10723K(14336K)->16384K(16384K)
[0.558s][info][gc,heap        ] GC(26) ParOldGen: 54666K(73728K)->61402K(73728K)
[0.558s][info][gc,metaspace   ] GC(26) Metaspace: 6302K(6528K)->6302K(6528K) NonClass: 5769K(5888K)->5769K(5888K) Class: 533K(640K)->533K(640K)
[0.558s][info][gc             ] GC(26) Pause Young (Allocation Failure) 75M->75M(97M) 20.059ms
[0.558s][info][gc,cpu         ] GC(26) User=0.03s Sys=0.00s Real=0.02s
[0.570s][info][gc,start       ] GC(27) Pause Young (Allocation Failure)
[0.588s][info][gc,heap        ] GC(27) PSYoungGen: 26112K(26112K)->9760K(31232K) Eden: 9728K(9728K)->0K(9728K) From: 16384K(16384K)->9760K(21504K)
[0.588s][info][gc,heap        ] GC(27) ParOldGen: 61402K(73728K)->78026K(78336K)
[0.588s][info][gc,metaspace   ] GC(27) Metaspace: 6302K(6528K)->6302K(6528K) NonClass: 5769K(5888K)->5769K(5888K) Class: 533K(640K)->533K(640K)
[0.588s][info][gc             ] GC(27) Pause Young (Allocation Failure) 85M->85M(107M) 18.453ms
[0.588s][info][gc,cpu         ] GC(27) User=0.00s Sys=0.02s Real=0.02s
[0.589s][info][gc,start       ] GC(28) Pause Full (Ergonomics)
[0.589s][info][gc,phases,start] GC(28) Marking Phase
[0.623s][info][gc,phases      ] GC(28) Marking Phase 34.427ms
[0.623s][info][gc,phases,start] GC(28) Summary Phase
[0.623s][info][gc,phases      ] GC(28) Summary Phase 0.019ms
[0.623s][info][gc,phases,start] GC(28) Adjust Roots
[0.623s][info][gc,phases      ] GC(28) Adjust Roots 0.179ms
[0.623s][info][gc,phases,start] GC(28) Compaction Phase
[0.646s][info][gc,phases      ] GC(28) Compaction Phase 23.187ms
[0.647s][info][gc,phases,start] GC(28) Post Compact
[0.647s][info][gc,phases      ] GC(28) Post Compact 0.462ms
[0.647s][info][gc,heap        ] GC(28) PSYoungGen: 9760K(31232K)->9187K(31232K) Eden: 0K(9728K)->0K(9728K) From: 9760K(21504K)->9187K(21504K)
[0.647s][info][gc,heap        ] GC(28) ParOldGen: 78026K(78336K)->78159K(103424K)
[0.647s][info][gc,metaspace   ] GC(28) Metaspace: 6302K(6528K)->6302K(6528K) NonClass: 5769K(5888K)->5769K(5888K) Class: 533K(640K)->533K(640K)
[0.647s][info][gc             ] GC(28) Pause Full (Ergonomics) 85M->85M(131M) 58.743ms
[0.647s][info][gc,cpu         ] GC(28) User=0.08s Sys=0.00s Real=0.06s
[0.666s][info][gc,start       ] GC(29) Pause Young (Allocation Failure)
[0.679s][info][gc,heap        ] GC(29) PSYoungGen: 18915K(31232K)->9792K(30720K) Eden: 9728K(9728K)->0K(11776K) From: 9187K(21504K)->9792K(18944K)
[0.679s][info][gc,heap        ] GC(29) ParOldGen: 78159K(103424K)->87511K(103424K)
[0.679s][info][gc,metaspace   ] GC(29) Metaspace: 6302K(6528K)->6302K(6528K) NonClass: 5769K(5888K)->5769K(5888K) Class: 533K(640K)->533K(640K)
[0.679s][info][gc             ] GC(29) Pause Young (Allocation Failure) 94M->95M(131M) 13.489ms
[0.679s][info][gc,cpu         ] GC(29) User=0.00s Sys=0.00s Real=0.01s
[0.689s][info][gc,start       ] GC(30) Pause Young (Allocation Failure)
[0.699s][info][gc,heap        ] GC(30) PSYoungGen: 21568K(30720K)->19936K(31744K) Eden: 11776K(11776K)->0K(11776K) From: 9792K(18944K)->19936K(19968K)
[0.699s][info][gc,heap        ] GC(30) ParOldGen: 87511K(103424K)->89111K(103424K)
[0.699s][info][gc,metaspace   ] GC(30) Metaspace: 6302K(6528K)->6302K(6528K) NonClass: 5769K(5888K)->5769K(5888K) Class: 533K(640K)->533K(640K)
[0.699s][info][gc             ] GC(30) Pause Young (Allocation Failure) 106M->106M(132M) 10.262ms
[0.699s][info][gc,cpu         ] GC(30) User=0.00s Sys=0.00s Real=0.01s
[0.700s][info][gc,start       ] GC(31) Pause Full (Ergonomics)
[0.700s][info][gc,phases,start] GC(31) Marking Phase
[0.731s][info][gc,phases      ] GC(31) Marking Phase 31.067ms
[0.731s][info][gc,phases,start] GC(31) Summary Phase
[0.731s][info][gc,phases      ] GC(31) Summary Phase 0.015ms
[0.731s][info][gc,phases,start] GC(31) Adjust Roots
[0.731s][info][gc,phases      ] GC(31) Adjust Roots 0.189ms
[0.731s][info][gc,phases,start] GC(31) Compaction Phase
[0.756s][info][gc,phases      ] GC(31) Compaction Phase 25.552ms
[0.757s][info][gc,phases,start] GC(31) Post Compact
[0.757s][info][gc,phases      ] GC(31) Post Compact 0.443ms
[0.757s][info][gc,heap        ] GC(31) PSYoungGen: 19936K(31744K)->3545K(31744K) Eden: 0K(11776K)->0K(11776K) From: 19936K(19968K)->3545K(19968K)
[0.757s][info][gc,heap        ] GC(31) ParOldGen: 89111K(103424K)->103211K(131072K)
[0.757s][info][gc,metaspace   ] GC(31) Metaspace: 6302K(6528K)->6302K(6528K) NonClass: 5769K(5888K)->5769K(5888K) Class: 533K(640K)->533K(640K)
[0.757s][info][gc             ] GC(31) Pause Full (Ergonomics) 106M->104M(159M) 57.653ms
[0.757s][info][gc,cpu         ] GC(31) User=0.08s Sys=0.00s Real=0.06s
[0.770s][info][gc,start       ] GC(32) Pause Young (Allocation Failure)
[0.785s][info][gc,heap        ] GC(32) PSYoungGen: 15321K(31744K)->11808K(37376K) Eden: 11776K(11776K)->0K(14336K) From: 3545K(19968K)->11808K(23040K)
[0.785s][info][gc,heap        ] GC(32) ParOldGen: 103211K(131072K)->106827K(131072K)
[0.785s][info][gc,metaspace   ] GC(32) Metaspace: 6302K(6528K)->6302K(6528K) NonClass: 5769K(5888K)->5769K(5888K) Class: 533K(640K)->533K(640K)
[0.785s][info][gc             ] GC(32) Pause Young (Allocation Failure) 115M->115M(164M) 15.717ms
[0.785s][info][gc,cpu         ] GC(32) User=0.00s Sys=0.00s Real=0.02s
[0.799s][info][gc,start       ] GC(33) Pause Young (Allocation Failure)
[0.813s][info][gc,heap        ] GC(33) PSYoungGen: 26144K(37376K)->23552K(37888K) Eden: 14336K(14336K)->0K(14336K) From: 11808K(23040K)->23552K(23552K)
[0.813s][info][gc,heap        ] GC(33) ParOldGen: 106827K(131072K)->109419K(131072K)
[0.813s][info][gc,metaspace   ] GC(33) Metaspace: 6302K(6528K)->6302K(6528K) NonClass: 5769K(5888K)->5769K(5888K) Class: 533K(640K)->533K(640K)
[0.813s][info][gc             ] GC(33) Pause Young (Allocation Failure) 129M->129M(165M) 14.003ms
[0.813s][info][gc,cpu         ] GC(33) User=0.00s Sys=0.00s Real=0.01s
[0.827s][info][gc,start       ] GC(34) Pause Young (Allocation Failure)
[0.849s][info][gc,heap        ] GC(34) PSYoungGen: 37888K(37888K)->14400K(43520K) Eden: 14336K(14336K)->0K(16896K) From: 23552K(23552K)->14400K(26624K)
[0.849s][info][gc,heap        ] GC(34) ParOldGen: 109419K(131072K)->133299K(133632K)
[0.849s][info][gc,metaspace   ] GC(34) Metaspace: 6302K(6528K)->6302K(6528K) NonClass: 5769K(5888K)->5769K(5888K) Class: 533K(640K)->533K(640K)
[0.849s][info][gc             ] GC(34) Pause Young (Allocation Failure) 143M->144M(173M) 22.117ms
[0.849s][info][gc,cpu         ] GC(34) User=0.05s Sys=0.00s Real=0.02s
[0.849s][info][gc,start       ] GC(35) Pause Full (Ergonomics)
[0.849s][info][gc,phases,start] GC(35) Marking Phase
[0.884s][info][gc,phases      ] GC(35) Marking Phase 35.281ms
[0.884s][info][gc,phases,start] GC(35) Summary Phase
[0.884s][info][gc,phases      ] GC(35) Summary Phase 0.016ms
[0.885s][info][gc,phases,start] GC(35) Adjust Roots
[0.885s][info][gc,phases      ] GC(35) Adjust Roots 0.140ms
[0.885s][info][gc,phases,start] GC(35) Compaction Phase
[0.906s][info][gc,phases      ] GC(35) Compaction Phase 20.985ms
[0.906s][info][gc,phases,start] GC(35) Post Compact
[0.906s][info][gc,phases      ] GC(35) Post Compact 0.729ms
[0.907s][info][gc,heap        ] GC(35) PSYoungGen: 14400K(43520K)->13789K(44544K) Eden: 0K(16896K)->0K(17920K) From: 14400K(26624K)->13789K(26624K)
[0.907s][info][gc,heap        ] GC(35) ParOldGen: 133299K(133632K)->133315K(167936K)
[0.907s][info][gc,metaspace   ] GC(35) Metaspace: 6302K(6528K)->6302K(6528K) NonClass: 5769K(5888K)->5769K(5888K) Class: 533K(640K)->533K(640K)
[0.907s][info][gc             ] GC(35) Pause Full (Ergonomics) 144M->143M(207M) 57.606ms
[0.907s][info][gc,cpu         ] GC(35) User=0.14s Sys=0.00s Real=0.06s
[0.924s][info][gc,start       ] GC(36) Pause Young (Allocation Failure)
[0.946s][info][gc,heap        ] GC(36) PSYoungGen: 31709K(44544K)->17984K(45568K) Eden: 17920K(17920K)->0K(17920K) From: 13789K(26624K)->17984K(27648K)
[0.946s][info][gc,heap        ] GC(36) ParOldGen: 133315K(167936K)->147339K(167936K)
[0.946s][info][gc,metaspace   ] GC(36) Metaspace: 6302K(6528K)->6302K(6528K) NonClass: 5769K(5888K)->5769K(5888K) Class: 533K(640K)->533K(640K)
[0.946s][info][gc             ] GC(36) Pause Young (Allocation Failure) 161M->161M(208M) 22.121ms
[0.946s][info][gc,cpu         ] GC(36) User=0.05s Sys=0.02s Real=0.02s
[0.946s][info][gc,start       ] GC(37) Pause Full (Ergonomics)
[0.946s][info][gc,phases,start] GC(37) Marking Phase
[0.988s][info][gc,phases      ] GC(37) Marking Phase 41.997ms
[0.989s][info][gc,phases,start] GC(37) Summary Phase
[0.989s][info][gc,phases      ] GC(37) Summary Phase 0.022ms
[0.989s][info][gc,phases,start] GC(37) Adjust Roots
[0.989s][info][gc,phases      ] GC(37) Adjust Roots 0.163ms
[0.989s][info][gc,phases,start] GC(37) Compaction Phase
[1.007s][info][gc,phases      ] GC(37) Compaction Phase 17.744ms
[1.007s][info][gc,phases,start] GC(37) Post Compact
[1.007s][info][gc,phases      ] GC(37) Post Compact 0.887ms
[1.008s][info][gc,heap        ] GC(37) PSYoungGen: 17984K(45568K)->0K(48128K) Eden: 0K(17920K)->0K(20480K) From: 17984K(27648K)->0K(27648K)
[1.008s][info][gc,heap        ] GC(37) ParOldGen: 147339K(167936K)->164991K(203264K)
[1.008s][info][gc,metaspace   ] GC(37) Metaspace: 6302K(6528K)->6302K(6528K) NonClass: 5769K(5888K)->5769K(5888K) Class: 533K(640K)->533K(640K)
[1.008s][info][gc             ] GC(37) Pause Full (Ergonomics) 161M->161M(245M) 61.365ms
[1.008s][info][gc,cpu         ] GC(37) User=0.22s Sys=0.00s Real=0.06s
[1.043s][info][gc,start       ] GC(38) Pause Young (Allocation Failure)
[1.058s][info][gc,heap        ] GC(38) PSYoungGen: 20480K(48128K)->20576K(48640K) Eden: 20480K(20480K)->0K(20480K) From: 0K(27648K)->20576K(28160K)
[1.058s][info][gc,heap        ] GC(38) ParOldGen: 164991K(203264K)->164991K(203264K)
[1.058s][info][gc,metaspace   ] GC(38) Metaspace: 6302K(6528K)->6302K(6528K) NonClass: 5769K(5888K)->5769K(5888K) Class: 533K(640K)->533K(640K)
[1.058s][info][gc             ] GC(38) Pause Young (Allocation Failure) 181M->181M(246M) 14.666ms
[1.058s][info][gc,cpu         ] GC(38) User=0.00s Sys=0.00s Real=0.02s
[1.077s][info][gc,start       ] GC(39) Pause Young (Allocation Failure)
[1.101s][info][gc,heap        ] GC(39) PSYoungGen: 41056K(48640K)->29664K(40960K) Eden: 20480K(20480K)->0K(11264K) From: 20576K(28160K)->29664K(29696K)
[1.101s][info][gc,heap        ] GC(39) ParOldGen: 164991K(203264K)->184791K(203264K)
[1.101s][info][gc,metaspace   ] GC(39) Metaspace: 6302K(6528K)->6302K(6528K) NonClass: 5769K(5888K)->5769K(5888K) Class: 533K(640K)->533K(640K)
[1.101s][info][gc             ] GC(39) Pause Young (Allocation Failure) 201M->209M(238M) 24.213ms
[1.101s][info][gc,cpu         ] GC(39) User=0.02s Sys=0.00s Real=0.02s
[1.101s][info][gc,start       ] GC(40) Pause Full (Ergonomics)
[1.101s][info][gc,phases,start] GC(40) Marking Phase
[1.149s][info][gc,phases      ] GC(40) Marking Phase 47.954ms
[1.150s][info][gc,phases,start] GC(40) Summary Phase
[1.150s][info][gc,phases      ] GC(40) Summary Phase 0.020ms
[1.150s][info][gc,phases,start] GC(40) Adjust Roots
[1.150s][info][gc,phases      ] GC(40) Adjust Roots 0.149ms
[1.150s][info][gc,phases,start] GC(40) Compaction Phase
[1.187s][info][gc,phases      ] GC(40) Compaction Phase 37.420ms
[1.187s][info][gc,phases,start] GC(40) Post Compact
[1.189s][info][gc,phases      ] GC(40) Post Compact 1.326ms
[1.189s][info][gc,heap        ] GC(40) PSYoungGen: 29664K(40960K)->0K(52736K) Eden: 0K(11264K)->0K(11264K) From: 29664K(29696K)->0K(41472K)
[1.189s][info][gc,heap        ] GC(40) ParOldGen: 184791K(203264K)->201803K(244736K)
[1.189s][info][gc,metaspace   ] GC(40) Metaspace: 6302K(6528K)->6302K(6528K) NonClass: 5769K(5888K)->5769K(5888K) Class: 533K(640K)->533K(640K)
[1.189s][info][gc             ] GC(40) Pause Full (Ergonomics) 209M->197M(290M) 87.444ms
[1.189s][info][gc,cpu         ] GC(40) User=0.23s Sys=0.00s Real=0.09s
[1.201s][info][gc,start       ] GC(41) Pause Young (Allocation Failure)
[1.208s][info][gc,heap        ] GC(41) PSYoungGen: 11264K(52736K)->11360K(50688K) Eden: 11264K(11264K)->0K(12800K) From: 0K(41472K)->11360K(37888K)
[1.208s][info][gc,heap        ] GC(41) ParOldGen: 201803K(244736K)->201803K(244736K)
[1.208s][info][gc,metaspace   ] GC(41) Metaspace: 6302K(6528K)->6302K(6528K) NonClass: 5769K(5888K)->5769K(5888K) Class: 533K(640K)->533K(640K)
[1.208s][info][gc             ] GC(41) Pause Young (Allocation Failure) 208M->208M(288M) 7.019ms
[1.208s][info][gc,cpu         ] GC(41) User=0.02s Sys=0.00s Real=0.01s
[1.222s][info][gc,start       ] GC(42) Pause Young (Allocation Failure)
[1.235s][info][gc,heap        ] GC(42) PSYoungGen: 24160K(50688K)->24128K(52736K) Eden: 12800K(12800K)->0K(12800K) From: 11360K(37888K)->24128K(39936K)
[1.235s][info][gc,heap        ] GC(42) ParOldGen: 201803K(244736K)->201803K(244736K)
[1.235s][info][gc,metaspace   ] GC(42) Metaspace: 6302K(6528K)->6302K(6528K) NonClass: 5769K(5888K)->5769K(5888K) Class: 533K(640K)->533K(640K)
[1.235s][info][gc             ] GC(42) Pause Young (Allocation Failure) 220M->220M(290M) 13.075ms
[1.235s][info][gc,cpu         ] GC(42) User=0.00s Sys=0.00s Real=0.01s
[1.249s][info][gc,start       ] GC(43) Pause Young (Allocation Failure)
[1.266s][info][gc,heap        ] GC(43) PSYoungGen: 36928K(52736K)->36960K(50176K) Eden: 12800K(12800K)->0K(9728K) From: 24128K(39936K)->36960K(40448K)
[1.266s][info][gc,heap        ] GC(43) ParOldGen: 201803K(244736K)->201803K(244736K)
[1.266s][info][gc,metaspace   ] GC(43) Metaspace: 6302K(6528K)->6302K(6528K) NonClass: 5769K(5888K)->5769K(5888K) Class: 533K(640K)->533K(640K)
[1.266s][info][gc             ] GC(43) Pause Young (Allocation Failure) 233M->233M(288M) 17.146ms
[1.266s][info][gc,cpu         ] GC(43) User=0.08s Sys=0.00s Real=0.02s
[1.277s][info][gc,start       ] GC(44) Pause Young (Allocation Failure)
[1.297s][info][gc,heap        ] GC(44) PSYoungGen: 46688K(50176K)->45568K(55296K) Eden: 9728K(9728K)->0K(9728K) From: 36960K(40448K)->45568K(45568K)
[1.298s][info][gc,heap        ] GC(44) ParOldGen: 201803K(244736K)->202835K(244736K)
[1.298s][info][gc,metaspace   ] GC(44) Metaspace: 6302K(6528K)->6302K(6528K) NonClass: 5769K(5888K)->5769K(5888K) Class: 533K(640K)->533K(640K)
[1.298s][info][gc             ] GC(44) Pause Young (Allocation Failure) 242M->242M(293M) 20.980ms
[1.298s][info][gc,cpu         ] GC(44) User=0.09s Sys=0.00s Real=0.02s
[1.308s][info][gc,start       ] GC(45) Pause Young (Allocation Failure)
[1.332s][info][gc,heap        ] GC(45) PSYoungGen: 55296K(55296K)->44224K(59392K) Eden: 9728K(9728K)->0K(6144K) From: 45568K(45568K)->44224K(53248K)
[1.332s][info][gc,heap        ] GC(45) ParOldGen: 202835K(244736K)->214171K(244736K)
[1.332s][info][gc,metaspace   ] GC(45) Metaspace: 6302K(6528K)->6302K(6528K) NonClass: 5769K(5888K)->5769K(5888K) Class: 533K(640K)->533K(640K)
[1.332s][info][gc             ] GC(45) Pause Young (Allocation Failure) 252M->252M(297M) 24.431ms
[1.332s][info][gc,cpu         ] GC(45) User=0.09s Sys=0.03s Real=0.02s
[1.339s][info][gc,start       ] GC(46) Pause Young (Allocation Failure)
[1.361s][info][gc,heap        ] GC(46) PSYoungGen: 50368K(59392K)->37856K(64512K) Eden: 6144K(6144K)->0K(6144K) From: 44224K(53248K)->37856K(58368K)
[1.361s][info][gc,heap        ] GC(46) ParOldGen: 214171K(244736K)->226883K(244736K)
[1.361s][info][gc,metaspace   ] GC(46) Metaspace: 6302K(6528K)->6302K(6528K) NonClass: 5769K(5888K)->5769K(5888K) Class: 533K(640K)->533K(640K)
[1.361s][info][gc             ] GC(46) Pause Young (Allocation Failure) 258M->258M(302M) 21.594ms
[1.361s][info][gc,cpu         ] GC(46) User=0.11s Sys=0.00s Real=0.02s
[1.361s][info][gc,start       ] GC(47) Pause Full (Ergonomics)
[1.361s][info][gc,phases,start] GC(47) Marking Phase
[1.418s][info][gc,phases      ] GC(47) Marking Phase 56.937ms
[1.418s][info][gc,phases,start] GC(47) Summary Phase
[1.418s][info][gc,phases      ] GC(47) Summary Phase 0.017ms
[1.418s][info][gc,phases,start] GC(47) Adjust Roots
[1.418s][info][gc,phases      ] GC(47) Adjust Roots 0.146ms
[1.418s][info][gc,phases,start] GC(47) Compaction Phase
[1.448s][info][gc,phases      ] GC(47) Compaction Phase 29.846ms
[1.448s][info][gc,phases,start] GC(47) Post Compact
[1.449s][info][gc,phases      ] GC(47) Post Compact 1.222ms
[1.449s][info][gc,heap        ] GC(47) PSYoungGen: 37856K(64512K)->19759K(64512K) Eden: 0K(6144K)->0K(6144K) From: 37856K(58368K)->19759K(58368K)
[1.449s][info][gc,heap        ] GC(47) ParOldGen: 226883K(244736K)->244320K(288256K)
[1.449s][info][gc,metaspace   ] GC(47) Metaspace: 6302K(6528K)->6302K(6528K) NonClass: 5769K(5888K)->5769K(5888K) Class: 533K(640K)->533K(640K)
[1.449s][info][gc             ] GC(47) Pause Full (Ergonomics) 258M->257M(344M) 88.663ms
[1.449s][info][gc,cpu         ] GC(47) User=0.42s Sys=0.00s Real=0.09s
[1.456s][info][gc,start       ] GC(48) Pause Young (Allocation Failure)
[1.478s][info][gc,heap        ] GC(48) PSYoungGen: 25903K(64512K)->15232K(64000K) Eden: 6144K(6144K)->0K(7168K) From: 19759K(58368K)->15232K(56832K)
[1.478s][info][gc,heap        ] GC(48) ParOldGen: 244320K(288256K)->255288K(288256K)
[1.478s][info][gc,metaspace   ] GC(48) Metaspace: 6302K(6528K)->6302K(6528K) NonClass: 5769K(5888K)->5769K(5888K) Class: 533K(640K)->533K(640K)
[1.478s][info][gc             ] GC(48) Pause Young (Allocation Failure) 263M->264M(344M) 21.573ms
[1.478s][info][gc,cpu         ] GC(48) User=0.09s Sys=0.02s Real=0.02s
[1.486s][info][gc,start       ] GC(49) Pause Young (Allocation Failure)
[1.497s][info][gc,heap        ] GC(49) PSYoungGen: 22400K(64000K)->16768K(24064K) Eden: 7168K(7168K)->0K(7168K) From: 15232K(56832K)->16768K(16896K)
[1.497s][info][gc,heap        ] GC(49) ParOldGen: 255288K(288256K)->261024K(288256K)
[1.497s][info][gc,metaspace   ] GC(49) Metaspace: 6302K(6528K)->6302K(6528K) NonClass: 5769K(5888K)->5769K(5888K) Class: 533K(640K)->533K(640K)
[1.497s][info][gc             ] GC(49) Pause Young (Allocation Failure) 271M->271M(305M) 11.403ms
[1.497s][info][gc,cpu         ] GC(49) User=0.02s Sys=0.00s Real=0.01s
[1.505s][info][gc,start       ] GC(50) Pause Young (Allocation Failure)
[1.518s][info][gc,heap        ] GC(50) PSYoungGen: 23936K(24064K)->14400K(61952K) Eden: 7168K(7168K)->0K(8704K) From: 16768K(16896K)->14400K(53248K)
[1.518s][info][gc,heap        ] GC(50) ParOldGen: 261024K(288256K)->270632K(288256K)
[1.518s][info][gc,metaspace   ] GC(50) Metaspace: 6302K(6528K)->6302K(6528K) NonClass: 5769K(5888K)->5769K(5888K) Class: 533K(640K)->533K(640K)
[1.518s][info][gc             ] GC(50) Pause Young (Allocation Failure) 278M->278M(342M) 12.878ms
[1.518s][info][gc,cpu         ] GC(50) User=0.00s Sys=0.00s Real=0.01s
[1.518s][info][gc,start       ] GC(51) Pause Full (Ergonomics)
[1.518s][info][gc,phases,start] GC(51) Marking Phase
[1.576s][info][gc,phases      ] GC(51) Marking Phase 57.980ms
[1.576s][info][gc,phases,start] GC(51) Summary Phase
[1.576s][info][gc,phases      ] GC(51) Summary Phase 0.025ms
[1.576s][info][gc,phases,start] GC(51) Adjust Roots
[1.576s][info][gc,phases      ] GC(51) Adjust Roots 0.155ms
[1.576s][info][gc,phases,start] GC(51) Compaction Phase
[1.605s][info][gc,phases      ] GC(51) Compaction Phase 29.087ms
[1.605s][info][gc,phases,start] GC(51) Post Compact
[1.607s][info][gc,phases      ] GC(51) Post Compact 1.441ms
[1.607s][info][gc,heap        ] GC(51) PSYoungGen: 14400K(61952K)->0K(63488K) Eden: 0K(8704K)->0K(8704K) From: 14400K(53248K)->0K(54784K)
[1.607s][info][gc,heap        ] GC(51) ParOldGen: 270632K(288256K)->284471K(329216K)
[1.607s][info][gc,metaspace   ] GC(51) Metaspace: 6302K(6528K)->6302K(6528K) NonClass: 5769K(5888K)->5769K(5888K) Class: 533K(640K)->533K(640K)
[1.607s][info][gc             ] GC(51) Pause Full (Ergonomics) 278M->277M(383M) 89.172ms
[1.607s][info][gc,cpu         ] GC(51) User=0.59s Sys=0.03s Real=0.09s
[1.617s][info][gc,start       ] GC(52) Pause Young (Allocation Failure)
[1.622s][info][gc,heap        ] GC(52) PSYoungGen: 8704K(63488K)->8832K(62976K) Eden: 8704K(8704K)->0K(10240K) From: 0K(54784K)->8832K(52736K)
[1.622s][info][gc,heap        ] GC(52) ParOldGen: 284471K(329216K)->284471K(329216K)
[1.622s][info][gc,metaspace   ] GC(52) Metaspace: 6302K(6528K)->6302K(6528K) NonClass: 5769K(5888K)->5769K(5888K) Class: 533K(640K)->533K(640K)
[1.622s][info][gc             ] GC(52) Pause Young (Allocation Failure) 286M->286M(383M) 5.315ms
[1.622s][info][gc,cpu         ] GC(52) User=0.00s Sys=0.00s Real=0.00s
[1.634s][info][gc,start       ] GC(53) Pause Young (Allocation Failure)
[1.645s][info][gc,heap        ] GC(53) PSYoungGen: 19072K(62976K)->19072K(29696K) Eden: 10240K(10240K)->0K(10240K) From: 8832K(52736K)->19072K(19456K)
[1.645s][info][gc,heap        ] GC(53) ParOldGen: 284471K(329216K)->284471K(329216K)
[1.645s][info][gc,metaspace   ] GC(53) Metaspace: 6302K(6528K)->6302K(6528K) NonClass: 5769K(5888K)->5769K(5888K) Class: 533K(640K)->533K(640K)
[1.645s][info][gc             ] GC(53) Pause Young (Allocation Failure) 296M->296M(350M) 11.681ms
[1.645s][info][gc,cpu         ] GC(53) User=0.02s Sys=0.00s Real=0.01s
[1.658s][info][gc,start       ] GC(54) Pause Young (Allocation Failure)
[1.671s][info][gc,heap        ] GC(54) PSYoungGen: 29312K(29696K)->29312K(62976K) Eden: 10240K(10240K)->0K(11776K) From: 19072K(19456K)->29312K(51200K)
[1.671s][info][gc,heap        ] GC(54) ParOldGen: 284471K(329216K)->284471K(329216K)
[1.671s][info][gc,metaspace   ] GC(54) Metaspace: 6302K(6528K)->6302K(6528K) NonClass: 5769K(5888K)->5769K(5888K) Class: 533K(640K)->533K(640K)
[1.671s][info][gc             ] GC(54) Pause Young (Allocation Failure) 306M->306M(383M) 13.712ms
[1.671s][info][gc,cpu         ] GC(54) User=0.02s Sys=0.00s Real=0.01s
[1.685s][info][gc,start       ] GC(55) Pause Young (Allocation Failure)
[1.704s][info][gc,heap        ] GC(55) PSYoungGen: 41088K(62976K)->32384K(62976K) Eden: 11776K(11776K)->0K(11776K) From: 29312K(51200K)->32384K(51200K)
[1.704s][info][gc,heap        ] GC(55) ParOldGen: 284471K(329216K)->293295K(329216K)
[1.704s][info][gc,metaspace   ] GC(55) Metaspace: 6302K(6528K)->6302K(6528K) NonClass: 5769K(5888K)->5769K(5888K) Class: 533K(640K)->533K(640K)
[1.704s][info][gc             ] GC(55) Pause Young (Allocation Failure) 317M->318M(383M) 18.883ms
[1.704s][info][gc,cpu         ] GC(55) User=0.11s Sys=0.02s Real=0.02s
[1.718s][info][gc,start       ] GC(56) Pause Young (Allocation Failure)
[1.739s][info][gc,heap        ] GC(56) PSYoungGen: 44160K(62976K)->33920K(65024K) Eden: 11776K(11776K)->0K(12800K) From: 32384K(51200K)->33920K(52224K)
[1.739s][info][gc,heap        ] GC(56) ParOldGen: 293295K(329216K)->303679K(329216K)
[1.739s][info][gc,metaspace   ] GC(56) Metaspace: 6302K(6528K)->6302K(6528K) NonClass: 5769K(5888K)->5769K(5888K) Class: 533K(640K)->533K(640K)
[1.740s][info][gc             ] GC(56) Pause Young (Allocation Failure) 329M->329M(385M) 21.156ms
[1.740s][info][gc,cpu         ] GC(56) User=0.11s Sys=0.00s Real=0.02s
[1.753s][info][gc,start       ] GC(57) Pause Young (Allocation Failure)
[1.775s][info][gc,heap        ] GC(57) PSYoungGen: 46720K(65024K)->36480K(66048K) Eden: 12800K(12800K)->0K(12800K) From: 33920K(52224K)->36480K(53248K)
[1.775s][info][gc,heap        ] GC(57) ParOldGen: 303679K(329216K)->314071K(329216K)
[1.775s][info][gc,metaspace   ] GC(57) Metaspace: 6302K(6528K)->6302K(6528K) NonClass: 5769K(5888K)->5769K(5888K) Class: 533K(640K)->533K(640K)
[1.775s][info][gc             ] GC(57) Pause Young (Allocation Failure) 342M->342M(386M) 21.939ms
[1.775s][info][gc,cpu         ] GC(57) User=0.12s Sys=0.00s Real=0.02s
[1.775s][info][gc,start       ] GC(58) Pause Full (Ergonomics)
[1.775s][info][gc,phases,start] GC(58) Marking Phase
[1.851s][info][gc,phases      ] GC(58) Marking Phase 76.259ms
[1.852s][info][gc,phases,start] GC(58) Summary Phase
[1.852s][info][gc,phases      ] GC(58) Summary Phase 0.026ms
[1.852s][info][gc,phases,start] GC(58) Adjust Roots
[1.852s][info][gc,phases      ] GC(58) Adjust Roots 0.151ms
[1.852s][info][gc,phases,start] GC(58) Compaction Phase
[1.886s][info][gc,phases      ] GC(58) Compaction Phase 33.977ms
[1.886s][info][gc,phases,start] GC(58) Post Compact
[1.887s][info][gc,phases      ] GC(58) Post Compact 1.672ms
[1.888s][info][gc,heap        ] GC(58) PSYoungGen: 36480K(66048K)->20925K(66048K) Eden: 0K(12800K)->0K(12800K) From: 36480K(53248K)->20925K(53248K)
[1.888s][info][gc,heap        ] GC(58) ParOldGen: 314071K(329216K)->328897K(374784K)
[1.888s][info][gc,metaspace   ] GC(58) Metaspace: 6302K(6528K)->6302K(6528K) NonClass: 5769K(5888K)->5769K(5888K) Class: 533K(640K)->533K(640K)
[1.888s][info][gc             ] GC(58) Pause Full (Ergonomics) 342M->341M(430M) 112.577ms
[1.888s][info][gc,cpu         ] GC(58) User=0.69s Sys=0.00s Real=0.11s
[1.965s][info][gc,start       ] GC(59) Pause Young (Allocation Failure)
[1.994s][info][gc,heap        ] GC(59) PSYoungGen: 33725K(66048K)->20960K(64512K) Eden: 12800K(12800K)->0K(14336K) From: 20925K(53248K)->20960K(50176K)
[1.994s][info][gc,heap        ] GC(59) ParOldGen: 345281K(374784K)->358385K(374784K)
[1.994s][info][gc,metaspace   ] GC(59) Metaspace: 6302K(6528K)->6302K(6528K) NonClass: 5769K(5888K)->5769K(5888K) Class: 533K(640K)->533K(640K)
[1.994s][info][gc             ] GC(59) Pause Young (Allocation Failure) 370M->370M(429M) 29.288ms
[1.994s][info][gc,cpu         ] GC(59) User=0.14s Sys=0.00s Real=0.03s
[1.994s][info][gc,start       ] GC(60) Pause Full (Ergonomics)
[1.994s][info][gc,phases,start] GC(60) Marking Phase
[2.064s][info][gc,phases      ] GC(60) Marking Phase 70.104ms
[2.064s][info][gc,phases,start] GC(60) Summary Phase
[2.064s][info][gc,phases      ] GC(60) Summary Phase 0.034ms
[2.064s][info][gc,phases,start] GC(60) Adjust Roots
[2.065s][info][gc,phases      ] GC(60) Adjust Roots 0.163ms
[2.065s][info][gc,phases,start] GC(60) Compaction Phase
[2.123s][info][gc,phases      ] GC(60) Compaction Phase 58.013ms
[2.123s][info][gc,phases,start] GC(60) Post Compact
[2.125s][info][gc,phases      ] GC(60) Post Compact 2.051ms
[2.125s][info][gc,heap        ] GC(60) PSYoungGen: 20960K(64512K)->0K(67072K) Eden: 0K(14336K)->0K(14336K) From: 20960K(50176K)->0K(52736K)
[2.125s][info][gc,heap        ] GC(60) ParOldGen: 358385K(374784K)->370784K(420864K)
[2.125s][info][gc,metaspace   ] GC(60) Metaspace: 6302K(6528K)->6302K(6528K) NonClass: 5769K(5888K)->5769K(5888K) Class: 533K(640K)->533K(640K)
[2.125s][info][gc             ] GC(60) Pause Full (Ergonomics) 370M->362M(476M) 130.898ms
[2.125s][info][gc,cpu         ] GC(60) User=0.73s Sys=0.02s Real=0.13s
[2.141s][info][gc,start       ] GC(61) Pause Young (Allocation Failure)
[2.151s][info][gc,heap        ] GC(61) PSYoungGen: 14336K(67072K)->14432K(66048K) Eden: 14336K(14336K)->0K(15872K) From: 0K(52736K)->14432K(50176K)
[2.151s][info][gc,heap        ] GC(61) ParOldGen: 370784K(420864K)->370784K(420864K)
[2.151s][info][gc,metaspace   ] GC(61) Metaspace: 6302K(6528K)->6302K(6528K) NonClass: 5769K(5888K)->5769K(5888K) Class: 533K(640K)->533K(640K)
[2.151s][info][gc             ] GC(61) Pause Young (Allocation Failure) 376M->376M(475M) 9.859ms
[2.151s][info][gc,cpu         ] GC(61) User=0.02s Sys=0.00s Real=0.01s
[2.168s][info][gc,start       ] GC(62) Pause Young (Allocation Failure)
[2.185s][info][gc,heap        ] GC(62) PSYoungGen: 30304K(66048K)->30368K(67584K) Eden: 15872K(15872K)->0K(15872K) From: 14432K(50176K)->30368K(51712K)
[2.185s][info][gc,heap        ] GC(62) ParOldGen: 370784K(420864K)->370784K(420864K)
[2.185s][info][gc,metaspace   ] GC(62) Metaspace: 6302K(6528K)->6302K(6528K) NonClass: 5769K(5888K)->5769K(5888K) Class: 533K(640K)->533K(640K)
[2.185s][info][gc             ] GC(62) Pause Young (Allocation Failure) 391M->391M(477M) 16.856ms
[2.185s][info][gc,cpu         ] GC(62) User=0.03s Sys=0.00s Real=0.02s
[2.201s][info][gc,start       ] GC(63) Pause Young (Allocation Failure)
[2.223s][info][gc,heap        ] GC(63) PSYoungGen: 46240K(67584K)->46208K(63488K) Eden: 15872K(15872K)->0K(12288K) From: 30368K(51712K)->46208K(51200K)
[2.223s][info][gc,heap        ] GC(63) ParOldGen: 370784K(420864K)->370784K(420864K)
[2.223s][info][gc,metaspace   ] GC(63) Metaspace: 6302K(6528K)->6302K(6528K) NonClass: 5769K(5888K)->5769K(5888K) Class: 533K(640K)->533K(640K)
[2.223s][info][gc             ] GC(63) Pause Young (Allocation Failure) 407M->407M(473M) 21.861ms
[2.223s][info][gc,cpu         ] GC(63) User=0.14s Sys=0.00s Real=0.02s
[2.236s][info][gc,start       ] GC(64) Pause Young (Allocation Failure)
[2.261s][info][gc,heap        ] GC(64) PSYoungGen: 58496K(63488K)->56832K(69120K) Eden: 12288K(12288K)->0K(12288K) From: 46208K(51200K)->56832K(56832K)
[2.261s][info][gc,heap        ] GC(64) ParOldGen: 370784K(420864K)->372368K(420864K)
[2.261s][info][gc,metaspace   ] GC(64) Metaspace: 6302K(6528K)->6302K(6528K) NonClass: 5769K(5888K)->5769K(5888K) Class: 533K(640K)->533K(640K)
[2.261s][info][gc             ] GC(64) Pause Young (Allocation Failure) 419M->419M(478M) 25.836ms
[2.261s][info][gc,cpu         ] GC(64) User=0.14s Sys=0.00s Real=0.03s
[2.274s][info][gc,start       ] GC(65) Pause Young (Allocation Failure)
[2.307s][info][gc,heap        ] GC(65) PSYoungGen: 69120K(69120K)->55040K(74240K) Eden: 12288K(12288K)->0K(8704K) From: 56832K(56832K)->55040K(65536K)
[2.307s][info][gc,heap        ] GC(65) ParOldGen: 372368K(420864K)->386728K(420864K)
[2.307s][info][gc,metaspace   ] GC(65) Metaspace: 6302K(6528K)->6302K(6528K) NonClass: 5769K(5888K)->5769K(5888K) Class: 533K(640K)->533K(640K)
[2.307s][info][gc             ] GC(65) Pause Young (Allocation Failure) 431M->431M(483M) 33.316ms
[2.307s][info][gc,cpu         ] GC(65) User=0.20s Sys=0.02s Real=0.03s
[2.316s][info][gc,start       ] GC(66) Pause Young (Allocation Failure)
[2.348s][info][gc,heap        ] GC(66) PSYoungGen: 63744K(74240K)->33216K(41984K) Eden: 8704K(8704K)->0K(8704K) From: 55040K(65536K)->33216K(33280K)
[2.348s][info][gc,heap        ] GC(66) ParOldGen: 386728K(420864K)->417640K(420864K)
[2.348s][info][gc,metaspace   ] GC(66) Metaspace: 6302K(6528K)->6302K(6528K) NonClass: 5769K(5888K)->5769K(5888K) Class: 533K(640K)->533K(640K)
[2.348s][info][gc             ] GC(66) Pause Young (Allocation Failure) 439M->440M(452M) 31.615ms
[2.348s][info][gc,cpu         ] GC(66) User=0.12s Sys=0.00s Real=0.03s
[2.348s][info][gc,start       ] GC(67) Pause Full (Ergonomics)
[2.348s][info][gc,phases,start] GC(67) Marking Phase
[2.457s][info][gc,phases      ] GC(67) Marking Phase 109.005ms
[2.457s][info][gc,phases,start] GC(67) Summary Phase
[2.457s][info][gc,phases      ] GC(67) Summary Phase 0.029ms
[2.457s][info][gc,phases,start] GC(67) Adjust Roots
[2.457s][info][gc,phases      ] GC(67) Adjust Roots 0.161ms
[2.457s][info][gc,phases,start] GC(67) Compaction Phase
[2.515s][info][gc,phases      ] GC(67) Compaction Phase 58.053ms
[2.515s][info][gc,phases,start] GC(67) Post Compact
[2.518s][info][gc,phases      ] GC(67) Post Compact 2.255ms
[2.518s][info][gc,heap        ] GC(67) PSYoungGen: 33216K(41984K)->29454K(41984K) Eden: 0K(8704K)->0K(8704K) From: 33216K(33280K)->29454K(33280K)
[2.518s][info][gc,heap        ] GC(67) ParOldGen: 417640K(420864K)->420497K(481280K)
[2.518s][info][gc,metaspace   ] GC(67) Metaspace: 6302K(6528K)->6302K(6528K) NonClass: 5769K(5888K)->5769K(5888K) Class: 533K(640K)->533K(640K)
[2.518s][info][gc             ] GC(67) Pause Full (Ergonomics) 440M->439M(511M) 170.108ms
[2.518s][info][gc,cpu         ] GC(67) User=0.91s Sys=0.00s Real=0.17s
[2.529s][info][gc,start       ] GC(68) Pause Young (Allocation Failure)
[2.565s][info][gc,heap        ] GC(68) PSYoungGen: 38158K(41984K)->16896K(76800K) Eden: 8704K(8704K)->0K(10240K) From: 29454K(33280K)->16896K(66560K)
[2.565s][info][gc,heap        ] GC(68) ParOldGen: 420497K(481280K)->442249K(481280K)
[2.565s][info][gc,metaspace   ] GC(68) Metaspace: 6302K(6528K)->6302K(6528K) NonClass: 5769K(5888K)->5769K(5888K) Class: 533K(640K)->533K(640K)
[2.565s][info][gc             ] GC(68) Pause Young (Allocation Failure) 447M->448M(545M) 36.627ms
[2.565s][info][gc,cpu         ] GC(68) User=0.25s Sys=0.00s Real=0.04s
[2.577s][info][gc,start       ] GC(69) Pause Young (Allocation Failure)
[2.592s][info][gc,heap        ] GC(69) PSYoungGen: 27136K(76800K)->19040K(77312K) Eden: 10240K(10240K)->0K(10240K) From: 16896K(66560K)->19040K(67072K)
[2.592s][info][gc,heap        ] GC(69) ParOldGen: 442249K(481280K)->450417K(481280K)
[2.592s][info][gc,metaspace   ] GC(69) Metaspace: 6302K(6528K)->6302K(6528K) NonClass: 5769K(5888K)->5769K(5888K) Class: 533K(640K)->533K(640K)
[2.592s][info][gc             ] GC(69) Pause Young (Allocation Failure) 458M->458M(545M) 15.492ms
[2.592s][info][gc,cpu         ] GC(69) User=0.02s Sys=0.00s Real=0.01s
[2.604s][info][gc,start       ] GC(70) Pause Young (Allocation Failure)
[2.621s][info][gc,heap        ] GC(70) PSYoungGen: 29280K(77312K)->20608K(73216K) Eden: 10240K(10240K)->0K(11776K) From: 19040K(67072K)->20608K(61440K)
[2.621s][info][gc,heap        ] GC(70) ParOldGen: 450417K(481280K)->459233K(481280K)
[2.621s][info][gc,metaspace   ] GC(70) Metaspace: 6302K(6528K)->6302K(6528K) NonClass: 5769K(5888K)->5769K(5888K) Class: 533K(640K)->533K(640K)
[2.621s][info][gc             ] GC(70) Pause Young (Allocation Failure) 468M->468M(541M) 16.830ms
[2.621s][info][gc,cpu         ] GC(70) User=0.02s Sys=0.00s Real=0.02s
[2.621s][info][gc,start       ] GC(71) Pause Full (Ergonomics)
[2.621s][info][gc,phases,start] GC(71) Marking Phase
[2.728s][info][gc,phases      ] GC(71) Marking Phase 107.167ms
[2.728s][info][gc,phases,start] GC(71) Summary Phase
[2.728s][info][gc,phases      ] GC(71) Summary Phase 0.031ms
[2.728s][info][gc,phases,start] GC(71) Adjust Roots
[2.728s][info][gc,phases      ] GC(71) Adjust Roots 0.160ms
[2.728s][info][gc,phases,start] GC(71) Compaction Phase
[2.774s][info][gc,phases      ] GC(71) Compaction Phase 45.504ms
[2.774s][info][gc,phases,start] GC(71) Post Compact
[2.776s][info][gc,phases      ] GC(71) Post Compact 2.342ms
[2.776s][info][gc,heap        ] GC(71) PSYoungGen: 20608K(73216K)->0K(75264K) Eden: 0K(11776K)->0K(11776K) From: 20608K(61440K)->0K(63488K)
[2.776s][info][gc,heap        ] GC(71) ParOldGen: 459233K(481280K)->479048K(542720K)
[2.776s][info][gc,metaspace   ] GC(71) Metaspace: 6302K(6528K)->6302K(6528K) NonClass: 5769K(5888K)->5769K(5888K) Class: 533K(640K)->533K(640K)
[2.777s][info][gc             ] GC(71) Pause Full (Ergonomics) 468M->467M(603M) 155.755ms
[2.777s][info][gc,cpu         ] GC(71) User=0.98s Sys=0.00s Real=0.16s
[2.792s][info][gc,start       ] GC(72) Pause Young (Allocation Failure)
[2.800s][info][gc,heap        ] GC(72) PSYoungGen: 11776K(75264K)->11904K(75776K) Eden: 11776K(11776K)->0K(13312K) From: 0K(63488K)->11904K(62464K)
[2.800s][info][gc,heap        ] GC(72) ParOldGen: 479048K(542720K)->479048K(542720K)
[2.800s][info][gc,metaspace   ] GC(72) Metaspace: 6302K(6528K)->6302K(6528K) NonClass: 5769K(5888K)->5769K(5888K) Class: 533K(640K)->533K(640K)
[2.800s][info][gc             ] GC(72) Pause Young (Allocation Failure) 479M->479M(604M) 8.087ms
[2.800s][info][gc,cpu         ] GC(72) User=0.00s Sys=0.00s Real=0.01s
[2.817s][info][gc,start       ] GC(73) Pause Young (Allocation Failure)
[2.832s][info][gc,heap        ] GC(73) PSYoungGen: 25216K(75776K)->25216K(38912K) Eden: 13312K(13312K)->0K(13312K) From: 11904K(62464K)->25216K(25600K)
[2.832s][info][gc,heap        ] GC(73) ParOldGen: 479048K(542720K)->479048K(542720K)
[2.832s][info][gc,metaspace   ] GC(73) Metaspace: 6302K(6528K)->6302K(6528K) NonClass: 5769K(5888K)->5769K(5888K) Class: 533K(640K)->533K(640K)
[2.832s][info][gc             ] GC(73) Pause Young (Allocation Failure) 492M->492M(568M) 14.938ms
[2.832s][info][gc,cpu         ] GC(73) User=0.02s Sys=0.00s Real=0.02s
[2.850s][info][gc,start       ] GC(74) Pause Young (Allocation Failure)
[2.870s][info][gc,heap        ] GC(74) PSYoungGen: 38528K(38912K)->38528K(73216K) Eden: 13312K(13312K)->0K(13824K) From: 25216K(25600K)->38528K(59392K)
[2.870s][info][gc,heap        ] GC(74) ParOldGen: 479048K(542720K)->479048K(542720K)
[2.870s][info][gc,metaspace   ] GC(74) Metaspace: 6302K(6528K)->6302K(6528K) NonClass: 5769K(5888K)->5769K(5888K) Class: 533K(640K)->533K(640K)
[2.870s][info][gc             ] GC(74) Pause Young (Allocation Failure) 505M->505M(601M) 20.088ms
[2.870s][info][gc,cpu         ] GC(74) User=0.12s Sys=0.00s Real=0.02s
[2.884s][info][gc,start       ] GC(75) Pause Young (Allocation Failure)
[2.911s][info][gc,heap        ] GC(75) PSYoungGen: 52352K(73216K)->52320K(74240K) Eden: 13824K(13824K)->0K(13824K) From: 38528K(59392K)->52320K(60416K)
[2.911s][info][gc,heap        ] GC(75) ParOldGen: 479048K(542720K)->479048K(542720K)
[2.911s][info][gc,metaspace   ] GC(75) Metaspace: 6302K(6528K)->6302K(6528K) NonClass: 5769K(5888K)->5769K(5888K) Class: 533K(640K)->533K(640K)
[2.911s][info][gc             ] GC(75) Pause Young (Allocation Failure) 518M->518M(602M) 26.877ms
[2.911s][info][gc,cpu         ] GC(75) User=0.11s Sys=0.02s Real=0.03s
[2.928s][info][gc,start       ] GC(76) Pause Young (Allocation Failure)
[2.965s][info][gc,heap        ] GC(76) PSYoungGen: 66144K(74240K)->54400K(76800K) Eden: 13824K(13824K)->0K(10240K) From: 52320K(60416K)->54400K(66560K)
[2.965s][info][gc,heap        ] GC(76) ParOldGen: 479048K(542720K)->491000K(542720K)
[2.965s][info][gc,metaspace   ] GC(76) Metaspace: 6302K(6528K)->6302K(6528K) NonClass: 5769K(5888K)->5769K(5888K) Class: 533K(640K)->533K(640K)
[2.965s][info][gc             ] GC(76) Pause Young (Allocation Failure) 532M->532M(605M) 37.218ms
[2.965s][info][gc,cpu         ] GC(76) User=0.19s Sys=0.00s Real=0.04s
[2.978s][info][gc,start       ] GC(77) Pause Young (Allocation Failure)
[3.011s][info][gc,heap        ] GC(77) PSYoungGen: 64640K(76800K)->51328K(81920K) Eden: 10240K(10240K)->0K(10240K) From: 54400K(66560K)->51328K(71680K)
[3.011s][info][gc,heap        ] GC(77) ParOldGen: 491000K(542720K)->504496K(542720K)
[3.011s][info][gc,metaspace   ] GC(77) Metaspace: 6302K(6528K)->6302K(6528K) NonClass: 5769K(5888K)->5769K(5888K) Class: 533K(640K)->533K(640K)
[3.011s][info][gc             ] GC(77) Pause Young (Allocation Failure) 542M->542M(610M) 33.705ms
[3.011s][info][gc,cpu         ] GC(77) User=0.14s Sys=0.02s Real=0.03s
[3.023s][info][gc,start       ] GC(78) Pause Young (Allocation Failure)
[3.056s][info][gc,heap        ] GC(78) PSYoungGen: 61568K(81920K)->34432K(78336K) Eden: 10240K(10240K)->0K(11776K) From: 51328K(71680K)->34432K(66560K)
[3.056s][info][gc,heap        ] GC(78) ParOldGen: 504496K(542720K)->531984K(542720K)
[3.056s][info][gc,metaspace   ] GC(78) Metaspace: 6302K(6528K)->6302K(6528K) NonClass: 5769K(5888K)->5769K(5888K) Class: 533K(640K)->533K(640K)
[3.056s][info][gc             ] GC(78) Pause Young (Allocation Failure) 552M->553M(606M) 33.052ms
[3.056s][info][gc,cpu         ] GC(78) User=0.14s Sys=0.02s Real=0.03s
[3.056s][info][gc,start       ] GC(79) Pause Full (Ergonomics)
[3.057s][info][gc,phases,start] GC(79) Marking Phase
[3.205s][info][gc,phases      ] GC(79) Marking Phase 148.475ms
[3.205s][info][gc,phases,start] GC(79) Summary Phase
[3.205s][info][gc,phases      ] GC(79) Summary Phase 0.022ms
[3.205s][info][gc,phases,start] GC(79) Adjust Roots
[3.205s][info][gc,phases      ] GC(79) Adjust Roots 0.153ms
[3.205s][info][gc,phases,start] GC(79) Compaction Phase
[3.275s][info][gc,phases      ] GC(79) Compaction Phase 69.968ms
[3.275s][info][gc,phases,start] GC(79) Post Compact
[3.277s][info][gc,phases      ] GC(79) Post Compact 1.414ms
[3.277s][info][gc,heap        ] GC(79) PSYoungGen: 34432K(78336K)->22969K(80384K) Eden: 0K(11776K)->0K(13824K) From: 34432K(66560K)->22969K(66560K)
[3.277s][info][gc,heap        ] GC(79) ParOldGen: 531984K(542720K)->542394K(612864K)
[3.277s][info][gc,metaspace   ] GC(79) Metaspace: 6302K(6528K)->6302K(6528K) NonClass: 5769K(5888K)->5769K(5888K) Class: 533K(640K)->533K(640K)
[3.277s][info][gc             ] GC(79) Pause Full (Ergonomics) 553M->552M(677M) 220.759ms
[3.277s][info][gc,cpu         ] GC(79) User=1.23s Sys=0.00s Real=0.22s
[3.296s][info][gc,start       ] GC(80) Pause Young (Allocation Failure)
[3.340s][info][gc,heap        ] GC(80) PSYoungGen: 36793K(80384K)->21312K(84480K) Eden: 13824K(13824K)->0K(13824K) From: 22969K(66560K)->21312K(70656K)
[3.340s][info][gc,heap        ] GC(80) ParOldGen: 542394K(612864K)->558274K(612864K)
[3.340s][info][gc,metaspace   ] GC(80) Metaspace: 6302K(6528K)->6302K(6528K) NonClass: 5769K(5888K)->5769K(5888K) Class: 533K(640K)->533K(640K)
[3.340s][info][gc             ] GC(80) Pause Young (Allocation Failure) 565M->566M(681M) 44.041ms
[3.340s][info][gc,cpu         ] GC(80) User=0.27s Sys=0.00s Real=0.04s
[3.355s][info][gc,start       ] GC(81) Pause Young (Allocation Failure)
[3.376s][info][gc,heap        ] GC(81) PSYoungGen: 35136K(84480K)->27744K(79360K) Eden: 13824K(13824K)->0K(15872K) From: 21312K(70656K)->27744K(63488K)
[3.376s][info][gc,heap        ] GC(81) ParOldGen: 558274K(612864K)->565746K(612864K)
[3.376s][info][gc,metaspace   ] GC(81) Metaspace: 6302K(6528K)->6302K(6528K) NonClass: 5769K(5888K)->5769K(5888K) Class: 533K(640K)->533K(640K)
[3.376s][info][gc             ] GC(81) Pause Young (Allocation Failure) 579M->579M(676M) 20.746ms
[3.376s][info][gc,cpu         ] GC(81) User=0.12s Sys=0.00s Real=0.02s
[3.395s][info][gc,start       ] GC(82) Pause Young (Allocation Failure)
[3.420s][info][gc,heap        ] GC(82) PSYoungGen: 43616K(79360K)->29824K(46080K) Eden: 15872K(15872K)->0K(15872K) From: 27744K(63488K)->29824K(30208K)
[3.420s][info][gc,heap        ] GC(82) ParOldGen: 565746K(612864K)->579778K(612864K)
[3.420s][info][gc,metaspace   ] GC(82) Metaspace: 6302K(6528K)->6302K(6528K) NonClass: 5769K(5888K)->5769K(5888K) Class: 533K(640K)->533K(640K)
[3.420s][info][gc             ] GC(82) Pause Young (Allocation Failure) 595M->595M(643M) 24.487ms
[3.420s][info][gc,cpu         ] GC(82) User=0.12s Sys=0.00s Real=0.03s
[3.439s][info][gc,start       ] GC(83) Pause Young (Allocation Failure)
[3.464s][info][gc,heap        ] GC(83) PSYoungGen: 45696K(46080K)->31936K(75776K) Eden: 15872K(15872K)->0K(17920K) From: 29824K(30208K)->31936K(57856K)
[3.464s][info][gc,heap        ] GC(83) ParOldGen: 579778K(612864K)->593802K(612864K)
[3.464s][info][gc,metaspace   ] GC(83) Metaspace: 6302K(6528K)->6302K(6528K) NonClass: 5769K(5888K)->5769K(5888K) Class: 533K(640K)->533K(640K)
[3.464s][info][gc             ] GC(83) Pause Young (Allocation Failure) 610M->611M(672M) 24.770ms
[3.464s][info][gc,cpu         ] GC(83) User=0.12s Sys=0.02s Real=0.03s
[3.464s][info][gc,start       ] GC(84) Pause Full (Ergonomics)
[3.464s][info][gc,phases,start] GC(84) Marking Phase
[3.606s][info][gc,phases      ] GC(84) Marking Phase 141.930ms
[3.606s][info][gc,phases,start] GC(84) Summary Phase
[3.606s][info][gc,phases      ] GC(84) Summary Phase 0.022ms
[3.606s][info][gc,phases,start] GC(84) Adjust Roots
[3.606s][info][gc,phases      ] GC(84) Adjust Roots 0.165ms
[3.606s][info][gc,phases,start] GC(84) Compaction Phase
[3.674s][info][gc,phases      ] GC(84) Compaction Phase 67.466ms
[3.674s][info][gc,phases,start] GC(84) Post Compact
[3.675s][info][gc,phases      ] GC(84) Post Compact 1.100ms
[3.675s][info][gc,heap        ] GC(84) PSYoungGen: 31936K(75776K)->12267K(77824K) Eden: 0K(17920K)->0K(19968K) From: 31936K(57856K)->12267K(57856K)
[3.675s][info][gc,heap        ] GC(84) ParOldGen: 593802K(612864K)->612371K(684544K)
[3.675s][info][gc,metaspace   ] GC(84) Metaspace: 6302K(6528K)->6302K(6528K) NonClass: 5769K(5888K)->5769K(5888K) Class: 533K(640K)->533K(640K)
[3.675s][info][gc             ] GC(84) Pause Full (Ergonomics) 611M->609M(744M) 211.350ms
[3.675s][info][gc,cpu         ] GC(84) User=1.30s Sys=0.00s Real=0.21s
[3.700s][info][gc,start       ] GC(85) Pause Young (Allocation Failure)
[3.742s][info][gc,heap        ] GC(85) PSYoungGen: 32235K(77824K)->20096K(80896K) Eden: 19968K(19968K)->0K(19968K) From: 12267K(57856K)->20096K(60928K)
[3.742s][info][gc,heap        ] GC(85) ParOldGen: 612371K(684544K)->624827K(684544K)
[3.742s][info][gc,metaspace   ] GC(85) Metaspace: 6302K(6528K)->6302K(6528K) NonClass: 5769K(5888K)->5769K(5888K) Class: 533K(640K)->533K(640K)
[3.742s][info][gc             ] GC(85) Pause Young (Allocation Failure) 629M->629M(747M) 42.311ms
[3.742s][info][gc,cpu         ] GC(85) User=0.27s Sys=0.00s Real=0.04s
[3.765s][info][gc,start       ] GC(86) Pause Young (Allocation Failure)
[3.787s][info][gc,heap        ] GC(86) PSYoungGen: 40064K(80896K)->40096K(82432K) Eden: 19968K(19968K)->0K(22016K) From: 20096K(60928K)->40096K(60416K)
[3.787s][info][gc,heap        ] GC(86) ParOldGen: 624827K(684544K)->624827K(684544K)
[3.787s][info][gc,metaspace   ] GC(86) Metaspace: 6302K(6528K)->6302K(6528K) NonClass: 5769K(5888K)->5769K(5888K) Class: 533K(640K)->533K(640K)
[3.787s][info][gc             ] GC(86) Pause Young (Allocation Failure) 649M->649M(749M) 21.913ms
[3.787s][info][gc,cpu         ] GC(86) User=0.14s Sys=0.00s Real=0.02s
[3.814s][info][gc,start       ] GC(87) Pause Young (Allocation Failure)
[3.846s][info][gc,heap        ] GC(87) PSYoungGen: 62112K(82432K)->42144K(82432K) Eden: 22016K(22016K)->0K(22016K) From: 40096K(60416K)->42144K(60416K)
[3.846s][info][gc,heap        ] GC(87) ParOldGen: 624827K(684544K)->645091K(684544K)
[3.846s][info][gc,metaspace   ] GC(87) Metaspace: 6302K(6528K)->6302K(6528K) NonClass: 5769K(5888K)->5769K(5888K) Class: 533K(640K)->533K(640K)
[3.846s][info][gc             ] GC(87) Pause Young (Allocation Failure) 670M->671M(749M) 31.521ms
[3.846s][info][gc,cpu         ] GC(87) User=0.14s Sys=0.00s Real=0.03s
[3.988s][info][gc,start       ] GC(88) Pause Full (Ergonomics)
[3.988s][info][gc,phases,start] GC(88) Marking Phase
[4.149s][info][gc,phases      ] GC(88) Marking Phase 161.261ms
[4.149s][info][gc,phases,start] GC(88) Summary Phase
[4.149s][info][gc,phases      ] GC(88) Summary Phase 0.030ms
[4.149s][info][gc,phases,start] GC(88) Adjust Roots
[4.149s][info][gc,phases      ] GC(88) Adjust Roots 0.147ms
[4.149s][info][gc,phases,start] GC(88) Compaction Phase
[4.281s][info][gc,phases      ] GC(88) Compaction Phase 131.671ms
[4.281s][info][gc,phases,start] GC(88) Post Compact
[4.283s][info][gc,phases      ] GC(88) Post Compact 1.650ms
[4.283s][info][gc,heap        ] GC(88) PSYoungGen: 64160K(82432K)->40384K(82432K) Eden: 22016K(22016K)->0K(22016K) From: 42144K(60416K)->40384K(60416K)
[4.283s][info][gc,heap        ] GC(88) ParOldGen: 677859K(684544K)->684475K(761344K)
[4.283s][info][gc,metaspace   ] GC(88) Metaspace: 6302K(6528K)->6302K(6528K) NonClass: 5769K(5888K)->5769K(5888K) Class: 533K(640K)->533K(640K)
[4.283s][info][gc             ] GC(88) Pause Full (Ergonomics) 724M->707M(824M) 295.437ms
[4.283s][info][gc,cpu         ] GC(88) User=1.67s Sys=0.00s Real=0.30s
[4.307s][info][gc,start       ] GC(89) Pause Young (Allocation Failure)
[4.362s][info][gc,heap        ] GC(89) PSYoungGen: 62400K(82432K)->43104K(84992K) Eden: 22016K(22016K)->0K(23552K) From: 40384K(60416K)->43104K(61440K)
[4.362s][info][gc,heap        ] GC(89) ParOldGen: 684475K(761344K)->704243K(761344K)
[4.362s][info][gc,metaspace   ] GC(89) Metaspace: 6302K(6528K)->6302K(6528K) NonClass: 5769K(5888K)->5769K(5888K) Class: 533K(640K)->533K(640K)
[4.362s][info][gc             ] GC(89) Pause Young (Allocation Failure) 729M->729M(826M) 55.659ms
[4.362s][info][gc,cpu         ] GC(89) User=0.25s Sys=0.00s Real=0.05s
[4.388s][info][gc,start       ] GC(90) Pause Young (Allocation Failure)
[4.421s][info][gc,heap        ] GC(90) PSYoungGen: 66656K(84992K)->62464K(86016K) Eden: 23552K(23552K)->0K(23552K) From: 43104K(61440K)->62464K(62464K)
[4.421s][info][gc,heap        ] GC(90) ParOldGen: 704243K(761344K)->708411K(761344K)
[4.421s][info][gc,metaspace   ] GC(90) Metaspace: 6302K(6528K)->6302K(6528K) NonClass: 5769K(5888K)->5769K(5888K) Class: 533K(640K)->533K(640K)
[4.421s][info][gc             ] GC(90) Pause Young (Allocation Failure) 752M->752M(827M) 32.474ms
[4.421s][info][gc,cpu         ] GC(90) User=0.14s Sys=0.00s Real=0.03s
[4.445s][info][gc,start       ] GC(91) Pause Young (Allocation Failure)
[4.486s][info][gc,heap        ] GC(91) PSYoungGen: 86016K(86016K)->46176K(97792K) Eden: 23552K(23552K)->0K(26112K) From: 62464K(62464K)->46176K(71680K)
[4.486s][info][gc,heap        ] GC(91) ParOldGen: 708411K(761344K)->748875K(761344K)
[4.486s][info][gc,metaspace   ] GC(91) Metaspace: 6302K(6528K)->6302K(6528K) NonClass: 5769K(5888K)->5769K(5888K) Class: 533K(640K)->533K(640K)
[4.486s][info][gc             ] GC(91) Pause Young (Allocation Failure) 775M->776M(839M) 41.138ms
[4.486s][info][gc,cpu         ] GC(91) User=0.14s Sys=0.11s Real=0.04s
[4.487s][info][gc,start       ] GC(92) Pause Full (Ergonomics)
[4.487s][info][gc,phases,start] GC(92) Marking Phase
[4.663s][info][gc,phases      ] GC(92) Marking Phase 176.759ms
[4.663s][info][gc,phases,start] GC(92) Summary Phase
[4.663s][info][gc,phases      ] GC(92) Summary Phase 0.022ms
[4.663s][info][gc,phases,start] GC(92) Adjust Roots
[4.664s][info][gc,phases      ] GC(92) Adjust Roots 0.149ms
[4.664s][info][gc,phases,start] GC(92) Compaction Phase
[4.752s][info][gc,phases      ] GC(92) Compaction Phase 88.121ms
[4.752s][info][gc,phases,start] GC(92) Post Compact
[4.754s][info][gc,phases      ] GC(92) Post Compact 1.780ms
[4.754s][info][gc,heap        ] GC(92) PSYoungGen: 46176K(97792K)->32675K(97792K) Eden: 0K(26112K)->0K(26112K) From: 46176K(71680K)->32675K(71680K)
[4.754s][info][gc,heap        ] GC(92) ParOldGen: 748875K(761344K)->761215K(853504K)
[4.754s][info][gc,metaspace   ] GC(92) Metaspace: 6302K(6528K)->6302K(6528K) NonClass: 5769K(5888K)->5769K(5888K) Class: 533K(640K)->533K(640K)
[4.754s][info][gc             ] GC(92) Pause Full (Ergonomics) 776M->775M(929M) 267.765ms
[4.754s][info][gc,cpu         ] GC(92) User=1.86s Sys=0.00s Real=0.27s
[4.783s][info][gc,start       ] GC(93) Pause Young (Allocation Failure)
[4.839s][info][gc,heap        ] GC(93) PSYoungGen: 58787K(97792K)->43360K(97792K) Eden: 26112K(26112K)->0K(26112K) From: 32675K(71680K)->43360K(71680K)
[4.839s][info][gc,heap        ] GC(93) ParOldGen: 761215K(853504K)->777015K(853504K)
[4.839s][info][gc,metaspace   ] GC(93) Metaspace: 6302K(6528K)->6302K(6528K) NonClass: 5769K(5888K)->5769K(5888K) Class: 533K(640K)->533K(640K)
[4.839s][info][gc             ] GC(93) Pause Young (Allocation Failure) 800M->801M(929M) 56.439ms
[4.839s][info][gc,cpu         ] GC(93) User=0.39s Sys=0.00s Real=0.06s
[4.866s][info][gc,start       ] GC(94) Pause Young (Allocation Failure)
[4.901s][info][gc,heap        ] GC(94) PSYoungGen: 69472K(97792K)->69536K(90624K) Eden: 26112K(26112K)->0K(20480K) From: 43360K(71680K)->69536K(70144K)
[4.901s][info][gc,heap        ] GC(94) ParOldGen: 777015K(853504K)->777015K(853504K)
[4.901s][info][gc,metaspace   ] GC(94) Metaspace: 6302K(6528K)->6302K(6528K) NonClass: 5769K(5888K)->5769K(5888K) Class: 533K(640K)->533K(640K)
[4.901s][info][gc             ] GC(94) Pause Young (Allocation Failure) 826M->826M(922M) 34.660ms
[4.901s][info][gc,cpu         ] GC(94) User=0.22s Sys=0.03s Real=0.03s
[4.924s][info][gc,start       ] GC(95) Pause Young (Allocation Failure)
[4.965s][info][gc,heap        ] GC(95) PSYoungGen: 90016K(90624K)->78336K(98816K) Eden: 20480K(20480K)->0K(20480K) From: 69536K(70144K)->78336K(78336K)
[4.965s][info][gc,heap        ] GC(95) ParOldGen: 777015K(853504K)->788735K(853504K)
[4.965s][info][gc,metaspace   ] GC(95) Metaspace: 6302K(6528K)->6302K(6528K) NonClass: 5769K(5888K)->5769K(5888K) Class: 533K(640K)->533K(640K)
[4.965s][info][gc             ] GC(95) Pause Young (Allocation Failure) 846M->846M(930M) 41.728ms
[4.965s][info][gc,cpu         ] GC(95) User=0.27s Sys=0.00s Real=0.04s
[4.988s][info][gc,start       ] GC(96) Pause Young (Allocation Failure)
[5.035s][info][gc,heap        ] GC(96) PSYoungGen: 98816K(98816K)->60320K(114688K) Eden: 20480K(20480K)->0K(22016K) From: 78336K(78336K)->60320K(92672K)
[5.035s][info][gc,heap        ] GC(96) ParOldGen: 788735K(853504K)->827839K(853504K)
[5.035s][info][gc,metaspace   ] GC(96) Metaspace: 6302K(6528K)->6302K(6528K) NonClass: 5769K(5888K)->5769K(5888K) Class: 533K(640K)->533K(640K)
[5.035s][info][gc             ] GC(96) Pause Young (Allocation Failure) 866M->867M(945M) 46.730ms
[5.035s][info][gc,cpu         ] GC(96) User=0.20s Sys=0.02s Real=0.05s
[5.035s][info][gc,start       ] GC(97) Pause Full (Ergonomics)
[5.035s][info][gc,phases,start] GC(97) Marking Phase
[5.229s][info][gc,phases      ] GC(97) Marking Phase 193.895ms
[5.229s][info][gc,phases,start] GC(97) Summary Phase
[5.229s][info][gc,phases      ] GC(97) Summary Phase 0.036ms
[5.229s][info][gc,phases,start] GC(97) Adjust Roots
[5.229s][info][gc,phases      ] GC(97) Adjust Roots 0.161ms
[5.229s][info][gc,phases,start] GC(97) Compaction Phase
[5.327s][info][gc,phases      ] GC(97) Compaction Phase 97.528ms
[5.327s][info][gc,phases,start] GC(97) Post Compact
[5.329s][info][gc,phases      ] GC(97) Post Compact 1.727ms
[5.329s][info][gc,heap        ] GC(97) PSYoungGen: 60320K(114688K)->33462K(114688K) Eden: 0K(22016K)->0K(22016K) From: 60320K(92672K)->33462K(92672K)
[5.329s][info][gc,heap        ] GC(97) ParOldGen: 827839K(853504K)->853482K(953856K)
[5.329s][info][gc,metaspace   ] GC(97) Metaspace: 6302K(6528K)->6302K(6528K) NonClass: 5769K(5888K)->5769K(5888K) Class: 533K(640K)->533K(640K)
[5.329s][info][gc             ] GC(97) Pause Full (Ergonomics) 867M->866M(1043M) 294.128ms
[5.329s][info][gc,cpu         ] GC(97) User=2.00s Sys=0.02s Real=0.29s
[5.355s][info][gc,start       ] GC(98) Pause Young (Allocation Failure)
[5.418s][info][gc,heap        ] GC(98) PSYoungGen: 55478K(114688K)->42944K(65024K) Eden: 22016K(22016K)->0K(22016K) From: 33462K(92672K)->42944K(43008K)
[5.418s][info][gc,heap        ] GC(98) ParOldGen: 853482K(953856K)->866386K(953856K)
[5.418s][info][gc,metaspace   ] GC(98) Metaspace: 6302K(6528K)->6302K(6528K) NonClass: 5769K(5888K)->5769K(5888K) Class: 533K(640K)->533K(640K)
[5.418s][info][gc             ] GC(98) Pause Young (Allocation Failure) 887M->888M(995M) 63.038ms
[5.418s][info][gc,cpu         ] GC(98) User=0.38s Sys=0.00s Real=0.06s
[5.442s][info][gc,start       ] GC(99) Pause Young (Allocation Failure)
[5.475s][info][gc,heap        ] GC(99) PSYoungGen: 64960K(65024K)->64992K(112128K) Eden: 22016K(22016K)->0K(22528K) From: 42944K(43008K)->64992K(89600K)
[5.475s][info][gc,heap        ] GC(99) ParOldGen: 866386K(953856K)->866386K(953856K)
[5.475s][info][gc,metaspace   ] GC(99) Metaspace: 6302K(6528K)->6302K(6528K) NonClass: 5769K(5888K)->5769K(5888K) Class: 533K(640K)->533K(640K)
[5.475s][info][gc             ] GC(99) Pause Young (Allocation Failure) 909M->909M(1041M) 33.696ms
[5.475s][info][gc,cpu         ] GC(99) User=0.16s Sys=0.00s Real=0.03s
[5.503s][info][gc,start       ] GC(100) Pause Young (Allocation Failure)
[5.546s][info][gc,heap        ] GC(100) PSYoungGen: 87520K(112128K)->79136K(114176K) Eden: 22528K(22528K)->0K(22528K) From: 64992K(89600K)->79136K(91648K)
[5.546s][info][gc,heap        ] GC(100) ParOldGen: 866386K(953856K)->874946K(953856K)
[5.546s][info][gc,metaspace   ] GC(100) Metaspace: 6302K(6528K)->6302K(6528K) NonClass: 5769K(5888K)->5769K(5888K) Class: 533K(640K)->533K(640K)
[5.546s][info][gc             ] GC(100) Pause Young (Allocation Failure) 931M->931M(1043M) 42.979ms
[5.546s][info][gc,cpu         ] GC(100) User=0.25s Sys=0.00s Real=0.04s
[5.571s][info][gc,start       ] GC(101) Pause Young (Allocation Failure)
[5.623s][info][gc,heap        ] GC(101) PSYoungGen: 101664K(114176K)->89280K(115200K) Eden: 22528K(22528K)->0K(16384K) From: 79136K(91648K)->89280K(98816K)
[5.623s][info][gc,heap        ] GC(101) ParOldGen: 874946K(953856K)->887458K(953856K)
[5.623s][info][gc,metaspace   ] GC(101) Metaspace: 6302K(6528K)->6302K(6528K) NonClass: 5769K(5888K)->5769K(5888K) Class: 533K(640K)->533K(640K)
[5.623s][info][gc             ] GC(101) Pause Young (Allocation Failure) 953M->953M(1044M) 51.773ms
[5.623s][info][gc,cpu         ] GC(101) User=0.36s Sys=0.02s Real=0.05s
[5.640s][info][gc,start       ] GC(102) Pause Young (Allocation Failure)
[5.693s][info][gc,heap        ] GC(102) PSYoungGen: 105664K(115200K)->83648K(123904K) Eden: 16384K(16384K)->0K(16384K) From: 89280K(98816K)->83648K(107520K)
[5.693s][info][gc,heap        ] GC(102) ParOldGen: 887458K(953856K)->909762K(953856K)
[5.693s][info][gc,metaspace   ] GC(102) Metaspace: 6302K(6528K)->6302K(6528K) NonClass: 5769K(5888K)->5769K(5888K) Class: 533K(640K)->533K(640K)
[5.693s][info][gc             ] GC(102) Pause Young (Allocation Failure) 969M->970M(1052M) 52.967ms
[5.693s][info][gc,cpu         ] GC(102) User=0.33s Sys=0.06s Real=0.05s
[5.712s][info][gc,start       ] GC(103) Pause Young (Allocation Failure)
[5.763s][info][gc,heap        ] GC(103) PSYoungGen: 100032K(123904K)->55456K(122368K) Eden: 16384K(16384K)->0K(18944K) From: 83648K(107520K)->55456K(103424K)
[5.763s][info][gc,heap        ] GC(103) ParOldGen: 909762K(953856K)->954874K(954880K)
[5.763s][info][gc,metaspace   ] GC(103) Metaspace: 6302K(6528K)->6302K(6528K) NonClass: 5769K(5888K)->5769K(5888K) Class: 533K(640K)->533K(640K)
[5.763s][info][gc             ] GC(103) Pause Young (Allocation Failure) 986M->986M(1052M) 51.347ms
[5.763s][info][gc,cpu         ] GC(103) User=0.36s Sys=0.00s Real=0.05s
[5.763s][info][gc,start       ] GC(104) Pause Full (Ergonomics)
[5.763s][info][gc,phases,start] GC(104) Marking Phase
[5.991s][info][gc,phases      ] GC(104) Marking Phase 227.389ms
[5.991s][info][gc,phases,start] GC(104) Summary Phase
[5.991s][info][gc,phases      ] GC(104) Summary Phase 0.024ms
[5.991s][info][gc,phases,start] GC(104) Adjust Roots
[5.991s][info][gc,phases      ] GC(104) Adjust Roots 0.152ms
[5.991s][info][gc,phases,start] GC(104) Compaction Phase
[6.092s][info][gc,phases      ] GC(104) Compaction Phase 100.941ms
[6.092s][info][gc,phases,start] GC(104) Post Compact
[6.094s][info][gc,phases      ] GC(104) Post Compact 1.911ms
[6.095s][info][gc,heap        ] GC(104) PSYoungGen: 55456K(122368K)->54185K(125440K) Eden: 0K(18944K)->0K(22016K) From: 55456K(103424K)->54185K(103424K)
[6.095s][info][gc,heap        ] GC(104) ParOldGen: 954874K(954880K)->954433K(1063936K)
[6.095s][info][gc,metaspace   ] GC(104) Metaspace: 6302K(6528K)->6302K(6528K) NonClass: 5769K(5888K)->5769K(5888K) Class: 533K(640K)->533K(640K)
[6.095s][info][gc             ] GC(104) Pause Full (Ergonomics) 986M->984M(1161M) 331.283ms
[6.095s][info][gc,cpu         ] GC(104) User=2.45s Sys=0.00s Real=0.33s
[6.121s][info][gc,start       ] GC(105) Pause Young (Allocation Failure)
[6.196s][info][gc,heap        ] GC(105) PSYoungGen: 76201K(125440K)->38272K(130048K) Eden: 22016K(22016K)->0K(22016K) From: 54185K(103424K)->38272K(108032K)
[6.196s][info][gc,heap        ] GC(105) ParOldGen: 954433K(1063936K)->993065K(1063936K)
[6.196s][info][gc,metaspace   ] GC(105) Metaspace: 6302K(6528K)->6302K(6528K) NonClass: 5769K(5888K)->5769K(5888K) Class: 533K(640K)->533K(640K)
[6.196s][info][gc             ] GC(105) Pause Young (Allocation Failure) 1006M->1007M(1166M) 74.797ms
[6.196s][info][gc,cpu         ] GC(105) User=0.45s Sys=0.05s Real=0.08s
[6.220s][info][gc,start       ] GC(106) Pause Young (Allocation Failure)
[6.252s][info][gc,heap        ] GC(106) PSYoungGen: 60288K(130048K)->44192K(124928K) Eden: 22016K(22016K)->0K(24576K) From: 38272K(108032K)->44192K(100352K)
[6.252s][info][gc,heap        ] GC(106) ParOldGen: 993065K(1063936K)->1009393K(1063936K)
[6.252s][info][gc,metaspace   ] GC(106) Metaspace: 6302K(6528K)->6302K(6528K) NonClass: 5769K(5888K)->5769K(5888K) Class: 533K(640K)->533K(640K)
[6.252s][info][gc             ] GC(106) Pause Young (Allocation Failure) 1028M->1028M(1161M) 32.196ms
[6.252s][info][gc,cpu         ] GC(106) User=0.14s Sys=0.00s Real=0.03s
[6.280s][info][gc,start       ] GC(107) Pause Young (Allocation Failure)
[6.315s][info][gc,heap        ] GC(107) PSYoungGen: 68768K(124928K)->46752K(128000K) Eden: 24576K(24576K)->0K(24576K) From: 44192K(100352K)->46752K(103424K)
[6.315s][info][gc,heap        ] GC(107) ParOldGen: 1009393K(1063936K)->1031713K(1063936K)
[6.315s][info][gc,metaspace   ] GC(107) Metaspace: 6302K(6528K)->6302K(6528K) NonClass: 5769K(5888K)->5769K(5888K) Class: 533K(640K)->533K(640K)
[6.315s][info][gc             ] GC(107) Pause Young (Allocation Failure) 1052M->1053M(1164M) 35.273ms
[6.315s][info][gc,cpu         ] GC(107) User=0.20s Sys=0.05s Real=0.04s
[6.315s][info][gc,start       ] GC(108) Pause Full (Ergonomics)
[6.315s][info][gc,phases,start] GC(108) Marking Phase
[6.572s][info][gc,phases      ] GC(108) Marking Phase 256.901ms
[6.572s][info][gc,phases,start] GC(108) Summary Phase
[6.572s][info][gc,phases      ] GC(108) Summary Phase 0.041ms
[6.572s][info][gc,phases,start] GC(108) Adjust Roots
[6.572s][info][gc,phases      ] GC(108) Adjust Roots 0.194ms
[6.572s][info][gc,phases,start] GC(108) Compaction Phase
[6.678s][info][gc,phases      ] GC(108) Compaction Phase 106.126ms
[6.678s][info][gc,phases,start] GC(108) Post Compact
[6.680s][info][gc,phases      ] GC(108) Post Compact 1.981ms
[6.681s][info][gc,heap        ] GC(108) PSYoungGen: 46752K(128000K)->13323K(128000K) Eden: 0K(24576K)->0K(24576K) From: 46752K(103424K)->13323K(103424K)
[6.681s][info][gc,heap        ] GC(108) ParOldGen: 1031713K(1063936K)->1063815K(1181696K)
[6.681s][info][gc,metaspace   ] GC(108) Metaspace: 6302K(6528K)->6302K(6528K) NonClass: 5769K(5888K)->5769K(5888K) Class: 533K(640K)->533K(640K)
[6.681s][info][gc             ] GC(108) Pause Full (Ergonomics) 1053M->1051M(1279M) 366.019ms
[6.681s][info][gc,cpu         ] GC(108) User=2.59s Sys=0.02s Real=0.37s
[6.710s][info][gc,start       ] GC(109) Pause Young (Allocation Failure)
[6.778s][info][gc,heap        ] GC(109) PSYoungGen: 37899K(128000K)->35104K(123904K) Eden: 24576K(24576K)->0K(27136K) From: 13323K(103424K)->35104K(96768K)
[6.778s][info][gc,heap        ] GC(109) ParOldGen: 1063815K(1181696K)->1066855K(1181696K)
[6.778s][info][gc,metaspace   ] GC(109) Metaspace: 6302K(6528K)->6302K(6528K) NonClass: 5769K(5888K)->5769K(5888K) Class: 533K(640K)->533K(640K)
[6.778s][info][gc             ] GC(109) Pause Young (Allocation Failure) 1075M->1076M(1275M) 67.523ms
[6.778s][info][gc,cpu         ] GC(109) User=0.33s Sys=0.00s Real=0.07s
[6.808s][info][gc,start       ] GC(110) Pause Young (Allocation Failure)
[6.845s][info][gc,heap        ] GC(110) PSYoungGen: 62240K(123904K)->62272K(125952K) Eden: 27136K(27136K)->0K(27136K) From: 35104K(96768K)->62272K(98816K)
[6.845s][info][gc,heap        ] GC(110) ParOldGen: 1066855K(1181696K)->1066855K(1181696K)
[6.845s][info][gc,metaspace   ] GC(110) Metaspace: 6302K(6528K)->6302K(6528K) NonClass: 5769K(5888K)->5769K(5888K) Class: 533K(640K)->533K(640K)
[6.845s][info][gc             ] GC(110) Pause Young (Allocation Failure) 1102M->1102M(1277M) 37.030ms
[6.845s][info][gc,cpu         ] GC(110) User=0.17s Sys=0.00s Real=0.04s
[6.875s][info][gc,start       ] GC(111) Pause Young (Allocation Failure)
[6.924s][info][gc,heap        ] GC(111) PSYoungGen: 89408K(125952K)->89408K(118784K) Eden: 27136K(27136K)->0K(20992K) From: 62272K(98816K)->89408K(97792K)
[6.924s][info][gc,heap        ] GC(111) ParOldGen: 1066855K(1181696K)->1066855K(1181696K)
[6.924s][info][gc,metaspace   ] GC(111) Metaspace: 6302K(6528K)->6302K(6528K) NonClass: 5769K(5888K)->5769K(5888K) Class: 533K(640K)->533K(640K)
[6.924s][info][gc             ] GC(111) Pause Young (Allocation Failure) 1129M->1129M(1270M) 48.927ms
[6.924s][info][gc,cpu         ] GC(111) User=0.25s Sys=0.00s Real=0.05s
[6.949s][info][gc,start       ] GC(112) Pause Young (Allocation Failure)
[7.005s][info][gc,heap        ] GC(112) PSYoungGen: 110400K(118784K)->100032K(128000K) Eden: 20992K(20992K)->0K(20992K) From: 89408K(97792K)->100032K(107008K)
[7.005s][info][gc,heap        ] GC(112) ParOldGen: 1066855K(1181696K)->1077359K(1181696K)
[7.005s][info][gc,metaspace   ] GC(112) Metaspace: 6302K(6528K)->6302K(6528K) NonClass: 5769K(5888K)->5769K(5888K) Class: 533K(640K)->533K(640K)
[7.005s][info][gc             ] GC(112) Pause Young (Allocation Failure) 1149M->1149M(1279M) 56.373ms
[7.006s][info][gc,cpu         ] GC(112) User=0.33s Sys=0.02s Real=0.06s
[7.031s][info][gc,start       ] GC(113) Pause Young (Allocation Failure)
[7.099s][info][gc,heap        ] GC(113) PSYoungGen: 121024K(128000K)->96448K(134144K) Eden: 20992K(20992K)->0K(16384K) From: 100032K(107008K)->96448K(117760K)
[7.099s][info][gc,heap        ] GC(113) ParOldGen: 1077359K(1181696K)->1102279K(1181696K)
[7.099s][info][gc,metaspace   ] GC(113) Metaspace: 6302K(6528K)->6302K(6528K) NonClass: 5769K(5888K)->5769K(5888K) Class: 533K(640K)->533K(640K)
[7.099s][info][gc             ] GC(113) Pause Young (Allocation Failure) 1170M->1170M(1285M) 68.233ms
[7.099s][info][gc,cpu         ] GC(113) User=0.41s Sys=0.00s Real=0.07s
[7.120s][info][gc,start       ] GC(114) Pause Young (Allocation Failure)
[7.188s][info][gc,heap        ] GC(114) PSYoungGen: 112832K(134144K)->58560K(75264K) Eden: 16384K(16384K)->0K(16384K) From: 96448K(117760K)->58560K(58880K)
[7.188s][info][gc,heap        ] GC(114) ParOldGen: 1102279K(1181696K)->1157255K(1181696K)
[7.188s][info][gc,metaspace   ] GC(114) Metaspace: 6302K(6528K)->6302K(6528K) NonClass: 5769K(5888K)->5769K(5888K) Class: 533K(640K)->533K(640K)
[7.188s][info][gc             ] GC(114) Pause Young (Allocation Failure) 1186M->1187M(1227M) 68.251ms
[7.188s][info][gc,cpu         ] GC(114) User=0.34s Sys=0.05s Real=0.07s
[7.188s][info][gc,start       ] GC(115) Pause Full (Ergonomics)
[7.188s][info][gc,phases,start] GC(115) Marking Phase
[7.497s][info][gc,phases      ] GC(115) Marking Phase 308.754ms
[7.497s][info][gc,phases,start] GC(115) Summary Phase
[7.497s][info][gc,phases      ] GC(115) Summary Phase 0.042ms
[7.497s][info][gc,phases,start] GC(115) Adjust Roots
[7.497s][info][gc,phases      ] GC(115) Adjust Roots 0.302ms
[7.497s][info][gc,phases,start] GC(115) Compaction Phase
[7.631s][info][gc,phases      ] GC(115) Compaction Phase 134.027ms
[7.631s][info][gc,phases,start] GC(115) Post Compact
[7.634s][info][gc,phases      ] GC(115) Post Compact 2.098ms
[7.634s][info][gc,heap        ] GC(115) PSYoungGen: 58560K(75264K)->32726K(75264K) Eden: 0K(16384K)->0K(16384K) From: 58560K(58880K)->32726K(58880K)
[7.634s][info][gc,heap        ] GC(115) ParOldGen: 1157255K(1181696K)->1181448K(1315328K)
[7.634s][info][gc,metaspace   ] GC(115) Metaspace: 6302K(6528K)->6302K(6528K) NonClass: 5769K(5888K)->5769K(5888K) Class: 533K(640K)->533K(640K)
[7.634s][info][gc             ] GC(115) Pause Full (Ergonomics) 1187M->1185M(1358M) 446.147ms
[7.634s][info][gc,cpu         ] GC(115) User=2.92s Sys=0.03s Real=0.45s
[7.654s][info][gc,start       ] GC(116) Pause Young (Allocation Failure)
[7.734s][info][gc,heap        ] GC(116) PSYoungGen: 49110K(75264K)->25568K(138240K) Eden: 16384K(16384K)->0K(17920K) From: 32726K(58880K)->25568K(120320K)
[7.734s][info][gc,heap        ] GC(116) ParOldGen: 1181448K(1315328K)->1205448K(1315328K)
[7.734s][info][gc,metaspace   ] GC(116) Metaspace: 6302K(6528K)->6302K(6528K) NonClass: 5769K(5888K)->5769K(5888K) Class: 533K(640K)->533K(640K)
[7.734s][info][gc             ] GC(116) Pause Young (Allocation Failure) 1201M->1202M(1419M) 80.012ms
[7.734s][info][gc,cpu         ] GC(116) User=0.48s Sys=0.00s Real=0.08s
[7.756s][info][gc,start       ] GC(117) Pause Young (Allocation Failure)
[7.782s][info][gc,heap        ] GC(117) PSYoungGen: 43488K(138240K)->34432K(139264K) Eden: 17920K(17920K)->0K(17920K) From: 25568K(120320K)->34432K(121344K)
[7.782s][info][gc,heap        ] GC(117) ParOldGen: 1205448K(1315328K)->1214640K(1315328K)
[7.782s][info][gc,metaspace   ] GC(117) Metaspace: 6302K(6528K)->6302K(6528K) NonClass: 5769K(5888K)->5769K(5888K) Class: 533K(640K)->533K(640K)
[7.782s][info][gc             ] GC(117) Pause Young (Allocation Failure) 1219M->1219M(1420M) 26.374ms
[7.783s][info][gc,cpu         ] GC(117) User=0.11s Sys=0.02s Real=0.03s
[7.804s][info][gc,start       ] GC(118) Pause Young (Allocation Failure)
[7.835s][info][gc,heap        ] GC(118) PSYoungGen: 52352K(139264K)->35968K(135168K) Eden: 17920K(17920K)->0K(19968K) From: 34432K(121344K)->35968K(115200K)
[7.835s][info][gc,heap        ] GC(118) ParOldGen: 1214640K(1315328K)->1231248K(1315328K)
[7.835s][info][gc,metaspace   ] GC(118) Metaspace: 6302K(6528K)->6302K(6528K) NonClass: 5769K(5888K)->5769K(5888K) Class: 533K(640K)->533K(640K)
[7.835s][info][gc             ] GC(118) Pause Young (Allocation Failure) 1237M->1237M(1416M) 31.383ms
[7.835s][info][gc,cpu         ] GC(118) User=0.12s Sys=0.00s Real=0.03s
[7.859s][info][gc,start       ] GC(119) Pause Young (Allocation Failure)
[7.893s][info][gc,heap        ] GC(119) PSYoungGen: 55936K(135168K)->38080K(58368K) Eden: 19968K(19968K)->0K(19968K) From: 35968K(115200K)->38080K(38400K)
[7.893s][info][gc,heap        ] GC(119) ParOldGen: 1231248K(1315328K)->1249408K(1315328K)
[7.893s][info][gc,metaspace   ] GC(119) Metaspace: 6302K(6528K)->6302K(6528K) NonClass: 5769K(5888K)->5769K(5888K) Class: 533K(640K)->533K(640K)
[7.893s][info][gc             ] GC(119) Pause Young (Allocation Failure) 1257M->1257M(1341M) 33.502ms
[7.893s][info][gc,cpu         ] GC(119) User=0.14s Sys=0.00s Real=0.03s
[7.918s][info][gc,start       ] GC(120) Pause Young (Allocation Failure)
[7.949s][info][gc,heap        ] GC(120) PSYoungGen: 58048K(58368K)->37632K(129536K) Eden: 19968K(19968K)->0K(22528K) From: 38080K(38400K)->37632K(107008K)
[7.949s][info][gc,heap        ] GC(120) ParOldGen: 1249408K(1315328K)->1267576K(1315328K)
[7.949s][info][gc,metaspace   ] GC(120) Metaspace: 6302K(6528K)->6302K(6528K) NonClass: 5769K(5888K)->5769K(5888K) Class: 533K(640K)->533K(640K)
[7.949s][info][gc             ] GC(120) Pause Young (Allocation Failure) 1276M->1274M(1411M) 31.099ms
[7.949s][info][gc,cpu         ] GC(120) User=0.14s Sys=0.00s Real=0.03s
[7.966s][info][gc,start       ] GC(121) Pause Young (Allocation Failure)
[7.995s][info][gc,heap        ] GC(121) PSYoungGen: 60160K(129536K)->29376K(133120K) Eden: 22528K(22528K)->0K(22528K) From: 37632K(107008K)->29376K(110592K)
[7.995s][info][gc,heap        ] GC(121) ParOldGen: 1267576K(1315328K)->1287824K(1315328K)
[7.995s][info][gc,metaspace   ] GC(121) Metaspace: 6302K(6528K)->6302K(6528K) NonClass: 5769K(5888K)->5769K(5888K) Class: 533K(640K)->533K(640K)
[7.995s][info][gc             ] GC(121) Pause Young (Allocation Failure) 1296M->1286M(1414M) 28.638ms
[7.995s][info][gc,cpu         ] GC(121) User=0.14s Sys=0.00s Real=0.03s
[7.995s][info][gc,start       ] GC(122) Pause Full (Ergonomics)
[7.995s][info][gc,phases,start] GC(122) Marking Phase
[8.295s][info][gc,phases      ] GC(122) Marking Phase 300.448ms
[8.296s][info][gc,phases,start] GC(122) Summary Phase
[8.296s][info][gc,phases      ] GC(122) Summary Phase 0.030ms
[8.296s][info][gc,phases,start] GC(122) Adjust Roots
[8.296s][info][gc,phases      ] GC(122) Adjust Roots 0.271ms
[8.296s][info][gc,phases,start] GC(122) Compaction Phase
[8.660s][info][gc,phases      ] GC(122) Compaction Phase 363.659ms
[8.660s][info][gc,phases,start] GC(122) Post Compact
[8.662s][info][gc,phases      ] GC(122) Post Compact 2.536ms
[8.663s][info][gc,heap        ] GC(122) PSYoungGen: 29376K(133120K)->564K(133120K) Eden: 0K(22528K)->0K(22528K) From: 29376K(110592K)->564K(110592K)
[8.663s][info][gc,heap        ] GC(122) ParOldGen: 1287824K(1315328K)->1314861K(1444864K)
[8.663s][info][gc,metaspace   ] GC(122) Metaspace: 6302K(6528K)->6302K(6528K) NonClass: 5769K(5888K)->5769K(5888K) Class: 533K(640K)->533K(640K)
[8.663s][info][gc             ] GC(122) Pause Full (Ergonomics) 1286M->1284M(1541M) 667.728ms
[8.663s][info][gc,cpu         ] GC(122) User=4.80s Sys=0.00s Real=0.67s
[8.686s][info][gc,start       ] GC(123) Pause Young (Allocation Failure)
[8.753s][info][gc,heap        ] GC(123) PSYoungGen: 23092K(133120K)->15936K(133120K) Eden: 22528K(22528K)->0K(25088K) From: 564K(110592K)->15936K(108032K)
[8.753s][info][gc,heap        ] GC(123) ParOldGen: 1314861K(1444864K)->1315461K(1444864K)
[8.753s][info][gc,metaspace   ] GC(123) Metaspace: 6302K(6528K)->6302K(6528K) NonClass: 5769K(5888K)->5769K(5888K) Class: 533K(640K)->533K(640K)
[8.753s][info][gc             ] GC(123) Pause Young (Allocation Failure) 1306M->1300M(1541M) 67.167ms
[8.753s][info][gc,cpu         ] GC(123) User=0.41s Sys=0.00s Real=0.07s
[8.787s][info][gc,start       ] GC(124) Pause Young (Allocation Failure)
[8.814s][info][gc,heap        ] GC(124) PSYoungGen: 41024K(133120K)->41056K(66560K) Eden: 25088K(25088K)->0K(25088K) From: 15936K(108032K)->41056K(41472K)
[8.814s][info][gc,heap        ] GC(124) ParOldGen: 1315461K(1444864K)->1315461K(1444864K)
[8.814s][info][gc,metaspace   ] GC(124) Metaspace: 6302K(6528K)->6302K(6528K) NonClass: 5769K(5888K)->5769K(5888K) Class: 533K(640K)->533K(640K)
[8.814s][info][gc             ] GC(124) Pause Young (Allocation Failure) 1324M->1324M(1476M) 26.415ms
[8.814s][info][gc,cpu         ] GC(124) User=0.12s Sys=0.00s Real=0.03s
[8.844s][info][gc,start       ] GC(125) Pause Young (Allocation Failure)
[8.880s][info][gc,heap        ] GC(125) PSYoungGen: 66144K(66560K)->66112K(129536K) Eden: 25088K(25088K)->0K(26112K) From: 41056K(41472K)->66112K(103424K)
[8.880s][info][gc,heap        ] GC(125) ParOldGen: 1315461K(1444864K)->1315461K(1444864K)
[8.880s][info][gc,metaspace   ] GC(125) Metaspace: 6302K(6528K)->6302K(6528K) NonClass: 5769K(5888K)->5769K(5888K) Class: 533K(640K)->533K(640K)
[8.880s][info][gc             ] GC(125) Pause Young (Allocation Failure) 1349M->1349M(1537M) 35.911ms
[8.880s][info][gc,cpu         ] GC(125) User=0.17s Sys=0.00s Real=0.04s
[8.915s][info][gc,start       ] GC(126) Pause Young (Allocation Failure)
[8.962s][info][gc,heap        ] GC(126) PSYoungGen: 92224K(129536K)->92320K(131072K) Eden: 26112K(26112K)->0K(26112K) From: 66112K(103424K)->92320K(104960K)
[8.962s][info][gc,heap        ] GC(126) ParOldGen: 1315461K(1444864K)->1315461K(1444864K)
[8.962s][info][gc,metaspace   ] GC(126) Metaspace: 6302K(6528K)->6302K(6528K) NonClass: 5769K(5888K)->5769K(5888K) Class: 533K(640K)->533K(640K)
[8.962s][info][gc             ] GC(126) Pause Young (Allocation Failure) 1374M->1374M(1539M) 47.715ms
[8.962s][info][gc,cpu         ] GC(126) User=0.25s Sys=0.00s Real=0.05s
[9.232s][info][gc,start       ] GC(127) Pause Young (Allocation Failure)
[9.317s][info][gc,heap        ] GC(127) PSYoungGen: 118432K(131072K)->115712K(126464K) Eden: 26112K(26112K)->0K(10752K) From: 92320K(104960K)->115712K(115712K)
[9.317s][info][gc,heap        ] GC(127) ParOldGen: 1380997K(1444864K)->1383669K(1444864K)
[9.317s][info][gc,metaspace   ] GC(127) Metaspace: 6302K(6528K)->6302K(6528K) NonClass: 5769K(5888K)->5769K(5888K) Class: 533K(640K)->533K(640K)
[9.317s][info][gc             ] GC(127) Pause Young (Allocation Failure) 1464M->1464M(1534M) 85.072ms
[9.317s][info][gc,cpu         ] GC(127) User=0.56s Sys=0.08s Real=0.08s
[9.327s][info][gc,start       ] GC(128) Pause Young (Allocation Failure)
[9.386s][info][gc,heap        ] GC(128) PSYoungGen: 126463K(126464K)->85664K(144896K) Eden: 10751K(10752K)->0K(10752K) From: 115712K(115712K)->85664K(134144K)
[9.386s][info][gc,heap        ] GC(128) ParOldGen: 1383669K(1444864K)->1425101K(1444864K)
[9.386s][info][gc,metaspace   ] GC(128) Metaspace: 6302K(6528K)->6302K(6528K) NonClass: 5769K(5888K)->5769K(5888K) Class: 533K(640K)->533K(640K)
[9.386s][info][gc             ] GC(128) Pause Young (Allocation Failure) 1474M->1475M(1552M) 59.233ms
[9.386s][info][gc,cpu         ] GC(128) User=0.31s Sys=0.06s Real=0.06s
[9.386s][info][gc,start       ] GC(129) Pause Full (Ergonomics)
[9.387s][info][gc,phases,start] GC(129) Marking Phase
[9.714s][info][gc,phases      ] GC(129) Marking Phase 327.810ms
[9.714s][info][gc,phases,start] GC(129) Summary Phase
[9.714s][info][gc,phases      ] GC(129) Summary Phase 0.031ms
[9.714s][info][gc,phases,start] GC(129) Adjust Roots
[9.715s][info][gc,phases      ] GC(129) Adjust Roots 0.176ms
[9.715s][info][gc,phases,start] GC(129) Compaction Phase
[9.954s][info][gc,phases      ] GC(129) Compaction Phase 239.093ms
[9.954s][info][gc,phases,start] GC(129) Post Compact
[9.957s][info][gc,phases      ] GC(129) Post Compact 3.033ms
[9.957s][info][gc,heap        ] GC(129) PSYoungGen: 85664K(144896K)->32203K(144896K) Eden: 0K(10752K)->0K(10752K) From: 85664K(134144K)->32203K(134144K)
[9.957s][info][gc,heap        ] GC(129) ParOldGen: 1425101K(1444864K)->1444766K(1588736K)
[9.957s][info][gc,metaspace   ] GC(129) Metaspace: 6302K(6528K)->6302K(6528K) NonClass: 5769K(5888K)->5769K(5888K) Class: 533K(640K)->533K(640K)
[9.957s][info][gc             ] GC(129) Pause Full (Ergonomics) 1475M->1442M(1693M) 570.972ms
[9.957s][info][gc,cpu         ] GC(129) User=3.88s Sys=0.02s Real=0.57s
[9.969s][info][gc,start       ] GC(130) Pause Young (Allocation Failure)
[10.049s][info][gc,heap        ] GC(130) PSYoungGen: 42955K(144896K)->35168K(143360K) Eden: 10752K(10752K)->0K(12288K) From: 32203K(134144K)->35168K(131072K)
[10.049s][info][gc,heap        ] GC(130) ParOldGen: 1444766K(1588736K)->1452782K(1588736K)
[10.049s][info][gc,metaspace   ] GC(130) Metaspace: 6302K(6528K)->6302K(6528K) NonClass: 5769K(5888K)->5769K(5888K) Class: 533K(640K)->533K(640K)
[10.049s][info][gc             ] GC(130) Pause Young (Allocation Failure) 1452M->1453M(1691M) 79.900ms
[10.049s][info][gc,cpu         ] GC(130) User=0.52s Sys=0.00s Real=0.08s
[10.060s][info][gc,start       ] GC(131) Pause Young (Allocation Failure)
[10.089s][info][gc,heap        ] GC(131) PSYoungGen: 47456K(143360K)->47552K(59904K) Eden: 12288K(12288K)->0K(12288K) From: 35168K(131072K)->47552K(47616K)
[10.090s][info][gc,heap        ] GC(131) ParOldGen: 1452782K(1588736K)->1452782K(1588736K)
[10.090s][info][gc,metaspace   ] GC(131) Metaspace: 6302K(6528K)->6302K(6528K) NonClass: 5769K(5888K)->5769K(5888K) Class: 533K(640K)->533K(640K)
[10.090s][info][gc             ] GC(131) Pause Young (Allocation Failure) 1465M->1465M(1610M) 29.246ms
[10.090s][info][gc,cpu         ] GC(131) User=0.03s Sys=0.00s Real=0.03s
[10.101s][info][gc,start       ] GC(132) Pause Young (Allocation Failure)
[10.136s][info][gc,heap        ] GC(132) PSYoungGen: 59840K(59904K)->49312K(130560K) Eden: 12288K(12288K)->0K(13824K) From: 47552K(47616K)->49312K(116736K)
[10.136s][info][gc,heap        ] GC(132) ParOldGen: 1452782K(1588736K)->1463414K(1588736K)
[10.136s][info][gc,metaspace   ] GC(132) Metaspace: 6302K(6528K)->6302K(6528K) NonClass: 5769K(5888K)->5769K(5888K) Class: 533K(640K)->533K(640K)
[10.136s][info][gc             ] GC(132) Pause Young (Allocation Failure) 1477M->1477M(1679M) 35.045ms
[10.136s][info][gc,cpu         ] GC(132) User=0.12s Sys=0.03s Real=0.04s
[10.149s][info][gc,start       ] GC(133) Pause Young (Allocation Failure)
[10.193s][info][gc,heap        ] GC(133) PSYoungGen: 63136K(130560K)->50880K(65024K) Eden: 13824K(13824K)->0K(13824K) From: 49312K(116736K)->50880K(51200K)
[10.193s][info][gc,heap        ] GC(133) ParOldGen: 1463414K(1588736K)->1475862K(1588736K)
[10.193s][info][gc,metaspace   ] GC(133) Metaspace: 6302K(6528K)->6302K(6528K) NonClass: 5769K(5888K)->5769K(5888K) Class: 533K(640K)->533K(640K)
[10.193s][info][gc             ] GC(133) Pause Young (Allocation Failure) 1490M->1490M(1615M) 44.143ms
[10.193s][info][gc,cpu         ] GC(133) User=0.06s Sys=0.00s Real=0.05s
[10.207s][info][gc,start       ] GC(134) Pause Young (Allocation Failure)
[10.243s][info][gc,heap        ] GC(134) PSYoungGen: 64704K(65024K)->52352K(122368K) Eden: 13824K(13824K)->0K(15872K) From: 50880K(51200K)->52352K(106496K)
[10.243s][info][gc,heap        ] GC(134) ParOldGen: 1475862K(1588736K)->1488382K(1588736K)
[10.243s][info][gc,metaspace   ] GC(134) Metaspace: 6302K(6528K)->6302K(6528K) NonClass: 5769K(5888K)->5769K(5888K) Class: 533K(640K)->533K(640K)
[10.243s][info][gc             ] GC(134) Pause Young (Allocation Failure) 1504M->1504M(1671M) 35.961ms
[10.243s][info][gc,cpu         ] GC(134) User=0.14s Sys=0.00s Real=0.04s
[10.260s][info][gc,start       ] GC(135) Pause Young (Allocation Failure)
[10.296s][info][gc,heap        ] GC(135) PSYoungGen: 68224K(122368K)->43648K(59904K) Eden: 15872K(15872K)->0K(15872K) From: 52352K(106496K)->43648K(44032K)
[10.296s][info][gc,heap        ] GC(135) ParOldGen: 1488382K(1588736K)->1513246K(1588736K)
[10.296s][info][gc,metaspace   ] GC(135) Metaspace: 6302K(6528K)->6302K(6528K) NonClass: 5769K(5888K)->5769K(5888K) Class: 533K(640K)->533K(640K)
[10.296s][info][gc             ] GC(135) Pause Young (Allocation Failure) 1520M->1520M(1610M) 36.788ms
[10.296s][info][gc,cpu         ] GC(135) User=0.14s Sys=0.00s Real=0.04s
[10.313s][info][gc,start       ] GC(136) Pause Young (Allocation Failure)
[10.349s][info][gc,heap        ] GC(136) PSYoungGen: 59520K(59904K)->31872K(123392K) Eden: 15872K(15872K)->0K(18432K) From: 43648K(44032K)->31872K(104960K)
[10.349s][info][gc,heap        ] GC(136) ParOldGen: 1513246K(1588736K)->1541254K(1588736K)
[10.349s][info][gc,metaspace   ] GC(136) Metaspace: 6302K(6528K)->6302K(6528K) NonClass: 5769K(5888K)->5769K(5888K) Class: 533K(640K)->533K(640K)
[10.349s][info][gc             ] GC(136) Pause Young (Allocation Failure) 1535M->1536M(1672M) 36.212ms
[10.349s][info][gc,cpu         ] GC(136) User=0.17s Sys=0.05s Real=0.04s
[10.369s][info][gc,start       ] GC(137) Pause Young (Allocation Failure)
[10.403s][info][gc,heap        ] GC(137) PSYoungGen: 50304K(123392K)->18528K(124928K) Eden: 18432K(18432K)->0K(18432K) From: 31872K(104960K)->18528K(106496K)
[10.403s][info][gc,heap        ] GC(137) ParOldGen: 1541254K(1588736K)->1573422K(1588736K)
[10.403s][info][gc,metaspace   ] GC(137) Metaspace: 6302K(6528K)->6302K(6528K) NonClass: 5769K(5888K)->5769K(5888K) Class: 533K(640K)->533K(640K)
[10.403s][info][gc             ] GC(137) Pause Young (Allocation Failure) 1554M->1554M(1673M) 34.424ms
[10.403s][info][gc,cpu         ] GC(137) User=0.14s Sys=0.00s Real=0.04s
[10.403s][info][gc,start       ] GC(138) Pause Full (Ergonomics)
[10.403s][info][gc,phases,start] GC(138) Marking Phase
[10.763s][info][gc,phases      ] GC(138) Marking Phase 359.622ms
[10.763s][info][gc,phases,start] GC(138) Summary Phase
[10.763s][info][gc,phases      ] GC(138) Summary Phase 0.042ms
[10.763s][info][gc,phases,start] GC(138) Adjust Roots
[10.763s][info][gc,phases      ] GC(138) Adjust Roots 0.257ms
[10.763s][info][gc,phases,start] GC(138) Compaction Phase
[10.936s][info][gc,phases      ] GC(138) Compaction Phase 172.144ms
[10.936s][info][gc,phases,start] GC(138) Post Compact
[10.938s][info][gc,phases      ] GC(138) Post Compact 2.820ms
[10.939s][info][gc,heap        ] GC(138) PSYoungGen: 18528K(124928K)->1543K(124928K) Eden: 0K(18432K)->0K(18432K) From: 18528K(106496K)->1543K(106496K)
[10.939s][info][gc,heap        ] GC(138) ParOldGen: 1573422K(1588736K)->1588335K(1741824K)
[10.939s][info][gc,metaspace   ] GC(138) Metaspace: 6302K(6528K)->6302K(6528K) NonClass: 5769K(5888K)->5769K(5888K) Class: 533K(640K)->533K(640K)
[10.939s][info][gc             ] GC(138) Pause Full (Ergonomics) 1554M->1552M(1823M) 535.744ms
[10.939s][info][gc,cpu         ] GC(138) User=3.67s Sys=0.02s Real=0.54s
[10.957s][info][gc,start       ] GC(139) Pause Young (Allocation Failure)
[11.042s][info][gc,heap        ] GC(139) PSYoungGen: 19975K(124928K)->18592K(126464K) Eden: 18432K(18432K)->0K(20992K) From: 1543K(106496K)->18592K(105472K)
[11.042s][info][gc,heap        ] GC(139) ParOldGen: 1588335K(1741824K)->1589935K(1741824K)
[11.042s][info][gc,metaspace   ] GC(139) Metaspace: 6302K(6528K)->6302K(6528K) NonClass: 5769K(5888K)->5769K(5888K) Class: 533K(640K)->533K(640K)
[11.042s][info][gc             ] GC(139) Pause Young (Allocation Failure) 1570M->1570M(1824M) 84.424ms
[11.042s][info][gc,cpu         ] GC(139) User=0.50s Sys=0.00s Real=0.09s
[11.062s][info][gc,start       ] GC(140) Pause Young (Allocation Failure)
[11.091s][info][gc,heap        ] GC(140) PSYoungGen: 39584K(126464K)->21152K(127488K) Eden: 20992K(20992K)->0K(20992K) From: 18592K(105472K)->21152K(106496K)
[11.091s][info][gc,heap        ] GC(140) ParOldGen: 1589935K(1741824K)->1608607K(1741824K)
[11.091s][info][gc,metaspace   ] GC(140) Metaspace: 6302K(6528K)->6302K(6528K) NonClass: 5769K(5888K)->5769K(5888K) Class: 533K(640K)->533K(640K)
[11.091s][info][gc             ] GC(140) Pause Young (Allocation Failure) 1591M->1591M(1825M) 29.167ms
[11.091s][info][gc,cpu         ] GC(140) User=0.05s Sys=0.00s Real=0.03s
[11.112s][info][gc,start       ] GC(141) Pause Young (Allocation Failure)
[11.142s][info][gc,heap        ] GC(141) PSYoungGen: 42144K(127488K)->21120K(123392K) Eden: 20992K(20992K)->0K(23552K) From: 21152K(106496K)->21120K(99840K)
[11.142s][info][gc,heap        ] GC(141) ParOldGen: 1608607K(1741824K)->1629887K(1741824K)
[11.142s][info][gc,metaspace   ] GC(141) Metaspace: 6302K(6528K)->6302K(6528K) NonClass: 5769K(5888K)->5769K(5888K) Class: 533K(640K)->533K(640K)
[11.142s][info][gc             ] GC(141) Pause Young (Allocation Failure) 1612M->1612M(1821M) 29.878ms
[11.142s][info][gc,cpu         ] GC(141) User=0.02s Sys=0.00s Real=0.03s
[11.168s][info][gc,start       ] GC(142) Pause Young (Allocation Failure)
[11.200s][info][gc,heap        ] GC(142) PSYoungGen: 44672K(123392K)->23776K(125952K) Eden: 23552K(23552K)->0K(23552K) From: 21120K(99840K)->23776K(102400K)
[11.200s][info][gc,heap        ] GC(142) ParOldGen: 1629887K(1741824K)->1651143K(1741824K)
[11.200s][info][gc,metaspace   ] GC(142) Metaspace: 6302K(6528K)->6302K(6528K) NonClass: 5769K(5888K)->5769K(5888K) Class: 533K(640K)->533K(640K)
[11.200s][info][gc             ] GC(142) Pause Young (Allocation Failure) 1635M->1635M(1824M) 32.096ms
[11.200s][info][gc,cpu         ] GC(142) User=0.06s Sys=0.00s Real=0.03s
[11.226s][info][gc,start       ] GC(143) Pause Young (Allocation Failure)
[11.258s][info][gc,heap        ] GC(143) PSYoungGen: 47328K(125952K)->23712K(119808K) Eden: 23552K(23552K)->0K(26624K) From: 23776K(102400K)->23712K(93184K)
[11.258s][info][gc,heap        ] GC(143) ParOldGen: 1651143K(1741824K)->1675015K(1741824K)
[11.258s][info][gc,metaspace   ] GC(143) Metaspace: 6302K(6528K)->6302K(6528K) NonClass: 5769K(5888K)->5769K(5888K) Class: 533K(640K)->533K(640K)
[11.258s][info][gc             ] GC(143) Pause Young (Allocation Failure) 1658M->1658M(1818M) 32.358ms
[11.258s][info][gc,cpu         ] GC(143) User=0.12s Sys=0.02s Real=0.03s
[11.287s][info][gc,start       ] GC(144) Pause Young (Allocation Failure)
[11.320s][info][gc,heap        ] GC(144) PSYoungGen: 50336K(119808K)->26784K(53760K) Eden: 26624K(26624K)->0K(26624K) From: 23712K(93184K)->26784K(27136K)
[11.320s][info][gc,heap        ] GC(144) ParOldGen: 1675015K(1741824K)->1698895K(1741824K)
[11.320s][info][gc,metaspace   ] GC(144) Metaspace: 6302K(6528K)->6302K(6528K) NonClass: 5769K(5888K)->5769K(5888K) Class: 533K(640K)->533K(640K)
[11.320s][info][gc             ] GC(144) Pause Young (Allocation Failure) 1684M->1685M(1753M) 33.105ms
[11.320s][info][gc,cpu         ] GC(144) User=0.16s Sys=0.00s Real=0.03s
[11.352s][info][gc,start       ] GC(145) Pause Young (Allocation Failure)
[11.389s][info][gc,heap        ] GC(145) PSYoungGen: 53408K(53760K)->26816K(114688K) Eden: 26624K(26624K)->0K(29696K) From: 26784K(27136K)->26816K(84992K)
[11.389s][info][gc,heap        ] GC(145) ParOldGen: 1698895K(1741824K)->1725879K(1741824K)
[11.389s][info][gc,metaspace   ] GC(145) Metaspace: 6302K(6528K)->6302K(6528K) NonClass: 5769K(5888K)->5769K(5888K) Class: 533K(640K)->533K(640K)
[11.389s][info][gc             ] GC(145) Pause Young (Allocation Failure) 1711M->1711M(1813M) 37.430ms
[11.389s][info][gc,cpu         ] GC(145) User=0.11s Sys=0.03s Real=0.04s
[11.389s][info][gc,start       ] GC(146) Pause Full (Ergonomics)
[11.389s][info][gc,phases,start] GC(146) Marking Phase
[11.759s][info][gc,phases      ] GC(146) Marking Phase 369.753ms
[11.759s][info][gc,phases,start] GC(146) Summary Phase
[11.759s][info][gc,phases      ] GC(146) Summary Phase 0.040ms
[11.759s][info][gc,phases,start] GC(146) Adjust Roots
[11.759s][info][gc,phases      ] GC(146) Adjust Roots 0.189ms
[11.759s][info][gc,phases,start] GC(146) Compaction Phase
[11.925s][info][gc,phases      ] GC(146) Compaction Phase 165.853ms
[11.925s][info][gc,phases,start] GC(146) Post Compact
[11.928s][info][gc,phases      ] GC(146) Post Compact 3.358ms
[11.929s][info][gc,heap        ] GC(146) PSYoungGen: 26816K(114688K)->8710K(118272K) Eden: 0K(29696K)->0K(33280K) From: 26816K(84992K)->8710K(84992K)
[11.929s][info][gc,heap        ] GC(146) ParOldGen: 1725879K(1741824K)->1741723K(1905664K)
[11.929s][info][gc,metaspace   ] GC(146) Metaspace: 6302K(6528K)->6302K(6528K) NonClass: 5769K(5888K)->5769K(5888K) Class: 533K(640K)->533K(640K)
[11.929s][info][gc             ] GC(146) Pause Full (Ergonomics) 1711M->1709M(1976M) 540.263ms
[11.929s][info][gc,cpu         ] GC(146) User=3.98s Sys=0.02s Real=0.54s
[11.964s][info][gc,start       ] GC(147) Pause Young (Allocation Failure)
[12.059s][info][gc,heap        ] GC(147) PSYoungGen: 41990K(118272K)->33440K(67072K) Eden: 33280K(33280K)->0K(33280K) From: 8710K(84992K)->33440K(33792K)
[12.059s][info][gc,heap        ] GC(147) ParOldGen: 1741723K(1905664K)->1750563K(1905664K)
[12.059s][info][gc,metaspace   ] GC(147) Metaspace: 6302K(6528K)->6302K(6528K) NonClass: 5769K(5888K)->5769K(5888K) Class: 533K(640K)->533K(640K)
[12.059s][info][gc             ] GC(147) Pause Young (Allocation Failure) 1741M->1742M(1926M) 94.269ms
[12.059s][info][gc,cpu         ] GC(147) User=0.56s Sys=0.03s Real=0.09s
[12.094s][info][gc,start       ] GC(148) Pause Young (Allocation Failure)
[12.135s][info][gc,heap        ] GC(148) PSYoungGen: 66720K(67072K)->66784K(113152K) Eden: 33280K(33280K)->0K(29696K) From: 33440K(33792K)->66784K(83456K)
[12.135s][info][gc,heap        ] GC(148) ParOldGen: 1750563K(1905664K)->1750563K(1905664K)
[12.135s][info][gc,metaspace   ] GC(148) Metaspace: 6302K(6528K)->6302K(6528K) NonClass: 5769K(5888K)->5769K(5888K) Class: 533K(640K)->533K(640K)
[12.135s][info][gc             ] GC(148) Pause Young (Allocation Failure) 1774M->1774M(1971M) 40.252ms
[12.135s][info][gc,cpu         ] GC(148) User=0.16s Sys=0.00s Real=0.04s
[12.166s][info][gc,start       ] GC(149) Pause Young (Allocation Failure)
[12.215s][info][gc,heap        ] GC(149) PSYoungGen: 96480K(113152K)->90112K(119808K) Eden: 29696K(29696K)->0K(29696K) From: 66784K(83456K)->90112K(90112K)
[12.215s][info][gc,heap        ] GC(149) ParOldGen: 1750563K(1905664K)->1756923K(1905664K)
[12.215s][info][gc,metaspace   ] GC(149) Metaspace: 6302K(6528K)->6302K(6528K) NonClass: 5769K(5888K)->5769K(5888K) Class: 533K(640K)->533K(640K)
[12.215s][info][gc             ] GC(149) Pause Young (Allocation Failure) 1803M->1803M(1978M) 49.062ms
[12.215s][info][gc,cpu         ] GC(149) User=0.27s Sys=0.00s Real=0.05s
[12.250s][info][gc,start       ] GC(150) Pause Young (Allocation Failure)
[12.310s][info][gc,heap        ] GC(150) PSYoungGen: 119808K(119808K)->58240K(138240K) Eden: 29696K(29696K)->0K(33280K) From: 90112K(90112K)->58240K(104960K)
[12.310s][info][gc,heap        ] GC(150) ParOldGen: 1756923K(1905664K)->1819403K(1905664K)
[12.310s][info][gc,metaspace   ] GC(150) Metaspace: 6302K(6528K)->6302K(6528K) NonClass: 5769K(5888K)->5769K(5888K) Class: 533K(640K)->533K(640K)
[12.310s][info][gc             ] GC(150) Pause Young (Allocation Failure) 1832M->1833M(1996M) 60.507ms
[12.310s][info][gc,cpu         ] GC(150) User=0.31s Sys=0.08s Real=0.06s
[12.349s][info][gc,start       ] GC(151) Pause Young (Allocation Failure)
[12.397s][info][gc,heap        ] GC(151) PSYoungGen: 91520K(138240K)->63200K(138752K) Eden: 33280K(33280K)->0K(33280K) From: 58240K(104960K)->63200K(105472K)
[12.397s][info][gc,heap        ] GC(151) ParOldGen: 1819403K(1905664K)->1848139K(1905664K)
[12.397s][info][gc,metaspace   ] GC(151) Metaspace: 6302K(6528K)->6302K(6528K) NonClass: 5769K(5888K)->5769K(5888K) Class: 533K(640K)->533K(640K)
[12.397s][info][gc             ] GC(151) Pause Young (Allocation Failure) 1866M->1866M(1996M) 47.812ms
[12.397s][info][gc,cpu         ] GC(151) User=0.23s Sys=0.02s Real=0.05s
[12.435s][info][gc,start       ] GC(152) Pause Young (Allocation Failure)
[12.485s][info][gc,heap        ] GC(152) PSYoungGen: 96480K(138752K)->66784K(141824K) Eden: 33280K(33280K)->0K(35840K) From: 63200K(105472K)->66784K(105984K)
[12.485s][info][gc,heap        ] GC(152) ParOldGen: 1848139K(1905664K)->1878243K(1905664K)
[12.485s][info][gc,metaspace   ] GC(152) Metaspace: 6302K(6528K)->6302K(6528K) NonClass: 5769K(5888K)->5769K(5888K) Class: 533K(640K)->533K(640K)
[12.485s][info][gc             ] GC(152) Pause Young (Allocation Failure) 1899M->1899M(1999M) 50.713ms
[12.485s][info][gc,cpu         ] GC(152) User=0.28s Sys=0.00s Real=0.05s
[12.486s][info][gc,start       ] GC(153) Pause Full (Ergonomics)
[12.486s][info][gc,phases,start] GC(153) Marking Phase
[12.914s][info][gc,phases      ] GC(153) Marking Phase 428.151ms
[12.914s][info][gc,phases,start] GC(153) Summary Phase
[12.914s][info][gc,phases      ] GC(153) Summary Phase 0.039ms
[12.914s][info][gc,phases,start] GC(153) Adjust Roots
[12.914s][info][gc,phases      ] GC(153) Adjust Roots 0.212ms
[12.914s][info][gc,phases,start] GC(153) Compaction Phase
[13.107s][info][gc,phases      ] GC(153) Compaction Phase 192.510ms
[13.107s][info][gc,phases,start] GC(153) Post Compact
[13.110s][info][gc,phases      ] GC(153) Post Compact 3.642ms
[13.111s][info][gc,heap        ] GC(153) PSYoungGen: 66784K(141824K)->37368K(141824K) Eden: 0K(35840K)->0K(35840K) From: 66784K(105984K)->37368K(105984K)
[13.111s][info][gc,heap        ] GC(153) ParOldGen: 1878243K(1905664K)->1905386K(2094592K)
[13.111s][info][gc,metaspace   ] GC(153) Metaspace: 6302K(6528K)->6302K(6528K) NonClass: 5769K(5888K)->5769K(5888K) Class: 533K(640K)->533K(640K)
[13.111s][info][gc             ] GC(153) Pause Full (Ergonomics) 1899M->1897M(2184M) 625.609ms
[13.111s][info][gc,cpu         ] GC(153) User=4.47s Sys=0.03s Real=0.63s
[13.155s][info][gc,start       ] GC(154) Pause Young (Allocation Failure)
[13.273s][info][gc,heap        ] GC(154) PSYoungGen: 73208K(141824K)->55744K(142848K) Eden: 35840K(35840K)->0K(35840K) From: 37368K(105984K)->55744K(107008K)
[13.273s][info][gc,heap        ] GC(154) ParOldGen: 1905386K(2094592K)->1923314K(2094592K)
[13.273s][info][gc,metaspace   ] GC(154) Metaspace: 6302K(6528K)->6302K(6528K) NonClass: 5769K(5888K)->5769K(5888K) Class: 533K(640K)->533K(640K)
[13.273s][info][gc             ] GC(154) Pause Young (Allocation Failure) 1932M->1932M(2185M) 118.028ms
[13.273s][info][gc,cpu         ] GC(154) User=0.78s Sys=0.00s Real=0.12s
[13.321s][info][gc,start       ] GC(155) Pause Young (Allocation Failure)
[13.371s][info][gc,heap        ] GC(155) PSYoungGen: 91584K(142848K)->91680K(133632K) Eden: 35840K(35840K)->0K(29696K) From: 55744K(107008K)->91680K(103936K)
[13.371s][info][gc,heap        ] GC(155) ParOldGen: 1923314K(2094592K)->1923314K(2094592K)
[13.371s][info][gc,metaspace   ] GC(155) Metaspace: 6302K(6528K)->6302K(6528K) NonClass: 5769K(5888K)->5769K(5888K) Class: 533K(640K)->533K(640K)
[13.371s][info][gc             ] GC(155) Pause Young (Allocation Failure) 1967M->1967M(2176M) 50.245ms
[13.371s][info][gc,cpu         ] GC(155) User=0.28s Sys=0.00s Real=0.05s
[13.406s][info][gc,start       ] GC(156) Pause Young (Allocation Failure)
[13.466s][info][gc,heap        ] GC(156) PSYoungGen: 121376K(133632K)->113664K(143360K) Eden: 29696K(29696K)->0K(29696K) From: 91680K(103936K)->113664K(113664K)
[13.466s][info][gc,heap        ] GC(156) ParOldGen: 1923314K(2094592K)->1930978K(2094592K)
[13.466s][info][gc,metaspace   ] GC(156) Metaspace: 6302K(6528K)->6302K(6528K) NonClass: 5769K(5888K)->5769K(5888K) Class: 533K(640K)->533K(640K)
[13.466s][info][gc             ] GC(156) Pause Young (Allocation Failure) 1996M->1996M(2185M) 60.442ms
[13.466s][info][gc,cpu         ] GC(156) User=0.39s Sys=0.00s Real=0.06s
[13.498s][info][gc,start       ] GC(157) Pause Young (Allocation Failure)
[13.575s][info][gc,heap        ] GC(157) PSYoungGen: 143360K(143360K)->91168K(161792K) Eden: 29696K(29696K)->0K(29184K) From: 113664K(113664K)->91168K(132608K)
[13.575s][info][gc,heap        ] GC(157) ParOldGen: 1930978K(2094592K)->1983930K(2094592K)
[13.575s][info][gc,metaspace   ] GC(157) Metaspace: 6302K(6528K)->6302K(6528K) NonClass: 5769K(5888K)->5769K(5888K) Class: 533K(640K)->533K(640K)
[13.575s][info][gc             ] GC(157) Pause Young (Allocation Failure) 2025M->2026M(2203M) 76.978ms
[13.575s][info][gc,cpu         ] GC(157) User=0.47s Sys=0.05s Real=0.08s
[13.605s][info][gc,start       ] GC(158) Pause Young (Allocation Failure)
[13.667s][info][gc,heap        ] GC(158) PSYoungGen: 120352K(161792K)->87200K(165888K) Eden: 29184K(29184K)->0K(29184K) From: 91168K(132608K)->87200K(136704K)
[13.667s][info][gc,heap        ] GC(158) ParOldGen: 1983930K(2094592K)->2017498K(2094592K)
[13.667s][info][gc,metaspace   ] GC(158) Metaspace: 6302K(6528K)->6302K(6528K) NonClass: 5769K(5888K)->5769K(5888K) Class: 533K(640K)->533K(640K)
[13.667s][info][gc             ] GC(158) Pause Young (Allocation Failure) 2054M->2055M(2207M) 61.415ms
[13.667s][info][gc,cpu         ] GC(158) User=0.38s Sys=0.02s Real=0.06s
[13.700s][info][gc,start       ] GC(159) Pause Young (Allocation Failure)
[13.759s][info][gc,heap        ] GC(159) PSYoungGen: 116384K(165888K)->58528K(159744K) Eden: 29184K(29184K)->0K(33280K) From: 87200K(136704K)->58528K(126464K)
[13.759s][info][gc,heap        ] GC(159) ParOldGen: 2017498K(2094592K)->2076026K(2094592K)
[13.759s][info][gc,metaspace   ] GC(159) Metaspace: 6302K(6528K)->6302K(6528K) NonClass: 5769K(5888K)->5769K(5888K) Class: 533K(640K)->533K(640K)
[13.759s][info][gc             ] GC(159) Pause Young (Allocation Failure) 2083M->2084M(2201M) 59.767ms
[13.759s][info][gc,cpu         ] GC(159) User=0.36s Sys=0.03s Real=0.06s
[13.760s][info][gc,start       ] GC(160) Pause Full (Ergonomics)
[13.760s][info][gc,phases,start] GC(160) Marking Phase
[14.229s][info][gc,phases      ] GC(160) Marking Phase 469.164ms
[14.229s][info][gc,phases,start] GC(160) Summary Phase
[14.229s][info][gc,phases      ] GC(160) Summary Phase 0.037ms
[14.229s][info][gc,phases,start] GC(160) Adjust Roots
[14.229s][info][gc,phases      ] GC(160) Adjust Roots 0.219ms
[14.229s][info][gc,phases,start] GC(160) Compaction Phase
[14.430s][info][gc,phases      ] GC(160) Compaction Phase 201.264ms
[14.430s][info][gc,phases,start] GC(160) Post Compact
[14.434s][info][gc,phases      ] GC(160) Post Compact 3.967ms
[14.435s][info][gc,heap        ] GC(160) PSYoungGen: 58528K(159744K)->37868K(163840K) Eden: 0K(33280K)->0K(37376K) From: 58528K(126464K)->37868K(126464K)
[14.435s][info][gc,heap        ] GC(160) ParOldGen: 2076026K(2094592K)->2094150K(2312192K)
[14.435s][info][gc,metaspace   ] GC(160) Metaspace: 6302K(6528K)->6302K(6528K) NonClass: 5769K(5888K)->5769K(5888K) Class: 533K(640K)->533K(640K)
[14.435s][info][gc             ] GC(160) Pause Full (Ergonomics) 2084M->2082M(2418M) 675.752ms
[14.435s][info][gc,cpu         ] GC(160) User=4.97s Sys=0.03s Real=0.68s
[14.476s][info][gc,start       ] GC(161) Pause Young (Allocation Failure)
[14.609s][info][gc,heap        ] GC(161) PSYoungGen: 75244K(163840K)->37568K(169472K) Eden: 37376K(37376K)->0K(37376K) From: 37868K(126464K)->37568K(132096K)
[14.609s][info][gc,heap        ] GC(161) ParOldGen: 2094150K(2312192K)->2132502K(2312192K)
[14.609s][info][gc,metaspace   ] GC(161) Metaspace: 6302K(6528K)->6302K(6528K) NonClass: 5769K(5888K)->5769K(5888K) Class: 533K(640K)->533K(640K)
[14.609s][info][gc             ] GC(161) Pause Young (Allocation Failure) 2118M->2119M(2423M) 132.850ms
[14.609s][info][gc,cpu         ] GC(161) User=0.86s Sys=0.02s Real=0.13s
[14.652s][info][gc,start       ] GC(162) Pause Young (Allocation Failure)
[14.697s][info][gc,heap        ] GC(162) PSYoungGen: 74944K(169472K)->37536K(166912K) Eden: 37376K(37376K)->0K(41472K) From: 37568K(132096K)->37536K(125440K)
[14.697s][info][gc,heap        ] GC(162) ParOldGen: 2132502K(2312192K)->2170390K(2312192K)
[14.697s][info][gc,metaspace   ] GC(162) Metaspace: 6302K(6528K)->6302K(6528K) NonClass: 5769K(5888K)->5769K(5888K) Class: 533K(640K)->533K(640K)
[14.697s][info][gc             ] GC(162) Pause Young (Allocation Failure) 2155M->2156M(2421M) 44.199ms
[14.697s][info][gc,cpu         ] GC(162) User=0.17s Sys=0.05s Real=0.04s
[14.752s][info][gc,start       ] GC(163) Pause Young (Allocation Failure)
[14.798s][info][gc,heap        ] GC(163) PSYoungGen: 79008K(166912K)->41664K(169472K) Eden: 41472K(41472K)->0K(41472K) From: 37536K(125440K)->41664K(128000K)
[14.798s][info][gc,heap        ] GC(163) ParOldGen: 2170390K(2312192K)->2208286K(2312192K)
[14.798s][info][gc,metaspace   ] GC(163) Metaspace: 6302K(6528K)->6302K(6528K) NonClass: 5769K(5888K)->5769K(5888K) Class: 533K(640K)->533K(640K)
[14.798s][info][gc             ] GC(163) Pause Young (Allocation Failure) 2196M->2197M(2423M) 46.727ms
[14.798s][info][gc,cpu         ] GC(163) User=0.30s Sys=0.06s Real=0.05s
[14.846s][info][gc,start       ] GC(164) Pause Young (Allocation Failure)
[14.894s][info][gc,heap        ] GC(164) PSYoungGen: 83136K(169472K)->41696K(163328K) Eden: 41472K(41472K)->0K(46080K) From: 41664K(128000K)->41696K(117248K)
[14.894s][info][gc,heap        ] GC(164) ParOldGen: 2208286K(2312192K)->2250358K(2312192K)
[14.894s][info][gc,metaspace   ] GC(164) Metaspace: 6302K(6528K)->6302K(6528K) NonClass: 5769K(5888K)->5769K(5888K) Class: 533K(640K)->533K(640K)
[14.894s][info][gc             ] GC(164) Pause Young (Allocation Failure) 2237M->2238M(2417M) 47.561ms
[14.894s][info][gc,cpu         ] GC(164) User=0.36s Sys=0.02s Real=0.05s
[14.894s][info][gc,start       ] GC(165) Pause Full (Ergonomics)
[14.894s][info][gc,phases,start] GC(165) Marking Phase
[15.421s][info][gc,phases      ] GC(165) Marking Phase 526.710ms
[15.421s][info][gc,phases,start] GC(165) Summary Phase
[15.421s][info][gc,phases      ] GC(165) Summary Phase 0.061ms
[15.421s][info][gc,phases,start] GC(165) Adjust Roots
[15.421s][info][gc,phases      ] GC(165) Adjust Roots 0.182ms
[15.421s][info][gc,phases,start] GC(165) Compaction Phase
[15.615s][info][gc,phases      ] GC(165) Compaction Phase 194.579ms
[15.616s][info][gc,phases,start] GC(165) Post Compact
[15.620s][info][gc,phases      ] GC(165) Post Compact 4.569ms
[15.621s][info][gc,heap        ] GC(165) PSYoungGen: 41696K(163328K)->0K(166912K) Eden: 0K(46080K)->0K(46080K) From: 41696K(117248K)->0K(120832K)
[15.621s][info][gc,heap        ] GC(165) ParOldGen: 2250358K(2312192K)->2289588K(2524672K)
[15.621s][info][gc,metaspace   ] GC(165) Metaspace: 6302K(6528K)->6302K(6528K) NonClass: 5769K(5888K)->5769K(5888K) Class: 533K(640K)->533K(640K)
[15.621s][info][gc             ] GC(165) Pause Full (Ergonomics) 2238M->2235M(2628M) 727.442ms
[15.621s][info][gc,cpu         ] GC(165) User=5.34s Sys=0.02s Real=0.73s
[15.677s][info][gc,start       ] GC(166) Pause Young (Allocation Failure)
[15.709s][info][gc,heap        ] GC(166) PSYoungGen: 46080K(166912K)->46272K(161280K) Eden: 46080K(46080K)->0K(50176K) From: 0K(120832K)->46272K(111104K)
[15.709s][info][gc,heap        ] GC(166) ParOldGen: 2289588K(2524672K)->2289588K(2524672K)
[15.709s][info][gc,metaspace   ] GC(166) Metaspace: 6302K(6528K)->6302K(6528K) NonClass: 5769K(5888K)->5769K(5888K) Class: 533K(640K)->533K(640K)
[15.709s][info][gc             ] GC(166) Pause Young (Allocation Failure) 2280M->2281M(2623M) 32.168ms
[15.710s][info][gc,cpu         ] GC(166) User=0.14s Sys=0.00s Real=0.03s
[15.769s][info][gc,start       ] GC(167) Pause Young (Allocation Failure)
[15.819s][info][gc,heap        ] GC(167) PSYoungGen: 96448K(161280K)->96544K(166400K) Eden: 50176K(50176K)->0K(50176K) From: 46272K(111104K)->96544K(116224K)
[15.819s][info][gc,heap        ] GC(167) ParOldGen: 2289588K(2524672K)->2289588K(2524672K)
[15.819s][info][gc,metaspace   ] GC(167) Metaspace: 6302K(6528K)->6302K(6528K) NonClass: 5769K(5888K)->5769K(5888K) Class: 533K(640K)->533K(640K)
[15.819s][info][gc             ] GC(167) Pause Young (Allocation Failure) 2330M->2330M(2628M) 50.161ms
[15.819s][info][gc,cpu         ] GC(167) User=0.25s Sys=0.00s Real=0.05s
[15.879s][info][gc,start       ] GC(168) Pause Young (Allocation Failure)
[15.955s][info][gc,heap        ] GC(168) PSYoungGen: 146720K(166400K)->124928K(153600K) Eden: 50176K(50176K)->0K(28672K) From: 96544K(116224K)->124928K(124928K)
[15.955s][info][gc,heap        ] GC(168) ParOldGen: 2289588K(2524672K)->2311468K(2524672K)
[15.955s][info][gc,metaspace   ] GC(168) Metaspace: 6302K(6528K)->6302K(6528K) NonClass: 5769K(5888K)->5769K(5888K) Class: 533K(640K)->533K(640K)
[15.955s][info][gc             ] GC(168) Pause Young (Allocation Failure) 2379M->2379M(2615M) 76.241ms
[15.955s][info][gc,cpu         ] GC(168) User=0.39s Sys=0.09s Real=0.08s
[15.990s][info][gc,start       ] GC(169) Pause Young (Allocation Failure)
[16.071s][info][gc,heap        ] GC(169) PSYoungGen: 153600K(153600K)->74048K(102912K) Eden: 28672K(28672K)->0K(28672K) From: 124928K(124928K)->74048K(74240K)
[16.071s][info][gc,heap        ] GC(169) ParOldGen: 2311468K(2524672K)->2391764K(2524672K)
[16.071s][info][gc,metaspace   ] GC(169) Metaspace: 6302K(6528K)->6302K(6528K) NonClass: 5769K(5888K)->5769K(5888K) Class: 533K(640K)->533K(640K)
[16.071s][info][gc             ] GC(169) Pause Young (Allocation Failure) 2407M->2408M(2566M) 81.230ms
[16.071s][info][gc,cpu         ] GC(169) User=0.45s Sys=0.08s Real=0.08s
[16.105s][info][gc,start       ] GC(170) Pause Young (Allocation Failure)
[16.161s][info][gc,heap        ] GC(170) PSYoungGen: 102720K(102912K)->57536K(165888K) Eden: 28672K(28672K)->0K(32256K) From: 74048K(74240K)->57536K(133632K)
[16.161s][info][gc,heap        ] GC(170) ParOldGen: 2391764K(2524672K)->2437332K(2524672K)
[16.161s][info][gc,metaspace   ] GC(170) Metaspace: 6302K(6528K)->6302K(6528K) NonClass: 5769K(5888K)->5769K(5888K) Class: 533K(640K)->533K(640K)
[16.161s][info][gc             ] GC(170) Pause Young (Allocation Failure) 2436M->2436M(2627M) 56.003ms
[16.161s][info][gc,cpu         ] GC(170) User=0.34s Sys=0.05s Real=0.06s
[16.200s][info][gc,start       ] GC(171) Pause Young (Allocation Failure)
[16.249s][info][gc,heap        ] GC(171) PSYoungGen: 89792K(165888K)->61120K(93696K) Eden: 32256K(32256K)->0K(32256K) From: 57536K(133632K)->61120K(61440K)
[16.249s][info][gc,heap        ] GC(171) ParOldGen: 2437332K(2524672K)->2466260K(2524672K)
[16.249s][info][gc,metaspace   ] GC(171) Metaspace: 6302K(6528K)->6302K(6528K) NonClass: 5769K(5888K)->5769K(5888K) Class: 533K(640K)->533K(640K)
[16.249s][info][gc             ] GC(171) Pause Young (Allocation Failure) 2467M->2468M(2557M) 49.082ms
[16.249s][info][gc,cpu         ] GC(171) User=0.28s Sys=0.00s Real=0.05s
[16.249s][info][gc,start       ] GC(172) Pause Full (Ergonomics)
[16.249s][info][gc,phases,start] GC(172) Marking Phase
[16.802s][info][gc,phases      ] GC(172) Marking Phase 552.927ms
[16.802s][info][gc,phases,start] GC(172) Summary Phase
[16.802s][info][gc,phases      ] GC(172) Summary Phase 0.045ms
[16.802s][info][gc,phases,start] GC(172) Adjust Roots
[16.802s][info][gc,phases      ] GC(172) Adjust Roots 0.172ms
[16.802s][info][gc,phases,start] GC(172) Compaction Phase
[17.004s][info][gc,phases      ] GC(172) Compaction Phase 201.488ms
[17.004s][info][gc,phases,start] GC(172) Post Compact
[17.008s][info][gc,phases      ] GC(172) Post Compact 4.428ms
[17.009s][info][gc,heap        ] GC(172) PSYoungGen: 61120K(93696K)->1170K(93696K) Eden: 0K(32256K)->0K(32256K) From: 61120K(61440K)->1170K(61440K)
[17.009s][info][gc,heap        ] GC(172) ParOldGen: 2466260K(2524672K)->2524258K(2782720K)
[17.009s][info][gc,metaspace   ] GC(172) Metaspace: 6302K(6528K)->6302K(6528K) NonClass: 5769K(5888K)->5769K(5888K) Class: 533K(640K)->533K(640K)
[17.009s][info][gc             ] GC(172) Pause Full (Ergonomics) 2468M->2466M(2809M) 760.240ms
[17.009s][info][gc,cpu         ] GC(172) User=5.81s Sys=0.03s Real=0.76s
[17.050s][info][gc,start       ] GC(173) Pause Young (Allocation Failure)
[17.178s][info][gc,heap        ] GC(173) PSYoungGen: 33426K(93696K)->33056K(166912K) Eden: 32256K(32256K)->0K(35328K) From: 1170K(61440K)->33056K(131584K)
[17.178s][info][gc,heap        ] GC(173) ParOldGen: 2524258K(2782720K)->2524850K(2782720K)
[17.178s][info][gc,metaspace   ] GC(173) Metaspace: 6302K(6528K)->6302K(6528K) NonClass: 5769K(5888K)->5769K(5888K) Class: 533K(640K)->533K(640K)
[17.178s][info][gc             ] GC(173) Pause Young (Allocation Failure) 2497M->2497M(2880M) 128.537ms
[17.178s][info][gc,cpu         ] GC(173) User=0.91s Sys=0.00s Real=0.13s
[17.219s][info][gc,start       ] GC(174) Pause Young (Allocation Failure)
[17.262s][info][gc,heap        ] GC(174) PSYoungGen: 68384K(166912K)->68448K(103936K) Eden: 35328K(35328K)->0K(35328K) From: 33056K(131584K)->68448K(68608K)
[17.262s][info][gc,heap        ] GC(174) ParOldGen: 2524850K(2782720K)->2524850K(2782720K)
[17.262s][info][gc,metaspace   ] GC(174) Metaspace: 6302K(6528K)->6302K(6528K) NonClass: 5769K(5888K)->5769K(5888K) Class: 533K(640K)->533K(640K)
[17.262s][info][gc             ] GC(174) Pause Young (Allocation Failure) 2532M->2532M(2819M) 42.801ms
[17.262s][info][gc,cpu         ] GC(174) User=0.25s Sys=0.00s Real=0.04s
[17.306s][info][gc,start       ] GC(175) Pause Young (Allocation Failure)
[17.362s][info][gc,heap        ] GC(175) PSYoungGen: 103776K(103936K)->103776K(158208K) Eden: 35328K(35328K)->0K(30720K) From: 68448K(68608K)->103776K(127488K)
[17.362s][info][gc,heap        ] GC(175) ParOldGen: 2524850K(2782720K)->2524850K(2782720K)
[17.362s][info][gc,metaspace   ] GC(175) Metaspace: 6302K(6528K)->6302K(6528K) NonClass: 5769K(5888K)->5769K(5888K) Class: 533K(640K)->533K(640K)
[17.362s][info][gc             ] GC(175) Pause Young (Allocation Failure) 2567M->2567M(2872M) 55.429ms
[17.362s][info][gc,cpu         ] GC(175) User=0.30s Sys=0.00s Real=0.06s
[17.401s][info][gc,start       ] GC(176) Pause Young (Allocation Failure)
[17.468s][info][gc,heap        ] GC(176) PSYoungGen: 134496K(158208K)->134592K(166400K) Eden: 30720K(30720K)->0K(30720K) From: 103776K(127488K)->134592K(135680K)
[17.468s][info][gc,heap        ] GC(176) ParOldGen: 2524850K(2782720K)->2524850K(2782720K)
[17.468s][info][gc,metaspace   ] GC(176) Metaspace: 6302K(6528K)->6302K(6528K) NonClass: 5769K(5888K)->5769K(5888K) Class: 533K(640K)->533K(640K)
[17.468s][info][gc             ] GC(176) Pause Young (Allocation Failure) 2597M->2597M(2880M) 67.579ms
[17.468s][info][gc,cpu         ] GC(176) User=0.39s Sys=0.00s Real=0.07s
[17.508s][info][gc,start       ] GC(177) Pause Young (Allocation Failure)
[17.593s][info][gc,heap        ] GC(177) PSYoungGen: 165312K(166400K)->153600K(162304K) Eden: 30720K(30720K)->0K(8704K) From: 134592K(135680K)->153600K(153600K)
[17.594s][info][gc,heap        ] GC(177) ParOldGen: 2524850K(2782720K)->2536522K(2782720K)
[17.594s][info][gc,metaspace   ] GC(177) Metaspace: 6302K(6528K)->6302K(6528K) NonClass: 5769K(5888K)->5769K(5888K) Class: 533K(640K)->533K(640K)
[17.594s][info][gc             ] GC(177) Pause Young (Allocation Failure) 2627M->2627M(2876M) 86.000ms
[17.594s][info][gc,cpu         ] GC(177) User=0.50s Sys=0.03s Real=0.09s
[17.604s][info][gc,start       ] GC(178) Pause Young (Allocation Failure)
[17.688s][info][gc,heap        ] GC(178) PSYoungGen: 162304K(162304K)->99840K(108544K) Eden: 8704K(8704K)->0K(8704K) From: 153600K(153600K)->99840K(99840K)
[17.688s][info][gc,heap        ] GC(178) ParOldGen: 2536522K(2782720K)->2599610K(2782720K)
[17.688s][info][gc,metaspace   ] GC(178) Metaspace: 6302K(6528K)->6302K(6528K) NonClass: 5769K(5888K)->5769K(5888K) Class: 533K(640K)->533K(640K)
[17.688s][info][gc             ] GC(178) Pause Young (Allocation Failure) 2635M->2636M(2823M) 83.990ms
[17.688s][info][gc,cpu         ] GC(178) User=0.55s Sys=0.08s Real=0.08s
[17.699s][info][gc,start       ] GC(179) Pause Young (Allocation Failure)
[17.757s][info][gc,heap        ] GC(179) PSYoungGen: 108544K(108544K)->47008K(180736K) Eden: 8704K(8704K)->0K(10240K) From: 99840K(99840K)->47008K(170496K)
[17.757s][info][gc,heap        ] GC(179) ParOldGen: 2599610K(2782720K)->2661498K(2782720K)
[17.757s][info][gc,metaspace   ] GC(179) Metaspace: 6302K(6528K)->6302K(6528K) NonClass: 5769K(5888K)->5769K(5888K) Class: 533K(640K)->533K(640K)
[17.757s][info][gc             ] GC(179) Pause Young (Allocation Failure) 2644M->2645M(2894M) 57.563ms
[17.757s][info][gc,cpu         ] GC(179) User=0.39s Sys=0.00s Real=0.06s
[17.768s][info][gc,start       ] GC(180) Pause Young (Allocation Failure)
[17.805s][info][gc,heap        ] GC(180) PSYoungGen: 57248K(180736K)->19072K(183296K) Eden: 10240K(10240K)->0K(10240K) From: 47008K(170496K)->19072K(173056K)
[17.805s][info][gc,heap        ] GC(180) ParOldGen: 2661498K(2782720K)->2700050K(2782720K)
[17.805s][info][gc,metaspace   ] GC(180) Metaspace: 6302K(6528K)->6302K(6528K) NonClass: 5769K(5888K)->5769K(5888K) Class: 533K(640K)->533K(640K)
[17.805s][info][gc             ] GC(180) Pause Young (Allocation Failure) 2655M->2655M(2896M) 37.187ms
[17.805s][info][gc,cpu         ] GC(180) User=0.23s Sys=0.02s Real=0.04s
[17.805s][info][gc,start       ] GC(181) Pause Full (Ergonomics)
[17.805s][info][gc,phases,start] GC(181) Marking Phase
[18.423s][info][gc,phases      ] GC(181) Marking Phase 617.530ms
[18.423s][info][gc,phases,start] GC(181) Summary Phase
[18.423s][info][gc,phases      ] GC(181) Summary Phase 0.050ms
[18.423s][info][gc,phases,start] GC(181) Adjust Roots
[18.423s][info][gc,phases      ] GC(181) Adjust Roots 0.164ms
[18.423s][info][gc,phases,start] GC(181) Compaction Phase
[18.651s][info][gc,phases      ] GC(181) Compaction Phase 227.462ms
[18.651s][info][gc,phases,start] GC(181) Post Compact
[18.656s][info][gc,phases      ] GC(181) Post Compact 4.971ms
[18.657s][info][gc,heap        ] GC(181) PSYoungGen: 19072K(183296K)->0K(186368K) Eden: 0K(10240K)->0K(11776K) From: 19072K(173056K)->0K(174592K)
[18.657s][info][gc,heap        ] GC(181) ParOldGen: 2700050K(2782720K)->2717192K(3004416K)
[18.657s][info][gc,metaspace   ] GC(181) Metaspace: 6302K(6528K)->6302K(6528K) NonClass: 5769K(5888K)->5769K(5888K) Class: 533K(640K)->533K(640K)
[18.657s][info][gc             ] GC(181) Pause Full (Ergonomics) 2655M->2653M(3116M) 851.306ms
[18.657s][info][gc,cpu         ] GC(181) User=6.44s Sys=0.00s Real=0.85s
[18.670s][info][gc,start       ] GC(182) Pause Young (Allocation Failure)
[18.690s][info][gc,heap        ] GC(182) PSYoungGen: 11776K(186368K)->11904K(186368K) Eden: 11776K(11776K)->0K(11776K) From: 0K(174592K)->11904K(174592K)
[18.690s][info][gc,heap        ] GC(182) ParOldGen: 2717192K(3004416K)->2717192K(3004416K)
[18.690s][info][gc,metaspace   ] GC(182) Metaspace: 6302K(6528K)->6302K(6528K) NonClass: 5769K(5888K)->5769K(5888K) Class: 533K(640K)->533K(640K)
[18.690s][info][gc             ] GC(182) Pause Young (Allocation Failure) 2665M->2665M(3116M) 19.791ms
[18.690s][info][gc,cpu         ] GC(182) User=0.02s Sys=0.00s Real=0.02s
[18.704s][info][gc,start       ] GC(183) Pause Young (Allocation Failure)
[18.728s][info][gc,heap        ] GC(183) PSYoungGen: 23680K(186368K)->11936K(186880K) Eden: 11776K(11776K)->0K(13312K) From: 11904K(174592K)->11936K(173568K)
[18.728s][info][gc,heap        ] GC(183) ParOldGen: 2717192K(3004416K)->2729072K(3004416K)
[18.728s][info][gc,metaspace   ] GC(183) Metaspace: 6302K(6528K)->6302K(6528K) NonClass: 5769K(5888K)->5769K(5888K) Class: 533K(640K)->533K(640K)
[18.728s][info][gc             ] GC(183) Pause Young (Allocation Failure) 2676M->2676M(3116M) 23.959ms
[18.728s][info][gc,cpu         ] GC(183) User=0.03s Sys=0.02s Real=0.02s
[18.742s][info][gc,start       ] GC(184) Pause Young (Allocation Failure)
[18.766s][info][gc,heap        ] GC(184) PSYoungGen: 25248K(186880K)->13408K(27136K) Eden: 13312K(13312K)->0K(13312K) From: 11936K(173568K)->13408K(13824K)
[18.766s][info][gc,heap        ] GC(184) ParOldGen: 2729072K(3004416K)->2740952K(3004416K)
[18.766s][info][gc,metaspace   ] GC(184) Metaspace: 6302K(6528K)->6302K(6528K) NonClass: 5769K(5888K)->5769K(5888K) Class: 533K(640K)->533K(640K)
[18.766s][info][gc             ] GC(184) Pause Young (Allocation Failure) 2689M->2689M(2960M) 24.355ms
[18.766s][info][gc,cpu         ] GC(184) User=0.02s Sys=0.00s Real=0.02s
[18.781s][info][gc,start       ] GC(185) Pause Young (Allocation Failure)
[18.807s][info][gc,heap        ] GC(185) PSYoungGen: 26720K(27136K)->13440K(180224K) Eden: 13312K(13312K)->0K(15360K) From: 13408K(13824K)->13440K(164864K)
[18.807s][info][gc,heap        ] GC(185) ParOldGen: 2740952K(3004416K)->2754384K(3004416K)
[18.807s][info][gc,metaspace   ] GC(185) Metaspace: 6302K(6528K)->6302K(6528K) NonClass: 5769K(5888K)->5769K(5888K) Class: 533K(640K)->533K(640K)
[18.807s][info][gc             ] GC(185) Pause Young (Allocation Failure) 2702M->2702M(3110M) 25.673ms
[18.807s][info][gc,cpu         ] GC(185) User=0.03s Sys=0.00s Real=0.03s
[18.824s][info][gc,start       ] GC(186) Pause Young (Allocation Failure)
[18.850s][info][gc,heap        ] GC(186) PSYoungGen: 28800K(180224K)->15424K(31232K) Eden: 15360K(15360K)->0K(15360K) From: 13440K(164864K)->15424K(15872K)
[18.850s][info][gc,heap        ] GC(186) ParOldGen: 2754384K(3004416K)->2767816K(3004416K)
[18.850s][info][gc,metaspace   ] GC(186) Metaspace: 6302K(6528K)->6302K(6528K) NonClass: 5769K(5888K)->5769K(5888K) Class: 533K(640K)->533K(640K)
[18.850s][info][gc             ] GC(186) Pause Young (Allocation Failure) 2717M->2718M(2964M) 26.146ms
[18.850s][info][gc,cpu         ] GC(186) User=0.03s Sys=0.00s Real=0.03s
[18.867s][info][gc,start       ] GC(187) Pause Young (Allocation Failure)
[18.894s][info][gc,heap        ] GC(187) PSYoungGen: 30784K(31232K)->15456K(169472K) Eden: 15360K(15360K)->0K(17408K) From: 15424K(15872K)->15456K(152064K)
[18.894s][info][gc,heap        ] GC(187) ParOldGen: 2767816K(3004416K)->2783320K(3004416K)
[18.894s][info][gc,metaspace   ] GC(187) Metaspace: 6302K(6528K)->6302K(6528K) NonClass: 5769K(5888K)->5769K(5888K) Class: 533K(640K)->533K(640K)
[18.894s][info][gc             ] GC(187) Pause Young (Allocation Failure) 2733M->2733M(3099M) 27.415ms
[18.894s][info][gc,cpu         ] GC(187) User=0.02s Sys=0.00s Real=0.03s
[18.916s][info][gc,start       ] GC(188) Pause Young (Allocation Failure)
[18.943s][info][gc,heap        ] GC(188) PSYoungGen: 32864K(169472K)->17504K(35328K) Eden: 17408K(17408K)->0K(17408K) From: 15456K(152064K)->17504K(17920K)
[18.943s][info][gc,heap        ] GC(188) ParOldGen: 2783320K(3004416K)->2798824K(3004416K)
[18.943s][info][gc,metaspace   ] GC(188) Metaspace: 6302K(6528K)->6302K(6528K) NonClass: 5769K(5888K)->5769K(5888K) Class: 533K(640K)->533K(640K)
[18.943s][info][gc             ] GC(188) Pause Young (Allocation Failure) 2750M->2750M(2968M) 27.465ms
[18.943s][info][gc,cpu         ] GC(188) User=0.11s Sys=0.02s Real=0.03s
[18.964s][info][gc,start       ] GC(189) Pause Young (Allocation Failure)
[18.994s][info][gc,heap        ] GC(189) PSYoungGen: 34912K(35328K)->17568K(159232K) Eden: 17408K(17408K)->0K(19968K) From: 17504K(17920K)->17568K(139264K)
[18.994s][info][gc,heap        ] GC(189) ParOldGen: 2798824K(3004416K)->2816384K(3004416K)
[18.994s][info][gc,metaspace   ] GC(189) Metaspace: 6302K(6528K)->6302K(6528K) NonClass: 5769K(5888K)->5769K(5888K) Class: 533K(640K)->533K(640K)
[18.994s][info][gc             ] GC(189) Pause Young (Allocation Failure) 2767M->2767M(3089M) 29.518ms
[18.994s][info][gc,cpu         ] GC(189) User=0.12s Sys=0.00s Real=0.03s
[19.540s][info][gc,start       ] GC(190) Pause Young (Allocation Failure)
[19.638s][info][gc,heap        ] GC(190) PSYoungGen: 37536K(159232K)->20096K(40448K) Eden: 19968K(19968K)->0K(19968K) From: 17568K(139264K)->20096K(20480K)
[19.638s][info][gc,heap        ] GC(190) ParOldGen: 2947456K(3004416K)->2965032K(3004416K)
[19.638s][info][gc,metaspace   ] GC(190) Metaspace: 6302K(6528K)->6302K(6528K) NonClass: 5769K(5888K)->5769K(5888K) Class: 533K(640K)->533K(640K)
[19.638s][info][gc             ] GC(190) Pause Young (Allocation Failure) 2915M->2915M(2973M) 97.861ms
[19.638s][info][gc,cpu         ] GC(190) User=0.52s Sys=0.00s Real=0.10s
[19.638s][info][gc,start       ] GC(191) Pause Full (Ergonomics)
[19.638s][info][gc,phases,start] GC(191) Marking Phase
[20.299s][info][gc,phases      ] GC(191) Marking Phase 660.923ms
[20.299s][info][gc,phases,start] GC(191) Summary Phase
[20.299s][info][gc,phases      ] GC(191) Summary Phase 0.059ms
[20.299s][info][gc,phases,start] GC(191) Adjust Roots
[20.299s][info][gc,phases      ] GC(191) Adjust Roots 0.230ms
[20.299s][info][gc,phases,start] GC(191) Compaction Phase
[20.748s][info][gc,phases      ] GC(191) Compaction Phase 448.389ms
[20.748s][info][gc,phases,start] GC(191) Post Compact
[20.754s][info][gc,phases      ] GC(191) Post Compact 5.778ms
[20.754s][info][gc,heap        ] GC(191) PSYoungGen: 20096K(40448K)->0K(160768K) Eden: 0K(19968K)->0K(22016K) From: 20096K(20480K)->0K(138752K)
[20.754s][info][gc,heap        ] GC(191) ParOldGen: 2965032K(3004416K)->2918123K(3197952K)
[20.754s][info][gc,metaspace   ] GC(191) Metaspace: 6302K(6528K)->6302K(6528K) NonClass: 5769K(5888K)->5769K(5888K) Class: 533K(640K)->533K(640K)
[20.755s][info][gc             ] GC(191) Pause Full (Ergonomics) 2915M->2849M(3280M) 1116.542ms
[20.755s][info][gc,cpu         ] GC(191) User=7.84s Sys=0.02s Real=1.12s
[20.783s][info][gc,start       ] GC(192) Pause Young (Allocation Failure)
[20.818s][info][gc,heap        ] GC(192) PSYoungGen: 22016K(160768K)->22144K(44544K) Eden: 22016K(22016K)->0K(22016K) From: 0K(138752K)->22144K(22528K)
[20.818s][info][gc,heap        ] GC(192) ParOldGen: 2918123K(3197952K)->2918123K(3197952K)
[20.818s][info][gc,metaspace   ] GC(192) Metaspace: 6302K(6528K)->6302K(6528K) NonClass: 5769K(5888K)->5769K(5888K) Class: 533K(640K)->533K(640K)
[20.818s][info][gc             ] GC(192) Pause Young (Allocation Failure) 2871M->2871M(3166M) 35.226ms
[20.818s][info][gc,cpu         ] GC(192) User=0.08s Sys=0.00s Real=0.04s
[20.841s][info][gc,start       ] GC(193) Pause Young (Allocation Failure)
[20.886s][info][gc,heap        ] GC(193) PSYoungGen: 44160K(44544K)->44224K(142336K) Eden: 22016K(22016K)->0K(24576K) From: 22144K(22528K)->44224K(117760K)
[20.886s][info][gc,heap        ] GC(193) ParOldGen: 2918123K(3197952K)->2918123K(3197952K)
[20.886s][info][gc,metaspace   ] GC(193) Metaspace: 6302K(6528K)->6302K(6528K) NonClass: 5769K(5888K)->5769K(5888K) Class: 533K(640K)->533K(640K)
[20.886s][info][gc             ] GC(193) Pause Young (Allocation Failure) 2892M->2892M(3262M) 45.644ms
[20.886s][info][gc,cpu         ] GC(193) User=0.06s Sys=0.00s Real=0.05s
[20.913s][info][gc,start       ] GC(194) Pause Young (Allocation Failure)
[20.964s][info][gc,heap        ] GC(194) PSYoungGen: 68800K(142336K)->68736K(148992K) Eden: 24576K(24576K)->0K(24576K) From: 44224K(117760K)->68736K(124416K)
[20.964s][info][gc,heap        ] GC(194) ParOldGen: 2918123K(3197952K)->2918123K(3197952K)
[20.964s][info][gc,metaspace   ] GC(194) Metaspace: 6302K(6528K)->6302K(6528K) NonClass: 5769K(5888K)->5769K(5888K) Class: 533K(640K)->533K(640K)
[20.964s][info][gc             ] GC(194) Pause Young (Allocation Failure) 2916M->2916M(3268M) 51.885ms
[20.964s][info][gc,cpu         ] GC(194) User=0.17s Sys=0.00s Real=0.05s
[20.989s][info][gc,start       ] GC(195) Pause Young (Allocation Failure)
[21.048s][info][gc,heap        ] GC(195) PSYoungGen: 93312K(148992K)->93408K(143872K) Eden: 24576K(24576K)->0K(16384K) From: 68736K(124416K)->93408K(127488K)
[21.048s][info][gc,heap        ] GC(195) ParOldGen: 2918123K(3197952K)->2918123K(3197952K)
[21.048s][info][gc,metaspace   ] GC(195) Metaspace: 6302K(6528K)->6302K(6528K) NonClass: 5769K(5888K)->5769K(5888K) Class: 533K(640K)->533K(640K)
[21.048s][info][gc             ] GC(195) Pause Young (Allocation Failure) 2940M->2940M(3263M) 58.433ms
[21.048s][info][gc,cpu         ] GC(195) User=0.19s Sys=0.00s Real=0.06s
[21.063s][info][gc,start       ] GC(196) Pause Young (Allocation Failure)
[21.125s][info][gc,heap        ] GC(196) PSYoungGen: 109792K(143872K)->109792K(154624K) Eden: 16384K(16384K)->0K(16384K) From: 93408K(127488K)->109792K(138240K)
[21.125s][info][gc,heap        ] GC(196) ParOldGen: 2918123K(3197952K)->2918123K(3197952K)
[21.125s][info][gc,metaspace   ] GC(196) Metaspace: 6302K(6528K)->6302K(6528K) NonClass: 5769K(5888K)->5769K(5888K) Class: 533K(640K)->533K(640K)
[21.125s][info][gc             ] GC(196) Pause Young (Allocation Failure) 2956M->2956M(3274M) 62.145ms
[21.125s][info][gc,cpu         ] GC(196) User=0.20s Sys=0.00s Real=0.06s
[21.142s][info][gc,start       ] GC(197) Pause Young (Allocation Failure)
[21.208s][info][gc,heap        ] GC(197) PSYoungGen: 126176K(154624K)->82080K(170496K) Eden: 16384K(16384K)->0K(17920K) From: 109792K(138240K)->82080K(152576K)
[21.208s][info][gc,heap        ] GC(197) ParOldGen: 2918123K(3197952K)->2962531K(3197952K)
[21.208s][info][gc,metaspace   ] GC(197) Metaspace: 6302K(6528K)->6302K(6528K) NonClass: 5769K(5888K)->5769K(5888K) Class: 533K(640K)->533K(640K)
[21.208s][info][gc             ] GC(197) Pause Young (Allocation Failure) 2972M->2973M(3289M) 66.692ms
[21.208s][info][gc,cpu         ] GC(197) User=0.19s Sys=0.00s Real=0.07s
[21.226s][info][gc,start       ] GC(198) Pause Young (Allocation Failure)
[21.284s][info][gc,heap        ] GC(198) PSYoungGen: 100000K(170496K)->50816K(69120K) Eden: 17920K(17920K)->0K(17920K) From: 82080K(152576K)->50816K(51200K)
[21.284s][info][gc,heap        ] GC(198) ParOldGen: 2962531K(3197952K)->3012091K(3197952K)
[21.284s][info][gc,metaspace   ] GC(198) Metaspace: 6302K(6528K)->6302K(6528K) NonClass: 5769K(5888K)->5769K(5888K) Class: 533K(640K)->533K(640K)
[21.284s][info][gc             ] GC(198) Pause Young (Allocation Failure) 2990M->2991M(3190M) 58.393ms
[21.285s][info][gc,cpu         ] GC(198) User=0.17s Sys=0.00s Real=0.06s
[21.301s][info][gc,start       ] GC(199) Pause Young (Allocation Failure)
[21.352s][info][gc,heap        ] GC(199) PSYoungGen: 68736K(69120K)->35968K(153600K) Eden: 17920K(17920K)->0K(20480K) From: 50816K(51200K)->35968K(133120K)
[21.352s][info][gc,heap        ] GC(199) ParOldGen: 3012091K(3197952K)->3045115K(3197952K)
[21.352s][info][gc,metaspace   ] GC(199) Metaspace: 6302K(6528K)->6302K(6528K) NonClass: 5769K(5888K)->5769K(5888K) Class: 533K(640K)->533K(640K)
[21.352s][info][gc             ] GC(199) Pause Young (Allocation Failure) 3008M->3008M(3273M) 50.659ms
[21.352s][info][gc,cpu         ] GC(199) User=0.16s Sys=0.02s Real=0.05s
[21.371s][info][gc,start       ] GC(200) Pause Young (Allocation Failure)
[21.418s][info][gc,heap        ] GC(200) PSYoungGen: 56448K(153600K)->20608K(159232K) Eden: 20480K(20480K)->0K(20480K) From: 35968K(133120K)->20608K(138752K)
[21.418s][info][gc,heap        ] GC(200) ParOldGen: 3045115K(3197952K)->3081251K(3197952K)
[21.418s][info][gc,metaspace   ] GC(200) Metaspace: 6302K(6528K)->6302K(6528K) NonClass: 5769K(5888K)->5769K(5888K) Class: 533K(640K)->533K(640K)
[21.418s][info][gc             ] GC(200) Pause Young (Allocation Failure) 3028M->3029M(3278M) 46.673ms
[21.418s][info][gc,cpu         ] GC(200) User=0.05s Sys=0.00s Real=0.05s
[21.436s][info][gc,start       ] GC(201) Pause Young (Allocation Failure)
[21.477s][info][gc,heap        ] GC(201) PSYoungGen: 41088K(159232K)->20640K(152064K) Eden: 20480K(20480K)->0K(23552K) From: 20608K(138752K)->20640K(128512K)
[21.477s][info][gc,heap        ] GC(201) ParOldGen: 3081251K(3197952K)->3101923K(3197952K)
[21.477s][info][gc,metaspace   ] GC(201) Metaspace: 6302K(6528K)->6302K(6528K) NonClass: 5769K(5888K)->5769K(5888K) Class: 533K(640K)->533K(640K)
[21.477s][info][gc             ] GC(201) Pause Young (Allocation Failure) 3049M->3049M(3271M) 40.401ms
[21.477s][info][gc,cpu         ] GC(201) User=0.05s Sys=0.02s Real=0.04s
[21.500s][info][gc,start       ] GC(202) Pause Young (Allocation Failure)
[21.541s][info][gc,heap        ] GC(202) PSYoungGen: 44192K(152064K)->23712K(47616K) Eden: 23552K(23552K)->0K(23552K) From: 20640K(128512K)->23712K(24064K)
[21.541s][info][gc,heap        ] GC(202) ParOldGen: 3101923K(3197952K)->3122595K(3197952K)
[21.541s][info][gc,metaspace   ] GC(202) Metaspace: 6302K(6528K)->6302K(6528K) NonClass: 5769K(5888K)->5769K(5888K) Class: 533K(640K)->533K(640K)
[21.541s][info][gc             ] GC(202) Pause Young (Allocation Failure) 3072M->3072M(3169M) 41.052ms
[21.541s][info][gc,cpu         ] GC(202) User=0.06s Sys=0.00s Real=0.04s
[21.565s][info][gc,start       ] GC(203) Pause Young (Allocation Failure)
[21.611s][info][gc,heap        ] GC(203) PSYoungGen: 47264K(47616K)->23744K(145408K) Eden: 23552K(23552K)->0K(27136K) From: 23712K(24064K)->23744K(118272K)
[21.611s][info][gc,heap        ] GC(203) ParOldGen: 3122595K(3197952K)->3146355K(3197952K)
[21.611s][info][gc,metaspace   ] GC(203) Metaspace: 6302K(6528K)->6302K(6528K) NonClass: 5769K(5888K)->5769K(5888K) Class: 533K(640K)->533K(640K)
[21.611s][info][gc             ] GC(203) Pause Young (Allocation Failure) 3095M->3095M(3265M) 46.489ms
[21.611s][info][gc,cpu         ] GC(203) User=0.06s Sys=0.00s Real=0.05s
[21.611s][info][gc,start       ] GC(204) Pause Full (Ergonomics)
[21.611s][info][gc,phases,start] GC(204) Marking Phase
[22.319s][info][gc,phases      ] GC(204) Marking Phase 707.104ms
[22.319s][info][gc,phases,start] GC(204) Summary Phase
[22.319s][info][gc,phases      ] GC(204) Summary Phase 0.078ms
[22.319s][info][gc,phases,start] GC(204) Adjust Roots
[22.319s][info][gc,phases      ] GC(204) Adjust Roots 0.209ms
[22.319s][info][gc,phases,start] GC(204) Compaction Phase
[22.634s][info][gc,phases      ] GC(204) Compaction Phase 315.468ms
[22.635s][info][gc,phases,start] GC(204) Post Compact
[22.640s][info][gc,phases      ] GC(204) Post Compact 5.844ms
[22.641s][info][gc,heap        ] GC(204) PSYoungGen: 23744K(145408K)->0K(150016K) Eden: 0K(27136K)->0K(27136K) From: 23744K(118272K)->0K(122880K)
[22.641s][info][gc,heap        ] GC(204) ParOldGen: 3146355K(3197952K)->3167603K(3473920K)
[22.641s][info][gc,metaspace   ] GC(204) Metaspace: 6302K(6528K)->6302K(6528K) NonClass: 5769K(5888K)->5769K(5888K) Class: 533K(640K)->533K(640K)
[22.641s][info][gc             ] GC(204) Pause Full (Ergonomics) 3095M->3093M(3539M) 1030.071ms
[22.641s][info][gc,cpu         ] GC(204) User=7.52s Sys=0.00s Real=1.03s
[22.674s][info][gc,start       ] GC(205) Pause Young (Allocation Failure)
[22.716s][info][gc,heap        ] GC(205) PSYoungGen: 27136K(150016K)->27264K(141824K) Eden: 27136K(27136K)->0K(30208K) From: 0K(122880K)->27264K(111616K)
[22.716s][info][gc,heap        ] GC(205) ParOldGen: 3167603K(3473920K)->3167603K(3473920K)
[22.716s][info][gc,metaspace   ] GC(205) Metaspace: 6302K(6528K)->6302K(6528K) NonClass: 5769K(5888K)->5769K(5888K) Class: 533K(640K)->533K(640K)
[22.716s][info][gc             ] GC(205) Pause Young (Allocation Failure) 3119M->3119M(3531M) 42.734ms
[22.716s][info][gc,cpu         ] GC(205) User=0.08s Sys=0.00s Real=0.04s
[22.751s][info][gc,start       ] GC(206) Pause Young (Allocation Failure)
[22.806s][info][gc,heap        ] GC(206) PSYoungGen: 57472K(141824K)->30336K(60928K) Eden: 30208K(30208K)->0K(30208K) From: 27264K(111616K)->30336K(30720K)
[22.806s][info][gc,heap        ] GC(206) ParOldGen: 3167603K(3473920K)->3194987K(3473920K)
[22.806s][info][gc,metaspace   ] GC(206) Metaspace: 6302K(6528K)->6302K(6528K) NonClass: 5769K(5888K)->5769K(5888K) Class: 533K(640K)->533K(640K)
[22.806s][info][gc             ] GC(206) Pause Young (Allocation Failure) 3149M->3149M(3452M) 55.571ms
[22.806s][info][gc,cpu         ] GC(206) User=0.17s Sys=0.02s Real=0.06s
[22.840s][info][gc,start       ] GC(207) Pause Young (Allocation Failure)
[22.891s][info][gc,heap        ] GC(207) PSYoungGen: 60544K(60928K)->30368K(134144K) Eden: 30208K(30208K)->0K(33792K) From: 30336K(30720K)->30368K(100352K)
[22.891s][info][gc,heap        ] GC(207) ParOldGen: 3194987K(3473920K)->3225467K(3473920K)
[22.891s][info][gc,metaspace   ] GC(207) Metaspace: 6302K(6528K)->6302K(6528K) NonClass: 5769K(5888K)->5769K(5888K) Class: 533K(640K)->533K(640K)
[22.891s][info][gc             ] GC(207) Pause Young (Allocation Failure) 3179M->3179M(3523M) 51.323ms
[22.891s][info][gc,cpu         ] GC(207) User=0.12s Sys=0.02s Real=0.05s
[22.924s][info][gc,start       ] GC(208) Pause Young (Allocation Failure)
[22.973s][info][gc,heap        ] GC(208) PSYoungGen: 64160K(134144K)->33984K(68096K) Eden: 33792K(33792K)->0K(33792K) From: 30368K(100352K)->33984K(34304K)
[22.973s][info][gc,heap        ] GC(208) ParOldGen: 3225467K(3473920K)->3255947K(3473920K)
[22.973s][info][gc,metaspace   ] GC(208) Metaspace: 6302K(6528K)->6302K(6528K) NonClass: 5769K(5888K)->5769K(5888K) Class: 533K(640K)->533K(640K)
[22.973s][info][gc             ] GC(208) Pause Young (Allocation Failure) 3212M->3212M(3459M) 48.691ms
[22.973s][info][gc,cpu         ] GC(208) User=0.17s Sys=0.02s Real=0.05s
[23.008s][info][gc,start       ] GC(209) Pause Young (Allocation Failure)
[23.059s][info][gc,heap        ] GC(209) PSYoungGen: 67776K(68096K)->33984K(128000K) Eden: 33792K(33792K)->0K(37888K) From: 33984K(34304K)->33984K(90112K)
[23.059s][info][gc,heap        ] GC(209) ParOldGen: 3255947K(3473920K)->3290059K(3473920K)
[23.059s][info][gc,metaspace   ] GC(209) Metaspace: 6302K(6528K)->6302K(6528K) NonClass: 5769K(5888K)->5769K(5888K) Class: 533K(640K)->533K(640K)
[23.059s][info][gc             ] GC(209) Pause Young (Allocation Failure) 3245M->3246M(3517M) 50.748ms
[23.059s][info][gc,cpu         ] GC(209) User=0.14s Sys=0.02s Real=0.05s
[23.102s][info][gc,start       ] GC(210) Pause Young (Allocation Failure)
[23.159s][info][gc,heap        ] GC(210) PSYoungGen: 71872K(128000K)->38080K(76288K) Eden: 37888K(37888K)->0K(37888K) From: 33984K(90112K)->38080K(38400K)
[23.160s][info][gc,heap        ] GC(210) ParOldGen: 3290059K(3473920K)->3324179K(3473920K)
[23.160s][info][gc,metaspace   ] GC(210) Metaspace: 6302K(6528K)->6302K(6528K) NonClass: 5769K(5888K)->5769K(5888K) Class: 533K(640K)->533K(640K)
[23.160s][info][gc             ] GC(210) Pause Young (Allocation Failure) 3283M->3283M(3467M) 57.899ms
[23.160s][info][gc,cpu         ] GC(210) User=0.16s Sys=0.03s Real=0.06s
[23.202s][info][gc,start       ] GC(211) Pause Young (Allocation Failure)
[23.258s][info][gc,heap        ] GC(211) PSYoungGen: 75968K(76288K)->38048K(122368K) Eden: 37888K(37888K)->0K(42496K) From: 38080K(38400K)->38048K(79872K)
[23.258s][info][gc,heap        ] GC(211) ParOldGen: 3324179K(3473920K)->3362403K(3473920K)
[23.258s][info][gc,metaspace   ] GC(211) Metaspace: 6302K(6528K)->6302K(6528K) NonClass: 5769K(5888K)->5769K(5888K) Class: 533K(640K)->533K(640K)
[23.258s][info][gc             ] GC(211) Pause Young (Allocation Failure) 3320M->3320M(3512M) 55.387ms
[23.258s][info][gc,cpu         ] GC(211) User=0.28s Sys=0.02s Real=0.05s
[23.306s][info][gc,start       ] GC(212) Pause Young (Allocation Failure)
[23.362s][info][gc,heap        ] GC(212) PSYoungGen: 80544K(122368K)->42688K(126976K) Eden: 42496K(42496K)->0K(42496K) From: 38048K(79872K)->42688K(84480K)
[23.362s][info][gc,heap        ] GC(212) ParOldGen: 3362403K(3473920K)->3400627K(3473920K)
[23.362s][info][gc,metaspace   ] GC(212) Metaspace: 6302K(6528K)->6302K(6528K) NonClass: 5769K(5888K)->5769K(5888K) Class: 533K(640K)->533K(640K)
[23.362s][info][gc             ] GC(212) Pause Young (Allocation Failure) 3362M->3362M(3516M) 56.151ms
[23.362s][info][gc,cpu         ] GC(212) User=0.14s Sys=0.00s Real=0.06s
[23.405s][info][gc,start       ] GC(213) Pause Young (Allocation Failure)
[23.463s][info][gc,heap        ] GC(213) PSYoungGen: 85184K(126976K)->42688K(123904K) Eden: 42496K(42496K)->0K(47616K) From: 42688K(84480K)->42688K(76288K)
[23.463s][info][gc,heap        ] GC(213) ParOldGen: 3400627K(3473920K)->3443515K(3473920K)
[23.463s][info][gc,metaspace   ] GC(213) Metaspace: 6302K(6528K)->6302K(6528K) NonClass: 5769K(5888K)->5769K(5888K) Class: 533K(640K)->533K(640K)
[23.463s][info][gc             ] GC(213) Pause Young (Allocation Failure) 3404M->3404M(3513M) 57.815ms
[23.463s][info][gc,cpu         ] GC(213) User=0.16s Sys=0.00s Real=0.06s
[23.463s][info][gc,start       ] GC(214) Pause Full (Ergonomics)
[23.463s][info][gc,phases,start] GC(214) Marking Phase
[24.256s][info][gc,phases      ] GC(214) Marking Phase 792.878ms
[24.256s][info][gc,phases,start] GC(214) Summary Phase
[24.256s][info][gc,phases      ] GC(214) Summary Phase 0.050ms
[24.256s][info][gc,phases,start] GC(214) Adjust Roots
[24.256s][info][gc,phases      ] GC(214) Adjust Roots 0.188ms
[24.256s][info][gc,phases,start] GC(214) Compaction Phase
[24.985s][info][gc,phases      ] GC(214) Compaction Phase 729.343ms
[24.985s][info][gc,phases,start] GC(214) Post Compact
[24.992s][info][gc,phases      ] GC(214) Post Compact 6.339ms
[24.993s][info][gc,heap        ] GC(214) PSYoungGen: 42688K(123904K)->9764K(126464K) Eden: 0K(47616K)->0K(50176K) From: 42688K(76288K)->9764K(76288K)
[24.993s][info][gc,heap        ] GC(214) ParOldGen: 3443515K(3473920K)->3473452K(3815424K)
[24.993s][info][gc,metaspace   ] GC(214) Metaspace: 6302K(6528K)->6302K(6528K) NonClass: 5769K(5888K)->5769K(5888K) Class: 533K(640K)->533K(640K)
[24.993s][info][gc             ] GC(214) Pause Full (Ergonomics) 3404M->3401M(3849M) 1530.226ms
[24.993s][info][gc,cpu         ] GC(214) User=10.94s Sys=0.05s Real=1.53s
[25.040s][info][gc,start       ] GC(215) Pause Young (Allocation Failure)
[25.213s][info][gc,heap        ] GC(215) PSYoungGen: 59940K(126464K)->50336K(129024K) Eden: 50176K(50176K)->0K(50176K) From: 9764K(76288K)->50336K(78848K)
[25.213s][info][gc,heap        ] GC(215) ParOldGen: 3473452K(3815424K)->3483348K(3815424K)
[25.213s][info][gc,metaspace   ] GC(215) Metaspace: 6302K(6528K)->6302K(6528K) NonClass: 5769K(5888K)->5769K(5888K) Class: 533K(640K)->533K(640K)
[25.213s][info][gc             ] GC(215) Pause Young (Allocation Failure) 3450M->3450M(3852M) 172.571ms
[25.213s][info][gc,cpu         ] GC(215) User=1.08s Sys=0.00s Real=0.17s
[25.265s][info][gc,start       ] GC(216) Pause Young (Allocation Failure)
[25.324s][info][gc,heap        ] GC(216) PSYoungGen: 100512K(129024K)->78848K(115200K) Eden: 50176K(50176K)->0K(36352K) From: 50336K(78848K)->78848K(78848K)
[25.324s][info][gc,heap        ] GC(216) ParOldGen: 3483348K(3815424K)->3505204K(3815424K)
[25.324s][info][gc,metaspace   ] GC(216) Metaspace: 6302K(6528K)->6302K(6528K) NonClass: 5769K(5888K)->5769K(5888K) Class: 533K(640K)->533K(640K)
[25.324s][info][gc             ] GC(216) Pause Young (Allocation Failure) 3499M->3500M(3838M) 59.923ms
[25.324s][info][gc,cpu         ] GC(216) User=0.19s Sys=0.00s Real=0.06s
[25.364s][info][gc,start       ] GC(217) Pause Young (Allocation Failure)
[25.431s][info][gc,heap        ] GC(217) PSYoungGen: 115200K(115200K)->36576K(133632K) Eden: 36352K(36352K)->0K(36352K) From: 78848K(78848K)->36576K(97280K)
[25.431s][info][gc,heap        ] GC(217) ParOldGen: 3505204K(3815424K)->3584644K(3815424K)
[25.431s][info][gc,metaspace   ] GC(217) Metaspace: 6302K(6528K)->6302K(6528K) NonClass: 5769K(5888K)->5769K(5888K) Class: 533K(640K)->533K(640K)
[25.431s][info][gc             ] GC(217) Pause Young (Allocation Failure) 3535M->3536M(3856M) 67.193ms
[25.431s][info][gc,cpu         ] GC(217) User=0.28s Sys=0.09s Real=0.07s
[25.470s][info][gc,start       ] GC(218) Pause Young (Allocation Failure)
[25.526s][info][gc,heap        ] GC(218) PSYoungGen: 72928K(133632K)->72928K(129536K) Eden: 36352K(36352K)->0K(35328K) From: 36576K(97280K)->72928K(94208K)
[25.526s][info][gc,heap        ] GC(218) ParOldGen: 3584644K(3815424K)->3584644K(3815424K)
[25.526s][info][gc,metaspace   ] GC(218) Metaspace: 6302K(6528K)->6302K(6528K) NonClass: 5769K(5888K)->5769K(5888K) Class: 533K(640K)->533K(640K)
[25.526s][info][gc             ] GC(218) Pause Young (Allocation Failure) 3571M->3571M(3852M) 55.753ms
[25.526s][info][gc,cpu         ] GC(218) User=0.22s Sys=0.00s Real=0.06s
[25.563s][info][gc,start       ] GC(219) Pause Young (Allocation Failure)
[25.629s][info][gc,heap        ] GC(219) PSYoungGen: 108256K(129536K)->71872K(134656K) Eden: 35328K(35328K)->0K(35328K) From: 72928K(94208K)->71872K(99328K)
[25.629s][info][gc,heap        ] GC(219) ParOldGen: 3584644K(3815424K)->3621332K(3815424K)
[25.629s][info][gc,metaspace   ] GC(219) Metaspace: 6302K(6528K)->6302K(6528K) NonClass: 5769K(5888K)->5769K(5888K) Class: 533K(640K)->533K(640K)
[25.629s][info][gc             ] GC(219) Pause Young (Allocation Failure) 3606M->3606M(3857M) 66.354ms
[25.629s][info][gc,cpu         ] GC(219) User=0.27s Sys=0.02s Real=0.07s
[25.663s][info][gc,start       ] GC(220) Pause Young (Allocation Failure)
[25.728s][info][gc,heap        ] GC(220) PSYoungGen: 107200K(134656K)->70912K(139776K) Eden: 35328K(35328K)->0K(36864K) From: 71872K(99328K)->70912K(102912K)
[25.728s][info][gc,heap        ] GC(220) ParOldGen: 3621332K(3815424K)->3658028K(3815424K)
[25.728s][info][gc,metaspace   ] GC(220) Metaspace: 6302K(6528K)->6302K(6528K) NonClass: 5769K(5888K)->5769K(5888K) Class: 533K(640K)->533K(640K)
[25.728s][info][gc             ] GC(220) Pause Young (Allocation Failure) 3641M->3641M(3862M) 64.724ms
[25.728s][info][gc,cpu         ] GC(220) User=0.16s Sys=0.03s Real=0.07s
[25.763s][info][gc,start       ] GC(221) Pause Young (Allocation Failure)
[25.828s][info][gc,heap        ] GC(221) PSYoungGen: 107776K(139776K)->72416K(142336K) Eden: 36864K(36864K)->0K(36864K) From: 70912K(102912K)->72416K(105472K)
[25.828s][info][gc,heap        ] GC(221) ParOldGen: 3658028K(3815424K)->3693692K(3815424K)
[25.828s][info][gc,metaspace   ] GC(221) Metaspace: 6302K(6528K)->6302K(6528K) NonClass: 5769K(5888K)->5769K(5888K) Class: 533K(640K)->533K(640K)
[25.828s][info][gc             ] GC(221) Pause Young (Allocation Failure) 3677M->3677M(3865M) 64.763ms
[25.828s][info][gc,cpu         ] GC(221) User=0.27s Sys=0.02s Real=0.07s
[25.863s][info][gc,start       ] GC(222) Pause Young (Allocation Failure)
[25.931s][info][gc,heap        ] GC(222) PSYoungGen: 109280K(142336K)->73952K(146944K) Eden: 36864K(36864K)->0K(39424K) From: 72416K(105472K)->73952K(107520K)
[25.932s][info][gc,heap        ] GC(222) ParOldGen: 3693692K(3815424K)->3729348K(3815424K)
[25.932s][info][gc,metaspace   ] GC(222) Metaspace: 6302K(6528K)->6302K(6528K) NonClass: 5769K(5888K)->5769K(5888K) Class: 533K(640K)->533K(640K)
[25.932s][info][gc             ] GC(222) Pause Young (Allocation Failure) 3713M->3714M(3869M) 68.498ms
[25.932s][info][gc,cpu         ] GC(222) User=0.30s Sys=0.00s Real=0.07s
[25.972s][info][gc,start       ] GC(223) Pause Young (Allocation Failure)
[26.038s][info][gc,heap        ] GC(223) PSYoungGen: 113376K(146944K)->76512K(148992K) Eden: 39424K(39424K)->0K(39424K) From: 73952K(107520K)->76512K(109568K)
[26.038s][info][gc,heap        ] GC(223) ParOldGen: 3729348K(3815424K)->3766556K(3815424K)
[26.038s][info][gc,metaspace   ] GC(223) Metaspace: 6302K(6528K)->6302K(6528K) NonClass: 5769K(5888K)->5769K(5888K) Class: 533K(640K)->533K(640K)
[26.038s][info][gc             ] GC(223) Pause Young (Allocation Failure) 3752M->3752M(3871M) 65.262ms
[26.038s][info][gc,cpu         ] GC(223) User=0.19s Sys=0.02s Real=0.07s
[26.038s][info][gc,start       ] GC(224) Pause Full (Ergonomics)
[26.038s][info][gc,phases,start] GC(224) Marking Phase
[26.911s][info][gc,phases      ] GC(224) Marking Phase 872.774ms
[26.911s][info][gc,phases,start] GC(224) Summary Phase
[26.911s][info][gc,phases      ] GC(224) Summary Phase 0.067ms
[26.911s][info][gc,phases,start] GC(224) Adjust Roots
[26.911s][info][gc,phases      ] GC(224) Adjust Roots 0.173ms
[26.911s][info][gc,phases,start] GC(224) Compaction Phase
[27.278s][info][gc,phases      ] GC(224) Compaction Phase 366.844ms
[27.278s][info][gc,phases,start] GC(224) Post Compact
[27.285s][info][gc,phases      ] GC(224) Post Compact 7.255ms
[27.286s][info][gc,heap        ] GC(224) PSYoungGen: 76512K(148992K)->24644K(148992K) Eden: 0K(39424K)->0K(39424K) From: 76512K(109568K)->24644K(109568K)
[27.287s][info][gc,heap        ] GC(224) ParOldGen: 3766556K(3815424K)->3815156K(4192256K)
[27.287s][info][gc,metaspace   ] GC(224) Metaspace: 6302K(6528K)->6302K(6528K) NonClass: 5769K(5888K)->5769K(5888K) Class: 533K(640K)->533K(640K)
[27.287s][info][gc             ] GC(224) Pause Full (Ergonomics) 3752M->3749M(4239M) 1248.747ms
[27.287s][info][gc,cpu         ] GC(224) User=9.08s Sys=0.05s Real=1.25s
[27.332s][info][gc,start       ] GC(225) Pause Young (Allocation Failure)
[27.521s][info][gc,heap        ] GC(225) PSYoungGen: 64068K(148992K)->46976K(147968K) Eden: 39424K(39424K)->0K(43520K) From: 24644K(109568K)->46976K(104448K)
[27.521s][info][gc,heap        ] GC(225) ParOldGen: 3815156K(4192256K)->3832580K(4192256K)
[27.521s][info][gc,metaspace   ] GC(225) Metaspace: 6302K(6528K)->6302K(6528K) NonClass: 5769K(5888K)->5769K(5888K) Class: 533K(640K)->533K(640K)
[27.521s][info][gc             ] GC(225) Pause Young (Allocation Failure) 3788M->3788M(4238M) 188.983ms
[27.521s][info][gc,cpu         ] GC(225) User=1.19s Sys=0.03s Real=0.19s
[27.568s][info][gc,start       ] GC(226) Pause Young (Allocation Failure)
[27.629s][info][gc,heap        ] GC(226) PSYoungGen: 90496K(147968K)->90592K(152064K) Eden: 43520K(43520K)->0K(43520K) From: 46976K(104448K)->90592K(108544K)
[27.629s][info][gc,heap        ] GC(226) ParOldGen: 3832580K(4192256K)->3832580K(4192256K)
[27.629s][info][gc,metaspace   ] GC(226) Metaspace: 6302K(6528K)->6302K(6528K) NonClass: 5769K(5888K)->5769K(5888K) Class: 533K(640K)->533K(640K)
[27.629s][info][gc             ] GC(226) Pause Young (Allocation Failure) 3831M->3831M(4242M) 61.485ms
[27.630s][info][gc,cpu         ] GC(226) User=0.22s Sys=0.03s Real=0.06s
[27.675s][info][gc,start       ] GC(227) Pause Young (Allocation Failure)
[27.748s][info][gc,heap        ] GC(227) PSYoungGen: 134112K(152064K)->115712K(142336K) Eden: 43520K(43520K)->0K(26624K) From: 90592K(108544K)->115712K(115712K)
[27.748s][info][gc,heap        ] GC(227) ParOldGen: 3832580K(4192256K)->3851092K(4192256K)
[27.748s][info][gc,metaspace   ] GC(227) Metaspace: 6302K(6528K)->6302K(6528K) NonClass: 5769K(5888K)->5769K(5888K) Class: 533K(640K)->533K(640K)
[27.748s][info][gc             ] GC(227) Pause Young (Allocation Failure) 3873M->3873M(4233M) 73.027ms
[27.748s][info][gc,cpu         ] GC(227) User=0.44s Sys=0.03s Real=0.07s
[27.775s][info][gc,start       ] GC(228) Pause Young (Allocation Failure)
[27.848s][info][gc,heap        ] GC(228) PSYoungGen: 142336K(142336K)->96768K(163840K) Eden: 26624K(26624K)->0K(26624K) From: 115712K(115712K)->96768K(137216K)
[27.848s][info][gc,heap        ] GC(228) ParOldGen: 3851092K(4192256K)->3897188K(4192256K)
[27.848s][info][gc,metaspace   ] GC(228) Metaspace: 6302K(6528K)->6302K(6528K) NonClass: 5769K(5888K)->5769K(5888K) Class: 533K(640K)->533K(640K)
[27.848s][info][gc             ] GC(228) Pause Young (Allocation Failure) 3899M->3900M(4254M) 73.127ms
[27.848s][info][gc,cpu         ] GC(228) User=0.48s Sys=0.03s Real=0.07s
[27.876s][info][gc,start       ] GC(229) Pause Young (Allocation Failure)
[27.945s][info][gc,heap        ] GC(229) PSYoungGen: 123392K(163840K)->91456K(171008K) Eden: 26624K(26624K)->0K(29696K) From: 96768K(137216K)->91456K(141312K)
[27.945s][info][gc,heap        ] GC(229) ParOldGen: 3897188K(4192256K)->3929396K(4192256K)
[27.945s][info][gc,metaspace   ] GC(229) Metaspace: 6302K(6528K)->6302K(6528K) NonClass: 5769K(5888K)->5769K(5888K) Class: 533K(640K)->533K(640K)
[27.945s][info][gc             ] GC(229) Pause Young (Allocation Failure) 3926M->3926M(4261M) 69.317ms
[27.945s][info][gc,cpu         ] GC(229) User=0.42s Sys=0.02s Real=0.07s
[27.977s][info][gc,start       ] GC(230) Pause Young (Allocation Failure)
[28.046s][info][gc,heap        ] GC(230) PSYoungGen: 121152K(171008K)->83168K(171520K) Eden: 29696K(29696K)->0K(29696K) From: 91456K(141312K)->83168K(141824K)
[28.047s][info][gc,heap        ] GC(230) ParOldGen: 3929396K(4192256K)->3967700K(4192256K)
[28.047s][info][gc,metaspace   ] GC(230) Metaspace: 6302K(6528K)->6302K(6528K) NonClass: 5769K(5888K)->5769K(5888K) Class: 533K(640K)->533K(640K)
[28.047s][info][gc             ] GC(230) Pause Young (Allocation Failure) 3955M->3955M(4261M) 69.421ms
[28.047s][info][gc,cpu         ] GC(230) User=0.33s Sys=0.05s Real=0.07s
[28.081s][info][gc,start       ] GC(231) Pause Young (Allocation Failure)
[28.149s][info][gc,heap        ] GC(231) PSYoungGen: 112864K(171520K)->59584K(164352K) Eden: 29696K(29696K)->0K(33792K) From: 83168K(141824K)->59584K(130560K)
[28.149s][info][gc,heap        ] GC(231) ParOldGen: 3967700K(4192256K)->4021404K(4192256K)
[28.149s][info][gc,metaspace   ] GC(231) Metaspace: 6302K(6528K)->6302K(6528K) NonClass: 5769K(5888K)->5769K(5888K) Class: 533K(640K)->533K(640K)
[28.149s][info][gc             ] GC(231) Pause Young (Allocation Failure) 3984M->3985M(4254M) 68.100ms
[28.149s][info][gc,cpu         ] GC(231) User=0.36s Sys=0.06s Real=0.07s
[28.191s][info][gc,start       ] GC(232) Pause Young (Allocation Failure)
[28.256s][info][gc,heap        ] GC(232) PSYoungGen: 93376K(164352K)->33952K(168448K) Eden: 33792K(33792K)->0K(33792K) From: 59584K(130560K)->33952K(134656K)
[28.256s][info][gc,heap        ] GC(232) ParOldGen: 4021404K(4192256K)->4081300K(4192256K)
[28.256s][info][gc,metaspace   ] GC(232) Metaspace: 6302K(6528K)->6302K(6528K) NonClass: 5769K(5888K)->5769K(5888K) Class: 533K(640K)->533K(640K)
[28.256s][info][gc             ] GC(232) Pause Young (Allocation Failure) 4018M->4018M(4258M) 65.832ms
[28.256s][info][gc,cpu         ] GC(232) User=0.34s Sys=0.05s Real=0.07s
[28.296s][info][gc,start       ] GC(233) Pause Young (Allocation Failure)
[28.350s][info][gc,heap        ] GC(233) PSYoungGen: 67744K(168448K)->33984K(171520K) Eden: 33792K(33792K)->0K(38400K) From: 33952K(134656K)->33984K(133120K)
[28.351s][info][gc,heap        ] GC(233) ParOldGen: 4081300K(4192256K)->4115396K(4192256K)
[28.351s][info][gc,metaspace   ] GC(233) Metaspace: 6302K(6528K)->6302K(6528K) NonClass: 5769K(5888K)->5769K(5888K) Class: 533K(640K)->533K(640K)
[28.351s][info][gc             ] GC(233) Pause Young (Allocation Failure) 4051M->4052M(4261M) 54.697ms
[28.351s][info][gc,cpu         ] GC(233) User=0.17s Sys=0.02s Real=0.06s
[28.389s][info][gc,start       ] GC(234) Pause Young (Allocation Failure)
[28.445s][info][gc,heap        ] GC(234) PSYoungGen: 72384K(171520K)->38624K(172544K) Eden: 38400K(38400K)->0K(38400K) From: 33984K(133120K)->38624K(134144K)
[28.445s][info][gc,heap        ] GC(234) ParOldGen: 4115396K(4192256K)->4149500K(4192256K)
[28.445s][info][gc,metaspace   ] GC(234) Metaspace: 6302K(6528K)->6302K(6528K) NonClass: 5769K(5888K)->5769K(5888K) Class: 533K(640K)->533K(640K)
[28.445s][info][gc             ] GC(234) Pause Young (Allocation Failure) 4089M->4089M(4262M) 56.130ms
[28.445s][info][gc,cpu         ] GC(234) User=0.27s Sys=0.02s Real=0.06s
[28.445s][info][gc,start       ] GC(235) Pause Full (Ergonomics)
[28.445s][info][gc,phases,start] GC(235) Marking Phase
[29.402s][info][gc,phases      ] GC(235) Marking Phase 956.371ms
[29.402s][info][gc,phases,start] GC(235) Summary Phase
[29.402s][info][gc,phases      ] GC(235) Summary Phase 0.069ms
[29.402s][info][gc,phases,start] GC(235) Adjust Roots
[29.402s][info][gc,phases      ] GC(235) Adjust Roots 0.167ms
[29.402s][info][gc,phases,start] GC(235) Compaction Phase
[29.795s][info][gc,phases      ] GC(235) Compaction Phase 392.520ms
[29.795s][info][gc,phases,start] GC(235) Post Compact
[29.801s][info][gc,phases      ] GC(235) Post Compact 6.844ms
[29.803s][info][gc,heap        ] GC(235) PSYoungGen: 38624K(172544K)->0K(175616K) Eden: 0K(38400K)->0K(43520K) From: 38624K(134144K)->0K(132096K)
[29.803s][info][gc,heap        ] GC(235) ParOldGen: 4149500K(4192256K)->4184579K(4598272K)
[29.803s][info][gc,metaspace   ] GC(235) Metaspace: 6302K(6528K)->6302K(6528K) NonClass: 5769K(5888K)->5769K(5888K) Class: 533K(640K)->533K(640K)
[29.803s][info][gc             ] GC(235) Pause Full (Ergonomics) 4089M->4086M(4662M) 1357.520ms
[29.803s][info][gc,cpu         ] GC(235) User=10.08s Sys=0.02s Real=1.36s
[29.848s][info][gc,start       ] GC(236) Pause Young (Allocation Failure)
[29.893s][info][gc,heap        ] GC(236) PSYoungGen: 43520K(175616K)->43712K(175616K) Eden: 43520K(43520K)->0K(43520K) From: 0K(132096K)->43712K(132096K)
[29.893s][info][gc,heap        ] GC(236) ParOldGen: 4184579K(4598272K)->4184579K(4598272K)
[29.893s][info][gc,metaspace   ] GC(236) Metaspace: 6302K(6528K)->6302K(6528K) NonClass: 5769K(5888K)->5769K(5888K) Class: 533K(640K)->533K(640K)
[29.893s][info][gc             ] GC(236) Pause Young (Allocation Failure) 4129M->4129M(4662M) 45.246ms
[29.893s][info][gc,cpu         ] GC(236) User=0.05s Sys=0.00s Real=0.04s
[29.939s][info][gc,start       ] GC(237) Pause Young (Allocation Failure)
[29.997s][info][gc,heap        ] GC(237) PSYoungGen: 87232K(175616K)->87264K(172032K) Eden: 43520K(43520K)->0K(44032K) From: 43712K(132096K)->87264K(128000K)
[29.997s][info][gc,heap        ] GC(237) ParOldGen: 4184579K(4598272K)->4184579K(4598272K)
[29.997s][info][gc,metaspace   ] GC(237) Metaspace: 6302K(6528K)->6302K(6528K) NonClass: 5769K(5888K)->5769K(5888K) Class: 533K(640K)->533K(640K)
[29.997s][info][gc             ] GC(237) Pause Young (Allocation Failure) 4171M->4171M(4658M) 57.999ms
[29.997s][info][gc,cpu         ] GC(237) User=0.20s Sys=0.00s Real=0.06s
[30.051s][info][gc,start       ] GC(238) Pause Young (Allocation Failure)
[30.122s][info][gc,heap        ] GC(238) PSYoungGen: 131296K(172032K)->131424K(175616K) Eden: 44032K(44032K)->0K(44032K) From: 87264K(128000K)->131424K(131584K)
[30.122s][info][gc,heap        ] GC(238) ParOldGen: 4184579K(4598272K)->4184579K(4598272K)
[30.122s][info][gc,metaspace   ] GC(238) Metaspace: 6302K(6528K)->6302K(6528K) NonClass: 5769K(5888K)->5769K(5888K) Class: 533K(640K)->533K(640K)
[30.122s][info][gc             ] GC(238) Pause Young (Allocation Failure) 4214M->4214M(4662M) 70.980ms
[30.122s][info][gc,cpu         ] GC(238) User=0.30s Sys=0.00s Real=0.07s
[30.180s][info][gc,start       ] GC(239) Pause Young (Allocation Failure)
[30.267s][info][gc,heap        ] GC(239) PSYoungGen: 175456K(175616K)->131872K(184320K) Eden: 44032K(44032K)->0K(34304K) From: 131424K(131584K)->131872K(150016K)
[30.267s][info][gc,heap        ] GC(239) ParOldGen: 4184579K(4598272K)->4228475K(4598272K)
[30.267s][info][gc,metaspace   ] GC(239) Metaspace: 6302K(6528K)->6302K(6528K) NonClass: 5769K(5888K)->5769K(5888K) Class: 533K(640K)->533K(640K)
[30.267s][info][gc             ] GC(239) Pause Young (Allocation Failure) 4257M->4258M(4670M) 86.936ms
[30.267s][info][gc,cpu         ] GC(239) User=0.61s Sys=0.02s Real=0.09s
[30.302s][info][gc,start       ] GC(240) Pause Young (Allocation Failure)
[30.385s][info][gc,heap        ] GC(240) PSYoungGen: 166176K(184320K)->122656K(199168K) Eden: 34304K(34304K)->0K(34304K) From: 131872K(150016K)->122656K(164864K)
[30.385s][info][gc,heap        ] GC(240) ParOldGen: 4228475K(4598272K)->4272395K(4598272K)
[30.385s][info][gc,metaspace   ] GC(240) Metaspace: 6302K(6528K)->6302K(6528K) NonClass: 5769K(5888K)->5769K(5888K) Class: 533K(640K)->533K(640K)
[30.385s][info][gc             ] GC(240) Pause Young (Allocation Failure) 4291M->4292M(4685M) 82.731ms
[30.385s][info][gc,cpu         ] GC(240) User=0.52s Sys=0.00s Real=0.08s
[30.421s][info][gc,start       ] GC(241) Pause Young (Allocation Failure)
[30.500s][info][gc,heap        ] GC(241) PSYoungGen: 156960K(199168K)->112864K(209408K) Eden: 34304K(34304K)->0K(36352K) From: 122656K(164864K)->112864K(173056K)
[30.500s][info][gc,heap        ] GC(241) ParOldGen: 4272395K(4598272K)->4316827K(4598272K)
[30.500s][info][gc,metaspace   ] GC(241) Metaspace: 6302K(6528K)->6302K(6528K) NonClass: 5769K(5888K)->5769K(5888K) Class: 533K(640K)->533K(640K)
[30.500s][info][gc             ] GC(241) Pause Young (Allocation Failure) 4325M->4325M(4695M) 78.674ms
[30.500s][info][gc,cpu         ] GC(241) User=0.44s Sys=0.08s Real=0.08s
[30.535s][info][gc,start       ] GC(242) Pause Young (Allocation Failure)
[30.612s][info][gc,heap        ] GC(242) PSYoungGen: 149216K(209408K)->105184K(211968K) Eden: 36352K(36352K)->0K(36352K) From: 112864K(173056K)->105184K(175616K)
[30.612s][info][gc,heap        ] GC(242) ParOldGen: 4316827K(4598272K)->4361251K(4598272K)
[30.612s][info][gc,metaspace   ] GC(242) Metaspace: 6302K(6528K)->6302K(6528K) NonClass: 5769K(5888K)->5769K(5888K) Class: 533K(640K)->533K(640K)
[30.612s][info][gc             ] GC(242) Pause Young (Allocation Failure) 4361M->4361M(4697M) 76.259ms
[30.612s][info][gc,cpu         ] GC(242) User=0.47s Sys=0.03s Real=0.08s
[30.648s][info][gc,start       ] GC(243) Pause Young (Allocation Failure)
[30.721s][info][gc,heap        ] GC(243) PSYoungGen: 141536K(211968K)->72928K(203264K) Eden: 36352K(36352K)->0K(41472K) From: 105184K(175616K)->72928K(161792K)
[30.721s][info][gc,heap        ] GC(243) ParOldGen: 4361251K(4598272K)->4430459K(4598272K)
[30.721s][info][gc,metaspace   ] GC(243) Metaspace: 6302K(6528K)->6302K(6528K) NonClass: 5769K(5888K)->5769K(5888K) Class: 533K(640K)->533K(640K)
[30.721s][info][gc             ] GC(243) Pause Young (Allocation Failure) 4397M->4397M(4689M) 73.648ms
[30.721s][info][gc,cpu         ] GC(243) User=0.41s Sys=0.09s Real=0.07s
[30.769s][info][gc,start       ] GC(244) Pause Young (Allocation Failure)
[30.835s][info][gc,heap        ] GC(244) PSYoungGen: 114400K(203264K)->41664K(209408K) Eden: 41472K(41472K)->0K(41472K) From: 72928K(161792K)->41664K(167936K)
[30.836s][info][gc,heap        ] GC(244) ParOldGen: 4430459K(4598272K)->4503779K(4598272K)
[30.836s][info][gc,metaspace   ] GC(244) Metaspace: 6302K(6528K)->6302K(6528K) NonClass: 5769K(5888K)->5769K(5888K) Class: 533K(640K)->533K(640K)
[30.836s][info][gc             ] GC(244) Pause Young (Allocation Failure) 4438M->4438M(4695M) 66.786ms
[30.836s][info][gc,cpu         ] GC(244) User=0.23s Sys=0.05s Real=0.07s
[30.887s][info][gc,start       ] GC(245) Pause Young (Allocation Failure)
[30.948s][info][gc,heap        ] GC(245) PSYoungGen: 83136K(209408K)->41664K(209920K) Eden: 41472K(41472K)->0K(47104K) From: 41664K(167936K)->41664K(162816K)
[30.948s][info][gc,heap        ] GC(245) ParOldGen: 4503779K(4598272K)->4545619K(4598272K)
[30.948s][info][gc,metaspace   ] GC(245) Metaspace: 6302K(6528K)->6302K(6528K) NonClass: 5769K(5888K)->5769K(5888K) Class: 533K(640K)->533K(640K)
[30.948s][info][gc             ] GC(245) Pause Young (Allocation Failure) 4479M->4479M(4695M) 61.052ms
[30.948s][info][gc,cpu         ] GC(245) User=0.17s Sys=0.00s Real=0.06s
[30.948s][info][gc,start       ] GC(246) Pause Full (Ergonomics)
[30.948s][info][gc,phases,start] GC(246) Marking Phase
[31.980s][info][gc,phases      ] GC(246) Marking Phase 1032.631ms
[31.981s][info][gc,phases,start] GC(246) Summary Phase
[31.981s][info][gc,phases      ] GC(246) Summary Phase 0.081ms
[31.981s][info][gc,phases,start] GC(246) Adjust Roots
[31.981s][info][gc,phases      ] GC(246) Adjust Roots 0.170ms
[31.981s][info][gc,phases,start] GC(246) Compaction Phase
[32.383s][info][gc,phases      ] GC(246) Compaction Phase 402.082ms
[32.383s][info][gc,phases,start] GC(246) Post Compact
[32.390s][info][gc,phases      ] GC(246) Post Compact 6.752ms
[32.391s][info][gc,heap        ] GC(246) PSYoungGen: 41664K(209920K)->0K(211968K) Eden: 0K(47104K)->0K(47104K) From: 41664K(162816K)->0K(164864K)
[32.391s][info][gc,heap        ] GC(246) ParOldGen: 4545619K(4598272K)->4583621K(5053440K)
[32.391s][info][gc,metaspace   ] GC(246) Metaspace: 6302K(6528K)->6302K(6528K) NonClass: 5769K(5888K)->5769K(5888K) Class: 533K(640K)->533K(640K)
[32.391s][info][gc             ] GC(246) Pause Full (Ergonomics) 4479M->4476M(5142M) 1443.422ms
[32.391s][info][gc,cpu         ] GC(246) User=10.91s Sys=0.05s Real=1.44s
[32.443s][info][gc,start       ] GC(247) Pause Young (Allocation Failure)
[32.489s][info][gc,heap        ] GC(247) PSYoungGen: 47104K(211968K)->47296K(207872K) Eden: 47104K(47104K)->0K(51712K) From: 0K(164864K)->47296K(156160K)
[32.489s][info][gc,heap        ] GC(247) ParOldGen: 4583621K(5053440K)->4583621K(5053440K)
[32.489s][info][gc,metaspace   ] GC(247) Metaspace: 6302K(6528K)->6302K(6528K) NonClass: 5769K(5888K)->5769K(5888K) Class: 533K(640K)->533K(640K)
[32.489s][info][gc             ] GC(247) Pause Young (Allocation Failure) 4522M->4522M(5138M) 45.845ms
[32.489s][info][gc,cpu         ] GC(247) User=0.16s Sys=0.00s Real=0.05s
[32.547s][info][gc,start       ] GC(248) Pause Young (Allocation Failure)
[32.613s][info][gc,heap        ] GC(248) PSYoungGen: 99008K(207872K)->99136K(212992K) Eden: 51712K(51712K)->0K(51712K) From: 47296K(156160K)->99136K(161280K)
[32.613s][info][gc,heap        ] GC(248) ParOldGen: 4583621K(5053440K)->4583621K(5053440K)
[32.613s][info][gc,metaspace   ] GC(248) Metaspace: 6302K(6528K)->6302K(6528K) NonClass: 5769K(5888K)->5769K(5888K) Class: 533K(640K)->533K(640K)
[32.613s][info][gc             ] GC(248) Pause Young (Allocation Failure) 4572M->4573M(5143M) 65.167ms
[32.613s][info][gc,cpu         ] GC(248) User=0.41s Sys=0.00s Real=0.07s
[32.671s][info][gc,start       ] GC(249) Pause Young (Allocation Failure)
[32.750s][info][gc,heap        ] GC(249) PSYoungGen: 150848K(212992K)->150912K(199680K) Eden: 51712K(51712K)->0K(37888K) From: 99136K(161280K)->150912K(161792K)
[32.750s][info][gc,heap        ] GC(249) ParOldGen: 4583621K(5053440K)->4583621K(5053440K)
[32.750s][info][gc,metaspace   ] GC(249) Metaspace: 6302K(6528K)->6302K(6528K) NonClass: 5769K(5888K)->5769K(5888K) Class: 533K(640K)->533K(640K)
[32.750s][info][gc             ] GC(249) Pause Young (Allocation Failure) 4623M->4623M(5130M) 79.051ms
[32.750s][info][gc,cpu         ] GC(249) User=0.50s Sys=0.02s Real=0.08s
[32.794s][info][gc,start       ] GC(250) Pause Young (Allocation Failure)
[32.885s][info][gc,heap        ] GC(250) PSYoungGen: 188800K(199680K)->180736K(218624K) Eden: 37888K(37888K)->0K(37888K) From: 150912K(161792K)->180736K(180736K)
[32.885s][info][gc,heap        ] GC(250) ParOldGen: 4583621K(5053440K)->4591661K(5053440K)
[32.885s][info][gc,metaspace   ] GC(250) Metaspace: 6302K(6528K)->6302K(6528K) NonClass: 5769K(5888K)->5769K(5888K) Class: 533K(640K)->533K(640K)
[32.885s][info][gc             ] GC(250) Pause Young (Allocation Failure) 4660M->4660M(5148M) 91.028ms
[32.885s][info][gc,cpu         ] GC(250) User=0.64s Sys=0.00s Real=0.09s
[32.931s][info][gc,start       ] GC(251) Pause Young (Allocation Failure)
[33.044s][info][gc,heap        ] GC(251) PSYoungGen: 218624K(218624K)->122080K(250368K) Eden: 37888K(37888K)->0K(42496K) From: 180736K(180736K)->122080K(207872K)
[33.044s][info][gc,heap        ] GC(251) ParOldGen: 4591661K(5053440K)->4689101K(5053440K)
[33.044s][info][gc,metaspace   ] GC(251) Metaspace: 6302K(6528K)->6302K(6528K) NonClass: 5769K(5888K)->5769K(5888K) Class: 533K(640K)->533K(640K)
[33.044s][info][gc             ] GC(251) Pause Young (Allocation Failure) 4697M->4698M(5179M) 112.550ms
[33.044s][info][gc,cpu         ] GC(251) User=0.70s Sys=0.03s Real=0.11s
[33.090s][info][gc,start       ] GC(252) Pause Young (Allocation Failure)
[33.175s][info][gc,heap        ] GC(252) PSYoungGen: 164576K(250368K)->117696K(251392K) Eden: 42496K(42496K)->0K(42496K) From: 122080K(207872K)->117696K(208896K)
[33.175s][info][gc,heap        ] GC(252) ParOldGen: 4689101K(5053440K)->4736357K(5053440K)
[33.175s][info][gc,metaspace   ] GC(252) Metaspace: 6302K(6528K)->6302K(6528K) NonClass: 5769K(5888K)->5769K(5888K) Class: 533K(640K)->533K(640K)
[33.175s][info][gc             ] GC(252) Pause Young (Allocation Failure) 4739M->4740M(5180M) 84.772ms
[33.175s][info][gc,cpu         ] GC(252) User=0.55s Sys=0.08s Real=0.09s
[33.219s][info][gc,start       ] GC(253) Pause Young (Allocation Failure)
[33.300s][info][gc,heap        ] GC(253) PSYoungGen: 160192K(251392K)->123168K(250368K) Eden: 42496K(42496K)->0K(48128K) From: 117696K(208896K)->123168K(202240K)
[33.301s][info][gc,heap        ] GC(253) ParOldGen: 4736357K(5053440K)->4773725K(5053440K)
[33.301s][info][gc,metaspace   ] GC(253) Metaspace: 6302K(6528K)->6302K(6528K) NonClass: 5769K(5888K)->5769K(5888K) Class: 533K(640K)->533K(640K)
[33.301s][info][gc             ] GC(253) Pause Young (Allocation Failure) 4781M->4782M(5179M) 81.595ms
[33.301s][info][gc,cpu         ] GC(253) User=0.48s Sys=0.02s Real=0.08s
[33.350s][info][gc,start       ] GC(254) Pause Young (Allocation Failure)
[33.437s][info][gc,heap        ] GC(254) PSYoungGen: 171296K(250368K)->133440K(251904K) Eden: 48128K(48128K)->0K(48128K) From: 123168K(202240K)->133440K(203776K)
[33.438s][info][gc,heap        ] GC(254) ParOldGen: 4773725K(5053440K)->4811957K(5053440K)
[33.438s][info][gc,metaspace   ] GC(254) Metaspace: 6302K(6528K)->6302K(6528K) NonClass: 5769K(5888K)->5769K(5888K) Class: 533K(640K)->533K(640K)
[33.438s][info][gc             ] GC(254) Pause Young (Allocation Failure) 4829M->4829M(5181M) 87.730ms
[33.438s][info][gc,cpu         ] GC(254) User=0.59s Sys=0.02s Real=0.09s
[33.490s][info][gc,start       ] GC(255) Pause Young (Allocation Failure)
[33.583s][info][gc,heap        ] GC(255) PSYoungGen: 181568K(251904K)->96544K(242176K) Eden: 48128K(48128K)->0K(54272K) From: 133440K(203776K)->96544K(187904K)
[33.583s][info][gc,heap        ] GC(255) ParOldGen: 4811957K(5053440K)->4897685K(5053440K)
[33.583s][info][gc,metaspace   ] GC(255) Metaspace: 6302K(6528K)->6302K(6528K) NonClass: 5769K(5888K)->5769K(5888K) Class: 533K(640K)->533K(640K)
[33.583s][info][gc             ] GC(255) Pause Young (Allocation Failure) 4876M->4877M(5171M) 93.720ms
[33.583s][info][gc,cpu         ] GC(255) User=0.58s Sys=0.03s Real=0.09s
[33.647s][info][gc,start       ] GC(256) Pause Young (Allocation Failure)
[33.732s][info][gc,heap        ] GC(256) PSYoungGen: 150816K(242176K)->54464K(250880K) Eden: 54272K(54272K)->0K(54272K) From: 96544K(187904K)->54464K(196608K)
[33.733s][info][gc,heap        ] GC(256) ParOldGen: 4897685K(5053440K)->4994765K(5053440K)
[33.733s][info][gc,metaspace   ] GC(256) Metaspace: 6302K(6528K)->6302K(6528K) NonClass: 5769K(5888K)->5769K(5888K) Class: 533K(640K)->533K(640K)
[33.733s][info][gc             ] GC(256) Pause Young (Allocation Failure) 4930M->4930M(5180M) 85.336ms
[33.733s][info][gc,cpu         ] GC(256) User=0.50s Sys=0.03s Real=0.09s
[33.733s][info][gc,start       ] GC(257) Pause Full (Ergonomics)
[33.733s][info][gc,phases,start] GC(257) Marking Phase
[34.901s][info][gc,phases      ] GC(257) Marking Phase 1167.957ms
[34.901s][info][gc,phases,start] GC(257) Summary Phase
[34.901s][info][gc,phases      ] GC(257) Summary Phase 0.087ms
[34.901s][info][gc,phases,start] GC(257) Adjust Roots
[34.901s][info][gc,phases      ] GC(257) Adjust Roots 0.165ms
[34.901s][info][gc,phases,start] GC(257) Compaction Phase
[35.329s][info][gc,phases      ] GC(257) Compaction Phase 428.218ms
[35.329s][info][gc,phases,start] GC(257) Post Compact
[35.337s][info][gc,phases      ] GC(257) Post Compact 7.564ms
[35.339s][info][gc,heap        ] GC(257) PSYoungGen: 54464K(250880K)->0K(257024K) Eden: 0K(54272K)->0K(61440K) From: 54464K(196608K)->0K(195584K)
[35.339s][info][gc,heap        ] GC(257) ParOldGen: 4994765K(5053440K)->5045142K(5586944K)
[35.339s][info][gc,metaspace   ] GC(257) Metaspace: 6302K(6528K)->6302K(6528K) NonClass: 5769K(5888K)->5769K(5888K) Class: 533K(640K)->533K(640K)
[35.339s][info][gc             ] GC(257) Pause Full (Ergonomics) 4930M->4926M(5707M) 1605.925ms
[35.339s][info][gc,cpu         ] GC(257) User=12.41s Sys=0.02s Real=1.61s
[35.411s][info][gc,start       ] GC(258) Pause Young (Allocation Failure)
[35.465s][info][gc,heap        ] GC(258) PSYoungGen: 61440K(257024K)->61632K(257024K) Eden: 61440K(61440K)->0K(61440K) From: 0K(195584K)->61632K(195584K)
[35.466s][info][gc,heap        ] GC(258) ParOldGen: 5045142K(5586944K)->5045142K(5586944K)
[35.466s][info][gc,metaspace   ] GC(258) Metaspace: 6302K(6528K)->6302K(6528K) NonClass: 5769K(5888K)->5769K(5888K) Class: 533K(640K)->533K(640K)
[35.466s][info][gc             ] GC(258) Pause Young (Allocation Failure) 4986M->4987M(5707M) 54.603ms
[35.466s][info][gc,cpu         ] GC(258) User=0.16s Sys=0.00s Real=0.05s
[35.533s][info][gc,start       ] GC(259) Pause Young (Allocation Failure)
[35.605s][info][gc,heap        ] GC(259) PSYoungGen: 123072K(257024K)->123200K(259584K) Eden: 61440K(61440K)->0K(67072K) From: 61632K(195584K)->123200K(192512K)
[35.605s][info][gc,heap        ] GC(259) ParOldGen: 5045142K(5586944K)->5045142K(5586944K)
[35.605s][info][gc,metaspace   ] GC(259) Metaspace: 6302K(6528K)->6302K(6528K) NonClass: 5769K(5888K)->5769K(5888K) Class: 533K(640K)->533K(640K)
[35.605s][info][gc             ] GC(259) Pause Young (Allocation Failure) 5047M->5047M(5709M) 71.499ms
[35.605s][info][gc,cpu         ] GC(259) User=0.48s Sys=0.00s Real=0.07s
[35.682s][info][gc,start       ] GC(260) Pause Young (Allocation Failure)
[35.777s][info][gc,heap        ] GC(260) PSYoungGen: 190272K(259584K)->190368K(260096K) Eden: 67072K(67072K)->0K(67072K) From: 123200K(192512K)->190368K(193024K)
[35.777s][info][gc,heap        ] GC(260) ParOldGen: 5045142K(5586944K)->5045142K(5586944K)
[35.777s][info][gc,metaspace   ] GC(260) Metaspace: 6302K(6528K)->6302K(6528K) NonClass: 5769K(5888K)->5769K(5888K) Class: 533K(640K)->533K(640K)
[35.777s][info][gc             ] GC(260) Pause Young (Allocation Failure) 5112M->5112M(5710M) 95.205ms
[35.777s][info][gc,cpu         ] GC(260) User=0.59s Sys=0.00s Real=0.10s
[35.852s][info][gc,start       ] GC(261) Pause Young (Allocation Failure)
[35.992s][info][gc,heap        ] GC(261) PSYoungGen: 257440K(260096K)->217600K(246784K) Eden: 67072K(67072K)->0K(29184K) From: 190368K(193024K)->217600K(217600K)
[35.992s][info][gc,heap        ] GC(261) ParOldGen: 5045142K(5586944K)->5085318K(5586944K)
[35.992s][info][gc,metaspace   ] GC(261) Metaspace: 6302K(6528K)->6302K(6528K) NonClass: 5769K(5888K)->5769K(5888K) Class: 533K(640K)->533K(640K)
[35.992s][info][gc             ] GC(261) Pause Young (Allocation Failure) 5178M->5178M(5697M) 139.950ms
[35.992s][info][gc,cpu         ] GC(261) User=0.83s Sys=0.17s Real=0.14s
[36.026s][info][gc,start       ] GC(262) Pause Young (Allocation Failure)
[36.153s][info][gc,heap        ] GC(262) PSYoungGen: 246784K(246784K)->142176K(171520K) Eden: 29184K(29184K)->0K(29184K) From: 217600K(217600K)->142176K(142336K)
[36.153s][info][gc,heap        ] GC(262) ParOldGen: 5085318K(5586944K)->5190830K(5586944K)
[36.153s][info][gc,metaspace   ] GC(262) Metaspace: 6302K(6528K)->6302K(6528K) NonClass: 5769K(5888K)->5769K(5888K) Class: 533K(640K)->533K(640K)
[36.153s][info][gc             ] GC(262) Pause Young (Allocation Failure) 5207M->5208M(5623M) 126.477ms
[36.153s][info][gc,cpu         ] GC(262) User=0.81s Sys=0.08s Real=0.13s
[36.188s][info][gc,start       ] GC(263) Pause Young (Allocation Failure)
[36.278s][info][gc,heap        ] GC(263) PSYoungGen: 171360K(171520K)->116800K(264704K) Eden: 29184K(29184K)->0K(33280K) From: 142176K(142336K)->116800K(231424K)
[36.278s][info][gc,heap        ] GC(263) ParOldGen: 5190830K(5586944K)->5245822K(5586944K)
[36.278s][info][gc,metaspace   ] GC(263) Metaspace: 6302K(6528K)->6302K(6528K) NonClass: 5769K(5888K)->5769K(5888K) Class: 533K(640K)->533K(640K)
[36.278s][info][gc             ] GC(263) Pause Young (Allocation Failure) 5236M->5236M(5714M) 89.766ms
[36.278s][info][gc,cpu         ] GC(263) User=0.72s Sys=0.03s Real=0.09s
[36.315s][info][gc,start       ] GC(264) Pause Young (Allocation Failure)
[36.396s][info][gc,heap        ] GC(264) PSYoungGen: 150080K(264704K)->62656K(276992K) Eden: 33280K(33280K)->0K(33280K) From: 116800K(231424K)->62656K(243712K)
[36.397s][info][gc,heap        ] GC(264) ParOldGen: 5245822K(5586944K)->5333950K(5586944K)
[36.397s][info][gc,metaspace   ] GC(264) Metaspace: 6302K(6528K)->6302K(6528K) NonClass: 5769K(5888K)->5769K(5888K) Class: 533K(640K)->533K(640K)
[36.397s][info][gc             ] GC(264) Pause Young (Allocation Failure) 5269M->5270M(5726M) 81.585ms
[36.397s][info][gc,cpu         ] GC(264) User=0.59s Sys=0.05s Real=0.08s
[36.434s][info][gc,start       ] GC(265) Pause Young (Allocation Failure)
[36.498s][info][gc,heap        ] GC(265) PSYoungGen: 95936K(276992K)->33440K(278016K) Eden: 33280K(33280K)->0K(35840K) From: 62656K(243712K)->33440K(242176K)
[36.498s][info][gc,heap        ] GC(265) ParOldGen: 5333950K(5586944K)->5396942K(5586944K)
[36.498s][info][gc,metaspace   ] GC(265) Metaspace: 6302K(6528K)->6302K(6528K) NonClass: 5769K(5888K)->5769K(5888K) Class: 533K(640K)->533K(640K)
[36.498s][info][gc             ] GC(265) Pause Young (Allocation Failure) 5302M->5303M(5727M) 64.675ms
[36.498s][info][gc,cpu         ] GC(265) User=0.36s Sys=0.02s Real=0.07s
[36.544s][info][gc,start       ] GC(266) Pause Young (Allocation Failure)
[36.599s][info][gc,heap        ] GC(266) PSYoungGen: 69280K(278016K)->36000K(280064K) Eden: 35840K(35840K)->0K(35840K) From: 33440K(242176K)->36000K(244224K)
[36.599s][info][gc,heap        ] GC(266) ParOldGen: 5396942K(5586944K)->5430518K(5586944K)
[36.599s][info][gc,metaspace   ] GC(266) Metaspace: 6302K(6528K)->6302K(6528K) NonClass: 5769K(5888K)->5769K(5888K) Class: 533K(640K)->533K(640K)
[36.599s][info][gc             ] GC(266) Pause Young (Allocation Failure) 5338M->5338M(5729M) 55.491ms
[36.599s][info][gc,cpu         ] GC(266) User=0.19s Sys=0.02s Real=0.06s
[36.642s][info][gc,start       ] GC(267) Pause Young (Allocation Failure)
[36.700s][info][gc,heap        ] GC(267) PSYoungGen: 71840K(280064K)->36000K(277504K) Eden: 35840K(35840K)->0K(40448K) From: 36000K(244224K)->36000K(237056K)
[36.700s][info][gc,heap        ] GC(267) ParOldGen: 5430518K(5586944K)->5466686K(5586944K)
[36.700s][info][gc,metaspace   ] GC(267) Metaspace: 6302K(6528K)->6302K(6528K) NonClass: 5769K(5888K)->5769K(5888K) Class: 533K(640K)->533K(640K)
[36.700s][info][gc             ] GC(267) Pause Young (Allocation Failure) 5373M->5373M(5727M) 58.520ms
[36.700s][info][gc,cpu         ] GC(267) User=0.20s Sys=0.02s Real=0.06s
[36.747s][info][gc,start       ] GC(268) Pause Young (Allocation Failure)
[36.806s][info][gc,heap        ] GC(268) PSYoungGen: 76448K(277504K)->40640K(280576K) Eden: 40448K(40448K)->0K(40448K) From: 36000K(237056K)->40640K(240128K)
[36.806s][info][gc,heap        ] GC(268) ParOldGen: 5466686K(5586944K)->5502854K(5586944K)
[36.806s][info][gc,metaspace   ] GC(268) Metaspace: 6302K(6528K)->6302K(6528K) NonClass: 5769K(5888K)->5769K(5888K) Class: 533K(640K)->533K(640K)
[36.806s][info][gc             ] GC(268) Pause Young (Allocation Failure) 5413M->5413M(5730M) 58.427ms
[36.806s][info][gc,cpu         ] GC(268) User=0.27s Sys=0.00s Real=0.06s
[36.806s][info][gc,start       ] GC(269) Pause Full (Ergonomics)
[36.806s][info][gc,phases,start] GC(269) Marking Phase
[38.069s][info][gc,phases      ] GC(269) Marking Phase 1262.855ms
[38.069s][info][gc,phases,start] GC(269) Summary Phase
[38.069s][info][gc,phases      ] GC(269) Summary Phase 0.093ms
[38.069s][info][gc,phases,start] GC(269) Adjust Roots
[38.069s][info][gc,phases      ] GC(269) Adjust Roots 0.167ms
[38.069s][info][gc,phases,start] GC(269) Compaction Phase
[38.546s][info][gc,phases      ] GC(269) Compaction Phase 477.171ms
[38.546s][info][gc,phases,start] GC(269) Post Compact
[38.554s][info][gc,phases      ] GC(269) Post Compact 8.103ms
[38.555s][info][gc,heap        ] GC(269) PSYoungGen: 40640K(280576K)->0K(280576K) Eden: 0K(40448K)->0K(45568K) From: 40640K(240128K)->0K(235008K)
[38.555s][info][gc,heap        ] GC(269) ParOldGen: 5502854K(5586944K)->5538882K(5734400K)
[38.555s][info][gc,metaspace   ] GC(269) Metaspace: 6302K(6528K)->6302K(6528K) NonClass: 5769K(5888K)->5769K(5888K) Class: 533K(640K)->533K(640K)
[38.555s][info][gc             ] GC(269) Pause Full (Ergonomics) 5413M->5409M(5874M) 1749.148ms
[38.555s][info][gc,cpu         ] GC(269) User=13.28s Sys=0.06s Real=1.75s
[38.605s][info][gc,start       ] GC(270) Pause Young (Allocation Failure)
[38.652s][info][gc,heap        ] GC(270) PSYoungGen: 45568K(280576K)->45760K(91648K) Eden: 45568K(45568K)->0K(45568K) From: 0K(235008K)->45760K(46080K)
[38.652s][info][gc,heap        ] GC(270) ParOldGen: 5538882K(5734400K)->5538882K(5734400K)
[38.652s][info][gc,metaspace   ] GC(270) Metaspace: 6302K(6528K)->6302K(6528K) NonClass: 5769K(5888K)->5769K(5888K) Class: 533K(640K)->533K(640K)
[38.652s][info][gc             ] GC(270) Pause Young (Allocation Failure) 5453M->5453M(5689M) 47.096ms
[38.652s][info][gc,cpu         ] GC(270) User=0.16s Sys=0.00s Real=0.05s
[38.702s][info][gc,start       ] GC(271) Pause Young (Allocation Failure)
[38.766s][info][gc,heap        ] GC(271) PSYoungGen: 91328K(91648K)->91360K(254464K) Eden: 45568K(45568K)->0K(50176K) From: 45760K(46080K)->91360K(204288K)
[38.766s][info][gc,heap        ] GC(271) ParOldGen: 5538882K(5734400K)->5538882K(5734400K)
[38.766s][info][gc,metaspace   ] GC(271) Metaspace: 6302K(6528K)->6302K(6528K) NonClass: 5769K(5888K)->5769K(5888K) Class: 533K(640K)->533K(640K)
[38.766s][info][gc             ] GC(271) Pause Young (Allocation Failure) 5498M->5498M(5848M) 63.812ms
[38.766s][info][gc,cpu         ] GC(271) User=0.19s Sys=0.00s Real=0.06s
[38.828s][info][gc,start       ] GC(272) Pause Young (Allocation Failure)
[38.908s][info][gc,heap        ] GC(272) PSYoungGen: 141536K(254464K)->141664K(266240K) Eden: 50176K(50176K)->0K(50176K) From: 91360K(204288K)->141664K(216064K)
[38.908s][info][gc,heap        ] GC(272) ParOldGen: 5538882K(5734400K)->5538882K(5734400K)
[38.908s][info][gc,metaspace   ] GC(272) Metaspace: 6302K(6528K)->6302K(6528K) NonClass: 5769K(5888K)->5769K(5888K) Class: 533K(640K)->533K(640K)
[38.908s][info][gc             ] GC(272) Pause Young (Allocation Failure) 5547M->5547M(5860M) 80.527ms
[38.908s][info][gc,cpu         ] GC(272) User=0.42s Sys=0.00s Real=0.08s
[38.974s][info][gc,start       ] GC(273) Pause Young (Allocation Failure)
[39.073s][info][gc,heap        ] GC(273) PSYoungGen: 191840K(266240K)->191904K(255488K) Eden: 50176K(50176K)->0K(31744K) From: 141664K(216064K)->191904K(223744K)
[39.073s][info][gc,heap        ] GC(273) ParOldGen: 5538882K(5734400K)->5538882K(5734400K)
[39.073s][info][gc,metaspace   ] GC(273) Metaspace: 6302K(6528K)->6302K(6528K) NonClass: 5769K(5888K)->5769K(5888K) Class: 533K(640K)->533K(640K)
[39.073s][info][gc             ] GC(273) Pause Young (Allocation Failure) 5596M->5596M(5849M) 99.106ms
[39.073s][info][gc,cpu         ] GC(273) User=0.66s Sys=0.00s Real=0.10s
[39.101s][info][gc,start       ] GC(274) Pause Young (Allocation Failure)
[39.217s][info][gc,heap        ] GC(274) PSYoungGen: 217287K(255488K)->171328K(279040K) Eden: 25383K(31744K)->0K(31744K) From: 191904K(223744K)->171328K(247296K)
[39.217s][info][gc,heap        ] GC(274) ParOldGen: 5538882K(5734400K)->5584866K(5734400K)
[39.217s][info][gc,metaspace   ] GC(274) Metaspace: 6302K(6528K)->6302K(6528K) NonClass: 5769K(5888K)->5769K(5888K) Class: 533K(640K)->533K(640K)
[39.217s][info][gc             ] GC(274) Pause Young (Allocation Failure) 5621M->5621M(5872M) 116.028ms
[39.217s][info][gc,cpu         ] GC(274) User=0.77s Sys=0.02s Real=0.12s
[39.217s][info][gc,start       ] GC(275) Pause Young (Allocation Failure)
[39.306s][info][gc,heap        ] GC(275) PSYoungGen: 171328K(279040K)->125664K(280064K) Eden: 0K(31744K)->0K(36864K) From: 171328K(247296K)->125664K(243200K)
[39.306s][info][gc,heap        ] GC(275) ParOldGen: 5584866K(5734400K)->5630834K(5734400K)
[39.306s][info][gc,metaspace   ] GC(275) Metaspace: 6302K(6528K)->6302K(6528K) NonClass: 5769K(5888K)->5769K(5888K) Class: 533K(640K)->533K(640K)
[39.306s][info][gc             ] GC(275) Pause Young (Allocation Failure) 5621M->5621M(5873M) 89.391ms
[39.306s][info][gc,cpu         ] GC(275) User=0.50s Sys=0.02s Real=0.09s
[39.307s][info][gc,start       ] GC(276) Pause Full (Allocation Failure)
[39.307s][info][gc,phases,start] GC(276) Marking Phase
[40.636s][info][gc,phases      ] GC(276) Marking Phase 1329.028ms
[40.636s][info][gc,phases,start] GC(276) Summary Phase
[40.636s][info][gc,phases      ] GC(276) Summary Phase 0.066ms
[40.636s][info][gc,phases,start] GC(276) Adjust Roots
[40.636s][info][gc,phases      ] GC(276) Adjust Roots 0.179ms
[40.636s][info][gc,phases,start] GC(276) Compaction Phase
[41.094s][info][gc,phases      ] GC(276) Compaction Phase 458.399ms
[41.094s][info][gc,phases,start] GC(276) Post Compact
[41.106s][info][gc,phases      ] GC(276) Post Compact 11.799ms
[41.106s][info][gc,heap        ] GC(276) PSYoungGen: 125664K(280064K)->21051K(285696K) Eden: 0K(36864K)->0K(42496K) From: 125664K(243200K)->21051K(243200K)
[41.106s][info][gc,heap        ] GC(276) ParOldGen: 5630834K(5734400K)->5734192K(5734400K)
[41.106s][info][gc,metaspace   ] GC(276) Metaspace: 6302K(6528K)->6302K(6528K) NonClass: 5769K(5888K)->5769K(5888K) Class: 533K(640K)->533K(640K)
[41.106s][info][gc             ] GC(276) Pause Full (Allocation Failure) 5621M->5620M(5879M) 1799.862ms
[41.106s][info][gc,cpu         ] GC(276) User=13.56s Sys=0.09s Real=1.80s
[41.106s][info][gc,start       ] GC(277) Pause Full (Allocation Failure)
[41.106s][info][gc,phases,start] GC(277) Marking Phase
[42.424s][info][gc,phases      ] GC(277) Marking Phase 1317.274ms
[42.424s][info][gc,phases,start] GC(277) Summary Phase
[42.424s][info][gc,phases      ] GC(277) Summary Phase 0.090ms
[42.424s][info][gc,phases,start] GC(277) Adjust Roots
[42.424s][info][gc,phases      ] GC(277) Adjust Roots 0.467ms
[42.424s][info][gc,phases,start] GC(277) Compaction Phase
[43.876s][info][gc,phases      ] GC(277) Compaction Phase 1451.314ms
[43.876s][info][gc,phases,start] GC(277) Post Compact
[43.886s][info][gc,phases      ] GC(277) Post Compact 10.153ms
[43.886s][info][gc,heap        ] GC(277) PSYoungGen: 21051K(285696K)->21051K(287232K) Eden: 0K(42496K)->0K(44032K) From: 21051K(243200K)->21051K(243200K)
[43.886s][info][gc,heap        ] GC(277) ParOldGen: 5734192K(5734400K)->5734187K(5734400K)
[43.886s][info][gc,metaspace   ] GC(277) Metaspace: 6302K(6528K)->6300K(6528K) NonClass: 5769K(5888K)->5768K(5888K) Class: 533K(640K)->532K(640K)
[43.886s][info][gc             ] GC(277) Pause Full (Allocation Failure) 5620M->5620M(5880M) 2779.754ms
[43.886s][info][gc,cpu         ] GC(277) User=20.88s Sys=0.02s Real=2.78s
[43.887s][info][gc,heap,exit   ] Heap
[43.887s][info][gc,heap,exit   ]  PSYoungGen      total 287232K, used 22804K [0x0000000751000000, 0x0000000772880000, 0x0000000800000000)
[43.887s][info][gc,heap,exit   ]   eden space 44032K, 3% used [0x0000000751000000,0x00000007511b64e8,0x0000000753b00000)
[43.887s][info][gc,heap,exit   ]   from space 243200K, 8% used [0x0000000762f80000,0x000000076440ec18,0x0000000771d00000)
[43.888s][info][gc,heap,exit   ]   to   space 250368K, 0% used [0x0000000753b00000,0x0000000753b00000,0x0000000762f80000)
[43.888s][info][gc,heap,exit   ]  ParOldGen       total 5734400K, used 5734187K [0x00000005f3000000, 0x0000000751000000, 0x0000000751000000)
[43.888s][info][gc,heap,exit   ]   object space 5734400K, 99% used [0x00000005f3000000,0x0000000750fcafb0,0x0000000751000000)
[43.888s][info][gc,heap,exit   ]  Metaspace       used 6305K, committed 6528K, reserved 1114112K
[43.888s][info][gc,heap,exit   ]   class space    used 534K, committed 640K, reserved 1048576K
