[0.010s][info][gc,init] CardTable entry size: 512
[0.010s][info][gc     ] Using Serial
[0.011s][info][gc,init] Version: 18.0.1+10 (release)
[0.011s][info][gc,init] CPUs: 8 total, 8 available
[0.011s][info][gc,init] Memory: 16063M
[0.011s][info][gc,init] Large Page Support: Disabled
[0.011s][info][gc,init] NUMA Support: Disabled
[0.011s][info][gc,init] Compressed Oops: Enabled (32-bit)
[0.011s][info][gc,init] Heap Min Capacity: 2M
[0.011s][info][gc,init] Heap Initial Capacity: 2M
[0.011s][info][gc,init] Heap Max Capacity: 2M
[0.011s][info][gc,init] Pre-touch: Disabled
[0.011s][info][gc,metaspace] CDS archive(s) not mapped
[0.011s][info][gc,metaspace] Compressed class space mapped at: 0x0000000100000000-0x0000000140000000, reserved size: 1073741824
[0.011s][info][gc,metaspace] Narrow klass base: 0x0000000000000000, Narrow klass shift: 3, Narrow klass range: 0x140000000
[0.091s][info][gc,start    ] GC(0) Pause Young (Allocation Failure)
[0.092s][info][gc,heap     ] GC(0) DefNew: 512K(576K)->64K(576K) Eden: 512K(512K)->0K(512K) From: 0K(64K)->64K(64K)
[0.092s][info][gc,heap     ] GC(0) Tenured: 0K(1408K)->367K(1408K)
[0.092s][info][gc,metaspace] GC(0) Metaspace: 4229K(4352K)->4229K(4352K) NonClass: 3908K(3968K)->3908K(3968K) Class: 321K(384K)->321K(384K)
[0.092s][info][gc          ] GC(0) Pause Young (Allocation Failure) 0M->0M(1M) 1.466ms
[0.092s][info][gc,cpu      ] GC(0) User=0.00s Sys=0.00s Real=0.00s
[0.166s][info][gc,start    ] GC(1) Pause Young (Allocation Failure)
[0.167s][info][gc,heap     ] GC(1) DefNew: 576K(576K)->64K(576K) Eden: 512K(512K)->0K(512K) From: 64K(64K)->64K(64K)
[0.167s][info][gc,heap     ] GC(1) Tenured: 367K(1408K)->515K(1408K)
[0.167s][info][gc,metaspace] GC(1) Metaspace: 5877K(6016K)->5877K(6016K) NonClass: 5380K(5504K)->5380K(5504K) Class: 496K(512K)->496K(512K)
[0.167s][info][gc          ] GC(1) Pause Young (Allocation Failure) 0M->0M(1M) 0.872ms
[0.167s][info][gc,cpu      ] GC(1) User=0.00s Sys=0.00s Real=0.00s
[0.185s][info][gc,start    ] GC(2) Pause Young (Allocation Failure)
[0.185s][info][gc,heap     ] GC(2) DefNew: 576K(576K)->64K(576K) Eden: 512K(512K)->0K(512K) From: 64K(64K)->64K(64K)
[0.185s][info][gc,heap     ] GC(2) Tenured: 515K(1408K)->677K(1408K)
[0.185s][info][gc,metaspace] GC(2) Metaspace: 6294K(6464K)->6294K(6464K) NonClass: 5761K(5824K)->5761K(5824K) Class: 533K(640K)->533K(640K)
[0.186s][info][gc          ] GC(2) Pause Young (Allocation Failure) 1M->0M(1M) 0.710ms
[0.186s][info][gc,cpu      ] GC(2) User=0.00s Sys=0.00s Real=0.00s
[0.187s][info][gc,start    ] GC(3) Pause Young (Allocation Failure)
[0.187s][info][gc,heap     ] GC(3) DefNew: 575K(576K)->64K(576K) Eden: 511K(512K)->0K(512K) From: 64K(64K)->64K(64K)
[0.187s][info][gc,heap     ] GC(3) Tenured: 677K(1408K)->926K(1408K)
[0.187s][info][gc,metaspace] GC(3) Metaspace: 6296K(6464K)->6296K(6464K) NonClass: 5763K(5824K)->5763K(5824K) Class: 533K(640K)->533K(640K)
[0.188s][info][gc          ] GC(3) Pause Young (Allocation Failure) 1M->0M(1M) 0.903ms
[0.188s][info][gc,cpu      ] GC(3) User=0.00s Sys=0.00s Real=0.00s
[0.188s][info][gc,start    ] GC(4) Pause Young (Allocation Failure)
[0.189s][info][gc,heap     ] GC(4) DefNew: 576K(576K)->64K(576K) Eden: 512K(512K)->0K(512K) From: 64K(64K)->64K(64K)
[0.189s][info][gc,heap     ] GC(4) Tenured: 926K(1408K)->1177K(1408K)
[0.189s][info][gc,metaspace] GC(4) Metaspace: 6296K(6464K)->6296K(6464K) NonClass: 5763K(5824K)->5763K(5824K) Class: 533K(640K)->533K(640K)
[0.189s][info][gc          ] GC(4) Pause Young (Allocation Failure) 1M->1M(1M) 0.787ms
[0.189s][info][gc,cpu      ] GC(4) User=0.00s Sys=0.00s Real=0.00s
[0.190s][info][gc,start    ] GC(5) Pause Young (Allocation Failure)
[0.190s][info][gc          ] GC(5) Pause Young (Allocation Failure) 1M->1M(1M) 0.069ms
[0.190s][info][gc,cpu      ] GC(5) User=0.00s Sys=0.00s Real=0.00s
[0.190s][info][gc,start    ] GC(6) Pause Full (Allocation Failure)
[0.190s][info][gc,phases,start] GC(6) Phase 1: Mark live objects
[0.191s][info][gc,phases      ] GC(6) Phase 1: Mark live objects 1.375ms
[0.191s][info][gc,phases,start] GC(6) Phase 2: Compute new object addresses
[0.192s][info][gc,phases      ] GC(6) Phase 2: Compute new object addresses 0.395ms
[0.192s][info][gc,phases,start] GC(6) Phase 3: Adjust pointers
[0.192s][info][gc,phases      ] GC(6) Phase 3: Adjust pointers 0.672ms
[0.192s][info][gc,phases,start] GC(6) Phase 4: Move objects
[0.193s][info][gc,phases      ] GC(6) Phase 4: Move objects 0.127ms
[0.193s][info][gc,heap        ] GC(6) DefNew: 576K(576K)->83K(576K) Eden: 512K(512K)->83K(512K) From: 64K(64K)->0K(64K)
[0.193s][info][gc,heap        ] GC(6) Tenured: 1177K(1408K)->1407K(1408K)
[0.193s][info][gc,metaspace   ] GC(6) Metaspace: 6296K(6464K)->6296K(6464K) NonClass: 5763K(5824K)->5763K(5824K) Class: 533K(640K)->533K(640K)
[0.193s][info][gc             ] GC(6) Pause Full (Allocation Failure) 1M->1M(1M) 2.877ms
[0.193s][info][gc,cpu         ] GC(6) User=0.00s Sys=0.00s Real=0.00s
[0.194s][info][gc,start       ] GC(7) Pause Full (Allocation Failure)
[0.194s][info][gc,phases,start] GC(7) Phase 1: Mark live objects
[0.196s][info][gc,phases      ] GC(7) Phase 1: Mark live objects 2.000ms
[0.196s][info][gc,phases,start] GC(7) Phase 2: Compute new object addresses
[0.196s][info][gc,phases      ] GC(7) Phase 2: Compute new object addresses 0.344ms
[0.196s][info][gc,phases,start] GC(7) Phase 3: Adjust pointers
[0.197s][info][gc,phases      ] GC(7) Phase 3: Adjust pointers 0.691ms
[0.197s][info][gc,phases,start] GC(7) Phase 4: Move objects
[0.197s][info][gc,phases      ] GC(7) Phase 4: Move objects 0.051ms
[0.197s][info][gc,heap        ] GC(7) DefNew: 575K(576K)->326K(576K) Eden: 512K(512K)->326K(512K) From: 63K(64K)->0K(64K)
[0.197s][info][gc,heap        ] GC(7) Tenured: 1407K(1408K)->1407K(1408K)
[0.197s][info][gc,metaspace   ] GC(7) Metaspace: 6296K(6464K)->6295K(6464K) NonClass: 5763K(5824K)->5762K(5824K) Class: 533K(640K)->532K(640K)
[0.197s][info][gc             ] GC(7) Pause Full (Allocation Failure) 1M->1M(1M) 3.386ms
[0.197s][info][gc,cpu         ] GC(7) User=0.00s Sys=0.00s Real=0.00s
[0.198s][info][gc,start       ] GC(8) Pause Full (Allocation Failure)
[0.198s][info][gc,phases,start] GC(8) Phase 1: Mark live objects
[0.199s][info][gc,phases      ] GC(8) Phase 1: Mark live objects 1.495ms
[0.199s][info][gc,phases,start] GC(8) Phase 2: Compute new object addresses
[0.200s][info][gc,phases      ] GC(8) Phase 2: Compute new object addresses 0.333ms
[0.200s][info][gc,phases,start] GC(8) Phase 3: Adjust pointers
[0.200s][info][gc,phases      ] GC(8) Phase 3: Adjust pointers 0.673ms
[0.200s][info][gc,phases,start] GC(8) Phase 4: Move objects
[0.201s][info][gc,phases      ] GC(8) Phase 4: Move objects 0.028ms
[0.201s][info][gc,heap        ] GC(8) DefNew: 575K(576K)->449K(576K) Eden: 511K(512K)->449K(512K) From: 63K(64K)->0K(64K)
[0.201s][info][gc,heap        ] GC(8) Tenured: 1407K(1408K)->1407K(1408K)
[0.201s][info][gc,metaspace   ] GC(8) Metaspace: 6295K(6464K)->6295K(6464K) NonClass: 5762K(5824K)->5762K(5824K) Class: 532K(640K)->532K(640K)
[0.201s][info][gc             ] GC(8) Pause Full (Allocation Failure) 1M->1M(1M) 2.808ms
[0.201s][info][gc,cpu         ] GC(8) User=0.00s Sys=0.00s Real=0.00s
[0.201s][info][gc,start       ] GC(9) Pause Full (Allocation Failure)
[0.201s][info][gc,phases,start] GC(9) Phase 1: Mark live objects
[0.203s][info][gc,phases      ] GC(9) Phase 1: Mark live objects 1.585ms
[0.203s][info][gc,phases,start] GC(9) Phase 2: Compute new object addresses
[0.203s][info][gc,phases      ] GC(9) Phase 2: Compute new object addresses 0.398ms
[0.203s][info][gc,phases,start] GC(9) Phase 3: Adjust pointers
[0.204s][info][gc,phases      ] GC(9) Phase 3: Adjust pointers 0.713ms
[0.204s][info][gc,phases,start] GC(9) Phase 4: Move objects
[0.204s][info][gc,phases      ] GC(9) Phase 4: Move objects 0.295ms
[0.204s][info][gc,heap        ] GC(9) DefNew: 575K(576K)->483K(576K) Eden: 512K(512K)->483K(512K) From: 63K(64K)->0K(64K)
[0.204s][info][gc,heap        ] GC(9) Tenured: 1407K(1408K)->1407K(1408K)
[0.204s][info][gc,metaspace   ] GC(9) Metaspace: 6295K(6464K)->6295K(6464K) NonClass: 5762K(5824K)->5762K(5824K) Class: 532K(640K)->532K(640K)
[0.204s][info][gc             ] GC(9) Pause Full (Allocation Failure) 1M->1M(1M) 3.327ms
[0.205s][info][gc,cpu         ] GC(9) User=0.00s Sys=0.00s Real=0.00s
[0.205s][info][gc,start       ] GC(10) Pause Full (Allocation Failure)
[0.205s][info][gc,phases,start] GC(10) Phase 1: Mark live objects
[0.207s][info][gc,phases      ] GC(10) Phase 1: Mark live objects 1.466ms
[0.207s][info][gc,phases,start] GC(10) Phase 2: Compute new object addresses
[0.207s][info][gc,phases      ] GC(10) Phase 2: Compute new object addresses 0.335ms
[0.207s][info][gc,phases,start] GC(10) Phase 3: Adjust pointers
[0.208s][info][gc,phases      ] GC(10) Phase 3: Adjust pointers 0.703ms
[0.208s][info][gc,phases,start] GC(10) Phase 4: Move objects
[0.208s][info][gc,phases      ] GC(10) Phase 4: Move objects 0.021ms
[0.208s][info][gc,heap        ] GC(10) DefNew: 576K(576K)->529K(576K) Eden: 512K(512K)->511K(512K) From: 64K(64K)->18K(64K)
[0.208s][info][gc,heap        ] GC(10) Tenured: 1407K(1408K)->1407K(1408K)
[0.208s][info][gc,metaspace   ] GC(10) Metaspace: 6295K(6464K)->6295K(6464K) NonClass: 5762K(5824K)->5762K(5824K) Class: 532K(640K)->532K(640K)
[0.208s][info][gc             ] GC(10) Pause Full (Allocation Failure) 1M->1M(1M) 2.785ms
[0.208s][info][gc,cpu         ] GC(10) User=0.00s Sys=0.00s Real=0.00s
[0.208s][info][gc,start       ] GC(11) Pause Full (Allocation Failure)
[0.208s][info][gc,phases,start] GC(11) Phase 1: Mark live objects
[0.210s][info][gc,phases      ] GC(11) Phase 1: Mark live objects 1.541ms
[0.210s][info][gc,phases,start] GC(11) Phase 2: Compute new object addresses
[0.210s][info][gc,phases      ] GC(11) Phase 2: Compute new object addresses 0.351ms
[0.210s][info][gc,phases,start] GC(11) Phase 3: Adjust pointers
[0.211s][info][gc,phases      ] GC(11) Phase 3: Adjust pointers 0.789ms
[0.211s][info][gc,phases,start] GC(11) Phase 4: Move objects
[0.211s][info][gc,phases      ] GC(11) Phase 4: Move objects 0.019ms
[0.211s][info][gc,heap        ] GC(11) DefNew: 575K(576K)->553K(576K) Eden: 512K(512K)->511K(512K) From: 63K(64K)->41K(64K)
[0.211s][info][gc,heap        ] GC(11) Tenured: 1407K(1408K)->1407K(1408K)
[0.211s][info][gc,metaspace   ] GC(11) Metaspace: 6295K(6464K)->6295K(6464K) NonClass: 5762K(5824K)->5762K(5824K) Class: 532K(640K)->532K(640K)
[0.211s][info][gc             ] GC(11) Pause Full (Allocation Failure) 1M->1M(1M) 2.963ms
[0.211s][info][gc,cpu         ] GC(11) User=0.00s Sys=0.00s Real=0.00s
[0.211s][info][gc,start       ] GC(12) Pause Full (Allocation Failure)
[0.211s][info][gc,phases,start] GC(12) Phase 1: Mark live objects
[0.213s][info][gc,phases      ] GC(12) Phase 1: Mark live objects 1.452ms
[0.213s][info][gc,phases,start] GC(12) Phase 2: Compute new object addresses
[0.213s][info][gc,phases      ] GC(12) Phase 2: Compute new object addresses 0.336ms
[0.213s][info][gc,phases,start] GC(12) Phase 3: Adjust pointers
[0.214s][info][gc,phases      ] GC(12) Phase 3: Adjust pointers 0.573ms
[0.214s][info][gc,phases,start] GC(12) Phase 4: Move objects
[0.214s][info][gc,phases      ] GC(12) Phase 4: Move objects 0.015ms
[0.214s][info][gc,heap        ] GC(12) DefNew: 575K(576K)->565K(576K) Eden: 512K(512K)->512K(512K) From: 63K(64K)->53K(64K)
[0.214s][info][gc,heap        ] GC(12) Tenured: 1407K(1408K)->1407K(1408K)
[0.214s][info][gc,metaspace   ] GC(12) Metaspace: 6295K(6464K)->6295K(6464K) NonClass: 5762K(5824K)->5762K(5824K) Class: 532K(640K)->532K(640K)
[0.214s][info][gc             ] GC(12) Pause Full (Allocation Failure) 1M->1M(1M) 2.576ms
[0.214s][info][gc,cpu         ] GC(12) User=0.00s Sys=0.00s Real=0.00s
[0.214s][info][gc,start       ] GC(13) Pause Full (Allocation Failure)
[0.214s][info][gc,phases,start] GC(13) Phase 1: Mark live objects
[0.215s][info][gc,phases      ] GC(13) Phase 1: Mark live objects 1.138ms
[0.215s][info][gc,phases,start] GC(13) Phase 2: Compute new object addresses
[0.215s][info][gc,phases      ] GC(13) Phase 2: Compute new object addresses 0.298ms
[0.215s][info][gc,phases,start] GC(13) Phase 3: Adjust pointers
[0.216s][info][gc,phases      ] GC(13) Phase 3: Adjust pointers 0.792ms
[0.216s][info][gc,phases,start] GC(13) Phase 4: Move objects
[0.216s][info][gc,phases      ] GC(13) Phase 4: Move objects 0.016ms
[0.216s][info][gc,heap        ] GC(13) DefNew: 575K(576K)->570K(576K) Eden: 512K(512K)->512K(512K) From: 63K(64K)->58K(64K)
[0.216s][info][gc,heap        ] GC(13) Tenured: 1407K(1408K)->1407K(1408K)
[0.216s][info][gc,metaspace   ] GC(13) Metaspace: 6295K(6464K)->6295K(6464K) NonClass: 5762K(5824K)->5762K(5824K) Class: 532K(640K)->532K(640K)
[0.216s][info][gc             ] GC(13) Pause Full (Allocation Failure) 1M->1M(1M) 2.489ms
[0.216s][info][gc,cpu         ] GC(13) User=0.00s Sys=0.00s Real=0.00s
[0.217s][info][gc,start       ] GC(14) Pause Full (Allocation Failure)
[0.217s][info][gc,phases,start] GC(14) Phase 1: Mark live objects
[0.218s][info][gc,phases      ] GC(14) Phase 1: Mark live objects 1.522ms
[0.218s][info][gc,phases,start] GC(14) Phase 2: Compute new object addresses
[0.218s][info][gc,phases      ] GC(14) Phase 2: Compute new object addresses 0.301ms
[0.218s][info][gc,phases,start] GC(14) Phase 3: Adjust pointers
[0.219s][info][gc,phases      ] GC(14) Phase 3: Adjust pointers 0.523ms
[0.219s][info][gc,phases,start] GC(14) Phase 4: Move objects
[0.219s][info][gc,phases      ] GC(14) Phase 4: Move objects 0.012ms
[0.219s][info][gc,heap        ] GC(14) DefNew: 575K(576K)->573K(576K) Eden: 512K(512K)->512K(512K) From: 63K(64K)->61K(64K)
[0.219s][info][gc,heap        ] GC(14) Tenured: 1407K(1408K)->1407K(1408K)
[0.219s][info][gc,metaspace   ] GC(14) Metaspace: 6295K(6464K)->6295K(6464K) NonClass: 5762K(5824K)->5762K(5824K) Class: 532K(640K)->532K(640K)
[0.219s][info][gc             ] GC(14) Pause Full (Allocation Failure) 1M->1M(1M) 2.544ms
[0.219s][info][gc,cpu         ] GC(14) User=0.00s Sys=0.00s Real=0.00s
[0.219s][info][gc,start       ] GC(15) Pause Full (Allocation Failure)
[0.219s][info][gc,phases,start] GC(15) Phase 1: Mark live objects
[0.220s][info][gc,phases      ] GC(15) Phase 1: Mark live objects 1.091ms
[0.220s][info][gc,phases,start] GC(15) Phase 2: Compute new object addresses
[0.221s][info][gc,phases      ] GC(15) Phase 2: Compute new object addresses 0.293ms
[0.221s][info][gc,phases,start] GC(15) Phase 3: Adjust pointers
[0.221s][info][gc,phases      ] GC(15) Phase 3: Adjust pointers 0.515ms
[0.221s][info][gc,phases,start] GC(15) Phase 4: Move objects
[0.221s][info][gc,phases      ] GC(15) Phase 4: Move objects 0.013ms
[0.221s][info][gc,heap        ] GC(15) DefNew: 575K(576K)->574K(576K) Eden: 512K(512K)->512K(512K) From: 63K(64K)->62K(64K)
[0.221s][info][gc,heap        ] GC(15) Tenured: 1407K(1408K)->1407K(1408K)
[0.221s][info][gc,metaspace   ] GC(15) Metaspace: 6295K(6464K)->6295K(6464K) NonClass: 5762K(5824K)->5762K(5824K) Class: 532K(640K)->532K(640K)
[0.221s][info][gc             ] GC(15) Pause Full (Allocation Failure) 1M->1M(1M) 2.072ms
[0.221s][info][gc,cpu         ] GC(15) User=0.00s Sys=0.00s Real=0.00s
[0.221s][info][gc,start       ] GC(16) Pause Full (Allocation Failure)
[0.221s][info][gc,phases,start] GC(16) Phase 1: Mark live objects
[0.222s][info][gc,phases      ] GC(16) Phase 1: Mark live objects 0.911ms
[0.222s][info][gc,phases,start] GC(16) Phase 2: Compute new object addresses
[0.223s][info][gc,phases      ] GC(16) Phase 2: Compute new object addresses 0.290ms
[0.223s][info][gc,phases,start] GC(16) Phase 3: Adjust pointers
[0.223s][info][gc,phases      ] GC(16) Phase 3: Adjust pointers 0.512ms
[0.223s][info][gc,phases,start] GC(16) Phase 4: Move objects
[0.223s][info][gc,phases      ] GC(16) Phase 4: Move objects 0.013ms
[0.223s][info][gc,heap        ] GC(16) DefNew: 575K(576K)->575K(576K) Eden: 512K(512K)->512K(512K) From: 63K(64K)->63K(64K)
[0.223s][info][gc,heap        ] GC(16) Tenured: 1407K(1408K)->1407K(1408K)
[0.223s][info][gc,metaspace   ] GC(16) Metaspace: 6295K(6464K)->6295K(6464K) NonClass: 5762K(5824K)->5762K(5824K) Class: 532K(640K)->532K(640K)
[0.223s][info][gc             ] GC(16) Pause Full (Allocation Failure) 1M->1M(1M) 1.982ms
[0.223s][info][gc,cpu         ] GC(16) User=0.00s Sys=0.00s Real=0.00s
[0.223s][info][gc,start       ] GC(17) Pause Full (Allocation Failure)
[0.223s][info][gc,phases,start] GC(17) Phase 1: Mark live objects
[0.225s][info][gc,phases      ] GC(17) Phase 1: Mark live objects 1.249ms
[0.225s][info][gc,phases,start] GC(17) Phase 2: Compute new object addresses
[0.225s][info][gc,phases      ] GC(17) Phase 2: Compute new object addresses 0.290ms
[0.225s][info][gc,phases,start] GC(17) Phase 3: Adjust pointers
[0.226s][info][gc,phases      ] GC(17) Phase 3: Adjust pointers 0.489ms
[0.226s][info][gc,phases,start] GC(17) Phase 4: Move objects
[0.226s][info][gc,phases      ] GC(17) Phase 4: Move objects 0.012ms
[0.226s][info][gc,heap        ] GC(17) DefNew: 575K(576K)->575K(576K) Eden: 512K(512K)->512K(512K) From: 63K(64K)->63K(64K)
[0.226s][info][gc,heap        ] GC(17) Tenured: 1408K(1408K)->1408K(1408K)
[0.226s][info][gc,metaspace   ] GC(17) Metaspace: 6295K(6464K)->6295K(6464K) NonClass: 5762K(5824K)->5762K(5824K) Class: 532K(640K)->532K(640K)
[0.226s][info][gc             ] GC(17) Pause Full (Allocation Failure) 1M->1M(1M) 2.210ms
[0.226s][info][gc,cpu         ] GC(17) User=0.00s Sys=0.00s Real=0.00s
[0.226s][info][gc,start       ] GC(18) Pause Full (Allocation Failure)
[0.226s][info][gc,phases,start] GC(18) Phase 1: Mark live objects
[0.227s][info][gc,phases      ] GC(18) Phase 1: Mark live objects 1.061ms
[0.227s][info][gc,phases,start] GC(18) Phase 2: Compute new object addresses
[0.227s][info][gc,phases      ] GC(18) Phase 2: Compute new object addresses 0.294ms
[0.227s][info][gc,phases,start] GC(18) Phase 3: Adjust pointers
[0.228s][info][gc,phases      ] GC(18) Phase 3: Adjust pointers 0.596ms
[0.228s][info][gc,phases,start] GC(18) Phase 4: Move objects
[0.228s][info][gc,phases      ] GC(18) Phase 4: Move objects 0.015ms
[0.228s][info][gc,heap        ] GC(18) DefNew: 575K(576K)->575K(576K) Eden: 512K(512K)->512K(512K) From: 63K(64K)->63K(64K)
[0.228s][info][gc,heap        ] GC(18) Tenured: 1408K(1408K)->1408K(1408K)
[0.228s][info][gc,metaspace   ] GC(18) Metaspace: 6295K(6464K)->6295K(6464K) NonClass: 5762K(5824K)->5762K(5824K) Class: 532K(640K)->532K(640K)
[0.228s][info][gc             ] GC(18) Pause Full (Allocation Failure) 1M->1M(1M) 2.178ms
[0.228s][info][gc,cpu         ] GC(18) User=0.00s Sys=0.00s Real=0.00s
[0.228s][info][gc,start       ] GC(19) Pause Full (Allocation Failure)
[0.228s][info][gc,phases,start] GC(19) Phase 1: Mark live objects
[0.229s][info][gc,phases      ] GC(19) Phase 1: Mark live objects 1.391ms
[0.229s][info][gc,phases,start] GC(19) Phase 2: Compute new object addresses
[0.230s][info][gc,phases      ] GC(19) Phase 2: Compute new object addresses 0.353ms
[0.230s][info][gc,phases,start] GC(19) Phase 3: Adjust pointers
[0.231s][info][gc,phases      ] GC(19) Phase 3: Adjust pointers 0.774ms
[0.231s][info][gc,phases,start] GC(19) Phase 4: Move objects
[0.231s][info][gc,phases      ] GC(19) Phase 4: Move objects 0.015ms
[0.231s][info][gc,heap        ] GC(19) DefNew: 575K(576K)->575K(576K) Eden: 512K(512K)->512K(512K) From: 63K(64K)->63K(64K)
[0.231s][info][gc,heap        ] GC(19) Tenured: 1408K(1408K)->1408K(1408K)
[0.231s][info][gc,metaspace   ] GC(19) Metaspace: 6295K(6464K)->6295K(6464K) NonClass: 5762K(5824K)->5762K(5824K) Class: 532K(640K)->532K(640K)
[0.231s][info][gc             ] GC(19) Pause Full (Allocation Failure) 1M->1M(1M) 2.778ms
[0.231s][info][gc,cpu         ] GC(19) User=0.00s Sys=0.00s Real=0.00s
[0.231s][info][gc,start       ] GC(20) Pause Full (Allocation Failure)
[0.231s][info][gc,phases,start] GC(20) Phase 1: Mark live objects
[0.232s][info][gc,phases      ] GC(20) Phase 1: Mark live objects 1.219ms
[0.232s][info][gc,phases,start] GC(20) Phase 2: Compute new object addresses
[0.232s][info][gc,phases      ] GC(20) Phase 2: Compute new object addresses 0.358ms
[0.232s][info][gc,phases,start] GC(20) Phase 3: Adjust pointers
[0.233s][info][gc,phases      ] GC(20) Phase 3: Adjust pointers 0.802ms
[0.233s][info][gc,phases,start] GC(20) Phase 4: Move objects
[0.233s][info][gc,phases      ] GC(20) Phase 4: Move objects 0.024ms
[0.233s][info][gc,heap        ] GC(20) DefNew: 575K(576K)->575K(576K) Eden: 512K(512K)->512K(512K) From: 63K(64K)->63K(64K)
[0.233s][info][gc,heap        ] GC(20) Tenured: 1408K(1408K)->1407K(1408K)
[0.234s][info][gc,metaspace   ] GC(20) Metaspace: 6295K(6464K)->6295K(6464K) NonClass: 5762K(5824K)->5762K(5824K) Class: 532K(640K)->532K(640K)
[0.234s][info][gc             ] GC(20) Pause Full (Allocation Failure) 1M->1M(1M) 2.744ms
[0.234s][info][gc,cpu         ] GC(20) User=0.00s Sys=0.00s Real=0.00s
[0.234s][info][gc,start       ] GC(21) Pause Full (Allocation Failure)
[0.234s][info][gc,phases,start] GC(21) Phase 1: Mark live objects
[0.235s][info][gc,phases      ] GC(21) Phase 1: Mark live objects 1.459ms
[0.235s][info][gc,phases,start] GC(21) Phase 2: Compute new object addresses
[0.236s][info][gc,phases      ] GC(21) Phase 2: Compute new object addresses 0.307ms
[0.236s][info][gc,phases,start] GC(21) Phase 3: Adjust pointers
[0.236s][info][gc,phases      ] GC(21) Phase 3: Adjust pointers 0.670ms
[0.236s][info][gc,phases,start] GC(21) Phase 4: Move objects
[0.237s][info][gc,phases      ] GC(21) Phase 4: Move objects 0.244ms
[0.237s][info][gc,heap        ] GC(21) DefNew: 575K(576K)->574K(576K) Eden: 512K(512K)->512K(512K) From: 63K(64K)->62K(64K)
[0.237s][info][gc,heap        ] GC(21) Tenured: 1407K(1408K)->1407K(1408K)
[0.237s][info][gc,metaspace   ] GC(21) Metaspace: 6295K(6464K)->6295K(6464K) NonClass: 5762K(5824K)->5762K(5824K) Class: 532K(640K)->532K(640K)
[0.237s][info][gc             ] GC(21) Pause Full (Allocation Failure) 1M->1M(1M) 2.896ms
[0.237s][info][gc,cpu         ] GC(21) User=0.00s Sys=0.00s Real=0.00s
[0.237s][info][gc,start       ] GC(22) Pause Full (Allocation Failure)
[0.237s][info][gc,phases,start] GC(22) Phase 1: Mark live objects
[0.239s][info][gc,phases      ] GC(22) Phase 1: Mark live objects 1.438ms
[0.239s][info][gc,phases,start] GC(22) Phase 2: Compute new object addresses
[0.239s][info][gc,phases      ] GC(22) Phase 2: Compute new object addresses 0.346ms
[0.239s][info][gc,phases,start] GC(22) Phase 3: Adjust pointers
[0.240s][info][gc,phases      ] GC(22) Phase 3: Adjust pointers 0.847ms
[0.240s][info][gc,phases,start] GC(22) Phase 4: Move objects
[0.240s][info][gc,phases      ] GC(22) Phase 4: Move objects 0.014ms
[0.240s][info][gc,heap        ] GC(22) DefNew: 575K(576K)->575K(576K) Eden: 512K(512K)->512K(512K) From: 63K(64K)->63K(64K)
[0.240s][info][gc,heap        ] GC(22) Tenured: 1407K(1408K)->1407K(1408K)
[0.240s][info][gc,metaspace   ] GC(22) Metaspace: 6296K(6464K)->6296K(6464K) NonClass: 5762K(5824K)->5762K(5824K) Class: 533K(640K)->533K(640K)
[0.240s][info][gc             ] GC(22) Pause Full (Allocation Failure) 1M->1M(1M) 3.087ms
[0.240s][info][gc,cpu         ] GC(22) User=0.00s Sys=0.00s Real=0.00s
[0.241s][info][gc,start       ] GC(23) Pause Full (Allocation Failure)
[0.241s][info][gc,phases,start] GC(23) Phase 1: Mark live objects
[0.242s][info][gc,phases      ] GC(23) Phase 1: Mark live objects 1.478ms
[0.242s][info][gc,phases,start] GC(23) Phase 2: Compute new object addresses
[0.243s][info][gc,phases      ] GC(23) Phase 2: Compute new object addresses 0.332ms
[0.243s][info][gc,phases,start] GC(23) Phase 3: Adjust pointers
[0.243s][info][gc,phases      ] GC(23) Phase 3: Adjust pointers 0.635ms
[0.243s][info][gc,phases,start] GC(23) Phase 4: Move objects
[0.244s][info][gc,phases      ] GC(23) Phase 4: Move objects 0.015ms
[0.244s][info][gc,heap        ] GC(23) DefNew: 575K(576K)->575K(576K) Eden: 512K(512K)->512K(512K) From: 63K(64K)->63K(64K)
[0.244s][info][gc,heap        ] GC(23) Tenured: 1407K(1408K)->1407K(1408K)
[0.244s][info][gc,metaspace   ] GC(23) Metaspace: 6299K(6464K)->6299K(6464K) NonClass: 5765K(5824K)->5765K(5824K) Class: 534K(640K)->534K(640K)
[0.244s][info][gc             ] GC(23) Pause Full (Allocation Failure) 1M->1M(1M) 2.680ms
[0.244s][info][gc,cpu         ] GC(23) User=0.00s Sys=0.00s Real=0.00s
[0.244s][info][gc,start       ] GC(24) Pause Full (Allocation Failure)
[0.244s][info][gc,phases,start] GC(24) Phase 1: Mark live objects
[0.245s][info][gc,phases      ] GC(24) Phase 1: Mark live objects 1.350ms
[0.245s][info][gc,phases,start] GC(24) Phase 2: Compute new object addresses
[0.245s][info][gc,phases      ] GC(24) Phase 2: Compute new object addresses 0.288ms
[0.245s][info][gc,phases,start] GC(24) Phase 3: Adjust pointers
[0.246s][info][gc,phases      ] GC(24) Phase 3: Adjust pointers 0.487ms
[0.246s][info][gc,phases,start] GC(24) Phase 4: Move objects
[0.246s][info][gc,phases      ] GC(24) Phase 4: Move objects 0.011ms
[0.246s][info][gc,heap        ] GC(24) DefNew: 576K(576K)->575K(576K) Eden: 512K(512K)->512K(512K) From: 64K(64K)->63K(64K)
[0.246s][info][gc,heap        ] GC(24) Tenured: 1407K(1408K)->1407K(1408K)
[0.246s][info][gc,metaspace   ] GC(24) Metaspace: 6300K(6464K)->6300K(6464K) NonClass: 5765K(5824K)->5765K(5824K) Class: 534K(640K)->534K(640K)
[0.246s][info][gc             ] GC(24) Pause Full (Allocation Failure) 1M->1M(1M) 2.305ms
[0.246s][info][gc,cpu         ] GC(24) User=0.00s Sys=0.00s Real=0.00s
[0.246s][info][gc,heap,exit   ] Heap
[0.246s][info][gc,heap,exit   ]  def new generation   total 576K, used 576K [0x00000000ffe00000, 0x00000000ffea0000, 0x00000000ffea0000)
[0.246s][info][gc,heap,exit   ]   eden space 512K, 100% used [0x00000000ffe00000, 0x00000000ffe80000, 0x00000000ffe80000)
[0.246s][info][gc,heap,exit   ]   from space 64K, 100% used [0x00000000ffe90000, 0x00000000ffea0000, 0x00000000ffea0000)
[0.246s][info][gc,heap,exit   ]   to   space 64K,   0% used [0x00000000ffe80000, 0x00000000ffe80000, 0x00000000ffe90000)
[0.246s][info][gc,heap,exit   ]  tenured generation   total 1408K, used 1407K [0x00000000ffea0000, 0x0000000100000000, 0x0000000100000000)
[0.246s][info][gc,heap,exit   ]    the space 1408K,  99% used [0x00000000ffea0000, 0x00000000fffffff8, 0x0000000100000000, 0x0000000100000000)
[0.246s][info][gc,heap,exit   ]  Metaspace       used 6300K, committed 6464K, reserved 1114112K
[0.246s][info][gc,heap,exit   ]   class space    used 534K, committed 640K, reserved 1048576K
