[0.012s][info][gc,init] CardTable entry size: 512
[0.012s][info][gc     ] Using Serial
[0.012s][info][gc,init] Version: 18.0.1+10 (release)
[0.012s][info][gc,init] CPUs: 8 total, 8 available
[0.012s][info][gc,init] Memory: 16063M
[0.012s][info][gc,init] Large Page Support: Disabled
[0.012s][info][gc,init] NUMA Support: Disabled
[0.012s][info][gc,init] Compressed Oops: Enabled (Zero based)
[0.012s][info][gc,init] Heap Min Capacity: 2M
[0.012s][info][gc,init] Heap Initial Capacity: 2M
[0.012s][info][gc,init] Heap Max Capacity: 7100M
[0.012s][info][gc,init] Pre-touch: Disabled
[0.013s][info][gc,metaspace] CDS archive(s) not mapped
[0.013s][info][gc,metaspace] Compressed class space mapped at: 0x0000000800000000-0x0000000840000000, reserved size: 1073741824
[0.013s][info][gc,metaspace] Narrow klass base: 0x0000000800000000, Narrow klass shift: 0, Narrow klass range: 0x40000000
[0.182s][info][gc,start    ] GC(0) Pause Young (Allocation Failure)
[0.183s][info][gc,heap     ] GC(0) DefNew: 1023K(1152K)->127K(1152K) Eden: 1023K(1024K)->0K(1024K) From: 0K(128K)->127K(128K)
[0.183s][info][gc,heap     ] GC(0) Tenured: 0K(768K)->439K(768K)
[0.183s][info][gc,metaspace] GC(0) Metaspace: 5903K(6016K)->5903K(6016K) NonClass: 5403K(5504K)->5403K(5504K) Class: 499K(512K)->499K(512K)
[0.183s][info][gc          ] GC(0) Pause Young (Allocation Failure) 0M->0M(1M) 1.617ms
[0.183s][info][gc,cpu      ] GC(0) User=0.00s Sys=0.00s Real=0.00s
[0.204s][info][gc,start    ] GC(1) Pause Young (Allocation Failure)
[0.205s][info][gc          ] GC(1) Pause Young (Allocation Failure) 1M->0M(2M) 1.342ms
[0.205s][info][gc,cpu      ] GC(1) User=0.00s Sys=0.00s Real=0.00s
[0.205s][info][gc,start    ] GC(2) Pause Full (Allocation Failure)
[0.205s][info][gc,phases,start] GC(2) Phase 1: Mark live objects
[0.206s][info][gc,phases      ] GC(2) Phase 1: Mark live objects 0.918ms
[0.206s][info][gc,phases,start] GC(2) Phase 2: Compute new object addresses
[0.206s][info][gc,phases      ] GC(2) Phase 2: Compute new object addresses 0.235ms
[0.206s][info][gc,phases,start] GC(2) Phase 3: Adjust pointers
[0.207s][info][gc,phases      ] GC(2) Phase 3: Adjust pointers 0.480ms
[0.207s][info][gc,phases,start] GC(2) Phase 4: Move objects
[0.207s][info][gc,phases      ] GC(2) Phase 4: Move objects 0.061ms
[0.207s][info][gc,heap        ] GC(2) DefNew: 1151K(1152K)->40K(1152K) Eden: 1024K(1024K)->40K(1024K) From: 127K(128K)->0K(128K)
[0.207s][info][gc,heap        ] GC(2) Tenured: 439K(768K)->959K(1600K)
[0.207s][info][gc,metaspace   ] GC(2) Metaspace: 6300K(6528K)->6300K(6528K) NonClass: 5767K(5888K)->5767K(5888K) Class: 533K(640K)->533K(640K)
[0.207s][info][gc             ] GC(2) Pause Full (Allocation Failure) 0M->0M(2M) 1.969ms
[0.207s][info][gc,cpu         ] GC(2) User=0.00s Sys=0.00s Real=0.00s
[0.208s][info][gc,start       ] GC(3) Pause Young (Allocation Failure)
[0.210s][info][gc,heap        ] GC(3) DefNew: 1024K(1152K)->127K(1152K) Eden: 1024K(1024K)->0K(1024K) From: 0K(128K)->127K(128K)
[0.210s][info][gc,heap        ] GC(3) Tenured: 959K(1600K)->1375K(1600K)
[0.210s][info][gc,metaspace   ] GC(3) Metaspace: 6300K(6528K)->6300K(6528K) NonClass: 5767K(5888K)->5767K(5888K) Class: 533K(640K)->533K(640K)
[0.210s][info][gc             ] GC(3) Pause Young (Allocation Failure) 1M->1M(2M) 1.799ms
[0.210s][info][gc,cpu         ] GC(3) User=0.00s Sys=0.00s Real=0.00s
[0.212s][info][gc,start       ] GC(4) Pause Young (Allocation Failure)
[0.213s][info][gc             ] GC(4) Pause Young (Allocation Failure) 2M->1M(3M) 1.240ms
[0.213s][info][gc,cpu         ] GC(4) User=0.00s Sys=0.00s Real=0.00s
[0.213s][info][gc,start       ] GC(5) Pause Full (Allocation Failure)
[0.213s][info][gc,phases,start] GC(5) Phase 1: Mark live objects
[0.215s][info][gc,phases      ] GC(5) Phase 1: Mark live objects 1.435ms
[0.215s][info][gc,phases,start] GC(5) Phase 2: Compute new object addresses
[0.215s][info][gc,phases      ] GC(5) Phase 2: Compute new object addresses 0.412ms
[0.215s][info][gc,phases,start] GC(5) Phase 3: Adjust pointers
[0.216s][info][gc,phases      ] GC(5) Phase 3: Adjust pointers 0.656ms
[0.216s][info][gc,phases,start] GC(5) Phase 4: Move objects
[0.216s][info][gc,phases      ] GC(5) Phase 4: Move objects 0.065ms
[0.216s][info][gc,heap        ] GC(5) DefNew: 1151K(1152K)->35K(1536K) Eden: 1024K(1024K)->35K(1408K) From: 127K(128K)->0K(128K)
[0.216s][info][gc,heap        ] GC(5) Tenured: 1375K(1600K)->1983K(3308K)
[0.216s][info][gc,metaspace   ] GC(5) Metaspace: 6300K(6528K)->6300K(6528K) NonClass: 5767K(5888K)->5767K(5888K) Class: 533K(640K)->533K(640K)
[0.216s][info][gc             ] GC(5) Pause Full (Allocation Failure) 1M->1M(4M) 2.925ms
[0.216s][info][gc,cpu         ] GC(5) User=0.00s Sys=0.00s Real=0.00s
[0.218s][info][gc,start       ] GC(6) Pause Young (Allocation Failure)
[0.220s][info][gc,heap        ] GC(6) DefNew: 1408K(1536K)->127K(1536K) Eden: 1408K(1408K)->0K(1408K) From: 0K(128K)->127K(128K)
[0.220s][info][gc,heap        ] GC(6) Tenured: 1983K(3308K)->2617K(3308K)
[0.220s][info][gc,metaspace   ] GC(6) Metaspace: 6300K(6528K)->6300K(6528K) NonClass: 5767K(5888K)->5767K(5888K) Class: 533K(640K)->533K(640K)
[0.220s][info][gc             ] GC(6) Pause Young (Allocation Failure) 3M->2M(4M) 1.889ms
[0.220s][info][gc,cpu         ] GC(6) User=0.00s Sys=0.00s Real=0.00s
[0.222s][info][gc,start       ] GC(7) Pause Young (Allocation Failure)
[0.224s][info][gc             ] GC(7) Pause Young (Allocation Failure) 4M->3M(4M) 2.393ms
[0.224s][info][gc,cpu         ] GC(7) User=0.00s Sys=0.00s Real=0.00s
[0.224s][info][gc,start       ] GC(8) Pause Full (Allocation Failure)
[0.224s][info][gc,phases,start] GC(8) Phase 1: Mark live objects
[0.227s][info][gc,phases      ] GC(8) Phase 1: Mark live objects 3.029ms
[0.227s][info][gc,phases,start] GC(8) Phase 2: Compute new object addresses
[0.228s][info][gc,phases      ] GC(8) Phase 2: Compute new object addresses 0.745ms
[0.228s][info][gc,phases,start] GC(8) Phase 3: Adjust pointers
[0.229s][info][gc,phases      ] GC(8) Phase 3: Adjust pointers 1.153ms
[0.229s][info][gc,phases,start] GC(8) Phase 4: Move objects
[0.230s][info][gc,phases      ] GC(8) Phase 4: Move objects 0.081ms
[0.230s][info][gc,heap        ] GC(8) DefNew: 1535K(1536K)->0K(2688K) Eden: 1408K(1408K)->0K(2432K) From: 127K(128K)->0K(256K)
[0.230s][info][gc,heap        ] GC(8) Tenured: 2617K(3308K)->3459K(5768K)
[0.230s][info][gc,metaspace   ] GC(8) Metaspace: 6300K(6528K)->6300K(6528K) NonClass: 5767K(5888K)->5767K(5888K) Class: 533K(640K)->533K(640K)
[0.230s][info][gc             ] GC(8) Pause Full (Allocation Failure) 3M->3M(8M) 5.378ms
[0.230s][info][gc,cpu         ] GC(8) User=0.00s Sys=0.00s Real=0.01s
[0.234s][info][gc,start       ] GC(9) Pause Young (Allocation Failure)
[0.237s][info][gc,heap        ] GC(9) DefNew: 2432K(2688K)->255K(2688K) Eden: 2432K(2432K)->0K(2432K) From: 0K(256K)->255K(256K)
[0.237s][info][gc,heap        ] GC(9) Tenured: 3459K(5768K)->4512K(5768K)
[0.237s][info][gc,metaspace   ] GC(9) Metaspace: 6300K(6528K)->6300K(6528K) NonClass: 5767K(5888K)->5767K(5888K) Class: 533K(640K)->533K(640K)
[0.237s][info][gc             ] GC(9) Pause Young (Allocation Failure) 5M->4M(8M) 3.089ms
[0.238s][info][gc,cpu         ] GC(9) User=0.00s Sys=0.00s Real=0.00s
[0.241s][info][gc,start       ] GC(10) Pause Young (Allocation Failure)
[0.244s][info][gc,heap        ] GC(10) DefNew: 2687K(2688K)->255K(2688K) Eden: 2432K(2432K)->0K(2432K) From: 255K(256K)->255K(256K)
[0.244s][info][gc,heap        ] GC(10) Tenured: 4512K(5768K)->5755K(5768K)
[0.244s][info][gc,metaspace   ] GC(10) Metaspace: 6300K(6528K)->6300K(6528K) NonClass: 5767K(5888K)->5767K(5888K) Class: 533K(640K)->533K(640K)
[0.244s][info][gc             ] GC(10) Pause Young (Allocation Failure) 7M->5M(8M) 3.471ms
[0.244s][info][gc,cpu         ] GC(10) User=0.00s Sys=0.00s Real=0.00s
[0.248s][info][gc,start       ] GC(11) Pause Young (Allocation Failure)
[0.251s][info][gc             ] GC(11) Pause Young (Allocation Failure) 8M->7M(9M) 3.755ms
[0.251s][info][gc,cpu         ] GC(11) User=0.00s Sys=0.00s Real=0.00s
[0.251s][info][gc,start       ] GC(12) Pause Full (Allocation Failure)
[0.252s][info][gc,phases,start] GC(12) Phase 1: Mark live objects
[0.257s][info][gc,phases      ] GC(12) Phase 1: Mark live objects 5.063ms
[0.257s][info][gc,phases,start] GC(12) Phase 2: Compute new object addresses
[0.258s][info][gc,phases      ] GC(12) Phase 2: Compute new object addresses 1.428ms
[0.258s][info][gc,phases,start] GC(12) Phase 3: Adjust pointers
[0.261s][info][gc,phases      ] GC(12) Phase 3: Adjust pointers 2.297ms
[0.261s][info][gc,phases,start] GC(12) Phase 4: Move objects
[0.262s][info][gc,phases      ] GC(12) Phase 4: Move objects 1.751ms
[0.263s][info][gc,heap        ] GC(12) DefNew: 2687K(2688K)->0K(5376K) Eden: 2432K(2432K)->0K(4800K) From: 255K(256K)->0K(576K)
[0.263s][info][gc,heap        ] GC(12) Tenured: 5755K(5768K)->7132K(11888K)
[0.263s][info][gc,metaspace   ] GC(12) Metaspace: 6300K(6528K)->6300K(6528K) NonClass: 5767K(5888K)->5767K(5888K) Class: 533K(640K)->533K(640K)
[0.263s][info][gc             ] GC(12) Pause Full (Allocation Failure) 7M->6M(16M) 11.170ms
[0.263s][info][gc,cpu         ] GC(12) User=0.00s Sys=0.00s Real=0.01s
[0.270s][info][gc,start       ] GC(13) Pause Young (Allocation Failure)
[0.277s][info][gc,heap        ] GC(13) DefNew: 4800K(5376K)->575K(5376K) Eden: 4800K(4800K)->0K(4800K) From: 0K(576K)->575K(576K)
[0.277s][info][gc,heap        ] GC(13) Tenured: 7132K(11888K)->9027K(11888K)
[0.277s][info][gc,metaspace   ] GC(13) Metaspace: 6300K(6528K)->6300K(6528K) NonClass: 5767K(5888K)->5767K(5888K) Class: 533K(640K)->533K(640K)
[0.277s][info][gc             ] GC(13) Pause Young (Allocation Failure) 11M->9M(16M) 6.233ms
[0.277s][info][gc,cpu         ] GC(13) User=0.00s Sys=0.00s Real=0.01s
[0.283s][info][gc,start       ] GC(14) Pause Young (Allocation Failure)
[0.291s][info][gc,heap        ] GC(14) DefNew: 5375K(5376K)->576K(5376K) Eden: 4800K(4800K)->0K(4800K) From: 575K(576K)->576K(576K)
[0.291s][info][gc,heap        ] GC(14) Tenured: 9027K(11888K)->11746K(11888K)
[0.291s][info][gc,metaspace   ] GC(14) Metaspace: 6300K(6528K)->6300K(6528K) NonClass: 5767K(5888K)->5767K(5888K) Class: 533K(640K)->533K(640K)
[0.291s][info][gc             ] GC(14) Pause Young (Allocation Failure) 14M->12M(16M) 8.034ms
[0.291s][info][gc,cpu         ] GC(14) User=0.00s Sys=0.00s Real=0.01s
[0.296s][info][gc,start       ] GC(15) Pause Young (Allocation Failure)
[0.303s][info][gc             ] GC(15) Pause Young (Allocation Failure) 16M->14M(19M) 7.088ms
[0.303s][info][gc,cpu         ] GC(15) User=0.00s Sys=0.00s Real=0.01s
[0.303s][info][gc,start       ] GC(16) Pause Full (Allocation Failure)
[0.303s][info][gc,phases,start] GC(16) Phase 1: Mark live objects
[0.312s][info][gc,phases      ] GC(16) Phase 1: Mark live objects 8.746ms
[0.312s][info][gc,phases,start] GC(16) Phase 2: Compute new object addresses
[0.315s][info][gc,phases      ] GC(16) Phase 2: Compute new object addresses 3.071ms
[0.315s][info][gc,phases,start] GC(16) Phase 3: Adjust pointers
[0.319s][info][gc,phases      ] GC(16) Phase 3: Adjust pointers 4.117ms
[0.319s][info][gc,phases,start] GC(16) Phase 4: Move objects
[0.319s][info][gc,phases      ] GC(16) Phase 4: Move objects 0.212ms
[0.320s][info][gc,heap        ] GC(16) DefNew: 5376K(5376K)->387K(10880K) Eden: 4800K(4800K)->387K(9728K) From: 576K(576K)->0K(1152K)
[0.320s][info][gc,heap        ] GC(16) Tenured: 11746K(11888K)->14383K(23976K)
[0.320s][info][gc,metaspace   ] GC(16) Metaspace: 6302K(6528K)->6302K(6528K) NonClass: 5769K(5888K)->5769K(5888K) Class: 533K(640K)->533K(640K)
[0.320s][info][gc             ] GC(16) Pause Full (Allocation Failure) 14M->14M(34M) 16.597ms
[0.320s][info][gc,cpu         ] GC(16) User=0.02s Sys=0.00s Real=0.02s
[0.329s][info][gc,start       ] GC(17) Pause Young (Allocation Failure)
[0.342s][info][gc,heap        ] GC(17) DefNew: 9728K(10880K)->1151K(10880K) Eden: 9728K(9728K)->0K(9728K) From: 0K(1152K)->1151K(1152K)
[0.342s][info][gc,heap        ] GC(17) Tenured: 14383K(23976K)->18415K(23976K)
[0.342s][info][gc,metaspace   ] GC(17) Metaspace: 6302K(6528K)->6302K(6528K) NonClass: 5769K(5888K)->5769K(5888K) Class: 533K(640K)->533K(640K)
[0.342s][info][gc             ] GC(17) Pause Young (Allocation Failure) 23M->19M(34M) 12.456ms
[0.342s][info][gc,cpu         ] GC(17) User=0.00s Sys=0.00s Real=0.01s
[0.349s][info][gc,start       ] GC(18) Pause Young (Allocation Failure)
[0.363s][info][gc,heap        ] GC(18) DefNew: 10879K(10880K)->1151K(10880K) Eden: 9728K(9728K)->0K(9728K) From: 1151K(1152K)->1151K(1152K)
[0.363s][info][gc,heap        ] GC(18) Tenured: 18415K(23976K)->23936K(23976K)
[0.363s][info][gc,metaspace   ] GC(18) Metaspace: 6302K(6528K)->6302K(6528K) NonClass: 5769K(5888K)->5769K(5888K) Class: 533K(640K)->533K(640K)
[0.363s][info][gc             ] GC(18) Pause Young (Allocation Failure) 28M->24M(34M) 13.537ms
[0.363s][info][gc,cpu         ] GC(18) User=0.00s Sys=0.00s Real=0.01s
[0.370s][info][gc,start       ] GC(19) Pause Young (Allocation Failure)
[0.382s][info][gc             ] GC(19) Pause Young (Allocation Failure) 34M->29M(38M) 11.630ms
[0.382s][info][gc,cpu         ] GC(19) User=0.00s Sys=0.00s Real=0.01s
[0.382s][info][gc,start       ] GC(20) Pause Full (Allocation Failure)
[0.382s][info][gc,phases,start] GC(20) Phase 1: Mark live objects
[0.396s][info][gc,phases      ] GC(20) Phase 1: Mark live objects 13.683ms
[0.396s][info][gc,phases,start] GC(20) Phase 2: Compute new object addresses
[0.400s][info][gc,phases      ] GC(20) Phase 2: Compute new object addresses 4.534ms
[0.400s][info][gc,phases,start] GC(20) Phase 3: Adjust pointers
[0.406s][info][gc,phases      ] GC(20) Phase 3: Adjust pointers 5.437ms
[0.406s][info][gc,phases,start] GC(20) Phase 4: Move objects
[0.406s][info][gc,phases      ] GC(20) Phase 4: Move objects 0.168ms
[0.406s][info][gc,heap        ] GC(20) DefNew: 10879K(10880K)->1080K(21888K) Eden: 9728K(9728K)->1080K(19520K) From: 1151K(1152K)->0K(2368K)
[0.406s][info][gc,heap        ] GC(20) Tenured: 23936K(23976K)->29035K(48396K)
[0.406s][info][gc,metaspace   ] GC(20) Metaspace: 6302K(6528K)->6302K(6528K) NonClass: 5769K(5888K)->5769K(5888K) Class: 533K(640K)->533K(640K)
[0.406s][info][gc             ] GC(20) Pause Full (Allocation Failure) 29M->29M(68M) 24.220ms
[0.406s][info][gc,cpu         ] GC(20) User=0.03s Sys=0.00s Real=0.02s
[0.425s][info][gc,start       ] GC(21) Pause Young (Allocation Failure)
[0.458s][info][gc,heap        ] GC(21) DefNew: 18427K(21888K)->2368K(21888K) Eden: 18427K(19520K)->0K(19520K) From: 0K(2368K)->2368K(2368K)
[0.459s][info][gc,heap        ] GC(21) Tenured: 29035K(48396K)->43096K(48396K)
[0.459s][info][gc,metaspace   ] GC(21) Metaspace: 6302K(6528K)->6302K(6528K) NonClass: 5769K(5888K)->5769K(5888K) Class: 533K(640K)->533K(640K)
[0.459s][info][gc             ] GC(21) Pause Young (Allocation Failure) 46M->44M(68M) 33.850ms
[0.459s][info][gc,cpu         ] GC(21) User=0.03s Sys=0.00s Real=0.03s
[0.477s][info][gc,start       ] GC(22) Pause Young (Allocation Failure)
[0.515s][info][gc             ] GC(22) Pause Young (Allocation Failure) 63M->63M(82M) 37.924ms
[0.515s][info][gc,cpu         ] GC(22) User=0.02s Sys=0.02s Real=0.04s
[0.515s][info][gc,start       ] GC(23) Pause Full (Allocation Failure)
[0.515s][info][gc,phases,start] GC(23) Phase 1: Mark live objects
[0.542s][info][gc,phases      ] GC(23) Phase 1: Mark live objects 26.886ms
[0.542s][info][gc,phases,start] GC(23) Phase 2: Compute new object addresses
[0.553s][info][gc,phases      ] GC(23) Phase 2: Compute new object addresses 10.723ms
[0.553s][info][gc,phases,start] GC(23) Phase 3: Adjust pointers
[0.565s][info][gc,phases      ] GC(23) Phase 3: Adjust pointers 11.690ms
[0.565s][info][gc,phases,start] GC(23) Phase 4: Move objects
[0.565s][info][gc,phases      ] GC(23) Phase 4: Move objects 0.349ms
[0.566s][info][gc,heap        ] GC(23) DefNew: 21888K(21888K)->2350K(47040K) Eden: 19520K(19520K)->2350K(41856K) From: 2368K(2368K)->0K(5184K)
[0.566s][info][gc,heap        ] GC(23) Tenured: 43096K(48396K)->62603K(104340K)
[0.566s][info][gc,metaspace   ] GC(23) Metaspace: 6302K(6528K)->6302K(6528K) NonClass: 5769K(5888K)->5769K(5888K) Class: 533K(640K)->533K(640K)
[0.566s][info][gc             ] GC(23) Pause Full (Allocation Failure) 63M->63M(147M) 50.291ms
[0.566s][info][gc,cpu         ] GC(23) User=0.03s Sys=0.00s Real=0.05s
[0.608s][info][gc,start       ] GC(24) Pause Young (Allocation Failure)
[0.676s][info][gc,heap        ] GC(24) DefNew: 41856K(47040K)->5183K(47040K) Eden: 41856K(41856K)->0K(41856K) From: 0K(5184K)->5183K(5184K)
[0.676s][info][gc,heap        ] GC(24) Tenured: 62603K(104340K)->99251K(104340K)
[0.676s][info][gc,metaspace   ] GC(24) Metaspace: 6302K(6528K)->6302K(6528K) NonClass: 5769K(5888K)->5769K(5888K) Class: 533K(640K)->533K(640K)
[0.676s][info][gc             ] GC(24) Pause Young (Allocation Failure) 102M->101M(147M) 67.781ms
[0.676s][info][gc,cpu         ] GC(24) User=0.03s Sys=0.02s Real=0.07s
[0.711s][info][gc,start       ] GC(25) Pause Young (Allocation Failure)
[0.789s][info][gc             ] GC(25) Pause Young (Allocation Failure) 142M->142M(183M) 78.180ms
[0.789s][info][gc,cpu         ] GC(25) User=0.06s Sys=0.00s Real=0.08s
[0.789s][info][gc,start       ] GC(26) Pause Full (Allocation Failure)
[0.789s][info][gc,phases,start] GC(26) Phase 1: Mark live objects
[0.852s][info][gc,phases      ] GC(26) Phase 1: Mark live objects 62.385ms
[0.852s][info][gc,phases,start] GC(26) Phase 2: Compute new object addresses
[0.874s][info][gc,phases      ] GC(26) Phase 2: Compute new object addresses 22.462ms
[0.874s][info][gc,phases,start] GC(26) Phase 3: Adjust pointers
[0.903s][info][gc,phases      ] GC(26) Phase 3: Adjust pointers 28.471ms
[0.903s][info][gc,phases,start] GC(26) Phase 4: Move objects
[0.929s][info][gc,phases      ] GC(26) Phase 4: Move objects 25.823ms
[0.929s][info][gc,heap        ] GC(26) DefNew: 47039K(47040K)->1341K(105920K) Eden: 41856K(41856K)->1341K(94208K) From: 5183K(5184K)->0K(11712K)
[0.929s][info][gc,heap        ] GC(26) Tenured: 99251K(104340K)->141079K(235136K)
[0.929s][info][gc,metaspace   ] GC(26) Metaspace: 6302K(6528K)->6302K(6528K) NonClass: 5769K(5888K)->5769K(5888K) Class: 533K(640K)->533K(640K)
[0.929s][info][gc             ] GC(26) Pause Full (Allocation Failure) 142M->139M(333M) 139.942ms
[0.929s][info][gc,cpu         ] GC(26) User=0.16s Sys=0.00s Real=0.14s
[1.035s][info][gc,start       ] GC(27) Pause Young (Allocation Failure)
[1.209s][info][gc,heap        ] GC(27) DefNew: 94208K(105920K)->11711K(105920K) Eden: 94208K(94208K)->0K(94208K) From: 0K(11712K)->11711K(11712K)
[1.209s][info][gc,heap        ] GC(27) Tenured: 141079K(235136K)->223545K(235136K)
[1.209s][info][gc,metaspace   ] GC(27) Metaspace: 6302K(6528K)->6302K(6528K) NonClass: 5769K(5888K)->5769K(5888K) Class: 533K(640K)->533K(640K)
[1.209s][info][gc             ] GC(27) Pause Young (Allocation Failure) 229M->229M(333M) 174.429ms
[1.209s][info][gc,cpu         ] GC(27) User=0.12s Sys=0.02s Real=0.17s
[1.296s][info][gc,start       ] GC(28) Pause Young (Allocation Failure)
[1.490s][info][gc             ] GC(28) Pause Young (Allocation Failure) 321M->321M(413M) 193.843ms
[1.490s][info][gc,cpu         ] GC(28) User=0.14s Sys=0.05s Real=0.19s
[1.490s][info][gc,start       ] GC(29) Pause Full (Allocation Failure)
[1.490s][info][gc,phases,start] GC(29) Phase 1: Mark live objects
[1.641s][info][gc,phases      ] GC(29) Phase 1: Mark live objects 150.452ms
[1.641s][info][gc,phases,start] GC(29) Phase 2: Compute new object addresses
[1.692s][info][gc,phases      ] GC(29) Phase 2: Compute new object addresses 51.407ms
[1.692s][info][gc,phases,start] GC(29) Phase 3: Adjust pointers
[1.748s][info][gc,phases      ] GC(29) Phase 3: Adjust pointers 56.018ms
[1.748s][info][gc,phases,start] GC(29) Phase 4: Move objects
[1.751s][info][gc,phases      ] GC(29) Phase 4: Move objects 2.817ms
[1.752s][info][gc,heap        ] GC(29) DefNew: 105919K(105920K)->11602K(238464K) Eden: 94208K(94208K)->11602K(212032K) From: 11711K(11712K)->0K(26432K)
[1.752s][info][gc,heap        ] GC(29) Tenured: 223545K(235136K)->317827K(529716K)
[1.752s][info][gc,metaspace   ] GC(29) Metaspace: 6302K(6528K)->6302K(6528K) NonClass: 5769K(5888K)->5769K(5888K) Class: 533K(640K)->533K(640K)
[1.752s][info][gc             ] GC(29) Pause Full (Allocation Failure) 321M->321M(750M) 262.051ms
[1.752s][info][gc,cpu         ] GC(29) User=0.25s Sys=0.00s Real=0.26s
[1.975s][info][gc,start       ] GC(30) Pause Young (Allocation Failure)
[2.337s][info][gc,heap        ] GC(30) DefNew: 212032K(238464K)->26431K(238464K) Eden: 212032K(212032K)->0K(212032K) From: 0K(26432K)->26431K(26432K)
[2.337s][info][gc,heap        ] GC(30) Tenured: 317827K(529716K)->503401K(529716K)
[2.337s][info][gc,metaspace   ] GC(30) Metaspace: 6302K(6528K)->6302K(6528K) NonClass: 5769K(5888K)->5769K(5888K) Class: 533K(640K)->533K(640K)
[2.337s][info][gc             ] GC(30) Pause Young (Allocation Failure) 517M->517M(750M) 362.302ms
[2.337s][info][gc,cpu         ] GC(30) User=0.33s Sys=0.03s Real=0.36s
[2.524s][info][gc,start       ] GC(31) Pause Young (Allocation Failure)
[2.927s][info][gc             ] GC(31) Pause Young (Allocation Failure) 702M->700M(907M) 403.353ms
[2.927s][info][gc,cpu         ] GC(31) User=0.34s Sys=0.05s Real=0.40s
[2.927s][info][gc,start       ] GC(32) Pause Full (Allocation Failure)
[2.927s][info][gc,phases,start] GC(32) Phase 1: Mark live objects
[3.385s][info][gc,phases      ] GC(32) Phase 1: Mark live objects 457.685ms
[3.385s][info][gc,phases,start] GC(32) Phase 2: Compute new object addresses
[3.529s][info][gc,phases      ] GC(32) Phase 2: Compute new object addresses 144.065ms
[3.529s][info][gc,phases,start] GC(32) Phase 3: Adjust pointers
[3.716s][info][gc,phases      ] GC(32) Phase 3: Adjust pointers 186.597ms
[3.716s][info][gc,phases,start] GC(32) Phase 4: Move objects
[3.724s][info][gc,phases      ] GC(32) Phase 4: Move objects 7.808ms
[3.726s][info][gc,heap        ] GC(32) DefNew: 216079K(238464K)->26276K(518400K) Eden: 189647K(212032K)->26276K(460800K) From: 26431K(26432K)->0K(57600K)
[3.726s][info][gc,heap        ] GC(32) Tenured: 503401K(529716K)->691187K(1151980K)
[3.726s][info][gc,metaspace   ] GC(32) Metaspace: 6302K(6528K)->6302K(6528K) NonClass: 5769K(5888K)->5769K(5888K) Class: 533K(640K)->533K(640K)
[3.726s][info][gc             ] GC(32) Pause Full (Allocation Failure) 700M->700M(1631M) 799.275ms
[3.727s][info][gc,cpu         ] GC(32) User=0.45s Sys=0.00s Real=0.80s
[4.274s][info][gc,start       ] GC(33) Pause Young (Allocation Failure)
[5.125s][info][gc,heap        ] GC(33) DefNew: 460800K(518400K)->57600K(518400K) Eden: 460800K(460800K)->0K(460800K) From: 0K(57600K)->57600K(57600K)
[5.125s][info][gc,heap        ] GC(33) Tenured: 691187K(1151980K)->1094359K(1151980K)
[5.125s][info][gc,metaspace   ] GC(33) Metaspace: 6302K(6528K)->6302K(6528K) NonClass: 5769K(5888K)->5769K(5888K) Class: 533K(640K)->533K(640K)
[5.125s][info][gc             ] GC(33) Pause Young (Allocation Failure) 1124M->1124M(1631M) 851.115ms
[5.125s][info][gc,cpu         ] GC(33) User=0.73s Sys=0.02s Real=0.85s
[5.624s][info][gc,start       ] GC(34) Pause Young (Allocation Failure)
[6.495s][info][gc             ] GC(34) Pause Young (Allocation Failure) 1574M->1523M(1973M) 871.230ms
[6.495s][info][gc,cpu         ] GC(34) User=0.58s Sys=0.17s Real=0.87s
[6.495s][info][gc,start       ] GC(35) Pause Full (Allocation Failure)
[6.495s][info][gc,phases,start] GC(35) Phase 1: Mark live objects
[7.301s][info][gc,phases      ] GC(35) Phase 1: Mark live objects 806.273ms
[7.301s][info][gc,phases,start] GC(35) Phase 2: Compute new object addresses
[7.522s][info][gc,phases      ] GC(35) Phase 2: Compute new object addresses 220.919ms
[7.522s][info][gc,phases,start] GC(35) Phase 3: Adjust pointers
[7.801s][info][gc,phases      ] GC(35) Phase 3: Adjust pointers 278.383ms
[7.801s][info][gc,phases,start] GC(35) Phase 4: Move objects
[7.812s][info][gc,phases      ] GC(35) Phase 4: Move objects 11.092ms
[7.816s][info][gc,heap        ] GC(35) DefNew: 518400K(518400K)->57548K(1126912K) Eden: 460800K(460800K)->57548K(1001728K) From: 57600K(57600K)->0K(125184K)
[7.816s][info][gc,heap        ] GC(35) Tenured: 1094359K(1151980K)->1502447K(2504080K)
[7.816s][info][gc,metaspace   ] GC(35) Metaspace: 6302K(6528K)->6302K(6528K) NonClass: 5769K(5888K)->5769K(5888K) Class: 533K(640K)->533K(640K)
[7.816s][info][gc             ] GC(35) Pause Full (Allocation Failure) 1523M->1523M(3545M) 1321.192ms
[7.816s][info][gc,cpu         ] GC(35) User=1.20s Sys=0.00s Real=1.32s
[8.824s][info][gc,start       ] GC(36) Pause Young (Allocation Failure)
[10.632s][info][gc,heap        ] GC(36) DefNew: 1001728K(1126912K)->125184K(1126912K) Eden: 1001728K(1001728K)->0K(1001728K) From: 0K(125184K)->125184K(125184K)
[10.632s][info][gc,heap        ] GC(36) Tenured: 1502447K(2504080K)->2378963K(2504080K)
[10.632s][info][gc,metaspace   ] GC(36) Metaspace: 6302K(6528K)->6302K(6528K) NonClass: 5769K(5888K)->5769K(5888K) Class: 533K(640K)->533K(640K)
[10.632s][info][gc             ] GC(36) Pause Young (Allocation Failure) 2445M->2445M(3545M) 1807.693ms
[10.632s][info][gc,cpu         ] GC(36) User=1.61s Sys=0.16s Real=1.81s
[11.622s][info][gc,start       ] GC(37) Pause Young (Allocation Failure)
[13.367s][info][gc             ] GC(37) Pause Young (Allocation Failure) 3423M->3423M(4401M) 1745.591ms
[13.367s][info][gc,cpu         ] GC(37) User=1.39s Sys=0.34s Real=1.75s
[13.367s][info][gc,start       ] GC(38) Pause Full (Allocation Failure)
[13.368s][info][gc,phases,start] GC(38) Phase 1: Mark live objects
[14.963s][info][gc,phases      ] GC(38) Phase 1: Mark live objects 1595.307ms
[14.963s][info][gc,phases,start] GC(38) Phase 2: Compute new object addresses
[15.496s][info][gc,phases      ] GC(38) Phase 2: Compute new object addresses 533.066ms
[15.496s][info][gc,phases,start] GC(38) Phase 3: Adjust pointers
[16.197s][info][gc,phases      ] GC(38) Phase 3: Adjust pointers 701.283ms
[16.197s][info][gc,phases,start] GC(38) Phase 4: Move objects
[16.848s][info][gc,phases      ] GC(38) Phase 4: Move objects 650.969ms
[16.855s][info][gc,heap        ] GC(38) DefNew: 1126912K(1126912K)->30945K(2181120K) Eden: 1001728K(1001728K)->30945K(1938816K) From: 125184K(125184K)->0K(242304K)
[16.855s][info][gc,heap        ] GC(38) Tenured: 2378963K(2504080K)->3380691K(4846976K)
[16.855s][info][gc,metaspace   ] GC(38) Metaspace: 6302K(6528K)->6302K(6528K) NonClass: 5769K(5888K)->5769K(5888K) Class: 533K(640K)->533K(640K)
[16.855s][info][gc             ] GC(38) Pause Full (Allocation Failure) 3423M->3331M(6863M) 3487.446ms
[16.855s][info][gc,cpu         ] GC(38) User=3.42s Sys=0.00s Real=3.49s
[18.753s][info][gc,start       ] GC(39) Pause Young (Allocation Failure)
[22.435s][info][gc,promotion   ] GC(39) Promotion failed
[22.435s][info][gc             ] GC(39) Pause Young (Allocation Failure) 5194M->6863M(6863M) 3681.744ms
[22.435s][info][gc,cpu         ] GC(39) User=3.16s Sys=0.44s Real=3.68s
[22.435s][info][gc,start       ] GC(40) Pause Full (Allocation Failure)
[22.435s][info][gc,phases,start] GC(40) Phase 1: Mark live objects
[24.998s][info][gc,phases      ] GC(40) Phase 1: Mark live objects 2562.774ms
[24.998s][info][gc,phases,start] GC(40) Phase 2: Compute new object addresses
[26.009s][info][gc,phases      ] GC(40) Phase 2: Compute new object addresses 1011.771ms
[26.009s][info][gc,phases,start] GC(40) Phase 3: Adjust pointers
[27.023s][info][gc,phases      ] GC(40) Phase 3: Adjust pointers 1013.817ms
[27.023s][info][gc,phases,start] GC(40) Phase 4: Move objects
[27.166s][info][gc,phases      ] GC(40) Phase 4: Move objects 142.960ms
[27.167s][info][gc,heap        ] GC(40) DefNew: 1938816K(2181120K)->472496K(2181120K) Eden: 1938816K(1938816K)->472496K(1938816K) From: 0K(242304K)->0K(242304K)
[27.167s][info][gc,heap        ] GC(40) Tenured: 3380691K(4846976K)->4846976K(4846976K)
[27.167s][info][gc,metaspace   ] GC(40) Metaspace: 6302K(6528K)->6302K(6528K) NonClass: 5769K(5888K)->5769K(5888K) Class: 533K(640K)->533K(640K)
[27.167s][info][gc             ] GC(40) Pause Full (Allocation Failure) 6863M->5194M(6863M) 4732.228ms
[27.167s][info][gc,cpu         ] GC(40) User=4.70s Sys=0.00s Real=4.73s
[29.288s][info][gc,start       ] GC(41) Pause Full (Allocation Failure)
[29.289s][info][gc,phases,start] GC(41) Phase 1: Mark live objects
[32.372s][info][gc,phases      ] GC(41) Phase 1: Mark live objects 3083.600ms
[32.372s][info][gc,phases,start] GC(41) Phase 2: Compute new object addresses
[33.320s][info][gc,phases      ] GC(41) Phase 2: Compute new object addresses 947.207ms
[33.320s][info][gc,phases,start] GC(41) Phase 3: Adjust pointers
[34.688s][info][gc,phases      ] GC(41) Phase 3: Adjust pointers 1368.122ms
[34.688s][info][gc,phases,start] GC(41) Phase 4: Move objects
[34.933s][info][gc,phases      ] GC(41) Phase 4: Move objects 245.312ms
[34.934s][info][gc,heap        ] GC(41) DefNew: 2181119K(2181120K)->2181100K(2181120K) Eden: 1938816K(1938816K)->1938815K(1938816K) From: 242303K(242304K)->242284K(242304K)
[34.934s][info][gc,heap        ] GC(41) Tenured: 4846976K(4846976K)->4846976K(4846976K)
[34.934s][info][gc,metaspace   ] GC(41) Metaspace: 6302K(6528K)->6302K(6528K) NonClass: 5769K(5888K)->5769K(5888K) Class: 533K(640K)->533K(640K)
[34.934s][info][gc             ] GC(41) Pause Full (Allocation Failure) 6863M->6863M(6863M) 5645.406ms
[34.934s][info][gc,cpu         ] GC(41) User=5.64s Sys=0.00s Real=5.65s
[34.934s][info][gc,start       ] GC(42) Pause Full (Allocation Failure)
[34.934s][info][gc,phases,start] GC(42) Phase 1: Mark live objects
[38.025s][info][gc,phases      ] GC(42) Phase 1: Mark live objects 3091.288ms
[38.025s][info][gc,phases,start] GC(42) Phase 2: Compute new object addresses
[38.971s][info][gc,phases      ] GC(42) Phase 2: Compute new object addresses 945.652ms
[38.971s][info][gc,phases,start] GC(42) Phase 3: Adjust pointers
[40.239s][info][gc,phases      ] GC(42) Phase 3: Adjust pointers 1267.610ms
[40.239s][info][gc,phases,start] GC(42) Phase 4: Move objects
[40.239s][info][gc,phases      ] GC(42) Phase 4: Move objects 0.017ms
[40.239s][info][gc,heap        ] GC(42) DefNew: 2181119K(2181120K)->2181119K(2181120K) Eden: 1938815K(1938816K)->1938815K(1938816K) From: 242303K(242304K)->242303K(242304K)
[40.239s][info][gc,heap        ] GC(42) Tenured: 4846976K(4846976K)->4846976K(4846976K)
[40.239s][info][gc,metaspace   ] GC(42) Metaspace: 6302K(6528K)->6302K(6528K) NonClass: 5769K(5888K)->5769K(5888K) Class: 533K(640K)->533K(640K)
[40.239s][info][gc             ] GC(42) Pause Full (Allocation Failure) 6863M->6863M(6863M) 5305.242ms
[40.239s][info][gc,cpu         ] GC(42) User=5.28s Sys=0.00s Real=5.31s
[40.239s][info][gc,start       ] GC(43) Pause Full (Allocation Failure)
[40.239s][info][gc,phases,start] GC(43) Phase 1: Mark live objects
[43.324s][info][gc,phases      ] GC(43) Phase 1: Mark live objects 3085.129ms
[43.324s][info][gc,phases,start] GC(43) Phase 2: Compute new object addresses
[44.266s][info][gc,phases      ] GC(43) Phase 2: Compute new object addresses 941.470ms
[44.266s][info][gc,phases,start] GC(43) Phase 3: Adjust pointers
[45.776s][info][gc,phases      ] GC(43) Phase 3: Adjust pointers 1509.761ms
[45.776s][info][gc,phases,start] GC(43) Phase 4: Move objects
[47.046s][info][gc,phases      ] GC(43) Phase 4: Move objects 1270.527ms
[47.047s][info][gc,heap        ] GC(43) DefNew: 2181119K(2181120K)->2050043K(2181120K) Eden: 1938815K(1938816K)->1938815K(1938816K) From: 242303K(242304K)->111227K(242304K)
[47.047s][info][gc,heap        ] GC(43) Tenured: 4846976K(4846976K)->4846975K(4846976K)
[47.047s][info][gc,metaspace   ] GC(43) Metaspace: 6302K(6528K)->6300K(6528K) NonClass: 5769K(5888K)->5768K(5888K) Class: 533K(640K)->532K(640K)
[47.047s][info][gc             ] GC(43) Pause Full (Allocation Failure) 6863M->6735M(6863M) 6807.638ms
[47.047s][info][gc,cpu         ] GC(43) User=6.77s Sys=0.00s Real=6.81s
[47.406s][info][gc,start       ] GC(44) Pause Full (Allocation Failure)
[47.407s][info][gc,phases,start] GC(44) Phase 1: Mark live objects
[50.558s][info][gc,phases      ] GC(44) Phase 1: Mark live objects 3151.515ms
[50.558s][info][gc,phases,start] GC(44) Phase 2: Compute new object addresses
[51.531s][info][gc,phases      ] GC(44) Phase 2: Compute new object addresses 973.148ms
[51.531s][info][gc,phases,start] GC(44) Phase 3: Adjust pointers
[52.856s][info][gc,phases      ] GC(44) Phase 3: Adjust pointers 1324.384ms
[52.856s][info][gc,phases,start] GC(44) Phase 4: Move objects
[52.856s][info][gc,phases      ] GC(44) Phase 4: Move objects 0.017ms
[52.856s][info][gc,heap        ] GC(44) DefNew: 2181119K(2181120K)->2181119K(2181120K) Eden: 1938815K(1938816K)->1938815K(1938816K) From: 242303K(242304K)->242303K(242304K)
[52.856s][info][gc,heap        ] GC(44) Tenured: 4846975K(4846976K)->4846975K(4846976K)
[52.856s][info][gc,metaspace   ] GC(44) Metaspace: 6300K(6528K)->6300K(6528K) NonClass: 5768K(5888K)->5768K(5888K) Class: 532K(640K)->532K(640K)
[52.856s][info][gc             ] GC(44) Pause Full (Allocation Failure) 6863M->6863M(6863M) 5449.815ms
[52.856s][info][gc,cpu         ] GC(44) User=5.34s Sys=0.00s Real=5.45s
[52.856s][info][gc,start       ] GC(45) Pause Full (Allocation Failure)
[52.856s][info][gc,phases,start] GC(45) Phase 1: Mark live objects
[56.004s][info][gc,phases      ] GC(45) Phase 1: Mark live objects 3147.702ms
[56.004s][info][gc,phases,start] GC(45) Phase 2: Compute new object addresses
[56.968s][info][gc,phases      ] GC(45) Phase 2: Compute new object addresses 964.295ms
[56.969s][info][gc,phases,start] GC(45) Phase 3: Adjust pointers
[58.274s][info][gc,phases      ] GC(45) Phase 3: Adjust pointers 1305.471ms
[58.274s][info][gc,phases,start] GC(45) Phase 4: Move objects
[58.274s][info][gc,phases      ] GC(45) Phase 4: Move objects 0.018ms
[58.274s][info][gc,heap        ] GC(45) DefNew: 2181119K(2181120K)->2181119K(2181120K) Eden: 1938815K(1938816K)->1938815K(1938816K) From: 242303K(242304K)->242303K(242304K)
[58.274s][info][gc,heap        ] GC(45) Tenured: 4846975K(4846976K)->4846975K(4846976K)
[58.275s][info][gc,metaspace   ] GC(45) Metaspace: 6300K(6528K)->6300K(6528K) NonClass: 5768K(5888K)->5768K(5888K) Class: 532K(640K)->532K(640K)
[58.275s][info][gc             ] GC(45) Pause Full (Allocation Failure) 6863M->6863M(6863M) 5418.162ms
[58.275s][info][gc,cpu         ] GC(45) User=5.38s Sys=0.00s Real=5.42s
[58.275s][info][gc,start       ] GC(46) Pause Full (Allocation Failure)
[58.275s][info][gc,phases,start] GC(46) Phase 1: Mark live objects
[61.428s][info][gc,phases      ] GC(46) Phase 1: Mark live objects 3152.908ms
[61.428s][info][gc,phases,start] GC(46) Phase 2: Compute new object addresses
[62.397s][info][gc,phases      ] GC(46) Phase 2: Compute new object addresses 968.671ms
[62.397s][info][gc,phases,start] GC(46) Phase 3: Adjust pointers
[63.682s][info][gc,phases      ] GC(46) Phase 3: Adjust pointers 1284.979ms
[63.682s][info][gc,phases,start] GC(46) Phase 4: Move objects
[63.682s][info][gc,phases      ] GC(46) Phase 4: Move objects 0.016ms
[63.682s][info][gc,heap        ] GC(46) DefNew: 2181119K(2181120K)->2181119K(2181120K) Eden: 1938815K(1938816K)->1938815K(1938816K) From: 242304K(242304K)->242304K(242304K)
[63.682s][info][gc,heap        ] GC(46) Tenured: 4846975K(4846976K)->4846975K(4846976K)
[63.682s][info][gc,metaspace   ] GC(46) Metaspace: 6300K(6528K)->6300K(6528K) NonClass: 5768K(5888K)->5768K(5888K) Class: 532K(640K)->532K(640K)
[63.682s][info][gc             ] GC(46) Pause Full (Allocation Failure) 6863M->6863M(6863M) 5407.256ms
[63.682s][info][gc,cpu         ] GC(46) User=5.41s Sys=0.00s Real=5.41s
[63.682s][info][gc,start       ] GC(47) Pause Full (Allocation Failure)
[63.682s][info][gc,phases,start] GC(47) Phase 1: Mark live objects
[66.832s][info][gc,phases      ] GC(47) Phase 1: Mark live objects 3149.932ms
[66.832s][info][gc,phases,start] GC(47) Phase 2: Compute new object addresses
[67.796s][info][gc,phases      ] GC(47) Phase 2: Compute new object addresses 963.466ms
[67.796s][info][gc,phases,start] GC(47) Phase 3: Adjust pointers
[69.345s][info][gc,phases      ] GC(47) Phase 3: Adjust pointers 1548.866ms
[69.345s][info][gc,phases,start] GC(47) Phase 4: Move objects
[70.506s][info][gc,phases      ] GC(47) Phase 4: Move objects 1161.161ms
[70.506s][info][gc,heap        ] GC(47) DefNew: 2181119K(2181120K)->2181118K(2181120K) Eden: 1938815K(1938816K)->1938815K(1938816K) From: 242304K(242304K)->242302K(242304K)
[70.506s][info][gc,heap        ] GC(47) Tenured: 4846975K(4846976K)->4846975K(4846976K)
[70.506s][info][gc,metaspace   ] GC(47) Metaspace: 6300K(6528K)->6300K(6528K) NonClass: 5768K(5888K)->5768K(5888K) Class: 532K(640K)->532K(640K)
[70.506s][info][gc             ] GC(47) Pause Full (Allocation Failure) 6863M->6863M(6863M) 6824.215ms
[70.506s][info][gc,cpu         ] GC(47) User=6.80s Sys=0.00s Real=6.82s
[70.508s][info][gc,start       ] GC(48) Pause Full (Allocation Failure)
[70.508s][info][gc,phases,start] GC(48) Phase 1: Mark live objects
[73.670s][info][gc,phases      ] GC(48) Phase 1: Mark live objects 3162.346ms
[73.670s][info][gc,phases,start] GC(48) Phase 2: Compute new object addresses
[74.688s][info][gc,phases      ] GC(48) Phase 2: Compute new object addresses 1017.525ms
[74.688s][info][gc,phases,start] GC(48) Phase 3: Adjust pointers
[76.032s][info][gc,phases      ] GC(48) Phase 3: Adjust pointers 1343.709ms
[76.032s][info][gc,phases,start] GC(48) Phase 4: Move objects
[76.032s][info][gc,phases      ] GC(48) Phase 4: Move objects 0.017ms
[76.032s][info][gc,heap        ] GC(48) DefNew: 2181119K(2181120K)->2181119K(2181120K) Eden: 1938816K(1938816K)->1938815K(1938816K) From: 242303K(242304K)->242303K(242304K)
[76.032s][info][gc,heap        ] GC(48) Tenured: 4846975K(4846976K)->4846975K(4846976K)
[76.032s][info][gc,metaspace   ] GC(48) Metaspace: 6302K(6528K)->6302K(6528K) NonClass: 5768K(5888K)->5768K(5888K) Class: 533K(640K)->533K(640K)
[76.032s][info][gc             ] GC(48) Pause Full (Allocation Failure) 6863M->6863M(6863M) 5524.369ms
[76.032s][info][gc,cpu         ] GC(48) User=5.45s Sys=0.00s Real=5.53s
[76.033s][info][gc,heap,exit   ] Heap
[76.033s][info][gc,heap,exit   ]  def new generation   total 2181120K, used 2181119K [0x0000000644400000, 0x00000006d82a0000, 0x00000006d82a0000)
[76.033s][info][gc,heap,exit   ]   eden space 1938816K, 100% used [0x0000000644400000, 0x00000006ba960000, 0x00000006ba960000)
[76.033s][info][gc,heap,exit   ]   from space 242304K,  99% used [0x00000006c9600000, 0x00000006d829ff78, 0x00000006d82a0000)
[76.033s][info][gc,heap,exit   ]   to   space 242304K,   0% used [0x00000006ba960000, 0x00000006ba960000, 0x00000006c9600000)
[76.033s][info][gc,heap,exit   ]  tenured generation   total 4846976K, used 4846975K [0x00000006d82a0000, 0x0000000800000000, 0x0000000800000000)
[76.033s][info][gc,heap,exit   ]    the space 4846976K,  99% used [0x00000006d82a0000, 0x00000007ffffffd0, 0x0000000800000000, 0x0000000800000000)
[76.033s][info][gc,heap,exit   ]  Metaspace       used 6305K, committed 6528K, reserved 1114112K
[76.033s][info][gc,heap,exit   ]   class space    used 534K, committed 640K, reserved 1048576K
