[0.011s][info][gc,init] CardTable entry size: 512
[0.011s][info][gc     ] Using Serial
[0.011s][info][gc,init] Version: 18.0.1+10 (release)
[0.011s][info][gc,init] CPUs: 8 total, 8 available
[0.011s][info][gc,init] Memory: 16063M
[0.011s][info][gc,init] Large Page Support: Disabled
[0.011s][info][gc,init] NUMA Support: Disabled
[0.011s][info][gc,init] Compressed Oops: Enabled (Zero based)
[0.011s][info][gc,init] Heap Min Capacity: 2M
[0.011s][info][gc,init] Heap Initial Capacity: 2M
[0.011s][info][gc,init] Heap Max Capacity: 6500M
[0.011s][info][gc,init] Pre-touch: Disabled
[0.012s][info][gc,metaspace] CDS archive(s) not mapped
[0.012s][info][gc,metaspace] Compressed class space mapped at: 0x0000000800000000-0x0000000840000000, reserved size: 1073741824
[0.012s][info][gc,metaspace] Narrow klass base: 0x0000000800000000, Narrow klass shift: 0, Narrow klass range: 0x40000000
[0.173s][info][gc,start    ] GC(0) Pause Young (Allocation Failure)
[0.175s][info][gc,heap     ] GC(0) DefNew: 1023K(1152K)->127K(1152K) Eden: 1023K(1024K)->0K(1024K) From: 0K(128K)->127K(128K)
[0.175s][info][gc,heap     ] GC(0) Tenured: 0K(768K)->439K(768K)
[0.175s][info][gc,metaspace] GC(0) Metaspace: 5899K(6016K)->5899K(6016K) NonClass: 5399K(5504K)->5399K(5504K) Class: 499K(512K)->499K(512K)
[0.175s][info][gc          ] GC(0) Pause Young (Allocation Failure) 0M->0M(1M) 1.762ms
[0.175s][info][gc,cpu      ] GC(0) User=0.00s Sys=0.00s Real=0.00s
[0.194s][info][gc,start    ] GC(1) Pause Young (Allocation Failure)
[0.196s][info][gc          ] GC(1) Pause Young (Allocation Failure) 1M->0M(2M) 1.402ms
[0.196s][info][gc,cpu      ] GC(1) User=0.00s Sys=0.00s Real=0.00s
[0.196s][info][gc,start    ] GC(2) Pause Full (Allocation Failure)
[0.196s][info][gc,phases,start] GC(2) Phase 1: Mark live objects
[0.197s][info][gc,phases      ] GC(2) Phase 1: Mark live objects 1.028ms
[0.197s][info][gc,phases,start] GC(2) Phase 2: Compute new object addresses
[0.197s][info][gc,phases      ] GC(2) Phase 2: Compute new object addresses 0.245ms
[0.197s][info][gc,phases,start] GC(2) Phase 3: Adjust pointers
[0.198s][info][gc,phases      ] GC(2) Phase 3: Adjust pointers 0.613ms
[0.198s][info][gc,phases,start] GC(2) Phase 4: Move objects
[0.198s][info][gc,phases      ] GC(2) Phase 4: Move objects 0.075ms
[0.198s][info][gc,heap        ] GC(2) DefNew: 1151K(1152K)->41K(1152K) Eden: 1024K(1024K)->41K(1024K) From: 127K(128K)->0K(128K)
[0.198s][info][gc,heap        ] GC(2) Tenured: 439K(768K)->960K(1600K)
[0.198s][info][gc,metaspace   ] GC(2) Metaspace: 6296K(6464K)->6296K(6464K) NonClass: 5763K(5824K)->5763K(5824K) Class: 533K(640K)->533K(640K)
[0.198s][info][gc             ] GC(2) Pause Full (Allocation Failure) 0M->0M(2M) 2.409ms
[0.198s][info][gc,cpu         ] GC(2) User=0.00s Sys=0.00s Real=0.00s
[0.200s][info][gc,start       ] GC(3) Pause Young (Allocation Failure)
[0.201s][info][gc,heap        ] GC(3) DefNew: 1024K(1152K)->128K(1152K) Eden: 1024K(1024K)->0K(1024K) From: 0K(128K)->128K(128K)
[0.201s][info][gc,heap        ] GC(3) Tenured: 960K(1600K)->1375K(1600K)
[0.201s][info][gc,metaspace   ] GC(3) Metaspace: 6296K(6464K)->6296K(6464K) NonClass: 5763K(5824K)->5763K(5824K) Class: 533K(640K)->533K(640K)
[0.201s][info][gc             ] GC(3) Pause Young (Allocation Failure) 1M->1M(2M) 1.510ms
[0.201s][info][gc,cpu         ] GC(3) User=0.00s Sys=0.00s Real=0.00s
[0.203s][info][gc,start       ] GC(4) Pause Young (Allocation Failure)
[0.204s][info][gc             ] GC(4) Pause Young (Allocation Failure) 2M->1M(3M) 1.215ms
[0.204s][info][gc,cpu         ] GC(4) User=0.00s Sys=0.00s Real=0.00s
[0.204s][info][gc,start       ] GC(5) Pause Full (Allocation Failure)
[0.204s][info][gc,phases,start] GC(5) Phase 1: Mark live objects
[0.205s][info][gc,phases      ] GC(5) Phase 1: Mark live objects 1.534ms
[0.205s][info][gc,phases,start] GC(5) Phase 2: Compute new object addresses
[0.206s][info][gc,phases      ] GC(5) Phase 2: Compute new object addresses 0.424ms
[0.206s][info][gc,phases,start] GC(5) Phase 3: Adjust pointers
[0.207s][info][gc,phases      ] GC(5) Phase 3: Adjust pointers 0.732ms
[0.207s][info][gc,phases,start] GC(5) Phase 4: Move objects
[0.207s][info][gc,phases      ] GC(5) Phase 4: Move objects 0.072ms
[0.207s][info][gc,heap        ] GC(5) DefNew: 1152K(1152K)->35K(1536K) Eden: 1024K(1024K)->35K(1408K) From: 128K(128K)->0K(128K)
[0.207s][info][gc,heap        ] GC(5) Tenured: 1375K(1600K)->1983K(3308K)
[0.207s][info][gc,metaspace   ] GC(5) Metaspace: 6296K(6464K)->6296K(6464K) NonClass: 5763K(5824K)->5763K(5824K) Class: 533K(640K)->533K(640K)
[0.207s][info][gc             ] GC(5) Pause Full (Allocation Failure) 1M->1M(4M) 3.137ms
[0.207s][info][gc,cpu         ] GC(5) User=0.00s Sys=0.00s Real=0.00s
[0.209s][info][gc,start       ] GC(6) Pause Young (Allocation Failure)
[0.211s][info][gc,heap        ] GC(6) DefNew: 1408K(1536K)->128K(1536K) Eden: 1408K(1408K)->0K(1408K) From: 0K(128K)->128K(128K)
[0.211s][info][gc,heap        ] GC(6) Tenured: 1983K(3308K)->2617K(3308K)
[0.211s][info][gc,metaspace   ] GC(6) Metaspace: 6296K(6464K)->6296K(6464K) NonClass: 5763K(5824K)->5763K(5824K) Class: 533K(640K)->533K(640K)
[0.211s][info][gc             ] GC(6) Pause Young (Allocation Failure) 3M->2M(4M) 1.721ms
[0.211s][info][gc,cpu         ] GC(6) User=0.00s Sys=0.00s Real=0.00s
[0.212s][info][gc,start       ] GC(7) Pause Young (Allocation Failure)
[0.214s][info][gc             ] GC(7) Pause Young (Allocation Failure) 4M->3M(4M) 1.908ms
[0.214s][info][gc,cpu         ] GC(7) User=0.00s Sys=0.00s Real=0.00s
[0.214s][info][gc,start       ] GC(8) Pause Full (Allocation Failure)
[0.214s][info][gc,phases,start] GC(8) Phase 1: Mark live objects
[0.216s][info][gc,phases      ] GC(8) Phase 1: Mark live objects 2.213ms
[0.217s][info][gc,phases,start] GC(8) Phase 2: Compute new object addresses
[0.217s][info][gc,phases      ] GC(8) Phase 2: Compute new object addresses 0.584ms
[0.217s][info][gc,phases,start] GC(8) Phase 3: Adjust pointers
[0.218s][info][gc,phases      ] GC(8) Phase 3: Adjust pointers 0.987ms
[0.218s][info][gc,phases,start] GC(8) Phase 4: Move objects
[0.218s][info][gc,phases      ] GC(8) Phase 4: Move objects 0.076ms
[0.218s][info][gc,heap        ] GC(8) DefNew: 1536K(1536K)->0K(2688K) Eden: 1408K(1408K)->0K(2432K) From: 128K(128K)->0K(256K)
[0.218s][info][gc,heap        ] GC(8) Tenured: 2617K(3308K)->3460K(5768K)
[0.218s][info][gc,metaspace   ] GC(8) Metaspace: 6296K(6464K)->6296K(6464K) NonClass: 5763K(5824K)->5763K(5824K) Class: 533K(640K)->533K(640K)
[0.218s][info][gc             ] GC(8) Pause Full (Allocation Failure) 3M->3M(8M) 4.153ms
[0.218s][info][gc,cpu         ] GC(8) User=0.00s Sys=0.00s Real=0.00s
[0.223s][info][gc,start       ] GC(9) Pause Young (Allocation Failure)
[0.225s][info][gc,heap        ] GC(9) DefNew: 2431K(2688K)->255K(2688K) Eden: 2431K(2432K)->0K(2432K) From: 0K(256K)->255K(256K)
[0.225s][info][gc,heap        ] GC(9) Tenured: 3460K(5768K)->4513K(5768K)
[0.225s][info][gc,metaspace   ] GC(9) Metaspace: 6296K(6464K)->6296K(6464K) NonClass: 5763K(5824K)->5763K(5824K) Class: 533K(640K)->533K(640K)
[0.226s][info][gc             ] GC(9) Pause Young (Allocation Failure) 5M->4M(8M) 2.900ms
[0.226s][info][gc,cpu         ] GC(9) User=0.00s Sys=0.00s Real=0.00s
[0.228s][info][gc,start       ] GC(10) Pause Young (Allocation Failure)
[0.231s][info][gc,heap        ] GC(10) DefNew: 2687K(2688K)->255K(2688K) Eden: 2432K(2432K)->0K(2432K) From: 255K(256K)->255K(256K)
[0.231s][info][gc,heap        ] GC(10) Tenured: 4513K(5768K)->5755K(5768K)
[0.231s][info][gc,metaspace   ] GC(10) Metaspace: 6296K(6464K)->6296K(6464K) NonClass: 5763K(5824K)->5763K(5824K) Class: 533K(640K)->533K(640K)
[0.231s][info][gc             ] GC(10) Pause Young (Allocation Failure) 7M->5M(8M) 2.762ms
[0.231s][info][gc,cpu         ] GC(10) User=0.00s Sys=0.00s Real=0.00s
[0.234s][info][gc,start       ] GC(11) Pause Young (Allocation Failure)
[0.238s][info][gc             ] GC(11) Pause Young (Allocation Failure) 8M->7M(9M) 4.181ms
[0.238s][info][gc,cpu         ] GC(11) User=0.00s Sys=0.00s Real=0.00s
[0.238s][info][gc,start       ] GC(12) Pause Full (Allocation Failure)
[0.238s][info][gc,phases,start] GC(12) Phase 1: Mark live objects
[0.243s][info][gc,phases      ] GC(12) Phase 1: Mark live objects 4.213ms
[0.243s][info][gc,phases,start] GC(12) Phase 2: Compute new object addresses
[0.244s][info][gc,phases      ] GC(12) Phase 2: Compute new object addresses 1.591ms
[0.244s][info][gc,phases,start] GC(12) Phase 3: Adjust pointers
[0.246s][info][gc,phases      ] GC(12) Phase 3: Adjust pointers 1.879ms
[0.246s][info][gc,phases,start] GC(12) Phase 4: Move objects
[0.248s][info][gc,phases      ] GC(12) Phase 4: Move objects 1.312ms
[0.248s][info][gc,heap        ] GC(12) DefNew: 2687K(2688K)->0K(5376K) Eden: 2432K(2432K)->0K(4800K) From: 255K(256K)->0K(576K)
[0.248s][info][gc,heap        ] GC(12) Tenured: 5755K(5768K)->7131K(11888K)
[0.248s][info][gc,metaspace   ] GC(12) Metaspace: 6296K(6464K)->6296K(6464K) NonClass: 5763K(5824K)->5763K(5824K) Class: 533K(640K)->533K(640K)
[0.248s][info][gc             ] GC(12) Pause Full (Allocation Failure) 7M->6M(16M) 9.568ms
[0.248s][info][gc,cpu         ] GC(12) User=0.02s Sys=0.00s Real=0.01s
[0.253s][info][gc,start       ] GC(13) Pause Young (Allocation Failure)
[0.258s][info][gc,heap        ] GC(13) DefNew: 4800K(5376K)->575K(5376K) Eden: 4800K(4800K)->0K(4800K) From: 0K(576K)->575K(576K)
[0.258s][info][gc,heap        ] GC(13) Tenured: 7131K(11888K)->9026K(11888K)
[0.258s][info][gc,metaspace   ] GC(13) Metaspace: 6296K(6464K)->6296K(6464K) NonClass: 5763K(5824K)->5763K(5824K) Class: 533K(640K)->533K(640K)
[0.258s][info][gc             ] GC(13) Pause Young (Allocation Failure) 11M->9M(16M) 5.110ms
[0.258s][info][gc,cpu         ] GC(13) User=0.00s Sys=0.00s Real=0.00s
[0.263s][info][gc,start       ] GC(14) Pause Young (Allocation Failure)
[0.269s][info][gc,heap        ] GC(14) DefNew: 5375K(5376K)->576K(5376K) Eden: 4800K(4800K)->0K(4800K) From: 575K(576K)->576K(576K)
[0.269s][info][gc,heap        ] GC(14) Tenured: 9026K(11888K)->11746K(11888K)
[0.269s][info][gc,metaspace   ] GC(14) Metaspace: 6296K(6464K)->6296K(6464K) NonClass: 5763K(5824K)->5763K(5824K) Class: 533K(640K)->533K(640K)
[0.269s][info][gc             ] GC(14) Pause Young (Allocation Failure) 14M->12M(16M) 6.005ms
[0.269s][info][gc,cpu         ] GC(14) User=0.00s Sys=0.00s Real=0.01s
[0.273s][info][gc,start       ] GC(15) Pause Young (Allocation Failure)
[0.278s][info][gc             ] GC(15) Pause Young (Allocation Failure) 16M->14M(19M) 5.348ms
[0.278s][info][gc,cpu         ] GC(15) User=0.00s Sys=0.00s Real=0.00s
[0.278s][info][gc,start       ] GC(16) Pause Full (Allocation Failure)
[0.278s][info][gc,phases,start] GC(16) Phase 1: Mark live objects
[0.286s][info][gc,phases      ] GC(16) Phase 1: Mark live objects 7.451ms
[0.286s][info][gc,phases,start] GC(16) Phase 2: Compute new object addresses
[0.288s][info][gc,phases      ] GC(16) Phase 2: Compute new object addresses 2.321ms
[0.288s][info][gc,phases,start] GC(16) Phase 3: Adjust pointers
[0.291s][info][gc,phases      ] GC(16) Phase 3: Adjust pointers 3.005ms
[0.291s][info][gc,phases,start] GC(16) Phase 4: Move objects
[0.291s][info][gc,phases      ] GC(16) Phase 4: Move objects 0.176ms
[0.291s][info][gc,heap        ] GC(16) DefNew: 5376K(5376K)->407K(10880K) Eden: 4800K(4800K)->407K(9728K) From: 576K(576K)->0K(1152K)
[0.291s][info][gc,heap        ] GC(16) Tenured: 11746K(11888K)->14383K(23976K)
[0.291s][info][gc,metaspace   ] GC(16) Metaspace: 6298K(6464K)->6298K(6464K) NonClass: 5765K(5824K)->5765K(5824K) Class: 533K(640K)->533K(640K)
[0.291s][info][gc             ] GC(16) Pause Full (Allocation Failure) 14M->14M(34M) 13.340ms
[0.291s][info][gc,cpu         ] GC(16) User=0.02s Sys=0.00s Real=0.01s
[0.300s][info][gc,start       ] GC(17) Pause Young (Allocation Failure)
[0.313s][info][gc,heap        ] GC(17) DefNew: 9728K(10880K)->1152K(10880K) Eden: 9728K(9728K)->0K(9728K) From: 0K(1152K)->1152K(1152K)
[0.313s][info][gc,heap        ] GC(17) Tenured: 14383K(23976K)->18405K(23976K)
[0.313s][info][gc,metaspace   ] GC(17) Metaspace: 6298K(6464K)->6298K(6464K) NonClass: 5765K(5824K)->5765K(5824K) Class: 533K(640K)->533K(640K)
[0.313s][info][gc             ] GC(17) Pause Young (Allocation Failure) 23M->19M(34M) 13.342ms
[0.313s][info][gc,cpu         ] GC(17) User=0.00s Sys=0.00s Real=0.01s
[0.320s][info][gc,start       ] GC(18) Pause Young (Allocation Failure)
[0.331s][info][gc,heap        ] GC(18) DefNew: 10880K(10880K)->1151K(10880K) Eden: 9728K(9728K)->0K(9728K) From: 1152K(1152K)->1151K(1152K)
[0.331s][info][gc,heap        ] GC(18) Tenured: 18405K(23976K)->23928K(23976K)
[0.331s][info][gc,metaspace   ] GC(18) Metaspace: 6298K(6464K)->6298K(6464K) NonClass: 5765K(5824K)->5765K(5824K) Class: 533K(640K)->533K(640K)
[0.331s][info][gc             ] GC(18) Pause Young (Allocation Failure) 28M->24M(34M) 11.426ms
[0.331s][info][gc,cpu         ] GC(18) User=0.00s Sys=0.00s Real=0.01s
[0.336s][info][gc,start       ] GC(19) Pause Young (Allocation Failure)
[0.347s][info][gc             ] GC(19) Pause Young (Allocation Failure) 33M->29M(38M) 10.856ms
[0.347s][info][gc,cpu         ] GC(19) User=0.00s Sys=0.00s Real=0.01s
[0.347s][info][gc,start       ] GC(20) Pause Full (Allocation Failure)
[0.347s][info][gc,phases,start] GC(20) Phase 1: Mark live objects
[0.361s][info][gc,phases      ] GC(20) Phase 1: Mark live objects 13.746ms
[0.361s][info][gc,phases,start] GC(20) Phase 2: Compute new object addresses
[0.366s][info][gc,phases      ] GC(20) Phase 2: Compute new object addresses 4.629ms
[0.366s][info][gc,phases,start] GC(20) Phase 3: Adjust pointers
[0.371s][info][gc,phases      ] GC(20) Phase 3: Adjust pointers 5.302ms
[0.371s][info][gc,phases,start] GC(20) Phase 4: Move objects
[0.371s][info][gc,phases      ] GC(20) Phase 4: Move objects 0.175ms
[0.371s][info][gc,heap        ] GC(20) DefNew: 10879K(10880K)->1070K(21888K) Eden: 9728K(9728K)->1070K(19520K) From: 1151K(1152K)->0K(2368K)
[0.371s][info][gc,heap        ] GC(20) Tenured: 23928K(23976K)->29035K(48396K)
[0.372s][info][gc,metaspace   ] GC(20) Metaspace: 6298K(6464K)->6298K(6464K) NonClass: 5765K(5824K)->5765K(5824K) Class: 533K(640K)->533K(640K)
[0.372s][info][gc             ] GC(20) Pause Full (Allocation Failure) 29M->29M(68M) 24.251ms
[0.372s][info][gc,cpu         ] GC(20) User=0.03s Sys=0.00s Real=0.03s
[0.386s][info][gc,start       ] GC(21) Pause Young (Allocation Failure)
[0.415s][info][gc,heap        ] GC(21) DefNew: 19520K(21888K)->2368K(21888K) Eden: 19520K(19520K)->0K(19520K) From: 0K(2368K)->2368K(2368K)
[0.415s][info][gc,heap        ] GC(21) Tenured: 29035K(48396K)->39312K(48396K)
[0.415s][info][gc,metaspace   ] GC(21) Metaspace: 6298K(6464K)->6298K(6464K) NonClass: 5765K(5824K)->5765K(5824K) Class: 533K(640K)->533K(640K)
[0.415s][info][gc             ] GC(21) Pause Young (Allocation Failure) 47M->40M(68M) 28.542ms
[0.415s][info][gc,cpu         ] GC(21) User=0.02s Sys=0.00s Real=0.03s
[0.436s][info][gc,start       ] GC(22) Pause Young (Allocation Failure)
[0.473s][info][gc             ] GC(22) Pause Young (Allocation Failure) 59M->59M(78M) 36.786ms
[0.473s][info][gc,cpu         ] GC(22) User=0.03s Sys=0.00s Real=0.04s
[0.473s][info][gc,start       ] GC(23) Pause Full (Allocation Failure)
[0.473s][info][gc,phases,start] GC(23) Phase 1: Mark live objects
[0.499s][info][gc,phases      ] GC(23) Phase 1: Mark live objects 25.477ms
[0.499s][info][gc,phases,start] GC(23) Phase 2: Compute new object addresses
[0.509s][info][gc,phases      ] GC(23) Phase 2: Compute new object addresses 10.148ms
[0.509s][info][gc,phases,start] GC(23) Phase 3: Adjust pointers
[0.520s][info][gc,phases      ] GC(23) Phase 3: Adjust pointers 11.021ms
[0.520s][info][gc,phases,start] GC(23) Phase 4: Move objects
[0.521s][info][gc,phases      ] GC(23) Phase 4: Move objects 0.371ms
[0.521s][info][gc,heap        ] GC(23) DefNew: 21888K(21888K)->2210K(44288K) Eden: 19520K(19520K)->2210K(39424K) From: 2368K(2368K)->0K(4864K)
[0.521s][info][gc,heap        ] GC(23) Tenured: 39312K(48396K)->58955K(98260K)
[0.521s][info][gc,metaspace   ] GC(23) Metaspace: 6298K(6464K)->6298K(6464K) NonClass: 5765K(5824K)->5765K(5824K) Class: 533K(640K)->533K(640K)
[0.521s][info][gc             ] GC(23) Pause Full (Allocation Failure) 59M->59M(139M) 47.662ms
[0.521s][info][gc,cpu         ] GC(23) User=0.05s Sys=0.00s Real=0.05s
[0.561s][info][gc,start       ] GC(24) Pause Young (Allocation Failure)
[0.624s][info][gc,heap        ] GC(24) DefNew: 39424K(44288K)->4863K(44288K) Eden: 39424K(39424K)->0K(39424K) From: 0K(4864K)->4863K(4864K)
[0.624s][info][gc,heap        ] GC(24) Tenured: 58955K(98260K)->93490K(98260K)
[0.624s][info][gc,metaspace   ] GC(24) Metaspace: 6298K(6464K)->6298K(6464K) NonClass: 5765K(5824K)->5765K(5824K) Class: 533K(640K)->533K(640K)
[0.624s][info][gc             ] GC(24) Pause Young (Allocation Failure) 96M->96M(139M) 62.891ms
[0.624s][info][gc,cpu         ] GC(24) User=0.03s Sys=0.02s Real=0.06s
[0.657s][info][gc,start       ] GC(25) Pause Young (Allocation Failure)
[0.731s][info][gc             ] GC(25) Pause Young (Allocation Failure) 134M->134M(173M) 73.736ms
[0.731s][info][gc,cpu         ] GC(25) User=0.06s Sys=0.00s Real=0.07s
[0.731s][info][gc,start       ] GC(26) Pause Full (Allocation Failure)
[0.731s][info][gc,phases,start] GC(26) Phase 1: Mark live objects
[0.795s][info][gc,phases      ] GC(26) Phase 1: Mark live objects 64.161ms
[0.795s][info][gc,phases,start] GC(26) Phase 2: Compute new object addresses
[0.817s][info][gc,phases      ] GC(26) Phase 2: Compute new object addresses 22.109ms
[0.817s][info][gc,phases,start] GC(26) Phase 3: Adjust pointers
[0.850s][info][gc,phases      ] GC(26) Phase 3: Adjust pointers 32.287ms
[0.850s][info][gc,phases,start] GC(26) Phase 4: Move objects
[0.876s][info][gc,phases      ] GC(26) Phase 4: Move objects 25.992ms
[0.876s][info][gc,heap        ] GC(26) DefNew: 44287K(44288K)->891K(99840K) Eden: 39424K(39424K)->891K(88768K) From: 4863K(4864K)->0K(11072K)
[0.876s][info][gc,heap        ] GC(26) Tenured: 93490K(98260K)->133011K(221688K)
[0.876s][info][gc,metaspace   ] GC(26) Metaspace: 6298K(6464K)->6298K(6464K) NonClass: 5765K(5824K)->5765K(5824K) Class: 533K(640K)->533K(640K)
[0.876s][info][gc             ] GC(26) Pause Full (Allocation Failure) 134M->130M(313M) 145.369ms
[0.876s][info][gc,cpu         ] GC(26) User=0.09s Sys=0.00s Real=0.14s
[0.972s][info][gc,start       ] GC(27) Pause Young (Allocation Failure)
[1.130s][info][gc,heap        ] GC(27) DefNew: 88768K(99840K)->11071K(99840K) Eden: 88768K(88768K)->0K(88768K) From: 0K(11072K)->11071K(11072K)
[1.130s][info][gc,heap        ] GC(27) Tenured: 133011K(221688K)->210675K(221688K)
[1.130s][info][gc,metaspace   ] GC(27) Metaspace: 6298K(6464K)->6298K(6464K) NonClass: 5765K(5824K)->5765K(5824K) Class: 533K(640K)->533K(640K)
[1.130s][info][gc             ] GC(27) Pause Young (Allocation Failure) 216M->216M(313M) 158.086ms
[1.130s][info][gc,cpu         ] GC(27) User=0.09s Sys=0.03s Real=0.16s
[1.212s][info][gc,start       ] GC(28) Pause Young (Allocation Failure)
[1.385s][info][gc             ] GC(28) Pause Young (Allocation Failure) 303M->303M(389M) 173.132ms
[1.385s][info][gc,cpu         ] GC(28) User=0.14s Sys=0.02s Real=0.17s
[1.385s][info][gc,start       ] GC(29) Pause Full (Allocation Failure)
[1.385s][info][gc,phases,start] GC(29) Phase 1: Mark live objects
[1.524s][info][gc,phases      ] GC(29) Phase 1: Mark live objects 139.074ms
[1.524s][info][gc,phases,start] GC(29) Phase 2: Compute new object addresses
[1.574s][info][gc,phases      ] GC(29) Phase 2: Compute new object addresses 50.198ms
[1.575s][info][gc,phases,start] GC(29) Phase 3: Adjust pointers
[1.628s][info][gc,phases      ] GC(29) Phase 3: Adjust pointers 53.890ms
[1.628s][info][gc,phases,start] GC(29) Phase 4: Move objects
[1.631s][info][gc,phases      ] GC(29) Phase 4: Move objects 2.299ms
[1.632s][info][gc,heap        ] GC(29) DefNew: 99839K(99840K)->11034K(224640K) Eden: 88768K(88768K)->11034K(199680K) From: 11071K(11072K)->0K(24960K)
[1.632s][info][gc,heap        ] GC(29) Tenured: 210675K(221688K)->299447K(499080K)
[1.632s][info][gc,metaspace   ] GC(29) Metaspace: 6298K(6464K)->6298K(6464K) NonClass: 5765K(5824K)->5765K(5824K) Class: 533K(640K)->533K(640K)
[1.632s][info][gc             ] GC(29) Pause Full (Allocation Failure) 303M->303M(706M) 246.736ms
[1.632s][info][gc,cpu         ] GC(29) User=0.23s Sys=0.00s Real=0.25s
[1.842s][info][gc,start       ] GC(30) Pause Young (Allocation Failure)
[2.190s][info][gc,heap        ] GC(30) DefNew: 199680K(224640K)->24959K(224640K) Eden: 199680K(199680K)->0K(199680K) From: 0K(24960K)->24959K(24960K)
[2.190s][info][gc,heap        ] GC(30) Tenured: 299447K(499080K)->474142K(499080K)
[2.190s][info][gc,metaspace   ] GC(30) Metaspace: 6298K(6464K)->6298K(6464K) NonClass: 5765K(5824K)->5765K(5824K) Class: 533K(640K)->533K(640K)
[2.190s][info][gc             ] GC(30) Pause Young (Allocation Failure) 487M->487M(706M) 347.844ms
[2.190s][info][gc,cpu         ] GC(30) User=0.31s Sys=0.02s Real=0.35s
[2.377s][info][gc,start       ] GC(31) Pause Young (Allocation Failure)
[2.779s][info][gc             ] GC(31) Pause Young (Allocation Failure) 682M->682M(877M) 402.068ms
[2.779s][info][gc,cpu         ] GC(31) User=0.25s Sys=0.08s Real=0.40s
[2.779s][info][gc,start       ] GC(32) Pause Full (Allocation Failure)
[2.779s][info][gc,phases,start] GC(32) Phase 1: Mark live objects
[3.085s][info][gc,phases      ] GC(32) Phase 1: Mark live objects 305.514ms
[3.085s][info][gc,phases,start] GC(32) Phase 2: Compute new object addresses
[3.194s][info][gc,phases      ] GC(32) Phase 2: Compute new object addresses 109.196ms
[3.194s][info][gc,phases,start] GC(32) Phase 3: Adjust pointers
[3.310s][info][gc,phases      ] GC(32) Phase 3: Adjust pointers 116.417ms
[3.310s][info][gc,phases,start] GC(32) Phase 4: Move objects
[3.316s][info][gc,phases      ] GC(32) Phase 4: Move objects 5.230ms
[3.317s][info][gc,heap        ] GC(32) DefNew: 224639K(224640K)->24879K(505472K) Eden: 199680K(199680K)->24879K(449344K) From: 24959K(24960K)->0K(56128K)
[3.318s][info][gc,heap        ] GC(32) Tenured: 474142K(499080K)->673867K(1123116K)
[3.318s][info][gc,metaspace   ] GC(32) Metaspace: 6298K(6464K)->6298K(6464K) NonClass: 5765K(5824K)->5765K(5824K) Class: 533K(640K)->533K(640K)
[3.318s][info][gc             ] GC(32) Pause Full (Allocation Failure) 682M->682M(1590M) 538.559ms
[3.318s][info][gc,cpu         ] GC(32) User=0.53s Sys=0.00s Real=0.54s
[3.791s][info][gc,start       ] GC(33) Pause Young (Allocation Failure)
[4.544s][info][gc,heap        ] GC(33) DefNew: 449344K(505472K)->56127K(505472K) Eden: 449344K(449344K)->0K(449344K) From: 0K(56128K)->56127K(56128K)
[4.544s][info][gc,heap        ] GC(33) Tenured: 673867K(1123116K)->1067058K(1123116K)
[4.544s][info][gc,metaspace   ] GC(33) Metaspace: 6298K(6464K)->6298K(6464K) NonClass: 5765K(5824K)->5765K(5824K) Class: 533K(640K)->533K(640K)
[4.544s][info][gc             ] GC(33) Pause Young (Allocation Failure) 1096M->1096M(1590M) 753.098ms
[4.544s][info][gc,cpu         ] GC(33) User=0.66s Sys=0.08s Real=0.75s
[5.009s][info][gc,start       ] GC(34) Pause Young (Allocation Failure)
[5.721s][info][gc             ] GC(34) Pause Young (Allocation Failure) 1535M->1479M(1918M) 712.406ms
[5.721s][info][gc,cpu         ] GC(34) User=0.58s Sys=0.11s Real=0.71s
[5.721s][info][gc,start       ] GC(35) Pause Full (Allocation Failure)
[5.721s][info][gc,phases,start] GC(35) Phase 1: Mark live objects
[6.369s][info][gc,phases      ] GC(35) Phase 1: Mark live objects 647.887ms
[6.369s][info][gc,phases,start] GC(35) Phase 2: Compute new object addresses
[6.581s][info][gc,phases      ] GC(35) Phase 2: Compute new object addresses 212.158ms
[6.581s][info][gc,phases,start] GC(35) Phase 3: Adjust pointers
[6.843s][info][gc,phases      ] GC(35) Phase 3: Adjust pointers 262.141ms
[6.844s][info][gc,phases,start] GC(35) Phase 4: Move objects
[6.854s][info][gc,phases      ] GC(35) Phase 4: Move objects 10.754ms
[6.858s][info][gc,heap        ] GC(35) DefNew: 505471K(505472K)->55973K(1094144K) Eden: 449344K(449344K)->55973K(972608K) From: 56127K(56128K)->0K(121536K)
[6.858s][info][gc,heap        ] GC(35) Tenured: 1067058K(1123116K)->1458799K(2431336K)
[6.858s][info][gc,metaspace   ] GC(35) Metaspace: 6298K(6464K)->6298K(6464K) NonClass: 5765K(5824K)->5765K(5824K) Class: 533K(640K)->533K(640K)
[6.858s][info][gc             ] GC(35) Pause Full (Allocation Failure) 1479M->1479M(3442M) 1137.295ms
[6.858s][info][gc,cpu         ] GC(35) User=1.11s Sys=0.02s Real=1.14s
[7.800s][info][gc,start       ] GC(36) Pause Young (Allocation Failure)
[9.488s][info][gc,heap        ] GC(36) DefNew: 972608K(1094144K)->121536K(1094144K) Eden: 972608K(972608K)->0K(972608K) From: 0K(121536K)->121536K(121536K)
[9.488s][info][gc,heap        ] GC(36) Tenured: 1458799K(2431336K)->2309842K(2431336K)
[9.488s][info][gc,metaspace   ] GC(36) Metaspace: 6298K(6464K)->6298K(6464K) NonClass: 5765K(5824K)->5765K(5824K) Class: 533K(640K)->533K(640K)
[9.488s][info][gc             ] GC(36) Pause Young (Allocation Failure) 2374M->2374M(3442M) 1687.782ms
[9.488s][info][gc,cpu         ] GC(36) User=1.42s Sys=0.23s Real=1.69s
[10.471s][info][gc,start       ] GC(37) Pause Young (Allocation Failure)
[12.145s][info][gc             ] GC(37) Pause Young (Allocation Failure) 3324M->3324M(4274M) 1673.891ms
[12.145s][info][gc,cpu         ] GC(37) User=1.36s Sys=0.27s Real=1.67s
[12.145s][info][gc,start       ] GC(38) Pause Full (Allocation Failure)
[12.145s][info][gc,phases,start] GC(38) Phase 1: Mark live objects
[13.615s][info][gc,phases      ] GC(38) Phase 1: Mark live objects 1469.706ms
[13.615s][info][gc,phases,start] GC(38) Phase 2: Compute new object addresses
[14.088s][info][gc,phases      ] GC(38) Phase 2: Compute new object addresses 473.483ms
[14.088s][info][gc,phases,start] GC(38) Phase 3: Adjust pointers
[14.735s][info][gc,phases      ] GC(38) Phase 3: Adjust pointers 646.249ms
[14.735s][info][gc,phases,start] GC(38) Phase 4: Move objects
[15.339s][info][gc,phases      ] GC(38) Phase 4: Move objects 604.468ms
[15.345s][info][gc,heap        ] GC(38) DefNew: 1094144K(1094144K)->27146K(1996800K) Eden: 972608K(972608K)->27146K(1774976K) From: 121536K(121536K)->0K(221824K)
[15.345s][info][gc,heap        ] GC(38) Tenured: 2309842K(2431336K)->3282604K(4437376K)
[15.345s][info][gc,metaspace   ] GC(38) Metaspace: 6298K(6464K)->6298K(6464K) NonClass: 5765K(5824K)->5765K(5824K) Class: 533K(640K)->533K(640K)
[15.345s][info][gc             ] GC(38) Pause Full (Allocation Failure) 3324M->3232M(6283M) 3199.736ms
[15.345s][info][gc,cpu         ] GC(38) User=3.19s Sys=0.00s Real=3.20s
[17.037s][info][gc,start       ] GC(39) Pause Young (Allocation Failure)
[20.297s][info][gc,promotion   ] GC(39) Promotion failed
[20.297s][info][gc             ] GC(39) Pause Young (Allocation Failure) 4939M->6283M(6283M) 3260.543ms
[20.297s][info][gc,cpu         ] GC(39) User=2.88s Sys=0.39s Real=3.26s
[20.297s][info][gc,start       ] GC(40) Pause Full (Allocation Failure)
[20.297s][info][gc,phases,start] GC(40) Phase 1: Mark live objects
[22.651s][info][gc,phases      ] GC(40) Phase 1: Mark live objects 2353.507ms
[22.651s][info][gc,phases,start] GC(40) Phase 2: Compute new object addresses
[23.500s][info][gc,phases      ] GC(40) Phase 2: Compute new object addresses 848.554ms
[23.500s][info][gc,phases,start] GC(40) Phase 3: Adjust pointers
[24.505s][info][gc,phases      ] GC(40) Phase 3: Adjust pointers 1005.651ms
[24.505s][info][gc,phases,start] GC(40) Phase 4: Move objects
[24.695s][info][gc,phases      ] GC(40) Phase 4: Move objects 189.389ms
[24.695s][info][gc,heap        ] GC(40) DefNew: 1774976K(1996800K)->620175K(1996800K) Eden: 1774976K(1774976K)->620175K(1774976K) From: 0K(221824K)->0K(221824K)
[24.695s][info][gc,heap        ] GC(40) Tenured: 3282604K(4437376K)->4437375K(4437376K)
[24.695s][info][gc,metaspace   ] GC(40) Metaspace: 6298K(6464K)->6298K(6464K) NonClass: 5765K(5824K)->5765K(5824K) Class: 533K(640K)->533K(640K)
[24.695s][info][gc             ] GC(40) Pause Full (Allocation Failure) 6283M->4939M(6283M) 4397.828ms
[24.695s][info][gc,cpu         ] GC(40) User=4.38s Sys=0.00s Real=4.40s
[26.522s][info][gc,start       ] GC(41) Pause Full (Allocation Failure)
[26.522s][info][gc,phases,start] GC(41) Phase 1: Mark live objects
[29.327s][info][gc,phases      ] GC(41) Phase 1: Mark live objects 2804.982ms
[29.328s][info][gc,phases,start] GC(41) Phase 2: Compute new object addresses
[30.188s][info][gc,phases      ] GC(41) Phase 2: Compute new object addresses 860.159ms
[30.188s][info][gc,phases,start] GC(41) Phase 3: Adjust pointers
[31.430s][info][gc,phases      ] GC(41) Phase 3: Adjust pointers 1242.210ms
[31.430s][info][gc,phases,start] GC(41) Phase 4: Move objects
[31.621s][info][gc,phases      ] GC(41) Phase 4: Move objects 190.962ms
[31.621s][info][gc,heap        ] GC(41) DefNew: 1996799K(1996800K)->1996784K(1996800K) Eden: 1774976K(1774976K)->1774975K(1774976K) From: 221823K(221824K)->221808K(221824K)
[31.621s][info][gc,heap        ] GC(41) Tenured: 4437375K(4437376K)->4437375K(4437376K)
[31.621s][info][gc,metaspace   ] GC(41) Metaspace: 6298K(6464K)->6298K(6464K) NonClass: 5765K(5824K)->5765K(5824K) Class: 533K(640K)->533K(640K)
[31.622s][info][gc             ] GC(41) Pause Full (Allocation Failure) 6283M->6283M(6283M) 5099.173ms
[31.622s][info][gc,cpu         ] GC(41) User=5.05s Sys=0.00s Real=5.10s
[31.622s][info][gc,start       ] GC(42) Pause Full (Allocation Failure)
[31.622s][info][gc,phases,start] GC(42) Phase 1: Mark live objects
[34.452s][info][gc,phases      ] GC(42) Phase 1: Mark live objects 2829.951ms
[34.452s][info][gc,phases,start] GC(42) Phase 2: Compute new object addresses
[35.311s][info][gc,phases      ] GC(42) Phase 2: Compute new object addresses 859.358ms
[35.311s][info][gc,phases,start] GC(42) Phase 3: Adjust pointers
[36.475s][info][gc,phases      ] GC(42) Phase 3: Adjust pointers 1163.495ms
[36.475s][info][gc,phases,start] GC(42) Phase 4: Move objects
[36.475s][info][gc,phases      ] GC(42) Phase 4: Move objects 0.016ms
[36.475s][info][gc,heap        ] GC(42) DefNew: 1996799K(1996800K)->1996799K(1996800K) Eden: 1774976K(1774976K)->1774976K(1774976K) From: 221823K(221824K)->221823K(221824K)
[36.475s][info][gc,heap        ] GC(42) Tenured: 4437375K(4437376K)->4437375K(4437376K)
[36.475s][info][gc,metaspace   ] GC(42) Metaspace: 6298K(6464K)->6298K(6464K) NonClass: 5765K(5824K)->5765K(5824K) Class: 533K(640K)->533K(640K)
[36.475s][info][gc             ] GC(42) Pause Full (Allocation Failure) 6283M->6283M(6283M) 4853.482ms
[36.475s][info][gc,cpu         ] GC(42) User=4.72s Sys=0.02s Real=4.85s
[36.475s][info][gc,start       ] GC(43) Pause Full (Allocation Failure)
[36.475s][info][gc,phases,start] GC(43) Phase 1: Mark live objects
[39.288s][info][gc,phases      ] GC(43) Phase 1: Mark live objects 2812.374ms
[39.288s][info][gc,phases,start] GC(43) Phase 2: Compute new object addresses
[40.147s][info][gc,phases      ] GC(43) Phase 2: Compute new object addresses 859.056ms
[40.147s][info][gc,phases,start] GC(43) Phase 3: Adjust pointers
[41.522s][info][gc,phases      ] GC(43) Phase 3: Adjust pointers 1374.845ms
[41.522s][info][gc,phases,start] GC(43) Phase 4: Move objects
[42.668s][info][gc,phases      ] GC(43) Phase 4: Move objects 1145.768ms
[42.668s][info][gc,heap        ] GC(43) DefNew: 1996799K(1996800K)->1865723K(1996800K) Eden: 1774976K(1774976K)->1774975K(1774976K) From: 221823K(221824K)->90747K(221824K)
[42.668s][info][gc,heap        ] GC(43) Tenured: 4437375K(4437376K)->4437375K(4437376K)
[42.668s][info][gc,metaspace   ] GC(43) Metaspace: 6298K(6464K)->6296K(6464K) NonClass: 5765K(5824K)->5763K(5824K) Class: 533K(640K)->532K(640K)
[42.668s][info][gc             ] GC(43) Pause Full (Allocation Failure) 6283M->6155M(6283M) 6192.758ms
[42.668s][info][gc,cpu         ] GC(43) User=6.17s Sys=0.00s Real=6.19s
[43.035s][info][gc,start       ] GC(44) Pause Full (Allocation Failure)
[43.035s][info][gc,phases,start] GC(44) Phase 1: Mark live objects
[45.887s][info][gc,phases      ] GC(44) Phase 1: Mark live objects 2852.421ms
[45.887s][info][gc,phases,start] GC(44) Phase 2: Compute new object addresses
[46.781s][info][gc,phases      ] GC(44) Phase 2: Compute new object addresses 894.062ms
[46.781s][info][gc,phases,start] GC(44) Phase 3: Adjust pointers
[47.974s][info][gc,phases      ] GC(44) Phase 3: Adjust pointers 1192.806ms
[47.974s][info][gc,phases,start] GC(44) Phase 4: Move objects
[47.974s][info][gc,phases      ] GC(44) Phase 4: Move objects 0.017ms
[47.975s][info][gc,heap        ] GC(44) DefNew: 1996799K(1996800K)->1996799K(1996800K) Eden: 1774975K(1774976K)->1774975K(1774976K) From: 221823K(221824K)->221823K(221824K)
[47.975s][info][gc,heap        ] GC(44) Tenured: 4437375K(4437376K)->4437375K(4437376K)
[47.975s][info][gc,metaspace   ] GC(44) Metaspace: 6296K(6464K)->6296K(6464K) NonClass: 5763K(5824K)->5763K(5824K) Class: 532K(640K)->532K(640K)
[47.975s][info][gc             ] GC(44) Pause Full (Allocation Failure) 6283M->6283M(6283M) 4940.012ms
[47.975s][info][gc,cpu         ] GC(44) User=4.92s Sys=0.00s Real=4.94s
[47.975s][info][gc,start       ] GC(45) Pause Full (Allocation Failure)
[47.975s][info][gc,phases,start] GC(45) Phase 1: Mark live objects
[50.825s][info][gc,phases      ] GC(45) Phase 1: Mark live objects 2850.712ms
[50.825s][info][gc,phases,start] GC(45) Phase 2: Compute new object addresses
[51.703s][info][gc,phases      ] GC(45) Phase 2: Compute new object addresses 877.214ms
[51.703s][info][gc,phases,start] GC(45) Phase 3: Adjust pointers
[52.897s][info][gc,phases      ] GC(45) Phase 3: Adjust pointers 1193.898ms
[52.897s][info][gc,phases,start] GC(45) Phase 4: Move objects
[52.897s][info][gc,phases      ] GC(45) Phase 4: Move objects 0.017ms
[52.897s][info][gc,heap        ] GC(45) DefNew: 1996799K(1996800K)->1996799K(1996800K) Eden: 1774975K(1774976K)->1774975K(1774976K) From: 221823K(221824K)->221823K(221824K)
[52.897s][info][gc,heap        ] GC(45) Tenured: 4437375K(4437376K)->4437375K(4437376K)
[52.897s][info][gc,metaspace   ] GC(45) Metaspace: 6296K(6464K)->6296K(6464K) NonClass: 5763K(5824K)->5763K(5824K) Class: 532K(640K)->532K(640K)
[52.897s][info][gc             ] GC(45) Pause Full (Allocation Failure) 6283M->6283M(6283M) 4922.452ms
[52.897s][info][gc,cpu         ] GC(45) User=4.92s Sys=0.00s Real=4.92s
[52.897s][info][gc,start       ] GC(46) Pause Full (Allocation Failure)
[52.897s][info][gc,phases,start] GC(46) Phase 1: Mark live objects
[55.764s][info][gc,phases      ] GC(46) Phase 1: Mark live objects 2866.862ms
[55.764s][info][gc,phases,start] GC(46) Phase 2: Compute new object addresses
[56.646s][info][gc,phases      ] GC(46) Phase 2: Compute new object addresses 881.942ms
[56.646s][info][gc,phases,start] GC(46) Phase 3: Adjust pointers
[57.833s][info][gc,phases      ] GC(46) Phase 3: Adjust pointers 1186.938ms
[57.833s][info][gc,phases,start] GC(46) Phase 4: Move objects
[57.833s][info][gc,phases      ] GC(46) Phase 4: Move objects 0.017ms
[57.834s][info][gc,heap        ] GC(46) DefNew: 1996799K(1996800K)->1996799K(1996800K) Eden: 1774975K(1774976K)->1774975K(1774976K) From: 221824K(221824K)->221824K(221824K)
[57.834s][info][gc,heap        ] GC(46) Tenured: 4437375K(4437376K)->4437375K(4437376K)
[57.834s][info][gc,metaspace   ] GC(46) Metaspace: 6296K(6464K)->6296K(6464K) NonClass: 5763K(5824K)->5763K(5824K) Class: 532K(640K)->532K(640K)
[57.834s][info][gc             ] GC(46) Pause Full (Allocation Failure) 6283M->6283M(6283M) 4936.393ms
[57.834s][info][gc,cpu         ] GC(46) User=4.92s Sys=0.00s Real=4.94s
[57.834s][info][gc,start       ] GC(47) Pause Full (Allocation Failure)
[57.834s][info][gc,phases,start] GC(47) Phase 1: Mark live objects
[60.692s][info][gc,phases      ] GC(47) Phase 1: Mark live objects 2858.583ms
[60.692s][info][gc,phases,start] GC(47) Phase 2: Compute new object addresses
[61.576s][info][gc,phases      ] GC(47) Phase 2: Compute new object addresses 883.566ms
[61.576s][info][gc,phases,start] GC(47) Phase 3: Adjust pointers
[62.975s][info][gc,phases      ] GC(47) Phase 3: Adjust pointers 1398.574ms
[62.975s][info][gc,phases,start] GC(47) Phase 4: Move objects
[64.005s][info][gc,phases      ] GC(47) Phase 4: Move objects 1030.461ms
[64.006s][info][gc,heap        ] GC(47) DefNew: 1996799K(1996800K)->1996798K(1996800K) Eden: 1774975K(1774976K)->1774975K(1774976K) From: 221824K(221824K)->221822K(221824K)
[64.006s][info][gc,heap        ] GC(47) Tenured: 4437375K(4437376K)->4437375K(4437376K)
[64.006s][info][gc,metaspace   ] GC(47) Metaspace: 6296K(6464K)->6296K(6464K) NonClass: 5763K(5824K)->5763K(5824K) Class: 532K(640K)->532K(640K)
[64.006s][info][gc             ] GC(47) Pause Full (Allocation Failure) 6283M->6283M(6283M) 6171.927ms
[64.006s][info][gc,cpu         ] GC(47) User=6.14s Sys=0.00s Real=6.17s
[64.007s][info][gc,start       ] GC(48) Pause Full (Allocation Failure)
[64.007s][info][gc,phases,start] GC(48) Phase 1: Mark live objects
[66.858s][info][gc,phases      ] GC(48) Phase 1: Mark live objects 2850.540ms
[66.858s][info][gc,phases,start] GC(48) Phase 2: Compute new object addresses
[67.730s][info][gc,phases      ] GC(48) Phase 2: Compute new object addresses 872.122ms
[67.730s][info][gc,phases,start] GC(48) Phase 3: Adjust pointers
[68.919s][info][gc,phases      ] GC(48) Phase 3: Adjust pointers 1189.251ms
[68.919s][info][gc,phases,start] GC(48) Phase 4: Move objects
[68.919s][info][gc,phases      ] GC(48) Phase 4: Move objects 0.018ms
[68.920s][info][gc,heap        ] GC(48) DefNew: 1996799K(1996800K)->1996798K(1996800K) Eden: 1774976K(1774976K)->1774975K(1774976K) From: 221823K(221824K)->221823K(221824K)
[68.920s][info][gc,heap        ] GC(48) Tenured: 4437375K(4437376K)->4437375K(4437376K)
[68.920s][info][gc,metaspace   ] GC(48) Metaspace: 6298K(6464K)->6298K(6464K) NonClass: 5764K(5824K)->5764K(5824K) Class: 533K(640K)->533K(640K)
[68.920s][info][gc             ] GC(48) Pause Full (Allocation Failure) 6283M->6283M(6283M) 4912.603ms
[68.920s][info][gc,cpu         ] GC(48) User=4.91s Sys=0.00s Real=4.91s
[68.920s][info][gc,heap,exit   ] Heap
[68.920s][info][gc,heap,exit   ]  def new generation   total 1996800K, used 1996799K [0x0000000669c00000, 0x00000006f12a0000, 0x00000006f12a0000)
[68.920s][info][gc,heap,exit   ]   eden space 1774976K, 100% used [0x0000000669c00000, 0x00000006d6160000, 0x00000006d6160000)
[68.920s][info][gc,heap,exit   ]   from space 221824K,  99% used [0x00000006e3a00000, 0x00000006f129ff58, 0x00000006f12a0000)
[68.920s][info][gc,heap,exit   ]   to   space 221824K,   0% used [0x00000006d6160000, 0x00000006d6160000, 0x00000006e3a00000)
[68.920s][info][gc,heap,exit   ]  tenured generation   total 4437376K, used 4437375K [0x00000006f12a0000, 0x0000000800000000, 0x0000000800000000)
[68.920s][info][gc,heap,exit   ]    the space 4437376K,  99% used [0x00000006f12a0000, 0x00000007ffffffd8, 0x0000000800000000, 0x0000000800000000)
[68.920s][info][gc,heap,exit   ]  Metaspace       used 6301K, committed 6464K, reserved 1114112K
[68.920s][info][gc,heap,exit   ]   class space    used 534K, committed 640K, reserved 1048576K
