[0.012s][info][gc,init] CardTable entry size: 512
[0.012s][info][gc     ] Using Parallel
[0.013s][info][gc,init] Version: 18.0.1+10 (release)
[0.013s][info][gc,init] CPUs: 8 total, 8 available
[0.013s][info][gc,init] Memory: 16063M
[0.013s][info][gc,init] Large Page Support: Disabled
[0.013s][info][gc,init] NUMA Support: Disabled
[0.013s][info][gc,init] Compressed Oops: Enabled (Zero based)
[0.013s][info][gc,init] Alignments: Space 512K, Generation 512K, Heap 2M
[0.013s][info][gc,init] Heap Min Capacity: 2M
[0.013s][info][gc,init] Heap Initial Capacity: 2M
[0.013s][info][gc,init] Heap Max Capacity: 3800M
[0.013s][info][gc,init] Pre-touch: Disabled
[0.013s][info][gc,init] Parallel Workers: 8
[0.013s][info][gc,metaspace] CDS archive(s) not mapped
[0.013s][info][gc,metaspace] Compressed class space mapped at: 0x0000000800000000-0x0000000840000000, reserved size: 1073741824
[0.013s][info][gc,metaspace] Narrow klass base: 0x0000000800000000, Narrow klass shift: 0, Narrow klass range: 0x40000000
[0.107s][info][gc,start    ] GC(0) Pause Young (Allocation Failure)
[0.108s][info][gc,heap     ] GC(0) PSYoungGen: 512K(1024K)->480K(1024K) Eden: 512K(512K)->0K(512K) From: 0K(512K)->480K(512K)
[0.108s][info][gc,heap     ] GC(0) ParOldGen: 0K(512K)->8K(512K)
[0.108s][info][gc,metaspace] GC(0) Metaspace: 4229K(4352K)->4229K(4352K) NonClass: 3908K(3968K)->3908K(3968K) Class: 321K(384K)->321K(384K)
[0.108s][info][gc          ] GC(0) Pause Young (Allocation Failure) 0M->0M(1M) 1.505ms
[0.108s][info][gc,cpu      ] GC(0) User=0.00s Sys=0.00s Real=0.00s
[0.167s][info][gc,start    ] GC(1) Pause Young (Allocation Failure)
[0.168s][info][gc,heap     ] GC(1) PSYoungGen: 991K(1024K)->512K(1536K) Eden: 511K(512K)->0K(1024K) From: 480K(512K)->512K(512K)
[0.168s][info][gc,heap     ] GC(1) ParOldGen: 8K(512K)->88K(512K)
[0.168s][info][gc,metaspace] GC(1) Metaspace: 5877K(6016K)->5877K(6016K) NonClass: 5381K(5504K)->5381K(5504K) Class: 496K(512K)->496K(512K)
[0.168s][info][gc          ] GC(1) Pause Young (Allocation Failure) 0M->0M(2M) 0.876ms
[0.168s][info][gc,cpu      ] GC(1) User=0.00s Sys=0.00s Real=0.00s
[0.187s][info][gc,start    ] GC(2) Pause Young (Allocation Failure)
[0.188s][info][gc,heap     ] GC(2) PSYoungGen: 1536K(1536K)->512K(1536K) Eden: 1024K(1024K)->0K(1024K) From: 512K(512K)->512K(512K)
[0.188s][info][gc,heap     ] GC(2) ParOldGen: 88K(512K)->504K(512K)
[0.188s][info][gc,metaspace] GC(2) Metaspace: 6296K(6464K)->6296K(6464K) NonClass: 5763K(5824K)->5763K(5824K) Class: 533K(640K)->533K(640K)
[0.188s][info][gc          ] GC(2) Pause Young (Allocation Failure) 1M->0M(2M) 1.098ms
[0.188s][info][gc,cpu      ] GC(2) User=0.00s Sys=0.00s Real=0.00s
[0.188s][info][gc,start    ] GC(3) Pause Full (Ergonomics)
[0.188s][info][gc,phases,start] GC(3) Marking Phase
[0.189s][info][gc,phases      ] GC(3) Marking Phase 0.917ms
[0.189s][info][gc,phases,start] GC(3) Summary Phase
[0.189s][info][gc,phases      ] GC(3) Summary Phase 0.015ms
[0.189s][info][gc,phases,start] GC(3) Adjust Roots
[0.189s][info][gc,phases      ] GC(3) Adjust Roots 0.334ms
[0.189s][info][gc,phases,start] GC(3) Compaction Phase
[0.191s][info][gc,phases      ] GC(3) Compaction Phase 1.482ms
[0.191s][info][gc,phases,start] GC(3) Post Compact
[0.191s][info][gc,phases      ] GC(3) Post Compact 0.105ms
[0.191s][info][gc,heap        ] GC(3) PSYoungGen: 512K(1536K)->511K(1536K) Eden: 0K(1024K)->0K(1024K) From: 512K(512K)->511K(512K)
[0.191s][info][gc,heap        ] GC(3) ParOldGen: 504K(512K)->469K(2048K)
[0.191s][info][gc,metaspace   ] GC(3) Metaspace: 6296K(6464K)->6296K(6464K) NonClass: 5763K(5824K)->5763K(5824K) Class: 533K(640K)->533K(640K)
[0.191s][info][gc             ] GC(3) Pause Full (Ergonomics) 0M->0M(3M) 3.133ms
[0.191s][info][gc,cpu         ] GC(3) User=0.00s Sys=0.00s Real=0.00s
[0.193s][info][gc,start       ] GC(4) Pause Young (Allocation Failure)
[0.194s][info][gc,heap        ] GC(4) PSYoungGen: 1535K(1536K)->512K(2560K) Eden: 1024K(1024K)->0K(2048K) From: 511K(512K)->512K(512K)
[0.195s][info][gc,heap        ] GC(4) ParOldGen: 469K(2048K)->1005K(2048K)
[0.195s][info][gc,metaspace   ] GC(4) Metaspace: 6296K(6464K)->6296K(6464K) NonClass: 5763K(5824K)->5763K(5824K) Class: 533K(640K)->533K(640K)
[0.195s][info][gc             ] GC(4) Pause Young (Allocation Failure) 1M->1M(4M) 1.336ms
[0.195s][info][gc,cpu         ] GC(4) User=0.00s Sys=0.00s Real=0.00s
[0.197s][info][gc,start       ] GC(5) Pause Young (Allocation Failure)
[0.199s][info][gc,heap        ] GC(5) PSYoungGen: 2560K(2560K)->512K(2560K) Eden: 2048K(2048K)->0K(2048K) From: 512K(512K)->512K(512K)
[0.199s][info][gc,heap        ] GC(5) ParOldGen: 1005K(2048K)->2101K(2560K)
[0.199s][info][gc,metaspace   ] GC(5) Metaspace: 6296K(6464K)->6296K(6464K) NonClass: 5763K(5824K)->5763K(5824K) Class: 533K(640K)->533K(640K)
[0.199s][info][gc             ] GC(5) Pause Young (Allocation Failure) 3M->2M(5M) 1.915ms
[0.199s][info][gc,cpu         ] GC(5) User=0.00s Sys=0.00s Real=0.00s
[0.199s][info][gc,start       ] GC(6) Pause Full (Ergonomics)
[0.199s][info][gc,phases,start] GC(6) Marking Phase
[0.201s][info][gc,phases      ] GC(6) Marking Phase 1.789ms
[0.201s][info][gc,phases,start] GC(6) Summary Phase
[0.201s][info][gc,phases      ] GC(6) Summary Phase 0.016ms
[0.201s][info][gc,phases,start] GC(6) Adjust Roots
[0.202s][info][gc,phases      ] GC(6) Adjust Roots 0.367ms
[0.202s][info][gc,phases,start] GC(6) Compaction Phase
[0.204s][info][gc,phases      ] GC(6) Compaction Phase 2.843ms
[0.204s][info][gc,phases,start] GC(6) Post Compact
[0.205s][info][gc,phases      ] GC(6) Post Compact 0.031ms
[0.205s][info][gc,heap        ] GC(6) PSYoungGen: 512K(2560K)->0K(4096K) Eden: 0K(2048K)->0K(3072K) From: 512K(512K)->0K(1024K)
[0.205s][info][gc,heap        ] GC(6) ParOldGen: 2101K(2560K)->2542K(6144K)
[0.205s][info][gc,metaspace   ] GC(6) Metaspace: 6296K(6464K)->6296K(6464K) NonClass: 5763K(5824K)->5763K(5824K) Class: 533K(640K)->533K(640K)
[0.205s][info][gc             ] GC(6) Pause Full (Ergonomics) 2M->2M(10M) 5.392ms
[0.205s][info][gc,cpu         ] GC(6) User=0.02s Sys=0.00s Real=0.01s
[0.209s][info][gc,start       ] GC(7) Pause Young (Allocation Failure)
[0.211s][info][gc,heap        ] GC(7) PSYoungGen: 3072K(4096K)->1664K(5120K) Eden: 3072K(3072K)->0K(3072K) From: 0K(1024K)->1664K(2048K)
[0.211s][info][gc,heap        ] GC(7) ParOldGen: 2542K(6144K)->2542K(6144K)
[0.211s][info][gc,metaspace   ] GC(7) Metaspace: 6296K(6464K)->6296K(6464K) NonClass: 5763K(5824K)->5763K(5824K) Class: 533K(640K)->533K(640K)
[0.211s][info][gc             ] GC(7) Pause Young (Allocation Failure) 5M->4M(11M) 1.688ms
[0.211s][info][gc,cpu         ] GC(7) User=0.00s Sys=0.00s Real=0.00s
[0.215s][info][gc,start       ] GC(8) Pause Young (Allocation Failure)
[0.218s][info][gc,heap        ] GC(8) PSYoungGen: 4736K(5120K)->2016K(5632K) Eden: 3072K(3072K)->0K(3584K) From: 1664K(2048K)->2016K(2048K)
[0.218s][info][gc,heap        ] GC(8) ParOldGen: 2542K(6144K)->3766K(6144K)
[0.218s][info][gc,metaspace   ] GC(8) Metaspace: 6296K(6464K)->6296K(6464K) NonClass: 5763K(5824K)->5763K(5824K) Class: 533K(640K)->533K(640K)
[0.218s][info][gc             ] GC(8) Pause Young (Allocation Failure) 7M->5M(11M) 3.175ms
[0.218s][info][gc,cpu         ] GC(8) User=0.00s Sys=0.00s Real=0.00s
[0.223s][info][gc,start       ] GC(9) Pause Young (Allocation Failure)
[0.226s][info][gc,heap        ] GC(9) PSYoungGen: 5600K(5632K)->3040K(6656K) Eden: 3584K(3584K)->0K(3584K) From: 2016K(2048K)->3040K(3072K)
[0.226s][info][gc,heap        ] GC(9) ParOldGen: 3766K(6144K)->4598K(6144K)
[0.226s][info][gc,metaspace   ] GC(9) Metaspace: 6296K(6464K)->6296K(6464K) NonClass: 5763K(5824K)->5763K(5824K) Class: 533K(640K)->533K(640K)
[0.226s][info][gc             ] GC(9) Pause Young (Allocation Failure) 9M->7M(12M) 3.124ms
[0.226s][info][gc,cpu         ] GC(9) User=0.00s Sys=0.00s Real=0.00s
[0.230s][info][gc,start       ] GC(10) Pause Young (Allocation Failure)
[0.233s][info][gc,heap        ] GC(10) PSYoungGen: 6624K(6656K)->4064K(8704K) Eden: 3584K(3584K)->0K(4608K) From: 3040K(3072K)->4064K(4096K)
[0.234s][info][gc,heap        ] GC(10) ParOldGen: 4598K(6144K)->5438K(6144K)
[0.234s][info][gc,metaspace   ] GC(10) Metaspace: 6296K(6464K)->6296K(6464K) NonClass: 5763K(5824K)->5763K(5824K) Class: 533K(640K)->533K(640K)
[0.234s][info][gc             ] GC(10) Pause Young (Allocation Failure) 10M->9M(14M) 4.016ms
[0.234s][info][gc,cpu         ] GC(10) User=0.00s Sys=0.00s Real=0.01s
[0.234s][info][gc,start       ] GC(11) Pause Full (Ergonomics)
[0.234s][info][gc,phases,start] GC(11) Marking Phase
[0.238s][info][gc,phases      ] GC(11) Marking Phase 4.616ms
[0.239s][info][gc,phases,start] GC(11) Summary Phase
[0.239s][info][gc,phases      ] GC(11) Summary Phase 0.016ms
[0.239s][info][gc,phases,start] GC(11) Adjust Roots
[0.239s][info][gc,phases      ] GC(11) Adjust Roots 0.355ms
[0.239s][info][gc,phases,start] GC(11) Compaction Phase
[0.245s][info][gc,phases      ] GC(11) Compaction Phase 5.973ms
[0.245s][info][gc,phases,start] GC(11) Post Compact
[0.245s][info][gc,phases      ] GC(11) Post Compact 0.051ms
[0.245s][info][gc,heap        ] GC(11) PSYoungGen: 4064K(8704K)->3545K(8704K) Eden: 0K(4608K)->0K(4608K) From: 4064K(4096K)->3545K(4096K)
[0.245s][info][gc,heap        ] GC(11) ParOldGen: 5438K(6144K)->5820K(10752K)
[0.245s][info][gc,metaspace   ] GC(11) Metaspace: 6296K(6464K)->6296K(6464K) NonClass: 5763K(5824K)->5763K(5824K) Class: 533K(640K)->533K(640K)
[0.245s][info][gc             ] GC(11) Pause Full (Ergonomics) 9M->9M(19M) 11.314ms
[0.245s][info][gc,cpu         ] GC(11) User=0.00s Sys=0.00s Real=0.01s
[0.250s][info][gc,start       ] GC(12) Pause Young (Allocation Failure)
[0.253s][info][gc,heap        ] GC(12) PSYoungGen: 8099K(8704K)->5088K(9728K) Eden: 4553K(4608K)->0K(4608K) From: 3545K(4096K)->5088K(5120K)
[0.253s][info][gc,heap        ] GC(12) ParOldGen: 5820K(10752K)->6612K(10752K)
[0.253s][info][gc,metaspace   ] GC(12) Metaspace: 6296K(6464K)->6296K(6464K) NonClass: 5763K(5824K)->5763K(5824K) Class: 533K(640K)->533K(640K)
[0.253s][info][gc             ] GC(12) Pause Young (Allocation Failure) 13M->11M(20M) 3.421ms
[0.253s][info][gc,cpu         ] GC(12) User=0.02s Sys=0.00s Real=0.00s
[0.258s][info][gc,start       ] GC(13) Pause Young (Allocation Failure)
[0.264s][info][gc,heap        ] GC(13) PSYoungGen: 9696K(9728K)->6112K(11264K) Eden: 4608K(4608K)->0K(5120K) From: 5088K(5120K)->6112K(6144K)
[0.264s][info][gc,heap        ] GC(13) ParOldGen: 6612K(10752K)->7988K(10752K)
[0.264s][info][gc,metaspace   ] GC(13) Metaspace: 6296K(6464K)->6296K(6464K) NonClass: 5763K(5824K)->5763K(5824K) Class: 533K(640K)->533K(640K)
[0.264s][info][gc             ] GC(13) Pause Young (Allocation Failure) 15M->13M(21M) 5.880ms
[0.264s][info][gc,cpu         ] GC(13) User=0.00s Sys=0.00s Real=0.01s
[0.268s][info][gc,start       ] GC(14) Pause Young (Allocation Failure)
[0.274s][info][gc,heap        ] GC(14) PSYoungGen: 11232K(11264K)->5216K(12800K) Eden: 5120K(5120K)->0K(5120K) From: 6112K(6144K)->5216K(7680K)
[0.274s][info][gc,heap        ] GC(14) ParOldGen: 7988K(10752K)->11588K(11776K)
[0.274s][info][gc,metaspace   ] GC(14) Metaspace: 6298K(6464K)->6298K(6464K) NonClass: 5765K(5824K)->5765K(5824K) Class: 533K(640K)->533K(640K)
[0.274s][info][gc             ] GC(14) Pause Young (Allocation Failure) 18M->16M(24M) 5.753ms
[0.274s][info][gc,cpu         ] GC(14) User=0.00s Sys=0.00s Real=0.01s
[0.274s][info][gc,start       ] GC(15) Pause Full (Ergonomics)
[0.274s][info][gc,phases,start] GC(15) Marking Phase
[0.282s][info][gc,phases      ] GC(15) Marking Phase 7.649ms
[0.282s][info][gc,phases,start] GC(15) Summary Phase
[0.282s][info][gc,phases      ] GC(15) Summary Phase 0.017ms
[0.282s][info][gc,phases,start] GC(15) Adjust Roots
[0.282s][info][gc,phases      ] GC(15) Adjust Roots 0.217ms
[0.282s][info][gc,phases,start] GC(15) Compaction Phase
[0.288s][info][gc,phases      ] GC(15) Compaction Phase 6.253ms
[0.289s][info][gc,phases,start] GC(15) Post Compact
[0.289s][info][gc,phases      ] GC(15) Post Compact 0.071ms
[0.289s][info][gc,heap        ] GC(15) PSYoungGen: 5216K(12800K)->5179K(12800K) Eden: 0K(5120K)->0K(5120K) From: 5216K(7680K)->5179K(7680K)
[0.289s][info][gc,heap        ] GC(15) ParOldGen: 11588K(11776K)->11469K(18432K)
[0.289s][info][gc,metaspace   ] GC(15) Metaspace: 6298K(6464K)->6298K(6464K) NonClass: 5765K(5824K)->5765K(5824K) Class: 533K(640K)->533K(640K)
[0.289s][info][gc             ] GC(15) Pause Full (Ergonomics) 16M->16M(30M) 14.512ms
[0.289s][info][gc,cpu         ] GC(15) User=0.00s Sys=0.00s Real=0.01s
[0.293s][info][gc,start       ] GC(16) Pause Young (Allocation Failure)
[0.299s][info][gc,heap        ] GC(16) PSYoungGen: 10299K(12800K)->2688K(14336K) Eden: 5120K(5120K)->0K(7168K) From: 5179K(7680K)->2688K(7168K)
[0.299s][info][gc,heap        ] GC(16) ParOldGen: 11469K(18432K)->16733K(18432K)
[0.299s][info][gc,metaspace   ] GC(16) Metaspace: 6298K(6464K)->6298K(6464K) NonClass: 5765K(5824K)->5765K(5824K) Class: 533K(640K)->533K(640K)
[0.299s][info][gc             ] GC(16) Pause Young (Allocation Failure) 21M->18M(32M) 5.755ms
[0.299s][info][gc,cpu         ] GC(16) User=0.00s Sys=0.00s Real=0.01s
[0.299s][info][gc,start       ] GC(17) Pause Full (Ergonomics)
[0.299s][info][gc,phases,start] GC(17) Marking Phase
[0.307s][info][gc,phases      ] GC(17) Marking Phase 7.867ms
[0.307s][info][gc,phases,start] GC(17) Summary Phase
[0.307s][info][gc,phases      ] GC(17) Summary Phase 0.018ms
[0.307s][info][gc,phases,start] GC(17) Adjust Roots
[0.307s][info][gc,phases      ] GC(17) Adjust Roots 0.179ms
[0.307s][info][gc,phases,start] GC(17) Compaction Phase
[0.314s][info][gc,phases      ] GC(17) Compaction Phase 6.566ms
[0.314s][info][gc,phases,start] GC(17) Post Compact
[0.314s][info][gc,phases      ] GC(17) Post Compact 0.088ms
[0.314s][info][gc,heap        ] GC(17) PSYoungGen: 2688K(14336K)->1106K(14848K) Eden: 0K(7168K)->0K(7680K) From: 2688K(7168K)->1106K(7168K)
[0.314s][info][gc,heap        ] GC(17) ParOldGen: 16733K(18432K)->18182K(27648K)
[0.314s][info][gc,metaspace   ] GC(17) Metaspace: 6298K(6464K)->6298K(6464K) NonClass: 5765K(5824K)->5765K(5824K) Class: 533K(640K)->533K(640K)
[0.314s][info][gc             ] GC(17) Pause Full (Ergonomics) 18M->18M(41M) 15.058ms
[0.314s][info][gc,cpu         ] GC(17) User=0.00s Sys=0.00s Real=0.02s
[0.318s][info][gc,start       ] GC(18) Pause Young (Allocation Failure)
[0.323s][info][gc,heap        ] GC(18) PSYoungGen: 7796K(14848K)->3424K(15360K) Eden: 6689K(7680K)->0K(7680K) From: 1106K(7168K)->3424K(7680K)
[0.323s][info][gc,heap        ] GC(18) ParOldGen: 18182K(27648K)->19310K(27648K)
[0.323s][info][gc,metaspace   ] GC(18) Metaspace: 6298K(6464K)->6298K(6464K) NonClass: 5765K(5824K)->5765K(5824K) Class: 533K(640K)->533K(640K)
[0.323s][info][gc             ] GC(18) Pause Young (Allocation Failure) 25M->22M(42M) 4.905ms
[0.323s][info][gc,cpu         ] GC(18) User=0.00s Sys=0.00s Real=0.00s
[0.330s][info][gc,start       ] GC(19) Pause Young (Allocation Failure)
[0.337s][info][gc,heap        ] GC(19) PSYoungGen: 11104K(15360K)->7648K(16896K) Eden: 7680K(7680K)->0K(9216K) From: 3424K(7680K)->7648K(7680K)
[0.337s][info][gc,heap        ] GC(19) ParOldGen: 19310K(27648K)->19534K(27648K)
[0.337s][info][gc,metaspace   ] GC(19) Metaspace: 6298K(6464K)->6298K(6464K) NonClass: 5765K(5824K)->5765K(5824K) Class: 533K(640K)->533K(640K)
[0.337s][info][gc             ] GC(19) Pause Young (Allocation Failure) 29M->26M(43M) 6.938ms
[0.337s][info][gc,cpu         ] GC(19) User=0.00s Sys=0.00s Real=0.01s
[0.342s][info][gc,start       ] GC(20) Pause Young (Allocation Failure)
[0.350s][info][gc,heap        ] GC(20) PSYoungGen: 16864K(16896K)->4800K(17920K) Eden: 9216K(9216K)->0K(9216K) From: 7648K(7680K)->4800K(8704K)
[0.350s][info][gc,heap        ] GC(20) ParOldGen: 19534K(27648K)->27286K(27648K)
[0.351s][info][gc,metaspace   ] GC(20) Metaspace: 6298K(6464K)->6298K(6464K) NonClass: 5765K(5824K)->5765K(5824K) Class: 533K(640K)->533K(640K)
[0.351s][info][gc             ] GC(20) Pause Young (Allocation Failure) 35M->31M(44M) 8.240ms
[0.351s][info][gc,cpu         ] GC(20) User=0.02s Sys=0.00s Real=0.01s
[0.351s][info][gc,start       ] GC(21) Pause Full (Ergonomics)
[0.351s][info][gc,phases,start] GC(21) Marking Phase
[0.364s][info][gc,phases      ] GC(21) Marking Phase 12.833ms
[0.364s][info][gc,phases,start] GC(21) Summary Phase
[0.364s][info][gc,phases      ] GC(21) Summary Phase 0.019ms
[0.364s][info][gc,phases,start] GC(21) Adjust Roots
[0.364s][info][gc,phases      ] GC(21) Adjust Roots 0.179ms
[0.364s][info][gc,phases,start] GC(21) Compaction Phase
[0.376s][info][gc,phases      ] GC(21) Compaction Phase 11.938ms
[0.376s][info][gc,phases,start] GC(21) Post Compact
[0.376s][info][gc,phases      ] GC(21) Post Compact 0.137ms
[0.376s][info][gc,heap        ] GC(21) PSYoungGen: 4800K(17920K)->4249K(17920K) Eden: 0K(9216K)->0K(9216K) From: 4800K(8704K)->4249K(8704K)
[0.376s][info][gc,heap        ] GC(21) ParOldGen: 27286K(27648K)->27140K(39424K)
[0.376s][info][gc,metaspace   ] GC(21) Metaspace: 6298K(6464K)->6298K(6464K) NonClass: 5765K(5824K)->5765K(5824K) Class: 533K(640K)->533K(640K)
[0.376s][info][gc             ] GC(21) Pause Full (Ergonomics) 31M->30M(56M) 25.703ms
[0.376s][info][gc,cpu         ] GC(21) User=0.02s Sys=0.00s Real=0.03s
[0.384s][info][gc,start       ] GC(22) Pause Young (Allocation Failure)
[0.394s][info][gc,heap        ] GC(22) PSYoungGen: 13465K(17920K)->7648K(19456K) Eden: 9216K(9216K)->0K(10752K) From: 4249K(8704K)->7648K(8704K)
[0.394s][info][gc,heap        ] GC(22) ParOldGen: 27140K(39424K)->31460K(39424K)
[0.394s][info][gc,metaspace   ] GC(22) Metaspace: 6298K(6464K)->6298K(6464K) NonClass: 5765K(5824K)->5765K(5824K) Class: 533K(640K)->533K(640K)
[0.394s][info][gc             ] GC(22) Pause Young (Allocation Failure) 39M->38M(57M) 9.940ms
[0.394s][info][gc,cpu         ] GC(22) User=0.02s Sys=0.00s Real=0.01s
[0.409s][info][gc,start       ] GC(23) Pause Young (Allocation Failure)
[0.422s][info][gc,heap        ] GC(23) PSYoungGen: 18400K(19456K)->9696K(20480K) Eden: 10752K(10752K)->0K(10752K) From: 7648K(8704K)->9696K(9728K)
[0.422s][info][gc,heap        ] GC(23) ParOldGen: 31460K(39424K)->40252K(40448K)
[0.422s][info][gc,metaspace   ] GC(23) Metaspace: 6298K(6464K)->6298K(6464K) NonClass: 5765K(5824K)->5765K(5824K) Class: 533K(640K)->533K(640K)
[0.422s][info][gc             ] GC(23) Pause Young (Allocation Failure) 48M->48M(59M) 12.829ms
[0.422s][info][gc,cpu         ] GC(23) User=0.00s Sys=0.00s Real=0.01s
[0.422s][info][gc,start       ] GC(24) Pause Full (Ergonomics)
[0.422s][info][gc,phases,start] GC(24) Marking Phase
[0.441s][info][gc,phases      ] GC(24) Marking Phase 18.791ms
[0.441s][info][gc,phases,start] GC(24) Summary Phase
[0.441s][info][gc,phases      ] GC(24) Summary Phase 0.019ms
[0.441s][info][gc,phases,start] GC(24) Adjust Roots
[0.441s][info][gc,phases      ] GC(24) Adjust Roots 0.161ms
[0.441s][info][gc,phases,start] GC(24) Compaction Phase
[0.457s][info][gc,phases      ] GC(24) Compaction Phase 16.161ms
[0.457s][info][gc,phases,start] GC(24) Post Compact
[0.457s][info][gc,phases      ] GC(24) Post Compact 0.160ms
[0.457s][info][gc,heap        ] GC(24) PSYoungGen: 9696K(20480K)->9681K(20480K) Eden: 0K(10752K)->0K(10752K) From: 9696K(9728K)->9681K(9728K)
[0.457s][info][gc,heap        ] GC(24) ParOldGen: 40252K(40448K)->39009K(54784K)
[0.457s][info][gc,metaspace   ] GC(24) Metaspace: 6298K(6464K)->6298K(6464K) NonClass: 5765K(5824K)->5765K(5824K) Class: 533K(640K)->533K(640K)
[0.457s][info][gc             ] GC(24) Pause Full (Ergonomics) 48M->47M(73M) 35.661ms
[0.457s][info][gc,cpu         ] GC(24) User=0.05s Sys=0.00s Real=0.04s
[0.468s][info][gc,start       ] GC(25) Pause Young (Allocation Failure)
[0.484s][info][gc,heap        ] GC(25) PSYoungGen: 20433K(20480K)->10784K(26624K) Eden: 10752K(10752K)->0K(12288K) From: 9681K(9728K)->10784K(14336K)
[0.484s][info][gc,heap        ] GC(25) ParOldGen: 39009K(54784K)->48817K(54784K)
[0.484s][info][gc,metaspace   ] GC(25) Metaspace: 6298K(6464K)->6298K(6464K) NonClass: 5765K(5824K)->5765K(5824K) Class: 533K(640K)->533K(640K)
[0.484s][info][gc             ] GC(25) Pause Young (Allocation Failure) 58M->58M(79M) 16.187ms
[0.484s][info][gc,cpu         ] GC(25) User=0.02s Sys=0.00s Real=0.02s
[0.484s][info][gc,start       ] GC(26) Pause Full (Ergonomics)
[0.484s][info][gc,phases,start] GC(26) Marking Phase
[0.507s][info][gc,phases      ] GC(26) Marking Phase 22.389ms
[0.507s][info][gc,phases,start] GC(26) Summary Phase
[0.507s][info][gc,phases      ] GC(26) Summary Phase 0.027ms
[0.507s][info][gc,phases,start] GC(26) Adjust Roots
[0.507s][info][gc,phases      ] GC(26) Adjust Roots 0.157ms
[0.507s][info][gc,phases,start] GC(26) Compaction Phase
[0.525s][info][gc,phases      ] GC(26) Compaction Phase 18.320ms
[0.525s][info][gc,phases,start] GC(26) Post Compact
[0.526s][info][gc,phases      ] GC(26) Post Compact 0.207ms
[0.526s][info][gc,heap        ] GC(26) PSYoungGen: 10784K(26624K)->5099K(26624K) Eden: 0K(12288K)->0K(12288K) From: 10784K(14336K)->5099K(14336K)
[0.526s][info][gc,heap        ] GC(26) ParOldGen: 48817K(54784K)->54312K(73728K)
[0.526s][info][gc,metaspace   ] GC(26) Metaspace: 6298K(6464K)->6298K(6464K) NonClass: 5765K(5824K)->5765K(5824K) Class: 533K(640K)->533K(640K)
[0.526s][info][gc             ] GC(26) Pause Full (Ergonomics) 58M->58M(98M) 41.497ms
[0.526s][info][gc,cpu         ] GC(26) User=0.05s Sys=0.00s Real=0.04s
[0.540s][info][gc,start       ] GC(27) Pause Young (Allocation Failure)
[0.555s][info][gc,heap        ] GC(27) PSYoungGen: 17387K(26624K)->12320K(27648K) Eden: 12288K(12288K)->0K(12288K) From: 5099K(14336K)->12320K(15360K)
[0.556s][info][gc,heap        ] GC(27) ParOldGen: 54312K(73728K)->59504K(73728K)
[0.556s][info][gc,metaspace   ] GC(27) Metaspace: 6298K(6464K)->6298K(6464K) NonClass: 5765K(5824K)->5765K(5824K) Class: 533K(640K)->533K(640K)
[0.556s][info][gc             ] GC(27) Pause Young (Allocation Failure) 70M->70M(99M) 15.920ms
[0.556s][info][gc,cpu         ] GC(27) User=0.02s Sys=0.00s Real=0.02s
[0.567s][info][gc,start       ] GC(28) Pause Young (Allocation Failure)
[0.586s][info][gc,heap        ] GC(28) PSYoungGen: 24608K(27648K)->16896K(26112K) Eden: 12288K(12288K)->0K(9216K) From: 12320K(15360K)->16896K(16896K)
[0.586s][info][gc,heap        ] GC(28) ParOldGen: 59504K(73728K)->67280K(73728K)
[0.586s][info][gc,metaspace   ] GC(28) Metaspace: 6298K(6464K)->6298K(6464K) NonClass: 5765K(5824K)->5765K(5824K) Class: 533K(640K)->533K(640K)
[0.586s][info][gc             ] GC(28) Pause Young (Allocation Failure) 82M->82M(97M) 19.071ms
[0.586s][info][gc,cpu         ] GC(28) User=0.02s Sys=0.00s Real=0.02s
[0.586s][info][gc,start       ] GC(29) Pause Full (Ergonomics)
[0.586s][info][gc,phases,start] GC(29) Marking Phase
[0.618s][info][gc,phases      ] GC(29) Marking Phase 31.834ms
[0.618s][info][gc,phases,start] GC(29) Summary Phase
[0.618s][info][gc,phases      ] GC(29) Summary Phase 0.020ms
[0.618s][info][gc,phases,start] GC(29) Adjust Roots
[0.618s][info][gc,phases      ] GC(29) Adjust Roots 0.155ms
[0.619s][info][gc,phases,start] GC(29) Compaction Phase
[0.639s][info][gc,phases      ] GC(29) Compaction Phase 20.073ms
[0.639s][info][gc,phases,start] GC(29) Post Compact
[0.639s][info][gc,phases      ] GC(29) Post Compact 0.389ms
[0.639s][info][gc,heap        ] GC(29) PSYoungGen: 16896K(26112K)->10220K(26112K) Eden: 0K(9216K)->0K(9216K) From: 16896K(16896K)->10220K(16896K)
[0.639s][info][gc,heap        ] GC(29) ParOldGen: 67280K(73728K)->73703K(95232K)
[0.639s][info][gc,metaspace   ] GC(29) Metaspace: 6298K(6464K)->6298K(6464K) NonClass: 5765K(5824K)->5765K(5824K) Class: 533K(640K)->533K(640K)
[0.639s][info][gc             ] GC(29) Pause Full (Ergonomics) 82M->81M(118M) 52.936ms
[0.639s][info][gc,cpu         ] GC(29) User=0.08s Sys=0.00s Real=0.05s
[0.662s][info][gc,start       ] GC(30) Pause Young (Allocation Failure)
[0.679s][info][gc,heap        ] GC(30) PSYoungGen: 19436K(26112K)->9248K(31744K) Eden: 9216K(9216K)->0K(9216K) From: 10220K(16896K)->9248K(22528K)
[0.679s][info][gc,heap        ] GC(30) ParOldGen: 73703K(95232K)->84095K(95232K)
[0.679s][info][gc,metaspace   ] GC(30) Metaspace: 6298K(6464K)->6298K(6464K) NonClass: 5765K(5824K)->5765K(5824K) Class: 533K(640K)->533K(640K)
[0.679s][info][gc             ] GC(30) Pause Young (Allocation Failure) 90M->91M(124M) 17.210ms
[0.679s][info][gc,cpu         ] GC(30) User=0.03s Sys=0.00s Real=0.02s
[0.679s][info][gc,start       ] GC(31) Pause Full (Ergonomics)
[0.679s][info][gc,phases,start] GC(31) Marking Phase
[0.717s][info][gc,phases      ] GC(31) Marking Phase 37.642ms
[0.717s][info][gc,phases,start] GC(31) Summary Phase
[0.717s][info][gc,phases      ] GC(31) Summary Phase 0.022ms
[0.717s][info][gc,phases,start] GC(31) Adjust Roots
[0.717s][info][gc,phases      ] GC(31) Adjust Roots 0.168ms
[0.717s][info][gc,phases,start] GC(31) Compaction Phase
[0.742s][info][gc,phases      ] GC(31) Compaction Phase 24.543ms
[0.742s][info][gc,phases,start] GC(31) Post Compact
[0.742s][info][gc,phases      ] GC(31) Post Compact 0.374ms
[0.742s][info][gc,heap        ] GC(31) PSYoungGen: 9248K(31744K)->0K(32768K) Eden: 0K(9216K)->0K(11264K) From: 9248K(22528K)->0K(21504K)
[0.742s][info][gc,heap        ] GC(31) ParOldGen: 84095K(95232K)->91075K(116224K)
[0.742s][info][gc,metaspace   ] GC(31) Metaspace: 6298K(6464K)->6298K(6464K) NonClass: 5765K(5824K)->5765K(5824K) Class: 533K(640K)->533K(640K)
[0.742s][info][gc             ] GC(31) Pause Full (Ergonomics) 91M->88M(145M) 63.106ms
[0.742s][info][gc,cpu         ] GC(31) User=0.09s Sys=0.00s Real=0.06s
[0.752s][info][gc,start       ] GC(32) Pause Young (Allocation Failure)
[0.759s][info][gc,heap        ] GC(32) PSYoungGen: 11264K(32768K)->11328K(32768K) Eden: 11264K(11264K)->0K(11264K) From: 0K(21504K)->11328K(21504K)
[0.759s][info][gc,heap        ] GC(32) ParOldGen: 91075K(116224K)->91075K(116224K)
[0.759s][info][gc,metaspace   ] GC(32) Metaspace: 6298K(6464K)->6298K(6464K) NonClass: 5765K(5824K)->5765K(5824K) Class: 533K(640K)->533K(640K)
[0.759s][info][gc             ] GC(32) Pause Young (Allocation Failure) 99M->100M(145M) 6.703ms
[0.759s][info][gc,cpu         ] GC(32) User=0.00s Sys=0.00s Real=0.01s
[0.769s][info][gc,start       ] GC(33) Pause Young (Allocation Failure)
[0.781s][info][gc,heap        ] GC(33) PSYoungGen: 22592K(32768K)->21504K(31232K) Eden: 11264K(11264K)->0K(9728K) From: 11328K(21504K)->21504K(21504K)
[0.781s][info][gc,heap        ] GC(33) ParOldGen: 91075K(116224K)->92107K(116224K)
[0.781s][info][gc,metaspace   ] GC(33) Metaspace: 6298K(6464K)->6298K(6464K) NonClass: 5765K(5824K)->5765K(5824K) Class: 533K(640K)->533K(640K)
[0.781s][info][gc             ] GC(33) Pause Young (Allocation Failure) 111M->110M(144M) 12.051ms
[0.781s][info][gc,cpu         ] GC(33) User=0.00s Sys=0.00s Real=0.01s
[0.790s][info][gc,start       ] GC(34) Pause Young (Allocation Failure)
[0.806s][info][gc,heap        ] GC(34) PSYoungGen: 31232K(31232K)->20032K(34816K) Eden: 9728K(9728K)->0K(9728K) From: 21504K(21504K)->20032K(25088K)
[0.806s][info][gc,heap        ] GC(34) ParOldGen: 92107K(116224K)->103507K(116224K)
[0.806s][info][gc,metaspace   ] GC(34) Metaspace: 6298K(6464K)->6298K(6464K) NonClass: 5765K(5824K)->5765K(5824K) Class: 533K(640K)->533K(640K)
[0.806s][info][gc             ] GC(34) Pause Young (Allocation Failure) 120M->120M(147M) 16.034ms
[0.806s][info][gc,cpu         ] GC(34) User=0.02s Sys=0.00s Real=0.02s
[0.806s][info][gc,start       ] GC(35) Pause Full (Ergonomics)
[0.806s][info][gc,phases,start] GC(35) Marking Phase
[0.838s][info][gc,phases      ] GC(35) Marking Phase 32.315ms
[0.838s][info][gc,phases,start] GC(35) Summary Phase
[0.838s][info][gc,phases      ] GC(35) Summary Phase 0.028ms
[0.838s][info][gc,phases,start] GC(35) Adjust Roots
[0.839s][info][gc,phases      ] GC(35) Adjust Roots 0.149ms
[0.839s][info][gc,phases,start] GC(35) Compaction Phase
[0.858s][info][gc,phases      ] GC(35) Compaction Phase 18.996ms
[0.858s][info][gc,phases,start] GC(35) Post Compact
[0.858s][info][gc,phases      ] GC(35) Post Compact 0.543ms
[0.858s][info][gc,heap        ] GC(35) PSYoungGen: 20032K(34816K)->7171K(34816K) Eden: 0K(9728K)->0K(9728K) From: 20032K(25088K)->7171K(25088K)
[0.858s][info][gc,heap        ] GC(35) ParOldGen: 103507K(116224K)->116068K(144384K)
[0.858s][info][gc,metaspace   ] GC(35) Metaspace: 6298K(6464K)->6298K(6464K) NonClass: 5765K(5824K)->5765K(5824K) Class: 533K(640K)->533K(640K)
[0.858s][info][gc             ] GC(35) Pause Full (Ergonomics) 120M->120M(175M) 52.446ms
[0.859s][info][gc,cpu         ] GC(35) User=0.11s Sys=0.00s Real=0.05s
[0.868s][info][gc,start       ] GC(36) Pause Young (Allocation Failure)
[0.883s][info][gc,heap        ] GC(36) PSYoungGen: 16899K(34816K)->16960K(37888K) Eden: 9728K(9728K)->0K(10752K) From: 7171K(25088K)->16960K(27136K)
[0.883s][info][gc,heap        ] GC(36) ParOldGen: 116068K(144384K)->116068K(144384K)
[0.883s][info][gc,metaspace   ] GC(36) Metaspace: 6298K(6464K)->6298K(6464K) NonClass: 5765K(5824K)->5765K(5824K) Class: 533K(640K)->533K(640K)
[0.883s][info][gc             ] GC(36) Pause Young (Allocation Failure) 129M->129M(178M) 15.168ms
[0.883s][info][gc,cpu         ] GC(36) User=0.02s Sys=0.00s Real=0.02s
[0.894s][info][gc,start       ] GC(37) Pause Young (Allocation Failure)
[0.907s][info][gc,heap        ] GC(37) PSYoungGen: 27712K(37888K)->27648K(38400K) Eden: 10752K(10752K)->0K(10752K) From: 16960K(27136K)->27648K(27648K)
[0.907s][info][gc,heap        ] GC(37) ParOldGen: 116068K(144384K)->116140K(144384K)
[0.907s][info][gc,metaspace   ] GC(37) Metaspace: 6298K(6464K)->6298K(6464K) NonClass: 5765K(5824K)->5765K(5824K) Class: 533K(640K)->533K(640K)
[0.907s][info][gc             ] GC(37) Pause Young (Allocation Failure) 140M->140M(178M) 13.562ms
[0.907s][info][gc,cpu         ] GC(37) User=0.00s Sys=0.00s Real=0.01s
[0.918s][info][gc,start       ] GC(38) Pause Young (Allocation Failure)
[0.938s][info][gc,heap        ] GC(38) PSYoungGen: 38400K(38400K)->31168K(40448K) Eden: 10752K(10752K)->0K(8192K) From: 27648K(27648K)->31168K(32256K)
[0.938s][info][gc,heap        ] GC(38) ParOldGen: 116140K(144384K)->123428K(144384K)
[0.938s][info][gc,metaspace   ] GC(38) Metaspace: 6298K(6464K)->6298K(6464K) NonClass: 5765K(5824K)->5765K(5824K) Class: 533K(640K)->533K(640K)
[0.938s][info][gc             ] GC(38) Pause Young (Allocation Failure) 150M->150M(180M) 20.201ms
[0.938s][info][gc,cpu         ] GC(38) User=0.05s Sys=0.02s Real=0.02s
[0.946s][info][gc,start       ] GC(39) Pause Young (Allocation Failure)
[0.963s][info][gc,heap        ] GC(39) PSYoungGen: 39360K(40448K)->29664K(45056K) Eden: 8192K(8192K)->0K(8192K) From: 31168K(32256K)->29664K(36864K)
[0.963s][info][gc,heap        ] GC(39) ParOldGen: 123428K(144384K)->133284K(144384K)
[0.963s][info][gc,metaspace   ] GC(39) Metaspace: 6298K(6464K)->6298K(6464K) NonClass: 5765K(5824K)->5765K(5824K) Class: 533K(640K)->533K(640K)
[0.963s][info][gc             ] GC(39) Pause Young (Allocation Failure) 158M->159M(185M) 17.278ms
[0.963s][info][gc,cpu         ] GC(39) User=0.05s Sys=0.00s Real=0.02s
[0.963s][info][gc,start       ] GC(40) Pause Full (Ergonomics)
[0.963s][info][gc,phases,start] GC(40) Marking Phase
[1.006s][info][gc,phases      ] GC(40) Marking Phase 43.071ms
[1.006s][info][gc,phases,start] GC(40) Summary Phase
[1.006s][info][gc,phases      ] GC(40) Summary Phase 0.016ms
[1.006s][info][gc,phases,start] GC(40) Adjust Roots
[1.006s][info][gc,phases      ] GC(40) Adjust Roots 0.145ms
[1.006s][info][gc,phases,start] GC(40) Compaction Phase
[1.032s][info][gc,phases      ] GC(40) Compaction Phase 25.248ms
[1.032s][info][gc,phases,start] GC(40) Post Compact
[1.033s][info][gc,phases      ] GC(40) Post Compact 0.777ms
[1.033s][info][gc,heap        ] GC(40) PSYoungGen: 29664K(45056K)->18298K(45056K) Eden: 0K(8192K)->0K(8192K) From: 29664K(36864K)->18298K(36864K)
[1.033s][info][gc,heap        ] GC(40) ParOldGen: 133284K(144384K)->144242K(174592K)
[1.033s][info][gc,metaspace   ] GC(40) Metaspace: 6298K(6464K)->6298K(6464K) NonClass: 5765K(5824K)->5765K(5824K) Class: 533K(640K)->533K(640K)
[1.033s][info][gc             ] GC(40) Pause Full (Ergonomics) 159M->158M(214M) 69.720ms
[1.033s][info][gc,cpu         ] GC(40) User=0.20s Sys=0.00s Real=0.07s
[1.041s][info][gc,start       ] GC(41) Pause Young (Allocation Failure)
[1.063s][info][gc,heap        ] GC(41) PSYoungGen: 26490K(45056K)->20032K(47616K) Eden: 8192K(8192K)->0K(9728K) From: 18298K(36864K)->20032K(37888K)
[1.063s][info][gc,heap        ] GC(41) ParOldGen: 144242K(174592K)->150930K(174592K)
[1.063s][info][gc,metaspace   ] GC(41) Metaspace: 6298K(6464K)->6298K(6464K) NonClass: 5765K(5824K)->5765K(5824K) Class: 533K(640K)->533K(640K)
[1.063s][info][gc             ] GC(41) Pause Young (Allocation Failure) 166M->166M(217M) 21.322ms
[1.063s][info][gc,cpu         ] GC(41) User=0.08s Sys=0.00s Real=0.02s
[1.101s][info][gc,start       ] GC(42) Pause Young (Allocation Failure)
[1.119s][info][gc,heap        ] GC(42) PSYoungGen: 29760K(47616K)->23136K(48640K) Eden: 9728K(9728K)->0K(9728K) From: 20032K(37888K)->23136K(38912K)
[1.119s][info][gc,heap        ] GC(42) ParOldGen: 159122K(174592K)->165834K(174592K)
[1.119s][info][gc,metaspace   ] GC(42) Metaspace: 6298K(6464K)->6298K(6464K) NonClass: 5765K(5824K)->5765K(5824K) Class: 533K(640K)->533K(640K)
[1.119s][info][gc             ] GC(42) Pause Young (Allocation Failure) 184M->184M(218M) 18.687ms
[1.120s][info][gc,cpu         ] GC(42) User=0.08s Sys=0.00s Real=0.02s
[1.120s][info][gc,start       ] GC(43) Pause Full (Ergonomics)
[1.120s][info][gc,phases,start] GC(43) Marking Phase
[1.163s][info][gc,phases      ] GC(43) Marking Phase 43.688ms
[1.163s][info][gc,phases,start] GC(43) Summary Phase
[1.163s][info][gc,phases      ] GC(43) Summary Phase 0.015ms
[1.163s][info][gc,phases,start] GC(43) Adjust Roots
[1.163s][info][gc,phases      ] GC(43) Adjust Roots 0.138ms
[1.164s][info][gc,phases,start] GC(43) Compaction Phase
[1.198s][info][gc,phases      ] GC(43) Compaction Phase 34.894ms
[1.198s][info][gc,phases,start] GC(43) Post Compact
[1.199s][info][gc,phases      ] GC(43) Post Compact 0.812ms
[1.199s][info][gc,heap        ] GC(43) PSYoungGen: 23136K(48640K)->10213K(48640K) Eden: 0K(9728K)->0K(9728K) From: 23136K(38912K)->10213K(38912K)
[1.200s][info][gc,heap        ] GC(43) ParOldGen: 165834K(174592K)->174279K(206336K)
[1.200s][info][gc,metaspace   ] GC(43) Metaspace: 6298K(6464K)->6298K(6464K) NonClass: 5765K(5824K)->5765K(5824K) Class: 533K(640K)->533K(640K)
[1.200s][info][gc             ] GC(43) Pause Full (Ergonomics) 184M->180M(249M) 79.983ms
[1.200s][info][gc,cpu         ] GC(43) User=0.23s Sys=0.00s Real=0.08s
[1.211s][info][gc,start       ] GC(44) Pause Young (Allocation Failure)
[1.230s][info][gc,heap        ] GC(44) PSYoungGen: 19941K(48640K)->20064K(48128K) Eden: 9728K(9728K)->0K(11264K) From: 10213K(38912K)->20064K(36864K)
[1.230s][info][gc,heap        ] GC(44) ParOldGen: 174279K(206336K)->174279K(206336K)
[1.230s][info][gc,metaspace   ] GC(44) Metaspace: 6298K(6464K)->6298K(6464K) NonClass: 5765K(5824K)->5765K(5824K) Class: 533K(640K)->533K(640K)
[1.230s][info][gc             ] GC(44) Pause Young (Allocation Failure) 189M->189M(248M) 18.839ms
[1.230s][info][gc,cpu         ] GC(44) User=0.08s Sys=0.00s Real=0.02s
[1.241s][info][gc,start       ] GC(45) Pause Young (Allocation Failure)
[1.256s][info][gc,heap        ] GC(45) PSYoungGen: 31328K(48128K)->31328K(49152K) Eden: 11264K(11264K)->0K(11264K) From: 20064K(36864K)->31328K(37888K)
[1.256s][info][gc,heap        ] GC(45) ParOldGen: 174279K(206336K)->174279K(206336K)
[1.256s][info][gc,metaspace   ] GC(45) Metaspace: 6298K(6464K)->6298K(6464K) NonClass: 5765K(5824K)->5765K(5824K) Class: 533K(640K)->533K(640K)
[1.256s][info][gc             ] GC(45) Pause Young (Allocation Failure) 200M->200M(249M) 15.656ms
[1.256s][info][gc,cpu         ] GC(45) User=0.02s Sys=0.00s Real=0.02s
[1.267s][info][gc,start       ] GC(46) Pause Young (Allocation Failure)
[1.289s][info][gc,heap        ] GC(46) PSYoungGen: 42592K(49152K)->40960K(47104K) Eden: 11264K(11264K)->0K(6144K) From: 31328K(37888K)->40960K(40960K)
[1.289s][info][gc,heap        ] GC(46) ParOldGen: 174279K(206336K)->175831K(206336K)
[1.289s][info][gc,metaspace   ] GC(46) Metaspace: 6298K(6464K)->6298K(6464K) NonClass: 5765K(5824K)->5765K(5824K) Class: 533K(640K)->533K(640K)
[1.289s][info][gc             ] GC(46) Pause Young (Allocation Failure) 211M->211M(247M) 21.655ms
[1.289s][info][gc,cpu         ] GC(46) User=0.05s Sys=0.03s Real=0.02s
[1.295s][info][gc,start       ] GC(47) Pause Young (Allocation Failure)
[1.316s][info][gc,heap        ] GC(47) PSYoungGen: 47104K(47104K)->41760K(53760K) Eden: 6144K(6144K)->0K(6144K) From: 40960K(40960K)->41760K(47616K)
[1.316s][info][gc,heap        ] GC(47) ParOldGen: 175831K(206336K)->181303K(206336K)
[1.316s][info][gc,metaspace   ] GC(47) Metaspace: 6298K(6464K)->6298K(6464K) NonClass: 5765K(5824K)->5765K(5824K) Class: 533K(640K)->533K(640K)
[1.316s][info][gc             ] GC(47) Pause Young (Allocation Failure) 217M->217M(254M) 20.345ms
[1.316s][info][gc,cpu         ] GC(47) User=0.06s Sys=0.00s Real=0.02s
[1.323s][info][gc,start       ] GC(48) Pause Young (Allocation Failure)
[1.345s][info][gc,heap        ] GC(48) PSYoungGen: 47904K(53760K)->34048K(58368K) Eden: 6144K(6144K)->0K(6144K) From: 41760K(47616K)->34048K(52224K)
[1.345s][info][gc,heap        ] GC(48) ParOldGen: 181303K(206336K)->195391K(206336K)
[1.345s][info][gc,metaspace   ] GC(48) Metaspace: 6298K(6464K)->6298K(6464K) NonClass: 5765K(5824K)->5765K(5824K) Class: 533K(640K)->533K(640K)
[1.345s][info][gc             ] GC(48) Pause Young (Allocation Failure) 223M->224M(258M) 22.185ms
[1.345s][info][gc,cpu         ] GC(48) User=0.05s Sys=0.02s Real=0.02s
[1.345s][info][gc,start       ] GC(49) Pause Full (Ergonomics)
[1.345s][info][gc,phases,start] GC(49) Marking Phase
[1.399s][info][gc,phases      ] GC(49) Marking Phase 54.360ms
[1.399s][info][gc,phases,start] GC(49) Summary Phase
[1.399s][info][gc,phases      ] GC(49) Summary Phase 0.017ms
[1.399s][info][gc,phases,start] GC(49) Adjust Roots
[1.400s][info][gc,phases      ] GC(49) Adjust Roots 0.150ms
[1.400s][info][gc,phases,start] GC(49) Compaction Phase
[1.429s][info][gc,phases      ] GC(49) Compaction Phase 29.370ms
[1.429s][info][gc,phases,start] GC(49) Post Compact
[1.430s][info][gc,phases      ] GC(49) Post Compact 0.980ms
[1.430s][info][gc,heap        ] GC(49) PSYoungGen: 34048K(58368K)->22604K(58368K) Eden: 0K(6144K)->0K(6144K) From: 34048K(52224K)->22604K(52224K)
[1.430s][info][gc,heap        ] GC(49) ParOldGen: 195391K(206336K)->206274K(241152K)
[1.430s][info][gc,metaspace   ] GC(49) Metaspace: 6298K(6464K)->6298K(6464K) NonClass: 5765K(5824K)->5765K(5824K) Class: 533K(640K)->533K(640K)
[1.430s][info][gc             ] GC(49) Pause Full (Ergonomics) 224M->223M(292M) 85.384ms
[1.430s][info][gc,cpu         ] GC(49) User=0.33s Sys=0.03s Real=0.09s
[1.437s][info][gc,start       ] GC(50) Pause Young (Allocation Failure)
[1.460s][info][gc,heap        ] GC(50) PSYoungGen: 28748K(58368K)->14240K(59392K) Eden: 6144K(6144K)->0K(6144K) From: 22604K(52224K)->14240K(53248K)
[1.460s][info][gc,heap        ] GC(50) ParOldGen: 206274K(241152K)->221130K(241152K)
[1.460s][info][gc,metaspace   ] GC(50) Metaspace: 6298K(6464K)->6298K(6464K) NonClass: 5765K(5824K)->5765K(5824K) Class: 533K(640K)->533K(640K)
[1.460s][info][gc             ] GC(50) Pause Young (Allocation Failure) 229M->229M(293M) 22.944ms
[1.460s][info][gc,cpu         ] GC(50) User=0.09s Sys=0.03s Real=0.02s
[1.467s][info][gc,start       ] GC(51) Pause Young (Allocation Failure)
[1.478s][info][gc,heap        ] GC(51) PSYoungGen: 20384K(59392K)->12352K(57344K) Eden: 6144K(6144K)->0K(7168K) From: 14240K(53248K)->12352K(50176K)
[1.478s][info][gc,heap        ] GC(51) ParOldGen: 221130K(241152K)->229250K(241152K)
[1.478s][info][gc,metaspace   ] GC(51) Metaspace: 6298K(6464K)->6298K(6464K) NonClass: 5765K(5824K)->5765K(5824K) Class: 533K(640K)->533K(640K)
[1.478s][info][gc             ] GC(51) Pause Young (Allocation Failure) 235M->235M(291M) 10.829ms
[1.478s][info][gc,cpu         ] GC(51) User=0.02s Sys=0.00s Real=0.01s
[1.478s][info][gc,start       ] GC(52) Pause Full (Ergonomics)
[1.478s][info][gc,phases,start] GC(52) Marking Phase
[1.532s][info][gc,phases      ] GC(52) Marking Phase 54.402ms
[1.532s][info][gc,phases,start] GC(52) Summary Phase
[1.532s][info][gc,phases      ] GC(52) Summary Phase 0.020ms
[1.532s][info][gc,phases,start] GC(52) Adjust Roots
[1.532s][info][gc,phases      ] GC(52) Adjust Roots 0.170ms
[1.532s][info][gc,phases,start] GC(52) Compaction Phase
[1.559s][info][gc,phases      ] GC(52) Compaction Phase 27.025ms
[1.559s][info][gc,phases,start] GC(52) Post Compact
[1.561s][info][gc,phases      ] GC(52) Post Compact 1.364ms
[1.561s][info][gc,heap        ] GC(52) PSYoungGen: 12352K(57344K)->0K(58368K) Eden: 0K(7168K)->0K(7168K) From: 12352K(50176K)->0K(51200K)
[1.561s][info][gc,heap        ] GC(52) ParOldGen: 229250K(241152K)->241103K(280576K)
[1.561s][info][gc,metaspace   ] GC(52) Metaspace: 6298K(6464K)->6298K(6464K) NonClass: 5765K(5824K)->5765K(5824K) Class: 533K(640K)->533K(640K)
[1.561s][info][gc             ] GC(52) Pause Full (Ergonomics) 235M->235M(331M) 83.477ms
[1.561s][info][gc,cpu         ] GC(52) User=0.44s Sys=0.02s Real=0.08s
[1.569s][info][gc,start       ] GC(53) Pause Young (Allocation Failure)
[1.574s][info][gc,heap        ] GC(53) PSYoungGen: 7168K(58368K)->7296K(58880K) Eden: 7168K(7168K)->0K(8192K) From: 0K(51200K)->7296K(50688K)
[1.574s][info][gc,heap        ] GC(53) ParOldGen: 241103K(280576K)->241103K(280576K)
[1.574s][info][gc,metaspace   ] GC(53) Metaspace: 6298K(6464K)->6298K(6464K) NonClass: 5765K(5824K)->5765K(5824K) Class: 533K(640K)->533K(640K)
[1.574s][info][gc             ] GC(53) Pause Young (Allocation Failure) 242M->242M(331M) 4.928ms
[1.574s][info][gc,cpu         ] GC(53) User=0.00s Sys=0.00s Real=0.01s
[1.584s][info][gc,start       ] GC(54) Pause Young (Allocation Failure)
[1.592s][info][gc,heap        ] GC(54) PSYoungGen: 15488K(58880K)->15424K(24064K) Eden: 8192K(8192K)->0K(8192K) From: 7296K(50688K)->15424K(15872K)
[1.592s][info][gc,heap        ] GC(54) ParOldGen: 241103K(280576K)->241103K(280576K)
[1.592s][info][gc,metaspace   ] GC(54) Metaspace: 6298K(6464K)->6298K(6464K) NonClass: 5765K(5824K)->5765K(5824K) Class: 533K(640K)->533K(640K)
[1.592s][info][gc             ] GC(54) Pause Young (Allocation Failure) 250M->250M(297M) 8.467ms
[1.592s][info][gc,cpu         ] GC(54) User=0.00s Sys=0.00s Real=0.01s
[1.602s][info][gc,start       ] GC(55) Pause Young (Allocation Failure)
[1.613s][info][gc,heap        ] GC(55) PSYoungGen: 23616K(24064K)->23584K(55296K) Eden: 8192K(8192K)->0K(9216K) From: 15424K(15872K)->23584K(46080K)
[1.613s][info][gc,heap        ] GC(55) ParOldGen: 241103K(280576K)->241103K(280576K)
[1.613s][info][gc,metaspace   ] GC(55) Metaspace: 6298K(6464K)->6298K(6464K) NonClass: 5765K(5824K)->5765K(5824K) Class: 533K(640K)->533K(640K)
[1.614s][info][gc             ] GC(55) Pause Young (Allocation Failure) 258M->258M(328M) 11.964ms
[1.614s][info][gc,cpu         ] GC(55) User=0.02s Sys=0.00s Real=0.01s
[1.624s][info][gc,start       ] GC(56) Pause Young (Allocation Failure)
[1.639s][info][gc,heap        ] GC(56) PSYoungGen: 32800K(55296K)->25664K(56832K) Eden: 9216K(9216K)->0K(9216K) From: 23584K(46080K)->25664K(47616K)
[1.640s][info][gc,heap        ] GC(56) ParOldGen: 241103K(280576K)->248375K(280576K)
[1.640s][info][gc,metaspace   ] GC(56) Metaspace: 6298K(6464K)->6298K(6464K) NonClass: 5765K(5824K)->5765K(5824K) Class: 533K(640K)->533K(640K)
[1.640s][info][gc             ] GC(56) Pause Young (Allocation Failure) 267M->267M(329M) 15.760ms
[1.640s][info][gc,cpu         ] GC(56) User=0.02s Sys=0.00s Real=0.02s
[1.650s][info][gc,start       ] GC(57) Pause Young (Allocation Failure)
[1.667s][info][gc,heap        ] GC(57) PSYoungGen: 34880K(56832K)->26720K(56320K) Eden: 9216K(9216K)->0K(10752K) From: 25664K(47616K)->26720K(45568K)
[1.667s][info][gc,heap        ] GC(57) ParOldGen: 248375K(280576K)->256679K(280576K)
[1.667s][info][gc,metaspace   ] GC(57) Metaspace: 6298K(6464K)->6298K(6464K) NonClass: 5765K(5824K)->5765K(5824K) Class: 533K(640K)->533K(640K)
[1.667s][info][gc             ] GC(57) Pause Young (Allocation Failure) 276M->276M(329M) 16.726ms
[1.667s][info][gc,cpu         ] GC(57) User=0.03s Sys=0.00s Real=0.02s
[1.679s][info][gc,start       ] GC(58) Pause Young (Allocation Failure)
[1.697s][info][gc,heap        ] GC(58) PSYoungGen: 37472K(56320K)->29248K(56832K) Eden: 10752K(10752K)->0K(10752K) From: 26720K(45568K)->29248K(46080K)
[1.697s][info][gc,heap        ] GC(58) ParOldGen: 256679K(280576K)->264991K(280576K)
[1.697s][info][gc,metaspace   ] GC(58) Metaspace: 6298K(6464K)->6298K(6464K) NonClass: 5765K(5824K)->5765K(5824K) Class: 533K(640K)->533K(640K)
[1.697s][info][gc             ] GC(58) Pause Young (Allocation Failure) 287M->287M(329M) 17.848ms
[1.697s][info][gc,cpu         ] GC(58) User=0.05s Sys=0.00s Real=0.02s
[1.697s][info][gc,start       ] GC(59) Pause Full (Ergonomics)
[1.697s][info][gc,phases,start] GC(59) Marking Phase
[1.761s][info][gc,phases      ] GC(59) Marking Phase 64.054ms
[1.761s][info][gc,phases,start] GC(59) Summary Phase
[1.761s][info][gc,phases      ] GC(59) Summary Phase 0.018ms
[1.761s][info][gc,phases,start] GC(59) Adjust Roots
[1.761s][info][gc,phases      ] GC(59) Adjust Roots 0.140ms
[1.761s][info][gc,phases,start] GC(59) Compaction Phase
[1.791s][info][gc,phases      ] GC(59) Compaction Phase 29.504ms
[1.791s][info][gc,phases,start] GC(59) Post Compact
[1.792s][info][gc,phases      ] GC(59) Post Compact 1.350ms
[1.793s][info][gc,heap        ] GC(59) PSYoungGen: 29248K(56832K)->13245K(56832K) Eden: 0K(10752K)->0K(10752K) From: 29248K(46080K)->13245K(46080K)
[1.793s][info][gc,heap        ] GC(59) ParOldGen: 264991K(280576K)->280398K(321024K)
[1.793s][info][gc,metaspace   ] GC(59) Metaspace: 6298K(6464K)->6298K(6464K) NonClass: 5765K(5824K)->5765K(5824K) Class: 533K(640K)->533K(640K)
[1.793s][info][gc             ] GC(59) Pause Full (Ergonomics) 287M->286M(369M) 95.563ms
[1.793s][info][gc,cpu         ] GC(59) User=0.45s Sys=0.00s Real=0.10s
[1.804s][info][gc,start       ] GC(60) Pause Young (Allocation Failure)
[1.828s][info][gc,heap        ] GC(60) PSYoungGen: 23997K(56832K)->20000K(54784K) Eden: 10752K(10752K)->0K(12288K) From: 13245K(46080K)->20000K(42496K)
[1.828s][info][gc,heap        ] GC(60) ParOldGen: 280398K(321024K)->284646K(321024K)
[1.828s][info][gc,metaspace   ] GC(60) Metaspace: 6298K(6464K)->6298K(6464K) NonClass: 5765K(5824K)->5765K(5824K) Class: 533K(640K)->533K(640K)
[1.828s][info][gc             ] GC(60) Pause Young (Allocation Failure) 297M->297M(367M) 23.768ms
[1.828s][info][gc,cpu         ] GC(60) User=0.11s Sys=0.00s Real=0.02s
[1.842s][info][gc,start       ] GC(61) Pause Young (Allocation Failure)
[1.858s][info][gc,heap        ] GC(61) PSYoungGen: 32288K(54784K)->28128K(56832K) Eden: 12288K(12288K)->0K(12288K) From: 20000K(42496K)->28128K(44544K)
[1.858s][info][gc,heap        ] GC(61) ParOldGen: 284646K(321024K)->288798K(321024K)
[1.859s][info][gc,metaspace   ] GC(61) Metaspace: 6298K(6464K)->6298K(6464K) NonClass: 5765K(5824K)->5765K(5824K) Class: 533K(640K)->533K(640K)
[1.859s][info][gc             ] GC(61) Pause Young (Allocation Failure) 309M->309M(369M) 16.095ms
[1.859s][info][gc,cpu         ] GC(61) User=0.02s Sys=0.00s Real=0.02s
[1.872s][info][gc,start       ] GC(62) Pause Young (Allocation Failure)
[1.892s][info][gc,heap        ] GC(62) PSYoungGen: 40416K(56832K)->35456K(55808K) Eden: 12288K(12288K)->0K(11264K) From: 28128K(44544K)->35456K(44544K)
[1.892s][info][gc,heap        ] GC(62) ParOldGen: 288798K(321024K)->293894K(321024K)
[1.892s][info][gc,metaspace   ] GC(62) Metaspace: 6298K(6464K)->6298K(6464K) NonClass: 5765K(5824K)->5765K(5824K) Class: 533K(640K)->533K(640K)
[1.892s][info][gc             ] GC(62) Pause Young (Allocation Failure) 321M->321M(368M) 19.500ms
[1.892s][info][gc,cpu         ] GC(62) User=0.12s Sys=0.00s Real=0.02s
[1.905s][info][gc,start       ] GC(63) Pause Young (Allocation Failure)
[1.927s][info][gc,heap        ] GC(63) PSYoungGen: 46720K(55808K)->35968K(58368K) Eden: 11264K(11264K)->0K(11264K) From: 35456K(44544K)->35968K(47104K)
[1.927s][info][gc,heap        ] GC(63) ParOldGen: 293894K(321024K)->304790K(321024K)
[1.927s][info][gc,metaspace   ] GC(63) Metaspace: 6298K(6464K)->6298K(6464K) NonClass: 5765K(5824K)->5765K(5824K) Class: 533K(640K)->533K(640K)
[1.927s][info][gc             ] GC(63) Pause Young (Allocation Failure) 332M->332M(370M) 22.267ms
[1.927s][info][gc,cpu         ] GC(63) User=0.14s Sys=0.00s Real=0.02s
[1.939s][info][gc,start       ] GC(64) Pause Young (Allocation Failure)
[1.963s][info][gc,heap        ] GC(64) PSYoungGen: 47232K(58368K)->22624K(57856K) Eden: 11264K(11264K)->0K(12800K) From: 35968K(47104K)->22624K(45056K)
[1.963s][info][gc,heap        ] GC(64) ParOldGen: 304790K(321024K)->329686K(329728K)
[1.963s][info][gc,metaspace   ] GC(64) Metaspace: 6298K(6464K)->6298K(6464K) NonClass: 5765K(5824K)->5765K(5824K) Class: 533K(640K)->533K(640K)
[1.963s][info][gc             ] GC(64) Pause Young (Allocation Failure) 343M->344M(378M) 23.372ms
[1.963s][info][gc,cpu         ] GC(64) User=0.11s Sys=0.02s Real=0.02s
[1.963s][info][gc,start       ] GC(65) Pause Full (Ergonomics)
[1.963s][info][gc,phases,start] GC(65) Marking Phase
[2.042s][info][gc,phases      ] GC(65) Marking Phase 78.774ms
[2.042s][info][gc,phases,start] GC(65) Summary Phase
[2.042s][info][gc,phases      ] GC(65) Summary Phase 0.019ms
[2.042s][info][gc,phases,start] GC(65) Adjust Roots
[2.042s][info][gc,phases      ] GC(65) Adjust Roots 0.165ms
[2.042s][info][gc,phases,start] GC(65) Compaction Phase
[2.085s][info][gc,phases      ] GC(65) Compaction Phase 42.749ms
[2.085s][info][gc,phases,start] GC(65) Post Compact
[2.087s][info][gc,phases      ] GC(65) Post Compact 1.845ms
[2.087s][info][gc,heap        ] GC(65) PSYoungGen: 22624K(57856K)->21957K(59904K) Eden: 0K(12800K)->0K(14848K) From: 22624K(45056K)->21957K(45056K)
[2.087s][info][gc,heap        ] GC(65) ParOldGen: 329686K(329728K)->329386K(377344K)
[2.087s][info][gc,metaspace   ] GC(65) Metaspace: 6298K(6464K)->6298K(6464K) NonClass: 5765K(5824K)->5765K(5824K) Class: 533K(640K)->533K(640K)
[2.087s][info][gc             ] GC(65) Pause Full (Ergonomics) 344M->343M(427M) 124.212ms
[2.087s][info][gc,cpu         ] GC(65) User=0.70s Sys=0.00s Real=0.12s
[2.171s][info][gc,start       ] GC(66) Pause Young (Allocation Failure)
[2.201s][info][gc,heap        ] GC(66) PSYoungGen: 36805K(59904K)->14976K(61952K) Eden: 14848K(14848K)->0K(14848K) From: 21957K(45056K)->14976K(47104K)
[2.201s][info][gc,heap        ] GC(66) ParOldGen: 345770K(377344K)->368066K(377344K)
[2.201s][info][gc,metaspace   ] GC(66) Metaspace: 6298K(6464K)->6298K(6464K) NonClass: 5765K(5824K)->5765K(5824K) Class: 533K(640K)->533K(640K)
[2.201s][info][gc             ] GC(66) Pause Young (Allocation Failure) 373M->374M(429M) 30.291ms
[2.201s][info][gc,cpu         ] GC(66) User=0.14s Sys=0.00s Real=0.03s
[2.201s][info][gc,start       ] GC(67) Pause Full (Ergonomics)
[2.201s][info][gc,phases,start] GC(67) Marking Phase
[2.282s][info][gc,phases      ] GC(67) Marking Phase 81.283ms
[2.282s][info][gc,phases,start] GC(67) Summary Phase
[2.282s][info][gc,phases      ] GC(67) Summary Phase 0.032ms
[2.283s][info][gc,phases,start] GC(67) Adjust Roots
[2.283s][info][gc,phases      ] GC(67) Adjust Roots 0.189ms
[2.283s][info][gc,phases,start] GC(67) Compaction Phase
[2.346s][info][gc,phases      ] GC(67) Compaction Phase 63.362ms
[2.346s][info][gc,phases,start] GC(67) Post Compact
[2.348s][info][gc,phases      ] GC(67) Post Compact 1.891ms
[2.348s][info][gc,heap        ] GC(67) PSYoungGen: 14976K(61952K)->0K(63488K) Eden: 0K(14848K)->0K(16896K) From: 14976K(47104K)->0K(46592K)
[2.348s][info][gc,heap        ] GC(67) ParOldGen: 368066K(377344K)->374353K(429568K)
[2.348s][info][gc,metaspace   ] GC(67) Metaspace: 6298K(6464K)->6298K(6464K) NonClass: 5765K(5824K)->5765K(5824K) Class: 533K(640K)->533K(640K)
[2.348s][info][gc             ] GC(67) Pause Full (Ergonomics) 374M->365M(481M) 147.350ms
[2.348s][info][gc,cpu         ] GC(67) User=0.92s Sys=0.02s Real=0.15s
[2.368s][info][gc,start       ] GC(68) Pause Young (Allocation Failure)
[2.379s][info][gc,heap        ] GC(68) PSYoungGen: 16896K(63488K)->17024K(63488K) Eden: 16896K(16896K)->0K(16896K) From: 0K(46592K)->17024K(46592K)
[2.379s][info][gc,heap        ] GC(68) ParOldGen: 374353K(429568K)->374353K(429568K)
[2.379s][info][gc,metaspace   ] GC(68) Metaspace: 6298K(6464K)->6298K(6464K) NonClass: 5765K(5824K)->5765K(5824K) Class: 533K(640K)->533K(640K)
[2.379s][info][gc             ] GC(68) Pause Young (Allocation Failure) 382M->382M(481M) 11.070ms
[2.379s][info][gc,cpu         ] GC(68) User=0.02s Sys=0.00s Real=0.01s
[2.396s][info][gc,start       ] GC(69) Pause Young (Allocation Failure)
[2.412s][info][gc,heap        ] GC(69) PSYoungGen: 33920K(63488K)->33952K(61952K) Eden: 16896K(16896K)->0K(16384K) From: 17024K(46592K)->33952K(45568K)
[2.412s][info][gc,heap        ] GC(69) ParOldGen: 374353K(429568K)->374353K(429568K)
[2.412s][info][gc,metaspace   ] GC(69) Metaspace: 6298K(6464K)->6298K(6464K) NonClass: 5765K(5824K)->5765K(5824K) Class: 533K(640K)->533K(640K)
[2.412s][info][gc             ] GC(69) Pause Young (Allocation Failure) 398M->398M(480M) 16.526ms
[2.413s][info][gc,cpu         ] GC(69) User=0.08s Sys=0.00s Real=0.02s
[2.430s][info][gc,start       ] GC(70) Pause Young (Allocation Failure)
[2.452s][info][gc,heap        ] GC(70) PSYoungGen: 50336K(61952K)->47616K(64000K) Eden: 16384K(16384K)->0K(16384K) From: 33952K(45568K)->47616K(47616K)
[2.452s][info][gc,heap        ] GC(70) ParOldGen: 374353K(429568K)->376985K(429568K)
[2.453s][info][gc,metaspace   ] GC(70) Metaspace: 6298K(6464K)->6298K(6464K) NonClass: 5765K(5824K)->5765K(5824K) Class: 533K(640K)->533K(640K)
[2.453s][info][gc             ] GC(70) Pause Young (Allocation Failure) 414M->414M(482M) 23.017ms
[2.453s][info][gc,cpu         ] GC(70) User=0.12s Sys=0.00s Real=0.02s
[2.469s][info][gc,start       ] GC(71) Pause Young (Allocation Failure)
[2.498s][info][gc,heap        ] GC(71) PSYoungGen: 64000K(64000K)->32416K(71168K) Eden: 16384K(16384K)->0K(18432K) From: 47616K(47616K)->32416K(52736K)
[2.498s][info][gc,heap        ] GC(71) ParOldGen: 376985K(429568K)->409121K(429568K)
[2.498s][info][gc,metaspace   ] GC(71) Metaspace: 6298K(6464K)->6298K(6464K) NonClass: 5765K(5824K)->5765K(5824K) Class: 533K(640K)->533K(640K)
[2.498s][info][gc             ] GC(71) Pause Young (Allocation Failure) 430M->431M(489M) 29.598ms
[2.498s][info][gc,cpu         ] GC(71) User=0.25s Sys=0.00s Real=0.03s
[2.498s][info][gc,start       ] GC(72) Pause Full (Ergonomics)
[2.498s][info][gc,phases,start] GC(72) Marking Phase
[2.592s][info][gc,phases      ] GC(72) Marking Phase 93.982ms
[2.592s][info][gc,phases,start] GC(72) Summary Phase
[2.592s][info][gc,phases      ] GC(72) Summary Phase 0.035ms
[2.593s][info][gc,phases,start] GC(72) Adjust Roots
[2.593s][info][gc,phases      ] GC(72) Adjust Roots 0.211ms
[2.593s][info][gc,phases,start] GC(72) Compaction Phase
[2.638s][info][gc,phases      ] GC(72) Compaction Phase 45.673ms
[2.638s][info][gc,phases,start] GC(72) Post Compact
[2.641s][info][gc,phases      ] GC(72) Post Compact 2.062ms
[2.641s][info][gc,heap        ] GC(72) PSYoungGen: 32416K(71168K)->11268K(72192K) Eden: 0K(18432K)->0K(19456K) From: 32416K(52736K)->11268K(52736K)
[2.641s][info][gc,heap        ] GC(72) ParOldGen: 409121K(429568K)->429518K(493056K)
[2.641s][info][gc,metaspace   ] GC(72) Metaspace: 6298K(6464K)->6298K(6464K) NonClass: 5765K(5824K)->5765K(5824K) Class: 533K(640K)->533K(640K)
[2.641s][info][gc             ] GC(72) Pause Full (Ergonomics) 431M->430M(552M) 142.526ms
[2.641s][info][gc,cpu         ] GC(72) User=0.91s Sys=0.00s Real=0.14s
[2.662s][info][gc,start       ] GC(73) Pause Young (Allocation Failure)
[2.693s][info][gc,heap        ] GC(73) PSYoungGen: 30724K(72192K)->24512K(73216K) Eden: 19456K(19456K)->0K(19456K) From: 11268K(52736K)->24512K(53760K)
[2.693s][info][gc,heap        ] GC(73) ParOldGen: 429518K(493056K)->436014K(493056K)
[2.693s][info][gc,metaspace   ] GC(73) Metaspace: 6298K(6464K)->6298K(6464K) NonClass: 5765K(5824K)->5765K(5824K) Class: 533K(640K)->533K(640K)
[2.694s][info][gc             ] GC(73) Pause Young (Allocation Failure) 449M->449M(553M) 31.830ms
[2.694s][info][gc,cpu         ] GC(73) User=0.14s Sys=0.00s Real=0.03s
[2.714s][info][gc,start       ] GC(74) Pause Young (Allocation Failure)
[2.737s][info][gc,heap        ] GC(74) PSYoungGen: 43968K(73216K)->43936K(69120K) Eden: 19456K(19456K)->0K(17408K) From: 24512K(53760K)->43936K(51712K)
[2.737s][info][gc,heap        ] GC(74) ParOldGen: 436014K(493056K)->436014K(493056K)
[2.737s][info][gc,metaspace   ] GC(74) Metaspace: 6298K(6464K)->6298K(6464K) NonClass: 5765K(5824K)->5765K(5824K) Class: 533K(640K)->533K(640K)
[2.737s][info][gc             ] GC(74) Pause Young (Allocation Failure) 468M->468M(549M) 22.418ms
[2.737s][info][gc,cpu         ] GC(74) User=0.11s Sys=0.03s Real=0.02s
[2.756s][info][gc,start       ] GC(75) Pause Young (Allocation Failure)
[2.784s][info][gc,heap        ] GC(75) PSYoungGen: 61344K(69120K)->55808K(73216K) Eden: 17408K(17408K)->0K(17408K) From: 43936K(51712K)->55808K(55808K)
[2.784s][info][gc,heap        ] GC(75) ParOldGen: 436014K(493056K)->441542K(493056K)
[2.784s][info][gc,metaspace   ] GC(75) Metaspace: 6298K(6464K)->6298K(6464K) NonClass: 5765K(5824K)->5765K(5824K) Class: 533K(640K)->533K(640K)
[2.784s][info][gc             ] GC(75) Pause Young (Allocation Failure) 485M->485M(553M) 28.358ms
[2.784s][info][gc,cpu         ] GC(75) User=0.14s Sys=0.00s Real=0.03s
[2.803s][info][gc,start       ] GC(76) Pause Young (Allocation Failure)
[2.838s][info][gc,heap        ] GC(76) PSYoungGen: 73216K(73216K)->51520K(80384K) Eden: 17408K(17408K)->0K(15360K) From: 55808K(55808K)->51520K(65024K)
[2.838s][info][gc,heap        ] GC(76) ParOldGen: 441542K(493056K)->463630K(493056K)
[2.838s][info][gc,metaspace   ] GC(76) Metaspace: 6298K(6464K)->6298K(6464K) NonClass: 5765K(5824K)->5765K(5824K) Class: 533K(640K)->533K(640K)
[2.838s][info][gc             ] GC(76) Pause Young (Allocation Failure) 502M->503M(560M) 34.814ms
[2.838s][info][gc,cpu         ] GC(76) User=0.20s Sys=0.03s Real=0.03s
[2.838s][info][gc,start       ] GC(77) Pause Full (Ergonomics)
[2.838s][info][gc,phases,start] GC(77) Marking Phase
[2.947s][info][gc,phases      ] GC(77) Marking Phase 109.046ms
[2.947s][info][gc,phases,start] GC(77) Summary Phase
[2.947s][info][gc,phases      ] GC(77) Summary Phase 0.028ms
[2.947s][info][gc,phases,start] GC(77) Adjust Roots
[2.947s][info][gc,phases      ] GC(77) Adjust Roots 0.155ms
[2.947s][info][gc,phases,start] GC(77) Compaction Phase
[2.999s][info][gc,phases      ] GC(77) Compaction Phase 52.203ms
[2.999s][info][gc,phases,start] GC(77) Post Compact
[3.002s][info][gc,phases      ] GC(77) Post Compact 2.653ms
[3.002s][info][gc,heap        ] GC(77) PSYoungGen: 51520K(80384K)->21672K(80384K) Eden: 0K(15360K)->0K(15360K) From: 51520K(65024K)->21672K(65024K)
[3.003s][info][gc,heap        ] GC(77) ParOldGen: 463630K(493056K)->492724K(559104K)
[3.003s][info][gc,metaspace   ] GC(77) Metaspace: 6298K(6464K)->6298K(6464K) NonClass: 5765K(5824K)->5765K(5824K) Class: 533K(640K)->533K(640K)
[3.003s][info][gc             ] GC(77) Pause Full (Ergonomics) 503M->502M(624M) 164.707ms
[3.003s][info][gc,cpu         ] GC(77) User=1.03s Sys=0.02s Real=0.16s
[3.020s][info][gc,start       ] GC(78) Pause Young (Allocation Failure)
[3.057s][info][gc,heap        ] GC(78) PSYoungGen: 37032K(80384K)->29984K(45568K) Eden: 15360K(15360K)->0K(15360K) From: 21672K(65024K)->29984K(30208K)
[3.058s][info][gc,heap        ] GC(78) ParOldGen: 492724K(559104K)->500020K(559104K)
[3.058s][info][gc,metaspace   ] GC(78) Metaspace: 6298K(6464K)->6298K(6464K) NonClass: 5765K(5824K)->5765K(5824K) Class: 533K(640K)->533K(640K)
[3.058s][info][gc             ] GC(78) Pause Young (Allocation Failure) 517M->517M(590M) 37.572ms
[3.058s][info][gc,cpu         ] GC(78) User=0.25s Sys=0.00s Real=0.04s
[3.075s][info][gc,start       ] GC(79) Pause Young (Allocation Failure)
[3.097s][info][gc,heap        ] GC(79) PSYoungGen: 45344K(45568K)->45376K(81920K) Eden: 15360K(15360K)->0K(15872K) From: 29984K(30208K)->45376K(66048K)
[3.097s][info][gc,heap        ] GC(79) ParOldGen: 500020K(559104K)->500020K(559104K)
[3.097s][info][gc,metaspace   ] GC(79) Metaspace: 6298K(6464K)->6298K(6464K) NonClass: 5765K(5824K)->5765K(5824K) Class: 533K(640K)->533K(640K)
[3.097s][info][gc             ] GC(79) Pause Young (Allocation Failure) 532M->532M(626M) 22.592ms
[3.097s][info][gc,cpu         ] GC(79) User=0.14s Sys=0.00s Real=0.02s
[3.115s][info][gc,start       ] GC(80) Pause Young (Allocation Failure)
[3.144s][info][gc,heap        ] GC(80) PSYoungGen: 61248K(81920K)->54816K(82944K) Eden: 15872K(15872K)->0K(15872K) From: 45376K(66048K)->54816K(67072K)
[3.144s][info][gc,heap        ] GC(80) ParOldGen: 500020K(559104K)->506548K(559104K)
[3.144s][info][gc,metaspace   ] GC(80) Metaspace: 6298K(6464K)->6298K(6464K) NonClass: 5765K(5824K)->5765K(5824K) Class: 533K(640K)->533K(640K)
[3.144s][info][gc             ] GC(80) Pause Young (Allocation Failure) 548M->548M(627M) 28.917ms
[3.144s][info][gc,cpu         ] GC(80) User=0.14s Sys=0.00s Real=0.03s
[3.163s][info][gc,start       ] GC(81) Pause Young (Allocation Failure)
[3.198s][info][gc,heap        ] GC(81) PSYoungGen: 70688K(82944K)->62624K(82944K) Eden: 15872K(15872K)->0K(11776K) From: 54816K(67072K)->62624K(71168K)
[3.198s][info][gc,heap        ] GC(81) ParOldGen: 506548K(559104K)->514764K(559104K)
[3.198s][info][gc,metaspace   ] GC(81) Metaspace: 6298K(6464K)->6298K(6464K) NonClass: 5765K(5824K)->5765K(5824K) Class: 533K(640K)->533K(640K)
[3.198s][info][gc             ] GC(81) Pause Young (Allocation Failure) 563M->563M(627M) 34.712ms
[3.198s][info][gc,cpu         ] GC(81) User=0.16s Sys=0.00s Real=0.03s
[3.211s][info][gc,start       ] GC(82) Pause Young (Allocation Failure)
[3.248s][info][gc,heap        ] GC(82) PSYoungGen: 74400K(82944K)->43648K(55808K) Eden: 11776K(11776K)->0K(11776K) From: 62624K(71168K)->43648K(44032K)
[3.248s][info][gc,heap        ] GC(82) ParOldGen: 514764K(559104K)->545868K(559104K)
[3.248s][info][gc,metaspace   ] GC(82) Metaspace: 6298K(6464K)->6298K(6464K) NonClass: 5765K(5824K)->5765K(5824K) Class: 533K(640K)->533K(640K)
[3.248s][info][gc             ] GC(82) Pause Young (Allocation Failure) 575M->575M(600M) 36.994ms
[3.248s][info][gc,cpu         ] GC(82) User=0.22s Sys=0.03s Real=0.04s
[3.248s][info][gc,start       ] GC(83) Pause Full (Ergonomics)
[3.248s][info][gc,phases,start] GC(83) Marking Phase
[3.374s][info][gc,phases      ] GC(83) Marking Phase 125.887ms
[3.374s][info][gc,phases,start] GC(83) Summary Phase
[3.374s][info][gc,phases      ] GC(83) Summary Phase 0.022ms
[3.374s][info][gc,phases,start] GC(83) Adjust Roots
[3.374s][info][gc,phases      ] GC(83) Adjust Roots 0.152ms
[3.374s][info][gc,phases,start] GC(83) Compaction Phase
[3.432s][info][gc,phases      ] GC(83) Compaction Phase 57.956ms
[3.432s][info][gc,phases,start] GC(83) Post Compact
[3.433s][info][gc,phases      ] GC(83) Post Compact 1.024ms
[3.434s][info][gc,heap        ] GC(83) PSYoungGen: 43648K(55808K)->29634K(55808K) Eden: 0K(11776K)->0K(11776K) From: 43648K(44032K)->29634K(44032K)
[3.434s][info][gc,heap        ] GC(83) ParOldGen: 545868K(559104K)->558855K(629760K)
[3.434s][info][gc,metaspace   ] GC(83) Metaspace: 6298K(6464K)->6298K(6464K) NonClass: 5765K(5824K)->5765K(5824K) Class: 533K(640K)->533K(640K)
[3.434s][info][gc             ] GC(83) Pause Full (Ergonomics) 575M->574M(669M) 185.591ms
[3.434s][info][gc,cpu         ] GC(83) User=1.44s Sys=0.03s Real=0.19s
[3.447s][info][gc,start       ] GC(84) Pause Young (Allocation Failure)
[3.489s][info][gc,heap        ] GC(84) PSYoungGen: 41410K(55808K)->19840K(88576K) Eden: 11776K(11776K)->0K(13312K) From: 29634K(44032K)->19840K(75264K)
[3.489s][info][gc,heap        ] GC(84) ParOldGen: 558855K(629760K)->580863K(629760K)
[3.489s][info][gc,metaspace   ] GC(84) Metaspace: 6298K(6464K)->6298K(6464K) NonClass: 5765K(5824K)->5765K(5824K) Class: 533K(640K)->533K(640K)
[3.489s][info][gc             ] GC(84) Pause Young (Allocation Failure) 586M->586M(701M) 41.662ms
[3.489s][info][gc,cpu         ] GC(84) User=0.27s Sys=0.00s Real=0.04s
[3.504s][info][gc,start       ] GC(85) Pause Young (Allocation Failure)
[3.522s][info][gc,heap        ] GC(85) PSYoungGen: 33152K(88576K)->25184K(88576K) Eden: 13312K(13312K)->0K(13312K) From: 19840K(75264K)->25184K(75264K)
[3.523s][info][gc,heap        ] GC(85) ParOldGen: 580863K(629760K)->588951K(629760K)
[3.523s][info][gc,metaspace   ] GC(85) Metaspace: 6298K(6464K)->6298K(6464K) NonClass: 5765K(5824K)->5765K(5824K) Class: 533K(640K)->533K(640K)
[3.523s][info][gc             ] GC(85) Pause Young (Allocation Failure) 599M->599M(701M) 18.373ms
[3.523s][info][gc,cpu         ] GC(85) User=0.03s Sys=0.00s Real=0.02s
[3.538s][info][gc,start       ] GC(86) Pause Young (Allocation Failure)
[3.559s][info][gc,heap        ] GC(86) PSYoungGen: 38496K(88576K)->26752K(84992K) Eden: 13312K(13312K)->0K(15360K) From: 25184K(75264K)->26752K(69632K)
[3.559s][info][gc,heap        ] GC(86) ParOldGen: 588951K(629760K)->600887K(629760K)
[3.559s][info][gc,metaspace   ] GC(86) Metaspace: 6298K(6464K)->6298K(6464K) NonClass: 5765K(5824K)->5765K(5824K) Class: 533K(640K)->533K(640K)
[3.559s][info][gc             ] GC(86) Pause Young (Allocation Failure) 612M->612M(698M) 20.587ms
[3.559s][info][gc,cpu         ] GC(86) User=0.12s Sys=0.00s Real=0.02s
[3.559s][info][gc,start       ] GC(87) Pause Full (Ergonomics)
[3.559s][info][gc,phases,start] GC(87) Marking Phase
[3.681s][info][gc,phases      ] GC(87) Marking Phase 121.979ms
[3.681s][info][gc,phases,start] GC(87) Summary Phase
[3.681s][info][gc,phases      ] GC(87) Summary Phase 0.024ms
[3.681s][info][gc,phases,start] GC(87) Adjust Roots
[3.681s][info][gc,phases      ] GC(87) Adjust Roots 0.167ms
[3.681s][info][gc,phases,start] GC(87) Compaction Phase
[3.737s][info][gc,phases      ] GC(87) Compaction Phase 55.517ms
[3.737s][info][gc,phases,start] GC(87) Post Compact
[3.738s][info][gc,phases      ] GC(87) Post Compact 1.162ms
[3.739s][info][gc,heap        ] GC(87) PSYoungGen: 26752K(84992K)->0K(87040K) Eden: 0K(15360K)->0K(15360K) From: 26752K(69632K)->0K(71680K)
[3.739s][info][gc,heap        ] GC(87) ParOldGen: 600887K(629760K)->626789K(700928K)
[3.739s][info][gc,metaspace   ] GC(87) Metaspace: 6298K(6464K)->6298K(6464K) NonClass: 5765K(5824K)->5765K(5824K) Class: 533K(640K)->533K(640K)
[3.739s][info][gc             ] GC(87) Pause Full (Ergonomics) 612M->612M(769M) 179.447ms
[3.739s][info][gc,cpu         ] GC(87) User=1.17s Sys=0.03s Real=0.18s
[3.758s][info][gc,start       ] GC(88) Pause Young (Allocation Failure)
[3.768s][info][gc,heap        ] GC(88) PSYoungGen: 15360K(87040K)->15520K(88064K) Eden: 15360K(15360K)->0K(16896K) From: 0K(71680K)->15520K(71168K)
[3.768s][info][gc,heap        ] GC(88) ParOldGen: 626789K(700928K)->626789K(700928K)
[3.768s][info][gc,metaspace   ] GC(88) Metaspace: 6298K(6464K)->6298K(6464K) NonClass: 5765K(5824K)->5765K(5824K) Class: 533K(640K)->533K(640K)
[3.768s][info][gc             ] GC(88) Pause Young (Allocation Failure) 627M->627M(770M) 10.290ms
[3.768s][info][gc,cpu         ] GC(88) User=0.02s Sys=0.00s Real=0.01s
[3.788s][info][gc,start       ] GC(89) Pause Young (Allocation Failure)
[3.805s][info][gc,heap        ] GC(89) PSYoungGen: 32416K(88064K)->32416K(49664K) Eden: 16896K(16896K)->0K(16896K) From: 15520K(71168K)->32416K(32768K)
[3.805s][info][gc,heap        ] GC(89) ParOldGen: 626789K(700928K)->626789K(700928K)
[3.805s][info][gc,metaspace   ] GC(89) Metaspace: 6298K(6464K)->6298K(6464K) NonClass: 5765K(5824K)->5765K(5824K) Class: 533K(640K)->533K(640K)
[3.805s][info][gc             ] GC(89) Pause Young (Allocation Failure) 643M->643M(733M) 17.592ms
[3.805s][info][gc,cpu         ] GC(89) User=0.03s Sys=0.00s Real=0.02s
[3.825s][info][gc,start       ] GC(90) Pause Young (Allocation Failure)
[3.850s][info][gc,heap        ] GC(90) PSYoungGen: 49312K(49664K)->49280K(84992K) Eden: 16896K(16896K)->0K(16896K) From: 32416K(32768K)->49280K(68096K)
[3.850s][info][gc,heap        ] GC(90) ParOldGen: 626789K(700928K)->626789K(700928K)
[3.850s][info][gc,metaspace   ] GC(90) Metaspace: 6298K(6464K)->6298K(6464K) NonClass: 5765K(5824K)->5765K(5824K) Class: 533K(640K)->533K(640K)
[3.850s][info][gc             ] GC(90) Pause Young (Allocation Failure) 660M->660M(767M) 24.709ms
[3.850s][info][gc,cpu         ] GC(90) User=0.14s Sys=0.00s Real=0.03s
[3.873s][info][gc,start       ] GC(91) Pause Young (Allocation Failure)
[3.904s][info][gc,heap        ] GC(91) PSYoungGen: 66176K(84992K)->66208K(87040K) Eden: 16896K(16896K)->0K(16896K) From: 49280K(68096K)->66208K(70144K)
[3.904s][info][gc,heap        ] GC(91) ParOldGen: 626789K(700928K)->626789K(700928K)
[3.904s][info][gc,metaspace   ] GC(91) Metaspace: 6298K(6464K)->6298K(6464K) NonClass: 5765K(5824K)->5765K(5824K) Class: 533K(640K)->533K(640K)
[3.904s][info][gc             ] GC(91) Pause Young (Allocation Failure) 676M->676M(769M) 31.107ms
[3.904s][info][gc,cpu         ] GC(91) User=0.14s Sys=0.00s Real=0.03s
[4.042s][info][gc,start       ] GC(92) Pause Young (Allocation Failure)
[4.095s][info][gc,heap        ] GC(92) PSYoungGen: 83104K(87040K)->78336K(84480K) Eden: 16896K(16896K)->0K(6144K) From: 66208K(70144K)->78336K(78336K)
[4.095s][info][gc,heap        ] GC(92) ParOldGen: 659557K(700928K)->664261K(700928K)
[4.095s][info][gc,metaspace   ] GC(92) Metaspace: 6298K(6464K)->6298K(6464K) NonClass: 5765K(5824K)->5765K(5824K) Class: 533K(640K)->533K(640K)
[4.095s][info][gc             ] GC(92) Pause Young (Allocation Failure) 725M->725M(767M) 52.398ms
[4.095s][info][gc,cpu         ] GC(92) User=0.39s Sys=0.00s Real=0.05s
[4.101s][info][gc,start       ] GC(93) Pause Young (Allocation Failure)
[4.139s][info][gc,heap        ] GC(93) PSYoungGen: 84480K(84480K)->53888K(97280K) Eden: 6144K(6144K)->0K(6144K) From: 78336K(78336K)->53888K(91136K)
[4.139s][info][gc,heap        ] GC(93) ParOldGen: 664261K(700928K)->695349K(700928K)
[4.140s][info][gc,metaspace   ] GC(93) Metaspace: 6298K(6464K)->6298K(6464K) NonClass: 5765K(5824K)->5765K(5824K) Class: 533K(640K)->533K(640K)
[4.140s][info][gc             ] GC(93) Pause Young (Allocation Failure) 731M->731M(779M) 38.298ms
[4.140s][info][gc,cpu         ] GC(93) User=0.19s Sys=0.06s Real=0.04s
[4.140s][info][gc,start       ] GC(94) Pause Full (Ergonomics)
[4.140s][info][gc,phases,start] GC(94) Marking Phase
[4.302s][info][gc,phases      ] GC(94) Marking Phase 162.632ms
[4.302s][info][gc,phases,start] GC(94) Summary Phase
[4.303s][info][gc,phases      ] GC(94) Summary Phase 0.106ms
[4.303s][info][gc,phases,start] GC(94) Adjust Roots
[4.303s][info][gc,phases      ] GC(94) Adjust Roots 0.315ms
[4.303s][info][gc,phases,start] GC(94) Compaction Phase
[4.425s][info][gc,phases      ] GC(94) Compaction Phase 122.099ms
[4.425s][info][gc,phases,start] GC(94) Post Compact
[4.427s][info][gc,phases      ] GC(94) Post Compact 1.512ms
[4.427s][info][gc,heap        ] GC(94) PSYoungGen: 53888K(97280K)->31151K(97280K) Eden: 0K(6144K)->0K(6144K) From: 53888K(91136K)->31151K(91136K)
[4.427s][info][gc,heap        ] GC(94) ParOldGen: 695349K(700928K)->700923K(781312K)
[4.427s][info][gc,metaspace   ] GC(94) Metaspace: 6298K(6464K)->6298K(6464K) NonClass: 5765K(5824K)->5765K(5824K) Class: 533K(640K)->533K(640K)
[4.427s][info][gc             ] GC(94) Pause Full (Ergonomics) 731M->714M(858M) 287.457ms
[4.427s][info][gc,cpu         ] GC(94) User=1.94s Sys=0.00s Real=0.29s
[4.435s][info][gc,start       ] GC(95) Pause Young (Allocation Failure)
[4.480s][info][gc,heap        ] GC(95) PSYoungGen: 37295K(97280K)->27552K(94208K) Eden: 6144K(6144K)->0K(7168K) From: 31151K(91136K)->27552K(87040K)
[4.480s][info][gc,heap        ] GC(95) ParOldGen: 700923K(781312K)->710891K(781312K)
[4.480s][info][gc,metaspace   ] GC(95) Metaspace: 6298K(6464K)->6298K(6464K) NonClass: 5765K(5824K)->5765K(5824K) Class: 533K(640K)->533K(640K)
[4.480s][info][gc             ] GC(95) Pause Young (Allocation Failure) 720M->721M(855M) 44.927ms
[4.480s][info][gc,cpu         ] GC(95) User=0.23s Sys=0.00s Real=0.04s
[4.488s][info][gc,start       ] GC(96) Pause Young (Allocation Failure)
[4.506s][info][gc,heap        ] GC(96) PSYoungGen: 34720K(94208K)->34784K(41984K) Eden: 7168K(7168K)->0K(7168K) From: 27552K(87040K)->34784K(34816K)
[4.506s][info][gc,heap        ] GC(96) ParOldGen: 710891K(781312K)->710891K(781312K)
[4.506s][info][gc,metaspace   ] GC(96) Metaspace: 6298K(6464K)->6298K(6464K) NonClass: 5765K(5824K)->5765K(5824K) Class: 533K(640K)->533K(640K)
[4.506s][info][gc             ] GC(96) Pause Young (Allocation Failure) 728M->728M(804M) 18.155ms
[4.506s][info][gc,cpu         ] GC(96) User=0.02s Sys=0.00s Real=0.02s
[4.514s][info][gc,start       ] GC(97) Pause Young (Allocation Failure)
[4.535s][info][gc,heap        ] GC(97) PSYoungGen: 41952K(41984K)->34208K(87040K) Eden: 7168K(7168K)->0K(8192K) From: 34784K(34816K)->34208K(78848K)
[4.535s][info][gc,heap        ] GC(97) ParOldGen: 710891K(781312K)->718739K(781312K)
[4.535s][info][gc,metaspace   ] GC(97) Metaspace: 6298K(6464K)->6298K(6464K) NonClass: 5765K(5824K)->5765K(5824K) Class: 533K(640K)->533K(640K)
[4.535s][info][gc             ] GC(97) Pause Young (Allocation Failure) 735M->735M(848M) 20.763ms
[4.535s][info][gc,cpu         ] GC(97) User=0.12s Sys=0.02s Real=0.02s
[4.543s][info][gc,start       ] GC(98) Pause Young (Allocation Failure)
[4.564s][info][gc,heap        ] GC(98) PSYoungGen: 42400K(87040K)->28704K(37376K) Eden: 8192K(8192K)->0K(8192K) From: 34208K(78848K)->28704K(29184K)
[4.564s][info][gc,heap        ] GC(98) ParOldGen: 718739K(781312K)->732555K(781312K)
[4.564s][info][gc,metaspace   ] GC(98) Metaspace: 6298K(6464K)->6298K(6464K) NonClass: 5765K(5824K)->5765K(5824K) Class: 533K(640K)->533K(640K)
[4.564s][info][gc             ] GC(98) Pause Young (Allocation Failure) 743M->743M(799M) 21.206ms
[4.564s][info][gc,cpu         ] GC(98) User=0.14s Sys=0.00s Real=0.02s
[4.573s][info][gc,start       ] GC(99) Pause Young (Allocation Failure)
[4.592s][info][gc,heap        ] GC(99) PSYoungGen: 36896K(37376K)->23680K(86528K) Eden: 8192K(8192K)->0K(9728K) From: 28704K(29184K)->23680K(76800K)
[4.592s][info][gc,heap        ] GC(99) ParOldGen: 732555K(781312K)->746019K(781312K)
[4.592s][info][gc,metaspace   ] GC(99) Metaspace: 6298K(6464K)->6298K(6464K) NonClass: 5765K(5824K)->5765K(5824K) Class: 533K(640K)->533K(640K)
[4.592s][info][gc             ] GC(99) Pause Young (Allocation Failure) 751M->751M(847M) 19.578ms
[4.592s][info][gc,cpu         ] GC(99) User=0.02s Sys=0.00s Real=0.02s
[4.603s][info][gc,start       ] GC(100) Pause Young (Allocation Failure)
[4.622s][info][gc,heap        ] GC(100) PSYoungGen: 33408K(86528K)->18016K(88064K) Eden: 9728K(9728K)->0K(9728K) From: 23680K(76800K)->18016K(78336K)
[4.622s][info][gc,heap        ] GC(100) ParOldGen: 746019K(781312K)->761563K(781312K)
[4.622s][info][gc,metaspace   ] GC(100) Metaspace: 6298K(6464K)->6298K(6464K) NonClass: 5765K(5824K)->5765K(5824K) Class: 533K(640K)->533K(640K)
[4.622s][info][gc             ] GC(100) Pause Young (Allocation Failure) 761M->761M(849M) 18.740ms
[4.622s][info][gc,cpu         ] GC(100) User=0.03s Sys=0.00s Real=0.02s
[4.622s][info][gc,start       ] GC(101) Pause Full (Ergonomics)
[4.622s][info][gc,phases,start] GC(101) Marking Phase
[4.783s][info][gc,phases      ] GC(101) Marking Phase 161.579ms
[4.783s][info][gc,phases,start] GC(101) Summary Phase
[4.783s][info][gc,phases      ] GC(101) Summary Phase 0.028ms
[4.783s][info][gc,phases,start] GC(101) Adjust Roots
[4.784s][info][gc,phases      ] GC(101) Adjust Roots 0.207ms
[4.784s][info][gc,phases,start] GC(101) Compaction Phase
[4.860s][info][gc,phases      ] GC(101) Compaction Phase 76.760ms
[4.860s][info][gc,phases,start] GC(101) Post Compact
[4.862s][info][gc,phases      ] GC(101) Post Compact 1.461ms
[4.862s][info][gc,heap        ] GC(101) PSYoungGen: 18016K(88064K)->0K(89088K) Eden: 0K(9728K)->0K(11264K) From: 18016K(78336K)->0K(77824K)
[4.862s][info][gc,heap        ] GC(101) ParOldGen: 761563K(781312K)->778480K(859648K)
[4.862s][info][gc,metaspace   ] GC(101) Metaspace: 6298K(6464K)->6298K(6464K) NonClass: 5765K(5824K)->5765K(5824K) Class: 533K(640K)->533K(640K)
[4.862s][info][gc             ] GC(101) Pause Full (Ergonomics) 761M->760M(926M) 240.720ms
[4.862s][info][gc,cpu         ] GC(101) User=1.77s Sys=0.02s Real=0.24s
[4.876s][info][gc,start       ] GC(102) Pause Young (Allocation Failure)
[4.888s][info][gc,heap        ] GC(102) PSYoungGen: 11264K(89088K)->11392K(89088K) Eden: 11264K(11264K)->0K(11264K) From: 0K(77824K)->11392K(77824K)
[4.888s][info][gc,heap        ] GC(102) ParOldGen: 778480K(859648K)->778480K(859648K)
[4.888s][info][gc,metaspace   ] GC(102) Metaspace: 6298K(6464K)->6298K(6464K) NonClass: 5765K(5824K)->5765K(5824K) Class: 533K(640K)->533K(640K)
[4.888s][info][gc             ] GC(102) Pause Young (Allocation Failure) 771M->771M(926M) 11.861ms
[4.888s][info][gc,cpu         ] GC(102) User=0.00s Sys=0.00s Real=0.01s
[4.900s][info][gc,start       ] GC(103) Pause Young (Allocation Failure)
[4.914s][info][gc,heap        ] GC(103) PSYoungGen: 22656K(89088K)->11392K(89600K) Eden: 11264K(11264K)->0K(12800K) From: 11392K(77824K)->11392K(76800K)
[4.914s][info][gc,heap        ] GC(103) ParOldGen: 778480K(859648K)->789896K(859648K)
[4.914s][info][gc,metaspace   ] GC(103) Metaspace: 6298K(6464K)->6298K(6464K) NonClass: 5765K(5824K)->5765K(5824K) Class: 533K(640K)->533K(640K)
[4.914s][info][gc             ] GC(103) Pause Young (Allocation Failure) 782M->782M(927M) 14.572ms
[4.914s][info][gc,cpu         ] GC(103) User=0.02s Sys=0.00s Real=0.01s
[4.928s][info][gc,start       ] GC(104) Pause Young (Allocation Failure)
[4.943s][info][gc,heap        ] GC(104) PSYoungGen: 24192K(89600K)->12896K(90112K) Eden: 12800K(12800K)->0K(12800K) From: 11392K(76800K)->12896K(77312K)
[4.943s][info][gc,heap        ] GC(104) ParOldGen: 789896K(859648K)->801312K(859648K)
[4.943s][info][gc,metaspace   ] GC(104) Metaspace: 6298K(6464K)->6298K(6464K) NonClass: 5765K(5824K)->5765K(5824K) Class: 533K(640K)->533K(640K)
[4.943s][info][gc             ] GC(104) Pause Young (Allocation Failure) 795M->795M(927M) 15.316ms
[4.943s][info][gc,cpu         ] GC(104) User=0.00s Sys=0.02s Real=0.01s
[4.955s][info][gc,start       ] GC(105) Pause Young (Allocation Failure)
[4.971s][info][gc,heap        ] GC(105) PSYoungGen: 25696K(90112K)->12928K(87040K) Eden: 12800K(12800K)->0K(14336K) From: 12896K(77312K)->12928K(72704K)
[4.971s][info][gc,heap        ] GC(105) ParOldGen: 801312K(859648K)->814272K(859648K)
[4.971s][info][gc,metaspace   ] GC(105) Metaspace: 6298K(6464K)->6298K(6464K) NonClass: 5765K(5824K)->5765K(5824K) Class: 533K(640K)->533K(640K)
[4.971s][info][gc             ] GC(105) Pause Young (Allocation Failure) 807M->807M(924M) 15.773ms
[4.971s][info][gc,cpu         ] GC(105) User=0.02s Sys=0.00s Real=0.02s
[4.986s][info][gc,start       ] GC(106) Pause Young (Allocation Failure)
[5.002s][info][gc,heap        ] GC(106) PSYoungGen: 27264K(87040K)->14464K(29184K) Eden: 14336K(14336K)->0K(14336K) From: 12928K(72704K)->14464K(14848K)
[5.003s][info][gc,heap        ] GC(106) ParOldGen: 814272K(859648K)->827240K(859648K)
[5.003s][info][gc,metaspace   ] GC(106) Metaspace: 6298K(6464K)->6298K(6464K) NonClass: 5765K(5824K)->5765K(5824K) Class: 533K(640K)->533K(640K)
[5.003s][info][gc             ] GC(106) Pause Young (Allocation Failure) 821M->821M(868M) 16.371ms
[5.003s][info][gc,cpu         ] GC(106) User=0.02s Sys=0.00s Real=0.02s
[5.018s][info][gc,start       ] GC(107) Pause Young (Allocation Failure)
[5.035s][info][gc,heap        ] GC(107) PSYoungGen: 28800K(29184K)->14496K(82944K) Eden: 14336K(14336K)->0K(16384K) From: 14464K(14848K)->14496K(66560K)
[5.035s][info][gc,heap        ] GC(107) ParOldGen: 827240K(859648K)->841784K(859648K)
[5.035s][info][gc,metaspace   ] GC(107) Metaspace: 6298K(6464K)->6298K(6464K) NonClass: 5765K(5824K)->5765K(5824K) Class: 533K(640K)->533K(640K)
[5.035s][info][gc             ] GC(107) Pause Young (Allocation Failure) 835M->836M(920M) 17.302ms
[5.035s][info][gc,cpu         ] GC(107) User=0.03s Sys=0.00s Real=0.02s
[5.035s][info][gc,start       ] GC(108) Pause Full (Ergonomics)
[5.035s][info][gc,phases,start] GC(108) Marking Phase
[5.227s][info][gc,phases      ] GC(108) Marking Phase 191.726ms
[5.227s][info][gc,phases,start] GC(108) Summary Phase
[5.227s][info][gc,phases      ] GC(108) Summary Phase 0.031ms
[5.227s][info][gc,phases,start] GC(108) Adjust Roots
[5.227s][info][gc,phases      ] GC(108) Adjust Roots 0.182ms
[5.227s][info][gc,phases,start] GC(108) Compaction Phase
[5.306s][info][gc,phases      ] GC(108) Compaction Phase 79.068ms
[5.306s][info][gc,phases,start] GC(108) Post Compact
[5.307s][info][gc,phases      ] GC(108) Post Compact 1.304ms
[5.308s][info][gc,heap        ] GC(108) PSYoungGen: 14496K(82944K)->0K(85504K) Eden: 0K(16384K)->0K(16384K) From: 14496K(66560K)->0K(69120K)
[5.308s][info][gc,heap        ] GC(108) ParOldGen: 841784K(859648K)->855087K(939520K)
[5.308s][info][gc,metaspace   ] GC(108) Metaspace: 6298K(6464K)->6298K(6464K) NonClass: 5765K(5824K)->5765K(5824K) Class: 533K(640K)->533K(640K)
[5.308s][info][gc             ] GC(108) Pause Full (Ergonomics) 836M->835M(1001M) 272.885ms
[5.308s][info][gc,cpu         ] GC(108) User=1.80s Sys=0.00s Real=0.27s
[5.327s][info][gc,start       ] GC(109) Pause Young (Allocation Failure)
[5.342s][info][gc,heap        ] GC(109) PSYoungGen: 16384K(85504K)->16512K(82432K) Eden: 16384K(16384K)->0K(18432K) From: 0K(69120K)->16512K(64000K)
[5.342s][info][gc,heap        ] GC(109) ParOldGen: 855087K(939520K)->855087K(939520K)
[5.342s][info][gc,metaspace   ] GC(109) Metaspace: 6298K(6464K)->6298K(6464K) NonClass: 5765K(5824K)->5765K(5824K) Class: 533K(640K)->533K(640K)
[5.342s][info][gc             ] GC(109) Pause Young (Allocation Failure) 851M->851M(998M) 14.786ms
[5.342s][info][gc,cpu         ] GC(109) User=0.02s Sys=0.00s Real=0.01s
[5.363s][info][gc,start       ] GC(110) Pause Young (Allocation Failure)
[5.382s][info][gc,heap        ] GC(110) PSYoungGen: 34944K(82432K)->35008K(84992K) Eden: 18432K(18432K)->0K(18432K) From: 16512K(64000K)->35008K(66560K)
[5.382s][info][gc,heap        ] GC(110) ParOldGen: 855087K(939520K)->855087K(939520K)
[5.382s][info][gc,metaspace   ] GC(110) Metaspace: 6298K(6464K)->6298K(6464K) NonClass: 5765K(5824K)->5765K(5824K) Class: 533K(640K)->533K(640K)
[5.382s][info][gc             ] GC(110) Pause Young (Allocation Failure) 869M->869M(1000M) 19.329ms
[5.382s][info][gc,cpu         ] GC(110) User=0.03s Sys=0.00s Real=0.02s
[5.402s][info][gc,start       ] GC(111) Pause Young (Allocation Failure)
[5.429s][info][gc,heap        ] GC(111) PSYoungGen: 53440K(84992K)->53408K(80384K) Eden: 18432K(18432K)->0K(14336K) From: 35008K(66560K)->53408K(66048K)
[5.429s][info][gc,heap        ] GC(111) ParOldGen: 855087K(939520K)->855087K(939520K)
[5.429s][info][gc,metaspace   ] GC(111) Metaspace: 6298K(6464K)->6298K(6464K) NonClass: 5765K(5824K)->5765K(5824K) Class: 533K(640K)->533K(640K)
[5.429s][info][gc             ] GC(111) Pause Young (Allocation Failure) 887M->887M(996M) 26.519ms
[5.429s][info][gc,cpu         ] GC(111) User=0.14s Sys=0.00s Real=0.03s
[5.445s][info][gc,start       ] GC(112) Pause Young (Allocation Failure)
[5.477s][info][gc,heap        ] GC(112) PSYoungGen: 67744K(80384K)->67744K(86528K) Eden: 14336K(14336K)->0K(14336K) From: 53408K(66048K)->67744K(72192K)
[5.477s][info][gc,heap        ] GC(112) ParOldGen: 855087K(939520K)->855087K(939520K)
[5.477s][info][gc,metaspace   ] GC(112) Metaspace: 6298K(6464K)->6298K(6464K) NonClass: 5765K(5824K)->5765K(5824K) Class: 533K(640K)->533K(640K)
[5.477s][info][gc             ] GC(112) Pause Young (Allocation Failure) 901M->901M(1002M) 32.200ms
[5.477s][info][gc,cpu         ] GC(112) User=0.14s Sys=0.00s Real=0.03s
[5.492s][info][gc,start       ] GC(113) Pause Young (Allocation Failure)
[5.531s][info][gc,heap        ] GC(113) PSYoungGen: 82080K(86528K)->65632K(91136K) Eden: 14336K(14336K)->0K(8704K) From: 67744K(72192K)->65632K(82432K)
[5.531s][info][gc,heap        ] GC(113) ParOldGen: 855087K(939520K)->871687K(939520K)
[5.531s][info][gc,metaspace   ] GC(113) Metaspace: 6298K(6464K)->6298K(6464K) NonClass: 5765K(5824K)->5765K(5824K) Class: 533K(640K)->533K(640K)
[5.531s][info][gc             ] GC(113) Pause Young (Allocation Failure) 915M->915M(1006M) 38.658ms
[5.531s][info][gc,cpu         ] GC(113) User=0.25s Sys=0.00s Real=0.04s
[5.541s][info][gc,start       ] GC(114) Pause Young (Allocation Failure)
[5.576s][info][gc,heap        ] GC(114) PSYoungGen: 74336K(91136K)->55904K(98816K) Eden: 8704K(8704K)->0K(8704K) From: 65632K(82432K)->55904K(90112K)
[5.576s][info][gc,heap        ] GC(114) ParOldGen: 871687K(939520K)->890367K(939520K)
[5.576s][info][gc,metaspace   ] GC(114) Metaspace: 6298K(6464K)->6298K(6464K) NonClass: 5765K(5824K)->5765K(5824K) Class: 533K(640K)->533K(640K)
[5.576s][info][gc             ] GC(114) Pause Young (Allocation Failure) 923M->924M(1014M) 34.797ms
[5.576s][info][gc,cpu         ] GC(114) User=0.22s Sys=0.03s Real=0.04s
[5.585s][info][gc,start       ] GC(115) Pause Young (Allocation Failure)
[5.617s][info][gc,heap        ] GC(115) PSYoungGen: 64608K(98816K)->31840K(93184K) Eden: 8704K(8704K)->0K(10240K) From: 55904K(90112K)->31840K(82944K)
[5.617s][info][gc,heap        ] GC(115) ParOldGen: 890367K(939520K)->923551K(939520K)
[5.617s][info][gc,metaspace   ] GC(115) Metaspace: 6298K(6464K)->6298K(6464K) NonClass: 5765K(5824K)->5765K(5824K) Class: 533K(640K)->533K(640K)
[5.617s][info][gc             ] GC(115) Pause Young (Allocation Failure) 932M->932M(1008M) 31.364ms
[5.617s][info][gc,cpu         ] GC(115) User=0.12s Sys=0.02s Real=0.03s
[5.617s][info][gc,start       ] GC(116) Pause Full (Ergonomics)
[5.617s][info][gc,phases,start] GC(116) Marking Phase
[5.829s][info][gc,phases      ] GC(116) Marking Phase 212.035ms
[5.829s][info][gc,phases,start] GC(116) Summary Phase
[5.829s][info][gc,phases      ] GC(116) Summary Phase 0.023ms
[5.829s][info][gc,phases,start] GC(116) Adjust Roots
[5.829s][info][gc,phases      ] GC(116) Adjust Roots 0.147ms
[5.829s][info][gc,phases,start] GC(116) Compaction Phase
[5.926s][info][gc,phases      ] GC(116) Compaction Phase 97.123ms
[5.926s][info][gc,phases,start] GC(116) Post Compact
[5.928s][info][gc,phases      ] GC(116) Post Compact 1.675ms
[5.928s][info][gc,heap        ] GC(116) PSYoungGen: 31840K(93184K)->14789K(94720K) Eden: 0K(10240K)->0K(11776K) From: 31840K(82944K)->14789K(82944K)
[5.928s][info][gc,heap        ] GC(116) ParOldGen: 923551K(939520K)->939406K(1038848K)
[5.929s][info][gc,metaspace   ] GC(116) Metaspace: 6298K(6464K)->6298K(6464K) NonClass: 5765K(5824K)->5765K(5824K) Class: 533K(640K)->533K(640K)
[5.929s][info][gc             ] GC(116) Pause Full (Ergonomics) 932M->931M(1107M) 311.652ms
[5.929s][info][gc,cpu         ] GC(116) User=2.14s Sys=0.02s Real=0.31s
[5.942s][info][gc,start       ] GC(117) Pause Young (Allocation Failure)
[5.995s][info][gc,heap        ] GC(117) PSYoungGen: 26565K(94720K)->16896K(99328K) Eden: 11776K(11776K)->0K(11776K) From: 14789K(82944K)->16896K(87552K)
[5.995s][info][gc,heap        ] GC(117) ParOldGen: 939406K(1038848K)->949414K(1038848K)
[5.995s][info][gc,metaspace   ] GC(117) Metaspace: 6298K(6464K)->6298K(6464K) NonClass: 5765K(5824K)->5765K(5824K) Class: 533K(640K)->533K(640K)
[5.995s][info][gc             ] GC(117) Pause Young (Allocation Failure) 943M->943M(1111M) 52.854ms
[5.995s][info][gc,cpu         ] GC(117) User=0.25s Sys=0.02s Real=0.05s
[6.008s][info][gc,start       ] GC(118) Pause Young (Allocation Failure)
[6.025s][info][gc,heap        ] GC(118) PSYoungGen: 28672K(99328K)->23680K(93184K) Eden: 11776K(11776K)->0K(13312K) From: 16896K(87552K)->23680K(79872K)
[6.025s][info][gc,heap        ] GC(118) ParOldGen: 949414K(1038848K)->954438K(1038848K)
[6.025s][info][gc,metaspace   ] GC(118) Metaspace: 6298K(6464K)->6298K(6464K) NonClass: 5765K(5824K)->5765K(5824K) Class: 533K(640K)->533K(640K)
[6.025s][info][gc             ] GC(118) Pause Young (Allocation Failure) 955M->955M(1105M) 17.522ms
[6.025s][info][gc,cpu         ] GC(118) User=0.02s Sys=0.00s Real=0.02s
[6.040s][info][gc,start       ] GC(119) Pause Young (Allocation Failure)
[6.061s][info][gc,heap        ] GC(119) PSYoungGen: 36992K(93184K)->25216K(38912K) Eden: 13312K(13312K)->0K(13312K) From: 23680K(79872K)->25216K(25600K)
[6.062s][info][gc,heap        ] GC(119) ParOldGen: 954438K(1038848K)->966374K(1038848K)
[6.062s][info][gc,metaspace   ] GC(119) Metaspace: 6298K(6464K)->6298K(6464K) NonClass: 5765K(5824K)->5765K(5824K) Class: 533K(640K)->533K(640K)
[6.062s][info][gc             ] GC(119) Pause Young (Allocation Failure) 968M->968M(1052M) 21.606ms
[6.062s][info][gc,cpu         ] GC(119) User=0.12s Sys=0.00s Real=0.02s
[6.076s][info][gc,start       ] GC(120) Pause Young (Allocation Failure)
[6.098s][info][gc,heap        ] GC(120) PSYoungGen: 38528K(38912K)->26752K(87552K) Eden: 13312K(13312K)->0K(15360K) From: 25216K(25600K)->26752K(72192K)
[6.098s][info][gc,heap        ] GC(120) ParOldGen: 966374K(1038848K)->978318K(1038848K)
[6.098s][info][gc,metaspace   ] GC(120) Metaspace: 6298K(6464K)->6298K(6464K) NonClass: 5765K(5824K)->5765K(5824K) Class: 533K(640K)->533K(640K)
[6.098s][info][gc             ] GC(120) Pause Young (Allocation Failure) 981M->981M(1100M) 21.204ms
[6.098s][info][gc,cpu         ] GC(120) User=0.12s Sys=0.02s Real=0.02s
[6.115s][info][gc,start       ] GC(121) Pause Young (Allocation Failure)
[6.138s][info][gc,heap        ] GC(121) PSYoungGen: 42112K(87552K)->28800K(44544K) Eden: 15360K(15360K)->0K(15360K) From: 26752K(72192K)->28800K(29184K)
[6.138s][info][gc,heap        ] GC(121) ParOldGen: 978318K(1038848K)->991822K(1038848K)
[6.138s][info][gc,metaspace   ] GC(121) Metaspace: 6298K(6464K)->6298K(6464K) NonClass: 5765K(5824K)->5765K(5824K) Class: 533K(640K)->533K(640K)
[6.138s][info][gc             ] GC(121) Pause Young (Allocation Failure) 996M->996M(1058M) 22.993ms
[6.138s][info][gc,cpu         ] GC(121) User=0.12s Sys=0.00s Real=0.02s
[6.155s][info][gc,start       ] GC(122) Pause Young (Allocation Failure)
[6.179s][info][gc,heap        ] GC(122) PSYoungGen: 44160K(44544K)->30848K(82432K) Eden: 15360K(15360K)->0K(17408K) From: 28800K(29184K)->30848K(65024K)
[6.179s][info][gc,heap        ] GC(122) ParOldGen: 991822K(1038848K)->1005318K(1038848K)
[6.179s][info][gc,metaspace   ] GC(122) Metaspace: 6298K(6464K)->6298K(6464K) NonClass: 5765K(5824K)->5765K(5824K) Class: 533K(640K)->533K(640K)
[6.179s][info][gc             ] GC(122) Pause Young (Allocation Failure) 1011M->1011M(1095M) 24.355ms
[6.179s][info][gc,cpu         ] GC(122) User=0.14s Sys=0.00s Real=0.02s
[6.198s][info][gc,start       ] GC(123) Pause Young (Allocation Failure)
[6.224s][info][gc,heap        ] GC(123) PSYoungGen: 48256K(82432K)->32864K(50688K) Eden: 17408K(17408K)->0K(17408K) From: 30848K(65024K)->32864K(33280K)
[6.225s][info][gc,heap        ] GC(123) ParOldGen: 1005318K(1038848K)->1020886K(1038848K)
[6.225s][info][gc,metaspace   ] GC(123) Metaspace: 6298K(6464K)->6298K(6464K) NonClass: 5765K(5824K)->5765K(5824K) Class: 533K(640K)->533K(640K)
[6.225s][info][gc             ] GC(123) Pause Young (Allocation Failure) 1028M->1029M(1064M) 26.404ms
[6.225s][info][gc,cpu         ] GC(123) User=0.14s Sys=0.00s Real=0.03s
[6.225s][info][gc,start       ] GC(124) Pause Full (Ergonomics)
[6.225s][info][gc,phases,start] GC(124) Marking Phase
[6.456s][info][gc,phases      ] GC(124) Marking Phase 230.916ms
[6.456s][info][gc,phases,start] GC(124) Summary Phase
[6.456s][info][gc,phases      ] GC(124) Summary Phase 0.033ms
[6.456s][info][gc,phases,start] GC(124) Adjust Roots
[6.456s][info][gc,phases      ] GC(124) Adjust Roots 0.156ms
[6.456s][info][gc,phases,start] GC(124) Compaction Phase
[6.552s][info][gc,phases      ] GC(124) Compaction Phase 96.224ms
[6.552s][info][gc,phases,start] GC(124) Post Compact
[6.554s][info][gc,phases      ] GC(124) Post Compact 2.008ms
[6.555s][info][gc,heap        ] GC(124) PSYoungGen: 32864K(50688K)->13799K(50688K) Eden: 0K(17408K)->0K(17408K) From: 32864K(33280K)->13799K(33280K)
[6.555s][info][gc,heap        ] GC(124) ParOldGen: 1020886K(1038848K)->1038488K(1138176K)
[6.555s][info][gc,metaspace   ] GC(124) Metaspace: 6298K(6464K)->6298K(6464K) NonClass: 5765K(5824K)->5765K(5824K) Class: 533K(640K)->533K(640K)
[6.555s][info][gc             ] GC(124) Pause Full (Ergonomics) 1029M->1027M(1161M) 330.158ms
[6.555s][info][gc,cpu         ] GC(124) User=2.36s Sys=0.00s Real=0.33s
[6.578s][info][gc,start       ] GC(125) Pause Young (Allocation Failure)
[6.637s][info][gc,heap        ] GC(125) PSYoungGen: 31207K(50688K)->25056K(80384K) Eden: 17408K(17408K)->0K(19456K) From: 13799K(33280K)->25056K(60928K)
[6.638s][info][gc,heap        ] GC(125) ParOldGen: 1038488K(1138176K)->1044936K(1138176K)
[6.638s][info][gc,metaspace   ] GC(125) Metaspace: 6298K(6464K)->6298K(6464K) NonClass: 5765K(5824K)->5765K(5824K) Class: 533K(640K)->533K(640K)
[6.638s][info][gc             ] GC(125) Pause Young (Allocation Failure) 1044M->1044M(1190M) 59.877ms
[6.638s][info][gc,cpu         ] GC(125) User=0.39s Sys=0.00s Real=0.06s
[6.661s][info][gc,start       ] GC(126) Pause Young (Allocation Failure)
[6.686s][info][gc,heap        ] GC(126) PSYoungGen: 44512K(80384K)->44480K(82432K) Eden: 19456K(19456K)->0K(19456K) From: 25056K(60928K)->44480K(62976K)
[6.686s][info][gc,heap        ] GC(126) ParOldGen: 1044936K(1138176K)->1044936K(1138176K)
[6.686s][info][gc,metaspace   ] GC(126) Metaspace: 6298K(6464K)->6298K(6464K) NonClass: 5765K(5824K)->5765K(5824K) Class: 533K(640K)->533K(640K)
[6.686s][info][gc             ] GC(126) Pause Young (Allocation Failure) 1063M->1063M(1192M) 24.803ms
[6.686s][info][gc,cpu         ] GC(126) User=0.12s Sys=0.00s Real=0.03s
[6.708s][info][gc,start       ] GC(127) Pause Young (Allocation Failure)
[6.740s][info][gc,heap        ] GC(127) PSYoungGen: 63936K(82432K)->63968K(77312K) Eden: 19456K(19456K)->0K(12800K) From: 44480K(62976K)->63968K(64512K)
[6.740s][info][gc,heap        ] GC(127) ParOldGen: 1044936K(1138176K)->1044936K(1138176K)
[6.740s][info][gc,metaspace   ] GC(127) Metaspace: 6298K(6464K)->6298K(6464K) NonClass: 5765K(5824K)->5765K(5824K) Class: 533K(640K)->533K(640K)
[6.740s][info][gc             ] GC(127) Pause Young (Allocation Failure) 1082M->1082M(1187M) 32.600ms
[6.740s][info][gc,cpu         ] GC(127) User=0.14s Sys=0.00s Real=0.03s
[6.754s][info][gc,start       ] GC(128) Pause Young (Allocation Failure)
[6.793s][info][gc,heap        ] GC(128) PSYoungGen: 76768K(77312K)->69280K(86016K) Eden: 12800K(12800K)->0K(12800K) From: 63968K(64512K)->69280K(73216K)
[6.793s][info][gc,heap        ] GC(128) ParOldGen: 1044936K(1138176K)->1052528K(1138176K)
[6.793s][info][gc,metaspace   ] GC(128) Metaspace: 6298K(6464K)->6298K(6464K) NonClass: 5765K(5824K)->5765K(5824K) Class: 533K(640K)->533K(640K)
[6.793s][info][gc             ] GC(128) Pause Young (Allocation Failure) 1095M->1095M(1195M) 38.859ms
[6.793s][info][gc,cpu         ] GC(128) User=0.25s Sys=0.00s Real=0.04s
[6.809s][info][gc,start       ] GC(129) Pause Young (Allocation Failure)
[6.849s][info][gc,heap        ] GC(129) PSYoungGen: 82080K(86016K)->64640K(91136K) Eden: 12800K(12800K)->0K(9216K) From: 69280K(73216K)->64640K(81920K)
[6.849s][info][gc,heap        ] GC(129) ParOldGen: 1052528K(1138176K)->1070168K(1138176K)
[6.849s][info][gc,metaspace   ] GC(129) Metaspace: 6298K(6464K)->6298K(6464K) NonClass: 5765K(5824K)->5765K(5824K) Class: 533K(640K)->533K(640K)
[6.849s][info][gc             ] GC(129) Pause Young (Allocation Failure) 1108M->1108M(1200M) 40.125ms
[6.849s][info][gc,cpu         ] GC(129) User=0.27s Sys=0.00s Real=0.04s
[6.859s][info][gc,start       ] GC(130) Pause Young (Allocation Failure)
[6.896s][info][gc,heap        ] GC(130) PSYoungGen: 73856K(91136K)->34912K(44544K) Eden: 9216K(9216K)->0K(9216K) From: 64640K(81920K)->34912K(35328K)
[6.896s][info][gc,heap        ] GC(130) ParOldGen: 1070168K(1138176K)->1109592K(1138176K)
[6.896s][info][gc,metaspace   ] GC(130) Metaspace: 6298K(6464K)->6298K(6464K) NonClass: 5765K(5824K)->5765K(5824K) Class: 533K(640K)->533K(640K)
[6.896s][info][gc             ] GC(130) Pause Young (Allocation Failure) 1117M->1117M(1155M) 37.132ms
[6.896s][info][gc,cpu         ] GC(130) User=0.34s Sys=0.00s Real=0.04s
[6.896s][info][gc,start       ] GC(131) Pause Full (Ergonomics)
[6.896s][info][gc,phases,start] GC(131) Marking Phase
[7.149s][info][gc,phases      ] GC(131) Marking Phase 253.214ms
[7.149s][info][gc,phases,start] GC(131) Summary Phase
[7.149s][info][gc,phases      ] GC(131) Summary Phase 0.025ms
[7.149s][info][gc,phases,start] GC(131) Adjust Roots
[7.149s][info][gc,phases      ] GC(131) Adjust Roots 0.145ms
[7.149s][info][gc,phases,start] GC(131) Compaction Phase
[7.248s][info][gc,phases      ] GC(131) Compaction Phase 98.415ms
[7.248s][info][gc,phases,start] GC(131) Post Compact
[7.250s][info][gc,phases      ] GC(131) Post Compact 2.131ms
[7.251s][info][gc,heap        ] GC(131) PSYoungGen: 34912K(44544K)->5098K(44544K) Eden: 0K(9216K)->0K(9216K) From: 34912K(35328K)->5098K(35328K)
[7.251s][info][gc,heap        ] GC(131) ParOldGen: 1109592K(1138176K)->1138137K(1253888K)
[7.251s][info][gc,metaspace   ] GC(131) Metaspace: 6298K(6464K)->6298K(6464K) NonClass: 5765K(5824K)->5765K(5824K) Class: 533K(640K)->533K(640K)
[7.251s][info][gc             ] GC(131) Pause Full (Ergonomics) 1117M->1116M(1268M) 354.795ms
[7.251s][info][gc,cpu         ] GC(131) User=2.44s Sys=0.03s Real=0.35s
[7.262s][info][gc,start       ] GC(132) Pause Young (Allocation Failure)
[7.320s][info][gc,heap        ] GC(132) PSYoungGen: 14314K(44544K)->11232K(93184K) Eden: 9216K(9216K)->0K(9728K) From: 5098K(35328K)->11232K(83456K)
[7.320s][info][gc,heap        ] GC(132) ParOldGen: 1138137K(1253888K)->1141425K(1253888K)
[7.320s][info][gc,metaspace   ] GC(132) Metaspace: 6298K(6464K)->6298K(6464K) NonClass: 5765K(5824K)->5765K(5824K) Class: 533K(640K)->533K(640K)
[7.320s][info][gc             ] GC(132) Pause Young (Allocation Failure) 1125M->1125M(1315M) 57.663ms
[7.320s][info][gc,cpu         ] GC(132) User=0.30s Sys=0.00s Real=0.06s
[7.331s][info][gc,start       ] GC(133) Pause Young (Allocation Failure)
[7.347s][info][gc,heap        ] GC(133) PSYoungGen: 20960K(93184K)->19072K(94208K) Eden: 9728K(9728K)->0K(9728K) From: 11232K(83456K)->19072K(84480K)
[7.347s][info][gc,heap        ] GC(133) ParOldGen: 1141425K(1253888K)->1143361K(1253888K)
[7.347s][info][gc,metaspace   ] GC(133) Metaspace: 6298K(6464K)->6298K(6464K) NonClass: 5765K(5824K)->5765K(5824K) Class: 533K(640K)->533K(640K)
[7.347s][info][gc             ] GC(133) Pause Young (Allocation Failure) 1135M->1135M(1316M) 15.454ms
[7.347s][info][gc,cpu         ] GC(133) User=0.02s Sys=0.00s Real=0.02s
[7.358s][info][gc,start       ] GC(134) Pause Young (Allocation Failure)
[7.376s][info][gc,heap        ] GC(134) PSYoungGen: 28800K(94208K)->19520K(91136K) Eden: 9728K(9728K)->0K(11264K) From: 19072K(84480K)->19520K(79872K)
[7.376s][info][gc,heap        ] GC(134) ParOldGen: 1143361K(1253888K)->1152713K(1253888K)
[7.376s][info][gc,metaspace   ] GC(134) Metaspace: 6298K(6464K)->6298K(6464K) NonClass: 5765K(5824K)->5765K(5824K) Class: 533K(640K)->533K(640K)
[7.376s][info][gc             ] GC(134) Pause Young (Allocation Failure) 1144M->1144M(1313M) 17.878ms
[7.376s][info][gc,cpu         ] GC(134) User=0.03s Sys=0.00s Real=0.02s
[7.390s][info][gc,start       ] GC(135) Pause Young (Allocation Failure)
[7.409s][info][gc,heap        ] GC(135) PSYoungGen: 30784K(91136K)->21152K(32768K) Eden: 11264K(11264K)->0K(11264K) From: 19520K(79872K)->21152K(21504K)
[7.409s][info][gc,heap        ] GC(135) ParOldGen: 1152713K(1253888K)->1162585K(1253888K)
[7.409s][info][gc,metaspace   ] GC(135) Metaspace: 6298K(6464K)->6298K(6464K) NonClass: 5765K(5824K)->5765K(5824K) Class: 533K(640K)->533K(640K)
[7.409s][info][gc             ] GC(135) Pause Young (Allocation Failure) 1155M->1155M(1256M) 18.947ms
[7.409s][info][gc,cpu         ] GC(135) User=0.05s Sys=0.00s Real=0.02s
[7.422s][info][gc,start       ] GC(136) Pause Young (Allocation Failure)
[7.442s][info][gc,heap        ] GC(136) PSYoungGen: 32416K(32768K)->22656K(86528K) Eden: 11264K(11264K)->0K(12800K) From: 21152K(21504K)->22656K(73728K)
[7.442s][info][gc,heap        ] GC(136) ParOldGen: 1162585K(1253888K)->1172457K(1253888K)
[7.442s][info][gc,metaspace   ] GC(136) Metaspace: 6298K(6464K)->6298K(6464K) NonClass: 5765K(5824K)->5765K(5824K) Class: 533K(640K)->533K(640K)
[7.442s][info][gc             ] GC(136) Pause Young (Allocation Failure) 1166M->1167M(1309M) 19.403ms
[7.442s][info][gc,cpu         ] GC(136) User=0.05s Sys=0.00s Real=0.02s
[7.458s][info][gc,start       ] GC(137) Pause Young (Allocation Failure)
[7.479s][info][gc,heap        ] GC(137) PSYoungGen: 35456K(86528K)->24192K(37376K) Eden: 12800K(12800K)->0K(12800K) From: 22656K(73728K)->24192K(24576K)
[7.479s][info][gc,heap        ] GC(137) ParOldGen: 1172457K(1253888K)->1183889K(1253888K)
[7.479s][info][gc,metaspace   ] GC(137) Metaspace: 6298K(6464K)->6298K(6464K) NonClass: 5765K(5824K)->5765K(5824K) Class: 533K(640K)->533K(640K)
[7.479s][info][gc             ] GC(137) Pause Young (Allocation Failure) 1179M->1179M(1261M) 21.274ms
[7.479s][info][gc,cpu         ] GC(137) User=0.12s Sys=0.00s Real=0.02s
[7.495s][info][gc,start       ] GC(138) Pause Young (Allocation Failure)
[7.517s][info][gc,heap        ] GC(138) PSYoungGen: 36992K(37376K)->25728K(80384K) Eden: 12800K(12800K)->0K(14336K) From: 24192K(24576K)->25728K(66048K)
[7.517s][info][gc,heap        ] GC(138) ParOldGen: 1183889K(1253888K)->1195305K(1253888K)
[7.517s][info][gc,metaspace   ] GC(138) Metaspace: 6298K(6464K)->6298K(6464K) NonClass: 5765K(5824K)->5765K(5824K) Class: 533K(640K)->533K(640K)
[7.517s][info][gc             ] GC(138) Pause Young (Allocation Failure) 1192M->1192M(1303M) 21.922ms
[7.517s][info][gc,cpu         ] GC(138) User=0.11s Sys=0.02s Real=0.02s
[7.534s][info][gc,start       ] GC(139) Pause Young (Allocation Failure)
[7.558s][info][gc,heap        ] GC(139) PSYoungGen: 40064K(80384K)->27264K(41984K) Eden: 14336K(14336K)->0K(14336K) From: 25728K(66048K)->27264K(27648K)
[7.558s][info][gc,heap        ] GC(139) ParOldGen: 1195305K(1253888K)->1208305K(1253888K)
[7.558s][info][gc,metaspace   ] GC(139) Metaspace: 6298K(6464K)->6298K(6464K) NonClass: 5765K(5824K)->5765K(5824K) Class: 533K(640K)->533K(640K)
[7.558s][info][gc             ] GC(139) Pause Young (Allocation Failure) 1206M->1206M(1265M) 24.050ms
[7.558s][info][gc,cpu         ] GC(139) User=0.12s Sys=0.00s Real=0.02s
[7.576s][info][gc,start       ] GC(140) Pause Young (Allocation Failure)
[7.601s][info][gc,heap        ] GC(140) PSYoungGen: 41600K(41984K)->28832K(75776K) Eden: 14336K(14336K)->0K(16384K) From: 27264K(27648K)->28832K(59392K)
[7.601s][info][gc,heap        ] GC(140) ParOldGen: 1208305K(1253888K)->1221289K(1253888K)
[7.601s][info][gc,metaspace   ] GC(140) Metaspace: 6298K(6464K)->6298K(6464K) NonClass: 5765K(5824K)->5765K(5824K) Class: 533K(640K)->533K(640K)
[7.601s][info][gc             ] GC(140) Pause Young (Allocation Failure) 1220M->1220M(1298M) 24.749ms
[7.601s][info][gc,cpu         ] GC(140) User=0.14s Sys=0.00s Real=0.02s
[7.620s][info][gc,start       ] GC(141) Pause Young (Allocation Failure)
[7.646s][info][gc,heap        ] GC(141) PSYoungGen: 45216K(75776K)->30784K(47616K) Eden: 16384K(16384K)->0K(16384K) From: 28832K(59392K)->30784K(31232K)
[7.646s][info][gc,heap        ] GC(141) ParOldGen: 1221289K(1253888K)->1235833K(1253888K)
[7.646s][info][gc,metaspace   ] GC(141) Metaspace: 6298K(6464K)->6298K(6464K) NonClass: 5765K(5824K)->5765K(5824K) Class: 533K(640K)->533K(640K)
[7.646s][info][gc             ] GC(141) Pause Young (Allocation Failure) 1236M->1236M(1271M) 25.922ms
[7.646s][info][gc,cpu         ] GC(141) User=0.14s Sys=0.00s Real=0.03s
[7.646s][info][gc,start       ] GC(142) Pause Full (Ergonomics)
[7.646s][info][gc,phases,start] GC(142) Marking Phase
[7.937s][info][gc,phases      ] GC(142) Marking Phase 290.728ms
[7.937s][info][gc,phases,start] GC(142) Summary Phase
[7.937s][info][gc,phases      ] GC(142) Summary Phase 0.025ms
[7.937s][info][gc,phases,start] GC(142) Adjust Roots
[7.937s][info][gc,phases      ] GC(142) Adjust Roots 0.145ms
[7.937s][info][gc,phases,start] GC(142) Compaction Phase
[8.039s][info][gc,phases      ] GC(142) Compaction Phase 101.630ms
[8.039s][info][gc,phases,start] GC(142) Post Compact
[8.041s][info][gc,phases      ] GC(142) Post Compact 1.905ms
[8.041s][info][gc,heap        ] GC(142) PSYoungGen: 30784K(47616K)->11233K(47616K) Eden: 0K(16384K)->0K(16384K) From: 30784K(31232K)->11233K(31232K)
[8.041s][info][gc,heap        ] GC(142) ParOldGen: 1235833K(1253888K)->1253544K(1368064K)
[8.041s][info][gc,metaspace   ] GC(142) Metaspace: 6298K(6464K)->6298K(6464K) NonClass: 5765K(5824K)->5765K(5824K) Class: 533K(640K)->533K(640K)
[8.041s][info][gc             ] GC(142) Pause Full (Ergonomics) 1236M->1235M(1382M) 395.131ms
[8.041s][info][gc,cpu         ] GC(142) User=3.05s Sys=0.00s Real=0.40s
[8.062s][info][gc,start       ] GC(143) Pause Young (Allocation Failure)
[8.131s][info][gc,heap        ] GC(143) PSYoungGen: 27617K(47616K)->22912K(75264K) Eden: 16384K(16384K)->0K(18432K) From: 11233K(31232K)->22912K(56832K)
[8.131s][info][gc,heap        ] GC(143) ParOldGen: 1253544K(1368064K)->1258480K(1368064K)
[8.131s][info][gc,metaspace   ] GC(143) Metaspace: 6298K(6464K)->6298K(6464K) NonClass: 5765K(5824K)->5765K(5824K) Class: 533K(640K)->533K(640K)
[8.131s][info][gc             ] GC(143) Pause Young (Allocation Failure) 1251M->1251M(1409M) 68.886ms
[8.131s][info][gc,cpu         ] GC(143) User=0.47s Sys=0.02s Real=0.07s
[8.155s][info][gc,start       ] GC(144) Pause Young (Allocation Failure)
[8.180s][info][gc,heap        ] GC(144) PSYoungGen: 41344K(75264K)->41344K(76800K) Eden: 18432K(18432K)->0K(18432K) From: 22912K(56832K)->41344K(58368K)
[8.180s][info][gc,heap        ] GC(144) ParOldGen: 1258480K(1368064K)->1258480K(1368064K)
[8.180s][info][gc,metaspace   ] GC(144) Metaspace: 6298K(6464K)->6298K(6464K) NonClass: 5765K(5824K)->5765K(5824K) Class: 533K(640K)->533K(640K)
[8.180s][info][gc             ] GC(144) Pause Young (Allocation Failure) 1269M->1269M(1411M) 24.966ms
[8.180s][info][gc,cpu         ] GC(144) User=0.14s Sys=0.00s Real=0.02s
[8.196s][info][gc,start       ] GC(145) Pause Young (Allocation Failure)
[8.226s][info][gc,heap        ] GC(145) PSYoungGen: 59776K(76800K)->45280K(77824K) Eden: 18432K(18432K)->0K(17920K) From: 41344K(58368K)->45280K(59904K)
[8.226s][info][gc,heap        ] GC(145) ParOldGen: 1258480K(1368064K)->1264976K(1368064K)
[8.226s][info][gc,metaspace   ] GC(145) Metaspace: 6298K(6464K)->6298K(6464K) NonClass: 5765K(5824K)->5765K(5824K) Class: 533K(640K)->533K(640K)
[8.226s][info][gc             ] GC(145) Pause Young (Allocation Failure) 1287M->1279M(1412M) 29.564ms
[8.226s][info][gc,cpu         ] GC(145) User=0.16s Sys=0.00s Real=0.03s
[8.240s][info][gc,start       ] GC(146) Pause Young (Allocation Failure)
[8.271s][info][gc,heap        ] GC(146) PSYoungGen: 63200K(77824K)->38176K(80384K) Eden: 17920K(17920K)->0K(17920K) From: 45280K(59904K)->38176K(62464K)
[8.271s][info][gc,heap        ] GC(146) ParOldGen: 1264976K(1368064K)->1281592K(1368064K)
[8.271s][info][gc,metaspace   ] GC(146) Metaspace: 6298K(6464K)->6298K(6464K) NonClass: 5765K(5824K)->5765K(5824K) Class: 533K(640K)->533K(640K)
[8.271s][info][gc             ] GC(146) Pause Young (Allocation Failure) 1297M->1288M(1414M) 31.484ms
[8.271s][info][gc,cpu         ] GC(146) User=0.14s Sys=0.00s Real=0.03s
[8.292s][info][gc,start       ] GC(147) Pause Young (Allocation Failure)
[8.323s][info][gc,heap        ] GC(147) PSYoungGen: 56096K(80384K)->36096K(78336K) Eden: 17920K(17920K)->0K(19968K) From: 38176K(62464K)->36096K(58368K)
[8.323s][info][gc,heap        ] GC(147) ParOldGen: 1281592K(1368064K)->1300288K(1368064K)
[8.323s][info][gc,metaspace   ] GC(147) Metaspace: 6298K(6464K)->6298K(6464K) NonClass: 5765K(5824K)->5765K(5824K) Class: 533K(640K)->533K(640K)
[8.323s][info][gc             ] GC(147) Pause Young (Allocation Failure) 1306M->1305M(1412M) 31.363ms
[8.323s][info][gc,cpu         ] GC(147) User=0.12s Sys=0.02s Real=0.03s
[8.351s][info][gc,start       ] GC(148) Pause Young (Allocation Failure)
[8.383s][info][gc,heap        ] GC(148) PSYoungGen: 56064K(78336K)->36480K(79872K) Eden: 19968K(19968K)->0K(19968K) From: 36096K(58368K)->36480K(59904K)
[8.383s][info][gc,heap        ] GC(148) ParOldGen: 1300288K(1368064K)->1320192K(1368064K)
[8.383s][info][gc,metaspace   ] GC(148) Metaspace: 6298K(6464K)->6298K(6464K) NonClass: 5765K(5824K)->5765K(5824K) Class: 533K(640K)->533K(640K)
[8.383s][info][gc             ] GC(148) Pause Young (Allocation Failure) 1324M->1324M(1414M) 32.001ms
[8.383s][info][gc,cpu         ] GC(148) User=0.14s Sys=0.00s Real=0.03s
[8.408s][info][gc,start       ] GC(149) Pause Young (Allocation Failure)
[8.440s][info][gc,heap        ] GC(149) PSYoungGen: 56448K(79872K)->40064K(80896K) Eden: 19968K(19968K)->0K(22528K) From: 36480K(59904K)->40064K(58368K)
[8.440s][info][gc,heap        ] GC(149) ParOldGen: 1320192K(1368064K)->1336752K(1368064K)
[8.440s][info][gc,metaspace   ] GC(149) Metaspace: 6298K(6464K)->6298K(6464K) NonClass: 5765K(5824K)->5765K(5824K) Class: 533K(640K)->533K(640K)
[8.440s][info][gc             ] GC(149) Pause Young (Allocation Failure) 1344M->1344M(1415M) 31.624ms
[8.440s][info][gc,cpu         ] GC(149) User=0.14s Sys=0.00s Real=0.03s
[8.469s][info][gc,start       ] GC(150) Pause Young (Allocation Failure)
[8.505s][info][gc,heap        ] GC(150) PSYoungGen: 62592K(80896K)->42624K(80896K) Eden: 22528K(22528K)->0K(22528K) From: 40064K(58368K)->42624K(58368K)
[8.505s][info][gc,heap        ] GC(150) ParOldGen: 1336752K(1368064K)->1357008K(1368064K)
[8.505s][info][gc,metaspace   ] GC(150) Metaspace: 6298K(6464K)->6298K(6464K) NonClass: 5765K(5824K)->5765K(5824K) Class: 533K(640K)->533K(640K)
[8.505s][info][gc             ] GC(150) Pause Young (Allocation Failure) 1366M->1366M(1415M) 36.044ms
[8.505s][info][gc,cpu         ] GC(150) User=0.12s Sys=0.02s Real=0.04s
[8.505s][info][gc,start       ] GC(151) Pause Full (Ergonomics)
[8.505s][info][gc,phases,start] GC(151) Marking Phase
[8.833s][info][gc,phases      ] GC(151) Marking Phase 327.455ms
[8.833s][info][gc,phases,start] GC(151) Summary Phase
[8.833s][info][gc,phases      ] GC(151) Summary Phase 0.038ms
[8.833s][info][gc,phases,start] GC(151) Adjust Roots
[8.833s][info][gc,phases      ] GC(151) Adjust Roots 0.291ms
[8.833s][info][gc,phases,start] GC(151) Compaction Phase
[9.208s][info][gc,phases      ] GC(151) Compaction Phase 374.604ms
[9.208s][info][gc,phases,start] GC(151) Post Compact
[9.210s][info][gc,phases      ] GC(151) Post Compact 2.638ms
[9.211s][info][gc,heap        ] GC(151) PSYoungGen: 42624K(80896K)->30166K(80896K) Eden: 0K(22528K)->0K(22528K) From: 42624K(58368K)->30166K(58368K)
[9.211s][info][gc,heap        ] GC(151) ParOldGen: 1357008K(1368064K)->1367617K(1497088K)
[9.211s][info][gc,metaspace   ] GC(151) Metaspace: 6298K(6464K)->6298K(6464K) NonClass: 5765K(5824K)->5765K(5824K) Class: 533K(640K)->533K(640K)
[9.211s][info][gc             ] GC(151) Pause Full (Ergonomics) 1366M->1365M(1541M) 705.813ms
[9.211s][info][gc,cpu         ] GC(151) User=4.92s Sys=0.00s Real=0.71s
[9.480s][info][gc,start       ] GC(152) Pause Young (Allocation Failure)
[9.568s][info][gc,heap        ] GC(152) PSYoungGen: 52694K(80896K)->38304K(82432K) Eden: 22528K(22528K)->0K(25088K) From: 30166K(58368K)->38304K(57344K)
[9.568s][info][gc,heap        ] GC(152) ParOldGen: 1433153K(1497088K)->1447937K(1497088K)
[9.568s][info][gc,metaspace   ] GC(152) Metaspace: 6298K(6464K)->6298K(6464K) NonClass: 5765K(5824K)->5765K(5824K) Class: 533K(640K)->533K(640K)
[9.568s][info][gc             ] GC(152) Pause Young (Allocation Failure) 1451M->1451M(1542M) 88.020ms
[9.568s][info][gc,cpu         ] GC(152) User=0.45s Sys=0.00s Real=0.09s
[9.593s][info][gc,start       ] GC(153) Pause Young (Allocation Failure)
[9.635s][info][gc,heap        ] GC(153) PSYoungGen: 63392K(82432K)->58368K(83456K) Eden: 25088K(25088K)->0K(25088K) From: 38304K(57344K)->58368K(58368K)
[9.635s][info][gc,heap        ] GC(153) ParOldGen: 1447937K(1497088K)->1452945K(1497088K)
[9.635s][info][gc,metaspace   ] GC(153) Metaspace: 6298K(6464K)->6298K(6464K) NonClass: 5765K(5824K)->5765K(5824K) Class: 533K(640K)->533K(640K)
[9.635s][info][gc             ] GC(153) Pause Young (Allocation Failure) 1475M->1475M(1543M) 41.716ms
[9.635s][info][gc,cpu         ] GC(153) User=0.06s Sys=0.00s Real=0.04s
[9.658s][info][gc,start       ] GC(154) Pause Young (Allocation Failure)
[9.704s][info][gc,heap        ] GC(154) PSYoungGen: 83456K(83456K)->47392K(92672K) Eden: 25088K(25088K)->0K(26624K) From: 58368K(58368K)->47392K(66048K)
[9.704s][info][gc,heap        ] GC(154) ParOldGen: 1452945K(1497088K)->1489529K(1497088K)
[9.704s][info][gc,metaspace   ] GC(154) Metaspace: 6298K(6464K)->6298K(6464K) NonClass: 5765K(5824K)->5765K(5824K) Class: 533K(640K)->533K(640K)
[9.704s][info][gc             ] GC(154) Pause Young (Allocation Failure) 1500M->1500M(1552M) 45.970ms
[9.704s][info][gc,cpu         ] GC(154) User=0.16s Sys=0.00s Real=0.05s
[9.704s][info][gc,start       ] GC(155) Pause Full (Ergonomics)
[9.704s][info][gc,phases,start] GC(155) Marking Phase
[10.035s][info][gc,phases      ] GC(155) Marking Phase 331.242ms
[10.036s][info][gc,phases,start] GC(155) Summary Phase
[10.036s][info][gc,phases      ] GC(155) Summary Phase 0.029ms
[10.036s][info][gc,phases,start] GC(155) Adjust Roots
[10.036s][info][gc,phases      ] GC(155) Adjust Roots 0.159ms
[10.036s][info][gc,phases,start] GC(155) Compaction Phase
[10.276s][info][gc,phases      ] GC(155) Compaction Phase 239.807ms
[10.276s][info][gc,phases,start] GC(155) Post Compact
[10.279s][info][gc,phases      ] GC(155) Post Compact 3.225ms
[10.280s][info][gc,heap        ] GC(155) PSYoungGen: 47392K(92672K)->6317K(92672K) Eden: 0K(26624K)->0K(26624K) From: 47392K(66048K)->6317K(66048K)
[10.280s][info][gc,heap        ] GC(155) ParOldGen: 1489529K(1497088K)->1496835K(1644032K)
[10.280s][info][gc,metaspace   ] GC(155) Metaspace: 6298K(6464K)->6298K(6464K) NonClass: 5765K(5824K)->5765K(5824K) Class: 533K(640K)->533K(640K)
[10.280s][info][gc             ] GC(155) Pause Full (Ergonomics) 1500M->1467M(1696M) 575.457ms
[10.280s][info][gc,cpu         ] GC(155) User=3.83s Sys=0.05s Real=0.57s
[10.305s][info][gc,start       ] GC(156) Pause Young (Allocation Failure)
[10.385s][info][gc,heap        ] GC(156) PSYoungGen: 32941K(92672K)->29664K(93696K) Eden: 26624K(26624K)->0K(26624K) From: 6317K(66048K)->29664K(67072K)
[10.386s][info][gc,heap        ] GC(156) ParOldGen: 1496835K(1644032K)->1500387K(1644032K)
[10.386s][info][gc,metaspace   ] GC(156) Metaspace: 6298K(6464K)->6298K(6464K) NonClass: 5765K(5824K)->5765K(5824K) Class: 533K(640K)->533K(640K)
[10.386s][info][gc             ] GC(156) Pause Young (Allocation Failure) 1493M->1494M(1697M) 80.323ms
[10.386s][info][gc,cpu         ] GC(156) User=0.41s Sys=0.00s Real=0.08s
[10.415s][info][gc,start       ] GC(157) Pause Young (Allocation Failure)
[10.450s][info][gc,heap        ] GC(157) PSYoungGen: 56288K(93696K)->56256K(90624K) Eden: 26624K(26624K)->0K(25088K) From: 29664K(67072K)->56256K(65536K)
[10.450s][info][gc,heap        ] GC(157) ParOldGen: 1500387K(1644032K)->1500387K(1644032K)
[10.450s][info][gc,metaspace   ] GC(157) Metaspace: 6298K(6464K)->6298K(6464K) NonClass: 5765K(5824K)->5765K(5824K) Class: 533K(640K)->533K(640K)
[10.450s][info][gc             ] GC(157) Pause Young (Allocation Failure) 1520M->1520M(1694M) 34.320ms
[10.450s][info][gc,cpu         ] GC(157) User=0.06s Sys=0.00s Real=0.03s
[10.476s][info][gc,start       ] GC(158) Pause Young (Allocation Failure)
[10.517s][info][gc,heap        ] GC(158) PSYoungGen: 81344K(90624K)->69632K(94720K) Eden: 25088K(25088K)->0K(25088K) From: 56256K(65536K)->69632K(69632K)
[10.517s][info][gc,heap        ] GC(158) ParOldGen: 1500387K(1644032K)->1512147K(1644032K)
[10.517s][info][gc,metaspace   ] GC(158) Metaspace: 6298K(6464K)->6298K(6464K) NonClass: 5765K(5824K)->5765K(5824K) Class: 533K(640K)->533K(640K)
[10.517s][info][gc             ] GC(158) Pause Young (Allocation Failure) 1544M->1544M(1698M) 41.369ms
[10.517s][info][gc,cpu         ] GC(158) User=0.16s Sys=0.02s Real=0.04s
[10.544s][info][gc,start       ] GC(159) Pause Young (Allocation Failure)
[10.590s][info][gc,heap        ] GC(159) PSYoungGen: 94720K(94720K)->70432K(103424K) Eden: 25088K(25088K)->0K(21504K) From: 69632K(69632K)->70432K(81920K)
[10.590s][info][gc,heap        ] GC(159) ParOldGen: 1512147K(1644032K)->1536923K(1644032K)
[10.590s][info][gc,metaspace   ] GC(159) Metaspace: 6298K(6464K)->6298K(6464K) NonClass: 5765K(5824K)->5765K(5824K) Class: 533K(640K)->533K(640K)
[10.590s][info][gc             ] GC(159) Pause Young (Allocation Failure) 1569M->1569M(1706M) 46.819ms
[10.590s][info][gc,cpu         ] GC(159) User=0.23s Sys=0.00s Real=0.05s
[10.611s][info][gc,start       ] GC(160) Pause Young (Allocation Failure)
[10.656s][info][gc,heap        ] GC(160) PSYoungGen: 91936K(103424K)->68416K(109568K) Eden: 21504K(21504K)->0K(21504K) From: 70432K(81920K)->68416K(88064K)
[10.656s][info][gc,heap        ] GC(160) ParOldGen: 1536923K(1644032K)->1560747K(1644032K)
[10.656s][info][gc,metaspace   ] GC(160) Metaspace: 6298K(6464K)->6298K(6464K) NonClass: 5765K(5824K)->5765K(5824K) Class: 533K(640K)->533K(640K)
[10.656s][info][gc             ] GC(160) Pause Young (Allocation Failure) 1590M->1590M(1712M) 45.226ms
[10.657s][info][gc,cpu         ] GC(160) User=0.23s Sys=0.02s Real=0.05s
[10.678s][info][gc,start       ] GC(161) Pause Young (Allocation Failure)
[10.723s][info][gc,heap        ] GC(161) PSYoungGen: 89920K(109568K)->68320K(114176K) Eden: 21504K(21504K)->0K(22016K) From: 68416K(88064K)->68320K(92160K)
[10.723s][info][gc,heap        ] GC(161) ParOldGen: 1560747K(1644032K)->1582659K(1644032K)
[10.723s][info][gc,metaspace   ] GC(161) Metaspace: 6298K(6464K)->6298K(6464K) NonClass: 5765K(5824K)->5765K(5824K) Class: 533K(640K)->533K(640K)
[10.723s][info][gc             ] GC(161) Pause Young (Allocation Failure) 1611M->1612M(1717M) 44.667ms
[10.723s][info][gc,cpu         ] GC(161) User=0.27s Sys=0.00s Real=0.04s
[10.746s][info][gc,start       ] GC(162) Pause Young (Allocation Failure)
[10.792s][info][gc,heap        ] GC(162) PSYoungGen: 90336K(114176K)->43712K(116736K) Eden: 22016K(22016K)->0K(22016K) From: 68320K(92160K)->43712K(94720K)
[10.792s][info][gc,heap        ] GC(162) ParOldGen: 1582659K(1644032K)->1629843K(1644032K)
[10.792s][info][gc,metaspace   ] GC(162) Metaspace: 6298K(6464K)->6298K(6464K) NonClass: 5765K(5824K)->5765K(5824K) Class: 533K(640K)->533K(640K)
[10.792s][info][gc             ] GC(162) Pause Young (Allocation Failure) 1633M->1634M(1719M) 45.722ms
[10.792s][info][gc,cpu         ] GC(162) User=0.20s Sys=0.06s Real=0.05s
[10.792s][info][gc,start       ] GC(163) Pause Full (Ergonomics)
[10.792s][info][gc,phases,start] GC(163) Marking Phase
[11.165s][info][gc,phases      ] GC(163) Marking Phase 373.075ms
[11.165s][info][gc,phases,start] GC(163) Summary Phase
[11.165s][info][gc,phases      ] GC(163) Summary Phase 0.029ms
[11.165s][info][gc,phases,start] GC(163) Adjust Roots
[11.166s][info][gc,phases      ] GC(163) Adjust Roots 0.160ms
[11.166s][info][gc,phases,start] GC(163) Compaction Phase
[11.340s][info][gc,phases      ] GC(163) Compaction Phase 174.041ms
[11.340s][info][gc,phases,start] GC(163) Post Compact
[11.343s][info][gc,phases      ] GC(163) Post Compact 2.920ms
[11.343s][info][gc,heap        ] GC(163) PSYoungGen: 43712K(116736K)->27616K(116736K) Eden: 0K(22016K)->0K(22016K) From: 43712K(94720K)->27616K(94720K)
[11.343s][info][gc,heap        ] GC(163) ParOldGen: 1629843K(1644032K)->1643766K(1814528K)
[11.343s][info][gc,metaspace   ] GC(163) Metaspace: 6298K(6464K)->6298K(6464K) NonClass: 5765K(5824K)->5765K(5824K) Class: 533K(640K)->533K(640K)
[11.343s][info][gc             ] GC(163) Pause Full (Ergonomics) 1634M->1632M(1886M) 551.097ms
[11.343s][info][gc,cpu         ] GC(163) User=3.88s Sys=0.02s Real=0.55s
[11.369s][info][gc,start       ] GC(164) Pause Young (Allocation Failure)
[11.458s][info][gc,heap        ] GC(164) PSYoungGen: 49632K(116736K)->22208K(116224K) Eden: 22016K(22016K)->0K(24576K) From: 27616K(94720K)->22208K(91648K)
[11.458s][info][gc,heap        ] GC(164) ParOldGen: 1643766K(1814528K)->1671742K(1814528K)
[11.458s][info][gc,metaspace   ] GC(164) Metaspace: 6298K(6464K)->6298K(6464K) NonClass: 5765K(5824K)->5765K(5824K) Class: 533K(640K)->533K(640K)
[11.458s][info][gc             ] GC(164) Pause Young (Allocation Failure) 1653M->1654M(1885M) 88.583ms
[11.458s][info][gc,cpu         ] GC(164) User=0.62s Sys=0.00s Real=0.09s
[11.482s][info][gc,start       ] GC(165) Pause Young (Allocation Failure)
[11.514s][info][gc,heap        ] GC(165) PSYoungGen: 46784K(116224K)->24768K(116736K) Eden: 24576K(24576K)->0K(24576K) From: 22208K(91648K)->24768K(92160K)
[11.514s][info][gc,heap        ] GC(165) ParOldGen: 1671742K(1814528K)->1694046K(1814528K)
[11.514s][info][gc,metaspace   ] GC(165) Metaspace: 6298K(6464K)->6298K(6464K) NonClass: 5765K(5824K)->5765K(5824K) Class: 533K(640K)->533K(640K)
[11.514s][info][gc             ] GC(165) Pause Young (Allocation Failure) 1678M->1678M(1886M) 31.611ms
[11.514s][info][gc,cpu         ] GC(165) User=0.05s Sys=0.00s Real=0.03s
[11.542s][info][gc,start       ] GC(166) Pause Young (Allocation Failure)
[11.574s][info][gc,heap        ] GC(166) PSYoungGen: 49344K(116736K)->24736K(117248K) Eden: 24576K(24576K)->0K(27648K) From: 24768K(92160K)->24736K(89600K)
[11.574s][info][gc,heap        ] GC(166) ParOldGen: 1694046K(1814528K)->1718966K(1814528K)
[11.574s][info][gc,metaspace   ] GC(166) Metaspace: 6298K(6464K)->6298K(6464K) NonClass: 5765K(5824K)->5765K(5824K) Class: 533K(640K)->533K(640K)
[11.574s][info][gc             ] GC(166) Pause Young (Allocation Failure) 1702M->1702M(1886M) 32.650ms
[11.574s][info][gc,cpu         ] GC(166) User=0.08s Sys=0.00s Real=0.03s
[11.605s][info][gc,start       ] GC(167) Pause Young (Allocation Failure)
[11.639s][info][gc,heap        ] GC(167) PSYoungGen: 52384K(117248K)->27776K(118272K) Eden: 27648K(27648K)->0K(27648K) From: 24736K(89600K)->27776K(90624K)
[11.639s][info][gc,heap        ] GC(167) ParOldGen: 1718966K(1814528K)->1743886K(1814528K)
[11.639s][info][gc,metaspace   ] GC(167) Metaspace: 6298K(6464K)->6298K(6464K) NonClass: 5765K(5824K)->5765K(5824K) Class: 533K(640K)->533K(640K)
[11.639s][info][gc             ] GC(167) Pause Young (Allocation Failure) 1729M->1730M(1887M) 34.862ms
[11.639s][info][gc,cpu         ] GC(167) User=0.08s Sys=0.02s Real=0.04s
[11.668s][info][gc,start       ] GC(168) Pause Young (Allocation Failure)
[11.704s][info][gc,heap        ] GC(168) PSYoungGen: 55424K(118272K)->27840K(114176K) Eden: 27648K(27648K)->0K(30720K) From: 27776K(90624K)->27840K(83456K)
[11.704s][info][gc,heap        ] GC(168) ParOldGen: 1743886K(1814528K)->1771934K(1814528K)
[11.704s][info][gc,metaspace   ] GC(168) Metaspace: 6298K(6464K)->6298K(6464K) NonClass: 5765K(5824K)->5765K(5824K) Class: 533K(640K)->533K(640K)
[11.704s][info][gc             ] GC(168) Pause Young (Allocation Failure) 1757M->1757M(1883M) 35.608ms
[11.704s][info][gc,cpu         ] GC(168) User=0.14s Sys=0.00s Real=0.04s
[11.704s][info][gc,start       ] GC(169) Pause Full (Ergonomics)
[11.704s][info][gc,phases,start] GC(169) Marking Phase
[12.116s][info][gc,phases      ] GC(169) Marking Phase 412.157ms
[12.116s][info][gc,phases,start] GC(169) Summary Phase
[12.116s][info][gc,phases      ] GC(169) Summary Phase 0.049ms
[12.116s][info][gc,phases,start] GC(169) Adjust Roots
[12.116s][info][gc,phases      ] GC(169) Adjust Roots 0.159ms
[12.116s][info][gc,phases,start] GC(169) Compaction Phase
[12.281s][info][gc,phases      ] GC(169) Compaction Phase 164.675ms
[12.281s][info][gc,phases,start] GC(169) Post Compact
[12.284s][info][gc,phases      ] GC(169) Post Compact 3.171ms
[12.285s][info][gc,heap        ] GC(169) PSYoungGen: 27840K(114176K)->0K(116736K) Eden: 0K(30720K)->0K(30720K) From: 27840K(83456K)->0K(86016K)
[12.285s][info][gc,heap        ] GC(169) ParOldGen: 1771934K(1814528K)->1797695K(1980928K)
[12.285s][info][gc,metaspace   ] GC(169) Metaspace: 6298K(6464K)->6298K(6464K) NonClass: 5765K(5824K)->5765K(5824K) Class: 533K(640K)->533K(640K)
[12.285s][info][gc             ] GC(169) Pause Full (Ergonomics) 1757M->1755M(2048M) 581.124ms
[12.285s][info][gc,cpu         ] GC(169) User=4.02s Sys=0.00s Real=0.58s
[12.322s][info][gc,start       ] GC(170) Pause Young (Allocation Failure)
[12.346s][info][gc,heap        ] GC(170) PSYoungGen: 30720K(116736K)->30848K(113152K) Eden: 30720K(30720K)->0K(33792K) From: 0K(86016K)->30848K(79360K)
[12.346s][info][gc,heap        ] GC(170) ParOldGen: 1797695K(1980928K)->1797695K(1980928K)
[12.346s][info][gc,metaspace   ] GC(170) Metaspace: 6298K(6464K)->6298K(6464K) NonClass: 5765K(5824K)->5765K(5824K) Class: 533K(640K)->533K(640K)
[12.346s][info][gc             ] GC(170) Pause Young (Allocation Failure) 1785M->1785M(2045M) 24.248ms
[12.346s][info][gc,cpu         ] GC(170) User=0.03s Sys=0.00s Real=0.02s
[12.384s][info][gc,start       ] GC(171) Pause Young (Allocation Failure)
[12.421s][info][gc,heap        ] GC(171) PSYoungGen: 64640K(113152K)->64736K(116736K) Eden: 33792K(33792K)->0K(33792K) From: 30848K(79360K)->64736K(82944K)
[12.421s][info][gc,heap        ] GC(171) ParOldGen: 1797695K(1980928K)->1797695K(1980928K)
[12.421s][info][gc,metaspace   ] GC(171) Metaspace: 6298K(6464K)->6298K(6464K) NonClass: 5765K(5824K)->5765K(5824K) Class: 533K(640K)->533K(640K)
[12.421s][info][gc             ] GC(171) Pause Young (Allocation Failure) 1818M->1818M(2048M) 36.494ms
[12.421s][info][gc,cpu         ] GC(171) User=0.14s Sys=0.00s Real=0.04s
[12.458s][info][gc,start       ] GC(172) Pause Young (Allocation Failure)
[12.507s][info][gc,heap        ] GC(172) PSYoungGen: 98528K(116736K)->88064K(109056K) Eden: 33792K(33792K)->0K(20992K) From: 64736K(82944K)->88064K(88064K)
[12.507s][info][gc,heap        ] GC(172) ParOldGen: 1797695K(1980928K)->1808183K(1980928K)
[12.507s][info][gc,metaspace   ] GC(172) Metaspace: 6298K(6464K)->6298K(6464K) NonClass: 5765K(5824K)->5765K(5824K) Class: 533K(640K)->533K(640K)
[12.507s][info][gc             ] GC(172) Pause Young (Allocation Failure) 1851M->1851M(2041M) 48.620ms
[12.507s][info][gc,cpu         ] GC(172) User=0.22s Sys=0.06s Real=0.05s
[12.531s][info][gc,start       ] GC(173) Pause Young (Allocation Failure)
[12.584s][info][gc,heap        ] GC(173) PSYoungGen: 109056K(109056K)->50368K(71680K) Eden: 20992K(20992K)->0K(20992K) From: 88064K(88064K)->50368K(50688K)
[12.584s][info][gc,heap        ] GC(173) ParOldGen: 1808183K(1980928K)->1867711K(1980928K)
[12.584s][info][gc,metaspace   ] GC(173) Metaspace: 6298K(6464K)->6298K(6464K) NonClass: 5765K(5824K)->5765K(5824K) Class: 533K(640K)->533K(640K)
[12.584s][info][gc             ] GC(173) Pause Young (Allocation Failure) 1872M->1873M(2004M) 52.882ms
[12.584s][info][gc,cpu         ] GC(173) User=0.47s Sys=0.03s Real=0.05s
[12.607s][info][gc,start       ] GC(174) Pause Young (Allocation Failure)
[12.647s][info][gc,heap        ] GC(174) PSYoungGen: 71360K(71680K)->42176K(115200K) Eden: 20992K(20992K)->0K(23552K) From: 50368K(50688K)->42176K(91648K)
[12.647s][info][gc,heap        ] GC(174) ParOldGen: 1867711K(1980928K)->1897327K(1980928K)
[12.647s][info][gc,metaspace   ] GC(174) Metaspace: 6298K(6464K)->6298K(6464K) NonClass: 5765K(5824K)->5765K(5824K) Class: 533K(640K)->533K(640K)
[12.647s][info][gc             ] GC(174) Pause Young (Allocation Failure) 1893M->1894M(2047M) 39.975ms
[12.647s][info][gc,cpu         ] GC(174) User=0.17s Sys=0.00s Real=0.04s
[12.674s][info][gc,start       ] GC(175) Pause Young (Allocation Failure)
[12.711s][info][gc,heap        ] GC(175) PSYoungGen: 65728K(115200K)->44704K(68608K) Eden: 23552K(23552K)->0K(23552K) From: 42176K(91648K)->44704K(45056K)
[12.711s][info][gc,heap        ] GC(175) ParOldGen: 1897327K(1980928K)->1918607K(1980928K)
[12.711s][info][gc,metaspace   ] GC(175) Metaspace: 6298K(6464K)->6298K(6464K) NonClass: 5765K(5824K)->5765K(5824K) Class: 533K(640K)->533K(640K)
[12.711s][info][gc             ] GC(175) Pause Young (Allocation Failure) 1917M->1917M(2001M) 37.226ms
[12.711s][info][gc,cpu         ] GC(175) User=0.14s Sys=0.00s Real=0.04s
[12.739s][info][gc,start       ] GC(176) Pause Young (Allocation Failure)
[12.778s][info][gc,heap        ] GC(176) PSYoungGen: 68256K(68608K)->47232K(109568K) Eden: 23552K(23552K)->0K(26624K) From: 44704K(45056K)->47232K(82944K)
[12.778s][info][gc,heap        ] GC(176) ParOldGen: 1918607K(1980928K)->1939895K(1980928K)
[12.778s][info][gc,metaspace   ] GC(176) Metaspace: 6298K(6464K)->6298K(6464K) NonClass: 5765K(5824K)->5765K(5824K) Class: 533K(640K)->533K(640K)
[12.778s][info][gc             ] GC(176) Pause Young (Allocation Failure) 1940M->1940M(2041M) 39.521ms
[12.778s][info][gc,cpu         ] GC(176) User=0.16s Sys=0.00s Real=0.04s
[12.778s][info][gc,start       ] GC(177) Pause Full (Ergonomics)
[12.778s][info][gc,phases,start] GC(177) Marking Phase
[13.213s][info][gc,phases      ] GC(177) Marking Phase 434.767ms
[13.213s][info][gc,phases,start] GC(177) Summary Phase
[13.213s][info][gc,phases      ] GC(177) Summary Phase 0.043ms
[13.213s][info][gc,phases,start] GC(177) Adjust Roots
[13.213s][info][gc,phases      ] GC(177) Adjust Roots 0.191ms
[13.213s][info][gc,phases,start] GC(177) Compaction Phase
[13.421s][info][gc,phases      ] GC(177) Compaction Phase 207.106ms
[13.421s][info][gc,phases,start] GC(177) Post Compact
[13.424s][info][gc,phases      ] GC(177) Post Compact 3.871ms
[13.425s][info][gc,heap        ] GC(177) PSYoungGen: 47232K(109568K)->4131K(113152K) Eden: 0K(26624K)->0K(30208K) From: 47232K(82944K)->4131K(82944K)
[13.425s][info][gc,heap        ] GC(177) ParOldGen: 1939895K(1980928K)->1980735K(2182656K)
[13.425s][info][gc,metaspace   ] GC(177) Metaspace: 6298K(6464K)->6298K(6464K) NonClass: 5765K(5824K)->5765K(5824K) Class: 533K(640K)->533K(640K)
[13.425s][info][gc             ] GC(177) Pause Full (Ergonomics) 1940M->1938M(2242M) 647.161ms
[13.425s][info][gc,cpu         ] GC(177) User=4.62s Sys=0.02s Real=0.65s
[13.464s][info][gc,start       ] GC(178) Pause Young (Allocation Failure)
[13.562s][info][gc,heap        ] GC(178) PSYoungGen: 34339K(113152K)->33216K(117248K) Eden: 30208K(30208K)->0K(30208K) From: 4131K(82944K)->33216K(87040K)
[13.562s][info][gc,heap        ] GC(178) ParOldGen: 1980735K(2182656K)->1982031K(2182656K)
[13.562s][info][gc,metaspace   ] GC(178) Metaspace: 6298K(6464K)->6298K(6464K) NonClass: 5765K(5824K)->5765K(5824K) Class: 533K(640K)->533K(640K)
[13.562s][info][gc             ] GC(178) Pause Young (Allocation Failure) 1967M->1968M(2246M) 98.624ms
[13.562s][info][gc,cpu         ] GC(178) User=0.64s Sys=0.00s Real=0.10s
[13.599s][info][gc,start       ] GC(179) Pause Young (Allocation Failure)
[13.637s][info][gc,heap        ] GC(179) PSYoungGen: 63424K(117248K)->63488K(116224K) Eden: 30208K(30208K)->0K(30720K) From: 33216K(87040K)->63488K(85504K)
[13.637s][info][gc,heap        ] GC(179) ParOldGen: 1982031K(2182656K)->1982031K(2182656K)
[13.637s][info][gc,metaspace   ] GC(179) Metaspace: 6298K(6464K)->6298K(6464K) NonClass: 5765K(5824K)->5765K(5824K) Class: 533K(640K)->533K(640K)
[13.637s][info][gc             ] GC(179) Pause Young (Allocation Failure) 1997M->1997M(2245M) 38.031ms
[13.637s][info][gc,cpu         ] GC(179) User=0.16s Sys=0.00s Real=0.04s
[13.669s][info][gc,start       ] GC(180) Pause Young (Allocation Failure)
[13.720s][info][gc,heap        ] GC(180) PSYoungGen: 94208K(116224K)->88064K(118784K) Eden: 30720K(30720K)->0K(30720K) From: 63488K(85504K)->88064K(88064K)
[13.720s][info][gc,heap        ] GC(180) ParOldGen: 1982031K(2182656K)->1988215K(2182656K)
[13.720s][info][gc,metaspace   ] GC(180) Metaspace: 6298K(6464K)->6298K(6464K) NonClass: 5765K(5824K)->5765K(5824K) Class: 533K(640K)->533K(640K)
[13.720s][info][gc             ] GC(180) Pause Young (Allocation Failure) 2027M->2027M(2247M) 50.677ms
[13.720s][info][gc,cpu         ] GC(180) User=0.28s Sys=0.00s Real=0.05s
[13.752s][info][gc,start       ] GC(181) Pause Young (Allocation Failure)
[13.812s][info][gc,heap        ] GC(181) PSYoungGen: 118784K(118784K)->88736K(126976K) Eden: 30720K(30720K)->0K(25600K) From: 88064K(88064K)->88736K(101376K)
[13.812s][info][gc,heap        ] GC(181) ParOldGen: 1988215K(2182656K)->2018791K(2182656K)
[13.812s][info][gc,metaspace   ] GC(181) Metaspace: 6298K(6464K)->6298K(6464K) NonClass: 5765K(5824K)->5765K(5824K) Class: 533K(640K)->533K(640K)
[13.812s][info][gc             ] GC(181) Pause Young (Allocation Failure) 2057M->2058M(2255M) 59.965ms
[13.812s][info][gc,cpu         ] GC(181) User=0.33s Sys=0.05s Real=0.06s
[13.838s][info][gc,start       ] GC(182) Pause Young (Allocation Failure)
[13.895s][info][gc,heap        ] GC(182) PSYoungGen: 114336K(126976K)->85952K(135680K) Eden: 25600K(25600K)->0K(25600K) From: 88736K(101376K)->85952K(110080K)
[13.896s][info][gc,heap        ] GC(182) ParOldGen: 2018791K(2182656K)->2047599K(2182656K)
[13.896s][info][gc,metaspace   ] GC(182) Metaspace: 6298K(6464K)->6298K(6464K) NonClass: 5765K(5824K)->5765K(5824K) Class: 533K(640K)->533K(640K)
[13.896s][info][gc             ] GC(182) Pause Young (Allocation Failure) 2083M->2083M(2264M) 57.238ms
[13.896s][info][gc,cpu         ] GC(182) User=0.39s Sys=0.00s Real=0.06s
[13.922s][info][gc,start       ] GC(183) Pause Young (Allocation Failure)
[13.977s][info][gc,heap        ] GC(183) PSYoungGen: 111552K(135680K)->82176K(141312K) Eden: 25600K(25600K)->0K(25600K) From: 85952K(110080K)->82176K(115712K)
[13.978s][info][gc,heap        ] GC(183) ParOldGen: 2047599K(2182656K)->2077391K(2182656K)
[13.978s][info][gc,metaspace   ] GC(183) Metaspace: 6298K(6464K)->6298K(6464K) NonClass: 5765K(5824K)->5765K(5824K) Class: 533K(640K)->533K(640K)
[13.978s][info][gc             ] GC(183) Pause Young (Allocation Failure) 2108M->2108M(2269M) 55.190ms
[13.978s][info][gc,cpu         ] GC(183) User=0.38s Sys=0.00s Real=0.06s
[14.007s][info][gc,start       ] GC(184) Pause Young (Allocation Failure)
[14.061s][info][gc,heap        ] GC(184) PSYoungGen: 107776K(141312K)->76992K(144384K) Eden: 25600K(25600K)->0K(25600K) From: 82176K(115712K)->76992K(118784K)
[14.061s][info][gc,heap        ] GC(184) ParOldGen: 2077391K(2182656K)->2108527K(2182656K)
[14.061s][info][gc,metaspace   ] GC(184) Metaspace: 6298K(6464K)->6298K(6464K) NonClass: 5765K(5824K)->5765K(5824K) Class: 533K(640K)->533K(640K)
[14.061s][info][gc             ] GC(184) Pause Young (Allocation Failure) 2133M->2134M(2272M) 54.556ms
[14.061s][info][gc,cpu         ] GC(184) User=0.31s Sys=0.06s Real=0.05s
[14.091s][info][gc,start       ] GC(185) Pause Young (Allocation Failure)
[14.144s][info][gc,heap        ] GC(185) PSYoungGen: 102592K(144384K)->76992K(147968K) Eden: 25600K(25600K)->0K(29184K) From: 76992K(118784K)->76992K(118784K)
[14.144s][info][gc,heap        ] GC(185) ParOldGen: 2108527K(2182656K)->2134471K(2182656K)
[14.144s][info][gc,metaspace   ] GC(185) Metaspace: 6298K(6464K)->6298K(6464K) NonClass: 5765K(5824K)->5765K(5824K) Class: 533K(640K)->533K(640K)
[14.144s][info][gc             ] GC(185) Pause Young (Allocation Failure) 2159M->2159M(2276M) 52.880ms
[14.144s][info][gc,cpu         ] GC(185) User=0.39s Sys=0.00s Real=0.05s
[14.144s][info][gc,start       ] GC(186) Pause Full (Ergonomics)
[14.144s][info][gc,phases,start] GC(186) Marking Phase
[14.627s][info][gc,phases      ] GC(186) Marking Phase 482.503ms
[14.627s][info][gc,phases,start] GC(186) Summary Phase
[14.627s][info][gc,phases      ] GC(186) Summary Phase 0.041ms
[14.627s][info][gc,phases,start] GC(186) Adjust Roots
[14.627s][info][gc,phases      ] GC(186) Adjust Roots 0.232ms
[14.627s][info][gc,phases,start] GC(186) Compaction Phase
[14.851s][info][gc,phases      ] GC(186) Compaction Phase 223.789ms
[14.851s][info][gc,phases,start] GC(186) Post Compact
[14.855s][info][gc,phases      ] GC(186) Post Compact 4.029ms
[14.856s][info][gc,heap        ] GC(186) PSYoungGen: 76992K(147968K)->26639K(147968K) Eden: 0K(29184K)->0K(29184K) From: 76992K(118784K)->26639K(118784K)
[14.856s][info][gc,heap        ] GC(186) ParOldGen: 2134471K(2182656K)->2182239K(2403840K)
[14.856s][info][gc,metaspace   ] GC(186) Metaspace: 6298K(6464K)->6298K(6464K) NonClass: 5765K(5824K)->5765K(5824K) Class: 533K(640K)->533K(640K)
[14.856s][info][gc             ] GC(186) Pause Full (Ergonomics) 2159M->2157M(2492M) 711.748ms
[14.856s][info][gc,cpu         ] GC(186) User=5.09s Sys=0.02s Real=0.71s
[14.896s][info][gc,start       ] GC(187) Pause Young (Allocation Failure)
[15.016s][info][gc,heap        ] GC(187) PSYoungGen: 55823K(147968K)->35808K(147968K) Eden: 29184K(29184K)->0K(29184K) From: 26639K(118784K)->35808K(118784K)
[15.016s][info][gc,heap        ] GC(187) ParOldGen: 2182239K(2403840K)->2202695K(2403840K)
[15.016s][info][gc,metaspace   ] GC(187) Metaspace: 6298K(6464K)->6298K(6464K) NonClass: 5765K(5824K)->5765K(5824K) Class: 533K(640K)->533K(640K)
[15.016s][info][gc             ] GC(187) Pause Young (Allocation Failure) 2185M->2186M(2492M) 119.641ms
[15.016s][info][gc,cpu         ] GC(187) User=0.75s Sys=0.00s Real=0.12s
[15.052s][info][gc,start       ] GC(188) Pause Young (Allocation Failure)
[15.093s][info][gc,heap        ] GC(188) PSYoungGen: 64992K(147968K)->58528K(140800K) Eden: 29184K(29184K)->0K(32768K) From: 35808K(118784K)->58528K(108032K)
[15.093s][info][gc,heap        ] GC(188) ParOldGen: 2202695K(2403840K)->2209271K(2403840K)
[15.093s][info][gc,metaspace   ] GC(188) Metaspace: 6298K(6464K)->6298K(6464K) NonClass: 5765K(5824K)->5765K(5824K) Class: 533K(640K)->533K(640K)
[15.093s][info][gc             ] GC(188) Pause Young (Allocation Failure) 2214M->2214M(2485M) 40.446ms
[15.093s][info][gc,cpu         ] GC(188) User=0.14s Sys=0.00s Real=0.04s
[15.131s][info][gc,start       ] GC(189) Pause Young (Allocation Failure)
[15.181s][info][gc,heap        ] GC(189) PSYoungGen: 91296K(140800K)->62144K(95232K) Eden: 32768K(32768K)->0K(32768K) From: 58528K(108032K)->62144K(62464K)
[15.181s][info][gc,heap        ] GC(189) ParOldGen: 2209271K(2403840K)->2238871K(2403840K)
[15.181s][info][gc,metaspace   ] GC(189) Metaspace: 6298K(6464K)->6298K(6464K) NonClass: 5765K(5824K)->5765K(5824K) Class: 533K(640K)->533K(640K)
[15.181s][info][gc             ] GC(189) Pause Young (Allocation Failure) 2246M->2247M(2440M) 49.746ms
[15.181s][info][gc,cpu         ] GC(189) User=0.22s Sys=0.02s Real=0.05s
[15.219s][info][gc,start       ] GC(190) Pause Young (Allocation Failure)
[15.270s][info][gc,heap        ] GC(190) PSYoungGen: 94912K(95232K)->65760K(138240K) Eden: 32768K(32768K)->0K(36352K) From: 62144K(62464K)->65760K(101888K)
[15.270s][info][gc,heap        ] GC(190) ParOldGen: 2238871K(2403840K)->2268383K(2403840K)
[15.270s][info][gc,metaspace   ] GC(190) Metaspace: 6298K(6464K)->6298K(6464K) NonClass: 5765K(5824K)->5765K(5824K) Class: 533K(640K)->533K(640K)
[15.270s][info][gc             ] GC(190) Pause Young (Allocation Failure) 2279M->2279M(2482M) 51.073ms
[15.270s][info][gc,cpu         ] GC(190) User=0.39s Sys=0.00s Real=0.05s
[15.313s][info][gc,start       ] GC(191) Pause Young (Allocation Failure)
[15.367s][info][gc,heap        ] GC(191) PSYoungGen: 102112K(138240K)->69312K(141312K) Eden: 36352K(36352K)->0K(36352K) From: 65760K(101888K)->69312K(104960K)
[15.367s][info][gc,heap        ] GC(191) ParOldGen: 2268383K(2403840K)->2301447K(2403840K)
[15.367s][info][gc,metaspace   ] GC(191) Metaspace: 6298K(6464K)->6298K(6464K) NonClass: 5765K(5824K)->5765K(5824K) Class: 533K(640K)->533K(640K)
[15.367s][info][gc             ] GC(191) Pause Young (Allocation Failure) 2314M->2315M(2485M) 54.142ms
[15.367s][info][gc,cpu         ] GC(191) User=0.42s Sys=0.02s Real=0.05s
[15.409s][info][gc,start       ] GC(192) Pause Young (Allocation Failure)
[15.465s][info][gc,heap        ] GC(192) PSYoungGen: 105664K(141312K)->72864K(144384K) Eden: 36352K(36352K)->0K(40960K) From: 69312K(104960K)->72864K(103424K)
[15.465s][info][gc,heap        ] GC(192) ParOldGen: 2301447K(2403840K)->2334511K(2403840K)
[15.465s][info][gc,metaspace   ] GC(192) Metaspace: 6298K(6464K)->6298K(6464K) NonClass: 5765K(5824K)->5765K(5824K) Class: 533K(640K)->533K(640K)
[15.465s][info][gc             ] GC(192) Pause Young (Allocation Failure) 2350M->2350M(2488M) 55.866ms
[15.465s][info][gc,cpu         ] GC(192) User=0.36s Sys=0.02s Real=0.06s
[15.516s][info][gc,start       ] GC(193) Pause Young (Allocation Failure)
[15.577s][info][gc,heap        ] GC(193) PSYoungGen: 113824K(144384K)->77536K(144384K) Eden: 40960K(40960K)->0K(40960K) From: 72864K(103424K)->77536K(103424K)
[15.577s][info][gc,heap        ] GC(193) ParOldGen: 2334511K(2403840K)->2371215K(2403840K)
[15.577s][info][gc,metaspace   ] GC(193) Metaspace: 6298K(6464K)->6298K(6464K) NonClass: 5765K(5824K)->5765K(5824K) Class: 533K(640K)->533K(640K)
[15.577s][info][gc             ] GC(193) Pause Young (Allocation Failure) 2390M->2391M(2488M) 61.150ms
[15.577s][info][gc,cpu         ] GC(193) User=0.38s Sys=0.00s Real=0.06s
[15.578s][info][gc,start       ] GC(194) Pause Full (Ergonomics)
[15.578s][info][gc,phases,start] GC(194) Marking Phase
[16.121s][info][gc,phases      ] GC(194) Marking Phase 543.797ms
[16.121s][info][gc,phases,start] GC(194) Summary Phase
[16.121s][info][gc,phases      ] GC(194) Summary Phase 0.054ms
[16.121s][info][gc,phases,start] GC(194) Adjust Roots
[16.122s][info][gc,phases      ] GC(194) Adjust Roots 0.252ms
[16.122s][info][gc,phases,start] GC(194) Compaction Phase
[16.335s][info][gc,phases      ] GC(194) Compaction Phase 213.380ms
[16.335s][info][gc,phases,start] GC(194) Post Compact
[16.340s][info][gc,phases      ] GC(194) Post Compact 4.590ms
[16.341s][info][gc,heap        ] GC(194) PSYoungGen: 77536K(144384K)->42497K(144384K) Eden: 0K(40960K)->0K(40960K) From: 77536K(103424K)->42497K(103424K)
[16.341s][info][gc,heap        ] GC(194) ParOldGen: 2371215K(2403840K)->2403724K(2594304K)
[16.341s][info][gc,metaspace   ] GC(194) Metaspace: 6298K(6464K)->6298K(6464K) NonClass: 5765K(5824K)->5765K(5824K) Class: 533K(640K)->533K(640K)
[16.341s][info][gc             ] GC(194) Pause Full (Ergonomics) 2391M->2388M(2674M) 763.108ms
[16.341s][info][gc,cpu         ] GC(194) User=5.72s Sys=0.02s Real=0.76s
[16.396s][info][gc,start       ] GC(195) Pause Young (Allocation Failure)
[16.543s][info][gc,heap        ] GC(195) PSYoungGen: 83457K(144384K)->63232K(141824K) Eden: 40960K(40960K)->0K(45056K) From: 42497K(103424K)->63232K(96768K)
[16.543s][info][gc,heap        ] GC(195) ParOldGen: 2403724K(2594304K)->2424388K(2594304K)
[16.543s][info][gc,metaspace   ] GC(195) Metaspace: 6298K(6464K)->6298K(6464K) NonClass: 5765K(5824K)->5765K(5824K) Class: 533K(640K)->533K(640K)
[16.543s][info][gc             ] GC(195) Pause Young (Allocation Failure) 2428M->2429M(2672M) 146.482ms
[16.543s][info][gc,cpu         ] GC(195) User=0.89s Sys=0.02s Real=0.15s
[16.598s][info][gc,start       ] GC(196) Pause Young (Allocation Failure)
[16.658s][info][gc,heap        ] GC(196) PSYoungGen: 108288K(141824K)->100864K(145920K) Eden: 45056K(45056K)->0K(45056K) From: 63232K(96768K)->100864K(100864K)
[16.658s][info][gc,heap        ] GC(196) ParOldGen: 2424388K(2594304K)->2431844K(2594304K)
[16.658s][info][gc,metaspace   ] GC(196) Metaspace: 6298K(6464K)->6298K(6464K) NonClass: 5765K(5824K)->5765K(5824K) Class: 533K(640K)->533K(640K)
[16.658s][info][gc             ] GC(196) Pause Young (Allocation Failure) 2473M->2473M(2676M) 59.314ms
[16.658s][info][gc,cpu         ] GC(196) User=0.38s Sys=0.00s Real=0.06s
[16.712s][info][gc,start       ] GC(197) Pause Young (Allocation Failure)
[16.793s][info][gc,heap        ] GC(197) PSYoungGen: 145920K(145920K)->87936K(160768K) Eden: 45056K(45056K)->0K(47104K) From: 100864K(100864K)->87936K(113664K)
[16.793s][info][gc,heap        ] GC(197) ParOldGen: 2431844K(2594304K)->2490468K(2594304K)
[16.794s][info][gc,metaspace   ] GC(197) Metaspace: 6298K(6464K)->6298K(6464K) NonClass: 5765K(5824K)->5765K(5824K) Class: 533K(640K)->533K(640K)
[16.794s][info][gc             ] GC(197) Pause Young (Allocation Failure) 2517M->2517M(2690M) 81.867ms
[16.794s][info][gc,cpu         ] GC(197) User=0.47s Sys=0.06s Real=0.08s
[16.853s][info][gc,start       ] GC(198) Pause Young (Allocation Failure)
[16.926s][info][gc,heap        ] GC(198) PSYoungGen: 135040K(160768K)->92416K(163328K) Eden: 47104K(47104K)->0K(47104K) From: 87936K(113664K)->92416K(116224K)
[16.926s][info][gc,heap        ] GC(198) ParOldGen: 2490468K(2594304K)->2533468K(2594304K)
[16.926s][info][gc,metaspace   ] GC(198) Metaspace: 6298K(6464K)->6298K(6464K) NonClass: 5765K(5824K)->5765K(5824K) Class: 533K(640K)->533K(640K)
[16.926s][info][gc             ] GC(198) Pause Young (Allocation Failure) 2563M->2564M(2693M) 73.536ms
[16.926s][info][gc,cpu         ] GC(198) User=0.50s Sys=0.00s Real=0.07s
[16.926s][info][gc,start       ] GC(199) Pause Full (Ergonomics)
[16.926s][info][gc,phases,start] GC(199) Marking Phase
[17.519s][info][gc,phases      ] GC(199) Marking Phase 592.553ms
[17.519s][info][gc,phases,start] GC(199) Summary Phase
[17.519s][info][gc,phases      ] GC(199) Summary Phase 0.043ms
[17.519s][info][gc,phases,start] GC(199) Adjust Roots
[17.519s][info][gc,phases      ] GC(199) Adjust Roots 0.189ms
[17.519s][info][gc,phases,start] GC(199) Compaction Phase
[17.735s][info][gc,phases      ] GC(199) Compaction Phase 215.430ms
[17.735s][info][gc,phases,start] GC(199) Post Compact
[17.740s][info][gc,phases      ] GC(199) Post Compact 5.017ms
[17.740s][info][gc,heap        ] GC(199) PSYoungGen: 92416K(163328K)->30260K(163328K) Eden: 0K(47104K)->0K(47104K) From: 92416K(116224K)->30260K(116224K)
[17.740s][info][gc,heap        ] GC(199) ParOldGen: 2533468K(2594304K)->2594008K(2594304K)
[17.740s][info][gc,metaspace   ] GC(199) Metaspace: 6298K(6464K)->6298K(6464K) NonClass: 5765K(5824K)->5765K(5824K) Class: 533K(640K)->533K(640K)
[17.740s][info][gc             ] GC(199) Pause Full (Ergonomics) 2564M->2562M(2693M) 813.572ms
[17.740s][info][gc,cpu         ] GC(199) User=6.05s Sys=0.03s Real=0.81s
[17.802s][info][gc,start       ] GC(200) Pause Full (Ergonomics)
[17.802s][info][gc,phases,start] GC(200) Marking Phase
[18.408s][info][gc,phases      ] GC(200) Marking Phase 605.216ms
[18.408s][info][gc,phases,start] GC(200) Summary Phase
[18.408s][info][gc,phases      ] GC(200) Summary Phase 0.064ms
[18.408s][info][gc,phases,start] GC(200) Adjust Roots
[18.408s][info][gc,phases      ] GC(200) Adjust Roots 0.218ms
[18.408s][info][gc,phases,start] GC(200) Compaction Phase
[18.577s][info][gc,phases      ] GC(200) Compaction Phase 168.830ms
[18.577s][info][gc,phases,start] GC(200) Post Compact
[18.582s][info][gc,phases      ] GC(200) Post Compact 4.746ms
[18.582s][info][gc,heap        ] GC(200) PSYoungGen: 77364K(163328K)->77332K(163328K) Eden: 47104K(47104K)->47071K(47104K) From: 30260K(116224K)->30260K(116224K)
[18.582s][info][gc,heap        ] GC(200) ParOldGen: 2594008K(2594304K)->2594008K(2594304K)
[18.582s][info][gc,metaspace   ] GC(200) Metaspace: 6298K(6464K)->6298K(6464K) NonClass: 5765K(5824K)->5765K(5824K) Class: 533K(640K)->533K(640K)
[18.582s][info][gc             ] GC(200) Pause Full (Ergonomics) 2608M->2608M(2693M) 779.473ms
[18.582s][info][gc,cpu         ] GC(200) User=5.83s Sys=0.00s Real=0.78s
[18.582s][info][gc,start       ] GC(201) Pause Full (Ergonomics)
[18.582s][info][gc,phases,start] GC(201) Marking Phase
[19.185s][info][gc,phases      ] GC(201) Marking Phase 602.648ms
[19.185s][info][gc,phases,start] GC(201) Summary Phase
[19.185s][info][gc,phases      ] GC(201) Summary Phase 0.037ms
[19.185s][info][gc,phases,start] GC(201) Adjust Roots
[19.185s][info][gc,phases      ] GC(201) Adjust Roots 0.193ms
[19.185s][info][gc,phases,start] GC(201) Compaction Phase
[19.349s][info][gc,phases      ] GC(201) Compaction Phase 163.948ms
[19.349s][info][gc,phases,start] GC(201) Post Compact
[19.353s][info][gc,phases      ] GC(201) Post Compact 4.454ms
[19.354s][info][gc,heap        ] GC(201) PSYoungGen: 77364K(163328K)->77363K(163328K) Eden: 47104K(47104K)->47103K(47104K) From: 30260K(116224K)->30260K(116224K)
[19.354s][info][gc,heap        ] GC(201) ParOldGen: 2594008K(2594304K)->2594008K(2594304K)
[19.354s][info][gc,metaspace   ] GC(201) Metaspace: 6298K(6464K)->6298K(6464K) NonClass: 5765K(5824K)->5765K(5824K) Class: 533K(640K)->533K(640K)
[19.354s][info][gc             ] GC(201) Pause Full (Ergonomics) 2608M->2608M(2693M) 771.617ms
[19.354s][info][gc,cpu         ] GC(201) User=5.98s Sys=0.02s Real=0.77s
[19.354s][info][gc,start       ] GC(202) Pause Full (Ergonomics)
[19.354s][info][gc,phases,start] GC(202) Marking Phase
[19.960s][info][gc,phases      ] GC(202) Marking Phase 606.056ms
[19.960s][info][gc,phases,start] GC(202) Summary Phase
[19.960s][info][gc,phases      ] GC(202) Summary Phase 0.036ms
[19.960s][info][gc,phases,start] GC(202) Adjust Roots
[19.960s][info][gc,phases      ] GC(202) Adjust Roots 0.162ms
[19.960s][info][gc,phases,start] GC(202) Compaction Phase
[20.127s][info][gc,phases      ] GC(202) Compaction Phase 166.753ms
[20.127s][info][gc,phases,start] GC(202) Post Compact
[20.132s][info][gc,phases      ] GC(202) Post Compact 5.184ms
[20.132s][info][gc,heap        ] GC(202) PSYoungGen: 77364K(163328K)->77364K(163328K) Eden: 47103K(47104K)->47103K(47104K) From: 30260K(116224K)->30260K(116224K)
[20.132s][info][gc,heap        ] GC(202) ParOldGen: 2594008K(2594304K)->2594008K(2594304K)
[20.132s][info][gc,metaspace   ] GC(202) Metaspace: 6298K(6464K)->6298K(6464K) NonClass: 5765K(5824K)->5765K(5824K) Class: 533K(640K)->533K(640K)
[20.132s][info][gc             ] GC(202) Pause Full (Ergonomics) 2608M->2608M(2693M) 778.583ms
[20.132s][info][gc,cpu         ] GC(202) User=5.88s Sys=0.00s Real=0.78s
[20.133s][info][gc,start       ] GC(203) Pause Full (Ergonomics)
[20.133s][info][gc,phases,start] GC(203) Marking Phase
[20.739s][info][gc,phases      ] GC(203) Marking Phase 606.802ms
[20.740s][info][gc,phases,start] GC(203) Summary Phase
[20.740s][info][gc,phases      ] GC(203) Summary Phase 0.037ms
[20.740s][info][gc,phases,start] GC(203) Adjust Roots
[20.740s][info][gc,phases      ] GC(203) Adjust Roots 0.164ms
[20.740s][info][gc,phases,start] GC(203) Compaction Phase
[20.920s][info][gc,phases      ] GC(203) Compaction Phase 180.438ms
[20.920s][info][gc,phases,start] GC(203) Post Compact
[20.925s][info][gc,phases      ] GC(203) Post Compact 4.857ms
[20.925s][info][gc,heap        ] GC(203) PSYoungGen: 77364K(163328K)->77364K(163328K) Eden: 47103K(47104K)->47103K(47104K) From: 30260K(116224K)->30260K(116224K)
[20.925s][info][gc,heap        ] GC(203) ParOldGen: 2594013K(2594304K)->2594013K(2594304K)
[20.925s][info][gc,metaspace   ] GC(203) Metaspace: 6298K(6464K)->6298K(6464K) NonClass: 5765K(5824K)->5765K(5824K) Class: 533K(640K)->533K(640K)
[20.925s][info][gc             ] GC(203) Pause Full (Ergonomics) 2608M->2608M(2693M) 792.642ms
[20.925s][info][gc,cpu         ] GC(203) User=5.88s Sys=0.00s Real=0.79s
[20.925s][info][gc,start       ] GC(204) Pause Full (Ergonomics)
[20.926s][info][gc,phases,start] GC(204) Marking Phase
[21.529s][info][gc,phases      ] GC(204) Marking Phase 603.278ms
[21.529s][info][gc,phases,start] GC(204) Summary Phase
[21.529s][info][gc,phases      ] GC(204) Summary Phase 0.036ms
[21.529s][info][gc,phases,start] GC(204) Adjust Roots
[21.529s][info][gc,phases      ] GC(204) Adjust Roots 0.160ms
[21.529s][info][gc,phases,start] GC(204) Compaction Phase
[21.722s][info][gc,phases      ] GC(204) Compaction Phase 192.649ms
[21.722s][info][gc,phases,start] GC(204) Post Compact
[21.727s][info][gc,phases      ] GC(204) Post Compact 4.889ms
[21.727s][info][gc,heap        ] GC(204) PSYoungGen: 77364K(163328K)->77364K(163328K) Eden: 47103K(47104K)->47103K(47104K) From: 30260K(116224K)->30260K(116224K)
[21.727s][info][gc,heap        ] GC(204) ParOldGen: 2594018K(2594304K)->2594018K(2594304K)
[21.727s][info][gc,metaspace   ] GC(204) Metaspace: 6298K(6464K)->6298K(6464K) NonClass: 5765K(5824K)->5765K(5824K) Class: 533K(640K)->533K(640K)
[21.727s][info][gc             ] GC(204) Pause Full (Ergonomics) 2608M->2608M(2693M) 801.356ms
[21.727s][info][gc,cpu         ] GC(204) User=6.02s Sys=0.00s Real=0.80s
[21.727s][info][gc,start       ] GC(205) Pause Full (Ergonomics)
[21.727s][info][gc,phases,start] GC(205) Marking Phase
[22.318s][info][gc,phases      ] GC(205) Marking Phase 590.445ms
[22.318s][info][gc,phases,start] GC(205) Summary Phase
[22.318s][info][gc,phases      ] GC(205) Summary Phase 0.037ms
[22.318s][info][gc,phases,start] GC(205) Adjust Roots
[22.318s][info][gc,phases      ] GC(205) Adjust Roots 0.169ms
[22.318s][info][gc,phases,start] GC(205) Compaction Phase
[22.483s][info][gc,phases      ] GC(205) Compaction Phase 164.920ms
[22.483s][info][gc,phases,start] GC(205) Post Compact
[22.488s][info][gc,phases      ] GC(205) Post Compact 5.043ms
[22.488s][info][gc,heap        ] GC(205) PSYoungGen: 77364K(163328K)->77364K(163328K) Eden: 47103K(47104K)->47103K(47104K) From: 30260K(116224K)->30260K(116224K)
[22.488s][info][gc,heap        ] GC(205) ParOldGen: 2594023K(2594304K)->2594023K(2594304K)
[22.488s][info][gc,metaspace   ] GC(205) Metaspace: 6298K(6464K)->6298K(6464K) NonClass: 5765K(5824K)->5765K(5824K) Class: 533K(640K)->533K(640K)
[22.488s][info][gc             ] GC(205) Pause Full (Ergonomics) 2608M->2608M(2693M) 761.018ms
[22.488s][info][gc,cpu         ] GC(205) User=5.72s Sys=0.00s Real=0.76s
[22.488s][info][gc,start       ] GC(206) Pause Full (Ergonomics)
[22.488s][info][gc,phases,start] GC(206) Marking Phase
[23.097s][info][gc,phases      ] GC(206) Marking Phase 608.417ms
[23.097s][info][gc,phases,start] GC(206) Summary Phase
[23.097s][info][gc,phases      ] GC(206) Summary Phase 0.036ms
[23.097s][info][gc,phases,start] GC(206) Adjust Roots
[23.097s][info][gc,phases      ] GC(206) Adjust Roots 0.162ms
[23.097s][info][gc,phases,start] GC(206) Compaction Phase
[23.264s][info][gc,phases      ] GC(206) Compaction Phase 167.302ms
[23.264s][info][gc,phases,start] GC(206) Post Compact
[23.269s][info][gc,phases      ] GC(206) Post Compact 4.771ms
[23.269s][info][gc,heap        ] GC(206) PSYoungGen: 77364K(163328K)->77364K(163328K) Eden: 47103K(47104K)->47103K(47104K) From: 30260K(116224K)->30260K(116224K)
[23.269s][info][gc,heap        ] GC(206) ParOldGen: 2594028K(2594304K)->2594028K(2594304K)
[23.269s][info][gc,metaspace   ] GC(206) Metaspace: 6298K(6464K)->6298K(6464K) NonClass: 5765K(5824K)->5765K(5824K) Class: 533K(640K)->533K(640K)
[23.269s][info][gc             ] GC(206) Pause Full (Ergonomics) 2608M->2608M(2693M) 781.066ms
[23.269s][info][gc,cpu         ] GC(206) User=5.91s Sys=0.00s Real=0.78s
[23.270s][info][gc,start       ] GC(207) Pause Full (Ergonomics)
[23.270s][info][gc,phases,start] GC(207) Marking Phase
[23.875s][info][gc,phases      ] GC(207) Marking Phase 605.678ms
[23.875s][info][gc,phases,start] GC(207) Summary Phase
[23.875s][info][gc,phases      ] GC(207) Summary Phase 0.046ms
[23.875s][info][gc,phases,start] GC(207) Adjust Roots
[23.876s][info][gc,phases      ] GC(207) Adjust Roots 0.223ms
[23.876s][info][gc,phases,start] GC(207) Compaction Phase
[24.048s][info][gc,phases      ] GC(207) Compaction Phase 172.178ms
[24.048s][info][gc,phases,start] GC(207) Post Compact
[24.053s][info][gc,phases      ] GC(207) Post Compact 4.699ms
[24.053s][info][gc,heap        ] GC(207) PSYoungGen: 77364K(163328K)->77364K(163328K) Eden: 47103K(47104K)->47103K(47104K) From: 30260K(116224K)->30260K(116224K)
[24.053s][info][gc,heap        ] GC(207) ParOldGen: 2594032K(2594304K)->2594032K(2594304K)
[24.053s][info][gc,metaspace   ] GC(207) Metaspace: 6298K(6464K)->6298K(6464K) NonClass: 5765K(5824K)->5765K(5824K) Class: 533K(640K)->533K(640K)
[24.053s][info][gc             ] GC(207) Pause Full (Ergonomics) 2608M->2608M(2693M) 783.183ms
[24.053s][info][gc,cpu         ] GC(207) User=5.88s Sys=0.00s Real=0.78s
[24.053s][info][gc,start       ] GC(208) Pause Full (Ergonomics)
[24.053s][info][gc,phases,start] GC(208) Marking Phase
[24.662s][info][gc,phases      ] GC(208) Marking Phase 609.344ms
[24.662s][info][gc,phases,start] GC(208) Summary Phase
[24.662s][info][gc,phases      ] GC(208) Summary Phase 0.038ms
[24.662s][info][gc,phases,start] GC(208) Adjust Roots
[24.663s][info][gc,phases      ] GC(208) Adjust Roots 0.179ms
[24.663s][info][gc,phases,start] GC(208) Compaction Phase
[24.839s][info][gc,phases      ] GC(208) Compaction Phase 176.120ms
[24.839s][info][gc,phases,start] GC(208) Post Compact
[24.844s][info][gc,phases      ] GC(208) Post Compact 5.082ms
[24.844s][info][gc,heap        ] GC(208) PSYoungGen: 77364K(163328K)->77364K(163328K) Eden: 47103K(47104K)->47103K(47104K) From: 30260K(116224K)->30260K(116224K)
[24.844s][info][gc,heap        ] GC(208) ParOldGen: 2594037K(2594304K)->2594037K(2594304K)
[24.844s][info][gc,metaspace   ] GC(208) Metaspace: 6298K(6464K)->6298K(6464K) NonClass: 5765K(5824K)->5765K(5824K) Class: 533K(640K)->533K(640K)
[24.844s][info][gc             ] GC(208) Pause Full (Ergonomics) 2608M->2608M(2693M) 791.117ms
[24.844s][info][gc,cpu         ] GC(208) User=5.97s Sys=0.00s Real=0.79s
[24.844s][info][gc,start       ] GC(209) Pause Full (Ergonomics)
[24.844s][info][gc,phases,start] GC(209) Marking Phase
[25.451s][info][gc,phases      ] GC(209) Marking Phase 606.668ms
[25.451s][info][gc,phases,start] GC(209) Summary Phase
[25.451s][info][gc,phases      ] GC(209) Summary Phase 0.058ms
[25.451s][info][gc,phases,start] GC(209) Adjust Roots
[25.451s][info][gc,phases      ] GC(209) Adjust Roots 0.264ms
[25.451s][info][gc,phases,start] GC(209) Compaction Phase
[25.629s][info][gc,phases      ] GC(209) Compaction Phase 177.099ms
[25.629s][info][gc,phases,start] GC(209) Post Compact
[25.633s][info][gc,phases      ] GC(209) Post Compact 4.535ms
[25.633s][info][gc,heap        ] GC(209) PSYoungGen: 77364K(163328K)->77364K(163328K) Eden: 47103K(47104K)->47103K(47104K) From: 30260K(116224K)->30260K(116224K)
[25.633s][info][gc,heap        ] GC(209) ParOldGen: 2594042K(2594304K)->2594042K(2594304K)
[25.633s][info][gc,metaspace   ] GC(209) Metaspace: 6298K(6464K)->6298K(6464K) NonClass: 5765K(5824K)->5765K(5824K) Class: 533K(640K)->533K(640K)
[25.633s][info][gc             ] GC(209) Pause Full (Ergonomics) 2608M->2608M(2693M) 789.037ms
[25.633s][info][gc,cpu         ] GC(209) User=5.98s Sys=0.00s Real=0.79s
[25.634s][info][gc,start       ] GC(210) Pause Full (Ergonomics)
[25.634s][info][gc,phases,start] GC(210) Marking Phase
[26.232s][info][gc,phases      ] GC(210) Marking Phase 598.528ms
[26.232s][info][gc,phases,start] GC(210) Summary Phase
[26.232s][info][gc,phases      ] GC(210) Summary Phase 0.036ms
[26.232s][info][gc,phases,start] GC(210) Adjust Roots
[26.232s][info][gc,phases      ] GC(210) Adjust Roots 0.160ms
[26.232s][info][gc,phases,start] GC(210) Compaction Phase
[26.399s][info][gc,phases      ] GC(210) Compaction Phase 166.929ms
[26.399s][info][gc,phases,start] GC(210) Post Compact
[26.404s][info][gc,phases      ] GC(210) Post Compact 4.537ms
[26.404s][info][gc,heap        ] GC(210) PSYoungGen: 77364K(163328K)->77364K(163328K) Eden: 47103K(47104K)->47103K(47104K) From: 30260K(116224K)->30260K(116224K)
[26.404s][info][gc,heap        ] GC(210) ParOldGen: 2594047K(2594304K)->2594047K(2594304K)
[26.404s][info][gc,metaspace   ] GC(210) Metaspace: 6298K(6464K)->6298K(6464K) NonClass: 5765K(5824K)->5765K(5824K) Class: 533K(640K)->533K(640K)
[26.404s][info][gc             ] GC(210) Pause Full (Ergonomics) 2608M->2608M(2693M) 770.528ms
[26.404s][info][gc,cpu         ] GC(210) User=6.02s Sys=0.00s Real=0.77s
[26.404s][info][gc,start       ] GC(211) Pause Full (Ergonomics)
[26.404s][info][gc,phases,start] GC(211) Marking Phase
[26.994s][info][gc,phases      ] GC(211) Marking Phase 589.326ms
[26.994s][info][gc,phases,start] GC(211) Summary Phase
[26.994s][info][gc,phases      ] GC(211) Summary Phase 0.037ms
[26.994s][info][gc,phases,start] GC(211) Adjust Roots
[26.994s][info][gc,phases      ] GC(211) Adjust Roots 0.196ms
[26.994s][info][gc,phases,start] GC(211) Compaction Phase
[27.163s][info][gc,phases      ] GC(211) Compaction Phase 168.545ms
[27.163s][info][gc,phases,start] GC(211) Post Compact
[27.168s][info][gc,phases      ] GC(211) Post Compact 5.223ms
[27.168s][info][gc,heap        ] GC(211) PSYoungGen: 77364K(163328K)->77364K(163328K) Eden: 47103K(47104K)->47103K(47104K) From: 30260K(116224K)->30260K(116224K)
[27.168s][info][gc,heap        ] GC(211) ParOldGen: 2594052K(2594304K)->2594052K(2594304K)
[27.168s][info][gc,metaspace   ] GC(211) Metaspace: 6298K(6464K)->6298K(6464K) NonClass: 5765K(5824K)->5765K(5824K) Class: 533K(640K)->533K(640K)
[27.168s][info][gc             ] GC(211) Pause Full (Ergonomics) 2608M->2608M(2693M) 763.699ms
[27.168s][info][gc,cpu         ] GC(211) User=5.78s Sys=0.00s Real=0.76s
[27.168s][info][gc,start       ] GC(212) Pause Full (Ergonomics)
[27.168s][info][gc,phases,start] GC(212) Marking Phase
[27.782s][info][gc,phases      ] GC(212) Marking Phase 613.903ms
[27.782s][info][gc,phases,start] GC(212) Summary Phase
[27.782s][info][gc,phases      ] GC(212) Summary Phase 0.038ms
[27.782s][info][gc,phases,start] GC(212) Adjust Roots
[27.782s][info][gc,phases      ] GC(212) Adjust Roots 0.177ms
[27.783s][info][gc,phases,start] GC(212) Compaction Phase
[27.955s][info][gc,phases      ] GC(212) Compaction Phase 172.318ms
[27.955s][info][gc,phases,start] GC(212) Post Compact
[27.960s][info][gc,phases      ] GC(212) Post Compact 5.250ms
[27.960s][info][gc,heap        ] GC(212) PSYoungGen: 77364K(163328K)->77364K(163328K) Eden: 47103K(47104K)->47103K(47104K) From: 30260K(116224K)->30260K(116224K)
[27.960s][info][gc,heap        ] GC(212) ParOldGen: 2594057K(2594304K)->2594057K(2594304K)
[27.960s][info][gc,metaspace   ] GC(212) Metaspace: 6298K(6464K)->6298K(6464K) NonClass: 5765K(5824K)->5765K(5824K) Class: 533K(640K)->533K(640K)
[27.960s][info][gc             ] GC(212) Pause Full (Ergonomics) 2608M->2608M(2693M) 792.067ms
[27.960s][info][gc,cpu         ] GC(212) User=6.05s Sys=0.00s Real=0.79s
[27.961s][info][gc,start       ] GC(213) Pause Full (Ergonomics)
[27.961s][info][gc,phases,start] GC(213) Marking Phase
[28.547s][info][gc,phases      ] GC(213) Marking Phase 586.803ms
[28.547s][info][gc,phases,start] GC(213) Summary Phase
[28.548s][info][gc,phases      ] GC(213) Summary Phase 0.036ms
[28.548s][info][gc,phases,start] GC(213) Adjust Roots
[28.548s][info][gc,phases      ] GC(213) Adjust Roots 0.168ms
[28.548s][info][gc,phases,start] GC(213) Compaction Phase
[28.743s][info][gc,phases      ] GC(213) Compaction Phase 194.819ms
[28.743s][info][gc,phases,start] GC(213) Post Compact
[28.747s][info][gc,phases      ] GC(213) Post Compact 4.867ms
[28.748s][info][gc,heap        ] GC(213) PSYoungGen: 77364K(163328K)->77364K(163328K) Eden: 47103K(47104K)->47103K(47104K) From: 30260K(116224K)->30260K(116224K)
[28.748s][info][gc,heap        ] GC(213) ParOldGen: 2594061K(2594304K)->2594061K(2594304K)
[28.748s][info][gc,metaspace   ] GC(213) Metaspace: 6298K(6464K)->6298K(6464K) NonClass: 5765K(5824K)->5765K(5824K) Class: 533K(640K)->533K(640K)
[28.748s][info][gc             ] GC(213) Pause Full (Ergonomics) 2608M->2608M(2693M) 787.031ms
[28.748s][info][gc,cpu         ] GC(213) User=5.78s Sys=0.00s Real=0.79s
[28.748s][info][gc,start       ] GC(214) Pause Full (Ergonomics)
[28.748s][info][gc,phases,start] GC(214) Marking Phase
[29.368s][info][gc,phases      ] GC(214) Marking Phase 620.376ms
[29.368s][info][gc,phases,start] GC(214) Summary Phase
[29.368s][info][gc,phases      ] GC(214) Summary Phase 0.037ms
[29.368s][info][gc,phases,start] GC(214) Adjust Roots
[29.369s][info][gc,phases      ] GC(214) Adjust Roots 0.163ms
[29.369s][info][gc,phases,start] GC(214) Compaction Phase
[29.536s][info][gc,phases      ] GC(214) Compaction Phase 167.258ms
[29.536s][info][gc,phases,start] GC(214) Post Compact
[29.541s][info][gc,phases      ] GC(214) Post Compact 4.629ms
[29.541s][info][gc,heap        ] GC(214) PSYoungGen: 77364K(163328K)->77364K(163328K) Eden: 47103K(47104K)->47103K(47104K) From: 30260K(116224K)->30260K(116224K)
[29.541s][info][gc,heap        ] GC(214) ParOldGen: 2594066K(2594304K)->2594066K(2594304K)
[29.541s][info][gc,metaspace   ] GC(214) Metaspace: 6298K(6464K)->6298K(6464K) NonClass: 5765K(5824K)->5765K(5824K) Class: 533K(640K)->533K(640K)
[29.541s][info][gc             ] GC(214) Pause Full (Ergonomics) 2608M->2608M(2693M) 792.837ms
[29.541s][info][gc,cpu         ] GC(214) User=5.98s Sys=0.00s Real=0.79s
[29.541s][info][gc,start       ] GC(215) Pause Full (Ergonomics)
[29.541s][info][gc,phases,start] GC(215) Marking Phase
[30.151s][info][gc,phases      ] GC(215) Marking Phase 610.250ms
[30.151s][info][gc,phases,start] GC(215) Summary Phase
[30.151s][info][gc,phases      ] GC(215) Summary Phase 0.037ms
[30.151s][info][gc,phases,start] GC(215) Adjust Roots
[30.151s][info][gc,phases      ] GC(215) Adjust Roots 0.161ms
[30.151s][info][gc,phases,start] GC(215) Compaction Phase
[30.328s][info][gc,phases      ] GC(215) Compaction Phase 176.209ms
[30.328s][info][gc,phases,start] GC(215) Post Compact
[30.332s][info][gc,phases      ] GC(215) Post Compact 4.477ms
[30.332s][info][gc,heap        ] GC(215) PSYoungGen: 77364K(163328K)->77364K(163328K) Eden: 47103K(47104K)->47103K(47104K) From: 30260K(116224K)->30260K(116224K)
[30.332s][info][gc,heap        ] GC(215) ParOldGen: 2594071K(2594304K)->2594071K(2594304K)
[30.332s][info][gc,metaspace   ] GC(215) Metaspace: 6298K(6464K)->6298K(6464K) NonClass: 5765K(5824K)->5765K(5824K) Class: 533K(640K)->533K(640K)
[30.332s][info][gc             ] GC(215) Pause Full (Ergonomics) 2608M->2608M(2693M) 791.470ms
[30.332s][info][gc,cpu         ] GC(215) User=6.03s Sys=0.00s Real=0.79s
[30.333s][info][gc,start       ] GC(216) Pause Full (Ergonomics)
[30.333s][info][gc,phases,start] GC(216) Marking Phase
[30.915s][info][gc,phases      ] GC(216) Marking Phase 582.191ms
[30.915s][info][gc,phases,start] GC(216) Summary Phase
[30.915s][info][gc,phases      ] GC(216) Summary Phase 0.036ms
[30.915s][info][gc,phases,start] GC(216) Adjust Roots
[30.915s][info][gc,phases      ] GC(216) Adjust Roots 0.158ms
[30.915s][info][gc,phases,start] GC(216) Compaction Phase
[31.081s][info][gc,phases      ] GC(216) Compaction Phase 165.732ms
[31.081s][info][gc,phases,start] GC(216) Post Compact
[31.086s][info][gc,phases      ] GC(216) Post Compact 4.810ms
[31.086s][info][gc,heap        ] GC(216) PSYoungGen: 77364K(163328K)->77364K(163328K) Eden: 47103K(47104K)->47103K(47104K) From: 30260K(116224K)->30260K(116224K)
[31.086s][info][gc,heap        ] GC(216) ParOldGen: 2594076K(2594304K)->2594076K(2594304K)
[31.086s][info][gc,metaspace   ] GC(216) Metaspace: 6298K(6464K)->6298K(6464K) NonClass: 5765K(5824K)->5765K(5824K) Class: 533K(640K)->533K(640K)
[31.086s][info][gc             ] GC(216) Pause Full (Ergonomics) 2608M->2608M(2693M) 753.287ms
[31.086s][info][gc,cpu         ] GC(216) User=5.78s Sys=0.00s Real=0.75s
[31.086s][info][gc,start       ] GC(217) Pause Full (Ergonomics)
[31.086s][info][gc,phases,start] GC(217) Marking Phase
[31.688s][info][gc,phases      ] GC(217) Marking Phase 601.609ms
[31.688s][info][gc,phases,start] GC(217) Summary Phase
[31.688s][info][gc,phases      ] GC(217) Summary Phase 0.036ms
[31.688s][info][gc,phases,start] GC(217) Adjust Roots
[31.688s][info][gc,phases      ] GC(217) Adjust Roots 0.193ms
[31.688s][info][gc,phases,start] GC(217) Compaction Phase
[31.877s][info][gc,phases      ] GC(217) Compaction Phase 188.511ms
[31.877s][info][gc,phases,start] GC(217) Post Compact
[31.882s][info][gc,phases      ] GC(217) Post Compact 5.243ms
[31.882s][info][gc,heap        ] GC(217) PSYoungGen: 77364K(163328K)->77364K(163328K) Eden: 47103K(47104K)->47103K(47104K) From: 30260K(116224K)->30260K(116224K)
[31.882s][info][gc,heap        ] GC(217) ParOldGen: 2594081K(2594304K)->2594081K(2594304K)
[31.882s][info][gc,metaspace   ] GC(217) Metaspace: 6298K(6464K)->6298K(6464K) NonClass: 5765K(5824K)->5765K(5824K) Class: 533K(640K)->533K(640K)
[31.882s][info][gc             ] GC(217) Pause Full (Ergonomics) 2608M->2608M(2693M) 795.972ms
[31.882s][info][gc,cpu         ] GC(217) User=5.83s Sys=0.00s Real=0.79s
[31.882s][info][gc,start       ] GC(218) Pause Full (Ergonomics)
[31.882s][info][gc,phases,start] GC(218) Marking Phase
[32.491s][info][gc,phases      ] GC(218) Marking Phase 608.831ms
[32.491s][info][gc,phases,start] GC(218) Summary Phase
[32.491s][info][gc,phases      ] GC(218) Summary Phase 0.036ms
[32.491s][info][gc,phases,start] GC(218) Adjust Roots
[32.491s][info][gc,phases      ] GC(218) Adjust Roots 0.184ms
[32.492s][info][gc,phases,start] GC(218) Compaction Phase
[32.661s][info][gc,phases      ] GC(218) Compaction Phase 169.037ms
[32.661s][info][gc,phases,start] GC(218) Post Compact
[32.667s][info][gc,phases      ] GC(218) Post Compact 6.128ms
[32.667s][info][gc,heap        ] GC(218) PSYoungGen: 77364K(163328K)->77364K(163328K) Eden: 47103K(47104K)->47103K(47104K) From: 30260K(116224K)->30260K(116224K)
[32.667s][info][gc,heap        ] GC(218) ParOldGen: 2594086K(2594304K)->2594086K(2594304K)
[32.667s][info][gc,metaspace   ] GC(218) Metaspace: 6298K(6464K)->6298K(6464K) NonClass: 5765K(5824K)->5765K(5824K) Class: 533K(640K)->533K(640K)
[32.667s][info][gc             ] GC(218) Pause Full (Ergonomics) 2608M->2608M(2693M) 784.621ms
[32.667s][info][gc,cpu         ] GC(218) User=5.86s Sys=0.05s Real=0.78s
[32.667s][info][gc,start       ] GC(219) Pause Full (Ergonomics)
[32.667s][info][gc,phases,start] GC(219) Marking Phase
[33.285s][info][gc,phases      ] GC(219) Marking Phase 618.117ms
[33.285s][info][gc,phases,start] GC(219) Summary Phase
[33.285s][info][gc,phases      ] GC(219) Summary Phase 0.041ms
[33.285s][info][gc,phases,start] GC(219) Adjust Roots
[33.286s][info][gc,phases      ] GC(219) Adjust Roots 0.159ms
[33.286s][info][gc,phases,start] GC(219) Compaction Phase
[33.476s][info][gc,phases      ] GC(219) Compaction Phase 190.336ms
[33.476s][info][gc,phases,start] GC(219) Post Compact
[33.481s][info][gc,phases      ] GC(219) Post Compact 5.021ms
[33.481s][info][gc,heap        ] GC(219) PSYoungGen: 77364K(163328K)->77364K(163328K) Eden: 47103K(47104K)->47103K(47104K) From: 30260K(116224K)->30260K(116224K)
[33.481s][info][gc,heap        ] GC(219) ParOldGen: 2594090K(2594304K)->2594090K(2594304K)
[33.481s][info][gc,metaspace   ] GC(219) Metaspace: 6298K(6464K)->6298K(6464K) NonClass: 5765K(5824K)->5765K(5824K) Class: 533K(640K)->533K(640K)
[33.481s][info][gc             ] GC(219) Pause Full (Ergonomics) 2608M->2608M(2693M) 814.016ms
[33.481s][info][gc,cpu         ] GC(219) User=6.03s Sys=0.00s Real=0.81s
[33.481s][info][gc,start       ] GC(220) Pause Full (Ergonomics)
[33.481s][info][gc,phases,start] GC(220) Marking Phase
[34.097s][info][gc,phases      ] GC(220) Marking Phase 615.655ms
[34.097s][info][gc,phases,start] GC(220) Summary Phase
[34.097s][info][gc,phases      ] GC(220) Summary Phase 0.036ms
[34.097s][info][gc,phases,start] GC(220) Adjust Roots
[34.097s][info][gc,phases      ] GC(220) Adjust Roots 0.165ms
[34.097s][info][gc,phases,start] GC(220) Compaction Phase
[34.285s][info][gc,phases      ] GC(220) Compaction Phase 187.673ms
[34.285s][info][gc,phases,start] GC(220) Post Compact
[34.290s][info][gc,phases      ] GC(220) Post Compact 4.875ms
[34.290s][info][gc,heap        ] GC(220) PSYoungGen: 77364K(163328K)->77364K(163328K) Eden: 47103K(47104K)->47103K(47104K) From: 30260K(116224K)->30260K(116224K)
[34.290s][info][gc,heap        ] GC(220) ParOldGen: 2594095K(2594304K)->2594095K(2594304K)
[34.290s][info][gc,metaspace   ] GC(220) Metaspace: 6298K(6464K)->6298K(6464K) NonClass: 5765K(5824K)->5765K(5824K) Class: 533K(640K)->533K(640K)
[34.290s][info][gc             ] GC(220) Pause Full (Ergonomics) 2608M->2608M(2693M) 808.758ms
[34.290s][info][gc,cpu         ] GC(220) User=6.05s Sys=0.00s Real=0.81s
[34.290s][info][gc,start       ] GC(221) Pause Full (Ergonomics)
[34.290s][info][gc,phases,start] GC(221) Marking Phase
[34.904s][info][gc,phases      ] GC(221) Marking Phase 613.479ms
[34.904s][info][gc,phases,start] GC(221) Summary Phase
[34.904s][info][gc,phases      ] GC(221) Summary Phase 0.036ms
[34.904s][info][gc,phases,start] GC(221) Adjust Roots
[34.904s][info][gc,phases      ] GC(221) Adjust Roots 0.160ms
[34.904s][info][gc,phases,start] GC(221) Compaction Phase
[35.074s][info][gc,phases      ] GC(221) Compaction Phase 169.492ms
[35.074s][info][gc,phases,start] GC(221) Post Compact
[35.079s][info][gc,phases      ] GC(221) Post Compact 5.177ms
[35.079s][info][gc,heap        ] GC(221) PSYoungGen: 77364K(163328K)->77364K(163328K) Eden: 47103K(47104K)->47103K(47104K) From: 30260K(116224K)->30260K(116224K)
[35.079s][info][gc,heap        ] GC(221) ParOldGen: 2594100K(2594304K)->2594100K(2594304K)
[35.079s][info][gc,metaspace   ] GC(221) Metaspace: 6298K(6464K)->6298K(6464K) NonClass: 5765K(5824K)->5765K(5824K) Class: 533K(640K)->533K(640K)
[35.079s][info][gc             ] GC(221) Pause Full (Ergonomics) 2608M->2608M(2693M) 788.713ms
[35.079s][info][gc,cpu         ] GC(221) User=6.17s Sys=0.00s Real=0.79s
[35.079s][info][gc,start       ] GC(222) Pause Full (Ergonomics)
[35.079s][info][gc,phases,start] GC(222) Marking Phase
[35.707s][info][gc,phases      ] GC(222) Marking Phase 627.449ms
[35.707s][info][gc,phases,start] GC(222) Summary Phase
[35.707s][info][gc,phases      ] GC(222) Summary Phase 0.036ms
[35.707s][info][gc,phases,start] GC(222) Adjust Roots
[35.707s][info][gc,phases      ] GC(222) Adjust Roots 0.170ms
[35.707s][info][gc,phases,start] GC(222) Compaction Phase
[35.873s][info][gc,phases      ] GC(222) Compaction Phase 165.860ms
[35.873s][info][gc,phases,start] GC(222) Post Compact
[35.877s][info][gc,phases      ] GC(222) Post Compact 4.151ms
[35.877s][info][gc,heap        ] GC(222) PSYoungGen: 77364K(163328K)->77364K(163328K) Eden: 47103K(47104K)->47103K(47104K) From: 30260K(116224K)->30260K(116224K)
[35.877s][info][gc,heap        ] GC(222) ParOldGen: 2594105K(2594304K)->2594105K(2594304K)
[35.877s][info][gc,metaspace   ] GC(222) Metaspace: 6298K(6464K)->6298K(6464K) NonClass: 5765K(5824K)->5765K(5824K) Class: 533K(640K)->533K(640K)
[35.877s][info][gc             ] GC(222) Pause Full (Ergonomics) 2608M->2608M(2693M) 798.010ms
[35.877s][info][gc,cpu         ] GC(222) User=6.11s Sys=0.00s Real=0.80s
[35.878s][info][gc,start       ] GC(223) Pause Full (Ergonomics)
[35.878s][info][gc,phases,start] GC(223) Marking Phase
[36.490s][info][gc,phases      ] GC(223) Marking Phase 612.411ms
[36.490s][info][gc,phases,start] GC(223) Summary Phase
[36.490s][info][gc,phases      ] GC(223) Summary Phase 0.036ms
[36.490s][info][gc,phases,start] GC(223) Adjust Roots
[36.490s][info][gc,phases      ] GC(223) Adjust Roots 0.158ms
[36.490s][info][gc,phases,start] GC(223) Compaction Phase
[36.658s][info][gc,phases      ] GC(223) Compaction Phase 167.395ms
[36.658s][info][gc,phases,start] GC(223) Post Compact
[36.662s][info][gc,phases      ] GC(223) Post Compact 4.364ms
[36.662s][info][gc,heap        ] GC(223) PSYoungGen: 77364K(163328K)->77364K(163328K) Eden: 47103K(47104K)->47103K(47104K) From: 30260K(116224K)->30260K(116224K)
[36.662s][info][gc,heap        ] GC(223) ParOldGen: 2594110K(2594304K)->2594110K(2594304K)
[36.662s][info][gc,metaspace   ] GC(223) Metaspace: 6298K(6464K)->6298K(6464K) NonClass: 5765K(5824K)->5765K(5824K) Class: 533K(640K)->533K(640K)
[36.662s][info][gc             ] GC(223) Pause Full (Ergonomics) 2608M->2608M(2693M) 784.701ms
[36.662s][info][gc,cpu         ] GC(223) User=6.02s Sys=0.03s Real=0.79s
[36.663s][info][gc,start       ] GC(224) Pause Full (Ergonomics)
[36.663s][info][gc,phases,start] GC(224) Marking Phase
[37.276s][info][gc,phases      ] GC(224) Marking Phase 613.359ms
[37.276s][info][gc,phases,start] GC(224) Summary Phase
[37.276s][info][gc,phases      ] GC(224) Summary Phase 0.037ms
[37.276s][info][gc,phases,start] GC(224) Adjust Roots
[37.276s][info][gc,phases      ] GC(224) Adjust Roots 0.162ms
[37.276s][info][gc,phases,start] GC(224) Compaction Phase
[37.451s][info][gc,phases      ] GC(224) Compaction Phase 175.226ms
[37.452s][info][gc,phases,start] GC(224) Post Compact
[37.456s][info][gc,phases      ] GC(224) Post Compact 4.598ms
[37.456s][info][gc,heap        ] GC(224) PSYoungGen: 77364K(163328K)->77364K(163328K) Eden: 47103K(47104K)->47103K(47104K) From: 30260K(116224K)->30260K(116224K)
[37.456s][info][gc,heap        ] GC(224) ParOldGen: 2594115K(2594304K)->2594115K(2594304K)
[37.456s][info][gc,metaspace   ] GC(224) Metaspace: 6298K(6464K)->6298K(6464K) NonClass: 5765K(5824K)->5765K(5824K) Class: 533K(640K)->533K(640K)
[37.456s][info][gc             ] GC(224) Pause Full (Ergonomics) 2608M->2608M(2693M) 793.696ms
[37.456s][info][gc,cpu         ] GC(224) User=6.02s Sys=0.02s Real=0.79s
[37.456s][info][gc,start       ] GC(225) Pause Full (Ergonomics)
[37.456s][info][gc,phases,start] GC(225) Marking Phase
[38.087s][info][gc,phases      ] GC(225) Marking Phase 630.697ms
[38.087s][info][gc,phases,start] GC(225) Summary Phase
[38.087s][info][gc,phases      ] GC(225) Summary Phase 0.036ms
[38.087s][info][gc,phases,start] GC(225) Adjust Roots
[38.087s][info][gc,phases      ] GC(225) Adjust Roots 0.157ms
[38.087s][info][gc,phases,start] GC(225) Compaction Phase
[38.273s][info][gc,phases      ] GC(225) Compaction Phase 185.882ms
[38.273s][info][gc,phases,start] GC(225) Post Compact
[38.278s][info][gc,phases      ] GC(225) Post Compact 4.950ms
[38.278s][info][gc,heap        ] GC(225) PSYoungGen: 77364K(163328K)->77364K(163328K) Eden: 47103K(47104K)->47103K(47104K) From: 30260K(116224K)->30260K(116224K)
[38.278s][info][gc,heap        ] GC(225) ParOldGen: 2594119K(2594304K)->2594119K(2594304K)
[38.279s][info][gc,metaspace   ] GC(225) Metaspace: 6298K(6464K)->6298K(6464K) NonClass: 5765K(5824K)->5765K(5824K) Class: 533K(640K)->533K(640K)
[38.279s][info][gc             ] GC(225) Pause Full (Ergonomics) 2608M->2608M(2693M) 822.085ms
[38.279s][info][gc,cpu         ] GC(225) User=6.12s Sys=0.00s Real=0.82s
[38.279s][info][gc,start       ] GC(226) Pause Full (Ergonomics)
[38.279s][info][gc,phases,start] GC(226) Marking Phase
[38.886s][info][gc,phases      ] GC(226) Marking Phase 606.991ms
[38.886s][info][gc,phases,start] GC(226) Summary Phase
[38.886s][info][gc,phases      ] GC(226) Summary Phase 0.036ms
[38.886s][info][gc,phases,start] GC(226) Adjust Roots
[38.886s][info][gc,phases      ] GC(226) Adjust Roots 0.160ms
[38.886s][info][gc,phases,start] GC(226) Compaction Phase
[39.061s][info][gc,phases      ] GC(226) Compaction Phase 174.478ms
[39.061s][info][gc,phases,start] GC(226) Post Compact
[39.065s][info][gc,phases      ] GC(226) Post Compact 4.644ms
[39.065s][info][gc,heap        ] GC(226) PSYoungGen: 77364K(163328K)->77364K(163328K) Eden: 47103K(47104K)->47103K(47104K) From: 30260K(116224K)->30260K(116224K)
[39.065s][info][gc,heap        ] GC(226) ParOldGen: 2594124K(2594304K)->2594124K(2594304K)
[39.065s][info][gc,metaspace   ] GC(226) Metaspace: 6298K(6464K)->6298K(6464K) NonClass: 5765K(5824K)->5765K(5824K) Class: 533K(640K)->533K(640K)
[39.065s][info][gc             ] GC(226) Pause Full (Ergonomics) 2608M->2608M(2693M) 786.644ms
[39.065s][info][gc,cpu         ] GC(226) User=5.94s Sys=0.00s Real=0.79s
[39.066s][info][gc,start       ] GC(227) Pause Full (Ergonomics)
[39.066s][info][gc,phases,start] GC(227) Marking Phase
[39.683s][info][gc,phases      ] GC(227) Marking Phase 617.561ms
[39.683s][info][gc,phases,start] GC(227) Summary Phase
[39.683s][info][gc,phases      ] GC(227) Summary Phase 0.037ms
[39.683s][info][gc,phases,start] GC(227) Adjust Roots
[39.684s][info][gc,phases      ] GC(227) Adjust Roots 0.160ms
[39.684s][info][gc,phases,start] GC(227) Compaction Phase
[39.880s][info][gc,phases      ] GC(227) Compaction Phase 196.533ms
[39.880s][info][gc,phases,start] GC(227) Post Compact
[39.885s][info][gc,phases      ] GC(227) Post Compact 5.174ms
[39.885s][info][gc,heap        ] GC(227) PSYoungGen: 77364K(163328K)->77364K(163328K) Eden: 47103K(47104K)->47103K(47104K) From: 30260K(116224K)->30260K(116224K)
[39.885s][info][gc,heap        ] GC(227) ParOldGen: 2594129K(2594304K)->2594129K(2594304K)
[39.885s][info][gc,metaspace   ] GC(227) Metaspace: 6298K(6464K)->6298K(6464K) NonClass: 5765K(5824K)->5765K(5824K) Class: 533K(640K)->533K(640K)
[39.885s][info][gc             ] GC(227) Pause Full (Ergonomics) 2608M->2608M(2693M) 819.826ms
[39.885s][info][gc,cpu         ] GC(227) User=5.95s Sys=0.00s Real=0.82s
[39.886s][info][gc,start       ] GC(228) Pause Full (Ergonomics)
[39.886s][info][gc,phases,start] GC(228) Marking Phase
[40.511s][info][gc,phases      ] GC(228) Marking Phase 625.086ms
[40.511s][info][gc,phases,start] GC(228) Summary Phase
[40.511s][info][gc,phases      ] GC(228) Summary Phase 0.037ms
[40.511s][info][gc,phases,start] GC(228) Adjust Roots
[40.511s][info][gc,phases      ] GC(228) Adjust Roots 0.184ms
[40.511s][info][gc,phases,start] GC(228) Compaction Phase
[40.693s][info][gc,phases      ] GC(228) Compaction Phase 181.919ms
[40.693s][info][gc,phases,start] GC(228) Post Compact
[40.698s][info][gc,phases      ] GC(228) Post Compact 4.735ms
[40.698s][info][gc,heap        ] GC(228) PSYoungGen: 77364K(163328K)->77364K(163328K) Eden: 47103K(47104K)->47103K(47104K) From: 30260K(116224K)->30260K(116224K)
[40.698s][info][gc,heap        ] GC(228) ParOldGen: 2594134K(2594304K)->2594134K(2594304K)
[40.698s][info][gc,metaspace   ] GC(228) Metaspace: 6298K(6464K)->6298K(6464K) NonClass: 5765K(5824K)->5765K(5824K) Class: 533K(640K)->533K(640K)
[40.698s][info][gc             ] GC(228) Pause Full (Ergonomics) 2608M->2608M(2693M) 812.293ms
[40.698s][info][gc,cpu         ] GC(228) User=6.14s Sys=0.00s Real=0.81s
[40.698s][info][gc,start       ] GC(229) Pause Full (Ergonomics)
[40.698s][info][gc,phases,start] GC(229) Marking Phase
[41.330s][info][gc,phases      ] GC(229) Marking Phase 631.667ms
[41.330s][info][gc,phases,start] GC(229) Summary Phase
[41.330s][info][gc,phases      ] GC(229) Summary Phase 0.036ms
[41.330s][info][gc,phases,start] GC(229) Adjust Roots
[41.330s][info][gc,phases      ] GC(229) Adjust Roots 0.178ms
[41.330s][info][gc,phases,start] GC(229) Compaction Phase
[41.503s][info][gc,phases      ] GC(229) Compaction Phase 172.626ms
[41.503s][info][gc,phases,start] GC(229) Post Compact
[41.507s][info][gc,phases      ] GC(229) Post Compact 4.564ms
[41.508s][info][gc,heap        ] GC(229) PSYoungGen: 77364K(163328K)->77364K(163328K) Eden: 47103K(47104K)->47103K(47104K) From: 30260K(116224K)->30260K(116224K)
[41.508s][info][gc,heap        ] GC(229) ParOldGen: 2594139K(2594304K)->2594139K(2594304K)
[41.508s][info][gc,metaspace   ] GC(229) Metaspace: 6298K(6464K)->6298K(6464K) NonClass: 5765K(5824K)->5765K(5824K) Class: 533K(640K)->533K(640K)
[41.508s][info][gc             ] GC(229) Pause Full (Ergonomics) 2608M->2608M(2693M) 809.439ms
[41.508s][info][gc,cpu         ] GC(229) User=6.16s Sys=0.00s Real=0.81s
[41.508s][info][gc,start       ] GC(230) Pause Full (Ergonomics)
[41.508s][info][gc,phases,start] GC(230) Marking Phase
[42.123s][info][gc,phases      ] GC(230) Marking Phase 614.673ms
[42.123s][info][gc,phases,start] GC(230) Summary Phase
[42.123s][info][gc,phases      ] GC(230) Summary Phase 0.036ms
[42.123s][info][gc,phases,start] GC(230) Adjust Roots
[42.123s][info][gc,phases      ] GC(230) Adjust Roots 0.160ms
[42.123s][info][gc,phases,start] GC(230) Compaction Phase
[42.299s][info][gc,phases      ] GC(230) Compaction Phase 175.704ms
[42.299s][info][gc,phases,start] GC(230) Post Compact
[42.303s][info][gc,phases      ] GC(230) Post Compact 4.457ms
[42.303s][info][gc,heap        ] GC(230) PSYoungGen: 77364K(163328K)->77364K(163328K) Eden: 47103K(47104K)->47103K(47104K) From: 30260K(116224K)->30260K(116224K)
[42.303s][info][gc,heap        ] GC(230) ParOldGen: 2594144K(2594304K)->2594144K(2594304K)
[42.303s][info][gc,metaspace   ] GC(230) Metaspace: 6298K(6464K)->6298K(6464K) NonClass: 5765K(5824K)->5765K(5824K) Class: 533K(640K)->533K(640K)
[42.303s][info][gc             ] GC(230) Pause Full (Ergonomics) 2608M->2608M(2693M) 795.376ms
[42.303s][info][gc,cpu         ] GC(230) User=6.02s Sys=0.05s Real=0.80s
[42.303s][info][gc,start       ] GC(231) Pause Full (Ergonomics)
[42.303s][info][gc,phases,start] GC(231) Marking Phase
[42.925s][info][gc,phases      ] GC(231) Marking Phase 621.262ms
[42.925s][info][gc,phases,start] GC(231) Summary Phase
[42.925s][info][gc,phases      ] GC(231) Summary Phase 0.036ms
[42.925s][info][gc,phases,start] GC(231) Adjust Roots
[42.925s][info][gc,phases      ] GC(231) Adjust Roots 0.169ms
[42.925s][info][gc,phases,start] GC(231) Compaction Phase
[43.098s][info][gc,phases      ] GC(231) Compaction Phase 172.929ms
[43.098s][info][gc,phases,start] GC(231) Post Compact
[43.102s][info][gc,phases      ] GC(231) Post Compact 4.434ms
[43.103s][info][gc,heap        ] GC(231) PSYoungGen: 77364K(163328K)->77364K(163328K) Eden: 47103K(47104K)->47103K(47104K) From: 30260K(116224K)->30260K(116224K)
[43.103s][info][gc,heap        ] GC(231) ParOldGen: 2594148K(2594304K)->2594148K(2594304K)
[43.103s][info][gc,metaspace   ] GC(231) Metaspace: 6298K(6464K)->6298K(6464K) NonClass: 5765K(5824K)->5765K(5824K) Class: 533K(640K)->533K(640K)
[43.103s][info][gc             ] GC(231) Pause Full (Ergonomics) 2608M->2608M(2693M) 799.177ms
[43.103s][info][gc,cpu         ] GC(231) User=6.05s Sys=0.00s Real=0.80s
[43.103s][info][gc,start       ] GC(232) Pause Full (Ergonomics)
[43.103s][info][gc,phases,start] GC(232) Marking Phase
[43.731s][info][gc,phases      ] GC(232) Marking Phase 628.394ms
[43.731s][info][gc,phases,start] GC(232) Summary Phase
[43.731s][info][gc,phases      ] GC(232) Summary Phase 0.037ms
[43.731s][info][gc,phases,start] GC(232) Adjust Roots
[43.732s][info][gc,phases      ] GC(232) Adjust Roots 0.203ms
[43.732s][info][gc,phases,start] GC(232) Compaction Phase
[43.930s][info][gc,phases      ] GC(232) Compaction Phase 198.673ms
[43.930s][info][gc,phases,start] GC(232) Post Compact
[43.935s][info][gc,phases      ] GC(232) Post Compact 5.060ms
[43.936s][info][gc,heap        ] GC(232) PSYoungGen: 77364K(163328K)->77364K(163328K) Eden: 47103K(47104K)->47103K(47104K) From: 30260K(116224K)->30260K(116224K)
[43.936s][info][gc,heap        ] GC(232) ParOldGen: 2594153K(2594304K)->2594153K(2594304K)
[43.936s][info][gc,metaspace   ] GC(232) Metaspace: 6298K(6464K)->6298K(6464K) NonClass: 5765K(5824K)->5765K(5824K) Class: 533K(640K)->533K(640K)
[43.936s][info][gc             ] GC(232) Pause Full (Ergonomics) 2608M->2608M(2693M) 832.766ms
[43.936s][info][gc,cpu         ] GC(232) User=6.27s Sys=0.00s Real=0.83s
[43.936s][info][gc,start       ] GC(233) Pause Full (Ergonomics)
[43.936s][info][gc,phases,start] GC(233) Marking Phase
[44.546s][info][gc,phases      ] GC(233) Marking Phase 610.308ms
[44.546s][info][gc,phases,start] GC(233) Summary Phase
[44.546s][info][gc,phases      ] GC(233) Summary Phase 0.036ms
[44.546s][info][gc,phases,start] GC(233) Adjust Roots
[44.547s][info][gc,phases      ] GC(233) Adjust Roots 0.204ms
[44.547s][info][gc,phases,start] GC(233) Compaction Phase
[44.720s][info][gc,phases      ] GC(233) Compaction Phase 173.514ms
[44.720s][info][gc,phases,start] GC(233) Post Compact
[44.725s][info][gc,phases      ] GC(233) Post Compact 5.104ms
[44.725s][info][gc,heap        ] GC(233) PSYoungGen: 77364K(163328K)->77364K(163328K) Eden: 47103K(47104K)->47103K(47104K) From: 30260K(116224K)->30260K(116224K)
[44.725s][info][gc,heap        ] GC(233) ParOldGen: 2594158K(2594304K)->2594158K(2594304K)
[44.725s][info][gc,metaspace   ] GC(233) Metaspace: 6298K(6464K)->6298K(6464K) NonClass: 5765K(5824K)->5765K(5824K) Class: 533K(640K)->533K(640K)
[44.725s][info][gc             ] GC(233) Pause Full (Ergonomics) 2608M->2608M(2693M) 789.538ms
[44.725s][info][gc,cpu         ] GC(233) User=6.17s Sys=0.00s Real=0.79s
[44.726s][info][gc,start       ] GC(234) Pause Full (Ergonomics)
[44.726s][info][gc,phases,start] GC(234) Marking Phase
[45.337s][info][gc,phases      ] GC(234) Marking Phase 611.755ms
[45.337s][info][gc,phases,start] GC(234) Summary Phase
[45.338s][info][gc,phases      ] GC(234) Summary Phase 0.036ms
[45.338s][info][gc,phases,start] GC(234) Adjust Roots
[45.338s][info][gc,phases      ] GC(234) Adjust Roots 0.158ms
[45.338s][info][gc,phases,start] GC(234) Compaction Phase
[45.520s][info][gc,phases      ] GC(234) Compaction Phase 182.139ms
[45.520s][info][gc,phases,start] GC(234) Post Compact
[45.525s][info][gc,phases      ] GC(234) Post Compact 4.924ms
[45.525s][info][gc,heap        ] GC(234) PSYoungGen: 77364K(163328K)->77364K(163328K) Eden: 47103K(47104K)->47103K(47104K) From: 30260K(116224K)->30260K(116224K)
[45.525s][info][gc,heap        ] GC(234) ParOldGen: 2594163K(2594304K)->2594163K(2594304K)
[45.525s][info][gc,metaspace   ] GC(234) Metaspace: 6298K(6464K)->6298K(6464K) NonClass: 5765K(5824K)->5765K(5824K) Class: 533K(640K)->533K(640K)
[45.525s][info][gc             ] GC(234) Pause Full (Ergonomics) 2608M->2608M(2693M) 799.352ms
[45.525s][info][gc,cpu         ] GC(234) User=6.03s Sys=0.00s Real=0.80s
[45.525s][info][gc,start       ] GC(235) Pause Full (Ergonomics)
[45.525s][info][gc,phases,start] GC(235) Marking Phase
[46.141s][info][gc,phases      ] GC(235) Marking Phase 615.977ms
[46.141s][info][gc,phases,start] GC(235) Summary Phase
[46.141s][info][gc,phases      ] GC(235) Summary Phase 0.043ms
[46.141s][info][gc,phases,start] GC(235) Adjust Roots
[46.141s][info][gc,phases      ] GC(235) Adjust Roots 0.165ms
[46.142s][info][gc,phases,start] GC(235) Compaction Phase
[46.309s][info][gc,phases      ] GC(235) Compaction Phase 167.693ms
[46.309s][info][gc,phases,start] GC(235) Post Compact
[46.314s][info][gc,phases      ] GC(235) Post Compact 4.560ms
[46.314s][info][gc,heap        ] GC(235) PSYoungGen: 77364K(163328K)->77364K(163328K) Eden: 47103K(47104K)->47103K(47104K) From: 30260K(116224K)->30260K(116224K)
[46.314s][info][gc,heap        ] GC(235) ParOldGen: 2594168K(2594304K)->2594168K(2594304K)
[46.314s][info][gc,metaspace   ] GC(235) Metaspace: 6298K(6464K)->6298K(6464K) NonClass: 5765K(5824K)->5765K(5824K) Class: 533K(640K)->533K(640K)
[46.314s][info][gc             ] GC(235) Pause Full (Ergonomics) 2608M->2608M(2693M) 788.804ms
[46.314s][info][gc,cpu         ] GC(235) User=6.03s Sys=0.00s Real=0.79s
[46.314s][info][gc,start       ] GC(236) Pause Full (Ergonomics)
[46.314s][info][gc,phases,start] GC(236) Marking Phase
[46.932s][info][gc,phases      ] GC(236) Marking Phase 617.534ms
[46.932s][info][gc,phases,start] GC(236) Summary Phase
[46.932s][info][gc,phases      ] GC(236) Summary Phase 0.037ms
[46.932s][info][gc,phases,start] GC(236) Adjust Roots
[46.932s][info][gc,phases      ] GC(236) Adjust Roots 0.176ms
[46.932s][info][gc,phases,start] GC(236) Compaction Phase
[47.109s][info][gc,phases      ] GC(236) Compaction Phase 176.376ms
[47.109s][info][gc,phases,start] GC(236) Post Compact
[47.113s][info][gc,phases      ] GC(236) Post Compact 4.671ms
[47.113s][info][gc,heap        ] GC(236) PSYoungGen: 77364K(163328K)->77364K(163328K) Eden: 47103K(47104K)->47103K(47104K) From: 30260K(116224K)->30260K(116224K)
[47.113s][info][gc,heap        ] GC(236) ParOldGen: 2594173K(2594304K)->2594173K(2594304K)
[47.113s][info][gc,metaspace   ] GC(236) Metaspace: 6298K(6464K)->6298K(6464K) NonClass: 5765K(5824K)->5765K(5824K) Class: 533K(640K)->533K(640K)
[47.113s][info][gc             ] GC(236) Pause Full (Ergonomics) 2608M->2608M(2693M) 799.159ms
[47.113s][info][gc,cpu         ] GC(236) User=6.02s Sys=0.00s Real=0.80s
[47.114s][info][gc,start       ] GC(237) Pause Full (Ergonomics)
[47.114s][info][gc,phases,start] GC(237) Marking Phase
[47.738s][info][gc,phases      ] GC(237) Marking Phase 623.934ms
[47.738s][info][gc,phases,start] GC(237) Summary Phase
[47.738s][info][gc,phases      ] GC(237) Summary Phase 0.037ms
[47.738s][info][gc,phases,start] GC(237) Adjust Roots
[47.738s][info][gc,phases      ] GC(237) Adjust Roots 0.168ms
[47.738s][info][gc,phases,start] GC(237) Compaction Phase
[47.924s][info][gc,phases      ] GC(237) Compaction Phase 186.373ms
[47.924s][info][gc,phases,start] GC(237) Post Compact
[47.929s][info][gc,phases      ] GC(237) Post Compact 5.023ms
[47.929s][info][gc,heap        ] GC(237) PSYoungGen: 77364K(163328K)->77364K(163328K) Eden: 47103K(47104K)->47103K(47104K) From: 30260K(116224K)->30260K(116224K)
[47.929s][info][gc,heap        ] GC(237) ParOldGen: 2594177K(2594304K)->2594177K(2594304K)
[47.929s][info][gc,metaspace   ] GC(237) Metaspace: 6298K(6464K)->6298K(6464K) NonClass: 5765K(5824K)->5765K(5824K) Class: 533K(640K)->533K(640K)
[47.930s][info][gc             ] GC(237) Pause Full (Ergonomics) 2608M->2608M(2693M) 815.875ms
[47.930s][info][gc,cpu         ] GC(237) User=6.05s Sys=0.00s Real=0.82s
[47.930s][info][gc,start       ] GC(238) Pause Full (Ergonomics)
[47.930s][info][gc,phases,start] GC(238) Marking Phase
[48.545s][info][gc,phases      ] GC(238) Marking Phase 614.902ms
[48.545s][info][gc,phases,start] GC(238) Summary Phase
[48.545s][info][gc,phases      ] GC(238) Summary Phase 0.046ms
[48.545s][info][gc,phases,start] GC(238) Adjust Roots
[48.545s][info][gc,phases      ] GC(238) Adjust Roots 0.175ms
[48.545s][info][gc,phases,start] GC(238) Compaction Phase
[48.723s][info][gc,phases      ] GC(238) Compaction Phase 177.823ms
[48.723s][info][gc,phases,start] GC(238) Post Compact
[48.728s][info][gc,phases      ] GC(238) Post Compact 4.855ms
[48.728s][info][gc,heap        ] GC(238) PSYoungGen: 77364K(163328K)->77364K(163328K) Eden: 47103K(47104K)->47103K(47104K) From: 30260K(116224K)->30260K(116224K)
[48.728s][info][gc,heap        ] GC(238) ParOldGen: 2594182K(2594304K)->2594182K(2594304K)
[48.728s][info][gc,metaspace   ] GC(238) Metaspace: 6298K(6464K)->6298K(6464K) NonClass: 5765K(5824K)->5765K(5824K) Class: 533K(640K)->533K(640K)
[48.728s][info][gc             ] GC(238) Pause Full (Ergonomics) 2608M->2608M(2693M) 798.172ms
[48.728s][info][gc,cpu         ] GC(238) User=6.03s Sys=0.00s Real=0.80s
[48.728s][info][gc,start       ] GC(239) Pause Full (Ergonomics)
[48.728s][info][gc,phases,start] GC(239) Marking Phase
[49.335s][info][gc,phases      ] GC(239) Marking Phase 606.898ms
[49.335s][info][gc,phases,start] GC(239) Summary Phase
[49.335s][info][gc,phases      ] GC(239) Summary Phase 0.036ms
[49.335s][info][gc,phases,start] GC(239) Adjust Roots
[49.335s][info][gc,phases      ] GC(239) Adjust Roots 0.159ms
[49.335s][info][gc,phases,start] GC(239) Compaction Phase
[49.523s][info][gc,phases      ] GC(239) Compaction Phase 187.910ms
[49.523s][info][gc,phases,start] GC(239) Post Compact
[49.528s][info][gc,phases      ] GC(239) Post Compact 4.855ms
[49.528s][info][gc,heap        ] GC(239) PSYoungGen: 77364K(163328K)->77364K(163328K) Eden: 47103K(47104K)->47103K(47104K) From: 30260K(116224K)->30260K(116224K)
[49.528s][info][gc,heap        ] GC(239) ParOldGen: 2594187K(2594304K)->2594187K(2594304K)
[49.528s][info][gc,metaspace   ] GC(239) Metaspace: 6298K(6464K)->6298K(6464K) NonClass: 5765K(5824K)->5765K(5824K) Class: 533K(640K)->533K(640K)
[49.528s][info][gc             ] GC(239) Pause Full (Ergonomics) 2608M->2608M(2693M) 800.228ms
[49.529s][info][gc,cpu         ] GC(239) User=5.84s Sys=0.00s Real=0.80s
[49.529s][info][gc,start       ] GC(240) Pause Full (Ergonomics)
[49.529s][info][gc,phases,start] GC(240) Marking Phase
[50.142s][info][gc,phases      ] GC(240) Marking Phase 612.992ms
[50.142s][info][gc,phases,start] GC(240) Summary Phase
[50.142s][info][gc,phases      ] GC(240) Summary Phase 0.036ms
[50.142s][info][gc,phases,start] GC(240) Adjust Roots
[50.142s][info][gc,phases      ] GC(240) Adjust Roots 0.163ms
[50.142s][info][gc,phases,start] GC(240) Compaction Phase
[50.330s][info][gc,phases      ] GC(240) Compaction Phase 188.193ms
[50.330s][info][gc,phases,start] GC(240) Post Compact
[50.336s][info][gc,phases      ] GC(240) Post Compact 5.582ms
[50.336s][info][gc,heap        ] GC(240) PSYoungGen: 77364K(163328K)->77364K(163328K) Eden: 47103K(47104K)->47103K(47104K) From: 30260K(116224K)->30260K(116224K)
[50.336s][info][gc,heap        ] GC(240) ParOldGen: 2594192K(2594304K)->2594192K(2594304K)
[50.336s][info][gc,metaspace   ] GC(240) Metaspace: 6298K(6464K)->6298K(6464K) NonClass: 5765K(5824K)->5765K(5824K) Class: 533K(640K)->533K(640K)
[50.336s][info][gc             ] GC(240) Pause Full (Ergonomics) 2608M->2608M(2693M) 807.372ms
[50.336s][info][gc,cpu         ] GC(240) User=6.06s Sys=0.00s Real=0.81s
[50.336s][info][gc,start       ] GC(241) Pause Full (Ergonomics)
[50.336s][info][gc,phases,start] GC(241) Marking Phase
[50.960s][info][gc,phases      ] GC(241) Marking Phase 623.479ms
[50.960s][info][gc,phases,start] GC(241) Summary Phase
[50.960s][info][gc,phases      ] GC(241) Summary Phase 0.043ms
[50.960s][info][gc,phases,start] GC(241) Adjust Roots
[50.960s][info][gc,phases      ] GC(241) Adjust Roots 0.179ms
[50.960s][info][gc,phases,start] GC(241) Compaction Phase
[51.136s][info][gc,phases      ] GC(241) Compaction Phase 175.775ms
[51.136s][info][gc,phases,start] GC(241) Post Compact
[51.141s][info][gc,phases      ] GC(241) Post Compact 4.553ms
[51.141s][info][gc,heap        ] GC(241) PSYoungGen: 77364K(163328K)->77364K(163328K) Eden: 47103K(47104K)->47103K(47104K) From: 30260K(116224K)->30260K(116224K)
[51.141s][info][gc,heap        ] GC(241) ParOldGen: 2594197K(2594304K)->2594197K(2594304K)
[51.141s][info][gc,metaspace   ] GC(241) Metaspace: 6298K(6464K)->6298K(6464K) NonClass: 5765K(5824K)->5765K(5824K) Class: 533K(640K)->533K(640K)
[51.141s][info][gc             ] GC(241) Pause Full (Ergonomics) 2608M->2608M(2693M) 804.377ms
[51.141s][info][gc,cpu         ] GC(241) User=6.09s Sys=0.00s Real=0.80s
[51.141s][info][gc,start       ] GC(242) Pause Full (Ergonomics)
[51.141s][info][gc,phases,start] GC(242) Marking Phase
[51.761s][info][gc,phases      ] GC(242) Marking Phase 619.959ms
[51.761s][info][gc,phases,start] GC(242) Summary Phase
[51.761s][info][gc,phases      ] GC(242) Summary Phase 0.044ms
[51.761s][info][gc,phases,start] GC(242) Adjust Roots
[51.761s][info][gc,phases      ] GC(242) Adjust Roots 0.161ms
[51.761s][info][gc,phases,start] GC(242) Compaction Phase
[51.931s][info][gc,phases      ] GC(242) Compaction Phase 169.609ms
[51.931s][info][gc,phases,start] GC(242) Post Compact
[51.935s][info][gc,phases      ] GC(242) Post Compact 4.526ms
[51.936s][info][gc,heap        ] GC(242) PSYoungGen: 77364K(163328K)->77364K(163328K) Eden: 47103K(47104K)->47103K(47104K) From: 30260K(116224K)->30260K(116224K)
[51.936s][info][gc,heap        ] GC(242) ParOldGen: 2594202K(2594304K)->2594202K(2594304K)
[51.936s][info][gc,metaspace   ] GC(242) Metaspace: 6298K(6464K)->6298K(6464K) NonClass: 5765K(5824K)->5765K(5824K) Class: 533K(640K)->533K(640K)
[51.936s][info][gc             ] GC(242) Pause Full (Ergonomics) 2608M->2608M(2693M) 794.659ms
[51.936s][info][gc,cpu         ] GC(242) User=6.06s Sys=0.00s Real=0.79s
[51.936s][info][gc,start       ] GC(243) Pause Full (Ergonomics)
[51.936s][info][gc,phases,start] GC(243) Marking Phase
[52.553s][info][gc,phases      ] GC(243) Marking Phase 616.954ms
[52.553s][info][gc,phases,start] GC(243) Summary Phase
[52.553s][info][gc,phases      ] GC(243) Summary Phase 0.036ms
[52.553s][info][gc,phases,start] GC(243) Adjust Roots
[52.553s][info][gc,phases      ] GC(243) Adjust Roots 0.163ms
[52.553s][info][gc,phases,start] GC(243) Compaction Phase
[52.725s][info][gc,phases      ] GC(243) Compaction Phase 171.773ms
[52.725s][info][gc,phases,start] GC(243) Post Compact
[52.730s][info][gc,phases      ] GC(243) Post Compact 5.159ms
[52.730s][info][gc,heap        ] GC(243) PSYoungGen: 77364K(163328K)->77364K(163328K) Eden: 47103K(47104K)->47103K(47104K) From: 30260K(116224K)->30260K(116224K)
[52.730s][info][gc,heap        ] GC(243) ParOldGen: 2594206K(2594304K)->2594206K(2594304K)
[52.730s][info][gc,metaspace   ] GC(243) Metaspace: 6298K(6464K)->6298K(6464K) NonClass: 5765K(5824K)->5765K(5824K) Class: 533K(640K)->533K(640K)
[52.730s][info][gc             ] GC(243) Pause Full (Ergonomics) 2608M->2608M(2693M) 794.467ms
[52.730s][info][gc,cpu         ] GC(243) User=6.08s Sys=0.00s Real=0.79s
[52.731s][info][gc,start       ] GC(244) Pause Full (Ergonomics)
[52.731s][info][gc,phases,start] GC(244) Marking Phase
[53.357s][info][gc,phases      ] GC(244) Marking Phase 626.624ms
[53.357s][info][gc,phases,start] GC(244) Summary Phase
[53.357s][info][gc,phases      ] GC(244) Summary Phase 0.036ms
[53.357s][info][gc,phases,start] GC(244) Adjust Roots
[53.357s][info][gc,phases      ] GC(244) Adjust Roots 0.162ms
[53.357s][info][gc,phases,start] GC(244) Compaction Phase
[53.538s][info][gc,phases      ] GC(244) Compaction Phase 180.181ms
[53.538s][info][gc,phases,start] GC(244) Post Compact
[53.543s][info][gc,phases      ] GC(244) Post Compact 5.278ms
[53.543s][info][gc,heap        ] GC(244) PSYoungGen: 77364K(163328K)->77364K(163328K) Eden: 47103K(47104K)->47103K(47104K) From: 30260K(116224K)->30260K(116224K)
[53.543s][info][gc,heap        ] GC(244) ParOldGen: 2594211K(2594304K)->2594211K(2594304K)
[53.543s][info][gc,metaspace   ] GC(244) Metaspace: 6298K(6464K)->6298K(6464K) NonClass: 5765K(5824K)->5765K(5824K) Class: 533K(640K)->533K(640K)
[53.543s][info][gc             ] GC(244) Pause Full (Ergonomics) 2608M->2608M(2693M) 812.674ms
[53.543s][info][gc,cpu         ] GC(244) User=6.22s Sys=0.00s Real=0.81s
[53.543s][info][gc,start       ] GC(245) Pause Full (Ergonomics)
[53.543s][info][gc,phases,start] GC(245) Marking Phase
[54.192s][info][gc,phases      ] GC(245) Marking Phase 648.823ms
[54.192s][info][gc,phases,start] GC(245) Summary Phase
[54.192s][info][gc,phases      ] GC(245) Summary Phase 0.037ms
[54.192s][info][gc,phases,start] GC(245) Adjust Roots
[54.193s][info][gc,phases      ] GC(245) Adjust Roots 0.174ms
[54.193s][info][gc,phases,start] GC(245) Compaction Phase
[54.384s][info][gc,phases      ] GC(245) Compaction Phase 191.193ms
[54.384s][info][gc,phases,start] GC(245) Post Compact
[54.389s][info][gc,phases      ] GC(245) Post Compact 4.966ms
[54.389s][info][gc,heap        ] GC(245) PSYoungGen: 77364K(163328K)->77364K(163328K) Eden: 47103K(47104K)->47103K(47104K) From: 30260K(116224K)->30260K(116224K)
[54.389s][info][gc,heap        ] GC(245) ParOldGen: 2594216K(2594304K)->2594216K(2594304K)
[54.389s][info][gc,metaspace   ] GC(245) Metaspace: 6298K(6464K)->6298K(6464K) NonClass: 5765K(5824K)->5765K(5824K) Class: 533K(640K)->533K(640K)
[54.389s][info][gc             ] GC(245) Pause Full (Ergonomics) 2608M->2608M(2693M) 845.549ms
[54.389s][info][gc,cpu         ] GC(245) User=5.91s Sys=0.02s Real=0.85s
[54.389s][info][gc,start       ] GC(246) Pause Full (Ergonomics)
[54.389s][info][gc,phases,start] GC(246) Marking Phase
[55.024s][info][gc,phases      ] GC(246) Marking Phase 635.023ms
[55.024s][info][gc,phases,start] GC(246) Summary Phase
[55.024s][info][gc,phases      ] GC(246) Summary Phase 0.038ms
[55.024s][info][gc,phases,start] GC(246) Adjust Roots
[55.025s][info][gc,phases      ] GC(246) Adjust Roots 0.180ms
[55.025s][info][gc,phases,start] GC(246) Compaction Phase
[55.198s][info][gc,phases      ] GC(246) Compaction Phase 172.973ms
[55.198s][info][gc,phases,start] GC(246) Post Compact
[55.204s][info][gc,phases      ] GC(246) Post Compact 6.540ms
[55.204s][info][gc,heap        ] GC(246) PSYoungGen: 77364K(163328K)->77364K(163328K) Eden: 47103K(47104K)->47103K(47104K) From: 30260K(116224K)->30260K(116224K)
[55.204s][info][gc,heap        ] GC(246) ParOldGen: 2594221K(2594304K)->2594221K(2594304K)
[55.204s][info][gc,metaspace   ] GC(246) Metaspace: 6298K(6464K)->6298K(6464K) NonClass: 5765K(5824K)->5765K(5824K) Class: 533K(640K)->533K(640K)
[55.204s][info][gc             ] GC(246) Pause Full (Ergonomics) 2608M->2608M(2693M) 815.135ms
[55.204s][info][gc,cpu         ] GC(246) User=5.67s Sys=0.00s Real=0.82s
[55.205s][info][gc,start       ] GC(247) Pause Full (Ergonomics)
[55.205s][info][gc,phases,start] GC(247) Marking Phase
[55.809s][info][gc,phases      ] GC(247) Marking Phase 604.630ms
[55.809s][info][gc,phases,start] GC(247) Summary Phase
[55.809s][info][gc,phases      ] GC(247) Summary Phase 0.037ms
[55.809s][info][gc,phases,start] GC(247) Adjust Roots
[55.810s][info][gc,phases      ] GC(247) Adjust Roots 0.166ms
[55.810s][info][gc,phases,start] GC(247) Compaction Phase
[55.987s][info][gc,phases      ] GC(247) Compaction Phase 177.822ms
[55.987s][info][gc,phases,start] GC(247) Post Compact
[55.993s][info][gc,phases      ] GC(247) Post Compact 5.106ms
[55.993s][info][gc,heap        ] GC(247) PSYoungGen: 77364K(163328K)->77364K(163328K) Eden: 47103K(47104K)->47103K(47104K) From: 30260K(116224K)->30260K(116224K)
[55.993s][info][gc,heap        ] GC(247) ParOldGen: 2594226K(2594304K)->2594226K(2594304K)
[55.993s][info][gc,metaspace   ] GC(247) Metaspace: 6298K(6464K)->6298K(6464K) NonClass: 5765K(5824K)->5765K(5824K) Class: 533K(640K)->533K(640K)
[55.993s][info][gc             ] GC(247) Pause Full (Ergonomics) 2608M->2608M(2693M) 788.121ms
[55.993s][info][gc,cpu         ] GC(247) User=5.89s Sys=0.00s Real=0.79s
[55.993s][info][gc,start       ] GC(248) Pause Full (Ergonomics)
[55.993s][info][gc,phases,start] GC(248) Marking Phase
[56.627s][info][gc,phases      ] GC(248) Marking Phase 633.903ms
[56.627s][info][gc,phases,start] GC(248) Summary Phase
[56.627s][info][gc,phases      ] GC(248) Summary Phase 0.037ms
[56.627s][info][gc,phases,start] GC(248) Adjust Roots
[56.627s][info][gc,phases      ] GC(248) Adjust Roots 0.222ms
[56.627s][info][gc,phases,start] GC(248) Compaction Phase
[56.804s][info][gc,phases      ] GC(248) Compaction Phase 176.598ms
[56.804s][info][gc,phases,start] GC(248) Post Compact
[56.808s][info][gc,phases      ] GC(248) Post Compact 4.586ms
[56.809s][info][gc,heap        ] GC(248) PSYoungGen: 77364K(163328K)->77364K(163328K) Eden: 47103K(47104K)->47103K(47104K) From: 30260K(116224K)->30260K(116224K)
[56.809s][info][gc,heap        ] GC(248) ParOldGen: 2594231K(2594304K)->2594231K(2594304K)
[56.809s][info][gc,metaspace   ] GC(248) Metaspace: 6298K(6464K)->6298K(6464K) NonClass: 5765K(5824K)->5765K(5824K) Class: 533K(640K)->533K(640K)
[56.809s][info][gc             ] GC(248) Pause Full (Ergonomics) 2608M->2608M(2693M) 815.690ms
[56.809s][info][gc,cpu         ] GC(248) User=5.75s Sys=0.03s Real=0.82s
[56.809s][info][gc,start       ] GC(249) Pause Full (Ergonomics)
[56.809s][info][gc,phases,start] GC(249) Marking Phase
[57.431s][info][gc,phases      ] GC(249) Marking Phase 622.593ms
[57.432s][info][gc,phases,start] GC(249) Summary Phase
[57.432s][info][gc,phases      ] GC(249) Summary Phase 0.037ms
[57.432s][info][gc,phases,start] GC(249) Adjust Roots
[57.432s][info][gc,phases      ] GC(249) Adjust Roots 0.190ms
[57.432s][info][gc,phases,start] GC(249) Compaction Phase
[57.616s][info][gc,phases      ] GC(249) Compaction Phase 183.954ms
[57.616s][info][gc,phases,start] GC(249) Post Compact
[57.621s][info][gc,phases      ] GC(249) Post Compact 5.166ms
[57.621s][info][gc,heap        ] GC(249) PSYoungGen: 77364K(163328K)->77364K(163328K) Eden: 47103K(47104K)->47103K(47104K) From: 30260K(116224K)->30260K(116224K)
[57.621s][info][gc,heap        ] GC(249) ParOldGen: 2594235K(2594304K)->2594235K(2594304K)
[57.621s][info][gc,metaspace   ] GC(249) Metaspace: 6298K(6464K)->6298K(6464K) NonClass: 5765K(5824K)->5765K(5824K) Class: 533K(640K)->533K(640K)
[57.621s][info][gc             ] GC(249) Pause Full (Ergonomics) 2608M->2608M(2693M) 812.312ms
[57.621s][info][gc,cpu         ] GC(249) User=6.05s Sys=0.00s Real=0.81s
[57.621s][info][gc,start       ] GC(250) Pause Full (Ergonomics)
[57.621s][info][gc,phases,start] GC(250) Marking Phase
[58.249s][info][gc,phases      ] GC(250) Marking Phase 627.465ms
[58.249s][info][gc,phases,start] GC(250) Summary Phase
[58.249s][info][gc,phases      ] GC(250) Summary Phase 0.039ms
[58.249s][info][gc,phases,start] GC(250) Adjust Roots
[58.249s][info][gc,phases      ] GC(250) Adjust Roots 0.190ms
[58.249s][info][gc,phases,start] GC(250) Compaction Phase
[58.440s][info][gc,phases      ] GC(250) Compaction Phase 190.378ms
[58.440s][info][gc,phases,start] GC(250) Post Compact
[58.445s][info][gc,phases      ] GC(250) Post Compact 5.222ms
[58.445s][info][gc,heap        ] GC(250) PSYoungGen: 77364K(163328K)->77364K(163328K) Eden: 47103K(47104K)->47103K(47104K) From: 30260K(116224K)->30260K(116224K)
[58.445s][info][gc,heap        ] GC(250) ParOldGen: 2594240K(2594304K)->2594240K(2594304K)
[58.445s][info][gc,metaspace   ] GC(250) Metaspace: 6298K(6464K)->6298K(6464K) NonClass: 5765K(5824K)->5765K(5824K) Class: 533K(640K)->533K(640K)
[58.445s][info][gc             ] GC(250) Pause Full (Ergonomics) 2608M->2608M(2693M) 823.673ms
[58.445s][info][gc,cpu         ] GC(250) User=6.28s Sys=0.02s Real=0.82s
[58.445s][info][gc,start       ] GC(251) Pause Full (Ergonomics)
[58.445s][info][gc,phases,start] GC(251) Marking Phase
[59.059s][info][gc,phases      ] GC(251) Marking Phase 613.944ms
[59.059s][info][gc,phases,start] GC(251) Summary Phase
[59.059s][info][gc,phases      ] GC(251) Summary Phase 0.036ms
[59.059s][info][gc,phases,start] GC(251) Adjust Roots
[59.060s][info][gc,phases      ] GC(251) Adjust Roots 0.159ms
[59.060s][info][gc,phases,start] GC(251) Compaction Phase
[59.240s][info][gc,phases      ] GC(251) Compaction Phase 180.305ms
[59.240s][info][gc,phases,start] GC(251) Post Compact
[59.245s][info][gc,phases      ] GC(251) Post Compact 4.905ms
[59.245s][info][gc,heap        ] GC(251) PSYoungGen: 77364K(163328K)->77364K(163328K) Eden: 47103K(47104K)->47103K(47104K) From: 30260K(116224K)->30260K(116224K)
[59.245s][info][gc,heap        ] GC(251) ParOldGen: 2594245K(2594304K)->2594245K(2594304K)
[59.245s][info][gc,metaspace   ] GC(251) Metaspace: 6298K(6464K)->6298K(6464K) NonClass: 5765K(5824K)->5765K(5824K) Class: 533K(640K)->533K(640K)
[59.245s][info][gc             ] GC(251) Pause Full (Ergonomics) 2608M->2608M(2693M) 799.725ms
[59.245s][info][gc,cpu         ] GC(251) User=6.19s Sys=0.00s Real=0.80s
[59.245s][info][gc,start       ] GC(252) Pause Full (Ergonomics)
[59.245s][info][gc,phases,start] GC(252) Marking Phase
[59.864s][info][gc,phases      ] GC(252) Marking Phase 618.884ms
[59.864s][info][gc,phases,start] GC(252) Summary Phase
[59.864s][info][gc,phases      ] GC(252) Summary Phase 0.037ms
[59.864s][info][gc,phases,start] GC(252) Adjust Roots
[59.864s][info][gc,phases      ] GC(252) Adjust Roots 0.158ms
[59.864s][info][gc,phases,start] GC(252) Compaction Phase
[60.035s][info][gc,phases      ] GC(252) Compaction Phase 170.035ms
[60.035s][info][gc,phases,start] GC(252) Post Compact
[60.039s][info][gc,phases      ] GC(252) Post Compact 4.737ms
[60.039s][info][gc,heap        ] GC(252) PSYoungGen: 77364K(163328K)->77364K(163328K) Eden: 47103K(47104K)->47103K(47104K) From: 30260K(116224K)->30260K(116224K)
[60.039s][info][gc,heap        ] GC(252) ParOldGen: 2594250K(2594304K)->2594250K(2594304K)
[60.039s][info][gc,metaspace   ] GC(252) Metaspace: 6298K(6464K)->6298K(6464K) NonClass: 5765K(5824K)->5765K(5824K) Class: 533K(640K)->533K(640K)
[60.040s][info][gc             ] GC(252) Pause Full (Ergonomics) 2608M->2608M(2693M) 794.227ms
[60.040s][info][gc,cpu         ] GC(252) User=6.02s Sys=0.02s Real=0.79s
[60.040s][info][gc,start       ] GC(253) Pause Full (Ergonomics)
[60.040s][info][gc,phases,start] GC(253) Marking Phase
[60.655s][info][gc,phases      ] GC(253) Marking Phase 615.134ms
[60.655s][info][gc,phases,start] GC(253) Summary Phase
[60.655s][info][gc,phases      ] GC(253) Summary Phase 0.036ms
[60.655s][info][gc,phases,start] GC(253) Adjust Roots
[60.655s][info][gc,phases      ] GC(253) Adjust Roots 0.161ms
[60.655s][info][gc,phases,start] GC(253) Compaction Phase
[60.836s][info][gc,phases      ] GC(253) Compaction Phase 180.727ms
[60.836s][info][gc,phases,start] GC(253) Post Compact
[60.841s][info][gc,phases      ] GC(253) Post Compact 4.811ms
[60.841s][info][gc,heap        ] GC(253) PSYoungGen: 77364K(163328K)->77364K(163328K) Eden: 47103K(47104K)->47103K(47104K) From: 30260K(116224K)->30260K(116224K)
[60.841s][info][gc,heap        ] GC(253) ParOldGen: 2594255K(2594304K)->2594255K(2594304K)
[60.841s][info][gc,metaspace   ] GC(253) Metaspace: 6298K(6464K)->6298K(6464K) NonClass: 5765K(5824K)->5765K(5824K) Class: 533K(640K)->533K(640K)
[60.841s][info][gc             ] GC(253) Pause Full (Ergonomics) 2609M->2609M(2693M) 801.212ms
[60.841s][info][gc,cpu         ] GC(253) User=6.14s Sys=0.00s Real=0.80s
[60.841s][info][gc,start       ] GC(254) Pause Full (Ergonomics)
[60.841s][info][gc,phases,start] GC(254) Marking Phase
[61.446s][info][gc,phases      ] GC(254) Marking Phase 604.647ms
[61.446s][info][gc,phases,start] GC(254) Summary Phase
[61.446s][info][gc,phases      ] GC(254) Summary Phase 0.057ms
[61.446s][info][gc,phases,start] GC(254) Adjust Roots
[61.446s][info][gc,phases      ] GC(254) Adjust Roots 0.195ms
[61.446s][info][gc,phases,start] GC(254) Compaction Phase
[61.626s][info][gc,phases      ] GC(254) Compaction Phase 179.283ms
[61.626s][info][gc,phases,start] GC(254) Post Compact
[61.632s][info][gc,phases      ] GC(254) Post Compact 6.766ms
[61.632s][info][gc,heap        ] GC(254) PSYoungGen: 77364K(163328K)->77364K(163328K) Eden: 47103K(47104K)->47103K(47104K) From: 30260K(116224K)->30260K(116224K)
[61.633s][info][gc,heap        ] GC(254) ParOldGen: 2594260K(2594304K)->2594260K(2594304K)
[61.633s][info][gc,metaspace   ] GC(254) Metaspace: 6298K(6464K)->6298K(6464K) NonClass: 5765K(5824K)->5765K(5824K) Class: 533K(640K)->533K(640K)
[61.633s][info][gc             ] GC(254) Pause Full (Ergonomics) 2609M->2609M(2693M) 791.398ms
[61.633s][info][gc,cpu         ] GC(254) User=5.78s Sys=0.02s Real=0.79s
[61.633s][info][gc,start       ] GC(255) Pause Full (Ergonomics)
[61.633s][info][gc,phases,start] GC(255) Marking Phase
[62.260s][info][gc,phases      ] GC(255) Marking Phase 627.365ms
[62.260s][info][gc,phases,start] GC(255) Summary Phase
[62.260s][info][gc,phases      ] GC(255) Summary Phase 0.038ms
[62.260s][info][gc,phases,start] GC(255) Adjust Roots
[62.261s][info][gc,phases      ] GC(255) Adjust Roots 0.194ms
[62.261s][info][gc,phases,start] GC(255) Compaction Phase
[62.436s][info][gc,phases      ] GC(255) Compaction Phase 174.930ms
[62.436s][info][gc,phases,start] GC(255) Post Compact
[62.440s][info][gc,phases      ] GC(255) Post Compact 4.560ms
[62.440s][info][gc,heap        ] GC(255) PSYoungGen: 77364K(163328K)->77364K(163328K) Eden: 47103K(47104K)->47103K(47104K) From: 30260K(116224K)->30260K(116224K)
[62.440s][info][gc,heap        ] GC(255) ParOldGen: 2594264K(2594304K)->2594264K(2594304K)
[62.440s][info][gc,metaspace   ] GC(255) Metaspace: 6298K(6464K)->6298K(6464K) NonClass: 5765K(5824K)->5765K(5824K) Class: 533K(640K)->533K(640K)
[62.440s][info][gc             ] GC(255) Pause Full (Ergonomics) 2609M->2609M(2693M) 807.456ms
[62.440s][info][gc,cpu         ] GC(255) User=6.11s Sys=0.00s Real=0.81s
[62.441s][info][gc,start       ] GC(256) Pause Full (Ergonomics)
[62.441s][info][gc,phases,start] GC(256) Marking Phase
[63.066s][info][gc,phases      ] GC(256) Marking Phase 625.748ms
[63.066s][info][gc,phases,start] GC(256) Summary Phase
[63.066s][info][gc,phases      ] GC(256) Summary Phase 0.046ms
[63.066s][info][gc,phases,start] GC(256) Adjust Roots
[63.067s][info][gc,phases      ] GC(256) Adjust Roots 0.164ms
[63.067s][info][gc,phases,start] GC(256) Compaction Phase
[63.250s][info][gc,phases      ] GC(256) Compaction Phase 183.579ms
[63.250s][info][gc,phases,start] GC(256) Post Compact
[63.255s][info][gc,phases      ] GC(256) Post Compact 4.886ms
[63.255s][info][gc,heap        ] GC(256) PSYoungGen: 77364K(163328K)->77364K(163328K) Eden: 47103K(47104K)->47103K(47104K) From: 30260K(116224K)->30260K(116224K)
[63.255s][info][gc,heap        ] GC(256) ParOldGen: 2594269K(2594304K)->2594269K(2594304K)
[63.255s][info][gc,metaspace   ] GC(256) Metaspace: 6298K(6464K)->6298K(6464K) NonClass: 5765K(5824K)->5765K(5824K) Class: 533K(640K)->533K(640K)
[63.255s][info][gc             ] GC(256) Pause Full (Ergonomics) 2609M->2609M(2693M) 814.792ms
[63.255s][info][gc,cpu         ] GC(256) User=6.16s Sys=0.00s Real=0.81s
[63.256s][info][gc,start       ] GC(257) Pause Full (Ergonomics)
[63.256s][info][gc,phases,start] GC(257) Marking Phase
[63.862s][info][gc,phases      ] GC(257) Marking Phase 605.889ms
[63.862s][info][gc,phases,start] GC(257) Summary Phase
[63.862s][info][gc,phases      ] GC(257) Summary Phase 0.036ms
[63.862s][info][gc,phases,start] GC(257) Adjust Roots
[63.862s][info][gc,phases      ] GC(257) Adjust Roots 0.165ms
[63.862s][info][gc,phases,start] GC(257) Compaction Phase
[64.038s][info][gc,phases      ] GC(257) Compaction Phase 175.865ms
[64.038s][info][gc,phases,start] GC(257) Post Compact
[64.042s][info][gc,phases      ] GC(257) Post Compact 4.527ms
[64.042s][info][gc,heap        ] GC(257) PSYoungGen: 77364K(163328K)->77364K(163328K) Eden: 47103K(47104K)->47103K(47104K) From: 30260K(116224K)->30260K(116224K)
[64.042s][info][gc,heap        ] GC(257) ParOldGen: 2594274K(2594304K)->2594274K(2594304K)
[64.042s][info][gc,metaspace   ] GC(257) Metaspace: 6298K(6464K)->6298K(6464K) NonClass: 5765K(5824K)->5765K(5824K) Class: 533K(640K)->533K(640K)
[64.042s][info][gc             ] GC(257) Pause Full (Ergonomics) 2609M->2609M(2693M) 786.835ms
[64.042s][info][gc,cpu         ] GC(257) User=5.89s Sys=0.00s Real=0.79s
[64.043s][info][gc,start       ] GC(258) Pause Full (Ergonomics)
[64.043s][info][gc,phases,start] GC(258) Marking Phase
[64.660s][info][gc,phases      ] GC(258) Marking Phase 616.951ms
[64.660s][info][gc,phases,start] GC(258) Summary Phase
[64.660s][info][gc,phases      ] GC(258) Summary Phase 0.039ms
[64.660s][info][gc,phases,start] GC(258) Adjust Roots
[64.660s][info][gc,phases      ] GC(258) Adjust Roots 0.193ms
[64.660s][info][gc,phases,start] GC(258) Compaction Phase
[64.839s][info][gc,phases      ] GC(258) Compaction Phase 179.413ms
[64.839s][info][gc,phases,start] GC(258) Post Compact
[64.845s][info][gc,phases      ] GC(258) Post Compact 5.097ms
[64.845s][info][gc,heap        ] GC(258) PSYoungGen: 77364K(163328K)->77364K(163328K) Eden: 47103K(47104K)->47103K(47104K) From: 30260K(116224K)->30260K(116224K)
[64.845s][info][gc,heap        ] GC(258) ParOldGen: 2594279K(2594304K)->2594279K(2594304K)
[64.845s][info][gc,metaspace   ] GC(258) Metaspace: 6298K(6464K)->6298K(6464K) NonClass: 5765K(5824K)->5765K(5824K) Class: 533K(640K)->533K(640K)
[64.845s][info][gc             ] GC(258) Pause Full (Ergonomics) 2609M->2609M(2693M) 802.076ms
[64.845s][info][gc,cpu         ] GC(258) User=5.97s Sys=0.00s Real=0.80s
[64.845s][info][gc,start       ] GC(259) Pause Full (Ergonomics)
[64.845s][info][gc,phases,start] GC(259) Marking Phase
[65.461s][info][gc,phases      ] GC(259) Marking Phase 615.952ms
[65.461s][info][gc,phases,start] GC(259) Summary Phase
[65.461s][info][gc,phases      ] GC(259) Summary Phase 0.036ms
[65.461s][info][gc,phases,start] GC(259) Adjust Roots
[65.461s][info][gc,phases      ] GC(259) Adjust Roots 0.164ms
[65.461s][info][gc,phases,start] GC(259) Compaction Phase
[65.637s][info][gc,phases      ] GC(259) Compaction Phase 175.858ms
[65.637s][info][gc,phases,start] GC(259) Post Compact
[65.642s][info][gc,phases      ] GC(259) Post Compact 4.541ms
[65.642s][info][gc,heap        ] GC(259) PSYoungGen: 77364K(163328K)->77364K(163328K) Eden: 47103K(47104K)->47103K(47104K) From: 30260K(116224K)->30260K(116224K)
[65.642s][info][gc,heap        ] GC(259) ParOldGen: 2594284K(2594304K)->2594284K(2594304K)
[65.642s][info][gc,metaspace   ] GC(259) Metaspace: 6298K(6464K)->6298K(6464K) NonClass: 5765K(5824K)->5765K(5824K) Class: 533K(640K)->533K(640K)
[65.642s][info][gc             ] GC(259) Pause Full (Ergonomics) 2609M->2609M(2693M) 796.890ms
[65.642s][info][gc,cpu         ] GC(259) User=6.05s Sys=0.00s Real=0.80s
[65.642s][info][gc,start       ] GC(260) Pause Full (Ergonomics)
[65.642s][info][gc,phases,start] GC(260) Marking Phase
[66.249s][info][gc,phases      ] GC(260) Marking Phase 607.291ms
[66.249s][info][gc,phases,start] GC(260) Summary Phase
[66.250s][info][gc,phases      ] GC(260) Summary Phase 0.037ms
[66.250s][info][gc,phases,start] GC(260) Adjust Roots
[66.250s][info][gc,phases      ] GC(260) Adjust Roots 0.162ms
[66.250s][info][gc,phases,start] GC(260) Compaction Phase
[66.426s][info][gc,phases      ] GC(260) Compaction Phase 176.125ms
[66.426s][info][gc,phases,start] GC(260) Post Compact
[66.430s][info][gc,phases      ] GC(260) Post Compact 4.425ms
[66.430s][info][gc,heap        ] GC(260) PSYoungGen: 77364K(163328K)->77364K(163328K) Eden: 47103K(47104K)->47103K(47104K) From: 30260K(116224K)->30260K(116224K)
[66.430s][info][gc,heap        ] GC(260) ParOldGen: 2594289K(2594304K)->2594289K(2594304K)
[66.430s][info][gc,metaspace   ] GC(260) Metaspace: 6298K(6464K)->6298K(6464K) NonClass: 5765K(5824K)->5765K(5824K) Class: 533K(640K)->533K(640K)
[66.430s][info][gc             ] GC(260) Pause Full (Ergonomics) 2609M->2609M(2693M) 788.382ms
[66.431s][info][gc,cpu         ] GC(260) User=5.92s Sys=0.00s Real=0.79s
[66.431s][info][gc,start       ] GC(261) Pause Full (Ergonomics)
[66.431s][info][gc,phases,start] GC(261) Marking Phase
[67.042s][info][gc,phases      ] GC(261) Marking Phase 611.353ms
[67.042s][info][gc,phases,start] GC(261) Summary Phase
[67.042s][info][gc,phases      ] GC(261) Summary Phase 0.036ms
[67.042s][info][gc,phases,start] GC(261) Adjust Roots
[67.042s][info][gc,phases      ] GC(261) Adjust Roots 0.159ms
[67.042s][info][gc,phases,start] GC(261) Compaction Phase
[67.225s][info][gc,phases      ] GC(261) Compaction Phase 182.319ms
[67.225s][info][gc,phases,start] GC(261) Post Compact
[67.230s][info][gc,phases      ] GC(261) Post Compact 4.827ms
[67.230s][info][gc,heap        ] GC(261) PSYoungGen: 77364K(163328K)->77364K(163328K) Eden: 47103K(47104K)->47103K(47104K) From: 30260K(116224K)->30260K(116224K)
[67.230s][info][gc,heap        ] GC(261) ParOldGen: 2594293K(2594304K)->2594293K(2594304K)
[67.230s][info][gc,metaspace   ] GC(261) Metaspace: 6298K(6464K)->6298K(6464K) NonClass: 5765K(5824K)->5765K(5824K) Class: 533K(640K)->533K(640K)
[67.230s][info][gc             ] GC(261) Pause Full (Ergonomics) 2609M->2609M(2693M) 799.050ms
[67.230s][info][gc,cpu         ] GC(261) User=5.98s Sys=0.00s Real=0.80s
[67.230s][info][gc,start       ] GC(262) Pause Full (Ergonomics)
[67.230s][info][gc,phases,start] GC(262) Marking Phase
[67.843s][info][gc,phases      ] GC(262) Marking Phase 613.287ms
[67.843s][info][gc,phases,start] GC(262) Summary Phase
[67.843s][info][gc,phases      ] GC(262) Summary Phase 0.036ms
[67.843s][info][gc,phases,start] GC(262) Adjust Roots
[67.844s][info][gc,phases      ] GC(262) Adjust Roots 0.163ms
[67.844s][info][gc,phases,start] GC(262) Compaction Phase
[68.015s][info][gc,phases      ] GC(262) Compaction Phase 171.778ms
[68.015s][info][gc,phases,start] GC(262) Post Compact
[68.020s][info][gc,phases      ] GC(262) Post Compact 4.546ms
[68.020s][info][gc,heap        ] GC(262) PSYoungGen: 77364K(163328K)->77364K(163328K) Eden: 47103K(47104K)->47103K(47104K) From: 30260K(116224K)->30260K(116224K)
[68.020s][info][gc,heap        ] GC(262) ParOldGen: 2594298K(2594304K)->2594298K(2594304K)
[68.020s][info][gc,metaspace   ] GC(262) Metaspace: 6298K(6464K)->6298K(6464K) NonClass: 5765K(5824K)->5765K(5824K) Class: 533K(640K)->533K(640K)
[68.020s][info][gc             ] GC(262) Pause Full (Ergonomics) 2609M->2609M(2693M) 790.149ms
[68.020s][info][gc,cpu         ] GC(262) User=5.88s Sys=0.02s Real=0.79s
[68.020s][info][gc,start       ] GC(263) Pause Full (Ergonomics)
[68.020s][info][gc,phases,start] GC(263) Marking Phase
[68.703s][info][gc,phases      ] GC(263) Marking Phase 682.395ms
[68.703s][info][gc,phases,start] GC(263) Summary Phase
[68.703s][info][gc,phases      ] GC(263) Summary Phase 0.039ms
[68.703s][info][gc,phases,start] GC(263) Adjust Roots
[68.703s][info][gc,phases      ] GC(263) Adjust Roots 0.208ms
[68.703s][info][gc,phases,start] GC(263) Compaction Phase
[68.874s][info][gc,phases      ] GC(263) Compaction Phase 170.371ms
[68.874s][info][gc,phases,start] GC(263) Post Compact
[68.878s][info][gc,phases      ] GC(263) Post Compact 4.911ms
[68.879s][info][gc,heap        ] GC(263) PSYoungGen: 77364K(163328K)->77364K(163328K) Eden: 47103K(47104K)->47103K(47104K) From: 30260K(116224K)->30260K(116224K)
[68.879s][info][gc,heap        ] GC(263) ParOldGen: 2594303K(2594304K)->2594303K(2594304K)
[68.879s][info][gc,metaspace   ] GC(263) Metaspace: 6298K(6464K)->6298K(6464K) NonClass: 5765K(5824K)->5765K(5824K) Class: 533K(640K)->533K(640K)
[68.879s][info][gc             ] GC(263) Pause Full (Ergonomics) 2609M->2609M(2693M) 858.277ms
[68.879s][info][gc,cpu         ] GC(263) User=5.81s Sys=0.00s Real=0.86s
[68.879s][info][gc,start       ] GC(264) Pause Full (Ergonomics)
[68.879s][info][gc,phases,start] GC(264) Marking Phase
[69.520s][info][gc,phases      ] GC(264) Marking Phase 640.889ms
[69.520s][info][gc,phases,start] GC(264) Summary Phase
[69.520s][info][gc,phases      ] GC(264) Summary Phase 0.040ms
[69.520s][info][gc,phases,start] GC(264) Adjust Roots
[69.520s][info][gc,phases      ] GC(264) Adjust Roots 0.195ms
[69.520s][info][gc,phases,start] GC(264) Compaction Phase
[69.701s][info][gc,phases      ] GC(264) Compaction Phase 181.057ms
[69.701s][info][gc,phases,start] GC(264) Post Compact
[69.706s][info][gc,phases      ] GC(264) Post Compact 4.820ms
[69.706s][info][gc,heap        ] GC(264) PSYoungGen: 77364K(163328K)->77364K(163328K) Eden: 47103K(47104K)->47103K(47104K) From: 30260K(116224K)->30260K(116224K)
[69.706s][info][gc,heap        ] GC(264) ParOldGen: 2594303K(2594304K)->2594303K(2594304K)
[69.706s][info][gc,metaspace   ] GC(264) Metaspace: 6298K(6464K)->6298K(6464K) NonClass: 5765K(5824K)->5765K(5824K) Class: 533K(640K)->533K(640K)
[69.706s][info][gc             ] GC(264) Pause Full (Ergonomics) 2609M->2609M(2693M) 827.366ms
[69.706s][info][gc,cpu         ] GC(264) User=6.08s Sys=0.00s Real=0.83s
[69.706s][info][gc,start       ] GC(265) Pause Full (Allocation Failure)
[69.706s][info][gc,phases,start] GC(265) Marking Phase
[70.329s][info][gc,phases      ] GC(265) Marking Phase 622.356ms
[70.329s][info][gc,phases,start] GC(265) Summary Phase
[70.329s][info][gc,phases      ] GC(265) Summary Phase 0.038ms
[70.329s][info][gc,phases,start] GC(265) Adjust Roots
[70.329s][info][gc,phases      ] GC(265) Adjust Roots 0.383ms
[70.329s][info][gc,phases,start] GC(265) Compaction Phase
[70.978s][info][gc,phases      ] GC(265) Compaction Phase 648.960ms
[70.978s][info][gc,phases,start] GC(265) Post Compact
[70.985s][info][gc,phases      ] GC(265) Post Compact 6.457ms
[70.985s][info][gc,heap        ] GC(265) PSYoungGen: 77364K(163328K)->77364K(163328K) Eden: 47103K(47104K)->47103K(47104K) From: 30260K(116224K)->30260K(116224K)
[70.985s][info][gc,heap        ] GC(265) ParOldGen: 2594303K(2594304K)->2594299K(2594304K)
[70.985s][info][gc,metaspace   ] GC(265) Metaspace: 6298K(6464K)->6296K(6464K) NonClass: 5765K(5824K)->5764K(5824K) Class: 533K(640K)->532K(640K)
[70.985s][info][gc             ] GC(265) Pause Full (Allocation Failure) 2609M->2609M(2693M) 1278.674ms
[70.985s][info][gc,cpu         ] GC(265) User=8.64s Sys=0.02s Real=1.28s
[70.986s][info][gc,start       ] GC(266) Pause Full (Ergonomics)
[70.986s][info][gc,phases,start] GC(266) Marking Phase
[71.625s][info][gc,phases      ] GC(266) Marking Phase 639.334ms
[71.625s][info][gc,phases,start] GC(266) Summary Phase
[71.625s][info][gc,phases      ] GC(266) Summary Phase 0.037ms
[71.625s][info][gc,phases,start] GC(266) Adjust Roots
[71.625s][info][gc,phases      ] GC(266) Adjust Roots 0.167ms
[71.625s][info][gc,phases,start] GC(266) Compaction Phase
[71.803s][info][gc,phases      ] GC(266) Compaction Phase 177.647ms
[71.803s][info][gc,phases,start] GC(266) Post Compact
[71.808s][info][gc,phases      ] GC(266) Post Compact 5.326ms
[71.808s][info][gc,heap        ] GC(266) PSYoungGen: 77364K(163328K)->77364K(163328K) Eden: 47103K(47104K)->47103K(47104K) From: 30260K(116224K)->30260K(116224K)
[71.808s][info][gc,heap        ] GC(266) ParOldGen: 2594303K(2594304K)->2594303K(2594304K)
[71.808s][info][gc,metaspace   ] GC(266) Metaspace: 6296K(6464K)->6296K(6464K) NonClass: 5764K(5824K)->5764K(5824K) Class: 532K(640K)->532K(640K)
[71.808s][info][gc             ] GC(266) Pause Full (Ergonomics) 2609M->2609M(2693M) 822.927ms
[71.809s][info][gc,cpu         ] GC(266) User=6.14s Sys=0.00s Real=0.82s
[71.809s][info][gc,start       ] GC(267) Pause Full (Allocation Failure)
[71.809s][info][gc,phases,start] GC(267) Marking Phase
[72.415s][info][gc,phases      ] GC(267) Marking Phase 606.695ms
[72.415s][info][gc,phases,start] GC(267) Summary Phase
[72.415s][info][gc,phases      ] GC(267) Summary Phase 0.037ms
[72.415s][info][gc,phases,start] GC(267) Adjust Roots
[72.416s][info][gc,phases      ] GC(267) Adjust Roots 0.160ms
[72.416s][info][gc,phases,start] GC(267) Compaction Phase
[72.596s][info][gc,phases      ] GC(267) Compaction Phase 180.059ms
[72.596s][info][gc,phases,start] GC(267) Post Compact
[72.601s][info][gc,phases      ] GC(267) Post Compact 5.234ms
[72.601s][info][gc,heap        ] GC(267) PSYoungGen: 77364K(163328K)->77364K(163328K) Eden: 47103K(47104K)->47103K(47104K) From: 30260K(116224K)->30260K(116224K)
[72.601s][info][gc,heap        ] GC(267) ParOldGen: 2594303K(2594304K)->2594303K(2594304K)
[72.601s][info][gc,metaspace   ] GC(267) Metaspace: 6296K(6464K)->6296K(6464K) NonClass: 5764K(5824K)->5764K(5824K) Class: 532K(640K)->532K(640K)
[72.601s][info][gc             ] GC(267) Pause Full (Allocation Failure) 2609M->2609M(2693M) 792.589ms
[72.601s][info][gc,cpu         ] GC(267) User=5.98s Sys=0.00s Real=0.79s
[72.602s][info][gc,start       ] GC(268) Pause Full (Ergonomics)
[72.602s][info][gc,phases,start] GC(268) Marking Phase
[73.209s][info][gc,phases      ] GC(268) Marking Phase 607.738ms
[73.210s][info][gc,phases,start] GC(268) Summary Phase
[73.210s][info][gc,phases      ] GC(268) Summary Phase 0.038ms
[73.210s][info][gc,phases,start] GC(268) Adjust Roots
[73.210s][info][gc,phases      ] GC(268) Adjust Roots 0.266ms
[73.210s][info][gc,phases,start] GC(268) Compaction Phase
[73.869s][info][gc,phases      ] GC(268) Compaction Phase 659.276ms
[73.869s][info][gc,phases,start] GC(268) Post Compact
[73.874s][info][gc,phases      ] GC(268) Post Compact 4.984ms
[73.874s][info][gc,heap        ] GC(268) PSYoungGen: 77364K(163328K)->77364K(163328K) Eden: 47104K(47104K)->47104K(47104K) From: 30260K(116224K)->30260K(116224K)
[73.874s][info][gc,heap        ] GC(268) ParOldGen: 2594303K(2594304K)->2594302K(2594304K)
[73.874s][info][gc,metaspace   ] GC(268) Metaspace: 6296K(6464K)->6296K(6464K) NonClass: 5764K(5824K)->5764K(5824K) Class: 532K(640K)->532K(640K)
[73.874s][info][gc             ] GC(268) Pause Full (Ergonomics) 2609M->2609M(2693M) 1272.683ms
[73.874s][info][gc,cpu         ] GC(268) User=9.28s Sys=0.00s Real=1.27s
[73.876s][info][gc,start       ] GC(269) Pause Full (Ergonomics)
[73.876s][info][gc,phases,start] GC(269) Marking Phase
[74.485s][info][gc,phases      ] GC(269) Marking Phase 609.567ms
[74.485s][info][gc,phases,start] GC(269) Summary Phase
[74.485s][info][gc,phases      ] GC(269) Summary Phase 0.040ms
[74.485s][info][gc,phases,start] GC(269) Adjust Roots
[74.486s][info][gc,phases      ] GC(269) Adjust Roots 0.344ms
[74.486s][info][gc,phases,start] GC(269) Compaction Phase
[75.143s][info][gc,phases      ] GC(269) Compaction Phase 657.788ms
[75.143s][info][gc,phases,start] GC(269) Post Compact
[75.149s][info][gc,phases      ] GC(269) Post Compact 5.283ms
[75.149s][info][gc,heap        ] GC(269) PSYoungGen: 77364K(163328K)->77364K(163328K) Eden: 47104K(47104K)->47104K(47104K) From: 30260K(116224K)->30260K(116224K)
[75.149s][info][gc,heap        ] GC(269) ParOldGen: 2594303K(2594304K)->2594301K(2594304K)
[75.149s][info][gc,metaspace   ] GC(269) Metaspace: 6298K(6464K)->6298K(6464K) NonClass: 5764K(5824K)->5764K(5824K) Class: 533K(640K)->533K(640K)
[75.149s][info][gc             ] GC(269) Pause Full (Ergonomics) 2609M->2609M(2693M) 1273.405ms
[75.149s][info][gc,cpu         ] GC(269) User=8.84s Sys=0.02s Real=1.27s
[75.149s][info][gc,heap,exit   ] Heap
[75.150s][info][gc,heap,exit   ]  PSYoungGen      total 163328K, used 77364K [0x00000007b0d80000, 0x00000007c2a80000, 0x0000000800000000)
[75.150s][info][gc,heap,exit   ]   eden space 47104K, 100% used [0x00000007b0d80000,0x00000007b3b80000,0x00000007b3b80000)
[75.150s][info][gc,heap,exit   ]   from space 116224K, 26% used [0x00000007b3b80000,0x00000007b590d2c8,0x00000007bad00000)
[75.150s][info][gc,heap,exit   ]   to   space 119808K, 0% used [0x00000007bb580000,0x00000007bb580000,0x00000007c2a80000)
[75.150s][info][gc,heap,exit   ]  ParOldGen       total 2594304K, used 2594301K [0x0000000712800000, 0x00000007b0d80000, 0x00000007b0d80000)
[75.150s][info][gc,heap,exit   ]   object space 2594304K, 99% used [0x0000000712800000,0x00000007b0d7f790,0x00000007b0d80000)
[75.150s][info][gc,heap,exit   ]  Metaspace       used 6301K, committed 6464K, reserved 1114112K
[75.150s][info][gc,heap,exit   ]   class space    used 534K, committed 640K, reserved 1048576K
