[0.013s][info][gc,init] CardTable entry size: 512
[0.013s][info][gc     ] Using Parallel
[0.013s][info][gc,init] Version: 18.0.1+10 (release)
[0.014s][info][gc,init] CPUs: 8 total, 8 available
[0.014s][info][gc,init] Memory: 16063M
[0.014s][info][gc,init] Large Page Support: Disabled
[0.014s][info][gc,init] NUMA Support: Disabled
[0.014s][info][gc,init] Compressed Oops: Enabled (Zero based)
[0.014s][info][gc,init] Alignments: Space 512K, Generation 512K, Heap 2M
[0.014s][info][gc,init] Heap Min Capacity: 2M
[0.014s][info][gc,init] Heap Initial Capacity: 2M
[0.014s][info][gc,init] Heap Max Capacity: 5600M
[0.014s][info][gc,init] Pre-touch: Disabled
[0.014s][info][gc,init] Parallel Workers: 8
[0.014s][info][gc,metaspace] CDS archive(s) not mapped
[0.014s][info][gc,metaspace] Compressed class space mapped at: 0x0000000800000000-0x0000000840000000, reserved size: 1073741824
[0.014s][info][gc,metaspace] Narrow klass base: 0x0000000800000000, Narrow klass shift: 0, Narrow klass range: 0x40000000
[0.115s][info][gc,start    ] GC(0) Pause Young (Allocation Failure)
[0.117s][info][gc,heap     ] GC(0) PSYoungGen: 512K(1024K)->480K(1024K) Eden: 512K(512K)->0K(512K) From: 0K(512K)->480K(512K)
[0.117s][info][gc,heap     ] GC(0) ParOldGen: 0K(512K)->8K(512K)
[0.117s][info][gc,metaspace] GC(0) Metaspace: 4229K(4352K)->4229K(4352K) NonClass: 3908K(3968K)->3908K(3968K) Class: 321K(384K)->321K(384K)
[0.117s][info][gc          ] GC(0) Pause Young (Allocation Failure) 0M->0M(1M) 1.706ms
[0.117s][info][gc,cpu      ] GC(0) User=0.00s Sys=0.00s Real=0.00s
[0.190s][info][gc,start    ] GC(1) Pause Young (Allocation Failure)
[0.191s][info][gc,heap     ] GC(1) PSYoungGen: 991K(1024K)->512K(1536K) Eden: 511K(512K)->0K(1024K) From: 480K(512K)->512K(512K)
[0.191s][info][gc,heap     ] GC(1) ParOldGen: 8K(512K)->88K(512K)
[0.191s][info][gc,metaspace] GC(1) Metaspace: 5877K(6016K)->5877K(6016K) NonClass: 5381K(5504K)->5381K(5504K) Class: 496K(512K)->496K(512K)
[0.191s][info][gc          ] GC(1) Pause Young (Allocation Failure) 0M->0M(2M) 1.401ms
[0.191s][info][gc,cpu      ] GC(1) User=0.00s Sys=0.00s Real=0.00s
[0.216s][info][gc,start    ] GC(2) Pause Young (Allocation Failure)
[0.218s][info][gc,heap     ] GC(2) PSYoungGen: 1536K(1536K)->512K(1536K) Eden: 1024K(1024K)->0K(1024K) From: 512K(512K)->512K(512K)
[0.218s][info][gc,heap     ] GC(2) ParOldGen: 88K(512K)->504K(512K)
[0.218s][info][gc,metaspace] GC(2) Metaspace: 6296K(6464K)->6296K(6464K) NonClass: 5763K(5824K)->5763K(5824K) Class: 533K(640K)->533K(640K)
[0.218s][info][gc          ] GC(2) Pause Young (Allocation Failure) 1M->0M(2M) 1.284ms
[0.218s][info][gc,cpu      ] GC(2) User=0.00s Sys=0.00s Real=0.00s
[0.218s][info][gc,start    ] GC(3) Pause Full (Ergonomics)
[0.218s][info][gc,phases,start] GC(3) Marking Phase
[0.219s][info][gc,phases      ] GC(3) Marking Phase 1.058ms
[0.219s][info][gc,phases,start] GC(3) Summary Phase
[0.219s][info][gc,phases      ] GC(3) Summary Phase 0.016ms
[0.219s][info][gc,phases,start] GC(3) Adjust Roots
[0.219s][info][gc,phases      ] GC(3) Adjust Roots 0.424ms
[0.219s][info][gc,phases,start] GC(3) Compaction Phase
[0.221s][info][gc,phases      ] GC(3) Compaction Phase 1.678ms
[0.221s][info][gc,phases,start] GC(3) Post Compact
[0.221s][info][gc,phases      ] GC(3) Post Compact 0.086ms
[0.221s][info][gc,heap        ] GC(3) PSYoungGen: 512K(1536K)->510K(1536K) Eden: 0K(1024K)->0K(1024K) From: 512K(512K)->510K(512K)
[0.221s][info][gc,heap        ] GC(3) ParOldGen: 504K(512K)->470K(2048K)
[0.221s][info][gc,metaspace   ] GC(3) Metaspace: 6296K(6464K)->6296K(6464K) NonClass: 5763K(5824K)->5763K(5824K) Class: 533K(640K)->533K(640K)
[0.221s][info][gc             ] GC(3) Pause Full (Ergonomics) 0M->0M(3M) 3.567ms
[0.221s][info][gc,cpu         ] GC(3) User=0.00s Sys=0.00s Real=0.00s
[0.224s][info][gc,start       ] GC(4) Pause Young (Allocation Failure)
[0.225s][info][gc,heap        ] GC(4) PSYoungGen: 1534K(1536K)->480K(2560K) Eden: 1024K(1024K)->0K(2048K) From: 510K(512K)->480K(512K)
[0.225s][info][gc,heap        ] GC(4) ParOldGen: 470K(2048K)->1030K(2048K)
[0.225s][info][gc,metaspace   ] GC(4) Metaspace: 6296K(6464K)->6296K(6464K) NonClass: 5763K(5824K)->5763K(5824K) Class: 533K(640K)->533K(640K)
[0.225s][info][gc             ] GC(4) Pause Young (Allocation Failure) 1M->1M(4M) 1.614ms
[0.225s][info][gc,cpu         ] GC(4) User=0.00s Sys=0.00s Real=0.00s
[0.230s][info][gc,start       ] GC(5) Pause Young (Allocation Failure)
[0.232s][info][gc,heap        ] GC(5) PSYoungGen: 2528K(2560K)->480K(2560K) Eden: 2048K(2048K)->0K(2048K) From: 480K(512K)->480K(512K)
[0.232s][info][gc,heap        ] GC(5) ParOldGen: 1030K(2048K)->2102K(2560K)
[0.232s][info][gc,metaspace   ] GC(5) Metaspace: 6296K(6464K)->6296K(6464K) NonClass: 5763K(5824K)->5763K(5824K) Class: 533K(640K)->533K(640K)
[0.232s][info][gc             ] GC(5) Pause Young (Allocation Failure) 3M->2M(5M) 1.955ms
[0.232s][info][gc,cpu         ] GC(5) User=0.00s Sys=0.00s Real=0.00s
[0.232s][info][gc,start       ] GC(6) Pause Full (Ergonomics)
[0.232s][info][gc,phases,start] GC(6) Marking Phase
[0.234s][info][gc,phases      ] GC(6) Marking Phase 1.842ms
[0.234s][info][gc,phases,start] GC(6) Summary Phase
[0.234s][info][gc,phases      ] GC(6) Summary Phase 0.015ms
[0.234s][info][gc,phases,start] GC(6) Adjust Roots
[0.234s][info][gc,phases      ] GC(6) Adjust Roots 0.363ms
[0.234s][info][gc,phases,start] GC(6) Compaction Phase
[0.237s][info][gc,phases      ] GC(6) Compaction Phase 2.805ms
[0.237s][info][gc,phases,start] GC(6) Post Compact
[0.237s][info][gc,phases      ] GC(6) Post Compact 0.035ms
[0.237s][info][gc,heap        ] GC(6) PSYoungGen: 480K(2560K)->0K(4096K) Eden: 0K(2048K)->0K(3072K) From: 480K(512K)->0K(1024K)
[0.237s][info][gc,heap        ] GC(6) ParOldGen: 2102K(2560K)->2542K(6144K)
[0.238s][info][gc,metaspace   ] GC(6) Metaspace: 6296K(6464K)->6296K(6464K) NonClass: 5763K(5824K)->5763K(5824K) Class: 533K(640K)->533K(640K)
[0.238s][info][gc             ] GC(6) Pause Full (Ergonomics) 2M->2M(10M) 5.459ms
[0.238s][info][gc,cpu         ] GC(6) User=0.00s Sys=0.00s Real=0.01s
[0.243s][info][gc,start       ] GC(7) Pause Young (Allocation Failure)
[0.245s][info][gc,heap        ] GC(7) PSYoungGen: 3072K(4096K)->1696K(5120K) Eden: 3072K(3072K)->0K(3072K) From: 0K(1024K)->1696K(2048K)
[0.245s][info][gc,heap        ] GC(7) ParOldGen: 2542K(6144K)->2542K(6144K)
[0.245s][info][gc,metaspace   ] GC(7) Metaspace: 6296K(6464K)->6296K(6464K) NonClass: 5763K(5824K)->5763K(5824K) Class: 533K(640K)->533K(640K)
[0.245s][info][gc             ] GC(7) Pause Young (Allocation Failure) 5M->4M(11M) 2.062ms
[0.245s][info][gc,cpu         ] GC(7) User=0.00s Sys=0.00s Real=0.00s
[0.251s][info][gc,start       ] GC(8) Pause Young (Allocation Failure)
[0.254s][info][gc,heap        ] GC(8) PSYoungGen: 4768K(5120K)->2016K(5632K) Eden: 3072K(3072K)->0K(3584K) From: 1696K(2048K)->2016K(2048K)
[0.254s][info][gc,heap        ] GC(8) ParOldGen: 2542K(6144K)->3774K(6144K)
[0.254s][info][gc,metaspace   ] GC(8) Metaspace: 6296K(6464K)->6296K(6464K) NonClass: 5763K(5824K)->5763K(5824K) Class: 533K(640K)->533K(640K)
[0.254s][info][gc             ] GC(8) Pause Young (Allocation Failure) 7M->5M(11M) 3.237ms
[0.254s][info][gc,cpu         ] GC(8) User=0.00s Sys=0.00s Real=0.00s
[0.261s][info][gc,start       ] GC(9) Pause Young (Allocation Failure)
[0.266s][info][gc,heap        ] GC(9) PSYoungGen: 5600K(5632K)->3040K(6656K) Eden: 3584K(3584K)->0K(3584K) From: 2016K(2048K)->3040K(3072K)
[0.266s][info][gc,heap        ] GC(9) ParOldGen: 3774K(6144K)->4614K(6144K)
[0.266s][info][gc,metaspace   ] GC(9) Metaspace: 6296K(6464K)->6296K(6464K) NonClass: 5763K(5824K)->5763K(5824K) Class: 533K(640K)->533K(640K)
[0.266s][info][gc             ] GC(9) Pause Young (Allocation Failure) 9M->7M(12M) 4.759ms
[0.266s][info][gc,cpu         ] GC(9) User=0.00s Sys=0.00s Real=0.00s
[0.272s][info][gc,start       ] GC(10) Pause Young (Allocation Failure)
[0.277s][info][gc,heap        ] GC(10) PSYoungGen: 6624K(6656K)->4064K(8704K) Eden: 3584K(3584K)->0K(4608K) From: 3040K(3072K)->4064K(4096K)
[0.277s][info][gc,heap        ] GC(10) ParOldGen: 4614K(6144K)->5454K(6144K)
[0.277s][info][gc,metaspace   ] GC(10) Metaspace: 6296K(6464K)->6296K(6464K) NonClass: 5763K(5824K)->5763K(5824K) Class: 533K(640K)->533K(640K)
[0.277s][info][gc             ] GC(10) Pause Young (Allocation Failure) 10M->9M(14M) 5.122ms
[0.277s][info][gc,cpu         ] GC(10) User=0.00s Sys=0.00s Real=0.01s
[0.277s][info][gc,start       ] GC(11) Pause Full (Ergonomics)
[0.277s][info][gc,phases,start] GC(11) Marking Phase
[0.282s][info][gc,phases      ] GC(11) Marking Phase 5.314ms
[0.282s][info][gc,phases,start] GC(11) Summary Phase
[0.282s][info][gc,phases      ] GC(11) Summary Phase 0.023ms
[0.282s][info][gc,phases,start] GC(11) Adjust Roots
[0.283s][info][gc,phases      ] GC(11) Adjust Roots 0.423ms
[0.283s][info][gc,phases,start] GC(11) Compaction Phase
[0.290s][info][gc,phases      ] GC(11) Compaction Phase 7.777ms
[0.291s][info][gc,phases,start] GC(11) Post Compact
[0.291s][info][gc,phases      ] GC(11) Post Compact 0.046ms
[0.291s][info][gc,heap        ] GC(11) PSYoungGen: 4064K(8704K)->3545K(8704K) Eden: 0K(4608K)->0K(4608K) From: 4064K(4096K)->3545K(4096K)
[0.291s][info][gc,heap        ] GC(11) ParOldGen: 5454K(6144K)->5831K(10752K)
[0.291s][info][gc,metaspace   ] GC(11) Metaspace: 6296K(6464K)->6296K(6464K) NonClass: 5763K(5824K)->5763K(5824K) Class: 533K(640K)->533K(640K)
[0.291s][info][gc             ] GC(11) Pause Full (Ergonomics) 9M->9M(19M) 13.960ms
[0.291s][info][gc,cpu         ] GC(11) User=0.00s Sys=0.00s Real=0.01s
[0.298s][info][gc,start       ] GC(12) Pause Young (Allocation Failure)
[0.303s][info][gc,heap        ] GC(12) PSYoungGen: 8013K(8704K)->5088K(9728K) Eden: 4468K(4608K)->0K(4608K) From: 3545K(4096K)->5088K(5120K)
[0.303s][info][gc,heap        ] GC(12) ParOldGen: 5831K(10752K)->6615K(10752K)
[0.303s][info][gc,metaspace   ] GC(12) Metaspace: 6296K(6464K)->6296K(6464K) NonClass: 5763K(5824K)->5763K(5824K) Class: 533K(640K)->533K(640K)
[0.303s][info][gc             ] GC(12) Pause Young (Allocation Failure) 13M->11M(20M) 4.698ms
[0.303s][info][gc,cpu         ] GC(12) User=0.00s Sys=0.00s Real=0.00s
[0.309s][info][gc,start       ] GC(13) Pause Young (Allocation Failure)
[0.316s][info][gc,heap        ] GC(13) PSYoungGen: 9696K(9728K)->6112K(11264K) Eden: 4608K(4608K)->0K(5120K) From: 5088K(5120K)->6112K(6144K)
[0.316s][info][gc,heap        ] GC(13) ParOldGen: 6615K(10752K)->7991K(10752K)
[0.316s][info][gc,metaspace   ] GC(13) Metaspace: 6296K(6464K)->6296K(6464K) NonClass: 5763K(5824K)->5763K(5824K) Class: 533K(640K)->533K(640K)
[0.316s][info][gc             ] GC(13) Pause Young (Allocation Failure) 15M->13M(21M) 6.570ms
[0.316s][info][gc,cpu         ] GC(13) User=0.00s Sys=0.00s Real=0.01s
[0.320s][info][gc,start       ] GC(14) Pause Young (Allocation Failure)
[0.326s][info][gc,heap        ] GC(14) PSYoungGen: 11232K(11264K)->5248K(12800K) Eden: 5120K(5120K)->0K(5120K) From: 6112K(6144K)->5248K(7680K)
[0.326s][info][gc,heap        ] GC(14) ParOldGen: 7991K(10752K)->11583K(11776K)
[0.326s][info][gc,metaspace   ] GC(14) Metaspace: 6298K(6464K)->6298K(6464K) NonClass: 5764K(5824K)->5764K(5824K) Class: 533K(640K)->533K(640K)
[0.326s][info][gc             ] GC(14) Pause Young (Allocation Failure) 18M->16M(24M) 6.188ms
[0.326s][info][gc,cpu         ] GC(14) User=0.00s Sys=0.00s Real=0.01s
[0.326s][info][gc,start       ] GC(15) Pause Full (Ergonomics)
[0.326s][info][gc,phases,start] GC(15) Marking Phase
[0.335s][info][gc,phases      ] GC(15) Marking Phase 8.033ms
[0.335s][info][gc,phases,start] GC(15) Summary Phase
[0.335s][info][gc,phases      ] GC(15) Summary Phase 0.017ms
[0.335s][info][gc,phases,start] GC(15) Adjust Roots
[0.335s][info][gc,phases      ] GC(15) Adjust Roots 0.229ms
[0.335s][info][gc,phases,start] GC(15) Compaction Phase
[0.344s][info][gc,phases      ] GC(15) Compaction Phase 8.762ms
[0.344s][info][gc,phases,start] GC(15) Post Compact
[0.344s][info][gc,phases      ] GC(15) Post Compact 0.061ms
[0.344s][info][gc,heap        ] GC(15) PSYoungGen: 5248K(12800K)->5187K(12800K) Eden: 0K(5120K)->0K(5120K) From: 5248K(7680K)->5187K(7680K)
[0.344s][info][gc,heap        ] GC(15) ParOldGen: 11583K(11776K)->11462K(18432K)
[0.344s][info][gc,metaspace   ] GC(15) Metaspace: 6298K(6464K)->6298K(6464K) NonClass: 5764K(5824K)->5764K(5824K) Class: 533K(640K)->533K(640K)
[0.344s][info][gc             ] GC(15) Pause Full (Ergonomics) 16M->16M(30M) 17.427ms
[0.344s][info][gc,cpu         ] GC(15) User=0.00s Sys=0.00s Real=0.02s
[0.348s][info][gc,start       ] GC(16) Pause Young (Allocation Failure)
[0.355s][info][gc,heap        ] GC(16) PSYoungGen: 10307K(12800K)->2688K(14336K) Eden: 5120K(5120K)->0K(7168K) From: 5187K(7680K)->2688K(7168K)
[0.355s][info][gc,heap        ] GC(16) ParOldGen: 11462K(18432K)->16734K(18432K)
[0.355s][info][gc,metaspace   ] GC(16) Metaspace: 6298K(6464K)->6298K(6464K) NonClass: 5764K(5824K)->5764K(5824K) Class: 533K(640K)->533K(640K)
[0.355s][info][gc             ] GC(16) Pause Young (Allocation Failure) 21M->18M(32M) 6.893ms
[0.355s][info][gc,cpu         ] GC(16) User=0.00s Sys=0.00s Real=0.01s
[0.355s][info][gc,start       ] GC(17) Pause Full (Ergonomics)
[0.355s][info][gc,phases,start] GC(17) Marking Phase
[0.363s][info][gc,phases      ] GC(17) Marking Phase 8.159ms
[0.363s][info][gc,phases,start] GC(17) Summary Phase
[0.363s][info][gc,phases      ] GC(17) Summary Phase 0.017ms
[0.363s][info][gc,phases,start] GC(17) Adjust Roots
[0.363s][info][gc,phases      ] GC(17) Adjust Roots 0.220ms
[0.363s][info][gc,phases,start] GC(17) Compaction Phase
[0.370s][info][gc,phases      ] GC(17) Compaction Phase 6.776ms
[0.370s][info][gc,phases,start] GC(17) Post Compact
[0.370s][info][gc,phases      ] GC(17) Post Compact 0.077ms
[0.370s][info][gc,heap        ] GC(17) PSYoungGen: 2688K(14336K)->1105K(14848K) Eden: 0K(7168K)->0K(7680K) From: 2688K(7168K)->1105K(7168K)
[0.370s][info][gc,heap        ] GC(17) ParOldGen: 16734K(18432K)->18183K(27648K)
[0.370s][info][gc,metaspace   ] GC(17) Metaspace: 6298K(6464K)->6298K(6464K) NonClass: 5764K(5824K)->5764K(5824K) Class: 533K(640K)->533K(640K)
[0.370s][info][gc             ] GC(17) Pause Full (Ergonomics) 18M->18M(41M) 15.574ms
[0.370s][info][gc,cpu         ] GC(17) User=0.00s Sys=0.00s Real=0.02s
[0.375s][info][gc,start       ] GC(18) Pause Young (Allocation Failure)
[0.381s][info][gc,heap        ] GC(18) PSYoungGen: 7799K(14848K)->3424K(15360K) Eden: 6694K(7680K)->0K(7680K) From: 1105K(7168K)->3424K(7680K)
[0.381s][info][gc,heap        ] GC(18) ParOldGen: 18183K(27648K)->19311K(27648K)
[0.381s][info][gc,metaspace   ] GC(18) Metaspace: 6298K(6464K)->6298K(6464K) NonClass: 5764K(5824K)->5764K(5824K) Class: 533K(640K)->533K(640K)
[0.381s][info][gc             ] GC(18) Pause Young (Allocation Failure) 25M->22M(42M) 6.325ms
[0.381s][info][gc,cpu         ] GC(18) User=0.02s Sys=0.00s Real=0.01s
[0.389s][info][gc,start       ] GC(19) Pause Young (Allocation Failure)
[0.397s][info][gc,heap        ] GC(19) PSYoungGen: 11103K(15360K)->4512K(17920K) Eden: 7679K(7680K)->0K(10240K) From: 3424K(7680K)->4512K(7680K)
[0.397s][info][gc,heap        ] GC(19) ParOldGen: 19311K(27648K)->22767K(27648K)
[0.397s][info][gc,metaspace   ] GC(19) Metaspace: 6298K(6464K)->6298K(6464K) NonClass: 5764K(5824K)->5764K(5824K) Class: 533K(640K)->533K(640K)
[0.397s][info][gc             ] GC(19) Pause Young (Allocation Failure) 29M->26M(44M) 7.935ms
[0.397s][info][gc,cpu         ] GC(19) User=0.00s Sys=0.00s Real=0.01s
[0.407s][info][gc,start       ] GC(20) Pause Young (Allocation Failure)
[0.415s][info][gc,heap        ] GC(20) PSYoungGen: 14752K(17920K)->5312K(17920K) Eden: 10240K(10240K)->0K(10240K) From: 4512K(7680K)->5312K(7680K)
[0.415s][info][gc,heap        ] GC(20) ParOldGen: 22767K(27648K)->27295K(27648K)
[0.415s][info][gc,metaspace   ] GC(20) Metaspace: 6298K(6464K)->6298K(6464K) NonClass: 5764K(5824K)->5764K(5824K) Class: 533K(640K)->533K(640K)
[0.415s][info][gc             ] GC(20) Pause Young (Allocation Failure) 36M->31M(44M) 8.132ms
[0.415s][info][gc,cpu         ] GC(20) User=0.00s Sys=0.00s Real=0.01s
[0.415s][info][gc,start       ] GC(21) Pause Full (Ergonomics)
[0.415s][info][gc,phases,start] GC(21) Marking Phase
[0.429s][info][gc,phases      ] GC(21) Marking Phase 13.746ms
[0.429s][info][gc,phases,start] GC(21) Summary Phase
[0.429s][info][gc,phases      ] GC(21) Summary Phase 0.016ms
[0.429s][info][gc,phases,start] GC(21) Adjust Roots
[0.429s][info][gc,phases      ] GC(21) Adjust Roots 0.184ms
[0.429s][info][gc,phases,start] GC(21) Compaction Phase
[0.441s][info][gc,phases      ] GC(21) Compaction Phase 11.509ms
[0.441s][info][gc,phases,start] GC(21) Post Compact
[0.441s][info][gc,phases      ] GC(21) Post Compact 0.106ms
[0.441s][info][gc,heap        ] GC(21) PSYoungGen: 5312K(17920K)->4779K(17920K) Eden: 0K(10240K)->0K(10240K) From: 5312K(7680K)->4779K(7680K)
[0.441s][info][gc,heap        ] GC(21) ParOldGen: 27295K(27648K)->27139K(38912K)
[0.441s][info][gc,metaspace   ] GC(21) Metaspace: 6298K(6464K)->6298K(6464K) NonClass: 5764K(5824K)->5764K(5824K) Class: 533K(640K)->533K(640K)
[0.441s][info][gc             ] GC(21) Pause Full (Ergonomics) 31M->31M(55M) 26.051ms
[0.441s][info][gc,cpu         ] GC(21) User=0.00s Sys=0.00s Real=0.03s
[0.450s][info][gc,start       ] GC(22) Pause Young (Allocation Failure)
[0.463s][info][gc,heap        ] GC(22) PSYoungGen: 15019K(17920K)->8192K(17920K) Eden: 10240K(10240K)->0K(9728K) From: 4779K(7680K)->8192K(8192K)
[0.463s][info][gc,heap        ] GC(22) ParOldGen: 27139K(38912K)->32955K(38912K)
[0.463s][info][gc,metaspace   ] GC(22) Metaspace: 6298K(6464K)->6298K(6464K) NonClass: 5764K(5824K)->5764K(5824K) Class: 533K(640K)->533K(640K)
[0.463s][info][gc             ] GC(22) Pause Young (Allocation Failure) 41M->40M(55M) 13.026ms
[0.463s][info][gc,cpu         ] GC(22) User=0.00s Sys=0.00s Real=0.01s
[0.464s][info][gc,start       ] GC(23) Pause Full (Ergonomics)
[0.464s][info][gc,phases,start] GC(23) Marking Phase
[0.480s][info][gc,phases      ] GC(23) Marking Phase 16.688ms
[0.480s][info][gc,phases,start] GC(23) Summary Phase
[0.480s][info][gc,phases      ] GC(23) Summary Phase 0.016ms
[0.480s][info][gc,phases,start] GC(23) Adjust Roots
[0.480s][info][gc,phases      ] GC(23) Adjust Roots 0.159ms
[0.480s][info][gc,phases,start] GC(23) Compaction Phase
[0.492s][info][gc,phases      ] GC(23) Compaction Phase 11.615ms
[0.492s][info][gc,phases,start] GC(23) Post Compact
[0.492s][info][gc,phases      ] GC(23) Post Compact 0.196ms
[0.492s][info][gc,heap        ] GC(23) PSYoungGen: 8192K(17920K)->2555K(17920K) Eden: 0K(9728K)->0K(9728K) From: 8192K(8192K)->2555K(8192K)
[0.492s][info][gc,heap        ] GC(23) ParOldGen: 32955K(38912K)->38477K(52736K)
[0.493s][info][gc,metaspace   ] GC(23) Metaspace: 6298K(6464K)->6298K(6464K) NonClass: 5764K(5824K)->5764K(5824K) Class: 533K(640K)->533K(640K)
[0.493s][info][gc             ] GC(23) Pause Full (Ergonomics) 40M->40M(69M) 28.998ms
[0.493s][info][gc,cpu         ] GC(23) User=0.05s Sys=0.00s Real=0.03s
[0.505s][info][gc,start       ] GC(24) Pause Young (Allocation Failure)
[0.515s][info][gc,heap        ] GC(24) PSYoungGen: 12283K(17920K)->9728K(20992K) Eden: 9728K(9728K)->0K(9728K) From: 2555K(8192K)->9728K(11264K)
[0.515s][info][gc,heap        ] GC(24) ParOldGen: 38477K(52736K)->41077K(52736K)
[0.515s][info][gc,metaspace   ] GC(24) Metaspace: 6298K(6464K)->6298K(6464K) NonClass: 5764K(5824K)->5764K(5824K) Class: 533K(640K)->533K(640K)
[0.515s][info][gc             ] GC(24) Pause Young (Allocation Failure) 49M->49M(72M) 9.993ms
[0.515s][info][gc,cpu         ] GC(24) User=0.00s Sys=0.00s Real=0.01s
[0.525s][info][gc,start       ] GC(25) Pause Young (Allocation Failure)
[0.539s][info][gc,heap        ] GC(25) PSYoungGen: 19456K(20992K)->12768K(19968K) Eden: 9728K(9728K)->0K(7168K) From: 9728K(11264K)->12768K(12800K)
[0.539s][info][gc,heap        ] GC(25) ParOldGen: 41077K(52736K)->47845K(52736K)
[0.539s][info][gc,metaspace   ] GC(25) Metaspace: 6298K(6464K)->6298K(6464K) NonClass: 5764K(5824K)->5764K(5824K) Class: 533K(640K)->533K(640K)
[0.539s][info][gc             ] GC(25) Pause Young (Allocation Failure) 59M->59M(71M) 13.958ms
[0.539s][info][gc,cpu         ] GC(25) User=0.02s Sys=0.00s Real=0.01s
[0.539s][info][gc,start       ] GC(26) Pause Full (Ergonomics)
[0.539s][info][gc,phases,start] GC(26) Marking Phase
[0.562s][info][gc,phases      ] GC(26) Marking Phase 23.397ms
[0.562s][info][gc,phases,start] GC(26) Summary Phase
[0.562s][info][gc,phases      ] GC(26) Summary Phase 0.017ms
[0.562s][info][gc,phases,start] GC(26) Adjust Roots
[0.563s][info][gc,phases      ] GC(26) Adjust Roots 0.169ms
[0.563s][info][gc,phases,start] GC(26) Compaction Phase
[0.581s][info][gc,phases      ] GC(26) Compaction Phase 17.887ms
[0.581s][info][gc,phases,start] GC(26) Post Compact
[0.581s][info][gc,phases      ] GC(26) Post Compact 0.188ms
[0.581s][info][gc,heap        ] GC(26) PSYoungGen: 12768K(19968K)->7122K(19968K) Eden: 0K(7168K)->0K(7168K) From: 12768K(12800K)->7122K(12800K)
[0.581s][info][gc,heap        ] GC(26) ParOldGen: 47845K(52736K)->52290K(69120K)
[0.581s][info][gc,metaspace   ] GC(26) Metaspace: 6298K(6464K)->6298K(6464K) NonClass: 5764K(5824K)->5764K(5824K) Class: 533K(640K)->533K(640K)
[0.581s][info][gc             ] GC(26) Pause Full (Ergonomics) 59M->58M(87M) 42.011ms
[0.581s][info][gc,cpu         ] GC(26) User=0.06s Sys=0.00s Real=0.04s
[0.589s][info][gc,start       ] GC(27) Pause Young (Allocation Failure)
[0.602s][info][gc,heap        ] GC(27) PSYoungGen: 14290K(19968K)->7200K(24576K) Eden: 7168K(7168K)->0K(7168K) From: 7122K(12800K)->7200K(17408K)
[0.602s][info][gc,heap        ] GC(27) ParOldGen: 52290K(69120K)->59538K(69120K)
[0.603s][info][gc,metaspace   ] GC(27) Metaspace: 6298K(6464K)->6298K(6464K) NonClass: 5764K(5824K)->5764K(5824K) Class: 533K(640K)->533K(640K)
[0.603s][info][gc             ] GC(27) Pause Young (Allocation Failure) 65M->65M(91M) 14.000ms
[0.603s][info][gc,cpu         ] GC(27) User=0.02s Sys=0.00s Real=0.02s
[0.610s][info][gc,start       ] GC(28) Pause Young (Allocation Failure)
[0.620s][info][gc,heap        ] GC(28) PSYoungGen: 14368K(24576K)->14336K(23040K) Eden: 7168K(7168K)->0K(6656K) From: 7200K(17408K)->14336K(16384K)
[0.620s][info][gc,heap        ] GC(28) ParOldGen: 59538K(69120K)->59538K(69120K)
[0.620s][info][gc,metaspace   ] GC(28) Metaspace: 6298K(6464K)->6298K(6464K) NonClass: 5764K(5824K)->5764K(5824K) Class: 533K(640K)->533K(640K)
[0.620s][info][gc             ] GC(28) Pause Young (Allocation Failure) 72M->72M(90M) 9.729ms
[0.620s][info][gc,cpu         ] GC(28) User=0.00s Sys=0.00s Real=0.01s
[0.626s][info][gc,start       ] GC(29) Pause Young (Allocation Failure)
[0.640s][info][gc,heap        ] GC(29) PSYoungGen: 20992K(23040K)->13824K(25088K) Eden: 6656K(6656K)->0K(6656K) From: 14336K(16384K)->13824K(18432K)
[0.640s][info][gc,heap        ] GC(29) ParOldGen: 59538K(69120K)->66794K(69120K)
[0.640s][info][gc,metaspace   ] GC(29) Metaspace: 6298K(6464K)->6298K(6464K) NonClass: 5764K(5824K)->5764K(5824K) Class: 533K(640K)->533K(640K)
[0.640s][info][gc             ] GC(29) Pause Young (Allocation Failure) 78M->78M(92M) 13.450ms
[0.640s][info][gc,cpu         ] GC(29) User=0.00s Sys=0.00s Real=0.01s
[0.640s][info][gc,start       ] GC(30) Pause Full (Ergonomics)
[0.640s][info][gc,phases,start] GC(30) Marking Phase
[0.671s][info][gc,phases      ] GC(30) Marking Phase 31.575ms
[0.671s][info][gc,phases,start] GC(30) Summary Phase
[0.671s][info][gc,phases      ] GC(30) Summary Phase 0.015ms
[0.671s][info][gc,phases,start] GC(30) Adjust Roots
[0.672s][info][gc,phases      ] GC(30) Adjust Roots 0.151ms
[0.672s][info][gc,phases,start] GC(30) Compaction Phase
[0.690s][info][gc,phases      ] GC(30) Compaction Phase 18.506ms
[0.690s][info][gc,phases,start] GC(30) Post Compact
[0.691s][info][gc,phases      ] GC(30) Post Compact 0.351ms
[0.691s][info][gc,heap        ] GC(30) PSYoungGen: 13824K(25088K)->11209K(25088K) Eden: 0K(6656K)->0K(6656K) From: 13824K(18432K)->11209K(18432K)
[0.691s][info][gc,heap        ] GC(30) ParOldGen: 66794K(69120K)->69106K(89600K)
[0.691s][info][gc,metaspace   ] GC(30) Metaspace: 6298K(6464K)->6298K(6464K) NonClass: 5764K(5824K)->5764K(5824K) Class: 533K(640K)->533K(640K)
[0.691s][info][gc             ] GC(30) Pause Full (Ergonomics) 78M->78M(112M) 50.952ms
[0.691s][info][gc,cpu         ] GC(30) User=0.05s Sys=0.00s Real=0.05s
[0.698s][info][gc,start       ] GC(31) Pause Young (Allocation Failure)
[0.715s][info][gc,heap        ] GC(31) PSYoungGen: 17865K(25088K)->6688K(25600K) Eden: 6656K(6656K)->0K(8192K) From: 11209K(18432K)->6688K(17408K)
[0.715s][info][gc,heap        ] GC(31) ParOldGen: 69106K(89600K)->80506K(89600K)
[0.715s][info][gc,metaspace   ] GC(31) Metaspace: 6298K(6464K)->6298K(6464K) NonClass: 5764K(5824K)->5764K(5824K) Class: 533K(640K)->533K(640K)
[0.715s][info][gc             ] GC(31) Pause Young (Allocation Failure) 84M->85M(112M) 17.552ms
[0.715s][info][gc,cpu         ] GC(31) User=0.00s Sys=0.00s Real=0.02s
[0.715s][info][gc,start       ] GC(32) Pause Full (Ergonomics)
[0.715s][info][gc,phases,start] GC(32) Marking Phase
[0.751s][info][gc,phases      ] GC(32) Marking Phase 35.293ms
[0.751s][info][gc,phases,start] GC(32) Summary Phase
[0.751s][info][gc,phases      ] GC(32) Summary Phase 0.022ms
[0.751s][info][gc,phases,start] GC(32) Adjust Roots
[0.751s][info][gc,phases      ] GC(32) Adjust Roots 0.162ms
[0.751s][info][gc,phases,start] GC(32) Compaction Phase
[0.769s][info][gc,phases      ] GC(32) Compaction Phase 18.023ms
[0.769s][info][gc,phases,start] GC(32) Post Compact
[0.769s][info][gc,phases      ] GC(32) Post Compact 0.372ms
[0.770s][info][gc,heap        ] GC(32) PSYoungGen: 6688K(25600K)->0K(27136K) Eden: 0K(8192K)->0K(8192K) From: 6688K(17408K)->0K(18944K)
[0.770s][info][gc,heap        ] GC(32) ParOldGen: 80506K(89600K)->86942K(111616K)
[0.770s][info][gc,metaspace   ] GC(32) Metaspace: 6298K(6464K)->6298K(6464K) NonClass: 5764K(5824K)->5764K(5824K) Class: 533K(640K)->533K(640K)
[0.770s][info][gc             ] GC(32) Pause Full (Ergonomics) 85M->84M(135M) 54.260ms
[0.770s][info][gc,cpu         ] GC(32) User=0.09s Sys=0.00s Real=0.05s
[0.786s][info][gc,start       ] GC(33) Pause Young (Allocation Failure)
[0.792s][info][gc,heap        ] GC(33) PSYoungGen: 8192K(27136K)->8224K(26112K) Eden: 8192K(8192K)->0K(9728K) From: 0K(18944K)->8224K(16384K)
[0.793s][info][gc,heap        ] GC(33) ParOldGen: 86942K(111616K)->86942K(111616K)
[0.793s][info][gc,metaspace   ] GC(33) Metaspace: 6298K(6464K)->6298K(6464K) NonClass: 5764K(5824K)->5764K(5824K) Class: 533K(640K)->533K(640K)
[0.793s][info][gc             ] GC(33) Pause Young (Allocation Failure) 92M->92M(134M) 6.688ms
[0.793s][info][gc,cpu         ] GC(33) User=0.00s Sys=0.00s Real=0.01s
[0.800s][info][gc,start       ] GC(34) Pause Young (Allocation Failure)
[0.808s][info][gc,heap        ] GC(34) PSYoungGen: 17952K(26112K)->17888K(27648K) Eden: 9728K(9728K)->0K(9728K) From: 8224K(16384K)->17888K(17920K)
[0.809s][info][gc,heap        ] GC(34) ParOldGen: 86942K(111616K)->86958K(111616K)
[0.809s][info][gc,metaspace   ] GC(34) Metaspace: 6298K(6464K)->6298K(6464K) NonClass: 5764K(5824K)->5764K(5824K) Class: 533K(640K)->533K(640K)
[0.809s][info][gc             ] GC(34) Pause Young (Allocation Failure) 102M->102M(136M) 8.069ms
[0.809s][info][gc,cpu         ] GC(34) User=0.00s Sys=0.00s Real=0.01s
[0.817s][info][gc,start       ] GC(35) Pause Young (Allocation Failure)
[0.832s][info][gc,heap        ] GC(35) PSYoungGen: 27616K(27648K)->9760K(30720K) Eden: 9728K(9728K)->0K(11264K) From: 17888K(17920K)->9760K(19456K)
[0.832s][info][gc,heap        ] GC(35) ParOldGen: 86958K(111616K)->105038K(111616K)
[0.832s][info][gc,metaspace   ] GC(35) Metaspace: 6298K(6464K)->6298K(6464K) NonClass: 5764K(5824K)->5764K(5824K) Class: 533K(640K)->533K(640K)
[0.832s][info][gc             ] GC(35) Pause Young (Allocation Failure) 111M->112M(139M) 15.135ms
[0.832s][info][gc,cpu         ] GC(35) User=0.02s Sys=0.00s Real=0.02s
[0.832s][info][gc,start       ] GC(36) Pause Full (Ergonomics)
[0.832s][info][gc,phases,start] GC(36) Marking Phase
[0.863s][info][gc,phases      ] GC(36) Marking Phase 30.672ms
[0.863s][info][gc,phases,start] GC(36) Summary Phase
[0.863s][info][gc,phases      ] GC(36) Summary Phase 0.018ms
[0.863s][info][gc,phases,start] GC(36) Adjust Roots
[0.863s][info][gc,phases      ] GC(36) Adjust Roots 0.159ms
[0.863s][info][gc,phases,start] GC(36) Compaction Phase
[0.888s][info][gc,phases      ] GC(36) Compaction Phase 24.411ms
[0.888s][info][gc,phases,start] GC(36) Post Compact
[0.889s][info][gc,phases      ] GC(36) Post Compact 0.827ms
[0.889s][info][gc,heap        ] GC(36) PSYoungGen: 9760K(30720K)->1007K(31232K) Eden: 0K(11264K)->0K(11776K) From: 9760K(19456K)->1007K(19456K)
[0.889s][info][gc,heap        ] GC(36) ParOldGen: 105038K(111616K)->111451K(142336K)
[0.889s][info][gc,metaspace   ] GC(36) Metaspace: 6298K(6464K)->6298K(6464K) NonClass: 5764K(5824K)->5764K(5824K) Class: 533K(640K)->533K(640K)
[0.889s][info][gc             ] GC(36) Pause Full (Ergonomics) 112M->109M(169M) 56.776ms
[0.889s][info][gc,cpu         ] GC(36) User=0.09s Sys=0.00s Real=0.06s
[0.903s][info][gc,start       ] GC(37) Pause Young (Allocation Failure)
[0.921s][info][gc,heap        ] GC(37) PSYoungGen: 12783K(31232K)->12832K(31744K) Eden: 11776K(11776K)->0K(11776K) From: 1007K(19456K)->12832K(19968K)
[0.921s][info][gc,heap        ] GC(37) ParOldGen: 111451K(142336K)->111451K(142336K)
[0.921s][info][gc,metaspace   ] GC(37) Metaspace: 6298K(6464K)->6298K(6464K) NonClass: 5764K(5824K)->5764K(5824K) Class: 533K(640K)->533K(640K)
[0.921s][info][gc             ] GC(37) Pause Young (Allocation Failure) 121M->121M(170M) 18.178ms
[0.921s][info][gc,cpu         ] GC(37) User=0.05s Sys=0.00s Real=0.02s
[0.933s][info][gc,start       ] GC(38) Pause Young (Allocation Failure)
[0.947s][info][gc,heap        ] GC(38) PSYoungGen: 24608K(31744K)->19968K(29184K) Eden: 11776K(11776K)->0K(9216K) From: 12832K(19968K)->19968K(19968K)
[0.947s][info][gc,heap        ] GC(38) ParOldGen: 111451K(142336K)->116107K(142336K)
[0.947s][info][gc,metaspace   ] GC(38) Metaspace: 6298K(6464K)->6298K(6464K) NonClass: 5764K(5824K)->5764K(5824K) Class: 533K(640K)->533K(640K)
[0.947s][info][gc             ] GC(38) Pause Young (Allocation Failure) 132M->132M(167M) 14.293ms
[0.947s][info][gc,cpu         ] GC(38) User=0.02s Sys=0.00s Real=0.01s
[0.956s][info][gc,start       ] GC(39) Pause Young (Allocation Failure)
[0.971s][info][gc,heap        ] GC(39) PSYoungGen: 29184K(29184K)->19744K(33792K) Eden: 9216K(9216K)->0K(9216K) From: 19968K(19968K)->19744K(24576K)
[0.971s][info][gc,heap        ] GC(39) ParOldGen: 116107K(142336K)->125739K(142336K)
[0.971s][info][gc,metaspace   ] GC(39) Metaspace: 6298K(6464K)->6298K(6464K) NonClass: 5764K(5824K)->5764K(5824K) Class: 533K(640K)->533K(640K)
[0.971s][info][gc             ] GC(39) Pause Young (Allocation Failure) 141M->142M(172M) 15.117ms
[0.971s][info][gc,cpu         ] GC(39) User=0.00s Sys=0.00s Real=0.02s
[0.980s][info][gc,start       ] GC(40) Pause Young (Allocation Failure)
[0.996s][info][gc,heap        ] GC(40) PSYoungGen: 28960K(33792K)->18464K(36352K) Eden: 9216K(9216K)->0K(9728K) From: 19744K(24576K)->18464K(26624K)
[0.996s][info][gc,heap        ] GC(40) ParOldGen: 125739K(142336K)->136363K(142336K)
[0.996s][info][gc,metaspace   ] GC(40) Metaspace: 6298K(6464K)->6298K(6464K) NonClass: 5764K(5824K)->5764K(5824K) Class: 533K(640K)->533K(640K)
[0.996s][info][gc             ] GC(40) Pause Young (Allocation Failure) 151M->151M(174M) 15.178ms
[0.996s][info][gc,cpu         ] GC(40) User=0.00s Sys=0.00s Real=0.02s
[0.996s][info][gc,start       ] GC(41) Pause Full (Ergonomics)
[0.996s][info][gc,phases,start] GC(41) Marking Phase
[1.037s][info][gc,phases      ] GC(41) Marking Phase 41.312ms
[1.037s][info][gc,phases,start] GC(41) Summary Phase
[1.037s][info][gc,phases      ] GC(41) Summary Phase 0.019ms
[1.037s][info][gc,phases,start] GC(41) Adjust Roots
[1.037s][info][gc,phases      ] GC(41) Adjust Roots 0.205ms
[1.037s][info][gc,phases,start] GC(41) Compaction Phase
[1.058s][info][gc,phases      ] GC(41) Compaction Phase 20.608ms
[1.058s][info][gc,phases,start] GC(41) Post Compact
[1.059s][info][gc,phases      ] GC(41) Post Compact 0.644ms
[1.059s][info][gc,heap        ] GC(41) PSYoungGen: 18464K(36352K)->12238K(36352K) Eden: 0K(9728K)->0K(9728K) From: 18464K(26624K)->12238K(26624K)
[1.059s][info][gc,heap        ] GC(41) ParOldGen: 136363K(142336K)->142080K(175616K)
[1.059s][info][gc,metaspace   ] GC(41) Metaspace: 6298K(6464K)->6298K(6464K) NonClass: 5764K(5824K)->5764K(5824K) Class: 533K(640K)->533K(640K)
[1.059s][info][gc             ] GC(41) Pause Full (Ergonomics) 151M->150M(207M) 63.399ms
[1.059s][info][gc,cpu         ] GC(41) User=0.09s Sys=0.00s Real=0.06s
[1.069s][info][gc,start       ] GC(42) Pause Young (Allocation Failure)
[1.090s][info][gc,heap        ] GC(42) PSYoungGen: 21966K(36352K)->15776K(37376K) Eden: 9728K(9728K)->0K(9728K) From: 12238K(26624K)->15776K(27648K)
[1.090s][info][gc,heap        ] GC(42) ParOldGen: 142080K(175616K)->148472K(175616K)
[1.090s][info][gc,metaspace   ] GC(42) Metaspace: 6298K(6464K)->6298K(6464K) NonClass: 5764K(5824K)->5764K(5824K) Class: 533K(640K)->533K(640K)
[1.090s][info][gc             ] GC(42) Pause Young (Allocation Failure) 160M->160M(208M) 21.319ms
[1.090s][info][gc,cpu         ] GC(42) User=0.05s Sys=0.00s Real=0.02s
[1.101s][info][gc,start       ] GC(43) Pause Young (Allocation Failure)
[1.116s][info][gc,heap        ] GC(43) PSYoungGen: 25504K(37376K)->19520K(37888K) Eden: 9728K(9728K)->0K(10240K) From: 15776K(27648K)->19520K(27648K)
[1.116s][info][gc,heap        ] GC(43) ParOldGen: 148472K(175616K)->154544K(175616K)
[1.116s][info][gc,metaspace   ] GC(43) Metaspace: 6298K(6464K)->6298K(6464K) NonClass: 5764K(5824K)->5764K(5824K) Class: 533K(640K)->533K(640K)
[1.116s][info][gc             ] GC(43) Pause Young (Allocation Failure) 169M->169M(208M) 15.434ms
[1.116s][info][gc,cpu         ] GC(43) User=0.00s Sys=0.00s Real=0.02s
[1.148s][info][gc,start       ] GC(44) Pause Full (Ergonomics)
[1.148s][info][gc,phases,start] GC(44) Marking Phase
[1.208s][info][gc,phases      ] GC(44) Marking Phase 60.123ms
[1.208s][info][gc,phases,start] GC(44) Summary Phase
[1.208s][info][gc,phases      ] GC(44) Summary Phase 0.018ms
[1.208s][info][gc,phases,start] GC(44) Adjust Roots
[1.209s][info][gc,phases      ] GC(44) Adjust Roots 0.148ms
[1.209s][info][gc,phases,start] GC(44) Compaction Phase
[1.253s][info][gc,phases      ] GC(44) Compaction Phase 44.066ms
[1.253s][info][gc,phases,start] GC(44) Post Compact
[1.254s][info][gc,phases      ] GC(44) Post Compact 1.253ms
[1.254s][info][gc,heap        ] GC(44) PSYoungGen: 29760K(37888K)->12754K(37888K) Eden: 10240K(10240K)->0K(10240K) From: 19520K(27648K)->12754K(27648K)
[1.254s][info][gc,heap        ] GC(44) ParOldGen: 162736K(175616K)->175263K(209408K)
[1.254s][info][gc,metaspace   ] GC(44) Metaspace: 6298K(6464K)->6298K(6464K) NonClass: 5764K(5824K)->5764K(5824K) Class: 533K(640K)->533K(640K)
[1.254s][info][gc             ] GC(44) Pause Full (Ergonomics) 187M->183M(241M) 106.260ms
[1.254s][info][gc,cpu         ] GC(44) User=0.34s Sys=0.02s Real=0.11s
[1.270s][info][gc,start       ] GC(45) Pause Young (Allocation Failure)
[1.297s][info][gc,heap        ] GC(45) PSYoungGen: 22994K(37888K)->16608K(38912K) Eden: 10240K(10240K)->0K(10240K) From: 12754K(27648K)->16608K(28672K)
[1.297s][info][gc,heap        ] GC(45) ParOldGen: 175263K(209408K)->181847K(209408K)
[1.297s][info][gc,metaspace   ] GC(45) Metaspace: 6298K(6464K)->6298K(6464K) NonClass: 5764K(5824K)->5764K(5824K) Class: 533K(640K)->533K(640K)
[1.297s][info][gc             ] GC(45) Pause Young (Allocation Failure) 193M->193M(242M) 27.006ms
[1.297s][info][gc,cpu         ] GC(45) User=0.12s Sys=0.00s Real=0.03s
[1.309s][info][gc,start       ] GC(46) Pause Young (Allocation Failure)
[1.325s][info][gc,heap        ] GC(46) PSYoungGen: 26848K(38912K)->26848K(36352K) Eden: 10240K(10240K)->0K(8192K) From: 16608K(28672K)->26848K(28160K)
[1.325s][info][gc,heap        ] GC(46) ParOldGen: 181847K(209408K)->181847K(209408K)
[1.325s][info][gc,metaspace   ] GC(46) Metaspace: 6298K(6464K)->6298K(6464K) NonClass: 5764K(5824K)->5764K(5824K) Class: 533K(640K)->533K(640K)
[1.325s][info][gc             ] GC(46) Pause Young (Allocation Failure) 203M->203M(240M) 16.184ms
[1.325s][info][gc,cpu         ] GC(46) User=0.03s Sys=0.00s Real=0.02s
[1.334s][info][gc,start       ] GC(47) Pause Young (Allocation Failure)
[1.352s][info][gc,heap        ] GC(47) PSYoungGen: 35040K(36352K)->28704K(39936K) Eden: 8192K(8192K)->0K(8192K) From: 26848K(28160K)->28704K(31744K)
[1.352s][info][gc,heap        ] GC(47) ParOldGen: 181847K(209408K)->188255K(209408K)
[1.352s][info][gc,metaspace   ] GC(47) Metaspace: 6298K(6464K)->6298K(6464K) NonClass: 5764K(5824K)->5764K(5824K) Class: 533K(640K)->533K(640K)
[1.352s][info][gc             ] GC(47) Pause Young (Allocation Failure) 211M->211M(243M) 18.053ms
[1.352s][info][gc,cpu         ] GC(47) User=0.08s Sys=0.00s Real=0.02s
[1.361s][info][gc,start       ] GC(48) Pause Young (Allocation Failure)
[1.382s][info][gc,heap        ] GC(48) PSYoungGen: 36896K(39936K)->26688K(42496K) Eden: 8192K(8192K)->0K(7680K) From: 28704K(31744K)->26688K(34816K)
[1.382s][info][gc,heap        ] GC(48) ParOldGen: 188255K(209408K)->198631K(209408K)
[1.382s][info][gc,metaspace   ] GC(48) Metaspace: 6298K(6464K)->6298K(6464K) NonClass: 5764K(5824K)->5764K(5824K) Class: 533K(640K)->533K(640K)
[1.382s][info][gc             ] GC(48) Pause Young (Allocation Failure) 219M->220M(246M) 20.467ms
[1.382s][info][gc,cpu         ] GC(48) User=0.02s Sys=0.03s Real=0.02s
[1.382s][info][gc,start       ] GC(49) Pause Full (Ergonomics)
[1.382s][info][gc,phases,start] GC(49) Marking Phase
[1.445s][info][gc,phases      ] GC(49) Marking Phase 63.322ms
[1.445s][info][gc,phases,start] GC(49) Summary Phase
[1.445s][info][gc,phases      ] GC(49) Summary Phase 0.018ms
[1.445s][info][gc,phases,start] GC(49) Adjust Roots
[1.445s][info][gc,phases      ] GC(49) Adjust Roots 0.169ms
[1.445s][info][gc,phases,start] GC(49) Compaction Phase
[1.476s][info][gc,phases      ] GC(49) Compaction Phase 30.950ms
[1.476s][info][gc,phases,start] GC(49) Post Compact
[1.478s][info][gc,phases      ] GC(49) Post Compact 1.084ms
[1.478s][info][gc,heap        ] GC(49) PSYoungGen: 26688K(42496K)->15802K(42496K) Eden: 0K(7680K)->0K(7680K) From: 26688K(34816K)->15802K(34816K)
[1.478s][info][gc,heap        ] GC(49) ParOldGen: 198631K(209408K)->208955K(244736K)
[1.478s][info][gc,metaspace   ] GC(49) Metaspace: 6298K(6464K)->6298K(6464K) NonClass: 5764K(5824K)->5764K(5824K) Class: 533K(640K)->533K(640K)
[1.478s][info][gc             ] GC(49) Pause Full (Ergonomics) 220M->219M(280M) 96.098ms
[1.478s][info][gc,cpu         ] GC(49) User=0.22s Sys=0.02s Real=0.10s
[1.487s][info][gc,start       ] GC(50) Pause Young (Allocation Failure)
[1.510s][info][gc,heap        ] GC(50) PSYoungGen: 23482K(42496K)->12704K(44544K) Eden: 7680K(7680K)->0K(7680K) From: 15802K(34816K)->12704K(36864K)
[1.510s][info][gc,heap        ] GC(50) ParOldGen: 208955K(244736K)->219979K(244736K)
[1.510s][info][gc,metaspace   ] GC(50) Metaspace: 6298K(6464K)->6298K(6464K) NonClass: 5764K(5824K)->5764K(5824K) Class: 533K(640K)->533K(640K)
[1.510s][info][gc             ] GC(50) Pause Young (Allocation Failure) 226M->227M(282M) 23.095ms
[1.510s][info][gc,cpu         ] GC(50) User=0.06s Sys=0.02s Real=0.02s
[1.519s][info][gc,start       ] GC(51) Pause Young (Allocation Failure)
[1.531s][info][gc,heap        ] GC(51) PSYoungGen: 20384K(44544K)->15424K(42496K) Eden: 7680K(7680K)->0K(9216K) From: 12704K(36864K)->15424K(33280K)
[1.531s][info][gc,heap        ] GC(51) ParOldGen: 219979K(244736K)->225027K(244736K)
[1.531s][info][gc,metaspace   ] GC(51) Metaspace: 6298K(6464K)->6298K(6464K) NonClass: 5764K(5824K)->5764K(5824K) Class: 533K(640K)->533K(640K)
[1.531s][info][gc             ] GC(51) Pause Young (Allocation Failure) 234M->234M(280M) 11.860ms
[1.531s][info][gc,cpu         ] GC(51) User=0.00s Sys=0.00s Real=0.01s
[1.542s][info][gc,start       ] GC(52) Pause Young (Allocation Failure)
[1.557s][info][gc,heap        ] GC(52) PSYoungGen: 24640K(42496K)->16928K(43520K) Eden: 9216K(9216K)->0K(9216K) From: 15424K(33280K)->16928K(34304K)
[1.557s][info][gc,heap        ] GC(52) ParOldGen: 225027K(244736K)->232827K(244736K)
[1.557s][info][gc,metaspace   ] GC(52) Metaspace: 6298K(6464K)->6298K(6464K) NonClass: 5764K(5824K)->5764K(5824K) Class: 533K(640K)->533K(640K)
[1.557s][info][gc             ] GC(52) Pause Young (Allocation Failure) 243M->243M(281M) 14.946ms
[1.557s][info][gc,cpu         ] GC(52) User=0.02s Sys=0.00s Real=0.02s
[1.557s][info][gc,start       ] GC(53) Pause Full (Ergonomics)
[1.557s][info][gc,phases,start] GC(53) Marking Phase
[1.626s][info][gc,phases      ] GC(53) Marking Phase 69.637ms
[1.626s][info][gc,phases,start] GC(53) Summary Phase
[1.627s][info][gc,phases      ] GC(53) Summary Phase 0.037ms
[1.627s][info][gc,phases,start] GC(53) Adjust Roots
[1.627s][info][gc,phases      ] GC(53) Adjust Roots 0.304ms
[1.627s][info][gc,phases,start] GC(53) Compaction Phase
[1.658s][info][gc,phases      ] GC(53) Compaction Phase 30.947ms
[1.658s][info][gc,phases,start] GC(53) Post Compact
[1.659s][info][gc,phases      ] GC(53) Post Compact 1.404ms
[1.660s][info][gc,heap        ] GC(53) PSYoungGen: 16928K(43520K)->4565K(43520K) Eden: 0K(9216K)->0K(9216K) From: 16928K(34304K)->4565K(34304K)
[1.660s][info][gc,heap        ] GC(53) ParOldGen: 232827K(244736K)->244672K(283136K)
[1.660s][info][gc,metaspace   ] GC(53) Metaspace: 6298K(6464K)->6298K(6464K) NonClass: 5764K(5824K)->5764K(5824K) Class: 533K(640K)->533K(640K)
[1.660s][info][gc             ] GC(53) Pause Full (Ergonomics) 243M->243M(319M) 102.860ms
[1.660s][info][gc,cpu         ] GC(53) User=0.53s Sys=0.00s Real=0.10s
[1.672s][info][gc,start       ] GC(54) Pause Young (Allocation Failure)
[1.692s][info][gc,heap        ] GC(54) PSYoungGen: 13781K(43520K)->11776K(41472K) Eden: 9216K(9216K)->0K(10752K) From: 4565K(34304K)->11776K(30720K)
[1.692s][info][gc,heap        ] GC(54) ParOldGen: 244672K(283136K)->246848K(283136K)
[1.692s][info][gc,metaspace   ] GC(54) Metaspace: 6298K(6464K)->6298K(6464K) NonClass: 5764K(5824K)->5764K(5824K) Class: 533K(640K)->533K(640K)
[1.692s][info][gc             ] GC(54) Pause Young (Allocation Failure) 252M->252M(317M) 20.365ms
[1.692s][info][gc,cpu         ] GC(54) User=0.16s Sys=0.00s Real=0.02s
[1.704s][info][gc,start       ] GC(55) Pause Young (Allocation Failure)
[1.717s][info][gc,heap        ] GC(55) PSYoungGen: 22528K(41472K)->22464K(42496K) Eden: 10752K(10752K)->0K(10752K) From: 11776K(30720K)->22464K(31744K)
[1.717s][info][gc,heap        ] GC(55) ParOldGen: 246848K(283136K)->246848K(283136K)
[1.717s][info][gc,metaspace   ] GC(55) Metaspace: 6298K(6464K)->6298K(6464K) NonClass: 5764K(5824K)->5764K(5824K) Class: 533K(640K)->533K(640K)
[1.717s][info][gc             ] GC(55) Pause Young (Allocation Failure) 263M->263M(318M) 12.736ms
[1.717s][info][gc,cpu         ] GC(55) User=0.00s Sys=0.00s Real=0.01s
[1.729s][info][gc,start       ] GC(56) Pause Young (Allocation Failure)
[1.746s][info][gc,heap        ] GC(56) PSYoungGen: 33216K(42496K)->32768K(40960K) Eden: 10752K(10752K)->0K(8192K) From: 22464K(31744K)->32768K(32768K)
[1.747s][info][gc,heap        ] GC(56) ParOldGen: 246848K(283136K)->247312K(283136K)
[1.747s][info][gc,metaspace   ] GC(56) Metaspace: 6298K(6464K)->6298K(6464K) NonClass: 5764K(5824K)->5764K(5824K) Class: 533K(640K)->533K(640K)
[1.747s][info][gc             ] GC(56) Pause Young (Allocation Failure) 273M->273M(316M) 17.461ms
[1.747s][info][gc,cpu         ] GC(56) User=0.02s Sys=0.02s Real=0.02s
[1.756s][info][gc,start       ] GC(57) Pause Young (Allocation Failure)
[1.777s][info][gc,heap        ] GC(57) PSYoungGen: 40960K(40960K)->29472K(45056K) Eden: 8192K(8192K)->0K(8192K) From: 32768K(32768K)->29472K(36864K)
[1.777s][info][gc,heap        ] GC(57) ParOldGen: 247312K(283136K)->259000K(283136K)
[1.777s][info][gc,metaspace   ] GC(57) Metaspace: 6298K(6464K)->6298K(6464K) NonClass: 5764K(5824K)->5764K(5824K) Class: 533K(640K)->533K(640K)
[1.777s][info][gc             ] GC(57) Pause Young (Allocation Failure) 281M->281M(320M) 20.979ms
[1.777s][info][gc,cpu         ] GC(57) User=0.08s Sys=0.00s Real=0.02s
[1.787s][info][gc,start       ] GC(58) Pause Young (Allocation Failure)
[1.806s][info][gc,heap        ] GC(58) PSYoungGen: 37664K(45056K)->27040K(48640K) Eden: 8192K(8192K)->0K(9216K) From: 29472K(36864K)->27040K(39424K)
[1.806s][info][gc,heap        ] GC(58) ParOldGen: 259000K(283136K)->269752K(283136K)
[1.806s][info][gc,metaspace   ] GC(58) Metaspace: 6298K(6464K)->6298K(6464K) NonClass: 5764K(5824K)->5764K(5824K) Class: 533K(640K)->533K(640K)
[1.806s][info][gc             ] GC(58) Pause Young (Allocation Failure) 289M->289M(324M) 19.106ms
[1.806s][info][gc,cpu         ] GC(58) User=0.08s Sys=0.00s Real=0.02s
[1.806s][info][gc,start       ] GC(59) Pause Full (Ergonomics)
[1.806s][info][gc,phases,start] GC(59) Marking Phase
[1.876s][info][gc,phases      ] GC(59) Marking Phase 69.485ms
[1.876s][info][gc,phases,start] GC(59) Summary Phase
[1.876s][info][gc,phases      ] GC(59) Summary Phase 0.019ms
[1.876s][info][gc,phases,start] GC(59) Adjust Roots
[1.876s][info][gc,phases      ] GC(59) Adjust Roots 0.153ms
[1.876s][info][gc,phases,start] GC(59) Compaction Phase
[1.908s][info][gc,phases      ] GC(59) Compaction Phase 31.888ms
[1.908s][info][gc,phases,start] GC(59) Post Compact
[1.909s][info][gc,phases      ] GC(59) Post Compact 1.278ms
[1.910s][info][gc,heap        ] GC(59) PSYoungGen: 27040K(48640K)->13083K(48640K) Eden: 0K(9216K)->0K(9216K) From: 27040K(39424K)->13083K(39424K)
[1.910s][info][gc,heap        ] GC(59) ParOldGen: 269752K(283136K)->283094K(325632K)
[1.910s][info][gc,metaspace   ] GC(59) Metaspace: 6298K(6464K)->6298K(6464K) NonClass: 5764K(5824K)->5764K(5824K) Class: 533K(640K)->533K(640K)
[1.910s][info][gc             ] GC(59) Pause Full (Ergonomics) 289M->289M(365M) 103.285ms
[1.910s][info][gc,cpu         ] GC(59) User=0.48s Sys=0.00s Real=0.10s
[1.920s][info][gc,start       ] GC(60) Pause Young (Allocation Failure)
[1.946s][info][gc,heap        ] GC(60) PSYoungGen: 22299K(48640K)->13600K(49152K) Eden: 9216K(9216K)->0K(9216K) From: 13083K(39424K)->13600K(39936K)
[1.946s][info][gc,heap        ] GC(60) ParOldGen: 283094K(325632K)->292118K(325632K)
[1.946s][info][gc,metaspace   ] GC(60) Metaspace: 6298K(6464K)->6298K(6464K) NonClass: 5764K(5824K)->5764K(5824K) Class: 533K(640K)->533K(640K)
[1.946s][info][gc             ] GC(60) Pause Young (Allocation Failure) 298M->298M(366M) 25.347ms
[1.946s][info][gc,cpu         ] GC(60) User=0.11s Sys=0.00s Real=0.03s
[1.956s][info][gc,start       ] GC(61) Pause Young (Allocation Failure)
[1.969s][info][gc,heap        ] GC(61) PSYoungGen: 22816K(49152K)->18528K(46592K) Eden: 9216K(9216K)->0K(10752K) From: 13600K(39936K)->18528K(35840K)
[1.969s][info][gc,heap        ] GC(61) ParOldGen: 292118K(325632K)->296438K(325632K)
[1.970s][info][gc,metaspace   ] GC(61) Metaspace: 6298K(6464K)->6298K(6464K) NonClass: 5764K(5824K)->5764K(5824K) Class: 533K(640K)->533K(640K)
[1.970s][info][gc             ] GC(61) Pause Young (Allocation Failure) 307M->307M(363M) 13.063ms
[1.970s][info][gc,cpu         ] GC(61) User=0.02s Sys=0.00s Real=0.01s
[1.983s][info][gc,start       ] GC(62) Pause Young (Allocation Failure)
[1.999s][info][gc,heap        ] GC(62) PSYoungGen: 29280K(46592K)->20096K(48128K) Eden: 10752K(10752K)->0K(10752K) From: 18528K(35840K)->20096K(37376K)
[1.999s][info][gc,heap        ] GC(62) ParOldGen: 296438K(325632K)->305790K(325632K)
[1.999s][info][gc,metaspace   ] GC(62) Metaspace: 6298K(6464K)->6298K(6464K) NonClass: 5764K(5824K)->5764K(5824K) Class: 533K(640K)->533K(640K)
[1.999s][info][gc             ] GC(62) Pause Young (Allocation Failure) 318M->318M(365M) 15.825ms
[1.999s][info][gc,cpu         ] GC(62) User=0.02s Sys=0.00s Real=0.02s
[2.012s][info][gc,start       ] GC(63) Pause Young (Allocation Failure)
[2.029s][info][gc,heap        ] GC(63) PSYoungGen: 30848K(48128K)->21632K(47104K) Eden: 10752K(10752K)->0K(12288K) From: 20096K(37376K)->21632K(34816K)
[2.029s][info][gc,heap        ] GC(63) ParOldGen: 305790K(325632K)->315134K(325632K)
[2.029s][info][gc,metaspace   ] GC(63) Metaspace: 6298K(6464K)->6298K(6464K) NonClass: 5764K(5824K)->5764K(5824K) Class: 533K(640K)->533K(640K)
[2.029s][info][gc             ] GC(63) Pause Young (Allocation Failure) 328M->328M(364M) 16.832ms
[2.029s][info][gc,cpu         ] GC(63) User=0.03s Sys=0.00s Real=0.02s
[2.029s][info][gc,start       ] GC(64) Pause Full (Ergonomics)
[2.029s][info][gc,phases,start] GC(64) Marking Phase
[2.101s][info][gc,phases      ] GC(64) Marking Phase 72.091ms
[2.101s][info][gc,phases,start] GC(64) Summary Phase
[2.101s][info][gc,phases      ] GC(64) Summary Phase 0.019ms
[2.101s][info][gc,phases,start] GC(64) Adjust Roots
[2.101s][info][gc,phases      ] GC(64) Adjust Roots 0.214ms
[2.101s][info][gc,phases,start] GC(64) Compaction Phase
[2.137s][info][gc,phases      ] GC(64) Compaction Phase 35.647ms
[2.137s][info][gc,phases,start] GC(64) Post Compact
[2.139s][info][gc,phases      ] GC(64) Post Compact 1.886ms
[2.139s][info][gc,heap        ] GC(64) PSYoungGen: 21632K(47104K)->10713K(47616K) Eden: 0K(12288K)->0K(12800K) From: 21632K(34816K)->10713K(34816K)
[2.139s][info][gc,heap        ] GC(64) ParOldGen: 315134K(325632K)->325282K(370688K)
[2.139s][info][gc,metaspace   ] GC(64) Metaspace: 6298K(6464K)->6298K(6464K) NonClass: 5764K(5824K)->5764K(5824K) Class: 533K(640K)->533K(640K)
[2.139s][info][gc             ] GC(64) Pause Full (Ergonomics) 328M->328M(408M) 110.469ms
[2.139s][info][gc,cpu         ] GC(64) User=0.66s Sys=0.00s Real=0.11s
[2.154s][info][gc,start       ] GC(65) Pause Young (Allocation Failure)
[2.181s][info][gc,heap        ] GC(65) PSYoungGen: 23513K(47616K)->17536K(48128K) Eden: 12800K(12800K)->0K(12800K) From: 10713K(34816K)->17536K(35328K)
[2.181s][info][gc,heap        ] GC(65) ParOldGen: 325282K(370688K)->331546K(370688K)
[2.181s][info][gc,metaspace   ] GC(65) Metaspace: 6298K(6464K)->6298K(6464K) NonClass: 5764K(5824K)->5764K(5824K) Class: 533K(640K)->533K(640K)
[2.181s][info][gc             ] GC(65) Pause Young (Allocation Failure) 340M->340M(409M) 27.165ms
[2.181s][info][gc,cpu         ] GC(65) User=0.14s Sys=0.00s Real=0.03s
[2.268s][info][gc,start       ] GC(66) Pause Young (Allocation Failure)
[2.292s][info][gc,heap        ] GC(66) PSYoungGen: 30336K(48128K)->30304K(45568K) Eden: 12800K(12800K)->0K(11776K) From: 17536K(35328K)->30304K(33792K)
[2.292s][info][gc,heap        ] GC(66) ParOldGen: 347930K(370688K)->347930K(370688K)
[2.292s][info][gc,metaspace   ] GC(66) Metaspace: 6298K(6464K)->6298K(6464K) NonClass: 5764K(5824K)->5764K(5824K) Class: 533K(640K)->533K(640K)
[2.292s][info][gc             ] GC(66) Pause Young (Allocation Failure) 369M->369M(406M) 24.128ms
[2.292s][info][gc,cpu         ] GC(66) User=0.08s Sys=0.00s Real=0.02s
[2.304s][info][gc,start       ] GC(67) Pause Young (Allocation Failure)
[2.325s][info][gc,heap        ] GC(67) PSYoungGen: 42080K(45568K)->36352K(48128K) Eden: 11776K(11776K)->0K(11776K) From: 30304K(33792K)->36352K(36352K)
[2.325s][info][gc,heap        ] GC(67) ParOldGen: 347930K(370688K)->353610K(370688K)
[2.325s][info][gc,metaspace   ] GC(67) Metaspace: 6298K(6464K)->6298K(6464K) NonClass: 5764K(5824K)->5764K(5824K) Class: 533K(640K)->533K(640K)
[2.325s][info][gc             ] GC(67) Pause Young (Allocation Failure) 380M->380M(409M) 21.110ms
[2.325s][info][gc,cpu         ] GC(67) User=0.12s Sys=0.00s Real=0.02s
[2.339s][info][gc,start       ] GC(68) Pause Young (Allocation Failure)
[2.363s][info][gc,heap        ] GC(68) PSYoungGen: 48128K(48128K)->32800K(54784K) Eden: 11776K(11776K)->0K(11776K) From: 36352K(36352K)->32800K(43008K)
[2.363s][info][gc,heap        ] GC(68) ParOldGen: 353610K(370688K)->369210K(370688K)
[2.363s][info][gc,metaspace   ] GC(68) Metaspace: 6298K(6464K)->6298K(6464K) NonClass: 5764K(5824K)->5764K(5824K) Class: 533K(640K)->533K(640K)
[2.363s][info][gc             ] GC(68) Pause Young (Allocation Failure) 392M->392M(415M) 23.913ms
[2.363s][info][gc,cpu         ] GC(68) User=0.11s Sys=0.02s Real=0.02s
[2.363s][info][gc,start       ] GC(69) Pause Full (Ergonomics)
[2.363s][info][gc,phases,start] GC(69) Marking Phase
[2.451s][info][gc,phases      ] GC(69) Marking Phase 87.871ms
[2.451s][info][gc,phases,start] GC(69) Summary Phase
[2.451s][info][gc,phases      ] GC(69) Summary Phase 0.026ms
[2.451s][info][gc,phases,start] GC(69) Adjust Roots
[2.452s][info][gc,phases      ] GC(69) Adjust Roots 0.313ms
[2.452s][info][gc,phases,start] GC(69) Compaction Phase
[2.536s][info][gc,phases      ] GC(69) Compaction Phase 83.916ms
[2.536s][info][gc,phases,start] GC(69) Post Compact
[2.538s][info][gc,phases      ] GC(69) Post Compact 2.127ms
[2.538s][info][gc,heap        ] GC(69) PSYoungGen: 32800K(54784K)->22923K(54784K) Eden: 0K(11776K)->0K(11776K) From: 32800K(43008K)->22923K(43008K)
[2.538s][info][gc,heap        ] GC(69) ParOldGen: 369210K(370688K)->370290K(419328K)
[2.538s][info][gc,metaspace   ] GC(69) Metaspace: 6298K(6464K)->6298K(6464K) NonClass: 5764K(5824K)->5764K(5824K) Class: 533K(640K)->533K(640K)
[2.538s][info][gc             ] GC(69) Pause Full (Ergonomics) 392M->383M(463M) 174.964ms
[2.538s][info][gc,cpu         ] GC(69) User=0.91s Sys=0.02s Real=0.17s
[2.551s][info][gc,start       ] GC(70) Pause Young (Allocation Failure)
[2.581s][info][gc,heap        ] GC(70) PSYoungGen: 34699K(54784K)->28704K(56320K) Eden: 11776K(11776K)->0K(11776K) From: 22923K(43008K)->28704K(44544K)
[2.581s][info][gc,heap        ] GC(70) ParOldGen: 370290K(419328K)->376498K(419328K)
[2.581s][info][gc,metaspace   ] GC(70) Metaspace: 6298K(6464K)->6298K(6464K) NonClass: 5764K(5824K)->5764K(5824K) Class: 533K(640K)->533K(640K)
[2.581s][info][gc             ] GC(70) Pause Young (Allocation Failure) 395M->395M(464M) 30.852ms
[2.582s][info][gc,cpu         ] GC(70) User=0.14s Sys=0.00s Real=0.03s
[2.594s][info][gc,start       ] GC(71) Pause Young (Allocation Failure)
[2.615s][info][gc,heap        ] GC(71) PSYoungGen: 40480K(56320K)->40512K(54272K) Eden: 11776K(11776K)->0K(9728K) From: 28704K(44544K)->40512K(44544K)
[2.615s][info][gc,heap        ] GC(71) ParOldGen: 376498K(419328K)->376498K(419328K)
[2.615s][info][gc,metaspace   ] GC(71) Metaspace: 6298K(6464K)->6298K(6464K) NonClass: 5764K(5824K)->5764K(5824K) Class: 533K(640K)->533K(640K)
[2.615s][info][gc             ] GC(71) Pause Young (Allocation Failure) 407M->407M(462M) 21.150ms
[2.615s][info][gc,cpu         ] GC(71) User=0.17s Sys=0.03s Real=0.02s
[2.627s][info][gc,start       ] GC(72) Pause Young (Allocation Failure)
[2.657s][info][gc,heap        ] GC(72) PSYoungGen: 50240K(54272K)->41696K(57856K) Eden: 9728K(9728K)->0K(9728K) From: 40512K(44544K)->41696K(48128K)
[2.657s][info][gc,heap        ] GC(72) ParOldGen: 376498K(419328K)->385106K(419328K)
[2.657s][info][gc,metaspace   ] GC(72) Metaspace: 6298K(6464K)->6298K(6464K) NonClass: 5764K(5824K)->5764K(5824K) Class: 533K(640K)->533K(640K)
[2.657s][info][gc             ] GC(72) Pause Young (Allocation Failure) 416M->416M(466M) 29.990ms
[2.657s][info][gc,cpu         ] GC(72) User=0.09s Sys=0.02s Real=0.03s
[2.668s][info][gc,start       ] GC(73) Pause Young (Allocation Failure)
[2.695s][info][gc,heap        ] GC(73) PSYoungGen: 51424K(57856K)->31328K(61440K) Eden: 9728K(9728K)->0K(11264K) From: 41696K(48128K)->31328K(50176K)
[2.695s][info][gc,heap        ] GC(73) ParOldGen: 385106K(419328K)->405514K(419328K)
[2.695s][info][gc,metaspace   ] GC(73) Metaspace: 6298K(6464K)->6298K(6464K) NonClass: 5764K(5824K)->5764K(5824K) Class: 533K(640K)->533K(640K)
[2.695s][info][gc             ] GC(73) Pause Young (Allocation Failure) 426M->426M(469M) 27.449ms
[2.695s][info][gc,cpu         ] GC(73) User=0.08s Sys=0.05s Real=0.03s
[2.695s][info][gc,start       ] GC(74) Pause Full (Ergonomics)
[2.695s][info][gc,phases,start] GC(74) Marking Phase
[2.800s][info][gc,phases      ] GC(74) Marking Phase 104.774ms
[2.800s][info][gc,phases,start] GC(74) Summary Phase
[2.800s][info][gc,phases      ] GC(74) Summary Phase 0.042ms
[2.800s][info][gc,phases,start] GC(74) Adjust Roots
[2.800s][info][gc,phases      ] GC(74) Adjust Roots 0.281ms
[2.801s][info][gc,phases,start] GC(74) Compaction Phase
[2.856s][info][gc,phases      ] GC(74) Compaction Phase 55.451ms
[2.856s][info][gc,phases,start] GC(74) Post Compact
[2.859s][info][gc,phases      ] GC(74) Post Compact 2.753ms
[2.859s][info][gc,heap        ] GC(74) PSYoungGen: 31328K(61440K)->16832K(62464K) Eden: 0K(11264K)->0K(12288K) From: 31328K(50176K)->16832K(50176K)
[2.859s][info][gc,heap        ] GC(74) ParOldGen: 405514K(419328K)->419266K(474624K)
[2.859s][info][gc,metaspace   ] GC(74) Metaspace: 6298K(6464K)->6298K(6464K) NonClass: 5764K(5824K)->5764K(5824K) Class: 533K(640K)->533K(640K)
[2.859s][info][gc             ] GC(74) Pause Full (Ergonomics) 426M->425M(524M) 164.050ms
[2.859s][info][gc,cpu         ] GC(74) User=0.97s Sys=0.02s Real=0.16s
[2.873s][info][gc,start       ] GC(75) Pause Young (Allocation Failure)
[2.907s][info][gc,heap        ] GC(75) PSYoungGen: 29120K(62464K)->17216K(63488K) Eden: 12288K(12288K)->0K(12288K) From: 16832K(50176K)->17216K(51200K)
[2.907s][info][gc,heap        ] GC(75) ParOldGen: 419266K(474624K)->431506K(474624K)
[2.907s][info][gc,metaspace   ] GC(75) Metaspace: 6298K(6464K)->6298K(6464K) NonClass: 5764K(5824K)->5764K(5824K) Class: 533K(640K)->533K(640K)
[2.907s][info][gc             ] GC(75) Pause Young (Allocation Failure) 437M->438M(525M) 33.473ms
[2.907s][info][gc,cpu         ] GC(75) User=0.20s Sys=0.00s Real=0.03s
[2.921s][info][gc,start       ] GC(76) Pause Young (Allocation Failure)
[2.937s][info][gc,heap        ] GC(76) PSYoungGen: 29504K(63488K)->24704K(60416K) Eden: 12288K(12288K)->0K(13824K) From: 17216K(51200K)->24704K(46592K)
[2.937s][info][gc,heap        ] GC(76) ParOldGen: 431506K(474624K)->436370K(474624K)
[2.937s][info][gc,metaspace   ] GC(76) Metaspace: 6298K(6464K)->6298K(6464K) NonClass: 5764K(5824K)->5764K(5824K) Class: 533K(640K)->533K(640K)
[2.937s][info][gc             ] GC(76) Pause Young (Allocation Failure) 450M->450M(522M) 16.301ms
[2.937s][info][gc,cpu         ] GC(76) User=0.00s Sys=0.00s Real=0.02s
[2.952s][info][gc,start       ] GC(77) Pause Young (Allocation Failure)
[2.973s][info][gc,heap        ] GC(77) PSYoungGen: 38528K(60416K)->26208K(62464K) Eden: 13824K(13824K)->0K(13824K) From: 24704K(46592K)->26208K(48640K)
[2.973s][info][gc,heap        ] GC(77) ParOldGen: 436370K(474624K)->448826K(474624K)
[2.973s][info][gc,metaspace   ] GC(77) Metaspace: 6298K(6464K)->6298K(6464K) NonClass: 5764K(5824K)->5764K(5824K) Class: 533K(640K)->533K(640K)
[2.973s][info][gc             ] GC(77) Pause Young (Allocation Failure) 463M->463M(524M) 20.947ms
[2.973s][info][gc,cpu         ] GC(77) User=0.14s Sys=0.02s Real=0.02s
[2.989s][info][gc,start       ] GC(78) Pause Young (Allocation Failure)
[3.010s][info][gc,heap        ] GC(78) PSYoungGen: 40032K(62464K)->27808K(59392K) Eden: 13824K(13824K)->0K(15872K) From: 26208K(48640K)->27808K(43520K)
[3.010s][info][gc,heap        ] GC(78) ParOldGen: 448826K(474624K)->461290K(474624K)
[3.010s][info][gc,metaspace   ] GC(78) Metaspace: 6298K(6464K)->6298K(6464K) NonClass: 5764K(5824K)->5764K(5824K) Class: 533K(640K)->533K(640K)
[3.011s][info][gc             ] GC(78) Pause Young (Allocation Failure) 477M->477M(521M) 21.525ms
[3.011s][info][gc,cpu         ] GC(78) User=0.11s Sys=0.00s Real=0.02s
[3.011s][info][gc,start       ] GC(79) Pause Full (Ergonomics)
[3.011s][info][gc,phases,start] GC(79) Marking Phase
[3.126s][info][gc,phases      ] GC(79) Marking Phase 115.174ms
[3.126s][info][gc,phases,start] GC(79) Summary Phase
[3.126s][info][gc,phases      ] GC(79) Summary Phase 0.045ms
[3.126s][info][gc,phases,start] GC(79) Adjust Roots
[3.126s][info][gc,phases      ] GC(79) Adjust Roots 0.285ms
[3.126s][info][gc,phases,start] GC(79) Compaction Phase
[3.181s][info][gc,phases      ] GC(79) Compaction Phase 55.167ms
[3.182s][info][gc,phases,start] GC(79) Post Compact
[3.184s][info][gc,phases      ] GC(79) Post Compact 2.437ms
[3.184s][info][gc,heap        ] GC(79) PSYoungGen: 27808K(59392K)->13787K(60928K) Eden: 0K(15872K)->0K(17408K) From: 27808K(43520K)->13787K(43520K)
[3.184s][info][gc,heap        ] GC(79) ParOldGen: 461290K(474624K)->474405K(534016K)
[3.184s][info][gc,metaspace   ] GC(79) Metaspace: 6298K(6464K)->6298K(6464K) NonClass: 5764K(5824K)->5764K(5824K) Class: 533K(640K)->533K(640K)
[3.184s][info][gc             ] GC(79) Pause Full (Ergonomics) 477M->476M(581M) 173.809ms
[3.184s][info][gc,cpu         ] GC(79) User=1.03s Sys=0.00s Real=0.17s
[3.204s][info][gc,start       ] GC(80) Pause Young (Allocation Failure)
[3.241s][info][gc,heap        ] GC(80) PSYoungGen: 31195K(60928K)->24672K(62464K) Eden: 17408K(17408K)->0K(17408K) From: 13787K(43520K)->24672K(45056K)
[3.241s][info][gc,heap        ] GC(80) ParOldGen: 474405K(534016K)->481205K(534016K)
[3.241s][info][gc,metaspace   ] GC(80) Metaspace: 6298K(6464K)->6298K(6464K) NonClass: 5764K(5824K)->5764K(5824K) Class: 533K(640K)->533K(640K)
[3.241s][info][gc             ] GC(80) Pause Young (Allocation Failure) 493M->494M(582M) 37.307ms
[3.241s][info][gc,cpu         ] GC(80) User=0.23s Sys=0.00s Real=0.04s
[3.261s][info][gc,start       ] GC(81) Pause Young (Allocation Failure)
[3.285s][info][gc,heap        ] GC(81) PSYoungGen: 42080K(62464K)->42080K(58880K) Eden: 17408K(17408K)->0K(15360K) From: 24672K(45056K)->42080K(43520K)
[3.285s][info][gc,heap        ] GC(81) ParOldGen: 481205K(534016K)->481205K(534016K)
[3.285s][info][gc,metaspace   ] GC(81) Metaspace: 6298K(6464K)->6298K(6464K) NonClass: 5764K(5824K)->5764K(5824K) Class: 533K(640K)->533K(640K)
[3.285s][info][gc             ] GC(81) Pause Young (Allocation Failure) 511M->511M(579M) 23.634ms
[3.285s][info][gc,cpu         ] GC(81) User=0.14s Sys=0.00s Real=0.02s
[3.302s][info][gc,start       ] GC(82) Pause Young (Allocation Failure)
[3.332s][info][gc,heap        ] GC(82) PSYoungGen: 57440K(58880K)->47616K(62976K) Eden: 15360K(15360K)->0K(15360K) From: 42080K(43520K)->47616K(47616K)
[3.332s][info][gc,heap        ] GC(82) ParOldGen: 481205K(534016K)->491053K(534016K)
[3.332s][info][gc,metaspace   ] GC(82) Metaspace: 6298K(6464K)->6298K(6464K) NonClass: 5764K(5824K)->5764K(5824K) Class: 533K(640K)->533K(640K)
[3.332s][info][gc             ] GC(82) Pause Young (Allocation Failure) 526M->526M(583M) 29.617ms
[3.332s][info][gc,cpu         ] GC(82) User=0.09s Sys=0.00s Real=0.03s
[3.349s][info][gc,start       ] GC(83) Pause Young (Allocation Failure)
[3.382s][info][gc,heap        ] GC(83) PSYoungGen: 62976K(62976K)->29920K(69632K) Eden: 15360K(15360K)->0K(17408K) From: 47616K(47616K)->29920K(52224K)
[3.382s][info][gc,heap        ] GC(83) ParOldGen: 491053K(534016K)->524717K(534016K)
[3.382s][info][gc,metaspace   ] GC(83) Metaspace: 6298K(6464K)->6298K(6464K) NonClass: 5764K(5824K)->5764K(5824K) Class: 533K(640K)->533K(640K)
[3.382s][info][gc             ] GC(83) Pause Young (Allocation Failure) 541M->541M(589M) 33.071ms
[3.383s][info][gc,cpu         ] GC(83) User=0.17s Sys=0.03s Real=0.03s
[3.383s][info][gc,start       ] GC(84) Pause Full (Ergonomics)
[3.383s][info][gc,phases,start] GC(84) Marking Phase
[3.512s][info][gc,phases      ] GC(84) Marking Phase 129.791ms
[3.513s][info][gc,phases,start] GC(84) Summary Phase
[3.513s][info][gc,phases      ] GC(84) Summary Phase 0.035ms
[3.513s][info][gc,phases,start] GC(84) Adjust Roots
[3.513s][info][gc,phases      ] GC(84) Adjust Roots 0.291ms
[3.513s][info][gc,phases,start] GC(84) Compaction Phase
[3.574s][info][gc,phases      ] GC(84) Compaction Phase 61.450ms
[3.574s][info][gc,phases,start] GC(84) Post Compact
[3.576s][info][gc,phases      ] GC(84) Post Compact 1.211ms
[3.576s][info][gc,heap        ] GC(84) PSYoungGen: 29920K(69632K)->19976K(71680K) Eden: 0K(17408K)->0K(19456K) From: 29920K(52224K)->19976K(52224K)
[3.576s][info][gc,heap        ] GC(84) ParOldGen: 524717K(534016K)->533622K(604160K)
[3.576s][info][gc,metaspace   ] GC(84) Metaspace: 6298K(6464K)->6298K(6464K) NonClass: 5764K(5824K)->5764K(5824K) Class: 533K(640K)->533K(640K)
[3.576s][info][gc             ] GC(84) Pause Full (Ergonomics) 541M->540M(660M) 193.465ms
[3.576s][info][gc,cpu         ] GC(84) User=1.20s Sys=0.00s Real=0.19s
[3.598s][info][gc,start       ] GC(85) Pause Young (Allocation Failure)
[3.642s][info][gc,heap        ] GC(85) PSYoungGen: 39432K(71680K)->29984K(73728K) Eden: 19456K(19456K)->0K(19456K) From: 19976K(52224K)->29984K(54272K)
[3.642s][info][gc,heap        ] GC(85) ParOldGen: 533622K(604160K)->543398K(604160K)
[3.642s][info][gc,metaspace   ] GC(85) Metaspace: 6298K(6464K)->6298K(6464K) NonClass: 5764K(5824K)->5764K(5824K) Class: 533K(640K)->533K(640K)
[3.642s][info][gc             ] GC(85) Pause Young (Allocation Failure) 559M->559M(662M) 43.742ms
[3.642s][info][gc,cpu         ] GC(85) User=0.23s Sys=0.03s Real=0.04s
[3.665s][info][gc,start       ] GC(86) Pause Young (Allocation Failure)
[3.691s][info][gc,heap        ] GC(86) PSYoungGen: 49440K(73728K)->49440K(69120K) Eden: 19456K(19456K)->0K(16896K) From: 29984K(54272K)->49440K(52224K)
[3.692s][info][gc,heap        ] GC(86) ParOldGen: 543398K(604160K)->543398K(604160K)
[3.692s][info][gc,metaspace   ] GC(86) Metaspace: 6298K(6464K)->6298K(6464K) NonClass: 5764K(5824K)->5764K(5824K) Class: 533K(640K)->533K(640K)
[3.692s][info][gc             ] GC(86) Pause Young (Allocation Failure) 578M->578M(657M) 26.995ms
[3.692s][info][gc,cpu         ] GC(86) User=0.11s Sys=0.00s Real=0.03s
[3.711s][info][gc,start       ] GC(87) Pause Young (Allocation Failure)
[3.746s][info][gc,heap        ] GC(87) PSYoungGen: 66336K(69120K)->55968K(73728K) Eden: 16896K(16896K)->0K(16896K) From: 49440K(52224K)->55968K(56832K)
[3.746s][info][gc,heap        ] GC(87) ParOldGen: 543398K(604160K)->553942K(604160K)
[3.746s][info][gc,metaspace   ] GC(87) Metaspace: 6298K(6464K)->6298K(6464K) NonClass: 5764K(5824K)->5764K(5824K) Class: 533K(640K)->533K(640K)
[3.746s][info][gc             ] GC(87) Pause Young (Allocation Failure) 595M->595M(662M) 35.272ms
[3.746s][info][gc,cpu         ] GC(87) User=0.14s Sys=0.02s Real=0.03s
[3.769s][info][gc,start       ] GC(88) Pause Young (Allocation Failure)
[3.809s][info][gc,heap        ] GC(88) PSYoungGen: 72864K(73728K)->53440K(77824K) Eden: 16896K(16896K)->0K(14848K) From: 55968K(56832K)->53440K(62976K)
[3.809s][info][gc,heap        ] GC(88) ParOldGen: 553942K(604160K)->573678K(604160K)
[3.809s][info][gc,metaspace   ] GC(88) Metaspace: 6298K(6464K)->6298K(6464K) NonClass: 5764K(5824K)->5764K(5824K) Class: 533K(640K)->533K(640K)
[3.809s][info][gc             ] GC(88) Pause Young (Allocation Failure) 612M->612M(666M) 39.835ms
[3.809s][info][gc,cpu         ] GC(88) User=0.22s Sys=0.02s Real=0.04s
[3.828s][info][gc,start       ] GC(89) Pause Young (Allocation Failure)
[3.867s][info][gc,heap        ] GC(89) PSYoungGen: 68288K(77824K)->31936K(81920K) Eden: 14848K(14848K)->0K(14848K) From: 53440K(62976K)->31936K(67072K)
[3.867s][info][gc,heap        ] GC(89) ParOldGen: 573678K(604160K)->610526K(610816K)
[3.867s][info][gc,metaspace   ] GC(89) Metaspace: 6298K(6464K)->6298K(6464K) NonClass: 5764K(5824K)->5764K(5824K) Class: 533K(640K)->533K(640K)
[3.867s][info][gc             ] GC(89) Pause Young (Allocation Failure) 626M->627M(676M) 39.003ms
[3.867s][info][gc,cpu         ] GC(89) User=0.34s Sys=0.00s Real=0.04s
[3.867s][info][gc,start       ] GC(90) Pause Full (Ergonomics)
[3.867s][info][gc,phases,start] GC(90) Marking Phase
[4.020s][info][gc,phases      ] GC(90) Marking Phase 152.561ms
[4.020s][info][gc,phases,start] GC(90) Summary Phase
[4.020s][info][gc,phases      ] GC(90) Summary Phase 0.029ms
[4.020s][info][gc,phases,start] GC(90) Adjust Roots
[4.020s][info][gc,phases      ] GC(90) Adjust Roots 0.273ms
[4.020s][info][gc,phases,start] GC(90) Compaction Phase
[4.092s][info][gc,phases      ] GC(90) Compaction Phase 71.756ms
[4.092s][info][gc,phases,start] GC(90) Post Compact
[4.094s][info][gc,phases      ] GC(90) Post Compact 1.627ms
[4.094s][info][gc,heap        ] GC(90) PSYoungGen: 31936K(81920K)->30660K(81920K) Eden: 0K(14848K)->0K(14848K) From: 31936K(67072K)->30660K(67072K)
[4.094s][info][gc,heap        ] GC(90) ParOldGen: 610526K(610816K)->610335K(692736K)
[4.094s][info][gc,metaspace   ] GC(90) Metaspace: 6298K(6464K)->6298K(6464K) NonClass: 5764K(5824K)->5764K(5824K) Class: 533K(640K)->533K(640K)
[4.094s][info][gc             ] GC(90) Pause Full (Ergonomics) 627M->625M(756M) 227.128ms
[4.094s][info][gc,cpu         ] GC(90) User=1.42s Sys=0.05s Real=0.23s
[4.115s][info][gc,start       ] GC(91) Pause Young (Allocation Failure)
[4.163s][info][gc,heap        ] GC(91) PSYoungGen: 45508K(81920K)->14976K(81408K) Eden: 14848K(14848K)->0K(16384K) From: 30660K(67072K)->14976K(65024K)
[4.163s][info][gc,heap        ] GC(91) ParOldGen: 610335K(692736K)->641487K(692736K)
[4.163s][info][gc,metaspace   ] GC(91) Metaspace: 6298K(6464K)->6298K(6464K) NonClass: 5764K(5824K)->5764K(5824K) Class: 533K(640K)->533K(640K)
[4.163s][info][gc             ] GC(91) Pause Young (Allocation Failure) 640M->641M(756M) 48.402ms
[4.163s][info][gc,cpu         ] GC(91) User=0.25s Sys=0.02s Real=0.05s
[4.184s][info][gc,start       ] GC(92) Pause Young (Allocation Failure)
[4.204s][info][gc,heap        ] GC(92) PSYoungGen: 31360K(81408K)->16480K(81920K) Eden: 16384K(16384K)->0K(16384K) From: 14976K(65024K)->16480K(65536K)
[4.204s][info][gc,heap        ] GC(92) ParOldGen: 641487K(692736K)->656567K(692736K)
[4.204s][info][gc,metaspace   ] GC(92) Metaspace: 6298K(6464K)->6298K(6464K) NonClass: 5764K(5824K)->5764K(5824K) Class: 533K(640K)->533K(640K)
[4.204s][info][gc             ] GC(92) Pause Young (Allocation Failure) 657M->657M(756M) 19.809ms
[4.204s][info][gc,cpu         ] GC(92) User=0.12s Sys=0.00s Real=0.02s
[4.226s][info][gc,start       ] GC(93) Pause Young (Allocation Failure)
[4.245s][info][gc,heap        ] GC(93) PSYoungGen: 32864K(81920K)->16544K(82944K) Eden: 16384K(16384K)->0K(18432K) From: 16480K(65536K)->16544K(64512K)
[4.245s][info][gc,heap        ] GC(93) ParOldGen: 656567K(692736K)->673183K(692736K)
[4.246s][info][gc,metaspace   ] GC(93) Metaspace: 6298K(6464K)->6298K(6464K) NonClass: 5764K(5824K)->5764K(5824K) Class: 533K(640K)->533K(640K)
[4.246s][info][gc             ] GC(93) Pause Young (Allocation Failure) 673M->673M(757M) 19.646ms
[4.246s][info][gc,cpu         ] GC(93) User=0.11s Sys=0.02s Real=0.02s
[4.246s][info][gc,start       ] GC(94) Pause Full (Ergonomics)
[4.246s][info][gc,phases,start] GC(94) Marking Phase
[4.402s][info][gc,phases      ] GC(94) Marking Phase 155.933ms
[4.402s][info][gc,phases,start] GC(94) Summary Phase
[4.402s][info][gc,phases      ] GC(94) Summary Phase 0.059ms
[4.402s][info][gc,phases,start] GC(94) Adjust Roots
[4.402s][info][gc,phases      ] GC(94) Adjust Roots 0.377ms
[4.402s][info][gc,phases,start] GC(94) Compaction Phase
[4.463s][info][gc,phases      ] GC(94) Compaction Phase 61.148ms
[4.463s][info][gc,phases,start] GC(94) Post Compact
[4.465s][info][gc,phases      ] GC(94) Post Compact 1.889ms
[4.466s][info][gc,heap        ] GC(94) PSYoungGen: 16544K(82944K)->0K(83456K) Eden: 0K(18432K)->0K(18432K) From: 16544K(64512K)->0K(65024K)
[4.466s][info][gc,heap        ] GC(94) ParOldGen: 673183K(692736K)->688518K(776704K)
[4.466s][info][gc,metaspace   ] GC(94) Metaspace: 6298K(6464K)->6298K(6464K) NonClass: 5764K(5824K)->5764K(5824K) Class: 533K(640K)->533K(640K)
[4.466s][info][gc             ] GC(94) Pause Full (Ergonomics) 673M->672M(840M) 220.445ms
[4.466s][info][gc,cpu         ] GC(94) User=1.62s Sys=0.00s Real=0.22s
[4.628s][info][gc,start       ] GC(95) Pause Young (Allocation Failure)
[4.656s][info][gc,heap        ] GC(95) PSYoungGen: 18432K(83456K)->18560K(82432K) Eden: 18432K(18432K)->0K(20480K) From: 0K(65024K)->18560K(61952K)
[4.656s][info][gc,heap        ] GC(95) ParOldGen: 721286K(776704K)->721286K(776704K)
[4.656s][info][gc,metaspace   ] GC(95) Metaspace: 6298K(6464K)->6298K(6464K) NonClass: 5764K(5824K)->5764K(5824K) Class: 533K(640K)->533K(640K)
[4.656s][info][gc             ] GC(95) Pause Young (Allocation Failure) 722M->722M(839M) 27.967ms
[4.656s][info][gc,cpu         ] GC(95) User=0.12s Sys=0.00s Real=0.03s
[4.678s][info][gc,start       ] GC(96) Pause Young (Allocation Failure)
[4.701s][info][gc,heap        ] GC(96) PSYoungGen: 39040K(82432K)->39072K(83968K) Eden: 20480K(20480K)->0K(20480K) From: 18560K(61952K)->39072K(63488K)
[4.701s][info][gc,heap        ] GC(96) ParOldGen: 721286K(776704K)->721286K(776704K)
[4.701s][info][gc,metaspace   ] GC(96) Metaspace: 6298K(6464K)->6298K(6464K) NonClass: 5764K(5824K)->5764K(5824K) Class: 533K(640K)->533K(640K)
[4.701s][info][gc             ] GC(96) Pause Young (Allocation Failure) 742M->742M(840M) 22.823ms
[4.701s][info][gc,cpu         ] GC(96) User=0.02s Sys=0.00s Real=0.02s
[4.722s][info][gc,start       ] GC(97) Pause Young (Allocation Failure)
[4.752s][info][gc,heap        ] GC(97) PSYoungGen: 59552K(83968K)->59552K(79360K) Eden: 20480K(20480K)->0K(15360K) From: 39072K(63488K)->59552K(64000K)
[4.752s][info][gc,heap        ] GC(97) ParOldGen: 721286K(776704K)->721286K(776704K)
[4.752s][info][gc,metaspace   ] GC(97) Metaspace: 6298K(6464K)->6298K(6464K) NonClass: 5764K(5824K)->5764K(5824K) Class: 533K(640K)->533K(640K)
[4.752s][info][gc             ] GC(97) Pause Young (Allocation Failure) 762M->762M(836M) 29.857ms
[4.752s][info][gc,cpu         ] GC(97) User=0.14s Sys=0.00s Real=0.03s
[4.770s][info][gc,start       ] GC(98) Pause Young (Allocation Failure)
[4.805s][info][gc,heap        ] GC(98) PSYoungGen: 74912K(79360K)->71168K(86528K) Eden: 15360K(15360K)->0K(15360K) From: 59552K(64000K)->71168K(71168K)
[4.805s][info][gc,heap        ] GC(98) ParOldGen: 721286K(776704K)->724982K(776704K)
[4.805s][info][gc,metaspace   ] GC(98) Metaspace: 6298K(6464K)->6298K(6464K) NonClass: 5764K(5824K)->5764K(5824K) Class: 533K(640K)->533K(640K)
[4.805s][info][gc             ] GC(98) Pause Young (Allocation Failure) 777M->777M(843M) 35.204ms
[4.805s][info][gc,cpu         ] GC(98) User=0.23s Sys=0.00s Real=0.03s
[4.821s][info][gc,start       ] GC(99) Pause Young (Allocation Failure)
[4.863s][info][gc,heap        ] GC(99) PSYoungGen: 86528K(86528K)->49312K(99840K) Eden: 15360K(15360K)->0K(17408K) From: 71168K(71168K)->49312K(82432K)
[4.863s][info][gc,heap        ] GC(99) ParOldGen: 724982K(776704K)->762814K(776704K)
[4.863s][info][gc,metaspace   ] GC(99) Metaspace: 6298K(6464K)->6298K(6464K) NonClass: 5764K(5824K)->5764K(5824K) Class: 533K(640K)->533K(640K)
[4.863s][info][gc             ] GC(99) Pause Young (Allocation Failure) 792M->793M(856M) 41.694ms
[4.863s][info][gc,cpu         ] GC(99) User=0.23s Sys=0.02s Real=0.04s
[4.863s][info][gc,start       ] GC(100) Pause Full (Ergonomics)
[4.863s][info][gc,phases,start] GC(100) Marking Phase
[5.032s][info][gc,phases      ] GC(100) Marking Phase 169.169ms
[5.032s][info][gc,phases,start] GC(100) Summary Phase
[5.032s][info][gc,phases      ] GC(100) Summary Phase 0.042ms
[5.033s][info][gc,phases,start] GC(100) Adjust Roots
[5.033s][info][gc,phases      ] GC(100) Adjust Roots 0.226ms
[5.033s][info][gc,phases,start] GC(100) Compaction Phase
[5.171s][info][gc,phases      ] GC(100) Compaction Phase 137.890ms
[5.171s][info][gc,phases,start] GC(100) Post Compact
[5.172s][info][gc,phases      ] GC(100) Post Compact 1.621ms
[5.173s][info][gc,heap        ] GC(100) PSYoungGen: 49312K(99840K)->18415K(99840K) Eden: 0K(17408K)->0K(17408K) From: 49312K(82432K)->18415K(82432K)
[5.173s][info][gc,heap        ] GC(100) ParOldGen: 762814K(776704K)->776442K(873472K)
[5.173s][info][gc,metaspace   ] GC(100) Metaspace: 6298K(6464K)->6298K(6464K) NonClass: 5764K(5824K)->5764K(5824K) Class: 533K(640K)->533K(640K)
[5.173s][info][gc             ] GC(100) Pause Full (Ergonomics) 793M->776M(950M) 309.639ms
[5.173s][info][gc,cpu         ] GC(100) User=1.97s Sys=0.02s Real=0.31s
[5.193s][info][gc,start       ] GC(101) Pause Young (Allocation Failure)
[5.242s][info][gc,heap        ] GC(101) PSYoungGen: 35823K(99840K)->32160K(49664K) Eden: 17408K(17408K)->0K(17408K) From: 18415K(82432K)->32160K(32256K)
[5.242s][info][gc,heap        ] GC(101) ParOldGen: 776442K(873472K)->780330K(873472K)
[5.242s][info][gc,metaspace   ] GC(101) Metaspace: 6298K(6464K)->6298K(6464K) NonClass: 5764K(5824K)->5764K(5824K) Class: 533K(640K)->533K(640K)
[5.242s][info][gc             ] GC(101) Pause Young (Allocation Failure) 793M->793M(901M) 49.325ms
[5.242s][info][gc,cpu         ] GC(101) User=0.27s Sys=0.00s Real=0.05s
[5.259s][info][gc,start       ] GC(102) Pause Young (Allocation Failure)
[5.284s][info][gc,heap        ] GC(102) PSYoungGen: 49568K(49664K)->43616K(94720K) Eden: 17408K(17408K)->0K(19456K) From: 32160K(32256K)->43616K(75264K)
[5.284s][info][gc,heap        ] GC(102) ParOldGen: 780330K(873472K)->786402K(873472K)
[5.284s][info][gc,metaspace   ] GC(102) Metaspace: 6298K(6464K)->6298K(6464K) NonClass: 5764K(5824K)->5764K(5824K) Class: 533K(640K)->533K(640K)
[5.284s][info][gc             ] GC(102) Pause Young (Allocation Failure) 810M->810M(945M) 25.021ms
[5.284s][info][gc,cpu         ] GC(102) User=0.11s Sys=0.00s Real=0.03s
[5.306s][info][gc,start       ] GC(103) Pause Young (Allocation Failure)
[5.338s][info][gc,heap        ] GC(103) PSYoungGen: 63072K(94720K)->54432K(96768K) Eden: 19456K(19456K)->0K(19456K) From: 43616K(75264K)->54432K(77312K)
[5.338s][info][gc,heap        ] GC(103) ParOldGen: 786402K(873472K)->795178K(873472K)
[5.338s][info][gc,metaspace   ] GC(103) Metaspace: 6298K(6464K)->6298K(6464K) NonClass: 5764K(5824K)->5764K(5824K) Class: 533K(640K)->533K(640K)
[5.338s][info][gc             ] GC(103) Pause Young (Allocation Failure) 829M->829M(947M) 31.692ms
[5.338s][info][gc,cpu         ] GC(103) User=0.14s Sys=0.00s Real=0.03s
[5.359s][info][gc,start       ] GC(104) Pause Young (Allocation Failure)
[5.396s][info][gc,heap        ] GC(104) PSYoungGen: 73888K(96768K)->56480K(99328K) Eden: 19456K(19456K)->0K(19968K) From: 54432K(77312K)->56480K(79360K)
[5.396s][info][gc,heap        ] GC(104) ParOldGen: 795178K(873472K)->812834K(873472K)
[5.396s][info][gc,metaspace   ] GC(104) Metaspace: 6298K(6464K)->6298K(6464K) NonClass: 5764K(5824K)->5764K(5824K) Class: 533K(640K)->533K(640K)
[5.396s][info][gc             ] GC(104) Pause Young (Allocation Failure) 848M->848M(950M) 37.584ms
[5.396s][info][gc,cpu         ] GC(104) User=0.30s Sys=0.02s Real=0.04s
[5.420s][info][gc,start       ] GC(105) Pause Young (Allocation Failure)
[5.459s][info][gc,heap        ] GC(105) PSYoungGen: 76448K(99328K)->39552K(59904K) Eden: 19968K(19968K)->0K(19968K) From: 56480K(79360K)->39552K(39936K)
[5.459s][info][gc,heap        ] GC(105) ParOldGen: 812834K(873472K)->850170K(873472K)
[5.459s][info][gc,metaspace   ] GC(105) Metaspace: 6298K(6464K)->6298K(6464K) NonClass: 5764K(5824K)->5764K(5824K) Class: 533K(640K)->533K(640K)
[5.459s][info][gc             ] GC(105) Pause Young (Allocation Failure) 868M->868M(911M) 39.639ms
[5.459s][info][gc,cpu         ] GC(105) User=0.25s Sys=0.00s Real=0.04s
[5.459s][info][gc,start       ] GC(106) Pause Full (Ergonomics)
[5.459s][info][gc,phases,start] GC(106) Marking Phase
[5.663s][info][gc,phases      ] GC(106) Marking Phase 204.069ms
[5.663s][info][gc,phases,start] GC(106) Summary Phase
[5.663s][info][gc,phases      ] GC(106) Summary Phase 0.027ms
[5.663s][info][gc,phases,start] GC(106) Adjust Roots
[5.664s][info][gc,phases      ] GC(106) Adjust Roots 0.266ms
[5.664s][info][gc,phases,start] GC(106) Compaction Phase
[5.767s][info][gc,phases      ] GC(106) Compaction Phase 103.074ms
[5.767s][info][gc,phases,start] GC(106) Post Compact
[5.769s][info][gc,phases      ] GC(106) Post Compact 1.901ms
[5.769s][info][gc,heap        ] GC(106) PSYoungGen: 39552K(59904K)->15351K(59904K) Eden: 0K(19968K)->0K(19968K) From: 39552K(39936K)->15351K(39936K)
[5.769s][info][gc,heap        ] GC(106) ParOldGen: 850170K(873472K)->873054K(979456K)
[5.769s][info][gc,metaspace   ] GC(106) Metaspace: 6298K(6464K)->6298K(6464K) NonClass: 5764K(5824K)->5764K(5824K) Class: 533K(640K)->533K(640K)
[5.770s][info][gc             ] GC(106) Pause Full (Ergonomics) 868M->867M(1015M) 310.241ms
[5.770s][info][gc,cpu         ] GC(106) User=2.00s Sys=0.00s Real=0.31s
[5.794s][info][gc,start       ] GC(107) Pause Young (Allocation Failure)
[5.850s][info][gc,heap        ] GC(107) PSYoungGen: 35319K(59904K)->20128K(99328K) Eden: 19968K(19968K)->0K(22016K) From: 15351K(39936K)->20128K(77312K)
[5.850s][info][gc,heap        ] GC(107) ParOldGen: 873054K(979456K)->888614K(979456K)
[5.850s][info][gc,metaspace   ] GC(107) Metaspace: 6298K(6464K)->6298K(6464K) NonClass: 5764K(5824K)->5764K(5824K) Class: 533K(640K)->533K(640K)
[5.850s][info][gc             ] GC(107) Pause Young (Allocation Failure) 887M->887M(1053M) 56.649ms
[5.850s][info][gc,cpu         ] GC(107) User=0.39s Sys=0.00s Real=0.06s
[5.875s][info][gc,start       ] GC(108) Pause Young (Allocation Failure)
[5.900s][info][gc,heap        ] GC(108) PSYoungGen: 42144K(99328K)->22112K(99840K) Eden: 22016K(22016K)->0K(22016K) From: 20128K(77312K)->22112K(77824K)
[5.900s][info][gc,heap        ] GC(108) ParOldGen: 888614K(979456K)->908854K(979456K)
[5.900s][info][gc,metaspace   ] GC(108) Metaspace: 6298K(6464K)->6298K(6464K) NonClass: 5764K(5824K)->5764K(5824K) Class: 533K(640K)->533K(640K)
[5.900s][info][gc             ] GC(108) Pause Young (Allocation Failure) 908M->909M(1054M) 24.901ms
[5.900s][info][gc,cpu         ] GC(108) User=0.12s Sys=0.00s Real=0.02s
[5.925s][info][gc,start       ] GC(109) Pause Young (Allocation Failure)
[5.951s][info][gc,heap        ] GC(109) PSYoungGen: 44128K(99840K)->22208K(98816K) Eden: 22016K(22016K)->0K(24576K) From: 22112K(77824K)->22208K(74240K)
[5.951s][info][gc,heap        ] GC(109) ParOldGen: 908854K(979456K)->931174K(979456K)
[5.951s][info][gc,metaspace   ] GC(109) Metaspace: 6298K(6464K)->6298K(6464K) NonClass: 5764K(5824K)->5764K(5824K) Class: 533K(640K)->533K(640K)
[5.951s][info][gc             ] GC(109) Pause Young (Allocation Failure) 930M->931M(1053M) 26.228ms
[5.951s][info][gc,cpu         ] GC(109) User=0.12s Sys=0.00s Real=0.03s
[5.980s][info][gc,start       ] GC(110) Pause Young (Allocation Failure)
[6.007s][info][gc,heap        ] GC(110) PSYoungGen: 46784K(98816K)->24704K(100352K) Eden: 24576K(24576K)->0K(24576K) From: 22208K(74240K)->24704K(75776K)
[6.007s][info][gc,heap        ] GC(110) ParOldGen: 931174K(979456K)->953486K(979456K)
[6.007s][info][gc,metaspace   ] GC(110) Metaspace: 6298K(6464K)->6298K(6464K) NonClass: 5764K(5824K)->5764K(5824K) Class: 533K(640K)->533K(640K)
[6.007s][info][gc             ] GC(110) Pause Young (Allocation Failure) 955M->955M(1054M) 27.341ms
[6.007s][info][gc,cpu         ] GC(110) User=0.12s Sys=0.02s Real=0.03s
[6.007s][info][gc,start       ] GC(111) Pause Full (Ergonomics)
[6.007s][info][gc,phases,start] GC(111) Marking Phase
[6.235s][info][gc,phases      ] GC(111) Marking Phase 227.183ms
[6.235s][info][gc,phases,start] GC(111) Summary Phase
[6.235s][info][gc,phases      ] GC(111) Summary Phase 0.046ms
[6.235s][info][gc,phases,start] GC(111) Adjust Roots
[6.235s][info][gc,phases      ] GC(111) Adjust Roots 0.255ms
[6.235s][info][gc,phases,start] GC(111) Compaction Phase
[6.337s][info][gc,phases      ] GC(111) Compaction Phase 102.240ms
[6.337s][info][gc,phases,start] GC(111) Post Compact
[6.339s][info][gc,phases      ] GC(111) Post Compact 1.881ms
[6.340s][info][gc,heap        ] GC(111) PSYoungGen: 24704K(100352K)->0K(100864K) Eden: 0K(24576K)->0K(27136K) From: 24704K(75776K)->0K(73728K)
[6.340s][info][gc,heap        ] GC(111) ParOldGen: 953486K(979456K)->976862K(1088000K)
[6.340s][info][gc,metaspace   ] GC(111) Metaspace: 6298K(6464K)->6298K(6464K) NonClass: 5764K(5824K)->5764K(5824K) Class: 533K(640K)->533K(640K)
[6.340s][info][gc             ] GC(111) Pause Full (Ergonomics) 955M->953M(1161M) 332.363ms
[6.340s][info][gc,cpu         ] GC(111) User=2.30s Sys=0.03s Real=0.33s
[6.371s][info][gc,start       ] GC(112) Pause Young (Allocation Failure)
[6.389s][info][gc,heap        ] GC(112) PSYoungGen: 27136K(100864K)->27296K(100864K) Eden: 27136K(27136K)->0K(27136K) From: 0K(73728K)->27296K(73728K)
[6.389s][info][gc,heap        ] GC(112) ParOldGen: 976862K(1088000K)->976862K(1088000K)
[6.389s][info][gc,metaspace   ] GC(112) Metaspace: 6298K(6464K)->6298K(6464K) NonClass: 5764K(5824K)->5764K(5824K) Class: 533K(640K)->533K(640K)
[6.389s][info][gc             ] GC(112) Pause Young (Allocation Failure) 980M->980M(1161M) 18.250ms
[6.389s][info][gc,cpu         ] GC(112) User=0.03s Sys=0.00s Real=0.02s
[6.420s][info][gc,start       ] GC(113) Pause Young (Allocation Failure)
[6.449s][info][gc,heap        ] GC(113) PSYoungGen: 54432K(100864K)->54432K(96768K) Eden: 27136K(27136K)->0K(25600K) From: 27296K(73728K)->54432K(71168K)
[6.449s][info][gc,heap        ] GC(113) ParOldGen: 976862K(1088000K)->976862K(1088000K)
[6.449s][info][gc,metaspace   ] GC(113) Metaspace: 6298K(6464K)->6298K(6464K) NonClass: 5764K(5824K)->5764K(5824K) Class: 533K(640K)->533K(640K)
[6.449s][info][gc             ] GC(113) Pause Young (Allocation Failure) 1007M->1007M(1157M) 28.503ms
[6.449s][info][gc,cpu         ] GC(113) User=0.14s Sys=0.00s Real=0.03s
[6.476s][info][gc,start       ] GC(114) Pause Young (Allocation Failure)
[6.515s][info][gc,heap        ] GC(114) PSYoungGen: 80032K(96768K)->75264K(100864K) Eden: 25600K(25600K)->0K(25600K) From: 54432K(71168K)->75264K(75264K)
[6.515s][info][gc,heap        ] GC(114) ParOldGen: 976862K(1088000K)->981630K(1088000K)
[6.515s][info][gc,metaspace   ] GC(114) Metaspace: 6298K(6464K)->6298K(6464K) NonClass: 5764K(5824K)->5764K(5824K) Class: 533K(640K)->533K(640K)
[6.515s][info][gc             ] GC(114) Pause Young (Allocation Failure) 1032M->1032M(1161M) 39.396ms
[6.515s][info][gc,cpu         ] GC(114) User=0.23s Sys=0.00s Real=0.04s
[6.543s][info][gc,start       ] GC(115) Pause Young (Allocation Failure)
[6.596s][info][gc,heap        ] GC(115) PSYoungGen: 100864K(100864K)->50304K(113664K) Eden: 25600K(25600K)->0K(28160K) From: 75264K(75264K)->50304K(85504K)
[6.596s][info][gc,heap        ] GC(115) ParOldGen: 981630K(1088000K)->1033022K(1088000K)
[6.596s][info][gc,metaspace   ] GC(115) Metaspace: 6298K(6464K)->6298K(6464K) NonClass: 5764K(5824K)->5764K(5824K) Class: 533K(640K)->533K(640K)
[6.596s][info][gc             ] GC(115) Pause Young (Allocation Failure) 1057M->1057M(1173M) 52.648ms
[6.596s][info][gc,cpu         ] GC(115) User=0.38s Sys=0.02s Real=0.05s
[6.628s][info][gc,start       ] GC(116) Pause Young (Allocation Failure)
[6.669s][info][gc,heap        ] GC(116) PSYoungGen: 78464K(113664K)->53952K(114688K) Eden: 28160K(28160K)->0K(28160K) From: 50304K(85504K)->53952K(86528K)
[6.669s][info][gc,heap        ] GC(116) ParOldGen: 1033022K(1088000K)->1057846K(1088000K)
[6.669s][info][gc,metaspace   ] GC(116) Metaspace: 6298K(6464K)->6298K(6464K) NonClass: 5764K(5824K)->5764K(5824K) Class: 533K(640K)->533K(640K)
[6.669s][info][gc             ] GC(116) Pause Young (Allocation Failure) 1085M->1085M(1174M) 41.502ms
[6.669s][info][gc,cpu         ] GC(116) User=0.23s Sys=0.02s Real=0.04s
[6.669s][info][gc,start       ] GC(117) Pause Full (Ergonomics)
[6.669s][info][gc,phases,start] GC(117) Marking Phase
[6.933s][info][gc,phases      ] GC(117) Marking Phase 263.722ms
[6.933s][info][gc,phases,start] GC(117) Summary Phase
[6.933s][info][gc,phases      ] GC(117) Summary Phase 0.030ms
[6.933s][info][gc,phases,start] GC(117) Adjust Roots
[6.933s][info][gc,phases      ] GC(117) Adjust Roots 0.191ms
[6.933s][info][gc,phases,start] GC(117) Compaction Phase
[7.046s][info][gc,phases      ] GC(117) Compaction Phase 112.733ms
[7.046s][info][gc,phases,start] GC(117) Post Compact
[7.048s][info][gc,phases      ] GC(117) Post Compact 2.088ms
[7.049s][info][gc,heap        ] GC(117) PSYoungGen: 53952K(114688K)->22532K(114688K) Eden: 0K(28160K)->0K(28160K) From: 53952K(86528K)->22532K(86528K)
[7.049s][info][gc,heap        ] GC(117) ParOldGen: 1057846K(1088000K)->1087813K(1215488K)
[7.049s][info][gc,metaspace   ] GC(117) Metaspace: 6298K(6464K)->6298K(6464K) NonClass: 5764K(5824K)->5764K(5824K) Class: 533K(640K)->533K(640K)
[7.049s][info][gc             ] GC(117) Pause Full (Ergonomics) 1085M->1084M(1299M) 379.636ms
[7.049s][info][gc,cpu         ] GC(117) User=2.66s Sys=0.03s Real=0.38s
[7.081s][info][gc,start       ] GC(118) Pause Young (Allocation Failure)
[7.158s][info][gc,heap        ] GC(118) PSYoungGen: 50692K(114688K)->39104K(109568K) Eden: 28160K(28160K)->0K(30720K) From: 22532K(86528K)->39104K(78848K)
[7.158s][info][gc,heap        ] GC(118) ParOldGen: 1087813K(1215488K)->1099773K(1215488K)
[7.158s][info][gc,metaspace   ] GC(118) Metaspace: 6298K(6464K)->6298K(6464K) NonClass: 5764K(5824K)->5764K(5824K) Class: 533K(640K)->533K(640K)
[7.158s][info][gc             ] GC(118) Pause Young (Allocation Failure) 1111M->1112M(1294M) 76.690ms
[7.158s][info][gc,cpu         ] GC(118) User=0.47s Sys=0.02s Real=0.08s
[7.195s][info][gc,start       ] GC(119) Pause Young (Allocation Failure)
[7.234s][info][gc,heap        ] GC(119) PSYoungGen: 69824K(109568K)->69856K(113664K) Eden: 30720K(30720K)->0K(30720K) From: 39104K(78848K)->69856K(82944K)
[7.234s][info][gc,heap        ] GC(119) ParOldGen: 1099773K(1215488K)->1099773K(1215488K)
[7.234s][info][gc,metaspace   ] GC(119) Metaspace: 6298K(6464K)->6298K(6464K) NonClass: 5764K(5824K)->5764K(5824K) Class: 533K(640K)->533K(640K)
[7.234s][info][gc             ] GC(119) Pause Young (Allocation Failure) 1142M->1142M(1298M) 39.339ms
[7.234s][info][gc,cpu         ] GC(119) User=0.25s Sys=0.00s Real=0.04s
[7.272s][info][gc,start       ] GC(120) Pause Young (Allocation Failure)
[7.333s][info][gc,heap        ] GC(120) PSYoungGen: 100576K(113664K)->89088K(107008K) Eden: 30720K(30720K)->0K(17920K) From: 69856K(82944K)->89088K(89088K)
[7.333s][info][gc,heap        ] GC(120) ParOldGen: 1099773K(1215488K)->1111333K(1215488K)
[7.333s][info][gc,metaspace   ] GC(120) Metaspace: 6298K(6464K)->6298K(6464K) NonClass: 5764K(5824K)->5764K(5824K) Class: 533K(640K)->533K(640K)
[7.333s][info][gc             ] GC(120) Pause Young (Allocation Failure) 1172M->1172M(1291M) 60.892ms
[7.333s][info][gc,cpu         ] GC(120) User=0.33s Sys=0.03s Real=0.06s
[7.355s][info][gc,start       ] GC(121) Pause Young (Allocation Failure)
[7.416s][info][gc,heap        ] GC(121) PSYoungGen: 107008K(107008K)->73984K(122880K) Eden: 17920K(17920K)->0K(17920K) From: 89088K(89088K)->73984K(104960K)
[7.416s][info][gc,heap        ] GC(121) ParOldGen: 1111333K(1215488K)->1144909K(1215488K)
[7.416s][info][gc,metaspace   ] GC(121) Metaspace: 6298K(6464K)->6298K(6464K) NonClass: 5764K(5824K)->5764K(5824K) Class: 533K(640K)->533K(640K)
[7.416s][info][gc             ] GC(121) Pause Young (Allocation Failure) 1189M->1190M(1307M) 61.030ms
[7.416s][info][gc,cpu         ] GC(121) User=0.36s Sys=0.02s Real=0.06s
[7.438s][info][gc,start       ] GC(122) Pause Young (Allocation Failure)
[7.489s][info][gc,heap        ] GC(122) PSYoungGen: 91904K(122880K)->63552K(125952K) Eden: 17920K(17920K)->0K(20480K) From: 73984K(104960K)->63552K(105472K)
[7.489s][info][gc,heap        ] GC(122) ParOldGen: 1144909K(1215488K)->1173605K(1215488K)
[7.489s][info][gc,metaspace   ] GC(122) Metaspace: 6298K(6464K)->6298K(6464K) NonClass: 5764K(5824K)->5764K(5824K) Class: 533K(640K)->533K(640K)
[7.489s][info][gc             ] GC(122) Pause Young (Allocation Failure) 1207M->1208M(1310M) 51.123ms
[7.489s][info][gc,cpu         ] GC(122) User=0.30s Sys=0.02s Real=0.05s
[7.489s][info][gc,start       ] GC(123) Pause Full (Ergonomics)
[7.489s][info][gc,phases,start] GC(123) Marking Phase
[7.781s][info][gc,phases      ] GC(123) Marking Phase 291.164ms
[7.781s][info][gc,phases,start] GC(123) Summary Phase
[7.781s][info][gc,phases      ] GC(123) Summary Phase 0.034ms
[7.781s][info][gc,phases,start] GC(123) Adjust Roots
[7.781s][info][gc,phases      ] GC(123) Adjust Roots 0.181ms
[7.781s][info][gc,phases,start] GC(123) Compaction Phase
[7.919s][info][gc,phases      ] GC(123) Compaction Phase 137.688ms
[7.919s][info][gc,phases,start] GC(123) Post Compact
[7.921s][info][gc,phases      ] GC(123) Post Compact 2.280ms
[7.922s][info][gc,heap        ] GC(123) PSYoungGen: 63552K(125952K)->20372K(126976K) Eden: 0K(20480K)->0K(21504K) From: 63552K(105472K)->20372K(105472K)
[7.922s][info][gc,heap        ] GC(123) ParOldGen: 1173605K(1215488K)->1215261K(1351680K)
[7.922s][info][gc,metaspace   ] GC(123) Metaspace: 6298K(6464K)->6298K(6464K) NonClass: 5764K(5824K)->5764K(5824K) Class: 533K(640K)->533K(640K)
[7.922s][info][gc             ] GC(123) Pause Full (Ergonomics) 1208M->1206M(1444M) 432.354ms
[7.922s][info][gc,cpu         ] GC(123) User=2.88s Sys=0.08s Real=0.43s
[7.950s][info][gc,start       ] GC(124) Pause Young (Allocation Failure)
[8.033s][info][gc,heap        ] GC(124) PSYoungGen: 41876K(126976K)->27136K(128000K) Eden: 21504K(21504K)->0K(21504K) From: 20372K(105472K)->27136K(106496K)
[8.033s][info][gc,heap        ] GC(124) ParOldGen: 1215261K(1351680K)->1230421K(1351680K)
[8.033s][info][gc,metaspace   ] GC(124) Metaspace: 6298K(6464K)->6298K(6464K) NonClass: 5764K(5824K)->5764K(5824K) Class: 533K(640K)->533K(640K)
[8.033s][info][gc             ] GC(124) Pause Young (Allocation Failure) 1227M->1228M(1445M) 83.018ms
[8.033s][info][gc,cpu         ] GC(124) User=0.42s Sys=0.08s Real=0.08s
[8.058s][info][gc,start       ] GC(125) Pause Young (Allocation Failure)
[8.091s][info][gc,heap        ] GC(125) PSYoungGen: 48640K(128000K)->43200K(121856K) Eden: 21504K(21504K)->0K(24064K) From: 27136K(106496K)->43200K(97792K)
[8.091s][info][gc,heap        ] GC(125) ParOldGen: 1230421K(1351680K)->1235981K(1351680K)
[8.091s][info][gc,metaspace   ] GC(125) Metaspace: 6298K(6464K)->6298K(6464K) NonClass: 5764K(5824K)->5764K(5824K) Class: 533K(640K)->533K(640K)
[8.091s][info][gc             ] GC(125) Pause Young (Allocation Failure) 1249M->1249M(1439M) 32.879ms
[8.091s][info][gc,cpu         ] GC(125) User=0.12s Sys=0.00s Real=0.03s
[8.122s][info][gc,start       ] GC(126) Pause Young (Allocation Failure)
[8.165s][info][gc,heap        ] GC(126) PSYoungGen: 67264K(121856K)->44992K(69120K) Eden: 24064K(24064K)->0K(24064K) From: 43200K(97792K)->44992K(45056K)
[8.165s][info][gc,heap        ] GC(126) ParOldGen: 1235981K(1351680K)->1257821K(1351680K)
[8.165s][info][gc,metaspace   ] GC(126) Metaspace: 6298K(6464K)->6298K(6464K) NonClass: 5764K(5824K)->5764K(5824K) Class: 533K(640K)->533K(640K)
[8.165s][info][gc             ] GC(126) Pause Young (Allocation Failure) 1272M->1272M(1387M) 43.215ms
[8.165s][info][gc,cpu         ] GC(126) User=0.23s Sys=0.02s Real=0.04s
[8.185s][info][gc,start       ] GC(127) Pause Young (Allocation Failure)
[8.223s][info][gc,heap        ] GC(127) PSYoungGen: 69056K(69120K)->36000K(119808K) Eden: 24064K(24064K)->0K(27136K) From: 44992K(45056K)->36000K(92672K)
[8.223s][info][gc,heap        ] GC(127) ParOldGen: 1257821K(1351680K)->1279653K(1351680K)
[8.223s][info][gc,metaspace   ] GC(127) Metaspace: 6298K(6464K)->6298K(6464K) NonClass: 5764K(5824K)->5764K(5824K) Class: 533K(640K)->533K(640K)
[8.223s][info][gc             ] GC(127) Pause Young (Allocation Failure) 1295M->1284M(1437M) 38.388ms
[8.223s][info][gc,cpu         ] GC(127) User=0.16s Sys=0.11s Real=0.04s
[8.251s][info][gc,start       ] GC(128) Pause Young (Allocation Failure)
[8.290s][info][gc,heap        ] GC(128) PSYoungGen: 63136K(119808K)->32064K(122368K) Eden: 27136K(27136K)->0K(27136K) From: 36000K(92672K)->32064K(95232K)
[8.290s][info][gc,heap        ] GC(128) ParOldGen: 1279653K(1351680K)->1303373K(1351680K)
[8.290s][info][gc,metaspace   ] GC(128) Metaspace: 6298K(6464K)->6298K(6464K) NonClass: 5764K(5824K)->5764K(5824K) Class: 533K(640K)->533K(640K)
[8.290s][info][gc             ] GC(128) Pause Young (Allocation Failure) 1311M->1304M(1439M) 38.923ms
[8.290s][info][gc,cpu         ] GC(128) User=0.23s Sys=0.02s Real=0.04s
[8.327s][info][gc,start       ] GC(129) Pause Young (Allocation Failure)
[8.366s][info][gc,heap        ] GC(129) PSYoungGen: 59200K(122368K)->46720K(115200K) Eden: 27136K(27136K)->0K(30720K) From: 32064K(95232K)->46720K(84480K)
[8.366s][info][gc,heap        ] GC(129) ParOldGen: 1303373K(1351680K)->1316069K(1351680K)
[8.366s][info][gc,metaspace   ] GC(129) Metaspace: 6298K(6464K)->6298K(6464K) NonClass: 5764K(5824K)->5764K(5824K) Class: 533K(640K)->533K(640K)
[8.366s][info][gc             ] GC(129) Pause Young (Allocation Failure) 1330M->1330M(1432M) 38.954ms
[8.366s][info][gc,cpu         ] GC(129) User=0.19s Sys=0.08s Real=0.04s
[8.366s][info][gc,start       ] GC(130) Pause Full (Ergonomics)
[8.366s][info][gc,phases,start] GC(130) Marking Phase
[8.686s][info][gc,phases      ] GC(130) Marking Phase 319.934ms
[8.686s][info][gc,phases,start] GC(130) Summary Phase
[8.686s][info][gc,phases      ] GC(130) Summary Phase 0.032ms
[8.686s][info][gc,phases,start] GC(130) Adjust Roots
[8.686s][info][gc,phases      ] GC(130) Adjust Roots 0.335ms
[8.686s][info][gc,phases,start] GC(130) Compaction Phase
[9.064s][info][gc,phases      ] GC(130) Compaction Phase 377.982ms
[9.064s][info][gc,phases,start] GC(130) Post Compact
[9.067s][info][gc,phases      ] GC(130) Post Compact 2.837ms
[9.068s][info][gc,heap        ] GC(130) PSYoungGen: 46720K(115200K)->9216K(118784K) Eden: 0K(30720K)->0K(34304K) From: 46720K(84480K)->9216K(84480K)
[9.068s][info][gc,heap        ] GC(130) ParOldGen: 1316069K(1351680K)->1351665K(1491456K)
[9.068s][info][gc,metaspace   ] GC(130) Metaspace: 6298K(6464K)->6298K(6464K) NonClass: 5764K(5824K)->5764K(5824K) Class: 533K(640K)->533K(640K)
[9.068s][info][gc             ] GC(130) Pause Full (Ergonomics) 1330M->1328M(1572M) 702.638ms
[9.068s][info][gc,cpu         ] GC(130) User=4.38s Sys=0.06s Real=0.70s
[9.113s][info][gc,start       ] GC(131) Pause Young (Allocation Failure)
[9.203s][info][gc,heap        ] GC(131) PSYoungGen: 43520K(118784K)->41504K(123392K) Eden: 34304K(34304K)->0K(34304K) From: 9216K(84480K)->41504K(89088K)
[9.203s][info][gc,heap        ] GC(131) ParOldGen: 1351665K(1491456K)->1353945K(1491456K)
[9.203s][info][gc,metaspace   ] GC(131) Metaspace: 6298K(6464K)->6298K(6464K) NonClass: 5764K(5824K)->5764K(5824K) Class: 533K(640K)->533K(640K)
[9.203s][info][gc             ] GC(131) Pause Young (Allocation Failure) 1362M->1362M(1577M) 89.780ms
[9.203s][info][gc,cpu         ] GC(131) User=0.44s Sys=0.02s Real=0.09s
[9.528s][info][gc,start       ] GC(132) Pause Young (Allocation Failure)
[9.600s][info][gc,heap        ] GC(132) PSYoungGen: 75808K(123392K)->75840K(117248K) Eden: 34304K(34304K)->0K(31232K) From: 41504K(89088K)->75840K(86016K)
[9.601s][info][gc,heap        ] GC(132) ParOldGen: 1419481K(1491456K)->1419481K(1491456K)
[9.601s][info][gc,metaspace   ] GC(132) Metaspace: 6298K(6464K)->6298K(6464K) NonClass: 5764K(5824K)->5764K(5824K) Class: 533K(640K)->533K(640K)
[9.601s][info][gc             ] GC(132) Pause Young (Allocation Failure) 1460M->1460M(1571M) 72.609ms
[9.601s][info][gc,cpu         ] GC(132) User=0.42s Sys=0.00s Real=0.07s
[9.631s][info][gc,start       ] GC(133) Pause Young (Allocation Failure)
[9.690s][info][gc,heap        ] GC(133) PSYoungGen: 107072K(117248K)->92672K(123904K) Eden: 31232K(31232K)->0K(31232K) From: 75840K(86016K)->92672K(92672K)
[9.690s][info][gc,heap        ] GC(133) ParOldGen: 1419481K(1491456K)->1434033K(1491456K)
[9.690s][info][gc,metaspace   ] GC(133) Metaspace: 6298K(6464K)->6298K(6464K) NonClass: 5764K(5824K)->5764K(5824K) Class: 533K(640K)->533K(640K)
[9.690s][info][gc             ] GC(133) Pause Young (Allocation Failure) 1490M->1490M(1577M) 58.634ms
[9.690s][info][gc,cpu         ] GC(133) User=0.31s Sys=0.00s Real=0.06s
[9.720s][info][gc,start       ] GC(134) Pause Young (Allocation Failure)
[9.802s][info][gc,heap        ] GC(134) PSYoungGen: 123904K(123904K)->91648K(136704K) Eden: 31232K(31232K)->0K(26624K) From: 92672K(92672K)->91648K(110080K)
[9.803s][info][gc,heap        ] GC(134) ParOldGen: 1434033K(1491456K)->1466897K(1491456K)
[9.803s][info][gc,metaspace   ] GC(134) Metaspace: 6298K(6464K)->6298K(6464K) NonClass: 5764K(5824K)->5764K(5824K) Class: 533K(640K)->533K(640K)
[9.803s][info][gc             ] GC(134) Pause Young (Allocation Failure) 1521M->1522M(1590M) 82.516ms
[9.803s][info][gc,cpu         ] GC(134) User=0.36s Sys=0.23s Real=0.08s
[9.803s][info][gc,start       ] GC(135) Pause Full (Ergonomics)
[9.803s][info][gc,phases,start] GC(135) Marking Phase
[10.157s][info][gc,phases      ] GC(135) Marking Phase 354.791ms
[10.158s][info][gc,phases,start] GC(135) Summary Phase
[10.158s][info][gc,phases      ] GC(135) Summary Phase 0.045ms
[10.158s][info][gc,phases,start] GC(135) Adjust Roots
[10.158s][info][gc,phases      ] GC(135) Adjust Roots 0.249ms
[10.158s][info][gc,phases,start] GC(135) Compaction Phase
[10.423s][info][gc,phases      ] GC(135) Compaction Phase 265.368ms
[10.423s][info][gc,phases,start] GC(135) Post Compact
[10.427s][info][gc,phases      ] GC(135) Post Compact 3.570ms
[10.428s][info][gc,heap        ] GC(135) PSYoungGen: 91648K(136704K)->33570K(136704K) Eden: 0K(26624K)->0K(26624K) From: 91648K(110080K)->33570K(110080K)
[10.428s][info][gc,heap        ] GC(135) ParOldGen: 1466897K(1491456K)->1491022K(1642496K)
[10.428s][info][gc,metaspace   ] GC(135) Metaspace: 6298K(6464K)->6298K(6464K) NonClass: 5764K(5824K)->5764K(5824K) Class: 533K(640K)->533K(640K)
[10.428s][info][gc             ] GC(135) Pause Full (Ergonomics) 1522M->1488M(1737M) 625.066ms
[10.428s][info][gc,cpu         ] GC(135) User=3.84s Sys=0.06s Real=0.62s
[10.456s][info][gc,start       ] GC(136) Pause Young (Allocation Failure)
[10.551s][info][gc,heap        ] GC(136) PSYoungGen: 60194K(136704K)->52864K(79872K) Eden: 26624K(26624K)->0K(26624K) From: 33570K(110080K)->52864K(53248K)
[10.551s][info][gc,heap        ] GC(136) ParOldGen: 1491022K(1642496K)->1498734K(1642496K)
[10.551s][info][gc,metaspace   ] GC(136) Metaspace: 6298K(6464K)->6298K(6464K) NonClass: 5764K(5824K)->5764K(5824K) Class: 533K(640K)->533K(640K)
[10.551s][info][gc             ] GC(136) Pause Young (Allocation Failure) 1514M->1515M(1682M) 95.226ms
[10.551s][info][gc,cpu         ] GC(136) User=0.58s Sys=0.00s Real=0.10s
[10.579s][info][gc,start       ] GC(137) Pause Young (Allocation Failure)
[10.622s][info][gc,heap        ] GC(137) PSYoungGen: 79488K(79872K)->79488K(140288K) Eden: 26624K(26624K)->0K(27136K) From: 52864K(53248K)->79488K(113152K)
[10.622s][info][gc,heap        ] GC(137) ParOldGen: 1498734K(1642496K)->1498734K(1642496K)
[10.622s][info][gc,metaspace   ] GC(137) Metaspace: 6298K(6464K)->6298K(6464K) NonClass: 5764K(5824K)->5764K(5824K) Class: 533K(640K)->533K(640K)
[10.622s][info][gc             ] GC(137) Pause Young (Allocation Failure) 1541M->1541M(1741M) 42.967ms
[10.622s][info][gc,cpu         ] GC(137) User=0.23s Sys=0.00s Real=0.04s
[10.652s][info][gc,start       ] GC(138) Pause Young (Allocation Failure)
[10.706s][info][gc,heap        ] GC(138) PSYoungGen: 106624K(140288K)->106624K(142336K) Eden: 27136K(27136K)->0K(27136K) From: 79488K(113152K)->106624K(115200K)
[10.706s][info][gc,heap        ] GC(138) ParOldGen: 1498734K(1642496K)->1498734K(1642496K)
[10.706s][info][gc,metaspace   ] GC(138) Metaspace: 6298K(6464K)->6298K(6464K) NonClass: 5764K(5824K)->5764K(5824K) Class: 533K(640K)->533K(640K)
[10.706s][info][gc             ] GC(138) Pause Young (Allocation Failure) 1567M->1567M(1743M) 54.206ms
[10.706s][info][gc,cpu         ] GC(138) User=0.38s Sys=0.00s Real=0.05s
[10.734s][info][gc,start       ] GC(139) Pause Young (Allocation Failure)
[10.821s][info][gc,heap        ] GC(139) PSYoungGen: 133760K(142336K)->121280K(142336K) Eden: 27136K(27136K)->0K(15360K) From: 106624K(115200K)->121280K(126976K)
[10.821s][info][gc,heap        ] GC(139) ParOldGen: 1498734K(1642496K)->1511494K(1642496K)
[10.822s][info][gc,metaspace   ] GC(139) Metaspace: 6298K(6464K)->6298K(6464K) NonClass: 5764K(5824K)->5764K(5824K) Class: 533K(640K)->533K(640K)
[10.822s][info][gc             ] GC(139) Pause Young (Allocation Failure) 1594M->1594M(1743M) 87.858ms
[10.822s][info][gc,cpu         ] GC(139) User=0.42s Sys=0.31s Real=0.09s
[10.838s][info][gc,start       ] GC(140) Pause Young (Allocation Failure)
[10.912s][info][gc,heap        ] GC(140) PSYoungGen: 136640K(142336K)->123136K(157184K) Eden: 15360K(15360K)->0K(15360K) From: 121280K(126976K)->123136K(141824K)
[10.912s][info][gc,heap        ] GC(140) ParOldGen: 1511494K(1642496K)->1525166K(1642496K)
[10.912s][info][gc,metaspace   ] GC(140) Metaspace: 6298K(6464K)->6298K(6464K) NonClass: 5764K(5824K)->5764K(5824K) Class: 533K(640K)->533K(640K)
[10.912s][info][gc             ] GC(140) Pause Young (Allocation Failure) 1609M->1609M(1757M) 73.841ms
[10.912s][info][gc,cpu         ] GC(140) User=0.38s Sys=0.03s Real=0.07s
[10.928s][info][gc,start       ] GC(141) Pause Young (Allocation Failure)
[11.016s][info][gc,heap        ] GC(141) PSYoungGen: 138496K(157184K)->85152K(163328K) Eden: 15360K(15360K)->0K(17920K) From: 123136K(141824K)->85152K(145408K)
[11.016s][info][gc,heap        ] GC(141) ParOldGen: 1525166K(1642496K)->1579174K(1642496K)
[11.016s][info][gc,metaspace   ] GC(141) Metaspace: 6298K(6464K)->6298K(6464K) NonClass: 5764K(5824K)->5764K(5824K) Class: 533K(640K)->533K(640K)
[11.016s][info][gc             ] GC(141) Pause Young (Allocation Failure) 1624M->1625M(1763M) 88.324ms
[11.016s][info][gc,cpu         ] GC(141) User=0.38s Sys=0.14s Real=0.09s
[11.036s][info][gc,start       ] GC(142) Pause Young (Allocation Failure)
[11.105s][info][gc,heap        ] GC(142) PSYoungGen: 103072K(163328K)->48768K(167424K) Eden: 17920K(17920K)->0K(17920K) From: 85152K(145408K)->48768K(149504K)
[11.105s][info][gc,heap        ] GC(142) ParOldGen: 1579174K(1642496K)->1634222K(1642496K)
[11.105s][info][gc,metaspace   ] GC(142) Metaspace: 6298K(6464K)->6298K(6464K) NonClass: 5764K(5824K)->5764K(5824K) Class: 533K(640K)->533K(640K)
[11.105s][info][gc             ] GC(142) Pause Young (Allocation Failure) 1642M->1643M(1767M) 68.797ms
[11.105s][info][gc,cpu         ] GC(142) User=0.33s Sys=0.14s Real=0.07s
[11.105s][info][gc,start       ] GC(143) Pause Full (Ergonomics)
[11.105s][info][gc,phases,start] GC(143) Marking Phase
[11.497s][info][gc,phases      ] GC(143) Marking Phase 391.550ms
[11.497s][info][gc,phases,start] GC(143) Summary Phase
[11.497s][info][gc,phases      ] GC(143) Summary Phase 0.034ms
[11.497s][info][gc,phases,start] GC(143) Adjust Roots
[11.497s][info][gc,phases      ] GC(143) Adjust Roots 0.282ms
[11.497s][info][gc,phases,start] GC(143) Compaction Phase
[11.690s][info][gc,phases      ] GC(143) Compaction Phase 192.682ms
[11.690s][info][gc,phases,start] GC(143) Post Compact
[11.693s][info][gc,phases      ] GC(143) Post Compact 3.174ms
[11.695s][info][gc,heap        ] GC(143) PSYoungGen: 48768K(167424K)->38326K(167424K) Eden: 0K(17920K)->0K(17920K) From: 48768K(149504K)->38326K(149504K)
[11.695s][info][gc,heap        ] GC(143) ParOldGen: 1634222K(1642496K)->1642204K(1821184K)
[11.695s][info][gc,metaspace   ] GC(143) Metaspace: 6298K(6464K)->6298K(6464K) NonClass: 5764K(5824K)->5764K(5824K) Class: 533K(640K)->533K(640K)
[11.695s][info][gc             ] GC(143) Pause Full (Ergonomics) 1643M->1641M(1942M) 589.814ms
[11.695s][info][gc,cpu         ] GC(143) User=3.95s Sys=0.05s Real=0.59s
[11.714s][info][gc,start       ] GC(144) Pause Young (Allocation Failure)
[11.820s][info][gc,heap        ] GC(144) PSYoungGen: 56246K(167424K)->32160K(165888K) Eden: 17920K(17920K)->0K(19968K) From: 38326K(149504K)->32160K(145920K)
[11.820s][info][gc,heap        ] GC(144) ParOldGen: 1642204K(1821184K)->1666876K(1821184K)
[11.820s][info][gc,metaspace   ] GC(144) Metaspace: 6298K(6464K)->6298K(6464K) NonClass: 5764K(5824K)->5764K(5824K) Class: 533K(640K)->533K(640K)
[11.820s][info][gc             ] GC(144) Pause Young (Allocation Failure) 1658M->1659M(1940M) 105.594ms
[11.820s][info][gc,cpu         ] GC(144) User=0.59s Sys=0.14s Real=0.10s
[11.841s][info][gc,start       ] GC(145) Pause Young (Allocation Failure)
[11.883s][info][gc,heap        ] GC(145) PSYoungGen: 52128K(165888K)->20128K(166912K) Eden: 19968K(19968K)->0K(19968K) From: 32160K(145920K)->20128K(146944K)
[11.883s][info][gc,heap        ] GC(145) ParOldGen: 1666876K(1821184K)->1699356K(1821184K)
[11.883s][info][gc,metaspace   ] GC(145) Metaspace: 6298K(6464K)->6298K(6464K) NonClass: 5764K(5824K)->5764K(5824K) Class: 533K(640K)->533K(640K)
[11.883s][info][gc             ] GC(145) Pause Young (Allocation Failure) 1678M->1679M(1941M) 42.228ms
[11.883s][info][gc,cpu         ] GC(145) User=0.02s Sys=0.12s Real=0.04s
[11.905s][info][gc,start       ] GC(146) Pause Young (Allocation Failure)
[11.938s][info][gc,heap        ] GC(146) PSYoungGen: 40096K(166912K)->20096K(168448K) Eden: 19968K(19968K)->0K(22528K) From: 20128K(146944K)->20096K(145920K)
[11.938s][info][gc,heap        ] GC(146) ParOldGen: 1699356K(1821184K)->1719644K(1821184K)
[11.938s][info][gc,metaspace   ] GC(146) Metaspace: 6298K(6464K)->6298K(6464K) NonClass: 5764K(5824K)->5764K(5824K) Class: 533K(640K)->533K(640K)
[11.938s][info][gc             ] GC(146) Pause Young (Allocation Failure) 1698M->1698M(1943M) 32.694ms
[11.938s][info][gc,cpu         ] GC(146) User=0.06s Sys=0.09s Real=0.03s
[11.963s][info][gc,start       ] GC(147) Pause Young (Allocation Failure)
[12.000s][info][gc,heap        ] GC(147) PSYoungGen: 42624K(168448K)->22720K(169472K) Eden: 22528K(22528K)->0K(22528K) From: 20096K(145920K)->22720K(146944K)
[12.000s][info][gc,heap        ] GC(147) ParOldGen: 1719644K(1821184K)->1739924K(1821184K)
[12.000s][info][gc,metaspace   ] GC(147) Metaspace: 6298K(6464K)->6298K(6464K) NonClass: 5764K(5824K)->5764K(5824K) Class: 533K(640K)->533K(640K)
[12.000s][info][gc             ] GC(147) Pause Young (Allocation Failure) 1720M->1721M(1944M) 36.716ms
[12.000s][info][gc,cpu         ] GC(147) User=0.12s Sys=0.00s Real=0.04s
[12.024s][info][gc,start       ] GC(148) Pause Young (Allocation Failure)
[12.061s][info][gc,heap        ] GC(148) PSYoungGen: 45248K(169472K)->22720K(164352K) Eden: 22528K(22528K)->0K(25600K) From: 22720K(146944K)->22720K(138752K)
[12.062s][info][gc,heap        ] GC(148) ParOldGen: 1739924K(1821184K)->1762812K(1821184K)
[12.062s][info][gc,metaspace   ] GC(148) Metaspace: 6298K(6464K)->6298K(6464K) NonClass: 5764K(5824K)->5764K(5824K) Class: 533K(640K)->533K(640K)
[12.062s][info][gc             ] GC(148) Pause Young (Allocation Failure) 1743M->1743M(1939M) 37.939ms
[12.062s][info][gc,cpu         ] GC(148) User=0.14s Sys=0.03s Real=0.04s
[12.090s][info][gc,start       ] GC(149) Pause Young (Allocation Failure)
[12.125s][info][gc,heap        ] GC(149) PSYoungGen: 48320K(164352K)->25728K(51712K) Eden: 25600K(25600K)->0K(25600K) From: 22720K(138752K)->25728K(26112K)
[12.125s][info][gc,heap        ] GC(149) ParOldGen: 1762812K(1821184K)->1785676K(1821184K)
[12.126s][info][gc,metaspace   ] GC(149) Metaspace: 6298K(6464K)->6298K(6464K) NonClass: 5764K(5824K)->5764K(5824K) Class: 533K(640K)->533K(640K)
[12.126s][info][gc             ] GC(149) Pause Young (Allocation Failure) 1768M->1768M(1829M) 35.995ms
[12.126s][info][gc,cpu         ] GC(149) User=0.20s Sys=0.03s Real=0.04s
[12.126s][info][gc,start       ] GC(150) Pause Full (Ergonomics)
[12.126s][info][gc,phases,start] GC(150) Marking Phase
[12.534s][info][gc,phases      ] GC(150) Marking Phase 408.273ms
[12.534s][info][gc,phases,start] GC(150) Summary Phase
[12.534s][info][gc,phases      ] GC(150) Summary Phase 0.041ms
[12.534s][info][gc,phases,start] GC(150) Adjust Roots
[12.534s][info][gc,phases      ] GC(150) Adjust Roots 0.195ms
[12.534s][info][gc,phases,start] GC(150) Compaction Phase
[12.736s][info][gc,phases      ] GC(150) Compaction Phase 201.975ms
[12.736s][info][gc,phases,start] GC(150) Post Compact
[12.740s][info][gc,phases      ] GC(150) Post Compact 3.513ms
[12.741s][info][gc,heap        ] GC(150) PSYoungGen: 25728K(51712K)->0K(166400K) Eden: 0K(25600K)->0K(28672K) From: 25728K(26112K)->0K(137728K)
[12.741s][info][gc,heap        ] GC(150) ParOldGen: 1785676K(1821184K)->1808863K(1989120K)
[12.741s][info][gc,metaspace   ] GC(150) Metaspace: 6298K(6464K)->6298K(6464K) NonClass: 5764K(5824K)->5764K(5824K) Class: 533K(640K)->533K(640K)
[12.741s][info][gc             ] GC(150) Pause Full (Ergonomics) 1768M->1766M(2105M) 615.043ms
[12.741s][info][gc,cpu         ] GC(150) User=4.09s Sys=0.05s Real=0.61s
[12.768s][info][gc,start       ] GC(151) Pause Young (Allocation Failure)
[12.793s][info][gc,heap        ] GC(151) PSYoungGen: 28672K(166400K)->28864K(57856K) Eden: 28672K(28672K)->0K(28672K) From: 0K(137728K)->28864K(29184K)
[12.793s][info][gc,heap        ] GC(151) ParOldGen: 1808863K(1989120K)->1808863K(1989120K)
[12.793s][info][gc,metaspace   ] GC(151) Metaspace: 6298K(6464K)->6298K(6464K) NonClass: 5764K(5824K)->5764K(5824K) Class: 533K(640K)->533K(640K)
[12.793s][info][gc             ] GC(151) Pause Young (Allocation Failure) 1794M->1794M(1999M) 25.479ms
[12.794s][info][gc,cpu         ] GC(151) User=0.02s Sys=0.00s Real=0.03s
[12.825s][info][gc,start       ] GC(152) Pause Young (Allocation Failure)
[12.860s][info][gc,heap        ] GC(152) PSYoungGen: 57536K(57856K)->57568K(154112K) Eden: 28672K(28672K)->0K(31744K) From: 28864K(29184K)->57568K(122368K)
[12.860s][info][gc,heap        ] GC(152) ParOldGen: 1808863K(1989120K)->1808863K(1989120K)
[12.860s][info][gc,metaspace   ] GC(152) Metaspace: 6298K(6464K)->6298K(6464K) NonClass: 5764K(5824K)->5764K(5824K) Class: 533K(640K)->533K(640K)
[12.860s][info][gc             ] GC(152) Pause Young (Allocation Failure) 1822M->1822M(2093M) 35.050ms
[12.860s][info][gc,cpu         ] GC(152) User=0.09s Sys=0.00s Real=0.04s
[12.897s][info][gc,start       ] GC(153) Pause Young (Allocation Failure)
[12.942s][info][gc,heap        ] GC(153) PSYoungGen: 89312K(154112K)->89344K(159232K) Eden: 31744K(31744K)->0K(31744K) From: 57568K(122368K)->89344K(127488K)
[12.942s][info][gc,heap        ] GC(153) ParOldGen: 1808863K(1989120K)->1808863K(1989120K)
[12.942s][info][gc,metaspace   ] GC(153) Metaspace: 6298K(6464K)->6298K(6464K) NonClass: 5764K(5824K)->5764K(5824K) Class: 533K(640K)->533K(640K)
[12.942s][info][gc             ] GC(153) Pause Young (Allocation Failure) 1853M->1853M(2098M) 45.201ms
[12.942s][info][gc,cpu         ] GC(153) User=0.25s Sys=0.00s Real=0.05s
[12.976s][info][gc,start       ] GC(154) Pause Young (Allocation Failure)
[13.039s][info][gc,heap        ] GC(154) PSYoungGen: 121088K(159232K)->92416K(163328K) Eden: 31744K(31744K)->0K(28672K) From: 89344K(127488K)->92416K(134656K)
[13.039s][info][gc,heap        ] GC(154) ParOldGen: 1808863K(1989120K)->1837951K(1989120K)
[13.039s][info][gc,metaspace   ] GC(154) Metaspace: 6298K(6464K)->6298K(6464K) NonClass: 5764K(5824K)->5764K(5824K) Class: 533K(640K)->533K(640K)
[13.039s][info][gc             ] GC(154) Pause Young (Allocation Failure) 1884M->1885M(2102M) 63.833ms
[13.039s][info][gc,cpu         ] GC(154) User=0.31s Sys=0.06s Real=0.06s
[13.071s][info][gc,start       ] GC(155) Pause Young (Allocation Failure)
[13.137s][info][gc,heap        ] GC(155) PSYoungGen: 121088K(163328K)->92352K(169984K) Eden: 28672K(28672K)->0K(28672K) From: 92416K(134656K)->92352K(141312K)
[13.137s][info][gc,heap        ] GC(155) ParOldGen: 1837951K(1989120K)->1867063K(1989120K)
[13.137s][info][gc,metaspace   ] GC(155) Metaspace: 6298K(6464K)->6298K(6464K) NonClass: 5764K(5824K)->5764K(5824K) Class: 533K(640K)->533K(640K)
[13.137s][info][gc             ] GC(155) Pause Young (Allocation Failure) 1913M->1913M(2108M) 65.409ms
[13.137s][info][gc,cpu         ] GC(155) User=0.30s Sys=0.06s Real=0.07s
[13.171s][info][gc,start       ] GC(156) Pause Young (Allocation Failure)
[13.239s][info][gc,heap        ] GC(156) PSYoungGen: 121024K(169984K)->89280K(176128K) Eden: 28672K(28672K)->0K(30208K) From: 92352K(141312K)->89280K(145920K)
[13.239s][info][gc,heap        ] GC(156) ParOldGen: 1867063K(1989120K)->1899287K(1989120K)
[13.239s][info][gc,metaspace   ] GC(156) Metaspace: 6298K(6464K)->6298K(6464K) NonClass: 5764K(5824K)->5764K(5824K) Class: 533K(640K)->533K(640K)
[13.239s][info][gc             ] GC(156) Pause Young (Allocation Failure) 1941M->1941M(2114M) 68.413ms
[13.239s][info][gc,cpu         ] GC(156) User=0.44s Sys=0.12s Real=0.07s
[13.276s][info][gc,start       ] GC(157) Pause Young (Allocation Failure)
[13.356s][info][gc,heap        ] GC(157) PSYoungGen: 119488K(176128K)->59072K(89600K) Eden: 30208K(30208K)->0K(30208K) From: 89280K(145920K)->59072K(59392K)
[13.356s][info][gc,heap        ] GC(157) ParOldGen: 1899287K(1989120K)->1960559K(1989120K)
[13.357s][info][gc,metaspace   ] GC(157) Metaspace: 6298K(6464K)->6298K(6464K) NonClass: 5764K(5824K)->5764K(5824K) Class: 533K(640K)->533K(640K)
[13.357s][info][gc             ] GC(157) Pause Young (Allocation Failure) 1971M->1972M(2030M) 80.235ms
[13.357s][info][gc,cpu         ] GC(157) User=0.31s Sys=0.19s Real=0.08s
[13.357s][info][gc,start       ] GC(158) Pause Full (Ergonomics)
[13.357s][info][gc,phases,start] GC(158) Marking Phase
[13.817s][info][gc,phases      ] GC(158) Marking Phase 460.648ms
[13.817s][info][gc,phases,start] GC(158) Summary Phase
[13.817s][info][gc,phases      ] GC(158) Summary Phase 0.035ms
[13.817s][info][gc,phases,start] GC(158) Adjust Roots
[13.818s][info][gc,phases      ] GC(158) Adjust Roots 0.250ms
[13.818s][info][gc,phases,start] GC(158) Compaction Phase
[14.036s][info][gc,phases      ] GC(158) Compaction Phase 217.847ms
[14.036s][info][gc,phases,start] GC(158) Post Compact
[14.040s][info][gc,phases      ] GC(158) Post Compact 4.089ms
[14.041s][info][gc,heap        ] GC(158) PSYoungGen: 59072K(89600K)->28160K(89600K) Eden: 0K(30208K)->0K(30208K) From: 59072K(59392K)->28160K(59392K)
[14.041s][info][gc,heap        ] GC(158) ParOldGen: 1960559K(1989120K)->1988874K(2196992K)
[14.041s][info][gc,metaspace   ] GC(158) Metaspace: 6298K(6464K)->6298K(6464K) NonClass: 5764K(5824K)->5764K(5824K) Class: 533K(640K)->533K(640K)
[14.041s][info][gc             ] GC(158) Pause Full (Ergonomics) 1972M->1969M(2233M) 684.876ms
[14.041s][info][gc,cpu         ] GC(158) User=4.62s Sys=0.12s Real=0.68s
[14.077s][info][gc,start       ] GC(159) Pause Young (Allocation Failure)
[14.205s][info][gc,heap        ] GC(159) PSYoungGen: 58368K(89600K)->30400K(168448K) Eden: 30208K(30208K)->0K(33280K) From: 28160K(59392K)->30400K(135168K)
[14.205s][info][gc,heap        ] GC(159) ParOldGen: 1988874K(2196992K)->2017426K(2196992K)
[14.205s][info][gc,metaspace   ] GC(159) Metaspace: 6298K(6464K)->6298K(6464K) NonClass: 5764K(5824K)->5764K(5824K) Class: 533K(640K)->533K(640K)
[14.205s][info][gc             ] GC(159) Pause Young (Allocation Failure) 1999M->1999M(2310M) 127.967ms
[14.205s][info][gc,cpu         ] GC(159) User=0.86s Sys=0.12s Real=0.13s
[14.242s][info][gc,start       ] GC(160) Pause Young (Allocation Failure)
[14.288s][info][gc,heap        ] GC(160) PSYoungGen: 63680K(168448K)->33504K(171520K) Eden: 33280K(33280K)->0K(33280K) From: 30400K(135168K)->33504K(138240K)
[14.288s][info][gc,heap        ] GC(160) ParOldGen: 2017426K(2196992K)->2048082K(2196992K)
[14.288s][info][gc,metaspace   ] GC(160) Metaspace: 6298K(6464K)->6298K(6464K) NonClass: 5764K(5824K)->5764K(5824K) Class: 533K(640K)->533K(640K)
[14.288s][info][gc             ] GC(160) Pause Young (Allocation Failure) 2032M->2032M(2313M) 46.520ms
[14.288s][info][gc,cpu         ] GC(160) User=0.12s Sys=0.12s Real=0.05s
[14.323s][info][gc,start       ] GC(161) Pause Young (Allocation Failure)
[14.370s][info][gc,heap        ] GC(161) PSYoungGen: 66784K(171520K)->33472K(164352K) Eden: 33280K(33280K)->0K(36864K) From: 33504K(138240K)->33472K(127488K)
[14.370s][info][gc,heap        ] GC(161) ParOldGen: 2048082K(2196992K)->2081834K(2196992K)
[14.370s][info][gc,metaspace   ] GC(161) Metaspace: 6298K(6464K)->6298K(6464K) NonClass: 5764K(5824K)->5764K(5824K) Class: 533K(640K)->533K(640K)
[14.371s][info][gc             ] GC(161) Pause Young (Allocation Failure) 2065M->2065M(2306M) 47.819ms
[14.371s][info][gc,cpu         ] GC(161) User=0.14s Sys=0.09s Real=0.05s
[14.409s][info][gc,start       ] GC(162) Pause Young (Allocation Failure)
[14.458s][info][gc,heap        ] GC(162) PSYoungGen: 70336K(164352K)->37024K(167936K) Eden: 36864K(36864K)->0K(36864K) From: 33472K(127488K)->37024K(131072K)
[14.458s][info][gc,heap        ] GC(162) ParOldGen: 2081834K(2196992K)->2115602K(2196992K)
[14.458s][info][gc,metaspace   ] GC(162) Metaspace: 6298K(6464K)->6298K(6464K) NonClass: 5764K(5824K)->5764K(5824K) Class: 533K(640K)->533K(640K)
[14.458s][info][gc             ] GC(162) Pause Young (Allocation Failure) 2101M->2102M(2309M) 48.646ms
[14.458s][info][gc,cpu         ] GC(162) User=0.25s Sys=0.02s Real=0.05s
[14.497s][info][gc,start       ] GC(163) Pause Young (Allocation Failure)
[14.551s][info][gc,heap        ] GC(163) PSYoungGen: 73888K(167936K)->37056K(158720K) Eden: 36864K(36864K)->0K(41472K) From: 37024K(131072K)->37056K(117248K)
[14.551s][info][gc,heap        ] GC(163) ParOldGen: 2115602K(2196992K)->2152986K(2196992K)
[14.551s][info][gc,metaspace   ] GC(163) Metaspace: 6298K(6464K)->6298K(6464K) NonClass: 5764K(5824K)->5764K(5824K) Class: 533K(640K)->533K(640K)
[14.551s][info][gc             ] GC(163) Pause Young (Allocation Failure) 2138M->2138M(2300M) 53.858ms
[14.551s][info][gc,cpu         ] GC(163) User=0.30s Sys=0.09s Real=0.05s
[14.551s][info][gc,start       ] GC(164) Pause Full (Ergonomics)
[14.551s][info][gc,phases,start] GC(164) Marking Phase
[15.052s][info][gc,phases      ] GC(164) Marking Phase 501.180ms
[15.052s][info][gc,phases,start] GC(164) Summary Phase
[15.052s][info][gc,phases      ] GC(164) Summary Phase 0.051ms
[15.052s][info][gc,phases,start] GC(164) Adjust Roots
[15.053s][info][gc,phases      ] GC(164) Adjust Roots 0.197ms
[15.053s][info][gc,phases,start] GC(164) Compaction Phase
[15.269s][info][gc,phases      ] GC(164) Compaction Phase 216.470ms
[15.269s][info][gc,phases,start] GC(164) Post Compact
[15.273s][info][gc,phases      ] GC(164) Post Compact 4.312ms
[15.275s][info][gc,heap        ] GC(164) PSYoungGen: 37056K(158720K)->0K(163328K) Eden: 0K(41472K)->0K(41472K) From: 37056K(117248K)->0K(121856K)
[15.275s][info][gc,heap        ] GC(164) ParOldGen: 2152986K(2196992K)->2187374K(2409984K)
[15.275s][info][gc,metaspace   ] GC(164) Metaspace: 6298K(6464K)->6298K(6464K) NonClass: 5764K(5824K)->5764K(5824K) Class: 533K(640K)->533K(640K)
[15.275s][info][gc             ] GC(164) Pause Full (Ergonomics) 2138M->2136M(2513M) 724.216ms
[15.275s][info][gc,cpu         ] GC(164) User=4.94s Sys=0.06s Real=0.72s
[15.326s][info][gc,start       ] GC(165) Pause Young (Allocation Failure)
[15.359s][info][gc,heap        ] GC(165) PSYoungGen: 41472K(163328K)->41664K(156160K) Eden: 41472K(41472K)->0K(45568K) From: 0K(121856K)->41664K(110592K)
[15.359s][info][gc,heap        ] GC(165) ParOldGen: 2187374K(2409984K)->2187374K(2409984K)
[15.359s][info][gc,metaspace   ] GC(165) Metaspace: 6298K(6464K)->6298K(6464K) NonClass: 5764K(5824K)->5764K(5824K) Class: 533K(640K)->533K(640K)
[15.359s][info][gc             ] GC(165) Pause Young (Allocation Failure) 2176M->2176M(2506M) 33.016ms
[15.359s][info][gc,cpu         ] GC(165) User=0.16s Sys=0.00s Real=0.03s
[15.413s][info][gc,start       ] GC(166) Pause Young (Allocation Failure)
[15.463s][info][gc,heap        ] GC(166) PSYoungGen: 87232K(156160K)->87328K(162304K) Eden: 45568K(45568K)->0K(45568K) From: 41664K(110592K)->87328K(116736K)
[15.464s][info][gc,heap        ] GC(166) ParOldGen: 2187374K(2409984K)->2187374K(2409984K)
[15.464s][info][gc,metaspace   ] GC(166) Metaspace: 6298K(6464K)->6298K(6464K) NonClass: 5764K(5824K)->5764K(5824K) Class: 533K(640K)->533K(640K)
[15.464s][info][gc             ] GC(166) Pause Young (Allocation Failure) 2221M->2221M(2512M) 50.116ms
[15.464s][info][gc,cpu         ] GC(166) User=0.25s Sys=0.00s Real=0.05s
[15.518s][info][gc,start       ] GC(167) Pause Young (Allocation Failure)
[15.596s][info][gc,heap        ] GC(167) PSYoungGen: 132896K(162304K)->123392K(151040K) Eden: 45568K(45568K)->0K(27648K) From: 87328K(116736K)->123392K(123392K)
[15.596s][info][gc,heap        ] GC(167) ParOldGen: 2187374K(2409984K)->2196934K(2409984K)
[15.596s][info][gc,metaspace   ] GC(167) Metaspace: 6298K(6464K)->6298K(6464K) NonClass: 5764K(5824K)->5764K(5824K) Class: 533K(640K)->533K(640K)
[15.596s][info][gc             ] GC(167) Pause Young (Allocation Failure) 2265M->2265M(2501M) 77.964ms
[15.596s][info][gc,cpu         ] GC(167) User=0.42s Sys=0.08s Real=0.08s
[15.629s][info][gc,start       ] GC(168) Pause Young (Allocation Failure)
[15.734s][info][gc,heap        ] GC(168) PSYoungGen: 151040K(151040K)->69248K(97280K) Eden: 27648K(27648K)->0K(27648K) From: 123392K(123392K)->69248K(69632K)
[15.734s][info][gc,heap        ] GC(168) ParOldGen: 2196934K(2409984K)->2279694K(2409984K)
[15.734s][info][gc,metaspace   ] GC(168) Metaspace: 6298K(6464K)->6298K(6464K) NonClass: 5764K(5824K)->5764K(5824K) Class: 533K(640K)->533K(640K)
[15.734s][info][gc             ] GC(168) Pause Young (Allocation Failure) 2292M->2293M(2448M) 105.099ms
[15.734s][info][gc,cpu         ] GC(168) User=0.41s Sys=0.31s Real=0.11s
[15.767s][info][gc,start       ] GC(169) Pause Young (Allocation Failure)
[15.830s][info][gc,heap        ] GC(169) PSYoungGen: 96896K(97280K)->55520K(158720K) Eden: 27648K(27648K)->0K(31232K) From: 69248K(69632K)->55520K(127488K)
[15.830s][info][gc,heap        ] GC(169) ParOldGen: 2279694K(2409984K)->2321478K(2409984K)
[15.830s][info][gc,metaspace   ] GC(169) Metaspace: 6298K(6464K)->6298K(6464K) NonClass: 5764K(5824K)->5764K(5824K) Class: 533K(640K)->533K(640K)
[15.830s][info][gc             ] GC(169) Pause Young (Allocation Failure) 2320M->2321M(2508M) 62.809ms
[15.830s][info][gc,cpu         ] GC(169) User=0.28s Sys=0.08s Real=0.06s
[15.866s][info][gc,start       ] GC(170) Pause Young (Allocation Failure)
[15.921s][info][gc,heap        ] GC(170) PSYoungGen: 86752K(158720K)->59040K(90624K) Eden: 31232K(31232K)->0K(31232K) From: 55520K(127488K)->59040K(59392K)
[15.921s][info][gc,heap        ] GC(170) ParOldGen: 2321478K(2409984K)->2349374K(2409984K)
[15.921s][info][gc,metaspace   ] GC(170) Metaspace: 6298K(6464K)->6298K(6464K) NonClass: 5764K(5824K)->5764K(5824K) Class: 533K(640K)->533K(640K)
[15.921s][info][gc             ] GC(170) Pause Young (Allocation Failure) 2351M->2351M(2442M) 55.453ms
[15.921s][info][gc,cpu         ] GC(170) User=0.25s Sys=0.05s Real=0.05s
[15.921s][info][gc,start       ] GC(171) Pause Full (Ergonomics)
[15.921s][info][gc,phases,start] GC(171) Marking Phase
[16.485s][info][gc,phases      ] GC(171) Marking Phase 563.484ms
[16.485s][info][gc,phases,start] GC(171) Summary Phase
[16.485s][info][gc,phases      ] GC(171) Summary Phase 0.060ms
[16.485s][info][gc,phases,start] GC(171) Adjust Roots
[16.485s][info][gc,phases      ] GC(171) Adjust Roots 0.243ms
[16.485s][info][gc,phases,start] GC(171) Compaction Phase
[16.707s][info][gc,phases      ] GC(171) Compaction Phase 221.427ms
[16.707s][info][gc,phases,start] GC(171) Post Compact
[16.712s][info][gc,phases      ] GC(171) Post Compact 4.847ms
[16.713s][info][gc,heap        ] GC(171) PSYoungGen: 59040K(90624K)->0K(162304K) Eden: 0K(31232K)->0K(35328K) From: 59040K(59392K)->0K(126976K)
[16.713s][info][gc,heap        ] GC(171) ParOldGen: 2349374K(2409984K)->2406323K(2657792K)
[16.713s][info][gc,metaspace   ] GC(171) Metaspace: 6298K(6464K)->6298K(6464K) NonClass: 5764K(5824K)->5764K(5824K) Class: 533K(640K)->533K(640K)
[16.713s][info][gc             ] GC(171) Pause Full (Ergonomics) 2351M->2349M(2754M) 792.240ms
[16.713s][info][gc,cpu         ] GC(171) User=5.42s Sys=0.06s Real=0.79s
[16.760s][info][gc,start       ] GC(172) Pause Young (Allocation Failure)
[16.789s][info][gc,heap        ] GC(172) PSYoungGen: 35328K(162304K)->35520K(162304K) Eden: 35328K(35328K)->0K(35328K) From: 0K(126976K)->35520K(126976K)
[16.789s][info][gc,heap        ] GC(172) ParOldGen: 2406323K(2657792K)->2406323K(2657792K)
[16.789s][info][gc,metaspace   ] GC(172) Metaspace: 6298K(6464K)->6298K(6464K) NonClass: 5764K(5824K)->5764K(5824K) Class: 533K(640K)->533K(640K)
[16.789s][info][gc             ] GC(172) Pause Young (Allocation Failure) 2384M->2384M(2754M) 29.174ms
[16.789s][info][gc,cpu         ] GC(172) User=0.14s Sys=0.00s Real=0.03s
[16.832s][info][gc,start       ] GC(173) Pause Young (Allocation Failure)
[16.874s][info][gc,heap        ] GC(173) PSYoungGen: 70848K(162304K)->70912K(159744K) Eden: 35328K(35328K)->0K(38912K) From: 35520K(126976K)->70912K(120832K)
[16.874s][info][gc,heap        ] GC(173) ParOldGen: 2406323K(2657792K)->2406323K(2657792K)
[16.874s][info][gc,metaspace   ] GC(173) Metaspace: 6298K(6464K)->6298K(6464K) NonClass: 5764K(5824K)->5764K(5824K) Class: 533K(640K)->533K(640K)
[16.874s][info][gc             ] GC(173) Pause Young (Allocation Failure) 2419M->2419M(2751M) 42.210ms
[16.874s][info][gc,cpu         ] GC(173) User=0.23s Sys=0.00s Real=0.04s
[16.923s][info][gc,start       ] GC(174) Pause Young (Allocation Failure)
[16.981s][info][gc,heap        ] GC(174) PSYoungGen: 109824K(159744K)->109824K(161792K) Eden: 38912K(38912K)->0K(38912K) From: 70912K(120832K)->109824K(122880K)
[16.981s][info][gc,heap        ] GC(174) ParOldGen: 2406323K(2657792K)->2406323K(2657792K)
[16.981s][info][gc,metaspace   ] GC(174) Metaspace: 6298K(6464K)->6298K(6464K) NonClass: 5764K(5824K)->5764K(5824K) Class: 533K(640K)->533K(640K)
[16.981s][info][gc             ] GC(174) Pause Young (Allocation Failure) 2457M->2457M(2753M) 58.491ms
[16.981s][info][gc,cpu         ] GC(174) User=0.36s Sys=0.00s Real=0.06s
[17.029s][info][gc,start       ] GC(175) Pause Young (Allocation Failure)
[17.120s][info][gc,heap        ] GC(175) PSYoungGen: 148736K(161792K)->134656K(153600K) Eden: 38912K(38912K)->0K(18944K) From: 109824K(122880K)->134656K(134656K)
[17.120s][info][gc,heap        ] GC(175) ParOldGen: 2406323K(2657792K)->2420459K(2657792K)
[17.120s][info][gc,metaspace   ] GC(175) Metaspace: 6298K(6464K)->6298K(6464K) NonClass: 5764K(5824K)->5764K(5824K) Class: 533K(640K)->533K(640K)
[17.120s][info][gc             ] GC(175) Pause Young (Allocation Failure) 2495M->2495M(2745M) 91.157ms
[17.120s][info][gc,cpu         ] GC(175) User=0.41s Sys=0.17s Real=0.09s
[17.142s][info][gc,start       ] GC(176) Pause Young (Allocation Failure)
[17.231s][info][gc,heap        ] GC(176) PSYoungGen: 153600K(153600K)->121984K(177664K) Eden: 18944K(18944K)->0K(18944K) From: 134656K(134656K)->121984K(158720K)
[17.231s][info][gc,heap        ] GC(176) ParOldGen: 2420459K(2657792K)->2452467K(2657792K)
[17.231s][info][gc,metaspace   ] GC(176) Metaspace: 6298K(6464K)->6298K(6464K) NonClass: 5764K(5824K)->5764K(5824K) Class: 533K(640K)->533K(640K)
[17.231s][info][gc             ] GC(176) Pause Young (Allocation Failure) 2513M->2514M(2769M) 88.519ms
[17.231s][info][gc,cpu         ] GC(176) User=0.52s Sys=0.08s Real=0.09s
[17.255s][info][gc,start       ] GC(177) Pause Young (Allocation Failure)
[17.334s][info][gc,heap        ] GC(177) PSYoungGen: 140928K(177664K)->108736K(187904K) Eden: 18944K(18944K)->0K(19456K) From: 121984K(158720K)->108736K(168448K)
[17.335s][info][gc,heap        ] GC(177) ParOldGen: 2452467K(2657792K)->2484963K(2657792K)
[17.335s][info][gc,metaspace   ] GC(177) Metaspace: 6298K(6464K)->6298K(6464K) NonClass: 5764K(5824K)->5764K(5824K) Class: 533K(640K)->533K(640K)
[17.335s][info][gc             ] GC(177) Pause Young (Allocation Failure) 2532M->2532M(2779M) 79.589ms
[17.335s][info][gc,cpu         ] GC(177) User=0.38s Sys=0.11s Real=0.08s
[17.359s][info][gc,start       ] GC(178) Pause Young (Allocation Failure)
[17.449s][info][gc,heap        ] GC(178) PSYoungGen: 128192K(187904K)->57472K(77312K) Eden: 19456K(19456K)->0K(19456K) From: 108736K(168448K)->57472K(57856K)
[17.449s][info][gc,heap        ] GC(178) ParOldGen: 2484963K(2657792K)->2556163K(2657792K)
[17.449s][info][gc,metaspace   ] GC(178) Metaspace: 6298K(6464K)->6298K(6464K) NonClass: 5764K(5824K)->5764K(5824K) Class: 533K(640K)->533K(640K)
[17.449s][info][gc             ] GC(178) Pause Young (Allocation Failure) 2551M->2552M(2671M) 90.329ms
[17.449s][info][gc,cpu         ] GC(178) User=0.44s Sys=0.27s Real=0.09s
[17.474s][info][gc,start       ] GC(179) Pause Young (Allocation Failure)
[17.527s][info][gc,heap        ] GC(179) PSYoungGen: 76928K(77312K)->39072K(184320K) Eden: 19456K(19456K)->0K(22528K) From: 57472K(57856K)->39072K(161792K)
[17.527s][info][gc,heap        ] GC(179) ParOldGen: 2556163K(2657792K)->2594363K(2657792K)
[17.527s][info][gc,metaspace   ] GC(179) Metaspace: 6298K(6464K)->6298K(6464K) NonClass: 5764K(5824K)->5764K(5824K) Class: 533K(640K)->533K(640K)
[17.527s][info][gc             ] GC(179) Pause Young (Allocation Failure) 2571M->2571M(2775M) 53.269ms
[17.527s][info][gc,cpu         ] GC(179) User=0.23s Sys=0.14s Real=0.05s
[17.528s][info][gc,start       ] GC(180) Pause Full (Ergonomics)
[17.528s][info][gc,phases,start] GC(180) Marking Phase
[18.138s][info][gc,phases      ] GC(180) Marking Phase 610.624ms
[18.138s][info][gc,phases,start] GC(180) Summary Phase
[18.138s][info][gc,phases      ] GC(180) Summary Phase 0.112ms
[18.138s][info][gc,phases,start] GC(180) Adjust Roots
[18.139s][info][gc,phases      ] GC(180) Adjust Roots 0.237ms
[18.139s][info][gc,phases,start] GC(180) Compaction Phase
[18.373s][info][gc,phases      ] GC(180) Compaction Phase 234.639ms
[18.373s][info][gc,phases,start] GC(180) Post Compact
[18.379s][info][gc,phases      ] GC(180) Post Compact 5.441ms
[18.380s][info][gc,heap        ] GC(180) PSYoungGen: 39072K(184320K)->0K(186368K) Eden: 0K(22528K)->0K(22528K) From: 39072K(161792K)->0K(163840K)
[18.381s][info][gc,heap        ] GC(180) ParOldGen: 2594363K(2657792K)->2631354K(2907136K)
[18.381s][info][gc,metaspace   ] GC(180) Metaspace: 6298K(6464K)->6298K(6464K) NonClass: 5764K(5824K)->5764K(5824K) Class: 533K(640K)->533K(640K)
[18.381s][info][gc             ] GC(180) Pause Full (Ergonomics) 2571M->2569M(3021M) 853.068ms
[18.381s][info][gc,cpu         ] GC(180) User=6.06s Sys=0.03s Real=0.85s
[18.409s][info][gc,start       ] GC(181) Pause Young (Allocation Failure)
[18.436s][info][gc,heap        ] GC(181) PSYoungGen: 22528K(186368K)->22688K(187904K) Eden: 22528K(22528K)->0K(25088K) From: 0K(163840K)->22688K(162816K)
[18.436s][info][gc,heap        ] GC(181) ParOldGen: 2631354K(2907136K)->2631354K(2907136K)
[18.436s][info][gc,metaspace   ] GC(181) Metaspace: 6298K(6464K)->6298K(6464K) NonClass: 5764K(5824K)->5764K(5824K) Class: 533K(640K)->533K(640K)
[18.436s][info][gc             ] GC(181) Pause Young (Allocation Failure) 2591M->2591M(3022M) 27.390ms
[18.436s][info][gc,cpu         ] GC(181) User=0.03s Sys=0.02s Real=0.03s
[18.468s][info][gc,start       ] GC(182) Pause Young (Allocation Failure)
[18.510s][info][gc,heap        ] GC(182) PSYoungGen: 47776K(187904K)->25248K(188928K) Eden: 25088K(25088K)->0K(25088K) From: 22688K(162816K)->25248K(163840K)
[18.510s][info][gc,heap        ] GC(182) ParOldGen: 2631354K(2907136K)->2654098K(2907136K)
[18.510s][info][gc,metaspace   ] GC(182) Metaspace: 6298K(6464K)->6298K(6464K) NonClass: 5764K(5824K)->5764K(5824K) Class: 533K(640K)->533K(640K)
[18.510s][info][gc             ] GC(182) Pause Young (Allocation Failure) 2616M->2616M(3023M) 42.305ms
[18.510s][info][gc,cpu         ] GC(182) User=0.06s Sys=0.05s Real=0.04s
[18.543s][info][gc,start       ] GC(183) Pause Young (Allocation Failure)
[18.585s][info][gc,heap        ] GC(183) PSYoungGen: 50336K(188928K)->25216K(184320K) Eden: 25088K(25088K)->0K(28160K) From: 25248K(163840K)->25216K(156160K)
[18.585s][info][gc,heap        ] GC(183) ParOldGen: 2654098K(2907136K)->2679418K(2907136K)
[18.585s][info][gc,metaspace   ] GC(183) Metaspace: 6298K(6464K)->6298K(6464K) NonClass: 5764K(5824K)->5764K(5824K) Class: 533K(640K)->533K(640K)
[18.585s][info][gc             ] GC(183) Pause Young (Allocation Failure) 2641M->2641M(3019M) 41.852ms
[18.585s][info][gc,cpu         ] GC(183) User=0.12s Sys=0.09s Real=0.04s
[18.616s][info][gc,start       ] GC(184) Pause Young (Allocation Failure)
[18.658s][info][gc,heap        ] GC(184) PSYoungGen: 53376K(184320K)->28288K(56832K) Eden: 28160K(28160K)->0K(28160K) From: 25216K(156160K)->28288K(28672K)
[18.658s][info][gc,heap        ] GC(184) ParOldGen: 2679418K(2907136K)->2704730K(2907136K)
[18.658s][info][gc,metaspace   ] GC(184) Metaspace: 6298K(6464K)->6298K(6464K) NonClass: 5764K(5824K)->5764K(5824K) Class: 533K(640K)->533K(640K)
[18.658s][info][gc             ] GC(184) Pause Young (Allocation Failure) 2668M->2668M(2894M) 41.631ms
[18.658s][info][gc,cpu         ] GC(184) User=0.14s Sys=0.12s Real=0.04s
[18.691s][info][gc,start       ] GC(185) Pause Young (Allocation Failure)
[18.736s][info][gc,heap        ] GC(185) PSYoungGen: 56448K(56832K)->28352K(178176K) Eden: 28160K(28160K)->0K(31744K) From: 28288K(28672K)->28352K(146432K)
[18.736s][info][gc,heap        ] GC(185) ParOldGen: 2704730K(2907136K)->2733154K(2907136K)
[18.736s][info][gc,metaspace   ] GC(185) Metaspace: 6298K(6464K)->6298K(6464K) NonClass: 5764K(5824K)->5764K(5824K) Class: 533K(640K)->533K(640K)
[18.736s][info][gc             ] GC(185) Pause Young (Allocation Failure) 2696M->2696M(3013M) 44.966ms
[18.736s][info][gc,cpu         ] GC(185) User=0.20s Sys=0.03s Real=0.04s
[18.772s][info][gc,start       ] GC(186) Pause Young (Allocation Failure)
[18.819s][info][gc,heap        ] GC(186) PSYoungGen: 60096K(178176K)->31872K(64000K) Eden: 31744K(31744K)->0K(31744K) From: 28352K(146432K)->31872K(32256K)
[18.819s][info][gc,heap        ] GC(186) ParOldGen: 2733154K(2907136K)->2761570K(2907136K)
[18.819s][info][gc,metaspace   ] GC(186) Metaspace: 6298K(6464K)->6298K(6464K) NonClass: 5764K(5824K)->5764K(5824K) Class: 533K(640K)->533K(640K)
[18.819s][info][gc             ] GC(186) Pause Young (Allocation Failure) 2727M->2727M(2901M) 46.955ms
[18.819s][info][gc,cpu         ] GC(186) User=0.23s Sys=0.00s Real=0.05s
[18.856s][info][gc,start       ] GC(187) Pause Young (Allocation Failure)
[18.905s][info][gc,heap        ] GC(187) PSYoungGen: 63616K(64000K)->31840K(169472K) Eden: 31744K(31744K)->0K(35840K) From: 31872K(32256K)->31840K(133632K)
[18.905s][info][gc,heap        ] GC(187) ParOldGen: 2761570K(2907136K)->2793602K(2907136K)
[18.905s][info][gc,metaspace   ] GC(187) Metaspace: 6298K(6464K)->6298K(6464K) NonClass: 5764K(5824K)->5764K(5824K) Class: 533K(640K)->533K(640K)
[18.905s][info][gc             ] GC(187) Pause Young (Allocation Failure) 2758M->2759M(3004M) 49.003ms
[18.905s][info][gc,cpu         ] GC(187) User=0.23s Sys=0.02s Real=0.05s
[19.560s][info][gc,start       ] GC(188) Pause Young (Allocation Failure)
[19.700s][info][gc,heap        ] GC(188) PSYoungGen: 67680K(169472K)->36032K(72192K) Eden: 35840K(35840K)->0K(35840K) From: 31840K(133632K)->36032K(36352K)
[19.700s][info][gc,heap        ] GC(188) ParOldGen: 2924674K(3038720K)->2956706K(3038720K)
[19.700s][info][gc,metaspace   ] GC(188) Metaspace: 6298K(6464K)->6298K(6464K) NonClass: 5764K(5824K)->5764K(5824K) Class: 533K(640K)->533K(640K)
[19.700s][info][gc             ] GC(188) Pause Young (Allocation Failure) 2922M->2922M(3038M) 140.064ms
[19.700s][info][gc,cpu         ] GC(188) User=0.52s Sys=0.09s Real=0.14s
[19.741s][info][gc,start       ] GC(189) Pause Young (Allocation Failure)
[19.802s][info][gc,heap        ] GC(189) PSYoungGen: 71872K(72192K)->71872K(172544K) Eden: 35840K(35840K)->0K(39424K) From: 36032K(36352K)->71872K(133120K)
[19.802s][info][gc,heap        ] GC(189) ParOldGen: 2956706K(3038720K)->2956706K(3038720K)
[19.802s][info][gc,metaspace   ] GC(189) Metaspace: 6298K(6464K)->6298K(6464K) NonClass: 5764K(5824K)->5764K(5824K) Class: 533K(640K)->533K(640K)
[19.802s][info][gc             ] GC(189) Pause Young (Allocation Failure) 2957M->2957M(3136M) 61.712ms
[19.802s][info][gc,cpu         ] GC(189) User=0.17s Sys=0.00s Real=0.06s
[19.847s][info][gc,start       ] GC(190) Pause Young (Allocation Failure)
[19.927s][info][gc,heap        ] GC(190) PSYoungGen: 111296K(172544K)->75552K(172544K) Eden: 39424K(39424K)->0K(39424K) From: 71872K(133120K)->75552K(133120K)
[19.927s][info][gc,heap        ] GC(190) ParOldGen: 2956706K(3038720K)->2992874K(3038720K)
[19.927s][info][gc,metaspace   ] GC(190) Metaspace: 6298K(6464K)->6298K(6464K) NonClass: 5764K(5824K)->5764K(5824K) Class: 533K(640K)->533K(640K)
[19.927s][info][gc             ] GC(190) Pause Young (Allocation Failure) 2996M->2996M(3136M) 79.762ms
[19.927s][info][gc,cpu         ] GC(190) User=0.27s Sys=0.12s Real=0.08s
[19.927s][info][gc,start       ] GC(191) Pause Full (Ergonomics)
[19.927s][info][gc,phases,start] GC(191) Marking Phase
[20.625s][info][gc,phases      ] GC(191) Marking Phase 697.598ms
[20.625s][info][gc,phases,start] GC(191) Summary Phase
[20.625s][info][gc,phases      ] GC(191) Summary Phase 0.116ms
[20.625s][info][gc,phases,start] GC(191) Adjust Roots
[20.625s][info][gc,phases      ] GC(191) Adjust Roots 0.343ms
[20.625s][info][gc,phases,start] GC(191) Compaction Phase
[21.130s][info][gc,phases      ] GC(191) Compaction Phase 505.010ms
[21.130s][info][gc,phases,start] GC(191) Post Compact
[21.138s][info][gc,phases      ] GC(191) Post Compact 7.313ms
[21.140s][info][gc,heap        ] GC(191) PSYoungGen: 75552K(172544K)->0K(177664K) Eden: 0K(39424K)->0K(44032K) From: 75552K(133120K)->0K(133632K)
[21.140s][info][gc,heap        ] GC(191) ParOldGen: 2992874K(3038720K)->3000197K(3276288K)
[21.140s][info][gc,metaspace   ] GC(191) Metaspace: 6298K(6464K)->6298K(6464K) NonClass: 5764K(5824K)->5764K(5824K) Class: 533K(640K)->533K(640K)
[21.140s][info][gc             ] GC(191) Pause Full (Ergonomics) 2996M->2929M(3373M) 1212.707ms
[21.140s][info][gc,cpu         ] GC(191) User=7.62s Sys=0.14s Real=1.21s
[21.182s][info][gc,start       ] GC(192) Pause Young (Allocation Failure)
[21.224s][info][gc,heap        ] GC(192) PSYoungGen: 44032K(177664K)->44224K(88576K) Eden: 44032K(44032K)->0K(44032K) From: 0K(133632K)->44224K(44544K)
[21.224s][info][gc,heap        ] GC(192) ParOldGen: 3000197K(3276288K)->3000197K(3276288K)
[21.224s][info][gc,metaspace   ] GC(192) Metaspace: 6298K(6464K)->6298K(6464K) NonClass: 5764K(5824K)->5764K(5824K) Class: 533K(640K)->533K(640K)
[21.224s][info][gc             ] GC(192) Pause Young (Allocation Failure) 2972M->2973M(3286M) 42.180ms
[21.224s][info][gc,cpu         ] GC(192) User=0.05s Sys=0.00s Real=0.04s
[21.266s][info][gc,start       ] GC(193) Pause Young (Allocation Failure)
[21.332s][info][gc,heap        ] GC(193) PSYoungGen: 88256K(88576K)->88320K(169984K) Eden: 44032K(44032K)->0K(42496K) From: 44224K(44544K)->88320K(127488K)
[21.332s][info][gc,heap        ] GC(193) ParOldGen: 3000197K(3276288K)->3000197K(3276288K)
[21.332s][info][gc,metaspace   ] GC(193) Metaspace: 6298K(6464K)->6298K(6464K) NonClass: 5764K(5824K)->5764K(5824K) Class: 533K(640K)->533K(640K)
[21.332s][info][gc             ] GC(193) Pause Young (Allocation Failure) 3016M->3016M(3365M) 66.125ms
[21.332s][info][gc,cpu         ] GC(193) User=0.28s Sys=0.00s Real=0.06s
[21.374s][info][gc,start       ] GC(194) Pause Young (Allocation Failure)
[21.445s][info][gc,heap        ] GC(194) PSYoungGen: 130816K(169984K)->130848K(175616K) Eden: 42496K(42496K)->0K(42496K) From: 88320K(127488K)->130848K(133120K)
[21.445s][info][gc,heap        ] GC(194) ParOldGen: 3000197K(3276288K)->3000197K(3276288K)
[21.445s][info][gc,metaspace   ] GC(194) Metaspace: 6298K(6464K)->6298K(6464K) NonClass: 5764K(5824K)->5764K(5824K) Class: 533K(640K)->533K(640K)
[21.445s][info][gc             ] GC(194) Pause Young (Allocation Failure) 3057M->3057M(3371M) 71.327ms
[21.445s][info][gc,cpu         ] GC(194) User=0.19s Sys=0.00s Real=0.07s
[21.490s][info][gc,start       ] GC(195) Pause Young (Allocation Failure)
[21.595s][info][gc,heap        ] GC(195) PSYoungGen: 173344K(175616K)->153088K(168448K) Eden: 42496K(42496K)->0K(15360K) From: 130848K(133120K)->153088K(153088K)
[21.595s][info][gc,heap        ] GC(195) ParOldGen: 3000197K(3276288K)->3020573K(3276288K)
[21.595s][info][gc,metaspace   ] GC(195) Metaspace: 6298K(6464K)->6298K(6464K) NonClass: 5764K(5824K)->5764K(5824K) Class: 533K(640K)->533K(640K)
[21.595s][info][gc             ] GC(195) Pause Young (Allocation Failure) 3099M->3099M(3364M) 105.324ms
[21.595s][info][gc,cpu         ] GC(195) User=0.42s Sys=0.31s Real=0.11s
[21.614s][info][gc,start       ] GC(196) Pause Young (Allocation Failure)
[21.717s][info][gc,heap        ] GC(196) PSYoungGen: 168448K(168448K)->94144K(109568K) Eden: 15360K(15360K)->0K(15360K) From: 153088K(153088K)->94144K(94208K)
[21.717s][info][gc,heap        ] GC(196) ParOldGen: 3020573K(3276288K)->3095565K(3276288K)
[21.717s][info][gc,metaspace   ] GC(196) Metaspace: 6298K(6464K)->6298K(6464K) NonClass: 5764K(5824K)->5764K(5824K) Class: 533K(640K)->533K(640K)
[21.717s][info][gc             ] GC(196) Pause Young (Allocation Failure) 3114M->3114M(3306M) 103.462ms
[21.717s][info][gc,cpu         ] GC(196) User=0.45s Sys=0.20s Real=0.10s
[21.734s][info][gc,start       ] GC(197) Pause Young (Allocation Failure)
[21.818s][info][gc,heap        ] GC(197) PSYoungGen: 109504K(109568K)->30848K(194048K) Eden: 15360K(15360K)->0K(17920K) From: 94144K(94208K)->30848K(176128K)
[21.818s][info][gc,heap        ] GC(197) ParOldGen: 3095565K(3276288K)->3174765K(3276288K)
[21.818s][info][gc,metaspace   ] GC(197) Metaspace: 6298K(6464K)->6298K(6464K) NonClass: 5764K(5824K)->5764K(5824K) Class: 533K(640K)->533K(640K)
[21.818s][info][gc             ] GC(197) Pause Young (Allocation Failure) 3129M->3130M(3389M) 83.330ms
[21.818s][info][gc,cpu         ] GC(197) User=0.30s Sys=0.34s Real=0.08s
[21.838s][info][gc,start       ] GC(198) Pause Young (Allocation Failure)
[21.891s][info][gc,heap        ] GC(198) PSYoungGen: 48768K(194048K)->18048K(196096K) Eden: 17920K(17920K)->0K(17920K) From: 30848K(176128K)->18048K(178176K)
[21.891s][info][gc,heap        ] GC(198) ParOldGen: 3174765K(3276288K)->3205749K(3276288K)
[21.891s][info][gc,metaspace   ] GC(198) Metaspace: 6298K(6464K)->6298K(6464K) NonClass: 5764K(5824K)->5764K(5824K) Class: 533K(640K)->533K(640K)
[21.891s][info][gc             ] GC(198) Pause Young (Allocation Failure) 3147M->3148M(3391M) 53.000ms
[21.891s][info][gc,cpu         ] GC(198) User=0.08s Sys=0.08s Real=0.05s
[21.891s][info][gc,start       ] GC(199) Pause Full (Ergonomics)
[21.891s][info][gc,phases,start] GC(199) Marking Phase
[22.619s][info][gc,phases      ] GC(199) Marking Phase 727.581ms
[22.619s][info][gc,phases,start] GC(199) Summary Phase
[22.619s][info][gc,phases      ] GC(199) Summary Phase 0.079ms
[22.619s][info][gc,phases,start] GC(199) Adjust Roots
[22.619s][info][gc,phases      ] GC(199) Adjust Roots 0.236ms
[22.619s][info][gc,phases,start] GC(199) Compaction Phase
[22.920s][info][gc,phases      ] GC(199) Compaction Phase 300.334ms
[22.920s][info][gc,phases,start] GC(199) Post Compact
[22.926s][info][gc,phases      ] GC(199) Post Compact 5.975ms
[22.928s][info][gc,heap        ] GC(199) PSYoungGen: 18048K(196096K)->0K(197120K) Eden: 0K(17920K)->0K(20480K) From: 18048K(178176K)->0K(176640K)
[22.928s][info][gc,heap        ] GC(199) ParOldGen: 3205749K(3276288K)->3221673K(3543552K)
[22.928s][info][gc,metaspace   ] GC(199) Metaspace: 6298K(6464K)->6298K(6464K) NonClass: 5764K(5824K)->5764K(5824K) Class: 533K(640K)->533K(640K)
[22.928s][info][gc             ] GC(199) Pause Full (Ergonomics) 3148M->3146M(3653M) 1036.799ms
[22.928s][info][gc,cpu         ] GC(199) User=7.20s Sys=0.03s Real=1.04s
[22.951s][info][gc,start       ] GC(200) Pause Young (Allocation Failure)
[22.985s][info][gc,heap        ] GC(200) PSYoungGen: 20480K(197120K)->20608K(41472K) Eden: 20480K(20480K)->0K(20480K) From: 0K(176640K)->20608K(20992K)
[22.985s][info][gc,heap        ] GC(200) ParOldGen: 3221673K(3543552K)->3221673K(3543552K)
[22.985s][info][gc,metaspace   ] GC(200) Metaspace: 6298K(6464K)->6298K(6464K) NonClass: 5764K(5824K)->5764K(5824K) Class: 533K(640K)->533K(640K)
[22.985s][info][gc             ] GC(200) Pause Young (Allocation Failure) 3166M->3166M(3501M) 34.513ms
[22.985s][info][gc,cpu         ] GC(200) User=0.05s Sys=0.00s Real=0.04s
[23.005s][info][gc,start       ] GC(201) Pause Young (Allocation Failure)
[23.057s][info][gc,heap        ] GC(201) PSYoungGen: 41088K(41472K)->20608K(188416K) Eden: 20480K(20480K)->0K(23040K) From: 20608K(20992K)->20608K(165376K)
[23.057s][info][gc,heap        ] GC(201) ParOldGen: 3221673K(3543552K)->3242345K(3543552K)
[23.057s][info][gc,metaspace   ] GC(201) Metaspace: 6298K(6464K)->6298K(6464K) NonClass: 5764K(5824K)->5764K(5824K) Class: 533K(640K)->533K(640K)
[23.057s][info][gc             ] GC(201) Pause Young (Allocation Failure) 3186M->3186M(3644M) 51.392ms
[23.057s][info][gc,cpu         ] GC(201) User=0.03s Sys=0.03s Real=0.05s
[23.080s][info][gc,start       ] GC(202) Pause Young (Allocation Failure)
[23.125s][info][gc,heap        ] GC(202) PSYoungGen: 43648K(188416K)->23232K(46592K) Eden: 23040K(23040K)->0K(23040K) From: 20608K(165376K)->23232K(23552K)
[23.125s][info][gc,heap        ] GC(202) ParOldGen: 3242345K(3543552K)->3263009K(3543552K)
[23.125s][info][gc,metaspace   ] GC(202) Metaspace: 6298K(6464K)->6298K(6464K) NonClass: 5764K(5824K)->5764K(5824K) Class: 533K(640K)->533K(640K)
[23.125s][info][gc             ] GC(202) Pause Young (Allocation Failure) 3208M->3209M(3506M) 44.621ms
[23.125s][info][gc,cpu         ] GC(202) User=0.03s Sys=0.00s Real=0.05s
[23.148s][info][gc,start       ] GC(203) Pause Young (Allocation Failure)
[23.200s][info][gc,heap        ] GC(203) PSYoungGen: 46272K(46592K)->23200K(179200K) Eden: 23040K(23040K)->0K(26112K) From: 23232K(23552K)->23200K(153088K)
[23.200s][info][gc,heap        ] GC(203) ParOldGen: 3263009K(3543552K)->3286281K(3543552K)
[23.200s][info][gc,metaspace   ] GC(203) Metaspace: 6298K(6464K)->6298K(6464K) NonClass: 5764K(5824K)->5764K(5824K) Class: 533K(640K)->533K(640K)
[23.200s][info][gc             ] GC(203) Pause Young (Allocation Failure) 3231M->3231M(3635M) 52.284ms
[23.200s][info][gc,cpu         ] GC(203) User=0.06s Sys=0.08s Real=0.05s
[23.226s][info][gc,start       ] GC(204) Pause Young (Allocation Failure)
[23.275s][info][gc,heap        ] GC(204) PSYoungGen: 49312K(179200K)->26272K(52736K) Eden: 26112K(26112K)->0K(26112K) From: 23200K(153088K)->26272K(26624K)
[23.275s][info][gc,heap        ] GC(204) ParOldGen: 3286281K(3543552K)->3309529K(3543552K)
[23.275s][info][gc,metaspace   ] GC(204) Metaspace: 6298K(6464K)->6298K(6464K) NonClass: 5764K(5824K)->5764K(5824K) Class: 533K(640K)->533K(640K)
[23.275s][info][gc             ] GC(204) Pause Young (Allocation Failure) 3257M->3257M(3512M) 48.902ms
[23.275s][info][gc,cpu         ] GC(204) User=0.11s Sys=0.06s Real=0.05s
[23.302s][info][gc,start       ] GC(205) Pause Young (Allocation Failure)
[23.357s][info][gc,heap        ] GC(205) PSYoungGen: 52384K(52736K)->26240K(168960K) Eden: 26112K(26112K)->0K(29696K) From: 26272K(26624K)->26240K(139264K)
[23.357s][info][gc,heap        ] GC(205) ParOldGen: 3309529K(3543552K)->3335873K(3543552K)
[23.357s][info][gc,metaspace   ] GC(205) Metaspace: 6298K(6464K)->6298K(6464K) NonClass: 5764K(5824K)->5764K(5824K) Class: 533K(640K)->533K(640K)
[23.357s][info][gc             ] GC(205) Pause Young (Allocation Failure) 3283M->3283M(3625M) 54.316ms
[23.357s][info][gc,cpu         ] GC(205) User=0.09s Sys=0.08s Real=0.05s
[23.390s][info][gc,start       ] GC(206) Pause Young (Allocation Failure)
[23.443s][info][gc,heap        ] GC(206) PSYoungGen: 55936K(168960K)->29888K(59904K) Eden: 29696K(29696K)->0K(29696K) From: 26240K(139264K)->29888K(30208K)
[23.443s][info][gc,heap        ] GC(206) ParOldGen: 3335873K(3543552K)->3362217K(3543552K)
[23.443s][info][gc,metaspace   ] GC(206) Metaspace: 6298K(6464K)->6298K(6464K) NonClass: 5764K(5824K)->5764K(5824K) Class: 533K(640K)->533K(640K)
[23.443s][info][gc             ] GC(206) Pause Young (Allocation Failure) 3312M->3312M(3519M) 52.891ms
[23.443s][info][gc,cpu         ] GC(206) User=0.17s Sys=0.05s Real=0.05s
[23.475s][info][gc,start       ] GC(207) Pause Young (Allocation Failure)
[23.530s][info][gc,heap        ] GC(207) PSYoungGen: 59584K(59904K)->29824K(159232K) Eden: 29696K(29696K)->0K(33792K) From: 29888K(30208K)->29824K(125440K)
[23.530s][info][gc,heap        ] GC(207) ParOldGen: 3362217K(3543552K)->3392185K(3543552K)
[23.530s][info][gc,metaspace   ] GC(207) Metaspace: 6298K(6464K)->6298K(6464K) NonClass: 5764K(5824K)->5764K(5824K) Class: 533K(640K)->533K(640K)
[23.530s][info][gc             ] GC(207) Pause Young (Allocation Failure) 3341M->3341M(3616M) 55.003ms
[23.530s][info][gc,cpu         ] GC(207) User=0.16s Sys=0.00s Real=0.05s
[23.569s][info][gc,start       ] GC(208) Pause Young (Allocation Failure)
[23.625s][info][gc,heap        ] GC(208) PSYoungGen: 63616K(159232K)->33984K(68096K) Eden: 33792K(33792K)->0K(33792K) From: 29824K(125440K)->33984K(34304K)
[23.625s][info][gc,heap        ] GC(208) ParOldGen: 3392185K(3543552K)->3422137K(3543552K)
[23.625s][info][gc,metaspace   ] GC(208) Metaspace: 6298K(6464K)->6298K(6464K) NonClass: 5764K(5824K)->5764K(5824K) Class: 533K(640K)->533K(640K)
[23.625s][info][gc             ] GC(208) Pause Young (Allocation Failure) 3374M->3375M(3527M) 55.447ms
[23.625s][info][gc,cpu         ] GC(208) User=0.17s Sys=0.09s Real=0.06s
[23.657s][info][gc,start       ] GC(209) Pause Young (Allocation Failure)
[23.713s][info][gc,heap        ] GC(209) PSYoungGen: 67776K(68096K)->33952K(150016K) Eden: 33792K(33792K)->0K(38400K) From: 33984K(34304K)->33952K(111616K)
[23.713s][info][gc,heap        ] GC(209) ParOldGen: 3422137K(3543552K)->3456217K(3543552K)
[23.713s][info][gc,metaspace   ] GC(209) Metaspace: 6298K(6464K)->6298K(6464K) NonClass: 5764K(5824K)->5764K(5824K) Class: 533K(640K)->533K(640K)
[23.713s][info][gc             ] GC(209) Pause Young (Allocation Failure) 3408M->3408M(3607M) 55.369ms
[23.713s][info][gc,cpu         ] GC(209) User=0.19s Sys=0.09s Real=0.06s
[23.749s][info][gc,start       ] GC(210) Pause Young (Allocation Failure)
[23.811s][info][gc,heap        ] GC(210) PSYoungGen: 72352K(150016K)->38624K(77312K) Eden: 38400K(38400K)->0K(38400K) From: 33952K(111616K)->38624K(38912K)
[23.811s][info][gc,heap        ] GC(210) ParOldGen: 3456217K(3543552K)->3490321K(3543552K)
[23.811s][info][gc,metaspace   ] GC(210) Metaspace: 6298K(6464K)->6298K(6464K) NonClass: 5764K(5824K)->5764K(5824K) Class: 533K(640K)->533K(640K)
[23.811s][info][gc             ] GC(210) Pause Young (Allocation Failure) 3445M->3446M(3536M) 62.485ms
[23.811s][info][gc,cpu         ] GC(210) User=0.12s Sys=0.08s Real=0.06s
[23.849s][info][gc,start       ] GC(211) Pause Young (Allocation Failure)
[23.910s][info][gc,heap        ] GC(211) PSYoungGen: 77024K(77312K)->38592K(141312K) Eden: 38400K(38400K)->0K(43520K) From: 38624K(38912K)->38592K(97792K)
[23.910s][info][gc,heap        ] GC(211) ParOldGen: 3490321K(3543552K)->3529057K(3543552K)
[23.910s][info][gc,metaspace   ] GC(211) Metaspace: 6298K(6464K)->6298K(6464K) NonClass: 5764K(5824K)->5764K(5824K) Class: 533K(640K)->533K(640K)
[23.910s][info][gc             ] GC(211) Pause Young (Allocation Failure) 3483M->3484M(3598M) 60.974ms
[23.910s][info][gc,cpu         ] GC(211) User=0.19s Sys=0.19s Real=0.06s
[23.910s][info][gc,start       ] GC(212) Pause Full (Ergonomics)
[23.910s][info][gc,phases,start] GC(212) Marking Phase
[24.731s][info][gc,phases      ] GC(212) Marking Phase 821.417ms
[24.732s][info][gc,phases,start] GC(212) Summary Phase
[24.732s][info][gc,phases      ] GC(212) Summary Phase 0.072ms
[24.732s][info][gc,phases,start] GC(212) Adjust Roots
[24.732s][info][gc,phases      ] GC(212) Adjust Roots 0.259ms
[24.732s][info][gc,phases,start] GC(212) Compaction Phase
[25.489s][info][gc,phases      ] GC(212) Compaction Phase 757.213ms
[25.489s][info][gc,phases,start] GC(212) Post Compact
[25.496s][info][gc,phases      ] GC(212) Post Compact 6.718ms
[25.497s][info][gc,heap        ] GC(212) PSYoungGen: 38592K(141312K)->21020K(146944K) Eden: 0K(43520K)->0K(49152K) From: 38592K(97792K)->21020K(97792K)
[25.497s][info][gc,heap        ] GC(212) ParOldGen: 3529057K(3543552K)->3543321K(3823104K)
[25.497s][info][gc,metaspace   ] GC(212) Metaspace: 6298K(6464K)->6298K(6464K) NonClass: 5764K(5824K)->5764K(5824K) Class: 533K(640K)->533K(640K)
[25.497s][info][gc             ] GC(212) Pause Full (Ergonomics) 3484M->3480M(3877M) 1587.044ms
[25.497s][info][gc,cpu         ] GC(212) User=10.23s Sys=0.08s Real=1.59s
[25.550s][info][gc,start       ] GC(213) Pause Young (Allocation Failure)
[25.745s][info][gc,heap        ] GC(213) PSYoungGen: 70172K(146944K)->49344K(153600K) Eden: 49152K(49152K)->0K(49152K) From: 21020K(97792K)->49344K(104448K)
[25.745s][info][gc,heap        ] GC(213) ParOldGen: 3543321K(3823104K)->3564561K(3823104K)
[25.745s][info][gc,metaspace   ] GC(213) Metaspace: 6298K(6464K)->6298K(6464K) NonClass: 5764K(5824K)->5764K(5824K) Class: 533K(640K)->533K(640K)
[25.745s][info][gc             ] GC(213) Pause Young (Allocation Failure) 3528M->3529M(3883M) 195.386ms
[25.745s][info][gc,cpu         ] GC(213) User=1.25s Sys=0.06s Real=0.20s
[25.799s][info][gc,start       ] GC(214) Pause Young (Allocation Failure)
[25.865s][info][gc,heap        ] GC(214) PSYoungGen: 98496K(153600K)->98624K(140800K) Eden: 49152K(49152K)->0K(39424K) From: 49344K(104448K)->98624K(101376K)
[25.865s][info][gc,heap        ] GC(214) ParOldGen: 3564561K(3823104K)->3564561K(3823104K)
[25.865s][info][gc,metaspace   ] GC(214) Metaspace: 6298K(6464K)->6298K(6464K) NonClass: 5764K(5824K)->5764K(5824K) Class: 533K(640K)->533K(640K)
[25.865s][info][gc             ] GC(214) Pause Young (Allocation Failure) 3577M->3577M(3871M) 66.179ms
[25.865s][info][gc,cpu         ] GC(214) User=0.27s Sys=0.00s Real=0.06s
[25.908s][info][gc,start       ] GC(215) Pause Young (Allocation Failure)
[25.996s][info][gc,heap        ] GC(215) PSYoungGen: 138048K(140800K)->88864K(155648K) Eden: 39424K(39424K)->0K(39424K) From: 98624K(101376K)->88864K(116224K)
[25.996s][info][gc,heap        ] GC(215) ParOldGen: 3564561K(3823104K)->3614153K(3823104K)
[25.996s][info][gc,metaspace   ] GC(215) Metaspace: 6298K(6464K)->6298K(6464K) NonClass: 5764K(5824K)->5764K(5824K) Class: 533K(640K)->533K(640K)
[25.996s][info][gc             ] GC(215) Pause Young (Allocation Failure) 3615M->3616M(3885M) 87.453ms
[25.996s][info][gc,cpu         ] GC(215) User=0.41s Sys=0.17s Real=0.09s
[26.035s][info][gc,start       ] GC(216) Pause Young (Allocation Failure)
[26.118s][info][gc,heap        ] GC(216) PSYoungGen: 128288K(155648K)->79104K(166400K) Eden: 39424K(39424K)->0K(41472K) From: 88864K(116224K)->79104K(124928K)
[26.118s][info][gc,heap        ] GC(216) ParOldGen: 3614153K(3823104K)->3663753K(3823104K)
[26.118s][info][gc,metaspace   ] GC(216) Metaspace: 6298K(6464K)->6298K(6464K) NonClass: 5764K(5824K)->5764K(5824K) Class: 533K(640K)->533K(640K)
[26.118s][info][gc             ] GC(216) Pause Young (Allocation Failure) 3654M->3655M(3896M) 82.657ms
[26.118s][info][gc,cpu         ] GC(216) User=0.34s Sys=0.19s Real=0.08s
[26.161s][info][gc,start       ] GC(217) Pause Young (Allocation Failure)
[26.236s][info][gc,heap        ] GC(217) PSYoungGen: 120576K(166400K)->81152K(168960K) Eden: 41472K(41472K)->0K(41472K) From: 79104K(124928K)->81152K(127488K)
[26.237s][info][gc,heap        ] GC(217) ParOldGen: 3663753K(3823104K)->3703537K(3823104K)
[26.237s][info][gc,metaspace   ] GC(217) Metaspace: 6298K(6464K)->6298K(6464K) NonClass: 5764K(5824K)->5764K(5824K) Class: 533K(640K)->533K(640K)
[26.237s][info][gc             ] GC(217) Pause Young (Allocation Failure) 3695M->3695M(3898M) 75.720ms
[26.237s][info][gc,cpu         ] GC(217) User=0.34s Sys=0.14s Real=0.08s
[26.276s][info][gc,start       ] GC(218) Pause Young (Allocation Failure)
[26.363s][info][gc,heap        ] GC(218) PSYoungGen: 122624K(168960K)->83168K(174592K) Eden: 41472K(41472K)->0K(44544K) From: 81152K(127488K)->83168K(130048K)
[26.363s][info][gc,heap        ] GC(218) ParOldGen: 3703537K(3823104K)->3743321K(3823104K)
[26.363s][info][gc,metaspace   ] GC(218) Metaspace: 6298K(6464K)->6298K(6464K) NonClass: 5764K(5824K)->5764K(5824K) Class: 533K(640K)->533K(640K)
[26.363s][info][gc             ] GC(218) Pause Young (Allocation Failure) 3736M->3736M(3904M) 87.297ms
[26.363s][info][gc,cpu         ] GC(218) User=0.39s Sys=0.23s Real=0.09s
[26.413s][info][gc,start       ] GC(219) Pause Young (Allocation Failure)
[26.552s][info][gc,promotion   ] GC(219) Promotion failed
[26.553s][info][gc,heap        ] GC(219) PSYoungGen: 127712K(174592K)->127712K(174592K) Eden: 44544K(44544K)->44544K(44544K) From: 83168K(130048K)->83168K(130048K)
[26.553s][info][gc,heap        ] GC(219) ParOldGen: 3743321K(3823104K)->3823097K(3823104K)
[26.553s][info][gc,metaspace   ] GC(219) Metaspace: 6298K(6464K)->6298K(6464K) NonClass: 5764K(5824K)->5764K(5824K) Class: 533K(640K)->533K(640K)
[26.553s][info][gc             ] GC(219) Pause Young (Allocation Failure) 3780M->3858M(3904M) 139.298ms
[26.553s][info][gc,cpu         ] GC(219) User=0.39s Sys=0.36s Real=0.14s
[26.553s][info][gc,start       ] GC(220) Pause Full (Ergonomics)
[26.553s][info][gc,phases,start] GC(220) Marking Phase
[27.452s][info][gc,phases      ] GC(220) Marking Phase 899.267ms
[27.452s][info][gc,phases,start] GC(220) Summary Phase
[27.452s][info][gc,phases      ] GC(220) Summary Phase 0.094ms
[27.452s][info][gc,phases,start] GC(220) Adjust Roots
[27.452s][info][gc,phases      ] GC(220) Adjust Roots 0.280ms
[27.452s][info][gc,phases,start] GC(220) Compaction Phase
[27.842s][info][gc,phases      ] GC(220) Compaction Phase 389.921ms
[27.843s][info][gc,phases,start] GC(220) Post Compact
[27.851s][info][gc,phases      ] GC(220) Post Compact 8.609ms
[27.851s][info][gc,heap        ] GC(220) PSYoungGen: 127712K(174592K)->45765K(174592K) Eden: 44544K(44544K)->0K(44544K) From: 83168K(130048K)->45765K(130048K)
[27.851s][info][gc,heap        ] GC(220) ParOldGen: 3823097K(3823104K)->3822994K(3823104K)
[27.851s][info][gc,metaspace   ] GC(220) Metaspace: 6298K(6464K)->6298K(6464K) NonClass: 5764K(5824K)->5764K(5824K) Class: 533K(640K)->533K(640K)
[27.851s][info][gc             ] GC(220) Pause Full (Ergonomics) 3858M->3778M(3904M) 1298.699ms
[27.851s][info][gc,cpu         ] GC(220) User=8.80s Sys=0.02s Real=1.30s
[27.900s][info][gc,start       ] GC(221) Pause Full (Ergonomics)
[27.900s][info][gc,phases,start] GC(221) Marking Phase
[28.819s][info][gc,phases      ] GC(221) Marking Phase 919.178ms
[28.819s][info][gc,phases,start] GC(221) Summary Phase
[28.820s][info][gc,phases      ] GC(221) Summary Phase 0.048ms
[28.820s][info][gc,phases,start] GC(221) Adjust Roots
[28.820s][info][gc,phases      ] GC(221) Adjust Roots 0.172ms
[28.820s][info][gc,phases,start] GC(221) Compaction Phase
[29.137s][info][gc,phases      ] GC(221) Compaction Phase 317.640ms
[29.137s][info][gc,phases,start] GC(221) Post Compact
[29.145s][info][gc,phases      ] GC(221) Post Compact 8.012ms
[29.146s][info][gc,heap        ] GC(221) PSYoungGen: 90309K(174592K)->90275K(174592K) Eden: 44544K(44544K)->44510K(44544K) From: 45765K(130048K)->45765K(130048K)
[29.146s][info][gc,heap        ] GC(221) ParOldGen: 3822994K(3823104K)->3822994K(3823104K)
[29.146s][info][gc,metaspace   ] GC(221) Metaspace: 6298K(6464K)->6298K(6464K) NonClass: 5764K(5824K)->5764K(5824K) Class: 533K(640K)->533K(640K)
[29.146s][info][gc             ] GC(221) Pause Full (Ergonomics) 3821M->3821M(3904M) 1245.473ms
[29.146s][info][gc,cpu         ] GC(221) User=8.67s Sys=0.00s Real=1.25s
[29.146s][info][gc,start       ] GC(222) Pause Full (Ergonomics)
[29.146s][info][gc,phases,start] GC(222) Marking Phase
[30.072s][info][gc,phases      ] GC(222) Marking Phase 925.794ms
[30.072s][info][gc,phases,start] GC(222) Summary Phase
[30.072s][info][gc,phases      ] GC(222) Summary Phase 0.070ms
[30.072s][info][gc,phases,start] GC(222) Adjust Roots
[30.072s][info][gc,phases      ] GC(222) Adjust Roots 0.238ms
[30.072s][info][gc,phases,start] GC(222) Compaction Phase
[30.354s][info][gc,phases      ] GC(222) Compaction Phase 282.366ms
[30.355s][info][gc,phases,start] GC(222) Post Compact
[30.362s][info][gc,phases      ] GC(222) Post Compact 7.955ms
[30.363s][info][gc,heap        ] GC(222) PSYoungGen: 90309K(174592K)->90308K(174592K) Eden: 44544K(44544K)->44543K(44544K) From: 45765K(130048K)->45765K(130048K)
[30.363s][info][gc,heap        ] GC(222) ParOldGen: 3822994K(3823104K)->3822994K(3823104K)
[30.363s][info][gc,metaspace   ] GC(222) Metaspace: 6298K(6464K)->6298K(6464K) NonClass: 5764K(5824K)->5764K(5824K) Class: 533K(640K)->533K(640K)
[30.363s][info][gc             ] GC(222) Pause Full (Ergonomics) 3821M->3821M(3904M) 1216.786ms
[30.363s][info][gc,cpu         ] GC(222) User=8.50s Sys=0.02s Real=1.22s
[30.363s][info][gc,start       ] GC(223) Pause Full (Ergonomics)
[30.363s][info][gc,phases,start] GC(223) Marking Phase
[31.270s][info][gc,phases      ] GC(223) Marking Phase 907.489ms
[31.270s][info][gc,phases,start] GC(223) Summary Phase
[31.271s][info][gc,phases      ] GC(223) Summary Phase 0.081ms
[31.271s][info][gc,phases,start] GC(223) Adjust Roots
[31.271s][info][gc,phases      ] GC(223) Adjust Roots 0.334ms
[31.271s][info][gc,phases,start] GC(223) Compaction Phase
[31.565s][info][gc,phases      ] GC(223) Compaction Phase 294.144ms
[31.565s][info][gc,phases,start] GC(223) Post Compact
[31.573s][info][gc,phases      ] GC(223) Post Compact 7.953ms
[31.573s][info][gc,heap        ] GC(223) PSYoungGen: 90309K(174592K)->90309K(174592K) Eden: 44544K(44544K)->44544K(44544K) From: 45765K(130048K)->45765K(130048K)
[31.573s][info][gc,heap        ] GC(223) ParOldGen: 3822994K(3823104K)->3822994K(3823104K)
[31.573s][info][gc,metaspace   ] GC(223) Metaspace: 6298K(6464K)->6298K(6464K) NonClass: 5764K(5824K)->5764K(5824K) Class: 533K(640K)->533K(640K)
[31.573s][info][gc             ] GC(223) Pause Full (Ergonomics) 3821M->3821M(3904M) 1210.440ms
[31.573s][info][gc,cpu         ] GC(223) User=8.42s Sys=0.02s Real=1.21s
[31.573s][info][gc,start       ] GC(224) Pause Full (Ergonomics)
[31.574s][info][gc,phases,start] GC(224) Marking Phase
[32.481s][info][gc,phases      ] GC(224) Marking Phase 907.406ms
[32.481s][info][gc,phases,start] GC(224) Summary Phase
[32.481s][info][gc,phases      ] GC(224) Summary Phase 0.092ms
[32.481s][info][gc,phases,start] GC(224) Adjust Roots
[32.481s][info][gc,phases      ] GC(224) Adjust Roots 0.274ms
[32.481s][info][gc,phases,start] GC(224) Compaction Phase
[32.806s][info][gc,phases      ] GC(224) Compaction Phase 324.373ms
[32.806s][info][gc,phases,start] GC(224) Post Compact
[32.815s][info][gc,phases      ] GC(224) Post Compact 9.378ms
[32.815s][info][gc,heap        ] GC(224) PSYoungGen: 90309K(174592K)->90309K(174592K) Eden: 44544K(44544K)->44544K(44544K) From: 45765K(130048K)->45765K(130048K)
[32.815s][info][gc,heap        ] GC(224) ParOldGen: 3822999K(3823104K)->3822999K(3823104K)
[32.815s][info][gc,metaspace   ] GC(224) Metaspace: 6298K(6464K)->6298K(6464K) NonClass: 5764K(5824K)->5764K(5824K) Class: 533K(640K)->533K(640K)
[32.815s][info][gc             ] GC(224) Pause Full (Ergonomics) 3821M->3821M(3904M) 1241.993ms
[32.815s][info][gc,cpu         ] GC(224) User=8.59s Sys=0.00s Real=1.24s
[32.816s][info][gc,start       ] GC(225) Pause Full (Ergonomics)
[32.816s][info][gc,phases,start] GC(225) Marking Phase
[33.735s][info][gc,phases      ] GC(225) Marking Phase 919.002ms
[33.735s][info][gc,phases,start] GC(225) Summary Phase
[33.735s][info][gc,phases      ] GC(225) Summary Phase 0.056ms
[33.735s][info][gc,phases,start] GC(225) Adjust Roots
[33.735s][info][gc,phases      ] GC(225) Adjust Roots 0.251ms
[33.735s][info][gc,phases,start] GC(225) Compaction Phase
[34.019s][info][gc,phases      ] GC(225) Compaction Phase 283.508ms
[34.019s][info][gc,phases,start] GC(225) Post Compact
[34.027s][info][gc,phases      ] GC(225) Post Compact 7.863ms
[34.027s][info][gc,heap        ] GC(225) PSYoungGen: 90309K(174592K)->90309K(174592K) Eden: 44544K(44544K)->44544K(44544K) From: 45765K(130048K)->45765K(130048K)
[34.027s][info][gc,heap        ] GC(225) ParOldGen: 3823004K(3823104K)->3823004K(3823104K)
[34.027s][info][gc,metaspace   ] GC(225) Metaspace: 6298K(6464K)->6298K(6464K) NonClass: 5764K(5824K)->5764K(5824K) Class: 533K(640K)->533K(640K)
[34.027s][info][gc             ] GC(225) Pause Full (Ergonomics) 3821M->3821M(3904M) 1211.067ms
[34.027s][info][gc,cpu         ] GC(225) User=8.39s Sys=0.00s Real=1.21s
[34.027s][info][gc,start       ] GC(226) Pause Full (Ergonomics)
[34.027s][info][gc,phases,start] GC(226) Marking Phase
[34.917s][info][gc,phases      ] GC(226) Marking Phase 890.482ms
[34.918s][info][gc,phases,start] GC(226) Summary Phase
[34.918s][info][gc,phases      ] GC(226) Summary Phase 0.086ms
[34.918s][info][gc,phases,start] GC(226) Adjust Roots
[34.918s][info][gc,phases      ] GC(226) Adjust Roots 0.382ms
[34.918s][info][gc,phases,start] GC(226) Compaction Phase
[35.244s][info][gc,phases      ] GC(226) Compaction Phase 325.725ms
[35.244s][info][gc,phases,start] GC(226) Post Compact
[35.252s][info][gc,phases      ] GC(226) Post Compact 8.003ms
[35.252s][info][gc,heap        ] GC(226) PSYoungGen: 90309K(174592K)->90309K(174592K) Eden: 44544K(44544K)->44544K(44544K) From: 45765K(130048K)->45765K(130048K)
[35.252s][info][gc,heap        ] GC(226) ParOldGen: 3823009K(3823104K)->3823009K(3823104K)
[35.252s][info][gc,metaspace   ] GC(226) Metaspace: 6298K(6464K)->6298K(6464K) NonClass: 5764K(5824K)->5764K(5824K) Class: 533K(640K)->533K(640K)
[35.252s][info][gc             ] GC(226) Pause Full (Ergonomics) 3821M->3821M(3904M) 1225.134ms
[35.252s][info][gc,cpu         ] GC(226) User=8.50s Sys=0.02s Real=1.22s
[35.252s][info][gc,start       ] GC(227) Pause Full (Ergonomics)
[35.252s][info][gc,phases,start] GC(227) Marking Phase
[36.155s][info][gc,phases      ] GC(227) Marking Phase 902.619ms
[36.155s][info][gc,phases,start] GC(227) Summary Phase
[36.155s][info][gc,phases      ] GC(227) Summary Phase 0.068ms
[36.155s][info][gc,phases,start] GC(227) Adjust Roots
[36.155s][info][gc,phases      ] GC(227) Adjust Roots 0.289ms
[36.156s][info][gc,phases,start] GC(227) Compaction Phase
[36.471s][info][gc,phases      ] GC(227) Compaction Phase 315.757ms
[36.471s][info][gc,phases,start] GC(227) Post Compact
[36.480s][info][gc,phases      ] GC(227) Post Compact 8.220ms
[36.480s][info][gc,heap        ] GC(227) PSYoungGen: 90309K(174592K)->90309K(174592K) Eden: 44544K(44544K)->44544K(44544K) From: 45765K(130048K)->45765K(130048K)
[36.480s][info][gc,heap        ] GC(227) ParOldGen: 3823013K(3823104K)->3823013K(3823104K)
[36.480s][info][gc,metaspace   ] GC(227) Metaspace: 6298K(6464K)->6298K(6464K) NonClass: 5764K(5824K)->5764K(5824K) Class: 533K(640K)->533K(640K)
[36.480s][info][gc             ] GC(227) Pause Full (Ergonomics) 3821M->3821M(3904M) 1227.363ms
[36.480s][info][gc,cpu         ] GC(227) User=8.48s Sys=0.02s Real=1.23s
[36.480s][info][gc,start       ] GC(228) Pause Full (Ergonomics)
[36.480s][info][gc,phases,start] GC(228) Marking Phase
[37.390s][info][gc,phases      ] GC(228) Marking Phase 910.423ms
[37.390s][info][gc,phases,start] GC(228) Summary Phase
[37.391s][info][gc,phases      ] GC(228) Summary Phase 0.055ms
[37.391s][info][gc,phases,start] GC(228) Adjust Roots
[37.391s][info][gc,phases      ] GC(228) Adjust Roots 0.175ms
[37.391s][info][gc,phases,start] GC(228) Compaction Phase
[37.705s][info][gc,phases      ] GC(228) Compaction Phase 313.827ms
[37.705s][info][gc,phases,start] GC(228) Post Compact
[37.712s][info][gc,phases      ] GC(228) Post Compact 7.616ms
[37.712s][info][gc,heap        ] GC(228) PSYoungGen: 90309K(174592K)->90309K(174592K) Eden: 44544K(44544K)->44544K(44544K) From: 45765K(130048K)->45765K(130048K)
[37.712s][info][gc,heap        ] GC(228) ParOldGen: 3823018K(3823104K)->3823018K(3823104K)
[37.712s][info][gc,metaspace   ] GC(228) Metaspace: 6298K(6464K)->6298K(6464K) NonClass: 5764K(5824K)->5764K(5824K) Class: 533K(640K)->533K(640K)
[37.712s][info][gc             ] GC(228) Pause Full (Ergonomics) 3821M->3821M(3904M) 1232.471ms
[37.712s][info][gc,cpu         ] GC(228) User=8.67s Sys=0.02s Real=1.23s
[37.713s][info][gc,start       ] GC(229) Pause Full (Ergonomics)
[37.713s][info][gc,phases,start] GC(229) Marking Phase
[38.615s][info][gc,phases      ] GC(229) Marking Phase 902.641ms
[38.615s][info][gc,phases,start] GC(229) Summary Phase
[38.615s][info][gc,phases      ] GC(229) Summary Phase 0.069ms
[38.615s][info][gc,phases,start] GC(229) Adjust Roots
[38.616s][info][gc,phases      ] GC(229) Adjust Roots 0.198ms
[38.616s][info][gc,phases,start] GC(229) Compaction Phase
[38.943s][info][gc,phases      ] GC(229) Compaction Phase 326.908ms
[38.943s][info][gc,phases,start] GC(229) Post Compact
[38.952s][info][gc,phases      ] GC(229) Post Compact 8.898ms
[38.952s][info][gc,heap        ] GC(229) PSYoungGen: 90309K(174592K)->90309K(174592K) Eden: 44544K(44544K)->44544K(44544K) From: 45765K(130048K)->45765K(130048K)
[38.952s][info][gc,heap        ] GC(229) ParOldGen: 3823023K(3823104K)->3823023K(3823104K)
[38.952s][info][gc,metaspace   ] GC(229) Metaspace: 6298K(6464K)->6298K(6464K) NonClass: 5764K(5824K)->5764K(5824K) Class: 533K(640K)->533K(640K)
[38.952s][info][gc             ] GC(229) Pause Full (Ergonomics) 3821M->3821M(3904M) 1239.105ms
[38.952s][info][gc,cpu         ] GC(229) User=8.50s Sys=0.02s Real=1.24s
[38.952s][info][gc,start       ] GC(230) Pause Full (Ergonomics)
[38.952s][info][gc,phases,start] GC(230) Marking Phase
[39.872s][info][gc,phases      ] GC(230) Marking Phase 919.911ms
[39.872s][info][gc,phases,start] GC(230) Summary Phase
[39.872s][info][gc,phases      ] GC(230) Summary Phase 0.069ms
[39.872s][info][gc,phases,start] GC(230) Adjust Roots
[39.872s][info][gc,phases      ] GC(230) Adjust Roots 0.230ms
[39.872s][info][gc,phases,start] GC(230) Compaction Phase
[40.185s][info][gc,phases      ] GC(230) Compaction Phase 313.062ms
[40.185s][info][gc,phases,start] GC(230) Post Compact
[40.193s][info][gc,phases      ] GC(230) Post Compact 7.647ms
[40.193s][info][gc,heap        ] GC(230) PSYoungGen: 90309K(174592K)->90309K(174592K) Eden: 44544K(44544K)->44544K(44544K) From: 45765K(130048K)->45765K(130048K)
[40.193s][info][gc,heap        ] GC(230) ParOldGen: 3823028K(3823104K)->3823028K(3823104K)
[40.193s][info][gc,metaspace   ] GC(230) Metaspace: 6298K(6464K)->6298K(6464K) NonClass: 5764K(5824K)->5764K(5824K) Class: 533K(640K)->533K(640K)
[40.193s][info][gc             ] GC(230) Pause Full (Ergonomics) 3821M->3821M(3904M) 1241.312ms
[40.193s][info][gc,cpu         ] GC(230) User=8.81s Sys=0.00s Real=1.24s
[40.193s][info][gc,start       ] GC(231) Pause Full (Ergonomics)
[40.193s][info][gc,phases,start] GC(231) Marking Phase
[41.099s][info][gc,phases      ] GC(231) Marking Phase 905.891ms
[41.099s][info][gc,phases,start] GC(231) Summary Phase
[41.099s][info][gc,phases      ] GC(231) Summary Phase 0.053ms
[41.099s][info][gc,phases,start] GC(231) Adjust Roots
[41.100s][info][gc,phases      ] GC(231) Adjust Roots 0.205ms
[41.100s][info][gc,phases,start] GC(231) Compaction Phase
[41.420s][info][gc,phases      ] GC(231) Compaction Phase 320.674ms
[41.420s][info][gc,phases,start] GC(231) Post Compact
[41.428s][info][gc,phases      ] GC(231) Post Compact 7.929ms
[41.429s][info][gc,heap        ] GC(231) PSYoungGen: 90309K(174592K)->90309K(174592K) Eden: 44544K(44544K)->44544K(44544K) From: 45765K(130048K)->45765K(130048K)
[41.429s][info][gc,heap        ] GC(231) ParOldGen: 3823033K(3823104K)->3823033K(3823104K)
[41.429s][info][gc,metaspace   ] GC(231) Metaspace: 6298K(6464K)->6298K(6464K) NonClass: 5764K(5824K)->5764K(5824K) Class: 533K(640K)->533K(640K)
[41.429s][info][gc             ] GC(231) Pause Full (Ergonomics) 3821M->3821M(3904M) 1235.114ms
[41.429s][info][gc,cpu         ] GC(231) User=8.50s Sys=0.02s Real=1.24s
[41.429s][info][gc,start       ] GC(232) Pause Full (Ergonomics)
[41.429s][info][gc,phases,start] GC(232) Marking Phase
[42.355s][info][gc,phases      ] GC(232) Marking Phase 926.630ms
[42.355s][info][gc,phases,start] GC(232) Summary Phase
[42.356s][info][gc,phases      ] GC(232) Summary Phase 0.048ms
[42.356s][info][gc,phases,start] GC(232) Adjust Roots
[42.356s][info][gc,phases      ] GC(232) Adjust Roots 0.165ms
[42.356s][info][gc,phases,start] GC(232) Compaction Phase
[42.664s][info][gc,phases      ] GC(232) Compaction Phase 308.578ms
[42.664s][info][gc,phases,start] GC(232) Post Compact
[42.672s][info][gc,phases      ] GC(232) Post Compact 7.805ms
[42.672s][info][gc,heap        ] GC(232) PSYoungGen: 90309K(174592K)->90309K(174592K) Eden: 44544K(44544K)->44544K(44544K) From: 45765K(130048K)->45765K(130048K)
[42.672s][info][gc,heap        ] GC(232) ParOldGen: 3823038K(3823104K)->3823038K(3823104K)
[42.672s][info][gc,metaspace   ] GC(232) Metaspace: 6298K(6464K)->6298K(6464K) NonClass: 5764K(5824K)->5764K(5824K) Class: 533K(640K)->533K(640K)
[42.672s][info][gc             ] GC(232) Pause Full (Ergonomics) 3821M->3821M(3904M) 1243.564ms
[42.672s][info][gc,cpu         ] GC(232) User=8.78s Sys=0.00s Real=1.24s
[42.673s][info][gc,start       ] GC(233) Pause Full (Ergonomics)
[42.673s][info][gc,phases,start] GC(233) Marking Phase
[43.578s][info][gc,phases      ] GC(233) Marking Phase 905.506ms
[43.578s][info][gc,phases,start] GC(233) Summary Phase
[43.578s][info][gc,phases      ] GC(233) Summary Phase 0.079ms
[43.578s][info][gc,phases,start] GC(233) Adjust Roots
[43.578s][info][gc,phases      ] GC(233) Adjust Roots 0.188ms
[43.578s][info][gc,phases,start] GC(233) Compaction Phase
[43.891s][info][gc,phases      ] GC(233) Compaction Phase 312.193ms
[43.891s][info][gc,phases,start] GC(233) Post Compact
[43.898s][info][gc,phases      ] GC(233) Post Compact 7.652ms
[43.898s][info][gc,heap        ] GC(233) PSYoungGen: 90309K(174592K)->90309K(174592K) Eden: 44544K(44544K)->44544K(44544K) From: 45765K(130048K)->45765K(130048K)
[43.898s][info][gc,heap        ] GC(233) ParOldGen: 3823042K(3823104K)->3823042K(3823104K)
[43.898s][info][gc,metaspace   ] GC(233) Metaspace: 6298K(6464K)->6298K(6464K) NonClass: 5764K(5824K)->5764K(5824K) Class: 533K(640K)->533K(640K)
[43.899s][info][gc             ] GC(233) Pause Full (Ergonomics) 3821M->3821M(3904M) 1225.975ms
[43.899s][info][gc,cpu         ] GC(233) User=8.47s Sys=0.00s Real=1.23s
[43.899s][info][gc,start       ] GC(234) Pause Full (Ergonomics)
[43.899s][info][gc,phases,start] GC(234) Marking Phase
[44.806s][info][gc,phases      ] GC(234) Marking Phase 907.036ms
[44.806s][info][gc,phases,start] GC(234) Summary Phase
[44.806s][info][gc,phases      ] GC(234) Summary Phase 0.045ms
[44.806s][info][gc,phases,start] GC(234) Adjust Roots
[44.806s][info][gc,phases      ] GC(234) Adjust Roots 0.159ms
[44.806s][info][gc,phases,start] GC(234) Compaction Phase
[45.122s][info][gc,phases      ] GC(234) Compaction Phase 315.726ms
[45.122s][info][gc,phases,start] GC(234) Post Compact
[45.129s][info][gc,phases      ] GC(234) Post Compact 7.417ms
[45.129s][info][gc,heap        ] GC(234) PSYoungGen: 90309K(174592K)->90309K(174592K) Eden: 44544K(44544K)->44544K(44544K) From: 45765K(130048K)->45765K(130048K)
[45.129s][info][gc,heap        ] GC(234) ParOldGen: 3823047K(3823104K)->3823047K(3823104K)
[45.129s][info][gc,metaspace   ] GC(234) Metaspace: 6298K(6464K)->6298K(6464K) NonClass: 5764K(5824K)->5764K(5824K) Class: 533K(640K)->533K(640K)
[45.129s][info][gc             ] GC(234) Pause Full (Ergonomics) 3821M->3821M(3904M) 1230.763ms
[45.130s][info][gc,cpu         ] GC(234) User=8.59s Sys=0.00s Real=1.23s
[45.130s][info][gc,start       ] GC(235) Pause Full (Ergonomics)
[45.130s][info][gc,phases,start] GC(235) Marking Phase
[46.058s][info][gc,phases      ] GC(235) Marking Phase 927.899ms
[46.058s][info][gc,phases,start] GC(235) Summary Phase
[46.058s][info][gc,phases      ] GC(235) Summary Phase 0.087ms
[46.058s][info][gc,phases,start] GC(235) Adjust Roots
[46.058s][info][gc,phases      ] GC(235) Adjust Roots 0.316ms
[46.058s][info][gc,phases,start] GC(235) Compaction Phase
[46.386s][info][gc,phases      ] GC(235) Compaction Phase 327.534ms
[46.386s][info][gc,phases,start] GC(235) Post Compact
[46.394s][info][gc,phases      ] GC(235) Post Compact 8.582ms
[46.395s][info][gc,heap        ] GC(235) PSYoungGen: 90309K(174592K)->90309K(174592K) Eden: 44544K(44544K)->44544K(44544K) From: 45765K(130048K)->45765K(130048K)
[46.395s][info][gc,heap        ] GC(235) ParOldGen: 3823052K(3823104K)->3823052K(3823104K)
[46.395s][info][gc,metaspace   ] GC(235) Metaspace: 6298K(6464K)->6298K(6464K) NonClass: 5764K(5824K)->5764K(5824K) Class: 533K(640K)->533K(640K)
[46.395s][info][gc             ] GC(235) Pause Full (Ergonomics) 3821M->3821M(3904M) 1264.886ms
[46.395s][info][gc,cpu         ] GC(235) User=8.64s Sys=0.00s Real=1.26s
[46.395s][info][gc,start       ] GC(236) Pause Full (Ergonomics)
[46.395s][info][gc,phases,start] GC(236) Marking Phase
[47.352s][info][gc,phases      ] GC(236) Marking Phase 957.250ms
[47.352s][info][gc,phases,start] GC(236) Summary Phase
[47.352s][info][gc,phases      ] GC(236) Summary Phase 0.082ms
[47.352s][info][gc,phases,start] GC(236) Adjust Roots
[47.353s][info][gc,phases      ] GC(236) Adjust Roots 0.320ms
[47.353s][info][gc,phases,start] GC(236) Compaction Phase
[47.681s][info][gc,phases      ] GC(236) Compaction Phase 328.433ms
[47.681s][info][gc,phases,start] GC(236) Post Compact
[47.691s][info][gc,phases      ] GC(236) Post Compact 9.519ms
[47.691s][info][gc,heap        ] GC(236) PSYoungGen: 90309K(174592K)->90309K(174592K) Eden: 44544K(44544K)->44544K(44544K) From: 45765K(130048K)->45765K(130048K)
[47.691s][info][gc,heap        ] GC(236) ParOldGen: 3823057K(3823104K)->3823057K(3823104K)
[47.691s][info][gc,metaspace   ] GC(236) Metaspace: 6298K(6464K)->6298K(6464K) NonClass: 5764K(5824K)->5764K(5824K) Class: 533K(640K)->533K(640K)
[47.691s][info][gc             ] GC(236) Pause Full (Ergonomics) 3821M->3821M(3904M) 1296.079ms
[47.691s][info][gc,cpu         ] GC(236) User=8.11s Sys=0.00s Real=1.30s
[47.691s][info][gc,start       ] GC(237) Pause Full (Ergonomics)
[47.691s][info][gc,phases,start] GC(237) Marking Phase
[48.607s][info][gc,phases      ] GC(237) Marking Phase 916.202ms
[48.608s][info][gc,phases,start] GC(237) Summary Phase
[48.608s][info][gc,phases      ] GC(237) Summary Phase 0.105ms
[48.608s][info][gc,phases,start] GC(237) Adjust Roots
[48.608s][info][gc,phases      ] GC(237) Adjust Roots 0.305ms
[48.608s][info][gc,phases,start] GC(237) Compaction Phase
[48.930s][info][gc,phases      ] GC(237) Compaction Phase 321.721ms
[48.930s][info][gc,phases,start] GC(237) Post Compact
[48.938s][info][gc,phases      ] GC(237) Post Compact 8.184ms
[48.938s][info][gc,heap        ] GC(237) PSYoungGen: 90309K(174592K)->90309K(174592K) Eden: 44544K(44544K)->44544K(44544K) From: 45765K(130048K)->45765K(130048K)
[48.938s][info][gc,heap        ] GC(237) ParOldGen: 3823062K(3823104K)->3823062K(3823104K)
[48.938s][info][gc,metaspace   ] GC(237) Metaspace: 6298K(6464K)->6298K(6464K) NonClass: 5764K(5824K)->5764K(5824K) Class: 533K(640K)->533K(640K)
[48.938s][info][gc             ] GC(237) Pause Full (Ergonomics) 3821M->3821M(3904M) 1247.064ms
[48.938s][info][gc,cpu         ] GC(237) User=8.17s Sys=0.03s Real=1.25s
[48.939s][info][gc,start       ] GC(238) Pause Full (Ergonomics)
[48.939s][info][gc,phases,start] GC(238) Marking Phase
[49.845s][info][gc,phases      ] GC(238) Marking Phase 906.791ms
[49.845s][info][gc,phases,start] GC(238) Summary Phase
[49.845s][info][gc,phases      ] GC(238) Summary Phase 0.050ms
[49.845s][info][gc,phases,start] GC(238) Adjust Roots
[49.846s][info][gc,phases      ] GC(238) Adjust Roots 0.234ms
[49.846s][info][gc,phases,start] GC(238) Compaction Phase
[50.149s][info][gc,phases      ] GC(238) Compaction Phase 303.287ms
[50.149s][info][gc,phases,start] GC(238) Post Compact
[50.158s][info][gc,phases      ] GC(238) Post Compact 8.877ms
[50.158s][info][gc,heap        ] GC(238) PSYoungGen: 90309K(174592K)->90309K(174592K) Eden: 44544K(44544K)->44544K(44544K) From: 45765K(130048K)->45765K(130048K)
[50.158s][info][gc,heap        ] GC(238) ParOldGen: 3823067K(3823104K)->3823067K(3823104K)
[50.158s][info][gc,metaspace   ] GC(238) Metaspace: 6298K(6464K)->6298K(6464K) NonClass: 5764K(5824K)->5764K(5824K) Class: 533K(640K)->533K(640K)
[50.158s][info][gc             ] GC(238) Pause Full (Ergonomics) 3821M->3821M(3904M) 1219.650ms
[50.158s][info][gc,cpu         ] GC(238) User=8.33s Sys=0.02s Real=1.22s
[50.158s][info][gc,start       ] GC(239) Pause Full (Ergonomics)
[50.158s][info][gc,phases,start] GC(239) Marking Phase
[51.078s][info][gc,phases      ] GC(239) Marking Phase 919.783ms
[51.078s][info][gc,phases,start] GC(239) Summary Phase
[51.078s][info][gc,phases      ] GC(239) Summary Phase 0.052ms
[51.078s][info][gc,phases,start] GC(239) Adjust Roots
[51.079s][info][gc,phases      ] GC(239) Adjust Roots 0.281ms
[51.079s][info][gc,phases,start] GC(239) Compaction Phase
[51.394s][info][gc,phases      ] GC(239) Compaction Phase 315.178ms
[51.394s][info][gc,phases,start] GC(239) Post Compact
[51.402s][info][gc,phases      ] GC(239) Post Compact 8.166ms
[51.402s][info][gc,heap        ] GC(239) PSYoungGen: 90309K(174592K)->90309K(174592K) Eden: 44544K(44544K)->44544K(44544K) From: 45765K(130048K)->45765K(130048K)
[51.402s][info][gc,heap        ] GC(239) ParOldGen: 3823071K(3823104K)->3823071K(3823104K)
[51.402s][info][gc,metaspace   ] GC(239) Metaspace: 6298K(6464K)->6298K(6464K) NonClass: 5764K(5824K)->5764K(5824K) Class: 533K(640K)->533K(640K)
[51.402s][info][gc             ] GC(239) Pause Full (Ergonomics) 3821M->3821M(3904M) 1243.828ms
[51.402s][info][gc,cpu         ] GC(239) User=8.55s Sys=0.05s Real=1.24s
[51.402s][info][gc,start       ] GC(240) Pause Full (Ergonomics)
[51.403s][info][gc,phases,start] GC(240) Marking Phase
[52.303s][info][gc,phases      ] GC(240) Marking Phase 900.205ms
[52.303s][info][gc,phases,start] GC(240) Summary Phase
[52.303s][info][gc,phases      ] GC(240) Summary Phase 0.051ms
[52.303s][info][gc,phases,start] GC(240) Adjust Roots
[52.303s][info][gc,phases      ] GC(240) Adjust Roots 0.251ms
[52.303s][info][gc,phases,start] GC(240) Compaction Phase
[52.602s][info][gc,phases      ] GC(240) Compaction Phase 299.339ms
[52.603s][info][gc,phases,start] GC(240) Post Compact
[52.610s][info][gc,phases      ] GC(240) Post Compact 7.779ms
[52.610s][info][gc,heap        ] GC(240) PSYoungGen: 90309K(174592K)->90309K(174592K) Eden: 44544K(44544K)->44544K(44544K) From: 45765K(130048K)->45765K(130048K)
[52.610s][info][gc,heap        ] GC(240) ParOldGen: 3823076K(3823104K)->3823076K(3823104K)
[52.611s][info][gc,metaspace   ] GC(240) Metaspace: 6298K(6464K)->6298K(6464K) NonClass: 5764K(5824K)->5764K(5824K) Class: 533K(640K)->533K(640K)
[52.611s][info][gc             ] GC(240) Pause Full (Ergonomics) 3821M->3821M(3904M) 1208.060ms
[52.611s][info][gc,cpu         ] GC(240) User=8.67s Sys=0.00s Real=1.21s
[52.611s][info][gc,start       ] GC(241) Pause Full (Ergonomics)
[52.611s][info][gc,phases,start] GC(241) Marking Phase
[53.573s][info][gc,phases      ] GC(241) Marking Phase 962.277ms
[53.573s][info][gc,phases,start] GC(241) Summary Phase
[53.573s][info][gc,phases      ] GC(241) Summary Phase 0.083ms
[53.573s][info][gc,phases,start] GC(241) Adjust Roots
[53.574s][info][gc,phases      ] GC(241) Adjust Roots 0.364ms
[53.574s][info][gc,phases,start] GC(241) Compaction Phase
[53.958s][info][gc,phases      ] GC(241) Compaction Phase 384.684ms
[53.958s][info][gc,phases,start] GC(241) Post Compact
[53.969s][info][gc,phases      ] GC(241) Post Compact 10.323ms
[53.969s][info][gc,heap        ] GC(241) PSYoungGen: 90309K(174592K)->90309K(174592K) Eden: 44544K(44544K)->44544K(44544K) From: 45765K(130048K)->45765K(130048K)
[53.969s][info][gc,heap        ] GC(241) ParOldGen: 3823081K(3823104K)->3823081K(3823104K)
[53.969s][info][gc,metaspace   ] GC(241) Metaspace: 6298K(6464K)->6298K(6464K) NonClass: 5764K(5824K)->5764K(5824K) Class: 533K(640K)->533K(640K)
[53.969s][info][gc             ] GC(241) Pause Full (Ergonomics) 3821M->3821M(3904M) 1358.270ms
[53.969s][info][gc,cpu         ] GC(241) User=8.89s Sys=0.02s Real=1.36s
[53.969s][info][gc,start       ] GC(242) Pause Full (Ergonomics)
[53.969s][info][gc,phases,start] GC(242) Marking Phase
[54.920s][info][gc,phases      ] GC(242) Marking Phase 950.883ms
[54.920s][info][gc,phases,start] GC(242) Summary Phase
[54.920s][info][gc,phases      ] GC(242) Summary Phase 0.082ms
[54.920s][info][gc,phases,start] GC(242) Adjust Roots
[54.921s][info][gc,phases      ] GC(242) Adjust Roots 0.471ms
[54.921s][info][gc,phases,start] GC(242) Compaction Phase
[55.268s][info][gc,phases      ] GC(242) Compaction Phase 346.813ms
[55.268s][info][gc,phases,start] GC(242) Post Compact
[55.278s][info][gc,phases      ] GC(242) Post Compact 10.129ms
[55.278s][info][gc,heap        ] GC(242) PSYoungGen: 90309K(174592K)->90309K(174592K) Eden: 44544K(44544K)->44544K(44544K) From: 45765K(130048K)->45765K(130048K)
[55.278s][info][gc,heap        ] GC(242) ParOldGen: 3823086K(3823104K)->3823086K(3823104K)
[55.278s][info][gc,metaspace   ] GC(242) Metaspace: 6298K(6464K)->6298K(6464K) NonClass: 5764K(5824K)->5764K(5824K) Class: 533K(640K)->533K(640K)
[55.278s][info][gc             ] GC(242) Pause Full (Ergonomics) 3821M->3821M(3904M) 1308.896ms
[55.278s][info][gc,cpu         ] GC(242) User=8.92s Sys=0.00s Real=1.31s
[55.279s][info][gc,start       ] GC(243) Pause Full (Ergonomics)
[55.279s][info][gc,phases,start] GC(243) Marking Phase
[56.184s][info][gc,phases      ] GC(243) Marking Phase 905.357ms
[56.184s][info][gc,phases,start] GC(243) Summary Phase
[56.184s][info][gc,phases      ] GC(243) Summary Phase 0.071ms
[56.184s][info][gc,phases,start] GC(243) Adjust Roots
[56.184s][info][gc,phases      ] GC(243) Adjust Roots 0.280ms
[56.184s][info][gc,phases,start] GC(243) Compaction Phase
[56.532s][info][gc,phases      ] GC(243) Compaction Phase 347.417ms
[56.532s][info][gc,phases,start] GC(243) Post Compact
[56.540s][info][gc,phases      ] GC(243) Post Compact 7.663ms
[56.540s][info][gc,heap        ] GC(243) PSYoungGen: 90309K(174592K)->90309K(174592K) Eden: 44544K(44544K)->44544K(44544K) From: 45765K(130048K)->45765K(130048K)
[56.540s][info][gc,heap        ] GC(243) ParOldGen: 3823091K(3823104K)->3823091K(3823104K)
[56.540s][info][gc,metaspace   ] GC(243) Metaspace: 6298K(6464K)->6298K(6464K) NonClass: 5764K(5824K)->5764K(5824K) Class: 533K(640K)->533K(640K)
[56.540s][info][gc             ] GC(243) Pause Full (Ergonomics) 3821M->3821M(3904M) 1261.294ms
[56.540s][info][gc,cpu         ] GC(243) User=8.39s Sys=0.02s Real=1.26s
[56.540s][info][gc,start       ] GC(244) Pause Full (Ergonomics)
[56.540s][info][gc,phases,start] GC(244) Marking Phase
[57.568s][info][gc,phases      ] GC(244) Marking Phase 1027.328ms
[57.568s][info][gc,phases,start] GC(244) Summary Phase
[57.568s][info][gc,phases      ] GC(244) Summary Phase 0.087ms
[57.568s][info][gc,phases,start] GC(244) Adjust Roots
[57.568s][info][gc,phases      ] GC(244) Adjust Roots 0.318ms
[57.568s][info][gc,phases,start] GC(244) Compaction Phase
[57.926s][info][gc,phases      ] GC(244) Compaction Phase 357.590ms
[57.926s][info][gc,phases,start] GC(244) Post Compact
[57.935s][info][gc,phases      ] GC(244) Post Compact 9.165ms
[57.935s][info][gc,heap        ] GC(244) PSYoungGen: 90309K(174592K)->90309K(174592K) Eden: 44544K(44544K)->44544K(44544K) From: 45765K(130048K)->45765K(130048K)
[57.935s][info][gc,heap        ] GC(244) ParOldGen: 3823096K(3823104K)->3823096K(3823104K)
[57.935s][info][gc,metaspace   ] GC(244) Metaspace: 6298K(6464K)->6298K(6464K) NonClass: 5764K(5824K)->5764K(5824K) Class: 533K(640K)->533K(640K)
[57.935s][info][gc             ] GC(244) Pause Full (Ergonomics) 3821M->3821M(3904M) 1394.959ms
[57.935s][info][gc,cpu         ] GC(244) User=8.33s Sys=0.02s Real=1.39s
[57.935s][info][gc,start       ] GC(245) Pause Full (Ergonomics)
[57.935s][info][gc,phases,start] GC(245) Marking Phase
[58.862s][info][gc,phases      ] GC(245) Marking Phase 926.553ms
[58.862s][info][gc,phases,start] GC(245) Summary Phase
[58.862s][info][gc,phases      ] GC(245) Summary Phase 0.091ms
[58.862s][info][gc,phases,start] GC(245) Adjust Roots
[58.863s][info][gc,phases      ] GC(245) Adjust Roots 0.348ms
[58.863s][info][gc,phases,start] GC(245) Compaction Phase
[59.257s][info][gc,phases      ] GC(245) Compaction Phase 394.642ms
[59.257s][info][gc,phases,start] GC(245) Post Compact
[59.266s][info][gc,phases      ] GC(245) Post Compact 8.567ms
[59.266s][info][gc,heap        ] GC(245) PSYoungGen: 90309K(174592K)->90309K(174592K) Eden: 44544K(44544K)->44544K(44544K) From: 45765K(130048K)->45765K(130048K)
[59.266s][info][gc,heap        ] GC(245) ParOldGen: 3823100K(3823104K)->3823100K(3823104K)
[59.266s][info][gc,metaspace   ] GC(245) Metaspace: 6298K(6464K)->6298K(6464K) NonClass: 5764K(5824K)->5764K(5824K) Class: 533K(640K)->533K(640K)
[59.266s][info][gc             ] GC(245) Pause Full (Ergonomics) 3821M->3821M(3904M) 1330.660ms
[59.266s][info][gc,cpu         ] GC(245) User=8.52s Sys=0.03s Real=1.33s
[59.266s][info][gc,start       ] GC(246) Pause Full (Ergonomics)
[59.266s][info][gc,phases,start] GC(246) Marking Phase
[60.182s][info][gc,phases      ] GC(246) Marking Phase 915.913ms
[60.182s][info][gc,phases,start] GC(246) Summary Phase
[60.182s][info][gc,phases      ] GC(246) Summary Phase 0.056ms
[60.182s][info][gc,phases,start] GC(246) Adjust Roots
[60.183s][info][gc,phases      ] GC(246) Adjust Roots 0.249ms
[60.183s][info][gc,phases,start] GC(246) Compaction Phase
[60.532s][info][gc,phases      ] GC(246) Compaction Phase 349.298ms
[60.532s][info][gc,phases,start] GC(246) Post Compact
[60.542s][info][gc,phases      ] GC(246) Post Compact 9.635ms
[60.542s][info][gc,heap        ] GC(246) PSYoungGen: 90309K(174592K)->90309K(174592K) Eden: 44544K(44544K)->44544K(44544K) From: 45765K(130048K)->45765K(130048K)
[60.542s][info][gc,heap        ] GC(246) ParOldGen: 3823103K(3823104K)->3823103K(3823104K)
[60.542s][info][gc,metaspace   ] GC(246) Metaspace: 6298K(6464K)->6298K(6464K) NonClass: 5764K(5824K)->5764K(5824K) Class: 533K(640K)->533K(640K)
[60.542s][info][gc             ] GC(246) Pause Full (Ergonomics) 3821M->3821M(3904M) 1275.553ms
[60.542s][info][gc,cpu         ] GC(246) User=8.75s Sys=0.02s Real=1.27s
[60.542s][info][gc,start       ] GC(247) Pause Full (Allocation Failure)
[60.542s][info][gc,phases,start] GC(247) Marking Phase
[61.441s][info][gc,phases      ] GC(247) Marking Phase 899.472ms
[61.442s][info][gc,phases,start] GC(247) Summary Phase
[61.442s][info][gc,phases      ] GC(247) Summary Phase 0.057ms
[61.442s][info][gc,phases,start] GC(247) Adjust Roots
[61.442s][info][gc,phases      ] GC(247) Adjust Roots 0.405ms
[61.442s][info][gc,phases,start] GC(247) Compaction Phase
[62.443s][info][gc,phases      ] GC(247) Compaction Phase 1000.819ms
[62.443s][info][gc,phases,start] GC(247) Post Compact
[62.451s][info][gc,phases      ] GC(247) Post Compact 7.890ms
[62.451s][info][gc,heap        ] GC(247) PSYoungGen: 90309K(174592K)->90309K(174592K) Eden: 44544K(44544K)->44544K(44544K) From: 45765K(130048K)->45765K(130048K)
[62.451s][info][gc,heap        ] GC(247) ParOldGen: 3823103K(3823104K)->3823099K(3823104K)
[62.451s][info][gc,metaspace   ] GC(247) Metaspace: 6298K(6464K)->6296K(6464K) NonClass: 5764K(5824K)->5763K(5824K) Class: 533K(640K)->532K(640K)
[62.451s][info][gc             ] GC(247) Pause Full (Allocation Failure) 3821M->3821M(3904M) 1909.065ms
[62.451s][info][gc,cpu         ] GC(247) User=13.64s Sys=0.03s Real=1.91s
[62.451s][info][gc,start       ] GC(248) Pause Full (Ergonomics)
[62.451s][info][gc,phases,start] GC(248) Marking Phase
[63.366s][info][gc,phases      ] GC(248) Marking Phase 914.647ms
[63.366s][info][gc,phases,start] GC(248) Summary Phase
[63.366s][info][gc,phases      ] GC(248) Summary Phase 0.102ms
[63.366s][info][gc,phases,start] GC(248) Adjust Roots
[63.367s][info][gc,phases      ] GC(248) Adjust Roots 0.237ms
[63.367s][info][gc,phases,start] GC(248) Compaction Phase
[63.715s][info][gc,phases      ] GC(248) Compaction Phase 348.377ms
[63.715s][info][gc,phases,start] GC(248) Post Compact
[63.723s][info][gc,phases      ] GC(248) Post Compact 7.675ms
[63.723s][info][gc,heap        ] GC(248) PSYoungGen: 90309K(174592K)->90309K(174592K) Eden: 44544K(44544K)->44544K(44544K) From: 45765K(130048K)->45765K(130048K)
[63.723s][info][gc,heap        ] GC(248) ParOldGen: 3823101K(3823104K)->3823101K(3823104K)
[63.723s][info][gc,metaspace   ] GC(248) Metaspace: 6296K(6464K)->6296K(6464K) NonClass: 5763K(5824K)->5763K(5824K) Class: 532K(640K)->532K(640K)
[63.723s][info][gc             ] GC(248) Pause Full (Ergonomics) 3821M->3821M(3904M) 1271.403ms
[63.723s][info][gc,cpu         ] GC(248) User=8.77s Sys=0.00s Real=1.27s
[63.723s][info][gc,start       ] GC(249) Pause Full (Ergonomics)
[63.723s][info][gc,phases,start] GC(249) Marking Phase
[64.621s][info][gc,phases      ] GC(249) Marking Phase 898.148ms
[64.621s][info][gc,phases,start] GC(249) Summary Phase
[64.622s][info][gc,phases      ] GC(249) Summary Phase 0.047ms
[64.622s][info][gc,phases,start] GC(249) Adjust Roots
[64.622s][info][gc,phases      ] GC(249) Adjust Roots 0.167ms
[64.622s][info][gc,phases,start] GC(249) Compaction Phase
[64.956s][info][gc,phases      ] GC(249) Compaction Phase 334.689ms
[64.956s][info][gc,phases,start] GC(249) Post Compact
[64.964s][info][gc,phases      ] GC(249) Post Compact 7.591ms
[64.964s][info][gc,heap        ] GC(249) PSYoungGen: 90309K(174592K)->90309K(174592K) Eden: 44544K(44544K)->44544K(44544K) From: 45765K(130048K)->45765K(130048K)
[64.964s][info][gc,heap        ] GC(249) ParOldGen: 3823103K(3823104K)->3823103K(3823104K)
[64.964s][info][gc,metaspace   ] GC(249) Metaspace: 6296K(6464K)->6296K(6464K) NonClass: 5763K(5824K)->5763K(5824K) Class: 532K(640K)->532K(640K)
[64.964s][info][gc             ] GC(249) Pause Full (Ergonomics) 3821M->3821M(3904M) 1240.997ms
[64.964s][info][gc,cpu         ] GC(249) User=8.80s Sys=0.00s Real=1.24s
[64.964s][info][gc,start       ] GC(250) Pause Full (Allocation Failure)
[64.964s][info][gc,phases,start] GC(250) Marking Phase
[65.856s][info][gc,phases      ] GC(250) Marking Phase 891.564ms
[65.856s][info][gc,phases,start] GC(250) Summary Phase
[65.856s][info][gc,phases      ] GC(250) Summary Phase 0.046ms
[65.856s][info][gc,phases,start] GC(250) Adjust Roots
[65.856s][info][gc,phases      ] GC(250) Adjust Roots 0.164ms
[65.856s][info][gc,phases,start] GC(250) Compaction Phase
[66.195s][info][gc,phases      ] GC(250) Compaction Phase 339.242ms
[66.195s][info][gc,phases,start] GC(250) Post Compact
[66.203s][info][gc,phases      ] GC(250) Post Compact 7.643ms
[66.203s][info][gc,heap        ] GC(250) PSYoungGen: 90309K(174592K)->90309K(174592K) Eden: 44544K(44544K)->44544K(44544K) From: 45765K(130048K)->45765K(130048K)
[66.203s][info][gc,heap        ] GC(250) ParOldGen: 3823103K(3823104K)->3823103K(3823104K)
[66.203s][info][gc,metaspace   ] GC(250) Metaspace: 6296K(6464K)->6296K(6464K) NonClass: 5763K(5824K)->5763K(5824K) Class: 532K(640K)->532K(640K)
[66.203s][info][gc             ] GC(250) Pause Full (Allocation Failure) 3821M->3821M(3904M) 1238.992ms
[66.203s][info][gc,cpu         ] GC(250) User=8.70s Sys=0.00s Real=1.24s
[66.204s][info][gc,start       ] GC(251) Pause Full (Ergonomics)
[66.204s][info][gc,phases,start] GC(251) Marking Phase
[67.081s][info][gc,phases      ] GC(251) Marking Phase 877.124ms
[67.081s][info][gc,phases,start] GC(251) Summary Phase
[67.081s][info][gc,phases      ] GC(251) Summary Phase 0.056ms
[67.081s][info][gc,phases,start] GC(251) Adjust Roots
[67.081s][info][gc,phases      ] GC(251) Adjust Roots 0.253ms
[67.081s][info][gc,phases,start] GC(251) Compaction Phase
[68.082s][info][gc,phases      ] GC(251) Compaction Phase 1000.568ms
[68.082s][info][gc,phases,start] GC(251) Post Compact
[68.089s][info][gc,phases      ] GC(251) Post Compact 7.470ms
[68.090s][info][gc,heap        ] GC(251) PSYoungGen: 90309K(174592K)->90309K(174592K) Eden: 44544K(44544K)->44544K(44544K) From: 45765K(130048K)->45765K(130048K)
[68.090s][info][gc,heap        ] GC(251) ParOldGen: 3823103K(3823104K)->3823102K(3823104K)
[68.090s][info][gc,metaspace   ] GC(251) Metaspace: 6296K(6464K)->6296K(6464K) NonClass: 5763K(5824K)->5763K(5824K) Class: 532K(640K)->532K(640K)
[68.090s][info][gc             ] GC(251) Pause Full (Ergonomics) 3821M->3821M(3904M) 1885.846ms
[68.090s][info][gc,cpu         ] GC(251) User=13.91s Sys=0.00s Real=1.89s
[68.091s][info][gc,start       ] GC(252) Pause Full (Ergonomics)
[68.091s][info][gc,phases,start] GC(252) Marking Phase
[68.998s][info][gc,phases      ] GC(252) Marking Phase 906.887ms
[68.998s][info][gc,phases,start] GC(252) Summary Phase
[68.998s][info][gc,phases      ] GC(252) Summary Phase 0.102ms
[68.998s][info][gc,phases,start] GC(252) Adjust Roots
[68.998s][info][gc,phases      ] GC(252) Adjust Roots 0.270ms
[68.998s][info][gc,phases,start] GC(252) Compaction Phase
[69.958s][info][gc,phases      ] GC(252) Compaction Phase 959.802ms
[69.958s][info][gc,phases,start] GC(252) Post Compact
[69.965s][info][gc,phases      ] GC(252) Post Compact 7.373ms
[69.965s][info][gc,heap        ] GC(252) PSYoungGen: 90309K(174592K)->90309K(174592K) Eden: 44544K(44544K)->44544K(44544K) From: 45765K(130048K)->45765K(130048K)
[69.965s][info][gc,heap        ] GC(252) ParOldGen: 3823103K(3823104K)->3823102K(3823104K)
[69.965s][info][gc,metaspace   ] GC(252) Metaspace: 6297K(6464K)->6297K(6464K) NonClass: 5763K(5824K)->5763K(5824K) Class: 533K(640K)->533K(640K)
[69.965s][info][gc             ] GC(252) Pause Full (Ergonomics) 3821M->3821M(3904M) 1874.821ms
[69.965s][info][gc,cpu         ] GC(252) User=12.70s Sys=0.00s Real=1.88s
[69.966s][info][gc,heap,exit   ] Heap
[69.966s][info][gc,heap,exit   ]  PSYoungGen      total 174592K, used 90309K [0x000000078b580000, 0x000000079ea00000, 0x0000000800000000)
[69.966s][info][gc,heap,exit   ]   eden space 44544K, 100% used [0x000000078b580000,0x000000078e100000,0x000000078e100000)
[69.966s][info][gc,heap,exit   ]   from space 130048K, 35% used [0x0000000796280000,0x0000000798f31450,0x000000079e180000)
[69.966s][info][gc,heap,exit   ]   to   space 132608K, 0% used [0x000000078e100000,0x000000078e100000,0x0000000796280000)
[69.966s][info][gc,heap,exit   ]  ParOldGen       total 3823104K, used 3823103K [0x00000006a2000000, 0x000000078b580000, 0x000000078b580000)
[69.966s][info][gc,heap,exit   ]   object space 3823104K, 99% used [0x00000006a2000000,0x000000078b57fcd0,0x000000078b580000)
[69.966s][info][gc,heap,exit   ]  Metaspace       used 6301K, committed 6464K, reserved 1114112K
[69.966s][info][gc,heap,exit   ]   class space    used 534K, committed 640K, reserved 1048576K
