[0.011s][info][gc,init] CardTable entry size: 512
[0.011s][info][gc     ] Using Serial
[0.011s][info][gc,init] Version: 18.0.1+10 (release)
[0.011s][info][gc,init] CPUs: 8 total, 8 available
[0.011s][info][gc,init] Memory: 16063M
[0.011s][info][gc,init] Large Page Support: Disabled
[0.011s][info][gc,init] NUMA Support: Disabled
[0.011s][info][gc,init] Compressed Oops: Enabled (Zero based)
[0.011s][info][gc,init] Heap Min Capacity: 2M
[0.011s][info][gc,init] Heap Initial Capacity: 2M
[0.011s][info][gc,init] Heap Max Capacity: 7900M
[0.011s][info][gc,init] Pre-touch: Disabled
[0.011s][info][gc,metaspace] CDS archive(s) not mapped
[0.011s][info][gc,metaspace] Compressed class space mapped at: 0x0000000800000000-0x0000000840000000, reserved size: 1073741824
[0.012s][info][gc,metaspace] Narrow klass base: 0x0000000800000000, Narrow klass shift: 0, Narrow klass range: 0x40000000
[0.182s][info][gc,start    ] GC(0) Pause Young (Allocation Failure)
[0.184s][info][gc,heap     ] GC(0) DefNew: 1023K(1152K)->127K(1152K) Eden: 1023K(1024K)->0K(1024K) From: 0K(128K)->127K(128K)
[0.184s][info][gc,heap     ] GC(0) Tenured: 0K(768K)->439K(768K)
[0.184s][info][gc,metaspace] GC(0) Metaspace: 5903K(6016K)->5903K(6016K) NonClass: 5404K(5504K)->5404K(5504K) Class: 499K(512K)->499K(512K)
[0.184s][info][gc          ] GC(0) Pause Young (Allocation Failure) 0M->0M(1M) 1.915ms
[0.184s][info][gc,cpu      ] GC(0) User=0.00s Sys=0.00s Real=0.00s
[0.206s][info][gc,start    ] GC(1) Pause Young (Allocation Failure)
[0.208s][info][gc          ] GC(1) Pause Young (Allocation Failure) 1M->0M(2M) 1.396ms
[0.208s][info][gc,cpu      ] GC(1) User=0.00s Sys=0.00s Real=0.00s
[0.208s][info][gc,start    ] GC(2) Pause Full (Allocation Failure)
[0.208s][info][gc,phases,start] GC(2) Phase 1: Mark live objects
[0.209s][info][gc,phases      ] GC(2) Phase 1: Mark live objects 1.303ms
[0.209s][info][gc,phases,start] GC(2) Phase 2: Compute new object addresses
[0.210s][info][gc,phases      ] GC(2) Phase 2: Compute new object addresses 0.276ms
[0.210s][info][gc,phases,start] GC(2) Phase 3: Adjust pointers
[0.210s][info][gc,phases      ] GC(2) Phase 3: Adjust pointers 0.597ms
[0.210s][info][gc,phases,start] GC(2) Phase 4: Move objects
[0.210s][info][gc,phases      ] GC(2) Phase 4: Move objects 0.083ms
[0.210s][info][gc,heap        ] GC(2) DefNew: 1151K(1152K)->40K(1152K) Eden: 1024K(1024K)->40K(1024K) From: 127K(128K)->0K(128K)
[0.210s][info][gc,heap        ] GC(2) Tenured: 439K(768K)->959K(1600K)
[0.210s][info][gc,metaspace   ] GC(2) Metaspace: 6300K(6464K)->6300K(6464K) NonClass: 5767K(5824K)->5767K(5824K) Class: 533K(640K)->533K(640K)
[0.210s][info][gc             ] GC(2) Pause Full (Allocation Failure) 0M->0M(2M) 2.621ms
[0.210s][info][gc,cpu         ] GC(2) User=0.00s Sys=0.00s Real=0.00s
[0.212s][info][gc,start       ] GC(3) Pause Young (Allocation Failure)
[0.213s][info][gc,heap        ] GC(3) DefNew: 1024K(1152K)->127K(1152K) Eden: 1024K(1024K)->0K(1024K) From: 0K(128K)->127K(128K)
[0.214s][info][gc,heap        ] GC(3) Tenured: 959K(1600K)->1374K(1600K)
[0.214s][info][gc,metaspace   ] GC(3) Metaspace: 6300K(6464K)->6300K(6464K) NonClass: 5767K(5824K)->5767K(5824K) Class: 533K(640K)->533K(640K)
[0.214s][info][gc             ] GC(3) Pause Young (Allocation Failure) 1M->1M(2M) 1.612ms
[0.214s][info][gc,cpu         ] GC(3) User=0.00s Sys=0.00s Real=0.00s
[0.215s][info][gc,start       ] GC(4) Pause Young (Allocation Failure)
[0.217s][info][gc             ] GC(4) Pause Young (Allocation Failure) 2M->1M(3M) 1.602ms
[0.217s][info][gc,cpu         ] GC(4) User=0.00s Sys=0.00s Real=0.00s
[0.217s][info][gc,start       ] GC(5) Pause Full (Allocation Failure)
[0.217s][info][gc,phases,start] GC(5) Phase 1: Mark live objects
[0.218s][info][gc,phases      ] GC(5) Phase 1: Mark live objects 1.717ms
[0.219s][info][gc,phases,start] GC(5) Phase 2: Compute new object addresses
[0.219s][info][gc,phases      ] GC(5) Phase 2: Compute new object addresses 0.443ms
[0.219s][info][gc,phases,start] GC(5) Phase 3: Adjust pointers
[0.220s][info][gc,phases      ] GC(5) Phase 3: Adjust pointers 0.767ms
[0.220s][info][gc,phases,start] GC(5) Phase 4: Move objects
[0.220s][info][gc,phases      ] GC(5) Phase 4: Move objects 0.080ms
[0.220s][info][gc,heap        ] GC(5) DefNew: 1151K(1152K)->34K(1536K) Eden: 1024K(1024K)->34K(1408K) From: 127K(128K)->0K(128K)
[0.220s][info][gc,heap        ] GC(5) Tenured: 1374K(1600K)->1983K(3308K)
[0.220s][info][gc,metaspace   ] GC(5) Metaspace: 6300K(6464K)->6300K(6464K) NonClass: 5767K(5824K)->5767K(5824K) Class: 533K(640K)->533K(640K)
[0.220s][info][gc             ] GC(5) Pause Full (Allocation Failure) 1M->1M(4M) 3.372ms
[0.220s][info][gc,cpu         ] GC(5) User=0.00s Sys=0.00s Real=0.00s
[0.222s][info][gc,start       ] GC(6) Pause Young (Allocation Failure)
[0.224s][info][gc,heap        ] GC(6) DefNew: 1408K(1536K)->127K(1536K) Eden: 1408K(1408K)->0K(1408K) From: 0K(128K)->127K(128K)
[0.224s][info][gc,heap        ] GC(6) Tenured: 1983K(3308K)->2617K(3308K)
[0.224s][info][gc,metaspace   ] GC(6) Metaspace: 6300K(6464K)->6300K(6464K) NonClass: 5767K(5824K)->5767K(5824K) Class: 533K(640K)->533K(640K)
[0.224s][info][gc             ] GC(6) Pause Young (Allocation Failure) 3M->2M(4M) 2.320ms
[0.224s][info][gc,cpu         ] GC(6) User=0.00s Sys=0.00s Real=0.00s
[0.226s][info][gc,start       ] GC(7) Pause Young (Allocation Failure)
[0.228s][info][gc             ] GC(7) Pause Young (Allocation Failure) 4M->3M(4M) 2.308ms
[0.228s][info][gc,cpu         ] GC(7) User=0.00s Sys=0.00s Real=0.00s
[0.228s][info][gc,start       ] GC(8) Pause Full (Allocation Failure)
[0.228s][info][gc,phases,start] GC(8) Phase 1: Mark live objects
[0.231s][info][gc,phases      ] GC(8) Phase 1: Mark live objects 2.532ms
[0.231s][info][gc,phases,start] GC(8) Phase 2: Compute new object addresses
[0.232s][info][gc,phases      ] GC(8) Phase 2: Compute new object addresses 0.748ms
[0.232s][info][gc,phases,start] GC(8) Phase 3: Adjust pointers
[0.233s][info][gc,phases      ] GC(8) Phase 3: Adjust pointers 1.149ms
[0.233s][info][gc,phases,start] GC(8) Phase 4: Move objects
[0.233s][info][gc,phases      ] GC(8) Phase 4: Move objects 0.086ms
[0.233s][info][gc,heap        ] GC(8) DefNew: 1535K(1536K)->0K(2688K) Eden: 1408K(1408K)->0K(2432K) From: 127K(128K)->0K(256K)
[0.233s][info][gc,heap        ] GC(8) Tenured: 2617K(3308K)->3460K(5768K)
[0.233s][info][gc,metaspace   ] GC(8) Metaspace: 6300K(6464K)->6300K(6464K) NonClass: 5767K(5824K)->5767K(5824K) Class: 533K(640K)->533K(640K)
[0.233s][info][gc             ] GC(8) Pause Full (Allocation Failure) 3M->3M(8M) 4.861ms
[0.233s][info][gc,cpu         ] GC(8) User=0.00s Sys=0.00s Real=0.00s
[0.237s][info][gc,start       ] GC(9) Pause Young (Allocation Failure)
[0.240s][info][gc,heap        ] GC(9) DefNew: 2432K(2688K)->256K(2688K) Eden: 2432K(2432K)->0K(2432K) From: 0K(256K)->256K(256K)
[0.240s][info][gc,heap        ] GC(9) Tenured: 3460K(5768K)->4512K(5768K)
[0.240s][info][gc,metaspace   ] GC(9) Metaspace: 6300K(6464K)->6300K(6464K) NonClass: 5767K(5824K)->5767K(5824K) Class: 533K(640K)->533K(640K)
[0.240s][info][gc             ] GC(9) Pause Young (Allocation Failure) 5M->4M(8M) 3.278ms
[0.240s][info][gc,cpu         ] GC(9) User=0.00s Sys=0.00s Real=0.00s
[0.243s][info][gc,start       ] GC(10) Pause Young (Allocation Failure)
[0.247s][info][gc,heap        ] GC(10) DefNew: 2688K(2688K)->256K(2688K) Eden: 2432K(2432K)->0K(2432K) From: 256K(256K)->256K(256K)
[0.247s][info][gc,heap        ] GC(10) Tenured: 4512K(5768K)->5755K(5768K)
[0.247s][info][gc,metaspace   ] GC(10) Metaspace: 6300K(6464K)->6300K(6464K) NonClass: 5767K(5824K)->5767K(5824K) Class: 533K(640K)->533K(640K)
[0.247s][info][gc             ] GC(10) Pause Young (Allocation Failure) 7M->5M(8M) 3.435ms
[0.247s][info][gc,cpu         ] GC(10) User=0.00s Sys=0.00s Real=0.00s
[0.250s][info][gc,start       ] GC(11) Pause Young (Allocation Failure)
[0.253s][info][gc             ] GC(11) Pause Young (Allocation Failure) 8M->7M(9M) 3.362ms
[0.253s][info][gc,cpu         ] GC(11) User=0.00s Sys=0.00s Real=0.00s
[0.253s][info][gc,start       ] GC(12) Pause Full (Allocation Failure)
[0.253s][info][gc,phases,start] GC(12) Phase 1: Mark live objects
[0.258s][info][gc,phases      ] GC(12) Phase 1: Mark live objects 4.696ms
[0.258s][info][gc,phases,start] GC(12) Phase 2: Compute new object addresses
[0.259s][info][gc,phases      ] GC(12) Phase 2: Compute new object addresses 1.237ms
[0.259s][info][gc,phases,start] GC(12) Phase 3: Adjust pointers
[0.262s][info][gc,phases      ] GC(12) Phase 3: Adjust pointers 2.102ms
[0.262s][info][gc,phases,start] GC(12) Phase 4: Move objects
[0.263s][info][gc,phases      ] GC(12) Phase 4: Move objects 1.288ms
[0.263s][info][gc,heap        ] GC(12) DefNew: 2688K(2688K)->0K(5376K) Eden: 2432K(2432K)->0K(4800K) From: 256K(256K)->0K(576K)
[0.263s][info][gc,heap        ] GC(12) Tenured: 5755K(5768K)->7132K(11888K)
[0.263s][info][gc,metaspace   ] GC(12) Metaspace: 6300K(6464K)->6300K(6464K) NonClass: 5767K(5824K)->5767K(5824K) Class: 533K(640K)->533K(640K)
[0.263s][info][gc             ] GC(12) Pause Full (Allocation Failure) 7M->6M(16M) 9.814ms
[0.263s][info][gc,cpu         ] GC(12) User=0.00s Sys=0.00s Real=0.01s
[0.268s][info][gc,start       ] GC(13) Pause Young (Allocation Failure)
[0.274s][info][gc,heap        ] GC(13) DefNew: 4800K(5376K)->575K(5376K) Eden: 4800K(4800K)->0K(4800K) From: 0K(576K)->575K(576K)
[0.274s][info][gc,heap        ] GC(13) Tenured: 7132K(11888K)->9027K(11888K)
[0.274s][info][gc,metaspace   ] GC(13) Metaspace: 6300K(6464K)->6300K(6464K) NonClass: 5767K(5824K)->5767K(5824K) Class: 533K(640K)->533K(640K)
[0.274s][info][gc             ] GC(13) Pause Young (Allocation Failure) 11M->9M(16M) 6.783ms
[0.274s][info][gc,cpu         ] GC(13) User=0.00s Sys=0.00s Real=0.01s
[0.280s][info][gc,start       ] GC(14) Pause Young (Allocation Failure)
[0.286s][info][gc,heap        ] GC(14) DefNew: 5375K(5376K)->576K(5376K) Eden: 4800K(4800K)->0K(4800K) From: 575K(576K)->576K(576K)
[0.286s][info][gc,heap        ] GC(14) Tenured: 9027K(11888K)->11746K(11888K)
[0.286s][info][gc,metaspace   ] GC(14) Metaspace: 6300K(6464K)->6300K(6464K) NonClass: 5767K(5824K)->5767K(5824K) Class: 533K(640K)->533K(640K)
[0.286s][info][gc             ] GC(14) Pause Young (Allocation Failure) 14M->12M(16M) 6.844ms
[0.286s][info][gc,cpu         ] GC(14) User=0.00s Sys=0.00s Real=0.01s
[0.291s][info][gc,start       ] GC(15) Pause Young (Allocation Failure)
[0.298s][info][gc             ] GC(15) Pause Young (Allocation Failure) 16M->14M(19M) 6.800ms
[0.298s][info][gc,cpu         ] GC(15) User=0.00s Sys=0.00s Real=0.01s
[0.298s][info][gc,start       ] GC(16) Pause Full (Allocation Failure)
[0.298s][info][gc,phases,start] GC(16) Phase 1: Mark live objects
[0.307s][info][gc,phases      ] GC(16) Phase 1: Mark live objects 9.767ms
[0.307s][info][gc,phases,start] GC(16) Phase 2: Compute new object addresses
[0.310s][info][gc,phases      ] GC(16) Phase 2: Compute new object addresses 2.944ms
[0.311s][info][gc,phases,start] GC(16) Phase 3: Adjust pointers
[0.314s][info][gc,phases      ] GC(16) Phase 3: Adjust pointers 3.343ms
[0.314s][info][gc,phases,start] GC(16) Phase 4: Move objects
[0.314s][info][gc,phases      ] GC(16) Phase 4: Move objects 0.179ms
[0.314s][info][gc,heap        ] GC(16) DefNew: 5376K(5376K)->447K(10816K) Eden: 4800K(4800K)->447K(9664K) From: 576K(576K)->0K(1152K)
[0.314s][info][gc,heap        ] GC(16) Tenured: 11746K(11888K)->14323K(23876K)
[0.314s][info][gc,metaspace   ] GC(16) Metaspace: 6302K(6464K)->6302K(6464K) NonClass: 5769K(5824K)->5769K(5824K) Class: 533K(640K)->533K(640K)
[0.314s][info][gc             ] GC(16) Pause Full (Allocation Failure) 14M->14M(33M) 16.680ms
[0.314s][info][gc,cpu         ] GC(16) User=0.02s Sys=0.00s Real=0.02s
[0.323s][info][gc,start       ] GC(17) Pause Young (Allocation Failure)
[0.335s][info][gc,heap        ] GC(17) DefNew: 9664K(10816K)->1152K(10816K) Eden: 9664K(9664K)->0K(9664K) From: 0K(1152K)->1152K(1152K)
[0.335s][info][gc,heap        ] GC(17) Tenured: 14323K(23876K)->18351K(23876K)
[0.335s][info][gc,metaspace   ] GC(17) Metaspace: 6302K(6464K)->6302K(6464K) NonClass: 5769K(5824K)->5769K(5824K) Class: 533K(640K)->533K(640K)
[0.335s][info][gc             ] GC(17) Pause Young (Allocation Failure) 23M->19M(33M) 12.176ms
[0.335s][info][gc,cpu         ] GC(17) User=0.00s Sys=0.00s Real=0.01s
[0.343s][info][gc,start       ] GC(18) Pause Young (Allocation Failure)
[0.354s][info][gc,heap        ] GC(18) DefNew: 10816K(10816K)->1151K(10816K) Eden: 9664K(9664K)->0K(9664K) From: 1152K(1152K)->1151K(1152K)
[0.354s][info][gc,heap        ] GC(18) Tenured: 18351K(23876K)->23839K(23876K)
[0.354s][info][gc,metaspace   ] GC(18) Metaspace: 6302K(6464K)->6302K(6464K) NonClass: 5769K(5824K)->5769K(5824K) Class: 533K(640K)->533K(640K)
[0.354s][info][gc             ] GC(18) Pause Young (Allocation Failure) 28M->24M(33M) 11.726ms
[0.354s][info][gc,cpu         ] GC(18) User=0.00s Sys=0.00s Real=0.01s
[0.359s][info][gc,start       ] GC(19) Pause Young (Allocation Failure)
[0.371s][info][gc             ] GC(19) Pause Young (Allocation Failure) 33M->29M(38M) 11.174ms
[0.371s][info][gc,cpu         ] GC(19) User=0.00s Sys=0.00s Real=0.01s
[0.371s][info][gc,start       ] GC(20) Pause Full (Allocation Failure)
[0.371s][info][gc,phases,start] GC(20) Phase 1: Mark live objects
[0.385s][info][gc,phases      ] GC(20) Phase 1: Mark live objects 14.151ms
[0.385s][info][gc,phases,start] GC(20) Phase 2: Compute new object addresses
[0.390s][info][gc,phases      ] GC(20) Phase 2: Compute new object addresses 4.715ms
[0.390s][info][gc,phases,start] GC(20) Phase 3: Adjust pointers
[0.395s][info][gc,phases      ] GC(20) Phase 3: Adjust pointers 5.607ms
[0.395s][info][gc,phases,start] GC(20) Phase 4: Move objects
[0.396s][info][gc,phases      ] GC(20) Phase 4: Move objects 0.187ms
[0.396s][info][gc,heap        ] GC(20) DefNew: 10815K(10816K)->1048K(21760K) Eden: 9664K(9664K)->1048K(19392K) From: 1151K(1152K)->0K(2368K)
[0.396s][info][gc,heap        ] GC(20) Tenured: 23839K(23876K)->28935K(48228K)
[0.396s][info][gc,metaspace   ] GC(20) Metaspace: 6302K(6464K)->6302K(6464K) NonClass: 5769K(5824K)->5769K(5824K) Class: 533K(640K)->533K(640K)
[0.396s][info][gc             ] GC(20) Pause Full (Allocation Failure) 29M->29M(68M) 25.061ms
[0.396s][info][gc,cpu         ] GC(20) User=0.03s Sys=0.00s Real=0.03s
[0.410s][info][gc,start       ] GC(21) Pause Young (Allocation Failure)
[0.437s][info][gc,heap        ] GC(21) DefNew: 19392K(21760K)->2368K(21760K) Eden: 19392K(19392K)->0K(19392K) From: 0K(2368K)->2368K(2368K)
[0.437s][info][gc,heap        ] GC(21) Tenured: 28935K(48228K)->39001K(48228K)
[0.437s][info][gc,metaspace   ] GC(21) Metaspace: 6302K(6464K)->6302K(6464K) NonClass: 5769K(5824K)->5769K(5824K) Class: 533K(640K)->533K(640K)
[0.437s][info][gc             ] GC(21) Pause Young (Allocation Failure) 47M->40M(68M) 27.171ms
[0.437s][info][gc,cpu         ] GC(21) User=0.03s Sys=0.00s Real=0.03s
[0.456s][info][gc,start       ] GC(22) Pause Young (Allocation Failure)
[0.491s][info][gc             ] GC(22) Pause Young (Allocation Failure) 59M->59M(78M) 34.752ms
[0.491s][info][gc,cpu         ] GC(22) User=0.03s Sys=0.00s Real=0.04s
[0.491s][info][gc,start       ] GC(23) Pause Full (Allocation Failure)
[0.491s][info][gc,phases,start] GC(23) Phase 1: Mark live objects
[0.515s][info][gc,phases      ] GC(23) Phase 1: Mark live objects 24.475ms
[0.515s][info][gc,phases,start] GC(23) Phase 2: Compute new object addresses
[0.525s][info][gc,phases      ] GC(23) Phase 2: Compute new object addresses 9.256ms
[0.525s][info][gc,phases,start] GC(23) Phase 3: Adjust pointers
[0.536s][info][gc,phases      ] GC(23) Phase 3: Adjust pointers 11.611ms
[0.536s][info][gc,phases,start] GC(23) Phase 4: Move objects
[0.537s][info][gc,phases      ] GC(23) Phase 4: Move objects 0.254ms
[0.537s][info][gc,heap        ] GC(23) DefNew: 21760K(21760K)->2367K(43840K) Eden: 19392K(19392K)->2367K(38976K) From: 2368K(2368K)->0K(4864K)
[0.537s][info][gc,heap        ] GC(23) Tenured: 39001K(48228K)->58361K(97272K)
[0.537s][info][gc,metaspace   ] GC(23) Metaspace: 6302K(6464K)->6302K(6464K) NonClass: 5769K(5824K)->5769K(5824K) Class: 533K(640K)->533K(640K)
[0.537s][info][gc             ] GC(23) Pause Full (Allocation Failure) 59M->59M(137M) 46.159ms
[0.537s][info][gc,cpu         ] GC(23) User=0.03s Sys=0.00s Real=0.05s
[0.578s][info][gc,start       ] GC(24) Pause Young (Allocation Failure)
[0.647s][info][gc,heap        ] GC(24) DefNew: 38976K(43840K)->4863K(43840K) Eden: 38976K(38976K)->0K(38976K) From: 0K(4864K)->4863K(4864K)
[0.647s][info][gc,heap        ] GC(24) Tenured: 58361K(97272K)->90387K(97272K)
[0.647s][info][gc,metaspace   ] GC(24) Metaspace: 6302K(6464K)->6302K(6464K) NonClass: 5769K(5824K)->5769K(5824K) Class: 533K(640K)->533K(640K)
[0.647s][info][gc             ] GC(24) Pause Young (Allocation Failure) 95M->93M(137M) 69.615ms
[0.647s][info][gc,cpu         ] GC(24) User=0.03s Sys=0.00s Real=0.07s
[0.679s][info][gc,start       ] GC(25) Pause Young (Allocation Failure)
[0.752s][info][gc             ] GC(25) Pause Young (Allocation Failure) 131M->131M(169M) 73.067ms
[0.752s][info][gc,cpu         ] GC(25) User=0.03s Sys=0.02s Real=0.07s
[0.752s][info][gc,start       ] GC(26) Pause Full (Allocation Failure)
[0.752s][info][gc,phases,start] GC(26) Phase 1: Mark live objects
[0.815s][info][gc,phases      ] GC(26) Phase 1: Mark live objects 62.392ms
[0.815s][info][gc,phases,start] GC(26) Phase 2: Compute new object addresses
[0.838s][info][gc,phases      ] GC(26) Phase 2: Compute new object addresses 23.512ms
[0.838s][info][gc,phases,start] GC(26) Phase 3: Adjust pointers
[0.866s][info][gc,phases      ] GC(26) Phase 3: Adjust pointers 27.973ms
[0.866s][info][gc,phases,start] GC(26) Phase 4: Move objects
[0.891s][info][gc,phases      ] GC(26) Phase 4: Move objects 24.655ms
[0.892s][info][gc,heap        ] GC(26) DefNew: 43839K(43840K)->3065K(97088K) Eden: 38976K(38976K)->3065K(86336K) From: 4863K(4864K)->0K(10752K)
[0.892s][info][gc,heap        ] GC(26) Tenured: 90387K(97272K)->129335K(215560K)
[0.892s][info][gc,metaspace   ] GC(26) Metaspace: 6302K(6464K)->6302K(6464K) NonClass: 5769K(5824K)->5769K(5824K) Class: 533K(640K)->533K(640K)
[0.892s][info][gc             ] GC(26) Pause Full (Allocation Failure) 131M->129M(305M) 139.381ms
[0.892s][info][gc,cpu         ] GC(26) User=0.14s Sys=0.00s Real=0.14s
[0.987s][info][gc,start       ] GC(27) Pause Young (Allocation Failure)
[1.143s][info][gc,heap        ] GC(27) DefNew: 86336K(97088K)->10751K(97088K) Eden: 86336K(86336K)->0K(86336K) From: 0K(10752K)->10751K(10752K)
[1.143s][info][gc,heap        ] GC(27) Tenured: 129335K(215560K)->204893K(215560K)
[1.143s][info][gc,metaspace   ] GC(27) Metaspace: 6302K(6464K)->6302K(6464K) NonClass: 5769K(5824K)->5769K(5824K) Class: 533K(640K)->533K(640K)
[1.143s][info][gc             ] GC(27) Pause Young (Allocation Failure) 210M->210M(305M) 156.376ms
[1.143s][info][gc,cpu         ] GC(27) User=0.11s Sys=0.05s Real=0.16s
[1.223s][info][gc,start       ] GC(28) Pause Young (Allocation Failure)
[1.390s][info][gc             ] GC(28) Pause Young (Allocation Failure) 294M->294M(379M) 167.380ms
[1.390s][info][gc,cpu         ] GC(28) User=0.14s Sys=0.02s Real=0.17s
[1.390s][info][gc,start       ] GC(29) Pause Full (Allocation Failure)
[1.390s][info][gc,phases,start] GC(29) Phase 1: Mark live objects
[1.520s][info][gc,phases      ] GC(29) Phase 1: Mark live objects 129.380ms
[1.520s][info][gc,phases,start] GC(29) Phase 2: Compute new object addresses
[1.566s][info][gc,phases      ] GC(29) Phase 2: Compute new object addresses 46.884ms
[1.567s][info][gc,phases,start] GC(29) Phase 3: Adjust pointers
[1.620s][info][gc,phases      ] GC(29) Phase 3: Adjust pointers 53.264ms
[1.620s][info][gc,phases,start] GC(29) Phase 4: Move objects
[1.622s][info][gc,phases      ] GC(29) Phase 4: Move objects 2.289ms
[1.623s][info][gc,heap        ] GC(29) DefNew: 97087K(97088K)->10612K(218560K) Eden: 86336K(86336K)->10612K(194304K) From: 10751K(10752K)->0K(24256K)
[1.623s][info][gc,heap        ] GC(29) Tenured: 204893K(215560K)->291340K(485568K)
[1.623s][info][gc,metaspace   ] GC(29) Metaspace: 6302K(6464K)->6302K(6464K) NonClass: 5769K(5824K)->5769K(5824K) Class: 533K(640K)->533K(640K)
[1.623s][info][gc             ] GC(29) Pause Full (Allocation Failure) 294M->294M(687M) 233.077ms
[1.623s][info][gc,cpu         ] GC(29) User=0.23s Sys=0.02s Real=0.23s
[1.834s][info][gc,start       ] GC(30) Pause Young (Allocation Failure)
[2.170s][info][gc,heap        ] GC(30) DefNew: 194304K(218560K)->24255K(218560K) Eden: 194304K(194304K)->0K(194304K) From: 0K(24256K)->24255K(24256K)
[2.170s][info][gc,heap        ] GC(30) Tenured: 291340K(485568K)->461361K(485568K)
[2.170s][info][gc,metaspace   ] GC(30) Metaspace: 6302K(6464K)->6302K(6464K) NonClass: 5769K(5824K)->5769K(5824K) Class: 533K(640K)->533K(640K)
[2.170s][info][gc             ] GC(30) Pause Young (Allocation Failure) 474M->474M(687M) 336.184ms
[2.170s][info][gc,cpu         ] GC(30) User=0.28s Sys=0.05s Real=0.34s
[2.349s][info][gc,start       ] GC(31) Pause Young (Allocation Failure)
[2.759s][info][gc             ] GC(31) Pause Young (Allocation Failure) 663M->663M(853M) 410.077ms
[2.759s][info][gc,cpu         ] GC(31) User=0.33s Sys=0.05s Real=0.41s
[2.759s][info][gc,start       ] GC(32) Pause Full (Allocation Failure)
[2.759s][info][gc,phases,start] GC(32) Phase 1: Mark live objects
[3.063s][info][gc,phases      ] GC(32) Phase 1: Mark live objects 303.558ms
[3.063s][info][gc,phases,start] GC(32) Phase 2: Compute new object addresses
[3.168s][info][gc,phases      ] GC(32) Phase 2: Compute new object addresses 104.480ms
[3.168s][info][gc,phases,start] GC(32) Phase 3: Adjust pointers
[3.280s][info][gc,phases      ] GC(32) Phase 3: Adjust pointers 111.917ms
[3.280s][info][gc,phases,start] GC(32) Phase 4: Move objects
[3.284s][info][gc,phases      ] GC(32) Phase 4: Move objects 4.892ms
[3.286s][info][gc,heap        ] GC(32) DefNew: 218559K(218560K)->24143K(491904K) Eden: 194304K(194304K)->24143K(437312K) From: 24255K(24256K)->0K(54592K)
[3.286s][info][gc,heap        ] GC(32) Tenured: 461361K(485568K)->655747K(1092916K)
[3.286s][info][gc,metaspace   ] GC(32) Metaspace: 6302K(6464K)->6302K(6464K) NonClass: 5769K(5824K)->5769K(5824K) Class: 533K(640K)->533K(640K)
[3.286s][info][gc             ] GC(32) Pause Full (Allocation Failure) 663M->663M(1547M) 527.101ms
[3.286s][info][gc,cpu         ] GC(32) User=0.53s Sys=0.00s Real=0.53s
[3.754s][info][gc,start       ] GC(33) Pause Young (Allocation Failure)
[4.498s][info][gc,heap        ] GC(33) DefNew: 437312K(491904K)->54591K(491904K) Eden: 437312K(437312K)->0K(437312K) From: 0K(54592K)->54591K(54592K)
[4.498s][info][gc,heap        ] GC(33) Tenured: 655747K(1092916K)->1038441K(1092916K)
[4.498s][info][gc,metaspace   ] GC(33) Metaspace: 6302K(6464K)->6302K(6464K) NonClass: 5769K(5824K)->5769K(5824K) Class: 533K(640K)->533K(640K)
[4.498s][info][gc             ] GC(33) Pause Young (Allocation Failure) 1067M->1067M(1547M) 744.497ms
[4.498s][info][gc,cpu         ] GC(33) User=0.56s Sys=0.17s Real=0.75s
[4.973s][info][gc,start       ] GC(34) Pause Young (Allocation Failure)
[5.679s][info][gc             ] GC(34) Pause Young (Allocation Failure) 1494M->1444M(1871M) 705.591ms
[5.679s][info][gc,cpu         ] GC(34) User=0.58s Sys=0.11s Real=0.71s
[5.679s][info][gc,start       ] GC(35) Pause Full (Allocation Failure)
[5.679s][info][gc,phases,start] GC(35) Phase 1: Mark live objects
[6.305s][info][gc,phases      ] GC(35) Phase 1: Mark live objects 625.884ms
[6.305s][info][gc,phases,start] GC(35) Phase 2: Compute new object addresses
[6.516s][info][gc,phases      ] GC(35) Phase 2: Compute new object addresses 210.893ms
[6.516s][info][gc,phases,start] GC(35) Phase 3: Adjust pointers
[6.766s][info][gc,phases      ] GC(35) Phase 3: Adjust pointers 250.089ms
[6.766s][info][gc,phases,start] GC(35) Phase 4: Move objects
[6.776s][info][gc,phases      ] GC(35) Phase 4: Move objects 10.553ms
[6.780s][info][gc,heap        ] GC(35) DefNew: 491903K(491904K)->54483K(1068608K) Eden: 437312K(437312K)->54483K(949888K) From: 54591K(54592K)->0K(118720K)
[6.780s][info][gc,heap        ] GC(35) Tenured: 1038441K(1092916K)->1424759K(2374600K)
[6.780s][info][gc,metaspace   ] GC(35) Metaspace: 6302K(6464K)->6302K(6464K) NonClass: 5769K(5824K)->5769K(5824K) Class: 533K(640K)->533K(640K)
[6.780s][info][gc             ] GC(35) Pause Full (Allocation Failure) 1444M->1444M(3362M) 1101.839ms
[6.781s][info][gc,cpu         ] GC(35) User=1.09s Sys=0.02s Real=1.10s
[7.721s][info][gc,start       ] GC(36) Pause Young (Allocation Failure)
[9.437s][info][gc,heap        ] GC(36) DefNew: 949888K(1068608K)->118719K(1068608K) Eden: 949888K(949888K)->0K(949888K) From: 0K(118720K)->118719K(118720K)
[9.437s][info][gc,heap        ] GC(36) Tenured: 1424759K(2374600K)->2255899K(2374600K)
[9.437s][info][gc,metaspace   ] GC(36) Metaspace: 6302K(6464K)->6302K(6464K) NonClass: 5769K(5824K)->5769K(5824K) Class: 533K(640K)->533K(640K)
[9.437s][info][gc             ] GC(36) Pause Young (Allocation Failure) 2318M->2318M(3362M) 1716.629ms
[9.438s][info][gc,cpu         ] GC(36) User=1.45s Sys=0.23s Real=1.72s
[10.393s][info][gc,start       ] GC(37) Pause Young (Allocation Failure)
[12.025s][info][gc             ] GC(37) Pause Young (Allocation Failure) 3246M->3246M(4174M) 1631.691ms
[12.025s][info][gc,cpu         ] GC(37) User=1.34s Sys=0.28s Real=1.63s
[12.025s][info][gc,start       ] GC(38) Pause Full (Allocation Failure)
[12.025s][info][gc,phases,start] GC(38) Phase 1: Mark live objects
[13.498s][info][gc,phases      ] GC(38) Phase 1: Mark live objects 1472.743ms
[13.498s][info][gc,phases,start] GC(38) Phase 2: Compute new object addresses
[13.983s][info][gc,phases      ] GC(38) Phase 2: Compute new object addresses 485.623ms
[13.983s][info][gc,phases,start] GC(38) Phase 3: Adjust pointers
[14.635s][info][gc,phases      ] GC(38) Phase 3: Adjust pointers 651.384ms
[14.635s][info][gc,phases,start] GC(38) Phase 4: Move objects
[15.248s][info][gc,phases      ] GC(38) Phase 4: Move objects 613.269ms
[15.257s][info][gc,heap        ] GC(38) DefNew: 1068607K(1068608K)->24371K(2404480K) Eden: 949888K(949888K)->24371K(2137344K) From: 118719K(118720K)->0K(267136K)
[15.257s][info][gc,heap        ] GC(38) Tenured: 2255899K(2374600K)->3205899K(5343168K)
[15.257s][info][gc,metaspace   ] GC(38) Metaspace: 6302K(6464K)->6302K(6464K) NonClass: 5769K(5824K)->5769K(5824K) Class: 533K(640K)->533K(640K)
[15.257s][info][gc             ] GC(38) Pause Full (Allocation Failure) 3246M->3154M(7566M) 3232.409ms
[15.257s][info][gc,cpu         ] GC(38) User=3.20s Sys=0.02s Real=3.23s
[17.420s][info][gc,start       ] GC(39) Pause Young (Allocation Failure)
[21.148s][info][gc,heap        ] GC(39) DefNew: 2137344K(2404480K)->267136K(2404480K) Eden: 2137344K(2137344K)->0K(2137344K) From: 0K(267136K)->267136K(267136K)
[21.148s][info][gc,heap        ] GC(39) Tenured: 3205899K(5343168K)->5076079K(5343168K)
[21.148s][info][gc,metaspace   ] GC(39) Metaspace: 6302K(6464K)->6302K(6464K) NonClass: 5769K(5824K)->5769K(5824K) Class: 533K(640K)->533K(640K)
[21.148s][info][gc             ] GC(39) Pause Young (Allocation Failure) 5218M->5217M(7566M) 3728.092ms
[21.148s][info][gc,cpu         ] GC(39) User=3.23s Sys=0.47s Real=3.73s
[23.224s][info][gc,start       ] GC(40) Pause Young (Allocation Failure)
[23.224s][info][gc             ] GC(40) Pause Young (Allocation Failure) 7305M->7305M(7566M) 0.137ms
[23.224s][info][gc,cpu         ] GC(40) User=0.00s Sys=0.00s Real=0.00s
[23.224s][info][gc,start       ] GC(41) Pause Full (Allocation Failure)
[23.224s][info][gc,phases,start] GC(41) Phase 1: Mark live objects
[26.608s][info][gc,phases      ] GC(41) Phase 1: Mark live objects 3383.872ms
[26.608s][info][gc,phases,start] GC(41) Phase 2: Compute new object addresses
[27.658s][info][gc,phases      ] GC(41) Phase 2: Compute new object addresses 1049.401ms
[27.658s][info][gc,phases,start] GC(41) Phase 3: Adjust pointers
[29.142s][info][gc,phases      ] GC(41) Phase 3: Adjust pointers 1484.357ms
[29.142s][info][gc,phases,start] GC(41) Phase 4: Move objects
[29.628s][info][gc,phases      ] GC(41) Phase 4: Move objects 485.912ms
[29.629s][info][gc,heap        ] GC(41) DefNew: 2404480K(2404480K)->2137363K(2404480K) Eden: 2137344K(2137344K)->2137343K(2137344K) From: 267136K(267136K)->19K(267136K)
[29.629s][info][gc,heap        ] GC(41) Tenured: 5076079K(5343168K)->5343167K(5393088K)
[29.629s][info][gc,metaspace   ] GC(41) Metaspace: 6302K(6464K)->6302K(6464K) NonClass: 5769K(5824K)->5769K(5824K) Class: 533K(640K)->533K(640K)
[29.629s][info][gc             ] GC(41) Pause Full (Allocation Failure) 7305M->7305M(7614M) 6404.591ms
[29.629s][info][gc,cpu         ] GC(41) User=6.30s Sys=0.06s Real=6.40s
[30.546s][info][gc,start       ] GC(42) Pause Full (Allocation Failure)
[30.546s][info][gc,phases,start] GC(42) Phase 1: Mark live objects
[33.947s][info][gc,phases      ] GC(42) Phase 1: Mark live objects 3400.939ms
[33.947s][info][gc,phases,start] GC(42) Phase 2: Compute new object addresses
[35.002s][info][gc,phases      ] GC(42) Phase 2: Compute new object addresses 1055.745ms
[35.002s][info][gc,phases,start] GC(42) Phase 3: Adjust pointers
[36.395s][info][gc,phases      ] GC(42) Phase 3: Adjust pointers 1392.734ms
[36.395s][info][gc,phases,start] GC(42) Phase 4: Move objects
[36.395s][info][gc,phases      ] GC(42) Phase 4: Move objects 0.016ms
[36.396s][info][gc,heap        ] GC(42) DefNew: 2404479K(2404480K)->2404479K(2404480K) Eden: 2137343K(2137344K)->2137343K(2137344K) From: 267136K(267136K)->267136K(267136K)
[36.396s][info][gc,heap        ] GC(42) Tenured: 5393087K(5393088K)->5393087K(5393088K)
[36.396s][info][gc,metaspace   ] GC(42) Metaspace: 6302K(6464K)->6302K(6464K) NonClass: 5769K(5824K)->5769K(5824K) Class: 533K(640K)->533K(640K)
[36.396s][info][gc             ] GC(42) Pause Full (Allocation Failure) 7614M->7614M(7614M) 5850.218ms
[36.396s][info][gc,cpu         ] GC(42) User=5.78s Sys=0.00s Real=5.85s
[36.396s][info][gc,start       ] GC(43) Pause Full (Allocation Failure)
[36.396s][info][gc,phases,start] GC(43) Phase 1: Mark live objects
[39.857s][info][gc,phases      ] GC(43) Phase 1: Mark live objects 3461.210ms
[39.857s][info][gc,phases,start] GC(43) Phase 2: Compute new object addresses
[40.906s][info][gc,phases      ] GC(43) Phase 2: Compute new object addresses 1048.693ms
[40.906s][info][gc,phases,start] GC(43) Phase 3: Adjust pointers
[42.603s][info][gc,phases      ] GC(43) Phase 3: Adjust pointers 1696.831ms
[42.603s][info][gc,phases,start] GC(43) Phase 4: Move objects
[44.082s][info][gc,phases      ] GC(43) Phase 4: Move objects 1479.242ms
[44.083s][info][gc,heap        ] GC(43) DefNew: 2404479K(2404480K)->2273403K(2404480K) Eden: 2137343K(2137344K)->2137343K(2137344K) From: 267136K(267136K)->136059K(267136K)
[44.083s][info][gc,heap        ] GC(43) Tenured: 5393087K(5393088K)->5393087K(5393088K)
[44.083s][info][gc,metaspace   ] GC(43) Metaspace: 6302K(6464K)->6300K(6464K) NonClass: 5769K(5824K)->5767K(5824K) Class: 533K(640K)->532K(640K)
[44.083s][info][gc             ] GC(43) Pause Full (Allocation Failure) 7614M->7486M(7614M) 7686.757ms
[44.083s][info][gc,cpu         ] GC(43) User=7.64s Sys=0.00s Real=7.69s
[44.450s][info][gc,start       ] GC(44) Pause Full (Allocation Failure)
[44.450s][info][gc,phases,start] GC(44) Phase 1: Mark live objects
[47.946s][info][gc,phases      ] GC(44) Phase 1: Mark live objects 3495.512ms
[47.946s][info][gc,phases,start] GC(44) Phase 2: Compute new object addresses
[49.022s][info][gc,phases      ] GC(44) Phase 2: Compute new object addresses 1076.498ms
[49.023s][info][gc,phases,start] GC(44) Phase 3: Adjust pointers
[50.454s][info][gc,phases      ] GC(44) Phase 3: Adjust pointers 1431.596ms
[50.454s][info][gc,phases,start] GC(44) Phase 4: Move objects
[50.454s][info][gc,phases      ] GC(44) Phase 4: Move objects 0.016ms
[50.455s][info][gc,heap        ] GC(44) DefNew: 2404479K(2404480K)->2404479K(2404480K) Eden: 2137344K(2137344K)->2137344K(2137344K) From: 267135K(267136K)->267135K(267136K)
[50.455s][info][gc,heap        ] GC(44) Tenured: 5393087K(5393088K)->5393087K(5393088K)
[50.455s][info][gc,metaspace   ] GC(44) Metaspace: 6300K(6464K)->6300K(6464K) NonClass: 5767K(5824K)->5767K(5824K) Class: 532K(640K)->532K(640K)
[50.455s][info][gc             ] GC(44) Pause Full (Allocation Failure) 7614M->7614M(7614M) 6004.445ms
[50.455s][info][gc,cpu         ] GC(44) User=5.98s Sys=0.00s Real=6.01s
[50.455s][info][gc,start       ] GC(45) Pause Full (Allocation Failure)
[50.455s][info][gc,phases,start] GC(45) Phase 1: Mark live objects
[53.964s][info][gc,phases      ] GC(45) Phase 1: Mark live objects 3509.169ms
[53.964s][info][gc,phases,start] GC(45) Phase 2: Compute new object addresses
[55.026s][info][gc,phases      ] GC(45) Phase 2: Compute new object addresses 1062.417ms
[55.027s][info][gc,phases,start] GC(45) Phase 3: Adjust pointers
[56.449s][info][gc,phases      ] GC(45) Phase 3: Adjust pointers 1422.524ms
[56.449s][info][gc,phases,start] GC(45) Phase 4: Move objects
[56.449s][info][gc,phases      ] GC(45) Phase 4: Move objects 0.017ms
[56.450s][info][gc,heap        ] GC(45) DefNew: 2404479K(2404480K)->2404479K(2404480K) Eden: 2137344K(2137344K)->2137344K(2137344K) From: 267135K(267136K)->267135K(267136K)
[56.450s][info][gc,heap        ] GC(45) Tenured: 5393087K(5393088K)->5393087K(5393088K)
[56.450s][info][gc,metaspace   ] GC(45) Metaspace: 6300K(6464K)->6300K(6464K) NonClass: 5767K(5824K)->5767K(5824K) Class: 532K(640K)->532K(640K)
[56.450s][info][gc             ] GC(45) Pause Full (Allocation Failure) 7614M->7614M(7614M) 5994.825ms
[56.450s][info][gc,cpu         ] GC(45) User=5.97s Sys=0.00s Real=5.99s
[56.450s][info][gc,start       ] GC(46) Pause Full (Allocation Failure)
[56.450s][info][gc,phases,start] GC(46) Phase 1: Mark live objects
[59.899s][info][gc,phases      ] GC(46) Phase 1: Mark live objects 3448.657ms
[59.899s][info][gc,phases,start] GC(46) Phase 2: Compute new object addresses
[60.964s][info][gc,phases      ] GC(46) Phase 2: Compute new object addresses 1065.005ms
[60.964s][info][gc,phases,start] GC(46) Phase 3: Adjust pointers
[62.391s][info][gc,phases      ] GC(46) Phase 3: Adjust pointers 1426.976ms
[62.391s][info][gc,phases,start] GC(46) Phase 4: Move objects
[62.391s][info][gc,phases      ] GC(46) Phase 4: Move objects 0.017ms
[62.391s][info][gc,heap        ] GC(46) DefNew: 2404480K(2404480K)->2404480K(2404480K) Eden: 2137344K(2137344K)->2137344K(2137344K) From: 267136K(267136K)->267136K(267136K)
[62.391s][info][gc,heap        ] GC(46) Tenured: 5393087K(5393088K)->5393087K(5393088K)
[62.391s][info][gc,metaspace   ] GC(46) Metaspace: 6300K(6464K)->6300K(6464K) NonClass: 5767K(5824K)->5767K(5824K) Class: 532K(640K)->532K(640K)
[62.391s][info][gc             ] GC(46) Pause Full (Allocation Failure) 7614M->7614M(7614M) 5941.362ms
[62.391s][info][gc,cpu         ] GC(46) User=5.92s Sys=0.00s Real=5.94s
[62.391s][info][gc,start       ] GC(47) Pause Full (Allocation Failure)
[62.391s][info][gc,phases,start] GC(47) Phase 1: Mark live objects
[65.834s][info][gc,phases      ] GC(47) Phase 1: Mark live objects 3442.314ms
[65.834s][info][gc,phases,start] GC(47) Phase 2: Compute new object addresses
[66.894s][info][gc,phases      ] GC(47) Phase 2: Compute new object addresses 1060.437ms
[66.894s][info][gc,phases,start] GC(47) Phase 3: Adjust pointers
[68.601s][info][gc,phases      ] GC(47) Phase 3: Adjust pointers 1706.503ms
[68.601s][info][gc,phases,start] GC(47) Phase 4: Move objects
[69.877s][info][gc,phases      ] GC(47) Phase 4: Move objects 1275.732ms
[69.877s][info][gc,heap        ] GC(47) DefNew: 2404480K(2404480K)->2404478K(2404480K) Eden: 2137344K(2137344K)->2137344K(2137344K) From: 267136K(267136K)->267134K(267136K)
[69.877s][info][gc,heap        ] GC(47) Tenured: 5393087K(5393088K)->5393087K(5393088K)
[69.877s][info][gc,metaspace   ] GC(47) Metaspace: 6300K(6464K)->6300K(6464K) NonClass: 5767K(5824K)->5767K(5824K) Class: 532K(640K)->532K(640K)
[69.877s][info][gc             ] GC(47) Pause Full (Allocation Failure) 7614M->7614M(7614M) 7485.845ms
[69.877s][info][gc,cpu         ] GC(47) User=7.47s Sys=0.00s Real=7.49s
[69.879s][info][gc,start       ] GC(48) Pause Full (Allocation Failure)
[69.879s][info][gc,phases,start] GC(48) Phase 1: Mark live objects
[73.338s][info][gc,phases      ] GC(48) Phase 1: Mark live objects 3459.201ms
[73.338s][info][gc,phases,start] GC(48) Phase 2: Compute new object addresses
[74.455s][info][gc,phases      ] GC(48) Phase 2: Compute new object addresses 1116.563ms
[74.455s][info][gc,phases,start] GC(48) Phase 3: Adjust pointers
[76.219s][info][gc,phases      ] GC(48) Phase 3: Adjust pointers 1763.853ms
[76.219s][info][gc,phases,start] GC(48) Phase 4: Move objects
[77.613s][info][gc,phases      ] GC(48) Phase 4: Move objects 1394.524ms
[77.614s][info][gc,heap        ] GC(48) DefNew: 2404479K(2404480K)->2404476K(2404480K) Eden: 2137344K(2137344K)->2137344K(2137344K) From: 267135K(267136K)->267132K(267136K)
[77.614s][info][gc,heap        ] GC(48) Tenured: 5393087K(5393088K)->5393087K(5393088K)
[77.614s][info][gc,metaspace   ] GC(48) Metaspace: 6302K(6528K)->6302K(6528K) NonClass: 5768K(5888K)->5768K(5888K) Class: 533K(640K)->533K(640K)
[77.614s][info][gc             ] GC(48) Pause Full (Allocation Failure) 7614M->7614M(7614M) 7735.016ms
[77.614s][info][gc,cpu         ] GC(48) User=7.47s Sys=0.00s Real=7.73s
[77.614s][info][gc,heap,exit   ] Heap
[77.614s][info][gc,heap,exit   ]  def new generation   total 2404480K, used 2404477K [0x0000000612400000, 0x00000006b5500000, 0x00000006b6d50000)
[77.614s][info][gc,heap,exit   ]   eden space 2137344K, 100% used [0x0000000612400000, 0x0000000694b40000, 0x0000000694b40000)
[77.614s][info][gc,heap,exit   ]   from space 267136K,  99% used [0x00000006a5020000, 0x00000006b54ff680, 0x00000006b5500000)
[77.614s][info][gc,heap,exit   ]   to   space 267136K,   0% used [0x0000000694b40000, 0x0000000694b40000, 0x00000006a5020000)
[77.614s][info][gc,heap,exit   ]  tenured generation   total 5393088K, used 5393087K [0x00000006b6d50000, 0x0000000800000000, 0x0000000800000000)
[77.614s][info][gc,heap,exit   ]    the space 5393088K,  99% used [0x00000006b6d50000, 0x00000007ffffff88, 0x0000000800000000, 0x0000000800000000)
[77.614s][info][gc,heap,exit   ]  Metaspace       used 6305K, committed 6528K, reserved 1114112K
[77.614s][info][gc,heap,exit   ]   class space    used 534K, committed 640K, reserved 1048576K
