[0.012s][info][gc,init] CardTable entry size: 512
[0.012s][info][gc     ] Using Parallel
[0.013s][info][gc,init] Version: 18.0.1+10 (release)
[0.013s][info][gc,init] CPUs: 8 total, 8 available
[0.013s][info][gc,init] Memory: 16063M
[0.013s][info][gc,init] Large Page Support: Disabled
[0.013s][info][gc,init] NUMA Support: Disabled
[0.013s][info][gc,init] Compressed Oops: Enabled (Zero based)
[0.013s][info][gc,init] Alignments: Space 512K, Generation 512K, Heap 2M
[0.013s][info][gc,init] Heap Min Capacity: 2M
[0.013s][info][gc,init] Heap Initial Capacity: 2M
[0.013s][info][gc,init] Heap Max Capacity: 4500M
[0.013s][info][gc,init] Pre-touch: Disabled
[0.013s][info][gc,init] Parallel Workers: 8
[0.014s][info][gc,metaspace] CDS archive(s) not mapped
[0.014s][info][gc,metaspace] Compressed class space mapped at: 0x0000000800000000-0x0000000840000000, reserved size: 1073741824
[0.014s][info][gc,metaspace] Narrow klass base: 0x0000000800000000, Narrow klass shift: 0, Narrow klass range: 0x40000000
[0.108s][info][gc,start    ] GC(0) Pause Young (Allocation Failure)
[0.109s][info][gc,heap     ] GC(0) PSYoungGen: 512K(1024K)->480K(1024K) Eden: 512K(512K)->0K(512K) From: 0K(512K)->480K(512K)
[0.109s][info][gc,heap     ] GC(0) ParOldGen: 0K(512K)->8K(512K)
[0.109s][info][gc,metaspace] GC(0) Metaspace: 4229K(4352K)->4229K(4352K) NonClass: 3908K(3968K)->3908K(3968K) Class: 321K(384K)->321K(384K)
[0.109s][info][gc          ] GC(0) Pause Young (Allocation Failure) 0M->0M(1M) 1.387ms
[0.109s][info][gc,cpu      ] GC(0) User=0.00s Sys=0.00s Real=0.00s
[0.166s][info][gc,start    ] GC(1) Pause Young (Allocation Failure)
[0.167s][info][gc,heap     ] GC(1) PSYoungGen: 991K(1024K)->512K(1536K) Eden: 511K(512K)->0K(1024K) From: 480K(512K)->512K(512K)
[0.167s][info][gc,heap     ] GC(1) ParOldGen: 8K(512K)->96K(512K)
[0.167s][info][gc,metaspace] GC(1) Metaspace: 5877K(6016K)->5877K(6016K) NonClass: 5381K(5504K)->5381K(5504K) Class: 496K(512K)->496K(512K)
[0.167s][info][gc          ] GC(1) Pause Young (Allocation Failure) 0M->0M(2M) 0.852ms
[0.167s][info][gc,cpu      ] GC(1) User=0.00s Sys=0.00s Real=0.00s
[0.186s][info][gc,start    ] GC(2) Pause Young (Allocation Failure)
[0.187s][info][gc,heap     ] GC(2) PSYoungGen: 1536K(1536K)->512K(1536K) Eden: 1024K(1024K)->0K(1024K) From: 512K(512K)->512K(512K)
[0.187s][info][gc,heap     ] GC(2) ParOldGen: 96K(512K)->512K(1024K)
[0.187s][info][gc,metaspace] GC(2) Metaspace: 6297K(6464K)->6297K(6464K) NonClass: 5763K(5824K)->5763K(5824K) Class: 533K(640K)->533K(640K)
[0.187s][info][gc          ] GC(2) Pause Young (Allocation Failure) 1M->1M(2M) 1.181ms
[0.187s][info][gc,cpu      ] GC(2) User=0.00s Sys=0.00s Real=0.00s
[0.188s][info][gc,start    ] GC(3) Pause Young (Allocation Failure)
[0.190s][info][gc,heap     ] GC(3) PSYoungGen: 1536K(1536K)->512K(2560K) Eden: 1024K(1024K)->0K(2048K) From: 512K(512K)->512K(512K)
[0.190s][info][gc,heap     ] GC(3) ParOldGen: 512K(1024K)->1040K(1536K)
[0.190s][info][gc,metaspace] GC(3) Metaspace: 6297K(6464K)->6297K(6464K) NonClass: 5763K(5824K)->5763K(5824K) Class: 533K(640K)->533K(640K)
[0.190s][info][gc          ] GC(3) Pause Young (Allocation Failure) 2M->1M(4M) 1.539ms
[0.190s][info][gc,cpu      ] GC(3) User=0.00s Sys=0.00s Real=0.00s
[0.190s][info][gc,start    ] GC(4) Pause Full (Ergonomics)
[0.190s][info][gc,phases,start] GC(4) Marking Phase
[0.191s][info][gc,phases      ] GC(4) Marking Phase 1.115ms
[0.191s][info][gc,phases,start] GC(4) Summary Phase
[0.191s][info][gc,phases      ] GC(4) Summary Phase 0.014ms
[0.191s][info][gc,phases,start] GC(4) Adjust Roots
[0.192s][info][gc,phases      ] GC(4) Adjust Roots 0.338ms
[0.192s][info][gc,phases,start] GC(4) Compaction Phase
[0.193s][info][gc,phases      ] GC(4) Compaction Phase 1.925ms
[0.194s][info][gc,phases,start] GC(4) Post Compact
[0.194s][info][gc,phases      ] GC(4) Post Compact 0.080ms
[0.194s][info][gc,heap        ] GC(4) PSYoungGen: 512K(2560K)->0K(2560K) Eden: 0K(2048K)->0K(2048K) From: 512K(512K)->0K(512K)
[0.194s][info][gc,heap        ] GC(4) ParOldGen: 1040K(1536K)->1496K(3584K)
[0.194s][info][gc,metaspace   ] GC(4) Metaspace: 6297K(6464K)->6297K(6464K) NonClass: 5763K(5824K)->5763K(5824K) Class: 533K(640K)->533K(640K)
[0.194s][info][gc             ] GC(4) Pause Full (Ergonomics) 1M->1M(6M) 3.805ms
[0.194s][info][gc,cpu         ] GC(4) User=0.00s Sys=0.00s Real=0.00s
[0.197s][info][gc,start       ] GC(5) Pause Young (Allocation Failure)
[0.198s][info][gc,heap        ] GC(5) PSYoungGen: 2048K(2560K)->480K(3584K) Eden: 2048K(2048K)->0K(3072K) From: 0K(512K)->480K(512K)
[0.198s][info][gc,heap        ] GC(5) ParOldGen: 1496K(3584K)->2112K(3584K)
[0.198s][info][gc,metaspace   ] GC(5) Metaspace: 6297K(6464K)->6297K(6464K) NonClass: 5763K(5824K)->5763K(5824K) Class: 533K(640K)->533K(640K)
[0.198s][info][gc             ] GC(5) Pause Young (Allocation Failure) 3M->2M(7M) 1.189ms
[0.198s][info][gc,cpu         ] GC(5) User=0.00s Sys=0.00s Real=0.00s
[0.202s][info][gc,start       ] GC(6) Pause Young (Allocation Failure)
[0.205s][info][gc,heap        ] GC(6) PSYoungGen: 3552K(3584K)->1504K(4608K) Eden: 3072K(3072K)->0K(3072K) From: 480K(512K)->1504K(1536K)
[0.205s][info][gc,heap        ] GC(6) ParOldGen: 2112K(3584K)->2680K(3584K)
[0.205s][info][gc,metaspace   ] GC(6) Metaspace: 6297K(6464K)->6297K(6464K) NonClass: 5763K(5824K)->5763K(5824K) Class: 533K(640K)->533K(640K)
[0.205s][info][gc             ] GC(6) Pause Young (Allocation Failure) 5M->4M(8M) 2.422ms
[0.205s][info][gc,cpu         ] GC(6) User=0.00s Sys=0.00s Real=0.00s
[0.208s][info][gc,start       ] GC(7) Pause Young (Allocation Failure)
[0.211s][info][gc,heap        ] GC(7) PSYoungGen: 4576K(4608K)->2016K(7168K) Eden: 3072K(3072K)->0K(5120K) From: 1504K(1536K)->2016K(2048K)
[0.211s][info][gc,heap        ] GC(7) ParOldGen: 2680K(3584K)->3768K(4096K)
[0.211s][info][gc,metaspace   ] GC(7) Metaspace: 6297K(6464K)->6297K(6464K) NonClass: 5763K(5824K)->5763K(5824K) Class: 533K(640K)->533K(640K)
[0.211s][info][gc             ] GC(7) Pause Young (Allocation Failure) 7M->5M(11M) 2.686ms
[0.211s][info][gc,cpu         ] GC(7) User=0.00s Sys=0.00s Real=0.00s
[0.211s][info][gc,start       ] GC(8) Pause Full (Ergonomics)
[0.211s][info][gc,phases,start] GC(8) Marking Phase
[0.213s][info][gc,phases      ] GC(8) Marking Phase 2.528ms
[0.214s][info][gc,phases,start] GC(8) Summary Phase
[0.214s][info][gc,phases      ] GC(8) Summary Phase 0.016ms
[0.214s][info][gc,phases,start] GC(8) Adjust Roots
[0.214s][info][gc,phases      ] GC(8) Adjust Roots 0.299ms
[0.214s][info][gc,phases,start] GC(8) Compaction Phase
[0.217s][info][gc,phases      ] GC(8) Compaction Phase 3.254ms
[0.217s][info][gc,phases,start] GC(8) Post Compact
[0.217s][info][gc,phases      ] GC(8) Post Compact 0.032ms
[0.217s][info][gc,heap        ] GC(8) PSYoungGen: 2016K(7168K)->2012K(7168K) Eden: 0K(5120K)->0K(5120K) From: 2016K(2048K)->2012K(2048K)
[0.217s][info][gc,heap        ] GC(8) ParOldGen: 3768K(4096K)->3675K(6656K)
[0.217s][info][gc,metaspace   ] GC(8) Metaspace: 6297K(6464K)->6297K(6464K) NonClass: 5763K(5824K)->5763K(5824K) Class: 533K(640K)->533K(640K)
[0.217s][info][gc             ] GC(8) Pause Full (Ergonomics) 5M->5M(13M) 6.405ms
[0.217s][info][gc,cpu         ] GC(8) User=0.00s Sys=0.00s Real=0.01s
[0.223s][info][gc,start       ] GC(9) Pause Young (Allocation Failure)
[0.228s][info][gc,heap        ] GC(9) PSYoungGen: 7132K(7168K)->3040K(8192K) Eden: 5120K(5120K)->0K(5120K) From: 2012K(2048K)->3040K(3072K)
[0.228s][info][gc,heap        ] GC(9) ParOldGen: 3675K(6656K)->5323K(6656K)
[0.228s][info][gc,metaspace   ] GC(9) Metaspace: 6297K(6464K)->6297K(6464K) NonClass: 5763K(5824K)->5763K(5824K) Class: 533K(640K)->533K(640K)
[0.228s][info][gc             ] GC(9) Pause Young (Allocation Failure) 10M->8M(14M) 5.024ms
[0.228s][info][gc,cpu         ] GC(9) User=0.00s Sys=0.00s Real=0.00s
[0.228s][info][gc,start       ] GC(10) Pause Full (Ergonomics)
[0.228s][info][gc,phases,start] GC(10) Marking Phase
[0.232s][info][gc,phases      ] GC(10) Marking Phase 3.794ms
[0.232s][info][gc,phases,start] GC(10) Summary Phase
[0.232s][info][gc,phases      ] GC(10) Summary Phase 0.016ms
[0.232s][info][gc,phases,start] GC(10) Adjust Roots
[0.232s][info][gc,phases      ] GC(10) Adjust Roots 0.203ms
[0.232s][info][gc,phases,start] GC(10) Compaction Phase
[0.236s][info][gc,phases      ] GC(10) Compaction Phase 3.785ms
[0.236s][info][gc,phases,start] GC(10) Post Compact
[0.236s][info][gc,phases      ] GC(10) Post Compact 0.066ms
[0.236s][info][gc,heap        ] GC(10) PSYoungGen: 3040K(8192K)->2012K(8192K) Eden: 0K(5120K)->0K(5120K) From: 3040K(3072K)->2012K(3072K)
[0.236s][info][gc,heap        ] GC(10) ParOldGen: 5323K(6656K)->6310K(10240K)
[0.236s][info][gc,metaspace   ] GC(10) Metaspace: 6297K(6464K)->6297K(6464K) NonClass: 5763K(5824K)->5763K(5824K) Class: 533K(640K)->533K(640K)
[0.236s][info][gc             ] GC(10) Pause Full (Ergonomics) 8M->8M(18M) 8.243ms
[0.236s][info][gc,cpu         ] GC(10) User=0.00s Sys=0.00s Real=0.01s
[0.241s][info][gc,start       ] GC(11) Pause Young (Allocation Failure)
[0.245s][info][gc,heap        ] GC(11) PSYoungGen: 7132K(8192K)->4224K(11264K) Eden: 5120K(5120K)->0K(6656K) From: 2012K(3072K)->4224K(4608K)
[0.245s][info][gc,heap        ] GC(11) ParOldGen: 6310K(10240K)->6822K(10240K)
[0.245s][info][gc,metaspace   ] GC(11) Metaspace: 6297K(6464K)->6297K(6464K) NonClass: 5763K(5824K)->5763K(5824K) Class: 533K(640K)->533K(640K)
[0.245s][info][gc             ] GC(11) Pause Young (Allocation Failure) 13M->10M(21M) 4.237ms
[0.245s][info][gc,cpu         ] GC(11) User=0.00s Sys=0.00s Real=0.00s
[0.252s][info][gc,start       ] GC(12) Pause Young (Allocation Failure)
[0.258s][info][gc,heap        ] GC(12) PSYoungGen: 10880K(11264K)->5088K(11776K) Eden: 6656K(6656K)->0K(6656K) From: 4224K(4608K)->5088K(5120K)
[0.258s][info][gc,heap        ] GC(12) ParOldGen: 6822K(10240K)->9630K(10240K)
[0.258s][info][gc,metaspace   ] GC(12) Metaspace: 6297K(6464K)->6297K(6464K) NonClass: 5763K(5824K)->5763K(5824K) Class: 533K(640K)->533K(640K)
[0.258s][info][gc             ] GC(12) Pause Young (Allocation Failure) 17M->14M(21M) 5.947ms
[0.258s][info][gc,cpu         ] GC(12) User=0.00s Sys=0.00s Real=0.01s
[0.259s][info][gc,start       ] GC(13) Pause Full (Ergonomics)
[0.259s][info][gc,phases,start] GC(13) Marking Phase
[0.265s][info][gc,phases      ] GC(13) Marking Phase 6.080ms
[0.265s][info][gc,phases,start] GC(13) Summary Phase
[0.265s][info][gc,phases      ] GC(13) Summary Phase 0.018ms
[0.265s][info][gc,phases,start] GC(13) Adjust Roots
[0.265s][info][gc,phases      ] GC(13) Adjust Roots 0.182ms
[0.265s][info][gc,phases,start] GC(13) Compaction Phase
[0.271s][info][gc,phases      ] GC(13) Compaction Phase 5.891ms
[0.271s][info][gc,phases,start] GC(13) Post Compact
[0.271s][info][gc,phases      ] GC(13) Post Compact 0.069ms
[0.271s][info][gc,heap        ] GC(13) PSYoungGen: 5088K(11776K)->4375K(11776K) Eden: 0K(6656K)->0K(6656K) From: 5088K(5120K)->4375K(5120K)
[0.271s][info][gc,heap        ] GC(13) ParOldGen: 9630K(10240K)->10012K(15360K)
[0.271s][info][gc,metaspace   ] GC(13) Metaspace: 6297K(6464K)->6297K(6464K) NonClass: 5763K(5824K)->5763K(5824K) Class: 533K(640K)->533K(640K)
[0.271s][info][gc             ] GC(13) Pause Full (Ergonomics) 14M->14M(26M) 12.577ms
[0.271s][info][gc,cpu         ] GC(13) User=0.00s Sys=0.00s Real=0.01s
[0.276s][info][gc,start       ] GC(14) Pause Young (Allocation Failure)
[0.282s][info][gc,heap        ] GC(14) PSYoungGen: 11031K(11776K)->5344K(15872K) Eden: 6656K(6656K)->0K(8704K) From: 4375K(5120K)->5344K(7168K)
[0.282s][info][gc,heap        ] GC(14) ParOldGen: 10012K(15360K)->12532K(15360K)
[0.282s][info][gc,metaspace   ] GC(14) Metaspace: 6299K(6464K)->6299K(6464K) NonClass: 5765K(5824K)->5765K(5824K) Class: 533K(640K)->533K(640K)
[0.282s][info][gc             ] GC(14) Pause Young (Allocation Failure) 20M->17M(30M) 6.370ms
[0.282s][info][gc,cpu         ] GC(14) User=0.00s Sys=0.00s Real=0.01s
[0.287s][info][gc,start       ] GC(15) Pause Young (Allocation Failure)
[0.294s][info][gc,heap        ] GC(15) PSYoungGen: 14048K(15872K)->7680K(16384K) Eden: 8704K(8704K)->0K(8704K) From: 5344K(7168K)->7680K(7680K)
[0.294s][info][gc,heap        ] GC(15) ParOldGen: 12532K(15360K)->14708K(15360K)
[0.294s][info][gc,metaspace   ] GC(15) Metaspace: 6299K(6464K)->6299K(6464K) NonClass: 5765K(5824K)->5765K(5824K) Class: 533K(640K)->533K(640K)
[0.294s][info][gc             ] GC(15) Pause Young (Allocation Failure) 25M->21M(31M) 6.403ms
[0.294s][info][gc,cpu         ] GC(15) User=0.00s Sys=0.00s Real=0.01s
[0.294s][info][gc,start       ] GC(16) Pause Full (Ergonomics)
[0.294s][info][gc,phases,start] GC(16) Marking Phase
[0.303s][info][gc,phases      ] GC(16) Marking Phase 9.158ms
[0.303s][info][gc,phases,start] GC(16) Summary Phase
[0.303s][info][gc,phases      ] GC(16) Summary Phase 0.022ms
[0.303s][info][gc,phases,start] GC(16) Adjust Roots
[0.303s][info][gc,phases      ] GC(16) Adjust Roots 0.181ms
[0.303s][info][gc,phases,start] GC(16) Compaction Phase
[0.314s][info][gc,phases      ] GC(16) Compaction Phase 10.419ms
[0.314s][info][gc,phases,start] GC(16) Post Compact
[0.314s][info][gc,phases      ] GC(16) Post Compact 0.146ms
[0.314s][info][gc,heap        ] GC(16) PSYoungGen: 7680K(16384K)->7153K(16384K) Eden: 0K(8704K)->0K(8704K) From: 7680K(7680K)->7153K(7680K)
[0.314s][info][gc,heap        ] GC(16) ParOldGen: 14708K(15360K)->15130K(22528K)
[0.314s][info][gc,metaspace   ] GC(16) Metaspace: 6299K(6464K)->6299K(6464K) NonClass: 5765K(5824K)->5765K(5824K) Class: 533K(640K)->533K(640K)
[0.314s][info][gc             ] GC(16) Pause Full (Ergonomics) 21M->21M(38M) 20.359ms
[0.314s][info][gc,cpu         ] GC(16) User=0.00s Sys=0.00s Real=0.02s
[0.322s][info][gc,start       ] GC(17) Pause Young (Allocation Failure)
[0.331s][info][gc,heap        ] GC(17) PSYoungGen: 15857K(16384K)->5024K(21504K) Eden: 8704K(8704K)->0K(11776K) From: 7153K(7680K)->5024K(9728K)
[0.331s][info][gc,heap        ] GC(17) ParOldGen: 15130K(22528K)->22410K(22528K)
[0.332s][info][gc,metaspace   ] GC(17) Metaspace: 6299K(6464K)->6299K(6464K) NonClass: 5765K(5824K)->5765K(5824K) Class: 533K(640K)->533K(640K)
[0.332s][info][gc             ] GC(17) Pause Young (Allocation Failure) 30M->26M(43M) 9.752ms
[0.332s][info][gc,cpu         ] GC(17) User=0.00s Sys=0.00s Real=0.01s
[0.332s][info][gc,start       ] GC(18) Pause Full (Ergonomics)
[0.332s][info][gc,phases,start] GC(18) Marking Phase
[0.343s][info][gc,phases      ] GC(18) Marking Phase 11.768ms
[0.343s][info][gc,phases,start] GC(18) Summary Phase
[0.343s][info][gc,phases      ] GC(18) Summary Phase 0.019ms
[0.343s][info][gc,phases,start] GC(18) Adjust Roots
[0.344s][info][gc,phases      ] GC(18) Adjust Roots 0.185ms
[0.344s][info][gc,phases,start] GC(18) Compaction Phase
[0.354s][info][gc,phases      ] GC(18) Compaction Phase 10.384ms
[0.354s][info][gc,phases,start] GC(18) Post Compact
[0.354s][info][gc,phases      ] GC(18) Post Compact 0.108ms
[0.354s][info][gc,heap        ] GC(18) PSYoungGen: 5024K(21504K)->4991K(21504K) Eden: 0K(11776K)->0K(11776K) From: 5024K(9728K)->4991K(9728K)
[0.354s][info][gc,heap        ] GC(18) ParOldGen: 22410K(22528K)->21772K(32768K)
[0.354s][info][gc,metaspace   ] GC(18) Metaspace: 6299K(6464K)->6299K(6464K) NonClass: 5765K(5824K)->5765K(5824K) Class: 533K(640K)->533K(640K)
[0.354s][info][gc             ] GC(18) Pause Full (Ergonomics) 26M->26M(53M) 22.809ms
[0.354s][info][gc,cpu         ] GC(18) User=0.00s Sys=0.00s Real=0.02s
[0.362s][info][gc,start       ] GC(19) Pause Young (Allocation Failure)
[0.370s][info][gc,heap        ] GC(19) PSYoungGen: 16767K(21504K)->6112K(21504K) Eden: 11776K(11776K)->0K(11776K) From: 4991K(9728K)->6112K(9728K)
[0.370s][info][gc,heap        ] GC(19) ParOldGen: 21772K(32768K)->26836K(32768K)
[0.370s][info][gc,metaspace   ] GC(19) Metaspace: 6299K(6464K)->6299K(6464K) NonClass: 5765K(5824K)->5765K(5824K) Class: 533K(640K)->533K(640K)
[0.370s][info][gc             ] GC(19) Pause Young (Allocation Failure) 37M->32M(53M) 8.127ms
[0.370s][info][gc,cpu         ] GC(19) User=0.00s Sys=0.00s Real=0.01s
[0.370s][info][gc,start       ] GC(20) Pause Full (Ergonomics)
[0.370s][info][gc,phases,start] GC(20) Marking Phase
[0.384s][info][gc,phases      ] GC(20) Marking Phase 13.640ms
[0.384s][info][gc,phases,start] GC(20) Summary Phase
[0.384s][info][gc,phases      ] GC(20) Summary Phase 0.020ms
[0.384s][info][gc,phases,start] GC(20) Adjust Roots
[0.384s][info][gc,phases      ] GC(20) Adjust Roots 0.177ms
[0.384s][info][gc,phases,start] GC(20) Compaction Phase
[0.396s][info][gc,phases      ] GC(20) Compaction Phase 11.739ms
[0.396s][info][gc,phases,start] GC(20) Post Compact
[0.396s][info][gc,phases      ] GC(20) Post Compact 0.118ms
[0.396s][info][gc,heap        ] GC(20) PSYoungGen: 6112K(21504K)->469K(21504K) Eden: 0K(11776K)->0K(11776K) From: 6112K(9728K)->469K(9728K)
[0.396s][info][gc,heap        ] GC(20) ParOldGen: 26836K(32768K)->32384K(45568K)
[0.396s][info][gc,metaspace   ] GC(20) Metaspace: 6299K(6464K)->6299K(6464K) NonClass: 5765K(5824K)->5765K(5824K) Class: 533K(640K)->533K(640K)
[0.396s][info][gc             ] GC(20) Pause Full (Ergonomics) 32M->32M(65M) 26.073ms
[0.396s][info][gc,cpu         ] GC(20) User=0.00s Sys=0.02s Real=0.03s
[0.406s][info][gc,start       ] GC(21) Pause Young (Allocation Failure)
[0.416s][info][gc,heap        ] GC(21) PSYoungGen: 12245K(21504K)->10240K(23552K) Eden: 11776K(11776K)->0K(13312K) From: 469K(9728K)->10240K(10240K)
[0.416s][info][gc,heap        ] GC(21) ParOldGen: 32384K(45568K)->32488K(45568K)
[0.416s][info][gc,metaspace   ] GC(21) Metaspace: 6299K(6464K)->6299K(6464K) NonClass: 5765K(5824K)->5765K(5824K) Class: 533K(640K)->533K(640K)
[0.416s][info][gc             ] GC(21) Pause Young (Allocation Failure) 43M->41M(67M) 10.478ms
[0.416s][info][gc,cpu         ] GC(21) User=0.00s Sys=0.00s Real=0.01s
[0.431s][info][gc,start       ] GC(22) Pause Young (Allocation Failure)
[0.449s][info][gc,heap        ] GC(22) PSYoungGen: 23552K(23552K)->11744K(25088K) Eden: 13312K(13312K)->0K(13312K) From: 10240K(10240K)->11744K(11776K)
[0.449s][info][gc,heap        ] GC(22) ParOldGen: 32488K(45568K)->44464K(45568K)
[0.449s][info][gc,metaspace   ] GC(22) Metaspace: 6299K(6464K)->6299K(6464K) NonClass: 5765K(5824K)->5765K(5824K) Class: 533K(640K)->533K(640K)
[0.449s][info][gc             ] GC(22) Pause Young (Allocation Failure) 54M->54M(69M) 17.227ms
[0.449s][info][gc,cpu         ] GC(22) User=0.03s Sys=0.00s Real=0.02s
[0.449s][info][gc,start       ] GC(23) Pause Full (Ergonomics)
[0.449s][info][gc,phases,start] GC(23) Marking Phase
[0.470s][info][gc,phases      ] GC(23) Marking Phase 21.607ms
[0.470s][info][gc,phases,start] GC(23) Summary Phase
[0.471s][info][gc,phases      ] GC(23) Summary Phase 0.020ms
[0.471s][info][gc,phases,start] GC(23) Adjust Roots
[0.471s][info][gc,phases      ] GC(23) Adjust Roots 0.201ms
[0.471s][info][gc,phases,start] GC(23) Compaction Phase
[0.490s][info][gc,phases      ] GC(23) Compaction Phase 19.469ms
[0.490s][info][gc,phases,start] GC(23) Post Compact
[0.491s][info][gc,phases      ] GC(23) Post Compact 0.204ms
[0.491s][info][gc,heap        ] GC(23) PSYoungGen: 11744K(25088K)->9613K(25088K) Eden: 0K(13312K)->0K(13312K) From: 11744K(11776K)->9613K(11776K)
[0.491s][info][gc,heap        ] GC(23) ParOldGen: 44464K(45568K)->45347K(63488K)
[0.491s][info][gc,metaspace   ] GC(23) Metaspace: 6299K(6464K)->6299K(6464K) NonClass: 5765K(5824K)->5765K(5824K) Class: 533K(640K)->533K(640K)
[0.491s][info][gc             ] GC(23) Pause Full (Ergonomics) 54M->53M(86M) 41.958ms
[0.491s][info][gc,cpu         ] GC(23) User=0.03s Sys=0.00s Real=0.04s
[0.505s][info][gc,start       ] GC(24) Pause Young (Allocation Failure)
[0.526s][info][gc,heap        ] GC(24) PSYoungGen: 22925K(25088K)->13344K(33280K) Eden: 13312K(13312K)->0K(14848K) From: 9613K(11776K)->13344K(18432K)
[0.526s][info][gc,heap        ] GC(24) ParOldGen: 45347K(63488K)->55123K(63488K)
[0.526s][info][gc,metaspace   ] GC(24) Metaspace: 6299K(6464K)->6299K(6464K) NonClass: 5765K(5824K)->5765K(5824K) Class: 533K(640K)->533K(640K)
[0.526s][info][gc             ] GC(24) Pause Young (Allocation Failure) 66M->66M(94M) 20.435ms
[0.526s][info][gc,cpu         ] GC(24) User=0.02s Sys=0.02s Real=0.02s
[0.526s][info][gc,start       ] GC(25) Pause Full (Ergonomics)
[0.526s][info][gc,phases,start] GC(25) Marking Phase
[0.552s][info][gc,phases      ] GC(25) Marking Phase 25.632ms
[0.552s][info][gc,phases,start] GC(25) Summary Phase
[0.552s][info][gc,phases      ] GC(25) Summary Phase 0.020ms
[0.552s][info][gc,phases,start] GC(25) Adjust Roots
[0.552s][info][gc,phases      ] GC(25) Adjust Roots 0.158ms
[0.552s][info][gc,phases,start] GC(25) Compaction Phase
[0.569s][info][gc,phases      ] GC(25) Compaction Phase 17.241ms
[0.569s][info][gc,phases,start] GC(25) Post Compact
[0.570s][info][gc,phases      ] GC(25) Post Compact 0.404ms
[0.570s][info][gc,heap        ] GC(25) PSYoungGen: 13344K(33280K)->5106K(33280K) Eden: 0K(14848K)->0K(14848K) From: 13344K(18432K)->5106K(18432K)
[0.570s][info][gc,heap        ] GC(25) ParOldGen: 55123K(63488K)->63136K(84992K)
[0.570s][info][gc,metaspace   ] GC(25) Metaspace: 6299K(6464K)->6299K(6464K) NonClass: 5765K(5824K)->5765K(5824K) Class: 533K(640K)->533K(640K)
[0.570s][info][gc             ] GC(25) Pause Full (Ergonomics) 66M->66M(115M) 43.901ms
[0.570s][info][gc,cpu         ] GC(25) User=0.06s Sys=0.00s Real=0.04s
[0.584s][info][gc,start       ] GC(26) Pause Young (Allocation Failure)
[0.600s][info][gc,heap        ] GC(26) PSYoungGen: 19954K(33280K)->19456K(34304K) Eden: 14848K(14848K)->0K(14848K) From: 5106K(18432K)->19456K(19456K)
[0.600s][info][gc,heap        ] GC(26) ParOldGen: 63136K(84992K)->63656K(84992K)
[0.600s][info][gc,metaspace   ] GC(26) Metaspace: 6299K(6464K)->6299K(6464K) NonClass: 5765K(5824K)->5765K(5824K) Class: 533K(640K)->533K(640K)
[0.600s][info][gc             ] GC(26) Pause Young (Allocation Failure) 81M->81M(116M) 16.100ms
[0.600s][info][gc,cpu         ] GC(26) User=0.00s Sys=0.00s Real=0.02s
[0.619s][info][gc,start       ] GC(27) Pause Young (Allocation Failure)
[0.644s][info][gc,heap        ] GC(27) PSYoungGen: 34304K(34304K)->14880K(39424K) Eden: 14848K(14848K)->0K(16384K) From: 19456K(19456K)->14880K(23040K)
[0.644s][info][gc,heap        ] GC(27) ParOldGen: 63656K(84992K)->83392K(84992K)
[0.644s][info][gc,metaspace   ] GC(27) Metaspace: 6299K(6464K)->6299K(6464K) NonClass: 5765K(5824K)->5765K(5824K) Class: 533K(640K)->533K(640K)
[0.644s][info][gc             ] GC(27) Pause Young (Allocation Failure) 95M->95M(121M) 25.099ms
[0.644s][info][gc,cpu         ] GC(27) User=0.03s Sys=0.00s Real=0.02s
[0.644s][info][gc,start       ] GC(28) Pause Full (Ergonomics)
[0.644s][info][gc,phases,start] GC(28) Marking Phase
[0.681s][info][gc,phases      ] GC(28) Marking Phase 36.389ms
[0.681s][info][gc,phases,start] GC(28) Summary Phase
[0.681s][info][gc,phases      ] GC(28) Summary Phase 0.021ms
[0.681s][info][gc,phases,start] GC(28) Adjust Roots
[0.681s][info][gc,phases      ] GC(28) Adjust Roots 0.158ms
[0.681s][info][gc,phases,start] GC(28) Compaction Phase
[0.709s][info][gc,phases      ] GC(28) Compaction Phase 27.824ms
[0.709s][info][gc,phases,start] GC(28) Post Compact
[0.709s][info][gc,phases      ] GC(28) Post Compact 0.339ms
[0.710s][info][gc,heap        ] GC(28) PSYoungGen: 14880K(39424K)->14826K(39424K) Eden: 0K(16384K)->0K(16384K) From: 14880K(23040K)->14826K(23040K)
[0.710s][info][gc,heap        ] GC(28) ParOldGen: 83392K(84992K)->81007K(109056K)
[0.710s][info][gc,metaspace   ] GC(28) Metaspace: 6299K(6464K)->6299K(6464K) NonClass: 5765K(5824K)->5765K(5824K) Class: 533K(640K)->533K(640K)
[0.710s][info][gc             ] GC(28) Pause Full (Ergonomics) 95M->93M(145M) 65.117ms
[0.710s][info][gc,cpu         ] GC(28) User=0.09s Sys=0.00s Real=0.07s
[0.724s][info][gc,start       ] GC(29) Pause Young (Allocation Failure)
[0.741s][info][gc,heap        ] GC(29) PSYoungGen: 31210K(39424K)->24032K(40448K) Eden: 16384K(16384K)->0K(16384K) From: 14826K(23040K)->24032K(24064K)
[0.741s][info][gc,heap        ] GC(29) ParOldGen: 81007K(109056K)->88319K(109056K)
[0.741s][info][gc,metaspace   ] GC(29) Metaspace: 6299K(6464K)->6299K(6464K) NonClass: 5765K(5824K)->5765K(5824K) Class: 533K(640K)->533K(640K)
[0.741s][info][gc             ] GC(29) Pause Young (Allocation Failure) 109M->109M(146M) 17.501ms
[0.741s][info][gc,cpu         ] GC(29) User=0.05s Sys=0.00s Real=0.02s
[0.757s][info][gc,start       ] GC(30) Pause Young (Allocation Failure)
[0.778s][info][gc,heap        ] GC(30) PSYoungGen: 40416K(40448K)->16448K(50176K) Eden: 16384K(16384K)->0K(19456K) From: 24032K(24064K)->16448K(30720K)
[0.778s][info][gc,heap        ] GC(30) ParOldGen: 88319K(109056K)->112639K(112640K)
[0.778s][info][gc,metaspace   ] GC(30) Metaspace: 6299K(6464K)->6299K(6464K) NonClass: 5765K(5824K)->5765K(5824K) Class: 533K(640K)->533K(640K)
[0.778s][info][gc             ] GC(30) Pause Young (Allocation Failure) 125M->126M(159M) 21.095ms
[0.778s][info][gc,cpu         ] GC(30) User=0.02s Sys=0.03s Real=0.02s
[0.778s][info][gc,start       ] GC(31) Pause Full (Ergonomics)
[0.778s][info][gc,phases,start] GC(31) Marking Phase
[0.811s][info][gc,phases      ] GC(31) Marking Phase 32.124ms
[0.811s][info][gc,phases,start] GC(31) Summary Phase
[0.811s][info][gc,phases      ] GC(31) Summary Phase 0.020ms
[0.811s][info][gc,phases,start] GC(31) Adjust Roots
[0.811s][info][gc,phases      ] GC(31) Adjust Roots 0.151ms
[0.811s][info][gc,phases,start] GC(31) Compaction Phase
[0.838s][info][gc,phases      ] GC(31) Compaction Phase 27.637ms
[0.838s][info][gc,phases,start] GC(31) Post Compact
[0.839s][info][gc,phases      ] GC(31) Post Compact 0.452ms
[0.839s][info][gc,heap        ] GC(31) PSYoungGen: 16448K(50176K)->16353K(50176K) Eden: 0K(19456K)->0K(19456K) From: 16448K(30720K)->16353K(30720K)
[0.839s][info][gc,heap        ] GC(31) ParOldGen: 112639K(112640K)->112189K(148480K)
[0.839s][info][gc,metaspace   ] GC(31) Metaspace: 6299K(6464K)->6299K(6464K) NonClass: 5765K(5824K)->5765K(5824K) Class: 533K(640K)->533K(640K)
[0.839s][info][gc             ] GC(31) Pause Full (Ergonomics) 126M->125M(194M) 60.839ms
[0.839s][info][gc,cpu         ] GC(31) User=0.09s Sys=0.00s Real=0.06s
[0.860s][info][gc,start       ] GC(32) Pause Young (Allocation Failure)
[0.887s][info][gc,heap        ] GC(32) PSYoungGen: 35809K(50176K)->30720K(50176K) Eden: 19456K(19456K)->0K(19456K) From: 16353K(30720K)->30720K(30720K)
[0.887s][info][gc,heap        ] GC(32) ParOldGen: 112189K(148480K)->117397K(148480K)
[0.887s][info][gc,metaspace   ] GC(32) Metaspace: 6299K(6464K)->6299K(6464K) NonClass: 5765K(5824K)->5765K(5824K) Class: 533K(640K)->533K(640K)
[0.887s][info][gc             ] GC(32) Pause Young (Allocation Failure) 144M->144M(194M) 27.074ms
[0.887s][info][gc,cpu         ] GC(32) User=0.03s Sys=0.00s Real=0.03s
[0.906s][info][gc,start       ] GC(33) Pause Young (Allocation Failure)
[0.935s][info][gc,heap        ] GC(33) PSYoungGen: 50176K(50176K)->19520K(60928K) Eden: 19456K(19456K)->0K(23552K) From: 30720K(30720K)->19520K(37376K)
[0.935s][info][gc,heap        ] GC(33) ParOldGen: 117397K(148480K)->148549K(148992K)
[0.935s][info][gc,metaspace   ] GC(33) Metaspace: 6299K(6464K)->6299K(6464K) NonClass: 5765K(5824K)->5765K(5824K) Class: 533K(640K)->533K(640K)
[0.935s][info][gc             ] GC(33) Pause Young (Allocation Failure) 163M->164M(205M) 29.341ms
[0.935s][info][gc,cpu         ] GC(33) User=0.11s Sys=0.00s Real=0.03s
[0.935s][info][gc,start       ] GC(34) Pause Full (Ergonomics)
[0.935s][info][gc,phases,start] GC(34) Marking Phase
[0.980s][info][gc,phases      ] GC(34) Marking Phase 45.223ms
[0.980s][info][gc,phases,start] GC(34) Summary Phase
[0.980s][info][gc,phases      ] GC(34) Summary Phase 0.015ms
[0.980s][info][gc,phases,start] GC(34) Adjust Roots
[0.981s][info][gc,phases      ] GC(34) Adjust Roots 0.142ms
[0.981s][info][gc,phases,start] GC(34) Compaction Phase
[1.007s][info][gc,phases      ] GC(34) Compaction Phase 26.478ms
[1.007s][info][gc,phases,start] GC(34) Post Compact
[1.008s][info][gc,phases      ] GC(34) Post Compact 0.722ms
[1.008s][info][gc,heap        ] GC(34) PSYoungGen: 19520K(60928K)->18404K(60928K) Eden: 0K(23552K)->0K(23552K) From: 19520K(37376K)->18404K(37376K)
[1.008s][info][gc,heap        ] GC(34) ParOldGen: 148549K(148992K)->148988K(193536K)
[1.008s][info][gc,metaspace   ] GC(34) Metaspace: 6299K(6464K)->6299K(6464K) NonClass: 5765K(5824K)->5765K(5824K) Class: 533K(640K)->533K(640K)
[1.008s][info][gc             ] GC(34) Pause Full (Ergonomics) 164M->163M(248M) 73.181ms
[1.008s][info][gc,cpu         ] GC(34) User=0.22s Sys=0.00s Real=0.07s
[1.051s][info][gc,start       ] GC(35) Pause Young (Allocation Failure)
[1.079s][info][gc,heap        ] GC(35) PSYoungGen: 41956K(60928K)->37344K(60928K) Eden: 23552K(23552K)->0K(23552K) From: 18404K(37376K)->37344K(37376K)
[1.079s][info][gc,heap        ] GC(35) ParOldGen: 148988K(193536K)->153732K(193536K)
[1.079s][info][gc,metaspace   ] GC(35) Metaspace: 6299K(6464K)->6299K(6464K) NonClass: 5765K(5824K)->5765K(5824K) Class: 533K(640K)->533K(640K)
[1.080s][info][gc             ] GC(35) Pause Young (Allocation Failure) 186M->186M(248M) 28.096ms
[1.080s][info][gc,cpu         ] GC(35) User=0.02s Sys=0.00s Real=0.03s
[1.102s][info][gc,start       ] GC(36) Pause Young (Allocation Failure)
[1.135s][info][gc,heap        ] GC(36) PSYoungGen: 60896K(60928K)->23648K(71168K) Eden: 23552K(23552K)->0K(27136K) From: 37344K(37376K)->23648K(44032K)
[1.135s][info][gc,heap        ] GC(36) ParOldGen: 153732K(193536K)->191484K(193536K)
[1.135s][info][gc,metaspace   ] GC(36) Metaspace: 6299K(6464K)->6299K(6464K) NonClass: 5765K(5824K)->5765K(5824K) Class: 533K(640K)->533K(640K)
[1.135s][info][gc             ] GC(36) Pause Young (Allocation Failure) 209M->210M(258M) 32.713ms
[1.135s][info][gc,cpu         ] GC(36) User=0.05s Sys=0.00s Real=0.03s
[1.135s][info][gc,start       ] GC(37) Pause Full (Ergonomics)
[1.135s][info][gc,phases,start] GC(37) Marking Phase
[1.185s][info][gc,phases      ] GC(37) Marking Phase 49.530ms
[1.185s][info][gc,phases,start] GC(37) Summary Phase
[1.185s][info][gc,phases      ] GC(37) Summary Phase 0.018ms
[1.185s][info][gc,phases,start] GC(37) Adjust Roots
[1.185s][info][gc,phases      ] GC(37) Adjust Roots 0.146ms
[1.185s][info][gc,phases,start] GC(37) Compaction Phase
[1.226s][info][gc,phases      ] GC(37) Compaction Phase 41.233ms
[1.226s][info][gc,phases,start] GC(37) Post Compact
[1.227s][info][gc,phases      ] GC(37) Post Compact 0.906ms
[1.227s][info][gc,heap        ] GC(37) PSYoungGen: 23648K(71168K)->16875K(72192K) Eden: 0K(27136K)->0K(28160K) From: 23648K(44032K)->16875K(44032K)
[1.227s][info][gc,heap        ] GC(37) ParOldGen: 191484K(193536K)->193473K(247808K)
[1.227s][info][gc,metaspace   ] GC(37) Metaspace: 6299K(6464K)->6299K(6464K) NonClass: 5765K(5824K)->5765K(5824K) Class: 533K(640K)->533K(640K)
[1.227s][info][gc             ] GC(37) Pause Full (Ergonomics) 210M->205M(312M) 92.377ms
[1.228s][info][gc,cpu         ] GC(37) User=0.27s Sys=0.00s Real=0.09s
[1.257s][info][gc,start       ] GC(38) Pause Young (Allocation Failure)
[1.288s][info][gc,heap        ] GC(38) PSYoungGen: 45035K(72192K)->45056K(73216K) Eden: 28160K(28160K)->0K(28160K) From: 16875K(44032K)->45056K(45056K)
[1.288s][info][gc,heap        ] GC(38) ParOldGen: 193473K(247808K)->193585K(247808K)
[1.288s][info][gc,metaspace   ] GC(38) Metaspace: 6299K(6464K)->6299K(6464K) NonClass: 5765K(5824K)->5765K(5824K) Class: 533K(640K)->533K(640K)
[1.288s][info][gc             ] GC(38) Pause Young (Allocation Failure) 232M->233M(313M) 30.179ms
[1.288s][info][gc,cpu         ] GC(38) User=0.11s Sys=0.00s Real=0.03s
[1.318s][info][gc,start       ] GC(39) Pause Young (Allocation Failure)
[1.358s][info][gc,heap        ] GC(39) PSYoungGen: 73216K(73216K)->28288K(84480K) Eden: 28160K(28160K)->0K(32768K) From: 45056K(45056K)->28288K(51712K)
[1.358s][info][gc,heap        ] GC(39) ParOldGen: 193585K(247808K)->239129K(247808K)
[1.358s][info][gc,metaspace   ] GC(39) Metaspace: 6299K(6464K)->6299K(6464K) NonClass: 5765K(5824K)->5765K(5824K) Class: 533K(640K)->533K(640K)
[1.358s][info][gc             ] GC(39) Pause Young (Allocation Failure) 260M->261M(324M) 40.166ms
[1.358s][info][gc,cpu         ] GC(39) User=0.19s Sys=0.00s Real=0.04s
[1.358s][info][gc,start       ] GC(40) Pause Full (Ergonomics)
[1.358s][info][gc,phases,start] GC(40) Marking Phase
[1.423s][info][gc,phases      ] GC(40) Marking Phase 65.584ms
[1.423s][info][gc,phases,start] GC(40) Summary Phase
[1.424s][info][gc,phases      ] GC(40) Summary Phase 0.018ms
[1.424s][info][gc,phases,start] GC(40) Adjust Roots
[1.424s][info][gc,phases      ] GC(40) Adjust Roots 0.148ms
[1.424s][info][gc,phases,start] GC(40) Compaction Phase
[1.460s][info][gc,phases      ] GC(40) Compaction Phase 35.847ms
[1.460s][info][gc,phases,start] GC(40) Post Compact
[1.461s][info][gc,phases      ] GC(40) Post Compact 1.276ms
[1.461s][info][gc,heap        ] GC(40) PSYoungGen: 28288K(84480K)->18927K(84480K) Eden: 0K(32768K)->0K(32768K) From: 28288K(51712K)->18927K(51712K)
[1.461s][info][gc,heap        ] GC(40) ParOldGen: 239129K(247808K)->247677K(314368K)
[1.461s][info][gc,metaspace   ] GC(40) Metaspace: 6299K(6464K)->6299K(6464K) NonClass: 5765K(5824K)->5765K(5824K) Class: 533K(640K)->533K(640K)
[1.461s][info][gc             ] GC(40) Pause Full (Ergonomics) 261M->260M(389M) 103.473ms
[1.461s][info][gc,cpu         ] GC(40) User=0.55s Sys=0.02s Real=0.11s
[1.499s][info][gc,start       ] GC(41) Pause Young (Allocation Failure)
[1.536s][info][gc,heap        ] GC(41) PSYoungGen: 51695K(84480K)->32960K(84480K) Eden: 32768K(32768K)->0K(32768K) From: 18927K(51712K)->32960K(51712K)
[1.536s][info][gc,heap        ] GC(41) ParOldGen: 247677K(314368K)->266877K(314368K)
[1.536s][info][gc,metaspace   ] GC(41) Metaspace: 6299K(6464K)->6299K(6464K) NonClass: 5765K(5824K)->5765K(5824K) Class: 533K(640K)->533K(640K)
[1.536s][info][gc             ] GC(41) Pause Young (Allocation Failure) 292M->292M(389M) 37.035ms
[1.537s][info][gc,cpu         ] GC(41) User=0.19s Sys=0.06s Real=0.04s
[1.576s][info][gc,start       ] GC(42) Pause Young (Allocation Failure)
[1.612s][info][gc,heap        ] GC(42) PSYoungGen: 65728K(84480K)->53248K(77824K) Eden: 32768K(32768K)->0K(24576K) From: 32960K(51712K)->53248K(53248K)
[1.612s][info][gc,heap        ] GC(42) ParOldGen: 266877K(314368K)->279397K(314368K)
[1.612s][info][gc,metaspace   ] GC(42) Metaspace: 6299K(6464K)->6299K(6464K) NonClass: 5765K(5824K)->5765K(5824K) Class: 533K(640K)->533K(640K)
[1.612s][info][gc             ] GC(42) Pause Young (Allocation Failure) 324M->324M(383M) 35.648ms
[1.612s][info][gc,cpu         ] GC(42) User=0.17s Sys=0.02s Real=0.04s
[1.612s][info][gc,start       ] GC(43) Pause Full (Ergonomics)
[1.612s][info][gc,phases,start] GC(43) Marking Phase
[1.683s][info][gc,phases      ] GC(43) Marking Phase 71.204ms
[1.683s][info][gc,phases,start] GC(43) Summary Phase
[1.683s][info][gc,phases      ] GC(43) Summary Phase 0.033ms
[1.683s][info][gc,phases,start] GC(43) Adjust Roots
[1.683s][info][gc,phases      ] GC(43) Adjust Roots 0.238ms
[1.683s][info][gc,phases,start] GC(43) Compaction Phase
[1.724s][info][gc,phases      ] GC(43) Compaction Phase 40.136ms
[1.724s][info][gc,phases,start] GC(43) Post Compact
[1.725s][info][gc,phases      ] GC(43) Post Compact 1.766ms
[1.726s][info][gc,heap        ] GC(43) PSYoungGen: 53248K(77824K)->17878K(77824K) Eden: 0K(24576K)->0K(24576K) From: 53248K(53248K)->17878K(53248K)
[1.726s][info][gc,heap        ] GC(43) ParOldGen: 279397K(314368K)->314195K(379392K)
[1.726s][info][gc,metaspace   ] GC(43) Metaspace: 6299K(6464K)->6299K(6464K) NonClass: 5765K(5824K)->5765K(5824K) Class: 533K(640K)->533K(640K)
[1.726s][info][gc             ] GC(43) Pause Full (Ergonomics) 324M->324M(446M) 114.057ms
[1.726s][info][gc,cpu         ] GC(43) User=0.70s Sys=0.00s Real=0.12s
[1.830s][info][gc,start       ] GC(44) Pause Young (Allocation Failure)
[1.863s][info][gc,heap        ] GC(44) PSYoungGen: 42454K(77824K)->24704K(90624K) Eden: 24576K(24576K)->0K(24576K) From: 17878K(53248K)->24704K(66048K)
[1.863s][info][gc,heap        ] GC(44) ParOldGen: 330579K(379392K)->348715K(379392K)
[1.863s][info][gc,metaspace   ] GC(44) Metaspace: 6299K(6464K)->6299K(6464K) NonClass: 5765K(5824K)->5765K(5824K) Class: 533K(640K)->533K(640K)
[1.863s][info][gc             ] GC(44) Pause Young (Allocation Failure) 364M->364M(459M) 32.731ms
[1.863s][info][gc,cpu         ] GC(44) User=0.23s Sys=0.00s Real=0.03s
[1.863s][info][gc,start       ] GC(45) Pause Full (Ergonomics)
[1.863s][info][gc,phases,start] GC(45) Marking Phase
[1.943s][info][gc,phases      ] GC(45) Marking Phase 80.302ms
[1.943s][info][gc,phases,start] GC(45) Summary Phase
[1.943s][info][gc,phases      ] GC(45) Summary Phase 0.027ms
[1.943s][info][gc,phases,start] GC(45) Adjust Roots
[1.943s][info][gc,phases      ] GC(45) Adjust Roots 0.191ms
[1.943s][info][gc,phases,start] GC(45) Compaction Phase
[2.008s][info][gc,phases      ] GC(45) Compaction Phase 64.938ms
[2.008s][info][gc,phases,start] GC(45) Post Compact
[2.010s][info][gc,phases      ] GC(45) Post Compact 1.898ms
[2.011s][info][gc,heap        ] GC(45) PSYoungGen: 24704K(90624K)->0K(90624K) Eden: 0K(24576K)->0K(28160K) From: 24704K(66048K)->0K(62464K)
[2.011s][info][gc,heap        ] GC(45) ParOldGen: 348715K(379392K)->364806K(432128K)
[2.011s][info][gc,metaspace   ] GC(45) Metaspace: 6299K(6464K)->6299K(6464K) NonClass: 5765K(5824K)->5765K(5824K) Class: 533K(640K)->533K(640K)
[2.011s][info][gc             ] GC(45) Pause Full (Ergonomics) 364M->356M(510M) 147.925ms
[2.011s][info][gc,cpu         ] GC(45) User=0.77s Sys=0.03s Real=0.15s
[2.040s][info][gc,start       ] GC(46) Pause Young (Allocation Failure)
[2.056s][info][gc,heap        ] GC(46) PSYoungGen: 28160K(90624K)->28352K(90624K) Eden: 28160K(28160K)->0K(28160K) From: 0K(62464K)->28352K(62464K)
[2.056s][info][gc,heap        ] GC(46) ParOldGen: 364806K(432128K)->364806K(432128K)
[2.056s][info][gc,metaspace   ] GC(46) Metaspace: 6299K(6464K)->6299K(6464K) NonClass: 5765K(5824K)->5765K(5824K) Class: 533K(640K)->533K(640K)
[2.056s][info][gc             ] GC(46) Pause Young (Allocation Failure) 383M->383M(510M) 15.716ms
[2.056s][info][gc,cpu         ] GC(46) User=0.02s Sys=0.00s Real=0.02s
[2.084s][info][gc,start       ] GC(47) Pause Young (Allocation Failure)
[2.118s][info][gc,heap        ] GC(47) PSYoungGen: 56512K(90624K)->56512K(83456K) Eden: 28160K(28160K)->0K(24064K) From: 28352K(62464K)->56512K(59392K)
[2.118s][info][gc,heap        ] GC(47) ParOldGen: 364806K(432128K)->364806K(432128K)
[2.118s][info][gc,metaspace   ] GC(47) Metaspace: 6299K(6464K)->6299K(6464K) NonClass: 5765K(5824K)->5765K(5824K) Class: 533K(640K)->533K(640K)
[2.118s][info][gc             ] GC(47) Pause Young (Allocation Failure) 411M->411M(503M) 33.923ms
[2.118s][info][gc,cpu         ] GC(47) User=0.08s Sys=0.00s Real=0.03s
[2.143s][info][gc,start       ] GC(48) Pause Young (Allocation Failure)
[2.183s][info][gc,heap        ] GC(48) PSYoungGen: 80576K(83456K)->67072K(91136K) Eden: 24064K(24064K)->0K(24064K) From: 56512K(59392K)->67072K(67072K)
[2.183s][info][gc,heap        ] GC(48) ParOldGen: 364806K(432128K)->378366K(432128K)
[2.183s][info][gc,metaspace   ] GC(48) Metaspace: 6299K(6464K)->6299K(6464K) NonClass: 5765K(5824K)->5765K(5824K) Class: 533K(640K)->533K(640K)
[2.183s][info][gc             ] GC(48) Pause Young (Allocation Failure) 434M->434M(511M) 39.450ms
[2.183s][info][gc,cpu         ] GC(48) User=0.20s Sys=0.00s Real=0.04s
[2.208s][info][gc,start       ] GC(49) Pause Young (Allocation Failure)
[2.254s][info][gc,heap        ] GC(49) PSYoungGen: 91136K(91136K)->69408K(101888K) Eden: 24064K(24064K)->0K(19456K) From: 67072K(67072K)->69408K(82432K)
[2.254s][info][gc,heap        ] GC(49) ParOldGen: 378366K(432128K)->400566K(432128K)
[2.254s][info][gc,metaspace   ] GC(49) Metaspace: 6299K(6464K)->6299K(6464K) NonClass: 5765K(5824K)->5765K(5824K) Class: 533K(640K)->533K(640K)
[2.254s][info][gc             ] GC(49) Pause Young (Allocation Failure) 458M->458M(521M) 45.662ms
[2.254s][info][gc,cpu         ] GC(49) User=0.22s Sys=0.05s Real=0.05s
[2.254s][info][gc,start       ] GC(50) Pause Full (Ergonomics)
[2.254s][info][gc,phases,start] GC(50) Marking Phase
[2.356s][info][gc,phases      ] GC(50) Marking Phase 102.497ms
[2.357s][info][gc,phases,start] GC(50) Summary Phase
[2.357s][info][gc,phases      ] GC(50) Summary Phase 0.049ms
[2.357s][info][gc,phases,start] GC(50) Adjust Roots
[2.357s][info][gc,phases      ] GC(50) Adjust Roots 0.255ms
[2.357s][info][gc,phases,start] GC(50) Compaction Phase
[2.410s][info][gc,phases      ] GC(50) Compaction Phase 52.941ms
[2.410s][info][gc,phases,start] GC(50) Post Compact
[2.412s][info][gc,phases      ] GC(50) Post Compact 2.320ms
[2.413s][info][gc,heap        ] GC(50) PSYoungGen: 69408K(101888K)->37417K(101888K) Eden: 0K(19456K)->0K(19456K) From: 69408K(82432K)->37417K(82432K)
[2.413s][info][gc,heap        ] GC(50) ParOldGen: 400566K(432128K)->431711K(498688K)
[2.413s][info][gc,metaspace   ] GC(50) Metaspace: 6299K(6464K)->6299K(6464K) NonClass: 5765K(5824K)->5765K(5824K) Class: 533K(640K)->533K(640K)
[2.413s][info][gc             ] GC(50) Pause Full (Ergonomics) 458M->458M(586M) 158.749ms
[2.413s][info][gc,cpu         ] GC(50) User=1.03s Sys=0.00s Real=0.16s
[2.436s][info][gc,start       ] GC(51) Pause Young (Allocation Failure)
[2.481s][info][gc,heap        ] GC(51) PSYoungGen: 56873K(101888K)->44512K(109568K) Eden: 19456K(19456K)->0K(19456K) From: 37417K(82432K)->44512K(90112K)
[2.481s][info][gc,heap        ] GC(51) ParOldGen: 431711K(498688K)->444415K(498688K)
[2.481s][info][gc,metaspace   ] GC(51) Metaspace: 6299K(6464K)->6299K(6464K) NonClass: 5765K(5824K)->5765K(5824K) Class: 533K(640K)->533K(640K)
[2.481s][info][gc             ] GC(51) Pause Young (Allocation Failure) 477M->477M(594M) 44.525ms
[2.481s][info][gc,cpu         ] GC(51) User=0.38s Sys=0.00s Real=0.04s
[2.502s][info][gc,start       ] GC(52) Pause Young (Allocation Failure)
[2.533s][info][gc,heap        ] GC(52) PSYoungGen: 63968K(109568K)->64000K(105472K) Eden: 19456K(19456K)->0K(17920K) From: 44512K(90112K)->64000K(87552K)
[2.533s][info][gc,heap        ] GC(52) ParOldGen: 444415K(498688K)->444415K(498688K)
[2.533s][info][gc,metaspace   ] GC(52) Metaspace: 6299K(6464K)->6299K(6464K) NonClass: 5765K(5824K)->5765K(5824K) Class: 533K(640K)->533K(640K)
[2.533s][info][gc             ] GC(52) Pause Young (Allocation Failure) 496M->496M(590M) 31.797ms
[2.533s][info][gc,cpu         ] GC(52) User=0.14s Sys=0.00s Real=0.03s
[2.554s][info][gc,start       ] GC(53) Pause Young (Allocation Failure)
[2.598s][info][gc,heap        ] GC(53) PSYoungGen: 81920K(105472K)->70752K(109568K) Eden: 17920K(17920K)->0K(17920K) From: 64000K(87552K)->70752K(91648K)
[2.598s][info][gc,heap        ] GC(53) ParOldGen: 444415K(498688K)->455727K(498688K)
[2.598s][info][gc,metaspace   ] GC(53) Metaspace: 6299K(6464K)->6299K(6464K) NonClass: 5765K(5824K)->5765K(5824K) Class: 533K(640K)->533K(640K)
[2.598s][info][gc             ] GC(53) Pause Young (Allocation Failure) 513M->514M(594M) 43.969ms
[2.598s][info][gc,cpu         ] GC(53) User=0.20s Sys=0.00s Real=0.04s
[2.618s][info][gc,start       ] GC(54) Pause Young (Allocation Failure)
[2.666s][info][gc,heap        ] GC(54) PSYoungGen: 88672K(109568K)->55456K(115200K) Eden: 17920K(17920K)->0K(20480K) From: 70752K(91648K)->55456K(94720K)
[2.666s][info][gc,heap        ] GC(54) ParOldGen: 455727K(498688K)->489335K(498688K)
[2.666s][info][gc,metaspace   ] GC(54) Metaspace: 6299K(6464K)->6299K(6464K) NonClass: 5765K(5824K)->5765K(5824K) Class: 533K(640K)->533K(640K)
[2.666s][info][gc             ] GC(54) Pause Young (Allocation Failure) 531M->532M(599M) 48.254ms
[2.666s][info][gc,cpu         ] GC(54) User=0.25s Sys=0.00s Real=0.05s
[2.666s][info][gc,start       ] GC(55) Pause Full (Ergonomics)
[2.666s][info][gc,phases,start] GC(55) Marking Phase
[2.781s][info][gc,phases      ] GC(55) Marking Phase 114.822ms
[2.781s][info][gc,phases,start] GC(55) Summary Phase
[2.781s][info][gc,phases      ] GC(55) Summary Phase 0.021ms
[2.781s][info][gc,phases,start] GC(55) Adjust Roots
[2.781s][info][gc,phases      ] GC(55) Adjust Roots 0.154ms
[2.781s][info][gc,phases,start] GC(55) Compaction Phase
[2.846s][info][gc,phases      ] GC(55) Compaction Phase 64.425ms
[2.846s][info][gc,phases,start] GC(55) Post Compact
[2.849s][info][gc,phases      ] GC(55) Post Compact 2.768ms
[2.849s][info][gc,heap        ] GC(55) PSYoungGen: 55456K(115200K)->45495K(116736K) Eden: 0K(20480K)->0K(22016K) From: 55456K(94720K)->45495K(94720K)
[2.849s][info][gc,heap        ] GC(55) ParOldGen: 489335K(498688K)->498264K(568320K)
[2.849s][info][gc,metaspace   ] GC(55) Metaspace: 6299K(6464K)->6299K(6464K) NonClass: 5765K(5824K)->5765K(5824K) Class: 533K(640K)->533K(640K)
[2.849s][info][gc             ] GC(55) Pause Full (Ergonomics) 532M->531M(669M) 182.902ms
[2.849s][info][gc,cpu         ] GC(55) User=1.22s Sys=0.00s Real=0.18s
[2.874s][info][gc,start       ] GC(56) Pause Young (Allocation Failure)
[2.927s][info][gc,heap        ] GC(56) PSYoungGen: 67511K(116736K)->36928K(59392K) Eden: 22016K(22016K)->0K(22016K) From: 45495K(94720K)->36928K(37376K)
[2.927s][info][gc,heap        ] GC(56) ParOldGen: 498264K(568320K)->529512K(568320K)
[2.927s][info][gc,metaspace   ] GC(56) Metaspace: 6299K(6464K)->6299K(6464K) NonClass: 5765K(5824K)->5765K(5824K) Class: 533K(640K)->533K(640K)
[2.927s][info][gc             ] GC(56) Pause Young (Allocation Failure) 552M->553M(613M) 53.836ms
[2.927s][info][gc,cpu         ] GC(56) User=0.41s Sys=0.08s Real=0.05s
[2.928s][info][gc,start       ] GC(57) Pause Full (Ergonomics)
[2.928s][info][gc,phases,start] GC(57) Marking Phase
[3.052s][info][gc,phases      ] GC(57) Marking Phase 124.641ms
[3.052s][info][gc,phases,start] GC(57) Summary Phase
[3.052s][info][gc,phases      ] GC(57) Summary Phase 0.025ms
[3.052s][info][gc,phases,start] GC(57) Adjust Roots
[3.052s][info][gc,phases      ] GC(57) Adjust Roots 0.182ms
[3.052s][info][gc,phases,start] GC(57) Compaction Phase
[3.102s][info][gc,phases      ] GC(57) Compaction Phase 49.275ms
[3.102s][info][gc,phases,start] GC(57) Post Compact
[3.103s][info][gc,phases      ] GC(57) Post Compact 0.936ms
[3.103s][info][gc,heap        ] GC(57) PSYoungGen: 36928K(59392K)->0K(117760K) Eden: 0K(22016K)->0K(25088K) From: 36928K(37376K)->0K(92672K)
[3.103s][info][gc,heap        ] GC(57) ParOldGen: 529512K(568320K)->565746K(643584K)
[3.103s][info][gc,metaspace   ] GC(57) Metaspace: 6299K(6464K)->6299K(6464K) NonClass: 5765K(5824K)->5765K(5824K) Class: 533K(640K)->533K(640K)
[3.103s][info][gc             ] GC(57) Pause Full (Ergonomics) 553M->552M(743M) 175.593ms
[3.103s][info][gc,cpu         ] GC(57) User=1.14s Sys=0.02s Real=0.18s
[3.131s][info][gc,start       ] GC(58) Pause Young (Allocation Failure)
[3.146s][info][gc,heap        ] GC(58) PSYoungGen: 25088K(117760K)->25216K(117760K) Eden: 25088K(25088K)->0K(25088K) From: 0K(92672K)->25216K(92672K)
[3.146s][info][gc,heap        ] GC(58) ParOldGen: 565746K(643584K)->565746K(643584K)
[3.146s][info][gc,metaspace   ] GC(58) Metaspace: 6299K(6464K)->6299K(6464K) NonClass: 5765K(5824K)->5765K(5824K) Class: 533K(640K)->533K(640K)
[3.146s][info][gc             ] GC(58) Pause Young (Allocation Failure) 576M->577M(743M) 14.827ms
[3.146s][info][gc,cpu         ] GC(58) User=0.02s Sys=0.00s Real=0.01s
[3.175s][info][gc,start       ] GC(59) Pause Young (Allocation Failure)
[3.200s][info][gc,heap        ] GC(59) PSYoungGen: 50304K(117760K)->50368K(114176K) Eden: 25088K(25088K)->0K(27648K) From: 25216K(92672K)->50368K(86528K)
[3.200s][info][gc,heap        ] GC(59) ParOldGen: 565746K(643584K)->565746K(643584K)
[3.200s][info][gc,metaspace   ] GC(59) Metaspace: 6299K(6464K)->6299K(6464K) NonClass: 5765K(5824K)->5765K(5824K) Class: 533K(640K)->533K(640K)
[3.200s][info][gc             ] GC(59) Pause Young (Allocation Failure) 601M->601M(740M) 25.752ms
[3.200s][info][gc,cpu         ] GC(59) User=0.12s Sys=0.00s Real=0.03s
[3.233s][info][gc,start       ] GC(60) Pause Young (Allocation Failure)
[3.272s][info][gc,heap        ] GC(60) PSYoungGen: 78016K(114176K)->78080K(116736K) Eden: 27648K(27648K)->0K(27648K) From: 50368K(86528K)->78080K(89088K)
[3.273s][info][gc,heap        ] GC(60) ParOldGen: 565746K(643584K)->565746K(643584K)
[3.273s][info][gc,metaspace   ] GC(60) Metaspace: 6299K(6464K)->6299K(6464K) NonClass: 5765K(5824K)->5765K(5824K) Class: 533K(640K)->533K(640K)
[3.273s][info][gc             ] GC(60) Pause Young (Allocation Failure) 628M->628M(742M) 39.414ms
[3.273s][info][gc,cpu         ] GC(60) User=0.38s Sys=0.00s Real=0.04s
[3.304s][info][gc,start       ] GC(61) Pause Young (Allocation Failure)
[3.360s][info][gc,heap        ] GC(61) PSYoungGen: 105728K(116736K)->97792K(112128K) Eden: 27648K(27648K)->0K(14336K) From: 78080K(89088K)->97792K(97792K)
[3.361s][info][gc,heap        ] GC(61) ParOldGen: 565746K(643584K)->573650K(643584K)
[3.361s][info][gc,metaspace   ] GC(61) Metaspace: 6299K(6464K)->6299K(6464K) NonClass: 5765K(5824K)->5765K(5824K) Class: 533K(640K)->533K(640K)
[3.361s][info][gc             ] GC(61) Pause Young (Allocation Failure) 655M->655M(738M) 56.178ms
[3.361s][info][gc,cpu         ] GC(61) User=0.34s Sys=0.05s Real=0.06s
[3.378s][info][gc,start       ] GC(62) Pause Young (Allocation Failure)
[3.433s][info][gc,heap        ] GC(62) PSYoungGen: 112128K(112128K)->89568K(128512K) Eden: 14336K(14336K)->0K(14336K) From: 97792K(97792K)->89568K(114176K)
[3.433s][info][gc,heap        ] GC(62) ParOldGen: 573650K(643584K)->596642K(643584K)
[3.433s][info][gc,metaspace   ] GC(62) Metaspace: 6299K(6464K)->6299K(6464K) NonClass: 5765K(5824K)->5765K(5824K) Class: 533K(640K)->533K(640K)
[3.433s][info][gc             ] GC(62) Pause Young (Allocation Failure) 669M->670M(754M) 55.029ms
[3.433s][info][gc,cpu         ] GC(62) User=0.34s Sys=0.00s Real=0.06s
[3.451s][info][gc,start       ] GC(63) Pause Young (Allocation Failure)
[3.501s][info][gc,heap        ] GC(63) PSYoungGen: 103904K(128512K)->79968K(136192K) Eden: 14336K(14336K)->0K(14336K) From: 89568K(114176K)->79968K(121856K)
[3.501s][info][gc,heap        ] GC(63) ParOldGen: 596642K(643584K)->620882K(643584K)
[3.501s][info][gc,metaspace   ] GC(63) Metaspace: 6299K(6464K)->6299K(6464K) NonClass: 5765K(5824K)->5765K(5824K) Class: 533K(640K)->533K(640K)
[3.501s][info][gc             ] GC(63) Pause Young (Allocation Failure) 684M->684M(761M) 50.435ms
[3.501s][info][gc,cpu         ] GC(63) User=0.38s Sys=0.00s Real=0.05s
[3.501s][info][gc,start       ] GC(64) Pause Full (Ergonomics)
[3.501s][info][gc,phases,start] GC(64) Marking Phase
[3.655s][info][gc,phases      ] GC(64) Marking Phase 153.709ms
[3.655s][info][gc,phases,start] GC(64) Summary Phase
[3.655s][info][gc,phases      ] GC(64) Summary Phase 0.030ms
[3.655s][info][gc,phases,start] GC(64) Adjust Roots
[3.655s][info][gc,phases      ] GC(64) Adjust Roots 0.215ms
[3.655s][info][gc,phases,start] GC(64) Compaction Phase
[3.724s][info][gc,phases      ] GC(64) Compaction Phase 68.398ms
[3.724s][info][gc,phases,start] GC(64) Post Compact
[3.725s][info][gc,phases      ] GC(64) Post Compact 1.283ms
[3.726s][info][gc,heap        ] GC(64) PSYoungGen: 79968K(136192K)->56144K(136192K) Eden: 0K(14336K)->0K(14336K) From: 79968K(121856K)->56144K(121856K)
[3.726s][info][gc,heap        ] GC(64) ParOldGen: 620882K(643584K)->643557K(722432K)
[3.726s][info][gc,metaspace   ] GC(64) Metaspace: 6299K(6464K)->6299K(6464K) NonClass: 5765K(5824K)->5765K(5824K) Class: 533K(640K)->533K(640K)
[3.726s][info][gc             ] GC(64) Pause Full (Ergonomics) 684M->683M(838M) 224.231ms
[3.726s][info][gc,cpu         ] GC(64) User=1.64s Sys=0.00s Real=0.22s
[3.876s][info][gc,start       ] GC(65) Pause Young (Allocation Failure)
[3.934s][info][gc,heap        ] GC(65) PSYoungGen: 70480K(136192K)->33472K(138240K) Eden: 14336K(14336K)->0K(14336K) From: 56144K(121856K)->33472K(123904K)
[3.934s][info][gc,heap        ] GC(65) ParOldGen: 676325K(722432K)->714029K(722432K)
[3.934s][info][gc,metaspace   ] GC(65) Metaspace: 6299K(6464K)->6299K(6464K) NonClass: 5765K(5824K)->5765K(5824K) Class: 533K(640K)->533K(640K)
[3.934s][info][gc             ] GC(65) Pause Young (Allocation Failure) 729M->729M(840M) 57.961ms
[3.934s][info][gc,cpu         ] GC(65) User=0.36s Sys=0.02s Real=0.06s
[3.934s][info][gc,start       ] GC(66) Pause Full (Ergonomics)
[3.934s][info][gc,phases,start] GC(66) Marking Phase
[4.094s][info][gc,phases      ] GC(66) Marking Phase 159.452ms
[4.094s][info][gc,phases,start] GC(66) Summary Phase
[4.094s][info][gc,phases      ] GC(66) Summary Phase 0.024ms
[4.094s][info][gc,phases,start] GC(66) Adjust Roots
[4.094s][info][gc,phases      ] GC(66) Adjust Roots 0.192ms
[4.094s][info][gc,phases,start] GC(66) Compaction Phase
[4.215s][info][gc,phases      ] GC(66) Compaction Phase 120.491ms
[4.215s][info][gc,phases,start] GC(66) Post Compact
[4.216s][info][gc,phases      ] GC(66) Post Compact 1.440ms
[4.217s][info][gc,heap        ] GC(66) PSYoungGen: 33472K(138240K)->8227K(138240K) Eden: 0K(14336K)->0K(14336K) From: 33472K(123904K)->8227K(123904K)
[4.217s][info][gc,heap        ] GC(66) ParOldGen: 714029K(722432K)->722159K(812032K)
[4.217s][info][gc,metaspace   ] GC(66) Metaspace: 6299K(6464K)->6299K(6464K) NonClass: 5765K(5824K)->5765K(5824K) Class: 533K(640K)->533K(640K)
[4.217s][info][gc             ] GC(66) Pause Full (Ergonomics) 729M->713M(928M) 282.269ms
[4.217s][info][gc,cpu         ] GC(66) User=1.88s Sys=0.00s Real=0.28s
[4.234s][info][gc,start       ] GC(67) Pause Young (Allocation Failure)
[4.275s][info][gc,heap        ] GC(67) PSYoungGen: 22563K(138240K)->18816K(138240K) Eden: 14336K(14336K)->0K(16384K) From: 8227K(123904K)->18816K(121856K)
[4.275s][info][gc,heap        ] GC(67) ParOldGen: 722159K(812032K)->726135K(812032K)
[4.275s][info][gc,metaspace   ] GC(67) Metaspace: 6299K(6464K)->6299K(6464K) NonClass: 5765K(5824K)->5765K(5824K) Class: 533K(640K)->533K(640K)
[4.275s][info][gc             ] GC(67) Pause Young (Allocation Failure) 727M->727M(928M) 41.310ms
[4.275s][info][gc,cpu         ] GC(67) User=0.27s Sys=0.00s Real=0.04s
[4.292s][info][gc,start       ] GC(68) Pause Young (Allocation Failure)
[4.313s][info][gc,heap        ] GC(68) PSYoungGen: 35200K(138240K)->35232K(51712K) Eden: 16384K(16384K)->0K(16384K) From: 18816K(121856K)->35232K(35328K)
[4.313s][info][gc,heap        ] GC(68) ParOldGen: 726135K(812032K)->726135K(812032K)
[4.313s][info][gc,metaspace   ] GC(68) Metaspace: 6299K(6464K)->6299K(6464K) NonClass: 5765K(5824K)->5765K(5824K) Class: 533K(640K)->533K(640K)
[4.313s][info][gc             ] GC(68) Pause Young (Allocation Failure) 743M->743M(843M) 21.247ms
[4.313s][info][gc,cpu         ] GC(68) User=0.05s Sys=0.00s Real=0.02s
[4.331s][info][gc,start       ] GC(69) Pause Young (Allocation Failure)
[4.358s][info][gc,heap        ] GC(69) PSYoungGen: 51616K(51712K)->51520K(122880K) Eden: 16384K(16384K)->0K(18432K) From: 35232K(35328K)->51520K(104448K)
[4.358s][info][gc,heap        ] GC(69) ParOldGen: 726135K(812032K)->726135K(812032K)
[4.358s][info][gc,metaspace   ] GC(69) Metaspace: 6299K(6464K)->6299K(6464K) NonClass: 5765K(5824K)->5765K(5824K) Class: 533K(640K)->533K(640K)
[4.358s][info][gc             ] GC(69) Pause Young (Allocation Failure) 759M->759M(913M) 27.559ms
[4.358s][info][gc,cpu         ] GC(69) User=0.02s Sys=0.00s Real=0.03s
[4.377s][info][gc,start       ] GC(70) Pause Young (Allocation Failure)
[4.410s][info][gc,heap        ] GC(70) PSYoungGen: 69952K(122880K)->68960K(129536K) Eden: 18432K(18432K)->0K(18432K) From: 51520K(104448K)->68960K(111104K)
[4.410s][info][gc,heap        ] GC(70) ParOldGen: 726135K(812032K)->727223K(812032K)
[4.410s][info][gc,metaspace   ] GC(70) Metaspace: 6299K(6464K)->6299K(6464K) NonClass: 5765K(5824K)->5765K(5824K) Class: 533K(640K)->533K(640K)
[4.410s][info][gc             ] GC(70) Pause Young (Allocation Failure) 777M->777M(919M) 32.660ms
[4.410s][info][gc,cpu         ] GC(70) User=0.17s Sys=0.00s Real=0.03s
[4.430s][info][gc,start       ] GC(71) Pause Young (Allocation Failure)
[4.469s][info][gc,heap        ] GC(71) PSYoungGen: 87392K(129536K)->84096K(127488K) Eden: 18432K(18432K)->0K(15360K) From: 68960K(111104K)->84096K(112128K)
[4.469s][info][gc,heap        ] GC(71) ParOldGen: 727223K(812032K)->730591K(812032K)
[4.469s][info][gc,metaspace   ] GC(71) Metaspace: 6299K(6464K)->6299K(6464K) NonClass: 5765K(5824K)->5765K(5824K) Class: 533K(640K)->533K(640K)
[4.469s][info][gc             ] GC(71) Pause Young (Allocation Failure) 795M->795M(917M) 39.531ms
[4.469s][info][gc,cpu         ] GC(71) User=0.25s Sys=0.02s Real=0.04s
[4.485s][info][gc,start       ] GC(72) Pause Young (Allocation Failure)
[4.530s][info][gc,heap        ] GC(72) PSYoungGen: 99456K(127488K)->68736K(133120K) Eden: 15360K(15360K)->0K(15360K) From: 84096K(112128K)->68736K(117760K)
[4.530s][info][gc,heap        ] GC(72) ParOldGen: 730591K(812032K)->761687K(812032K)
[4.530s][info][gc,metaspace   ] GC(72) Metaspace: 6299K(6464K)->6299K(6464K) NonClass: 5765K(5824K)->5765K(5824K) Class: 533K(640K)->533K(640K)
[4.530s][info][gc             ] GC(72) Pause Young (Allocation Failure) 810M->810M(923M) 45.552ms
[4.530s][info][gc,cpu         ] GC(72) User=0.20s Sys=0.05s Real=0.05s
[4.547s][info][gc,start       ] GC(73) Pause Young (Allocation Failure)
[4.586s][info][gc,heap        ] GC(73) PSYoungGen: 84096K(133120K)->49280K(124928K) Eden: 15360K(15360K)->0K(17920K) From: 68736K(117760K)->49280K(107008K)
[4.586s][info][gc,heap        ] GC(73) ParOldGen: 761687K(812032K)->796943K(812032K)
[4.586s][info][gc,metaspace   ] GC(73) Metaspace: 6299K(6464K)->6299K(6464K) NonClass: 5765K(5824K)->5765K(5824K) Class: 533K(640K)->533K(640K)
[4.587s][info][gc             ] GC(73) Pause Young (Allocation Failure) 825M->826M(915M) 39.684ms
[4.587s][info][gc,cpu         ] GC(73) User=0.23s Sys=0.02s Real=0.04s
[4.587s][info][gc,start       ] GC(74) Pause Full (Ergonomics)
[4.587s][info][gc,phases,start] GC(74) Marking Phase
[4.772s][info][gc,phases      ] GC(74) Marking Phase 185.202ms
[4.772s][info][gc,phases,start] GC(74) Summary Phase
[4.772s][info][gc,phases      ] GC(74) Summary Phase 0.024ms
[4.772s][info][gc,phases,start] GC(74) Adjust Roots
[4.772s][info][gc,phases      ] GC(74) Adjust Roots 0.165ms
[4.772s][info][gc,phases,start] GC(74) Compaction Phase
[4.863s][info][gc,phases      ] GC(74) Compaction Phase 90.461ms
[4.863s][info][gc,phases,start] GC(74) Post Compact
[4.864s][info][gc,phases      ] GC(74) Post Compact 1.534ms
[4.865s][info][gc,heap        ] GC(74) PSYoungGen: 49280K(124928K)->33218K(127488K) Eden: 0K(17920K)->0K(20480K) From: 49280K(107008K)->33218K(107008K)
[4.865s][info][gc,heap        ] GC(74) ParOldGen: 796943K(812032K)->811637K(909824K)
[4.865s][info][gc,metaspace   ] GC(74) Metaspace: 6299K(6464K)->6299K(6464K) NonClass: 5765K(5824K)->5765K(5824K) Class: 533K(640K)->533K(640K)
[4.865s][info][gc             ] GC(74) Pause Full (Ergonomics) 826M->825M(1013M) 278.026ms
[4.865s][info][gc,cpu         ] GC(74) User=1.88s Sys=0.00s Real=0.28s
[4.888s][info][gc,start       ] GC(75) Pause Young (Allocation Failure)
[4.945s][info][gc,heap        ] GC(75) PSYoungGen: 53698K(127488K)->30464K(132096K) Eden: 20480K(20480K)->0K(20480K) From: 33218K(107008K)->30464K(111616K)
[4.945s][info][gc,heap        ] GC(75) ParOldGen: 811637K(909824K)->835357K(909824K)
[4.945s][info][gc,metaspace   ] GC(75) Metaspace: 6299K(6464K)->6299K(6464K) NonClass: 5765K(5824K)->5765K(5824K) Class: 533K(640K)->533K(640K)
[4.945s][info][gc             ] GC(75) Pause Young (Allocation Failure) 845M->845M(1017M) 57.116ms
[4.945s][info][gc,cpu         ] GC(75) User=0.36s Sys=0.00s Real=0.06s
[4.967s][info][gc,start       ] GC(76) Pause Young (Allocation Failure)
[4.994s][info][gc,heap        ] GC(76) PSYoungGen: 50944K(132096K)->41120K(126464K) Eden: 20480K(20480K)->0K(23040K) From: 30464K(111616K)->41120K(103424K)
[4.994s][info][gc,heap        ] GC(76) ParOldGen: 835357K(909824K)->845341K(909824K)
[4.994s][info][gc,metaspace   ] GC(76) Metaspace: 6299K(6464K)->6299K(6464K) NonClass: 5765K(5824K)->5765K(5824K) Class: 533K(640K)->533K(640K)
[4.994s][info][gc             ] GC(76) Pause Young (Allocation Failure) 865M->865M(1012M) 27.157ms
[4.994s][info][gc,cpu         ] GC(76) User=0.14s Sys=0.00s Real=0.03s
[5.019s][info][gc,start       ] GC(77) Pause Young (Allocation Failure)
[5.051s][info][gc,heap        ] GC(77) PSYoungGen: 64160K(126464K)->43680K(67072K) Eden: 23040K(23040K)->0K(23040K) From: 41120K(103424K)->43680K(44032K)
[5.051s][info][gc,heap        ] GC(77) ParOldGen: 845341K(909824K)->866109K(909824K)
[5.052s][info][gc,metaspace   ] GC(77) Metaspace: 6299K(6464K)->6299K(6464K) NonClass: 5765K(5824K)->5765K(5824K) Class: 533K(640K)->533K(640K)
[5.052s][info][gc             ] GC(77) Pause Young (Allocation Failure) 888M->888M(954M) 32.886ms
[5.052s][info][gc,cpu         ] GC(77) User=0.12s Sys=0.03s Real=0.03s
[5.052s][info][gc,start       ] GC(78) Pause Full (Ergonomics)
[5.052s][info][gc,phases,start] GC(78) Marking Phase
[5.256s][info][gc,phases      ] GC(78) Marking Phase 204.424ms
[5.256s][info][gc,phases,start] GC(78) Summary Phase
[5.256s][info][gc,phases      ] GC(78) Summary Phase 0.045ms
[5.256s][info][gc,phases,start] GC(78) Adjust Roots
[5.256s][info][gc,phases      ] GC(78) Adjust Roots 0.185ms
[5.256s][info][gc,phases,start] GC(78) Compaction Phase
[5.346s][info][gc,phases      ] GC(78) Compaction Phase 89.409ms
[5.346s][info][gc,phases,start] GC(78) Post Compact
[5.348s][info][gc,phases      ] GC(78) Post Compact 1.693ms
[5.348s][info][gc,heap        ] GC(78) PSYoungGen: 43680K(67072K)->0K(128000K) Eden: 0K(23040K)->0K(25600K) From: 43680K(44032K)->0K(102400K)
[5.348s][info][gc,heap        ] GC(78) ParOldGen: 866109K(909824K)->908762K(1008640K)
[5.348s][info][gc,metaspace   ] GC(78) Metaspace: 6299K(6464K)->6299K(6464K) NonClass: 5765K(5824K)->5765K(5824K) Class: 533K(640K)->533K(640K)
[5.348s][info][gc             ] GC(78) Pause Full (Ergonomics) 888M->887M(1110M) 296.501ms
[5.348s][info][gc,cpu         ] GC(78) User=1.95s Sys=0.03s Real=0.30s
[5.380s][info][gc,start       ] GC(79) Pause Young (Allocation Failure)
[5.397s][info][gc,heap        ] GC(79) PSYoungGen: 25600K(128000K)->25728K(128512K) Eden: 25600K(25600K)->0K(25600K) From: 0K(102400K)->25728K(102912K)
[5.397s][info][gc,heap        ] GC(79) ParOldGen: 908762K(1008640K)->908762K(1008640K)
[5.397s][info][gc,metaspace   ] GC(79) Metaspace: 6299K(6464K)->6299K(6464K) NonClass: 5765K(5824K)->5765K(5824K) Class: 533K(640K)->533K(640K)
[5.397s][info][gc             ] GC(79) Pause Young (Allocation Failure) 912M->912M(1110M) 17.299ms
[5.397s][info][gc,cpu         ] GC(79) User=0.03s Sys=0.00s Real=0.02s
[5.425s][info][gc,start       ] GC(80) Pause Young (Allocation Failure)
[5.452s][info][gc,heap        ] GC(80) PSYoungGen: 51328K(128512K)->51360K(121344K) Eden: 25600K(25600K)->0K(28160K) From: 25728K(102912K)->51360K(93184K)
[5.452s][info][gc,heap        ] GC(80) ParOldGen: 908762K(1008640K)->908762K(1008640K)
[5.452s][info][gc,metaspace   ] GC(80) Metaspace: 6299K(6464K)->6299K(6464K) NonClass: 5765K(5824K)->5765K(5824K) Class: 533K(640K)->533K(640K)
[5.452s][info][gc             ] GC(80) Pause Young (Allocation Failure) 937M->937M(1103M) 27.108ms
[5.452s][info][gc,cpu         ] GC(80) User=0.12s Sys=0.00s Real=0.03s
[5.485s][info][gc,start       ] GC(81) Pause Young (Allocation Failure)
[5.523s][info][gc,heap        ] GC(81) PSYoungGen: 79520K(121344K)->79552K(125952K) Eden: 28160K(28160K)->0K(28160K) From: 51360K(93184K)->79552K(97792K)
[5.523s][info][gc,heap        ] GC(81) ParOldGen: 908762K(1008640K)->908762K(1008640K)
[5.523s][info][gc,metaspace   ] GC(81) Metaspace: 6299K(6464K)->6299K(6464K) NonClass: 5765K(5824K)->5765K(5824K) Class: 533K(640K)->533K(640K)
[5.523s][info][gc             ] GC(81) Pause Young (Allocation Failure) 965M->965M(1108M) 37.955ms
[5.523s][info][gc,cpu         ] GC(81) User=0.25s Sys=0.00s Real=0.04s
[5.555s][info][gc,start       ] GC(82) Pause Young (Allocation Failure)
[5.607s][info][gc,heap        ] GC(82) PSYoungGen: 107712K(125952K)->104448K(120320K) Eden: 28160K(28160K)->0K(15872K) From: 79552K(97792K)->104448K(104448K)
[5.607s][info][gc,heap        ] GC(82) ParOldGen: 908762K(1008640K)->912010K(1008640K)
[5.607s][info][gc,metaspace   ] GC(82) Metaspace: 6299K(6464K)->6299K(6464K) NonClass: 5765K(5824K)->5765K(5824K) Class: 533K(640K)->533K(640K)
[5.607s][info][gc             ] GC(82) Pause Young (Allocation Failure) 992M->992M(1102M) 52.840ms
[5.607s][info][gc,cpu         ] GC(82) User=0.33s Sys=0.00s Real=0.05s
[5.625s][info][gc,start       ] GC(83) Pause Young (Allocation Failure)
[5.689s][info][gc,heap        ] GC(83) PSYoungGen: 120320K(120320K)->70720K(135680K) Eden: 15872K(15872K)->0K(15872K) From: 104448K(104448K)->70720K(119808K)
[5.689s][info][gc,heap        ] GC(83) ParOldGen: 912010K(1008640K)->962362K(1008640K)
[5.689s][info][gc,metaspace   ] GC(83) Metaspace: 6299K(6464K)->6299K(6464K) NonClass: 5765K(5824K)->5765K(5824K) Class: 533K(640K)->533K(640K)
[5.689s][info][gc             ] GC(83) Pause Young (Allocation Failure) 1008M->1008M(1117M) 63.930ms
[5.689s][info][gc,cpu         ] GC(83) User=0.31s Sys=0.05s Real=0.06s
[5.689s][info][gc,start       ] GC(84) Pause Full (Ergonomics)
[5.689s][info][gc,phases,start] GC(84) Marking Phase
[5.932s][info][gc,phases      ] GC(84) Marking Phase 243.271ms
[5.932s][info][gc,phases,start] GC(84) Summary Phase
[5.932s][info][gc,phases      ] GC(84) Summary Phase 0.034ms
[5.932s][info][gc,phases,start] GC(84) Adjust Roots
[5.933s][info][gc,phases      ] GC(84) Adjust Roots 0.156ms
[5.933s][info][gc,phases,start] GC(84) Compaction Phase
[6.027s][info][gc,phases      ] GC(84) Compaction Phase 94.406ms
[6.027s][info][gc,phases,start] GC(84) Post Compact
[6.029s][info][gc,phases      ] GC(84) Post Compact 1.837ms
[6.029s][info][gc,heap        ] GC(84) PSYoungGen: 70720K(135680K)->23416K(135680K) Eden: 0K(15872K)->0K(15872K) From: 70720K(119808K)->23416K(119808K)
[6.029s][info][gc,heap        ] GC(84) ParOldGen: 962362K(1008640K)->1008575K(1119744K)
[6.029s][info][gc,metaspace   ] GC(84) Metaspace: 6299K(6464K)->6299K(6464K) NonClass: 5765K(5824K)->5765K(5824K) Class: 533K(640K)->533K(640K)
[6.029s][info][gc             ] GC(84) Pause Full (Ergonomics) 1008M->1007M(1226M) 340.415ms
[6.029s][info][gc,cpu         ] GC(84) User=2.28s Sys=0.03s Real=0.34s
[6.047s][info][gc,start       ] GC(85) Pause Young (Allocation Failure)
[6.112s][info][gc,heap        ] GC(85) PSYoungGen: 39288K(135680K)->22688K(135680K) Eden: 15872K(15872K)->0K(17408K) From: 23416K(119808K)->22688K(118272K)
[6.112s][info][gc,heap        ] GC(85) ParOldGen: 1008575K(1119744K)->1025591K(1119744K)
[6.112s][info][gc,metaspace   ] GC(85) Metaspace: 6299K(6464K)->6299K(6464K) NonClass: 5765K(5824K)->5765K(5824K) Class: 533K(640K)->533K(640K)
[6.112s][info][gc             ] GC(85) Pause Young (Allocation Failure) 1023M->1023M(1226M) 64.452ms
[6.112s][info][gc,cpu         ] GC(85) User=0.38s Sys=0.00s Real=0.06s
[6.130s][info][gc,start       ] GC(86) Pause Young (Allocation Failure)
[6.155s][info][gc,heap        ] GC(86) PSYoungGen: 40096K(135680K)->33440K(51200K) Eden: 17408K(17408K)->0K(17408K) From: 22688K(118272K)->33440K(33792K)
[6.155s][info][gc,heap        ] GC(86) ParOldGen: 1025591K(1119744K)->1032335K(1119744K)
[6.155s][info][gc,metaspace   ] GC(86) Metaspace: 6299K(6464K)->6299K(6464K) NonClass: 5765K(5824K)->5765K(5824K) Class: 533K(640K)->533K(640K)
[6.155s][info][gc             ] GC(86) Pause Young (Allocation Failure) 1040M->1040M(1143M) 24.321ms
[6.155s][info][gc,cpu         ] GC(86) User=0.11s Sys=0.00s Real=0.02s
[6.174s][info][gc,start       ] GC(87) Pause Young (Allocation Failure)
[6.204s][info][gc,heap        ] GC(87) PSYoungGen: 50848K(51200K)->34944K(129536K) Eden: 17408K(17408K)->0K(19456K) From: 33440K(33792K)->34944K(110080K)
[6.204s][info][gc,heap        ] GC(87) ParOldGen: 1032335K(1119744K)->1048431K(1119744K)
[6.204s][info][gc,metaspace   ] GC(87) Metaspace: 6299K(6464K)->6299K(6464K) NonClass: 5765K(5824K)->5765K(5824K) Class: 533K(640K)->533K(640K)
[6.204s][info][gc             ] GC(87) Pause Young (Allocation Failure) 1057M->1057M(1220M) 29.299ms
[6.204s][info][gc,cpu         ] GC(87) User=0.09s Sys=0.03s Real=0.03s
[6.226s][info][gc,start       ] GC(88) Pause Young (Allocation Failure)
[6.257s][info][gc,heap        ] GC(88) PSYoungGen: 54400K(129536K)->37024K(56832K) Eden: 19456K(19456K)->0K(19456K) From: 34944K(110080K)->37024K(37376K)
[6.257s][info][gc,heap        ] GC(88) ParOldGen: 1048431K(1119744K)->1066071K(1119744K)
[6.257s][info][gc,metaspace   ] GC(88) Metaspace: 6299K(6464K)->6299K(6464K) NonClass: 5765K(5824K)->5765K(5824K) Class: 533K(640K)->533K(640K)
[6.257s][info][gc             ] GC(88) Pause Young (Allocation Failure) 1076M->1077M(1149M) 31.266ms
[6.257s][info][gc,cpu         ] GC(88) User=0.14s Sys=0.02s Real=0.03s
[6.279s][info][gc,start       ] GC(89) Pause Young (Allocation Failure)
[6.310s][info][gc,heap        ] GC(89) PSYoungGen: 56480K(56832K)->39072K(122880K) Eden: 19456K(19456K)->0K(22016K) From: 37024K(37376K)->39072K(100864K)
[6.310s][info][gc,heap        ] GC(89) ParOldGen: 1066071K(1119744K)->1083719K(1119744K)
[6.310s][info][gc,metaspace   ] GC(89) Metaspace: 6299K(6464K)->6299K(6464K) NonClass: 5765K(5824K)->5765K(5824K) Class: 533K(640K)->533K(640K)
[6.310s][info][gc             ] GC(89) Pause Young (Allocation Failure) 1096M->1096M(1213M) 30.866ms
[6.310s][info][gc,cpu         ] GC(89) User=0.14s Sys=0.00s Real=0.03s
[6.310s][info][gc,start       ] GC(90) Pause Full (Ergonomics)
[6.310s][info][gc,phases,start] GC(90) Marking Phase
[6.569s][info][gc,phases      ] GC(90) Marking Phase 258.431ms
[6.569s][info][gc,phases,start] GC(90) Summary Phase
[6.569s][info][gc,phases      ] GC(90) Summary Phase 0.034ms
[6.569s][info][gc,phases,start] GC(90) Adjust Roots
[6.569s][info][gc,phases      ] GC(90) Adjust Roots 0.150ms
[6.569s][info][gc,phases,start] GC(90) Compaction Phase
[6.671s][info][gc,phases      ] GC(90) Compaction Phase 102.130ms
[6.671s][info][gc,phases,start] GC(90) Post Compact
[6.673s][info][gc,phases      ] GC(90) Post Compact 1.843ms
[6.674s][info][gc,heap        ] GC(90) PSYoungGen: 39072K(122880K)->2068K(125440K) Eden: 0K(22016K)->0K(24576K) From: 39072K(100864K)->2068K(100864K)
[6.674s][info][gc,heap        ] GC(90) ParOldGen: 1083719K(1119744K)->1119375K(1226752K)
[6.674s][info][gc,metaspace   ] GC(90) Metaspace: 6299K(6464K)->6299K(6464K) NonClass: 5765K(5824K)->5765K(5824K) Class: 533K(640K)->533K(640K)
[6.674s][info][gc             ] GC(90) Pause Full (Ergonomics) 1096M->1095M(1320M) 363.258ms
[6.674s][info][gc,cpu         ] GC(90) User=2.72s Sys=0.00s Real=0.36s
[6.703s][info][gc,start       ] GC(91) Pause Young (Allocation Failure)
[6.764s][info][gc,heap        ] GC(91) PSYoungGen: 26644K(125440K)->25216K(129536K) Eden: 24576K(24576K)->0K(24576K) From: 2068K(100864K)->25216K(104960K)
[6.765s][info][gc,heap        ] GC(91) ParOldGen: 1119375K(1226752K)->1121023K(1226752K)
[6.765s][info][gc,metaspace   ] GC(91) Metaspace: 6299K(6464K)->6299K(6464K) NonClass: 5765K(5824K)->5765K(5824K) Class: 533K(640K)->533K(640K)
[6.765s][info][gc             ] GC(91) Pause Young (Allocation Failure) 1119M->1119M(1324M) 61.478ms
[6.765s][info][gc,cpu         ] GC(91) User=0.38s Sys=0.00s Real=0.06s
[6.793s][info][gc,start       ] GC(92) Pause Young (Allocation Failure)
[6.821s][info][gc,heap        ] GC(92) PSYoungGen: 49792K(129536K)->49856K(122368K) Eden: 24576K(24576K)->0K(27136K) From: 25216K(104960K)->49856K(95232K)
[6.821s][info][gc,heap        ] GC(92) ParOldGen: 1121023K(1226752K)->1121023K(1226752K)
[6.821s][info][gc,metaspace   ] GC(92) Metaspace: 6299K(6464K)->6299K(6464K) NonClass: 5765K(5824K)->5765K(5824K) Class: 533K(640K)->533K(640K)
[6.821s][info][gc             ] GC(92) Pause Young (Allocation Failure) 1143M->1143M(1317M) 28.098ms
[6.821s][info][gc,cpu         ] GC(92) User=0.14s Sys=0.00s Real=0.03s
[6.854s][info][gc,start       ] GC(93) Pause Young (Allocation Failure)
[6.893s][info][gc,heap        ] GC(93) PSYoungGen: 76992K(122368K)->76928K(126464K) Eden: 27136K(27136K)->0K(27136K) From: 49856K(95232K)->76928K(99328K)
[6.893s][info][gc,heap        ] GC(93) ParOldGen: 1121023K(1226752K)->1121023K(1226752K)
[6.893s][info][gc,metaspace   ] GC(93) Metaspace: 6299K(6464K)->6299K(6464K) NonClass: 5765K(5824K)->5765K(5824K) Class: 533K(640K)->533K(640K)
[6.893s][info][gc             ] GC(93) Pause Young (Allocation Failure) 1169M->1169M(1321M) 39.320ms
[6.893s][info][gc,cpu         ] GC(93) User=0.27s Sys=0.00s Real=0.04s
[6.927s][info][gc,start       ] GC(94) Pause Young (Allocation Failure)
[6.983s][info][gc,heap        ] GC(94) PSYoungGen: 104064K(126464K)->104160K(120320K) Eden: 27136K(27136K)->0K(15360K) From: 76928K(99328K)->104160K(104960K)
[6.983s][info][gc,heap        ] GC(94) ParOldGen: 1121023K(1226752K)->1121023K(1226752K)
[6.984s][info][gc,metaspace   ] GC(94) Metaspace: 6299K(6464K)->6299K(6464K) NonClass: 5765K(5824K)->5765K(5824K) Class: 533K(640K)->533K(640K)
[6.984s][info][gc             ] GC(94) Pause Young (Allocation Failure) 1196M->1196M(1315M) 56.658ms
[6.984s][info][gc,cpu         ] GC(94) User=0.30s Sys=0.05s Real=0.06s
[7.003s][info][gc,start       ] GC(95) Pause Young (Allocation Failure)
[7.067s][info][gc,heap        ] GC(95) PSYoungGen: 119520K(120320K)->119008K(135168K) Eden: 15360K(15360K)->0K(15360K) From: 104160K(104960K)->119008K(119808K)
[7.067s][info][gc,heap        ] GC(95) ParOldGen: 1121023K(1226752K)->1121551K(1226752K)
[7.067s][info][gc,metaspace   ] GC(95) Metaspace: 6299K(6464K)->6299K(6464K) NonClass: 5765K(5824K)->5765K(5824K) Class: 533K(640K)->533K(640K)
[7.067s][info][gc             ] GC(95) Pause Young (Allocation Failure) 1211M->1211M(1330M) 63.752ms
[7.067s][info][gc,cpu         ] GC(95) User=0.39s Sys=0.00s Real=0.06s
[7.085s][info][gc,start       ] GC(96) Pause Young (Allocation Failure)
[7.162s][info][gc,heap        ] GC(96) PSYoungGen: 134368K(135168K)->85184K(152576K) Eden: 15360K(15360K)->0K(15872K) From: 119008K(119808K)->85184K(136704K)
[7.162s][info][gc,heap        ] GC(96) ParOldGen: 1121551K(1226752K)->1171343K(1226752K)
[7.162s][info][gc,metaspace   ] GC(96) Metaspace: 6299K(6464K)->6299K(6464K) NonClass: 5765K(5824K)->5765K(5824K) Class: 533K(640K)->533K(640K)
[7.162s][info][gc             ] GC(96) Pause Young (Allocation Failure) 1226M->1227M(1347M) 77.809ms
[7.163s][info][gc,cpu         ] GC(96) User=0.50s Sys=0.00s Real=0.08s
[7.182s][info][gc,start       ] GC(97) Pause Young (Allocation Failure)
[7.239s][info][gc,heap        ] GC(97) PSYoungGen: 101056K(152576K)->46720K(62976K) Eden: 15872K(15872K)->0K(15872K) From: 85184K(136704K)->46720K(47104K)
[7.239s][info][gc,heap        ] GC(97) ParOldGen: 1171343K(1226752K)->1226319K(1226752K)
[7.239s][info][gc,metaspace   ] GC(97) Metaspace: 6299K(6464K)->6299K(6464K) NonClass: 5765K(5824K)->5765K(5824K) Class: 533K(640K)->533K(640K)
[7.239s][info][gc             ] GC(97) Pause Young (Allocation Failure) 1242M->1243M(1259M) 57.860ms
[7.239s][info][gc,cpu         ] GC(97) User=0.33s Sys=0.05s Real=0.06s
[7.239s][info][gc,start       ] GC(98) Pause Full (Ergonomics)
[7.239s][info][gc,phases,start] GC(98) Marking Phase
[7.516s][info][gc,phases      ] GC(98) Marking Phase 276.817ms
[7.516s][info][gc,phases,start] GC(98) Summary Phase
[7.516s][info][gc,phases      ] GC(98) Summary Phase 0.027ms
[7.516s][info][gc,phases,start] GC(98) Adjust Roots
[7.517s][info][gc,phases      ] GC(98) Adjust Roots 0.151ms
[7.517s][info][gc,phases,start] GC(98) Compaction Phase
[7.623s][info][gc,phases      ] GC(98) Compaction Phase 106.224ms
[7.623s][info][gc,phases,start] GC(98) Post Compact
[7.625s][info][gc,phases      ] GC(98) Post Compact 2.262ms
[7.626s][info][gc,heap        ] GC(98) PSYoungGen: 46720K(62976K)->44966K(62976K) Eden: 0K(15872K)->0K(15872K) From: 46720K(47104K)->44966K(47104K)
[7.626s][info][gc,heap        ] GC(98) ParOldGen: 1226319K(1226752K)->1226278K(1359360K)
[7.626s][info][gc,metaspace   ] GC(98) Metaspace: 6299K(6464K)->6299K(6464K) NonClass: 5765K(5824K)->5765K(5824K) Class: 533K(640K)->533K(640K)
[7.626s][info][gc             ] GC(98) Pause Full (Ergonomics) 1243M->1241M(1389M) 386.294ms
[7.626s][info][gc,cpu         ] GC(98) User=2.81s Sys=0.00s Real=0.39s
[7.646s][info][gc,start       ] GC(99) Pause Young (Allocation Failure)
[7.726s][info][gc,heap        ] GC(99) PSYoungGen: 60838K(62976K)->31424K(146944K) Eden: 15872K(15872K)->0K(17920K) From: 44966K(47104K)->31424K(129024K)
[7.726s][info][gc,heap        ] GC(99) ParOldGen: 1226278K(1359360K)->1256310K(1359360K)
[7.726s][info][gc,metaspace   ] GC(99) Metaspace: 6299K(6464K)->6299K(6464K) NonClass: 5765K(5824K)->5765K(5824K) Class: 533K(640K)->533K(640K)
[7.726s][info][gc             ] GC(99) Pause Young (Allocation Failure) 1256M->1257M(1471M) 80.194ms
[7.726s][info][gc,cpu         ] GC(99) User=0.47s Sys=0.02s Real=0.08s
[7.750s][info][gc,start       ] GC(100) Pause Young (Allocation Failure)
[7.778s][info][gc,heap        ] GC(100) PSYoungGen: 49344K(146944K)->32096K(50176K) Eden: 17920K(17920K)->0K(17920K) From: 31424K(129024K)->32096K(32256K)
[7.778s][info][gc,heap        ] GC(100) ParOldGen: 1256310K(1359360K)->1271958K(1359360K)
[7.778s][info][gc,metaspace   ] GC(100) Metaspace: 6299K(6464K)->6299K(6464K) NonClass: 5765K(5824K)->5765K(5824K) Class: 533K(640K)->533K(640K)
[7.778s][info][gc             ] GC(100) Pause Young (Allocation Failure) 1275M->1273M(1376M) 28.159ms
[7.778s][info][gc,cpu         ] GC(100) User=0.12s Sys=0.00s Real=0.03s
[7.792s][info][gc,start       ] GC(101) Pause Young (Allocation Failure)
[7.816s][info][gc,heap        ] GC(101) PSYoungGen: 50016K(50176K)->25472K(144896K) Eden: 17920K(17920K)->0K(19968K) From: 32096K(32256K)->25472K(124928K)
[7.816s][info][gc,heap        ] GC(101) ParOldGen: 1271958K(1359360K)->1288054K(1359360K)
[7.816s][info][gc,metaspace   ] GC(101) Metaspace: 6299K(6464K)->6299K(6464K) NonClass: 5765K(5824K)->5765K(5824K) Class: 533K(640K)->533K(640K)
[7.816s][info][gc             ] GC(101) Pause Young (Allocation Failure) 1290M->1282M(1469M) 24.677ms
[7.816s][info][gc,cpu         ] GC(101) User=0.14s Sys=0.00s Real=0.02s
[7.834s][info][gc,start       ] GC(102) Pause Young (Allocation Failure)
[7.858s][info][gc,heap        ] GC(102) PSYoungGen: 45440K(144896K)->12288K(146944K) Eden: 19968K(19968K)->0K(19968K) From: 25472K(124928K)->12288K(126976K)
[7.858s][info][gc,heap        ] GC(102) ParOldGen: 1288054K(1359360K)->1313766K(1359360K)
[7.858s][info][gc,metaspace   ] GC(102) Metaspace: 6299K(6464K)->6299K(6464K) NonClass: 5765K(5824K)->5765K(5824K) Class: 533K(640K)->533K(640K)
[7.858s][info][gc             ] GC(102) Pause Young (Allocation Failure) 1302M->1294M(1471M) 23.626ms
[7.858s][info][gc,cpu         ] GC(102) User=0.12s Sys=0.00s Real=0.02s
[7.858s][info][gc,start       ] GC(103) Pause Full (Ergonomics)
[7.858s][info][gc,phases,start] GC(103) Marking Phase
[8.154s][info][gc,phases      ] GC(103) Marking Phase 295.806ms
[8.154s][info][gc,phases,start] GC(103) Summary Phase
[8.154s][info][gc,phases      ] GC(103) Summary Phase 0.045ms
[8.154s][info][gc,phases,start] GC(103) Adjust Roots
[8.154s][info][gc,phases      ] GC(103) Adjust Roots 0.164ms
[8.154s][info][gc,phases,start] GC(103) Compaction Phase
[8.256s][info][gc,phases      ] GC(103) Compaction Phase 101.812ms
[8.256s][info][gc,phases,start] GC(103) Post Compact
[8.258s][info][gc,phases      ] GC(103) Post Compact 1.871ms
[8.258s][info][gc,heap        ] GC(103) PSYoungGen: 12288K(146944K)->0K(149504K) Eden: 0K(19968K)->0K(22528K) From: 12288K(126976K)->0K(126976K)
[8.258s][info][gc,heap        ] GC(103) ParOldGen: 1313766K(1359360K)->1324501K(1458176K)
[8.258s][info][gc,metaspace   ] GC(103) Metaspace: 6299K(6464K)->6299K(6464K) NonClass: 5765K(5824K)->5765K(5824K) Class: 533K(640K)->533K(640K)
[8.258s][info][gc             ] GC(103) Pause Full (Ergonomics) 1294M->1293M(1570M) 400.342ms
[8.258s][info][gc,cpu         ] GC(103) User=3.06s Sys=0.00s Real=0.40s
[8.287s][info][gc,start       ] GC(104) Pause Young (Allocation Failure)
[8.304s][info][gc,heap        ] GC(104) PSYoungGen: 22528K(149504K)->22720K(45568K) Eden: 22528K(22528K)->0K(22528K) From: 0K(126976K)->22720K(23040K)
[8.304s][info][gc,heap        ] GC(104) ParOldGen: 1324501K(1458176K)->1324501K(1458176K)
[8.304s][info][gc,metaspace   ] GC(104) Metaspace: 6299K(6464K)->6299K(6464K) NonClass: 5765K(5824K)->5765K(5824K) Class: 533K(640K)->533K(640K)
[8.304s][info][gc             ] GC(104) Pause Young (Allocation Failure) 1315M->1315M(1468M) 16.591ms
[8.304s][info][gc,cpu         ] GC(104) User=0.03s Sys=0.00s Real=0.02s
[8.331s][info][gc,start       ] GC(105) Pause Young (Allocation Failure)
[8.356s][info][gc,heap        ] GC(105) PSYoungGen: 45248K(45568K)->45280K(134144K) Eden: 22528K(22528K)->0K(25088K) From: 22720K(23040K)->45280K(109056K)
[8.356s][info][gc,heap        ] GC(105) ParOldGen: 1324501K(1458176K)->1324501K(1458176K)
[8.356s][info][gc,metaspace   ] GC(105) Metaspace: 6299K(6464K)->6299K(6464K) NonClass: 5765K(5824K)->5765K(5824K) Class: 533K(640K)->533K(640K)
[8.356s][info][gc             ] GC(105) Pause Young (Allocation Failure) 1337M->1337M(1555M) 25.174ms
[8.356s][info][gc,cpu         ] GC(105) User=0.12s Sys=0.00s Real=0.02s
[8.387s][info][gc,start       ] GC(106) Pause Young (Allocation Failure)
[8.422s][info][gc,heap        ] GC(106) PSYoungGen: 70368K(134144K)->70304K(141312K) Eden: 25088K(25088K)->0K(25088K) From: 45280K(109056K)->70304K(116224K)
[8.422s][info][gc,heap        ] GC(106) ParOldGen: 1324501K(1458176K)->1324501K(1458176K)
[8.422s][info][gc,metaspace   ] GC(106) Metaspace: 6299K(6464K)->6299K(6464K) NonClass: 5765K(5824K)->5765K(5824K) Class: 533K(640K)->533K(640K)
[8.423s][info][gc             ] GC(106) Pause Young (Allocation Failure) 1362M->1362M(1562M) 35.900ms
[8.423s][info][gc,cpu         ] GC(106) User=0.19s Sys=0.00s Real=0.04s
[8.692s][info][gc,start       ] GC(107) Pause Young (Allocation Failure)
[8.773s][info][gc,heap        ] GC(107) PSYoungGen: 95392K(141312K)->95424K(135680K) Eden: 25088K(25088K)->0K(17408K) From: 70304K(116224K)->95424K(118272K)
[8.773s][info][gc,heap        ] GC(107) ParOldGen: 1390037K(1458176K)->1390037K(1458176K)
[8.773s][info][gc,metaspace   ] GC(107) Metaspace: 6299K(6464K)->6299K(6464K) NonClass: 5765K(5824K)->5765K(5824K) Class: 533K(640K)->533K(640K)
[8.773s][info][gc             ] GC(107) Pause Young (Allocation Failure) 1450M->1450M(1556M) 81.094ms
[8.773s][info][gc,cpu         ] GC(107) User=0.33s Sys=0.00s Real=0.08s
[8.789s][info][gc,start       ] GC(108) Pause Young (Allocation Failure)
[8.840s][info][gc,heap        ] GC(108) PSYoungGen: 112832K(135680K)->112832K(145920K) Eden: 17408K(17408K)->0K(17408K) From: 95424K(118272K)->112832K(128512K)
[8.840s][info][gc,heap        ] GC(108) ParOldGen: 1390037K(1458176K)->1390037K(1458176K)
[8.840s][info][gc,metaspace   ] GC(108) Metaspace: 6299K(6464K)->6299K(6464K) NonClass: 5765K(5824K)->5765K(5824K) Class: 533K(640K)->533K(640K)
[8.840s][info][gc             ] GC(108) Pause Young (Allocation Failure) 1467M->1467M(1566M) 50.463ms
[8.840s][info][gc,cpu         ] GC(108) User=0.30s Sys=0.00s Real=0.05s
[8.856s][info][gc,start       ] GC(109) Pause Young (Allocation Failure)
[8.915s][info][gc,heap        ] GC(109) PSYoungGen: 130240K(145920K)->107712K(152576K) Eden: 17408K(17408K)->0K(9728K) From: 112832K(128512K)->107712K(142848K)
[8.915s][info][gc,heap        ] GC(109) ParOldGen: 1390037K(1458176K)->1412869K(1458176K)
[8.915s][info][gc,metaspace   ] GC(109) Metaspace: 6299K(6464K)->6299K(6464K) NonClass: 5765K(5824K)->5765K(5824K) Class: 533K(640K)->533K(640K)
[8.915s][info][gc             ] GC(109) Pause Young (Allocation Failure) 1484M->1484M(1573M) 58.981ms
[8.915s][info][gc,cpu         ] GC(109) User=0.42s Sys=0.08s Real=0.06s
[8.915s][info][gc,start       ] GC(110) Pause Full (Ergonomics)
[8.915s][info][gc,phases,start] GC(110) Marking Phase
[9.251s][info][gc,phases      ] GC(110) Marking Phase 335.838ms
[9.251s][info][gc,phases,start] GC(110) Summary Phase
[9.251s][info][gc,phases      ] GC(110) Summary Phase 0.037ms
[9.251s][info][gc,phases,start] GC(110) Adjust Roots
[9.252s][info][gc,phases      ] GC(110) Adjust Roots 0.296ms
[9.252s][info][gc,phases,start] GC(110) Compaction Phase
[9.593s][info][gc,phases      ] GC(110) Compaction Phase 341.015ms
[9.593s][info][gc,phases,start] GC(110) Post Compact
[9.596s][info][gc,phases      ] GC(110) Post Compact 3.165ms
[9.597s][info][gc,heap        ] GC(110) PSYoungGen: 107712K(152576K)->29196K(152576K) Eden: 0K(9728K)->0K(9728K) From: 107712K(142848K)->29196K(142848K)
[9.597s][info][gc,heap        ] GC(110) ParOldGen: 1412869K(1458176K)->1457924K(1593856K)
[9.597s][info][gc,metaspace   ] GC(110) Metaspace: 6299K(6464K)->6299K(6464K) NonClass: 5765K(5824K)->5765K(5824K) Class: 533K(640K)->533K(640K)
[9.597s][info][gc             ] GC(110) Pause Full (Ergonomics) 1484M->1452M(1705M) 681.241ms
[9.597s][info][gc,cpu         ] GC(110) User=4.81s Sys=0.02s Real=0.68s
[9.607s][info][gc,start       ] GC(111) Pause Young (Allocation Failure)
[9.692s][info][gc,heap        ] GC(111) PSYoungGen: 38924K(152576K)->28352K(38400K) Eden: 9728K(9728K)->0K(9728K) From: 29196K(142848K)->28352K(28672K)
[9.692s][info][gc,heap        ] GC(111) ParOldGen: 1457924K(1593856K)->1468820K(1593856K)
[9.692s][info][gc,metaspace   ] GC(111) Metaspace: 6299K(6464K)->6299K(6464K) NonClass: 5765K(5824K)->5765K(5824K) Class: 533K(640K)->533K(640K)
[9.692s][info][gc             ] GC(111) Pause Young (Allocation Failure) 1461M->1462M(1594M) 84.624ms
[9.692s][info][gc,cpu         ] GC(111) User=0.45s Sys=0.00s Real=0.09s
[9.701s][info][gc,start       ] GC(112) Pause Young (Allocation Failure)
[9.726s][info][gc,heap        ] GC(112) PSYoungGen: 38080K(38400K)->38080K(152064K) Eden: 9728K(9728K)->0K(11264K) From: 28352K(28672K)->38080K(140800K)
[9.726s][info][gc,heap        ] GC(112) ParOldGen: 1468820K(1593856K)->1468820K(1593856K)
[9.726s][info][gc,metaspace   ] GC(112) Metaspace: 6299K(6464K)->6299K(6464K) NonClass: 5765K(5824K)->5765K(5824K) Class: 533K(640K)->533K(640K)
[9.726s][info][gc             ] GC(112) Pause Young (Allocation Failure) 1471M->1471M(1705M) 25.631ms
[9.726s][info][gc,cpu         ] GC(112) User=0.05s Sys=0.00s Real=0.03s
[9.737s][info][gc,start       ] GC(113) Pause Young (Allocation Failure)
[9.767s][info][gc,heap        ] GC(113) PSYoungGen: 49344K(152064K)->45408K(56832K) Eden: 11264K(11264K)->0K(11264K) From: 38080K(140800K)->45408K(45568K)
[9.767s][info][gc,heap        ] GC(113) ParOldGen: 1468820K(1593856K)->1472836K(1593856K)
[9.767s][info][gc,metaspace   ] GC(113) Metaspace: 6299K(6464K)->6299K(6464K) NonClass: 5765K(5824K)->5765K(5824K) Class: 533K(640K)->533K(640K)
[9.767s][info][gc             ] GC(113) Pause Young (Allocation Failure) 1482M->1482M(1612M) 29.852ms
[9.767s][info][gc,cpu         ] GC(113) User=0.05s Sys=0.00s Real=0.03s
[9.777s][info][gc,start       ] GC(114) Pause Young (Allocation Failure)
[9.810s][info][gc,heap        ] GC(114) PSYoungGen: 56672K(56832K)->46208K(139776K) Eden: 11264K(11264K)->0K(13312K) From: 45408K(45568K)->46208K(126464K)
[9.810s][info][gc,heap        ] GC(114) ParOldGen: 1472836K(1593856K)->1483404K(1593856K)
[9.810s][info][gc,metaspace   ] GC(114) Metaspace: 6299K(6464K)->6299K(6464K) NonClass: 5765K(5824K)->5765K(5824K) Class: 533K(640K)->533K(640K)
[9.810s][info][gc             ] GC(114) Pause Young (Allocation Failure) 1493M->1493M(1693M) 32.639ms
[9.810s][info][gc,cpu         ] GC(114) User=0.03s Sys=0.00s Real=0.03s
[9.823s][info][gc,start       ] GC(115) Pause Young (Allocation Failure)
[9.856s][info][gc,heap        ] GC(115) PSYoungGen: 59520K(139776K)->45664K(59392K) Eden: 13312K(13312K)->0K(13312K) From: 46208K(126464K)->45664K(46080K)
[9.856s][info][gc,heap        ] GC(115) ParOldGen: 1483404K(1593856K)->1497420K(1593856K)
[9.856s][info][gc,metaspace   ] GC(115) Metaspace: 6299K(6464K)->6299K(6464K) NonClass: 5765K(5824K)->5765K(5824K) Class: 533K(640K)->533K(640K)
[9.856s][info][gc             ] GC(115) Pause Young (Allocation Failure) 1506M->1506M(1614M) 32.200ms
[9.856s][info][gc,cpu         ] GC(115) User=0.14s Sys=0.00s Real=0.03s
[9.869s][info][gc,start       ] GC(116) Pause Young (Allocation Failure)
[9.902s][info][gc,heap        ] GC(116) PSYoungGen: 58976K(59392K)->38016K(132608K) Eden: 13312K(13312K)->0K(15360K) From: 45664K(46080K)->38016K(117248K)
[9.902s][info][gc,heap        ] GC(116) ParOldGen: 1497420K(1593856K)->1518644K(1593856K)
[9.902s][info][gc,metaspace   ] GC(116) Metaspace: 6299K(6464K)->6299K(6464K) NonClass: 5765K(5824K)->5765K(5824K) Class: 533K(640K)->533K(640K)
[9.902s][info][gc             ] GC(116) Pause Young (Allocation Failure) 1519M->1520M(1686M) 33.204ms
[9.902s][info][gc,cpu         ] GC(116) User=0.05s Sys=0.00s Real=0.03s
[9.918s][info][gc,start       ] GC(117) Pause Young (Allocation Failure)
[9.951s][info][gc,heap        ] GC(117) PSYoungGen: 53376K(132608K)->28768K(44544K) Eden: 15360K(15360K)->0K(15360K) From: 38016K(117248K)->28768K(29184K)
[9.951s][info][gc,heap        ] GC(117) ParOldGen: 1518644K(1593856K)->1543508K(1593856K)
[9.951s][info][gc,metaspace   ] GC(117) Metaspace: 6299K(6464K)->6299K(6464K) NonClass: 5765K(5824K)->5765K(5824K) Class: 533K(640K)->533K(640K)
[9.951s][info][gc             ] GC(117) Pause Young (Allocation Failure) 1535M->1535M(1600M) 32.386ms
[9.951s][info][gc,cpu         ] GC(117) User=0.14s Sys=0.00s Real=0.03s
[9.967s][info][gc,start       ] GC(118) Pause Young (Allocation Failure)
[9.996s][info][gc,heap        ] GC(118) PSYoungGen: 44128K(44544K)->15456K(135680K) Eden: 15360K(15360K)->0K(17408K) From: 28768K(29184K)->15456K(118272K)
[9.996s][info][gc,heap        ] GC(118) ParOldGen: 1543508K(1593856K)->1572524K(1593856K)
[9.996s][info][gc,metaspace   ] GC(118) Metaspace: 6299K(6464K)->6299K(6464K) NonClass: 5765K(5824K)->5765K(5824K) Class: 533K(640K)->533K(640K)
[9.996s][info][gc             ] GC(118) Pause Young (Allocation Failure) 1550M->1550M(1689M) 29.692ms
[9.996s][info][gc,cpu         ] GC(118) User=0.05s Sys=0.00s Real=0.03s
[9.996s][info][gc,start       ] GC(119) Pause Full (Ergonomics)
[9.996s][info][gc,phases,start] GC(119) Marking Phase
[10.338s][info][gc,phases      ] GC(119) Marking Phase 341.812ms
[10.338s][info][gc,phases,start] GC(119) Summary Phase
[10.338s][info][gc,phases      ] GC(119) Summary Phase 0.043ms
[10.338s][info][gc,phases,start] GC(119) Adjust Roots
[10.339s][info][gc,phases      ] GC(119) Adjust Roots 0.176ms
[10.339s][info][gc,phases,start] GC(119) Compaction Phase
[10.496s][info][gc,phases      ] GC(119) Compaction Phase 157.139ms
[10.496s][info][gc,phases,start] GC(119) Post Compact
[10.498s][info][gc,phases      ] GC(119) Post Compact 2.681ms
[10.499s][info][gc,heap        ] GC(119) PSYoungGen: 15456K(135680K)->0K(136192K) Eden: 0K(17408K)->0K(17408K) From: 15456K(118272K)->0K(118784K)
[10.499s][info][gc,heap        ] GC(119) ParOldGen: 1572524K(1593856K)->1586197K(1728512K)
[10.499s][info][gc,metaspace   ] GC(119) Metaspace: 6299K(6464K)->6299K(6464K) NonClass: 5765K(5824K)->5765K(5824K) Class: 533K(640K)->533K(640K)
[10.499s][info][gc             ] GC(119) Pause Full (Ergonomics) 1550M->1549M(1821M) 502.637ms
[10.499s][info][gc,cpu         ] GC(119) User=3.55s Sys=0.00s Real=0.50s
[10.518s][info][gc,start       ] GC(120) Pause Young (Allocation Failure)
[10.539s][info][gc,heap        ] GC(120) PSYoungGen: 17408K(136192K)->17600K(133632K) Eden: 17408K(17408K)->0K(19456K) From: 0K(118784K)->17600K(114176K)
[10.539s][info][gc,heap        ] GC(120) ParOldGen: 1586197K(1728512K)->1586197K(1728512K)
[10.539s][info][gc,metaspace   ] GC(120) Metaspace: 6299K(6464K)->6299K(6464K) NonClass: 5765K(5824K)->5765K(5824K) Class: 533K(640K)->533K(640K)
[10.539s][info][gc             ] GC(120) Pause Young (Allocation Failure) 1566M->1566M(1818M) 21.145ms
[10.539s][info][gc,cpu         ] GC(120) User=0.03s Sys=0.00s Real=0.02s
[10.560s][info][gc,start       ] GC(121) Pause Young (Allocation Failure)
[10.588s][info][gc,heap        ] GC(121) PSYoungGen: 37056K(133632K)->19584K(39424K) Eden: 19456K(19456K)->0K(19456K) From: 17600K(114176K)->19584K(19968K)
[10.588s][info][gc,heap        ] GC(121) ParOldGen: 1586197K(1728512K)->1603837K(1728512K)
[10.588s][info][gc,metaspace   ] GC(121) Metaspace: 6299K(6464K)->6299K(6464K) NonClass: 5765K(5824K)->5765K(5824K) Class: 533K(640K)->533K(640K)
[10.588s][info][gc             ] GC(121) Pause Young (Allocation Failure) 1585M->1585M(1726M) 27.688ms
[10.588s][info][gc,cpu         ] GC(121) User=0.03s Sys=0.00s Real=0.03s
[10.607s][info][gc,start       ] GC(122) Pause Young (Allocation Failure)
[10.634s][info][gc,heap        ] GC(122) PSYoungGen: 39040K(39424K)->19584K(128512K) Eden: 19456K(19456K)->0K(22016K) From: 19584K(19968K)->19584K(106496K)
[10.634s][info][gc,heap        ] GC(122) ParOldGen: 1603837K(1728512K)->1623549K(1728512K)
[10.634s][info][gc,metaspace   ] GC(122) Metaspace: 6299K(6464K)->6299K(6464K) NonClass: 5765K(5824K)->5765K(5824K) Class: 533K(640K)->533K(640K)
[10.635s][info][gc             ] GC(122) Pause Young (Allocation Failure) 1604M->1604M(1813M) 27.216ms
[10.635s][info][gc,cpu         ] GC(122) User=0.03s Sys=0.02s Real=0.03s
[10.657s][info][gc,start       ] GC(123) Pause Young (Allocation Failure)
[10.685s][info][gc,heap        ] GC(123) PSYoungGen: 41600K(128512K)->22208K(44544K) Eden: 22016K(22016K)->0K(22016K) From: 19584K(106496K)->22208K(22528K)
[10.685s][info][gc,heap        ] GC(123) ParOldGen: 1623549K(1728512K)->1643277K(1728512K)
[10.685s][info][gc,metaspace   ] GC(123) Metaspace: 6299K(6464K)->6299K(6464K) NonClass: 5765K(5824K)->5765K(5824K) Class: 533K(640K)->533K(640K)
[10.685s][info][gc             ] GC(123) Pause Young (Allocation Failure) 1626M->1626M(1731M) 28.112ms
[10.685s][info][gc,cpu         ] GC(123) User=0.03s Sys=0.00s Real=0.03s
[10.709s][info][gc,start       ] GC(124) Pause Young (Allocation Failure)
[10.739s][info][gc,heap        ] GC(124) PSYoungGen: 44224K(44544K)->22144K(122368K) Eden: 22016K(22016K)->0K(24576K) From: 22208K(22528K)->22144K(97792K)
[10.739s][info][gc,heap        ] GC(124) ParOldGen: 1643277K(1728512K)->1665597K(1728512K)
[10.739s][info][gc,metaspace   ] GC(124) Metaspace: 6299K(6464K)->6299K(6464K) NonClass: 5765K(5824K)->5765K(5824K) Class: 533K(640K)->533K(640K)
[10.739s][info][gc             ] GC(124) Pause Young (Allocation Failure) 1647M->1648M(1807M) 29.817ms
[10.739s][info][gc,cpu         ] GC(124) User=0.05s Sys=0.00s Real=0.03s
[10.763s][info][gc,start       ] GC(125) Pause Young (Allocation Failure)
[10.794s][info][gc,heap        ] GC(125) PSYoungGen: 46720K(122368K)->24736K(49664K) Eden: 24576K(24576K)->0K(24576K) From: 22144K(97792K)->24736K(25088K)
[10.794s][info][gc,heap        ] GC(125) ParOldGen: 1665597K(1728512K)->1687893K(1728512K)
[10.794s][info][gc,metaspace   ] GC(125) Metaspace: 6299K(6464K)->6299K(6464K) NonClass: 5765K(5824K)->5765K(5824K) Class: 533K(640K)->533K(640K)
[10.794s][info][gc             ] GC(125) Pause Young (Allocation Failure) 1672M->1672M(1736M) 30.426ms
[10.794s][info][gc,cpu         ] GC(125) User=0.05s Sys=0.00s Real=0.03s
[10.819s][info][gc,start       ] GC(126) Pause Young (Allocation Failure)
[10.853s][info][gc,heap        ] GC(126) PSYoungGen: 49312K(49664K)->24736K(116736K) Eden: 24576K(24576K)->0K(27648K) From: 24736K(25088K)->24736K(89088K)
[10.853s][info][gc,heap        ] GC(126) ParOldGen: 1687893K(1728512K)->1712797K(1728512K)
[10.853s][info][gc,metaspace   ] GC(126) Metaspace: 6299K(6464K)->6299K(6464K) NonClass: 5765K(5824K)->5765K(5824K) Class: 533K(640K)->533K(640K)
[10.853s][info][gc             ] GC(126) Pause Young (Allocation Failure) 1696M->1696M(1802M) 33.563ms
[10.853s][info][gc,cpu         ] GC(126) User=0.06s Sys=0.00s Real=0.03s
[10.853s][info][gc,start       ] GC(127) Pause Full (Ergonomics)
[10.853s][info][gc,phases,start] GC(127) Marking Phase
[11.239s][info][gc,phases      ] GC(127) Marking Phase 386.218ms
[11.239s][info][gc,phases,start] GC(127) Summary Phase
[11.239s][info][gc,phases      ] GC(127) Summary Phase 0.047ms
[11.239s][info][gc,phases,start] GC(127) Adjust Roots
[11.239s][info][gc,phases      ] GC(127) Adjust Roots 0.268ms
[11.239s][info][gc,phases,start] GC(127) Compaction Phase
[11.409s][info][gc,phases      ] GC(127) Compaction Phase 169.725ms
[11.409s][info][gc,phases,start] GC(127) Post Compact
[11.413s][info][gc,phases      ] GC(127) Post Compact 3.527ms
[11.413s][info][gc,heap        ] GC(127) PSYoungGen: 24736K(116736K)->7182K(119808K) Eden: 0K(27648K)->0K(30720K) From: 24736K(89088K)->7182K(89088K)
[11.413s][info][gc,heap        ] GC(127) ParOldGen: 1712797K(1728512K)->1728286K(1879552K)
[11.413s][info][gc,metaspace   ] GC(127) Metaspace: 6299K(6464K)->6299K(6464K) NonClass: 5765K(5824K)->5765K(5824K) Class: 533K(640K)->533K(640K)
[11.413s][info][gc             ] GC(127) Pause Full (Ergonomics) 1696M->1694M(1952M) 560.662ms
[11.413s][info][gc,cpu         ] GC(127) User=3.98s Sys=0.00s Real=0.56s
[11.447s][info][gc,start       ] GC(128) Pause Young (Allocation Failure)
[11.534s][info][gc,heap        ] GC(128) PSYoungGen: 37902K(119808K)->30912K(61952K) Eden: 30720K(30720K)->0K(30720K) From: 7182K(89088K)->30912K(31232K)
[11.534s][info][gc,heap        ] GC(128) ParOldGen: 1728286K(1879552K)->1735590K(1879552K)
[11.534s][info][gc,metaspace   ] GC(128) Metaspace: 6299K(6464K)->6299K(6464K) NonClass: 5765K(5824K)->5765K(5824K) Class: 533K(640K)->533K(640K)
[11.534s][info][gc             ] GC(128) Pause Young (Allocation Failure) 1724M->1725M(1896M) 87.195ms
[11.534s][info][gc,cpu         ] GC(128) User=0.52s Sys=0.00s Real=0.09s
[11.568s][info][gc,start       ] GC(129) Pause Young (Allocation Failure)
[11.605s][info][gc,heap        ] GC(129) PSYoungGen: 61632K(61952K)->61632K(116224K) Eden: 30720K(30720K)->0K(28672K) From: 30912K(31232K)->61632K(87552K)
[11.605s][info][gc,heap        ] GC(129) ParOldGen: 1735590K(1879552K)->1735590K(1879552K)
[11.605s][info][gc,metaspace   ] GC(129) Metaspace: 6299K(6464K)->6299K(6464K) NonClass: 5765K(5824K)->5765K(5824K) Class: 533K(640K)->533K(640K)
[11.605s][info][gc             ] GC(129) Pause Young (Allocation Failure) 1755M->1755M(1949M) 37.053ms
[11.605s][info][gc,cpu         ] GC(129) User=0.16s Sys=0.00s Real=0.04s
[11.637s][info][gc,start       ] GC(130) Pause Young (Allocation Failure)
[11.682s][info][gc,heap        ] GC(130) PSYoungGen: 90304K(116224K)->90336K(121344K) Eden: 28672K(28672K)->0K(28672K) From: 61632K(87552K)->90336K(92672K)
[11.682s][info][gc,heap        ] GC(130) ParOldGen: 1735590K(1879552K)->1735590K(1879552K)
[11.682s][info][gc,metaspace   ] GC(130) Metaspace: 6299K(6464K)->6299K(6464K) NonClass: 5765K(5824K)->5765K(5824K) Class: 533K(640K)->533K(640K)
[11.682s][info][gc             ] GC(130) Pause Young (Allocation Failure) 1783M->1783M(1954M) 45.361ms
[11.682s][info][gc,cpu         ] GC(130) User=0.23s Sys=0.00s Real=0.05s
[11.711s][info][gc,start       ] GC(131) Pause Young (Allocation Failure)
[11.769s][info][gc,heap        ] GC(131) PSYoungGen: 119008K(121344K)->107008K(116736K) Eden: 28672K(28672K)->0K(9728K) From: 90336K(92672K)->107008K(107008K)
[11.769s][info][gc,heap        ] GC(131) ParOldGen: 1735590K(1879552K)->1747662K(1879552K)
[11.769s][info][gc,metaspace   ] GC(131) Metaspace: 6299K(6464K)->6299K(6464K) NonClass: 5765K(5824K)->5765K(5824K) Class: 533K(640K)->533K(640K)
[11.769s][info][gc             ] GC(131) Pause Young (Allocation Failure) 1811M->1811M(1949M) 57.648ms
[11.769s][info][gc,cpu         ] GC(131) User=0.38s Sys=0.02s Real=0.06s
[11.780s][info][gc,start       ] GC(132) Pause Young (Allocation Failure)
[11.836s][info][gc,heap        ] GC(132) PSYoungGen: 116736K(116736K)->60800K(70656K) Eden: 9728K(9728K)->0K(9728K) From: 107008K(107008K)->60800K(60928K)
[11.836s][info][gc,heap        ] GC(132) ParOldGen: 1747662K(1879552K)->1804398K(1879552K)
[11.836s][info][gc,metaspace   ] GC(132) Metaspace: 6299K(6464K)->6299K(6464K) NonClass: 5765K(5824K)->5765K(5824K) Class: 533K(640K)->533K(640K)
[11.836s][info][gc             ] GC(132) Pause Young (Allocation Failure) 1820M->1821M(1904M) 56.672ms
[11.836s][info][gc,cpu         ] GC(132) User=0.50s Sys=0.00s Real=0.06s
[11.847s][info][gc,start       ] GC(133) Pause Young (Allocation Failure)
[11.884s][info][gc,heap        ] GC(133) PSYoungGen: 70528K(70656K)->19552K(131584K) Eden: 9728K(9728K)->0K(11264K) From: 60800K(60928K)->19552K(120320K)
[11.884s][info][gc,heap        ] GC(133) ParOldGen: 1804398K(1879552K)->1855974K(1879552K)
[11.884s][info][gc,metaspace   ] GC(133) Metaspace: 6299K(6464K)->6299K(6464K) NonClass: 5765K(5824K)->5765K(5824K) Class: 533K(640K)->533K(640K)
[11.884s][info][gc             ] GC(133) Pause Young (Allocation Failure) 1830M->1831M(1964M) 37.626ms
[11.884s][info][gc,cpu         ] GC(133) User=0.25s Sys=0.00s Real=0.04s
[11.884s][info][gc,start       ] GC(134) Pause Full (Ergonomics)
[11.884s][info][gc,phases,start] GC(134) Marking Phase
[12.296s][info][gc,phases      ] GC(134) Marking Phase 411.196ms
[12.296s][info][gc,phases,start] GC(134) Summary Phase
[12.296s][info][gc,phases      ] GC(134) Summary Phase 0.057ms
[12.296s][info][gc,phases,start] GC(134) Adjust Roots
[12.296s][info][gc,phases      ] GC(134) Adjust Roots 0.243ms
[12.296s][info][gc,phases,start] GC(134) Compaction Phase
[12.463s][info][gc,phases      ] GC(134) Compaction Phase 167.382ms
[12.464s][info][gc,phases,start] GC(134) Post Compact
[12.467s][info][gc,phases      ] GC(134) Post Compact 3.550ms
[12.468s][info][gc,heap        ] GC(134) PSYoungGen: 19552K(131584K)->0K(134144K) Eden: 0K(11264K)->0K(11264K) From: 19552K(120320K)->0K(122880K)
[12.468s][info][gc,heap        ] GC(134) ParOldGen: 1855974K(1879552K)->1873517K(2055168K)
[12.468s][info][gc,metaspace   ] GC(134) Metaspace: 6299K(6464K)->6299K(6464K) NonClass: 5765K(5824K)->5765K(5824K) Class: 533K(640K)->533K(640K)
[12.468s][info][gc             ] GC(134) Pause Full (Ergonomics) 1831M->1829M(2138M) 583.654ms
[12.468s][info][gc,cpu         ] GC(134) User=4.22s Sys=0.02s Real=0.58s
[12.483s][info][gc,start       ] GC(135) Pause Young (Allocation Failure)
[12.501s][info][gc,heap        ] GC(135) PSYoungGen: 11264K(134144K)->11360K(133120K) Eden: 11264K(11264K)->0K(12800K) From: 0K(122880K)->11360K(120320K)
[12.501s][info][gc,heap        ] GC(135) ParOldGen: 1873517K(2055168K)->1873517K(2055168K)
[12.501s][info][gc,metaspace   ] GC(135) Metaspace: 6299K(6464K)->6299K(6464K) NonClass: 5765K(5824K)->5765K(5824K) Class: 533K(640K)->533K(640K)
[12.501s][info][gc             ] GC(135) Pause Young (Allocation Failure) 1840M->1840M(2137M) 18.053ms
[12.501s][info][gc,cpu         ] GC(135) User=0.03s Sys=0.00s Real=0.02s
[12.516s][info][gc,start       ] GC(136) Pause Young (Allocation Failure)
[12.539s][info][gc,heap        ] GC(136) PSYoungGen: 24160K(133120K)->24192K(37376K) Eden: 12800K(12800K)->0K(12800K) From: 11360K(120320K)->24192K(24576K)
[12.539s][info][gc,heap        ] GC(136) ParOldGen: 1873517K(2055168K)->1873517K(2055168K)
[12.539s][info][gc,metaspace   ] GC(136) Metaspace: 6299K(6464K)->6299K(6464K) NonClass: 5765K(5824K)->5765K(5824K) Class: 533K(640K)->533K(640K)
[12.539s][info][gc             ] GC(136) Pause Young (Allocation Failure) 1853M->1853M(2043M) 23.235ms
[12.539s][info][gc,cpu         ] GC(136) User=0.03s Sys=0.00s Real=0.02s
[12.553s][info][gc,start       ] GC(137) Pause Young (Allocation Failure)
[12.581s][info][gc,heap        ] GC(137) PSYoungGen: 36992K(37376K)->25760K(122368K) Eden: 12800K(12800K)->0K(14336K) From: 24192K(24576K)->25760K(108032K)
[12.581s][info][gc,heap        ] GC(137) ParOldGen: 1873517K(2055168K)->1884941K(2055168K)
[12.581s][info][gc,metaspace   ] GC(137) Metaspace: 6299K(6464K)->6299K(6464K) NonClass: 5765K(5824K)->5765K(5824K) Class: 533K(640K)->533K(640K)
[12.581s][info][gc             ] GC(137) Pause Young (Allocation Failure) 1865M->1865M(2126M) 27.982ms
[12.581s][info][gc,cpu         ] GC(137) User=0.03s Sys=0.00s Real=0.03s
[12.596s][info][gc,start       ] GC(138) Pause Young (Allocation Failure)
[12.623s][info][gc,heap        ] GC(138) PSYoungGen: 40096K(122368K)->27232K(41984K) Eden: 14336K(14336K)->0K(14336K) From: 25760K(108032K)->27232K(27648K)
[12.623s][info][gc,heap        ] GC(138) ParOldGen: 1884941K(2055168K)->1897925K(2055168K)
[12.623s][info][gc,metaspace   ] GC(138) Metaspace: 6299K(6464K)->6299K(6464K) NonClass: 5765K(5824K)->5765K(5824K) Class: 533K(640K)->533K(640K)
[12.623s][info][gc             ] GC(138) Pause Young (Allocation Failure) 1879M->1880M(2048M) 26.730ms
[12.623s][info][gc,cpu         ] GC(138) User=0.03s Sys=0.00s Real=0.03s
[12.638s][info][gc,start       ] GC(139) Pause Young (Allocation Failure)
[12.665s][info][gc,heap        ] GC(139) PSYoungGen: 41568K(41984K)->28768K(113664K) Eden: 14336K(14336K)->0K(16384K) From: 27232K(27648K)->28768K(97280K)
[12.665s][info][gc,heap        ] GC(139) ParOldGen: 1897925K(2055168K)->1910909K(2055168K)
[12.665s][info][gc,metaspace   ] GC(139) Metaspace: 6299K(6464K)->6299K(6464K) NonClass: 5765K(5824K)->5765K(5824K) Class: 533K(640K)->533K(640K)
[12.665s][info][gc             ] GC(139) Pause Young (Allocation Failure) 1894M->1894M(2118M) 27.543ms
[12.665s][info][gc,cpu         ] GC(139) User=0.05s Sys=0.00s Real=0.03s
[12.683s][info][gc,start       ] GC(140) Pause Young (Allocation Failure)
[12.712s][info][gc,heap        ] GC(140) PSYoungGen: 45152K(113664K)->30848K(47616K) Eden: 16384K(16384K)->0K(16384K) From: 28768K(97280K)->30848K(31232K)
[12.712s][info][gc,heap        ] GC(140) ParOldGen: 1910909K(2055168K)->1925453K(2055168K)
[12.712s][info][gc,metaspace   ] GC(140) Metaspace: 6299K(6464K)->6299K(6464K) NonClass: 5765K(5824K)->5765K(5824K) Class: 533K(640K)->533K(640K)
[12.712s][info][gc             ] GC(140) Pause Young (Allocation Failure) 1910M->1910M(2053M) 28.983ms
[12.712s][info][gc,cpu         ] GC(140) User=0.06s Sys=0.02s Real=0.03s
[12.733s][info][gc,start       ] GC(141) Pause Young (Allocation Failure)
[12.764s][info][gc,heap        ] GC(141) PSYoungGen: 47232K(47616K)->32928K(105984K) Eden: 16384K(16384K)->0K(18944K) From: 30848K(31232K)->32928K(87040K)
[12.764s][info][gc,heap        ] GC(141) ParOldGen: 1925453K(2055168K)->1939973K(2055168K)
[12.764s][info][gc,metaspace   ] GC(141) Metaspace: 6299K(6464K)->6299K(6464K) NonClass: 5765K(5824K)->5765K(5824K) Class: 533K(640K)->533K(640K)
[12.764s][info][gc             ] GC(141) Pause Young (Allocation Failure) 1926M->1926M(2110M) 31.310ms
[12.764s][info][gc,cpu         ] GC(141) User=0.23s Sys=0.00s Real=0.03s
[12.787s][info][gc,start       ] GC(142) Pause Young (Allocation Failure)
[12.821s][info][gc,heap        ] GC(142) PSYoungGen: 51872K(105984K)->35488K(54784K) Eden: 18944K(18944K)->0K(18944K) From: 32928K(87040K)->35488K(35840K)
[12.821s][info][gc,heap        ] GC(142) ParOldGen: 1939973K(2055168K)->1956581K(2055168K)
[12.821s][info][gc,metaspace   ] GC(142) Metaspace: 6299K(6464K)->6299K(6464K) NonClass: 5765K(5824K)->5765K(5824K) Class: 533K(640K)->533K(640K)
[12.821s][info][gc             ] GC(142) Pause Young (Allocation Failure) 1945M->1945M(2060M) 34.813ms
[12.821s][info][gc,cpu         ] GC(142) User=0.14s Sys=0.00s Real=0.04s
[12.846s][info][gc,start       ] GC(143) Pause Young (Allocation Failure)
[12.880s][info][gc,heap        ] GC(143) PSYoungGen: 54432K(54784K)->38016K(99328K) Eden: 18944K(18944K)->0K(21504K) From: 35488K(35840K)->38016K(77824K)
[12.880s][info][gc,heap        ] GC(143) ParOldGen: 1956581K(2055168K)->1973205K(2055168K)
[12.880s][info][gc,metaspace   ] GC(143) Metaspace: 6299K(6464K)->6299K(6464K) NonClass: 5765K(5824K)->5765K(5824K) Class: 533K(640K)->533K(640K)
[12.880s][info][gc             ] GC(143) Pause Young (Allocation Failure) 1963M->1964M(2104M) 34.099ms
[12.880s][info][gc,cpu         ] GC(143) User=0.14s Sys=0.02s Real=0.03s
[12.908s][info][gc,start       ] GC(144) Pause Young (Allocation Failure)
[12.945s][info][gc,heap        ] GC(144) PSYoungGen: 59520K(99328K)->40608K(103936K) Eden: 21504K(21504K)->0K(21504K) From: 38016K(77824K)->40608K(82432K)
[12.945s][info][gc,heap        ] GC(144) ParOldGen: 1973205K(2055168K)->1992405K(2055168K)
[12.945s][info][gc,metaspace   ] GC(144) Metaspace: 6299K(6464K)->6299K(6464K) NonClass: 5765K(5824K)->5765K(5824K) Class: 533K(640K)->533K(640K)
[12.945s][info][gc             ] GC(144) Pause Young (Allocation Failure) 1985M->1985M(2108M) 37.312ms
[12.946s][info][gc,cpu         ] GC(144) User=0.14s Sys=0.00s Real=0.04s
[12.970s][info][gc,start       ] GC(145) Pause Young (Allocation Failure)
[13.007s][info][gc,heap        ] GC(145) PSYoungGen: 62112K(103936K)->43136K(99840K) Eden: 21504K(21504K)->0K(24576K) From: 40608K(82432K)->43136K(75264K)
[13.007s][info][gc,heap        ] GC(145) ParOldGen: 1992405K(2055168K)->2011613K(2055168K)
[13.007s][info][gc,metaspace   ] GC(145) Metaspace: 6299K(6464K)->6299K(6464K) NonClass: 5765K(5824K)->5765K(5824K) Class: 533K(640K)->533K(640K)
[13.007s][info][gc             ] GC(145) Pause Young (Allocation Failure) 2006M->2006M(2104M) 36.348ms
[13.007s][info][gc,cpu         ] GC(145) User=0.16s Sys=0.00s Real=0.04s
[13.032s][info][gc,start       ] GC(146) Pause Young (Allocation Failure)
[13.072s][info][gc,heap        ] GC(146) PSYoungGen: 67712K(99840K)->46240K(101888K) Eden: 24576K(24576K)->0K(24576K) From: 43136K(75264K)->46240K(77312K)
[13.072s][info][gc,heap        ] GC(146) ParOldGen: 2011613K(2055168K)->2033413K(2055168K)
[13.072s][info][gc,metaspace   ] GC(146) Metaspace: 6299K(6464K)->6299K(6464K) NonClass: 5765K(5824K)->5765K(5824K) Class: 533K(640K)->533K(640K)
[13.072s][info][gc             ] GC(146) Pause Young (Allocation Failure) 2030M->2030M(2106M) 40.005ms
[13.072s][info][gc,cpu         ] GC(146) User=0.14s Sys=0.02s Real=0.04s
[13.072s][info][gc,start       ] GC(147) Pause Full (Ergonomics)
[13.072s][info][gc,phases,start] GC(147) Marking Phase
[13.529s][info][gc,phases      ] GC(147) Marking Phase 457.024ms
[13.529s][info][gc,phases,start] GC(147) Summary Phase
[13.529s][info][gc,phases      ] GC(147) Summary Phase 0.036ms
[13.529s][info][gc,phases,start] GC(147) Adjust Roots
[13.529s][info][gc,phases      ] GC(147) Adjust Roots 0.187ms
[13.529s][info][gc,phases,start] GC(147) Compaction Phase
[13.729s][info][gc,phases      ] GC(147) Compaction Phase 199.544ms
[13.729s][info][gc,phases,start] GC(147) Post Compact
[13.733s][info][gc,phases      ] GC(147) Post Compact 3.987ms
[13.734s][info][gc,heap        ] GC(147) PSYoungGen: 46240K(101888K)->21996K(101888K) Eden: 0K(24576K)->0K(24576K) From: 46240K(77312K)->21996K(77312K)
[13.734s][info][gc,heap        ] GC(147) ParOldGen: 2033413K(2055168K)->2054895K(2227200K)
[13.734s][info][gc,metaspace   ] GC(147) Metaspace: 6299K(6464K)->6299K(6464K) NonClass: 5765K(5824K)->5765K(5824K) Class: 533K(640K)->533K(640K)
[13.734s][info][gc             ] GC(147) Pause Full (Ergonomics) 2030M->2028M(2274M) 661.908ms
[13.734s][info][gc,cpu         ] GC(147) User=4.91s Sys=0.02s Real=0.66s
[13.761s][info][gc,start       ] GC(148) Pause Young (Allocation Failure)
[13.871s][info][gc,heap        ] GC(148) PSYoungGen: 46572K(101888K)->36288K(96768K) Eden: 24576K(24576K)->0K(27136K) From: 21996K(77312K)->36288K(69632K)
[13.871s][info][gc,heap        ] GC(148) ParOldGen: 2054895K(2227200K)->2065503K(2227200K)
[13.871s][info][gc,metaspace   ] GC(148) Metaspace: 6299K(6464K)->6299K(6464K) NonClass: 5765K(5824K)->5765K(5824K) Class: 533K(640K)->533K(640K)
[13.871s][info][gc             ] GC(148) Pause Young (Allocation Failure) 2052M->2052M(2269M) 110.108ms
[13.871s][info][gc,cpu         ] GC(148) User=0.67s Sys=0.00s Real=0.11s
[13.900s][info][gc,start       ] GC(149) Pause Young (Allocation Failure)
[13.938s][info][gc,heap        ] GC(149) PSYoungGen: 63424K(96768K)->63456K(100352K) Eden: 27136K(27136K)->0K(27136K) From: 36288K(69632K)->63456K(73216K)
[13.938s][info][gc,heap        ] GC(149) ParOldGen: 2065503K(2227200K)->2065503K(2227200K)
[13.938s][info][gc,metaspace   ] GC(149) Metaspace: 6299K(6464K)->6299K(6464K) NonClass: 5765K(5824K)->5765K(5824K) Class: 533K(640K)->533K(640K)
[13.938s][info][gc             ] GC(149) Pause Young (Allocation Failure) 2079M->2079M(2273M) 38.832ms
[13.938s][info][gc,cpu         ] GC(149) User=0.16s Sys=0.00s Real=0.04s
[13.968s][info][gc,start       ] GC(150) Pause Young (Allocation Failure)
[14.016s][info][gc,heap        ] GC(150) PSYoungGen: 90592K(100352K)->78848K(94208K) Eden: 27136K(27136K)->0K(15360K) From: 63456K(73216K)->78848K(78848K)
[14.016s][info][gc,heap        ] GC(150) ParOldGen: 2065503K(2227200K)->2077319K(2227200K)
[14.016s][info][gc,metaspace   ] GC(150) Metaspace: 6299K(6464K)->6299K(6464K) NonClass: 5765K(5824K)->5765K(5824K) Class: 533K(640K)->533K(640K)
[14.016s][info][gc             ] GC(150) Pause Young (Allocation Failure) 2105M->2105M(2267M) 48.392ms
[14.016s][info][gc,cpu         ] GC(150) User=0.38s Sys=0.00s Real=0.05s
[14.033s][info][gc,start       ] GC(151) Pause Young (Allocation Failure)
[14.083s][info][gc,heap        ] GC(151) PSYoungGen: 94208K(94208K)->42592K(58368K) Eden: 15360K(15360K)->0K(15360K) From: 78848K(78848K)->42592K(43008K)
[14.083s][info][gc,heap        ] GC(151) ParOldGen: 2077319K(2227200K)->2129631K(2227200K)
[14.083s][info][gc,metaspace   ] GC(151) Metaspace: 6299K(6464K)->6299K(6464K) NonClass: 5765K(5824K)->5765K(5824K) Class: 533K(640K)->533K(640K)
[14.083s][info][gc             ] GC(151) Pause Young (Allocation Failure) 2120M->2121M(2232M) 50.146ms
[14.083s][info][gc,cpu         ] GC(151) User=0.28s Sys=0.00s Real=0.05s
[14.099s][info][gc,start       ] GC(152) Pause Young (Allocation Failure)
[14.134s][info][gc,heap        ] GC(152) PSYoungGen: 57952K(58368K)->30880K(102912K) Eden: 15360K(15360K)->0K(17408K) From: 42592K(43008K)->30880K(85504K)
[14.134s][info][gc,heap        ] GC(152) ParOldGen: 2129631K(2227200K)->2157047K(2227200K)
[14.134s][info][gc,metaspace   ] GC(152) Metaspace: 6299K(6464K)->6299K(6464K) NonClass: 5765K(5824K)->5765K(5824K) Class: 533K(640K)->533K(640K)
[14.134s][info][gc             ] GC(152) Pause Young (Allocation Failure) 2136M->2136M(2275M) 34.360ms
[14.134s][info][gc,cpu         ] GC(152) User=0.16s Sys=0.00s Real=0.04s
[14.154s][info][gc,start       ] GC(153) Pause Young (Allocation Failure)
[14.186s][info][gc,heap        ] GC(153) PSYoungGen: 48288K(102912K)->17536K(104960K) Eden: 17408K(17408K)->0K(17408K) From: 30880K(85504K)->17536K(87552K)
[14.186s][info][gc,heap        ] GC(153) ParOldGen: 2157047K(2227200K)->2188143K(2227200K)
[14.186s][info][gc,metaspace   ] GC(153) Metaspace: 6299K(6464K)->6299K(6464K) NonClass: 5765K(5824K)->5765K(5824K) Class: 533K(640K)->533K(640K)
[14.186s][info][gc             ] GC(153) Pause Young (Allocation Failure) 2153M->2153M(2277M) 32.207ms
[14.186s][info][gc,cpu         ] GC(153) User=0.14s Sys=0.00s Real=0.03s
[14.186s][info][gc,start       ] GC(154) Pause Full (Ergonomics)
[14.186s][info][gc,phases,start] GC(154) Marking Phase
[14.684s][info][gc,phases      ] GC(154) Marking Phase 498.194ms
[14.684s][info][gc,phases,start] GC(154) Summary Phase
[14.685s][info][gc,phases      ] GC(154) Summary Phase 0.051ms
[14.685s][info][gc,phases,start] GC(154) Adjust Roots
[14.685s][info][gc,phases      ] GC(154) Adjust Roots 0.163ms
[14.685s][info][gc,phases,start] GC(154) Compaction Phase
[14.858s][info][gc,phases      ] GC(154) Compaction Phase 173.172ms
[14.858s][info][gc,phases,start] GC(154) Post Compact
[14.862s][info][gc,phases      ] GC(154) Post Compact 3.999ms
[14.863s][info][gc,heap        ] GC(154) PSYoungGen: 17536K(104960K)->0K(107520K) Eden: 0K(17408K)->0K(19968K) From: 17536K(87552K)->0K(87552K)
[14.863s][info][gc,heap        ] GC(154) ParOldGen: 2188143K(2227200K)->2203680K(2403328K)
[14.863s][info][gc,metaspace   ] GC(154) Metaspace: 6299K(6464K)->6299K(6464K) NonClass: 5765K(5824K)->5765K(5824K) Class: 533K(640K)->533K(640K)
[14.863s][info][gc             ] GC(154) Pause Full (Ergonomics) 2153M->2152M(2452M) 676.540ms
[14.863s][info][gc,cpu         ] GC(154) User=5.22s Sys=0.00s Real=0.68s
[14.889s][info][gc,start       ] GC(155) Pause Young (Allocation Failure)
[14.911s][info][gc,heap        ] GC(155) PSYoungGen: 19968K(107520K)->20064K(107520K) Eden: 19968K(19968K)->0K(19968K) From: 0K(87552K)->20064K(87552K)
[14.911s][info][gc,heap        ] GC(155) ParOldGen: 2203680K(2403328K)->2203680K(2403328K)
[14.911s][info][gc,metaspace   ] GC(155) Metaspace: 6299K(6464K)->6299K(6464K) NonClass: 5765K(5824K)->5765K(5824K) Class: 533K(640K)->533K(640K)
[14.911s][info][gc             ] GC(155) Pause Young (Allocation Failure) 2171M->2171M(2452M) 21.625ms
[14.911s][info][gc,cpu         ] GC(155) User=0.03s Sys=0.00s Real=0.02s
[14.936s][info][gc,start       ] GC(156) Pause Young (Allocation Failure)
[14.968s][info][gc,heap        ] GC(156) PSYoungGen: 40032K(107520K)->40064K(100352K) Eden: 19968K(19968K)->0K(22016K) From: 20064K(87552K)->40064K(78336K)
[14.968s][info][gc,heap        ] GC(156) ParOldGen: 2203680K(2403328K)->2203680K(2403328K)
[14.968s][info][gc,metaspace   ] GC(156) Metaspace: 6299K(6464K)->6299K(6464K) NonClass: 5765K(5824K)->5765K(5824K) Class: 533K(640K)->533K(640K)
[14.968s][info][gc             ] GC(156) Pause Young (Allocation Failure) 2191M->2191M(2445M) 31.849ms
[14.968s][info][gc,cpu         ] GC(156) User=0.14s Sys=0.00s Real=0.03s
[14.994s][info][gc,start       ] GC(157) Pause Young (Allocation Failure)
[15.031s][info][gc,heap        ] GC(157) PSYoungGen: 62080K(100352K)->62112K(104448K) Eden: 22016K(22016K)->0K(22016K) From: 40064K(78336K)->62112K(82432K)
[15.031s][info][gc,heap        ] GC(157) ParOldGen: 2203680K(2403328K)->2203680K(2403328K)
[15.031s][info][gc,metaspace   ] GC(157) Metaspace: 6299K(6464K)->6299K(6464K) NonClass: 5765K(5824K)->5765K(5824K) Class: 533K(640K)->533K(640K)
[15.031s][info][gc             ] GC(157) Pause Young (Allocation Failure) 2212M->2212M(2449M) 37.630ms
[15.031s][info][gc,cpu         ] GC(157) User=0.17s Sys=0.00s Real=0.04s
[15.057s][info][gc,start       ] GC(158) Pause Young (Allocation Failure)
[15.100s][info][gc,heap        ] GC(158) PSYoungGen: 84128K(104448K)->64192K(107520K) Eden: 22016K(22016K)->0K(20992K) From: 62112K(82432K)->64192K(86528K)
[15.100s][info][gc,heap        ] GC(158) ParOldGen: 2203680K(2403328K)->2223944K(2403328K)
[15.100s][info][gc,metaspace   ] GC(158) Metaspace: 6299K(6464K)->6299K(6464K) NonClass: 5765K(5824K)->5765K(5824K) Class: 533K(640K)->533K(640K)
[15.100s][info][gc             ] GC(158) Pause Young (Allocation Failure) 2234M->2234M(2452M) 43.471ms
[15.101s][info][gc,cpu         ] GC(158) User=0.27s Sys=0.00s Real=0.04s
[15.125s][info][gc,start       ] GC(159) Pause Young (Allocation Failure)
[15.169s][info][gc,heap        ] GC(159) PSYoungGen: 85184K(107520K)->65216K(111104K) Eden: 20992K(20992K)->0K(20992K) From: 64192K(86528K)->65216K(90112K)
[15.169s][info][gc,heap        ] GC(159) ParOldGen: 2223944K(2403328K)->2244208K(2403328K)
[15.169s][info][gc,metaspace   ] GC(159) Metaspace: 6299K(6464K)->6299K(6464K) NonClass: 5765K(5824K)->5765K(5824K) Class: 533K(640K)->533K(640K)
[15.169s][info][gc             ] GC(159) Pause Young (Allocation Failure) 2255M->2255M(2455M) 44.054ms
[15.169s][info][gc,cpu         ] GC(159) User=0.22s Sys=0.03s Real=0.05s
[15.195s][info][gc,start       ] GC(160) Pause Young (Allocation Failure)
[15.239s][info][gc,heap        ] GC(160) PSYoungGen: 86208K(111104K)->64192K(115712K) Eden: 20992K(20992K)->0K(22016K) From: 65216K(90112K)->64192K(93696K)
[15.239s][info][gc,heap        ] GC(160) ParOldGen: 2244208K(2403328K)->2266472K(2403328K)
[15.239s][info][gc,metaspace   ] GC(160) Metaspace: 6299K(6464K)->6299K(6464K) NonClass: 5765K(5824K)->5765K(5824K) Class: 533K(640K)->533K(640K)
[15.239s][info][gc             ] GC(160) Pause Young (Allocation Failure) 2275M->2276M(2460M) 43.900ms
[15.239s][info][gc,cpu         ] GC(160) User=0.27s Sys=0.00s Real=0.04s
[15.265s][info][gc,start       ] GC(161) Pause Young (Allocation Failure)
[15.309s][info][gc,heap        ] GC(161) PSYoungGen: 86208K(115712K)->64128K(117760K) Eden: 22016K(22016K)->0K(22016K) From: 64192K(93696K)->64128K(95744K)
[15.309s][info][gc,heap        ] GC(161) ParOldGen: 2266472K(2403328K)->2288696K(2403328K)
[15.309s][info][gc,metaspace   ] GC(161) Metaspace: 6299K(6464K)->6299K(6464K) NonClass: 5765K(5824K)->5765K(5824K) Class: 533K(640K)->533K(640K)
[15.309s][info][gc             ] GC(161) Pause Young (Allocation Failure) 2297M->2297M(2462M) 44.153ms
[15.309s][info][gc,cpu         ] GC(161) User=0.25s Sys=0.00s Real=0.04s
[15.336s][info][gc,start       ] GC(162) Pause Young (Allocation Failure)
[15.381s][info][gc,heap        ] GC(162) PSYoungGen: 86144K(117760K)->65184K(120832K) Eden: 22016K(22016K)->0K(24064K) From: 64128K(95744K)->65184K(96768K)
[15.381s][info][gc,heap        ] GC(162) ParOldGen: 2288696K(2403328K)->2309872K(2403328K)
[15.381s][info][gc,metaspace   ] GC(162) Metaspace: 6299K(6464K)->6299K(6464K) NonClass: 5765K(5824K)->5765K(5824K) Class: 533K(640K)->533K(640K)
[15.381s][info][gc             ] GC(162) Pause Young (Allocation Failure) 2319M->2319M(2465M) 44.669ms
[15.381s][info][gc,cpu         ] GC(162) User=0.22s Sys=0.05s Real=0.04s
[15.408s][info][gc,start       ] GC(163) Pause Young (Allocation Failure)
[15.454s][info][gc,heap        ] GC(163) PSYoungGen: 89248K(120832K)->68256K(121856K) Eden: 24064K(24064K)->0K(24064K) From: 65184K(96768K)->68256K(97792K)
[15.454s][info][gc,heap        ] GC(163) ParOldGen: 2309872K(2403328K)->2331056K(2403328K)
[15.454s][info][gc,metaspace   ] GC(163) Metaspace: 6299K(6464K)->6299K(6464K) NonClass: 5765K(5824K)->5765K(5824K) Class: 533K(640K)->533K(640K)
[15.454s][info][gc             ] GC(163) Pause Young (Allocation Failure) 2342M->2343M(2466M) 45.903ms
[15.454s][info][gc,cpu         ] GC(163) User=0.25s Sys=0.00s Real=0.05s
[15.482s][info][gc,start       ] GC(164) Pause Young (Allocation Failure)
[15.529s][info][gc,heap        ] GC(164) PSYoungGen: 92320K(121856K)->70272K(125952K) Eden: 24064K(24064K)->0K(26112K) From: 68256K(97792K)->70272K(99840K)
[15.529s][info][gc,heap        ] GC(164) ParOldGen: 2331056K(2403328K)->2353264K(2403328K)
[15.529s][info][gc,metaspace   ] GC(164) Metaspace: 6299K(6464K)->6299K(6464K) NonClass: 5765K(5824K)->5765K(5824K) Class: 533K(640K)->533K(640K)
[15.530s][info][gc             ] GC(164) Pause Young (Allocation Failure) 2366M->2366M(2470M) 47.801ms
[15.530s][info][gc,cpu         ] GC(164) User=0.27s Sys=0.00s Real=0.05s
[15.564s][info][gc,start       ] GC(165) Pause Young (Allocation Failure)
[15.614s][info][gc,heap        ] GC(165) PSYoungGen: 96384K(125952K)->74464K(127488K) Eden: 26112K(26112K)->0K(26112K) From: 70272K(99840K)->74464K(101376K)
[15.614s][info][gc,heap        ] GC(165) ParOldGen: 2353264K(2403328K)->2375480K(2403328K)
[15.614s][info][gc,metaspace   ] GC(165) Metaspace: 6299K(6464K)->6299K(6464K) NonClass: 5765K(5824K)->5765K(5824K) Class: 533K(640K)->533K(640K)
[15.614s][info][gc             ] GC(165) Pause Young (Allocation Failure) 2392M->2392M(2471M) 49.842ms
[15.614s][info][gc,cpu         ] GC(165) User=0.25s Sys=0.02s Real=0.05s
[15.614s][info][gc,start       ] GC(166) Pause Full (Ergonomics)
[15.614s][info][gc,phases,start] GC(166) Marking Phase
[16.170s][info][gc,phases      ] GC(166) Marking Phase 555.718ms
[16.170s][info][gc,phases,start] GC(166) Summary Phase
[16.170s][info][gc,phases      ] GC(166) Summary Phase 0.052ms
[16.170s][info][gc,phases,start] GC(166) Adjust Roots
[16.170s][info][gc,phases      ] GC(166) Adjust Roots 0.229ms
[16.170s][info][gc,phases,start] GC(166) Compaction Phase
[16.397s][info][gc,phases      ] GC(166) Compaction Phase 226.863ms
[16.397s][info][gc,phases,start] GC(166) Post Compact
[16.401s][info][gc,phases      ] GC(166) Post Compact 4.521ms
[16.402s][info][gc,heap        ] GC(166) PSYoungGen: 74464K(127488K)->44496K(127488K) Eden: 0K(26112K)->0K(26112K) From: 74464K(101376K)->44496K(101376K)
[16.402s][info][gc,heap        ] GC(166) ParOldGen: 2375480K(2403328K)->2403060K(2610688K)
[16.402s][info][gc,metaspace   ] GC(166) Metaspace: 6299K(6464K)->6299K(6464K) NonClass: 5765K(5824K)->5765K(5824K) Class: 533K(640K)->533K(640K)
[16.402s][info][gc             ] GC(166) Pause Full (Ergonomics) 2392M->2390M(2674M) 788.456ms
[16.402s][info][gc,cpu         ] GC(166) User=5.88s Sys=0.00s Real=0.79s
[16.435s][info][gc,start       ] GC(167) Pause Young (Allocation Failure)
[16.574s][info][gc,heap        ] GC(167) PSYoungGen: 70608K(127488K)->56512K(123392K) Eden: 26112K(26112K)->0K(29184K) From: 44496K(101376K)->56512K(94208K)
[16.574s][info][gc,heap        ] GC(167) ParOldGen: 2403060K(2610688K)->2417532K(2610688K)
[16.574s][info][gc,metaspace   ] GC(167) Metaspace: 6299K(6464K)->6299K(6464K) NonClass: 5765K(5824K)->5765K(5824K) Class: 533K(640K)->533K(640K)
[16.574s][info][gc             ] GC(167) Pause Young (Allocation Failure) 2415M->2416M(2670M) 138.861ms
[16.574s][info][gc,cpu         ] GC(167) User=0.98s Sys=0.03s Real=0.14s
[16.611s][info][gc,start       ] GC(168) Pause Young (Allocation Failure)
[16.658s][info][gc,heap        ] GC(168) PSYoungGen: 85696K(123392K)->85760K(128512K) Eden: 29184K(29184K)->0K(29184K) From: 56512K(94208K)->85760K(99328K)
[16.658s][info][gc,heap        ] GC(168) ParOldGen: 2417532K(2610688K)->2417532K(2610688K)
[16.658s][info][gc,metaspace   ] GC(168) Metaspace: 6299K(6464K)->6299K(6464K) NonClass: 5765K(5824K)->5765K(5824K) Class: 533K(640K)->533K(640K)
[16.658s][info][gc             ] GC(168) Pause Young (Allocation Failure) 2444M->2444M(2675M) 47.800ms
[16.659s][info][gc,cpu         ] GC(168) User=0.27s Sys=0.00s Real=0.05s
[16.695s][info][gc,start       ] GC(169) Pause Young (Allocation Failure)
[16.757s][info][gc,heap        ] GC(169) PSYoungGen: 114944K(128512K)->100544K(128000K) Eden: 29184K(29184K)->0K(22016K) From: 85760K(99328K)->100544K(105984K)
[16.757s][info][gc,heap        ] GC(169) ParOldGen: 2417532K(2610688K)->2432068K(2610688K)
[16.758s][info][gc,metaspace   ] GC(169) Metaspace: 6299K(6464K)->6299K(6464K) NonClass: 5765K(5824K)->5765K(5824K) Class: 533K(640K)->533K(640K)
[16.758s][info][gc             ] GC(169) Pause Young (Allocation Failure) 2473M->2473M(2674M) 62.441ms
[16.758s][info][gc,cpu         ] GC(169) User=0.33s Sys=0.05s Real=0.06s
[16.784s][info][gc,start       ] GC(170) Pause Young (Allocation Failure)
[16.846s][info][gc,heap        ] GC(170) PSYoungGen: 122560K(128000K)->106688K(138752K) Eden: 22016K(22016K)->0K(22016K) From: 100544K(105984K)->106688K(116736K)
[16.846s][info][gc,heap        ] GC(170) ParOldGen: 2432068K(2610688K)->2448076K(2610688K)
[16.846s][info][gc,metaspace   ] GC(170) Metaspace: 6299K(6464K)->6299K(6464K) NonClass: 5765K(5824K)->5765K(5824K) Class: 533K(640K)->533K(640K)
[16.846s][info][gc             ] GC(170) Pause Young (Allocation Failure) 2494M->2494M(2685M) 61.587ms
[16.846s][info][gc,cpu         ] GC(170) User=0.34s Sys=0.02s Real=0.06s
[16.872s][info][gc,start       ] GC(171) Pause Young (Allocation Failure)
[16.937s][info][gc,heap        ] GC(171) PSYoungGen: 128704K(138752K)->102624K(145920K) Eden: 22016K(22016K)->0K(18432K) From: 106688K(116736K)->102624K(127488K)
[16.937s][info][gc,heap        ] GC(171) ParOldGen: 2448076K(2610688K)->2474412K(2610688K)
[16.937s][info][gc,metaspace   ] GC(171) Metaspace: 6299K(6464K)->6299K(6464K) NonClass: 5765K(5824K)->5765K(5824K) Class: 533K(640K)->533K(640K)
[16.937s][info][gc             ] GC(171) Pause Young (Allocation Failure) 2516M->2516M(2692M) 65.574ms
[16.937s][info][gc,cpu         ] GC(171) User=0.39s Sys=0.00s Real=0.07s
[16.959s][info][gc,start       ] GC(172) Pause Young (Allocation Failure)
[17.022s][info][gc,heap        ] GC(172) PSYoungGen: 121056K(145920K)->62656K(81408K) Eden: 18432K(18432K)->0K(18432K) From: 102624K(127488K)->62656K(62976K)
[17.022s][info][gc,heap        ] GC(172) ParOldGen: 2474412K(2610688K)->2533268K(2610688K)
[17.022s][info][gc,metaspace   ] GC(172) Metaspace: 6299K(6464K)->6299K(6464K) NonClass: 5765K(5824K)->5765K(5824K) Class: 533K(640K)->533K(640K)
[17.022s][info][gc             ] GC(172) Pause Young (Allocation Failure) 2534M->2535M(2629M) 62.296ms
[17.022s][info][gc,cpu         ] GC(172) User=0.38s Sys=0.00s Real=0.06s
[17.045s][info][gc,start       ] GC(173) Pause Young (Allocation Failure)
[17.091s][info][gc,heap        ] GC(173) PSYoungGen: 81088K(81408K)->36992K(150016K) Eden: 18432K(18432K)->0K(21504K) From: 62656K(62976K)->36992K(128512K)
[17.091s][info][gc,heap        ] GC(173) ParOldGen: 2533268K(2610688K)->2577660K(2610688K)
[17.091s][info][gc,metaspace   ] GC(173) Metaspace: 6299K(6464K)->6299K(6464K) NonClass: 5765K(5824K)->5765K(5824K) Class: 533K(640K)->533K(640K)
[17.091s][info][gc             ] GC(173) Pause Young (Allocation Failure) 2553M->2553M(2696M) 46.522ms
[17.091s][info][gc,cpu         ] GC(173) User=0.27s Sys=0.00s Real=0.05s
[17.091s][info][gc,start       ] GC(174) Pause Full (Ergonomics)
[17.091s][info][gc,phases,start] GC(174) Marking Phase
[17.680s][info][gc,phases      ] GC(174) Marking Phase 588.524ms
[17.680s][info][gc,phases,start] GC(174) Summary Phase
[17.680s][info][gc,phases      ] GC(174) Summary Phase 0.036ms
[17.680s][info][gc,phases,start] GC(174) Adjust Roots
[17.680s][info][gc,phases      ] GC(174) Adjust Roots 0.160ms
[17.680s][info][gc,phases,start] GC(174) Compaction Phase
[17.905s][info][gc,phases      ] GC(174) Compaction Phase 224.637ms
[17.905s][info][gc,phases,start] GC(174) Post Compact
[17.910s][info][gc,phases      ] GC(174) Post Compact 5.042ms
[17.911s][info][gc,heap        ] GC(174) PSYoungGen: 36992K(150016K)->2056K(150528K) Eden: 0K(21504K)->0K(22016K) From: 36992K(128512K)->2056K(128512K)
[17.911s][info][gc,heap        ] GC(174) ParOldGen: 2577660K(2610688K)->2610655K(2852864K)
[17.911s][info][gc,metaspace   ] GC(174) Metaspace: 6299K(6464K)->6299K(6464K) NonClass: 5765K(5824K)->5765K(5824K) Class: 533K(640K)->533K(640K)
[17.911s][info][gc             ] GC(174) Pause Full (Ergonomics) 2553M->2551M(2933M) 819.875ms
[17.911s][info][gc,cpu         ] GC(174) User=6.00s Sys=0.00s Real=0.82s
[17.938s][info][gc,start       ] GC(175) Pause Young (Allocation Failure)
[18.065s][info][gc,heap        ] GC(175) PSYoungGen: 24072K(150528K)->22144K(151040K) Eden: 22016K(22016K)->0K(22016K) From: 2056K(128512K)->22144K(129024K)
[18.065s][info][gc,heap        ] GC(175) ParOldGen: 2610655K(2852864K)->2612775K(2852864K)
[18.065s][info][gc,metaspace   ] GC(175) Metaspace: 6299K(6464K)->6299K(6464K) NonClass: 5765K(5824K)->5765K(5824K) Class: 533K(640K)->533K(640K)
[18.065s][info][gc             ] GC(175) Pause Young (Allocation Failure) 2572M->2573M(2933M) 127.676ms
[18.065s][info][gc,cpu         ] GC(175) User=0.77s Sys=0.00s Real=0.13s
[18.092s][info][gc,start       ] GC(176) Pause Young (Allocation Failure)
[18.124s][info][gc,heap        ] GC(176) PSYoungGen: 44160K(151040K)->22176K(155136K) Eden: 22016K(22016K)->0K(24576K) From: 22144K(129024K)->22176K(130560K)
[18.124s][info][gc,heap        ] GC(176) ParOldGen: 2612775K(2852864K)->2634999K(2852864K)
[18.124s][info][gc,metaspace   ] GC(176) Metaspace: 6299K(6464K)->6299K(6464K) NonClass: 5765K(5824K)->5765K(5824K) Class: 533K(640K)->533K(640K)
[18.124s][info][gc             ] GC(176) Pause Young (Allocation Failure) 2594M->2594M(2937M) 32.603ms
[18.124s][info][gc,cpu         ] GC(176) User=0.14s Sys=0.02s Real=0.03s
[18.154s][info][gc,start       ] GC(177) Pause Young (Allocation Failure)
[18.188s][info][gc,heap        ] GC(177) PSYoungGen: 46752K(155136K)->24768K(155136K) Eden: 24576K(24576K)->0K(24576K) From: 22176K(130560K)->24768K(130560K)
[18.188s][info][gc,heap        ] GC(177) ParOldGen: 2634999K(2852864K)->2657215K(2852864K)
[18.188s][info][gc,metaspace   ] GC(177) Metaspace: 6299K(6464K)->6299K(6464K) NonClass: 5765K(5824K)->5765K(5824K) Class: 533K(640K)->533K(640K)
[18.188s][info][gc             ] GC(177) Pause Young (Allocation Failure) 2618M->2619M(2937M) 33.611ms
[18.188s][info][gc,cpu         ] GC(177) User=0.17s Sys=0.00s Real=0.03s
[18.220s][info][gc,start       ] GC(178) Pause Young (Allocation Failure)
[18.254s][info][gc,heap        ] GC(178) PSYoungGen: 49344K(155136K)->24704K(152064K) Eden: 24576K(24576K)->0K(27648K) From: 24768K(130560K)->24704K(124416K)
[18.254s][info][gc,heap        ] GC(178) ParOldGen: 2657215K(2852864K)->2682007K(2852864K)
[18.254s][info][gc,metaspace   ] GC(178) Metaspace: 6299K(6464K)->6299K(6464K) NonClass: 5765K(5824K)->5765K(5824K) Class: 533K(640K)->533K(640K)
[18.254s][info][gc             ] GC(178) Pause Young (Allocation Failure) 2643M->2643M(2934M) 34.518ms
[18.254s][info][gc,cpu         ] GC(178) User=0.16s Sys=0.00s Real=0.03s
[18.286s][info][gc,start       ] GC(179) Pause Young (Allocation Failure)
[18.321s][info][gc,heap        ] GC(179) PSYoungGen: 52352K(152064K)->27808K(154624K) Eden: 27648K(27648K)->0K(27648K) From: 24704K(124416K)->27808K(126976K)
[18.321s][info][gc,heap        ] GC(179) ParOldGen: 2682007K(2852864K)->2706807K(2852864K)
[18.321s][info][gc,metaspace   ] GC(179) Metaspace: 6299K(6464K)->6299K(6464K) NonClass: 5765K(5824K)->5765K(5824K) Class: 533K(640K)->533K(640K)
[18.321s][info][gc             ] GC(179) Pause Young (Allocation Failure) 2670M->2670M(2937M) 34.901ms
[18.321s][info][gc,cpu         ] GC(179) User=0.16s Sys=0.00s Real=0.04s
[18.353s][info][gc,start       ] GC(180) Pause Young (Allocation Failure)
[18.388s][info][gc,heap        ] GC(180) PSYoungGen: 55456K(154624K)->27840K(147456K) Eden: 27648K(27648K)->0K(30720K) From: 27808K(126976K)->27840K(116736K)
[18.388s][info][gc,heap        ] GC(180) ParOldGen: 2706807K(2852864K)->2734703K(2852864K)
[18.388s][info][gc,metaspace   ] GC(180) Metaspace: 6299K(6464K)->6299K(6464K) NonClass: 5765K(5824K)->5765K(5824K) Class: 533K(640K)->533K(640K)
[18.388s][info][gc             ] GC(180) Pause Young (Allocation Failure) 2697M->2697M(2930M) 35.338ms
[18.388s][info][gc,cpu         ] GC(180) User=0.16s Sys=0.00s Real=0.04s
[18.424s][info][gc,start       ] GC(181) Pause Young (Allocation Failure)
[18.462s][info][gc,heap        ] GC(181) PSYoungGen: 58560K(147456K)->30848K(61952K) Eden: 30720K(30720K)->0K(30720K) From: 27840K(116736K)->30848K(31232K)
[18.462s][info][gc,heap        ] GC(181) ParOldGen: 2734703K(2852864K)->2762599K(2852864K)
[18.462s][info][gc,metaspace   ] GC(181) Metaspace: 6299K(6464K)->6299K(6464K) NonClass: 5765K(5824K)->5765K(5824K) Class: 533K(640K)->533K(640K)
[18.462s][info][gc             ] GC(181) Pause Young (Allocation Failure) 2727M->2727M(2846M) 38.161ms
[18.462s][info][gc,cpu         ] GC(181) User=0.16s Sys=0.00s Real=0.04s
[18.499s][info][gc,start       ] GC(182) Pause Young (Allocation Failure)
[18.537s][info][gc,heap        ] GC(182) PSYoungGen: 61568K(61952K)->30848K(140800K) Eden: 30720K(30720K)->0K(34304K) From: 30848K(31232K)->30848K(106496K)
[18.537s][info][gc,heap        ] GC(182) ParOldGen: 2762599K(2852864K)->2793607K(2852864K)
[18.537s][info][gc,metaspace   ] GC(182) Metaspace: 6299K(6464K)->6299K(6464K) NonClass: 5765K(5824K)->5765K(5824K) Class: 533K(640K)->533K(640K)
[18.537s][info][gc             ] GC(182) Pause Young (Allocation Failure) 2757M->2758M(2923M) 38.293ms
[18.537s][info][gc,cpu         ] GC(182) User=0.34s Sys=0.02s Real=0.04s
[19.142s][info][gc,start       ] GC(183) Pause Young (Allocation Failure)
[19.255s][info][gc,heap        ] GC(183) PSYoungGen: 65152K(140800K)->34464K(69120K) Eden: 34304K(34304K)->0K(34304K) From: 30848K(106496K)->34464K(34816K)
[19.255s][info][gc,heap        ] GC(183) ParOldGen: 2924679K(2984448K)->2955679K(2984448K)
[19.255s][info][gc,metaspace   ] GC(183) Metaspace: 6299K(6464K)->6299K(6464K) NonClass: 5765K(5824K)->5765K(5824K) Class: 533K(640K)->533K(640K)
[19.255s][info][gc             ] GC(183) Pause Young (Allocation Failure) 2919M->2920M(2982M) 113.033ms
[19.255s][info][gc,cpu         ] GC(183) User=0.56s Sys=0.00s Real=0.11s
[19.256s][info][gc,start       ] GC(184) Pause Full (Ergonomics)
[19.256s][info][gc,phases,start] GC(184) Marking Phase
[19.903s][info][gc,phases      ] GC(184) Marking Phase 647.568ms
[19.903s][info][gc,phases,start] GC(184) Summary Phase
[19.903s][info][gc,phases      ] GC(184) Summary Phase 0.058ms
[19.903s][info][gc,phases,start] GC(184) Adjust Roots
[19.903s][info][gc,phases      ] GC(184) Adjust Roots 0.164ms
[19.903s][info][gc,phases,start] GC(184) Compaction Phase
[20.359s][info][gc,phases      ] GC(184) Compaction Phase 455.458ms
[20.359s][info][gc,phases,start] GC(184) Post Compact
[20.365s][info][gc,phases      ] GC(184) Post Compact 5.609ms
[20.365s][info][gc,heap        ] GC(184) PSYoungGen: 34464K(69120K)->0K(144384K) Eden: 0K(34304K)->0K(37888K) From: 34464K(34816K)->0K(106496K)
[20.365s][info][gc,heap        ] GC(184) ParOldGen: 2955679K(2984448K)->2922202K(3072000K)
[20.365s][info][gc,metaspace   ] GC(184) Metaspace: 6299K(6464K)->6299K(6464K) NonClass: 5765K(5824K)->5765K(5824K) Class: 533K(640K)->533K(640K)
[20.365s][info][gc             ] GC(184) Pause Full (Ergonomics) 2920M->2853M(3141M) 1109.479ms
[20.365s][info][gc,cpu         ] GC(184) User=7.91s Sys=0.03s Real=1.11s
[20.409s][info][gc,start       ] GC(185) Pause Young (Allocation Failure)
[20.448s][info][gc,heap        ] GC(185) PSYoungGen: 37888K(144384K)->38080K(76288K) Eden: 37888K(37888K)->0K(37888K) From: 0K(106496K)->38080K(38400K)
[20.448s][info][gc,heap        ] GC(185) ParOldGen: 2922202K(3072000K)->2922202K(3072000K)
[20.448s][info][gc,metaspace   ] GC(185) Metaspace: 6299K(6464K)->6299K(6464K) NonClass: 5765K(5824K)->5765K(5824K) Class: 533K(640K)->533K(640K)
[20.448s][info][gc             ] GC(185) Pause Young (Allocation Failure) 2890M->2890M(3074M) 39.556ms
[20.448s][info][gc,cpu         ] GC(185) User=0.06s Sys=0.00s Real=0.04s
[20.490s][info][gc,start       ] GC(186) Pause Young (Allocation Failure)
[20.542s][info][gc,heap        ] GC(186) PSYoungGen: 75968K(76288K)->75968K(135168K) Eden: 37888K(37888K)->0K(34304K) From: 38080K(38400K)->75968K(100864K)
[20.542s][info][gc,heap        ] GC(186) ParOldGen: 2922202K(3072000K)->2922202K(3072000K)
[20.542s][info][gc,metaspace   ] GC(186) Metaspace: 6299K(6464K)->6299K(6464K) NonClass: 5765K(5824K)->5765K(5824K) Class: 533K(640K)->533K(640K)
[20.542s][info][gc             ] GC(186) Pause Young (Allocation Failure) 2927M->2927M(3132M) 51.315ms
[20.542s][info][gc,cpu         ] GC(186) User=0.17s Sys=0.00s Real=0.05s
[20.575s][info][gc,start       ] GC(187) Pause Young (Allocation Failure)
[20.639s][info][gc,heap        ] GC(187) PSYoungGen: 110272K(135168K)->107520K(141824K) Eden: 34304K(34304K)->0K(34304K) From: 75968K(100864K)->107520K(107520K)
[20.639s][info][gc,heap        ] GC(187) ParOldGen: 2922202K(3072000K)->2924954K(3072000K)
[20.639s][info][gc,metaspace   ] GC(187) Metaspace: 6299K(6464K)->6299K(6464K) NonClass: 5765K(5824K)->5765K(5824K) Class: 533K(640K)->533K(640K)
[20.639s][info][gc             ] GC(187) Pause Young (Allocation Failure) 2961M->2961M(3138M) 63.327ms
[20.639s][info][gc,cpu         ] GC(187) User=0.20s Sys=0.00s Real=0.06s
[20.672s][info][gc,start       ] GC(188) Pause Young (Allocation Failure)
[20.746s][info][gc,heap        ] GC(188) PSYoungGen: 141824K(141824K)->104064K(151040K) Eden: 34304K(34304K)->0K(26112K) From: 107520K(107520K)->104064K(124928K)
[20.746s][info][gc,heap        ] GC(188) ParOldGen: 2924954K(3072000K)->2963178K(3072000K)
[20.746s][info][gc,metaspace   ] GC(188) Metaspace: 6299K(6464K)->6299K(6464K) NonClass: 5765K(5824K)->5765K(5824K) Class: 533K(640K)->533K(640K)
[20.746s][info][gc             ] GC(188) Pause Young (Allocation Failure) 2994M->2995M(3147M) 74.189ms
[20.746s][info][gc,cpu         ] GC(188) User=0.41s Sys=0.02s Real=0.08s
[20.772s][info][gc,start       ] GC(189) Pause Young (Allocation Failure)
[20.841s][info][gc,heap        ] GC(189) PSYoungGen: 130176K(151040K)->92320K(162816K) Eden: 26112K(26112K)->0K(26112K) From: 104064K(124928K)->92320K(136704K)
[20.841s][info][gc,heap        ] GC(189) ParOldGen: 2963178K(3072000K)->3001402K(3072000K)
[20.841s][info][gc,metaspace   ] GC(189) Metaspace: 6299K(6464K)->6299K(6464K) NonClass: 5765K(5824K)->5765K(5824K) Class: 533K(640K)->533K(640K)
[20.841s][info][gc             ] GC(189) Pause Young (Allocation Failure) 3020M->3021M(3159M) 68.817ms
[20.841s][info][gc,cpu         ] GC(189) User=0.19s Sys=0.00s Real=0.07s
[20.867s][info][gc,start       ] GC(190) Pause Young (Allocation Failure)
[20.933s][info][gc,heap        ] GC(190) PSYoungGen: 118432K(162816K)->86752K(169984K) Eden: 26112K(26112K)->0K(28160K) From: 92320K(136704K)->86752K(141824K)
[20.933s][info][gc,heap        ] GC(190) ParOldGen: 3001402K(3072000K)->3033290K(3072000K)
[20.933s][info][gc,metaspace   ] GC(190) Metaspace: 6299K(6464K)->6299K(6464K) NonClass: 5765K(5824K)->5765K(5824K) Class: 533K(640K)->533K(640K)
[20.933s][info][gc             ] GC(190) Pause Young (Allocation Failure) 3046M->3046M(3166M) 66.393ms
[20.933s][info][gc,cpu         ] GC(190) User=0.20s Sys=0.00s Real=0.07s
[20.933s][info][gc,start       ] GC(191) Pause Full (Ergonomics)
[20.933s][info][gc,phases,start] GC(191) Marking Phase
[21.633s][info][gc,phases      ] GC(191) Marking Phase 700.126ms
[21.633s][info][gc,phases,start] GC(191) Summary Phase
[21.633s][info][gc,phases      ] GC(191) Summary Phase 0.066ms
[21.633s][info][gc,phases,start] GC(191) Adjust Roots
[21.634s][info][gc,phases      ] GC(191) Adjust Roots 0.333ms
[21.634s][info][gc,phases,start] GC(191) Compaction Phase
[22.249s][info][gc,phases      ] GC(191) Compaction Phase 615.580ms
[22.249s][info][gc,phases,start] GC(191) Post Compact
[22.256s][info][gc,phases      ] GC(191) Post Compact 6.440ms
[22.256s][info][gc,heap        ] GC(191) PSYoungGen: 86752K(169984K)->47116K(169984K) Eden: 0K(28160K)->0K(28160K) From: 86752K(141824K)->47116K(141824K)
[22.256s][info][gc,heap        ] GC(191) ParOldGen: 3033290K(3072000K)->3071504K(3072000K)
[22.256s][info][gc,metaspace   ] GC(191) Metaspace: 6299K(6464K)->6299K(6464K) NonClass: 5765K(5824K)->5765K(5824K) Class: 533K(640K)->533K(640K)
[22.256s][info][gc             ] GC(191) Pause Full (Ergonomics) 3046M->3045M(3166M) 1323.004ms
[22.256s][info][gc,cpu         ] GC(191) User=9.39s Sys=0.03s Real=1.32s
[22.284s][info][gc,start       ] GC(192) Pause Full (Ergonomics)
[22.285s][info][gc,phases,start] GC(192) Marking Phase
[22.994s][info][gc,phases      ] GC(192) Marking Phase 709.507ms
[22.994s][info][gc,phases,start] GC(192) Summary Phase
[22.994s][info][gc,phases      ] GC(192) Summary Phase 0.055ms
[22.994s][info][gc,phases,start] GC(192) Adjust Roots
[22.994s][info][gc,phases      ] GC(192) Adjust Roots 0.219ms
[22.994s][info][gc,phases,start] GC(192) Compaction Phase
[23.241s][info][gc,phases      ] GC(192) Compaction Phase 246.895ms
[23.241s][info][gc,phases,start] GC(192) Post Compact
[23.247s][info][gc,phases      ] GC(192) Post Compact 5.629ms
[23.247s][info][gc,heap        ] GC(192) PSYoungGen: 75276K(169984K)->75241K(169984K) Eden: 28160K(28160K)->28125K(28160K) From: 47116K(141824K)->47116K(141824K)
[23.247s][info][gc,heap        ] GC(192) ParOldGen: 3071504K(3072000K)->3071504K(3072000K)
[23.247s][info][gc,metaspace   ] GC(192) Metaspace: 6299K(6464K)->6299K(6464K) NonClass: 5765K(5824K)->5765K(5824K) Class: 533K(640K)->533K(640K)
[23.247s][info][gc             ] GC(192) Pause Full (Ergonomics) 3073M->3072M(3166M) 962.694ms
[23.247s][info][gc,cpu         ] GC(192) User=6.94s Sys=0.00s Real=0.96s
[23.247s][info][gc,start       ] GC(193) Pause Full (Ergonomics)
[23.247s][info][gc,phases,start] GC(193) Marking Phase
[23.955s][info][gc,phases      ] GC(193) Marking Phase 707.792ms
[23.955s][info][gc,phases,start] GC(193) Summary Phase
[23.955s][info][gc,phases      ] GC(193) Summary Phase 0.045ms
[23.955s][info][gc,phases,start] GC(193) Adjust Roots
[23.956s][info][gc,phases      ] GC(193) Adjust Roots 0.196ms
[23.956s][info][gc,phases,start] GC(193) Compaction Phase
[24.202s][info][gc,phases      ] GC(193) Compaction Phase 246.019ms
[24.202s][info][gc,phases,start] GC(193) Post Compact
[24.207s][info][gc,phases      ] GC(193) Post Compact 5.490ms
[24.207s][info][gc,heap        ] GC(193) PSYoungGen: 75276K(169984K)->75276K(169984K) Eden: 28160K(28160K)->28159K(28160K) From: 47116K(141824K)->47116K(141824K)
[24.207s][info][gc,heap        ] GC(193) ParOldGen: 3071504K(3072000K)->3071504K(3072000K)
[24.207s][info][gc,metaspace   ] GC(193) Metaspace: 6299K(6464K)->6299K(6464K) NonClass: 5765K(5824K)->5765K(5824K) Class: 533K(640K)->533K(640K)
[24.207s][info][gc             ] GC(193) Pause Full (Ergonomics) 3073M->3073M(3166M) 959.873ms
[24.207s][info][gc,cpu         ] GC(193) User=6.95s Sys=0.00s Real=0.96s
[24.207s][info][gc,start       ] GC(194) Pause Full (Ergonomics)
[24.208s][info][gc,phases,start] GC(194) Marking Phase
[24.929s][info][gc,phases      ] GC(194) Marking Phase 721.909ms
[24.929s][info][gc,phases,start] GC(194) Summary Phase
[24.930s][info][gc,phases      ] GC(194) Summary Phase 0.042ms
[24.930s][info][gc,phases,start] GC(194) Adjust Roots
[24.930s][info][gc,phases      ] GC(194) Adjust Roots 0.168ms
[24.930s][info][gc,phases,start] GC(194) Compaction Phase
[25.169s][info][gc,phases      ] GC(194) Compaction Phase 238.971ms
[25.169s][info][gc,phases,start] GC(194) Post Compact
[25.175s][info][gc,phases      ] GC(194) Post Compact 6.343ms
[25.175s][info][gc,heap        ] GC(194) PSYoungGen: 75276K(169984K)->75276K(169984K) Eden: 28159K(28160K)->28159K(28160K) From: 47116K(141824K)->47116K(141824K)
[25.175s][info][gc,heap        ] GC(194) ParOldGen: 3071504K(3072000K)->3071504K(3072000K)
[25.175s][info][gc,metaspace   ] GC(194) Metaspace: 6299K(6464K)->6299K(6464K) NonClass: 5765K(5824K)->5765K(5824K) Class: 533K(640K)->533K(640K)
[25.175s][info][gc             ] GC(194) Pause Full (Ergonomics) 3073M->3073M(3166M) 967.800ms
[25.175s][info][gc,cpu         ] GC(194) User=7.02s Sys=0.00s Real=0.97s
[25.175s][info][gc,start       ] GC(195) Pause Full (Ergonomics)
[25.176s][info][gc,phases,start] GC(195) Marking Phase
[25.905s][info][gc,phases      ] GC(195) Marking Phase 729.881ms
[25.905s][info][gc,phases,start] GC(195) Summary Phase
[25.905s][info][gc,phases      ] GC(195) Summary Phase 0.040ms
[25.905s][info][gc,phases,start] GC(195) Adjust Roots
[25.906s][info][gc,phases      ] GC(195) Adjust Roots 0.167ms
[25.906s][info][gc,phases,start] GC(195) Compaction Phase
[26.165s][info][gc,phases      ] GC(195) Compaction Phase 259.380ms
[26.165s][info][gc,phases,start] GC(195) Post Compact
[26.172s][info][gc,phases      ] GC(195) Post Compact 6.968ms
[26.172s][info][gc,heap        ] GC(195) PSYoungGen: 75276K(169984K)->75276K(169984K) Eden: 28159K(28160K)->28159K(28160K) From: 47116K(141824K)->47116K(141824K)
[26.172s][info][gc,heap        ] GC(195) ParOldGen: 3071509K(3072000K)->3071509K(3072000K)
[26.172s][info][gc,metaspace   ] GC(195) Metaspace: 6299K(6464K)->6299K(6464K) NonClass: 5765K(5824K)->5765K(5824K) Class: 533K(640K)->533K(640K)
[26.172s][info][gc             ] GC(195) Pause Full (Ergonomics) 3073M->3073M(3166M) 996.838ms
[26.172s][info][gc,cpu         ] GC(195) User=6.70s Sys=0.02s Real=1.00s
[26.173s][info][gc,start       ] GC(196) Pause Full (Ergonomics)
[26.173s][info][gc,phases,start] GC(196) Marking Phase
[26.904s][info][gc,phases      ] GC(196) Marking Phase 731.201ms
[26.904s][info][gc,phases,start] GC(196) Summary Phase
[26.904s][info][gc,phases      ] GC(196) Summary Phase 0.050ms
[26.904s][info][gc,phases,start] GC(196) Adjust Roots
[26.904s][info][gc,phases      ] GC(196) Adjust Roots 0.193ms
[26.904s][info][gc,phases,start] GC(196) Compaction Phase
[27.169s][info][gc,phases      ] GC(196) Compaction Phase 264.889ms
[27.169s][info][gc,phases,start] GC(196) Post Compact
[27.175s][info][gc,phases      ] GC(196) Post Compact 5.674ms
[27.175s][info][gc,heap        ] GC(196) PSYoungGen: 75276K(169984K)->75276K(169984K) Eden: 28159K(28160K)->28159K(28160K) From: 47116K(141824K)->47116K(141824K)
[27.175s][info][gc,heap        ] GC(196) ParOldGen: 3071514K(3072000K)->3071514K(3072000K)
[27.175s][info][gc,metaspace   ] GC(196) Metaspace: 6299K(6464K)->6299K(6464K) NonClass: 5765K(5824K)->5765K(5824K) Class: 533K(640K)->533K(640K)
[27.175s][info][gc             ] GC(196) Pause Full (Ergonomics) 3073M->3073M(3166M) 1002.344ms
[27.175s][info][gc,cpu         ] GC(196) User=7.06s Sys=0.00s Real=1.00s
[27.175s][info][gc,start       ] GC(197) Pause Full (Ergonomics)
[27.175s][info][gc,phases,start] GC(197) Marking Phase
[27.887s][info][gc,phases      ] GC(197) Marking Phase 712.177ms
[27.887s][info][gc,phases,start] GC(197) Summary Phase
[27.887s][info][gc,phases      ] GC(197) Summary Phase 0.041ms
[27.887s][info][gc,phases,start] GC(197) Adjust Roots
[27.888s][info][gc,phases      ] GC(197) Adjust Roots 0.162ms
[27.888s][info][gc,phases,start] GC(197) Compaction Phase
[28.127s][info][gc,phases      ] GC(197) Compaction Phase 239.434ms
[28.127s][info][gc,phases,start] GC(197) Post Compact
[28.133s][info][gc,phases      ] GC(197) Post Compact 5.554ms
[28.133s][info][gc,heap        ] GC(197) PSYoungGen: 75276K(169984K)->75276K(169984K) Eden: 28159K(28160K)->28159K(28160K) From: 47116K(141824K)->47116K(141824K)
[28.133s][info][gc,heap        ] GC(197) ParOldGen: 3071519K(3072000K)->3071519K(3072000K)
[28.133s][info][gc,metaspace   ] GC(197) Metaspace: 6299K(6464K)->6299K(6464K) NonClass: 5765K(5824K)->5765K(5824K) Class: 533K(640K)->533K(640K)
[28.133s][info][gc             ] GC(197) Pause Full (Ergonomics) 3073M->3073M(3166M) 957.693ms
[28.133s][info][gc,cpu         ] GC(197) User=6.92s Sys=0.02s Real=0.96s
[28.133s][info][gc,start       ] GC(198) Pause Full (Ergonomics)
[28.133s][info][gc,phases,start] GC(198) Marking Phase
[28.845s][info][gc,phases      ] GC(198) Marking Phase 712.072ms
[28.845s][info][gc,phases,start] GC(198) Summary Phase
[28.845s][info][gc,phases      ] GC(198) Summary Phase 0.041ms
[28.845s][info][gc,phases,start] GC(198) Adjust Roots
[28.845s][info][gc,phases      ] GC(198) Adjust Roots 0.163ms
[28.845s][info][gc,phases,start] GC(198) Compaction Phase
[29.085s][info][gc,phases      ] GC(198) Compaction Phase 240.032ms
[29.085s][info][gc,phases,start] GC(198) Post Compact
[29.091s][info][gc,phases      ] GC(198) Post Compact 5.648ms
[29.091s][info][gc,heap        ] GC(198) PSYoungGen: 75276K(169984K)->75276K(169984K) Eden: 28159K(28160K)->28159K(28160K) From: 47116K(141824K)->47116K(141824K)
[29.091s][info][gc,heap        ] GC(198) ParOldGen: 3071524K(3072000K)->3071524K(3072000K)
[29.091s][info][gc,metaspace   ] GC(198) Metaspace: 6299K(6464K)->6299K(6464K) NonClass: 5765K(5824K)->5765K(5824K) Class: 533K(640K)->533K(640K)
[29.091s][info][gc             ] GC(198) Pause Full (Ergonomics) 3073M->3073M(3166M) 958.316ms
[29.091s][info][gc,cpu         ] GC(198) User=7.02s Sys=0.00s Real=0.96s
[29.091s][info][gc,start       ] GC(199) Pause Full (Ergonomics)
[29.092s][info][gc,phases,start] GC(199) Marking Phase
[29.801s][info][gc,phases      ] GC(199) Marking Phase 709.574ms
[29.801s][info][gc,phases,start] GC(199) Summary Phase
[29.801s][info][gc,phases      ] GC(199) Summary Phase 0.041ms
[29.801s][info][gc,phases,start] GC(199) Adjust Roots
[29.801s][info][gc,phases      ] GC(199) Adjust Roots 0.162ms
[29.801s][info][gc,phases,start] GC(199) Compaction Phase
[30.039s][info][gc,phases      ] GC(199) Compaction Phase 237.829ms
[30.039s][info][gc,phases,start] GC(199) Post Compact
[30.046s][info][gc,phases      ] GC(199) Post Compact 6.255ms
[30.046s][info][gc,heap        ] GC(199) PSYoungGen: 75276K(169984K)->75276K(169984K) Eden: 28159K(28160K)->28159K(28160K) From: 47116K(141824K)->47116K(141824K)
[30.046s][info][gc,heap        ] GC(199) ParOldGen: 3071529K(3072000K)->3071529K(3072000K)
[30.046s][info][gc,metaspace   ] GC(199) Metaspace: 6299K(6464K)->6299K(6464K) NonClass: 5765K(5824K)->5765K(5824K) Class: 533K(640K)->533K(640K)
[30.046s][info][gc             ] GC(199) Pause Full (Ergonomics) 3073M->3073M(3166M) 954.239ms
[30.046s][info][gc,cpu         ] GC(199) User=6.94s Sys=0.00s Real=0.95s
[30.046s][info][gc,start       ] GC(200) Pause Full (Ergonomics)
[30.046s][info][gc,phases,start] GC(200) Marking Phase
[30.749s][info][gc,phases      ] GC(200) Marking Phase 702.916ms
[30.749s][info][gc,phases,start] GC(200) Summary Phase
[30.749s][info][gc,phases      ] GC(200) Summary Phase 0.040ms
[30.749s][info][gc,phases,start] GC(200) Adjust Roots
[30.749s][info][gc,phases      ] GC(200) Adjust Roots 0.163ms
[30.749s][info][gc,phases,start] GC(200) Compaction Phase
[30.986s][info][gc,phases      ] GC(200) Compaction Phase 236.959ms
[30.986s][info][gc,phases,start] GC(200) Post Compact
[30.992s][info][gc,phases      ] GC(200) Post Compact 5.579ms
[30.992s][info][gc,heap        ] GC(200) PSYoungGen: 75276K(169984K)->75276K(169984K) Eden: 28159K(28160K)->28159K(28160K) From: 47116K(141824K)->47116K(141824K)
[30.992s][info][gc,heap        ] GC(200) ParOldGen: 3071533K(3072000K)->3071533K(3072000K)
[30.992s][info][gc,metaspace   ] GC(200) Metaspace: 6299K(6464K)->6299K(6464K) NonClass: 5765K(5824K)->5765K(5824K) Class: 533K(640K)->533K(640K)
[30.992s][info][gc             ] GC(200) Pause Full (Ergonomics) 3073M->3073M(3166M) 945.987ms
[30.992s][info][gc,cpu         ] GC(200) User=6.89s Sys=0.00s Real=0.95s
[30.992s][info][gc,start       ] GC(201) Pause Full (Ergonomics)
[30.992s][info][gc,phases,start] GC(201) Marking Phase
[31.719s][info][gc,phases      ] GC(201) Marking Phase 726.873ms
[31.719s][info][gc,phases,start] GC(201) Summary Phase
[31.719s][info][gc,phases      ] GC(201) Summary Phase 0.040ms
[31.719s][info][gc,phases,start] GC(201) Adjust Roots
[31.719s][info][gc,phases      ] GC(201) Adjust Roots 0.162ms
[31.719s][info][gc,phases,start] GC(201) Compaction Phase
[31.971s][info][gc,phases      ] GC(201) Compaction Phase 251.134ms
[31.971s][info][gc,phases,start] GC(201) Post Compact
[31.977s][info][gc,phases      ] GC(201) Post Compact 6.416ms
[31.977s][info][gc,heap        ] GC(201) PSYoungGen: 75276K(169984K)->75276K(169984K) Eden: 28159K(28160K)->28159K(28160K) From: 47116K(141824K)->47116K(141824K)
[31.977s][info][gc,heap        ] GC(201) ParOldGen: 3071538K(3072000K)->3071538K(3072000K)
[31.977s][info][gc,metaspace   ] GC(201) Metaspace: 6299K(6464K)->6299K(6464K) NonClass: 5765K(5824K)->5765K(5824K) Class: 533K(640K)->533K(640K)
[31.977s][info][gc             ] GC(201) Pause Full (Ergonomics) 3073M->3073M(3166M) 985.007ms
[31.977s][info][gc,cpu         ] GC(201) User=6.84s Sys=0.00s Real=0.98s
[31.977s][info][gc,start       ] GC(202) Pause Full (Ergonomics)
[31.977s][info][gc,phases,start] GC(202) Marking Phase
[32.694s][info][gc,phases      ] GC(202) Marking Phase 716.670ms
[32.694s][info][gc,phases,start] GC(202) Summary Phase
[32.694s][info][gc,phases      ] GC(202) Summary Phase 0.042ms
[32.694s][info][gc,phases,start] GC(202) Adjust Roots
[32.694s][info][gc,phases      ] GC(202) Adjust Roots 0.200ms
[32.694s][info][gc,phases,start] GC(202) Compaction Phase
[32.932s][info][gc,phases      ] GC(202) Compaction Phase 237.288ms
[32.932s][info][gc,phases,start] GC(202) Post Compact
[32.937s][info][gc,phases      ] GC(202) Post Compact 5.531ms
[32.937s][info][gc,heap        ] GC(202) PSYoungGen: 75276K(169984K)->75276K(169984K) Eden: 28159K(28160K)->28159K(28160K) From: 47116K(141824K)->47116K(141824K)
[32.937s][info][gc,heap        ] GC(202) ParOldGen: 3071543K(3072000K)->3071543K(3072000K)
[32.937s][info][gc,metaspace   ] GC(202) Metaspace: 6299K(6464K)->6299K(6464K) NonClass: 5765K(5824K)->5765K(5824K) Class: 533K(640K)->533K(640K)
[32.937s][info][gc             ] GC(202) Pause Full (Ergonomics) 3073M->3073M(3166M) 960.069ms
[32.937s][info][gc,cpu         ] GC(202) User=6.91s Sys=0.00s Real=0.96s
[32.938s][info][gc,start       ] GC(203) Pause Full (Ergonomics)
[32.938s][info][gc,phases,start] GC(203) Marking Phase
[33.646s][info][gc,phases      ] GC(203) Marking Phase 708.216ms
[33.646s][info][gc,phases,start] GC(203) Summary Phase
[33.646s][info][gc,phases      ] GC(203) Summary Phase 0.059ms
[33.646s][info][gc,phases,start] GC(203) Adjust Roots
[33.647s][info][gc,phases      ] GC(203) Adjust Roots 0.255ms
[33.647s][info][gc,phases,start] GC(203) Compaction Phase
[33.890s][info][gc,phases      ] GC(203) Compaction Phase 243.424ms
[33.890s][info][gc,phases,start] GC(203) Post Compact
[33.896s][info][gc,phases      ] GC(203) Post Compact 5.736ms
[33.896s][info][gc,heap        ] GC(203) PSYoungGen: 75276K(169984K)->75276K(169984K) Eden: 28159K(28160K)->28159K(28160K) From: 47116K(141824K)->47116K(141824K)
[33.896s][info][gc,heap        ] GC(203) ParOldGen: 3071548K(3072000K)->3071548K(3072000K)
[33.896s][info][gc,metaspace   ] GC(203) Metaspace: 6299K(6464K)->6299K(6464K) NonClass: 5765K(5824K)->5765K(5824K) Class: 533K(640K)->533K(640K)
[33.896s][info][gc             ] GC(203) Pause Full (Ergonomics) 3073M->3073M(3166M) 958.076ms
[33.896s][info][gc,cpu         ] GC(203) User=7.03s Sys=0.00s Real=0.96s
[33.896s][info][gc,start       ] GC(204) Pause Full (Ergonomics)
[33.896s][info][gc,phases,start] GC(204) Marking Phase
[34.602s][info][gc,phases      ] GC(204) Marking Phase 705.996ms
[34.602s][info][gc,phases,start] GC(204) Summary Phase
[34.602s][info][gc,phases      ] GC(204) Summary Phase 0.048ms
[34.602s][info][gc,phases,start] GC(204) Adjust Roots
[34.602s][info][gc,phases      ] GC(204) Adjust Roots 0.217ms
[34.603s][info][gc,phases,start] GC(204) Compaction Phase
[34.854s][info][gc,phases      ] GC(204) Compaction Phase 251.381ms
[34.854s][info][gc,phases,start] GC(204) Post Compact
[34.860s][info][gc,phases      ] GC(204) Post Compact 5.579ms
[34.860s][info][gc,heap        ] GC(204) PSYoungGen: 75276K(169984K)->75276K(169984K) Eden: 28159K(28160K)->28159K(28160K) From: 47116K(141824K)->47116K(141824K)
[34.860s][info][gc,heap        ] GC(204) ParOldGen: 3071553K(3072000K)->3071553K(3072000K)
[34.860s][info][gc,metaspace   ] GC(204) Metaspace: 6299K(6464K)->6299K(6464K) NonClass: 5765K(5824K)->5765K(5824K) Class: 533K(640K)->533K(640K)
[34.860s][info][gc             ] GC(204) Pause Full (Ergonomics) 3073M->3073M(3166M) 963.576ms
[34.860s][info][gc,cpu         ] GC(204) User=6.86s Sys=0.00s Real=0.96s
[34.860s][info][gc,start       ] GC(205) Pause Full (Ergonomics)
[34.860s][info][gc,phases,start] GC(205) Marking Phase
[35.577s][info][gc,phases      ] GC(205) Marking Phase 717.020ms
[35.577s][info][gc,phases,start] GC(205) Summary Phase
[35.577s][info][gc,phases      ] GC(205) Summary Phase 0.045ms
[35.577s][info][gc,phases,start] GC(205) Adjust Roots
[35.577s][info][gc,phases      ] GC(205) Adjust Roots 0.184ms
[35.577s][info][gc,phases,start] GC(205) Compaction Phase
[35.824s][info][gc,phases      ] GC(205) Compaction Phase 246.426ms
[35.824s][info][gc,phases,start] GC(205) Post Compact
[35.830s][info][gc,phases      ] GC(205) Post Compact 5.896ms
[35.830s][info][gc,heap        ] GC(205) PSYoungGen: 75276K(169984K)->75276K(169984K) Eden: 28159K(28160K)->28159K(28160K) From: 47116K(141824K)->47116K(141824K)
[35.830s][info][gc,heap        ] GC(205) ParOldGen: 3071558K(3072000K)->3071558K(3072000K)
[35.830s][info][gc,metaspace   ] GC(205) Metaspace: 6299K(6464K)->6299K(6464K) NonClass: 5765K(5824K)->5765K(5824K) Class: 533K(640K)->533K(640K)
[35.830s][info][gc             ] GC(205) Pause Full (Ergonomics) 3073M->3073M(3166M) 969.929ms
[35.830s][info][gc,cpu         ] GC(205) User=6.94s Sys=0.00s Real=0.97s
[35.830s][info][gc,start       ] GC(206) Pause Full (Ergonomics)
[35.830s][info][gc,phases,start] GC(206) Marking Phase
[36.552s][info][gc,phases      ] GC(206) Marking Phase 722.212ms
[36.552s][info][gc,phases,start] GC(206) Summary Phase
[36.552s][info][gc,phases      ] GC(206) Summary Phase 0.041ms
[36.552s][info][gc,phases,start] GC(206) Adjust Roots
[36.553s][info][gc,phases      ] GC(206) Adjust Roots 0.177ms
[36.553s][info][gc,phases,start] GC(206) Compaction Phase
[36.811s][info][gc,phases      ] GC(206) Compaction Phase 258.166ms
[36.811s][info][gc,phases,start] GC(206) Post Compact
[36.817s][info][gc,phases      ] GC(206) Post Compact 6.067ms
[36.817s][info][gc,heap        ] GC(206) PSYoungGen: 75276K(169984K)->75276K(169984K) Eden: 28159K(28160K)->28159K(28160K) From: 47116K(141824K)->47116K(141824K)
[36.817s][info][gc,heap        ] GC(206) ParOldGen: 3071562K(3072000K)->3071562K(3072000K)
[36.817s][info][gc,metaspace   ] GC(206) Metaspace: 6299K(6464K)->6299K(6464K) NonClass: 5765K(5824K)->5765K(5824K) Class: 533K(640K)->533K(640K)
[36.817s][info][gc             ] GC(206) Pause Full (Ergonomics) 3073M->3073M(3166M) 987.028ms
[36.817s][info][gc,cpu         ] GC(206) User=7.16s Sys=0.00s Real=0.99s
[36.817s][info][gc,start       ] GC(207) Pause Full (Ergonomics)
[36.817s][info][gc,phases,start] GC(207) Marking Phase
[37.556s][info][gc,phases      ] GC(207) Marking Phase 738.568ms
[37.556s][info][gc,phases,start] GC(207) Summary Phase
[37.556s][info][gc,phases      ] GC(207) Summary Phase 0.066ms
[37.556s][info][gc,phases,start] GC(207) Adjust Roots
[37.557s][info][gc,phases      ] GC(207) Adjust Roots 0.396ms
[37.557s][info][gc,phases,start] GC(207) Compaction Phase
[37.874s][info][gc,phases      ] GC(207) Compaction Phase 317.455ms
[37.874s][info][gc,phases,start] GC(207) Post Compact
[37.881s][info][gc,phases      ] GC(207) Post Compact 6.897ms
[37.881s][info][gc,heap        ] GC(207) PSYoungGen: 75276K(169984K)->75276K(169984K) Eden: 28159K(28160K)->28159K(28160K) From: 47116K(141824K)->47116K(141824K)
[37.881s][info][gc,heap        ] GC(207) ParOldGen: 3071567K(3072000K)->3071567K(3072000K)
[37.881s][info][gc,metaspace   ] GC(207) Metaspace: 6299K(6464K)->6299K(6464K) NonClass: 5765K(5824K)->5765K(5824K) Class: 533K(640K)->533K(640K)
[37.881s][info][gc             ] GC(207) Pause Full (Ergonomics) 3073M->3073M(3166M) 1063.810ms
[37.881s][info][gc,cpu         ] GC(207) User=6.91s Sys=0.02s Real=1.06s
[37.881s][info][gc,start       ] GC(208) Pause Full (Ergonomics)
[37.881s][info][gc,phases,start] GC(208) Marking Phase
[38.662s][info][gc,phases      ] GC(208) Marking Phase 780.643ms
[38.662s][info][gc,phases,start] GC(208) Summary Phase
[38.662s][info][gc,phases      ] GC(208) Summary Phase 0.073ms
[38.662s][info][gc,phases,start] GC(208) Adjust Roots
[38.663s][info][gc,phases      ] GC(208) Adjust Roots 0.300ms
[38.663s][info][gc,phases,start] GC(208) Compaction Phase
[38.937s][info][gc,phases      ] GC(208) Compaction Phase 274.373ms
[38.937s][info][gc,phases,start] GC(208) Post Compact
[38.943s][info][gc,phases      ] GC(208) Post Compact 5.805ms
[38.943s][info][gc,heap        ] GC(208) PSYoungGen: 75276K(169984K)->75276K(169984K) Eden: 28159K(28160K)->28159K(28160K) From: 47116K(141824K)->47116K(141824K)
[38.943s][info][gc,heap        ] GC(208) ParOldGen: 3071572K(3072000K)->3071572K(3072000K)
[38.943s][info][gc,metaspace   ] GC(208) Metaspace: 6299K(6464K)->6299K(6464K) NonClass: 5765K(5824K)->5765K(5824K) Class: 533K(640K)->533K(640K)
[38.943s][info][gc             ] GC(208) Pause Full (Ergonomics) 3073M->3073M(3166M) 1061.571ms
[38.943s][info][gc,cpu         ] GC(208) User=6.95s Sys=0.00s Real=1.06s
[38.943s][info][gc,start       ] GC(209) Pause Full (Ergonomics)
[38.943s][info][gc,phases,start] GC(209) Marking Phase
[39.740s][info][gc,phases      ] GC(209) Marking Phase 797.176ms
[39.741s][info][gc,phases,start] GC(209) Summary Phase
[39.741s][info][gc,phases      ] GC(209) Summary Phase 0.078ms
[39.741s][info][gc,phases,start] GC(209) Adjust Roots
[39.741s][info][gc,phases      ] GC(209) Adjust Roots 0.303ms
[39.741s][info][gc,phases,start] GC(209) Compaction Phase
[40.060s][info][gc,phases      ] GC(209) Compaction Phase 318.665ms
[40.060s][info][gc,phases,start] GC(209) Post Compact
[40.066s][info][gc,phases      ] GC(209) Post Compact 6.279ms
[40.066s][info][gc,heap        ] GC(209) PSYoungGen: 75276K(169984K)->75276K(169984K) Eden: 28159K(28160K)->28159K(28160K) From: 47116K(141824K)->47116K(141824K)
[40.066s][info][gc,heap        ] GC(209) ParOldGen: 3071577K(3072000K)->3071577K(3072000K)
[40.066s][info][gc,metaspace   ] GC(209) Metaspace: 6299K(6464K)->6299K(6464K) NonClass: 5765K(5824K)->5765K(5824K) Class: 533K(640K)->533K(640K)
[40.066s][info][gc             ] GC(209) Pause Full (Ergonomics) 3073M->3073M(3166M) 1123.000ms
[40.066s][info][gc,cpu         ] GC(209) User=6.62s Sys=0.00s Real=1.12s
[40.066s][info][gc,start       ] GC(210) Pause Full (Ergonomics)
[40.067s][info][gc,phases,start] GC(210) Marking Phase
[40.817s][info][gc,phases      ] GC(210) Marking Phase 750.218ms
[40.817s][info][gc,phases,start] GC(210) Summary Phase
[40.817s][info][gc,phases      ] GC(210) Summary Phase 0.082ms
[40.817s][info][gc,phases,start] GC(210) Adjust Roots
[40.817s][info][gc,phases      ] GC(210) Adjust Roots 0.277ms
[40.817s][info][gc,phases,start] GC(210) Compaction Phase
[41.095s][info][gc,phases      ] GC(210) Compaction Phase 278.124ms
[41.095s][info][gc,phases,start] GC(210) Post Compact
[41.101s][info][gc,phases      ] GC(210) Post Compact 5.841ms
[41.101s][info][gc,heap        ] GC(210) PSYoungGen: 75276K(169984K)->75276K(169984K) Eden: 28159K(28160K)->28159K(28160K) From: 47116K(141824K)->47116K(141824K)
[41.101s][info][gc,heap        ] GC(210) ParOldGen: 3071582K(3072000K)->3071582K(3072000K)
[41.101s][info][gc,metaspace   ] GC(210) Metaspace: 6299K(6464K)->6299K(6464K) NonClass: 5765K(5824K)->5765K(5824K) Class: 533K(640K)->533K(640K)
[41.101s][info][gc             ] GC(210) Pause Full (Ergonomics) 3073M->3073M(3166M) 1035.018ms
[41.102s][info][gc,cpu         ] GC(210) User=7.00s Sys=0.00s Real=1.03s
[41.102s][info][gc,start       ] GC(211) Pause Full (Ergonomics)
[41.102s][info][gc,phases,start] GC(211) Marking Phase
[41.836s][info][gc,phases      ] GC(211) Marking Phase 734.398ms
[41.836s][info][gc,phases,start] GC(211) Summary Phase
[41.836s][info][gc,phases      ] GC(211) Summary Phase 0.062ms
[41.836s][info][gc,phases,start] GC(211) Adjust Roots
[41.837s][info][gc,phases      ] GC(211) Adjust Roots 0.358ms
[41.837s][info][gc,phases,start] GC(211) Compaction Phase
[42.111s][info][gc,phases      ] GC(211) Compaction Phase 274.403ms
[42.111s][info][gc,phases,start] GC(211) Post Compact
[42.118s][info][gc,phases      ] GC(211) Post Compact 7.075ms
[42.118s][info][gc,heap        ] GC(211) PSYoungGen: 75276K(169984K)->75276K(169984K) Eden: 28159K(28160K)->28159K(28160K) From: 47116K(141824K)->47116K(141824K)
[42.118s][info][gc,heap        ] GC(211) ParOldGen: 3071587K(3072000K)->3071587K(3072000K)
[42.118s][info][gc,metaspace   ] GC(211) Metaspace: 6299K(6464K)->6299K(6464K) NonClass: 5765K(5824K)->5765K(5824K) Class: 533K(640K)->533K(640K)
[42.118s][info][gc             ] GC(211) Pause Full (Ergonomics) 3073M->3073M(3166M) 1016.705ms
[42.118s][info][gc,cpu         ] GC(211) User=7.16s Sys=0.00s Real=1.02s
[42.119s][info][gc,start       ] GC(212) Pause Full (Ergonomics)
[42.119s][info][gc,phases,start] GC(212) Marking Phase
[42.840s][info][gc,phases      ] GC(212) Marking Phase 721.194ms
[42.840s][info][gc,phases,start] GC(212) Summary Phase
[42.840s][info][gc,phases      ] GC(212) Summary Phase 0.049ms
[42.840s][info][gc,phases,start] GC(212) Adjust Roots
[42.840s][info][gc,phases      ] GC(212) Adjust Roots 0.260ms
[42.840s][info][gc,phases,start] GC(212) Compaction Phase
[43.115s][info][gc,phases      ] GC(212) Compaction Phase 274.736ms
[43.115s][info][gc,phases,start] GC(212) Post Compact
[43.121s][info][gc,phases      ] GC(212) Post Compact 5.963ms
[43.121s][info][gc,heap        ] GC(212) PSYoungGen: 75276K(169984K)->75276K(169984K) Eden: 28159K(28160K)->28159K(28160K) From: 47116K(141824K)->47116K(141824K)
[43.121s][info][gc,heap        ] GC(212) ParOldGen: 3071591K(3072000K)->3071591K(3072000K)
[43.121s][info][gc,metaspace   ] GC(212) Metaspace: 6299K(6464K)->6299K(6464K) NonClass: 5765K(5824K)->5765K(5824K) Class: 533K(640K)->533K(640K)
[43.121s][info][gc             ] GC(212) Pause Full (Ergonomics) 3073M->3073M(3166M) 1002.544ms
[43.121s][info][gc,cpu         ] GC(212) User=7.03s Sys=0.00s Real=1.00s
[43.122s][info][gc,start       ] GC(213) Pause Full (Ergonomics)
[43.122s][info][gc,phases,start] GC(213) Marking Phase
[43.845s][info][gc,phases      ] GC(213) Marking Phase 723.824ms
[43.845s][info][gc,phases,start] GC(213) Summary Phase
[43.846s][info][gc,phases      ] GC(213) Summary Phase 0.056ms
[43.846s][info][gc,phases,start] GC(213) Adjust Roots
[43.846s][info][gc,phases      ] GC(213) Adjust Roots 0.253ms
[43.846s][info][gc,phases,start] GC(213) Compaction Phase
[44.110s][info][gc,phases      ] GC(213) Compaction Phase 264.272ms
[44.110s][info][gc,phases,start] GC(213) Post Compact
[44.118s][info][gc,phases      ] GC(213) Post Compact 7.442ms
[44.118s][info][gc,heap        ] GC(213) PSYoungGen: 75276K(169984K)->75276K(169984K) Eden: 28159K(28160K)->28159K(28160K) From: 47116K(141824K)->47116K(141824K)
[44.118s][info][gc,heap        ] GC(213) ParOldGen: 3071596K(3072000K)->3071596K(3072000K)
[44.118s][info][gc,metaspace   ] GC(213) Metaspace: 6299K(6464K)->6299K(6464K) NonClass: 5765K(5824K)->5765K(5824K) Class: 533K(640K)->533K(640K)
[44.118s][info][gc             ] GC(213) Pause Full (Ergonomics) 3073M->3073M(3166M) 996.287ms
[44.118s][info][gc,cpu         ] GC(213) User=7.09s Sys=0.00s Real=1.00s
[44.118s][info][gc,start       ] GC(214) Pause Full (Ergonomics)
[44.118s][info][gc,phases,start] GC(214) Marking Phase
[44.869s][info][gc,phases      ] GC(214) Marking Phase 750.745ms
[44.869s][info][gc,phases,start] GC(214) Summary Phase
[44.869s][info][gc,phases      ] GC(214) Summary Phase 0.052ms
[44.869s][info][gc,phases,start] GC(214) Adjust Roots
[44.869s][info][gc,phases      ] GC(214) Adjust Roots 0.226ms
[44.869s][info][gc,phases,start] GC(214) Compaction Phase
[45.129s][info][gc,phases      ] GC(214) Compaction Phase 259.961ms
[45.129s][info][gc,phases,start] GC(214) Post Compact
[45.135s][info][gc,phases      ] GC(214) Post Compact 5.847ms
[45.135s][info][gc,heap        ] GC(214) PSYoungGen: 75276K(169984K)->75276K(169984K) Eden: 28159K(28160K)->28159K(28160K) From: 47116K(141824K)->47116K(141824K)
[45.135s][info][gc,heap        ] GC(214) ParOldGen: 3071601K(3072000K)->3071601K(3072000K)
[45.135s][info][gc,metaspace   ] GC(214) Metaspace: 6299K(6464K)->6299K(6464K) NonClass: 5765K(5824K)->5765K(5824K) Class: 533K(640K)->533K(640K)
[45.135s][info][gc             ] GC(214) Pause Full (Ergonomics) 3073M->3073M(3166M) 1017.196ms
[45.135s][info][gc,cpu         ] GC(214) User=7.33s Sys=0.00s Real=1.02s
[45.135s][info][gc,start       ] GC(215) Pause Full (Ergonomics)
[45.135s][info][gc,phases,start] GC(215) Marking Phase
[45.866s][info][gc,phases      ] GC(215) Marking Phase 730.363ms
[45.866s][info][gc,phases,start] GC(215) Summary Phase
[45.866s][info][gc,phases      ] GC(215) Summary Phase 0.061ms
[45.866s][info][gc,phases,start] GC(215) Adjust Roots
[45.866s][info][gc,phases      ] GC(215) Adjust Roots 0.262ms
[45.866s][info][gc,phases,start] GC(215) Compaction Phase
[46.124s][info][gc,phases      ] GC(215) Compaction Phase 257.785ms
[46.124s][info][gc,phases,start] GC(215) Post Compact
[46.130s][info][gc,phases      ] GC(215) Post Compact 5.893ms
[46.130s][info][gc,heap        ] GC(215) PSYoungGen: 75276K(169984K)->75276K(169984K) Eden: 28159K(28160K)->28159K(28160K) From: 47116K(141824K)->47116K(141824K)
[46.130s][info][gc,heap        ] GC(215) ParOldGen: 3071606K(3072000K)->3071606K(3072000K)
[46.130s][info][gc,metaspace   ] GC(215) Metaspace: 6299K(6464K)->6299K(6464K) NonClass: 5765K(5824K)->5765K(5824K) Class: 533K(640K)->533K(640K)
[46.130s][info][gc             ] GC(215) Pause Full (Ergonomics) 3073M->3073M(3166M) 994.723ms
[46.130s][info][gc,cpu         ] GC(215) User=7.12s Sys=0.00s Real=1.00s
[46.130s][info][gc,start       ] GC(216) Pause Full (Ergonomics)
[46.130s][info][gc,phases,start] GC(216) Marking Phase
[46.874s][info][gc,phases      ] GC(216) Marking Phase 743.516ms
[46.874s][info][gc,phases,start] GC(216) Summary Phase
[46.874s][info][gc,phases      ] GC(216) Summary Phase 0.058ms
[46.874s][info][gc,phases,start] GC(216) Adjust Roots
[46.874s][info][gc,phases      ] GC(216) Adjust Roots 0.218ms
[46.874s][info][gc,phases,start] GC(216) Compaction Phase
[47.135s][info][gc,phases      ] GC(216) Compaction Phase 260.724ms
[47.135s][info][gc,phases,start] GC(216) Post Compact
[47.141s][info][gc,phases      ] GC(216) Post Compact 5.568ms
[47.141s][info][gc,heap        ] GC(216) PSYoungGen: 75276K(169984K)->75276K(169984K) Eden: 28159K(28160K)->28159K(28160K) From: 47116K(141824K)->47116K(141824K)
[47.141s][info][gc,heap        ] GC(216) ParOldGen: 3071611K(3072000K)->3071611K(3072000K)
[47.141s][info][gc,metaspace   ] GC(216) Metaspace: 6299K(6464K)->6299K(6464K) NonClass: 5765K(5824K)->5765K(5824K) Class: 533K(640K)->533K(640K)
[47.141s][info][gc             ] GC(216) Pause Full (Ergonomics) 3073M->3073M(3166M) 1010.426ms
[47.141s][info][gc,cpu         ] GC(216) User=7.23s Sys=0.00s Real=1.01s
[47.141s][info][gc,start       ] GC(217) Pause Full (Ergonomics)
[47.141s][info][gc,phases,start] GC(217) Marking Phase
[47.871s][info][gc,phases      ] GC(217) Marking Phase 730.045ms
[47.871s][info][gc,phases,start] GC(217) Summary Phase
[47.871s][info][gc,phases      ] GC(217) Summary Phase 0.049ms
[47.871s][info][gc,phases,start] GC(217) Adjust Roots
[47.871s][info][gc,phases      ] GC(217) Adjust Roots 0.231ms
[47.871s][info][gc,phases,start] GC(217) Compaction Phase
[48.175s][info][gc,phases      ] GC(217) Compaction Phase 303.348ms
[48.175s][info][gc,phases,start] GC(217) Post Compact
[48.181s][info][gc,phases      ] GC(217) Post Compact 6.391ms
[48.181s][info][gc,heap        ] GC(217) PSYoungGen: 75276K(169984K)->75276K(169984K) Eden: 28159K(28160K)->28159K(28160K) From: 47116K(141824K)->47116K(141824K)
[48.181s][info][gc,heap        ] GC(217) ParOldGen: 3071616K(3072000K)->3071616K(3072000K)
[48.181s][info][gc,metaspace   ] GC(217) Metaspace: 6299K(6464K)->6299K(6464K) NonClass: 5765K(5824K)->5765K(5824K) Class: 533K(640K)->533K(640K)
[48.181s][info][gc             ] GC(217) Pause Full (Ergonomics) 3073M->3073M(3166M) 1040.431ms
[48.181s][info][gc,cpu         ] GC(217) User=7.14s Sys=0.00s Real=1.04s
[48.182s][info][gc,start       ] GC(218) Pause Full (Ergonomics)
[48.182s][info][gc,phases,start] GC(218) Marking Phase
[48.916s][info][gc,phases      ] GC(218) Marking Phase 734.575ms
[48.916s][info][gc,phases,start] GC(218) Summary Phase
[48.916s][info][gc,phases      ] GC(218) Summary Phase 0.061ms
[48.916s][info][gc,phases,start] GC(218) Adjust Roots
[48.917s][info][gc,phases      ] GC(218) Adjust Roots 0.250ms
[48.917s][info][gc,phases,start] GC(218) Compaction Phase
[49.213s][info][gc,phases      ] GC(218) Compaction Phase 296.032ms
[49.213s][info][gc,phases,start] GC(218) Post Compact
[49.219s][info][gc,phases      ] GC(218) Post Compact 5.855ms
[49.219s][info][gc,heap        ] GC(218) PSYoungGen: 75276K(169984K)->75276K(169984K) Eden: 28159K(28160K)->28159K(28160K) From: 47116K(141824K)->47116K(141824K)
[49.219s][info][gc,heap        ] GC(218) ParOldGen: 3071620K(3072000K)->3071620K(3072000K)
[49.219s][info][gc,metaspace   ] GC(218) Metaspace: 6299K(6464K)->6299K(6464K) NonClass: 5765K(5824K)->5765K(5824K) Class: 533K(640K)->533K(640K)
[49.219s][info][gc             ] GC(218) Pause Full (Ergonomics) 3073M->3073M(3166M) 1037.224ms
[49.219s][info][gc,cpu         ] GC(218) User=7.27s Sys=0.00s Real=1.04s
[49.219s][info][gc,start       ] GC(219) Pause Full (Ergonomics)
[49.219s][info][gc,phases,start] GC(219) Marking Phase
[49.951s][info][gc,phases      ] GC(219) Marking Phase 731.598ms
[49.951s][info][gc,phases,start] GC(219) Summary Phase
[49.951s][info][gc,phases      ] GC(219) Summary Phase 0.054ms
[49.951s][info][gc,phases,start] GC(219) Adjust Roots
[49.951s][info][gc,phases      ] GC(219) Adjust Roots 0.220ms
[49.951s][info][gc,phases,start] GC(219) Compaction Phase
[50.201s][info][gc,phases      ] GC(219) Compaction Phase 249.435ms
[50.201s][info][gc,phases,start] GC(219) Post Compact
[50.206s][info][gc,phases      ] GC(219) Post Compact 5.548ms
[50.206s][info][gc,heap        ] GC(219) PSYoungGen: 75276K(169984K)->75276K(169984K) Eden: 28159K(28160K)->28159K(28160K) From: 47116K(141824K)->47116K(141824K)
[50.206s][info][gc,heap        ] GC(219) ParOldGen: 3071625K(3072000K)->3071625K(3072000K)
[50.206s][info][gc,metaspace   ] GC(219) Metaspace: 6299K(6464K)->6299K(6464K) NonClass: 5765K(5824K)->5765K(5824K) Class: 533K(640K)->533K(640K)
[50.206s][info][gc             ] GC(219) Pause Full (Ergonomics) 3073M->3073M(3166M) 987.216ms
[50.206s][info][gc,cpu         ] GC(219) User=7.17s Sys=0.00s Real=0.99s
[50.207s][info][gc,start       ] GC(220) Pause Full (Ergonomics)
[50.207s][info][gc,phases,start] GC(220) Marking Phase
[50.911s][info][gc,phases      ] GC(220) Marking Phase 704.592ms
[50.911s][info][gc,phases,start] GC(220) Summary Phase
[50.911s][info][gc,phases      ] GC(220) Summary Phase 0.048ms
[50.911s][info][gc,phases,start] GC(220) Adjust Roots
[50.911s][info][gc,phases      ] GC(220) Adjust Roots 0.200ms
[50.912s][info][gc,phases,start] GC(220) Compaction Phase
[51.186s][info][gc,phases      ] GC(220) Compaction Phase 274.537ms
[51.186s][info][gc,phases,start] GC(220) Post Compact
[51.192s][info][gc,phases      ] GC(220) Post Compact 5.698ms
[51.192s][info][gc,heap        ] GC(220) PSYoungGen: 75276K(169984K)->75276K(169984K) Eden: 28159K(28160K)->28159K(28160K) From: 47116K(141824K)->47116K(141824K)
[51.192s][info][gc,heap        ] GC(220) ParOldGen: 3071630K(3072000K)->3071630K(3072000K)
[51.192s][info][gc,metaspace   ] GC(220) Metaspace: 6299K(6464K)->6299K(6464K) NonClass: 5765K(5824K)->5765K(5824K) Class: 533K(640K)->533K(640K)
[51.192s][info][gc             ] GC(220) Pause Full (Ergonomics) 3073M->3073M(3166M) 985.472ms
[51.192s][info][gc,cpu         ] GC(220) User=6.86s Sys=0.00s Real=0.99s
[51.192s][info][gc,start       ] GC(221) Pause Full (Ergonomics)
[51.192s][info][gc,phases,start] GC(221) Marking Phase
[51.930s][info][gc,phases      ] GC(221) Marking Phase 737.307ms
[51.930s][info][gc,phases,start] GC(221) Summary Phase
[51.930s][info][gc,phases      ] GC(221) Summary Phase 0.073ms
[51.930s][info][gc,phases,start] GC(221) Adjust Roots
[51.930s][info][gc,phases      ] GC(221) Adjust Roots 0.276ms
[51.930s][info][gc,phases,start] GC(221) Compaction Phase
[52.215s][info][gc,phases      ] GC(221) Compaction Phase 284.535ms
[52.215s][info][gc,phases,start] GC(221) Post Compact
[52.221s][info][gc,phases      ] GC(221) Post Compact 6.300ms
[52.221s][info][gc,heap        ] GC(221) PSYoungGen: 75276K(169984K)->75276K(169984K) Eden: 28159K(28160K)->28159K(28160K) From: 47116K(141824K)->47116K(141824K)
[52.221s][info][gc,heap        ] GC(221) ParOldGen: 3071635K(3072000K)->3071635K(3072000K)
[52.221s][info][gc,metaspace   ] GC(221) Metaspace: 6299K(6464K)->6299K(6464K) NonClass: 5765K(5824K)->5765K(5824K) Class: 533K(640K)->533K(640K)
[52.221s][info][gc             ] GC(221) Pause Full (Ergonomics) 3073M->3073M(3166M) 1028.897ms
[52.221s][info][gc,cpu         ] GC(221) User=7.05s Sys=0.00s Real=1.03s
[52.221s][info][gc,start       ] GC(222) Pause Full (Ergonomics)
[52.221s][info][gc,phases,start] GC(222) Marking Phase
[52.971s][info][gc,phases      ] GC(222) Marking Phase 749.733ms
[52.971s][info][gc,phases,start] GC(222) Summary Phase
[52.971s][info][gc,phases      ] GC(222) Summary Phase 0.063ms
[52.971s][info][gc,phases,start] GC(222) Adjust Roots
[52.972s][info][gc,phases      ] GC(222) Adjust Roots 0.314ms
[52.972s][info][gc,phases,start] GC(222) Compaction Phase
[53.241s][info][gc,phases      ] GC(222) Compaction Phase 269.800ms
[53.242s][info][gc,phases,start] GC(222) Post Compact
[53.247s][info][gc,phases      ] GC(222) Post Compact 5.889ms
[53.248s][info][gc,heap        ] GC(222) PSYoungGen: 75276K(169984K)->75276K(169984K) Eden: 28159K(28160K)->28159K(28160K) From: 47116K(141824K)->47116K(141824K)
[53.248s][info][gc,heap        ] GC(222) ParOldGen: 3071640K(3072000K)->3071640K(3072000K)
[53.248s][info][gc,metaspace   ] GC(222) Metaspace: 6299K(6464K)->6299K(6464K) NonClass: 5765K(5824K)->5765K(5824K) Class: 533K(640K)->533K(640K)
[53.248s][info][gc             ] GC(222) Pause Full (Ergonomics) 3073M->3073M(3166M) 1026.265ms
[53.248s][info][gc,cpu         ] GC(222) User=7.02s Sys=0.02s Real=1.03s
[53.248s][info][gc,start       ] GC(223) Pause Full (Ergonomics)
[53.248s][info][gc,phases,start] GC(223) Marking Phase
[53.978s][info][gc,phases      ] GC(223) Marking Phase 729.877ms
[53.978s][info][gc,phases,start] GC(223) Summary Phase
[53.978s][info][gc,phases      ] GC(223) Summary Phase 0.079ms
[53.978s][info][gc,phases,start] GC(223) Adjust Roots
[53.978s][info][gc,phases      ] GC(223) Adjust Roots 0.371ms
[53.978s][info][gc,phases,start] GC(223) Compaction Phase
[54.290s][info][gc,phases      ] GC(223) Compaction Phase 312.020ms
[54.291s][info][gc,phases,start] GC(223) Post Compact
[54.297s][info][gc,phases      ] GC(223) Post Compact 6.345ms
[54.297s][info][gc,heap        ] GC(223) PSYoungGen: 75276K(169984K)->75276K(169984K) Eden: 28159K(28160K)->28159K(28160K) From: 47116K(141824K)->47116K(141824K)
[54.297s][info][gc,heap        ] GC(223) ParOldGen: 3071645K(3072000K)->3071645K(3072000K)
[54.297s][info][gc,metaspace   ] GC(223) Metaspace: 6299K(6464K)->6299K(6464K) NonClass: 5765K(5824K)->5765K(5824K) Class: 533K(640K)->533K(640K)
[54.297s][info][gc             ] GC(223) Pause Full (Ergonomics) 3073M->3073M(3166M) 1049.216ms
[54.297s][info][gc,cpu         ] GC(223) User=7.19s Sys=0.02s Real=1.05s
[54.297s][info][gc,start       ] GC(224) Pause Full (Ergonomics)
[54.297s][info][gc,phases,start] GC(224) Marking Phase
[55.040s][info][gc,phases      ] GC(224) Marking Phase 742.913ms
[55.040s][info][gc,phases,start] GC(224) Summary Phase
[55.040s][info][gc,phases      ] GC(224) Summary Phase 0.058ms
[55.040s][info][gc,phases,start] GC(224) Adjust Roots
[55.041s][info][gc,phases      ] GC(224) Adjust Roots 0.310ms
[55.041s][info][gc,phases,start] GC(224) Compaction Phase
[55.383s][info][gc,phases      ] GC(224) Compaction Phase 341.925ms
[55.383s][info][gc,phases,start] GC(224) Post Compact
[55.390s][info][gc,phases      ] GC(224) Post Compact 6.940ms
[55.390s][info][gc,heap        ] GC(224) PSYoungGen: 75276K(169984K)->75276K(169984K) Eden: 28159K(28160K)->28159K(28160K) From: 47116K(141824K)->47116K(141824K)
[55.390s][info][gc,heap        ] GC(224) ParOldGen: 3071649K(3072000K)->3071649K(3072000K)
[55.390s][info][gc,metaspace   ] GC(224) Metaspace: 6299K(6464K)->6299K(6464K) NonClass: 5765K(5824K)->5765K(5824K) Class: 533K(640K)->533K(640K)
[55.390s][info][gc             ] GC(224) Pause Full (Ergonomics) 3073M->3073M(3166M) 1092.626ms
[55.390s][info][gc,cpu         ] GC(224) User=7.05s Sys=0.00s Real=1.09s
[55.390s][info][gc,start       ] GC(225) Pause Full (Ergonomics)
[55.390s][info][gc,phases,start] GC(225) Marking Phase
[56.190s][info][gc,phases      ] GC(225) Marking Phase 799.820ms
[56.190s][info][gc,phases,start] GC(225) Summary Phase
[56.190s][info][gc,phases      ] GC(225) Summary Phase 0.107ms
[56.190s][info][gc,phases,start] GC(225) Adjust Roots
[56.191s][info][gc,phases      ] GC(225) Adjust Roots 0.453ms
[56.191s][info][gc,phases,start] GC(225) Compaction Phase
[56.496s][info][gc,phases      ] GC(225) Compaction Phase 305.350ms
[56.496s][info][gc,phases,start] GC(225) Post Compact
[56.503s][info][gc,phases      ] GC(225) Post Compact 6.520ms
[56.503s][info][gc,heap        ] GC(225) PSYoungGen: 75276K(169984K)->75276K(169984K) Eden: 28159K(28160K)->28159K(28160K) From: 47116K(141824K)->47116K(141824K)
[56.503s][info][gc,heap        ] GC(225) ParOldGen: 3071654K(3072000K)->3071654K(3072000K)
[56.503s][info][gc,metaspace   ] GC(225) Metaspace: 6299K(6464K)->6299K(6464K) NonClass: 5765K(5824K)->5765K(5824K) Class: 533K(640K)->533K(640K)
[56.503s][info][gc             ] GC(225) Pause Full (Ergonomics) 3073M->3073M(3166M) 1112.810ms
[56.503s][info][gc,cpu         ] GC(225) User=6.75s Sys=0.02s Real=1.11s
[56.503s][info][gc,start       ] GC(226) Pause Full (Ergonomics)
[56.503s][info][gc,phases,start] GC(226) Marking Phase
[57.246s][info][gc,phases      ] GC(226) Marking Phase 742.886ms
[57.246s][info][gc,phases,start] GC(226) Summary Phase
[57.246s][info][gc,phases      ] GC(226) Summary Phase 0.085ms
[57.246s][info][gc,phases,start] GC(226) Adjust Roots
[57.247s][info][gc,phases      ] GC(226) Adjust Roots 0.331ms
[57.247s][info][gc,phases,start] GC(226) Compaction Phase
[57.560s][info][gc,phases      ] GC(226) Compaction Phase 313.454ms
[57.560s][info][gc,phases,start] GC(226) Post Compact
[57.567s][info][gc,phases      ] GC(226) Post Compact 6.257ms
[57.567s][info][gc,heap        ] GC(226) PSYoungGen: 75276K(169984K)->75276K(169984K) Eden: 28159K(28160K)->28159K(28160K) From: 47116K(141824K)->47116K(141824K)
[57.567s][info][gc,heap        ] GC(226) ParOldGen: 3071659K(3072000K)->3071659K(3072000K)
[57.567s][info][gc,metaspace   ] GC(226) Metaspace: 6299K(6464K)->6299K(6464K) NonClass: 5765K(5824K)->5765K(5824K) Class: 533K(640K)->533K(640K)
[57.567s][info][gc             ] GC(226) Pause Full (Ergonomics) 3073M->3073M(3166M) 1063.457ms
[57.567s][info][gc,cpu         ] GC(226) User=7.05s Sys=0.02s Real=1.06s
[57.567s][info][gc,start       ] GC(227) Pause Full (Ergonomics)
[57.567s][info][gc,phases,start] GC(227) Marking Phase
[58.294s][info][gc,phases      ] GC(227) Marking Phase 726.982ms
[58.294s][info][gc,phases,start] GC(227) Summary Phase
[58.294s][info][gc,phases      ] GC(227) Summary Phase 0.069ms
[58.294s][info][gc,phases,start] GC(227) Adjust Roots
[58.294s][info][gc,phases      ] GC(227) Adjust Roots 0.306ms
[58.295s][info][gc,phases,start] GC(227) Compaction Phase
[58.585s][info][gc,phases      ] GC(227) Compaction Phase 290.310ms
[58.585s][info][gc,phases,start] GC(227) Post Compact
[58.591s][info][gc,phases      ] GC(227) Post Compact 6.118ms
[58.591s][info][gc,heap        ] GC(227) PSYoungGen: 75276K(169984K)->75276K(169984K) Eden: 28159K(28160K)->28159K(28160K) From: 47116K(141824K)->47116K(141824K)
[58.591s][info][gc,heap        ] GC(227) ParOldGen: 3071664K(3072000K)->3071664K(3072000K)
[58.591s][info][gc,metaspace   ] GC(227) Metaspace: 6299K(6464K)->6299K(6464K) NonClass: 5765K(5824K)->5765K(5824K) Class: 533K(640K)->533K(640K)
[58.591s][info][gc             ] GC(227) Pause Full (Ergonomics) 3073M->3073M(3166M) 1024.260ms
[58.591s][info][gc,cpu         ] GC(227) User=7.11s Sys=0.02s Real=1.02s
[58.591s][info][gc,start       ] GC(228) Pause Full (Ergonomics)
[58.591s][info][gc,phases,start] GC(228) Marking Phase
[59.336s][info][gc,phases      ] GC(228) Marking Phase 744.771ms
[59.336s][info][gc,phases,start] GC(228) Summary Phase
[59.336s][info][gc,phases      ] GC(228) Summary Phase 0.077ms
[59.336s][info][gc,phases,start] GC(228) Adjust Roots
[59.337s][info][gc,phases      ] GC(228) Adjust Roots 0.318ms
[59.337s][info][gc,phases,start] GC(228) Compaction Phase
[59.618s][info][gc,phases      ] GC(228) Compaction Phase 281.144ms
[59.618s][info][gc,phases,start] GC(228) Post Compact
[59.624s][info][gc,phases      ] GC(228) Post Compact 5.957ms
[59.624s][info][gc,heap        ] GC(228) PSYoungGen: 75276K(169984K)->75276K(169984K) Eden: 28159K(28160K)->28159K(28160K) From: 47116K(141824K)->47116K(141824K)
[59.624s][info][gc,heap        ] GC(228) ParOldGen: 3071669K(3072000K)->3071669K(3072000K)
[59.624s][info][gc,metaspace   ] GC(228) Metaspace: 6299K(6464K)->6299K(6464K) NonClass: 5765K(5824K)->5765K(5824K) Class: 533K(640K)->533K(640K)
[59.624s][info][gc             ] GC(228) Pause Full (Ergonomics) 3073M->3073M(3166M) 1032.770ms
[59.624s][info][gc,cpu         ] GC(228) User=7.19s Sys=0.00s Real=1.03s
[59.624s][info][gc,start       ] GC(229) Pause Full (Ergonomics)
[59.624s][info][gc,phases,start] GC(229) Marking Phase
[60.359s][info][gc,phases      ] GC(229) Marking Phase 734.043ms
[60.359s][info][gc,phases,start] GC(229) Summary Phase
[60.359s][info][gc,phases      ] GC(229) Summary Phase 0.075ms
[60.359s][info][gc,phases,start] GC(229) Adjust Roots
[60.359s][info][gc,phases      ] GC(229) Adjust Roots 0.299ms
[60.359s][info][gc,phases,start] GC(229) Compaction Phase
[60.627s][info][gc,phases      ] GC(229) Compaction Phase 267.508ms
[60.627s][info][gc,phases,start] GC(229) Post Compact
[60.634s][info][gc,phases      ] GC(229) Post Compact 7.446ms
[60.634s][info][gc,heap        ] GC(229) PSYoungGen: 75276K(169984K)->75276K(169984K) Eden: 28159K(28160K)->28159K(28160K) From: 47116K(141824K)->47116K(141824K)
[60.634s][info][gc,heap        ] GC(229) ParOldGen: 3071674K(3072000K)->3071674K(3072000K)
[60.634s][info][gc,metaspace   ] GC(229) Metaspace: 6299K(6464K)->6299K(6464K) NonClass: 5765K(5824K)->5765K(5824K) Class: 533K(640K)->533K(640K)
[60.634s][info][gc             ] GC(229) Pause Full (Ergonomics) 3073M->3073M(3166M) 1009.843ms
[60.634s][info][gc,cpu         ] GC(229) User=7.22s Sys=0.00s Real=1.01s
[60.635s][info][gc,start       ] GC(230) Pause Full (Ergonomics)
[60.635s][info][gc,phases,start] GC(230) Marking Phase
[61.374s][info][gc,phases      ] GC(230) Marking Phase 739.595ms
[61.374s][info][gc,phases,start] GC(230) Summary Phase
[61.374s][info][gc,phases      ] GC(230) Summary Phase 0.074ms
[61.374s][info][gc,phases,start] GC(230) Adjust Roots
[61.375s][info][gc,phases      ] GC(230) Adjust Roots 0.325ms
[61.375s][info][gc,phases,start] GC(230) Compaction Phase
[61.674s][info][gc,phases      ] GC(230) Compaction Phase 299.629ms
[61.674s][info][gc,phases,start] GC(230) Post Compact
[61.680s][info][gc,phases      ] GC(230) Post Compact 6.003ms
[61.681s][info][gc,heap        ] GC(230) PSYoungGen: 75276K(169984K)->75276K(169984K) Eden: 28159K(28160K)->28159K(28160K) From: 47116K(141824K)->47116K(141824K)
[61.681s][info][gc,heap        ] GC(230) ParOldGen: 3071678K(3072000K)->3071678K(3072000K)
[61.681s][info][gc,metaspace   ] GC(230) Metaspace: 6299K(6464K)->6299K(6464K) NonClass: 5765K(5824K)->5765K(5824K) Class: 533K(640K)->533K(640K)
[61.681s][info][gc             ] GC(230) Pause Full (Ergonomics) 3073M->3073M(3166M) 1046.077ms
[61.681s][info][gc,cpu         ] GC(230) User=7.20s Sys=0.02s Real=1.05s
[61.681s][info][gc,start       ] GC(231) Pause Full (Ergonomics)
[61.681s][info][gc,phases,start] GC(231) Marking Phase
[62.428s][info][gc,phases      ] GC(231) Marking Phase 746.901ms
[62.428s][info][gc,phases,start] GC(231) Summary Phase
[62.428s][info][gc,phases      ] GC(231) Summary Phase 0.070ms
[62.428s][info][gc,phases,start] GC(231) Adjust Roots
[62.429s][info][gc,phases      ] GC(231) Adjust Roots 0.358ms
[62.429s][info][gc,phases,start] GC(231) Compaction Phase
[62.707s][info][gc,phases      ] GC(231) Compaction Phase 278.473ms
[62.707s][info][gc,phases,start] GC(231) Post Compact
[62.713s][info][gc,phases      ] GC(231) Post Compact 6.216ms
[62.713s][info][gc,heap        ] GC(231) PSYoungGen: 75276K(169984K)->75276K(169984K) Eden: 28159K(28160K)->28159K(28160K) From: 47116K(141824K)->47116K(141824K)
[62.713s][info][gc,heap        ] GC(231) ParOldGen: 3071683K(3072000K)->3071683K(3072000K)
[62.713s][info][gc,metaspace   ] GC(231) Metaspace: 6299K(6464K)->6299K(6464K) NonClass: 5765K(5824K)->5765K(5824K) Class: 533K(640K)->533K(640K)
[62.714s][info][gc             ] GC(231) Pause Full (Ergonomics) 3073M->3073M(3166M) 1032.484ms
[62.714s][info][gc,cpu         ] GC(231) User=7.31s Sys=0.00s Real=1.03s
[62.714s][info][gc,start       ] GC(232) Pause Full (Ergonomics)
[62.714s][info][gc,phases,start] GC(232) Marking Phase
[63.479s][info][gc,phases      ] GC(232) Marking Phase 764.790ms
[63.479s][info][gc,phases,start] GC(232) Summary Phase
[63.479s][info][gc,phases      ] GC(232) Summary Phase 0.074ms
[63.479s][info][gc,phases,start] GC(232) Adjust Roots
[63.479s][info][gc,phases      ] GC(232) Adjust Roots 0.329ms
[63.479s][info][gc,phases,start] GC(232) Compaction Phase
[63.779s][info][gc,phases      ] GC(232) Compaction Phase 299.514ms
[63.779s][info][gc,phases,start] GC(232) Post Compact
[63.785s][info][gc,phases      ] GC(232) Post Compact 6.341ms
[63.785s][info][gc,heap        ] GC(232) PSYoungGen: 75276K(169984K)->75276K(169984K) Eden: 28159K(28160K)->28159K(28160K) From: 47116K(141824K)->47116K(141824K)
[63.785s][info][gc,heap        ] GC(232) ParOldGen: 3071688K(3072000K)->3071688K(3072000K)
[63.785s][info][gc,metaspace   ] GC(232) Metaspace: 6299K(6464K)->6299K(6464K) NonClass: 5765K(5824K)->5765K(5824K) Class: 533K(640K)->533K(640K)
[63.785s][info][gc             ] GC(232) Pause Full (Ergonomics) 3073M->3073M(3166M) 1071.532ms
[63.785s][info][gc,cpu         ] GC(232) User=7.02s Sys=0.00s Real=1.07s
[63.785s][info][gc,start       ] GC(233) Pause Full (Ergonomics)
[63.786s][info][gc,phases,start] GC(233) Marking Phase
[64.516s][info][gc,phases      ] GC(233) Marking Phase 730.331ms
[64.516s][info][gc,phases,start] GC(233) Summary Phase
[64.516s][info][gc,phases      ] GC(233) Summary Phase 0.075ms
[64.516s][info][gc,phases,start] GC(233) Adjust Roots
[64.517s][info][gc,phases      ] GC(233) Adjust Roots 0.393ms
[64.517s][info][gc,phases,start] GC(233) Compaction Phase
[64.804s][info][gc,phases      ] GC(233) Compaction Phase 287.074ms
[64.804s][info][gc,phases,start] GC(233) Post Compact
[64.811s][info][gc,phases      ] GC(233) Post Compact 7.075ms
[64.811s][info][gc,heap        ] GC(233) PSYoungGen: 75276K(169984K)->75276K(169984K) Eden: 28159K(28160K)->28159K(28160K) From: 47116K(141824K)->47116K(141824K)
[64.811s][info][gc,heap        ] GC(233) ParOldGen: 3071693K(3072000K)->3071693K(3072000K)
[64.811s][info][gc,metaspace   ] GC(233) Metaspace: 6299K(6464K)->6299K(6464K) NonClass: 5765K(5824K)->5765K(5824K) Class: 533K(640K)->533K(640K)
[64.811s][info][gc             ] GC(233) Pause Full (Ergonomics) 3073M->3073M(3166M) 1025.495ms
[64.811s][info][gc,cpu         ] GC(233) User=6.84s Sys=0.00s Real=1.03s
[64.811s][info][gc,start       ] GC(234) Pause Full (Ergonomics)
[64.811s][info][gc,phases,start] GC(234) Marking Phase
[65.557s][info][gc,phases      ] GC(234) Marking Phase 745.599ms
[65.557s][info][gc,phases,start] GC(234) Summary Phase
[65.557s][info][gc,phases      ] GC(234) Summary Phase 0.081ms
[65.557s][info][gc,phases,start] GC(234) Adjust Roots
[65.557s][info][gc,phases      ] GC(234) Adjust Roots 0.389ms
[65.557s][info][gc,phases,start] GC(234) Compaction Phase
[65.844s][info][gc,phases      ] GC(234) Compaction Phase 286.940ms
[65.844s][info][gc,phases,start] GC(234) Post Compact
[65.852s][info][gc,phases      ] GC(234) Post Compact 7.101ms
[65.852s][info][gc,heap        ] GC(234) PSYoungGen: 75276K(169984K)->75276K(169984K) Eden: 28159K(28160K)->28159K(28160K) From: 47116K(141824K)->47116K(141824K)
[65.852s][info][gc,heap        ] GC(234) ParOldGen: 3071698K(3072000K)->3071698K(3072000K)
[65.852s][info][gc,metaspace   ] GC(234) Metaspace: 6299K(6464K)->6299K(6464K) NonClass: 5765K(5824K)->5765K(5824K) Class: 533K(640K)->533K(640K)
[65.852s][info][gc             ] GC(234) Pause Full (Ergonomics) 3073M->3073M(3166M) 1040.507ms
[65.852s][info][gc,cpu         ] GC(234) User=7.25s Sys=0.00s Real=1.04s
[65.852s][info][gc,start       ] GC(235) Pause Full (Ergonomics)
[65.852s][info][gc,phases,start] GC(235) Marking Phase
[66.578s][info][gc,phases      ] GC(235) Marking Phase 726.010ms
[66.578s][info][gc,phases,start] GC(235) Summary Phase
[66.578s][info][gc,phases      ] GC(235) Summary Phase 0.056ms
[66.578s][info][gc,phases,start] GC(235) Adjust Roots
[66.578s][info][gc,phases      ] GC(235) Adjust Roots 0.272ms
[66.578s][info][gc,phases,start] GC(235) Compaction Phase
[66.841s][info][gc,phases      ] GC(235) Compaction Phase 263.031ms
[66.841s][info][gc,phases,start] GC(235) Post Compact
[66.847s][info][gc,phases      ] GC(235) Post Compact 5.588ms
[66.847s][info][gc,heap        ] GC(235) PSYoungGen: 75276K(169984K)->75276K(169984K) Eden: 28159K(28160K)->28159K(28160K) From: 47116K(141824K)->47116K(141824K)
[66.847s][info][gc,heap        ] GC(235) ParOldGen: 3071703K(3072000K)->3071703K(3072000K)
[66.847s][info][gc,metaspace   ] GC(235) Metaspace: 6299K(6464K)->6299K(6464K) NonClass: 5765K(5824K)->5765K(5824K) Class: 533K(640K)->533K(640K)
[66.847s][info][gc             ] GC(235) Pause Full (Ergonomics) 3073M->3073M(3166M) 995.322ms
[66.847s][info][gc,cpu         ] GC(235) User=7.02s Sys=0.00s Real=1.00s
[66.847s][info][gc,start       ] GC(236) Pause Full (Ergonomics)
[66.847s][info][gc,phases,start] GC(236) Marking Phase
[67.564s][info][gc,phases      ] GC(236) Marking Phase 716.068ms
[67.564s][info][gc,phases,start] GC(236) Summary Phase
[67.564s][info][gc,phases      ] GC(236) Summary Phase 0.050ms
[67.564s][info][gc,phases,start] GC(236) Adjust Roots
[67.564s][info][gc,phases      ] GC(236) Adjust Roots 0.202ms
[67.564s][info][gc,phases,start] GC(236) Compaction Phase
[67.850s][info][gc,phases      ] GC(236) Compaction Phase 286.341ms
[67.850s][info][gc,phases,start] GC(236) Post Compact
[67.856s][info][gc,phases      ] GC(236) Post Compact 5.576ms
[67.856s][info][gc,heap        ] GC(236) PSYoungGen: 75276K(169984K)->75276K(169984K) Eden: 28159K(28160K)->28159K(28160K) From: 47116K(141824K)->47116K(141824K)
[67.856s][info][gc,heap        ] GC(236) ParOldGen: 3071707K(3072000K)->3071707K(3072000K)
[67.856s][info][gc,metaspace   ] GC(236) Metaspace: 6299K(6464K)->6299K(6464K) NonClass: 5765K(5824K)->5765K(5824K) Class: 533K(640K)->533K(640K)
[67.856s][info][gc             ] GC(236) Pause Full (Ergonomics) 3073M->3073M(3166M) 1008.582ms
[67.856s][info][gc,cpu         ] GC(236) User=7.05s Sys=0.00s Real=1.01s
[67.856s][info][gc,start       ] GC(237) Pause Full (Ergonomics)
[67.856s][info][gc,phases,start] GC(237) Marking Phase
[68.567s][info][gc,phases      ] GC(237) Marking Phase 710.914ms
[68.567s][info][gc,phases,start] GC(237) Summary Phase
[68.567s][info][gc,phases      ] GC(237) Summary Phase 0.040ms
[68.567s][info][gc,phases,start] GC(237) Adjust Roots
[68.567s][info][gc,phases      ] GC(237) Adjust Roots 0.188ms
[68.567s][info][gc,phases,start] GC(237) Compaction Phase
[68.834s][info][gc,phases      ] GC(237) Compaction Phase 266.200ms
[68.834s][info][gc,phases,start] GC(237) Post Compact
[68.839s][info][gc,phases      ] GC(237) Post Compact 5.663ms
[68.839s][info][gc,heap        ] GC(237) PSYoungGen: 75276K(169984K)->75276K(169984K) Eden: 28159K(28160K)->28159K(28160K) From: 47116K(141824K)->47116K(141824K)
[68.840s][info][gc,heap        ] GC(237) ParOldGen: 3071712K(3072000K)->3071712K(3072000K)
[68.840s][info][gc,metaspace   ] GC(237) Metaspace: 6299K(6464K)->6299K(6464K) NonClass: 5765K(5824K)->5765K(5824K) Class: 533K(640K)->533K(640K)
[68.840s][info][gc             ] GC(237) Pause Full (Ergonomics) 3073M->3073M(3166M) 983.501ms
[68.840s][info][gc,cpu         ] GC(237) User=7.16s Sys=0.00s Real=0.98s
[68.840s][info][gc,start       ] GC(238) Pause Full (Ergonomics)
[68.840s][info][gc,phases,start] GC(238) Marking Phase
[69.564s][info][gc,phases      ] GC(238) Marking Phase 724.575ms
[69.565s][info][gc,phases,start] GC(238) Summary Phase
[69.565s][info][gc,phases      ] GC(238) Summary Phase 0.044ms
[69.565s][info][gc,phases,start] GC(238) Adjust Roots
[69.565s][info][gc,phases      ] GC(238) Adjust Roots 0.207ms
[69.565s][info][gc,phases,start] GC(238) Compaction Phase
[69.828s][info][gc,phases      ] GC(238) Compaction Phase 262.963ms
[69.828s][info][gc,phases,start] GC(238) Post Compact
[69.834s][info][gc,phases      ] GC(238) Post Compact 5.684ms
[69.834s][info][gc,heap        ] GC(238) PSYoungGen: 75276K(169984K)->75276K(169984K) Eden: 28159K(28160K)->28159K(28160K) From: 47116K(141824K)->47116K(141824K)
[69.834s][info][gc,heap        ] GC(238) ParOldGen: 3071717K(3072000K)->3071717K(3072000K)
[69.834s][info][gc,metaspace   ] GC(238) Metaspace: 6299K(6464K)->6299K(6464K) NonClass: 5765K(5824K)->5765K(5824K) Class: 533K(640K)->533K(640K)
[69.834s][info][gc             ] GC(238) Pause Full (Ergonomics) 3073M->3073M(3166M) 993.817ms
[69.834s][info][gc,cpu         ] GC(238) User=7.22s Sys=0.00s Real=0.99s
[69.834s][info][gc,start       ] GC(239) Pause Full (Ergonomics)
[69.834s][info][gc,phases,start] GC(239) Marking Phase
[70.565s][info][gc,phases      ] GC(239) Marking Phase 731.257ms
[70.565s][info][gc,phases,start] GC(239) Summary Phase
[70.565s][info][gc,phases      ] GC(239) Summary Phase 0.058ms
[70.565s][info][gc,phases,start] GC(239) Adjust Roots
[70.566s][info][gc,phases      ] GC(239) Adjust Roots 0.176ms
[70.566s][info][gc,phases,start] GC(239) Compaction Phase
[70.818s][info][gc,phases      ] GC(239) Compaction Phase 252.707ms
[70.818s][info][gc,phases,start] GC(239) Post Compact
[70.824s][info][gc,phases      ] GC(239) Post Compact 5.663ms
[70.824s][info][gc,heap        ] GC(239) PSYoungGen: 75276K(169984K)->75276K(169984K) Eden: 28159K(28160K)->28159K(28160K) From: 47116K(141824K)->47116K(141824K)
[70.824s][info][gc,heap        ] GC(239) ParOldGen: 3071722K(3072000K)->3071722K(3072000K)
[70.824s][info][gc,metaspace   ] GC(239) Metaspace: 6299K(6464K)->6299K(6464K) NonClass: 5765K(5824K)->5765K(5824K) Class: 533K(640K)->533K(640K)
[70.824s][info][gc             ] GC(239) Pause Full (Ergonomics) 3073M->3073M(3166M) 990.223ms
[70.824s][info][gc,cpu         ] GC(239) User=7.03s Sys=0.02s Real=0.99s
[70.824s][info][gc,start       ] GC(240) Pause Full (Ergonomics)
[70.824s][info][gc,phases,start] GC(240) Marking Phase
[71.555s][info][gc,phases      ] GC(240) Marking Phase 730.847ms
[71.555s][info][gc,phases,start] GC(240) Summary Phase
[71.555s][info][gc,phases      ] GC(240) Summary Phase 0.040ms
[71.555s][info][gc,phases,start] GC(240) Adjust Roots
[71.555s][info][gc,phases      ] GC(240) Adjust Roots 0.172ms
[71.555s][info][gc,phases,start] GC(240) Compaction Phase
[71.824s][info][gc,phases      ] GC(240) Compaction Phase 268.273ms
[71.824s][info][gc,phases,start] GC(240) Post Compact
[71.829s][info][gc,phases      ] GC(240) Post Compact 5.553ms
[71.829s][info][gc,heap        ] GC(240) PSYoungGen: 75276K(169984K)->75276K(169984K) Eden: 28159K(28160K)->28159K(28160K) From: 47116K(141824K)->47116K(141824K)
[71.829s][info][gc,heap        ] GC(240) ParOldGen: 3071727K(3072000K)->3071727K(3072000K)
[71.829s][info][gc,metaspace   ] GC(240) Metaspace: 6299K(6464K)->6299K(6464K) NonClass: 5765K(5824K)->5765K(5824K) Class: 533K(640K)->533K(640K)
[71.830s][info][gc             ] GC(240) Pause Full (Ergonomics) 3073M->3073M(3166M) 1005.210ms
[71.830s][info][gc,cpu         ] GC(240) User=7.20s Sys=0.00s Real=1.01s
[71.830s][info][gc,start       ] GC(241) Pause Full (Ergonomics)
[71.830s][info][gc,phases,start] GC(241) Marking Phase
[72.556s][info][gc,phases      ] GC(241) Marking Phase 726.486ms
[72.556s][info][gc,phases,start] GC(241) Summary Phase
[72.556s][info][gc,phases      ] GC(241) Summary Phase 0.043ms
[72.556s][info][gc,phases,start] GC(241) Adjust Roots
[72.557s][info][gc,phases      ] GC(241) Adjust Roots 0.170ms
[72.557s][info][gc,phases,start] GC(241) Compaction Phase
[72.808s][info][gc,phases      ] GC(241) Compaction Phase 251.111ms
[72.808s][info][gc,phases,start] GC(241) Post Compact
[72.813s][info][gc,phases      ] GC(241) Post Compact 5.567ms
[72.813s][info][gc,heap        ] GC(241) PSYoungGen: 75276K(169984K)->75276K(169984K) Eden: 28159K(28160K)->28159K(28160K) From: 47116K(141824K)->47116K(141824K)
[72.813s][info][gc,heap        ] GC(241) ParOldGen: 3071732K(3072000K)->3071732K(3072000K)
[72.813s][info][gc,metaspace   ] GC(241) Metaspace: 6299K(6464K)->6299K(6464K) NonClass: 5765K(5824K)->5765K(5824K) Class: 533K(640K)->533K(640K)
[72.813s][info][gc             ] GC(241) Pause Full (Ergonomics) 3073M->3073M(3166M) 983.707ms
[72.813s][info][gc,cpu         ] GC(241) User=7.23s Sys=0.00s Real=0.98s
[72.814s][info][gc,start       ] GC(242) Pause Full (Ergonomics)
[72.814s][info][gc,phases,start] GC(242) Marking Phase
[73.535s][info][gc,phases      ] GC(242) Marking Phase 721.460ms
[73.535s][info][gc,phases,start] GC(242) Summary Phase
[73.535s][info][gc,phases      ] GC(242) Summary Phase 0.040ms
[73.535s][info][gc,phases,start] GC(242) Adjust Roots
[73.535s][info][gc,phases      ] GC(242) Adjust Roots 0.201ms
[73.535s][info][gc,phases,start] GC(242) Compaction Phase
[73.791s][info][gc,phases      ] GC(242) Compaction Phase 255.355ms
[73.791s][info][gc,phases,start] GC(242) Post Compact
[73.797s][info][gc,phases      ] GC(242) Post Compact 6.161ms
[73.797s][info][gc,heap        ] GC(242) PSYoungGen: 75276K(169984K)->75276K(169984K) Eden: 28159K(28160K)->28159K(28160K) From: 47116K(141824K)->47116K(141824K)
[73.797s][info][gc,heap        ] GC(242) ParOldGen: 3071736K(3072000K)->3071736K(3072000K)
[73.797s][info][gc,metaspace   ] GC(242) Metaspace: 6299K(6464K)->6299K(6464K) NonClass: 5765K(5824K)->5765K(5824K) Class: 533K(640K)->533K(640K)
[73.797s][info][gc             ] GC(242) Pause Full (Ergonomics) 3073M->3073M(3166M) 983.585ms
[73.797s][info][gc,cpu         ] GC(242) User=7.05s Sys=0.00s Real=0.98s
[73.797s][info][gc,start       ] GC(243) Pause Full (Ergonomics)
[73.797s][info][gc,phases,start] GC(243) Marking Phase
[74.528s][info][gc,phases      ] GC(243) Marking Phase 730.450ms
[74.528s][info][gc,phases,start] GC(243) Summary Phase
[74.528s][info][gc,phases      ] GC(243) Summary Phase 0.047ms
[74.528s][info][gc,phases,start] GC(243) Adjust Roots
[74.528s][info][gc,phases      ] GC(243) Adjust Roots 0.210ms
[74.528s][info][gc,phases,start] GC(243) Compaction Phase
[74.789s][info][gc,phases      ] GC(243) Compaction Phase 260.523ms
[74.789s][info][gc,phases,start] GC(243) Post Compact
[74.795s][info][gc,phases      ] GC(243) Post Compact 5.609ms
[74.795s][info][gc,heap        ] GC(243) PSYoungGen: 75276K(169984K)->75276K(169984K) Eden: 28159K(28160K)->28159K(28160K) From: 47116K(141824K)->47116K(141824K)
[74.795s][info][gc,heap        ] GC(243) ParOldGen: 3071741K(3072000K)->3071741K(3072000K)
[74.795s][info][gc,metaspace   ] GC(243) Metaspace: 6299K(6464K)->6299K(6464K) NonClass: 5765K(5824K)->5765K(5824K) Class: 533K(640K)->533K(640K)
[74.795s][info][gc             ] GC(243) Pause Full (Ergonomics) 3073M->3073M(3166M) 997.179ms
[74.795s][info][gc,cpu         ] GC(243) User=7.11s Sys=0.02s Real=1.00s
[74.795s][info][gc,start       ] GC(244) Pause Full (Ergonomics)
[74.795s][info][gc,phases,start] GC(244) Marking Phase
[75.512s][info][gc,phases      ] GC(244) Marking Phase 717.262ms
[75.512s][info][gc,phases,start] GC(244) Summary Phase
[75.512s][info][gc,phases      ] GC(244) Summary Phase 0.048ms
[75.512s][info][gc,phases,start] GC(244) Adjust Roots
[75.512s][info][gc,phases      ] GC(244) Adjust Roots 0.197ms
[75.512s][info][gc,phases,start] GC(244) Compaction Phase
[75.794s][info][gc,phases      ] GC(244) Compaction Phase 281.079ms
[75.794s][info][gc,phases,start] GC(244) Post Compact
[75.799s][info][gc,phases      ] GC(244) Post Compact 5.587ms
[75.799s][info][gc,heap        ] GC(244) PSYoungGen: 75276K(169984K)->75276K(169984K) Eden: 28159K(28160K)->28159K(28160K) From: 47116K(141824K)->47116K(141824K)
[75.799s][info][gc,heap        ] GC(244) ParOldGen: 3071746K(3072000K)->3071746K(3072000K)
[75.799s][info][gc,metaspace   ] GC(244) Metaspace: 6299K(6464K)->6299K(6464K) NonClass: 5765K(5824K)->5765K(5824K) Class: 533K(640K)->533K(640K)
[75.799s][info][gc             ] GC(244) Pause Full (Ergonomics) 3073M->3073M(3166M) 1004.499ms
[75.799s][info][gc,cpu         ] GC(244) User=7.17s Sys=0.00s Real=1.00s
[75.800s][info][gc,start       ] GC(245) Pause Full (Ergonomics)
[75.800s][info][gc,phases,start] GC(245) Marking Phase
[76.525s][info][gc,phases      ] GC(245) Marking Phase 725.309ms
[76.525s][info][gc,phases,start] GC(245) Summary Phase
[76.525s][info][gc,phases      ] GC(245) Summary Phase 0.040ms
[76.525s][info][gc,phases,start] GC(245) Adjust Roots
[76.525s][info][gc,phases      ] GC(245) Adjust Roots 0.169ms
[76.525s][info][gc,phases,start] GC(245) Compaction Phase
[76.784s][info][gc,phases      ] GC(245) Compaction Phase 259.166ms
[76.784s][info][gc,phases,start] GC(245) Post Compact
[76.790s][info][gc,phases      ] GC(245) Post Compact 5.936ms
[76.790s][info][gc,heap        ] GC(245) PSYoungGen: 75276K(169984K)->75276K(169984K) Eden: 28159K(28160K)->28159K(28160K) From: 47116K(141824K)->47116K(141824K)
[76.790s][info][gc,heap        ] GC(245) ParOldGen: 3071751K(3072000K)->3071751K(3072000K)
[76.790s][info][gc,metaspace   ] GC(245) Metaspace: 6299K(6464K)->6299K(6464K) NonClass: 5765K(5824K)->5765K(5824K) Class: 533K(640K)->533K(640K)
[76.791s][info][gc             ] GC(245) Pause Full (Ergonomics) 3073M->3073M(3166M) 990.997ms
[76.791s][info][gc,cpu         ] GC(245) User=7.08s Sys=0.00s Real=0.99s
[76.791s][info][gc,start       ] GC(246) Pause Full (Ergonomics)
[76.791s][info][gc,phases,start] GC(246) Marking Phase
[77.516s][info][gc,phases      ] GC(246) Marking Phase 724.830ms
[77.516s][info][gc,phases,start] GC(246) Summary Phase
[77.516s][info][gc,phases      ] GC(246) Summary Phase 0.041ms
[77.516s][info][gc,phases,start] GC(246) Adjust Roots
[77.516s][info][gc,phases      ] GC(246) Adjust Roots 0.177ms
[77.516s][info][gc,phases,start] GC(246) Compaction Phase
[77.779s][info][gc,phases      ] GC(246) Compaction Phase 262.910ms
[77.779s][info][gc,phases,start] GC(246) Post Compact
[77.785s][info][gc,phases      ] GC(246) Post Compact 5.615ms
[77.785s][info][gc,heap        ] GC(246) PSYoungGen: 75276K(169984K)->75276K(169984K) Eden: 28159K(28160K)->28159K(28160K) From: 47116K(141824K)->47116K(141824K)
[77.785s][info][gc,heap        ] GC(246) ParOldGen: 3071756K(3072000K)->3071756K(3072000K)
[77.785s][info][gc,metaspace   ] GC(246) Metaspace: 6299K(6464K)->6299K(6464K) NonClass: 5765K(5824K)->5765K(5824K) Class: 533K(640K)->533K(640K)
[77.785s][info][gc             ] GC(246) Pause Full (Ergonomics) 3073M->3073M(3166M) 993.925ms
[77.785s][info][gc,cpu         ] GC(246) User=7.06s Sys=0.00s Real=0.99s
[77.785s][info][gc,start       ] GC(247) Pause Full (Ergonomics)
[77.785s][info][gc,phases,start] GC(247) Marking Phase
[78.503s][info][gc,phases      ] GC(247) Marking Phase 717.782ms
[78.503s][info][gc,phases,start] GC(247) Summary Phase
[78.503s][info][gc,phases      ] GC(247) Summary Phase 0.049ms
[78.503s][info][gc,phases,start] GC(247) Adjust Roots
[78.503s][info][gc,phases      ] GC(247) Adjust Roots 0.174ms
[78.503s][info][gc,phases,start] GC(247) Compaction Phase
[78.761s][info][gc,phases      ] GC(247) Compaction Phase 258.406ms
[78.761s][info][gc,phases,start] GC(247) Post Compact
[78.767s][info][gc,phases      ] GC(247) Post Compact 5.591ms
[78.767s][info][gc,heap        ] GC(247) PSYoungGen: 75276K(169984K)->75276K(169984K) Eden: 28159K(28160K)->28159K(28160K) From: 47116K(141824K)->47116K(141824K)
[78.767s][info][gc,heap        ] GC(247) ParOldGen: 3071761K(3072000K)->3071761K(3072000K)
[78.767s][info][gc,metaspace   ] GC(247) Metaspace: 6299K(6464K)->6299K(6464K) NonClass: 5765K(5824K)->5765K(5824K) Class: 533K(640K)->533K(640K)
[78.767s][info][gc             ] GC(247) Pause Full (Ergonomics) 3073M->3073M(3166M) 982.344ms
[78.767s][info][gc,cpu         ] GC(247) User=6.95s Sys=0.00s Real=0.98s
[78.767s][info][gc,start       ] GC(248) Pause Full (Ergonomics)
[78.767s][info][gc,phases,start] GC(248) Marking Phase
[79.491s][info][gc,phases      ] GC(248) Marking Phase 723.240ms
[79.491s][info][gc,phases,start] GC(248) Summary Phase
[79.491s][info][gc,phases      ] GC(248) Summary Phase 0.041ms
[79.491s][info][gc,phases,start] GC(248) Adjust Roots
[79.491s][info][gc,phases      ] GC(248) Adjust Roots 0.198ms
[79.491s][info][gc,phases,start] GC(248) Compaction Phase
[79.745s][info][gc,phases      ] GC(248) Compaction Phase 254.026ms
[79.745s][info][gc,phases,start] GC(248) Post Compact
[79.751s][info][gc,phases      ] GC(248) Post Compact 5.667ms
[79.751s][info][gc,heap        ] GC(248) PSYoungGen: 75276K(169984K)->75276K(169984K) Eden: 28159K(28160K)->28159K(28160K) From: 47116K(141824K)->47116K(141824K)
[79.751s][info][gc,heap        ] GC(248) ParOldGen: 3071765K(3072000K)->3071765K(3072000K)
[79.751s][info][gc,metaspace   ] GC(248) Metaspace: 6299K(6464K)->6299K(6464K) NonClass: 5765K(5824K)->5765K(5824K) Class: 533K(640K)->533K(640K)
[79.751s][info][gc             ] GC(248) Pause Full (Ergonomics) 3073M->3073M(3166M) 983.520ms
[79.751s][info][gc,cpu         ] GC(248) User=6.97s Sys=0.00s Real=0.98s
[79.751s][info][gc,start       ] GC(249) Pause Full (Ergonomics)
[79.751s][info][gc,phases,start] GC(249) Marking Phase
[80.475s][info][gc,phases      ] GC(249) Marking Phase 723.965ms
[80.475s][info][gc,phases,start] GC(249) Summary Phase
[80.475s][info][gc,phases      ] GC(249) Summary Phase 0.040ms
[80.475s][info][gc,phases,start] GC(249) Adjust Roots
[80.475s][info][gc,phases      ] GC(249) Adjust Roots 0.163ms
[80.475s][info][gc,phases,start] GC(249) Compaction Phase
[80.732s][info][gc,phases      ] GC(249) Compaction Phase 256.690ms
[80.732s][info][gc,phases,start] GC(249) Post Compact
[80.738s][info][gc,phases      ] GC(249) Post Compact 5.554ms
[80.738s][info][gc,heap        ] GC(249) PSYoungGen: 75276K(169984K)->75276K(169984K) Eden: 28159K(28160K)->28159K(28160K) From: 47116K(141824K)->47116K(141824K)
[80.738s][info][gc,heap        ] GC(249) ParOldGen: 3071770K(3072000K)->3071770K(3072000K)
[80.738s][info][gc,metaspace   ] GC(249) Metaspace: 6299K(6464K)->6299K(6464K) NonClass: 5765K(5824K)->5765K(5824K) Class: 533K(640K)->533K(640K)
[80.738s][info][gc             ] GC(249) Pause Full (Ergonomics) 3073M->3073M(3166M) 986.725ms
[80.738s][info][gc,cpu         ] GC(249) User=7.09s Sys=0.00s Real=0.99s
[80.738s][info][gc,start       ] GC(250) Pause Full (Ergonomics)
[80.738s][info][gc,phases,start] GC(250) Marking Phase
[81.466s][info][gc,phases      ] GC(250) Marking Phase 727.580ms
[81.466s][info][gc,phases,start] GC(250) Summary Phase
[81.466s][info][gc,phases      ] GC(250) Summary Phase 0.044ms
[81.466s][info][gc,phases,start] GC(250) Adjust Roots
[81.466s][info][gc,phases      ] GC(250) Adjust Roots 0.190ms
[81.466s][info][gc,phases,start] GC(250) Compaction Phase
[81.717s][info][gc,phases      ] GC(250) Compaction Phase 250.938ms
[81.717s][info][gc,phases,start] GC(250) Post Compact
[81.723s][info][gc,phases      ] GC(250) Post Compact 5.835ms
[81.723s][info][gc,heap        ] GC(250) PSYoungGen: 75276K(169984K)->75276K(169984K) Eden: 28159K(28160K)->28159K(28160K) From: 47116K(141824K)->47116K(141824K)
[81.723s][info][gc,heap        ] GC(250) ParOldGen: 3071775K(3072000K)->3071775K(3072000K)
[81.723s][info][gc,metaspace   ] GC(250) Metaspace: 6299K(6464K)->6299K(6464K) NonClass: 5765K(5824K)->5765K(5824K) Class: 533K(640K)->533K(640K)
[81.723s][info][gc             ] GC(250) Pause Full (Ergonomics) 3073M->3073M(3166M) 984.937ms
[81.723s][info][gc,cpu         ] GC(250) User=7.20s Sys=0.00s Real=0.98s
[81.723s][info][gc,start       ] GC(251) Pause Full (Ergonomics)
[81.723s][info][gc,phases,start] GC(251) Marking Phase
[82.452s][info][gc,phases      ] GC(251) Marking Phase 728.650ms
[82.452s][info][gc,phases,start] GC(251) Summary Phase
[82.452s][info][gc,phases      ] GC(251) Summary Phase 0.040ms
[82.452s][info][gc,phases,start] GC(251) Adjust Roots
[82.452s][info][gc,phases      ] GC(251) Adjust Roots 0.166ms
[82.452s][info][gc,phases,start] GC(251) Compaction Phase
[82.716s][info][gc,phases      ] GC(251) Compaction Phase 263.585ms
[82.716s][info][gc,phases,start] GC(251) Post Compact
[82.722s][info][gc,phases      ] GC(251) Post Compact 5.703ms
[82.722s][info][gc,heap        ] GC(251) PSYoungGen: 75276K(169984K)->75276K(169984K) Eden: 28159K(28160K)->28159K(28160K) From: 47116K(141824K)->47116K(141824K)
[82.722s][info][gc,heap        ] GC(251) ParOldGen: 3071780K(3072000K)->3071780K(3072000K)
[82.722s][info][gc,metaspace   ] GC(251) Metaspace: 6299K(6464K)->6299K(6464K) NonClass: 5765K(5824K)->5765K(5824K) Class: 533K(640K)->533K(640K)
[82.722s][info][gc             ] GC(251) Pause Full (Ergonomics) 3073M->3073M(3166M) 998.486ms
[82.722s][info][gc,cpu         ] GC(251) User=7.09s Sys=0.00s Real=1.00s
[82.722s][info][gc,start       ] GC(252) Pause Full (Ergonomics)
[82.722s][info][gc,phases,start] GC(252) Marking Phase
[83.453s][info][gc,phases      ] GC(252) Marking Phase 731.308ms
[83.453s][info][gc,phases,start] GC(252) Summary Phase
[83.453s][info][gc,phases      ] GC(252) Summary Phase 0.048ms
[83.453s][info][gc,phases,start] GC(252) Adjust Roots
[83.454s][info][gc,phases      ] GC(252) Adjust Roots 0.176ms
[83.454s][info][gc,phases,start] GC(252) Compaction Phase
[83.718s][info][gc,phases      ] GC(252) Compaction Phase 264.389ms
[83.718s][info][gc,phases,start] GC(252) Post Compact
[83.724s][info][gc,phases      ] GC(252) Post Compact 5.629ms
[83.724s][info][gc,heap        ] GC(252) PSYoungGen: 75276K(169984K)->75276K(169984K) Eden: 28159K(28160K)->28159K(28160K) From: 47116K(141824K)->47116K(141824K)
[83.724s][info][gc,heap        ] GC(252) ParOldGen: 3071785K(3072000K)->3071785K(3072000K)
[83.724s][info][gc,metaspace   ] GC(252) Metaspace: 6299K(6464K)->6299K(6464K) NonClass: 5765K(5824K)->5765K(5824K) Class: 533K(640K)->533K(640K)
[83.724s][info][gc             ] GC(252) Pause Full (Ergonomics) 3073M->3073M(3166M) 1001.905ms
[83.724s][info][gc,cpu         ] GC(252) User=7.11s Sys=0.02s Real=1.00s
[83.724s][info][gc,start       ] GC(253) Pause Full (Ergonomics)
[83.724s][info][gc,phases,start] GC(253) Marking Phase
[84.432s][info][gc,phases      ] GC(253) Marking Phase 708.196ms
[84.432s][info][gc,phases,start] GC(253) Summary Phase
[84.432s][info][gc,phases      ] GC(253) Summary Phase 0.041ms
[84.432s][info][gc,phases,start] GC(253) Adjust Roots
[84.433s][info][gc,phases      ] GC(253) Adjust Roots 0.170ms
[84.433s][info][gc,phases,start] GC(253) Compaction Phase
[84.698s][info][gc,phases      ] GC(253) Compaction Phase 265.317ms
[84.698s][info][gc,phases,start] GC(253) Post Compact
[84.704s][info][gc,phases      ] GC(253) Post Compact 5.635ms
[84.704s][info][gc,heap        ] GC(253) PSYoungGen: 75276K(169984K)->75276K(169984K) Eden: 28159K(28160K)->28159K(28160K) From: 47116K(141824K)->47116K(141824K)
[84.704s][info][gc,heap        ] GC(253) ParOldGen: 3071790K(3072000K)->3071790K(3072000K)
[84.704s][info][gc,metaspace   ] GC(253) Metaspace: 6299K(6464K)->6299K(6464K) NonClass: 5765K(5824K)->5765K(5824K) Class: 533K(640K)->533K(640K)
[84.704s][info][gc             ] GC(253) Pause Full (Ergonomics) 3073M->3073M(3166M) 979.710ms
[84.704s][info][gc,cpu         ] GC(253) User=7.08s Sys=0.00s Real=0.98s
[84.704s][info][gc,start       ] GC(254) Pause Full (Ergonomics)
[84.704s][info][gc,phases,start] GC(254) Marking Phase
[85.430s][info][gc,phases      ] GC(254) Marking Phase 725.615ms
[85.430s][info][gc,phases,start] GC(254) Summary Phase
[85.430s][info][gc,phases      ] GC(254) Summary Phase 0.045ms
[85.430s][info][gc,phases,start] GC(254) Adjust Roots
[85.430s][info][gc,phases      ] GC(254) Adjust Roots 0.182ms
[85.430s][info][gc,phases,start] GC(254) Compaction Phase
[85.694s][info][gc,phases      ] GC(254) Compaction Phase 263.597ms
[85.694s][info][gc,phases,start] GC(254) Post Compact
[85.699s][info][gc,phases      ] GC(254) Post Compact 5.570ms
[85.699s][info][gc,heap        ] GC(254) PSYoungGen: 75276K(169984K)->75276K(169984K) Eden: 28159K(28160K)->28159K(28160K) From: 47116K(141824K)->47116K(141824K)
[85.699s][info][gc,heap        ] GC(254) ParOldGen: 3071794K(3072000K)->3071794K(3072000K)
[85.699s][info][gc,metaspace   ] GC(254) Metaspace: 6299K(6464K)->6299K(6464K) NonClass: 5765K(5824K)->5765K(5824K) Class: 533K(640K)->533K(640K)
[85.699s][info][gc             ] GC(254) Pause Full (Ergonomics) 3073M->3073M(3166M) 995.353ms
[85.699s][info][gc,cpu         ] GC(254) User=7.06s Sys=0.00s Real=1.00s
[85.699s][info][gc,start       ] GC(255) Pause Full (Ergonomics)
[85.699s][info][gc,phases,start] GC(255) Marking Phase
[86.428s][info][gc,phases      ] GC(255) Marking Phase 728.876ms
[86.428s][info][gc,phases,start] GC(255) Summary Phase
[86.428s][info][gc,phases      ] GC(255) Summary Phase 0.058ms
[86.429s][info][gc,phases,start] GC(255) Adjust Roots
[86.429s][info][gc,phases      ] GC(255) Adjust Roots 0.206ms
[86.429s][info][gc,phases,start] GC(255) Compaction Phase
[86.690s][info][gc,phases      ] GC(255) Compaction Phase 260.772ms
[86.690s][info][gc,phases,start] GC(255) Post Compact
[86.695s][info][gc,phases      ] GC(255) Post Compact 5.697ms
[86.695s][info][gc,heap        ] GC(255) PSYoungGen: 75276K(169984K)->75276K(169984K) Eden: 28159K(28160K)->28159K(28160K) From: 47116K(141824K)->47116K(141824K)
[86.695s][info][gc,heap        ] GC(255) ParOldGen: 3071799K(3072000K)->3071799K(3072000K)
[86.695s][info][gc,metaspace   ] GC(255) Metaspace: 6299K(6464K)->6299K(6464K) NonClass: 5765K(5824K)->5765K(5824K) Class: 533K(640K)->533K(640K)
[86.695s][info][gc             ] GC(255) Pause Full (Ergonomics) 3073M->3073M(3166M) 995.985ms
[86.695s][info][gc,cpu         ] GC(255) User=7.12s Sys=0.00s Real=1.00s
[86.696s][info][gc,start       ] GC(256) Pause Full (Ergonomics)
[86.696s][info][gc,phases,start] GC(256) Marking Phase
[87.412s][info][gc,phases      ] GC(256) Marking Phase 716.564ms
[87.412s][info][gc,phases,start] GC(256) Summary Phase
[87.412s][info][gc,phases      ] GC(256) Summary Phase 0.040ms
[87.412s][info][gc,phases,start] GC(256) Adjust Roots
[87.413s][info][gc,phases      ] GC(256) Adjust Roots 0.163ms
[87.413s][info][gc,phases,start] GC(256) Compaction Phase
[87.672s][info][gc,phases      ] GC(256) Compaction Phase 259.858ms
[87.672s][info][gc,phases,start] GC(256) Post Compact
[87.678s][info][gc,phases      ] GC(256) Post Compact 5.755ms
[87.678s][info][gc,heap        ] GC(256) PSYoungGen: 75276K(169984K)->75276K(169984K) Eden: 28159K(28160K)->28159K(28160K) From: 47116K(141824K)->47116K(141824K)
[87.678s][info][gc,heap        ] GC(256) ParOldGen: 3071804K(3072000K)->3071804K(3072000K)
[87.678s][info][gc,metaspace   ] GC(256) Metaspace: 6299K(6464K)->6299K(6464K) NonClass: 5765K(5824K)->5765K(5824K) Class: 533K(640K)->533K(640K)
[87.678s][info][gc             ] GC(256) Pause Full (Ergonomics) 3073M->3073M(3166M) 982.733ms
[87.678s][info][gc,cpu         ] GC(256) User=6.86s Sys=0.00s Real=0.98s
[87.679s][info][gc,start       ] GC(257) Pause Full (Ergonomics)
[87.679s][info][gc,phases,start] GC(257) Marking Phase
[88.425s][info][gc,phases      ] GC(257) Marking Phase 746.353ms
[88.425s][info][gc,phases,start] GC(257) Summary Phase
[88.425s][info][gc,phases      ] GC(257) Summary Phase 0.072ms
[88.425s][info][gc,phases,start] GC(257) Adjust Roots
[88.425s][info][gc,phases      ] GC(257) Adjust Roots 0.332ms
[88.426s][info][gc,phases,start] GC(257) Compaction Phase
[88.724s][info][gc,phases      ] GC(257) Compaction Phase 298.535ms
[88.724s][info][gc,phases,start] GC(257) Post Compact
[88.731s][info][gc,phases      ] GC(257) Post Compact 6.620ms
[88.731s][info][gc,heap        ] GC(257) PSYoungGen: 75276K(169984K)->75276K(169984K) Eden: 28159K(28160K)->28159K(28160K) From: 47116K(141824K)->47116K(141824K)
[88.731s][info][gc,heap        ] GC(257) ParOldGen: 3071809K(3072000K)->3071809K(3072000K)
[88.731s][info][gc,metaspace   ] GC(257) Metaspace: 6299K(6464K)->6299K(6464K) NonClass: 5765K(5824K)->5765K(5824K) Class: 533K(640K)->533K(640K)
[88.731s][info][gc             ] GC(257) Pause Full (Ergonomics) 3073M->3073M(3166M) 1052.482ms
[88.731s][info][gc,cpu         ] GC(257) User=7.16s Sys=0.02s Real=1.05s
[88.731s][info][gc,start       ] GC(258) Pause Full (Ergonomics)
[88.731s][info][gc,phases,start] GC(258) Marking Phase
[89.512s][info][gc,phases      ] GC(258) Marking Phase 780.812ms
[89.512s][info][gc,phases,start] GC(258) Summary Phase
[89.512s][info][gc,phases      ] GC(258) Summary Phase 0.047ms
[89.512s][info][gc,phases,start] GC(258) Adjust Roots
[89.512s][info][gc,phases      ] GC(258) Adjust Roots 0.173ms
[89.512s][info][gc,phases,start] GC(258) Compaction Phase
[89.769s][info][gc,phases      ] GC(258) Compaction Phase 256.124ms
[89.769s][info][gc,phases,start] GC(258) Post Compact
[89.775s][info][gc,phases      ] GC(258) Post Compact 6.653ms
[89.775s][info][gc,heap        ] GC(258) PSYoungGen: 75276K(169984K)->75276K(169984K) Eden: 28159K(28160K)->28159K(28160K) From: 47116K(141824K)->47116K(141824K)
[89.775s][info][gc,heap        ] GC(258) ParOldGen: 3071814K(3072000K)->3071814K(3072000K)
[89.775s][info][gc,metaspace   ] GC(258) Metaspace: 6299K(6464K)->6299K(6464K) NonClass: 5765K(5824K)->5765K(5824K) Class: 533K(640K)->533K(640K)
[89.775s][info][gc             ] GC(258) Pause Full (Ergonomics) 3073M->3073M(3166M) 1044.142ms
[89.775s][info][gc,cpu         ] GC(258) User=7.22s Sys=0.00s Real=1.05s
[89.776s][info][gc,start       ] GC(259) Pause Full (Ergonomics)
[89.776s][info][gc,phases,start] GC(259) Marking Phase
[90.513s][info][gc,phases      ] GC(259) Marking Phase 737.549ms
[90.513s][info][gc,phases,start] GC(259) Summary Phase
[90.513s][info][gc,phases      ] GC(259) Summary Phase 0.067ms
[90.513s][info][gc,phases,start] GC(259) Adjust Roots
[90.514s][info][gc,phases      ] GC(259) Adjust Roots 0.339ms
[90.514s][info][gc,phases,start] GC(259) Compaction Phase
[90.799s][info][gc,phases      ] GC(259) Compaction Phase 284.995ms
[90.799s][info][gc,phases,start] GC(259) Post Compact
[90.805s][info][gc,phases      ] GC(259) Post Compact 5.851ms
[90.805s][info][gc,heap        ] GC(259) PSYoungGen: 75276K(169984K)->75276K(169984K) Eden: 28159K(28160K)->28159K(28160K) From: 47116K(141824K)->47116K(141824K)
[90.805s][info][gc,heap        ] GC(259) ParOldGen: 3071819K(3072000K)->3071819K(3072000K)
[90.805s][info][gc,metaspace   ] GC(259) Metaspace: 6299K(6464K)->6299K(6464K) NonClass: 5765K(5824K)->5765K(5824K) Class: 533K(640K)->533K(640K)
[90.805s][info][gc             ] GC(259) Pause Full (Ergonomics) 3073M->3073M(3166M) 1029.230ms
[90.805s][info][gc,cpu         ] GC(259) User=7.03s Sys=0.00s Real=1.03s
[90.805s][info][gc,start       ] GC(260) Pause Full (Ergonomics)
[90.805s][info][gc,phases,start] GC(260) Marking Phase
[91.538s][info][gc,phases      ] GC(260) Marking Phase 733.300ms
[91.538s][info][gc,phases,start] GC(260) Summary Phase
[91.539s][info][gc,phases      ] GC(260) Summary Phase 0.046ms
[91.539s][info][gc,phases,start] GC(260) Adjust Roots
[91.539s][info][gc,phases      ] GC(260) Adjust Roots 0.215ms
[91.539s][info][gc,phases,start] GC(260) Compaction Phase
[91.808s][info][gc,phases      ] GC(260) Compaction Phase 269.133ms
[91.808s][info][gc,phases,start] GC(260) Post Compact
[91.814s][info][gc,phases      ] GC(260) Post Compact 5.615ms
[91.814s][info][gc,heap        ] GC(260) PSYoungGen: 75276K(169984K)->75276K(169984K) Eden: 28159K(28160K)->28159K(28160K) From: 47116K(141824K)->47116K(141824K)
[91.814s][info][gc,heap        ] GC(260) ParOldGen: 3071823K(3072000K)->3071823K(3072000K)
[91.814s][info][gc,metaspace   ] GC(260) Metaspace: 6299K(6464K)->6299K(6464K) NonClass: 5765K(5824K)->5765K(5824K) Class: 533K(640K)->533K(640K)
[91.814s][info][gc             ] GC(260) Pause Full (Ergonomics) 3073M->3073M(3166M) 1008.712ms
[91.814s][info][gc,cpu         ] GC(260) User=6.81s Sys=0.00s Real=1.01s
[91.814s][info][gc,start       ] GC(261) Pause Full (Ergonomics)
[91.814s][info][gc,phases,start] GC(261) Marking Phase
[92.554s][info][gc,phases      ] GC(261) Marking Phase 740.288ms
[92.554s][info][gc,phases,start] GC(261) Summary Phase
[92.554s][info][gc,phases      ] GC(261) Summary Phase 0.048ms
[92.554s][info][gc,phases,start] GC(261) Adjust Roots
[92.555s][info][gc,phases      ] GC(261) Adjust Roots 0.201ms
[92.555s][info][gc,phases,start] GC(261) Compaction Phase
[92.834s][info][gc,phases      ] GC(261) Compaction Phase 279.416ms
[92.834s][info][gc,phases,start] GC(261) Post Compact
[92.840s][info][gc,phases      ] GC(261) Post Compact 6.139ms
[92.840s][info][gc,heap        ] GC(261) PSYoungGen: 75276K(169984K)->75276K(169984K) Eden: 28159K(28160K)->28159K(28160K) From: 47116K(141824K)->47116K(141824K)
[92.840s][info][gc,heap        ] GC(261) ParOldGen: 3071828K(3072000K)->3071828K(3072000K)
[92.840s][info][gc,metaspace   ] GC(261) Metaspace: 6299K(6464K)->6299K(6464K) NonClass: 5765K(5824K)->5765K(5824K) Class: 533K(640K)->533K(640K)
[92.840s][info][gc             ] GC(261) Pause Full (Ergonomics) 3073M->3073M(3166M) 1026.453ms
[92.840s][info][gc,cpu         ] GC(261) User=7.20s Sys=0.00s Real=1.03s
[92.841s][info][gc,start       ] GC(262) Pause Full (Ergonomics)
[92.841s][info][gc,phases,start] GC(262) Marking Phase
[93.606s][info][gc,phases      ] GC(262) Marking Phase 764.854ms
[93.606s][info][gc,phases,start] GC(262) Summary Phase
[93.606s][info][gc,phases      ] GC(262) Summary Phase 0.056ms
[93.606s][info][gc,phases,start] GC(262) Adjust Roots
[93.606s][info][gc,phases      ] GC(262) Adjust Roots 0.253ms
[93.606s][info][gc,phases,start] GC(262) Compaction Phase
[93.861s][info][gc,phases      ] GC(262) Compaction Phase 255.063ms
[93.861s][info][gc,phases,start] GC(262) Post Compact
[93.867s][info][gc,phases      ] GC(262) Post Compact 5.668ms
[93.867s][info][gc,heap        ] GC(262) PSYoungGen: 75276K(169984K)->75276K(169984K) Eden: 28159K(28160K)->28159K(28160K) From: 47116K(141824K)->47116K(141824K)
[93.867s][info][gc,heap        ] GC(262) ParOldGen: 3071833K(3072000K)->3071833K(3072000K)
[93.867s][info][gc,metaspace   ] GC(262) Metaspace: 6299K(6464K)->6299K(6464K) NonClass: 5765K(5824K)->5765K(5824K) Class: 533K(640K)->533K(640K)
[93.867s][info][gc             ] GC(262) Pause Full (Ergonomics) 3073M->3073M(3166M) 1026.259ms
[93.867s][info][gc,cpu         ] GC(262) User=7.28s Sys=0.03s Real=1.03s
[93.867s][info][gc,start       ] GC(263) Pause Full (Ergonomics)
[93.867s][info][gc,phases,start] GC(263) Marking Phase
[94.604s][info][gc,phases      ] GC(263) Marking Phase 736.569ms
[94.604s][info][gc,phases,start] GC(263) Summary Phase
[94.604s][info][gc,phases      ] GC(263) Summary Phase 0.046ms
[94.604s][info][gc,phases,start] GC(263) Adjust Roots
[94.604s][info][gc,phases      ] GC(263) Adjust Roots 0.201ms
[94.604s][info][gc,phases,start] GC(263) Compaction Phase
[94.874s][info][gc,phases      ] GC(263) Compaction Phase 270.095ms
[94.874s][info][gc,phases,start] GC(263) Post Compact
[94.880s][info][gc,phases      ] GC(263) Post Compact 5.987ms
[94.880s][info][gc,heap        ] GC(263) PSYoungGen: 75276K(169984K)->75276K(169984K) Eden: 28159K(28160K)->28159K(28160K) From: 47116K(141824K)->47116K(141824K)
[94.880s][info][gc,heap        ] GC(263) ParOldGen: 3071838K(3072000K)->3071838K(3072000K)
[94.880s][info][gc,metaspace   ] GC(263) Metaspace: 6299K(6464K)->6299K(6464K) NonClass: 5765K(5824K)->5765K(5824K) Class: 533K(640K)->533K(640K)
[94.880s][info][gc             ] GC(263) Pause Full (Ergonomics) 3073M->3073M(3166M) 1013.300ms
[94.880s][info][gc,cpu         ] GC(263) User=6.95s Sys=0.02s Real=1.01s
[94.881s][info][gc,start       ] GC(264) Pause Full (Ergonomics)
[94.881s][info][gc,phases,start] GC(264) Marking Phase
[95.632s][info][gc,phases      ] GC(264) Marking Phase 751.654ms
[95.632s][info][gc,phases,start] GC(264) Summary Phase
[95.632s][info][gc,phases      ] GC(264) Summary Phase 0.042ms
[95.632s][info][gc,phases,start] GC(264) Adjust Roots
[95.633s][info][gc,phases      ] GC(264) Adjust Roots 0.233ms
[95.633s][info][gc,phases,start] GC(264) Compaction Phase
[95.893s][info][gc,phases      ] GC(264) Compaction Phase 260.467ms
[95.893s][info][gc,phases,start] GC(264) Post Compact
[95.899s][info][gc,phases      ] GC(264) Post Compact 5.938ms
[95.899s][info][gc,heap        ] GC(264) PSYoungGen: 75276K(169984K)->75276K(169984K) Eden: 28159K(28160K)->28159K(28160K) From: 47116K(141824K)->47116K(141824K)
[95.899s][info][gc,heap        ] GC(264) ParOldGen: 3071843K(3072000K)->3071843K(3072000K)
[95.899s][info][gc,metaspace   ] GC(264) Metaspace: 6299K(6464K)->6299K(6464K) NonClass: 5765K(5824K)->5765K(5824K) Class: 533K(640K)->533K(640K)
[95.899s][info][gc             ] GC(264) Pause Full (Ergonomics) 3073M->3073M(3166M) 1018.736ms
[95.899s][info][gc,cpu         ] GC(264) User=7.00s Sys=0.00s Real=1.02s
[95.900s][info][gc,start       ] GC(265) Pause Full (Ergonomics)
[95.900s][info][gc,phases,start] GC(265) Marking Phase
[96.652s][info][gc,phases      ] GC(265) Marking Phase 752.538ms
[96.652s][info][gc,phases,start] GC(265) Summary Phase
[96.652s][info][gc,phases      ] GC(265) Summary Phase 0.055ms
[96.652s][info][gc,phases,start] GC(265) Adjust Roots
[96.653s][info][gc,phases      ] GC(265) Adjust Roots 0.199ms
[96.653s][info][gc,phases,start] GC(265) Compaction Phase
[96.923s][info][gc,phases      ] GC(265) Compaction Phase 270.912ms
[96.923s][info][gc,phases,start] GC(265) Post Compact
[96.930s][info][gc,phases      ] GC(265) Post Compact 5.999ms
[96.930s][info][gc,heap        ] GC(265) PSYoungGen: 75276K(169984K)->75276K(169984K) Eden: 28159K(28160K)->28159K(28160K) From: 47116K(141824K)->47116K(141824K)
[96.930s][info][gc,heap        ] GC(265) ParOldGen: 3071848K(3072000K)->3071848K(3072000K)
[96.930s][info][gc,metaspace   ] GC(265) Metaspace: 6299K(6464K)->6299K(6464K) NonClass: 5765K(5824K)->5765K(5824K) Class: 533K(640K)->533K(640K)
[96.930s][info][gc             ] GC(265) Pause Full (Ergonomics) 3073M->3073M(3166M) 1030.025ms
[96.930s][info][gc,cpu         ] GC(265) User=7.02s Sys=0.00s Real=1.03s
[96.930s][info][gc,start       ] GC(266) Pause Full (Ergonomics)
[96.930s][info][gc,phases,start] GC(266) Marking Phase
[97.723s][info][gc,phases      ] GC(266) Marking Phase 793.104ms
[97.723s][info][gc,phases,start] GC(266) Summary Phase
[97.723s][info][gc,phases      ] GC(266) Summary Phase 0.047ms
[97.723s][info][gc,phases,start] GC(266) Adjust Roots
[97.723s][info][gc,phases      ] GC(266) Adjust Roots 0.218ms
[97.723s][info][gc,phases,start] GC(266) Compaction Phase
[98.024s][info][gc,phases      ] GC(266) Compaction Phase 300.827ms
[98.024s][info][gc,phases,start] GC(266) Post Compact
[98.031s][info][gc,phases      ] GC(266) Post Compact 6.451ms
[98.031s][info][gc,heap        ] GC(266) PSYoungGen: 75276K(169984K)->75276K(169984K) Eden: 28159K(28160K)->28159K(28160K) From: 47116K(141824K)->47116K(141824K)
[98.031s][info][gc,heap        ] GC(266) ParOldGen: 3071852K(3072000K)->3071852K(3072000K)
[98.031s][info][gc,metaspace   ] GC(266) Metaspace: 6299K(6464K)->6299K(6464K) NonClass: 5765K(5824K)->5765K(5824K) Class: 533K(640K)->533K(640K)
[98.031s][info][gc             ] GC(266) Pause Full (Ergonomics) 3073M->3073M(3166M) 1101.006ms
[98.031s][info][gc,cpu         ] GC(266) User=6.92s Sys=0.00s Real=1.10s
[98.031s][info][gc,start       ] GC(267) Pause Full (Ergonomics)
[98.031s][info][gc,phases,start] GC(267) Marking Phase
[98.792s][info][gc,phases      ] GC(267) Marking Phase 761.245ms
[98.792s][info][gc,phases,start] GC(267) Summary Phase
[98.792s][info][gc,phases      ] GC(267) Summary Phase 0.072ms
[98.792s][info][gc,phases,start] GC(267) Adjust Roots
[98.793s][info][gc,phases      ] GC(267) Adjust Roots 0.377ms
[98.793s][info][gc,phases,start] GC(267) Compaction Phase
[99.071s][info][gc,phases      ] GC(267) Compaction Phase 278.210ms
[99.071s][info][gc,phases,start] GC(267) Post Compact
[99.078s][info][gc,phases      ] GC(267) Post Compact 7.226ms
[99.079s][info][gc,heap        ] GC(267) PSYoungGen: 75276K(169984K)->75276K(169984K) Eden: 28159K(28160K)->28159K(28160K) From: 47116K(141824K)->47116K(141824K)
[99.079s][info][gc,heap        ] GC(267) ParOldGen: 3071857K(3072000K)->3071857K(3072000K)
[99.079s][info][gc,metaspace   ] GC(267) Metaspace: 6299K(6464K)->6299K(6464K) NonClass: 5765K(5824K)->5765K(5824K) Class: 533K(640K)->533K(640K)
[99.079s][info][gc             ] GC(267) Pause Full (Ergonomics) 3073M->3073M(3166M) 1047.633ms
[99.079s][info][gc,cpu         ] GC(267) User=7.00s Sys=0.06s Real=1.05s
[99.079s][info][gc,start       ] GC(268) Pause Full (Ergonomics)
[99.079s][info][gc,phases,start] GC(268) Marking Phase
[99.868s][info][gc,phases      ] GC(268) Marking Phase 789.319ms
[99.868s][info][gc,phases,start] GC(268) Summary Phase
[99.868s][info][gc,phases      ] GC(268) Summary Phase 0.067ms
[99.868s][info][gc,phases,start] GC(268) Adjust Roots
[99.869s][info][gc,phases      ] GC(268) Adjust Roots 0.289ms
[99.869s][info][gc,phases,start] GC(268) Compaction Phase
[100.209s][info][gc,phases      ] GC(268) Compaction Phase 339.889ms
[100.209s][info][gc,phases,start] GC(268) Post Compact
[100.215s][info][gc,phases      ] GC(268) Post Compact 6.401ms
[100.215s][info][gc,heap        ] GC(268) PSYoungGen: 75276K(169984K)->75276K(169984K) Eden: 28159K(28160K)->28159K(28160K) From: 47116K(141824K)->47116K(141824K)
[100.215s][info][gc,heap        ] GC(268) ParOldGen: 3071862K(3072000K)->3071862K(3072000K)
[100.215s][info][gc,metaspace   ] GC(268) Metaspace: 6299K(6464K)->6299K(6464K) NonClass: 5765K(5824K)->5765K(5824K) Class: 533K(640K)->533K(640K)
[100.215s][info][gc             ] GC(268) Pause Full (Ergonomics) 3073M->3073M(3166M) 1136.404ms
[100.215s][info][gc,cpu         ] GC(268) User=6.78s Sys=0.00s Real=1.14s
[100.216s][info][gc,start       ] GC(269) Pause Full (Ergonomics)
[100.216s][info][gc,phases,start] GC(269) Marking Phase
[100.997s][info][gc,phases      ] GC(269) Marking Phase 781.054ms
[100.997s][info][gc,phases,start] GC(269) Summary Phase
[100.997s][info][gc,phases      ] GC(269) Summary Phase 0.072ms
[100.997s][info][gc,phases,start] GC(269) Adjust Roots
[100.997s][info][gc,phases      ] GC(269) Adjust Roots 0.346ms
[100.997s][info][gc,phases,start] GC(269) Compaction Phase
[101.300s][info][gc,phases      ] GC(269) Compaction Phase 302.604ms
[101.300s][info][gc,phases,start] GC(269) Post Compact
[101.308s][info][gc,phases      ] GC(269) Post Compact 7.706ms
[101.308s][info][gc,heap        ] GC(269) PSYoungGen: 75276K(169984K)->75276K(169984K) Eden: 28159K(28160K)->28159K(28160K) From: 47116K(141824K)->47116K(141824K)
[101.308s][info][gc,heap        ] GC(269) ParOldGen: 3071867K(3072000K)->3071867K(3072000K)
[101.308s][info][gc,metaspace   ] GC(269) Metaspace: 6299K(6464K)->6299K(6464K) NonClass: 5765K(5824K)->5765K(5824K) Class: 533K(640K)->533K(640K)
[101.308s][info][gc             ] GC(269) Pause Full (Ergonomics) 3073M->3073M(3166M) 1092.290ms
[101.308s][info][gc,cpu         ] GC(269) User=6.64s Sys=0.02s Real=1.09s
[101.308s][info][gc,start       ] GC(270) Pause Full (Ergonomics)
[101.308s][info][gc,phases,start] GC(270) Marking Phase
[102.065s][info][gc,phases      ] GC(270) Marking Phase 756.902ms
[102.065s][info][gc,phases,start] GC(270) Summary Phase
[102.065s][info][gc,phases      ] GC(270) Summary Phase 0.054ms
[102.065s][info][gc,phases,start] GC(270) Adjust Roots
[102.066s][info][gc,phases      ] GC(270) Adjust Roots 0.275ms
[102.066s][info][gc,phases,start] GC(270) Compaction Phase
[102.341s][info][gc,phases      ] GC(270) Compaction Phase 275.715ms
[102.341s][info][gc,phases,start] GC(270) Post Compact
[102.349s][info][gc,phases      ] GC(270) Post Compact 7.183ms
[102.349s][info][gc,heap        ] GC(270) PSYoungGen: 75276K(169984K)->75276K(169984K) Eden: 28159K(28160K)->28159K(28160K) From: 47116K(141824K)->47116K(141824K)
[102.349s][info][gc,heap        ] GC(270) ParOldGen: 3071872K(3072000K)->3071872K(3072000K)
[102.349s][info][gc,metaspace   ] GC(270) Metaspace: 6299K(6464K)->6299K(6464K) NonClass: 5765K(5824K)->5765K(5824K) Class: 533K(640K)->533K(640K)
[102.349s][info][gc             ] GC(270) Pause Full (Ergonomics) 3073M->3073M(3166M) 1040.564ms
[102.349s][info][gc,cpu         ] GC(270) User=6.59s Sys=0.02s Real=1.04s
[102.349s][info][gc,start       ] GC(271) Pause Full (Ergonomics)
[102.349s][info][gc,phases,start] GC(271) Marking Phase
[103.185s][info][gc,phases      ] GC(271) Marking Phase 836.050ms
[103.185s][info][gc,phases,start] GC(271) Summary Phase
[103.185s][info][gc,phases      ] GC(271) Summary Phase 0.078ms
[103.185s][info][gc,phases,start] GC(271) Adjust Roots
[103.186s][info][gc,phases      ] GC(271) Adjust Roots 0.399ms
[103.186s][info][gc,phases,start] GC(271) Compaction Phase
[103.516s][info][gc,phases      ] GC(271) Compaction Phase 330.347ms
[103.516s][info][gc,phases,start] GC(271) Post Compact
[103.523s][info][gc,phases      ] GC(271) Post Compact 6.754ms
[103.523s][info][gc,heap        ] GC(271) PSYoungGen: 75276K(169984K)->75276K(169984K) Eden: 28159K(28160K)->28159K(28160K) From: 47116K(141824K)->47116K(141824K)
[103.523s][info][gc,heap        ] GC(271) ParOldGen: 3071877K(3072000K)->3071877K(3072000K)
[103.523s][info][gc,metaspace   ] GC(271) Metaspace: 6299K(6464K)->6299K(6464K) NonClass: 5765K(5824K)->5765K(5824K) Class: 533K(640K)->533K(640K)
[103.523s][info][gc             ] GC(271) Pause Full (Ergonomics) 3073M->3073M(3166M) 1174.117ms
[103.523s][info][gc,cpu         ] GC(271) User=7.23s Sys=0.02s Real=1.17s
[103.523s][info][gc,start       ] GC(272) Pause Full (Ergonomics)
[103.523s][info][gc,phases,start] GC(272) Marking Phase
[104.355s][info][gc,phases      ] GC(272) Marking Phase 831.464ms
[104.355s][info][gc,phases,start] GC(272) Summary Phase
[104.355s][info][gc,phases      ] GC(272) Summary Phase 0.087ms
[104.355s][info][gc,phases,start] GC(272) Adjust Roots
[104.355s][info][gc,phases      ] GC(272) Adjust Roots 0.350ms
[104.355s][info][gc,phases,start] GC(272) Compaction Phase
[104.676s][info][gc,phases      ] GC(272) Compaction Phase 320.831ms
[104.676s][info][gc,phases,start] GC(272) Post Compact
[104.685s][info][gc,phases      ] GC(272) Post Compact 8.142ms
[104.685s][info][gc,heap        ] GC(272) PSYoungGen: 75276K(169984K)->75276K(169984K) Eden: 28159K(28160K)->28159K(28160K) From: 47116K(141824K)->47116K(141824K)
[104.685s][info][gc,heap        ] GC(272) ParOldGen: 3071881K(3072000K)->3071881K(3072000K)
[104.685s][info][gc,metaspace   ] GC(272) Metaspace: 6299K(6464K)->6299K(6464K) NonClass: 5765K(5824K)->5765K(5824K) Class: 533K(640K)->533K(640K)
[104.685s][info][gc             ] GC(272) Pause Full (Ergonomics) 3073M->3073M(3166M) 1161.403ms
[104.685s][info][gc,cpu         ] GC(272) User=7.11s Sys=0.02s Real=1.16s
[104.685s][info][gc,start       ] GC(273) Pause Full (Ergonomics)
[104.685s][info][gc,phases,start] GC(273) Marking Phase
[105.451s][info][gc,phases      ] GC(273) Marking Phase 765.568ms
[105.451s][info][gc,phases,start] GC(273) Summary Phase
[105.451s][info][gc,phases      ] GC(273) Summary Phase 0.074ms
[105.451s][info][gc,phases,start] GC(273) Adjust Roots
[105.451s][info][gc,phases      ] GC(273) Adjust Roots 0.404ms
[105.451s][info][gc,phases,start] GC(273) Compaction Phase
[105.772s][info][gc,phases      ] GC(273) Compaction Phase 320.371ms
[105.772s][info][gc,phases,start] GC(273) Post Compact
[105.778s][info][gc,phases      ] GC(273) Post Compact 6.511ms
[105.778s][info][gc,heap        ] GC(273) PSYoungGen: 75276K(169984K)->75276K(169984K) Eden: 28159K(28160K)->28159K(28160K) From: 47116K(141824K)->47116K(141824K)
[105.778s][info][gc,heap        ] GC(273) ParOldGen: 3071886K(3072000K)->3071886K(3072000K)
[105.778s][info][gc,metaspace   ] GC(273) Metaspace: 6299K(6464K)->6299K(6464K) NonClass: 5765K(5824K)->5765K(5824K) Class: 533K(640K)->533K(640K)
[105.778s][info][gc             ] GC(273) Pause Full (Ergonomics) 3073M->3073M(3166M) 1093.448ms
[105.778s][info][gc,cpu         ] GC(273) User=7.20s Sys=0.00s Real=1.09s
[105.779s][info][gc,start       ] GC(274) Pause Full (Ergonomics)
[105.779s][info][gc,phases,start] GC(274) Marking Phase
[106.548s][info][gc,phases      ] GC(274) Marking Phase 769.074ms
[106.548s][info][gc,phases,start] GC(274) Summary Phase
[106.548s][info][gc,phases      ] GC(274) Summary Phase 0.075ms
[106.548s][info][gc,phases,start] GC(274) Adjust Roots
[106.548s][info][gc,phases      ] GC(274) Adjust Roots 0.363ms
[106.548s][info][gc,phases,start] GC(274) Compaction Phase
[106.865s][info][gc,phases      ] GC(274) Compaction Phase 316.526ms
[106.865s][info][gc,phases,start] GC(274) Post Compact
[106.871s][info][gc,phases      ] GC(274) Post Compact 6.405ms
[106.871s][info][gc,heap        ] GC(274) PSYoungGen: 75276K(169984K)->75276K(169984K) Eden: 28159K(28160K)->28159K(28160K) From: 47116K(141824K)->47116K(141824K)
[106.872s][info][gc,heap        ] GC(274) ParOldGen: 3071891K(3072000K)->3071891K(3072000K)
[106.872s][info][gc,metaspace   ] GC(274) Metaspace: 6299K(6464K)->6299K(6464K) NonClass: 5765K(5824K)->5765K(5824K) Class: 533K(640K)->533K(640K)
[106.872s][info][gc             ] GC(274) Pause Full (Ergonomics) 3073M->3073M(3166M) 1092.933ms
[106.872s][info][gc,cpu         ] GC(274) User=7.08s Sys=0.02s Real=1.09s
[106.872s][info][gc,start       ] GC(275) Pause Full (Ergonomics)
[106.872s][info][gc,phases,start] GC(275) Marking Phase
[107.621s][info][gc,phases      ] GC(275) Marking Phase 749.109ms
[107.621s][info][gc,phases,start] GC(275) Summary Phase
[107.621s][info][gc,phases      ] GC(275) Summary Phase 0.088ms
[107.621s][info][gc,phases,start] GC(275) Adjust Roots
[107.622s][info][gc,phases      ] GC(275) Adjust Roots 0.402ms
[107.622s][info][gc,phases,start] GC(275) Compaction Phase
[107.936s][info][gc,phases      ] GC(275) Compaction Phase 313.894ms
[107.936s][info][gc,phases,start] GC(275) Post Compact
[107.942s][info][gc,phases      ] GC(275) Post Compact 6.069ms
[107.942s][info][gc,heap        ] GC(275) PSYoungGen: 75276K(169984K)->75276K(169984K) Eden: 28159K(28160K)->28159K(28160K) From: 47116K(141824K)->47116K(141824K)
[107.942s][info][gc,heap        ] GC(275) ParOldGen: 3071896K(3072000K)->3071896K(3072000K)
[107.942s][info][gc,metaspace   ] GC(275) Metaspace: 6299K(6464K)->6299K(6464K) NonClass: 5765K(5824K)->5765K(5824K) Class: 533K(640K)->533K(640K)
[107.942s][info][gc             ] GC(275) Pause Full (Ergonomics) 3073M->3073M(3166M) 1070.237ms
[107.942s][info][gc,cpu         ] GC(275) User=7.06s Sys=0.03s Real=1.07s
[107.942s][info][gc,start       ] GC(276) Pause Full (Ergonomics)
[107.942s][info][gc,phases,start] GC(276) Marking Phase
[108.741s][info][gc,phases      ] GC(276) Marking Phase 798.191ms
[108.741s][info][gc,phases,start] GC(276) Summary Phase
[108.741s][info][gc,phases      ] GC(276) Summary Phase 0.071ms
[108.741s][info][gc,phases,start] GC(276) Adjust Roots
[108.741s][info][gc,phases      ] GC(276) Adjust Roots 0.381ms
[108.741s][info][gc,phases,start] GC(276) Compaction Phase
[109.034s][info][gc,phases      ] GC(276) Compaction Phase 293.090ms
[109.034s][info][gc,phases,start] GC(276) Post Compact
[109.042s][info][gc,phases      ] GC(276) Post Compact 7.429ms
[109.042s][info][gc,heap        ] GC(276) PSYoungGen: 75276K(169984K)->75276K(169984K) Eden: 28159K(28160K)->28159K(28160K) From: 47116K(141824K)->47116K(141824K)
[109.042s][info][gc,heap        ] GC(276) ParOldGen: 3071901K(3072000K)->3071901K(3072000K)
[109.042s][info][gc,metaspace   ] GC(276) Metaspace: 6299K(6464K)->6299K(6464K) NonClass: 5765K(5824K)->5765K(5824K) Class: 533K(640K)->533K(640K)
[109.042s][info][gc             ] GC(276) Pause Full (Ergonomics) 3073M->3073M(3166M) 1099.730ms
[109.042s][info][gc,cpu         ] GC(276) User=6.92s Sys=0.02s Real=1.10s
[109.042s][info][gc,start       ] GC(277) Pause Full (Ergonomics)
[109.042s][info][gc,phases,start] GC(277) Marking Phase
[109.834s][info][gc,phases      ] GC(277) Marking Phase 791.506ms
[109.834s][info][gc,phases,start] GC(277) Summary Phase
[109.834s][info][gc,phases      ] GC(277) Summary Phase 0.072ms
[109.834s][info][gc,phases,start] GC(277) Adjust Roots
[109.835s][info][gc,phases      ] GC(277) Adjust Roots 0.517ms
[109.835s][info][gc,phases,start] GC(277) Compaction Phase
[110.107s][info][gc,phases      ] GC(277) Compaction Phase 272.388ms
[110.107s][info][gc,phases,start] GC(277) Post Compact
[110.114s][info][gc,phases      ] GC(277) Post Compact 6.404ms
[110.114s][info][gc,heap        ] GC(277) PSYoungGen: 75276K(169984K)->75276K(169984K) Eden: 28159K(28160K)->28159K(28160K) From: 47116K(141824K)->47116K(141824K)
[110.114s][info][gc,heap        ] GC(277) ParOldGen: 3071906K(3072000K)->3071906K(3072000K)
[110.114s][info][gc,metaspace   ] GC(277) Metaspace: 6299K(6464K)->6299K(6464K) NonClass: 5765K(5824K)->5765K(5824K) Class: 533K(640K)->533K(640K)
[110.114s][info][gc             ] GC(277) Pause Full (Ergonomics) 3073M->3073M(3166M) 1071.396ms
[110.114s][info][gc,cpu         ] GC(277) User=7.27s Sys=0.03s Real=1.07s
[110.114s][info][gc,start       ] GC(278) Pause Full (Ergonomics)
[110.114s][info][gc,phases,start] GC(278) Marking Phase
[110.837s][info][gc,phases      ] GC(278) Marking Phase 722.865ms
[110.837s][info][gc,phases,start] GC(278) Summary Phase
[110.837s][info][gc,phases      ] GC(278) Summary Phase 0.049ms
[110.837s][info][gc,phases,start] GC(278) Adjust Roots
[110.837s][info][gc,phases      ] GC(278) Adjust Roots 0.230ms
[110.837s][info][gc,phases,start] GC(278) Compaction Phase
[111.098s][info][gc,phases      ] GC(278) Compaction Phase 260.721ms
[111.098s][info][gc,phases,start] GC(278) Post Compact
[111.104s][info][gc,phases      ] GC(278) Post Compact 5.582ms
[111.104s][info][gc,heap        ] GC(278) PSYoungGen: 75276K(169984K)->75276K(169984K) Eden: 28159K(28160K)->28159K(28160K) From: 47116K(141824K)->47116K(141824K)
[111.104s][info][gc,heap        ] GC(278) ParOldGen: 3071910K(3072000K)->3071910K(3072000K)
[111.104s][info][gc,metaspace   ] GC(278) Metaspace: 6299K(6464K)->6299K(6464K) NonClass: 5765K(5824K)->5765K(5824K) Class: 533K(640K)->533K(640K)
[111.104s][info][gc             ] GC(278) Pause Full (Ergonomics) 3073M->3073M(3166M) 989.820ms
[111.104s][info][gc,cpu         ] GC(278) User=6.98s Sys=0.02s Real=0.99s
[111.104s][info][gc,start       ] GC(279) Pause Full (Ergonomics)
[111.104s][info][gc,phases,start] GC(279) Marking Phase
[111.843s][info][gc,phases      ] GC(279) Marking Phase 738.758ms
[111.843s][info][gc,phases,start] GC(279) Summary Phase
[111.843s][info][gc,phases      ] GC(279) Summary Phase 0.053ms
[111.843s][info][gc,phases,start] GC(279) Adjust Roots
[111.843s][info][gc,phases      ] GC(279) Adjust Roots 0.202ms
[111.843s][info][gc,phases,start] GC(279) Compaction Phase
[112.119s][info][gc,phases      ] GC(279) Compaction Phase 275.288ms
[112.119s][info][gc,phases,start] GC(279) Post Compact
[112.124s][info][gc,phases      ] GC(279) Post Compact 5.675ms
[112.124s][info][gc,heap        ] GC(279) PSYoungGen: 75276K(169984K)->75276K(169984K) Eden: 28159K(28160K)->28159K(28160K) From: 47116K(141824K)->47116K(141824K)
[112.124s][info][gc,heap        ] GC(279) ParOldGen: 3071915K(3072000K)->3071915K(3072000K)
[112.124s][info][gc,metaspace   ] GC(279) Metaspace: 6299K(6464K)->6299K(6464K) NonClass: 5765K(5824K)->5765K(5824K) Class: 533K(640K)->533K(640K)
[112.124s][info][gc             ] GC(279) Pause Full (Ergonomics) 3073M->3073M(3166M) 1020.343ms
[112.124s][info][gc,cpu         ] GC(279) User=6.81s Sys=0.00s Real=1.02s
[112.125s][info][gc,start       ] GC(280) Pause Full (Ergonomics)
[112.125s][info][gc,phases,start] GC(280) Marking Phase
[112.903s][info][gc,phases      ] GC(280) Marking Phase 778.247ms
[112.903s][info][gc,phases,start] GC(280) Summary Phase
[112.903s][info][gc,phases      ] GC(280) Summary Phase 0.078ms
[112.903s][info][gc,phases,start] GC(280) Adjust Roots
[112.903s][info][gc,phases      ] GC(280) Adjust Roots 0.340ms
[112.904s][info][gc,phases,start] GC(280) Compaction Phase
[113.197s][info][gc,phases      ] GC(280) Compaction Phase 293.250ms
[113.197s][info][gc,phases,start] GC(280) Post Compact
[113.203s][info][gc,phases      ] GC(280) Post Compact 6.124ms
[113.203s][info][gc,heap        ] GC(280) PSYoungGen: 75276K(169984K)->75276K(169984K) Eden: 28159K(28160K)->28159K(28160K) From: 47116K(141824K)->47116K(141824K)
[113.203s][info][gc,heap        ] GC(280) ParOldGen: 3071920K(3072000K)->3071920K(3072000K)
[113.203s][info][gc,metaspace   ] GC(280) Metaspace: 6299K(6464K)->6299K(6464K) NonClass: 5765K(5824K)->5765K(5824K) Class: 533K(640K)->533K(640K)
[113.203s][info][gc             ] GC(280) Pause Full (Ergonomics) 3073M->3073M(3166M) 1078.516ms
[113.203s][info][gc,cpu         ] GC(280) User=7.16s Sys=0.00s Real=1.08s
[113.203s][info][gc,start       ] GC(281) Pause Full (Ergonomics)
[113.203s][info][gc,phases,start] GC(281) Marking Phase
[113.958s][info][gc,phases      ] GC(281) Marking Phase 754.562ms
[113.958s][info][gc,phases,start] GC(281) Summary Phase
[113.958s][info][gc,phases      ] GC(281) Summary Phase 0.056ms
[113.958s][info][gc,phases,start] GC(281) Adjust Roots
[113.959s][info][gc,phases      ] GC(281) Adjust Roots 0.475ms
[113.959s][info][gc,phases,start] GC(281) Compaction Phase
[114.216s][info][gc,phases      ] GC(281) Compaction Phase 256.923ms
[114.216s][info][gc,phases,start] GC(281) Post Compact
[114.222s][info][gc,phases      ] GC(281) Post Compact 6.305ms
[114.222s][info][gc,heap        ] GC(281) PSYoungGen: 75276K(169984K)->75276K(169984K) Eden: 28159K(28160K)->28159K(28160K) From: 47116K(141824K)->47116K(141824K)
[114.222s][info][gc,heap        ] GC(281) ParOldGen: 3071925K(3072000K)->3071925K(3072000K)
[114.222s][info][gc,metaspace   ] GC(281) Metaspace: 6299K(6464K)->6299K(6464K) NonClass: 5765K(5824K)->5765K(5824K) Class: 533K(640K)->533K(640K)
[114.222s][info][gc             ] GC(281) Pause Full (Ergonomics) 3073M->3073M(3166M) 1018.723ms
[114.222s][info][gc,cpu         ] GC(281) User=6.67s Sys=0.02s Real=1.02s
[114.222s][info][gc,start       ] GC(282) Pause Full (Ergonomics)
[114.222s][info][gc,phases,start] GC(282) Marking Phase
[114.966s][info][gc,phases      ] GC(282) Marking Phase 743.693ms
[114.966s][info][gc,phases,start] GC(282) Summary Phase
[114.966s][info][gc,phases      ] GC(282) Summary Phase 0.066ms
[114.966s][info][gc,phases,start] GC(282) Adjust Roots
[114.966s][info][gc,phases      ] GC(282) Adjust Roots 0.252ms
[114.967s][info][gc,phases,start] GC(282) Compaction Phase
[115.248s][info][gc,phases      ] GC(282) Compaction Phase 281.293ms
[115.248s][info][gc,phases,start] GC(282) Post Compact
[115.254s][info][gc,phases      ] GC(282) Post Compact 6.394ms
[115.254s][info][gc,heap        ] GC(282) PSYoungGen: 75276K(169984K)->75276K(169984K) Eden: 28159K(28160K)->28159K(28160K) From: 47116K(141824K)->47116K(141824K)
[115.254s][info][gc,heap        ] GC(282) ParOldGen: 3071930K(3072000K)->3071930K(3072000K)
[115.254s][info][gc,metaspace   ] GC(282) Metaspace: 6299K(6464K)->6299K(6464K) NonClass: 5765K(5824K)->5765K(5824K) Class: 533K(640K)->533K(640K)
[115.254s][info][gc             ] GC(282) Pause Full (Ergonomics) 3073M->3073M(3166M) 1032.128ms
[115.255s][info][gc,cpu         ] GC(282) User=7.00s Sys=0.00s Real=1.03s
[115.255s][info][gc,start       ] GC(283) Pause Full (Ergonomics)
[115.255s][info][gc,phases,start] GC(283) Marking Phase
[116.050s][info][gc,phases      ] GC(283) Marking Phase 795.224ms
[116.050s][info][gc,phases,start] GC(283) Summary Phase
[116.050s][info][gc,phases      ] GC(283) Summary Phase 0.068ms
[116.050s][info][gc,phases,start] GC(283) Adjust Roots
[116.051s][info][gc,phases      ] GC(283) Adjust Roots 0.406ms
[116.051s][info][gc,phases,start] GC(283) Compaction Phase
[116.337s][info][gc,phases      ] GC(283) Compaction Phase 285.862ms
[116.337s][info][gc,phases,start] GC(283) Post Compact
[116.343s][info][gc,phases      ] GC(283) Post Compact 6.583ms
[116.343s][info][gc,heap        ] GC(283) PSYoungGen: 75276K(169984K)->75276K(169984K) Eden: 28159K(28160K)->28159K(28160K) From: 47116K(141824K)->47116K(141824K)
[116.343s][info][gc,heap        ] GC(283) ParOldGen: 3071935K(3072000K)->3071935K(3072000K)
[116.343s][info][gc,metaspace   ] GC(283) Metaspace: 6299K(6464K)->6299K(6464K) NonClass: 5765K(5824K)->5765K(5824K) Class: 533K(640K)->533K(640K)
[116.343s][info][gc             ] GC(283) Pause Full (Ergonomics) 3073M->3073M(3166M) 1088.623ms
[116.343s][info][gc,cpu         ] GC(283) User=6.95s Sys=0.00s Real=1.09s
[116.344s][info][gc,start       ] GC(284) Pause Full (Ergonomics)
[116.344s][info][gc,phases,start] GC(284) Marking Phase
[117.115s][info][gc,phases      ] GC(284) Marking Phase 771.733ms
[117.115s][info][gc,phases,start] GC(284) Summary Phase
[117.115s][info][gc,phases      ] GC(284) Summary Phase 0.046ms
[117.115s][info][gc,phases,start] GC(284) Adjust Roots
[117.116s][info][gc,phases      ] GC(284) Adjust Roots 0.217ms
[117.116s][info][gc,phases,start] GC(284) Compaction Phase
[117.396s][info][gc,phases      ] GC(284) Compaction Phase 280.425ms
[117.396s][info][gc,phases,start] GC(284) Post Compact
[117.402s][info][gc,phases      ] GC(284) Post Compact 5.420ms
[117.402s][info][gc,heap        ] GC(284) PSYoungGen: 75276K(169984K)->75276K(169984K) Eden: 28159K(28160K)->28159K(28160K) From: 47116K(141824K)->47116K(141824K)
[117.402s][info][gc,heap        ] GC(284) ParOldGen: 3071939K(3072000K)->3071939K(3072000K)
[117.402s][info][gc,metaspace   ] GC(284) Metaspace: 6299K(6464K)->6299K(6464K) NonClass: 5765K(5824K)->5765K(5824K) Class: 533K(640K)->533K(640K)
[117.402s][info][gc             ] GC(284) Pause Full (Ergonomics) 3073M->3073M(3166M) 1058.247ms
[117.402s][info][gc,cpu         ] GC(284) User=6.66s Sys=0.05s Real=1.06s
[117.402s][info][gc,start       ] GC(285) Pause Full (Ergonomics)
[117.402s][info][gc,phases,start] GC(285) Marking Phase
[118.174s][info][gc,phases      ] GC(285) Marking Phase 772.349ms
[118.174s][info][gc,phases,start] GC(285) Summary Phase
[118.175s][info][gc,phases      ] GC(285) Summary Phase 0.053ms
[118.175s][info][gc,phases,start] GC(285) Adjust Roots
[118.175s][info][gc,phases      ] GC(285) Adjust Roots 0.263ms
[118.175s][info][gc,phases,start] GC(285) Compaction Phase
[118.434s][info][gc,phases      ] GC(285) Compaction Phase 258.828ms
[118.434s][info][gc,phases,start] GC(285) Post Compact
[118.439s][info][gc,phases      ] GC(285) Post Compact 5.675ms
[118.439s][info][gc,heap        ] GC(285) PSYoungGen: 75276K(169984K)->75276K(169984K) Eden: 28159K(28160K)->28159K(28160K) From: 47116K(141824K)->47116K(141824K)
[118.439s][info][gc,heap        ] GC(285) ParOldGen: 3071944K(3072000K)->3071944K(3072000K)
[118.439s][info][gc,metaspace   ] GC(285) Metaspace: 6299K(6464K)->6299K(6464K) NonClass: 5765K(5824K)->5765K(5824K) Class: 533K(640K)->533K(640K)
[118.440s][info][gc             ] GC(285) Pause Full (Ergonomics) 3073M->3073M(3166M) 1037.516ms
[118.440s][info][gc,cpu         ] GC(285) User=6.81s Sys=0.00s Real=1.04s
[118.440s][info][gc,start       ] GC(286) Pause Full (Ergonomics)
[118.440s][info][gc,phases,start] GC(286) Marking Phase
[119.168s][info][gc,phases      ] GC(286) Marking Phase 728.158ms
[119.168s][info][gc,phases,start] GC(286) Summary Phase
[119.168s][info][gc,phases      ] GC(286) Summary Phase 0.051ms
[119.168s][info][gc,phases,start] GC(286) Adjust Roots
[119.168s][info][gc,phases      ] GC(286) Adjust Roots 0.264ms
[119.168s][info][gc,phases,start] GC(286) Compaction Phase
[119.460s][info][gc,phases      ] GC(286) Compaction Phase 292.134ms
[119.461s][info][gc,phases,start] GC(286) Post Compact
[119.467s][info][gc,phases      ] GC(286) Post Compact 6.827ms
[119.467s][info][gc,heap        ] GC(286) PSYoungGen: 75276K(169984K)->75276K(169984K) Eden: 28159K(28160K)->28159K(28160K) From: 47116K(141824K)->47116K(141824K)
[119.467s][info][gc,heap        ] GC(286) ParOldGen: 3071949K(3072000K)->3071949K(3072000K)
[119.468s][info][gc,metaspace   ] GC(286) Metaspace: 6299K(6464K)->6299K(6464K) NonClass: 5765K(5824K)->5765K(5824K) Class: 533K(640K)->533K(640K)
[119.468s][info][gc             ] GC(286) Pause Full (Ergonomics) 3073M->3073M(3166M) 1027.853ms
[119.468s][info][gc,cpu         ] GC(286) User=7.09s Sys=0.00s Real=1.03s
[119.468s][info][gc,start       ] GC(287) Pause Full (Ergonomics)
[119.468s][info][gc,phases,start] GC(287) Marking Phase
[120.227s][info][gc,phases      ] GC(287) Marking Phase 758.933ms
[120.227s][info][gc,phases,start] GC(287) Summary Phase
[120.227s][info][gc,phases      ] GC(287) Summary Phase 0.042ms
[120.227s][info][gc,phases,start] GC(287) Adjust Roots
[120.227s][info][gc,phases      ] GC(287) Adjust Roots 0.226ms
[120.227s][info][gc,phases,start] GC(287) Compaction Phase
[120.534s][info][gc,phases      ] GC(287) Compaction Phase 306.316ms
[120.534s][info][gc,phases,start] GC(287) Post Compact
[120.540s][info][gc,phases      ] GC(287) Post Compact 6.507ms
[120.540s][info][gc,heap        ] GC(287) PSYoungGen: 75276K(169984K)->75276K(169984K) Eden: 28159K(28160K)->28159K(28160K) From: 47116K(141824K)->47116K(141824K)
[120.540s][info][gc,heap        ] GC(287) ParOldGen: 3071954K(3072000K)->3071954K(3072000K)
[120.540s][info][gc,metaspace   ] GC(287) Metaspace: 6299K(6464K)->6299K(6464K) NonClass: 5765K(5824K)->5765K(5824K) Class: 533K(640K)->533K(640K)
[120.540s][info][gc             ] GC(287) Pause Full (Ergonomics) 3073M->3073M(3166M) 1072.420ms
[120.540s][info][gc,cpu         ] GC(287) User=6.52s Sys=0.02s Real=1.07s
[120.541s][info][gc,start       ] GC(288) Pause Full (Ergonomics)
[120.541s][info][gc,phases,start] GC(288) Marking Phase
[121.354s][info][gc,phases      ] GC(288) Marking Phase 813.345ms
[121.354s][info][gc,phases,start] GC(288) Summary Phase
[121.354s][info][gc,phases      ] GC(288) Summary Phase 0.079ms
[121.354s][info][gc,phases,start] GC(288) Adjust Roots
[121.355s][info][gc,phases      ] GC(288) Adjust Roots 0.316ms
[121.355s][info][gc,phases,start] GC(288) Compaction Phase
[121.637s][info][gc,phases      ] GC(288) Compaction Phase 282.184ms
[121.637s][info][gc,phases,start] GC(288) Post Compact
[121.643s][info][gc,phases      ] GC(288) Post Compact 6.338ms
[121.643s][info][gc,heap        ] GC(288) PSYoungGen: 75276K(169984K)->75276K(169984K) Eden: 28159K(28160K)->28159K(28160K) From: 47116K(141824K)->47116K(141824K)
[121.643s][info][gc,heap        ] GC(288) ParOldGen: 3071959K(3072000K)->3071959K(3072000K)
[121.643s][info][gc,metaspace   ] GC(288) Metaspace: 6299K(6464K)->6299K(6464K) NonClass: 5765K(5824K)->5765K(5824K) Class: 533K(640K)->533K(640K)
[121.643s][info][gc             ] GC(288) Pause Full (Ergonomics) 3073M->3073M(3166M) 1102.751ms
[121.643s][info][gc,cpu         ] GC(288) User=7.33s Sys=0.00s Real=1.10s
[121.644s][info][gc,start       ] GC(289) Pause Full (Ergonomics)
[121.644s][info][gc,phases,start] GC(289) Marking Phase
[122.415s][info][gc,phases      ] GC(289) Marking Phase 771.841ms
[122.415s][info][gc,phases,start] GC(289) Summary Phase
[122.416s][info][gc,phases      ] GC(289) Summary Phase 0.059ms
[122.416s][info][gc,phases,start] GC(289) Adjust Roots
[122.416s][info][gc,phases      ] GC(289) Adjust Roots 0.244ms
[122.416s][info][gc,phases,start] GC(289) Compaction Phase
[122.675s][info][gc,phases      ] GC(289) Compaction Phase 259.249ms
[122.675s][info][gc,phases,start] GC(289) Post Compact
[122.681s][info][gc,phases      ] GC(289) Post Compact 6.268ms
[122.682s][info][gc,heap        ] GC(289) PSYoungGen: 75276K(169984K)->75276K(169984K) Eden: 28159K(28160K)->28159K(28160K) From: 47116K(141824K)->47116K(141824K)
[122.682s][info][gc,heap        ] GC(289) ParOldGen: 3071964K(3072000K)->3071964K(3072000K)
[122.682s][info][gc,metaspace   ] GC(289) Metaspace: 6299K(6464K)->6299K(6464K) NonClass: 5765K(5824K)->5765K(5824K) Class: 533K(640K)->533K(640K)
[122.682s][info][gc             ] GC(289) Pause Full (Ergonomics) 3073M->3073M(3166M) 1038.032ms
[122.682s][info][gc,cpu         ] GC(289) User=6.59s Sys=0.02s Real=1.04s
[122.682s][info][gc,start       ] GC(290) Pause Full (Ergonomics)
[122.682s][info][gc,phases,start] GC(290) Marking Phase
[123.451s][info][gc,phases      ] GC(290) Marking Phase 768.944ms
[123.451s][info][gc,phases,start] GC(290) Summary Phase
[123.451s][info][gc,phases      ] GC(290) Summary Phase 0.059ms
[123.451s][info][gc,phases,start] GC(290) Adjust Roots
[123.451s][info][gc,phases      ] GC(290) Adjust Roots 0.209ms
[123.451s][info][gc,phases,start] GC(290) Compaction Phase
[123.759s][info][gc,phases      ] GC(290) Compaction Phase 307.317ms
[123.759s][info][gc,phases,start] GC(290) Post Compact
[123.765s][info][gc,phases      ] GC(290) Post Compact 5.940ms
[123.765s][info][gc,heap        ] GC(290) PSYoungGen: 75276K(169984K)->75276K(169984K) Eden: 28159K(28160K)->28159K(28160K) From: 47116K(141824K)->47116K(141824K)
[123.765s][info][gc,heap        ] GC(290) ParOldGen: 3071968K(3072000K)->3071968K(3072000K)
[123.765s][info][gc,metaspace   ] GC(290) Metaspace: 6299K(6464K)->6299K(6464K) NonClass: 5765K(5824K)->5765K(5824K) Class: 533K(640K)->533K(640K)
[123.765s][info][gc             ] GC(290) Pause Full (Ergonomics) 3073M->3073M(3166M) 1082.838ms
[123.765s][info][gc,cpu         ] GC(290) User=6.84s Sys=0.02s Real=1.08s
[123.765s][info][gc,start       ] GC(291) Pause Full (Ergonomics)
[123.765s][info][gc,phases,start] GC(291) Marking Phase
[124.514s][info][gc,phases      ] GC(291) Marking Phase 748.506ms
[124.514s][info][gc,phases,start] GC(291) Summary Phase
[124.514s][info][gc,phases      ] GC(291) Summary Phase 0.070ms
[124.514s][info][gc,phases,start] GC(291) Adjust Roots
[124.514s][info][gc,phases      ] GC(291) Adjust Roots 0.284ms
[124.514s][info][gc,phases,start] GC(291) Compaction Phase
[124.784s][info][gc,phases      ] GC(291) Compaction Phase 269.612ms
[124.784s][info][gc,phases,start] GC(291) Post Compact
[124.790s][info][gc,phases      ] GC(291) Post Compact 6.150ms
[124.790s][info][gc,heap        ] GC(291) PSYoungGen: 75276K(169984K)->75276K(169984K) Eden: 28159K(28160K)->28159K(28160K) From: 47116K(141824K)->47116K(141824K)
[124.790s][info][gc,heap        ] GC(291) ParOldGen: 3071973K(3072000K)->3071973K(3072000K)
[124.790s][info][gc,metaspace   ] GC(291) Metaspace: 6299K(6464K)->6299K(6464K) NonClass: 5765K(5824K)->5765K(5824K) Class: 533K(640K)->533K(640K)
[124.790s][info][gc             ] GC(291) Pause Full (Ergonomics) 3073M->3073M(3166M) 1025.053ms
[124.790s][info][gc,cpu         ] GC(291) User=7.28s Sys=0.00s Real=1.02s
[124.790s][info][gc,start       ] GC(292) Pause Full (Ergonomics)
[124.790s][info][gc,phases,start] GC(292) Marking Phase
[125.617s][info][gc,phases      ] GC(292) Marking Phase 826.634ms
[125.617s][info][gc,phases,start] GC(292) Summary Phase
[125.617s][info][gc,phases      ] GC(292) Summary Phase 0.068ms
[125.617s][info][gc,phases,start] GC(292) Adjust Roots
[125.617s][info][gc,phases      ] GC(292) Adjust Roots 0.271ms
[125.617s][info][gc,phases,start] GC(292) Compaction Phase
[125.904s][info][gc,phases      ] GC(292) Compaction Phase 286.319ms
[125.904s][info][gc,phases,start] GC(292) Post Compact
[125.911s][info][gc,phases      ] GC(292) Post Compact 7.438ms
[125.911s][info][gc,heap        ] GC(292) PSYoungGen: 75276K(169984K)->75276K(169984K) Eden: 28159K(28160K)->28159K(28160K) From: 47116K(141824K)->47116K(141824K)
[125.911s][info][gc,heap        ] GC(292) ParOldGen: 3071978K(3072000K)->3071978K(3072000K)
[125.911s][info][gc,metaspace   ] GC(292) Metaspace: 6299K(6464K)->6299K(6464K) NonClass: 5765K(5824K)->5765K(5824K) Class: 533K(640K)->533K(640K)
[125.911s][info][gc             ] GC(292) Pause Full (Ergonomics) 3073M->3073M(3166M) 1121.144ms
[125.911s][info][gc,cpu         ] GC(292) User=7.14s Sys=0.00s Real=1.12s
[125.912s][info][gc,start       ] GC(293) Pause Full (Ergonomics)
[125.912s][info][gc,phases,start] GC(293) Marking Phase
[126.698s][info][gc,phases      ] GC(293) Marking Phase 785.893ms
[126.698s][info][gc,phases,start] GC(293) Summary Phase
[126.698s][info][gc,phases      ] GC(293) Summary Phase 0.065ms
[126.698s][info][gc,phases,start] GC(293) Adjust Roots
[126.698s][info][gc,phases      ] GC(293) Adjust Roots 0.227ms
[126.698s][info][gc,phases,start] GC(293) Compaction Phase
[126.947s][info][gc,phases      ] GC(293) Compaction Phase 249.041ms
[126.947s][info][gc,phases,start] GC(293) Post Compact
[126.953s][info][gc,phases      ] GC(293) Post Compact 5.761ms
[126.953s][info][gc,heap        ] GC(293) PSYoungGen: 75276K(169984K)->75276K(169984K) Eden: 28159K(28160K)->28159K(28160K) From: 47116K(141824K)->47116K(141824K)
[126.953s][info][gc,heap        ] GC(293) ParOldGen: 3071983K(3072000K)->3071983K(3072000K)
[126.953s][info][gc,metaspace   ] GC(293) Metaspace: 6299K(6464K)->6299K(6464K) NonClass: 5765K(5824K)->5765K(5824K) Class: 533K(640K)->533K(640K)
[126.953s][info][gc             ] GC(293) Pause Full (Ergonomics) 3073M->3073M(3166M) 1041.388ms
[126.953s][info][gc,cpu         ] GC(293) User=7.22s Sys=0.03s Real=1.04s
[126.953s][info][gc,start       ] GC(294) Pause Full (Ergonomics)
[126.953s][info][gc,phases,start] GC(294) Marking Phase
[127.706s][info][gc,phases      ] GC(294) Marking Phase 752.636ms
[127.706s][info][gc,phases,start] GC(294) Summary Phase
[127.706s][info][gc,phases      ] GC(294) Summary Phase 0.071ms
[127.706s][info][gc,phases,start] GC(294) Adjust Roots
[127.706s][info][gc,phases      ] GC(294) Adjust Roots 0.326ms
[127.706s][info][gc,phases,start] GC(294) Compaction Phase
[127.980s][info][gc,phases      ] GC(294) Compaction Phase 273.279ms
[127.980s][info][gc,phases,start] GC(294) Post Compact
[127.988s][info][gc,phases      ] GC(294) Post Compact 7.719ms
[127.988s][info][gc,heap        ] GC(294) PSYoungGen: 75276K(169984K)->75276K(169984K) Eden: 28159K(28160K)->28159K(28160K) From: 47116K(141824K)->47116K(141824K)
[127.988s][info][gc,heap        ] GC(294) ParOldGen: 3071988K(3072000K)->3071988K(3072000K)
[127.988s][info][gc,metaspace   ] GC(294) Metaspace: 6299K(6464K)->6299K(6464K) NonClass: 5765K(5824K)->5765K(5824K) Class: 533K(640K)->533K(640K)
[127.988s][info][gc             ] GC(294) Pause Full (Ergonomics) 3073M->3073M(3166M) 1034.467ms
[127.988s][info][gc,cpu         ] GC(294) User=6.73s Sys=0.02s Real=1.03s
[127.988s][info][gc,start       ] GC(295) Pause Full (Ergonomics)
[127.988s][info][gc,phases,start] GC(295) Marking Phase
[128.743s][info][gc,phases      ] GC(295) Marking Phase 755.211ms
[128.743s][info][gc,phases,start] GC(295) Summary Phase
[128.743s][info][gc,phases      ] GC(295) Summary Phase 0.065ms
[128.743s][info][gc,phases,start] GC(295) Adjust Roots
[128.744s][info][gc,phases      ] GC(295) Adjust Roots 0.192ms
[128.744s][info][gc,phases,start] GC(295) Compaction Phase
[128.989s][info][gc,phases      ] GC(295) Compaction Phase 245.571ms
[128.989s][info][gc,phases,start] GC(295) Post Compact
[128.995s][info][gc,phases      ] GC(295) Post Compact 5.569ms
[128.995s][info][gc,heap        ] GC(295) PSYoungGen: 75276K(169984K)->75276K(169984K) Eden: 28159K(28160K)->28159K(28160K) From: 47116K(141824K)->47116K(141824K)
[128.995s][info][gc,heap        ] GC(295) ParOldGen: 3071993K(3072000K)->3071993K(3072000K)
[128.995s][info][gc,metaspace   ] GC(295) Metaspace: 6299K(6464K)->6299K(6464K) NonClass: 5765K(5824K)->5765K(5824K) Class: 533K(640K)->533K(640K)
[128.995s][info][gc             ] GC(295) Pause Full (Ergonomics) 3073M->3073M(3166M) 1006.998ms
[128.995s][info][gc,cpu         ] GC(295) User=7.05s Sys=0.00s Real=1.01s
[128.995s][info][gc,start       ] GC(296) Pause Full (Ergonomics)
[128.995s][info][gc,phases,start] GC(296) Marking Phase
[129.747s][info][gc,phases      ] GC(296) Marking Phase 751.580ms
[129.747s][info][gc,phases,start] GC(296) Summary Phase
[129.747s][info][gc,phases      ] GC(296) Summary Phase 0.044ms
[129.747s][info][gc,phases,start] GC(296) Adjust Roots
[129.747s][info][gc,phases      ] GC(296) Adjust Roots 0.204ms
[129.747s][info][gc,phases,start] GC(296) Compaction Phase
[129.996s][info][gc,phases      ] GC(296) Compaction Phase 248.992ms
[129.996s][info][gc,phases,start] GC(296) Post Compact
[130.002s][info][gc,phases      ] GC(296) Post Compact 5.743ms
[130.002s][info][gc,heap        ] GC(296) PSYoungGen: 75276K(169984K)->75276K(169984K) Eden: 28159K(28160K)->28159K(28160K) From: 47116K(141824K)->47116K(141824K)
[130.002s][info][gc,heap        ] GC(296) ParOldGen: 3071997K(3072000K)->3071997K(3072000K)
[130.002s][info][gc,metaspace   ] GC(296) Metaspace: 6299K(6464K)->6299K(6464K) NonClass: 5765K(5824K)->5765K(5824K) Class: 533K(640K)->533K(640K)
[130.002s][info][gc             ] GC(296) Pause Full (Ergonomics) 3073M->3073M(3166M) 1006.944ms
[130.002s][info][gc,cpu         ] GC(296) User=7.11s Sys=0.00s Real=1.01s
[130.002s][info][gc,start       ] GC(297) Pause Full (Ergonomics)
[130.002s][info][gc,phases,start] GC(297) Marking Phase
[130.738s][info][gc,phases      ] GC(297) Marking Phase 735.975ms
[130.738s][info][gc,phases,start] GC(297) Summary Phase
[130.738s][info][gc,phases      ] GC(297) Summary Phase 0.051ms
[130.739s][info][gc,phases,start] GC(297) Adjust Roots
[130.739s][info][gc,phases      ] GC(297) Adjust Roots 0.193ms
[130.739s][info][gc,phases,start] GC(297) Compaction Phase
[130.999s][info][gc,phases      ] GC(297) Compaction Phase 260.166ms
[130.999s][info][gc,phases,start] GC(297) Post Compact
[131.005s][info][gc,phases      ] GC(297) Post Compact 5.622ms
[131.005s][info][gc,heap        ] GC(297) PSYoungGen: 75276K(169984K)->75276K(169984K) Eden: 28159K(28160K)->28159K(28160K) From: 47116K(141824K)->47116K(141824K)
[131.005s][info][gc,heap        ] GC(297) ParOldGen: 3071999K(3072000K)->3071999K(3072000K)
[131.005s][info][gc,metaspace   ] GC(297) Metaspace: 6299K(6464K)->6299K(6464K) NonClass: 5765K(5824K)->5765K(5824K) Class: 533K(640K)->533K(640K)
[131.005s][info][gc             ] GC(297) Pause Full (Ergonomics) 3073M->3073M(3166M) 1002.387ms
[131.005s][info][gc,cpu         ] GC(297) User=6.94s Sys=0.00s Real=1.00s
[131.005s][info][gc,start       ] GC(298) Pause Full (Allocation Failure)
[131.005s][info][gc,phases,start] GC(298) Marking Phase
[131.750s][info][gc,phases      ] GC(298) Marking Phase 745.310ms
[131.750s][info][gc,phases,start] GC(298) Summary Phase
[131.750s][info][gc,phases      ] GC(298) Summary Phase 0.044ms
[131.750s][info][gc,phases,start] GC(298) Adjust Roots
[131.751s][info][gc,phases      ] GC(298) Adjust Roots 0.305ms
[131.751s][info][gc,phases,start] GC(298) Compaction Phase
[132.555s][info][gc,phases      ] GC(298) Compaction Phase 804.808ms
[132.556s][info][gc,phases,start] GC(298) Post Compact
[132.561s][info][gc,phases      ] GC(298) Post Compact 5.948ms
[132.562s][info][gc,heap        ] GC(298) PSYoungGen: 75276K(169984K)->75276K(169984K) Eden: 28159K(28160K)->28159K(28160K) From: 47116K(141824K)->47116K(141824K)
[132.562s][info][gc,heap        ] GC(298) ParOldGen: 3071999K(3072000K)->3071995K(3072000K)
[132.562s][info][gc,metaspace   ] GC(298) Metaspace: 6299K(6464K)->6297K(6464K) NonClass: 5765K(5824K)->5764K(5824K) Class: 533K(640K)->532K(640K)
[132.562s][info][gc             ] GC(298) Pause Full (Allocation Failure) 3073M->3073M(3166M) 1556.812ms
[132.562s][info][gc,cpu         ] GC(298) User=11.45s Sys=0.00s Real=1.56s
[132.562s][info][gc,start       ] GC(299) Pause Full (Ergonomics)
[132.562s][info][gc,phases,start] GC(299) Marking Phase
[133.283s][info][gc,phases      ] GC(299) Marking Phase 720.546ms
[133.283s][info][gc,phases,start] GC(299) Summary Phase
[133.283s][info][gc,phases      ] GC(299) Summary Phase 0.074ms
[133.283s][info][gc,phases,start] GC(299) Adjust Roots
[133.283s][info][gc,phases      ] GC(299) Adjust Roots 0.300ms
[133.283s][info][gc,phases,start] GC(299) Compaction Phase
[133.529s][info][gc,phases      ] GC(299) Compaction Phase 246.040ms
[133.529s][info][gc,phases,start] GC(299) Post Compact
[133.535s][info][gc,phases      ] GC(299) Post Compact 5.730ms
[133.535s][info][gc,heap        ] GC(299) PSYoungGen: 75276K(169984K)->75276K(169984K) Eden: 28159K(28160K)->28159K(28160K) From: 47116K(141824K)->47116K(141824K)
[133.535s][info][gc,heap        ] GC(299) ParOldGen: 3071998K(3072000K)->3071998K(3072000K)
[133.535s][info][gc,metaspace   ] GC(299) Metaspace: 6297K(6464K)->6297K(6464K) NonClass: 5764K(5824K)->5764K(5824K) Class: 532K(640K)->532K(640K)
[133.535s][info][gc             ] GC(299) Pause Full (Ergonomics) 3073M->3073M(3166M) 973.122ms
[133.535s][info][gc,cpu         ] GC(299) User=7.05s Sys=0.00s Real=0.97s
[133.536s][info][gc,start       ] GC(300) Pause Full (Ergonomics)
[133.536s][info][gc,phases,start] GC(300) Marking Phase
[134.267s][info][gc,phases      ] GC(300) Marking Phase 731.419ms
[134.267s][info][gc,phases,start] GC(300) Summary Phase
[134.267s][info][gc,phases      ] GC(300) Summary Phase 0.041ms
[134.267s][info][gc,phases,start] GC(300) Adjust Roots
[134.267s][info][gc,phases      ] GC(300) Adjust Roots 0.176ms
[134.267s][info][gc,phases,start] GC(300) Compaction Phase
[134.525s][info][gc,phases      ] GC(300) Compaction Phase 257.456ms
[134.525s][info][gc,phases,start] GC(300) Post Compact
[134.531s][info][gc,phases      ] GC(300) Post Compact 5.622ms
[134.531s][info][gc,heap        ] GC(300) PSYoungGen: 75276K(169984K)->75276K(169984K) Eden: 28159K(28160K)->28159K(28160K) From: 47116K(141824K)->47116K(141824K)
[134.531s][info][gc,heap        ] GC(300) ParOldGen: 3071999K(3072000K)->3071999K(3072000K)
[134.531s][info][gc,metaspace   ] GC(300) Metaspace: 6297K(6464K)->6297K(6464K) NonClass: 5764K(5824K)->5764K(5824K) Class: 532K(640K)->532K(640K)
[134.531s][info][gc             ] GC(300) Pause Full (Ergonomics) 3073M->3073M(3166M) 995.048ms
[134.531s][info][gc,cpu         ] GC(300) User=7.05s Sys=0.00s Real=1.00s
[134.531s][info][gc,start       ] GC(301) Pause Full (Allocation Failure)
[134.531s][info][gc,phases,start] GC(301) Marking Phase
[135.258s][info][gc,phases      ] GC(301) Marking Phase 727.342ms
[135.258s][info][gc,phases,start] GC(301) Summary Phase
[135.258s][info][gc,phases      ] GC(301) Summary Phase 0.052ms
[135.258s][info][gc,phases,start] GC(301) Adjust Roots
[135.258s][info][gc,phases      ] GC(301) Adjust Roots 0.210ms
[135.259s][info][gc,phases,start] GC(301) Compaction Phase
[135.534s][info][gc,phases      ] GC(301) Compaction Phase 275.540ms
[135.534s][info][gc,phases,start] GC(301) Post Compact
[135.541s][info][gc,phases      ] GC(301) Post Compact 6.735ms
[135.541s][info][gc,heap        ] GC(301) PSYoungGen: 75276K(169984K)->75276K(169984K) Eden: 28159K(28160K)->28159K(28160K) From: 47116K(141824K)->47116K(141824K)
[135.541s][info][gc,heap        ] GC(301) ParOldGen: 3071999K(3072000K)->3071999K(3072000K)
[135.541s][info][gc,metaspace   ] GC(301) Metaspace: 6297K(6464K)->6297K(6464K) NonClass: 5764K(5824K)->5764K(5824K) Class: 532K(640K)->532K(640K)
[135.541s][info][gc             ] GC(301) Pause Full (Allocation Failure) 3073M->3073M(3166M) 1010.245ms
[135.541s][info][gc,cpu         ] GC(301) User=7.05s Sys=0.00s Real=1.01s
[135.542s][info][gc,start       ] GC(302) Pause Full (Ergonomics)
[135.542s][info][gc,phases,start] GC(302) Marking Phase
[136.283s][info][gc,phases      ] GC(302) Marking Phase 741.357ms
[136.283s][info][gc,phases,start] GC(302) Summary Phase
[136.283s][info][gc,phases      ] GC(302) Summary Phase 0.068ms
[136.283s][info][gc,phases,start] GC(302) Adjust Roots
[136.284s][info][gc,phases      ] GC(302) Adjust Roots 0.399ms
[136.284s][info][gc,phases,start] GC(302) Compaction Phase
[137.076s][info][gc,phases      ] GC(302) Compaction Phase 792.178ms
[137.076s][info][gc,phases,start] GC(302) Post Compact
[137.083s][info][gc,phases      ] GC(302) Post Compact 7.503ms
[137.084s][info][gc,heap        ] GC(302) PSYoungGen: 75276K(169984K)->75276K(169984K) Eden: 28160K(28160K)->28160K(28160K) From: 47116K(141824K)->47116K(141824K)
[137.084s][info][gc,heap        ] GC(302) ParOldGen: 3071999K(3072000K)->3071998K(3072000K)
[137.084s][info][gc,metaspace   ] GC(302) Metaspace: 6297K(6464K)->6297K(6464K) NonClass: 5764K(5824K)->5764K(5824K) Class: 532K(640K)->532K(640K)
[137.084s][info][gc             ] GC(302) Pause Full (Ergonomics) 3073M->3073M(3166M) 1542.037ms
[137.084s][info][gc,cpu         ] GC(302) User=9.72s Sys=0.02s Real=1.54s
[137.085s][info][gc,start       ] GC(303) Pause Full (Ergonomics)
[137.085s][info][gc,phases,start] GC(303) Marking Phase
[137.823s][info][gc,phases      ] GC(303) Marking Phase 738.232ms
[137.823s][info][gc,phases,start] GC(303) Summary Phase
[137.823s][info][gc,phases      ] GC(303) Summary Phase 0.068ms
[137.823s][info][gc,phases,start] GC(303) Adjust Roots
[137.824s][info][gc,phases      ] GC(303) Adjust Roots 0.436ms
[137.824s][info][gc,phases,start] GC(303) Compaction Phase
[138.641s][info][gc,phases      ] GC(303) Compaction Phase 816.780ms
[138.641s][info][gc,phases,start] GC(303) Post Compact
[138.649s][info][gc,phases      ] GC(303) Post Compact 8.249ms
[138.649s][info][gc,heap        ] GC(303) PSYoungGen: 75276K(169984K)->75276K(169984K) Eden: 28160K(28160K)->28160K(28160K) From: 47116K(141824K)->47116K(141824K)
[138.649s][info][gc,heap        ] GC(303) ParOldGen: 3071999K(3072000K)->3071997K(3072000K)
[138.649s][info][gc,metaspace   ] GC(303) Metaspace: 6299K(6464K)->6299K(6464K) NonClass: 5765K(5824K)->5765K(5824K) Class: 533K(640K)->533K(640K)
[138.649s][info][gc             ] GC(303) Pause Full (Ergonomics) 3073M->3073M(3166M) 1564.309ms
[138.649s][info][gc,cpu         ] GC(303) User=10.25s Sys=0.02s Real=1.56s
[138.650s][info][gc,heap,exit   ] Heap
[138.650s][info][gc,heap,exit   ]  PSYoungGen      total 169984K, used 75276K [0x00000007a2400000, 0x00000007b5b00000, 0x0000000800000000)
[138.650s][info][gc,heap,exit   ]   eden space 28160K, 100% used [0x00000007a2400000,0x00000007a3f80000,0x00000007a3f80000)
[138.650s][info][gc,heap,exit   ]   from space 141824K, 33% used [0x00000007acb80000,0x00000007af983318,0x00000007b5600000)
[138.650s][info][gc,heap,exit   ]   to   space 143360K, 0% used [0x00000007a3f80000,0x00000007a3f80000,0x00000007acb80000)
[138.650s][info][gc,heap,exit   ]  ParOldGen       total 3072000K, used 3071997K [0x00000006e6c00000, 0x00000007a2400000, 0x00000007a2400000)
[138.650s][info][gc,heap,exit   ]   object space 3072000K, 99% used [0x00000006e6c00000,0x00000007a23ff7a8,0x00000007a2400000)
[138.650s][info][gc,heap,exit   ]  Metaspace       used 6302K, committed 6464K, reserved 1114112K
[138.650s][info][gc,heap,exit   ]   class space    used 534K, committed 640K, reserved 1048576K
