[0.011s][info][gc,init] CardTable entry size: 512
[0.012s][info][gc     ] Using Serial
[0.012s][info][gc,init] Version: 18.0.1+10 (release)
[0.012s][info][gc,init] CPUs: 8 total, 8 available
[0.012s][info][gc,init] Memory: 16063M
[0.012s][info][gc,init] Large Page Support: Disabled
[0.012s][info][gc,init] NUMA Support: Disabled
[0.012s][info][gc,init] Compressed Oops: Enabled (32-bit)
[0.012s][info][gc,init] Heap Min Capacity: 2M
[0.012s][info][gc,init] Heap Initial Capacity: 2M
[0.012s][info][gc,init] Heap Max Capacity: 800M
[0.012s][info][gc,init] Pre-touch: Disabled
[0.012s][info][gc,metaspace] CDS archive(s) not mapped
[0.012s][info][gc,metaspace] Compressed class space mapped at: 0x0000000100000000-0x0000000140000000, reserved size: 1073741824
[0.012s][info][gc,metaspace] Narrow klass base: 0x0000000000000000, Narrow klass shift: 3, Narrow klass range: 0x140000000
[0.181s][info][gc,start    ] GC(0) Pause Young (Allocation Failure)
[0.182s][info][gc,heap     ] GC(0) DefNew: 1023K(1152K)->127K(1152K) Eden: 1023K(1024K)->0K(1024K) From: 0K(128K)->127K(128K)
[0.182s][info][gc,heap     ] GC(0) Tenured: 0K(768K)->440K(768K)
[0.182s][info][gc,metaspace] GC(0) Metaspace: 5902K(6016K)->5902K(6016K) NonClass: 5403K(5504K)->5403K(5504K) Class: 499K(512K)->499K(512K)
[0.182s][info][gc          ] GC(0) Pause Young (Allocation Failure) 0M->0M(1M) 1.572ms
[0.182s][info][gc,cpu      ] GC(0) User=0.00s Sys=0.00s Real=0.00s
[0.201s][info][gc,start    ] GC(1) Pause Young (Allocation Failure)
[0.202s][info][gc          ] GC(1) Pause Young (Allocation Failure) 1M->0M(2M) 1.289ms
[0.202s][info][gc,cpu      ] GC(1) User=0.00s Sys=0.00s Real=0.00s
[0.202s][info][gc,start    ] GC(2) Pause Full (Allocation Failure)
[0.202s][info][gc,phases,start] GC(2) Phase 1: Mark live objects
[0.203s][info][gc,phases      ] GC(2) Phase 1: Mark live objects 0.906ms
[0.203s][info][gc,phases,start] GC(2) Phase 2: Compute new object addresses
[0.203s][info][gc,phases      ] GC(2) Phase 2: Compute new object addresses 0.202ms
[0.203s][info][gc,phases,start] GC(2) Phase 3: Adjust pointers
[0.204s][info][gc,phases      ] GC(2) Phase 3: Adjust pointers 0.479ms
[0.204s][info][gc,phases,start] GC(2) Phase 4: Move objects
[0.204s][info][gc,phases      ] GC(2) Phase 4: Move objects 0.063ms
[0.204s][info][gc,heap        ] GC(2) DefNew: 1151K(1152K)->41K(1152K) Eden: 1024K(1024K)->41K(1024K) From: 127K(128K)->0K(128K)
[0.204s][info][gc,heap        ] GC(2) Tenured: 440K(768K)->960K(1600K)
[0.204s][info][gc,metaspace   ] GC(2) Metaspace: 6300K(6528K)->6300K(6528K) NonClass: 5767K(5888K)->5767K(5888K) Class: 533K(640K)->533K(640K)
[0.204s][info][gc             ] GC(2) Pause Full (Allocation Failure) 0M->0M(2M) 1.950ms
[0.204s][info][gc,cpu         ] GC(2) User=0.00s Sys=0.00s Real=0.00s
[0.205s][info][gc,start       ] GC(3) Pause Young (Allocation Failure)
[0.207s][info][gc,heap        ] GC(3) DefNew: 1024K(1152K)->127K(1152K) Eden: 1024K(1024K)->0K(1024K) From: 0K(128K)->127K(128K)
[0.207s][info][gc,heap        ] GC(3) Tenured: 960K(1600K)->1375K(1600K)
[0.207s][info][gc,metaspace   ] GC(3) Metaspace: 6300K(6528K)->6300K(6528K) NonClass: 5767K(5888K)->5767K(5888K) Class: 533K(640K)->533K(640K)
[0.207s][info][gc             ] GC(3) Pause Young (Allocation Failure) 1M->1M(2M) 1.451ms
[0.207s][info][gc,cpu         ] GC(3) User=0.00s Sys=0.00s Real=0.00s
[0.208s][info][gc,start       ] GC(4) Pause Young (Allocation Failure)
[0.209s][info][gc             ] GC(4) Pause Young (Allocation Failure) 2M->1M(3M) 1.239ms
[0.209s][info][gc,cpu         ] GC(4) User=0.00s Sys=0.00s Real=0.00s
[0.209s][info][gc,start       ] GC(5) Pause Full (Allocation Failure)
[0.209s][info][gc,phases,start] GC(5) Phase 1: Mark live objects
[0.211s][info][gc,phases      ] GC(5) Phase 1: Mark live objects 1.424ms
[0.211s][info][gc,phases,start] GC(5) Phase 2: Compute new object addresses
[0.211s][info][gc,phases      ] GC(5) Phase 2: Compute new object addresses 0.421ms
[0.211s][info][gc,phases,start] GC(5) Phase 3: Adjust pointers
[0.212s][info][gc,phases      ] GC(5) Phase 3: Adjust pointers 0.792ms
[0.212s][info][gc,phases,start] GC(5) Phase 4: Move objects
[0.212s][info][gc,phases      ] GC(5) Phase 4: Move objects 0.069ms
[0.212s][info][gc,heap        ] GC(5) DefNew: 1151K(1152K)->35K(1536K) Eden: 1024K(1024K)->35K(1408K) From: 127K(128K)->0K(128K)
[0.212s][info][gc,heap        ] GC(5) Tenured: 1375K(1600K)->1983K(3308K)
[0.212s][info][gc,metaspace   ] GC(5) Metaspace: 6300K(6528K)->6300K(6528K) NonClass: 5767K(5888K)->5767K(5888K) Class: 533K(640K)->533K(640K)
[0.212s][info][gc             ] GC(5) Pause Full (Allocation Failure) 1M->1M(4M) 3.099ms
[0.212s][info][gc,cpu         ] GC(5) User=0.00s Sys=0.00s Real=0.00s
[0.214s][info][gc,start       ] GC(6) Pause Young (Allocation Failure)
[0.216s][info][gc,heap        ] GC(6) DefNew: 1408K(1536K)->128K(1536K) Eden: 1408K(1408K)->0K(1408K) From: 0K(128K)->128K(128K)
[0.216s][info][gc,heap        ] GC(6) Tenured: 1983K(3308K)->2618K(3308K)
[0.216s][info][gc,metaspace   ] GC(6) Metaspace: 6300K(6528K)->6300K(6528K) NonClass: 5767K(5888K)->5767K(5888K) Class: 533K(640K)->533K(640K)
[0.216s][info][gc             ] GC(6) Pause Young (Allocation Failure) 3M->2M(4M) 1.713ms
[0.216s][info][gc,cpu         ] GC(6) User=0.00s Sys=0.00s Real=0.00s
[0.217s][info][gc,start       ] GC(7) Pause Young (Allocation Failure)
[0.219s][info][gc             ] GC(7) Pause Young (Allocation Failure) 4M->3M(4M) 1.732ms
[0.219s][info][gc,cpu         ] GC(7) User=0.00s Sys=0.00s Real=0.00s
[0.219s][info][gc,start       ] GC(8) Pause Full (Allocation Failure)
[0.219s][info][gc,phases,start] GC(8) Phase 1: Mark live objects
[0.221s][info][gc,phases      ] GC(8) Phase 1: Mark live objects 1.979ms
[0.221s][info][gc,phases,start] GC(8) Phase 2: Compute new object addresses
[0.222s][info][gc,phases      ] GC(8) Phase 2: Compute new object addresses 0.765ms
[0.222s][info][gc,phases,start] GC(8) Phase 3: Adjust pointers
[0.223s][info][gc,phases      ] GC(8) Phase 3: Adjust pointers 0.979ms
[0.223s][info][gc,phases,start] GC(8) Phase 4: Move objects
[0.223s][info][gc,phases      ] GC(8) Phase 4: Move objects 0.085ms
[0.223s][info][gc,heap        ] GC(8) DefNew: 1536K(1536K)->0K(2688K) Eden: 1408K(1408K)->0K(2432K) From: 128K(128K)->0K(256K)
[0.223s][info][gc,heap        ] GC(8) Tenured: 2618K(3308K)->3460K(5768K)
[0.223s][info][gc,metaspace   ] GC(8) Metaspace: 6300K(6528K)->6300K(6528K) NonClass: 5767K(5888K)->5767K(5888K) Class: 533K(640K)->533K(640K)
[0.223s][info][gc             ] GC(8) Pause Full (Allocation Failure) 3M->3M(8M) 4.134ms
[0.223s][info][gc,cpu         ] GC(8) User=0.00s Sys=0.00s Real=0.00s
[0.227s][info][gc,start       ] GC(9) Pause Young (Allocation Failure)
[0.229s][info][gc,heap        ] GC(9) DefNew: 2431K(2688K)->255K(2688K) Eden: 2431K(2432K)->0K(2432K) From: 0K(256K)->255K(256K)
[0.229s][info][gc,heap        ] GC(9) Tenured: 3460K(5768K)->4513K(5768K)
[0.229s][info][gc,metaspace   ] GC(9) Metaspace: 6300K(6528K)->6300K(6528K) NonClass: 5767K(5888K)->5767K(5888K) Class: 533K(640K)->533K(640K)
[0.229s][info][gc             ] GC(9) Pause Young (Allocation Failure) 5M->4M(8M) 2.658ms
[0.229s][info][gc,cpu         ] GC(9) User=0.00s Sys=0.00s Real=0.00s
[0.232s][info][gc,start       ] GC(10) Pause Young (Allocation Failure)
[0.234s][info][gc,heap        ] GC(10) DefNew: 2687K(2688K)->255K(2688K) Eden: 2432K(2432K)->0K(2432K) From: 255K(256K)->255K(256K)
[0.234s][info][gc,heap        ] GC(10) Tenured: 4513K(5768K)->5756K(5768K)
[0.234s][info][gc,metaspace   ] GC(10) Metaspace: 6300K(6528K)->6300K(6528K) NonClass: 5767K(5888K)->5767K(5888K) Class: 533K(640K)->533K(640K)
[0.234s][info][gc             ] GC(10) Pause Young (Allocation Failure) 7M->5M(8M) 2.768ms
[0.234s][info][gc,cpu         ] GC(10) User=0.00s Sys=0.00s Real=0.00s
[0.238s][info][gc,start       ] GC(11) Pause Young (Allocation Failure)
[0.241s][info][gc             ] GC(11) Pause Young (Allocation Failure) 8M->7M(9M) 2.870ms
[0.241s][info][gc,cpu         ] GC(11) User=0.00s Sys=0.00s Real=0.00s
[0.241s][info][gc,start       ] GC(12) Pause Full (Allocation Failure)
[0.241s][info][gc,phases,start] GC(12) Phase 1: Mark live objects
[0.245s][info][gc,phases      ] GC(12) Phase 1: Mark live objects 3.661ms
[0.245s][info][gc,phases,start] GC(12) Phase 2: Compute new object addresses
[0.246s][info][gc,phases      ] GC(12) Phase 2: Compute new object addresses 1.336ms
[0.246s][info][gc,phases,start] GC(12) Phase 3: Adjust pointers
[0.248s][info][gc,phases      ] GC(12) Phase 3: Adjust pointers 1.743ms
[0.248s][info][gc,phases,start] GC(12) Phase 4: Move objects
[0.249s][info][gc,phases      ] GC(12) Phase 4: Move objects 1.273ms
[0.249s][info][gc,heap        ] GC(12) DefNew: 2687K(2688K)->0K(5376K) Eden: 2432K(2432K)->0K(4800K) From: 255K(256K)->0K(576K)
[0.249s][info][gc,heap        ] GC(12) Tenured: 5756K(5768K)->7131K(11888K)
[0.249s][info][gc,metaspace   ] GC(12) Metaspace: 6300K(6528K)->6300K(6528K) NonClass: 5767K(5888K)->5767K(5888K) Class: 533K(640K)->533K(640K)
[0.249s][info][gc             ] GC(12) Pause Full (Allocation Failure) 7M->6M(16M) 8.679ms
[0.249s][info][gc,cpu         ] GC(12) User=0.00s Sys=0.00s Real=0.01s
[0.255s][info][gc,start       ] GC(13) Pause Young (Allocation Failure)
[0.260s][info][gc,heap        ] GC(13) DefNew: 4800K(5376K)->575K(5376K) Eden: 4800K(4800K)->0K(4800K) From: 0K(576K)->575K(576K)
[0.260s][info][gc,heap        ] GC(13) Tenured: 7131K(11888K)->9026K(11888K)
[0.260s][info][gc,metaspace   ] GC(13) Metaspace: 6300K(6528K)->6300K(6528K) NonClass: 5767K(5888K)->5767K(5888K) Class: 533K(640K)->533K(640K)
[0.260s][info][gc             ] GC(13) Pause Young (Allocation Failure) 11M->9M(16M) 5.497ms
[0.260s][info][gc,cpu         ] GC(13) User=0.00s Sys=0.00s Real=0.01s
[0.265s][info][gc,start       ] GC(14) Pause Young (Allocation Failure)
[0.271s][info][gc,heap        ] GC(14) DefNew: 5375K(5376K)->576K(5376K) Eden: 4800K(4800K)->0K(4800K) From: 575K(576K)->576K(576K)
[0.271s][info][gc,heap        ] GC(14) Tenured: 9026K(11888K)->11746K(11888K)
[0.271s][info][gc,metaspace   ] GC(14) Metaspace: 6300K(6528K)->6300K(6528K) NonClass: 5767K(5888K)->5767K(5888K) Class: 533K(640K)->533K(640K)
[0.271s][info][gc             ] GC(14) Pause Young (Allocation Failure) 14M->12M(16M) 6.287ms
[0.271s][info][gc,cpu         ] GC(14) User=0.00s Sys=0.00s Real=0.01s
[0.275s][info][gc,start       ] GC(15) Pause Young (Allocation Failure)
[0.281s][info][gc             ] GC(15) Pause Young (Allocation Failure) 16M->14M(19M) 5.267ms
[0.281s][info][gc,cpu         ] GC(15) User=0.00s Sys=0.00s Real=0.00s
[0.281s][info][gc,start       ] GC(16) Pause Full (Allocation Failure)
[0.281s][info][gc,phases,start] GC(16) Phase 1: Mark live objects
[0.288s][info][gc,phases      ] GC(16) Phase 1: Mark live objects 7.416ms
[0.288s][info][gc,phases,start] GC(16) Phase 2: Compute new object addresses
[0.291s][info][gc,phases      ] GC(16) Phase 2: Compute new object addresses 2.284ms
[0.291s][info][gc,phases,start] GC(16) Phase 3: Adjust pointers
[0.293s][info][gc,phases      ] GC(16) Phase 3: Adjust pointers 2.837ms
[0.293s][info][gc,phases,start] GC(16) Phase 4: Move objects
[0.294s][info][gc,phases      ] GC(16) Phase 4: Move objects 0.186ms
[0.294s][info][gc,heap        ] GC(16) DefNew: 5376K(5376K)->386K(10880K) Eden: 4800K(4800K)->386K(9728K) From: 576K(576K)->0K(1152K)
[0.294s][info][gc,heap        ] GC(16) Tenured: 11746K(11888K)->14384K(23976K)
[0.294s][info][gc,metaspace   ] GC(16) Metaspace: 6302K(6528K)->6302K(6528K) NonClass: 5769K(5888K)->5769K(5888K) Class: 533K(640K)->533K(640K)
[0.294s][info][gc             ] GC(16) Pause Full (Allocation Failure) 14M->14M(34M) 13.098ms
[0.294s][info][gc,cpu         ] GC(16) User=0.02s Sys=0.00s Real=0.01s
[0.303s][info][gc,start       ] GC(17) Pause Young (Allocation Failure)
[0.316s][info][gc,heap        ] GC(17) DefNew: 9728K(10880K)->1151K(10880K) Eden: 9728K(9728K)->0K(9728K) From: 0K(1152K)->1151K(1152K)
[0.316s][info][gc,heap        ] GC(17) Tenured: 14384K(23976K)->18415K(23976K)
[0.316s][info][gc,metaspace   ] GC(17) Metaspace: 6302K(6528K)->6302K(6528K) NonClass: 5769K(5888K)->5769K(5888K) Class: 533K(640K)->533K(640K)
[0.316s][info][gc             ] GC(17) Pause Young (Allocation Failure) 23M->19M(34M) 12.989ms
[0.316s][info][gc,cpu         ] GC(17) User=0.00s Sys=0.00s Real=0.01s
[0.324s][info][gc,start       ] GC(18) Pause Young (Allocation Failure)
[0.339s][info][gc,heap        ] GC(18) DefNew: 10879K(10880K)->1152K(10880K) Eden: 9728K(9728K)->0K(9728K) From: 1151K(1152K)->1152K(1152K)
[0.339s][info][gc,heap        ] GC(18) Tenured: 18415K(23976K)->23936K(23976K)
[0.339s][info][gc,metaspace   ] GC(18) Metaspace: 6302K(6528K)->6302K(6528K) NonClass: 5769K(5888K)->5769K(5888K) Class: 533K(640K)->533K(640K)
[0.339s][info][gc             ] GC(18) Pause Young (Allocation Failure) 28M->24M(34M) 15.164ms
[0.339s][info][gc,cpu         ] GC(18) User=0.02s Sys=0.00s Real=0.01s
[0.345s][info][gc,start       ] GC(19) Pause Young (Allocation Failure)
[0.356s][info][gc             ] GC(19) Pause Young (Allocation Failure) 34M->29M(38M) 11.134ms
[0.356s][info][gc,cpu         ] GC(19) User=0.00s Sys=0.00s Real=0.01s
[0.356s][info][gc,start       ] GC(20) Pause Full (Allocation Failure)
[0.356s][info][gc,phases,start] GC(20) Phase 1: Mark live objects
[0.370s][info][gc,phases      ] GC(20) Phase 1: Mark live objects 13.751ms
[0.370s][info][gc,phases,start] GC(20) Phase 2: Compute new object addresses
[0.374s][info][gc,phases      ] GC(20) Phase 2: Compute new object addresses 4.584ms
[0.374s][info][gc,phases,start] GC(20) Phase 3: Adjust pointers
[0.380s][info][gc,phases      ] GC(20) Phase 3: Adjust pointers 5.371ms
[0.380s][info][gc,phases,start] GC(20) Phase 4: Move objects
[0.380s][info][gc,phases      ] GC(20) Phase 4: Move objects 0.165ms
[0.380s][info][gc,heap        ] GC(20) DefNew: 10880K(10880K)->1079K(21888K) Eden: 9728K(9728K)->1079K(19520K) From: 1152K(1152K)->0K(2368K)
[0.380s][info][gc,heap        ] GC(20) Tenured: 23936K(23976K)->29035K(48396K)
[0.380s][info][gc,metaspace   ] GC(20) Metaspace: 6302K(6528K)->6302K(6528K) NonClass: 5769K(5888K)->5769K(5888K) Class: 533K(640K)->533K(640K)
[0.380s][info][gc             ] GC(20) Pause Full (Allocation Failure) 29M->29M(68M) 24.277ms
[0.380s][info][gc,cpu         ] GC(20) User=0.03s Sys=0.00s Real=0.03s
[0.396s][info][gc,start       ] GC(21) Pause Young (Allocation Failure)
[0.424s][info][gc,heap        ] GC(21) DefNew: 19520K(21888K)->2367K(21888K) Eden: 19520K(19520K)->0K(19520K) From: 0K(2368K)->2367K(2368K)
[0.424s][info][gc,heap        ] GC(21) Tenured: 29035K(48396K)->39358K(48396K)
[0.424s][info][gc,metaspace   ] GC(21) Metaspace: 6302K(6528K)->6302K(6528K) NonClass: 5769K(5888K)->5769K(5888K) Class: 533K(640K)->533K(640K)
[0.424s][info][gc             ] GC(21) Pause Young (Allocation Failure) 47M->40M(68M) 28.220ms
[0.424s][info][gc,cpu         ] GC(21) User=0.00s Sys=0.02s Real=0.03s
[0.445s][info][gc,start       ] GC(22) Pause Young (Allocation Failure)
[0.480s][info][gc             ] GC(22) Pause Young (Allocation Failure) 59M->59M(78M) 35.424ms
[0.480s][info][gc,cpu         ] GC(22) User=0.03s Sys=0.00s Real=0.04s
[0.480s][info][gc,start       ] GC(23) Pause Full (Allocation Failure)
[0.480s][info][gc,phases,start] GC(23) Phase 1: Mark live objects
[0.506s][info][gc,phases      ] GC(23) Phase 1: Mark live objects 25.574ms
[0.506s][info][gc,phases,start] GC(23) Phase 2: Compute new object addresses
[0.515s][info][gc,phases      ] GC(23) Phase 2: Compute new object addresses 9.394ms
[0.515s][info][gc,phases,start] GC(23) Phase 3: Adjust pointers
[0.526s][info][gc,phases      ] GC(23) Phase 3: Adjust pointers 10.602ms
[0.526s][info][gc,phases,start] GC(23) Phase 4: Move objects
[0.526s][info][gc,phases      ] GC(23) Phase 4: Move objects 0.495ms
[0.527s][info][gc,heap        ] GC(23) DefNew: 21887K(21888K)->2259K(44288K) Eden: 19520K(19520K)->2259K(39424K) From: 2367K(2368K)->0K(4864K)
[0.527s][info][gc,heap        ] GC(23) Tenured: 39358K(48396K)->58955K(98260K)
[0.527s][info][gc,metaspace   ] GC(23) Metaspace: 6302K(6528K)->6302K(6528K) NonClass: 5769K(5888K)->5769K(5888K) Class: 533K(640K)->533K(640K)
[0.527s][info][gc             ] GC(23) Pause Full (Allocation Failure) 59M->59M(139M) 46.715ms
[0.527s][info][gc,cpu         ] GC(23) User=0.03s Sys=0.00s Real=0.05s
[0.569s][info][gc,start       ] GC(24) Pause Young (Allocation Failure)
[0.631s][info][gc,heap        ] GC(24) DefNew: 39424K(44288K)->4863K(44288K) Eden: 39424K(39424K)->0K(39424K) From: 0K(4864K)->4863K(4864K)
[0.631s][info][gc,heap        ] GC(24) Tenured: 58955K(98260K)->93487K(98260K)
[0.631s][info][gc,metaspace   ] GC(24) Metaspace: 6302K(6528K)->6302K(6528K) NonClass: 5769K(5888K)->5769K(5888K) Class: 533K(640K)->533K(640K)
[0.631s][info][gc             ] GC(24) Pause Young (Allocation Failure) 96M->96M(139M) 62.120ms
[0.631s][info][gc,cpu         ] GC(24) User=0.05s Sys=0.00s Real=0.06s
[0.663s][info][gc,start       ] GC(25) Pause Young (Allocation Failure)
[0.731s][info][gc             ] GC(25) Pause Young (Allocation Failure) 134M->134M(173M) 67.702ms
[0.731s][info][gc,cpu         ] GC(25) User=0.05s Sys=0.02s Real=0.07s
[0.731s][info][gc,start       ] GC(26) Pause Full (Allocation Failure)
[0.731s][info][gc,phases,start] GC(26) Phase 1: Mark live objects
[0.786s][info][gc,phases      ] GC(26) Phase 1: Mark live objects 54.862ms
[0.786s][info][gc,phases,start] GC(26) Phase 2: Compute new object addresses
[0.807s][info][gc,phases      ] GC(26) Phase 2: Compute new object addresses 21.471ms
[0.807s][info][gc,phases,start] GC(26) Phase 3: Adjust pointers
[0.834s][info][gc,phases      ] GC(26) Phase 3: Adjust pointers 27.213ms
[0.834s][info][gc,phases,start] GC(26) Phase 4: Move objects
[0.860s][info][gc,phases      ] GC(26) Phase 4: Move objects 25.294ms
[0.860s][info][gc,heap        ] GC(26) DefNew: 44287K(44288K)->891K(99840K) Eden: 39424K(39424K)->891K(88768K) From: 4863K(4864K)->0K(11072K)
[0.860s][info][gc,heap        ] GC(26) Tenured: 93487K(98260K)->133012K(221688K)
[0.860s][info][gc,metaspace   ] GC(26) Metaspace: 6302K(6528K)->6302K(6528K) NonClass: 5769K(5888K)->5769K(5888K) Class: 533K(640K)->533K(640K)
[0.860s][info][gc             ] GC(26) Pause Full (Allocation Failure) 134M->130M(313M) 129.644ms
[0.860s][info][gc,cpu         ] GC(26) User=0.11s Sys=0.00s Real=0.13s
[0.957s][info][gc,start       ] GC(27) Pause Young (Allocation Failure)
[1.100s][info][gc,heap        ] GC(27) DefNew: 88768K(99840K)->11072K(99840K) Eden: 88768K(88768K)->0K(88768K) From: 0K(11072K)->11072K(11072K)
[1.100s][info][gc,heap        ] GC(27) Tenured: 133012K(221688K)->210681K(221688K)
[1.100s][info][gc,metaspace   ] GC(27) Metaspace: 6302K(6528K)->6302K(6528K) NonClass: 5769K(5888K)->5769K(5888K) Class: 533K(640K)->533K(640K)
[1.100s][info][gc             ] GC(27) Pause Young (Allocation Failure) 216M->216M(313M) 142.969ms
[1.100s][info][gc,cpu         ] GC(27) User=0.09s Sys=0.03s Real=0.14s
[1.179s][info][gc,start       ] GC(28) Pause Young (Allocation Failure)
[1.341s][info][gc             ] GC(28) Pause Young (Allocation Failure) 303M->303M(390M) 162.015ms
[1.341s][info][gc,cpu         ] GC(28) User=0.14s Sys=0.02s Real=0.16s
[1.341s][info][gc,start       ] GC(29) Pause Full (Allocation Failure)
[1.341s][info][gc,phases,start] GC(29) Phase 1: Mark live objects
[1.473s][info][gc,phases      ] GC(29) Phase 1: Mark live objects 131.667ms
[1.473s][info][gc,phases,start] GC(29) Phase 2: Compute new object addresses
[1.521s][info][gc,phases      ] GC(29) Phase 2: Compute new object addresses 47.759ms
[1.521s][info][gc,phases,start] GC(29) Phase 3: Adjust pointers
[1.575s][info][gc,phases      ] GC(29) Phase 3: Adjust pointers 54.166ms
[1.575s][info][gc,phases,start] GC(29) Phase 4: Move objects
[1.577s][info][gc,phases      ] GC(29) Phase 4: Move objects 2.387ms
[1.578s][info][gc,heap        ] GC(29) DefNew: 99840K(99840K)->10907K(224704K) Eden: 88768K(88768K)->10907K(199744K) From: 11072K(11072K)->0K(24960K)
[1.578s][info][gc,heap        ] GC(29) Tenured: 210681K(221688K)->299579K(499300K)
[1.578s][info][gc,metaspace   ] GC(29) Metaspace: 6302K(6528K)->6302K(6528K) NonClass: 5769K(5888K)->5769K(5888K) Class: 533K(640K)->533K(640K)
[1.578s][info][gc             ] GC(29) Pause Full (Allocation Failure) 303M->303M(707M) 237.159ms
[1.578s][info][gc,cpu         ] GC(29) User=0.23s Sys=0.00s Real=0.24s
[1.783s][info][gc,start       ] GC(30) Pause Young (Allocation Failure)
[2.111s][info][gc,heap        ] GC(30) DefNew: 199744K(224704K)->24959K(224704K) Eden: 199744K(199744K)->0K(199744K) From: 0K(24960K)->24959K(24960K)
[2.111s][info][gc,heap        ] GC(30) Tenured: 299579K(499300K)->474335K(499300K)
[2.112s][info][gc,metaspace   ] GC(30) Metaspace: 6302K(6528K)->6302K(6528K) NonClass: 5769K(5888K)->5769K(5888K) Class: 533K(640K)->533K(640K)
[2.112s][info][gc             ] GC(30) Pause Young (Allocation Failure) 487M->487M(707M) 328.193ms
[2.112s][info][gc,cpu         ] GC(30) User=0.27s Sys=0.05s Real=0.33s
[2.291s][info][gc,start       ] GC(31) Pause Young (Allocation Failure)
[2.291s][info][gc             ] GC(31) Pause Young (Allocation Failure) 682M->682M(707M) 0.115ms
[2.291s][info][gc,cpu         ] GC(31) User=0.00s Sys=0.00s Real=0.00s
[2.291s][info][gc,start       ] GC(32) Pause Full (Allocation Failure)
[2.291s][info][gc,phases,start] GC(32) Phase 1: Mark live objects
[2.599s][info][gc,phases      ] GC(32) Phase 1: Mark live objects 307.667ms
[2.599s][info][gc,phases,start] GC(32) Phase 2: Compute new object addresses
[2.704s][info][gc,phases      ] GC(32) Phase 2: Compute new object addresses 105.720ms
[2.705s][info][gc,phases,start] GC(32) Phase 3: Adjust pointers
[2.853s][info][gc,phases      ] GC(32) Phase 3: Adjust pointers 148.774ms
[2.853s][info][gc,phases,start] GC(32) Phase 4: Move objects
[2.899s][info][gc,phases      ] GC(32) Phase 4: Move objects 45.976ms
[2.900s][info][gc,heap        ] GC(32) DefNew: 224703K(224704K)->199706K(245760K) Eden: 199744K(199744K)->199706K(218496K) From: 24959K(24960K)->0K(27264K)
[2.900s][info][gc,heap        ] GC(32) Tenured: 474335K(499300K)->499299K(546176K)
[2.900s][info][gc,metaspace   ] GC(32) Metaspace: 6302K(6528K)->6302K(6528K) NonClass: 5769K(5888K)->5769K(5888K) Class: 533K(640K)->533K(640K)
[2.900s][info][gc             ] GC(32) Pause Full (Allocation Failure) 682M->682M(773M) 608.820ms
[2.900s][info][gc,cpu         ] GC(32) User=0.58s Sys=0.02s Real=0.61s
[3.122s][info][gc,start       ] GC(33) Pause Full (Allocation Failure)
[3.122s][info][gc,phases,start] GC(33) Phase 1: Mark live objects
[3.469s][info][gc,phases      ] GC(33) Phase 1: Mark live objects 347.574ms
[3.470s][info][gc,phases,start] GC(33) Phase 2: Compute new object addresses
[3.579s][info][gc,phases      ] GC(33) Phase 2: Compute new object addresses 109.852ms
[3.579s][info][gc,phases,start] GC(33) Phase 3: Adjust pointers
[3.759s][info][gc,phases      ] GC(33) Phase 3: Adjust pointers 179.450ms
[3.759s][info][gc,phases,start] GC(33) Phase 4: Move objects
[3.771s][info][gc,phases      ] GC(33) Phase 4: Move objects 11.656ms
[3.771s][info][gc,heap        ] GC(33) DefNew: 245759K(245760K)->229372K(245760K) Eden: 218496K(218496K)->218495K(218496K) From: 27263K(27264K)->10876K(27264K)
[3.771s][info][gc,heap        ] GC(33) Tenured: 546175K(546176K)->546175K(546176K)
[3.771s][info][gc,metaspace   ] GC(33) Metaspace: 6302K(6528K)->6302K(6528K) NonClass: 5769K(5888K)->5769K(5888K) Class: 533K(640K)->533K(640K)
[3.771s][info][gc             ] GC(33) Pause Full (Allocation Failure) 773M->757M(773M) 649.179ms
[3.771s][info][gc,cpu         ] GC(33) User=0.58s Sys=0.00s Real=0.65s
[3.818s][info][gc,start       ] GC(34) Pause Full (Allocation Failure)
[3.818s][info][gc,phases,start] GC(34) Phase 1: Mark live objects
[4.184s][info][gc,phases      ] GC(34) Phase 1: Mark live objects 366.088ms
[4.185s][info][gc,phases,start] GC(34) Phase 2: Compute new object addresses
[4.297s][info][gc,phases      ] GC(34) Phase 2: Compute new object addresses 112.765ms
[4.297s][info][gc,phases,start] GC(34) Phase 3: Adjust pointers
[4.471s][info][gc,phases      ] GC(34) Phase 3: Adjust pointers 173.351ms
[4.471s][info][gc,phases,start] GC(34) Phase 4: Move objects
[4.589s][info][gc,phases      ] GC(34) Phase 4: Move objects 118.055ms
[4.589s][info][gc,heap        ] GC(34) DefNew: 245759K(245760K)->233471K(245760K) Eden: 218495K(218496K)->218495K(218496K) From: 27263K(27264K)->14975K(27264K)
[4.589s][info][gc,heap        ] GC(34) Tenured: 546175K(546176K)->546175K(546176K)
[4.589s][info][gc,metaspace   ] GC(34) Metaspace: 6302K(6528K)->6302K(6528K) NonClass: 5769K(5888K)->5769K(5888K) Class: 533K(640K)->533K(640K)
[4.589s][info][gc             ] GC(34) Pause Full (Allocation Failure) 773M->761M(773M) 770.839ms
[4.589s][info][gc,cpu         ] GC(34) User=0.69s Sys=0.00s Real=0.77s
[4.625s][info][gc,start       ] GC(35) Pause Full (Allocation Failure)
[4.625s][info][gc,phases,start] GC(35) Phase 1: Mark live objects
[4.979s][info][gc,phases      ] GC(35) Phase 1: Mark live objects 353.405ms
[4.979s][info][gc,phases,start] GC(35) Phase 2: Compute new object addresses
[5.091s][info][gc,phases      ] GC(35) Phase 2: Compute new object addresses 112.041ms
[5.091s][info][gc,phases,start] GC(35) Phase 3: Adjust pointers
[5.235s][info][gc,phases      ] GC(35) Phase 3: Adjust pointers 144.070ms
[5.235s][info][gc,phases,start] GC(35) Phase 4: Move objects
[5.235s][info][gc,phases      ] GC(35) Phase 4: Move objects 0.015ms
[5.235s][info][gc,heap        ] GC(35) DefNew: 245759K(245760K)->245759K(245760K) Eden: 218495K(218496K)->218495K(218496K) From: 27263K(27264K)->27263K(27264K)
[5.235s][info][gc,heap        ] GC(35) Tenured: 546175K(546176K)->546175K(546176K)
[5.235s][info][gc,metaspace   ] GC(35) Metaspace: 6302K(6528K)->6302K(6528K) NonClass: 5769K(5888K)->5769K(5888K) Class: 533K(640K)->533K(640K)
[5.235s][info][gc             ] GC(35) Pause Full (Allocation Failure) 773M->773M(773M) 610.010ms
[5.235s][info][gc,cpu         ] GC(35) User=0.58s Sys=0.00s Real=0.61s
[5.235s][info][gc,start       ] GC(36) Pause Full (Allocation Failure)
[5.235s][info][gc,phases,start] GC(36) Phase 1: Mark live objects
[5.589s][info][gc,phases      ] GC(36) Phase 1: Mark live objects 353.439ms
[5.589s][info][gc,phases,start] GC(36) Phase 2: Compute new object addresses
[5.725s][info][gc,phases      ] GC(36) Phase 2: Compute new object addresses 136.484ms
[5.725s][info][gc,phases,start] GC(36) Phase 3: Adjust pointers
[5.926s][info][gc,phases      ] GC(36) Phase 3: Adjust pointers 200.670ms
[5.926s][info][gc,phases,start] GC(36) Phase 4: Move objects
[6.054s][info][gc,phases      ] GC(36) Phase 4: Move objects 128.316ms
[6.055s][info][gc,heap        ] GC(36) DefNew: 245759K(245760K)->245755K(245760K) Eden: 218495K(218496K)->218495K(218496K) From: 27263K(27264K)->27259K(27264K)
[6.055s][info][gc,heap        ] GC(36) Tenured: 546175K(546176K)->546175K(546176K)
[6.055s][info][gc,metaspace   ] GC(36) Metaspace: 6302K(6528K)->6301K(6528K) NonClass: 5769K(5888K)->5768K(5888K) Class: 533K(640K)->532K(640K)
[6.055s][info][gc             ] GC(36) Pause Full (Allocation Failure) 773M->773M(773M) 819.572ms
[6.055s][info][gc,cpu         ] GC(36) User=0.81s Sys=0.00s Real=0.82s
[6.055s][info][gc,start       ] GC(37) Pause Full (Allocation Failure)
[6.055s][info][gc,phases,start] GC(37) Phase 1: Mark live objects
[6.418s][info][gc,phases      ] GC(37) Phase 1: Mark live objects 362.558ms
[6.418s][info][gc,phases,start] GC(37) Phase 2: Compute new object addresses
[6.534s][info][gc,phases      ] GC(37) Phase 2: Compute new object addresses 116.366ms
[6.534s][info][gc,phases,start] GC(37) Phase 3: Adjust pointers
[6.686s][info][gc,phases      ] GC(37) Phase 3: Adjust pointers 151.790ms
[6.686s][info][gc,phases,start] GC(37) Phase 4: Move objects
[6.686s][info][gc,phases      ] GC(37) Phase 4: Move objects 0.021ms
[6.686s][info][gc,heap        ] GC(37) DefNew: 245759K(245760K)->245759K(245760K) Eden: 218495K(218496K)->218495K(218496K) From: 27263K(27264K)->27263K(27264K)
[6.686s][info][gc,heap        ] GC(37) Tenured: 546175K(546176K)->546175K(546176K)
[6.686s][info][gc,metaspace   ] GC(37) Metaspace: 6301K(6528K)->6301K(6528K) NonClass: 5768K(5888K)->5768K(5888K) Class: 532K(640K)->532K(640K)
[6.686s][info][gc             ] GC(37) Pause Full (Allocation Failure) 773M->773M(773M) 631.219ms
[6.686s][info][gc,cpu         ] GC(37) User=0.58s Sys=0.00s Real=0.63s
[6.686s][info][gc,start       ] GC(38) Pause Full (Allocation Failure)
[6.686s][info][gc,phases,start] GC(38) Phase 1: Mark live objects
[7.073s][info][gc,phases      ] GC(38) Phase 1: Mark live objects 386.622ms
[7.073s][info][gc,phases,start] GC(38) Phase 2: Compute new object addresses
[7.202s][info][gc,phases      ] GC(38) Phase 2: Compute new object addresses 129.302ms
[7.202s][info][gc,phases,start] GC(38) Phase 3: Adjust pointers
[7.362s][info][gc,phases      ] GC(38) Phase 3: Adjust pointers 159.235ms
[7.362s][info][gc,phases,start] GC(38) Phase 4: Move objects
[7.362s][info][gc,phases      ] GC(38) Phase 4: Move objects 0.016ms
[7.362s][info][gc,heap        ] GC(38) DefNew: 245759K(245760K)->245759K(245760K) Eden: 218495K(218496K)->218495K(218496K) From: 27263K(27264K)->27263K(27264K)
[7.362s][info][gc,heap        ] GC(38) Tenured: 546175K(546176K)->546175K(546176K)
[7.362s][info][gc,metaspace   ] GC(38) Metaspace: 6301K(6528K)->6301K(6528K) NonClass: 5768K(5888K)->5768K(5888K) Class: 532K(640K)->532K(640K)
[7.362s][info][gc             ] GC(38) Pause Full (Allocation Failure) 773M->773M(773M) 675.567ms
[7.362s][info][gc,cpu         ] GC(38) User=0.67s Sys=0.00s Real=0.67s
[7.362s][info][gc,start       ] GC(39) Pause Full (Allocation Failure)
[7.362s][info][gc,phases,start] GC(39) Phase 1: Mark live objects
[7.739s][info][gc,phases      ] GC(39) Phase 1: Mark live objects 376.398ms
[7.739s][info][gc,phases,start] GC(39) Phase 2: Compute new object addresses
[7.863s][info][gc,phases      ] GC(39) Phase 2: Compute new object addresses 124.165ms
[7.863s][info][gc,phases,start] GC(39) Phase 3: Adjust pointers
[8.010s][info][gc,phases      ] GC(39) Phase 3: Adjust pointers 147.126ms
[8.010s][info][gc,phases,start] GC(39) Phase 4: Move objects
[8.010s][info][gc,phases      ] GC(39) Phase 4: Move objects 0.017ms
[8.010s][info][gc,heap        ] GC(39) DefNew: 245759K(245760K)->245759K(245760K) Eden: 218496K(218496K)->218496K(218496K) From: 27263K(27264K)->27263K(27264K)
[8.010s][info][gc,heap        ] GC(39) Tenured: 546175K(546176K)->546175K(546176K)
[8.010s][info][gc,metaspace   ] GC(39) Metaspace: 6301K(6528K)->6301K(6528K) NonClass: 5768K(5888K)->5768K(5888K) Class: 532K(640K)->532K(640K)
[8.010s][info][gc             ] GC(39) Pause Full (Allocation Failure) 773M->773M(773M) 648.092ms
[8.010s][info][gc,cpu         ] GC(39) User=0.62s Sys=0.00s Real=0.65s
[8.010s][info][gc,start       ] GC(40) Pause Full (Allocation Failure)
[8.010s][info][gc,phases,start] GC(40) Phase 1: Mark live objects
[8.362s][info][gc,phases      ] GC(40) Phase 1: Mark live objects 351.220ms
[8.362s][info][gc,phases,start] GC(40) Phase 2: Compute new object addresses
[8.474s][info][gc,phases      ] GC(40) Phase 2: Compute new object addresses 112.840ms
[8.474s][info][gc,phases,start] GC(40) Phase 3: Adjust pointers
[8.651s][info][gc,phases      ] GC(40) Phase 3: Adjust pointers 176.939ms
[8.652s][info][gc,phases,start] GC(40) Phase 4: Move objects
[8.777s][info][gc,phases      ] GC(40) Phase 4: Move objects 125.233ms
[8.777s][info][gc,heap        ] GC(40) DefNew: 245759K(245760K)->245758K(245760K) Eden: 218496K(218496K)->218496K(218496K) From: 27263K(27264K)->27262K(27264K)
[8.777s][info][gc,heap        ] GC(40) Tenured: 546175K(546176K)->546175K(546176K)
[8.777s][info][gc,metaspace   ] GC(40) Metaspace: 6301K(6528K)->6301K(6528K) NonClass: 5768K(5888K)->5768K(5888K) Class: 532K(640K)->532K(640K)
[8.777s][info][gc             ] GC(40) Pause Full (Allocation Failure) 773M->773M(773M) 766.839ms
[8.777s][info][gc,cpu         ] GC(40) User=0.73s Sys=0.00s Real=0.77s
[8.778s][info][gc,start       ] GC(41) Pause Full (Allocation Failure)
[8.778s][info][gc,phases,start] GC(41) Phase 1: Mark live objects
[9.138s][info][gc,phases      ] GC(41) Phase 1: Mark live objects 359.439ms
[9.138s][info][gc,phases,start] GC(41) Phase 2: Compute new object addresses
[9.250s][info][gc,phases      ] GC(41) Phase 2: Compute new object addresses 112.555ms
[9.250s][info][gc,phases,start] GC(41) Phase 3: Adjust pointers
[9.394s][info][gc,phases      ] GC(41) Phase 3: Adjust pointers 143.535ms
[9.394s][info][gc,phases,start] GC(41) Phase 4: Move objects
[9.394s][info][gc,phases      ] GC(41) Phase 4: Move objects 0.016ms
[9.394s][info][gc,heap        ] GC(41) DefNew: 245759K(245760K)->245759K(245760K) Eden: 218496K(218496K)->218496K(218496K) From: 27263K(27264K)->27263K(27264K)
[9.394s][info][gc,heap        ] GC(41) Tenured: 546175K(546176K)->546175K(546176K)
[9.394s][info][gc,metaspace   ] GC(41) Metaspace: 6302K(6528K)->6302K(6528K) NonClass: 5768K(5888K)->5768K(5888K) Class: 533K(640K)->533K(640K)
[9.394s][info][gc             ] GC(41) Pause Full (Allocation Failure) 773M->773M(773M) 616.034ms
[9.394s][info][gc,cpu         ] GC(41) User=0.53s Sys=0.00s Real=0.62s
[9.395s][info][gc,heap,exit   ] Heap
[9.395s][info][gc,heap,exit   ]  def new generation   total 245760K, used 245759K [0x00000000ce000000, 0x00000000deaa0000, 0x00000000deaa0000)
[9.395s][info][gc,heap,exit   ]   eden space 218496K, 100% used [0x00000000ce000000, 0x00000000db560000, 0x00000000db560000)
[9.395s][info][gc,heap,exit   ]   from space 27264K,  99% used [0x00000000db560000, 0x00000000dcffffa8, 0x00000000dd000000)
[9.395s][info][gc,heap,exit   ]   to   space 27264K,   0% used [0x00000000dd000000, 0x00000000dd000000, 0x00000000deaa0000)
[9.395s][info][gc,heap,exit   ]  tenured generation   total 546176K, used 546175K [0x00000000deaa0000, 0x0000000100000000, 0x0000000100000000)
[9.395s][info][gc,heap,exit   ]    the space 546176K,  99% used [0x00000000deaa0000, 0x00000000ffffff88, 0x0000000100000000, 0x0000000100000000)
[9.395s][info][gc,heap,exit   ]  Metaspace       used 6305K, committed 6528K, reserved 1114112K
[9.395s][info][gc,heap,exit   ]   class space    used 534K, committed 640K, reserved 1048576K
