[0.013s][info][gc,init] CardTable entry size: 512
[0.014s][info][gc     ] Using Serial
[0.014s][info][gc,init] Version: 18.0.1+10 (release)
[0.014s][info][gc,init] CPUs: 8 total, 8 available
[0.014s][info][gc,init] Memory: 16063M
[0.014s][info][gc,init] Large Page Support: Disabled
[0.014s][info][gc,init] NUMA Support: Disabled
[0.014s][info][gc,init] Compressed Oops: Enabled (32-bit)
[0.014s][info][gc,init] Heap Min Capacity: 2M
[0.014s][info][gc,init] Heap Initial Capacity: 2M
[0.014s][info][gc,init] Heap Max Capacity: 700M
[0.015s][info][gc,init] Pre-touch: Disabled
[0.015s][info][gc,metaspace] CDS archive(s) not mapped
[0.015s][info][gc,metaspace] Compressed class space mapped at: 0x0000000100000000-0x0000000140000000, reserved size: 1073741824
[0.015s][info][gc,metaspace] Narrow klass base: 0x0000000000000000, Narrow klass shift: 3, Narrow klass range: 0x140000000
[0.191s][info][gc,start    ] GC(0) Pause Young (Allocation Failure)
[0.192s][info][gc,heap     ] GC(0) DefNew: 1023K(1152K)->127K(1152K) Eden: 1023K(1024K)->0K(1024K) From: 0K(128K)->127K(128K)
[0.192s][info][gc,heap     ] GC(0) Tenured: 0K(768K)->440K(768K)
[0.192s][info][gc,metaspace] GC(0) Metaspace: 5904K(6016K)->5904K(6016K) NonClass: 5404K(5504K)->5404K(5504K) Class: 499K(512K)->499K(512K)
[0.193s][info][gc          ] GC(0) Pause Young (Allocation Failure) 0M->0M(1M) 1.513ms
[0.193s][info][gc,cpu      ] GC(0) User=0.00s Sys=0.00s Real=0.00s
[0.211s][info][gc,start    ] GC(1) Pause Young (Allocation Failure)
[0.212s][info][gc          ] GC(1) Pause Young (Allocation Failure) 1M->0M(2M) 1.234ms
[0.212s][info][gc,cpu      ] GC(1) User=0.00s Sys=0.00s Real=0.00s
[0.212s][info][gc,start    ] GC(2) Pause Full (Allocation Failure)
[0.212s][info][gc,phases,start] GC(2) Phase 1: Mark live objects
[0.213s][info][gc,phases      ] GC(2) Phase 1: Mark live objects 0.947ms
[0.213s][info][gc,phases,start] GC(2) Phase 2: Compute new object addresses
[0.214s][info][gc,phases      ] GC(2) Phase 2: Compute new object addresses 0.218ms
[0.214s][info][gc,phases,start] GC(2) Phase 3: Adjust pointers
[0.214s][info][gc,phases      ] GC(2) Phase 3: Adjust pointers 0.475ms
[0.214s][info][gc,phases,start] GC(2) Phase 4: Move objects
[0.214s][info][gc,phases      ] GC(2) Phase 4: Move objects 0.070ms
[0.214s][info][gc,heap        ] GC(2) DefNew: 1151K(1152K)->40K(1152K) Eden: 1024K(1024K)->40K(1024K) From: 127K(128K)->0K(128K)
[0.214s][info][gc,heap        ] GC(2) Tenured: 440K(768K)->959K(1600K)
[0.214s][info][gc,metaspace   ] GC(2) Metaspace: 6300K(6464K)->6300K(6464K) NonClass: 5766K(5824K)->5766K(5824K) Class: 533K(640K)->533K(640K)
[0.214s][info][gc             ] GC(2) Pause Full (Allocation Failure) 0M->0M(2M) 1.983ms
[0.214s][info][gc,cpu         ] GC(2) User=0.00s Sys=0.00s Real=0.00s
[0.216s][info][gc,start       ] GC(3) Pause Young (Allocation Failure)
[0.217s][info][gc,heap        ] GC(3) DefNew: 1024K(1152K)->128K(1152K) Eden: 1024K(1024K)->0K(1024K) From: 0K(128K)->128K(128K)
[0.217s][info][gc,heap        ] GC(3) Tenured: 959K(1600K)->1374K(1600K)
[0.217s][info][gc,metaspace   ] GC(3) Metaspace: 6300K(6464K)->6300K(6464K) NonClass: 5766K(5824K)->5766K(5824K) Class: 533K(640K)->533K(640K)
[0.217s][info][gc             ] GC(3) Pause Young (Allocation Failure) 1M->1M(2M) 1.420ms
[0.217s][info][gc,cpu         ] GC(3) User=0.00s Sys=0.00s Real=0.00s
[0.219s][info][gc,start       ] GC(4) Pause Young (Allocation Failure)
[0.220s][info][gc             ] GC(4) Pause Young (Allocation Failure) 2M->1M(3M) 1.375ms
[0.220s][info][gc,cpu         ] GC(4) User=0.00s Sys=0.00s Real=0.00s
[0.220s][info][gc,start       ] GC(5) Pause Full (Allocation Failure)
[0.220s][info][gc,phases,start] GC(5) Phase 1: Mark live objects
[0.221s][info][gc,phases      ] GC(5) Phase 1: Mark live objects 1.432ms
[0.221s][info][gc,phases,start] GC(5) Phase 2: Compute new object addresses
[0.222s][info][gc,phases      ] GC(5) Phase 2: Compute new object addresses 0.373ms
[0.222s][info][gc,phases,start] GC(5) Phase 3: Adjust pointers
[0.223s][info][gc,phases      ] GC(5) Phase 3: Adjust pointers 0.657ms
[0.223s][info][gc,phases,start] GC(5) Phase 4: Move objects
[0.223s][info][gc,phases      ] GC(5) Phase 4: Move objects 0.071ms
[0.223s][info][gc,heap        ] GC(5) DefNew: 1152K(1152K)->34K(1536K) Eden: 1024K(1024K)->34K(1408K) From: 128K(128K)->0K(128K)
[0.223s][info][gc,heap        ] GC(5) Tenured: 1374K(1600K)->1983K(3308K)
[0.223s][info][gc,metaspace   ] GC(5) Metaspace: 6300K(6464K)->6300K(6464K) NonClass: 5766K(5824K)->5766K(5824K) Class: 533K(640K)->533K(640K)
[0.223s][info][gc             ] GC(5) Pause Full (Allocation Failure) 1M->1M(4M) 2.862ms
[0.223s][info][gc,cpu         ] GC(5) User=0.00s Sys=0.00s Real=0.00s
[0.224s][info][gc,start       ] GC(6) Pause Young (Allocation Failure)
[0.226s][info][gc,heap        ] GC(6) DefNew: 1408K(1536K)->127K(1536K) Eden: 1408K(1408K)->0K(1408K) From: 0K(128K)->127K(128K)
[0.226s][info][gc,heap        ] GC(6) Tenured: 1983K(3308K)->2617K(3308K)
[0.226s][info][gc,metaspace   ] GC(6) Metaspace: 6300K(6464K)->6300K(6464K) NonClass: 5766K(5824K)->5766K(5824K) Class: 533K(640K)->533K(640K)
[0.226s][info][gc             ] GC(6) Pause Young (Allocation Failure) 3M->2M(4M) 1.806ms
[0.226s][info][gc,cpu         ] GC(6) User=0.00s Sys=0.00s Real=0.00s
[0.228s][info][gc,start       ] GC(7) Pause Young (Allocation Failure)
[0.229s][info][gc             ] GC(7) Pause Young (Allocation Failure) 4M->3M(4M) 1.748ms
[0.230s][info][gc,cpu         ] GC(7) User=0.00s Sys=0.00s Real=0.00s
[0.230s][info][gc,start       ] GC(8) Pause Full (Allocation Failure)
[0.230s][info][gc,phases,start] GC(8) Phase 1: Mark live objects
[0.232s][info][gc,phases      ] GC(8) Phase 1: Mark live objects 2.263ms
[0.232s][info][gc,phases,start] GC(8) Phase 2: Compute new object addresses
[0.233s][info][gc,phases      ] GC(8) Phase 2: Compute new object addresses 0.657ms
[0.233s][info][gc,phases,start] GC(8) Phase 3: Adjust pointers
[0.234s][info][gc,phases      ] GC(8) Phase 3: Adjust pointers 1.075ms
[0.234s][info][gc,phases,start] GC(8) Phase 4: Move objects
[0.234s][info][gc,phases      ] GC(8) Phase 4: Move objects 0.076ms
[0.234s][info][gc,heap        ] GC(8) DefNew: 1535K(1536K)->0K(2688K) Eden: 1408K(1408K)->0K(2432K) From: 127K(128K)->0K(256K)
[0.234s][info][gc,heap        ] GC(8) Tenured: 2617K(3308K)->3459K(5768K)
[0.234s][info][gc,metaspace   ] GC(8) Metaspace: 6300K(6464K)->6300K(6464K) NonClass: 5766K(5824K)->5766K(5824K) Class: 533K(640K)->533K(640K)
[0.234s][info][gc             ] GC(8) Pause Full (Allocation Failure) 3M->3M(8M) 4.430ms
[0.234s][info][gc,cpu         ] GC(8) User=0.00s Sys=0.00s Real=0.01s
[0.238s][info][gc,start       ] GC(9) Pause Young (Allocation Failure)
[0.240s][info][gc,heap        ] GC(9) DefNew: 2432K(2688K)->256K(2688K) Eden: 2432K(2432K)->0K(2432K) From: 0K(256K)->256K(256K)
[0.240s][info][gc,heap        ] GC(9) Tenured: 3459K(5768K)->4512K(5768K)
[0.240s][info][gc,metaspace   ] GC(9) Metaspace: 6300K(6464K)->6300K(6464K) NonClass: 5766K(5824K)->5766K(5824K) Class: 533K(640K)->533K(640K)
[0.240s][info][gc             ] GC(9) Pause Young (Allocation Failure) 5M->4M(8M) 2.601ms
[0.240s][info][gc,cpu         ] GC(9) User=0.00s Sys=0.00s Real=0.00s
[0.243s][info][gc,start       ] GC(10) Pause Young (Allocation Failure)
[0.246s][info][gc,heap        ] GC(10) DefNew: 2688K(2688K)->255K(2688K) Eden: 2432K(2432K)->0K(2432K) From: 256K(256K)->255K(256K)
[0.246s][info][gc,heap        ] GC(10) Tenured: 4512K(5768K)->5755K(5768K)
[0.246s][info][gc,metaspace   ] GC(10) Metaspace: 6300K(6464K)->6300K(6464K) NonClass: 5766K(5824K)->5766K(5824K) Class: 533K(640K)->533K(640K)
[0.246s][info][gc             ] GC(10) Pause Young (Allocation Failure) 7M->5M(8M) 3.050ms
[0.246s][info][gc,cpu         ] GC(10) User=0.00s Sys=0.00s Real=0.00s
[0.248s][info][gc,start       ] GC(11) Pause Young (Allocation Failure)
[0.251s][info][gc             ] GC(11) Pause Young (Allocation Failure) 8M->7M(9M) 2.872ms
[0.251s][info][gc,cpu         ] GC(11) User=0.00s Sys=0.00s Real=0.00s
[0.251s][info][gc,start       ] GC(12) Pause Full (Allocation Failure)
[0.252s][info][gc,phases,start] GC(12) Phase 1: Mark live objects
[0.256s][info][gc,phases      ] GC(12) Phase 1: Mark live objects 4.128ms
[0.256s][info][gc,phases,start] GC(12) Phase 2: Compute new object addresses
[0.257s][info][gc,phases      ] GC(12) Phase 2: Compute new object addresses 1.098ms
[0.257s][info][gc,phases,start] GC(12) Phase 3: Adjust pointers
[0.258s][info][gc,phases      ] GC(12) Phase 3: Adjust pointers 1.623ms
[0.259s][info][gc,phases,start] GC(12) Phase 4: Move objects
[0.260s][info][gc,phases      ] GC(12) Phase 4: Move objects 1.238ms
[0.260s][info][gc,heap        ] GC(12) DefNew: 2687K(2688K)->0K(5376K) Eden: 2432K(2432K)->0K(4800K) From: 255K(256K)->0K(576K)
[0.260s][info][gc,heap        ] GC(12) Tenured: 5755K(5768K)->7132K(11888K)
[0.260s][info][gc,metaspace   ] GC(12) Metaspace: 6300K(6464K)->6300K(6464K) NonClass: 5766K(5824K)->5766K(5824K) Class: 533K(640K)->533K(640K)
[0.260s][info][gc             ] GC(12) Pause Full (Allocation Failure) 7M->6M(16M) 8.707ms
[0.260s][info][gc,cpu         ] GC(12) User=0.00s Sys=0.00s Real=0.01s
[0.266s][info][gc,start       ] GC(13) Pause Young (Allocation Failure)
[0.272s][info][gc,heap        ] GC(13) DefNew: 4800K(5376K)->576K(5376K) Eden: 4800K(4800K)->0K(4800K) From: 0K(576K)->576K(576K)
[0.272s][info][gc,heap        ] GC(13) Tenured: 7132K(11888K)->9027K(11888K)
[0.272s][info][gc,metaspace   ] GC(13) Metaspace: 6300K(6464K)->6300K(6464K) NonClass: 5766K(5824K)->5766K(5824K) Class: 533K(640K)->533K(640K)
[0.272s][info][gc             ] GC(13) Pause Young (Allocation Failure) 11M->9M(16M) 5.642ms
[0.272s][info][gc,cpu         ] GC(13) User=0.00s Sys=0.00s Real=0.01s
[0.278s][info][gc,start       ] GC(14) Pause Young (Allocation Failure)
[0.284s][info][gc,heap        ] GC(14) DefNew: 5376K(5376K)->576K(5376K) Eden: 4800K(4800K)->0K(4800K) From: 576K(576K)->576K(576K)
[0.284s][info][gc,heap        ] GC(14) Tenured: 9027K(11888K)->11746K(11888K)
[0.284s][info][gc,metaspace   ] GC(14) Metaspace: 6300K(6464K)->6300K(6464K) NonClass: 5766K(5824K)->5766K(5824K) Class: 533K(640K)->533K(640K)
[0.284s][info][gc             ] GC(14) Pause Young (Allocation Failure) 14M->12M(16M) 6.889ms
[0.284s][info][gc,cpu         ] GC(14) User=0.00s Sys=0.00s Real=0.01s
[0.288s][info][gc,start       ] GC(15) Pause Young (Allocation Failure)
[0.295s][info][gc             ] GC(15) Pause Young (Allocation Failure) 16M->14M(19M) 6.913ms
[0.295s][info][gc,cpu         ] GC(15) User=0.00s Sys=0.00s Real=0.01s
[0.295s][info][gc,start       ] GC(16) Pause Full (Allocation Failure)
[0.295s][info][gc,phases,start] GC(16) Phase 1: Mark live objects
[0.303s][info][gc,phases      ] GC(16) Phase 1: Mark live objects 7.248ms
[0.303s][info][gc,phases,start] GC(16) Phase 2: Compute new object addresses
[0.305s][info][gc,phases      ] GC(16) Phase 2: Compute new object addresses 2.269ms
[0.305s][info][gc,phases,start] GC(16) Phase 3: Adjust pointers
[0.309s][info][gc,phases      ] GC(16) Phase 3: Adjust pointers 3.627ms
[0.309s][info][gc,phases,start] GC(16) Phase 4: Move objects
[0.309s][info][gc,phases      ] GC(16) Phase 4: Move objects 0.240ms
[0.309s][info][gc,heap        ] GC(16) DefNew: 5376K(5376K)->386K(10880K) Eden: 4800K(4800K)->386K(9728K) From: 576K(576K)->0K(1152K)
[0.309s][info][gc,heap        ] GC(16) Tenured: 11746K(11888K)->14384K(23976K)
[0.309s][info][gc,metaspace   ] GC(16) Metaspace: 6302K(6464K)->6302K(6464K) NonClass: 5768K(5824K)->5768K(5824K) Class: 533K(640K)->533K(640K)
[0.309s][info][gc             ] GC(16) Pause Full (Allocation Failure) 14M->14M(34M) 13.812ms
[0.309s][info][gc,cpu         ] GC(16) User=0.02s Sys=0.00s Real=0.01s
[0.318s][info][gc,start       ] GC(17) Pause Young (Allocation Failure)
[0.331s][info][gc,heap        ] GC(17) DefNew: 9728K(10880K)->1152K(10880K) Eden: 9728K(9728K)->0K(9728K) From: 0K(1152K)->1152K(1152K)
[0.331s][info][gc,heap        ] GC(17) Tenured: 14384K(23976K)->18415K(23976K)
[0.331s][info][gc,metaspace   ] GC(17) Metaspace: 6302K(6464K)->6302K(6464K) NonClass: 5768K(5824K)->5768K(5824K) Class: 533K(640K)->533K(640K)
[0.331s][info][gc             ] GC(17) Pause Young (Allocation Failure) 23M->19M(34M) 13.065ms
[0.331s][info][gc,cpu         ] GC(17) User=0.00s Sys=0.00s Real=0.01s
[0.339s][info][gc,start       ] GC(18) Pause Young (Allocation Failure)
[0.352s][info][gc,heap        ] GC(18) DefNew: 10880K(10880K)->1151K(10880K) Eden: 9728K(9728K)->0K(9728K) From: 1152K(1152K)->1151K(1152K)
[0.352s][info][gc,heap        ] GC(18) Tenured: 18415K(23976K)->23936K(23976K)
[0.352s][info][gc,metaspace   ] GC(18) Metaspace: 6302K(6464K)->6302K(6464K) NonClass: 5768K(5824K)->5768K(5824K) Class: 533K(640K)->533K(640K)
[0.352s][info][gc             ] GC(18) Pause Young (Allocation Failure) 28M->24M(34M) 12.785ms
[0.352s][info][gc,cpu         ] GC(18) User=0.02s Sys=0.00s Real=0.01s
[0.359s][info][gc,start       ] GC(19) Pause Young (Allocation Failure)
[0.370s][info][gc             ] GC(19) Pause Young (Allocation Failure) 34M->29M(38M) 11.223ms
[0.370s][info][gc,cpu         ] GC(19) User=0.00s Sys=0.02s Real=0.01s
[0.370s][info][gc,start       ] GC(20) Pause Full (Allocation Failure)
[0.371s][info][gc,phases,start] GC(20) Phase 1: Mark live objects
[0.385s][info][gc,phases      ] GC(20) Phase 1: Mark live objects 14.343ms
[0.385s][info][gc,phases,start] GC(20) Phase 2: Compute new object addresses
[0.390s][info][gc,phases      ] GC(20) Phase 2: Compute new object addresses 5.344ms
[0.390s][info][gc,phases,start] GC(20) Phase 3: Adjust pointers
[0.396s][info][gc,phases      ] GC(20) Phase 3: Adjust pointers 5.243ms
[0.396s][info][gc,phases,start] GC(20) Phase 4: Move objects
[0.396s][info][gc,phases      ] GC(20) Phase 4: Move objects 0.174ms
[0.396s][info][gc,heap        ] GC(20) DefNew: 10879K(10880K)->1080K(21888K) Eden: 9728K(9728K)->1080K(19520K) From: 1151K(1152K)->0K(2368K)
[0.396s][info][gc,heap        ] GC(20) Tenured: 23936K(23976K)->29035K(48396K)
[0.396s][info][gc,metaspace   ] GC(20) Metaspace: 6302K(6464K)->6302K(6464K) NonClass: 5768K(5824K)->5768K(5824K) Class: 533K(640K)->533K(640K)
[0.396s][info][gc             ] GC(20) Pause Full (Allocation Failure) 29M->29M(68M) 25.534ms
[0.396s][info][gc,cpu         ] GC(20) User=0.02s Sys=0.00s Real=0.02s
[0.413s][info][gc,start       ] GC(21) Pause Young (Allocation Failure)
[0.444s][info][gc,heap        ] GC(21) DefNew: 19520K(21888K)->2367K(21888K) Eden: 19520K(19520K)->0K(19520K) From: 0K(2368K)->2367K(2368K)
[0.444s][info][gc,heap        ] GC(21) Tenured: 29035K(48396K)->41016K(48396K)
[0.444s][info][gc,metaspace   ] GC(21) Metaspace: 6302K(6464K)->6302K(6464K) NonClass: 5768K(5824K)->5768K(5824K) Class: 533K(640K)->533K(640K)
[0.444s][info][gc             ] GC(21) Pause Young (Allocation Failure) 47M->42M(68M) 30.952ms
[0.444s][info][gc,cpu         ] GC(21) User=0.02s Sys=0.00s Real=0.03s
[0.462s][info][gc,start       ] GC(22) Pause Young (Allocation Failure)
[0.496s][info][gc             ] GC(22) Pause Young (Allocation Failure) 61M->61M(80M) 34.667ms
[0.497s][info][gc,cpu         ] GC(22) User=0.02s Sys=0.02s Real=0.03s
[0.497s][info][gc,start       ] GC(23) Pause Full (Allocation Failure)
[0.497s][info][gc,phases,start] GC(23) Phase 1: Mark live objects
[0.521s][info][gc,phases      ] GC(23) Phase 1: Mark live objects 24.744ms
[0.521s][info][gc,phases,start] GC(23) Phase 2: Compute new object addresses
[0.531s][info][gc,phases      ] GC(23) Phase 2: Compute new object addresses 9.391ms
[0.531s][info][gc,phases,start] GC(23) Phase 3: Adjust pointers
[0.541s][info][gc,phases      ] GC(23) Phase 3: Adjust pointers 10.648ms
[0.542s][info][gc,phases,start] GC(23) Phase 4: Move objects
[0.542s][info][gc,phases      ] GC(23) Phase 4: Move objects 0.391ms
[0.542s][info][gc,heap        ] GC(23) DefNew: 21887K(21888K)->2189K(45568K) Eden: 19520K(19520K)->2189K(40512K) From: 2367K(2368K)->0K(5056K)
[0.542s][info][gc,heap        ] GC(23) Tenured: 41016K(48396K)->60683K(101140K)
[0.542s][info][gc,metaspace   ] GC(23) Metaspace: 6302K(6464K)->6302K(6464K) NonClass: 5768K(5824K)->5768K(5824K) Class: 533K(640K)->533K(640K)
[0.542s][info][gc             ] GC(23) Pause Full (Allocation Failure) 61M->61M(143M) 45.810ms
[0.542s][info][gc,cpu         ] GC(23) User=0.05s Sys=0.00s Real=0.05s
[0.583s][info][gc,start       ] GC(24) Pause Young (Allocation Failure)
[0.644s][info][gc,heap        ] GC(24) DefNew: 40512K(45568K)->5055K(45568K) Eden: 40512K(40512K)->0K(40512K) From: 0K(5056K)->5055K(5056K)
[0.644s][info][gc,heap        ] GC(24) Tenured: 60683K(101140K)->96114K(101140K)
[0.644s][info][gc,metaspace   ] GC(24) Metaspace: 6302K(6464K)->6302K(6464K) NonClass: 5768K(5824K)->5768K(5824K) Class: 533K(640K)->533K(640K)
[0.644s][info][gc             ] GC(24) Pause Young (Allocation Failure) 98M->98M(143M) 61.669ms
[0.644s][info][gc,cpu         ] GC(24) User=0.05s Sys=0.00s Real=0.06s
[0.677s][info][gc,start       ] GC(25) Pause Young (Allocation Failure)
[0.750s][info][gc             ] GC(25) Pause Young (Allocation Failure) 138M->138M(178M) 72.228ms
[0.750s][info][gc,cpu         ] GC(25) User=0.05s Sys=0.00s Real=0.07s
[0.750s][info][gc,start       ] GC(26) Pause Full (Allocation Failure)
[0.750s][info][gc,phases,start] GC(26) Phase 1: Mark live objects
[0.807s][info][gc,phases      ] GC(26) Phase 1: Mark live objects 57.780ms
[0.808s][info][gc,phases,start] GC(26) Phase 2: Compute new object addresses
[0.830s][info][gc,phases      ] GC(26) Phase 2: Compute new object addresses 22.419ms
[0.830s][info][gc,phases,start] GC(26) Phase 3: Adjust pointers
[0.858s][info][gc,phases      ] GC(26) Phase 3: Adjust pointers 27.917ms
[0.858s][info][gc,phases,start] GC(26) Phase 4: Move objects
[0.885s][info][gc,phases      ] GC(26) Phase 4: Move objects 27.098ms
[0.886s][info][gc,heap        ] GC(26) DefNew: 45567K(45568K)->1083K(102592K) Eden: 40512K(40512K)->1083K(91200K) From: 5055K(5056K)->0K(11392K)
[0.886s][info][gc,heap        ] GC(26) Tenured: 96114K(101140K)->136728K(227880K)
[0.886s][info][gc,metaspace   ] GC(26) Metaspace: 6302K(6464K)->6302K(6464K) NonClass: 5768K(5824K)->5768K(5824K) Class: 533K(640K)->533K(640K)
[0.886s][info][gc             ] GC(26) Pause Full (Allocation Failure) 138M->134M(322M) 136.094ms
[0.886s][info][gc,cpu         ] GC(26) User=0.14s Sys=0.00s Real=0.14s
[0.979s][info][gc,start       ] GC(27) Pause Young (Allocation Failure)
[1.131s][info][gc,heap        ] GC(27) DefNew: 91200K(102592K)->11391K(102592K) Eden: 91200K(91200K)->0K(91200K) From: 0K(11392K)->11391K(11392K)
[1.131s][info][gc,heap        ] GC(27) Tenured: 136728K(227880K)->216508K(227880K)
[1.131s][info][gc,metaspace   ] GC(27) Metaspace: 6302K(6464K)->6302K(6464K) NonClass: 5768K(5824K)->5768K(5824K) Class: 533K(640K)->533K(640K)
[1.131s][info][gc             ] GC(27) Pause Young (Allocation Failure) 222M->222M(322M) 152.206ms
[1.131s][info][gc,cpu         ] GC(27) User=0.12s Sys=0.00s Real=0.15s
[1.213s][info][gc,start       ] GC(28) Pause Young (Allocation Failure)
[1.393s][info][gc             ] GC(28) Pause Young (Allocation Failure) 311M->311M(400M) 180.137ms
[1.393s][info][gc,cpu         ] GC(28) User=0.14s Sys=0.03s Real=0.18s
[1.393s][info][gc,start       ] GC(29) Pause Full (Allocation Failure)
[1.393s][info][gc,phases,start] GC(29) Phase 1: Mark live objects
[1.539s][info][gc,phases      ] GC(29) Phase 1: Mark live objects 145.183ms
[1.539s][info][gc,phases,start] GC(29) Phase 2: Compute new object addresses
[1.603s][info][gc,phases      ] GC(29) Phase 2: Compute new object addresses 64.301ms
[1.603s][info][gc,phases,start] GC(29) Phase 3: Adjust pointers
[1.660s][info][gc,phases      ] GC(29) Phase 3: Adjust pointers 57.225ms
[1.660s][info][gc,phases,start] GC(29) Phase 4: Move objects
[1.663s][info][gc,phases      ] GC(29) Phase 4: Move objects 2.628ms
[1.664s][info][gc,heap        ] GC(29) DefNew: 102591K(102592K)->11380K(215040K) Eden: 91200K(91200K)->11380K(191168K) From: 11391K(11392K)->0K(23872K)
[1.664s][info][gc,heap        ] GC(29) Tenured: 216508K(227880K)->307692K(477888K)
[1.664s][info][gc,metaspace   ] GC(29) Metaspace: 6302K(6464K)->6302K(6464K) NonClass: 5768K(5824K)->5768K(5824K) Class: 533K(640K)->533K(640K)
[1.664s][info][gc             ] GC(29) Pause Full (Allocation Failure) 311M->311M(676M) 270.601ms
[1.664s][info][gc,cpu         ] GC(29) User=0.17s Sys=0.00s Real=0.27s
[1.873s][info][gc,start       ] GC(30) Pause Young (Allocation Failure)
[2.199s][info][gc,heap        ] GC(30) DefNew: 191168K(215040K)->23871K(215040K) Eden: 191168K(191168K)->0K(191168K) From: 0K(23872K)->23871K(23872K)
[2.199s][info][gc,heap        ] GC(30) Tenured: 307692K(477888K)->474960K(477888K)
[2.199s][info][gc,metaspace   ] GC(30) Metaspace: 6302K(6464K)->6302K(6464K) NonClass: 5768K(5824K)->5768K(5824K) Class: 533K(640K)->533K(640K)
[2.199s][info][gc             ] GC(30) Pause Young (Allocation Failure) 487M->487M(676M) 325.618ms
[2.199s][info][gc,cpu         ] GC(30) User=0.31s Sys=0.02s Real=0.33s
[2.377s][info][gc,start       ] GC(31) Pause Young (Allocation Failure)
[2.377s][info][gc             ] GC(31) Pause Young (Allocation Failure) 673M->673M(676M) 0.096ms
[2.377s][info][gc,cpu         ] GC(31) User=0.00s Sys=0.00s Real=0.00s
[2.377s][info][gc,start       ] GC(32) Pause Full (Allocation Failure)
[2.377s][info][gc,phases,start] GC(32) Phase 1: Mark live objects
[2.683s][info][gc,phases      ] GC(32) Phase 1: Mark live objects 305.964ms
[2.683s][info][gc,phases,start] GC(32) Phase 2: Compute new object addresses
[2.789s][info][gc,phases      ] GC(32) Phase 2: Compute new object addresses 106.187ms
[2.789s][info][gc,phases,start] GC(32) Phase 3: Adjust pointers
[2.946s][info][gc,phases      ] GC(32) Phase 3: Adjust pointers 156.704ms
[2.946s][info][gc,phases,start] GC(32) Phase 4: Move objects
[2.989s][info][gc,phases      ] GC(32) Phase 4: Move objects 42.683ms
[2.989s][info][gc,heap        ] GC(32) DefNew: 215039K(215040K)->212079K(215040K) Eden: 191168K(191168K)->188209K(191168K) From: 23871K(23872K)->23869K(23872K)
[2.989s][info][gc,heap        ] GC(32) Tenured: 474960K(477888K)->477887K(477888K)
[2.989s][info][gc,metaspace   ] GC(32) Metaspace: 6302K(6464K)->6302K(6464K) NonClass: 5768K(5824K)->5768K(5824K) Class: 533K(640K)->533K(640K)
[2.989s][info][gc             ] GC(32) Pause Full (Allocation Failure) 673M->673M(676M) 612.188ms
[2.989s][info][gc,cpu         ] GC(32) User=0.58s Sys=0.02s Real=0.61s
[2.992s][info][gc,start       ] GC(33) Pause Full (Allocation Failure)
[2.992s][info][gc,phases,start] GC(33) Phase 1: Mark live objects
[3.316s][info][gc,phases      ] GC(33) Phase 1: Mark live objects 323.564ms
[3.316s][info][gc,phases,start] GC(33) Phase 2: Compute new object addresses
[3.438s][info][gc,phases      ] GC(33) Phase 2: Compute new object addresses 122.287ms
[3.438s][info][gc,phases,start] GC(33) Phase 3: Adjust pointers
[3.588s][info][gc,phases      ] GC(33) Phase 3: Adjust pointers 149.933ms
[3.588s][info][gc,phases,start] GC(33) Phase 4: Move objects
[3.588s][info][gc,phases      ] GC(33) Phase 4: Move objects 0.017ms
[3.588s][info][gc,heap        ] GC(33) DefNew: 215039K(215040K)->215039K(215040K) Eden: 191168K(191168K)->191167K(191168K) From: 23871K(23872K)->23871K(23872K)
[3.588s][info][gc,heap        ] GC(33) Tenured: 477887K(477888K)->477887K(477888K)
[3.588s][info][gc,metaspace   ] GC(33) Metaspace: 6302K(6464K)->6302K(6464K) NonClass: 5768K(5824K)->5768K(5824K) Class: 533K(640K)->533K(640K)
[3.588s][info][gc             ] GC(33) Pause Full (Allocation Failure) 676M->676M(676M) 596.262ms
[3.588s][info][gc,cpu         ] GC(33) User=0.58s Sys=0.00s Real=0.60s
[3.588s][info][gc,start       ] GC(34) Pause Full (Allocation Failure)
[3.588s][info][gc,phases,start] GC(34) Phase 1: Mark live objects
[3.923s][info][gc,phases      ] GC(34) Phase 1: Mark live objects 334.649ms
[3.923s][info][gc,phases,start] GC(34) Phase 2: Compute new object addresses
[4.024s][info][gc,phases      ] GC(34) Phase 2: Compute new object addresses 101.264ms
[4.024s][info][gc,phases,start] GC(34) Phase 3: Adjust pointers
[4.174s][info][gc,phases      ] GC(34) Phase 3: Adjust pointers 149.728ms
[4.174s][info][gc,phases,start] GC(34) Phase 4: Move objects
[4.275s][info][gc,phases      ] GC(34) Phase 4: Move objects 100.437ms
[4.275s][info][gc,heap        ] GC(34) DefNew: 215039K(215040K)->202751K(215040K) Eden: 191167K(191168K)->178879K(191168K) From: 23871K(23872K)->23871K(23872K)
[4.275s][info][gc,heap        ] GC(34) Tenured: 477887K(477888K)->477887K(477888K)
[4.275s][info][gc,metaspace   ] GC(34) Metaspace: 6302K(6464K)->6302K(6464K) NonClass: 5768K(5824K)->5768K(5824K) Class: 533K(640K)->533K(640K)
[4.275s][info][gc             ] GC(34) Pause Full (Allocation Failure) 676M->664M(676M) 686.638ms
[4.275s][info][gc,cpu         ] GC(34) User=0.66s Sys=0.00s Real=0.69s
[4.289s][info][gc,start       ] GC(35) Pause Full (Allocation Failure)
[4.289s][info][gc,phases,start] GC(35) Phase 1: Mark live objects
[4.607s][info][gc,phases      ] GC(35) Phase 1: Mark live objects 318.246ms
[4.607s][info][gc,phases,start] GC(35) Phase 2: Compute new object addresses
[4.709s][info][gc,phases      ] GC(35) Phase 2: Compute new object addresses 101.394ms
[4.709s][info][gc,phases,start] GC(35) Phase 3: Adjust pointers
[4.837s][info][gc,phases      ] GC(35) Phase 3: Adjust pointers 128.717ms
[4.838s][info][gc,phases,start] GC(35) Phase 4: Move objects
[4.839s][info][gc,phases      ] GC(35) Phase 4: Move objects 1.272ms
[4.839s][info][gc,heap        ] GC(35) DefNew: 215039K(215040K)->215036K(215040K) Eden: 191168K(191168K)->191165K(191168K) From: 23871K(23872K)->23871K(23872K)
[4.839s][info][gc,heap        ] GC(35) Tenured: 477887K(477888K)->477887K(477888K)
[4.839s][info][gc,metaspace   ] GC(35) Metaspace: 6302K(6464K)->6302K(6464K) NonClass: 5768K(5824K)->5768K(5824K) Class: 533K(640K)->533K(640K)
[4.839s][info][gc             ] GC(35) Pause Full (Allocation Failure) 676M->676M(676M) 550.259ms
[4.839s][info][gc,cpu         ] GC(35) User=0.52s Sys=0.02s Real=0.55s
[4.839s][info][gc,start       ] GC(36) Pause Full (Allocation Failure)
[4.840s][info][gc,phases,start] GC(36) Phase 1: Mark live objects
[5.155s][info][gc,phases      ] GC(36) Phase 1: Mark live objects 315.532ms
[5.155s][info][gc,phases,start] GC(36) Phase 2: Compute new object addresses
[5.257s][info][gc,phases      ] GC(36) Phase 2: Compute new object addresses 101.610ms
[5.257s][info][gc,phases,start] GC(36) Phase 3: Adjust pointers
[5.385s][info][gc,phases      ] GC(36) Phase 3: Adjust pointers 128.555ms
[5.385s][info][gc,phases,start] GC(36) Phase 4: Move objects
[5.385s][info][gc,phases      ] GC(36) Phase 4: Move objects 0.015ms
[5.386s][info][gc,heap        ] GC(36) DefNew: 215039K(215040K)->215039K(215040K) Eden: 191168K(191168K)->191167K(191168K) From: 23871K(23872K)->23871K(23872K)
[5.386s][info][gc,heap        ] GC(36) Tenured: 477887K(477888K)->477887K(477888K)
[5.386s][info][gc,metaspace   ] GC(36) Metaspace: 6302K(6464K)->6302K(6464K) NonClass: 5768K(5824K)->5768K(5824K) Class: 533K(640K)->533K(640K)
[5.386s][info][gc             ] GC(36) Pause Full (Allocation Failure) 676M->676M(676M) 546.165ms
[5.386s][info][gc,cpu         ] GC(36) User=0.52s Sys=0.00s Real=0.55s
[5.386s][info][gc,start       ] GC(37) Pause Full (Allocation Failure)
[5.386s][info][gc,phases,start] GC(37) Phase 1: Mark live objects
[5.700s][info][gc,phases      ] GC(37) Phase 1: Mark live objects 314.117ms
[5.700s][info][gc,phases,start] GC(37) Phase 2: Compute new object addresses
[5.804s][info][gc,phases      ] GC(37) Phase 2: Compute new object addresses 103.669ms
[5.804s][info][gc,phases,start] GC(37) Phase 3: Adjust pointers
[5.931s][info][gc,phases      ] GC(37) Phase 3: Adjust pointers 126.963ms
[5.931s][info][gc,phases,start] GC(37) Phase 4: Move objects
[5.931s][info][gc,phases      ] GC(37) Phase 4: Move objects 0.015ms
[5.931s][info][gc,heap        ] GC(37) DefNew: 215039K(215040K)->215039K(215040K) Eden: 191167K(191168K)->191167K(191168K) From: 23871K(23872K)->23871K(23872K)
[5.931s][info][gc,heap        ] GC(37) Tenured: 477887K(477888K)->477887K(477888K)
[5.931s][info][gc,metaspace   ] GC(37) Metaspace: 6302K(6464K)->6302K(6464K) NonClass: 5768K(5824K)->5768K(5824K) Class: 533K(640K)->533K(640K)
[5.931s][info][gc             ] GC(37) Pause Full (Allocation Failure) 676M->676M(676M) 545.219ms
[5.931s][info][gc,cpu         ] GC(37) User=0.53s Sys=0.00s Real=0.55s
[5.931s][info][gc,start       ] GC(38) Pause Full (Allocation Failure)
[5.931s][info][gc,phases,start] GC(38) Phase 1: Mark live objects
[6.249s][info][gc,phases      ] GC(38) Phase 1: Mark live objects 317.890ms
[6.249s][info][gc,phases,start] GC(38) Phase 2: Compute new object addresses
[6.352s][info][gc,phases      ] GC(38) Phase 2: Compute new object addresses 102.696ms
[6.352s][info][gc,phases,start] GC(38) Phase 3: Adjust pointers
[6.508s][info][gc,phases      ] GC(38) Phase 3: Adjust pointers 156.184ms
[6.508s][info][gc,phases,start] GC(38) Phase 4: Move objects
[6.615s][info][gc,phases      ] GC(38) Phase 4: Move objects 106.853ms
[6.615s][info][gc,heap        ] GC(38) DefNew: 215039K(215040K)->215035K(215040K) Eden: 191167K(191168K)->191163K(191168K) From: 23871K(23872K)->23871K(23872K)
[6.615s][info][gc,heap        ] GC(38) Tenured: 477887K(477888K)->477887K(477888K)
[6.615s][info][gc,metaspace   ] GC(38) Metaspace: 6302K(6464K)->6300K(6464K) NonClass: 5768K(5824K)->5767K(5824K) Class: 533K(640K)->532K(640K)
[6.615s][info][gc             ] GC(38) Pause Full (Allocation Failure) 676M->676M(676M) 684.210ms
[6.615s][info][gc,cpu         ] GC(38) User=0.67s Sys=0.00s Real=0.68s
[6.616s][info][gc,start       ] GC(39) Pause Full (Allocation Failure)
[6.616s][info][gc,phases,start] GC(39) Phase 1: Mark live objects
[6.933s][info][gc,phases      ] GC(39) Phase 1: Mark live objects 317.076ms
[6.933s][info][gc,phases,start] GC(39) Phase 2: Compute new object addresses
[7.035s][info][gc,phases      ] GC(39) Phase 2: Compute new object addresses 101.725ms
[7.035s][info][gc,phases,start] GC(39) Phase 3: Adjust pointers
[7.162s][info][gc,phases      ] GC(39) Phase 3: Adjust pointers 127.486ms
[7.162s][info][gc,phases,start] GC(39) Phase 4: Move objects
[7.162s][info][gc,phases      ] GC(39) Phase 4: Move objects 0.017ms
[7.162s][info][gc,heap        ] GC(39) DefNew: 215039K(215040K)->215039K(215040K) Eden: 191168K(191168K)->191167K(191168K) From: 23871K(23872K)->23871K(23872K)
[7.162s][info][gc,heap        ] GC(39) Tenured: 477887K(477888K)->477887K(477888K)
[7.162s][info][gc,metaspace   ] GC(39) Metaspace: 6300K(6464K)->6300K(6464K) NonClass: 5767K(5824K)->5767K(5824K) Class: 532K(640K)->532K(640K)
[7.163s][info][gc             ] GC(39) Pause Full (Allocation Failure) 676M->676M(676M) 546.770ms
[7.163s][info][gc,cpu         ] GC(39) User=0.53s Sys=0.00s Real=0.55s
[7.163s][info][gc,start       ] GC(40) Pause Full (Allocation Failure)
[7.163s][info][gc,phases,start] GC(40) Phase 1: Mark live objects
[7.488s][info][gc,phases      ] GC(40) Phase 1: Mark live objects 324.495ms
[7.488s][info][gc,phases,start] GC(40) Phase 2: Compute new object addresses
[7.588s][info][gc,phases      ] GC(40) Phase 2: Compute new object addresses 100.661ms
[7.588s][info][gc,phases,start] GC(40) Phase 3: Adjust pointers
[7.714s][info][gc,phases      ] GC(40) Phase 3: Adjust pointers 125.372ms
[7.714s][info][gc,phases,start] GC(40) Phase 4: Move objects
[7.714s][info][gc,phases      ] GC(40) Phase 4: Move objects 0.015ms
[7.714s][info][gc,heap        ] GC(40) DefNew: 215039K(215040K)->215039K(215040K) Eden: 191167K(191168K)->191167K(191168K) From: 23871K(23872K)->23871K(23872K)
[7.714s][info][gc,heap        ] GC(40) Tenured: 477887K(477888K)->477887K(477888K)
[7.714s][info][gc,metaspace   ] GC(40) Metaspace: 6300K(6464K)->6300K(6464K) NonClass: 5767K(5824K)->5767K(5824K) Class: 532K(640K)->532K(640K)
[7.714s][info][gc             ] GC(40) Pause Full (Allocation Failure) 676M->676M(676M) 551.000ms
[7.714s][info][gc,cpu         ] GC(40) User=0.50s Sys=0.00s Real=0.55s
[7.714s][info][gc,start       ] GC(41) Pause Full (Allocation Failure)
[7.714s][info][gc,phases,start] GC(41) Phase 1: Mark live objects
[8.026s][info][gc,phases      ] GC(41) Phase 1: Mark live objects 311.535ms
[8.026s][info][gc,phases,start] GC(41) Phase 2: Compute new object addresses
[8.127s][info][gc,phases      ] GC(41) Phase 2: Compute new object addresses 101.061ms
[8.127s][info][gc,phases,start] GC(41) Phase 3: Adjust pointers
[8.253s][info][gc,phases      ] GC(41) Phase 3: Adjust pointers 126.139ms
[8.253s][info][gc,phases,start] GC(41) Phase 4: Move objects
[8.253s][info][gc,phases      ] GC(41) Phase 4: Move objects 0.015ms
[8.253s][info][gc,heap        ] GC(41) DefNew: 215039K(215040K)->215039K(215040K) Eden: 191167K(191168K)->191167K(191168K) From: 23871K(23872K)->23871K(23872K)
[8.253s][info][gc,heap        ] GC(41) Tenured: 477887K(477888K)->477887K(477888K)
[8.253s][info][gc,metaspace   ] GC(41) Metaspace: 6300K(6464K)->6300K(6464K) NonClass: 5767K(5824K)->5767K(5824K) Class: 532K(640K)->532K(640K)
[8.253s][info][gc             ] GC(41) Pause Full (Allocation Failure) 676M->676M(676M) 539.154ms
[8.253s][info][gc,cpu         ] GC(41) User=0.55s Sys=0.00s Real=0.54s
[8.254s][info][gc,start       ] GC(42) Pause Full (Allocation Failure)
[8.254s][info][gc,phases,start] GC(42) Phase 1: Mark live objects
[8.574s][info][gc,phases      ] GC(42) Phase 1: Mark live objects 320.366ms
[8.574s][info][gc,phases,start] GC(42) Phase 2: Compute new object addresses
[8.676s][info][gc,phases      ] GC(42) Phase 2: Compute new object addresses 101.898ms
[8.676s][info][gc,phases,start] GC(42) Phase 3: Adjust pointers
[8.835s][info][gc,phases      ] GC(42) Phase 3: Adjust pointers 158.344ms
[8.835s][info][gc,phases,start] GC(42) Phase 4: Move objects
[8.941s][info][gc,phases      ] GC(42) Phase 4: Move objects 106.666ms
[8.942s][info][gc,heap        ] GC(42) DefNew: 215039K(215040K)->215038K(215040K) Eden: 191167K(191168K)->191166K(191168K) From: 23871K(23872K)->23871K(23872K)
[8.942s][info][gc,heap        ] GC(42) Tenured: 477887K(477888K)->477887K(477888K)
[8.942s][info][gc,metaspace   ] GC(42) Metaspace: 6300K(6464K)->6300K(6464K) NonClass: 5767K(5824K)->5767K(5824K) Class: 532K(640K)->532K(640K)
[8.942s][info][gc             ] GC(42) Pause Full (Allocation Failure) 676M->676M(676M) 687.899ms
[8.942s][info][gc,cpu         ] GC(42) User=0.67s Sys=0.00s Real=0.69s
[8.943s][info][gc,start       ] GC(43) Pause Full (Allocation Failure)
[8.943s][info][gc,phases,start] GC(43) Phase 1: Mark live objects
[9.257s][info][gc,phases      ] GC(43) Phase 1: Mark live objects 314.279ms
[9.257s][info][gc,phases,start] GC(43) Phase 2: Compute new object addresses
[9.358s][info][gc,phases      ] GC(43) Phase 2: Compute new object addresses 100.824ms
[9.358s][info][gc,phases,start] GC(43) Phase 3: Adjust pointers
[9.486s][info][gc,phases      ] GC(43) Phase 3: Adjust pointers 128.117ms
[9.486s][info][gc,phases,start] GC(43) Phase 4: Move objects
[9.486s][info][gc,phases      ] GC(43) Phase 4: Move objects 0.018ms
[9.487s][info][gc,heap        ] GC(43) DefNew: 215039K(215040K)->215038K(215040K) Eden: 191167K(191168K)->191167K(191168K) From: 23871K(23872K)->23871K(23872K)
[9.487s][info][gc,heap        ] GC(43) Tenured: 477887K(477888K)->477887K(477888K)
[9.487s][info][gc,metaspace   ] GC(43) Metaspace: 6302K(6528K)->6302K(6528K) NonClass: 5768K(5888K)->5768K(5888K) Class: 533K(640K)->533K(640K)
[9.487s][info][gc             ] GC(43) Pause Full (Allocation Failure) 676M->676M(676M) 543.753ms
[9.487s][info][gc,cpu         ] GC(43) User=0.52s Sys=0.00s Real=0.54s
[9.487s][info][gc,heap,exit   ] Heap
[9.487s][info][gc,heap,exit   ]  def new generation   total 215040K, used 215039K [0x00000000d4400000, 0x00000000e2d50000, 0x00000000e2d50000)
[9.487s][info][gc,heap,exit   ]   eden space 191168K,  99% used [0x00000000d4400000, 0x00000000dfeaff78, 0x00000000dfeb0000)
[9.487s][info][gc,heap,exit   ]   from space 23872K,  99% used [0x00000000e1600000, 0x00000000e2d4ffd0, 0x00000000e2d50000)
[9.487s][info][gc,heap,exit   ]   to   space 23872K,   0% used [0x00000000dfeb0000, 0x00000000dfeb0000, 0x00000000e1600000)
[9.487s][info][gc,heap,exit   ]  tenured generation   total 477888K, used 477887K [0x00000000e2d50000, 0x0000000100000000, 0x0000000100000000)
[9.487s][info][gc,heap,exit   ]    the space 477888K,  99% used [0x00000000e2d50000, 0x00000000ffffffa8, 0x0000000100000000, 0x0000000100000000)
[9.487s][info][gc,heap,exit   ]  Metaspace       used 6305K, committed 6528K, reserved 1114112K
[9.487s][info][gc,heap,exit   ]   class space    used 534K, committed 640K, reserved 1048576K
