[0.013s][info][gc,init] CardTable entry size: 512
[0.013s][info][gc     ] Using Parallel
[0.014s][info][gc,init] Version: 18.0.1+10 (release)
[0.014s][info][gc,init] CPUs: 8 total, 8 available
[0.014s][info][gc,init] Memory: 16063M
[0.014s][info][gc,init] Large Page Support: Disabled
[0.014s][info][gc,init] NUMA Support: Disabled
[0.014s][info][gc,init] Compressed Oops: Enabled (Zero based)
[0.014s][info][gc,init] Alignments: Space 512K, Generation 512K, Heap 2M
[0.014s][info][gc,init] Heap Min Capacity: 2M
[0.014s][info][gc,init] Heap Initial Capacity: 2M
[0.014s][info][gc,init] Heap Max Capacity: 7800M
[0.014s][info][gc,init] Pre-touch: Disabled
[0.014s][info][gc,init] Parallel Workers: 8
[0.015s][info][gc,metaspace] CDS archive(s) not mapped
[0.015s][info][gc,metaspace] Compressed class space mapped at: 0x0000000800000000-0x0000000840000000, reserved size: 1073741824
[0.015s][info][gc,metaspace] Narrow klass base: 0x0000000800000000, Narrow klass shift: 0, Narrow klass range: 0x40000000
[0.111s][info][gc,start    ] GC(0) Pause Young (Allocation Failure)
[0.112s][info][gc,heap     ] GC(0) PSYoungGen: 512K(1024K)->480K(1024K) Eden: 512K(512K)->0K(512K) From: 0K(512K)->480K(512K)
[0.112s][info][gc,heap     ] GC(0) ParOldGen: 0K(512K)->8K(512K)
[0.112s][info][gc,metaspace] GC(0) Metaspace: 4229K(4352K)->4229K(4352K) NonClass: 3908K(3968K)->3908K(3968K) Class: 321K(384K)->321K(384K)
[0.112s][info][gc          ] GC(0) Pause Young (Allocation Failure) 0M->0M(1M) 1.223ms
[0.112s][info][gc,cpu      ] GC(0) User=0.00s Sys=0.00s Real=0.00s
[0.168s][info][gc,start    ] GC(1) Pause Young (Allocation Failure)
[0.169s][info][gc,heap     ] GC(1) PSYoungGen: 991K(1024K)->512K(1536K) Eden: 511K(512K)->0K(1024K) From: 480K(512K)->512K(512K)
[0.169s][info][gc,heap     ] GC(1) ParOldGen: 8K(512K)->92K(512K)
[0.169s][info][gc,metaspace] GC(1) Metaspace: 5878K(6016K)->5878K(6016K) NonClass: 5382K(5504K)->5382K(5504K) Class: 496K(512K)->496K(512K)
[0.169s][info][gc          ] GC(1) Pause Young (Allocation Failure) 0M->0M(2M) 1.021ms
[0.169s][info][gc,cpu      ] GC(1) User=0.00s Sys=0.00s Real=0.00s
[0.187s][info][gc,start    ] GC(2) Pause Young (Allocation Failure)
[0.188s][info][gc,heap     ] GC(2) PSYoungGen: 1536K(1536K)->512K(1536K) Eden: 1024K(1024K)->0K(1024K) From: 512K(512K)->512K(512K)
[0.188s][info][gc,heap     ] GC(2) ParOldGen: 92K(512K)->508K(512K)
[0.188s][info][gc,metaspace] GC(2) Metaspace: 6297K(6464K)->6297K(6464K) NonClass: 5764K(5824K)->5764K(5824K) Class: 533K(640K)->533K(640K)
[0.188s][info][gc          ] GC(2) Pause Young (Allocation Failure) 1M->0M(2M) 1.279ms
[0.188s][info][gc,cpu      ] GC(2) User=0.00s Sys=0.00s Real=0.00s
[0.189s][info][gc,start    ] GC(3) Pause Full (Ergonomics)
[0.189s][info][gc,phases,start] GC(3) Marking Phase
[0.189s][info][gc,phases      ] GC(3) Marking Phase 0.935ms
[0.190s][info][gc,phases,start] GC(3) Summary Phase
[0.190s][info][gc,phases      ] GC(3) Summary Phase 0.014ms
[0.190s][info][gc,phases,start] GC(3) Adjust Roots
[0.190s][info][gc,phases      ] GC(3) Adjust Roots 0.322ms
[0.190s][info][gc,phases,start] GC(3) Compaction Phase
[0.191s][info][gc,phases      ] GC(3) Compaction Phase 1.502ms
[0.191s][info][gc,phases,start] GC(3) Post Compact
[0.192s][info][gc,phases      ] GC(3) Post Compact 0.087ms
[0.192s][info][gc,heap        ] GC(3) PSYoungGen: 512K(1536K)->511K(1536K) Eden: 0K(1024K)->0K(1024K) From: 512K(512K)->511K(512K)
[0.192s][info][gc,heap        ] GC(3) ParOldGen: 508K(512K)->469K(2048K)
[0.192s][info][gc,metaspace   ] GC(3) Metaspace: 6297K(6464K)->6297K(6464K) NonClass: 5764K(5824K)->5764K(5824K) Class: 533K(640K)->533K(640K)
[0.192s][info][gc             ] GC(3) Pause Full (Ergonomics) 0M->0M(3M) 3.126ms
[0.192s][info][gc,cpu         ] GC(3) User=0.00s Sys=0.00s Real=0.00s
[0.193s][info][gc,start       ] GC(4) Pause Young (Allocation Failure)
[0.194s][info][gc,heap        ] GC(4) PSYoungGen: 1535K(1536K)->480K(2560K) Eden: 1024K(1024K)->0K(2048K) From: 511K(512K)->480K(512K)
[0.194s][info][gc,heap        ] GC(4) ParOldGen: 469K(2048K)->1037K(2048K)
[0.194s][info][gc,metaspace   ] GC(4) Metaspace: 6297K(6464K)->6297K(6464K) NonClass: 5764K(5824K)->5764K(5824K) Class: 533K(640K)->533K(640K)
[0.194s][info][gc             ] GC(4) Pause Young (Allocation Failure) 1M->1M(4M) 1.276ms
[0.194s][info][gc,cpu         ] GC(4) User=0.00s Sys=0.00s Real=0.00s
[0.197s][info][gc,start       ] GC(5) Pause Young (Allocation Failure)
[0.199s][info][gc,heap        ] GC(5) PSYoungGen: 2528K(2560K)->480K(2560K) Eden: 2048K(2048K)->0K(2048K) From: 480K(512K)->480K(512K)
[0.199s][info][gc,heap        ] GC(5) ParOldGen: 1037K(2048K)->2106K(2560K)
[0.199s][info][gc,metaspace   ] GC(5) Metaspace: 6297K(6464K)->6297K(6464K) NonClass: 5764K(5824K)->5764K(5824K) Class: 533K(640K)->533K(640K)
[0.199s][info][gc             ] GC(5) Pause Young (Allocation Failure) 3M->2M(5M) 1.754ms
[0.199s][info][gc,cpu         ] GC(5) User=0.00s Sys=0.00s Real=0.00s
[0.199s][info][gc,start       ] GC(6) Pause Full (Ergonomics)
[0.199s][info][gc,phases,start] GC(6) Marking Phase
[0.200s][info][gc,phases      ] GC(6) Marking Phase 1.398ms
[0.200s][info][gc,phases,start] GC(6) Summary Phase
[0.200s][info][gc,phases      ] GC(6) Summary Phase 0.015ms
[0.200s][info][gc,phases,start] GC(6) Adjust Roots
[0.200s][info][gc,phases      ] GC(6) Adjust Roots 0.301ms
[0.200s][info][gc,phases,start] GC(6) Compaction Phase
[0.202s][info][gc,phases      ] GC(6) Compaction Phase 1.923ms
[0.202s][info][gc,phases,start] GC(6) Post Compact
[0.203s][info][gc,phases      ] GC(6) Post Compact 0.029ms
[0.203s][info][gc,heap        ] GC(6) PSYoungGen: 480K(2560K)->0K(4096K) Eden: 0K(2048K)->0K(3072K) From: 480K(512K)->0K(1024K)
[0.203s][info][gc,heap        ] GC(6) ParOldGen: 2106K(2560K)->2542K(6144K)
[0.203s][info][gc,metaspace   ] GC(6) Metaspace: 6297K(6464K)->6297K(6464K) NonClass: 5764K(5824K)->5764K(5824K) Class: 533K(640K)->533K(640K)
[0.203s][info][gc             ] GC(6) Pause Full (Ergonomics) 2M->2M(10M) 4.002ms
[0.203s][info][gc,cpu         ] GC(6) User=0.00s Sys=0.00s Real=0.00s
[0.207s][info][gc,start       ] GC(7) Pause Young (Allocation Failure)
[0.209s][info][gc,heap        ] GC(7) PSYoungGen: 3072K(4096K)->1664K(5120K) Eden: 3072K(3072K)->0K(3072K) From: 0K(1024K)->1664K(2048K)
[0.209s][info][gc,heap        ] GC(7) ParOldGen: 2542K(6144K)->2542K(6144K)
[0.209s][info][gc,metaspace   ] GC(7) Metaspace: 6297K(6464K)->6297K(6464K) NonClass: 5764K(5824K)->5764K(5824K) Class: 533K(640K)->533K(640K)
[0.209s][info][gc             ] GC(7) Pause Young (Allocation Failure) 5M->4M(11M) 1.804ms
[0.209s][info][gc,cpu         ] GC(7) User=0.00s Sys=0.00s Real=0.00s
[0.214s][info][gc,start       ] GC(8) Pause Young (Allocation Failure)
[0.217s][info][gc,heap        ] GC(8) PSYoungGen: 4736K(5120K)->2016K(5632K) Eden: 3072K(3072K)->0K(3584K) From: 1664K(2048K)->2016K(2048K)
[0.217s][info][gc,heap        ] GC(8) ParOldGen: 2542K(6144K)->3774K(6144K)
[0.217s][info][gc,metaspace   ] GC(8) Metaspace: 6297K(6464K)->6297K(6464K) NonClass: 5764K(5824K)->5764K(5824K) Class: 533K(640K)->533K(640K)
[0.217s][info][gc             ] GC(8) Pause Young (Allocation Failure) 7M->5M(11M) 2.789ms
[0.217s][info][gc,cpu         ] GC(8) User=0.00s Sys=0.00s Real=0.00s
[0.223s][info][gc,start       ] GC(9) Pause Young (Allocation Failure)
[0.226s][info][gc,heap        ] GC(9) PSYoungGen: 5600K(5632K)->3040K(6656K) Eden: 3584K(3584K)->0K(3584K) From: 2016K(2048K)->3040K(3072K)
[0.226s][info][gc,heap        ] GC(9) ParOldGen: 3774K(6144K)->4614K(6144K)
[0.226s][info][gc,metaspace   ] GC(9) Metaspace: 6297K(6464K)->6297K(6464K) NonClass: 5764K(5824K)->5764K(5824K) Class: 533K(640K)->533K(640K)
[0.226s][info][gc             ] GC(9) Pause Young (Allocation Failure) 9M->7M(12M) 3.414ms
[0.226s][info][gc,cpu         ] GC(9) User=0.00s Sys=0.00s Real=0.00s
[0.229s][info][gc,start       ] GC(10) Pause Young (Allocation Failure)
[0.233s][info][gc,heap        ] GC(10) PSYoungGen: 6624K(6656K)->4064K(8704K) Eden: 3584K(3584K)->0K(4608K) From: 3040K(3072K)->4064K(4096K)
[0.233s][info][gc,heap        ] GC(10) ParOldGen: 4614K(6144K)->5454K(6144K)
[0.233s][info][gc,metaspace   ] GC(10) Metaspace: 6297K(6464K)->6297K(6464K) NonClass: 5764K(5824K)->5764K(5824K) Class: 533K(640K)->533K(640K)
[0.233s][info][gc             ] GC(10) Pause Young (Allocation Failure) 10M->9M(14M) 3.791ms
[0.233s][info][gc,cpu         ] GC(10) User=0.00s Sys=0.00s Real=0.00s
[0.233s][info][gc,start       ] GC(11) Pause Full (Ergonomics)
[0.233s][info][gc,phases,start] GC(11) Marking Phase
[0.238s][info][gc,phases      ] GC(11) Marking Phase 4.543ms
[0.238s][info][gc,phases,start] GC(11) Summary Phase
[0.238s][info][gc,phases      ] GC(11) Summary Phase 0.016ms
[0.238s][info][gc,phases,start] GC(11) Adjust Roots
[0.238s][info][gc,phases      ] GC(11) Adjust Roots 0.352ms
[0.238s][info][gc,phases,start] GC(11) Compaction Phase
[0.244s][info][gc,phases      ] GC(11) Compaction Phase 5.634ms
[0.244s][info][gc,phases,start] GC(11) Post Compact
[0.244s][info][gc,phases      ] GC(11) Post Compact 0.048ms
[0.244s][info][gc,heap        ] GC(11) PSYoungGen: 4064K(8704K)->3545K(8704K) Eden: 0K(4608K)->0K(4608K) From: 4064K(4096K)->3545K(4096K)
[0.244s][info][gc,heap        ] GC(11) ParOldGen: 5454K(6144K)->5831K(10752K)
[0.244s][info][gc,metaspace   ] GC(11) Metaspace: 6297K(6464K)->6297K(6464K) NonClass: 5764K(5824K)->5764K(5824K) Class: 533K(640K)->533K(640K)
[0.244s][info][gc             ] GC(11) Pause Full (Ergonomics) 9M->9M(19M) 10.891ms
[0.244s][info][gc,cpu         ] GC(11) User=0.00s Sys=0.00s Real=0.01s
[0.248s][info][gc,start       ] GC(12) Pause Young (Allocation Failure)
[0.252s][info][gc,heap        ] GC(12) PSYoungGen: 8013K(8704K)->5088K(9728K) Eden: 4468K(4608K)->0K(4608K) From: 3545K(4096K)->5088K(5120K)
[0.252s][info][gc,heap        ] GC(12) ParOldGen: 5831K(10752K)->6615K(10752K)
[0.252s][info][gc,metaspace   ] GC(12) Metaspace: 6297K(6464K)->6297K(6464K) NonClass: 5764K(5824K)->5764K(5824K) Class: 533K(640K)->533K(640K)
[0.252s][info][gc             ] GC(12) Pause Young (Allocation Failure) 13M->11M(20M) 4.216ms
[0.252s][info][gc,cpu         ] GC(12) User=0.00s Sys=0.00s Real=0.00s
[0.257s][info][gc,start       ] GC(13) Pause Young (Allocation Failure)
[0.263s][info][gc,heap        ] GC(13) PSYoungGen: 9696K(9728K)->6112K(11264K) Eden: 4608K(4608K)->0K(5120K) From: 5088K(5120K)->6112K(6144K)
[0.263s][info][gc,heap        ] GC(13) ParOldGen: 6615K(10752K)->7991K(10752K)
[0.263s][info][gc,metaspace   ] GC(13) Metaspace: 6297K(6464K)->6297K(6464K) NonClass: 5764K(5824K)->5764K(5824K) Class: 533K(640K)->533K(640K)
[0.263s][info][gc             ] GC(13) Pause Young (Allocation Failure) 15M->13M(21M) 5.682ms
[0.263s][info][gc,cpu         ] GC(13) User=0.00s Sys=0.00s Real=0.00s
[0.267s][info][gc,start       ] GC(14) Pause Young (Allocation Failure)
[0.272s][info][gc,heap        ] GC(14) PSYoungGen: 11232K(11264K)->5248K(12800K) Eden: 5120K(5120K)->0K(5120K) From: 6112K(6144K)->5248K(7680K)
[0.272s][info][gc,heap        ] GC(14) ParOldGen: 7991K(10752K)->11575K(11776K)
[0.272s][info][gc,metaspace   ] GC(14) Metaspace: 6299K(6464K)->6299K(6464K) NonClass: 5766K(5824K)->5766K(5824K) Class: 533K(640K)->533K(640K)
[0.272s][info][gc             ] GC(14) Pause Young (Allocation Failure) 18M->16M(24M) 5.262ms
[0.272s][info][gc,cpu         ] GC(14) User=0.00s Sys=0.00s Real=0.01s
[0.272s][info][gc,start       ] GC(15) Pause Full (Ergonomics)
[0.272s][info][gc,phases,start] GC(15) Marking Phase
[0.279s][info][gc,phases      ] GC(15) Marking Phase 6.939ms
[0.279s][info][gc,phases,start] GC(15) Summary Phase
[0.279s][info][gc,phases      ] GC(15) Summary Phase 0.020ms
[0.279s][info][gc,phases,start] GC(15) Adjust Roots
[0.280s][info][gc,phases      ] GC(15) Adjust Roots 0.231ms
[0.280s][info][gc,phases,start] GC(15) Compaction Phase
[0.287s][info][gc,phases      ] GC(15) Compaction Phase 7.016ms
[0.287s][info][gc,phases,start] GC(15) Post Compact
[0.287s][info][gc,phases      ] GC(15) Post Compact 0.085ms
[0.287s][info][gc,heap        ] GC(15) PSYoungGen: 5248K(12800K)->5188K(12800K) Eden: 0K(5120K)->0K(5120K) From: 5248K(7680K)->5188K(7680K)
[0.287s][info][gc,heap        ] GC(15) ParOldGen: 11575K(11776K)->11462K(18432K)
[0.287s][info][gc,metaspace   ] GC(15) Metaspace: 6299K(6464K)->6299K(6464K) NonClass: 5766K(5824K)->5766K(5824K) Class: 533K(640K)->533K(640K)
[0.287s][info][gc             ] GC(15) Pause Full (Ergonomics) 16M->16M(30M) 14.656ms
[0.287s][info][gc,cpu         ] GC(15) User=0.02s Sys=0.00s Real=0.01s
[0.291s][info][gc,start       ] GC(16) Pause Young (Allocation Failure)
[0.298s][info][gc,heap        ] GC(16) PSYoungGen: 10308K(12800K)->2688K(14336K) Eden: 5120K(5120K)->0K(7168K) From: 5188K(7680K)->2688K(7168K)
[0.298s][info][gc,heap        ] GC(16) ParOldGen: 11462K(18432K)->16726K(18432K)
[0.298s][info][gc,metaspace   ] GC(16) Metaspace: 6299K(6464K)->6299K(6464K) NonClass: 5766K(5824K)->5766K(5824K) Class: 533K(640K)->533K(640K)
[0.298s][info][gc             ] GC(16) Pause Young (Allocation Failure) 21M->18M(32M) 7.109ms
[0.298s][info][gc,cpu         ] GC(16) User=0.02s Sys=0.00s Real=0.01s
[0.299s][info][gc,start       ] GC(17) Pause Full (Ergonomics)
[0.299s][info][gc,phases,start] GC(17) Marking Phase
[0.308s][info][gc,phases      ] GC(17) Marking Phase 9.001ms
[0.308s][info][gc,phases,start] GC(17) Summary Phase
[0.308s][info][gc,phases      ] GC(17) Summary Phase 0.017ms
[0.308s][info][gc,phases,start] GC(17) Adjust Roots
[0.308s][info][gc,phases      ] GC(17) Adjust Roots 0.213ms
[0.308s][info][gc,phases,start] GC(17) Compaction Phase
[0.315s][info][gc,phases      ] GC(17) Compaction Phase 7.193ms
[0.315s][info][gc,phases,start] GC(17) Post Compact
[0.315s][info][gc,phases      ] GC(17) Post Compact 0.093ms
[0.315s][info][gc,heap        ] GC(17) PSYoungGen: 2688K(14336K)->1105K(14848K) Eden: 0K(7168K)->0K(7680K) From: 2688K(7168K)->1105K(7168K)
[0.315s][info][gc,heap        ] GC(17) ParOldGen: 16726K(18432K)->18183K(27648K)
[0.315s][info][gc,metaspace   ] GC(17) Metaspace: 6299K(6464K)->6299K(6464K) NonClass: 5766K(5824K)->5766K(5824K) Class: 533K(640K)->533K(640K)
[0.315s][info][gc             ] GC(17) Pause Full (Ergonomics) 18M->18M(41M) 16.882ms
[0.315s][info][gc,cpu         ] GC(17) User=0.02s Sys=0.00s Real=0.02s
[0.320s][info][gc,start       ] GC(18) Pause Young (Allocation Failure)
[0.325s][info][gc,heap        ] GC(18) PSYoungGen: 7799K(14848K)->3424K(15360K) Eden: 6694K(7680K)->0K(7680K) From: 1105K(7168K)->3424K(7680K)
[0.325s][info][gc,heap        ] GC(18) ParOldGen: 18183K(27648K)->19311K(27648K)
[0.325s][info][gc,metaspace   ] GC(18) Metaspace: 6299K(6464K)->6299K(6464K) NonClass: 5766K(5824K)->5766K(5824K) Class: 533K(640K)->533K(640K)
[0.325s][info][gc             ] GC(18) Pause Young (Allocation Failure) 25M->22M(42M) 4.945ms
[0.325s][info][gc,cpu         ] GC(18) User=0.00s Sys=0.00s Real=0.00s
[0.332s][info][gc,start       ] GC(19) Pause Young (Allocation Failure)
[0.338s][info][gc,heap        ] GC(19) PSYoungGen: 11103K(15360K)->4480K(17920K) Eden: 7679K(7680K)->0K(10240K) From: 3424K(7680K)->4480K(7680K)
[0.338s][info][gc,heap        ] GC(19) ParOldGen: 19311K(27648K)->22767K(27648K)
[0.338s][info][gc,metaspace   ] GC(19) Metaspace: 6299K(6464K)->6299K(6464K) NonClass: 5766K(5824K)->5766K(5824K) Class: 533K(640K)->533K(640K)
[0.338s][info][gc             ] GC(19) Pause Young (Allocation Failure) 29M->26M(44M) 6.480ms
[0.338s][info][gc,cpu         ] GC(19) User=0.00s Sys=0.00s Real=0.01s
[0.344s][info][gc,start       ] GC(20) Pause Young (Allocation Failure)
[0.351s][info][gc,heap        ] GC(20) PSYoungGen: 14720K(17920K)->5344K(17920K) Eden: 10240K(10240K)->0K(10240K) From: 4480K(7680K)->5344K(7680K)
[0.351s][info][gc,heap        ] GC(20) ParOldGen: 22767K(27648K)->27287K(27648K)
[0.351s][info][gc,metaspace   ] GC(20) Metaspace: 6299K(6464K)->6299K(6464K) NonClass: 5766K(5824K)->5766K(5824K) Class: 533K(640K)->533K(640K)
[0.351s][info][gc             ] GC(20) Pause Young (Allocation Failure) 36M->31M(44M) 6.554ms
[0.351s][info][gc,cpu         ] GC(20) User=0.00s Sys=0.00s Real=0.01s
[0.351s][info][gc,start       ] GC(21) Pause Full (Ergonomics)
[0.351s][info][gc,phases,start] GC(21) Marking Phase
[0.365s][info][gc,phases      ] GC(21) Marking Phase 13.991ms
[0.365s][info][gc,phases,start] GC(21) Summary Phase
[0.365s][info][gc,phases      ] GC(21) Summary Phase 0.014ms
[0.365s][info][gc,phases,start] GC(21) Adjust Roots
[0.365s][info][gc,phases      ] GC(21) Adjust Roots 0.236ms
[0.365s][info][gc,phases,start] GC(21) Compaction Phase
[0.379s][info][gc,phases      ] GC(21) Compaction Phase 14.191ms
[0.379s][info][gc,phases,start] GC(21) Post Compact
[0.380s][info][gc,phases      ] GC(21) Post Compact 0.137ms
[0.380s][info][gc,heap        ] GC(21) PSYoungGen: 5344K(17920K)->4779K(17920K) Eden: 0K(10240K)->0K(10240K) From: 5344K(7680K)->4779K(7680K)
[0.380s][info][gc,heap        ] GC(21) ParOldGen: 27287K(27648K)->27140K(38912K)
[0.380s][info][gc,metaspace   ] GC(21) Metaspace: 6299K(6464K)->6299K(6464K) NonClass: 5766K(5824K)->5766K(5824K) Class: 533K(640K)->533K(640K)
[0.380s][info][gc             ] GC(21) Pause Full (Ergonomics) 31M->31M(55M) 29.091ms
[0.380s][info][gc,cpu         ] GC(21) User=0.02s Sys=0.00s Real=0.03s
[0.390s][info][gc,start       ] GC(22) Pause Young (Allocation Failure)
[0.401s][info][gc,heap        ] GC(22) PSYoungGen: 15019K(17920K)->8192K(17920K) Eden: 10240K(10240K)->0K(9728K) From: 4779K(7680K)->8192K(8192K)
[0.401s][info][gc,heap        ] GC(22) ParOldGen: 27140K(38912K)->32972K(38912K)
[0.401s][info][gc,metaspace   ] GC(22) Metaspace: 6299K(6464K)->6299K(6464K) NonClass: 5766K(5824K)->5766K(5824K) Class: 533K(640K)->533K(640K)
[0.401s][info][gc             ] GC(22) Pause Young (Allocation Failure) 41M->40M(55M) 11.622ms
[0.401s][info][gc,cpu         ] GC(22) User=0.02s Sys=0.00s Real=0.01s
[0.401s][info][gc,start       ] GC(23) Pause Full (Ergonomics)
[0.401s][info][gc,phases,start] GC(23) Marking Phase
[0.417s][info][gc,phases      ] GC(23) Marking Phase 16.242ms
[0.418s][info][gc,phases,start] GC(23) Summary Phase
[0.418s][info][gc,phases      ] GC(23) Summary Phase 0.020ms
[0.418s][info][gc,phases,start] GC(23) Adjust Roots
[0.418s][info][gc,phases      ] GC(23) Adjust Roots 0.160ms
[0.418s][info][gc,phases,start] GC(23) Compaction Phase
[0.428s][info][gc,phases      ] GC(23) Compaction Phase 9.994ms
[0.428s][info][gc,phases,start] GC(23) Post Compact
[0.428s][info][gc,phases      ] GC(23) Post Compact 0.188ms
[0.428s][info][gc,heap        ] GC(23) PSYoungGen: 8192K(17920K)->2555K(17920K) Eden: 0K(9728K)->0K(9728K) From: 8192K(8192K)->2555K(8192K)
[0.428s][info][gc,heap        ] GC(23) ParOldGen: 32972K(38912K)->38493K(52736K)
[0.428s][info][gc,metaspace   ] GC(23) Metaspace: 6299K(6464K)->6299K(6464K) NonClass: 5766K(5824K)->5766K(5824K) Class: 533K(640K)->533K(640K)
[0.428s][info][gc             ] GC(23) Pause Full (Ergonomics) 40M->40M(69M) 26.953ms
[0.428s][info][gc,cpu         ] GC(23) User=0.02s Sys=0.00s Real=0.03s
[0.441s][info][gc,start       ] GC(24) Pause Young (Allocation Failure)
[0.451s][info][gc,heap        ] GC(24) PSYoungGen: 12283K(17920K)->9760K(20992K) Eden: 9728K(9728K)->0K(9728K) From: 2555K(8192K)->9760K(11264K)
[0.451s][info][gc,heap        ] GC(24) ParOldGen: 38493K(52736K)->41093K(52736K)
[0.451s][info][gc,metaspace   ] GC(24) Metaspace: 6299K(6464K)->6299K(6464K) NonClass: 5766K(5824K)->5766K(5824K) Class: 533K(640K)->533K(640K)
[0.451s][info][gc             ] GC(24) Pause Young (Allocation Failure) 49M->49M(72M) 10.203ms
[0.451s][info][gc,cpu         ] GC(24) User=0.00s Sys=0.00s Real=0.01s
[0.460s][info][gc,start       ] GC(25) Pause Young (Allocation Failure)
[0.474s][info][gc,heap        ] GC(25) PSYoungGen: 19488K(20992K)->12768K(19968K) Eden: 9728K(9728K)->0K(7168K) From: 9760K(11264K)->12768K(12800K)
[0.474s][info][gc,heap        ] GC(25) ParOldGen: 41093K(52736K)->47861K(52736K)
[0.474s][info][gc,metaspace   ] GC(25) Metaspace: 6299K(6464K)->6299K(6464K) NonClass: 5766K(5824K)->5766K(5824K) Class: 533K(640K)->533K(640K)
[0.474s][info][gc             ] GC(25) Pause Young (Allocation Failure) 59M->59M(71M) 14.131ms
[0.474s][info][gc,cpu         ] GC(25) User=0.00s Sys=0.00s Real=0.02s
[0.474s][info][gc,start       ] GC(26) Pause Full (Ergonomics)
[0.474s][info][gc,phases,start] GC(26) Marking Phase
[0.499s][info][gc,phases      ] GC(26) Marking Phase 24.567ms
[0.499s][info][gc,phases,start] GC(26) Summary Phase
[0.499s][info][gc,phases      ] GC(26) Summary Phase 0.019ms
[0.499s][info][gc,phases,start] GC(26) Adjust Roots
[0.499s][info][gc,phases      ] GC(26) Adjust Roots 0.186ms
[0.499s][info][gc,phases,start] GC(26) Compaction Phase
[0.519s][info][gc,phases      ] GC(26) Compaction Phase 19.845ms
[0.519s][info][gc,phases,start] GC(26) Post Compact
[0.519s][info][gc,phases      ] GC(26) Post Compact 0.236ms
[0.519s][info][gc,heap        ] GC(26) PSYoungGen: 12768K(19968K)->7122K(19968K) Eden: 0K(7168K)->0K(7168K) From: 12768K(12800K)->7122K(12800K)
[0.519s][info][gc,heap        ] GC(26) ParOldGen: 47861K(52736K)->52306K(69120K)
[0.519s][info][gc,metaspace   ] GC(26) Metaspace: 6299K(6464K)->6299K(6464K) NonClass: 5766K(5824K)->5766K(5824K) Class: 533K(640K)->533K(640K)
[0.520s][info][gc             ] GC(26) Pause Full (Ergonomics) 59M->58M(87M) 45.285ms
[0.520s][info][gc,cpu         ] GC(26) User=0.05s Sys=0.00s Real=0.05s
[0.527s][info][gc,start       ] GC(27) Pause Young (Allocation Failure)
[0.542s][info][gc,heap        ] GC(27) PSYoungGen: 14290K(19968K)->7200K(24576K) Eden: 7168K(7168K)->0K(7168K) From: 7122K(12800K)->7200K(17408K)
[0.542s][info][gc,heap        ] GC(27) ParOldGen: 52306K(69120K)->59546K(69120K)
[0.542s][info][gc,metaspace   ] GC(27) Metaspace: 6299K(6464K)->6299K(6464K) NonClass: 5766K(5824K)->5766K(5824K) Class: 533K(640K)->533K(640K)
[0.542s][info][gc             ] GC(27) Pause Young (Allocation Failure) 65M->65M(91M) 14.866ms
[0.542s][info][gc,cpu         ] GC(27) User=0.00s Sys=0.00s Real=0.01s
[0.550s][info][gc,start       ] GC(28) Pause Young (Allocation Failure)
[0.560s][info][gc,heap        ] GC(28) PSYoungGen: 14368K(24576K)->14368K(23040K) Eden: 7168K(7168K)->0K(6656K) From: 7200K(17408K)->14368K(16384K)
[0.560s][info][gc,heap        ] GC(28) ParOldGen: 59546K(69120K)->59546K(69120K)
[0.560s][info][gc,metaspace   ] GC(28) Metaspace: 6299K(6464K)->6299K(6464K) NonClass: 5766K(5824K)->5766K(5824K) Class: 533K(640K)->533K(640K)
[0.560s][info][gc             ] GC(28) Pause Young (Allocation Failure) 72M->72M(90M) 9.842ms
[0.560s][info][gc,cpu         ] GC(28) User=0.00s Sys=0.00s Real=0.01s
[0.567s][info][gc,start       ] GC(29) Pause Young (Allocation Failure)
[0.581s][info][gc,heap        ] GC(29) PSYoungGen: 21024K(23040K)->13824K(25088K) Eden: 6656K(6656K)->0K(6656K) From: 14368K(16384K)->13824K(18432K)
[0.581s][info][gc,heap        ] GC(29) ParOldGen: 59546K(69120K)->66810K(69120K)
[0.581s][info][gc,metaspace   ] GC(29) Metaspace: 6299K(6464K)->6299K(6464K) NonClass: 5766K(5824K)->5766K(5824K) Class: 533K(640K)->533K(640K)
[0.581s][info][gc             ] GC(29) Pause Young (Allocation Failure) 78M->78M(92M) 13.944ms
[0.581s][info][gc,cpu         ] GC(29) User=0.00s Sys=0.00s Real=0.01s
[0.581s][info][gc,start       ] GC(30) Pause Full (Ergonomics)
[0.581s][info][gc,phases,start] GC(30) Marking Phase
[0.613s][info][gc,phases      ] GC(30) Marking Phase 32.056ms
[0.613s][info][gc,phases,start] GC(30) Summary Phase
[0.613s][info][gc,phases      ] GC(30) Summary Phase 0.015ms
[0.613s][info][gc,phases,start] GC(30) Adjust Roots
[0.614s][info][gc,phases      ] GC(30) Adjust Roots 0.177ms
[0.614s][info][gc,phases,start] GC(30) Compaction Phase
[0.635s][info][gc,phases      ] GC(30) Compaction Phase 21.299ms
[0.635s][info][gc,phases,start] GC(30) Post Compact
[0.635s][info][gc,phases      ] GC(30) Post Compact 0.401ms
[0.636s][info][gc,heap        ] GC(30) PSYoungGen: 13824K(25088K)->11720K(25088K) Eden: 0K(6656K)->0K(6656K) From: 13824K(18432K)->11720K(18432K)
[0.636s][info][gc,heap        ] GC(30) ParOldGen: 66810K(69120K)->68611K(89088K)
[0.636s][info][gc,metaspace   ] GC(30) Metaspace: 6299K(6464K)->6299K(6464K) NonClass: 5766K(5824K)->5766K(5824K) Class: 533K(640K)->533K(640K)
[0.636s][info][gc             ] GC(30) Pause Full (Ergonomics) 78M->78M(111M) 54.349ms
[0.636s][info][gc,cpu         ] GC(30) User=0.06s Sys=0.00s Real=0.05s
[0.644s][info][gc,start       ] GC(31) Pause Young (Allocation Failure)
[0.661s][info][gc,heap        ] GC(31) PSYoungGen: 18376K(25088K)->12160K(27648K) Eden: 6656K(6656K)->0K(8192K) From: 11720K(18432K)->12160K(19456K)
[0.661s][info][gc,heap        ] GC(31) ParOldGen: 68611K(89088K)->74955K(89088K)
[0.661s][info][gc,metaspace   ] GC(31) Metaspace: 6299K(6464K)->6299K(6464K) NonClass: 5766K(5824K)->5766K(5824K) Class: 533K(640K)->533K(640K)
[0.661s][info][gc             ] GC(31) Pause Young (Allocation Failure) 84M->85M(114M) 16.952ms
[0.661s][info][gc,cpu         ] GC(31) User=0.03s Sys=0.00s Real=0.02s
[0.678s][info][gc,start       ] GC(32) Pause Young (Allocation Failure)
[0.691s][info][gc,heap        ] GC(32) PSYoungGen: 20352K(27648K)->19936K(28160K) Eden: 8192K(8192K)->0K(8192K) From: 12160K(19456K)->19936K(19968K)
[0.691s][info][gc,heap        ] GC(32) ParOldGen: 74955K(89088K)->75347K(89088K)
[0.691s][info][gc,metaspace   ] GC(32) Metaspace: 6299K(6464K)->6299K(6464K) NonClass: 5766K(5824K)->5766K(5824K) Class: 533K(640K)->533K(640K)
[0.691s][info][gc             ] GC(32) Pause Young (Allocation Failure) 93M->93M(114M) 12.783ms
[0.691s][info][gc,cpu         ] GC(32) User=0.00s Sys=0.00s Real=0.01s
[0.699s][info][gc,start       ] GC(33) Pause Young (Allocation Failure)
[0.717s][info][gc,heap        ] GC(33) PSYoungGen: 28128K(28160K)->16224K(32768K) Eden: 8192K(8192K)->0K(9216K) From: 19936K(19968K)->16224K(23552K)
[0.717s][info][gc,heap        ] GC(33) ParOldGen: 75347K(89088K)->87435K(89088K)
[0.717s][info][gc,metaspace   ] GC(33) Metaspace: 6299K(6464K)->6299K(6464K) NonClass: 5766K(5824K)->5766K(5824K) Class: 533K(640K)->533K(640K)
[0.717s][info][gc             ] GC(33) Pause Young (Allocation Failure) 101M->101M(119M) 17.687ms
[0.717s][info][gc,cpu         ] GC(33) User=0.03s Sys=0.00s Real=0.02s
[0.717s][info][gc,start       ] GC(34) Pause Full (Ergonomics)
[0.717s][info][gc,phases,start] GC(34) Marking Phase
[0.756s][info][gc,phases      ] GC(34) Marking Phase 38.981ms
[0.756s][info][gc,phases,start] GC(34) Summary Phase
[0.756s][info][gc,phases      ] GC(34) Summary Phase 0.020ms
[0.756s][info][gc,phases,start] GC(34) Adjust Roots
[0.756s][info][gc,phases      ] GC(34) Adjust Roots 0.164ms
[0.756s][info][gc,phases,start] GC(34) Compaction Phase
[0.785s][info][gc,phases      ] GC(34) Compaction Phase 28.797ms
[0.785s][info][gc,phases,start] GC(34) Post Compact
[0.785s][info][gc,phases      ] GC(34) Post Compact 0.365ms
[0.785s][info][gc,heap        ] GC(34) PSYoungGen: 16224K(32768K)->16164K(32768K) Eden: 0K(9216K)->0K(9216K) From: 16224K(23552K)->16164K(23552K)
[0.785s][info][gc,heap        ] GC(34) ParOldGen: 87435K(89088K)->85079K(110080K)
[0.785s][info][gc,metaspace   ] GC(34) Metaspace: 6299K(6464K)->6299K(6464K) NonClass: 5766K(5824K)->5766K(5824K) Class: 533K(640K)->533K(640K)
[0.785s][info][gc             ] GC(34) Pause Full (Ergonomics) 101M->98M(139M) 68.699ms
[0.785s][info][gc,cpu         ] GC(34) User=0.11s Sys=0.00s Real=0.07s
[0.794s][info][gc,start       ] GC(35) Pause Young (Allocation Failure)
[0.810s][info][gc,heap        ] GC(35) PSYoungGen: 25380K(32768K)->17408K(33792K) Eden: 9216K(9216K)->0K(9216K) From: 16164K(23552K)->17408K(24576K)
[0.810s][info][gc,heap        ] GC(35) ParOldGen: 85079K(110080K)->93159K(110080K)
[0.810s][info][gc,metaspace   ] GC(35) Metaspace: 6299K(6464K)->6299K(6464K) NonClass: 5766K(5824K)->5766K(5824K) Class: 533K(640K)->533K(640K)
[0.810s][info][gc             ] GC(35) Pause Young (Allocation Failure) 107M->107M(140M) 15.766ms
[0.810s][info][gc,cpu         ] GC(35) User=0.02s Sys=0.00s Real=0.02s
[0.818s][info][gc,start       ] GC(36) Pause Young (Allocation Failure)
[0.833s][info][gc,heap        ] GC(36) PSYoungGen: 26624K(33792K)->25600K(31744K) Eden: 9216K(9216K)->0K(6144K) From: 17408K(24576K)->25600K(25600K)
[0.833s][info][gc,heap        ] GC(36) ParOldGen: 93159K(110080K)->94159K(110080K)
[0.834s][info][gc,metaspace   ] GC(36) Metaspace: 6299K(6464K)->6299K(6464K) NonClass: 5766K(5824K)->5766K(5824K) Class: 533K(640K)->533K(640K)
[0.834s][info][gc             ] GC(36) Pause Young (Allocation Failure) 116M->116M(138M) 15.289ms
[0.834s][info][gc,cpu         ] GC(36) User=0.00s Sys=0.00s Real=0.02s
[0.840s][info][gc,start       ] GC(37) Pause Young (Allocation Failure)
[0.857s][info][gc,heap        ] GC(37) PSYoungGen: 31744K(31744K)->14880K(36352K) Eden: 6144K(6144K)->0K(6144K) From: 25600K(25600K)->14880K(30208K)
[0.857s][info][gc,heap        ] GC(37) ParOldGen: 94159K(110080K)->111271K(111616K)
[0.857s][info][gc,metaspace   ] GC(37) Metaspace: 6299K(6464K)->6299K(6464K) NonClass: 5766K(5824K)->5766K(5824K) Class: 533K(640K)->533K(640K)
[0.857s][info][gc             ] GC(37) Pause Young (Allocation Failure) 122M->123M(144M) 17.034ms
[0.857s][info][gc,cpu         ] GC(37) User=0.02s Sys=0.00s Real=0.02s
[0.857s][info][gc,start       ] GC(38) Pause Full (Ergonomics)
[0.857s][info][gc,phases,start] GC(38) Marking Phase
[0.893s][info][gc,phases      ] GC(38) Marking Phase 35.763ms
[0.893s][info][gc,phases,start] GC(38) Summary Phase
[0.893s][info][gc,phases      ] GC(38) Summary Phase 0.017ms
[0.893s][info][gc,phases,start] GC(38) Adjust Roots
[0.893s][info][gc,phases      ] GC(38) Adjust Roots 0.185ms
[0.893s][info][gc,phases,start] GC(38) Compaction Phase
[0.926s][info][gc,phases      ] GC(38) Compaction Phase 32.310ms
[0.926s][info][gc,phases,start] GC(38) Post Compact
[0.926s][info][gc,phases      ] GC(38) Post Compact 0.483ms
[0.926s][info][gc,heap        ] GC(38) PSYoungGen: 14880K(36352K)->14319K(36352K) Eden: 0K(6144K)->0K(6144K) From: 14880K(30208K)->14319K(30208K)
[0.926s][info][gc,heap        ] GC(38) ParOldGen: 111271K(111616K)->111401K(142336K)
[0.926s][info][gc,metaspace   ] GC(38) Metaspace: 6299K(6464K)->6299K(6464K) NonClass: 5766K(5824K)->5766K(5824K) Class: 533K(640K)->533K(640K)
[0.926s][info][gc             ] GC(38) Pause Full (Ergonomics) 123M->122M(174M) 69.197ms
[0.926s][info][gc,cpu         ] GC(38) User=0.16s Sys=0.00s Real=0.07s
[0.933s][info][gc,start       ] GC(39) Pause Young (Allocation Failure)
[0.951s][info][gc,heap        ] GC(39) PSYoungGen: 20463K(36352K)->6208K(34816K) Eden: 6144K(6144K)->0K(7168K) From: 14319K(30208K)->6208K(27648K)
[0.951s][info][gc,heap        ] GC(39) ParOldGen: 111401K(142336K)->125953K(142336K)
[0.951s][info][gc,metaspace   ] GC(39) Metaspace: 6299K(6464K)->6299K(6464K) NonClass: 5766K(5824K)->5766K(5824K) Class: 533K(640K)->533K(640K)
[0.951s][info][gc             ] GC(39) Pause Young (Allocation Failure) 128M->129M(173M) 17.871ms
[0.951s][info][gc,cpu         ] GC(39) User=0.03s Sys=0.02s Real=0.02s
[0.951s][info][gc,start       ] GC(40) Pause Full (Ergonomics)
[0.951s][info][gc,phases,start] GC(40) Marking Phase
[0.991s][info][gc,phases      ] GC(40) Marking Phase 40.264ms
[0.991s][info][gc,phases,start] GC(40) Summary Phase
[0.991s][info][gc,phases      ] GC(40) Summary Phase 0.018ms
[0.991s][info][gc,phases,start] GC(40) Adjust Roots
[0.991s][info][gc,phases      ] GC(40) Adjust Roots 0.148ms
[0.991s][info][gc,phases,start] GC(40) Compaction Phase
[1.008s][info][gc,phases      ] GC(40) Compaction Phase 16.937ms
[1.008s][info][gc,phases,start] GC(40) Post Compact
[1.009s][info][gc,phases      ] GC(40) Post Compact 0.491ms
[1.009s][info][gc,heap        ] GC(40) PSYoungGen: 6208K(34816K)->0K(35840K) Eden: 0K(7168K)->0K(7168K) From: 6208K(27648K)->0K(28672K)
[1.009s][info][gc,heap        ] GC(40) ParOldGen: 125953K(142336K)->131830K(166912K)
[1.009s][info][gc,metaspace   ] GC(40) Metaspace: 6299K(6464K)->6299K(6464K) NonClass: 5766K(5824K)->5766K(5824K) Class: 533K(640K)->533K(640K)
[1.009s][info][gc             ] GC(40) Pause Full (Ergonomics) 129M->128M(198M) 58.306ms
[1.009s][info][gc,cpu         ] GC(40) User=0.16s Sys=0.00s Real=0.06s
[1.017s][info][gc,start       ] GC(41) Pause Young (Allocation Failure)
[1.022s][info][gc,heap        ] GC(41) PSYoungGen: 7168K(35840K)->7200K(36352K) Eden: 7168K(7168K)->0K(8704K) From: 0K(28672K)->7200K(27648K)
[1.022s][info][gc,heap        ] GC(41) ParOldGen: 131830K(166912K)->131830K(166912K)
[1.022s][info][gc,metaspace   ] GC(41) Metaspace: 6299K(6464K)->6299K(6464K) NonClass: 5766K(5824K)->5766K(5824K) Class: 533K(640K)->533K(640K)
[1.022s][info][gc             ] GC(41) Pause Young (Allocation Failure) 135M->135M(198M) 5.689ms
[1.022s][info][gc,cpu         ] GC(41) User=0.00s Sys=0.00s Real=0.01s
[1.031s][info][gc,start       ] GC(42) Pause Young (Allocation Failure)
[1.039s][info][gc,heap        ] GC(42) PSYoungGen: 15904K(36352K)->15904K(36864K) Eden: 8704K(8704K)->0K(8704K) From: 7200K(27648K)->15904K(28160K)
[1.039s][info][gc,heap        ] GC(42) ParOldGen: 131830K(166912K)->131830K(166912K)
[1.039s][info][gc,metaspace   ] GC(42) Metaspace: 6299K(6464K)->6299K(6464K) NonClass: 5766K(5824K)->5766K(5824K) Class: 533K(640K)->533K(640K)
[1.039s][info][gc             ] GC(42) Pause Young (Allocation Failure) 144M->144M(199M) 8.346ms
[1.039s][info][gc,cpu         ] GC(42) User=0.00s Sys=0.00s Real=0.01s
[1.048s][info][gc,start       ] GC(43) Pause Young (Allocation Failure)
[1.061s][info][gc,heap        ] GC(43) PSYoungGen: 24608K(36864K)->24576K(34816K) Eden: 8704K(8704K)->0K(7168K) From: 15904K(28160K)->24576K(27648K)
[1.061s][info][gc,heap        ] GC(43) ParOldGen: 131830K(166912K)->131830K(166912K)
[1.061s][info][gc,metaspace   ] GC(43) Metaspace: 6299K(6464K)->6299K(6464K) NonClass: 5766K(5824K)->5766K(5824K) Class: 533K(640K)->533K(640K)
[1.061s][info][gc             ] GC(43) Pause Young (Allocation Failure) 152M->152M(197M) 12.810ms
[1.061s][info][gc,cpu         ] GC(43) User=0.00s Sys=0.00s Real=0.01s
[1.068s][info][gc,start       ] GC(44) Pause Young (Allocation Failure)
[1.082s][info][gc,heap        ] GC(44) PSYoungGen: 31744K(34816K)->30720K(37888K) Eden: 7168K(7168K)->0K(7168K) From: 24576K(27648K)->30720K(30720K)
[1.082s][info][gc,heap        ] GC(44) ParOldGen: 131830K(166912K)->132822K(166912K)
[1.082s][info][gc,metaspace   ] GC(44) Metaspace: 6299K(6464K)->6299K(6464K) NonClass: 5766K(5824K)->5766K(5824K) Class: 533K(640K)->533K(640K)
[1.082s][info][gc             ] GC(44) Pause Young (Allocation Failure) 159M->159M(200M) 14.087ms
[1.082s][info][gc,cpu         ] GC(44) User=0.02s Sys=0.00s Real=0.01s
[1.089s][info][gc,start       ] GC(45) Pause Young (Allocation Failure)
[1.107s][info][gc,heap        ] GC(45) PSYoungGen: 37888K(37888K)->22336K(43008K) Eden: 7168K(7168K)->0K(7168K) From: 30720K(30720K)->22336K(35840K)
[1.107s][info][gc,heap        ] GC(45) ParOldGen: 132822K(166912K)->148638K(166912K)
[1.107s][info][gc,metaspace   ] GC(45) Metaspace: 6299K(6464K)->6299K(6464K) NonClass: 5766K(5824K)->5766K(5824K) Class: 533K(640K)->533K(640K)
[1.107s][info][gc             ] GC(45) Pause Young (Allocation Failure) 166M->166M(205M) 18.229ms
[1.107s][info][gc,cpu         ] GC(45) User=0.05s Sys=0.02s Real=0.02s
[1.107s][info][gc,start       ] GC(46) Pause Full (Ergonomics)
[1.107s][info][gc,phases,start] GC(46) Marking Phase
[1.152s][info][gc,phases      ] GC(46) Marking Phase 44.552ms
[1.152s][info][gc,phases,start] GC(46) Summary Phase
[1.152s][info][gc,phases      ] GC(46) Summary Phase 0.024ms
[1.152s][info][gc,phases,start] GC(46) Adjust Roots
[1.152s][info][gc,phases      ] GC(46) Adjust Roots 0.151ms
[1.152s][info][gc,phases,start] GC(46) Compaction Phase
[1.179s][info][gc,phases      ] GC(46) Compaction Phase 26.563ms
[1.179s][info][gc,phases,start] GC(46) Post Compact
[1.180s][info][gc,phases      ] GC(46) Post Compact 0.792ms
[1.180s][info][gc,heap        ] GC(46) PSYoungGen: 22336K(43008K)->3837K(43008K) Eden: 0K(7168K)->0K(7168K) From: 22336K(35840K)->3837K(35840K)
[1.180s][info][gc,heap        ] GC(46) ParOldGen: 148638K(166912K)->166746K(204288K)
[1.180s][info][gc,metaspace   ] GC(46) Metaspace: 6299K(6464K)->6299K(6464K) NonClass: 5766K(5824K)->5766K(5824K) Class: 533K(640K)->533K(640K)
[1.180s][info][gc             ] GC(46) Pause Full (Ergonomics) 166M->166M(241M) 72.554ms
[1.180s][info][gc,cpu         ] GC(46) User=0.16s Sys=0.02s Real=0.07s
[1.213s][info][gc,start       ] GC(47) Pause Young (Allocation Failure)
[1.229s][info][gc,heap        ] GC(47) PSYoungGen: 11005K(43008K)->9856K(44032K) Eden: 7168K(7168K)->0K(7168K) From: 3837K(35840K)->9856K(36864K)
[1.229s][info][gc,heap        ] GC(47) ParOldGen: 174938K(204288K)->176186K(204288K)
[1.229s][info][gc,metaspace   ] GC(47) Metaspace: 6299K(6464K)->6299K(6464K) NonClass: 5766K(5824K)->5766K(5824K) Class: 533K(640K)->533K(640K)
[1.229s][info][gc             ] GC(47) Pause Young (Allocation Failure) 181M->181M(242M) 15.143ms
[1.229s][info][gc,cpu         ] GC(47) User=0.02s Sys=0.00s Real=0.01s
[1.235s][info][gc,start       ] GC(48) Pause Young (Allocation Failure)
[1.244s][info][gc,heap        ] GC(48) PSYoungGen: 17024K(44032K)->17024K(40960K) Eden: 7168K(7168K)->0K(8192K) From: 9856K(36864K)->17024K(32768K)
[1.245s][info][gc,heap        ] GC(48) ParOldGen: 176186K(204288K)->176186K(204288K)
[1.245s][info][gc,metaspace   ] GC(48) Metaspace: 6299K(6464K)->6299K(6464K) NonClass: 5766K(5824K)->5766K(5824K) Class: 533K(640K)->533K(640K)
[1.245s][info][gc             ] GC(48) Pause Young (Allocation Failure) 188M->188M(239M) 9.054ms
[1.245s][info][gc,cpu         ] GC(48) User=0.00s Sys=0.00s Real=0.01s
[1.252s][info][gc,start       ] GC(49) Pause Young (Allocation Failure)
[1.264s][info][gc,heap        ] GC(49) PSYoungGen: 25216K(40960K)->24832K(42496K) Eden: 8192K(8192K)->0K(8192K) From: 17024K(32768K)->24832K(34304K)
[1.265s][info][gc,heap        ] GC(49) ParOldGen: 176186K(204288K)->176562K(204288K)
[1.265s][info][gc,metaspace   ] GC(49) Metaspace: 6299K(6464K)->6299K(6464K) NonClass: 5766K(5824K)->5766K(5824K) Class: 533K(640K)->533K(640K)
[1.265s][info][gc             ] GC(49) Pause Young (Allocation Failure) 196M->196M(241M) 12.504ms
[1.265s][info][gc,cpu         ] GC(49) User=0.00s Sys=0.00s Real=0.01s
[1.272s][info][gc,start       ] GC(50) Pause Young (Allocation Failure)
[1.288s][info][gc,heap        ] GC(50) PSYoungGen: 33024K(42496K)->30752K(41984K) Eden: 8192K(8192K)->0K(6144K) From: 24832K(34304K)->30752K(35840K)
[1.288s][info][gc,heap        ] GC(50) ParOldGen: 176562K(204288K)->178890K(204288K)
[1.288s][info][gc,metaspace   ] GC(50) Metaspace: 6299K(6464K)->6299K(6464K) NonClass: 5766K(5824K)->5766K(5824K) Class: 533K(640K)->533K(640K)
[1.288s][info][gc             ] GC(50) Pause Young (Allocation Failure) 204M->204M(240M) 16.205ms
[1.288s][info][gc,cpu         ] GC(50) User=0.00s Sys=0.00s Real=0.01s
[1.295s][info][gc,start       ] GC(51) Pause Young (Allocation Failure)
[1.315s][info][gc,heap        ] GC(51) PSYoungGen: 36896K(41984K)->22560K(45568K) Eden: 6144K(6144K)->0K(6144K) From: 30752K(35840K)->22560K(39424K)
[1.315s][info][gc,heap        ] GC(51) ParOldGen: 178890K(204288K)->193402K(204288K)
[1.315s][info][gc,metaspace   ] GC(51) Metaspace: 6299K(6464K)->6299K(6464K) NonClass: 5766K(5824K)->5766K(5824K) Class: 533K(640K)->533K(640K)
[1.315s][info][gc             ] GC(51) Pause Young (Allocation Failure) 210M->210M(244M) 20.162ms
[1.315s][info][gc,cpu         ] GC(51) User=0.02s Sys=0.00s Real=0.02s
[1.315s][info][gc,start       ] GC(52) Pause Full (Ergonomics)
[1.315s][info][gc,phases,start] GC(52) Marking Phase
[1.369s][info][gc,phases      ] GC(52) Marking Phase 53.742ms
[1.369s][info][gc,phases,start] GC(52) Summary Phase
[1.369s][info][gc,phases      ] GC(52) Summary Phase 0.018ms
[1.369s][info][gc,phases,start] GC(52) Adjust Roots
[1.369s][info][gc,phases      ] GC(52) Adjust Roots 0.155ms
[1.369s][info][gc,phases,start] GC(52) Compaction Phase
[1.409s][info][gc,phases      ] GC(52) Compaction Phase 39.807ms
[1.409s][info][gc,phases,start] GC(52) Post Compact
[1.410s][info][gc,phases      ] GC(52) Post Compact 0.987ms
[1.410s][info][gc,heap        ] GC(52) PSYoungGen: 22560K(45568K)->7112K(45568K) Eden: 0K(6144K)->0K(6144K) From: 22560K(39424K)->7112K(39424K)
[1.410s][info][gc,heap        ] GC(52) ParOldGen: 193402K(204288K)->204286K(243712K)
[1.410s][info][gc,metaspace   ] GC(52) Metaspace: 6299K(6464K)->6299K(6464K) NonClass: 5766K(5824K)->5766K(5824K) Class: 533K(640K)->533K(640K)
[1.410s][info][gc             ] GC(52) Pause Full (Ergonomics) 210M->206M(282M) 95.191ms
[1.410s][info][gc,cpu         ] GC(52) User=0.27s Sys=0.00s Real=0.09s
[1.417s][info][gc,start       ] GC(53) Pause Young (Allocation Failure)
[1.433s][info][gc,heap        ] GC(53) PSYoungGen: 13256K(45568K)->8160K(45056K) Eden: 6144K(6144K)->0K(7168K) From: 7112K(39424K)->8160K(37888K)
[1.433s][info][gc,heap        ] GC(53) ParOldGen: 204286K(243712K)->209590K(243712K)
[1.433s][info][gc,metaspace   ] GC(53) Metaspace: 6299K(6464K)->6299K(6464K) NonClass: 5766K(5824K)->5766K(5824K) Class: 533K(640K)->533K(640K)
[1.433s][info][gc             ] GC(53) Pause Young (Allocation Failure) 212M->212M(282M) 15.981ms
[1.433s][info][gc,cpu         ] GC(53) User=0.00s Sys=0.00s Real=0.02s
[1.441s][info][gc,start       ] GC(54) Pause Young (Allocation Failure)
[1.449s][info][gc,heap        ] GC(54) PSYoungGen: 15328K(45056K)->13344K(45568K) Eden: 7168K(7168K)->0K(7168K) From: 8160K(37888K)->13344K(38400K)
[1.449s][info][gc,heap        ] GC(54) ParOldGen: 209590K(243712K)->211542K(243712K)
[1.449s][info][gc,metaspace   ] GC(54) Metaspace: 6299K(6464K)->6299K(6464K) NonClass: 5766K(5824K)->5766K(5824K) Class: 533K(640K)->533K(640K)
[1.449s][info][gc             ] GC(54) Pause Young (Allocation Failure) 219M->219M(282M) 8.391ms
[1.449s][info][gc,cpu         ] GC(54) User=0.00s Sys=0.00s Real=0.01s
[1.457s][info][gc,start       ] GC(55) Pause Young (Allocation Failure)
[1.468s][info][gc,heap        ] GC(55) PSYoungGen: 20512K(45568K)->14368K(41984K) Eden: 7168K(7168K)->0K(8704K) From: 13344K(38400K)->14368K(33280K)
[1.468s][info][gc,heap        ] GC(55) ParOldGen: 211542K(243712K)->217774K(243712K)
[1.468s][info][gc,metaspace   ] GC(55) Metaspace: 6299K(6464K)->6299K(6464K) NonClass: 5766K(5824K)->5766K(5824K) Class: 533K(640K)->533K(640K)
[1.468s][info][gc             ] GC(55) Pause Young (Allocation Failure) 226M->226M(279M) 10.570ms
[1.468s][info][gc,cpu         ] GC(55) User=0.00s Sys=0.00s Real=0.01s
[1.477s][info][gc,start       ] GC(56) Pause Young (Allocation Failure)
[1.489s][info][gc,heap        ] GC(56) PSYoungGen: 23072K(41984K)->15968K(44032K) Eden: 8704K(8704K)->0K(8704K) From: 14368K(33280K)->15968K(35328K)
[1.489s][info][gc,heap        ] GC(56) ParOldGen: 217774K(243712K)->225038K(243712K)
[1.489s][info][gc,metaspace   ] GC(56) Metaspace: 6299K(6464K)->6299K(6464K) NonClass: 5766K(5824K)->5766K(5824K) Class: 533K(640K)->533K(640K)
[1.489s][info][gc             ] GC(56) Pause Young (Allocation Failure) 235M->235M(281M) 11.684ms
[1.489s][info][gc,cpu         ] GC(56) User=0.00s Sys=0.02s Real=0.01s
[1.498s][info][gc,start       ] GC(57) Pause Young (Allocation Failure)
[1.512s][info][gc,heap        ] GC(57) PSYoungGen: 24672K(44032K)->17504K(40960K) Eden: 8704K(8704K)->0K(10240K) From: 15968K(35328K)->17504K(30720K)
[1.512s][info][gc,heap        ] GC(57) ParOldGen: 225038K(243712K)->232310K(243712K)
[1.512s][info][gc,metaspace   ] GC(57) Metaspace: 6299K(6464K)->6299K(6464K) NonClass: 5766K(5824K)->5766K(5824K) Class: 533K(640K)->533K(640K)
[1.512s][info][gc             ] GC(57) Pause Young (Allocation Failure) 243M->243M(278M) 13.139ms
[1.512s][info][gc,cpu         ] GC(57) User=0.02s Sys=0.00s Real=0.01s
[1.512s][info][gc,start       ] GC(58) Pause Full (Ergonomics)
[1.512s][info][gc,phases,start] GC(58) Marking Phase
[1.581s][info][gc,phases      ] GC(58) Marking Phase 68.900ms
[1.581s][info][gc,phases,start] GC(58) Summary Phase
[1.581s][info][gc,phases      ] GC(58) Summary Phase 0.022ms
[1.581s][info][gc,phases,start] GC(58) Adjust Roots
[1.581s][info][gc,phases      ] GC(58) Adjust Roots 0.244ms
[1.581s][info][gc,phases,start] GC(58) Compaction Phase
[1.613s][info][gc,phases      ] GC(58) Compaction Phase 31.869ms
[1.613s][info][gc,phases,start] GC(58) Post Compact
[1.614s][info][gc,phases      ] GC(58) Post Compact 1.093ms
[1.614s][info][gc,heap        ] GC(58) PSYoungGen: 17504K(40960K)->5596K(42496K) Eden: 0K(10240K)->0K(11776K) From: 17504K(30720K)->5596K(30720K)
[1.614s][info][gc,heap        ] GC(58) ParOldGen: 232310K(243712K)->243543K(281600K)
[1.614s][info][gc,metaspace   ] GC(58) Metaspace: 6299K(6464K)->6299K(6464K) NonClass: 5766K(5824K)->5766K(5824K) Class: 533K(640K)->533K(640K)
[1.614s][info][gc             ] GC(58) Pause Full (Ergonomics) 243M->243M(316M) 102.642ms
[1.614s][info][gc,cpu         ] GC(58) User=0.47s Sys=0.00s Real=0.10s
[1.627s][info][gc,start       ] GC(59) Pause Young (Allocation Failure)
[1.648s][info][gc,heap        ] GC(59) PSYoungGen: 17372K(42496K)->11872K(44032K) Eden: 11776K(11776K)->0K(11776K) From: 5596K(30720K)->11872K(32256K)
[1.648s][info][gc,heap        ] GC(59) ParOldGen: 243543K(281600K)->249247K(281600K)
[1.648s][info][gc,metaspace   ] GC(59) Metaspace: 6299K(6464K)->6299K(6464K) NonClass: 5766K(5824K)->5766K(5824K) Class: 533K(640K)->533K(640K)
[1.648s][info][gc             ] GC(59) Pause Young (Allocation Failure) 254M->254M(318M) 20.568ms
[1.648s][info][gc,cpu         ] GC(59) User=0.08s Sys=0.00s Real=0.02s
[1.661s][info][gc,start       ] GC(60) Pause Young (Allocation Failure)
[1.673s][info][gc,heap        ] GC(60) PSYoungGen: 23648K(44032K)->23648K(44032K) Eden: 11776K(11776K)->0K(12288K) From: 11872K(32256K)->23648K(31744K)
[1.673s][info][gc,heap        ] GC(60) ParOldGen: 249247K(281600K)->249247K(281600K)
[1.673s][info][gc,metaspace   ] GC(60) Metaspace: 6299K(6464K)->6299K(6464K) NonClass: 5766K(5824K)->5766K(5824K) Class: 533K(640K)->533K(640K)
[1.673s][info][gc             ] GC(60) Pause Young (Allocation Failure) 266M->266M(318M) 12.395ms
[1.673s][info][gc,cpu         ] GC(60) User=0.02s Sys=0.00s Real=0.01s
[1.687s][info][gc,start       ] GC(61) Pause Young (Allocation Failure)
[1.704s][info][gc,heap        ] GC(61) PSYoungGen: 35936K(44032K)->24192K(45056K) Eden: 12288K(12288K)->0K(12288K) From: 23648K(31744K)->24192K(32768K)
[1.704s][info][gc,heap        ] GC(61) ParOldGen: 249247K(281600K)->261199K(281600K)
[1.705s][info][gc,metaspace   ] GC(61) Metaspace: 6299K(6464K)->6299K(6464K) NonClass: 5766K(5824K)->5766K(5824K) Class: 533K(640K)->533K(640K)
[1.705s][info][gc             ] GC(61) Pause Young (Allocation Failure) 278M->278M(319M) 17.670ms
[1.705s][info][gc,cpu         ] GC(61) User=0.12s Sys=0.00s Real=0.02s
[1.718s][info][gc,start       ] GC(62) Pause Young (Allocation Failure)
[1.736s][info][gc,heap        ] GC(62) PSYoungGen: 36480K(45056K)->24640K(47616K) Eden: 12288K(12288K)->0K(13312K) From: 24192K(32768K)->24640K(34304K)
[1.736s][info][gc,heap        ] GC(62) ParOldGen: 261199K(281600K)->273143K(281600K)
[1.736s][info][gc,metaspace   ] GC(62) Metaspace: 6299K(6464K)->6299K(6464K) NonClass: 5766K(5824K)->5766K(5824K) Class: 533K(640K)->533K(640K)
[1.736s][info][gc             ] GC(62) Pause Young (Allocation Failure) 290M->290M(321M) 17.635ms
[1.736s][info][gc,cpu         ] GC(62) User=0.08s Sys=0.00s Real=0.02s
[1.736s][info][gc,start       ] GC(63) Pause Full (Ergonomics)
[1.736s][info][gc,phases,start] GC(63) Marking Phase
[1.805s][info][gc,phases      ] GC(63) Marking Phase 69.004ms
[1.805s][info][gc,phases,start] GC(63) Summary Phase
[1.805s][info][gc,phases      ] GC(63) Summary Phase 0.019ms
[1.805s][info][gc,phases,start] GC(63) Adjust Roots
[1.805s][info][gc,phases      ] GC(63) Adjust Roots 0.151ms
[1.805s][info][gc,phases,start] GC(63) Compaction Phase
[1.833s][info][gc,phases      ] GC(63) Compaction Phase 27.860ms
[1.833s][info][gc,phases,start] GC(63) Post Compact
[1.835s][info][gc,phases      ] GC(63) Post Compact 1.413ms
[1.835s][info][gc,heap        ] GC(63) PSYoungGen: 24640K(47616K)->15824K(47616K) Eden: 0K(13312K)->0K(13312K) From: 24640K(34304K)->15824K(34304K)
[1.835s][info][gc,heap        ] GC(63) ParOldGen: 273143K(281600K)->281318K(323584K)
[1.835s][info][gc,metaspace   ] GC(63) Metaspace: 6299K(6464K)->6299K(6464K) NonClass: 5766K(5824K)->5766K(5824K) Class: 533K(640K)->533K(640K)
[1.835s][info][gc             ] GC(63) Pause Full (Ergonomics) 290M->290M(362M) 98.924ms
[1.835s][info][gc,cpu         ] GC(63) User=0.53s Sys=0.02s Real=0.10s
[1.850s][info][gc,start       ] GC(64) Pause Young (Allocation Failure)
[1.875s][info][gc,heap        ] GC(64) PSYoungGen: 29136K(47616K)->21760K(48128K) Eden: 13312K(13312K)->0K(13312K) From: 15824K(34304K)->21760K(34816K)
[1.875s][info][gc,heap        ] GC(64) ParOldGen: 281318K(323584K)->288918K(323584K)
[1.875s][info][gc,metaspace   ] GC(64) Metaspace: 6299K(6464K)->6299K(6464K) NonClass: 5766K(5824K)->5766K(5824K) Class: 533K(640K)->533K(640K)
[1.875s][info][gc             ] GC(64) Pause Young (Allocation Failure) 303M->303M(363M) 25.442ms
[1.875s][info][gc,cpu         ] GC(64) User=0.12s Sys=0.00s Real=0.03s
[1.890s][info][gc,start       ] GC(65) Pause Young (Allocation Failure)
[1.908s][info][gc,heap        ] GC(65) PSYoungGen: 35072K(48128K)->34816K(45056K) Eden: 13312K(13312K)->0K(10240K) From: 21760K(34816K)->34816K(34816K)
[1.908s][info][gc,heap        ] GC(65) ParOldGen: 288918K(323584K)->289254K(323584K)
[1.908s][info][gc,metaspace   ] GC(65) Metaspace: 6299K(6464K)->6299K(6464K) NonClass: 5766K(5824K)->5766K(5824K) Class: 533K(640K)->533K(640K)
[1.908s][info][gc             ] GC(65) Pause Young (Allocation Failure) 316M->316M(360M) 17.805ms
[1.908s][info][gc,cpu         ] GC(65) User=0.06s Sys=0.00s Real=0.02s
[1.920s][info][gc,start       ] GC(66) Pause Young (Allocation Failure)
[1.941s][info][gc,heap        ] GC(66) PSYoungGen: 45056K(45056K)->23520K(49664K) Eden: 10240K(10240K)->0K(10240K) From: 34816K(34816K)->23520K(39424K)
[1.941s][info][gc,heap        ] GC(66) ParOldGen: 289254K(323584K)->311054K(323584K)
[1.941s][info][gc,metaspace   ] GC(66) Metaspace: 6299K(6464K)->6299K(6464K) NonClass: 5766K(5824K)->5766K(5824K) Class: 533K(640K)->533K(640K)
[1.941s][info][gc             ] GC(66) Pause Young (Allocation Failure) 326M->326M(364M) 21.308ms
[1.942s][info][gc,cpu         ] GC(66) User=0.14s Sys=0.00s Real=0.02s
[1.942s][info][gc,start       ] GC(67) Pause Full (Ergonomics)
[1.942s][info][gc,phases,start] GC(67) Marking Phase
[2.011s][info][gc,phases      ] GC(67) Marking Phase 69.635ms
[2.011s][info][gc,phases,start] GC(67) Summary Phase
[2.011s][info][gc,phases      ] GC(67) Summary Phase 0.023ms
[2.011s][info][gc,phases,start] GC(67) Adjust Roots
[2.011s][info][gc,phases      ] GC(67) Adjust Roots 0.184ms
[2.012s][info][gc,phases,start] GC(67) Compaction Phase
[2.044s][info][gc,phases      ] GC(67) Compaction Phase 32.569ms
[2.044s][info][gc,phases,start] GC(67) Post Compact
[2.046s][info][gc,phases      ] GC(67) Post Compact 1.492ms
[2.046s][info][gc,heap        ] GC(67) PSYoungGen: 23520K(49664K)->10572K(49664K) Eden: 0K(10240K)->0K(10240K) From: 23520K(39424K)->10572K(39424K)
[2.046s][info][gc,heap        ] GC(67) ParOldGen: 311054K(323584K)->323345K(372224K)
[2.046s][info][gc,metaspace   ] GC(67) Metaspace: 6299K(6464K)->6299K(6464K) NonClass: 5766K(5824K)->5766K(5824K) Class: 533K(640K)->533K(640K)
[2.046s][info][gc             ] GC(67) Pause Full (Ergonomics) 326M->326M(412M) 104.384ms
[2.046s][info][gc,cpu         ] GC(67) User=0.66s Sys=0.00s Real=0.10s
[2.058s][info][gc,start       ] GC(68) Pause Young (Allocation Failure)
[2.082s][info][gc,heap        ] GC(68) PSYoungGen: 20812K(49664K)->13856K(49152K) Eden: 10240K(10240K)->0K(11776K) From: 10572K(39424K)->13856K(37376K)
[2.082s][info][gc,heap        ] GC(68) ParOldGen: 323345K(372224K)->330545K(372224K)
[2.082s][info][gc,metaspace   ] GC(68) Metaspace: 6299K(6464K)->6299K(6464K) NonClass: 5766K(5824K)->5766K(5824K) Class: 533K(640K)->533K(640K)
[2.082s][info][gc             ] GC(68) Pause Young (Allocation Failure) 336M->336M(411M) 24.302ms
[2.082s][info][gc,cpu         ] GC(68) User=0.05s Sys=0.09s Real=0.02s
[2.159s][info][gc,start       ] GC(69) Pause Young (Allocation Failure)
[2.179s][info][gc,heap        ] GC(69) PSYoungGen: 25632K(49152K)->25568K(49664K) Eden: 11776K(11776K)->0K(11776K) From: 13856K(37376K)->25568K(37888K)
[2.180s][info][gc,heap        ] GC(69) ParOldGen: 346929K(372224K)->346929K(372224K)
[2.180s][info][gc,metaspace   ] GC(69) Metaspace: 6299K(6464K)->6299K(6464K) NonClass: 5766K(5824K)->5766K(5824K) Class: 533K(640K)->533K(640K)
[2.180s][info][gc             ] GC(69) Pause Young (Allocation Failure) 363M->363M(412M) 20.437ms
[2.180s][info][gc,cpu         ] GC(69) User=0.12s Sys=0.00s Real=0.02s
[2.192s][info][gc,start       ] GC(70) Pause Young (Allocation Failure)
[2.209s][info][gc,heap        ] GC(70) PSYoungGen: 37344K(49664K)->37376K(47616K) Eden: 11776K(11776K)->0K(9216K) From: 25568K(37888K)->37376K(38400K)
[2.210s][info][gc,heap        ] GC(70) ParOldGen: 346929K(372224K)->346929K(372224K)
[2.210s][info][gc,metaspace   ] GC(70) Metaspace: 6299K(6464K)->6299K(6464K) NonClass: 5766K(5824K)->5766K(5824K) Class: 533K(640K)->533K(640K)
[2.210s][info][gc             ] GC(70) Pause Young (Allocation Failure) 375M->375M(410M) 17.858ms
[2.210s][info][gc,cpu         ] GC(70) User=0.06s Sys=0.00s Real=0.02s
[2.219s][info][gc,start       ] GC(71) Pause Young (Allocation Failure)
[2.240s][info][gc,heap        ] GC(71) PSYoungGen: 46592K(47616K)->42496K(51712K) Eden: 9216K(9216K)->0K(9216K) From: 37376K(38400K)->42496K(42496K)
[2.240s][info][gc,heap        ] GC(71) ParOldGen: 346929K(372224K)->350993K(372224K)
[2.240s][info][gc,metaspace   ] GC(71) Metaspace: 6299K(6464K)->6299K(6464K) NonClass: 5766K(5824K)->5766K(5824K) Class: 533K(640K)->533K(640K)
[2.240s][info][gc             ] GC(71) Pause Young (Allocation Failure) 384M->384M(414M) 20.890ms
[2.240s][info][gc,cpu         ] GC(71) User=0.12s Sys=0.00s Real=0.02s
[2.249s][info][gc,start       ] GC(72) Pause Young (Allocation Failure)
[2.273s][info][gc,heap        ] GC(72) PSYoungGen: 51712K(51712K)->38432K(57856K) Eden: 9216K(9216K)->0K(8192K) From: 42496K(42496K)->38432K(49664K)
[2.273s][info][gc,heap        ] GC(72) ParOldGen: 350993K(372224K)->364593K(372224K)
[2.273s][info][gc,metaspace   ] GC(72) Metaspace: 6299K(6464K)->6299K(6464K) NonClass: 5766K(5824K)->5766K(5824K) Class: 533K(640K)->533K(640K)
[2.273s][info][gc             ] GC(72) Pause Young (Allocation Failure) 393M->393M(420M) 23.887ms
[2.273s][info][gc,cpu         ] GC(72) User=0.14s Sys=0.00s Real=0.02s
[2.273s][info][gc,start       ] GC(73) Pause Full (Ergonomics)
[2.273s][info][gc,phases,start] GC(73) Marking Phase
[2.358s][info][gc,phases      ] GC(73) Marking Phase 84.785ms
[2.358s][info][gc,phases,start] GC(73) Summary Phase
[2.358s][info][gc,phases      ] GC(73) Summary Phase 0.025ms
[2.358s][info][gc,phases,start] GC(73) Adjust Roots
[2.358s][info][gc,phases      ] GC(73) Adjust Roots 0.156ms
[2.358s][info][gc,phases,start] GC(73) Compaction Phase
[2.428s][info][gc,phases      ] GC(73) Compaction Phase 69.342ms
[2.428s][info][gc,phases,start] GC(73) Post Compact
[2.430s][info][gc,phases      ] GC(73) Post Compact 2.022ms
[2.430s][info][gc,heap        ] GC(73) PSYoungGen: 38432K(57856K)->22350K(57856K) Eden: 0K(8192K)->0K(8192K) From: 38432K(49664K)->22350K(49664K)
[2.430s][info][gc,heap        ] GC(73) ParOldGen: 364593K(372224K)->371834K(421888K)
[2.430s][info][gc,metaspace   ] GC(73) Metaspace: 6299K(6464K)->6299K(6464K) NonClass: 5766K(5824K)->5766K(5824K) Class: 533K(640K)->533K(640K)
[2.430s][info][gc             ] GC(73) Pause Full (Ergonomics) 393M->384M(468M) 156.896ms
[2.430s][info][gc,cpu         ] GC(73) User=1.08s Sys=0.00s Real=0.16s
[2.440s][info][gc,start       ] GC(74) Pause Young (Allocation Failure)
[2.469s][info][gc,heap        ] GC(74) PSYoungGen: 30542K(57856K)->19680K(28160K) Eden: 8192K(8192K)->0K(8192K) From: 22350K(49664K)->19680K(19968K)
[2.469s][info][gc,heap        ] GC(74) ParOldGen: 371834K(421888K)->383042K(421888K)
[2.469s][info][gc,metaspace   ] GC(74) Metaspace: 6299K(6464K)->6299K(6464K) NonClass: 5766K(5824K)->5766K(5824K) Class: 533K(640K)->533K(640K)
[2.469s][info][gc             ] GC(74) Pause Young (Allocation Failure) 392M->393M(439M) 29.071ms
[2.469s][info][gc,cpu         ] GC(74) User=0.12s Sys=0.00s Real=0.03s
[2.479s][info][gc,start       ] GC(75) Pause Young (Allocation Failure)
[2.492s][info][gc,heap        ] GC(75) PSYoungGen: 27872K(28160K)->22496K(56832K) Eden: 8192K(8192K)->0K(9728K) From: 19680K(19968K)->22496K(47104K)
[2.493s][info][gc,heap        ] GC(75) ParOldGen: 383042K(421888K)->388490K(421888K)
[2.493s][info][gc,metaspace   ] GC(75) Metaspace: 6299K(6464K)->6299K(6464K) NonClass: 5766K(5824K)->5766K(5824K) Class: 533K(640K)->533K(640K)
[2.493s][info][gc             ] GC(75) Pause Young (Allocation Failure) 401M->401M(467M) 13.977ms
[2.493s][info][gc,cpu         ] GC(75) User=0.02s Sys=0.00s Real=0.01s
[2.503s][info][gc,start       ] GC(76) Pause Young (Allocation Failure)
[2.518s][info][gc,heap        ] GC(76) PSYoungGen: 32224K(56832K)->26208K(36352K) Eden: 9728K(9728K)->0K(9728K) From: 22496K(47104K)->26208K(26624K)
[2.518s][info][gc,heap        ] GC(76) ParOldGen: 388490K(421888K)->394562K(421888K)
[2.518s][info][gc,metaspace   ] GC(76) Metaspace: 6299K(6464K)->6299K(6464K) NonClass: 5766K(5824K)->5766K(5824K) Class: 533K(640K)->533K(640K)
[2.518s][info][gc             ] GC(76) Pause Young (Allocation Failure) 410M->410M(447M) 15.298ms
[2.518s][info][gc,cpu         ] GC(76) User=0.02s Sys=0.00s Real=0.02s
[2.528s][info][gc,start       ] GC(77) Pause Young (Allocation Failure)
[2.545s][info][gc,heap        ] GC(77) PSYoungGen: 35936K(36352K)->19552K(55808K) Eden: 9728K(9728K)->0K(11264K) From: 26208K(26624K)->19552K(44544K)
[2.545s][info][gc,heap        ] GC(77) ParOldGen: 394562K(421888K)->411138K(421888K)
[2.545s][info][gc,metaspace   ] GC(77) Metaspace: 6299K(6464K)->6299K(6464K) NonClass: 5766K(5824K)->5766K(5824K) Class: 533K(640K)->533K(640K)
[2.545s][info][gc             ] GC(77) Pause Young (Allocation Failure) 420M->420M(466M) 17.640ms
[2.545s][info][gc,cpu         ] GC(77) User=0.12s Sys=0.00s Real=0.02s
[2.545s][info][gc,start       ] GC(78) Pause Full (Ergonomics)
[2.545s][info][gc,phases,start] GC(78) Marking Phase
[2.636s][info][gc,phases      ] GC(78) Marking Phase 90.238ms
[2.636s][info][gc,phases,start] GC(78) Summary Phase
[2.636s][info][gc,phases      ] GC(78) Summary Phase 0.025ms
[2.636s][info][gc,phases,start] GC(78) Adjust Roots
[2.636s][info][gc,phases      ] GC(78) Adjust Roots 0.170ms
[2.636s][info][gc,phases,start] GC(78) Compaction Phase
[2.682s][info][gc,phases      ] GC(78) Compaction Phase 45.945ms
[2.682s][info][gc,phases,start] GC(78) Post Compact
[2.684s][info][gc,phases      ] GC(78) Post Compact 2.310ms
[2.685s][info][gc,heap        ] GC(78) PSYoungGen: 19552K(55808K)->8156K(56832K) Eden: 0K(11264K)->0K(12288K) From: 19552K(44544K)->8156K(44544K)
[2.685s][info][gc,heap        ] GC(78) ParOldGen: 411138K(421888K)->421750K(475648K)
[2.685s][info][gc,metaspace   ] GC(78) Metaspace: 6299K(6464K)->6299K(6464K) NonClass: 5766K(5824K)->5766K(5824K) Class: 533K(640K)->533K(640K)
[2.685s][info][gc             ] GC(78) Pause Full (Ergonomics) 420M->419M(520M) 139.246ms
[2.685s][info][gc,cpu         ] GC(78) User=0.98s Sys=0.00s Real=0.14s
[2.697s][info][gc,start       ] GC(79) Pause Young (Allocation Failure)
[2.725s][info][gc,heap        ] GC(79) PSYoungGen: 20444K(56832K)->12384K(57856K) Eden: 12288K(12288K)->0K(12288K) From: 8156K(44544K)->12384K(45568K)
[2.725s][info][gc,heap        ] GC(79) ParOldGen: 421750K(475648K)->430054K(475648K)
[2.725s][info][gc,metaspace   ] GC(79) Metaspace: 6299K(6464K)->6299K(6464K) NonClass: 5766K(5824K)->5766K(5824K) Class: 533K(640K)->533K(640K)
[2.725s][info][gc             ] GC(79) Pause Young (Allocation Failure) 431M->432M(521M) 27.235ms
[2.725s][info][gc,cpu         ] GC(79) User=0.14s Sys=0.00s Real=0.03s
[2.737s][info][gc,start       ] GC(80) Pause Young (Allocation Failure)
[2.751s][info][gc,heap        ] GC(80) PSYoungGen: 24672K(57856K)->12384K(59392K) Eden: 12288K(12288K)->0K(13824K) From: 12384K(45568K)->12384K(45568K)
[2.751s][info][gc,heap        ] GC(80) ParOldGen: 430054K(475648K)->442518K(475648K)
[2.751s][info][gc,metaspace   ] GC(80) Metaspace: 6299K(6464K)->6299K(6464K) NonClass: 5766K(5824K)->5766K(5824K) Class: 533K(640K)->533K(640K)
[2.751s][info][gc             ] GC(80) Pause Young (Allocation Failure) 444M->444M(522M) 13.650ms
[2.751s][info][gc,cpu         ] GC(80) User=0.02s Sys=0.00s Real=0.01s
[2.766s][info][gc,start       ] GC(81) Pause Young (Allocation Failure)
[2.780s][info][gc,heap        ] GC(81) PSYoungGen: 26208K(59392K)->13952K(59392K) Eden: 13824K(13824K)->0K(13824K) From: 12384K(45568K)->13952K(45568K)
[2.780s][info][gc,heap        ] GC(81) ParOldGen: 442518K(475648K)->454974K(475648K)
[2.780s][info][gc,metaspace   ] GC(81) Metaspace: 6299K(6464K)->6299K(6464K) NonClass: 5766K(5824K)->5766K(5824K) Class: 533K(640K)->533K(640K)
[2.780s][info][gc             ] GC(81) Pause Young (Allocation Failure) 457M->457M(522M) 14.388ms
[2.780s][info][gc,cpu         ] GC(81) User=0.00s Sys=0.00s Real=0.02s
[2.795s][info][gc,start       ] GC(82) Pause Young (Allocation Failure)
[2.810s][info][gc,heap        ] GC(82) PSYoungGen: 27776K(59392K)->13984K(57856K) Eden: 13824K(13824K)->0K(15360K) From: 13952K(45568K)->13984K(42496K)
[2.810s][info][gc,heap        ] GC(82) ParOldGen: 454974K(475648K)->468990K(475648K)
[2.810s][info][gc,metaspace   ] GC(82) Metaspace: 6299K(6464K)->6299K(6464K) NonClass: 5766K(5824K)->5766K(5824K) Class: 533K(640K)->533K(640K)
[2.810s][info][gc             ] GC(82) Pause Young (Allocation Failure) 471M->471M(521M) 15.503ms
[2.810s][info][gc,cpu         ] GC(82) User=0.02s Sys=0.00s Real=0.02s
[2.810s][info][gc,start       ] GC(83) Pause Full (Ergonomics)
[2.810s][info][gc,phases,start] GC(83) Marking Phase
[2.911s][info][gc,phases      ] GC(83) Marking Phase 100.756ms
[2.911s][info][gc,phases,start] GC(83) Summary Phase
[2.911s][info][gc,phases      ] GC(83) Summary Phase 0.025ms
[2.911s][info][gc,phases,start] GC(83) Adjust Roots
[2.911s][info][gc,phases      ] GC(83) Adjust Roots 0.153ms
[2.911s][info][gc,phases,start] GC(83) Compaction Phase
[2.958s][info][gc,phases      ] GC(83) Compaction Phase 46.360ms
[2.958s][info][gc,phases,start] GC(83) Post Compact
[2.960s][info][gc,phases      ] GC(83) Post Compact 2.423ms
[2.961s][info][gc,heap        ] GC(83) PSYoungGen: 13984K(57856K)->6640K(58880K) Eden: 0K(15360K)->0K(16384K) From: 13984K(42496K)->6640K(42496K)
[2.961s][info][gc,heap        ] GC(83) ParOldGen: 468990K(475648K)->475364K(533504K)
[2.961s][info][gc,metaspace   ] GC(83) Metaspace: 6299K(6464K)->6299K(6464K) NonClass: 5766K(5824K)->5766K(5824K) Class: 533K(640K)->533K(640K)
[2.961s][info][gc             ] GC(83) Pause Full (Ergonomics) 471M->470M(578M) 150.261ms
[2.961s][info][gc,cpu         ] GC(83) User=1.12s Sys=0.00s Real=0.15s
[2.978s][info][gc,start       ] GC(84) Pause Young (Allocation Failure)
[3.009s][info][gc,heap        ] GC(84) PSYoungGen: 23024K(58880K)->16512K(59904K) Eden: 16384K(16384K)->0K(16384K) From: 6640K(42496K)->16512K(43520K)
[3.009s][info][gc,heap        ] GC(84) ParOldGen: 475364K(533504K)->482108K(533504K)
[3.009s][info][gc,metaspace   ] GC(84) Metaspace: 6299K(6464K)->6299K(6464K) NonClass: 5766K(5824K)->5766K(5824K) Class: 533K(640K)->533K(640K)
[3.009s][info][gc             ] GC(84) Pause Young (Allocation Failure) 486M->486M(579M) 30.957ms
[3.009s][info][gc,cpu         ] GC(84) User=0.14s Sys=0.00s Real=0.03s
[3.027s][info][gc,start       ] GC(85) Pause Young (Allocation Failure)
[3.044s][info][gc,heap        ] GC(85) PSYoungGen: 32896K(59904K)->32928K(57856K) Eden: 16384K(16384K)->0K(15872K) From: 16512K(43520K)->32928K(41984K)
[3.044s][info][gc,heap        ] GC(85) ParOldGen: 482108K(533504K)->482108K(533504K)
[3.044s][info][gc,metaspace   ] GC(85) Metaspace: 6299K(6464K)->6299K(6464K) NonClass: 5766K(5824K)->5766K(5824K) Class: 533K(640K)->533K(640K)
[3.044s][info][gc             ] GC(85) Pause Young (Allocation Failure) 502M->502M(577M) 17.242ms
[3.044s][info][gc,cpu         ] GC(85) User=0.05s Sys=0.00s Real=0.02s
[3.061s][info][gc,start       ] GC(86) Pause Young (Allocation Failure)
[3.085s][info][gc,heap        ] GC(86) PSYoungGen: 48800K(57856K)->44544K(60416K) Eden: 15872K(15872K)->0K(15872K) From: 32928K(41984K)->44544K(44544K)
[3.085s][info][gc,heap        ] GC(86) ParOldGen: 482108K(533504K)->486300K(533504K)
[3.085s][info][gc,metaspace   ] GC(86) Metaspace: 6299K(6464K)->6299K(6464K) NonClass: 5766K(5824K)->5766K(5824K) Class: 533K(640K)->533K(640K)
[3.085s][info][gc             ] GC(86) Pause Young (Allocation Failure) 518M->518M(580M) 24.128ms
[3.085s][info][gc,cpu         ] GC(86) User=0.14s Sys=0.00s Real=0.02s
[3.102s][info][gc,start       ] GC(87) Pause Young (Allocation Failure)
[3.131s][info][gc,heap        ] GC(87) PSYoungGen: 60416K(60416K)->30080K(69120K) Eden: 15872K(15872K)->0K(17920K) From: 44544K(44544K)->30080K(51200K)
[3.131s][info][gc,heap        ] GC(87) ParOldGen: 486300K(533504K)->517084K(533504K)
[3.131s][info][gc,metaspace   ] GC(87) Metaspace: 6299K(6464K)->6299K(6464K) NonClass: 5766K(5824K)->5766K(5824K) Class: 533K(640K)->533K(640K)
[3.131s][info][gc             ] GC(87) Pause Young (Allocation Failure) 533M->534M(588M) 29.043ms
[3.131s][info][gc,cpu         ] GC(87) User=0.14s Sys=0.00s Real=0.03s
[3.131s][info][gc,start       ] GC(88) Pause Full (Ergonomics)
[3.131s][info][gc,phases,start] GC(88) Marking Phase
[3.253s][info][gc,phases      ] GC(88) Marking Phase 121.357ms
[3.253s][info][gc,phases,start] GC(88) Summary Phase
[3.253s][info][gc,phases      ] GC(88) Summary Phase 0.028ms
[3.253s][info][gc,phases,start] GC(88) Adjust Roots
[3.253s][info][gc,phases      ] GC(88) Adjust Roots 0.165ms
[3.253s][info][gc,phases,start] GC(88) Compaction Phase
[3.306s][info][gc,phases      ] GC(88) Compaction Phase 52.522ms
[3.306s][info][gc,phases,start] GC(88) Post Compact
[3.307s][info][gc,phases      ] GC(88) Post Compact 1.022ms
[3.307s][info][gc,heap        ] GC(88) PSYoungGen: 30080K(69120K)->13081K(69632K) Eden: 0K(17920K)->0K(18432K) From: 30080K(51200K)->13081K(51200K)
[3.307s][info][gc,heap        ] GC(88) ParOldGen: 517084K(533504K)->533309K(601088K)
[3.307s][info][gc,metaspace   ] GC(88) Metaspace: 6299K(6464K)->6299K(6464K) NonClass: 5766K(5824K)->5766K(5824K) Class: 533K(640K)->533K(640K)
[3.307s][info][gc             ] GC(88) Pause Full (Ergonomics) 534M->533M(655M) 175.731ms
[3.307s][info][gc,cpu         ] GC(88) User=1.12s Sys=0.03s Real=0.18s
[3.328s][info][gc,start       ] GC(89) Pause Young (Allocation Failure)
[3.365s][info][gc,heap        ] GC(89) PSYoungGen: 31513K(69632K)->25344K(44032K) Eden: 18432K(18432K)->0K(18432K) From: 13081K(51200K)->25344K(25600K)
[3.365s][info][gc,heap        ] GC(89) ParOldGen: 533309K(601088K)->539789K(601088K)
[3.365s][info][gc,metaspace   ] GC(89) Metaspace: 6299K(6464K)->6299K(6464K) NonClass: 5766K(5824K)->5766K(5824K) Class: 533K(640K)->533K(640K)
[3.365s][info][gc             ] GC(89) Pause Young (Allocation Failure) 551M->551M(630M) 37.448ms
[3.365s][info][gc,cpu         ] GC(89) User=0.27s Sys=0.00s Real=0.04s
[3.386s][info][gc,start       ] GC(90) Pause Young (Allocation Failure)
[3.409s][info][gc,heap        ] GC(90) PSYoungGen: 43776K(44032K)->43712K(65024K) Eden: 18432K(18432K)->0K(15872K) From: 25344K(25600K)->43712K(49152K)
[3.409s][info][gc,heap        ] GC(90) ParOldGen: 539789K(601088K)->539789K(601088K)
[3.409s][info][gc,metaspace   ] GC(90) Metaspace: 6299K(6464K)->6299K(6464K) NonClass: 5766K(5824K)->5766K(5824K) Class: 533K(640K)->533K(640K)
[3.409s][info][gc             ] GC(90) Pause Young (Allocation Failure) 569M->569M(650M) 23.182ms
[3.409s][info][gc,cpu         ] GC(90) User=0.12s Sys=0.02s Real=0.02s
[3.426s][info][gc,start       ] GC(91) Pause Young (Allocation Failure)
[3.455s][info][gc,heap        ] GC(91) PSYoungGen: 59584K(65024K)->53760K(69632K) Eden: 15872K(15872K)->0K(15872K) From: 43712K(49152K)->53760K(53760K)
[3.455s][info][gc,heap        ] GC(91) ParOldGen: 539789K(601088K)->545597K(601088K)
[3.455s][info][gc,metaspace   ] GC(91) Metaspace: 6299K(6464K)->6299K(6464K) NonClass: 5766K(5824K)->5766K(5824K) Class: 533K(640K)->533K(640K)
[3.455s][info][gc             ] GC(91) Pause Young (Allocation Failure) 585M->585M(655M) 28.563ms
[3.455s][info][gc,cpu         ] GC(91) User=0.12s Sys=0.00s Real=0.03s
[3.473s][info][gc,start       ] GC(92) Pause Young (Allocation Failure)
[3.507s][info][gc,heap        ] GC(92) PSYoungGen: 69632K(69632K)->47936K(77312K) Eden: 15872K(15872K)->0K(14336K) From: 53760K(53760K)->47936K(62976K)
[3.507s][info][gc,heap        ] GC(92) ParOldGen: 545597K(601088K)->567741K(601088K)
[3.507s][info][gc,metaspace   ] GC(92) Metaspace: 6299K(6464K)->6299K(6464K) NonClass: 5766K(5824K)->5766K(5824K) Class: 533K(640K)->533K(640K)
[3.507s][info][gc             ] GC(92) Pause Young (Allocation Failure) 600M->601M(662M) 33.732ms
[3.507s][info][gc,cpu         ] GC(92) User=0.22s Sys=0.03s Real=0.03s
[3.525s][info][gc,start       ] GC(93) Pause Young (Allocation Failure)
[3.555s][info][gc,heap        ] GC(93) PSYoungGen: 62272K(77312K)->45536K(80896K) Eden: 14336K(14336K)->0K(14336K) From: 47936K(62976K)->45536K(66560K)
[3.555s][info][gc,heap        ] GC(93) ParOldGen: 567741K(601088K)->584701K(601088K)
[3.555s][info][gc,metaspace   ] GC(93) Metaspace: 6299K(6464K)->6299K(6464K) NonClass: 5766K(5824K)->5766K(5824K) Class: 533K(640K)->533K(640K)
[3.555s][info][gc             ] GC(93) Pause Young (Allocation Failure) 615M->615M(666M) 30.402ms
[3.555s][info][gc,cpu         ] GC(93) User=0.12s Sys=0.02s Real=0.03s
[3.555s][info][gc,start       ] GC(94) Pause Full (Ergonomics)
[3.555s][info][gc,phases,start] GC(94) Marking Phase
[3.692s][info][gc,phases      ] GC(94) Marking Phase 137.006ms
[3.692s][info][gc,phases,start] GC(94) Summary Phase
[3.692s][info][gc,phases      ] GC(94) Summary Phase 0.022ms
[3.692s][info][gc,phases,start] GC(94) Adjust Roots
[3.692s][info][gc,phases      ] GC(94) Adjust Roots 0.158ms
[3.692s][info][gc,phases,start] GC(94) Compaction Phase
[3.751s][info][gc,phases      ] GC(94) Compaction Phase 58.553ms
[3.751s][info][gc,phases,start] GC(94) Post Compact
[3.752s][info][gc,phases      ] GC(94) Post Compact 1.035ms
[3.752s][info][gc,heap        ] GC(94) PSYoungGen: 45536K(80896K)->28411K(80896K) Eden: 0K(14336K)->0K(14336K) From: 45536K(66560K)->28411K(66560K)
[3.752s][info][gc,heap        ] GC(94) ParOldGen: 584701K(601088K)->600771K(673792K)
[3.752s][info][gc,metaspace   ] GC(94) Metaspace: 6299K(6464K)->6299K(6464K) NonClass: 5766K(5824K)->5766K(5824K) Class: 533K(640K)->533K(640K)
[3.752s][info][gc             ] GC(94) Pause Full (Ergonomics) 615M->614M(737M) 197.331ms
[3.752s][info][gc,cpu         ] GC(94) User=1.38s Sys=0.02s Real=0.20s
[3.769s][info][gc,start       ] GC(95) Pause Young (Allocation Failure)
[3.817s][info][gc,heap        ] GC(95) PSYoungGen: 42747K(80896K)->22208K(80384K) Eden: 14336K(14336K)->0K(15872K) From: 28411K(66560K)->22208K(64512K)
[3.818s][info][gc,heap        ] GC(95) ParOldGen: 600771K(673792K)->621755K(673792K)
[3.818s][info][gc,metaspace   ] GC(95) Metaspace: 6299K(6464K)->6299K(6464K) NonClass: 5766K(5824K)->5766K(5824K) Class: 533K(640K)->533K(640K)
[3.818s][info][gc             ] GC(95) Pause Young (Allocation Failure) 628M->628M(736M) 48.290ms
[3.818s][info][gc,cpu         ] GC(95) User=0.27s Sys=0.00s Real=0.05s
[3.836s][info][gc,start       ] GC(96) Pause Young (Allocation Failure)
[3.857s][info][gc,heap        ] GC(96) PSYoungGen: 38080K(80384K)->30304K(46592K) Eden: 15872K(15872K)->0K(15872K) From: 22208K(64512K)->30304K(30720K)
[3.857s][info][gc,heap        ] GC(96) ParOldGen: 621755K(673792K)->629627K(673792K)
[3.857s][info][gc,metaspace   ] GC(96) Metaspace: 6299K(6464K)->6299K(6464K) NonClass: 5766K(5824K)->5766K(5824K) Class: 533K(640K)->533K(640K)
[3.857s][info][gc             ] GC(96) Pause Young (Allocation Failure) 644M->644M(703M) 21.124ms
[3.857s][info][gc,cpu         ] GC(96) User=0.12s Sys=0.00s Real=0.02s
[3.876s][info][gc,start       ] GC(97) Pause Young (Allocation Failure)
[3.900s][info][gc,heap        ] GC(97) PSYoungGen: 46176K(46592K)->31904K(75264K) Eden: 15872K(15872K)->0K(17920K) From: 30304K(30720K)->31904K(57344K)
[3.900s][info][gc,heap        ] GC(97) ParOldGen: 629627K(673792K)->644163K(673792K)
[3.900s][info][gc,metaspace   ] GC(97) Metaspace: 6299K(6464K)->6299K(6464K) NonClass: 5766K(5824K)->5766K(5824K) Class: 533K(640K)->533K(640K)
[3.900s][info][gc             ] GC(97) Pause Young (Allocation Failure) 659M->660M(731M) 23.713ms
[3.900s][info][gc,cpu         ] GC(97) User=0.11s Sys=0.02s Real=0.02s
[3.923s][info][gc,start       ] GC(98) Pause Young (Allocation Failure)
[3.949s][info][gc,heap        ] GC(98) PSYoungGen: 49824K(75264K)->33920K(78336K) Eden: 17920K(17920K)->0K(17920K) From: 31904K(57344K)->33920K(60416K)
[3.949s][info][gc,heap        ] GC(98) ParOldGen: 644163K(673792K)->660259K(673792K)
[3.949s][info][gc,metaspace   ] GC(98) Metaspace: 6299K(6464K)->6299K(6464K) NonClass: 5766K(5824K)->5766K(5824K) Class: 533K(640K)->533K(640K)
[3.949s][info][gc             ] GC(98) Pause Young (Allocation Failure) 677M->677M(734M) 26.399ms
[3.949s][info][gc,cpu         ] GC(98) User=0.09s Sys=0.03s Real=0.03s
[3.949s][info][gc,start       ] GC(99) Pause Full (Ergonomics)
[3.949s][info][gc,phases,start] GC(99) Marking Phase
[4.095s][info][gc,phases      ] GC(99) Marking Phase 145.756ms
[4.095s][info][gc,phases,start] GC(99) Summary Phase
[4.095s][info][gc,phases      ] GC(99) Summary Phase 0.021ms
[4.095s][info][gc,phases,start] GC(99) Adjust Roots
[4.095s][info][gc,phases      ] GC(99) Adjust Roots 0.155ms
[4.095s][info][gc,phases,start] GC(99) Compaction Phase
[4.155s][info][gc,phases      ] GC(99) Compaction Phase 59.543ms
[4.155s][info][gc,phases,start] GC(99) Post Compact
[4.156s][info][gc,phases      ] GC(99) Post Compact 1.128ms
[4.156s][info][gc,heap        ] GC(99) PSYoungGen: 33920K(78336K)->19420K(78336K) Eden: 0K(17920K)->0K(17920K) From: 33920K(60416K)->19420K(60416K)
[4.156s][info][gc,heap        ] GC(99) ParOldGen: 660259K(673792K)->673635K(751616K)
[4.156s][info][gc,metaspace   ] GC(99) Metaspace: 6299K(6464K)->6299K(6464K) NonClass: 5766K(5824K)->5766K(5824K) Class: 533K(640K)->533K(640K)
[4.156s][info][gc             ] GC(99) Pause Full (Ergonomics) 677M->676M(810M) 207.134ms
[4.156s][info][gc,cpu         ] GC(99) User=1.52s Sys=0.00s Real=0.21s
[4.296s][info][gc,start       ] GC(100) Pause Young (Allocation Failure)
[4.339s][info][gc,heap        ] GC(100) PSYoungGen: 37340K(78336K)->27744K(74240K) Eden: 17920K(17920K)->0K(19968K) From: 19420K(60416K)->27744K(54272K)
[4.339s][info][gc,heap        ] GC(100) ParOldGen: 706403K(751616K)->716315K(751616K)
[4.339s][info][gc,metaspace   ] GC(100) Metaspace: 6299K(6464K)->6299K(6464K) NonClass: 5766K(5824K)->5766K(5824K) Class: 533K(640K)->533K(640K)
[4.339s][info][gc             ] GC(100) Pause Young (Allocation Failure) 726M->726M(806M) 43.590ms
[4.339s][info][gc,cpu         ] GC(100) User=0.28s Sys=0.05s Real=0.04s
[4.361s][info][gc,start       ] GC(101) Pause Young (Allocation Failure)
[4.387s][info][gc,heap        ] GC(101) PSYoungGen: 47712K(74240K)->47776K(76288K) Eden: 19968K(19968K)->0K(19968K) From: 27744K(54272K)->47776K(56320K)
[4.387s][info][gc,heap        ] GC(101) ParOldGen: 716315K(751616K)->716315K(751616K)
[4.387s][info][gc,metaspace   ] GC(101) Metaspace: 6299K(6464K)->6299K(6464K) NonClass: 5766K(5824K)->5766K(5824K) Class: 533K(640K)->533K(640K)
[4.387s][info][gc             ] GC(101) Pause Young (Allocation Failure) 746M->746M(808M) 25.679ms
[4.387s][info][gc,cpu         ] GC(101) User=0.05s Sys=0.00s Real=0.02s
[4.408s][info][gc,start       ] GC(102) Pause Young (Allocation Failure)
[4.441s][info][gc,heap        ] GC(102) PSYoungGen: 67744K(76288K)->59904K(71680K) Eden: 19968K(19968K)->0K(11776K) From: 47776K(56320K)->59904K(59904K)
[4.441s][info][gc,heap        ] GC(102) ParOldGen: 716315K(751616K)->724123K(751616K)
[4.441s][info][gc,metaspace   ] GC(102) Metaspace: 6299K(6464K)->6299K(6464K) NonClass: 5766K(5824K)->5766K(5824K) Class: 533K(640K)->533K(640K)
[4.441s][info][gc             ] GC(102) Pause Young (Allocation Failure) 765M->765M(804M) 33.014ms
[4.441s][info][gc,cpu         ] GC(102) User=0.25s Sys=0.00s Real=0.03s
[4.453s][info][gc,start       ] GC(103) Pause Young (Allocation Failure)
[4.487s][info][gc,heap        ] GC(103) PSYoungGen: 71680K(71680K)->46848K(81920K) Eden: 11776K(11776K)->0K(11776K) From: 59904K(59904K)->46848K(70144K)
[4.487s][info][gc,heap        ] GC(103) ParOldGen: 724123K(751616K)->749411K(751616K)
[4.487s][info][gc,metaspace   ] GC(103) Metaspace: 6299K(6464K)->6299K(6464K) NonClass: 5766K(5824K)->5766K(5824K) Class: 533K(640K)->533K(640K)
[4.487s][info][gc             ] GC(103) Pause Young (Allocation Failure) 777M->777M(814M) 34.061ms
[4.487s][info][gc,cpu         ] GC(103) User=0.25s Sys=0.00s Real=0.03s
[4.487s][info][gc,start       ] GC(104) Pause Full (Ergonomics)
[4.487s][info][gc,phases,start] GC(104) Marking Phase
[4.657s][info][gc,phases      ] GC(104) Marking Phase 169.553ms
[4.657s][info][gc,phases,start] GC(104) Summary Phase
[4.657s][info][gc,phases      ] GC(104) Summary Phase 0.033ms
[4.657s][info][gc,phases,start] GC(104) Adjust Roots
[4.657s][info][gc,phases      ] GC(104) Adjust Roots 0.170ms
[4.657s][info][gc,phases,start] GC(104) Compaction Phase
[4.789s][info][gc,phases      ] GC(104) Compaction Phase 132.189ms
[4.789s][info][gc,phases,start] GC(104) Post Compact
[4.791s][info][gc,phases      ] GC(104) Post Compact 1.584ms
[4.791s][info][gc,heap        ] GC(104) PSYoungGen: 46848K(81920K)->27694K(81920K) Eden: 0K(11776K)->0K(11776K) From: 46848K(70144K)->27694K(70144K)
[4.791s][info][gc,heap        ] GC(104) ParOldGen: 749411K(751616K)->751247K(835072K)
[4.791s][info][gc,metaspace   ] GC(104) Metaspace: 6299K(6464K)->6299K(6464K) NonClass: 5766K(5824K)->5766K(5824K) Class: 533K(640K)->533K(640K)
[4.791s][info][gc             ] GC(104) Pause Full (Ergonomics) 777M->760M(895M) 304.133ms
[4.792s][info][gc,cpu         ] GC(104) User=1.91s Sys=0.00s Real=0.30s
[4.806s][info][gc,start       ] GC(105) Pause Young (Allocation Failure)
[4.854s][info][gc,heap        ] GC(105) PSYoungGen: 39470K(81920K)->18976K(82944K) Eden: 11776K(11776K)->0K(13312K) From: 27694K(70144K)->18976K(69632K)
[4.854s][info][gc,heap        ] GC(105) ParOldGen: 751247K(835072K)->772167K(835072K)
[4.854s][info][gc,metaspace   ] GC(105) Metaspace: 6299K(6464K)->6299K(6464K) NonClass: 5766K(5824K)->5766K(5824K) Class: 533K(640K)->533K(640K)
[4.854s][info][gc             ] GC(105) Pause Young (Allocation Failure) 772M->772M(896M) 48.266ms
[4.854s][info][gc,cpu         ] GC(105) User=0.25s Sys=0.02s Real=0.05s
[4.867s][info][gc,start       ] GC(106) Pause Young (Allocation Failure)
[4.885s][info][gc,heap        ] GC(106) PSYoungGen: 32288K(82944K)->32256K(45568K) Eden: 13312K(13312K)->0K(13312K) From: 18976K(69632K)->32256K(32256K)
[4.885s][info][gc,heap        ] GC(106) ParOldGen: 772167K(835072K)->772167K(835072K)
[4.885s][info][gc,metaspace   ] GC(106) Metaspace: 6299K(6464K)->6299K(6464K) NonClass: 5766K(5824K)->5766K(5824K) Class: 533K(640K)->533K(640K)
[4.885s][info][gc             ] GC(106) Pause Young (Allocation Failure) 785M->785M(860M) 18.011ms
[4.885s][info][gc,cpu         ] GC(106) User=0.03s Sys=0.00s Real=0.02s
[4.899s][info][gc,start       ] GC(107) Pause Young (Allocation Failure)
[4.922s][info][gc,heap        ] GC(107) PSYoungGen: 45568K(45568K)->38560K(79360K) Eden: 13312K(13312K)->0K(15360K) From: 32256K(32256K)->38560K(64000K)
[4.922s][info][gc,heap        ] GC(107) ParOldGen: 772167K(835072K)->779359K(835072K)
[4.922s][info][gc,metaspace   ] GC(107) Metaspace: 6299K(6464K)->6299K(6464K) NonClass: 5766K(5824K)->5766K(5824K) Class: 533K(640K)->533K(640K)
[4.922s][info][gc             ] GC(107) Pause Young (Allocation Failure) 798M->798M(893M) 22.598ms
[4.922s][info][gc,cpu         ] GC(107) User=0.12s Sys=0.00s Real=0.02s
[4.938s][info][gc,start       ] GC(108) Pause Young (Allocation Failure)
[4.964s][info][gc,heap        ] GC(108) PSYoungGen: 53920K(79360K)->42112K(80896K) Eden: 15360K(15360K)->0K(15360K) From: 38560K(64000K)->42112K(65536K)
[4.964s][info][gc,heap        ] GC(108) ParOldGen: 779359K(835072K)->791287K(835072K)
[4.964s][info][gc,metaspace   ] GC(108) Metaspace: 6299K(6464K)->6299K(6464K) NonClass: 5766K(5824K)->5766K(5824K) Class: 533K(640K)->533K(640K)
[4.964s][info][gc             ] GC(108) Pause Young (Allocation Failure) 813M->813M(894M) 26.041ms
[4.964s][info][gc,cpu         ] GC(108) User=0.11s Sys=0.02s Real=0.03s
[4.981s][info][gc,start       ] GC(109) Pause Young (Allocation Failure)
[5.009s][info][gc,heap        ] GC(109) PSYoungGen: 57472K(80896K)->44128K(82432K) Eden: 15360K(15360K)->0K(17408K) From: 42112K(65536K)->44128K(65024K)
[5.009s][info][gc,heap        ] GC(109) ParOldGen: 791287K(835072K)->804791K(835072K)
[5.009s][info][gc,metaspace   ] GC(109) Metaspace: 6299K(6464K)->6299K(6464K) NonClass: 5766K(5824K)->5766K(5824K) Class: 533K(640K)->533K(640K)
[5.009s][info][gc             ] GC(109) Pause Young (Allocation Failure) 828M->829M(896M) 28.107ms
[5.009s][info][gc,cpu         ] GC(109) User=0.14s Sys=0.00s Real=0.03s
[5.028s][info][gc,start       ] GC(110) Pause Young (Allocation Failure)
[5.058s][info][gc,heap        ] GC(110) PSYoungGen: 61536K(82432K)->32896K(82432K) Eden: 17408K(17408K)->0K(17408K) From: 44128K(65024K)->32896K(65024K)
[5.058s][info][gc,heap        ] GC(110) ParOldGen: 804791K(835072K)->833823K(835072K)
[5.058s][info][gc,metaspace   ] GC(110) Metaspace: 6299K(6464K)->6299K(6464K) NonClass: 5766K(5824K)->5766K(5824K) Class: 533K(640K)->533K(640K)
[5.058s][info][gc             ] GC(110) Pause Young (Allocation Failure) 846M->846M(896M) 30.668ms
[5.058s][info][gc,cpu         ] GC(110) User=0.14s Sys=0.00s Real=0.03s
[5.058s][info][gc,start       ] GC(111) Pause Full (Ergonomics)
[5.058s][info][gc,phases,start] GC(111) Marking Phase
[5.251s][info][gc,phases      ] GC(111) Marking Phase 192.963ms
[5.251s][info][gc,phases,start] GC(111) Summary Phase
[5.251s][info][gc,phases      ] GC(111) Summary Phase 0.024ms
[5.251s][info][gc,phases,start] GC(111) Adjust Roots
[5.252s][info][gc,phases      ] GC(111) Adjust Roots 0.158ms
[5.252s][info][gc,phases,start] GC(111) Compaction Phase
[5.344s][info][gc,phases      ] GC(111) Compaction Phase 92.863ms
[5.345s][info][gc,phases,start] GC(111) Post Compact
[5.346s][info][gc,phases      ] GC(111) Post Compact 1.486ms
[5.346s][info][gc,heap        ] GC(111) PSYoungGen: 32896K(82432K)->30657K(82432K) Eden: 0K(17408K)->0K(17408K) From: 32896K(65024K)->30657K(65024K)
[5.346s][info][gc,heap        ] GC(111) ParOldGen: 833823K(835072K)->834624K(926720K)
[5.347s][info][gc,metaspace   ] GC(111) Metaspace: 6299K(6464K)->6299K(6464K) NonClass: 5766K(5824K)->5766K(5824K) Class: 533K(640K)->533K(640K)
[5.347s][info][gc             ] GC(111) Pause Full (Ergonomics) 846M->845M(985M) 288.176ms
[5.347s][info][gc,cpu         ] GC(111) User=2.09s Sys=0.00s Real=0.29s
[5.367s][info][gc,start       ] GC(112) Pause Young (Allocation Failure)
[5.422s][info][gc,heap        ] GC(112) PSYoungGen: 48065K(82432K)->17536K(81920K) Eden: 17408K(17408K)->0K(18944K) From: 30657K(65024K)->17536K(62976K)
[5.422s][info][gc,heap        ] GC(112) ParOldGen: 834624K(926720K)->865736K(926720K)
[5.422s][info][gc,metaspace   ] GC(112) Metaspace: 6299K(6464K)->6299K(6464K) NonClass: 5766K(5824K)->5766K(5824K) Class: 533K(640K)->533K(640K)
[5.422s][info][gc             ] GC(112) Pause Young (Allocation Failure) 862M->862M(985M) 55.038ms
[5.422s][info][gc,cpu         ] GC(112) User=0.31s Sys=0.06s Real=0.06s
[5.441s][info][gc,start       ] GC(113) Pause Young (Allocation Failure)
[5.462s][info][gc,heap        ] GC(113) PSYoungGen: 36480K(81920K)->19104K(82432K) Eden: 18944K(18944K)->0K(18944K) From: 17536K(62976K)->19104K(63488K)
[5.462s][info][gc,heap        ] GC(113) ParOldGen: 865736K(926720K)->883384K(926720K)
[5.463s][info][gc,metaspace   ] GC(113) Metaspace: 6299K(6464K)->6299K(6464K) NonClass: 5766K(5824K)->5766K(5824K) Class: 533K(640K)->533K(640K)
[5.463s][info][gc             ] GC(113) Pause Young (Allocation Failure) 881M->881M(985M) 21.105ms
[5.463s][info][gc,cpu         ] GC(113) User=0.12s Sys=0.00s Real=0.02s
[5.484s][info][gc,start       ] GC(114) Pause Young (Allocation Failure)
[5.505s][info][gc,heap        ] GC(114) PSYoungGen: 38048K(82432K)->19104K(83456K) Eden: 18944K(18944K)->0K(20992K) From: 19104K(63488K)->19104K(62464K)
[5.505s][info][gc,heap        ] GC(114) ParOldGen: 883384K(926720K)->902576K(926720K)
[5.505s][info][gc,metaspace   ] GC(114) Metaspace: 6299K(6464K)->6299K(6464K) NonClass: 5766K(5824K)->5766K(5824K) Class: 533K(640K)->533K(640K)
[5.505s][info][gc             ] GC(114) Pause Young (Allocation Failure) 899M->900M(986M) 21.596ms
[5.505s][info][gc,cpu         ] GC(114) User=0.14s Sys=0.00s Real=0.02s
[5.505s][info][gc,start       ] GC(115) Pause Full (Ergonomics)
[5.505s][info][gc,phases,start] GC(115) Marking Phase
[5.703s][info][gc,phases      ] GC(115) Marking Phase 197.085ms
[5.703s][info][gc,phases,start] GC(115) Summary Phase
[5.703s][info][gc,phases      ] GC(115) Summary Phase 0.032ms
[5.703s][info][gc,phases,start] GC(115) Adjust Roots
[5.703s][info][gc,phases      ] GC(115) Adjust Roots 0.163ms
[5.703s][info][gc,phases,start] GC(115) Compaction Phase
[5.789s][info][gc,phases      ] GC(115) Compaction Phase 86.565ms
[5.789s][info][gc,phases,start] GC(115) Post Compact
[5.791s][info][gc,phases      ] GC(115) Post Compact 1.561ms
[5.791s][info][gc,heap        ] GC(115) PSYoungGen: 19104K(83456K)->0K(83968K) Eden: 0K(20992K)->0K(20992K) From: 19104K(62464K)->0K(62976K)
[5.791s][info][gc,heap        ] GC(115) ParOldGen: 902576K(926720K)->920480K(1022464K)
[5.792s][info][gc,metaspace   ] GC(115) Metaspace: 6299K(6464K)->6299K(6464K) NonClass: 5766K(5824K)->5766K(5824K) Class: 533K(640K)->533K(640K)
[5.792s][info][gc             ] GC(115) Pause Full (Ergonomics) 900M->898M(1080M) 286.104ms
[5.792s][info][gc,cpu         ] GC(115) User=1.94s Sys=0.03s Real=0.29s
[5.816s][info][gc,start       ] GC(116) Pause Young (Allocation Failure)
[5.831s][info][gc,heap        ] GC(116) PSYoungGen: 20992K(83968K)->21120K(82432K) Eden: 20992K(20992K)->0K(23040K) From: 0K(62976K)->21120K(59392K)
[5.831s][info][gc,heap        ] GC(116) ParOldGen: 920480K(1022464K)->920480K(1022464K)
[5.831s][info][gc,metaspace   ] GC(116) Metaspace: 6299K(6464K)->6299K(6464K) NonClass: 5766K(5824K)->5766K(5824K) Class: 533K(640K)->533K(640K)
[5.831s][info][gc             ] GC(116) Pause Young (Allocation Failure) 919M->919M(1079M) 15.003ms
[5.831s][info][gc,cpu         ] GC(116) User=0.02s Sys=0.00s Real=0.01s
[5.857s][info][gc,start       ] GC(117) Pause Young (Allocation Failure)
[5.881s][info][gc,heap        ] GC(117) PSYoungGen: 44160K(82432K)->44192K(84480K) Eden: 23040K(23040K)->0K(23040K) From: 21120K(59392K)->44192K(61440K)
[5.881s][info][gc,heap        ] GC(117) ParOldGen: 920480K(1022464K)->920480K(1022464K)
[5.881s][info][gc,metaspace   ] GC(117) Metaspace: 6299K(6464K)->6299K(6464K) NonClass: 5766K(5824K)->5766K(5824K) Class: 533K(640K)->533K(640K)
[5.881s][info][gc             ] GC(117) Pause Young (Allocation Failure) 942M->942M(1081M) 23.668ms
[5.881s][info][gc,cpu         ] GC(117) User=0.14s Sys=0.00s Real=0.02s
[5.907s][info][gc,start       ] GC(118) Pause Young (Allocation Failure)
[5.940s][info][gc,heap        ] GC(118) PSYoungGen: 67232K(84480K)->63488K(78848K) Eden: 23040K(23040K)->0K(15360K) From: 44192K(61440K)->63488K(63488K)
[5.940s][info][gc,heap        ] GC(118) ParOldGen: 920480K(1022464K)->924192K(1022464K)
[5.940s][info][gc,metaspace   ] GC(118) Metaspace: 6299K(6464K)->6299K(6464K) NonClass: 5766K(5824K)->5766K(5824K) Class: 533K(640K)->533K(640K)
[5.940s][info][gc             ] GC(118) Pause Young (Allocation Failure) 964M->964M(1075M) 32.992ms
[5.940s][info][gc,cpu         ] GC(118) User=0.16s Sys=0.00s Real=0.03s
[5.957s][info][gc,start       ] GC(119) Pause Young (Allocation Failure)
[5.994s][info][gc,heap        ] GC(119) PSYoungGen: 78848K(78848K)->36288K(51712K) Eden: 15360K(15360K)->0K(15360K) From: 63488K(63488K)->36288K(36352K)
[5.995s][info][gc,heap        ] GC(119) ParOldGen: 924192K(1022464K)->967448K(1022464K)
[5.995s][info][gc,metaspace   ] GC(119) Metaspace: 6299K(6464K)->6299K(6464K) NonClass: 5766K(5824K)->5766K(5824K) Class: 533K(640K)->533K(640K)
[5.995s][info][gc             ] GC(119) Pause Young (Allocation Failure) 979M->980M(1049M) 37.930ms
[5.995s][info][gc,cpu         ] GC(119) User=0.23s Sys=0.02s Real=0.04s
[6.012s][info][gc,start       ] GC(120) Pause Young (Allocation Failure)
[6.038s][info][gc,heap        ] GC(120) PSYoungGen: 51648K(51712K)->30816K(81920K) Eden: 15360K(15360K)->0K(17408K) From: 36288K(36352K)->30816K(64512K)
[6.038s][info][gc,heap        ] GC(120) ParOldGen: 967448K(1022464K)->988488K(1022464K)
[6.038s][info][gc,metaspace   ] GC(120) Metaspace: 6299K(6464K)->6299K(6464K) NonClass: 5766K(5824K)->5766K(5824K) Class: 533K(640K)->533K(640K)
[6.038s][info][gc             ] GC(120) Pause Young (Allocation Failure) 995M->995M(1078M) 26.397ms
[6.038s][info][gc,cpu         ] GC(120) User=0.14s Sys=0.00s Real=0.03s
[6.038s][info][gc,start       ] GC(121) Pause Full (Ergonomics)
[6.038s][info][gc,phases,start] GC(121) Marking Phase
[6.259s][info][gc,phases      ] GC(121) Marking Phase 220.460ms
[6.259s][info][gc,phases,start] GC(121) Summary Phase
[6.259s][info][gc,phases      ] GC(121) Summary Phase 0.037ms
[6.259s][info][gc,phases,start] GC(121) Adjust Roots
[6.259s][info][gc,phases      ] GC(121) Adjust Roots 0.151ms
[6.259s][info][gc,phases,start] GC(121) Compaction Phase
[6.351s][info][gc,phases      ] GC(121) Compaction Phase 91.527ms
[6.351s][info][gc,phases,start] GC(121) Post Compact
[6.352s][info][gc,phases      ] GC(121) Post Compact 1.631ms
[6.353s][info][gc,heap        ] GC(121) PSYoungGen: 30816K(81920K)->0K(84480K) Eden: 0K(17408K)->0K(17408K) From: 30816K(64512K)->0K(67072K)
[6.353s][info][gc,heap        ] GC(121) ParOldGen: 988488K(1022464K)->1018116K(1133568K)
[6.353s][info][gc,metaspace   ] GC(121) Metaspace: 6299K(6464K)->6299K(6464K) NonClass: 5766K(5824K)->5766K(5824K) Class: 533K(640K)->533K(640K)
[6.353s][info][gc             ] GC(121) Pause Full (Ergonomics) 995M->994M(1189M) 314.546ms
[6.353s][info][gc,cpu         ] GC(121) User=2.20s Sys=0.00s Real=0.32s
[6.372s][info][gc,start       ] GC(122) Pause Young (Allocation Failure)
[6.387s][info][gc,heap        ] GC(122) PSYoungGen: 17408K(84480K)->17536K(86528K) Eden: 17408K(17408K)->0K(19456K) From: 0K(67072K)->17536K(67072K)
[6.387s][info][gc,heap        ] GC(122) ParOldGen: 1018116K(1133568K)->1018116K(1133568K)
[6.387s][info][gc,metaspace   ] GC(122) Metaspace: 6299K(6464K)->6299K(6464K) NonClass: 5766K(5824K)->5766K(5824K) Class: 533K(640K)->533K(640K)
[6.387s][info][gc             ] GC(122) Pause Young (Allocation Failure) 1011M->1011M(1191M) 14.840ms
[6.387s][info][gc,cpu         ] GC(122) User=0.02s Sys=0.00s Real=0.01s
[6.410s][info][gc,start       ] GC(123) Pause Young (Allocation Failure)
[6.430s][info][gc,heap        ] GC(123) PSYoungGen: 36992K(86528K)->37024K(86528K) Eden: 19456K(19456K)->0K(19456K) From: 17536K(67072K)->37024K(67072K)
[6.430s][info][gc,heap        ] GC(123) ParOldGen: 1018116K(1133568K)->1018116K(1133568K)
[6.430s][info][gc,metaspace   ] GC(123) Metaspace: 6299K(6464K)->6299K(6464K) NonClass: 5766K(5824K)->5766K(5824K) Class: 533K(640K)->533K(640K)
[6.430s][info][gc             ] GC(123) Pause Young (Allocation Failure) 1030M->1030M(1191M) 20.331ms
[6.430s][info][gc,cpu         ] GC(123) User=0.12s Sys=0.00s Real=0.02s
[6.451s][info][gc,start       ] GC(124) Pause Young (Allocation Failure)
[6.480s][info][gc,heap        ] GC(124) PSYoungGen: 56480K(86528K)->56512K(80896K) Eden: 19456K(19456K)->0K(15872K) From: 37024K(67072K)->56512K(65024K)
[6.480s][info][gc,heap        ] GC(124) ParOldGen: 1018116K(1133568K)->1018116K(1133568K)
[6.480s][info][gc,metaspace   ] GC(124) Metaspace: 6299K(6464K)->6299K(6464K) NonClass: 5766K(5824K)->5766K(5824K) Class: 533K(640K)->533K(640K)
[6.480s][info][gc             ] GC(124) Pause Young (Allocation Failure) 1049M->1049M(1186M) 28.422ms
[6.480s][info][gc,cpu         ] GC(124) User=0.14s Sys=0.00s Real=0.03s
[6.497s][info][gc,start       ] GC(125) Pause Young (Allocation Failure)
[6.531s][info][gc,heap        ] GC(125) PSYoungGen: 72384K(80896K)->70656K(86528K) Eden: 15872K(15872K)->0K(15872K) From: 56512K(65024K)->70656K(70656K)
[6.531s][info][gc,heap        ] GC(125) ParOldGen: 1018116K(1133568K)->1019740K(1133568K)
[6.531s][info][gc,metaspace   ] GC(125) Metaspace: 6299K(6464K)->6299K(6464K) NonClass: 5766K(5824K)->5766K(5824K) Class: 533K(640K)->533K(640K)
[6.532s][info][gc             ] GC(125) Pause Young (Allocation Failure) 1064M->1064M(1191M) 34.427ms
[6.532s][info][gc,cpu         ] GC(125) User=0.19s Sys=0.00s Real=0.03s
[6.551s][info][gc,start       ] GC(126) Pause Young (Allocation Failure)
[6.592s][info][gc,heap        ] GC(126) PSYoungGen: 86528K(86528K)->69792K(91136K) Eden: 15872K(15872K)->0K(10752K) From: 70656K(70656K)->69792K(80384K)
[6.592s][info][gc,heap        ] GC(126) ParOldGen: 1019740K(1133568K)->1036884K(1133568K)
[6.592s][info][gc,metaspace   ] GC(126) Metaspace: 6299K(6464K)->6299K(6464K) NonClass: 5766K(5824K)->5766K(5824K) Class: 533K(640K)->533K(640K)
[6.592s][info][gc             ] GC(126) Pause Young (Allocation Failure) 1080M->1080M(1196M) 40.966ms
[6.592s][info][gc,cpu         ] GC(126) User=0.25s Sys=0.00s Real=0.04s
[6.604s][info][gc,start       ] GC(127) Pause Young (Allocation Failure)
[6.641s][info][gc,heap        ] GC(127) PSYoungGen: 80544K(91136K)->61440K(98304K) Eden: 10752K(10752K)->0K(10752K) From: 69792K(80384K)->61440K(87552K)
[6.641s][info][gc,heap        ] GC(127) ParOldGen: 1036884K(1133568K)->1056204K(1133568K)
[6.641s][info][gc,metaspace   ] GC(127) Metaspace: 6299K(6464K)->6299K(6464K) NonClass: 5766K(5824K)->5766K(5824K) Class: 533K(640K)->533K(640K)
[6.641s][info][gc             ] GC(127) Pause Young (Allocation Failure) 1091M->1091M(1203M) 37.832ms
[6.642s][info][gc,cpu         ] GC(127) User=0.25s Sys=0.02s Real=0.04s
[6.653s][info][gc,start       ] GC(128) Pause Young (Allocation Failure)
[6.688s][info][gc,heap        ] GC(128) PSYoungGen: 72192K(98304K)->37504K(95744K) Eden: 10752K(10752K)->0K(12800K) From: 61440K(87552K)->37504K(82944K)
[6.688s][info][gc,heap        ] GC(128) ParOldGen: 1056204K(1133568K)->1091292K(1133568K)
[6.688s][info][gc,metaspace   ] GC(128) Metaspace: 6299K(6464K)->6299K(6464K) NonClass: 5766K(5824K)->5766K(5824K) Class: 533K(640K)->533K(640K)
[6.688s][info][gc             ] GC(128) Pause Young (Allocation Failure) 1101M->1102M(1200M) 35.097ms
[6.688s][info][gc,cpu         ] GC(128) User=0.27s Sys=0.00s Real=0.04s
[6.704s][info][gc,start       ] GC(129) Pause Young (Allocation Failure)
[6.731s][info][gc,heap        ] GC(129) PSYoungGen: 50304K(95744K)->23648K(99328K) Eden: 12800K(12800K)->0K(12800K) From: 37504K(82944K)->23648K(86528K)
[6.731s][info][gc,heap        ] GC(129) ParOldGen: 1091292K(1133568K)->1118260K(1133568K)
[6.731s][info][gc,metaspace   ] GC(129) Metaspace: 6299K(6464K)->6299K(6464K) NonClass: 5766K(5824K)->5766K(5824K) Class: 533K(640K)->533K(640K)
[6.731s][info][gc             ] GC(129) Pause Young (Allocation Failure) 1114M->1115M(1204M) 27.392ms
[6.731s][info][gc,cpu         ] GC(129) User=0.11s Sys=0.02s Real=0.03s
[6.731s][info][gc,start       ] GC(130) Pause Full (Ergonomics)
[6.731s][info][gc,phases,start] GC(130) Marking Phase
[6.985s][info][gc,phases      ] GC(130) Marking Phase 253.337ms
[6.985s][info][gc,phases,start] GC(130) Summary Phase
[6.985s][info][gc,phases      ] GC(130) Summary Phase 0.044ms
[6.985s][info][gc,phases,start] GC(130) Adjust Roots
[6.985s][info][gc,phases      ] GC(130) Adjust Roots 0.277ms
[6.985s][info][gc,phases,start] GC(130) Compaction Phase
[7.091s][info][gc,phases      ] GC(130) Compaction Phase 106.406ms
[7.091s][info][gc,phases,start] GC(130) Post Compact
[7.094s][info][gc,phases      ] GC(130) Post Compact 2.122ms
[7.094s][info][gc,heap        ] GC(130) PSYoungGen: 23648K(99328K)->7144K(99328K) Eden: 0K(12800K)->0K(12800K) From: 23648K(86528K)->7144K(86528K)
[7.094s][info][gc,heap        ] GC(130) ParOldGen: 1118260K(1133568K)->1133101K(1260544K)
[7.094s][info][gc,metaspace   ] GC(130) Metaspace: 6299K(6464K)->6299K(6464K) NonClass: 5766K(5824K)->5766K(5824K) Class: 533K(640K)->533K(640K)
[7.094s][info][gc             ] GC(130) Pause Full (Ergonomics) 1115M->1113M(1328M) 362.996ms
[7.094s][info][gc,cpu         ] GC(130) User=2.48s Sys=0.02s Real=0.36s
[7.109s][info][gc,start       ] GC(131) Pause Young (Allocation Failure)
[7.170s][info][gc,heap        ] GC(131) PSYoungGen: 19944K(99328K)->12928K(100352K) Eden: 12800K(12800K)->0K(14336K) From: 7144K(86528K)->12928K(86016K)
[7.170s][info][gc,heap        ] GC(131) ParOldGen: 1133101K(1260544K)->1140381K(1260544K)
[7.170s][info][gc,metaspace   ] GC(131) Metaspace: 6299K(6464K)->6299K(6464K) NonClass: 5766K(5824K)->5766K(5824K) Class: 533K(640K)->533K(640K)
[7.170s][info][gc             ] GC(131) Pause Young (Allocation Failure) 1126M->1126M(1329M) 61.172ms
[7.171s][info][gc,cpu         ] GC(131) User=0.47s Sys=0.03s Real=0.06s
[7.189s][info][gc,start       ] GC(132) Pause Young (Allocation Failure)
[7.206s][info][gc,heap        ] GC(132) PSYoungGen: 27264K(100352K)->14464K(100864K) Eden: 14336K(14336K)->0K(14336K) From: 12928K(86016K)->14464K(86528K)
[7.206s][info][gc,heap        ] GC(132) ParOldGen: 1140381K(1260544K)->1153365K(1260544K)
[7.206s][info][gc,metaspace   ] GC(132) Metaspace: 6299K(6464K)->6299K(6464K) NonClass: 5766K(5824K)->5766K(5824K) Class: 533K(640K)->533K(640K)
[7.206s][info][gc             ] GC(132) Pause Young (Allocation Failure) 1140M->1140M(1329M) 17.833ms
[7.206s][info][gc,cpu         ] GC(132) User=0.03s Sys=0.00s Real=0.02s
[7.223s][info][gc,start       ] GC(133) Pause Young (Allocation Failure)
[7.242s][info][gc,heap        ] GC(133) PSYoungGen: 28800K(100864K)->14496K(99328K) Eden: 14336K(14336K)->0K(16384K) From: 14464K(86528K)->14496K(82944K)
[7.242s][info][gc,heap        ] GC(133) ParOldGen: 1153365K(1260544K)->1167901K(1260544K)
[7.242s][info][gc,metaspace   ] GC(133) Metaspace: 6299K(6464K)->6299K(6464K) NonClass: 5766K(5824K)->5766K(5824K) Class: 533K(640K)->533K(640K)
[7.242s][info][gc             ] GC(133) Pause Young (Allocation Failure) 1154M->1154M(1328M) 18.245ms
[7.242s][info][gc,cpu         ] GC(133) User=0.03s Sys=0.00s Real=0.02s
[7.263s][info][gc,start       ] GC(134) Pause Young (Allocation Failure)
[7.283s][info][gc,heap        ] GC(134) PSYoungGen: 30880K(99328K)->16544K(100864K) Eden: 16384K(16384K)->0K(16384K) From: 14496K(82944K)->16544K(84480K)
[7.283s][info][gc,heap        ] GC(134) ParOldGen: 1167901K(1260544K)->1182437K(1260544K)
[7.283s][info][gc,metaspace   ] GC(134) Metaspace: 6299K(6464K)->6299K(6464K) NonClass: 5766K(5824K)->5766K(5824K) Class: 533K(640K)->533K(640K)
[7.283s][info][gc             ] GC(134) Pause Young (Allocation Failure) 1170M->1170M(1329M) 20.309ms
[7.283s][info][gc,cpu         ] GC(134) User=0.14s Sys=0.00s Real=0.02s
[7.304s][info][gc,start       ] GC(135) Pause Young (Allocation Failure)
[7.324s][info][gc,heap        ] GC(135) PSYoungGen: 32928K(100864K)->16576K(96768K) Eden: 16384K(16384K)->0K(18432K) From: 16544K(84480K)->16576K(78336K)
[7.324s][info][gc,heap        ] GC(135) ParOldGen: 1182437K(1260544K)->1199037K(1260544K)
[7.324s][info][gc,metaspace   ] GC(135) Metaspace: 6299K(6464K)->6299K(6464K) NonClass: 5766K(5824K)->5766K(5824K) Class: 533K(640K)->533K(640K)
[7.325s][info][gc             ] GC(135) Pause Young (Allocation Failure) 1186M->1187M(1325M) 20.676ms
[7.325s][info][gc,cpu         ] GC(135) User=0.12s Sys=0.00s Real=0.02s
[7.347s][info][gc,start       ] GC(136) Pause Young (Allocation Failure)
[7.368s][info][gc,heap        ] GC(136) PSYoungGen: 35008K(96768K)->18528K(37376K) Eden: 18432K(18432K)->0K(18432K) From: 16576K(78336K)->18528K(18944K)
[7.368s][info][gc,heap        ] GC(136) ParOldGen: 1199037K(1260544K)->1215645K(1260544K)
[7.368s][info][gc,metaspace   ] GC(136) Metaspace: 6299K(6464K)->6299K(6464K) NonClass: 5766K(5824K)->5766K(5824K) Class: 533K(640K)->533K(640K)
[7.368s][info][gc             ] GC(136) Pause Young (Allocation Failure) 1205M->1205M(1267M) 21.180ms
[7.368s][info][gc,cpu         ] GC(136) User=0.11s Sys=0.02s Real=0.02s
[7.390s][info][gc,start       ] GC(137) Pause Young (Allocation Failure)
[7.413s][info][gc,heap        ] GC(137) PSYoungGen: 36960K(37376K)->18592K(92160K) Eden: 18432K(18432K)->0K(20480K) From: 18528K(18944K)->18592K(71680K)
[7.413s][info][gc,heap        ] GC(137) ParOldGen: 1215645K(1260544K)->1234341K(1260544K)
[7.413s][info][gc,metaspace   ] GC(137) Metaspace: 6299K(6464K)->6299K(6464K) NonClass: 5766K(5824K)->5766K(5824K) Class: 533K(640K)->533K(640K)
[7.413s][info][gc             ] GC(137) Pause Young (Allocation Failure) 1223M->1223M(1321M) 22.628ms
[7.413s][info][gc,cpu         ] GC(137) User=0.14s Sys=0.00s Real=0.02s
[7.413s][info][gc,start       ] GC(138) Pause Full (Ergonomics)
[7.413s][info][gc,phases,start] GC(138) Marking Phase
[7.690s][info][gc,phases      ] GC(138) Marking Phase 277.069ms
[7.690s][info][gc,phases,start] GC(138) Summary Phase
[7.690s][info][gc,phases      ] GC(138) Summary Phase 0.049ms
[7.690s][info][gc,phases,start] GC(138) Adjust Roots
[7.690s][info][gc,phases      ] GC(138) Adjust Roots 0.302ms
[7.690s][info][gc,phases,start] GC(138) Compaction Phase
[7.799s][info][gc,phases      ] GC(138) Compaction Phase 109.058ms
[7.800s][info][gc,phases,start] GC(138) Post Compact
[7.802s][info][gc,phases      ] GC(138) Post Compact 2.808ms
[7.803s][info][gc,heap        ] GC(138) PSYoungGen: 18592K(92160K)->0K(95232K) Eden: 0K(20480K)->0K(20480K) From: 18592K(71680K)->0K(74752K)
[7.803s][info][gc,heap        ] GC(138) ParOldGen: 1234341K(1260544K)->1251140K(1375744K)
[7.803s][info][gc,metaspace   ] GC(138) Metaspace: 6299K(6464K)->6299K(6464K) NonClass: 5766K(5824K)->5766K(5824K) Class: 533K(640K)->533K(640K)
[7.803s][info][gc             ] GC(138) Pause Full (Ergonomics) 1223M->1221M(1436M) 390.242ms
[7.803s][info][gc,cpu         ] GC(138) User=2.86s Sys=0.00s Real=0.39s
[7.828s][info][gc,start       ] GC(139) Pause Young (Allocation Failure)
[7.843s][info][gc,heap        ] GC(139) PSYoungGen: 20480K(95232K)->20608K(91136K) Eden: 20480K(20480K)->0K(22528K) From: 0K(74752K)->20608K(68608K)
[7.843s][info][gc,heap        ] GC(139) ParOldGen: 1251140K(1375744K)->1251140K(1375744K)
[7.843s][info][gc,metaspace   ] GC(139) Metaspace: 6299K(6464K)->6299K(6464K) NonClass: 5766K(5824K)->5766K(5824K) Class: 533K(640K)->533K(640K)
[7.843s][info][gc             ] GC(139) Pause Young (Allocation Failure) 1241M->1241M(1432M) 15.456ms
[7.843s][info][gc,cpu         ] GC(139) User=0.02s Sys=0.00s Real=0.02s
[7.871s][info][gc,start       ] GC(140) Pause Young (Allocation Failure)
[7.895s][info][gc,heap        ] GC(140) PSYoungGen: 43136K(91136K)->43168K(94208K) Eden: 22528K(22528K)->0K(22528K) From: 20608K(68608K)->43168K(71680K)
[7.895s][info][gc,heap        ] GC(140) ParOldGen: 1251140K(1375744K)->1251140K(1375744K)
[7.895s][info][gc,metaspace   ] GC(140) Metaspace: 6299K(6464K)->6299K(6464K) NonClass: 5766K(5824K)->5766K(5824K) Class: 533K(640K)->533K(640K)
[7.895s][info][gc             ] GC(140) Pause Young (Allocation Failure) 1263M->1263M(1435M) 23.984ms
[7.895s][info][gc,cpu         ] GC(140) User=0.14s Sys=0.00s Real=0.02s
[7.918s][info][gc,start       ] GC(141) Pause Young (Allocation Failure)
[7.948s][info][gc,heap        ] GC(141) PSYoungGen: 65696K(94208K)->58272K(90624K) Eden: 22528K(22528K)->0K(17920K) From: 43168K(71680K)->58272K(72704K)
[7.948s][info][gc,heap        ] GC(141) ParOldGen: 1251140K(1375744K)->1251140K(1375744K)
[7.948s][info][gc,metaspace   ] GC(141) Metaspace: 6299K(6464K)->6299K(6464K) NonClass: 5766K(5824K)->5766K(5824K) Class: 533K(640K)->533K(640K)
[7.948s][info][gc             ] GC(141) Pause Young (Allocation Failure) 1285M->1278M(1432M) 30.424ms
[7.948s][info][gc,cpu         ] GC(141) User=0.16s Sys=0.00s Real=0.03s
[7.963s][info][gc,start       ] GC(142) Pause Young (Allocation Failure)
[7.998s][info][gc,heap        ] GC(142) PSYoungGen: 76192K(90624K)->67584K(97280K) Eden: 17920K(17920K)->0K(17920K) From: 58272K(72704K)->67584K(79360K)
[7.998s][info][gc,heap        ] GC(142) ParOldGen: 1251140K(1375744K)->1251140K(1375744K)
[7.998s][info][gc,metaspace   ] GC(142) Metaspace: 6299K(6464K)->6299K(6464K) NonClass: 5766K(5824K)->5766K(5824K) Class: 533K(640K)->533K(640K)
[7.998s][info][gc             ] GC(142) Pause Young (Allocation Failure) 1296M->1287M(1438M) 34.181ms
[7.998s][info][gc,cpu         ] GC(142) User=0.16s Sys=0.00s Real=0.04s
[8.019s][info][gc,start       ] GC(143) Pause Young (Allocation Failure)
[8.064s][info][gc,heap        ] GC(143) PSYoungGen: 85504K(97280K)->64416K(101888K) Eden: 17920K(17920K)->0K(14336K) From: 67584K(79360K)->64416K(87552K)
[8.064s][info][gc,heap        ] GC(143) ParOldGen: 1251140K(1375744K)->1271908K(1375744K)
[8.064s][info][gc,metaspace   ] GC(143) Metaspace: 6299K(6464K)->6299K(6464K) NonClass: 5766K(5824K)->5766K(5824K) Class: 533K(640K)->533K(640K)
[8.064s][info][gc             ] GC(143) Pause Young (Allocation Failure) 1305M->1305M(1443M) 44.332ms
[8.064s][info][gc,cpu         ] GC(143) User=0.25s Sys=0.00s Real=0.04s
[8.083s][info][gc,start       ] GC(144) Pause Young (Allocation Failure)
[8.124s][info][gc,heap        ] GC(144) PSYoungGen: 78752K(101888K)->56192K(107520K) Eden: 14336K(14336K)->0K(14336K) From: 64416K(87552K)->56192K(93184K)
[8.124s][info][gc,heap        ] GC(144) ParOldGen: 1271908K(1375744K)->1294748K(1375744K)
[8.124s][info][gc,metaspace   ] GC(144) Metaspace: 6299K(6464K)->6299K(6464K) NonClass: 5766K(5824K)->5766K(5824K) Class: 533K(640K)->533K(640K)
[8.124s][info][gc             ] GC(144) Pause Young (Allocation Failure) 1319M->1319M(1448M) 41.075ms
[8.124s][info][gc,cpu         ] GC(144) User=0.23s Sys=0.02s Real=0.04s
[8.142s][info][gc,start       ] GC(145) Pause Young (Allocation Failure)
[8.177s][info][gc,heap        ] GC(145) PSYoungGen: 70528K(107520K)->55424K(110592K) Eden: 14336K(14336K)->0K(16384K) From: 56192K(93184K)->55424K(94208K)
[8.178s][info][gc,heap        ] GC(145) ParOldGen: 1294748K(1375744K)->1310068K(1375744K)
[8.178s][info][gc,metaspace   ] GC(145) Metaspace: 6299K(6464K)->6299K(6464K) NonClass: 5766K(5824K)->5766K(5824K) Class: 533K(640K)->533K(640K)
[8.178s][info][gc             ] GC(145) Pause Young (Allocation Failure) 1333M->1333M(1451M) 35.931ms
[8.178s][info][gc,cpu         ] GC(145) User=0.14s Sys=0.03s Real=0.04s
[8.201s][info][gc,start       ] GC(146) Pause Young (Allocation Failure)
[8.240s][info][gc,heap        ] GC(146) PSYoungGen: 71808K(110592K)->45152K(61952K) Eden: 16384K(16384K)->0K(16384K) From: 55424K(94208K)->45152K(45568K)
[8.240s][info][gc,heap        ] GC(146) ParOldGen: 1310068K(1375744K)->1337052K(1375744K)
[8.240s][info][gc,metaspace   ] GC(146) Metaspace: 6299K(6464K)->6299K(6464K) NonClass: 5766K(5824K)->5766K(5824K) Class: 533K(640K)->533K(640K)
[8.240s][info][gc             ] GC(146) Pause Young (Allocation Failure) 1349M->1349M(1404M) 38.414ms
[8.240s][info][gc,cpu         ] GC(146) User=0.25s Sys=0.00s Real=0.04s
[8.260s][info][gc,start       ] GC(147) Pause Young (Allocation Failure)
[8.294s][info][gc,heap        ] GC(147) PSYoungGen: 61536K(61952K)->32896K(102912K) Eden: 16384K(16384K)->0K(18944K) From: 45152K(45568K)->32896K(83968K)
[8.294s][info][gc,heap        ] GC(147) ParOldGen: 1337052K(1375744K)->1366100K(1375744K)
[8.294s][info][gc,metaspace   ] GC(147) Metaspace: 6299K(6464K)->6299K(6464K) NonClass: 5766K(5824K)->5766K(5824K) Class: 533K(640K)->533K(640K)
[8.294s][info][gc             ] GC(147) Pause Young (Allocation Failure) 1365M->1366M(1444M) 34.295ms
[8.294s][info][gc,cpu         ] GC(147) User=0.09s Sys=0.06s Real=0.03s
[8.294s][info][gc,start       ] GC(148) Pause Full (Ergonomics)
[8.294s][info][gc,phases,start] GC(148) Marking Phase
[8.604s][info][gc,phases      ] GC(148) Marking Phase 309.566ms
[8.604s][info][gc,phases,start] GC(148) Summary Phase
[8.604s][info][gc,phases      ] GC(148) Summary Phase 0.045ms
[8.604s][info][gc,phases,start] GC(148) Adjust Roots
[8.604s][info][gc,phases      ] GC(148) Adjust Roots 0.295ms
[8.604s][info][gc,phases,start] GC(148) Compaction Phase
[8.980s][info][gc,phases      ] GC(148) Compaction Phase 375.389ms
[8.980s][info][gc,phases,start] GC(148) Post Compact
[8.983s][info][gc,phases      ] GC(148) Post Compact 2.930ms
[8.983s][info][gc,heap        ] GC(148) PSYoungGen: 32896K(102912K)->21464K(105472K) Eden: 0K(18944K)->0K(21504K) From: 32896K(83968K)->21464K(83968K)
[8.983s][info][gc,heap        ] GC(148) ParOldGen: 1366100K(1375744K)->1375563K(1516544K)
[8.983s][info][gc,metaspace   ] GC(148) Metaspace: 6299K(6464K)->6299K(6464K) NonClass: 5766K(5824K)->5766K(5824K) Class: 533K(640K)->533K(640K)
[8.983s][info][gc             ] GC(148) Pause Full (Ergonomics) 1366M->1364M(1584M) 689.112ms
[8.983s][info][gc,cpu         ] GC(148) User=5.09s Sys=0.00s Real=0.69s
[9.292s][info][gc,start       ] GC(149) Pause Young (Allocation Failure)
[9.381s][info][gc,heap        ] GC(149) PSYoungGen: 42968K(105472K)->21632K(108544K) Eden: 21504K(21504K)->0K(21504K) From: 21464K(83968K)->21632K(87040K)
[9.381s][info][gc,heap        ] GC(149) ParOldGen: 1441099K(1516544K)->1462891K(1516544K)
[9.381s][info][gc,metaspace   ] GC(149) Metaspace: 6299K(6464K)->6299K(6464K) NonClass: 5766K(5824K)->5766K(5824K) Class: 533K(640K)->533K(640K)
[9.382s][info][gc             ] GC(149) Pause Young (Allocation Failure) 1449M->1449M(1587M) 89.376ms
[9.382s][info][gc,cpu         ] GC(149) User=0.44s Sys=0.05s Real=0.09s
[9.408s][info][gc,start       ] GC(150) Pause Young (Allocation Failure)
[9.450s][info][gc,heap        ] GC(150) PSYoungGen: 43136K(108544K)->43136K(103936K) Eden: 21504K(21504K)->0K(24064K) From: 21632K(87040K)->43136K(79872K)
[9.451s][info][gc,heap        ] GC(150) ParOldGen: 1462891K(1516544K)->1462891K(1516544K)
[9.451s][info][gc,metaspace   ] GC(150) Metaspace: 6299K(6464K)->6299K(6464K) NonClass: 5766K(5824K)->5766K(5824K) Class: 533K(640K)->533K(640K)
[9.451s][info][gc             ] GC(150) Pause Young (Allocation Failure) 1470M->1470M(1582M) 42.122ms
[9.451s][info][gc,cpu         ] GC(150) User=0.05s Sys=0.00s Real=0.04s
[9.475s][info][gc,start       ] GC(151) Pause Young (Allocation Failure)
[9.522s][info][gc,heap        ] GC(151) PSYoungGen: 67200K(103936K)->45696K(107008K) Eden: 24064K(24064K)->0K(24064K) From: 43136K(79872K)->45696K(82944K)
[9.522s][info][gc,heap        ] GC(151) ParOldGen: 1462891K(1516544K)->1484691K(1516544K)
[9.522s][info][gc,metaspace   ] GC(151) Metaspace: 6299K(6464K)->6299K(6464K) NonClass: 5766K(5824K)->5766K(5824K) Class: 533K(640K)->533K(640K)
[9.522s][info][gc             ] GC(151) Pause Young (Allocation Failure) 1494M->1494M(1585M) 46.416ms
[9.522s][info][gc,cpu         ] GC(151) User=0.12s Sys=0.00s Real=0.05s
[9.522s][info][gc,start       ] GC(152) Pause Full (Ergonomics)
[9.522s][info][gc,phases,start] GC(152) Marking Phase
[9.879s][info][gc,phases      ] GC(152) Marking Phase 356.794ms
[9.879s][info][gc,phases,start] GC(152) Summary Phase
[9.879s][info][gc,phases      ] GC(152) Summary Phase 0.072ms
[9.879s][info][gc,phases,start] GC(152) Adjust Roots
[9.879s][info][gc,phases      ] GC(152) Adjust Roots 0.293ms
[9.879s][info][gc,phases,start] GC(152) Compaction Phase
[10.115s][info][gc,phases      ] GC(152) Compaction Phase 236.110ms
[10.115s][info][gc,phases,start] GC(152) Post Compact
[10.119s][info][gc,phases      ] GC(152) Post Compact 3.661ms
[10.120s][info][gc,heap        ] GC(152) PSYoungGen: 45696K(107008K)->0K(108032K) Eden: 0K(24064K)->0K(27136K) From: 45696K(82944K)->0K(80896K)
[10.120s][info][gc,heap        ] GC(152) ParOldGen: 1484691K(1516544K)->1496771K(1647616K)
[10.120s][info][gc,metaspace   ] GC(152) Metaspace: 6299K(6464K)->6299K(6464K) NonClass: 5766K(5824K)->5766K(5824K) Class: 533K(640K)->533K(640K)
[10.120s][info][gc             ] GC(152) Pause Full (Ergonomics) 1494M->1461M(1714M) 597.972ms
[10.120s][info][gc,cpu         ] GC(152) User=4.19s Sys=0.02s Real=0.60s
[10.147s][info][gc,start       ] GC(153) Pause Young (Allocation Failure)
[10.169s][info][gc,heap        ] GC(153) PSYoungGen: 27136K(108032K)->27296K(108032K) Eden: 27136K(27136K)->0K(27136K) From: 0K(80896K)->27296K(80896K)
[10.169s][info][gc,heap        ] GC(153) ParOldGen: 1496771K(1647616K)->1496771K(1647616K)
[10.169s][info][gc,metaspace   ] GC(153) Metaspace: 6299K(6464K)->6299K(6464K) NonClass: 5766K(5824K)->5766K(5824K) Class: 533K(640K)->533K(640K)
[10.169s][info][gc             ] GC(153) Pause Young (Allocation Failure) 1488M->1488M(1714M) 22.450ms
[10.169s][info][gc,cpu         ] GC(153) User=0.03s Sys=0.00s Real=0.02s
[10.197s][info][gc,start       ] GC(154) Pause Young (Allocation Failure)
[10.228s][info][gc,heap        ] GC(154) PSYoungGen: 54432K(108032K)->54496K(107008K) Eden: 27136K(27136K)->0K(28160K) From: 27296K(80896K)->54496K(78848K)
[10.228s][info][gc,heap        ] GC(154) ParOldGen: 1496771K(1647616K)->1496771K(1647616K)
[10.228s][info][gc,metaspace   ] GC(154) Metaspace: 6299K(6464K)->6299K(6464K) NonClass: 5766K(5824K)->5766K(5824K) Class: 533K(640K)->533K(640K)
[10.228s][info][gc             ] GC(154) Pause Young (Allocation Failure) 1514M->1514M(1713M) 31.393ms
[10.228s][info][gc,cpu         ] GC(154) User=0.05s Sys=0.00s Real=0.03s
[10.257s][info][gc,start       ] GC(155) Pause Young (Allocation Failure)
[10.297s][info][gc,heap        ] GC(155) PSYoungGen: 82656K(107008K)->80384K(108544K) Eden: 28160K(28160K)->0K(28160K) From: 54496K(78848K)->80384K(80384K)
[10.297s][info][gc,heap        ] GC(155) ParOldGen: 1496771K(1647616K)->1498971K(1647616K)
[10.297s][info][gc,metaspace   ] GC(155) Metaspace: 6299K(6464K)->6299K(6464K) NonClass: 5766K(5824K)->5766K(5824K) Class: 533K(640K)->533K(640K)
[10.297s][info][gc             ] GC(155) Pause Young (Allocation Failure) 1542M->1542M(1715M) 40.072ms
[10.297s][info][gc,cpu         ] GC(155) User=0.22s Sys=0.00s Real=0.04s
[10.325s][info][gc,start       ] GC(156) Pause Young (Allocation Failure)
[10.378s][info][gc,heap        ] GC(156) PSYoungGen: 108544K(108544K)->83296K(113664K) Eden: 28160K(28160K)->0K(21504K) From: 80384K(80384K)->83296K(92160K)
[10.378s][info][gc,heap        ] GC(156) ParOldGen: 1498971K(1647616K)->1524675K(1647616K)
[10.378s][info][gc,metaspace   ] GC(156) Metaspace: 6299K(6464K)->6299K(6464K) NonClass: 5766K(5824K)->5766K(5824K) Class: 533K(640K)->533K(640K)
[10.378s][info][gc             ] GC(156) Pause Young (Allocation Failure) 1569M->1570M(1720M) 52.944ms
[10.378s][info][gc,cpu         ] GC(156) User=0.38s Sys=0.02s Real=0.05s
[10.399s][info][gc,start       ] GC(157) Pause Young (Allocation Failure)
[10.449s][info][gc,heap        ] GC(157) PSYoungGen: 104800K(113664K)->77824K(123392K) Eden: 21504K(21504K)->0K(21504K) From: 83296K(92160K)->77824K(101888K)
[10.449s][info][gc,heap        ] GC(157) ParOldGen: 1524675K(1647616K)->1551987K(1647616K)
[10.449s][info][gc,metaspace   ] GC(157) Metaspace: 6299K(6464K)->6299K(6464K) NonClass: 5766K(5824K)->5766K(5824K) Class: 533K(640K)->533K(640K)
[10.449s][info][gc             ] GC(157) Pause Young (Allocation Failure) 1591M->1591M(1729M) 50.322ms
[10.449s][info][gc,cpu         ] GC(157) User=0.33s Sys=0.03s Real=0.05s
[10.471s][info][gc,start       ] GC(158) Pause Young (Allocation Failure)
[10.518s][info][gc,heap        ] GC(158) PSYoungGen: 99328K(123392K)->71392K(129536K) Eden: 21504K(21504K)->0K(22528K) From: 77824K(101888K)->71392K(107008K)
[10.519s][info][gc,heap        ] GC(158) ParOldGen: 1551987K(1647616K)->1580331K(1647616K)
[10.519s][info][gc,metaspace   ] GC(158) Metaspace: 6299K(6464K)->6299K(6464K) NonClass: 5766K(5824K)->5766K(5824K) Class: 533K(640K)->533K(640K)
[10.519s][info][gc             ] GC(158) Pause Young (Allocation Failure) 1612M->1613M(1735M) 47.809ms
[10.519s][info][gc,cpu         ] GC(158) User=0.27s Sys=0.00s Real=0.05s
[10.543s][info][gc,start       ] GC(159) Pause Young (Allocation Failure)
[10.589s][info][gc,heap        ] GC(159) PSYoungGen: 93920K(129536K)->44224K(67072K) Eden: 22528K(22528K)->0K(22528K) From: 71392K(107008K)->44224K(44544K)
[10.589s][info][gc,heap        ] GC(159) ParOldGen: 1580331K(1647616K)->1630627K(1647616K)
[10.589s][info][gc,metaspace   ] GC(159) Metaspace: 6299K(6464K)->6299K(6464K) NonClass: 5766K(5824K)->5766K(5824K) Class: 533K(640K)->533K(640K)
[10.590s][info][gc             ] GC(159) Pause Young (Allocation Failure) 1635M->1635M(1674M) 46.517ms
[10.590s][info][gc,cpu         ] GC(159) User=0.25s Sys=0.02s Real=0.05s
[10.590s][info][gc,start       ] GC(160) Pause Full (Ergonomics)
[10.590s][info][gc,phases,start] GC(160) Marking Phase
[10.953s][info][gc,phases      ] GC(160) Marking Phase 363.531ms
[10.953s][info][gc,phases,start] GC(160) Summary Phase
[10.953s][info][gc,phases      ] GC(160) Summary Phase 0.042ms
[10.953s][info][gc,phases,start] GC(160) Adjust Roots
[10.954s][info][gc,phases      ] GC(160) Adjust Roots 0.270ms
[10.954s][info][gc,phases,start] GC(160) Compaction Phase
[11.124s][info][gc,phases      ] GC(160) Compaction Phase 170.466ms
[11.124s][info][gc,phases,start] GC(160) Post Compact
[11.127s][info][gc,phases      ] GC(160) Post Compact 3.174ms
[11.128s][info][gc,heap        ] GC(160) PSYoungGen: 44224K(67072K)->25575K(67072K) Eden: 0K(22528K)->0K(22528K) From: 44224K(44544K)->25575K(44544K)
[11.128s][info][gc,heap        ] GC(160) ParOldGen: 1630627K(1647616K)->1647115K(1826304K)
[11.128s][info][gc,metaspace   ] GC(160) Metaspace: 6299K(6464K)->6299K(6464K) NonClass: 5766K(5824K)->5766K(5824K) Class: 533K(640K)->533K(640K)
[11.128s][info][gc             ] GC(160) Pause Full (Ergonomics) 1635M->1633M(1849M) 538.505ms
[11.128s][info][gc,cpu         ] GC(160) User=3.75s Sys=0.02s Real=0.54s
[11.152s][info][gc,start       ] GC(161) Pause Young (Allocation Failure)
[11.240s][info][gc,heap        ] GC(161) PSYoungGen: 48103K(67072K)->22656K(129536K) Eden: 22528K(22528K)->0K(25088K) From: 25575K(44544K)->22656K(104448K)
[11.240s][info][gc,heap        ] GC(161) ParOldGen: 1647115K(1826304K)->1673035K(1826304K)
[11.240s][info][gc,metaspace   ] GC(161) Metaspace: 6299K(6464K)->6299K(6464K) NonClass: 5766K(5824K)->5766K(5824K) Class: 533K(640K)->533K(640K)
[11.240s][info][gc             ] GC(161) Pause Young (Allocation Failure) 1655M->1655M(1910M) 88.175ms
[11.240s][info][gc,cpu         ] GC(161) User=0.62s Sys=0.00s Real=0.09s
[11.266s][info][gc,start       ] GC(162) Pause Young (Allocation Failure)
[11.298s][info][gc,heap        ] GC(162) PSYoungGen: 47744K(129536K)->25248K(130048K) Eden: 25088K(25088K)->0K(25088K) From: 22656K(104448K)->25248K(104960K)
[11.298s][info][gc,heap        ] GC(162) ParOldGen: 1673035K(1826304K)->1695867K(1826304K)
[11.298s][info][gc,metaspace   ] GC(162) Metaspace: 6299K(6464K)->6299K(6464K) NonClass: 5766K(5824K)->5766K(5824K) Class: 533K(640K)->533K(640K)
[11.298s][info][gc             ] GC(162) Pause Young (Allocation Failure) 1680M->1680M(1910M) 32.507ms
[11.298s][info][gc,cpu         ] GC(162) User=0.05s Sys=0.02s Real=0.03s
[11.328s][info][gc,start       ] GC(163) Pause Young (Allocation Failure)
[11.362s][info][gc,heap        ] GC(163) PSYoungGen: 50336K(130048K)->25248K(128512K) Eden: 25088K(25088K)->0K(28160K) From: 25248K(104960K)->25248K(100352K)
[11.362s][info][gc,heap        ] GC(163) ParOldGen: 1695867K(1826304K)->1721307K(1826304K)
[11.362s][info][gc,metaspace   ] GC(163) Metaspace: 6299K(6464K)->6299K(6464K) NonClass: 5766K(5824K)->5766K(5824K) Class: 533K(640K)->533K(640K)
[11.362s][info][gc             ] GC(163) Pause Young (Allocation Failure) 1705M->1705M(1909M) 33.613ms
[11.362s][info][gc,cpu         ] GC(163) User=0.02s Sys=0.00s Real=0.03s
[11.394s][info][gc,start       ] GC(164) Pause Young (Allocation Failure)
[11.429s][info][gc,heap        ] GC(164) PSYoungGen: 53408K(128512K)->28288K(130048K) Eden: 28160K(28160K)->0K(28160K) From: 25248K(100352K)->28288K(101888K)
[11.429s][info][gc,heap        ] GC(164) ParOldGen: 1721307K(1826304K)->1746755K(1826304K)
[11.429s][info][gc,metaspace   ] GC(164) Metaspace: 6299K(6464K)->6299K(6464K) NonClass: 5766K(5824K)->5766K(5824K) Class: 533K(640K)->533K(640K)
[11.429s][info][gc             ] GC(164) Pause Young (Allocation Failure) 1733M->1733M(1910M) 35.287ms
[11.429s][info][gc,cpu         ] GC(164) User=0.14s Sys=0.02s Real=0.03s
[11.459s][info][gc,start       ] GC(165) Pause Young (Allocation Failure)
[11.495s][info][gc,heap        ] GC(165) PSYoungGen: 56448K(130048K)->28320K(123904K) Eden: 28160K(28160K)->0K(31232K) From: 28288K(101888K)->28320K(92672K)
[11.495s][info][gc,heap        ] GC(165) ParOldGen: 1746755K(1826304K)->1775315K(1826304K)
[11.495s][info][gc,metaspace   ] GC(165) Metaspace: 6299K(6464K)->6299K(6464K) NonClass: 5766K(5824K)->5766K(5824K) Class: 533K(640K)->533K(640K)
[11.495s][info][gc             ] GC(165) Pause Young (Allocation Failure) 1760M->1761M(1904M) 35.954ms
[11.495s][info][gc,cpu         ] GC(165) User=0.16s Sys=0.00s Real=0.04s
[11.529s][info][gc,start       ] GC(166) Pause Young (Allocation Failure)
[11.567s][info][gc,heap        ] GC(166) PSYoungGen: 59552K(123904K)->31392K(126976K) Eden: 31232K(31232K)->0K(31232K) From: 28320K(92672K)->31392K(95744K)
[11.567s][info][gc,heap        ] GC(166) ParOldGen: 1775315K(1826304K)->1803875K(1826304K)
[11.567s][info][gc,metaspace   ] GC(166) Metaspace: 6299K(6464K)->6299K(6464K) NonClass: 5766K(5824K)->5766K(5824K) Class: 533K(640K)->533K(640K)
[11.567s][info][gc             ] GC(166) Pause Young (Allocation Failure) 1791M->1792M(1907M) 38.022ms
[11.567s][info][gc,cpu         ] GC(166) User=0.20s Sys=0.05s Real=0.04s
[11.567s][info][gc,start       ] GC(167) Pause Full (Ergonomics)
[11.567s][info][gc,phases,start] GC(167) Marking Phase
[11.985s][info][gc,phases      ] GC(167) Marking Phase 418.083ms
[11.985s][info][gc,phases,start] GC(167) Summary Phase
[11.985s][info][gc,phases      ] GC(167) Summary Phase 0.050ms
[11.985s][info][gc,phases,start] GC(167) Adjust Roots
[11.985s][info][gc,phases      ] GC(167) Adjust Roots 0.284ms
[11.985s][info][gc,phases,start] GC(167) Compaction Phase
[12.160s][info][gc,phases      ] GC(167) Compaction Phase 174.428ms
[12.160s][info][gc,phases,start] GC(167) Post Compact
[12.164s][info][gc,phases      ] GC(167) Post Compact 3.831ms
[12.164s][info][gc,heap        ] GC(167) PSYoungGen: 31392K(126976K)->6674K(126976K) Eden: 0K(31232K)->0K(31232K) From: 31392K(95744K)->6674K(95744K)
[12.164s][info][gc,heap        ] GC(167) ParOldGen: 1803875K(1826304K)->1826090K(2014720K)
[12.164s][info][gc,metaspace   ] GC(167) Metaspace: 6299K(6464K)->6299K(6464K) NonClass: 5766K(5824K)->5766K(5824K) Class: 533K(640K)->533K(640K)
[12.164s][info][gc             ] GC(167) Pause Full (Ergonomics) 1792M->1789M(2091M) 597.690ms
[12.165s][info][gc,cpu         ] GC(167) User=4.31s Sys=0.03s Real=0.60s
[12.197s][info][gc,start       ] GC(168) Pause Young (Allocation Failure)
[12.290s][info][gc,heap        ] GC(168) PSYoungGen: 37906K(126976K)->31424K(118784K) Eden: 31232K(31232K)->0K(34304K) From: 6674K(95744K)->31424K(84480K)
[12.290s][info][gc,heap        ] GC(168) ParOldGen: 1826090K(2014720K)->1832882K(2014720K)
[12.290s][info][gc,metaspace   ] GC(168) Metaspace: 6299K(6464K)->6299K(6464K) NonClass: 5766K(5824K)->5766K(5824K) Class: 533K(640K)->533K(640K)
[12.290s][info][gc             ] GC(168) Pause Young (Allocation Failure) 1820M->1820M(2083M) 92.753ms
[12.290s][info][gc,cpu         ] GC(168) User=0.61s Sys=0.00s Real=0.09s
[12.328s][info][gc,start       ] GC(169) Pause Young (Allocation Failure)
[12.368s][info][gc,heap        ] GC(169) PSYoungGen: 65728K(118784K)->65760K(122880K) Eden: 34304K(34304K)->0K(34304K) From: 31424K(84480K)->65760K(88576K)
[12.368s][info][gc,heap        ] GC(169) ParOldGen: 1832882K(2014720K)->1832882K(2014720K)
[12.368s][info][gc,metaspace   ] GC(169) Metaspace: 6299K(6464K)->6299K(6464K) NonClass: 5766K(5824K)->5766K(5824K) Class: 533K(640K)->533K(640K)
[12.368s][info][gc             ] GC(169) Pause Young (Allocation Failure) 1854M->1854M(2087M) 39.991ms
[12.368s][info][gc,cpu         ] GC(169) User=0.16s Sys=0.00s Real=0.04s
[12.409s][info][gc,start       ] GC(170) Pause Young (Allocation Failure)
[12.459s][info][gc,heap        ] GC(170) PSYoungGen: 100064K(122880K)->93696K(115712K) Eden: 34304K(34304K)->0K(22016K) From: 65760K(88576K)->93696K(93696K)
[12.459s][info][gc,heap        ] GC(170) ParOldGen: 1832882K(2014720K)->1839250K(2014720K)
[12.460s][info][gc,metaspace   ] GC(170) Metaspace: 6299K(6464K)->6299K(6464K) NonClass: 5766K(5824K)->5766K(5824K) Class: 533K(640K)->533K(640K)
[12.460s][info][gc             ] GC(170) Pause Young (Allocation Failure) 1887M->1887M(2080M) 50.337ms
[12.460s][info][gc,cpu         ] GC(170) User=0.28s Sys=0.00s Real=0.05s
[12.483s][info][gc,start       ] GC(171) Pause Young (Allocation Failure)
[12.541s][info][gc,heap        ] GC(171) PSYoungGen: 115712K(115712K)->53824K(76288K) Eden: 22016K(22016K)->0K(22016K) From: 93696K(93696K)->53824K(54272K)
[12.541s][info][gc,heap        ] GC(171) ParOldGen: 1839250K(2014720K)->1902066K(2014720K)
[12.541s][info][gc,metaspace   ] GC(171) Metaspace: 6299K(6464K)->6299K(6464K) NonClass: 5766K(5824K)->5766K(5824K) Class: 533K(640K)->533K(640K)
[12.541s][info][gc             ] GC(171) Pause Young (Allocation Failure) 1909M->1910M(2042M) 57.589ms
[12.541s][info][gc,cpu         ] GC(171) User=0.41s Sys=0.08s Real=0.06s
[12.566s][info][gc,start       ] GC(172) Pause Young (Allocation Failure)
[12.607s][info][gc,heap        ] GC(172) PSYoungGen: 75840K(76288K)->44224K(120832K) Eden: 22016K(22016K)->0K(24576K) From: 53824K(54272K)->44224K(96256K)
[12.607s][info][gc,heap        ] GC(172) ParOldGen: 1902066K(2014720K)->1934106K(2014720K)
[12.607s][info][gc,metaspace   ] GC(172) Metaspace: 6299K(6464K)->6299K(6464K) NonClass: 5766K(5824K)->5766K(5824K) Class: 533K(640K)->533K(640K)
[12.607s][info][gc             ] GC(172) Pause Young (Allocation Failure) 1931M->1931M(2085M) 40.783ms
[12.607s][info][gc,cpu         ] GC(172) User=0.20s Sys=0.03s Real=0.04s
[12.636s][info][gc,start       ] GC(173) Pause Young (Allocation Failure)
[12.677s][info][gc,heap        ] GC(173) PSYoungGen: 68800K(120832K)->46720K(71680K) Eden: 24576K(24576K)->0K(24576K) From: 44224K(96256K)->46720K(47104K)
[12.677s][info][gc,heap        ] GC(173) ParOldGen: 1934106K(2014720K)->1956418K(2014720K)
[12.677s][info][gc,metaspace   ] GC(173) Metaspace: 6299K(6464K)->6299K(6464K) NonClass: 5766K(5824K)->5766K(5824K) Class: 533K(640K)->533K(640K)
[12.677s][info][gc             ] GC(173) Pause Young (Allocation Failure) 1955M->1956M(2037M) 40.594ms
[12.677s][info][gc,cpu         ] GC(173) User=0.19s Sys=0.00s Real=0.04s
[12.709s][info][gc,start       ] GC(174) Pause Young (Allocation Failure)
[12.752s][info][gc,heap        ] GC(174) PSYoungGen: 71296K(71680K)->49312K(115200K) Eden: 24576K(24576K)->0K(27648K) From: 46720K(47104K)->49312K(87552K)
[12.752s][info][gc,heap        ] GC(174) ParOldGen: 1956418K(2014720K)->1978738K(2014720K)
[12.752s][info][gc,metaspace   ] GC(174) Metaspace: 6299K(6464K)->6299K(6464K) NonClass: 5766K(5824K)->5766K(5824K) Class: 533K(640K)->533K(640K)
[12.752s][info][gc             ] GC(174) Pause Young (Allocation Failure) 1980M->1980M(2080M) 42.486ms
[12.752s][info][gc,cpu         ] GC(174) User=0.19s Sys=0.06s Real=0.04s
[12.752s][info][gc,start       ] GC(175) Pause Full (Ergonomics)
[12.752s][info][gc,phases,start] GC(175) Marking Phase
[13.212s][info][gc,phases      ] GC(175) Marking Phase 459.774ms
[13.212s][info][gc,phases,start] GC(175) Summary Phase
[13.212s][info][gc,phases      ] GC(175) Summary Phase 0.044ms
[13.212s][info][gc,phases,start] GC(175) Adjust Roots
[13.212s][info][gc,phases      ] GC(175) Adjust Roots 0.209ms
[13.212s][info][gc,phases,start] GC(175) Compaction Phase
[13.401s][info][gc,phases      ] GC(175) Compaction Phase 188.941ms
[13.401s][info][gc,phases,start] GC(175) Post Compact
[13.405s][info][gc,phases      ] GC(175) Post Compact 4.312ms
[13.406s][info][gc,heap        ] GC(175) PSYoungGen: 49312K(115200K)->11276K(118784K) Eden: 0K(27648K)->0K(31232K) From: 49312K(87552K)->11276K(87552K)
[13.406s][info][gc,heap        ] GC(175) ParOldGen: 1978738K(2014720K)->2014292K(2223104K)
[13.406s][info][gc,metaspace   ] GC(175) Metaspace: 6299K(6464K)->6299K(6464K) NonClass: 5766K(5824K)->5766K(5824K) Class: 533K(640K)->533K(640K)
[13.406s][info][gc             ] GC(175) Pause Full (Ergonomics) 1980M->1978M(2287M) 654.587ms
[13.406s][info][gc,cpu         ] GC(175) User=4.45s Sys=0.02s Real=0.65s
[13.441s][info][gc,start       ] GC(176) Pause Young (Allocation Failure)
[13.546s][info][gc,heap        ] GC(176) PSYoungGen: 42508K(118784K)->37536K(122880K) Eden: 31232K(31232K)->0K(31232K) From: 11276K(87552K)->37536K(91648K)
[13.546s][info][gc,heap        ] GC(176) ParOldGen: 2014292K(2223104K)->2019540K(2223104K)
[13.546s][info][gc,metaspace   ] GC(176) Metaspace: 6299K(6464K)->6299K(6464K) NonClass: 5766K(5824K)->5766K(5824K) Class: 533K(640K)->533K(640K)
[13.546s][info][gc             ] GC(176) Pause Young (Allocation Failure) 2008M->2008M(2291M) 105.622ms
[13.546s][info][gc,cpu         ] GC(176) User=0.66s Sys=0.00s Real=0.11s
[13.581s][info][gc,start       ] GC(177) Pause Young (Allocation Failure)
[13.621s][info][gc,heap        ] GC(177) PSYoungGen: 68768K(122880K)->68832K(119808K) Eden: 31232K(31232K)->0K(30720K) From: 37536K(91648K)->68832K(89088K)
[13.622s][info][gc,heap        ] GC(177) ParOldGen: 2019540K(2223104K)->2019540K(2223104K)
[13.622s][info][gc,metaspace   ] GC(177) Metaspace: 6299K(6464K)->6299K(6464K) NonClass: 5766K(5824K)->5766K(5824K) Class: 533K(640K)->533K(640K)
[13.622s][info][gc             ] GC(177) Pause Young (Allocation Failure) 2039M->2039M(2288M) 40.555ms
[13.622s][info][gc,cpu         ] GC(177) User=0.23s Sys=0.00s Real=0.04s
[13.653s][info][gc,start       ] GC(178) Pause Young (Allocation Failure)
[13.705s][info][gc,heap        ] GC(178) PSYoungGen: 99552K(119808K)->92672K(123392K) Eden: 30720K(30720K)->0K(30720K) From: 68832K(89088K)->92672K(92672K)
[13.705s][info][gc,heap        ] GC(178) ParOldGen: 2019540K(2223104K)->2026412K(2223104K)
[13.705s][info][gc,metaspace   ] GC(178) Metaspace: 6299K(6464K)->6299K(6464K) NonClass: 5766K(5824K)->5766K(5824K) Class: 533K(640K)->533K(640K)
[13.705s][info][gc             ] GC(178) Pause Young (Allocation Failure) 2069M->2069M(2291M) 51.722ms
[13.705s][info][gc,cpu         ] GC(178) User=0.27s Sys=0.00s Real=0.05s
[13.737s][info][gc,start       ] GC(179) Pause Young (Allocation Failure)
[13.807s][info][gc,heap        ] GC(179) PSYoungGen: 123392K(123392K)->88288K(133632K) Eden: 30720K(30720K)->0K(26624K) From: 92672K(92672K)->88288K(107008K)
[13.807s][info][gc,heap        ] GC(179) ParOldGen: 2026412K(2223104K)->2062124K(2223104K)
[13.808s][info][gc,metaspace   ] GC(179) Metaspace: 6299K(6464K)->6299K(6464K) NonClass: 5766K(5824K)->5766K(5824K) Class: 533K(640K)->533K(640K)
[13.808s][info][gc             ] GC(179) Pause Young (Allocation Failure) 2099M->2100M(2301M) 70.348ms
[13.808s][info][gc,cpu         ] GC(179) User=0.41s Sys=0.06s Real=0.07s
[13.838s][info][gc,start       ] GC(180) Pause Young (Allocation Failure)
[13.897s][info][gc,heap        ] GC(180) PSYoungGen: 114912K(133632K)->85536K(141312K) Eden: 26624K(26624K)->0K(26624K) From: 88288K(107008K)->85536K(114688K)
[13.897s][info][gc,heap        ] GC(180) ParOldGen: 2062124K(2223104K)->2091892K(2223104K)
[13.897s][info][gc,metaspace   ] GC(180) Metaspace: 6299K(6464K)->6299K(6464K) NonClass: 5766K(5824K)->5766K(5824K) Class: 533K(640K)->533K(640K)
[13.897s][info][gc             ] GC(180) Pause Young (Allocation Failure) 2126M->2126M(2309M) 59.260ms
[13.897s][info][gc,cpu         ] GC(180) User=0.39s Sys=0.00s Real=0.06s
[13.928s][info][gc,start       ] GC(181) Pause Young (Allocation Failure)
[13.985s][info][gc,heap        ] GC(181) PSYoungGen: 112160K(141312K)->84160K(146944K) Eden: 26624K(26624K)->0K(27648K) From: 85536K(114688K)->84160K(119296K)
[13.985s][info][gc,heap        ] GC(181) ParOldGen: 2091892K(2223104K)->2120228K(2223104K)
[13.985s][info][gc,metaspace   ] GC(181) Metaspace: 6299K(6464K)->6299K(6464K) NonClass: 5766K(5824K)->5766K(5824K) Class: 533K(640K)->533K(640K)
[13.986s][info][gc             ] GC(181) Pause Young (Allocation Failure) 2152M->2152M(2314M) 57.340ms
[13.986s][info][gc,cpu         ] GC(181) User=0.38s Sys=0.02s Real=0.06s
[14.020s][info][gc,start       ] GC(182) Pause Young (Allocation Failure)
[14.077s][info][gc,heap        ] GC(182) PSYoungGen: 111808K(146944K)->81120K(149504K) Eden: 27648K(27648K)->0K(27648K) From: 84160K(119296K)->81120K(121856K)
[14.077s][info][gc,heap        ] GC(182) ParOldGen: 2120228K(2223104K)->2151356K(2223104K)
[14.077s][info][gc,metaspace   ] GC(182) Metaspace: 6299K(6464K)->6299K(6464K) NonClass: 5766K(5824K)->5766K(5824K) Class: 533K(640K)->533K(640K)
[14.077s][info][gc             ] GC(182) Pause Young (Allocation Failure) 2179M->2180M(2317M) 56.934ms
[14.077s][info][gc,cpu         ] GC(182) User=0.38s Sys=0.00s Real=0.06s
[14.111s][info][gc,start       ] GC(183) Pause Young (Allocation Failure)
[14.170s][info][gc,heap        ] GC(183) PSYoungGen: 108768K(149504K)->55424K(145920K) Eden: 27648K(27648K)->0K(31232K) From: 81120K(121856K)->55424K(114688K)
[14.170s][info][gc,heap        ] GC(183) ParOldGen: 2151356K(2223104K)->2205292K(2223104K)
[14.170s][info][gc,metaspace   ] GC(183) Metaspace: 6299K(6464K)->6299K(6464K) NonClass: 5766K(5824K)->5766K(5824K) Class: 533K(640K)->533K(640K)
[14.170s][info][gc             ] GC(183) Pause Young (Allocation Failure) 2207M->2207M(2313M) 58.960ms
[14.170s][info][gc,cpu         ] GC(183) User=0.36s Sys=0.02s Real=0.06s
[14.170s][info][gc,start       ] GC(184) Pause Full (Ergonomics)
[14.171s][info][gc,phases,start] GC(184) Marking Phase
[14.666s][info][gc,phases      ] GC(184) Marking Phase 495.957ms
[14.667s][info][gc,phases,start] GC(184) Summary Phase
[14.667s][info][gc,phases      ] GC(184) Summary Phase 0.043ms
[14.667s][info][gc,phases,start] GC(184) Adjust Roots
[14.667s][info][gc,phases      ] GC(184) Adjust Roots 0.226ms
[14.667s][info][gc,phases,start] GC(184) Compaction Phase
[14.884s][info][gc,phases      ] GC(184) Compaction Phase 217.533ms
[14.884s][info][gc,phases,start] GC(184) Post Compact
[14.889s][info][gc,phases      ] GC(184) Post Compact 4.385ms
[14.890s][info][gc,heap        ] GC(184) PSYoungGen: 55424K(145920K)->34792K(150016K) Eden: 0K(31232K)->0K(35328K) From: 55424K(114688K)->34792K(114688K)
[14.890s][info][gc,heap        ] GC(184) ParOldGen: 2205292K(2223104K)->2222982K(2458112K)
[14.890s][info][gc,metaspace   ] GC(184) Metaspace: 6299K(6464K)->6299K(6464K) NonClass: 5766K(5824K)->5766K(5824K) Class: 533K(640K)->533K(640K)
[14.890s][info][gc             ] GC(184) Pause Full (Ergonomics) 2207M->2204M(2547M) 719.344ms
[14.890s][info][gc,cpu         ] GC(184) User=5.16s Sys=0.02s Real=0.72s
[14.934s][info][gc,start       ] GC(185) Pause Young (Allocation Failure)
[15.066s][info][gc,heap        ] GC(185) PSYoungGen: 70120K(150016K)->35520K(154112K) Eden: 35328K(35328K)->0K(35328K) From: 34792K(114688K)->35520K(118784K)
[15.066s][info][gc,heap        ] GC(185) ParOldGen: 2222982K(2458112K)->2258302K(2458112K)
[15.066s][info][gc,metaspace   ] GC(185) Metaspace: 6299K(6464K)->6299K(6464K) NonClass: 5766K(5824K)->5766K(5824K) Class: 533K(640K)->533K(640K)
[15.066s][info][gc             ] GC(185) Pause Young (Allocation Failure) 2239M->2240M(2551M) 132.576ms
[15.066s][info][gc,cpu         ] GC(185) User=0.83s Sys=0.12s Real=0.13s
[15.109s][info][gc,start       ] GC(186) Pause Young (Allocation Failure)
[15.161s][info][gc,heap        ] GC(186) PSYoungGen: 70848K(154112K)->35488K(155648K) Eden: 35328K(35328K)->0K(39424K) From: 35520K(118784K)->35488K(116224K)
[15.161s][info][gc,heap        ] GC(186) ParOldGen: 2258302K(2458112K)->2293950K(2458112K)
[15.161s][info][gc,metaspace   ] GC(186) Metaspace: 6299K(6464K)->6299K(6464K) NonClass: 5766K(5824K)->5766K(5824K) Class: 533K(640K)->533K(640K)
[15.161s][info][gc             ] GC(186) Pause Young (Allocation Failure) 2274M->2274M(2552M) 51.736ms
[15.161s][info][gc,cpu         ] GC(186) User=0.36s Sys=0.05s Real=0.05s
[15.205s][info][gc,start       ] GC(187) Pause Young (Allocation Failure)
[15.257s][info][gc,heap        ] GC(187) PSYoungGen: 74912K(155648K)->39616K(156160K) Eden: 39424K(39424K)->0K(39424K) From: 35488K(116224K)->39616K(116736K)
[15.257s][info][gc,heap        ] GC(187) ParOldGen: 2293950K(2458112K)->2329582K(2458112K)
[15.257s][info][gc,metaspace   ] GC(187) Metaspace: 6299K(6464K)->6299K(6464K) NonClass: 5766K(5824K)->5766K(5824K) Class: 533K(640K)->533K(640K)
[15.257s][info][gc             ] GC(187) Pause Young (Allocation Failure) 2313M->2313M(2553M) 52.705ms
[15.257s][info][gc,cpu         ] GC(187) User=0.16s Sys=0.22s Real=0.05s
[15.304s][info][gc,start       ] GC(188) Pause Young (Allocation Failure)
[15.359s][info][gc,heap        ] GC(188) PSYoungGen: 79040K(156160K)->39584K(152064K) Eden: 39424K(39424K)->0K(44032K) From: 39616K(116736K)->39584K(108032K)
[15.359s][info][gc,heap        ] GC(188) ParOldGen: 2329582K(2458112K)->2369366K(2458112K)
[15.359s][info][gc,metaspace   ] GC(188) Metaspace: 6299K(6464K)->6299K(6464K) NonClass: 5766K(5824K)->5766K(5824K) Class: 533K(640K)->533K(640K)
[15.359s][info][gc             ] GC(188) Pause Young (Allocation Failure) 2352M->2352M(2549M) 55.361ms
[15.359s][info][gc,cpu         ] GC(188) User=0.27s Sys=0.11s Real=0.06s
[15.413s][info][gc,start       ] GC(189) Pause Young (Allocation Failure)
[15.472s][info][gc,heap        ] GC(189) PSYoungGen: 83616K(152064K)->44192K(155136K) Eden: 44032K(44032K)->0K(44032K) From: 39584K(108032K)->44192K(111104K)
[15.472s][info][gc,heap        ] GC(189) ParOldGen: 2369366K(2458112K)->2409142K(2458112K)
[15.472s][info][gc,metaspace   ] GC(189) Metaspace: 6299K(6464K)->6299K(6464K) NonClass: 5766K(5824K)->5766K(5824K) Class: 533K(640K)->533K(640K)
[15.472s][info][gc             ] GC(189) Pause Young (Allocation Failure) 2395M->2395M(2552M) 59.281ms
[15.472s][info][gc,cpu         ] GC(189) User=0.27s Sys=0.11s Real=0.06s
[15.472s][info][gc,start       ] GC(190) Pause Full (Ergonomics)
[15.472s][info][gc,phases,start] GC(190) Marking Phase
[16.020s][info][gc,phases      ] GC(190) Marking Phase 548.115ms
[16.021s][info][gc,phases,start] GC(190) Summary Phase
[16.021s][info][gc,phases      ] GC(190) Summary Phase 0.059ms
[16.021s][info][gc,phases,start] GC(190) Adjust Roots
[16.021s][info][gc,phases      ] GC(190) Adjust Roots 0.221ms
[16.021s][info][gc,phases,start] GC(190) Compaction Phase
[16.228s][info][gc,phases      ] GC(190) Compaction Phase 206.811ms
[16.228s][info][gc,phases,start] GC(190) Post Compact
[16.233s][info][gc,phases      ] GC(190) Post Compact 4.825ms
[16.235s][info][gc,heap        ] GC(190) PSYoungGen: 44192K(155136K)->0K(156672K) Eden: 0K(44032K)->0K(49152K) From: 44192K(111104K)->0K(107520K)
[16.235s][info][gc,heap        ] GC(190) ParOldGen: 2409142K(2458112K)->2451152K(2706432K)
[16.235s][info][gc,metaspace   ] GC(190) Metaspace: 6299K(6464K)->6299K(6464K) NonClass: 5766K(5824K)->5766K(5824K) Class: 533K(640K)->533K(640K)
[16.235s][info][gc             ] GC(190) Pause Full (Ergonomics) 2395M->2393M(2796M) 762.365ms
[16.235s][info][gc,cpu         ] GC(190) User=5.69s Sys=0.14s Real=0.76s
[16.292s][info][gc,start       ] GC(191) Pause Young (Allocation Failure)
[16.326s][info][gc,heap        ] GC(191) PSYoungGen: 49152K(156672K)->49376K(156672K) Eden: 49152K(49152K)->0K(49152K) From: 0K(107520K)->49376K(107520K)
[16.326s][info][gc,heap        ] GC(191) ParOldGen: 2451152K(2706432K)->2451152K(2706432K)
[16.326s][info][gc,metaspace   ] GC(191) Metaspace: 6299K(6464K)->6299K(6464K) NonClass: 5766K(5824K)->5766K(5824K) Class: 533K(640K)->533K(640K)
[16.326s][info][gc             ] GC(191) Pause Young (Allocation Failure) 2441M->2441M(2796M) 33.983ms
[16.326s][info][gc,cpu         ] GC(191) User=0.16s Sys=0.00s Real=0.03s
[16.384s][info][gc,start       ] GC(192) Pause Young (Allocation Failure)
[16.440s][info][gc,heap        ] GC(192) PSYoungGen: 98528K(156672K)->98592K(144896K) Eden: 49152K(49152K)->0K(41984K) From: 49376K(107520K)->98592K(102912K)
[16.440s][info][gc,heap        ] GC(192) ParOldGen: 2451152K(2706432K)->2451152K(2706432K)
[16.440s][info][gc,metaspace   ] GC(192) Metaspace: 6299K(6464K)->6299K(6464K) NonClass: 5766K(5824K)->5766K(5824K) Class: 533K(640K)->533K(640K)
[16.440s][info][gc             ] GC(192) Pause Young (Allocation Failure) 2489M->2489M(2784M) 56.840ms
[16.440s][info][gc,cpu         ] GC(192) User=0.31s Sys=0.06s Real=0.06s
[16.493s][info][gc,start       ] GC(193) Pause Young (Allocation Failure)
[16.571s][info][gc,heap        ] GC(193) PSYoungGen: 140576K(144896K)->114688K(156672K) Eden: 41984K(41984K)->0K(41984K) From: 98592K(102912K)->114688K(114688K)
[16.571s][info][gc,heap        ] GC(193) ParOldGen: 2451152K(2706432K)->2477168K(2706432K)
[16.571s][info][gc,metaspace   ] GC(193) Metaspace: 6299K(6464K)->6299K(6464K) NonClass: 5766K(5824K)->5766K(5824K) Class: 533K(640K)->533K(640K)
[16.571s][info][gc             ] GC(193) Pause Young (Allocation Failure) 2530M->2531M(2796M) 78.644ms
[16.571s][info][gc,cpu         ] GC(193) User=0.41s Sys=0.11s Real=0.08s
[16.625s][info][gc,start       ] GC(194) Pause Young (Allocation Failure)
[16.728s][info][gc,heap        ] GC(194) PSYoungGen: 156672K(156672K)->77344K(180736K) Eden: 41984K(41984K)->0K(46592K) From: 114688K(114688K)->77344K(134144K)
[16.728s][info][gc,heap        ] GC(194) ParOldGen: 2477168K(2706432K)->2557288K(2706432K)
[16.728s][info][gc,metaspace   ] GC(194) Metaspace: 6299K(6464K)->6299K(6464K) NonClass: 5766K(5824K)->5766K(5824K) Class: 533K(640K)->533K(640K)
[16.728s][info][gc             ] GC(194) Pause Young (Allocation Failure) 2572M->2572M(2819M) 103.490ms
[16.728s][info][gc,cpu         ] GC(194) User=0.58s Sys=0.28s Real=0.10s
[16.786s][info][gc,start       ] GC(195) Pause Young (Allocation Failure)
[16.859s][info][gc,heap        ] GC(195) PSYoungGen: 123936K(180736K)->88864K(183296K) Eden: 46592K(46592K)->0K(46592K) From: 77344K(134144K)->88864K(136704K)
[16.859s][info][gc,heap        ] GC(195) ParOldGen: 2557288K(2706432K)->2592728K(2706432K)
[16.859s][info][gc,metaspace   ] GC(195) Metaspace: 6299K(6464K)->6299K(6464K) NonClass: 5766K(5824K)->5766K(5824K) Class: 533K(640K)->533K(640K)
[16.859s][info][gc             ] GC(195) Pause Young (Allocation Failure) 2618M->2618M(2822M) 73.191ms
[16.859s][info][gc,cpu         ] GC(195) User=0.33s Sys=0.17s Real=0.07s
[16.916s][info][gc,start       ] GC(196) Pause Young (Allocation Failure)
[17.003s][info][gc,heap        ] GC(196) PSYoungGen: 135456K(183296K)->93440K(187392K) Eden: 46592K(46592K)->0K(49664K) From: 88864K(136704K)->93440K(137728K)
[17.003s][info][gc,heap        ] GC(196) ParOldGen: 2592728K(2706432K)->2635088K(2706432K)
[17.003s][info][gc,metaspace   ] GC(196) Metaspace: 6299K(6464K)->6299K(6464K) NonClass: 5766K(5824K)->5766K(5824K) Class: 533K(640K)->533K(640K)
[17.003s][info][gc             ] GC(196) Pause Young (Allocation Failure) 2664M->2664M(2826M) 87.269ms
[17.003s][info][gc,cpu         ] GC(196) User=0.34s Sys=0.14s Real=0.09s
[17.059s][info][gc,start       ] GC(197) Pause Young (Allocation Failure)
[17.150s][info][gc,heap        ] GC(197) PSYoungGen: 143104K(187392K)->96512K(189440K) Eden: 49664K(49664K)->0K(49664K) From: 93440K(137728K)->96512K(139776K)
[17.150s][info][gc,heap        ] GC(197) ParOldGen: 2635088K(2706432K)->2682096K(2706432K)
[17.150s][info][gc,metaspace   ] GC(197) Metaspace: 6299K(6464K)->6299K(6464K) NonClass: 5766K(5824K)->5766K(5824K) Class: 533K(640K)->533K(640K)
[17.150s][info][gc             ] GC(197) Pause Young (Allocation Failure) 2713M->2713M(2828M) 91.453ms
[17.150s][info][gc,cpu         ] GC(197) User=0.50s Sys=0.12s Real=0.09s
[17.151s][info][gc,start       ] GC(198) Pause Full (Ergonomics)
[17.151s][info][gc,phases,start] GC(198) Marking Phase
[17.779s][info][gc,phases      ] GC(198) Marking Phase 628.586ms
[17.779s][info][gc,phases,start] GC(198) Summary Phase
[17.779s][info][gc,phases      ] GC(198) Summary Phase 0.046ms
[17.779s][info][gc,phases,start] GC(198) Adjust Roots
[17.779s][info][gc,phases      ] GC(198) Adjust Roots 0.204ms
[17.780s][info][gc,phases,start] GC(198) Compaction Phase
[18.016s][info][gc,phases      ] GC(198) Compaction Phase 236.679ms
[18.016s][info][gc,phases,start] GC(198) Post Compact
[18.021s][info][gc,phases      ] GC(198) Post Compact 4.723ms
[18.023s][info][gc,heap        ] GC(198) PSYoungGen: 96512K(189440K)->70122K(189440K) Eden: 0K(49664K)->0K(49664K) From: 96512K(139776K)->70122K(139776K)
[18.023s][info][gc,heap        ] GC(198) ParOldGen: 2682096K(2706432K)->2705934K(2990592K)
[18.023s][info][gc,metaspace   ] GC(198) Metaspace: 6299K(6464K)->6299K(6464K) NonClass: 5766K(5824K)->5766K(5824K) Class: 533K(640K)->533K(640K)
[18.023s][info][gc             ] GC(198) Pause Full (Ergonomics) 2713M->2710M(3105M) 872.442ms
[18.023s][info][gc,cpu         ] GC(198) User=6.84s Sys=0.03s Real=0.87s
[18.085s][info][gc,start       ] GC(199) Pause Young (Allocation Failure)
[18.268s][info][gc,heap        ] GC(199) PSYoungGen: 119786K(189440K)->88512K(192512K) Eden: 49664K(49664K)->0K(54784K) From: 70122K(139776K)->88512K(137728K)
[18.268s][info][gc,heap        ] GC(199) ParOldGen: 2705934K(2990592K)->2737830K(2990592K)
[18.268s][info][gc,metaspace   ] GC(199) Metaspace: 6299K(6464K)->6299K(6464K) NonClass: 5766K(5824K)->5766K(5824K) Class: 533K(640K)->533K(640K)
[18.268s][info][gc             ] GC(199) Pause Young (Allocation Failure) 2759M->2760M(3108M) 183.393ms
[18.269s][info][gc,cpu         ] GC(199) User=1.06s Sys=0.08s Real=0.18s
[18.944s][info][gc,start       ] GC(200) Pause Young (Allocation Failure)
[19.078s][info][gc,heap        ] GC(200) PSYoungGen: 143296K(192512K)->140288K(195072K) Eden: 54784K(54784K)->0K(54784K) From: 88512K(137728K)->140288K(140288K)
[19.078s][info][gc,heap        ] GC(200) ParOldGen: 2868902K(2990592K)->2871942K(2990592K)
[19.078s][info][gc,metaspace   ] GC(200) Metaspace: 6299K(6464K)->6299K(6464K) NonClass: 5766K(5824K)->5766K(5824K) Class: 533K(640K)->533K(640K)
[19.078s][info][gc             ] GC(200) Pause Young (Allocation Failure) 2941M->2941M(3111M) 133.453ms
[19.078s][info][gc,cpu         ] GC(200) User=0.70s Sys=0.00s Real=0.13s
[19.138s][info][gc,start       ] GC(201) Pause Young (Allocation Failure)
[19.276s][info][gc,heap        ] GC(201) PSYoungGen: 195072K(195072K)->109888K(216576K) Eden: 54784K(54784K)->0K(57344K) From: 140288K(140288K)->109888K(159232K)
[19.276s][info][gc,heap        ] GC(201) ParOldGen: 2871942K(2990592K)->2957974K(2990592K)
[19.276s][info][gc,metaspace   ] GC(201) Metaspace: 6299K(6464K)->6299K(6464K) NonClass: 5766K(5824K)->5766K(5824K) Class: 533K(640K)->533K(640K)
[19.276s][info][gc             ] GC(201) Pause Young (Allocation Failure) 2995M->2995M(3132M) 138.143ms
[19.276s][info][gc,cpu         ] GC(201) User=0.64s Sys=0.48s Real=0.14s
[19.276s][info][gc,start       ] GC(202) Pause Full (Ergonomics)
[19.276s][info][gc,phases,start] GC(202) Marking Phase
[19.937s][info][gc,phases      ] GC(202) Marking Phase 660.979ms
[19.937s][info][gc,phases,start] GC(202) Summary Phase
[19.937s][info][gc,phases      ] GC(202) Summary Phase 0.058ms
[19.937s][info][gc,phases,start] GC(202) Adjust Roots
[19.937s][info][gc,phases      ] GC(202) Adjust Roots 0.219ms
[19.937s][info][gc,phases,start] GC(202) Compaction Phase
[20.410s][info][gc,phases      ] GC(202) Compaction Phase 473.213ms
[20.410s][info][gc,phases,start] GC(202) Post Compact
[20.417s][info][gc,phases      ] GC(202) Post Compact 6.319ms
[20.419s][info][gc,heap        ] GC(202) PSYoungGen: 109888K(216576K)->10371K(216576K) Eden: 0K(57344K)->0K(57344K) From: 109888K(159232K)->10371K(159232K)
[20.419s][info][gc,heap        ] GC(202) ParOldGen: 2957974K(2990592K)->2990358K(3312128K)
[20.419s][info][gc,metaspace   ] GC(202) Metaspace: 6299K(6464K)->6299K(6464K) NonClass: 5766K(5824K)->5766K(5824K) Class: 533K(640K)->533K(640K)
[20.419s][info][gc             ] GC(202) Pause Full (Ergonomics) 2995M->2930M(3446M) 1143.430ms
[20.419s][info][gc,cpu         ] GC(202) User=7.78s Sys=0.14s Real=1.14s
[20.473s][info][gc,start       ] GC(203) Pause Young (Allocation Failure)
[20.639s][info][gc,heap        ] GC(203) PSYoungGen: 67715K(216576K)->67968K(219136K) Eden: 57344K(57344K)->0K(57344K) From: 10371K(159232K)->67968K(161792K)
[20.639s][info][gc,heap        ] GC(203) ParOldGen: 2990358K(3312128K)->2990358K(3312128K)
[20.639s][info][gc,metaspace   ] GC(203) Metaspace: 6299K(6464K)->6299K(6464K) NonClass: 5766K(5824K)->5766K(5824K) Class: 533K(640K)->533K(640K)
[20.639s][info][gc             ] GC(203) Pause Young (Allocation Failure) 2986M->2986M(3448M) 165.928ms
[20.639s][info][gc,cpu         ] GC(203) User=0.95s Sys=0.00s Real=0.17s
[20.694s][info][gc,start       ] GC(204) Pause Young (Allocation Failure)
[20.763s][info][gc,heap        ] GC(204) PSYoungGen: 125312K(219136K)->125408K(210944K) Eden: 57344K(57344K)->0K(54272K) From: 67968K(161792K)->125408K(156672K)
[20.763s][info][gc,heap        ] GC(204) ParOldGen: 2990358K(3312128K)->2990358K(3312128K)
[20.763s][info][gc,metaspace   ] GC(204) Metaspace: 6299K(6464K)->6299K(6464K) NonClass: 5766K(5824K)->5766K(5824K) Class: 533K(640K)->533K(640K)
[20.763s][info][gc             ] GC(204) Pause Young (Allocation Failure) 3042M->3042M(3440M) 69.156ms
[20.763s][info][gc,cpu         ] GC(204) User=0.20s Sys=0.08s Real=0.07s
[20.820s][info][gc,start       ] GC(205) Pause Young (Allocation Failure)
[20.910s][info][gc,heap        ] GC(205) PSYoungGen: 179680K(210944K)->164864K(219136K) Eden: 54272K(54272K)->0K(54272K) From: 125408K(156672K)->164864K(164864K)
[20.910s][info][gc,heap        ] GC(205) ParOldGen: 2990358K(3312128K)->3005294K(3312128K)
[20.910s][info][gc,metaspace   ] GC(205) Metaspace: 6299K(6464K)->6299K(6464K) NonClass: 5766K(5824K)->5766K(5824K) Class: 533K(640K)->533K(640K)
[20.910s][info][gc             ] GC(205) Pause Young (Allocation Failure) 3095M->3095M(3448M) 89.796ms
[20.910s][info][gc,cpu         ] GC(205) User=0.41s Sys=0.05s Real=0.09s
[20.972s][info][gc,start       ] GC(206) Pause Young (Allocation Failure)
[21.123s][info][gc,heap        ] GC(206) PSYoungGen: 219136K(219136K)->191488K(215552K) Eden: 54272K(54272K)->0K(24064K) From: 164864K(164864K)->191488K(191488K)
[21.123s][info][gc,heap        ] GC(206) ParOldGen: 3005294K(3312128K)->3033238K(3312128K)
[21.123s][info][gc,metaspace   ] GC(206) Metaspace: 6299K(6464K)->6299K(6464K) NonClass: 5766K(5824K)->5766K(5824K) Class: 533K(640K)->533K(640K)
[21.123s][info][gc             ] GC(206) Pause Young (Allocation Failure) 3148M->3149M(3445M) 151.512ms
[21.123s][info][gc,cpu         ] GC(206) User=0.75s Sys=0.38s Real=0.15s
[21.149s][info][gc,start       ] GC(207) Pause Young (Allocation Failure)
[21.279s][info][gc,heap        ] GC(207) PSYoungGen: 215552K(215552K)->125184K(149504K) Eden: 24064K(24064K)->0K(24064K) From: 191488K(191488K)->125184K(125440K)
[21.279s][info][gc,heap        ] GC(207) ParOldGen: 3033238K(3312128K)->3124470K(3312128K)
[21.279s][info][gc,metaspace   ] GC(207) Metaspace: 6299K(6464K)->6299K(6464K) NonClass: 5766K(5824K)->5766K(5824K) Class: 533K(640K)->533K(640K)
[21.279s][info][gc             ] GC(207) Pause Young (Allocation Failure) 3172M->3173M(3380M) 129.554ms
[21.279s][info][gc,cpu         ] GC(207) User=0.69s Sys=0.23s Real=0.13s
[21.303s][info][gc,start       ] GC(208) Pause Young (Allocation Failure)
[21.411s][info][gc,heap        ] GC(208) PSYoungGen: 149248K(149504K)->48288K(248320K) Eden: 24064K(24064K)->0K(27648K) From: 125184K(125440K)->48288K(220672K)
[21.411s][info][gc,heap        ] GC(208) ParOldGen: 3124470K(3312128K)->3226134K(3312128K)
[21.411s][info][gc,metaspace   ] GC(208) Metaspace: 6299K(6464K)->6299K(6464K) NonClass: 5766K(5824K)->5766K(5824K) Class: 533K(640K)->533K(640K)
[21.411s][info][gc             ] GC(208) Pause Young (Allocation Failure) 3196M->3197M(3477M) 108.576ms
[21.412s][info][gc,cpu         ] GC(208) User=0.33s Sys=0.44s Real=0.11s
[21.412s][info][gc,start       ] GC(209) Pause Full (Ergonomics)
[21.412s][info][gc,phases,start] GC(209) Marking Phase
[22.146s][info][gc,phases      ] GC(209) Marking Phase 734.731ms
[22.146s][info][gc,phases,start] GC(209) Summary Phase
[22.146s][info][gc,phases      ] GC(209) Summary Phase 0.083ms
[22.146s][info][gc,phases,start] GC(209) Adjust Roots
[22.147s][info][gc,phases      ] GC(209) Adjust Roots 0.233ms
[22.147s][info][gc,phases,start] GC(209) Compaction Phase
[22.483s][info][gc,phases      ] GC(209) Compaction Phase 335.908ms
[22.483s][info][gc,phases,start] GC(209) Post Compact
[22.489s][info][gc,phases      ] GC(209) Post Compact 6.112ms
[22.491s][info][gc,heap        ] GC(209) PSYoungGen: 48288K(248320K)->0K(248832K) Eden: 0K(27648K)->0K(27648K) From: 48288K(220672K)->0K(221184K)
[22.491s][info][gc,heap        ] GC(209) ParOldGen: 3226134K(3312128K)->3271909K(3642368K)
[22.491s][info][gc,metaspace   ] GC(209) Metaspace: 6299K(6464K)->6299K(6464K) NonClass: 5766K(5824K)->5766K(5824K) Class: 533K(640K)->533K(640K)
[22.491s][info][gc             ] GC(209) Pause Full (Ergonomics) 3197M->3195M(3800M) 1079.777ms
[22.491s][info][gc,cpu         ] GC(209) User=7.44s Sys=0.12s Real=1.08s
[22.520s][info][gc,start       ] GC(210) Pause Young (Allocation Failure)
[22.557s][info][gc,heap        ] GC(210) PSYoungGen: 27648K(248832K)->27776K(251392K) Eden: 27648K(27648K)->0K(30208K) From: 0K(221184K)->27776K(221184K)
[22.557s][info][gc,heap        ] GC(210) ParOldGen: 3271909K(3642368K)->3271909K(3642368K)
[22.557s][info][gc,metaspace   ] GC(210) Metaspace: 6299K(6464K)->6299K(6464K) NonClass: 5766K(5824K)->5766K(5824K) Class: 533K(640K)->533K(640K)
[22.557s][info][gc             ] GC(210) Pause Young (Allocation Failure) 3222M->3222M(3802M) 37.455ms
[22.557s][info][gc,cpu         ] GC(210) User=0.05s Sys=0.00s Real=0.04s
[22.590s][info][gc,start       ] GC(211) Pause Young (Allocation Failure)
[22.646s][info][gc,heap        ] GC(211) PSYoungGen: 57984K(251392K)->30368K(252928K) Eden: 30208K(30208K)->0K(30208K) From: 27776K(221184K)->30368K(222720K)
[22.646s][info][gc,heap        ] GC(211) ParOldGen: 3271909K(3642368K)->3299813K(3642368K)
[22.646s][info][gc,metaspace   ] GC(211) Metaspace: 6299K(6464K)->6299K(6464K) NonClass: 5766K(5824K)->5766K(5824K) Class: 533K(640K)->533K(640K)
[22.646s][info][gc             ] GC(211) Pause Young (Allocation Failure) 3251M->3252M(3804M) 56.023ms
[22.646s][info][gc,cpu         ] GC(211) User=0.20s Sys=0.08s Real=0.06s
[22.681s][info][gc,start       ] GC(212) Pause Young (Allocation Failure)
[22.735s][info][gc,heap        ] GC(212) PSYoungGen: 60576K(252928K)->30336K(248832K) Eden: 30208K(30208K)->0K(33792K) From: 30368K(222720K)->30336K(215040K)
[22.735s][info][gc,heap        ] GC(212) ParOldGen: 3299813K(3642368K)->3330293K(3642368K)
[22.735s][info][gc,metaspace   ] GC(212) Metaspace: 6299K(6464K)->6299K(6464K) NonClass: 5766K(5824K)->5766K(5824K) Class: 533K(640K)->533K(640K)
[22.735s][info][gc             ] GC(212) Pause Young (Allocation Failure) 3281M->3281M(3800M) 54.778ms
[22.735s][info][gc,cpu         ] GC(212) User=0.17s Sys=0.12s Real=0.05s
[22.773s][info][gc,start       ] GC(213) Pause Young (Allocation Failure)
[22.836s][info][gc,heap        ] GC(213) PSYoungGen: 64128K(248832K)->33952K(68096K) Eden: 33792K(33792K)->0K(33792K) From: 30336K(215040K)->33952K(34304K)
[22.836s][info][gc,heap        ] GC(213) ParOldGen: 3330293K(3642368K)->3360773K(3642368K)
[22.836s][info][gc,metaspace   ] GC(213) Metaspace: 6299K(6464K)->6299K(6464K) NonClass: 5766K(5824K)->5766K(5824K) Class: 533K(640K)->533K(640K)
[22.836s][info][gc             ] GC(213) Pause Young (Allocation Failure) 3314M->3315M(3623M) 63.245ms
[22.836s][info][gc,cpu         ] GC(213) User=0.12s Sys=0.06s Real=0.06s
[22.872s][info][gc,start       ] GC(214) Pause Young (Allocation Failure)
[22.932s][info][gc,heap        ] GC(214) PSYoungGen: 67744K(68096K)->34016K(241152K) Eden: 33792K(33792K)->0K(38400K) From: 33952K(34304K)->34016K(202752K)
[22.932s][info][gc,heap        ] GC(214) ParOldGen: 3360773K(3642368K)->3394869K(3642368K)
[22.932s][info][gc,metaspace   ] GC(214) Metaspace: 6299K(6464K)->6299K(6464K) NonClass: 5766K(5824K)->5766K(5824K) Class: 533K(640K)->533K(640K)
[22.932s][info][gc             ] GC(214) Pause Young (Allocation Failure) 3348M->3348M(3792M) 59.732ms
[22.932s][info][gc,cpu         ] GC(214) User=0.14s Sys=0.16s Real=0.06s
[22.974s][info][gc,start       ] GC(215) Pause Young (Allocation Failure)
[23.031s][info][gc,heap        ] GC(215) PSYoungGen: 72416K(241152K)->38592K(77312K) Eden: 38400K(38400K)->0K(38400K) From: 34016K(202752K)->38592K(38912K)
[23.031s][info][gc,heap        ] GC(215) ParOldGen: 3394869K(3642368K)->3428957K(3642368K)
[23.031s][info][gc,metaspace   ] GC(215) Metaspace: 6299K(6464K)->6299K(6464K) NonClass: 5766K(5824K)->5766K(5824K) Class: 533K(640K)->533K(640K)
[23.032s][info][gc             ] GC(215) Pause Young (Allocation Failure) 3386M->3386M(3632M) 57.620ms
[23.032s][info][gc,cpu         ] GC(215) User=0.11s Sys=0.17s Real=0.06s
[23.066s][info][gc,start       ] GC(216) Pause Young (Allocation Failure)
[23.130s][info][gc,heap        ] GC(216) PSYoungGen: 76992K(77312K)->38592K(228352K) Eden: 38400K(38400K)->0K(43008K) From: 38592K(38912K)->38592K(185344K)
[23.130s][info][gc,heap        ] GC(216) ParOldGen: 3428957K(3642368K)->3467709K(3642368K)
[23.130s][info][gc,metaspace   ] GC(216) Metaspace: 6299K(6464K)->6299K(6464K) NonClass: 5766K(5824K)->5766K(5824K) Class: 533K(640K)->533K(640K)
[23.130s][info][gc             ] GC(216) Pause Young (Allocation Failure) 3423M->3424M(3780M) 64.042ms
[23.130s][info][gc,cpu         ] GC(216) User=0.17s Sys=0.11s Real=0.06s
[23.173s][info][gc,start       ] GC(217) Pause Young (Allocation Failure)
[23.234s][info][gc,heap        ] GC(217) PSYoungGen: 81600K(228352K)->43232K(86528K) Eden: 43008K(43008K)->0K(43008K) From: 38592K(185344K)->43232K(43520K)
[23.234s][info][gc,heap        ] GC(217) ParOldGen: 3467709K(3642368K)->3506453K(3642368K)
[23.234s][info][gc,metaspace   ] GC(217) Metaspace: 6299K(6464K)->6299K(6464K) NonClass: 5766K(5824K)->5766K(5824K) Class: 533K(640K)->533K(640K)
[23.234s][info][gc             ] GC(217) Pause Young (Allocation Failure) 3466M->3466M(3641M) 61.031ms
[23.234s][info][gc,cpu         ] GC(217) User=0.17s Sys=0.12s Real=0.06s
[23.280s][info][gc,start       ] GC(218) Pause Young (Allocation Failure)
[23.338s][info][gc,heap        ] GC(218) PSYoungGen: 86240K(86528K)->43136K(216064K) Eden: 43008K(43008K)->0K(48128K) From: 43232K(43520K)->43136K(167936K)
[23.338s][info][gc,heap        ] GC(218) ParOldGen: 3506453K(3642368K)->3549845K(3642368K)
[23.338s][info][gc,metaspace   ] GC(218) Metaspace: 6299K(6464K)->6299K(6464K) NonClass: 5766K(5824K)->5766K(5824K) Class: 533K(640K)->533K(640K)
[23.338s][info][gc             ] GC(218) Pause Young (Allocation Failure) 3508M->3508M(3768M) 58.356ms
[23.338s][info][gc,cpu         ] GC(218) User=0.22s Sys=0.14s Real=0.06s
[23.393s][info][gc,start       ] GC(219) Pause Young (Allocation Failure)
[23.453s][info][gc,heap        ] GC(219) PSYoungGen: 91264K(216064K)->48352K(96768K) Eden: 48128K(48128K)->0K(48128K) From: 43136K(167936K)->48352K(48640K)
[23.453s][info][gc,heap        ] GC(219) ParOldGen: 3549845K(3642368K)->3593237K(3642368K)
[23.453s][info][gc,metaspace   ] GC(219) Metaspace: 6299K(6464K)->6299K(6464K) NonClass: 5766K(5824K)->5766K(5824K) Class: 533K(640K)->533K(640K)
[23.453s][info][gc             ] GC(219) Pause Young (Allocation Failure) 3555M->3556M(3651M) 60.496ms
[23.453s][info][gc,cpu         ] GC(219) User=0.30s Sys=0.08s Real=0.06s
[23.453s][info][gc,start       ] GC(220) Pause Full (Ergonomics)
[23.453s][info][gc,phases,start] GC(220) Marking Phase
[24.263s][info][gc,phases      ] GC(220) Marking Phase 809.892ms
[24.263s][info][gc,phases,start] GC(220) Summary Phase
[24.263s][info][gc,phases      ] GC(220) Summary Phase 0.071ms
[24.263s][info][gc,phases,start] GC(220) Adjust Roots
[24.264s][info][gc,phases      ] GC(220) Adjust Roots 0.209ms
[24.264s][info][gc,phases,start] GC(220) Compaction Phase
[24.629s][info][gc,phases      ] GC(220) Compaction Phase 365.756ms
[24.629s][info][gc,phases,start] GC(220) Post Compact
[24.636s][info][gc,phases      ] GC(220) Post Compact 6.842ms
[24.639s][info][gc,heap        ] GC(220) PSYoungGen: 48352K(96768K)->0K(221696K) Eden: 0K(48128K)->0K(53760K) From: 48352K(48640K)->0K(167936K)
[24.639s][info][gc,heap        ] GC(220) ParOldGen: 3593237K(3642368K)->3638180K(3997696K)
[24.639s][info][gc,metaspace   ] GC(220) Metaspace: 6299K(6464K)->6299K(6464K) NonClass: 5766K(5824K)->5766K(5824K) Class: 533K(640K)->533K(640K)
[24.639s][info][gc             ] GC(220) Pause Full (Ergonomics) 3556M->3552M(4120M) 1185.371ms
[24.639s][info][gc,cpu         ] GC(220) User=8.47s Sys=0.08s Real=1.18s
[24.701s][info][gc,start       ] GC(221) Pause Young (Allocation Failure)
[24.748s][info][gc,heap        ] GC(221) PSYoungGen: 53760K(221696K)->53952K(108032K) Eden: 53760K(53760K)->0K(53760K) From: 0K(167936K)->53952K(54272K)
[24.748s][info][gc,heap        ] GC(221) ParOldGen: 3638180K(3997696K)->3638180K(3997696K)
[24.748s][info][gc,metaspace   ] GC(221) Metaspace: 6299K(6464K)->6299K(6464K) NonClass: 5766K(5824K)->5766K(5824K) Class: 533K(640K)->533K(640K)
[24.748s][info][gc             ] GC(221) Pause Young (Allocation Failure) 3605M->3605M(4009M) 46.665ms
[24.748s][info][gc,cpu         ] GC(221) User=0.14s Sys=0.00s Real=0.05s
[24.804s][info][gc,start       ] GC(222) Pause Young (Allocation Failure)
[24.871s][info][gc,heap        ] GC(222) PSYoungGen: 107712K(108032K)->107840K(209920K) Eden: 53760K(53760K)->0K(51200K) From: 53952K(54272K)->107840K(158720K)
[24.871s][info][gc,heap        ] GC(222) ParOldGen: 3638180K(3997696K)->3638180K(3997696K)
[24.871s][info][gc,metaspace   ] GC(222) Metaspace: 6299K(6464K)->6299K(6464K) NonClass: 5766K(5824K)->5766K(5824K) Class: 533K(640K)->533K(640K)
[24.871s][info][gc             ] GC(222) Pause Young (Allocation Failure) 3658M->3658M(4109M) 67.232ms
[24.871s][info][gc,cpu         ] GC(222) User=0.28s Sys=0.00s Real=0.07s
[24.920s][info][gc,start       ] GC(223) Pause Young (Allocation Failure)
[25.001s][info][gc,heap        ] GC(223) PSYoungGen: 159040K(209920K)->159072K(217600K) Eden: 51200K(51200K)->0K(51200K) From: 107840K(158720K)->159072K(166400K)
[25.001s][info][gc,heap        ] GC(223) ParOldGen: 3638180K(3997696K)->3638180K(3997696K)
[25.001s][info][gc,metaspace   ] GC(223) Metaspace: 6299K(6464K)->6299K(6464K) NonClass: 5766K(5824K)->5766K(5824K) Class: 533K(640K)->533K(640K)
[25.001s][info][gc             ] GC(223) Pause Young (Allocation Failure) 3708M->3708M(4116M) 80.609ms
[25.001s][info][gc,cpu         ] GC(223) User=0.44s Sys=0.00s Real=0.08s
[25.058s][info][gc,start       ] GC(224) Pause Young (Allocation Failure)
[25.176s][info][gc,heap        ] GC(224) PSYoungGen: 210272K(217600K)->156544K(229376K) Eden: 51200K(51200K)->0K(38400K) From: 159072K(166400K)->156544K(190976K)
[25.176s][info][gc,heap        ] GC(224) ParOldGen: 3638180K(3997696K)->3692412K(3997696K)
[25.176s][info][gc,metaspace   ] GC(224) Metaspace: 6299K(6464K)->6299K(6464K) NonClass: 5766K(5824K)->5766K(5824K) Class: 533K(640K)->533K(640K)
[25.176s][info][gc             ] GC(224) Pause Young (Allocation Failure) 3758M->3758M(4128M) 118.103ms
[25.176s][info][gc,cpu         ] GC(224) User=0.64s Sys=0.25s Real=0.12s
[25.219s][info][gc,start       ] GC(225) Pause Young (Allocation Failure)
[25.332s][info][gc,heap        ] GC(225) PSYoungGen: 194944K(229376K)->141152K(247808K) Eden: 38400K(38400K)->0K(38400K) From: 156544K(190976K)->141152K(209408K)
[25.332s][info][gc,heap        ] GC(225) ParOldGen: 3692412K(3997696K)->3746668K(3997696K)
[25.332s][info][gc,metaspace   ] GC(225) Metaspace: 6299K(6464K)->6299K(6464K) NonClass: 5766K(5824K)->5766K(5824K) Class: 533K(640K)->533K(640K)
[25.332s][info][gc             ] GC(225) Pause Young (Allocation Failure) 3796M->3796M(4146M) 112.210ms
[25.332s][info][gc,cpu         ] GC(225) User=0.62s Sys=0.14s Real=0.11s
[25.374s][info][gc,start       ] GC(226) Pause Young (Allocation Failure)
[25.507s][info][gc,heap        ] GC(226) PSYoungGen: 179552K(247808K)->77024K(240640K) Eden: 38400K(38400K)->0K(43520K) From: 141152K(209408K)->77024K(197120K)
[25.507s][info][gc,heap        ] GC(226) ParOldGen: 3746668K(3997696K)->3849948K(3997696K)
[25.507s][info][gc,metaspace   ] GC(226) Metaspace: 6299K(6464K)->6299K(6464K) NonClass: 5766K(5824K)->5766K(5824K) Class: 533K(640K)->533K(640K)
[25.507s][info][gc             ] GC(226) Pause Young (Allocation Failure) 3834M->3834M(4139M) 133.569ms
[25.507s][info][gc,cpu         ] GC(226) User=0.56s Sys=0.52s Real=0.13s
[25.552s][info][gc,start       ] GC(227) Pause Young (Allocation Failure)
[25.642s][info][gc,heap        ] GC(227) PSYoungGen: 120544K(240640K)->43744K(250880K) Eden: 43520K(43520K)->0K(43520K) From: 77024K(197120K)->43744K(207360K)
[25.642s][info][gc,heap        ] GC(227) ParOldGen: 3849948K(3997696K)->3927420K(3997696K)
[25.642s][info][gc,metaspace   ] GC(227) Metaspace: 6299K(6464K)->6299K(6464K) NonClass: 5766K(5824K)->5766K(5824K) Class: 533K(640K)->533K(640K)
[25.642s][info][gc             ] GC(227) Pause Young (Allocation Failure) 3877M->3878M(4149M) 89.720ms
[25.642s][info][gc,cpu         ] GC(227) User=0.41s Sys=0.20s Real=0.09s
[25.642s][info][gc,start       ] GC(228) Pause Full (Ergonomics)
[25.642s][info][gc,phases,start] GC(228) Marking Phase
[26.533s][info][gc,phases      ] GC(228) Marking Phase 890.965ms
[26.533s][info][gc,phases,start] GC(228) Summary Phase
[26.533s][info][gc,phases      ] GC(228) Summary Phase 0.096ms
[26.533s][info][gc,phases,start] GC(228) Adjust Roots
[26.533s][info][gc,phases      ] GC(228) Adjust Roots 0.189ms
[26.533s][info][gc,phases,start] GC(228) Compaction Phase
[26.896s][info][gc,phases      ] GC(228) Compaction Phase 362.525ms
[26.896s][info][gc,phases,start] GC(228) Post Compact
[26.903s][info][gc,phases      ] GC(228) Post Compact 7.186ms
[26.906s][info][gc,heap        ] GC(228) PSYoungGen: 43744K(250880K)->0K(251904K) Eden: 0K(43520K)->0K(49152K) From: 43744K(207360K)->0K(202752K)
[26.907s][info][gc,heap        ] GC(228) ParOldGen: 3927420K(3997696K)->3968203K(4391424K)
[26.907s][info][gc,metaspace   ] GC(228) Metaspace: 6299K(6464K)->6299K(6464K) NonClass: 5766K(5824K)->5766K(5824K) Class: 533K(640K)->533K(640K)
[26.907s][info][gc             ] GC(228) Pause Full (Ergonomics) 3878M->3875M(4534M) 1264.427ms
[26.907s][info][gc,cpu         ] GC(228) User=9.08s Sys=0.14s Real=1.26s
[26.958s][info][gc,start       ] GC(229) Pause Young (Allocation Failure)
[27.001s][info][gc,heap        ] GC(229) PSYoungGen: 49152K(251904K)->49344K(98816K) Eden: 49152K(49152K)->0K(49152K) From: 0K(202752K)->49344K(49664K)
[27.001s][info][gc,heap        ] GC(229) ParOldGen: 3968203K(4391424K)->3968203K(4391424K)
[27.001s][info][gc,metaspace   ] GC(229) Metaspace: 6299K(6464K)->6299K(6464K) NonClass: 5766K(5824K)->5766K(5824K) Class: 533K(640K)->533K(640K)
[27.001s][info][gc             ] GC(229) Pause Young (Allocation Failure) 3923M->3923M(4385M) 43.130ms
[27.001s][info][gc,cpu         ] GC(229) User=0.06s Sys=0.00s Real=0.04s
[27.055s][info][gc,start       ] GC(230) Pause Young (Allocation Failure)
[27.124s][info][gc,heap        ] GC(230) PSYoungGen: 98496K(98816K)->49344K(239616K) Eden: 49152K(49152K)->0K(54784K) From: 49344K(49664K)->49344K(184832K)
[27.124s][info][gc,heap        ] GC(230) ParOldGen: 3968203K(4391424K)->4017795K(4391424K)
[27.124s][info][gc,metaspace   ] GC(230) Metaspace: 6299K(6464K)->6299K(6464K) NonClass: 5766K(5824K)->5766K(5824K) Class: 533K(640K)->533K(640K)
[27.124s][info][gc             ] GC(230) Pause Young (Allocation Failure) 3971M->3971M(4522M) 68.314ms
[27.124s][info][gc,cpu         ] GC(230) User=0.38s Sys=0.12s Real=0.07s
[27.190s][info][gc,start       ] GC(231) Pause Young (Allocation Failure)
[27.261s][info][gc,heap        ] GC(231) PSYoungGen: 104128K(239616K)->54976K(110080K) Eden: 54784K(54784K)->0K(54784K) From: 49344K(184832K)->54976K(55296K)
[27.262s][info][gc,heap        ] GC(231) ParOldGen: 4017795K(4391424K)->4067395K(4391424K)
[27.262s][info][gc,metaspace   ] GC(231) Metaspace: 6299K(6464K)->6299K(6464K) NonClass: 5766K(5824K)->5766K(5824K) Class: 533K(640K)->533K(640K)
[27.262s][info][gc             ] GC(231) Pause Young (Allocation Failure) 4025M->4025M(4396M) 71.932ms
[27.262s][info][gc,cpu         ] GC(231) User=0.22s Sys=0.11s Real=0.07s
[27.318s][info][gc,start       ] GC(232) Pause Young (Allocation Failure)
[27.393s][info][gc,heap        ] GC(232) PSYoungGen: 109760K(110080K)->55008K(228352K) Eden: 54784K(54784K)->0K(60928K) From: 54976K(55296K)->55008K(167424K)
[27.393s][info][gc,heap        ] GC(232) ParOldGen: 4067395K(4391424K)->4122675K(4391424K)
[27.393s][info][gc,metaspace   ] GC(232) Metaspace: 6299K(6464K)->6299K(6464K) NonClass: 5766K(5824K)->5766K(5824K) Class: 533K(640K)->533K(640K)
[27.393s][info][gc             ] GC(232) Pause Young (Allocation Failure) 4079M->4079M(4511M) 75.219ms
[27.393s][info][gc,cpu         ] GC(232) User=0.33s Sys=0.19s Real=0.08s
[27.456s][info][gc,start       ] GC(233) Pause Young (Allocation Failure)
[27.534s][info][gc,heap        ] GC(233) PSYoungGen: 115936K(228352K)->61184K(122368K) Eden: 60928K(60928K)->0K(60928K) From: 55008K(167424K)->61184K(61440K)
[27.534s][info][gc,heap        ] GC(233) ParOldGen: 4122675K(4391424K)->4177939K(4391424K)
[27.534s][info][gc,metaspace   ] GC(233) Metaspace: 6299K(6464K)->6299K(6464K) NonClass: 5766K(5824K)->5766K(5824K) Class: 533K(640K)->533K(640K)
[27.534s][info][gc             ] GC(233) Pause Young (Allocation Failure) 4139M->4139M(4408M) 77.760ms
[27.534s][info][gc,cpu         ] GC(233) User=0.27s Sys=0.25s Real=0.08s
[27.603s][info][gc,start       ] GC(234) Pause Young (Allocation Failure)
[27.687s][info][gc,heap        ] GC(234) PSYoungGen: 122112K(122368K)->61152K(219136K) Eden: 60928K(60928K)->0K(67584K) From: 61184K(61440K)->61152K(151552K)
[27.687s][info][gc,heap        ] GC(234) ParOldGen: 4177939K(4391424K)->4239403K(4391424K)
[27.687s][info][gc,metaspace   ] GC(234) Metaspace: 6299K(6464K)->6299K(6464K) NonClass: 5766K(5824K)->5766K(5824K) Class: 533K(640K)->533K(640K)
[27.687s][info][gc             ] GC(234) Pause Young (Allocation Failure) 4199M->4199M(4502M) 84.126ms
[27.687s][info][gc,cpu         ] GC(234) User=0.42s Sys=0.09s Real=0.08s
[27.769s][info][gc,start       ] GC(235) Pause Young (Allocation Failure)
[27.853s][info][gc,heap        ] GC(235) PSYoungGen: 128736K(219136K)->67840K(135680K) Eden: 67584K(67584K)->0K(67584K) From: 61152K(151552K)->67840K(68096K)
[27.853s][info][gc,heap        ] GC(235) ParOldGen: 4239403K(4391424K)->4300875K(4391424K)
[27.853s][info][gc,metaspace   ] GC(235) Metaspace: 6299K(6464K)->6299K(6464K) NonClass: 5766K(5824K)->5766K(5824K) Class: 533K(640K)->533K(640K)
[27.853s][info][gc             ] GC(235) Pause Young (Allocation Failure) 4265M->4266M(4421M) 83.930ms
[27.853s][info][gc,cpu         ] GC(235) User=0.42s Sys=0.11s Real=0.08s
[27.853s][info][gc,start       ] GC(236) Pause Full (Ergonomics)
[27.853s][info][gc,phases,start] GC(236) Marking Phase
[28.819s][info][gc,phases      ] GC(236) Marking Phase 966.073ms
[28.819s][info][gc,phases,start] GC(236) Summary Phase
[28.819s][info][gc,phases      ] GC(236) Summary Phase 0.077ms
[28.819s][info][gc,phases,start] GC(236) Adjust Roots
[28.820s][info][gc,phases      ] GC(236) Adjust Roots 0.166ms
[28.820s][info][gc,phases,start] GC(236) Compaction Phase
[29.229s][info][gc,phases      ] GC(236) Compaction Phase 409.504ms
[29.229s][info][gc,phases,start] GC(236) Post Compact
[29.236s][info][gc,phases      ] GC(236) Post Compact 6.528ms
[29.239s][info][gc,heap        ] GC(236) PSYoungGen: 67840K(135680K)->0K(226304K) Eden: 0K(67584K)->0K(75264K) From: 67840K(68096K)->0K(151040K)
[29.239s][info][gc,heap        ] GC(236) ParOldGen: 4300875K(4391424K)->4365293K(4816896K)
[29.239s][info][gc,metaspace   ] GC(236) Metaspace: 6299K(6464K)->6299K(6464K) NonClass: 5766K(5824K)->5766K(5824K) Class: 533K(640K)->533K(640K)
[29.239s][info][gc             ] GC(236) Pause Full (Ergonomics) 4266M->4262M(4925M) 1385.769ms
[29.239s][info][gc,cpu         ] GC(236) User=10.42s Sys=0.06s Real=1.39s
[29.320s][info][gc,start       ] GC(237) Pause Young (Allocation Failure)
[29.375s][info][gc,heap        ] GC(237) PSYoungGen: 75264K(226304K)->75552K(226304K) Eden: 75264K(75264K)->0K(75264K) From: 0K(151040K)->75552K(151040K)
[29.375s][info][gc,heap        ] GC(237) ParOldGen: 4365293K(4816896K)->4365293K(4816896K)
[29.375s][info][gc,metaspace   ] GC(237) Metaspace: 6299K(6464K)->6299K(6464K) NonClass: 5766K(5824K)->5766K(5824K) Class: 533K(640K)->533K(640K)
[29.375s][info][gc             ] GC(237) Pause Young (Allocation Failure) 4336M->4336M(4925M) 54.905ms
[29.375s][info][gc,cpu         ] GC(237) User=0.19s Sys=0.00s Real=0.06s
[29.453s][info][gc,start       ] GC(238) Pause Young (Allocation Failure)
[29.532s][info][gc,heap        ] GC(238) PSYoungGen: 150816K(226304K)->144896K(204800K) Eden: 75264K(75264K)->0K(59904K) From: 75552K(151040K)->144896K(144896K)
[29.532s][info][gc,heap        ] GC(238) ParOldGen: 4365293K(4816896K)->4371277K(4816896K)
[29.532s][info][gc,metaspace   ] GC(238) Metaspace: 6299K(6464K)->6299K(6464K) NonClass: 5766K(5824K)->5766K(5824K) Class: 533K(640K)->533K(640K)
[29.532s][info][gc             ] GC(238) Pause Young (Allocation Failure) 4410M->4410M(4904M) 78.768ms
[29.532s][info][gc,cpu         ] GC(238) User=0.50s Sys=0.00s Real=0.08s
[29.609s][info][gc,start       ] GC(239) Pause Young (Allocation Failure)
[29.773s][info][gc,heap        ] GC(239) PSYoungGen: 204800K(204800K)->60128K(226816K) Eden: 59904K(59904K)->0K(59904K) From: 144896K(144896K)->60128K(166912K)
[29.773s][info][gc,heap        ] GC(239) ParOldGen: 4371277K(4816896K)->4517197K(4816896K)
[29.773s][info][gc,metaspace   ] GC(239) Metaspace: 6299K(6464K)->6299K(6464K) NonClass: 5766K(5824K)->5766K(5824K) Class: 533K(640K)->533K(640K)
[29.774s][info][gc             ] GC(239) Pause Young (Allocation Failure) 4468M->4470M(4925M) 164.467ms
[29.774s][info][gc,cpu         ] GC(239) User=0.64s Sys=0.53s Real=0.16s
[29.838s][info][gc,start       ] GC(240) Pause Young (Allocation Failure)
[29.911s][info][gc,heap        ] GC(240) PSYoungGen: 120032K(226816K)->120128K(219648K) Eden: 59904K(59904K)->0K(58368K) From: 60128K(166912K)->120128K(161280K)
[29.911s][info][gc,heap        ] GC(240) ParOldGen: 4517197K(4816896K)->4517197K(4816896K)
[29.911s][info][gc,metaspace   ] GC(240) Metaspace: 6299K(6464K)->6299K(6464K) NonClass: 5766K(5824K)->5766K(5824K) Class: 533K(640K)->533K(640K)
[29.911s][info][gc             ] GC(240) Pause Young (Allocation Failure) 4528M->4528M(4918M) 72.674ms
[29.911s][info][gc,cpu         ] GC(240) User=0.41s Sys=0.00s Real=0.07s
[29.973s][info][gc,start       ] GC(241) Pause Young (Allocation Failure)
[30.087s][info][gc,heap        ] GC(241) PSYoungGen: 178496K(219648K)->118592K(227328K) Eden: 58368K(58368K)->0K(58368K) From: 120128K(161280K)->118592K(168960K)
[30.087s][info][gc,heap        ] GC(241) ParOldGen: 4517197K(4816896K)->4577629K(4816896K)
[30.087s][info][gc,metaspace   ] GC(241) Metaspace: 6299K(6464K)->6299K(6464K) NonClass: 5766K(5824K)->5766K(5824K) Class: 533K(640K)->533K(640K)
[30.087s][info][gc             ] GC(241) Pause Young (Allocation Failure) 4585M->4586M(4926M) 114.108ms
[30.087s][info][gc,cpu         ] GC(241) User=0.53s Sys=0.23s Real=0.11s
[30.150s][info][gc,start       ] GC(242) Pause Young (Allocation Failure)
[30.263s][info][gc,heap        ] GC(242) PSYoungGen: 176960K(227328K)->117056K(236032K) Eden: 58368K(58368K)->0K(61952K) From: 118592K(168960K)->117056K(174080K)
[30.263s][info][gc,heap        ] GC(242) ParOldGen: 4577629K(4816896K)->4638069K(4816896K)
[30.263s][info][gc,metaspace   ] GC(242) Metaspace: 6299K(6464K)->6299K(6464K) NonClass: 5766K(5824K)->5766K(5824K) Class: 533K(640K)->533K(640K)
[30.263s][info][gc             ] GC(242) Pause Young (Allocation Failure) 4643M->4643M(4934M) 112.944ms
[30.263s][info][gc,cpu         ] GC(242) User=0.64s Sys=0.12s Real=0.11s
[30.339s][info][gc,start       ] GC(243) Pause Young (Allocation Failure)
[30.452s][info][gc,heap        ] GC(243) PSYoungGen: 179008K(236032K)->120640K(239104K) Eden: 61952K(61952K)->0K(61952K) From: 117056K(174080K)->120640K(177152K)
[30.452s][info][gc,heap        ] GC(243) ParOldGen: 4638069K(4816896K)->4696957K(4816896K)
[30.452s][info][gc,metaspace   ] GC(243) Metaspace: 6299K(6464K)->6299K(6464K) NonClass: 5766K(5824K)->5766K(5824K) Class: 533K(640K)->533K(640K)
[30.452s][info][gc             ] GC(243) Pause Young (Allocation Failure) 4704M->4704M(4937M) 112.835ms
[30.452s][info][gc,cpu         ] GC(243) User=0.66s Sys=0.11s Real=0.11s
[30.518s][info][gc,start       ] GC(244) Pause Young (Allocation Failure)
[30.630s][info][gc,heap        ] GC(244) PSYoungGen: 182592K(239104K)->124224K(246784K) Eden: 61952K(61952K)->0K(66560K) From: 120640K(177152K)->124224K(180224K)
[30.630s][info][gc,heap        ] GC(244) ParOldGen: 4696957K(4816896K)->4755837K(4816896K)
[30.630s][info][gc,metaspace   ] GC(244) Metaspace: 6299K(6464K)->6299K(6464K) NonClass: 5766K(5824K)->5766K(5824K) Class: 533K(640K)->533K(640K)
[30.630s][info][gc             ] GC(244) Pause Young (Allocation Failure) 4765M->4765M(4945M) 112.607ms
[30.630s][info][gc,cpu         ] GC(244) User=0.62s Sys=0.14s Real=0.11s
[30.630s][info][gc,start       ] GC(245) Pause Full (Ergonomics)
[30.630s][info][gc,phases,start] GC(245) Marking Phase
[31.706s][info][gc,phases      ] GC(245) Marking Phase 1075.583ms
[31.706s][info][gc,phases,start] GC(245) Summary Phase
[31.706s][info][gc,phases      ] GC(245) Summary Phase 0.094ms
[31.706s][info][gc,phases,start] GC(245) Adjust Roots
[31.707s][info][gc,phases      ] GC(245) Adjust Roots 0.289ms
[31.707s][info][gc,phases,start] GC(245) Compaction Phase
[32.145s][info][gc,phases      ] GC(245) Compaction Phase 438.497ms
[32.145s][info][gc,phases,start] GC(245) Post Compact
[32.153s][info][gc,phases      ] GC(245) Post Compact 7.852ms
[32.157s][info][gc,heap        ] GC(245) PSYoungGen: 124224K(246784K)->59445K(246784K) Eden: 0K(66560K)->0K(66560K) From: 124224K(180224K)->59445K(180224K)
[32.157s][info][gc,heap        ] GC(245) ParOldGen: 4755837K(4816896K)->4816577K(5322752K)
[32.157s][info][gc,metaspace   ] GC(245) Metaspace: 6299K(6464K)->6299K(6464K) NonClass: 5766K(5824K)->5766K(5824K) Class: 533K(640K)->533K(640K)
[32.157s][info][gc             ] GC(245) Pause Full (Ergonomics) 4765M->4761M(5439M) 1526.949ms
[32.157s][info][gc,cpu         ] GC(245) User=11.58s Sys=0.12s Real=1.53s
[32.227s][info][gc,start       ] GC(246) Pause Young (Allocation Failure)
[32.526s][info][gc,heap        ] GC(246) PSYoungGen: 126005K(246784K)->97344K(164352K) Eden: 66560K(66560K)->0K(66560K) From: 59445K(180224K)->97344K(97792K)
[32.526s][info][gc,heap        ] GC(246) ParOldGen: 4816577K(5322752K)->4845905K(5322752K)
[32.526s][info][gc,metaspace   ] GC(246) Metaspace: 6299K(6464K)->6299K(6464K) NonClass: 5766K(5824K)->5766K(5824K) Class: 533K(640K)->533K(640K)
[32.526s][info][gc             ] GC(246) Pause Young (Allocation Failure) 4826M->4827M(5358M) 298.493ms
[32.526s][info][gc,cpu         ] GC(246) User=1.81s Sys=0.09s Real=0.30s
[32.600s][info][gc,start       ] GC(247) Pause Young (Allocation Failure)
[32.704s][info][gc,heap        ] GC(247) PSYoungGen: 163904K(164352K)->163968K(231424K) Eden: 66560K(66560K)->0K(55808K) From: 97344K(97792K)->163968K(175616K)
[32.704s][info][gc,heap        ] GC(247) ParOldGen: 4845905K(5322752K)->4845905K(5322752K)
[32.704s][info][gc,metaspace   ] GC(247) Metaspace: 6299K(6464K)->6299K(6464K) NonClass: 5766K(5824K)->5766K(5824K) Class: 533K(640K)->533K(640K)
[32.704s][info][gc             ] GC(247) Pause Young (Allocation Failure) 4892M->4892M(5424M) 104.084ms
[32.704s][info][gc,cpu         ] GC(247) User=0.53s Sys=0.11s Real=0.10s
[32.774s][info][gc,start       ] GC(248) Pause Young (Allocation Failure)
[32.897s][info][gc,heap        ] GC(248) PSYoungGen: 219776K(231424K)->189408K(248832K) Eden: 55808K(55808K)->0K(55808K) From: 163968K(175616K)->189408K(193024K)
[32.897s][info][gc,heap        ] GC(248) ParOldGen: 4845905K(5322752K)->4876625K(5322752K)
[32.897s][info][gc,metaspace   ] GC(248) Metaspace: 6299K(6464K)->6299K(6464K) NonClass: 5766K(5824K)->5766K(5824K) Class: 533K(640K)->533K(640K)
[32.897s][info][gc             ] GC(248) Pause Young (Allocation Failure) 4946M->4947M(5441M) 123.475ms
[32.897s][info][gc,cpu         ] GC(248) User=0.77s Sys=0.11s Real=0.12s
[32.957s][info][gc,start       ] GC(249) Pause Young (Allocation Failure)
[33.125s][info][gc,heap        ] GC(249) PSYoungGen: 245216K(248832K)->178592K(264192K) Eden: 55808K(55808K)->0K(47616K) From: 189408K(193024K)->178592K(216576K)
[33.125s][info][gc,heap        ] GC(249) ParOldGen: 4876625K(5322752K)->4943785K(5322752K)
[33.125s][info][gc,metaspace   ] GC(249) Metaspace: 6299K(6464K)->6299K(6464K) NonClass: 5766K(5824K)->5766K(5824K) Class: 533K(640K)->533K(640K)
[33.125s][info][gc             ] GC(249) Pause Young (Allocation Failure) 5001M->5002M(5456M) 167.698ms
[33.125s][info][gc,cpu         ] GC(249) User=0.81s Sys=0.34s Real=0.17s
[33.177s][info][gc,start       ] GC(250) Pause Young (Allocation Failure)
[33.320s][info][gc,heap        ] GC(250) PSYoungGen: 226208K(264192K)->159616K(278528K) Eden: 47616K(47616K)->0K(47616K) From: 178592K(216576K)->159616K(230912K)
[33.320s][info][gc,heap        ] GC(250) ParOldGen: 4943785K(5322752K)->5010953K(5322752K)
[33.320s][info][gc,metaspace   ] GC(250) Metaspace: 6299K(6464K)->6299K(6464K) NonClass: 5766K(5824K)->5766K(5824K) Class: 533K(640K)->533K(640K)
[33.320s][info][gc             ] GC(250) Pause Young (Allocation Failure) 5048M->5049M(5470M) 142.569ms
[33.320s][info][gc,cpu         ] GC(250) User=0.78s Sys=0.22s Real=0.14s
[33.377s][info][gc,start       ] GC(251) Pause Young (Allocation Failure)
[33.535s][info][gc,heap        ] GC(251) PSYoungGen: 207232K(278528K)->95456K(276480K) Eden: 47616K(47616K)->0K(54272K) From: 159616K(230912K)->95456K(222208K)
[33.535s][info][gc,heap        ] GC(251) ParOldGen: 5010953K(5322752K)->5123545K(5322752K)
[33.535s][info][gc,metaspace   ] GC(251) Metaspace: 6299K(6464K)->6299K(6464K) NonClass: 5766K(5824K)->5766K(5824K) Class: 533K(640K)->533K(640K)
[33.535s][info][gc             ] GC(251) Pause Young (Allocation Failure) 5095M->5096M(5468M) 158.231ms
[33.535s][info][gc,cpu         ] GC(251) User=0.78s Sys=0.36s Real=0.16s
[33.599s][info][gc,start       ] GC(252) Pause Young (Allocation Failure)
[33.714s][info][gc,heap        ] GC(252) PSYoungGen: 149728K(276480K)->54496K(282624K) Eden: 54272K(54272K)->0K(54272K) From: 95456K(222208K)->54496K(228352K)
[33.714s][info][gc,heap        ] GC(252) ParOldGen: 5123545K(5322752K)->5219601K(5322752K)
[33.714s][info][gc,metaspace   ] GC(252) Metaspace: 6299K(6464K)->6299K(6464K) NonClass: 5766K(5824K)->5766K(5824K) Class: 533K(640K)->533K(640K)
[33.714s][info][gc             ] GC(252) Pause Young (Allocation Failure) 5149M->5150M(5474M) 115.015ms
[33.714s][info][gc,cpu         ] GC(252) User=0.44s Sys=0.33s Real=0.12s
[33.714s][info][gc,start       ] GC(253) Pause Full (Ergonomics)
[33.714s][info][gc,phases,start] GC(253) Marking Phase
[34.916s][info][gc,phases      ] GC(253) Marking Phase 1201.734ms
[34.916s][info][gc,phases,start] GC(253) Summary Phase
[34.916s][info][gc,phases      ] GC(253) Summary Phase 0.094ms
[34.916s][info][gc,phases,start] GC(253) Adjust Roots
[34.916s][info][gc,phases      ] GC(253) Adjust Roots 0.169ms
[34.916s][info][gc,phases,start] GC(253) Compaction Phase
[35.376s][info][gc,phases      ] GC(253) Compaction Phase 459.990ms
[35.376s][info][gc,phases,start] GC(253) Post Compact
[35.384s][info][gc,phases      ] GC(253) Post Compact 7.735ms
[35.384s][info][gc,heap        ] GC(253) PSYoungGen: 54496K(282624K)->0K(290304K) Eden: 0K(54272K)->0K(61952K) From: 54496K(228352K)->0K(228352K)
[35.384s][info][gc,heap        ] GC(253) ParOldGen: 5219601K(5322752K)->5270044K(5324800K)
[35.384s][info][gc,metaspace   ] GC(253) Metaspace: 6299K(6464K)->6299K(6464K) NonClass: 5766K(5824K)->5766K(5824K) Class: 533K(640K)->533K(640K)
[35.384s][info][gc             ] GC(253) Pause Full (Ergonomics) 5150M->5146M(5483M) 1670.031ms
[35.384s][info][gc,cpu         ] GC(253) User=12.55s Sys=0.28s Real=1.67s
[35.454s][info][gc,start       ] GC(254) Pause Full (Ergonomics)
[35.454s][info][gc,phases,start] GC(254) Marking Phase
[36.647s][info][gc,phases      ] GC(254) Marking Phase 1193.093ms
[36.647s][info][gc,phases,start] GC(254) Summary Phase
[36.647s][info][gc,phases      ] GC(254) Summary Phase 0.091ms
[36.647s][info][gc,phases,start] GC(254) Adjust Roots
[36.647s][info][gc,phases      ] GC(254) Adjust Roots 0.271ms
[36.647s][info][gc,phases,start] GC(254) Compaction Phase
[37.018s][info][gc,phases      ] GC(254) Compaction Phase 370.758ms
[37.018s][info][gc,phases,start] GC(254) Post Compact
[37.027s][info][gc,phases      ] GC(254) Post Compact 8.342ms
[37.027s][info][gc,heap        ] GC(254) PSYoungGen: 61952K(290304K)->7675K(290304K) Eden: 61952K(61952K)->7675K(61952K) From: 0K(228352K)->0K(228352K)
[37.027s][info][gc,heap        ] GC(254) ParOldGen: 5270044K(5324800K)->5324292K(5324800K)
[37.027s][info][gc,metaspace   ] GC(254) Metaspace: 6299K(6464K)->6299K(6464K) NonClass: 5766K(5824K)->5766K(5824K) Class: 533K(640K)->533K(640K)
[37.027s][info][gc             ] GC(254) Pause Full (Ergonomics) 5207M->5206M(5483M) 1573.075ms
[37.027s][info][gc,cpu         ] GC(254) User=12.02s Sys=0.12s Real=1.57s
[37.087s][info][gc,start       ] GC(255) Pause Full (Ergonomics)
[37.087s][info][gc,phases,start] GC(255) Marking Phase
[38.297s][info][gc,phases      ] GC(255) Marking Phase 1209.380ms
[38.297s][info][gc,phases,start] GC(255) Summary Phase
[38.297s][info][gc,phases      ] GC(255) Summary Phase 0.097ms
[38.297s][info][gc,phases,start] GC(255) Adjust Roots
[38.297s][info][gc,phases      ] GC(255) Adjust Roots 0.290ms
[38.297s][info][gc,phases,start] GC(255) Compaction Phase
[38.663s][info][gc,phases      ] GC(255) Compaction Phase 365.606ms
[38.663s][info][gc,phases,start] GC(255) Post Compact
[38.670s][info][gc,phases      ] GC(255) Post Compact 7.246ms
[38.670s][info][gc,heap        ] GC(255) PSYoungGen: 61952K(290304K)->61926K(290304K) Eden: 61952K(61952K)->61926K(61952K) From: 0K(228352K)->0K(228352K)
[38.670s][info][gc,heap        ] GC(255) ParOldGen: 5324292K(5324800K)->5324292K(5324800K)
[38.670s][info][gc,metaspace   ] GC(255) Metaspace: 6299K(6464K)->6299K(6464K) NonClass: 5766K(5824K)->5766K(5824K) Class: 533K(640K)->533K(640K)
[38.670s][info][gc             ] GC(255) Pause Full (Ergonomics) 5260M->5259M(5483M) 1582.997ms
[38.670s][info][gc,cpu         ] GC(255) User=12.19s Sys=0.02s Real=1.58s
[38.671s][info][gc,start       ] GC(256) Pause Full (Ergonomics)
[38.671s][info][gc,phases,start] GC(256) Marking Phase
[39.873s][info][gc,phases      ] GC(256) Marking Phase 1202.130ms
[39.873s][info][gc,phases,start] GC(256) Summary Phase
[39.873s][info][gc,phases      ] GC(256) Summary Phase 0.059ms
[39.873s][info][gc,phases,start] GC(256) Adjust Roots
[39.873s][info][gc,phases      ] GC(256) Adjust Roots 0.171ms
[39.873s][info][gc,phases,start] GC(256) Compaction Phase
[40.262s][info][gc,phases      ] GC(256) Compaction Phase 388.481ms
[40.262s][info][gc,phases,start] GC(256) Post Compact
[40.270s][info][gc,phases      ] GC(256) Post Compact 7.967ms
[40.270s][info][gc,heap        ] GC(256) PSYoungGen: 61952K(290304K)->61951K(290304K) Eden: 61952K(61952K)->61951K(61952K) From: 0K(228352K)->0K(228352K)
[40.270s][info][gc,heap        ] GC(256) ParOldGen: 5324292K(5324800K)->5324292K(5324800K)
[40.270s][info][gc,metaspace   ] GC(256) Metaspace: 6299K(6464K)->6299K(6464K) NonClass: 5766K(5824K)->5766K(5824K) Class: 533K(640K)->533K(640K)
[40.270s][info][gc             ] GC(256) Pause Full (Ergonomics) 5260M->5260M(5483M) 1599.097ms
[40.270s][info][gc,cpu         ] GC(256) User=12.00s Sys=0.00s Real=1.60s
[40.270s][info][gc,start       ] GC(257) Pause Full (Ergonomics)
[40.270s][info][gc,phases,start] GC(257) Marking Phase
[41.486s][info][gc,phases      ] GC(257) Marking Phase 1216.429ms
[41.486s][info][gc,phases,start] GC(257) Summary Phase
[41.486s][info][gc,phases      ] GC(257) Summary Phase 0.062ms
[41.486s][info][gc,phases,start] GC(257) Adjust Roots
[41.487s][info][gc,phases      ] GC(257) Adjust Roots 0.182ms
[41.487s][info][gc,phases,start] GC(257) Compaction Phase
[41.855s][info][gc,phases      ] GC(257) Compaction Phase 367.984ms
[41.855s][info][gc,phases,start] GC(257) Post Compact
[41.863s][info][gc,phases      ] GC(257) Post Compact 8.172ms
[41.863s][info][gc,heap        ] GC(257) PSYoungGen: 61951K(290304K)->61951K(290304K) Eden: 61951K(61952K)->61951K(61952K) From: 0K(228352K)->0K(228352K)
[41.863s][info][gc,heap        ] GC(257) ParOldGen: 5324292K(5324800K)->5324292K(5324800K)
[41.863s][info][gc,metaspace   ] GC(257) Metaspace: 6299K(6464K)->6299K(6464K) NonClass: 5766K(5824K)->5766K(5824K) Class: 533K(640K)->533K(640K)
[41.863s][info][gc             ] GC(257) Pause Full (Ergonomics) 5260M->5260M(5483M) 1593.164ms
[41.863s][info][gc,cpu         ] GC(257) User=12.09s Sys=0.00s Real=1.59s
[41.863s][info][gc,start       ] GC(258) Pause Full (Ergonomics)
[41.863s][info][gc,phases,start] GC(258) Marking Phase
[43.097s][info][gc,phases      ] GC(258) Marking Phase 1233.365ms
[43.097s][info][gc,phases,start] GC(258) Summary Phase
[43.097s][info][gc,phases      ] GC(258) Summary Phase 0.057ms
[43.097s][info][gc,phases,start] GC(258) Adjust Roots
[43.097s][info][gc,phases      ] GC(258) Adjust Roots 0.170ms
[43.097s][info][gc,phases,start] GC(258) Compaction Phase
[43.462s][info][gc,phases      ] GC(258) Compaction Phase 365.158ms
[43.462s][info][gc,phases,start] GC(258) Post Compact
[43.470s][info][gc,phases      ] GC(258) Post Compact 7.971ms
[43.470s][info][gc,heap        ] GC(258) PSYoungGen: 61951K(290304K)->61951K(290304K) Eden: 61951K(61952K)->61951K(61952K) From: 0K(228352K)->0K(228352K)
[43.470s][info][gc,heap        ] GC(258) ParOldGen: 5324297K(5324800K)->5324297K(5324800K)
[43.470s][info][gc,metaspace   ] GC(258) Metaspace: 6299K(6464K)->6299K(6464K) NonClass: 5766K(5824K)->5766K(5824K) Class: 533K(640K)->533K(640K)
[43.470s][info][gc             ] GC(258) Pause Full (Ergonomics) 5260M->5260M(5483M) 1607.027ms
[43.470s][info][gc,cpu         ] GC(258) User=12.20s Sys=0.00s Real=1.61s
[43.470s][info][gc,start       ] GC(259) Pause Full (Ergonomics)
[43.470s][info][gc,phases,start] GC(259) Marking Phase
[44.688s][info][gc,phases      ] GC(259) Marking Phase 1217.370ms
[44.688s][info][gc,phases,start] GC(259) Summary Phase
[44.688s][info][gc,phases      ] GC(259) Summary Phase 0.060ms
[44.688s][info][gc,phases,start] GC(259) Adjust Roots
[44.688s][info][gc,phases      ] GC(259) Adjust Roots 0.207ms
[44.688s][info][gc,phases,start] GC(259) Compaction Phase
[45.044s][info][gc,phases      ] GC(259) Compaction Phase 355.362ms
[45.044s][info][gc,phases,start] GC(259) Post Compact
[45.051s][info][gc,phases      ] GC(259) Post Compact 7.011ms
[45.051s][info][gc,heap        ] GC(259) PSYoungGen: 61951K(290304K)->61951K(290304K) Eden: 61951K(61952K)->61951K(61952K) From: 0K(228352K)->0K(228352K)
[45.051s][info][gc,heap        ] GC(259) ParOldGen: 5324301K(5324800K)->5324301K(5324800K)
[45.051s][info][gc,metaspace   ] GC(259) Metaspace: 6299K(6464K)->6299K(6464K) NonClass: 5766K(5824K)->5766K(5824K) Class: 533K(640K)->533K(640K)
[45.051s][info][gc             ] GC(259) Pause Full (Ergonomics) 5260M->5260M(5483M) 1580.330ms
[45.051s][info][gc,cpu         ] GC(259) User=12.16s Sys=0.00s Real=1.58s
[45.051s][info][gc,start       ] GC(260) Pause Full (Ergonomics)
[45.051s][info][gc,phases,start] GC(260) Marking Phase
[46.276s][info][gc,phases      ] GC(260) Marking Phase 1224.668ms
[46.276s][info][gc,phases,start] GC(260) Summary Phase
[46.276s][info][gc,phases      ] GC(260) Summary Phase 0.060ms
[46.276s][info][gc,phases,start] GC(260) Adjust Roots
[46.276s][info][gc,phases      ] GC(260) Adjust Roots 0.215ms
[46.276s][info][gc,phases,start] GC(260) Compaction Phase
[46.659s][info][gc,phases      ] GC(260) Compaction Phase 382.692ms
[46.659s][info][gc,phases,start] GC(260) Post Compact
[46.666s][info][gc,phases      ] GC(260) Post Compact 7.296ms
[46.666s][info][gc,heap        ] GC(260) PSYoungGen: 61951K(290304K)->61951K(290304K) Eden: 61951K(61952K)->61951K(61952K) From: 0K(228352K)->0K(228352K)
[46.666s][info][gc,heap        ] GC(260) ParOldGen: 5324306K(5324800K)->5324306K(5324800K)
[46.666s][info][gc,metaspace   ] GC(260) Metaspace: 6299K(6464K)->6299K(6464K) NonClass: 5766K(5824K)->5766K(5824K) Class: 533K(640K)->533K(640K)
[46.666s][info][gc             ] GC(260) Pause Full (Ergonomics) 5260M->5260M(5483M) 1615.243ms
[46.666s][info][gc,cpu         ] GC(260) User=12.44s Sys=0.00s Real=1.61s
[46.666s][info][gc,start       ] GC(261) Pause Full (Ergonomics)
[46.666s][info][gc,phases,start] GC(261) Marking Phase
[47.883s][info][gc,phases      ] GC(261) Marking Phase 1216.574ms
[47.883s][info][gc,phases,start] GC(261) Summary Phase
[47.883s][info][gc,phases      ] GC(261) Summary Phase 0.060ms
[47.883s][info][gc,phases,start] GC(261) Adjust Roots
[47.883s][info][gc,phases      ] GC(261) Adjust Roots 0.256ms
[47.883s][info][gc,phases,start] GC(261) Compaction Phase
[48.265s][info][gc,phases      ] GC(261) Compaction Phase 381.530ms
[48.265s][info][gc,phases,start] GC(261) Post Compact
[48.273s][info][gc,phases      ] GC(261) Post Compact 8.023ms
[48.273s][info][gc,heap        ] GC(261) PSYoungGen: 61951K(290304K)->61951K(290304K) Eden: 61951K(61952K)->61951K(61952K) From: 0K(228352K)->0K(228352K)
[48.273s][info][gc,heap        ] GC(261) ParOldGen: 5324311K(5324800K)->5324311K(5324800K)
[48.273s][info][gc,metaspace   ] GC(261) Metaspace: 6299K(6464K)->6299K(6464K) NonClass: 5766K(5824K)->5766K(5824K) Class: 533K(640K)->533K(640K)
[48.273s][info][gc             ] GC(261) Pause Full (Ergonomics) 5260M->5260M(5483M) 1606.749ms
[48.273s][info][gc,cpu         ] GC(261) User=12.23s Sys=0.00s Real=1.61s
[48.273s][info][gc,start       ] GC(262) Pause Full (Ergonomics)
[48.273s][info][gc,phases,start] GC(262) Marking Phase
[49.495s][info][gc,phases      ] GC(262) Marking Phase 1221.212ms
[49.495s][info][gc,phases,start] GC(262) Summary Phase
[49.495s][info][gc,phases      ] GC(262) Summary Phase 0.060ms
[49.495s][info][gc,phases,start] GC(262) Adjust Roots
[49.495s][info][gc,phases      ] GC(262) Adjust Roots 0.200ms
[49.495s][info][gc,phases,start] GC(262) Compaction Phase
[49.873s][info][gc,phases      ] GC(262) Compaction Phase 378.298ms
[49.873s][info][gc,phases,start] GC(262) Post Compact
[49.880s][info][gc,phases      ] GC(262) Post Compact 7.048ms
[49.880s][info][gc,heap        ] GC(262) PSYoungGen: 61951K(290304K)->61951K(290304K) Eden: 61951K(61952K)->61951K(61952K) From: 0K(228352K)->0K(228352K)
[49.880s][info][gc,heap        ] GC(262) ParOldGen: 5324316K(5324800K)->5324316K(5324800K)
[49.880s][info][gc,metaspace   ] GC(262) Metaspace: 6299K(6464K)->6299K(6464K) NonClass: 5766K(5824K)->5766K(5824K) Class: 533K(640K)->533K(640K)
[49.880s][info][gc             ] GC(262) Pause Full (Ergonomics) 5260M->5260M(5483M) 1607.128ms
[49.880s][info][gc,cpu         ] GC(262) User=12.33s Sys=0.00s Real=1.61s
[49.881s][info][gc,start       ] GC(263) Pause Full (Ergonomics)
[49.881s][info][gc,phases,start] GC(263) Marking Phase
[51.145s][info][gc,phases      ] GC(263) Marking Phase 1263.844ms
[51.145s][info][gc,phases,start] GC(263) Summary Phase
[51.145s][info][gc,phases      ] GC(263) Summary Phase 0.077ms
[51.145s][info][gc,phases,start] GC(263) Adjust Roots
[51.145s][info][gc,phases      ] GC(263) Adjust Roots 0.249ms
[51.145s][info][gc,phases,start] GC(263) Compaction Phase
[51.529s][info][gc,phases      ] GC(263) Compaction Phase 383.686ms
[51.529s][info][gc,phases,start] GC(263) Post Compact
[51.537s][info][gc,phases      ] GC(263) Post Compact 7.752ms
[51.537s][info][gc,heap        ] GC(263) PSYoungGen: 61951K(290304K)->61951K(290304K) Eden: 61951K(61952K)->61951K(61952K) From: 0K(228352K)->0K(228352K)
[51.537s][info][gc,heap        ] GC(263) ParOldGen: 5324321K(5324800K)->5324321K(5324800K)
[51.537s][info][gc,metaspace   ] GC(263) Metaspace: 6299K(6464K)->6299K(6464K) NonClass: 5766K(5824K)->5766K(5824K) Class: 533K(640K)->533K(640K)
[51.537s][info][gc             ] GC(263) Pause Full (Ergonomics) 5260M->5260M(5483M) 1655.983ms
[51.537s][info][gc,cpu         ] GC(263) User=12.50s Sys=0.00s Real=1.66s
[51.537s][info][gc,start       ] GC(264) Pause Full (Ergonomics)
[51.537s][info][gc,phases,start] GC(264) Marking Phase
[52.777s][info][gc,phases      ] GC(264) Marking Phase 1239.947ms
[52.777s][info][gc,phases,start] GC(264) Summary Phase
[52.777s][info][gc,phases      ] GC(264) Summary Phase 0.057ms
[52.777s][info][gc,phases,start] GC(264) Adjust Roots
[52.777s][info][gc,phases      ] GC(264) Adjust Roots 0.170ms
[52.777s][info][gc,phases,start] GC(264) Compaction Phase
[53.221s][info][gc,phases      ] GC(264) Compaction Phase 443.506ms
[53.221s][info][gc,phases,start] GC(264) Post Compact
[53.232s][info][gc,phases      ] GC(264) Post Compact 11.502ms
[53.233s][info][gc,heap        ] GC(264) PSYoungGen: 61951K(290304K)->61951K(290304K) Eden: 61951K(61952K)->61951K(61952K) From: 0K(228352K)->0K(228352K)
[53.233s][info][gc,heap        ] GC(264) ParOldGen: 5324326K(5324800K)->5324326K(5324800K)
[53.233s][info][gc,metaspace   ] GC(264) Metaspace: 6299K(6464K)->6299K(6464K) NonClass: 5766K(5824K)->5766K(5824K) Class: 533K(640K)->533K(640K)
[53.233s][info][gc             ] GC(264) Pause Full (Ergonomics) 5260M->5260M(5483M) 1695.835ms
[53.233s][info][gc,cpu         ] GC(264) User=12.72s Sys=0.02s Real=1.70s
[53.233s][info][gc,start       ] GC(265) Pause Full (Ergonomics)
[53.233s][info][gc,phases,start] GC(265) Marking Phase
[54.585s][info][gc,phases      ] GC(265) Marking Phase 1351.833ms
[54.585s][info][gc,phases,start] GC(265) Summary Phase
[54.585s][info][gc,phases      ] GC(265) Summary Phase 0.107ms
[54.585s][info][gc,phases,start] GC(265) Adjust Roots
[54.586s][info][gc,phases      ] GC(265) Adjust Roots 0.686ms
[54.586s][info][gc,phases,start] GC(265) Compaction Phase
[55.005s][info][gc,phases      ] GC(265) Compaction Phase 419.517ms
[55.006s][info][gc,phases,start] GC(265) Post Compact
[55.017s][info][gc,phases      ] GC(265) Post Compact 11.183ms
[55.017s][info][gc,heap        ] GC(265) PSYoungGen: 61951K(290304K)->61951K(290304K) Eden: 61951K(61952K)->61951K(61952K) From: 0K(228352K)->0K(228352K)
[55.017s][info][gc,heap        ] GC(265) ParOldGen: 5324330K(5324800K)->5324330K(5324800K)
[55.017s][info][gc,metaspace   ] GC(265) Metaspace: 6299K(6464K)->6299K(6464K) NonClass: 5766K(5824K)->5766K(5824K) Class: 533K(640K)->533K(640K)
[55.017s][info][gc             ] GC(265) Pause Full (Ergonomics) 5260M->5260M(5483M) 1783.921ms
[55.017s][info][gc,cpu         ] GC(265) User=12.52s Sys=0.05s Real=1.78s
[55.017s][info][gc,start       ] GC(266) Pause Full (Ergonomics)
[55.017s][info][gc,phases,start] GC(266) Marking Phase
[56.349s][info][gc,phases      ] GC(266) Marking Phase 1331.532ms
[56.349s][info][gc,phases,start] GC(266) Summary Phase
[56.349s][info][gc,phases      ] GC(266) Summary Phase 0.107ms
[56.349s][info][gc,phases,start] GC(266) Adjust Roots
[56.349s][info][gc,phases      ] GC(266) Adjust Roots 0.362ms
[56.350s][info][gc,phases,start] GC(266) Compaction Phase
[56.773s][info][gc,phases      ] GC(266) Compaction Phase 423.211ms
[56.773s][info][gc,phases,start] GC(266) Post Compact
[56.784s][info][gc,phases      ] GC(266) Post Compact 11.446ms
[56.784s][info][gc,heap        ] GC(266) PSYoungGen: 61951K(290304K)->61951K(290304K) Eden: 61951K(61952K)->61951K(61952K) From: 0K(228352K)->0K(228352K)
[56.784s][info][gc,heap        ] GC(266) ParOldGen: 5324335K(5324800K)->5324335K(5324800K)
[56.784s][info][gc,metaspace   ] GC(266) Metaspace: 6299K(6464K)->6299K(6464K) NonClass: 5766K(5824K)->5766K(5824K) Class: 533K(640K)->533K(640K)
[56.785s][info][gc             ] GC(266) Pause Full (Ergonomics) 5260M->5260M(5483M) 1767.241ms
[56.785s][info][gc,cpu         ] GC(266) User=12.61s Sys=0.00s Real=1.77s
[56.785s][info][gc,start       ] GC(267) Pause Full (Ergonomics)
[56.785s][info][gc,phases,start] GC(267) Marking Phase
[58.143s][info][gc,phases      ] GC(267) Marking Phase 1358.154ms
[58.143s][info][gc,phases,start] GC(267) Summary Phase
[58.143s][info][gc,phases      ] GC(267) Summary Phase 0.131ms
[58.143s][info][gc,phases,start] GC(267) Adjust Roots
[58.144s][info][gc,phases      ] GC(267) Adjust Roots 0.434ms
[58.144s][info][gc,phases,start] GC(267) Compaction Phase
[58.598s][info][gc,phases      ] GC(267) Compaction Phase 453.797ms
[58.598s][info][gc,phases,start] GC(267) Post Compact
[58.612s][info][gc,phases      ] GC(267) Post Compact 14.024ms
[58.612s][info][gc,heap        ] GC(267) PSYoungGen: 61951K(290304K)->61951K(290304K) Eden: 61951K(61952K)->61951K(61952K) From: 0K(228352K)->0K(228352K)
[58.612s][info][gc,heap        ] GC(267) ParOldGen: 5324340K(5324800K)->5324340K(5324800K)
[58.612s][info][gc,metaspace   ] GC(267) Metaspace: 6299K(6464K)->6299K(6464K) NonClass: 5766K(5824K)->5766K(5824K) Class: 533K(640K)->533K(640K)
[58.612s][info][gc             ] GC(267) Pause Full (Ergonomics) 5260M->5260M(5483M) 1827.163ms
[58.612s][info][gc,cpu         ] GC(267) User=12.83s Sys=0.00s Real=1.83s
[58.613s][info][gc,start       ] GC(268) Pause Full (Ergonomics)
[58.613s][info][gc,phases,start] GC(268) Marking Phase
[59.944s][info][gc,phases      ] GC(268) Marking Phase 1331.228ms
[59.944s][info][gc,phases,start] GC(268) Summary Phase
[59.944s][info][gc,phases      ] GC(268) Summary Phase 0.139ms
[59.944s][info][gc,phases,start] GC(268) Adjust Roots
[59.945s][info][gc,phases      ] GC(268) Adjust Roots 0.343ms
[59.945s][info][gc,phases,start] GC(268) Compaction Phase
[60.418s][info][gc,phases      ] GC(268) Compaction Phase 472.847ms
[60.418s][info][gc,phases,start] GC(268) Post Compact
[60.426s][info][gc,phases      ] GC(268) Post Compact 8.600ms
[60.426s][info][gc,heap        ] GC(268) PSYoungGen: 61951K(290304K)->61951K(290304K) Eden: 61951K(61952K)->61951K(61952K) From: 0K(228352K)->0K(228352K)
[60.426s][info][gc,heap        ] GC(268) ParOldGen: 5324345K(5324800K)->5324345K(5324800K)
[60.426s][info][gc,metaspace   ] GC(268) Metaspace: 6299K(6464K)->6299K(6464K) NonClass: 5766K(5824K)->5766K(5824K) Class: 533K(640K)->533K(640K)
[60.426s][info][gc             ] GC(268) Pause Full (Ergonomics) 5260M->5260M(5483M) 1813.676ms
[60.426s][info][gc,cpu         ] GC(268) User=13.14s Sys=0.00s Real=1.81s
[60.427s][info][gc,start       ] GC(269) Pause Full (Ergonomics)
[60.427s][info][gc,phases,start] GC(269) Marking Phase
[61.711s][info][gc,phases      ] GC(269) Marking Phase 1284.402ms
[61.711s][info][gc,phases,start] GC(269) Summary Phase
[61.711s][info][gc,phases      ] GC(269) Summary Phase 0.111ms
[61.711s][info][gc,phases,start] GC(269) Adjust Roots
[61.712s][info][gc,phases      ] GC(269) Adjust Roots 0.404ms
[61.712s][info][gc,phases,start] GC(269) Compaction Phase
[62.122s][info][gc,phases      ] GC(269) Compaction Phase 410.414ms
[62.122s][info][gc,phases,start] GC(269) Post Compact
[62.131s][info][gc,phases      ] GC(269) Post Compact 8.929ms
[62.131s][info][gc,heap        ] GC(269) PSYoungGen: 61951K(290304K)->61951K(290304K) Eden: 61951K(61952K)->61951K(61952K) From: 0K(228352K)->0K(228352K)
[62.131s][info][gc,heap        ] GC(269) ParOldGen: 5324350K(5324800K)->5324350K(5324800K)
[62.131s][info][gc,metaspace   ] GC(269) Metaspace: 6299K(6464K)->6299K(6464K) NonClass: 5766K(5824K)->5766K(5824K) Class: 533K(640K)->533K(640K)
[62.131s][info][gc             ] GC(269) Pause Full (Ergonomics) 5260M->5260M(5483M) 1704.679ms
[62.131s][info][gc,cpu         ] GC(269) User=12.91s Sys=0.00s Real=1.71s
[62.132s][info][gc,start       ] GC(270) Pause Full (Ergonomics)
[62.132s][info][gc,phases,start] GC(270) Marking Phase
[63.431s][info][gc,phases      ] GC(270) Marking Phase 1299.384ms
[63.431s][info][gc,phases,start] GC(270) Summary Phase
[63.431s][info][gc,phases      ] GC(270) Summary Phase 0.095ms
[63.431s][info][gc,phases,start] GC(270) Adjust Roots
[63.432s][info][gc,phases      ] GC(270) Adjust Roots 0.334ms
[63.432s][info][gc,phases,start] GC(270) Compaction Phase
[63.835s][info][gc,phases      ] GC(270) Compaction Phase 403.333ms
[63.835s][info][gc,phases,start] GC(270) Post Compact
[63.844s][info][gc,phases      ] GC(270) Post Compact 9.161ms
[63.844s][info][gc,heap        ] GC(270) PSYoungGen: 61951K(290304K)->61951K(290304K) Eden: 61951K(61952K)->61951K(61952K) From: 0K(228352K)->0K(228352K)
[63.844s][info][gc,heap        ] GC(270) ParOldGen: 5324355K(5324800K)->5324355K(5324800K)
[63.844s][info][gc,metaspace   ] GC(270) Metaspace: 6299K(6464K)->6299K(6464K) NonClass: 5766K(5824K)->5766K(5824K) Class: 533K(640K)->533K(640K)
[63.844s][info][gc             ] GC(270) Pause Full (Ergonomics) 5260M->5260M(5483M) 1712.803ms
[63.844s][info][gc,cpu         ] GC(270) User=12.97s Sys=0.00s Real=1.71s
[63.845s][info][gc,start       ] GC(271) Pause Full (Ergonomics)
[63.845s][info][gc,phases,start] GC(271) Marking Phase
[65.205s][info][gc,phases      ] GC(271) Marking Phase 1360.288ms
[65.205s][info][gc,phases,start] GC(271) Summary Phase
[65.205s][info][gc,phases      ] GC(271) Summary Phase 0.084ms
[65.205s][info][gc,phases,start] GC(271) Adjust Roots
[65.206s][info][gc,phases      ] GC(271) Adjust Roots 0.403ms
[65.206s][info][gc,phases,start] GC(271) Compaction Phase
[65.626s][info][gc,phases      ] GC(271) Compaction Phase 420.247ms
[65.626s][info][gc,phases,start] GC(271) Post Compact
[65.636s][info][gc,phases      ] GC(271) Post Compact 9.691ms
[65.636s][info][gc,heap        ] GC(271) PSYoungGen: 61951K(290304K)->61951K(290304K) Eden: 61951K(61952K)->61951K(61952K) From: 0K(228352K)->0K(228352K)
[65.636s][info][gc,heap        ] GC(271) ParOldGen: 5324359K(5324800K)->5324359K(5324800K)
[65.636s][info][gc,metaspace   ] GC(271) Metaspace: 6299K(6464K)->6299K(6464K) NonClass: 5766K(5824K)->5766K(5824K) Class: 533K(640K)->533K(640K)
[65.636s][info][gc             ] GC(271) Pause Full (Ergonomics) 5260M->5260M(5483M) 1791.184ms
[65.636s][info][gc,cpu         ] GC(271) User=12.94s Sys=0.00s Real=1.79s
[65.636s][info][gc,start       ] GC(272) Pause Full (Ergonomics)
[65.636s][info][gc,phases,start] GC(272) Marking Phase
[66.931s][info][gc,phases      ] GC(272) Marking Phase 1295.060ms
[66.931s][info][gc,phases,start] GC(272) Summary Phase
[66.931s][info][gc,phases      ] GC(272) Summary Phase 0.120ms
[66.931s][info][gc,phases,start] GC(272) Adjust Roots
[66.932s][info][gc,phases      ] GC(272) Adjust Roots 0.432ms
[66.932s][info][gc,phases,start] GC(272) Compaction Phase
[67.343s][info][gc,phases      ] GC(272) Compaction Phase 411.216ms
[67.343s][info][gc,phases,start] GC(272) Post Compact
[67.352s][info][gc,phases      ] GC(272) Post Compact 8.488ms
[67.352s][info][gc,heap        ] GC(272) PSYoungGen: 61951K(290304K)->61951K(290304K) Eden: 61951K(61952K)->61951K(61952K) From: 0K(228352K)->0K(228352K)
[67.352s][info][gc,heap        ] GC(272) ParOldGen: 5324364K(5324800K)->5324364K(5324800K)
[67.352s][info][gc,metaspace   ] GC(272) Metaspace: 6299K(6464K)->6299K(6464K) NonClass: 5766K(5824K)->5766K(5824K) Class: 533K(640K)->533K(640K)
[67.352s][info][gc             ] GC(272) Pause Full (Ergonomics) 5260M->5260M(5483M) 1715.786ms
[67.352s][info][gc,cpu         ] GC(272) User=12.78s Sys=0.03s Real=1.72s
[67.352s][info][gc,start       ] GC(273) Pause Full (Ergonomics)
[67.352s][info][gc,phases,start] GC(273) Marking Phase
[68.701s][info][gc,phases      ] GC(273) Marking Phase 1348.492ms
[68.701s][info][gc,phases,start] GC(273) Summary Phase
[68.701s][info][gc,phases      ] GC(273) Summary Phase 0.088ms
[68.701s][info][gc,phases,start] GC(273) Adjust Roots
[68.701s][info][gc,phases      ] GC(273) Adjust Roots 0.265ms
[68.701s][info][gc,phases,start] GC(273) Compaction Phase
[69.126s][info][gc,phases      ] GC(273) Compaction Phase 424.512ms
[69.126s][info][gc,phases,start] GC(273) Post Compact
[69.139s][info][gc,phases      ] GC(273) Post Compact 12.756ms
[69.139s][info][gc,heap        ] GC(273) PSYoungGen: 61951K(290304K)->61951K(290304K) Eden: 61951K(61952K)->61951K(61952K) From: 0K(228352K)->0K(228352K)
[69.139s][info][gc,heap        ] GC(273) ParOldGen: 5324369K(5324800K)->5324369K(5324800K)
[69.139s][info][gc,metaspace   ] GC(273) Metaspace: 6299K(6464K)->6299K(6464K) NonClass: 5766K(5824K)->5766K(5824K) Class: 533K(640K)->533K(640K)
[69.139s][info][gc             ] GC(273) Pause Full (Ergonomics) 5260M->5260M(5483M) 1786.677ms
[69.139s][info][gc,cpu         ] GC(273) User=13.59s Sys=0.00s Real=1.79s
[69.139s][info][gc,start       ] GC(274) Pause Full (Ergonomics)
[69.139s][info][gc,phases,start] GC(274) Marking Phase
[70.477s][info][gc,phases      ] GC(274) Marking Phase 1338.148ms
[70.477s][info][gc,phases,start] GC(274) Summary Phase
[70.477s][info][gc,phases      ] GC(274) Summary Phase 0.103ms
[70.477s][info][gc,phases,start] GC(274) Adjust Roots
[70.478s][info][gc,phases      ] GC(274) Adjust Roots 0.357ms
[70.478s][info][gc,phases,start] GC(274) Compaction Phase
[70.890s][info][gc,phases      ] GC(274) Compaction Phase 411.736ms
[70.890s][info][gc,phases,start] GC(274) Post Compact
[70.901s][info][gc,phases      ] GC(274) Post Compact 11.329ms
[70.901s][info][gc,heap        ] GC(274) PSYoungGen: 61951K(290304K)->61951K(290304K) Eden: 61951K(61952K)->61951K(61952K) From: 0K(228352K)->0K(228352K)
[70.901s][info][gc,heap        ] GC(274) ParOldGen: 5324374K(5324800K)->5324374K(5324800K)
[70.901s][info][gc,metaspace   ] GC(274) Metaspace: 6299K(6464K)->6299K(6464K) NonClass: 5766K(5824K)->5766K(5824K) Class: 533K(640K)->533K(640K)
[70.901s][info][gc             ] GC(274) Pause Full (Ergonomics) 5260M->5260M(5483M) 1762.231ms
[70.901s][info][gc,cpu         ] GC(274) User=13.27s Sys=0.00s Real=1.76s
[70.901s][info][gc,start       ] GC(275) Pause Full (Ergonomics)
[70.902s][info][gc,phases,start] GC(275) Marking Phase
[72.240s][info][gc,phases      ] GC(275) Marking Phase 1338.727ms
[72.240s][info][gc,phases,start] GC(275) Summary Phase
[72.240s][info][gc,phases      ] GC(275) Summary Phase 0.082ms
[72.240s][info][gc,phases,start] GC(275) Adjust Roots
[72.241s][info][gc,phases      ] GC(275) Adjust Roots 0.315ms
[72.241s][info][gc,phases,start] GC(275) Compaction Phase
[72.661s][info][gc,phases      ] GC(275) Compaction Phase 420.601ms
[72.662s][info][gc,phases,start] GC(275) Post Compact
[72.670s][info][gc,phases      ] GC(275) Post Compact 8.828ms
[72.671s][info][gc,heap        ] GC(275) PSYoungGen: 61951K(290304K)->61951K(290304K) Eden: 61951K(61952K)->61951K(61952K) From: 0K(228352K)->0K(228352K)
[72.671s][info][gc,heap        ] GC(275) ParOldGen: 5324379K(5324800K)->5324379K(5324800K)
[72.671s][info][gc,metaspace   ] GC(275) Metaspace: 6299K(6464K)->6299K(6464K) NonClass: 5766K(5824K)->5766K(5824K) Class: 533K(640K)->533K(640K)
[72.671s][info][gc             ] GC(275) Pause Full (Ergonomics) 5260M->5260M(5483M) 1769.116ms
[72.671s][info][gc,cpu         ] GC(275) User=13.50s Sys=0.03s Real=1.77s
[72.671s][info][gc,start       ] GC(276) Pause Full (Ergonomics)
[72.671s][info][gc,phases,start] GC(276) Marking Phase
[74.039s][info][gc,phases      ] GC(276) Marking Phase 1368.346ms
[74.039s][info][gc,phases,start] GC(276) Summary Phase
[74.039s][info][gc,phases      ] GC(276) Summary Phase 0.082ms
[74.039s][info][gc,phases,start] GC(276) Adjust Roots
[74.040s][info][gc,phases      ] GC(276) Adjust Roots 0.456ms
[74.040s][info][gc,phases,start] GC(276) Compaction Phase
[74.476s][info][gc,phases      ] GC(276) Compaction Phase 436.400ms
[74.476s][info][gc,phases,start] GC(276) Post Compact
[74.484s][info][gc,phases      ] GC(276) Post Compact 7.659ms
[74.484s][info][gc,heap        ] GC(276) PSYoungGen: 61951K(290304K)->61951K(290304K) Eden: 61951K(61952K)->61951K(61952K) From: 0K(228352K)->0K(228352K)
[74.484s][info][gc,heap        ] GC(276) ParOldGen: 5324384K(5324800K)->5324384K(5324800K)
[74.484s][info][gc,metaspace   ] GC(276) Metaspace: 6299K(6464K)->6299K(6464K) NonClass: 5766K(5824K)->5766K(5824K) Class: 533K(640K)->533K(640K)
[74.484s][info][gc             ] GC(276) Pause Full (Ergonomics) 5260M->5260M(5483M) 1813.430ms
[74.484s][info][gc,cpu         ] GC(276) User=13.28s Sys=0.00s Real=1.81s
[74.485s][info][gc,start       ] GC(277) Pause Full (Ergonomics)
[74.485s][info][gc,phases,start] GC(277) Marking Phase
[75.802s][info][gc,phases      ] GC(277) Marking Phase 1317.661ms
[75.802s][info][gc,phases,start] GC(277) Summary Phase
[75.803s][info][gc,phases      ] GC(277) Summary Phase 0.147ms
[75.803s][info][gc,phases,start] GC(277) Adjust Roots
[75.803s][info][gc,phases      ] GC(277) Adjust Roots 0.272ms
[75.803s][info][gc,phases,start] GC(277) Compaction Phase
[76.219s][info][gc,phases      ] GC(277) Compaction Phase 416.079ms
[76.219s][info][gc,phases,start] GC(277) Post Compact
[76.232s][info][gc,phases      ] GC(277) Post Compact 12.481ms
[76.232s][info][gc,heap        ] GC(277) PSYoungGen: 61951K(290304K)->61951K(290304K) Eden: 61951K(61952K)->61951K(61952K) From: 0K(228352K)->0K(228352K)
[76.232s][info][gc,heap        ] GC(277) ParOldGen: 5324388K(5324800K)->5324388K(5324800K)
[76.232s][info][gc,metaspace   ] GC(277) Metaspace: 6299K(6464K)->6299K(6464K) NonClass: 5766K(5824K)->5766K(5824K) Class: 533K(640K)->533K(640K)
[76.232s][info][gc             ] GC(277) Pause Full (Ergonomics) 5260M->5260M(5483M) 1747.202ms
[76.232s][info][gc,cpu         ] GC(277) User=13.08s Sys=0.00s Real=1.75s
[76.232s][info][gc,start       ] GC(278) Pause Full (Ergonomics)
[76.232s][info][gc,phases,start] GC(278) Marking Phase
[77.568s][info][gc,phases      ] GC(278) Marking Phase 1335.616ms
[77.568s][info][gc,phases,start] GC(278) Summary Phase
[77.568s][info][gc,phases      ] GC(278) Summary Phase 0.078ms
[77.568s][info][gc,phases,start] GC(278) Adjust Roots
[77.568s][info][gc,phases      ] GC(278) Adjust Roots 0.394ms
[77.568s][info][gc,phases,start] GC(278) Compaction Phase
[77.980s][info][gc,phases      ] GC(278) Compaction Phase 411.839ms
[77.980s][info][gc,phases,start] GC(278) Post Compact
[77.987s][info][gc,phases      ] GC(278) Post Compact 7.231ms
[77.987s][info][gc,heap        ] GC(278) PSYoungGen: 61951K(290304K)->61951K(290304K) Eden: 61951K(61952K)->61951K(61952K) From: 0K(228352K)->0K(228352K)
[77.988s][info][gc,heap        ] GC(278) ParOldGen: 5324393K(5324800K)->5324393K(5324800K)
[77.988s][info][gc,metaspace   ] GC(278) Metaspace: 6299K(6464K)->6299K(6464K) NonClass: 5766K(5824K)->5766K(5824K) Class: 533K(640K)->533K(640K)
[77.988s][info][gc             ] GC(278) Pause Full (Ergonomics) 5260M->5260M(5483M) 1755.514ms
[77.988s][info][gc,cpu         ] GC(278) User=13.47s Sys=0.00s Real=1.76s
[77.988s][info][gc,start       ] GC(279) Pause Full (Ergonomics)
[77.988s][info][gc,phases,start] GC(279) Marking Phase
[79.326s][info][gc,phases      ] GC(279) Marking Phase 1338.063ms
[79.326s][info][gc,phases,start] GC(279) Summary Phase
[79.326s][info][gc,phases      ] GC(279) Summary Phase 0.089ms
[79.326s][info][gc,phases,start] GC(279) Adjust Roots
[79.326s][info][gc,phases      ] GC(279) Adjust Roots 0.310ms
[79.326s][info][gc,phases,start] GC(279) Compaction Phase
[79.768s][info][gc,phases      ] GC(279) Compaction Phase 441.930ms
[79.768s][info][gc,phases,start] GC(279) Post Compact
[79.778s][info][gc,phases      ] GC(279) Post Compact 9.908ms
[79.778s][info][gc,heap        ] GC(279) PSYoungGen: 61951K(290304K)->61951K(290304K) Eden: 61951K(61952K)->61951K(61952K) From: 0K(228352K)->0K(228352K)
[79.778s][info][gc,heap        ] GC(279) ParOldGen: 5324398K(5324800K)->5324398K(5324800K)
[79.778s][info][gc,metaspace   ] GC(279) Metaspace: 6299K(6464K)->6299K(6464K) NonClass: 5766K(5824K)->5766K(5824K) Class: 533K(640K)->533K(640K)
[79.779s][info][gc             ] GC(279) Pause Full (Ergonomics) 5260M->5260M(5483M) 1790.768ms
[79.779s][info][gc,cpu         ] GC(279) User=13.56s Sys=0.00s Real=1.79s
[79.779s][info][gc,start       ] GC(280) Pause Full (Ergonomics)
[79.779s][info][gc,phases,start] GC(280) Marking Phase
[81.140s][info][gc,phases      ] GC(280) Marking Phase 1360.780ms
[81.140s][info][gc,phases,start] GC(280) Summary Phase
[81.140s][info][gc,phases      ] GC(280) Summary Phase 0.082ms
[81.140s][info][gc,phases,start] GC(280) Adjust Roots
[81.140s][info][gc,phases      ] GC(280) Adjust Roots 0.261ms
[81.140s][info][gc,phases,start] GC(280) Compaction Phase
[81.579s][info][gc,phases      ] GC(280) Compaction Phase 439.129ms
[81.579s][info][gc,phases,start] GC(280) Post Compact
[81.590s][info][gc,phases      ] GC(280) Post Compact 11.050ms
[81.590s][info][gc,heap        ] GC(280) PSYoungGen: 61951K(290304K)->61951K(290304K) Eden: 61951K(61952K)->61951K(61952K) From: 0K(228352K)->0K(228352K)
[81.590s][info][gc,heap        ] GC(280) ParOldGen: 5324403K(5324800K)->5324403K(5324800K)
[81.591s][info][gc,metaspace   ] GC(280) Metaspace: 6299K(6464K)->6299K(6464K) NonClass: 5766K(5824K)->5766K(5824K) Class: 533K(640K)->533K(640K)
[81.591s][info][gc             ] GC(280) Pause Full (Ergonomics) 5260M->5260M(5483M) 1811.768ms
[81.591s][info][gc,cpu         ] GC(280) User=13.05s Sys=0.02s Real=1.81s
[81.591s][info][gc,start       ] GC(281) Pause Full (Ergonomics)
[81.591s][info][gc,phases,start] GC(281) Marking Phase
[82.983s][info][gc,phases      ] GC(281) Marking Phase 1392.374ms
[82.983s][info][gc,phases,start] GC(281) Summary Phase
[82.983s][info][gc,phases      ] GC(281) Summary Phase 0.087ms
[82.983s][info][gc,phases,start] GC(281) Adjust Roots
[82.984s][info][gc,phases      ] GC(281) Adjust Roots 0.270ms
[82.984s][info][gc,phases,start] GC(281) Compaction Phase
[83.433s][info][gc,phases      ] GC(281) Compaction Phase 449.672ms
[83.433s][info][gc,phases,start] GC(281) Post Compact
[83.443s][info][gc,phases      ] GC(281) Post Compact 9.375ms
[83.443s][info][gc,heap        ] GC(281) PSYoungGen: 61951K(290304K)->61951K(290304K) Eden: 61951K(61952K)->61951K(61952K) From: 0K(228352K)->0K(228352K)
[83.443s][info][gc,heap        ] GC(281) ParOldGen: 5324408K(5324800K)->5324408K(5324800K)
[83.443s][info][gc,metaspace   ] GC(281) Metaspace: 6299K(6464K)->6299K(6464K) NonClass: 5766K(5824K)->5766K(5824K) Class: 533K(640K)->533K(640K)
[83.443s][info][gc             ] GC(281) Pause Full (Ergonomics) 5260M->5260M(5483M) 1852.183ms
[83.443s][info][gc,cpu         ] GC(281) User=13.56s Sys=0.03s Real=1.85s
[83.443s][info][gc,start       ] GC(282) Pause Full (Ergonomics)
[83.443s][info][gc,phases,start] GC(282) Marking Phase
[84.767s][info][gc,phases      ] GC(282) Marking Phase 1323.285ms
[84.767s][info][gc,phases,start] GC(282) Summary Phase
[84.767s][info][gc,phases      ] GC(282) Summary Phase 0.091ms
[84.767s][info][gc,phases,start] GC(282) Adjust Roots
[84.767s][info][gc,phases      ] GC(282) Adjust Roots 0.338ms
[84.767s][info][gc,phases,start] GC(282) Compaction Phase
[85.210s][info][gc,phases      ] GC(282) Compaction Phase 442.523ms
[85.210s][info][gc,phases,start] GC(282) Post Compact
[85.220s][info][gc,phases      ] GC(282) Post Compact 10.624ms
[85.221s][info][gc,heap        ] GC(282) PSYoungGen: 61951K(290304K)->61951K(290304K) Eden: 61951K(61952K)->61951K(61952K) From: 0K(228352K)->0K(228352K)
[85.221s][info][gc,heap        ] GC(282) ParOldGen: 5324413K(5324800K)->5324413K(5324800K)
[85.221s][info][gc,metaspace   ] GC(282) Metaspace: 6299K(6464K)->6299K(6464K) NonClass: 5766K(5824K)->5766K(5824K) Class: 533K(640K)->533K(640K)
[85.221s][info][gc             ] GC(282) Pause Full (Ergonomics) 5260M->5260M(5483M) 1777.361ms
[85.221s][info][gc,cpu         ] GC(282) User=13.14s Sys=0.00s Real=1.78s
[85.221s][info][gc,start       ] GC(283) Pause Full (Ergonomics)
[85.221s][info][gc,phases,start] GC(283) Marking Phase
[86.621s][info][gc,phases      ] GC(283) Marking Phase 1400.457ms
[86.621s][info][gc,phases,start] GC(283) Summary Phase
[86.621s][info][gc,phases      ] GC(283) Summary Phase 0.101ms
[86.622s][info][gc,phases,start] GC(283) Adjust Roots
[86.622s][info][gc,phases      ] GC(283) Adjust Roots 0.328ms
[86.622s][info][gc,phases,start] GC(283) Compaction Phase
[87.077s][info][gc,phases      ] GC(283) Compaction Phase 454.685ms
[87.077s][info][gc,phases,start] GC(283) Post Compact
[87.085s][info][gc,phases      ] GC(283) Post Compact 8.328ms
[87.085s][info][gc,heap        ] GC(283) PSYoungGen: 61951K(290304K)->61951K(290304K) Eden: 61951K(61952K)->61951K(61952K) From: 0K(228352K)->0K(228352K)
[87.085s][info][gc,heap        ] GC(283) ParOldGen: 5324417K(5324800K)->5324417K(5324800K)
[87.085s][info][gc,metaspace   ] GC(283) Metaspace: 6299K(6464K)->6299K(6464K) NonClass: 5766K(5824K)->5766K(5824K) Class: 533K(640K)->533K(640K)
[87.085s][info][gc             ] GC(283) Pause Full (Ergonomics) 5260M->5260M(5483M) 1864.353ms
[87.085s][info][gc,cpu         ] GC(283) User=13.44s Sys=0.00s Real=1.87s
[87.086s][info][gc,start       ] GC(284) Pause Full (Ergonomics)
[87.086s][info][gc,phases,start] GC(284) Marking Phase
[88.584s][info][gc,phases      ] GC(284) Marking Phase 1498.288ms
[88.584s][info][gc,phases,start] GC(284) Summary Phase
[88.584s][info][gc,phases      ] GC(284) Summary Phase 0.091ms
[88.584s][info][gc,phases,start] GC(284) Adjust Roots
[88.585s][info][gc,phases      ] GC(284) Adjust Roots 0.710ms
[88.585s][info][gc,phases,start] GC(284) Compaction Phase
[89.075s][info][gc,phases      ] GC(284) Compaction Phase 489.882ms
[89.075s][info][gc,phases,start] GC(284) Post Compact
[89.085s][info][gc,phases      ] GC(284) Post Compact 9.844ms
[89.085s][info][gc,heap        ] GC(284) PSYoungGen: 61951K(290304K)->61951K(290304K) Eden: 61951K(61952K)->61951K(61952K) From: 0K(228352K)->0K(228352K)
[89.085s][info][gc,heap        ] GC(284) ParOldGen: 5324422K(5324800K)->5324422K(5324800K)
[89.085s][info][gc,metaspace   ] GC(284) Metaspace: 6299K(6464K)->6299K(6464K) NonClass: 5766K(5824K)->5766K(5824K) Class: 533K(640K)->533K(640K)
[89.085s][info][gc             ] GC(284) Pause Full (Ergonomics) 5260M->5260M(5483M) 1999.301ms
[89.085s][info][gc,cpu         ] GC(284) User=13.67s Sys=0.00s Real=2.00s
[89.085s][info][gc,start       ] GC(285) Pause Full (Ergonomics)
[89.085s][info][gc,phases,start] GC(285) Marking Phase
[90.450s][info][gc,phases      ] GC(285) Marking Phase 1364.755ms
[90.450s][info][gc,phases,start] GC(285) Summary Phase
[90.450s][info][gc,phases      ] GC(285) Summary Phase 0.092ms
[90.450s][info][gc,phases,start] GC(285) Adjust Roots
[90.450s][info][gc,phases      ] GC(285) Adjust Roots 0.333ms
[90.451s][info][gc,phases,start] GC(285) Compaction Phase
[90.879s][info][gc,phases      ] GC(285) Compaction Phase 428.310ms
[90.879s][info][gc,phases,start] GC(285) Post Compact
[90.888s][info][gc,phases      ] GC(285) Post Compact 8.784ms
[90.888s][info][gc,heap        ] GC(285) PSYoungGen: 61951K(290304K)->61951K(290304K) Eden: 61951K(61952K)->61951K(61952K) From: 0K(228352K)->0K(228352K)
[90.888s][info][gc,heap        ] GC(285) ParOldGen: 5324427K(5324800K)->5324427K(5324800K)
[90.888s][info][gc,metaspace   ] GC(285) Metaspace: 6299K(6464K)->6299K(6464K) NonClass: 5766K(5824K)->5766K(5824K) Class: 533K(640K)->533K(640K)
[90.888s][info][gc             ] GC(285) Pause Full (Ergonomics) 5260M->5260M(5483M) 1802.792ms
[90.888s][info][gc,cpu         ] GC(285) User=13.58s Sys=0.00s Real=1.80s
[90.888s][info][gc,start       ] GC(286) Pause Full (Ergonomics)
[90.888s][info][gc,phases,start] GC(286) Marking Phase
[92.284s][info][gc,phases      ] GC(286) Marking Phase 1396.033ms
[92.284s][info][gc,phases,start] GC(286) Summary Phase
[92.284s][info][gc,phases      ] GC(286) Summary Phase 0.095ms
[92.285s][info][gc,phases,start] GC(286) Adjust Roots
[92.285s][info][gc,phases      ] GC(286) Adjust Roots 0.318ms
[92.285s][info][gc,phases,start] GC(286) Compaction Phase
[92.716s][info][gc,phases      ] GC(286) Compaction Phase 430.863ms
[92.716s][info][gc,phases,start] GC(286) Post Compact
[92.725s][info][gc,phases      ] GC(286) Post Compact 8.856ms
[92.725s][info][gc,heap        ] GC(286) PSYoungGen: 61951K(290304K)->61951K(290304K) Eden: 61951K(61952K)->61951K(61952K) From: 0K(228352K)->0K(228352K)
[92.725s][info][gc,heap        ] GC(286) ParOldGen: 5324432K(5324800K)->5324432K(5324800K)
[92.725s][info][gc,metaspace   ] GC(286) Metaspace: 6299K(6464K)->6299K(6464K) NonClass: 5766K(5824K)->5766K(5824K) Class: 533K(640K)->533K(640K)
[92.725s][info][gc             ] GC(286) Pause Full (Ergonomics) 5260M->5260M(5483M) 1836.601ms
[92.725s][info][gc,cpu         ] GC(286) User=14.08s Sys=0.00s Real=1.84s
[92.725s][info][gc,start       ] GC(287) Pause Full (Ergonomics)
[92.725s][info][gc,phases,start] GC(287) Marking Phase
[94.107s][info][gc,phases      ] GC(287) Marking Phase 1381.562ms
[94.107s][info][gc,phases,start] GC(287) Summary Phase
[94.107s][info][gc,phases      ] GC(287) Summary Phase 0.104ms
[94.107s][info][gc,phases,start] GC(287) Adjust Roots
[94.107s][info][gc,phases      ] GC(287) Adjust Roots 0.345ms
[94.107s][info][gc,phases,start] GC(287) Compaction Phase
[94.527s][info][gc,phases      ] GC(287) Compaction Phase 419.226ms
[94.527s][info][gc,phases,start] GC(287) Post Compact
[94.535s][info][gc,phases      ] GC(287) Post Compact 8.158ms
[94.535s][info][gc,heap        ] GC(287) PSYoungGen: 61951K(290304K)->61951K(290304K) Eden: 61951K(61952K)->61951K(61952K) From: 0K(228352K)->0K(228352K)
[94.535s][info][gc,heap        ] GC(287) ParOldGen: 5324437K(5324800K)->5324437K(5324800K)
[94.535s][info][gc,metaspace   ] GC(287) Metaspace: 6299K(6464K)->6299K(6464K) NonClass: 5766K(5824K)->5766K(5824K) Class: 533K(640K)->533K(640K)
[94.535s][info][gc             ] GC(287) Pause Full (Ergonomics) 5260M->5260M(5483M) 1809.880ms
[94.535s][info][gc,cpu         ] GC(287) User=13.95s Sys=0.00s Real=1.81s
[94.535s][info][gc,start       ] GC(288) Pause Full (Ergonomics)
[94.535s][info][gc,phases,start] GC(288) Marking Phase
[95.896s][info][gc,phases      ] GC(288) Marking Phase 1360.164ms
[95.896s][info][gc,phases,start] GC(288) Summary Phase
[95.896s][info][gc,phases      ] GC(288) Summary Phase 0.112ms
[95.896s][info][gc,phases,start] GC(288) Adjust Roots
[95.896s][info][gc,phases      ] GC(288) Adjust Roots 0.331ms
[95.896s][info][gc,phases,start] GC(288) Compaction Phase
[96.334s][info][gc,phases      ] GC(288) Compaction Phase 437.666ms
[96.334s][info][gc,phases,start] GC(288) Post Compact
[96.343s][info][gc,phases      ] GC(288) Post Compact 8.884ms
[96.343s][info][gc,heap        ] GC(288) PSYoungGen: 61951K(290304K)->61951K(290304K) Eden: 61951K(61952K)->61951K(61952K) From: 0K(228352K)->0K(228352K)
[96.343s][info][gc,heap        ] GC(288) ParOldGen: 5324442K(5324800K)->5324442K(5324800K)
[96.343s][info][gc,metaspace   ] GC(288) Metaspace: 6299K(6464K)->6299K(6464K) NonClass: 5766K(5824K)->5766K(5824K) Class: 533K(640K)->533K(640K)
[96.343s][info][gc             ] GC(288) Pause Full (Ergonomics) 5260M->5260M(5483M) 1807.644ms
[96.343s][info][gc,cpu         ] GC(288) User=13.72s Sys=0.02s Real=1.81s
[96.343s][info][gc,start       ] GC(289) Pause Full (Ergonomics)
[96.343s][info][gc,phases,start] GC(289) Marking Phase
[97.749s][info][gc,phases      ] GC(289) Marking Phase 1405.331ms
[97.749s][info][gc,phases,start] GC(289) Summary Phase
[97.749s][info][gc,phases      ] GC(289) Summary Phase 0.113ms
[97.749s][info][gc,phases,start] GC(289) Adjust Roots
[97.749s][info][gc,phases      ] GC(289) Adjust Roots 0.314ms
[97.749s][info][gc,phases,start] GC(289) Compaction Phase
[98.174s][info][gc,phases      ] GC(289) Compaction Phase 425.047ms
[98.174s][info][gc,phases,start] GC(289) Post Compact
[98.183s][info][gc,phases      ] GC(289) Post Compact 8.812ms
[98.183s][info][gc,heap        ] GC(289) PSYoungGen: 61951K(290304K)->61951K(290304K) Eden: 61951K(61952K)->61951K(61952K) From: 0K(228352K)->0K(228352K)
[98.183s][info][gc,heap        ] GC(289) ParOldGen: 5324446K(5324800K)->5324446K(5324800K)
[98.183s][info][gc,metaspace   ] GC(289) Metaspace: 6299K(6464K)->6299K(6464K) NonClass: 5766K(5824K)->5766K(5824K) Class: 533K(640K)->533K(640K)
[98.183s][info][gc             ] GC(289) Pause Full (Ergonomics) 5260M->5260M(5483M) 1840.065ms
[98.183s][info][gc,cpu         ] GC(289) User=14.36s Sys=0.02s Real=1.84s
[98.184s][info][gc,start       ] GC(290) Pause Full (Ergonomics)
[98.184s][info][gc,phases,start] GC(290) Marking Phase
[99.575s][info][gc,phases      ] GC(290) Marking Phase 1391.523ms
[99.575s][info][gc,phases,start] GC(290) Summary Phase
[99.575s][info][gc,phases      ] GC(290) Summary Phase 0.087ms
[99.575s][info][gc,phases,start] GC(290) Adjust Roots
[99.576s][info][gc,phases      ] GC(290) Adjust Roots 0.372ms
[99.576s][info][gc,phases,start] GC(290) Compaction Phase
[99.995s][info][gc,phases      ] GC(290) Compaction Phase 419.262ms
[99.995s][info][gc,phases,start] GC(290) Post Compact
[100.003s][info][gc,phases      ] GC(290) Post Compact 8.242ms
[100.003s][info][gc,heap        ] GC(290) PSYoungGen: 61951K(290304K)->61951K(290304K) Eden: 61951K(61952K)->61951K(61952K) From: 0K(228352K)->0K(228352K)
[100.003s][info][gc,heap        ] GC(290) ParOldGen: 5324451K(5324800K)->5324451K(5324800K)
[100.003s][info][gc,metaspace   ] GC(290) Metaspace: 6299K(6464K)->6299K(6464K) NonClass: 5766K(5824K)->5766K(5824K) Class: 533K(640K)->533K(640K)
[100.004s][info][gc             ] GC(290) Pause Full (Ergonomics) 5260M->5260M(5483M) 1819.933ms
[100.004s][info][gc,cpu         ] GC(290) User=14.05s Sys=0.00s Real=1.82s
[100.004s][info][gc,start       ] GC(291) Pause Full (Ergonomics)
[100.004s][info][gc,phases,start] GC(291) Marking Phase
[101.382s][info][gc,phases      ] GC(291) Marking Phase 1377.993ms
[101.382s][info][gc,phases,start] GC(291) Summary Phase
[101.382s][info][gc,phases      ] GC(291) Summary Phase 0.099ms
[101.382s][info][gc,phases,start] GC(291) Adjust Roots
[101.382s][info][gc,phases      ] GC(291) Adjust Roots 0.305ms
[101.382s][info][gc,phases,start] GC(291) Compaction Phase
[101.814s][info][gc,phases      ] GC(291) Compaction Phase 431.650ms
[101.814s][info][gc,phases,start] GC(291) Post Compact
[101.822s][info][gc,phases      ] GC(291) Post Compact 7.871ms
[101.822s][info][gc,heap        ] GC(291) PSYoungGen: 61951K(290304K)->61951K(290304K) Eden: 61951K(61952K)->61951K(61952K) From: 0K(228352K)->0K(228352K)
[101.822s][info][gc,heap        ] GC(291) ParOldGen: 5324456K(5324800K)->5324456K(5324800K)
[101.822s][info][gc,metaspace   ] GC(291) Metaspace: 6299K(6464K)->6299K(6464K) NonClass: 5766K(5824K)->5766K(5824K) Class: 533K(640K)->533K(640K)
[101.822s][info][gc             ] GC(291) Pause Full (Ergonomics) 5260M->5260M(5483M) 1818.239ms
[101.822s][info][gc,cpu         ] GC(291) User=13.95s Sys=0.00s Real=1.82s
[101.822s][info][gc,start       ] GC(292) Pause Full (Ergonomics)
[101.822s][info][gc,phases,start] GC(292) Marking Phase
[103.148s][info][gc,phases      ] GC(292) Marking Phase 1325.962ms
[103.148s][info][gc,phases,start] GC(292) Summary Phase
[103.148s][info][gc,phases      ] GC(292) Summary Phase 0.056ms
[103.148s][info][gc,phases,start] GC(292) Adjust Roots
[103.148s][info][gc,phases      ] GC(292) Adjust Roots 0.175ms
[103.148s][info][gc,phases,start] GC(292) Compaction Phase
[103.570s][info][gc,phases      ] GC(292) Compaction Phase 421.224ms
[103.570s][info][gc,phases,start] GC(292) Post Compact
[103.577s][info][gc,phases      ] GC(292) Post Compact 7.265ms
[103.577s][info][gc,heap        ] GC(292) PSYoungGen: 61951K(290304K)->61951K(290304K) Eden: 61951K(61952K)->61951K(61952K) From: 0K(228352K)->0K(228352K)
[103.577s][info][gc,heap        ] GC(292) ParOldGen: 5324461K(5324800K)->5324461K(5324800K)
[103.577s][info][gc,metaspace   ] GC(292) Metaspace: 6299K(6464K)->6299K(6464K) NonClass: 5766K(5824K)->5766K(5824K) Class: 533K(640K)->533K(640K)
[103.577s][info][gc             ] GC(292) Pause Full (Ergonomics) 5260M->5260M(5483M) 1755.024ms
[103.577s][info][gc,cpu         ] GC(292) User=13.45s Sys=0.00s Real=1.75s
[103.577s][info][gc,start       ] GC(293) Pause Full (Ergonomics)
[103.577s][info][gc,phases,start] GC(293) Marking Phase
[104.947s][info][gc,phases      ] GC(293) Marking Phase 1369.818ms
[104.947s][info][gc,phases,start] GC(293) Summary Phase
[104.947s][info][gc,phases      ] GC(293) Summary Phase 0.067ms
[104.947s][info][gc,phases,start] GC(293) Adjust Roots
[104.948s][info][gc,phases      ] GC(293) Adjust Roots 0.176ms
[104.948s][info][gc,phases,start] GC(293) Compaction Phase
[105.371s][info][gc,phases      ] GC(293) Compaction Phase 423.379ms
[105.371s][info][gc,phases,start] GC(293) Post Compact
[105.379s][info][gc,phases      ] GC(293) Post Compact 7.496ms
[105.379s][info][gc,heap        ] GC(293) PSYoungGen: 61951K(290304K)->61951K(290304K) Eden: 61951K(61952K)->61951K(61952K) From: 0K(228352K)->0K(228352K)
[105.379s][info][gc,heap        ] GC(293) ParOldGen: 5324466K(5324800K)->5324466K(5324800K)
[105.379s][info][gc,metaspace   ] GC(293) Metaspace: 6299K(6464K)->6299K(6464K) NonClass: 5766K(5824K)->5766K(5824K) Class: 533K(640K)->533K(640K)
[105.379s][info][gc             ] GC(293) Pause Full (Ergonomics) 5260M->5260M(5483M) 1801.212ms
[105.379s][info][gc,cpu         ] GC(293) User=13.98s Sys=0.02s Real=1.80s
[105.379s][info][gc,start       ] GC(294) Pause Full (Ergonomics)
[105.379s][info][gc,phases,start] GC(294) Marking Phase
[106.719s][info][gc,phases      ] GC(294) Marking Phase 1340.411ms
[106.719s][info][gc,phases,start] GC(294) Summary Phase
[106.719s][info][gc,phases      ] GC(294) Summary Phase 0.060ms
[106.719s][info][gc,phases,start] GC(294) Adjust Roots
[106.720s][info][gc,phases      ] GC(294) Adjust Roots 0.201ms
[106.720s][info][gc,phases,start] GC(294) Compaction Phase
[107.149s][info][gc,phases      ] GC(294) Compaction Phase 429.120ms
[107.149s][info][gc,phases,start] GC(294) Post Compact
[107.157s][info][gc,phases      ] GC(294) Post Compact 8.303ms
[107.157s][info][gc,heap        ] GC(294) PSYoungGen: 61951K(290304K)->61951K(290304K) Eden: 61951K(61952K)->61951K(61952K) From: 0K(228352K)->0K(228352K)
[107.157s][info][gc,heap        ] GC(294) ParOldGen: 5324471K(5324800K)->5324471K(5324800K)
[107.157s][info][gc,metaspace   ] GC(294) Metaspace: 6299K(6464K)->6299K(6464K) NonClass: 5766K(5824K)->5766K(5824K) Class: 533K(640K)->533K(640K)
[107.157s][info][gc             ] GC(294) Pause Full (Ergonomics) 5260M->5260M(5483M) 1778.438ms
[107.157s][info][gc,cpu         ] GC(294) User=13.45s Sys=0.00s Real=1.78s
[107.158s][info][gc,start       ] GC(295) Pause Full (Ergonomics)
[107.158s][info][gc,phases,start] GC(295) Marking Phase
[108.515s][info][gc,phases      ] GC(295) Marking Phase 1357.027ms
[108.515s][info][gc,phases,start] GC(295) Summary Phase
[108.515s][info][gc,phases      ] GC(295) Summary Phase 0.097ms
[108.515s][info][gc,phases,start] GC(295) Adjust Roots
[108.515s][info][gc,phases      ] GC(295) Adjust Roots 0.296ms
[108.515s][info][gc,phases,start] GC(295) Compaction Phase
[108.930s][info][gc,phases      ] GC(295) Compaction Phase 414.847ms
[108.930s][info][gc,phases,start] GC(295) Post Compact
[108.938s][info][gc,phases      ] GC(295) Post Compact 8.435ms
[108.938s][info][gc,heap        ] GC(295) PSYoungGen: 61951K(290304K)->61951K(290304K) Eden: 61951K(61952K)->61951K(61952K) From: 0K(228352K)->0K(228352K)
[108.939s][info][gc,heap        ] GC(295) ParOldGen: 5324475K(5324800K)->5324475K(5324800K)
[108.939s][info][gc,metaspace   ] GC(295) Metaspace: 6299K(6464K)->6299K(6464K) NonClass: 5766K(5824K)->5766K(5824K) Class: 533K(640K)->533K(640K)
[108.939s][info][gc             ] GC(295) Pause Full (Ergonomics) 5260M->5260M(5483M) 1781.061ms
[108.939s][info][gc,cpu         ] GC(295) User=13.61s Sys=0.00s Real=1.78s
[108.939s][info][gc,start       ] GC(296) Pause Full (Ergonomics)
[108.939s][info][gc,phases,start] GC(296) Marking Phase
[110.314s][info][gc,phases      ] GC(296) Marking Phase 1375.506ms
[110.314s][info][gc,phases,start] GC(296) Summary Phase
[110.314s][info][gc,phases      ] GC(296) Summary Phase 0.060ms
[110.314s][info][gc,phases,start] GC(296) Adjust Roots
[110.315s][info][gc,phases      ] GC(296) Adjust Roots 0.169ms
[110.315s][info][gc,phases,start] GC(296) Compaction Phase
[110.727s][info][gc,phases      ] GC(296) Compaction Phase 412.074ms
[110.727s][info][gc,phases,start] GC(296) Post Compact
[110.734s][info][gc,phases      ] GC(296) Post Compact 7.025ms
[110.734s][info][gc,heap        ] GC(296) PSYoungGen: 61951K(290304K)->61951K(290304K) Eden: 61951K(61952K)->61951K(61952K) From: 0K(228352K)->0K(228352K)
[110.734s][info][gc,heap        ] GC(296) ParOldGen: 5324480K(5324800K)->5324480K(5324800K)
[110.734s][info][gc,metaspace   ] GC(296) Metaspace: 6299K(6464K)->6299K(6464K) NonClass: 5766K(5824K)->5766K(5824K) Class: 533K(640K)->533K(640K)
[110.734s][info][gc             ] GC(296) Pause Full (Ergonomics) 5260M->5260M(5483M) 1795.132ms
[110.734s][info][gc,cpu         ] GC(296) User=13.77s Sys=0.00s Real=1.80s
[110.734s][info][gc,start       ] GC(297) Pause Full (Ergonomics)
[110.734s][info][gc,phases,start] GC(297) Marking Phase
[112.093s][info][gc,phases      ] GC(297) Marking Phase 1358.443ms
[112.093s][info][gc,phases,start] GC(297) Summary Phase
[112.093s][info][gc,phases      ] GC(297) Summary Phase 0.086ms
[112.093s][info][gc,phases,start] GC(297) Adjust Roots
[112.093s][info][gc,phases      ] GC(297) Adjust Roots 0.308ms
[112.093s][info][gc,phases,start] GC(297) Compaction Phase
[112.526s][info][gc,phases      ] GC(297) Compaction Phase 433.310ms
[112.527s][info][gc,phases,start] GC(297) Post Compact
[112.534s][info][gc,phases      ] GC(297) Post Compact 7.663ms
[112.534s][info][gc,heap        ] GC(297) PSYoungGen: 61951K(290304K)->61951K(290304K) Eden: 61951K(61952K)->61951K(61952K) From: 0K(228352K)->0K(228352K)
[112.534s][info][gc,heap        ] GC(297) ParOldGen: 5324485K(5324800K)->5324485K(5324800K)
[112.534s][info][gc,metaspace   ] GC(297) Metaspace: 6299K(6464K)->6299K(6464K) NonClass: 5766K(5824K)->5766K(5824K) Class: 533K(640K)->533K(640K)
[112.534s][info][gc             ] GC(297) Pause Full (Ergonomics) 5260M->5260M(5483M) 1800.165ms
[112.534s][info][gc,cpu         ] GC(297) User=14.00s Sys=0.00s Real=1.80s
[112.534s][info][gc,start       ] GC(298) Pause Full (Ergonomics)
[112.535s][info][gc,phases,start] GC(298) Marking Phase
[113.903s][info][gc,phases      ] GC(298) Marking Phase 1368.654ms
[113.903s][info][gc,phases,start] GC(298) Summary Phase
[113.903s][info][gc,phases      ] GC(298) Summary Phase 0.057ms
[113.903s][info][gc,phases,start] GC(298) Adjust Roots
[113.903s][info][gc,phases      ] GC(298) Adjust Roots 0.178ms
[113.904s][info][gc,phases,start] GC(298) Compaction Phase
[114.340s][info][gc,phases      ] GC(298) Compaction Phase 436.613ms
[114.340s][info][gc,phases,start] GC(298) Post Compact
[114.348s][info][gc,phases      ] GC(298) Post Compact 7.467ms
[114.348s][info][gc,heap        ] GC(298) PSYoungGen: 61951K(290304K)->61951K(290304K) Eden: 61951K(61952K)->61951K(61952K) From: 0K(228352K)->0K(228352K)
[114.348s][info][gc,heap        ] GC(298) ParOldGen: 5324490K(5324800K)->5324490K(5324800K)
[114.348s][info][gc,metaspace   ] GC(298) Metaspace: 6299K(6464K)->6299K(6464K) NonClass: 5766K(5824K)->5766K(5824K) Class: 533K(640K)->533K(640K)
[114.348s][info][gc             ] GC(298) Pause Full (Ergonomics) 5260M->5260M(5483M) 1813.239ms
[114.348s][info][gc,cpu         ] GC(298) User=13.97s Sys=0.02s Real=1.81s
[114.348s][info][gc,start       ] GC(299) Pause Full (Ergonomics)
[114.348s][info][gc,phases,start] GC(299) Marking Phase
[115.678s][info][gc,phases      ] GC(299) Marking Phase 1330.369ms
[115.678s][info][gc,phases,start] GC(299) Summary Phase
[115.678s][info][gc,phases      ] GC(299) Summary Phase 0.096ms
[115.679s][info][gc,phases,start] GC(299) Adjust Roots
[115.679s][info][gc,phases      ] GC(299) Adjust Roots 0.233ms
[115.679s][info][gc,phases,start] GC(299) Compaction Phase
[116.121s][info][gc,phases      ] GC(299) Compaction Phase 441.894ms
[116.121s][info][gc,phases,start] GC(299) Post Compact
[116.128s][info][gc,phases      ] GC(299) Post Compact 7.559ms
[116.128s][info][gc,heap        ] GC(299) PSYoungGen: 61951K(290304K)->61951K(290304K) Eden: 61951K(61952K)->61951K(61952K) From: 0K(228352K)->0K(228352K)
[116.128s][info][gc,heap        ] GC(299) ParOldGen: 5324495K(5324800K)->5324495K(5324800K)
[116.128s][info][gc,metaspace   ] GC(299) Metaspace: 6299K(6464K)->6299K(6464K) NonClass: 5766K(5824K)->5766K(5824K) Class: 533K(640K)->533K(640K)
[116.128s][info][gc             ] GC(299) Pause Full (Ergonomics) 5260M->5260M(5483M) 1780.486ms
[116.128s][info][gc,cpu         ] GC(299) User=13.64s Sys=0.00s Real=1.78s
[116.129s][info][gc,start       ] GC(300) Pause Full (Ergonomics)
[116.129s][info][gc,phases,start] GC(300) Marking Phase
[117.477s][info][gc,phases      ] GC(300) Marking Phase 1347.892ms
[117.477s][info][gc,phases,start] GC(300) Summary Phase
[117.477s][info][gc,phases      ] GC(300) Summary Phase 0.087ms
[117.477s][info][gc,phases,start] GC(300) Adjust Roots
[117.477s][info][gc,phases      ] GC(300) Adjust Roots 0.254ms
[117.477s][info][gc,phases,start] GC(300) Compaction Phase
[117.921s][info][gc,phases      ] GC(300) Compaction Phase 443.867ms
[117.921s][info][gc,phases,start] GC(300) Post Compact
[117.933s][info][gc,phases      ] GC(300) Post Compact 12.449ms
[117.934s][info][gc,heap        ] GC(300) PSYoungGen: 61951K(290304K)->61951K(290304K) Eden: 61951K(61952K)->61951K(61952K) From: 0K(228352K)->0K(228352K)
[117.934s][info][gc,heap        ] GC(300) ParOldGen: 5324500K(5324800K)->5324500K(5324800K)
[117.934s][info][gc,metaspace   ] GC(300) Metaspace: 6299K(6464K)->6299K(6464K) NonClass: 5766K(5824K)->5766K(5824K) Class: 533K(640K)->533K(640K)
[117.934s][info][gc             ] GC(300) Pause Full (Ergonomics) 5260M->5260M(5483M) 1805.041ms
[117.934s][info][gc,cpu         ] GC(300) User=13.67s Sys=0.02s Real=1.80s
[117.934s][info][gc,start       ] GC(301) Pause Full (Ergonomics)
[117.934s][info][gc,phases,start] GC(301) Marking Phase
[119.321s][info][gc,phases      ] GC(301) Marking Phase 1387.418ms
[119.321s][info][gc,phases,start] GC(301) Summary Phase
[119.322s][info][gc,phases      ] GC(301) Summary Phase 0.072ms
[119.322s][info][gc,phases,start] GC(301) Adjust Roots
[119.322s][info][gc,phases      ] GC(301) Adjust Roots 0.253ms
[119.322s][info][gc,phases,start] GC(301) Compaction Phase
[119.744s][info][gc,phases      ] GC(301) Compaction Phase 422.340ms
[119.744s][info][gc,phases,start] GC(301) Post Compact
[119.752s][info][gc,phases      ] GC(301) Post Compact 7.567ms
[119.752s][info][gc,heap        ] GC(301) PSYoungGen: 61951K(290304K)->61951K(290304K) Eden: 61951K(61952K)->61951K(61952K) From: 0K(228352K)->0K(228352K)
[119.752s][info][gc,heap        ] GC(301) ParOldGen: 5324504K(5324800K)->5324504K(5324800K)
[119.752s][info][gc,metaspace   ] GC(301) Metaspace: 6299K(6464K)->6299K(6464K) NonClass: 5766K(5824K)->5766K(5824K) Class: 533K(640K)->533K(640K)
[119.752s][info][gc             ] GC(301) Pause Full (Ergonomics) 5260M->5260M(5483M) 1818.036ms
[119.752s][info][gc,cpu         ] GC(301) User=14.06s Sys=0.03s Real=1.82s
[119.752s][info][gc,start       ] GC(302) Pause Full (Ergonomics)
[119.752s][info][gc,phases,start] GC(302) Marking Phase
[121.090s][info][gc,phases      ] GC(302) Marking Phase 1338.090ms
[121.090s][info][gc,phases,start] GC(302) Summary Phase
[121.090s][info][gc,phases      ] GC(302) Summary Phase 0.101ms
[121.091s][info][gc,phases,start] GC(302) Adjust Roots
[121.091s][info][gc,phases      ] GC(302) Adjust Roots 0.316ms
[121.091s][info][gc,phases,start] GC(302) Compaction Phase
[121.524s][info][gc,phases      ] GC(302) Compaction Phase 433.080ms
[121.524s][info][gc,phases,start] GC(302) Post Compact
[121.532s][info][gc,phases      ] GC(302) Post Compact 7.653ms
[121.532s][info][gc,heap        ] GC(302) PSYoungGen: 61951K(290304K)->61951K(290304K) Eden: 61951K(61952K)->61951K(61952K) From: 0K(228352K)->0K(228352K)
[121.532s][info][gc,heap        ] GC(302) ParOldGen: 5324509K(5324800K)->5324509K(5324800K)
[121.532s][info][gc,metaspace   ] GC(302) Metaspace: 6299K(6464K)->6299K(6464K) NonClass: 5766K(5824K)->5766K(5824K) Class: 533K(640K)->533K(640K)
[121.532s][info][gc             ] GC(302) Pause Full (Ergonomics) 5260M->5260M(5483M) 1779.608ms
[121.532s][info][gc,cpu         ] GC(302) User=13.64s Sys=0.00s Real=1.78s
[121.532s][info][gc,start       ] GC(303) Pause Full (Ergonomics)
[121.532s][info][gc,phases,start] GC(303) Marking Phase
[122.882s][info][gc,phases      ] GC(303) Marking Phase 1349.668ms
[122.882s][info][gc,phases,start] GC(303) Summary Phase
[122.882s][info][gc,phases      ] GC(303) Summary Phase 0.138ms
[122.882s][info][gc,phases,start] GC(303) Adjust Roots
[122.882s][info][gc,phases      ] GC(303) Adjust Roots 0.323ms
[122.882s][info][gc,phases,start] GC(303) Compaction Phase
[123.295s][info][gc,phases      ] GC(303) Compaction Phase 412.861ms
[123.295s][info][gc,phases,start] GC(303) Post Compact
[123.305s][info][gc,phases      ] GC(303) Post Compact 9.886ms
[123.305s][info][gc,heap        ] GC(303) PSYoungGen: 61951K(290304K)->61951K(290304K) Eden: 61951K(61952K)->61951K(61952K) From: 0K(228352K)->0K(228352K)
[123.305s][info][gc,heap        ] GC(303) ParOldGen: 5324514K(5324800K)->5324514K(5324800K)
[123.305s][info][gc,metaspace   ] GC(303) Metaspace: 6299K(6464K)->6299K(6464K) NonClass: 5766K(5824K)->5766K(5824K) Class: 533K(640K)->533K(640K)
[123.305s][info][gc             ] GC(303) Pause Full (Ergonomics) 5260M->5260M(5483M) 1773.341ms
[123.305s][info][gc,cpu         ] GC(303) User=13.77s Sys=0.02s Real=1.77s
[123.306s][info][gc,start       ] GC(304) Pause Full (Ergonomics)
[123.306s][info][gc,phases,start] GC(304) Marking Phase
[124.655s][info][gc,phases      ] GC(304) Marking Phase 1349.519ms
[124.655s][info][gc,phases,start] GC(304) Summary Phase
[124.655s][info][gc,phases      ] GC(304) Summary Phase 0.084ms
[124.655s][info][gc,phases,start] GC(304) Adjust Roots
[124.656s][info][gc,phases      ] GC(304) Adjust Roots 0.266ms
[124.656s][info][gc,phases,start] GC(304) Compaction Phase
[125.088s][info][gc,phases      ] GC(304) Compaction Phase 432.666ms
[125.088s][info][gc,phases,start] GC(304) Post Compact
[125.096s][info][gc,phases      ] GC(304) Post Compact 7.583ms
[125.096s][info][gc,heap        ] GC(304) PSYoungGen: 61951K(290304K)->61951K(290304K) Eden: 61951K(61952K)->61951K(61952K) From: 0K(228352K)->0K(228352K)
[125.096s][info][gc,heap        ] GC(304) ParOldGen: 5324519K(5324800K)->5324519K(5324800K)
[125.096s][info][gc,metaspace   ] GC(304) Metaspace: 6299K(6464K)->6299K(6464K) NonClass: 5766K(5824K)->5766K(5824K) Class: 533K(640K)->533K(640K)
[125.096s][info][gc             ] GC(304) Pause Full (Ergonomics) 5260M->5260M(5483M) 1790.514ms
[125.096s][info][gc,cpu         ] GC(304) User=13.86s Sys=0.00s Real=1.79s
[125.096s][info][gc,start       ] GC(305) Pause Full (Ergonomics)
[125.096s][info][gc,phases,start] GC(305) Marking Phase
[126.458s][info][gc,phases      ] GC(305) Marking Phase 1362.006ms
[126.458s][info][gc,phases,start] GC(305) Summary Phase
[126.459s][info][gc,phases      ] GC(305) Summary Phase 0.062ms
[126.459s][info][gc,phases,start] GC(305) Adjust Roots
[126.459s][info][gc,phases      ] GC(305) Adjust Roots 0.209ms
[126.459s][info][gc,phases,start] GC(305) Compaction Phase
[126.879s][info][gc,phases      ] GC(305) Compaction Phase 419.762ms
[126.879s][info][gc,phases,start] GC(305) Post Compact
[126.886s][info][gc,phases      ] GC(305) Post Compact 7.801ms
[126.886s][info][gc,heap        ] GC(305) PSYoungGen: 61951K(290304K)->61951K(290304K) Eden: 61951K(61952K)->61951K(61952K) From: 0K(228352K)->0K(228352K)
[126.886s][info][gc,heap        ] GC(305) ParOldGen: 5324524K(5324800K)->5324524K(5324800K)
[126.886s][info][gc,metaspace   ] GC(305) Metaspace: 6299K(6464K)->6299K(6464K) NonClass: 5766K(5824K)->5766K(5824K) Class: 533K(640K)->533K(640K)
[126.887s][info][gc             ] GC(305) Pause Full (Ergonomics) 5260M->5260M(5483M) 1790.167ms
[126.887s][info][gc,cpu         ] GC(305) User=13.80s Sys=0.00s Real=1.79s
[126.887s][info][gc,start       ] GC(306) Pause Full (Ergonomics)
[126.887s][info][gc,phases,start] GC(306) Marking Phase
[128.250s][info][gc,phases      ] GC(306) Marking Phase 1363.517ms
[128.250s][info][gc,phases,start] GC(306) Summary Phase
[128.250s][info][gc,phases      ] GC(306) Summary Phase 0.087ms
[128.250s][info][gc,phases,start] GC(306) Adjust Roots
[128.251s][info][gc,phases      ] GC(306) Adjust Roots 0.246ms
[128.251s][info][gc,phases,start] GC(306) Compaction Phase
[128.662s][info][gc,phases      ] GC(306) Compaction Phase 411.309ms
[128.662s][info][gc,phases,start] GC(306) Post Compact
[128.671s][info][gc,phases      ] GC(306) Post Compact 8.347ms
[128.671s][info][gc,heap        ] GC(306) PSYoungGen: 61951K(290304K)->61951K(290304K) Eden: 61951K(61952K)->61951K(61952K) From: 0K(228352K)->0K(228352K)
[128.671s][info][gc,heap        ] GC(306) ParOldGen: 5324529K(5324800K)->5324529K(5324800K)
[128.671s][info][gc,metaspace   ] GC(306) Metaspace: 6299K(6464K)->6299K(6464K) NonClass: 5766K(5824K)->5766K(5824K) Class: 533K(640K)->533K(640K)
[128.671s][info][gc             ] GC(306) Pause Full (Ergonomics) 5260M->5260M(5483M) 1783.908ms
[128.671s][info][gc,cpu         ] GC(306) User=13.83s Sys=0.00s Real=1.78s
[128.671s][info][gc,start       ] GC(307) Pause Full (Ergonomics)
[128.671s][info][gc,phases,start] GC(307) Marking Phase
[130.040s][info][gc,phases      ] GC(307) Marking Phase 1369.442ms
[130.040s][info][gc,phases,start] GC(307) Summary Phase
[130.040s][info][gc,phases      ] GC(307) Summary Phase 0.062ms
[130.040s][info][gc,phases,start] GC(307) Adjust Roots
[130.041s][info][gc,phases      ] GC(307) Adjust Roots 0.173ms
[130.041s][info][gc,phases,start] GC(307) Compaction Phase
[130.458s][info][gc,phases      ] GC(307) Compaction Phase 417.101ms
[130.458s][info][gc,phases,start] GC(307) Post Compact
[130.470s][info][gc,phases      ] GC(307) Post Compact 12.449ms
[130.470s][info][gc,heap        ] GC(307) PSYoungGen: 61951K(290304K)->61951K(290304K) Eden: 61951K(61952K)->61951K(61952K) From: 0K(228352K)->0K(228352K)
[130.471s][info][gc,heap        ] GC(307) ParOldGen: 5324533K(5324800K)->5324533K(5324800K)
[130.471s][info][gc,metaspace   ] GC(307) Metaspace: 6299K(6464K)->6299K(6464K) NonClass: 5766K(5824K)->5766K(5824K) Class: 533K(640K)->533K(640K)
[130.471s][info][gc             ] GC(307) Pause Full (Ergonomics) 5260M->5260M(5483M) 1799.701ms
[130.471s][info][gc,cpu         ] GC(307) User=13.86s Sys=0.00s Real=1.80s
[130.471s][info][gc,start       ] GC(308) Pause Full (Ergonomics)
[130.471s][info][gc,phases,start] GC(308) Marking Phase
[131.826s][info][gc,phases      ] GC(308) Marking Phase 1354.936ms
[131.826s][info][gc,phases,start] GC(308) Summary Phase
[131.826s][info][gc,phases      ] GC(308) Summary Phase 0.108ms
[131.826s][info][gc,phases,start] GC(308) Adjust Roots
[131.826s][info][gc,phases      ] GC(308) Adjust Roots 0.246ms
[131.826s][info][gc,phases,start] GC(308) Compaction Phase
[132.252s][info][gc,phases      ] GC(308) Compaction Phase 425.662ms
[132.252s][info][gc,phases,start] GC(308) Post Compact
[132.261s][info][gc,phases      ] GC(308) Post Compact 8.650ms
[132.261s][info][gc,heap        ] GC(308) PSYoungGen: 61951K(290304K)->61951K(290304K) Eden: 61951K(61952K)->61951K(61952K) From: 0K(228352K)->0K(228352K)
[132.261s][info][gc,heap        ] GC(308) ParOldGen: 5324538K(5324800K)->5324538K(5324800K)
[132.261s][info][gc,metaspace   ] GC(308) Metaspace: 6299K(6464K)->6299K(6464K) NonClass: 5766K(5824K)->5766K(5824K) Class: 533K(640K)->533K(640K)
[132.261s][info][gc             ] GC(308) Pause Full (Ergonomics) 5260M->5260M(5483M) 1790.009ms
[132.261s][info][gc,cpu         ] GC(308) User=13.73s Sys=0.00s Real=1.79s
[132.261s][info][gc,start       ] GC(309) Pause Full (Ergonomics)
[132.261s][info][gc,phases,start] GC(309) Marking Phase
[133.596s][info][gc,phases      ] GC(309) Marking Phase 1334.577ms
[133.596s][info][gc,phases,start] GC(309) Summary Phase
[133.596s][info][gc,phases      ] GC(309) Summary Phase 0.101ms
[133.596s][info][gc,phases,start] GC(309) Adjust Roots
[133.596s][info][gc,phases      ] GC(309) Adjust Roots 0.258ms
[133.596s][info][gc,phases,start] GC(309) Compaction Phase
[133.998s][info][gc,phases      ] GC(309) Compaction Phase 401.850ms
[133.998s][info][gc,phases,start] GC(309) Post Compact
[134.006s][info][gc,phases      ] GC(309) Post Compact 8.089ms
[134.006s][info][gc,heap        ] GC(309) PSYoungGen: 61951K(290304K)->61951K(290304K) Eden: 61951K(61952K)->61951K(61952K) From: 0K(228352K)->0K(228352K)
[134.006s][info][gc,heap        ] GC(309) ParOldGen: 5324543K(5324800K)->5324543K(5324800K)
[134.006s][info][gc,metaspace   ] GC(309) Metaspace: 6299K(6464K)->6299K(6464K) NonClass: 5766K(5824K)->5766K(5824K) Class: 533K(640K)->533K(640K)
[134.006s][info][gc             ] GC(309) Pause Full (Ergonomics) 5260M->5260M(5483M) 1745.242ms
[134.006s][info][gc,cpu         ] GC(309) User=13.41s Sys=0.00s Real=1.75s
[134.007s][info][gc,start       ] GC(310) Pause Full (Ergonomics)
[134.007s][info][gc,phases,start] GC(310) Marking Phase
[135.321s][info][gc,phases      ] GC(310) Marking Phase 1314.573ms
[135.321s][info][gc,phases,start] GC(310) Summary Phase
[135.321s][info][gc,phases      ] GC(310) Summary Phase 0.087ms
[135.321s][info][gc,phases,start] GC(310) Adjust Roots
[135.322s][info][gc,phases      ] GC(310) Adjust Roots 0.269ms
[135.322s][info][gc,phases,start] GC(310) Compaction Phase
[135.732s][info][gc,phases      ] GC(310) Compaction Phase 410.657ms
[135.732s][info][gc,phases,start] GC(310) Post Compact
[135.741s][info][gc,phases      ] GC(310) Post Compact 9.020ms
[135.741s][info][gc,heap        ] GC(310) PSYoungGen: 61951K(290304K)->61951K(290304K) Eden: 61951K(61952K)->61951K(61952K) From: 0K(228352K)->0K(228352K)
[135.742s][info][gc,heap        ] GC(310) ParOldGen: 5324548K(5324800K)->5324548K(5324800K)
[135.742s][info][gc,metaspace   ] GC(310) Metaspace: 6299K(6464K)->6299K(6464K) NonClass: 5766K(5824K)->5766K(5824K) Class: 533K(640K)->533K(640K)
[135.742s][info][gc             ] GC(310) Pause Full (Ergonomics) 5260M->5260M(5483M) 1734.993ms
[135.742s][info][gc,cpu         ] GC(310) User=13.39s Sys=0.02s Real=1.73s
[135.742s][info][gc,start       ] GC(311) Pause Full (Ergonomics)
[135.742s][info][gc,phases,start] GC(311) Marking Phase
[137.087s][info][gc,phases      ] GC(311) Marking Phase 1345.609ms
[137.087s][info][gc,phases,start] GC(311) Summary Phase
[137.088s][info][gc,phases      ] GC(311) Summary Phase 0.089ms
[137.088s][info][gc,phases,start] GC(311) Adjust Roots
[137.088s][info][gc,phases      ] GC(311) Adjust Roots 0.195ms
[137.088s][info][gc,phases,start] GC(311) Compaction Phase
[137.496s][info][gc,phases      ] GC(311) Compaction Phase 407.737ms
[137.496s][info][gc,phases,start] GC(311) Post Compact
[137.503s][info][gc,phases      ] GC(311) Post Compact 7.025ms
[137.503s][info][gc,heap        ] GC(311) PSYoungGen: 61951K(290304K)->61951K(290304K) Eden: 61951K(61952K)->61951K(61952K) From: 0K(228352K)->0K(228352K)
[137.503s][info][gc,heap        ] GC(311) ParOldGen: 5324553K(5324800K)->5324553K(5324800K)
[137.503s][info][gc,metaspace   ] GC(311) Metaspace: 6299K(6464K)->6299K(6464K) NonClass: 5766K(5824K)->5766K(5824K) Class: 533K(640K)->533K(640K)
[137.503s][info][gc             ] GC(311) Pause Full (Ergonomics) 5260M->5260M(5483M) 1760.961ms
[137.503s][info][gc,cpu         ] GC(311) User=13.64s Sys=0.00s Real=1.76s
[137.503s][info][gc,start       ] GC(312) Pause Full (Ergonomics)
[137.503s][info][gc,phases,start] GC(312) Marking Phase
[138.841s][info][gc,phases      ] GC(312) Marking Phase 1337.781ms
[138.841s][info][gc,phases,start] GC(312) Summary Phase
[138.841s][info][gc,phases      ] GC(312) Summary Phase 0.060ms
[138.841s][info][gc,phases,start] GC(312) Adjust Roots
[138.841s][info][gc,phases      ] GC(312) Adjust Roots 0.201ms
[138.841s][info][gc,phases,start] GC(312) Compaction Phase
[139.245s][info][gc,phases      ] GC(312) Compaction Phase 403.925ms
[139.245s][info][gc,phases,start] GC(312) Post Compact
[139.256s][info][gc,phases      ] GC(312) Post Compact 10.716ms
[139.256s][info][gc,heap        ] GC(312) PSYoungGen: 61951K(290304K)->61951K(290304K) Eden: 61951K(61952K)->61951K(61952K) From: 0K(228352K)->0K(228352K)
[139.256s][info][gc,heap        ] GC(312) ParOldGen: 5324558K(5324800K)->5324558K(5324800K)
[139.256s][info][gc,metaspace   ] GC(312) Metaspace: 6299K(6464K)->6299K(6464K) NonClass: 5766K(5824K)->5766K(5824K) Class: 533K(640K)->533K(640K)
[139.256s][info][gc             ] GC(312) Pause Full (Ergonomics) 5260M->5260M(5483M) 1753.121ms
[139.256s][info][gc,cpu         ] GC(312) User=13.61s Sys=0.00s Real=1.75s
[139.256s][info][gc,start       ] GC(313) Pause Full (Ergonomics)
[139.256s][info][gc,phases,start] GC(313) Marking Phase
[140.590s][info][gc,phases      ] GC(313) Marking Phase 1333.899ms
[140.590s][info][gc,phases,start] GC(313) Summary Phase
[140.590s][info][gc,phases      ] GC(313) Summary Phase 0.059ms
[140.590s][info][gc,phases,start] GC(313) Adjust Roots
[140.591s][info][gc,phases      ] GC(313) Adjust Roots 0.180ms
[140.591s][info][gc,phases,start] GC(313) Compaction Phase
[141.006s][info][gc,phases      ] GC(313) Compaction Phase 415.675ms
[141.006s][info][gc,phases,start] GC(313) Post Compact
[141.019s][info][gc,phases      ] GC(313) Post Compact 12.457ms
[141.019s][info][gc,heap        ] GC(313) PSYoungGen: 61951K(290304K)->61951K(290304K) Eden: 61951K(61952K)->61951K(61952K) From: 0K(228352K)->0K(228352K)
[141.019s][info][gc,heap        ] GC(313) ParOldGen: 5324562K(5324800K)->5324562K(5324800K)
[141.019s][info][gc,metaspace   ] GC(313) Metaspace: 6299K(6464K)->6299K(6464K) NonClass: 5766K(5824K)->5766K(5824K) Class: 533K(640K)->533K(640K)
[141.019s][info][gc             ] GC(313) Pause Full (Ergonomics) 5260M->5260M(5483M) 1762.716ms
[141.019s][info][gc,cpu         ] GC(313) User=13.70s Sys=0.00s Real=1.76s
[141.019s][info][gc,start       ] GC(314) Pause Full (Ergonomics)
[141.019s][info][gc,phases,start] GC(314) Marking Phase
[142.355s][info][gc,phases      ] GC(314) Marking Phase 1335.239ms
[142.355s][info][gc,phases,start] GC(314) Summary Phase
[142.355s][info][gc,phases      ] GC(314) Summary Phase 0.063ms
[142.355s][info][gc,phases,start] GC(314) Adjust Roots
[142.355s][info][gc,phases      ] GC(314) Adjust Roots 0.243ms
[142.355s][info][gc,phases,start] GC(314) Compaction Phase
[142.768s][info][gc,phases      ] GC(314) Compaction Phase 412.529ms
[142.768s][info][gc,phases,start] GC(314) Post Compact
[142.780s][info][gc,phases      ] GC(314) Post Compact 12.418ms
[142.780s][info][gc,heap        ] GC(314) PSYoungGen: 61951K(290304K)->61951K(290304K) Eden: 61951K(61952K)->61951K(61952K) From: 0K(228352K)->0K(228352K)
[142.780s][info][gc,heap        ] GC(314) ParOldGen: 5324567K(5324800K)->5324567K(5324800K)
[142.780s][info][gc,metaspace   ] GC(314) Metaspace: 6299K(6464K)->6299K(6464K) NonClass: 5766K(5824K)->5766K(5824K) Class: 533K(640K)->533K(640K)
[142.780s][info][gc             ] GC(314) Pause Full (Ergonomics) 5260M->5260M(5483M) 1760.937ms
[142.780s][info][gc,cpu         ] GC(314) User=13.53s Sys=0.00s Real=1.76s
[142.781s][info][gc,start       ] GC(315) Pause Full (Ergonomics)
[142.781s][info][gc,phases,start] GC(315) Marking Phase
[144.088s][info][gc,phases      ] GC(315) Marking Phase 1307.398ms
[144.088s][info][gc,phases,start] GC(315) Summary Phase
[144.088s][info][gc,phases      ] GC(315) Summary Phase 0.106ms
[144.088s][info][gc,phases,start] GC(315) Adjust Roots
[144.089s][info][gc,phases      ] GC(315) Adjust Roots 0.269ms
[144.089s][info][gc,phases,start] GC(315) Compaction Phase
[144.523s][info][gc,phases      ] GC(315) Compaction Phase 434.797ms
[144.523s][info][gc,phases,start] GC(315) Post Compact
[144.532s][info][gc,phases      ] GC(315) Post Compact 8.089ms
[144.532s][info][gc,heap        ] GC(315) PSYoungGen: 61951K(290304K)->61951K(290304K) Eden: 61951K(61952K)->61951K(61952K) From: 0K(228352K)->0K(228352K)
[144.532s][info][gc,heap        ] GC(315) ParOldGen: 5324572K(5324800K)->5324572K(5324800K)
[144.532s][info][gc,metaspace   ] GC(315) Metaspace: 6299K(6464K)->6299K(6464K) NonClass: 5766K(5824K)->5766K(5824K) Class: 533K(640K)->533K(640K)
[144.532s][info][gc             ] GC(315) Pause Full (Ergonomics) 5260M->5260M(5483M) 1751.022ms
[144.532s][info][gc,cpu         ] GC(315) User=13.44s Sys=0.00s Real=1.75s
[144.532s][info][gc,start       ] GC(316) Pause Full (Ergonomics)
[144.532s][info][gc,phases,start] GC(316) Marking Phase
[145.859s][info][gc,phases      ] GC(316) Marking Phase 1327.465ms
[145.859s][info][gc,phases,start] GC(316) Summary Phase
[145.860s][info][gc,phases      ] GC(316) Summary Phase 0.081ms
[145.860s][info][gc,phases,start] GC(316) Adjust Roots
[145.860s][info][gc,phases      ] GC(316) Adjust Roots 0.232ms
[145.860s][info][gc,phases,start] GC(316) Compaction Phase
[146.269s][info][gc,phases      ] GC(316) Compaction Phase 409.550ms
[146.269s][info][gc,phases,start] GC(316) Post Compact
[146.282s][info][gc,phases      ] GC(316) Post Compact 12.454ms
[146.282s][info][gc,heap        ] GC(316) PSYoungGen: 61951K(290304K)->61951K(290304K) Eden: 61951K(61952K)->61951K(61952K) From: 0K(228352K)->0K(228352K)
[146.282s][info][gc,heap        ] GC(316) ParOldGen: 5324577K(5324800K)->5324577K(5324800K)
[146.282s][info][gc,metaspace   ] GC(316) Metaspace: 6299K(6464K)->6299K(6464K) NonClass: 5766K(5824K)->5766K(5824K) Class: 533K(640K)->533K(640K)
[146.282s][info][gc             ] GC(316) Pause Full (Ergonomics) 5260M->5260M(5483M) 1750.249ms
[146.282s][info][gc,cpu         ] GC(316) User=13.34s Sys=0.00s Real=1.75s
[146.282s][info][gc,start       ] GC(317) Pause Full (Ergonomics)
[146.282s][info][gc,phases,start] GC(317) Marking Phase
[147.589s][info][gc,phases      ] GC(317) Marking Phase 1306.240ms
[147.589s][info][gc,phases,start] GC(317) Summary Phase
[147.589s][info][gc,phases      ] GC(317) Summary Phase 0.059ms
[147.589s][info][gc,phases,start] GC(317) Adjust Roots
[147.589s][info][gc,phases      ] GC(317) Adjust Roots 0.305ms
[147.589s][info][gc,phases,start] GC(317) Compaction Phase
[148.010s][info][gc,phases      ] GC(317) Compaction Phase 420.820ms
[148.010s][info][gc,phases,start] GC(317) Post Compact
[148.018s][info][gc,phases      ] GC(317) Post Compact 7.508ms
[148.018s][info][gc,heap        ] GC(317) PSYoungGen: 61951K(290304K)->61951K(290304K) Eden: 61951K(61952K)->61951K(61952K) From: 0K(228352K)->0K(228352K)
[148.018s][info][gc,heap        ] GC(317) ParOldGen: 5324582K(5324800K)->5324582K(5324800K)
[148.018s][info][gc,metaspace   ] GC(317) Metaspace: 6299K(6464K)->6299K(6464K) NonClass: 5766K(5824K)->5766K(5824K) Class: 533K(640K)->533K(640K)
[148.018s][info][gc             ] GC(317) Pause Full (Ergonomics) 5260M->5260M(5483M) 1735.253ms
[148.018s][info][gc,cpu         ] GC(317) User=13.28s Sys=0.00s Real=1.73s
[148.018s][info][gc,start       ] GC(318) Pause Full (Ergonomics)
[148.018s][info][gc,phases,start] GC(318) Marking Phase
[149.307s][info][gc,phases      ] GC(318) Marking Phase 1289.496ms
[149.307s][info][gc,phases,start] GC(318) Summary Phase
[149.307s][info][gc,phases      ] GC(318) Summary Phase 0.061ms
[149.307s][info][gc,phases,start] GC(318) Adjust Roots
[149.308s][info][gc,phases      ] GC(318) Adjust Roots 0.185ms
[149.308s][info][gc,phases,start] GC(318) Compaction Phase
[149.706s][info][gc,phases      ] GC(318) Compaction Phase 397.799ms
[149.706s][info][gc,phases,start] GC(318) Post Compact
[149.713s][info][gc,phases      ] GC(318) Post Compact 7.608ms
[149.713s][info][gc,heap        ] GC(318) PSYoungGen: 61951K(290304K)->61951K(290304K) Eden: 61951K(61952K)->61951K(61952K) From: 0K(228352K)->0K(228352K)
[149.713s][info][gc,heap        ] GC(318) ParOldGen: 5324587K(5324800K)->5324587K(5324800K)
[149.713s][info][gc,metaspace   ] GC(318) Metaspace: 6299K(6464K)->6299K(6464K) NonClass: 5766K(5824K)->5766K(5824K) Class: 533K(640K)->533K(640K)
[149.713s][info][gc             ] GC(318) Pause Full (Ergonomics) 5260M->5260M(5483M) 1695.448ms
[149.713s][info][gc,cpu         ] GC(318) User=13.09s Sys=0.00s Real=1.70s
[149.713s][info][gc,start       ] GC(319) Pause Full (Ergonomics)
[149.713s][info][gc,phases,start] GC(319) Marking Phase
[151.006s][info][gc,phases      ] GC(319) Marking Phase 1292.534ms
[151.006s][info][gc,phases,start] GC(319) Summary Phase
[151.006s][info][gc,phases      ] GC(319) Summary Phase 0.066ms
[151.006s][info][gc,phases,start] GC(319) Adjust Roots
[151.006s][info][gc,phases      ] GC(319) Adjust Roots 0.169ms
[151.006s][info][gc,phases,start] GC(319) Compaction Phase
[151.407s][info][gc,phases      ] GC(319) Compaction Phase 400.986ms
[151.407s][info][gc,phases,start] GC(319) Post Compact
[151.414s][info][gc,phases      ] GC(319) Post Compact 6.778ms
[151.414s][info][gc,heap        ] GC(319) PSYoungGen: 61951K(290304K)->61951K(290304K) Eden: 61951K(61952K)->61951K(61952K) From: 0K(228352K)->0K(228352K)
[151.414s][info][gc,heap        ] GC(319) ParOldGen: 5324591K(5324800K)->5324591K(5324800K)
[151.414s][info][gc,metaspace   ] GC(319) Metaspace: 6299K(6464K)->6299K(6464K) NonClass: 5766K(5824K)->5766K(5824K) Class: 533K(640K)->533K(640K)
[151.414s][info][gc             ] GC(319) Pause Full (Ergonomics) 5260M->5260M(5483M) 1700.805ms
[151.414s][info][gc,cpu         ] GC(319) User=12.94s Sys=0.00s Real=1.70s
[151.414s][info][gc,start       ] GC(320) Pause Full (Ergonomics)
[151.415s][info][gc,phases,start] GC(320) Marking Phase
[152.720s][info][gc,phases      ] GC(320) Marking Phase 1305.497ms
[152.720s][info][gc,phases,start] GC(320) Summary Phase
[152.720s][info][gc,phases      ] GC(320) Summary Phase 0.056ms
[152.720s][info][gc,phases,start] GC(320) Adjust Roots
[152.720s][info][gc,phases      ] GC(320) Adjust Roots 0.173ms
[152.720s][info][gc,phases,start] GC(320) Compaction Phase
[153.102s][info][gc,phases      ] GC(320) Compaction Phase 381.202ms
[153.102s][info][gc,phases,start] GC(320) Post Compact
[153.108s][info][gc,phases      ] GC(320) Post Compact 6.742ms
[153.108s][info][gc,heap        ] GC(320) PSYoungGen: 61951K(290304K)->61951K(290304K) Eden: 61951K(61952K)->61951K(61952K) From: 0K(228352K)->0K(228352K)
[153.108s][info][gc,heap        ] GC(320) ParOldGen: 5324596K(5324800K)->5324596K(5324800K)
[153.108s][info][gc,metaspace   ] GC(320) Metaspace: 6299K(6464K)->6299K(6464K) NonClass: 5766K(5824K)->5766K(5824K) Class: 533K(640K)->533K(640K)
[153.108s][info][gc             ] GC(320) Pause Full (Ergonomics) 5260M->5260M(5483M) 1693.971ms
[153.108s][info][gc,cpu         ] GC(320) User=13.02s Sys=0.00s Real=1.69s
[153.109s][info][gc,start       ] GC(321) Pause Full (Ergonomics)
[153.109s][info][gc,phases,start] GC(321) Marking Phase
[154.405s][info][gc,phases      ] GC(321) Marking Phase 1296.164ms
[154.405s][info][gc,phases,start] GC(321) Summary Phase
[154.405s][info][gc,phases      ] GC(321) Summary Phase 0.084ms
[154.405s][info][gc,phases,start] GC(321) Adjust Roots
[154.405s][info][gc,phases      ] GC(321) Adjust Roots 0.214ms
[154.405s][info][gc,phases,start] GC(321) Compaction Phase
[154.753s][info][gc,phases      ] GC(321) Compaction Phase 347.613ms
[154.753s][info][gc,phases,start] GC(321) Post Compact
[154.760s][info][gc,phases      ] GC(321) Post Compact 6.818ms
[154.760s][info][gc,heap        ] GC(321) PSYoungGen: 61951K(290304K)->61951K(290304K) Eden: 61951K(61952K)->61951K(61952K) From: 0K(228352K)->0K(228352K)
[154.760s][info][gc,heap        ] GC(321) ParOldGen: 5324601K(5324800K)->5324601K(5324800K)
[154.760s][info][gc,metaspace   ] GC(321) Metaspace: 6299K(6464K)->6299K(6464K) NonClass: 5766K(5824K)->5766K(5824K) Class: 533K(640K)->533K(640K)
[154.760s][info][gc             ] GC(321) Pause Full (Ergonomics) 5260M->5260M(5483M) 1651.223ms
[154.760s][info][gc,cpu         ] GC(321) User=12.84s Sys=0.02s Real=1.65s
[154.760s][info][gc,start       ] GC(322) Pause Full (Ergonomics)
[154.760s][info][gc,phases,start] GC(322) Marking Phase
[156.028s][info][gc,phases      ] GC(322) Marking Phase 1268.371ms
[156.028s][info][gc,phases,start] GC(322) Summary Phase
[156.029s][info][gc,phases      ] GC(322) Summary Phase 0.056ms
[156.029s][info][gc,phases,start] GC(322) Adjust Roots
[156.029s][info][gc,phases      ] GC(322) Adjust Roots 0.169ms
[156.029s][info][gc,phases,start] GC(322) Compaction Phase
[156.372s][info][gc,phases      ] GC(322) Compaction Phase 343.538ms
[156.372s][info][gc,phases,start] GC(322) Post Compact
[156.379s][info][gc,phases      ] GC(322) Post Compact 6.953ms
[156.379s][info][gc,heap        ] GC(322) PSYoungGen: 61951K(290304K)->61951K(290304K) Eden: 61951K(61952K)->61951K(61952K) From: 0K(228352K)->0K(228352K)
[156.379s][info][gc,heap        ] GC(322) ParOldGen: 5324606K(5324800K)->5324606K(5324800K)
[156.379s][info][gc,metaspace   ] GC(322) Metaspace: 6299K(6464K)->6299K(6464K) NonClass: 5766K(5824K)->5766K(5824K) Class: 533K(640K)->533K(640K)
[156.379s][info][gc             ] GC(322) Pause Full (Ergonomics) 5260M->5260M(5483M) 1619.375ms
[156.379s][info][gc,cpu         ] GC(322) User=12.47s Sys=0.02s Real=1.62s
[156.380s][info][gc,start       ] GC(323) Pause Full (Ergonomics)
[156.380s][info][gc,phases,start] GC(323) Marking Phase
[157.672s][info][gc,phases      ] GC(323) Marking Phase 1292.382ms
[157.672s][info][gc,phases,start] GC(323) Summary Phase
[157.672s][info][gc,phases      ] GC(323) Summary Phase 0.102ms
[157.672s][info][gc,phases,start] GC(323) Adjust Roots
[157.672s][info][gc,phases      ] GC(323) Adjust Roots 0.259ms
[157.672s][info][gc,phases,start] GC(323) Compaction Phase
[158.006s][info][gc,phases      ] GC(323) Compaction Phase 333.318ms
[158.006s][info][gc,phases,start] GC(323) Post Compact
[158.013s][info][gc,phases      ] GC(323) Post Compact 7.383ms
[158.013s][info][gc,heap        ] GC(323) PSYoungGen: 61951K(290304K)->61951K(290304K) Eden: 61951K(61952K)->61951K(61952K) From: 0K(228352K)->0K(228352K)
[158.013s][info][gc,heap        ] GC(323) ParOldGen: 5324611K(5324800K)->5324611K(5324800K)
[158.013s][info][gc,metaspace   ] GC(323) Metaspace: 6299K(6464K)->6299K(6464K) NonClass: 5766K(5824K)->5766K(5824K) Class: 533K(640K)->533K(640K)
[158.013s][info][gc             ] GC(323) Pause Full (Ergonomics) 5260M->5260M(5483M) 1633.829ms
[158.013s][info][gc,cpu         ] GC(323) User=12.47s Sys=0.00s Real=1.63s
[158.014s][info][gc,start       ] GC(324) Pause Full (Ergonomics)
[158.014s][info][gc,phases,start] GC(324) Marking Phase
[159.243s][info][gc,phases      ] GC(324) Marking Phase 1229.506ms
[159.243s][info][gc,phases,start] GC(324) Summary Phase
[159.243s][info][gc,phases      ] GC(324) Summary Phase 0.068ms
[159.243s][info][gc,phases,start] GC(324) Adjust Roots
[159.243s][info][gc,phases      ] GC(324) Adjust Roots 0.192ms
[159.243s][info][gc,phases,start] GC(324) Compaction Phase
[159.587s][info][gc,phases      ] GC(324) Compaction Phase 343.484ms
[159.587s][info][gc,phases,start] GC(324) Post Compact
[159.594s][info][gc,phases      ] GC(324) Post Compact 6.972ms
[159.594s][info][gc,heap        ] GC(324) PSYoungGen: 61951K(290304K)->61951K(290304K) Eden: 61951K(61952K)->61951K(61952K) From: 0K(228352K)->0K(228352K)
[159.594s][info][gc,heap        ] GC(324) ParOldGen: 5324616K(5324800K)->5324616K(5324800K)
[159.594s][info][gc,metaspace   ] GC(324) Metaspace: 6299K(6464K)->6299K(6464K) NonClass: 5766K(5824K)->5766K(5824K) Class: 533K(640K)->533K(640K)
[159.594s][info][gc             ] GC(324) Pause Full (Ergonomics) 5260M->5260M(5483M) 1580.515ms
[159.594s][info][gc,cpu         ] GC(324) User=12.17s Sys=0.00s Real=1.58s
[159.594s][info][gc,start       ] GC(325) Pause Full (Ergonomics)
[159.594s][info][gc,phases,start] GC(325) Marking Phase
[160.850s][info][gc,phases      ] GC(325) Marking Phase 1255.616ms
[160.850s][info][gc,phases,start] GC(325) Summary Phase
[160.850s][info][gc,phases      ] GC(325) Summary Phase 0.067ms
[160.850s][info][gc,phases,start] GC(325) Adjust Roots
[160.850s][info][gc,phases      ] GC(325) Adjust Roots 0.241ms
[160.850s][info][gc,phases,start] GC(325) Compaction Phase
[161.181s][info][gc,phases      ] GC(325) Compaction Phase 330.428ms
[161.181s][info][gc,phases,start] GC(325) Post Compact
[161.187s][info][gc,phases      ] GC(325) Post Compact 6.274ms
[161.187s][info][gc,heap        ] GC(325) PSYoungGen: 61951K(290304K)->61951K(290304K) Eden: 61951K(61952K)->61951K(61952K) From: 0K(228352K)->0K(228352K)
[161.187s][info][gc,heap        ] GC(325) ParOldGen: 5324620K(5324800K)->5324620K(5324800K)
[161.187s][info][gc,metaspace   ] GC(325) Metaspace: 6299K(6464K)->6299K(6464K) NonClass: 5766K(5824K)->5766K(5824K) Class: 533K(640K)->533K(640K)
[161.187s][info][gc             ] GC(325) Pause Full (Ergonomics) 5260M->5260M(5483M) 1592.921ms
[161.187s][info][gc,cpu         ] GC(325) User=12.19s Sys=0.00s Real=1.59s
[161.187s][info][gc,start       ] GC(326) Pause Full (Ergonomics)
[161.187s][info][gc,phases,start] GC(326) Marking Phase
[162.419s][info][gc,phases      ] GC(326) Marking Phase 1231.473ms
[162.419s][info][gc,phases,start] GC(326) Summary Phase
[162.419s][info][gc,phases      ] GC(326) Summary Phase 0.058ms
[162.419s][info][gc,phases,start] GC(326) Adjust Roots
[162.419s][info][gc,phases      ] GC(326) Adjust Roots 0.174ms
[162.419s][info][gc,phases,start] GC(326) Compaction Phase
[162.762s][info][gc,phases      ] GC(326) Compaction Phase 343.058ms
[162.762s][info][gc,phases,start] GC(326) Post Compact
[162.769s][info][gc,phases      ] GC(326) Post Compact 6.801ms
[162.769s][info][gc,heap        ] GC(326) PSYoungGen: 61951K(290304K)->61951K(290304K) Eden: 61951K(61952K)->61951K(61952K) From: 0K(228352K)->0K(228352K)
[162.769s][info][gc,heap        ] GC(326) ParOldGen: 5324625K(5324800K)->5324625K(5324800K)
[162.769s][info][gc,metaspace   ] GC(326) Metaspace: 6299K(6464K)->6299K(6464K) NonClass: 5766K(5824K)->5766K(5824K) Class: 533K(640K)->533K(640K)
[162.769s][info][gc             ] GC(326) Pause Full (Ergonomics) 5260M->5260M(5483M) 1581.854ms
[162.769s][info][gc,cpu         ] GC(326) User=12.08s Sys=0.02s Real=1.58s
[162.769s][info][gc,start       ] GC(327) Pause Full (Ergonomics)
[162.769s][info][gc,phases,start] GC(327) Marking Phase
[164.021s][info][gc,phases      ] GC(327) Marking Phase 1251.163ms
[164.021s][info][gc,phases,start] GC(327) Summary Phase
[164.021s][info][gc,phases      ] GC(327) Summary Phase 0.060ms
[164.021s][info][gc,phases,start] GC(327) Adjust Roots
[164.021s][info][gc,phases      ] GC(327) Adjust Roots 0.174ms
[164.021s][info][gc,phases,start] GC(327) Compaction Phase
[164.362s][info][gc,phases      ] GC(327) Compaction Phase 341.295ms
[164.362s][info][gc,phases,start] GC(327) Post Compact
[164.369s][info][gc,phases      ] GC(327) Post Compact 6.834ms
[164.369s][info][gc,heap        ] GC(327) PSYoungGen: 61951K(290304K)->61951K(290304K) Eden: 61951K(61952K)->61951K(61952K) From: 0K(228352K)->0K(228352K)
[164.369s][info][gc,heap        ] GC(327) ParOldGen: 5324630K(5324800K)->5324630K(5324800K)
[164.369s][info][gc,metaspace   ] GC(327) Metaspace: 6299K(6464K)->6299K(6464K) NonClass: 5766K(5824K)->5766K(5824K) Class: 533K(640K)->533K(640K)
[164.369s][info][gc             ] GC(327) Pause Full (Ergonomics) 5260M->5260M(5483M) 1599.777ms
[164.369s][info][gc,cpu         ] GC(327) User=12.25s Sys=0.00s Real=1.60s
[164.369s][info][gc,start       ] GC(328) Pause Full (Ergonomics)
[164.369s][info][gc,phases,start] GC(328) Marking Phase
[165.611s][info][gc,phases      ] GC(328) Marking Phase 1241.325ms
[165.611s][info][gc,phases,start] GC(328) Summary Phase
[165.611s][info][gc,phases      ] GC(328) Summary Phase 0.080ms
[165.611s][info][gc,phases,start] GC(328) Adjust Roots
[165.611s][info][gc,phases      ] GC(328) Adjust Roots 0.231ms
[165.611s][info][gc,phases,start] GC(328) Compaction Phase
[165.952s][info][gc,phases      ] GC(328) Compaction Phase 340.601ms
[165.952s][info][gc,phases,start] GC(328) Post Compact
[165.959s][info][gc,phases      ] GC(328) Post Compact 7.240ms
[165.959s][info][gc,heap        ] GC(328) PSYoungGen: 61951K(290304K)->61951K(290304K) Eden: 61951K(61952K)->61951K(61952K) From: 0K(228352K)->0K(228352K)
[165.959s][info][gc,heap        ] GC(328) ParOldGen: 5324635K(5324800K)->5324635K(5324800K)
[165.959s][info][gc,metaspace   ] GC(328) Metaspace: 6299K(6464K)->6299K(6464K) NonClass: 5766K(5824K)->5766K(5824K) Class: 533K(640K)->533K(640K)
[165.959s][info][gc             ] GC(328) Pause Full (Ergonomics) 5260M->5260M(5483M) 1589.789ms
[165.959s][info][gc,cpu         ] GC(328) User=12.17s Sys=0.00s Real=1.59s
[165.959s][info][gc,start       ] GC(329) Pause Full (Ergonomics)
[165.959s][info][gc,phases,start] GC(329) Marking Phase
[167.211s][info][gc,phases      ] GC(329) Marking Phase 1251.402ms
[167.211s][info][gc,phases,start] GC(329) Summary Phase
[167.211s][info][gc,phases      ] GC(329) Summary Phase 0.057ms
[167.211s][info][gc,phases,start] GC(329) Adjust Roots
[167.211s][info][gc,phases      ] GC(329) Adjust Roots 0.166ms
[167.211s][info][gc,phases,start] GC(329) Compaction Phase
[167.547s][info][gc,phases      ] GC(329) Compaction Phase 336.329ms
[167.548s][info][gc,phases,start] GC(329) Post Compact
[167.555s][info][gc,phases      ] GC(329) Post Compact 7.176ms
[167.555s][info][gc,heap        ] GC(329) PSYoungGen: 61951K(290304K)->61951K(290304K) Eden: 61951K(61952K)->61951K(61952K) From: 0K(228352K)->0K(228352K)
[167.555s][info][gc,heap        ] GC(329) ParOldGen: 5324640K(5324800K)->5324640K(5324800K)
[167.555s][info][gc,metaspace   ] GC(329) Metaspace: 6299K(6464K)->6299K(6464K) NonClass: 5766K(5824K)->5766K(5824K) Class: 533K(640K)->533K(640K)
[167.555s][info][gc             ] GC(329) Pause Full (Ergonomics) 5260M->5260M(5483M) 1595.428ms
[167.555s][info][gc,cpu         ] GC(329) User=12.36s Sys=0.00s Real=1.60s
[167.555s][info][gc,start       ] GC(330) Pause Full (Ergonomics)
[167.555s][info][gc,phases,start] GC(330) Marking Phase
[168.802s][info][gc,phases      ] GC(330) Marking Phase 1246.900ms
[168.802s][info][gc,phases,start] GC(330) Summary Phase
[168.802s][info][gc,phases      ] GC(330) Summary Phase 0.070ms
[168.802s][info][gc,phases,start] GC(330) Adjust Roots
[168.802s][info][gc,phases      ] GC(330) Adjust Roots 0.201ms
[168.802s][info][gc,phases,start] GC(330) Compaction Phase
[169.146s][info][gc,phases      ] GC(330) Compaction Phase 343.537ms
[169.146s][info][gc,phases,start] GC(330) Post Compact
[169.154s][info][gc,phases      ] GC(330) Post Compact 7.875ms
[169.154s][info][gc,heap        ] GC(330) PSYoungGen: 61951K(290304K)->61951K(290304K) Eden: 61951K(61952K)->61951K(61952K) From: 0K(228352K)->0K(228352K)
[169.154s][info][gc,heap        ] GC(330) ParOldGen: 5324645K(5324800K)->5324645K(5324800K)
[169.154s][info][gc,metaspace   ] GC(330) Metaspace: 6299K(6464K)->6299K(6464K) NonClass: 5766K(5824K)->5766K(5824K) Class: 533K(640K)->533K(640K)
[169.154s][info][gc             ] GC(330) Pause Full (Ergonomics) 5260M->5260M(5483M) 1598.896ms
[169.154s][info][gc,cpu         ] GC(330) User=12.17s Sys=0.00s Real=1.60s
[169.154s][info][gc,start       ] GC(331) Pause Full (Ergonomics)
[169.154s][info][gc,phases,start] GC(331) Marking Phase
[170.390s][info][gc,phases      ] GC(331) Marking Phase 1236.216ms
[170.390s][info][gc,phases,start] GC(331) Summary Phase
[170.390s][info][gc,phases      ] GC(331) Summary Phase 0.059ms
[170.390s][info][gc,phases,start] GC(331) Adjust Roots
[170.391s][info][gc,phases      ] GC(331) Adjust Roots 0.199ms
[170.391s][info][gc,phases,start] GC(331) Compaction Phase
[170.733s][info][gc,phases      ] GC(331) Compaction Phase 342.155ms
[170.733s][info][gc,phases,start] GC(331) Post Compact
[170.741s][info][gc,phases      ] GC(331) Post Compact 8.164ms
[170.741s][info][gc,heap        ] GC(331) PSYoungGen: 61951K(290304K)->61951K(290304K) Eden: 61951K(61952K)->61951K(61952K) From: 0K(228352K)->0K(228352K)
[170.741s][info][gc,heap        ] GC(331) ParOldGen: 5324649K(5324800K)->5324649K(5324800K)
[170.741s][info][gc,metaspace   ] GC(331) Metaspace: 6299K(6464K)->6299K(6464K) NonClass: 5766K(5824K)->5766K(5824K) Class: 533K(640K)->533K(640K)
[170.741s][info][gc             ] GC(331) Pause Full (Ergonomics) 5260M->5260M(5483M) 1587.118ms
[170.741s][info][gc,cpu         ] GC(331) User=12.20s Sys=0.00s Real=1.59s
[170.741s][info][gc,start       ] GC(332) Pause Full (Ergonomics)
[170.741s][info][gc,phases,start] GC(332) Marking Phase
[171.988s][info][gc,phases      ] GC(332) Marking Phase 1247.035ms
[171.988s][info][gc,phases,start] GC(332) Summary Phase
[171.989s][info][gc,phases      ] GC(332) Summary Phase 0.057ms
[171.989s][info][gc,phases,start] GC(332) Adjust Roots
[171.989s][info][gc,phases      ] GC(332) Adjust Roots 0.181ms
[171.989s][info][gc,phases,start] GC(332) Compaction Phase
[172.329s][info][gc,phases      ] GC(332) Compaction Phase 340.450ms
[172.329s][info][gc,phases,start] GC(332) Post Compact
[172.337s][info][gc,phases      ] GC(332) Post Compact 7.987ms
[172.337s][info][gc,heap        ] GC(332) PSYoungGen: 61951K(290304K)->61951K(290304K) Eden: 61951K(61952K)->61951K(61952K) From: 0K(228352K)->0K(228352K)
[172.337s][info][gc,heap        ] GC(332) ParOldGen: 5324654K(5324800K)->5324654K(5324800K)
[172.337s][info][gc,metaspace   ] GC(332) Metaspace: 6299K(6464K)->6299K(6464K) NonClass: 5766K(5824K)->5766K(5824K) Class: 533K(640K)->533K(640K)
[172.337s][info][gc             ] GC(332) Pause Full (Ergonomics) 5260M->5260M(5483M) 1596.014ms
[172.337s][info][gc,cpu         ] GC(332) User=12.14s Sys=0.00s Real=1.60s
[172.338s][info][gc,start       ] GC(333) Pause Full (Ergonomics)
[172.338s][info][gc,phases,start] GC(333) Marking Phase
[173.573s][info][gc,phases      ] GC(333) Marking Phase 1235.706ms
[173.573s][info][gc,phases,start] GC(333) Summary Phase
[173.573s][info][gc,phases      ] GC(333) Summary Phase 0.058ms
[173.573s][info][gc,phases,start] GC(333) Adjust Roots
[173.574s][info][gc,phases      ] GC(333) Adjust Roots 0.174ms
[173.574s][info][gc,phases,start] GC(333) Compaction Phase
[173.924s][info][gc,phases      ] GC(333) Compaction Phase 350.442ms
[173.924s][info][gc,phases,start] GC(333) Post Compact
[173.932s][info][gc,phases      ] GC(333) Post Compact 8.083ms
[173.932s][info][gc,heap        ] GC(333) PSYoungGen: 61951K(290304K)->61951K(290304K) Eden: 61951K(61952K)->61951K(61952K) From: 0K(228352K)->0K(228352K)
[173.932s][info][gc,heap        ] GC(333) ParOldGen: 5324659K(5324800K)->5324659K(5324800K)
[173.932s][info][gc,metaspace   ] GC(333) Metaspace: 6299K(6464K)->6299K(6464K) NonClass: 5766K(5824K)->5766K(5824K) Class: 533K(640K)->533K(640K)
[173.932s][info][gc             ] GC(333) Pause Full (Ergonomics) 5260M->5260M(5483M) 1594.788ms
[173.932s][info][gc,cpu         ] GC(333) User=12.34s Sys=0.00s Real=1.60s
[173.932s][info][gc,start       ] GC(334) Pause Full (Ergonomics)
[173.933s][info][gc,phases,start] GC(334) Marking Phase
[175.170s][info][gc,phases      ] GC(334) Marking Phase 1237.814ms
[175.170s][info][gc,phases,start] GC(334) Summary Phase
[175.170s][info][gc,phases      ] GC(334) Summary Phase 0.058ms
[175.170s][info][gc,phases,start] GC(334) Adjust Roots
[175.171s][info][gc,phases      ] GC(334) Adjust Roots 0.182ms
[175.171s][info][gc,phases,start] GC(334) Compaction Phase
[175.507s][info][gc,phases      ] GC(334) Compaction Phase 336.348ms
[175.507s][info][gc,phases,start] GC(334) Post Compact
[175.514s][info][gc,phases      ] GC(334) Post Compact 6.612ms
[175.514s][info][gc,heap        ] GC(334) PSYoungGen: 61951K(290304K)->61951K(290304K) Eden: 61951K(61952K)->61951K(61952K) From: 0K(228352K)->0K(228352K)
[175.514s][info][gc,heap        ] GC(334) ParOldGen: 5324664K(5324800K)->5324664K(5324800K)
[175.514s][info][gc,metaspace   ] GC(334) Metaspace: 6299K(6464K)->6299K(6464K) NonClass: 5766K(5824K)->5766K(5824K) Class: 533K(640K)->533K(640K)
[175.514s][info][gc             ] GC(334) Pause Full (Ergonomics) 5260M->5260M(5483M) 1581.310ms
[175.514s][info][gc,cpu         ] GC(334) User=12.31s Sys=0.00s Real=1.58s
[175.514s][info][gc,start       ] GC(335) Pause Full (Ergonomics)
[175.514s][info][gc,phases,start] GC(335) Marking Phase
[176.747s][info][gc,phases      ] GC(335) Marking Phase 1233.219ms
[176.747s][info][gc,phases,start] GC(335) Summary Phase
[176.747s][info][gc,phases      ] GC(335) Summary Phase 0.058ms
[176.747s][info][gc,phases,start] GC(335) Adjust Roots
[176.748s][info][gc,phases      ] GC(335) Adjust Roots 0.211ms
[176.748s][info][gc,phases,start] GC(335) Compaction Phase
[177.090s][info][gc,phases      ] GC(335) Compaction Phase 342.336ms
[177.090s][info][gc,phases,start] GC(335) Post Compact
[177.098s][info][gc,phases      ] GC(335) Post Compact 8.006ms
[177.098s][info][gc,heap        ] GC(335) PSYoungGen: 61951K(290304K)->61951K(290304K) Eden: 61951K(61952K)->61951K(61952K) From: 0K(228352K)->0K(228352K)
[177.098s][info][gc,heap        ] GC(335) ParOldGen: 5324669K(5324800K)->5324669K(5324800K)
[177.098s][info][gc,metaspace   ] GC(335) Metaspace: 6299K(6464K)->6299K(6464K) NonClass: 5766K(5824K)->5766K(5824K) Class: 533K(640K)->533K(640K)
[177.098s][info][gc             ] GC(335) Pause Full (Ergonomics) 5260M->5260M(5483M) 1584.123ms
[177.098s][info][gc,cpu         ] GC(335) User=12.17s Sys=0.02s Real=1.58s
[177.098s][info][gc,start       ] GC(336) Pause Full (Ergonomics)
[177.098s][info][gc,phases,start] GC(336) Marking Phase
[178.343s][info][gc,phases      ] GC(336) Marking Phase 1244.571ms
[178.343s][info][gc,phases,start] GC(336) Summary Phase
[178.343s][info][gc,phases      ] GC(336) Summary Phase 0.057ms
[178.343s][info][gc,phases,start] GC(336) Adjust Roots
[178.343s][info][gc,phases      ] GC(336) Adjust Roots 0.186ms
[178.343s][info][gc,phases,start] GC(336) Compaction Phase
[178.688s][info][gc,phases      ] GC(336) Compaction Phase 344.482ms
[178.688s][info][gc,phases,start] GC(336) Post Compact
[178.695s][info][gc,phases      ] GC(336) Post Compact 7.202ms
[178.695s][info][gc,heap        ] GC(336) PSYoungGen: 61951K(290304K)->61951K(290304K) Eden: 61951K(61952K)->61951K(61952K) From: 0K(228352K)->0K(228352K)
[178.695s][info][gc,heap        ] GC(336) ParOldGen: 5324674K(5324800K)->5324674K(5324800K)
[178.695s][info][gc,metaspace   ] GC(336) Metaspace: 6299K(6464K)->6299K(6464K) NonClass: 5766K(5824K)->5766K(5824K) Class: 533K(640K)->533K(640K)
[178.695s][info][gc             ] GC(336) Pause Full (Ergonomics) 5260M->5260M(5483M) 1596.807ms
[178.695s][info][gc,cpu         ] GC(336) User=12.14s Sys=0.02s Real=1.60s
[178.695s][info][gc,start       ] GC(337) Pause Full (Ergonomics)
[178.695s][info][gc,phases,start] GC(337) Marking Phase
[179.951s][info][gc,phases      ] GC(337) Marking Phase 1256.182ms
[179.952s][info][gc,phases,start] GC(337) Summary Phase
[179.952s][info][gc,phases      ] GC(337) Summary Phase 0.057ms
[179.952s][info][gc,phases,start] GC(337) Adjust Roots
[179.952s][info][gc,phases      ] GC(337) Adjust Roots 0.173ms
[179.952s][info][gc,phases,start] GC(337) Compaction Phase
[180.294s][info][gc,phases      ] GC(337) Compaction Phase 342.218ms
[180.294s][info][gc,phases,start] GC(337) Post Compact
[180.301s][info][gc,phases      ] GC(337) Post Compact 7.287ms
[180.301s][info][gc,heap        ] GC(337) PSYoungGen: 61951K(290304K)->61951K(290304K) Eden: 61951K(61952K)->61951K(61952K) From: 0K(228352K)->0K(228352K)
[180.301s][info][gc,heap        ] GC(337) ParOldGen: 5324678K(5324800K)->5324678K(5324800K)
[180.301s][info][gc,metaspace   ] GC(337) Metaspace: 6299K(6464K)->6299K(6464K) NonClass: 5766K(5824K)->5766K(5824K) Class: 533K(640K)->533K(640K)
[180.302s][info][gc             ] GC(337) Pause Full (Ergonomics) 5260M->5260M(5483M) 1606.240ms
[180.302s][info][gc,cpu         ] GC(337) User=12.36s Sys=0.00s Real=1.61s
[180.302s][info][gc,start       ] GC(338) Pause Full (Ergonomics)
[180.302s][info][gc,phases,start] GC(338) Marking Phase
[181.536s][info][gc,phases      ] GC(338) Marking Phase 1234.189ms
[181.536s][info][gc,phases,start] GC(338) Summary Phase
[181.536s][info][gc,phases      ] GC(338) Summary Phase 0.058ms
[181.536s][info][gc,phases,start] GC(338) Adjust Roots
[181.536s][info][gc,phases      ] GC(338) Adjust Roots 0.166ms
[181.536s][info][gc,phases,start] GC(338) Compaction Phase
[181.879s][info][gc,phases      ] GC(338) Compaction Phase 342.802ms
[181.879s][info][gc,phases,start] GC(338) Post Compact
[181.887s][info][gc,phases      ] GC(338) Post Compact 7.884ms
[181.887s][info][gc,heap        ] GC(338) PSYoungGen: 61951K(290304K)->61951K(290304K) Eden: 61951K(61952K)->61951K(61952K) From: 0K(228352K)->0K(228352K)
[181.887s][info][gc,heap        ] GC(338) ParOldGen: 5324683K(5324800K)->5324683K(5324800K)
[181.887s][info][gc,metaspace   ] GC(338) Metaspace: 6299K(6464K)->6299K(6464K) NonClass: 5766K(5824K)->5766K(5824K) Class: 533K(640K)->533K(640K)
[181.887s][info][gc             ] GC(338) Pause Full (Ergonomics) 5260M->5260M(5483M) 1585.408ms
[181.887s][info][gc,cpu         ] GC(338) User=12.05s Sys=0.00s Real=1.59s
[181.887s][info][gc,start       ] GC(339) Pause Full (Ergonomics)
[181.887s][info][gc,phases,start] GC(339) Marking Phase
[183.123s][info][gc,phases      ] GC(339) Marking Phase 1235.221ms
[183.123s][info][gc,phases,start] GC(339) Summary Phase
[183.123s][info][gc,phases      ] GC(339) Summary Phase 0.057ms
[183.123s][info][gc,phases,start] GC(339) Adjust Roots
[183.123s][info][gc,phases      ] GC(339) Adjust Roots 0.172ms
[183.123s][info][gc,phases,start] GC(339) Compaction Phase
[183.468s][info][gc,phases      ] GC(339) Compaction Phase 344.597ms
[183.468s][info][gc,phases,start] GC(339) Post Compact
[183.476s][info][gc,phases      ] GC(339) Post Compact 8.224ms
[183.476s][info][gc,heap        ] GC(339) PSYoungGen: 61951K(290304K)->61951K(290304K) Eden: 61951K(61952K)->61951K(61952K) From: 0K(228352K)->0K(228352K)
[183.476s][info][gc,heap        ] GC(339) ParOldGen: 5324688K(5324800K)->5324688K(5324800K)
[183.476s][info][gc,metaspace   ] GC(339) Metaspace: 6299K(6464K)->6299K(6464K) NonClass: 5766K(5824K)->5766K(5824K) Class: 533K(640K)->533K(640K)
[183.476s][info][gc             ] GC(339) Pause Full (Ergonomics) 5260M->5260M(5483M) 1588.589ms
[183.476s][info][gc,cpu         ] GC(339) User=12.28s Sys=0.00s Real=1.59s
[183.476s][info][gc,start       ] GC(340) Pause Full (Ergonomics)
[183.476s][info][gc,phases,start] GC(340) Marking Phase
[184.752s][info][gc,phases      ] GC(340) Marking Phase 1275.361ms
[184.752s][info][gc,phases,start] GC(340) Summary Phase
[184.752s][info][gc,phases      ] GC(340) Summary Phase 0.057ms
[184.752s][info][gc,phases,start] GC(340) Adjust Roots
[184.752s][info][gc,phases      ] GC(340) Adjust Roots 0.174ms
[184.752s][info][gc,phases,start] GC(340) Compaction Phase
[185.096s][info][gc,phases      ] GC(340) Compaction Phase 343.837ms
[185.096s][info][gc,phases,start] GC(340) Post Compact
[185.104s][info][gc,phases      ] GC(340) Post Compact 8.123ms
[185.104s][info][gc,heap        ] GC(340) PSYoungGen: 61951K(290304K)->61951K(290304K) Eden: 61951K(61952K)->61951K(61952K) From: 0K(228352K)->0K(228352K)
[185.104s][info][gc,heap        ] GC(340) ParOldGen: 5324693K(5324800K)->5324693K(5324800K)
[185.104s][info][gc,metaspace   ] GC(340) Metaspace: 6299K(6464K)->6299K(6464K) NonClass: 5766K(5824K)->5766K(5824K) Class: 533K(640K)->533K(640K)
[185.104s][info][gc             ] GC(340) Pause Full (Ergonomics) 5260M->5260M(5483M) 1627.870ms
[185.104s][info][gc,cpu         ] GC(340) User=12.31s Sys=0.03s Real=1.63s
[185.104s][info][gc,start       ] GC(341) Pause Full (Ergonomics)
[185.104s][info][gc,phases,start] GC(341) Marking Phase
[186.355s][info][gc,phases      ] GC(341) Marking Phase 1250.430ms
[186.355s][info][gc,phases,start] GC(341) Summary Phase
[186.355s][info][gc,phases      ] GC(341) Summary Phase 0.059ms
[186.355s][info][gc,phases,start] GC(341) Adjust Roots
[186.355s][info][gc,phases      ] GC(341) Adjust Roots 0.169ms
[186.355s][info][gc,phases,start] GC(341) Compaction Phase
[186.695s][info][gc,phases      ] GC(341) Compaction Phase 339.546ms
[186.695s][info][gc,phases,start] GC(341) Post Compact
[186.703s][info][gc,phases      ] GC(341) Post Compact 8.205ms
[186.703s][info][gc,heap        ] GC(341) PSYoungGen: 61951K(290304K)->61951K(290304K) Eden: 61951K(61952K)->61951K(61952K) From: 0K(228352K)->0K(228352K)
[186.703s][info][gc,heap        ] GC(341) ParOldGen: 5324698K(5324800K)->5324698K(5324800K)
[186.703s][info][gc,metaspace   ] GC(341) Metaspace: 6299K(6464K)->6299K(6464K) NonClass: 5766K(5824K)->5766K(5824K) Class: 533K(640K)->533K(640K)
[186.703s][info][gc             ] GC(341) Pause Full (Ergonomics) 5260M->5260M(5483M) 1598.710ms
[186.703s][info][gc,cpu         ] GC(341) User=12.19s Sys=0.00s Real=1.60s
[186.703s][info][gc,start       ] GC(342) Pause Full (Ergonomics)
[186.703s][info][gc,phases,start] GC(342) Marking Phase
[187.962s][info][gc,phases      ] GC(342) Marking Phase 1258.954ms
[187.962s][info][gc,phases,start] GC(342) Summary Phase
[187.962s][info][gc,phases      ] GC(342) Summary Phase 0.057ms
[187.962s][info][gc,phases,start] GC(342) Adjust Roots
[187.962s][info][gc,phases      ] GC(342) Adjust Roots 0.198ms
[187.962s][info][gc,phases,start] GC(342) Compaction Phase
[188.300s][info][gc,phases      ] GC(342) Compaction Phase 338.069ms
[188.301s][info][gc,phases,start] GC(342) Post Compact
[188.308s][info][gc,phases      ] GC(342) Post Compact 7.476ms
[188.308s][info][gc,heap        ] GC(342) PSYoungGen: 61951K(290304K)->61951K(290304K) Eden: 61951K(61952K)->61951K(61952K) From: 0K(228352K)->0K(228352K)
[188.308s][info][gc,heap        ] GC(342) ParOldGen: 5324703K(5324800K)->5324703K(5324800K)
[188.308s][info][gc,metaspace   ] GC(342) Metaspace: 6299K(6464K)->6299K(6464K) NonClass: 5766K(5824K)->5766K(5824K) Class: 533K(640K)->533K(640K)
[188.308s][info][gc             ] GC(342) Pause Full (Ergonomics) 5260M->5260M(5483M) 1605.109ms
[188.308s][info][gc,cpu         ] GC(342) User=12.42s Sys=0.00s Real=1.60s
[188.308s][info][gc,start       ] GC(343) Pause Full (Ergonomics)
[188.308s][info][gc,phases,start] GC(343) Marking Phase
[189.544s][info][gc,phases      ] GC(343) Marking Phase 1235.439ms
[189.544s][info][gc,phases,start] GC(343) Summary Phase
[189.544s][info][gc,phases      ] GC(343) Summary Phase 0.058ms
[189.544s][info][gc,phases,start] GC(343) Adjust Roots
[189.544s][info][gc,phases      ] GC(343) Adjust Roots 0.170ms
[189.544s][info][gc,phases,start] GC(343) Compaction Phase
[189.886s][info][gc,phases      ] GC(343) Compaction Phase 341.480ms
[189.886s][info][gc,phases,start] GC(343) Post Compact
[189.893s][info][gc,phases      ] GC(343) Post Compact 7.157ms
[189.893s][info][gc,heap        ] GC(343) PSYoungGen: 61951K(290304K)->61951K(290304K) Eden: 61951K(61952K)->61951K(61952K) From: 0K(228352K)->0K(228352K)
[189.893s][info][gc,heap        ] GC(343) ParOldGen: 5324707K(5324800K)->5324707K(5324800K)
[189.893s][info][gc,metaspace   ] GC(343) Metaspace: 6299K(6464K)->6299K(6464K) NonClass: 5766K(5824K)->5766K(5824K) Class: 533K(640K)->533K(640K)
[189.893s][info][gc             ] GC(343) Pause Full (Ergonomics) 5260M->5260M(5483M) 1584.614ms
[189.893s][info][gc,cpu         ] GC(343) User=12.27s Sys=0.02s Real=1.59s
[189.893s][info][gc,start       ] GC(344) Pause Full (Ergonomics)
[189.893s][info][gc,phases,start] GC(344) Marking Phase
[191.140s][info][gc,phases      ] GC(344) Marking Phase 1246.981ms
[191.140s][info][gc,phases,start] GC(344) Summary Phase
[191.140s][info][gc,phases      ] GC(344) Summary Phase 0.057ms
[191.140s][info][gc,phases,start] GC(344) Adjust Roots
[191.140s][info][gc,phases      ] GC(344) Adjust Roots 0.167ms
[191.140s][info][gc,phases,start] GC(344) Compaction Phase
[191.480s][info][gc,phases      ] GC(344) Compaction Phase 339.071ms
[191.480s][info][gc,phases,start] GC(344) Post Compact
[191.487s][info][gc,phases      ] GC(344) Post Compact 7.027ms
[191.487s][info][gc,heap        ] GC(344) PSYoungGen: 61951K(290304K)->61951K(290304K) Eden: 61951K(61952K)->61951K(61952K) From: 0K(228352K)->0K(228352K)
[191.487s][info][gc,heap        ] GC(344) ParOldGen: 5324712K(5324800K)->5324712K(5324800K)
[191.487s][info][gc,metaspace   ] GC(344) Metaspace: 6299K(6464K)->6299K(6464K) NonClass: 5766K(5824K)->5766K(5824K) Class: 533K(640K)->533K(640K)
[191.487s][info][gc             ] GC(344) Pause Full (Ergonomics) 5260M->5260M(5483M) 1593.579ms
[191.487s][info][gc,cpu         ] GC(344) User=12.12s Sys=0.00s Real=1.59s
[191.487s][info][gc,start       ] GC(345) Pause Full (Ergonomics)
[191.487s][info][gc,phases,start] GC(345) Marking Phase
[192.728s][info][gc,phases      ] GC(345) Marking Phase 1241.537ms
[192.729s][info][gc,phases,start] GC(345) Summary Phase
[192.729s][info][gc,phases      ] GC(345) Summary Phase 0.058ms
[192.729s][info][gc,phases,start] GC(345) Adjust Roots
[192.729s][info][gc,phases      ] GC(345) Adjust Roots 0.193ms
[192.729s][info][gc,phases,start] GC(345) Compaction Phase
[193.076s][info][gc,phases      ] GC(345) Compaction Phase 347.672ms
[193.077s][info][gc,phases,start] GC(345) Post Compact
[193.084s][info][gc,phases      ] GC(345) Post Compact 7.429ms
[193.084s][info][gc,heap        ] GC(345) PSYoungGen: 61951K(290304K)->61951K(290304K) Eden: 61951K(61952K)->61951K(61952K) From: 0K(228352K)->0K(228352K)
[193.084s][info][gc,heap        ] GC(345) ParOldGen: 5324717K(5324800K)->5324717K(5324800K)
[193.084s][info][gc,metaspace   ] GC(345) Metaspace: 6299K(6464K)->6299K(6464K) NonClass: 5766K(5824K)->5766K(5824K) Class: 533K(640K)->533K(640K)
[193.084s][info][gc             ] GC(345) Pause Full (Ergonomics) 5260M->5260M(5483M) 1597.205ms
[193.084s][info][gc,cpu         ] GC(345) User=12.20s Sys=0.00s Real=1.60s
[193.084s][info][gc,start       ] GC(346) Pause Full (Ergonomics)
[193.084s][info][gc,phases,start] GC(346) Marking Phase
[194.318s][info][gc,phases      ] GC(346) Marking Phase 1233.985ms
[194.318s][info][gc,phases,start] GC(346) Summary Phase
[194.318s][info][gc,phases      ] GC(346) Summary Phase 0.058ms
[194.318s][info][gc,phases,start] GC(346) Adjust Roots
[194.319s][info][gc,phases      ] GC(346) Adjust Roots 0.187ms
[194.319s][info][gc,phases,start] GC(346) Compaction Phase
[194.666s][info][gc,phases      ] GC(346) Compaction Phase 347.780ms
[194.666s][info][gc,phases,start] GC(346) Post Compact
[194.674s][info][gc,phases      ] GC(346) Post Compact 7.388ms
[194.674s][info][gc,heap        ] GC(346) PSYoungGen: 61951K(290304K)->61951K(290304K) Eden: 61951K(61952K)->61951K(61952K) From: 0K(228352K)->0K(228352K)
[194.674s][info][gc,heap        ] GC(346) ParOldGen: 5324722K(5324800K)->5324722K(5324800K)
[194.674s][info][gc,metaspace   ] GC(346) Metaspace: 6299K(6464K)->6299K(6464K) NonClass: 5766K(5824K)->5766K(5824K) Class: 533K(640K)->533K(640K)
[194.674s][info][gc             ] GC(346) Pause Full (Ergonomics) 5260M->5260M(5483M) 1589.723ms
[194.674s][info][gc,cpu         ] GC(346) User=12.02s Sys=0.02s Real=1.59s
[194.674s][info][gc,start       ] GC(347) Pause Full (Ergonomics)
[194.674s][info][gc,phases,start] GC(347) Marking Phase
[195.927s][info][gc,phases      ] GC(347) Marking Phase 1252.288ms
[195.927s][info][gc,phases,start] GC(347) Summary Phase
[195.927s][info][gc,phases      ] GC(347) Summary Phase 0.064ms
[195.927s][info][gc,phases,start] GC(347) Adjust Roots
[195.927s][info][gc,phases      ] GC(347) Adjust Roots 0.179ms
[195.927s][info][gc,phases,start] GC(347) Compaction Phase
[196.272s][info][gc,phases      ] GC(347) Compaction Phase 345.088ms
[196.272s][info][gc,phases,start] GC(347) Post Compact
[196.280s][info][gc,phases      ] GC(347) Post Compact 7.593ms
[196.280s][info][gc,heap        ] GC(347) PSYoungGen: 61951K(290304K)->61951K(290304K) Eden: 61951K(61952K)->61951K(61952K) From: 0K(228352K)->0K(228352K)
[196.280s][info][gc,heap        ] GC(347) ParOldGen: 5324727K(5324800K)->5324727K(5324800K)
[196.280s][info][gc,metaspace   ] GC(347) Metaspace: 6299K(6464K)->6299K(6464K) NonClass: 5766K(5824K)->5766K(5824K) Class: 533K(640K)->533K(640K)
[196.280s][info][gc             ] GC(347) Pause Full (Ergonomics) 5260M->5260M(5483M) 1605.575ms
[196.280s][info][gc,cpu         ] GC(347) User=12.20s Sys=0.00s Real=1.61s
[196.280s][info][gc,start       ] GC(348) Pause Full (Ergonomics)
[196.280s][info][gc,phases,start] GC(348) Marking Phase
[197.529s][info][gc,phases      ] GC(348) Marking Phase 1248.721ms
[197.529s][info][gc,phases,start] GC(348) Summary Phase
[197.529s][info][gc,phases      ] GC(348) Summary Phase 0.062ms
[197.529s][info][gc,phases,start] GC(348) Adjust Roots
[197.529s][info][gc,phases      ] GC(348) Adjust Roots 0.213ms
[197.529s][info][gc,phases,start] GC(348) Compaction Phase
[197.872s][info][gc,phases      ] GC(348) Compaction Phase 342.902ms
[197.872s][info][gc,phases,start] GC(348) Post Compact
[197.880s][info][gc,phases      ] GC(348) Post Compact 7.856ms
[197.880s][info][gc,heap        ] GC(348) PSYoungGen: 61951K(290304K)->61951K(290304K) Eden: 61951K(61952K)->61951K(61952K) From: 0K(228352K)->0K(228352K)
[197.880s][info][gc,heap        ] GC(348) ParOldGen: 5324732K(5324800K)->5324732K(5324800K)
[197.880s][info][gc,metaspace   ] GC(348) Metaspace: 6299K(6464K)->6299K(6464K) NonClass: 5766K(5824K)->5766K(5824K) Class: 533K(640K)->533K(640K)
[197.880s][info][gc             ] GC(348) Pause Full (Ergonomics) 5260M->5260M(5483M) 1600.093ms
[197.880s][info][gc,cpu         ] GC(348) User=12.23s Sys=0.00s Real=1.60s
[197.880s][info][gc,start       ] GC(349) Pause Full (Ergonomics)
[197.880s][info][gc,phases,start] GC(349) Marking Phase
[199.093s][info][gc,phases      ] GC(349) Marking Phase 1213.152ms
[199.094s][info][gc,phases,start] GC(349) Summary Phase
[199.094s][info][gc,phases      ] GC(349) Summary Phase 0.084ms
[199.094s][info][gc,phases,start] GC(349) Adjust Roots
[199.094s][info][gc,phases      ] GC(349) Adjust Roots 0.222ms
[199.094s][info][gc,phases,start] GC(349) Compaction Phase
[199.438s][info][gc,phases      ] GC(349) Compaction Phase 343.701ms
[199.438s][info][gc,phases,start] GC(349) Post Compact
[199.445s][info][gc,phases      ] GC(349) Post Compact 7.470ms
[199.445s][info][gc,heap        ] GC(349) PSYoungGen: 61951K(290304K)->61951K(290304K) Eden: 61951K(61952K)->61951K(61952K) From: 0K(228352K)->0K(228352K)
[199.445s][info][gc,heap        ] GC(349) ParOldGen: 5324736K(5324800K)->5324736K(5324800K)
[199.445s][info][gc,metaspace   ] GC(349) Metaspace: 6299K(6464K)->6299K(6464K) NonClass: 5766K(5824K)->5766K(5824K) Class: 533K(640K)->533K(640K)
[199.445s][info][gc             ] GC(349) Pause Full (Ergonomics) 5260M->5260M(5483M) 1564.974ms
[199.445s][info][gc,cpu         ] GC(349) User=11.98s Sys=0.00s Real=1.57s
[199.445s][info][gc,start       ] GC(350) Pause Full (Ergonomics)
[199.446s][info][gc,phases,start] GC(350) Marking Phase
[200.698s][info][gc,phases      ] GC(350) Marking Phase 1252.302ms
[200.698s][info][gc,phases,start] GC(350) Summary Phase
[200.698s][info][gc,phases      ] GC(350) Summary Phase 0.056ms
[200.698s][info][gc,phases,start] GC(350) Adjust Roots
[200.698s][info][gc,phases      ] GC(350) Adjust Roots 0.164ms
[200.698s][info][gc,phases,start] GC(350) Compaction Phase
[201.045s][info][gc,phases      ] GC(350) Compaction Phase 347.054ms
[201.045s][info][gc,phases,start] GC(350) Post Compact
[201.053s][info][gc,phases      ] GC(350) Post Compact 7.321ms
[201.053s][info][gc,heap        ] GC(350) PSYoungGen: 61951K(290304K)->61951K(290304K) Eden: 61951K(61952K)->61951K(61952K) From: 0K(228352K)->0K(228352K)
[201.053s][info][gc,heap        ] GC(350) ParOldGen: 5324741K(5324800K)->5324741K(5324800K)
[201.053s][info][gc,metaspace   ] GC(350) Metaspace: 6299K(6464K)->6299K(6464K) NonClass: 5766K(5824K)->5766K(5824K) Class: 533K(640K)->533K(640K)
[201.053s][info][gc             ] GC(350) Pause Full (Ergonomics) 5260M->5260M(5483M) 1607.194ms
[201.053s][info][gc,cpu         ] GC(350) User=11.98s Sys=0.00s Real=1.61s
[201.053s][info][gc,start       ] GC(351) Pause Full (Ergonomics)
[201.053s][info][gc,phases,start] GC(351) Marking Phase
[202.312s][info][gc,phases      ] GC(351) Marking Phase 1259.471ms
[202.312s][info][gc,phases,start] GC(351) Summary Phase
[202.312s][info][gc,phases      ] GC(351) Summary Phase 0.058ms
[202.312s][info][gc,phases,start] GC(351) Adjust Roots
[202.313s][info][gc,phases      ] GC(351) Adjust Roots 0.169ms
[202.313s][info][gc,phases,start] GC(351) Compaction Phase
[202.670s][info][gc,phases      ] GC(351) Compaction Phase 357.088ms
[202.670s][info][gc,phases,start] GC(351) Post Compact
[202.677s][info][gc,phases      ] GC(351) Post Compact 7.362ms
[202.677s][info][gc,heap        ] GC(351) PSYoungGen: 61951K(290304K)->61951K(290304K) Eden: 61951K(61952K)->61951K(61952K) From: 0K(228352K)->0K(228352K)
[202.677s][info][gc,heap        ] GC(351) ParOldGen: 5324746K(5324800K)->5324746K(5324800K)
[202.677s][info][gc,metaspace   ] GC(351) Metaspace: 6299K(6464K)->6299K(6464K) NonClass: 5766K(5824K)->5766K(5824K) Class: 533K(640K)->533K(640K)
[202.677s][info][gc             ] GC(351) Pause Full (Ergonomics) 5260M->5260M(5483M) 1624.584ms
[202.677s][info][gc,cpu         ] GC(351) User=12.08s Sys=0.03s Real=1.62s
[202.678s][info][gc,start       ] GC(352) Pause Full (Ergonomics)
[202.678s][info][gc,phases,start] GC(352) Marking Phase
[203.959s][info][gc,phases      ] GC(352) Marking Phase 1281.400ms
[203.959s][info][gc,phases,start] GC(352) Summary Phase
[203.959s][info][gc,phases      ] GC(352) Summary Phase 0.098ms
[203.959s][info][gc,phases,start] GC(352) Adjust Roots
[203.960s][info][gc,phases      ] GC(352) Adjust Roots 0.267ms
[203.960s][info][gc,phases,start] GC(352) Compaction Phase
[204.338s][info][gc,phases      ] GC(352) Compaction Phase 378.593ms
[204.338s][info][gc,phases,start] GC(352) Post Compact
[204.347s][info][gc,phases      ] GC(352) Post Compact 8.716ms
[204.347s][info][gc,heap        ] GC(352) PSYoungGen: 61951K(290304K)->61951K(290304K) Eden: 61951K(61952K)->61951K(61952K) From: 0K(228352K)->0K(228352K)
[204.347s][info][gc,heap        ] GC(352) ParOldGen: 5324751K(5324800K)->5324751K(5324800K)
[204.347s][info][gc,metaspace   ] GC(352) Metaspace: 6299K(6464K)->6299K(6464K) NonClass: 5766K(5824K)->5766K(5824K) Class: 533K(640K)->533K(640K)
[204.347s][info][gc             ] GC(352) Pause Full (Ergonomics) 5260M->5260M(5483M) 1669.466ms
[204.347s][info][gc,cpu         ] GC(352) User=11.89s Sys=0.02s Real=1.67s
[204.347s][info][gc,start       ] GC(353) Pause Full (Ergonomics)
[204.347s][info][gc,phases,start] GC(353) Marking Phase
[205.635s][info][gc,phases      ] GC(353) Marking Phase 1287.260ms
[205.635s][info][gc,phases,start] GC(353) Summary Phase
[205.635s][info][gc,phases      ] GC(353) Summary Phase 0.068ms
[205.635s][info][gc,phases,start] GC(353) Adjust Roots
[205.635s][info][gc,phases      ] GC(353) Adjust Roots 0.201ms
[205.635s][info][gc,phases,start] GC(353) Compaction Phase
[206.024s][info][gc,phases      ] GC(353) Compaction Phase 389.278ms
[206.024s][info][gc,phases,start] GC(353) Post Compact
[206.033s][info][gc,phases      ] GC(353) Post Compact 8.731ms
[206.033s][info][gc,heap        ] GC(353) PSYoungGen: 61951K(290304K)->61951K(290304K) Eden: 61951K(61952K)->61951K(61952K) From: 0K(228352K)->0K(228352K)
[206.033s][info][gc,heap        ] GC(353) ParOldGen: 5324756K(5324800K)->5324756K(5324800K)
[206.033s][info][gc,metaspace   ] GC(353) Metaspace: 6299K(6464K)->6299K(6464K) NonClass: 5766K(5824K)->5766K(5824K) Class: 533K(640K)->533K(640K)
[206.033s][info][gc             ] GC(353) Pause Full (Ergonomics) 5260M->5260M(5483M) 1685.880ms
[206.033s][info][gc,cpu         ] GC(353) User=12.02s Sys=0.02s Real=1.69s
[206.033s][info][gc,start       ] GC(354) Pause Full (Ergonomics)
[206.033s][info][gc,phases,start] GC(354) Marking Phase
[207.332s][info][gc,phases      ] GC(354) Marking Phase 1298.716ms
[207.332s][info][gc,phases,start] GC(354) Summary Phase
[207.332s][info][gc,phases      ] GC(354) Summary Phase 0.062ms
[207.332s][info][gc,phases,start] GC(354) Adjust Roots
[207.333s][info][gc,phases      ] GC(354) Adjust Roots 0.169ms
[207.333s][info][gc,phases,start] GC(354) Compaction Phase
[207.680s][info][gc,phases      ] GC(354) Compaction Phase 347.297ms
[207.680s][info][gc,phases,start] GC(354) Post Compact
[207.687s][info][gc,phases      ] GC(354) Post Compact 6.857ms
[207.687s][info][gc,heap        ] GC(354) PSYoungGen: 61951K(290304K)->61951K(290304K) Eden: 61951K(61952K)->61951K(61952K) From: 0K(228352K)->0K(228352K)
[207.687s][info][gc,heap        ] GC(354) ParOldGen: 5324761K(5324800K)->5324761K(5324800K)
[207.687s][info][gc,metaspace   ] GC(354) Metaspace: 6299K(6464K)->6299K(6464K) NonClass: 5766K(5824K)->5766K(5824K) Class: 533K(640K)->533K(640K)
[207.687s][info][gc             ] GC(354) Pause Full (Ergonomics) 5260M->5260M(5483M) 1653.389ms
[207.687s][info][gc,cpu         ] GC(354) User=12.02s Sys=0.02s Real=1.65s
[207.687s][info][gc,start       ] GC(355) Pause Full (Ergonomics)
[207.687s][info][gc,phases,start] GC(355) Marking Phase
[208.946s][info][gc,phases      ] GC(355) Marking Phase 1259.399ms
[208.946s][info][gc,phases,start] GC(355) Summary Phase
[208.947s][info][gc,phases      ] GC(355) Summary Phase 0.060ms
[208.947s][info][gc,phases,start] GC(355) Adjust Roots
[208.947s][info][gc,phases      ] GC(355) Adjust Roots 0.180ms
[208.947s][info][gc,phases,start] GC(355) Compaction Phase
[209.291s][info][gc,phases      ] GC(355) Compaction Phase 343.928ms
[209.291s][info][gc,phases,start] GC(355) Post Compact
[209.298s][info][gc,phases      ] GC(355) Post Compact 6.873ms
[209.298s][info][gc,heap        ] GC(355) PSYoungGen: 61951K(290304K)->61951K(290304K) Eden: 61951K(61952K)->61951K(61952K) From: 0K(228352K)->0K(228352K)
[209.298s][info][gc,heap        ] GC(355) ParOldGen: 5324765K(5324800K)->5324765K(5324800K)
[209.298s][info][gc,metaspace   ] GC(355) Metaspace: 6299K(6464K)->6299K(6464K) NonClass: 5766K(5824K)->5766K(5824K) Class: 533K(640K)->533K(640K)
[209.298s][info][gc             ] GC(355) Pause Full (Ergonomics) 5260M->5260M(5483M) 1610.735ms
[209.298s][info][gc,cpu         ] GC(355) User=12.50s Sys=0.00s Real=1.61s
[209.298s][info][gc,start       ] GC(356) Pause Full (Ergonomics)
[209.298s][info][gc,phases,start] GC(356) Marking Phase
[210.558s][info][gc,phases      ] GC(356) Marking Phase 1260.532ms
[210.559s][info][gc,phases,start] GC(356) Summary Phase
[210.559s][info][gc,phases      ] GC(356) Summary Phase 0.063ms
[210.559s][info][gc,phases,start] GC(356) Adjust Roots
[210.559s][info][gc,phases      ] GC(356) Adjust Roots 0.216ms
[210.559s][info][gc,phases,start] GC(356) Compaction Phase
[210.902s][info][gc,phases      ] GC(356) Compaction Phase 343.311ms
[210.902s][info][gc,phases,start] GC(356) Post Compact
[210.909s][info][gc,phases      ] GC(356) Post Compact 6.881ms
[210.909s][info][gc,heap        ] GC(356) PSYoungGen: 61951K(290304K)->61951K(290304K) Eden: 61951K(61952K)->61951K(61952K) From: 0K(228352K)->0K(228352K)
[210.909s][info][gc,heap        ] GC(356) ParOldGen: 5324770K(5324800K)->5324770K(5324800K)
[210.909s][info][gc,metaspace   ] GC(356) Metaspace: 6299K(6464K)->6299K(6464K) NonClass: 5766K(5824K)->5766K(5824K) Class: 533K(640K)->533K(640K)
[210.909s][info][gc             ] GC(356) Pause Full (Ergonomics) 5260M->5260M(5483M) 1611.295ms
[210.909s][info][gc,cpu         ] GC(356) User=12.33s Sys=0.00s Real=1.61s
[210.909s][info][gc,start       ] GC(357) Pause Full (Ergonomics)
[210.909s][info][gc,phases,start] GC(357) Marking Phase
[212.173s][info][gc,phases      ] GC(357) Marking Phase 1263.799ms
[212.173s][info][gc,phases,start] GC(357) Summary Phase
[212.173s][info][gc,phases      ] GC(357) Summary Phase 0.086ms
[212.173s][info][gc,phases,start] GC(357) Adjust Roots
[212.174s][info][gc,phases      ] GC(357) Adjust Roots 0.282ms
[212.174s][info][gc,phases,start] GC(357) Compaction Phase
[212.510s][info][gc,phases      ] GC(357) Compaction Phase 335.990ms
[212.510s][info][gc,phases,start] GC(357) Post Compact
[212.517s][info][gc,phases      ] GC(357) Post Compact 6.725ms
[212.517s][info][gc,heap        ] GC(357) PSYoungGen: 61951K(290304K)->61951K(290304K) Eden: 61951K(61952K)->61951K(61952K) From: 0K(228352K)->0K(228352K)
[212.517s][info][gc,heap        ] GC(357) ParOldGen: 5324775K(5324800K)->5324775K(5324800K)
[212.517s][info][gc,metaspace   ] GC(357) Metaspace: 6299K(6464K)->6299K(6464K) NonClass: 5766K(5824K)->5766K(5824K) Class: 533K(640K)->533K(640K)
[212.517s][info][gc             ] GC(357) Pause Full (Ergonomics) 5260M->5260M(5483M) 1607.204ms
[212.517s][info][gc,cpu         ] GC(357) User=12.14s Sys=0.02s Real=1.61s
[212.517s][info][gc,start       ] GC(358) Pause Full (Ergonomics)
[212.517s][info][gc,phases,start] GC(358) Marking Phase
[213.784s][info][gc,phases      ] GC(358) Marking Phase 1267.410ms
[213.784s][info][gc,phases,start] GC(358) Summary Phase
[213.784s][info][gc,phases      ] GC(358) Summary Phase 0.058ms
[213.784s][info][gc,phases,start] GC(358) Adjust Roots
[213.785s][info][gc,phases      ] GC(358) Adjust Roots 0.167ms
[213.785s][info][gc,phases,start] GC(358) Compaction Phase
[214.135s][info][gc,phases      ] GC(358) Compaction Phase 350.016ms
[214.135s][info][gc,phases,start] GC(358) Post Compact
[214.142s][info][gc,phases      ] GC(358) Post Compact 7.337ms
[214.142s][info][gc,heap        ] GC(358) PSYoungGen: 61951K(290304K)->61951K(290304K) Eden: 61951K(61952K)->61951K(61952K) From: 0K(228352K)->0K(228352K)
[214.142s][info][gc,heap        ] GC(358) ParOldGen: 5324780K(5324800K)->5324780K(5324800K)
[214.142s][info][gc,metaspace   ] GC(358) Metaspace: 6299K(6464K)->6299K(6464K) NonClass: 5766K(5824K)->5766K(5824K) Class: 533K(640K)->533K(640K)
[214.142s][info][gc             ] GC(358) Pause Full (Ergonomics) 5260M->5260M(5483M) 1625.259ms
[214.142s][info][gc,cpu         ] GC(358) User=12.52s Sys=0.00s Real=1.62s
[214.142s][info][gc,start       ] GC(359) Pause Full (Ergonomics)
[214.142s][info][gc,phases,start] GC(359) Marking Phase
[215.397s][info][gc,phases      ] GC(359) Marking Phase 1254.603ms
[215.397s][info][gc,phases,start] GC(359) Summary Phase
[215.397s][info][gc,phases      ] GC(359) Summary Phase 0.063ms
[215.397s][info][gc,phases,start] GC(359) Adjust Roots
[215.397s][info][gc,phases      ] GC(359) Adjust Roots 0.166ms
[215.397s][info][gc,phases,start] GC(359) Compaction Phase
[215.733s][info][gc,phases      ] GC(359) Compaction Phase 336.275ms
[215.734s][info][gc,phases,start] GC(359) Post Compact
[215.741s][info][gc,phases      ] GC(359) Post Compact 7.211ms
[215.741s][info][gc,heap        ] GC(359) PSYoungGen: 61951K(290304K)->61951K(290304K) Eden: 61951K(61952K)->61951K(61952K) From: 0K(228352K)->0K(228352K)
[215.741s][info][gc,heap        ] GC(359) ParOldGen: 5324785K(5324800K)->5324785K(5324800K)
[215.741s][info][gc,metaspace   ] GC(359) Metaspace: 6299K(6464K)->6299K(6464K) NonClass: 5766K(5824K)->5766K(5824K) Class: 533K(640K)->533K(640K)
[215.741s][info][gc             ] GC(359) Pause Full (Ergonomics) 5260M->5260M(5483M) 1598.636ms
[215.741s][info][gc,cpu         ] GC(359) User=12.23s Sys=0.02s Real=1.60s
[215.741s][info][gc,start       ] GC(360) Pause Full (Ergonomics)
[215.741s][info][gc,phases,start] GC(360) Marking Phase
[216.974s][info][gc,phases      ] GC(360) Marking Phase 1232.964ms
[216.974s][info][gc,phases,start] GC(360) Summary Phase
[216.974s][info][gc,phases      ] GC(360) Summary Phase 0.064ms
[216.974s][info][gc,phases,start] GC(360) Adjust Roots
[216.974s][info][gc,phases      ] GC(360) Adjust Roots 0.236ms
[216.974s][info][gc,phases,start] GC(360) Compaction Phase
[217.317s][info][gc,phases      ] GC(360) Compaction Phase 342.474ms
[217.317s][info][gc,phases,start] GC(360) Post Compact
[217.324s][info][gc,phases      ] GC(360) Post Compact 7.382ms
[217.324s][info][gc,heap        ] GC(360) PSYoungGen: 61951K(290304K)->61951K(290304K) Eden: 61951K(61952K)->61951K(61952K) From: 0K(228352K)->0K(228352K)
[217.324s][info][gc,heap        ] GC(360) ParOldGen: 5324790K(5324800K)->5324790K(5324800K)
[217.324s][info][gc,metaspace   ] GC(360) Metaspace: 6299K(6464K)->6299K(6464K) NonClass: 5766K(5824K)->5766K(5824K) Class: 533K(640K)->533K(640K)
[217.324s][info][gc             ] GC(360) Pause Full (Ergonomics) 5260M->5260M(5483M) 1583.405ms
[217.324s][info][gc,cpu         ] GC(360) User=12.00s Sys=0.00s Real=1.58s
[217.325s][info][gc,start       ] GC(361) Pause Full (Ergonomics)
[217.325s][info][gc,phases,start] GC(361) Marking Phase
[218.581s][info][gc,phases      ] GC(361) Marking Phase 1256.757ms
[218.581s][info][gc,phases,start] GC(361) Summary Phase
[218.581s][info][gc,phases      ] GC(361) Summary Phase 0.057ms
[218.582s][info][gc,phases,start] GC(361) Adjust Roots
[218.582s][info][gc,phases      ] GC(361) Adjust Roots 0.169ms
[218.582s][info][gc,phases,start] GC(361) Compaction Phase
[218.925s][info][gc,phases      ] GC(361) Compaction Phase 343.783ms
[218.926s][info][gc,phases,start] GC(361) Post Compact
[218.932s][info][gc,phases      ] GC(361) Post Compact 6.694ms
[218.932s][info][gc,heap        ] GC(361) PSYoungGen: 61951K(290304K)->61951K(290304K) Eden: 61951K(61952K)->61951K(61952K) From: 0K(228352K)->0K(228352K)
[218.932s][info][gc,heap        ] GC(361) ParOldGen: 5324794K(5324800K)->5324794K(5324800K)
[218.932s][info][gc,metaspace   ] GC(361) Metaspace: 6299K(6464K)->6299K(6464K) NonClass: 5766K(5824K)->5766K(5824K) Class: 533K(640K)->533K(640K)
[218.932s][info][gc             ] GC(361) Pause Full (Ergonomics) 5260M->5260M(5483M) 1607.742ms
[218.932s][info][gc,cpu         ] GC(361) User=12.30s Sys=0.02s Real=1.61s
[218.932s][info][gc,start       ] GC(362) Pause Full (Ergonomics)
[218.933s][info][gc,phases,start] GC(362) Marking Phase
[220.192s][info][gc,phases      ] GC(362) Marking Phase 1259.333ms
[220.192s][info][gc,phases,start] GC(362) Summary Phase
[220.192s][info][gc,phases      ] GC(362) Summary Phase 0.059ms
[220.192s][info][gc,phases,start] GC(362) Adjust Roots
[220.192s][info][gc,phases      ] GC(362) Adjust Roots 0.168ms
[220.192s][info][gc,phases,start] GC(362) Compaction Phase
[220.531s][info][gc,phases      ] GC(362) Compaction Phase 339.141ms
[220.531s][info][gc,phases,start] GC(362) Post Compact
[220.538s][info][gc,phases      ] GC(362) Post Compact 6.966ms
[220.538s][info][gc,heap        ] GC(362) PSYoungGen: 61951K(290304K)->61951K(290304K) Eden: 61951K(61952K)->61951K(61952K) From: 0K(228352K)->0K(228352K)
[220.538s][info][gc,heap        ] GC(362) ParOldGen: 5324799K(5324800K)->5324799K(5324800K)
[220.538s][info][gc,metaspace   ] GC(362) Metaspace: 6299K(6464K)->6299K(6464K) NonClass: 5766K(5824K)->5766K(5824K) Class: 533K(640K)->533K(640K)
[220.538s][info][gc             ] GC(362) Pause Full (Ergonomics) 5260M->5260M(5483M) 1605.947ms
[220.538s][info][gc,cpu         ] GC(362) User=12.25s Sys=0.02s Real=1.61s
[220.539s][info][gc,start       ] GC(363) Pause Full (Ergonomics)
[220.539s][info][gc,phases,start] GC(363) Marking Phase
[221.812s][info][gc,phases      ] GC(363) Marking Phase 1273.781ms
[221.812s][info][gc,phases,start] GC(363) Summary Phase
[221.813s][info][gc,phases      ] GC(363) Summary Phase 0.096ms
[221.813s][info][gc,phases,start] GC(363) Adjust Roots
[221.813s][info][gc,phases      ] GC(363) Adjust Roots 0.234ms
[221.813s][info][gc,phases,start] GC(363) Compaction Phase
[222.161s][info][gc,phases      ] GC(363) Compaction Phase 348.661ms
[222.162s][info][gc,phases,start] GC(363) Post Compact
[222.169s][info][gc,phases      ] GC(363) Post Compact 7.882ms
[222.169s][info][gc,heap        ] GC(363) PSYoungGen: 61951K(290304K)->61951K(290304K) Eden: 61951K(61952K)->61951K(61952K) From: 0K(228352K)->0K(228352K)
[222.169s][info][gc,heap        ] GC(363) ParOldGen: 5324799K(5324800K)->5324799K(5324800K)
[222.170s][info][gc,metaspace   ] GC(363) Metaspace: 6299K(6464K)->6299K(6464K) NonClass: 5766K(5824K)->5766K(5824K) Class: 533K(640K)->533K(640K)
[222.170s][info][gc             ] GC(363) Pause Full (Ergonomics) 5260M->5260M(5483M) 1630.967ms
[222.170s][info][gc,cpu         ] GC(363) User=12.47s Sys=0.02s Real=1.63s
[222.170s][info][gc,start       ] GC(364) Pause Full (Allocation Failure)
[222.170s][info][gc,phases,start] GC(364) Marking Phase
[223.420s][info][gc,phases      ] GC(364) Marking Phase 1250.599ms
[223.420s][info][gc,phases,start] GC(364) Summary Phase
[223.420s][info][gc,phases      ] GC(364) Summary Phase 0.060ms
[223.420s][info][gc,phases,start] GC(364) Adjust Roots
[223.421s][info][gc,phases      ] GC(364) Adjust Roots 0.399ms
[223.421s][info][gc,phases,start] GC(364) Compaction Phase
[224.770s][info][gc,phases      ] GC(364) Compaction Phase 1349.019ms
[224.770s][info][gc,phases,start] GC(364) Post Compact
[224.778s][info][gc,phases      ] GC(364) Post Compact 7.819ms
[224.778s][info][gc,heap        ] GC(364) PSYoungGen: 61951K(290304K)->61951K(290304K) Eden: 61951K(61952K)->61951K(61952K) From: 0K(228352K)->0K(228352K)
[224.778s][info][gc,heap        ] GC(364) ParOldGen: 5324799K(5324800K)->5324795K(5324800K)
[224.778s][info][gc,metaspace   ] GC(364) Metaspace: 6299K(6464K)->6298K(6464K) NonClass: 5766K(5824K)->5765K(5824K) Class: 533K(640K)->532K(640K)
[224.778s][info][gc             ] GC(364) Pause Full (Allocation Failure) 5260M->5260M(5483M) 2608.192ms
[224.778s][info][gc,cpu         ] GC(364) User=19.52s Sys=0.03s Real=2.61s
[224.778s][info][gc,start       ] GC(365) Pause Full (Ergonomics)
[224.778s][info][gc,phases,start] GC(365) Marking Phase
[226.008s][info][gc,phases      ] GC(365) Marking Phase 1229.565ms
[226.008s][info][gc,phases,start] GC(365) Summary Phase
[226.008s][info][gc,phases      ] GC(365) Summary Phase 0.056ms
[226.008s][info][gc,phases,start] GC(365) Adjust Roots
[226.008s][info][gc,phases      ] GC(365) Adjust Roots 0.168ms
[226.008s][info][gc,phases,start] GC(365) Compaction Phase
[226.344s][info][gc,phases      ] GC(365) Compaction Phase 335.504ms
[226.344s][info][gc,phases,start] GC(365) Post Compact
[226.350s][info][gc,phases      ] GC(365) Post Compact 6.721ms
[226.350s][info][gc,heap        ] GC(365) PSYoungGen: 61951K(290304K)->61951K(290304K) Eden: 61951K(61952K)->61951K(61952K) From: 0K(228352K)->0K(228352K)
[226.350s][info][gc,heap        ] GC(365) ParOldGen: 5324799K(5324800K)->5324799K(5324800K)
[226.350s][info][gc,metaspace   ] GC(365) Metaspace: 6298K(6464K)->6298K(6464K) NonClass: 5765K(5824K)->5765K(5824K) Class: 532K(640K)->532K(640K)
[226.351s][info][gc             ] GC(365) Pause Full (Ergonomics) 5260M->5260M(5483M) 1572.306ms
[226.351s][info][gc,cpu         ] GC(365) User=12.03s Sys=0.00s Real=1.57s
[226.351s][info][gc,start       ] GC(366) Pause Full (Allocation Failure)
[226.351s][info][gc,phases,start] GC(366) Marking Phase
[227.591s][info][gc,phases      ] GC(366) Marking Phase 1240.417ms
[227.591s][info][gc,phases,start] GC(366) Summary Phase
[227.591s][info][gc,phases      ] GC(366) Summary Phase 0.076ms
[227.591s][info][gc,phases,start] GC(366) Adjust Roots
[227.591s][info][gc,phases      ] GC(366) Adjust Roots 0.210ms
[227.591s][info][gc,phases,start] GC(366) Compaction Phase
[227.929s][info][gc,phases      ] GC(366) Compaction Phase 338.003ms
[227.929s][info][gc,phases,start] GC(366) Post Compact
[227.937s][info][gc,phases      ] GC(366) Post Compact 7.022ms
[227.937s][info][gc,heap        ] GC(366) PSYoungGen: 61951K(290304K)->61951K(290304K) Eden: 61951K(61952K)->61951K(61952K) From: 0K(228352K)->0K(228352K)
[227.937s][info][gc,heap        ] GC(366) ParOldGen: 5324799K(5324800K)->5324799K(5324800K)
[227.937s][info][gc,metaspace   ] GC(366) Metaspace: 6298K(6464K)->6298K(6464K) NonClass: 5765K(5824K)->5765K(5824K) Class: 532K(640K)->532K(640K)
[227.937s][info][gc             ] GC(366) Pause Full (Allocation Failure) 5260M->5260M(5483M) 1586.018ms
[227.937s][info][gc,cpu         ] GC(366) User=12.27s Sys=0.00s Real=1.59s
[227.937s][info][gc,start       ] GC(367) Pause Full (Ergonomics)
[227.937s][info][gc,phases,start] GC(367) Marking Phase
[229.178s][info][gc,phases      ] GC(367) Marking Phase 1241.256ms
[229.178s][info][gc,phases,start] GC(367) Summary Phase
[229.178s][info][gc,phases      ] GC(367) Summary Phase 0.062ms
[229.178s][info][gc,phases,start] GC(367) Adjust Roots
[229.179s][info][gc,phases      ] GC(367) Adjust Roots 0.272ms
[229.179s][info][gc,phases,start] GC(367) Compaction Phase
[230.545s][info][gc,phases      ] GC(367) Compaction Phase 1366.240ms
[230.545s][info][gc,phases,start] GC(367) Post Compact
[230.553s][info][gc,phases      ] GC(367) Post Compact 7.973ms
[230.553s][info][gc,heap        ] GC(367) PSYoungGen: 61951K(290304K)->61951K(290304K) Eden: 61951K(61952K)->61951K(61952K) From: 0K(228352K)->0K(228352K)
[230.553s][info][gc,heap        ] GC(367) ParOldGen: 5324800K(5324800K)->5324798K(5324800K)
[230.553s][info][gc,metaspace   ] GC(367) Metaspace: 6298K(6464K)->6298K(6464K) NonClass: 5765K(5824K)->5765K(5824K) Class: 532K(640K)->532K(640K)
[230.553s][info][gc             ] GC(367) Pause Full (Ergonomics) 5260M->5260M(5483M) 2616.145ms
[230.553s][info][gc,cpu         ] GC(367) User=19.69s Sys=0.00s Real=2.62s
[230.553s][info][gc,start       ] GC(368) Pause Full (Ergonomics)
[230.553s][info][gc,phases,start] GC(368) Marking Phase
[231.774s][info][gc,phases      ] GC(368) Marking Phase 1220.916ms
[231.774s][info][gc,phases,start] GC(368) Summary Phase
[231.775s][info][gc,phases      ] GC(368) Summary Phase 0.060ms
[231.775s][info][gc,phases,start] GC(368) Adjust Roots
[231.775s][info][gc,phases      ] GC(368) Adjust Roots 0.181ms
[231.775s][info][gc,phases,start] GC(368) Compaction Phase
[232.112s][info][gc,phases      ] GC(368) Compaction Phase 337.649ms
[232.112s][info][gc,phases,start] GC(368) Post Compact
[232.119s][info][gc,phases      ] GC(368) Post Compact 6.822ms
[232.119s][info][gc,heap        ] GC(368) PSYoungGen: 61952K(290304K)->61952K(290304K) Eden: 61952K(61952K)->61952K(61952K) From: 0K(228352K)->0K(228352K)
[232.119s][info][gc,heap        ] GC(368) ParOldGen: 5324798K(5324800K)->5324798K(5324800K)
[232.119s][info][gc,metaspace   ] GC(368) Metaspace: 6298K(6464K)->6298K(6464K) NonClass: 5765K(5824K)->5765K(5824K) Class: 532K(640K)->532K(640K)
[232.119s][info][gc             ] GC(368) Pause Full (Ergonomics) 5260M->5260M(5483M) 1565.896ms
[232.119s][info][gc,cpu         ] GC(368) User=12.08s Sys=0.00s Real=1.57s
[232.120s][info][gc,start       ] GC(369) Pause Full (Ergonomics)
[232.120s][info][gc,phases,start] GC(369) Marking Phase
[233.376s][info][gc,phases      ] GC(369) Marking Phase 1255.079ms
[233.376s][info][gc,phases,start] GC(369) Summary Phase
[233.376s][info][gc,phases      ] GC(369) Summary Phase 0.063ms
[233.376s][info][gc,phases,start] GC(369) Adjust Roots
[233.376s][info][gc,phases      ] GC(369) Adjust Roots 0.248ms
[233.376s][info][gc,phases,start] GC(369) Compaction Phase
[234.747s][info][gc,phases      ] GC(369) Compaction Phase 1371.144ms
[234.747s][info][gc,phases,start] GC(369) Post Compact
[234.755s][info][gc,phases      ] GC(369) Post Compact 7.865ms
[234.755s][info][gc,heap        ] GC(369) PSYoungGen: 61952K(290304K)->61952K(290304K) Eden: 61952K(61952K)->61952K(61952K) From: 0K(228352K)->0K(228352K)
[234.755s][info][gc,heap        ] GC(369) ParOldGen: 5324799K(5324800K)->5324797K(5324800K)
[234.755s][info][gc,metaspace   ] GC(369) Metaspace: 6299K(6464K)->6299K(6464K) NonClass: 5765K(5824K)->5765K(5824K) Class: 533K(640K)->533K(640K)
[234.755s][info][gc             ] GC(369) Pause Full (Ergonomics) 5260M->5260M(5483M) 2634.714ms
[234.755s][info][gc,cpu         ] GC(369) User=19.77s Sys=0.02s Real=2.63s
[234.756s][info][gc,heap,exit   ] Heap
[234.756s][info][gc,heap,exit   ]  PSYoungGen      total 290304K, used 61952K [0x000000075d800000, 0x000000077db00000, 0x0000000800000000)
[234.756s][info][gc,heap,exit   ]   eden space 61952K, 100% used [0x000000075d800000,0x0000000761480000,0x0000000761480000)
[234.756s][info][gc,heap,exit   ]   from space 228352K, 0% used [0x000000076f380000,0x000000076f380000,0x000000077d280000)
[234.756s][info][gc,heap,exit   ]   to   space 228352K, 0% used [0x0000000761480000,0x0000000761480000,0x000000076f380000)
[234.756s][info][gc,heap,exit   ]  ParOldGen       total 5324800K, used 5324798K [0x0000000618800000, 0x000000075d800000, 0x000000075d800000)
[234.756s][info][gc,heap,exit   ]   object space 5324800K, 99% used [0x0000000618800000,0x000000075d7ff800,0x000000075d800000)
[234.756s][info][gc,heap,exit   ]  Metaspace       used 6302K, committed 6464K, reserved 1114112K
[234.756s][info][gc,heap,exit   ]   class space    used 534K, committed 640K, reserved 1048576K
