[0.013s][info][gc,init] CardTable entry size: 512
[0.013s][info][gc     ] Using Parallel
[0.015s][info][gc,init] Version: 18.0.1+10 (release)
[0.015s][info][gc,init] CPUs: 8 total, 8 available
[0.015s][info][gc,init] Memory: 16063M
[0.015s][info][gc,init] Large Page Support: Disabled
[0.015s][info][gc,init] NUMA Support: Disabled
[0.015s][info][gc,init] Compressed Oops: Enabled (Zero based)
[0.015s][info][gc,init] Alignments: Space 512K, Generation 512K, Heap 2M
[0.015s][info][gc,init] Heap Min Capacity: 2M
[0.015s][info][gc,init] Heap Initial Capacity: 2M
[0.015s][info][gc,init] Heap Max Capacity: 15000M
[0.015s][info][gc,init] Pre-touch: Disabled
[0.015s][info][gc,init] Parallel Workers: 8
[0.015s][info][gc,metaspace] CDS archive(s) not mapped
[0.015s][info][gc,metaspace] Compressed class space mapped at: 0x0000000800000000-0x0000000840000000, reserved size: 1073741824
[0.015s][info][gc,metaspace] Narrow klass base: 0x0000000800000000, Narrow klass shift: 0, Narrow klass range: 0x40000000
[0.120s][info][gc,start    ] GC(0) Pause Young (Allocation Failure)
[0.121s][info][gc,heap     ] GC(0) PSYoungGen: 512K(1024K)->480K(1024K) Eden: 512K(512K)->0K(512K) From: 0K(512K)->480K(512K)
[0.121s][info][gc,heap     ] GC(0) ParOldGen: 0K(512K)->8K(512K)
[0.121s][info][gc,metaspace] GC(0) Metaspace: 4230K(4352K)->4230K(4352K) NonClass: 3909K(3968K)->3909K(3968K) Class: 321K(384K)->321K(384K)
[0.121s][info][gc          ] GC(0) Pause Young (Allocation Failure) 0M->0M(1M) 1.643ms
[0.121s][info][gc,cpu      ] GC(0) User=0.00s Sys=0.00s Real=0.00s
[0.189s][info][gc,start    ] GC(1) Pause Young (Allocation Failure)
[0.190s][info][gc,heap     ] GC(1) PSYoungGen: 991K(1024K)->512K(1536K) Eden: 511K(512K)->0K(1024K) From: 480K(512K)->512K(512K)
[0.190s][info][gc,heap     ] GC(1) ParOldGen: 8K(512K)->80K(512K)
[0.190s][info][gc,metaspace] GC(1) Metaspace: 5881K(6016K)->5881K(6016K) NonClass: 5385K(5504K)->5385K(5504K) Class: 496K(512K)->496K(512K)
[0.190s][info][gc          ] GC(1) Pause Young (Allocation Failure) 0M->0M(2M) 1.035ms
[0.190s][info][gc,cpu      ] GC(1) User=0.00s Sys=0.00s Real=0.00s
[0.213s][info][gc,start    ] GC(2) Pause Young (Allocation Failure)
[0.214s][info][gc,heap     ] GC(2) PSYoungGen: 1536K(1536K)->512K(1536K) Eden: 1024K(1024K)->0K(1024K) From: 512K(512K)->512K(512K)
[0.214s][info][gc,heap     ] GC(2) ParOldGen: 80K(512K)->496K(512K)
[0.214s][info][gc,metaspace] GC(2) Metaspace: 6300K(6528K)->6300K(6528K) NonClass: 5767K(5888K)->5767K(5888K) Class: 533K(640K)->533K(640K)
[0.214s][info][gc          ] GC(2) Pause Young (Allocation Failure) 1M->0M(2M) 1.161ms
[0.214s][info][gc,cpu      ] GC(2) User=0.00s Sys=0.00s Real=0.00s
[0.215s][info][gc,start    ] GC(3) Pause Full (Ergonomics)
[0.215s][info][gc,phases,start] GC(3) Marking Phase
[0.216s][info][gc,phases      ] GC(3) Marking Phase 1.117ms
[0.216s][info][gc,phases,start] GC(3) Summary Phase
[0.216s][info][gc,phases      ] GC(3) Summary Phase 0.016ms
[0.216s][info][gc,phases,start] GC(3) Adjust Roots
[0.216s][info][gc,phases      ] GC(3) Adjust Roots 0.389ms
[0.216s][info][gc,phases,start] GC(3) Compaction Phase
[0.218s][info][gc,phases      ] GC(3) Compaction Phase 1.521ms
[0.218s][info][gc,phases,start] GC(3) Post Compact
[0.218s][info][gc,phases      ] GC(3) Post Compact 0.084ms
[0.218s][info][gc,heap        ] GC(3) PSYoungGen: 512K(1536K)->510K(1536K) Eden: 0K(1024K)->0K(1024K) From: 512K(512K)->510K(512K)
[0.218s][info][gc,heap        ] GC(3) ParOldGen: 496K(512K)->470K(2048K)
[0.218s][info][gc,metaspace   ] GC(3) Metaspace: 6300K(6528K)->6300K(6528K) NonClass: 5767K(5888K)->5767K(5888K) Class: 533K(640K)->533K(640K)
[0.218s][info][gc             ] GC(3) Pause Full (Ergonomics) 0M->0M(3M) 3.423ms
[0.218s][info][gc,cpu         ] GC(3) User=0.00s Sys=0.00s Real=0.00s
[0.220s][info][gc,start       ] GC(4) Pause Young (Allocation Failure)
[0.221s][info][gc,heap        ] GC(4) PSYoungGen: 1534K(1536K)->480K(2560K) Eden: 1024K(1024K)->0K(2048K) From: 510K(512K)->480K(512K)
[0.221s][info][gc,heap        ] GC(4) ParOldGen: 470K(2048K)->1034K(2048K)
[0.221s][info][gc,metaspace   ] GC(4) Metaspace: 6300K(6528K)->6300K(6528K) NonClass: 5767K(5888K)->5767K(5888K) Class: 533K(640K)->533K(640K)
[0.221s][info][gc             ] GC(4) Pause Young (Allocation Failure) 1M->1M(4M) 1.494ms
[0.221s][info][gc,cpu         ] GC(4) User=0.00s Sys=0.00s Real=0.00s
[0.225s][info][gc,start       ] GC(5) Pause Young (Allocation Failure)
[0.226s][info][gc,heap        ] GC(5) PSYoungGen: 2528K(2560K)->480K(2560K) Eden: 2048K(2048K)->0K(2048K) From: 480K(512K)->480K(512K)
[0.226s][info][gc,heap        ] GC(5) ParOldGen: 1034K(2048K)->2106K(2560K)
[0.226s][info][gc,metaspace   ] GC(5) Metaspace: 6300K(6528K)->6300K(6528K) NonClass: 5767K(5888K)->5767K(5888K) Class: 533K(640K)->533K(640K)
[0.226s][info][gc             ] GC(5) Pause Young (Allocation Failure) 3M->2M(5M) 1.760ms
[0.227s][info][gc,cpu         ] GC(5) User=0.00s Sys=0.00s Real=0.00s
[0.227s][info][gc,start       ] GC(6) Pause Full (Ergonomics)
[0.227s][info][gc,phases,start] GC(6) Marking Phase
[0.228s][info][gc,phases      ] GC(6) Marking Phase 1.592ms
[0.228s][info][gc,phases,start] GC(6) Summary Phase
[0.228s][info][gc,phases      ] GC(6) Summary Phase 0.018ms
[0.228s][info][gc,phases,start] GC(6) Adjust Roots
[0.229s][info][gc,phases      ] GC(6) Adjust Roots 0.349ms
[0.229s][info][gc,phases,start] GC(6) Compaction Phase
[0.231s][info][gc,phases      ] GC(6) Compaction Phase 2.558ms
[0.231s][info][gc,phases,start] GC(6) Post Compact
[0.231s][info][gc,phases      ] GC(6) Post Compact 0.031ms
[0.231s][info][gc,heap        ] GC(6) PSYoungGen: 480K(2560K)->0K(4096K) Eden: 0K(2048K)->0K(3072K) From: 480K(512K)->0K(1024K)
[0.231s][info][gc,heap        ] GC(6) ParOldGen: 2106K(2560K)->2542K(6144K)
[0.231s][info][gc,metaspace   ] GC(6) Metaspace: 6300K(6528K)->6300K(6528K) NonClass: 5767K(5888K)->5767K(5888K) Class: 533K(640K)->533K(640K)
[0.232s][info][gc             ] GC(6) Pause Full (Ergonomics) 2M->2M(10M) 4.954ms
[0.232s][info][gc,cpu         ] GC(6) User=0.00s Sys=0.00s Real=0.00s
[0.236s][info][gc,start       ] GC(7) Pause Young (Allocation Failure)
[0.238s][info][gc,heap        ] GC(7) PSYoungGen: 3072K(4096K)->1664K(5120K) Eden: 3072K(3072K)->0K(3072K) From: 0K(1024K)->1664K(2048K)
[0.238s][info][gc,heap        ] GC(7) ParOldGen: 2542K(6144K)->2542K(6144K)
[0.238s][info][gc,metaspace   ] GC(7) Metaspace: 6300K(6528K)->6300K(6528K) NonClass: 5767K(5888K)->5767K(5888K) Class: 533K(640K)->533K(640K)
[0.238s][info][gc             ] GC(7) Pause Young (Allocation Failure) 5M->4M(11M) 2.108ms
[0.238s][info][gc,cpu         ] GC(7) User=0.00s Sys=0.00s Real=0.00s
[0.243s][info][gc,start       ] GC(8) Pause Young (Allocation Failure)
[0.246s][info][gc,heap        ] GC(8) PSYoungGen: 4736K(5120K)->2016K(5632K) Eden: 3072K(3072K)->0K(3584K) From: 1664K(2048K)->2016K(2048K)
[0.246s][info][gc,heap        ] GC(8) ParOldGen: 2542K(6144K)->3774K(6144K)
[0.246s][info][gc,metaspace   ] GC(8) Metaspace: 6300K(6528K)->6300K(6528K) NonClass: 5767K(5888K)->5767K(5888K) Class: 533K(640K)->533K(640K)
[0.246s][info][gc             ] GC(8) Pause Young (Allocation Failure) 7M->5M(11M) 3.223ms
[0.246s][info][gc,cpu         ] GC(8) User=0.00s Sys=0.00s Real=0.00s
[0.251s][info][gc,start       ] GC(9) Pause Young (Allocation Failure)
[0.255s][info][gc,heap        ] GC(9) PSYoungGen: 5600K(5632K)->3040K(6656K) Eden: 3584K(3584K)->0K(3584K) From: 2016K(2048K)->3040K(3072K)
[0.255s][info][gc,heap        ] GC(9) ParOldGen: 3774K(6144K)->4606K(6144K)
[0.255s][info][gc,metaspace   ] GC(9) Metaspace: 6300K(6528K)->6300K(6528K) NonClass: 5767K(5888K)->5767K(5888K) Class: 533K(640K)->533K(640K)
[0.255s][info][gc             ] GC(9) Pause Young (Allocation Failure) 9M->7M(12M) 4.078ms
[0.255s][info][gc,cpu         ] GC(9) User=0.00s Sys=0.00s Real=0.01s
[0.260s][info][gc,start       ] GC(10) Pause Young (Allocation Failure)
[0.265s][info][gc,heap        ] GC(10) PSYoungGen: 6624K(6656K)->4064K(9216K) Eden: 3584K(3584K)->0K(5120K) From: 3040K(3072K)->4064K(4096K)
[0.265s][info][gc,heap        ] GC(10) ParOldGen: 4606K(6144K)->5454K(6144K)
[0.265s][info][gc,metaspace   ] GC(10) Metaspace: 6300K(6528K)->6300K(6528K) NonClass: 5767K(5888K)->5767K(5888K) Class: 533K(640K)->533K(640K)
[0.265s][info][gc             ] GC(10) Pause Young (Allocation Failure) 10M->9M(15M) 4.774ms
[0.265s][info][gc,cpu         ] GC(10) User=0.00s Sys=0.00s Real=0.00s
[0.265s][info][gc,start       ] GC(11) Pause Full (Ergonomics)
[0.265s][info][gc,phases,start] GC(11) Marking Phase
[0.271s][info][gc,phases      ] GC(11) Marking Phase 5.749ms
[0.271s][info][gc,phases,start] GC(11) Summary Phase
[0.271s][info][gc,phases      ] GC(11) Summary Phase 0.017ms
[0.271s][info][gc,phases,start] GC(11) Adjust Roots
[0.271s][info][gc,phases      ] GC(11) Adjust Roots 0.417ms
[0.271s][info][gc,phases,start] GC(11) Compaction Phase
[0.278s][info][gc,phases      ] GC(11) Compaction Phase 6.104ms
[0.278s][info][gc,phases,start] GC(11) Post Compact
[0.278s][info][gc,phases      ] GC(11) Post Compact 0.057ms
[0.278s][info][gc,heap        ] GC(11) PSYoungGen: 4064K(9216K)->3545K(9216K) Eden: 0K(5120K)->0K(5120K) From: 4064K(4096K)->3545K(4096K)
[0.278s][info][gc,heap        ] GC(11) ParOldGen: 5454K(6144K)->5831K(10752K)
[0.278s][info][gc,metaspace   ] GC(11) Metaspace: 6300K(6528K)->6300K(6528K) NonClass: 5767K(5888K)->5767K(5888K) Class: 533K(640K)->533K(640K)
[0.278s][info][gc             ] GC(11) Pause Full (Ergonomics) 9M->9M(19M) 12.684ms
[0.278s][info][gc,cpu         ] GC(11) User=0.02s Sys=0.00s Real=0.01s
[0.285s][info][gc,start       ] GC(12) Pause Young (Allocation Failure)
[0.289s][info][gc,heap        ] GC(12) PSYoungGen: 8665K(9216K)->5088K(10240K) Eden: 5120K(5120K)->0K(5120K) From: 3545K(4096K)->5088K(5120K)
[0.289s][info][gc,heap        ] GC(12) ParOldGen: 5831K(10752K)->6951K(10752K)
[0.289s][info][gc,metaspace   ] GC(12) Metaspace: 6300K(6528K)->6300K(6528K) NonClass: 5767K(5888K)->5767K(5888K) Class: 533K(640K)->533K(640K)
[0.289s][info][gc             ] GC(12) Pause Young (Allocation Failure) 14M->11M(20M) 4.269ms
[0.289s][info][gc,cpu         ] GC(12) User=0.00s Sys=0.00s Real=0.00s
[0.294s][info][gc,start       ] GC(13) Pause Young (Allocation Failure)
[0.299s][info][gc,heap        ] GC(13) PSYoungGen: 10208K(10240K)->6464K(12800K) Eden: 5120K(5120K)->0K(6144K) From: 5088K(5120K)->6464K(6656K)
[0.299s][info][gc,heap        ] GC(13) ParOldGen: 6951K(10752K)->8247K(10752K)
[0.299s][info][gc,metaspace   ] GC(13) Metaspace: 6302K(6528K)->6302K(6528K) NonClass: 5769K(5888K)->5769K(5888K) Class: 533K(640K)->533K(640K)
[0.299s][info][gc             ] GC(13) Pause Young (Allocation Failure) 16M->14M(23M) 5.477ms
[0.299s][info][gc,cpu         ] GC(13) User=0.00s Sys=0.00s Real=0.01s
[0.304s][info][gc,start       ] GC(14) Pause Young (Allocation Failure)
[0.310s][info][gc,heap        ] GC(14) PSYoungGen: 12608K(12800K)->5792K(13824K) Eden: 6144K(6144K)->0K(6144K) From: 6464K(6656K)->5792K(7680K)
[0.310s][info][gc,heap        ] GC(14) ParOldGen: 8247K(10752K)->12119K(12288K)
[0.310s][info][gc,metaspace   ] GC(14) Metaspace: 6302K(6528K)->6302K(6528K) NonClass: 5769K(5888K)->5769K(5888K) Class: 533K(640K)->533K(640K)
[0.310s][info][gc             ] GC(14) Pause Young (Allocation Failure) 20M->17M(25M) 6.114ms
[0.310s][info][gc,cpu         ] GC(14) User=0.00s Sys=0.00s Real=0.01s
[0.310s][info][gc,start       ] GC(15) Pause Full (Ergonomics)
[0.310s][info][gc,phases,start] GC(15) Marking Phase
[0.317s][info][gc,phases      ] GC(15) Marking Phase 7.571ms
[0.317s][info][gc,phases,start] GC(15) Summary Phase
[0.317s][info][gc,phases      ] GC(15) Summary Phase 0.019ms
[0.317s][info][gc,phases,start] GC(15) Adjust Roots
[0.318s][info][gc,phases      ] GC(15) Adjust Roots 0.224ms
[0.318s][info][gc,phases,start] GC(15) Compaction Phase
[0.325s][info][gc,phases      ] GC(15) Compaction Phase 7.630ms
[0.325s][info][gc,phases,start] GC(15) Post Compact
[0.325s][info][gc,phases      ] GC(15) Post Compact 0.075ms
[0.326s][info][gc,heap        ] GC(15) PSYoungGen: 5792K(13824K)->5758K(13824K) Eden: 0K(6144K)->0K(6144K) From: 5792K(7680K)->5758K(7680K)
[0.326s][info][gc,heap        ] GC(15) ParOldGen: 12119K(12288K)->12006K(18944K)
[0.326s][info][gc,metaspace   ] GC(15) Metaspace: 6302K(6528K)->6302K(6528K) NonClass: 5769K(5888K)->5769K(5888K) Class: 533K(640K)->533K(640K)
[0.326s][info][gc             ] GC(15) Pause Full (Ergonomics) 17M->17M(32M) 15.885ms
[0.326s][info][gc,cpu         ] GC(15) User=0.02s Sys=0.00s Real=0.02s
[0.330s][info][gc,start       ] GC(16) Pause Young (Allocation Failure)
[0.336s][info][gc,heap        ] GC(16) PSYoungGen: 11902K(13824K)->3232K(15872K) Eden: 6144K(6144K)->0K(8704K) From: 5758K(7680K)->3232K(7168K)
[0.336s][info][gc,heap        ] GC(16) ParOldGen: 12006K(18944K)->17862K(18944K)
[0.336s][info][gc,metaspace   ] GC(16) Metaspace: 6302K(6528K)->6302K(6528K) NonClass: 5769K(5888K)->5769K(5888K) Class: 533K(640K)->533K(640K)
[0.336s][info][gc             ] GC(16) Pause Young (Allocation Failure) 23M->20M(34M) 6.829ms
[0.336s][info][gc,cpu         ] GC(16) User=0.00s Sys=0.00s Real=0.01s
[0.336s][info][gc,start       ] GC(17) Pause Full (Ergonomics)
[0.336s][info][gc,phases,start] GC(17) Marking Phase
[0.345s][info][gc,phases      ] GC(17) Marking Phase 8.651ms
[0.345s][info][gc,phases,start] GC(17) Summary Phase
[0.345s][info][gc,phases      ] GC(17) Summary Phase 0.021ms
[0.345s][info][gc,phases,start] GC(17) Adjust Roots
[0.345s][info][gc,phases      ] GC(17) Adjust Roots 0.225ms
[0.345s][info][gc,phases,start] GC(17) Compaction Phase
[0.352s][info][gc,phases      ] GC(17) Compaction Phase 6.560ms
[0.352s][info][gc,phases,start] GC(17) Post Compact
[0.352s][info][gc,phases      ] GC(17) Post Compact 0.102ms
[0.352s][info][gc,heap        ] GC(17) PSYoungGen: 3232K(15872K)->2146K(16384K) Eden: 0K(8704K)->0K(9216K) From: 3232K(7168K)->2146K(7168K)
[0.352s][info][gc,heap        ] GC(17) ParOldGen: 17862K(18944K)->18786K(28672K)
[0.352s][info][gc,metaspace   ] GC(17) Metaspace: 6302K(6528K)->6302K(6528K) NonClass: 5769K(5888K)->5769K(5888K) Class: 533K(640K)->533K(640K)
[0.352s][info][gc             ] GC(17) Pause Full (Ergonomics) 20M->20M(44M) 15.948ms
[0.352s][info][gc,cpu         ] GC(17) User=0.02s Sys=0.00s Real=0.02s
[0.362s][info][gc,start       ] GC(18) Pause Young (Allocation Failure)
[0.368s][info][gc,heap        ] GC(18) PSYoungGen: 11362K(16384K)->5312K(16896K) Eden: 9216K(9216K)->0K(9216K) From: 2146K(7168K)->5312K(7680K)
[0.368s][info][gc,heap        ] GC(18) ParOldGen: 18786K(28672K)->20970K(28672K)
[0.368s][info][gc,metaspace   ] GC(18) Metaspace: 6302K(6528K)->6302K(6528K) NonClass: 5769K(5888K)->5769K(5888K) Class: 533K(640K)->533K(640K)
[0.368s][info][gc             ] GC(18) Pause Young (Allocation Failure) 29M->25M(44M) 5.914ms
[0.368s][info][gc,cpu         ] GC(18) User=0.00s Sys=0.00s Real=0.00s
[0.373s][info][gc,start       ] GC(19) Pause Young (Allocation Failure)
[0.381s][info][gc,heap        ] GC(19) PSYoungGen: 14528K(16896K)->4832K(20480K) Eden: 9216K(9216K)->0K(12288K) From: 5312K(7680K)->4832K(8192K)
[0.381s][info][gc,heap        ] GC(19) ParOldGen: 20970K(28672K)->26298K(28672K)
[0.381s][info][gc,metaspace   ] GC(19) Metaspace: 6302K(6528K)->6302K(6528K) NonClass: 5769K(5888K)->5769K(5888K) Class: 533K(640K)->533K(640K)
[0.382s][info][gc             ] GC(19) Pause Young (Allocation Failure) 34M->30M(48M) 8.060ms
[0.382s][info][gc,cpu         ] GC(19) User=0.02s Sys=0.00s Real=0.01s
[0.382s][info][gc,start       ] GC(20) Pause Full (Ergonomics)
[0.382s][info][gc,phases,start] GC(20) Marking Phase
[0.394s][info][gc,phases      ] GC(20) Marking Phase 12.407ms
[0.394s][info][gc,phases,start] GC(20) Summary Phase
[0.394s][info][gc,phases      ] GC(20) Summary Phase 0.019ms
[0.394s][info][gc,phases,start] GC(20) Adjust Roots
[0.394s][info][gc,phases      ] GC(20) Adjust Roots 0.181ms
[0.394s][info][gc,phases,start] GC(20) Compaction Phase
[0.406s][info][gc,phases      ] GC(20) Compaction Phase 11.364ms
[0.406s][info][gc,phases,start] GC(20) Post Compact
[0.406s][info][gc,phases      ] GC(20) Post Compact 0.126ms
[0.406s][info][gc,heap        ] GC(20) PSYoungGen: 4832K(20480K)->2206K(20480K) Eden: 0K(12288K)->0K(12288K) From: 4832K(8192K)->2206K(8192K)
[0.406s][info][gc,heap        ] GC(20) ParOldGen: 26298K(28672K)->28233K(39936K)
[0.406s][info][gc,metaspace   ] GC(20) Metaspace: 6302K(6528K)->6302K(6528K) NonClass: 5769K(5888K)->5769K(5888K) Class: 533K(640K)->533K(640K)
[0.406s][info][gc             ] GC(20) Pause Full (Ergonomics) 30M->29M(59M) 24.562ms
[0.406s][info][gc,cpu         ] GC(20) User=0.02s Sys=0.00s Real=0.02s
[0.418s][info][gc,start       ] GC(21) Pause Young (Allocation Failure)
[0.429s][info][gc,heap        ] GC(21) PSYoungGen: 14494K(20480K)->8192K(20480K) Eden: 12288K(12288K)->0K(12288K) From: 2206K(8192K)->8192K(8192K)
[0.429s][info][gc,heap        ] GC(21) ParOldGen: 28233K(39936K)->33809K(39936K)
[0.429s][info][gc,metaspace   ] GC(21) Metaspace: 6302K(6528K)->6302K(6528K) NonClass: 5769K(5888K)->5769K(5888K) Class: 533K(640K)->533K(640K)
[0.429s][info][gc             ] GC(21) Pause Young (Allocation Failure) 41M->41M(59M) 11.368ms
[0.429s][info][gc,cpu         ] GC(21) User=0.00s Sys=0.00s Real=0.01s
[0.429s][info][gc,start       ] GC(22) Pause Full (Ergonomics)
[0.429s][info][gc,phases,start] GC(22) Marking Phase
[0.448s][info][gc,phases      ] GC(22) Marking Phase 18.994ms
[0.448s][info][gc,phases,start] GC(22) Summary Phase
[0.448s][info][gc,phases      ] GC(22) Summary Phase 0.015ms
[0.448s][info][gc,phases,start] GC(22) Adjust Roots
[0.448s][info][gc,phases      ] GC(22) Adjust Roots 0.183ms
[0.448s][info][gc,phases,start] GC(22) Compaction Phase
[0.461s][info][gc,phases      ] GC(22) Compaction Phase 12.237ms
[0.461s][info][gc,phases,start] GC(22) Post Compact
[0.461s][info][gc,phases      ] GC(22) Post Compact 0.241ms
[0.461s][info][gc,heap        ] GC(22) PSYoungGen: 8192K(20480K)->2044K(20480K) Eden: 0K(12288K)->0K(12288K) From: 8192K(8192K)->2044K(8192K)
[0.461s][info][gc,heap        ] GC(22) ParOldGen: 33809K(39936K)->39846K(54272K)
[0.461s][info][gc,metaspace   ] GC(22) Metaspace: 6302K(6528K)->6302K(6528K) NonClass: 5769K(5888K)->5769K(5888K) Class: 533K(640K)->533K(640K)
[0.461s][info][gc             ] GC(22) Pause Full (Ergonomics) 41M->40M(73M) 32.108ms
[0.461s][info][gc,cpu         ] GC(22) User=0.03s Sys=0.00s Real=0.03s
[0.477s][info][gc,start       ] GC(23) Pause Young (Allocation Failure)
[0.490s][info][gc,heap        ] GC(23) PSYoungGen: 14332K(20480K)->11744K(24064K) Eden: 12288K(12288K)->0K(12288K) From: 2044K(8192K)->11744K(11776K)
[0.490s][info][gc,heap        ] GC(23) ParOldGen: 39846K(54272K)->42478K(54272K)
[0.490s][info][gc,metaspace   ] GC(23) Metaspace: 6302K(6528K)->6302K(6528K) NonClass: 5769K(5888K)->5769K(5888K) Class: 533K(640K)->533K(640K)
[0.490s][info][gc             ] GC(23) Pause Young (Allocation Failure) 52M->52M(76M) 12.776ms
[0.490s][info][gc,cpu         ] GC(23) User=0.00s Sys=0.00s Real=0.01s
[0.504s][info][gc,start       ] GC(24) Pause Young (Allocation Failure)
[0.519s][info][gc,heap        ] GC(24) PSYoungGen: 24032K(24064K)->12320K(26624K) Eden: 12288K(12288K)->0K(12288K) From: 11744K(11776K)->12320K(14336K)
[0.519s][info][gc,heap        ] GC(24) ParOldGen: 42478K(54272K)->54366K(54784K)
[0.519s][info][gc,metaspace   ] GC(24) Metaspace: 6302K(6528K)->6302K(6528K) NonClass: 5769K(5888K)->5769K(5888K) Class: 533K(640K)->533K(640K)
[0.519s][info][gc             ] GC(24) Pause Young (Allocation Failure) 64M->65M(79M) 14.632ms
[0.519s][info][gc,cpu         ] GC(24) User=0.00s Sys=0.00s Real=0.02s
[0.519s][info][gc,start       ] GC(25) Pause Full (Ergonomics)
[0.519s][info][gc,phases,start] GC(25) Marking Phase
[0.546s][info][gc,phases      ] GC(25) Marking Phase 27.336ms
[0.546s][info][gc,phases,start] GC(25) Summary Phase
[0.546s][info][gc,phases      ] GC(25) Summary Phase 0.019ms
[0.546s][info][gc,phases,start] GC(25) Adjust Roots
[0.546s][info][gc,phases      ] GC(25) Adjust Roots 0.175ms
[0.546s][info][gc,phases,start] GC(25) Compaction Phase
[0.568s][info][gc,phases      ] GC(25) Compaction Phase 21.724ms
[0.568s][info][gc,phases,start] GC(25) Post Compact
[0.568s][info][gc,phases      ] GC(25) Post Compact 0.233ms
[0.569s][info][gc,heap        ] GC(25) PSYoungGen: 12320K(26624K)->10723K(26624K) Eden: 0K(12288K)->0K(12288K) From: 12320K(14336K)->10723K(14336K)
[0.569s][info][gc,heap        ] GC(25) ParOldGen: 54366K(54784K)->54661K(73728K)
[0.569s][info][gc,metaspace   ] GC(25) Metaspace: 6302K(6528K)->6302K(6528K) NonClass: 5769K(5888K)->5769K(5888K) Class: 533K(640K)->533K(640K)
[0.569s][info][gc             ] GC(25) Pause Full (Ergonomics) 65M->63M(98M) 49.923ms
[0.569s][info][gc,cpu         ] GC(25) User=0.05s Sys=0.00s Real=0.05s
[0.580s][info][gc,start       ] GC(26) Pause Young (Allocation Failure)
[0.598s][info][gc,heap        ] GC(26) PSYoungGen: 23011K(26624K)->16384K(26112K) Eden: 12288K(12288K)->0K(9728K) From: 10723K(14336K)->16384K(16384K)
[0.598s][info][gc,heap        ] GC(26) ParOldGen: 54661K(73728K)->61405K(73728K)
[0.598s][info][gc,metaspace   ] GC(26) Metaspace: 6302K(6528K)->6302K(6528K) NonClass: 5769K(5888K)->5769K(5888K) Class: 533K(640K)->533K(640K)
[0.598s][info][gc             ] GC(26) Pause Young (Allocation Failure) 75M->75M(97M) 18.482ms
[0.598s][info][gc,cpu         ] GC(26) User=0.03s Sys=0.00s Real=0.02s
[0.608s][info][gc,start       ] GC(27) Pause Young (Allocation Failure)
[0.627s][info][gc,heap        ] GC(27) PSYoungGen: 26112K(26112K)->9728K(31232K) Eden: 9728K(9728K)->0K(9728K) From: 16384K(16384K)->9728K(21504K)
[0.627s][info][gc,heap        ] GC(27) ParOldGen: 61405K(73728K)->78029K(78336K)
[0.627s][info][gc,metaspace   ] GC(27) Metaspace: 6302K(6528K)->6302K(6528K) NonClass: 5769K(5888K)->5769K(5888K) Class: 533K(640K)->533K(640K)
[0.627s][info][gc             ] GC(27) Pause Young (Allocation Failure) 85M->85M(107M) 18.910ms
[0.627s][info][gc,cpu         ] GC(27) User=0.02s Sys=0.00s Real=0.02s
[0.627s][info][gc,start       ] GC(28) Pause Full (Ergonomics)
[0.627s][info][gc,phases,start] GC(28) Marking Phase
[0.663s][info][gc,phases      ] GC(28) Marking Phase 36.097ms
[0.663s][info][gc,phases,start] GC(28) Summary Phase
[0.663s][info][gc,phases      ] GC(28) Summary Phase 0.019ms
[0.663s][info][gc,phases,start] GC(28) Adjust Roots
[0.664s][info][gc,phases      ] GC(28) Adjust Roots 0.190ms
[0.664s][info][gc,phases,start] GC(28) Compaction Phase
[0.687s][info][gc,phases      ] GC(28) Compaction Phase 23.232ms
[0.687s][info][gc,phases,start] GC(28) Post Compact
[0.687s][info][gc,phases      ] GC(28) Post Compact 0.464ms
[0.687s][info][gc,heap        ] GC(28) PSYoungGen: 9728K(31232K)->9187K(31232K) Eden: 0K(9728K)->0K(9728K) From: 9728K(21504K)->9187K(21504K)
[0.688s][info][gc,heap        ] GC(28) ParOldGen: 78029K(78336K)->78154K(103424K)
[0.688s][info][gc,metaspace   ] GC(28) Metaspace: 6302K(6528K)->6302K(6528K) NonClass: 5769K(5888K)->5769K(5888K) Class: 533K(640K)->533K(640K)
[0.688s][info][gc             ] GC(28) Pause Full (Ergonomics) 85M->85M(131M) 60.468ms
[0.688s][info][gc,cpu         ] GC(28) User=0.09s Sys=0.00s Real=0.06s
[0.703s][info][gc,start       ] GC(29) Pause Young (Allocation Failure)
[0.716s][info][gc,heap        ] GC(29) PSYoungGen: 18915K(31232K)->9792K(30720K) Eden: 9728K(9728K)->0K(11776K) From: 9187K(21504K)->9792K(18944K)
[0.716s][info][gc,heap        ] GC(29) ParOldGen: 78154K(103424K)->87498K(103424K)
[0.716s][info][gc,metaspace   ] GC(29) Metaspace: 6302K(6528K)->6302K(6528K) NonClass: 5769K(5888K)->5769K(5888K) Class: 533K(640K)->533K(640K)
[0.716s][info][gc             ] GC(29) Pause Young (Allocation Failure) 94M->95M(131M) 13.388ms
[0.716s][info][gc,cpu         ] GC(29) User=0.02s Sys=0.00s Real=0.01s
[0.727s][info][gc,start       ] GC(30) Pause Young (Allocation Failure)
[0.738s][info][gc,heap        ] GC(30) PSYoungGen: 21568K(30720K)->19936K(31744K) Eden: 11776K(11776K)->0K(11776K) From: 9792K(18944K)->19936K(19968K)
[0.738s][info][gc,heap        ] GC(30) ParOldGen: 87498K(103424K)->89090K(103424K)
[0.738s][info][gc,metaspace   ] GC(30) Metaspace: 6302K(6528K)->6302K(6528K) NonClass: 5769K(5888K)->5769K(5888K) Class: 533K(640K)->533K(640K)
[0.738s][info][gc             ] GC(30) Pause Young (Allocation Failure) 106M->106M(132M) 10.535ms
[0.738s][info][gc,cpu         ] GC(30) User=0.00s Sys=0.00s Real=0.01s
[0.738s][info][gc,start       ] GC(31) Pause Full (Ergonomics)
[0.738s][info][gc,phases,start] GC(31) Marking Phase
[0.768s][info][gc,phases      ] GC(31) Marking Phase 30.263ms
[0.768s][info][gc,phases,start] GC(31) Summary Phase
[0.768s][info][gc,phases      ] GC(31) Summary Phase 0.020ms
[0.768s][info][gc,phases,start] GC(31) Adjust Roots
[0.768s][info][gc,phases      ] GC(31) Adjust Roots 0.171ms
[0.768s][info][gc,phases,start] GC(31) Compaction Phase
[0.795s][info][gc,phases      ] GC(31) Compaction Phase 26.574ms
[0.795s][info][gc,phases,start] GC(31) Post Compact
[0.796s][info][gc,phases      ] GC(31) Post Compact 0.430ms
[0.796s][info][gc,heap        ] GC(31) PSYoungGen: 19936K(31744K)->3545K(31744K) Eden: 0K(11776K)->0K(11776K) From: 19936K(19968K)->3545K(19968K)
[0.796s][info][gc,heap        ] GC(31) ParOldGen: 89090K(103424K)->103206K(131072K)
[0.796s][info][gc,metaspace   ] GC(31) Metaspace: 6302K(6528K)->6302K(6528K) NonClass: 5769K(5888K)->5769K(5888K) Class: 533K(640K)->533K(640K)
[0.796s][info][gc             ] GC(31) Pause Full (Ergonomics) 106M->104M(159M) 57.851ms
[0.796s][info][gc,cpu         ] GC(31) User=0.12s Sys=0.00s Real=0.06s
[0.807s][info][gc,start       ] GC(32) Pause Young (Allocation Failure)
[0.822s][info][gc,heap        ] GC(32) PSYoungGen: 15321K(31744K)->11840K(37376K) Eden: 11776K(11776K)->0K(14336K) From: 3545K(19968K)->11840K(23040K)
[0.822s][info][gc,heap        ] GC(32) ParOldGen: 103206K(131072K)->106814K(131072K)
[0.822s][info][gc,metaspace   ] GC(32) Metaspace: 6302K(6528K)->6302K(6528K) NonClass: 5769K(5888K)->5769K(5888K) Class: 533K(640K)->533K(640K)
[0.822s][info][gc             ] GC(32) Pause Young (Allocation Failure) 115M->115M(164M) 14.860ms
[0.822s][info][gc,cpu         ] GC(32) User=0.02s Sys=0.00s Real=0.02s
[0.836s][info][gc,start       ] GC(33) Pause Young (Allocation Failure)
[0.850s][info][gc,heap        ] GC(33) PSYoungGen: 26176K(37376K)->23552K(37888K) Eden: 14336K(14336K)->0K(14336K) From: 11840K(23040K)->23552K(23552K)
[0.850s][info][gc,heap        ] GC(33) ParOldGen: 106814K(131072K)->109406K(131072K)
[0.850s][info][gc,metaspace   ] GC(33) Metaspace: 6302K(6528K)->6302K(6528K) NonClass: 5769K(5888K)->5769K(5888K) Class: 533K(640K)->533K(640K)
[0.850s][info][gc             ] GC(33) Pause Young (Allocation Failure) 129M->129M(165M) 14.559ms
[0.850s][info][gc,cpu         ] GC(33) User=0.00s Sys=0.00s Real=0.02s
[0.864s][info][gc,start       ] GC(34) Pause Young (Allocation Failure)
[0.889s][info][gc,heap        ] GC(34) PSYoungGen: 37888K(37888K)->14368K(43520K) Eden: 14336K(14336K)->0K(16896K) From: 23552K(23552K)->14368K(26624K)
[0.889s][info][gc,heap        ] GC(34) ParOldGen: 109406K(131072K)->133286K(133632K)
[0.889s][info][gc,metaspace   ] GC(34) Metaspace: 6302K(6528K)->6302K(6528K) NonClass: 5769K(5888K)->5769K(5888K) Class: 533K(640K)->533K(640K)
[0.889s][info][gc             ] GC(34) Pause Young (Allocation Failure) 143M->144M(173M) 25.049ms
[0.889s][info][gc,cpu         ] GC(34) User=0.05s Sys=0.00s Real=0.03s
[0.889s][info][gc,start       ] GC(35) Pause Full (Ergonomics)
[0.890s][info][gc,phases,start] GC(35) Marking Phase
[0.930s][info][gc,phases      ] GC(35) Marking Phase 40.894ms
[0.930s][info][gc,phases,start] GC(35) Summary Phase
[0.930s][info][gc,phases      ] GC(35) Summary Phase 0.022ms
[0.931s][info][gc,phases,start] GC(35) Adjust Roots
[0.931s][info][gc,phases      ] GC(35) Adjust Roots 0.184ms
[0.931s][info][gc,phases,start] GC(35) Compaction Phase
[0.957s][info][gc,phases      ] GC(35) Compaction Phase 25.994ms
[0.957s][info][gc,phases,start] GC(35) Post Compact
[0.958s][info][gc,phases      ] GC(35) Post Compact 0.721ms
[0.958s][info][gc,heap        ] GC(35) PSYoungGen: 14368K(43520K)->13789K(44544K) Eden: 0K(16896K)->0K(17920K) From: 14368K(26624K)->13789K(26624K)
[0.958s][info][gc,heap        ] GC(35) ParOldGen: 133286K(133632K)->133310K(167936K)
[0.958s][info][gc,metaspace   ] GC(35) Metaspace: 6302K(6528K)->6302K(6528K) NonClass: 5769K(5888K)->5769K(5888K) Class: 533K(640K)->533K(640K)
[0.958s][info][gc             ] GC(35) Pause Full (Ergonomics) 144M->143M(207M) 68.348ms
[0.958s][info][gc,cpu         ] GC(35) User=0.20s Sys=0.00s Real=0.07s
[0.977s][info][gc,start       ] GC(36) Pause Young (Allocation Failure)
[1.000s][info][gc,heap        ] GC(36) PSYoungGen: 31709K(44544K)->17984K(45568K) Eden: 17920K(17920K)->0K(17920K) From: 13789K(26624K)->17984K(27648K)
[1.000s][info][gc,heap        ] GC(36) ParOldGen: 133310K(167936K)->147326K(167936K)
[1.000s][info][gc,metaspace   ] GC(36) Metaspace: 6302K(6528K)->6302K(6528K) NonClass: 5769K(5888K)->5769K(5888K) Class: 533K(640K)->533K(640K)
[1.000s][info][gc             ] GC(36) Pause Young (Allocation Failure) 161M->161M(208M) 23.278ms
[1.000s][info][gc,cpu         ] GC(36) User=0.05s Sys=0.02s Real=0.02s
[1.000s][info][gc,start       ] GC(37) Pause Full (Ergonomics)
[1.000s][info][gc,phases,start] GC(37) Marking Phase
[1.043s][info][gc,phases      ] GC(37) Marking Phase 42.907ms
[1.043s][info][gc,phases,start] GC(37) Summary Phase
[1.043s][info][gc,phases      ] GC(37) Summary Phase 0.025ms
[1.043s][info][gc,phases,start] GC(37) Adjust Roots
[1.043s][info][gc,phases      ] GC(37) Adjust Roots 0.151ms
[1.043s][info][gc,phases,start] GC(37) Compaction Phase
[1.064s][info][gc,phases      ] GC(37) Compaction Phase 20.243ms
[1.064s][info][gc,phases,start] GC(37) Post Compact
[1.065s][info][gc,phases      ] GC(37) Post Compact 0.785ms
[1.065s][info][gc,heap        ] GC(37) PSYoungGen: 17984K(45568K)->0K(48640K) Eden: 0K(17920K)->0K(20480K) From: 17984K(27648K)->0K(28160K)
[1.065s][info][gc,heap        ] GC(37) ParOldGen: 147326K(167936K)->164985K(203264K)
[1.065s][info][gc,metaspace   ] GC(37) Metaspace: 6302K(6528K)->6302K(6528K) NonClass: 5769K(5888K)->5769K(5888K) Class: 533K(640K)->533K(640K)
[1.065s][info][gc             ] GC(37) Pause Full (Ergonomics) 161M->161M(246M) 64.565ms
[1.065s][info][gc,cpu         ] GC(37) User=0.20s Sys=0.02s Real=0.06s
[1.101s][info][gc,start       ] GC(38) Pause Young (Allocation Failure)
[1.116s][info][gc,heap        ] GC(38) PSYoungGen: 20480K(48640K)->20576K(48640K) Eden: 20480K(20480K)->0K(20480K) From: 0K(28160K)->20576K(28160K)
[1.116s][info][gc,heap        ] GC(38) ParOldGen: 164985K(203264K)->164985K(203264K)
[1.116s][info][gc,metaspace   ] GC(38) Metaspace: 6302K(6528K)->6302K(6528K) NonClass: 5769K(5888K)->5769K(5888K) Class: 533K(640K)->533K(640K)
[1.116s][info][gc             ] GC(38) Pause Young (Allocation Failure) 181M->181M(246M) 15.122ms
[1.116s][info][gc,cpu         ] GC(38) User=0.00s Sys=0.00s Real=0.01s
[1.138s][info][gc,start       ] GC(39) Pause Young (Allocation Failure)
[1.162s][info][gc,heap        ] GC(39) PSYoungGen: 41056K(48640K)->29664K(40960K) Eden: 20480K(20480K)->0K(11264K) From: 20576K(28160K)->29664K(29696K)
[1.162s][info][gc,heap        ] GC(39) ParOldGen: 164985K(203264K)->184769K(203264K)
[1.162s][info][gc,metaspace   ] GC(39) Metaspace: 6302K(6528K)->6302K(6528K) NonClass: 5769K(5888K)->5769K(5888K) Class: 533K(640K)->533K(640K)
[1.162s][info][gc             ] GC(39) Pause Young (Allocation Failure) 201M->209M(238M) 24.334ms
[1.162s][info][gc,cpu         ] GC(39) User=0.02s Sys=0.02s Real=0.02s
[1.162s][info][gc,start       ] GC(40) Pause Full (Ergonomics)
[1.162s][info][gc,phases,start] GC(40) Marking Phase
[1.211s][info][gc,phases      ] GC(40) Marking Phase 48.974ms
[1.211s][info][gc,phases,start] GC(40) Summary Phase
[1.211s][info][gc,phases      ] GC(40) Summary Phase 0.023ms
[1.211s][info][gc,phases,start] GC(40) Adjust Roots
[1.211s][info][gc,phases      ] GC(40) Adjust Roots 0.146ms
[1.211s][info][gc,phases,start] GC(40) Compaction Phase
[1.248s][info][gc,phases      ] GC(40) Compaction Phase 36.267ms
[1.248s][info][gc,phases,start] GC(40) Post Compact
[1.249s][info][gc,phases      ] GC(40) Post Compact 0.985ms
[1.249s][info][gc,heap        ] GC(40) PSYoungGen: 29664K(40960K)->0K(52736K) Eden: 0K(11264K)->0K(11264K) From: 29664K(29696K)->0K(41472K)
[1.249s][info][gc,heap        ] GC(40) ParOldGen: 184769K(203264K)->201800K(244736K)
[1.249s][info][gc,metaspace   ] GC(40) Metaspace: 6302K(6528K)->6302K(6528K) NonClass: 5769K(5888K)->5769K(5888K) Class: 533K(640K)->533K(640K)
[1.249s][info][gc             ] GC(40) Pause Full (Ergonomics) 209M->197M(290M) 86.944ms
[1.249s][info][gc,cpu         ] GC(40) User=0.28s Sys=0.00s Real=0.09s
[1.260s][info][gc,start       ] GC(41) Pause Young (Allocation Failure)
[1.267s][info][gc,heap        ] GC(41) PSYoungGen: 11264K(52736K)->11360K(50688K) Eden: 11264K(11264K)->0K(12800K) From: 0K(41472K)->11360K(37888K)
[1.267s][info][gc,heap        ] GC(41) ParOldGen: 201800K(244736K)->201800K(244736K)
[1.267s][info][gc,metaspace   ] GC(41) Metaspace: 6302K(6528K)->6302K(6528K) NonClass: 5769K(5888K)->5769K(5888K) Class: 533K(640K)->533K(640K)
[1.267s][info][gc             ] GC(41) Pause Young (Allocation Failure) 208M->208M(288M) 6.667ms
[1.267s][info][gc,cpu         ] GC(41) User=0.00s Sys=0.00s Real=0.01s
[1.281s][info][gc,start       ] GC(42) Pause Young (Allocation Failure)
[1.293s][info][gc,heap        ] GC(42) PSYoungGen: 24160K(50688K)->24160K(52736K) Eden: 12800K(12800K)->0K(12800K) From: 11360K(37888K)->24160K(39936K)
[1.293s][info][gc,heap        ] GC(42) ParOldGen: 201800K(244736K)->201800K(244736K)
[1.293s][info][gc,metaspace   ] GC(42) Metaspace: 6302K(6528K)->6302K(6528K) NonClass: 5769K(5888K)->5769K(5888K) Class: 533K(640K)->533K(640K)
[1.293s][info][gc             ] GC(42) Pause Young (Allocation Failure) 220M->220M(290M) 12.841ms
[1.293s][info][gc,cpu         ] GC(42) User=0.02s Sys=0.00s Real=0.01s
[1.308s][info][gc,start       ] GC(43) Pause Young (Allocation Failure)
[1.325s][info][gc,heap        ] GC(43) PSYoungGen: 36960K(52736K)->36896K(50176K) Eden: 12800K(12800K)->0K(9728K) From: 24160K(39936K)->36896K(40448K)
[1.325s][info][gc,heap        ] GC(43) ParOldGen: 201800K(244736K)->201800K(244736K)
[1.325s][info][gc,metaspace   ] GC(43) Metaspace: 6302K(6528K)->6302K(6528K) NonClass: 5769K(5888K)->5769K(5888K) Class: 533K(640K)->533K(640K)
[1.325s][info][gc             ] GC(43) Pause Young (Allocation Failure) 233M->233M(288M) 17.490ms
[1.325s][info][gc,cpu         ] GC(43) User=0.02s Sys=0.03s Real=0.02s
[1.336s][info][gc,start       ] GC(44) Pause Young (Allocation Failure)
[1.357s][info][gc,heap        ] GC(44) PSYoungGen: 46624K(50176K)->45568K(55296K) Eden: 9728K(9728K)->0K(9728K) From: 36896K(40448K)->45568K(45568K)
[1.357s][info][gc,heap        ] GC(44) ParOldGen: 201800K(244736K)->202840K(244736K)
[1.357s][info][gc,metaspace   ] GC(44) Metaspace: 6302K(6528K)->6302K(6528K) NonClass: 5769K(5888K)->5769K(5888K) Class: 533K(640K)->533K(640K)
[1.357s][info][gc             ] GC(44) Pause Young (Allocation Failure) 242M->242M(293M) 20.774ms
[1.357s][info][gc,cpu         ] GC(44) User=0.03s Sys=0.00s Real=0.02s
[1.367s][info][gc,start       ] GC(45) Pause Young (Allocation Failure)
[1.392s][info][gc,heap        ] GC(45) PSYoungGen: 55296K(55296K)->44512K(59392K) Eden: 9728K(9728K)->0K(6144K) From: 45568K(45568K)->44512K(53248K)
[1.392s][info][gc,heap        ] GC(45) ParOldGen: 202840K(244736K)->213864K(244736K)
[1.392s][info][gc,metaspace   ] GC(45) Metaspace: 6302K(6528K)->6302K(6528K) NonClass: 5769K(5888K)->5769K(5888K) Class: 533K(640K)->533K(640K)
[1.392s][info][gc             ] GC(45) Pause Young (Allocation Failure) 252M->252M(297M) 24.650ms
[1.392s][info][gc,cpu         ] GC(45) User=0.11s Sys=0.00s Real=0.03s
[1.399s][info][gc,start       ] GC(46) Pause Young (Allocation Failure)
[1.421s][info][gc,heap        ] GC(46) PSYoungGen: 50656K(59392K)->37984K(64512K) Eden: 6144K(6144K)->0K(6144K) From: 44512K(53248K)->37984K(58368K)
[1.421s][info][gc,heap        ] GC(46) ParOldGen: 213864K(244736K)->226720K(244736K)
[1.421s][info][gc,metaspace   ] GC(46) Metaspace: 6302K(6528K)->6302K(6528K) NonClass: 5769K(5888K)->5769K(5888K) Class: 533K(640K)->533K(640K)
[1.421s][info][gc             ] GC(46) Pause Young (Allocation Failure) 258M->258M(302M) 21.794ms
[1.421s][info][gc,cpu         ] GC(46) User=0.08s Sys=0.02s Real=0.02s
[1.421s][info][gc,start       ] GC(47) Pause Full (Ergonomics)
[1.421s][info][gc,phases,start] GC(47) Marking Phase
[1.481s][info][gc,phases      ] GC(47) Marking Phase 60.035ms
[1.481s][info][gc,phases,start] GC(47) Summary Phase
[1.481s][info][gc,phases      ] GC(47) Summary Phase 0.019ms
[1.481s][info][gc,phases,start] GC(47) Adjust Roots
[1.481s][info][gc,phases      ] GC(47) Adjust Roots 0.146ms
[1.481s][info][gc,phases,start] GC(47) Compaction Phase
[1.539s][info][gc,phases      ] GC(47) Compaction Phase 57.800ms
[1.539s][info][gc,phases,start] GC(47) Post Compact
[1.540s][info][gc,phases      ] GC(47) Post Compact 1.344ms
[1.541s][info][gc,heap        ] GC(47) PSYoungGen: 37984K(64512K)->19392K(64512K) Eden: 0K(6144K)->0K(6144K) From: 37984K(58368K)->19392K(58368K)
[1.541s][info][gc,heap        ] GC(47) ParOldGen: 226720K(244736K)->244681K(288256K)
[1.541s][info][gc,metaspace   ] GC(47) Metaspace: 6302K(6528K)->6302K(6528K) NonClass: 5769K(5888K)->5769K(5888K) Class: 533K(640K)->533K(640K)
[1.541s][info][gc             ] GC(47) Pause Full (Ergonomics) 258M->257M(344M) 119.838ms
[1.541s][info][gc,cpu         ] GC(47) User=0.58s Sys=0.00s Real=0.12s
[1.547s][info][gc,start       ] GC(48) Pause Young (Allocation Failure)
[1.574s][info][gc,heap        ] GC(48) PSYoungGen: 25536K(64512K)->15104K(63488K) Eden: 6144K(6144K)->0K(7168K) From: 19392K(58368K)->15104K(56320K)
[1.574s][info][gc,heap        ] GC(48) ParOldGen: 244681K(288256K)->255409K(288256K)
[1.574s][info][gc,metaspace   ] GC(48) Metaspace: 6302K(6528K)->6302K(6528K) NonClass: 5769K(5888K)->5769K(5888K) Class: 533K(640K)->533K(640K)
[1.574s][info][gc             ] GC(48) Pause Young (Allocation Failure) 263M->264M(343M) 26.239ms
[1.574s][info][gc,cpu         ] GC(48) User=0.09s Sys=0.00s Real=0.03s
[1.582s][info][gc,start       ] GC(49) Pause Young (Allocation Failure)
[1.594s][info][gc,heap        ] GC(49) PSYoungGen: 22272K(63488K)->16672K(24064K) Eden: 7168K(7168K)->0K(7168K) From: 15104K(56320K)->16672K(16896K)
[1.594s][info][gc,heap        ] GC(49) ParOldGen: 255409K(288256K)->261169K(288256K)
[1.594s][info][gc,metaspace   ] GC(49) Metaspace: 6302K(6528K)->6302K(6528K) NonClass: 5769K(5888K)->5769K(5888K) Class: 533K(640K)->533K(640K)
[1.594s][info][gc             ] GC(49) Pause Young (Allocation Failure) 271M->271M(305M) 12.297ms
[1.594s][info][gc,cpu         ] GC(49) User=0.02s Sys=0.00s Real=0.01s
[1.602s][info][gc,start       ] GC(50) Pause Young (Allocation Failure)
[1.614s][info][gc,heap        ] GC(50) PSYoungGen: 23840K(24064K)->20576K(59904K) Eden: 7168K(7168K)->0K(8704K) From: 16672K(16896K)->20576K(51200K)
[1.614s][info][gc,heap        ] GC(50) ParOldGen: 261169K(288256K)->264433K(288256K)
[1.614s][info][gc,metaspace   ] GC(50) Metaspace: 6302K(6528K)->6302K(6528K) NonClass: 5769K(5888K)->5769K(5888K) Class: 533K(640K)->533K(640K)
[1.614s][info][gc             ] GC(50) Pause Young (Allocation Failure) 278M->278M(340M) 11.945ms
[1.614s][info][gc,cpu         ] GC(50) User=0.00s Sys=0.00s Real=0.01s
[1.624s][info][gc,start       ] GC(51) Pause Young (Allocation Failure)
[1.639s][info][gc,heap        ] GC(51) PSYoungGen: 29280K(59904K)->16000K(25088K) Eden: 8704K(8704K)->0K(8704K) From: 20576K(51200K)->16000K(16384K)
[1.639s][info][gc,heap        ] GC(51) ParOldGen: 264433K(288256K)->277913K(288256K)
[1.639s][info][gc,metaspace   ] GC(51) Metaspace: 6302K(6528K)->6302K(6528K) NonClass: 5769K(5888K)->5769K(5888K) Class: 533K(640K)->533K(640K)
[1.639s][info][gc             ] GC(51) Pause Young (Allocation Failure) 286M->287M(306M) 14.598ms
[1.639s][info][gc,cpu         ] GC(51) User=0.02s Sys=0.00s Real=0.01s
[1.639s][info][gc,start       ] GC(52) Pause Full (Ergonomics)
[1.639s][info][gc,phases,start] GC(52) Marking Phase
[1.706s][info][gc,phases      ] GC(52) Marking Phase 67.234ms
[1.706s][info][gc,phases,start] GC(52) Summary Phase
[1.706s][info][gc,phases      ] GC(52) Summary Phase 0.027ms
[1.706s][info][gc,phases,start] GC(52) Adjust Roots
[1.706s][info][gc,phases      ] GC(52) Adjust Roots 0.150ms
[1.706s][info][gc,phases,start] GC(52) Compaction Phase
[1.737s][info][gc,phases      ] GC(52) Compaction Phase 30.181ms
[1.737s][info][gc,phases,start] GC(52) Post Compact
[1.738s][info][gc,phases      ] GC(52) Post Compact 1.365ms
[1.738s][info][gc,heap        ] GC(52) PSYoungGen: 16000K(25088K)->5083K(25088K) Eden: 0K(8704K)->0K(8704K) From: 16000K(16384K)->5083K(16384K)
[1.738s][info][gc,heap        ] GC(52) ParOldGen: 277913K(288256K)->288057K(333312K)
[1.738s][info][gc,metaspace   ] GC(52) Metaspace: 6302K(6528K)->6302K(6528K) NonClass: 5769K(5888K)->5769K(5888K) Class: 533K(640K)->533K(640K)
[1.738s][info][gc             ] GC(52) Pause Full (Ergonomics) 287M->286M(350M) 99.450ms
[1.738s][info][gc,cpu         ] GC(52) User=0.48s Sys=0.02s Real=0.10s
[1.748s][info][gc,start       ] GC(53) Pause Young (Allocation Failure)
[1.766s][info][gc,heap        ] GC(53) PSYoungGen: 13787K(25088K)->8832K(60928K) Eden: 8704K(8704K)->0K(10240K) From: 5083K(16384K)->8832K(50688K)
[1.766s][info][gc,heap        ] GC(53) ParOldGen: 288057K(333312K)->293241K(333312K)
[1.767s][info][gc,metaspace   ] GC(53) Metaspace: 6302K(6528K)->6302K(6528K) NonClass: 5769K(5888K)->5769K(5888K) Class: 533K(640K)->533K(640K)
[1.767s][info][gc             ] GC(53) Pause Young (Allocation Failure) 294M->294M(385M) 18.689ms
[1.767s][info][gc,cpu         ] GC(53) User=0.12s Sys=0.00s Real=0.02s
[1.778s][info][gc,start       ] GC(54) Pause Young (Allocation Failure)
[1.788s][info][gc,heap        ] GC(54) PSYoungGen: 19072K(60928K)->10368K(61440K) Eden: 10240K(10240K)->0K(10240K) From: 8832K(50688K)->10368K(51200K)
[1.788s][info][gc,heap        ] GC(54) ParOldGen: 293241K(333312K)->302065K(333312K)
[1.789s][info][gc,metaspace   ] GC(54) Metaspace: 6302K(6528K)->6302K(6528K) NonClass: 5769K(5888K)->5769K(5888K) Class: 533K(640K)->533K(640K)
[1.789s][info][gc             ] GC(54) Pause Young (Allocation Failure) 304M->305M(385M) 10.386ms
[1.789s][info][gc,cpu         ] GC(54) User=0.02s Sys=0.00s Real=0.01s
[1.800s][info][gc,start       ] GC(55) Pause Young (Allocation Failure)
[1.811s][info][gc,heap        ] GC(55) PSYoungGen: 20608K(61440K)->10304K(59904K) Eden: 10240K(10240K)->0K(11776K) From: 10368K(51200K)->10304K(48128K)
[1.811s][info][gc,heap        ] GC(55) ParOldGen: 302065K(333312K)->312457K(333312K)
[1.811s][info][gc,metaspace   ] GC(55) Metaspace: 6302K(6528K)->6302K(6528K) NonClass: 5769K(5888K)->5769K(5888K) Class: 533K(640K)->533K(640K)
[1.812s][info][gc             ] GC(55) Pause Young (Allocation Failure) 315M->315M(384M) 11.191ms
[1.812s][info][gc,cpu         ] GC(55) User=0.02s Sys=0.00s Real=0.01s
[1.825s][info][gc,start       ] GC(56) Pause Young (Allocation Failure)
[1.837s][info][gc,heap        ] GC(56) PSYoungGen: 22080K(59904K)->11904K(24064K) Eden: 11776K(11776K)->0K(11776K) From: 10304K(48128K)->11904K(12288K)
[1.837s][info][gc,heap        ] GC(56) ParOldGen: 312457K(333312K)->322841K(333312K)
[1.837s][info][gc,metaspace   ] GC(56) Metaspace: 6302K(6528K)->6302K(6528K) NonClass: 5769K(5888K)->5769K(5888K) Class: 533K(640K)->533K(640K)
[1.837s][info][gc             ] GC(56) Pause Young (Allocation Failure) 326M->326M(349M) 12.143ms
[1.837s][info][gc,cpu         ] GC(56) User=0.02s Sys=0.00s Real=0.01s
[1.837s][info][gc,start       ] GC(57) Pause Full (Ergonomics)
[1.837s][info][gc,phases,start] GC(57) Marking Phase
[1.904s][info][gc,phases      ] GC(57) Marking Phase 66.737ms
[1.904s][info][gc,phases,start] GC(57) Summary Phase
[1.904s][info][gc,phases      ] GC(57) Summary Phase 0.020ms
[1.904s][info][gc,phases,start] GC(57) Adjust Roots
[1.904s][info][gc,phases      ] GC(57) Adjust Roots 0.171ms
[1.904s][info][gc,phases,start] GC(57) Compaction Phase
[1.935s][info][gc,phases      ] GC(57) Compaction Phase 30.611ms
[1.935s][info][gc,phases,start] GC(57) Post Compact
[1.937s][info][gc,phases      ] GC(57) Post Compact 1.522ms
[1.937s][info][gc,heap        ] GC(57) PSYoungGen: 11904K(24064K)->1013K(24064K) Eden: 0K(11776K)->0K(11776K) From: 11904K(12288K)->1013K(12288K)
[1.937s][info][gc,heap        ] GC(57) ParOldGen: 322841K(333312K)->332965K(379392K)
[1.937s][info][gc,metaspace   ] GC(57) Metaspace: 6302K(6528K)->6302K(6528K) NonClass: 5769K(5888K)->5769K(5888K) Class: 533K(640K)->533K(640K)
[1.937s][info][gc             ] GC(57) Pause Full (Ergonomics) 326M->326M(394M) 99.578ms
[1.937s][info][gc,cpu         ] GC(57) User=0.62s Sys=0.02s Real=0.10s
[1.950s][info][gc,start       ] GC(58) Pause Young (Allocation Failure)
[1.972s][info][gc,heap        ] GC(58) PSYoungGen: 12789K(24064K)->11872K(57344K) Eden: 11776K(11776K)->0K(13312K) From: 1013K(12288K)->11872K(44032K)
[1.972s][info][gc,heap        ] GC(58) ParOldGen: 332965K(379392K)->334037K(379392K)
[1.972s][info][gc,metaspace   ] GC(58) Metaspace: 6302K(6528K)->6302K(6528K) NonClass: 5769K(5888K)->5769K(5888K) Class: 533K(640K)->533K(640K)
[1.972s][info][gc             ] GC(58) Pause Young (Allocation Failure) 337M->337M(426M) 22.544ms
[1.972s][info][gc,cpu         ] GC(58) User=0.12s Sys=0.00s Real=0.02s
[2.047s][info][gc,start       ] GC(59) Pause Young (Allocation Failure)
[2.067s][info][gc,heap        ] GC(59) PSYoungGen: 25184K(57344K)->25216K(58880K) Eden: 13312K(13312K)->0K(13312K) From: 11872K(44032K)->25216K(45568K)
[2.067s][info][gc,heap        ] GC(59) ParOldGen: 350421K(379392K)->350421K(379392K)
[2.067s][info][gc,metaspace   ] GC(59) Metaspace: 6302K(6528K)->6302K(6528K) NonClass: 5769K(5888K)->5769K(5888K) Class: 533K(640K)->533K(640K)
[2.067s][info][gc             ] GC(59) Pause Young (Allocation Failure) 366M->366M(428M) 19.642ms
[2.067s][info][gc,cpu         ] GC(59) User=0.12s Sys=0.00s Real=0.02s
[2.079s][info][gc,start       ] GC(60) Pause Young (Allocation Failure)
[2.097s][info][gc,heap        ] GC(60) PSYoungGen: 38528K(58880K)->38528K(55808K) Eden: 13312K(13312K)->0K(10240K) From: 25216K(45568K)->38528K(45568K)
[2.097s][info][gc,heap        ] GC(60) ParOldGen: 350421K(379392K)->350421K(379392K)
[2.097s][info][gc,metaspace   ] GC(60) Metaspace: 6302K(6528K)->6302K(6528K) NonClass: 5769K(5888K)->5769K(5888K) Class: 533K(640K)->533K(640K)
[2.097s][info][gc             ] GC(60) Pause Young (Allocation Failure) 379M->379M(425M) 18.047ms
[2.097s][info][gc,cpu         ] GC(60) User=0.11s Sys=0.00s Real=0.02s
[2.109s][info][gc,start       ] GC(61) Pause Young (Allocation Failure)
[2.130s][info][gc,heap        ] GC(61) PSYoungGen: 48768K(55808K)->48736K(60416K) Eden: 10240K(10240K)->0K(10240K) From: 38528K(45568K)->48736K(50176K)
[2.130s][info][gc,heap        ] GC(61) ParOldGen: 350421K(379392K)->350421K(379392K)
[2.130s][info][gc,metaspace   ] GC(61) Metaspace: 6302K(6528K)->6302K(6528K) NonClass: 5769K(5888K)->5769K(5888K) Class: 533K(640K)->533K(640K)
[2.130s][info][gc             ] GC(61) Pause Young (Allocation Failure) 389M->389M(429M) 21.917ms
[2.130s][info][gc,cpu         ] GC(61) User=0.12s Sys=0.00s Real=0.02s
[2.140s][info][gc,start       ] GC(62) Pause Young (Allocation Failure)
[2.167s][info][gc,heap        ] GC(62) PSYoungGen: 58976K(60416K)->47264K(64512K) Eden: 10240K(10240K)->0K(6656K) From: 48736K(50176K)->47264K(57856K)
[2.167s][info][gc,heap        ] GC(62) ParOldGen: 350421K(379392K)->362365K(379392K)
[2.167s][info][gc,metaspace   ] GC(62) Metaspace: 6302K(6528K)->6302K(6528K) NonClass: 5769K(5888K)->5769K(5888K) Class: 533K(640K)->533K(640K)
[2.167s][info][gc             ] GC(62) Pause Young (Allocation Failure) 399M->400M(433M) 26.639ms
[2.167s][info][gc,cpu         ] GC(62) User=0.14s Sys=0.00s Real=0.03s
[2.167s][info][gc,start       ] GC(63) Pause Full (Ergonomics)
[2.167s][info][gc,phases,start] GC(63) Marking Phase
[2.247s][info][gc,phases      ] GC(63) Marking Phase 80.227ms
[2.247s][info][gc,phases,start] GC(63) Summary Phase
[2.247s][info][gc,phases      ] GC(63) Summary Phase 0.026ms
[2.247s][info][gc,phases,start] GC(63) Adjust Roots
[2.248s][info][gc,phases      ] GC(63) Adjust Roots 0.147ms
[2.248s][info][gc,phases,start] GC(63) Compaction Phase
[2.315s][info][gc,phases      ] GC(63) Compaction Phase 67.005ms
[2.315s][info][gc,phases,start] GC(63) Post Compact
[2.317s][info][gc,phases      ] GC(63) Post Compact 2.046ms
[2.317s][info][gc,heap        ] GC(63) PSYoungGen: 47264K(64512K)->21941K(64512K) Eden: 0K(6656K)->0K(6656K) From: 47264K(57856K)->21941K(57856K)
[2.317s][info][gc,heap        ] GC(63) ParOldGen: 362365K(379392K)->378946K(427520K)
[2.317s][info][gc,metaspace   ] GC(63) Metaspace: 6302K(6528K)->6302K(6528K) NonClass: 5769K(5888K)->5769K(5888K) Class: 533K(640K)->533K(640K)
[2.317s][info][gc             ] GC(63) Pause Full (Ergonomics) 400M->391M(480M) 150.023ms
[2.317s][info][gc,cpu         ] GC(63) User=0.80s Sys=0.00s Real=0.15s
[2.326s][info][gc,start       ] GC(64) Pause Young (Allocation Failure)
[2.354s][info][gc,heap        ] GC(64) PSYoungGen: 28597K(64512K)->23264K(30208K) Eden: 6656K(6656K)->0K(6656K) From: 21941K(57856K)->23264K(23552K)
[2.354s][info][gc,heap        ] GC(64) ParOldGen: 378946K(427520K)->384498K(427520K)
[2.354s][info][gc,metaspace   ] GC(64) Metaspace: 6302K(6528K)->6302K(6528K) NonClass: 5769K(5888K)->5769K(5888K) Class: 533K(640K)->533K(640K)
[2.354s][info][gc             ] GC(64) Pause Young (Allocation Failure) 397M->398M(447M) 27.656ms
[2.354s][info][gc,cpu         ] GC(64) User=0.12s Sys=0.02s Real=0.03s
[2.361s][info][gc,start       ] GC(65) Pause Young (Allocation Failure)
[2.375s][info][gc,heap        ] GC(65) PSYoungGen: 29920K(30208K)->23168K(61440K) Eden: 6656K(6656K)->0K(7680K) From: 23264K(23552K)->23168K(53760K)
[2.375s][info][gc,heap        ] GC(65) ParOldGen: 384498K(427520K)->391298K(427520K)
[2.376s][info][gc,metaspace   ] GC(65) Metaspace: 6302K(6528K)->6302K(6528K) NonClass: 5769K(5888K)->5769K(5888K) Class: 533K(640K)->533K(640K)
[2.376s][info][gc             ] GC(65) Pause Young (Allocation Failure) 404M->404M(477M) 14.446ms
[2.376s][info][gc,cpu         ] GC(65) User=0.02s Sys=0.00s Real=0.01s
[2.383s][info][gc,start       ] GC(66) Pause Young (Allocation Failure)
[2.398s][info][gc,heap        ] GC(66) PSYoungGen: 30848K(61440K)->26208K(34304K) Eden: 7680K(7680K)->0K(7680K) From: 23168K(53760K)->26208K(26624K)
[2.398s][info][gc,heap        ] GC(66) ParOldGen: 391298K(427520K)->396034K(427520K)
[2.398s][info][gc,metaspace   ] GC(66) Metaspace: 6302K(6528K)->6302K(6528K) NonClass: 5769K(5888K)->5769K(5888K) Class: 533K(640K)->533K(640K)
[2.398s][info][gc             ] GC(66) Pause Young (Allocation Failure) 412M->412M(451M) 14.743ms
[2.398s][info][gc,cpu         ] GC(66) User=0.02s Sys=0.00s Real=0.02s
[2.406s][info][gc,start       ] GC(67) Pause Young (Allocation Failure)
[2.422s][info][gc,heap        ] GC(67) PSYoungGen: 33888K(34304K)->22112K(58368K) Eden: 7680K(7680K)->0K(9216K) From: 26208K(26624K)->22112K(49152K)
[2.422s][info][gc,heap        ] GC(67) ParOldGen: 396034K(427520K)->407994K(427520K)
[2.422s][info][gc,metaspace   ] GC(67) Metaspace: 6302K(6528K)->6302K(6528K) NonClass: 5769K(5888K)->5769K(5888K) Class: 533K(640K)->533K(640K)
[2.422s][info][gc             ] GC(67) Pause Young (Allocation Failure) 419M->420M(474M) 16.463ms
[2.422s][info][gc,cpu         ] GC(67) User=0.02s Sys=0.00s Real=0.02s
[2.432s][info][gc,start       ] GC(68) Pause Young (Allocation Failure)
[2.448s][info][gc,heap        ] GC(68) PSYoungGen: 31328K(58368K)->16992K(60928K) Eden: 9216K(9216K)->0K(9216K) From: 22112K(49152K)->16992K(51712K)
[2.448s][info][gc,heap        ] GC(68) ParOldGen: 407994K(427520K)->422498K(427520K)
[2.448s][info][gc,metaspace   ] GC(68) Metaspace: 6302K(6528K)->6302K(6528K) NonClass: 5769K(5888K)->5769K(5888K) Class: 533K(640K)->533K(640K)
[2.448s][info][gc             ] GC(68) Pause Young (Allocation Failure) 429M->429M(477M) 15.738ms
[2.448s][info][gc,cpu         ] GC(68) User=0.02s Sys=0.00s Real=0.02s
[2.448s][info][gc,start       ] GC(69) Pause Full (Ergonomics)
[2.448s][info][gc,phases,start] GC(69) Marking Phase
[2.543s][info][gc,phases      ] GC(69) Marking Phase 95.374ms
[2.543s][info][gc,phases,start] GC(69) Summary Phase
[2.543s][info][gc,phases      ] GC(69) Summary Phase 0.025ms
[2.543s][info][gc,phases,start] GC(69) Adjust Roots
[2.543s][info][gc,phases      ] GC(69) Adjust Roots 0.151ms
[2.543s][info][gc,phases,start] GC(69) Compaction Phase
[2.589s][info][gc,phases      ] GC(69) Compaction Phase 45.116ms
[2.589s][info][gc,phases,start] GC(69) Post Compact
[2.591s][info][gc,phases      ] GC(69) Post Compact 2.176ms
[2.591s][info][gc,heap        ] GC(69) PSYoungGen: 16992K(60928K)->11233K(60928K) Eden: 0K(9216K)->0K(9216K) From: 16992K(51712K)->11233K(51712K)
[2.591s][info][gc,heap        ] GC(69) ParOldGen: 422498K(427520K)->427384K(479232K)
[2.591s][info][gc,metaspace   ] GC(69) Metaspace: 6302K(6528K)->6302K(6528K) NonClass: 5769K(5888K)->5769K(5888K) Class: 533K(640K)->533K(640K)
[2.591s][info][gc             ] GC(69) Pause Full (Ergonomics) 429M->428M(527M) 143.548ms
[2.591s][info][gc,cpu         ] GC(69) User=0.89s Sys=0.00s Real=0.14s
[2.601s][info][gc,start       ] GC(70) Pause Young (Allocation Failure)
[2.628s][info][gc,heap        ] GC(70) PSYoungGen: 20449K(60928K)->9312K(59392K) Eden: 9216K(9216K)->0K(10240K) From: 11233K(51712K)->9312K(49152K)
[2.628s][info][gc,heap        ] GC(70) ParOldGen: 427384K(479232K)->438792K(479232K)
[2.628s][info][gc,metaspace   ] GC(70) Metaspace: 6302K(6528K)->6302K(6528K) NonClass: 5769K(5888K)->5769K(5888K) Class: 533K(640K)->533K(640K)
[2.628s][info][gc             ] GC(70) Pause Young (Allocation Failure) 437M->437M(526M) 27.259ms
[2.628s][info][gc,cpu         ] GC(70) User=0.12s Sys=0.00s Real=0.03s
[2.639s][info][gc,start       ] GC(71) Pause Young (Allocation Failure)
[2.651s][info][gc,heap        ] GC(71) PSYoungGen: 19552K(59392K)->10368K(60416K) Eden: 10240K(10240K)->0K(10240K) From: 9312K(49152K)->10368K(50176K)
[2.651s][info][gc,heap        ] GC(71) ParOldGen: 438792K(479232K)->448152K(479232K)
[2.651s][info][gc,metaspace   ] GC(71) Metaspace: 6302K(6528K)->6302K(6528K) NonClass: 5769K(5888K)->5769K(5888K) Class: 533K(640K)->533K(640K)
[2.651s][info][gc             ] GC(71) Pause Young (Allocation Failure) 447M->447M(527M) 11.415ms
[2.651s][info][gc,cpu         ] GC(71) User=0.02s Sys=0.00s Real=0.01s
[2.663s][info][gc,start       ] GC(72) Pause Young (Allocation Failure)
[2.674s][info][gc,heap        ] GC(72) PSYoungGen: 20608K(60416K)->10336K(59392K) Eden: 10240K(10240K)->0K(11776K) From: 10368K(50176K)->10336K(47616K)
[2.674s][info][gc,heap        ] GC(72) ParOldGen: 448152K(479232K)->458528K(479232K)
[2.674s][info][gc,metaspace   ] GC(72) Metaspace: 6302K(6528K)->6302K(6528K) NonClass: 5769K(5888K)->5769K(5888K) Class: 533K(640K)->533K(640K)
[2.674s][info][gc             ] GC(72) Pause Young (Allocation Failure) 457M->457M(526M) 11.579ms
[2.674s][info][gc,cpu         ] GC(72) User=0.00s Sys=0.00s Real=0.01s
[2.687s][info][gc,start       ] GC(73) Pause Young (Allocation Failure)
[2.700s][info][gc,heap        ] GC(73) PSYoungGen: 22112K(59392K)->11872K(60416K) Eden: 11776K(11776K)->0K(11776K) From: 10336K(47616K)->11872K(48640K)
[2.700s][info][gc,heap        ] GC(73) ParOldGen: 458528K(479232K)->468928K(479232K)
[2.700s][info][gc,metaspace   ] GC(73) Metaspace: 6302K(6528K)->6302K(6528K) NonClass: 5769K(5888K)->5769K(5888K) Class: 533K(640K)->533K(640K)
[2.700s][info][gc             ] GC(73) Pause Young (Allocation Failure) 469M->469M(527M) 12.739ms
[2.700s][info][gc,cpu         ] GC(73) User=0.02s Sys=0.00s Real=0.01s
[2.700s][info][gc,start       ] GC(74) Pause Full (Ergonomics)
[2.700s][info][gc,phases,start] GC(74) Marking Phase
[2.806s][info][gc,phases      ] GC(74) Marking Phase 106.352ms
[2.806s][info][gc,phases,start] GC(74) Summary Phase
[2.806s][info][gc,phases      ] GC(74) Summary Phase 0.028ms
[2.806s][info][gc,phases,start] GC(74) Adjust Roots
[2.806s][info][gc,phases      ] GC(74) Adjust Roots 0.149ms
[2.806s][info][gc,phases,start] GC(74) Compaction Phase
[2.853s][info][gc,phases      ] GC(74) Compaction Phase 46.241ms
[2.853s][info][gc,phases,start] GC(74) Post Compact
[2.855s][info][gc,phases      ] GC(74) Post Compact 2.259ms
[2.855s][info][gc,heap        ] GC(74) PSYoungGen: 11872K(60416K)->1018K(60416K) Eden: 0K(11776K)->0K(11776K) From: 11872K(48640K)->1018K(48640K)
[2.855s][info][gc,heap        ] GC(74) ParOldGen: 468928K(479232K)->478946K(534016K)
[2.855s][info][gc,metaspace   ] GC(74) Metaspace: 6302K(6528K)->6302K(6528K) NonClass: 5769K(5888K)->5769K(5888K) Class: 533K(640K)->533K(640K)
[2.855s][info][gc             ] GC(74) Pause Full (Ergonomics) 469M->468M(580M) 155.553ms
[2.855s][info][gc,cpu         ] GC(74) User=1.02s Sys=0.00s Real=0.15s
[2.869s][info][gc,start       ] GC(75) Pause Young (Allocation Failure)
[2.896s][info][gc,heap        ] GC(75) PSYoungGen: 12794K(60416K)->11872K(57856K) Eden: 11776K(11776K)->0K(13312K) From: 1018K(48640K)->11872K(44544K)
[2.896s][info][gc,heap        ] GC(75) ParOldGen: 478946K(534016K)->480010K(534016K)
[2.896s][info][gc,metaspace   ] GC(75) Metaspace: 6302K(6528K)->6302K(6528K) NonClass: 5769K(5888K)->5769K(5888K) Class: 533K(640K)->533K(640K)
[2.896s][info][gc             ] GC(75) Pause Young (Allocation Failure) 480M->480M(578M) 26.591ms
[2.896s][info][gc,cpu         ] GC(75) User=0.12s Sys=0.00s Real=0.03s
[2.910s][info][gc,start       ] GC(76) Pause Young (Allocation Failure)
[2.923s][info][gc,heap        ] GC(76) PSYoungGen: 25184K(57856K)->25216K(59392K) Eden: 13312K(13312K)->0K(13312K) From: 11872K(44544K)->25216K(46080K)
[2.923s][info][gc,heap        ] GC(76) ParOldGen: 480010K(534016K)->480010K(534016K)
[2.923s][info][gc,metaspace   ] GC(76) Metaspace: 6302K(6528K)->6302K(6528K) NonClass: 5769K(5888K)->5769K(5888K) Class: 533K(640K)->533K(640K)
[2.923s][info][gc             ] GC(76) Pause Young (Allocation Failure) 493M->493M(579M) 13.687ms
[2.923s][info][gc,cpu         ] GC(76) User=0.02s Sys=0.00s Real=0.01s
[2.938s][info][gc,start       ] GC(77) Pause Young (Allocation Failure)
[2.957s][info][gc,heap        ] GC(77) PSYoungGen: 38528K(59392K)->38528K(55808K) Eden: 13312K(13312K)->0K(10240K) From: 25216K(46080K)->38528K(45568K)
[2.957s][info][gc,heap        ] GC(77) ParOldGen: 480010K(534016K)->480010K(534016K)
[2.957s][info][gc,metaspace   ] GC(77) Metaspace: 6302K(6528K)->6302K(6528K) NonClass: 5769K(5888K)->5769K(5888K) Class: 533K(640K)->533K(640K)
[2.957s][info][gc             ] GC(77) Pause Young (Allocation Failure) 506M->506M(576M) 19.125ms
[2.957s][info][gc,cpu         ] GC(77) User=0.12s Sys=0.00s Real=0.02s
[2.968s][info][gc,start       ] GC(78) Pause Young (Allocation Failure)
[2.991s][info][gc,heap        ] GC(78) PSYoungGen: 48768K(55808K)->48736K(60416K) Eden: 10240K(10240K)->0K(10240K) From: 38528K(45568K)->48736K(50176K)
[2.991s][info][gc,heap        ] GC(78) ParOldGen: 480010K(534016K)->480010K(534016K)
[2.991s][info][gc,metaspace   ] GC(78) Metaspace: 6302K(6528K)->6302K(6528K) NonClass: 5769K(5888K)->5769K(5888K) Class: 533K(640K)->533K(640K)
[2.991s][info][gc             ] GC(78) Pause Young (Allocation Failure) 516M->516M(580M) 23.150ms
[2.991s][info][gc,cpu         ] GC(78) User=0.14s Sys=0.00s Real=0.02s
[3.003s][info][gc,start       ] GC(79) Pause Young (Allocation Failure)
[3.030s][info][gc,heap        ] GC(79) PSYoungGen: 58976K(60416K)->47200K(64000K) Eden: 10240K(10240K)->0K(6656K) From: 48736K(50176K)->47200K(57344K)
[3.030s][info][gc,heap        ] GC(79) ParOldGen: 480010K(534016K)->491946K(534016K)
[3.030s][info][gc,metaspace   ] GC(79) Metaspace: 6302K(6528K)->6302K(6528K) NonClass: 5769K(5888K)->5769K(5888K) Class: 533K(640K)->533K(640K)
[3.030s][info][gc             ] GC(79) Pause Young (Allocation Failure) 526M->526M(584M) 27.690ms
[3.030s][info][gc,cpu         ] GC(79) User=0.14s Sys=0.00s Real=0.03s
[3.037s][info][gc,start       ] GC(80) Pause Young (Allocation Failure)
[3.063s][info][gc,heap        ] GC(80) PSYoungGen: 53856K(64000K)->27200K(34304K) Eden: 6656K(6656K)->0K(6656K) From: 47200K(57344K)->27200K(27648K)
[3.063s][info][gc,heap        ] GC(80) ParOldGen: 491946K(534016K)->518890K(534016K)
[3.063s][info][gc,metaspace   ] GC(80) Metaspace: 6302K(6528K)->6302K(6528K) NonClass: 5769K(5888K)->5769K(5888K) Class: 533K(640K)->533K(640K)
[3.063s][info][gc             ] GC(80) Pause Young (Allocation Failure) 533M->533M(555M) 25.397ms
[3.063s][info][gc,cpu         ] GC(80) User=0.11s Sys=0.02s Real=0.03s
[3.063s][info][gc,start       ] GC(81) Pause Full (Ergonomics)
[3.063s][info][gc,phases,start] GC(81) Marking Phase
[3.184s][info][gc,phases      ] GC(81) Marking Phase 121.552ms
[3.184s][info][gc,phases,start] GC(81) Summary Phase
[3.184s][info][gc,phases      ] GC(81) Summary Phase 0.026ms
[3.184s][info][gc,phases,start] GC(81) Adjust Roots
[3.185s][info][gc,phases      ] GC(81) Adjust Roots 0.197ms
[3.185s][info][gc,phases,start] GC(81) Compaction Phase
[3.236s][info][gc,phases      ] GC(81) Compaction Phase 51.124ms
[3.236s][info][gc,phases,start] GC(81) Post Compact
[3.237s][info][gc,phases      ] GC(81) Post Compact 0.857ms
[3.237s][info][gc,heap        ] GC(81) PSYoungGen: 27200K(34304K)->11718K(34304K) Eden: 0K(6656K)->0K(6656K) From: 27200K(27648K)->11718K(27648K)
[3.237s][info][gc,heap        ] GC(81) ParOldGen: 518890K(534016K)->533595K(598528K)
[3.237s][info][gc,metaspace   ] GC(81) Metaspace: 6302K(6528K)->6302K(6528K) NonClass: 5769K(5888K)->5769K(5888K) Class: 533K(640K)->533K(640K)
[3.237s][info][gc             ] GC(81) Pause Full (Ergonomics) 533M->532M(618M) 174.304ms
[3.237s][info][gc,cpu         ] GC(81) User=1.09s Sys=0.08s Real=0.17s
[3.245s][info][gc,start       ] GC(82) Pause Young (Allocation Failure)
[3.276s][info][gc,heap        ] GC(82) PSYoungGen: 18374K(34304K)->9952K(66048K) Eden: 6656K(6656K)->0K(7680K) From: 11718K(27648K)->9952K(58368K)
[3.276s][info][gc,heap        ] GC(82) ParOldGen: 533595K(598528K)->542243K(598528K)
[3.276s][info][gc,metaspace   ] GC(82) Metaspace: 6302K(6528K)->6302K(6528K) NonClass: 5769K(5888K)->5769K(5888K) Class: 533K(640K)->533K(640K)
[3.276s][info][gc             ] GC(82) Pause Young (Allocation Failure) 539M->539M(649M) 31.338ms
[3.276s][info][gc,cpu         ] GC(82) User=0.12s Sys=0.00s Real=0.03s
[3.285s][info][gc,start       ] GC(83) Pause Young (Allocation Failure)
[3.295s][info][gc,heap        ] GC(83) PSYoungGen: 17632K(66048K)->14432K(22528K) Eden: 7680K(7680K)->0K(7680K) From: 9952K(58368K)->14432K(14848K)
[3.295s][info][gc,heap        ] GC(83) ParOldGen: 542243K(598528K)->545547K(598528K)
[3.295s][info][gc,metaspace   ] GC(83) Metaspace: 6302K(6528K)->6302K(6528K) NonClass: 5769K(5888K)->5769K(5888K) Class: 533K(640K)->533K(640K)
[3.295s][info][gc             ] GC(83) Pause Young (Allocation Failure) 546M->546M(606M) 10.572ms
[3.295s][info][gc,cpu         ] GC(83) User=0.02s Sys=0.00s Real=0.01s
[3.304s][info][gc,start       ] GC(84) Pause Young (Allocation Failure)
[3.316s][info][gc,heap        ] GC(84) PSYoungGen: 22112K(22528K)->15488K(61952K) Eden: 7680K(7680K)->0K(8704K) From: 14432K(14848K)->15488K(53248K)
[3.316s][info][gc,heap        ] GC(84) ParOldGen: 545547K(598528K)->552291K(598528K)
[3.316s][info][gc,metaspace   ] GC(84) Metaspace: 6302K(6528K)->6302K(6528K) NonClass: 5769K(5888K)->5769K(5888K) Class: 533K(640K)->533K(640K)
[3.317s][info][gc             ] GC(84) Pause Young (Allocation Failure) 554M->554M(645M) 12.494ms
[3.317s][info][gc,cpu         ] GC(84) User=0.00s Sys=0.00s Real=0.01s
[3.326s][info][gc,start       ] GC(85) Pause Young (Allocation Failure)
[3.340s][info][gc,heap        ] GC(85) PSYoungGen: 24192K(61952K)->16480K(25600K) Eden: 8704K(8704K)->0K(8704K) From: 15488K(53248K)->16480K(16896K)
[3.340s][info][gc,heap        ] GC(85) ParOldGen: 552291K(598528K)->560083K(598528K)
[3.340s][info][gc,metaspace   ] GC(85) Metaspace: 6302K(6528K)->6302K(6528K) NonClass: 5769K(5888K)->5769K(5888K) Class: 533K(640K)->533K(640K)
[3.340s][info][gc             ] GC(85) Pause Young (Allocation Failure) 562M->563M(609M) 13.621ms
[3.340s][info][gc,cpu         ] GC(85) User=0.02s Sys=0.00s Real=0.01s
[3.350s][info][gc,start       ] GC(86) Pause Young (Allocation Failure)
[3.364s][info][gc,heap        ] GC(86) PSYoungGen: 25184K(25600K)->17536K(59392K) Eden: 8704K(8704K)->0K(10240K) From: 16480K(16896K)->17536K(49152K)
[3.364s][info][gc,heap        ] GC(86) ParOldGen: 560083K(598528K)->567867K(598528K)
[3.364s][info][gc,metaspace   ] GC(86) Metaspace: 6302K(6528K)->6302K(6528K) NonClass: 5769K(5888K)->5769K(5888K) Class: 533K(640K)->533K(640K)
[3.364s][info][gc             ] GC(86) Pause Young (Allocation Failure) 571M->571M(642M) 14.224ms
[3.364s][info][gc,cpu         ] GC(86) User=0.00s Sys=0.00s Real=0.01s
[3.375s][info][gc,start       ] GC(87) Pause Young (Allocation Failure)
[3.391s][info][gc,heap        ] GC(87) PSYoungGen: 27776K(59392K)->10368K(61440K) Eden: 10240K(10240K)->0K(10240K) From: 17536K(49152K)->10368K(51200K)
[3.391s][info][gc,heap        ] GC(87) ParOldGen: 567867K(598528K)->585491K(598528K)
[3.391s][info][gc,metaspace   ] GC(87) Metaspace: 6302K(6528K)->6302K(6528K) NonClass: 5769K(5888K)->5769K(5888K) Class: 533K(640K)->533K(640K)
[3.391s][info][gc             ] GC(87) Pause Young (Allocation Failure) 581M->581M(644M) 15.656ms
[3.391s][info][gc,cpu         ] GC(87) User=0.02s Sys=0.00s Real=0.02s
[3.391s][info][gc,start       ] GC(88) Pause Full (Ergonomics)
[3.391s][info][gc,phases,start] GC(88) Marking Phase
[3.516s][info][gc,phases      ] GC(88) Marking Phase 125.437ms
[3.516s][info][gc,phases,start] GC(88) Summary Phase
[3.516s][info][gc,phases      ] GC(88) Summary Phase 0.025ms
[3.516s][info][gc,phases,start] GC(88) Adjust Roots
[3.516s][info][gc,phases      ] GC(88) Adjust Roots 0.161ms
[3.516s][info][gc,phases,start] GC(88) Compaction Phase
[3.569s][info][gc,phases      ] GC(88) Compaction Phase 52.160ms
[3.569s][info][gc,phases,start] GC(88) Post Compact
[3.570s][info][gc,phases      ] GC(88) Post Compact 1.063ms
[3.570s][info][gc,heap        ] GC(88) PSYoungGen: 10368K(61440K)->0K(61952K) Eden: 0K(10240K)->0K(11776K) From: 10368K(51200K)->0K(50176K)
[3.570s][info][gc,heap        ] GC(88) ParOldGen: 585491K(598528K)->594801K(661504K)
[3.570s][info][gc,metaspace   ] GC(88) Metaspace: 6302K(6528K)->6302K(6528K) NonClass: 5769K(5888K)->5769K(5888K) Class: 533K(640K)->533K(640K)
[3.570s][info][gc             ] GC(88) Pause Full (Ergonomics) 581M->580M(706M) 179.332ms
[3.570s][info][gc,cpu         ] GC(88) User=1.20s Sys=0.00s Real=0.18s
[3.584s][info][gc,start       ] GC(89) Pause Young (Allocation Failure)
[3.592s][info][gc,heap        ] GC(89) PSYoungGen: 11776K(61952K)->11904K(61952K) Eden: 11776K(11776K)->0K(11776K) From: 0K(50176K)->11904K(50176K)
[3.592s][info][gc,heap        ] GC(89) ParOldGen: 594801K(661504K)->594801K(661504K)
[3.592s][info][gc,metaspace   ] GC(89) Metaspace: 6302K(6528K)->6302K(6528K) NonClass: 5769K(5888K)->5769K(5888K) Class: 533K(640K)->533K(640K)
[3.592s][info][gc             ] GC(89) Pause Young (Allocation Failure) 592M->592M(706M) 8.599ms
[3.592s][info][gc,cpu         ] GC(89) User=0.02s Sys=0.00s Real=0.01s
[3.606s][info][gc,start       ] GC(90) Pause Young (Allocation Failure)
[3.619s][info][gc,heap        ] GC(90) PSYoungGen: 23680K(61952K)->23648K(58880K) Eden: 11776K(11776K)->0K(13312K) From: 11904K(50176K)->23648K(45568K)
[3.619s][info][gc,heap        ] GC(90) ParOldGen: 594801K(661504K)->594801K(661504K)
[3.619s][info][gc,metaspace   ] GC(90) Metaspace: 6302K(6528K)->6302K(6528K) NonClass: 5769K(5888K)->5769K(5888K) Class: 533K(640K)->533K(640K)
[3.619s][info][gc             ] GC(90) Pause Young (Allocation Failure) 603M->603M(703M) 13.439ms
[3.619s][info][gc,cpu         ] GC(90) User=0.02s Sys=0.00s Real=0.01s
[3.636s][info][gc,start       ] GC(91) Pause Young (Allocation Failure)
[3.656s][info][gc,heap        ] GC(91) PSYoungGen: 36960K(58880K)->36960K(60416K) Eden: 13312K(13312K)->0K(13312K) From: 23648K(45568K)->36960K(47104K)
[3.656s][info][gc,heap        ] GC(91) ParOldGen: 594801K(661504K)->594801K(661504K)
[3.656s][info][gc,metaspace   ] GC(91) Metaspace: 6302K(6528K)->6302K(6528K) NonClass: 5769K(5888K)->5769K(5888K) Class: 533K(640K)->533K(640K)
[3.656s][info][gc             ] GC(91) Pause Young (Allocation Failure) 616M->616M(705M) 19.877ms
[3.656s][info][gc,cpu         ] GC(91) User=0.12s Sys=0.00s Real=0.02s
[3.672s][info][gc,start       ] GC(92) Pause Young (Allocation Failure)
[3.697s][info][gc,heap        ] GC(92) PSYoungGen: 50272K(60416K)->38496K(61952K) Eden: 13312K(13312K)->0K(11264K) From: 36960K(47104K)->38496K(50688K)
[3.697s][info][gc,heap        ] GC(92) ParOldGen: 594801K(661504K)->606737K(661504K)
[3.697s][info][gc,metaspace   ] GC(92) Metaspace: 6302K(6528K)->6302K(6528K) NonClass: 5769K(5888K)->5769K(5888K) Class: 533K(640K)->533K(640K)
[3.697s][info][gc             ] GC(92) Pause Young (Allocation Failure) 629M->630M(706M) 25.242ms
[3.697s][info][gc,cpu         ] GC(92) User=0.14s Sys=0.00s Real=0.03s
[3.711s][info][gc,start       ] GC(93) Pause Young (Allocation Failure)
[3.736s][info][gc,heap        ] GC(93) PSYoungGen: 49760K(61952K)->37984K(65536K) Eden: 11264K(11264K)->0K(11264K) From: 38496K(50688K)->37984K(54272K)
[3.736s][info][gc,heap        ] GC(93) ParOldGen: 606737K(661504K)->618689K(661504K)
[3.736s][info][gc,metaspace   ] GC(93) Metaspace: 6302K(6528K)->6302K(6528K) NonClass: 5769K(5888K)->5769K(5888K) Class: 533K(640K)->533K(640K)
[3.736s][info][gc             ] GC(93) Pause Young (Allocation Failure) 641M->641M(710M) 25.198ms
[3.736s][info][gc,cpu         ] GC(93) User=0.11s Sys=0.00s Real=0.03s
[3.750s][info][gc,start       ] GC(94) Pause Young (Allocation Failure)
[3.774s][info][gc,heap        ] GC(94) PSYoungGen: 49248K(65536K)->36000K(68096K) Eden: 11264K(11264K)->0K(11776K) From: 37984K(54272K)->36000K(56320K)
[3.774s][info][gc,heap        ] GC(94) ParOldGen: 618689K(661504K)->632193K(661504K)
[3.774s][info][gc,metaspace   ] GC(94) Metaspace: 6302K(6528K)->6302K(6528K) NonClass: 5769K(5888K)->5769K(5888K) Class: 533K(640K)->533K(640K)
[3.774s][info][gc             ] GC(94) Pause Young (Allocation Failure) 652M->652M(712M) 24.259ms
[3.774s][info][gc,cpu         ] GC(94) User=0.12s Sys=0.00s Real=0.02s
[3.788s][info][gc,start       ] GC(95) Pause Young (Allocation Failure)
[3.813s][info][gc,heap        ] GC(95) PSYoungGen: 47776K(68096K)->23104K(35328K) Eden: 11776K(11776K)->0K(11776K) From: 36000K(56320K)->23104K(23552K)
[3.813s][info][gc,heap        ] GC(95) ParOldGen: 632193K(661504K)->657073K(661504K)
[3.813s][info][gc,metaspace   ] GC(95) Metaspace: 6302K(6528K)->6302K(6528K) NonClass: 5769K(5888K)->5769K(5888K) Class: 533K(640K)->533K(640K)
[3.813s][info][gc             ] GC(95) Pause Young (Allocation Failure) 664M->664M(680M) 24.538ms
[3.813s][info][gc,cpu         ] GC(95) User=0.12s Sys=0.00s Real=0.02s
[3.813s][info][gc,start       ] GC(96) Pause Full (Ergonomics)
[3.813s][info][gc,phases,start] GC(96) Marking Phase
[3.954s][info][gc,phases      ] GC(96) Marking Phase 141.313ms
[3.954s][info][gc,phases,start] GC(96) Summary Phase
[3.954s][info][gc,phases      ] GC(96) Summary Phase 0.021ms
[3.954s][info][gc,phases,start] GC(96) Adjust Roots
[3.954s][info][gc,phases      ] GC(96) Adjust Roots 0.151ms
[3.954s][info][gc,phases,start] GC(96) Compaction Phase
[4.013s][info][gc,phases      ] GC(96) Compaction Phase 58.285ms
[4.013s][info][gc,phases,start] GC(96) Post Compact
[4.014s][info][gc,phases      ] GC(96) Post Compact 1.001ms
[4.014s][info][gc,heap        ] GC(96) PSYoungGen: 23104K(35328K)->17868K(35328K) Eden: 0K(11776K)->0K(11776K) From: 23104K(23552K)->17868K(23552K)
[4.014s][info][gc,heap        ] GC(96) ParOldGen: 657073K(661504K)->661190K(737280K)
[4.014s][info][gc,metaspace   ] GC(96) Metaspace: 6302K(6528K)->6302K(6528K) NonClass: 5769K(5888K)->5769K(5888K) Class: 533K(640K)->533K(640K)
[4.014s][info][gc             ] GC(96) Pause Full (Ergonomics) 664M->663M(754M) 201.297ms
[4.014s][info][gc,cpu         ] GC(96) User=1.41s Sys=0.00s Real=0.20s
[4.029s][info][gc,start       ] GC(97) Pause Young (Allocation Failure)
[4.070s][info][gc,heap        ] GC(97) PSYoungGen: 29644K(35328K)->11904K(67072K) Eden: 11776K(11776K)->0K(13312K) From: 17868K(23552K)->11904K(53760K)
[4.070s][info][gc,heap        ] GC(97) ParOldGen: 661190K(737280K)->679350K(737280K)
[4.070s][info][gc,metaspace   ] GC(97) Metaspace: 6302K(6528K)->6302K(6528K) NonClass: 5769K(5888K)->5769K(5888K) Class: 533K(640K)->533K(640K)
[4.071s][info][gc             ] GC(97) Pause Young (Allocation Failure) 674M->675M(785M) 41.356ms
[4.071s][info][gc,cpu         ] GC(97) User=0.23s Sys=0.02s Real=0.04s
[4.087s][info][gc,start       ] GC(98) Pause Young (Allocation Failure)
[4.103s][info][gc,heap        ] GC(98) PSYoungGen: 25216K(67072K)->13472K(67584K) Eden: 13312K(13312K)->0K(13312K) From: 11904K(53760K)->13472K(54272K)
[4.103s][info][gc,heap        ] GC(98) ParOldGen: 679350K(737280K)->691286K(737280K)
[4.103s][info][gc,metaspace   ] GC(98) Metaspace: 6302K(6528K)->6302K(6528K) NonClass: 5769K(5888K)->5769K(5888K) Class: 533K(640K)->533K(640K)
[4.103s][info][gc             ] GC(98) Pause Young (Allocation Failure) 688M->688M(786M) 15.925ms
[4.103s][info][gc,cpu         ] GC(98) User=0.02s Sys=0.00s Real=0.02s
[4.228s][info][gc,start       ] GC(99) Pause Full (Ergonomics)
[4.228s][info][gc,phases,start] GC(99) Marking Phase
[4.391s][info][gc,phases      ] GC(99) Marking Phase 163.027ms
[4.392s][info][gc,phases,start] GC(99) Summary Phase
[4.392s][info][gc,phases      ] GC(99) Summary Phase 0.049ms
[4.392s][info][gc,phases,start] GC(99) Adjust Roots
[4.392s][info][gc,phases      ] GC(99) Adjust Roots 0.236ms
[4.392s][info][gc,phases,start] GC(99) Compaction Phase
[4.509s][info][gc,phases      ] GC(99) Compaction Phase 117.155ms
[4.509s][info][gc,phases,start] GC(99) Post Compact
[4.511s][info][gc,phases      ] GC(99) Post Compact 1.411ms
[4.511s][info][gc,heap        ] GC(99) PSYoungGen: 26784K(67584K)->0K(68096K) Eden: 13312K(13312K)->0K(14848K) From: 13472K(54272K)->0K(53248K)
[4.511s][info][gc,heap        ] GC(99) ParOldGen: 724054K(737280K)->733752K(815616K)
[4.511s][info][gc,metaspace   ] GC(99) Metaspace: 6302K(6528K)->6302K(6528K) NonClass: 5769K(5888K)->5769K(5888K) Class: 533K(640K)->533K(640K)
[4.511s][info][gc             ] GC(99) Pause Full (Ergonomics) 733M->716M(863M) 282.556ms
[4.511s][info][gc,cpu         ] GC(99) User=1.89s Sys=0.00s Real=0.28s
[4.529s][info][gc,start       ] GC(100) Pause Young (Allocation Failure)
[4.543s][info][gc,heap        ] GC(100) PSYoungGen: 14848K(68096K)->14976K(68096K) Eden: 14848K(14848K)->0K(14848K) From: 0K(53248K)->14976K(53248K)
[4.543s][info][gc,heap        ] GC(100) ParOldGen: 733752K(815616K)->733752K(815616K)
[4.543s][info][gc,metaspace   ] GC(100) Metaspace: 6302K(6528K)->6302K(6528K) NonClass: 5769K(5888K)->5769K(5888K) Class: 533K(640K)->533K(640K)
[4.543s][info][gc             ] GC(100) Pause Young (Allocation Failure) 731M->731M(863M) 14.059ms
[4.543s][info][gc,cpu         ] GC(100) User=0.00s Sys=0.00s Real=0.01s
[4.558s][info][gc,start       ] GC(101) Pause Young (Allocation Failure)
[4.575s][info][gc,heap        ] GC(101) PSYoungGen: 29824K(68096K)->29792K(67072K) Eden: 14848K(14848K)->0K(16384K) From: 14976K(53248K)->29792K(50688K)
[4.575s][info][gc,heap        ] GC(101) ParOldGen: 733752K(815616K)->733752K(815616K)
[4.575s][info][gc,metaspace   ] GC(101) Metaspace: 6302K(6528K)->6302K(6528K) NonClass: 5769K(5888K)->5769K(5888K) Class: 533K(640K)->533K(640K)
[4.575s][info][gc             ] GC(101) Pause Young (Allocation Failure) 745M->745M(862M) 17.309ms
[4.575s][info][gc,cpu         ] GC(101) User=0.03s Sys=0.00s Real=0.02s
[4.593s][info][gc,start       ] GC(102) Pause Young (Allocation Failure)
[4.615s][info][gc,heap        ] GC(102) PSYoungGen: 46176K(67072K)->46208K(67584K) Eden: 16384K(16384K)->0K(16384K) From: 29792K(50688K)->46208K(51200K)
[4.615s][info][gc,heap        ] GC(102) ParOldGen: 733752K(815616K)->733752K(815616K)
[4.615s][info][gc,metaspace   ] GC(102) Metaspace: 6302K(6528K)->6302K(6528K) NonClass: 5769K(5888K)->5769K(5888K) Class: 533K(640K)->533K(640K)
[4.615s][info][gc             ] GC(102) Pause Young (Allocation Failure) 761M->761M(862M) 22.813ms
[4.615s][info][gc,cpu         ] GC(102) User=0.03s Sys=0.00s Real=0.02s
[4.632s][info][gc,start       ] GC(103) Pause Young (Allocation Failure)
[4.661s][info][gc,heap        ] GC(103) PSYoungGen: 62592K(67584K)->57344K(65536K) Eden: 16384K(16384K)->0K(8192K) From: 46208K(51200K)->57344K(57344K)
[4.662s][info][gc,heap        ] GC(103) ParOldGen: 733752K(815616K)->738968K(815616K)
[4.662s][info][gc,metaspace   ] GC(103) Metaspace: 6302K(6528K)->6302K(6528K) NonClass: 5769K(5888K)->5769K(5888K) Class: 533K(640K)->533K(640K)
[4.662s][info][gc             ] GC(103) Pause Young (Allocation Failure) 777M->777M(860M) 29.351ms
[4.662s][info][gc,cpu         ] GC(103) User=0.11s Sys=0.02s Real=0.03s
[4.670s][info][gc,start       ] GC(104) Pause Young (Allocation Failure)
[4.700s][info][gc,heap        ] GC(104) PSYoungGen: 65536K(65536K)->38720K(75776K) Eden: 8192K(8192K)->0K(8192K) From: 57344K(57344K)->38720K(67584K)
[4.700s][info][gc,heap        ] GC(104) ParOldGen: 738968K(815616K)->766256K(815616K)
[4.700s][info][gc,metaspace   ] GC(104) Metaspace: 6302K(6528K)->6302K(6528K) NonClass: 5769K(5888K)->5769K(5888K) Class: 533K(640K)->533K(640K)
[4.700s][info][gc             ] GC(104) Pause Young (Allocation Failure) 785M->786M(870M) 30.553ms
[4.700s][info][gc,cpu         ] GC(104) User=0.12s Sys=0.02s Real=0.03s
[4.709s][info][gc,start       ] GC(105) Pause Young (Allocation Failure)
[4.732s][info][gc,heap        ] GC(105) PSYoungGen: 46912K(75776K)->16448K(74240K) Eden: 8192K(8192K)->0K(9728K) From: 38720K(67584K)->16448K(64512K)
[4.732s][info][gc,heap        ] GC(105) ParOldGen: 766256K(815616K)->797048K(815616K)
[4.732s][info][gc,metaspace   ] GC(105) Metaspace: 6302K(6528K)->6302K(6528K) NonClass: 5769K(5888K)->5769K(5888K) Class: 533K(640K)->533K(640K)
[4.732s][info][gc             ] GC(105) Pause Young (Allocation Failure) 794M->794M(869M) 23.497ms
[4.732s][info][gc,cpu         ] GC(105) User=0.11s Sys=0.02s Real=0.02s
[4.732s][info][gc,start       ] GC(106) Pause Full (Ergonomics)
[4.732s][info][gc,phases,start] GC(106) Marking Phase
[4.913s][info][gc,phases      ] GC(106) Marking Phase 180.633ms
[4.913s][info][gc,phases,start] GC(106) Summary Phase
[4.913s][info][gc,phases      ] GC(106) Summary Phase 0.028ms
[4.913s][info][gc,phases,start] GC(106) Adjust Roots
[4.913s][info][gc,phases      ] GC(106) Adjust Roots 0.148ms
[4.913s][info][gc,phases,start] GC(106) Compaction Phase
[4.993s][info][gc,phases      ] GC(106) Compaction Phase 79.454ms
[4.993s][info][gc,phases,start] GC(106) Post Compact
[4.994s][info][gc,phases      ] GC(106) Post Compact 1.371ms
[4.995s][info][gc,heap        ] GC(106) PSYoungGen: 16448K(74240K)->0K(75776K) Eden: 0K(9728K)->0K(9728K) From: 16448K(64512K)->0K(66048K)
[4.995s][info][gc,heap        ] GC(106) ParOldGen: 797048K(815616K)->812411K(908288K)
[4.995s][info][gc,metaspace   ] GC(106) Metaspace: 6302K(6528K)->6302K(6528K) NonClass: 5769K(5888K)->5769K(5888K) Class: 533K(640K)->533K(640K)
[4.995s][info][gc             ] GC(106) Pause Full (Ergonomics) 794M->793M(961M) 262.282ms
[4.995s][info][gc,cpu         ] GC(106) User=1.78s Sys=0.00s Real=0.26s
[5.007s][info][gc,start       ] GC(107) Pause Young (Allocation Failure)
[5.019s][info][gc,heap        ] GC(107) PSYoungGen: 9728K(75776K)->9856K(75264K) Eden: 9728K(9728K)->0K(10752K) From: 0K(66048K)->9856K(64512K)
[5.019s][info][gc,heap        ] GC(107) ParOldGen: 812411K(908288K)->812411K(908288K)
[5.019s][info][gc,metaspace   ] GC(107) Metaspace: 6302K(6528K)->6302K(6528K) NonClass: 5769K(5888K)->5769K(5888K) Class: 533K(640K)->533K(640K)
[5.019s][info][gc             ] GC(107) Pause Young (Allocation Failure) 802M->802M(960M) 12.675ms
[5.019s][info][gc,cpu         ] GC(107) User=0.00s Sys=0.00s Real=0.01s
[5.030s][info][gc,start       ] GC(108) Pause Young (Allocation Failure)
[5.045s][info][gc,heap        ] GC(108) PSYoungGen: 20608K(75264K)->20576K(31744K) Eden: 10752K(10752K)->0K(10752K) From: 9856K(64512K)->20576K(20992K)
[5.045s][info][gc,heap        ] GC(108) ParOldGen: 812411K(908288K)->812411K(908288K)
[5.045s][info][gc,metaspace   ] GC(108) Metaspace: 6302K(6528K)->6302K(6528K) NonClass: 5769K(5888K)->5769K(5888K) Class: 533K(640K)->533K(640K)
[5.045s][info][gc             ] GC(108) Pause Young (Allocation Failure) 813M->813M(918M) 15.147ms
[5.045s][info][gc,cpu         ] GC(108) User=0.02s Sys=0.00s Real=0.02s
[5.057s][info][gc,start       ] GC(109) Pause Young (Allocation Failure)
[5.075s][info][gc,heap        ] GC(109) PSYoungGen: 31328K(31744K)->21600K(69120K) Eden: 10752K(10752K)->0K(12288K) From: 20576K(20992K)->21600K(56832K)
[5.075s][info][gc,heap        ] GC(109) ParOldGen: 812411K(908288K)->822267K(908288K)
[5.075s][info][gc,metaspace   ] GC(109) Metaspace: 6302K(6528K)->6302K(6528K) NonClass: 5769K(5888K)->5769K(5888K) Class: 533K(640K)->533K(640K)
[5.075s][info][gc             ] GC(109) Pause Young (Allocation Failure) 823M->824M(954M) 17.718ms
[5.075s][info][gc,cpu         ] GC(109) User=0.03s Sys=0.00s Real=0.02s
[5.089s][info][gc,start       ] GC(110) Pause Young (Allocation Failure)
[5.107s][info][gc,heap        ] GC(110) PSYoungGen: 33888K(69120K)->23136K(35840K) Eden: 12288K(12288K)->0K(12288K) From: 21600K(56832K)->23136K(23552K)
[5.107s][info][gc,heap        ] GC(110) ParOldGen: 822267K(908288K)->833171K(908288K)
[5.107s][info][gc,metaspace   ] GC(110) Metaspace: 6302K(6528K)->6302K(6528K) NonClass: 5769K(5888K)->5769K(5888K) Class: 533K(640K)->533K(640K)
[5.107s][info][gc             ] GC(110) Pause Young (Allocation Failure) 836M->836M(922M) 18.773ms
[5.107s][info][gc,cpu         ] GC(110) User=0.02s Sys=0.02s Real=0.02s
[5.120s][info][gc,start       ] GC(111) Pause Young (Allocation Failure)
[5.139s][info][gc,heap        ] GC(111) PSYoungGen: 35424K(35840K)->24672K(65536K) Eden: 12288K(12288K)->0K(13824K) From: 23136K(23552K)->24672K(51712K)
[5.139s][info][gc,heap        ] GC(111) ParOldGen: 833171K(908288K)->844067K(908288K)
[5.139s][info][gc,metaspace   ] GC(111) Metaspace: 6302K(6528K)->6302K(6528K) NonClass: 5769K(5888K)->5769K(5888K) Class: 533K(640K)->533K(640K)
[5.139s][info][gc             ] GC(111) Pause Young (Allocation Failure) 848M->848M(951M) 19.415ms
[5.139s][info][gc,cpu         ] GC(111) User=0.02s Sys=0.00s Real=0.02s
[5.155s][info][gc,start       ] GC(112) Pause Young (Allocation Failure)
[5.175s][info][gc,heap        ] GC(112) PSYoungGen: 38496K(65536K)->26240K(40448K) Eden: 13824K(13824K)->0K(13824K) From: 24672K(51712K)->26240K(26624K)
[5.175s][info][gc,heap        ] GC(112) ParOldGen: 844067K(908288K)->856523K(908288K)
[5.175s][info][gc,metaspace   ] GC(112) Metaspace: 6302K(6528K)->6302K(6528K) NonClass: 5769K(5888K)->5769K(5888K) Class: 533K(640K)->533K(640K)
[5.175s][info][gc             ] GC(112) Pause Young (Allocation Failure) 861M->862M(926M) 20.561ms
[5.175s][info][gc,cpu         ] GC(112) User=0.11s Sys=0.02s Real=0.02s
[5.189s][info][gc,start       ] GC(113) Pause Young (Allocation Failure)
[5.210s][info][gc,heap        ] GC(113) PSYoungGen: 40064K(40448K)->27776K(63488K) Eden: 13824K(13824K)->0K(15872K) From: 26240K(26624K)->27776K(47616K)
[5.210s][info][gc,heap        ] GC(113) ParOldGen: 856523K(908288K)->868987K(908288K)
[5.210s][info][gc,metaspace   ] GC(113) Metaspace: 6302K(6528K)->6302K(6528K) NonClass: 5769K(5888K)->5769K(5888K) Class: 533K(640K)->533K(640K)
[5.210s][info][gc             ] GC(113) Pause Young (Allocation Failure) 875M->875M(949M) 21.238ms
[5.210s][info][gc,cpu         ] GC(113) User=0.12s Sys=0.00s Real=0.02s
[5.227s][info][gc,start       ] GC(114) Pause Young (Allocation Failure)
[5.251s][info][gc,heap        ] GC(114) PSYoungGen: 43648K(63488K)->29824K(65536K) Eden: 15872K(15872K)->0K(15872K) From: 27776K(47616K)->29824K(49664K)
[5.251s][info][gc,heap        ] GC(114) ParOldGen: 868987K(908288K)->882995K(908288K)
[5.251s][info][gc,metaspace   ] GC(114) Metaspace: 6302K(6528K)->6302K(6528K) NonClass: 5769K(5888K)->5769K(5888K) Class: 533K(640K)->533K(640K)
[5.251s][info][gc             ] GC(114) Pause Young (Allocation Failure) 891M->891M(951M) 23.240ms
[5.251s][info][gc,cpu         ] GC(114) User=0.12s Sys=0.00s Real=0.02s
[5.251s][info][gc,start       ] GC(115) Pause Full (Ergonomics)
[5.251s][info][gc,phases,start] GC(115) Marking Phase
[5.458s][info][gc,phases      ] GC(115) Marking Phase 207.116ms
[5.458s][info][gc,phases,start] GC(115) Summary Phase
[5.458s][info][gc,phases      ] GC(115) Summary Phase 0.033ms
[5.458s][info][gc,phases,start] GC(115) Adjust Roots
[5.458s][info][gc,phases      ] GC(115) Adjust Roots 0.157ms
[5.458s][info][gc,phases,start] GC(115) Compaction Phase
[5.553s][info][gc,phases      ] GC(115) Compaction Phase 94.883ms
[5.553s][info][gc,phases,start] GC(115) Post Compact
[5.555s][info][gc,phases      ] GC(115) Post Compact 1.556ms
[5.555s][info][gc,heap        ] GC(115) PSYoungGen: 29824K(65536K)->3582K(65536K) Eden: 0K(15872K)->0K(15872K) From: 29824K(49664K)->3582K(49664K)
[5.555s][info][gc,heap        ] GC(115) ParOldGen: 882995K(908288K)->907904K(1001472K)
[5.555s][info][gc,metaspace   ] GC(115) Metaspace: 6302K(6528K)->6302K(6528K) NonClass: 5769K(5888K)->5769K(5888K) Class: 533K(640K)->533K(640K)
[5.555s][info][gc             ] GC(115) Pause Full (Ergonomics) 891M->890M(1042M) 304.420ms
[5.555s][info][gc,cpu         ] GC(115) User=2.11s Sys=0.03s Real=0.30s
[5.575s][info][gc,start       ] GC(116) Pause Young (Allocation Failure)
[5.622s][info][gc,heap        ] GC(116) PSYoungGen: 19454K(65536K)->18208K(65536K) Eden: 15872K(15872K)->0K(17920K) From: 3582K(49664K)->18208K(47616K)
[5.622s][info][gc,heap        ] GC(116) ParOldGen: 907904K(1001472K)->909320K(1001472K)
[5.622s][info][gc,metaspace   ] GC(116) Metaspace: 6302K(6528K)->6302K(6528K) NonClass: 5769K(5888K)->5769K(5888K) Class: 533K(640K)->533K(640K)
[5.622s][info][gc             ] GC(116) Pause Young (Allocation Failure) 905M->905M(1042M) 46.751ms
[5.622s][info][gc,cpu         ] GC(116) User=0.27s Sys=0.00s Real=0.05s
[5.643s][info][gc,start       ] GC(117) Pause Young (Allocation Failure)
[5.664s][info][gc,heap        ] GC(117) PSYoungGen: 36128K(65536K)->36160K(66048K) Eden: 17920K(17920K)->0K(17920K) From: 18208K(47616K)->36160K(48128K)
[5.664s][info][gc,heap        ] GC(117) ParOldGen: 909320K(1001472K)->909320K(1001472K)
[5.664s][info][gc,metaspace   ] GC(117) Metaspace: 6302K(6528K)->6302K(6528K) NonClass: 5769K(5888K)->5769K(5888K) Class: 533K(640K)->533K(640K)
[5.664s][info][gc             ] GC(117) Pause Young (Allocation Failure) 923M->923M(1042M) 21.161ms
[5.664s][info][gc,cpu         ] GC(117) User=0.05s Sys=0.00s Real=0.02s
[5.684s][info][gc,start       ] GC(118) Pause Young (Allocation Failure)
[5.711s][info][gc,heap        ] GC(118) PSYoungGen: 54080K(66048K)->49664K(61440K) Eden: 17920K(17920K)->0K(11776K) From: 36160K(48128K)->49664K(49664K)
[5.711s][info][gc,heap        ] GC(118) ParOldGen: 909320K(1001472K)->913688K(1001472K)
[5.711s][info][gc,metaspace   ] GC(118) Metaspace: 6302K(6528K)->6302K(6528K) NonClass: 5769K(5888K)->5769K(5888K) Class: 533K(640K)->533K(640K)
[5.711s][info][gc             ] GC(118) Pause Young (Allocation Failure) 940M->940M(1038M) 27.261ms
[5.711s][info][gc,cpu         ] GC(118) User=0.12s Sys=0.02s Real=0.03s
[5.723s][info][gc,start       ] GC(119) Pause Young (Allocation Failure)
[5.753s][info][gc,heap        ] GC(119) PSYoungGen: 61440K(61440K)->46240K(69632K) Eden: 11776K(11776K)->0K(11776K) From: 49664K(49664K)->46240K(57856K)
[5.753s][info][gc,heap        ] GC(119) ParOldGen: 913688K(1001472K)->929200K(1001472K)
[5.753s][info][gc,metaspace   ] GC(119) Metaspace: 6302K(6528K)->6302K(6528K) NonClass: 5769K(5888K)->5769K(5888K) Class: 533K(640K)->533K(640K)
[5.753s][info][gc             ] GC(119) Pause Young (Allocation Failure) 952M->952M(1046M) 29.718ms
[5.753s][info][gc,cpu         ] GC(119) User=0.14s Sys=0.00s Real=0.03s
[5.766s][info][gc,start       ] GC(120) Pause Young (Allocation Failure)
[5.795s][info][gc,heap        ] GC(120) PSYoungGen: 58016K(69632K)->41280K(73216K) Eden: 11776K(11776K)->0K(12288K) From: 46240K(57856K)->41280K(60928K)
[5.795s][info][gc,heap        ] GC(120) ParOldGen: 929200K(1001472K)->946136K(1001472K)
[5.795s][info][gc,metaspace   ] GC(120) Metaspace: 6302K(6528K)->6302K(6528K) NonClass: 5769K(5888K)->5769K(5888K) Class: 533K(640K)->533K(640K)
[5.795s][info][gc             ] GC(120) Pause Young (Allocation Failure) 964M->964M(1049M) 28.796ms
[5.795s][info][gc,cpu         ] GC(120) User=0.14s Sys=0.00s Real=0.03s
[5.808s][info][gc,start       ] GC(121) Pause Young (Allocation Failure)
[5.836s][info][gc,heap        ] GC(121) PSYoungGen: 53568K(73216K)->24224K(74240K) Eden: 12288K(12288K)->0K(12288K) From: 41280K(60928K)->24224K(61952K)
[5.836s][info][gc,heap        ] GC(121) ParOldGen: 946136K(1001472K)->975904K(1001472K)
[5.836s][info][gc,metaspace   ] GC(121) Metaspace: 6302K(6528K)->6302K(6528K) NonClass: 5769K(5888K)->5769K(5888K) Class: 533K(640K)->533K(640K)
[5.836s][info][gc             ] GC(121) Pause Young (Allocation Failure) 976M->976M(1050M) 27.759ms
[5.836s][info][gc,cpu         ] GC(121) User=0.12s Sys=0.02s Real=0.03s
[5.836s][info][gc,start       ] GC(122) Pause Full (Ergonomics)
[5.836s][info][gc,phases,start] GC(122) Marking Phase
[6.055s][info][gc,phases      ] GC(122) Marking Phase 219.418ms
[6.056s][info][gc,phases,start] GC(122) Summary Phase
[6.056s][info][gc,phases      ] GC(122) Summary Phase 0.033ms
[6.056s][info][gc,phases,start] GC(122) Adjust Roots
[6.056s][info][gc,phases      ] GC(122) Adjust Roots 0.158ms
[6.056s][info][gc,phases,start] GC(122) Compaction Phase
[6.146s][info][gc,phases      ] GC(122) Compaction Phase 89.906ms
[6.146s][info][gc,phases,start] GC(122) Post Compact
[6.148s][info][gc,phases      ] GC(122) Post Compact 1.834ms
[6.148s][info][gc,heap        ] GC(122) PSYoungGen: 24224K(74240K)->0K(74752K) Eden: 0K(12288K)->0K(14336K) From: 24224K(61952K)->0K(60416K)
[6.148s][info][gc,heap        ] GC(122) ParOldGen: 975904K(1001472K)->998853K(1106944K)
[6.148s][info][gc,metaspace   ] GC(122) Metaspace: 6302K(6528K)->6302K(6528K) NonClass: 5769K(5888K)->5769K(5888K) Class: 533K(640K)->533K(640K)
[6.148s][info][gc             ] GC(122) Pause Full (Ergonomics) 976M->975M(1154M) 312.141ms
[6.148s][info][gc,cpu         ] GC(122) User=2.14s Sys=0.02s Real=0.31s
[6.167s][info][gc,start       ] GC(123) Pause Young (Allocation Failure)
[6.181s][info][gc,heap        ] GC(123) PSYoungGen: 14336K(74752K)->14464K(74752K) Eden: 14336K(14336K)->0K(14336K) From: 0K(60416K)->14464K(60416K)
[6.181s][info][gc,heap        ] GC(123) ParOldGen: 998853K(1106944K)->998853K(1106944K)
[6.181s][info][gc,metaspace   ] GC(123) Metaspace: 6302K(6528K)->6302K(6528K) NonClass: 5769K(5888K)->5769K(5888K) Class: 533K(640K)->533K(640K)
[6.181s][info][gc             ] GC(123) Pause Young (Allocation Failure) 989M->989M(1154M) 14.213ms
[6.181s][info][gc,cpu         ] GC(123) User=0.00s Sys=0.00s Real=0.02s
[6.197s][info][gc,start       ] GC(124) Pause Young (Allocation Failure)
[6.215s][info][gc,heap        ] GC(124) PSYoungGen: 28800K(74752K)->28800K(70144K) Eden: 14336K(14336K)->0K(15872K) From: 14464K(60416K)->28800K(54272K)
[6.215s][info][gc,heap        ] GC(124) ParOldGen: 998853K(1106944K)->998853K(1106944K)
[6.215s][info][gc,metaspace   ] GC(124) Metaspace: 6302K(6528K)->6302K(6528K) NonClass: 5769K(5888K)->5769K(5888K) Class: 533K(640K)->533K(640K)
[6.215s][info][gc             ] GC(124) Pause Young (Allocation Failure) 1003M->1003M(1149M) 18.192ms
[6.215s][info][gc,cpu         ] GC(124) User=0.03s Sys=0.00s Real=0.02s
[6.232s][info][gc,start       ] GC(125) Pause Young (Allocation Failure)
[6.255s][info][gc,heap        ] GC(125) PSYoungGen: 44672K(70144K)->30336K(46592K) Eden: 15872K(15872K)->0K(15872K) From: 28800K(54272K)->30336K(30720K)
[6.255s][info][gc,heap        ] GC(125) ParOldGen: 998853K(1106944K)->1013389K(1106944K)
[6.255s][info][gc,metaspace   ] GC(125) Metaspace: 6302K(6528K)->6302K(6528K) NonClass: 5769K(5888K)->5769K(5888K) Class: 533K(640K)->533K(640K)
[6.255s][info][gc             ] GC(125) Pause Young (Allocation Failure) 1019M->1019M(1126M) 23.606ms
[6.255s][info][gc,cpu         ] GC(125) User=0.12s Sys=0.00s Real=0.02s
[6.272s][info][gc,start       ] GC(126) Pause Young (Allocation Failure)
[6.296s][info][gc,heap        ] GC(126) PSYoungGen: 46208K(46592K)->31872K(69632K) Eden: 15872K(15872K)->0K(17920K) From: 30336K(30720K)->31872K(51712K)
[6.296s][info][gc,heap        ] GC(126) ParOldGen: 1013389K(1106944K)->1027933K(1106944K)
[6.296s][info][gc,metaspace   ] GC(126) Metaspace: 6302K(6528K)->6302K(6528K) NonClass: 5769K(5888K)->5769K(5888K) Class: 533K(640K)->533K(640K)
[6.296s][info][gc             ] GC(126) Pause Young (Allocation Failure) 1034M->1034M(1149M) 23.889ms
[6.296s][info][gc,cpu         ] GC(126) User=0.12s Sys=0.00s Real=0.02s
[6.316s][info][gc,start       ] GC(127) Pause Young (Allocation Failure)
[6.343s][info][gc,heap        ] GC(127) PSYoungGen: 49792K(69632K)->33920K(71168K) Eden: 17920K(17920K)->0K(17920K) From: 31872K(51712K)->33920K(53248K)
[6.343s][info][gc,heap        ] GC(127) ParOldGen: 1027933K(1106944K)->1044021K(1106944K)
[6.343s][info][gc,metaspace   ] GC(127) Metaspace: 6302K(6528K)->6302K(6528K) NonClass: 5769K(5888K)->5769K(5888K) Class: 533K(640K)->533K(640K)
[6.343s][info][gc             ] GC(127) Pause Young (Allocation Failure) 1052M->1052M(1150M) 26.468ms
[6.343s][info][gc,cpu         ] GC(127) User=0.14s Sys=0.00s Real=0.03s
[6.363s][info][gc,start       ] GC(128) Pause Young (Allocation Failure)
[6.390s][info][gc,heap        ] GC(128) PSYoungGen: 51840K(71168K)->35968K(72192K) Eden: 17920K(17920K)->0K(19968K) From: 33920K(53248K)->35968K(52224K)
[6.390s][info][gc,heap        ] GC(128) ParOldGen: 1044021K(1106944K)->1060109K(1106944K)
[6.390s][info][gc,metaspace   ] GC(128) Metaspace: 6302K(6528K)->6302K(6528K) NonClass: 5769K(5888K)->5769K(5888K) Class: 533K(640K)->533K(640K)
[6.390s][info][gc             ] GC(128) Pause Young (Allocation Failure) 1070M->1070M(1151M) 27.339ms
[6.390s][info][gc,cpu         ] GC(128) User=0.12s Sys=0.02s Real=0.03s
[6.412s][info][gc,start       ] GC(129) Pause Young (Allocation Failure)
[6.441s][info][gc,heap        ] GC(129) PSYoungGen: 55936K(72192K)->38048K(72192K) Eden: 19968K(19968K)->0K(19968K) From: 35968K(52224K)->38048K(52224K)
[6.441s][info][gc,heap        ] GC(129) ParOldGen: 1060109K(1106944K)->1078277K(1106944K)
[6.441s][info][gc,metaspace   ] GC(129) Metaspace: 6302K(6528K)->6302K(6528K) NonClass: 5769K(5888K)->5769K(5888K) Class: 533K(640K)->533K(640K)
[6.441s][info][gc             ] GC(129) Pause Young (Allocation Failure) 1089M->1090M(1151M) 29.229ms
[6.441s][info][gc,cpu         ] GC(129) User=0.12s Sys=0.00s Real=0.03s
[6.441s][info][gc,start       ] GC(130) Pause Full (Ergonomics)
[6.441s][info][gc,phases,start] GC(130) Marking Phase
[6.698s][info][gc,phases      ] GC(130) Marking Phase 256.711ms
[6.698s][info][gc,phases,start] GC(130) Summary Phase
[6.698s][info][gc,phases      ] GC(130) Summary Phase 0.036ms
[6.698s][info][gc,phases,start] GC(130) Adjust Roots
[6.698s][info][gc,phases      ] GC(130) Adjust Roots 0.149ms
[6.698s][info][gc,phases,start] GC(130) Compaction Phase
[6.796s][info][gc,phases      ] GC(130) Compaction Phase 97.140ms
[6.796s][info][gc,phases,start] GC(130) Post Compact
[6.798s][info][gc,phases      ] GC(130) Post Compact 2.159ms
[6.799s][info][gc,heap        ] GC(130) PSYoungGen: 38048K(72192K)->8188K(72192K) Eden: 0K(19968K)->0K(19968K) From: 38048K(52224K)->8188K(52224K)
[6.799s][info][gc,heap        ] GC(130) ParOldGen: 1078277K(1106944K)->1106672K(1221120K)
[6.799s][info][gc,metaspace   ] GC(130) Metaspace: 6302K(6528K)->6302K(6528K) NonClass: 5769K(5888K)->5769K(5888K) Class: 533K(640K)->533K(640K)
[6.799s][info][gc             ] GC(130) Pause Full (Ergonomics) 1090M->1088M(1263M) 357.232ms
[6.799s][info][gc,cpu         ] GC(130) User=2.55s Sys=0.00s Real=0.36s
[6.821s][info][gc,start       ] GC(131) Pause Young (Allocation Failure)
[6.881s][info][gc,heap        ] GC(131) PSYoungGen: 28156K(72192K)->22912K(73216K) Eden: 19968K(19968K)->0K(22016K) From: 8188K(52224K)->22912K(51200K)
[6.881s][info][gc,heap        ] GC(131) ParOldGen: 1106672K(1221120K)->1112160K(1221120K)
[6.881s][info][gc,metaspace   ] GC(131) Metaspace: 6302K(6528K)->6302K(6528K) NonClass: 5769K(5888K)->5769K(5888K) Class: 533K(640K)->533K(640K)
[6.881s][info][gc             ] GC(131) Pause Young (Allocation Failure) 1108M->1108M(1264M) 60.809ms
[6.882s][info][gc,cpu         ] GC(131) User=0.38s Sys=0.00s Real=0.06s
[6.906s][info][gc,start       ] GC(132) Pause Young (Allocation Failure)
[6.931s][info][gc,heap        ] GC(132) PSYoungGen: 44928K(73216K)->44928K(74240K) Eden: 22016K(22016K)->0K(22016K) From: 22912K(51200K)->44928K(52224K)
[6.931s][info][gc,heap        ] GC(132) ParOldGen: 1112160K(1221120K)->1112160K(1221120K)
[6.931s][info][gc,metaspace   ] GC(132) Metaspace: 6302K(6528K)->6302K(6528K) NonClass: 5769K(5888K)->5769K(5888K) Class: 533K(640K)->533K(640K)
[6.931s][info][gc             ] GC(132) Pause Young (Allocation Failure) 1129M->1129M(1265M) 25.088ms
[6.931s][info][gc,cpu         ] GC(132) User=0.14s Sys=0.00s Real=0.03s
[6.956s][info][gc,start       ] GC(133) Pause Young (Allocation Failure)
[6.992s][info][gc,heap        ] GC(133) PSYoungGen: 66944K(74240K)->55296K(69120K) Eden: 22016K(22016K)->0K(13824K) From: 44928K(52224K)->55296K(55296K)
[6.992s][info][gc,heap        ] GC(133) ParOldGen: 1112160K(1221120K)->1123856K(1221120K)
[6.992s][info][gc,metaspace   ] GC(133) Metaspace: 6302K(6528K)->6302K(6528K) NonClass: 5769K(5888K)->5769K(5888K) Class: 533K(640K)->533K(640K)
[6.992s][info][gc             ] GC(133) Pause Young (Allocation Failure) 1151M->1151M(1260M) 35.119ms
[6.992s][info][gc,cpu         ] GC(133) User=0.16s Sys=0.00s Real=0.03s
[7.007s][info][gc,start       ] GC(134) Pause Young (Allocation Failure)
[7.041s][info][gc,heap        ] GC(134) PSYoungGen: 69120K(69120K)->50720K(79872K) Eden: 13824K(13824K)->0K(13824K) From: 55296K(55296K)->50720K(66048K)
[7.041s][info][gc,heap        ] GC(134) ParOldGen: 1123856K(1221120K)->1142592K(1221120K)
[7.041s][info][gc,metaspace   ] GC(134) Metaspace: 6302K(6528K)->6302K(6528K) NonClass: 5769K(5888K)->5769K(5888K) Class: 533K(640K)->533K(640K)
[7.042s][info][gc             ] GC(134) Pause Young (Allocation Failure) 1165M->1165M(1270M) 34.043ms
[7.042s][info][gc,cpu         ] GC(134) User=0.25s Sys=0.00s Real=0.03s
[7.059s][info][gc,start       ] GC(135) Pause Young (Allocation Failure)
[7.091s][info][gc,heap        ] GC(135) PSYoungGen: 64544K(79872K)->48448K(83456K) Eden: 13824K(13824K)->0K(14848K) From: 50720K(66048K)->48448K(68608K)
[7.091s][info][gc,heap        ] GC(135) ParOldGen: 1142592K(1221120K)->1158952K(1221120K)
[7.091s][info][gc,metaspace   ] GC(135) Metaspace: 6302K(6528K)->6302K(6528K) NonClass: 5769K(5888K)->5769K(5888K) Class: 533K(640K)->533K(640K)
[7.091s][info][gc             ] GC(135) Pause Young (Allocation Failure) 1178M->1179M(1274M) 32.412ms
[7.091s][info][gc,cpu         ] GC(135) User=0.16s Sys=0.00s Real=0.03s
[7.109s][info][gc,start       ] GC(136) Pause Young (Allocation Failure)
[7.142s][info][gc,heap        ] GC(136) PSYoungGen: 63296K(83456K)->42624K(84480K) Eden: 14848K(14848K)->0K(14848K) From: 48448K(68608K)->42624K(69632K)
[7.142s][info][gc,heap        ] GC(136) ParOldGen: 1158952K(1221120K)->1179880K(1221120K)
[7.142s][info][gc,metaspace   ] GC(136) Metaspace: 6302K(6528K)->6302K(6528K) NonClass: 5769K(5888K)->5769K(5888K) Class: 533K(640K)->533K(640K)
[7.142s][info][gc             ] GC(136) Pause Young (Allocation Failure) 1193M->1193M(1275M) 32.651ms
[7.142s][info][gc,cpu         ] GC(136) User=0.16s Sys=0.00s Real=0.03s
[7.160s][info][gc,start       ] GC(137) Pause Young (Allocation Failure)
[7.191s][info][gc,heap        ] GC(137) PSYoungGen: 57472K(84480K)->29824K(81920K) Eden: 14848K(14848K)->0K(16896K) From: 42624K(69632K)->29824K(65024K)
[7.191s][info][gc,heap        ] GC(137) ParOldGen: 1179880K(1221120K)->1207872K(1221120K)
[7.191s][info][gc,metaspace   ] GC(137) Metaspace: 6302K(6528K)->6302K(6528K) NonClass: 5769K(5888K)->5769K(5888K) Class: 533K(640K)->533K(640K)
[7.191s][info][gc             ] GC(137) Pause Young (Allocation Failure) 1208M->1208M(1272M) 31.250ms
[7.191s][info][gc,cpu         ] GC(137) User=0.14s Sys=0.00s Real=0.03s
[7.191s][info][gc,start       ] GC(138) Pause Full (Ergonomics)
[7.191s][info][gc,phases,start] GC(138) Marking Phase
[7.472s][info][gc,phases      ] GC(138) Marking Phase 280.771ms
[7.472s][info][gc,phases,start] GC(138) Summary Phase
[7.472s][info][gc,phases      ] GC(138) Summary Phase 0.043ms
[7.472s][info][gc,phases,start] GC(138) Adjust Roots
[7.472s][info][gc,phases      ] GC(138) Adjust Roots 0.172ms
[7.472s][info][gc,phases,start] GC(138) Compaction Phase
[7.575s][info][gc,phases      ] GC(138) Compaction Phase 103.396ms
[7.576s][info][gc,phases,start] GC(138) Post Compact
[7.578s][info][gc,phases      ] GC(138) Post Compact 2.141ms
[7.578s][info][gc,heap        ] GC(138) PSYoungGen: 29824K(81920K)->15328K(83456K) Eden: 0K(16896K)->0K(18432K) From: 29824K(65024K)->15328K(65024K)
[7.578s][info][gc,heap        ] GC(138) ParOldGen: 1207872K(1221120K)->1220660K(1348096K)
[7.578s][info][gc,metaspace   ] GC(138) Metaspace: 6302K(6528K)->6302K(6528K) NonClass: 5769K(5888K)->5769K(5888K) Class: 533K(640K)->533K(640K)
[7.578s][info][gc             ] GC(138) Pause Full (Ergonomics) 1208M->1207M(1398M) 387.367ms
[7.578s][info][gc,cpu         ] GC(138) User=2.86s Sys=0.02s Real=0.39s
[7.603s][info][gc,start       ] GC(139) Pause Young (Allocation Failure)
[7.671s][info][gc,heap        ] GC(139) PSYoungGen: 33760K(83456K)->18592K(84992K) Eden: 18432K(18432K)->0K(18432K) From: 15328K(65024K)->18592K(66560K)
[7.671s][info][gc,heap        ] GC(139) ParOldGen: 1220660K(1348096K)->1236220K(1348096K)
[7.671s][info][gc,metaspace   ] GC(139) Metaspace: 6302K(6528K)->6302K(6528K) NonClass: 5769K(5888K)->5769K(5888K) Class: 533K(640K)->533K(640K)
[7.671s][info][gc             ] GC(139) Pause Young (Allocation Failure) 1225M->1225M(1399M) 68.185ms
[7.671s][info][gc,cpu         ] GC(139) User=0.39s Sys=0.02s Real=0.07s
[7.694s][info][gc,start       ] GC(140) Pause Young (Allocation Failure)
[7.718s][info][gc,heap        ] GC(140) PSYoungGen: 37024K(84992K)->18528K(87552K) Eden: 18432K(18432K)->0K(20480K) From: 18592K(66560K)->18528K(67072K)
[7.718s][info][gc,heap        ] GC(140) ParOldGen: 1236220K(1348096K)->1254916K(1348096K)
[7.718s][info][gc,metaspace   ] GC(140) Metaspace: 6302K(6528K)->6302K(6528K) NonClass: 5769K(5888K)->5769K(5888K) Class: 533K(640K)->533K(640K)
[7.718s][info][gc             ] GC(140) Pause Young (Allocation Failure) 1243M->1243M(1402M) 24.237ms
[7.718s][info][gc,cpu         ] GC(140) User=0.11s Sys=0.02s Real=0.02s
[7.745s][info][gc,start       ] GC(141) Pause Young (Allocation Failure)
[7.768s][info][gc,heap        ] GC(141) PSYoungGen: 39008K(87552K)->20608K(87552K) Eden: 20480K(20480K)->0K(20480K) From: 18528K(67072K)->20608K(67072K)
[7.769s][info][gc,heap        ] GC(141) ParOldGen: 1254916K(1348096K)->1273612K(1348096K)
[7.769s][info][gc,metaspace   ] GC(141) Metaspace: 6302K(6528K)->6302K(6528K) NonClass: 5769K(5888K)->5769K(5888K) Class: 533K(640K)->533K(640K)
[7.769s][info][gc             ] GC(141) Pause Young (Allocation Failure) 1263M->1263M(1402M) 24.010ms
[7.769s][info][gc,cpu         ] GC(141) User=0.12s Sys=0.00s Real=0.02s
[7.790s][info][gc,start       ] GC(142) Pause Young (Allocation Failure)
[7.813s][info][gc,heap        ] GC(142) PSYoungGen: 41088K(87552K)->14592K(88576K) Eden: 20480K(20480K)->0K(22528K) From: 20608K(67072K)->14592K(66048K)
[7.813s][info][gc,heap        ] GC(142) ParOldGen: 1273612K(1348096K)->1294380K(1348096K)
[7.813s][info][gc,metaspace   ] GC(142) Metaspace: 6302K(6528K)->6302K(6528K) NonClass: 5769K(5888K)->5769K(5888K) Class: 533K(640K)->533K(640K)
[7.813s][info][gc             ] GC(142) Pause Young (Allocation Failure) 1283M->1278M(1403M) 22.739ms
[7.813s][info][gc,cpu         ] GC(142) User=0.12s Sys=0.00s Real=0.02s
[7.831s][info][gc,start       ] GC(143) Pause Young (Allocation Failure)
[7.850s][info][gc,heap        ] GC(143) PSYoungGen: 37120K(88576K)->11808K(88576K) Eden: 22528K(22528K)->0K(22528K) From: 14592K(66048K)->11808K(66048K)
[7.850s][info][gc,heap        ] GC(143) ParOldGen: 1294380K(1348096K)->1309028K(1348096K)
[7.850s][info][gc,metaspace   ] GC(143) Metaspace: 6302K(6528K)->6302K(6528K) NonClass: 5769K(5888K)->5769K(5888K) Class: 533K(640K)->533K(640K)
[7.850s][info][gc             ] GC(143) Pause Young (Allocation Failure) 1300M->1289M(1403M) 19.055ms
[7.850s][info][gc,cpu         ] GC(143) User=0.11s Sys=0.02s Real=0.02s
[7.877s][info][gc,start       ] GC(144) Pause Young (Allocation Failure)
[7.900s][info][gc,heap        ] GC(144) PSYoungGen: 34336K(88576K)->21280K(86528K) Eden: 22528K(22528K)->0K(25088K) From: 11808K(66048K)->21280K(61440K)
[7.900s][info][gc,heap        ] GC(144) ParOldGen: 1309028K(1348096K)->1320900K(1348096K)
[7.900s][info][gc,metaspace   ] GC(144) Metaspace: 6302K(6528K)->6302K(6528K) NonClass: 5769K(5888K)->5769K(5888K) Class: 533K(640K)->533K(640K)
[7.900s][info][gc             ] GC(144) Pause Young (Allocation Failure) 1311M->1310M(1401M) 23.160ms
[7.900s][info][gc,cpu         ] GC(144) User=0.12s Sys=0.00s Real=0.02s
[7.900s][info][gc,start       ] GC(145) Pause Full (Ergonomics)
[7.900s][info][gc,phases,start] GC(145) Marking Phase
[8.205s][info][gc,phases      ] GC(145) Marking Phase 305.155ms
[8.205s][info][gc,phases,start] GC(145) Summary Phase
[8.205s][info][gc,phases      ] GC(145) Summary Phase 0.045ms
[8.205s][info][gc,phases,start] GC(145) Adjust Roots
[8.205s][info][gc,phases      ] GC(145) Adjust Roots 0.157ms
[8.205s][info][gc,phases,start] GC(145) Compaction Phase
[8.321s][info][gc,phases      ] GC(145) Compaction Phase 115.190ms
[8.321s][info][gc,phases,start] GC(145) Post Compact
[8.323s][info][gc,phases      ] GC(145) Post Compact 2.144ms
[8.323s][info][gc,heap        ] GC(145) PSYoungGen: 21280K(86528K)->0K(88576K) Eden: 0K(25088K)->0K(25088K) From: 21280K(61440K)->0K(63488K)
[8.323s][info][gc,heap        ] GC(145) ParOldGen: 1320900K(1348096K)->1340369K(1474048K)
[8.323s][info][gc,metaspace   ] GC(145) Metaspace: 6302K(6528K)->6302K(6528K) NonClass: 5769K(5888K)->5769K(5888K) Class: 533K(640K)->533K(640K)
[8.323s][info][gc             ] GC(145) Pause Full (Ergonomics) 1310M->1308M(1526M) 423.435ms
[8.323s][info][gc,cpu         ] GC(145) User=3.14s Sys=0.00s Real=0.42s
[8.354s][info][gc,start       ] GC(146) Pause Young (Allocation Failure)
[8.371s][info][gc,heap        ] GC(146) PSYoungGen: 25088K(88576K)->25248K(84992K) Eden: 25088K(25088K)->0K(27648K) From: 0K(63488K)->25248K(57344K)
[8.371s][info][gc,heap        ] GC(146) ParOldGen: 1340369K(1474048K)->1340369K(1474048K)
[8.372s][info][gc,metaspace   ] GC(146) Metaspace: 6302K(6528K)->6302K(6528K) NonClass: 5769K(5888K)->5769K(5888K) Class: 533K(640K)->533K(640K)
[8.372s][info][gc             ] GC(146) Pause Young (Allocation Failure) 1333M->1333M(1522M) 17.530ms
[8.372s][info][gc,cpu         ] GC(146) User=0.03s Sys=0.00s Real=0.02s
[8.408s][info][gc,start       ] GC(147) Pause Young (Allocation Failure)
[8.438s][info][gc,heap        ] GC(147) PSYoungGen: 52896K(84992K)->52896K(88064K) Eden: 27648K(27648K)->0K(27648K) From: 25248K(57344K)->52896K(60416K)
[8.438s][info][gc,heap        ] GC(147) ParOldGen: 1340369K(1474048K)->1340369K(1474048K)
[8.438s][info][gc,metaspace   ] GC(147) Metaspace: 6302K(6528K)->6302K(6528K) NonClass: 5769K(5888K)->5769K(5888K) Class: 533K(640K)->533K(640K)
[8.438s][info][gc             ] GC(147) Pause Young (Allocation Failure) 1360M->1360M(1525M) 29.645ms
[8.438s][info][gc,cpu         ] GC(147) User=0.14s Sys=0.00s Real=0.03s
[8.770s][info][gc,start       ] GC(148) Pause Young (Allocation Failure)
[8.842s][info][gc,heap        ] GC(148) PSYoungGen: 80544K(88064K)->66560K(81920K) Eden: 27648K(27648K)->0K(15360K) From: 52896K(60416K)->66560K(66560K)
[8.843s][info][gc,heap        ] GC(148) ParOldGen: 1405905K(1474048K)->1419977K(1474048K)
[8.843s][info][gc,metaspace   ] GC(148) Metaspace: 6302K(6528K)->6302K(6528K) NonClass: 5769K(5888K)->5769K(5888K) Class: 533K(640K)->533K(640K)
[8.843s][info][gc             ] GC(148) Pause Young (Allocation Failure) 1451M->1451M(1519M) 72.565ms
[8.843s][info][gc,cpu         ] GC(148) User=0.38s Sys=0.06s Real=0.07s
[8.857s][info][gc,start       ] GC(149) Pause Young (Allocation Failure)
[8.897s][info][gc,heap        ] GC(149) PSYoungGen: 81920K(81920K)->39744K(55296K) Eden: 15360K(15360K)->0K(15360K) From: 66560K(66560K)->39744K(39936K)
[8.897s][info][gc,heap        ] GC(149) ParOldGen: 1419977K(1474048K)->1462777K(1474048K)
[8.897s][info][gc,metaspace   ] GC(149) Metaspace: 6302K(6528K)->6302K(6528K) NonClass: 5769K(5888K)->5769K(5888K) Class: 533K(640K)->533K(640K)
[8.897s][info][gc             ] GC(149) Pause Young (Allocation Failure) 1466M->1467M(1493M) 40.596ms
[8.897s][info][gc,cpu         ] GC(149) User=0.12s Sys=0.05s Real=0.04s
[8.897s][info][gc,start       ] GC(150) Pause Full (Ergonomics)
[8.897s][info][gc,phases,start] GC(150) Marking Phase
[9.215s][info][gc,phases      ] GC(150) Marking Phase 317.828ms
[9.215s][info][gc,phases,start] GC(150) Summary Phase
[9.215s][info][gc,phases      ] GC(150) Summary Phase 0.047ms
[9.215s][info][gc,phases,start] GC(150) Adjust Roots
[9.216s][info][gc,phases      ] GC(150) Adjust Roots 0.160ms
[9.216s][info][gc,phases,start] GC(150) Compaction Phase
[9.442s][info][gc,phases      ] GC(150) Compaction Phase 226.146ms
[9.442s][info][gc,phases,start] GC(150) Post Compact
[9.445s][info][gc,phases      ] GC(150) Post Compact 2.981ms
[9.445s][info][gc,heap        ] GC(150) PSYoungGen: 39744K(55296K)->0K(95232K) Eden: 0K(15360K)->0K(16896K) From: 39744K(39936K)->0K(78336K)
[9.446s][info][gc,heap        ] GC(150) ParOldGen: 1462777K(1474048K)->1468751K(1620480K)
[9.446s][info][gc,metaspace   ] GC(150) Metaspace: 6302K(6528K)->6302K(6528K) NonClass: 5769K(5888K)->5769K(5888K) Class: 533K(640K)->533K(640K)
[9.446s][info][gc             ] GC(150) Pause Full (Ergonomics) 1467M->1434M(1675M) 548.095ms
[9.446s][info][gc,cpu         ] GC(150) User=3.62s Sys=0.02s Real=0.55s
[9.464s][info][gc,start       ] GC(151) Pause Young (Allocation Failure)
[9.485s][info][gc,heap        ] GC(151) PSYoungGen: 16896K(95232K)->17056K(95232K) Eden: 16896K(16896K)->0K(16896K) From: 0K(78336K)->17056K(78336K)
[9.485s][info][gc,heap        ] GC(151) ParOldGen: 1468751K(1620480K)->1468751K(1620480K)
[9.485s][info][gc,metaspace   ] GC(151) Metaspace: 6302K(6528K)->6302K(6528K) NonClass: 5769K(5888K)->5769K(5888K) Class: 533K(640K)->533K(640K)
[9.485s][info][gc             ] GC(151) Pause Young (Allocation Failure) 1450M->1450M(1675M) 20.649ms
[9.485s][info][gc,cpu         ] GC(151) User=0.02s Sys=0.00s Real=0.02s
[9.500s][info][gc,start       ] GC(152) Pause Young (Allocation Failure)
[9.524s][info][gc,heap        ] GC(152) PSYoungGen: 33952K(95232K)->33952K(88576K) Eden: 16896K(16896K)->0K(18944K) From: 17056K(78336K)->33952K(69632K)
[9.524s][info][gc,heap        ] GC(152) ParOldGen: 1468751K(1620480K)->1468751K(1620480K)
[9.524s][info][gc,metaspace   ] GC(152) Metaspace: 6302K(6528K)->6302K(6528K) NonClass: 5769K(5888K)->5769K(5888K) Class: 533K(640K)->533K(640K)
[9.524s][info][gc             ] GC(152) Pause Young (Allocation Failure) 1467M->1467M(1669M) 24.018ms
[9.524s][info][gc,cpu         ] GC(152) User=0.03s Sys=0.00s Real=0.02s
[9.541s][info][gc,start       ] GC(153) Pause Young (Allocation Failure)
[9.571s][info][gc,heap        ] GC(153) PSYoungGen: 52896K(88576K)->52864K(92160K) Eden: 18944K(18944K)->0K(18944K) From: 33952K(69632K)->52864K(73216K)
[9.571s][info][gc,heap        ] GC(153) ParOldGen: 1468751K(1620480K)->1468751K(1620480K)
[9.571s][info][gc,metaspace   ] GC(153) Metaspace: 6302K(6528K)->6302K(6528K) NonClass: 5769K(5888K)->5769K(5888K) Class: 533K(640K)->533K(640K)
[9.571s][info][gc             ] GC(153) Pause Young (Allocation Failure) 1485M->1485M(1672M) 29.694ms
[9.571s][info][gc,cpu         ] GC(153) User=0.02s Sys=0.00s Real=0.03s
[9.588s][info][gc,start       ] GC(154) Pause Young (Allocation Failure)
[9.624s][info][gc,heap        ] GC(154) PSYoungGen: 71808K(92160K)->71808K(88064K) Eden: 18944K(18944K)->0K(11776K) From: 52864K(73216K)->71808K(76288K)
[9.624s][info][gc,heap        ] GC(154) ParOldGen: 1468751K(1620480K)->1468751K(1620480K)
[9.624s][info][gc,metaspace   ] GC(154) Metaspace: 6302K(6528K)->6302K(6528K) NonClass: 5769K(5888K)->5769K(5888K) Class: 533K(640K)->533K(640K)
[9.624s][info][gc             ] GC(154) Pause Young (Allocation Failure) 1504M->1504M(1668M) 35.731ms
[9.624s][info][gc,cpu         ] GC(154) User=0.16s Sys=0.00s Real=0.04s
[9.636s][info][gc,start       ] GC(155) Pause Young (Allocation Failure)
[9.675s][info][gc,heap        ] GC(155) PSYoungGen: 83584K(88064K)->83616K(97280K) Eden: 11776K(11776K)->0K(11776K) From: 71808K(76288K)->83616K(85504K)
[9.675s][info][gc,heap        ] GC(155) ParOldGen: 1468751K(1620480K)->1468751K(1620480K)
[9.675s][info][gc,metaspace   ] GC(155) Metaspace: 6302K(6528K)->6302K(6528K) NonClass: 5769K(5888K)->5769K(5888K) Class: 533K(640K)->533K(640K)
[9.675s][info][gc             ] GC(155) Pause Young (Allocation Failure) 1515M->1515M(1677M) 39.194ms
[9.675s][info][gc,cpu         ] GC(155) User=0.25s Sys=0.00s Real=0.04s
[9.687s][info][gc,start       ] GC(156) Pause Young (Allocation Failure)
[9.732s][info][gc,heap        ] GC(156) PSYoungGen: 95392K(97280K)->78528K(102912K) Eden: 11776K(11776K)->0K(5632K) From: 83616K(85504K)->78528K(97280K)
[9.732s][info][gc,heap        ] GC(156) ParOldGen: 1468751K(1620480K)->1485855K(1620480K)
[9.732s][info][gc,metaspace   ] GC(156) Metaspace: 6302K(6528K)->6302K(6528K) NonClass: 5769K(5888K)->5769K(5888K) Class: 533K(640K)->533K(640K)
[9.732s][info][gc             ] GC(156) Pause Young (Allocation Failure) 1527M->1527M(1683M) 44.888ms
[9.732s][info][gc,cpu         ] GC(156) User=0.25s Sys=0.00s Real=0.04s
[9.738s][info][gc,start       ] GC(157) Pause Young (Allocation Failure)
[9.778s][info][gc,heap        ] GC(157) PSYoungGen: 84160K(102912K)->48288K(54272K) Eden: 5632K(5632K)->0K(5632K) From: 78528K(97280K)->48288K(48640K)
[9.778s][info][gc,heap        ] GC(157) ParOldGen: 1485855K(1620480K)->1522103K(1620480K)
[9.778s][info][gc,metaspace   ] GC(157) Metaspace: 6302K(6528K)->6302K(6528K) NonClass: 5769K(5888K)->5769K(5888K) Class: 533K(640K)->533K(640K)
[9.778s][info][gc             ] GC(157) Pause Young (Allocation Failure) 1533M->1533M(1635M) 39.894ms
[9.778s][info][gc,cpu         ] GC(157) User=0.23s Sys=0.03s Real=0.04s
[9.784s][info][gc,start       ] GC(158) Pause Young (Allocation Failure)
[9.814s][info][gc,heap        ] GC(158) PSYoungGen: 53920K(54272K)->23136K(104448K) Eden: 5632K(5632K)->0K(7168K) From: 48288K(48640K)->23136K(97280K)
[9.814s][info][gc,heap        ] GC(158) ParOldGen: 1522103K(1620480K)->1553183K(1620480K)
[9.814s][info][gc,metaspace   ] GC(158) Metaspace: 6302K(6528K)->6302K(6528K) NonClass: 5769K(5888K)->5769K(5888K) Class: 533K(640K)->533K(640K)
[9.814s][info][gc             ] GC(158) Pause Young (Allocation Failure) 1539M->1539M(1684M) 29.953ms
[9.814s][info][gc,cpu         ] GC(158) User=0.14s Sys=0.00s Real=0.03s
[9.821s][info][gc,start       ] GC(159) Pause Young (Allocation Failure)
[9.844s][info][gc,heap        ] GC(159) PSYoungGen: 30304K(104448K)->12864K(105472K) Eden: 7168K(7168K)->0K(7168K) From: 23136K(97280K)->12864K(98304K)
[9.844s][info][gc,heap        ] GC(159) ParOldGen: 1553183K(1620480K)->1570791K(1620480K)
[9.844s][info][gc,metaspace   ] GC(159) Metaspace: 6302K(6528K)->6302K(6528K) NonClass: 5769K(5888K)->5769K(5888K) Class: 533K(640K)->533K(640K)
[9.845s][info][gc             ] GC(159) Pause Young (Allocation Failure) 1546M->1546M(1685M) 23.487ms
[9.845s][info][gc,cpu         ] GC(159) User=0.02s Sys=0.00s Real=0.02s
[9.852s][info][gc,start       ] GC(160) Pause Young (Allocation Failure)
[9.873s][info][gc,heap        ] GC(160) PSYoungGen: 20032K(105472K)->7264K(106496K) Eden: 7168K(7168K)->0K(8192K) From: 12864K(98304K)->7264K(98304K)
[9.873s][info][gc,heap        ] GC(160) ParOldGen: 1570791K(1620480K)->1583719K(1620480K)
[9.873s][info][gc,metaspace   ] GC(160) Metaspace: 6302K(6528K)->6302K(6528K) NonClass: 5769K(5888K)->5769K(5888K) Class: 533K(640K)->533K(640K)
[9.873s][info][gc             ] GC(160) Pause Young (Allocation Failure) 1553M->1553M(1686M) 20.580ms
[9.873s][info][gc,cpu         ] GC(160) User=0.03s Sys=0.00s Real=0.02s
[9.873s][info][gc,start       ] GC(161) Pause Full (Ergonomics)
[9.873s][info][gc,phases,start] GC(161) Marking Phase
[10.231s][info][gc,phases      ] GC(161) Marking Phase 357.957ms
[10.231s][info][gc,phases,start] GC(161) Summary Phase
[10.231s][info][gc,phases      ] GC(161) Summary Phase 0.051ms
[10.231s][info][gc,phases,start] GC(161) Adjust Roots
[10.231s][info][gc,phases      ] GC(161) Adjust Roots 0.163ms
[10.231s][info][gc,phases,start] GC(161) Compaction Phase
[10.389s][info][gc,phases      ] GC(161) Compaction Phase 158.277ms
[10.389s][info][gc,phases,start] GC(161) Post Compact
[10.392s][info][gc,phases      ] GC(161) Post Compact 2.747ms
[10.393s][info][gc,heap        ] GC(161) PSYoungGen: 7264K(106496K)->0K(107008K) Eden: 0K(8192K)->0K(8192K) From: 7264K(98304K)->0K(98816K)
[10.393s][info][gc,heap        ] GC(161) ParOldGen: 1583719K(1620480K)->1589277K(1755648K)
[10.393s][info][gc,metaspace   ] GC(161) Metaspace: 6302K(6528K)->6302K(6528K) NonClass: 5769K(5888K)->5769K(5888K) Class: 533K(640K)->533K(640K)
[10.393s][info][gc             ] GC(161) Pause Full (Ergonomics) 1553M->1552M(1819M) 519.986ms
[10.393s][info][gc,cpu         ] GC(161) User=3.70s Sys=0.03s Real=0.52s
[10.401s][info][gc,start       ] GC(162) Pause Young (Allocation Failure)
[10.419s][info][gc,heap        ] GC(162) PSYoungGen: 8192K(107008K)->8320K(106496K) Eden: 8192K(8192K)->0K(9728K) From: 0K(98816K)->8320K(96768K)
[10.420s][info][gc,heap        ] GC(162) ParOldGen: 1589277K(1755648K)->1589277K(1755648K)
[10.420s][info][gc,metaspace   ] GC(162) Metaspace: 6302K(6528K)->6302K(6528K) NonClass: 5769K(5888K)->5769K(5888K) Class: 533K(640K)->533K(640K)
[10.420s][info][gc             ] GC(162) Pause Young (Allocation Failure) 1560M->1560M(1818M) 18.283ms
[10.420s][info][gc,cpu         ] GC(162) User=0.02s Sys=0.00s Real=0.02s
[10.431s][info][gc,start       ] GC(163) Pause Young (Allocation Failure)
[10.450s][info][gc,heap        ] GC(163) PSYoungGen: 18048K(106496K)->9856K(19968K) Eden: 9728K(9728K)->0K(9728K) From: 8320K(96768K)->9856K(10240K)
[10.450s][info][gc,heap        ] GC(163) ParOldGen: 1589277K(1755648K)->1597581K(1755648K)
[10.450s][info][gc,metaspace   ] GC(163) Metaspace: 6302K(6528K)->6302K(6528K) NonClass: 5769K(5888K)->5769K(5888K) Class: 533K(640K)->533K(640K)
[10.450s][info][gc             ] GC(163) Pause Young (Allocation Failure) 1569M->1569M(1734M) 19.505ms
[10.450s][info][gc,cpu         ] GC(163) User=0.03s Sys=0.00s Real=0.02s
[10.459s][info][gc,start       ] GC(164) Pause Young (Allocation Failure)
[10.479s][info][gc,heap        ] GC(164) PSYoungGen: 19584K(19968K)->9824K(102912K) Eden: 9728K(9728K)->0K(11264K) From: 9856K(10240K)->9824K(91648K)
[10.479s][info][gc,heap        ] GC(164) ParOldGen: 1597581K(1755648K)->1607445K(1755648K)
[10.479s][info][gc,metaspace   ] GC(164) Metaspace: 6302K(6528K)->6302K(6528K) NonClass: 5769K(5888K)->5769K(5888K) Class: 533K(640K)->533K(640K)
[10.479s][info][gc             ] GC(164) Pause Young (Allocation Failure) 1579M->1579M(1815M) 19.662ms
[10.479s][info][gc,cpu         ] GC(164) User=0.03s Sys=0.00s Real=0.02s
[10.490s][info][gc,start       ] GC(165) Pause Young (Allocation Failure)
[10.510s][info][gc,heap        ] GC(165) PSYoungGen: 21088K(102912K)->11424K(23040K) Eden: 11264K(11264K)->0K(11264K) From: 9824K(91648K)->11424K(11776K)
[10.510s][info][gc,heap        ] GC(165) ParOldGen: 1607445K(1755648K)->1617293K(1755648K)
[10.510s][info][gc,metaspace   ] GC(165) Metaspace: 6302K(6528K)->6302K(6528K) NonClass: 5769K(5888K)->5769K(5888K) Class: 533K(640K)->533K(640K)
[10.510s][info][gc             ] GC(165) Pause Young (Allocation Failure) 1590M->1590M(1737M) 20.084ms
[10.510s][info][gc,cpu         ] GC(165) User=0.06s Sys=0.00s Real=0.02s
[10.521s][info][gc,start       ] GC(166) Pause Young (Allocation Failure)
[10.541s][info][gc,heap        ] GC(166) PSYoungGen: 22688K(23040K)->11392K(96768K) Eden: 11264K(11264K)->0K(13312K) From: 11424K(11776K)->11392K(83456K)
[10.541s][info][gc,heap        ] GC(166) ParOldGen: 1617293K(1755648K)->1628701K(1755648K)
[10.541s][info][gc,metaspace   ] GC(166) Metaspace: 6302K(6528K)->6302K(6528K) NonClass: 5769K(5888K)->5769K(5888K) Class: 533K(640K)->533K(640K)
[10.541s][info][gc             ] GC(166) Pause Young (Allocation Failure) 1601M->1601M(1809M) 20.627ms
[10.541s][info][gc,cpu         ] GC(166) User=0.03s Sys=0.00s Real=0.02s
[10.556s][info][gc,start       ] GC(167) Pause Young (Allocation Failure)
[10.579s][info][gc,heap        ] GC(167) PSYoungGen: 24704K(96768K)->13472K(27136K) Eden: 13312K(13312K)->0K(13312K) From: 11392K(83456K)->13472K(13824K)
[10.579s][info][gc,heap        ] GC(167) ParOldGen: 1628701K(1755648K)->1640101K(1755648K)
[10.579s][info][gc,metaspace   ] GC(167) Metaspace: 6302K(6528K)->6302K(6528K) NonClass: 5769K(5888K)->5769K(5888K) Class: 533K(640K)->533K(640K)
[10.579s][info][gc             ] GC(167) Pause Young (Allocation Failure) 1614M->1614M(1741M) 23.287ms
[10.579s][info][gc,cpu         ] GC(167) User=0.03s Sys=0.00s Real=0.02s
[10.592s][info][gc,start       ] GC(168) Pause Young (Allocation Failure)
[10.615s][info][gc,heap        ] GC(168) PSYoungGen: 26784K(27136K)->13440K(91648K) Eden: 13312K(13312K)->0K(15360K) From: 13472K(13824K)->13440K(76288K)
[10.615s][info][gc,heap        ] GC(168) ParOldGen: 1640101K(1755648K)->1653597K(1755648K)
[10.615s][info][gc,metaspace   ] GC(168) Metaspace: 6302K(6528K)->6302K(6528K) NonClass: 5769K(5888K)->5769K(5888K) Class: 533K(640K)->533K(640K)
[10.615s][info][gc             ] GC(168) Pause Young (Allocation Failure) 1627M->1627M(1804M) 23.321ms
[10.615s][info][gc,cpu         ] GC(168) User=0.03s Sys=0.00s Real=0.02s
[10.632s][info][gc,start       ] GC(169) Pause Young (Allocation Failure)
[10.656s][info][gc,heap        ] GC(169) PSYoungGen: 28800K(91648K)->15520K(31232K) Eden: 15360K(15360K)->0K(15360K) From: 13440K(76288K)->15520K(15872K)
[10.657s][info][gc,heap        ] GC(169) ParOldGen: 1653597K(1755648K)->1667093K(1755648K)
[10.657s][info][gc,metaspace   ] GC(169) Metaspace: 6302K(6528K)->6302K(6528K) NonClass: 5769K(5888K)->5769K(5888K) Class: 533K(640K)->533K(640K)
[10.657s][info][gc             ] GC(169) Pause Young (Allocation Failure) 1642M->1643M(1745M) 24.620ms
[10.657s][info][gc,cpu         ] GC(169) User=0.02s Sys=0.00s Real=0.03s
[10.672s][info][gc,start       ] GC(170) Pause Young (Allocation Failure)
[10.697s][info][gc,heap        ] GC(170) PSYoungGen: 30880K(31232K)->15488K(84992K) Eden: 15360K(15360K)->0K(17408K) From: 15520K(15872K)->15488K(67584K)
[10.697s][info][gc,heap        ] GC(170) ParOldGen: 1667093K(1755648K)->1682661K(1755648K)
[10.698s][info][gc,metaspace   ] GC(170) Metaspace: 6302K(6528K)->6302K(6528K) NonClass: 5769K(5888K)->5769K(5888K) Class: 533K(640K)->533K(640K)
[10.698s][info][gc             ] GC(170) Pause Young (Allocation Failure) 1658M->1658M(1797M) 25.454ms
[10.698s][info][gc,cpu         ] GC(170) User=0.03s Sys=0.00s Real=0.03s
[10.715s][info][gc,start       ] GC(171) Pause Young (Allocation Failure)
[10.740s][info][gc,heap        ] GC(171) PSYoungGen: 32896K(84992K)->17536K(35328K) Eden: 17408K(17408K)->0K(17408K) From: 15488K(67584K)->17536K(17920K)
[10.740s][info][gc,heap        ] GC(171) ParOldGen: 1682661K(1755648K)->1698221K(1755648K)
[10.740s][info][gc,metaspace   ] GC(171) Metaspace: 6302K(6528K)->6302K(6528K) NonClass: 5769K(5888K)->5769K(5888K) Class: 533K(640K)->533K(640K)
[10.740s][info][gc             ] GC(171) Pause Young (Allocation Failure) 1675M->1675M(1749M) 25.874ms
[10.740s][info][gc,cpu         ] GC(171) User=0.02s Sys=0.00s Real=0.03s
[10.758s][info][gc,start       ] GC(172) Pause Young (Allocation Failure)
[10.784s][info][gc,heap        ] GC(172) PSYoungGen: 34944K(35328K)->17568K(79872K) Eden: 17408K(17408K)->0K(19968K) From: 17536K(17920K)->17568K(59904K)
[10.784s][info][gc,heap        ] GC(172) ParOldGen: 1698221K(1755648K)->1715853K(1755648K)
[10.784s][info][gc,metaspace   ] GC(172) Metaspace: 6302K(6528K)->6302K(6528K) NonClass: 5769K(5888K)->5769K(5888K) Class: 533K(640K)->533K(640K)
[10.784s][info][gc             ] GC(172) Pause Young (Allocation Failure) 1692M->1692M(1792M) 25.889ms
[10.784s][info][gc,cpu         ] GC(172) User=0.02s Sys=0.00s Real=0.03s
[10.806s][info][gc,start       ] GC(173) Pause Young (Allocation Failure)
[10.832s][info][gc,heap        ] GC(173) PSYoungGen: 37536K(79872K)->20160K(40448K) Eden: 19968K(19968K)->0K(19968K) From: 17568K(59904K)->20160K(20480K)
[10.833s][info][gc,heap        ] GC(173) ParOldGen: 1715853K(1755648K)->1733509K(1755648K)
[10.833s][info][gc,metaspace   ] GC(173) Metaspace: 6302K(6528K)->6302K(6528K) NonClass: 5769K(5888K)->5769K(5888K) Class: 533K(640K)->533K(640K)
[10.833s][info][gc             ] GC(173) Pause Young (Allocation Failure) 1712M->1712M(1754M) 26.422ms
[10.833s][info][gc,cpu         ] GC(173) User=0.03s Sys=0.00s Real=0.03s
[10.833s][info][gc,start       ] GC(174) Pause Full (Ergonomics)
[10.833s][info][gc,phases,start] GC(174) Marking Phase
[11.229s][info][gc,phases      ] GC(174) Marking Phase 396.751ms
[11.229s][info][gc,phases,start] GC(174) Summary Phase
[11.230s][info][gc,phases      ] GC(174) Summary Phase 0.070ms
[11.230s][info][gc,phases,start] GC(174) Adjust Roots
[11.230s][info][gc,phases      ] GC(174) Adjust Roots 0.213ms
[11.230s][info][gc,phases,start] GC(174) Compaction Phase
[11.395s][info][gc,phases      ] GC(174) Compaction Phase 164.712ms
[11.395s][info][gc,phases,start] GC(174) Post Compact
[11.398s][info][gc,phases      ] GC(174) Post Compact 3.264ms
[11.399s][info][gc,heap        ] GC(174) PSYoungGen: 20160K(40448K)->0K(82944K) Eden: 0K(19968K)->0K(22528K) From: 20160K(20480K)->0K(60416K)
[11.399s][info][gc,heap        ] GC(174) ParOldGen: 1733509K(1755648K)->1751207K(1919488K)
[11.399s][info][gc,metaspace   ] GC(174) Metaspace: 6302K(6528K)->6302K(6528K) NonClass: 5769K(5888K)->5769K(5888K) Class: 533K(640K)->533K(640K)
[11.399s][info][gc             ] GC(174) Pause Full (Ergonomics) 1712M->1710M(1955M) 566.122ms
[11.399s][info][gc,cpu         ] GC(174) User=4.08s Sys=0.00s Real=0.57s
[11.424s][info][gc,start       ] GC(175) Pause Young (Allocation Failure)
[11.449s][info][gc,heap        ] GC(175) PSYoungGen: 22528K(82944K)->22720K(45568K) Eden: 22528K(22528K)->0K(22528K) From: 0K(60416K)->22720K(23040K)
[11.449s][info][gc,heap        ] GC(175) ParOldGen: 1751207K(1919488K)->1751207K(1919488K)
[11.449s][info][gc,metaspace   ] GC(175) Metaspace: 6302K(6528K)->6302K(6528K) NonClass: 5769K(5888K)->5769K(5888K) Class: 533K(640K)->533K(640K)
[11.449s][info][gc             ] GC(175) Pause Young (Allocation Failure) 1732M->1732M(1919M) 24.111ms
[11.449s][info][gc,cpu         ] GC(175) User=0.03s Sys=0.00s Real=0.02s
[11.472s][info][gc,start       ] GC(176) Pause Young (Allocation Failure)
[11.502s][info][gc,heap        ] GC(176) PSYoungGen: 45248K(45568K)->45216K(76800K) Eden: 22528K(22528K)->0K(19968K) From: 22720K(23040K)->45216K(56832K)
[11.502s][info][gc,heap        ] GC(176) ParOldGen: 1751207K(1919488K)->1751207K(1919488K)
[11.502s][info][gc,metaspace   ] GC(176) Metaspace: 6302K(6528K)->6302K(6528K) NonClass: 5769K(5888K)->5769K(5888K) Class: 533K(640K)->533K(640K)
[11.502s][info][gc             ] GC(176) Pause Young (Allocation Failure) 1754M->1754M(1949M) 29.660ms
[11.502s][info][gc,cpu         ] GC(176) User=0.03s Sys=0.00s Real=0.03s
[11.525s][info][gc,start       ] GC(177) Pause Young (Allocation Failure)
[11.561s][info][gc,heap        ] GC(177) PSYoungGen: 65184K(76800K)->61952K(81920K) Eden: 19968K(19968K)->0K(19968K) From: 45216K(56832K)->61952K(61952K)
[11.561s][info][gc,heap        ] GC(177) ParOldGen: 1751207K(1919488K)->1754391K(1919488K)
[11.561s][info][gc,metaspace   ] GC(177) Metaspace: 6302K(6528K)->6302K(6528K) NonClass: 5769K(5888K)->5769K(5888K) Class: 533K(640K)->533K(640K)
[11.561s][info][gc             ] GC(177) Pause Young (Allocation Failure) 1773M->1773M(1954M) 36.593ms
[11.561s][info][gc,cpu         ] GC(177) User=0.14s Sys=0.00s Real=0.04s
[11.581s][info][gc,start       ] GC(178) Pause Young (Allocation Failure)
[11.622s][info][gc,heap        ] GC(178) PSYoungGen: 81920K(81920K)->37600K(93696K) Eden: 19968K(19968K)->0K(22528K) From: 61952K(61952K)->37600K(71168K)
[11.622s][info][gc,heap        ] GC(178) ParOldGen: 1754391K(1919488K)->1799423K(1919488K)
[11.622s][info][gc,metaspace   ] GC(178) Metaspace: 6302K(6528K)->6302K(6528K) NonClass: 5769K(5888K)->5769K(5888K) Class: 533K(640K)->533K(640K)
[11.622s][info][gc             ] GC(178) Pause Young (Allocation Failure) 1793M->1793M(1966M) 41.564ms
[11.622s][info][gc,cpu         ] GC(178) User=0.25s Sys=0.02s Real=0.04s
[11.646s][info][gc,start       ] GC(179) Pause Young (Allocation Failure)
[11.680s][info][gc,heap        ] GC(179) PSYoungGen: 60128K(93696K)->42656K(94720K) Eden: 22528K(22528K)->0K(22528K) From: 37600K(71168K)->42656K(72192K)
[11.680s][info][gc,heap        ] GC(179) ParOldGen: 1799423K(1919488K)->1817135K(1919488K)
[11.680s][info][gc,metaspace   ] GC(179) Metaspace: 6302K(6528K)->6302K(6528K) NonClass: 5769K(5888K)->5769K(5888K) Class: 533K(640K)->533K(640K)
[11.680s][info][gc             ] GC(179) Pause Young (Allocation Failure) 1815M->1816M(1967M) 34.280ms
[11.680s][info][gc,cpu         ] GC(179) User=0.16s Sys=0.00s Real=0.03s
[11.705s][info][gc,start       ] GC(180) Pause Young (Allocation Failure)
[11.742s][info][gc,heap        ] GC(180) PSYoungGen: 65184K(94720K)->45216K(97792K) Eden: 22528K(22528K)->0K(24576K) From: 42656K(72192K)->45216K(73216K)
[11.742s][info][gc,heap        ] GC(180) ParOldGen: 1817135K(1919488K)->1837367K(1919488K)
[11.742s][info][gc,metaspace   ] GC(180) Metaspace: 6302K(6528K)->6302K(6528K) NonClass: 5769K(5888K)->5769K(5888K) Class: 533K(640K)->533K(640K)
[11.742s][info][gc             ] GC(180) Pause Young (Allocation Failure) 1838M->1838M(1970M) 36.642ms
[11.742s][info][gc,cpu         ] GC(180) User=0.16s Sys=0.00s Real=0.04s
[11.770s][info][gc,start       ] GC(181) Pause Young (Allocation Failure)
[11.808s][info][gc,heap        ] GC(181) PSYoungGen: 69792K(97792K)->47232K(98816K) Eden: 24576K(24576K)->0K(24576K) From: 45216K(73216K)->47232K(74240K)
[11.808s][info][gc,heap        ] GC(181) ParOldGen: 1837367K(1919488K)->1860215K(1919488K)
[11.808s][info][gc,metaspace   ] GC(181) Metaspace: 6302K(6528K)->6302K(6528K) NonClass: 5769K(5888K)->5769K(5888K) Class: 533K(640K)->533K(640K)
[11.808s][info][gc             ] GC(181) Pause Young (Allocation Failure) 1862M->1862M(1971M) 38.458ms
[11.808s][info][gc,cpu         ] GC(181) User=0.16s Sys=0.00s Real=0.04s
[11.835s][info][gc,start       ] GC(182) Pause Young (Allocation Failure)
[11.876s][info][gc,heap        ] GC(182) PSYoungGen: 71808K(98816K)->49344K(101888K) Eden: 24576K(24576K)->0K(26112K) From: 47232K(74240K)->49344K(75776K)
[11.876s][info][gc,heap        ] GC(182) ParOldGen: 1860215K(1919488K)->1883079K(1919488K)
[11.876s][info][gc,metaspace   ] GC(182) Metaspace: 6302K(6528K)->6302K(6528K) NonClass: 5769K(5888K)->5769K(5888K) Class: 533K(640K)->533K(640K)
[11.876s][info][gc             ] GC(182) Pause Young (Allocation Failure) 1886M->1887M(1974M) 40.608ms
[11.876s][info][gc,cpu         ] GC(182) User=0.16s Sys=0.00s Real=0.04s
[11.876s][info][gc,start       ] GC(183) Pause Full (Ergonomics)
[11.876s][info][gc,phases,start] GC(183) Marking Phase
[12.307s][info][gc,phases      ] GC(183) Marking Phase 431.407ms
[12.307s][info][gc,phases,start] GC(183) Summary Phase
[12.307s][info][gc,phases      ] GC(183) Summary Phase 0.048ms
[12.307s][info][gc,phases,start] GC(183) Adjust Roots
[12.308s][info][gc,phases      ] GC(183) Adjust Roots 0.262ms
[12.308s][info][gc,phases,start] GC(183) Compaction Phase
[12.840s][info][gc,phases      ] GC(183) Compaction Phase 532.142ms
[12.840s][info][gc,phases,start] GC(183) Post Compact
[12.843s][info][gc,phases      ] GC(183) Post Compact 3.634ms
[12.844s][info][gc,heap        ] GC(183) PSYoungGen: 49344K(101888K)->10769K(101888K) Eden: 0K(26112K)->0K(26112K) From: 49344K(75776K)->10769K(75776K)
[12.844s][info][gc,heap        ] GC(183) ParOldGen: 1883079K(1919488K)->1919377K(2114048K)
[12.844s][info][gc,metaspace   ] GC(183) Metaspace: 6302K(6528K)->6302K(6528K) NonClass: 5769K(5888K)->5769K(5888K) Class: 533K(640K)->533K(640K)
[12.844s][info][gc             ] GC(183) Pause Full (Ergonomics) 1887M->1884M(2164M) 968.566ms
[12.844s][info][gc,cpu         ] GC(183) User=7.02s Sys=0.02s Real=0.97s
[12.874s][info][gc,start       ] GC(184) Pause Young (Allocation Failure)
[12.972s][info][gc,heap        ] GC(184) PSYoungGen: 36881K(101888K)->30656K(103424K) Eden: 26112K(26112K)->0K(26112K) From: 10769K(75776K)->30656K(77312K)
[12.972s][info][gc,heap        ] GC(184) ParOldGen: 1919377K(2114048K)->1925897K(2114048K)
[12.972s][info][gc,metaspace   ] GC(184) Metaspace: 6302K(6528K)->6302K(6528K) NonClass: 5769K(5888K)->5769K(5888K) Class: 533K(640K)->533K(640K)
[12.972s][info][gc             ] GC(184) Pause Young (Allocation Failure) 1910M->1910M(2165M) 97.974ms
[12.972s][info][gc,cpu         ] GC(184) User=0.64s Sys=0.02s Real=0.10s
[13.002s][info][gc,start       ] GC(185) Pause Young (Allocation Failure)
[13.038s][info][gc,heap        ] GC(185) PSYoungGen: 56768K(103424K)->56832K(99328K) Eden: 26112K(26112K)->0K(25088K) From: 30656K(77312K)->56832K(74240K)
[13.038s][info][gc,heap        ] GC(185) ParOldGen: 1925897K(2114048K)->1925897K(2114048K)
[13.038s][info][gc,metaspace   ] GC(185) Metaspace: 6302K(6528K)->6302K(6528K) NonClass: 5769K(5888K)->5769K(5888K) Class: 533K(640K)->533K(640K)
[13.038s][info][gc             ] GC(185) Pause Young (Allocation Failure) 1936M->1936M(2161M) 35.412ms
[13.038s][info][gc,cpu         ] GC(185) User=0.16s Sys=0.00s Real=0.03s
[13.069s][info][gc,start       ] GC(186) Pause Young (Allocation Failure)
[13.113s][info][gc,heap        ] GC(186) PSYoungGen: 81920K(99328K)->78336K(103424K) Eden: 25088K(25088K)->0K(25088K) From: 56832K(74240K)->78336K(78336K)
[13.113s][info][gc,heap        ] GC(186) ParOldGen: 1925897K(2114048K)->1929385K(2114048K)
[13.113s][info][gc,metaspace   ] GC(186) Metaspace: 6302K(6528K)->6302K(6528K) NonClass: 5769K(5888K)->5769K(5888K) Class: 533K(640K)->533K(640K)
[13.113s][info][gc             ] GC(186) Pause Young (Allocation Failure) 1960M->1960M(2165M) 43.743ms
[13.113s][info][gc,cpu         ] GC(186) User=0.25s Sys=0.00s Real=0.04s
[13.144s][info][gc,start       ] GC(187) Pause Young (Allocation Failure)
[13.198s][info][gc,heap        ] GC(187) PSYoungGen: 103424K(103424K)->74176K(111104K) Eden: 25088K(25088K)->0K(20480K) From: 78336K(78336K)->74176K(90624K)
[13.199s][info][gc,heap        ] GC(187) ParOldGen: 1929385K(2114048K)->1959169K(2114048K)
[13.199s][info][gc,metaspace   ] GC(187) Metaspace: 6302K(6528K)->6302K(6528K) NonClass: 5769K(5888K)->5769K(5888K) Class: 533K(640K)->533K(640K)
[13.199s][info][gc             ] GC(187) Pause Young (Allocation Failure) 1985M->1985M(2173M) 54.167ms
[13.199s][info][gc,cpu         ] GC(187) User=0.42s Sys=0.06s Real=0.05s
[13.220s][info][gc,start       ] GC(188) Pause Young (Allocation Failure)
[13.270s][info][gc,heap        ] GC(188) PSYoungGen: 94656K(111104K)->69056K(118784K) Eden: 20480K(20480K)->0K(20480K) From: 74176K(90624K)->69056K(98304K)
[13.270s][info][gc,heap        ] GC(188) ParOldGen: 1959169K(2114048K)->1985105K(2114048K)
[13.270s][info][gc,metaspace   ] GC(188) Metaspace: 6302K(6528K)->6302K(6528K) NonClass: 5769K(5888K)->5769K(5888K) Class: 533K(640K)->533K(640K)
[13.270s][info][gc             ] GC(188) Pause Young (Allocation Failure) 2005M->2006M(2180M) 50.041ms
[13.270s][info][gc,cpu         ] GC(188) User=0.27s Sys=0.00s Real=0.05s
[13.292s][info][gc,start       ] GC(189) Pause Young (Allocation Failure)
[13.339s][info][gc,heap        ] GC(189) PSYoungGen: 89536K(118784K)->66208K(123392K) Eden: 20480K(20480K)->0K(21504K) From: 69056K(98304K)->66208K(101888K)
[13.339s][info][gc,heap        ] GC(189) ParOldGen: 1985105K(2114048K)->2008777K(2114048K)
[13.339s][info][gc,metaspace   ] GC(189) Metaspace: 6302K(6528K)->6302K(6528K) NonClass: 5769K(5888K)->5769K(5888K) Class: 533K(640K)->533K(640K)
[13.339s][info][gc             ] GC(189) Pause Young (Allocation Failure) 2026M->2026M(2185M) 47.404ms
[13.339s][info][gc,cpu         ] GC(189) User=0.27s Sys=0.00s Real=0.05s
[13.364s][info][gc,start       ] GC(190) Pause Young (Allocation Failure)
[13.410s][info][gc,heap        ] GC(190) PSYoungGen: 87712K(123392K)->62592K(124928K) Eden: 21504K(21504K)->0K(21504K) From: 66208K(101888K)->62592K(103424K)
[13.410s][info][gc,heap        ] GC(190) ParOldGen: 2008777K(2114048K)->2034217K(2114048K)
[13.410s][info][gc,metaspace   ] GC(190) Metaspace: 6302K(6528K)->6302K(6528K) NonClass: 5769K(5888K)->5769K(5888K) Class: 533K(640K)->533K(640K)
[13.411s][info][gc             ] GC(190) Pause Young (Allocation Failure) 2047M->2047M(2186M) 46.862ms
[13.411s][info][gc,cpu         ] GC(190) User=0.27s Sys=0.00s Real=0.05s
[13.433s][info][gc,start       ] GC(191) Pause Young (Allocation Failure)
[13.478s][info][gc,heap        ] GC(191) PSYoungGen: 84096K(124928K)->63648K(127488K) Eden: 21504K(21504K)->0K(24576K) From: 62592K(103424K)->63648K(102912K)
[13.478s][info][gc,heap        ] GC(191) ParOldGen: 2034217K(2114048K)->2054969K(2114048K)
[13.478s][info][gc,metaspace   ] GC(191) Metaspace: 6302K(6528K)->6302K(6528K) NonClass: 5769K(5888K)->5769K(5888K) Class: 533K(640K)->533K(640K)
[13.478s][info][gc             ] GC(191) Pause Young (Allocation Failure) 2068M->2068M(2189M) 44.587ms
[13.478s][info][gc,cpu         ] GC(191) User=0.27s Sys=0.00s Real=0.05s
[13.505s][info][gc,start       ] GC(192) Pause Young (Allocation Failure)
[13.552s][info][gc,heap        ] GC(192) PSYoungGen: 88224K(127488K)->67744K(127488K) Eden: 24576K(24576K)->0K(24576K) From: 63648K(102912K)->67744K(102912K)
[13.552s][info][gc,heap        ] GC(192) ParOldGen: 2054969K(2114048K)->2075737K(2114048K)
[13.552s][info][gc,metaspace   ] GC(192) Metaspace: 6302K(6528K)->6302K(6528K) NonClass: 5769K(5888K)->5769K(5888K) Class: 533K(640K)->533K(640K)
[13.552s][info][gc             ] GC(192) Pause Young (Allocation Failure) 2092M->2093M(2189M) 46.817ms
[13.552s][info][gc,cpu         ] GC(192) User=0.38s Sys=0.00s Real=0.05s
[13.552s][info][gc,start       ] GC(193) Pause Full (Ergonomics)
[13.552s][info][gc,phases,start] GC(193) Marking Phase
[14.033s][info][gc,phases      ] GC(193) Marking Phase 480.972ms
[14.033s][info][gc,phases,start] GC(193) Summary Phase
[14.033s][info][gc,phases      ] GC(193) Summary Phase 0.036ms
[14.033s][info][gc,phases,start] GC(193) Adjust Roots
[14.034s][info][gc,phases      ] GC(193) Adjust Roots 0.219ms
[14.034s][info][gc,phases,start] GC(193) Compaction Phase
[14.226s][info][gc,phases      ] GC(193) Compaction Phase 192.107ms
[14.226s][info][gc,phases,start] GC(193) Post Compact
[14.230s][info][gc,phases      ] GC(193) Post Compact 4.220ms
[14.231s][info][gc,heap        ] GC(193) PSYoungGen: 67744K(127488K)->27125K(127488K) Eden: 0K(24576K)->0K(24576K) From: 67744K(102912K)->27125K(102912K)
[14.231s][info][gc,heap        ] GC(193) ParOldGen: 2075737K(2114048K)->2113684K(2329088K)
[14.231s][info][gc,metaspace   ] GC(193) Metaspace: 6302K(6528K)->6302K(6528K) NonClass: 5769K(5888K)->5769K(5888K) Class: 533K(640K)->533K(640K)
[14.231s][info][gc             ] GC(193) Pause Full (Ergonomics) 2093M->2090M(2399M) 678.899ms
[14.231s][info][gc,cpu         ] GC(193) User=4.97s Sys=0.03s Real=0.68s
[14.259s][info][gc,start       ] GC(194) Pause Young (Allocation Failure)
[14.377s][info][gc,heap        ] GC(194) PSYoungGen: 51701K(127488K)->40672K(125440K) Eden: 24576K(24576K)->0K(27648K) From: 27125K(102912K)->40672K(97792K)
[14.377s][info][gc,heap        ] GC(194) ParOldGen: 2113684K(2329088K)->2125020K(2329088K)
[14.377s][info][gc,metaspace   ] GC(194) Metaspace: 6302K(6528K)->6302K(6528K) NonClass: 5769K(5888K)->5769K(5888K) Class: 533K(640K)->533K(640K)
[14.377s][info][gc             ] GC(194) Pause Young (Allocation Failure) 2114M->2114M(2397M) 118.584ms
[14.377s][info][gc,cpu         ] GC(194) User=0.69s Sys=0.00s Real=0.12s
[14.407s][info][gc,start       ] GC(195) Pause Young (Allocation Failure)
[14.446s][info][gc,heap        ] GC(195) PSYoungGen: 68320K(125440K)->59360K(128512K) Eden: 27648K(27648K)->0K(27648K) From: 40672K(97792K)->59360K(100864K)
[14.446s][info][gc,heap        ] GC(195) ParOldGen: 2125020K(2329088K)->2134164K(2329088K)
[14.446s][info][gc,metaspace   ] GC(195) Metaspace: 6302K(6528K)->6302K(6528K) NonClass: 5769K(5888K)->5769K(5888K) Class: 533K(640K)->533K(640K)
[14.446s][info][gc             ] GC(195) Pause Young (Allocation Failure) 2141M->2142M(2400M) 39.471ms
[14.446s][info][gc,cpu         ] GC(195) User=0.25s Sys=0.00s Real=0.04s
[14.480s][info][gc,start       ] GC(196) Pause Young (Allocation Failure)
[14.527s][info][gc,heap        ] GC(196) PSYoungGen: 87008K(128512K)->80064K(124416K) Eden: 27648K(27648K)->0K(25600K) From: 59360K(100864K)->80064K(98816K)
[14.527s][info][gc,heap        ] GC(196) ParOldGen: 2134164K(2329088K)->2141228K(2329088K)
[14.527s][info][gc,metaspace   ] GC(196) Metaspace: 6302K(6528K)->6302K(6528K) NonClass: 5769K(5888K)->5769K(5888K) Class: 533K(640K)->533K(640K)
[14.527s][info][gc             ] GC(196) Pause Young (Allocation Failure) 2169M->2169M(2396M) 47.251ms
[14.527s][info][gc,cpu         ] GC(196) User=0.27s Sys=0.00s Real=0.05s
[14.561s][info][gc,start       ] GC(197) Pause Young (Allocation Failure)
[14.619s][info][gc,heap        ] GC(197) PSYoungGen: 105664K(124416K)->81088K(129536K) Eden: 25600K(25600K)->0K(25600K) From: 80064K(98816K)->81088K(103936K)
[14.619s][info][gc,heap        ] GC(197) ParOldGen: 2141228K(2329088K)->2166148K(2329088K)
[14.619s][info][gc,metaspace   ] GC(197) Metaspace: 6302K(6528K)->6302K(6528K) NonClass: 5769K(5888K)->5769K(5888K) Class: 533K(640K)->533K(640K)
[14.619s][info][gc             ] GC(197) Pause Young (Allocation Failure) 2194M->2194M(2401M) 57.542ms
[14.619s][info][gc,cpu         ] GC(197) User=0.36s Sys=0.02s Real=0.06s
[14.648s][info][gc,start       ] GC(198) Pause Young (Allocation Failure)
[14.705s][info][gc,heap        ] GC(198) PSYoungGen: 106688K(129536K)->79040K(135168K) Eden: 25600K(25600K)->0K(26112K) From: 81088K(103936K)->79040K(109056K)
[14.705s][info][gc,heap        ] GC(198) ParOldGen: 2166148K(2329088K)->2194164K(2329088K)
[14.705s][info][gc,metaspace   ] GC(198) Metaspace: 6302K(6528K)->6302K(6528K) NonClass: 5769K(5888K)->5769K(5888K) Class: 533K(640K)->533K(640K)
[14.705s][info][gc             ] GC(198) Pause Young (Allocation Failure) 2219M->2219M(2406M) 56.705ms
[14.705s][info][gc,cpu         ] GC(198) User=0.36s Sys=0.02s Real=0.06s
[14.734s][info][gc,start       ] GC(199) Pause Young (Allocation Failure)
[14.788s][info][gc,heap        ] GC(199) PSYoungGen: 105152K(135168K)->77504K(137728K) Eden: 26112K(26112K)->0K(26112K) From: 79040K(109056K)->77504K(111616K)
[14.788s][info][gc,heap        ] GC(199) ParOldGen: 2194164K(2329088K)->2222220K(2329088K)
[14.788s][info][gc,metaspace   ] GC(199) Metaspace: 6302K(6528K)->6302K(6528K) NonClass: 5769K(5888K)->5769K(5888K) Class: 533K(640K)->533K(640K)
[14.788s][info][gc             ] GC(199) Pause Young (Allocation Failure) 2245M->2245M(2409M) 54.308ms
[14.788s][info][gc,cpu         ] GC(199) User=0.38s Sys=0.00s Real=0.05s
[14.819s][info][gc,start       ] GC(200) Pause Young (Allocation Failure)
[14.872s][info][gc,heap        ] GC(200) PSYoungGen: 103616K(137728K)->78016K(141312K) Eden: 26112K(26112K)->0K(28672K) From: 77504K(111616K)->78016K(112640K)
[14.872s][info][gc,heap        ] GC(200) ParOldGen: 2222220K(2329088K)->2248188K(2329088K)
[14.872s][info][gc,metaspace   ] GC(200) Metaspace: 6302K(6528K)->6302K(6528K) NonClass: 5769K(5888K)->5769K(5888K) Class: 533K(640K)->533K(640K)
[14.872s][info][gc             ] GC(200) Pause Young (Allocation Failure) 2271M->2271M(2412M) 53.558ms
[14.872s][info][gc,cpu         ] GC(200) User=0.31s Sys=0.06s Real=0.05s
[14.904s][info][gc,start       ] GC(201) Pause Young (Allocation Failure)
[14.960s][info][gc,heap        ] GC(201) PSYoungGen: 106688K(141312K)->54944K(142336K) Eden: 28672K(28672K)->0K(28672K) From: 78016K(112640K)->54944K(113664K)
[14.960s][info][gc,heap        ] GC(201) ParOldGen: 2248188K(2329088K)->2300364K(2329088K)
[14.960s][info][gc,metaspace   ] GC(201) Metaspace: 6302K(6528K)->6302K(6528K) NonClass: 5769K(5888K)->5769K(5888K) Class: 533K(640K)->533K(640K)
[14.960s][info][gc             ] GC(201) Pause Young (Allocation Failure) 2299M->2300M(2413M) 56.293ms
[14.960s][info][gc,cpu         ] GC(201) User=0.38s Sys=0.00s Real=0.06s
[14.960s][info][gc,start       ] GC(202) Pause Full (Ergonomics)
[14.960s][info][gc,phases,start] GC(202) Marking Phase
[15.485s][info][gc,phases      ] GC(202) Marking Phase 524.052ms
[15.485s][info][gc,phases,start] GC(202) Summary Phase
[15.485s][info][gc,phases      ] GC(202) Summary Phase 0.040ms
[15.485s][info][gc,phases,start] GC(202) Adjust Roots
[15.485s][info][gc,phases      ] GC(202) Adjust Roots 0.166ms
[15.485s][info][gc,phases,start] GC(202) Compaction Phase
[15.705s][info][gc,phases      ] GC(202) Compaction Phase 220.568ms
[15.705s][info][gc,phases,start] GC(202) Post Compact
[15.710s][info][gc,phases      ] GC(202) Post Compact 4.367ms
[15.711s][info][gc,heap        ] GC(202) PSYoungGen: 54944K(142336K)->23543K(142336K) Eden: 0K(28672K)->0K(28672K) From: 54944K(113664K)->23543K(113664K)
[15.711s][info][gc,heap        ] GC(202) ParOldGen: 2300364K(2329088K)->2328985K(2576384K)
[15.711s][info][gc,metaspace   ] GC(202) Metaspace: 6302K(6528K)->6302K(6528K) NonClass: 5769K(5888K)->5769K(5888K) Class: 533K(640K)->533K(640K)
[15.711s][info][gc             ] GC(202) Pause Full (Ergonomics) 2300M->2297M(2655M) 750.461ms
[15.711s][info][gc,cpu         ] GC(202) User=5.31s Sys=0.02s Real=0.75s
[15.747s][info][gc,start       ] GC(203) Pause Young (Allocation Failure)
[15.873s][info][gc,heap        ] GC(203) PSYoungGen: 52215K(142336K)->28832K(141824K) Eden: 28672K(28672K)->0K(31744K) From: 23543K(113664K)->28832K(110080K)
[15.873s][info][gc,heap        ] GC(203) ParOldGen: 2328985K(2576384K)->2352793K(2576384K)
[15.873s][info][gc,metaspace   ] GC(203) Metaspace: 6302K(6528K)->6302K(6528K) NonClass: 5769K(5888K)->5769K(5888K) Class: 533K(640K)->533K(640K)
[15.873s][info][gc             ] GC(203) Pause Young (Allocation Failure) 2325M->2325M(2654M) 125.524ms
[15.873s][info][gc,cpu         ] GC(203) User=0.75s Sys=0.00s Real=0.12s
[15.909s][info][gc,start       ] GC(204) Pause Young (Allocation Failure)
[15.947s][info][gc,heap        ] GC(204) PSYoungGen: 60576K(141824K)->31904K(142848K) Eden: 31744K(31744K)->0K(31744K) From: 28832K(110080K)->31904K(111104K)
[15.947s][info][gc,heap        ] GC(204) ParOldGen: 2352793K(2576384K)->2381721K(2576384K)
[15.947s][info][gc,metaspace   ] GC(204) Metaspace: 6302K(6528K)->6302K(6528K) NonClass: 5769K(5888K)->5769K(5888K) Class: 533K(640K)->533K(640K)
[15.947s][info][gc             ] GC(204) Pause Young (Allocation Failure) 2356M->2357M(2655M) 37.955ms
[15.947s][info][gc,cpu         ] GC(204) User=0.27s Sys=0.00s Real=0.04s
[15.985s][info][gc,start       ] GC(205) Pause Young (Allocation Failure)
[16.026s][info][gc,heap        ] GC(205) PSYoungGen: 63648K(142848K)->31904K(143872K) Eden: 31744K(31744K)->0K(35328K) From: 31904K(111104K)->31904K(108544K)
[16.026s][info][gc,heap        ] GC(205) ParOldGen: 2381721K(2576384K)->2413745K(2576384K)
[16.026s][info][gc,metaspace   ] GC(205) Metaspace: 6302K(6528K)->6302K(6528K) NonClass: 5769K(5888K)->5769K(5888K) Class: 533K(640K)->533K(640K)
[16.026s][info][gc             ] GC(205) Pause Young (Allocation Failure) 2388M->2388M(2656M) 40.837ms
[16.026s][info][gc,cpu         ] GC(205) User=0.23s Sys=0.02s Real=0.04s
[16.068s][info][gc,start       ] GC(206) Pause Young (Allocation Failure)
[16.110s][info][gc,heap        ] GC(206) PSYoungGen: 67232K(143872K)->35520K(144896K) Eden: 35328K(35328K)->0K(35328K) From: 31904K(108544K)->35520K(109568K)
[16.110s][info][gc,heap        ] GC(206) ParOldGen: 2413745K(2576384K)->2445777K(2576384K)
[16.110s][info][gc,metaspace   ] GC(206) Metaspace: 6302K(6528K)->6302K(6528K) NonClass: 5769K(5888K)->5769K(5888K) Class: 533K(640K)->533K(640K)
[16.110s][info][gc             ] GC(206) Pause Young (Allocation Failure) 2422M->2423M(2657M) 42.772ms
[16.110s][info][gc,cpu         ] GC(206) User=0.34s Sys=0.03s Real=0.04s
[16.154s][info][gc,start       ] GC(207) Pause Young (Allocation Failure)
[16.197s][info][gc,heap        ] GC(207) PSYoungGen: 70848K(144896K)->35520K(141312K) Eden: 35328K(35328K)->0K(39424K) From: 35520K(109568K)->35520K(101888K)
[16.197s][info][gc,heap        ] GC(207) ParOldGen: 2445777K(2576384K)->2481417K(2576384K)
[16.197s][info][gc,metaspace   ] GC(207) Metaspace: 6302K(6528K)->6302K(6528K) NonClass: 5769K(5888K)->5769K(5888K) Class: 533K(640K)->533K(640K)
[16.197s][info][gc             ] GC(207) Pause Young (Allocation Failure) 2457M->2457M(2654M) 43.785ms
[16.197s][info][gc,cpu         ] GC(207) User=0.23s Sys=0.03s Real=0.04s
[16.243s][info][gc,start       ] GC(208) Pause Young (Allocation Failure)
[16.293s][info][gc,heap        ] GC(208) PSYoungGen: 74944K(141312K)->39584K(143872K) Eden: 39424K(39424K)->0K(39424K) From: 35520K(101888K)->39584K(104448K)
[16.293s][info][gc,heap        ] GC(208) ParOldGen: 2481417K(2576384K)->2517057K(2576384K)
[16.293s][info][gc,metaspace   ] GC(208) Metaspace: 6302K(6528K)->6302K(6528K) NonClass: 5769K(5888K)->5769K(5888K) Class: 533K(640K)->533K(640K)
[16.293s][info][gc             ] GC(208) Pause Young (Allocation Failure) 2496M->2496M(2656M) 49.886ms
[16.293s][info][gc,cpu         ] GC(208) User=0.14s Sys=0.03s Real=0.05s
[16.342s][info][gc,start       ] GC(209) Pause Young (Allocation Failure)
[16.391s][info][gc,heap        ] GC(209) PSYoungGen: 79008K(143872K)->39616K(137728K) Eden: 39424K(39424K)->0K(44032K) From: 39584K(104448K)->39616K(93696K)
[16.391s][info][gc,heap        ] GC(209) ParOldGen: 2517057K(2576384K)->2556857K(2576384K)
[16.391s][info][gc,metaspace   ] GC(209) Metaspace: 6302K(6528K)->6302K(6528K) NonClass: 5769K(5888K)->5769K(5888K) Class: 533K(640K)->533K(640K)
[16.391s][info][gc             ] GC(209) Pause Young (Allocation Failure) 2535M->2535M(2650M) 48.157ms
[16.391s][info][gc,cpu         ] GC(209) User=0.27s Sys=0.00s Real=0.05s
[16.391s][info][gc,start       ] GC(210) Pause Full (Ergonomics)
[16.391s][info][gc,phases,start] GC(210) Marking Phase
[16.986s][info][gc,phases      ] GC(210) Marking Phase 595.263ms
[16.986s][info][gc,phases,start] GC(210) Summary Phase
[16.986s][info][gc,phases      ] GC(210) Summary Phase 0.046ms
[16.986s][info][gc,phases,start] GC(210) Adjust Roots
[16.986s][info][gc,phases      ] GC(210) Adjust Roots 0.160ms
[16.986s][info][gc,phases,start] GC(210) Compaction Phase
[17.224s][info][gc,phases      ] GC(210) Compaction Phase 237.871ms
[17.224s][info][gc,phases,start] GC(210) Post Compact
[17.229s][info][gc,phases      ] GC(210) Post Compact 4.997ms
[17.230s][info][gc,heap        ] GC(210) PSYoungGen: 39616K(137728K)->17925K(141312K) Eden: 0K(44032K)->0K(47616K) From: 39616K(93696K)->17925K(93696K)
[17.230s][info][gc,heap        ] GC(210) ParOldGen: 2556857K(2576384K)->2576040K(2847744K)
[17.231s][info][gc,metaspace   ] GC(210) Metaspace: 6302K(6528K)->6302K(6528K) NonClass: 5769K(5888K)->5769K(5888K) Class: 533K(640K)->533K(640K)
[17.231s][info][gc             ] GC(210) Pause Full (Ergonomics) 2535M->2533M(2919M) 839.880ms
[17.231s][info][gc,cpu         ] GC(210) User=6.36s Sys=0.02s Real=0.84s
[17.288s][info][gc,start       ] GC(211) Pause Young (Allocation Failure)
[17.434s][info][gc,heap        ] GC(211) PSYoungGen: 65541K(141312K)->47776K(144896K) Eden: 47616K(47616K)->0K(47616K) From: 17925K(93696K)->47776K(97280K)
[17.434s][info][gc,heap        ] GC(211) ParOldGen: 2576040K(2847744K)->2594160K(2847744K)
[17.434s][info][gc,metaspace   ] GC(211) Metaspace: 6302K(6528K)->6302K(6528K) NonClass: 5769K(5888K)->5769K(5888K) Class: 533K(640K)->533K(640K)
[17.434s][info][gc             ] GC(211) Pause Young (Allocation Failure) 2579M->2580M(2922M) 145.475ms
[17.434s][info][gc,cpu         ] GC(211) User=0.91s Sys=0.00s Real=0.14s
[17.491s][info][gc,start       ] GC(212) Pause Young (Allocation Failure)
[17.547s][info][gc,heap        ] GC(212) PSYoungGen: 95392K(144896K)->92672K(131584K) Eden: 47616K(47616K)->0K(38912K) From: 47776K(97280K)->92672K(92672K)
[17.547s][info][gc,heap        ] GC(212) ParOldGen: 2594160K(2847744K)->2596904K(2847744K)
[17.547s][info][gc,metaspace   ] GC(212) Metaspace: 6302K(6528K)->6302K(6528K) NonClass: 5769K(5888K)->5769K(5888K) Class: 533K(640K)->533K(640K)
[17.547s][info][gc             ] GC(212) Pause Young (Allocation Failure) 2626M->2626M(2909M) 55.885ms
[17.547s][info][gc,cpu         ] GC(212) User=0.33s Sys=0.05s Real=0.06s
[17.594s][info][gc,start       ] GC(213) Pause Young (Allocation Failure)
[17.671s][info][gc,heap        ] GC(213) PSYoungGen: 131584K(131584K)->39104K(144896K) Eden: 38912K(38912K)->0K(38912K) From: 92672K(92672K)->39104K(105984K)
[17.671s][info][gc,heap        ] GC(213) ParOldGen: 2596904K(2847744K)->2690256K(2847744K)
[17.671s][info][gc,metaspace   ] GC(213) Metaspace: 6302K(6528K)->6302K(6528K) NonClass: 5769K(5888K)->5769K(5888K) Class: 533K(640K)->533K(640K)
[17.671s][info][gc             ] GC(213) Pause Young (Allocation Failure) 2664M->2665M(2922M) 76.744ms
[17.671s][info][gc,cpu         ] GC(213) User=0.48s Sys=0.03s Real=0.08s
[17.715s][info][gc,start       ] GC(214) Pause Young (Allocation Failure)
[17.760s][info][gc,heap        ] GC(214) PSYoungGen: 78016K(144896K)->78048K(141312K) Eden: 38912K(38912K)->0K(38400K) From: 39104K(105984K)->78048K(102912K)
[17.760s][info][gc,heap        ] GC(214) ParOldGen: 2690256K(2847744K)->2690256K(2847744K)
[17.760s][info][gc,metaspace   ] GC(214) Metaspace: 6302K(6528K)->6302K(6528K) NonClass: 5769K(5888K)->5769K(5888K) Class: 533K(640K)->533K(640K)
[17.760s][info][gc             ] GC(214) Pause Young (Allocation Failure) 2703M->2703M(2919M) 45.508ms
[17.760s][info][gc,cpu         ] GC(214) User=0.25s Sys=0.00s Real=0.05s
[17.803s][info][gc,start       ] GC(215) Pause Young (Allocation Failure)
[17.865s][info][gc,heap        ] GC(215) PSYoungGen: 116448K(141312K)->107520K(145920K) Eden: 38400K(38400K)->0K(38400K) From: 78048K(102912K)->107520K(107520K)
[17.865s][info][gc,heap        ] GC(215) ParOldGen: 2690256K(2847744K)->2699200K(2847744K)
[17.865s][info][gc,metaspace   ] GC(215) Metaspace: 6302K(6528K)->6302K(6528K) NonClass: 5769K(5888K)->5769K(5888K) Class: 533K(640K)->533K(640K)
[17.865s][info][gc             ] GC(215) Pause Young (Allocation Failure) 2740M->2740M(2923M) 61.788ms
[17.865s][info][gc,cpu         ] GC(215) User=0.38s Sys=0.00s Real=0.06s
[18.442s][info][gc,start       ] GC(216) Pause Full (Ergonomics)
[18.442s][info][gc,phases,start] GC(216) Marking Phase
[19.092s][info][gc,phases      ] GC(216) Marking Phase 650.053ms
[19.092s][info][gc,phases,start] GC(216) Summary Phase
[19.092s][info][gc,phases      ] GC(216) Summary Phase 0.048ms
[19.093s][info][gc,phases,start] GC(216) Adjust Roots
[19.093s][info][gc,phases      ] GC(216) Adjust Roots 0.165ms
[19.093s][info][gc,phases,start] GC(216) Compaction Phase
[19.556s][info][gc,phases      ] GC(216) Compaction Phase 462.898ms
[19.556s][info][gc,phases,start] GC(216) Post Compact
[19.562s][info][gc,phases      ] GC(216) Post Compact 6.191ms
[19.563s][info][gc,heap        ] GC(216) PSYoungGen: 145920K(145920K)->61803K(145920K) Eden: 38400K(38400K)->0K(38400K) From: 107520K(107520K)->61803K(107520K)
[19.563s][info][gc,heap        ] GC(216) ParOldGen: 2830272K(2847744K)->2847366K(3160576K)
[19.563s][info][gc,metaspace   ] GC(216) Metaspace: 6302K(6528K)->6302K(6528K) NonClass: 5769K(5888K)->5769K(5888K) Class: 533K(640K)->533K(640K)
[19.563s][info][gc             ] GC(216) Pause Full (Ergonomics) 2906M->2840M(3229M) 1120.775ms
[19.563s][info][gc,cpu         ] GC(216) User=7.80s Sys=0.09s Real=1.12s
[19.609s][info][gc,start       ] GC(217) Pause Young (Allocation Failure)
[19.768s][info][gc,heap        ] GC(217) PSYoungGen: 100203K(145920K)->61440K(154624K) Eden: 38400K(38400K)->0K(41984K) From: 61803K(107520K)->61440K(112640K)
[19.768s][info][gc,heap        ] GC(217) ParOldGen: 2847366K(3160576K)->2886726K(3160576K)
[19.768s][info][gc,metaspace   ] GC(217) Metaspace: 6302K(6528K)->6302K(6528K) NonClass: 5769K(5888K)->5769K(5888K) Class: 533K(640K)->533K(640K)
[19.768s][info][gc             ] GC(217) Pause Young (Allocation Failure) 2878M->2879M(3237M) 159.024ms
[19.768s][info][gc,cpu         ] GC(217) User=1.06s Sys=0.00s Real=0.16s
[19.813s][info][gc,start       ] GC(218) Pause Young (Allocation Failure)
[19.878s][info][gc,heap        ] GC(218) PSYoungGen: 103424K(154624K)->103552K(161280K) Eden: 41984K(41984K)->0K(41984K) From: 61440K(112640K)->103552K(119296K)
[19.878s][info][gc,heap        ] GC(218) ParOldGen: 2886726K(3160576K)->2886726K(3160576K)
[19.878s][info][gc,metaspace   ] GC(218) Metaspace: 6302K(6528K)->6302K(6528K) NonClass: 5769K(5888K)->5769K(5888K) Class: 533K(640K)->533K(640K)
[19.878s][info][gc             ] GC(218) Pause Young (Allocation Failure) 2920M->2920M(3244M) 65.048ms
[19.878s][info][gc,cpu         ] GC(218) User=0.20s Sys=0.00s Real=0.07s
[19.918s][info][gc,start       ] GC(219) Pause Young (Allocation Failure)
[19.994s][info][gc,heap        ] GC(219) PSYoungGen: 145536K(161280K)->129024K(151552K) Eden: 41984K(41984K)->0K(22528K) From: 103552K(119296K)->129024K(129024K)
[19.994s][info][gc,heap        ] GC(219) ParOldGen: 2886726K(3160576K)->2903278K(3160576K)
[19.994s][info][gc,metaspace   ] GC(219) Metaspace: 6302K(6528K)->6302K(6528K) NonClass: 5769K(5888K)->5769K(5888K) Class: 533K(640K)->533K(640K)
[19.994s][info][gc             ] GC(219) Pause Young (Allocation Failure) 2961M->2961M(3234M) 75.585ms
[19.994s][info][gc,cpu         ] GC(219) User=0.33s Sys=0.06s Real=0.08s
[20.016s][info][gc,start       ] GC(220) Pause Young (Allocation Failure)
[20.093s][info][gc,heap        ] GC(220) PSYoungGen: 151552K(151552K)->96416K(175104K) Eden: 22528K(22528K)->0K(22528K) From: 129024K(129024K)->96416K(152576K)
[20.093s][info][gc,heap        ] GC(220) ParOldGen: 2903278K(3160576K)->2959022K(3160576K)
[20.093s][info][gc,metaspace   ] GC(220) Metaspace: 6302K(6528K)->6302K(6528K) NonClass: 5769K(5888K)->5769K(5888K) Class: 533K(640K)->533K(640K)
[20.093s][info][gc             ] GC(220) Pause Young (Allocation Failure) 2983M->2983M(3257M) 77.322ms
[20.093s][info][gc,cpu         ] GC(220) User=0.33s Sys=0.00s Real=0.08s
[20.115s][info][gc,start       ] GC(221) Pause Young (Allocation Failure)
[20.182s][info][gc,heap        ] GC(221) PSYoungGen: 118944K(175104K)->77248K(164864K) Eden: 22528K(22528K)->0K(25600K) From: 96416K(152576K)->77248K(139264K)
[20.182s][info][gc,heap        ] GC(221) ParOldGen: 2959022K(3160576K)->3001006K(3160576K)
[20.182s][info][gc,metaspace   ] GC(221) Metaspace: 6302K(6528K)->6302K(6528K) NonClass: 5769K(5888K)->5769K(5888K) Class: 533K(640K)->533K(640K)
[20.182s][info][gc             ] GC(221) Pause Young (Allocation Failure) 3005M->3006M(3247M) 66.968ms
[20.182s][info][gc,cpu         ] GC(221) User=0.23s Sys=0.09s Real=0.07s
[20.206s][info][gc,start       ] GC(222) Pause Young (Allocation Failure)
[20.269s][info][gc,heap        ] GC(222) PSYoungGen: 102848K(164864K)->48288K(172032K) Eden: 25600K(25600K)->0K(25600K) From: 77248K(139264K)->48288K(146432K)
[20.270s][info][gc,heap        ] GC(222) ParOldGen: 3001006K(3160576K)->3056014K(3160576K)
[20.270s][info][gc,metaspace   ] GC(222) Metaspace: 6302K(6528K)->6302K(6528K) NonClass: 5769K(5888K)->5769K(5888K) Class: 533K(640K)->533K(640K)
[20.270s][info][gc             ] GC(222) Pause Young (Allocation Failure) 3031M->3031M(3254M) 63.429ms
[20.270s][info][gc,cpu         ] GC(222) User=0.17s Sys=0.03s Real=0.06s
[20.293s][info][gc,start       ] GC(223) Pause Young (Allocation Failure)
[20.348s][info][gc,heap        ] GC(223) PSYoungGen: 73888K(172032K)->25792K(172032K) Eden: 25600K(25600K)->0K(28160K) From: 48288K(146432K)->25792K(143872K)
[20.348s][info][gc,heap        ] GC(223) ParOldGen: 3056014K(3160576K)->3104558K(3160576K)
[20.348s][info][gc,metaspace   ] GC(223) Metaspace: 6302K(6528K)->6302K(6528K) NonClass: 5769K(5888K)->5769K(5888K) Class: 533K(640K)->533K(640K)
[20.348s][info][gc             ] GC(223) Pause Young (Allocation Failure) 3056M->3056M(3254M) 54.903ms
[20.348s][info][gc,cpu         ] GC(223) User=0.11s Sys=0.00s Real=0.06s
[20.348s][info][gc,start       ] GC(224) Pause Full (Ergonomics)
[20.348s][info][gc,phases,start] GC(224) Marking Phase
[21.048s][info][gc,phases      ] GC(224) Marking Phase 700.207ms
[21.048s][info][gc,phases,start] GC(224) Summary Phase
[21.048s][info][gc,phases      ] GC(224) Summary Phase 0.056ms
[21.048s][info][gc,phases,start] GC(224) Adjust Roots
[21.048s][info][gc,phases      ] GC(224) Adjust Roots 0.165ms
[21.048s][info][gc,phases,start] GC(224) Compaction Phase
[21.366s][info][gc,phases      ] GC(224) Compaction Phase 317.759ms
[21.366s][info][gc,phases,start] GC(224) Post Compact
[21.372s][info][gc,phases      ] GC(224) Post Compact 5.575ms
[21.373s][info][gc,heap        ] GC(224) PSYoungGen: 25792K(172032K)->0K(173056K) Eden: 0K(28160K)->0K(28160K) From: 25792K(143872K)->0K(144896K)
[21.373s][info][gc,heap        ] GC(224) ParOldGen: 3104558K(3160576K)->3127568K(3475456K)
[21.373s][info][gc,metaspace   ] GC(224) Metaspace: 6302K(6528K)->6302K(6528K) NonClass: 5769K(5888K)->5769K(5888K) Class: 533K(640K)->533K(640K)
[21.373s][info][gc             ] GC(224) Pause Full (Ergonomics) 3056M->3054M(3563M) 1025.140ms
[21.373s][info][gc,cpu         ] GC(224) User=7.30s Sys=0.02s Real=1.02s
[21.403s][info][gc,start       ] GC(225) Pause Young (Allocation Failure)
[21.439s][info][gc,heap        ] GC(225) PSYoungGen: 28160K(173056K)->28320K(173056K) Eden: 28160K(28160K)->0K(31232K) From: 0K(144896K)->28320K(141824K)
[21.439s][info][gc,heap        ] GC(225) ParOldGen: 3127568K(3475456K)->3127568K(3475456K)
[21.439s][info][gc,metaspace   ] GC(225) Metaspace: 6302K(6528K)->6302K(6528K) NonClass: 5769K(5888K)->5769K(5888K) Class: 533K(640K)->533K(640K)
[21.439s][info][gc             ] GC(225) Pause Young (Allocation Failure) 3081M->3081M(3563M) 36.147ms
[21.439s][info][gc,cpu         ] GC(225) User=0.05s Sys=0.00s Real=0.04s
[21.473s][info][gc,start       ] GC(226) Pause Young (Allocation Failure)
[21.521s][info][gc,heap        ] GC(226) PSYoungGen: 59552K(173056K)->31392K(175104K) Eden: 31232K(31232K)->0K(31232K) From: 28320K(141824K)->31392K(143872K)
[21.521s][info][gc,heap        ] GC(226) ParOldGen: 3127568K(3475456K)->3155992K(3475456K)
[21.521s][info][gc,metaspace   ] GC(226) Metaspace: 6302K(6528K)->6302K(6528K) NonClass: 5769K(5888K)->5769K(5888K) Class: 533K(640K)->533K(640K)
[21.521s][info][gc             ] GC(226) Pause Young (Allocation Failure) 3112M->3112M(3565M) 48.390ms
[21.521s][info][gc,cpu         ] GC(226) User=0.14s Sys=0.00s Real=0.05s
[21.557s][info][gc,start       ] GC(227) Pause Young (Allocation Failure)
[21.606s][info][gc,heap        ] GC(227) PSYoungGen: 62624K(175104K)->31424K(169984K) Eden: 31232K(31232K)->0K(34816K) From: 31392K(143872K)->31424K(135168K)
[21.607s][info][gc,heap        ] GC(227) ParOldGen: 3155992K(3475456K)->3187504K(3475456K)
[21.607s][info][gc,metaspace   ] GC(227) Metaspace: 6302K(6528K)->6302K(6528K) NonClass: 5769K(5888K)->5769K(5888K) Class: 533K(640K)->533K(640K)
[21.607s][info][gc             ] GC(227) Pause Young (Allocation Failure) 3143M->3143M(3560M) 49.217ms
[21.607s][info][gc,cpu         ] GC(227) User=0.11s Sys=0.03s Real=0.05s
[21.642s][info][gc,start       ] GC(228) Pause Young (Allocation Failure)
[21.694s][info][gc,heap        ] GC(228) PSYoungGen: 66240K(169984K)->35008K(173056K) Eden: 34816K(34816K)->0K(34816K) From: 31424K(135168K)->35008K(138240K)
[21.694s][info][gc,heap        ] GC(228) ParOldGen: 3187504K(3475456K)->3219024K(3475456K)
[21.694s][info][gc,metaspace   ] GC(228) Metaspace: 6302K(6528K)->6302K(6528K) NonClass: 5769K(5888K)->5769K(5888K) Class: 533K(640K)->533K(640K)
[21.694s][info][gc             ] GC(228) Pause Young (Allocation Failure) 3177M->3177M(3563M) 52.011ms
[21.694s][info][gc,cpu         ] GC(228) User=0.17s Sys=0.02s Real=0.05s
[21.728s][info][gc,start       ] GC(229) Pause Young (Allocation Failure)
[21.783s][info][gc,heap        ] GC(229) PSYoungGen: 69824K(173056K)->35008K(164864K) Eden: 34816K(34816K)->0K(38912K) From: 35008K(138240K)->35008K(125952K)
[21.784s][info][gc,heap        ] GC(229) ParOldGen: 3219024K(3475456K)->3254152K(3475456K)
[21.784s][info][gc,metaspace   ] GC(229) Metaspace: 6302K(6528K)->6302K(6528K) NonClass: 5769K(5888K)->5769K(5888K) Class: 533K(640K)->533K(640K)
[21.784s][info][gc             ] GC(229) Pause Young (Allocation Failure) 3211M->3212M(3555M) 55.463ms
[21.784s][info][gc,cpu         ] GC(229) User=0.17s Sys=0.00s Real=0.06s
[21.826s][info][gc,start       ] GC(230) Pause Young (Allocation Failure)
[21.884s][info][gc,heap        ] GC(230) PSYoungGen: 73920K(164864K)->39104K(168960K) Eden: 38912K(38912K)->0K(38912K) From: 35008K(125952K)->39104K(130048K)
[21.884s][info][gc,heap        ] GC(230) ParOldGen: 3254152K(3475456K)->3289280K(3475456K)
[21.884s][info][gc,metaspace   ] GC(230) Metaspace: 6302K(6528K)->6302K(6528K) NonClass: 5769K(5888K)->5769K(5888K) Class: 533K(640K)->533K(640K)
[21.884s][info][gc             ] GC(230) Pause Young (Allocation Failure) 3250M->3250M(3559M) 57.973ms
[21.884s][info][gc,cpu         ] GC(230) User=0.14s Sys=0.05s Real=0.06s
[21.924s][info][gc,start       ] GC(231) Pause Young (Allocation Failure)
[21.978s][info][gc,heap        ] GC(231) PSYoungGen: 78016K(168960K)->39104K(158720K) Eden: 38912K(38912K)->0K(44032K) From: 39104K(130048K)->39104K(114688K)
[21.978s][info][gc,heap        ] GC(231) ParOldGen: 3289280K(3475456K)->3328544K(3475456K)
[21.978s][info][gc,metaspace   ] GC(231) Metaspace: 6302K(6528K)->6302K(6528K) NonClass: 5769K(5888K)->5769K(5888K) Class: 533K(640K)->533K(640K)
[21.978s][info][gc             ] GC(231) Pause Young (Allocation Failure) 3288M->3288M(3549M) 54.284ms
[21.978s][info][gc,cpu         ] GC(231) User=0.17s Sys=0.00s Real=0.05s
[22.028s][info][gc,start       ] GC(232) Pause Young (Allocation Failure)
[22.084s][info][gc,heap        ] GC(232) PSYoungGen: 83136K(158720K)->44192K(163840K) Eden: 44032K(44032K)->0K(44032K) From: 39104K(114688K)->44192K(119808K)
[22.084s][info][gc,heap        ] GC(232) ParOldGen: 3328544K(3475456K)->3367816K(3475456K)
[22.084s][info][gc,metaspace   ] GC(232) Metaspace: 6302K(6528K)->6302K(6528K) NonClass: 5769K(5888K)->5769K(5888K) Class: 533K(640K)->533K(640K)
[22.084s][info][gc             ] GC(232) Pause Young (Allocation Failure) 3331M->3332M(3554M) 56.583ms
[22.084s][info][gc,cpu         ] GC(232) User=0.19s Sys=0.00s Real=0.06s
[22.133s][info][gc,start       ] GC(233) Pause Young (Allocation Failure)
[22.195s][info][gc,heap        ] GC(233) PSYoungGen: 88224K(163840K)->44224K(151552K) Eden: 44032K(44032K)->0K(49152K) From: 44192K(119808K)->44224K(102400K)
[22.195s][info][gc,heap        ] GC(233) ParOldGen: 3367816K(3475456K)->3412240K(3475456K)
[22.195s][info][gc,metaspace   ] GC(233) Metaspace: 6302K(6528K)->6302K(6528K) NonClass: 5769K(5888K)->5769K(5888K) Class: 533K(640K)->533K(640K)
[22.195s][info][gc             ] GC(233) Pause Young (Allocation Failure) 3375M->3375M(3542M) 61.182ms
[22.195s][info][gc,cpu         ] GC(233) User=0.12s Sys=0.06s Real=0.06s
[22.195s][info][gc,start       ] GC(234) Pause Full (Ergonomics)
[22.195s][info][gc,phases,start] GC(234) Marking Phase
[22.979s][info][gc,phases      ] GC(234) Marking Phase 783.983ms
[22.979s][info][gc,phases,start] GC(234) Summary Phase
[22.979s][info][gc,phases      ] GC(234) Summary Phase 0.063ms
[22.979s][info][gc,phases,start] GC(234) Adjust Roots
[22.979s][info][gc,phases      ] GC(234) Adjust Roots 0.163ms
[22.979s][info][gc,phases,start] GC(234) Compaction Phase
[23.289s][info][gc,phases      ] GC(234) Compaction Phase 309.581ms
[23.289s][info][gc,phases,start] GC(234) Post Compact
[23.295s][info][gc,phases      ] GC(234) Post Compact 6.613ms
[23.297s][info][gc,heap        ] GC(234) PSYoungGen: 44224K(151552K)->0K(157696K) Eden: 0K(49152K)->0K(49152K) From: 44224K(102400K)->0K(108544K)
[23.297s][info][gc,heap        ] GC(234) ParOldGen: 3412240K(3475456K)->3453435K(3812864K)
[23.297s][info][gc,metaspace   ] GC(234) Metaspace: 6302K(6528K)->6302K(6528K) NonClass: 5769K(5888K)->5769K(5888K) Class: 533K(640K)->533K(640K)
[23.297s][info][gc             ] GC(234) Pause Full (Ergonomics) 3375M->3372M(3877M) 1101.967ms
[23.297s][info][gc,cpu         ] GC(234) User=7.94s Sys=0.06s Real=1.10s
[23.345s][info][gc,start       ] GC(235) Pause Young (Allocation Failure)
[23.387s][info][gc,heap        ] GC(235) PSYoungGen: 49152K(157696K)->49408K(149504K) Eden: 49152K(49152K)->0K(53760K) From: 0K(108544K)->49408K(95744K)
[23.387s][info][gc,heap        ] GC(235) ParOldGen: 3453435K(3812864K)->3453435K(3812864K)
[23.387s][info][gc,metaspace   ] GC(235) Metaspace: 6302K(6528K)->6302K(6528K) NonClass: 5769K(5888K)->5769K(5888K) Class: 533K(640K)->533K(640K)
[23.387s][info][gc             ] GC(235) Pause Young (Allocation Failure) 3420M->3420M(3869M) 42.695ms
[23.387s][info][gc,cpu         ] GC(235) User=0.08s Sys=0.00s Real=0.04s
[23.441s][info][gc,start       ] GC(236) Pause Young (Allocation Failure)
[23.504s][info][gc,heap        ] GC(236) PSYoungGen: 103168K(149504K)->102912K(156672K) Eden: 53760K(53760K)->0K(53760K) From: 49408K(95744K)->102912K(102912K)
[23.505s][info][gc,heap        ] GC(236) ParOldGen: 3453435K(3812864K)->3453643K(3812864K)
[23.505s][info][gc,metaspace   ] GC(236) Metaspace: 6302K(6528K)->6302K(6528K) NonClass: 5769K(5888K)->5769K(5888K) Class: 533K(640K)->533K(640K)
[23.505s][info][gc             ] GC(236) Pause Young (Allocation Failure) 3473M->3473M(3876M) 63.251ms
[23.505s][info][gc,cpu         ] GC(236) User=0.30s Sys=0.00s Real=0.06s
[23.559s][info][gc,start       ] GC(237) Pause Young (Allocation Failure)
[23.638s][info][gc,heap        ] GC(237) PSYoungGen: 156672K(156672K)->53984K(164864K) Eden: 53760K(53760K)->0K(59392K) From: 102912K(102912K)->53984K(105472K)
[23.638s][info][gc,heap        ] GC(237) ParOldGen: 3453643K(3812864K)->3557275K(3812864K)
[23.638s][info][gc,metaspace   ] GC(237) Metaspace: 6302K(6528K)->6302K(6528K) NonClass: 5769K(5888K)->5769K(5888K) Class: 533K(640K)->533K(640K)
[23.638s][info][gc             ] GC(237) Pause Young (Allocation Failure) 3525M->3526M(3884M) 78.733ms
[23.638s][info][gc,cpu         ] GC(237) User=0.47s Sys=0.03s Real=0.08s
[23.702s][info][gc,start       ] GC(238) Pause Young (Allocation Failure)
[23.769s][info][gc,heap        ] GC(238) PSYoungGen: 113376K(164864K)->111104K(170496K) Eden: 59392K(59392K)->0K(59392K) From: 53984K(105472K)->111104K(111104K)
[23.769s][info][gc,heap        ] GC(238) ParOldGen: 3557275K(3812864K)->3559563K(3812864K)
[23.769s][info][gc,metaspace   ] GC(238) Metaspace: 6302K(6528K)->6302K(6528K) NonClass: 5769K(5888K)->5769K(5888K) Class: 533K(640K)->533K(640K)
[23.769s][info][gc             ] GC(238) Pause Young (Allocation Failure) 3584M->3584M(3890M) 66.566ms
[23.769s][info][gc,cpu         ] GC(238) User=0.28s Sys=0.00s Real=0.07s
[23.830s][info][gc,start       ] GC(239) Pause Young (Allocation Failure)
[23.916s][info][gc,heap        ] GC(239) PSYoungGen: 170496K(170496K)->59616K(180736K) Eden: 59392K(59392K)->0K(66048K) From: 111104K(111104K)->59616K(114688K)
[23.916s][info][gc,heap        ] GC(239) ParOldGen: 3559563K(3812864K)->3671451K(3812864K)
[23.916s][info][gc,metaspace   ] GC(239) Metaspace: 6302K(6528K)->6302K(6528K) NonClass: 5769K(5888K)->5769K(5888K) Class: 533K(640K)->533K(640K)
[23.916s][info][gc             ] GC(239) Pause Young (Allocation Failure) 3642M->3643M(3900M) 85.599ms
[23.916s][info][gc,cpu         ] GC(239) User=0.52s Sys=0.12s Real=0.09s
[23.983s][info][gc,start       ] GC(240) Pause Young (Allocation Failure)
[24.050s][info][gc,heap        ] GC(240) PSYoungGen: 125664K(180736K)->66272K(186880K) Eden: 66048K(66048K)->0K(66048K) From: 59616K(114688K)->66272K(120832K)
[24.050s][info][gc,heap        ] GC(240) ParOldGen: 3671451K(3812864K)->3731379K(3812864K)
[24.050s][info][gc,metaspace   ] GC(240) Metaspace: 6302K(6528K)->6302K(6528K) NonClass: 5769K(5888K)->5769K(5888K) Class: 533K(640K)->533K(640K)
[24.050s][info][gc             ] GC(240) Pause Young (Allocation Failure) 3708M->3708M(3906M) 67.544ms
[24.050s][info][gc,cpu         ] GC(240) User=0.30s Sys=0.00s Real=0.07s
[24.050s][info][gc,start       ] GC(241) Pause Full (Ergonomics)
[24.050s][info][gc,phases,start] GC(241) Marking Phase
[24.896s][info][gc,phases      ] GC(241) Marking Phase 845.279ms
[24.896s][info][gc,phases,start] GC(241) Summary Phase
[24.896s][info][gc,phases      ] GC(241) Summary Phase 0.108ms
[24.896s][info][gc,phases,start] GC(241) Adjust Roots
[24.896s][info][gc,phases      ] GC(241) Adjust Roots 0.217ms
[24.896s][info][gc,phases,start] GC(241) Compaction Phase
[25.241s][info][gc,phases      ] GC(241) Compaction Phase 345.372ms
[25.241s][info][gc,phases,start] GC(241) Post Compact
[25.248s][info][gc,phases      ] GC(241) Post Compact 6.946ms
[25.250s][info][gc,heap        ] GC(241) PSYoungGen: 66272K(186880K)->0K(189952K) Eden: 0K(66048K)->0K(73216K) From: 66272K(120832K)->0K(116736K)
[25.250s][info][gc,heap        ] GC(241) ParOldGen: 3731379K(3812864K)->3794752K(4235776K)
[25.250s][info][gc,metaspace   ] GC(241) Metaspace: 6302K(6528K)->6302K(6528K) NonClass: 5769K(5888K)->5769K(5888K) Class: 533K(640K)->533K(640K)
[25.250s][info][gc             ] GC(241) Pause Full (Ergonomics) 3708M->3705M(4322M) 1199.629ms
[25.250s][info][gc,cpu         ] GC(241) User=8.69s Sys=0.09s Real=1.20s
[25.328s][info][gc,start       ] GC(242) Pause Young (Allocation Failure)
[25.385s][info][gc,heap        ] GC(242) PSYoungGen: 73216K(189952K)->73472K(189952K) Eden: 73216K(73216K)->0K(73216K) From: 0K(116736K)->73472K(116736K)
[25.385s][info][gc,heap        ] GC(242) ParOldGen: 3794752K(4235776K)->3794752K(4235776K)
[25.385s][info][gc,metaspace   ] GC(242) Metaspace: 6302K(6528K)->6302K(6528K) NonClass: 5769K(5888K)->5769K(5888K) Class: 533K(640K)->533K(640K)
[25.385s][info][gc             ] GC(242) Pause Young (Allocation Failure) 3777M->3777M(4322M) 56.488ms
[25.385s][info][gc,cpu         ] GC(242) User=0.17s Sys=0.00s Real=0.06s
[25.463s][info][gc,start       ] GC(243) Pause Young (Allocation Failure)
[25.541s][info][gc,heap        ] GC(243) PSYoungGen: 146688K(189952K)->116224K(169984K) Eden: 73216K(73216K)->0K(53760K) From: 73472K(116736K)->116224K(116224K)
[25.541s][info][gc,heap        ] GC(243) ParOldGen: 3794752K(4235776K)->3825448K(4235776K)
[25.541s][info][gc,metaspace   ] GC(243) Metaspace: 6302K(6528K)->6302K(6528K) NonClass: 5769K(5888K)->5769K(5888K) Class: 533K(640K)->533K(640K)
[25.541s][info][gc             ] GC(243) Pause Young (Allocation Failure) 3849M->3849M(4302M) 77.410ms
[25.541s][info][gc,cpu         ] GC(243) User=0.50s Sys=0.00s Real=0.08s
[25.593s][info][gc,start       ] GC(244) Pause Young (Allocation Failure)
[25.684s][info][gc,heap        ] GC(244) PSYoungGen: 169984K(169984K)->54016K(195584K) Eden: 53760K(53760K)->0K(53760K) From: 116224K(116224K)->54016K(141824K)
[25.685s][info][gc,heap        ] GC(244) ParOldGen: 3825448K(4235776K)->3942496K(4235776K)
[25.685s][info][gc,metaspace   ] GC(244) Metaspace: 6302K(6528K)->6302K(6528K) NonClass: 5769K(5888K)->5769K(5888K) Class: 533K(640K)->533K(640K)
[25.685s][info][gc             ] GC(244) Pause Young (Allocation Failure) 3901M->3902M(4327M) 91.702ms
[25.685s][info][gc,cpu         ] GC(244) User=0.58s Sys=0.06s Real=0.09s
[25.740s][info][gc,start       ] GC(245) Pause Young (Allocation Failure)
[25.805s][info][gc,heap        ] GC(245) PSYoungGen: 107776K(195584K)->107808K(188928K) Eden: 53760K(53760K)->0K(51200K) From: 54016K(141824K)->107808K(137728K)
[25.805s][info][gc,heap        ] GC(245) ParOldGen: 3942496K(4235776K)->3942496K(4235776K)
[25.805s][info][gc,metaspace   ] GC(245) Metaspace: 6302K(6528K)->6302K(6528K) NonClass: 5769K(5888K)->5769K(5888K) Class: 533K(640K)->533K(640K)
[25.805s][info][gc             ] GC(245) Pause Young (Allocation Failure) 3955M->3955M(4321M) 64.636ms
[25.805s][info][gc,cpu         ] GC(245) User=0.28s Sys=0.00s Real=0.07s
[25.865s][info][gc,start       ] GC(246) Pause Young (Allocation Failure)
[25.945s][info][gc,heap        ] GC(246) PSYoungGen: 159008K(188928K)->145408K(196608K) Eden: 51200K(51200K)->0K(51200K) From: 107808K(137728K)->145408K(145408K)
[25.945s][info][gc,heap        ] GC(246) ParOldGen: 3942496K(4235776K)->3956168K(4235776K)
[25.945s][info][gc,metaspace   ] GC(246) Metaspace: 6302K(6528K)->6302K(6528K) NonClass: 5769K(5888K)->5769K(5888K) Class: 533K(640K)->533K(640K)
[25.945s][info][gc             ] GC(246) Pause Young (Allocation Failure) 4005M->4005M(4328M) 79.914ms
[25.945s][info][gc,cpu         ] GC(246) User=0.53s Sys=0.00s Real=0.08s
[26.001s][info][gc,start       ] GC(247) Pause Young (Allocation Failure)
[26.099s][info][gc,heap        ] GC(247) PSYoungGen: 196608K(196608K)->94336K(218624K) Eden: 51200K(51200K)->0K(56832K) From: 145408K(145408K)->94336K(161792K)
[26.100s][info][gc,heap        ] GC(247) ParOldGen: 3956168K(4235776K)->4059408K(4235776K)
[26.100s][info][gc,metaspace   ] GC(247) Metaspace: 6302K(6528K)->6302K(6528K) NonClass: 5769K(5888K)->5769K(5888K) Class: 533K(640K)->533K(640K)
[26.100s][info][gc             ] GC(247) Pause Young (Allocation Failure) 4055M->4056M(4350M) 98.981ms
[26.100s][info][gc,cpu         ] GC(247) User=0.66s Sys=0.09s Real=0.10s
[26.154s][info][gc,start       ] GC(248) Pause Young (Allocation Failure)
[26.232s][info][gc,heap        ] GC(248) PSYoungGen: 151168K(218624K)->108320K(222720K) Eden: 56832K(56832K)->0K(56832K) From: 94336K(161792K)->108320K(165888K)
[26.232s][info][gc,heap        ] GC(248) ParOldGen: 4059408K(4235776K)->4102656K(4235776K)
[26.232s][info][gc,metaspace   ] GC(248) Metaspace: 6302K(6528K)->6302K(6528K) NonClass: 5769K(5888K)->5769K(5888K) Class: 533K(640K)->533K(640K)
[26.232s][info][gc             ] GC(248) Pause Young (Allocation Failure) 4111M->4112M(4354M) 78.464ms
[26.233s][info][gc,cpu         ] GC(248) User=0.52s Sys=0.00s Real=0.08s
[26.291s][info][gc,start       ] GC(249) Pause Young (Allocation Failure)
[26.377s][info][gc,heap        ] GC(249) PSYoungGen: 165152K(222720K)->113984K(227840K) Eden: 56832K(56832K)->0K(60928K) From: 108320K(165888K)->113984K(166912K)
[26.377s][info][gc,heap        ] GC(249) ParOldGen: 4102656K(4235776K)->4154320K(4235776K)
[26.378s][info][gc,metaspace   ] GC(249) Metaspace: 6302K(6528K)->6302K(6528K) NonClass: 5769K(5888K)->5769K(5888K) Class: 533K(640K)->533K(640K)
[26.378s][info][gc             ] GC(249) Pause Young (Allocation Failure) 4167M->4168M(4359M) 86.173ms
[26.378s][info][gc,cpu         ] GC(249) User=0.33s Sys=0.06s Real=0.09s
[26.378s][info][gc,start       ] GC(250) Pause Full (Ergonomics)
[26.378s][info][gc,phases,start] GC(250) Marking Phase
[27.340s][info][gc,phases      ] GC(250) Marking Phase 962.312ms
[27.340s][info][gc,phases,start] GC(250) Summary Phase
[27.340s][info][gc,phases      ] GC(250) Summary Phase 0.061ms
[27.340s][info][gc,phases,start] GC(250) Adjust Roots
[27.340s][info][gc,phases      ] GC(250) Adjust Roots 0.196ms
[27.340s][info][gc,phases,start] GC(250) Compaction Phase
[27.723s][info][gc,phases      ] GC(250) Compaction Phase 382.860ms
[27.723s][info][gc,phases,start] GC(250) Post Compact
[27.730s][info][gc,phases      ] GC(250) Post Compact 6.595ms
[27.732s][info][gc,heap        ] GC(250) PSYoungGen: 113984K(227840K)->28792K(227840K) Eden: 0K(60928K)->0K(60928K) From: 113984K(166912K)->28792K(166912K)
[27.732s][info][gc,heap        ] GC(250) ParOldGen: 4154320K(4235776K)->4235720K(4721152K)
[27.732s][info][gc,metaspace   ] GC(250) Metaspace: 6302K(6528K)->6302K(6528K) NonClass: 5769K(5888K)->5769K(5888K) Class: 533K(640K)->533K(640K)
[27.732s][info][gc             ] GC(250) Pause Full (Ergonomics) 4168M->4164M(4833M) 1353.965ms
[27.732s][info][gc,cpu         ] GC(250) User=10.17s Sys=0.03s Real=1.36s
[27.805s][info][gc,start       ] GC(251) Pause Young (Allocation Failure)
[28.036s][info][gc,heap        ] GC(251) PSYoungGen: 89720K(227840K)->75264K(136192K) Eden: 60928K(60928K)->0K(60928K) From: 28792K(166912K)->75264K(75264K)
[28.036s][info][gc,heap        ] GC(251) ParOldGen: 4235720K(4721152K)->4250608K(4721152K)
[28.036s][info][gc,metaspace   ] GC(251) Metaspace: 6302K(6528K)->6302K(6528K) NonClass: 5769K(5888K)->5769K(5888K) Class: 533K(640K)->533K(640K)
[28.036s][info][gc             ] GC(251) Pause Young (Allocation Failure) 4224M->4224M(4743M) 230.719ms
[28.036s][info][gc,cpu         ] GC(251) User=1.53s Sys=0.00s Real=0.23s
[28.107s][info][gc,start       ] GC(252) Pause Young (Allocation Failure)
[28.185s][info][gc,heap        ] GC(252) PSYoungGen: 136192K(136192K)->136288K(219136K) Eden: 60928K(60928K)->0K(55808K) From: 75264K(75264K)->136288K(163328K)
[28.185s][info][gc,heap        ] GC(252) ParOldGen: 4250608K(4721152K)->4250608K(4721152K)
[28.185s][info][gc,metaspace   ] GC(252) Metaspace: 6302K(6528K)->6302K(6528K) NonClass: 5769K(5888K)->5769K(5888K) Class: 533K(640K)->533K(640K)
[28.185s][info][gc             ] GC(252) Pause Young (Allocation Failure) 4283M->4284M(4824M) 77.882ms
[28.185s][info][gc,cpu         ] GC(252) User=0.44s Sys=0.00s Real=0.08s
[28.243s][info][gc,start       ] GC(253) Pause Young (Allocation Failure)
[28.344s][info][gc,heap        ] GC(253) PSYoungGen: 192096K(219136K)->174080K(229888K) Eden: 55808K(55808K)->0K(55808K) From: 136288K(163328K)->174080K(174080K)
[28.344s][info][gc,heap        ] GC(253) ParOldGen: 4250608K(4721152K)->4268744K(4721152K)
[28.344s][info][gc,metaspace   ] GC(253) Metaspace: 6302K(6528K)->6302K(6528K) NonClass: 5769K(5888K)->5769K(5888K) Class: 533K(640K)->533K(640K)
[28.344s][info][gc             ] GC(253) Pause Young (Allocation Failure) 4338M->4338M(4835M) 101.138ms
[28.344s][info][gc,cpu         ] GC(253) User=0.53s Sys=0.00s Real=0.10s
[28.401s][info][gc,start       ] GC(254) Pause Young (Allocation Failure)
[28.526s][info][gc,heap        ] GC(254) PSYoungGen: 229888K(229888K)->165248K(251904K) Eden: 55808K(55808K)->0K(48640K) From: 174080K(174080K)->165248K(203264K)
[28.526s][info][gc,heap        ] GC(254) ParOldGen: 4268744K(4721152K)->4334104K(4721152K)
[28.526s][info][gc,metaspace   ] GC(254) Metaspace: 6302K(6528K)->6302K(6528K) NonClass: 5769K(5888K)->5769K(5888K) Class: 533K(640K)->533K(640K)
[28.526s][info][gc             ] GC(254) Pause Young (Allocation Failure) 4393M->4393M(4856M) 125.074ms
[28.526s][info][gc,cpu         ] GC(254) User=0.67s Sys=0.22s Real=0.12s
[28.582s][info][gc,start       ] GC(255) Pause Young (Allocation Failure)
[28.696s][info][gc,heap        ] GC(255) PSYoungGen: 213888K(251904K)->158912K(265216K) Eden: 48640K(48640K)->0K(48640K) From: 165248K(203264K)->158912K(216576K)
[28.696s][info][gc,heap        ] GC(255) ParOldGen: 4334104K(4721152K)->4389576K(4721152K)
[28.696s][info][gc,metaspace   ] GC(255) Metaspace: 6302K(6528K)->6302K(6528K) NonClass: 5769K(5888K)->5769K(5888K) Class: 533K(640K)->533K(640K)
[28.696s][info][gc             ] GC(255) Pause Young (Allocation Failure) 4441M->4441M(4869M) 114.285ms
[28.696s][info][gc,cpu         ] GC(255) User=0.81s Sys=0.06s Real=0.11s
[28.759s][info][gc,start       ] GC(256) Pause Young (Allocation Failure)
[28.870s][info][gc,heap        ] GC(256) PSYoungGen: 207552K(265216K)->153472K(275456K) Eden: 48640K(48640K)->0K(51200K) From: 158912K(216576K)->153472K(224256K)
[28.870s][info][gc,heap        ] GC(256) ParOldGen: 4389576K(4721152K)->4444128K(4721152K)
[28.870s][info][gc,metaspace   ] GC(256) Metaspace: 6302K(6528K)->6302K(6528K) NonClass: 5769K(5888K)->5769K(5888K) Class: 533K(640K)->533K(640K)
[28.870s][info][gc             ] GC(256) Pause Young (Allocation Failure) 4489M->4489M(4879M) 111.745ms
[28.870s][info][gc,cpu         ] GC(256) User=0.67s Sys=0.03s Real=0.11s
[28.925s][info][gc,start       ] GC(257) Pause Young (Allocation Failure)
[29.036s][info][gc,heap        ] GC(257) PSYoungGen: 204672K(275456K)->148832K(279040K) Eden: 51200K(51200K)->0K(51200K) From: 153472K(224256K)->148832K(227840K)
[29.036s][info][gc,heap        ] GC(257) ParOldGen: 4444128K(4721152K)->4500448K(4721152K)
[29.036s][info][gc,metaspace   ] GC(257) Metaspace: 6302K(6528K)->6302K(6528K) NonClass: 5769K(5888K)->5769K(5888K) Class: 533K(640K)->533K(640K)
[29.036s][info][gc             ] GC(257) Pause Young (Allocation Failure) 4539M->4540M(4883M) 110.846ms
[29.036s][info][gc,cpu         ] GC(257) User=0.75s Sys=0.02s Real=0.11s
[29.091s][info][gc,start       ] GC(258) Pause Young (Allocation Failure)
[29.203s][info][gc,heap        ] GC(258) PSYoungGen: 200032K(279040K)->102720K(270336K) Eden: 51200K(51200K)->0K(57856K) From: 148832K(227840K)->102720K(212480K)
[29.203s][info][gc,heap        ] GC(258) ParOldGen: 4500448K(4721152K)->4598576K(4721152K)
[29.203s][info][gc,metaspace   ] GC(258) Metaspace: 6302K(6528K)->6302K(6528K) NonClass: 5769K(5888K)->5769K(5888K) Class: 533K(640K)->533K(640K)
[29.203s][info][gc             ] GC(258) Pause Young (Allocation Failure) 4590M->4591M(4874M) 111.485ms
[29.203s][info][gc,cpu         ] GC(258) User=0.72s Sys=0.03s Real=0.11s
[29.268s][info][gc,start       ] GC(259) Pause Young (Allocation Failure)
[29.364s][info][gc,heap        ] GC(259) PSYoungGen: 160576K(270336K)->58080K(278528K) Eden: 57856K(57856K)->0K(57856K) From: 102720K(212480K)->58080K(220672K)
[29.364s][info][gc,heap        ] GC(259) ParOldGen: 4598576K(4721152K)->4701880K(4721152K)
[29.364s][info][gc,metaspace   ] GC(259) Metaspace: 6302K(6528K)->6302K(6528K) NonClass: 5769K(5888K)->5769K(5888K) Class: 533K(640K)->533K(640K)
[29.364s][info][gc             ] GC(259) Pause Young (Allocation Failure) 4647M->4648M(4882M) 95.295ms
[29.364s][info][gc,cpu         ] GC(259) User=0.59s Sys=0.02s Real=0.09s
[29.364s][info][gc,start       ] GC(260) Pause Full (Ergonomics)
[29.364s][info][gc,phases,start] GC(260) Marking Phase
[30.448s][info][gc,phases      ] GC(260) Marking Phase 1084.110ms
[30.448s][info][gc,phases,start] GC(260) Summary Phase
[30.448s][info][gc,phases      ] GC(260) Summary Phase 0.060ms
[30.448s][info][gc,phases,start] GC(260) Adjust Roots
[30.448s][info][gc,phases      ] GC(260) Adjust Roots 0.163ms
[30.448s][info][gc,phases,start] GC(260) Compaction Phase
[30.892s][info][gc,phases      ] GC(260) Compaction Phase 443.469ms
[30.892s][info][gc,phases,start] GC(260) Post Compact
[30.899s][info][gc,phases      ] GC(260) Post Compact 6.880ms
[30.900s][info][gc,heap        ] GC(260) PSYoungGen: 58080K(278528K)->34311K(278528K) Eden: 0K(57856K)->0K(57856K) From: 58080K(220672K)->34311K(220672K)
[30.900s][info][gc,heap        ] GC(260) ParOldGen: 4701880K(4721152K)->4720930K(5261312K)
[30.900s][info][gc,metaspace   ] GC(260) Metaspace: 6302K(6528K)->6302K(6528K) NonClass: 5769K(5888K)->5769K(5888K) Class: 533K(640K)->533K(640K)
[30.900s][info][gc             ] GC(260) Pause Full (Ergonomics) 4648M->4643M(5410M) 1536.610ms
[30.900s][info][gc,cpu         ] GC(260) User=11.31s Sys=0.02s Real=1.54s
[30.973s][info][gc,start       ] GC(261) Pause Young (Allocation Failure)
[31.235s][info][gc,heap        ] GC(261) PSYoungGen: 92167K(278528K)->58112K(280576K) Eden: 57856K(57856K)->0K(64000K) From: 34311K(220672K)->58112K(216576K)
[31.235s][info][gc,heap        ] GC(261) ParOldGen: 4720930K(5261312K)->4755618K(5261312K)
[31.235s][info][gc,metaspace   ] GC(261) Metaspace: 6302K(6528K)->6302K(6528K) NonClass: 5769K(5888K)->5769K(5888K) Class: 533K(640K)->533K(640K)
[31.235s][info][gc             ] GC(261) Pause Young (Allocation Failure) 4700M->4700M(5412M) 262.249ms
[31.235s][info][gc,cpu         ] GC(261) User=1.77s Sys=0.02s Real=0.26s
[31.300s][info][gc,start       ] GC(262) Pause Young (Allocation Failure)
[31.377s][info][gc,heap        ] GC(262) PSYoungGen: 122112K(280576K)->64192K(283648K) Eden: 64000K(64000K)->0K(64000K) From: 58112K(216576K)->64192K(219648K)
[31.377s][info][gc,heap        ] GC(262) ParOldGen: 4755618K(5261312K)->4813986K(5261312K)
[31.377s][info][gc,metaspace   ] GC(262) Metaspace: 6302K(6528K)->6302K(6528K) NonClass: 5769K(5888K)->5769K(5888K) Class: 533K(640K)->533K(640K)
[31.377s][info][gc             ] GC(262) Pause Young (Allocation Failure) 4763M->4763M(5415M) 76.832ms
[31.377s][info][gc,cpu         ] GC(262) User=0.44s Sys=0.08s Real=0.08s
[31.444s][info][gc,start       ] GC(263) Pause Young (Allocation Failure)
[31.520s][info][gc,heap        ] GC(263) PSYoungGen: 128192K(283648K)->64224K(276992K) Eden: 64000K(64000K)->0K(70656K) From: 64192K(219648K)->64224K(206336K)
[31.520s][info][gc,heap        ] GC(263) ParOldGen: 4813986K(5261312K)->4878562K(5261312K)
[31.520s][info][gc,metaspace   ] GC(263) Metaspace: 6302K(6528K)->6302K(6528K) NonClass: 5769K(5888K)->5769K(5888K) Class: 533K(640K)->533K(640K)
[31.520s][info][gc             ] GC(263) Pause Young (Allocation Failure) 4826M->4826M(5408M) 76.326ms
[31.520s][info][gc,cpu         ] GC(263) User=0.50s Sys=0.00s Real=0.08s
[31.596s][info][gc,start       ] GC(264) Pause Young (Allocation Failure)
[31.676s][info][gc,heap        ] GC(264) PSYoungGen: 134880K(276992K)->70880K(281600K) Eden: 70656K(70656K)->0K(70656K) From: 64224K(206336K)->70880K(210944K)
[31.676s][info][gc,heap        ] GC(264) ParOldGen: 4878562K(5261312K)->4943162K(5261312K)
[31.676s][info][gc,metaspace   ] GC(264) Metaspace: 6302K(6528K)->6302K(6528K) NonClass: 5769K(5888K)->5769K(5888K) Class: 533K(640K)->533K(640K)
[31.676s][info][gc             ] GC(264) Pause Young (Allocation Failure) 4895M->4896M(5413M) 79.786ms
[31.676s][info][gc,cpu         ] GC(264) User=0.48s Sys=0.03s Real=0.08s
[31.757s][info][gc,start       ] GC(265) Pause Young (Allocation Failure)
[31.843s][info][gc,heap        ] GC(265) PSYoungGen: 141536K(281600K)->70912K(269824K) Eden: 70656K(70656K)->0K(78336K) From: 70880K(210944K)->70912K(191488K)
[31.843s][info][gc,heap        ] GC(265) ParOldGen: 4943162K(5261312K)->5014450K(5261312K)
[31.843s][info][gc,metaspace   ] GC(265) Metaspace: 6302K(6528K)->6302K(6528K) NonClass: 5769K(5888K)->5769K(5888K) Class: 533K(640K)->533K(640K)
[31.843s][info][gc             ] GC(265) Pause Young (Allocation Failure) 4965M->4966M(5401M) 85.779ms
[31.843s][info][gc,cpu         ] GC(265) User=0.47s Sys=0.06s Real=0.09s
[31.926s][info][gc,start       ] GC(266) Pause Young (Allocation Failure)
[32.014s][info][gc,heap        ] GC(266) PSYoungGen: 149248K(269824K)->78624K(276480K) Eden: 78336K(78336K)->0K(78336K) From: 70912K(191488K)->78624K(198144K)
[32.014s][info][gc,heap        ] GC(266) ParOldGen: 5014450K(5261312K)->5085746K(5261312K)
[32.014s][info][gc,metaspace   ] GC(266) Metaspace: 6302K(6528K)->6302K(6528K) NonClass: 5769K(5888K)->5769K(5888K) Class: 533K(640K)->533K(640K)
[32.014s][info][gc             ] GC(266) Pause Young (Allocation Failure) 5042M->5043M(5408M) 88.688ms
[32.014s][info][gc,cpu         ] GC(266) User=0.47s Sys=0.05s Real=0.09s
[32.102s][info][gc,start       ] GC(267) Pause Young (Allocation Failure)
[32.194s][info][gc,heap        ] GC(267) PSYoungGen: 156960K(276480K)->78592K(262144K) Eden: 78336K(78336K)->0K(86528K) From: 78624K(198144K)->78592K(175616K)
[32.194s][info][gc,heap        ] GC(267) ParOldGen: 5085746K(5261312K)->5164802K(5261312K)
[32.194s][info][gc,metaspace   ] GC(267) Metaspace: 6302K(6528K)->6302K(6528K) NonClass: 5769K(5888K)->5769K(5888K) Class: 533K(640K)->533K(640K)
[32.194s][info][gc             ] GC(267) Pause Young (Allocation Failure) 5119M->5120M(5394M) 92.043ms
[32.194s][info][gc,cpu         ] GC(267) User=0.59s Sys=0.03s Real=0.09s
[32.194s][info][gc,start       ] GC(268) Pause Full (Ergonomics)
[32.194s][info][gc,phases,start] GC(268) Marking Phase
[33.379s][info][gc,phases      ] GC(268) Marking Phase 1184.243ms
[33.379s][info][gc,phases,start] GC(268) Summary Phase
[33.379s][info][gc,phases      ] GC(268) Summary Phase 0.091ms
[33.379s][info][gc,phases,start] GC(268) Adjust Roots
[33.379s][info][gc,phases      ] GC(268) Adjust Roots 0.187ms
[33.379s][info][gc,phases,start] GC(268) Compaction Phase
[33.826s][info][gc,phases      ] GC(268) Compaction Phase 447.022ms
[33.826s][info][gc,phases,start] GC(268) Post Compact
[33.834s][info][gc,phases      ] GC(268) Post Compact 7.630ms
[33.835s][info][gc,heap        ] GC(268) PSYoungGen: 78592K(262144K)->0K(269312K) Eden: 0K(86528K)->0K(86528K) From: 78592K(175616K)->0K(182784K)
[33.835s][info][gc,heap        ] GC(268) ParOldGen: 5164802K(5261312K)->5238858K(5808640K)
[33.835s][info][gc,metaspace   ] GC(268) Metaspace: 6302K(6528K)->6302K(6528K) NonClass: 5769K(5888K)->5769K(5888K) Class: 533K(640K)->533K(640K)
[33.836s][info][gc             ] GC(268) Pause Full (Ergonomics) 5120M->5116M(5935M) 1641.142ms
[33.836s][info][gc,cpu         ] GC(268) User=12.20s Sys=0.06s Real=1.64s
[33.934s][info][gc,start       ] GC(269) Pause Young (Allocation Failure)
[33.997s][info][gc,heap        ] GC(269) PSYoungGen: 86528K(269312K)->86880K(258048K) Eden: 86528K(86528K)->0K(94208K) From: 0K(182784K)->86880K(163840K)
[33.997s][info][gc,heap        ] GC(269) ParOldGen: 5238858K(5808640K)->5238858K(5808640K)
[33.997s][info][gc,metaspace   ] GC(269) Metaspace: 6302K(6528K)->6302K(6528K) NonClass: 5769K(5888K)->5769K(5888K) Class: 533K(640K)->533K(640K)
[33.997s][info][gc             ] GC(269) Pause Young (Allocation Failure) 5200M->5200M(5924M) 62.174ms
[33.997s][info][gc,cpu         ] GC(269) User=0.27s Sys=0.00s Real=0.06s
[34.102s][info][gc,start       ] GC(270) Pause Young (Allocation Failure)
[34.201s][info][gc,heap        ] GC(270) PSYoungGen: 181088K(258048K)->174080K(268288K) Eden: 94208K(94208K)->0K(94208K) From: 86880K(163840K)->174080K(174080K)
[34.201s][info][gc,heap        ] GC(270) ParOldGen: 5238858K(5808640K)->5245922K(5808640K)
[34.201s][info][gc,metaspace   ] GC(270) Metaspace: 6302K(6528K)->6302K(6528K) NonClass: 5769K(5888K)->5769K(5888K) Class: 533K(640K)->533K(640K)
[34.201s][info][gc             ] GC(270) Pause Young (Allocation Failure) 5292M->5292M(5934M) 99.270ms
[34.201s][info][gc,cpu         ] GC(270) User=0.64s Sys=0.00s Real=0.10s
[34.311s][info][gc,start       ] GC(271) Pause Young (Allocation Failure)
[34.467s][info][gc,heap        ] GC(271) PSYoungGen: 268288K(268288K)->94528K(284160K) Eden: 94208K(94208K)->0K(102912K) From: 174080K(174080K)->94528K(181248K)
[34.467s][info][gc,heap        ] GC(271) ParOldGen: 5245922K(5808640K)->5421226K(5808640K)
[34.467s][info][gc,metaspace   ] GC(271) Metaspace: 6302K(6528K)->6302K(6528K) NonClass: 5769K(5888K)->5769K(5888K) Class: 533K(640K)->533K(640K)
[34.467s][info][gc             ] GC(271) Pause Young (Allocation Failure) 5384M->5386M(5950M) 155.967ms
[34.467s][info][gc,cpu         ] GC(271) User=1.08s Sys=0.06s Real=0.16s
[34.580s][info][gc,start       ] GC(272) Pause Young (Allocation Failure)
[34.688s][info][gc,heap        ] GC(272) PSYoungGen: 197440K(284160K)->190464K(293376K) Eden: 102912K(102912K)->0K(102912K) From: 94528K(181248K)->190464K(190464K)
[34.688s][info][gc,heap        ] GC(272) ParOldGen: 5421226K(5808640K)->5428322K(5808640K)
[34.688s][info][gc,metaspace   ] GC(272) Metaspace: 6302K(6528K)->6302K(6528K) NonClass: 5769K(5888K)->5769K(5888K) Class: 533K(640K)->533K(640K)
[34.688s][info][gc             ] GC(272) Pause Young (Allocation Failure) 5486M->5487M(5959M) 108.700ms
[34.688s][info][gc,cpu         ] GC(272) User=0.77s Sys=0.00s Real=0.11s
[34.817s][info][gc,start       ] GC(273) Pause Young (Allocation Failure)
[34.991s][info][gc,heap        ] GC(273) PSYoungGen: 293376K(293376K)->103200K(312320K) Eden: 102912K(102912K)->0K(113664K) From: 190464K(190464K)->103200K(198656K)
[34.991s][info][gc,heap        ] GC(273) ParOldGen: 5428322K(5808640K)->5620114K(5808640K)
[34.991s][info][gc,metaspace   ] GC(273) Metaspace: 6302K(6528K)->6302K(6528K) NonClass: 5769K(5888K)->5769K(5888K) Class: 533K(640K)->533K(640K)
[34.991s][info][gc             ] GC(273) Pause Young (Allocation Failure) 5587M->5589M(5977M) 173.711ms
[34.991s][info][gc,cpu         ] GC(273) User=1.38s Sys=0.02s Real=0.17s
[34.991s][info][gc,start       ] GC(274) Pause Full (Ergonomics)
[34.991s][info][gc,phases,start] GC(274) Marking Phase
[36.271s][info][gc,phases      ] GC(274) Marking Phase 1279.667ms
[36.271s][info][gc,phases,start] GC(274) Summary Phase
[36.271s][info][gc,phases      ] GC(274) Summary Phase 0.101ms
[36.271s][info][gc,phases,start] GC(274) Adjust Roots
[36.271s][info][gc,phases      ] GC(274) Adjust Roots 0.185ms
[36.271s][info][gc,phases,start] GC(274) Compaction Phase
[36.715s][info][gc,phases      ] GC(274) Compaction Phase 443.547ms
[36.715s][info][gc,phases,start] GC(274) Post Compact
[36.724s][info][gc,phases      ] GC(274) Post Compact 8.754ms
[36.726s][info][gc,heap        ] GC(274) PSYoungGen: 103200K(312320K)->0K(321536K) Eden: 0K(113664K)->0K(113664K) From: 103200K(198656K)->0K(207872K)
[36.726s][info][gc,heap        ] GC(274) ParOldGen: 5620114K(5808640K)->5719460K(6415872K)
[36.726s][info][gc,metaspace   ] GC(274) Metaspace: 6302K(6528K)->6302K(6528K) NonClass: 5769K(5888K)->5769K(5888K) Class: 533K(640K)->533K(640K)
[36.726s][info][gc             ] GC(274) Pause Full (Ergonomics) 5589M->5585M(6579M) 1734.623ms
[36.726s][info][gc,cpu         ] GC(274) User=13.31s Sys=0.06s Real=1.74s
[37.999s][info][gc,start       ] GC(275) Pause Young (Allocation Failure)
[38.205s][info][gc,heap        ] GC(275) PSYoungGen: 113664K(321536K)->113984K(313856K) Eden: 113664K(113664K)->0K(123392K) From: 0K(207872K)->113984K(190464K)
[38.206s][info][gc,heap        ] GC(275) ParOldGen: 5981604K(6415872K)->5981604K(6415872K)
[38.206s][info][gc,metaspace   ] GC(275) Metaspace: 6302K(6528K)->6302K(6528K) NonClass: 5769K(5888K)->5769K(5888K) Class: 533K(640K)->533K(640K)
[38.206s][info][gc             ] GC(275) Pause Young (Allocation Failure) 5952M->5952M(6572M) 206.164ms
[38.206s][info][gc,cpu         ] GC(275) User=1.14s Sys=0.00s Real=0.21s
[38.337s][info][gc,start       ] GC(276) Pause Young (Allocation Failure)
[38.474s][info][gc,heap        ] GC(276) PSYoungGen: 237376K(313856K)->200192K(323584K) Eden: 123392K(123392K)->0K(123392K) From: 113984K(190464K)->200192K(200192K)
[38.474s][info][gc,heap        ] GC(276) ParOldGen: 5981604K(6415872K)->6019212K(6415872K)
[38.474s][info][gc,metaspace   ] GC(276) Metaspace: 6302K(6528K)->6302K(6528K) NonClass: 5769K(5888K)->5769K(5888K) Class: 533K(640K)->533K(640K)
[38.474s][info][gc             ] GC(276) Pause Young (Allocation Failure) 6073M->6073M(6581M) 137.007ms
[38.474s][info][gc,cpu         ] GC(276) User=0.53s Sys=0.00s Real=0.14s
[38.599s][info][gc,start       ] GC(277) Pause Young (Allocation Failure)
[38.762s][info][gc,heap        ] GC(277) PSYoungGen: 323584K(323584K)->232960K(343040K) Eden: 123392K(123392K)->0K(104448K) From: 200192K(200192K)->232960K(238592K)
[38.762s][info][gc,heap        ] GC(277) ParOldGen: 6019212K(6415872K)->6110884K(6415872K)
[38.762s][info][gc,metaspace   ] GC(277) Metaspace: 6302K(6528K)->6302K(6528K) NonClass: 5769K(5888K)->5769K(5888K) Class: 533K(640K)->533K(640K)
[38.762s][info][gc             ] GC(277) Pause Young (Allocation Failure) 6194M->6195M(6600M) 163.260ms
[38.762s][info][gc,cpu         ] GC(277) User=1.22s Sys=0.09s Real=0.16s
[38.871s][info][gc,start       ] GC(278) Pause Young (Allocation Failure)
[39.040s][info][gc,heap        ] GC(278) PSYoungGen: 337408K(343040K)->268288K(372736K) Eden: 104448K(104448K)->0K(104448K) From: 232960K(238592K)->268288K(268288K)
[39.040s][info][gc,heap        ] GC(278) ParOldGen: 6110884K(6415872K)->6180612K(6415872K)
[39.040s][info][gc,metaspace   ] GC(278) Metaspace: 6302K(6528K)->6302K(6528K) NonClass: 5769K(5888K)->5769K(5888K) Class: 533K(640K)->533K(640K)
[39.040s][info][gc             ] GC(278) Pause Young (Allocation Failure) 6297M->6297M(6629M) 168.616ms
[39.040s][info][gc,cpu         ] GC(278) User=1.00s Sys=0.05s Real=0.17s
[39.152s][info][gc,start       ] GC(279) Pause Young (Allocation Failure)
[39.361s][info][gc,heap        ] GC(279) PSYoungGen: 372736K(372736K)->180576K(432128K) Eden: 104448K(104448K)->0K(115712K) From: 268288K(268288K)->180576K(316416K)
[39.361s][info][gc,heap        ] GC(279) ParOldGen: 6180612K(6415872K)->6374484K(6415872K)
[39.361s][info][gc,metaspace   ] GC(279) Metaspace: 6302K(6528K)->6302K(6528K) NonClass: 5769K(5888K)->5769K(5888K) Class: 533K(640K)->533K(640K)
[39.361s][info][gc             ] GC(279) Pause Young (Allocation Failure) 6399M->6401M(6687M) 209.304ms
[39.361s][info][gc,cpu         ] GC(279) User=1.16s Sys=0.08s Real=0.21s
[39.361s][info][gc,start       ] GC(280) Pause Full (Ergonomics)
[39.361s][info][gc,phases,start] GC(280) Marking Phase
[40.811s][info][gc,phases      ] GC(280) Marking Phase 1450.135ms
[40.811s][info][gc,phases,start] GC(280) Summary Phase
[40.811s][info][gc,phases      ] GC(280) Summary Phase 0.085ms
[40.811s][info][gc,phases,start] GC(280) Adjust Roots
[40.812s][info][gc,phases      ] GC(280) Adjust Roots 0.204ms
[40.812s][info][gc,phases,start] GC(280) Compaction Phase
[41.823s][info][gc,phases      ] GC(280) Compaction Phase 1011.317ms
[41.823s][info][gc,phases,start] GC(280) Post Compact
[41.833s][info][gc,phases      ] GC(280) Post Compact 10.393ms
[41.836s][info][gc,heap        ] GC(280) PSYoungGen: 180576K(432128K)->4268K(438784K) Eden: 0K(115712K)->0K(122368K) From: 180576K(316416K)->4268K(316416K)
[41.836s][info][gc,heap        ] GC(280) ParOldGen: 6374484K(6415872K)->6415449K(7178752K)
[41.836s][info][gc,metaspace   ] GC(280) Metaspace: 6302K(6528K)->6302K(6528K) NonClass: 5769K(5888K)->5769K(5888K) Class: 533K(640K)->533K(640K)
[41.836s][info][gc             ] GC(280) Pause Full (Ergonomics) 6401M->6269M(7439M) 2474.935ms
[41.836s][info][gc,cpu         ] GC(280) User=17.39s Sys=0.08s Real=2.47s
[41.971s][info][gc,start       ] GC(281) Pause Young (Allocation Failure)
[42.309s][info][gc,heap        ] GC(281) PSYoungGen: 126636K(438784K)->124096K(445440K) Eden: 122368K(122368K)->0K(122368K) From: 4268K(316416K)->124096K(323072K)
[42.309s][info][gc,heap        ] GC(281) ParOldGen: 6415449K(7178752K)->6418377K(7178752K)
[42.309s][info][gc,metaspace   ] GC(281) Metaspace: 6302K(6528K)->6302K(6528K) NonClass: 5769K(5888K)->5769K(5888K) Class: 533K(640K)->533K(640K)
[42.309s][info][gc             ] GC(281) Pause Young (Allocation Failure) 6388M->6389M(7445M) 337.645ms
[42.309s][info][gc,cpu         ] GC(281) User=2.23s Sys=0.00s Real=0.34s
[42.437s][info][gc,start       ] GC(282) Pause Young (Allocation Failure)
[42.582s][info][gc,heap        ] GC(282) PSYoungGen: 246464K(445440K)->246688K(426496K) Eden: 122368K(122368K)->0K(114688K) From: 124096K(323072K)->246688K(311808K)
[42.582s][info][gc,heap        ] GC(282) ParOldGen: 6418377K(7178752K)->6418377K(7178752K)
[42.582s][info][gc,metaspace   ] GC(282) Metaspace: 6302K(6528K)->6302K(6528K) NonClass: 5769K(5888K)->5769K(5888K) Class: 533K(640K)->533K(640K)
[42.582s][info][gc             ] GC(282) Pause Young (Allocation Failure) 6508M->6508M(7427M) 144.775ms
[42.582s][info][gc,cpu         ] GC(282) User=0.66s Sys=0.00s Real=0.14s
[42.710s][info][gc,start       ] GC(283) Pause Young (Allocation Failure)
[42.890s][info][gc,heap        ] GC(283) PSYoungGen: 361376K(426496K)->330752K(445440K) Eden: 114688K(114688K)->0K(114688K) From: 246688K(311808K)->330752K(330752K)
[42.890s][info][gc,heap        ] GC(283) ParOldGen: 6418377K(7178752K)->6449353K(7178752K)
[42.890s][info][gc,metaspace   ] GC(283) Metaspace: 6302K(6528K)->6302K(6528K) NonClass: 5769K(5888K)->5769K(5888K) Class: 533K(640K)->533K(640K)
[42.890s][info][gc             ] GC(283) Pause Young (Allocation Failure) 6620M->6621M(7445M) 180.164ms
[42.890s][info][gc,cpu         ] GC(283) User=0.83s Sys=0.05s Real=0.18s
[43.009s][info][gc,start       ] GC(284) Pause Young (Allocation Failure)
[43.225s][info][gc,heap        ] GC(284) PSYoungGen: 445440K(445440K)->334368K(477696K) Eden: 114688K(114688K)->0K(90112K) From: 330752K(330752K)->334368K(387584K)
[43.225s][info][gc,heap        ] GC(284) ParOldGen: 6449353K(7178752K)->6561553K(7178752K)
[43.226s][info][gc,metaspace   ] GC(284) Metaspace: 6302K(6528K)->6302K(6528K) NonClass: 5769K(5888K)->5769K(5888K) Class: 533K(640K)->533K(640K)
[43.226s][info][gc             ] GC(284) Pause Young (Allocation Failure) 6733M->6734M(7477M) 216.625ms
[43.226s][info][gc,cpu         ] GC(284) User=1.45s Sys=0.17s Real=0.22s
[43.332s][info][gc,start       ] GC(285) Pause Young (Allocation Failure)
[43.534s][info][gc,heap        ] GC(285) PSYoungGen: 424480K(477696K)->314080K(513536K) Eden: 90112K(90112K)->0K(90112K) From: 334368K(387584K)->314080K(423424K)
[43.534s][info][gc,heap        ] GC(285) ParOldGen: 6561553K(7178752K)->6672913K(7178752K)
[43.534s][info][gc,metaspace   ] GC(285) Metaspace: 6302K(6528K)->6302K(6528K) NonClass: 5769K(5888K)->5769K(5888K) Class: 533K(640K)->533K(640K)
[43.534s][info][gc             ] GC(285) Pause Young (Allocation Failure) 6822M->6823M(7512M) 201.594ms
[43.534s][info][gc,cpu         ] GC(285) User=1.59s Sys=0.02s Real=0.20s
[43.620s][info][gc,start       ] GC(286) Pause Young (Allocation Failure)
[43.806s][info][gc,heap        ] GC(286) PSYoungGen: 404192K(513536K)->295584K(536064K) Eden: 90112K(90112K)->0K(92160K) From: 314080K(423424K)->295584K(443904K)
[43.806s][info][gc,heap        ] GC(286) ParOldGen: 6672913K(7178752K)->6782473K(7178752K)
[43.806s][info][gc,metaspace   ] GC(286) Metaspace: 6302K(6528K)->6302K(6528K) NonClass: 5769K(5888K)->5769K(5888K) Class: 533K(640K)->533K(640K)
[43.807s][info][gc             ] GC(286) Pause Young (Allocation Failure) 6911M->6912M(7534M) 186.879ms
[43.807s][info][gc,cpu         ] GC(286) User=1.33s Sys=0.03s Real=0.19s
[43.896s][info][gc,start       ] GC(287) Pause Young (Allocation Failure)
[44.078s][info][gc,heap        ] GC(287) PSYoungGen: 387744K(536064K)->272992K(544768K) Eden: 92160K(92160K)->0K(92160K) From: 295584K(443904K)->272992K(452608K)
[44.078s][info][gc,heap        ] GC(287) ParOldGen: 6782473K(7178752K)->6898193K(7178752K)
[44.078s][info][gc,metaspace   ] GC(287) Metaspace: 6302K(6528K)->6302K(6528K) NonClass: 5769K(5888K)->5769K(5888K) Class: 533K(640K)->533K(640K)
[44.078s][info][gc             ] GC(287) Pause Young (Allocation Failure) 7002M->7003M(7542M) 182.147ms
[44.078s][info][gc,cpu         ] GC(287) User=1.48s Sys=0.02s Real=0.18s
[44.173s][info][gc,start       ] GC(288) Pause Young (Allocation Failure)
[44.364s][info][gc,heap        ] GC(288) PSYoungGen: 365152K(544768K)->184800K(521216K) Eden: 92160K(92160K)->0K(103936K) From: 272992K(452608K)->184800K(417280K)
[44.364s][info][gc,heap        ] GC(288) ParOldGen: 6898193K(7178752K)->7079993K(7178752K)
[44.364s][info][gc,metaspace   ] GC(288) Metaspace: 6302K(6528K)->6302K(6528K) NonClass: 5769K(5888K)->5769K(5888K) Class: 533K(640K)->533K(640K)
[44.364s][info][gc             ] GC(288) Pause Young (Allocation Failure) 7093M->7094M(7519M) 190.721ms
[44.364s][info][gc,cpu         ] GC(288) User=0.98s Sys=0.08s Real=0.19s
[44.364s][info][gc,start       ] GC(289) Pause Full (Ergonomics)
[44.364s][info][gc,phases,start] GC(289) Marking Phase
[45.977s][info][gc,phases      ] GC(289) Marking Phase 1613.505ms
[45.977s][info][gc,phases,start] GC(289) Summary Phase
[45.977s][info][gc,phases      ] GC(289) Summary Phase 0.098ms
[45.977s][info][gc,phases,start] GC(289) Adjust Roots
[45.978s][info][gc,phases      ] GC(289) Adjust Roots 0.227ms
[45.978s][info][gc,phases,start] GC(289) Compaction Phase
[46.719s][info][gc,phases      ] GC(289) Compaction Phase 741.514ms
[46.719s][info][gc,phases,start] GC(289) Post Compact
[46.733s][info][gc,phases      ] GC(289) Post Compact 13.827ms
[46.736s][info][gc,heap        ] GC(289) PSYoungGen: 184800K(521216K)->79509K(534528K) Eden: 0K(103936K)->0K(117248K) From: 184800K(417280K)->79509K(417280K)
[46.736s][info][gc,heap        ] GC(289) ParOldGen: 7079993K(7178752K)->7178598K(8024576K)
[46.736s][info][gc,metaspace   ] GC(289) Metaspace: 6302K(6528K)->6302K(6528K) NonClass: 5769K(5888K)->5769K(5888K) Class: 533K(640K)->533K(640K)
[46.736s][info][gc             ] GC(289) Pause Full (Ergonomics) 7094M->7087M(8358M) 2372.193ms
[46.736s][info][gc,cpu         ] GC(289) User=17.14s Sys=0.09s Real=2.37s
[46.862s][info][gc,start       ] GC(290) Pause Young (Allocation Failure)
[47.251s][info][gc,heap        ] GC(290) PSYoungGen: 196757K(534528K)->117600K(550400K) Eden: 117248K(117248K)->0K(117248K) From: 79509K(417280K)->117600K(433152K)
[47.251s][info][gc,heap        ] GC(290) ParOldGen: 7178598K(8024576K)->7258870K(8024576K)
[47.251s][info][gc,metaspace   ] GC(290) Metaspace: 6302K(6528K)->6302K(6528K) NonClass: 5769K(5888K)->5769K(5888K) Class: 533K(640K)->533K(640K)
[47.251s][info][gc             ] GC(290) Pause Young (Allocation Failure) 7202M->7203M(8374M) 388.932ms
[47.251s][info][gc,cpu         ] GC(290) User=2.88s Sys=0.02s Real=0.39s
[47.373s][info][gc,start       ] GC(291) Pause Young (Allocation Failure)
[47.512s][info][gc,heap        ] GC(291) PSYoungGen: 234848K(550400K)->117632K(545792K) Eden: 117248K(117248K)->0K(129536K) From: 117600K(433152K)->117632K(416256K)
[47.512s][info][gc,heap        ] GC(291) ParOldGen: 7258870K(8024576K)->7377190K(8024576K)
[47.512s][info][gc,metaspace   ] GC(291) Metaspace: 6302K(6528K)->6302K(6528K) NonClass: 5769K(5888K)->5769K(5888K) Class: 533K(640K)->533K(640K)
[47.512s][info][gc             ] GC(291) Pause Young (Allocation Failure) 7318M->7319M(8369M) 138.809ms
[47.512s][info][gc,cpu         ] GC(291) User=0.69s Sys=0.03s Real=0.14s
[47.646s][info][gc,start       ] GC(292) Pause Young (Allocation Failure)
[47.791s][info][gc,heap        ] GC(292) PSYoungGen: 247168K(545792K)->129920K(552448K) Eden: 129536K(129536K)->0K(129536K) From: 117632K(416256K)->129920K(422912K)
[47.791s][info][gc,heap        ] GC(292) ParOldGen: 7377190K(8024576K)->7495486K(8024576K)
[47.791s][info][gc,metaspace   ] GC(292) Metaspace: 6302K(6528K)->6302K(6528K) NonClass: 5769K(5888K)->5769K(5888K) Class: 533K(640K)->533K(640K)
[47.791s][info][gc             ] GC(292) Pause Young (Allocation Failure) 7445M->7446M(8376M) 145.250ms
[47.791s][info][gc,cpu         ] GC(292) User=0.88s Sys=0.03s Real=0.15s
[47.928s][info][gc,start       ] GC(293) Pause Young (Allocation Failure)
[48.076s][info][gc,heap        ] GC(293) PSYoungGen: 259456K(552448K)->129952K(533504K) Eden: 129536K(129536K)->0K(143360K) From: 129920K(422912K)->129952K(390144K)
[48.076s][info][gc,heap        ] GC(293) ParOldGen: 7495486K(8024576K)->7626198K(8024576K)
[48.076s][info][gc,metaspace   ] GC(293) Metaspace: 6302K(6528K)->6302K(6528K) NonClass: 5769K(5888K)->5769K(5888K) Class: 533K(640K)->533K(640K)
[48.076s][info][gc             ] GC(293) Pause Young (Allocation Failure) 7573M->7574M(8357M) 148.068ms
[48.076s][info][gc,cpu         ] GC(293) User=0.80s Sys=0.03s Real=0.15s
[48.244s][info][gc,start       ] GC(294) Pause Young (Allocation Failure)
[48.416s][info][gc,heap        ] GC(294) PSYoungGen: 273312K(533504K)->143712K(544768K) Eden: 143360K(143360K)->0K(143360K) From: 129952K(390144K)->143712K(401408K)
[48.416s][info][gc,heap        ] GC(294) ParOldGen: 7626198K(8024576K)->7756894K(8024576K)
[48.416s][info][gc,metaspace   ] GC(294) Metaspace: 6302K(6528K)->6302K(6528K) NonClass: 5769K(5888K)->5769K(5888K) Class: 533K(640K)->533K(640K)
[48.416s][info][gc             ] GC(294) Pause Young (Allocation Failure) 7714M->7715M(8368M) 172.078ms
[48.417s][info][gc,cpu         ] GC(294) User=0.69s Sys=0.03s Real=0.17s
[48.570s][info][gc,start       ] GC(295) Pause Young (Allocation Failure)
[48.735s][info][gc,heap        ] GC(295) PSYoungGen: 287072K(544768K)->143744K(517632K) Eden: 143360K(143360K)->0K(158208K) From: 143712K(401408K)->143744K(359424K)
[48.735s][info][gc,heap        ] GC(295) ParOldGen: 7756894K(8024576K)->7901534K(8024576K)
[48.735s][info][gc,metaspace   ] GC(295) Metaspace: 6302K(6528K)->6302K(6528K) NonClass: 5769K(5888K)->5769K(5888K) Class: 533K(640K)->533K(640K)
[48.735s][info][gc             ] GC(295) Pause Young (Allocation Failure) 7855M->7856M(8342M) 165.302ms
[48.735s][info][gc,cpu         ] GC(295) User=0.97s Sys=0.08s Real=0.16s
[48.735s][info][gc,start       ] GC(296) Pause Full (Ergonomics)
[48.735s][info][gc,phases,start] GC(296) Marking Phase
[50.606s][info][gc,phases      ] GC(296) Marking Phase 1870.515ms
[50.606s][info][gc,phases,start] GC(296) Summary Phase
[50.606s][info][gc,phases      ] GC(296) Summary Phase 0.095ms
[50.606s][info][gc,phases,start] GC(296) Adjust Roots
[50.606s][info][gc,phases      ] GC(296) Adjust Roots 0.207ms
[50.606s][info][gc,phases,start] GC(296) Compaction Phase
[51.475s][info][gc,phases      ] GC(296) Compaction Phase 869.254ms
[51.475s][info][gc,phases,start] GC(296) Post Compact
[51.488s][info][gc,phases      ] GC(296) Post Compact 12.042ms
[51.491s][info][gc,heap        ] GC(296) PSYoungGen: 143744K(517632K)->14068K(531456K) Eden: 0K(158208K)->0K(172032K) From: 143744K(359424K)->14068K(359424K)
[51.491s][info][gc,heap        ] GC(296) ParOldGen: 7901534K(8024576K)->8024141K(8926720K)
[51.491s][info][gc,metaspace   ] GC(296) Metaspace: 6302K(6528K)->6302K(6528K) NonClass: 5769K(5888K)->5769K(5888K) Class: 533K(640K)->533K(640K)
[51.491s][info][gc             ] GC(296) Pause Full (Ergonomics) 7856M->7849M(9236M) 2755.402ms
[51.491s][info][gc,cpu         ] GC(296) User=19.36s Sys=0.12s Real=2.76s
[51.675s][info][gc,start       ] GC(297) Pause Young (Allocation Failure)
[52.118s][info][gc,heap        ] GC(297) PSYoungGen: 186100K(531456K)->172512K(344576K) Eden: 172032K(172032K)->0K(172032K) From: 14068K(359424K)->172512K(172544K)
[52.118s][info][gc,heap        ] GC(297) ParOldGen: 8024141K(8926720K)->8038381K(8926720K)
[52.118s][info][gc,metaspace   ] GC(297) Metaspace: 6302K(6528K)->6302K(6528K) NonClass: 5769K(5888K)->5769K(5888K) Class: 533K(640K)->533K(640K)
[52.118s][info][gc             ] GC(297) Pause Young (Allocation Failure) 8017M->8018M(9054M) 443.229ms
[52.118s][info][gc,cpu         ] GC(297) User=3.11s Sys=0.00s Real=0.44s
[52.298s][info][gc,start       ] GC(298) Pause Young (Allocation Failure)
[52.495s][info][gc,heap        ] GC(298) PSYoungGen: 344544K(344576K)->344896K(498176K) Eden: 172032K(172032K)->0K(143360K) From: 172512K(172544K)->344896K(354816K)
[52.495s][info][gc,heap        ] GC(298) ParOldGen: 8038381K(8926720K)->8038381K(8926720K)
[52.495s][info][gc,metaspace   ] GC(298) Metaspace: 6302K(6528K)->6302K(6528K) NonClass: 5769K(5888K)->5769K(5888K) Class: 533K(640K)->533K(640K)
[52.495s][info][gc             ] GC(298) Pause Young (Allocation Failure) 8186M->8186M(9204M) 197.536ms
[52.495s][info][gc,cpu         ] GC(298) User=1.20s Sys=0.00s Real=0.20s
[52.649s][info][gc,start       ] GC(299) Pause Young (Allocation Failure)
[52.901s][info][gc,heap        ] GC(299) PSYoungGen: 488256K(498176K)->398848K(542208K) Eden: 143360K(143360K)->0K(143360K) From: 344896K(354816K)->398848K(398848K)
[52.901s][info][gc,heap        ] GC(299) ParOldGen: 8038381K(8926720K)->8128605K(8926720K)
[52.901s][info][gc,metaspace   ] GC(299) Metaspace: 6302K(6528K)->6302K(6528K) NonClass: 5769K(5888K)->5769K(5888K) Class: 533K(640K)->533K(640K)
[52.901s][info][gc             ] GC(299) Pause Young (Allocation Failure) 8326M->8327M(9247M) 251.792ms
[52.901s][info][gc,cpu         ] GC(299) User=1.84s Sys=0.03s Real=0.25s
[53.046s][info][gc,start       ] GC(300) Pause Young (Allocation Failure)
[53.350s][info][gc,heap        ] GC(300) PSYoungGen: 542208K(542208K)->261120K(622592K) Eden: 143360K(143360K)->0K(158720K) From: 398848K(398848K)->261120K(463872K)
[53.350s][info][gc,heap        ] GC(300) ParOldGen: 8128605K(8926720K)->8412037K(8926720K)
[53.350s][info][gc,metaspace   ] GC(300) Metaspace: 6302K(6528K)->6302K(6528K) NonClass: 5769K(5888K)->5769K(5888K) Class: 533K(640K)->533K(640K)
[53.350s][info][gc             ] GC(300) Pause Young (Allocation Failure) 8467M->8469M(9325M) 304.005ms
[53.350s][info][gc,cpu         ] GC(300) User=1.98s Sys=0.28s Real=0.30s
[53.522s][info][gc,start       ] GC(301) Pause Young (Allocation Failure)
[53.762s][info][gc,heap        ] GC(301) PSYoungGen: 419840K(622592K)->302752K(633856K) Eden: 158720K(158720K)->0K(158720K) From: 261120K(463872K)->302752K(475136K)
[53.762s][info][gc,heap        ] GC(301) ParOldGen: 8412037K(8926720K)->8530277K(8926720K)
[53.762s][info][gc,metaspace   ] GC(301) Metaspace: 6302K(6528K)->6302K(6528K) NonClass: 5769K(5888K)->5769K(5888K) Class: 533K(640K)->533K(640K)
[53.762s][info][gc             ] GC(301) Pause Young (Allocation Failure) 8624M->8626M(9336M) 240.438ms
[53.762s][info][gc,cpu         ] GC(301) User=1.66s Sys=0.08s Real=0.24s
[53.937s][info][gc,start       ] GC(302) Pause Young (Allocation Failure)
[54.200s][info][gc,heap        ] GC(302) PSYoungGen: 461472K(633856K)->318208K(648192K) Eden: 158720K(158720K)->0K(169984K) From: 302752K(475136K)->318208K(478208K)
[54.200s][info][gc,heap        ] GC(302) ParOldGen: 8530277K(8926720K)->8674917K(8926720K)
[54.200s][info][gc,metaspace   ] GC(302) Metaspace: 6302K(6528K)->6302K(6528K) NonClass: 5769K(5888K)->5769K(5888K) Class: 533K(640K)->533K(640K)
[54.200s][info][gc             ] GC(302) Pause Young (Allocation Failure) 8781M->8782M(9350M) 262.569ms
[54.200s][info][gc,cpu         ] GC(302) User=1.91s Sys=0.09s Real=0.26s
[54.200s][info][gc,start       ] GC(303) Pause Full (Ergonomics)
[54.200s][info][gc,phases,start] GC(303) Marking Phase
[56.297s][info][gc,phases      ] GC(303) Marking Phase 2096.678ms
[56.297s][info][gc,phases,start] GC(303) Summary Phase
[56.297s][info][gc,phases      ] GC(303) Summary Phase 0.100ms
[56.297s][info][gc,phases,start] GC(303) Adjust Roots
[56.297s][info][gc,phases      ] GC(303) Adjust Roots 0.203ms
[56.297s][info][gc,phases,start] GC(303) Compaction Phase
[57.179s][info][gc,phases      ] GC(303) Compaction Phase 881.829ms
[57.179s][info][gc,phases,start] GC(303) Post Compact
[57.193s][info][gc,phases      ] GC(303) Post Compact 14.301ms
[57.197s][info][gc,heap        ] GC(303) PSYoungGen: 318208K(648192K)->59862K(648192K) Eden: 0K(169984K)->0K(169984K) From: 318208K(478208K)->59862K(478208K)
[57.197s][info][gc,heap        ] GC(303) ParOldGen: 8674917K(8926720K)->8926382K(9933312K)
[57.197s][info][gc,metaspace   ] GC(303) Metaspace: 6302K(6528K)->6302K(6528K) NonClass: 5769K(5888K)->5769K(5888K) Class: 533K(640K)->533K(640K)
[57.197s][info][gc             ] GC(303) Pause Full (Ergonomics) 8782M->8775M(10333M) 2996.560ms
[57.197s][info][gc,cpu         ] GC(303) User=21.72s Sys=0.20s Real=3.00s
[57.386s][info][gc,start       ] GC(304) Pause Young (Allocation Failure)
[57.919s][info][gc,heap        ] GC(304) PSYoungGen: 229846K(648192K)->198496K(368640K) Eden: 169984K(169984K)->0K(169984K) From: 59862K(478208K)->198496K(198656K)
[57.919s][info][gc,heap        ] GC(304) ParOldGen: 8926382K(9933312K)->8958590K(9933312K)
[57.919s][info][gc,metaspace   ] GC(304) Metaspace: 6302K(6528K)->6302K(6528K) NonClass: 5769K(5888K)->5769K(5888K) Class: 533K(640K)->533K(640K)
[57.920s][info][gc             ] GC(304) Pause Young (Allocation Failure) 8941M->8942M(10060M) 533.721ms
[57.920s][info][gc,cpu         ] GC(304) User=3.61s Sys=0.00s Real=0.53s
[58.136s][info][gc,start       ] GC(305) Pause Young (Allocation Failure)
[58.366s][info][gc,heap        ] GC(305) PSYoungGen: 368480K(368640K)->368768K(628736K) Eden: 169984K(169984K)->0K(160768K) From: 198496K(198656K)->368768K(467968K)
[58.366s][info][gc,heap        ] GC(305) ParOldGen: 8958590K(9933312K)->8958590K(9933312K)
[58.366s][info][gc,metaspace   ] GC(305) Metaspace: 6302K(6528K)->6302K(6528K) NonClass: 5769K(5888K)->5769K(5888K) Class: 533K(640K)->533K(640K)
[58.366s][info][gc             ] GC(305) Pause Young (Allocation Failure) 9108M->9108M(10314M) 229.993ms
[58.366s][info][gc,cpu         ] GC(305) User=1.28s Sys=0.06s Real=0.23s
[58.549s][info][gc,start       ] GC(306) Pause Young (Allocation Failure)
[58.846s][info][gc,heap        ] GC(306) PSYoungGen: 529536K(628736K)->493056K(653824K) Eden: 160768K(160768K)->0K(160768K) From: 368768K(467968K)->493056K(493056K)
[58.846s][info][gc,heap        ] GC(306) ParOldGen: 8958590K(9933312K)->8995614K(9933312K)
[58.846s][info][gc,metaspace   ] GC(306) Metaspace: 6302K(6528K)->6302K(6528K) NonClass: 5769K(5888K)->5769K(5888K) Class: 533K(640K)->533K(640K)
[58.847s][info][gc             ] GC(306) Pause Young (Allocation Failure) 9265M->9266M(10339M) 297.067ms
[58.847s][info][gc,cpu         ] GC(306) User=2.22s Sys=0.03s Real=0.30s
[59.012s][info][gc,start       ] GC(307) Pause Young (Allocation Failure)
[59.394s][info][gc,heap        ] GC(307) PSYoungGen: 653824K(653824K)->473568K(706560K) Eden: 160768K(160768K)->0K(134656K) From: 493056K(493056K)->473568K(571904K)
[59.394s][info][gc,heap        ] GC(307) ParOldGen: 8995614K(9933312K)->9177550K(9933312K)
[59.394s][info][gc,metaspace   ] GC(307) Metaspace: 6302K(6528K)->6302K(6528K) NonClass: 5769K(5888K)->5769K(5888K) Class: 533K(640K)->533K(640K)
[59.394s][info][gc             ] GC(307) Pause Young (Allocation Failure) 9423M->9424M(10390M) 382.235ms
[59.394s][info][gc,cpu         ] GC(307) User=2.28s Sys=0.14s Real=0.38s
[59.539s][info][gc,start       ] GC(308) Pause Young (Allocation Failure)
[59.902s][info][gc,heap        ] GC(308) PSYoungGen: 608224K(706560K)->449920K(749056K) Eden: 134656K(134656K)->0K(134656K) From: 473568K(571904K)->449920K(614400K)
[59.902s][info][gc,heap        ] GC(308) ParOldGen: 9177550K(9933312K)->9337294K(9933312K)
[59.902s][info][gc,metaspace   ] GC(308) Metaspace: 6302K(6528K)->6302K(6528K) NonClass: 5769K(5888K)->5769K(5888K) Class: 533K(640K)->533K(640K)
[59.902s][info][gc             ] GC(308) Pause Young (Allocation Failure) 9556M->9557M(10432M) 362.540ms
[59.902s][info][gc,cpu         ] GC(308) User=2.56s Sys=0.08s Real=0.36s
[60.040s][info][gc,start       ] GC(309) Pause Young (Allocation Failure)
[60.388s][info][gc,heap        ] GC(309) PSYoungGen: 584576K(749056K)->269984K(742400K) Eden: 134656K(134656K)->0K(152064K) From: 449920K(614400K)->269984K(590336K)
[60.388s][info][gc,heap        ] GC(309) ParOldGen: 9337294K(9933312K)->9654350K(9933312K)
[60.388s][info][gc,metaspace   ] GC(309) Metaspace: 6302K(6528K)->6302K(6528K) NonClass: 5769K(5888K)->5769K(5888K) Class: 533K(640K)->533K(640K)
[60.388s][info][gc             ] GC(309) Pause Young (Allocation Failure) 9689M->9691M(10425M) 347.749ms
[60.388s][info][gc,cpu         ] GC(309) User=2.16s Sys=0.25s Real=0.35s
[60.388s][info][gc,start       ] GC(310) Pause Full (Ergonomics)
[60.388s][info][gc,phases,start] GC(310) Marking Phase
[62.787s][info][gc,phases      ] GC(310) Marking Phase 2398.760ms
[62.787s][info][gc,phases,start] GC(310) Summary Phase
[62.787s][info][gc,phases      ] GC(310) Summary Phase 0.159ms
[62.787s][info][gc,phases,start] GC(310) Adjust Roots
[62.787s][info][gc,phases      ] GC(310) Adjust Roots 0.196ms
[62.787s][info][gc,phases,start] GC(310) Compaction Phase
[63.755s][info][gc,phases      ] GC(310) Compaction Phase 967.630ms
[63.755s][info][gc,phases,start] GC(310) Post Compact
[63.776s][info][gc,phases      ] GC(310) Post Compact 20.484ms
[63.777s][info][gc,heap        ] GC(310) PSYoungGen: 269984K(742400K)->0K(765952K) Eden: 0K(152064K)->0K(152064K) From: 269984K(590336K)->0K(613888K)
[63.777s][info][gc,heap        ] GC(310) ParOldGen: 9654350K(9933312K)->9916868K(10240000K)
[63.777s][info][gc,metaspace   ] GC(310) Metaspace: 6302K(6528K)->6302K(6528K) NonClass: 5769K(5888K)->5769K(5888K) Class: 533K(640K)->533K(640K)
[63.777s][info][gc             ] GC(310) Pause Full (Ergonomics) 9691M->9684M(10748M) 3388.809ms
[63.777s][info][gc,cpu         ] GC(310) User=24.42s Sys=0.08s Real=3.39s
[63.939s][info][gc,start       ] GC(311) Pause Young (Allocation Failure)
[64.062s][info][gc,heap        ] GC(311) PSYoungGen: 152064K(765952K)->152480K(769024K) Eden: 152064K(152064K)->0K(166912K) From: 0K(613888K)->152480K(602112K)
[64.062s][info][gc,heap        ] GC(311) ParOldGen: 9916868K(10240000K)->9916868K(10240000K)
[64.062s][info][gc,metaspace   ] GC(311) Metaspace: 6302K(6528K)->6302K(6528K) NonClass: 5769K(5888K)->5769K(5888K) Class: 533K(640K)->533K(640K)
[64.062s][info][gc             ] GC(311) Pause Young (Allocation Failure) 9832M->9833M(10751M) 122.970ms
[64.062s][info][gc,cpu         ] GC(311) User=0.47s Sys=0.00s Real=0.12s
[64.247s][info][gc,start       ] GC(312) Pause Young (Allocation Failure)
[64.439s][info][gc,heap        ] GC(312) PSYoungGen: 319392K(769024K)->319712K(486912K) Eden: 166912K(166912K)->0K(166912K) From: 152480K(602112K)->319712K(320000K)
[64.439s][info][gc,heap        ] GC(312) ParOldGen: 9916868K(10240000K)->9916868K(10240000K)
[64.439s][info][gc,metaspace   ] GC(312) Metaspace: 6302K(6528K)->6302K(6528K) NonClass: 5769K(5888K)->5769K(5888K) Class: 533K(640K)->533K(640K)
[64.439s][info][gc             ] GC(312) Pause Young (Allocation Failure) 9996M->9996M(10475M) 192.089ms
[64.439s][info][gc,cpu         ] GC(312) User=1.17s Sys=0.00s Real=0.19s
[64.628s][info][gc,start       ] GC(313) Pause Young (Allocation Failure)
[64.923s][info][gc,heap        ] GC(313) PSYoungGen: 486624K(486912K)->334656K(743936K) Eden: 166912K(166912K)->0K(184832K) From: 319712K(320000K)->334656K(559104K)
[64.923s][info][gc,heap        ] GC(313) ParOldGen: 9916868K(10240000K)->10070292K(10240000K)
[64.923s][info][gc,metaspace   ] GC(313) Metaspace: 6302K(6528K)->6302K(6528K) NonClass: 5769K(5888K)->5769K(5888K) Class: 533K(640K)->533K(640K)
[64.923s][info][gc             ] GC(313) Pause Young (Allocation Failure) 10159M->10161M(10726M) 295.406ms
[64.923s][info][gc,cpu         ] GC(313) User=2.12s Sys=0.05s Real=0.29s
[64.923s][info][gc,start       ] GC(314) Pause Full (Ergonomics)
[64.923s][info][gc,phases,start] GC(314) Marking Phase
[67.363s][info][gc,phases      ] GC(314) Marking Phase 2439.684ms
[67.363s][info][gc,phases,start] GC(314) Summary Phase
[67.363s][info][gc,phases      ] GC(314) Summary Phase 0.143ms
[67.363s][info][gc,phases,start] GC(314) Adjust Roots
[67.363s][info][gc,phases      ] GC(314) Adjust Roots 0.227ms
[67.363s][info][gc,phases,start] GC(314) Compaction Phase
[68.168s][info][gc,phases      ] GC(314) Compaction Phase 804.987ms
[68.168s][info][gc,phases,start] GC(314) Post Compact
[68.182s][info][gc,phases      ] GC(314) Post Compact 13.984ms
[68.182s][info][gc,heap        ] GC(314) PSYoungGen: 334656K(743936K)->163063K(757760K) Eden: 0K(184832K)->0K(198656K) From: 334656K(559104K)->163063K(559104K)
[68.182s][info][gc,heap        ] GC(314) ParOldGen: 10070292K(10240000K)->10239594K(10240000K)
[68.182s][info][gc,metaspace   ] GC(314) Metaspace: 6302K(6528K)->6302K(6528K) NonClass: 5769K(5888K)->5769K(5888K) Class: 533K(640K)->533K(640K)
[68.182s][info][gc             ] GC(314) Pause Full (Ergonomics) 10161M->10158M(10740M) 3259.461ms
[68.182s][info][gc,cpu         ] GC(314) User=25.12s Sys=0.08s Real=3.26s
[68.410s][info][gc,start       ] GC(315) Pause Full (Ergonomics)
[68.411s][info][gc,phases,start] GC(315) Marking Phase
[70.843s][info][gc,phases      ] GC(315) Marking Phase 2432.948ms
[70.844s][info][gc,phases,start] GC(315) Summary Phase
[70.844s][info][gc,phases      ] GC(315) Summary Phase 0.122ms
[70.844s][info][gc,phases,start] GC(315) Adjust Roots
[70.844s][info][gc,phases      ] GC(315) Adjust Roots 0.207ms
[70.844s][info][gc,phases,start] GC(315) Compaction Phase
[71.600s][info][gc,phases      ] GC(315) Compaction Phase 755.744ms
[71.600s][info][gc,phases,start] GC(315) Post Compact
[71.618s][info][gc,phases      ] GC(315) Post Compact 18.199ms
[71.618s][info][gc,heap        ] GC(315) PSYoungGen: 361719K(757760K)->361688K(757760K) Eden: 198656K(198656K)->198625K(198656K) From: 163063K(559104K)->163063K(559104K)
[71.618s][info][gc,heap        ] GC(315) ParOldGen: 10239594K(10240000K)->10239594K(10240000K)
[71.618s][info][gc,metaspace   ] GC(315) Metaspace: 6302K(6528K)->6302K(6528K) NonClass: 5769K(5888K)->5769K(5888K) Class: 533K(640K)->533K(640K)
[71.618s][info][gc             ] GC(315) Pause Full (Ergonomics) 10352M->10352M(10740M) 3207.667ms
[71.618s][info][gc,cpu         ] GC(315) User=24.45s Sys=0.00s Real=3.21s
[71.618s][info][gc,start       ] GC(316) Pause Full (Ergonomics)
[71.618s][info][gc,phases,start] GC(316) Marking Phase
[74.073s][info][gc,phases      ] GC(316) Marking Phase 2454.798ms
[74.073s][info][gc,phases,start] GC(316) Summary Phase
[74.073s][info][gc,phases      ] GC(316) Summary Phase 0.194ms
[74.073s][info][gc,phases,start] GC(316) Adjust Roots
[74.074s][info][gc,phases      ] GC(316) Adjust Roots 0.327ms
[74.074s][info][gc,phases,start] GC(316) Compaction Phase
[74.806s][info][gc,phases      ] GC(316) Compaction Phase 732.239ms
[74.806s][info][gc,phases,start] GC(316) Post Compact
[74.820s][info][gc,phases      ] GC(316) Post Compact 13.742ms
[74.820s][info][gc,heap        ] GC(316) PSYoungGen: 361719K(757760K)->361718K(757760K) Eden: 198656K(198656K)->198655K(198656K) From: 163063K(559104K)->163063K(559104K)
[74.820s][info][gc,heap        ] GC(316) ParOldGen: 10239594K(10240000K)->10239594K(10240000K)
[74.820s][info][gc,metaspace   ] GC(316) Metaspace: 6302K(6528K)->6302K(6528K) NonClass: 5769K(5888K)->5769K(5888K) Class: 533K(640K)->533K(640K)
[74.820s][info][gc             ] GC(316) Pause Full (Ergonomics) 10352M->10352M(10740M) 3201.695ms
[74.820s][info][gc,cpu         ] GC(316) User=24.75s Sys=0.02s Real=3.20s
[74.820s][info][gc,start       ] GC(317) Pause Full (Ergonomics)
[74.820s][info][gc,phases,start] GC(317) Marking Phase
[77.250s][info][gc,phases      ] GC(317) Marking Phase 2429.969ms
[77.250s][info][gc,phases,start] GC(317) Summary Phase
[77.251s][info][gc,phases      ] GC(317) Summary Phase 0.173ms
[77.251s][info][gc,phases,start] GC(317) Adjust Roots
[77.251s][info][gc,phases      ] GC(317) Adjust Roots 0.279ms
[77.251s][info][gc,phases,start] GC(317) Compaction Phase
[77.991s][info][gc,phases      ] GC(317) Compaction Phase 740.183ms
[77.991s][info][gc,phases,start] GC(317) Post Compact
[78.006s][info][gc,phases      ] GC(317) Post Compact 14.882ms
[78.006s][info][gc,heap        ] GC(317) PSYoungGen: 361719K(757760K)->361719K(757760K) Eden: 198655K(198656K)->198655K(198656K) From: 163063K(559104K)->163063K(559104K)
[78.006s][info][gc,heap        ] GC(317) ParOldGen: 10239594K(10240000K)->10239594K(10240000K)
[78.006s][info][gc,metaspace   ] GC(317) Metaspace: 6302K(6528K)->6302K(6528K) NonClass: 5769K(5888K)->5769K(5888K) Class: 533K(640K)->533K(640K)
[78.006s][info][gc             ] GC(317) Pause Full (Ergonomics) 10352M->10352M(10740M) 3185.878ms
[78.006s][info][gc,cpu         ] GC(317) User=24.64s Sys=0.00s Real=3.19s
[78.006s][info][gc,start       ] GC(318) Pause Full (Ergonomics)
[78.006s][info][gc,phases,start] GC(318) Marking Phase
[80.417s][info][gc,phases      ] GC(318) Marking Phase 2410.194ms
[80.417s][info][gc,phases,start] GC(318) Summary Phase
[80.417s][info][gc,phases      ] GC(318) Summary Phase 0.121ms
[80.417s][info][gc,phases,start] GC(318) Adjust Roots
[80.417s][info][gc,phases      ] GC(318) Adjust Roots 0.223ms
[80.417s][info][gc,phases,start] GC(318) Compaction Phase
[81.152s][info][gc,phases      ] GC(318) Compaction Phase 734.932ms
[81.152s][info][gc,phases,start] GC(318) Post Compact
[81.166s][info][gc,phases      ] GC(318) Post Compact 13.713ms
[81.166s][info][gc,heap        ] GC(318) PSYoungGen: 361719K(757760K)->361719K(757760K) Eden: 198656K(198656K)->198656K(198656K) From: 163063K(559104K)->163063K(559104K)
[81.166s][info][gc,heap        ] GC(318) ParOldGen: 10239599K(10240000K)->10239599K(10240000K)
[81.166s][info][gc,metaspace   ] GC(318) Metaspace: 6302K(6528K)->6302K(6528K) NonClass: 5769K(5888K)->5769K(5888K) Class: 533K(640K)->533K(640K)
[81.166s][info][gc             ] GC(318) Pause Full (Ergonomics) 10352M->10352M(10740M) 3159.534ms
[81.166s][info][gc,cpu         ] GC(318) User=24.39s Sys=0.00s Real=3.16s
[81.166s][info][gc,start       ] GC(319) Pause Full (Ergonomics)
[81.166s][info][gc,phases,start] GC(319) Marking Phase
[83.605s][info][gc,phases      ] GC(319) Marking Phase 2439.155ms
[83.605s][info][gc,phases,start] GC(319) Summary Phase
[83.606s][info][gc,phases      ] GC(319) Summary Phase 0.115ms
[83.606s][info][gc,phases,start] GC(319) Adjust Roots
[83.606s][info][gc,phases      ] GC(319) Adjust Roots 0.167ms
[83.606s][info][gc,phases,start] GC(319) Compaction Phase
[84.345s][info][gc,phases      ] GC(319) Compaction Phase 738.948ms
[84.345s][info][gc,phases,start] GC(319) Post Compact
[84.360s][info][gc,phases      ] GC(319) Post Compact 14.771ms
[84.360s][info][gc,heap        ] GC(319) PSYoungGen: 361719K(757760K)->361719K(757760K) Eden: 198656K(198656K)->198656K(198656K) From: 163063K(559104K)->163063K(559104K)
[84.360s][info][gc,heap        ] GC(319) ParOldGen: 10239604K(10240000K)->10239604K(10240000K)
[84.360s][info][gc,metaspace   ] GC(319) Metaspace: 6302K(6528K)->6302K(6528K) NonClass: 5769K(5888K)->5769K(5888K) Class: 533K(640K)->533K(640K)
[84.360s][info][gc             ] GC(319) Pause Full (Ergonomics) 10352M->10352M(10740M) 3193.517ms
[84.360s][info][gc,cpu         ] GC(319) User=24.91s Sys=0.00s Real=3.19s
[84.360s][info][gc,start       ] GC(320) Pause Full (Ergonomics)
[84.360s][info][gc,phases,start] GC(320) Marking Phase
[86.748s][info][gc,phases      ] GC(320) Marking Phase 2388.526ms
[86.748s][info][gc,phases,start] GC(320) Summary Phase
[86.749s][info][gc,phases      ] GC(320) Summary Phase 0.101ms
[86.749s][info][gc,phases,start] GC(320) Adjust Roots
[86.749s][info][gc,phases      ] GC(320) Adjust Roots 0.197ms
[86.749s][info][gc,phases,start] GC(320) Compaction Phase
[87.494s][info][gc,phases      ] GC(320) Compaction Phase 745.305ms
[87.494s][info][gc,phases,start] GC(320) Post Compact
[87.509s][info][gc,phases      ] GC(320) Post Compact 14.365ms
[87.509s][info][gc,heap        ] GC(320) PSYoungGen: 361719K(757760K)->361719K(757760K) Eden: 198656K(198656K)->198656K(198656K) From: 163063K(559104K)->163063K(559104K)
[87.509s][info][gc,heap        ] GC(320) ParOldGen: 10239609K(10240000K)->10239609K(10240000K)
[87.509s][info][gc,metaspace   ] GC(320) Metaspace: 6302K(6528K)->6302K(6528K) NonClass: 5769K(5888K)->5769K(5888K) Class: 533K(640K)->533K(640K)
[87.509s][info][gc             ] GC(320) Pause Full (Ergonomics) 10352M->10352M(10740M) 3148.836ms
[87.509s][info][gc,cpu         ] GC(320) User=24.36s Sys=0.03s Real=3.15s
[87.509s][info][gc,start       ] GC(321) Pause Full (Ergonomics)
[87.509s][info][gc,phases,start] GC(321) Marking Phase
[89.865s][info][gc,phases      ] GC(321) Marking Phase 2356.053ms
[89.865s][info][gc,phases,start] GC(321) Summary Phase
[89.865s][info][gc,phases      ] GC(321) Summary Phase 0.123ms
[89.865s][info][gc,phases,start] GC(321) Adjust Roots
[89.866s][info][gc,phases      ] GC(321) Adjust Roots 0.245ms
[89.866s][info][gc,phases,start] GC(321) Compaction Phase
[90.604s][info][gc,phases      ] GC(321) Compaction Phase 738.363ms
[90.604s][info][gc,phases,start] GC(321) Post Compact
[90.618s][info][gc,phases      ] GC(321) Post Compact 14.072ms
[90.618s][info][gc,heap        ] GC(321) PSYoungGen: 361719K(757760K)->361719K(757760K) Eden: 198656K(198656K)->198656K(198656K) From: 163063K(559104K)->163063K(559104K)
[90.618s][info][gc,heap        ] GC(321) ParOldGen: 10239614K(10240000K)->10239614K(10240000K)
[90.618s][info][gc,metaspace   ] GC(321) Metaspace: 6302K(6528K)->6302K(6528K) NonClass: 5769K(5888K)->5769K(5888K) Class: 533K(640K)->533K(640K)
[90.618s][info][gc             ] GC(321) Pause Full (Ergonomics) 10352M->10352M(10740M) 3109.234ms
[90.618s][info][gc,cpu         ] GC(321) User=23.98s Sys=0.00s Real=3.11s
[90.618s][info][gc,start       ] GC(322) Pause Full (Ergonomics)
[90.618s][info][gc,phases,start] GC(322) Marking Phase
[93.036s][info][gc,phases      ] GC(322) Marking Phase 2417.757ms
[93.036s][info][gc,phases,start] GC(322) Summary Phase
[93.036s][info][gc,phases      ] GC(322) Summary Phase 0.127ms
[93.036s][info][gc,phases,start] GC(322) Adjust Roots
[93.037s][info][gc,phases      ] GC(322) Adjust Roots 0.221ms
[93.037s][info][gc,phases,start] GC(322) Compaction Phase
[93.769s][info][gc,phases      ] GC(322) Compaction Phase 731.940ms
[93.769s][info][gc,phases,start] GC(322) Post Compact
[93.782s][info][gc,phases      ] GC(322) Post Compact 13.768ms
[93.782s][info][gc,heap        ] GC(322) PSYoungGen: 361719K(757760K)->361719K(757760K) Eden: 198656K(198656K)->198656K(198656K) From: 163063K(559104K)->163063K(559104K)
[93.783s][info][gc,heap        ] GC(322) ParOldGen: 10239619K(10240000K)->10239619K(10240000K)
[93.783s][info][gc,metaspace   ] GC(322) Metaspace: 6302K(6528K)->6302K(6528K) NonClass: 5769K(5888K)->5769K(5888K) Class: 533K(640K)->533K(640K)
[93.783s][info][gc             ] GC(322) Pause Full (Ergonomics) 10352M->10352M(10740M) 3164.156ms
[93.783s][info][gc,cpu         ] GC(322) User=24.48s Sys=0.00s Real=3.16s
[93.783s][info][gc,start       ] GC(323) Pause Full (Ergonomics)
[93.783s][info][gc,phases,start] GC(323) Marking Phase
[96.184s][info][gc,phases      ] GC(323) Marking Phase 2401.262ms
[96.184s][info][gc,phases,start] GC(323) Summary Phase
[96.184s][info][gc,phases      ] GC(323) Summary Phase 0.108ms
[96.184s][info][gc,phases,start] GC(323) Adjust Roots
[96.184s][info][gc,phases      ] GC(323) Adjust Roots 0.223ms
[96.184s][info][gc,phases,start] GC(323) Compaction Phase
[96.911s][info][gc,phases      ] GC(323) Compaction Phase 726.061ms
[96.911s][info][gc,phases,start] GC(323) Post Compact
[96.925s][info][gc,phases      ] GC(323) Post Compact 14.838ms
[96.926s][info][gc,heap        ] GC(323) PSYoungGen: 361719K(757760K)->361719K(757760K) Eden: 198656K(198656K)->198656K(198656K) From: 163063K(559104K)->163063K(559104K)
[96.926s][info][gc,heap        ] GC(323) ParOldGen: 10239623K(10240000K)->10239623K(10240000K)
[96.926s][info][gc,metaspace   ] GC(323) Metaspace: 6302K(6528K)->6302K(6528K) NonClass: 5769K(5888K)->5769K(5888K) Class: 533K(640K)->533K(640K)
[96.926s][info][gc             ] GC(323) Pause Full (Ergonomics) 10352M->10352M(10740M) 3142.850ms
[96.926s][info][gc,cpu         ] GC(323) User=24.45s Sys=0.00s Real=3.14s
[96.926s][info][gc,start       ] GC(324) Pause Full (Ergonomics)
[96.926s][info][gc,phases,start] GC(324) Marking Phase
[99.361s][info][gc,phases      ] GC(324) Marking Phase 2435.349ms
[99.361s][info][gc,phases,start] GC(324) Summary Phase
[99.361s][info][gc,phases      ] GC(324) Summary Phase 0.159ms
[99.362s][info][gc,phases,start] GC(324) Adjust Roots
[99.362s][info][gc,phases      ] GC(324) Adjust Roots 0.371ms
[99.362s][info][gc,phases,start] GC(324) Compaction Phase
[100.071s][info][gc,phases      ] GC(324) Compaction Phase 709.025ms
[100.071s][info][gc,phases,start] GC(324) Post Compact
[100.085s][info][gc,phases      ] GC(324) Post Compact 14.295ms
[100.085s][info][gc,heap        ] GC(324) PSYoungGen: 361719K(757760K)->361719K(757760K) Eden: 198656K(198656K)->198656K(198656K) From: 163063K(559104K)->163063K(559104K)
[100.085s][info][gc,heap        ] GC(324) ParOldGen: 10239628K(10240000K)->10239628K(10240000K)
[100.085s][info][gc,metaspace   ] GC(324) Metaspace: 6302K(6528K)->6302K(6528K) NonClass: 5769K(5888K)->5769K(5888K) Class: 533K(640K)->533K(640K)
[100.086s][info][gc             ] GC(324) Pause Full (Ergonomics) 10352M->10352M(10740M) 3159.668ms
[100.086s][info][gc,cpu         ] GC(324) User=24.80s Sys=0.00s Real=3.16s
[100.086s][info][gc,start       ] GC(325) Pause Full (Ergonomics)
[100.086s][info][gc,phases,start] GC(325) Marking Phase
[102.513s][info][gc,phases      ] GC(325) Marking Phase 2427.568ms
[102.513s][info][gc,phases,start] GC(325) Summary Phase
[102.513s][info][gc,phases      ] GC(325) Summary Phase 0.097ms
[102.513s][info][gc,phases,start] GC(325) Adjust Roots
[102.514s][info][gc,phases      ] GC(325) Adjust Roots 0.166ms
[102.514s][info][gc,phases,start] GC(325) Compaction Phase
[103.236s][info][gc,phases      ] GC(325) Compaction Phase 721.994ms
[103.236s][info][gc,phases,start] GC(325) Post Compact
[103.249s][info][gc,phases      ] GC(325) Post Compact 13.777ms
[103.250s][info][gc,heap        ] GC(325) PSYoungGen: 361719K(757760K)->361719K(757760K) Eden: 198656K(198656K)->198656K(198656K) From: 163063K(559104K)->163063K(559104K)
[103.250s][info][gc,heap        ] GC(325) ParOldGen: 10239633K(10240000K)->10239633K(10240000K)
[103.250s][info][gc,metaspace   ] GC(325) Metaspace: 6302K(6528K)->6302K(6528K) NonClass: 5769K(5888K)->5769K(5888K) Class: 533K(640K)->533K(640K)
[103.250s][info][gc             ] GC(325) Pause Full (Ergonomics) 10352M->10352M(10740M) 3163.923ms
[103.250s][info][gc,cpu         ] GC(325) User=24.70s Sys=0.00s Real=3.16s
[103.250s][info][gc,start       ] GC(326) Pause Full (Ergonomics)
[103.250s][info][gc,phases,start] GC(326) Marking Phase
[105.648s][info][gc,phases      ] GC(326) Marking Phase 2398.380ms
[105.648s][info][gc,phases,start] GC(326) Summary Phase
[105.648s][info][gc,phases      ] GC(326) Summary Phase 0.098ms
[105.648s][info][gc,phases,start] GC(326) Adjust Roots
[105.649s][info][gc,phases      ] GC(326) Adjust Roots 0.169ms
[105.649s][info][gc,phases,start] GC(326) Compaction Phase
[106.367s][info][gc,phases      ] GC(326) Compaction Phase 718.110ms
[106.367s][info][gc,phases,start] GC(326) Post Compact
[106.382s][info][gc,phases      ] GC(326) Post Compact 15.142ms
[106.382s][info][gc,heap        ] GC(326) PSYoungGen: 361719K(757760K)->361719K(757760K) Eden: 198656K(198656K)->198656K(198656K) From: 163063K(559104K)->163063K(559104K)
[106.382s][info][gc,heap        ] GC(326) ParOldGen: 10239638K(10240000K)->10239638K(10240000K)
[106.382s][info][gc,metaspace   ] GC(326) Metaspace: 6302K(6528K)->6302K(6528K) NonClass: 5769K(5888K)->5769K(5888K) Class: 533K(640K)->533K(640K)
[106.382s][info][gc             ] GC(326) Pause Full (Ergonomics) 10352M->10352M(10740M) 3132.256ms
[106.382s][info][gc,cpu         ] GC(326) User=24.30s Sys=0.05s Real=3.13s
[106.382s][info][gc,start       ] GC(327) Pause Full (Ergonomics)
[106.382s][info][gc,phases,start] GC(327) Marking Phase
[108.814s][info][gc,phases      ] GC(327) Marking Phase 2431.221ms
[108.814s][info][gc,phases,start] GC(327) Summary Phase
[108.814s][info][gc,phases      ] GC(327) Summary Phase 0.115ms
[108.814s][info][gc,phases,start] GC(327) Adjust Roots
[108.814s][info][gc,phases      ] GC(327) Adjust Roots 0.167ms
[108.814s][info][gc,phases,start] GC(327) Compaction Phase
[109.545s][info][gc,phases      ] GC(327) Compaction Phase 730.856ms
[109.545s][info][gc,phases,start] GC(327) Post Compact
[109.560s][info][gc,phases      ] GC(327) Post Compact 14.762ms
[109.560s][info][gc,heap        ] GC(327) PSYoungGen: 361719K(757760K)->361719K(757760K) Eden: 198656K(198656K)->198656K(198656K) From: 163063K(559104K)->163063K(559104K)
[109.560s][info][gc,heap        ] GC(327) ParOldGen: 10239643K(10240000K)->10239643K(10240000K)
[109.560s][info][gc,metaspace   ] GC(327) Metaspace: 6302K(6528K)->6302K(6528K) NonClass: 5769K(5888K)->5769K(5888K) Class: 533K(640K)->533K(640K)
[109.560s][info][gc             ] GC(327) Pause Full (Ergonomics) 10352M->10352M(10740M) 3177.548ms
[109.560s][info][gc,cpu         ] GC(327) User=24.59s Sys=0.00s Real=3.18s
[109.560s][info][gc,start       ] GC(328) Pause Full (Ergonomics)
[109.560s][info][gc,phases,start] GC(328) Marking Phase
[111.976s][info][gc,phases      ] GC(328) Marking Phase 2416.113ms
[111.976s][info][gc,phases,start] GC(328) Summary Phase
[111.976s][info][gc,phases      ] GC(328) Summary Phase 0.160ms
[111.976s][info][gc,phases,start] GC(328) Adjust Roots
[111.977s][info][gc,phases      ] GC(328) Adjust Roots 0.203ms
[111.977s][info][gc,phases,start] GC(328) Compaction Phase
[112.705s][info][gc,phases      ] GC(328) Compaction Phase 728.261ms
[112.705s][info][gc,phases,start] GC(328) Post Compact
[112.720s][info][gc,phases      ] GC(328) Post Compact 14.932ms
[112.720s][info][gc,heap        ] GC(328) PSYoungGen: 361719K(757760K)->361719K(757760K) Eden: 198656K(198656K)->198656K(198656K) From: 163063K(559104K)->163063K(559104K)
[112.720s][info][gc,heap        ] GC(328) ParOldGen: 10239648K(10240000K)->10239648K(10240000K)
[112.720s][info][gc,metaspace   ] GC(328) Metaspace: 6302K(6528K)->6302K(6528K) NonClass: 5769K(5888K)->5769K(5888K) Class: 533K(640K)->533K(640K)
[112.720s][info][gc             ] GC(328) Pause Full (Ergonomics) 10352M->10352M(10740M) 3160.016ms
[112.720s][info][gc,cpu         ] GC(328) User=24.53s Sys=0.00s Real=3.16s
[112.720s][info][gc,start       ] GC(329) Pause Full (Ergonomics)
[112.720s][info][gc,phases,start] GC(329) Marking Phase
[115.150s][info][gc,phases      ] GC(329) Marking Phase 2429.584ms
[115.150s][info][gc,phases,start] GC(329) Summary Phase
[115.150s][info][gc,phases      ] GC(329) Summary Phase 0.117ms
[115.150s][info][gc,phases,start] GC(329) Adjust Roots
[115.150s][info][gc,phases      ] GC(329) Adjust Roots 0.274ms
[115.150s][info][gc,phases,start] GC(329) Compaction Phase
[115.865s][info][gc,phases      ] GC(329) Compaction Phase 714.632ms
[115.865s][info][gc,phases,start] GC(329) Post Compact
[115.881s][info][gc,phases      ] GC(329) Post Compact 15.822ms
[115.881s][info][gc,heap        ] GC(329) PSYoungGen: 361719K(757760K)->361719K(757760K) Eden: 198656K(198656K)->198656K(198656K) From: 163063K(559104K)->163063K(559104K)
[115.881s][info][gc,heap        ] GC(329) ParOldGen: 10239652K(10240000K)->10239652K(10240000K)
[115.881s][info][gc,metaspace   ] GC(329) Metaspace: 6302K(6528K)->6302K(6528K) NonClass: 5769K(5888K)->5769K(5888K) Class: 533K(640K)->533K(640K)
[115.881s][info][gc             ] GC(329) Pause Full (Ergonomics) 10352M->10352M(10740M) 3160.809ms
[115.881s][info][gc,cpu         ] GC(329) User=24.62s Sys=0.05s Real=3.16s
[115.881s][info][gc,start       ] GC(330) Pause Full (Ergonomics)
[115.881s][info][gc,phases,start] GC(330) Marking Phase
[118.279s][info][gc,phases      ] GC(330) Marking Phase 2398.113ms
[118.280s][info][gc,phases,start] GC(330) Summary Phase
[118.280s][info][gc,phases      ] GC(330) Summary Phase 0.123ms
[118.280s][info][gc,phases,start] GC(330) Adjust Roots
[118.280s][info][gc,phases      ] GC(330) Adjust Roots 0.229ms
[118.280s][info][gc,phases,start] GC(330) Compaction Phase
[119.007s][info][gc,phases      ] GC(330) Compaction Phase 726.732ms
[119.007s][info][gc,phases,start] GC(330) Post Compact
[119.022s][info][gc,phases      ] GC(330) Post Compact 15.200ms
[119.022s][info][gc,heap        ] GC(330) PSYoungGen: 361719K(757760K)->361719K(757760K) Eden: 198656K(198656K)->198656K(198656K) From: 163063K(559104K)->163063K(559104K)
[119.022s][info][gc,heap        ] GC(330) ParOldGen: 10239657K(10240000K)->10239657K(10240000K)
[119.022s][info][gc,metaspace   ] GC(330) Metaspace: 6302K(6528K)->6302K(6528K) NonClass: 5769K(5888K)->5769K(5888K) Class: 533K(640K)->533K(640K)
[119.022s][info][gc             ] GC(330) Pause Full (Ergonomics) 10352M->10352M(10740M) 3140.753ms
[119.022s][info][gc,cpu         ] GC(330) User=23.94s Sys=0.00s Real=3.14s
[119.022s][info][gc,start       ] GC(331) Pause Full (Ergonomics)
[119.022s][info][gc,phases,start] GC(331) Marking Phase
[121.431s][info][gc,phases      ] GC(331) Marking Phase 2408.671ms
[121.431s][info][gc,phases,start] GC(331) Summary Phase
[121.431s][info][gc,phases      ] GC(331) Summary Phase 0.163ms
[121.431s][info][gc,phases,start] GC(331) Adjust Roots
[121.432s][info][gc,phases      ] GC(331) Adjust Roots 0.351ms
[121.432s][info][gc,phases,start] GC(331) Compaction Phase
[122.160s][info][gc,phases      ] GC(331) Compaction Phase 728.051ms
[122.160s][info][gc,phases,start] GC(331) Post Compact
[122.175s][info][gc,phases      ] GC(331) Post Compact 15.440ms
[122.175s][info][gc,heap        ] GC(331) PSYoungGen: 361719K(757760K)->361719K(757760K) Eden: 198656K(198656K)->198656K(198656K) From: 163063K(559104K)->163063K(559104K)
[122.175s][info][gc,heap        ] GC(331) ParOldGen: 10239662K(10240000K)->10239662K(10240000K)
[122.175s][info][gc,metaspace   ] GC(331) Metaspace: 6302K(6528K)->6302K(6528K) NonClass: 5769K(5888K)->5769K(5888K) Class: 533K(640K)->533K(640K)
[122.175s][info][gc             ] GC(331) Pause Full (Ergonomics) 10352M->10352M(10740M) 3153.055ms
[122.175s][info][gc,cpu         ] GC(331) User=24.38s Sys=0.00s Real=3.15s
[122.176s][info][gc,start       ] GC(332) Pause Full (Ergonomics)
[122.176s][info][gc,phases,start] GC(332) Marking Phase
[124.572s][info][gc,phases      ] GC(332) Marking Phase 2396.447ms
[124.572s][info][gc,phases,start] GC(332) Summary Phase
[124.572s][info][gc,phases      ] GC(332) Summary Phase 0.151ms
[124.572s][info][gc,phases,start] GC(332) Adjust Roots
[124.573s][info][gc,phases      ] GC(332) Adjust Roots 0.281ms
[124.573s][info][gc,phases,start] GC(332) Compaction Phase
[125.271s][info][gc,phases      ] GC(332) Compaction Phase 698.579ms
[125.271s][info][gc,phases,start] GC(332) Post Compact
[125.286s][info][gc,phases      ] GC(332) Post Compact 14.992ms
[125.286s][info][gc,heap        ] GC(332) PSYoungGen: 361719K(757760K)->361719K(757760K) Eden: 198656K(198656K)->198656K(198656K) From: 163063K(559104K)->163063K(559104K)
[125.286s][info][gc,heap        ] GC(332) ParOldGen: 10239667K(10240000K)->10239667K(10240000K)
[125.286s][info][gc,metaspace   ] GC(332) Metaspace: 6302K(6528K)->6302K(6528K) NonClass: 5769K(5888K)->5769K(5888K) Class: 533K(640K)->533K(640K)
[125.286s][info][gc             ] GC(332) Pause Full (Ergonomics) 10352M->10352M(10740M) 3110.803ms
[125.286s][info][gc,cpu         ] GC(332) User=24.17s Sys=0.00s Real=3.11s
[125.287s][info][gc,start       ] GC(333) Pause Full (Ergonomics)
[125.287s][info][gc,phases,start] GC(333) Marking Phase
[127.720s][info][gc,phases      ] GC(333) Marking Phase 2433.636ms
[127.720s][info][gc,phases,start] GC(333) Summary Phase
[127.720s][info][gc,phases      ] GC(333) Summary Phase 0.139ms
[127.720s][info][gc,phases,start] GC(333) Adjust Roots
[127.721s][info][gc,phases      ] GC(333) Adjust Roots 0.236ms
[127.721s][info][gc,phases,start] GC(333) Compaction Phase
[128.408s][info][gc,phases      ] GC(333) Compaction Phase 687.461ms
[128.408s][info][gc,phases,start] GC(333) Post Compact
[128.422s][info][gc,phases      ] GC(333) Post Compact 13.500ms
[128.422s][info][gc,heap        ] GC(333) PSYoungGen: 361719K(757760K)->361719K(757760K) Eden: 198656K(198656K)->198656K(198656K) From: 163063K(559104K)->163063K(559104K)
[128.422s][info][gc,heap        ] GC(333) ParOldGen: 10239672K(10240000K)->10239672K(10240000K)
[128.422s][info][gc,metaspace   ] GC(333) Metaspace: 6302K(6528K)->6302K(6528K) NonClass: 5769K(5888K)->5769K(5888K) Class: 533K(640K)->533K(640K)
[128.422s][info][gc             ] GC(333) Pause Full (Ergonomics) 10352M->10352M(10740M) 3135.361ms
[128.422s][info][gc,cpu         ] GC(333) User=24.59s Sys=0.00s Real=3.14s
[128.422s][info][gc,start       ] GC(334) Pause Full (Ergonomics)
[128.422s][info][gc,phases,start] GC(334) Marking Phase
[130.829s][info][gc,phases      ] GC(334) Marking Phase 2407.081ms
[130.829s][info][gc,phases,start] GC(334) Summary Phase
[130.830s][info][gc,phases      ] GC(334) Summary Phase 0.225ms
[130.830s][info][gc,phases,start] GC(334) Adjust Roots
[130.830s][info][gc,phases      ] GC(334) Adjust Roots 0.302ms
[130.830s][info][gc,phases,start] GC(334) Compaction Phase
[131.528s][info][gc,phases      ] GC(334) Compaction Phase 698.369ms
[131.528s][info][gc,phases,start] GC(334) Post Compact
[131.543s][info][gc,phases      ] GC(334) Post Compact 14.878ms
[131.543s][info][gc,heap        ] GC(334) PSYoungGen: 361719K(757760K)->361719K(757760K) Eden: 198656K(198656K)->198656K(198656K) From: 163063K(559104K)->163063K(559104K)
[131.543s][info][gc,heap        ] GC(334) ParOldGen: 10239677K(10240000K)->10239677K(10240000K)
[131.543s][info][gc,metaspace   ] GC(334) Metaspace: 6302K(6528K)->6302K(6528K) NonClass: 5769K(5888K)->5769K(5888K) Class: 533K(640K)->533K(640K)
[131.543s][info][gc             ] GC(334) Pause Full (Ergonomics) 10352M->10352M(10740M) 3121.288ms
[131.543s][info][gc,cpu         ] GC(334) User=24.27s Sys=0.00s Real=3.12s
[131.544s][info][gc,start       ] GC(335) Pause Full (Ergonomics)
[131.544s][info][gc,phases,start] GC(335) Marking Phase
[133.953s][info][gc,phases      ] GC(335) Marking Phase 2409.371ms
[133.953s][info][gc,phases,start] GC(335) Summary Phase
[133.953s][info][gc,phases      ] GC(335) Summary Phase 0.098ms
[133.953s][info][gc,phases,start] GC(335) Adjust Roots
[133.953s][info][gc,phases      ] GC(335) Adjust Roots 0.169ms
[133.953s][info][gc,phases,start] GC(335) Compaction Phase
[134.651s][info][gc,phases      ] GC(335) Compaction Phase 697.502ms
[134.651s][info][gc,phases,start] GC(335) Post Compact
[134.666s][info][gc,phases      ] GC(335) Post Compact 14.542ms
[134.666s][info][gc,heap        ] GC(335) PSYoungGen: 361719K(757760K)->361719K(757760K) Eden: 198656K(198656K)->198656K(198656K) From: 163063K(559104K)->163063K(559104K)
[134.666s][info][gc,heap        ] GC(335) ParOldGen: 10239681K(10240000K)->10239681K(10240000K)
[134.666s][info][gc,metaspace   ] GC(335) Metaspace: 6302K(6528K)->6302K(6528K) NonClass: 5769K(5888K)->5769K(5888K) Class: 533K(640K)->533K(640K)
[134.666s][info][gc             ] GC(335) Pause Full (Ergonomics) 10352M->10352M(10740M) 3122.035ms
[134.666s][info][gc,cpu         ] GC(335) User=24.33s Sys=0.02s Real=3.12s
[134.666s][info][gc,start       ] GC(336) Pause Full (Ergonomics)
[134.666s][info][gc,phases,start] GC(336) Marking Phase
[137.069s][info][gc,phases      ] GC(336) Marking Phase 2402.831ms
[137.069s][info][gc,phases,start] GC(336) Summary Phase
[137.069s][info][gc,phases      ] GC(336) Summary Phase 0.169ms
[137.069s][info][gc,phases,start] GC(336) Adjust Roots
[137.069s][info][gc,phases      ] GC(336) Adjust Roots 0.292ms
[137.069s][info][gc,phases,start] GC(336) Compaction Phase
[137.775s][info][gc,phases      ] GC(336) Compaction Phase 705.379ms
[137.775s][info][gc,phases,start] GC(336) Post Compact
[137.792s][info][gc,phases      ] GC(336) Post Compact 16.841ms
[137.792s][info][gc,heap        ] GC(336) PSYoungGen: 361719K(757760K)->361719K(757760K) Eden: 198656K(198656K)->198656K(198656K) From: 163063K(559104K)->163063K(559104K)
[137.792s][info][gc,heap        ] GC(336) ParOldGen: 10239686K(10240000K)->10239686K(10240000K)
[137.792s][info][gc,metaspace   ] GC(336) Metaspace: 6302K(6528K)->6302K(6528K) NonClass: 5769K(5888K)->5769K(5888K) Class: 533K(640K)->533K(640K)
[137.792s][info][gc             ] GC(336) Pause Full (Ergonomics) 10352M->10352M(10740M) 3125.929ms
[137.792s][info][gc,cpu         ] GC(336) User=24.12s Sys=0.02s Real=3.13s
[137.792s][info][gc,start       ] GC(337) Pause Full (Ergonomics)
[137.792s][info][gc,phases,start] GC(337) Marking Phase
[140.231s][info][gc,phases      ] GC(337) Marking Phase 2439.348ms
[140.232s][info][gc,phases,start] GC(337) Summary Phase
[140.232s][info][gc,phases      ] GC(337) Summary Phase 0.162ms
[140.232s][info][gc,phases,start] GC(337) Adjust Roots
[140.232s][info][gc,phases      ] GC(337) Adjust Roots 0.258ms
[140.232s][info][gc,phases,start] GC(337) Compaction Phase
[140.933s][info][gc,phases      ] GC(337) Compaction Phase 701.319ms
[140.933s][info][gc,phases,start] GC(337) Post Compact
[140.948s][info][gc,phases      ] GC(337) Post Compact 14.949ms
[140.948s][info][gc,heap        ] GC(337) PSYoungGen: 361719K(757760K)->361719K(757760K) Eden: 198656K(198656K)->198656K(198656K) From: 163063K(559104K)->163063K(559104K)
[140.948s][info][gc,heap        ] GC(337) ParOldGen: 10239691K(10240000K)->10239691K(10240000K)
[140.948s][info][gc,metaspace   ] GC(337) Metaspace: 6302K(6528K)->6302K(6528K) NonClass: 5769K(5888K)->5769K(5888K) Class: 533K(640K)->533K(640K)
[140.948s][info][gc             ] GC(337) Pause Full (Ergonomics) 10352M->10352M(10740M) 3156.433ms
[140.949s][info][gc,cpu         ] GC(337) User=24.36s Sys=0.00s Real=3.16s
[140.949s][info][gc,start       ] GC(338) Pause Full (Ergonomics)
[140.949s][info][gc,phases,start] GC(338) Marking Phase
[143.366s][info][gc,phases      ] GC(338) Marking Phase 2417.123ms
[143.366s][info][gc,phases,start] GC(338) Summary Phase
[143.366s][info][gc,phases      ] GC(338) Summary Phase 0.101ms
[143.366s][info][gc,phases,start] GC(338) Adjust Roots
[143.366s][info][gc,phases      ] GC(338) Adjust Roots 0.179ms
[143.366s][info][gc,phases,start] GC(338) Compaction Phase
[144.057s][info][gc,phases      ] GC(338) Compaction Phase 690.753ms
[144.057s][info][gc,phases,start] GC(338) Post Compact
[144.072s][info][gc,phases      ] GC(338) Post Compact 14.847ms
[144.072s][info][gc,heap        ] GC(338) PSYoungGen: 361719K(757760K)->361719K(757760K) Eden: 198656K(198656K)->198656K(198656K) From: 163063K(559104K)->163063K(559104K)
[144.072s][info][gc,heap        ] GC(338) ParOldGen: 10239696K(10240000K)->10239696K(10240000K)
[144.072s][info][gc,metaspace   ] GC(338) Metaspace: 6302K(6528K)->6302K(6528K) NonClass: 5769K(5888K)->5769K(5888K) Class: 533K(640K)->533K(640K)
[144.072s][info][gc             ] GC(338) Pause Full (Ergonomics) 10352M->10352M(10740M) 3123.343ms
[144.072s][info][gc,cpu         ] GC(338) User=24.34s Sys=0.00s Real=3.12s
[144.072s][info][gc,start       ] GC(339) Pause Full (Ergonomics)
[144.072s][info][gc,phases,start] GC(339) Marking Phase
[146.480s][info][gc,phases      ] GC(339) Marking Phase 2408.063ms
[146.480s][info][gc,phases,start] GC(339) Summary Phase
[146.481s][info][gc,phases      ] GC(339) Summary Phase 0.098ms
[146.481s][info][gc,phases,start] GC(339) Adjust Roots
[146.481s][info][gc,phases      ] GC(339) Adjust Roots 0.170ms
[146.481s][info][gc,phases,start] GC(339) Compaction Phase
[147.169s][info][gc,phases      ] GC(339) Compaction Phase 688.567ms
[147.169s][info][gc,phases,start] GC(339) Post Compact
[147.184s][info][gc,phases      ] GC(339) Post Compact 14.703ms
[147.184s][info][gc,heap        ] GC(339) PSYoungGen: 361719K(757760K)->361719K(757760K) Eden: 198656K(198656K)->198656K(198656K) From: 163063K(559104K)->163063K(559104K)
[147.184s][info][gc,heap        ] GC(339) ParOldGen: 10239701K(10240000K)->10239701K(10240000K)
[147.184s][info][gc,metaspace   ] GC(339) Metaspace: 6302K(6528K)->6302K(6528K) NonClass: 5769K(5888K)->5769K(5888K) Class: 533K(640K)->533K(640K)
[147.184s][info][gc             ] GC(339) Pause Full (Ergonomics) 10352M->10352M(10740M) 3112.079ms
[147.184s][info][gc,cpu         ] GC(339) User=24.33s Sys=0.00s Real=3.11s
[147.185s][info][gc,start       ] GC(340) Pause Full (Ergonomics)
[147.185s][info][gc,phases,start] GC(340) Marking Phase
[149.586s][info][gc,phases      ] GC(340) Marking Phase 2401.466ms
[149.586s][info][gc,phases,start] GC(340) Summary Phase
[149.586s][info][gc,phases      ] GC(340) Summary Phase 0.120ms
[149.586s][info][gc,phases,start] GC(340) Adjust Roots
[149.586s][info][gc,phases      ] GC(340) Adjust Roots 0.226ms
[149.587s][info][gc,phases,start] GC(340) Compaction Phase
[150.315s][info][gc,phases      ] GC(340) Compaction Phase 728.603ms
[150.315s][info][gc,phases,start] GC(340) Post Compact
[150.331s][info][gc,phases      ] GC(340) Post Compact 15.818ms
[150.331s][info][gc,heap        ] GC(340) PSYoungGen: 361719K(757760K)->361719K(757760K) Eden: 198656K(198656K)->198656K(198656K) From: 163063K(559104K)->163063K(559104K)
[150.331s][info][gc,heap        ] GC(340) ParOldGen: 10239706K(10240000K)->10239706K(10240000K)
[150.331s][info][gc,metaspace   ] GC(340) Metaspace: 6302K(6528K)->6302K(6528K) NonClass: 5769K(5888K)->5769K(5888K) Class: 533K(640K)->533K(640K)
[150.331s][info][gc             ] GC(340) Pause Full (Ergonomics) 10352M->10352M(10740M) 3146.599ms
[150.331s][info][gc,cpu         ] GC(340) User=24.06s Sys=0.00s Real=3.15s
[150.331s][info][gc,start       ] GC(341) Pause Full (Ergonomics)
[150.331s][info][gc,phases,start] GC(341) Marking Phase
[152.760s][info][gc,phases      ] GC(341) Marking Phase 2428.224ms
[152.760s][info][gc,phases,start] GC(341) Summary Phase
[152.760s][info][gc,phases      ] GC(341) Summary Phase 0.115ms
[152.760s][info][gc,phases,start] GC(341) Adjust Roots
[152.760s][info][gc,phases      ] GC(341) Adjust Roots 0.207ms
[152.760s][info][gc,phases,start] GC(341) Compaction Phase
[153.468s][info][gc,phases      ] GC(341) Compaction Phase 707.787ms
[153.468s][info][gc,phases,start] GC(341) Post Compact
[153.484s][info][gc,phases      ] GC(341) Post Compact 16.210ms
[153.484s][info][gc,heap        ] GC(341) PSYoungGen: 361719K(757760K)->361719K(757760K) Eden: 198656K(198656K)->198656K(198656K) From: 163063K(559104K)->163063K(559104K)
[153.484s][info][gc,heap        ] GC(341) ParOldGen: 10239710K(10240000K)->10239710K(10240000K)
[153.484s][info][gc,metaspace   ] GC(341) Metaspace: 6302K(6528K)->6302K(6528K) NonClass: 5769K(5888K)->5769K(5888K) Class: 533K(640K)->533K(640K)
[153.484s][info][gc             ] GC(341) Pause Full (Ergonomics) 10352M->10352M(10740M) 3152.914ms
[153.484s][info][gc,cpu         ] GC(341) User=24.30s Sys=0.00s Real=3.15s
[153.485s][info][gc,start       ] GC(342) Pause Full (Ergonomics)
[153.485s][info][gc,phases,start] GC(342) Marking Phase
[155.899s][info][gc,phases      ] GC(342) Marking Phase 2414.258ms
[155.899s][info][gc,phases,start] GC(342) Summary Phase
[155.899s][info][gc,phases      ] GC(342) Summary Phase 0.105ms
[155.899s][info][gc,phases,start] GC(342) Adjust Roots
[155.899s][info][gc,phases      ] GC(342) Adjust Roots 0.180ms
[155.899s][info][gc,phases,start] GC(342) Compaction Phase
[156.578s][info][gc,phases      ] GC(342) Compaction Phase 678.377ms
[156.578s][info][gc,phases,start] GC(342) Post Compact
[156.593s][info][gc,phases      ] GC(342) Post Compact 14.993ms
[156.593s][info][gc,heap        ] GC(342) PSYoungGen: 361719K(757760K)->361719K(757760K) Eden: 198656K(198656K)->198656K(198656K) From: 163063K(559104K)->163063K(559104K)
[156.593s][info][gc,heap        ] GC(342) ParOldGen: 10239715K(10240000K)->10239715K(10240000K)
[156.593s][info][gc,metaspace   ] GC(342) Metaspace: 6302K(6528K)->6302K(6528K) NonClass: 5769K(5888K)->5769K(5888K) Class: 533K(640K)->533K(640K)
[156.593s][info][gc             ] GC(342) Pause Full (Ergonomics) 10352M->10352M(10740M) 3108.356ms
[156.593s][info][gc,cpu         ] GC(342) User=24.33s Sys=0.00s Real=3.11s
[156.593s][info][gc,start       ] GC(343) Pause Full (Ergonomics)
[156.593s][info][gc,phases,start] GC(343) Marking Phase
[159.005s][info][gc,phases      ] GC(343) Marking Phase 2412.021ms
[159.005s][info][gc,phases,start] GC(343) Summary Phase
[159.005s][info][gc,phases      ] GC(343) Summary Phase 0.136ms
[159.005s][info][gc,phases,start] GC(343) Adjust Roots
[159.006s][info][gc,phases      ] GC(343) Adjust Roots 0.215ms
[159.006s][info][gc,phases,start] GC(343) Compaction Phase
[159.683s][info][gc,phases      ] GC(343) Compaction Phase 677.114ms
[159.683s][info][gc,phases,start] GC(343) Post Compact
[159.699s][info][gc,phases      ] GC(343) Post Compact 15.840ms
[159.699s][info][gc,heap        ] GC(343) PSYoungGen: 361719K(757760K)->361719K(757760K) Eden: 198656K(198656K)->198656K(198656K) From: 163063K(559104K)->163063K(559104K)
[159.699s][info][gc,heap        ] GC(343) ParOldGen: 10239720K(10240000K)->10239720K(10240000K)
[159.699s][info][gc,metaspace   ] GC(343) Metaspace: 6302K(6528K)->6302K(6528K) NonClass: 5769K(5888K)->5769K(5888K) Class: 533K(640K)->533K(640K)
[159.699s][info][gc             ] GC(343) Pause Full (Ergonomics) 10352M->10352M(10740M) 3105.731ms
[159.699s][info][gc,cpu         ] GC(343) User=24.19s Sys=0.00s Real=3.11s
[159.699s][info][gc,start       ] GC(344) Pause Full (Ergonomics)
[159.699s][info][gc,phases,start] GC(344) Marking Phase
[162.113s][info][gc,phases      ] GC(344) Marking Phase 2414.002ms
[162.113s][info][gc,phases,start] GC(344) Summary Phase
[162.113s][info][gc,phases      ] GC(344) Summary Phase 0.098ms
[162.113s][info][gc,phases,start] GC(344) Adjust Roots
[162.113s][info][gc,phases      ] GC(344) Adjust Roots 0.185ms
[162.113s][info][gc,phases,start] GC(344) Compaction Phase
[162.775s][info][gc,phases      ] GC(344) Compaction Phase 661.896ms
[162.775s][info][gc,phases,start] GC(344) Post Compact
[162.789s][info][gc,phases      ] GC(344) Post Compact 13.676ms
[162.789s][info][gc,heap        ] GC(344) PSYoungGen: 361719K(757760K)->361719K(757760K) Eden: 198656K(198656K)->198656K(198656K) From: 163063K(559104K)->163063K(559104K)
[162.789s][info][gc,heap        ] GC(344) ParOldGen: 10239725K(10240000K)->10239725K(10240000K)
[162.789s][info][gc,metaspace   ] GC(344) Metaspace: 6302K(6528K)->6302K(6528K) NonClass: 5769K(5888K)->5769K(5888K) Class: 533K(640K)->533K(640K)
[162.789s][info][gc             ] GC(344) Pause Full (Ergonomics) 10352M->10352M(10740M) 3090.226ms
[162.789s][info][gc,cpu         ] GC(344) User=23.73s Sys=0.00s Real=3.09s
[162.789s][info][gc,start       ] GC(345) Pause Full (Ergonomics)
[162.789s][info][gc,phases,start] GC(345) Marking Phase
[165.199s][info][gc,phases      ] GC(345) Marking Phase 2409.819ms
[165.199s][info][gc,phases,start] GC(345) Summary Phase
[165.199s][info][gc,phases      ] GC(345) Summary Phase 0.098ms
[165.199s][info][gc,phases,start] GC(345) Adjust Roots
[165.200s][info][gc,phases      ] GC(345) Adjust Roots 0.168ms
[165.200s][info][gc,phases,start] GC(345) Compaction Phase
[165.864s][info][gc,phases      ] GC(345) Compaction Phase 664.537ms
[165.864s][info][gc,phases,start] GC(345) Post Compact
[165.880s][info][gc,phases      ] GC(345) Post Compact 15.431ms
[165.880s][info][gc,heap        ] GC(345) PSYoungGen: 361719K(757760K)->361719K(757760K) Eden: 198656K(198656K)->198656K(198656K) From: 163063K(559104K)->163063K(559104K)
[165.880s][info][gc,heap        ] GC(345) ParOldGen: 10239730K(10240000K)->10239730K(10240000K)
[165.880s][info][gc,metaspace   ] GC(345) Metaspace: 6302K(6528K)->6302K(6528K) NonClass: 5769K(5888K)->5769K(5888K) Class: 533K(640K)->533K(640K)
[165.880s][info][gc             ] GC(345) Pause Full (Ergonomics) 10352M->10352M(10740M) 3090.385ms
[165.880s][info][gc,cpu         ] GC(345) User=23.80s Sys=0.00s Real=3.09s
[165.880s][info][gc,start       ] GC(346) Pause Full (Ergonomics)
[165.880s][info][gc,phases,start] GC(346) Marking Phase
[168.289s][info][gc,phases      ] GC(346) Marking Phase 2408.286ms
[168.289s][info][gc,phases,start] GC(346) Summary Phase
[168.289s][info][gc,phases      ] GC(346) Summary Phase 0.117ms
[168.289s][info][gc,phases,start] GC(346) Adjust Roots
[168.289s][info][gc,phases      ] GC(346) Adjust Roots 0.186ms
[168.289s][info][gc,phases,start] GC(346) Compaction Phase
[168.941s][info][gc,phases      ] GC(346) Compaction Phase 652.457ms
[168.941s][info][gc,phases,start] GC(346) Post Compact
[168.955s][info][gc,phases      ] GC(346) Post Compact 13.594ms
[168.955s][info][gc,heap        ] GC(346) PSYoungGen: 361719K(757760K)->361719K(757760K) Eden: 198656K(198656K)->198656K(198656K) From: 163063K(559104K)->163063K(559104K)
[168.955s][info][gc,heap        ] GC(346) ParOldGen: 10239735K(10240000K)->10239735K(10240000K)
[168.955s][info][gc,metaspace   ] GC(346) Metaspace: 6302K(6528K)->6302K(6528K) NonClass: 5769K(5888K)->5769K(5888K) Class: 533K(640K)->533K(640K)
[168.955s][info][gc             ] GC(346) Pause Full (Ergonomics) 10352M->10352M(10740M) 3074.980ms
[168.955s][info][gc,cpu         ] GC(346) User=24.06s Sys=0.02s Real=3.08s
[168.955s][info][gc,start       ] GC(347) Pause Full (Ergonomics)
[168.955s][info][gc,phases,start] GC(347) Marking Phase
[171.375s][info][gc,phases      ] GC(347) Marking Phase 2419.282ms
[171.375s][info][gc,phases,start] GC(347) Summary Phase
[171.375s][info][gc,phases      ] GC(347) Summary Phase 0.153ms
[171.375s][info][gc,phases,start] GC(347) Adjust Roots
[171.375s][info][gc,phases      ] GC(347) Adjust Roots 0.234ms
[171.375s][info][gc,phases,start] GC(347) Compaction Phase
[172.045s][info][gc,phases      ] GC(347) Compaction Phase 670.035ms
[172.045s][info][gc,phases,start] GC(347) Post Compact
[172.061s][info][gc,phases      ] GC(347) Post Compact 15.806ms
[172.061s][info][gc,heap        ] GC(347) PSYoungGen: 361719K(757760K)->361719K(757760K) Eden: 198656K(198656K)->198656K(198656K) From: 163063K(559104K)->163063K(559104K)
[172.061s][info][gc,heap        ] GC(347) ParOldGen: 10239739K(10240000K)->10239739K(10240000K)
[172.061s][info][gc,metaspace   ] GC(347) Metaspace: 6302K(6528K)->6302K(6528K) NonClass: 5769K(5888K)->5769K(5888K) Class: 533K(640K)->533K(640K)
[172.061s][info][gc             ] GC(347) Pause Full (Ergonomics) 10352M->10352M(10740M) 3105.904ms
[172.061s][info][gc,cpu         ] GC(347) User=23.97s Sys=0.02s Real=3.11s
[172.062s][info][gc,start       ] GC(348) Pause Full (Ergonomics)
[172.062s][info][gc,phases,start] GC(348) Marking Phase
[174.480s][info][gc,phases      ] GC(348) Marking Phase 2418.527ms
[174.480s][info][gc,phases,start] GC(348) Summary Phase
[174.480s][info][gc,phases      ] GC(348) Summary Phase 0.127ms
[174.480s][info][gc,phases,start] GC(348) Adjust Roots
[174.481s][info][gc,phases      ] GC(348) Adjust Roots 0.206ms
[174.481s][info][gc,phases,start] GC(348) Compaction Phase
[175.140s][info][gc,phases      ] GC(348) Compaction Phase 659.875ms
[175.141s][info][gc,phases,start] GC(348) Post Compact
[175.156s][info][gc,phases      ] GC(348) Post Compact 15.844ms
[175.156s][info][gc,heap        ] GC(348) PSYoungGen: 361719K(757760K)->361719K(757760K) Eden: 198656K(198656K)->198656K(198656K) From: 163063K(559104K)->163063K(559104K)
[175.156s][info][gc,heap        ] GC(348) ParOldGen: 10239744K(10240000K)->10239744K(10240000K)
[175.156s][info][gc,metaspace   ] GC(348) Metaspace: 6302K(6528K)->6302K(6528K) NonClass: 5769K(5888K)->5769K(5888K) Class: 533K(640K)->533K(640K)
[175.157s][info][gc             ] GC(348) Pause Full (Ergonomics) 10352M->10352M(10740M) 3094.976ms
[175.157s][info][gc,cpu         ] GC(348) User=23.81s Sys=0.02s Real=3.09s
[175.157s][info][gc,start       ] GC(349) Pause Full (Ergonomics)
[175.157s][info][gc,phases,start] GC(349) Marking Phase
[177.583s][info][gc,phases      ] GC(349) Marking Phase 2426.210ms
[177.583s][info][gc,phases,start] GC(349) Summary Phase
[177.583s][info][gc,phases      ] GC(349) Summary Phase 0.101ms
[177.583s][info][gc,phases,start] GC(349) Adjust Roots
[177.583s][info][gc,phases      ] GC(349) Adjust Roots 0.166ms
[177.583s][info][gc,phases,start] GC(349) Compaction Phase
[178.238s][info][gc,phases      ] GC(349) Compaction Phase 654.674ms
[178.238s][info][gc,phases,start] GC(349) Post Compact
[178.254s][info][gc,phases      ] GC(349) Post Compact 15.600ms
[178.254s][info][gc,heap        ] GC(349) PSYoungGen: 361719K(757760K)->361719K(757760K) Eden: 198656K(198656K)->198656K(198656K) From: 163063K(559104K)->163063K(559104K)
[178.254s][info][gc,heap        ] GC(349) ParOldGen: 10239749K(10240000K)->10239749K(10240000K)
[178.254s][info][gc,metaspace   ] GC(349) Metaspace: 6302K(6528K)->6302K(6528K) NonClass: 5769K(5888K)->5769K(5888K) Class: 533K(640K)->533K(640K)
[178.254s][info][gc             ] GC(349) Pause Full (Ergonomics) 10352M->10352M(10740M) 3097.093ms
[178.254s][info][gc,cpu         ] GC(349) User=23.98s Sys=0.00s Real=3.10s
[178.254s][info][gc,start       ] GC(350) Pause Full (Ergonomics)
[178.254s][info][gc,phases,start] GC(350) Marking Phase
[180.672s][info][gc,phases      ] GC(350) Marking Phase 2417.559ms
[180.672s][info][gc,phases,start] GC(350) Summary Phase
[180.672s][info][gc,phases      ] GC(350) Summary Phase 0.111ms
[180.672s][info][gc,phases,start] GC(350) Adjust Roots
[180.672s][info][gc,phases      ] GC(350) Adjust Roots 0.198ms
[180.672s][info][gc,phases,start] GC(350) Compaction Phase
[181.326s][info][gc,phases      ] GC(350) Compaction Phase 653.884ms
[181.326s][info][gc,phases,start] GC(350) Post Compact
[181.342s][info][gc,phases      ] GC(350) Post Compact 15.839ms
[181.342s][info][gc,heap        ] GC(350) PSYoungGen: 361719K(757760K)->361719K(757760K) Eden: 198656K(198656K)->198656K(198656K) From: 163063K(559104K)->163063K(559104K)
[181.342s][info][gc,heap        ] GC(350) ParOldGen: 10239754K(10240000K)->10239754K(10240000K)
[181.342s][info][gc,metaspace   ] GC(350) Metaspace: 6302K(6528K)->6302K(6528K) NonClass: 5769K(5888K)->5769K(5888K) Class: 533K(640K)->533K(640K)
[181.342s][info][gc             ] GC(350) Pause Full (Ergonomics) 10353M->10353M(10740M) 3087.925ms
[181.342s][info][gc,cpu         ] GC(350) User=23.81s Sys=0.02s Real=3.09s
[181.342s][info][gc,start       ] GC(351) Pause Full (Ergonomics)
[181.342s][info][gc,phases,start] GC(351) Marking Phase
[183.779s][info][gc,phases      ] GC(351) Marking Phase 2436.672ms
[183.779s][info][gc,phases,start] GC(351) Summary Phase
[183.779s][info][gc,phases      ] GC(351) Summary Phase 0.148ms
[183.779s][info][gc,phases,start] GC(351) Adjust Roots
[183.779s][info][gc,phases      ] GC(351) Adjust Roots 0.208ms
[183.779s][info][gc,phases,start] GC(351) Compaction Phase
[184.438s][info][gc,phases      ] GC(351) Compaction Phase 658.803ms
[184.438s][info][gc,phases,start] GC(351) Post Compact
[184.454s][info][gc,phases      ] GC(351) Post Compact 15.475ms
[184.454s][info][gc,heap        ] GC(351) PSYoungGen: 361719K(757760K)->361719K(757760K) Eden: 198656K(198656K)->198656K(198656K) From: 163063K(559104K)->163063K(559104K)
[184.454s][info][gc,heap        ] GC(351) ParOldGen: 10239759K(10240000K)->10239759K(10240000K)
[184.454s][info][gc,metaspace   ] GC(351) Metaspace: 6302K(6528K)->6302K(6528K) NonClass: 5769K(5888K)->5769K(5888K) Class: 533K(640K)->533K(640K)
[184.454s][info][gc             ] GC(351) Pause Full (Ergonomics) 10353M->10353M(10740M) 3111.647ms
[184.454s][info][gc,cpu         ] GC(351) User=24.00s Sys=0.00s Real=3.11s
[184.454s][info][gc,start       ] GC(352) Pause Full (Ergonomics)
[184.454s][info][gc,phases,start] GC(352) Marking Phase
[186.866s][info][gc,phases      ] GC(352) Marking Phase 2412.188ms
[186.866s][info][gc,phases,start] GC(352) Summary Phase
[186.866s][info][gc,phases      ] GC(352) Summary Phase 0.102ms
[186.866s][info][gc,phases,start] GC(352) Adjust Roots
[186.867s][info][gc,phases      ] GC(352) Adjust Roots 0.173ms
[186.867s][info][gc,phases,start] GC(352) Compaction Phase
[187.525s][info][gc,phases      ] GC(352) Compaction Phase 658.736ms
[187.525s][info][gc,phases,start] GC(352) Post Compact
[187.541s][info][gc,phases      ] GC(352) Post Compact 15.912ms
[187.541s][info][gc,heap        ] GC(352) PSYoungGen: 361719K(757760K)->361719K(757760K) Eden: 198656K(198656K)->198656K(198656K) From: 163063K(559104K)->163063K(559104K)
[187.541s][info][gc,heap        ] GC(352) ParOldGen: 10239764K(10240000K)->10239764K(10240000K)
[187.542s][info][gc,metaspace   ] GC(352) Metaspace: 6302K(6528K)->6302K(6528K) NonClass: 5769K(5888K)->5769K(5888K) Class: 533K(640K)->533K(640K)
[187.542s][info][gc             ] GC(352) Pause Full (Ergonomics) 10353M->10353M(10740M) 3087.483ms
[187.542s][info][gc,cpu         ] GC(352) User=23.92s Sys=0.02s Real=3.09s
[187.542s][info][gc,start       ] GC(353) Pause Full (Ergonomics)
[187.542s][info][gc,phases,start] GC(353) Marking Phase
[189.975s][info][gc,phases      ] GC(353) Marking Phase 2433.385ms
[189.975s][info][gc,phases,start] GC(353) Summary Phase
[189.975s][info][gc,phases      ] GC(353) Summary Phase 0.098ms
[189.975s][info][gc,phases,start] GC(353) Adjust Roots
[189.975s][info][gc,phases      ] GC(353) Adjust Roots 0.162ms
[189.976s][info][gc,phases,start] GC(353) Compaction Phase
[190.631s][info][gc,phases      ] GC(353) Compaction Phase 655.282ms
[190.631s][info][gc,phases,start] GC(353) Post Compact
[190.646s][info][gc,phases      ] GC(353) Post Compact 15.603ms
[190.647s][info][gc,heap        ] GC(353) PSYoungGen: 361719K(757760K)->361719K(757760K) Eden: 198656K(198656K)->198656K(198656K) From: 163063K(559104K)->163063K(559104K)
[190.647s][info][gc,heap        ] GC(353) ParOldGen: 10239768K(10240000K)->10239768K(10240000K)
[190.647s][info][gc,metaspace   ] GC(353) Metaspace: 6302K(6528K)->6302K(6528K) NonClass: 5769K(5888K)->5769K(5888K) Class: 533K(640K)->533K(640K)
[190.647s][info][gc             ] GC(353) Pause Full (Ergonomics) 10353M->10353M(10740M) 3104.865ms
[190.647s][info][gc,cpu         ] GC(353) User=24.00s Sys=0.02s Real=3.11s
[190.647s][info][gc,start       ] GC(354) Pause Full (Ergonomics)
[190.647s][info][gc,phases,start] GC(354) Marking Phase
[193.084s][info][gc,phases      ] GC(354) Marking Phase 2436.738ms
[193.084s][info][gc,phases,start] GC(354) Summary Phase
[193.084s][info][gc,phases      ] GC(354) Summary Phase 0.138ms
[193.084s][info][gc,phases,start] GC(354) Adjust Roots
[193.084s][info][gc,phases      ] GC(354) Adjust Roots 0.252ms
[193.084s][info][gc,phases,start] GC(354) Compaction Phase
[193.737s][info][gc,phases      ] GC(354) Compaction Phase 652.660ms
[193.737s][info][gc,phases,start] GC(354) Post Compact
[193.753s][info][gc,phases      ] GC(354) Post Compact 15.788ms
[193.753s][info][gc,heap        ] GC(354) PSYoungGen: 361719K(757760K)->361719K(757760K) Eden: 198656K(198656K)->198656K(198656K) From: 163063K(559104K)->163063K(559104K)
[193.753s][info][gc,heap        ] GC(354) ParOldGen: 10239773K(10240000K)->10239773K(10240000K)
[193.753s][info][gc,metaspace   ] GC(354) Metaspace: 6302K(6528K)->6302K(6528K) NonClass: 5769K(5888K)->5769K(5888K) Class: 533K(640K)->533K(640K)
[193.753s][info][gc             ] GC(354) Pause Full (Ergonomics) 10353M->10353M(10740M) 3105.971ms
[193.753s][info][gc,cpu         ] GC(354) User=23.67s Sys=0.02s Real=3.11s
[193.753s][info][gc,start       ] GC(355) Pause Full (Ergonomics)
[193.753s][info][gc,phases,start] GC(355) Marking Phase
[196.170s][info][gc,phases      ] GC(355) Marking Phase 2417.272ms
[196.170s][info][gc,phases,start] GC(355) Summary Phase
[196.170s][info][gc,phases      ] GC(355) Summary Phase 0.098ms
[196.170s][info][gc,phases,start] GC(355) Adjust Roots
[196.171s][info][gc,phases      ] GC(355) Adjust Roots 0.164ms
[196.171s][info][gc,phases,start] GC(355) Compaction Phase
[196.817s][info][gc,phases      ] GC(355) Compaction Phase 646.012ms
[196.817s][info][gc,phases,start] GC(355) Post Compact
[196.832s][info][gc,phases      ] GC(355) Post Compact 15.530ms
[196.832s][info][gc,heap        ] GC(355) PSYoungGen: 361719K(757760K)->361719K(757760K) Eden: 198656K(198656K)->198656K(198656K) From: 163063K(559104K)->163063K(559104K)
[196.832s][info][gc,heap        ] GC(355) ParOldGen: 10239778K(10240000K)->10239778K(10240000K)
[196.832s][info][gc,metaspace   ] GC(355) Metaspace: 6302K(6528K)->6302K(6528K) NonClass: 5769K(5888K)->5769K(5888K) Class: 533K(640K)->533K(640K)
[196.832s][info][gc             ] GC(355) Pause Full (Ergonomics) 10353M->10353M(10740M) 3079.431ms
[196.832s][info][gc,cpu         ] GC(355) User=23.89s Sys=0.02s Real=3.08s
[196.833s][info][gc,start       ] GC(356) Pause Full (Ergonomics)
[196.833s][info][gc,phases,start] GC(356) Marking Phase
[199.284s][info][gc,phases      ] GC(356) Marking Phase 2451.208ms
[199.284s][info][gc,phases,start] GC(356) Summary Phase
[199.284s][info][gc,phases      ] GC(356) Summary Phase 0.115ms
[199.284s][info][gc,phases,start] GC(356) Adjust Roots
[199.284s][info][gc,phases      ] GC(356) Adjust Roots 0.215ms
[199.284s][info][gc,phases,start] GC(356) Compaction Phase
[199.938s][info][gc,phases      ] GC(356) Compaction Phase 653.786ms
[199.938s][info][gc,phases,start] GC(356) Post Compact
[199.954s][info][gc,phases      ] GC(356) Post Compact 15.632ms
[199.954s][info][gc,heap        ] GC(356) PSYoungGen: 361719K(757760K)->361719K(757760K) Eden: 198656K(198656K)->198656K(198656K) From: 163063K(559104K)->163063K(559104K)
[199.954s][info][gc,heap        ] GC(356) ParOldGen: 10239783K(10240000K)->10239783K(10240000K)
[199.954s][info][gc,metaspace   ] GC(356) Metaspace: 6302K(6528K)->6302K(6528K) NonClass: 5769K(5888K)->5769K(5888K) Class: 533K(640K)->533K(640K)
[199.954s][info][gc             ] GC(356) Pause Full (Ergonomics) 10353M->10353M(10740M) 3121.333ms
[199.954s][info][gc,cpu         ] GC(356) User=23.78s Sys=0.02s Real=3.12s
[199.954s][info][gc,start       ] GC(357) Pause Full (Ergonomics)
[199.954s][info][gc,phases,start] GC(357) Marking Phase
[202.391s][info][gc,phases      ] GC(357) Marking Phase 2436.864ms
[202.391s][info][gc,phases,start] GC(357) Summary Phase
[202.391s][info][gc,phases      ] GC(357) Summary Phase 0.098ms
[202.391s][info][gc,phases,start] GC(357) Adjust Roots
[202.391s][info][gc,phases      ] GC(357) Adjust Roots 0.163ms
[202.391s][info][gc,phases,start] GC(357) Compaction Phase
[203.048s][info][gc,phases      ] GC(357) Compaction Phase 656.378ms
[203.048s][info][gc,phases,start] GC(357) Post Compact
[203.064s][info][gc,phases      ] GC(357) Post Compact 15.768ms
[203.064s][info][gc,heap        ] GC(357) PSYoungGen: 361719K(757760K)->361719K(757760K) Eden: 198656K(198656K)->198656K(198656K) From: 163063K(559104K)->163063K(559104K)
[203.064s][info][gc,heap        ] GC(357) ParOldGen: 10239788K(10240000K)->10239788K(10240000K)
[203.064s][info][gc,metaspace   ] GC(357) Metaspace: 6302K(6528K)->6302K(6528K) NonClass: 5769K(5888K)->5769K(5888K) Class: 533K(640K)->533K(640K)
[203.064s][info][gc             ] GC(357) Pause Full (Ergonomics) 10353M->10353M(10740M) 3109.599ms
[203.064s][info][gc,cpu         ] GC(357) User=24.09s Sys=0.00s Real=3.11s
[203.064s][info][gc,start       ] GC(358) Pause Full (Ergonomics)
[203.064s][info][gc,phases,start] GC(358) Marking Phase
[205.499s][info][gc,phases      ] GC(358) Marking Phase 2434.582ms
[205.499s][info][gc,phases,start] GC(358) Summary Phase
[205.499s][info][gc,phases      ] GC(358) Summary Phase 0.135ms
[205.499s][info][gc,phases,start] GC(358) Adjust Roots
[205.499s][info][gc,phases      ] GC(358) Adjust Roots 0.212ms
[205.499s][info][gc,phases,start] GC(358) Compaction Phase
[206.150s][info][gc,phases      ] GC(358) Compaction Phase 650.475ms
[206.150s][info][gc,phases,start] GC(358) Post Compact
[206.165s][info][gc,phases      ] GC(358) Post Compact 15.553ms
[206.165s][info][gc,heap        ] GC(358) PSYoungGen: 361719K(757760K)->361719K(757760K) Eden: 198656K(198656K)->198656K(198656K) From: 163063K(559104K)->163063K(559104K)
[206.165s][info][gc,heap        ] GC(358) ParOldGen: 10239793K(10240000K)->10239793K(10240000K)
[206.165s][info][gc,metaspace   ] GC(358) Metaspace: 6302K(6528K)->6302K(6528K) NonClass: 5769K(5888K)->5769K(5888K) Class: 533K(640K)->533K(640K)
[206.165s][info][gc             ] GC(358) Pause Full (Ergonomics) 10353M->10353M(10740M) 3101.329ms
[206.165s][info][gc,cpu         ] GC(358) User=23.98s Sys=0.00s Real=3.10s
[206.166s][info][gc,start       ] GC(359) Pause Full (Ergonomics)
[206.166s][info][gc,phases,start] GC(359) Marking Phase
[208.573s][info][gc,phases      ] GC(359) Marking Phase 2407.866ms
[208.573s][info][gc,phases,start] GC(359) Summary Phase
[208.574s][info][gc,phases      ] GC(359) Summary Phase 0.113ms
[208.574s][info][gc,phases,start] GC(359) Adjust Roots
[208.574s][info][gc,phases      ] GC(359) Adjust Roots 0.301ms
[208.574s][info][gc,phases,start] GC(359) Compaction Phase
[209.231s][info][gc,phases      ] GC(359) Compaction Phase 657.492ms
[209.232s][info][gc,phases,start] GC(359) Post Compact
[209.247s][info][gc,phases      ] GC(359) Post Compact 15.773ms
[209.247s][info][gc,heap        ] GC(359) PSYoungGen: 361719K(757760K)->361719K(757760K) Eden: 198656K(198656K)->198656K(198656K) From: 163063K(559104K)->163063K(559104K)
[209.247s][info][gc,heap        ] GC(359) ParOldGen: 10239797K(10240000K)->10239797K(10240000K)
[209.247s][info][gc,metaspace   ] GC(359) Metaspace: 6302K(6528K)->6302K(6528K) NonClass: 5769K(5888K)->5769K(5888K) Class: 533K(640K)->533K(640K)
[209.247s][info][gc             ] GC(359) Pause Full (Ergonomics) 10353M->10353M(10740M) 3081.917ms
[209.247s][info][gc,cpu         ] GC(359) User=23.84s Sys=0.03s Real=3.08s
[209.248s][info][gc,start       ] GC(360) Pause Full (Ergonomics)
[209.248s][info][gc,phases,start] GC(360) Marking Phase
[211.640s][info][gc,phases      ] GC(360) Marking Phase 2392.808ms
[211.641s][info][gc,phases,start] GC(360) Summary Phase
[211.641s][info][gc,phases      ] GC(360) Summary Phase 0.099ms
[211.641s][info][gc,phases,start] GC(360) Adjust Roots
[211.641s][info][gc,phases      ] GC(360) Adjust Roots 0.166ms
[211.641s][info][gc,phases,start] GC(360) Compaction Phase
[212.317s][info][gc,phases      ] GC(360) Compaction Phase 675.924ms
[212.317s][info][gc,phases,start] GC(360) Post Compact
[212.333s][info][gc,phases      ] GC(360) Post Compact 16.067ms
[212.333s][info][gc,heap        ] GC(360) PSYoungGen: 361719K(757760K)->361719K(757760K) Eden: 198656K(198656K)->198656K(198656K) From: 163063K(559104K)->163063K(559104K)
[212.333s][info][gc,heap        ] GC(360) ParOldGen: 10239802K(10240000K)->10239802K(10240000K)
[212.333s][info][gc,metaspace   ] GC(360) Metaspace: 6302K(6528K)->6302K(6528K) NonClass: 5769K(5888K)->5769K(5888K) Class: 533K(640K)->533K(640K)
[212.333s][info][gc             ] GC(360) Pause Full (Ergonomics) 10353M->10353M(10740M) 3085.435ms
[212.333s][info][gc,cpu         ] GC(360) User=23.67s Sys=0.00s Real=3.09s
[212.333s][info][gc,start       ] GC(361) Pause Full (Ergonomics)
[212.333s][info][gc,phases,start] GC(361) Marking Phase
[214.708s][info][gc,phases      ] GC(361) Marking Phase 2374.361ms
[214.708s][info][gc,phases,start] GC(361) Summary Phase
[214.708s][info][gc,phases      ] GC(361) Summary Phase 0.099ms
[214.708s][info][gc,phases,start] GC(361) Adjust Roots
[214.708s][info][gc,phases      ] GC(361) Adjust Roots 0.177ms
[214.708s][info][gc,phases,start] GC(361) Compaction Phase
[215.374s][info][gc,phases      ] GC(361) Compaction Phase 665.539ms
[215.374s][info][gc,phases,start] GC(361) Post Compact
[215.390s][info][gc,phases      ] GC(361) Post Compact 15.922ms
[215.390s][info][gc,heap        ] GC(361) PSYoungGen: 361719K(757760K)->361719K(757760K) Eden: 198656K(198656K)->198656K(198656K) From: 163063K(559104K)->163063K(559104K)
[215.390s][info][gc,heap        ] GC(361) ParOldGen: 10239807K(10240000K)->10239807K(10240000K)
[215.390s][info][gc,metaspace   ] GC(361) Metaspace: 6302K(6528K)->6302K(6528K) NonClass: 5769K(5888K)->5769K(5888K) Class: 533K(640K)->533K(640K)
[215.390s][info][gc             ] GC(361) Pause Full (Ergonomics) 10353M->10353M(10740M) 3056.454ms
[215.390s][info][gc,cpu         ] GC(361) User=23.73s Sys=0.00s Real=3.06s
[215.390s][info][gc,start       ] GC(362) Pause Full (Ergonomics)
[215.390s][info][gc,phases,start] GC(362) Marking Phase
[217.753s][info][gc,phases      ] GC(362) Marking Phase 2363.407ms
[217.753s][info][gc,phases,start] GC(362) Summary Phase
[217.754s][info][gc,phases      ] GC(362) Summary Phase 0.099ms
[217.754s][info][gc,phases,start] GC(362) Adjust Roots
[217.754s][info][gc,phases      ] GC(362) Adjust Roots 0.165ms
[217.754s][info][gc,phases,start] GC(362) Compaction Phase
[218.419s][info][gc,phases      ] GC(362) Compaction Phase 665.093ms
[218.419s][info][gc,phases,start] GC(362) Post Compact
[218.435s][info][gc,phases      ] GC(362) Post Compact 15.908ms
[218.435s][info][gc,heap        ] GC(362) PSYoungGen: 361719K(757760K)->361719K(757760K) Eden: 198656K(198656K)->198656K(198656K) From: 163063K(559104K)->163063K(559104K)
[218.435s][info][gc,heap        ] GC(362) ParOldGen: 10239812K(10240000K)->10239812K(10240000K)
[218.435s][info][gc,metaspace   ] GC(362) Metaspace: 6302K(6528K)->6302K(6528K) NonClass: 5769K(5888K)->5769K(5888K) Class: 533K(640K)->533K(640K)
[218.435s][info][gc             ] GC(362) Pause Full (Ergonomics) 10353M->10353M(10740M) 3045.039ms
[218.435s][info][gc,cpu         ] GC(362) User=23.53s Sys=0.00s Real=3.05s
[218.435s][info][gc,start       ] GC(363) Pause Full (Ergonomics)
[218.435s][info][gc,phases,start] GC(363) Marking Phase
[220.826s][info][gc,phases      ] GC(363) Marking Phase 2390.722ms
[220.826s][info][gc,phases,start] GC(363) Summary Phase
[220.826s][info][gc,phases      ] GC(363) Summary Phase 0.098ms
[220.826s][info][gc,phases,start] GC(363) Adjust Roots
[220.826s][info][gc,phases      ] GC(363) Adjust Roots 0.174ms
[220.826s][info][gc,phases,start] GC(363) Compaction Phase
[221.502s][info][gc,phases      ] GC(363) Compaction Phase 675.359ms
[221.502s][info][gc,phases,start] GC(363) Post Compact
[221.518s][info][gc,phases      ] GC(363) Post Compact 15.962ms
[221.518s][info][gc,heap        ] GC(363) PSYoungGen: 361719K(757760K)->361719K(757760K) Eden: 198656K(198656K)->198656K(198656K) From: 163063K(559104K)->163063K(559104K)
[221.518s][info][gc,heap        ] GC(363) ParOldGen: 10239817K(10240000K)->10239817K(10240000K)
[221.518s][info][gc,metaspace   ] GC(363) Metaspace: 6302K(6528K)->6302K(6528K) NonClass: 5769K(5888K)->5769K(5888K) Class: 533K(640K)->533K(640K)
[221.518s][info][gc             ] GC(363) Pause Full (Ergonomics) 10353M->10353M(10740M) 3082.673ms
[221.518s][info][gc,cpu         ] GC(363) User=23.80s Sys=0.00s Real=3.08s
[221.518s][info][gc,start       ] GC(364) Pause Full (Ergonomics)
[221.518s][info][gc,phases,start] GC(364) Marking Phase
[223.911s][info][gc,phases      ] GC(364) Marking Phase 2392.595ms
[223.911s][info][gc,phases,start] GC(364) Summary Phase
[223.911s][info][gc,phases      ] GC(364) Summary Phase 0.139ms
[223.911s][info][gc,phases,start] GC(364) Adjust Roots
[223.911s][info][gc,phases      ] GC(364) Adjust Roots 0.225ms
[223.911s][info][gc,phases,start] GC(364) Compaction Phase
[224.570s][info][gc,phases      ] GC(364) Compaction Phase 658.268ms
[224.570s][info][gc,phases,start] GC(364) Post Compact
[224.586s][info][gc,phases      ] GC(364) Post Compact 15.903ms
[224.586s][info][gc,heap        ] GC(364) PSYoungGen: 361719K(757760K)->361719K(757760K) Eden: 198656K(198656K)->198656K(198656K) From: 163063K(559104K)->163063K(559104K)
[224.586s][info][gc,heap        ] GC(364) ParOldGen: 10239822K(10240000K)->10239822K(10240000K)
[224.586s][info][gc,metaspace   ] GC(364) Metaspace: 6302K(6528K)->6302K(6528K) NonClass: 5769K(5888K)->5769K(5888K) Class: 533K(640K)->533K(640K)
[224.586s][info][gc             ] GC(364) Pause Full (Ergonomics) 10353M->10353M(10740M) 3067.511ms
[224.586s][info][gc,cpu         ] GC(364) User=23.55s Sys=0.02s Real=3.07s
[224.586s][info][gc,start       ] GC(365) Pause Full (Ergonomics)
[224.586s][info][gc,phases,start] GC(365) Marking Phase
[226.964s][info][gc,phases      ] GC(365) Marking Phase 2378.597ms
[226.965s][info][gc,phases,start] GC(365) Summary Phase
[226.965s][info][gc,phases      ] GC(365) Summary Phase 0.106ms
[226.965s][info][gc,phases,start] GC(365) Adjust Roots
[226.965s][info][gc,phases      ] GC(365) Adjust Roots 0.170ms
[226.965s][info][gc,phases,start] GC(365) Compaction Phase
[227.635s][info][gc,phases      ] GC(365) Compaction Phase 669.826ms
[227.635s][info][gc,phases,start] GC(365) Post Compact
[227.651s][info][gc,phases      ] GC(365) Post Compact 15.795ms
[227.651s][info][gc,heap        ] GC(365) PSYoungGen: 361719K(757760K)->361719K(757760K) Eden: 198656K(198656K)->198656K(198656K) From: 163063K(559104K)->163063K(559104K)
[227.651s][info][gc,heap        ] GC(365) ParOldGen: 10239826K(10240000K)->10239826K(10240000K)
[227.651s][info][gc,metaspace   ] GC(365) Metaspace: 6302K(6528K)->6302K(6528K) NonClass: 5769K(5888K)->5769K(5888K) Class: 533K(640K)->533K(640K)
[227.651s][info][gc             ] GC(365) Pause Full (Ergonomics) 10353M->10353M(10740M) 3064.879ms
[227.651s][info][gc,cpu         ] GC(365) User=23.39s Sys=0.00s Real=3.07s
[227.651s][info][gc,start       ] GC(366) Pause Full (Ergonomics)
[227.651s][info][gc,phases,start] GC(366) Marking Phase
[230.061s][info][gc,phases      ] GC(366) Marking Phase 2409.812ms
[230.061s][info][gc,phases,start] GC(366) Summary Phase
[230.061s][info][gc,phases      ] GC(366) Summary Phase 0.098ms
[230.061s][info][gc,phases,start] GC(366) Adjust Roots
[230.061s][info][gc,phases      ] GC(366) Adjust Roots 0.168ms
[230.061s][info][gc,phases,start] GC(366) Compaction Phase
[230.737s][info][gc,phases      ] GC(366) Compaction Phase 675.992ms
[230.737s][info][gc,phases,start] GC(366) Post Compact
[230.753s][info][gc,phases      ] GC(366) Post Compact 15.977ms
[230.753s][info][gc,heap        ] GC(366) PSYoungGen: 361719K(757760K)->361719K(757760K) Eden: 198656K(198656K)->198656K(198656K) From: 163063K(559104K)->163063K(559104K)
[230.753s][info][gc,heap        ] GC(366) ParOldGen: 10239831K(10240000K)->10239831K(10240000K)
[230.753s][info][gc,metaspace   ] GC(366) Metaspace: 6302K(6528K)->6302K(6528K) NonClass: 5769K(5888K)->5769K(5888K) Class: 533K(640K)->533K(640K)
[230.753s][info][gc             ] GC(366) Pause Full (Ergonomics) 10353M->10353M(10740M) 3102.398ms
[230.753s][info][gc,cpu         ] GC(366) User=23.84s Sys=0.02s Real=3.10s
[230.754s][info][gc,start       ] GC(367) Pause Full (Ergonomics)
[230.754s][info][gc,phases,start] GC(367) Marking Phase
[233.167s][info][gc,phases      ] GC(367) Marking Phase 2413.490ms
[233.167s][info][gc,phases,start] GC(367) Summary Phase
[233.167s][info][gc,phases      ] GC(367) Summary Phase 0.113ms
[233.167s][info][gc,phases,start] GC(367) Adjust Roots
[233.168s][info][gc,phases      ] GC(367) Adjust Roots 0.207ms
[233.168s][info][gc,phases,start] GC(367) Compaction Phase
[233.839s][info][gc,phases      ] GC(367) Compaction Phase 671.871ms
[233.839s][info][gc,phases,start] GC(367) Post Compact
[233.855s][info][gc,phases      ] GC(367) Post Compact 15.952ms
[233.856s][info][gc,heap        ] GC(367) PSYoungGen: 361719K(757760K)->361719K(757760K) Eden: 198656K(198656K)->198656K(198656K) From: 163063K(559104K)->163063K(559104K)
[233.856s][info][gc,heap        ] GC(367) ParOldGen: 10239836K(10240000K)->10239836K(10240000K)
[233.856s][info][gc,metaspace   ] GC(367) Metaspace: 6302K(6528K)->6302K(6528K) NonClass: 5769K(5888K)->5769K(5888K) Class: 533K(640K)->533K(640K)
[233.856s][info][gc             ] GC(367) Pause Full (Ergonomics) 10353M->10353M(10740M) 3101.987ms
[233.856s][info][gc,cpu         ] GC(367) User=23.84s Sys=0.00s Real=3.10s
[233.856s][info][gc,start       ] GC(368) Pause Full (Ergonomics)
[233.856s][info][gc,phases,start] GC(368) Marking Phase
[236.253s][info][gc,phases      ] GC(368) Marking Phase 2396.880ms
[236.253s][info][gc,phases,start] GC(368) Summary Phase
[236.253s][info][gc,phases      ] GC(368) Summary Phase 0.100ms
[236.253s][info][gc,phases,start] GC(368) Adjust Roots
[236.253s][info][gc,phases      ] GC(368) Adjust Roots 0.168ms
[236.253s][info][gc,phases,start] GC(368) Compaction Phase
[236.920s][info][gc,phases      ] GC(368) Compaction Phase 666.871ms
[236.920s][info][gc,phases,start] GC(368) Post Compact
[236.936s][info][gc,phases      ] GC(368) Post Compact 16.060ms
[236.936s][info][gc,heap        ] GC(368) PSYoungGen: 361719K(757760K)->361719K(757760K) Eden: 198656K(198656K)->198656K(198656K) From: 163063K(559104K)->163063K(559104K)
[236.936s][info][gc,heap        ] GC(368) ParOldGen: 10239841K(10240000K)->10239841K(10240000K)
[236.936s][info][gc,metaspace   ] GC(368) Metaspace: 6302K(6528K)->6302K(6528K) NonClass: 5769K(5888K)->5769K(5888K) Class: 533K(640K)->533K(640K)
[236.936s][info][gc             ] GC(368) Pause Full (Ergonomics) 10353M->10353M(10740M) 3080.447ms
[236.936s][info][gc,cpu         ] GC(368) User=23.81s Sys=0.00s Real=3.08s
[236.936s][info][gc,start       ] GC(369) Pause Full (Ergonomics)
[236.937s][info][gc,phases,start] GC(369) Marking Phase
[239.331s][info][gc,phases      ] GC(369) Marking Phase 2394.834ms
[239.331s][info][gc,phases,start] GC(369) Summary Phase
[239.332s][info][gc,phases      ] GC(369) Summary Phase 0.104ms
[239.332s][info][gc,phases,start] GC(369) Adjust Roots
[239.332s][info][gc,phases      ] GC(369) Adjust Roots 0.178ms
[239.332s][info][gc,phases,start] GC(369) Compaction Phase
[240.007s][info][gc,phases      ] GC(369) Compaction Phase 675.002ms
[240.007s][info][gc,phases,start] GC(369) Post Compact
[240.023s][info][gc,phases      ] GC(369) Post Compact 16.049ms
[240.023s][info][gc,heap        ] GC(369) PSYoungGen: 361719K(757760K)->361719K(757760K) Eden: 198656K(198656K)->198656K(198656K) From: 163063K(559104K)->163063K(559104K)
[240.023s][info][gc,heap        ] GC(369) ParOldGen: 10239846K(10240000K)->10239846K(10240000K)
[240.023s][info][gc,metaspace   ] GC(369) Metaspace: 6302K(6528K)->6302K(6528K) NonClass: 5769K(5888K)->5769K(5888K) Class: 533K(640K)->533K(640K)
[240.023s][info][gc             ] GC(369) Pause Full (Ergonomics) 10353M->10353M(10740M) 3086.518ms
[240.023s][info][gc,cpu         ] GC(369) User=23.58s Sys=0.00s Real=3.09s
[240.023s][info][gc,start       ] GC(370) Pause Full (Ergonomics)
[240.023s][info][gc,phases,start] GC(370) Marking Phase
[242.388s][info][gc,phases      ] GC(370) Marking Phase 2365.006ms
[242.388s][info][gc,phases,start] GC(370) Summary Phase
[242.389s][info][gc,phases      ] GC(370) Summary Phase 0.179ms
[242.389s][info][gc,phases,start] GC(370) Adjust Roots
[242.389s][info][gc,phases      ] GC(370) Adjust Roots 0.326ms
[242.389s][info][gc,phases,start] GC(370) Compaction Phase
[243.066s][info][gc,phases      ] GC(370) Compaction Phase 677.011ms
[243.066s][info][gc,phases,start] GC(370) Post Compact
[243.082s][info][gc,phases      ] GC(370) Post Compact 16.288ms
[243.082s][info][gc,heap        ] GC(370) PSYoungGen: 361719K(757760K)->361719K(757760K) Eden: 198656K(198656K)->198656K(198656K) From: 163063K(559104K)->163063K(559104K)
[243.082s][info][gc,heap        ] GC(370) ParOldGen: 10239851K(10240000K)->10239851K(10240000K)
[243.082s][info][gc,metaspace   ] GC(370) Metaspace: 6302K(6528K)->6302K(6528K) NonClass: 5769K(5888K)->5769K(5888K) Class: 533K(640K)->533K(640K)
[243.082s][info][gc             ] GC(370) Pause Full (Ergonomics) 10353M->10353M(10740M) 3059.200ms
[243.082s][info][gc,cpu         ] GC(370) User=23.14s Sys=0.00s Real=3.06s
[243.083s][info][gc,start       ] GC(371) Pause Full (Ergonomics)
[243.083s][info][gc,phases,start] GC(371) Marking Phase
[245.483s][info][gc,phases      ] GC(371) Marking Phase 2400.373ms
[245.483s][info][gc,phases,start] GC(371) Summary Phase
[245.483s][info][gc,phases      ] GC(371) Summary Phase 0.104ms
[245.483s][info][gc,phases,start] GC(371) Adjust Roots
[245.483s][info][gc,phases      ] GC(371) Adjust Roots 0.187ms
[245.483s][info][gc,phases,start] GC(371) Compaction Phase
[246.152s][info][gc,phases      ] GC(371) Compaction Phase 668.945ms
[246.152s][info][gc,phases,start] GC(371) Post Compact
[246.168s][info][gc,phases      ] GC(371) Post Compact 15.979ms
[246.169s][info][gc,heap        ] GC(371) PSYoungGen: 361719K(757760K)->361719K(757760K) Eden: 198656K(198656K)->198656K(198656K) From: 163063K(559104K)->163063K(559104K)
[246.169s][info][gc,heap        ] GC(371) ParOldGen: 10239855K(10240000K)->10239855K(10240000K)
[246.169s][info][gc,metaspace   ] GC(371) Metaspace: 6302K(6528K)->6302K(6528K) NonClass: 5769K(5888K)->5769K(5888K) Class: 533K(640K)->533K(640K)
[246.169s][info][gc             ] GC(371) Pause Full (Ergonomics) 10353M->10353M(10740M) 3085.958ms
[246.169s][info][gc,cpu         ] GC(371) User=23.73s Sys=0.00s Real=3.09s
[246.169s][info][gc,start       ] GC(372) Pause Full (Ergonomics)
[246.169s][info][gc,phases,start] GC(372) Marking Phase
[248.529s][info][gc,phases      ] GC(372) Marking Phase 2360.102ms
[248.529s][info][gc,phases,start] GC(372) Summary Phase
[248.529s][info][gc,phases      ] GC(372) Summary Phase 0.121ms
[248.529s][info][gc,phases,start] GC(372) Adjust Roots
[248.529s][info][gc,phases      ] GC(372) Adjust Roots 0.185ms
[248.529s][info][gc,phases,start] GC(372) Compaction Phase
[249.201s][info][gc,phases      ] GC(372) Compaction Phase 671.405ms
[249.201s][info][gc,phases,start] GC(372) Post Compact
[249.217s][info][gc,phases      ] GC(372) Post Compact 16.428ms
[249.217s][info][gc,heap        ] GC(372) PSYoungGen: 361719K(757760K)->361719K(757760K) Eden: 198656K(198656K)->198656K(198656K) From: 163063K(559104K)->163063K(559104K)
[249.217s][info][gc,heap        ] GC(372) ParOldGen: 10239860K(10240000K)->10239860K(10240000K)
[249.217s][info][gc,metaspace   ] GC(372) Metaspace: 6302K(6528K)->6302K(6528K) NonClass: 5769K(5888K)->5769K(5888K) Class: 533K(640K)->533K(640K)
[249.217s][info][gc             ] GC(372) Pause Full (Ergonomics) 10353M->10353M(10740M) 3048.585ms
[249.217s][info][gc,cpu         ] GC(372) User=23.42s Sys=0.00s Real=3.05s
[249.218s][info][gc,start       ] GC(373) Pause Full (Ergonomics)
[249.218s][info][gc,phases,start] GC(373) Marking Phase
[251.608s][info][gc,phases      ] GC(373) Marking Phase 2390.134ms
[251.608s][info][gc,phases,start] GC(373) Summary Phase
[251.608s][info][gc,phases      ] GC(373) Summary Phase 0.104ms
[251.608s][info][gc,phases,start] GC(373) Adjust Roots
[251.608s][info][gc,phases      ] GC(373) Adjust Roots 0.175ms
[251.608s][info][gc,phases,start] GC(373) Compaction Phase
[252.281s][info][gc,phases      ] GC(373) Compaction Phase 672.545ms
[252.281s][info][gc,phases,start] GC(373) Post Compact
[252.298s][info][gc,phases      ] GC(373) Post Compact 16.908ms
[252.298s][info][gc,heap        ] GC(373) PSYoungGen: 361719K(757760K)->361719K(757760K) Eden: 198656K(198656K)->198656K(198656K) From: 163063K(559104K)->163063K(559104K)
[252.298s][info][gc,heap        ] GC(373) ParOldGen: 10239865K(10240000K)->10239865K(10240000K)
[252.298s][info][gc,metaspace   ] GC(373) Metaspace: 6302K(6528K)->6302K(6528K) NonClass: 5769K(5888K)->5769K(5888K) Class: 533K(640K)->533K(640K)
[252.298s][info][gc             ] GC(373) Pause Full (Ergonomics) 10353M->10353M(10740M) 3080.218ms
[252.298s][info][gc,cpu         ] GC(373) User=23.64s Sys=0.03s Real=3.08s
[252.298s][info][gc,start       ] GC(374) Pause Full (Ergonomics)
[252.298s][info][gc,phases,start] GC(374) Marking Phase
[254.652s][info][gc,phases      ] GC(374) Marking Phase 2354.205ms
[254.652s][info][gc,phases,start] GC(374) Summary Phase
[254.652s][info][gc,phases      ] GC(374) Summary Phase 0.101ms
[254.652s][info][gc,phases,start] GC(374) Adjust Roots
[254.653s][info][gc,phases      ] GC(374) Adjust Roots 0.195ms
[254.653s][info][gc,phases,start] GC(374) Compaction Phase
[255.323s][info][gc,phases      ] GC(374) Compaction Phase 670.717ms
[255.323s][info][gc,phases,start] GC(374) Post Compact
[255.340s][info][gc,phases      ] GC(374) Post Compact 16.381ms
[255.340s][info][gc,heap        ] GC(374) PSYoungGen: 361719K(757760K)->361719K(757760K) Eden: 198656K(198656K)->198656K(198656K) From: 163063K(559104K)->163063K(559104K)
[255.340s][info][gc,heap        ] GC(374) ParOldGen: 10239870K(10240000K)->10239870K(10240000K)
[255.340s][info][gc,metaspace   ] GC(374) Metaspace: 6302K(6528K)->6302K(6528K) NonClass: 5769K(5888K)->5769K(5888K) Class: 533K(640K)->533K(640K)
[255.340s][info][gc             ] GC(374) Pause Full (Ergonomics) 10353M->10353M(10740M) 3041.954ms
[255.340s][info][gc,cpu         ] GC(374) User=23.45s Sys=0.00s Real=3.04s
[255.340s][info][gc,start       ] GC(375) Pause Full (Ergonomics)
[255.340s][info][gc,phases,start] GC(375) Marking Phase
[257.680s][info][gc,phases      ] GC(375) Marking Phase 2339.286ms
[257.680s][info][gc,phases,start] GC(375) Summary Phase
[257.680s][info][gc,phases      ] GC(375) Summary Phase 0.099ms
[257.680s][info][gc,phases,start] GC(375) Adjust Roots
[257.680s][info][gc,phases      ] GC(375) Adjust Roots 0.170ms
[257.680s][info][gc,phases,start] GC(375) Compaction Phase
[258.356s][info][gc,phases      ] GC(375) Compaction Phase 676.039ms
[258.356s][info][gc,phases,start] GC(375) Post Compact
[258.372s][info][gc,phases      ] GC(375) Post Compact 16.243ms
[258.372s][info][gc,heap        ] GC(375) PSYoungGen: 361719K(757760K)->361719K(757760K) Eden: 198656K(198656K)->198656K(198656K) From: 163063K(559104K)->163063K(559104K)
[258.372s][info][gc,heap        ] GC(375) ParOldGen: 10239875K(10240000K)->10239875K(10240000K)
[258.372s][info][gc,metaspace   ] GC(375) Metaspace: 6302K(6528K)->6302K(6528K) NonClass: 5769K(5888K)->5769K(5888K) Class: 533K(640K)->533K(640K)
[258.372s][info][gc             ] GC(375) Pause Full (Ergonomics) 10353M->10353M(10740M) 3032.216ms
[258.372s][info][gc,cpu         ] GC(375) User=23.36s Sys=0.00s Real=3.03s
[258.373s][info][gc,start       ] GC(376) Pause Full (Ergonomics)
[258.373s][info][gc,phases,start] GC(376) Marking Phase
[260.772s][info][gc,phases      ] GC(376) Marking Phase 2399.736ms
[260.772s][info][gc,phases,start] GC(376) Summary Phase
[260.773s][info][gc,phases      ] GC(376) Summary Phase 0.099ms
[260.773s][info][gc,phases,start] GC(376) Adjust Roots
[260.773s][info][gc,phases      ] GC(376) Adjust Roots 0.173ms
[260.773s][info][gc,phases,start] GC(376) Compaction Phase
[261.442s][info][gc,phases      ] GC(376) Compaction Phase 668.945ms
[261.442s][info][gc,phases,start] GC(376) Post Compact
[261.457s][info][gc,phases      ] GC(376) Post Compact 15.702ms
[261.458s][info][gc,heap        ] GC(376) PSYoungGen: 361719K(757760K)->361719K(757760K) Eden: 198656K(198656K)->198656K(198656K) From: 163063K(559104K)->163063K(559104K)
[261.458s][info][gc,heap        ] GC(376) ParOldGen: 10239880K(10240000K)->10239880K(10240000K)
[261.458s][info][gc,metaspace   ] GC(376) Metaspace: 6302K(6528K)->6302K(6528K) NonClass: 5769K(5888K)->5769K(5888K) Class: 533K(640K)->533K(640K)
[261.458s][info][gc             ] GC(376) Pause Full (Ergonomics) 10353M->10353M(10740M) 3084.978ms
[261.458s][info][gc,cpu         ] GC(376) User=23.80s Sys=0.00s Real=3.09s
[261.458s][info][gc,start       ] GC(377) Pause Full (Ergonomics)
[261.458s][info][gc,phases,start] GC(377) Marking Phase
[263.862s][info][gc,phases      ] GC(377) Marking Phase 2404.389ms
[263.862s][info][gc,phases,start] GC(377) Summary Phase
[263.862s][info][gc,phases      ] GC(377) Summary Phase 0.099ms
[263.862s][info][gc,phases,start] GC(377) Adjust Roots
[263.863s][info][gc,phases      ] GC(377) Adjust Roots 0.170ms
[263.863s][info][gc,phases,start] GC(377) Compaction Phase
[264.540s][info][gc,phases      ] GC(377) Compaction Phase 677.786ms
[264.540s][info][gc,phases,start] GC(377) Post Compact
[264.557s][info][gc,phases      ] GC(377) Post Compact 16.154ms
[264.557s][info][gc,heap        ] GC(377) PSYoungGen: 361719K(757760K)->361719K(757760K) Eden: 198656K(198656K)->198656K(198656K) From: 163063K(559104K)->163063K(559104K)
[264.557s][info][gc,heap        ] GC(377) ParOldGen: 10239884K(10240000K)->10239884K(10240000K)
[264.557s][info][gc,metaspace   ] GC(377) Metaspace: 6302K(6528K)->6302K(6528K) NonClass: 5769K(5888K)->5769K(5888K) Class: 533K(640K)->533K(640K)
[264.557s][info][gc             ] GC(377) Pause Full (Ergonomics) 10353M->10353M(10740M) 3098.942ms
[264.557s][info][gc,cpu         ] GC(377) User=23.80s Sys=0.03s Real=3.10s
[264.557s][info][gc,start       ] GC(378) Pause Full (Ergonomics)
[264.557s][info][gc,phases,start] GC(378) Marking Phase
[266.952s][info][gc,phases      ] GC(378) Marking Phase 2394.657ms
[266.952s][info][gc,phases,start] GC(378) Summary Phase
[266.952s][info][gc,phases      ] GC(378) Summary Phase 0.098ms
[266.952s][info][gc,phases,start] GC(378) Adjust Roots
[266.952s][info][gc,phases      ] GC(378) Adjust Roots 0.191ms
[266.952s][info][gc,phases,start] GC(378) Compaction Phase
[267.624s][info][gc,phases      ] GC(378) Compaction Phase 671.455ms
[267.624s][info][gc,phases,start] GC(378) Post Compact
[267.640s][info][gc,phases      ] GC(378) Post Compact 15.885ms
[267.640s][info][gc,heap        ] GC(378) PSYoungGen: 361719K(757760K)->361719K(757760K) Eden: 198656K(198656K)->198656K(198656K) From: 163063K(559104K)->163063K(559104K)
[267.640s][info][gc,heap        ] GC(378) ParOldGen: 10239889K(10240000K)->10239889K(10240000K)
[267.640s][info][gc,metaspace   ] GC(378) Metaspace: 6302K(6528K)->6302K(6528K) NonClass: 5769K(5888K)->5769K(5888K) Class: 533K(640K)->533K(640K)
[267.640s][info][gc             ] GC(378) Pause Full (Ergonomics) 10353M->10353M(10740M) 3082.634ms
[267.640s][info][gc,cpu         ] GC(378) User=23.62s Sys=0.02s Real=3.08s
[267.640s][info][gc,start       ] GC(379) Pause Full (Ergonomics)
[267.640s][info][gc,phases,start] GC(379) Marking Phase
[270.024s][info][gc,phases      ] GC(379) Marking Phase 2383.915ms
[270.024s][info][gc,phases,start] GC(379) Summary Phase
[270.024s][info][gc,phases      ] GC(379) Summary Phase 0.098ms
[270.024s][info][gc,phases,start] GC(379) Adjust Roots
[270.024s][info][gc,phases      ] GC(379) Adjust Roots 0.167ms
[270.024s][info][gc,phases,start] GC(379) Compaction Phase
[270.702s][info][gc,phases      ] GC(379) Compaction Phase 677.418ms
[270.702s][info][gc,phases,start] GC(379) Post Compact
[270.718s][info][gc,phases      ] GC(379) Post Compact 16.421ms
[270.718s][info][gc,heap        ] GC(379) PSYoungGen: 361719K(757760K)->361719K(757760K) Eden: 198656K(198656K)->198656K(198656K) From: 163063K(559104K)->163063K(559104K)
[270.718s][info][gc,heap        ] GC(379) ParOldGen: 10239894K(10240000K)->10239894K(10240000K)
[270.718s][info][gc,metaspace   ] GC(379) Metaspace: 6302K(6528K)->6302K(6528K) NonClass: 5769K(5888K)->5769K(5888K) Class: 533K(640K)->533K(640K)
[270.718s][info][gc             ] GC(379) Pause Full (Ergonomics) 10353M->10353M(10740M) 3078.380ms
[270.718s][info][gc,cpu         ] GC(379) User=23.64s Sys=0.02s Real=3.08s
[270.718s][info][gc,start       ] GC(380) Pause Full (Ergonomics)
[270.718s][info][gc,phases,start] GC(380) Marking Phase
[273.140s][info][gc,phases      ] GC(380) Marking Phase 2421.128ms
[273.140s][info][gc,phases,start] GC(380) Summary Phase
[273.140s][info][gc,phases      ] GC(380) Summary Phase 0.106ms
[273.140s][info][gc,phases,start] GC(380) Adjust Roots
[273.140s][info][gc,phases      ] GC(380) Adjust Roots 0.171ms
[273.140s][info][gc,phases,start] GC(380) Compaction Phase
[273.818s][info][gc,phases      ] GC(380) Compaction Phase 677.561ms
[273.818s][info][gc,phases,start] GC(380) Post Compact
[273.834s][info][gc,phases      ] GC(380) Post Compact 16.084ms
[273.834s][info][gc,heap        ] GC(380) PSYoungGen: 361719K(757760K)->361719K(757760K) Eden: 198656K(198656K)->198656K(198656K) From: 163063K(559104K)->163063K(559104K)
[273.834s][info][gc,heap        ] GC(380) ParOldGen: 10239899K(10240000K)->10239899K(10240000K)
[273.834s][info][gc,metaspace   ] GC(380) Metaspace: 6302K(6528K)->6302K(6528K) NonClass: 5769K(5888K)->5769K(5888K) Class: 533K(640K)->533K(640K)
[273.834s][info][gc             ] GC(380) Pause Full (Ergonomics) 10353M->10353M(10740M) 3115.398ms
[273.834s][info][gc,cpu         ] GC(380) User=24.06s Sys=0.02s Real=3.12s
[273.834s][info][gc,start       ] GC(381) Pause Full (Ergonomics)
[273.834s][info][gc,phases,start] GC(381) Marking Phase
[276.247s][info][gc,phases      ] GC(381) Marking Phase 2412.632ms
[276.247s][info][gc,phases,start] GC(381) Summary Phase
[276.247s][info][gc,phases      ] GC(381) Summary Phase 0.101ms
[276.247s][info][gc,phases,start] GC(381) Adjust Roots
[276.247s][info][gc,phases      ] GC(381) Adjust Roots 0.167ms
[276.247s][info][gc,phases,start] GC(381) Compaction Phase
[276.916s][info][gc,phases      ] GC(381) Compaction Phase 669.263ms
[276.916s][info][gc,phases,start] GC(381) Post Compact
[276.932s][info][gc,phases      ] GC(381) Post Compact 15.995ms
[276.933s][info][gc,heap        ] GC(381) PSYoungGen: 361719K(757760K)->361719K(757760K) Eden: 198656K(198656K)->198656K(198656K) From: 163063K(559104K)->163063K(559104K)
[276.933s][info][gc,heap        ] GC(381) ParOldGen: 10239904K(10240000K)->10239904K(10240000K)
[276.933s][info][gc,metaspace   ] GC(381) Metaspace: 6302K(6528K)->6302K(6528K) NonClass: 5769K(5888K)->5769K(5888K) Class: 533K(640K)->533K(640K)
[276.933s][info][gc             ] GC(381) Pause Full (Ergonomics) 10353M->10353M(10740M) 3098.545ms
[276.933s][info][gc,cpu         ] GC(381) User=23.89s Sys=0.02s Real=3.10s
[276.933s][info][gc,start       ] GC(382) Pause Full (Ergonomics)
[276.933s][info][gc,phases,start] GC(382) Marking Phase
[279.347s][info][gc,phases      ] GC(382) Marking Phase 2414.470ms
[279.347s][info][gc,phases,start] GC(382) Summary Phase
[279.348s][info][gc,phases      ] GC(382) Summary Phase 0.176ms
[279.348s][info][gc,phases,start] GC(382) Adjust Roots
[279.348s][info][gc,phases      ] GC(382) Adjust Roots 0.254ms
[279.348s][info][gc,phases,start] GC(382) Compaction Phase
[280.021s][info][gc,phases      ] GC(382) Compaction Phase 672.895ms
[280.021s][info][gc,phases,start] GC(382) Post Compact
[280.037s][info][gc,phases      ] GC(382) Post Compact 15.984ms
[280.037s][info][gc,heap        ] GC(382) PSYoungGen: 361719K(757760K)->361719K(757760K) Eden: 198656K(198656K)->198656K(198656K) From: 163063K(559104K)->163063K(559104K)
[280.037s][info][gc,heap        ] GC(382) ParOldGen: 10239909K(10240000K)->10239909K(10240000K)
[280.037s][info][gc,metaspace   ] GC(382) Metaspace: 6302K(6528K)->6302K(6528K) NonClass: 5769K(5888K)->5769K(5888K) Class: 533K(640K)->533K(640K)
[280.037s][info][gc             ] GC(382) Pause Full (Ergonomics) 10353M->10353M(10740M) 3104.178ms
[280.037s][info][gc,cpu         ] GC(382) User=23.91s Sys=0.00s Real=3.10s
[280.037s][info][gc,start       ] GC(383) Pause Full (Ergonomics)
[280.037s][info][gc,phases,start] GC(383) Marking Phase
[282.439s][info][gc,phases      ] GC(383) Marking Phase 2401.282ms
[282.439s][info][gc,phases,start] GC(383) Summary Phase
[282.439s][info][gc,phases      ] GC(383) Summary Phase 0.100ms
[282.439s][info][gc,phases,start] GC(383) Adjust Roots
[282.439s][info][gc,phases      ] GC(383) Adjust Roots 0.171ms
[282.439s][info][gc,phases,start] GC(383) Compaction Phase
[283.110s][info][gc,phases      ] GC(383) Compaction Phase 671.232ms
[283.110s][info][gc,phases,start] GC(383) Post Compact
[283.126s][info][gc,phases      ] GC(383) Post Compact 16.181ms
[283.127s][info][gc,heap        ] GC(383) PSYoungGen: 361719K(757760K)->361719K(757760K) Eden: 198656K(198656K)->198656K(198656K) From: 163063K(559104K)->163063K(559104K)
[283.127s][info][gc,heap        ] GC(383) ParOldGen: 10239913K(10240000K)->10239913K(10240000K)
[283.127s][info][gc,metaspace   ] GC(383) Metaspace: 6302K(6528K)->6302K(6528K) NonClass: 5769K(5888K)->5769K(5888K) Class: 533K(640K)->533K(640K)
[283.127s][info][gc             ] GC(383) Pause Full (Ergonomics) 10353M->10353M(10740M) 3089.337ms
[283.127s][info][gc,cpu         ] GC(383) User=23.52s Sys=0.00s Real=3.09s
[283.127s][info][gc,start       ] GC(384) Pause Full (Ergonomics)
[283.127s][info][gc,phases,start] GC(384) Marking Phase
[285.501s][info][gc,phases      ] GC(384) Marking Phase 2373.976ms
[285.501s][info][gc,phases,start] GC(384) Summary Phase
[285.501s][info][gc,phases      ] GC(384) Summary Phase 0.098ms
[285.501s][info][gc,phases,start] GC(384) Adjust Roots
[285.501s][info][gc,phases      ] GC(384) Adjust Roots 0.165ms
[285.501s][info][gc,phases,start] GC(384) Compaction Phase
[286.164s][info][gc,phases      ] GC(384) Compaction Phase 663.052ms
[286.164s][info][gc,phases,start] GC(384) Post Compact
[286.180s][info][gc,phases      ] GC(384) Post Compact 15.806ms
[286.180s][info][gc,heap        ] GC(384) PSYoungGen: 361719K(757760K)->361719K(757760K) Eden: 198656K(198656K)->198656K(198656K) From: 163063K(559104K)->163063K(559104K)
[286.180s][info][gc,heap        ] GC(384) ParOldGen: 10239918K(10240000K)->10239918K(10240000K)
[286.180s][info][gc,metaspace   ] GC(384) Metaspace: 6302K(6528K)->6302K(6528K) NonClass: 5769K(5888K)->5769K(5888K) Class: 533K(640K)->533K(640K)
[286.180s][info][gc             ] GC(384) Pause Full (Ergonomics) 10353M->10353M(10740M) 3053.465ms
[286.180s][info][gc,cpu         ] GC(384) User=23.64s Sys=0.02s Real=3.05s
[286.180s][info][gc,start       ] GC(385) Pause Full (Ergonomics)
[286.180s][info][gc,phases,start] GC(385) Marking Phase
[288.581s][info][gc,phases      ] GC(385) Marking Phase 2400.865ms
[288.581s][info][gc,phases,start] GC(385) Summary Phase
[288.582s][info][gc,phases      ] GC(385) Summary Phase 0.102ms
[288.582s][info][gc,phases,start] GC(385) Adjust Roots
[288.582s][info][gc,phases      ] GC(385) Adjust Roots 0.171ms
[288.582s][info][gc,phases,start] GC(385) Compaction Phase
[289.257s][info][gc,phases      ] GC(385) Compaction Phase 674.897ms
[289.257s][info][gc,phases,start] GC(385) Post Compact
[289.273s][info][gc,phases      ] GC(385) Post Compact 16.776ms
[289.274s][info][gc,heap        ] GC(385) PSYoungGen: 361719K(757760K)->361719K(757760K) Eden: 198656K(198656K)->198656K(198656K) From: 163063K(559104K)->163063K(559104K)
[289.274s][info][gc,heap        ] GC(385) ParOldGen: 10239923K(10240000K)->10239923K(10240000K)
[289.274s][info][gc,metaspace   ] GC(385) Metaspace: 6302K(6528K)->6302K(6528K) NonClass: 5769K(5888K)->5769K(5888K) Class: 533K(640K)->533K(640K)
[289.274s][info][gc             ] GC(385) Pause Full (Ergonomics) 10353M->10353M(10740M) 3093.164ms
[289.274s][info][gc,cpu         ] GC(385) User=23.66s Sys=0.00s Real=3.09s
[289.274s][info][gc,start       ] GC(386) Pause Full (Ergonomics)
[289.274s][info][gc,phases,start] GC(386) Marking Phase
[291.656s][info][gc,phases      ] GC(386) Marking Phase 2381.939ms
[291.656s][info][gc,phases,start] GC(386) Summary Phase
[291.656s][info][gc,phases      ] GC(386) Summary Phase 0.138ms
[291.656s][info][gc,phases,start] GC(386) Adjust Roots
[291.656s][info][gc,phases      ] GC(386) Adjust Roots 0.252ms
[291.656s][info][gc,phases,start] GC(386) Compaction Phase
[292.330s][info][gc,phases      ] GC(386) Compaction Phase 673.452ms
[292.330s][info][gc,phases,start] GC(386) Post Compact
[292.346s][info][gc,phases      ] GC(386) Post Compact 15.905ms
[292.346s][info][gc,heap        ] GC(386) PSYoungGen: 361719K(757760K)->361719K(757760K) Eden: 198656K(198656K)->198656K(198656K) From: 163063K(559104K)->163063K(559104K)
[292.346s][info][gc,heap        ] GC(386) ParOldGen: 10239928K(10240000K)->10239928K(10240000K)
[292.346s][info][gc,metaspace   ] GC(386) Metaspace: 6302K(6528K)->6302K(6528K) NonClass: 5769K(5888K)->5769K(5888K) Class: 533K(640K)->533K(640K)
[292.346s][info][gc             ] GC(386) Pause Full (Ergonomics) 10353M->10353M(10740M) 3072.064ms
[292.346s][info][gc,cpu         ] GC(386) User=23.36s Sys=0.02s Real=3.07s
[292.346s][info][gc,start       ] GC(387) Pause Full (Ergonomics)
[292.346s][info][gc,phases,start] GC(387) Marking Phase
[294.759s][info][gc,phases      ] GC(387) Marking Phase 2412.494ms
[294.759s][info][gc,phases,start] GC(387) Summary Phase
[294.759s][info][gc,phases      ] GC(387) Summary Phase 0.104ms
[294.759s][info][gc,phases,start] GC(387) Adjust Roots
[294.759s][info][gc,phases      ] GC(387) Adjust Roots 0.173ms
[294.759s][info][gc,phases,start] GC(387) Compaction Phase
[295.427s][info][gc,phases      ] GC(387) Compaction Phase 667.953ms
[295.427s][info][gc,phases,start] GC(387) Post Compact
[295.443s][info][gc,phases      ] GC(387) Post Compact 15.929ms
[295.443s][info][gc,heap        ] GC(387) PSYoungGen: 361719K(757760K)->361719K(757760K) Eden: 198656K(198656K)->198656K(198656K) From: 163063K(559104K)->163063K(559104K)
[295.443s][info][gc,heap        ] GC(387) ParOldGen: 10239933K(10240000K)->10239933K(10240000K)
[295.443s][info][gc,metaspace   ] GC(387) Metaspace: 6302K(6528K)->6302K(6528K) NonClass: 5769K(5888K)->5769K(5888K) Class: 533K(640K)->533K(640K)
[295.443s][info][gc             ] GC(387) Pause Full (Ergonomics) 10353M->10353M(10740M) 3097.041ms
[295.443s][info][gc,cpu         ] GC(387) User=23.81s Sys=0.00s Real=3.10s
[295.443s][info][gc,start       ] GC(388) Pause Full (Ergonomics)
[295.443s][info][gc,phases,start] GC(388) Marking Phase
[297.848s][info][gc,phases      ] GC(388) Marking Phase 2404.109ms
[297.848s][info][gc,phases,start] GC(388) Summary Phase
[297.848s][info][gc,phases      ] GC(388) Summary Phase 0.098ms
[297.848s][info][gc,phases,start] GC(388) Adjust Roots
[297.848s][info][gc,phases      ] GC(388) Adjust Roots 0.168ms
[297.848s][info][gc,phases,start] GC(388) Compaction Phase
[298.518s][info][gc,phases      ] GC(388) Compaction Phase 670.183ms
[298.518s][info][gc,phases,start] GC(388) Post Compact
[298.534s][info][gc,phases      ] GC(388) Post Compact 15.773ms
[298.534s][info][gc,heap        ] GC(388) PSYoungGen: 361719K(757760K)->361719K(757760K) Eden: 198656K(198656K)->198656K(198656K) From: 163063K(559104K)->163063K(559104K)
[298.534s][info][gc,heap        ] GC(388) ParOldGen: 10239938K(10240000K)->10239938K(10240000K)
[298.534s][info][gc,metaspace   ] GC(388) Metaspace: 6302K(6528K)->6302K(6528K) NonClass: 5769K(5888K)->5769K(5888K) Class: 533K(640K)->533K(640K)
[298.534s][info][gc             ] GC(388) Pause Full (Ergonomics) 10353M->10353M(10740M) 3090.662ms
[298.534s][info][gc,cpu         ] GC(388) User=23.75s Sys=0.02s Real=3.09s
[298.534s][info][gc,start       ] GC(389) Pause Full (Ergonomics)
[298.534s][info][gc,phases,start] GC(389) Marking Phase
[300.897s][info][gc,phases      ] GC(389) Marking Phase 2362.306ms
[300.897s][info][gc,phases,start] GC(389) Summary Phase
[300.897s][info][gc,phases      ] GC(389) Summary Phase 0.097ms
[300.897s][info][gc,phases,start] GC(389) Adjust Roots
[300.897s][info][gc,phases      ] GC(389) Adjust Roots 0.170ms
[300.897s][info][gc,phases,start] GC(389) Compaction Phase
[301.564s][info][gc,phases      ] GC(389) Compaction Phase 667.065ms
[301.564s][info][gc,phases,start] GC(389) Post Compact
[301.581s][info][gc,phases      ] GC(389) Post Compact 16.541ms
[301.581s][info][gc,heap        ] GC(389) PSYoungGen: 361719K(757760K)->361719K(757760K) Eden: 198656K(198656K)->198656K(198656K) From: 163063K(559104K)->163063K(559104K)
[301.581s][info][gc,heap        ] GC(389) ParOldGen: 10239942K(10240000K)->10239942K(10240000K)
[301.581s][info][gc,metaspace   ] GC(389) Metaspace: 6302K(6528K)->6302K(6528K) NonClass: 5769K(5888K)->5769K(5888K) Class: 533K(640K)->533K(640K)
[301.581s][info][gc             ] GC(389) Pause Full (Ergonomics) 10353M->10353M(10740M) 3046.522ms
[301.581s][info][gc,cpu         ] GC(389) User=23.38s Sys=0.00s Real=3.05s
[301.581s][info][gc,start       ] GC(390) Pause Full (Ergonomics)
[301.581s][info][gc,phases,start] GC(390) Marking Phase
[303.992s][info][gc,phases      ] GC(390) Marking Phase 2410.905ms
[303.992s][info][gc,phases,start] GC(390) Summary Phase
[303.992s][info][gc,phases      ] GC(390) Summary Phase 0.100ms
[303.992s][info][gc,phases,start] GC(390) Adjust Roots
[303.992s][info][gc,phases      ] GC(390) Adjust Roots 0.166ms
[303.992s][info][gc,phases,start] GC(390) Compaction Phase
[304.672s][info][gc,phases      ] GC(390) Compaction Phase 679.255ms
[304.672s][info][gc,phases,start] GC(390) Post Compact
[304.688s][info][gc,phases      ] GC(390) Post Compact 16.027ms
[304.688s][info][gc,heap        ] GC(390) PSYoungGen: 361719K(757760K)->361719K(757760K) Eden: 198656K(198656K)->198656K(198656K) From: 163063K(559104K)->163063K(559104K)
[304.688s][info][gc,heap        ] GC(390) ParOldGen: 10239947K(10240000K)->10239947K(10240000K)
[304.688s][info][gc,metaspace   ] GC(390) Metaspace: 6302K(6528K)->6302K(6528K) NonClass: 5769K(5888K)->5769K(5888K) Class: 533K(640K)->533K(640K)
[304.688s][info][gc             ] GC(390) Pause Full (Ergonomics) 10353M->10353M(10740M) 3106.807ms
[304.688s][info][gc,cpu         ] GC(390) User=23.86s Sys=0.00s Real=3.11s
[304.688s][info][gc,start       ] GC(391) Pause Full (Ergonomics)
[304.688s][info][gc,phases,start] GC(391) Marking Phase
[307.114s][info][gc,phases      ] GC(391) Marking Phase 2426.380ms
[307.115s][info][gc,phases,start] GC(391) Summary Phase
[307.115s][info][gc,phases      ] GC(391) Summary Phase 0.146ms
[307.115s][info][gc,phases,start] GC(391) Adjust Roots
[307.115s][info][gc,phases      ] GC(391) Adjust Roots 0.244ms
[307.115s][info][gc,phases,start] GC(391) Compaction Phase
[307.783s][info][gc,phases      ] GC(391) Compaction Phase 667.494ms
[307.783s][info][gc,phases,start] GC(391) Post Compact
[307.799s][info][gc,phases      ] GC(391) Post Compact 16.064ms
[307.799s][info][gc,heap        ] GC(391) PSYoungGen: 361719K(757760K)->361719K(757760K) Eden: 198656K(198656K)->198656K(198656K) From: 163063K(559104K)->163063K(559104K)
[307.799s][info][gc,heap        ] GC(391) ParOldGen: 10239952K(10240000K)->10239952K(10240000K)
[307.799s][info][gc,metaspace   ] GC(391) Metaspace: 6302K(6528K)->6302K(6528K) NonClass: 5769K(5888K)->5769K(5888K) Class: 533K(640K)->533K(640K)
[307.799s][info][gc             ] GC(391) Pause Full (Ergonomics) 10353M->10353M(10740M) 3110.720ms
[307.799s][info][gc,cpu         ] GC(391) User=23.73s Sys=0.03s Real=3.11s
[307.799s][info][gc,start       ] GC(392) Pause Full (Ergonomics)
[307.799s][info][gc,phases,start] GC(392) Marking Phase
[310.172s][info][gc,phases      ] GC(392) Marking Phase 2372.615ms
[310.172s][info][gc,phases,start] GC(392) Summary Phase
[310.172s][info][gc,phases      ] GC(392) Summary Phase 0.105ms
[310.172s][info][gc,phases,start] GC(392) Adjust Roots
[310.172s][info][gc,phases      ] GC(392) Adjust Roots 0.205ms
[310.172s][info][gc,phases,start] GC(392) Compaction Phase
[310.844s][info][gc,phases      ] GC(392) Compaction Phase 671.849ms
[310.844s][info][gc,phases,start] GC(392) Post Compact
[310.860s][info][gc,phases      ] GC(392) Post Compact 16.097ms
[310.860s][info][gc,heap        ] GC(392) PSYoungGen: 361719K(757760K)->361719K(757760K) Eden: 198656K(198656K)->198656K(198656K) From: 163063K(559104K)->163063K(559104K)
[310.860s][info][gc,heap        ] GC(392) ParOldGen: 10239957K(10240000K)->10239957K(10240000K)
[310.860s][info][gc,metaspace   ] GC(392) Metaspace: 6302K(6528K)->6302K(6528K) NonClass: 5769K(5888K)->5769K(5888K) Class: 533K(640K)->533K(640K)
[310.860s][info][gc             ] GC(392) Pause Full (Ergonomics) 10353M->10353M(10740M) 3061.225ms
[310.860s][info][gc,cpu         ] GC(392) User=23.59s Sys=0.02s Real=3.06s
[310.860s][info][gc,start       ] GC(393) Pause Full (Ergonomics)
[310.860s][info][gc,phases,start] GC(393) Marking Phase
[313.271s][info][gc,phases      ] GC(393) Marking Phase 2410.243ms
[313.271s][info][gc,phases,start] GC(393) Summary Phase
[313.271s][info][gc,phases      ] GC(393) Summary Phase 0.104ms
[313.271s][info][gc,phases,start] GC(393) Adjust Roots
[313.271s][info][gc,phases      ] GC(393) Adjust Roots 0.227ms
[313.271s][info][gc,phases,start] GC(393) Compaction Phase
[313.936s][info][gc,phases      ] GC(393) Compaction Phase 665.013ms
[313.936s][info][gc,phases,start] GC(393) Post Compact
[313.952s][info][gc,phases      ] GC(393) Post Compact 16.166ms
[313.952s][info][gc,heap        ] GC(393) PSYoungGen: 361719K(757760K)->361719K(757760K) Eden: 198656K(198656K)->198656K(198656K) From: 163063K(559104K)->163063K(559104K)
[313.952s][info][gc,heap        ] GC(393) ParOldGen: 10239962K(10240000K)->10239962K(10240000K)
[313.953s][info][gc,metaspace   ] GC(393) Metaspace: 6302K(6528K)->6302K(6528K) NonClass: 5769K(5888K)->5769K(5888K) Class: 533K(640K)->533K(640K)
[313.953s][info][gc             ] GC(393) Pause Full (Ergonomics) 10353M->10353M(10740M) 3092.090ms
[313.953s][info][gc,cpu         ] GC(393) User=23.67s Sys=0.00s Real=3.09s
[313.953s][info][gc,start       ] GC(394) Pause Full (Ergonomics)
[313.953s][info][gc,phases,start] GC(394) Marking Phase
[316.351s][info][gc,phases      ] GC(394) Marking Phase 2397.980ms
[316.351s][info][gc,phases,start] GC(394) Summary Phase
[316.351s][info][gc,phases      ] GC(394) Summary Phase 0.100ms
[316.351s][info][gc,phases,start] GC(394) Adjust Roots
[316.351s][info][gc,phases      ] GC(394) Adjust Roots 0.177ms
[316.351s][info][gc,phases,start] GC(394) Compaction Phase
[317.020s][info][gc,phases      ] GC(394) Compaction Phase 668.978ms
[317.020s][info][gc,phases,start] GC(394) Post Compact
[317.036s][info][gc,phases      ] GC(394) Post Compact 15.981ms
[317.036s][info][gc,heap        ] GC(394) PSYoungGen: 361719K(757760K)->361719K(757760K) Eden: 198656K(198656K)->198656K(198656K) From: 163063K(559104K)->163063K(559104K)
[317.036s][info][gc,heap        ] GC(394) ParOldGen: 10239967K(10240000K)->10239967K(10240000K)
[317.036s][info][gc,metaspace   ] GC(394) Metaspace: 6302K(6528K)->6302K(6528K) NonClass: 5769K(5888K)->5769K(5888K) Class: 533K(640K)->533K(640K)
[317.036s][info][gc             ] GC(394) Pause Full (Ergonomics) 10353M->10353M(10740M) 3083.584ms
[317.036s][info][gc,cpu         ] GC(394) User=23.73s Sys=0.00s Real=3.08s
[317.037s][info][gc,start       ] GC(395) Pause Full (Ergonomics)
[317.037s][info][gc,phases,start] GC(395) Marking Phase
[319.388s][info][gc,phases      ] GC(395) Marking Phase 2351.260ms
[319.388s][info][gc,phases,start] GC(395) Summary Phase
[319.388s][info][gc,phases      ] GC(395) Summary Phase 0.099ms
[319.388s][info][gc,phases,start] GC(395) Adjust Roots
[319.388s][info][gc,phases      ] GC(395) Adjust Roots 0.166ms
[319.388s][info][gc,phases,start] GC(395) Compaction Phase
[320.053s][info][gc,phases      ] GC(395) Compaction Phase 665.284ms
[320.054s][info][gc,phases,start] GC(395) Post Compact
[320.070s][info][gc,phases      ] GC(395) Post Compact 15.983ms
[320.070s][info][gc,heap        ] GC(395) PSYoungGen: 361719K(757760K)->361719K(757760K) Eden: 198656K(198656K)->198656K(198656K) From: 163063K(559104K)->163063K(559104K)
[320.070s][info][gc,heap        ] GC(395) ParOldGen: 10239971K(10240000K)->10239971K(10240000K)
[320.070s][info][gc,metaspace   ] GC(395) Metaspace: 6302K(6528K)->6302K(6528K) NonClass: 5769K(5888K)->5769K(5888K) Class: 533K(640K)->533K(640K)
[320.070s][info][gc             ] GC(395) Pause Full (Ergonomics) 10353M->10353M(10740M) 3033.117ms
[320.070s][info][gc,cpu         ] GC(395) User=23.27s Sys=0.02s Real=3.03s
[320.070s][info][gc,start       ] GC(396) Pause Full (Ergonomics)
[320.070s][info][gc,phases,start] GC(396) Marking Phase
[322.476s][info][gc,phases      ] GC(396) Marking Phase 2406.388ms
[322.476s][info][gc,phases,start] GC(396) Summary Phase
[322.476s][info][gc,phases      ] GC(396) Summary Phase 0.097ms
[322.477s][info][gc,phases,start] GC(396) Adjust Roots
[322.477s][info][gc,phases      ] GC(396) Adjust Roots 0.173ms
[322.477s][info][gc,phases,start] GC(396) Compaction Phase
[323.151s][info][gc,phases      ] GC(396) Compaction Phase 673.856ms
[323.151s][info][gc,phases,start] GC(396) Post Compact
[323.167s][info][gc,phases      ] GC(396) Post Compact 15.982ms
[323.167s][info][gc,heap        ] GC(396) PSYoungGen: 361719K(757760K)->361719K(757760K) Eden: 198656K(198656K)->198656K(198656K) From: 163063K(559104K)->163063K(559104K)
[323.167s][info][gc,heap        ] GC(396) ParOldGen: 10239976K(10240000K)->10239976K(10240000K)
[323.167s][info][gc,metaspace   ] GC(396) Metaspace: 6302K(6528K)->6302K(6528K) NonClass: 5769K(5888K)->5769K(5888K) Class: 533K(640K)->533K(640K)
[323.167s][info][gc             ] GC(396) Pause Full (Ergonomics) 10353M->10353M(10740M) 3096.870ms
[323.167s][info][gc,cpu         ] GC(396) User=23.75s Sys=0.00s Real=3.10s
[323.167s][info][gc,start       ] GC(397) Pause Full (Ergonomics)
[323.167s][info][gc,phases,start] GC(397) Marking Phase
[325.574s][info][gc,phases      ] GC(397) Marking Phase 2406.828ms
[325.574s][info][gc,phases,start] GC(397) Summary Phase
[325.574s][info][gc,phases      ] GC(397) Summary Phase 0.102ms
[325.574s][info][gc,phases,start] GC(397) Adjust Roots
[325.574s][info][gc,phases      ] GC(397) Adjust Roots 0.200ms
[325.574s][info][gc,phases,start] GC(397) Compaction Phase
[326.242s][info][gc,phases      ] GC(397) Compaction Phase 667.673ms
[326.242s][info][gc,phases,start] GC(397) Post Compact
[326.258s][info][gc,phases      ] GC(397) Post Compact 16.247ms
[326.258s][info][gc,heap        ] GC(397) PSYoungGen: 361719K(757760K)->361719K(757760K) Eden: 198656K(198656K)->198656K(198656K) From: 163063K(559104K)->163063K(559104K)
[326.258s][info][gc,heap        ] GC(397) ParOldGen: 10239981K(10240000K)->10239981K(10240000K)
[326.258s][info][gc,metaspace   ] GC(397) Metaspace: 6302K(6528K)->6302K(6528K) NonClass: 5769K(5888K)->5769K(5888K) Class: 533K(640K)->533K(640K)
[326.258s][info][gc             ] GC(397) Pause Full (Ergonomics) 10353M->10353M(10740M) 3091.419ms
[326.258s][info][gc,cpu         ] GC(397) User=23.89s Sys=0.00s Real=3.09s
[326.259s][info][gc,start       ] GC(398) Pause Full (Ergonomics)
[326.259s][info][gc,phases,start] GC(398) Marking Phase
[328.657s][info][gc,phases      ] GC(398) Marking Phase 2398.096ms
[328.657s][info][gc,phases,start] GC(398) Summary Phase
[328.657s][info][gc,phases      ] GC(398) Summary Phase 0.139ms
[328.657s][info][gc,phases,start] GC(398) Adjust Roots
[328.657s][info][gc,phases      ] GC(398) Adjust Roots 0.213ms
[328.657s][info][gc,phases,start] GC(398) Compaction Phase
[329.333s][info][gc,phases      ] GC(398) Compaction Phase 675.866ms
[329.333s][info][gc,phases,start] GC(398) Post Compact
[329.350s][info][gc,phases      ] GC(398) Post Compact 16.412ms
[329.350s][info][gc,heap        ] GC(398) PSYoungGen: 361719K(757760K)->361719K(757760K) Eden: 198656K(198656K)->198656K(198656K) From: 163063K(559104K)->163063K(559104K)
[329.350s][info][gc,heap        ] GC(398) ParOldGen: 10239986K(10240000K)->10239986K(10240000K)
[329.350s][info][gc,metaspace   ] GC(398) Metaspace: 6302K(6528K)->6302K(6528K) NonClass: 5769K(5888K)->5769K(5888K) Class: 533K(640K)->533K(640K)
[329.350s][info][gc             ] GC(398) Pause Full (Ergonomics) 10353M->10353M(10740M) 3091.084ms
[329.350s][info][gc,cpu         ] GC(398) User=23.48s Sys=0.03s Real=3.09s
[329.350s][info][gc,start       ] GC(399) Pause Full (Ergonomics)
[329.350s][info][gc,phases,start] GC(399) Marking Phase
[331.873s][info][gc,phases      ] GC(399) Marking Phase 2522.625ms
[331.873s][info][gc,phases,start] GC(399) Summary Phase
[331.873s][info][gc,phases      ] GC(399) Summary Phase 0.112ms
[331.873s][info][gc,phases,start] GC(399) Adjust Roots
[331.873s][info][gc,phases      ] GC(399) Adjust Roots 0.229ms
[331.873s][info][gc,phases,start] GC(399) Compaction Phase
[332.575s][info][gc,phases      ] GC(399) Compaction Phase 702.046ms
[332.575s][info][gc,phases,start] GC(399) Post Compact
[332.601s][info][gc,phases      ] GC(399) Post Compact 25.996ms
[332.601s][info][gc,heap        ] GC(399) PSYoungGen: 361719K(757760K)->361719K(757760K) Eden: 198656K(198656K)->198656K(198656K) From: 163063K(559104K)->163063K(559104K)
[332.601s][info][gc,heap        ] GC(399) ParOldGen: 10239991K(10240000K)->10239991K(10240000K)
[332.601s][info][gc,metaspace   ] GC(399) Metaspace: 6302K(6528K)->6302K(6528K) NonClass: 5769K(5888K)->5769K(5888K) Class: 533K(640K)->533K(640K)
[332.601s][info][gc             ] GC(399) Pause Full (Ergonomics) 10353M->10353M(10740M) 3251.370ms
[332.601s][info][gc,cpu         ] GC(399) User=23.56s Sys=0.00s Real=3.25s
[332.602s][info][gc,start       ] GC(400) Pause Full (Ergonomics)
[332.602s][info][gc,phases,start] GC(400) Marking Phase
[335.108s][info][gc,phases      ] GC(400) Marking Phase 2506.132ms
[335.108s][info][gc,phases,start] GC(400) Summary Phase
[335.108s][info][gc,phases      ] GC(400) Summary Phase 0.113ms
[335.108s][info][gc,phases,start] GC(400) Adjust Roots
[335.108s][info][gc,phases      ] GC(400) Adjust Roots 0.270ms
[335.108s][info][gc,phases,start] GC(400) Compaction Phase
[335.877s][info][gc,phases      ] GC(400) Compaction Phase 768.847ms
[335.877s][info][gc,phases,start] GC(400) Post Compact
[335.901s][info][gc,phases      ] GC(400) Post Compact 24.151ms
[335.901s][info][gc,heap        ] GC(400) PSYoungGen: 361719K(757760K)->361719K(757760K) Eden: 198656K(198656K)->198656K(198656K) From: 163063K(559104K)->163063K(559104K)
[335.901s][info][gc,heap        ] GC(400) ParOldGen: 10239996K(10240000K)->10239996K(10240000K)
[335.901s][info][gc,metaspace   ] GC(400) Metaspace: 6302K(6528K)->6302K(6528K) NonClass: 5769K(5888K)->5769K(5888K) Class: 533K(640K)->533K(640K)
[335.901s][info][gc             ] GC(400) Pause Full (Ergonomics) 10353M->10353M(10740M) 3299.895ms
[335.901s][info][gc,cpu         ] GC(400) User=23.39s Sys=0.03s Real=3.30s
[335.902s][info][gc,start       ] GC(401) Pause Full (Ergonomics)
[335.902s][info][gc,phases,start] GC(401) Marking Phase
[338.309s][info][gc,phases      ] GC(401) Marking Phase 2407.059ms
[338.309s][info][gc,phases,start] GC(401) Summary Phase
[338.309s][info][gc,phases      ] GC(401) Summary Phase 0.125ms
[338.309s][info][gc,phases,start] GC(401) Adjust Roots
[338.309s][info][gc,phases      ] GC(401) Adjust Roots 0.172ms
[338.309s][info][gc,phases,start] GC(401) Compaction Phase
[339.004s][info][gc,phases      ] GC(401) Compaction Phase 695.142ms
[339.004s][info][gc,phases,start] GC(401) Post Compact
[339.023s][info][gc,phases      ] GC(401) Post Compact 18.367ms
[339.023s][info][gc,heap        ] GC(401) PSYoungGen: 361719K(757760K)->361719K(757760K) Eden: 198656K(198656K)->198656K(198656K) From: 163063K(559104K)->163063K(559104K)
[339.023s][info][gc,heap        ] GC(401) ParOldGen: 10239999K(10240000K)->10239999K(10240000K)
[339.023s][info][gc,metaspace   ] GC(401) Metaspace: 6302K(6528K)->6302K(6528K) NonClass: 5769K(5888K)->5769K(5888K) Class: 533K(640K)->533K(640K)
[339.023s][info][gc             ] GC(401) Pause Full (Ergonomics) 10353M->10353M(10740M) 3121.238ms
[339.023s][info][gc,cpu         ] GC(401) User=23.91s Sys=0.00s Real=3.12s
[339.023s][info][gc,start       ] GC(402) Pause Full (Allocation Failure)
[339.023s][info][gc,phases,start] GC(402) Marking Phase
[341.478s][info][gc,phases      ] GC(402) Marking Phase 2454.815ms
[341.478s][info][gc,phases,start] GC(402) Summary Phase
[341.478s][info][gc,phases      ] GC(402) Summary Phase 0.104ms
[341.478s][info][gc,phases,start] GC(402) Adjust Roots
[341.478s][info][gc,phases      ] GC(402) Adjust Roots 0.413ms
[341.478s][info][gc,phases,start] GC(402) Compaction Phase
[344.085s][info][gc,phases      ] GC(402) Compaction Phase 2606.670ms
[344.085s][info][gc,phases,start] GC(402) Post Compact
[344.104s][info][gc,phases      ] GC(402) Post Compact 18.838ms
[344.104s][info][gc,heap        ] GC(402) PSYoungGen: 361719K(757760K)->361719K(757760K) Eden: 198656K(198656K)->198656K(198656K) From: 163063K(559104K)->163063K(559104K)
[344.104s][info][gc,heap        ] GC(402) ParOldGen: 10239999K(10240000K)->10239995K(10240000K)
[344.104s][info][gc,metaspace   ] GC(402) Metaspace: 6302K(6528K)->6301K(6528K) NonClass: 5769K(5888K)->5768K(5888K) Class: 533K(640K)->532K(640K)
[344.104s][info][gc             ] GC(402) Pause Full (Allocation Failure) 10353M->10353M(10740M) 5081.207ms
[344.104s][info][gc,cpu         ] GC(402) User=37.42s Sys=0.06s Real=5.08s
[344.105s][info][gc,start       ] GC(403) Pause Full (Ergonomics)
[344.105s][info][gc,phases,start] GC(403) Marking Phase
[346.628s][info][gc,phases      ] GC(403) Marking Phase 2522.855ms
[346.628s][info][gc,phases,start] GC(403) Summary Phase
[346.628s][info][gc,phases      ] GC(403) Summary Phase 0.118ms
[346.628s][info][gc,phases,start] GC(403) Adjust Roots
[346.628s][info][gc,phases      ] GC(403) Adjust Roots 0.218ms
[346.628s][info][gc,phases,start] GC(403) Compaction Phase
[347.308s][info][gc,phases      ] GC(403) Compaction Phase 679.955ms
[347.308s][info][gc,phases,start] GC(403) Post Compact
[347.327s][info][gc,phases      ] GC(403) Post Compact 19.175ms
[347.327s][info][gc,heap        ] GC(403) PSYoungGen: 361719K(757760K)->361719K(757760K) Eden: 198656K(198656K)->198656K(198656K) From: 163063K(559104K)->163063K(559104K)
[347.327s][info][gc,heap        ] GC(403) ParOldGen: 10239996K(10240000K)->10239996K(10240000K)
[347.327s][info][gc,metaspace   ] GC(403) Metaspace: 6301K(6528K)->6301K(6528K) NonClass: 5768K(5888K)->5768K(5888K) Class: 532K(640K)->532K(640K)
[347.327s][info][gc             ] GC(403) Pause Full (Ergonomics) 10353M->10353M(10740M) 3222.681ms
[347.327s][info][gc,cpu         ] GC(403) User=23.41s Sys=0.03s Real=3.22s
[347.328s][info][gc,start       ] GC(404) Pause Full (Ergonomics)
[347.328s][info][gc,phases,start] GC(404) Marking Phase
[349.748s][info][gc,phases      ] GC(404) Marking Phase 2420.067ms
[349.748s][info][gc,phases,start] GC(404) Summary Phase
[349.748s][info][gc,phases      ] GC(404) Summary Phase 0.107ms
[349.748s][info][gc,phases,start] GC(404) Adjust Roots
[349.748s][info][gc,phases      ] GC(404) Adjust Roots 0.170ms
[349.748s][info][gc,phases,start] GC(404) Compaction Phase
[350.412s][info][gc,phases      ] GC(404) Compaction Phase 664.273ms
[350.412s][info][gc,phases,start] GC(404) Post Compact
[350.428s][info][gc,phases      ] GC(404) Post Compact 15.812ms
[350.428s][info][gc,heap        ] GC(404) PSYoungGen: 361719K(757760K)->361719K(757760K) Eden: 198656K(198656K)->198656K(198656K) From: 163063K(559104K)->163063K(559104K)
[350.428s][info][gc,heap        ] GC(404) ParOldGen: 10239999K(10240000K)->10239999K(10240000K)
[350.428s][info][gc,metaspace   ] GC(404) Metaspace: 6301K(6528K)->6301K(6528K) NonClass: 5768K(5888K)->5768K(5888K) Class: 532K(640K)->532K(640K)
[350.428s][info][gc             ] GC(404) Pause Full (Ergonomics) 10353M->10353M(10740M) 3100.782ms
[350.428s][info][gc,cpu         ] GC(404) User=23.94s Sys=0.00s Real=3.10s
[350.428s][info][gc,start       ] GC(405) Pause Full (Allocation Failure)
[350.429s][info][gc,phases,start] GC(405) Marking Phase
[352.842s][info][gc,phases      ] GC(405) Marking Phase 2413.919ms
[352.842s][info][gc,phases,start] GC(405) Summary Phase
[352.843s][info][gc,phases      ] GC(405) Summary Phase 0.108ms
[352.843s][info][gc,phases,start] GC(405) Adjust Roots
[352.843s][info][gc,phases      ] GC(405) Adjust Roots 0.179ms
[352.843s][info][gc,phases,start] GC(405) Compaction Phase
[353.527s][info][gc,phases      ] GC(405) Compaction Phase 684.068ms
[353.527s][info][gc,phases,start] GC(405) Post Compact
[353.547s][info][gc,phases      ] GC(405) Post Compact 19.550ms
[353.547s][info][gc,heap        ] GC(405) PSYoungGen: 361719K(757760K)->361719K(757760K) Eden: 198656K(198656K)->198656K(198656K) From: 163063K(559104K)->163063K(559104K)
[353.547s][info][gc,heap        ] GC(405) ParOldGen: 10239999K(10240000K)->10239999K(10240000K)
[353.547s][info][gc,metaspace   ] GC(405) Metaspace: 6301K(6528K)->6301K(6528K) NonClass: 5768K(5888K)->5768K(5888K) Class: 532K(640K)->532K(640K)
[353.547s][info][gc             ] GC(405) Pause Full (Allocation Failure) 10353M->10353M(10740M) 3118.187ms
[353.547s][info][gc,cpu         ] GC(405) User=23.59s Sys=0.06s Real=3.12s
[353.547s][info][gc,start       ] GC(406) Pause Full (Ergonomics)
[353.547s][info][gc,phases,start] GC(406) Marking Phase
[356.090s][info][gc,phases      ] GC(406) Marking Phase 2542.599ms
[356.090s][info][gc,phases,start] GC(406) Summary Phase
[356.090s][info][gc,phases      ] GC(406) Summary Phase 0.109ms
[356.090s][info][gc,phases,start] GC(406) Adjust Roots
[356.090s][info][gc,phases      ] GC(406) Adjust Roots 0.305ms
[356.090s][info][gc,phases,start] GC(406) Compaction Phase
[358.676s][info][gc,phases      ] GC(406) Compaction Phase 2586.185ms
[358.676s][info][gc,phases,start] GC(406) Post Compact
[358.696s][info][gc,phases      ] GC(406) Post Compact 19.520ms
[358.696s][info][gc,heap        ] GC(406) PSYoungGen: 361719K(757760K)->361719K(757760K) Eden: 198656K(198656K)->198656K(198656K) From: 163063K(559104K)->163063K(559104K)
[358.696s][info][gc,heap        ] GC(406) ParOldGen: 10239999K(10240000K)->10239998K(10240000K)
[358.696s][info][gc,metaspace   ] GC(406) Metaspace: 6301K(6528K)->6301K(6528K) NonClass: 5768K(5888K)->5768K(5888K) Class: 532K(640K)->532K(640K)
[358.696s][info][gc             ] GC(406) Pause Full (Ergonomics) 10353M->10353M(10740M) 5149.104ms
[358.696s][info][gc,cpu         ] GC(406) User=37.34s Sys=0.05s Real=5.15s
[358.697s][info][gc,start       ] GC(407) Pause Full (Ergonomics)
[358.697s][info][gc,phases,start] GC(407) Marking Phase
[361.091s][info][gc,phases      ] GC(407) Marking Phase 2394.510ms
[361.091s][info][gc,phases,start] GC(407) Summary Phase
[361.091s][info][gc,phases      ] GC(407) Summary Phase 0.106ms
[361.091s][info][gc,phases,start] GC(407) Adjust Roots
[361.092s][info][gc,phases      ] GC(407) Adjust Roots 0.203ms
[361.092s][info][gc,phases,start] GC(407) Compaction Phase
[361.763s][info][gc,phases      ] GC(407) Compaction Phase 670.988ms
[361.763s][info][gc,phases,start] GC(407) Post Compact
[361.780s][info][gc,phases      ] GC(407) Post Compact 17.188ms
[361.780s][info][gc,heap        ] GC(407) PSYoungGen: 361719K(757760K)->361719K(757760K) Eden: 198656K(198656K)->198656K(198656K) From: 163063K(559104K)->163063K(559104K)
[361.780s][info][gc,heap        ] GC(407) ParOldGen: 10239999K(10240000K)->10239998K(10240000K)
[361.780s][info][gc,metaspace   ] GC(407) Metaspace: 6301K(6528K)->6301K(6528K) NonClass: 5768K(5888K)->5768K(5888K) Class: 532K(640K)->532K(640K)
[361.780s][info][gc             ] GC(407) Pause Full (Ergonomics) 10353M->10353M(10740M) 3083.358ms
[361.780s][info][gc,cpu         ] GC(407) User=23.59s Sys=0.02s Real=3.08s
[361.781s][info][gc,start       ] GC(408) Pause Full (Ergonomics)
[361.781s][info][gc,phases,start] GC(408) Marking Phase
[364.192s][info][gc,phases      ] GC(408) Marking Phase 2410.798ms
[364.192s][info][gc,phases,start] GC(408) Summary Phase
[364.192s][info][gc,phases      ] GC(408) Summary Phase 0.118ms
[364.192s][info][gc,phases,start] GC(408) Adjust Roots
[364.193s][info][gc,phases      ] GC(408) Adjust Roots 0.291ms
[364.193s][info][gc,phases,start] GC(408) Compaction Phase
[366.645s][info][gc,phases      ] GC(408) Compaction Phase 2452.049ms
[366.645s][info][gc,phases,start] GC(408) Post Compact
[366.663s][info][gc,phases      ] GC(408) Post Compact 18.560ms
[366.663s][info][gc,heap        ] GC(408) PSYoungGen: 361719K(757760K)->361719K(757760K) Eden: 198656K(198656K)->198656K(198656K) From: 163063K(559104K)->163063K(559104K)
[366.663s][info][gc,heap        ] GC(408) ParOldGen: 10239999K(10240000K)->10239997K(10240000K)
[366.663s][info][gc,metaspace   ] GC(408) Metaspace: 6304K(6528K)->6304K(6528K) NonClass: 5770K(5888K)->5770K(5888K) Class: 534K(640K)->534K(640K)
[366.663s][info][gc             ] GC(408) Pause Full (Ergonomics) 10353M->10353M(10740M) 4882.297ms
[366.663s][info][gc,cpu         ] GC(408) User=34.62s Sys=0.00s Real=4.88s
[366.664s][info][gc,heap,exit   ] Heap
[366.664s][info][gc,heap,exit   ]  PSYoungGen      total 757760K, used 361719K [0x00000006c7800000, 0x000000071ad80000, 0x0000000800000000)
[366.664s][info][gc,heap,exit   ]   eden space 198656K, 100% used [0x00000006c7800000,0x00000006d3a00000,0x00000006d3a00000)
[366.664s][info][gc,heap,exit   ]   from space 559104K, 29% used [0x00000006f6980000,0x00000007008bdda8,0x0000000718b80000)
[366.664s][info][gc,heap,exit   ]   to   space 572928K, 0% used [0x00000006d3a00000,0x00000006d3a00000,0x00000006f6980000)
[366.664s][info][gc,heap,exit   ]  ParOldGen       total 10240000K, used 10239997K [0x0000000456800000, 0x00000006c7800000, 0x00000006c7800000)
[366.664s][info][gc,heap,exit   ]   object space 10240000K, 99% used [0x0000000456800000,0x00000006c77ff790,0x00000006c7800000)
[366.664s][info][gc,heap,exit   ]  Metaspace       used 6305K, committed 6528K, reserved 1114112K
[366.664s][info][gc,heap,exit   ]   class space    used 534K, committed 640K, reserved 1048576K
