[0.022s][info][gc,init] CardTable entry size: 512
[0.022s][info][gc     ] Using Serial
[0.022s][info][gc,init] Version: 18.0.1+10 (release)
[0.022s][info][gc,init] CPUs: 8 total, 8 available
[0.022s][info][gc,init] Memory: 16063M
[0.022s][info][gc,init] Large Page Support: Disabled
[0.022s][info][gc,init] NUMA Support: Disabled
[0.022s][info][gc,init] Compressed Oops: Enabled (Zero based)
[0.022s][info][gc,init] Heap Min Capacity: 2M
[0.022s][info][gc,init] Heap Initial Capacity: 2M
[0.022s][info][gc,init] Heap Max Capacity: 16600M
[0.022s][info][gc,init] Pre-touch: Disabled
[0.023s][info][gc,metaspace] CDS archive(s) not mapped
[0.023s][info][gc,metaspace] Compressed class space mapped at: 0x0000000800000000-0x0000000840000000, reserved size: 1073741824
[0.023s][info][gc,metaspace] Narrow klass base: 0x0000000800000000, Narrow klass shift: 0, Narrow klass range: 0x40000000
[0.189s][info][gc,start    ] GC(0) Pause Young (Allocation Failure)
[0.191s][info][gc,heap     ] GC(0) DefNew: 1023K(1152K)->127K(1152K) Eden: 1023K(1024K)->0K(1024K) From: 0K(128K)->127K(128K)
[0.191s][info][gc,heap     ] GC(0) Tenured: 0K(768K)->439K(768K)
[0.191s][info][gc,metaspace] GC(0) Metaspace: 5903K(6016K)->5903K(6016K) NonClass: 5403K(5504K)->5403K(5504K) Class: 499K(512K)->499K(512K)
[0.191s][info][gc          ] GC(0) Pause Young (Allocation Failure) 0M->0M(1M) 2.168ms
[0.191s][info][gc,cpu      ] GC(0) User=0.00s Sys=0.00s Real=0.00s
[0.213s][info][gc,start    ] GC(1) Pause Young (Allocation Failure)
[0.214s][info][gc          ] GC(1) Pause Young (Allocation Failure) 1M->0M(2M) 1.305ms
[0.214s][info][gc,cpu      ] GC(1) User=0.00s Sys=0.00s Real=0.00s
[0.214s][info][gc,start    ] GC(2) Pause Full (Allocation Failure)
[0.214s][info][gc,phases,start] GC(2) Phase 1: Mark live objects
[0.216s][info][gc,phases      ] GC(2) Phase 1: Mark live objects 1.391ms
[0.216s][info][gc,phases,start] GC(2) Phase 2: Compute new object addresses
[0.216s][info][gc,phases      ] GC(2) Phase 2: Compute new object addresses 0.281ms
[0.216s][info][gc,phases,start] GC(2) Phase 3: Adjust pointers
[0.217s][info][gc,phases      ] GC(2) Phase 3: Adjust pointers 0.632ms
[0.217s][info][gc,phases,start] GC(2) Phase 4: Move objects
[0.217s][info][gc,phases      ] GC(2) Phase 4: Move objects 0.066ms
[0.217s][info][gc,heap        ] GC(2) DefNew: 1151K(1152K)->40K(1152K) Eden: 1024K(1024K)->40K(1024K) From: 127K(128K)->0K(128K)
[0.217s][info][gc,heap        ] GC(2) Tenured: 439K(768K)->959K(1600K)
[0.217s][info][gc,metaspace   ] GC(2) Metaspace: 6300K(6464K)->6300K(6464K) NonClass: 5767K(5824K)->5767K(5824K) Class: 533K(640K)->533K(640K)
[0.217s][info][gc             ] GC(2) Pause Full (Allocation Failure) 0M->0M(2M) 2.727ms
[0.217s][info][gc,cpu         ] GC(2) User=0.02s Sys=0.00s Real=0.00s
[0.219s][info][gc,start       ] GC(3) Pause Young (Allocation Failure)
[0.221s][info][gc,heap        ] GC(3) DefNew: 1024K(1152K)->127K(1152K) Eden: 1024K(1024K)->0K(1024K) From: 0K(128K)->127K(128K)
[0.221s][info][gc,heap        ] GC(3) Tenured: 959K(1600K)->1375K(1600K)
[0.221s][info][gc,metaspace   ] GC(3) Metaspace: 6300K(6464K)->6300K(6464K) NonClass: 5767K(5824K)->5767K(5824K) Class: 533K(640K)->533K(640K)
[0.221s][info][gc             ] GC(3) Pause Young (Allocation Failure) 1M->1M(2M) 1.999ms
[0.221s][info][gc,cpu         ] GC(3) User=0.00s Sys=0.00s Real=0.00s
[0.223s][info][gc,start       ] GC(4) Pause Young (Allocation Failure)
[0.224s][info][gc             ] GC(4) Pause Young (Allocation Failure) 2M->1M(3M) 1.263ms
[0.224s][info][gc,cpu         ] GC(4) User=0.00s Sys=0.00s Real=0.00s
[0.224s][info][gc,start       ] GC(5) Pause Full (Allocation Failure)
[0.224s][info][gc,phases,start] GC(5) Phase 1: Mark live objects
[0.226s][info][gc,phases      ] GC(5) Phase 1: Mark live objects 1.928ms
[0.226s][info][gc,phases,start] GC(5) Phase 2: Compute new object addresses
[0.226s][info][gc,phases      ] GC(5) Phase 2: Compute new object addresses 0.391ms
[0.226s][info][gc,phases,start] GC(5) Phase 3: Adjust pointers
[0.227s][info][gc,phases      ] GC(5) Phase 3: Adjust pointers 0.665ms
[0.227s][info][gc,phases,start] GC(5) Phase 4: Move objects
[0.227s][info][gc,phases      ] GC(5) Phase 4: Move objects 0.071ms
[0.227s][info][gc,heap        ] GC(5) DefNew: 1151K(1152K)->35K(1536K) Eden: 1024K(1024K)->35K(1408K) From: 127K(128K)->0K(128K)
[0.227s][info][gc,heap        ] GC(5) Tenured: 1375K(1600K)->1983K(3308K)
[0.227s][info][gc,metaspace   ] GC(5) Metaspace: 6300K(6464K)->6300K(6464K) NonClass: 5767K(5824K)->5767K(5824K) Class: 533K(640K)->533K(640K)
[0.227s][info][gc             ] GC(5) Pause Full (Allocation Failure) 1M->1M(4M) 3.388ms
[0.227s][info][gc,cpu         ] GC(5) User=0.00s Sys=0.00s Real=0.00s
[0.229s][info][gc,start       ] GC(6) Pause Young (Allocation Failure)
[0.231s][info][gc,heap        ] GC(6) DefNew: 1407K(1536K)->127K(1536K) Eden: 1407K(1408K)->0K(1408K) From: 0K(128K)->127K(128K)
[0.231s][info][gc,heap        ] GC(6) Tenured: 1983K(3308K)->2617K(3308K)
[0.231s][info][gc,metaspace   ] GC(6) Metaspace: 6300K(6464K)->6300K(6464K) NonClass: 5767K(5824K)->5767K(5824K) Class: 533K(640K)->533K(640K)
[0.231s][info][gc             ] GC(6) Pause Young (Allocation Failure) 3M->2M(4M) 2.178ms
[0.231s][info][gc,cpu         ] GC(6) User=0.00s Sys=0.00s Real=0.00s
[0.233s][info][gc,start       ] GC(7) Pause Young (Allocation Failure)
[0.235s][info][gc             ] GC(7) Pause Young (Allocation Failure) 4M->3M(4M) 2.204ms
[0.235s][info][gc,cpu         ] GC(7) User=0.00s Sys=0.00s Real=0.00s
[0.235s][info][gc,start       ] GC(8) Pause Full (Allocation Failure)
[0.235s][info][gc,phases,start] GC(8) Phase 1: Mark live objects
[0.237s][info][gc,phases      ] GC(8) Phase 1: Mark live objects 2.376ms
[0.237s][info][gc,phases,start] GC(8) Phase 2: Compute new object addresses
[0.238s][info][gc,phases      ] GC(8) Phase 2: Compute new object addresses 0.731ms
[0.238s][info][gc,phases,start] GC(8) Phase 3: Adjust pointers
[0.239s][info][gc,phases      ] GC(8) Phase 3: Adjust pointers 1.022ms
[0.239s][info][gc,phases,start] GC(8) Phase 4: Move objects
[0.239s][info][gc,phases      ] GC(8) Phase 4: Move objects 0.073ms
[0.239s][info][gc,heap        ] GC(8) DefNew: 1535K(1536K)->0K(2688K) Eden: 1408K(1408K)->0K(2432K) From: 127K(128K)->0K(256K)
[0.239s][info][gc,heap        ] GC(8) Tenured: 2617K(3308K)->3460K(5768K)
[0.239s][info][gc,metaspace   ] GC(8) Metaspace: 6300K(6464K)->6300K(6464K) NonClass: 5767K(5824K)->5767K(5824K) Class: 533K(640K)->533K(640K)
[0.240s][info][gc             ] GC(8) Pause Full (Allocation Failure) 3M->3M(8M) 4.544ms
[0.240s][info][gc,cpu         ] GC(8) User=0.00s Sys=0.00s Real=0.01s
[0.244s][info][gc,start       ] GC(9) Pause Young (Allocation Failure)
[0.247s][info][gc,heap        ] GC(9) DefNew: 2431K(2688K)->256K(2688K) Eden: 2431K(2432K)->0K(2432K) From: 0K(256K)->256K(256K)
[0.247s][info][gc,heap        ] GC(9) Tenured: 3460K(5768K)->4512K(5768K)
[0.247s][info][gc,metaspace   ] GC(9) Metaspace: 6300K(6464K)->6300K(6464K) NonClass: 5767K(5824K)->5767K(5824K) Class: 533K(640K)->533K(640K)
[0.247s][info][gc             ] GC(9) Pause Young (Allocation Failure) 5M->4M(8M) 3.571ms
[0.247s][info][gc,cpu         ] GC(9) User=0.00s Sys=0.00s Real=0.00s
[0.251s][info][gc,start       ] GC(10) Pause Young (Allocation Failure)
[0.254s][info][gc,heap        ] GC(10) DefNew: 2688K(2688K)->255K(2688K) Eden: 2432K(2432K)->0K(2432K) From: 256K(256K)->255K(256K)
[0.254s][info][gc,heap        ] GC(10) Tenured: 4512K(5768K)->5755K(5768K)
[0.254s][info][gc,metaspace   ] GC(10) Metaspace: 6300K(6464K)->6300K(6464K) NonClass: 5767K(5824K)->5767K(5824K) Class: 533K(640K)->533K(640K)
[0.254s][info][gc             ] GC(10) Pause Young (Allocation Failure) 7M->5M(8M) 3.127ms
[0.255s][info][gc,cpu         ] GC(10) User=0.00s Sys=0.00s Real=0.00s
[0.259s][info][gc,start       ] GC(11) Pause Young (Allocation Failure)
[0.263s][info][gc             ] GC(11) Pause Young (Allocation Failure) 8M->7M(9M) 4.372ms
[0.263s][info][gc,cpu         ] GC(11) User=0.00s Sys=0.00s Real=0.00s
[0.263s][info][gc,start       ] GC(12) Pause Full (Allocation Failure)
[0.263s][info][gc,phases,start] GC(12) Phase 1: Mark live objects
[0.268s][info][gc,phases      ] GC(12) Phase 1: Mark live objects 5.197ms
[0.268s][info][gc,phases,start] GC(12) Phase 2: Compute new object addresses
[0.270s][info][gc,phases      ] GC(12) Phase 2: Compute new object addresses 1.180ms
[0.270s][info][gc,phases,start] GC(12) Phase 3: Adjust pointers
[0.272s][info][gc,phases      ] GC(12) Phase 3: Adjust pointers 2.266ms
[0.272s][info][gc,phases,start] GC(12) Phase 4: Move objects
[0.273s][info][gc,phases      ] GC(12) Phase 4: Move objects 1.452ms
[0.274s][info][gc,heap        ] GC(12) DefNew: 2687K(2688K)->0K(5376K) Eden: 2432K(2432K)->0K(4800K) From: 255K(256K)->0K(576K)
[0.274s][info][gc,heap        ] GC(12) Tenured: 5755K(5768K)->7132K(11888K)
[0.274s][info][gc,metaspace   ] GC(12) Metaspace: 6300K(6464K)->6300K(6464K) NonClass: 5767K(5824K)->5767K(5824K) Class: 533K(640K)->533K(640K)
[0.274s][info][gc             ] GC(12) Pause Full (Allocation Failure) 7M->6M(16M) 10.581ms
[0.274s][info][gc,cpu         ] GC(12) User=0.00s Sys=0.00s Real=0.01s
[0.279s][info][gc,start       ] GC(13) Pause Young (Allocation Failure)
[0.287s][info][gc,heap        ] GC(13) DefNew: 4800K(5376K)->575K(5376K) Eden: 4800K(4800K)->0K(4800K) From: 0K(576K)->575K(576K)
[0.287s][info][gc,heap        ] GC(13) Tenured: 7132K(11888K)->9027K(11888K)
[0.287s][info][gc,metaspace   ] GC(13) Metaspace: 6300K(6464K)->6300K(6464K) NonClass: 5767K(5824K)->5767K(5824K) Class: 533K(640K)->533K(640K)
[0.287s][info][gc             ] GC(13) Pause Young (Allocation Failure) 11M->9M(16M) 7.453ms
[0.287s][info][gc,cpu         ] GC(13) User=0.00s Sys=0.00s Real=0.01s
[0.293s][info][gc,start       ] GC(14) Pause Young (Allocation Failure)
[0.300s][info][gc,heap        ] GC(14) DefNew: 5375K(5376K)->576K(5376K) Eden: 4800K(4800K)->0K(4800K) From: 575K(576K)->576K(576K)
[0.300s][info][gc,heap        ] GC(14) Tenured: 9027K(11888K)->11746K(11888K)
[0.300s][info][gc,metaspace   ] GC(14) Metaspace: 6300K(6464K)->6300K(6464K) NonClass: 5767K(5824K)->5767K(5824K) Class: 533K(640K)->533K(640K)
[0.300s][info][gc             ] GC(14) Pause Young (Allocation Failure) 14M->12M(16M) 7.323ms
[0.300s][info][gc,cpu         ] GC(14) User=0.00s Sys=0.00s Real=0.01s
[0.305s][info][gc,start       ] GC(15) Pause Young (Allocation Failure)
[0.312s][info][gc             ] GC(15) Pause Young (Allocation Failure) 16M->14M(19M) 6.976ms
[0.312s][info][gc,cpu         ] GC(15) User=0.00s Sys=0.00s Real=0.01s
[0.312s][info][gc,start       ] GC(16) Pause Full (Allocation Failure)
[0.312s][info][gc,phases,start] GC(16) Phase 1: Mark live objects
[0.321s][info][gc,phases      ] GC(16) Phase 1: Mark live objects 8.675ms
[0.321s][info][gc,phases,start] GC(16) Phase 2: Compute new object addresses
[0.324s][info][gc,phases      ] GC(16) Phase 2: Compute new object addresses 2.692ms
[0.324s][info][gc,phases,start] GC(16) Phase 3: Adjust pointers
[0.327s][info][gc,phases      ] GC(16) Phase 3: Adjust pointers 3.311ms
[0.327s][info][gc,phases,start] GC(16) Phase 4: Move objects
[0.327s][info][gc,phases      ] GC(16) Phase 4: Move objects 0.205ms
[0.328s][info][gc,heap        ] GC(16) DefNew: 5376K(5376K)->387K(10880K) Eden: 4800K(4800K)->387K(9728K) From: 576K(576K)->0K(1152K)
[0.328s][info][gc,heap        ] GC(16) Tenured: 11746K(11888K)->14383K(23976K)
[0.328s][info][gc,metaspace   ] GC(16) Metaspace: 6302K(6464K)->6302K(6464K) NonClass: 5768K(5824K)->5768K(5824K) Class: 533K(640K)->533K(640K)
[0.328s][info][gc             ] GC(16) Pause Full (Allocation Failure) 14M->14M(34M) 15.290ms
[0.328s][info][gc,cpu         ] GC(16) User=0.02s Sys=0.00s Real=0.01s
[0.336s][info][gc,start       ] GC(17) Pause Young (Allocation Failure)
[0.350s][info][gc,heap        ] GC(17) DefNew: 9728K(10880K)->1151K(10880K) Eden: 9728K(9728K)->0K(9728K) From: 0K(1152K)->1151K(1152K)
[0.350s][info][gc,heap        ] GC(17) Tenured: 14383K(23976K)->18415K(23976K)
[0.350s][info][gc,metaspace   ] GC(17) Metaspace: 6302K(6464K)->6302K(6464K) NonClass: 5768K(5824K)->5768K(5824K) Class: 533K(640K)->533K(640K)
[0.350s][info][gc             ] GC(17) Pause Young (Allocation Failure) 23M->19M(34M) 14.471ms
[0.350s][info][gc,cpu         ] GC(17) User=0.00s Sys=0.00s Real=0.01s
[0.357s][info][gc,start       ] GC(18) Pause Young (Allocation Failure)
[0.370s][info][gc,heap        ] GC(18) DefNew: 10879K(10880K)->1151K(10880K) Eden: 9728K(9728K)->0K(9728K) From: 1151K(1152K)->1151K(1152K)
[0.370s][info][gc,heap        ] GC(18) Tenured: 18415K(23976K)->23936K(23976K)
[0.370s][info][gc,metaspace   ] GC(18) Metaspace: 6302K(6464K)->6302K(6464K) NonClass: 5768K(5824K)->5768K(5824K) Class: 533K(640K)->533K(640K)
[0.370s][info][gc             ] GC(18) Pause Young (Allocation Failure) 28M->24M(34M) 13.186ms
[0.370s][info][gc,cpu         ] GC(18) User=0.00s Sys=0.00s Real=0.01s
[0.376s][info][gc,start       ] GC(19) Pause Young (Allocation Failure)
[0.388s][info][gc             ] GC(19) Pause Young (Allocation Failure) 34M->29M(38M) 12.570ms
[0.388s][info][gc,cpu         ] GC(19) User=0.00s Sys=0.00s Real=0.01s
[0.388s][info][gc,start       ] GC(20) Pause Full (Allocation Failure)
[0.388s][info][gc,phases,start] GC(20) Phase 1: Mark live objects
[0.402s][info][gc,phases      ] GC(20) Phase 1: Mark live objects 13.987ms
[0.402s][info][gc,phases,start] GC(20) Phase 2: Compute new object addresses
[0.407s][info][gc,phases      ] GC(20) Phase 2: Compute new object addresses 4.902ms
[0.407s][info][gc,phases,start] GC(20) Phase 3: Adjust pointers
[0.413s][info][gc,phases      ] GC(20) Phase 3: Adjust pointers 5.292ms
[0.413s][info][gc,phases,start] GC(20) Phase 4: Move objects
[0.413s][info][gc,phases      ] GC(20) Phase 4: Move objects 0.178ms
[0.413s][info][gc,heap        ] GC(20) DefNew: 10879K(10880K)->1080K(21888K) Eden: 9728K(9728K)->1080K(19520K) From: 1151K(1152K)->0K(2368K)
[0.413s][info][gc,heap        ] GC(20) Tenured: 23936K(23976K)->29035K(48396K)
[0.413s][info][gc,metaspace   ] GC(20) Metaspace: 6302K(6464K)->6302K(6464K) NonClass: 5768K(5824K)->5768K(5824K) Class: 533K(640K)->533K(640K)
[0.413s][info][gc             ] GC(20) Pause Full (Allocation Failure) 29M->29M(68M) 24.811ms
[0.413s][info][gc,cpu         ] GC(20) User=0.03s Sys=0.00s Real=0.02s
[0.428s][info][gc,start       ] GC(21) Pause Young (Allocation Failure)
[0.456s][info][gc,heap        ] GC(21) DefNew: 19520K(21888K)->2367K(21888K) Eden: 19520K(19520K)->0K(19520K) From: 0K(2368K)->2367K(2368K)
[0.456s][info][gc,heap        ] GC(21) Tenured: 29035K(48396K)->39345K(48396K)
[0.456s][info][gc,metaspace   ] GC(21) Metaspace: 6302K(6464K)->6302K(6464K) NonClass: 5768K(5824K)->5768K(5824K) Class: 533K(640K)->533K(640K)
[0.456s][info][gc             ] GC(21) Pause Young (Allocation Failure) 47M->40M(68M) 28.066ms
[0.456s][info][gc,cpu         ] GC(21) User=0.03s Sys=0.00s Real=0.03s
[0.473s][info][gc,start       ] GC(22) Pause Young (Allocation Failure)
[0.509s][info][gc             ] GC(22) Pause Young (Allocation Failure) 59M->59M(78M) 35.438ms
[0.509s][info][gc,cpu         ] GC(22) User=0.03s Sys=0.00s Real=0.04s
[0.509s][info][gc,start       ] GC(23) Pause Full (Allocation Failure)
[0.509s][info][gc,phases,start] GC(23) Phase 1: Mark live objects
[0.534s][info][gc,phases      ] GC(23) Phase 1: Mark live objects 24.982ms
[0.534s][info][gc,phases,start] GC(23) Phase 2: Compute new object addresses
[0.543s][info][gc,phases      ] GC(23) Phase 2: Compute new object addresses 9.360ms
[0.543s][info][gc,phases,start] GC(23) Phase 3: Adjust pointers
[0.554s][info][gc,phases      ] GC(23) Phase 3: Adjust pointers 10.609ms
[0.554s][info][gc,phases,start] GC(23) Phase 4: Move objects
[0.555s][info][gc,phases      ] GC(23) Phase 4: Move objects 0.420ms
[0.555s][info][gc,heap        ] GC(23) DefNew: 21887K(21888K)->2245K(44288K) Eden: 19520K(19520K)->2245K(39424K) From: 2367K(2368K)->0K(4864K)
[0.555s][info][gc,heap        ] GC(23) Tenured: 39345K(48396K)->58955K(98260K)
[0.555s][info][gc,metaspace   ] GC(23) Metaspace: 6302K(6464K)->6302K(6464K) NonClass: 5768K(5824K)->5768K(5824K) Class: 533K(640K)->533K(640K)
[0.555s][info][gc             ] GC(23) Pause Full (Allocation Failure) 59M->59M(139M) 46.046ms
[0.555s][info][gc,cpu         ] GC(23) User=0.05s Sys=0.00s Real=0.04s
[0.601s][info][gc,start       ] GC(24) Pause Young (Allocation Failure)
[0.664s][info][gc,heap        ] GC(24) DefNew: 39424K(44288K)->4863K(44288K) Eden: 39424K(39424K)->0K(39424K) From: 0K(4864K)->4863K(4864K)
[0.664s][info][gc,heap        ] GC(24) Tenured: 58955K(98260K)->93487K(98260K)
[0.664s][info][gc,metaspace   ] GC(24) Metaspace: 6302K(6464K)->6302K(6464K) NonClass: 5768K(5824K)->5768K(5824K) Class: 533K(640K)->533K(640K)
[0.664s][info][gc             ] GC(24) Pause Young (Allocation Failure) 96M->96M(139M) 62.984ms
[0.664s][info][gc,cpu         ] GC(24) User=0.02s Sys=0.03s Real=0.06s
[0.697s][info][gc,start       ] GC(25) Pause Young (Allocation Failure)
[0.774s][info][gc             ] GC(25) Pause Young (Allocation Failure) 134M->134M(173M) 77.220ms
[0.774s][info][gc,cpu         ] GC(25) User=0.06s Sys=0.00s Real=0.08s
[0.774s][info][gc,start       ] GC(26) Pause Full (Allocation Failure)
[0.774s][info][gc,phases,start] GC(26) Phase 1: Mark live objects
[0.835s][info][gc,phases      ] GC(26) Phase 1: Mark live objects 60.477ms
[0.835s][info][gc,phases,start] GC(26) Phase 2: Compute new object addresses
[0.857s][info][gc,phases      ] GC(26) Phase 2: Compute new object addresses 21.771ms
[0.857s][info][gc,phases,start] GC(26) Phase 3: Adjust pointers
[0.884s][info][gc,phases      ] GC(26) Phase 3: Adjust pointers 27.727ms
[0.884s][info][gc,phases,start] GC(26) Phase 4: Move objects
[0.910s][info][gc,phases      ] GC(26) Phase 4: Move objects 25.136ms
[0.910s][info][gc,heap        ] GC(26) DefNew: 44287K(44288K)->887K(99840K) Eden: 39424K(39424K)->887K(88768K) From: 4863K(4864K)->0K(11072K)
[0.910s][info][gc,heap        ] GC(26) Tenured: 93487K(98260K)->133011K(221688K)
[0.910s][info][gc,metaspace   ] GC(26) Metaspace: 6302K(6464K)->6302K(6464K) NonClass: 5768K(5824K)->5768K(5824K) Class: 533K(640K)->533K(640K)
[0.910s][info][gc             ] GC(26) Pause Full (Allocation Failure) 134M->130M(313M) 135.942ms
[0.910s][info][gc,cpu         ] GC(26) User=0.12s Sys=0.00s Real=0.14s
[1.006s][info][gc,start       ] GC(27) Pause Young (Allocation Failure)
[1.156s][info][gc,heap        ] GC(27) DefNew: 88768K(99840K)->11071K(99840K) Eden: 88768K(88768K)->0K(88768K) From: 0K(11072K)->11071K(11072K)
[1.156s][info][gc,heap        ] GC(27) Tenured: 133011K(221688K)->210680K(221688K)
[1.156s][info][gc,metaspace   ] GC(27) Metaspace: 6302K(6464K)->6302K(6464K) NonClass: 5768K(5824K)->5768K(5824K) Class: 533K(640K)->533K(640K)
[1.156s][info][gc             ] GC(27) Pause Young (Allocation Failure) 216M->216M(313M) 150.846ms
[1.156s][info][gc,cpu         ] GC(27) User=0.11s Sys=0.03s Real=0.15s
[1.235s][info][gc,start       ] GC(28) Pause Young (Allocation Failure)
[1.412s][info][gc             ] GC(28) Pause Young (Allocation Failure) 303M->303M(390M) 177.413ms
[1.412s][info][gc,cpu         ] GC(28) User=0.11s Sys=0.05s Real=0.18s
[1.412s][info][gc,start       ] GC(29) Pause Full (Allocation Failure)
[1.412s][info][gc,phases,start] GC(29) Phase 1: Mark live objects
[1.558s][info][gc,phases      ] GC(29) Phase 1: Mark live objects 145.518ms
[1.558s][info][gc,phases,start] GC(29) Phase 2: Compute new object addresses
[1.611s][info][gc,phases      ] GC(29) Phase 2: Compute new object addresses 53.008ms
[1.611s][info][gc,phases,start] GC(29) Phase 3: Adjust pointers
[1.668s][info][gc,phases      ] GC(29) Phase 3: Adjust pointers 57.291ms
[1.668s][info][gc,phases,start] GC(29) Phase 4: Move objects
[1.671s][info][gc,phases      ] GC(29) Phase 4: Move objects 2.282ms
[1.672s][info][gc,heap        ] GC(29) DefNew: 99839K(99840K)->10911K(224704K) Eden: 88768K(88768K)->10911K(199744K) From: 11071K(11072K)->0K(24960K)
[1.672s][info][gc,heap        ] GC(29) Tenured: 210680K(221688K)->299580K(499300K)
[1.672s][info][gc,metaspace   ] GC(29) Metaspace: 6302K(6464K)->6302K(6464K) NonClass: 5768K(5824K)->5768K(5824K) Class: 533K(640K)->533K(640K)
[1.672s][info][gc             ] GC(29) Pause Full (Allocation Failure) 303M->303M(707M) 259.344ms
[1.672s][info][gc,cpu         ] GC(29) User=0.22s Sys=0.00s Real=0.26s
[1.883s][info][gc,start       ] GC(30) Pause Young (Allocation Failure)
[2.231s][info][gc,heap        ] GC(30) DefNew: 199744K(224704K)->24959K(224704K) Eden: 199744K(199744K)->0K(199744K) From: 0K(24960K)->24959K(24960K)
[2.231s][info][gc,heap        ] GC(30) Tenured: 299580K(499300K)->474337K(499300K)
[2.231s][info][gc,metaspace   ] GC(30) Metaspace: 6302K(6464K)->6302K(6464K) NonClass: 5768K(5824K)->5768K(5824K) Class: 533K(640K)->533K(640K)
[2.231s][info][gc             ] GC(30) Pause Young (Allocation Failure) 487M->487M(707M) 347.916ms
[2.231s][info][gc,cpu         ] GC(30) User=0.28s Sys=0.03s Real=0.35s
[2.411s][info][gc,start       ] GC(31) Pause Young (Allocation Failure)
[2.805s][info][gc             ] GC(31) Pause Young (Allocation Failure) 682M->682M(877M) 393.330ms
[2.805s][info][gc,cpu         ] GC(31) User=0.33s Sys=0.05s Real=0.39s
[2.805s][info][gc,start       ] GC(32) Pause Full (Allocation Failure)
[2.805s][info][gc,phases,start] GC(32) Phase 1: Mark live objects
[3.118s][info][gc,phases      ] GC(32) Phase 1: Mark live objects 312.879ms
[3.118s][info][gc,phases,start] GC(32) Phase 2: Compute new object addresses
[3.228s][info][gc,phases      ] GC(32) Phase 2: Compute new object addresses 109.910ms
[3.228s][info][gc,phases,start] GC(32) Phase 3: Adjust pointers
[3.347s][info][gc,phases      ] GC(32) Phase 3: Adjust pointers 119.383ms
[3.347s][info][gc,phases,start] GC(32) Phase 4: Move objects
[3.354s][info][gc,phases      ] GC(32) Phase 4: Move objects 6.317ms
[3.356s][info][gc,heap        ] GC(32) DefNew: 224703K(224704K)->24799K(505728K) Eden: 199744K(199744K)->24799K(449600K) From: 24959K(24960K)->0K(56128K)
[3.356s][info][gc,heap        ] GC(32) Tenured: 474337K(499300K)->674212K(1123688K)
[3.356s][info][gc,metaspace   ] GC(32) Metaspace: 6302K(6464K)->6302K(6464K) NonClass: 5768K(5824K)->5768K(5824K) Class: 533K(640K)->533K(640K)
[3.356s][info][gc             ] GC(32) Pause Full (Allocation Failure) 682M->682M(1591M) 550.816ms
[3.356s][info][gc,cpu         ] GC(32) User=0.48s Sys=0.00s Real=0.55s
[3.825s][info][gc,start       ] GC(33) Pause Young (Allocation Failure)
[4.621s][info][gc,heap        ] GC(33) DefNew: 449600K(505728K)->56128K(505728K) Eden: 449600K(449600K)->0K(449600K) From: 0K(56128K)->56128K(56128K)
[4.621s][info][gc,heap        ] GC(33) Tenured: 674212K(1123688K)->1067656K(1123688K)
[4.621s][info][gc,metaspace   ] GC(33) Metaspace: 6302K(6464K)->6302K(6464K) NonClass: 5768K(5824K)->5768K(5824K) Class: 533K(640K)->533K(640K)
[4.621s][info][gc             ] GC(33) Pause Young (Allocation Failure) 1097M->1097M(1591M) 795.573ms
[4.621s][info][gc,cpu         ] GC(33) User=0.66s Sys=0.11s Real=0.79s
[5.084s][info][gc,start       ] GC(34) Pause Young (Allocation Failure)
[5.832s][info][gc             ] GC(34) Pause Young (Allocation Failure) 1536M->1483M(1922M) 747.562ms
[5.832s][info][gc,cpu         ] GC(34) User=0.70s Sys=0.05s Real=0.75s
[5.832s][info][gc,start       ] GC(35) Pause Full (Allocation Failure)
[5.832s][info][gc,phases,start] GC(35) Phase 1: Mark live objects
[6.500s][info][gc,phases      ] GC(35) Phase 1: Mark live objects 668.425ms
[6.500s][info][gc,phases,start] GC(35) Phase 2: Compute new object addresses
[6.727s][info][gc,phases      ] GC(35) Phase 2: Compute new object addresses 226.337ms
[6.727s][info][gc,phases,start] GC(35) Phase 3: Adjust pointers
[6.993s][info][gc,phases      ] GC(35) Phase 3: Adjust pointers 266.209ms
[6.993s][info][gc,phases,start] GC(35) Phase 4: Move objects
[7.004s][info][gc,phases      ] GC(35) Phase 4: Move objects 11.173ms
[7.008s][info][gc,heap        ] GC(35) DefNew: 505728K(505728K)->55938K(1097280K) Eden: 449600K(449600K)->55938K(975360K) From: 56128K(56128K)->0K(121920K)
[7.008s][info][gc,heap        ] GC(35) Tenured: 1067656K(1123688K)->1463020K(2438368K)
[7.008s][info][gc,metaspace   ] GC(35) Metaspace: 6302K(6464K)->6302K(6464K) NonClass: 5768K(5824K)->5768K(5824K) Class: 533K(640K)->533K(640K)
[7.008s][info][gc             ] GC(35) Pause Full (Allocation Failure) 1483M->1483M(3452M) 1176.608ms
[7.008s][info][gc,cpu         ] GC(35) User=1.17s Sys=0.00s Real=1.18s
[7.997s][info][gc,start       ] GC(36) Pause Young (Allocation Failure)
[9.783s][info][gc,heap        ] GC(36) DefNew: 975360K(1097280K)->121920K(1097280K) Eden: 975360K(975360K)->0K(975360K) From: 0K(121920K)->121920K(121920K)
[9.783s][info][gc,heap        ] GC(36) Tenured: 1463020K(2438368K)->2316429K(2438368K)
[9.783s][info][gc,metaspace   ] GC(36) Metaspace: 6302K(6464K)->6302K(6464K) NonClass: 5768K(5824K)->5768K(5824K) Class: 533K(640K)->533K(640K)
[9.784s][info][gc             ] GC(36) Pause Young (Allocation Failure) 2381M->2381M(3452M) 1786.059ms
[9.784s][info][gc,cpu         ] GC(36) User=1.58s Sys=0.14s Real=1.79s
[10.805s][info][gc,start       ] GC(37) Pause Young (Allocation Failure)
[12.582s][info][gc             ] GC(37) Pause Young (Allocation Failure) 3333M->3333M(4286M) 1776.969ms
[12.582s][info][gc,cpu         ] GC(37) User=1.33s Sys=0.23s Real=1.78s
[12.582s][info][gc,start       ] GC(38) Pause Full (Allocation Failure)
[12.582s][info][gc,phases,start] GC(38) Phase 1: Mark live objects
[14.162s][info][gc,phases      ] GC(38) Phase 1: Mark live objects 1580.031ms
[14.162s][info][gc,phases,start] GC(38) Phase 2: Compute new object addresses
[14.685s][info][gc,phases      ] GC(38) Phase 2: Compute new object addresses 522.288ms
[14.685s][info][gc,phases,start] GC(38) Phase 3: Adjust pointers
[15.377s][info][gc,phases      ] GC(38) Phase 3: Adjust pointers 692.355ms
[15.377s][info][gc,phases,start] GC(38) Phase 4: Move objects
[16.025s][info][gc,phases      ] GC(38) Phase 4: Move objects 647.661ms
[16.034s][info][gc,heap        ] GC(38) DefNew: 1097280K(1097280K)->27533K(2468992K) Eden: 975360K(975360K)->27533K(2194688K) From: 121920K(121920K)->0K(274304K)
[16.034s][info][gc,heap        ] GC(38) Tenured: 2316429K(2438368K)->3291939K(5486568K)
[16.034s][info][gc,metaspace   ] GC(38) Metaspace: 6302K(6464K)->6302K(6464K) NonClass: 5768K(5824K)->5768K(5824K) Class: 533K(640K)->533K(640K)
[16.034s][info][gc             ] GC(38) Pause Full (Allocation Failure) 3333M->3241M(7769M) 3452.091ms
[16.034s][info][gc,cpu         ] GC(38) User=3.34s Sys=0.00s Real=3.45s
[18.360s][info][gc,start       ] GC(39) Pause Young (Allocation Failure)
[22.348s][info][gc,heap        ] GC(39) DefNew: 2194688K(2468992K)->274303K(2468992K) Eden: 2194688K(2194688K)->0K(2194688K) From: 0K(274304K)->274303K(274304K)
[22.348s][info][gc,heap        ] GC(39) Tenured: 3291939K(5486568K)->5212290K(5486568K)
[22.348s][info][gc,metaspace   ] GC(39) Metaspace: 6302K(6464K)->6302K(6464K) NonClass: 5768K(5824K)->5768K(5824K) Class: 533K(640K)->533K(640K)
[22.348s][info][gc             ] GC(39) Pause Young (Allocation Failure) 5358M->5358M(7769M) 3987.465ms
[22.348s][info][gc,cpu         ] GC(39) User=3.45s Sys=0.44s Real=3.99s
[24.486s][info][gc,start       ] GC(40) Pause Young (Allocation Failure)
[28.411s][info][gc             ] GC(40) Pause Young (Allocation Failure) 7501M->7501M(9644M) 3925.455ms
[28.411s][info][gc,cpu         ] GC(40) User=3.23s Sys=0.53s Real=3.93s
[28.411s][info][gc,start       ] GC(41) Pause Full (Allocation Failure)
[28.411s][info][gc,phases,start] GC(41) Phase 1: Mark live objects
[32.042s][info][gc,phases      ] GC(41) Phase 1: Mark live objects 3631.126ms
[32.042s][info][gc,phases,start] GC(41) Phase 2: Compute new object addresses
[33.259s][info][gc,phases      ] GC(41) Phase 2: Compute new object addresses 1216.681ms
[33.259s][info][gc,phases,start] GC(41) Phase 3: Adjust pointers
[34.580s][info][gc,phases      ] GC(41) Phase 3: Adjust pointers 1320.717ms
[34.580s][info][gc,phases,start] GC(41) Phase 4: Move objects
[34.642s][info][gc,phases      ] GC(41) Phase 4: Move objects 61.760ms
[34.888s][info][gc,heap        ] GC(41) DefNew: 2468991K(2468992K)->274233K(5099520K) Eden: 2194688K(2194688K)->274233K(4532928K) From: 274303K(274304K)->0K(566592K)
[34.888s][info][gc,heap        ] GC(41) Tenured: 5212290K(5486568K)->7407019K(11332288K)
[34.888s][info][gc,metaspace   ] GC(41) Metaspace: 6302K(6464K)->6302K(6464K) NonClass: 5768K(5824K)->5768K(5824K) Class: 533K(640K)->533K(640K)
[34.888s][info][gc             ] GC(41) Pause Full (Allocation Failure) 7501M->7501M(16046M) 6477.226ms
[34.888s][info][gc,cpu         ] GC(41) User=6.11s Sys=0.00s Real=6.48s
[39.073s][info][gc,start       ] GC(42) Pause Young (Allocation Failure)
[52.093s][info][gc,heap        ] GC(42) DefNew: 4394749K(5099520K)->566592K(5099520K) Eden: 4394749K(4532928K)->0K(4532928K) From: 0K(566592K)->566592K(566592K)
[52.094s][info][gc,heap        ] GC(42) Tenured: 7407019K(11332288K)->11152427K(11332288K)
[52.094s][info][gc,metaspace   ] GC(42) Metaspace: 6302K(6464K)->6302K(6464K) NonClass: 5768K(5824K)->5768K(5824K) Class: 533K(640K)->533K(640K)
[52.094s][info][gc             ] GC(42) Pause Young (Allocation Failure) 11525M->11444M(16046M) 13021.332ms
[52.094s][info][gc,cpu         ] GC(42) User=7.44s Sys=4.98s Real=13.02s
[62.328s][info][gc,start       ] GC(43) Pause Young (Allocation Failure)
[62.328s][info][gc             ] GC(43) Pause Young (Allocation Failure) 15871M->15871M(16046M) 0.135ms
[62.328s][info][gc,cpu         ] GC(43) User=0.00s Sys=0.00s Real=0.00s
[62.328s][info][gc,start       ] GC(44) Pause Full (Allocation Failure)
[62.328s][info][gc,phases,start] GC(44) Phase 1: Mark live objects
[104.439s][info][gc,phases      ] GC(44) Phase 1: Mark live objects 42111.390ms
[104.440s][info][gc,phases,start] GC(44) Phase 2: Compute new object addresses
[131.459s][info][gc,phases      ] GC(44) Phase 2: Compute new object addresses 27018.811ms
[131.460s][info][gc,phases,start] GC(44) Phase 3: Adjust pointers
[183.459s][info][gc,phases      ] GC(44) Phase 3: Adjust pointers 51998.431ms
[183.460s][info][gc,phases,start] GC(44) Phase 4: Move objects
[184.323s][info][gc,phases      ] GC(44) Phase 4: Move objects 863.338ms
[184.373s][info][gc,heap        ] GC(44) DefNew: 5099520K(5099520K)->5082849K(5099520K) Eden: 4532928K(4532928K)->4532927K(4532928K) From: 566592K(566592K)->549921K(566592K)
[184.373s][info][gc,heap        ] GC(44) Tenured: 11152427K(11332288K)->11152427K(11332288K)
[184.373s][info][gc,metaspace   ] GC(44) Metaspace: 6302K(6464K)->6302K(6464K) NonClass: 5768K(5824K)->5768K(5824K) Class: 533K(640K)->533K(640K)
[184.374s][info][gc             ] GC(44) Pause Full (Allocation Failure) 15871M->15854M(16046M) 122045.730ms
[184.374s][info][gc,cpu         ] GC(44) User=10.66s Sys=29.84s Real=122.05s
[185.114s][info][gc,start       ] GC(45) Pause Full (Allocation Failure)
[185.115s][info][gc,phases,start] GC(45) Phase 1: Mark live objects
[224.996s][info][gc,phases      ] GC(45) Phase 1: Mark live objects 39881.096ms
[224.997s][info][gc,phases,start] GC(45) Phase 2: Compute new object addresses
[249.447s][info][gc,phases      ] GC(45) Phase 2: Compute new object addresses 24449.580ms
[249.448s][info][gc,phases,start] GC(45) Phase 3: Adjust pointers
[302.341s][info][gc,phases      ] GC(45) Phase 3: Adjust pointers 52892.707ms
[302.342s][info][gc,phases,start] GC(45) Phase 4: Move objects
[302.342s][info][gc,phases      ] GC(45) Phase 4: Move objects 0.420ms
[302.358s][info][gc,heap        ] GC(45) DefNew: 5099519K(5099520K)->5099519K(5099520K) Eden: 4532928K(4532928K)->4532928K(4532928K) From: 566591K(566592K)->566591K(566592K)
[302.359s][info][gc,heap        ] GC(45) Tenured: 11332288K(11332288K)->11332288K(11332288K)
[302.359s][info][gc,metaspace   ] GC(45) Metaspace: 6302K(6464K)->6302K(6464K) NonClass: 5768K(5824K)->5768K(5824K) Class: 533K(640K)->533K(640K)
[302.361s][info][gc             ] GC(45) Pause Full (Allocation Failure) 16046M->16046M(16046M) 117246.005ms
[302.361s][info][gc,cpu         ] GC(45) User=10.81s Sys=44.08s Real=117.25s
[302.361s][info][gc,start       ] GC(46) Pause Full (Allocation Failure)
[302.363s][info][gc,phases,start] GC(46) Phase 1: Mark live objects
[349.452s][info][gc,phases      ] GC(46) Phase 1: Mark live objects 47089.264ms
[349.452s][info][gc,phases,start] GC(46) Phase 2: Compute new object addresses
[377.841s][info][gc,phases      ] GC(46) Phase 2: Compute new object addresses 28388.079ms
[377.842s][info][gc,phases,start] GC(46) Phase 3: Adjust pointers
[436.380s][info][gc,phases      ] GC(46) Phase 3: Adjust pointers 58538.672ms
[436.380s][info][gc,phases,start] GC(46) Phase 4: Move objects
[466.885s][info][gc,phases      ] GC(46) Phase 4: Move objects 30504.544ms
[466.909s][info][gc,heap        ] GC(46) DefNew: 5099519K(5099520K)->5099519K(5099520K) Eden: 4532928K(4532928K)->4532928K(4532928K) From: 566591K(566592K)->566591K(566592K)
[466.909s][info][gc,heap        ] GC(46) Tenured: 11332288K(11332288K)->10939067K(11332288K)
[466.910s][info][gc,metaspace   ] GC(46) Metaspace: 6302K(6464K)->6300K(6464K) NonClass: 5768K(5824K)->5767K(5824K) Class: 533K(640K)->532K(640K)
[466.912s][info][gc             ] GC(46) Pause Full (Allocation Failure) 16046M->15662M(16046M) 164550.261ms
[466.912s][info][gc,cpu         ] GC(46) User=11.02s Sys=49.39s Real=164.55s
[469.419s][info][gc,start       ] GC(47) Pause Full (Allocation Failure)
[469.420s][info][gc,phases,start] GC(47) Phase 1: Mark live objects
[506.765s][info][gc,phases      ] GC(47) Phase 1: Mark live objects 37344.415ms
[506.765s][info][gc,phases,start] GC(47) Phase 2: Compute new object addresses
[533.700s][info][gc,phases      ] GC(47) Phase 2: Compute new object addresses 26934.811ms
[533.700s][info][gc,phases,start] GC(47) Phase 3: Adjust pointers
[589.832s][info][gc,phases      ] GC(47) Phase 3: Adjust pointers 56126.462ms
[589.841s][info][gc,phases,start] GC(47) Phase 4: Move objects
[589.849s][info][gc,phases      ] GC(47) Phase 4: Move objects 8.437ms
[589.945s][info][gc,heap        ] GC(47) DefNew: 5099519K(5099520K)->5099519K(5099520K) Eden: 4532928K(4532928K)->4532928K(4532928K) From: 566591K(566592K)->566591K(566592K)
[589.945s][info][gc,heap        ] GC(47) Tenured: 11332287K(11332288K)->11332287K(11332288K)
[589.945s][info][gc,metaspace   ] GC(47) Metaspace: 6300K(6464K)->6300K(6464K) NonClass: 5767K(5824K)->5767K(5824K) Class: 532K(640K)->532K(640K)
[589.972s][info][gc             ] GC(47) Pause Full (Allocation Failure) 16046M->16046M(16046M) 120535.835ms
[589.973s][info][gc,cpu         ] GC(47) User=9.70s Sys=40.64s Real=120.55s
[589.973s][info][gc,start       ] GC(48) Pause Full (Allocation Failure)
[589.974s][info][gc,phases,start] GC(48) Phase 1: Mark live objects
[637.777s][info][gc,phases      ] GC(48) Phase 1: Mark live objects 47802.343ms
[637.777s][info][gc,phases,start] GC(48) Phase 2: Compute new object addresses
[663.999s][info][gc,phases      ] GC(48) Phase 2: Compute new object addresses 26222.101ms
[663.999s][info][gc,phases,start] GC(48) Phase 3: Adjust pointers
[718.090s][info][gc,phases      ] GC(48) Phase 3: Adjust pointers 54091.044ms
[718.090s][info][gc,phases,start] GC(48) Phase 4: Move objects
[718.090s][info][gc,phases      ] GC(48) Phase 4: Move objects 0.108ms
[718.106s][info][gc,heap        ] GC(48) DefNew: 5099519K(5099520K)->5099519K(5099520K) Eden: 4532928K(4532928K)->4532928K(4532928K) From: 566591K(566592K)->566591K(566592K)
[718.106s][info][gc,heap        ] GC(48) Tenured: 11332287K(11332288K)->11332287K(11332288K)
[718.107s][info][gc,metaspace   ] GC(48) Metaspace: 6300K(6464K)->6300K(6464K) NonClass: 5767K(5824K)->5767K(5824K) Class: 532K(640K)->532K(640K)
[718.107s][info][gc             ] GC(48) Pause Full (Allocation Failure) 16046M->16046M(16046M) 128134.101ms
[718.107s][info][gc,cpu         ] GC(48) User=9.56s Sys=41.31s Real=128.13s
[718.123s][info][gc,start       ] GC(49) Pause Full (Allocation Failure)
[718.125s][info][gc,phases,start] GC(49) Phase 1: Mark live objects
[767.218s][info][gc,phases      ] GC(49) Phase 1: Mark live objects 49093.724ms
[767.218s][info][gc,phases,start] GC(49) Phase 2: Compute new object addresses
[796.502s][info][gc,phases      ] GC(49) Phase 2: Compute new object addresses 29282.601ms
[796.502s][info][gc,phases,start] GC(49) Phase 3: Adjust pointers
[850.980s][info][gc,phases      ] GC(49) Phase 3: Adjust pointers 54452.823ms
[850.991s][info][gc,phases,start] GC(49) Phase 4: Move objects
[850.994s][info][gc,phases      ] GC(49) Phase 4: Move objects 3.261ms
[851.031s][info][gc,heap        ] GC(49) DefNew: 5099519K(5099520K)->5099519K(5099520K) Eden: 4532928K(4532928K)->4532928K(4532928K) From: 566591K(566592K)->566591K(566592K)
[851.031s][info][gc,heap        ] GC(49) Tenured: 11332287K(11332288K)->11332287K(11332288K)
[851.031s][info][gc,metaspace   ] GC(49) Metaspace: 6300K(6464K)->6300K(6464K) NonClass: 5767K(5824K)->5767K(5824K) Class: 532K(640K)->532K(640K)
[851.040s][info][gc             ] GC(49) Pause Full (Allocation Failure) 16046M->16046M(16046M) 132915.424ms
[851.042s][info][gc,cpu         ] GC(49) User=9.72s Sys=41.34s Real=132.92s
[851.042s][info][gc,start       ] GC(50) Pause Full (Allocation Failure)
[851.043s][info][gc,phases,start] GC(50) Phase 1: Mark live objects
[902.870s][info][gc,phases      ] GC(50) Phase 1: Mark live objects 51826.184ms
[902.872s][info][gc,phases,start] GC(50) Phase 2: Compute new object addresses
[937.119s][info][gc,phases      ] GC(50) Phase 2: Compute new object addresses 34247.371ms
[937.120s][info][gc,phases,start] GC(50) Phase 3: Adjust pointers
[1000.152s][info][gc,phases      ] GC(50) Phase 3: Adjust pointers 63026.880ms
[1000.156s][info][gc,phases,start] GC(50) Phase 4: Move objects
[1030.586s][info][gc,phases      ] GC(50) Phase 4: Move objects 30429.748ms
[1030.605s][info][gc,heap        ] GC(50) DefNew: 5099519K(5099520K)->5099519K(5099520K) Eden: 4532928K(4532928K)->4532928K(4532928K) From: 566591K(566592K)->566591K(566592K)
[1030.605s][info][gc,heap        ] GC(50) Tenured: 11332287K(11332288K)->11332286K(11332288K)
[1030.606s][info][gc,metaspace   ] GC(50) Metaspace: 6300K(6464K)->6300K(6464K) NonClass: 5767K(5824K)->5767K(5824K) Class: 532K(640K)->532K(640K)
[1030.608s][info][gc             ] GC(50) Pause Full (Allocation Failure) 16046M->16046M(16046M) 179565.933ms
[1030.608s][info][gc,cpu         ] GC(50) User=11.23s Sys=52.22s Real=179.57s
[1030.682s][info][gc,start       ] GC(51) Pause Full (Allocation Failure)
[1030.683s][info][gc,phases,start] GC(51) Phase 1: Mark live objects
[1071.886s][info][gc,phases      ] GC(51) Phase 1: Mark live objects 41203.648ms
[1071.888s][info][gc,phases,start] GC(51) Phase 2: Compute new object addresses
[1100.249s][info][gc,phases      ] GC(51) Phase 2: Compute new object addresses 28361.164ms
[1100.249s][info][gc,phases,start] GC(51) Phase 3: Adjust pointers
[1157.420s][info][gc,phases      ] GC(51) Phase 3: Adjust pointers 57169.924ms
[1157.421s][info][gc,phases,start] GC(51) Phase 4: Move objects
[1157.422s][info][gc,phases      ] GC(51) Phase 4: Move objects 0.707ms
[1157.447s][info][gc,heap        ] GC(51) DefNew: 5099519K(5099520K)->5099519K(5099520K) Eden: 4532928K(4532928K)->4532928K(4532928K) From: 566591K(566592K)->566591K(566592K)
[1157.447s][info][gc,heap        ] GC(51) Tenured: 11332287K(11332288K)->11332287K(11332288K)
[1157.447s][info][gc,metaspace   ] GC(51) Metaspace: 6302K(6528K)->6302K(6528K) NonClass: 5768K(5888K)->5768K(5888K) Class: 533K(640K)->533K(640K)
[1157.449s][info][gc             ] GC(51) Pause Full (Allocation Failure) 16046M->16046M(16046M) 126766.837ms
[1157.450s][info][gc,cpu         ] GC(51) User=10.08s Sys=34.58s Real=126.77s
[1157.450s][info][gc,start       ] GC(52) Pause Full (Allocation Failure)
[1157.451s][info][gc,phases,start] GC(52) Phase 1: Mark live objects
[1206.922s][info][gc,phases      ] GC(52) Phase 1: Mark live objects 49470.570ms
[1206.922s][info][gc,phases,start] GC(52) Phase 2: Compute new object addresses
[1237.210s][info][gc,phases      ] GC(52) Phase 2: Compute new object addresses 30284.726ms
[1237.211s][info][gc,phases,start] GC(52) Phase 3: Adjust pointers
[1309.446s][info][gc,phases      ] GC(52) Phase 3: Adjust pointers 72230.244ms
[1309.448s][info][gc,phases,start] GC(52) Phase 4: Move objects
[1345.557s][info][gc,phases      ] GC(52) Phase 4: Move objects 36109.108ms
[1345.575s][info][gc,heap        ] GC(52) DefNew: 5099519K(5099520K)->5099519K(5099520K) Eden: 4532928K(4532928K)->4532928K(4532928K) From: 566591K(566592K)->566591K(566592K)
[1345.575s][info][gc,heap        ] GC(52) Tenured: 11332287K(11332288K)->11332284K(11332288K)
[1345.576s][info][gc,metaspace   ] GC(52) Metaspace: 6302K(6528K)->6302K(6528K) NonClass: 5768K(5888K)->5768K(5888K) Class: 533K(640K)->533K(640K)
[1345.577s][info][gc             ] GC(52) Pause Full (Allocation Failure) 16046M->16046M(16046M) 188127.291ms
[1345.578s][info][gc,cpu         ] GC(52) User=11.34s Sys=49.62s Real=188.13s
[1345.615s][info][gc,heap,exit   ] Heap
[1345.615s][info][gc,heap,exit   ]  def new generation   total 5099520K, used 5099519K [0x00000003f2800000, 0x000000054c550000, 0x000000054c550000)
[1345.615s][info][gc,heap,exit   ]   eden space 4532928K, 100% used [0x00000003f2800000, 0x00000005072b0000, 0x00000005072b0000)
[1345.615s][info][gc,heap,exit   ]   from space 566592K,  99% used [0x0000000529c00000, 0x000000054c54fff8, 0x000000054c550000)
[1345.615s][info][gc,heap,exit   ]   to   space 566592K,   0% used [0x00000005072b0000, 0x00000005072b0000, 0x0000000529c00000)
[1345.615s][info][gc,heap,exit   ]  tenured generation   total 11332288K, used 11332285K [0x000000054c550000, 0x0000000800000000, 0x0000000800000000)
[1345.615s][info][gc,heap,exit   ]    the space 11332288K,  99% used [0x000000054c550000, 0x00000007fffff670, 0x00000007fffff800, 0x0000000800000000)
[1345.615s][info][gc,heap,exit   ]  Metaspace       used 6305K, committed 6528K, reserved 1114112K
[1345.615s][info][gc,heap,exit   ]   class space    used 534K, committed 640K, reserved 1048576K
