[0.010s][info][gc,init] CardTable entry size: 512
[0.011s][info][gc     ] Using Parallel
[0.011s][info][gc,init] Version: 18.0.1+10 (release)
[0.012s][info][gc,init] CPUs: 8 total, 8 available
[0.012s][info][gc,init] Memory: 16063M
[0.012s][info][gc,init] Large Page Support: Disabled
[0.012s][info][gc,init] NUMA Support: Disabled
[0.012s][info][gc,init] Compressed Oops: Enabled (Zero based)
[0.012s][info][gc,init] Alignments: Space 512K, Generation 512K, Heap 2M
[0.012s][info][gc,init] Heap Min Capacity: 2M
[0.012s][info][gc,init] Heap Initial Capacity: 2M
[0.012s][info][gc,init] Heap Max Capacity: 7600M
[0.012s][info][gc,init] Pre-touch: Disabled
[0.012s][info][gc,init] Parallel Workers: 8
[0.012s][info][gc,metaspace] CDS archive(s) not mapped
[0.012s][info][gc,metaspace] Compressed class space mapped at: 0x0000000800000000-0x0000000840000000, reserved size: 1073741824
[0.012s][info][gc,metaspace] Narrow klass base: 0x0000000800000000, Narrow klass shift: 0, Narrow klass range: 0x40000000
[0.114s][info][gc,start    ] GC(0) Pause Young (Allocation Failure)
[0.115s][info][gc,heap     ] GC(0) PSYoungGen: 512K(1024K)->480K(1024K) Eden: 512K(512K)->0K(512K) From: 0K(512K)->480K(512K)
[0.115s][info][gc,heap     ] GC(0) ParOldGen: 0K(512K)->8K(512K)
[0.115s][info][gc,metaspace] GC(0) Metaspace: 4228K(4352K)->4228K(4352K) NonClass: 3907K(3968K)->3907K(3968K) Class: 321K(384K)->321K(384K)
[0.115s][info][gc          ] GC(0) Pause Young (Allocation Failure) 0M->0M(1M) 1.320ms
[0.115s][info][gc,cpu      ] GC(0) User=0.00s Sys=0.00s Real=0.00s
[0.177s][info][gc,start    ] GC(1) Pause Young (Allocation Failure)
[0.178s][info][gc,heap     ] GC(1) PSYoungGen: 991K(1024K)->512K(1536K) Eden: 511K(512K)->0K(1024K) From: 480K(512K)->512K(512K)
[0.178s][info][gc,heap     ] GC(1) ParOldGen: 8K(512K)->104K(512K)
[0.178s][info][gc,metaspace] GC(1) Metaspace: 5877K(6016K)->5877K(6016K) NonClass: 5380K(5504K)->5380K(5504K) Class: 496K(512K)->496K(512K)
[0.178s][info][gc          ] GC(1) Pause Young (Allocation Failure) 0M->0M(2M) 0.978ms
[0.178s][info][gc,cpu      ] GC(1) User=0.00s Sys=0.00s Real=0.00s
[0.198s][info][gc,start    ] GC(2) Pause Young (Allocation Failure)
[0.199s][info][gc,heap     ] GC(2) PSYoungGen: 1536K(1536K)->496K(1536K) Eden: 1024K(1024K)->0K(1024K) From: 512K(512K)->496K(512K)
[0.199s][info][gc,heap     ] GC(2) ParOldGen: 104K(512K)->520K(1024K)
[0.199s][info][gc,metaspace] GC(2) Metaspace: 6296K(6464K)->6296K(6464K) NonClass: 5763K(5824K)->5763K(5824K) Class: 533K(640K)->533K(640K)
[0.199s][info][gc          ] GC(2) Pause Young (Allocation Failure) 1M->0M(2M) 1.423ms
[0.200s][info][gc,cpu      ] GC(2) User=0.00s Sys=0.00s Real=0.00s
[0.201s][info][gc,start    ] GC(3) Pause Young (Allocation Failure)
[0.202s][info][gc,heap     ] GC(3) PSYoungGen: 1520K(1536K)->480K(2560K) Eden: 1024K(1024K)->0K(2048K) From: 496K(512K)->480K(512K)
[0.202s][info][gc,heap     ] GC(3) ParOldGen: 520K(1024K)->1076K(1536K)
[0.202s][info][gc,metaspace] GC(3) Metaspace: 6296K(6464K)->6296K(6464K) NonClass: 5763K(5824K)->5763K(5824K) Class: 533K(640K)->533K(640K)
[0.202s][info][gc          ] GC(3) Pause Young (Allocation Failure) 1M->1M(4M) 1.269ms
[0.202s][info][gc,cpu      ] GC(3) User=0.00s Sys=0.00s Real=0.00s
[0.202s][info][gc,start    ] GC(4) Pause Full (Ergonomics)
[0.202s][info][gc,phases,start] GC(4) Marking Phase
[0.203s][info][gc,phases      ] GC(4) Marking Phase 1.186ms
[0.203s][info][gc,phases,start] GC(4) Summary Phase
[0.203s][info][gc,phases      ] GC(4) Summary Phase 0.014ms
[0.203s][info][gc,phases,start] GC(4) Adjust Roots
[0.204s][info][gc,phases      ] GC(4) Adjust Roots 0.417ms
[0.204s][info][gc,phases,start] GC(4) Compaction Phase
[0.207s][info][gc,phases      ] GC(4) Compaction Phase 3.408ms
[0.207s][info][gc,phases,start] GC(4) Post Compact
[0.207s][info][gc,phases      ] GC(4) Post Compact 0.073ms
[0.207s][info][gc,heap        ] GC(4) PSYoungGen: 480K(2560K)->0K(2560K) Eden: 0K(2048K)->0K(2048K) From: 480K(512K)->0K(512K)
[0.207s][info][gc,heap        ] GC(4) ParOldGen: 1076K(1536K)->1495K(3584K)
[0.208s][info][gc,metaspace   ] GC(4) Metaspace: 6296K(6464K)->6296K(6464K) NonClass: 5763K(5824K)->5763K(5824K) Class: 533K(640K)->533K(640K)
[0.208s][info][gc             ] GC(4) Pause Full (Ergonomics) 1M->1M(6M) 5.457ms
[0.208s][info][gc,cpu         ] GC(4) User=0.00s Sys=0.00s Real=0.00s
[0.211s][info][gc,start       ] GC(5) Pause Young (Allocation Failure)
[0.212s][info][gc,heap        ] GC(5) PSYoungGen: 2048K(2560K)->480K(3584K) Eden: 2048K(2048K)->0K(3072K) From: 0K(512K)->480K(512K)
[0.212s][info][gc,heap        ] GC(5) ParOldGen: 1495K(3584K)->2111K(3584K)
[0.212s][info][gc,metaspace   ] GC(5) Metaspace: 6296K(6464K)->6296K(6464K) NonClass: 5763K(5824K)->5763K(5824K) Class: 533K(640K)->533K(640K)
[0.212s][info][gc             ] GC(5) Pause Young (Allocation Failure) 3M->2M(7M) 1.456ms
[0.212s][info][gc,cpu         ] GC(5) User=0.00s Sys=0.00s Real=0.00s
[0.217s][info][gc,start       ] GC(6) Pause Young (Allocation Failure)
[0.219s][info][gc,heap        ] GC(6) PSYoungGen: 3552K(3584K)->1504K(4608K) Eden: 3072K(3072K)->0K(3072K) From: 480K(512K)->1504K(1536K)
[0.219s][info][gc,heap        ] GC(6) ParOldGen: 2111K(3584K)->2679K(3584K)
[0.219s][info][gc,metaspace   ] GC(6) Metaspace: 6296K(6464K)->6296K(6464K) NonClass: 5763K(5824K)->5763K(5824K) Class: 533K(640K)->533K(640K)
[0.219s][info][gc             ] GC(6) Pause Young (Allocation Failure) 5M->4M(8M) 2.126ms
[0.219s][info][gc,cpu         ] GC(6) User=0.00s Sys=0.00s Real=0.00s
[0.223s][info][gc,start       ] GC(7) Pause Young (Allocation Failure)
[0.226s][info][gc,heap        ] GC(7) PSYoungGen: 4576K(4608K)->2016K(7168K) Eden: 3072K(3072K)->0K(5120K) From: 1504K(1536K)->2016K(2048K)
[0.226s][info][gc,heap        ] GC(7) ParOldGen: 2679K(3584K)->3767K(4096K)
[0.226s][info][gc,metaspace   ] GC(7) Metaspace: 6296K(6464K)->6296K(6464K) NonClass: 5763K(5824K)->5763K(5824K) Class: 533K(640K)->533K(640K)
[0.226s][info][gc             ] GC(7) Pause Young (Allocation Failure) 7M->5M(11M) 3.116ms
[0.226s][info][gc,cpu         ] GC(7) User=0.00s Sys=0.00s Real=0.00s
[0.226s][info][gc,start       ] GC(8) Pause Full (Ergonomics)
[0.226s][info][gc,phases,start] GC(8) Marking Phase
[0.229s][info][gc,phases      ] GC(8) Marking Phase 2.896ms
[0.229s][info][gc,phases,start] GC(8) Summary Phase
[0.229s][info][gc,phases      ] GC(8) Summary Phase 0.014ms
[0.229s][info][gc,phases,start] GC(8) Adjust Roots
[0.229s][info][gc,phases      ] GC(8) Adjust Roots 0.360ms
[0.229s][info][gc,phases,start] GC(8) Compaction Phase
[0.235s][info][gc,phases      ] GC(8) Compaction Phase 5.144ms
[0.235s][info][gc,phases,start] GC(8) Post Compact
[0.235s][info][gc,phases      ] GC(8) Post Compact 0.040ms
[0.235s][info][gc,heap        ] GC(8) PSYoungGen: 2016K(7168K)->2012K(7168K) Eden: 0K(5120K)->0K(5120K) From: 2016K(2048K)->2012K(2048K)
[0.235s][info][gc,heap        ] GC(8) ParOldGen: 3767K(4096K)->3682K(6656K)
[0.235s][info][gc,metaspace   ] GC(8) Metaspace: 6296K(6464K)->6296K(6464K) NonClass: 5763K(5824K)->5763K(5824K) Class: 533K(640K)->533K(640K)
[0.235s][info][gc             ] GC(8) Pause Full (Ergonomics) 5M->5M(13M) 8.938ms
[0.235s][info][gc,cpu         ] GC(8) User=0.02s Sys=0.00s Real=0.01s
[0.242s][info][gc,start       ] GC(9) Pause Young (Allocation Failure)
[0.246s][info][gc,heap        ] GC(9) PSYoungGen: 7132K(7168K)->3040K(8192K) Eden: 5120K(5120K)->0K(5120K) From: 2012K(2048K)->3040K(3072K)
[0.246s][info][gc,heap        ] GC(9) ParOldGen: 3682K(6656K)->5330K(6656K)
[0.246s][info][gc,metaspace   ] GC(9) Metaspace: 6296K(6464K)->6296K(6464K) NonClass: 5763K(5824K)->5763K(5824K) Class: 533K(640K)->533K(640K)
[0.247s][info][gc             ] GC(9) Pause Young (Allocation Failure) 10M->8M(14M) 4.506ms
[0.247s][info][gc,cpu         ] GC(9) User=0.00s Sys=0.00s Real=0.00s
[0.247s][info][gc,start       ] GC(10) Pause Full (Ergonomics)
[0.247s][info][gc,phases,start] GC(10) Marking Phase
[0.251s][info][gc,phases      ] GC(10) Marking Phase 4.005ms
[0.251s][info][gc,phases,start] GC(10) Summary Phase
[0.251s][info][gc,phases      ] GC(10) Summary Phase 0.018ms
[0.251s][info][gc,phases,start] GC(10) Adjust Roots
[0.251s][info][gc,phases      ] GC(10) Adjust Roots 0.194ms
[0.251s][info][gc,phases,start] GC(10) Compaction Phase
[0.254s][info][gc,phases      ] GC(10) Compaction Phase 2.894ms
[0.254s][info][gc,phases,start] GC(10) Post Compact
[0.254s][info][gc,phases      ] GC(10) Post Compact 0.050ms
[0.254s][info][gc,heap        ] GC(10) PSYoungGen: 3040K(8192K)->1820K(8192K) Eden: 0K(5120K)->0K(5120K) From: 3040K(3072K)->1820K(3072K)
[0.254s][info][gc,heap        ] GC(10) ParOldGen: 5330K(6656K)->6510K(10752K)
[0.254s][info][gc,metaspace   ] GC(10) Metaspace: 6296K(6464K)->6296K(6464K) NonClass: 5763K(5824K)->5763K(5824K) Class: 533K(640K)->533K(640K)
[0.254s][info][gc             ] GC(10) Pause Full (Ergonomics) 8M->8M(18M) 7.523ms
[0.254s][info][gc,cpu         ] GC(10) User=0.00s Sys=0.00s Real=0.01s
[0.260s][info][gc,start       ] GC(11) Pause Young (Allocation Failure)
[0.264s][info][gc,heap        ] GC(11) PSYoungGen: 6940K(8192K)->4096K(10752K) Eden: 5120K(5120K)->0K(6144K) From: 1820K(3072K)->4096K(4608K)
[0.264s][info][gc,heap        ] GC(11) ParOldGen: 6510K(10752K)->6942K(10752K)
[0.264s][info][gc,metaspace   ] GC(11) Metaspace: 6296K(6464K)->6296K(6464K) NonClass: 5763K(5824K)->5763K(5824K) Class: 533K(640K)->533K(640K)
[0.264s][info][gc             ] GC(11) Pause Young (Allocation Failure) 13M->10M(21M) 4.334ms
[0.264s][info][gc,cpu         ] GC(11) User=0.00s Sys=0.00s Real=0.00s
[0.271s][info][gc,start       ] GC(12) Pause Young (Allocation Failure)
[0.276s][info][gc,heap        ] GC(12) PSYoungGen: 10240K(10752K)->5088K(11264K) Eden: 6144K(6144K)->0K(6144K) From: 4096K(4608K)->5088K(5120K)
[0.276s][info][gc,heap        ] GC(12) ParOldGen: 6942K(10752K)->9374K(10752K)
[0.276s][info][gc,metaspace   ] GC(12) Metaspace: 6296K(6464K)->6296K(6464K) NonClass: 5763K(5824K)->5763K(5824K) Class: 533K(640K)->533K(640K)
[0.276s][info][gc             ] GC(12) Pause Young (Allocation Failure) 16M->14M(21M) 5.445ms
[0.276s][info][gc,cpu         ] GC(12) User=0.00s Sys=0.00s Real=0.00s
[0.276s][info][gc,start       ] GC(13) Pause Full (Ergonomics)
[0.276s][info][gc,phases,start] GC(13) Marking Phase
[0.282s][info][gc,phases      ] GC(13) Marking Phase 5.931ms
[0.282s][info][gc,phases,start] GC(13) Summary Phase
[0.282s][info][gc,phases      ] GC(13) Summary Phase 0.015ms
[0.282s][info][gc,phases,start] GC(13) Adjust Roots
[0.282s][info][gc,phases      ] GC(13) Adjust Roots 0.157ms
[0.282s][info][gc,phases,start] GC(13) Compaction Phase
[0.288s][info][gc,phases      ] GC(13) Compaction Phase 5.838ms
[0.288s][info][gc,phases,start] GC(13) Post Compact
[0.288s][info][gc,phases      ] GC(13) Post Compact 0.068ms
[0.288s][info][gc,heap        ] GC(13) PSYoungGen: 5088K(11264K)->3545K(11264K) Eden: 0K(6144K)->0K(6144K) From: 5088K(5120K)->3545K(5120K)
[0.288s][info][gc,heap        ] GC(13) ParOldGen: 9374K(10752K)->10585K(16384K)
[0.288s][info][gc,metaspace   ] GC(13) Metaspace: 6296K(6464K)->6296K(6464K) NonClass: 5763K(5824K)->5763K(5824K) Class: 533K(640K)->533K(640K)
[0.288s][info][gc             ] GC(13) Pause Full (Ergonomics) 14M->13M(27M) 12.262ms
[0.288s][info][gc,cpu         ] GC(13) User=0.00s Sys=0.00s Real=0.01s
[0.293s][info][gc,start       ] GC(14) Pause Young (Allocation Failure)
[0.298s][info][gc,heap        ] GC(14) PSYoungGen: 9689K(11264K)->4928K(14848K) Eden: 6144K(6144K)->0K(8192K) From: 3545K(5120K)->4928K(6656K)
[0.298s][info][gc,heap        ] GC(14) ParOldGen: 10585K(16384K)->12385K(16384K)
[0.298s][info][gc,metaspace   ] GC(14) Metaspace: 6298K(6464K)->6298K(6464K) NonClass: 5765K(5824K)->5765K(5824K) Class: 533K(640K)->533K(640K)
[0.298s][info][gc             ] GC(14) Pause Young (Allocation Failure) 19M->16M(30M) 5.469ms
[0.298s][info][gc,cpu         ] GC(14) User=0.00s Sys=0.00s Real=0.01s
[0.303s][info][gc,start       ] GC(15) Pause Young (Allocation Failure)
[0.309s][info][gc,heap        ] GC(15) PSYoungGen: 13120K(14848K)->7168K(15360K) Eden: 8192K(8192K)->0K(8192K) From: 4928K(6656K)->7168K(7168K)
[0.309s][info][gc,heap        ] GC(15) ParOldGen: 12385K(16384K)->14409K(16384K)
[0.309s][info][gc,metaspace   ] GC(15) Metaspace: 6298K(6464K)->6298K(6464K) NonClass: 5765K(5824K)->5765K(5824K) Class: 533K(640K)->533K(640K)
[0.309s][info][gc             ] GC(15) Pause Young (Allocation Failure) 24M->21M(31M) 5.973ms
[0.309s][info][gc,cpu         ] GC(15) User=0.00s Sys=0.00s Real=0.00s
[0.309s][info][gc,start       ] GC(16) Pause Full (Ergonomics)
[0.309s][info][gc,phases,start] GC(16) Marking Phase
[0.318s][info][gc,phases      ] GC(16) Marking Phase 8.607ms
[0.318s][info][gc,phases,start] GC(16) Summary Phase
[0.318s][info][gc,phases      ] GC(16) Summary Phase 0.020ms
[0.318s][info][gc,phases,start] GC(16) Adjust Roots
[0.318s][info][gc,phases      ] GC(16) Adjust Roots 0.237ms
[0.318s][info][gc,phases,start] GC(16) Compaction Phase
[0.326s][info][gc,phases      ] GC(16) Compaction Phase 7.690ms
[0.326s][info][gc,phases,start] GC(16) Post Compact
[0.326s][info][gc,phases      ] GC(16) Post Compact 0.101ms
[0.326s][info][gc,heap        ] GC(16) PSYoungGen: 7168K(15360K)->5620K(15360K) Eden: 0K(8192K)->0K(8192K) From: 7168K(7168K)->5620K(7168K)
[0.326s][info][gc,heap        ] GC(16) ParOldGen: 14409K(16384K)->15878K(23552K)
[0.326s][info][gc,metaspace   ] GC(16) Metaspace: 6298K(6464K)->6298K(6464K) NonClass: 5765K(5824K)->5765K(5824K) Class: 533K(640K)->533K(640K)
[0.326s][info][gc             ] GC(16) Pause Full (Ergonomics) 21M->20M(38M) 17.010ms
[0.326s][info][gc,cpu         ] GC(16) User=0.02s Sys=0.02s Real=0.02s
[0.334s][info][gc,start       ] GC(17) Pause Young (Allocation Failure)
[0.343s][info][gc,heap        ] GC(17) PSYoungGen: 13812K(15360K)->4768K(20480K) Eden: 8192K(8192K)->0K(11264K) From: 5620K(7168K)->4768K(9216K)
[0.343s][info][gc,heap        ] GC(17) ParOldGen: 15878K(23552K)->21590K(23552K)
[0.343s][info][gc,metaspace   ] GC(17) Metaspace: 6298K(6464K)->6298K(6464K) NonClass: 5765K(5824K)->5765K(5824K) Class: 533K(640K)->533K(640K)
[0.343s][info][gc             ] GC(17) Pause Young (Allocation Failure) 28M->25M(43M) 8.818ms
[0.343s][info][gc,cpu         ] GC(17) User=0.00s Sys=0.00s Real=0.01s
[0.343s][info][gc,start       ] GC(18) Pause Full (Ergonomics)
[0.343s][info][gc,phases,start] GC(18) Marking Phase
[0.354s][info][gc,phases      ] GC(18) Marking Phase 10.765ms
[0.354s][info][gc,phases,start] GC(18) Summary Phase
[0.354s][info][gc,phases      ] GC(18) Summary Phase 0.019ms
[0.354s][info][gc,phases,start] GC(18) Adjust Roots
[0.354s][info][gc,phases      ] GC(18) Adjust Roots 0.171ms
[0.354s][info][gc,phases,start] GC(18) Compaction Phase
[0.363s][info][gc,phases      ] GC(18) Compaction Phase 9.596ms
[0.363s][info][gc,phases,start] GC(18) Post Compact
[0.364s][info][gc,phases      ] GC(18) Post Compact 0.103ms
[0.364s][info][gc,heap        ] GC(18) PSYoungGen: 4768K(20480K)->2169K(20480K) Eden: 0K(11264K)->0K(11264K) From: 4768K(9216K)->2169K(9216K)
[0.364s][info][gc,heap        ] GC(18) ParOldGen: 21590K(23552K)->23544K(34304K)
[0.364s][info][gc,metaspace   ] GC(18) Metaspace: 6298K(6464K)->6298K(6464K) NonClass: 5765K(5824K)->5765K(5824K) Class: 533K(640K)->533K(640K)
[0.364s][info][gc             ] GC(18) Pause Full (Ergonomics) 25M->25M(53M) 20.995ms
[0.364s][info][gc,cpu         ] GC(18) User=0.00s Sys=0.00s Real=0.02s
[0.371s][info][gc,start       ] GC(19) Pause Young (Allocation Failure)
[0.379s][info][gc,heap        ] GC(19) PSYoungGen: 13433K(20480K)->5856K(20480K) Eden: 11264K(11264K)->0K(11264K) From: 2169K(9216K)->5856K(9216K)
[0.379s][info][gc,heap        ] GC(19) ParOldGen: 23544K(34304K)->25752K(34304K)
[0.379s][info][gc,metaspace   ] GC(19) Metaspace: 6298K(6464K)->6298K(6464K) NonClass: 5765K(5824K)->5765K(5824K) Class: 533K(640K)->533K(640K)
[0.379s][info][gc             ] GC(19) Pause Young (Allocation Failure) 36M->30M(53M) 7.812ms
[0.379s][info][gc,cpu         ] GC(19) User=0.00s Sys=0.00s Real=0.01s
[0.388s][info][gc,start       ] GC(20) Pause Young (Allocation Failure)
[0.401s][info][gc,heap        ] GC(20) PSYoungGen: 17120K(20480K)->9728K(20992K) Eden: 11264K(11264K)->0K(11264K) From: 5856K(9216K)->9728K(9728K)
[0.401s][info][gc,heap        ] GC(20) ParOldGen: 25752K(34304K)->31744K(34304K)
[0.401s][info][gc,metaspace   ] GC(20) Metaspace: 6298K(6464K)->6298K(6464K) NonClass: 5765K(5824K)->5765K(5824K) Class: 533K(640K)->533K(640K)
[0.401s][info][gc             ] GC(20) Pause Young (Allocation Failure) 41M->40M(54M) 12.591ms
[0.401s][info][gc,cpu         ] GC(20) User=0.00s Sys=0.00s Real=0.01s
[0.401s][info][gc,start       ] GC(21) Pause Full (Ergonomics)
[0.401s][info][gc,phases,start] GC(21) Marking Phase
[0.417s][info][gc,phases      ] GC(21) Marking Phase 16.454ms
[0.417s][info][gc,phases,start] GC(21) Summary Phase
[0.417s][info][gc,phases      ] GC(21) Summary Phase 0.019ms
[0.417s][info][gc,phases,start] GC(21) Adjust Roots
[0.418s][info][gc,phases      ] GC(21) Adjust Roots 0.166ms
[0.418s][info][gc,phases,start] GC(21) Compaction Phase
[0.430s][info][gc,phases      ] GC(21) Compaction Phase 12.754ms
[0.430s][info][gc,phases,start] GC(21) Post Compact
[0.431s][info][gc,phases      ] GC(21) Post Compact 0.163ms
[0.431s][info][gc,heap        ] GC(21) PSYoungGen: 9728K(20992K)->7153K(20992K) Eden: 0K(11264K)->0K(11264K) From: 9728K(9728K)->7153K(9728K)
[0.431s][info][gc,heap        ] GC(21) ParOldGen: 31744K(34304K)->34161K(47616K)
[0.431s][info][gc,metaspace   ] GC(21) Metaspace: 6298K(6464K)->6298K(6464K) NonClass: 5765K(5824K)->5765K(5824K) Class: 533K(640K)->533K(640K)
[0.431s][info][gc             ] GC(21) Pause Full (Ergonomics) 40M->40M(67M) 29.904ms
[0.431s][info][gc,cpu         ] GC(21) User=0.03s Sys=0.00s Real=0.03s
[0.444s][info][gc,start       ] GC(22) Pause Young (Allocation Failure)
[0.458s][info][gc,heap        ] GC(22) PSYoungGen: 18417K(20992K)->11264K(24576K) Eden: 11264K(11264K)->0K(11264K) From: 7153K(9728K)->11264K(13312K)
[0.458s][info][gc,heap        ] GC(22) ParOldGen: 34161K(47616K)->41441K(47616K)
[0.458s][info][gc,metaspace   ] GC(22) Metaspace: 6298K(6464K)->6298K(6464K) NonClass: 5765K(5824K)->5765K(5824K) Class: 533K(640K)->533K(640K)
[0.458s][info][gc             ] GC(22) Pause Young (Allocation Failure) 51M->51M(70M) 13.678ms
[0.458s][info][gc,cpu         ] GC(22) User=0.00s Sys=0.00s Real=0.01s
[0.458s][info][gc,start       ] GC(23) Pause Full (Ergonomics)
[0.458s][info][gc,phases,start] GC(23) Marking Phase
[0.479s][info][gc,phases      ] GC(23) Marking Phase 21.566ms
[0.479s][info][gc,phases,start] GC(23) Summary Phase
[0.480s][info][gc,phases      ] GC(23) Summary Phase 0.020ms
[0.480s][info][gc,phases,start] GC(23) Adjust Roots
[0.480s][info][gc,phases      ] GC(23) Adjust Roots 0.167ms
[0.480s][info][gc,phases,start] GC(23) Compaction Phase
[0.497s][info][gc,phases      ] GC(23) Compaction Phase 16.794ms
[0.497s][info][gc,phases,start] GC(23) Post Compact
[0.497s][info][gc,phases      ] GC(23) Post Compact 0.198ms
[0.497s][info][gc,heap        ] GC(23) PSYoungGen: 11264K(24576K)->4078K(24576K) Eden: 0K(11264K)->0K(11264K) From: 11264K(13312K)->4078K(13312K)
[0.497s][info][gc,heap        ] GC(23) ParOldGen: 41441K(47616K)->47449K(64000K)
[0.497s][info][gc,metaspace   ] GC(23) Metaspace: 6298K(6464K)->6298K(6464K) NonClass: 5765K(5824K)->5765K(5824K) Class: 533K(640K)->533K(640K)
[0.497s][info][gc             ] GC(23) Pause Full (Ergonomics) 51M->50M(86M) 39.157ms
[0.497s][info][gc,cpu         ] GC(23) User=0.05s Sys=0.00s Real=0.04s
[0.508s][info][gc,start       ] GC(24) Pause Young (Allocation Failure)
[0.522s][info][gc,heap        ] GC(24) PSYoungGen: 15342K(24576K)->14848K(25600K) Eden: 11264K(11264K)->0K(10752K) From: 4078K(13312K)->14848K(14848K)
[0.522s][info][gc,heap        ] GC(24) ParOldGen: 47449K(64000K)->47961K(64000K)
[0.522s][info][gc,metaspace   ] GC(24) Metaspace: 6298K(6464K)->6298K(6464K) NonClass: 5765K(5824K)->5765K(5824K) Class: 533K(640K)->533K(640K)
[0.522s][info][gc             ] GC(24) Pause Young (Allocation Failure) 61M->61M(87M) 13.930ms
[0.522s][info][gc,cpu         ] GC(24) User=0.00s Sys=0.00s Real=0.01s
[0.533s][info][gc,start       ] GC(25) Pause Young (Allocation Failure)
[0.550s][info][gc,heap        ] GC(25) PSYoungGen: 25600K(25600K)->10784K(28160K) Eden: 10752K(10752K)->0K(10752K) From: 14848K(14848K)->10784K(17408K)
[0.550s][info][gc,heap        ] GC(25) ParOldGen: 47961K(64000K)->63017K(64000K)
[0.550s][info][gc,metaspace   ] GC(25) Metaspace: 6298K(6464K)->6298K(6464K) NonClass: 5765K(5824K)->5765K(5824K) Class: 533K(640K)->533K(640K)
[0.550s][info][gc             ] GC(25) Pause Young (Allocation Failure) 71M->72M(90M) 17.737ms
[0.551s][info][gc,cpu         ] GC(25) User=0.03s Sys=0.00s Real=0.02s
[0.551s][info][gc,start       ] GC(26) Pause Full (Ergonomics)
[0.551s][info][gc,phases,start] GC(26) Marking Phase
[0.580s][info][gc,phases      ] GC(26) Marking Phase 29.595ms
[0.580s][info][gc,phases,start] GC(26) Summary Phase
[0.580s][info][gc,phases      ] GC(26) Summary Phase 0.019ms
[0.580s][info][gc,phases,start] GC(26) Adjust Roots
[0.580s][info][gc,phases      ] GC(26) Adjust Roots 0.159ms
[0.580s][info][gc,phases,start] GC(26) Compaction Phase
[0.597s][info][gc,phases      ] GC(26) Compaction Phase 16.544ms
[0.597s][info][gc,phases,start] GC(26) Post Compact
[0.598s][info][gc,phases      ] GC(26) Post Compact 0.486ms
[0.598s][info][gc,heap        ] GC(26) PSYoungGen: 10784K(28160K)->9700K(28160K) Eden: 0K(10752K)->0K(10752K) From: 10784K(17408K)->9700K(17408K)
[0.598s][info][gc,heap        ] GC(26) ParOldGen: 63017K(64000K)->63784K(86016K)
[0.598s][info][gc,metaspace   ] GC(26) Metaspace: 6298K(6464K)->6298K(6464K) NonClass: 5765K(5824K)->5765K(5824K) Class: 533K(640K)->533K(640K)
[0.598s][info][gc             ] GC(26) Pause Full (Ergonomics) 72M->71M(111M) 47.268ms
[0.598s][info][gc,cpu         ] GC(26) User=0.06s Sys=0.00s Real=0.05s
[0.609s][info][gc,start       ] GC(27) Pause Young (Allocation Failure)
[0.632s][info][gc,heap        ] GC(27) PSYoungGen: 20452K(28160K)->17920K(27136K) Eden: 10752K(10752K)->0K(9216K) From: 9700K(17408K)->17920K(17920K)
[0.632s][info][gc,heap        ] GC(27) ParOldGen: 63784K(86016K)->66368K(86016K)
[0.632s][info][gc,metaspace   ] GC(27) Metaspace: 6298K(6464K)->6298K(6464K) NonClass: 5765K(5824K)->5765K(5824K) Class: 533K(640K)->533K(640K)
[0.632s][info][gc             ] GC(27) Pause Young (Allocation Failure) 82M->82M(110M) 22.948ms
[0.632s][info][gc,cpu         ] GC(27) User=0.02s Sys=0.02s Real=0.02s
[0.649s][info][gc,start       ] GC(28) Pause Young (Allocation Failure)
[0.670s][info][gc,heap        ] GC(28) PSYoungGen: 27136K(27136K)->9248K(31232K) Eden: 9216K(9216K)->0K(9216K) From: 17920K(17920K)->9248K(22016K)
[0.670s][info][gc,heap        ] GC(28) ParOldGen: 66368K(86016K)->84544K(86016K)
[0.670s][info][gc,metaspace   ] GC(28) Metaspace: 6298K(6464K)->6298K(6464K) NonClass: 5765K(5824K)->5765K(5824K) Class: 533K(640K)->533K(640K)
[0.670s][info][gc             ] GC(28) Pause Young (Allocation Failure) 91M->91M(114M) 20.996ms
[0.670s][info][gc,cpu         ] GC(28) User=0.03s Sys=0.00s Real=0.02s
[0.670s][info][gc,start       ] GC(29) Pause Full (Ergonomics)
[0.670s][info][gc,phases,start] GC(29) Marking Phase
[0.707s][info][gc,phases      ] GC(29) Marking Phase 36.783ms
[0.707s][info][gc,phases,start] GC(29) Summary Phase
[0.707s][info][gc,phases      ] GC(29) Summary Phase 0.015ms
[0.707s][info][gc,phases,start] GC(29) Adjust Roots
[0.707s][info][gc,phases      ] GC(29) Adjust Roots 0.167ms
[0.707s][info][gc,phases,start] GC(29) Compaction Phase
[0.732s][info][gc,phases      ] GC(29) Compaction Phase 25.110ms
[0.732s][info][gc,phases,start] GC(29) Post Compact
[0.733s][info][gc,phases      ] GC(29) Post Compact 0.314ms
[0.733s][info][gc,heap        ] GC(29) PSYoungGen: 9248K(31232K)->8176K(31232K) Eden: 0K(9216K)->0K(9216K) From: 9248K(22016K)->8176K(22016K)
[0.733s][info][gc,heap        ] GC(29) ParOldGen: 84544K(86016K)->83181K(111616K)
[0.733s][info][gc,metaspace   ] GC(29) Metaspace: 6298K(6464K)->6298K(6464K) NonClass: 5765K(5824K)->5765K(5824K) Class: 533K(640K)->533K(640K)
[0.733s][info][gc             ] GC(29) Pause Full (Ergonomics) 91M->89M(139M) 62.768ms
[0.733s][info][gc,cpu         ] GC(29) User=0.09s Sys=0.00s Real=0.06s
[0.741s][info][gc,start       ] GC(30) Pause Young (Allocation Failure)
[0.755s][info][gc,heap        ] GC(30) PSYoungGen: 17392K(31232K)->17440K(30208K) Eden: 9216K(9216K)->0K(9216K) From: 8176K(22016K)->17440K(20992K)
[0.755s][info][gc,heap        ] GC(30) ParOldGen: 83181K(111616K)->83181K(111616K)
[0.755s][info][gc,metaspace   ] GC(30) Metaspace: 6298K(6464K)->6298K(6464K) NonClass: 5765K(5824K)->5765K(5824K) Class: 533K(640K)->533K(640K)
[0.755s][info][gc             ] GC(30) Pause Young (Allocation Failure) 98M->98M(138M) 13.876ms
[0.755s][info][gc,cpu         ] GC(30) User=0.00s Sys=0.00s Real=0.01s
[0.763s][info][gc,start       ] GC(31) Pause Young (Allocation Failure)
[0.775s][info][gc,heap        ] GC(31) PSYoungGen: 26656K(30208K)->23008K(32256K) Eden: 9216K(9216K)->0K(9216K) From: 17440K(20992K)->23008K(23040K)
[0.775s][info][gc,heap        ] GC(31) ParOldGen: 83181K(111616K)->86821K(111616K)
[0.775s][info][gc,metaspace   ] GC(31) Metaspace: 6298K(6464K)->6298K(6464K) NonClass: 5765K(5824K)->5765K(5824K) Class: 533K(640K)->533K(640K)
[0.775s][info][gc             ] GC(31) Pause Young (Allocation Failure) 107M->107M(140M) 12.388ms
[0.775s][info][gc,cpu         ] GC(31) User=0.00s Sys=0.00s Real=0.01s
[0.784s][info][gc,start       ] GC(32) Pause Young (Allocation Failure)
[0.801s][info][gc,heap        ] GC(32) PSYoungGen: 32224K(32256K)->17760K(38400K) Eden: 9216K(9216K)->0K(10240K) From: 23008K(23040K)->17760K(28160K)
[0.801s][info][gc,heap        ] GC(32) ParOldGen: 86821K(111616K)->101477K(111616K)
[0.801s][info][gc,metaspace   ] GC(32) Metaspace: 6298K(6464K)->6298K(6464K) NonClass: 5765K(5824K)->5765K(5824K) Class: 533K(640K)->533K(640K)
[0.801s][info][gc             ] GC(32) Pause Young (Allocation Failure) 116M->116M(146M) 17.422ms
[0.801s][info][gc,cpu         ] GC(32) User=0.02s Sys=0.00s Real=0.02s
[0.801s][info][gc,start       ] GC(33) Pause Full (Ergonomics)
[0.801s][info][gc,phases,start] GC(33) Marking Phase
[0.833s][info][gc,phases      ] GC(33) Marking Phase 32.168ms
[0.833s][info][gc,phases,start] GC(33) Summary Phase
[0.833s][info][gc,phases      ] GC(33) Summary Phase 0.022ms
[0.833s][info][gc,phases,start] GC(33) Adjust Roots
[0.833s][info][gc,phases      ] GC(33) Adjust Roots 0.156ms
[0.833s][info][gc,phases,start] GC(33) Compaction Phase
[0.861s][info][gc,phases      ] GC(33) Compaction Phase 27.658ms
[0.861s][info][gc,phases,start] GC(33) Post Compact
[0.862s][info][gc,phases      ] GC(33) Post Compact 0.523ms
[0.862s][info][gc,heap        ] GC(33) PSYoungGen: 17760K(38400K)->7456K(38400K) Eden: 0K(10240K)->0K(10240K) From: 17760K(28160K)->7456K(28160K)
[0.862s][info][gc,heap        ] GC(33) ParOldGen: 101477K(111616K)->111453K(142848K)
[0.862s][info][gc,metaspace   ] GC(33) Metaspace: 6298K(6464K)->6298K(6464K) NonClass: 5765K(5824K)->5765K(5824K) Class: 533K(640K)->533K(640K)
[0.862s][info][gc             ] GC(33) Pause Full (Ergonomics) 116M->116M(177M) 60.952ms
[0.862s][info][gc,cpu         ] GC(33) User=0.11s Sys=0.00s Real=0.06s
[0.872s][info][gc,start       ] GC(34) Pause Young (Allocation Failure)
[0.888s][info][gc,heap        ] GC(34) PSYoungGen: 17696K(38400K)->15232K(39424K) Eden: 10240K(10240K)->0K(10240K) From: 7456K(28160K)->15232K(29184K)
[0.888s][info][gc,heap        ] GC(34) ParOldGen: 111453K(142848K)->114053K(142848K)
[0.888s][info][gc,metaspace   ] GC(34) Metaspace: 6298K(6464K)->6298K(6464K) NonClass: 5765K(5824K)->5765K(5824K) Class: 533K(640K)->533K(640K)
[0.888s][info][gc             ] GC(34) Pause Young (Allocation Failure) 126M->126M(178M) 16.275ms
[0.888s][info][gc,cpu         ] GC(34) User=0.00s Sys=0.00s Real=0.02s
[0.898s][info][gc,start       ] GC(35) Pause Young (Allocation Failure)
[0.912s][info][gc,heap        ] GC(35) PSYoungGen: 25472K(39424K)->25440K(37888K) Eden: 10240K(10240K)->0K(9216K) From: 15232K(29184K)->25440K(28672K)
[0.912s][info][gc,heap        ] GC(35) ParOldGen: 114053K(142848K)->114053K(142848K)
[0.912s][info][gc,metaspace   ] GC(35) Metaspace: 6298K(6464K)->6298K(6464K) NonClass: 5765K(5824K)->5765K(5824K) Class: 533K(640K)->533K(640K)
[0.912s][info][gc             ] GC(35) Pause Young (Allocation Failure) 136M->136M(176M) 14.915ms
[0.912s][info][gc,cpu         ] GC(35) User=0.00s Sys=0.00s Real=0.01s
[0.922s][info][gc,start       ] GC(36) Pause Young (Allocation Failure)
[0.939s][info][gc,heap        ] GC(36) PSYoungGen: 34656K(37888K)->29728K(40960K) Eden: 9216K(9216K)->0K(9216K) From: 25440K(28672K)->29728K(31744K)
[0.939s][info][gc,heap        ] GC(36) ParOldGen: 114053K(142848K)->119045K(142848K)
[0.939s][info][gc,metaspace   ] GC(36) Metaspace: 6298K(6464K)->6298K(6464K) NonClass: 5765K(5824K)->5765K(5824K) Class: 533K(640K)->533K(640K)
[0.939s][info][gc             ] GC(36) Pause Young (Allocation Failure) 145M->145M(179M) 16.359ms
[0.939s][info][gc,cpu         ] GC(36) User=0.02s Sys=0.00s Real=0.02s
[0.948s][info][gc,start       ] GC(37) Pause Young (Allocation Failure)
[0.967s][info][gc,heap        ] GC(37) PSYoungGen: 38944K(40960K)->28704K(44032K) Eden: 9216K(9216K)->0K(8192K) From: 29728K(31744K)->28704K(35840K)
[0.967s][info][gc,heap        ] GC(37) ParOldGen: 119045K(142848K)->129421K(142848K)
[0.967s][info][gc,metaspace   ] GC(37) Metaspace: 6298K(6464K)->6298K(6464K) NonClass: 5765K(5824K)->5765K(5824K) Class: 533K(640K)->533K(640K)
[0.967s][info][gc             ] GC(37) Pause Young (Allocation Failure) 154M->154M(182M) 19.075ms
[0.967s][info][gc,cpu         ] GC(37) User=0.06s Sys=0.00s Real=0.02s
[0.967s][info][gc,start       ] GC(38) Pause Full (Ergonomics)
[0.967s][info][gc,phases,start] GC(38) Marking Phase
[1.009s][info][gc,phases      ] GC(38) Marking Phase 41.531ms
[1.009s][info][gc,phases,start] GC(38) Summary Phase
[1.009s][info][gc,phases      ] GC(38) Summary Phase 0.017ms
[1.009s][info][gc,phases,start] GC(38) Adjust Roots
[1.009s][info][gc,phases      ] GC(38) Adjust Roots 0.163ms
[1.009s][info][gc,phases,start] GC(38) Compaction Phase
[1.031s][info][gc,phases      ] GC(38) Compaction Phase 21.800ms
[1.031s][info][gc,phases,start] GC(38) Post Compact
[1.032s][info][gc,phases      ] GC(38) Post Compact 0.899ms
[1.032s][info][gc,heap        ] GC(38) PSYoungGen: 28704K(44032K)->15294K(44032K) Eden: 0K(8192K)->0K(8192K) From: 28704K(35840K)->15294K(35840K)
[1.032s][info][gc,heap        ] GC(38) ParOldGen: 129421K(142848K)->142402K(175104K)
[1.032s][info][gc,metaspace   ] GC(38) Metaspace: 6298K(6464K)->6298K(6464K) NonClass: 5765K(5824K)->5765K(5824K) Class: 533K(640K)->533K(640K)
[1.032s][info][gc             ] GC(38) Pause Full (Ergonomics) 154M->154M(214M) 64.885ms
[1.032s][info][gc,cpu         ] GC(38) User=0.16s Sys=0.00s Real=0.07s
[1.040s][info][gc,start       ] GC(39) Pause Young (Allocation Failure)
[1.060s][info][gc,heap        ] GC(39) PSYoungGen: 23486K(44032K)->12768K(47104K) Eden: 8192K(8192K)->0K(8192K) From: 15294K(35840K)->12768K(38912K)
[1.060s][info][gc,heap        ] GC(39) ParOldGen: 142402K(175104K)->153402K(175104K)
[1.060s][info][gc,metaspace   ] GC(39) Metaspace: 6298K(6464K)->6298K(6464K) NonClass: 5765K(5824K)->5765K(5824K) Class: 533K(640K)->533K(640K)
[1.060s][info][gc             ] GC(39) Pause Young (Allocation Failure) 162M->162M(217M) 19.788ms
[1.060s][info][gc,cpu         ] GC(39) User=0.03s Sys=0.05s Real=0.02s
[1.069s][info][gc,start       ] GC(40) Pause Young (Allocation Failure)
[1.080s][info][gc,heap        ] GC(40) PSYoungGen: 20960K(47104K)->16416K(43008K) Eden: 8192K(8192K)->0K(9728K) From: 12768K(38912K)->16416K(33280K)
[1.080s][info][gc,heap        ] GC(40) ParOldGen: 153402K(175104K)->157962K(175104K)
[1.080s][info][gc,metaspace   ] GC(40) Metaspace: 6298K(6464K)->6298K(6464K) NonClass: 5765K(5824K)->5765K(5824K) Class: 533K(640K)->533K(640K)
[1.080s][info][gc             ] GC(40) Pause Young (Allocation Failure) 170M->170M(213M) 11.228ms
[1.080s][info][gc,cpu         ] GC(40) User=0.00s Sys=0.00s Real=0.01s
[1.118s][info][gc,start       ] GC(41) Pause Full (Ergonomics)
[1.118s][info][gc,phases,start] GC(41) Marking Phase
[1.163s][info][gc,phases      ] GC(41) Marking Phase 45.122ms
[1.163s][info][gc,phases,start] GC(41) Summary Phase
[1.164s][info][gc,phases      ] GC(41) Summary Phase 0.018ms
[1.164s][info][gc,phases,start] GC(41) Adjust Roots
[1.164s][info][gc,phases      ] GC(41) Adjust Roots 0.141ms
[1.164s][info][gc,phases,start] GC(41) Compaction Phase
[1.202s][info][gc,phases      ] GC(41) Compaction Phase 38.104ms
[1.202s][info][gc,phases,start] GC(41) Post Compact
[1.203s][info][gc,phases      ] GC(41) Post Compact 0.782ms
[1.203s][info][gc,heap        ] GC(41) PSYoungGen: 26144K(43008K)->12748K(45056K) Eden: 9728K(9728K)->0K(11776K) From: 16416K(33280K)->12748K(33280K)
[1.203s][info][gc,heap        ] GC(41) ParOldGen: 166154K(175104K)->175062K(209920K)
[1.203s][info][gc,metaspace   ] GC(41) Metaspace: 6298K(6464K)->6298K(6464K) NonClass: 5765K(5824K)->5765K(5824K) Class: 533K(640K)->533K(640K)
[1.203s][info][gc             ] GC(41) Pause Full (Ergonomics) 187M->183M(249M) 84.812ms
[1.203s][info][gc,cpu         ] GC(41) User=0.23s Sys=0.00s Real=0.09s
[1.216s][info][gc,start       ] GC(42) Pause Young (Allocation Failure)
[1.238s][info][gc,heap        ] GC(42) PSYoungGen: 24524K(45056K)->11840K(47104K) Eden: 11776K(11776K)->0K(11776K) From: 12748K(33280K)->11840K(35328K)
[1.238s][info][gc,heap        ] GC(42) ParOldGen: 175062K(209920K)->188030K(209920K)
[1.238s][info][gc,metaspace   ] GC(42) Metaspace: 6298K(6464K)->6298K(6464K) NonClass: 5765K(5824K)->5765K(5824K) Class: 533K(640K)->533K(640K)
[1.238s][info][gc             ] GC(42) Pause Young (Allocation Failure) 194M->195M(251M) 21.588ms
[1.238s][info][gc,cpu         ] GC(42) User=0.08s Sys=0.00s Real=0.02s
[1.249s][info][gc,start       ] GC(43) Pause Young (Allocation Failure)
[1.262s][info][gc,heap        ] GC(43) PSYoungGen: 23616K(47104K)->23616K(47104K) Eden: 11776K(11776K)->0K(12800K) From: 11840K(35328K)->23616K(34304K)
[1.262s][info][gc,heap        ] GC(43) ParOldGen: 188030K(209920K)->188030K(209920K)
[1.262s][info][gc,metaspace   ] GC(43) Metaspace: 6298K(6464K)->6298K(6464K) NonClass: 5765K(5824K)->5765K(5824K) Class: 533K(640K)->533K(640K)
[1.262s][info][gc             ] GC(43) Pause Young (Allocation Failure) 206M->206M(251M) 12.527ms
[1.262s][info][gc,cpu         ] GC(43) User=0.00s Sys=0.00s Real=0.01s
[1.275s][info][gc,start       ] GC(44) Pause Young (Allocation Failure)
[1.293s][info][gc,heap        ] GC(44) PSYoungGen: 36416K(47104K)->24672K(48128K) Eden: 12800K(12800K)->0K(12800K) From: 23616K(34304K)->24672K(35328K)
[1.293s][info][gc,heap        ] GC(44) ParOldGen: 188030K(209920K)->199966K(209920K)
[1.293s][info][gc,metaspace   ] GC(44) Metaspace: 6298K(6464K)->6298K(6464K) NonClass: 5765K(5824K)->5765K(5824K) Class: 533K(640K)->533K(640K)
[1.293s][info][gc             ] GC(44) Pause Young (Allocation Failure) 219M->219M(252M) 17.634ms
[1.293s][info][gc,cpu         ] GC(44) User=0.08s Sys=0.00s Real=0.02s
[1.293s][info][gc,start       ] GC(45) Pause Full (Ergonomics)
[1.293s][info][gc,phases,start] GC(45) Marking Phase
[1.349s][info][gc,phases      ] GC(45) Marking Phase 56.297ms
[1.349s][info][gc,phases,start] GC(45) Summary Phase
[1.349s][info][gc,phases      ] GC(45) Summary Phase 0.018ms
[1.349s][info][gc,phases,start] GC(45) Adjust Roots
[1.349s][info][gc,phases      ] GC(45) Adjust Roots 0.149ms
[1.349s][info][gc,phases,start] GC(45) Compaction Phase
[1.374s][info][gc,phases      ] GC(45) Compaction Phase 24.740ms
[1.374s][info][gc,phases,start] GC(45) Post Compact
[1.375s][info][gc,phases      ] GC(45) Post Compact 0.976ms
[1.375s][info][gc,heap        ] GC(45) PSYoungGen: 24672K(48128K)->14291K(48128K) Eden: 0K(12800K)->0K(12800K) From: 24672K(35328K)->14291K(35328K)
[1.376s][info][gc,heap        ] GC(45) ParOldGen: 199966K(209920K)->209773K(248832K)
[1.376s][info][gc,metaspace   ] GC(45) Metaspace: 6298K(6464K)->6298K(6464K) NonClass: 5765K(5824K)->5765K(5824K) Class: 533K(640K)->533K(640K)
[1.376s][info][gc             ] GC(45) Pause Full (Ergonomics) 219M->218M(290M) 82.747ms
[1.376s][info][gc,cpu         ] GC(45) User=0.36s Sys=0.03s Real=0.08s
[1.389s][info][gc,start       ] GC(46) Pause Young (Allocation Failure)
[1.412s][info][gc,heap        ] GC(46) PSYoungGen: 27091K(48128K)->20352K(50176K) Eden: 12800K(12800K)->0K(14848K) From: 14291K(35328K)->20352K(35328K)
[1.412s][info][gc,heap        ] GC(46) ParOldGen: 209773K(248832K)->216733K(248832K)
[1.412s][info][gc,metaspace   ] GC(46) Metaspace: 6298K(6464K)->6298K(6464K) NonClass: 5765K(5824K)->5765K(5824K) Class: 533K(640K)->533K(640K)
[1.412s][info][gc             ] GC(46) Pause Young (Allocation Failure) 231M->231M(292M) 22.179ms
[1.412s][info][gc,cpu         ] GC(46) User=0.08s Sys=0.00s Real=0.02s
[1.428s][info][gc,start       ] GC(47) Pause Young (Allocation Failure)
[1.445s][info][gc,heap        ] GC(47) PSYoungGen: 35200K(50176K)->35200K(50688K) Eden: 14848K(14848K)->0K(14848K) From: 20352K(35328K)->35200K(35840K)
[1.445s][info][gc,heap        ] GC(47) ParOldGen: 216733K(248832K)->216733K(248832K)
[1.445s][info][gc,metaspace   ] GC(47) Metaspace: 6298K(6464K)->6298K(6464K) NonClass: 5765K(5824K)->5765K(5824K) Class: 533K(640K)->533K(640K)
[1.445s][info][gc             ] GC(47) Pause Young (Allocation Failure) 246M->246M(292M) 17.222ms
[1.445s][info][gc,cpu         ] GC(47) User=0.05s Sys=0.00s Real=0.02s
[1.461s][info][gc,start       ] GC(48) Pause Young (Allocation Failure)
[1.484s][info][gc,heap        ] GC(48) PSYoungGen: 50048K(50688K)->40448K(48128K) Eden: 14848K(14848K)->0K(7680K) From: 35200K(35840K)->40448K(40448K)
[1.484s][info][gc,heap        ] GC(48) ParOldGen: 216733K(248832K)->226381K(248832K)
[1.484s][info][gc,metaspace   ] GC(48) Metaspace: 6298K(6464K)->6298K(6464K) NonClass: 5765K(5824K)->5765K(5824K) Class: 533K(640K)->533K(640K)
[1.484s][info][gc             ] GC(48) Pause Young (Allocation Failure) 260M->260M(290M) 22.691ms
[1.484s][info][gc,cpu         ] GC(48) User=0.09s Sys=0.02s Real=0.02s
[1.492s][info][gc,start       ] GC(49) Pause Young (Allocation Failure)
[1.515s][info][gc,heap        ] GC(49) PSYoungGen: 48128K(48128K)->21792K(29696K) Eden: 7680K(7680K)->0K(7680K) From: 40448K(40448K)->21792K(22016K)
[1.515s][info][gc,heap        ] GC(49) ParOldGen: 226381K(248832K)->253157K(253440K)
[1.515s][info][gc,metaspace   ] GC(49) Metaspace: 6298K(6464K)->6298K(6464K) NonClass: 5765K(5824K)->5765K(5824K) Class: 533K(640K)->533K(640K)
[1.515s][info][gc             ] GC(49) Pause Young (Allocation Failure) 268M->268M(276M) 23.085ms
[1.515s][info][gc,cpu         ] GC(49) User=0.08s Sys=0.00s Real=0.02s
[1.515s][info][gc,start       ] GC(50) Pause Full (Ergonomics)
[1.515s][info][gc,phases,start] GC(50) Marking Phase
[1.586s][info][gc,phases      ] GC(50) Marking Phase 70.603ms
[1.586s][info][gc,phases,start] GC(50) Summary Phase
[1.586s][info][gc,phases      ] GC(50) Summary Phase 0.018ms
[1.586s][info][gc,phases,start] GC(50) Adjust Roots
[1.586s][info][gc,phases      ] GC(50) Adjust Roots 0.151ms
[1.586s][info][gc,phases,start] GC(50) Compaction Phase
[1.624s][info][gc,phases      ] GC(50) Compaction Phase 38.195ms
[1.625s][info][gc,phases,start] GC(50) Post Compact
[1.626s][info][gc,phases      ] GC(50) Post Compact 1.422ms
[1.626s][info][gc,heap        ] GC(50) PSYoungGen: 21792K(29696K)->21152K(29696K) Eden: 0K(7680K)->0K(7680K) From: 21792K(22016K)->21152K(22016K)
[1.626s][info][gc,heap        ] GC(50) ParOldGen: 253157K(253440K)->252953K(299008K)
[1.626s][info][gc,metaspace   ] GC(50) Metaspace: 6298K(6464K)->6298K(6464K) NonClass: 5765K(5824K)->5765K(5824K) Class: 533K(640K)->533K(640K)
[1.626s][info][gc             ] GC(50) Pause Full (Ergonomics) 268M->267M(321M) 110.903ms
[1.626s][info][gc,cpu         ] GC(50) User=0.42s Sys=0.00s Real=0.11s
[1.635s][info][gc,start       ] GC(51) Pause Young (Allocation Failure)
[1.659s][info][gc,heap        ] GC(51) PSYoungGen: 28832K(29696K)->7808K(55296K) Eden: 7680K(7680K)->0K(8704K) From: 21152K(22016K)->7808K(46592K)
[1.659s][info][gc,heap        ] GC(51) ParOldGen: 252953K(299008K)->274449K(299008K)
[1.659s][info][gc,metaspace   ] GC(51) Metaspace: 6298K(6464K)->6298K(6464K) NonClass: 5765K(5824K)->5765K(5824K) Class: 533K(640K)->533K(640K)
[1.659s][info][gc             ] GC(51) Pause Young (Allocation Failure) 275M->275M(346M) 23.804ms
[1.659s][info][gc,cpu         ] GC(51) User=0.12s Sys=0.00s Real=0.02s
[1.659s][info][gc,start       ] GC(52) Pause Full (Ergonomics)
[1.659s][info][gc,phases,start] GC(52) Marking Phase
[1.722s][info][gc,phases      ] GC(52) Marking Phase 62.369ms
[1.722s][info][gc,phases,start] GC(52) Summary Phase
[1.722s][info][gc,phases      ] GC(52) Summary Phase 0.021ms
[1.722s][info][gc,phases,start] GC(52) Adjust Roots
[1.722s][info][gc,phases      ] GC(52) Adjust Roots 0.158ms
[1.722s][info][gc,phases,start] GC(52) Compaction Phase
[1.744s][info][gc,phases      ] GC(52) Compaction Phase 22.596ms
[1.744s][info][gc,phases,start] GC(52) Post Compact
[1.746s][info][gc,phases      ] GC(52) Post Compact 1.387ms
[1.746s][info][gc,heap        ] GC(52) PSYoungGen: 7808K(55296K)->0K(55808K) Eden: 0K(8704K)->0K(8704K) From: 7808K(46592K)->0K(47104K)
[1.746s][info][gc,heap        ] GC(52) ParOldGen: 274449K(299008K)->281756K(333824K)
[1.746s][info][gc,metaspace   ] GC(52) Metaspace: 6298K(6464K)->6298K(6464K) NonClass: 5765K(5824K)->5765K(5824K) Class: 533K(640K)->533K(640K)
[1.746s][info][gc             ] GC(52) Pause Full (Ergonomics) 275M->275M(380M) 86.995ms
[1.746s][info][gc,cpu         ] GC(52) User=0.48s Sys=0.03s Real=0.09s
[1.756s][info][gc,start       ] GC(53) Pause Young (Allocation Failure)
[1.761s][info][gc,heap        ] GC(53) PSYoungGen: 8704K(55808K)->8832K(55296K) Eden: 8704K(8704K)->0K(9728K) From: 0K(47104K)->8832K(45568K)
[1.762s][info][gc,heap        ] GC(53) ParOldGen: 281756K(333824K)->281756K(333824K)
[1.762s][info][gc,metaspace   ] GC(53) Metaspace: 6298K(6464K)->6298K(6464K) NonClass: 5765K(5824K)->5765K(5824K) Class: 533K(640K)->533K(640K)
[1.762s][info][gc             ] GC(53) Pause Young (Allocation Failure) 283M->283M(380M) 5.577ms
[1.762s][info][gc,cpu         ] GC(53) User=0.00s Sys=0.00s Real=0.01s
[1.773s][info][gc,start       ] GC(54) Pause Young (Allocation Failure)
[1.782s][info][gc,heap        ] GC(54) PSYoungGen: 18560K(55296K)->18528K(28672K) Eden: 9728K(9728K)->0K(9728K) From: 8832K(45568K)->18528K(18944K)
[1.782s][info][gc,heap        ] GC(54) ParOldGen: 281756K(333824K)->281756K(333824K)
[1.782s][info][gc,metaspace   ] GC(54) Metaspace: 6298K(6464K)->6298K(6464K) NonClass: 5765K(5824K)->5765K(5824K) Class: 533K(640K)->533K(640K)
[1.782s][info][gc             ] GC(54) Pause Young (Allocation Failure) 293M->293M(354M) 9.588ms
[1.782s][info][gc,cpu         ] GC(54) User=0.02s Sys=0.00s Real=0.01s
[1.794s][info][gc,start       ] GC(55) Pause Young (Allocation Failure)
[1.807s][info][gc,heap        ] GC(55) PSYoungGen: 28256K(28672K)->28256K(54272K) Eden: 9728K(9728K)->0K(10240K) From: 18528K(18944K)->28256K(44032K)
[1.807s][info][gc,heap        ] GC(55) ParOldGen: 281756K(333824K)->281756K(333824K)
[1.807s][info][gc,metaspace   ] GC(55) Metaspace: 6298K(6464K)->6298K(6464K) NonClass: 5765K(5824K)->5765K(5824K) Class: 533K(640K)->533K(640K)
[1.807s][info][gc             ] GC(55) Pause Young (Allocation Failure) 302M->302M(379M) 13.615ms
[1.807s][info][gc,cpu         ] GC(55) User=0.00s Sys=0.00s Real=0.01s
[1.819s][info][gc,start       ] GC(56) Pause Young (Allocation Failure)
[1.836s][info][gc,heap        ] GC(56) PSYoungGen: 38496K(54272K)->38496K(55296K) Eden: 10240K(10240K)->0K(10240K) From: 28256K(44032K)->38496K(45056K)
[1.836s][info][gc,heap        ] GC(56) ParOldGen: 281756K(333824K)->281756K(333824K)
[1.836s][info][gc,metaspace   ] GC(56) Metaspace: 6298K(6464K)->6298K(6464K) NonClass: 5765K(5824K)->5765K(5824K) Class: 533K(640K)->533K(640K)
[1.836s][info][gc             ] GC(56) Pause Young (Allocation Failure) 312M->312M(380M) 17.339ms
[1.836s][info][gc,cpu         ] GC(56) User=0.02s Sys=0.00s Real=0.02s
[1.848s][info][gc,start       ] GC(57) Pause Young (Allocation Failure)
[1.870s][info][gc,heap        ] GC(57) PSYoungGen: 48736K(55296K)->48704K(53760K) Eden: 10240K(10240K)->0K(4608K) From: 38496K(45056K)->48704K(49152K)
[1.870s][info][gc,heap        ] GC(57) ParOldGen: 281756K(333824K)->281756K(333824K)
[1.870s][info][gc,metaspace   ] GC(57) Metaspace: 6298K(6464K)->6298K(6464K) NonClass: 5765K(5824K)->5765K(5824K) Class: 533K(640K)->533K(640K)
[1.870s][info][gc             ] GC(57) Pause Young (Allocation Failure) 322M->322M(378M) 21.620ms
[1.870s][info][gc,cpu         ] GC(57) User=0.12s Sys=0.00s Real=0.02s
[1.875s][info][gc,start       ] GC(58) Pause Young (Allocation Failure)
[1.898s][info][gc,heap        ] GC(58) PSYoungGen: 53312K(53760K)->44640K(60928K) Eden: 4608K(4608K)->0K(4608K) From: 48704K(49152K)->44640K(56320K)
[1.898s][info][gc,heap        ] GC(58) ParOldGen: 281756K(333824K)->290580K(333824K)
[1.898s][info][gc,metaspace   ] GC(58) Metaspace: 6298K(6464K)->6298K(6464K) NonClass: 5765K(5824K)->5765K(5824K) Class: 533K(640K)->533K(640K)
[1.898s][info][gc             ] GC(58) Pause Young (Allocation Failure) 327M->327M(385M) 22.647ms
[1.898s][info][gc,cpu         ] GC(58) User=0.09s Sys=0.00s Real=0.02s
[1.903s][info][gc,start       ] GC(59) Pause Young (Allocation Failure)
[1.925s][info][gc,heap        ] GC(59) PSYoungGen: 49248K(60928K)->29792K(61952K) Eden: 4608K(4608K)->0K(5632K) From: 44640K(56320K)->29792K(56320K)
[1.925s][info][gc,heap        ] GC(59) ParOldGen: 290580K(333824K)->310268K(333824K)
[1.925s][info][gc,metaspace   ] GC(59) Metaspace: 6298K(6464K)->6298K(6464K) NonClass: 5765K(5824K)->5765K(5824K) Class: 533K(640K)->533K(640K)
[1.925s][info][gc             ] GC(59) Pause Young (Allocation Failure) 331M->332M(386M) 21.991ms
[1.925s][info][gc,cpu         ] GC(59) User=0.11s Sys=0.00s Real=0.02s
[1.925s][info][gc,start       ] GC(60) Pause Full (Ergonomics)
[1.925s][info][gc,phases,start] GC(60) Marking Phase
[1.997s][info][gc,phases      ] GC(60) Marking Phase 72.153ms
[1.997s][info][gc,phases,start] GC(60) Summary Phase
[1.997s][info][gc,phases      ] GC(60) Summary Phase 0.026ms
[1.997s][info][gc,phases,start] GC(60) Adjust Roots
[1.998s][info][gc,phases      ] GC(60) Adjust Roots 0.171ms
[1.998s][info][gc,phases,start] GC(60) Compaction Phase
[2.030s][info][gc,phases      ] GC(60) Compaction Phase 32.417ms
[2.030s][info][gc,phases,start] GC(60) Post Compact
[2.032s][info][gc,phases      ] GC(60) Post Compact 1.582ms
[2.032s][info][gc,heap        ] GC(60) PSYoungGen: 29792K(61952K)->6064K(62976K) Eden: 0K(5632K)->0K(6656K) From: 29792K(56320K)->6064K(56320K)
[2.032s][info][gc,heap        ] GC(60) ParOldGen: 310268K(333824K)->333321K(387072K)
[2.032s][info][gc,metaspace   ] GC(60) Metaspace: 6298K(6464K)->6298K(6464K) NonClass: 5765K(5824K)->5765K(5824K) Class: 533K(640K)->533K(640K)
[2.032s][info][gc             ] GC(60) Pause Full (Ergonomics) 332M->331M(439M) 106.888ms
[2.032s][info][gc,cpu         ] GC(60) User=0.66s Sys=0.00s Real=0.11s
[2.039s][info][gc,start       ] GC(61) Pause Young (Allocation Failure)
[2.061s][info][gc,heap        ] GC(61) PSYoungGen: 12720K(62976K)->8256K(65024K) Eden: 6656K(6656K)->0K(6656K) From: 6064K(56320K)->8256K(58368K)
[2.061s][info][gc,heap        ] GC(61) ParOldGen: 333321K(387072K)->338017K(387072K)
[2.061s][info][gc,metaspace   ] GC(61) Metaspace: 6298K(6464K)->6298K(6464K) NonClass: 5765K(5824K)->5765K(5824K) Class: 533K(640K)->533K(640K)
[2.061s][info][gc             ] GC(61) Pause Young (Allocation Failure) 337M->338M(441M) 21.685ms
[2.061s][info][gc,cpu         ] GC(61) User=0.14s Sys=0.00s Real=0.02s
[2.069s][info][gc,start       ] GC(62) Pause Young (Allocation Failure)
[2.077s][info][gc,heap        ] GC(62) PSYoungGen: 14912K(65024K)->13856K(62976K) Eden: 6656K(6656K)->0K(7680K) From: 8256K(58368K)->13856K(55296K)
[2.077s][info][gc,heap        ] GC(62) ParOldGen: 338017K(387072K)->339057K(387072K)
[2.077s][info][gc,metaspace   ] GC(62) Metaspace: 6298K(6464K)->6298K(6464K) NonClass: 5765K(5824K)->5765K(5824K) Class: 533K(640K)->533K(640K)
[2.077s][info][gc             ] GC(62) Pause Young (Allocation Failure) 344M->344M(439M) 8.581ms
[2.077s][info][gc,cpu         ] GC(62) User=0.02s Sys=0.00s Real=0.01s
[2.145s][info][gc,start       ] GC(63) Pause Young (Allocation Failure)
[2.165s][info][gc,heap        ] GC(63) PSYoungGen: 21536K(62976K)->21088K(29184K) Eden: 7680K(7680K)->0K(7680K) From: 13856K(55296K)->21088K(21504K)
[2.165s][info][gc,heap        ] GC(63) ParOldGen: 355441K(387072K)->355969K(387072K)
[2.165s][info][gc,metaspace   ] GC(63) Metaspace: 6298K(6464K)->6298K(6464K) NonClass: 5765K(5824K)->5765K(5824K) Class: 533K(640K)->533K(640K)
[2.165s][info][gc             ] GC(63) Pause Young (Allocation Failure) 368M->368M(406M) 20.334ms
[2.165s][info][gc,cpu         ] GC(63) User=0.05s Sys=0.00s Real=0.02s
[2.173s][info][gc,start       ] GC(64) Pause Young (Allocation Failure)
[2.187s][info][gc,heap        ] GC(64) PSYoungGen: 28768K(29184K)->22080K(58880K) Eden: 7680K(7680K)->0K(9216K) From: 21088K(21504K)->22080K(49664K)
[2.187s][info][gc,heap        ] GC(64) ParOldGen: 355969K(387072K)->362721K(387072K)
[2.187s][info][gc,metaspace   ] GC(64) Metaspace: 6298K(6464K)->6298K(6464K) NonClass: 5765K(5824K)->5765K(5824K) Class: 533K(640K)->533K(640K)
[2.187s][info][gc             ] GC(64) Pause Young (Allocation Failure) 375M->375M(435M) 14.040ms
[2.187s][info][gc,cpu         ] GC(64) User=0.02s Sys=0.00s Real=0.01s
[2.197s][info][gc,start       ] GC(65) Pause Young (Allocation Failure)
[2.213s][info][gc,heap        ] GC(65) PSYoungGen: 31296K(58880K)->24640K(34304K) Eden: 9216K(9216K)->0K(9216K) From: 22080K(49664K)->24640K(25088K)
[2.213s][info][gc,heap        ] GC(65) ParOldGen: 362721K(387072K)->369473K(387072K)
[2.213s][info][gc,metaspace   ] GC(65) Metaspace: 6298K(6464K)->6298K(6464K) NonClass: 5765K(5824K)->5765K(5824K) Class: 533K(640K)->533K(640K)
[2.213s][info][gc             ] GC(65) Pause Young (Allocation Failure) 384M->384M(411M) 16.111ms
[2.213s][info][gc,cpu         ] GC(65) User=0.02s Sys=0.00s Real=0.02s
[2.213s][info][gc,start       ] GC(66) Pause Full (Ergonomics)
[2.213s][info][gc,phases,start] GC(66) Marking Phase
[2.291s][info][gc,phases      ] GC(66) Marking Phase 78.502ms
[2.291s][info][gc,phases,start] GC(66) Summary Phase
[2.291s][info][gc,phases      ] GC(66) Summary Phase 0.025ms
[2.291s][info][gc,phases,start] GC(66) Adjust Roots
[2.292s][info][gc,phases      ] GC(66) Adjust Roots 0.147ms
[2.292s][info][gc,phases,start] GC(66) Compaction Phase
[2.357s][info][gc,phases      ] GC(66) Compaction Phase 65.287ms
[2.357s][info][gc,phases,start] GC(66) Post Compact
[2.359s][info][gc,phases      ] GC(66) Post Compact 1.994ms
[2.359s][info][gc,heap        ] GC(66) PSYoungGen: 24640K(34304K)->0K(59904K) Eden: 0K(9216K)->0K(10752K) From: 24640K(25088K)->0K(49152K)
[2.359s][info][gc,heap        ] GC(66) ParOldGen: 369473K(387072K)->385312K(436736K)
[2.359s][info][gc,metaspace   ] GC(66) Metaspace: 6298K(6464K)->6298K(6464K) NonClass: 5765K(5824K)->5765K(5824K) Class: 533K(640K)->533K(640K)
[2.359s][info][gc             ] GC(66) Pause Full (Ergonomics) 384M->376M(485M) 146.472ms
[2.359s][info][gc,cpu         ] GC(66) User=0.84s Sys=0.02s Real=0.15s
[2.372s][info][gc,start       ] GC(67) Pause Young (Allocation Failure)
[2.381s][info][gc,heap        ] GC(67) PSYoungGen: 10752K(59904K)->10912K(59904K) Eden: 10752K(10752K)->0K(10752K) From: 0K(49152K)->10912K(49152K)
[2.381s][info][gc,heap        ] GC(67) ParOldGen: 385312K(436736K)->385312K(436736K)
[2.381s][info][gc,metaspace   ] GC(67) Metaspace: 6298K(6464K)->6298K(6464K) NonClass: 5765K(5824K)->5765K(5824K) Class: 533K(640K)->533K(640K)
[2.381s][info][gc             ] GC(67) Pause Young (Allocation Failure) 386M->386M(485M) 9.280ms
[2.381s][info][gc,cpu         ] GC(67) User=0.00s Sys=0.00s Real=0.01s
[2.393s][info][gc,start       ] GC(68) Pause Young (Allocation Failure)
[2.409s][info][gc,heap        ] GC(68) PSYoungGen: 21664K(59904K)->21632K(56832K) Eden: 10752K(10752K)->0K(12288K) From: 10912K(49152K)->21632K(44544K)
[2.409s][info][gc,heap        ] GC(68) ParOldGen: 385312K(436736K)->385312K(436736K)
[2.409s][info][gc,metaspace   ] GC(68) Metaspace: 6298K(6464K)->6298K(6464K) NonClass: 5765K(5824K)->5765K(5824K) Class: 533K(640K)->533K(640K)
[2.409s][info][gc             ] GC(68) Pause Young (Allocation Failure) 397M->397M(482M) 16.495ms
[2.409s][info][gc,cpu         ] GC(68) User=0.00s Sys=0.00s Real=0.02s
[2.423s][info][gc,start       ] GC(69) Pause Young (Allocation Failure)
[2.440s][info][gc,heap        ] GC(69) PSYoungGen: 33920K(56832K)->33888K(58880K) Eden: 12288K(12288K)->0K(12288K) From: 21632K(44544K)->33888K(46592K)
[2.440s][info][gc,heap        ] GC(69) ParOldGen: 385312K(436736K)->385312K(436736K)
[2.440s][info][gc,metaspace   ] GC(69) Metaspace: 6298K(6464K)->6298K(6464K) NonClass: 5765K(5824K)->5765K(5824K) Class: 533K(640K)->533K(640K)
[2.440s][info][gc             ] GC(69) Pause Young (Allocation Failure) 409M->409M(484M) 16.793ms
[2.440s][info][gc,cpu         ] GC(69) User=0.12s Sys=0.00s Real=0.02s
[2.452s][info][gc,start       ] GC(70) Pause Young (Allocation Failure)
[2.473s][info][gc,heap        ] GC(70) PSYoungGen: 46176K(58880K)->46240K(55808K) Eden: 12288K(12288K)->0K(7680K) From: 33888K(46592K)->46240K(48128K)
[2.473s][info][gc,heap        ] GC(70) ParOldGen: 385312K(436736K)->385312K(436736K)
[2.473s][info][gc,metaspace   ] GC(70) Metaspace: 6298K(6464K)->6298K(6464K) NonClass: 5765K(5824K)->5765K(5824K) Class: 533K(640K)->533K(640K)
[2.473s][info][gc             ] GC(70) Pause Young (Allocation Failure) 421M->421M(481M) 21.260ms
[2.474s][info][gc,cpu         ] GC(70) User=0.12s Sys=0.00s Real=0.02s
[2.481s][info][gc,start       ] GC(71) Pause Young (Allocation Failure)
[2.505s][info][gc,heap        ] GC(71) PSYoungGen: 53920K(55808K)->43104K(61952K) Eden: 7680K(7680K)->0K(7680K) From: 46240K(48128K)->43104K(54272K)
[2.505s][info][gc,heap        ] GC(71) ParOldGen: 385312K(436736K)->396208K(436736K)
[2.505s][info][gc,metaspace   ] GC(71) Metaspace: 6298K(6464K)->6298K(6464K) NonClass: 5765K(5824K)->5765K(5824K) Class: 533K(640K)->533K(640K)
[2.505s][info][gc             ] GC(71) Pause Young (Allocation Failure) 428M->429M(487M) 23.678ms
[2.505s][info][gc,cpu         ] GC(71) User=0.12s Sys=0.00s Real=0.02s
[2.512s][info][gc,start       ] GC(72) Pause Young (Allocation Failure)
[2.535s][info][gc,heap        ] GC(72) PSYoungGen: 50784K(61952K)->27744K(60928K) Eden: 7680K(7680K)->0K(9216K) From: 43104K(54272K)->27744K(51712K)
[2.535s][info][gc,heap        ] GC(72) ParOldGen: 396208K(436736K)->419520K(436736K)
[2.536s][info][gc,metaspace   ] GC(72) Metaspace: 6298K(6464K)->6298K(6464K) NonClass: 5765K(5824K)->5765K(5824K) Class: 533K(640K)->533K(640K)
[2.536s][info][gc             ] GC(72) Pause Young (Allocation Failure) 436M->436M(486M) 23.273ms
[2.536s][info][gc,cpu         ] GC(72) User=0.09s Sys=0.02s Real=0.02s
[2.536s][info][gc,start       ] GC(73) Pause Full (Ergonomics)
[2.536s][info][gc,phases,start] GC(73) Marking Phase
[2.634s][info][gc,phases      ] GC(73) Marking Phase 97.993ms
[2.634s][info][gc,phases,start] GC(73) Summary Phase
[2.634s][info][gc,phases      ] GC(73) Summary Phase 0.021ms
[2.634s][info][gc,phases,start] GC(73) Adjust Roots
[2.634s][info][gc,phases      ] GC(73) Adjust Roots 0.149ms
[2.634s][info][gc,phases,start] GC(73) Compaction Phase
[2.679s][info][gc,phases      ] GC(73) Compaction Phase 45.163ms
[2.679s][info][gc,phases,start] GC(73) Post Compact
[2.681s][info][gc,phases      ] GC(73) Post Compact 2.071ms
[2.681s][info][gc,heap        ] GC(73) PSYoungGen: 27744K(60928K)->10180K(62464K) Eden: 0K(9216K)->0K(10752K) From: 27744K(51712K)->10180K(51712K)
[2.681s][info][gc,heap        ] GC(73) ParOldGen: 419520K(436736K)->436386K(495104K)
[2.681s][info][gc,metaspace   ] GC(73) Metaspace: 6298K(6464K)->6298K(6464K) NonClass: 5765K(5824K)->5765K(5824K) Class: 533K(640K)->533K(640K)
[2.682s][info][gc             ] GC(73) Pause Full (Ergonomics) 436M->436M(544M) 145.935ms
[2.682s][info][gc,cpu         ] GC(73) User=1.00s Sys=0.00s Real=0.14s
[2.694s][info][gc,start       ] GC(74) Pause Young (Allocation Failure)
[2.722s][info][gc,heap        ] GC(74) PSYoungGen: 20932K(62464K)->13728K(65536K) Eden: 10752K(10752K)->0K(10752K) From: 10180K(51712K)->13728K(54784K)
[2.722s][info][gc,heap        ] GC(74) ParOldGen: 436386K(495104K)->443842K(495104K)
[2.722s][info][gc,metaspace   ] GC(74) Metaspace: 6298K(6464K)->6298K(6464K) NonClass: 5765K(5824K)->5765K(5824K) Class: 533K(640K)->533K(640K)
[2.722s][info][gc             ] GC(74) Pause Young (Allocation Failure) 446M->446M(547M) 27.775ms
[2.722s][info][gc,cpu         ] GC(74) User=0.14s Sys=0.00s Real=0.03s
[2.733s][info][gc,start       ] GC(75) Pause Young (Allocation Failure)
[2.746s][info][gc,heap        ] GC(75) PSYoungGen: 24480K(65536K)->21632K(62464K) Eden: 10752K(10752K)->0K(12288K) From: 13728K(54784K)->21632K(50176K)
[2.746s][info][gc,heap        ] GC(75) ParOldGen: 443842K(495104K)->446746K(495104K)
[2.747s][info][gc,metaspace   ] GC(75) Metaspace: 6298K(6464K)->6298K(6464K) NonClass: 5765K(5824K)->5765K(5824K) Class: 533K(640K)->533K(640K)
[2.747s][info][gc             ] GC(75) Pause Young (Allocation Failure) 457M->457M(544M) 13.083ms
[2.747s][info][gc,cpu         ] GC(75) User=0.00s Sys=0.00s Real=0.01s
[2.760s][info][gc,start       ] GC(76) Pause Young (Allocation Failure)
[2.777s][info][gc,heap        ] GC(76) PSYoungGen: 33920K(62464K)->23136K(35840K) Eden: 12288K(12288K)->0K(12288K) From: 21632K(50176K)->23136K(23552K)
[2.777s][info][gc,heap        ] GC(76) ParOldGen: 446746K(495104K)->457642K(495104K)
[2.777s][info][gc,metaspace   ] GC(76) Metaspace: 6298K(6464K)->6298K(6464K) NonClass: 5765K(5824K)->5765K(5824K) Class: 533K(640K)->533K(640K)
[2.778s][info][gc             ] GC(76) Pause Young (Allocation Failure) 469M->469M(518M) 17.421ms
[2.778s][info][gc,cpu         ] GC(76) User=0.12s Sys=0.00s Real=0.02s
[2.791s][info][gc,start       ] GC(77) Pause Young (Allocation Failure)
[2.810s][info][gc,heap        ] GC(77) PSYoungGen: 35424K(35840K)->12448K(64000K) Eden: 12288K(12288K)->0K(13824K) From: 23136K(23552K)->12448K(50176K)
[2.810s][info][gc,heap        ] GC(77) ParOldGen: 457642K(495104K)->480970K(495104K)
[2.810s][info][gc,metaspace   ] GC(77) Metaspace: 6298K(6464K)->6298K(6464K) NonClass: 5765K(5824K)->5765K(5824K) Class: 533K(640K)->533K(640K)
[2.810s][info][gc             ] GC(77) Pause Young (Allocation Failure) 481M->481M(546M) 18.654ms
[2.810s][info][gc,cpu         ] GC(77) User=0.14s Sys=0.00s Real=0.02s
[2.810s][info][gc,start       ] GC(78) Pause Full (Ergonomics)
[2.810s][info][gc,phases,start] GC(78) Marking Phase
[2.920s][info][gc,phases      ] GC(78) Marking Phase 109.770ms
[2.920s][info][gc,phases,start] GC(78) Summary Phase
[2.920s][info][gc,phases      ] GC(78) Summary Phase 0.023ms
[2.920s][info][gc,phases,start] GC(78) Adjust Roots
[2.920s][info][gc,phases      ] GC(78) Adjust Roots 0.149ms
[2.920s][info][gc,phases,start] GC(78) Compaction Phase
[2.968s][info][gc,phases      ] GC(78) Compaction Phase 48.418ms
[2.968s][info][gc,phases,start] GC(78) Post Compact
[2.971s][info][gc,phases      ] GC(78) Post Compact 2.341ms
[2.971s][info][gc,heap        ] GC(78) PSYoungGen: 12448K(64000K)->0K(64000K) Eden: 0K(13824K)->0K(13824K) From: 12448K(50176K)->0K(50176K)
[2.971s][info][gc,heap        ] GC(78) ParOldGen: 480970K(495104K)->492524K(557056K)
[2.971s][info][gc,metaspace   ] GC(78) Metaspace: 6298K(6464K)->6298K(6464K) NonClass: 5765K(5824K)->5765K(5824K) Class: 533K(640K)->533K(640K)
[2.971s][info][gc             ] GC(78) Pause Full (Ergonomics) 481M->480M(606M) 161.260ms
[2.971s][info][gc,cpu         ] GC(78) User=1.03s Sys=0.00s Real=0.16s
[2.989s][info][gc,start       ] GC(79) Pause Young (Allocation Failure)
[2.999s][info][gc,heap        ] GC(79) PSYoungGen: 13824K(64000K)->13952K(62976K) Eden: 13824K(13824K)->0K(15360K) From: 0K(50176K)->13952K(47616K)
[2.999s][info][gc,heap        ] GC(79) ParOldGen: 492524K(557056K)->492524K(557056K)
[2.999s][info][gc,metaspace   ] GC(79) Metaspace: 6298K(6464K)->6298K(6464K) NonClass: 5765K(5824K)->5765K(5824K) Class: 533K(640K)->533K(640K)
[2.999s][info][gc             ] GC(79) Pause Young (Allocation Failure) 494M->494M(605M) 9.778ms
[2.999s][info][gc,cpu         ] GC(79) User=0.02s Sys=0.00s Real=0.01s
[3.017s][info][gc,start       ] GC(80) Pause Young (Allocation Failure)
[3.032s][info][gc,heap        ] GC(80) PSYoungGen: 29312K(62976K)->29312K(64512K) Eden: 15360K(15360K)->0K(15360K) From: 13952K(47616K)->29312K(49152K)
[3.032s][info][gc,heap        ] GC(80) ParOldGen: 492524K(557056K)->492524K(557056K)
[3.032s][info][gc,metaspace   ] GC(80) Metaspace: 6298K(6464K)->6298K(6464K) NonClass: 5765K(5824K)->5765K(5824K) Class: 533K(640K)->533K(640K)
[3.032s][info][gc             ] GC(80) Pause Young (Allocation Failure) 509M->509M(607M) 15.635ms
[3.032s][info][gc,cpu         ] GC(80) User=0.02s Sys=0.00s Real=0.02s
[3.049s][info][gc,start       ] GC(81) Pause Young (Allocation Failure)
[3.070s][info][gc,heap        ] GC(81) PSYoungGen: 44672K(64512K)->44672K(60928K) Eden: 15360K(15360K)->0K(11776K) From: 29312K(49152K)->44672K(49152K)
[3.070s][info][gc,heap        ] GC(81) ParOldGen: 492524K(557056K)->492524K(557056K)
[3.070s][info][gc,metaspace   ] GC(81) Metaspace: 6298K(6464K)->6298K(6464K) NonClass: 5765K(5824K)->5765K(5824K) Class: 533K(640K)->533K(640K)
[3.070s][info][gc             ] GC(81) Pause Young (Allocation Failure) 524M->524M(603M) 21.871ms
[3.070s][info][gc,cpu         ] GC(81) User=0.12s Sys=0.00s Real=0.02s
[3.083s][info][gc,start       ] GC(82) Pause Young (Allocation Failure)
[3.110s][info][gc,heap        ] GC(82) PSYoungGen: 56448K(60928K)->42624K(66048K) Eden: 11776K(11776K)->0K(11776K) From: 44672K(49152K)->42624K(54272K)
[3.110s][info][gc,heap        ] GC(82) ParOldGen: 492524K(557056K)->506516K(557056K)
[3.110s][info][gc,metaspace   ] GC(82) Metaspace: 6298K(6464K)->6298K(6464K) NonClass: 5765K(5824K)->5765K(5824K) Class: 533K(640K)->533K(640K)
[3.110s][info][gc             ] GC(82) Pause Young (Allocation Failure) 536M->536M(608M) 26.696ms
[3.110s][info][gc,cpu         ] GC(82) User=0.14s Sys=0.00s Real=0.03s
[3.123s][info][gc,start       ] GC(83) Pause Young (Allocation Failure)
[3.149s][info][gc,heap        ] GC(83) PSYoungGen: 54400K(66048K)->39040K(69120K) Eden: 11776K(11776K)->0K(11776K) From: 42624K(54272K)->39040K(57344K)
[3.149s][info][gc,heap        ] GC(83) ParOldGen: 506516K(557056K)->522100K(557056K)
[3.149s][info][gc,metaspace   ] GC(83) Metaspace: 6298K(6464K)->6298K(6464K) NonClass: 5765K(5824K)->5765K(5824K) Class: 533K(640K)->533K(640K)
[3.149s][info][gc             ] GC(83) Pause Young (Allocation Failure) 547M->547M(611M) 25.852ms
[3.149s][info][gc,cpu         ] GC(83) User=0.12s Sys=0.00s Real=0.03s
[3.163s][info][gc,start       ] GC(84) Pause Young (Allocation Failure)
[3.188s][info][gc,heap        ] GC(84) PSYoungGen: 50816K(69120K)->23648K(35840K) Eden: 11776K(11776K)->0K(11776K) From: 39040K(57344K)->23648K(24064K)
[3.188s][info][gc,heap        ] GC(84) ParOldGen: 522100K(557056K)->549580K(557056K)
[3.188s][info][gc,metaspace   ] GC(84) Metaspace: 6298K(6464K)->6298K(6464K) NonClass: 5765K(5824K)->5765K(5824K) Class: 533K(640K)->533K(640K)
[3.188s][info][gc             ] GC(84) Pause Young (Allocation Failure) 559M->559M(579M) 25.245ms
[3.188s][info][gc,cpu         ] GC(84) User=0.14s Sys=0.00s Real=0.02s
[3.188s][info][gc,start       ] GC(85) Pause Full (Ergonomics)
[3.188s][info][gc,phases,start] GC(85) Marking Phase
[3.314s][info][gc,phases      ] GC(85) Marking Phase 126.040ms
[3.314s][info][gc,phases,start] GC(85) Summary Phase
[3.314s][info][gc,phases      ] GC(85) Summary Phase 0.021ms
[3.314s][info][gc,phases,start] GC(85) Adjust Roots
[3.315s][info][gc,phases      ] GC(85) Adjust Roots 0.154ms
[3.315s][info][gc,phases,start] GC(85) Compaction Phase
[3.370s][info][gc,phases      ] GC(85) Compaction Phase 55.295ms
[3.370s][info][gc,phases,start] GC(85) Post Compact
[3.371s][info][gc,phases      ] GC(85) Post Compact 0.895ms
[3.371s][info][gc,heap        ] GC(85) PSYoungGen: 23648K(35840K)->15314K(35840K) Eden: 0K(11776K)->0K(11776K) From: 23648K(24064K)->15314K(24064K)
[3.371s][info][gc,heap        ] GC(85) ParOldGen: 549580K(557056K)->556893K(631296K)
[3.371s][info][gc,metaspace   ] GC(85) Metaspace: 6298K(6464K)->6298K(6464K) NonClass: 5765K(5824K)->5765K(5824K) Class: 533K(640K)->533K(640K)
[3.371s][info][gc             ] GC(85) Pause Full (Ergonomics) 559M->558M(651M) 183.076ms
[3.371s][info][gc,cpu         ] GC(85) User=1.14s Sys=0.03s Real=0.18s
[3.385s][info][gc,start       ] GC(86) Pause Young (Allocation Failure)
[3.421s][info][gc,heap        ] GC(86) PSYoungGen: 27090K(35840K)->11936K(70144K) Eden: 11776K(11776K)->0K(13312K) From: 15314K(24064K)->11936K(56832K)
[3.421s][info][gc,heap        ] GC(86) ParOldGen: 556893K(631296K)->572453K(631296K)
[3.421s][info][gc,metaspace   ] GC(86) Metaspace: 6298K(6464K)->6298K(6464K) NonClass: 5765K(5824K)->5765K(5824K) Class: 533K(640K)->533K(640K)
[3.421s][info][gc             ] GC(86) Pause Young (Allocation Failure) 570M->570M(685M) 36.380ms
[3.421s][info][gc,cpu         ] GC(86) User=0.19s Sys=0.00s Real=0.04s
[3.435s][info][gc,start       ] GC(87) Pause Young (Allocation Failure)
[3.450s][info][gc,heap        ] GC(87) PSYoungGen: 25248K(70144K)->13408K(70144K) Eden: 13312K(13312K)->0K(13312K) From: 11936K(56832K)->13408K(56832K)
[3.450s][info][gc,heap        ] GC(87) ParOldGen: 572453K(631296K)->584389K(631296K)
[3.450s][info][gc,metaspace   ] GC(87) Metaspace: 6298K(6464K)->6298K(6464K) NonClass: 5765K(5824K)->5765K(5824K) Class: 533K(640K)->533K(640K)
[3.450s][info][gc             ] GC(87) Pause Young (Allocation Failure) 583M->583M(685M) 14.816ms
[3.450s][info][gc,cpu         ] GC(87) User=0.02s Sys=0.00s Real=0.01s
[3.466s][info][gc,start       ] GC(88) Pause Young (Allocation Failure)
[3.481s][info][gc,heap        ] GC(88) PSYoungGen: 26720K(70144K)->13440K(68608K) Eden: 13312K(13312K)->0K(14848K) From: 13408K(56832K)->13440K(53760K)
[3.482s][info][gc,heap        ] GC(88) ParOldGen: 584389K(631296K)->597877K(631296K)
[3.482s][info][gc,metaspace   ] GC(88) Metaspace: 6298K(6464K)->6298K(6464K) NonClass: 5765K(5824K)->5765K(5824K) Class: 533K(640K)->533K(640K)
[3.482s][info][gc             ] GC(88) Pause Young (Allocation Failure) 596M->596M(683M) 15.847ms
[3.482s][info][gc,cpu         ] GC(88) User=0.00s Sys=0.00s Real=0.02s
[3.499s][info][gc,start       ] GC(89) Pause Young (Allocation Failure)
[3.515s][info][gc,heap        ] GC(89) PSYoungGen: 28288K(68608K)->15008K(69632K) Eden: 14848K(14848K)->0K(14848K) From: 13440K(53760K)->15008K(54784K)
[3.516s][info][gc,heap        ] GC(89) ParOldGen: 597877K(631296K)->611373K(631296K)
[3.516s][info][gc,metaspace   ] GC(89) Metaspace: 6298K(6464K)->6298K(6464K) NonClass: 5765K(5824K)->5765K(5824K) Class: 533K(640K)->533K(640K)
[3.516s][info][gc             ] GC(89) Pause Young (Allocation Failure) 611M->611M(684M) 16.579ms
[3.516s][info][gc,cpu         ] GC(89) User=0.03s Sys=0.00s Real=0.02s
[3.516s][info][gc,start       ] GC(90) Pause Full (Ergonomics)
[3.516s][info][gc,phases,start] GC(90) Marking Phase
[3.658s][info][gc,phases      ] GC(90) Marking Phase 142.627ms
[3.658s][info][gc,phases,start] GC(90) Summary Phase
[3.658s][info][gc,phases      ] GC(90) Summary Phase 0.039ms
[3.658s][info][gc,phases,start] GC(90) Adjust Roots
[3.659s][info][gc,phases      ] GC(90) Adjust Roots 0.206ms
[3.659s][info][gc,phases,start] GC(90) Compaction Phase
[3.715s][info][gc,phases      ] GC(90) Compaction Phase 56.605ms
[3.715s][info][gc,phases,start] GC(90) Post Compact
[3.716s][info][gc,phases      ] GC(90) Post Compact 1.005ms
[3.717s][info][gc,heap        ] GC(90) PSYoungGen: 15008K(69632K)->0K(69632K) Eden: 0K(14848K)->0K(16384K) From: 15008K(54784K)->0K(53248K)
[3.717s][info][gc,heap        ] GC(90) ParOldGen: 611373K(631296K)->625330K(700416K)
[3.717s][info][gc,metaspace   ] GC(90) Metaspace: 6298K(6464K)->6298K(6464K) NonClass: 5765K(5824K)->5765K(5824K) Class: 533K(640K)->533K(640K)
[3.717s][info][gc             ] GC(90) Pause Full (Ergonomics) 611M->610M(752M) 201.061ms
[3.717s][info][gc,cpu         ] GC(90) User=1.38s Sys=0.02s Real=0.20s
[3.738s][info][gc,start       ] GC(91) Pause Young (Allocation Failure)
[3.749s][info][gc,heap        ] GC(91) PSYoungGen: 16384K(69632K)->16512K(69632K) Eden: 16384K(16384K)->0K(16384K) From: 0K(53248K)->16512K(53248K)
[3.749s][info][gc,heap        ] GC(91) ParOldGen: 625330K(700416K)->625330K(700416K)
[3.749s][info][gc,metaspace   ] GC(91) Metaspace: 6298K(6464K)->6298K(6464K) NonClass: 5765K(5824K)->5765K(5824K) Class: 533K(640K)->533K(640K)
[3.749s][info][gc             ] GC(91) Pause Young (Allocation Failure) 626M->626M(752M) 10.950ms
[3.749s][info][gc,cpu         ] GC(91) User=0.02s Sys=0.00s Real=0.01s
[3.768s][info][gc,start       ] GC(92) Pause Young (Allocation Failure)
[3.786s][info][gc,heap        ] GC(92) PSYoungGen: 32896K(69632K)->32928K(69120K) Eden: 16384K(16384K)->0K(17408K) From: 16512K(53248K)->32928K(51712K)
[3.786s][info][gc,heap        ] GC(92) ParOldGen: 625330K(700416K)->625330K(700416K)
[3.786s][info][gc,metaspace   ] GC(92) Metaspace: 6298K(6464K)->6298K(6464K) NonClass: 5765K(5824K)->5765K(5824K) Class: 533K(640K)->533K(640K)
[3.786s][info][gc             ] GC(92) Pause Young (Allocation Failure) 642M->642M(751M) 17.711ms
[3.786s][info][gc,cpu         ] GC(92) User=0.03s Sys=0.00s Real=0.02s
[3.806s][info][gc,start       ] GC(93) Pause Young (Allocation Failure)
[3.832s][info][gc,heap        ] GC(93) PSYoungGen: 50336K(69120K)->50304K(69632K) Eden: 17408K(17408K)->0K(17408K) From: 32928K(51712K)->50304K(52224K)
[3.832s][info][gc,heap        ] GC(93) ParOldGen: 625330K(700416K)->625330K(700416K)
[3.832s][info][gc,metaspace   ] GC(93) Metaspace: 6298K(6464K)->6298K(6464K) NonClass: 5765K(5824K)->5765K(5824K) Class: 533K(640K)->533K(640K)
[3.832s][info][gc             ] GC(93) Pause Young (Allocation Failure) 659M->659M(752M) 25.146ms
[3.832s][info][gc,cpu         ] GC(93) User=0.14s Sys=0.00s Real=0.02s
[3.854s][info][gc,start       ] GC(94) Pause Young (Allocation Failure)
[3.888s][info][gc,heap        ] GC(94) PSYoungGen: 67712K(69632K)->59392K(66560K) Eden: 17408K(17408K)->0K(7168K) From: 50304K(52224K)->59392K(59392K)
[3.888s][info][gc,heap        ] GC(94) ParOldGen: 625330K(700416K)->633658K(700416K)
[3.888s][info][gc,metaspace   ] GC(94) Metaspace: 6298K(6464K)->6298K(6464K) NonClass: 5765K(5824K)->5765K(5824K) Class: 533K(640K)->533K(640K)
[3.888s][info][gc             ] GC(94) Pause Young (Allocation Failure) 676M->676M(749M) 33.160ms
[3.888s][info][gc,cpu         ] GC(94) User=0.14s Sys=0.02s Real=0.03s
[3.896s][info][gc,start       ] GC(95) Pause Young (Allocation Failure)
[3.926s][info][gc,heap        ] GC(95) PSYoungGen: 66560K(66560K)->37024K(44544K) Eden: 7168K(7168K)->0K(7168K) From: 59392K(59392K)->37024K(37376K)
[3.926s][info][gc,heap        ] GC(95) ParOldGen: 633658K(700416K)->663698K(700416K)
[3.926s][info][gc,metaspace   ] GC(95) Metaspace: 6298K(6464K)->6298K(6464K) NonClass: 5765K(5824K)->5765K(5824K) Class: 533K(640K)->533K(640K)
[3.926s][info][gc             ] GC(95) Pause Young (Allocation Failure) 683M->684M(727M) 29.698ms
[3.926s][info][gc,cpu         ] GC(95) User=0.12s Sys=0.02s Real=0.03s
[4.056s][info][gc,start       ] GC(96) Pause Full (Ergonomics)
[4.056s][info][gc,phases,start] GC(96) Marking Phase
[4.214s][info][gc,phases      ] GC(96) Marking Phase 157.438ms
[4.214s][info][gc,phases,start] GC(96) Summary Phase
[4.214s][info][gc,phases      ] GC(96) Summary Phase 0.023ms
[4.214s][info][gc,phases,start] GC(96) Adjust Roots
[4.214s][info][gc,phases      ] GC(96) Adjust Roots 0.163ms
[4.214s][info][gc,phases,start] GC(96) Compaction Phase
[4.334s][info][gc,phases      ] GC(96) Compaction Phase 120.467ms
[4.334s][info][gc,phases,start] GC(96) Post Compact
[4.336s][info][gc,phases      ] GC(96) Post Compact 1.596ms
[4.336s][info][gc,heap        ] GC(96) PSYoungGen: 44192K(44544K)->23029K(44544K) Eden: 7168K(7168K)->0K(7168K) From: 37024K(37376K)->23029K(37376K)
[4.336s][info][gc,heap        ] GC(96) ParOldGen: 696466K(700416K)->700412K(782336K)
[4.336s][info][gc,metaspace   ] GC(96) Metaspace: 6298K(6464K)->6298K(6464K) NonClass: 5765K(5824K)->5765K(5824K) Class: 533K(640K)->533K(640K)
[4.336s][info][gc             ] GC(96) Pause Full (Ergonomics) 723M->706M(807M) 280.358ms
[4.337s][info][gc,cpu         ] GC(96) User=1.95s Sys=0.00s Real=0.28s
[4.346s][info][gc,start       ] GC(97) Pause Young (Allocation Failure)
[4.389s][info][gc,heap        ] GC(97) PSYoungGen: 30197K(44544K)->20768K(73216K) Eden: 7168K(7168K)->0K(8192K) From: 23029K(37376K)->20768K(65024K)
[4.389s][info][gc,heap        ] GC(97) ParOldGen: 700412K(782336K)->710116K(782336K)
[4.389s][info][gc,metaspace   ] GC(97) Metaspace: 6298K(6464K)->6298K(6464K) NonClass: 5765K(5824K)->5765K(5824K) Class: 533K(640K)->533K(640K)
[4.389s][info][gc             ] GC(97) Pause Young (Allocation Failure) 713M->713M(835M) 42.893ms
[4.389s][info][gc,cpu         ] GC(97) User=0.27s Sys=0.00s Real=0.04s
[4.397s][info][gc,start       ] GC(98) Pause Young (Allocation Failure)
[4.416s][info][gc,heap        ] GC(98) PSYoungGen: 28960K(73216K)->28992K(37376K) Eden: 8192K(8192K)->0K(8192K) From: 20768K(65024K)->28992K(29184K)
[4.416s][info][gc,heap        ] GC(98) ParOldGen: 710116K(782336K)->710116K(782336K)
[4.416s][info][gc,metaspace   ] GC(98) Metaspace: 6298K(6464K)->6298K(6464K) NonClass: 5765K(5824K)->5765K(5824K) Class: 533K(640K)->533K(640K)
[4.416s][info][gc             ] GC(98) Pause Young (Allocation Failure) 721M->721M(800M) 18.498ms
[4.416s][info][gc,cpu         ] GC(98) User=0.02s Sys=0.00s Real=0.02s
[4.425s][info][gc,start       ] GC(99) Pause Young (Allocation Failure)
[4.445s][info][gc,heap        ] GC(99) PSYoungGen: 37184K(37376K)->28416K(67584K) Eden: 8192K(8192K)->0K(9728K) From: 28992K(29184K)->28416K(57856K)
[4.445s][info][gc,heap        ] GC(99) ParOldGen: 710116K(782336K)->718972K(782336K)
[4.445s][info][gc,metaspace   ] GC(99) Metaspace: 6298K(6464K)->6298K(6464K) NonClass: 5765K(5824K)->5765K(5824K) Class: 533K(640K)->533K(640K)
[4.445s][info][gc             ] GC(99) Pause Young (Allocation Failure) 729M->729M(830M) 20.406ms
[4.445s][info][gc,cpu         ] GC(99) User=0.02s Sys=0.00s Real=0.02s
[4.455s][info][gc,start       ] GC(100) Pause Young (Allocation Failure)
[4.477s][info][gc,heap        ] GC(100) PSYoungGen: 38144K(67584K)->33376K(70656K) Eden: 9728K(9728K)->0K(9728K) From: 28416K(57856K)->33376K(60928K)
[4.477s][info][gc,heap        ] GC(100) ParOldGen: 718972K(782336K)->723836K(782336K)
[4.477s][info][gc,metaspace   ] GC(100) Metaspace: 6298K(6464K)->6298K(6464K) NonClass: 5765K(5824K)->5765K(5824K) Class: 533K(640K)->533K(640K)
[4.477s][info][gc             ] GC(100) Pause Young (Allocation Failure) 739M->739M(833M) 21.294ms
[4.477s][info][gc,cpu         ] GC(100) User=0.02s Sys=0.00s Real=0.02s
[4.487s][info][gc,start       ] GC(101) Pause Young (Allocation Failure)
[4.510s][info][gc,heap        ] GC(101) PSYoungGen: 43104K(70656K)->27744K(65536K) Eden: 9728K(9728K)->0K(11264K) From: 33376K(60928K)->27744K(54272K)
[4.510s][info][gc,heap        ] GC(101) ParOldGen: 723836K(782336K)->739364K(782336K)
[4.510s][info][gc,metaspace   ] GC(101) Metaspace: 6298K(6464K)->6298K(6464K) NonClass: 5765K(5824K)->5765K(5824K) Class: 533K(640K)->533K(640K)
[4.510s][info][gc             ] GC(101) Pause Young (Allocation Failure) 748M->749M(828M) 23.285ms
[4.510s][info][gc,cpu         ] GC(101) User=0.11s Sys=0.02s Real=0.02s
[4.522s][info][gc,start       ] GC(102) Pause Young (Allocation Failure)
[4.545s][info][gc,heap        ] GC(102) PSYoungGen: 39008K(65536K)->21056K(68096K) Eden: 11264K(11264K)->0K(11264K) From: 27744K(54272K)->21056K(56832K)
[4.545s][info][gc,heap        ] GC(102) ParOldGen: 739364K(782336K)->757508K(782336K)
[4.545s][info][gc,metaspace   ] GC(102) Metaspace: 6298K(6464K)->6298K(6464K) NonClass: 5765K(5824K)->5765K(5824K) Class: 533K(640K)->533K(640K)
[4.545s][info][gc             ] GC(102) Pause Young (Allocation Failure) 760M->760M(830M) 22.790ms
[4.545s][info][gc,cpu         ] GC(102) User=0.05s Sys=0.02s Real=0.02s
[4.545s][info][gc,start       ] GC(103) Pause Full (Ergonomics)
[4.545s][info][gc,phases,start] GC(103) Marking Phase
[4.718s][info][gc,phases      ] GC(103) Marking Phase 173.087ms
[4.718s][info][gc,phases,start] GC(103) Summary Phase
[4.718s][info][gc,phases      ] GC(103) Summary Phase 0.027ms
[4.718s][info][gc,phases,start] GC(103) Adjust Roots
[4.719s][info][gc,phases      ] GC(103) Adjust Roots 0.149ms
[4.719s][info][gc,phases,start] GC(103) Compaction Phase
[4.800s][info][gc,phases      ] GC(103) Compaction Phase 81.530ms
[4.800s][info][gc,phases,start] GC(103) Post Compact
[4.802s][info][gc,phases      ] GC(103) Post Compact 1.602ms
[4.802s][info][gc,heap        ] GC(103) PSYoungGen: 21056K(68096K)->0K(69120K) Eden: 0K(11264K)->0K(13312K) From: 21056K(56832K)->0K(55808K)
[4.802s][info][gc,heap        ] GC(103) ParOldGen: 757508K(782336K)->777535K(861696K)
[4.802s][info][gc,metaspace   ] GC(103) Metaspace: 6298K(6464K)->6298K(6464K) NonClass: 5765K(5824K)->5765K(5824K) Class: 533K(640K)->533K(640K)
[4.802s][info][gc             ] GC(103) Pause Full (Ergonomics) 760M->759M(909M) 257.114ms
[4.802s][info][gc,cpu         ] GC(103) User=1.55s Sys=0.02s Real=0.26s
[4.816s][info][gc,start       ] GC(104) Pause Young (Allocation Failure)
[4.830s][info][gc,heap        ] GC(104) PSYoungGen: 13312K(69120K)->13472K(69120K) Eden: 13312K(13312K)->0K(13312K) From: 0K(55808K)->13472K(55808K)
[4.830s][info][gc,heap        ] GC(104) ParOldGen: 777535K(861696K)->777535K(861696K)
[4.830s][info][gc,metaspace   ] GC(104) Metaspace: 6298K(6464K)->6298K(6464K) NonClass: 5765K(5824K)->5765K(5824K) Class: 533K(640K)->533K(640K)
[4.830s][info][gc             ] GC(104) Pause Young (Allocation Failure) 772M->772M(909M) 13.367ms
[4.830s][info][gc,cpu         ] GC(104) User=0.02s Sys=0.00s Real=0.01s
[4.843s][info][gc,start       ] GC(105) Pause Young (Allocation Failure)
[4.860s][info][gc,heap        ] GC(105) PSYoungGen: 26784K(69120K)->13472K(69632K) Eden: 13312K(13312K)->0K(14848K) From: 13472K(55808K)->13472K(54784K)
[4.860s][info][gc,heap        ] GC(105) ParOldGen: 777535K(861696K)->791031K(861696K)
[4.860s][info][gc,metaspace   ] GC(105) Metaspace: 6298K(6464K)->6298K(6464K) NonClass: 5765K(5824K)->5765K(5824K) Class: 533K(640K)->533K(640K)
[4.861s][info][gc             ] GC(105) Pause Young (Allocation Failure) 785M->785M(909M) 17.292ms
[4.861s][info][gc,cpu         ] GC(105) User=0.02s Sys=0.00s Real=0.02s
[4.876s][info][gc,start       ] GC(106) Pause Young (Allocation Failure)
[4.893s][info][gc,heap        ] GC(106) PSYoungGen: 28320K(69632K)->14944K(70144K) Eden: 14848K(14848K)->0K(14848K) From: 13472K(54784K)->14944K(55296K)
[4.894s][info][gc,heap        ] GC(106) ParOldGen: 791031K(861696K)->804527K(861696K)
[4.894s][info][gc,metaspace   ] GC(106) Metaspace: 6298K(6464K)->6298K(6464K) NonClass: 5765K(5824K)->5765K(5824K) Class: 533K(640K)->533K(640K)
[4.894s][info][gc             ] GC(106) Pause Young (Allocation Failure) 800M->800M(910M) 18.026ms
[4.894s][info][gc,cpu         ] GC(106) User=0.03s Sys=0.00s Real=0.02s
[4.908s][info][gc,start       ] GC(107) Pause Young (Allocation Failure)
[4.927s][info][gc,heap        ] GC(107) PSYoungGen: 29792K(70144K)->14976K(69120K) Eden: 14848K(14848K)->0K(16896K) From: 14944K(55296K)->14976K(52224K)
[4.927s][info][gc,heap        ] GC(107) ParOldGen: 804527K(861696K)->819583K(861696K)
[4.927s][info][gc,metaspace   ] GC(107) Metaspace: 6298K(6464K)->6298K(6464K) NonClass: 5765K(5824K)->5765K(5824K) Class: 533K(640K)->533K(640K)
[4.927s][info][gc             ] GC(107) Pause Young (Allocation Failure) 814M->814M(909M) 18.950ms
[4.927s][info][gc,cpu         ] GC(107) User=0.03s Sys=0.02s Real=0.02s
[4.945s][info][gc,start       ] GC(108) Pause Young (Allocation Failure)
[4.965s][info][gc,heap        ] GC(108) PSYoungGen: 31872K(69120K)->17024K(70144K) Eden: 16896K(16896K)->0K(16896K) From: 14976K(52224K)->17024K(53248K)
[4.965s][info][gc,heap        ] GC(108) ParOldGen: 819583K(861696K)->834647K(861696K)
[4.965s][info][gc,metaspace   ] GC(108) Metaspace: 6298K(6464K)->6298K(6464K) NonClass: 5765K(5824K)->5765K(5824K) Class: 533K(640K)->533K(640K)
[4.965s][info][gc             ] GC(108) Pause Young (Allocation Failure) 831M->831M(910M) 20.076ms
[4.965s][info][gc,cpu         ] GC(108) User=0.00s Sys=0.02s Real=0.02s
[4.983s][info][gc,start       ] GC(109) Pause Young (Allocation Failure)
[5.003s][info][gc,heap        ] GC(109) PSYoungGen: 33920K(70144K)->17024K(67072K) Eden: 16896K(16896K)->0K(18944K) From: 17024K(53248K)->17024K(48128K)
[5.004s][info][gc,heap        ] GC(109) ParOldGen: 834647K(861696K)->851775K(861696K)
[5.004s][info][gc,metaspace   ] GC(109) Metaspace: 6298K(6464K)->6298K(6464K) NonClass: 5765K(5824K)->5765K(5824K) Class: 533K(640K)->533K(640K)
[5.004s][info][gc             ] GC(109) Pause Young (Allocation Failure) 848M->848M(907M) 20.277ms
[5.004s][info][gc,cpu         ] GC(109) User=0.02s Sys=0.00s Real=0.02s
[5.004s][info][gc,start       ] GC(110) Pause Full (Ergonomics)
[5.004s][info][gc,phases,start] GC(110) Marking Phase
[5.207s][info][gc,phases      ] GC(110) Marking Phase 203.199ms
[5.207s][info][gc,phases,start] GC(110) Summary Phase
[5.207s][info][gc,phases      ] GC(110) Summary Phase 0.024ms
[5.207s][info][gc,phases,start] GC(110) Adjust Roots
[5.207s][info][gc,phases      ] GC(110) Adjust Roots 0.200ms
[5.207s][info][gc,phases,start] GC(110) Compaction Phase
[5.297s][info][gc,phases      ] GC(110) Compaction Phase 90.168ms
[5.297s][info][gc,phases,start] GC(110) Post Compact
[5.299s][info][gc,phases      ] GC(110) Post Compact 1.546ms
[5.299s][info][gc,heap        ] GC(110) PSYoungGen: 17024K(67072K)->6131K(68608K) Eden: 0K(18944K)->0K(20480K) From: 17024K(48128K)->6131K(48128K)
[5.299s][info][gc,heap        ] GC(110) ParOldGen: 851775K(861696K)->861324K(951296K)
[5.299s][info][gc,metaspace   ] GC(110) Metaspace: 6298K(6464K)->6298K(6464K) NonClass: 5765K(5824K)->5765K(5824K) Class: 533K(640K)->533K(640K)
[5.299s][info][gc             ] GC(110) Pause Full (Ergonomics) 848M->847M(996M) 295.771ms
[5.299s][info][gc,cpu         ] GC(110) User=2.02s Sys=0.02s Real=0.30s
[5.324s][info][gc,start       ] GC(111) Pause Young (Allocation Failure)
[5.377s][info][gc,heap        ] GC(111) PSYoungGen: 26611K(68608K)->20640K(41472K) Eden: 20480K(20480K)->0K(20480K) From: 6131K(48128K)->20640K(20992K)
[5.377s][info][gc,heap        ] GC(111) ParOldGen: 861324K(951296K)->867572K(951296K)
[5.377s][info][gc,metaspace   ] GC(111) Metaspace: 6298K(6464K)->6298K(6464K) NonClass: 5765K(5824K)->5765K(5824K) Class: 533K(640K)->533K(640K)
[5.377s][info][gc             ] GC(111) Pause Young (Allocation Failure) 867M->867M(969M) 52.982ms
[5.377s][info][gc,cpu         ] GC(111) User=0.42s Sys=0.00s Real=0.05s
[5.400s][info][gc,start       ] GC(112) Pause Young (Allocation Failure)
[5.424s][info][gc,heap        ] GC(112) PSYoungGen: 41120K(41472K)->41120K(65024K) Eden: 20480K(20480K)->0K(17920K) From: 20640K(20992K)->41120K(47104K)
[5.424s][info][gc,heap        ] GC(112) ParOldGen: 867572K(951296K)->867572K(951296K)
[5.424s][info][gc,metaspace   ] GC(112) Metaspace: 6298K(6464K)->6298K(6464K) NonClass: 5765K(5824K)->5765K(5824K) Class: 533K(640K)->533K(640K)
[5.425s][info][gc             ] GC(112) Pause Young (Allocation Failure) 887M->887M(992M) 24.463ms
[5.425s][info][gc,cpu         ] GC(112) User=0.12s Sys=0.00s Real=0.02s
[5.444s][info][gc,start       ] GC(113) Pause Young (Allocation Failure)
[5.474s][info][gc,heap        ] GC(113) PSYoungGen: 59040K(65024K)->51712K(69632K) Eden: 17920K(17920K)->0K(17920K) From: 41120K(47104K)->51712K(51712K)
[5.474s][info][gc,heap        ] GC(113) ParOldGen: 867572K(951296K)->874884K(951296K)
[5.474s][info][gc,metaspace   ] GC(113) Metaspace: 6298K(6464K)->6298K(6464K) NonClass: 5765K(5824K)->5765K(5824K) Class: 533K(640K)->533K(640K)
[5.474s][info][gc             ] GC(113) Pause Young (Allocation Failure) 904M->904M(997M) 29.659ms
[5.474s][info][gc,cpu         ] GC(113) User=0.12s Sys=0.00s Real=0.03s
[5.495s][info][gc,start       ] GC(114) Pause Young (Allocation Failure)
[5.530s][info][gc,heap        ] GC(114) PSYoungGen: 69632K(69632K)->33952K(79872K) Eden: 17920K(17920K)->0K(19968K) From: 51712K(51712K)->33952K(59904K)
[5.530s][info][gc,heap        ] GC(114) ParOldGen: 874884K(951296K)->911132K(951296K)
[5.531s][info][gc,metaspace   ] GC(114) Metaspace: 6298K(6464K)->6298K(6464K) NonClass: 5765K(5824K)->5765K(5824K) Class: 533K(640K)->533K(640K)
[5.531s][info][gc             ] GC(114) Pause Young (Allocation Failure) 922M->922M(1007M) 35.377ms
[5.531s][info][gc,cpu         ] GC(114) User=0.27s Sys=0.00s Real=0.04s
[5.554s][info][gc,start       ] GC(115) Pause Young (Allocation Failure)
[5.582s][info][gc,heap        ] GC(115) PSYoungGen: 53920K(79872K)->38048K(80896K) Eden: 19968K(19968K)->0K(19968K) From: 33952K(59904K)->38048K(60928K)
[5.582s][info][gc,heap        ] GC(115) ParOldGen: 911132K(951296K)->927220K(951296K)
[5.582s][info][gc,metaspace   ] GC(115) Metaspace: 6298K(6464K)->6298K(6464K) NonClass: 5765K(5824K)->5765K(5824K) Class: 533K(640K)->533K(640K)
[5.582s][info][gc             ] GC(115) Pause Young (Allocation Failure) 942M->942M(1008M) 28.114ms
[5.582s][info][gc,cpu         ] GC(115) User=0.14s Sys=0.00s Real=0.03s
[5.582s][info][gc,start       ] GC(116) Pause Full (Ergonomics)
[5.582s][info][gc,phases,start] GC(116) Marking Phase
[5.807s][info][gc,phases      ] GC(116) Marking Phase 225.410ms
[5.807s][info][gc,phases,start] GC(116) Summary Phase
[5.807s][info][gc,phases      ] GC(116) Summary Phase 0.032ms
[5.807s][info][gc,phases,start] GC(116) Adjust Roots
[5.808s][info][gc,phases      ] GC(116) Adjust Roots 0.154ms
[5.808s][info][gc,phases,start] GC(116) Compaction Phase
[5.904s][info][gc,phases      ] GC(116) Compaction Phase 96.286ms
[5.904s][info][gc,phases,start] GC(116) Post Compact
[5.906s][info][gc,phases      ] GC(116) Post Compact 1.969ms
[5.906s][info][gc,heap        ] GC(116) PSYoungGen: 38048K(80896K)->12794K(80896K) Eden: 0K(19968K)->0K(19968K) From: 38048K(60928K)->12794K(60928K)
[5.906s][info][gc,heap        ] GC(116) ParOldGen: 927220K(951296K)->951284K(1053184K)
[5.906s][info][gc,metaspace   ] GC(116) Metaspace: 6298K(6464K)->6298K(6464K) NonClass: 5765K(5824K)->5765K(5824K) Class: 533K(640K)->533K(640K)
[5.906s][info][gc             ] GC(116) Pause Full (Ergonomics) 942M->941M(1107M) 324.552ms
[5.906s][info][gc,cpu         ] GC(116) User=2.20s Sys=0.00s Real=0.33s
[5.930s][info][gc,start       ] GC(117) Pause Young (Allocation Failure)
[5.987s][info][gc,heap        ] GC(117) PSYoungGen: 32762K(80896K)->28640K(76288K) Eden: 19968K(19968K)->0K(22016K) From: 12794K(60928K)->28640K(54272K)
[5.988s][info][gc,heap        ] GC(117) ParOldGen: 951284K(1053184K)->955612K(1053184K)
[5.988s][info][gc,metaspace   ] GC(117) Metaspace: 6298K(6464K)->6298K(6464K) NonClass: 5765K(5824K)->5765K(5824K) Class: 533K(640K)->533K(640K)
[5.988s][info][gc             ] GC(117) Pause Young (Allocation Failure) 960M->961M(1103M) 57.620ms
[5.988s][info][gc,cpu         ] GC(117) User=0.38s Sys=0.00s Real=0.06s
[6.013s][info][gc,start       ] GC(118) Pause Young (Allocation Failure)
[6.040s][info][gc,heap        ] GC(118) PSYoungGen: 50656K(76288K)->50688K(79872K) Eden: 22016K(22016K)->0K(22016K) From: 28640K(54272K)->50688K(57856K)
[6.040s][info][gc,heap        ] GC(118) ParOldGen: 955612K(1053184K)->955612K(1053184K)
[6.040s][info][gc,metaspace   ] GC(118) Metaspace: 6298K(6464K)->6298K(6464K) NonClass: 5765K(5824K)->5765K(5824K) Class: 533K(640K)->533K(640K)
[6.040s][info][gc             ] GC(118) Pause Young (Allocation Failure) 982M->982M(1106M) 27.434ms
[6.040s][info][gc,cpu         ] GC(118) User=0.11s Sys=0.00s Real=0.03s
[6.067s][info][gc,start       ] GC(119) Pause Young (Allocation Failure)
[6.105s][info][gc,heap        ] GC(119) PSYoungGen: 72704K(79872K)->62976K(75264K) Eden: 22016K(22016K)->0K(12288K) From: 50688K(57856K)->62976K(62976K)
[6.105s][info][gc,heap        ] GC(119) ParOldGen: 955612K(1053184K)->965388K(1053184K)
[6.105s][info][gc,metaspace   ] GC(119) Metaspace: 6298K(6464K)->6298K(6464K) NonClass: 5765K(5824K)->5765K(5824K) Class: 533K(640K)->533K(640K)
[6.105s][info][gc             ] GC(119) Pause Young (Allocation Failure) 1004M->1004M(1102M) 38.095ms
[6.105s][info][gc,cpu         ] GC(119) User=0.20s Sys=0.03s Real=0.04s
[6.118s][info][gc,start       ] GC(120) Pause Young (Allocation Failure)
[6.154s][info][gc,heap        ] GC(120) PSYoungGen: 75264K(75264K)->51872K(87552K) Eden: 12288K(12288K)->0K(12288K) From: 62976K(62976K)->51872K(75264K)
[6.154s][info][gc,heap        ] GC(120) ParOldGen: 965388K(1053184K)->989196K(1053184K)
[6.154s][info][gc,metaspace   ] GC(120) Metaspace: 6298K(6464K)->6298K(6464K) NonClass: 5765K(5824K)->5765K(5824K) Class: 533K(640K)->533K(640K)
[6.154s][info][gc             ] GC(120) Pause Young (Allocation Failure) 1016M->1016M(1114M) 36.320ms
[6.155s][info][gc,cpu         ] GC(120) User=0.27s Sys=0.00s Real=0.04s
[6.169s][info][gc,start       ] GC(121) Pause Young (Allocation Failure)
[6.202s][info][gc,heap        ] GC(121) PSYoungGen: 64160K(87552K)->42752K(87040K) Eden: 12288K(12288K)->0K(13824K) From: 51872K(75264K)->42752K(73216K)
[6.202s][info][gc,heap        ] GC(121) ParOldGen: 989196K(1053184K)->1010908K(1053184K)
[6.202s][info][gc,metaspace   ] GC(121) Metaspace: 6298K(6464K)->6298K(6464K) NonClass: 5765K(5824K)->5765K(5824K) Class: 533K(640K)->533K(640K)
[6.202s][info][gc             ] GC(121) Pause Young (Allocation Failure) 1028M->1028M(1113M) 32.946ms
[6.202s][info][gc,cpu         ] GC(121) User=0.12s Sys=0.02s Real=0.03s
[6.217s][info][gc,start       ] GC(122) Pause Young (Allocation Failure)
[6.248s][info][gc,heap        ] GC(122) PSYoungGen: 56576K(87040K)->38496K(52736K) Eden: 13824K(13824K)->0K(13824K) From: 42752K(73216K)->38496K(38912K)
[6.248s][info][gc,heap        ] GC(122) ParOldGen: 1010908K(1053184K)->1029188K(1053184K)
[6.248s][info][gc,metaspace   ] GC(122) Metaspace: 6298K(6464K)->6298K(6464K) NonClass: 5765K(5824K)->5765K(5824K) Class: 533K(640K)->533K(640K)
[6.248s][info][gc             ] GC(122) Pause Young (Allocation Failure) 1042M->1042M(1080M) 30.931ms
[6.248s][info][gc,cpu         ] GC(122) User=0.12s Sys=0.00s Real=0.03s
[6.248s][info][gc,start       ] GC(123) Pause Full (Ergonomics)
[6.248s][info][gc,phases,start] GC(123) Marking Phase
[6.497s][info][gc,phases      ] GC(123) Marking Phase 248.713ms
[6.497s][info][gc,phases,start] GC(123) Summary Phase
[6.497s][info][gc,phases      ] GC(123) Summary Phase 0.035ms
[6.497s][info][gc,phases,start] GC(123) Adjust Roots
[6.497s][info][gc,phases      ] GC(123) Adjust Roots 0.199ms
[6.497s][info][gc,phases,start] GC(123) Compaction Phase
[6.596s][info][gc,phases      ] GC(123) Compaction Phase 98.532ms
[6.596s][info][gc,phases,start] GC(123) Post Compact
[6.597s][info][gc,phases      ] GC(123) Post Compact 1.749ms
[6.598s][info][gc,heap        ] GC(123) PSYoungGen: 38496K(52736K)->13269K(52736K) Eden: 0K(13824K)->0K(13824K) From: 38496K(38912K)->13269K(38912K)
[6.598s][info][gc,heap        ] GC(123) ParOldGen: 1029188K(1053184K)->1053026K(1163776K)
[6.598s][info][gc,metaspace   ] GC(123) Metaspace: 6298K(6464K)->6298K(6464K) NonClass: 5765K(5824K)->5765K(5824K) Class: 533K(640K)->533K(640K)
[6.598s][info][gc             ] GC(123) Pause Full (Ergonomics) 1042M->1041M(1188M) 349.996ms
[6.598s][info][gc,cpu         ] GC(123) User=2.42s Sys=0.03s Real=0.35s
[6.617s][info][gc,start       ] GC(124) Pause Young (Allocation Failure)
[6.676s][info][gc,heap        ] GC(124) PSYoungGen: 27093K(52736K)->20416K(86016K) Eden: 13824K(13824K)->0K(15360K) From: 13269K(38912K)->20416K(70656K)
[6.676s][info][gc,heap        ] GC(124) ParOldGen: 1053026K(1163776K)->1059978K(1163776K)
[6.676s][info][gc,metaspace   ] GC(124) Metaspace: 6298K(6464K)->6298K(6464K) NonClass: 5765K(5824K)->5765K(5824K) Class: 533K(640K)->533K(640K)
[6.676s][info][gc             ] GC(124) Pause Young (Allocation Failure) 1054M->1055M(1220M) 58.963ms
[6.676s][info][gc,cpu         ] GC(124) User=0.38s Sys=0.00s Real=0.06s
[6.693s][info][gc,start       ] GC(125) Pause Young (Allocation Failure)
[6.714s][info][gc,heap        ] GC(125) PSYoungGen: 35776K(86016K)->29312K(45056K) Eden: 15360K(15360K)->0K(15360K) From: 20416K(70656K)->29312K(29696K)
[6.714s][info][gc,heap        ] GC(125) ParOldGen: 1059978K(1163776K)->1066522K(1163776K)
[6.714s][info][gc,metaspace   ] GC(125) Metaspace: 6298K(6464K)->6298K(6464K) NonClass: 5765K(5824K)->5765K(5824K) Class: 533K(640K)->533K(640K)
[6.714s][info][gc             ] GC(125) Pause Young (Allocation Failure) 1070M->1070M(1180M) 21.525ms
[6.715s][info][gc,cpu         ] GC(125) User=0.12s Sys=0.00s Real=0.02s
[6.732s][info][gc,start       ] GC(126) Pause Young (Allocation Failure)
[6.757s][info][gc,heap        ] GC(126) PSYoungGen: 44672K(45056K)->30848K(81408K) Eden: 15360K(15360K)->0K(17408K) From: 29312K(29696K)->30848K(64000K)
[6.757s][info][gc,heap        ] GC(126) ParOldGen: 1066522K(1163776K)->1080546K(1163776K)
[6.757s][info][gc,metaspace   ] GC(126) Metaspace: 6298K(6464K)->6298K(6464K) NonClass: 5765K(5824K)->5765K(5824K) Class: 533K(640K)->533K(640K)
[6.757s][info][gc             ] GC(126) Pause Young (Allocation Failure) 1085M->1085M(1216M) 25.630ms
[6.757s][info][gc,cpu         ] GC(126) User=0.12s Sys=0.00s Real=0.02s
[6.776s][info][gc,start       ] GC(127) Pause Young (Allocation Failure)
[6.806s][info][gc,heap        ] GC(127) PSYoungGen: 48256K(81408K)->32896K(50688K) Eden: 17408K(17408K)->0K(17408K) From: 30848K(64000K)->32896K(33280K)
[6.806s][info][gc,heap        ] GC(127) ParOldGen: 1080546K(1163776K)->1096138K(1163776K)
[6.806s][info][gc,metaspace   ] GC(127) Metaspace: 6298K(6464K)->6298K(6464K) NonClass: 5765K(5824K)->5765K(5824K) Class: 533K(640K)->533K(640K)
[6.806s][info][gc             ] GC(127) Pause Young (Allocation Failure) 1102M->1102M(1186M) 29.627ms
[6.806s][info][gc,cpu         ] GC(127) User=0.11s Sys=0.00s Real=0.03s
[6.826s][info][gc,start       ] GC(128) Pause Young (Allocation Failure)
[6.855s][info][gc,heap        ] GC(128) PSYoungGen: 50304K(50688K)->35008K(77312K) Eden: 17408K(17408K)->0K(19456K) From: 32896K(33280K)->35008K(57856K)
[6.855s][info][gc,heap        ] GC(128) ParOldGen: 1096138K(1163776K)->1111714K(1163776K)
[6.855s][info][gc,metaspace   ] GC(128) Metaspace: 6298K(6464K)->6298K(6464K) NonClass: 5765K(5824K)->5765K(5824K) Class: 533K(640K)->533K(640K)
[6.855s][info][gc             ] GC(128) Pause Young (Allocation Failure) 1119M->1119M(1212M) 28.991ms
[6.855s][info][gc,cpu         ] GC(128) User=0.09s Sys=0.02s Real=0.03s
[6.878s][info][gc,start       ] GC(129) Pause Young (Allocation Failure)
[6.909s][info][gc,heap        ] GC(129) PSYoungGen: 54464K(77312K)->37024K(80384K) Eden: 19456K(19456K)->0K(19456K) From: 35008K(57856K)->37024K(60928K)
[6.909s][info][gc,heap        ] GC(129) ParOldGen: 1111714K(1163776K)->1129370K(1163776K)
[6.909s][info][gc,metaspace   ] GC(129) Metaspace: 6298K(6464K)->6298K(6464K) NonClass: 5765K(5824K)->5765K(5824K) Class: 533K(640K)->533K(640K)
[6.909s][info][gc             ] GC(129) Pause Young (Allocation Failure) 1138M->1139M(1215M) 31.183ms
[6.909s][info][gc,cpu         ] GC(129) User=0.14s Sys=0.00s Real=0.03s
[6.932s][info][gc,start       ] GC(130) Pause Young (Allocation Failure)
[6.964s][info][gc,heap        ] GC(130) PSYoungGen: 56480K(80384K)->39040K(79360K) Eden: 19456K(19456K)->0K(22016K) From: 37024K(60928K)->39040K(57344K)
[6.964s][info][gc,heap        ] GC(130) ParOldGen: 1129370K(1163776K)->1147018K(1163776K)
[6.964s][info][gc,metaspace   ] GC(130) Metaspace: 6298K(6464K)->6298K(6464K) NonClass: 5765K(5824K)->5765K(5824K) Class: 533K(640K)->533K(640K)
[6.964s][info][gc             ] GC(130) Pause Young (Allocation Failure) 1158M->1158M(1214M) 31.861ms
[6.964s][info][gc,cpu         ] GC(130) User=0.14s Sys=0.00s Real=0.03s
[6.964s][info][gc,start       ] GC(131) Pause Full (Ergonomics)
[6.964s][info][gc,phases,start] GC(131) Marking Phase
[7.227s][info][gc,phases      ] GC(131) Marking Phase 263.399ms
[7.227s][info][gc,phases,start] GC(131) Summary Phase
[7.227s][info][gc,phases      ] GC(131) Summary Phase 0.033ms
[7.227s][info][gc,phases,start] GC(131) Adjust Roots
[7.227s][info][gc,phases      ] GC(131) Adjust Roots 0.152ms
[7.227s][info][gc,phases,start] GC(131) Compaction Phase
[7.335s][info][gc,phases      ] GC(131) Compaction Phase 107.730ms
[7.335s][info][gc,phases,start] GC(131) Post Compact
[7.337s][info][gc,phases      ] GC(131) Post Compact 1.928ms
[7.338s][info][gc,heap        ] GC(131) PSYoungGen: 39040K(79360K)->20964K(80384K) Eden: 0K(22016K)->0K(23040K) From: 39040K(57344K)->20964K(57344K)
[7.338s][info][gc,heap        ] GC(131) ParOldGen: 1147018K(1163776K)->1163377K(1278976K)
[7.338s][info][gc,metaspace   ] GC(131) Metaspace: 6298K(6464K)->6298K(6464K) NonClass: 5765K(5824K)->5765K(5824K) Class: 533K(640K)->533K(640K)
[7.338s][info][gc             ] GC(131) Pause Full (Ergonomics) 1158M->1156M(1327M) 373.964ms
[7.338s][info][gc,cpu         ] GC(131) User=2.77s Sys=0.02s Real=0.37s
[7.367s][info][gc,start       ] GC(132) Pause Young (Allocation Failure)
[7.439s][info][gc,heap        ] GC(132) PSYoungGen: 44004K(80384K)->33952K(81408K) Eden: 23040K(23040K)->0K(23040K) From: 20964K(57344K)->33952K(58368K)
[7.439s][info][gc,heap        ] GC(132) ParOldGen: 1163377K(1278976K)->1173705K(1278976K)
[7.439s][info][gc,metaspace   ] GC(132) Metaspace: 6298K(6464K)->6298K(6464K) NonClass: 5765K(5824K)->5765K(5824K) Class: 533K(640K)->533K(640K)
[7.439s][info][gc             ] GC(132) Pause Young (Allocation Failure) 1179M->1179M(1328M) 72.134ms
[7.439s][info][gc,cpu         ] GC(132) User=0.39s Sys=0.00s Real=0.07s
[7.466s][info][gc,start       ] GC(133) Pause Young (Allocation Failure)
[7.497s][info][gc,heap        ] GC(133) PSYoungGen: 56992K(81408K)->56320K(75776K) Eden: 23040K(23040K)->0K(19456K) From: 33952K(58368K)->56320K(56320K)
[7.497s][info][gc,heap        ] GC(133) ParOldGen: 1173705K(1278976K)->1174441K(1278976K)
[7.497s][info][gc,metaspace   ] GC(133) Metaspace: 6298K(6464K)->6298K(6464K) NonClass: 5765K(5824K)->5765K(5824K) Class: 533K(640K)->533K(640K)
[7.497s][info][gc             ] GC(133) Pause Young (Allocation Failure) 1201M->1201M(1323M) 31.430ms
[7.497s][info][gc,cpu         ] GC(133) User=0.14s Sys=0.00s Real=0.03s
[7.520s][info][gc,start       ] GC(134) Pause Young (Allocation Failure)
[7.560s][info][gc,heap        ] GC(134) PSYoungGen: 75776K(75776K)->42336K(81920K) Eden: 19456K(19456K)->0K(19456K) From: 56320K(56320K)->42336K(62464K)
[7.560s][info][gc,heap        ] GC(134) ParOldGen: 1174441K(1278976K)->1208305K(1278976K)
[7.560s][info][gc,metaspace   ] GC(134) Metaspace: 6298K(6464K)->6298K(6464K) NonClass: 5765K(5824K)->5765K(5824K) Class: 533K(640K)->533K(640K)
[7.560s][info][gc             ] GC(134) Pause Young (Allocation Failure) 1220M->1221M(1329M) 39.516ms
[7.560s][info][gc,cpu         ] GC(134) User=0.25s Sys=0.00s Real=0.04s
[7.583s][info][gc,start       ] GC(135) Pause Young (Allocation Failure)
[7.616s][info][gc,heap        ] GC(135) PSYoungGen: 61792K(81920K)->39072K(80384K) Eden: 19456K(19456K)->0K(22016K) From: 42336K(62464K)->39072K(58368K)
[7.616s][info][gc,heap        ] GC(135) ParOldGen: 1208305K(1278976K)->1231361K(1278976K)
[7.616s][info][gc,metaspace   ] GC(135) Metaspace: 6298K(6464K)->6298K(6464K) NonClass: 5765K(5824K)->5765K(5824K) Class: 533K(640K)->533K(640K)
[7.616s][info][gc             ] GC(135) Pause Young (Allocation Failure) 1240M->1240M(1327M) 33.480ms
[7.616s][info][gc,cpu         ] GC(135) User=0.12s Sys=0.02s Real=0.03s
[7.642s][info][gc,start       ] GC(136) Pause Young (Allocation Failure)
[7.676s][info][gc,heap        ] GC(136) PSYoungGen: 61088K(80384K)->41664K(81920K) Eden: 22016K(22016K)->0K(22016K) From: 39072K(58368K)->41664K(59904K)
[7.676s][info][gc,heap        ] GC(136) ParOldGen: 1231361K(1278976K)->1251089K(1278976K)
[7.676s][info][gc,metaspace   ] GC(136) Metaspace: 6298K(6464K)->6298K(6464K) NonClass: 5765K(5824K)->5765K(5824K) Class: 533K(640K)->533K(640K)
[7.676s][info][gc             ] GC(136) Pause Young (Allocation Failure) 1262M->1262M(1329M) 33.318ms
[7.676s][info][gc,cpu         ] GC(136) User=0.14s Sys=0.00s Real=0.03s
[7.676s][info][gc,start       ] GC(137) Pause Full (Ergonomics)
[7.676s][info][gc,phases,start] GC(137) Marking Phase
[7.948s][info][gc,phases      ] GC(137) Marking Phase 272.428ms
[7.948s][info][gc,phases,start] GC(137) Summary Phase
[7.948s][info][gc,phases      ] GC(137) Summary Phase 0.034ms
[7.948s][info][gc,phases,start] GC(137) Adjust Roots
[7.948s][info][gc,phases      ] GC(137) Adjust Roots 0.185ms
[7.948s][info][gc,phases,start] GC(137) Compaction Phase
[8.064s][info][gc,phases      ] GC(137) Compaction Phase 115.987ms
[8.065s][info][gc,phases,start] GC(137) Post Compact
[8.067s][info][gc,phases      ] GC(137) Post Compact 2.189ms
[8.067s][info][gc,heap        ] GC(137) PSYoungGen: 41664K(81920K)->12288K(81920K) Eden: 0K(22016K)->0K(22016K) From: 41664K(59904K)->12288K(59904K)
[8.067s][info][gc,heap        ] GC(137) ParOldGen: 1251089K(1278976K)->1278906K(1410048K)
[8.067s][info][gc,metaspace   ] GC(137) Metaspace: 6298K(6464K)->6298K(6464K) NonClass: 5765K(5824K)->5765K(5824K) Class: 533K(640K)->533K(640K)
[8.067s][info][gc             ] GC(137) Pause Full (Ergonomics) 1262M->1260M(1457M) 391.654ms
[8.067s][info][gc,cpu         ] GC(137) User=2.88s Sys=0.00s Real=0.39s
[8.092s][info][gc,start       ] GC(138) Pause Young (Allocation Failure)
[8.173s][info][gc,heap        ] GC(138) PSYoungGen: 34304K(81920K)->22048K(82432K) Eden: 22016K(22016K)->0K(23552K) From: 12288K(59904K)->22048K(58880K)
[8.173s][info][gc,heap        ] GC(138) ParOldGen: 1278906K(1410048K)->1285666K(1410048K)
[8.173s][info][gc,metaspace   ] GC(138) Metaspace: 6298K(6464K)->6298K(6464K) NonClass: 5765K(5824K)->5765K(5824K) Class: 533K(640K)->533K(640K)
[8.173s][info][gc             ] GC(138) Pause Young (Allocation Failure) 1282M->1277M(1457M) 81.243ms
[8.173s][info][gc,cpu         ] GC(138) User=0.34s Sys=0.00s Real=0.08s
[8.194s][info][gc,start       ] GC(139) Pause Young (Allocation Failure)
[8.221s][info][gc,heap        ] GC(139) PSYoungGen: 45600K(82432K)->34240K(83456K) Eden: 23552K(23552K)->0K(23552K) From: 22048K(58880K)->34240K(59904K)
[8.221s][info][gc,heap        ] GC(139) ParOldGen: 1285666K(1410048K)->1285666K(1410048K)
[8.221s][info][gc,metaspace   ] GC(139) Metaspace: 6298K(6464K)->6298K(6464K) NonClass: 5765K(5824K)->5765K(5824K) Class: 533K(640K)->533K(640K)
[8.221s][info][gc             ] GC(139) Pause Young (Allocation Failure) 1300M->1288M(1458M) 27.298ms
[8.221s][info][gc,cpu         ] GC(139) User=0.12s Sys=0.00s Real=0.03s
[8.253s][info][gc,start       ] GC(140) Pause Young (Allocation Failure)
[8.288s][info][gc,heap        ] GC(140) PSYoungGen: 57792K(83456K)->56704K(78848K) Eden: 23552K(23552K)->0K(20992K) From: 34240K(59904K)->56704K(57856K)
[8.288s][info][gc,heap        ] GC(140) ParOldGen: 1285666K(1410048K)->1285666K(1410048K)
[8.288s][info][gc,metaspace   ] GC(140) Metaspace: 6298K(6464K)->6298K(6464K) NonClass: 5765K(5824K)->5765K(5824K) Class: 533K(640K)->533K(640K)
[8.288s][info][gc             ] GC(140) Pause Young (Allocation Failure) 1311M->1310M(1454M) 35.841ms
[8.288s][info][gc,cpu         ] GC(140) User=0.12s Sys=0.00s Real=0.04s
[8.314s][info][gc,start       ] GC(141) Pause Young (Allocation Failure)
[8.360s][info][gc,heap        ] GC(141) PSYoungGen: 77696K(78848K)->62976K(83968K) Eden: 20992K(20992K)->0K(20992K) From: 56704K(57856K)->62976K(62976K)
[8.360s][info][gc,heap        ] GC(141) ParOldGen: 1285666K(1410048K)->1300386K(1410048K)
[8.360s][info][gc,metaspace   ] GC(141) Metaspace: 6298K(6464K)->6298K(6464K) NonClass: 5765K(5824K)->5765K(5824K) Class: 533K(640K)->533K(640K)
[8.360s][info][gc             ] GC(141) Pause Young (Allocation Failure) 1331M->1331M(1459M) 45.341ms
[8.360s][info][gc,cpu         ] GC(141) User=0.25s Sys=0.00s Real=0.05s
[8.387s][info][gc,start       ] GC(142) Pause Young (Allocation Failure)
[8.442s][info][gc,heap        ] GC(142) PSYoungGen: 83968K(83968K)->59648K(95744K) Eden: 20992K(20992K)->0K(20480K) From: 62976K(62976K)->59648K(75264K)
[8.442s][info][gc,heap        ] GC(142) ParOldGen: 1300386K(1410048K)->1325138K(1410048K)
[8.442s][info][gc,metaspace   ] GC(142) Metaspace: 6298K(6464K)->6298K(6464K) NonClass: 5765K(5824K)->5765K(5824K) Class: 533K(640K)->533K(640K)
[8.442s][info][gc             ] GC(142) Pause Young (Allocation Failure) 1351M->1352M(1470M) 55.850ms
[8.442s][info][gc,cpu         ] GC(142) User=0.27s Sys=0.05s Real=0.06s
[8.469s][info][gc,start       ] GC(143) Pause Young (Allocation Failure)
[8.519s][info][gc,heap        ] GC(143) PSYoungGen: 80128K(95744K)->59744K(98816K) Eden: 20480K(20480K)->0K(20480K) From: 59648K(75264K)->59744K(78336K)
[8.519s][info][gc,heap        ] GC(143) ParOldGen: 1325138K(1410048K)->1345834K(1410048K)
[8.519s][info][gc,metaspace   ] GC(143) Metaspace: 6298K(6464K)->6298K(6464K) NonClass: 5765K(5824K)->5765K(5824K) Class: 533K(640K)->533K(640K)
[8.519s][info][gc             ] GC(143) Pause Young (Allocation Failure) 1372M->1372M(1473M) 50.310ms
[8.519s][info][gc,cpu         ] GC(143) User=0.25s Sys=0.00s Real=0.05s
[8.792s][info][gc,start       ] GC(144) Pause Young (Allocation Failure)
[8.865s][info][gc,heap        ] GC(144) PSYoungGen: 80224K(98816K)->41120K(96768K) Eden: 20480K(20480K)->0K(22528K) From: 59744K(78336K)->41120K(74240K)
[8.865s][info][gc,heap        ] GC(144) ParOldGen: 1411370K(1476096K)->1450954K(1476096K)
[8.865s][info][gc,metaspace   ] GC(144) Metaspace: 6298K(6464K)->6298K(6464K) NonClass: 5765K(5824K)->5765K(5824K) Class: 533K(640K)->533K(640K)
[8.865s][info][gc             ] GC(144) Pause Young (Allocation Failure) 1456M->1457M(1536M) 72.672ms
[8.865s][info][gc,cpu         ] GC(144) User=0.47s Sys=0.02s Real=0.07s
[8.865s][info][gc,start       ] GC(145) Pause Full (Ergonomics)
[8.865s][info][gc,phases,start] GC(145) Marking Phase
[9.194s][info][gc,phases      ] GC(145) Marking Phase 329.688ms
[9.194s][info][gc,phases,start] GC(145) Summary Phase
[9.195s][info][gc,phases      ] GC(145) Summary Phase 0.049ms
[9.195s][info][gc,phases,start] GC(145) Adjust Roots
[9.195s][info][gc,phases      ] GC(145) Adjust Roots 0.168ms
[9.195s][info][gc,phases,start] GC(145) Compaction Phase
[9.448s][info][gc,phases      ] GC(145) Compaction Phase 252.859ms
[9.448s][info][gc,phases,start] GC(145) Post Compact
[9.451s][info][gc,phases      ] GC(145) Post Compact 2.923ms
[9.451s][info][gc,heap        ] GC(145) PSYoungGen: 41120K(96768K)->0K(100352K) Eden: 0K(22528K)->0K(22528K) From: 41120K(74240K)->0K(77824K)
[9.451s][info][gc,heap        ] GC(145) ParOldGen: 1450954K(1476096K)->1457496K(1605120K)
[9.451s][info][gc,metaspace   ] GC(145) Metaspace: 6298K(6464K)->6298K(6464K) NonClass: 5765K(5824K)->5765K(5824K) Class: 533K(640K)->533K(640K)
[9.451s][info][gc             ] GC(145) Pause Full (Ergonomics) 1457M->1423M(1665M) 586.467ms
[9.451s][info][gc,cpu         ] GC(145) User=3.81s Sys=0.02s Real=0.59s
[9.476s][info][gc,start       ] GC(146) Pause Young (Allocation Failure)
[9.499s][info][gc,heap        ] GC(146) PSYoungGen: 22528K(100352K)->22688K(101888K) Eden: 22528K(22528K)->0K(24064K) From: 0K(77824K)->22688K(77824K)
[9.499s][info][gc,heap        ] GC(146) ParOldGen: 1457496K(1605120K)->1457496K(1605120K)
[9.499s][info][gc,metaspace   ] GC(146) Metaspace: 6298K(6464K)->6298K(6464K) NonClass: 5765K(5824K)->5765K(5824K) Class: 533K(640K)->533K(640K)
[9.499s][info][gc             ] GC(146) Pause Young (Allocation Failure) 1445M->1445M(1667M) 22.714ms
[9.499s][info][gc,cpu         ] GC(146) User=0.03s Sys=0.00s Real=0.02s
[9.522s][info][gc,start       ] GC(147) Pause Young (Allocation Failure)
[9.551s][info][gc,heap        ] GC(147) PSYoungGen: 46752K(101888K)->46752K(102912K) Eden: 24064K(24064K)->0K(24064K) From: 22688K(77824K)->46752K(78848K)
[9.551s][info][gc,heap        ] GC(147) ParOldGen: 1457496K(1605120K)->1457496K(1605120K)
[9.551s][info][gc,metaspace   ] GC(147) Metaspace: 6298K(6464K)->6298K(6464K) NonClass: 5765K(5824K)->5765K(5824K) Class: 533K(640K)->533K(640K)
[9.551s][info][gc             ] GC(147) Pause Young (Allocation Failure) 1468M->1468M(1668M) 29.717ms
[9.551s][info][gc,cpu         ] GC(147) User=0.06s Sys=0.00s Real=0.03s
[9.573s][info][gc,start       ] GC(148) Pause Young (Allocation Failure)
[9.609s][info][gc,heap        ] GC(148) PSYoungGen: 70816K(102912K)->70848K(95744K) Eden: 24064K(24064K)->0K(19456K) From: 46752K(78848K)->70848K(76288K)
[9.609s][info][gc,heap        ] GC(148) ParOldGen: 1457496K(1605120K)->1457496K(1605120K)
[9.609s][info][gc,metaspace   ] GC(148) Metaspace: 6298K(6464K)->6298K(6464K) NonClass: 5765K(5824K)->5765K(5824K) Class: 533K(640K)->533K(640K)
[9.609s][info][gc             ] GC(148) Pause Young (Allocation Failure) 1492M->1492M(1661M) 36.365ms
[9.609s][info][gc,cpu         ] GC(148) User=0.16s Sys=0.02s Real=0.04s
[9.628s][info][gc,start       ] GC(149) Pause Young (Allocation Failure)
[9.674s][info][gc,heap        ] GC(149) PSYoungGen: 90304K(95744K)->83456K(102912K) Eden: 19456K(19456K)->0K(19456K) From: 70848K(76288K)->83456K(83456K)
[9.674s][info][gc,heap        ] GC(149) ParOldGen: 1457496K(1605120K)->1464344K(1605120K)
[9.674s][info][gc,metaspace   ] GC(149) Metaspace: 6298K(6464K)->6298K(6464K) NonClass: 5765K(5824K)->5765K(5824K) Class: 533K(640K)->533K(640K)
[9.674s][info][gc             ] GC(149) Pause Young (Allocation Failure) 1511M->1511M(1668M) 46.109ms
[9.674s][info][gc,cpu         ] GC(149) User=0.22s Sys=0.02s Real=0.05s
[9.696s][info][gc,start       ] GC(150) Pause Young (Allocation Failure)
[9.750s][info][gc,heap        ] GC(150) PSYoungGen: 102912K(102912K)->59712K(115200K) Eden: 19456K(19456K)->0K(22016K) From: 83456K(83456K)->59712K(93184K)
[9.751s][info][gc,heap        ] GC(150) ParOldGen: 1464344K(1605120K)->1508216K(1605120K)
[9.751s][info][gc,metaspace   ] GC(150) Metaspace: 6298K(6464K)->6298K(6464K) NonClass: 5765K(5824K)->5765K(5824K) Class: 533K(640K)->533K(640K)
[9.751s][info][gc             ] GC(150) Pause Young (Allocation Failure) 1530M->1531M(1680M) 55.027ms
[9.751s][info][gc,cpu         ] GC(150) User=0.30s Sys=0.03s Real=0.05s
[9.777s][info][gc,start       ] GC(151) Pause Young (Allocation Failure)
[9.835s][info][gc,heap        ] GC(151) PSYoungGen: 81728K(115200K)->41632K(116736K) Eden: 22016K(22016K)->0K(22016K) From: 59712K(93184K)->41632K(94720K)
[9.835s][info][gc,heap        ] GC(151) ParOldGen: 1508216K(1605120K)->1548856K(1605120K)
[9.835s][info][gc,metaspace   ] GC(151) Metaspace: 6298K(6464K)->6298K(6464K) NonClass: 5765K(5824K)->5765K(5824K) Class: 533K(640K)->533K(640K)
[9.835s][info][gc             ] GC(151) Pause Young (Allocation Failure) 1552M->1553M(1681M) 57.513ms
[9.835s][info][gc,cpu         ] GC(151) User=0.27s Sys=0.00s Real=0.06s
[9.858s][info][gc,start       ] GC(152) Pause Young (Allocation Failure)
[9.898s][info][gc,heap        ] GC(152) PSYoungGen: 63648K(116736K)->22240K(116736K) Eden: 22016K(22016K)->0K(24576K) From: 41632K(94720K)->22240K(92160K)
[9.898s][info][gc,heap        ] GC(152) ParOldGen: 1548856K(1605120K)->1590880K(1605120K)
[9.898s][info][gc,metaspace   ] GC(152) Metaspace: 6298K(6464K)->6298K(6464K) NonClass: 5765K(5824K)->5765K(5824K) Class: 533K(640K)->533K(640K)
[9.898s][info][gc             ] GC(152) Pause Young (Allocation Failure) 1574M->1575M(1681M) 40.355ms
[9.899s][info][gc,cpu         ] GC(152) User=0.22s Sys=0.03s Real=0.04s
[9.899s][info][gc,start       ] GC(153) Pause Full (Ergonomics)
[9.899s][info][gc,phases,start] GC(153) Marking Phase
[10.276s][info][gc,phases      ] GC(153) Marking Phase 376.941ms
[10.276s][info][gc,phases,start] GC(153) Summary Phase
[10.276s][info][gc,phases      ] GC(153) Summary Phase 0.047ms
[10.276s][info][gc,phases,start] GC(153) Adjust Roots
[10.276s][info][gc,phases      ] GC(153) Adjust Roots 0.389ms
[10.276s][info][gc,phases,start] GC(153) Compaction Phase
[10.715s][info][gc,phases      ] GC(153) Compaction Phase 438.661ms
[10.715s][info][gc,phases,start] GC(153) Post Compact
[10.718s][info][gc,phases      ] GC(153) Post Compact 3.516ms
[10.719s][info][gc,heap        ] GC(153) PSYoungGen: 22240K(116736K)->6146K(116736K) Eden: 0K(24576K)->0K(24576K) From: 22240K(92160K)->6146K(92160K)
[10.719s][info][gc,heap        ] GC(153) ParOldGen: 1590880K(1605120K)->1604738K(1779712K)
[10.719s][info][gc,metaspace   ] GC(153) Metaspace: 6298K(6464K)->6298K(6464K) NonClass: 5765K(5824K)->5765K(5824K) Class: 533K(640K)->533K(640K)
[10.719s][info][gc             ] GC(153) Pause Full (Ergonomics) 1575M->1573M(1852M) 820.617ms
[10.719s][info][gc,cpu         ] GC(153) User=5.39s Sys=0.02s Real=0.82s
[10.743s][info][gc,start       ] GC(154) Pause Young (Allocation Failure)
[10.833s][info][gc,heap        ] GC(154) PSYoungGen: 30722K(116736K)->24736K(117248K) Eden: 24576K(24576K)->0K(24576K) From: 6146K(92160K)->24736K(92672K)
[10.833s][info][gc,heap        ] GC(154) ParOldGen: 1604738K(1779712K)->1611018K(1779712K)
[10.833s][info][gc,metaspace   ] GC(154) Metaspace: 6298K(6464K)->6298K(6464K) NonClass: 5765K(5824K)->5765K(5824K) Class: 533K(640K)->533K(640K)
[10.833s][info][gc             ] GC(154) Pause Young (Allocation Failure) 1597M->1597M(1852M) 90.443ms
[10.833s][info][gc,cpu         ] GC(154) User=0.47s Sys=0.00s Real=0.09s
[10.857s][info][gc,start       ] GC(155) Pause Young (Allocation Failure)
[10.891s][info][gc,heap        ] GC(155) PSYoungGen: 49312K(117248K)->49344K(114176K) Eden: 24576K(24576K)->0K(27648K) From: 24736K(92672K)->49344K(86528K)
[10.891s][info][gc,heap        ] GC(155) ParOldGen: 1611018K(1779712K)->1611018K(1779712K)
[10.891s][info][gc,metaspace   ] GC(155) Metaspace: 6298K(6464K)->6298K(6464K) NonClass: 5765K(5824K)->5765K(5824K) Class: 533K(640K)->533K(640K)
[10.891s][info][gc             ] GC(155) Pause Young (Allocation Failure) 1621M->1621M(1849M) 33.789ms
[10.891s][info][gc,cpu         ] GC(155) User=0.14s Sys=0.00s Real=0.03s
[10.920s][info][gc,start       ] GC(156) Pause Young (Allocation Failure)
[10.964s][info][gc,heap        ] GC(156) PSYoungGen: 76992K(114176K)->52448K(116736K) Eden: 27648K(27648K)->0K(27648K) From: 49344K(86528K)->52448K(89088K)
[10.964s][info][gc,heap        ] GC(156) ParOldGen: 1611018K(1779712K)->1635914K(1779712K)
[10.964s][info][gc,metaspace   ] GC(156) Metaspace: 6298K(6464K)->6298K(6464K) NonClass: 5765K(5824K)->5765K(5824K) Class: 533K(640K)->533K(640K)
[10.964s][info][gc             ] GC(156) Pause Young (Allocation Failure) 1648M->1648M(1852M) 43.529ms
[10.964s][info][gc,cpu         ] GC(156) User=0.16s Sys=0.00s Real=0.04s
[10.992s][info][gc,start       ] GC(157) Pause Young (Allocation Failure)
[11.034s][info][gc,heap        ] GC(157) PSYoungGen: 80096K(116736K)->55456K(116736K) Eden: 27648K(27648K)->0K(30720K) From: 52448K(89088K)->55456K(86016K)
[11.034s][info][gc,heap        ] GC(157) ParOldGen: 1635914K(1779712K)->1660818K(1779712K)
[11.034s][info][gc,metaspace   ] GC(157) Metaspace: 6298K(6464K)->6298K(6464K) NonClass: 5765K(5824K)->5765K(5824K) Class: 533K(640K)->533K(640K)
[11.034s][info][gc             ] GC(157) Pause Young (Allocation Failure) 1675M->1676M(1852M) 41.681ms
[11.034s][info][gc,cpu         ] GC(157) User=0.19s Sys=0.00s Real=0.04s
[11.068s][info][gc,start       ] GC(158) Pause Young (Allocation Failure)
[11.112s][info][gc,heap        ] GC(158) PSYoungGen: 86176K(116736K)->58560K(117248K) Eden: 30720K(30720K)->0K(30720K) From: 55456K(86016K)->58560K(86528K)
[11.112s][info][gc,heap        ] GC(158) ParOldGen: 1660818K(1779712K)->1688834K(1779712K)
[11.112s][info][gc,metaspace   ] GC(158) Metaspace: 6298K(6464K)->6298K(6464K) NonClass: 5765K(5824K)->5765K(5824K) Class: 533K(640K)->533K(640K)
[11.112s][info][gc             ] GC(158) Pause Young (Allocation Failure) 1706M->1706M(1852M) 44.129ms
[11.112s][info][gc,cpu         ] GC(158) User=0.19s Sys=0.00s Real=0.04s
[11.147s][info][gc,start       ] GC(159) Pause Young (Allocation Failure)
[11.197s][info][gc,heap        ] GC(159) PSYoungGen: 89280K(117248K)->61600K(120320K) Eden: 30720K(30720K)->0K(33280K) From: 58560K(86528K)->61600K(87040K)
[11.197s][info][gc,heap        ] GC(159) ParOldGen: 1688834K(1779712K)->1716858K(1779712K)
[11.197s][info][gc,metaspace   ] GC(159) Metaspace: 6298K(6464K)->6298K(6464K) NonClass: 5765K(5824K)->5765K(5824K) Class: 533K(640K)->533K(640K)
[11.197s][info][gc             ] GC(159) Pause Young (Allocation Failure) 1736M->1736M(1855M) 50.167ms
[11.197s][info][gc,cpu         ] GC(159) User=0.34s Sys=0.03s Real=0.05s
[11.233s][info][gc,start       ] GC(160) Pause Young (Allocation Failure)
[11.291s][info][gc,heap        ] GC(160) PSYoungGen: 94880K(120320K)->64192K(121344K) Eden: 33280K(33280K)->0K(33280K) From: 61600K(87040K)->64192K(88064K)
[11.291s][info][gc,heap        ] GC(160) ParOldGen: 1716858K(1779712K)->1748034K(1779712K)
[11.291s][info][gc,metaspace   ] GC(160) Metaspace: 6298K(6464K)->6298K(6464K) NonClass: 5765K(5824K)->5765K(5824K) Class: 533K(640K)->533K(640K)
[11.291s][info][gc             ] GC(160) Pause Young (Allocation Failure) 1769M->1769M(1856M) 57.604ms
[11.291s][info][gc,cpu         ] GC(160) User=0.27s Sys=0.02s Real=0.06s
[11.291s][info][gc,start       ] GC(161) Pause Full (Ergonomics)
[11.291s][info][gc,phases,start] GC(161) Marking Phase
[11.746s][info][gc,phases      ] GC(161) Marking Phase 454.906ms
[11.746s][info][gc,phases,start] GC(161) Summary Phase
[11.746s][info][gc,phases      ] GC(161) Summary Phase 0.031ms
[11.746s][info][gc,phases,start] GC(161) Adjust Roots
[11.746s][info][gc,phases      ] GC(161) Adjust Roots 0.157ms
[11.746s][info][gc,phases,start] GC(161) Compaction Phase
[11.932s][info][gc,phases      ] GC(161) Compaction Phase 186.051ms
[11.932s][info][gc,phases,start] GC(161) Post Compact
[11.936s][info][gc,phases      ] GC(161) Post Compact 3.806ms
[11.937s][info][gc,heap        ] GC(161) PSYoungGen: 64192K(121344K)->30209K(121344K) Eden: 0K(33280K)->0K(33280K) From: 64192K(88064K)->30209K(88064K)
[11.937s][info][gc,heap        ] GC(161) ParOldGen: 1748034K(1779712K)->1779621K(1963520K)
[11.937s][info][gc,metaspace   ] GC(161) Metaspace: 6298K(6464K)->6298K(6464K) NonClass: 5765K(5824K)->5765K(5824K) Class: 533K(640K)->533K(640K)
[11.937s][info][gc             ] GC(161) Pause Full (Ergonomics) 1769M->1767M(2036M) 645.997ms
[11.937s][info][gc,cpu         ] GC(161) User=4.02s Sys=0.03s Real=0.65s
[11.969s][info][gc,start       ] GC(162) Pause Young (Allocation Failure)
[12.073s][info][gc,heap        ] GC(162) PSYoungGen: 63489K(121344K)->50336K(118784K) Eden: 33280K(33280K)->0K(36864K) From: 30209K(88064K)->50336K(81920K)
[12.073s][info][gc,heap        ] GC(162) ParOldGen: 1779621K(1963520K)->1793173K(1963520K)
[12.073s][info][gc,metaspace   ] GC(162) Metaspace: 6298K(6464K)->6298K(6464K) NonClass: 5765K(5824K)->5765K(5824K) Class: 533K(640K)->533K(640K)
[12.073s][info][gc             ] GC(162) Pause Young (Allocation Failure) 1799M->1800M(2033M) 103.949ms
[12.073s][info][gc,cpu         ] GC(162) User=0.66s Sys=0.00s Real=0.10s
[12.116s][info][gc,start       ] GC(163) Pause Young (Allocation Failure)
[12.169s][info][gc,heap        ] GC(163) PSYoungGen: 87200K(118784K)->86016K(122880K) Eden: 36864K(36864K)->0K(36864K) From: 50336K(81920K)->86016K(86016K)
[12.169s][info][gc,heap        ] GC(163) ParOldGen: 1793173K(1963520K)->1794309K(1963520K)
[12.169s][info][gc,metaspace   ] GC(163) Metaspace: 6298K(6464K)->6298K(6464K) NonClass: 5765K(5824K)->5765K(5824K) Class: 533K(640K)->533K(640K)
[12.169s][info][gc             ] GC(163) Pause Young (Allocation Failure) 1836M->1836M(2037M) 52.875ms
[12.169s][info][gc,cpu         ] GC(163) User=0.33s Sys=0.00s Real=0.05s
[12.211s][info][gc,start       ] GC(164) Pause Young (Allocation Failure)
[12.281s][info][gc,heap        ] GC(164) PSYoungGen: 122880K(122880K)->73440K(134144K) Eden: 36864K(36864K)->0K(38400K) From: 86016K(86016K)->73440K(95744K)
[12.281s][info][gc,heap        ] GC(164) ParOldGen: 1794309K(1963520K)->1844517K(1963520K)
[12.281s][info][gc,metaspace   ] GC(164) Metaspace: 6298K(6464K)->6298K(6464K) NonClass: 5765K(5824K)->5765K(5824K) Class: 533K(640K)->533K(640K)
[12.281s][info][gc             ] GC(164) Pause Young (Allocation Failure) 1872M->1873M(2048M) 70.591ms
[12.281s][info][gc,cpu         ] GC(164) User=0.44s Sys=0.03s Real=0.07s
[12.323s][info][gc,start       ] GC(165) Pause Young (Allocation Failure)
[12.384s][info][gc,heap        ] GC(165) PSYoungGen: 111840K(134144K)->75488K(136704K) Eden: 38400K(38400K)->0K(38400K) From: 73440K(95744K)->75488K(98304K)
[12.384s][info][gc,heap        ] GC(165) ParOldGen: 1844517K(1963520K)->1881365K(1963520K)
[12.384s][info][gc,metaspace   ] GC(165) Metaspace: 6298K(6464K)->6298K(6464K) NonClass: 5765K(5824K)->5765K(5824K) Class: 533K(640K)->533K(640K)
[12.384s][info][gc             ] GC(165) Pause Young (Allocation Failure) 1910M->1910M(2051M) 61.291ms
[12.384s][info][gc,cpu         ] GC(165) User=0.36s Sys=0.00s Real=0.06s
[12.430s][info][gc,start       ] GC(166) Pause Young (Allocation Failure)
[12.496s][info][gc,heap        ] GC(166) PSYoungGen: 113888K(136704K)->77024K(141824K) Eden: 38400K(38400K)->0K(40448K) From: 75488K(98304K)->77024K(101376K)
[12.496s][info][gc,heap        ] GC(166) ParOldGen: 1881365K(1963520K)->1918765K(1963520K)
[12.496s][info][gc,metaspace   ] GC(166) Metaspace: 6298K(6464K)->6298K(6464K) NonClass: 5765K(5824K)->5765K(5824K) Class: 533K(640K)->533K(640K)
[12.496s][info][gc             ] GC(166) Pause Young (Allocation Failure) 1948M->1949M(2056M) 65.809ms
[12.496s][info][gc,cpu         ] GC(166) User=0.34s Sys=0.00s Real=0.07s
[12.496s][info][gc,start       ] GC(167) Pause Full (Ergonomics)
[12.496s][info][gc,phases,start] GC(167) Marking Phase
[12.967s][info][gc,phases      ] GC(167) Marking Phase 470.816ms
[12.967s][info][gc,phases,start] GC(167) Summary Phase
[12.967s][info][gc,phases      ] GC(167) Summary Phase 0.039ms
[12.967s][info][gc,phases,start] GC(167) Adjust Roots
[12.967s][info][gc,phases      ] GC(167) Adjust Roots 0.161ms
[12.967s][info][gc,phases,start] GC(167) Compaction Phase
[13.164s][info][gc,phases      ] GC(167) Compaction Phase 196.975ms
[13.164s][info][gc,phases,start] GC(167) Post Compact
[13.169s][info][gc,phases      ] GC(167) Post Compact 4.030ms
[13.170s][info][gc,heap        ] GC(167) PSYoungGen: 77024K(141824K)->30244K(141824K) Eden: 0K(40448K)->0K(40448K) From: 77024K(101376K)->30244K(101376K)
[13.170s][info][gc,heap        ] GC(167) ParOldGen: 1918765K(1963520K)->1963237K(2171392K)
[13.170s][info][gc,metaspace   ] GC(167) Metaspace: 6298K(6464K)->6298K(6464K) NonClass: 5765K(5824K)->5765K(5824K) Class: 533K(640K)->533K(640K)
[13.170s][info][gc             ] GC(167) Pause Full (Ergonomics) 1949M->1946M(2259M) 673.305ms
[13.170s][info][gc,cpu         ] GC(167) User=4.62s Sys=0.06s Real=0.67s
[13.221s][info][gc,start       ] GC(168) Pause Young (Allocation Failure)
[13.338s][info][gc,heap        ] GC(168) PSYoungGen: 70692K(141824K)->54880K(144384K) Eden: 40448K(40448K)->0K(40448K) From: 30244K(101376K)->54880K(103936K)
[13.338s][info][gc,heap        ] GC(168) ParOldGen: 1963237K(2171392K)->1979485K(2171392K)
[13.338s][info][gc,metaspace   ] GC(168) Metaspace: 6298K(6464K)->6298K(6464K) NonClass: 5765K(5824K)->5765K(5824K) Class: 533K(640K)->533K(640K)
[13.338s][info][gc             ] GC(168) Pause Young (Allocation Failure) 1986M->1986M(2261M) 116.672ms
[13.338s][info][gc,cpu         ] GC(168) User=0.77s Sys=0.00s Real=0.12s
[13.383s][info][gc,start       ] GC(169) Pause Young (Allocation Failure)
[13.435s][info][gc,heap        ] GC(169) PSYoungGen: 95328K(144384K)->95392K(135680K) Eden: 40448K(40448K)->0K(35328K) From: 54880K(103936K)->95392K(100352K)
[13.435s][info][gc,heap        ] GC(169) ParOldGen: 1979485K(2171392K)->1979485K(2171392K)
[13.435s][info][gc,metaspace   ] GC(169) Metaspace: 6298K(6464K)->6298K(6464K) NonClass: 5765K(5824K)->5765K(5824K) Class: 533K(640K)->533K(640K)
[13.435s][info][gc             ] GC(169) Pause Young (Allocation Failure) 2026M->2026M(2253M) 52.708ms
[13.435s][info][gc,cpu         ] GC(169) User=0.38s Sys=0.00s Real=0.05s
[13.473s][info][gc,start       ] GC(170) Pause Young (Allocation Failure)
[13.552s][info][gc,heap        ] GC(170) PSYoungGen: 130720K(135680K)->109568K(144896K) Eden: 35328K(35328K)->0K(35328K) From: 95392K(100352K)->109568K(109568K)
[13.552s][info][gc,heap        ] GC(170) ParOldGen: 1979485K(2171392K)->2000805K(2171392K)
[13.552s][info][gc,metaspace   ] GC(170) Metaspace: 6298K(6464K)->6298K(6464K) NonClass: 5765K(5824K)->5765K(5824K) Class: 533K(640K)->533K(640K)
[13.552s][info][gc             ] GC(170) Pause Young (Allocation Failure) 2060M->2060M(2262M) 79.076ms
[13.552s][info][gc,cpu         ] GC(170) User=0.44s Sys=0.00s Real=0.08s
[13.592s][info][gc,start       ] GC(171) Pause Young (Allocation Failure)
[13.676s][info][gc,heap        ] GC(171) PSYoungGen: 144896K(144896K)->100064K(164352K) Eden: 35328K(35328K)->0K(34304K) From: 109568K(109568K)->100064K(130048K)
[13.676s][info][gc,heap        ] GC(171) ParOldGen: 2000805K(2171392K)->2046381K(2171392K)
[13.676s][info][gc,metaspace   ] GC(171) Metaspace: 6298K(6464K)->6298K(6464K) NonClass: 5765K(5824K)->5765K(5824K) Class: 533K(640K)->533K(640K)
[13.676s][info][gc             ] GC(171) Pause Young (Allocation Failure) 2095M->2096M(2281M) 83.724ms
[13.676s][info][gc,cpu         ] GC(171) User=0.52s Sys=0.11s Real=0.08s
[13.714s][info][gc,start       ] GC(172) Pause Young (Allocation Failure)
[13.789s][info][gc,heap        ] GC(172) PSYoungGen: 134368K(164352K)->99424K(169472K) Eden: 34304K(34304K)->0K(34304K) From: 100064K(130048K)->99424K(135168K)
[13.789s][info][gc,heap        ] GC(172) ParOldGen: 2046381K(2171392K)->2081749K(2171392K)
[13.789s][info][gc,metaspace   ] GC(172) Metaspace: 6298K(6464K)->6298K(6464K) NonClass: 5765K(5824K)->5765K(5824K) Class: 533K(640K)->533K(640K)
[13.790s][info][gc             ] GC(172) Pause Young (Allocation Failure) 2129M->2130M(2286M) 75.795ms
[13.790s][info][gc,cpu         ] GC(172) User=0.58s Sys=0.02s Real=0.08s
[13.831s][info][gc,start       ] GC(173) Pause Young (Allocation Failure)
[13.917s][info][gc,heap        ] GC(173) PSYoungGen: 133728K(169472K)->104192K(173568K) Eden: 34304K(34304K)->0K(34816K) From: 99424K(135168K)->104192K(138752K)
[13.917s][info][gc,heap        ] GC(173) ParOldGen: 2081749K(2171392K)->2111717K(2171392K)
[13.917s][info][gc,metaspace   ] GC(173) Metaspace: 6298K(6464K)->6298K(6464K) NonClass: 5765K(5824K)->5765K(5824K) Class: 533K(640K)->533K(640K)
[13.917s][info][gc             ] GC(173) Pause Young (Allocation Failure) 2163M->2163M(2290M) 86.220ms
[13.917s][info][gc,cpu         ] GC(173) User=0.48s Sys=0.03s Real=0.09s
[13.964s][info][gc,start       ] GC(174) Pause Young (Allocation Failure)
[14.042s][info][gc,heap        ] GC(174) PSYoungGen: 139008K(173568K)->69312K(177664K) Eden: 34816K(34816K)->0K(34816K) From: 104192K(138752K)->69312K(142848K)
[14.042s][info][gc,heap        ] GC(174) ParOldGen: 2111717K(2171392K)->2182245K(2182656K)
[14.042s][info][gc,metaspace   ] GC(174) Metaspace: 6298K(6464K)->6298K(6464K) NonClass: 5765K(5824K)->5765K(5824K) Class: 533K(640K)->533K(640K)
[14.042s][info][gc             ] GC(174) Pause Young (Allocation Failure) 2197M->2198M(2305M) 78.647ms
[14.042s][info][gc,cpu         ] GC(174) User=0.45s Sys=0.03s Real=0.08s
[14.042s][info][gc,start       ] GC(175) Pause Full (Ergonomics)
[14.042s][info][gc,phases,start] GC(175) Marking Phase
[14.573s][info][gc,phases      ] GC(175) Marking Phase 530.240ms
[14.573s][info][gc,phases,start] GC(175) Summary Phase
[14.573s][info][gc,phases      ] GC(175) Summary Phase 0.036ms
[14.573s][info][gc,phases,start] GC(175) Adjust Roots
[14.573s][info][gc,phases      ] GC(175) Adjust Roots 0.161ms
[14.573s][info][gc,phases,start] GC(175) Compaction Phase
[14.785s][info][gc,phases      ] GC(175) Compaction Phase 212.338ms
[14.785s][info][gc,phases,start] GC(175) Post Compact
[14.790s][info][gc,phases      ] GC(175) Post Compact 4.505ms
[14.791s][info][gc,heap        ] GC(175) PSYoungGen: 69312K(177664K)->65989K(177664K) Eden: 0K(34816K)->0K(34816K) From: 69312K(142848K)->65989K(142848K)
[14.791s][info][gc,heap        ] GC(175) ParOldGen: 2182245K(2182656K)->2182247K(2414592K)
[14.791s][info][gc,metaspace   ] GC(175) Metaspace: 6298K(6464K)->6298K(6464K) NonClass: 5765K(5824K)->5765K(5824K) Class: 533K(640K)->533K(640K)
[14.791s][info][gc             ] GC(175) Pause Full (Ergonomics) 2198M->2195M(2531M) 748.607ms
[14.791s][info][gc,cpu         ] GC(175) User=5.47s Sys=0.02s Real=0.75s
[14.833s][info][gc,start       ] GC(176) Pause Young (Allocation Failure)
[14.982s][info][gc,heap        ] GC(176) PSYoungGen: 100805K(177664K)->34944K(176640K) Eden: 34816K(34816K)->0K(38400K) From: 65989K(142848K)->34944K(138240K)
[14.982s][info][gc,heap        ] GC(176) ParOldGen: 2182247K(2414592K)->2249247K(2414592K)
[14.982s][info][gc,metaspace   ] GC(176) Metaspace: 6298K(6464K)->6298K(6464K) NonClass: 5765K(5824K)->5765K(5824K) Class: 533K(640K)->533K(640K)
[14.982s][info][gc             ] GC(176) Pause Young (Allocation Failure) 2229M->2230M(2530M) 148.968ms
[14.982s][info][gc,cpu         ] GC(176) User=0.84s Sys=0.16s Real=0.15s
[15.026s][info][gc,start       ] GC(177) Pause Young (Allocation Failure)
[15.077s][info][gc,heap        ] GC(177) PSYoungGen: 73344K(176640K)->38560K(177664K) Eden: 38400K(38400K)->0K(38400K) From: 34944K(138240K)->38560K(139264K)
[15.077s][info][gc,heap        ] GC(177) ParOldGen: 2249247K(2414592K)->2284391K(2414592K)
[15.077s][info][gc,metaspace   ] GC(177) Metaspace: 6298K(6464K)->6298K(6464K) NonClass: 5765K(5824K)->5765K(5824K) Class: 533K(640K)->533K(640K)
[15.077s][info][gc             ] GC(177) Pause Young (Allocation Failure) 2268M->2268M(2531M) 51.353ms
[15.077s][info][gc,cpu         ] GC(177) User=0.25s Sys=0.03s Real=0.05s
[15.120s][info][gc,start       ] GC(178) Pause Young (Allocation Failure)
[15.176s][info][gc,heap        ] GC(178) PSYoungGen: 76960K(177664K)->38528K(178176K) Eden: 38400K(38400K)->0K(42496K) From: 38560K(139264K)->38528K(135680K)
[15.176s][info][gc,heap        ] GC(178) ParOldGen: 2284391K(2414592K)->2323119K(2414592K)
[15.176s][info][gc,metaspace   ] GC(178) Metaspace: 6298K(6464K)->6298K(6464K) NonClass: 5765K(5824K)->5765K(5824K) Class: 533K(640K)->533K(640K)
[15.176s][info][gc             ] GC(178) Pause Young (Allocation Failure) 2306M->2306M(2532M) 55.448ms
[15.176s][info][gc,cpu         ] GC(178) User=0.30s Sys=0.09s Real=0.06s
[15.227s][info][gc,start       ] GC(179) Pause Young (Allocation Failure)
[15.283s][info][gc,heap        ] GC(179) PSYoungGen: 81024K(178176K)->42624K(179712K) Eden: 42496K(42496K)->0K(42496K) From: 38528K(135680K)->42624K(137216K)
[15.283s][info][gc,heap        ] GC(179) ParOldGen: 2323119K(2414592K)->2361863K(2414592K)
[15.283s][info][gc,metaspace   ] GC(179) Metaspace: 6298K(6464K)->6298K(6464K) NonClass: 5765K(5824K)->5765K(5824K) Class: 533K(640K)->533K(640K)
[15.283s][info][gc             ] GC(179) Pause Young (Allocation Failure) 2347M->2348M(2533M) 56.324ms
[15.283s][info][gc,cpu         ] GC(179) User=0.31s Sys=0.08s Real=0.06s
[15.283s][info][gc,start       ] GC(180) Pause Full (Ergonomics)
[15.283s][info][gc,phases,start] GC(180) Marking Phase
[15.844s][info][gc,phases      ] GC(180) Marking Phase 561.359ms
[15.844s][info][gc,phases,start] GC(180) Summary Phase
[15.844s][info][gc,phases      ] GC(180) Summary Phase 0.047ms
[15.844s][info][gc,phases,start] GC(180) Adjust Roots
[15.845s][info][gc,phases      ] GC(180) Adjust Roots 0.165ms
[15.845s][info][gc,phases,start] GC(180) Compaction Phase
[16.069s][info][gc,phases      ] GC(180) Compaction Phase 224.486ms
[16.069s][info][gc,phases,start] GC(180) Post Compact
[16.074s][info][gc,phases      ] GC(180) Post Compact 4.734ms
[16.076s][info][gc,heap        ] GC(180) PSYoungGen: 42624K(179712K)->0K(181248K) Eden: 0K(42496K)->0K(47104K) From: 42624K(137216K)->0K(134144K)
[16.076s][info][gc,heap        ] GC(180) ParOldGen: 2361863K(2414592K)->2402224K(2652672K)
[16.076s][info][gc,metaspace   ] GC(180) Metaspace: 6298K(6464K)->6298K(6464K) NonClass: 5765K(5824K)->5765K(5824K) Class: 533K(640K)->533K(640K)
[16.076s][info][gc             ] GC(180) Pause Full (Ergonomics) 2348M->2345M(2767M) 793.063ms
[16.076s][info][gc,cpu         ] GC(180) User=5.45s Sys=0.06s Real=0.79s
[16.138s][info][gc,start       ] GC(181) Pause Young (Allocation Failure)
[16.172s][info][gc,heap        ] GC(181) PSYoungGen: 47104K(181248K)->47296K(181248K) Eden: 47104K(47104K)->0K(47104K) From: 0K(134144K)->47296K(134144K)
[16.172s][info][gc,heap        ] GC(181) ParOldGen: 2402224K(2652672K)->2402224K(2652672K)
[16.172s][info][gc,metaspace   ] GC(181) Metaspace: 6298K(6464K)->6298K(6464K) NonClass: 5765K(5824K)->5765K(5824K) Class: 533K(640K)->533K(640K)
[16.172s][info][gc             ] GC(181) Pause Young (Allocation Failure) 2391M->2392M(2767M) 34.261ms
[16.172s][info][gc,cpu         ] GC(181) User=0.16s Sys=0.00s Real=0.03s
[16.229s][info][gc,start       ] GC(182) Pause Young (Allocation Failure)
[16.284s][info][gc,heap        ] GC(182) PSYoungGen: 94400K(181248K)->94496K(176640K) Eden: 47104K(47104K)->0K(46592K) From: 47296K(134144K)->94496K(130048K)
[16.284s][info][gc,heap        ] GC(182) ParOldGen: 2402224K(2652672K)->2402224K(2652672K)
[16.284s][info][gc,metaspace   ] GC(182) Metaspace: 6298K(6464K)->6298K(6464K) NonClass: 5765K(5824K)->5765K(5824K) Class: 533K(640K)->533K(640K)
[16.284s][info][gc             ] GC(182) Pause Young (Allocation Failure) 2438M->2438M(2763M) 55.628ms
[16.285s][info][gc,cpu         ] GC(182) User=0.38s Sys=0.00s Real=0.05s
[16.339s][info][gc,start       ] GC(183) Pause Young (Allocation Failure)
[16.417s][info][gc,heap        ] GC(183) PSYoungGen: 141088K(176640K)->135168K(181760K) Eden: 46592K(46592K)->0K(46592K) From: 94496K(130048K)->135168K(135168K)
[16.417s][info][gc,heap        ] GC(183) ParOldGen: 2402224K(2652672K)->2408128K(2652672K)
[16.417s][info][gc,metaspace   ] GC(183) Metaspace: 6298K(6464K)->6298K(6464K) NonClass: 5765K(5824K)->5765K(5824K) Class: 533K(640K)->533K(640K)
[16.417s][info][gc             ] GC(183) Pause Young (Allocation Failure) 2483M->2483M(2768M) 78.401ms
[16.417s][info][gc,cpu         ] GC(183) User=0.48s Sys=0.00s Real=0.08s
[16.472s][info][gc,start       ] GC(184) Pause Young (Allocation Failure)
[16.601s][info][gc,heap        ] GC(184) PSYoungGen: 181760K(181760K)->91520K(205312K) Eden: 46592K(46592K)->0K(51712K) From: 135168K(135168K)->91520K(153600K)
[16.601s][info][gc,heap        ] GC(184) ParOldGen: 2408128K(2652672K)->2499224K(2652672K)
[16.601s][info][gc,metaspace   ] GC(184) Metaspace: 6298K(6464K)->6298K(6464K) NonClass: 5765K(5824K)->5765K(5824K) Class: 533K(640K)->533K(640K)
[16.601s][info][gc             ] GC(184) Pause Young (Allocation Failure) 2529M->2530M(2791M) 128.957ms
[16.601s][info][gc,cpu         ] GC(184) User=0.70s Sys=0.20s Real=0.13s
[16.664s][info][gc,start       ] GC(185) Pause Young (Allocation Failure)
[16.753s][info][gc,heap        ] GC(185) PSYoungGen: 143232K(205312K)->98592K(206336K) Eden: 51712K(51712K)->0K(51712K) From: 91520K(153600K)->98592K(154624K)
[16.753s][info][gc,heap        ] GC(185) ParOldGen: 2499224K(2652672K)->2544304K(2652672K)
[16.753s][info][gc,metaspace   ] GC(185) Metaspace: 6298K(6464K)->6298K(6464K) NonClass: 5765K(5824K)->5765K(5824K) Class: 533K(640K)->533K(640K)
[16.753s][info][gc             ] GC(185) Pause Young (Allocation Failure) 2580M->2580M(2792M) 89.286ms
[16.753s][info][gc,cpu         ] GC(185) User=0.50s Sys=0.12s Real=0.09s
[16.818s][info][gc,start       ] GC(186) Pause Young (Allocation Failure)
[16.925s][info][gc,heap        ] GC(186) PSYoungGen: 150304K(206336K)->103744K(211968K) Eden: 51712K(51712K)->0K(56320K) From: 98592K(154624K)->103744K(155648K)
[16.925s][info][gc,heap        ] GC(186) ParOldGen: 2544304K(2652672K)->2591328K(2652672K)
[16.925s][info][gc,metaspace   ] GC(186) Metaspace: 6298K(6464K)->6298K(6464K) NonClass: 5765K(5824K)->5765K(5824K) Class: 533K(640K)->533K(640K)
[16.925s][info][gc             ] GC(186) Pause Young (Allocation Failure) 2631M->2631M(2797M) 107.476ms
[16.925s][info][gc,cpu         ] GC(186) User=0.50s Sys=0.06s Real=0.11s
[16.925s][info][gc,start       ] GC(187) Pause Full (Ergonomics)
[16.925s][info][gc,phases,start] GC(187) Marking Phase
[17.600s][info][gc,phases      ] GC(187) Marking Phase 674.854ms
[17.600s][info][gc,phases,start] GC(187) Summary Phase
[17.600s][info][gc,phases      ] GC(187) Summary Phase 0.096ms
[17.600s][info][gc,phases,start] GC(187) Adjust Roots
[17.600s][info][gc,phases      ] GC(187) Adjust Roots 0.303ms
[17.600s][info][gc,phases,start] GC(187) Compaction Phase
[17.843s][info][gc,phases      ] GC(187) Compaction Phase 242.606ms
[17.843s][info][gc,phases,start] GC(187) Post Compact
[17.850s][info][gc,phases      ] GC(187) Post Compact 6.765ms
[17.853s][info][gc,heap        ] GC(187) PSYoungGen: 103744K(211968K)->40496K(211968K) Eden: 0K(56320K)->0K(56320K) From: 103744K(155648K)->40496K(155648K)
[17.853s][info][gc,heap        ] GC(187) ParOldGen: 2591328K(2652672K)->2652356K(2934784K)
[17.853s][info][gc,metaspace   ] GC(187) Metaspace: 6298K(6464K)->6298K(6464K) NonClass: 5765K(5824K)->5765K(5824K) Class: 533K(640K)->533K(640K)
[17.853s][info][gc             ] GC(187) Pause Full (Ergonomics) 2631M->2629M(3073M) 927.907ms
[17.853s][info][gc,cpu         ] GC(187) User=5.92s Sys=0.08s Real=0.93s
[17.920s][info][gc,start       ] GC(188) Pause Young (Allocation Failure)
[18.100s][info][gc,heap        ] GC(188) PSYoungGen: 96816K(211968K)->74464K(131072K) Eden: 56320K(56320K)->0K(56320K) From: 40496K(155648K)->74464K(74752K)
[18.100s][info][gc,heap        ] GC(188) ParOldGen: 2652356K(2934784K)->2675220K(2934784K)
[18.100s][info][gc,metaspace   ] GC(188) Metaspace: 6298K(6464K)->6298K(6464K) NonClass: 5765K(5824K)->5765K(5824K) Class: 533K(640K)->533K(640K)
[18.100s][info][gc             ] GC(188) Pause Young (Allocation Failure) 2684M->2685M(2994M) 179.777ms
[18.100s][info][gc,cpu         ] GC(188) User=1.05s Sys=0.00s Real=0.18s
[18.166s][info][gc,start       ] GC(189) Pause Young (Allocation Failure)
[18.252s][info][gc,heap        ] GC(189) PSYoungGen: 130784K(131072K)->130880K(200704K) Eden: 56320K(56320K)->0K(50176K) From: 74464K(74752K)->130880K(150528K)
[18.252s][info][gc,heap        ] GC(189) ParOldGen: 2675220K(2934784K)->2675220K(2934784K)
[18.252s][info][gc,metaspace   ] GC(189) Metaspace: 6298K(6464K)->6298K(6464K) NonClass: 5765K(5824K)->5765K(5824K) Class: 533K(640K)->533K(640K)
[18.252s][info][gc             ] GC(189) Pause Young (Allocation Failure) 2740M->2740M(3062M) 85.977ms
[18.252s][info][gc,cpu         ] GC(189) User=0.44s Sys=0.08s Real=0.09s
[18.917s][info][gc,start       ] GC(190) Pause Young (Allocation Failure)
[19.067s][info][gc,heap        ] GC(190) PSYoungGen: 181056K(200704K)->162304K(212480K) Eden: 50176K(50176K)->0K(50176K) From: 130880K(150528K)->162304K(162304K)
[19.067s][info][gc,heap        ] GC(190) ParOldGen: 2806292K(2934784K)->2825172K(2934784K)
[19.067s][info][gc,metaspace   ] GC(190) Metaspace: 6298K(6464K)->6298K(6464K) NonClass: 5765K(5824K)->5765K(5824K) Class: 533K(640K)->533K(640K)
[19.067s][info][gc             ] GC(190) Pause Young (Allocation Failure) 2917M->2917M(3073M) 149.630ms
[19.067s][info][gc,cpu         ] GC(190) User=1.12s Sys=0.05s Real=0.15s
[19.123s][info][gc,start       ] GC(191) Pause Young (Allocation Failure)
[19.265s][info][gc,heap        ] GC(191) PSYoungGen: 212480K(212480K)->144160K(236544K) Eden: 50176K(50176K)->0K(46080K) From: 162304K(162304K)->144160K(190464K)
[19.265s][info][gc,heap        ] GC(191) ParOldGen: 2825172K(2934784K)->2894212K(2934784K)
[19.265s][info][gc,metaspace   ] GC(191) Metaspace: 6298K(6464K)->6298K(6464K) NonClass: 5765K(5824K)->5765K(5824K) Class: 533K(640K)->533K(640K)
[19.265s][info][gc             ] GC(191) Pause Young (Allocation Failure) 2966M->2967M(3097M) 142.346ms
[19.265s][info][gc,cpu         ] GC(191) User=0.66s Sys=0.36s Real=0.14s
[19.265s][info][gc,start       ] GC(192) Pause Full (Ergonomics)
[19.265s][info][gc,phases,start] GC(192) Marking Phase
[19.939s][info][gc,phases      ] GC(192) Marking Phase 674.371ms
[19.939s][info][gc,phases,start] GC(192) Summary Phase
[19.939s][info][gc,phases      ] GC(192) Summary Phase 0.041ms
[19.939s][info][gc,phases,start] GC(192) Adjust Roots
[19.940s][info][gc,phases      ] GC(192) Adjust Roots 0.168ms
[19.940s][info][gc,phases,start] GC(192) Compaction Phase
[20.420s][info][gc,phases      ] GC(192) Compaction Phase 480.246ms
[20.420s][info][gc,phases,start] GC(192) Post Compact
[20.427s][info][gc,phases      ] GC(192) Post Compact 7.412ms
[20.430s][info][gc,heap        ] GC(192) PSYoungGen: 144160K(236544K)->36909K(236544K) Eden: 0K(46080K)->0K(46080K) From: 144160K(190464K)->36909K(190464K)
[20.430s][info][gc,heap        ] GC(192) ParOldGen: 2894212K(2934784K)->2934352K(3238400K)
[20.430s][info][gc,metaspace   ] GC(192) Metaspace: 6298K(6464K)->6298K(6464K) NonClass: 5765K(5824K)->5765K(5824K) Class: 533K(640K)->533K(640K)
[20.430s][info][gc             ] GC(192) Pause Full (Ergonomics) 2967M->2901M(3393M) 1165.196ms
[20.430s][info][gc,cpu         ] GC(192) User=7.69s Sys=0.16s Real=1.16s
[20.480s][info][gc,start       ] GC(193) Pause Young (Allocation Failure)
[20.641s][info][gc,heap        ] GC(193) PSYoungGen: 82989K(236544K)->83232K(129536K) Eden: 46080K(46080K)->0K(46080K) From: 36909K(190464K)->83232K(83456K)
[20.641s][info][gc,heap        ] GC(193) ParOldGen: 2934352K(3238400K)->2934352K(3238400K)
[20.641s][info][gc,metaspace   ] GC(193) Metaspace: 6298K(6464K)->6298K(6464K) NonClass: 5765K(5824K)->5765K(5824K) Class: 533K(640K)->533K(640K)
[20.641s][info][gc             ] GC(193) Pause Young (Allocation Failure) 2946M->2946M(3289M) 160.430ms
[20.641s][info][gc,cpu         ] GC(193) User=1.05s Sys=0.00s Real=0.16s
[20.686s][info][gc,start       ] GC(194) Pause Young (Allocation Failure)
[20.757s][info][gc,heap        ] GC(194) PSYoungGen: 129312K(129536K)->129408K(239616K) Eden: 46080K(46080K)->0K(47616K) From: 83232K(83456K)->129408K(192000K)
[20.757s][info][gc,heap        ] GC(194) ParOldGen: 2934352K(3238400K)->2934352K(3238400K)
[20.757s][info][gc,metaspace   ] GC(194) Metaspace: 6298K(6464K)->6298K(6464K) NonClass: 5765K(5824K)->5765K(5824K) Class: 533K(640K)->533K(640K)
[20.757s][info][gc             ] GC(194) Pause Young (Allocation Failure) 2991M->2991M(3396M) 70.987ms
[20.757s][info][gc,cpu         ] GC(194) User=0.25s Sys=0.00s Real=0.07s
[20.801s][info][gc,start       ] GC(195) Pause Young (Allocation Failure)
[20.888s][info][gc,heap        ] GC(195) PSYoungGen: 177024K(239616K)->177152K(242176K) Eden: 47616K(47616K)->0K(47616K) From: 129408K(192000K)->177152K(194560K)
[20.888s][info][gc,heap        ] GC(195) ParOldGen: 2934352K(3238400K)->2934352K(3238400K)
[20.888s][info][gc,metaspace   ] GC(195) Metaspace: 6298K(6464K)->6298K(6464K) NonClass: 5765K(5824K)->5765K(5824K) Class: 533K(640K)->533K(640K)
[20.888s][info][gc             ] GC(195) Pause Young (Allocation Failure) 3038M->3038M(3399M) 86.655ms
[20.888s][info][gc,cpu         ] GC(195) User=0.44s Sys=0.02s Real=0.09s
[20.937s][info][gc,start       ] GC(196) Pause Young (Allocation Failure)
[21.085s][info][gc,heap        ] GC(196) PSYoungGen: 224768K(242176K)->213504K(233984K) Eden: 47616K(47616K)->0K(20480K) From: 177152K(194560K)->213504K(213504K)
[21.085s][info][gc,heap        ] GC(196) ParOldGen: 2934352K(3238400K)->2945608K(3238400K)
[21.085s][info][gc,metaspace   ] GC(196) Metaspace: 6298K(6464K)->6298K(6464K) NonClass: 5765K(5824K)->5765K(5824K) Class: 533K(640K)->533K(640K)
[21.085s][info][gc             ] GC(196) Pause Young (Allocation Failure) 3085M->3085M(3391M) 147.181ms
[21.085s][info][gc,cpu         ] GC(196) User=0.70s Sys=0.42s Real=0.15s
[21.109s][info][gc,start       ] GC(197) Pause Young (Allocation Failure)
[21.227s][info][gc,heap        ] GC(197) PSYoungGen: 233984K(233984K)->205280K(266240K) Eden: 20480K(20480K)->0K(20480K) From: 213504K(213504K)->205280K(245760K)
[21.227s][info][gc,heap        ] GC(197) ParOldGen: 2945608K(3238400K)->2974800K(3238400K)
[21.227s][info][gc,metaspace   ] GC(197) Metaspace: 6298K(6464K)->6298K(6464K) NonClass: 5765K(5824K)->5765K(5824K) Class: 533K(640K)->533K(640K)
[21.228s][info][gc             ] GC(197) Pause Young (Allocation Failure) 3105M->3105M(3422M) 118.735ms
[21.228s][info][gc,cpu         ] GC(197) User=0.70s Sys=0.17s Real=0.12s
[21.251s][info][gc,start       ] GC(198) Pause Young (Allocation Failure)
[21.385s][info][gc,heap        ] GC(198) PSYoungGen: 225760K(266240K)->134688K(265728K) Eden: 20480K(20480K)->0K(23552K) From: 205280K(245760K)->134688K(242176K)
[21.385s][info][gc,heap        ] GC(198) ParOldGen: 2974800K(3238400K)->3066408K(3238400K)
[21.385s][info][gc,metaspace   ] GC(198) Metaspace: 6298K(6464K)->6298K(6464K) NonClass: 5765K(5824K)->5765K(5824K) Class: 533K(640K)->533K(640K)
[21.385s][info][gc             ] GC(198) Pause Young (Allocation Failure) 3125M->3126M(3422M) 134.218ms
[21.385s][info][gc,cpu         ] GC(198) User=0.69s Sys=0.25s Real=0.13s
[21.409s][info][gc,start       ] GC(199) Pause Young (Allocation Failure)
[21.523s][info][gc,heap        ] GC(199) PSYoungGen: 158240K(265728K)->64704K(276992K) Eden: 23552K(23552K)->0K(23552K) From: 134688K(242176K)->64704K(253440K)
[21.523s][info][gc,heap        ] GC(199) ParOldGen: 3066408K(3238400K)->3160672K(3238400K)
[21.523s][info][gc,metaspace   ] GC(199) Metaspace: 6298K(6464K)->6298K(6464K) NonClass: 5765K(5824K)->5765K(5824K) Class: 533K(640K)->533K(640K)
[21.523s][info][gc             ] GC(199) Pause Young (Allocation Failure) 3149M->3149M(3433M) 113.894ms
[21.523s][info][gc,cpu         ] GC(199) User=0.45s Sys=0.34s Real=0.11s
[21.523s][info][gc,start       ] GC(200) Pause Full (Ergonomics)
[21.523s][info][gc,phases,start] GC(200) Marking Phase
[22.238s][info][gc,phases      ] GC(200) Marking Phase 715.085ms
[22.238s][info][gc,phases,start] GC(200) Summary Phase
[22.238s][info][gc,phases      ] GC(200) Summary Phase 0.070ms
[22.238s][info][gc,phases,start] GC(200) Adjust Roots
[22.238s][info][gc,phases      ] GC(200) Adjust Roots 0.160ms
[22.238s][info][gc,phases,start] GC(200) Compaction Phase
[22.559s][info][gc,phases      ] GC(200) Compaction Phase 320.299ms
[22.559s][info][gc,phases,start] GC(200) Post Compact
[22.565s][info][gc,phases      ] GC(200) Post Compact 6.027ms
[22.567s][info][gc,heap        ] GC(200) PSYoungGen: 64704K(276992K)->0K(279552K) Eden: 0K(23552K)->0K(27648K) From: 64704K(253440K)->0K(251904K)
[22.567s][info][gc,heap        ] GC(200) ParOldGen: 3160672K(3238400K)->3222951K(3572224K)
[22.567s][info][gc,metaspace   ] GC(200) Metaspace: 6298K(6464K)->6298K(6464K) NonClass: 5765K(5824K)->5765K(5824K) Class: 533K(640K)->533K(640K)
[22.567s][info][gc             ] GC(200) Pause Full (Ergonomics) 3149M->3147M(3761M) 1044.534ms
[22.567s][info][gc,cpu         ] GC(200) User=7.34s Sys=0.20s Real=1.04s
[22.599s][info][gc,start       ] GC(201) Pause Young (Allocation Failure)
[22.638s][info][gc,heap        ] GC(201) PSYoungGen: 27648K(279552K)->27776K(279552K) Eden: 27648K(27648K)->0K(27648K) From: 0K(251904K)->27776K(251904K)
[22.638s][info][gc,heap        ] GC(201) ParOldGen: 3222951K(3572224K)->3222951K(3572224K)
[22.638s][info][gc,metaspace   ] GC(201) Metaspace: 6298K(6464K)->6298K(6464K) NonClass: 5765K(5824K)->5765K(5824K) Class: 533K(640K)->533K(640K)
[22.638s][info][gc             ] GC(201) Pause Young (Allocation Failure) 3174M->3174M(3761M) 39.401ms
[22.638s][info][gc,cpu         ] GC(201) User=0.06s Sys=0.00s Real=0.04s
[22.665s][info][gc,start       ] GC(202) Pause Young (Allocation Failure)
[22.714s][info][gc,heap        ] GC(202) PSYoungGen: 55424K(279552K)->55488K(277504K) Eden: 27648K(27648K)->0K(31232K) From: 27776K(251904K)->55488K(246272K)
[22.714s][info][gc,heap        ] GC(202) ParOldGen: 3222951K(3572224K)->3222951K(3572224K)
[22.714s][info][gc,metaspace   ] GC(202) Metaspace: 6298K(6464K)->6298K(6464K) NonClass: 5765K(5824K)->5765K(5824K) Class: 533K(640K)->533K(640K)
[22.714s][info][gc             ] GC(202) Pause Young (Allocation Failure) 3201M->3201M(3759M) 48.944ms
[22.714s][info][gc,cpu         ] GC(202) User=0.05s Sys=0.00s Real=0.05s
[22.745s][info][gc,start       ] GC(203) Pause Young (Allocation Failure)
[22.810s][info][gc,heap        ] GC(203) PSYoungGen: 86720K(277504K)->31360K(282112K) Eden: 31232K(31232K)->0K(31232K) From: 55488K(246272K)->31360K(250880K)
[22.810s][info][gc,heap        ] GC(203) ParOldGen: 3222951K(3572224K)->3278719K(3572224K)
[22.810s][info][gc,metaspace   ] GC(203) Metaspace: 6298K(6464K)->6298K(6464K) NonClass: 5765K(5824K)->5765K(5824K) Class: 533K(640K)->533K(640K)
[22.810s][info][gc             ] GC(203) Pause Young (Allocation Failure) 3232M->3232M(3764M) 64.700ms
[22.810s][info][gc,cpu         ] GC(203) User=0.27s Sys=0.16s Real=0.07s
[22.841s][info][gc,start       ] GC(204) Pause Young (Allocation Failure)
[22.895s][info][gc,heap        ] GC(204) PSYoungGen: 62592K(282112K)->31392K(278528K) Eden: 31232K(31232K)->0K(35328K) From: 31360K(250880K)->31392K(243200K)
[22.895s][info][gc,heap        ] GC(204) ParOldGen: 3278719K(3572224K)->3310231K(3572224K)
[22.895s][info][gc,metaspace   ] GC(204) Metaspace: 6298K(6464K)->6298K(6464K) NonClass: 5765K(5824K)->5765K(5824K) Class: 533K(640K)->533K(640K)
[22.895s][info][gc             ] GC(204) Pause Young (Allocation Failure) 3262M->3263M(3760M) 53.975ms
[22.895s][info][gc,cpu         ] GC(204) User=0.09s Sys=0.11s Real=0.05s
[22.933s][info][gc,start       ] GC(205) Pause Young (Allocation Failure)
[22.987s][info][gc,heap        ] GC(205) PSYoungGen: 66720K(278528K)->35520K(71168K) Eden: 35328K(35328K)->0K(35328K) From: 31392K(243200K)->35520K(35840K)
[22.987s][info][gc,heap        ] GC(205) ParOldGen: 3310231K(3572224K)->3341735K(3572224K)
[22.987s][info][gc,metaspace   ] GC(205) Metaspace: 6298K(6464K)->6298K(6464K) NonClass: 5765K(5824K)->5765K(5824K) Class: 533K(640K)->533K(640K)
[22.987s][info][gc             ] GC(205) Pause Young (Allocation Failure) 3297M->3298M(3558M) 53.521ms
[22.987s][info][gc,cpu         ] GC(205) User=0.25s Sys=0.06s Real=0.05s
[23.025s][info][gc,start       ] GC(206) Pause Young (Allocation Failure)
[23.081s][info][gc,heap        ] GC(206) PSYoungGen: 70848K(71168K)->35456K(268288K) Eden: 35328K(35328K)->0K(39936K) From: 35520K(35840K)->35456K(228352K)
[23.081s][info][gc,heap        ] GC(206) ParOldGen: 3341735K(3572224K)->3377375K(3572224K)
[23.081s][info][gc,metaspace   ] GC(206) Metaspace: 6298K(6464K)->6298K(6464K) NonClass: 5765K(5824K)->5765K(5824K) Class: 533K(640K)->533K(640K)
[23.081s][info][gc             ] GC(206) Pause Young (Allocation Failure) 3332M->3332M(3750M) 55.944ms
[23.081s][info][gc,cpu         ] GC(206) User=0.22s Sys=0.05s Real=0.06s
[23.124s][info][gc,start       ] GC(207) Pause Young (Allocation Failure)
[23.184s][info][gc,heap        ] GC(207) PSYoungGen: 75392K(268288K)->40128K(80384K) Eden: 39936K(39936K)->0K(39936K) From: 35456K(228352K)->40128K(40448K)
[23.184s][info][gc,heap        ] GC(207) ParOldGen: 3377375K(3572224K)->3413031K(3572224K)
[23.184s][info][gc,metaspace   ] GC(207) Metaspace: 6298K(6464K)->6298K(6464K) NonClass: 5765K(5824K)->5765K(5824K) Class: 533K(640K)->533K(640K)
[23.184s][info][gc             ] GC(207) Pause Young (Allocation Failure) 3371M->3372M(3567M) 60.075ms
[23.185s][info][gc,cpu         ] GC(207) User=0.25s Sys=0.12s Real=0.06s
[23.225s][info][gc,start       ] GC(208) Pause Young (Allocation Failure)
[23.284s][info][gc,heap        ] GC(208) PSYoungGen: 80064K(80384K)->40096K(253952K) Eden: 39936K(39936K)->0K(45056K) From: 40128K(40448K)->40096K(208896K)
[23.285s][info][gc,heap        ] GC(208) ParOldGen: 3413031K(3572224K)->3453319K(3572224K)
[23.285s][info][gc,metaspace   ] GC(208) Metaspace: 6298K(6464K)->6298K(6464K) NonClass: 5765K(5824K)->5765K(5824K) Class: 533K(640K)->533K(640K)
[23.285s][info][gc             ] GC(208) Pause Young (Allocation Failure) 3411M->3411M(3736M) 59.914ms
[23.285s][info][gc,cpu         ] GC(208) User=0.16s Sys=0.12s Real=0.06s
[23.331s][info][gc,start       ] GC(209) Pause Young (Allocation Failure)
[23.397s][info][gc,heap        ] GC(209) PSYoungGen: 85152K(253952K)->45312K(90624K) Eden: 45056K(45056K)->0K(45056K) From: 40096K(208896K)->45312K(45568K)
[23.397s][info][gc,heap        ] GC(209) ParOldGen: 3453319K(3572224K)->3493599K(3572224K)
[23.397s][info][gc,metaspace   ] GC(209) Metaspace: 6298K(6464K)->6298K(6464K) NonClass: 5765K(5824K)->5765K(5824K) Class: 533K(640K)->533K(640K)
[23.397s][info][gc             ] GC(209) Pause Young (Allocation Failure) 3455M->3455M(3577M) 65.847ms
[23.397s][info][gc,cpu         ] GC(209) User=0.16s Sys=0.19s Real=0.07s
[23.445s][info][gc,start       ] GC(210) Pause Young (Allocation Failure)
[23.508s][info][gc,heap        ] GC(210) PSYoungGen: 90368K(90624K)->45248K(240640K) Eden: 45056K(45056K)->0K(50688K) From: 45312K(45568K)->45248K(189952K)
[23.508s][info][gc,heap        ] GC(210) ParOldGen: 3493599K(3572224K)->3539063K(3572224K)
[23.508s][info][gc,metaspace   ] GC(210) Metaspace: 6298K(6464K)->6298K(6464K) NonClass: 5765K(5824K)->5765K(5824K) Class: 533K(640K)->533K(640K)
[23.508s][info][gc             ] GC(210) Pause Young (Allocation Failure) 3499M->3500M(3723M) 62.139ms
[23.508s][info][gc,cpu         ] GC(210) User=0.23s Sys=0.08s Real=0.06s
[23.508s][info][gc,start       ] GC(211) Pause Full (Ergonomics)
[23.508s][info][gc,phases,start] GC(211) Marking Phase
[24.297s][info][gc,phases      ] GC(211) Marking Phase 789.772ms
[24.298s][info][gc,phases,start] GC(211) Summary Phase
[24.298s][info][gc,phases      ] GC(211) Summary Phase 0.053ms
[24.298s][info][gc,phases,start] GC(211) Adjust Roots
[24.298s][info][gc,phases      ] GC(211) Adjust Roots 0.165ms
[24.298s][info][gc,phases,start] GC(211) Compaction Phase
[24.644s][info][gc,phases      ] GC(211) Compaction Phase 345.969ms
[24.644s][info][gc,phases,start] GC(211) Post Compact
[24.651s][info][gc,phases      ] GC(211) Post Compact 6.928ms
[24.653s][info][gc,heap        ] GC(211) PSYoungGen: 45248K(240640K)->9270K(246784K) Eden: 0K(50688K)->0K(56832K) From: 45248K(189952K)->9270K(189952K)
[24.653s][info][gc,heap        ] GC(211) ParOldGen: 3539063K(3572224K)->3571761K(3914752K)
[24.653s][info][gc,metaspace   ] GC(211) Metaspace: 6298K(6464K)->6298K(6464K) NonClass: 5765K(5824K)->5765K(5824K) Class: 533K(640K)->533K(640K)
[24.653s][info][gc             ] GC(211) Pause Full (Ergonomics) 3500M->3497M(4064M) 1145.525ms
[24.653s][info][gc,cpu         ] GC(211) User=8.38s Sys=0.09s Real=1.14s
[24.714s][info][gc,start       ] GC(212) Pause Young (Allocation Failure)
[24.900s][info][gc,heap        ] GC(212) PSYoungGen: 66102K(246784K)->57088K(114176K) Eden: 56832K(56832K)->0K(56832K) From: 9270K(189952K)->57088K(57344K)
[24.900s][info][gc,heap        ] GC(212) ParOldGen: 3571761K(3914752K)->3581153K(3914752K)
[24.900s][info][gc,metaspace   ] GC(212) Metaspace: 6298K(6464K)->6298K(6464K) NonClass: 5765K(5824K)->5765K(5824K) Class: 533K(640K)->533K(640K)
[24.900s][info][gc             ] GC(212) Pause Young (Allocation Failure) 3552M->3552M(3934M) 186.096ms
[24.900s][info][gc,cpu         ] GC(212) User=1.38s Sys=0.00s Real=0.19s
[24.964s][info][gc,start       ] GC(213) Pause Young (Allocation Failure)
[25.034s][info][gc,heap        ] GC(213) PSYoungGen: 113920K(114176K)->113984K(245248K) Eden: 56832K(56832K)->0K(57344K) From: 57088K(57344K)->113984K(187904K)
[25.034s][info][gc,heap        ] GC(213) ParOldGen: 3581153K(3914752K)->3581153K(3914752K)
[25.034s][info][gc,metaspace   ] GC(213) Metaspace: 6298K(6464K)->6298K(6464K) NonClass: 5765K(5824K)->5765K(5824K) Class: 533K(640K)->533K(640K)
[25.034s][info][gc             ] GC(213) Pause Young (Allocation Failure) 3608M->3608M(4062M) 70.667ms
[25.034s][info][gc,cpu         ] GC(213) User=0.30s Sys=0.00s Real=0.07s
[25.089s][info][gc,start       ] GC(214) Pause Young (Allocation Failure)
[25.191s][info][gc,heap        ] GC(214) PSYoungGen: 171328K(245248K)->114496K(250368K) Eden: 57344K(57344K)->0K(57344K) From: 113984K(187904K)->114496K(193024K)
[25.191s][info][gc,heap        ] GC(214) ParOldGen: 3581153K(3914752K)->3638497K(3914752K)
[25.191s][info][gc,metaspace   ] GC(214) Metaspace: 6298K(6464K)->6298K(6464K) NonClass: 5765K(5824K)->5765K(5824K) Class: 533K(640K)->533K(640K)
[25.191s][info][gc             ] GC(214) Pause Young (Allocation Failure) 3664M->3665M(4067M) 102.060ms
[25.191s][info][gc,cpu         ] GC(214) User=0.72s Sys=0.16s Real=0.10s
[25.247s][info][gc,start       ] GC(215) Pause Young (Allocation Failure)
[25.352s][info][gc,heap        ] GC(215) PSYoungGen: 171840K(250368K)->115040K(258048K) Eden: 57344K(57344K)->0K(61440K) From: 114496K(193024K)->115040K(196608K)
[25.353s][info][gc,heap        ] GC(215) ParOldGen: 3638497K(3914752K)->3695817K(3914752K)
[25.353s][info][gc,metaspace   ] GC(215) Metaspace: 6298K(6464K)->6298K(6464K) NonClass: 5765K(5824K)->5765K(5824K) Class: 533K(640K)->533K(640K)
[25.353s][info][gc             ] GC(215) Pause Young (Allocation Failure) 3721M->3721M(4075M) 106.004ms
[25.353s][info][gc,cpu         ] GC(215) User=0.70s Sys=0.17s Real=0.11s
[25.420s][info][gc,start       ] GC(216) Pause Young (Allocation Failure)
[25.532s][info][gc,heap        ] GC(216) PSYoungGen: 176480K(258048K)->119104K(260608K) Eden: 61440K(61440K)->0K(61440K) From: 115040K(196608K)->119104K(199168K)
[25.532s][info][gc,heap        ] GC(216) ParOldGen: 3695817K(3914752K)->3753665K(3914752K)
[25.532s][info][gc,metaspace   ] GC(216) Metaspace: 6298K(6464K)->6298K(6464K) NonClass: 5765K(5824K)->5765K(5824K) Class: 533K(640K)->533K(640K)
[25.532s][info][gc             ] GC(216) Pause Young (Allocation Failure) 3781M->3782M(4077M) 111.501ms
[25.532s][info][gc,cpu         ] GC(216) User=0.48s Sys=0.27s Real=0.11s
[25.598s][info][gc,start       ] GC(217) Pause Young (Allocation Failure)
[25.740s][info][gc,heap        ] GC(217) PSYoungGen: 180544K(260608K)->61696K(254976K) Eden: 61440K(61440K)->0K(69120K) From: 119104K(199168K)->61696K(185856K)
[25.740s][info][gc,heap        ] GC(217) ParOldGen: 3753665K(3914752K)->3873497K(3914752K)
[25.740s][info][gc,metaspace   ] GC(217) Metaspace: 6298K(6464K)->6298K(6464K) NonClass: 5765K(5824K)->5765K(5824K) Class: 533K(640K)->533K(640K)
[25.740s][info][gc             ] GC(217) Pause Young (Allocation Failure) 3842M->3842M(4072M) 141.630ms
[25.740s][info][gc,cpu         ] GC(217) User=0.56s Sys=0.45s Real=0.14s
[25.740s][info][gc,start       ] GC(218) Pause Full (Ergonomics)
[25.740s][info][gc,phases,start] GC(218) Marking Phase
[26.642s][info][gc,phases      ] GC(218) Marking Phase 902.137ms
[26.642s][info][gc,phases,start] GC(218) Summary Phase
[26.642s][info][gc,phases      ] GC(218) Summary Phase 0.061ms
[26.642s][info][gc,phases,start] GC(218) Adjust Roots
[26.642s][info][gc,phases      ] GC(218) Adjust Roots 0.199ms
[26.643s][info][gc,phases,start] GC(218) Compaction Phase
[27.033s][info][gc,phases      ] GC(218) Compaction Phase 390.412ms
[27.033s][info][gc,phases,start] GC(218) Post Compact
[27.040s][info][gc,phases      ] GC(218) Post Compact 7.304ms
[27.043s][info][gc,heap        ] GC(218) PSYoungGen: 61696K(254976K)->17467K(262656K) Eden: 0K(69120K)->0K(76800K) From: 61696K(185856K)->17467K(185856K)
[27.043s][info][gc,heap        ] GC(218) ParOldGen: 3873497K(3914752K)->3914609K(4321792K)
[27.043s][info][gc,metaspace   ] GC(218) Metaspace: 6298K(6464K)->6298K(6464K) NonClass: 5765K(5824K)->5765K(5824K) Class: 533K(640K)->533K(640K)
[27.043s][info][gc             ] GC(218) Pause Full (Ergonomics) 3842M->3839M(4477M) 1303.095ms
[27.043s][info][gc,cpu         ] GC(218) User=9.30s Sys=0.16s Real=1.30s
[27.124s][info][gc,start       ] GC(219) Pause Young (Allocation Failure)
[27.348s][info][gc,heap        ] GC(219) PSYoungGen: 94267K(262656K)->77056K(154112K) Eden: 76800K(76800K)->0K(76800K) From: 17467K(185856K)->77056K(77312K)
[27.348s][info][gc,heap        ] GC(219) ParOldGen: 3914609K(4321792K)->3932289K(4321792K)
[27.348s][info][gc,metaspace   ] GC(219) Metaspace: 6298K(6464K)->6298K(6464K) NonClass: 5765K(5824K)->5765K(5824K) Class: 533K(640K)->533K(640K)
[27.348s][info][gc             ] GC(219) Pause Young (Allocation Failure) 3914M->3915M(4371M) 223.709ms
[27.348s][info][gc,cpu         ] GC(219) User=1.48s Sys=0.03s Real=0.22s
[27.430s][info][gc,start       ] GC(220) Pause Young (Allocation Failure)
[27.539s][info][gc,heap        ] GC(220) PSYoungGen: 153856K(154112K)->77056K(250368K) Eden: 76800K(76800K)->0K(84992K) From: 77056K(77312K)->77056K(165376K)
[27.539s][info][gc,heap        ] GC(220) ParOldGen: 3932289K(4321792K)->4009761K(4321792K)
[27.539s][info][gc,metaspace   ] GC(220) Metaspace: 6298K(6464K)->6298K(6464K) NonClass: 5765K(5824K)->5765K(5824K) Class: 533K(640K)->533K(640K)
[27.539s][info][gc             ] GC(220) Pause Young (Allocation Failure) 3990M->3991M(4465M) 109.036ms
[27.539s][info][gc,cpu         ] GC(220) User=0.64s Sys=0.12s Real=0.11s
[27.637s][info][gc,start       ] GC(221) Pause Young (Allocation Failure)
[27.747s][info][gc,heap        ] GC(221) PSYoungGen: 162048K(250368K)->85280K(259072K) Eden: 84992K(84992K)->0K(84992K) From: 77056K(165376K)->85280K(174080K)
[27.747s][info][gc,heap        ] GC(221) ParOldGen: 4009761K(4321792K)->4087241K(4321792K)
[27.747s][info][gc,metaspace   ] GC(221) Metaspace: 6298K(6464K)->6298K(6464K) NonClass: 5765K(5824K)->5765K(5824K) Class: 533K(640K)->533K(640K)
[27.747s][info][gc             ] GC(221) Pause Young (Allocation Failure) 4074M->4074M(4473M) 110.535ms
[27.747s][info][gc,cpu         ] GC(221) User=0.66s Sys=0.23s Real=0.11s
[27.837s][info][gc,start       ] GC(222) Pause Young (Allocation Failure)
[27.959s][info][gc,heap        ] GC(222) PSYoungGen: 170272K(259072K)->85248K(246272K) Eden: 84992K(84992K)->0K(94208K) From: 85280K(174080K)->85248K(152064K)
[27.959s][info][gc,heap        ] GC(222) ParOldGen: 4087241K(4321792K)->4172993K(4321792K)
[27.959s][info][gc,metaspace   ] GC(222) Metaspace: 6298K(6464K)->6298K(6464K) NonClass: 5765K(5824K)->5765K(5824K) Class: 533K(640K)->533K(640K)
[27.959s][info][gc             ] GC(222) Pause Young (Allocation Failure) 4157M->4158M(4461M) 122.251ms
[27.959s][info][gc,cpu         ] GC(222) User=0.73s Sys=0.16s Real=0.12s
[28.074s][info][gc,start       ] GC(223) Pause Young (Allocation Failure)
[28.196s][info][gc,heap        ] GC(223) PSYoungGen: 179456K(246272K)->94496K(253440K) Eden: 94208K(94208K)->0K(94208K) From: 85248K(152064K)->94496K(159232K)
[28.196s][info][gc,heap        ] GC(223) ParOldGen: 4172993K(4321792K)->4258745K(4321792K)
[28.196s][info][gc,metaspace   ] GC(223) Metaspace: 6298K(6464K)->6298K(6464K) NonClass: 5765K(5824K)->5765K(5824K) Class: 533K(640K)->533K(640K)
[28.196s][info][gc             ] GC(223) Pause Young (Allocation Failure) 4250M->4251M(4468M) 121.682ms
[28.196s][info][gc,cpu         ] GC(223) User=0.47s Sys=0.50s Real=0.12s
[28.196s][info][gc,start       ] GC(224) Pause Full (Ergonomics)
[28.196s][info][gc,phases,start] GC(224) Marking Phase
[29.181s][info][gc,phases      ] GC(224) Marking Phase 985.056ms
[29.181s][info][gc,phases,start] GC(224) Summary Phase
[29.181s][info][gc,phases      ] GC(224) Summary Phase 0.066ms
[29.181s][info][gc,phases,start] GC(224) Adjust Roots
[29.181s][info][gc,phases      ] GC(224) Adjust Roots 0.173ms
[29.181s][info][gc,phases,start] GC(224) Compaction Phase
[29.573s][info][gc,phases      ] GC(224) Compaction Phase 392.070ms
[29.573s][info][gc,phases,start] GC(224) Post Compact
[29.580s][info][gc,phases      ] GC(224) Post Compact 6.618ms
[29.583s][info][gc,heap        ] GC(224) PSYoungGen: 94496K(253440K)->28253K(253440K) Eden: 0K(94208K)->0K(94208K) From: 94496K(159232K)->28253K(159232K)
[29.583s][info][gc,heap        ] GC(224) ParOldGen: 4258745K(4321792K)->4321456K(4779520K)
[29.583s][info][gc,metaspace   ] GC(224) Metaspace: 6298K(6464K)->6298K(6464K) NonClass: 5765K(5824K)->5765K(5824K) Class: 533K(640K)->533K(640K)
[29.583s][info][gc             ] GC(224) Pause Full (Ergonomics) 4251M->4247M(4915M) 1387.534ms
[29.583s][info][gc,cpu         ] GC(224) User=10.48s Sys=0.19s Real=1.39s
[29.682s][info][gc,start       ] GC(225) Pause Young (Allocation Failure)
[29.952s][info][gc,heap        ] GC(225) PSYoungGen: 122461K(253440K)->94528K(251392K) Eden: 94208K(94208K)->0K(102912K) From: 28253K(159232K)->94528K(148480K)
[29.952s][info][gc,heap        ] GC(225) ParOldGen: 4321456K(4779520K)->4350016K(4779520K)
[29.952s][info][gc,metaspace   ] GC(225) Metaspace: 6298K(6464K)->6298K(6464K) NonClass: 5765K(5824K)->5765K(5824K) Class: 533K(640K)->533K(640K)
[29.952s][info][gc             ] GC(225) Pause Young (Allocation Failure) 4339M->4340M(4913M) 269.350ms
[29.952s][info][gc,cpu         ] GC(225) User=1.80s Sys=0.11s Real=0.27s
[30.068s][info][gc,start       ] GC(226) Pause Young (Allocation Failure)
[30.193s][info][gc,heap        ] GC(226) PSYoungGen: 197440K(251392K)->153088K(256000K) Eden: 102912K(102912K)->0K(102912K) From: 94528K(148480K)->153088K(153088K)
[30.193s][info][gc,heap        ] GC(226) ParOldGen: 4350016K(4779520K)->4394752K(4779520K)
[30.193s][info][gc,metaspace   ] GC(226) Metaspace: 6298K(6464K)->6298K(6464K) NonClass: 5765K(5824K)->5765K(5824K) Class: 533K(640K)->533K(640K)
[30.193s][info][gc             ] GC(226) Pause Young (Allocation Failure) 4440M->4441M(4917M) 124.788ms
[30.193s][info][gc,cpu         ] GC(226) User=0.75s Sys=0.14s Real=0.12s
[30.312s][info][gc,start       ] GC(227) Pause Young (Allocation Failure)
[30.515s][info][gc,heap        ] GC(227) PSYoungGen: 256000K(256000K)->103200K(289792K) Eden: 102912K(102912K)->0K(113664K) From: 153088K(153088K)->103200K(176128K)
[30.516s][info][gc,heap        ] GC(227) ParOldGen: 4394752K(4779520K)->4548928K(4779520K)
[30.516s][info][gc,metaspace   ] GC(227) Metaspace: 6298K(6464K)->6298K(6464K) NonClass: 5765K(5824K)->5765K(5824K) Class: 533K(640K)->533K(640K)
[30.516s][info][gc             ] GC(227) Pause Young (Allocation Failure) 4541M->4543M(4950M) 203.285ms
[30.516s][info][gc,cpu         ] GC(227) User=1.16s Sys=0.33s Real=0.20s
[30.639s][info][gc,start       ] GC(228) Pause Young (Allocation Failure)
[30.795s][info][gc,heap        ] GC(228) PSYoungGen: 216864K(289792K)->114016K(295424K) Eden: 113664K(113664K)->0K(113664K) From: 103200K(176128K)->114016K(181760K)
[30.795s][info][gc,heap        ] GC(228) ParOldGen: 4548928K(4779520K)->4652768K(4779520K)
[30.795s][info][gc,metaspace   ] GC(228) Metaspace: 6298K(6464K)->6298K(6464K) NonClass: 5765K(5824K)->5765K(5824K) Class: 533K(640K)->533K(640K)
[30.795s][info][gc             ] GC(228) Pause Young (Allocation Failure) 4654M->4655M(4956M) 155.768ms
[30.795s][info][gc,cpu         ] GC(228) User=0.77s Sys=0.36s Real=0.15s
[30.795s][info][gc,start       ] GC(229) Pause Full (Ergonomics)
[30.795s][info][gc,phases,start] GC(229) Marking Phase
[31.851s][info][gc,phases      ] GC(229) Marking Phase 1055.166ms
[31.851s][info][gc,phases,start] GC(229) Summary Phase
[31.851s][info][gc,phases      ] GC(229) Summary Phase 0.089ms
[31.851s][info][gc,phases,start] GC(229) Adjust Roots
[31.851s][info][gc,phases      ] GC(229) Adjust Roots 0.163ms
[31.851s][info][gc,phases,start] GC(229) Compaction Phase
[32.273s][info][gc,phases      ] GC(229) Compaction Phase 421.978ms
[32.273s][info][gc,phases,start] GC(229) Post Compact
[32.280s][info][gc,phases      ] GC(229) Post Compact 7.183ms
[32.283s][info][gc,heap        ] GC(229) PSYoungGen: 114016K(295424K)->0K(305152K) Eden: 0K(113664K)->0K(125440K) From: 114016K(181760K)->0K(179712K)
[32.283s][info][gc,heap        ] GC(229) ParOldGen: 4652768K(4779520K)->4763267K(5188608K)
[32.283s][info][gc,metaspace   ] GC(229) Metaspace: 6298K(6464K)->6298K(6464K) NonClass: 5765K(5824K)->5765K(5824K) Class: 533K(640K)->533K(640K)
[32.283s][info][gc             ] GC(229) Pause Full (Ergonomics) 4655M->4651M(5365M) 1487.583ms
[32.283s][info][gc,cpu         ] GC(229) User=11.20s Sys=0.16s Real=1.49s
[32.427s][info][gc,start       ] GC(230) Pause Young (Allocation Failure)
[32.502s][info][gc,heap        ] GC(230) PSYoungGen: 125440K(305152K)->125792K(305152K) Eden: 125440K(125440K)->0K(125440K) From: 0K(179712K)->125792K(179712K)
[32.502s][info][gc,heap        ] GC(230) ParOldGen: 4763267K(5188608K)->4763267K(5188608K)
[32.502s][info][gc,metaspace   ] GC(230) Metaspace: 6298K(6464K)->6298K(6464K) NonClass: 5765K(5824K)->5765K(5824K) Class: 533K(640K)->533K(640K)
[32.502s][info][gc             ] GC(230) Pause Young (Allocation Failure) 4774M->4774M(5365M) 75.023ms
[32.502s][info][gc,cpu         ] GC(230) User=0.42s Sys=0.00s Real=0.08s
[32.643s][info][gc,start       ] GC(231) Pause Young (Allocation Failure)
[32.838s][info][gc,heap        ] GC(231) PSYoungGen: 251232K(305152K)->181760K(269824K) Eden: 125440K(125440K)->0K(88064K) From: 125792K(179712K)->181760K(181760K)
[32.838s][info][gc,heap        ] GC(231) ParOldGen: 4763267K(5188608K)->4833355K(5188608K)
[32.838s][info][gc,metaspace   ] GC(231) Metaspace: 6298K(6464K)->6298K(6464K) NonClass: 5765K(5824K)->5765K(5824K) Class: 533K(640K)->533K(640K)
[32.838s][info][gc             ] GC(231) Pause Young (Allocation Failure) 4896M->4897M(5330M) 194.742ms
[32.838s][info][gc,cpu         ] GC(231) User=0.70s Sys=0.58s Real=0.19s
[32.940s][info][gc,start       ] GC(232) Pause Young (Allocation Failure)
[33.156s][info][gc,heap        ] GC(232) PSYoungGen: 269824K(269824K)->88320K(317952K) Eden: 88064K(88064K)->0K(88064K) From: 181760K(181760K)->88320K(229888K)
[33.156s][info][gc,heap        ] GC(232) ParOldGen: 4833355K(5188608K)->5016443K(5188608K)
[33.156s][info][gc,metaspace   ] GC(232) Metaspace: 6298K(6464K)->6298K(6464K) NonClass: 5765K(5824K)->5765K(5824K) Class: 533K(640K)->533K(640K)
[33.156s][info][gc             ] GC(232) Pause Young (Allocation Failure) 4983M->4985M(5377M) 215.517ms
[33.156s][info][gc,cpu         ] GC(232) User=0.84s Sys=0.55s Real=0.22s
[33.156s][info][gc,start       ] GC(233) Pause Full (Ergonomics)
[33.156s][info][gc,phases,start] GC(233) Marking Phase
[34.311s][info][gc,phases      ] GC(233) Marking Phase 1155.511ms
[34.311s][info][gc,phases,start] GC(233) Summary Phase
[34.311s][info][gc,phases      ] GC(233) Summary Phase 0.109ms
[34.311s][info][gc,phases,start] GC(233) Adjust Roots
[34.312s][info][gc,phases      ] GC(233) Adjust Roots 0.220ms
[34.312s][info][gc,phases,start] GC(233) Compaction Phase
[34.738s][info][gc,phases      ] GC(233) Compaction Phase 426.497ms
[34.738s][info][gc,phases,start] GC(233) Post Compact
[34.746s][info][gc,phases      ] GC(233) Post Compact 7.505ms
[34.746s][info][gc,heap        ] GC(233) PSYoungGen: 88320K(317952K)->0K(320512K) Eden: 0K(88064K)->0K(97280K) From: 88320K(229888K)->0K(223232K)
[34.746s][info][gc,heap        ] GC(233) ParOldGen: 5016443K(5188608K)->5102120K(5188608K)
[34.746s][info][gc,metaspace   ] GC(233) Metaspace: 6298K(6464K)->6298K(6464K) NonClass: 5765K(5824K)->5765K(5824K) Class: 533K(640K)->533K(640K)
[34.746s][info][gc             ] GC(233) Pause Full (Ergonomics) 4985M->4982M(5380M) 1590.178ms
[34.746s][info][gc,cpu         ] GC(233) User=11.89s Sys=0.12s Real=1.59s
[34.852s][info][gc,start       ] GC(234) Pause Full (Ergonomics)
[34.852s][info][gc,phases,start] GC(234) Marking Phase
[36.058s][info][gc,phases      ] GC(234) Marking Phase 1206.457ms
[36.058s][info][gc,phases,start] GC(234) Summary Phase
[36.058s][info][gc,phases      ] GC(234) Summary Phase 0.121ms
[36.059s][info][gc,phases,start] GC(234) Adjust Roots
[36.059s][info][gc,phases      ] GC(234) Adjust Roots 0.361ms
[36.059s][info][gc,phases,start] GC(234) Compaction Phase
[36.492s][info][gc,phases      ] GC(234) Compaction Phase 432.580ms
[36.492s][info][gc,phases,start] GC(234) Post Compact
[36.500s][info][gc,phases      ] GC(234) Post Compact 8.135ms
[36.500s][info][gc,heap        ] GC(234) PSYoungGen: 97280K(320512K)->11259K(320512K) Eden: 97280K(97280K)->11259K(97280K) From: 0K(223232K)->0K(223232K)
[36.500s][info][gc,heap        ] GC(234) ParOldGen: 5102120K(5188608K)->5188110K(5188608K)
[36.500s][info][gc,metaspace   ] GC(234) Metaspace: 6298K(6464K)->6298K(6464K) NonClass: 5765K(5824K)->5765K(5824K) Class: 533K(640K)->533K(640K)
[36.500s][info][gc             ] GC(234) Pause Full (Ergonomics) 5077M->5077M(5380M) 1648.214ms
[36.500s][info][gc,cpu         ] GC(234) User=11.75s Sys=0.16s Real=1.65s
[36.599s][info][gc,start       ] GC(235) Pause Full (Ergonomics)
[36.599s][info][gc,phases,start] GC(235) Marking Phase
[37.818s][info][gc,phases      ] GC(235) Marking Phase 1218.779ms
[37.818s][info][gc,phases,start] GC(235) Summary Phase
[37.818s][info][gc,phases      ] GC(235) Summary Phase 0.059ms
[37.818s][info][gc,phases,start] GC(235) Adjust Roots
[37.818s][info][gc,phases      ] GC(235) Adjust Roots 0.174ms
[37.818s][info][gc,phases,start] GC(235) Compaction Phase
[38.184s][info][gc,phases      ] GC(235) Compaction Phase 365.266ms
[38.184s][info][gc,phases,start] GC(235) Post Compact
[38.193s][info][gc,phases      ] GC(235) Post Compact 8.869ms
[38.193s][info][gc,heap        ] GC(235) PSYoungGen: 97280K(320512K)->97253K(320512K) Eden: 97280K(97280K)->97253K(97280K) From: 0K(223232K)->0K(223232K)
[38.193s][info][gc,heap        ] GC(235) ParOldGen: 5188110K(5188608K)->5188110K(5188608K)
[38.193s][info][gc,metaspace   ] GC(235) Metaspace: 6298K(6464K)->6298K(6464K) NonClass: 5765K(5824K)->5765K(5824K) Class: 533K(640K)->533K(640K)
[38.193s][info][gc             ] GC(235) Pause Full (Ergonomics) 5161M->5161M(5380M) 1593.514ms
[38.193s][info][gc,cpu         ] GC(235) User=12.20s Sys=0.00s Real=1.59s
[38.193s][info][gc,start       ] GC(236) Pause Full (Ergonomics)
[38.193s][info][gc,phases,start] GC(236) Marking Phase
[39.405s][info][gc,phases      ] GC(236) Marking Phase 1212.402ms
[39.405s][info][gc,phases,start] GC(236) Summary Phase
[39.405s][info][gc,phases      ] GC(236) Summary Phase 0.069ms
[39.406s][info][gc,phases,start] GC(236) Adjust Roots
[39.406s][info][gc,phases      ] GC(236) Adjust Roots 0.192ms
[39.406s][info][gc,phases,start] GC(236) Compaction Phase
[39.750s][info][gc,phases      ] GC(236) Compaction Phase 344.448ms
[39.750s][info][gc,phases,start] GC(236) Post Compact
[39.757s][info][gc,phases      ] GC(236) Post Compact 6.973ms
[39.757s][info][gc,heap        ] GC(236) PSYoungGen: 97280K(320512K)->97279K(320512K) Eden: 97280K(97280K)->97279K(97280K) From: 0K(223232K)->0K(223232K)
[39.757s][info][gc,heap        ] GC(236) ParOldGen: 5188110K(5188608K)->5188110K(5188608K)
[39.757s][info][gc,metaspace   ] GC(236) Metaspace: 6298K(6464K)->6298K(6464K) NonClass: 5765K(5824K)->5765K(5824K) Class: 533K(640K)->533K(640K)
[39.757s][info][gc             ] GC(236) Pause Full (Ergonomics) 5161M->5161M(5380M) 1564.438ms
[39.757s][info][gc,cpu         ] GC(236) User=12.08s Sys=0.03s Real=1.56s
[39.758s][info][gc,start       ] GC(237) Pause Full (Ergonomics)
[39.758s][info][gc,phases,start] GC(237) Marking Phase
[40.969s][info][gc,phases      ] GC(237) Marking Phase 1211.933ms
[40.970s][info][gc,phases,start] GC(237) Summary Phase
[40.970s][info][gc,phases      ] GC(237) Summary Phase 0.056ms
[40.970s][info][gc,phases,start] GC(237) Adjust Roots
[40.970s][info][gc,phases      ] GC(237) Adjust Roots 0.183ms
[40.970s][info][gc,phases,start] GC(237) Compaction Phase
[41.322s][info][gc,phases      ] GC(237) Compaction Phase 351.882ms
[41.322s][info][gc,phases,start] GC(237) Post Compact
[41.328s][info][gc,phases      ] GC(237) Post Compact 6.541ms
[41.328s][info][gc,heap        ] GC(237) PSYoungGen: 97279K(320512K)->97279K(320512K) Eden: 97279K(97280K)->97279K(97280K) From: 0K(223232K)->0K(223232K)
[41.328s][info][gc,heap        ] GC(237) ParOldGen: 5188110K(5188608K)->5188110K(5188608K)
[41.328s][info][gc,metaspace   ] GC(237) Metaspace: 6298K(6464K)->6298K(6464K) NonClass: 5765K(5824K)->5765K(5824K) Class: 533K(640K)->533K(640K)
[41.328s][info][gc             ] GC(237) Pause Full (Ergonomics) 5161M->5161M(5380M) 1570.898ms
[41.328s][info][gc,cpu         ] GC(237) User=12.06s Sys=0.00s Real=1.57s
[41.329s][info][gc,start       ] GC(238) Pause Full (Ergonomics)
[41.329s][info][gc,phases,start] GC(238) Marking Phase
[42.522s][info][gc,phases      ] GC(238) Marking Phase 1192.917ms
[42.522s][info][gc,phases,start] GC(238) Summary Phase
[42.522s][info][gc,phases      ] GC(238) Summary Phase 0.056ms
[42.522s][info][gc,phases,start] GC(238) Adjust Roots
[42.522s][info][gc,phases      ] GC(238) Adjust Roots 0.163ms
[42.522s][info][gc,phases,start] GC(238) Compaction Phase
[42.896s][info][gc,phases      ] GC(238) Compaction Phase 373.898ms
[42.896s][info][gc,phases,start] GC(238) Post Compact
[42.904s][info][gc,phases      ] GC(238) Post Compact 7.690ms
[42.904s][info][gc,heap        ] GC(238) PSYoungGen: 97279K(320512K)->97279K(320512K) Eden: 97279K(97280K)->97279K(97280K) From: 0K(223232K)->0K(223232K)
[42.904s][info][gc,heap        ] GC(238) ParOldGen: 5188115K(5188608K)->5188115K(5188608K)
[42.904s][info][gc,metaspace   ] GC(238) Metaspace: 6298K(6464K)->6298K(6464K) NonClass: 5765K(5824K)->5765K(5824K) Class: 533K(640K)->533K(640K)
[42.904s][info][gc             ] GC(238) Pause Full (Ergonomics) 5161M->5161M(5380M) 1575.052ms
[42.904s][info][gc,cpu         ] GC(238) User=12.11s Sys=0.00s Real=1.58s
[42.904s][info][gc,start       ] GC(239) Pause Full (Ergonomics)
[42.904s][info][gc,phases,start] GC(239) Marking Phase
[44.120s][info][gc,phases      ] GC(239) Marking Phase 1215.732ms
[44.120s][info][gc,phases,start] GC(239) Summary Phase
[44.120s][info][gc,phases      ] GC(239) Summary Phase 0.057ms
[44.120s][info][gc,phases,start] GC(239) Adjust Roots
[44.120s][info][gc,phases      ] GC(239) Adjust Roots 0.164ms
[44.120s][info][gc,phases,start] GC(239) Compaction Phase
[44.471s][info][gc,phases      ] GC(239) Compaction Phase 351.377ms
[44.471s][info][gc,phases,start] GC(239) Post Compact
[44.480s][info][gc,phases      ] GC(239) Post Compact 8.133ms
[44.480s][info][gc,heap        ] GC(239) PSYoungGen: 97279K(320512K)->97279K(320512K) Eden: 97279K(97280K)->97279K(97280K) From: 0K(223232K)->0K(223232K)
[44.480s][info][gc,heap        ] GC(239) ParOldGen: 5188120K(5188608K)->5188120K(5188608K)
[44.480s][info][gc,metaspace   ] GC(239) Metaspace: 6298K(6464K)->6298K(6464K) NonClass: 5765K(5824K)->5765K(5824K) Class: 533K(640K)->533K(640K)
[44.480s][info][gc             ] GC(239) Pause Full (Ergonomics) 5161M->5161M(5380M) 1575.814ms
[44.480s][info][gc,cpu         ] GC(239) User=12.17s Sys=0.00s Real=1.58s
[44.480s][info][gc,start       ] GC(240) Pause Full (Ergonomics)
[44.480s][info][gc,phases,start] GC(240) Marking Phase
[45.685s][info][gc,phases      ] GC(240) Marking Phase 1205.032ms
[45.685s][info][gc,phases,start] GC(240) Summary Phase
[45.685s][info][gc,phases      ] GC(240) Summary Phase 0.058ms
[45.685s][info][gc,phases,start] GC(240) Adjust Roots
[45.685s][info][gc,phases      ] GC(240) Adjust Roots 0.189ms
[45.685s][info][gc,phases,start] GC(240) Compaction Phase
[46.076s][info][gc,phases      ] GC(240) Compaction Phase 390.609ms
[46.076s][info][gc,phases,start] GC(240) Post Compact
[46.084s][info][gc,phases      ] GC(240) Post Compact 7.619ms
[46.084s][info][gc,heap        ] GC(240) PSYoungGen: 97279K(320512K)->97279K(320512K) Eden: 97279K(97280K)->97279K(97280K) From: 0K(223232K)->0K(223232K)
[46.084s][info][gc,heap        ] GC(240) ParOldGen: 5188125K(5188608K)->5188125K(5188608K)
[46.084s][info][gc,metaspace   ] GC(240) Metaspace: 6298K(6464K)->6298K(6464K) NonClass: 5765K(5824K)->5765K(5824K) Class: 533K(640K)->533K(640K)
[46.084s][info][gc             ] GC(240) Pause Full (Ergonomics) 5161M->5161M(5380M) 1603.831ms
[46.084s][info][gc,cpu         ] GC(240) User=12.17s Sys=0.00s Real=1.60s
[46.084s][info][gc,start       ] GC(241) Pause Full (Ergonomics)
[46.084s][info][gc,phases,start] GC(241) Marking Phase
[47.266s][info][gc,phases      ] GC(241) Marking Phase 1181.703ms
[47.266s][info][gc,phases,start] GC(241) Summary Phase
[47.266s][info][gc,phases      ] GC(241) Summary Phase 0.056ms
[47.266s][info][gc,phases,start] GC(241) Adjust Roots
[47.266s][info][gc,phases      ] GC(241) Adjust Roots 0.165ms
[47.266s][info][gc,phases,start] GC(241) Compaction Phase
[47.646s][info][gc,phases      ] GC(241) Compaction Phase 379.564ms
[47.646s][info][gc,phases,start] GC(241) Post Compact
[47.653s][info][gc,phases      ] GC(241) Post Compact 7.529ms
[47.653s][info][gc,heap        ] GC(241) PSYoungGen: 97279K(320512K)->97279K(320512K) Eden: 97279K(97280K)->97279K(97280K) From: 0K(223232K)->0K(223232K)
[47.653s][info][gc,heap        ] GC(241) ParOldGen: 5188129K(5188608K)->5188129K(5188608K)
[47.653s][info][gc,metaspace   ] GC(241) Metaspace: 6298K(6464K)->6298K(6464K) NonClass: 5765K(5824K)->5765K(5824K) Class: 533K(640K)->533K(640K)
[47.653s][info][gc             ] GC(241) Pause Full (Ergonomics) 5161M->5161M(5380M) 1569.308ms
[47.653s][info][gc,cpu         ] GC(241) User=11.78s Sys=0.00s Real=1.57s
[47.653s][info][gc,start       ] GC(242) Pause Full (Ergonomics)
[47.653s][info][gc,phases,start] GC(242) Marking Phase
[48.880s][info][gc,phases      ] GC(242) Marking Phase 1226.605ms
[48.880s][info][gc,phases,start] GC(242) Summary Phase
[48.880s][info][gc,phases      ] GC(242) Summary Phase 0.056ms
[48.880s][info][gc,phases,start] GC(242) Adjust Roots
[48.880s][info][gc,phases      ] GC(242) Adjust Roots 0.165ms
[48.880s][info][gc,phases,start] GC(242) Compaction Phase
[49.261s][info][gc,phases      ] GC(242) Compaction Phase 380.592ms
[49.261s][info][gc,phases,start] GC(242) Post Compact
[49.269s][info][gc,phases      ] GC(242) Post Compact 7.726ms
[49.269s][info][gc,heap        ] GC(242) PSYoungGen: 97279K(320512K)->97279K(320512K) Eden: 97279K(97280K)->97279K(97280K) From: 0K(223232K)->0K(223232K)
[49.269s][info][gc,heap        ] GC(242) ParOldGen: 5188134K(5188608K)->5188134K(5188608K)
[49.269s][info][gc,metaspace   ] GC(242) Metaspace: 6298K(6464K)->6298K(6464K) NonClass: 5765K(5824K)->5765K(5824K) Class: 533K(640K)->533K(640K)
[49.269s][info][gc             ] GC(242) Pause Full (Ergonomics) 5161M->5161M(5380M) 1615.478ms
[49.269s][info][gc,cpu         ] GC(242) User=12.39s Sys=0.02s Real=1.62s
[49.269s][info][gc,start       ] GC(243) Pause Full (Ergonomics)
[49.269s][info][gc,phases,start] GC(243) Marking Phase
[50.491s][info][gc,phases      ] GC(243) Marking Phase 1222.093ms
[50.491s][info][gc,phases,start] GC(243) Summary Phase
[50.491s][info][gc,phases      ] GC(243) Summary Phase 0.078ms
[50.491s][info][gc,phases,start] GC(243) Adjust Roots
[50.492s][info][gc,phases      ] GC(243) Adjust Roots 0.165ms
[50.492s][info][gc,phases,start] GC(243) Compaction Phase
[50.854s][info][gc,phases      ] GC(243) Compaction Phase 362.822ms
[50.854s][info][gc,phases,start] GC(243) Post Compact
[50.862s][info][gc,phases      ] GC(243) Post Compact 7.823ms
[50.862s][info][gc,heap        ] GC(243) PSYoungGen: 97279K(320512K)->97279K(320512K) Eden: 97279K(97280K)->97279K(97280K) From: 0K(223232K)->0K(223232K)
[50.862s][info][gc,heap        ] GC(243) ParOldGen: 5188139K(5188608K)->5188139K(5188608K)
[50.862s][info][gc,metaspace   ] GC(243) Metaspace: 6298K(6464K)->6298K(6464K) NonClass: 5765K(5824K)->5765K(5824K) Class: 533K(640K)->533K(640K)
[50.862s][info][gc             ] GC(243) Pause Full (Ergonomics) 5161M->5161M(5380M) 1593.299ms
[50.862s][info][gc,cpu         ] GC(243) User=12.48s Sys=0.00s Real=1.59s
[50.863s][info][gc,start       ] GC(244) Pause Full (Ergonomics)
[50.863s][info][gc,phases,start] GC(244) Marking Phase
[52.064s][info][gc,phases      ] GC(244) Marking Phase 1201.578ms
[52.064s][info][gc,phases,start] GC(244) Summary Phase
[52.064s][info][gc,phases      ] GC(244) Summary Phase 0.062ms
[52.064s][info][gc,phases,start] GC(244) Adjust Roots
[52.065s][info][gc,phases      ] GC(244) Adjust Roots 0.196ms
[52.065s][info][gc,phases,start] GC(244) Compaction Phase
[52.437s][info][gc,phases      ] GC(244) Compaction Phase 372.397ms
[52.437s][info][gc,phases,start] GC(244) Post Compact
[52.449s][info][gc,phases      ] GC(244) Post Compact 11.892ms
[52.449s][info][gc,heap        ] GC(244) PSYoungGen: 97279K(320512K)->97279K(320512K) Eden: 97279K(97280K)->97279K(97280K) From: 0K(223232K)->0K(223232K)
[52.449s][info][gc,heap        ] GC(244) ParOldGen: 5188144K(5188608K)->5188144K(5188608K)
[52.449s][info][gc,metaspace   ] GC(244) Metaspace: 6298K(6464K)->6298K(6464K) NonClass: 5765K(5824K)->5765K(5824K) Class: 533K(640K)->533K(640K)
[52.449s][info][gc             ] GC(244) Pause Full (Ergonomics) 5161M->5161M(5380M) 1586.522ms
[52.449s][info][gc,cpu         ] GC(244) User=12.12s Sys=0.00s Real=1.59s
[52.449s][info][gc,start       ] GC(245) Pause Full (Ergonomics)
[52.449s][info][gc,phases,start] GC(245) Marking Phase
[53.654s][info][gc,phases      ] GC(245) Marking Phase 1204.673ms
[53.654s][info][gc,phases,start] GC(245) Summary Phase
[53.654s][info][gc,phases      ] GC(245) Summary Phase 0.056ms
[53.654s][info][gc,phases,start] GC(245) Adjust Roots
[53.654s][info][gc,phases      ] GC(245) Adjust Roots 0.162ms
[53.654s][info][gc,phases,start] GC(245) Compaction Phase
[54.033s][info][gc,phases      ] GC(245) Compaction Phase 378.521ms
[54.033s][info][gc,phases,start] GC(245) Post Compact
[54.041s][info][gc,phases      ] GC(245) Post Compact 8.320ms
[54.041s][info][gc,heap        ] GC(245) PSYoungGen: 97279K(320512K)->97279K(320512K) Eden: 97279K(97280K)->97279K(97280K) From: 0K(223232K)->0K(223232K)
[54.041s][info][gc,heap        ] GC(245) ParOldGen: 5188149K(5188608K)->5188149K(5188608K)
[54.041s][info][gc,metaspace   ] GC(245) Metaspace: 6298K(6464K)->6298K(6464K) NonClass: 5765K(5824K)->5765K(5824K) Class: 533K(640K)->533K(640K)
[54.041s][info][gc             ] GC(245) Pause Full (Ergonomics) 5161M->5161M(5380M) 1592.091ms
[54.041s][info][gc,cpu         ] GC(245) User=12.20s Sys=0.00s Real=1.59s
[54.042s][info][gc,start       ] GC(246) Pause Full (Ergonomics)
[54.042s][info][gc,phases,start] GC(246) Marking Phase
[55.255s][info][gc,phases      ] GC(246) Marking Phase 1213.620ms
[55.255s][info][gc,phases,start] GC(246) Summary Phase
[55.255s][info][gc,phases      ] GC(246) Summary Phase 0.056ms
[55.255s][info][gc,phases,start] GC(246) Adjust Roots
[55.256s][info][gc,phases      ] GC(246) Adjust Roots 0.162ms
[55.256s][info][gc,phases,start] GC(246) Compaction Phase
[55.624s][info][gc,phases      ] GC(246) Compaction Phase 368.311ms
[55.624s][info][gc,phases,start] GC(246) Post Compact
[55.631s][info][gc,phases      ] GC(246) Post Compact 7.357ms
[55.631s][info][gc,heap        ] GC(246) PSYoungGen: 97279K(320512K)->97279K(320512K) Eden: 97279K(97280K)->97279K(97280K) From: 0K(223232K)->0K(223232K)
[55.631s][info][gc,heap        ] GC(246) ParOldGen: 5188154K(5188608K)->5188154K(5188608K)
[55.631s][info][gc,metaspace   ] GC(246) Metaspace: 6298K(6464K)->6298K(6464K) NonClass: 5765K(5824K)->5765K(5824K) Class: 533K(640K)->533K(640K)
[55.631s][info][gc             ] GC(246) Pause Full (Ergonomics) 5161M->5161M(5380M) 1589.828ms
[55.631s][info][gc,cpu         ] GC(246) User=12.38s Sys=0.02s Real=1.59s
[55.632s][info][gc,start       ] GC(247) Pause Full (Ergonomics)
[55.632s][info][gc,phases,start] GC(247) Marking Phase
[56.885s][info][gc,phases      ] GC(247) Marking Phase 1253.349ms
[56.885s][info][gc,phases,start] GC(247) Summary Phase
[56.885s][info][gc,phases      ] GC(247) Summary Phase 0.056ms
[56.885s][info][gc,phases,start] GC(247) Adjust Roots
[56.885s][info][gc,phases      ] GC(247) Adjust Roots 0.160ms
[56.885s][info][gc,phases,start] GC(247) Compaction Phase
[57.250s][info][gc,phases      ] GC(247) Compaction Phase 364.517ms
[57.250s][info][gc,phases,start] GC(247) Post Compact
[57.256s][info][gc,phases      ] GC(247) Post Compact 6.491ms
[57.257s][info][gc,heap        ] GC(247) PSYoungGen: 97279K(320512K)->97279K(320512K) Eden: 97279K(97280K)->97279K(97280K) From: 0K(223232K)->0K(223232K)
[57.257s][info][gc,heap        ] GC(247) ParOldGen: 5188158K(5188608K)->5188158K(5188608K)
[57.257s][info][gc,metaspace   ] GC(247) Metaspace: 6298K(6464K)->6298K(6464K) NonClass: 5765K(5824K)->5765K(5824K) Class: 533K(640K)->533K(640K)
[57.257s][info][gc             ] GC(247) Pause Full (Ergonomics) 5161M->5161M(5380M) 1624.865ms
[57.257s][info][gc,cpu         ] GC(247) User=12.67s Sys=0.00s Real=1.62s
[57.257s][info][gc,start       ] GC(248) Pause Full (Ergonomics)
[57.257s][info][gc,phases,start] GC(248) Marking Phase
[58.515s][info][gc,phases      ] GC(248) Marking Phase 1258.178ms
[58.515s][info][gc,phases,start] GC(248) Summary Phase
[58.515s][info][gc,phases      ] GC(248) Summary Phase 0.056ms
[58.515s][info][gc,phases,start] GC(248) Adjust Roots
[58.515s][info][gc,phases      ] GC(248) Adjust Roots 0.165ms
[58.515s][info][gc,phases,start] GC(248) Compaction Phase
[58.898s][info][gc,phases      ] GC(248) Compaction Phase 382.356ms
[58.898s][info][gc,phases,start] GC(248) Post Compact
[58.905s][info][gc,phases      ] GC(248) Post Compact 7.643ms
[58.905s][info][gc,heap        ] GC(248) PSYoungGen: 97279K(320512K)->97279K(320512K) Eden: 97279K(97280K)->97279K(97280K) From: 0K(223232K)->0K(223232K)
[58.905s][info][gc,heap        ] GC(248) ParOldGen: 5188163K(5188608K)->5188163K(5188608K)
[58.905s][info][gc,metaspace   ] GC(248) Metaspace: 6298K(6464K)->6298K(6464K) NonClass: 5765K(5824K)->5765K(5824K) Class: 533K(640K)->533K(640K)
[58.906s][info][gc             ] GC(248) Pause Full (Ergonomics) 5161M->5161M(5380M) 1648.756ms
[58.906s][info][gc,cpu         ] GC(248) User=12.50s Sys=0.00s Real=1.65s
[58.906s][info][gc,start       ] GC(249) Pause Full (Ergonomics)
[58.906s][info][gc,phases,start] GC(249) Marking Phase
[60.138s][info][gc,phases      ] GC(249) Marking Phase 1231.828ms
[60.138s][info][gc,phases,start] GC(249) Summary Phase
[60.138s][info][gc,phases      ] GC(249) Summary Phase 0.056ms
[60.138s][info][gc,phases,start] GC(249) Adjust Roots
[60.138s][info][gc,phases      ] GC(249) Adjust Roots 0.165ms
[60.138s][info][gc,phases,start] GC(249) Compaction Phase
[60.526s][info][gc,phases      ] GC(249) Compaction Phase 388.280ms
[60.526s][info][gc,phases,start] GC(249) Post Compact
[60.534s][info][gc,phases      ] GC(249) Post Compact 8.011ms
[60.534s][info][gc,heap        ] GC(249) PSYoungGen: 97279K(320512K)->97279K(320512K) Eden: 97279K(97280K)->97279K(97280K) From: 0K(223232K)->0K(223232K)
[60.534s][info][gc,heap        ] GC(249) ParOldGen: 5188168K(5188608K)->5188168K(5188608K)
[60.534s][info][gc,metaspace   ] GC(249) Metaspace: 6298K(6464K)->6298K(6464K) NonClass: 5765K(5824K)->5765K(5824K) Class: 533K(640K)->533K(640K)
[60.534s][info][gc             ] GC(249) Pause Full (Ergonomics) 5161M->5161M(5380M) 1628.649ms
[60.534s][info][gc,cpu         ] GC(249) User=12.42s Sys=0.00s Real=1.63s
[60.535s][info][gc,start       ] GC(250) Pause Full (Ergonomics)
[60.535s][info][gc,phases,start] GC(250) Marking Phase
[61.776s][info][gc,phases      ] GC(250) Marking Phase 1241.790ms
[61.776s][info][gc,phases,start] GC(250) Summary Phase
[61.777s][info][gc,phases      ] GC(250) Summary Phase 0.059ms
[61.777s][info][gc,phases,start] GC(250) Adjust Roots
[61.777s][info][gc,phases      ] GC(250) Adjust Roots 0.185ms
[61.777s][info][gc,phases,start] GC(250) Compaction Phase
[62.143s][info][gc,phases      ] GC(250) Compaction Phase 366.544ms
[62.143s][info][gc,phases,start] GC(250) Post Compact
[62.151s][info][gc,phases      ] GC(250) Post Compact 7.919ms
[62.151s][info][gc,heap        ] GC(250) PSYoungGen: 97279K(320512K)->97279K(320512K) Eden: 97279K(97280K)->97279K(97280K) From: 0K(223232K)->0K(223232K)
[62.151s][info][gc,heap        ] GC(250) ParOldGen: 5188173K(5188608K)->5188173K(5188608K)
[62.151s][info][gc,metaspace   ] GC(250) Metaspace: 6298K(6464K)->6298K(6464K) NonClass: 5765K(5824K)->5765K(5824K) Class: 533K(640K)->533K(640K)
[62.151s][info][gc             ] GC(250) Pause Full (Ergonomics) 5161M->5161M(5380M) 1616.828ms
[62.151s][info][gc,cpu         ] GC(250) User=12.59s Sys=0.00s Real=1.62s
[62.152s][info][gc,start       ] GC(251) Pause Full (Ergonomics)
[62.152s][info][gc,phases,start] GC(251) Marking Phase
[63.423s][info][gc,phases      ] GC(251) Marking Phase 1271.043ms
[63.423s][info][gc,phases,start] GC(251) Summary Phase
[63.423s][info][gc,phases      ] GC(251) Summary Phase 0.058ms
[63.423s][info][gc,phases,start] GC(251) Adjust Roots
[63.423s][info][gc,phases      ] GC(251) Adjust Roots 0.187ms
[63.423s][info][gc,phases,start] GC(251) Compaction Phase
[63.791s][info][gc,phases      ] GC(251) Compaction Phase 368.023ms
[63.791s][info][gc,phases,start] GC(251) Post Compact
[63.800s][info][gc,phases      ] GC(251) Post Compact 8.427ms
[63.800s][info][gc,heap        ] GC(251) PSYoungGen: 97279K(320512K)->97279K(320512K) Eden: 97279K(97280K)->97279K(97280K) From: 0K(223232K)->0K(223232K)
[63.800s][info][gc,heap        ] GC(251) ParOldGen: 5188178K(5188608K)->5188178K(5188608K)
[63.800s][info][gc,metaspace   ] GC(251) Metaspace: 6298K(6464K)->6298K(6464K) NonClass: 5765K(5824K)->5765K(5824K) Class: 533K(640K)->533K(640K)
[63.800s][info][gc             ] GC(251) Pause Full (Ergonomics) 5161M->5161M(5380M) 1648.094ms
[63.800s][info][gc,cpu         ] GC(251) User=12.89s Sys=0.00s Real=1.65s
[63.800s][info][gc,start       ] GC(252) Pause Full (Ergonomics)
[63.800s][info][gc,phases,start] GC(252) Marking Phase
[65.050s][info][gc,phases      ] GC(252) Marking Phase 1250.243ms
[65.050s][info][gc,phases,start] GC(252) Summary Phase
[65.050s][info][gc,phases      ] GC(252) Summary Phase 0.066ms
[65.050s][info][gc,phases,start] GC(252) Adjust Roots
[65.051s][info][gc,phases      ] GC(252) Adjust Roots 0.163ms
[65.051s][info][gc,phases,start] GC(252) Compaction Phase
[65.424s][info][gc,phases      ] GC(252) Compaction Phase 373.891ms
[65.425s][info][gc,phases,start] GC(252) Post Compact
[65.432s][info][gc,phases      ] GC(252) Post Compact 7.613ms
[65.432s][info][gc,heap        ] GC(252) PSYoungGen: 97279K(320512K)->97279K(320512K) Eden: 97279K(97280K)->97279K(97280K) From: 0K(223232K)->0K(223232K)
[65.432s][info][gc,heap        ] GC(252) ParOldGen: 5188183K(5188608K)->5188183K(5188608K)
[65.432s][info][gc,metaspace   ] GC(252) Metaspace: 6298K(6464K)->6298K(6464K) NonClass: 5765K(5824K)->5765K(5824K) Class: 533K(640K)->533K(640K)
[65.432s][info][gc             ] GC(252) Pause Full (Ergonomics) 5161M->5161M(5380M) 1632.320ms
[65.432s][info][gc,cpu         ] GC(252) User=12.66s Sys=0.00s Real=1.63s
[65.433s][info][gc,start       ] GC(253) Pause Full (Ergonomics)
[65.433s][info][gc,phases,start] GC(253) Marking Phase
[66.680s][info][gc,phases      ] GC(253) Marking Phase 1247.835ms
[66.680s][info][gc,phases,start] GC(253) Summary Phase
[66.681s][info][gc,phases      ] GC(253) Summary Phase 0.060ms
[66.681s][info][gc,phases,start] GC(253) Adjust Roots
[66.681s][info][gc,phases      ] GC(253) Adjust Roots 0.171ms
[66.681s][info][gc,phases,start] GC(253) Compaction Phase
[67.062s][info][gc,phases      ] GC(253) Compaction Phase 381.326ms
[67.062s][info][gc,phases,start] GC(253) Post Compact
[67.069s][info][gc,phases      ] GC(253) Post Compact 7.182ms
[67.069s][info][gc,heap        ] GC(253) PSYoungGen: 97279K(320512K)->97279K(320512K) Eden: 97279K(97280K)->97279K(97280K) From: 0K(223232K)->0K(223232K)
[67.069s][info][gc,heap        ] GC(253) ParOldGen: 5188187K(5188608K)->5188187K(5188608K)
[67.069s][info][gc,metaspace   ] GC(253) Metaspace: 6298K(6464K)->6298K(6464K) NonClass: 5765K(5824K)->5765K(5824K) Class: 533K(640K)->533K(640K)
[67.069s][info][gc             ] GC(253) Pause Full (Ergonomics) 5161M->5161M(5380M) 1636.894ms
[67.069s][info][gc,cpu         ] GC(253) User=12.58s Sys=0.00s Real=1.64s
[67.070s][info][gc,start       ] GC(254) Pause Full (Ergonomics)
[67.070s][info][gc,phases,start] GC(254) Marking Phase
[68.354s][info][gc,phases      ] GC(254) Marking Phase 1284.424ms
[68.354s][info][gc,phases,start] GC(254) Summary Phase
[68.354s][info][gc,phases      ] GC(254) Summary Phase 0.064ms
[68.354s][info][gc,phases,start] GC(254) Adjust Roots
[68.354s][info][gc,phases      ] GC(254) Adjust Roots 0.190ms
[68.354s][info][gc,phases,start] GC(254) Compaction Phase
[68.735s][info][gc,phases      ] GC(254) Compaction Phase 380.629ms
[68.735s][info][gc,phases,start] GC(254) Post Compact
[68.742s][info][gc,phases      ] GC(254) Post Compact 7.208ms
[68.742s][info][gc,heap        ] GC(254) PSYoungGen: 97279K(320512K)->97279K(320512K) Eden: 97279K(97280K)->97279K(97280K) From: 0K(223232K)->0K(223232K)
[68.742s][info][gc,heap        ] GC(254) ParOldGen: 5188192K(5188608K)->5188192K(5188608K)
[68.742s][info][gc,metaspace   ] GC(254) Metaspace: 6298K(6464K)->6298K(6464K) NonClass: 5765K(5824K)->5765K(5824K) Class: 533K(640K)->533K(640K)
[68.743s][info][gc             ] GC(254) Pause Full (Ergonomics) 5161M->5161M(5380M) 1672.866ms
[68.743s][info][gc,cpu         ] GC(254) User=12.98s Sys=0.00s Real=1.67s
[68.743s][info][gc,start       ] GC(255) Pause Full (Ergonomics)
[68.743s][info][gc,phases,start] GC(255) Marking Phase
[69.993s][info][gc,phases      ] GC(255) Marking Phase 1249.829ms
[69.993s][info][gc,phases,start] GC(255) Summary Phase
[69.993s][info][gc,phases      ] GC(255) Summary Phase 0.059ms
[69.993s][info][gc,phases,start] GC(255) Adjust Roots
[69.993s][info][gc,phases      ] GC(255) Adjust Roots 0.165ms
[69.993s][info][gc,phases,start] GC(255) Compaction Phase
[70.376s][info][gc,phases      ] GC(255) Compaction Phase 383.101ms
[70.376s][info][gc,phases,start] GC(255) Post Compact
[70.384s][info][gc,phases      ] GC(255) Post Compact 7.414ms
[70.384s][info][gc,heap        ] GC(255) PSYoungGen: 97279K(320512K)->97279K(320512K) Eden: 97279K(97280K)->97279K(97280K) From: 0K(223232K)->0K(223232K)
[70.384s][info][gc,heap        ] GC(255) ParOldGen: 5188197K(5188608K)->5188197K(5188608K)
[70.384s][info][gc,metaspace   ] GC(255) Metaspace: 6298K(6464K)->6298K(6464K) NonClass: 5765K(5824K)->5765K(5824K) Class: 533K(640K)->533K(640K)
[70.384s][info][gc             ] GC(255) Pause Full (Ergonomics) 5161M->5161M(5380M) 1640.908ms
[70.384s][info][gc,cpu         ] GC(255) User=12.70s Sys=0.00s Real=1.64s
[70.384s][info][gc,start       ] GC(256) Pause Full (Ergonomics)
[70.384s][info][gc,phases,start] GC(256) Marking Phase
[71.674s][info][gc,phases      ] GC(256) Marking Phase 1290.170ms
[71.674s][info][gc,phases,start] GC(256) Summary Phase
[71.674s][info][gc,phases      ] GC(256) Summary Phase 0.057ms
[71.674s][info][gc,phases,start] GC(256) Adjust Roots
[71.674s][info][gc,phases      ] GC(256) Adjust Roots 0.197ms
[71.674s][info][gc,phases,start] GC(256) Compaction Phase
[72.051s][info][gc,phases      ] GC(256) Compaction Phase 376.949ms
[72.051s][info][gc,phases,start] GC(256) Post Compact
[72.059s][info][gc,phases      ] GC(256) Post Compact 7.914ms
[72.059s][info][gc,heap        ] GC(256) PSYoungGen: 97279K(320512K)->97279K(320512K) Eden: 97279K(97280K)->97279K(97280K) From: 0K(223232K)->0K(223232K)
[72.059s][info][gc,heap        ] GC(256) ParOldGen: 5188202K(5188608K)->5188202K(5188608K)
[72.059s][info][gc,metaspace   ] GC(256) Metaspace: 6298K(6464K)->6298K(6464K) NonClass: 5765K(5824K)->5765K(5824K) Class: 533K(640K)->533K(640K)
[72.059s][info][gc             ] GC(256) Pause Full (Ergonomics) 5161M->5161M(5380M) 1675.612ms
[72.059s][info][gc,cpu         ] GC(256) User=13.05s Sys=0.00s Real=1.68s
[72.060s][info][gc,start       ] GC(257) Pause Full (Ergonomics)
[72.060s][info][gc,phases,start] GC(257) Marking Phase
[73.319s][info][gc,phases      ] GC(257) Marking Phase 1258.795ms
[73.319s][info][gc,phases,start] GC(257) Summary Phase
[73.319s][info][gc,phases      ] GC(257) Summary Phase 0.056ms
[73.319s][info][gc,phases,start] GC(257) Adjust Roots
[73.319s][info][gc,phases      ] GC(257) Adjust Roots 0.159ms
[73.319s][info][gc,phases,start] GC(257) Compaction Phase
[73.697s][info][gc,phases      ] GC(257) Compaction Phase 378.507ms
[73.697s][info][gc,phases,start] GC(257) Post Compact
[73.706s][info][gc,phases      ] GC(257) Post Compact 8.296ms
[73.706s][info][gc,heap        ] GC(257) PSYoungGen: 97279K(320512K)->97279K(320512K) Eden: 97279K(97280K)->97279K(97280K) From: 0K(223232K)->0K(223232K)
[73.706s][info][gc,heap        ] GC(257) ParOldGen: 5188207K(5188608K)->5188207K(5188608K)
[73.706s][info][gc,metaspace   ] GC(257) Metaspace: 6298K(6464K)->6298K(6464K) NonClass: 5765K(5824K)->5765K(5824K) Class: 533K(640K)->533K(640K)
[73.706s][info][gc             ] GC(257) Pause Full (Ergonomics) 5161M->5161M(5380M) 1646.165ms
[73.706s][info][gc,cpu         ] GC(257) User=12.59s Sys=0.00s Real=1.65s
[73.706s][info][gc,start       ] GC(258) Pause Full (Ergonomics)
[73.706s][info][gc,phases,start] GC(258) Marking Phase
[74.958s][info][gc,phases      ] GC(258) Marking Phase 1252.373ms
[74.959s][info][gc,phases,start] GC(258) Summary Phase
[74.959s][info][gc,phases      ] GC(258) Summary Phase 0.056ms
[74.959s][info][gc,phases,start] GC(258) Adjust Roots
[74.959s][info][gc,phases      ] GC(258) Adjust Roots 0.165ms
[74.959s][info][gc,phases,start] GC(258) Compaction Phase
[75.341s][info][gc,phases      ] GC(258) Compaction Phase 382.192ms
[75.341s][info][gc,phases,start] GC(258) Post Compact
[75.349s][info][gc,phases      ] GC(258) Post Compact 7.781ms
[75.349s][info][gc,heap        ] GC(258) PSYoungGen: 97279K(320512K)->97279K(320512K) Eden: 97279K(97280K)->97279K(97280K) From: 0K(223232K)->0K(223232K)
[75.349s][info][gc,heap        ] GC(258) ParOldGen: 5188212K(5188608K)->5188212K(5188608K)
[75.349s][info][gc,metaspace   ] GC(258) Metaspace: 6298K(6464K)->6298K(6464K) NonClass: 5765K(5824K)->5765K(5824K) Class: 533K(640K)->533K(640K)
[75.349s][info][gc             ] GC(258) Pause Full (Ergonomics) 5161M->5161M(5380M) 1642.889ms
[75.349s][info][gc,cpu         ] GC(258) User=12.66s Sys=0.00s Real=1.64s
[75.349s][info][gc,start       ] GC(259) Pause Full (Ergonomics)
[75.349s][info][gc,phases,start] GC(259) Marking Phase
[76.594s][info][gc,phases      ] GC(259) Marking Phase 1245.080ms
[76.594s][info][gc,phases,start] GC(259) Summary Phase
[76.594s][info][gc,phases      ] GC(259) Summary Phase 0.068ms
[76.594s][info][gc,phases,start] GC(259) Adjust Roots
[76.595s][info][gc,phases      ] GC(259) Adjust Roots 0.250ms
[76.595s][info][gc,phases,start] GC(259) Compaction Phase
[76.984s][info][gc,phases      ] GC(259) Compaction Phase 389.402ms
[76.984s][info][gc,phases,start] GC(259) Post Compact
[76.992s][info][gc,phases      ] GC(259) Post Compact 7.511ms
[76.992s][info][gc,heap        ] GC(259) PSYoungGen: 97279K(320512K)->97279K(320512K) Eden: 97279K(97280K)->97279K(97280K) From: 0K(223232K)->0K(223232K)
[76.992s][info][gc,heap        ] GC(259) ParOldGen: 5188216K(5188608K)->5188216K(5188608K)
[76.992s][info][gc,metaspace   ] GC(259) Metaspace: 6298K(6464K)->6298K(6464K) NonClass: 5765K(5824K)->5765K(5824K) Class: 533K(640K)->533K(640K)
[76.992s][info][gc             ] GC(259) Pause Full (Ergonomics) 5161M->5161M(5380M) 1642.709ms
[76.992s][info][gc,cpu         ] GC(259) User=12.64s Sys=0.00s Real=1.64s
[76.992s][info][gc,start       ] GC(260) Pause Full (Ergonomics)
[76.992s][info][gc,phases,start] GC(260) Marking Phase
[78.255s][info][gc,phases      ] GC(260) Marking Phase 1262.851ms
[78.255s][info][gc,phases,start] GC(260) Summary Phase
[78.255s][info][gc,phases      ] GC(260) Summary Phase 0.073ms
[78.255s][info][gc,phases,start] GC(260) Adjust Roots
[78.255s][info][gc,phases      ] GC(260) Adjust Roots 0.244ms
[78.255s][info][gc,phases,start] GC(260) Compaction Phase
[78.628s][info][gc,phases      ] GC(260) Compaction Phase 372.153ms
[78.628s][info][gc,phases,start] GC(260) Post Compact
[78.635s][info][gc,phases      ] GC(260) Post Compact 6.995ms
[78.635s][info][gc,heap        ] GC(260) PSYoungGen: 97279K(320512K)->97279K(320512K) Eden: 97279K(97280K)->97279K(97280K) From: 0K(223232K)->0K(223232K)
[78.635s][info][gc,heap        ] GC(260) ParOldGen: 5188221K(5188608K)->5188221K(5188608K)
[78.635s][info][gc,metaspace   ] GC(260) Metaspace: 6298K(6464K)->6298K(6464K) NonClass: 5765K(5824K)->5765K(5824K) Class: 533K(640K)->533K(640K)
[78.635s][info][gc             ] GC(260) Pause Full (Ergonomics) 5161M->5161M(5380M) 1642.668ms
[78.635s][info][gc,cpu         ] GC(260) User=12.86s Sys=0.00s Real=1.64s
[78.635s][info][gc,start       ] GC(261) Pause Full (Ergonomics)
[78.635s][info][gc,phases,start] GC(261) Marking Phase
[79.918s][info][gc,phases      ] GC(261) Marking Phase 1283.293ms
[79.918s][info][gc,phases,start] GC(261) Summary Phase
[79.918s][info][gc,phases      ] GC(261) Summary Phase 0.061ms
[79.918s][info][gc,phases,start] GC(261) Adjust Roots
[79.919s][info][gc,phases      ] GC(261) Adjust Roots 0.202ms
[79.919s][info][gc,phases,start] GC(261) Compaction Phase
[80.310s][info][gc,phases      ] GC(261) Compaction Phase 390.905ms
[80.310s][info][gc,phases,start] GC(261) Post Compact
[80.318s][info][gc,phases      ] GC(261) Post Compact 7.945ms
[80.318s][info][gc,heap        ] GC(261) PSYoungGen: 97279K(320512K)->97279K(320512K) Eden: 97279K(97280K)->97279K(97280K) From: 0K(223232K)->0K(223232K)
[80.318s][info][gc,heap        ] GC(261) ParOldGen: 5188226K(5188608K)->5188226K(5188608K)
[80.318s][info][gc,metaspace   ] GC(261) Metaspace: 6298K(6464K)->6298K(6464K) NonClass: 5765K(5824K)->5765K(5824K) Class: 533K(640K)->533K(640K)
[80.318s][info][gc             ] GC(261) Pause Full (Ergonomics) 5161M->5161M(5380M) 1682.733ms
[80.318s][info][gc,cpu         ] GC(261) User=13.00s Sys=0.02s Real=1.68s
[80.318s][info][gc,start       ] GC(262) Pause Full (Ergonomics)
[80.318s][info][gc,phases,start] GC(262) Marking Phase
[81.559s][info][gc,phases      ] GC(262) Marking Phase 1240.669ms
[81.559s][info][gc,phases,start] GC(262) Summary Phase
[81.559s][info][gc,phases      ] GC(262) Summary Phase 0.079ms
[81.559s][info][gc,phases,start] GC(262) Adjust Roots
[81.559s][info][gc,phases      ] GC(262) Adjust Roots 0.215ms
[81.559s][info][gc,phases,start] GC(262) Compaction Phase
[81.967s][info][gc,phases      ] GC(262) Compaction Phase 407.608ms
[81.967s][info][gc,phases,start] GC(262) Post Compact
[81.975s][info][gc,phases      ] GC(262) Post Compact 8.261ms
[81.975s][info][gc,heap        ] GC(262) PSYoungGen: 97279K(320512K)->97279K(320512K) Eden: 97279K(97280K)->97279K(97280K) From: 0K(223232K)->0K(223232K)
[81.975s][info][gc,heap        ] GC(262) ParOldGen: 5188231K(5188608K)->5188231K(5188608K)
[81.975s][info][gc,metaspace   ] GC(262) Metaspace: 6298K(6464K)->6298K(6464K) NonClass: 5765K(5824K)->5765K(5824K) Class: 533K(640K)->533K(640K)
[81.975s][info][gc             ] GC(262) Pause Full (Ergonomics) 5161M->5161M(5380M) 1657.191ms
[81.975s][info][gc,cpu         ] GC(262) User=12.58s Sys=0.00s Real=1.66s
[81.975s][info][gc,start       ] GC(263) Pause Full (Ergonomics)
[81.975s][info][gc,phases,start] GC(263) Marking Phase
[83.229s][info][gc,phases      ] GC(263) Marking Phase 1253.506ms
[83.229s][info][gc,phases,start] GC(263) Summary Phase
[83.229s][info][gc,phases      ] GC(263) Summary Phase 0.056ms
[83.229s][info][gc,phases,start] GC(263) Adjust Roots
[83.229s][info][gc,phases      ] GC(263) Adjust Roots 0.163ms
[83.229s][info][gc,phases,start] GC(263) Compaction Phase
[83.621s][info][gc,phases      ] GC(263) Compaction Phase 392.069ms
[83.621s][info][gc,phases,start] GC(263) Post Compact
[83.634s][info][gc,phases      ] GC(263) Post Compact 12.224ms
[83.634s][info][gc,heap        ] GC(263) PSYoungGen: 97279K(320512K)->97279K(320512K) Eden: 97279K(97280K)->97279K(97280K) From: 0K(223232K)->0K(223232K)
[83.634s][info][gc,heap        ] GC(263) ParOldGen: 5188236K(5188608K)->5188236K(5188608K)
[83.634s][info][gc,metaspace   ] GC(263) Metaspace: 6298K(6464K)->6298K(6464K) NonClass: 5765K(5824K)->5765K(5824K) Class: 533K(640K)->533K(640K)
[83.634s][info][gc             ] GC(263) Pause Full (Ergonomics) 5161M->5161M(5380M) 1658.440ms
[83.634s][info][gc,cpu         ] GC(263) User=12.80s Sys=0.02s Real=1.66s
[83.634s][info][gc,start       ] GC(264) Pause Full (Ergonomics)
[83.634s][info][gc,phases,start] GC(264) Marking Phase
[84.899s][info][gc,phases      ] GC(264) Marking Phase 1264.606ms
[84.899s][info][gc,phases,start] GC(264) Summary Phase
[84.899s][info][gc,phases      ] GC(264) Summary Phase 0.094ms
[84.899s][info][gc,phases,start] GC(264) Adjust Roots
[84.899s][info][gc,phases      ] GC(264) Adjust Roots 0.263ms
[84.899s][info][gc,phases,start] GC(264) Compaction Phase
[85.273s][info][gc,phases      ] GC(264) Compaction Phase 373.727ms
[85.273s][info][gc,phases,start] GC(264) Post Compact
[85.284s][info][gc,phases      ] GC(264) Post Compact 11.221ms
[85.284s][info][gc,heap        ] GC(264) PSYoungGen: 97279K(320512K)->97279K(320512K) Eden: 97279K(97280K)->97279K(97280K) From: 0K(223232K)->0K(223232K)
[85.284s][info][gc,heap        ] GC(264) ParOldGen: 5188241K(5188608K)->5188241K(5188608K)
[85.284s][info][gc,metaspace   ] GC(264) Metaspace: 6298K(6464K)->6298K(6464K) NonClass: 5765K(5824K)->5765K(5824K) Class: 533K(640K)->533K(640K)
[85.284s][info][gc             ] GC(264) Pause Full (Ergonomics) 5161M->5161M(5380M) 1650.364ms
[85.284s][info][gc,cpu         ] GC(264) User=12.81s Sys=0.00s Real=1.65s
[85.285s][info][gc,start       ] GC(265) Pause Full (Ergonomics)
[85.285s][info][gc,phases,start] GC(265) Marking Phase
[86.525s][info][gc,phases      ] GC(265) Marking Phase 1239.879ms
[86.525s][info][gc,phases,start] GC(265) Summary Phase
[86.525s][info][gc,phases      ] GC(265) Summary Phase 0.094ms
[86.525s][info][gc,phases,start] GC(265) Adjust Roots
[86.525s][info][gc,phases      ] GC(265) Adjust Roots 0.188ms
[86.525s][info][gc,phases,start] GC(265) Compaction Phase
[86.929s][info][gc,phases      ] GC(265) Compaction Phase 403.685ms
[86.929s][info][gc,phases,start] GC(265) Post Compact
[86.937s][info][gc,phases      ] GC(265) Post Compact 8.137ms
[86.937s][info][gc,heap        ] GC(265) PSYoungGen: 97279K(320512K)->97279K(320512K) Eden: 97279K(97280K)->97279K(97280K) From: 0K(223232K)->0K(223232K)
[86.937s][info][gc,heap        ] GC(265) ParOldGen: 5188245K(5188608K)->5188245K(5188608K)
[86.937s][info][gc,metaspace   ] GC(265) Metaspace: 6298K(6464K)->6298K(6464K) NonClass: 5765K(5824K)->5765K(5824K) Class: 533K(640K)->533K(640K)
[86.937s][info][gc             ] GC(265) Pause Full (Ergonomics) 5161M->5161M(5380M) 1652.320ms
[86.937s][info][gc,cpu         ] GC(265) User=12.50s Sys=0.03s Real=1.65s
[86.937s][info][gc,start       ] GC(266) Pause Full (Ergonomics)
[86.937s][info][gc,phases,start] GC(266) Marking Phase
[88.192s][info][gc,phases      ] GC(266) Marking Phase 1254.571ms
[88.192s][info][gc,phases,start] GC(266) Summary Phase
[88.192s][info][gc,phases      ] GC(266) Summary Phase 0.076ms
[88.192s][info][gc,phases,start] GC(266) Adjust Roots
[88.192s][info][gc,phases      ] GC(266) Adjust Roots 0.204ms
[88.192s][info][gc,phases,start] GC(266) Compaction Phase
[88.575s][info][gc,phases      ] GC(266) Compaction Phase 382.463ms
[88.575s][info][gc,phases,start] GC(266) Post Compact
[88.582s][info][gc,phases      ] GC(266) Post Compact 7.153ms
[88.582s][info][gc,heap        ] GC(266) PSYoungGen: 97279K(320512K)->97279K(320512K) Eden: 97279K(97280K)->97279K(97280K) From: 0K(223232K)->0K(223232K)
[88.582s][info][gc,heap        ] GC(266) ParOldGen: 5188250K(5188608K)->5188250K(5188608K)
[88.582s][info][gc,metaspace   ] GC(266) Metaspace: 6298K(6464K)->6298K(6464K) NonClass: 5765K(5824K)->5765K(5824K) Class: 533K(640K)->533K(640K)
[88.582s][info][gc             ] GC(266) Pause Full (Ergonomics) 5161M->5161M(5380M) 1644.790ms
[88.582s][info][gc,cpu         ] GC(266) User=12.69s Sys=0.02s Real=1.64s
[88.582s][info][gc,start       ] GC(267) Pause Full (Ergonomics)
[88.582s][info][gc,phases,start] GC(267) Marking Phase
[89.818s][info][gc,phases      ] GC(267) Marking Phase 1235.795ms
[89.818s][info][gc,phases,start] GC(267) Summary Phase
[89.818s][info][gc,phases      ] GC(267) Summary Phase 0.061ms
[89.818s][info][gc,phases,start] GC(267) Adjust Roots
[89.818s][info][gc,phases      ] GC(267) Adjust Roots 0.163ms
[89.818s][info][gc,phases,start] GC(267) Compaction Phase
[90.199s][info][gc,phases      ] GC(267) Compaction Phase 380.319ms
[90.199s][info][gc,phases,start] GC(267) Post Compact
[90.206s][info][gc,phases      ] GC(267) Post Compact 7.139ms
[90.206s][info][gc,heap        ] GC(267) PSYoungGen: 97279K(320512K)->97279K(320512K) Eden: 97279K(97280K)->97279K(97280K) From: 0K(223232K)->0K(223232K)
[90.206s][info][gc,heap        ] GC(267) ParOldGen: 5188255K(5188608K)->5188255K(5188608K)
[90.206s][info][gc,metaspace   ] GC(267) Metaspace: 6298K(6464K)->6298K(6464K) NonClass: 5765K(5824K)->5765K(5824K) Class: 533K(640K)->533K(640K)
[90.206s][info][gc             ] GC(267) Pause Full (Ergonomics) 5161M->5161M(5380M) 1623.801ms
[90.206s][info][gc,cpu         ] GC(267) User=12.64s Sys=0.02s Real=1.62s
[90.206s][info][gc,start       ] GC(268) Pause Full (Ergonomics)
[90.206s][info][gc,phases,start] GC(268) Marking Phase
[91.478s][info][gc,phases      ] GC(268) Marking Phase 1271.885ms
[91.478s][info][gc,phases,start] GC(268) Summary Phase
[91.478s][info][gc,phases      ] GC(268) Summary Phase 0.059ms
[91.478s][info][gc,phases,start] GC(268) Adjust Roots
[91.478s][info][gc,phases      ] GC(268) Adjust Roots 0.193ms
[91.478s][info][gc,phases,start] GC(268) Compaction Phase
[91.863s][info][gc,phases      ] GC(268) Compaction Phase 384.192ms
[91.863s][info][gc,phases,start] GC(268) Post Compact
[91.875s][info][gc,phases      ] GC(268) Post Compact 12.669ms
[91.876s][info][gc,heap        ] GC(268) PSYoungGen: 97279K(320512K)->97279K(320512K) Eden: 97279K(97280K)->97279K(97280K) From: 0K(223232K)->0K(223232K)
[91.876s][info][gc,heap        ] GC(268) ParOldGen: 5188260K(5188608K)->5188260K(5188608K)
[91.876s][info][gc,metaspace   ] GC(268) Metaspace: 6298K(6464K)->6298K(6464K) NonClass: 5765K(5824K)->5765K(5824K) Class: 533K(640K)->533K(640K)
[91.876s][info][gc             ] GC(268) Pause Full (Ergonomics) 5161M->5161M(5380M) 1669.479ms
[91.876s][info][gc,cpu         ] GC(268) User=12.92s Sys=0.00s Real=1.67s
[91.876s][info][gc,start       ] GC(269) Pause Full (Ergonomics)
[91.876s][info][gc,phases,start] GC(269) Marking Phase
[93.132s][info][gc,phases      ] GC(269) Marking Phase 1256.042ms
[93.132s][info][gc,phases,start] GC(269) Summary Phase
[93.132s][info][gc,phases      ] GC(269) Summary Phase 0.056ms
[93.132s][info][gc,phases,start] GC(269) Adjust Roots
[93.132s][info][gc,phases      ] GC(269) Adjust Roots 0.211ms
[93.132s][info][gc,phases,start] GC(269) Compaction Phase
[93.515s][info][gc,phases      ] GC(269) Compaction Phase 382.663ms
[93.515s][info][gc,phases,start] GC(269) Post Compact
[93.523s][info][gc,phases      ] GC(269) Post Compact 7.402ms
[93.523s][info][gc,heap        ] GC(269) PSYoungGen: 97279K(320512K)->97279K(320512K) Eden: 97279K(97280K)->97279K(97280K) From: 0K(223232K)->0K(223232K)
[93.523s][info][gc,heap        ] GC(269) ParOldGen: 5188265K(5188608K)->5188265K(5188608K)
[93.523s][info][gc,metaspace   ] GC(269) Metaspace: 6298K(6464K)->6298K(6464K) NonClass: 5765K(5824K)->5765K(5824K) Class: 533K(640K)->533K(640K)
[93.523s][info][gc             ] GC(269) Pause Full (Ergonomics) 5161M->5161M(5380M) 1646.722ms
[93.523s][info][gc,cpu         ] GC(269) User=12.72s Sys=0.03s Real=1.65s
[93.523s][info][gc,start       ] GC(270) Pause Full (Ergonomics)
[93.523s][info][gc,phases,start] GC(270) Marking Phase
[94.782s][info][gc,phases      ] GC(270) Marking Phase 1259.236ms
[94.782s][info][gc,phases,start] GC(270) Summary Phase
[94.782s][info][gc,phases      ] GC(270) Summary Phase 0.078ms
[94.782s][info][gc,phases,start] GC(270) Adjust Roots
[94.782s][info][gc,phases      ] GC(270) Adjust Roots 0.176ms
[94.783s][info][gc,phases,start] GC(270) Compaction Phase
[95.205s][info][gc,phases      ] GC(270) Compaction Phase 422.860ms
[95.205s][info][gc,phases,start] GC(270) Post Compact
[95.213s][info][gc,phases      ] GC(270) Post Compact 7.867ms
[95.213s][info][gc,heap        ] GC(270) PSYoungGen: 97279K(320512K)->97279K(320512K) Eden: 97279K(97280K)->97279K(97280K) From: 0K(223232K)->0K(223232K)
[95.213s][info][gc,heap        ] GC(270) ParOldGen: 5188270K(5188608K)->5188270K(5188608K)
[95.213s][info][gc,metaspace   ] GC(270) Metaspace: 6298K(6464K)->6298K(6464K) NonClass: 5765K(5824K)->5765K(5824K) Class: 533K(640K)->533K(640K)
[95.213s][info][gc             ] GC(270) Pause Full (Ergonomics) 5161M->5161M(5380M) 1690.544ms
[95.213s][info][gc,cpu         ] GC(270) User=12.55s Sys=0.00s Real=1.69s
[95.214s][info][gc,start       ] GC(271) Pause Full (Ergonomics)
[95.214s][info][gc,phases,start] GC(271) Marking Phase
[96.455s][info][gc,phases      ] GC(271) Marking Phase 1241.082ms
[96.455s][info][gc,phases,start] GC(271) Summary Phase
[96.455s][info][gc,phases      ] GC(271) Summary Phase 0.057ms
[96.455s][info][gc,phases,start] GC(271) Adjust Roots
[96.455s][info][gc,phases      ] GC(271) Adjust Roots 0.163ms
[96.455s][info][gc,phases,start] GC(271) Compaction Phase
[96.818s][info][gc,phases      ] GC(271) Compaction Phase 363.062ms
[96.818s][info][gc,phases,start] GC(271) Post Compact
[96.826s][info][gc,phases      ] GC(271) Post Compact 7.708ms
[96.826s][info][gc,heap        ] GC(271) PSYoungGen: 97279K(320512K)->97279K(320512K) Eden: 97279K(97280K)->97279K(97280K) From: 0K(223232K)->0K(223232K)
[96.826s][info][gc,heap        ] GC(271) ParOldGen: 5188274K(5188608K)->5188274K(5188608K)
[96.826s][info][gc,metaspace   ] GC(271) Metaspace: 6298K(6464K)->6298K(6464K) NonClass: 5765K(5824K)->5765K(5824K) Class: 533K(640K)->533K(640K)
[96.826s][info][gc             ] GC(271) Pause Full (Ergonomics) 5161M->5161M(5380M) 1612.399ms
[96.826s][info][gc,cpu         ] GC(271) User=12.55s Sys=0.00s Real=1.61s
[96.826s][info][gc,start       ] GC(272) Pause Full (Ergonomics)
[96.826s][info][gc,phases,start] GC(272) Marking Phase
[98.072s][info][gc,phases      ] GC(272) Marking Phase 1245.426ms
[98.072s][info][gc,phases,start] GC(272) Summary Phase
[98.072s][info][gc,phases      ] GC(272) Summary Phase 0.062ms
[98.072s][info][gc,phases,start] GC(272) Adjust Roots
[98.072s][info][gc,phases      ] GC(272) Adjust Roots 0.187ms
[98.072s][info][gc,phases,start] GC(272) Compaction Phase
[98.436s][info][gc,phases      ] GC(272) Compaction Phase 363.987ms
[98.436s][info][gc,phases,start] GC(272) Post Compact
[98.444s][info][gc,phases      ] GC(272) Post Compact 8.170ms
[98.444s][info][gc,heap        ] GC(272) PSYoungGen: 97279K(320512K)->97279K(320512K) Eden: 97279K(97280K)->97279K(97280K) From: 0K(223232K)->0K(223232K)
[98.444s][info][gc,heap        ] GC(272) ParOldGen: 5188279K(5188608K)->5188279K(5188608K)
[98.444s][info][gc,metaspace   ] GC(272) Metaspace: 6298K(6464K)->6298K(6464K) NonClass: 5765K(5824K)->5765K(5824K) Class: 533K(640K)->533K(640K)
[98.444s][info][gc             ] GC(272) Pause Full (Ergonomics) 5161M->5161M(5380M) 1618.199ms
[98.444s][info][gc,cpu         ] GC(272) User=12.55s Sys=0.02s Real=1.62s
[98.445s][info][gc,start       ] GC(273) Pause Full (Ergonomics)
[98.445s][info][gc,phases,start] GC(273) Marking Phase
[99.689s][info][gc,phases      ] GC(273) Marking Phase 1244.269ms
[99.689s][info][gc,phases,start] GC(273) Summary Phase
[99.689s][info][gc,phases      ] GC(273) Summary Phase 0.068ms
[99.689s][info][gc,phases,start] GC(273) Adjust Roots
[99.689s][info][gc,phases      ] GC(273) Adjust Roots 0.273ms
[99.689s][info][gc,phases,start] GC(273) Compaction Phase
[100.047s][info][gc,phases      ] GC(273) Compaction Phase 357.496ms
[100.047s][info][gc,phases,start] GC(273) Post Compact
[100.054s][info][gc,phases      ] GC(273) Post Compact 7.027ms
[100.054s][info][gc,heap        ] GC(273) PSYoungGen: 97279K(320512K)->97279K(320512K) Eden: 97279K(97280K)->97279K(97280K) From: 0K(223232K)->0K(223232K)
[100.054s][info][gc,heap        ] GC(273) ParOldGen: 5188284K(5188608K)->5188284K(5188608K)
[100.054s][info][gc,metaspace   ] GC(273) Metaspace: 6298K(6464K)->6298K(6464K) NonClass: 5765K(5824K)->5765K(5824K) Class: 533K(640K)->533K(640K)
[100.054s][info][gc             ] GC(273) Pause Full (Ergonomics) 5161M->5161M(5380M) 1609.470ms
[100.054s][info][gc,cpu         ] GC(273) User=12.44s Sys=0.00s Real=1.61s
[100.054s][info][gc,start       ] GC(274) Pause Full (Ergonomics)
[100.054s][info][gc,phases,start] GC(274) Marking Phase
[101.285s][info][gc,phases      ] GC(274) Marking Phase 1230.819ms
[101.285s][info][gc,phases,start] GC(274) Summary Phase
[101.285s][info][gc,phases      ] GC(274) Summary Phase 0.056ms
[101.285s][info][gc,phases,start] GC(274) Adjust Roots
[101.286s][info][gc,phases      ] GC(274) Adjust Roots 0.164ms
[101.286s][info][gc,phases,start] GC(274) Compaction Phase
[101.629s][info][gc,phases      ] GC(274) Compaction Phase 343.374ms
[101.629s][info][gc,phases,start] GC(274) Post Compact
[101.636s][info][gc,phases      ] GC(274) Post Compact 7.178ms
[101.636s][info][gc,heap        ] GC(274) PSYoungGen: 97279K(320512K)->97279K(320512K) Eden: 97279K(97280K)->97279K(97280K) From: 0K(223232K)->0K(223232K)
[101.636s][info][gc,heap        ] GC(274) ParOldGen: 5188289K(5188608K)->5188289K(5188608K)
[101.636s][info][gc,metaspace   ] GC(274) Metaspace: 6298K(6464K)->6298K(6464K) NonClass: 5765K(5824K)->5765K(5824K) Class: 533K(640K)->533K(640K)
[101.636s][info][gc             ] GC(274) Pause Full (Ergonomics) 5161M->5161M(5380M) 1581.910ms
[101.636s][info][gc,cpu         ] GC(274) User=12.25s Sys=0.00s Real=1.58s
[101.636s][info][gc,start       ] GC(275) Pause Full (Ergonomics)
[101.637s][info][gc,phases,start] GC(275) Marking Phase
[102.871s][info][gc,phases      ] GC(275) Marking Phase 1234.477ms
[102.871s][info][gc,phases,start] GC(275) Summary Phase
[102.871s][info][gc,phases      ] GC(275) Summary Phase 0.085ms
[102.871s][info][gc,phases,start] GC(275) Adjust Roots
[102.871s][info][gc,phases      ] GC(275) Adjust Roots 0.246ms
[102.871s][info][gc,phases,start] GC(275) Compaction Phase
[103.207s][info][gc,phases      ] GC(275) Compaction Phase 335.547ms
[103.207s][info][gc,phases,start] GC(275) Post Compact
[103.215s][info][gc,phases      ] GC(275) Post Compact 8.344ms
[103.216s][info][gc,heap        ] GC(275) PSYoungGen: 97279K(320512K)->97279K(320512K) Eden: 97279K(97280K)->97279K(97280K) From: 0K(223232K)->0K(223232K)
[103.216s][info][gc,heap        ] GC(275) ParOldGen: 5188294K(5188608K)->5188294K(5188608K)
[103.216s][info][gc,metaspace   ] GC(275) Metaspace: 6298K(6464K)->6298K(6464K) NonClass: 5765K(5824K)->5765K(5824K) Class: 533K(640K)->533K(640K)
[103.216s][info][gc             ] GC(275) Pause Full (Ergonomics) 5161M->5161M(5380M) 1579.080ms
[103.216s][info][gc,cpu         ] GC(275) User=12.16s Sys=0.00s Real=1.58s
[103.216s][info][gc,start       ] GC(276) Pause Full (Ergonomics)
[103.216s][info][gc,phases,start] GC(276) Marking Phase
[104.421s][info][gc,phases      ] GC(276) Marking Phase 1205.235ms
[104.421s][info][gc,phases,start] GC(276) Summary Phase
[104.421s][info][gc,phases      ] GC(276) Summary Phase 0.069ms
[104.421s][info][gc,phases,start] GC(276) Adjust Roots
[104.421s][info][gc,phases      ] GC(276) Adjust Roots 0.218ms
[104.421s][info][gc,phases,start] GC(276) Compaction Phase
[104.749s][info][gc,phases      ] GC(276) Compaction Phase 327.807ms
[104.749s][info][gc,phases,start] GC(276) Post Compact
[104.756s][info][gc,phases      ] GC(276) Post Compact 6.829ms
[104.756s][info][gc,heap        ] GC(276) PSYoungGen: 97279K(320512K)->97279K(320512K) Eden: 97279K(97280K)->97279K(97280K) From: 0K(223232K)->0K(223232K)
[104.756s][info][gc,heap        ] GC(276) ParOldGen: 5188299K(5188608K)->5188299K(5188608K)
[104.756s][info][gc,metaspace   ] GC(276) Metaspace: 6298K(6464K)->6298K(6464K) NonClass: 5765K(5824K)->5765K(5824K) Class: 533K(640K)->533K(640K)
[104.756s][info][gc             ] GC(276) Pause Full (Ergonomics) 5161M->5161M(5380M) 1540.487ms
[104.756s][info][gc,cpu         ] GC(276) User=11.77s Sys=0.00s Real=1.54s
[104.756s][info][gc,start       ] GC(277) Pause Full (Ergonomics)
[104.756s][info][gc,phases,start] GC(277) Marking Phase
[105.992s][info][gc,phases      ] GC(277) Marking Phase 1235.449ms
[105.992s][info][gc,phases,start] GC(277) Summary Phase
[105.992s][info][gc,phases      ] GC(277) Summary Phase 0.058ms
[105.992s][info][gc,phases,start] GC(277) Adjust Roots
[105.992s][info][gc,phases      ] GC(277) Adjust Roots 0.173ms
[105.992s][info][gc,phases,start] GC(277) Compaction Phase
[106.329s][info][gc,phases      ] GC(277) Compaction Phase 336.222ms
[106.329s][info][gc,phases,start] GC(277) Post Compact
[106.335s][info][gc,phases      ] GC(277) Post Compact 6.716ms
[106.335s][info][gc,heap        ] GC(277) PSYoungGen: 97279K(320512K)->97279K(320512K) Eden: 97279K(97280K)->97279K(97280K) From: 0K(223232K)->0K(223232K)
[106.335s][info][gc,heap        ] GC(277) ParOldGen: 5188303K(5188608K)->5188303K(5188608K)
[106.335s][info][gc,metaspace   ] GC(277) Metaspace: 6298K(6464K)->6298K(6464K) NonClass: 5765K(5824K)->5765K(5824K) Class: 533K(640K)->533K(640K)
[106.335s][info][gc             ] GC(277) Pause Full (Ergonomics) 5161M->5161M(5380M) 1578.904ms
[106.335s][info][gc,cpu         ] GC(277) User=12.22s Sys=0.02s Real=1.58s
[106.336s][info][gc,start       ] GC(278) Pause Full (Ergonomics)
[106.336s][info][gc,phases,start] GC(278) Marking Phase
[107.571s][info][gc,phases      ] GC(278) Marking Phase 1235.782ms
[107.571s][info][gc,phases,start] GC(278) Summary Phase
[107.571s][info][gc,phases      ] GC(278) Summary Phase 0.056ms
[107.572s][info][gc,phases,start] GC(278) Adjust Roots
[107.572s][info][gc,phases      ] GC(278) Adjust Roots 0.189ms
[107.572s][info][gc,phases,start] GC(278) Compaction Phase
[107.911s][info][gc,phases      ] GC(278) Compaction Phase 339.045ms
[107.911s][info][gc,phases,start] GC(278) Post Compact
[107.918s][info][gc,phases      ] GC(278) Post Compact 7.323ms
[107.918s][info][gc,heap        ] GC(278) PSYoungGen: 97279K(320512K)->97279K(320512K) Eden: 97279K(97280K)->97279K(97280K) From: 0K(223232K)->0K(223232K)
[107.918s][info][gc,heap        ] GC(278) ParOldGen: 5188308K(5188608K)->5188308K(5188608K)
[107.918s][info][gc,metaspace   ] GC(278) Metaspace: 6298K(6464K)->6298K(6464K) NonClass: 5765K(5824K)->5765K(5824K) Class: 533K(640K)->533K(640K)
[107.918s][info][gc             ] GC(278) Pause Full (Ergonomics) 5161M->5161M(5380M) 1582.723ms
[107.918s][info][gc,cpu         ] GC(278) User=12.14s Sys=0.00s Real=1.58s
[107.918s][info][gc,start       ] GC(279) Pause Full (Ergonomics)
[107.918s][info][gc,phases,start] GC(279) Marking Phase
[109.170s][info][gc,phases      ] GC(279) Marking Phase 1251.032ms
[109.170s][info][gc,phases,start] GC(279) Summary Phase
[109.170s][info][gc,phases      ] GC(279) Summary Phase 0.056ms
[109.170s][info][gc,phases,start] GC(279) Adjust Roots
[109.170s][info][gc,phases      ] GC(279) Adjust Roots 0.188ms
[109.170s][info][gc,phases,start] GC(279) Compaction Phase
[109.516s][info][gc,phases      ] GC(279) Compaction Phase 346.618ms
[109.517s][info][gc,phases,start] GC(279) Post Compact
[109.524s][info][gc,phases      ] GC(279) Post Compact 7.668ms
[109.524s][info][gc,heap        ] GC(279) PSYoungGen: 97279K(320512K)->97279K(320512K) Eden: 97279K(97280K)->97279K(97280K) From: 0K(223232K)->0K(223232K)
[109.524s][info][gc,heap        ] GC(279) ParOldGen: 5188313K(5188608K)->5188313K(5188608K)
[109.524s][info][gc,metaspace   ] GC(279) Metaspace: 6298K(6464K)->6298K(6464K) NonClass: 5765K(5824K)->5765K(5824K) Class: 533K(640K)->533K(640K)
[109.524s][info][gc             ] GC(279) Pause Full (Ergonomics) 5161M->5161M(5380M) 1605.886ms
[109.524s][info][gc,cpu         ] GC(279) User=12.27s Sys=0.00s Real=1.61s
[109.525s][info][gc,start       ] GC(280) Pause Full (Ergonomics)
[109.525s][info][gc,phases,start] GC(280) Marking Phase
[110.732s][info][gc,phases      ] GC(280) Marking Phase 1207.770ms
[110.732s][info][gc,phases,start] GC(280) Summary Phase
[110.732s][info][gc,phases      ] GC(280) Summary Phase 0.057ms
[110.732s][info][gc,phases,start] GC(280) Adjust Roots
[110.733s][info][gc,phases      ] GC(280) Adjust Roots 0.180ms
[110.733s][info][gc,phases,start] GC(280) Compaction Phase
[111.063s][info][gc,phases      ] GC(280) Compaction Phase 330.078ms
[111.063s][info][gc,phases,start] GC(280) Post Compact
[111.070s][info][gc,phases      ] GC(280) Post Compact 6.804ms
[111.070s][info][gc,heap        ] GC(280) PSYoungGen: 97279K(320512K)->97279K(320512K) Eden: 97279K(97280K)->97279K(97280K) From: 0K(223232K)->0K(223232K)
[111.070s][info][gc,heap        ] GC(280) ParOldGen: 5188318K(5188608K)->5188318K(5188608K)
[111.070s][info][gc,metaspace   ] GC(280) Metaspace: 6298K(6464K)->6298K(6464K) NonClass: 5765K(5824K)->5765K(5824K) Class: 533K(640K)->533K(640K)
[111.070s][info][gc             ] GC(280) Pause Full (Ergonomics) 5161M->5161M(5380M) 1545.197ms
[111.070s][info][gc,cpu         ] GC(280) User=11.81s Sys=0.00s Real=1.55s
[111.070s][info][gc,start       ] GC(281) Pause Full (Ergonomics)
[111.070s][info][gc,phases,start] GC(281) Marking Phase
[112.307s][info][gc,phases      ] GC(281) Marking Phase 1237.461ms
[112.307s][info][gc,phases,start] GC(281) Summary Phase
[112.308s][info][gc,phases      ] GC(281) Summary Phase 0.056ms
[112.308s][info][gc,phases,start] GC(281) Adjust Roots
[112.308s][info][gc,phases      ] GC(281) Adjust Roots 0.165ms
[112.308s][info][gc,phases,start] GC(281) Compaction Phase
[112.644s][info][gc,phases      ] GC(281) Compaction Phase 336.087ms
[112.644s][info][gc,phases,start] GC(281) Post Compact
[112.651s][info][gc,phases      ] GC(281) Post Compact 6.755ms
[112.651s][info][gc,heap        ] GC(281) PSYoungGen: 97279K(320512K)->97279K(320512K) Eden: 97279K(97280K)->97279K(97280K) From: 0K(223232K)->0K(223232K)
[112.651s][info][gc,heap        ] GC(281) ParOldGen: 5188323K(5188608K)->5188323K(5188608K)
[112.651s][info][gc,metaspace   ] GC(281) Metaspace: 6298K(6464K)->6298K(6464K) NonClass: 5765K(5824K)->5765K(5824K) Class: 533K(640K)->533K(640K)
[112.651s][info][gc             ] GC(281) Pause Full (Ergonomics) 5161M->5161M(5380M) 1580.895ms
[112.651s][info][gc,cpu         ] GC(281) User=12.22s Sys=0.02s Real=1.58s
[112.651s][info][gc,start       ] GC(282) Pause Full (Ergonomics)
[112.651s][info][gc,phases,start] GC(282) Marking Phase
[113.865s][info][gc,phases      ] GC(282) Marking Phase 1213.777ms
[113.865s][info][gc,phases,start] GC(282) Summary Phase
[113.865s][info][gc,phases      ] GC(282) Summary Phase 0.060ms
[113.865s][info][gc,phases,start] GC(282) Adjust Roots
[113.865s][info][gc,phases      ] GC(282) Adjust Roots 0.180ms
[113.865s][info][gc,phases,start] GC(282) Compaction Phase
[114.204s][info][gc,phases      ] GC(282) Compaction Phase 338.323ms
[114.204s][info][gc,phases,start] GC(282) Post Compact
[114.211s][info][gc,phases      ] GC(282) Post Compact 7.196ms
[114.211s][info][gc,heap        ] GC(282) PSYoungGen: 97279K(320512K)->97279K(320512K) Eden: 97279K(97280K)->97279K(97280K) From: 0K(223232K)->0K(223232K)
[114.211s][info][gc,heap        ] GC(282) ParOldGen: 5188328K(5188608K)->5188328K(5188608K)
[114.211s][info][gc,metaspace   ] GC(282) Metaspace: 6298K(6464K)->6298K(6464K) NonClass: 5765K(5824K)->5765K(5824K) Class: 533K(640K)->533K(640K)
[114.211s][info][gc             ] GC(282) Pause Full (Ergonomics) 5161M->5161M(5380M) 1559.856ms
[114.211s][info][gc,cpu         ] GC(282) User=11.94s Sys=0.00s Real=1.56s
[114.211s][info][gc,start       ] GC(283) Pause Full (Ergonomics)
[114.211s][info][gc,phases,start] GC(283) Marking Phase
[115.417s][info][gc,phases      ] GC(283) Marking Phase 1205.528ms
[115.417s][info][gc,phases,start] GC(283) Summary Phase
[115.417s][info][gc,phases      ] GC(283) Summary Phase 0.105ms
[115.417s][info][gc,phases,start] GC(283) Adjust Roots
[115.417s][info][gc,phases      ] GC(283) Adjust Roots 0.274ms
[115.417s][info][gc,phases,start] GC(283) Compaction Phase
[115.750s][info][gc,phases      ] GC(283) Compaction Phase 332.635ms
[115.750s][info][gc,phases,start] GC(283) Post Compact
[115.758s][info][gc,phases      ] GC(283) Post Compact 8.178ms
[115.758s][info][gc,heap        ] GC(283) PSYoungGen: 97279K(320512K)->97279K(320512K) Eden: 97279K(97280K)->97279K(97280K) From: 0K(223232K)->0K(223232K)
[115.758s][info][gc,heap        ] GC(283) ParOldGen: 5188332K(5188608K)->5188332K(5188608K)
[115.758s][info][gc,metaspace   ] GC(283) Metaspace: 6298K(6464K)->6298K(6464K) NonClass: 5765K(5824K)->5765K(5824K) Class: 533K(640K)->533K(640K)
[115.758s][info][gc             ] GC(283) Pause Full (Ergonomics) 5161M->5161M(5380M) 1547.126ms
[115.758s][info][gc,cpu         ] GC(283) User=12.02s Sys=0.00s Real=1.55s
[115.758s][info][gc,start       ] GC(284) Pause Full (Ergonomics)
[115.758s][info][gc,phases,start] GC(284) Marking Phase
[116.973s][info][gc,phases      ] GC(284) Marking Phase 1214.984ms
[116.973s][info][gc,phases,start] GC(284) Summary Phase
[116.974s][info][gc,phases      ] GC(284) Summary Phase 0.059ms
[116.974s][info][gc,phases,start] GC(284) Adjust Roots
[116.974s][info][gc,phases      ] GC(284) Adjust Roots 0.164ms
[116.974s][info][gc,phases,start] GC(284) Compaction Phase
[117.310s][info][gc,phases      ] GC(284) Compaction Phase 336.218ms
[117.310s][info][gc,phases,start] GC(284) Post Compact
[117.318s][info][gc,phases      ] GC(284) Post Compact 8.089ms
[117.318s][info][gc,heap        ] GC(284) PSYoungGen: 97279K(320512K)->97279K(320512K) Eden: 97279K(97280K)->97279K(97280K) From: 0K(223232K)->0K(223232K)
[117.318s][info][gc,heap        ] GC(284) ParOldGen: 5188337K(5188608K)->5188337K(5188608K)
[117.318s][info][gc,metaspace   ] GC(284) Metaspace: 6298K(6464K)->6298K(6464K) NonClass: 5765K(5824K)->5765K(5824K) Class: 533K(640K)->533K(640K)
[117.318s][info][gc             ] GC(284) Pause Full (Ergonomics) 5161M->5161M(5380M) 1559.825ms
[117.318s][info][gc,cpu         ] GC(284) User=12.05s Sys=0.00s Real=1.56s
[117.318s][info][gc,start       ] GC(285) Pause Full (Ergonomics)
[117.318s][info][gc,phases,start] GC(285) Marking Phase
[118.542s][info][gc,phases      ] GC(285) Marking Phase 1223.227ms
[118.542s][info][gc,phases,start] GC(285) Summary Phase
[118.542s][info][gc,phases      ] GC(285) Summary Phase 0.058ms
[118.542s][info][gc,phases,start] GC(285) Adjust Roots
[118.542s][info][gc,phases      ] GC(285) Adjust Roots 0.166ms
[118.542s][info][gc,phases,start] GC(285) Compaction Phase
[118.879s][info][gc,phases      ] GC(285) Compaction Phase 336.555ms
[118.879s][info][gc,phases,start] GC(285) Post Compact
[118.886s][info][gc,phases      ] GC(285) Post Compact 7.632ms
[118.886s][info][gc,heap        ] GC(285) PSYoungGen: 97279K(320512K)->97279K(320512K) Eden: 97279K(97280K)->97279K(97280K) From: 0K(223232K)->0K(223232K)
[118.886s][info][gc,heap        ] GC(285) ParOldGen: 5188342K(5188608K)->5188342K(5188608K)
[118.886s][info][gc,metaspace   ] GC(285) Metaspace: 6298K(6464K)->6298K(6464K) NonClass: 5765K(5824K)->5765K(5824K) Class: 533K(640K)->533K(640K)
[118.886s][info][gc             ] GC(285) Pause Full (Ergonomics) 5161M->5161M(5380M) 1567.971ms
[118.886s][info][gc,cpu         ] GC(285) User=12.16s Sys=0.00s Real=1.57s
[118.887s][info][gc,start       ] GC(286) Pause Full (Ergonomics)
[118.887s][info][gc,phases,start] GC(286) Marking Phase
[120.101s][info][gc,phases      ] GC(286) Marking Phase 1214.470ms
[120.101s][info][gc,phases,start] GC(286) Summary Phase
[120.101s][info][gc,phases      ] GC(286) Summary Phase 0.070ms
[120.101s][info][gc,phases,start] GC(286) Adjust Roots
[120.101s][info][gc,phases      ] GC(286) Adjust Roots 0.228ms
[120.101s][info][gc,phases,start] GC(286) Compaction Phase
[120.438s][info][gc,phases      ] GC(286) Compaction Phase 336.512ms
[120.438s][info][gc,phases,start] GC(286) Post Compact
[120.446s][info][gc,phases      ] GC(286) Post Compact 7.579ms
[120.446s][info][gc,heap        ] GC(286) PSYoungGen: 97279K(320512K)->97279K(320512K) Eden: 97279K(97280K)->97279K(97280K) From: 0K(223232K)->0K(223232K)
[120.446s][info][gc,heap        ] GC(286) ParOldGen: 5188347K(5188608K)->5188347K(5188608K)
[120.446s][info][gc,metaspace   ] GC(286) Metaspace: 6298K(6464K)->6298K(6464K) NonClass: 5765K(5824K)->5765K(5824K) Class: 533K(640K)->533K(640K)
[120.446s][info][gc             ] GC(286) Pause Full (Ergonomics) 5161M->5161M(5380M) 1559.219ms
[120.446s][info][gc,cpu         ] GC(286) User=12.00s Sys=0.00s Real=1.56s
[120.446s][info][gc,start       ] GC(287) Pause Full (Ergonomics)
[120.446s][info][gc,phases,start] GC(287) Marking Phase
[121.665s][info][gc,phases      ] GC(287) Marking Phase 1219.464ms
[121.666s][info][gc,phases,start] GC(287) Summary Phase
[121.666s][info][gc,phases      ] GC(287) Summary Phase 0.057ms
[121.666s][info][gc,phases,start] GC(287) Adjust Roots
[121.666s][info][gc,phases      ] GC(287) Adjust Roots 0.166ms
[121.666s][info][gc,phases,start] GC(287) Compaction Phase
[121.999s][info][gc,phases      ] GC(287) Compaction Phase 333.254ms
[121.999s][info][gc,phases,start] GC(287) Post Compact
[122.007s][info][gc,phases      ] GC(287) Post Compact 8.033ms
[122.007s][info][gc,heap        ] GC(287) PSYoungGen: 97279K(320512K)->97279K(320512K) Eden: 97279K(97280K)->97279K(97280K) From: 0K(223232K)->0K(223232K)
[122.007s][info][gc,heap        ] GC(287) ParOldGen: 5188352K(5188608K)->5188352K(5188608K)
[122.007s][info][gc,metaspace   ] GC(287) Metaspace: 6298K(6464K)->6298K(6464K) NonClass: 5765K(5824K)->5765K(5824K) Class: 533K(640K)->533K(640K)
[122.007s][info][gc             ] GC(287) Pause Full (Ergonomics) 5161M->5161M(5380M) 1561.302ms
[122.007s][info][gc,cpu         ] GC(287) User=12.12s Sys=0.00s Real=1.56s
[122.008s][info][gc,start       ] GC(288) Pause Full (Ergonomics)
[122.008s][info][gc,phases,start] GC(288) Marking Phase
[123.234s][info][gc,phases      ] GC(288) Marking Phase 1226.729ms
[123.234s][info][gc,phases,start] GC(288) Summary Phase
[123.234s][info][gc,phases      ] GC(288) Summary Phase 0.061ms
[123.234s][info][gc,phases,start] GC(288) Adjust Roots
[123.235s][info][gc,phases      ] GC(288) Adjust Roots 0.183ms
[123.235s][info][gc,phases,start] GC(288) Compaction Phase
[123.571s][info][gc,phases      ] GC(288) Compaction Phase 336.313ms
[123.571s][info][gc,phases,start] GC(288) Post Compact
[123.578s][info][gc,phases      ] GC(288) Post Compact 6.793ms
[123.578s][info][gc,heap        ] GC(288) PSYoungGen: 97279K(320512K)->97279K(320512K) Eden: 97279K(97280K)->97279K(97280K) From: 0K(223232K)->0K(223232K)
[123.578s][info][gc,heap        ] GC(288) ParOldGen: 5188357K(5188608K)->5188357K(5188608K)
[123.578s][info][gc,metaspace   ] GC(288) Metaspace: 6298K(6464K)->6298K(6464K) NonClass: 5765K(5824K)->5765K(5824K) Class: 533K(640K)->533K(640K)
[123.578s][info][gc             ] GC(288) Pause Full (Ergonomics) 5161M->5161M(5380M) 1570.438ms
[123.578s][info][gc,cpu         ] GC(288) User=11.95s Sys=0.00s Real=1.57s
[123.578s][info][gc,start       ] GC(289) Pause Full (Ergonomics)
[123.578s][info][gc,phases,start] GC(289) Marking Phase
[124.806s][info][gc,phases      ] GC(289) Marking Phase 1227.848ms
[124.806s][info][gc,phases,start] GC(289) Summary Phase
[124.806s][info][gc,phases      ] GC(289) Summary Phase 0.056ms
[124.806s][info][gc,phases,start] GC(289) Adjust Roots
[124.806s][info][gc,phases      ] GC(289) Adjust Roots 0.168ms
[124.806s][info][gc,phases,start] GC(289) Compaction Phase
[125.148s][info][gc,phases      ] GC(289) Compaction Phase 341.797ms
[125.148s][info][gc,phases,start] GC(289) Post Compact
[125.156s][info][gc,phases      ] GC(289) Post Compact 8.199ms
[125.157s][info][gc,heap        ] GC(289) PSYoungGen: 97279K(320512K)->97279K(320512K) Eden: 97279K(97280K)->97279K(97280K) From: 0K(223232K)->0K(223232K)
[125.157s][info][gc,heap        ] GC(289) ParOldGen: 5188361K(5188608K)->5188361K(5188608K)
[125.157s][info][gc,metaspace   ] GC(289) Metaspace: 6298K(6464K)->6298K(6464K) NonClass: 5765K(5824K)->5765K(5824K) Class: 533K(640K)->533K(640K)
[125.157s][info][gc             ] GC(289) Pause Full (Ergonomics) 5161M->5161M(5380M) 1578.397ms
[125.157s][info][gc,cpu         ] GC(289) User=12.22s Sys=0.00s Real=1.58s
[125.157s][info][gc,start       ] GC(290) Pause Full (Ergonomics)
[125.157s][info][gc,phases,start] GC(290) Marking Phase
[126.380s][info][gc,phases      ] GC(290) Marking Phase 1222.983ms
[126.380s][info][gc,phases,start] GC(290) Summary Phase
[126.380s][info][gc,phases      ] GC(290) Summary Phase 0.057ms
[126.380s][info][gc,phases,start] GC(290) Adjust Roots
[126.380s][info][gc,phases      ] GC(290) Adjust Roots 0.170ms
[126.380s][info][gc,phases,start] GC(290) Compaction Phase
[126.714s][info][gc,phases      ] GC(290) Compaction Phase 333.448ms
[126.714s][info][gc,phases,start] GC(290) Post Compact
[126.720s][info][gc,phases      ] GC(290) Post Compact 6.736ms
[126.720s][info][gc,heap        ] GC(290) PSYoungGen: 97279K(320512K)->97279K(320512K) Eden: 97279K(97280K)->97279K(97280K) From: 0K(223232K)->0K(223232K)
[126.720s][info][gc,heap        ] GC(290) ParOldGen: 5188366K(5188608K)->5188366K(5188608K)
[126.720s][info][gc,metaspace   ] GC(290) Metaspace: 6298K(6464K)->6298K(6464K) NonClass: 5765K(5824K)->5765K(5824K) Class: 533K(640K)->533K(640K)
[126.720s][info][gc             ] GC(290) Pause Full (Ergonomics) 5161M->5161M(5380M) 1563.709ms
[126.720s][info][gc,cpu         ] GC(290) User=11.98s Sys=0.02s Real=1.56s
[126.721s][info][gc,start       ] GC(291) Pause Full (Ergonomics)
[126.721s][info][gc,phases,start] GC(291) Marking Phase
[127.953s][info][gc,phases      ] GC(291) Marking Phase 1232.024ms
[127.953s][info][gc,phases,start] GC(291) Summary Phase
[127.953s][info][gc,phases      ] GC(291) Summary Phase 0.057ms
[127.953s][info][gc,phases,start] GC(291) Adjust Roots
[127.953s][info][gc,phases      ] GC(291) Adjust Roots 0.170ms
[127.953s][info][gc,phases,start] GC(291) Compaction Phase
[128.291s][info][gc,phases      ] GC(291) Compaction Phase 337.958ms
[128.291s][info][gc,phases,start] GC(291) Post Compact
[128.298s][info][gc,phases      ] GC(291) Post Compact 6.855ms
[128.298s][info][gc,heap        ] GC(291) PSYoungGen: 97279K(320512K)->97279K(320512K) Eden: 97279K(97280K)->97279K(97280K) From: 0K(223232K)->0K(223232K)
[128.298s][info][gc,heap        ] GC(291) ParOldGen: 5188371K(5188608K)->5188371K(5188608K)
[128.298s][info][gc,metaspace   ] GC(291) Metaspace: 6298K(6464K)->6298K(6464K) NonClass: 5765K(5824K)->5765K(5824K) Class: 533K(640K)->533K(640K)
[128.298s][info][gc             ] GC(291) Pause Full (Ergonomics) 5161M->5161M(5380M) 1577.453ms
[128.298s][info][gc,cpu         ] GC(291) User=12.00s Sys=0.00s Real=1.58s
[128.298s][info][gc,start       ] GC(292) Pause Full (Ergonomics)
[128.298s][info][gc,phases,start] GC(292) Marking Phase
[129.522s][info][gc,phases      ] GC(292) Marking Phase 1223.374ms
[129.522s][info][gc,phases,start] GC(292) Summary Phase
[129.522s][info][gc,phases      ] GC(292) Summary Phase 0.056ms
[129.522s][info][gc,phases,start] GC(292) Adjust Roots
[129.522s][info][gc,phases      ] GC(292) Adjust Roots 0.171ms
[129.522s][info][gc,phases,start] GC(292) Compaction Phase
[129.860s][info][gc,phases      ] GC(292) Compaction Phase 337.737ms
[129.860s][info][gc,phases,start] GC(292) Post Compact
[129.866s][info][gc,phases      ] GC(292) Post Compact 6.590ms
[129.866s][info][gc,heap        ] GC(292) PSYoungGen: 97279K(320512K)->97279K(320512K) Eden: 97279K(97280K)->97279K(97280K) From: 0K(223232K)->0K(223232K)
[129.866s][info][gc,heap        ] GC(292) ParOldGen: 5188376K(5188608K)->5188376K(5188608K)
[129.866s][info][gc,metaspace   ] GC(292) Metaspace: 6298K(6464K)->6298K(6464K) NonClass: 5765K(5824K)->5765K(5824K) Class: 533K(640K)->533K(640K)
[129.866s][info][gc             ] GC(292) Pause Full (Ergonomics) 5161M->5161M(5380M) 1568.217ms
[129.867s][info][gc,cpu         ] GC(292) User=12.17s Sys=0.00s Real=1.57s
[129.867s][info][gc,start       ] GC(293) Pause Full (Ergonomics)
[129.867s][info][gc,phases,start] GC(293) Marking Phase
[131.088s][info][gc,phases      ] GC(293) Marking Phase 1221.480ms
[131.088s][info][gc,phases,start] GC(293) Summary Phase
[131.088s][info][gc,phases      ] GC(293) Summary Phase 0.057ms
[131.088s][info][gc,phases,start] GC(293) Adjust Roots
[131.089s][info][gc,phases      ] GC(293) Adjust Roots 0.169ms
[131.089s][info][gc,phases,start] GC(293) Compaction Phase
[131.424s][info][gc,phases      ] GC(293) Compaction Phase 335.332ms
[131.424s][info][gc,phases,start] GC(293) Post Compact
[131.432s][info][gc,phases      ] GC(293) Post Compact 7.976ms
[131.432s][info][gc,heap        ] GC(293) PSYoungGen: 97279K(320512K)->97279K(320512K) Eden: 97279K(97280K)->97279K(97280K) From: 0K(223232K)->0K(223232K)
[131.432s][info][gc,heap        ] GC(293) ParOldGen: 5188381K(5188608K)->5188381K(5188608K)
[131.432s][info][gc,metaspace   ] GC(293) Metaspace: 6298K(6464K)->6298K(6464K) NonClass: 5765K(5824K)->5765K(5824K) Class: 533K(640K)->533K(640K)
[131.432s][info][gc             ] GC(293) Pause Full (Ergonomics) 5161M->5161M(5380M) 1565.344ms
[131.432s][info][gc,cpu         ] GC(293) User=12.06s Sys=0.00s Real=1.56s
[131.432s][info][gc,start       ] GC(294) Pause Full (Ergonomics)
[131.432s][info][gc,phases,start] GC(294) Marking Phase
[132.669s][info][gc,phases      ] GC(294) Marking Phase 1236.592ms
[132.669s][info][gc,phases,start] GC(294) Summary Phase
[132.669s][info][gc,phases      ] GC(294) Summary Phase 0.057ms
[132.669s][info][gc,phases,start] GC(294) Adjust Roots
[132.669s][info][gc,phases      ] GC(294) Adjust Roots 0.166ms
[132.669s][info][gc,phases,start] GC(294) Compaction Phase
[133.003s][info][gc,phases      ] GC(294) Compaction Phase 333.464ms
[133.003s][info][gc,phases,start] GC(294) Post Compact
[133.009s][info][gc,phases      ] GC(294) Post Compact 6.768ms
[133.010s][info][gc,heap        ] GC(294) PSYoungGen: 97279K(320512K)->97279K(320512K) Eden: 97279K(97280K)->97279K(97280K) From: 0K(223232K)->0K(223232K)
[133.010s][info][gc,heap        ] GC(294) ParOldGen: 5188386K(5188608K)->5188386K(5188608K)
[133.010s][info][gc,metaspace   ] GC(294) Metaspace: 6298K(6464K)->6298K(6464K) NonClass: 5765K(5824K)->5765K(5824K) Class: 533K(640K)->533K(640K)
[133.010s][info][gc             ] GC(294) Pause Full (Ergonomics) 5161M->5161M(5380M) 1577.363ms
[133.010s][info][gc,cpu         ] GC(294) User=12.08s Sys=0.00s Real=1.58s
[133.010s][info][gc,start       ] GC(295) Pause Full (Ergonomics)
[133.010s][info][gc,phases,start] GC(295) Marking Phase
[134.239s][info][gc,phases      ] GC(295) Marking Phase 1229.113ms
[134.239s][info][gc,phases,start] GC(295) Summary Phase
[134.239s][info][gc,phases      ] GC(295) Summary Phase 0.056ms
[134.239s][info][gc,phases,start] GC(295) Adjust Roots
[134.239s][info][gc,phases      ] GC(295) Adjust Roots 0.165ms
[134.239s][info][gc,phases,start] GC(295) Compaction Phase
[134.572s][info][gc,phases      ] GC(295) Compaction Phase 332.292ms
[134.572s][info][gc,phases,start] GC(295) Post Compact
[134.578s][info][gc,phases      ] GC(295) Post Compact 6.865ms
[134.579s][info][gc,heap        ] GC(295) PSYoungGen: 97279K(320512K)->97279K(320512K) Eden: 97279K(97280K)->97279K(97280K) From: 0K(223232K)->0K(223232K)
[134.579s][info][gc,heap        ] GC(295) ParOldGen: 5188390K(5188608K)->5188390K(5188608K)
[134.579s][info][gc,metaspace   ] GC(295) Metaspace: 6298K(6464K)->6298K(6464K) NonClass: 5765K(5824K)->5765K(5824K) Class: 533K(640K)->533K(640K)
[134.579s][info][gc             ] GC(295) Pause Full (Ergonomics) 5161M->5161M(5380M) 1568.824ms
[134.579s][info][gc,cpu         ] GC(295) User=12.11s Sys=0.00s Real=1.57s
[134.579s][info][gc,start       ] GC(296) Pause Full (Ergonomics)
[134.579s][info][gc,phases,start] GC(296) Marking Phase
[135.781s][info][gc,phases      ] GC(296) Marking Phase 1202.545ms
[135.781s][info][gc,phases,start] GC(296) Summary Phase
[135.781s][info][gc,phases      ] GC(296) Summary Phase 0.056ms
[135.781s][info][gc,phases,start] GC(296) Adjust Roots
[135.782s][info][gc,phases      ] GC(296) Adjust Roots 0.176ms
[135.782s][info][gc,phases,start] GC(296) Compaction Phase
[136.124s][info][gc,phases      ] GC(296) Compaction Phase 342.005ms
[136.124s][info][gc,phases,start] GC(296) Post Compact
[136.131s][info][gc,phases      ] GC(296) Post Compact 7.593ms
[136.131s][info][gc,heap        ] GC(296) PSYoungGen: 97279K(320512K)->97279K(320512K) Eden: 97279K(97280K)->97279K(97280K) From: 0K(223232K)->0K(223232K)
[136.131s][info][gc,heap        ] GC(296) ParOldGen: 5188395K(5188608K)->5188395K(5188608K)
[136.131s][info][gc,metaspace   ] GC(296) Metaspace: 6298K(6464K)->6298K(6464K) NonClass: 5765K(5824K)->5765K(5824K) Class: 533K(640K)->533K(640K)
[136.132s][info][gc             ] GC(296) Pause Full (Ergonomics) 5161M->5161M(5380M) 1552.734ms
[136.132s][info][gc,cpu         ] GC(296) User=11.83s Sys=0.00s Real=1.55s
[136.132s][info][gc,start       ] GC(297) Pause Full (Ergonomics)
[136.132s][info][gc,phases,start] GC(297) Marking Phase
[137.348s][info][gc,phases      ] GC(297) Marking Phase 1215.786ms
[137.348s][info][gc,phases,start] GC(297) Summary Phase
[137.348s][info][gc,phases      ] GC(297) Summary Phase 0.057ms
[137.348s][info][gc,phases,start] GC(297) Adjust Roots
[137.348s][info][gc,phases      ] GC(297) Adjust Roots 0.193ms
[137.348s][info][gc,phases,start] GC(297) Compaction Phase
[137.682s][info][gc,phases      ] GC(297) Compaction Phase 334.189ms
[137.682s][info][gc,phases,start] GC(297) Post Compact
[137.690s][info][gc,phases      ] GC(297) Post Compact 8.016ms
[137.690s][info][gc,heap        ] GC(297) PSYoungGen: 97279K(320512K)->97279K(320512K) Eden: 97279K(97280K)->97279K(97280K) From: 0K(223232K)->0K(223232K)
[137.690s][info][gc,heap        ] GC(297) ParOldGen: 5188400K(5188608K)->5188400K(5188608K)
[137.690s][info][gc,metaspace   ] GC(297) Metaspace: 6298K(6464K)->6298K(6464K) NonClass: 5765K(5824K)->5765K(5824K) Class: 533K(640K)->533K(640K)
[137.690s][info][gc             ] GC(297) Pause Full (Ergonomics) 5161M->5161M(5380M) 1558.569ms
[137.690s][info][gc,cpu         ] GC(297) User=12.00s Sys=0.00s Real=1.56s
[137.690s][info][gc,start       ] GC(298) Pause Full (Ergonomics)
[137.690s][info][gc,phases,start] GC(298) Marking Phase
[138.915s][info][gc,phases      ] GC(298) Marking Phase 1224.855ms
[138.915s][info][gc,phases,start] GC(298) Summary Phase
[138.915s][info][gc,phases      ] GC(298) Summary Phase 0.062ms
[138.915s][info][gc,phases,start] GC(298) Adjust Roots
[138.916s][info][gc,phases      ] GC(298) Adjust Roots 0.165ms
[138.916s][info][gc,phases,start] GC(298) Compaction Phase
[139.252s][info][gc,phases      ] GC(298) Compaction Phase 336.704ms
[139.252s][info][gc,phases,start] GC(298) Post Compact
[139.259s][info][gc,phases      ] GC(298) Post Compact 6.590ms
[139.259s][info][gc,heap        ] GC(298) PSYoungGen: 97279K(320512K)->97279K(320512K) Eden: 97279K(97280K)->97279K(97280K) From: 0K(223232K)->0K(223232K)
[139.259s][info][gc,heap        ] GC(298) ParOldGen: 5188405K(5188608K)->5188405K(5188608K)
[139.259s][info][gc,metaspace   ] GC(298) Metaspace: 6298K(6464K)->6298K(6464K) NonClass: 5765K(5824K)->5765K(5824K) Class: 533K(640K)->533K(640K)
[139.259s][info][gc             ] GC(298) Pause Full (Ergonomics) 5161M->5161M(5380M) 1568.675ms
[139.259s][info][gc,cpu         ] GC(298) User=12.16s Sys=0.00s Real=1.57s
[139.259s][info][gc,start       ] GC(299) Pause Full (Ergonomics)
[139.259s][info][gc,phases,start] GC(299) Marking Phase
[140.487s][info][gc,phases      ] GC(299) Marking Phase 1227.305ms
[140.487s][info][gc,phases,start] GC(299) Summary Phase
[140.487s][info][gc,phases      ] GC(299) Summary Phase 0.057ms
[140.487s][info][gc,phases,start] GC(299) Adjust Roots
[140.487s][info][gc,phases      ] GC(299) Adjust Roots 0.167ms
[140.487s][info][gc,phases,start] GC(299) Compaction Phase
[140.829s][info][gc,phases      ] GC(299) Compaction Phase 341.821ms
[140.829s][info][gc,phases,start] GC(299) Post Compact
[140.837s][info][gc,phases      ] GC(299) Post Compact 8.236ms
[140.837s][info][gc,heap        ] GC(299) PSYoungGen: 97279K(320512K)->97279K(320512K) Eden: 97279K(97280K)->97279K(97280K) From: 0K(223232K)->0K(223232K)
[140.837s][info][gc,heap        ] GC(299) ParOldGen: 5188410K(5188608K)->5188410K(5188608K)
[140.837s][info][gc,metaspace   ] GC(299) Metaspace: 6298K(6464K)->6298K(6464K) NonClass: 5765K(5824K)->5765K(5824K) Class: 533K(640K)->533K(640K)
[140.837s][info][gc             ] GC(299) Pause Full (Ergonomics) 5161M->5161M(5380M) 1577.919ms
[140.837s][info][gc,cpu         ] GC(299) User=12.08s Sys=0.02s Real=1.58s
[140.837s][info][gc,start       ] GC(300) Pause Full (Ergonomics)
[140.837s][info][gc,phases,start] GC(300) Marking Phase
[142.056s][info][gc,phases      ] GC(300) Marking Phase 1218.734ms
[142.056s][info][gc,phases,start] GC(300) Summary Phase
[142.056s][info][gc,phases      ] GC(300) Summary Phase 0.059ms
[142.056s][info][gc,phases,start] GC(300) Adjust Roots
[142.057s][info][gc,phases      ] GC(300) Adjust Roots 0.174ms
[142.057s][info][gc,phases,start] GC(300) Compaction Phase
[142.398s][info][gc,phases      ] GC(300) Compaction Phase 341.668ms
[142.398s][info][gc,phases,start] GC(300) Post Compact
[142.407s][info][gc,phases      ] GC(300) Post Compact 8.827ms
[142.407s][info][gc,heap        ] GC(300) PSYoungGen: 97279K(320512K)->97279K(320512K) Eden: 97279K(97280K)->97279K(97280K) From: 0K(223232K)->0K(223232K)
[142.407s][info][gc,heap        ] GC(300) ParOldGen: 5188415K(5188608K)->5188415K(5188608K)
[142.407s][info][gc,metaspace   ] GC(300) Metaspace: 6298K(6464K)->6298K(6464K) NonClass: 5765K(5824K)->5765K(5824K) Class: 533K(640K)->533K(640K)
[142.407s][info][gc             ] GC(300) Pause Full (Ergonomics) 5161M->5161M(5380M) 1569.846ms
[142.407s][info][gc,cpu         ] GC(300) User=12.02s Sys=0.00s Real=1.57s
[142.407s][info][gc,start       ] GC(301) Pause Full (Ergonomics)
[142.408s][info][gc,phases,start] GC(301) Marking Phase
[143.649s][info][gc,phases      ] GC(301) Marking Phase 1241.461ms
[143.649s][info][gc,phases,start] GC(301) Summary Phase
[143.649s][info][gc,phases      ] GC(301) Summary Phase 0.058ms
[143.649s][info][gc,phases,start] GC(301) Adjust Roots
[143.649s][info][gc,phases      ] GC(301) Adjust Roots 0.164ms
[143.649s][info][gc,phases,start] GC(301) Compaction Phase
[143.993s][info][gc,phases      ] GC(301) Compaction Phase 344.090ms
[143.993s][info][gc,phases,start] GC(301) Post Compact
[144.001s][info][gc,phases      ] GC(301) Post Compact 7.977ms
[144.002s][info][gc,heap        ] GC(301) PSYoungGen: 97279K(320512K)->97279K(320512K) Eden: 97279K(97280K)->97279K(97280K) From: 0K(223232K)->0K(223232K)
[144.002s][info][gc,heap        ] GC(301) ParOldGen: 5188419K(5188608K)->5188419K(5188608K)
[144.002s][info][gc,metaspace   ] GC(301) Metaspace: 6298K(6464K)->6298K(6464K) NonClass: 5765K(5824K)->5765K(5824K) Class: 533K(640K)->533K(640K)
[144.002s][info][gc             ] GC(301) Pause Full (Ergonomics) 5161M->5161M(5380M) 1594.094ms
[144.002s][info][gc,cpu         ] GC(301) User=12.30s Sys=0.03s Real=1.59s
[144.002s][info][gc,start       ] GC(302) Pause Full (Ergonomics)
[144.002s][info][gc,phases,start] GC(302) Marking Phase
[145.219s][info][gc,phases      ] GC(302) Marking Phase 1217.113ms
[145.219s][info][gc,phases,start] GC(302) Summary Phase
[145.219s][info][gc,phases      ] GC(302) Summary Phase 0.063ms
[145.219s][info][gc,phases,start] GC(302) Adjust Roots
[145.219s][info][gc,phases      ] GC(302) Adjust Roots 0.168ms
[145.219s][info][gc,phases,start] GC(302) Compaction Phase
[145.561s][info][gc,phases      ] GC(302) Compaction Phase 341.953ms
[145.561s][info][gc,phases,start] GC(302) Post Compact
[145.569s][info][gc,phases      ] GC(302) Post Compact 7.877ms
[145.569s][info][gc,heap        ] GC(302) PSYoungGen: 97279K(320512K)->97279K(320512K) Eden: 97279K(97280K)->97279K(97280K) From: 0K(223232K)->0K(223232K)
[145.569s][info][gc,heap        ] GC(302) ParOldGen: 5188424K(5188608K)->5188424K(5188608K)
[145.569s][info][gc,metaspace   ] GC(302) Metaspace: 6298K(6464K)->6298K(6464K) NonClass: 5765K(5824K)->5765K(5824K) Class: 533K(640K)->533K(640K)
[145.569s][info][gc             ] GC(302) Pause Full (Ergonomics) 5161M->5161M(5380M) 1567.490ms
[145.569s][info][gc,cpu         ] GC(302) User=11.91s Sys=0.00s Real=1.57s
[145.569s][info][gc,start       ] GC(303) Pause Full (Ergonomics)
[145.569s][info][gc,phases,start] GC(303) Marking Phase
[146.782s][info][gc,phases      ] GC(303) Marking Phase 1212.312ms
[146.782s][info][gc,phases,start] GC(303) Summary Phase
[146.782s][info][gc,phases      ] GC(303) Summary Phase 0.064ms
[146.782s][info][gc,phases,start] GC(303) Adjust Roots
[146.782s][info][gc,phases      ] GC(303) Adjust Roots 0.177ms
[146.782s][info][gc,phases,start] GC(303) Compaction Phase
[147.120s][info][gc,phases      ] GC(303) Compaction Phase 337.716ms
[147.120s][info][gc,phases,start] GC(303) Post Compact
[147.128s][info][gc,phases      ] GC(303) Post Compact 8.249ms
[147.128s][info][gc,heap        ] GC(303) PSYoungGen: 97279K(320512K)->97279K(320512K) Eden: 97279K(97280K)->97279K(97280K) From: 0K(223232K)->0K(223232K)
[147.128s][info][gc,heap        ] GC(303) ParOldGen: 5188429K(5188608K)->5188429K(5188608K)
[147.128s][info][gc,metaspace   ] GC(303) Metaspace: 6298K(6464K)->6298K(6464K) NonClass: 5765K(5824K)->5765K(5824K) Class: 533K(640K)->533K(640K)
[147.128s][info][gc             ] GC(303) Pause Full (Ergonomics) 5161M->5161M(5380M) 1558.825ms
[147.128s][info][gc,cpu         ] GC(303) User=11.94s Sys=0.00s Real=1.56s
[147.128s][info][gc,start       ] GC(304) Pause Full (Ergonomics)
[147.129s][info][gc,phases,start] GC(304) Marking Phase
[148.350s][info][gc,phases      ] GC(304) Marking Phase 1221.635ms
[148.350s][info][gc,phases,start] GC(304) Summary Phase
[148.350s][info][gc,phases      ] GC(304) Summary Phase 0.057ms
[148.350s][info][gc,phases,start] GC(304) Adjust Roots
[148.350s][info][gc,phases      ] GC(304) Adjust Roots 0.167ms
[148.350s][info][gc,phases,start] GC(304) Compaction Phase
[148.693s][info][gc,phases      ] GC(304) Compaction Phase 342.765ms
[148.693s][info][gc,phases,start] GC(304) Post Compact
[148.701s][info][gc,phases      ] GC(304) Post Compact 7.962ms
[148.701s][info][gc,heap        ] GC(304) PSYoungGen: 97279K(320512K)->97279K(320512K) Eden: 97279K(97280K)->97279K(97280K) From: 0K(223232K)->0K(223232K)
[148.701s][info][gc,heap        ] GC(304) ParOldGen: 5188434K(5188608K)->5188434K(5188608K)
[148.701s][info][gc,metaspace   ] GC(304) Metaspace: 6298K(6464K)->6298K(6464K) NonClass: 5765K(5824K)->5765K(5824K) Class: 533K(640K)->533K(640K)
[148.702s][info][gc             ] GC(304) Pause Full (Ergonomics) 5161M->5161M(5380M) 1573.060ms
[148.702s][info][gc,cpu         ] GC(304) User=11.89s Sys=0.02s Real=1.57s
[148.702s][info][gc,start       ] GC(305) Pause Full (Ergonomics)
[148.702s][info][gc,phases,start] GC(305) Marking Phase
[149.929s][info][gc,phases      ] GC(305) Marking Phase 1226.772ms
[149.929s][info][gc,phases,start] GC(305) Summary Phase
[149.929s][info][gc,phases      ] GC(305) Summary Phase 0.063ms
[149.929s][info][gc,phases,start] GC(305) Adjust Roots
[149.929s][info][gc,phases      ] GC(305) Adjust Roots 0.209ms
[149.929s][info][gc,phases,start] GC(305) Compaction Phase
[150.262s][info][gc,phases      ] GC(305) Compaction Phase 332.764ms
[150.262s][info][gc,phases,start] GC(305) Post Compact
[150.268s][info][gc,phases      ] GC(305) Post Compact 6.580ms
[150.268s][info][gc,heap        ] GC(305) PSYoungGen: 97279K(320512K)->97279K(320512K) Eden: 97279K(97280K)->97279K(97280K) From: 0K(223232K)->0K(223232K)
[150.268s][info][gc,heap        ] GC(305) ParOldGen: 5188439K(5188608K)->5188439K(5188608K)
[150.268s][info][gc,metaspace   ] GC(305) Metaspace: 6298K(6464K)->6298K(6464K) NonClass: 5765K(5824K)->5765K(5824K) Class: 533K(640K)->533K(640K)
[150.268s][info][gc             ] GC(305) Pause Full (Ergonomics) 5161M->5161M(5380M) 1566.714ms
[150.268s][info][gc,cpu         ] GC(305) User=12.09s Sys=0.00s Real=1.57s
[150.269s][info][gc,start       ] GC(306) Pause Full (Ergonomics)
[150.269s][info][gc,phases,start] GC(306) Marking Phase
[151.472s][info][gc,phases      ] GC(306) Marking Phase 1203.755ms
[151.472s][info][gc,phases,start] GC(306) Summary Phase
[151.473s][info][gc,phases      ] GC(306) Summary Phase 0.059ms
[151.473s][info][gc,phases,start] GC(306) Adjust Roots
[151.473s][info][gc,phases      ] GC(306) Adjust Roots 0.173ms
[151.473s][info][gc,phases,start] GC(306) Compaction Phase
[151.807s][info][gc,phases      ] GC(306) Compaction Phase 334.263ms
[151.807s][info][gc,phases,start] GC(306) Post Compact
[151.814s][info][gc,phases      ] GC(306) Post Compact 6.619ms
[151.814s][info][gc,heap        ] GC(306) PSYoungGen: 97279K(320512K)->97279K(320512K) Eden: 97279K(97280K)->97279K(97280K) From: 0K(223232K)->0K(223232K)
[151.814s][info][gc,heap        ] GC(306) ParOldGen: 5188444K(5188608K)->5188444K(5188608K)
[151.814s][info][gc,metaspace   ] GC(306) Metaspace: 6298K(6464K)->6298K(6464K) NonClass: 5765K(5824K)->5765K(5824K) Class: 533K(640K)->533K(640K)
[151.814s][info][gc             ] GC(306) Pause Full (Ergonomics) 5161M->5161M(5380M) 1545.192ms
[151.814s][info][gc,cpu         ] GC(306) User=11.98s Sys=0.00s Real=1.55s
[151.814s][info][gc,start       ] GC(307) Pause Full (Ergonomics)
[151.814s][info][gc,phases,start] GC(307) Marking Phase
[153.024s][info][gc,phases      ] GC(307) Marking Phase 1209.572ms
[153.024s][info][gc,phases,start] GC(307) Summary Phase
[153.024s][info][gc,phases      ] GC(307) Summary Phase 0.057ms
[153.024s][info][gc,phases,start] GC(307) Adjust Roots
[153.024s][info][gc,phases      ] GC(307) Adjust Roots 0.164ms
[153.024s][info][gc,phases,start] GC(307) Compaction Phase
[153.365s][info][gc,phases      ] GC(307) Compaction Phase 340.956ms
[153.365s][info][gc,phases,start] GC(307) Post Compact
[153.372s][info][gc,phases      ] GC(307) Post Compact 6.776ms
[153.372s][info][gc,heap        ] GC(307) PSYoungGen: 97279K(320512K)->97279K(320512K) Eden: 97279K(97280K)->97279K(97280K) From: 0K(223232K)->0K(223232K)
[153.372s][info][gc,heap        ] GC(307) ParOldGen: 5188448K(5188608K)->5188448K(5188608K)
[153.372s][info][gc,metaspace   ] GC(307) Metaspace: 6298K(6464K)->6298K(6464K) NonClass: 5765K(5824K)->5765K(5824K) Class: 533K(640K)->533K(640K)
[153.372s][info][gc             ] GC(307) Pause Full (Ergonomics) 5161M->5161M(5380M) 1557.824ms
[153.372s][info][gc,cpu         ] GC(307) User=12.11s Sys=0.00s Real=1.56s
[153.372s][info][gc,start       ] GC(308) Pause Full (Ergonomics)
[153.372s][info][gc,phases,start] GC(308) Marking Phase
[154.590s][info][gc,phases      ] GC(308) Marking Phase 1217.946ms
[154.590s][info][gc,phases,start] GC(308) Summary Phase
[154.590s][info][gc,phases      ] GC(308) Summary Phase 0.057ms
[154.590s][info][gc,phases,start] GC(308) Adjust Roots
[154.590s][info][gc,phases      ] GC(308) Adjust Roots 0.176ms
[154.590s][info][gc,phases,start] GC(308) Compaction Phase
[154.923s][info][gc,phases      ] GC(308) Compaction Phase 332.474ms
[154.923s][info][gc,phases,start] GC(308) Post Compact
[154.930s][info][gc,phases      ] GC(308) Post Compact 6.817ms
[154.930s][info][gc,heap        ] GC(308) PSYoungGen: 97279K(320512K)->97279K(320512K) Eden: 97279K(97280K)->97279K(97280K) From: 0K(223232K)->0K(223232K)
[154.930s][info][gc,heap        ] GC(308) ParOldGen: 5188453K(5188608K)->5188453K(5188608K)
[154.930s][info][gc,metaspace   ] GC(308) Metaspace: 6298K(6464K)->6298K(6464K) NonClass: 5765K(5824K)->5765K(5824K) Class: 533K(640K)->533K(640K)
[154.930s][info][gc             ] GC(308) Pause Full (Ergonomics) 5161M->5161M(5380M) 1557.786ms
[154.930s][info][gc,cpu         ] GC(308) User=11.80s Sys=0.02s Real=1.56s
[154.930s][info][gc,start       ] GC(309) Pause Full (Ergonomics)
[154.930s][info][gc,phases,start] GC(309) Marking Phase
[156.177s][info][gc,phases      ] GC(309) Marking Phase 1246.646ms
[156.177s][info][gc,phases,start] GC(309) Summary Phase
[156.177s][info][gc,phases      ] GC(309) Summary Phase 0.057ms
[156.177s][info][gc,phases,start] GC(309) Adjust Roots
[156.177s][info][gc,phases      ] GC(309) Adjust Roots 0.172ms
[156.177s][info][gc,phases,start] GC(309) Compaction Phase
[156.517s][info][gc,phases      ] GC(309) Compaction Phase 340.163ms
[156.517s][info][gc,phases,start] GC(309) Post Compact
[156.524s][info][gc,phases      ] GC(309) Post Compact 7.213ms
[156.524s][info][gc,heap        ] GC(309) PSYoungGen: 97279K(320512K)->97279K(320512K) Eden: 97279K(97280K)->97279K(97280K) From: 0K(223232K)->0K(223232K)
[156.525s][info][gc,heap        ] GC(309) ParOldGen: 5188458K(5188608K)->5188458K(5188608K)
[156.525s][info][gc,metaspace   ] GC(309) Metaspace: 6298K(6464K)->6298K(6464K) NonClass: 5765K(5824K)->5765K(5824K) Class: 533K(640K)->533K(640K)
[156.525s][info][gc             ] GC(309) Pause Full (Ergonomics) 5161M->5161M(5380M) 1594.561ms
[156.525s][info][gc,cpu         ] GC(309) User=12.33s Sys=0.02s Real=1.59s
[156.525s][info][gc,start       ] GC(310) Pause Full (Ergonomics)
[156.525s][info][gc,phases,start] GC(310) Marking Phase
[157.757s][info][gc,phases      ] GC(310) Marking Phase 1232.016ms
[157.757s][info][gc,phases,start] GC(310) Summary Phase
[157.757s][info][gc,phases      ] GC(310) Summary Phase 0.064ms
[157.757s][info][gc,phases,start] GC(310) Adjust Roots
[157.757s][info][gc,phases      ] GC(310) Adjust Roots 0.186ms
[157.757s][info][gc,phases,start] GC(310) Compaction Phase
[158.093s][info][gc,phases      ] GC(310) Compaction Phase 335.934ms
[158.093s][info][gc,phases,start] GC(310) Post Compact
[158.100s][info][gc,phases      ] GC(310) Post Compact 7.248ms
[158.100s][info][gc,heap        ] GC(310) PSYoungGen: 97279K(320512K)->97279K(320512K) Eden: 97279K(97280K)->97279K(97280K) From: 0K(223232K)->0K(223232K)
[158.100s][info][gc,heap        ] GC(310) ParOldGen: 5188463K(5188608K)->5188463K(5188608K)
[158.100s][info][gc,metaspace   ] GC(310) Metaspace: 6298K(6464K)->6298K(6464K) NonClass: 5765K(5824K)->5765K(5824K) Class: 533K(640K)->533K(640K)
[158.100s][info][gc             ] GC(310) Pause Full (Ergonomics) 5161M->5161M(5380M) 1575.759ms
[158.100s][info][gc,cpu         ] GC(310) User=12.06s Sys=0.02s Real=1.58s
[158.101s][info][gc,start       ] GC(311) Pause Full (Ergonomics)
[158.101s][info][gc,phases,start] GC(311) Marking Phase
[159.339s][info][gc,phases      ] GC(311) Marking Phase 1238.388ms
[159.339s][info][gc,phases,start] GC(311) Summary Phase
[159.339s][info][gc,phases      ] GC(311) Summary Phase 0.068ms
[159.339s][info][gc,phases,start] GC(311) Adjust Roots
[159.339s][info][gc,phases      ] GC(311) Adjust Roots 0.260ms
[159.339s][info][gc,phases,start] GC(311) Compaction Phase
[159.672s][info][gc,phases      ] GC(311) Compaction Phase 332.241ms
[159.672s][info][gc,phases,start] GC(311) Post Compact
[159.679s][info][gc,phases      ] GC(311) Post Compact 7.219ms
[159.679s][info][gc,heap        ] GC(311) PSYoungGen: 97279K(320512K)->97279K(320512K) Eden: 97279K(97280K)->97279K(97280K) From: 0K(223232K)->0K(223232K)
[159.679s][info][gc,heap        ] GC(311) ParOldGen: 5188468K(5188608K)->5188468K(5188608K)
[159.679s][info][gc,metaspace   ] GC(311) Metaspace: 6298K(6464K)->6298K(6464K) NonClass: 5765K(5824K)->5765K(5824K) Class: 533K(640K)->533K(640K)
[159.679s][info][gc             ] GC(311) Pause Full (Ergonomics) 5161M->5161M(5380M) 1578.473ms
[159.679s][info][gc,cpu         ] GC(311) User=12.23s Sys=0.00s Real=1.58s
[159.679s][info][gc,start       ] GC(312) Pause Full (Ergonomics)
[159.679s][info][gc,phases,start] GC(312) Marking Phase
[160.900s][info][gc,phases      ] GC(312) Marking Phase 1220.550ms
[160.900s][info][gc,phases,start] GC(312) Summary Phase
[160.900s][info][gc,phases      ] GC(312) Summary Phase 0.058ms
[160.900s][info][gc,phases,start] GC(312) Adjust Roots
[160.900s][info][gc,phases      ] GC(312) Adjust Roots 0.165ms
[160.900s][info][gc,phases,start] GC(312) Compaction Phase
[161.234s][info][gc,phases      ] GC(312) Compaction Phase 333.753ms
[161.234s][info][gc,phases,start] GC(312) Post Compact
[161.241s][info][gc,phases      ] GC(312) Post Compact 7.193ms
[161.241s][info][gc,heap        ] GC(312) PSYoungGen: 97279K(320512K)->97279K(320512K) Eden: 97279K(97280K)->97279K(97280K) From: 0K(223232K)->0K(223232K)
[161.241s][info][gc,heap        ] GC(312) ParOldGen: 5188473K(5188608K)->5188473K(5188608K)
[161.241s][info][gc,metaspace   ] GC(312) Metaspace: 6298K(6464K)->6298K(6464K) NonClass: 5765K(5824K)->5765K(5824K) Class: 533K(640K)->533K(640K)
[161.241s][info][gc             ] GC(312) Pause Full (Ergonomics) 5161M->5161M(5380M) 1562.067ms
[161.241s][info][gc,cpu         ] GC(312) User=12.00s Sys=0.02s Real=1.56s
[161.242s][info][gc,start       ] GC(313) Pause Full (Ergonomics)
[161.242s][info][gc,phases,start] GC(313) Marking Phase
[162.482s][info][gc,phases      ] GC(313) Marking Phase 1240.540ms
[162.482s][info][gc,phases,start] GC(313) Summary Phase
[162.482s][info][gc,phases      ] GC(313) Summary Phase 0.058ms
[162.482s][info][gc,phases,start] GC(313) Adjust Roots
[162.482s][info][gc,phases      ] GC(313) Adjust Roots 0.169ms
[162.482s][info][gc,phases,start] GC(313) Compaction Phase
[162.823s][info][gc,phases      ] GC(313) Compaction Phase 340.124ms
[162.823s][info][gc,phases,start] GC(313) Post Compact
[162.830s][info][gc,phases      ] GC(313) Post Compact 7.276ms
[162.830s][info][gc,heap        ] GC(313) PSYoungGen: 97279K(320512K)->97279K(320512K) Eden: 97279K(97280K)->97279K(97280K) From: 0K(223232K)->0K(223232K)
[162.830s][info][gc,heap        ] GC(313) ParOldGen: 5188477K(5188608K)->5188477K(5188608K)
[162.830s][info][gc,metaspace   ] GC(313) Metaspace: 6298K(6464K)->6298K(6464K) NonClass: 5765K(5824K)->5765K(5824K) Class: 533K(640K)->533K(640K)
[162.830s][info][gc             ] GC(313) Pause Full (Ergonomics) 5161M->5161M(5380M) 1588.476ms
[162.830s][info][gc,cpu         ] GC(313) User=12.12s Sys=0.00s Real=1.59s
[162.830s][info][gc,start       ] GC(314) Pause Full (Ergonomics)
[162.830s][info][gc,phases,start] GC(314) Marking Phase
[164.026s][info][gc,phases      ] GC(314) Marking Phase 1195.284ms
[164.026s][info][gc,phases,start] GC(314) Summary Phase
[164.026s][info][gc,phases      ] GC(314) Summary Phase 0.059ms
[164.026s][info][gc,phases,start] GC(314) Adjust Roots
[164.026s][info][gc,phases      ] GC(314) Adjust Roots 0.161ms
[164.026s][info][gc,phases,start] GC(314) Compaction Phase
[164.356s][info][gc,phases      ] GC(314) Compaction Phase 329.867ms
[164.356s][info][gc,phases,start] GC(314) Post Compact
[164.363s][info][gc,phases      ] GC(314) Post Compact 7.323ms
[164.363s][info][gc,heap        ] GC(314) PSYoungGen: 97279K(320512K)->97279K(320512K) Eden: 97279K(97280K)->97279K(97280K) From: 0K(223232K)->0K(223232K)
[164.363s][info][gc,heap        ] GC(314) ParOldGen: 5188482K(5188608K)->5188482K(5188608K)
[164.363s][info][gc,metaspace   ] GC(314) Metaspace: 6298K(6464K)->6298K(6464K) NonClass: 5765K(5824K)->5765K(5824K) Class: 533K(640K)->533K(640K)
[164.363s][info][gc             ] GC(314) Pause Full (Ergonomics) 5161M->5161M(5380M) 1533.055ms
[164.363s][info][gc,cpu         ] GC(314) User=11.89s Sys=0.05s Real=1.53s
[164.363s][info][gc,start       ] GC(315) Pause Full (Ergonomics)
[164.364s][info][gc,phases,start] GC(315) Marking Phase
[165.614s][info][gc,phases      ] GC(315) Marking Phase 1250.269ms
[165.614s][info][gc,phases,start] GC(315) Summary Phase
[165.614s][info][gc,phases      ] GC(315) Summary Phase 0.056ms
[165.614s][info][gc,phases,start] GC(315) Adjust Roots
[165.614s][info][gc,phases      ] GC(315) Adjust Roots 0.161ms
[165.614s][info][gc,phases,start] GC(315) Compaction Phase
[165.961s][info][gc,phases      ] GC(315) Compaction Phase 347.240ms
[165.961s][info][gc,phases,start] GC(315) Post Compact
[165.969s][info][gc,phases      ] GC(315) Post Compact 7.548ms
[165.969s][info][gc,heap        ] GC(315) PSYoungGen: 97279K(320512K)->97279K(320512K) Eden: 97279K(97280K)->97279K(97280K) From: 0K(223232K)->0K(223232K)
[165.969s][info][gc,heap        ] GC(315) ParOldGen: 5188487K(5188608K)->5188487K(5188608K)
[165.969s][info][gc,metaspace   ] GC(315) Metaspace: 6298K(6464K)->6298K(6464K) NonClass: 5765K(5824K)->5765K(5824K) Class: 533K(640K)->533K(640K)
[165.969s][info][gc             ] GC(315) Pause Full (Ergonomics) 5161M->5161M(5380M) 1605.598ms
[165.969s][info][gc,cpu         ] GC(315) User=12.44s Sys=0.00s Real=1.61s
[165.969s][info][gc,start       ] GC(316) Pause Full (Ergonomics)
[165.969s][info][gc,phases,start] GC(316) Marking Phase
[167.205s][info][gc,phases      ] GC(316) Marking Phase 1235.989ms
[167.205s][info][gc,phases,start] GC(316) Summary Phase
[167.205s][info][gc,phases      ] GC(316) Summary Phase 0.085ms
[167.205s][info][gc,phases,start] GC(316) Adjust Roots
[167.206s][info][gc,phases      ] GC(316) Adjust Roots 0.259ms
[167.206s][info][gc,phases,start] GC(316) Compaction Phase
[167.540s][info][gc,phases      ] GC(316) Compaction Phase 333.792ms
[167.540s][info][gc,phases,start] GC(316) Post Compact
[167.546s][info][gc,phases      ] GC(316) Post Compact 6.718ms
[167.546s][info][gc,heap        ] GC(316) PSYoungGen: 97279K(320512K)->97279K(320512K) Eden: 97279K(97280K)->97279K(97280K) From: 0K(223232K)->0K(223232K)
[167.546s][info][gc,heap        ] GC(316) ParOldGen: 5188492K(5188608K)->5188492K(5188608K)
[167.546s][info][gc,metaspace   ] GC(316) Metaspace: 6298K(6464K)->6298K(6464K) NonClass: 5765K(5824K)->5765K(5824K) Class: 533K(640K)->533K(640K)
[167.546s][info][gc             ] GC(316) Pause Full (Ergonomics) 5161M->5161M(5380M) 1577.170ms
[167.546s][info][gc,cpu         ] GC(316) User=12.11s Sys=0.00s Real=1.58s
[167.547s][info][gc,start       ] GC(317) Pause Full (Ergonomics)
[167.547s][info][gc,phases,start] GC(317) Marking Phase
[168.778s][info][gc,phases      ] GC(317) Marking Phase 1231.815ms
[168.779s][info][gc,phases,start] GC(317) Summary Phase
[168.779s][info][gc,phases      ] GC(317) Summary Phase 0.057ms
[168.779s][info][gc,phases,start] GC(317) Adjust Roots
[168.779s][info][gc,phases      ] GC(317) Adjust Roots 0.165ms
[168.779s][info][gc,phases,start] GC(317) Compaction Phase
[169.114s][info][gc,phases      ] GC(317) Compaction Phase 334.879ms
[169.114s][info][gc,phases,start] GC(317) Post Compact
[169.122s][info][gc,phases      ] GC(317) Post Compact 7.911ms
[169.122s][info][gc,heap        ] GC(317) PSYoungGen: 97279K(320512K)->97279K(320512K) Eden: 97279K(97280K)->97279K(97280K) From: 0K(223232K)->0K(223232K)
[169.122s][info][gc,heap        ] GC(317) ParOldGen: 5188497K(5188608K)->5188497K(5188608K)
[169.122s][info][gc,metaspace   ] GC(317) Metaspace: 6298K(6464K)->6298K(6464K) NonClass: 5765K(5824K)->5765K(5824K) Class: 533K(640K)->533K(640K)
[169.122s][info][gc             ] GC(317) Pause Full (Ergonomics) 5161M->5161M(5380M) 1575.173ms
[169.122s][info][gc,cpu         ] GC(317) User=11.92s Sys=0.02s Real=1.58s
[169.122s][info][gc,start       ] GC(318) Pause Full (Ergonomics)
[169.122s][info][gc,phases,start] GC(318) Marking Phase
[170.327s][info][gc,phases      ] GC(318) Marking Phase 1204.533ms
[170.327s][info][gc,phases,start] GC(318) Summary Phase
[170.327s][info][gc,phases      ] GC(318) Summary Phase 0.056ms
[170.327s][info][gc,phases,start] GC(318) Adjust Roots
[170.327s][info][gc,phases      ] GC(318) Adjust Roots 0.166ms
[170.327s][info][gc,phases,start] GC(318) Compaction Phase
[170.662s][info][gc,phases      ] GC(318) Compaction Phase 335.589ms
[170.663s][info][gc,phases,start] GC(318) Post Compact
[170.670s][info][gc,phases      ] GC(318) Post Compact 7.260ms
[170.670s][info][gc,heap        ] GC(318) PSYoungGen: 97279K(320512K)->97279K(320512K) Eden: 97279K(97280K)->97279K(97280K) From: 0K(223232K)->0K(223232K)
[170.670s][info][gc,heap        ] GC(318) ParOldGen: 5188502K(5188608K)->5188502K(5188608K)
[170.670s][info][gc,metaspace   ] GC(318) Metaspace: 6298K(6464K)->6298K(6464K) NonClass: 5765K(5824K)->5765K(5824K) Class: 533K(640K)->533K(640K)
[170.670s][info][gc             ] GC(318) Pause Full (Ergonomics) 5161M->5161M(5380M) 1547.946ms
[170.670s][info][gc,cpu         ] GC(318) User=11.66s Sys=0.02s Real=1.55s
[170.670s][info][gc,start       ] GC(319) Pause Full (Ergonomics)
[170.670s][info][gc,phases,start] GC(319) Marking Phase
[171.893s][info][gc,phases      ] GC(319) Marking Phase 1223.166ms
[171.893s][info][gc,phases,start] GC(319) Summary Phase
[171.893s][info][gc,phases      ] GC(319) Summary Phase 0.058ms
[171.893s][info][gc,phases,start] GC(319) Adjust Roots
[171.894s][info][gc,phases      ] GC(319) Adjust Roots 0.165ms
[171.894s][info][gc,phases,start] GC(319) Compaction Phase
[172.242s][info][gc,phases      ] GC(319) Compaction Phase 348.272ms
[172.242s][info][gc,phases,start] GC(319) Post Compact
[172.249s][info][gc,phases      ] GC(319) Post Compact 7.425ms
[172.249s][info][gc,heap        ] GC(319) PSYoungGen: 97279K(320512K)->97279K(320512K) Eden: 97279K(97280K)->97279K(97280K) From: 0K(223232K)->0K(223232K)
[172.249s][info][gc,heap        ] GC(319) ParOldGen: 5188506K(5188608K)->5188506K(5188608K)
[172.250s][info][gc,metaspace   ] GC(319) Metaspace: 6298K(6464K)->6298K(6464K) NonClass: 5765K(5824K)->5765K(5824K) Class: 533K(640K)->533K(640K)
[172.250s][info][gc             ] GC(319) Pause Full (Ergonomics) 5161M->5161M(5380M) 1579.416ms
[172.250s][info][gc,cpu         ] GC(319) User=12.09s Sys=0.00s Real=1.58s
[172.250s][info][gc,start       ] GC(320) Pause Full (Ergonomics)
[172.250s][info][gc,phases,start] GC(320) Marking Phase
[173.477s][info][gc,phases      ] GC(320) Marking Phase 1226.834ms
[173.477s][info][gc,phases,start] GC(320) Summary Phase
[173.477s][info][gc,phases      ] GC(320) Summary Phase 0.059ms
[173.477s][info][gc,phases,start] GC(320) Adjust Roots
[173.477s][info][gc,phases      ] GC(320) Adjust Roots 0.169ms
[173.477s][info][gc,phases,start] GC(320) Compaction Phase
[173.802s][info][gc,phases      ] GC(320) Compaction Phase 325.072ms
[173.802s][info][gc,phases,start] GC(320) Post Compact
[173.810s][info][gc,phases      ] GC(320) Post Compact 7.628ms
[173.810s][info][gc,heap        ] GC(320) PSYoungGen: 97279K(320512K)->97279K(320512K) Eden: 97279K(97280K)->97279K(97280K) From: 0K(223232K)->0K(223232K)
[173.810s][info][gc,heap        ] GC(320) ParOldGen: 5188511K(5188608K)->5188511K(5188608K)
[173.810s][info][gc,metaspace   ] GC(320) Metaspace: 6298K(6464K)->6298K(6464K) NonClass: 5765K(5824K)->5765K(5824K) Class: 533K(640K)->533K(640K)
[173.810s][info][gc             ] GC(320) Pause Full (Ergonomics) 5161M->5161M(5380M) 1560.093ms
[173.810s][info][gc,cpu         ] GC(320) User=12.09s Sys=0.00s Real=1.56s
[173.810s][info][gc,start       ] GC(321) Pause Full (Ergonomics)
[173.810s][info][gc,phases,start] GC(321) Marking Phase
[175.026s][info][gc,phases      ] GC(321) Marking Phase 1215.783ms
[175.026s][info][gc,phases,start] GC(321) Summary Phase
[175.026s][info][gc,phases      ] GC(321) Summary Phase 0.058ms
[175.026s][info][gc,phases,start] GC(321) Adjust Roots
[175.026s][info][gc,phases      ] GC(321) Adjust Roots 0.173ms
[175.026s][info][gc,phases,start] GC(321) Compaction Phase
[175.368s][info][gc,phases      ] GC(321) Compaction Phase 341.730ms
[175.368s][info][gc,phases,start] GC(321) Post Compact
[175.375s][info][gc,phases      ] GC(321) Post Compact 7.280ms
[175.375s][info][gc,heap        ] GC(321) PSYoungGen: 97279K(320512K)->97279K(320512K) Eden: 97279K(97280K)->97279K(97280K) From: 0K(223232K)->0K(223232K)
[175.375s][info][gc,heap        ] GC(321) ParOldGen: 5188516K(5188608K)->5188516K(5188608K)
[175.375s][info][gc,metaspace   ] GC(321) Metaspace: 6298K(6464K)->6298K(6464K) NonClass: 5765K(5824K)->5765K(5824K) Class: 533K(640K)->533K(640K)
[175.375s][info][gc             ] GC(321) Pause Full (Ergonomics) 5161M->5161M(5380M) 1565.332ms
[175.375s][info][gc,cpu         ] GC(321) User=12.00s Sys=0.00s Real=1.57s
[175.376s][info][gc,start       ] GC(322) Pause Full (Ergonomics)
[175.376s][info][gc,phases,start] GC(322) Marking Phase
[176.583s][info][gc,phases      ] GC(322) Marking Phase 1207.537ms
[176.583s][info][gc,phases,start] GC(322) Summary Phase
[176.583s][info][gc,phases      ] GC(322) Summary Phase 0.058ms
[176.583s][info][gc,phases,start] GC(322) Adjust Roots
[176.583s][info][gc,phases      ] GC(322) Adjust Roots 0.165ms
[176.583s][info][gc,phases,start] GC(322) Compaction Phase
[176.926s][info][gc,phases      ] GC(322) Compaction Phase 342.685ms
[176.926s][info][gc,phases,start] GC(322) Post Compact
[176.934s][info][gc,phases      ] GC(322) Post Compact 8.008ms
[176.934s][info][gc,heap        ] GC(322) PSYoungGen: 97279K(320512K)->97279K(320512K) Eden: 97279K(97280K)->97279K(97280K) From: 0K(223232K)->0K(223232K)
[176.934s][info][gc,heap        ] GC(322) ParOldGen: 5188521K(5188608K)->5188521K(5188608K)
[176.934s][info][gc,metaspace   ] GC(322) Metaspace: 6298K(6464K)->6298K(6464K) NonClass: 5765K(5824K)->5765K(5824K) Class: 533K(640K)->533K(640K)
[176.934s][info][gc             ] GC(322) Pause Full (Ergonomics) 5161M->5161M(5380M) 1558.770ms
[176.934s][info][gc,cpu         ] GC(322) User=11.94s Sys=0.02s Real=1.56s
[176.934s][info][gc,start       ] GC(323) Pause Full (Ergonomics)
[176.935s][info][gc,phases,start] GC(323) Marking Phase
[178.142s][info][gc,phases      ] GC(323) Marking Phase 1207.830ms
[178.142s][info][gc,phases,start] GC(323) Summary Phase
[178.142s][info][gc,phases      ] GC(323) Summary Phase 0.058ms
[178.142s][info][gc,phases,start] GC(323) Adjust Roots
[178.143s][info][gc,phases      ] GC(323) Adjust Roots 0.165ms
[178.143s][info][gc,phases,start] GC(323) Compaction Phase
[178.480s][info][gc,phases      ] GC(323) Compaction Phase 337.322ms
[178.480s][info][gc,phases,start] GC(323) Post Compact
[178.487s][info][gc,phases      ] GC(323) Post Compact 6.774ms
[178.487s][info][gc,heap        ] GC(323) PSYoungGen: 97279K(320512K)->97279K(320512K) Eden: 97279K(97280K)->97279K(97280K) From: 0K(223232K)->0K(223232K)
[178.487s][info][gc,heap        ] GC(323) ParOldGen: 5188526K(5188608K)->5188526K(5188608K)
[178.487s][info][gc,metaspace   ] GC(323) Metaspace: 6298K(6464K)->6298K(6464K) NonClass: 5765K(5824K)->5765K(5824K) Class: 533K(640K)->533K(640K)
[178.487s][info][gc             ] GC(323) Pause Full (Ergonomics) 5161M->5161M(5380M) 1552.476ms
[178.487s][info][gc,cpu         ] GC(323) User=12.00s Sys=0.00s Real=1.55s
[178.487s][info][gc,start       ] GC(324) Pause Full (Ergonomics)
[178.487s][info][gc,phases,start] GC(324) Marking Phase
[179.697s][info][gc,phases      ] GC(324) Marking Phase 1209.961ms
[179.697s][info][gc,phases,start] GC(324) Summary Phase
[179.697s][info][gc,phases      ] GC(324) Summary Phase 0.057ms
[179.697s][info][gc,phases,start] GC(324) Adjust Roots
[179.697s][info][gc,phases      ] GC(324) Adjust Roots 0.164ms
[179.697s][info][gc,phases,start] GC(324) Compaction Phase
[180.039s][info][gc,phases      ] GC(324) Compaction Phase 341.166ms
[180.039s][info][gc,phases,start] GC(324) Post Compact
[180.046s][info][gc,phases      ] GC(324) Post Compact 7.389ms
[180.046s][info][gc,heap        ] GC(324) PSYoungGen: 97279K(320512K)->97279K(320512K) Eden: 97279K(97280K)->97279K(97280K) From: 0K(223232K)->0K(223232K)
[180.046s][info][gc,heap        ] GC(324) ParOldGen: 5188531K(5188608K)->5188531K(5188608K)
[180.046s][info][gc,metaspace   ] GC(324) Metaspace: 6298K(6464K)->6298K(6464K) NonClass: 5765K(5824K)->5765K(5824K) Class: 533K(640K)->533K(640K)
[180.046s][info][gc             ] GC(324) Pause Full (Ergonomics) 5161M->5161M(5380M) 1559.064ms
[180.046s][info][gc,cpu         ] GC(324) User=12.03s Sys=0.00s Real=1.56s
[180.046s][info][gc,start       ] GC(325) Pause Full (Ergonomics)
[180.046s][info][gc,phases,start] GC(325) Marking Phase
[181.271s][info][gc,phases      ] GC(325) Marking Phase 1224.432ms
[181.271s][info][gc,phases,start] GC(325) Summary Phase
[181.271s][info][gc,phases      ] GC(325) Summary Phase 0.058ms
[181.271s][info][gc,phases,start] GC(325) Adjust Roots
[181.271s][info][gc,phases      ] GC(325) Adjust Roots 0.164ms
[181.271s][info][gc,phases,start] GC(325) Compaction Phase
[181.622s][info][gc,phases      ] GC(325) Compaction Phase 350.484ms
[181.622s][info][gc,phases,start] GC(325) Post Compact
[181.630s][info][gc,phases      ] GC(325) Post Compact 7.779ms
[181.630s][info][gc,heap        ] GC(325) PSYoungGen: 97279K(320512K)->97279K(320512K) Eden: 97279K(97280K)->97279K(97280K) From: 0K(223232K)->0K(223232K)
[181.630s][info][gc,heap        ] GC(325) ParOldGen: 5188535K(5188608K)->5188535K(5188608K)
[181.630s][info][gc,metaspace   ] GC(325) Metaspace: 6298K(6464K)->6298K(6464K) NonClass: 5765K(5824K)->5765K(5824K) Class: 533K(640K)->533K(640K)
[181.630s][info][gc             ] GC(325) Pause Full (Ergonomics) 5161M->5161M(5380M) 1583.270ms
[181.630s][info][gc,cpu         ] GC(325) User=12.14s Sys=0.03s Real=1.58s
[181.630s][info][gc,start       ] GC(326) Pause Full (Ergonomics)
[181.630s][info][gc,phases,start] GC(326) Marking Phase
[182.858s][info][gc,phases      ] GC(326) Marking Phase 1228.332ms
[182.858s][info][gc,phases,start] GC(326) Summary Phase
[182.858s][info][gc,phases      ] GC(326) Summary Phase 0.060ms
[182.858s][info][gc,phases,start] GC(326) Adjust Roots
[182.859s][info][gc,phases      ] GC(326) Adjust Roots 0.169ms
[182.859s][info][gc,phases,start] GC(326) Compaction Phase
[183.192s][info][gc,phases      ] GC(326) Compaction Phase 333.094ms
[183.192s][info][gc,phases,start] GC(326) Post Compact
[183.198s][info][gc,phases      ] GC(326) Post Compact 6.722ms
[183.198s][info][gc,heap        ] GC(326) PSYoungGen: 97279K(320512K)->97279K(320512K) Eden: 97279K(97280K)->97279K(97280K) From: 0K(223232K)->0K(223232K)
[183.199s][info][gc,heap        ] GC(326) ParOldGen: 5188540K(5188608K)->5188540K(5188608K)
[183.199s][info][gc,metaspace   ] GC(326) Metaspace: 6298K(6464K)->6298K(6464K) NonClass: 5765K(5824K)->5765K(5824K) Class: 533K(640K)->533K(640K)
[183.199s][info][gc             ] GC(326) Pause Full (Ergonomics) 5161M->5161M(5380M) 1568.677ms
[183.199s][info][gc,cpu         ] GC(326) User=12.09s Sys=0.00s Real=1.57s
[183.199s][info][gc,start       ] GC(327) Pause Full (Ergonomics)
[183.199s][info][gc,phases,start] GC(327) Marking Phase
[184.435s][info][gc,phases      ] GC(327) Marking Phase 1235.835ms
[184.435s][info][gc,phases,start] GC(327) Summary Phase
[184.435s][info][gc,phases      ] GC(327) Summary Phase 0.058ms
[184.435s][info][gc,phases,start] GC(327) Adjust Roots
[184.435s][info][gc,phases      ] GC(327) Adjust Roots 0.176ms
[184.435s][info][gc,phases,start] GC(327) Compaction Phase
[184.770s][info][gc,phases      ] GC(327) Compaction Phase 335.203ms
[184.770s][info][gc,phases,start] GC(327) Post Compact
[184.778s][info][gc,phases      ] GC(327) Post Compact 7.957ms
[184.778s][info][gc,heap        ] GC(327) PSYoungGen: 97279K(320512K)->97279K(320512K) Eden: 97279K(97280K)->97279K(97280K) From: 0K(223232K)->0K(223232K)
[184.778s][info][gc,heap        ] GC(327) ParOldGen: 5188545K(5188608K)->5188545K(5188608K)
[184.778s][info][gc,metaspace   ] GC(327) Metaspace: 6298K(6464K)->6298K(6464K) NonClass: 5765K(5824K)->5765K(5824K) Class: 533K(640K)->533K(640K)
[184.778s][info][gc             ] GC(327) Pause Full (Ergonomics) 5161M->5161M(5380M) 1579.555ms
[184.778s][info][gc,cpu         ] GC(327) User=12.09s Sys=0.02s Real=1.58s
[184.778s][info][gc,start       ] GC(328) Pause Full (Ergonomics)
[184.779s][info][gc,phases,start] GC(328) Marking Phase
[185.997s][info][gc,phases      ] GC(328) Marking Phase 1218.643ms
[185.997s][info][gc,phases,start] GC(328) Summary Phase
[185.997s][info][gc,phases      ] GC(328) Summary Phase 0.058ms
[185.997s][info][gc,phases,start] GC(328) Adjust Roots
[185.997s][info][gc,phases      ] GC(328) Adjust Roots 0.166ms
[185.997s][info][gc,phases,start] GC(328) Compaction Phase
[186.342s][info][gc,phases      ] GC(328) Compaction Phase 344.144ms
[186.342s][info][gc,phases,start] GC(328) Post Compact
[186.350s][info][gc,phases      ] GC(328) Post Compact 7.809ms
[186.350s][info][gc,heap        ] GC(328) PSYoungGen: 97279K(320512K)->97279K(320512K) Eden: 97279K(97280K)->97279K(97280K) From: 0K(223232K)->0K(223232K)
[186.350s][info][gc,heap        ] GC(328) ParOldGen: 5188550K(5188608K)->5188550K(5188608K)
[186.350s][info][gc,metaspace   ] GC(328) Metaspace: 6298K(6464K)->6298K(6464K) NonClass: 5765K(5824K)->5765K(5824K) Class: 533K(640K)->533K(640K)
[186.350s][info][gc             ] GC(328) Pause Full (Ergonomics) 5161M->5161M(5380M) 1571.156ms
[186.350s][info][gc,cpu         ] GC(328) User=11.77s Sys=0.00s Real=1.57s
[186.350s][info][gc,start       ] GC(329) Pause Full (Ergonomics)
[186.350s][info][gc,phases,start] GC(329) Marking Phase
[187.576s][info][gc,phases      ] GC(329) Marking Phase 1226.085ms
[187.576s][info][gc,phases,start] GC(329) Summary Phase
[187.576s][info][gc,phases      ] GC(329) Summary Phase 0.057ms
[187.576s][info][gc,phases,start] GC(329) Adjust Roots
[187.576s][info][gc,phases      ] GC(329) Adjust Roots 0.178ms
[187.576s][info][gc,phases,start] GC(329) Compaction Phase
[187.910s][info][gc,phases      ] GC(329) Compaction Phase 333.974ms
[187.910s][info][gc,phases,start] GC(329) Post Compact
[187.919s][info][gc,phases      ] GC(329) Post Compact 8.287ms
[187.919s][info][gc,heap        ] GC(329) PSYoungGen: 97279K(320512K)->97279K(320512K) Eden: 97279K(97280K)->97279K(97280K) From: 0K(223232K)->0K(223232K)
[187.919s][info][gc,heap        ] GC(329) ParOldGen: 5188555K(5188608K)->5188555K(5188608K)
[187.919s][info][gc,metaspace   ] GC(329) Metaspace: 6298K(6464K)->6298K(6464K) NonClass: 5765K(5824K)->5765K(5824K) Class: 533K(640K)->533K(640K)
[187.919s][info][gc             ] GC(329) Pause Full (Ergonomics) 5161M->5161M(5380M) 1568.952ms
[187.919s][info][gc,cpu         ] GC(329) User=11.92s Sys=0.02s Real=1.57s
[187.919s][info][gc,start       ] GC(330) Pause Full (Ergonomics)
[187.919s][info][gc,phases,start] GC(330) Marking Phase
[189.138s][info][gc,phases      ] GC(330) Marking Phase 1219.405ms
[189.138s][info][gc,phases,start] GC(330) Summary Phase
[189.139s][info][gc,phases      ] GC(330) Summary Phase 0.061ms
[189.139s][info][gc,phases,start] GC(330) Adjust Roots
[189.139s][info][gc,phases      ] GC(330) Adjust Roots 0.173ms
[189.139s][info][gc,phases,start] GC(330) Compaction Phase
[189.476s][info][gc,phases      ] GC(330) Compaction Phase 337.415ms
[189.476s][info][gc,phases,start] GC(330) Post Compact
[189.483s][info][gc,phases      ] GC(330) Post Compact 6.849ms
[189.483s][info][gc,heap        ] GC(330) PSYoungGen: 97279K(320512K)->97279K(320512K) Eden: 97279K(97280K)->97279K(97280K) From: 0K(223232K)->0K(223232K)
[189.483s][info][gc,heap        ] GC(330) ParOldGen: 5188560K(5188608K)->5188560K(5188608K)
[189.483s][info][gc,metaspace   ] GC(330) Metaspace: 6298K(6464K)->6298K(6464K) NonClass: 5765K(5824K)->5765K(5824K) Class: 533K(640K)->533K(640K)
[189.483s][info][gc             ] GC(330) Pause Full (Ergonomics) 5161M->5161M(5380M) 1564.202ms
[189.483s][info][gc,cpu         ] GC(330) User=11.97s Sys=0.00s Real=1.56s
[189.483s][info][gc,start       ] GC(331) Pause Full (Ergonomics)
[189.483s][info][gc,phases,start] GC(331) Marking Phase
[190.713s][info][gc,phases      ] GC(331) Marking Phase 1229.847ms
[190.713s][info][gc,phases,start] GC(331) Summary Phase
[190.713s][info][gc,phases      ] GC(331) Summary Phase 0.061ms
[190.713s][info][gc,phases,start] GC(331) Adjust Roots
[190.714s][info][gc,phases      ] GC(331) Adjust Roots 0.175ms
[190.714s][info][gc,phases,start] GC(331) Compaction Phase
[191.053s][info][gc,phases      ] GC(331) Compaction Phase 338.916ms
[191.053s][info][gc,phases,start] GC(331) Post Compact
[191.059s][info][gc,phases      ] GC(331) Post Compact 6.839ms
[191.060s][info][gc,heap        ] GC(331) PSYoungGen: 97279K(320512K)->97279K(320512K) Eden: 97279K(97280K)->97279K(97280K) From: 0K(223232K)->0K(223232K)
[191.060s][info][gc,heap        ] GC(331) ParOldGen: 5188564K(5188608K)->5188564K(5188608K)
[191.060s][info][gc,metaspace   ] GC(331) Metaspace: 6298K(6464K)->6298K(6464K) NonClass: 5765K(5824K)->5765K(5824K) Class: 533K(640K)->533K(640K)
[191.060s][info][gc             ] GC(331) Pause Full (Ergonomics) 5161M->5161M(5380M) 1576.154ms
[191.060s][info][gc,cpu         ] GC(331) User=12.03s Sys=0.00s Real=1.58s
[191.060s][info][gc,start       ] GC(332) Pause Full (Ergonomics)
[191.060s][info][gc,phases,start] GC(332) Marking Phase
[192.259s][info][gc,phases      ] GC(332) Marking Phase 1199.147ms
[192.259s][info][gc,phases,start] GC(332) Summary Phase
[192.259s][info][gc,phases      ] GC(332) Summary Phase 0.076ms
[192.259s][info][gc,phases,start] GC(332) Adjust Roots
[192.259s][info][gc,phases      ] GC(332) Adjust Roots 0.224ms
[192.259s][info][gc,phases,start] GC(332) Compaction Phase
[192.597s][info][gc,phases      ] GC(332) Compaction Phase 337.497ms
[192.597s][info][gc,phases,start] GC(332) Post Compact
[192.604s][info][gc,phases      ] GC(332) Post Compact 6.793ms
[192.604s][info][gc,heap        ] GC(332) PSYoungGen: 97279K(320512K)->97279K(320512K) Eden: 97279K(97280K)->97279K(97280K) From: 0K(223232K)->0K(223232K)
[192.604s][info][gc,heap        ] GC(332) ParOldGen: 5188569K(5188608K)->5188569K(5188608K)
[192.604s][info][gc,metaspace   ] GC(332) Metaspace: 6298K(6464K)->6298K(6464K) NonClass: 5765K(5824K)->5765K(5824K) Class: 533K(640K)->533K(640K)
[192.604s][info][gc             ] GC(332) Pause Full (Ergonomics) 5161M->5161M(5380M) 1544.074ms
[192.604s][info][gc,cpu         ] GC(332) User=11.70s Sys=0.00s Real=1.54s
[192.604s][info][gc,start       ] GC(333) Pause Full (Ergonomics)
[192.604s][info][gc,phases,start] GC(333) Marking Phase
[193.816s][info][gc,phases      ] GC(333) Marking Phase 1212.046ms
[193.816s][info][gc,phases,start] GC(333) Summary Phase
[193.816s][info][gc,phases      ] GC(333) Summary Phase 0.057ms
[193.816s][info][gc,phases,start] GC(333) Adjust Roots
[193.816s][info][gc,phases      ] GC(333) Adjust Roots 0.168ms
[193.816s][info][gc,phases,start] GC(333) Compaction Phase
[194.155s][info][gc,phases      ] GC(333) Compaction Phase 338.881ms
[194.155s][info][gc,phases,start] GC(333) Post Compact
[194.163s][info][gc,phases      ] GC(333) Post Compact 7.809ms
[194.163s][info][gc,heap        ] GC(333) PSYoungGen: 97279K(320512K)->97279K(320512K) Eden: 97279K(97280K)->97279K(97280K) From: 0K(223232K)->0K(223232K)
[194.163s][info][gc,heap        ] GC(333) ParOldGen: 5188574K(5188608K)->5188574K(5188608K)
[194.163s][info][gc,metaspace   ] GC(333) Metaspace: 6298K(6464K)->6298K(6464K) NonClass: 5765K(5824K)->5765K(5824K) Class: 533K(640K)->533K(640K)
[194.163s][info][gc             ] GC(333) Pause Full (Ergonomics) 5161M->5161M(5380M) 1559.310ms
[194.163s][info][gc,cpu         ] GC(333) User=11.81s Sys=0.02s Real=1.56s
[194.164s][info][gc,start       ] GC(334) Pause Full (Ergonomics)
[194.164s][info][gc,phases,start] GC(334) Marking Phase
[195.393s][info][gc,phases      ] GC(334) Marking Phase 1229.084ms
[195.393s][info][gc,phases,start] GC(334) Summary Phase
[195.393s][info][gc,phases      ] GC(334) Summary Phase 0.090ms
[195.393s][info][gc,phases,start] GC(334) Adjust Roots
[195.393s][info][gc,phases      ] GC(334) Adjust Roots 0.311ms
[195.393s][info][gc,phases,start] GC(334) Compaction Phase
[195.723s][info][gc,phases      ] GC(334) Compaction Phase 330.251ms
[195.724s][info][gc,phases,start] GC(334) Post Compact
[195.730s][info][gc,phases      ] GC(334) Post Compact 6.893ms
[195.731s][info][gc,heap        ] GC(334) PSYoungGen: 97279K(320512K)->97279K(320512K) Eden: 97279K(97280K)->97279K(97280K) From: 0K(223232K)->0K(223232K)
[195.731s][info][gc,heap        ] GC(334) ParOldGen: 5188579K(5188608K)->5188579K(5188608K)
[195.731s][info][gc,metaspace   ] GC(334) Metaspace: 6298K(6464K)->6298K(6464K) NonClass: 5765K(5824K)->5765K(5824K) Class: 533K(640K)->533K(640K)
[195.731s][info][gc             ] GC(334) Pause Full (Ergonomics) 5161M->5161M(5380M) 1567.060ms
[195.731s][info][gc,cpu         ] GC(334) User=12.09s Sys=0.00s Real=1.57s
[195.731s][info][gc,start       ] GC(335) Pause Full (Ergonomics)
[195.731s][info][gc,phases,start] GC(335) Marking Phase
[196.935s][info][gc,phases      ] GC(335) Marking Phase 1204.631ms
[196.935s][info][gc,phases,start] GC(335) Summary Phase
[196.936s][info][gc,phases      ] GC(335) Summary Phase 0.059ms
[196.936s][info][gc,phases,start] GC(335) Adjust Roots
[196.936s][info][gc,phases      ] GC(335) Adjust Roots 0.180ms
[196.936s][info][gc,phases,start] GC(335) Compaction Phase
[197.271s][info][gc,phases      ] GC(335) Compaction Phase 334.917ms
[197.271s][info][gc,phases,start] GC(335) Post Compact
[197.278s][info][gc,phases      ] GC(335) Post Compact 6.817ms
[197.278s][info][gc,heap        ] GC(335) PSYoungGen: 97279K(320512K)->97279K(320512K) Eden: 97279K(97280K)->97279K(97280K) From: 0K(223232K)->0K(223232K)
[197.278s][info][gc,heap        ] GC(335) ParOldGen: 5188584K(5188608K)->5188584K(5188608K)
[197.278s][info][gc,metaspace   ] GC(335) Metaspace: 6298K(6464K)->6298K(6464K) NonClass: 5765K(5824K)->5765K(5824K) Class: 533K(640K)->533K(640K)
[197.278s][info][gc             ] GC(335) Pause Full (Ergonomics) 5161M->5161M(5380M) 1546.899ms
[197.278s][info][gc,cpu         ] GC(335) User=11.92s Sys=0.00s Real=1.55s
[197.278s][info][gc,start       ] GC(336) Pause Full (Ergonomics)
[197.278s][info][gc,phases,start] GC(336) Marking Phase
[198.526s][info][gc,phases      ] GC(336) Marking Phase 1247.732ms
[198.526s][info][gc,phases,start] GC(336) Summary Phase
[198.526s][info][gc,phases      ] GC(336) Summary Phase 0.058ms
[198.526s][info][gc,phases,start] GC(336) Adjust Roots
[198.526s][info][gc,phases      ] GC(336) Adjust Roots 0.172ms
[198.526s][info][gc,phases,start] GC(336) Compaction Phase
[198.861s][info][gc,phases      ] GC(336) Compaction Phase 334.680ms
[198.861s][info][gc,phases,start] GC(336) Post Compact
[198.867s][info][gc,phases      ] GC(336) Post Compact 6.768ms
[198.868s][info][gc,heap        ] GC(336) PSYoungGen: 97279K(320512K)->97279K(320512K) Eden: 97279K(97280K)->97279K(97280K) From: 0K(223232K)->0K(223232K)
[198.868s][info][gc,heap        ] GC(336) ParOldGen: 5188589K(5188608K)->5188589K(5188608K)
[198.868s][info][gc,metaspace   ] GC(336) Metaspace: 6298K(6464K)->6298K(6464K) NonClass: 5765K(5824K)->5765K(5824K) Class: 533K(640K)->533K(640K)
[198.868s][info][gc             ] GC(336) Pause Full (Ergonomics) 5161M->5161M(5380M) 1589.729ms
[198.868s][info][gc,cpu         ] GC(336) User=12.22s Sys=0.02s Real=1.59s
[198.868s][info][gc,start       ] GC(337) Pause Full (Ergonomics)
[198.868s][info][gc,phases,start] GC(337) Marking Phase
[200.086s][info][gc,phases      ] GC(337) Marking Phase 1217.837ms
[200.086s][info][gc,phases,start] GC(337) Summary Phase
[200.086s][info][gc,phases      ] GC(337) Summary Phase 0.069ms
[200.086s][info][gc,phases,start] GC(337) Adjust Roots
[200.086s][info][gc,phases      ] GC(337) Adjust Roots 0.203ms
[200.086s][info][gc,phases,start] GC(337) Compaction Phase
[200.416s][info][gc,phases      ] GC(337) Compaction Phase 330.344ms
[200.416s][info][gc,phases,start] GC(337) Post Compact
[200.424s][info][gc,phases      ] GC(337) Post Compact 7.223ms
[200.424s][info][gc,heap        ] GC(337) PSYoungGen: 97279K(320512K)->97279K(320512K) Eden: 97279K(97280K)->97279K(97280K) From: 0K(223232K)->0K(223232K)
[200.424s][info][gc,heap        ] GC(337) ParOldGen: 5188593K(5188608K)->5188593K(5188608K)
[200.424s][info][gc,metaspace   ] GC(337) Metaspace: 6298K(6464K)->6298K(6464K) NonClass: 5765K(5824K)->5765K(5824K) Class: 533K(640K)->533K(640K)
[200.424s][info][gc             ] GC(337) Pause Full (Ergonomics) 5161M->5161M(5380M) 1556.041ms
[200.424s][info][gc,cpu         ] GC(337) User=12.08s Sys=0.02s Real=1.56s
[200.424s][info][gc,start       ] GC(338) Pause Full (Ergonomics)
[200.424s][info][gc,phases,start] GC(338) Marking Phase
[201.632s][info][gc,phases      ] GC(338) Marking Phase 1207.752ms
[201.632s][info][gc,phases,start] GC(338) Summary Phase
[201.632s][info][gc,phases      ] GC(338) Summary Phase 0.105ms
[201.632s][info][gc,phases,start] GC(338) Adjust Roots
[201.632s][info][gc,phases      ] GC(338) Adjust Roots 0.302ms
[201.632s][info][gc,phases,start] GC(338) Compaction Phase
[201.958s][info][gc,phases      ] GC(338) Compaction Phase 325.698ms
[201.958s][info][gc,phases,start] GC(338) Post Compact
[201.965s][info][gc,phases      ] GC(338) Post Compact 7.218ms
[201.965s][info][gc,heap        ] GC(338) PSYoungGen: 97279K(320512K)->97279K(320512K) Eden: 97279K(97280K)->97279K(97280K) From: 0K(223232K)->0K(223232K)
[201.965s][info][gc,heap        ] GC(338) ParOldGen: 5188598K(5188608K)->5188598K(5188608K)
[201.965s][info][gc,metaspace   ] GC(338) Metaspace: 6298K(6464K)->6298K(6464K) NonClass: 5765K(5824K)->5765K(5824K) Class: 533K(640K)->533K(640K)
[201.965s][info][gc             ] GC(338) Pause Full (Ergonomics) 5161M->5161M(5380M) 1541.447ms
[201.966s][info][gc,cpu         ] GC(338) User=11.84s Sys=0.02s Real=1.54s
[201.966s][info][gc,start       ] GC(339) Pause Full (Ergonomics)
[201.966s][info][gc,phases,start] GC(339) Marking Phase
[203.198s][info][gc,phases      ] GC(339) Marking Phase 1232.664ms
[203.198s][info][gc,phases,start] GC(339) Summary Phase
[203.198s][info][gc,phases      ] GC(339) Summary Phase 0.057ms
[203.199s][info][gc,phases,start] GC(339) Adjust Roots
[203.199s][info][gc,phases      ] GC(339) Adjust Roots 0.164ms
[203.199s][info][gc,phases,start] GC(339) Compaction Phase
[203.527s][info][gc,phases      ] GC(339) Compaction Phase 328.672ms
[203.527s][info][gc,phases,start] GC(339) Post Compact
[203.534s][info][gc,phases      ] GC(339) Post Compact 6.505ms
[203.534s][info][gc,heap        ] GC(339) PSYoungGen: 97279K(320512K)->97279K(320512K) Eden: 97279K(97280K)->97279K(97280K) From: 0K(223232K)->0K(223232K)
[203.534s][info][gc,heap        ] GC(339) ParOldGen: 5188603K(5188608K)->5188603K(5188608K)
[203.534s][info][gc,metaspace   ] GC(339) Metaspace: 6298K(6464K)->6298K(6464K) NonClass: 5765K(5824K)->5765K(5824K) Class: 533K(640K)->533K(640K)
[203.534s][info][gc             ] GC(339) Pause Full (Ergonomics) 5161M->5161M(5380M) 1568.376ms
[203.534s][info][gc,cpu         ] GC(339) User=12.00s Sys=0.00s Real=1.57s
[203.534s][info][gc,start       ] GC(340) Pause Full (Ergonomics)
[203.534s][info][gc,phases,start] GC(340) Marking Phase
[204.766s][info][gc,phases      ] GC(340) Marking Phase 1231.678ms
[204.766s][info][gc,phases,start] GC(340) Summary Phase
[204.766s][info][gc,phases      ] GC(340) Summary Phase 0.060ms
[204.766s][info][gc,phases,start] GC(340) Adjust Roots
[204.766s][info][gc,phases      ] GC(340) Adjust Roots 0.216ms
[204.766s][info][gc,phases,start] GC(340) Compaction Phase
[205.102s][info][gc,phases      ] GC(340) Compaction Phase 335.221ms
[205.102s][info][gc,phases,start] GC(340) Post Compact
[205.110s][info][gc,phases      ] GC(340) Post Compact 7.937ms
[205.110s][info][gc,heap        ] GC(340) PSYoungGen: 97279K(320512K)->97279K(320512K) Eden: 97279K(97280K)->97279K(97280K) From: 0K(223232K)->0K(223232K)
[205.110s][info][gc,heap        ] GC(340) ParOldGen: 5188607K(5188608K)->5188607K(5188608K)
[205.110s][info][gc,metaspace   ] GC(340) Metaspace: 6298K(6464K)->6298K(6464K) NonClass: 5765K(5824K)->5765K(5824K) Class: 533K(640K)->533K(640K)
[205.110s][info][gc             ] GC(340) Pause Full (Ergonomics) 5161M->5161M(5380M) 1575.475ms
[205.110s][info][gc,cpu         ] GC(340) User=12.06s Sys=0.00s Real=1.58s
[205.110s][info][gc,start       ] GC(341) Pause Full (Allocation Failure)
[205.110s][info][gc,phases,start] GC(341) Marking Phase
[206.347s][info][gc,phases      ] GC(341) Marking Phase 1237.335ms
[206.347s][info][gc,phases,start] GC(341) Summary Phase
[206.347s][info][gc,phases      ] GC(341) Summary Phase 0.060ms
[206.347s][info][gc,phases,start] GC(341) Adjust Roots
[206.348s][info][gc,phases      ] GC(341) Adjust Roots 0.415ms
[206.348s][info][gc,phases,start] GC(341) Compaction Phase
[207.667s][info][gc,phases      ] GC(341) Compaction Phase 1319.643ms
[207.667s][info][gc,phases,start] GC(341) Post Compact
[207.675s][info][gc,phases      ] GC(341) Post Compact 7.935ms
[207.675s][info][gc,heap        ] GC(341) PSYoungGen: 97279K(320512K)->97279K(320512K) Eden: 97279K(97280K)->97279K(97280K) From: 0K(223232K)->0K(223232K)
[207.675s][info][gc,heap        ] GC(341) ParOldGen: 5188607K(5188608K)->5188603K(5188608K)
[207.676s][info][gc,metaspace   ] GC(341) Metaspace: 6298K(6464K)->6296K(6464K) NonClass: 5765K(5824K)->5763K(5824K) Class: 533K(640K)->532K(640K)
[207.676s][info][gc             ] GC(341) Pause Full (Allocation Failure) 5161M->5161M(5380M) 2565.752ms
[207.676s][info][gc,cpu         ] GC(341) User=19.14s Sys=0.03s Real=2.56s
[207.676s][info][gc,start       ] GC(342) Pause Full (Ergonomics)
[207.676s][info][gc,phases,start] GC(342) Marking Phase
[208.899s][info][gc,phases      ] GC(342) Marking Phase 1223.001ms
[208.899s][info][gc,phases,start] GC(342) Summary Phase
[208.899s][info][gc,phases      ] GC(342) Summary Phase 0.057ms
[208.899s][info][gc,phases,start] GC(342) Adjust Roots
[208.899s][info][gc,phases      ] GC(342) Adjust Roots 0.165ms
[208.899s][info][gc,phases,start] GC(342) Compaction Phase
[209.249s][info][gc,phases      ] GC(342) Compaction Phase 350.133ms
[209.249s][info][gc,phases,start] GC(342) Post Compact
[209.257s][info][gc,phases      ] GC(342) Post Compact 7.529ms
[209.257s][info][gc,heap        ] GC(342) PSYoungGen: 97279K(320512K)->97279K(320512K) Eden: 97279K(97280K)->97279K(97280K) From: 0K(223232K)->0K(223232K)
[209.257s][info][gc,heap        ] GC(342) ParOldGen: 5188603K(5188608K)->5188603K(5188608K)
[209.257s][info][gc,metaspace   ] GC(342) Metaspace: 6296K(6464K)->6296K(6464K) NonClass: 5763K(5824K)->5763K(5824K) Class: 532K(640K)->532K(640K)
[209.257s][info][gc             ] GC(342) Pause Full (Ergonomics) 5161M->5161M(5380M) 1581.189ms
[209.257s][info][gc,cpu         ] GC(342) User=12.03s Sys=0.00s Real=1.58s
[209.258s][info][gc,start       ] GC(343) Pause Full (Ergonomics)
[209.258s][info][gc,phases,start] GC(343) Marking Phase
[210.479s][info][gc,phases      ] GC(343) Marking Phase 1221.463ms
[210.479s][info][gc,phases,start] GC(343) Summary Phase
[210.479s][info][gc,phases      ] GC(343) Summary Phase 0.057ms
[210.479s][info][gc,phases,start] GC(343) Adjust Roots
[210.479s][info][gc,phases      ] GC(343) Adjust Roots 0.163ms
[210.479s][info][gc,phases,start] GC(343) Compaction Phase
[210.811s][info][gc,phases      ] GC(343) Compaction Phase 331.605ms
[210.811s][info][gc,phases,start] GC(343) Post Compact
[210.818s][info][gc,phases      ] GC(343) Post Compact 6.967ms
[210.818s][info][gc,heap        ] GC(343) PSYoungGen: 97279K(320512K)->97279K(320512K) Eden: 97279K(97280K)->97279K(97280K) From: 0K(223232K)->0K(223232K)
[210.818s][info][gc,heap        ] GC(343) ParOldGen: 5188607K(5188608K)->5188607K(5188608K)
[210.818s][info][gc,metaspace   ] GC(343) Metaspace: 6296K(6464K)->6296K(6464K) NonClass: 5763K(5824K)->5763K(5824K) Class: 532K(640K)->532K(640K)
[210.818s][info][gc             ] GC(343) Pause Full (Ergonomics) 5161M->5161M(5380M) 1560.599ms
[210.818s][info][gc,cpu         ] GC(343) User=12.08s Sys=0.00s Real=1.56s
[210.818s][info][gc,start       ] GC(344) Pause Full (Allocation Failure)
[210.818s][info][gc,phases,start] GC(344) Marking Phase
[212.022s][info][gc,phases      ] GC(344) Marking Phase 1203.878ms
[212.022s][info][gc,phases,start] GC(344) Summary Phase
[212.022s][info][gc,phases      ] GC(344) Summary Phase 0.057ms
[212.022s][info][gc,phases,start] GC(344) Adjust Roots
[212.022s][info][gc,phases      ] GC(344) Adjust Roots 0.179ms
[212.022s][info][gc,phases,start] GC(344) Compaction Phase
[212.359s][info][gc,phases      ] GC(344) Compaction Phase 337.042ms
[212.360s][info][gc,phases,start] GC(344) Post Compact
[212.367s][info][gc,phases      ] GC(344) Post Compact 7.316ms
[212.367s][info][gc,heap        ] GC(344) PSYoungGen: 97279K(320512K)->97279K(320512K) Eden: 97279K(97280K)->97279K(97280K) From: 0K(223232K)->0K(223232K)
[212.367s][info][gc,heap        ] GC(344) ParOldGen: 5188607K(5188608K)->5188607K(5188608K)
[212.367s][info][gc,metaspace   ] GC(344) Metaspace: 6296K(6464K)->6296K(6464K) NonClass: 5763K(5824K)->5763K(5824K) Class: 532K(640K)->532K(640K)
[212.367s][info][gc             ] GC(344) Pause Full (Allocation Failure) 5161M->5161M(5380M) 1548.796ms
[212.367s][info][gc,cpu         ] GC(344) User=11.91s Sys=0.00s Real=1.55s
[212.367s][info][gc,start       ] GC(345) Pause Full (Ergonomics)
[212.367s][info][gc,phases,start] GC(345) Marking Phase
[213.611s][info][gc,phases      ] GC(345) Marking Phase 1243.472ms
[213.611s][info][gc,phases,start] GC(345) Summary Phase
[213.611s][info][gc,phases      ] GC(345) Summary Phase 0.059ms
[213.611s][info][gc,phases,start] GC(345) Adjust Roots
[213.611s][info][gc,phases      ] GC(345) Adjust Roots 0.240ms
[213.611s][info][gc,phases,start] GC(345) Compaction Phase
[214.926s][info][gc,phases      ] GC(345) Compaction Phase 1314.528ms
[214.926s][info][gc,phases,start] GC(345) Post Compact
[214.934s][info][gc,phases      ] GC(345) Post Compact 7.701ms
[214.934s][info][gc,heap        ] GC(345) PSYoungGen: 97279K(320512K)->97279K(320512K) Eden: 97279K(97280K)->97279K(97280K) From: 0K(223232K)->0K(223232K)
[214.934s][info][gc,heap        ] GC(345) ParOldGen: 5188607K(5188608K)->5188606K(5188608K)
[214.934s][info][gc,metaspace   ] GC(345) Metaspace: 6296K(6464K)->6296K(6464K) NonClass: 5763K(5824K)->5763K(5824K) Class: 532K(640K)->532K(640K)
[214.934s][info][gc             ] GC(345) Pause Full (Ergonomics) 5161M->5161M(5380M) 2566.316ms
[214.934s][info][gc,cpu         ] GC(345) User=19.12s Sys=0.03s Real=2.57s
[214.934s][info][gc,start       ] GC(346) Pause Full (Ergonomics)
[214.934s][info][gc,phases,start] GC(346) Marking Phase
[216.131s][info][gc,phases      ] GC(346) Marking Phase 1196.930ms
[216.131s][info][gc,phases,start] GC(346) Summary Phase
[216.131s][info][gc,phases      ] GC(346) Summary Phase 0.057ms
[216.131s][info][gc,phases,start] GC(346) Adjust Roots
[216.131s][info][gc,phases      ] GC(346) Adjust Roots 0.165ms
[216.132s][info][gc,phases,start] GC(346) Compaction Phase
[216.474s][info][gc,phases      ] GC(346) Compaction Phase 342.504ms
[216.474s][info][gc,phases,start] GC(346) Post Compact
[216.482s][info][gc,phases      ] GC(346) Post Compact 7.785ms
[216.482s][info][gc,heap        ] GC(346) PSYoungGen: 97279K(320512K)->97279K(320512K) Eden: 97279K(97280K)->97279K(97280K) From: 0K(223232K)->0K(223232K)
[216.482s][info][gc,heap        ] GC(346) ParOldGen: 5188606K(5188608K)->5188606K(5188608K)
[216.482s][info][gc,metaspace   ] GC(346) Metaspace: 6296K(6464K)->6296K(6464K) NonClass: 5763K(5824K)->5763K(5824K) Class: 532K(640K)->532K(640K)
[216.482s][info][gc             ] GC(346) Pause Full (Ergonomics) 5161M->5161M(5380M) 1547.813ms
[216.482s][info][gc,cpu         ] GC(346) User=11.95s Sys=0.03s Real=1.55s
[216.483s][info][gc,start       ] GC(347) Pause Full (Ergonomics)
[216.483s][info][gc,phases,start] GC(347) Marking Phase
[217.711s][info][gc,phases      ] GC(347) Marking Phase 1227.269ms
[217.711s][info][gc,phases,start] GC(347) Summary Phase
[217.711s][info][gc,phases      ] GC(347) Summary Phase 0.075ms
[217.711s][info][gc,phases,start] GC(347) Adjust Roots
[217.711s][info][gc,phases      ] GC(347) Adjust Roots 0.315ms
[217.711s][info][gc,phases,start] GC(347) Compaction Phase
[219.023s][info][gc,phases      ] GC(347) Compaction Phase 1311.645ms
[219.023s][info][gc,phases,start] GC(347) Post Compact
[219.031s][info][gc,phases      ] GC(347) Post Compact 7.876ms
[219.031s][info][gc,heap        ] GC(347) PSYoungGen: 97279K(320512K)->97279K(320512K) Eden: 97279K(97280K)->97279K(97280K) From: 0K(223232K)->0K(223232K)
[219.031s][info][gc,heap        ] GC(347) ParOldGen: 5188607K(5188608K)->5188605K(5188608K)
[219.031s][info][gc,metaspace   ] GC(347) Metaspace: 6298K(6464K)->6298K(6464K) NonClass: 5764K(5824K)->5764K(5824K) Class: 533K(640K)->533K(640K)
[219.031s][info][gc             ] GC(347) Pause Full (Ergonomics) 5161M->5161M(5380M) 2547.599ms
[219.031s][info][gc,cpu         ] GC(347) User=18.66s Sys=0.00s Real=2.55s
[219.031s][info][gc,heap,exit   ] Heap
[219.031s][info][gc,heap,exit   ]  PSYoungGen      total 320512K, used 97279K [0x0000000761b00000, 0x0000000783780000, 0x0000000800000000)
[219.031s][info][gc,heap,exit   ]   eden space 97280K, 99% used [0x0000000761b00000,0x00000007679ffff8,0x0000000767a00000)
[219.031s][info][gc,heap,exit   ]   from space 223232K, 0% used [0x0000000775400000,0x0000000775400000,0x0000000782e00000)
[219.031s][info][gc,heap,exit   ]   to   space 223232K, 0% used [0x0000000767a00000,0x0000000767a00000,0x0000000775400000)
[219.031s][info][gc,heap,exit   ]  ParOldGen       total 5188608K, used 5188605K [0x0000000625000000, 0x0000000761b00000, 0x0000000761b00000)
[219.031s][info][gc,heap,exit   ]   object space 5188608K, 99% used [0x0000000625000000,0x0000000761aff7a0,0x0000000761b00000)
[219.031s][info][gc,heap,exit   ]  Metaspace       used 6301K, committed 6464K, reserved 1114112K
[219.031s][info][gc,heap,exit   ]   class space    used 534K, committed 640K, reserved 1048576K
