[0.012s][info][gc,init] CardTable entry size: 512
[0.012s][info][gc     ] Using Parallel
[0.013s][info][gc,init] Version: 18.0.1+10 (release)
[0.013s][info][gc,init] CPUs: 8 total, 8 available
[0.013s][info][gc,init] Memory: 16063M
[0.013s][info][gc,init] Large Page Support: Disabled
[0.013s][info][gc,init] NUMA Support: Disabled
[0.013s][info][gc,init] Compressed Oops: Enabled (Zero based)
[0.013s][info][gc,init] Alignments: Space 512K, Generation 512K, Heap 2M
[0.013s][info][gc,init] Heap Min Capacity: 2M
[0.013s][info][gc,init] Heap Initial Capacity: 2M
[0.013s][info][gc,init] Heap Max Capacity: 12500M
[0.013s][info][gc,init] Pre-touch: Disabled
[0.013s][info][gc,init] Parallel Workers: 8
[0.014s][info][gc,metaspace] CDS archive(s) not mapped
[0.014s][info][gc,metaspace] Compressed class space mapped at: 0x0000000800000000-0x0000000840000000, reserved size: 1073741824
[0.014s][info][gc,metaspace] Narrow klass base: 0x0000000800000000, Narrow klass shift: 0, Narrow klass range: 0x40000000
[0.126s][info][gc,start    ] GC(0) Pause Young (Allocation Failure)
[0.128s][info][gc,heap     ] GC(0) PSYoungGen: 512K(1024K)->480K(1024K) Eden: 512K(512K)->0K(512K) From: 0K(512K)->480K(512K)
[0.128s][info][gc,heap     ] GC(0) ParOldGen: 0K(512K)->8K(512K)
[0.128s][info][gc,metaspace] GC(0) Metaspace: 4229K(4352K)->4229K(4352K) NonClass: 3908K(3968K)->3908K(3968K) Class: 321K(384K)->321K(384K)
[0.128s][info][gc          ] GC(0) Pause Young (Allocation Failure) 0M->0M(1M) 1.845ms
[0.128s][info][gc,cpu      ] GC(0) User=0.00s Sys=0.00s Real=0.00s
[0.199s][info][gc,start    ] GC(1) Pause Young (Allocation Failure)
[0.200s][info][gc,heap     ] GC(1) PSYoungGen: 991K(1024K)->512K(1536K) Eden: 511K(512K)->0K(1024K) From: 480K(512K)->512K(512K)
[0.200s][info][gc,heap     ] GC(1) ParOldGen: 8K(512K)->88K(512K)
[0.200s][info][gc,metaspace] GC(1) Metaspace: 5881K(6016K)->5881K(6016K) NonClass: 5384K(5504K)->5384K(5504K) Class: 496K(512K)->496K(512K)
[0.200s][info][gc          ] GC(1) Pause Young (Allocation Failure) 0M->0M(2M) 1.037ms
[0.200s][info][gc,cpu      ] GC(1) User=0.00s Sys=0.00s Real=0.00s
[0.223s][info][gc,start    ] GC(2) Pause Young (Allocation Failure)
[0.224s][info][gc,heap     ] GC(2) PSYoungGen: 1536K(1536K)->512K(1536K) Eden: 1024K(1024K)->0K(1024K) From: 512K(512K)->512K(512K)
[0.224s][info][gc,heap     ] GC(2) ParOldGen: 88K(512K)->504K(512K)
[0.224s][info][gc,metaspace] GC(2) Metaspace: 6300K(6528K)->6300K(6528K) NonClass: 5767K(5888K)->5767K(5888K) Class: 533K(640K)->533K(640K)
[0.224s][info][gc          ] GC(2) Pause Young (Allocation Failure) 1M->0M(2M) 1.454ms
[0.224s][info][gc,cpu      ] GC(2) User=0.02s Sys=0.00s Real=0.00s
[0.224s][info][gc,start    ] GC(3) Pause Full (Ergonomics)
[0.224s][info][gc,phases,start] GC(3) Marking Phase
[0.225s][info][gc,phases      ] GC(3) Marking Phase 0.984ms
[0.225s][info][gc,phases,start] GC(3) Summary Phase
[0.225s][info][gc,phases      ] GC(3) Summary Phase 0.014ms
[0.225s][info][gc,phases,start] GC(3) Adjust Roots
[0.226s][info][gc,phases      ] GC(3) Adjust Roots 0.440ms
[0.226s][info][gc,phases,start] GC(3) Compaction Phase
[0.227s][info][gc,phases      ] GC(3) Compaction Phase 1.546ms
[0.227s][info][gc,phases,start] GC(3) Post Compact
[0.227s][info][gc,phases      ] GC(3) Post Compact 0.101ms
[0.227s][info][gc,heap        ] GC(3) PSYoungGen: 512K(1536K)->507K(1536K) Eden: 0K(1024K)->0K(1024K) From: 512K(512K)->507K(512K)
[0.227s][info][gc,heap        ] GC(3) ParOldGen: 504K(512K)->473K(2048K)
[0.227s][info][gc,metaspace   ] GC(3) Metaspace: 6300K(6528K)->6300K(6528K) NonClass: 5767K(5888K)->5767K(5888K) Class: 533K(640K)->533K(640K)
[0.227s][info][gc             ] GC(3) Pause Full (Ergonomics) 0M->0M(3M) 3.363ms
[0.227s][info][gc,cpu         ] GC(3) User=0.00s Sys=0.00s Real=0.00s
[0.229s][info][gc,start       ] GC(4) Pause Young (Allocation Failure)
[0.230s][info][gc,heap        ] GC(4) PSYoungGen: 1531K(1536K)->480K(2560K) Eden: 1024K(1024K)->0K(2048K) From: 507K(512K)->480K(512K)
[0.230s][info][gc,heap        ] GC(4) ParOldGen: 473K(2048K)->1034K(2048K)
[0.231s][info][gc,metaspace   ] GC(4) Metaspace: 6300K(6528K)->6300K(6528K) NonClass: 5767K(5888K)->5767K(5888K) Class: 533K(640K)->533K(640K)
[0.231s][info][gc             ] GC(4) Pause Young (Allocation Failure) 1M->1M(4M) 1.429ms
[0.231s][info][gc,cpu         ] GC(4) User=0.00s Sys=0.00s Real=0.00s
[0.234s][info][gc,start       ] GC(5) Pause Young (Allocation Failure)
[0.236s][info][gc,heap        ] GC(5) PSYoungGen: 2528K(2560K)->480K(2560K) Eden: 2048K(2048K)->0K(2048K) From: 480K(512K)->480K(512K)
[0.236s][info][gc,heap        ] GC(5) ParOldGen: 1034K(2048K)->2106K(2560K)
[0.236s][info][gc,metaspace   ] GC(5) Metaspace: 6300K(6528K)->6300K(6528K) NonClass: 5767K(5888K)->5767K(5888K) Class: 533K(640K)->533K(640K)
[0.236s][info][gc             ] GC(5) Pause Young (Allocation Failure) 3M->2M(5M) 1.756ms
[0.236s][info][gc,cpu         ] GC(5) User=0.00s Sys=0.00s Real=0.00s
[0.236s][info][gc,start       ] GC(6) Pause Full (Ergonomics)
[0.236s][info][gc,phases,start] GC(6) Marking Phase
[0.237s][info][gc,phases      ] GC(6) Marking Phase 1.510ms
[0.237s][info][gc,phases,start] GC(6) Summary Phase
[0.237s][info][gc,phases      ] GC(6) Summary Phase 0.015ms
[0.237s][info][gc,phases,start] GC(6) Adjust Roots
[0.238s][info][gc,phases      ] GC(6) Adjust Roots 0.332ms
[0.238s][info][gc,phases,start] GC(6) Compaction Phase
[0.241s][info][gc,phases      ] GC(6) Compaction Phase 3.170ms
[0.241s][info][gc,phases,start] GC(6) Post Compact
[0.241s][info][gc,phases      ] GC(6) Post Compact 0.034ms
[0.241s][info][gc,heap        ] GC(6) PSYoungGen: 480K(2560K)->0K(4096K) Eden: 0K(2048K)->0K(3072K) From: 480K(512K)->0K(1024K)
[0.241s][info][gc,heap        ] GC(6) ParOldGen: 2106K(2560K)->2542K(6144K)
[0.241s][info][gc,metaspace   ] GC(6) Metaspace: 6300K(6528K)->6300K(6528K) NonClass: 5767K(5888K)->5767K(5888K) Class: 533K(640K)->533K(640K)
[0.241s][info][gc             ] GC(6) Pause Full (Ergonomics) 2M->2M(10M) 5.423ms
[0.241s][info][gc,cpu         ] GC(6) User=0.00s Sys=0.00s Real=0.00s
[0.247s][info][gc,start       ] GC(7) Pause Young (Allocation Failure)
[0.249s][info][gc,heap        ] GC(7) PSYoungGen: 3072K(4096K)->1696K(5120K) Eden: 3072K(3072K)->0K(3072K) From: 0K(1024K)->1696K(2048K)
[0.249s][info][gc,heap        ] GC(7) ParOldGen: 2542K(6144K)->2542K(6144K)
[0.249s][info][gc,metaspace   ] GC(7) Metaspace: 6300K(6528K)->6300K(6528K) NonClass: 5767K(5888K)->5767K(5888K) Class: 533K(640K)->533K(640K)
[0.249s][info][gc             ] GC(7) Pause Young (Allocation Failure) 5M->4M(11M) 2.052ms
[0.249s][info][gc,cpu         ] GC(7) User=0.00s Sys=0.00s Real=0.00s
[0.253s][info][gc,start       ] GC(8) Pause Young (Allocation Failure)
[0.256s][info][gc,heap        ] GC(8) PSYoungGen: 4768K(5120K)->2016K(5632K) Eden: 3072K(3072K)->0K(3584K) From: 1696K(2048K)->2016K(2048K)
[0.257s][info][gc,heap        ] GC(8) ParOldGen: 2542K(6144K)->3774K(6144K)
[0.257s][info][gc,metaspace   ] GC(8) Metaspace: 6300K(6528K)->6300K(6528K) NonClass: 5767K(5888K)->5767K(5888K) Class: 533K(640K)->533K(640K)
[0.257s][info][gc             ] GC(8) Pause Young (Allocation Failure) 7M->5M(11M) 3.528ms
[0.257s][info][gc,cpu         ] GC(8) User=0.00s Sys=0.00s Real=0.00s
[0.263s][info][gc,start       ] GC(9) Pause Young (Allocation Failure)
[0.267s][info][gc,heap        ] GC(9) PSYoungGen: 5600K(5632K)->3040K(6656K) Eden: 3584K(3584K)->0K(3584K) From: 2016K(2048K)->3040K(3072K)
[0.267s][info][gc,heap        ] GC(9) ParOldGen: 3774K(6144K)->4614K(6144K)
[0.267s][info][gc,metaspace   ] GC(9) Metaspace: 6300K(6528K)->6300K(6528K) NonClass: 5767K(5888K)->5767K(5888K) Class: 533K(640K)->533K(640K)
[0.267s][info][gc             ] GC(9) Pause Young (Allocation Failure) 9M->7M(12M) 3.825ms
[0.267s][info][gc,cpu         ] GC(9) User=0.00s Sys=0.00s Real=0.00s
[0.271s][info][gc,start       ] GC(10) Pause Young (Allocation Failure)
[0.275s][info][gc,heap        ] GC(10) PSYoungGen: 6624K(6656K)->4064K(8704K) Eden: 3584K(3584K)->0K(4608K) From: 3040K(3072K)->4064K(4096K)
[0.275s][info][gc,heap        ] GC(10) ParOldGen: 4614K(6144K)->5454K(6144K)
[0.275s][info][gc,metaspace   ] GC(10) Metaspace: 6300K(6528K)->6300K(6528K) NonClass: 5767K(5888K)->5767K(5888K) Class: 533K(640K)->533K(640K)
[0.275s][info][gc             ] GC(10) Pause Young (Allocation Failure) 10M->9M(14M) 4.298ms
[0.275s][info][gc,cpu         ] GC(10) User=0.00s Sys=0.00s Real=0.00s
[0.275s][info][gc,start       ] GC(11) Pause Full (Ergonomics)
[0.275s][info][gc,phases,start] GC(11) Marking Phase
[0.279s][info][gc,phases      ] GC(11) Marking Phase 4.239ms
[0.280s][info][gc,phases,start] GC(11) Summary Phase
[0.280s][info][gc,phases      ] GC(11) Summary Phase 0.015ms
[0.280s][info][gc,phases,start] GC(11) Adjust Roots
[0.280s][info][gc,phases      ] GC(11) Adjust Roots 0.333ms
[0.280s][info][gc,phases,start] GC(11) Compaction Phase
[0.286s][info][gc,phases      ] GC(11) Compaction Phase 6.069ms
[0.286s][info][gc,phases,start] GC(11) Post Compact
[0.286s][info][gc,phases      ] GC(11) Post Compact 0.055ms
[0.286s][info][gc,heap        ] GC(11) PSYoungGen: 4064K(8704K)->3545K(8704K) Eden: 0K(4608K)->0K(4608K) From: 4064K(4096K)->3545K(4096K)
[0.286s][info][gc,heap        ] GC(11) ParOldGen: 5454K(6144K)->5831K(10752K)
[0.286s][info][gc,metaspace   ] GC(11) Metaspace: 6300K(6528K)->6300K(6528K) NonClass: 5767K(5888K)->5767K(5888K) Class: 533K(640K)->533K(640K)
[0.286s][info][gc             ] GC(11) Pause Full (Ergonomics) 9M->9M(19M) 11.033ms
[0.286s][info][gc,cpu         ] GC(11) User=0.00s Sys=0.00s Real=0.01s
[0.292s][info][gc,start       ] GC(12) Pause Young (Allocation Failure)
[0.296s][info][gc,heap        ] GC(12) PSYoungGen: 8013K(8704K)->5088K(9728K) Eden: 4468K(4608K)->0K(4608K) From: 3545K(4096K)->5088K(5120K)
[0.296s][info][gc,heap        ] GC(12) ParOldGen: 5831K(10752K)->6615K(10752K)
[0.296s][info][gc,metaspace   ] GC(12) Metaspace: 6300K(6528K)->6300K(6528K) NonClass: 5767K(5888K)->5767K(5888K) Class: 533K(640K)->533K(640K)
[0.296s][info][gc             ] GC(12) Pause Young (Allocation Failure) 13M->11M(20M) 3.598ms
[0.296s][info][gc,cpu         ] GC(12) User=0.00s Sys=0.00s Real=0.00s
[0.301s][info][gc,start       ] GC(13) Pause Young (Allocation Failure)
[0.306s][info][gc,heap        ] GC(13) PSYoungGen: 9696K(9728K)->6112K(11264K) Eden: 4608K(4608K)->0K(5120K) From: 5088K(5120K)->6112K(6144K)
[0.306s][info][gc,heap        ] GC(13) ParOldGen: 6615K(10752K)->7991K(10752K)
[0.306s][info][gc,metaspace   ] GC(13) Metaspace: 6300K(6528K)->6300K(6528K) NonClass: 5767K(5888K)->5767K(5888K) Class: 533K(640K)->533K(640K)
[0.306s][info][gc             ] GC(13) Pause Young (Allocation Failure) 15M->13M(21M) 5.293ms
[0.306s][info][gc,cpu         ] GC(13) User=0.00s Sys=0.00s Real=0.01s
[0.310s][info][gc,start       ] GC(14) Pause Young (Allocation Failure)
[0.315s][info][gc,heap        ] GC(14) PSYoungGen: 11232K(11264K)->5216K(12800K) Eden: 5120K(5120K)->0K(5120K) From: 6112K(6144K)->5216K(7680K)
[0.315s][info][gc,heap        ] GC(14) ParOldGen: 7991K(10752K)->11583K(11776K)
[0.315s][info][gc,metaspace   ] GC(14) Metaspace: 6302K(6528K)->6302K(6528K) NonClass: 5769K(5888K)->5769K(5888K) Class: 533K(640K)->533K(640K)
[0.315s][info][gc             ] GC(14) Pause Young (Allocation Failure) 18M->16M(24M) 5.327ms
[0.315s][info][gc,cpu         ] GC(14) User=0.00s Sys=0.00s Real=0.01s
[0.316s][info][gc,start       ] GC(15) Pause Full (Ergonomics)
[0.316s][info][gc,phases,start] GC(15) Marking Phase
[0.323s][info][gc,phases      ] GC(15) Marking Phase 7.488ms
[0.323s][info][gc,phases,start] GC(15) Summary Phase
[0.323s][info][gc,phases      ] GC(15) Summary Phase 0.014ms
[0.323s][info][gc,phases,start] GC(15) Adjust Roots
[0.323s][info][gc,phases      ] GC(15) Adjust Roots 0.221ms
[0.323s][info][gc,phases,start] GC(15) Compaction Phase
[0.330s][info][gc,phases      ] GC(15) Compaction Phase 7.008ms
[0.330s][info][gc,phases,start] GC(15) Post Compact
[0.330s][info][gc,phases      ] GC(15) Post Compact 0.076ms
[0.331s][info][gc,heap        ] GC(15) PSYoungGen: 5216K(12800K)->5183K(12800K) Eden: 0K(5120K)->0K(5120K) From: 5216K(7680K)->5183K(7680K)
[0.331s][info][gc,heap        ] GC(15) ParOldGen: 11583K(11776K)->11467K(18432K)
[0.331s][info][gc,metaspace   ] GC(15) Metaspace: 6302K(6528K)->6302K(6528K) NonClass: 5769K(5888K)->5769K(5888K) Class: 533K(640K)->533K(640K)
[0.331s][info][gc             ] GC(15) Pause Full (Ergonomics) 16M->16M(30M) 15.157ms
[0.331s][info][gc,cpu         ] GC(15) User=0.02s Sys=0.00s Real=0.01s
[0.334s][info][gc,start       ] GC(16) Pause Young (Allocation Failure)
[0.340s][info][gc,heap        ] GC(16) PSYoungGen: 10303K(12800K)->2688K(14336K) Eden: 5120K(5120K)->0K(7168K) From: 5183K(7680K)->2688K(7168K)
[0.340s][info][gc,heap        ] GC(16) ParOldGen: 11467K(18432K)->16739K(18432K)
[0.340s][info][gc,metaspace   ] GC(16) Metaspace: 6302K(6528K)->6302K(6528K) NonClass: 5769K(5888K)->5769K(5888K) Class: 533K(640K)->533K(640K)
[0.340s][info][gc             ] GC(16) Pause Young (Allocation Failure) 21M->18M(32M) 5.848ms
[0.340s][info][gc,cpu         ] GC(16) User=0.00s Sys=0.00s Real=0.01s
[0.340s][info][gc,start       ] GC(17) Pause Full (Ergonomics)
[0.340s][info][gc,phases,start] GC(17) Marking Phase
[0.348s][info][gc,phases      ] GC(17) Marking Phase 8.070ms
[0.348s][info][gc,phases,start] GC(17) Summary Phase
[0.348s][info][gc,phases      ] GC(17) Summary Phase 0.018ms
[0.348s][info][gc,phases,start] GC(17) Adjust Roots
[0.348s][info][gc,phases      ] GC(17) Adjust Roots 0.215ms
[0.348s][info][gc,phases,start] GC(17) Compaction Phase
[0.354s][info][gc,phases      ] GC(17) Compaction Phase 5.667ms
[0.354s][info][gc,phases,start] GC(17) Post Compact
[0.354s][info][gc,phases      ] GC(17) Post Compact 0.102ms
[0.354s][info][gc,heap        ] GC(17) PSYoungGen: 2688K(14336K)->1105K(14848K) Eden: 0K(7168K)->0K(7680K) From: 2688K(7168K)->1105K(7168K)
[0.354s][info][gc,heap        ] GC(17) ParOldGen: 16739K(18432K)->18183K(27648K)
[0.354s][info][gc,metaspace   ] GC(17) Metaspace: 6302K(6528K)->6302K(6528K) NonClass: 5769K(5888K)->5769K(5888K) Class: 533K(640K)->533K(640K)
[0.354s][info][gc             ] GC(17) Pause Full (Ergonomics) 18M->18M(41M) 14.406ms
[0.354s][info][gc,cpu         ] GC(17) User=0.00s Sys=0.00s Real=0.01s
[0.358s][info][gc,start       ] GC(18) Pause Young (Allocation Failure)
[0.363s][info][gc,heap        ] GC(18) PSYoungGen: 7799K(14848K)->3424K(15360K) Eden: 6694K(7680K)->0K(7680K) From: 1105K(7168K)->3424K(7680K)
[0.363s][info][gc,heap        ] GC(18) ParOldGen: 18183K(27648K)->19311K(27648K)
[0.363s][info][gc,metaspace   ] GC(18) Metaspace: 6302K(6528K)->6302K(6528K) NonClass: 5769K(5888K)->5769K(5888K) Class: 533K(640K)->533K(640K)
[0.363s][info][gc             ] GC(18) Pause Young (Allocation Failure) 25M->22M(42M) 4.733ms
[0.363s][info][gc,cpu         ] GC(18) User=0.00s Sys=0.00s Real=0.00s
[0.370s][info][gc,start       ] GC(19) Pause Young (Allocation Failure)
[0.377s][info][gc,heap        ] GC(19) PSYoungGen: 11103K(15360K)->4480K(17920K) Eden: 7679K(7680K)->0K(10240K) From: 3424K(7680K)->4480K(7680K)
[0.377s][info][gc,heap        ] GC(19) ParOldGen: 19311K(27648K)->22767K(27648K)
[0.377s][info][gc,metaspace   ] GC(19) Metaspace: 6302K(6528K)->6302K(6528K) NonClass: 5769K(5888K)->5769K(5888K) Class: 533K(640K)->533K(640K)
[0.377s][info][gc             ] GC(19) Pause Young (Allocation Failure) 29M->26M(44M) 6.715ms
[0.377s][info][gc,cpu         ] GC(19) User=0.00s Sys=0.00s Real=0.01s
[0.382s][info][gc,start       ] GC(20) Pause Young (Allocation Failure)
[0.390s][info][gc,heap        ] GC(20) PSYoungGen: 14720K(17920K)->5312K(17920K) Eden: 10240K(10240K)->0K(10240K) From: 4480K(7680K)->5312K(7680K)
[0.390s][info][gc,heap        ] GC(20) ParOldGen: 22767K(27648K)->27295K(27648K)
[0.390s][info][gc,metaspace   ] GC(20) Metaspace: 6302K(6528K)->6302K(6528K) NonClass: 5769K(5888K)->5769K(5888K) Class: 533K(640K)->533K(640K)
[0.390s][info][gc             ] GC(20) Pause Young (Allocation Failure) 36M->31M(44M) 7.679ms
[0.390s][info][gc,cpu         ] GC(20) User=0.00s Sys=0.00s Real=0.01s
[0.390s][info][gc,start       ] GC(21) Pause Full (Ergonomics)
[0.390s][info][gc,phases,start] GC(21) Marking Phase
[0.404s][info][gc,phases      ] GC(21) Marking Phase 13.683ms
[0.404s][info][gc,phases,start] GC(21) Summary Phase
[0.404s][info][gc,phases      ] GC(21) Summary Phase 0.018ms
[0.404s][info][gc,phases,start] GC(21) Adjust Roots
[0.404s][info][gc,phases      ] GC(21) Adjust Roots 0.179ms
[0.404s][info][gc,phases,start] GC(21) Compaction Phase
[0.417s][info][gc,phases      ] GC(21) Compaction Phase 12.364ms
[0.417s][info][gc,phases,start] GC(21) Post Compact
[0.417s][info][gc,phases      ] GC(21) Post Compact 0.102ms
[0.417s][info][gc,heap        ] GC(21) PSYoungGen: 5312K(17920K)->4779K(17920K) Eden: 0K(10240K)->0K(10240K) From: 5312K(7680K)->4779K(7680K)
[0.417s][info][gc,heap        ] GC(21) ParOldGen: 27295K(27648K)->27140K(38912K)
[0.417s][info][gc,metaspace   ] GC(21) Metaspace: 6302K(6528K)->6302K(6528K) NonClass: 5769K(5888K)->5769K(5888K) Class: 533K(640K)->533K(640K)
[0.417s][info][gc             ] GC(21) Pause Full (Ergonomics) 31M->31M(55M) 26.801ms
[0.417s][info][gc,cpu         ] GC(21) User=0.02s Sys=0.00s Real=0.03s
[0.432s][info][gc,start       ] GC(22) Pause Young (Allocation Failure)
[0.445s][info][gc,heap        ] GC(22) PSYoungGen: 15019K(17920K)->8192K(17920K) Eden: 10240K(10240K)->0K(9728K) From: 4779K(7680K)->8192K(8192K)
[0.445s][info][gc,heap        ] GC(22) ParOldGen: 27140K(38912K)->32964K(38912K)
[0.445s][info][gc,metaspace   ] GC(22) Metaspace: 6302K(6528K)->6302K(6528K) NonClass: 5769K(5888K)->5769K(5888K) Class: 533K(640K)->533K(640K)
[0.445s][info][gc             ] GC(22) Pause Young (Allocation Failure) 41M->40M(55M) 12.758ms
[0.445s][info][gc,cpu         ] GC(22) User=0.02s Sys=0.00s Real=0.01s
[0.445s][info][gc,start       ] GC(23) Pause Full (Ergonomics)
[0.445s][info][gc,phases,start] GC(23) Marking Phase
[0.464s][info][gc,phases      ] GC(23) Marking Phase 19.129ms
[0.464s][info][gc,phases,start] GC(23) Summary Phase
[0.464s][info][gc,phases      ] GC(23) Summary Phase 0.013ms
[0.464s][info][gc,phases,start] GC(23) Adjust Roots
[0.464s][info][gc,phases      ] GC(23) Adjust Roots 0.147ms
[0.464s][info][gc,phases,start] GC(23) Compaction Phase
[0.475s][info][gc,phases      ] GC(23) Compaction Phase 10.530ms
[0.475s][info][gc,phases,start] GC(23) Post Compact
[0.475s][info][gc,phases      ] GC(23) Post Compact 0.230ms
[0.475s][info][gc,heap        ] GC(23) PSYoungGen: 8192K(17920K)->2555K(17920K) Eden: 0K(9728K)->0K(9728K) From: 8192K(8192K)->2555K(8192K)
[0.475s][info][gc,heap        ] GC(23) ParOldGen: 32964K(38912K)->38484K(52736K)
[0.475s][info][gc,metaspace   ] GC(23) Metaspace: 6302K(6528K)->6302K(6528K) NonClass: 5769K(5888K)->5769K(5888K) Class: 533K(640K)->533K(640K)
[0.475s][info][gc             ] GC(23) Pause Full (Ergonomics) 40M->40M(69M) 30.367ms
[0.475s][info][gc,cpu         ] GC(23) User=0.03s Sys=0.00s Real=0.03s
[0.489s][info][gc,start       ] GC(24) Pause Young (Allocation Failure)
[0.500s][info][gc,heap        ] GC(24) PSYoungGen: 12283K(17920K)->9760K(20992K) Eden: 9728K(9728K)->0K(9728K) From: 2555K(8192K)->9760K(11264K)
[0.500s][info][gc,heap        ] GC(24) ParOldGen: 38484K(52736K)->41084K(52736K)
[0.500s][info][gc,metaspace   ] GC(24) Metaspace: 6302K(6528K)->6302K(6528K) NonClass: 5769K(5888K)->5769K(5888K) Class: 533K(640K)->533K(640K)
[0.500s][info][gc             ] GC(24) Pause Young (Allocation Failure) 49M->49M(72M) 10.481ms
[0.500s][info][gc,cpu         ] GC(24) User=0.00s Sys=0.00s Real=0.01s
[0.509s][info][gc,start       ] GC(25) Pause Young (Allocation Failure)
[0.522s][info][gc,heap        ] GC(25) PSYoungGen: 19488K(20992K)->12768K(19968K) Eden: 9728K(9728K)->0K(7168K) From: 9760K(11264K)->12768K(12800K)
[0.522s][info][gc,heap        ] GC(25) ParOldGen: 41084K(52736K)->47852K(52736K)
[0.522s][info][gc,metaspace   ] GC(25) Metaspace: 6302K(6528K)->6302K(6528K) NonClass: 5769K(5888K)->5769K(5888K) Class: 533K(640K)->533K(640K)
[0.522s][info][gc             ] GC(25) Pause Young (Allocation Failure) 59M->59M(71M) 13.670ms
[0.522s][info][gc,cpu         ] GC(25) User=0.02s Sys=0.00s Real=0.01s
[0.522s][info][gc,start       ] GC(26) Pause Full (Ergonomics)
[0.522s][info][gc,phases,start] GC(26) Marking Phase
[0.546s][info][gc,phases      ] GC(26) Marking Phase 23.360ms
[0.546s][info][gc,phases,start] GC(26) Summary Phase
[0.546s][info][gc,phases      ] GC(26) Summary Phase 0.014ms
[0.546s][info][gc,phases,start] GC(26) Adjust Roots
[0.546s][info][gc,phases      ] GC(26) Adjust Roots 0.150ms
[0.546s][info][gc,phases,start] GC(26) Compaction Phase
[0.564s][info][gc,phases      ] GC(26) Compaction Phase 17.398ms
[0.564s][info][gc,phases,start] GC(26) Post Compact
[0.564s][info][gc,phases      ] GC(26) Post Compact 0.201ms
[0.564s][info][gc,heap        ] GC(26) PSYoungGen: 12768K(19968K)->7122K(19968K) Eden: 0K(7168K)->0K(7168K) From: 12768K(12800K)->7122K(12800K)
[0.564s][info][gc,heap        ] GC(26) ParOldGen: 47852K(52736K)->52296K(69120K)
[0.564s][info][gc,metaspace   ] GC(26) Metaspace: 6302K(6528K)->6302K(6528K) NonClass: 5769K(5888K)->5769K(5888K) Class: 533K(640K)->533K(640K)
[0.564s][info][gc             ] GC(26) Pause Full (Ergonomics) 59M->58M(87M) 41.483ms
[0.564s][info][gc,cpu         ] GC(26) User=0.03s Sys=0.00s Real=0.04s
[0.571s][info][gc,start       ] GC(27) Pause Young (Allocation Failure)
[0.585s][info][gc,heap        ] GC(27) PSYoungGen: 14290K(19968K)->7168K(24576K) Eden: 7168K(7168K)->0K(7168K) From: 7122K(12800K)->7168K(17408K)
[0.585s][info][gc,heap        ] GC(27) ParOldGen: 52296K(69120K)->59536K(69120K)
[0.585s][info][gc,metaspace   ] GC(27) Metaspace: 6302K(6528K)->6302K(6528K) NonClass: 5769K(5888K)->5769K(5888K) Class: 533K(640K)->533K(640K)
[0.585s][info][gc             ] GC(27) Pause Young (Allocation Failure) 65M->65M(91M) 14.260ms
[0.585s][info][gc,cpu         ] GC(27) User=0.00s Sys=0.00s Real=0.01s
[0.596s][info][gc,start       ] GC(28) Pause Young (Allocation Failure)
[0.608s][info][gc,heap        ] GC(28) PSYoungGen: 14336K(24576K)->14336K(23040K) Eden: 7168K(7168K)->0K(6656K) From: 7168K(17408K)->14336K(16384K)
[0.608s][info][gc,heap        ] GC(28) ParOldGen: 59536K(69120K)->59536K(69120K)
[0.608s][info][gc,metaspace   ] GC(28) Metaspace: 6302K(6528K)->6302K(6528K) NonClass: 5769K(5888K)->5769K(5888K) Class: 533K(640K)->533K(640K)
[0.608s][info][gc             ] GC(28) Pause Young (Allocation Failure) 72M->72M(90M) 11.490ms
[0.608s][info][gc,cpu         ] GC(28) User=0.02s Sys=0.00s Real=0.01s
[0.615s][info][gc,start       ] GC(29) Pause Young (Allocation Failure)
[0.629s][info][gc,heap        ] GC(29) PSYoungGen: 20992K(23040K)->13824K(25088K) Eden: 6656K(6656K)->0K(6656K) From: 14336K(16384K)->13824K(18432K)
[0.629s][info][gc,heap        ] GC(29) ParOldGen: 59536K(69120K)->66800K(69120K)
[0.629s][info][gc,metaspace   ] GC(29) Metaspace: 6302K(6528K)->6302K(6528K) NonClass: 5769K(5888K)->5769K(5888K) Class: 533K(640K)->533K(640K)
[0.629s][info][gc             ] GC(29) Pause Young (Allocation Failure) 78M->78M(92M) 14.288ms
[0.629s][info][gc,cpu         ] GC(29) User=0.00s Sys=0.00s Real=0.01s
[0.629s][info][gc,start       ] GC(30) Pause Full (Ergonomics)
[0.629s][info][gc,phases,start] GC(30) Marking Phase
[0.660s][info][gc,phases      ] GC(30) Marking Phase 31.152ms
[0.660s][info][gc,phases,start] GC(30) Summary Phase
[0.660s][info][gc,phases      ] GC(30) Summary Phase 0.015ms
[0.660s][info][gc,phases,start] GC(30) Adjust Roots
[0.660s][info][gc,phases      ] GC(30) Adjust Roots 0.147ms
[0.660s][info][gc,phases,start] GC(30) Compaction Phase
[0.678s][info][gc,phases      ] GC(30) Compaction Phase 18.078ms
[0.679s][info][gc,phases,start] GC(30) Post Compact
[0.679s][info][gc,phases      ] GC(30) Post Compact 0.320ms
[0.679s][info][gc,heap        ] GC(30) PSYoungGen: 13824K(25088K)->11209K(25088K) Eden: 0K(6656K)->0K(6656K) From: 13824K(18432K)->11209K(18432K)
[0.679s][info][gc,heap        ] GC(30) ParOldGen: 66800K(69120K)->69112K(89600K)
[0.679s][info][gc,metaspace   ] GC(30) Metaspace: 6302K(6528K)->6302K(6528K) NonClass: 5769K(5888K)->5769K(5888K) Class: 533K(640K)->533K(640K)
[0.679s][info][gc             ] GC(30) Pause Full (Ergonomics) 78M->78M(112M) 50.055ms
[0.679s][info][gc,cpu         ] GC(30) User=0.06s Sys=0.00s Real=0.05s
[0.686s][info][gc,start       ] GC(31) Pause Young (Allocation Failure)
[0.701s][info][gc,heap        ] GC(31) PSYoungGen: 17865K(25088K)->11936K(27648K) Eden: 6656K(6656K)->0K(8192K) From: 11209K(18432K)->11936K(19456K)
[0.701s][info][gc,heap        ] GC(31) ParOldGen: 69112K(89600K)->75152K(89600K)
[0.701s][info][gc,metaspace   ] GC(31) Metaspace: 6302K(6528K)->6302K(6528K) NonClass: 5769K(5888K)->5769K(5888K) Class: 533K(640K)->533K(640K)
[0.701s][info][gc             ] GC(31) Pause Young (Allocation Failure) 84M->85M(114M) 15.153ms
[0.701s][info][gc,cpu         ] GC(31) User=0.00s Sys=0.00s Real=0.02s
[0.717s][info][gc,start       ] GC(32) Pause Young (Allocation Failure)
[0.731s][info][gc,heap        ] GC(32) PSYoungGen: 20128K(27648K)->14848K(28160K) Eden: 8192K(8192K)->0K(8192K) From: 11936K(19456K)->14848K(19968K)
[0.731s][info][gc,heap        ] GC(32) ParOldGen: 75152K(89600K)->80512K(89600K)
[0.731s][info][gc,metaspace   ] GC(32) Metaspace: 6302K(6528K)->6302K(6528K) NonClass: 5769K(5888K)->5769K(5888K) Class: 533K(640K)->533K(640K)
[0.731s][info][gc             ] GC(32) Pause Young (Allocation Failure) 93M->93M(115M) 13.967ms
[0.731s][info][gc,cpu         ] GC(32) User=0.02s Sys=0.00s Real=0.01s
[0.731s][info][gc,start       ] GC(33) Pause Full (Ergonomics)
[0.731s][info][gc,phases,start] GC(33) Marking Phase
[0.768s][info][gc,phases      ] GC(33) Marking Phase 36.970ms
[0.768s][info][gc,phases,start] GC(33) Summary Phase
[0.768s][info][gc,phases      ] GC(33) Summary Phase 0.015ms
[0.768s][info][gc,phases,start] GC(33) Adjust Roots
[0.768s][info][gc,phases      ] GC(33) Adjust Roots 0.178ms
[0.768s][info][gc,phases,start] GC(33) Compaction Phase
[0.794s][info][gc,phases      ] GC(33) Compaction Phase 25.596ms
[0.794s][info][gc,phases,start] GC(33) Post Compact
[0.794s][info][gc,phases      ] GC(33) Post Compact 0.293ms
[0.794s][info][gc,heap        ] GC(33) PSYoungGen: 14848K(28160K)->3553K(28160K) Eden: 0K(8192K)->0K(8192K) From: 14848K(19968K)->3553K(19968K)
[0.794s][info][gc,heap        ] GC(33) ParOldGen: 80512K(89600K)->89524K(112128K)
[0.794s][info][gc,metaspace   ] GC(33) Metaspace: 6302K(6528K)->6302K(6528K) NonClass: 5769K(5888K)->5769K(5888K) Class: 533K(640K)->533K(640K)
[0.794s][info][gc             ] GC(33) Pause Full (Ergonomics) 93M->90M(137M) 63.446ms
[0.794s][info][gc,cpu         ] GC(33) User=0.06s Sys=0.00s Real=0.06s
[0.803s][info][gc,start       ] GC(34) Pause Young (Allocation Failure)
[0.816s][info][gc,heap        ] GC(34) PSYoungGen: 11745K(28160K)->10144K(29184K) Eden: 8192K(8192K)->0K(9728K) From: 3553K(19968K)->10144K(19456K)
[0.816s][info][gc,heap        ] GC(34) ParOldGen: 89524K(112128K)->91172K(112128K)
[0.816s][info][gc,metaspace   ] GC(34) Metaspace: 6302K(6528K)->6302K(6528K) NonClass: 5769K(5888K)->5769K(5888K) Class: 533K(640K)->533K(640K)
[0.816s][info][gc             ] GC(34) Pause Young (Allocation Failure) 98M->98M(138M) 13.566ms
[0.816s][info][gc,cpu         ] GC(34) User=0.00s Sys=0.00s Real=0.01s
[0.826s][info][gc,start       ] GC(35) Pause Young (Allocation Failure)
[0.836s][info][gc,heap        ] GC(35) PSYoungGen: 19872K(29184K)->19872K(30208K) Eden: 9728K(9728K)->0K(9728K) From: 10144K(19456K)->19872K(20480K)
[0.836s][info][gc,heap        ] GC(35) ParOldGen: 91172K(112128K)->91172K(112128K)
[0.836s][info][gc,metaspace   ] GC(35) Metaspace: 6302K(6528K)->6302K(6528K) NonClass: 5769K(5888K)->5769K(5888K) Class: 533K(640K)->533K(640K)
[0.836s][info][gc             ] GC(35) Pause Young (Allocation Failure) 108M->108M(139M) 10.492ms
[0.836s][info][gc,cpu         ] GC(35) User=0.02s Sys=0.00s Real=0.01s
[0.846s][info][gc,start       ] GC(36) Pause Young (Allocation Failure)
[0.863s][info][gc,heap        ] GC(36) PSYoungGen: 29600K(30208K)->23552K(29184K) Eden: 9728K(9728K)->0K(5632K) From: 19872K(20480K)->23552K(23552K)
[0.863s][info][gc,heap        ] GC(36) ParOldGen: 91172K(112128K)->97252K(112128K)
[0.863s][info][gc,metaspace   ] GC(36) Metaspace: 6302K(6528K)->6302K(6528K) NonClass: 5769K(5888K)->5769K(5888K) Class: 533K(640K)->533K(640K)
[0.863s][info][gc             ] GC(36) Pause Young (Allocation Failure) 117M->117M(138M) 16.346ms
[0.863s][info][gc,cpu         ] GC(36) User=0.02s Sys=0.00s Real=0.02s
[0.869s][info][gc,start       ] GC(37) Pause Young (Allocation Failure)
[0.883s][info][gc,heap        ] GC(37) PSYoungGen: 29184K(29184K)->19680K(34816K) Eden: 5632K(5632K)->0K(5632K) From: 23552K(23552K)->19680K(29184K)
[0.883s][info][gc,heap        ] GC(37) ParOldGen: 97252K(112128K)->106956K(112128K)
[0.883s][info][gc,metaspace   ] GC(37) Metaspace: 6302K(6528K)->6302K(6528K) NonClass: 5769K(5888K)->5769K(5888K) Class: 533K(640K)->533K(640K)
[0.883s][info][gc             ] GC(37) Pause Young (Allocation Failure) 123M->123M(143M) 14.437ms
[0.883s][info][gc,cpu         ] GC(37) User=0.00s Sys=0.00s Real=0.01s
[0.884s][info][gc,start       ] GC(38) Pause Full (Ergonomics)
[0.884s][info][gc,phases,start] GC(38) Marking Phase
[0.918s][info][gc,phases      ] GC(38) Marking Phase 34.046ms
[0.918s][info][gc,phases,start] GC(38) Summary Phase
[0.918s][info][gc,phases      ] GC(38) Summary Phase 0.020ms
[0.918s][info][gc,phases,start] GC(38) Adjust Roots
[0.918s][info][gc,phases      ] GC(38) Adjust Roots 0.151ms
[0.918s][info][gc,phases,start] GC(38) Compaction Phase
[0.937s][info][gc,phases      ] GC(38) Compaction Phase 19.449ms
[0.937s][info][gc,phases,start] GC(38) Post Compact
[0.938s][info][gc,phases      ] GC(38) Post Compact 0.603ms
[0.938s][info][gc,heap        ] GC(38) PSYoungGen: 19680K(34816K)->14455K(34816K) Eden: 0K(5632K)->0K(5632K) From: 19680K(29184K)->14455K(29184K)
[0.938s][info][gc,heap        ] GC(38) ParOldGen: 106956K(112128K)->111770K(137728K)
[0.938s][info][gc,metaspace   ] GC(38) Metaspace: 6302K(6528K)->6302K(6528K) NonClass: 5769K(5888K)->5769K(5888K) Class: 533K(640K)->533K(640K)
[0.938s][info][gc             ] GC(38) Pause Full (Ergonomics) 123M->123M(168M) 54.712ms
[0.938s][info][gc,cpu         ] GC(38) User=0.14s Sys=0.00s Real=0.05s
[0.945s][info][gc,start       ] GC(39) Pause Young (Allocation Failure)
[0.961s][info][gc,heap        ] GC(39) PSYoungGen: 20087K(34816K)->10144K(34304K) Eden: 5632K(5632K)->0K(6656K) From: 14455K(29184K)->10144K(27648K)
[0.961s][info][gc,heap        ] GC(39) ParOldGen: 111770K(137728K)->121938K(137728K)
[0.961s][info][gc,metaspace   ] GC(39) Metaspace: 6302K(6528K)->6302K(6528K) NonClass: 5769K(5888K)->5769K(5888K) Class: 533K(640K)->533K(640K)
[0.961s][info][gc             ] GC(39) Pause Young (Allocation Failure) 128M->128M(168M) 16.215ms
[0.961s][info][gc,cpu         ] GC(39) User=0.02s Sys=0.00s Real=0.02s
[0.968s][info][gc,start       ] GC(40) Pause Young (Allocation Failure)
[0.977s][info][gc,heap        ] GC(40) PSYoungGen: 16800K(34304K)->12288K(35840K) Eden: 6656K(6656K)->0K(6656K) From: 10144K(27648K)->12288K(29184K)
[0.977s][info][gc,heap        ] GC(40) ParOldGen: 121938K(137728K)->126482K(137728K)
[0.977s][info][gc,metaspace   ] GC(40) Metaspace: 6302K(6528K)->6302K(6528K) NonClass: 5769K(5888K)->5769K(5888K) Class: 533K(640K)->533K(640K)
[0.977s][info][gc             ] GC(40) Pause Young (Allocation Failure) 135M->135M(169M) 9.015ms
[0.977s][info][gc,cpu         ] GC(40) User=0.02s Sys=0.00s Real=0.01s
[0.977s][info][gc,start       ] GC(41) Pause Full (Ergonomics)
[0.977s][info][gc,phases,start] GC(41) Marking Phase
[1.015s][info][gc,phases      ] GC(41) Marking Phase 37.887ms
[1.015s][info][gc,phases,start] GC(41) Summary Phase
[1.015s][info][gc,phases      ] GC(41) Summary Phase 0.017ms
[1.015s][info][gc,phases,start] GC(41) Adjust Roots
[1.015s][info][gc,phases      ] GC(41) Adjust Roots 0.149ms
[1.015s][info][gc,phases,start] GC(41) Compaction Phase
[1.035s][info][gc,phases      ] GC(41) Compaction Phase 19.338ms
[1.035s][info][gc,phases,start] GC(41) Post Compact
[1.035s][info][gc,phases      ] GC(41) Post Compact 0.622ms
[1.036s][info][gc,heap        ] GC(41) PSYoungGen: 12288K(35840K)->987K(7680K) Eden: 0K(6656K)->0K(6656K) From: 12288K(29184K)->987K(1024K)
[1.036s][info][gc,heap        ] GC(41) ParOldGen: 126482K(137728K)->137467K(166400K)
[1.036s][info][gc,metaspace   ] GC(41) Metaspace: 6302K(6528K)->6302K(6528K) NonClass: 5769K(5888K)->5769K(5888K) Class: 533K(640K)->533K(640K)
[1.036s][info][gc             ] GC(41) Pause Full (Ergonomics) 135M->135M(170M) 58.662ms
[1.036s][info][gc,cpu         ] GC(41) User=0.12s Sys=0.03s Real=0.06s
[1.042s][info][gc,start       ] GC(42) Pause Young (Allocation Failure)
[1.054s][info][gc,heap        ] GC(42) PSYoungGen: 7643K(7680K)->7424K(34304K) Eden: 6656K(6656K)->0K(7680K) From: 987K(1024K)->7424K(26624K)
[1.054s][info][gc,heap        ] GC(42) ParOldGen: 137467K(166400K)->137739K(166400K)
[1.054s][info][gc,metaspace   ] GC(42) Metaspace: 6302K(6528K)->6302K(6528K) NonClass: 5769K(5888K)->5769K(5888K) Class: 533K(640K)->533K(640K)
[1.054s][info][gc             ] GC(42) Pause Young (Allocation Failure) 141M->141M(196M) 11.789ms
[1.054s][info][gc,cpu         ] GC(42) User=0.02s Sys=0.00s Real=0.01s
[1.063s][info][gc,start       ] GC(43) Pause Young (Allocation Failure)
[1.070s][info][gc,heap        ] GC(43) PSYoungGen: 15104K(34304K)->15104K(34816K) Eden: 7680K(7680K)->0K(7680K) From: 7424K(26624K)->15104K(27136K)
[1.070s][info][gc,heap        ] GC(43) ParOldGen: 137739K(166400K)->137739K(166400K)
[1.070s][info][gc,metaspace   ] GC(43) Metaspace: 6302K(6528K)->6302K(6528K) NonClass: 5769K(5888K)->5769K(5888K) Class: 533K(640K)->533K(640K)
[1.070s][info][gc             ] GC(43) Pause Young (Allocation Failure) 149M->149M(196M) 7.583ms
[1.070s][info][gc,cpu         ] GC(43) User=0.02s Sys=0.00s Real=0.01s
[1.079s][info][gc,start       ] GC(44) Pause Young (Allocation Failure)
[1.089s][info][gc,heap        ] GC(44) PSYoungGen: 22784K(34816K)->22752K(33280K) Eden: 7680K(7680K)->0K(6656K) From: 15104K(27136K)->22752K(26624K)
[1.089s][info][gc,heap        ] GC(44) ParOldGen: 137739K(166400K)->137739K(166400K)
[1.089s][info][gc,metaspace   ] GC(44) Metaspace: 6302K(6528K)->6302K(6528K) NonClass: 5769K(5888K)->5769K(5888K) Class: 533K(640K)->533K(640K)
[1.089s][info][gc             ] GC(44) Pause Young (Allocation Failure) 156M->156M(195M) 10.562ms
[1.089s][info][gc,cpu         ] GC(44) User=0.02s Sys=0.00s Real=0.01s
[1.097s][info][gc,start       ] GC(45) Pause Young (Allocation Failure)
[1.110s][info][gc,heap        ] GC(45) PSYoungGen: 29408K(33280K)->28672K(35840K) Eden: 6656K(6656K)->0K(6656K) From: 22752K(26624K)->28672K(29184K)
[1.110s][info][gc,heap        ] GC(45) ParOldGen: 137739K(166400K)->138499K(166400K)
[1.110s][info][gc,metaspace   ] GC(45) Metaspace: 6302K(6528K)->6302K(6528K) NonClass: 5769K(5888K)->5769K(5888K) Class: 533K(640K)->533K(640K)
[1.110s][info][gc             ] GC(45) Pause Young (Allocation Failure) 163M->163M(197M) 12.953ms
[1.110s][info][gc,cpu         ] GC(45) User=0.00s Sys=0.00s Real=0.01s
[1.117s][info][gc,start       ] GC(46) Pause Young (Allocation Failure)
[1.134s][info][gc,heap        ] GC(46) PSYoungGen: 35328K(35840K)->28640K(38400K) Eden: 6656K(6656K)->0K(5120K) From: 28672K(29184K)->28640K(33280K)
[1.134s][info][gc,heap        ] GC(46) ParOldGen: 138499K(166400K)->145243K(166400K)
[1.134s][info][gc,metaspace   ] GC(46) Metaspace: 6302K(6528K)->6302K(6528K) NonClass: 5769K(5888K)->5769K(5888K) Class: 533K(640K)->533K(640K)
[1.134s][info][gc             ] GC(46) Pause Young (Allocation Failure) 169M->169M(200M) 16.731ms
[1.134s][info][gc,cpu         ] GC(46) User=0.02s Sys=0.00s Real=0.02s
[1.166s][info][gc,start       ] GC(47) Pause Young (Allocation Failure)
[1.188s][info][gc,heap        ] GC(47) PSYoungGen: 33760K(38400K)->18432K(41472K) Eden: 5120K(5120K)->0K(5120K) From: 28640K(33280K)->18432K(36352K)
[1.188s][info][gc,heap        ] GC(47) ParOldGen: 153435K(166400K)->168987K(169472K)
[1.188s][info][gc,metaspace   ] GC(47) Metaspace: 6302K(6528K)->6302K(6528K) NonClass: 5769K(5888K)->5769K(5888K) Class: 533K(640K)->533K(640K)
[1.189s][info][gc             ] GC(47) Pause Young (Allocation Failure) 182M->183M(206M) 22.980ms
[1.189s][info][gc,cpu         ] GC(47) User=0.03s Sys=0.00s Real=0.02s
[1.189s][info][gc,start       ] GC(48) Pause Full (Ergonomics)
[1.189s][info][gc,phases,start] GC(48) Marking Phase
[1.234s][info][gc,phases      ] GC(48) Marking Phase 45.725ms
[1.234s][info][gc,phases,start] GC(48) Summary Phase
[1.234s][info][gc,phases      ] GC(48) Summary Phase 0.016ms
[1.234s][info][gc,phases,start] GC(48) Adjust Roots
[1.235s][info][gc,phases      ] GC(48) Adjust Roots 0.148ms
[1.235s][info][gc,phases,start] GC(48) Compaction Phase
[1.271s][info][gc,phases      ] GC(48) Compaction Phase 36.450ms
[1.271s][info][gc,phases,start] GC(48) Post Compact
[1.272s][info][gc,phases      ] GC(48) Post Compact 0.812ms
[1.272s][info][gc,heap        ] GC(48) PSYoungGen: 18432K(41472K)->13742K(41472K) Eden: 0K(5120K)->0K(5120K) From: 18432K(36352K)->13742K(36352K)
[1.272s][info][gc,heap        ] GC(48) ParOldGen: 168987K(169472K)->169074K(202752K)
[1.272s][info][gc,metaspace   ] GC(48) Metaspace: 6302K(6528K)->6302K(6528K) NonClass: 5769K(5888K)->5769K(5888K) Class: 533K(640K)->533K(640K)
[1.272s][info][gc             ] GC(48) Pause Full (Ergonomics) 183M->178M(238M) 83.617ms
[1.272s][info][gc,cpu         ] GC(48) User=0.20s Sys=0.00s Real=0.08s
[1.279s][info][gc,start       ] GC(49) Pause Young (Allocation Failure)
[1.296s][info][gc,heap        ] GC(49) PSYoungGen: 18862K(41472K)->13728K(38400K) Eden: 5120K(5120K)->0K(6144K) From: 13742K(36352K)->13728K(32256K)
[1.296s][info][gc,heap        ] GC(49) ParOldGen: 169074K(202752K)->174394K(202752K)
[1.296s][info][gc,metaspace   ] GC(49) Metaspace: 6302K(6528K)->6302K(6528K) NonClass: 5769K(5888K)->5769K(5888K) Class: 533K(640K)->533K(640K)
[1.296s][info][gc             ] GC(49) Pause Young (Allocation Failure) 183M->183M(235M) 16.845ms
[1.296s][info][gc,cpu         ] GC(49) User=0.03s Sys=0.00s Real=0.02s
[1.302s][info][gc,start       ] GC(50) Pause Young (Allocation Failure)
[1.312s][info][gc,heap        ] GC(50) PSYoungGen: 19872K(38400K)->14848K(20992K) Eden: 6144K(6144K)->0K(6144K) From: 13728K(32256K)->14848K(14848K)
[1.312s][info][gc,heap        ] GC(50) ParOldGen: 174394K(202752K)->179482K(202752K)
[1.312s][info][gc,metaspace   ] GC(50) Metaspace: 6302K(6528K)->6302K(6528K) NonClass: 5769K(5888K)->5769K(5888K) Class: 533K(640K)->533K(640K)
[1.312s][info][gc             ] GC(50) Pause Young (Allocation Failure) 189M->189M(218M) 10.533ms
[1.312s][info][gc,cpu         ] GC(50) User=0.00s Sys=0.00s Real=0.01s
[1.319s][info][gc,start       ] GC(51) Pause Young (Allocation Failure)
[1.329s][info][gc,heap        ] GC(51) PSYoungGen: 20992K(20992K)->17472K(37376K) Eden: 6144K(6144K)->0K(7168K) From: 14848K(14848K)->17472K(30208K)
[1.329s][info][gc,heap        ] GC(51) ParOldGen: 179482K(202752K)->183082K(202752K)
[1.329s][info][gc,metaspace   ] GC(51) Metaspace: 6302K(6528K)->6302K(6528K) NonClass: 5769K(5888K)->5769K(5888K) Class: 533K(640K)->533K(640K)
[1.329s][info][gc             ] GC(51) Pause Young (Allocation Failure) 195M->195M(234M) 10.750ms
[1.329s][info][gc,cpu         ] GC(51) User=0.00s Sys=0.00s Real=0.01s
[1.337s][info][gc,start       ] GC(52) Pause Young (Allocation Failure)
[1.350s][info][gc,heap        ] GC(52) PSYoungGen: 24640K(37376K)->13344K(38400K) Eden: 7168K(7168K)->0K(7168K) From: 17472K(30208K)->13344K(31232K)
[1.350s][info][gc,heap        ] GC(52) ParOldGen: 183082K(202752K)->194474K(202752K)
[1.350s][info][gc,metaspace   ] GC(52) Metaspace: 6302K(6528K)->6302K(6528K) NonClass: 5769K(5888K)->5769K(5888K) Class: 533K(640K)->533K(640K)
[1.350s][info][gc             ] GC(52) Pause Young (Allocation Failure) 202M->202M(235M) 12.407ms
[1.350s][info][gc,cpu         ] GC(52) User=0.02s Sys=0.00s Real=0.01s
[1.350s][info][gc,start       ] GC(53) Pause Full (Ergonomics)
[1.350s][info][gc,phases,start] GC(53) Marking Phase
[1.404s][info][gc,phases      ] GC(53) Marking Phase 54.678ms
[1.405s][info][gc,phases,start] GC(53) Summary Phase
[1.405s][info][gc,phases      ] GC(53) Summary Phase 0.021ms
[1.405s][info][gc,phases,start] GC(53) Adjust Roots
[1.405s][info][gc,phases      ] GC(53) Adjust Roots 0.174ms
[1.405s][info][gc,phases,start] GC(53) Compaction Phase
[1.431s][info][gc,phases      ] GC(53) Compaction Phase 26.392ms
[1.431s][info][gc,phases,start] GC(53) Post Compact
[1.432s][info][gc,phases      ] GC(53) Post Compact 0.845ms
[1.432s][info][gc,heap        ] GC(53) PSYoungGen: 13344K(38400K)->4557K(38400K) Eden: 0K(7168K)->0K(7168K) From: 13344K(31232K)->4557K(31232K)
[1.432s][info][gc,heap        ] GC(53) ParOldGen: 194474K(202752K)->202707K(238080K)
[1.432s][info][gc,metaspace   ] GC(53) Metaspace: 6302K(6528K)->6302K(6528K) NonClass: 5769K(5888K)->5769K(5888K) Class: 533K(640K)->533K(640K)
[1.432s][info][gc             ] GC(53) Pause Full (Ergonomics) 202M->202M(270M) 82.616ms
[1.432s][info][gc,cpu         ] GC(53) User=0.31s Sys=0.02s Real=0.08s
[1.440s][info][gc,start       ] GC(54) Pause Young (Allocation Failure)
[1.456s][info][gc,heap        ] GC(54) PSYoungGen: 11725K(38400K)->7264K(37888K) Eden: 7168K(7168K)->0K(8192K) From: 4557K(31232K)->7264K(29696K)
[1.456s][info][gc,heap        ] GC(54) ParOldGen: 202707K(238080K)->207355K(238080K)
[1.456s][info][gc,metaspace   ] GC(54) Metaspace: 6302K(6528K)->6302K(6528K) NonClass: 5769K(5888K)->5769K(5888K) Class: 533K(640K)->533K(640K)
[1.456s][info][gc             ] GC(54) Pause Young (Allocation Failure) 209M->209M(269M) 15.622ms
[1.456s][info][gc,cpu         ] GC(54) User=0.02s Sys=0.00s Real=0.02s
[1.465s][info][gc,start       ] GC(55) Pause Young (Allocation Failure)
[1.474s][info][gc,heap        ] GC(55) PSYoungGen: 15456K(37888K)->8288K(38400K) Eden: 8192K(8192K)->0K(8192K) From: 7264K(29696K)->8288K(30208K)
[1.474s][info][gc,heap        ] GC(55) ParOldGen: 207355K(238080K)->214619K(238080K)
[1.474s][info][gc,metaspace   ] GC(55) Metaspace: 6302K(6528K)->6302K(6528K) NonClass: 5769K(5888K)->5769K(5888K) Class: 533K(640K)->533K(640K)
[1.474s][info][gc             ] GC(55) Pause Young (Allocation Failure) 217M->217M(270M) 8.716ms
[1.474s][info][gc,cpu         ] GC(55) User=0.00s Sys=0.02s Real=0.01s
[1.484s][info][gc,start       ] GC(56) Pause Young (Allocation Failure)
[1.493s][info][gc,heap        ] GC(56) PSYoungGen: 16480K(38400K)->8256K(38400K) Eden: 8192K(8192K)->0K(9216K) From: 8288K(30208K)->8256K(29184K)
[1.493s][info][gc,heap        ] GC(56) ParOldGen: 214619K(238080K)->222923K(238080K)
[1.493s][info][gc,metaspace   ] GC(56) Metaspace: 6302K(6528K)->6302K(6528K) NonClass: 5769K(5888K)->5769K(5888K) Class: 533K(640K)->533K(640K)
[1.493s][info][gc             ] GC(56) Pause Young (Allocation Failure) 225M->225M(270M) 9.740ms
[1.493s][info][gc,cpu         ] GC(56) User=0.02s Sys=0.00s Real=0.01s
[1.503s][info][gc,start       ] GC(57) Pause Young (Allocation Failure)
[1.514s][info][gc,heap        ] GC(57) PSYoungGen: 17472K(38400K)->9312K(38912K) Eden: 9216K(9216K)->0K(9216K) From: 8256K(29184K)->9312K(29696K)
[1.514s][info][gc,heap        ] GC(57) ParOldGen: 222923K(238080K)->231235K(238080K)
[1.514s][info][gc,metaspace   ] GC(57) Metaspace: 6302K(6528K)->6302K(6528K) NonClass: 5769K(5888K)->5769K(5888K) Class: 533K(640K)->533K(640K)
[1.514s][info][gc             ] GC(57) Pause Young (Allocation Failure) 234M->234M(270M) 10.849ms
[1.514s][info][gc,cpu         ] GC(57) User=0.02s Sys=0.00s Real=0.01s
[1.514s][info][gc,start       ] GC(58) Pause Full (Ergonomics)
[1.514s][info][gc,phases,start] GC(58) Marking Phase
[1.578s][info][gc,phases      ] GC(58) Marking Phase 63.766ms
[1.578s][info][gc,phases,start] GC(58) Summary Phase
[1.578s][info][gc,phases      ] GC(58) Summary Phase 0.017ms
[1.578s][info][gc,phases,start] GC(58) Adjust Roots
[1.578s][info][gc,phases      ] GC(58) Adjust Roots 0.154ms
[1.578s][info][gc,phases,start] GC(58) Compaction Phase
[1.606s][info][gc,phases      ] GC(58) Compaction Phase 27.989ms
[1.606s][info][gc,phases,start] GC(58) Post Compact
[1.607s][info][gc,phases      ] GC(58) Post Compact 1.081ms
[1.608s][info][gc,heap        ] GC(58) PSYoungGen: 9312K(38912K)->2029K(38912K) Eden: 0K(9216K)->0K(9216K) From: 9312K(29696K)->2029K(29696K)
[1.608s][info][gc,heap        ] GC(58) ParOldGen: 231235K(238080K)->237878K(274944K)
[1.608s][info][gc,metaspace   ] GC(58) Metaspace: 6302K(6528K)->6302K(6528K) NonClass: 5769K(5888K)->5769K(5888K) Class: 533K(640K)->533K(640K)
[1.608s][info][gc             ] GC(58) Pause Full (Ergonomics) 234M->234M(306M) 93.624ms
[1.608s][info][gc,cpu         ] GC(58) User=0.36s Sys=0.03s Real=0.09s
[1.619s][info][gc,start       ] GC(59) Pause Young (Allocation Failure)
[1.636s][info][gc,heap        ] GC(59) PSYoungGen: 11245K(38912K)->9312K(36864K) Eden: 9216K(9216K)->0K(10240K) From: 2029K(29696K)->9312K(26624K)
[1.636s][info][gc,heap        ] GC(59) ParOldGen: 237878K(274944K)->239974K(274944K)
[1.636s][info][gc,metaspace   ] GC(59) Metaspace: 6302K(6528K)->6302K(6528K) NonClass: 5769K(5888K)->5769K(5888K) Class: 533K(640K)->533K(640K)
[1.636s][info][gc             ] GC(59) Pause Young (Allocation Failure) 243M->243M(304M) 17.916ms
[1.637s][info][gc,cpu         ] GC(59) User=0.02s Sys=0.00s Real=0.02s
[1.649s][info][gc,start       ] GC(60) Pause Young (Allocation Failure)
[1.660s][info][gc,heap        ] GC(60) PSYoungGen: 19552K(36864K)->19552K(37888K) Eden: 10240K(10240K)->0K(10240K) From: 9312K(26624K)->19552K(27648K)
[1.660s][info][gc,heap        ] GC(60) ParOldGen: 239974K(274944K)->239974K(274944K)
[1.660s][info][gc,metaspace   ] GC(60) Metaspace: 6302K(6528K)->6302K(6528K) NonClass: 5769K(5888K)->5769K(5888K) Class: 533K(640K)->533K(640K)
[1.660s][info][gc             ] GC(60) Pause Young (Allocation Failure) 253M->253M(305M) 10.577ms
[1.660s][info][gc,cpu         ] GC(60) User=0.00s Sys=0.00s Real=0.01s
[1.672s][info][gc,start       ] GC(61) Pause Young (Allocation Failure)
[1.687s][info][gc,heap        ] GC(61) PSYoungGen: 29792K(37888K)->28672K(35840K) Eden: 10240K(10240K)->0K(7168K) From: 19552K(27648K)->28672K(28672K)
[1.687s][info][gc,heap        ] GC(61) ParOldGen: 239974K(274944K)->241086K(274944K)
[1.687s][info][gc,metaspace   ] GC(61) Metaspace: 6302K(6528K)->6302K(6528K) NonClass: 5769K(5888K)->5769K(5888K) Class: 533K(640K)->533K(640K)
[1.687s][info][gc             ] GC(61) Pause Young (Allocation Failure) 263M->263M(303M) 15.112ms
[1.687s][info][gc,cpu         ] GC(61) User=0.02s Sys=0.00s Real=0.01s
[1.696s][info][gc,start       ] GC(62) Pause Young (Allocation Failure)
[1.713s][info][gc,heap        ] GC(62) PSYoungGen: 35840K(35840K)->17088K(40448K) Eden: 7168K(7168K)->0K(7168K) From: 28672K(28672K)->17088K(33280K)
[1.713s][info][gc,heap        ] GC(62) ParOldGen: 241086K(274944K)->260102K(274944K)
[1.713s][info][gc,metaspace   ] GC(62) Metaspace: 6302K(6528K)->6302K(6528K) NonClass: 5769K(5888K)->5769K(5888K) Class: 533K(640K)->533K(640K)
[1.713s][info][gc             ] GC(62) Pause Young (Allocation Failure) 270M->270M(308M) 17.251ms
[1.713s][info][gc,cpu         ] GC(62) User=0.05s Sys=0.03s Real=0.02s
[1.713s][info][gc,start       ] GC(63) Pause Full (Ergonomics)
[1.714s][info][gc,phases,start] GC(63) Marking Phase
[1.778s][info][gc,phases      ] GC(63) Marking Phase 64.128ms
[1.778s][info][gc,phases,start] GC(63) Summary Phase
[1.778s][info][gc,phases      ] GC(63) Summary Phase 0.029ms
[1.778s][info][gc,phases,start] GC(63) Adjust Roots
[1.778s][info][gc,phases      ] GC(63) Adjust Roots 0.151ms
[1.778s][info][gc,phases,start] GC(63) Compaction Phase
[1.805s][info][gc,phases      ] GC(63) Compaction Phase 27.010ms
[1.805s][info][gc,phases,start] GC(63) Post Compact
[1.806s][info][gc,phases      ] GC(63) Post Compact 1.336ms
[1.807s][info][gc,heap        ] GC(63) PSYoungGen: 17088K(40448K)->2126K(40448K) Eden: 0K(7168K)->0K(7168K) From: 17088K(33280K)->2126K(33280K)
[1.807s][info][gc,heap        ] GC(63) ParOldGen: 260102K(274944K)->274518K(317952K)
[1.807s][info][gc,metaspace   ] GC(63) Metaspace: 6302K(6528K)->6302K(6528K) NonClass: 5769K(5888K)->5769K(5888K) Class: 533K(640K)->533K(640K)
[1.807s][info][gc             ] GC(63) Pause Full (Ergonomics) 270M->270M(350M) 93.267ms
[1.807s][info][gc,cpu         ] GC(63) User=0.42s Sys=0.03s Real=0.09s
[1.815s][info][gc,start       ] GC(64) Pause Young (Allocation Failure)
[1.833s][info][gc,heap        ] GC(64) PSYoungGen: 9294K(40448K)->8064K(39424K) Eden: 7168K(7168K)->0K(8192K) From: 2126K(33280K)->8064K(31232K)
[1.833s][info][gc,heap        ] GC(64) ParOldGen: 274518K(317952K)->275886K(317952K)
[1.833s][info][gc,metaspace   ] GC(64) Metaspace: 6302K(6528K)->6302K(6528K) NonClass: 5769K(5888K)->5769K(5888K) Class: 533K(640K)->533K(640K)
[1.833s][info][gc             ] GC(64) Pause Young (Allocation Failure) 277M->277M(349M) 17.659ms
[1.833s][info][gc,cpu         ] GC(64) User=0.05s Sys=0.00s Real=0.02s
[1.843s][info][gc,start       ] GC(65) Pause Young (Allocation Failure)
[1.852s][info][gc,heap        ] GC(65) PSYoungGen: 16256K(39424K)->16288K(39936K) Eden: 8192K(8192K)->0K(8192K) From: 8064K(31232K)->16288K(31744K)
[1.852s][info][gc,heap        ] GC(65) ParOldGen: 275886K(317952K)->275886K(317952K)
[1.852s][info][gc,metaspace   ] GC(65) Metaspace: 6302K(6528K)->6302K(6528K) NonClass: 5769K(5888K)->5769K(5888K) Class: 533K(640K)->533K(640K)
[1.852s][info][gc             ] GC(65) Pause Young (Allocation Failure) 285M->285M(349M) 8.973ms
[1.852s][info][gc,cpu         ] GC(65) User=0.02s Sys=0.00s Real=0.01s
[1.862s][info][gc,start       ] GC(66) Pause Young (Allocation Failure)
[1.874s][info][gc,heap        ] GC(66) PSYoungGen: 24480K(39936K)->24416K(37888K) Eden: 8192K(8192K)->0K(7168K) From: 16288K(31744K)->24416K(30720K)
[1.874s][info][gc,heap        ] GC(66) ParOldGen: 275886K(317952K)->275886K(317952K)
[1.874s][info][gc,metaspace   ] GC(66) Metaspace: 6302K(6528K)->6302K(6528K) NonClass: 5769K(5888K)->5769K(5888K) Class: 533K(640K)->533K(640K)
[1.874s][info][gc             ] GC(66) Pause Young (Allocation Failure) 293M->293M(347M) 12.181ms
[1.874s][info][gc,cpu         ] GC(66) User=0.00s Sys=0.00s Real=0.01s
[1.883s][info][gc,start       ] GC(67) Pause Young (Allocation Failure)
[1.898s][info][gc,heap        ] GC(67) PSYoungGen: 31584K(37888K)->30752K(39936K) Eden: 7168K(7168K)->0K(7168K) From: 24416K(30720K)->30752K(32768K)
[1.898s][info][gc,heap        ] GC(67) ParOldGen: 275886K(317952K)->276742K(317952K)
[1.898s][info][gc,metaspace   ] GC(67) Metaspace: 6302K(6528K)->6302K(6528K) NonClass: 5769K(5888K)->5769K(5888K) Class: 533K(640K)->533K(640K)
[1.898s][info][gc             ] GC(67) Pause Young (Allocation Failure) 300M->300M(349M) 15.118ms
[1.898s][info][gc,cpu         ] GC(67) User=0.02s Sys=0.00s Real=0.02s
[1.908s][info][gc,start       ] GC(68) Pause Young (Allocation Failure)
[1.926s][info][gc,heap        ] GC(68) PSYoungGen: 37920K(39936K)->30816K(40960K) Eden: 7168K(7168K)->0K(4608K) From: 30752K(32768K)->30816K(36352K)
[1.926s][info][gc,heap        ] GC(68) ParOldGen: 276742K(317952K)->284006K(317952K)
[1.926s][info][gc,metaspace   ] GC(68) Metaspace: 6302K(6528K)->6302K(6528K) NonClass: 5769K(5888K)->5769K(5888K) Class: 533K(640K)->533K(640K)
[1.926s][info][gc             ] GC(68) Pause Young (Allocation Failure) 307M->307M(350M) 18.037ms
[1.926s][info][gc,cpu         ] GC(68) User=0.03s Sys=0.00s Real=0.02s
[1.932s][info][gc,start       ] GC(69) Pause Young (Allocation Failure)
[1.949s][info][gc,heap        ] GC(69) PSYoungGen: 35424K(40960K)->19040K(24064K) Eden: 4608K(4608K)->0K(4608K) From: 30816K(36352K)->19040K(19456K)
[1.949s][info][gc,heap        ] GC(69) ParOldGen: 284006K(317952K)->300566K(317952K)
[1.949s][info][gc,metaspace   ] GC(69) Metaspace: 6302K(6528K)->6302K(6528K) NonClass: 5769K(5888K)->5769K(5888K) Class: 533K(640K)->533K(640K)
[1.949s][info][gc             ] GC(69) Pause Young (Allocation Failure) 311M->312M(334M) 17.014ms
[1.949s][info][gc,cpu         ] GC(69) User=0.02s Sys=0.00s Real=0.02s
[1.949s][info][gc,start       ] GC(70) Pause Full (Ergonomics)
[1.949s][info][gc,phases,start] GC(70) Marking Phase
[2.015s][info][gc,phases      ] GC(70) Marking Phase 66.423ms
[2.015s][info][gc,phases,start] GC(70) Summary Phase
[2.015s][info][gc,phases      ] GC(70) Summary Phase 0.026ms
[2.015s][info][gc,phases,start] GC(70) Adjust Roots
[2.015s][info][gc,phases      ] GC(70) Adjust Roots 0.166ms
[2.015s][info][gc,phases,start] GC(70) Compaction Phase
[2.045s][info][gc,phases      ] GC(70) Compaction Phase 29.221ms
[2.045s][info][gc,phases,start] GC(70) Post Compact
[2.046s][info][gc,phases      ] GC(70) Post Compact 1.604ms
[2.047s][info][gc,heap        ] GC(70) PSYoungGen: 19040K(24064K)->1484K(24064K) Eden: 0K(4608K)->0K(4608K) From: 19040K(19456K)->1484K(19456K)
[2.047s][info][gc,heap        ] GC(70) ParOldGen: 300566K(317952K)->317476K(365056K)
[2.047s][info][gc,metaspace   ] GC(70) Metaspace: 6302K(6528K)->6302K(6528K) NonClass: 5769K(5888K)->5769K(5888K) Class: 533K(640K)->533K(640K)
[2.047s][info][gc             ] GC(70) Pause Full (Ergonomics) 312M->311M(380M) 97.944ms
[2.047s][info][gc,cpu         ] GC(70) User=0.62s Sys=0.00s Real=0.10s
[2.052s][info][gc,start       ] GC(71) Pause Young (Allocation Failure)
[2.070s][info][gc,heap        ] GC(71) PSYoungGen: 6092K(24064K)->5184K(43008K) Eden: 4608K(4608K)->0K(5120K) From: 1484K(19456K)->5184K(37888K)
[2.070s][info][gc,heap        ] GC(71) ParOldGen: 317476K(365056K)->318556K(365056K)
[2.070s][info][gc,metaspace   ] GC(71) Metaspace: 6302K(6528K)->6302K(6528K) NonClass: 5769K(5888K)->5769K(5888K) Class: 533K(640K)->533K(640K)
[2.070s][info][gc             ] GC(71) Pause Young (Allocation Failure) 315M->316M(398M) 18.305ms
[2.070s][info][gc,cpu         ] GC(71) User=0.03s Sys=0.00s Real=0.02s
[2.077s][info][gc,start       ] GC(72) Pause Young (Allocation Failure)
[2.083s][info][gc,heap        ] GC(72) PSYoungGen: 10304K(43008K)->9792K(43520K) Eden: 5120K(5120K)->0K(5120K) From: 5184K(37888K)->9792K(38400K)
[2.083s][info][gc,heap        ] GC(72) ParOldGen: 318556K(365056K)->319028K(365056K)
[2.083s][info][gc,metaspace   ] GC(72) Metaspace: 6302K(6528K)->6302K(6528K) NonClass: 5769K(5888K)->5769K(5888K) Class: 533K(640K)->533K(640K)
[2.083s][info][gc             ] GC(72) Pause Young (Allocation Failure) 321M->321M(399M) 6.442ms
[2.083s][info][gc,cpu         ] GC(72) User=0.02s Sys=0.00s Real=0.01s
[2.090s][info][gc,start       ] GC(73) Pause Young (Allocation Failure)
[2.099s][info][gc,heap        ] GC(73) PSYoungGen: 14912K(43520K)->10336K(41472K) Eden: 5120K(5120K)->0K(6144K) From: 9792K(38400K)->10336K(35328K)
[2.099s][info][gc,heap        ] GC(73) ParOldGen: 319028K(365056K)->323692K(365056K)
[2.099s][info][gc,metaspace   ] GC(73) Metaspace: 6302K(6528K)->6302K(6528K) NonClass: 5769K(5888K)->5769K(5888K) Class: 533K(640K)->533K(640K)
[2.099s][info][gc             ] GC(73) Pause Young (Allocation Failure) 326M->326M(397M) 8.591ms
[2.099s][info][gc,cpu         ] GC(73) User=0.00s Sys=0.00s Real=0.01s
[2.107s][info][gc,start       ] GC(74) Pause Young (Allocation Failure)
[2.116s][info][gc,heap        ] GC(74) PSYoungGen: 16480K(41472K)->11392K(42496K) Eden: 6144K(6144K)->0K(6144K) From: 10336K(35328K)->11392K(36352K)
[2.116s][info][gc,heap        ] GC(74) ParOldGen: 323692K(365056K)->328884K(365056K)
[2.116s][info][gc,metaspace   ] GC(74) Metaspace: 6302K(6528K)->6302K(6528K) NonClass: 5769K(5888K)->5769K(5888K) Class: 533K(640K)->533K(640K)
[2.116s][info][gc             ] GC(74) Pause Young (Allocation Failure) 332M->332M(398M) 9.030ms
[2.116s][info][gc,cpu         ] GC(74) User=0.02s Sys=0.00s Real=0.01s
[2.124s][info][gc,start       ] GC(75) Pause Young (Allocation Failure)
[2.134s][info][gc,heap        ] GC(75) PSYoungGen: 17536K(42496K)->12352K(39424K) Eden: 6144K(6144K)->0K(7168K) From: 11392K(36352K)->12352K(32256K)
[2.134s][info][gc,heap        ] GC(75) ParOldGen: 328884K(365056K)->334068K(365056K)
[2.134s][info][gc,metaspace   ] GC(75) Metaspace: 6302K(6528K)->6302K(6528K) NonClass: 5769K(5888K)->5769K(5888K) Class: 533K(640K)->533K(640K)
[2.134s][info][gc             ] GC(75) Pause Young (Allocation Failure) 338M->338M(395M) 9.748ms
[2.134s][info][gc,cpu         ] GC(75) User=0.02s Sys=0.00s Real=0.01s
[2.195s][info][gc,start       ] GC(76) Pause Full (Ergonomics)
[2.195s][info][gc,phases,start] GC(76) Marking Phase
[2.270s][info][gc,phases      ] GC(76) Marking Phase 75.214ms
[2.270s][info][gc,phases,start] GC(76) Summary Phase
[2.270s][info][gc,phases      ] GC(76) Summary Phase 0.023ms
[2.270s][info][gc,phases,start] GC(76) Adjust Roots
[2.270s][info][gc,phases      ] GC(76) Adjust Roots 0.178ms
[2.270s][info][gc,phases,start] GC(76) Compaction Phase
[2.333s][info][gc,phases      ] GC(76) Compaction Phase 62.779ms
[2.333s][info][gc,phases,start] GC(76) Post Compact
[2.335s][info][gc,phases      ] GC(76) Post Compact 1.957ms
[2.335s][info][gc,heap        ] GC(76) PSYoungGen: 19520K(39424K)->0K(40960K) Eden: 7168K(7168K)->0K(7168K) From: 12352K(32256K)->0K(33792K)
[2.335s][info][gc,heap        ] GC(76) ParOldGen: 350452K(365056K)->361257K(407552K)
[2.335s][info][gc,metaspace   ] GC(76) Metaspace: 6302K(6528K)->6302K(6528K) NonClass: 5769K(5888K)->5769K(5888K) Class: 533K(640K)->533K(640K)
[2.335s][info][gc             ] GC(76) Pause Full (Ergonomics) 361M->352M(438M) 140.697ms
[2.336s][info][gc,cpu         ] GC(76) User=0.78s Sys=0.00s Real=0.14s
[2.345s][info][gc,start       ] GC(77) Pause Young (Allocation Failure)
[2.352s][info][gc,heap        ] GC(77) PSYoungGen: 7168K(40960K)->7296K(40960K) Eden: 7168K(7168K)->0K(8192K) From: 0K(33792K)->7296K(32768K)
[2.352s][info][gc,heap        ] GC(77) ParOldGen: 361257K(407552K)->361257K(407552K)
[2.352s][info][gc,metaspace   ] GC(77) Metaspace: 6302K(6528K)->6302K(6528K) NonClass: 5769K(5888K)->5769K(5888K) Class: 533K(640K)->533K(640K)
[2.352s][info][gc             ] GC(77) Pause Young (Allocation Failure) 359M->359M(438M) 7.581ms
[2.352s][info][gc,cpu         ] GC(77) User=0.00s Sys=0.00s Real=0.01s
[2.361s][info][gc,start       ] GC(78) Pause Young (Allocation Failure)
[2.371s][info][gc,heap        ] GC(78) PSYoungGen: 15488K(40960K)->15392K(24064K) Eden: 8192K(8192K)->0K(8192K) From: 7296K(32768K)->15392K(15872K)
[2.371s][info][gc,heap        ] GC(78) ParOldGen: 361257K(407552K)->361257K(407552K)
[2.371s][info][gc,metaspace   ] GC(78) Metaspace: 6302K(6528K)->6302K(6528K) NonClass: 5769K(5888K)->5769K(5888K) Class: 533K(640K)->533K(640K)
[2.371s][info][gc             ] GC(78) Pause Young (Allocation Failure) 367M->367M(421M) 9.493ms
[2.371s][info][gc,cpu         ] GC(78) User=0.02s Sys=0.00s Real=0.01s
[2.380s][info][gc,start       ] GC(79) Pause Young (Allocation Failure)
[2.392s][info][gc,heap        ] GC(79) PSYoungGen: 23584K(24064K)->23680K(39424K) Eden: 8192K(8192K)->0K(7680K) From: 15392K(15872K)->23680K(31744K)
[2.392s][info][gc,heap        ] GC(79) ParOldGen: 361257K(407552K)->361257K(407552K)
[2.392s][info][gc,metaspace   ] GC(79) Metaspace: 6302K(6528K)->6302K(6528K) NonClass: 5769K(5888K)->5769K(5888K) Class: 533K(640K)->533K(640K)
[2.392s][info][gc             ] GC(79) Pause Young (Allocation Failure) 375M->375M(436M) 11.966ms
[2.392s][info][gc,cpu         ] GC(79) User=0.00s Sys=0.00s Real=0.01s
[2.401s][info][gc,start       ] GC(80) Pause Young (Allocation Failure)
[2.416s][info][gc,heap        ] GC(80) PSYoungGen: 31360K(39424K)->31296K(40960K) Eden: 7680K(7680K)->0K(7680K) From: 23680K(31744K)->31296K(33280K)
[2.416s][info][gc,heap        ] GC(80) ParOldGen: 361257K(407552K)->361257K(407552K)
[2.416s][info][gc,metaspace   ] GC(80) Metaspace: 6302K(6528K)->6302K(6528K) NonClass: 5769K(5888K)->5769K(5888K) Class: 533K(640K)->533K(640K)
[2.416s][info][gc             ] GC(80) Pause Young (Allocation Failure) 383M->383M(438M) 14.649ms
[2.416s][info][gc,cpu         ] GC(80) User=0.02s Sys=0.00s Real=0.01s
[2.423s][info][gc,start       ] GC(81) Pause Young (Allocation Failure)
[2.441s][info][gc,heap        ] GC(81) PSYoungGen: 38976K(40960K)->31840K(42496K) Eden: 7680K(7680K)->0K(5120K) From: 31296K(33280K)->31840K(37376K)
[2.441s][info][gc,heap        ] GC(81) ParOldGen: 361257K(407552K)->368537K(407552K)
[2.441s][info][gc,metaspace   ] GC(81) Metaspace: 6302K(6528K)->6302K(6528K) NonClass: 5769K(5888K)->5769K(5888K) Class: 533K(640K)->533K(640K)
[2.441s][info][gc             ] GC(81) Pause Young (Allocation Failure) 390M->390M(439M) 17.818ms
[2.441s][info][gc,cpu         ] GC(81) User=0.08s Sys=0.05s Real=0.02s
[2.447s][info][gc,start       ] GC(82) Pause Young (Allocation Failure)
[2.464s][info][gc,heap        ] GC(82) PSYoungGen: 36960K(42496K)->20576K(26112K) Eden: 5120K(5120K)->0K(5120K) From: 31840K(37376K)->20576K(20992K)
[2.464s][info][gc,heap        ] GC(82) ParOldGen: 368537K(407552K)->385121K(407552K)
[2.464s][info][gc,metaspace   ] GC(82) Metaspace: 6302K(6528K)->6302K(6528K) NonClass: 5769K(5888K)->5769K(5888K) Class: 533K(640K)->533K(640K)
[2.464s][info][gc             ] GC(82) Pause Young (Allocation Failure) 395M->396M(423M) 17.082ms
[2.464s][info][gc,cpu         ] GC(82) User=0.11s Sys=0.02s Real=0.02s
[2.471s][info][gc,start       ] GC(83) Pause Young (Allocation Failure)
[2.484s][info][gc,heap        ] GC(83) PSYoungGen: 25696K(26112K)->10336K(44544K) Eden: 5120K(5120K)->0K(6144K) From: 20576K(20992K)->10336K(38400K)
[2.484s][info][gc,heap        ] GC(83) ParOldGen: 385121K(407552K)->400649K(407552K)
[2.484s][info][gc,metaspace   ] GC(83) Metaspace: 6302K(6528K)->6302K(6528K) NonClass: 5769K(5888K)->5769K(5888K) Class: 533K(640K)->533K(640K)
[2.484s][info][gc             ] GC(83) Pause Young (Allocation Failure) 401M->401M(441M) 13.081ms
[2.484s][info][gc,cpu         ] GC(83) User=0.02s Sys=0.00s Real=0.01s
[2.484s][info][gc,start       ] GC(84) Pause Full (Ergonomics)
[2.484s][info][gc,phases,start] GC(84) Marking Phase
[2.568s][info][gc,phases      ] GC(84) Marking Phase 84.054ms
[2.568s][info][gc,phases,start] GC(84) Summary Phase
[2.568s][info][gc,phases      ] GC(84) Summary Phase 0.019ms
[2.568s][info][gc,phases,start] GC(84) Adjust Roots
[2.568s][info][gc,phases      ] GC(84) Adjust Roots 0.149ms
[2.568s][info][gc,phases,start] GC(84) Compaction Phase
[2.613s][info][gc,phases      ] GC(84) Compaction Phase 44.772ms
[2.613s][info][gc,phases,start] GC(84) Post Compact
[2.615s][info][gc,phases      ] GC(84) Post Compact 1.946ms
[2.615s][info][gc,heap        ] GC(84) PSYoungGen: 10336K(44544K)->3023K(45056K) Eden: 0K(6144K)->0K(6656K) From: 10336K(38400K)->3023K(38400K)
[2.616s][info][gc,heap        ] GC(84) ParOldGen: 400649K(407552K)->407162K(462336K)
[2.616s][info][gc,metaspace   ] GC(84) Metaspace: 6302K(6528K)->6302K(6528K) NonClass: 5769K(5888K)->5769K(5888K) Class: 533K(640K)->533K(640K)
[2.616s][info][gc             ] GC(84) Pause Full (Ergonomics) 401M->400M(495M) 131.561ms
[2.616s][info][gc,cpu         ] GC(84) User=0.81s Sys=0.02s Real=0.13s
[2.624s][info][gc,start       ] GC(85) Pause Young (Allocation Failure)
[2.646s][info][gc,heap        ] GC(85) PSYoungGen: 9679K(45056K)->6784K(45568K) Eden: 6656K(6656K)->0K(6656K) From: 3023K(38400K)->6784K(38912K)
[2.646s][info][gc,heap        ] GC(85) ParOldGen: 407162K(462336K)->410258K(462336K)
[2.646s][info][gc,metaspace   ] GC(85) Metaspace: 6302K(6528K)->6302K(6528K) NonClass: 5769K(5888K)->5769K(5888K) Class: 533K(640K)->533K(640K)
[2.646s][info][gc             ] GC(85) Pause Young (Allocation Failure) 407M->407M(496M) 21.989ms
[2.646s][info][gc,cpu         ] GC(85) User=0.14s Sys=0.00s Real=0.02s
[2.654s][info][gc,start       ] GC(86) Pause Young (Allocation Failure)
[2.662s][info][gc,heap        ] GC(86) PSYoungGen: 13440K(45568K)->6784K(45568K) Eden: 6656K(6656K)->0K(7680K) From: 6784K(38912K)->6784K(37888K)
[2.662s][info][gc,heap        ] GC(86) ParOldGen: 410258K(462336K)->417010K(462336K)
[2.662s][info][gc,metaspace   ] GC(86) Metaspace: 6302K(6528K)->6302K(6528K) NonClass: 5769K(5888K)->5769K(5888K) Class: 533K(640K)->533K(640K)
[2.662s][info][gc             ] GC(86) Pause Young (Allocation Failure) 413M->413M(496M) 8.576ms
[2.662s][info][gc,cpu         ] GC(86) User=0.02s Sys=0.00s Real=0.01s
[2.671s][info][gc,start       ] GC(87) Pause Young (Allocation Failure)
[2.680s][info][gc,heap        ] GC(87) PSYoungGen: 14464K(45568K)->7808K(46080K) Eden: 7680K(7680K)->0K(7680K) From: 6784K(37888K)->7808K(38400K)
[2.680s][info][gc,heap        ] GC(87) ParOldGen: 417010K(462336K)->423762K(462336K)
[2.680s][info][gc,metaspace   ] GC(87) Metaspace: 6302K(6528K)->6302K(6528K) NonClass: 5769K(5888K)->5769K(5888K) Class: 533K(640K)->533K(640K)
[2.680s][info][gc             ] GC(87) Pause Young (Allocation Failure) 421M->421M(496M) 8.798ms
[2.680s][info][gc,cpu         ] GC(87) User=0.02s Sys=0.00s Real=0.01s
[2.689s][info][gc,start       ] GC(88) Pause Young (Allocation Failure)
[2.698s][info][gc,heap        ] GC(88) PSYoungGen: 15488K(46080K)->7776K(44032K) Eden: 7680K(7680K)->0K(8704K) From: 7808K(38400K)->7776K(35328K)
[2.698s][info][gc,heap        ] GC(88) ParOldGen: 423762K(462336K)->431554K(462336K)
[2.698s][info][gc,metaspace   ] GC(88) Metaspace: 6302K(6528K)->6302K(6528K) NonClass: 5769K(5888K)->5769K(5888K) Class: 533K(640K)->533K(640K)
[2.698s][info][gc             ] GC(88) Pause Young (Allocation Failure) 428M->429M(494M) 9.178ms
[2.698s][info][gc,cpu         ] GC(88) User=0.02s Sys=0.00s Real=0.01s
[2.708s][info][gc,start       ] GC(89) Pause Young (Allocation Failure)
[2.718s][info][gc,heap        ] GC(89) PSYoungGen: 16480K(44032K)->8832K(45056K) Eden: 8704K(8704K)->0K(8704K) From: 7776K(35328K)->8832K(36352K)
[2.718s][info][gc,heap        ] GC(89) ParOldGen: 431554K(462336K)->439338K(462336K)
[2.718s][info][gc,metaspace   ] GC(89) Metaspace: 6302K(6528K)->6302K(6528K) NonClass: 5769K(5888K)->5769K(5888K) Class: 533K(640K)->533K(640K)
[2.718s][info][gc             ] GC(89) Pause Young (Allocation Failure) 437M->437M(495M) 9.754ms
[2.718s][info][gc,cpu         ] GC(89) User=0.00s Sys=0.00s Real=0.01s
[2.728s][info][gc,start       ] GC(90) Pause Young (Allocation Failure)
[2.738s][info][gc,heap        ] GC(90) PSYoungGen: 17536K(45056K)->8800K(42496K) Eden: 8704K(8704K)->0K(10240K) From: 8832K(36352K)->8800K(32256K)
[2.738s][info][gc,heap        ] GC(90) ParOldGen: 439338K(462336K)->448154K(462336K)
[2.738s][info][gc,metaspace   ] GC(90) Metaspace: 6302K(6528K)->6302K(6528K) NonClass: 5769K(5888K)->5769K(5888K) Class: 533K(640K)->533K(640K)
[2.738s][info][gc             ] GC(90) Pause Young (Allocation Failure) 446M->446M(493M) 10.508ms
[2.738s][info][gc,cpu         ] GC(90) User=0.00s Sys=0.00s Real=0.01s
[2.738s][info][gc,start       ] GC(91) Pause Full (Ergonomics)
[2.738s][info][gc,phases,start] GC(91) Marking Phase
[2.838s][info][gc,phases      ] GC(91) Marking Phase 99.392ms
[2.838s][info][gc,phases,start] GC(91) Summary Phase
[2.838s][info][gc,phases      ] GC(91) Summary Phase 0.023ms
[2.838s][info][gc,phases,start] GC(91) Adjust Roots
[2.838s][info][gc,phases      ] GC(91) Adjust Roots 0.159ms
[2.838s][info][gc,phases,start] GC(91) Compaction Phase
[2.882s][info][gc,phases      ] GC(91) Compaction Phase 44.116ms
[2.882s][info][gc,phases,start] GC(91) Post Compact
[2.885s][info][gc,phases      ] GC(91) Post Compact 2.239ms
[2.885s][info][gc,heap        ] GC(91) PSYoungGen: 8800K(42496K)->0K(44032K) Eden: 0K(10240K)->0K(10240K) From: 8800K(32256K)->0K(33792K)
[2.885s][info][gc,heap        ] GC(91) ParOldGen: 448154K(462336K)->456070K(510976K)
[2.885s][info][gc,metaspace   ] GC(91) Metaspace: 6302K(6528K)->6302K(6528K) NonClass: 5769K(5888K)->5769K(5888K) Class: 533K(640K)->533K(640K)
[2.885s][info][gc             ] GC(91) Pause Full (Ergonomics) 446M->445M(542M) 146.433ms
[2.885s][info][gc,cpu         ] GC(91) User=1.09s Sys=0.00s Real=0.15s
[2.896s][info][gc,start       ] GC(92) Pause Young (Allocation Failure)
[2.905s][info][gc,heap        ] GC(92) PSYoungGen: 10240K(44032K)->10368K(41472K) Eden: 10240K(10240K)->0K(11264K) From: 0K(33792K)->10368K(30208K)
[2.905s][info][gc,heap        ] GC(92) ParOldGen: 456070K(510976K)->456070K(510976K)
[2.905s][info][gc,metaspace   ] GC(92) Metaspace: 6302K(6528K)->6302K(6528K) NonClass: 5769K(5888K)->5769K(5888K) Class: 533K(640K)->533K(640K)
[2.905s][info][gc             ] GC(92) Pause Young (Allocation Failure) 455M->455M(539M) 8.853ms
[2.905s][info][gc,cpu         ] GC(92) User=0.00s Sys=0.00s Real=0.01s
[2.918s][info][gc,start       ] GC(93) Pause Young (Allocation Failure)
[2.930s][info][gc,heap        ] GC(93) PSYoungGen: 21632K(41472K)->21600K(43520K) Eden: 11264K(11264K)->0K(11264K) From: 10368K(30208K)->21600K(32256K)
[2.930s][info][gc,heap        ] GC(93) ParOldGen: 456070K(510976K)->456070K(510976K)
[2.930s][info][gc,metaspace   ] GC(93) Metaspace: 6302K(6528K)->6302K(6528K) NonClass: 5769K(5888K)->5769K(5888K) Class: 533K(640K)->533K(640K)
[2.930s][info][gc             ] GC(93) Pause Young (Allocation Failure) 466M->466M(541M) 11.596ms
[2.930s][info][gc,cpu         ] GC(93) User=0.02s Sys=0.00s Real=0.01s
[2.943s][info][gc,start       ] GC(94) Pause Young (Allocation Failure)
[2.960s][info][gc,heap        ] GC(94) PSYoungGen: 32864K(43520K)->32864K(41472K) Eden: 11264K(11264K)->0K(7680K) From: 21600K(32256K)->32864K(33792K)
[2.960s][info][gc,heap        ] GC(94) ParOldGen: 456070K(510976K)->456070K(510976K)
[2.960s][info][gc,metaspace   ] GC(94) Metaspace: 6302K(6528K)->6302K(6528K) NonClass: 5769K(5888K)->5769K(5888K) Class: 533K(640K)->533K(640K)
[2.960s][info][gc             ] GC(94) Pause Young (Allocation Failure) 477M->477M(539M) 17.063ms
[2.960s][info][gc,cpu         ] GC(94) User=0.02s Sys=0.02s Real=0.02s
[2.970s][info][gc,start       ] GC(95) Pause Young (Allocation Failure)
[2.988s][info][gc,heap        ] GC(95) PSYoungGen: 40544K(41472K)->38912K(46592K) Eden: 7680K(7680K)->0K(7680K) From: 32864K(33792K)->38912K(38912K)
[2.989s][info][gc,heap        ] GC(95) ParOldGen: 456070K(510976K)->457614K(510976K)
[2.989s][info][gc,metaspace   ] GC(95) Metaspace: 6302K(6528K)->6302K(6528K) NonClass: 5769K(5888K)->5769K(5888K) Class: 533K(640K)->533K(640K)
[2.989s][info][gc             ] GC(95) Pause Young (Allocation Failure) 484M->484M(544M) 19.046ms
[2.989s][info][gc,cpu         ] GC(95) User=0.12s Sys=0.00s Real=0.02s
[2.997s][info][gc,start       ] GC(96) Pause Young (Allocation Failure)
[3.019s][info][gc,heap        ] GC(96) PSYoungGen: 46592K(46592K)->25792K(54272K) Eden: 7680K(7680K)->0K(8704K) From: 38912K(38912K)->25792K(45568K)
[3.019s][info][gc,heap        ] GC(96) ParOldGen: 457614K(510976K)->478822K(510976K)
[3.019s][info][gc,metaspace   ] GC(96) Metaspace: 6302K(6528K)->6302K(6528K) NonClass: 5769K(5888K)->5769K(5888K) Class: 533K(640K)->533K(640K)
[3.019s][info][gc             ] GC(96) Pause Young (Allocation Failure) 492M->492M(552M) 21.836ms
[3.019s][info][gc,cpu         ] GC(96) User=0.12s Sys=0.00s Real=0.02s
[3.030s][info][gc,start       ] GC(97) Pause Young (Allocation Failure)
[3.047s][info][gc,heap        ] GC(97) PSYoungGen: 34496K(54272K)->16480K(25600K) Eden: 8704K(8704K)->0K(8704K) From: 25792K(45568K)->16480K(16896K)
[3.047s][info][gc,heap        ] GC(97) ParOldGen: 478822K(510976K)->497046K(510976K)
[3.047s][info][gc,metaspace   ] GC(97) Metaspace: 6302K(6528K)->6302K(6528K) NonClass: 5769K(5888K)->5769K(5888K) Class: 533K(640K)->533K(640K)
[3.047s][info][gc             ] GC(97) Pause Young (Allocation Failure) 501M->501M(524M) 17.423ms
[3.047s][info][gc,cpu         ] GC(97) User=0.11s Sys=0.02s Real=0.02s
[3.047s][info][gc,start       ] GC(98) Pause Full (Ergonomics)
[3.047s][info][gc,phases,start] GC(98) Marking Phase
[3.158s][info][gc,phases      ] GC(98) Marking Phase 110.359ms
[3.158s][info][gc,phases,start] GC(98) Summary Phase
[3.158s][info][gc,phases      ] GC(98) Summary Phase 0.020ms
[3.158s][info][gc,phases,start] GC(98) Adjust Roots
[3.158s][info][gc,phases      ] GC(98) Adjust Roots 0.150ms
[3.158s][info][gc,phases,start] GC(98) Compaction Phase
[3.204s][info][gc,phases      ] GC(98) Compaction Phase 45.750ms
[3.204s][info][gc,phases,start] GC(98) Post Compact
[3.206s][info][gc,phases      ] GC(98) Post Compact 2.662ms
[3.207s][info][gc,heap        ] GC(98) PSYoungGen: 16480K(25600K)->2020K(25600K) Eden: 0K(8704K)->0K(8704K) From: 16480K(16896K)->2020K(16896K)
[3.207s][info][gc,heap        ] GC(98) ParOldGen: 497046K(510976K)->510695K(576000K)
[3.207s][info][gc,metaspace   ] GC(98) Metaspace: 6302K(6528K)->6302K(6528K) NonClass: 5769K(5888K)->5769K(5888K) Class: 533K(640K)->533K(640K)
[3.207s][info][gc             ] GC(98) Pause Full (Ergonomics) 501M->500M(587M) 159.515ms
[3.207s][info][gc,cpu         ] GC(98) User=0.95s Sys=0.00s Real=0.16s
[3.216s][info][gc,start       ] GC(99) Pause Young (Allocation Failure)
[3.243s][info][gc,heap        ] GC(99) PSYoungGen: 10724K(25600K)->8768K(50688K) Eden: 8704K(8704K)->0K(9728K) From: 2020K(16896K)->8768K(40960K)
[3.244s][info][gc,heap        ] GC(99) ParOldGen: 510695K(576000K)->512767K(576000K)
[3.244s][info][gc,metaspace   ] GC(99) Metaspace: 6302K(6528K)->6302K(6528K) NonClass: 5769K(5888K)->5769K(5888K) Class: 533K(640K)->533K(640K)
[3.244s][info][gc             ] GC(99) Pause Young (Allocation Failure) 509M->509M(612M) 27.102ms
[3.244s][info][gc,cpu         ] GC(99) User=0.14s Sys=0.00s Real=0.03s
[3.254s][info][gc,start       ] GC(100) Pause Young (Allocation Failure)
[3.265s][info][gc,heap        ] GC(100) PSYoungGen: 18496K(50688K)->9856K(52224K) Eden: 9728K(9728K)->0K(9728K) From: 8768K(40960K)->9856K(42496K)
[3.265s][info][gc,heap        ] GC(100) ParOldGen: 512767K(576000K)->521607K(576000K)
[3.266s][info][gc,metaspace   ] GC(100) Metaspace: 6302K(6528K)->6302K(6528K) NonClass: 5769K(5888K)->5769K(5888K) Class: 533K(640K)->533K(640K)
[3.266s][info][gc             ] GC(100) Pause Young (Allocation Failure) 518M->519M(613M) 11.299ms
[3.266s][info][gc,cpu         ] GC(100) User=0.00s Sys=0.00s Real=0.01s
[3.277s][info][gc,start       ] GC(101) Pause Young (Allocation Failure)
[3.289s][info][gc,heap        ] GC(101) PSYoungGen: 19584K(52224K)->9856K(50176K) Eden: 9728K(9728K)->0K(10752K) From: 9856K(42496K)->9856K(39424K)
[3.289s][info][gc,heap        ] GC(101) ParOldGen: 521607K(576000K)->531455K(576000K)
[3.289s][info][gc,metaspace   ] GC(101) Metaspace: 6302K(6528K)->6302K(6528K) NonClass: 5769K(5888K)->5769K(5888K) Class: 533K(640K)->533K(640K)
[3.289s][info][gc             ] GC(101) Pause Young (Allocation Failure) 528M->528M(611M) 11.891ms
[3.289s][info][gc,cpu         ] GC(101) User=0.00s Sys=0.02s Real=0.01s
[3.302s][info][gc,start       ] GC(102) Pause Young (Allocation Failure)
[3.314s][info][gc,heap        ] GC(102) PSYoungGen: 20608K(50176K)->10912K(51200K) Eden: 10752K(10752K)->0K(10752K) From: 9856K(39424K)->10912K(40448K)
[3.314s][info][gc,heap        ] GC(102) ParOldGen: 531455K(576000K)->541319K(576000K)
[3.314s][info][gc,metaspace   ] GC(102) Metaspace: 6302K(6528K)->6302K(6528K) NonClass: 5769K(5888K)->5769K(5888K) Class: 533K(640K)->533K(640K)
[3.314s][info][gc             ] GC(102) Pause Young (Allocation Failure) 539M->539M(612M) 12.240ms
[3.314s][info][gc,cpu         ] GC(102) User=0.00s Sys=0.00s Real=0.01s
[3.327s][info][gc,start       ] GC(103) Pause Young (Allocation Failure)
[3.340s][info][gc,heap        ] GC(103) PSYoungGen: 21664K(51200K)->10912K(48128K) Eden: 10752K(10752K)->0K(12288K) From: 10912K(40448K)->10912K(35840K)
[3.340s][info][gc,heap        ] GC(103) ParOldGen: 541319K(576000K)->552223K(576000K)
[3.340s][info][gc,metaspace   ] GC(103) Metaspace: 6302K(6528K)->6302K(6528K) NonClass: 5769K(5888K)->5769K(5888K) Class: 533K(640K)->533K(640K)
[3.340s][info][gc             ] GC(103) Pause Young (Allocation Failure) 549M->549M(609M) 13.058ms
[3.340s][info][gc,cpu         ] GC(103) User=0.02s Sys=0.00s Real=0.01s
[3.354s][info][gc,start       ] GC(104) Pause Young (Allocation Failure)
[3.367s][info][gc,heap        ] GC(104) PSYoungGen: 23200K(48128K)->12416K(49664K) Eden: 12288K(12288K)->0K(12288K) From: 10912K(35840K)->12416K(37376K)
[3.367s][info][gc,heap        ] GC(104) ParOldGen: 552223K(576000K)->563135K(576000K)
[3.367s][info][gc,metaspace   ] GC(104) Metaspace: 6302K(6528K)->6302K(6528K) NonClass: 5769K(5888K)->5769K(5888K) Class: 533K(640K)->533K(640K)
[3.368s][info][gc             ] GC(104) Pause Young (Allocation Failure) 561M->562M(611M) 13.835ms
[3.368s][info][gc,cpu         ] GC(104) User=0.02s Sys=0.00s Real=0.01s
[3.368s][info][gc,start       ] GC(105) Pause Full (Ergonomics)
[3.368s][info][gc,phases,start] GC(105) Marking Phase
[3.493s][info][gc,phases      ] GC(105) Marking Phase 125.696ms
[3.493s][info][gc,phases,start] GC(105) Summary Phase
[3.493s][info][gc,phases      ] GC(105) Summary Phase 0.029ms
[3.493s][info][gc,phases,start] GC(105) Adjust Roots
[3.494s][info][gc,phases      ] GC(105) Adjust Roots 0.176ms
[3.494s][info][gc,phases,start] GC(105) Compaction Phase
[3.544s][info][gc,phases      ] GC(105) Compaction Phase 50.218ms
[3.544s][info][gc,phases,start] GC(105) Post Compact
[3.545s][info][gc,phases      ] GC(105) Post Compact 1.021ms
[3.545s][info][gc,heap        ] GC(105) PSYoungGen: 12416K(49664K)->0K(49664K) Eden: 0K(12288K)->0K(13824K) From: 12416K(37376K)->0K(35840K)
[3.545s][info][gc,heap        ] GC(105) ParOldGen: 563135K(576000K)->574481K(642048K)
[3.545s][info][gc,metaspace   ] GC(105) Metaspace: 6302K(6528K)->6302K(6528K) NonClass: 5769K(5888K)->5769K(5888K) Class: 533K(640K)->533K(640K)
[3.545s][info][gc             ] GC(105) Pause Full (Ergonomics) 562M->561M(675M) 177.649ms
[3.545s][info][gc,cpu         ] GC(105) User=1.14s Sys=0.03s Real=0.18s
[3.561s][info][gc,start       ] GC(106) Pause Young (Allocation Failure)
[3.571s][info][gc,heap        ] GC(106) PSYoungGen: 13824K(49664K)->13920K(28160K) Eden: 13824K(13824K)->0K(13824K) From: 0K(35840K)->13920K(14336K)
[3.571s][info][gc,heap        ] GC(106) ParOldGen: 574481K(642048K)->574481K(642048K)
[3.571s][info][gc,metaspace   ] GC(106) Metaspace: 6302K(6528K)->6302K(6528K) NonClass: 5769K(5888K)->5769K(5888K) Class: 533K(640K)->533K(640K)
[3.571s][info][gc             ] GC(106) Pause Young (Allocation Failure) 574M->574M(654M) 10.820ms
[3.571s][info][gc,cpu         ] GC(106) User=0.00s Sys=0.00s Real=0.01s
[3.587s][info][gc,start       ] GC(107) Pause Young (Allocation Failure)
[3.602s][info][gc,heap        ] GC(107) PSYoungGen: 27744K(28160K)->27808K(46080K) Eden: 13824K(13824K)->0K(12288K) From: 13920K(14336K)->27808K(33792K)
[3.602s][info][gc,heap        ] GC(107) ParOldGen: 574481K(642048K)->574481K(642048K)
[3.602s][info][gc,metaspace   ] GC(107) Metaspace: 6302K(6528K)->6302K(6528K) NonClass: 5769K(5888K)->5769K(5888K) Class: 533K(640K)->533K(640K)
[3.602s][info][gc             ] GC(107) Pause Young (Allocation Failure) 588M->588M(672M) 15.112ms
[3.602s][info][gc,cpu         ] GC(107) User=0.02s Sys=0.00s Real=0.02s
[3.618s][info][gc,start       ] GC(108) Pause Young (Allocation Failure)
[3.638s][info][gc,heap        ] GC(108) PSYoungGen: 40096K(46080K)->36864K(49152K) Eden: 12288K(12288K)->0K(12288K) From: 27808K(33792K)->36864K(36864K)
[3.638s][info][gc,heap        ] GC(108) ParOldGen: 574481K(642048K)->577609K(642048K)
[3.638s][info][gc,metaspace   ] GC(108) Metaspace: 6302K(6528K)->6302K(6528K) NonClass: 5769K(5888K)->5769K(5888K) Class: 533K(640K)->533K(640K)
[3.638s][info][gc             ] GC(108) Pause Young (Allocation Failure) 600M->600M(675M) 20.310ms
[3.638s][info][gc,cpu         ] GC(108) User=0.12s Sys=0.00s Real=0.02s
[3.654s][info][gc,start       ] GC(109) Pause Young (Allocation Failure)
[3.678s][info][gc,heap        ] GC(109) PSYoungGen: 49152K(49152K)->24064K(56320K) Eden: 12288K(12288K)->0K(13824K) From: 36864K(36864K)->24064K(42496K)
[3.678s][info][gc,heap        ] GC(109) ParOldGen: 577609K(642048K)->603153K(642048K)
[3.678s][info][gc,metaspace   ] GC(109) Metaspace: 6302K(6528K)->6302K(6528K) NonClass: 5769K(5888K)->5769K(5888K) Class: 533K(640K)->533K(640K)
[3.678s][info][gc             ] GC(109) Pause Young (Allocation Failure) 612M->612M(682M) 24.515ms
[3.678s][info][gc,cpu         ] GC(109) User=0.14s Sys=0.00s Real=0.03s
[3.695s][info][gc,start       ] GC(110) Pause Young (Allocation Failure)
[3.715s][info][gc,heap        ] GC(110) PSYoungGen: 37888K(56320K)->26208K(56832K) Eden: 13824K(13824K)->0K(13824K) From: 24064K(42496K)->26208K(43008K)
[3.715s][info][gc,heap        ] GC(110) ParOldGen: 603153K(642048K)->614977K(642048K)
[3.715s][info][gc,metaspace   ] GC(110) Metaspace: 6302K(6528K)->6302K(6528K) NonClass: 5769K(5888K)->5769K(5888K) Class: 533K(640K)->533K(640K)
[3.715s][info][gc             ] GC(110) Pause Young (Allocation Failure) 626M->626M(682M) 20.246ms
[3.715s][info][gc,cpu         ] GC(110) User=0.12s Sys=0.00s Real=0.02s
[3.733s][info][gc,start       ] GC(111) Pause Young (Allocation Failure)
[3.754s][info][gc,heap        ] GC(111) PSYoungGen: 40032K(56832K)->27744K(58880K) Eden: 13824K(13824K)->0K(15360K) From: 26208K(43008K)->27744K(43520K)
[3.754s][info][gc,heap        ] GC(111) ParOldGen: 614977K(642048K)->627441K(642048K)
[3.754s][info][gc,metaspace   ] GC(111) Metaspace: 6302K(6528K)->6302K(6528K) NonClass: 5769K(5888K)->5769K(5888K) Class: 533K(640K)->533K(640K)
[3.754s][info][gc             ] GC(111) Pause Young (Allocation Failure) 639M->639M(684M) 21.450ms
[3.754s][info][gc,cpu         ] GC(111) User=0.12s Sys=0.00s Real=0.02s
[3.754s][info][gc,start       ] GC(112) Pause Full (Ergonomics)
[3.754s][info][gc,phases,start] GC(112) Marking Phase
[3.891s][info][gc,phases      ] GC(112) Marking Phase 136.485ms
[3.891s][info][gc,phases,start] GC(112) Summary Phase
[3.891s][info][gc,phases      ] GC(112) Summary Phase 0.028ms
[3.891s][info][gc,phases,start] GC(112) Adjust Roots
[3.891s][info][gc,phases      ] GC(112) Adjust Roots 0.151ms
[3.891s][info][gc,phases,start] GC(112) Compaction Phase
[3.945s][info][gc,phases      ] GC(112) Compaction Phase 54.411ms
[3.945s][info][gc,phases,start] GC(112) Post Compact
[3.946s][info][gc,phases      ] GC(112) Post Compact 1.067ms
[3.947s][info][gc,heap        ] GC(112) PSYoungGen: 27744K(58880K)->12258K(58880K) Eden: 0K(15360K)->0K(15360K) From: 27744K(43520K)->12258K(43520K)
[3.947s][info][gc,heap        ] GC(112) ParOldGen: 627441K(642048K)->641908K(718336K)
[3.947s][info][gc,metaspace   ] GC(112) Metaspace: 6302K(6528K)->6302K(6528K) NonClass: 5769K(5888K)->5769K(5888K) Class: 533K(640K)->533K(640K)
[3.947s][info][gc             ] GC(112) Pause Full (Ergonomics) 639M->638M(759M) 192.679ms
[3.947s][info][gc,cpu         ] GC(112) User=1.39s Sys=0.00s Real=0.19s
[3.964s][info][gc,start       ] GC(113) Pause Young (Allocation Failure)
[4.005s][info][gc,heap        ] GC(113) PSYoungGen: 27618K(58880K)->21664K(37376K) Eden: 15360K(15360K)->0K(15360K) From: 12258K(43520K)->21664K(22016K)
[4.005s][info][gc,heap        ] GC(113) ParOldGen: 641908K(718336K)->648124K(718336K)
[4.005s][info][gc,metaspace   ] GC(113) Metaspace: 6302K(6528K)->6302K(6528K) NonClass: 5769K(5888K)->5769K(5888K) Class: 533K(640K)->533K(640K)
[4.005s][info][gc             ] GC(113) Pause Young (Allocation Failure) 653M->654M(738M) 40.414ms
[4.005s][info][gc,cpu         ] GC(113) User=0.27s Sys=0.00s Real=0.04s
[4.024s][info][gc,start       ] GC(114) Pause Young (Allocation Failure)
[4.045s][info][gc,heap        ] GC(114) PSYoungGen: 37024K(37376K)->36992K(54784K) Eden: 15360K(15360K)->0K(12800K) From: 21664K(22016K)->36992K(41984K)
[4.045s][info][gc,heap        ] GC(114) ParOldGen: 648124K(718336K)->648124K(718336K)
[4.045s][info][gc,metaspace   ] GC(114) Metaspace: 6302K(6528K)->6302K(6528K) NonClass: 5769K(5888K)->5769K(5888K) Class: 533K(640K)->533K(640K)
[4.045s][info][gc             ] GC(114) Pause Young (Allocation Failure) 669M->669M(755M) 20.627ms
[4.045s][info][gc,cpu         ] GC(114) User=0.12s Sys=0.00s Real=0.02s
[4.062s][info][gc,start       ] GC(115) Pause Young (Allocation Failure)
[4.088s][info][gc,heap        ] GC(115) PSYoungGen: 49792K(54784K)->46080K(58880K) Eden: 12800K(12800K)->0K(12800K) From: 36992K(41984K)->46080K(46080K)
[4.088s][info][gc,heap        ] GC(115) ParOldGen: 648124K(718336K)->651812K(718336K)
[4.088s][info][gc,metaspace   ] GC(115) Metaspace: 6302K(6528K)->6302K(6528K) NonClass: 5769K(5888K)->5769K(5888K) Class: 533K(640K)->533K(640K)
[4.088s][info][gc             ] GC(115) Pause Young (Allocation Failure) 681M->681M(759M) 26.199ms
[4.088s][info][gc,cpu         ] GC(115) User=0.12s Sys=0.00s Real=0.03s
[4.231s][info][gc,start       ] GC(116) Pause Young (Allocation Failure)
[4.274s][info][gc,heap        ] GC(116) PSYoungGen: 58880K(58880K)->39040K(65536K) Eden: 12800K(12800K)->0K(11776K) From: 46080K(46080K)->39040K(53760K)
[4.274s][info][gc,heap        ] GC(116) ParOldGen: 684580K(718336K)->704780K(718336K)
[4.274s][info][gc,metaspace   ] GC(116) Metaspace: 6302K(6528K)->6302K(6528K) NonClass: 5769K(5888K)->5769K(5888K) Class: 533K(640K)->533K(640K)
[4.274s][info][gc             ] GC(116) Pause Young (Allocation Failure) 726M->726M(765M) 42.941ms
[4.274s][info][gc,cpu         ] GC(116) User=0.23s Sys=0.03s Real=0.04s
[4.274s][info][gc,start       ] GC(117) Pause Full (Ergonomics)
[4.274s][info][gc,phases,start] GC(117) Marking Phase
[4.443s][info][gc,phases      ] GC(117) Marking Phase 168.836ms
[4.443s][info][gc,phases,start] GC(117) Summary Phase
[4.443s][info][gc,phases      ] GC(117) Summary Phase 0.022ms
[4.443s][info][gc,phases,start] GC(117) Adjust Roots
[4.443s][info][gc,phases      ] GC(117) Adjust Roots 0.161ms
[4.443s][info][gc,phases,start] GC(117) Compaction Phase
[4.562s][info][gc,phases      ] GC(117) Compaction Phase 118.219ms
[4.562s][info][gc,phases,start] GC(117) Post Compact
[4.563s][info][gc,phases      ] GC(117) Post Compact 1.471ms
[4.564s][info][gc,heap        ] GC(117) PSYoungGen: 39040K(65536K)->8688K(65536K) Eden: 0K(11776K)->0K(11776K) From: 39040K(53760K)->8688K(53760K)
[4.564s][info][gc,heap        ] GC(117) ParOldGen: 704780K(718336K)->718057K(801280K)
[4.564s][info][gc,metaspace   ] GC(117) Metaspace: 6302K(6528K)->6302K(6528K) NonClass: 5769K(5888K)->5769K(5888K) Class: 533K(640K)->533K(640K)
[4.564s][info][gc             ] GC(117) Pause Full (Ergonomics) 726M->709M(846M) 289.305ms
[4.564s][info][gc,cpu         ] GC(117) User=1.88s Sys=0.02s Real=0.29s
[4.578s][info][gc,start       ] GC(118) Pause Young (Allocation Failure)
[4.619s][info][gc,heap        ] GC(118) PSYoungGen: 20464K(65536K)->20640K(32768K) Eden: 11776K(11776K)->0K(11776K) From: 8688K(53760K)->20640K(20992K)
[4.619s][info][gc,heap        ] GC(118) ParOldGen: 718057K(801280K)->718057K(801280K)
[4.619s][info][gc,metaspace   ] GC(118) Metaspace: 6302K(6528K)->6302K(6528K) NonClass: 5769K(5888K)->5769K(5888K) Class: 533K(640K)->533K(640K)
[4.619s][info][gc             ] GC(118) Pause Young (Allocation Failure) 721M->721M(814M) 41.320ms
[4.619s][info][gc,cpu         ] GC(118) User=0.17s Sys=0.00s Real=0.04s
[4.632s][info][gc,start       ] GC(119) Pause Young (Allocation Failure)
[4.650s][info][gc,heap        ] GC(119) PSYoungGen: 32416K(32768K)->32416K(66560K) Eden: 11776K(11776K)->0K(13312K) From: 20640K(20992K)->32416K(53248K)
[4.650s][info][gc,heap        ] GC(119) ParOldGen: 718057K(801280K)->718057K(801280K)
[4.650s][info][gc,metaspace   ] GC(119) Metaspace: 6302K(6528K)->6302K(6528K) NonClass: 5769K(5888K)->5769K(5888K) Class: 533K(640K)->533K(640K)
[4.650s][info][gc             ] GC(119) Pause Young (Allocation Failure) 732M->732M(847M) 18.084ms
[4.650s][info][gc,cpu         ] GC(119) User=0.03s Sys=0.00s Real=0.02s
[4.664s][info][gc,start       ] GC(120) Pause Young (Allocation Failure)
[4.687s][info][gc,heap        ] GC(120) PSYoungGen: 45728K(66560K)->45696K(67072K) Eden: 13312K(13312K)->0K(13312K) From: 32416K(53248K)->45696K(53760K)
[4.687s][info][gc,heap        ] GC(120) ParOldGen: 718057K(801280K)->718057K(801280K)
[4.687s][info][gc,metaspace   ] GC(120) Metaspace: 6302K(6528K)->6302K(6528K) NonClass: 5769K(5888K)->5769K(5888K) Class: 533K(640K)->533K(640K)
[4.687s][info][gc             ] GC(120) Pause Young (Allocation Failure) 745M->745M(848M) 22.943ms
[4.687s][info][gc,cpu         ] GC(120) User=0.03s Sys=0.00s Real=0.02s
[4.702s][info][gc,start       ] GC(121) Pause Young (Allocation Failure)
[4.731s][info][gc,heap        ] GC(121) PSYoungGen: 59008K(67072K)->52768K(67584K) Eden: 13312K(13312K)->0K(9216K) From: 45696K(53760K)->52768K(58368K)
[4.731s][info][gc,heap        ] GC(121) ParOldGen: 718057K(801280K)->724369K(801280K)
[4.731s][info][gc,metaspace   ] GC(121) Metaspace: 6302K(6528K)->6302K(6528K) NonClass: 5769K(5888K)->5769K(5888K) Class: 533K(640K)->533K(640K)
[4.731s][info][gc             ] GC(121) Pause Young (Allocation Failure) 758M->758M(848M) 29.535ms
[4.731s][info][gc,cpu         ] GC(121) User=0.08s Sys=0.02s Real=0.03s
[4.741s][info][gc,start       ] GC(122) Pause Young (Allocation Failure)
[4.770s][info][gc,heap        ] GC(122) PSYoungGen: 61984K(67584K)->60544K(73216K) Eden: 9216K(9216K)->0K(9216K) From: 52768K(58368K)->60544K(64000K)
[4.770s][info][gc,heap        ] GC(122) ParOldGen: 724369K(801280K)->725897K(801280K)
[4.770s][info][gc,metaspace   ] GC(122) Metaspace: 6302K(6528K)->6302K(6528K) NonClass: 5769K(5888K)->5769K(5888K) Class: 533K(640K)->533K(640K)
[4.770s][info][gc             ] GC(122) Pause Young (Allocation Failure) 767M->768M(854M) 28.905ms
[4.770s][info][gc,cpu         ] GC(122) User=0.12s Sys=0.00s Real=0.03s
[4.781s][info][gc,start       ] GC(123) Pause Young (Allocation Failure)
[4.813s][info][gc,heap        ] GC(123) PSYoungGen: 69760K(73216K)->56960K(77312K) Eden: 9216K(9216K)->0K(5632K) From: 60544K(64000K)->56960K(71680K)
[4.813s][info][gc,heap        ] GC(123) ParOldGen: 725897K(801280K)->738865K(801280K)
[4.813s][info][gc,metaspace   ] GC(123) Metaspace: 6302K(6528K)->6302K(6528K) NonClass: 5769K(5888K)->5769K(5888K) Class: 533K(640K)->533K(640K)
[4.813s][info][gc             ] GC(123) Pause Young (Allocation Failure) 777M->777M(858M) 32.704ms
[4.813s][info][gc,cpu         ] GC(123) User=0.16s Sys=0.02s Real=0.03s
[4.820s][info][gc,start       ] GC(124) Pause Young (Allocation Failure)
[4.850s][info][gc,heap        ] GC(124) PSYoungGen: 62592K(77312K)->37472K(43520K) Eden: 5632K(5632K)->0K(5632K) From: 56960K(71680K)->37472K(37888K)
[4.850s][info][gc,heap        ] GC(124) ParOldGen: 738865K(801280K)->764265K(801280K)
[4.850s][info][gc,metaspace   ] GC(124) Metaspace: 6302K(6528K)->6302K(6528K) NonClass: 5769K(5888K)->5769K(5888K) Class: 533K(640K)->533K(640K)
[4.850s][info][gc             ] GC(124) Pause Young (Allocation Failure) 782M->782M(825M) 30.205ms
[4.850s][info][gc,cpu         ] GC(124) User=0.14s Sys=0.00s Real=0.03s
[4.856s][info][gc,start       ] GC(125) Pause Young (Allocation Failure)
[4.879s][info][gc,heap        ] GC(125) PSYoungGen: 43104K(43520K)->20512K(78848K) Eden: 5632K(5632K)->0K(7168K) From: 37472K(37888K)->20512K(71680K)
[4.879s][info][gc,heap        ] GC(125) ParOldGen: 764265K(801280K)->787073K(801280K)
[4.879s][info][gc,metaspace   ] GC(125) Metaspace: 6302K(6528K)->6302K(6528K) NonClass: 5769K(5888K)->5769K(5888K) Class: 533K(640K)->533K(640K)
[4.879s][info][gc             ] GC(125) Pause Young (Allocation Failure) 788M->788M(859M) 22.367ms
[4.879s][info][gc,cpu         ] GC(125) User=0.05s Sys=0.00s Real=0.02s
[4.879s][info][gc,start       ] GC(126) Pause Full (Ergonomics)
[4.879s][info][gc,phases,start] GC(126) Marking Phase
[5.059s][info][gc,phases      ] GC(126) Marking Phase 180.202ms
[5.059s][info][gc,phases,start] GC(126) Summary Phase
[5.059s][info][gc,phases      ] GC(126) Summary Phase 0.023ms
[5.059s][info][gc,phases,start] GC(126) Adjust Roots
[5.059s][info][gc,phases      ] GC(126) Adjust Roots 0.158ms
[5.059s][info][gc,phases,start] GC(126) Compaction Phase
[5.145s][info][gc,phases      ] GC(126) Compaction Phase 85.609ms
[5.145s][info][gc,phases,start] GC(126) Post Compact
[5.146s][info][gc,phases      ] GC(126) Post Compact 1.399ms
[5.147s][info][gc,heap        ] GC(126) PSYoungGen: 20512K(78848K)->5561K(79360K) Eden: 0K(7168K)->0K(7680K) From: 20512K(71680K)->5561K(71680K)
[5.147s][info][gc,heap        ] GC(126) ParOldGen: 787073K(801280K)->800806K(896000K)
[5.147s][info][gc,metaspace   ] GC(126) Metaspace: 6302K(6528K)->6302K(6528K) NonClass: 5769K(5888K)->5769K(5888K) Class: 533K(640K)->533K(640K)
[5.147s][info][gc             ] GC(126) Pause Full (Ergonomics) 788M->787M(952M) 268.025ms
[5.147s][info][gc,cpu         ] GC(126) User=1.88s Sys=0.00s Real=0.27s
[5.155s][info][gc,start       ] GC(127) Pause Young (Allocation Failure)
[5.195s][info][gc,heap        ] GC(127) PSYoungGen: 13241K(79360K)->9888K(79872K) Eden: 7680K(7680K)->0K(7680K) From: 5561K(71680K)->9888K(72192K)
[5.195s][info][gc,heap        ] GC(127) ParOldGen: 800806K(896000K)->804374K(896000K)
[5.195s][info][gc,metaspace   ] GC(127) Metaspace: 6302K(6528K)->6302K(6528K) NonClass: 5769K(5888K)->5769K(5888K) Class: 533K(640K)->533K(640K)
[5.195s][info][gc             ] GC(127) Pause Young (Allocation Failure) 794M->795M(953M) 40.118ms
[5.195s][info][gc,cpu         ] GC(127) User=0.27s Sys=0.00s Real=0.04s
[5.204s][info][gc,start       ] GC(128) Pause Young (Allocation Failure)
[5.218s][info][gc,heap        ] GC(128) PSYoungGen: 17568K(79872K)->7808K(81408K) Eden: 7680K(7680K)->0K(8704K) From: 9888K(72192K)->7808K(72704K)
[5.218s][info][gc,heap        ] GC(128) ParOldGen: 804374K(896000K)->814246K(896000K)
[5.218s][info][gc,metaspace   ] GC(128) Metaspace: 6302K(6528K)->6302K(6528K) NonClass: 5769K(5888K)->5769K(5888K) Class: 533K(640K)->533K(640K)
[5.218s][info][gc             ] GC(128) Pause Young (Allocation Failure) 802M->802M(954M) 13.312ms
[5.218s][info][gc,cpu         ] GC(128) User=0.00s Sys=0.02s Real=0.01s
[5.227s][info][gc,start       ] GC(129) Pause Young (Allocation Failure)
[5.240s][info][gc,heap        ] GC(129) PSYoungGen: 16512K(81408K)->8832K(81408K) Eden: 8704K(8704K)->0K(8704K) From: 7808K(72704K)->8832K(72704K)
[5.241s][info][gc,heap        ] GC(129) ParOldGen: 814246K(896000K)->822046K(896000K)
[5.241s][info][gc,metaspace   ] GC(129) Metaspace: 6302K(6528K)->6302K(6528K) NonClass: 5769K(5888K)->5769K(5888K) Class: 533K(640K)->533K(640K)
[5.241s][info][gc             ] GC(129) Pause Young (Allocation Failure) 811M->811M(954M) 13.427ms
[5.241s][info][gc,cpu         ] GC(129) User=0.00s Sys=0.00s Real=0.01s
[5.251s][info][gc,start       ] GC(130) Pause Young (Allocation Failure)
[5.266s][info][gc,heap        ] GC(130) PSYoungGen: 17536K(81408K)->8768K(79360K) Eden: 8704K(8704K)->0K(10240K) From: 8832K(72704K)->8768K(69120K)
[5.266s][info][gc,heap        ] GC(130) ParOldGen: 822046K(896000K)->830878K(896000K)
[5.266s][info][gc,metaspace   ] GC(130) Metaspace: 6302K(6528K)->6302K(6528K) NonClass: 5769K(5888K)->5769K(5888K) Class: 533K(640K)->533K(640K)
[5.266s][info][gc             ] GC(130) Pause Young (Allocation Failure) 819M->819M(952M) 15.037ms
[5.266s][info][gc,cpu         ] GC(130) User=0.00s Sys=0.02s Real=0.02s
[5.278s][info][gc,start       ] GC(131) Pause Young (Allocation Failure)
[5.293s][info][gc,heap        ] GC(131) PSYoungGen: 19008K(79360K)->10368K(80896K) Eden: 10240K(10240K)->0K(10240K) From: 8768K(69120K)->10368K(70656K)
[5.293s][info][gc,heap        ] GC(131) ParOldGen: 830878K(896000K)->839710K(896000K)
[5.293s][info][gc,metaspace   ] GC(131) Metaspace: 6302K(6528K)->6302K(6528K) NonClass: 5769K(5888K)->5769K(5888K) Class: 533K(640K)->533K(640K)
[5.293s][info][gc             ] GC(131) Pause Young (Allocation Failure) 829M->830M(954M) 14.974ms
[5.293s][info][gc,cpu         ] GC(131) User=0.02s Sys=0.00s Real=0.02s
[5.305s][info][gc,start       ] GC(132) Pause Young (Allocation Failure)
[5.320s][info][gc,heap        ] GC(132) PSYoungGen: 20608K(80896K)->10368K(76800K) Eden: 10240K(10240K)->0K(11776K) From: 10368K(70656K)->10368K(65024K)
[5.320s][info][gc,heap        ] GC(132) ParOldGen: 839710K(896000K)->850078K(896000K)
[5.320s][info][gc,metaspace   ] GC(132) Metaspace: 6302K(6528K)->6302K(6528K) NonClass: 5769K(5888K)->5769K(5888K) Class: 533K(640K)->533K(640K)
[5.320s][info][gc             ] GC(132) Pause Young (Allocation Failure) 840M->840M(950M) 14.987ms
[5.320s][info][gc,cpu         ] GC(132) User=0.02s Sys=0.00s Real=0.01s
[5.332s][info][gc,start       ] GC(133) Pause Young (Allocation Failure)
[5.349s][info][gc,heap        ] GC(133) PSYoungGen: 22144K(76800K)->11872K(24064K) Eden: 11776K(11776K)->0K(11776K) From: 10368K(65024K)->11872K(12288K)
[5.349s][info][gc,heap        ] GC(133) ParOldGen: 850078K(896000K)->860454K(896000K)
[5.349s][info][gc,metaspace   ] GC(133) Metaspace: 6302K(6528K)->6302K(6528K) NonClass: 5769K(5888K)->5769K(5888K) Class: 533K(640K)->533K(640K)
[5.349s][info][gc             ] GC(133) Pause Young (Allocation Failure) 851M->851M(898M) 16.627ms
[5.349s][info][gc,cpu         ] GC(133) User=0.03s Sys=0.00s Real=0.02s
[5.363s][info][gc,start       ] GC(134) Pause Young (Allocation Failure)
[5.379s][info][gc,heap        ] GC(134) PSYoungGen: 23648K(24064K)->11872K(72704K) Eden: 11776K(11776K)->0K(13312K) From: 11872K(12288K)->11872K(59392K)
[5.379s][info][gc,heap        ] GC(134) ParOldGen: 860454K(896000K)->872398K(896000K)
[5.379s][info][gc,metaspace   ] GC(134) Metaspace: 6302K(6528K)->6302K(6528K) NonClass: 5769K(5888K)->5769K(5888K) Class: 533K(640K)->533K(640K)
[5.379s][info][gc             ] GC(134) Pause Young (Allocation Failure) 863M->863M(946M) 16.835ms
[5.379s][info][gc,cpu         ] GC(134) User=0.03s Sys=0.00s Real=0.02s
[5.394s][info][gc,start       ] GC(135) Pause Young (Allocation Failure)
[5.411s][info][gc,heap        ] GC(135) PSYoungGen: 25184K(72704K)->13472K(27136K) Eden: 13312K(13312K)->0K(13312K) From: 11872K(59392K)->13472K(13824K)
[5.411s][info][gc,heap        ] GC(135) ParOldGen: 872398K(896000K)->884326K(896000K)
[5.411s][info][gc,metaspace   ] GC(135) Metaspace: 6302K(6528K)->6302K(6528K) NonClass: 5769K(5888K)->5769K(5888K) Class: 533K(640K)->533K(640K)
[5.411s][info][gc             ] GC(135) Pause Young (Allocation Failure) 876M->876M(901M) 17.142ms
[5.411s][info][gc,cpu         ] GC(135) User=0.03s Sys=0.00s Real=0.02s
[5.411s][info][gc,start       ] GC(136) Pause Full (Ergonomics)
[5.411s][info][gc,phases,start] GC(136) Marking Phase
[5.615s][info][gc,phases      ] GC(136) Marking Phase 203.267ms
[5.615s][info][gc,phases,start] GC(136) Summary Phase
[5.615s][info][gc,phases      ] GC(136) Summary Phase 0.033ms
[5.615s][info][gc,phases,start] GC(136) Adjust Roots
[5.615s][info][gc,phases      ] GC(136) Adjust Roots 0.186ms
[5.615s][info][gc,phases,start] GC(136) Compaction Phase
[5.706s][info][gc,phases      ] GC(136) Compaction Phase 90.807ms
[5.706s][info][gc,phases,start] GC(136) Post Compact
[5.707s][info][gc,phases      ] GC(136) Post Compact 1.553ms
[5.708s][info][gc,heap        ] GC(136) PSYoungGen: 13472K(27136K)->526K(27136K) Eden: 0K(13312K)->0K(13312K) From: 13472K(13824K)->526K(13824K)
[5.708s][info][gc,heap        ] GC(136) ParOldGen: 884326K(896000K)->895667K(987648K)
[5.708s][info][gc,metaspace   ] GC(136) Metaspace: 6302K(6528K)->6302K(6528K) NonClass: 5769K(5888K)->5769K(5888K) Class: 533K(640K)->533K(640K)
[5.708s][info][gc             ] GC(136) Pause Full (Ergonomics) 876M->875M(991M) 296.432ms
[5.708s][info][gc,cpu         ] GC(136) User=1.97s Sys=0.00s Real=0.30s
[5.724s][info][gc,start       ] GC(137) Pause Young (Allocation Failure)
[5.770s][info][gc,heap        ] GC(137) PSYoungGen: 13838K(27136K)->13504K(68096K) Eden: 13312K(13312K)->0K(14848K) From: 526K(13824K)->13504K(53248K)
[5.770s][info][gc,heap        ] GC(137) ParOldGen: 895667K(987648K)->896235K(987648K)
[5.770s][info][gc,metaspace   ] GC(137) Metaspace: 6302K(6528K)->6302K(6528K) NonClass: 5769K(5888K)->5769K(5888K) Class: 533K(640K)->533K(640K)
[5.770s][info][gc             ] GC(137) Pause Young (Allocation Failure) 888M->888M(1031M) 45.884ms
[5.770s][info][gc,cpu         ] GC(137) User=0.25s Sys=0.00s Real=0.05s
[5.788s][info][gc,start       ] GC(138) Pause Young (Allocation Failure)
[5.806s][info][gc,heap        ] GC(138) PSYoungGen: 28352K(68096K)->28256K(71168K) Eden: 14848K(14848K)->0K(14848K) From: 13504K(53248K)->28256K(56320K)
[5.806s][info][gc,heap        ] GC(138) ParOldGen: 896235K(987648K)->896235K(987648K)
[5.806s][info][gc,metaspace   ] GC(138) Metaspace: 6302K(6528K)->6302K(6528K) NonClass: 5769K(5888K)->5769K(5888K) Class: 533K(640K)->533K(640K)
[5.806s][info][gc             ] GC(138) Pause Young (Allocation Failure) 902M->902M(1034M) 17.943ms
[5.806s][info][gc,cpu         ] GC(138) User=0.03s Sys=0.00s Real=0.02s
[5.823s][info][gc,start       ] GC(139) Pause Young (Allocation Failure)
[5.846s][info][gc,heap        ] GC(139) PSYoungGen: 43104K(71168K)->29824K(72192K) Eden: 14848K(14848K)->0K(16384K) From: 28256K(56320K)->29824K(55808K)
[5.846s][info][gc,heap        ] GC(139) ParOldGen: 896235K(987648K)->909731K(987648K)
[5.846s][info][gc,metaspace   ] GC(139) Metaspace: 6302K(6528K)->6302K(6528K) NonClass: 5769K(5888K)->5769K(5888K) Class: 533K(640K)->533K(640K)
[5.846s][info][gc             ] GC(139) Pause Young (Allocation Failure) 917M->917M(1035M) 23.127ms
[5.846s][info][gc,cpu         ] GC(139) User=0.12s Sys=0.00s Real=0.02s
[5.865s][info][gc,start       ] GC(140) Pause Young (Allocation Failure)
[5.890s][info][gc,heap        ] GC(140) PSYoungGen: 46208K(72192K)->31392K(72192K) Eden: 16384K(16384K)->0K(16384K) From: 29824K(55808K)->31392K(55808K)
[5.890s][info][gc,heap        ] GC(140) ParOldGen: 909731K(987648K)->924787K(987648K)
[5.890s][info][gc,metaspace   ] GC(140) Metaspace: 6302K(6528K)->6302K(6528K) NonClass: 5769K(5888K)->5769K(5888K) Class: 533K(640K)->533K(640K)
[5.890s][info][gc             ] GC(140) Pause Young (Allocation Failure) 933M->933M(1035M) 24.695ms
[5.890s][info][gc,cpu         ] GC(140) User=0.12s Sys=0.00s Real=0.02s
[5.908s][info][gc,start       ] GC(141) Pause Young (Allocation Failure)
[5.934s][info][gc,heap        ] GC(141) PSYoungGen: 47776K(72192K)->32896K(74240K) Eden: 16384K(16384K)->0K(17920K) From: 31392K(55808K)->32896K(56320K)
[5.934s][info][gc,heap        ] GC(141) ParOldGen: 924787K(987648K)->939843K(987648K)
[5.934s][info][gc,metaspace   ] GC(141) Metaspace: 6302K(6528K)->6302K(6528K) NonClass: 5769K(5888K)->5769K(5888K) Class: 533K(640K)->533K(640K)
[5.934s][info][gc             ] GC(141) Pause Young (Allocation Failure) 949M->949M(1037M) 25.280ms
[5.934s][info][gc,cpu         ] GC(141) User=0.14s Sys=0.00s Real=0.03s
[5.956s][info][gc,start       ] GC(142) Pause Young (Allocation Failure)
[5.983s][info][gc,heap        ] GC(142) PSYoungGen: 50816K(74240K)->34432K(74752K) Eden: 17920K(17920K)->0K(17920K) From: 32896K(56320K)->34432K(56832K)
[5.983s][info][gc,heap        ] GC(142) ParOldGen: 939843K(987648K)->956451K(987648K)
[5.983s][info][gc,metaspace   ] GC(142) Metaspace: 6302K(6528K)->6302K(6528K) NonClass: 5769K(5888K)->5769K(5888K) Class: 533K(640K)->533K(640K)
[5.983s][info][gc             ] GC(142) Pause Young (Allocation Failure) 967M->967M(1037M) 27.227ms
[5.983s][info][gc,cpu         ] GC(142) User=0.14s Sys=0.00s Real=0.03s
[6.006s][info][gc,start       ] GC(143) Pause Young (Allocation Failure)
[6.033s][info][gc,heap        ] GC(143) PSYoungGen: 52352K(74752K)->35968K(76288K) Eden: 17920K(17920K)->0K(18944K) From: 34432K(56832K)->35968K(57344K)
[6.033s][info][gc,heap        ] GC(143) ParOldGen: 956451K(987648K)->973067K(987648K)
[6.033s][info][gc,metaspace   ] GC(143) Metaspace: 6302K(6528K)->6302K(6528K) NonClass: 5769K(5888K)->5769K(5888K) Class: 533K(640K)->533K(640K)
[6.033s][info][gc             ] GC(143) Pause Young (Allocation Failure) 985M->985M(1039M) 27.833ms
[6.033s][info][gc,cpu         ] GC(143) User=0.12s Sys=0.00s Real=0.03s
[6.033s][info][gc,start       ] GC(144) Pause Full (Ergonomics)
[6.033s][info][gc,phases,start] GC(144) Marking Phase
[6.257s][info][gc,phases      ] GC(144) Marking Phase 223.210ms
[6.257s][info][gc,phases,start] GC(144) Summary Phase
[6.257s][info][gc,phases      ] GC(144) Summary Phase 0.026ms
[6.257s][info][gc,phases,start] GC(144) Adjust Roots
[6.257s][info][gc,phases      ] GC(144) Adjust Roots 0.219ms
[6.257s][info][gc,phases,start] GC(144) Compaction Phase
[6.351s][info][gc,phases      ] GC(144) Compaction Phase 94.132ms
[6.351s][info][gc,phases,start] GC(144) Post Compact
[6.353s][info][gc,phases      ] GC(144) Post Compact 1.916ms
[6.354s][info][gc,heap        ] GC(144) PSYoungGen: 35968K(76288K)->20447K(76288K) Eden: 0K(18944K)->0K(18944K) From: 35968K(57344K)->20447K(57344K)
[6.354s][info][gc,heap        ] GC(144) ParOldGen: 973067K(987648K)->987144K(1091072K)
[6.354s][info][gc,metaspace   ] GC(144) Metaspace: 6302K(6528K)->6302K(6528K) NonClass: 5769K(5888K)->5769K(5888K) Class: 533K(640K)->533K(640K)
[6.354s][info][gc             ] GC(144) Pause Full (Ergonomics) 985M->983M(1140M) 320.317ms
[6.354s][info][gc,cpu         ] GC(144) User=2.27s Sys=0.00s Real=0.32s
[6.375s][info][gc,start       ] GC(145) Pause Young (Allocation Failure)
[6.434s][info][gc,heap        ] GC(145) PSYoungGen: 39391K(76288K)->29024K(77312K) Eden: 18944K(18944K)->0K(18944K) From: 20447K(57344K)->29024K(58368K)
[6.434s][info][gc,heap        ] GC(145) ParOldGen: 987144K(1091072K)->997808K(1091072K)
[6.434s][info][gc,metaspace   ] GC(145) Metaspace: 6302K(6528K)->6302K(6528K) NonClass: 5769K(5888K)->5769K(5888K) Class: 533K(640K)->533K(640K)
[6.434s][info][gc             ] GC(145) Pause Young (Allocation Failure) 1002M->1002M(1141M) 58.703ms
[6.434s][info][gc,cpu         ] GC(145) User=0.39s Sys=0.00s Real=0.06s
[6.455s][info][gc,start       ] GC(146) Pause Young (Allocation Failure)
[6.481s][info][gc,heap        ] GC(146) PSYoungGen: 47968K(77312K)->48000K(72192K) Eden: 18944K(18944K)->0K(15872K) From: 29024K(58368K)->48000K(56320K)
[6.481s][info][gc,heap        ] GC(146) ParOldGen: 997808K(1091072K)->997808K(1091072K)
[6.481s][info][gc,metaspace   ] GC(146) Metaspace: 6302K(6528K)->6302K(6528K) NonClass: 5769K(5888K)->5769K(5888K) Class: 533K(640K)->533K(640K)
[6.481s][info][gc             ] GC(146) Pause Young (Allocation Failure) 1021M->1021M(1136M) 25.724ms
[6.481s][info][gc,cpu         ] GC(146) User=0.14s Sys=0.00s Real=0.03s
[6.501s][info][gc,start       ] GC(147) Pause Young (Allocation Failure)
[6.533s][info][gc,heap        ] GC(147) PSYoungGen: 63872K(72192K)->53888K(77312K) Eden: 15872K(15872K)->0K(15872K) From: 48000K(56320K)->53888K(61440K)
[6.533s][info][gc,heap        ] GC(147) ParOldGen: 997808K(1091072K)->1007896K(1091072K)
[6.533s][info][gc,metaspace   ] GC(147) Metaspace: 6302K(6528K)->6302K(6528K) NonClass: 5769K(5888K)->5769K(5888K) Class: 533K(640K)->533K(640K)
[6.533s][info][gc             ] GC(147) Pause Young (Allocation Failure) 1036M->1036M(1141M) 32.594ms
[6.533s][info][gc,cpu         ] GC(147) User=0.16s Sys=0.00s Real=0.03s
[6.551s][info][gc,start       ] GC(148) Pause Young (Allocation Failure)
[6.587s][info][gc,heap        ] GC(148) PSYoungGen: 69760K(77312K)->50816K(82432K) Eden: 15872K(15872K)->0K(14336K) From: 53888K(61440K)->50816K(68096K)
[6.587s][info][gc,heap        ] GC(148) ParOldGen: 1007896K(1091072K)->1027088K(1091072K)
[6.587s][info][gc,metaspace   ] GC(148) Metaspace: 6302K(6528K)->6302K(6528K) NonClass: 5769K(5888K)->5769K(5888K) Class: 533K(640K)->533K(640K)
[6.587s][info][gc             ] GC(148) Pause Young (Allocation Failure) 1052M->1052M(1146M) 36.216ms
[6.587s][info][gc,cpu         ] GC(148) User=0.31s Sys=0.06s Real=0.04s
[6.603s][info][gc,start       ] GC(149) Pause Young (Allocation Failure)
[6.638s][info][gc,heap        ] GC(149) PSYoungGen: 65152K(82432K)->30304K(45056K) Eden: 14336K(14336K)->0K(14336K) From: 50816K(68096K)->30304K(30720K)
[6.638s][info][gc,heap        ] GC(149) ParOldGen: 1027088K(1091072K)->1062320K(1091072K)
[6.638s][info][gc,metaspace   ] GC(149) Metaspace: 6302K(6528K)->6302K(6528K) NonClass: 5769K(5888K)->5769K(5888K) Class: 533K(640K)->533K(640K)
[6.638s][info][gc             ] GC(149) Pause Young (Allocation Failure) 1066M->1067M(1109M) 34.753ms
[6.638s][info][gc,cpu         ] GC(149) User=0.16s Sys=0.02s Real=0.04s
[6.638s][info][gc,start       ] GC(150) Pause Full (Ergonomics)
[6.638s][info][gc,phases,start] GC(150) Marking Phase
[6.882s][info][gc,phases      ] GC(150) Marking Phase 243.743ms
[6.882s][info][gc,phases,start] GC(150) Summary Phase
[6.882s][info][gc,phases      ] GC(150) Summary Phase 0.042ms
[6.882s][info][gc,phases,start] GC(150) Adjust Roots
[6.882s][info][gc,phases      ] GC(150) Adjust Roots 0.245ms
[6.882s][info][gc,phases,start] GC(150) Compaction Phase
[6.974s][info][gc,phases      ] GC(150) Compaction Phase 92.006ms
[6.974s][info][gc,phases,start] GC(150) Post Compact
[6.976s][info][gc,phases      ] GC(150) Post Compact 2.006ms
[6.977s][info][gc,heap        ] GC(150) PSYoungGen: 30304K(45056K)->520K(45056K) Eden: 0K(14336K)->0K(14336K) From: 30304K(30720K)->520K(30720K)
[6.977s][info][gc,heap        ] GC(150) ParOldGen: 1062320K(1091072K)->1090885K(1209344K)
[6.977s][info][gc,metaspace   ] GC(150) Metaspace: 6302K(6528K)->6302K(6528K) NonClass: 5769K(5888K)->5769K(5888K) Class: 533K(640K)->533K(640K)
[6.977s][info][gc             ] GC(150) Pause Full (Ergonomics) 1067M->1065M(1225M) 338.984ms
[6.977s][info][gc,cpu         ] GC(150) User=2.38s Sys=0.03s Real=0.34s
[6.996s][info][gc,start       ] GC(151) Pause Young (Allocation Failure)
[7.050s][info][gc,heap        ] GC(151) PSYoungGen: 14856K(45056K)->14464K(82432K) Eden: 14336K(14336K)->0K(15872K) From: 520K(30720K)->14464K(66560K)
[7.050s][info][gc,heap        ] GC(151) ParOldGen: 1090885K(1209344K)->1091445K(1209344K)
[7.050s][info][gc,metaspace   ] GC(151) Metaspace: 6302K(6528K)->6302K(6528K) NonClass: 5769K(5888K)->5769K(5888K) Class: 533K(640K)->533K(640K)
[7.051s][info][gc             ] GC(151) Pause Young (Allocation Failure) 1079M->1079M(1261M) 54.893ms
[7.051s][info][gc,cpu         ] GC(151) User=0.27s Sys=0.00s Real=0.06s
[7.068s][info][gc,start       ] GC(152) Pause Young (Allocation Failure)
[7.088s][info][gc,heap        ] GC(152) PSYoungGen: 30336K(82432K)->15968K(83456K) Eden: 15872K(15872K)->0K(15872K) From: 14464K(66560K)->15968K(67584K)
[7.088s][info][gc,heap        ] GC(152) ParOldGen: 1091445K(1209344K)->1105981K(1209344K)
[7.088s][info][gc,metaspace   ] GC(152) Metaspace: 6302K(6528K)->6302K(6528K) NonClass: 5769K(5888K)->5769K(5888K) Class: 533K(640K)->533K(640K)
[7.088s][info][gc             ] GC(152) Pause Young (Allocation Failure) 1095M->1095M(1262M) 19.477ms
[7.088s][info][gc,cpu         ] GC(152) User=0.12s Sys=0.00s Real=0.02s
[7.105s][info][gc,start       ] GC(153) Pause Young (Allocation Failure)
[7.125s][info][gc,heap        ] GC(153) PSYoungGen: 31840K(83456K)->15968K(81408K) Eden: 15872K(15872K)->0K(17920K) From: 15968K(67584K)->15968K(63488K)
[7.125s][info][gc,heap        ] GC(153) ParOldGen: 1105981K(1209344K)->1122061K(1209344K)
[7.125s][info][gc,metaspace   ] GC(153) Metaspace: 6302K(6528K)->6302K(6528K) NonClass: 5769K(5888K)->5769K(5888K) Class: 533K(640K)->533K(640K)
[7.125s][info][gc             ] GC(153) Pause Young (Allocation Failure) 1111M->1111M(1260M) 20.134ms
[7.125s][info][gc,cpu         ] GC(153) User=0.09s Sys=0.03s Real=0.02s
[7.145s][info][gc,start       ] GC(154) Pause Young (Allocation Failure)
[7.166s][info][gc,heap        ] GC(154) PSYoungGen: 33888K(81408K)->18080K(82944K) Eden: 17920K(17920K)->0K(17920K) From: 15968K(63488K)->18080K(65024K)
[7.166s][info][gc,heap        ] GC(154) ParOldGen: 1122061K(1209344K)->1138149K(1209344K)
[7.166s][info][gc,metaspace   ] GC(154) Metaspace: 6302K(6528K)->6302K(6528K) NonClass: 5769K(5888K)->5769K(5888K) Class: 533K(640K)->533K(640K)
[7.166s][info][gc             ] GC(154) Pause Young (Allocation Failure) 1128M->1129M(1262M) 20.963ms
[7.166s][info][gc,cpu         ] GC(154) User=0.12s Sys=0.00s Real=0.02s
[7.188s][info][gc,start       ] GC(155) Pause Young (Allocation Failure)
[7.210s][info][gc,heap        ] GC(155) PSYoungGen: 36000K(82944K)->18048K(78848K) Eden: 17920K(17920K)->0K(19968K) From: 18080K(65024K)->18048K(58880K)
[7.210s][info][gc,heap        ] GC(155) ParOldGen: 1138149K(1209344K)->1156309K(1209344K)
[7.210s][info][gc,metaspace   ] GC(155) Metaspace: 6302K(6528K)->6302K(6528K) NonClass: 5769K(5888K)->5769K(5888K) Class: 533K(640K)->533K(640K)
[7.210s][info][gc             ] GC(155) Pause Young (Allocation Failure) 1146M->1146M(1258M) 21.972ms
[7.210s][info][gc,cpu         ] GC(155) User=0.09s Sys=0.03s Real=0.02s
[7.233s][info][gc,start       ] GC(156) Pause Young (Allocation Failure)
[7.256s][info][gc,heap        ] GC(156) PSYoungGen: 38016K(78848K)->20128K(40448K) Eden: 19968K(19968K)->0K(19968K) From: 18048K(58880K)->20128K(20480K)
[7.256s][info][gc,heap        ] GC(156) ParOldGen: 1156309K(1209344K)->1174485K(1209344K)
[7.256s][info][gc,metaspace   ] GC(156) Metaspace: 6302K(6528K)->6302K(6528K) NonClass: 5769K(5888K)->5769K(5888K) Class: 533K(640K)->533K(640K)
[7.256s][info][gc             ] GC(156) Pause Young (Allocation Failure) 1166M->1166M(1220M) 22.904ms
[7.256s][info][gc,cpu         ] GC(156) User=0.12s Sys=0.02s Real=0.02s
[7.281s][info][gc,start       ] GC(157) Pause Young (Allocation Failure)
[7.306s][info][gc,heap        ] GC(157) PSYoungGen: 40096K(40448K)->20128K(76288K) Eden: 19968K(19968K)->0K(22016K) From: 20128K(20480K)->20128K(54272K)
[7.306s][info][gc,heap        ] GC(157) ParOldGen: 1174485K(1209344K)->1194741K(1209344K)
[7.306s][info][gc,metaspace   ] GC(157) Metaspace: 6302K(6528K)->6302K(6528K) NonClass: 5769K(5888K)->5769K(5888K) Class: 533K(640K)->533K(640K)
[7.306s][info][gc             ] GC(157) Pause Young (Allocation Failure) 1186M->1186M(1255M) 24.363ms
[7.306s][info][gc,cpu         ] GC(157) User=0.12s Sys=0.02s Real=0.03s
[7.306s][info][gc,start       ] GC(158) Pause Full (Ergonomics)
[7.306s][info][gc,phases,start] GC(158) Marking Phase
[7.572s][info][gc,phases      ] GC(158) Marking Phase 265.817ms
[7.572s][info][gc,phases,start] GC(158) Summary Phase
[7.572s][info][gc,phases      ] GC(158) Summary Phase 0.030ms
[7.572s][info][gc,phases,start] GC(158) Adjust Roots
[7.572s][info][gc,phases      ] GC(158) Adjust Roots 0.153ms
[7.572s][info][gc,phases,start] GC(158) Compaction Phase
[7.678s][info][gc,phases      ] GC(158) Compaction Phase 105.629ms
[7.678s][info][gc,phases,start] GC(158) Post Compact
[7.680s][info][gc,phases      ] GC(158) Post Compact 1.952ms
[7.680s][info][gc,heap        ] GC(158) PSYoungGen: 20128K(76288K)->4093K(78336K) Eden: 0K(22016K)->0K(24064K) From: 20128K(54272K)->4093K(54272K)
[7.680s][info][gc,heap        ] GC(158) ParOldGen: 1194741K(1209344K)->1208942K(1335808K)
[7.680s][info][gc,metaspace   ] GC(158) Metaspace: 6302K(6528K)->6302K(6528K) NonClass: 5769K(5888K)->5769K(5888K) Class: 533K(640K)->533K(640K)
[7.680s][info][gc             ] GC(158) Pause Full (Ergonomics) 1186M->1184M(1381M) 374.407ms
[7.680s][info][gc,cpu         ] GC(158) User=2.67s Sys=0.02s Real=0.37s
[7.710s][info][gc,start       ] GC(159) Pause Young (Allocation Failure)
[7.775s][info][gc,heap        ] GC(159) PSYoungGen: 28157K(78336K)->24192K(48640K) Eden: 24064K(24064K)->0K(24064K) From: 4093K(54272K)->24192K(24576K)
[7.775s][info][gc,heap        ] GC(159) ParOldGen: 1208942K(1335808K)->1213118K(1335808K)
[7.775s][info][gc,metaspace   ] GC(159) Metaspace: 6302K(6528K)->6302K(6528K) NonClass: 5769K(5888K)->5769K(5888K) Class: 533K(640K)->533K(640K)
[7.775s][info][gc             ] GC(159) Pause Young (Allocation Failure) 1208M->1208M(1352M) 65.715ms
[7.775s][info][gc,cpu         ] GC(159) User=0.38s Sys=0.00s Real=0.07s
[7.806s][info][gc,start       ] GC(160) Pause Young (Allocation Failure)
[7.835s][info][gc,heap        ] GC(160) PSYoungGen: 48256K(48640K)->48288K(74240K) Eden: 24064K(24064K)->0K(20992K) From: 24192K(24576K)->48288K(53248K)
[7.835s][info][gc,heap        ] GC(160) ParOldGen: 1213118K(1335808K)->1213118K(1335808K)
[7.835s][info][gc,metaspace   ] GC(160) Metaspace: 6302K(6528K)->6302K(6528K) NonClass: 5769K(5888K)->5769K(5888K) Class: 533K(640K)->533K(640K)
[7.835s][info][gc             ] GC(160) Pause Young (Allocation Failure) 1231M->1231M(1377M) 28.964ms
[7.835s][info][gc,cpu         ] GC(160) User=0.14s Sys=0.00s Real=0.03s
[7.861s][info][gc,start       ] GC(161) Pause Young (Allocation Failure)
[7.898s][info][gc,heap        ] GC(161) PSYoungGen: 69280K(74240K)->58880K(79872K) Eden: 20992K(20992K)->0K(20992K) From: 48288K(53248K)->58880K(58880K)
[7.898s][info][gc,heap        ] GC(161) ParOldGen: 1213118K(1335808K)->1223534K(1335808K)
[7.898s][info][gc,metaspace   ] GC(161) Metaspace: 6302K(6528K)->6302K(6528K) NonClass: 5769K(5888K)->5769K(5888K) Class: 533K(640K)->533K(640K)
[7.898s][info][gc             ] GC(161) Pause Young (Allocation Failure) 1252M->1252M(1382M) 36.973ms
[7.898s][info][gc,cpu         ] GC(161) User=0.27s Sys=0.00s Real=0.04s
[7.927s][info][gc,start       ] GC(162) Pause Young (Allocation Failure)
[7.968s][info][gc,heap        ] GC(162) PSYoungGen: 79872K(79872K)->38400K(92160K) Eden: 20992K(20992K)->0K(23552K) From: 58880K(58880K)->38400K(68608K)
[7.968s][info][gc,heap        ] GC(162) ParOldGen: 1223534K(1335808K)->1264798K(1335808K)
[7.968s][info][gc,metaspace   ] GC(162) Metaspace: 6302K(6528K)->6302K(6528K) NonClass: 5769K(5888K)->5769K(5888K) Class: 533K(640K)->533K(640K)
[7.968s][info][gc             ] GC(162) Pause Young (Allocation Failure) 1272M->1272M(1394M) 41.435ms
[7.968s][info][gc,cpu         ] GC(162) User=0.22s Sys=0.03s Real=0.04s
[7.987s][info][gc,start       ] GC(163) Pause Young (Allocation Failure)
[8.016s][info][gc,heap        ] GC(163) PSYoungGen: 61952K(92160K)->32448K(56320K) Eden: 23552K(23552K)->0K(23552K) From: 38400K(68608K)->32448K(32768K)
[8.016s][info][gc,heap        ] GC(163) ParOldGen: 1264798K(1335808K)->1283198K(1335808K)
[8.016s][info][gc,metaspace   ] GC(163) Metaspace: 6302K(6528K)->6302K(6528K) NonClass: 5769K(5888K)->5769K(5888K) Class: 533K(640K)->533K(640K)
[8.016s][info][gc             ] GC(163) Pause Young (Allocation Failure) 1295M->1284M(1359M) 29.510ms
[8.016s][info][gc,cpu         ] GC(163) User=0.14s Sys=0.00s Real=0.03s
[8.040s][info][gc,start       ] GC(164) Pause Young (Allocation Failure)
[8.069s][info][gc,heap        ] GC(164) PSYoungGen: 56000K(56320K)->28192K(87040K) Eden: 23552K(23552K)->0K(26624K) From: 32448K(32768K)->28192K(60416K)
[8.069s][info][gc,heap        ] GC(164) ParOldGen: 1283198K(1335808K)->1303582K(1335808K)
[8.069s][info][gc,metaspace   ] GC(164) Metaspace: 6302K(6528K)->6302K(6528K) NonClass: 5769K(5888K)->5769K(5888K) Class: 533K(640K)->533K(640K)
[8.069s][info][gc             ] GC(164) Pause Young (Allocation Failure) 1307M->1300M(1389M) 28.776ms
[8.069s][info][gc,cpu         ] GC(164) User=0.14s Sys=0.00s Real=0.03s
[8.069s][info][gc,start       ] GC(165) Pause Full (Ergonomics)
[8.069s][info][gc,phases,start] GC(165) Marking Phase
[8.369s][info][gc,phases      ] GC(165) Marking Phase 300.620ms
[8.370s][info][gc,phases,start] GC(165) Summary Phase
[8.370s][info][gc,phases      ] GC(165) Summary Phase 0.052ms
[8.370s][info][gc,phases,start] GC(165) Adjust Roots
[8.370s][info][gc,phases      ] GC(165) Adjust Roots 0.164ms
[8.370s][info][gc,phases,start] GC(165) Compaction Phase
[8.478s][info][gc,phases      ] GC(165) Compaction Phase 107.955ms
[8.478s][info][gc,phases,start] GC(165) Post Compact
[8.480s][info][gc,phases      ] GC(165) Post Compact 2.148ms
[8.481s][info][gc,heap        ] GC(165) PSYoungGen: 28192K(87040K)->0K(90112K) Eden: 0K(26624K)->0K(26624K) From: 28192K(60416K)->0K(63488K)
[8.481s][info][gc,heap        ] GC(165) ParOldGen: 1303582K(1335808K)->1330081K(1472512K)
[8.481s][info][gc,metaspace   ] GC(165) Metaspace: 6302K(6528K)->6302K(6528K) NonClass: 5769K(5888K)->5769K(5888K) Class: 533K(640K)->533K(640K)
[8.481s][info][gc             ] GC(165) Pause Full (Ergonomics) 1300M->1298M(1526M) 411.719ms
[8.481s][info][gc,cpu         ] GC(165) User=2.94s Sys=0.00s Real=0.41s
[8.518s][info][gc,start       ] GC(166) Pause Young (Allocation Failure)
[8.536s][info][gc,heap        ] GC(166) PSYoungGen: 26624K(90112K)->26784K(88064K) Eden: 26624K(26624K)->0K(29184K) From: 0K(63488K)->26784K(58880K)
[8.536s][info][gc,heap        ] GC(166) ParOldGen: 1330081K(1472512K)->1330081K(1472512K)
[8.536s][info][gc,metaspace   ] GC(166) Metaspace: 6302K(6528K)->6302K(6528K) NonClass: 5769K(5888K)->5769K(5888K) Class: 533K(640K)->533K(640K)
[8.536s][info][gc             ] GC(166) Pause Young (Allocation Failure) 1324M->1325M(1524M) 18.523ms
[8.536s][info][gc,cpu         ] GC(166) User=0.05s Sys=0.00s Real=0.02s
[8.571s][info][gc,start       ] GC(167) Pause Young (Allocation Failure)
[8.603s][info][gc,heap        ] GC(167) PSYoungGen: 55968K(88064K)->56000K(90624K) Eden: 29184K(29184K)->0K(29184K) From: 26784K(58880K)->56000K(61440K)
[8.603s][info][gc,heap        ] GC(167) ParOldGen: 1330081K(1472512K)->1330081K(1472512K)
[8.603s][info][gc,metaspace   ] GC(167) Metaspace: 6302K(6528K)->6302K(6528K) NonClass: 5769K(5888K)->5769K(5888K) Class: 533K(640K)->533K(640K)
[8.603s][info][gc             ] GC(167) Pause Young (Allocation Failure) 1353M->1353M(1526M) 31.676ms
[8.603s][info][gc,cpu         ] GC(167) User=0.14s Sys=0.00s Real=0.03s
[8.879s][info][gc,start       ] GC(168) Pause Young (Allocation Failure)
[8.953s][info][gc,heap        ] GC(168) PSYoungGen: 85184K(90624K)->67584K(83968K) Eden: 29184K(29184K)->0K(16384K) From: 56000K(61440K)->67584K(67584K)
[8.953s][info][gc,heap        ] GC(168) ParOldGen: 1395617K(1472512K)->1413313K(1472512K)
[8.953s][info][gc,metaspace   ] GC(168) Metaspace: 6302K(6528K)->6302K(6528K) NonClass: 5769K(5888K)->5769K(5888K) Class: 533K(640K)->533K(640K)
[8.953s][info][gc             ] GC(168) Pause Young (Allocation Failure) 1446M->1446M(1520M) 74.412ms
[8.953s][info][gc,cpu         ] GC(168) User=0.55s Sys=0.02s Real=0.07s
[8.970s][info][gc,start       ] GC(169) Pause Young (Allocation Failure)
[9.010s][info][gc,heap        ] GC(169) PSYoungGen: 83968K(83968K)->59232K(99840K) Eden: 16384K(16384K)->0K(16384K) From: 67584K(67584K)->59232K(83456K)
[9.010s][info][gc,heap        ] GC(169) ParOldGen: 1413313K(1472512K)->1438457K(1472512K)
[9.010s][info][gc,metaspace   ] GC(169) Metaspace: 6302K(6528K)->6302K(6528K) NonClass: 5769K(5888K)->5769K(5888K) Class: 533K(640K)->533K(640K)
[9.010s][info][gc             ] GC(169) Pause Young (Allocation Failure) 1462M->1462M(1535M) 40.742ms
[9.010s][info][gc,cpu         ] GC(169) User=0.27s Sys=0.00s Real=0.04s
[9.010s][info][gc,start       ] GC(170) Pause Full (Ergonomics)
[9.010s][info][gc,phases,start] GC(170) Marking Phase
[9.335s][info][gc,phases      ] GC(170) Marking Phase 324.837ms
[9.335s][info][gc,phases,start] GC(170) Summary Phase
[9.335s][info][gc,phases      ] GC(170) Summary Phase 0.056ms
[9.335s][info][gc,phases,start] GC(170) Adjust Roots
[9.336s][info][gc,phases      ] GC(170) Adjust Roots 0.174ms
[9.336s][info][gc,phases,start] GC(170) Compaction Phase
[9.574s][info][gc,phases      ] GC(170) Compaction Phase 238.773ms
[9.575s][info][gc,phases,start] GC(170) Post Compact
[9.577s][info][gc,phases      ] GC(170) Post Compact 2.971ms
[9.578s][info][gc,heap        ] GC(170) PSYoungGen: 59232K(99840K)->0K(104960K) Eden: 0K(16384K)->0K(18432K) From: 59232K(83456K)->0K(86528K)
[9.578s][info][gc,heap        ] GC(170) ParOldGen: 1438457K(1472512K)->1464088K(1617408K)
[9.578s][info][gc,metaspace   ] GC(170) Metaspace: 6302K(6528K)->6302K(6528K) NonClass: 5769K(5888K)->5769K(5888K) Class: 533K(640K)->533K(640K)
[9.578s][info][gc             ] GC(170) Pause Full (Ergonomics) 1462M->1429M(1682M) 567.795ms
[9.578s][info][gc,cpu         ] GC(170) User=3.81s Sys=0.02s Real=0.57s
[9.597s][info][gc,start       ] GC(171) Pause Young (Allocation Failure)
[9.616s][info][gc,heap        ] GC(171) PSYoungGen: 18432K(104960K)->18560K(104960K) Eden: 18432K(18432K)->0K(18432K) From: 0K(86528K)->18560K(86528K)
[9.616s][info][gc,heap        ] GC(171) ParOldGen: 1464088K(1617408K)->1464088K(1617408K)
[9.616s][info][gc,metaspace   ] GC(171) Metaspace: 6302K(6528K)->6302K(6528K) NonClass: 5769K(5888K)->5769K(5888K) Class: 533K(640K)->533K(640K)
[9.616s][info][gc             ] GC(171) Pause Young (Allocation Failure) 1447M->1447M(1682M) 19.454ms
[9.617s][info][gc,cpu         ] GC(171) User=0.03s Sys=0.00s Real=0.02s
[9.633s][info][gc,start       ] GC(172) Pause Young (Allocation Failure)
[9.658s][info][gc,heap        ] GC(172) PSYoungGen: 36992K(104960K)->37024K(97792K) Eden: 18432K(18432K)->0K(20480K) From: 18560K(86528K)->37024K(77312K)
[9.658s][info][gc,heap        ] GC(172) ParOldGen: 1464088K(1617408K)->1464088K(1617408K)
[9.658s][info][gc,metaspace   ] GC(172) Metaspace: 6302K(6528K)->6302K(6528K) NonClass: 5769K(5888K)->5769K(5888K) Class: 533K(640K)->533K(640K)
[9.658s][info][gc             ] GC(172) Pause Young (Allocation Failure) 1465M->1465M(1675M) 25.170ms
[9.658s][info][gc,cpu         ] GC(172) User=0.03s Sys=0.00s Real=0.03s
[9.678s][info][gc,start       ] GC(173) Pause Young (Allocation Failure)
[9.710s][info][gc,heap        ] GC(173) PSYoungGen: 57504K(97792K)->57504K(101888K) Eden: 20480K(20480K)->0K(20480K) From: 37024K(77312K)->57504K(81408K)
[9.710s][info][gc,heap        ] GC(173) ParOldGen: 1464088K(1617408K)->1464088K(1617408K)
[9.710s][info][gc,metaspace   ] GC(173) Metaspace: 6302K(6528K)->6302K(6528K) NonClass: 5769K(5888K)->5769K(5888K) Class: 533K(640K)->533K(640K)
[9.710s][info][gc             ] GC(173) Pause Young (Allocation Failure) 1485M->1485M(1679M) 32.438ms
[9.710s][info][gc,cpu         ] GC(173) User=0.05s Sys=0.00s Real=0.03s
[9.732s][info][gc,start       ] GC(174) Pause Young (Allocation Failure)
[9.770s][info][gc,heap        ] GC(174) PSYoungGen: 77984K(101888K)->78016K(96768K) Eden: 20480K(20480K)->0K(12800K) From: 57504K(81408K)->78016K(83968K)
[9.770s][info][gc,heap        ] GC(174) ParOldGen: 1464088K(1617408K)->1464088K(1617408K)
[9.770s][info][gc,metaspace   ] GC(174) Metaspace: 6302K(6528K)->6302K(6528K) NonClass: 5769K(5888K)->5769K(5888K) Class: 533K(640K)->533K(640K)
[9.770s][info][gc             ] GC(174) Pause Young (Allocation Failure) 1505M->1505M(1674M) 37.922ms
[9.770s][info][gc,cpu         ] GC(174) User=0.22s Sys=0.03s Real=0.04s
[9.783s][info][gc,start       ] GC(175) Pause Young (Allocation Failure)
[9.826s][info][gc,heap        ] GC(175) PSYoungGen: 90816K(96768K)->90816K(106496K) Eden: 12800K(12800K)->0K(12800K) From: 78016K(83968K)->90816K(93696K)
[9.826s][info][gc,heap        ] GC(175) ParOldGen: 1464088K(1617408K)->1464088K(1617408K)
[9.826s][info][gc,metaspace   ] GC(175) Metaspace: 6302K(6528K)->6302K(6528K) NonClass: 5769K(5888K)->5769K(5888K) Class: 533K(640K)->533K(640K)
[9.826s][info][gc             ] GC(175) Pause Young (Allocation Failure) 1518M->1518M(1683M) 42.949ms
[9.826s][info][gc,cpu         ] GC(175) User=0.17s Sys=0.00s Real=0.04s
[9.840s][info][gc,start       ] GC(176) Pause Young (Allocation Failure)
[9.888s][info][gc,heap        ] GC(176) PSYoungGen: 103616K(106496K)->103584K(106496K) Eden: 12800K(12800K)->0K(512K) From: 90816K(93696K)->103584K(105984K)
[9.888s][info][gc,heap        ] GC(176) ParOldGen: 1464088K(1617408K)->1464088K(1617408K)
[9.888s][info][gc,metaspace   ] GC(176) Metaspace: 6302K(6528K)->6302K(6528K) NonClass: 5769K(5888K)->5769K(5888K) Class: 533K(640K)->533K(640K)
[9.888s][info][gc             ] GC(176) Pause Young (Allocation Failure) 1530M->1530M(1683M) 48.787ms
[9.888s][info][gc,cpu         ] GC(176) User=0.28s Sys=0.00s Real=0.05s
[9.889s][info][gc,start       ] GC(177) Pause Young (Allocation Failure)
[9.937s][info][gc,heap        ] GC(177) PSYoungGen: 104096K(106496K)->67168K(68096K) Eden: 512K(512K)->0K(512K) From: 103584K(105984K)->67168K(67584K)
[9.938s][info][gc,heap        ] GC(177) ParOldGen: 1464088K(1617408K)->1501416K(1617408K)
[9.938s][info][gc,metaspace   ] GC(177) Metaspace: 6302K(6528K)->6302K(6528K) NonClass: 5769K(5888K)->5769K(5888K) Class: 533K(640K)->533K(640K)
[9.938s][info][gc             ] GC(177) Pause Young (Allocation Failure) 1531M->1531M(1646M) 48.415ms
[9.938s][info][gc,cpu         ] GC(177) User=0.25s Sys=0.02s Real=0.05s
[9.938s][info][gc,start       ] GC(178) Pause Young (Allocation Failure)
[9.975s][info][gc,heap        ] GC(178) PSYoungGen: 67680K(68096K)->26688K(116736K) Eden: 512K(512K)->0K(1024K) From: 67168K(67584K)->26688K(115712K)
[9.975s][info][gc,heap        ] GC(178) ParOldGen: 1501416K(1617408K)->1542880K(1617408K)
[9.975s][info][gc,metaspace   ] GC(178) Metaspace: 6302K(6528K)->6302K(6528K) NonClass: 5769K(5888K)->5769K(5888K) Class: 533K(640K)->533K(640K)
[9.975s][info][gc             ] GC(178) Pause Young (Allocation Failure) 1532M->1532M(1693M) 36.392ms
[9.975s][info][gc,cpu         ] GC(178) User=0.06s Sys=0.02s Real=0.04s
[9.976s][info][gc,start       ] GC(179) Pause Young (Allocation Failure)
[10.001s][info][gc,heap        ] GC(179) PSYoungGen: 27712K(116736K)->2080K(118272K) Eden: 1024K(1024K)->0K(1024K) From: 26688K(115712K)->2080K(117248K)
[10.001s][info][gc,heap        ] GC(179) ParOldGen: 1542880K(1617408K)->1568784K(1617408K)
[10.001s][info][gc,metaspace   ] GC(179) Metaspace: 6302K(6528K)->6302K(6528K) NonClass: 5769K(5888K)->5769K(5888K) Class: 533K(640K)->533K(640K)
[10.001s][info][gc             ] GC(179) Pause Young (Allocation Failure) 1533M->1534M(1695M) 25.475ms
[10.001s][info][gc,cpu         ] GC(179) User=0.03s Sys=0.00s Real=0.02s
[10.003s][info][gc,start       ] GC(180) Pause Young (Allocation Failure)
[10.020s][info][gc,heap        ] GC(180) PSYoungGen: 3104K(118272K)->2144K(119808K) Eden: 1024K(1024K)->0K(512K) From: 2080K(117248K)->2144K(119296K)
[10.020s][info][gc,heap        ] GC(180) ParOldGen: 1568784K(1617408K)->1569808K(1617408K)
[10.020s][info][gc,metaspace   ] GC(180) Metaspace: 6302K(6528K)->6302K(6528K) NonClass: 5769K(5888K)->5769K(5888K) Class: 533K(640K)->533K(640K)
[10.020s][info][gc             ] GC(180) Pause Young (Allocation Failure) 1535M->1535M(1696M) 16.745ms
[10.020s][info][gc,cpu         ] GC(180) User=0.03s Sys=0.00s Real=0.02s
[10.020s][info][gc,start       ] GC(181) Pause Young (Allocation Failure)
[10.036s][info][gc,heap        ] GC(181) PSYoungGen: 2656K(119808K)->608K(120832K) Eden: 512K(512K)->0K(512K) From: 2144K(119296K)->608K(120320K)
[10.036s][info][gc,heap        ] GC(181) ParOldGen: 1569808K(1617408K)->1571840K(1617408K)
[10.036s][info][gc,metaspace   ] GC(181) Metaspace: 6302K(6528K)->6302K(6528K) NonClass: 5769K(5888K)->5769K(5888K) Class: 533K(640K)->533K(640K)
[10.036s][info][gc             ] GC(181) Pause Young (Allocation Failure) 1535M->1535M(1697M) 15.429ms
[10.036s][info][gc,cpu         ] GC(181) User=0.02s Sys=0.00s Real=0.02s
[10.036s][info][gc,start       ] GC(182) Pause Young (Allocation Failure)
[10.050s][info][gc,heap        ] GC(182) PSYoungGen: 1120K(120832K)->608K(117760K) Eden: 512K(512K)->0K(1024K) From: 608K(120320K)->608K(116736K)
[10.050s][info][gc,heap        ] GC(182) ParOldGen: 1571840K(1617408K)->1572368K(1617408K)
[10.051s][info][gc,metaspace   ] GC(182) Metaspace: 6302K(6528K)->6302K(6528K) NonClass: 5769K(5888K)->5769K(5888K) Class: 533K(640K)->533K(640K)
[10.051s][info][gc             ] GC(182) Pause Young (Allocation Failure) 1536M->1536M(1694M) 14.050ms
[10.051s][info][gc,cpu         ] GC(182) User=0.00s Sys=0.00s Real=0.01s
[10.052s][info][gc,start       ] GC(183) Pause Young (Allocation Failure)
[10.065s][info][gc,heap        ] GC(183) PSYoungGen: 1632K(117760K)->1152K(2560K) Eden: 1024K(1024K)->0K(1024K) From: 608K(116736K)->1152K(1536K)
[10.066s][info][gc,heap        ] GC(183) ParOldGen: 1572368K(1617408K)->1572888K(1617408K)
[10.066s][info][gc,metaspace   ] GC(183) Metaspace: 6302K(6528K)->6302K(6528K) NonClass: 5769K(5888K)->5769K(5888K) Class: 533K(640K)->533K(640K)
[10.066s][info][gc             ] GC(183) Pause Young (Allocation Failure) 1537M->1537M(1582M) 13.702ms
[10.066s][info][gc,cpu         ] GC(183) User=0.00s Sys=0.00s Real=0.01s
[10.067s][info][gc,start       ] GC(184) Pause Young (Allocation Failure)
[10.082s][info][gc,heap        ] GC(184) PSYoungGen: 2175K(2560K)->1088K(110080K) Eden: 1023K(1024K)->0K(1536K) From: 1152K(1536K)->1088K(108544K)
[10.082s][info][gc,heap        ] GC(184) ParOldGen: 1572888K(1617408K)->1573928K(1617408K)
[10.082s][info][gc,metaspace   ] GC(184) Metaspace: 6302K(6528K)->6302K(6528K) NonClass: 5769K(5888K)->5769K(5888K) Class: 533K(640K)->533K(640K)
[10.082s][info][gc             ] GC(184) Pause Young (Allocation Failure) 1538M->1538M(1687M) 14.896ms
[10.082s][info][gc,cpu         ] GC(184) User=0.00s Sys=0.00s Real=0.02s
[10.084s][info][gc,start       ] GC(185) Pause Young (Allocation Failure)
[10.102s][info][gc,heap        ] GC(185) PSYoungGen: 2624K(110080K)->1664K(3584K) Eden: 1536K(1536K)->0K(1536K) From: 1088K(108544K)->1664K(2048K)
[10.102s][info][gc,heap        ] GC(185) ParOldGen: 1573928K(1617408K)->1574976K(1617408K)
[10.102s][info][gc,metaspace   ] GC(185) Metaspace: 6302K(6528K)->6302K(6528K) NonClass: 5769K(5888K)->5769K(5888K) Class: 533K(640K)->533K(640K)
[10.102s][info][gc             ] GC(185) Pause Young (Allocation Failure) 1539M->1539M(1583M) 17.686ms
[10.102s][info][gc,cpu         ] GC(185) User=0.02s Sys=0.00s Real=0.02s
[10.104s][info][gc,start       ] GC(186) Pause Young (Allocation Failure)
[10.121s][info][gc,heap        ] GC(186) PSYoungGen: 3200K(3584K)->1632K(102400K) Eden: 1536K(1536K)->0K(2048K) From: 1664K(2048K)->1632K(100352K)
[10.121s][info][gc,heap        ] GC(186) ParOldGen: 1574976K(1617408K)->1576528K(1617408K)
[10.121s][info][gc,metaspace   ] GC(186) Metaspace: 6302K(6528K)->6302K(6528K) NonClass: 5769K(5888K)->5769K(5888K) Class: 533K(640K)->533K(640K)
[10.121s][info][gc             ] GC(186) Pause Young (Allocation Failure) 1541M->1541M(1679M) 16.845ms
[10.121s][info][gc,cpu         ] GC(186) User=0.00s Sys=0.00s Real=0.02s
[10.124s][info][gc,start       ] GC(187) Pause Young (Allocation Failure)
[10.142s][info][gc,heap        ] GC(187) PSYoungGen: 3680K(102400K)->2176K(4608K) Eden: 2048K(2048K)->0K(2048K) From: 1632K(100352K)->2176K(2560K)
[10.142s][info][gc,heap        ] GC(187) ParOldGen: 1576528K(1617408K)->1578088K(1617408K)
[10.142s][info][gc,metaspace   ] GC(187) Metaspace: 6302K(6528K)->6302K(6528K) NonClass: 5769K(5888K)->5769K(5888K) Class: 533K(640K)->533K(640K)
[10.142s][info][gc             ] GC(187) Pause Young (Allocation Failure) 1543M->1543M(1584M) 18.171ms
[10.142s][info][gc,cpu         ] GC(187) User=0.02s Sys=0.00s Real=0.02s
[10.144s][info][gc,start       ] GC(188) Pause Young (Allocation Failure)
[10.160s][info][gc,heap        ] GC(188) PSYoungGen: 4223K(4608K)->2112K(93184K) Eden: 2047K(2048K)->0K(2560K) From: 2176K(2560K)->2112K(90624K)
[10.160s][info][gc,heap        ] GC(188) ParOldGen: 1578088K(1617408K)->1580160K(1617408K)
[10.160s][info][gc,metaspace   ] GC(188) Metaspace: 6302K(6528K)->6302K(6528K) NonClass: 5769K(5888K)->5769K(5888K) Class: 533K(640K)->533K(640K)
[10.160s][info][gc             ] GC(188) Pause Young (Allocation Failure) 1545M->1545M(1670M) 15.790ms
[10.160s][info][gc,cpu         ] GC(188) User=0.02s Sys=0.00s Real=0.02s
[10.163s][info][gc,start       ] GC(189) Pause Young (Allocation Failure)
[10.180s][info][gc,heap        ] GC(189) PSYoungGen: 4672K(93184K)->2656K(5632K) Eden: 2560K(2560K)->0K(2560K) From: 2112K(90624K)->2656K(3072K)
[10.180s][info][gc,heap        ] GC(189) ParOldGen: 1580160K(1617408K)->1582240K(1617408K)
[10.180s][info][gc,metaspace   ] GC(189) Metaspace: 6302K(6528K)->6302K(6528K) NonClass: 5769K(5888K)->5769K(5888K) Class: 533K(640K)->533K(640K)
[10.180s][info][gc             ] GC(189) Pause Young (Allocation Failure) 1547M->1547M(1585M) 17.107ms
[10.180s][info][gc,cpu         ] GC(189) User=0.02s Sys=0.00s Real=0.02s
[10.183s][info][gc,start       ] GC(190) Pause Young (Allocation Failure)
[10.202s][info][gc,heap        ] GC(190) PSYoungGen: 5216K(5632K)->2656K(84480K) Eden: 2560K(2560K)->0K(3072K) From: 2656K(3072K)->2656K(81408K)
[10.202s][info][gc,heap        ] GC(190) ParOldGen: 1582240K(1617408K)->1584840K(1617408K)
[10.202s][info][gc,metaspace   ] GC(190) Metaspace: 6302K(6528K)->6302K(6528K) NonClass: 5769K(5888K)->5769K(5888K) Class: 533K(640K)->533K(640K)
[10.202s][info][gc             ] GC(190) Pause Young (Allocation Failure) 1550M->1550M(1662M) 18.989ms
[10.202s][info][gc,cpu         ] GC(190) User=0.02s Sys=0.00s Real=0.02s
[10.207s][info][gc,start       ] GC(191) Pause Young (Allocation Failure)
[10.224s][info][gc,heap        ] GC(191) PSYoungGen: 5728K(84480K)->3200K(6656K) Eden: 3072K(3072K)->0K(3072K) From: 2656K(81408K)->3200K(3584K)
[10.224s][info][gc,heap        ] GC(191) ParOldGen: 1584840K(1617408K)->1587448K(1617408K)
[10.224s][info][gc,metaspace   ] GC(191) Metaspace: 6302K(6528K)->6302K(6528K) NonClass: 5769K(5888K)->5769K(5888K) Class: 533K(640K)->533K(640K)
[10.224s][info][gc             ] GC(191) Pause Young (Allocation Failure) 1553M->1553M(1586M) 16.970ms
[10.224s][info][gc,cpu         ] GC(191) User=0.09s Sys=0.00s Real=0.02s
[10.228s][info][gc,start       ] GC(192) Pause Young (Allocation Failure)
[10.246s][info][gc,heap        ] GC(192) PSYoungGen: 6272K(6656K)->3168K(76288K) Eden: 3072K(3072K)->0K(4096K) From: 3200K(3584K)->3168K(72192K)
[10.246s][info][gc,heap        ] GC(192) ParOldGen: 1587448K(1617408K)->1590568K(1617408K)
[10.246s][info][gc,metaspace   ] GC(192) Metaspace: 6302K(6528K)->6302K(6528K) NonClass: 5769K(5888K)->5769K(5888K) Class: 533K(640K)->533K(640K)
[10.246s][info][gc             ] GC(192) Pause Young (Allocation Failure) 1556M->1556M(1654M) 18.215ms
[10.247s][info][gc,cpu         ] GC(192) User=0.02s Sys=0.00s Real=0.02s
[10.252s][info][gc,start       ] GC(193) Pause Young (Allocation Failure)
[10.268s][info][gc,heap        ] GC(193) PSYoungGen: 7264K(76288K)->4256K(8704K) Eden: 4096K(4096K)->0K(4096K) From: 3168K(72192K)->4256K(4608K)
[10.269s][info][gc,heap        ] GC(193) ParOldGen: 1590568K(1617408K)->1593680K(1617408K)
[10.269s][info][gc,metaspace   ] GC(193) Metaspace: 6302K(6528K)->6302K(6528K) NonClass: 5769K(5888K)->5769K(5888K) Class: 533K(640K)->533K(640K)
[10.269s][info][gc             ] GC(193) Pause Young (Allocation Failure) 1560M->1560M(1588M) 16.420ms
[10.269s][info][gc,cpu         ] GC(193) User=0.02s Sys=0.00s Real=0.02s
[10.269s][info][gc,start       ] GC(194) Pause Full (Ergonomics)
[10.269s][info][gc,phases,start] GC(194) Marking Phase
[10.645s][info][gc,phases      ] GC(194) Marking Phase 376.698ms
[10.645s][info][gc,phases,start] GC(194) Summary Phase
[10.645s][info][gc,phases      ] GC(194) Summary Phase 0.050ms
[10.645s][info][gc,phases,start] GC(194) Adjust Roots
[10.646s][info][gc,phases      ] GC(194) Adjust Roots 0.251ms
[10.646s][info][gc,phases,start] GC(194) Compaction Phase
[10.803s][info][gc,phases      ] GC(194) Compaction Phase 157.178ms
[10.803s][info][gc,phases,start] GC(194) Post Compact
[10.806s][info][gc,phases      ] GC(194) Post Compact 2.744ms
[10.806s][info][gc,heap        ] GC(194) PSYoungGen: 4256K(8704K)->0K(77312K) Eden: 0K(4096K)->0K(5120K) From: 4256K(4608K)->0K(72192K)
[10.806s][info][gc,heap        ] GC(194) ParOldGen: 1593680K(1617408K)->1595470K(1749504K)
[10.806s][info][gc,metaspace   ] GC(194) Metaspace: 6302K(6528K)->6302K(6528K) NonClass: 5769K(5888K)->5769K(5888K) Class: 533K(640K)->533K(640K)
[10.806s][info][gc             ] GC(194) Pause Full (Ergonomics) 1560M->1558M(1784M) 537.759ms
[10.806s][info][gc,cpu         ] GC(194) User=3.78s Sys=0.00s Real=0.54s
[10.813s][info][gc,start       ] GC(195) Pause Young (Allocation Failure)
[10.829s][info][gc,heap        ] GC(195) PSYoungGen: 5120K(77312K)->5184K(10752K) Eden: 5120K(5120K)->0K(5120K) From: 0K(72192K)->5184K(5632K)
[10.829s][info][gc,heap        ] GC(195) ParOldGen: 1595470K(1749504K)->1595470K(1749504K)
[10.829s][info][gc,metaspace   ] GC(195) Metaspace: 6302K(6528K)->6302K(6528K) NonClass: 5769K(5888K)->5769K(5888K) Class: 533K(640K)->533K(640K)
[10.829s][info][gc             ] GC(195) Pause Young (Allocation Failure) 1563M->1563M(1719M) 15.632ms
[10.829s][info][gc,cpu         ] GC(195) User=0.00s Sys=0.00s Real=0.02s
[10.835s][info][gc,start       ] GC(196) Pause Young (Allocation Failure)
[10.852s][info][gc,heap        ] GC(196) PSYoungGen: 10304K(10752K)->5216K(64512K) Eden: 5120K(5120K)->0K(6144K) From: 5184K(5632K)->5216K(58368K)
[10.852s][info][gc,heap        ] GC(196) ParOldGen: 1595470K(1749504K)->1600662K(1749504K)
[10.852s][info][gc,metaspace   ] GC(196) Metaspace: 6302K(6528K)->6302K(6528K) NonClass: 5769K(5888K)->5769K(5888K) Class: 533K(640K)->533K(640K)
[10.852s][info][gc             ] GC(196) Pause Young (Allocation Failure) 1568M->1568M(1771M) 17.046ms
[10.852s][info][gc,cpu         ] GC(196) User=0.00s Sys=0.00s Real=0.02s
[10.859s][info][gc,start       ] GC(197) Pause Young (Allocation Failure)
[10.876s][info][gc,heap        ] GC(197) PSYoungGen: 11360K(64512K)->6208K(12800K) Eden: 6144K(6144K)->0K(6144K) From: 5216K(58368K)->6208K(6656K)
[10.876s][info][gc,heap        ] GC(197) ParOldGen: 1600662K(1749504K)->1605854K(1749504K)
[10.876s][info][gc,metaspace   ] GC(197) Metaspace: 6302K(6528K)->6302K(6528K) NonClass: 5769K(5888K)->5769K(5888K) Class: 533K(640K)->533K(640K)
[10.876s][info][gc             ] GC(197) Pause Young (Allocation Failure) 1574M->1574M(1721M) 17.497ms
[10.876s][info][gc,cpu         ] GC(197) User=0.02s Sys=0.00s Real=0.02s
[10.882s][info][gc,start       ] GC(198) Pause Young (Allocation Failure)
[10.900s][info][gc,heap        ] GC(198) PSYoungGen: 12352K(12800K)->6304K(57856K) Eden: 6144K(6144K)->0K(7168K) From: 6208K(6656K)->6304K(50688K)
[10.900s][info][gc,heap        ] GC(198) ParOldGen: 1605854K(1749504K)->1612094K(1749504K)
[10.900s][info][gc,metaspace   ] GC(198) Metaspace: 6302K(6528K)->6302K(6528K) NonClass: 5769K(5888K)->5769K(5888K) Class: 533K(640K)->533K(640K)
[10.900s][info][gc             ] GC(198) Pause Young (Allocation Failure) 1580M->1580M(1765M) 17.492ms
[10.900s][info][gc,cpu         ] GC(198) User=0.02s Sys=0.02s Real=0.02s
[10.907s][info][gc,start       ] GC(199) Pause Young (Allocation Failure)
[10.927s][info][gc,heap        ] GC(199) PSYoungGen: 13472K(57856K)->7264K(14848K) Eden: 7168K(7168K)->0K(7168K) From: 6304K(50688K)->7264K(7680K)
[10.927s][info][gc,heap        ] GC(199) ParOldGen: 1612094K(1749504K)->1618326K(1749504K)
[10.927s][info][gc,metaspace   ] GC(199) Metaspace: 6302K(6528K)->6302K(6528K) NonClass: 5769K(5888K)->5769K(5888K) Class: 533K(640K)->533K(640K)
[10.927s][info][gc             ] GC(199) Pause Young (Allocation Failure) 1587M->1587M(1723M) 20.208ms
[10.927s][info][gc,cpu         ] GC(199) User=0.03s Sys=0.00s Real=0.02s
[10.935s][info][gc,start       ] GC(200) Pause Young (Allocation Failure)
[10.954s][info][gc,heap        ] GC(200) PSYoungGen: 14432K(14848K)->7296K(52736K) Eden: 7168K(7168K)->0K(8704K) From: 7264K(7680K)->7296K(44032K)
[10.954s][info][gc,heap        ] GC(200) ParOldGen: 1618326K(1749504K)->1625598K(1749504K)
[10.954s][info][gc,metaspace   ] GC(200) Metaspace: 6302K(6528K)->6302K(6528K) NonClass: 5769K(5888K)->5769K(5888K) Class: 533K(640K)->533K(640K)
[10.954s][info][gc             ] GC(200) Pause Young (Allocation Failure) 1594M->1594M(1760M) 19.007ms
[10.954s][info][gc,cpu         ] GC(200) User=0.03s Sys=0.00s Real=0.02s
[10.963s][info][gc,start       ] GC(201) Pause Young (Allocation Failure)
[10.985s][info][gc,heap        ] GC(201) PSYoungGen: 16000K(52736K)->8800K(17920K) Eden: 8704K(8704K)->0K(8704K) From: 7296K(44032K)->8800K(9216K)
[10.985s][info][gc,heap        ] GC(201) ParOldGen: 1625598K(1749504K)->1632862K(1749504K)
[10.985s][info][gc,metaspace   ] GC(201) Metaspace: 6302K(6528K)->6302K(6528K) NonClass: 5769K(5888K)->5769K(5888K) Class: 533K(640K)->533K(640K)
[10.985s][info][gc             ] GC(201) Pause Young (Allocation Failure) 1603M->1603M(1726M) 21.690ms
[10.985s][info][gc,cpu         ] GC(201) User=0.02s Sys=0.00s Real=0.02s
[10.994s][info][gc,start       ] GC(202) Pause Young (Allocation Failure)
[11.015s][info][gc,heap        ] GC(202) PSYoungGen: 17504K(17920K)->8864K(47616K) Eden: 8704K(8704K)->0K(10240K) From: 8800K(9216K)->8864K(37376K)
[11.015s][info][gc,heap        ] GC(202) ParOldGen: 1632862K(1749504K)->1641678K(1749504K)
[11.015s][info][gc,metaspace   ] GC(202) Metaspace: 6302K(6528K)->6302K(6528K) NonClass: 5769K(5888K)->5769K(5888K) Class: 533K(640K)->533K(640K)
[11.015s][info][gc             ] GC(202) Pause Young (Allocation Failure) 1611M->1611M(1755M) 21.168ms
[11.015s][info][gc,cpu         ] GC(202) User=0.00s Sys=0.00s Real=0.02s
[11.025s][info][gc,start       ] GC(203) Pause Young (Allocation Failure)
[11.044s][info][gc,heap        ] GC(203) PSYoungGen: 19104K(47616K)->10336K(20992K) Eden: 10240K(10240K)->0K(10240K) From: 8864K(37376K)->10336K(10752K)
[11.044s][info][gc,heap        ] GC(203) ParOldGen: 1641678K(1749504K)->1650510K(1749504K)
[11.044s][info][gc,metaspace   ] GC(203) Metaspace: 6302K(6528K)->6302K(6528K) NonClass: 5769K(5888K)->5769K(5888K) Class: 533K(640K)->533K(640K)
[11.044s][info][gc             ] GC(203) Pause Young (Allocation Failure) 1621M->1621M(1729M) 19.784ms
[11.044s][info][gc,cpu         ] GC(203) User=0.02s Sys=0.00s Real=0.02s
[11.054s][info][gc,start       ] GC(204) Pause Young (Allocation Failure)
[11.077s][info][gc,heap        ] GC(204) PSYoungGen: 20576K(20992K)->10336K(44544K) Eden: 10240K(10240K)->0K(11776K) From: 10336K(10752K)->10336K(32768K)
[11.077s][info][gc,heap        ] GC(204) ParOldGen: 1650510K(1749504K)->1660886K(1749504K)
[11.077s][info][gc,metaspace   ] GC(204) Metaspace: 6302K(6528K)->6302K(6528K) NonClass: 5769K(5888K)->5769K(5888K) Class: 533K(640K)->533K(640K)
[11.077s][info][gc             ] GC(204) Pause Young (Allocation Failure) 1631M->1632M(1752M) 22.734ms
[11.077s][info][gc,cpu         ] GC(204) User=0.03s Sys=0.00s Real=0.02s
[11.089s][info][gc,start       ] GC(205) Pause Young (Allocation Failure)
[11.112s][info][gc,heap        ] GC(205) PSYoungGen: 22112K(44544K)->11904K(47104K) Eden: 11776K(11776K)->0K(11776K) From: 10336K(32768K)->11904K(35328K)
[11.112s][info][gc,heap        ] GC(205) ParOldGen: 1660886K(1749504K)->1671270K(1749504K)
[11.112s][info][gc,metaspace   ] GC(205) Metaspace: 6302K(6528K)->6302K(6528K) NonClass: 5769K(5888K)->5769K(5888K) Class: 533K(640K)->533K(640K)
[11.112s][info][gc             ] GC(205) Pause Young (Allocation Failure) 1643M->1643M(1754M) 23.425ms
[11.112s][info][gc,cpu         ] GC(205) User=0.02s Sys=0.00s Real=0.02s
[11.126s][info][gc,start       ] GC(206) Pause Young (Allocation Failure)
[11.147s][info][gc,heap        ] GC(206) PSYoungGen: 23680K(47104K)->11904K(44032K) Eden: 11776K(11776K)->0K(13824K) From: 11904K(35328K)->11904K(30208K)
[11.147s][info][gc,heap        ] GC(206) ParOldGen: 1671270K(1749504K)->1683214K(1749504K)
[11.147s][info][gc,metaspace   ] GC(206) Metaspace: 6302K(6528K)->6302K(6528K) NonClass: 5769K(5888K)->5769K(5888K) Class: 533K(640K)->533K(640K)
[11.147s][info][gc             ] GC(206) Pause Young (Allocation Failure) 1655M->1655M(1751M) 21.703ms
[11.148s][info][gc,cpu         ] GC(206) User=0.03s Sys=0.00s Real=0.02s
[11.162s][info][gc,start       ] GC(207) Pause Young (Allocation Failure)
[11.185s][info][gc,heap        ] GC(207) PSYoungGen: 25728K(44032K)->13952K(45568K) Eden: 13824K(13824K)->0K(13824K) From: 11904K(30208K)->13952K(31744K)
[11.185s][info][gc,heap        ] GC(207) ParOldGen: 1683214K(1749504K)->1695150K(1749504K)
[11.185s][info][gc,metaspace   ] GC(207) Metaspace: 6302K(6528K)->6302K(6528K) NonClass: 5769K(5888K)->5769K(5888K) Class: 533K(640K)->533K(640K)
[11.186s][info][gc             ] GC(207) Pause Young (Allocation Failure) 1668M->1669M(1753M) 23.628ms
[11.186s][info][gc,cpu         ] GC(207) User=0.02s Sys=0.00s Real=0.02s
[11.200s][info][gc,start       ] GC(208) Pause Young (Allocation Failure)
[11.226s][info][gc,heap        ] GC(208) PSYoungGen: 27776K(45568K)->13952K(45056K) Eden: 13824K(13824K)->0K(15872K) From: 13952K(31744K)->13952K(29184K)
[11.226s][info][gc,heap        ] GC(208) ParOldGen: 1695150K(1749504K)->1709158K(1749504K)
[11.226s][info][gc,metaspace   ] GC(208) Metaspace: 6302K(6528K)->6302K(6528K) NonClass: 5769K(5888K)->5769K(5888K) Class: 533K(640K)->533K(640K)
[11.226s][info][gc             ] GC(208) Pause Young (Allocation Failure) 1682M->1682M(1752M) 25.931ms
[11.226s][info][gc,cpu         ] GC(208) User=0.02s Sys=0.00s Real=0.03s
[11.244s][info][gc,start       ] GC(209) Pause Young (Allocation Failure)
[11.268s][info][gc,heap        ] GC(209) PSYoungGen: 29824K(45056K)->16032K(46080K) Eden: 15872K(15872K)->0K(15872K) From: 13952K(29184K)->16032K(30208K)
[11.268s][info][gc,heap        ] GC(209) ParOldGen: 1709158K(1749504K)->1723174K(1749504K)
[11.268s][info][gc,metaspace   ] GC(209) Metaspace: 6302K(6528K)->6302K(6528K) NonClass: 5769K(5888K)->5769K(5888K) Class: 533K(640K)->533K(640K)
[11.268s][info][gc             ] GC(209) Pause Young (Allocation Failure) 1698M->1698M(1753M) 24.721ms
[11.268s][info][gc,cpu         ] GC(209) User=0.03s Sys=0.00s Real=0.02s
[11.286s][info][gc,start       ] GC(210) Pause Young (Allocation Failure)
[11.314s][info][gc,heap        ] GC(210) PSYoungGen: 31904K(46080K)->15968K(48640K) Eden: 15872K(15872K)->0K(18432K) From: 16032K(30208K)->15968K(30208K)
[11.314s][info][gc,heap        ] GC(210) ParOldGen: 1723174K(1749504K)->1739278K(1749504K)
[11.314s][info][gc,metaspace   ] GC(210) Metaspace: 6302K(6528K)->6302K(6528K) NonClass: 5769K(5888K)->5769K(5888K) Class: 533K(640K)->533K(640K)
[11.314s][info][gc             ] GC(210) Pause Young (Allocation Failure) 1713M->1714M(1756M) 27.608ms
[11.314s][info][gc,cpu         ] GC(210) User=0.03s Sys=0.00s Real=0.03s
[11.314s][info][gc,start       ] GC(211) Pause Full (Ergonomics)
[11.314s][info][gc,phases,start] GC(211) Marking Phase
[11.701s][info][gc,phases      ] GC(211) Marking Phase 386.872ms
[11.701s][info][gc,phases,start] GC(211) Summary Phase
[11.701s][info][gc,phases      ] GC(211) Summary Phase 0.049ms
[11.701s][info][gc,phases,start] GC(211) Adjust Roots
[11.701s][info][gc,phases      ] GC(211) Adjust Roots 0.284ms
[11.701s][info][gc,phases,start] GC(211) Compaction Phase
[12.199s][info][gc,phases      ] GC(211) Compaction Phase 497.163ms
[12.199s][info][gc,phases,start] GC(211) Post Compact
[12.202s][info][gc,phases      ] GC(211) Post Compact 3.153ms
[12.202s][info][gc,heap        ] GC(211) PSYoungGen: 15968K(48640K)->3587K(48640K) Eden: 0K(18432K)->0K(18432K) From: 15968K(30208K)->3587K(30208K)
[12.202s][info][gc,heap        ] GC(211) ParOldGen: 1739278K(1749504K)->1749075K(1915904K)
[12.202s][info][gc,metaspace   ] GC(211) Metaspace: 6302K(6528K)->6302K(6528K) NonClass: 5769K(5888K)->5769K(5888K) Class: 533K(640K)->533K(640K)
[12.203s][info][gc             ] GC(211) Pause Full (Ergonomics) 1714M->1711M(1918M) 888.438ms
[12.203s][info][gc,cpu         ] GC(211) User=6.42s Sys=0.03s Real=0.89s
[12.231s][info][gc,start       ] GC(212) Pause Young (Allocation Failure)
[12.318s][info][gc,heap        ] GC(212) PSYoungGen: 22019K(48640K)->18528K(48640K) Eden: 18432K(18432K)->0K(18432K) From: 3587K(30208K)->18528K(30208K)
[12.318s][info][gc,heap        ] GC(212) ParOldGen: 1749075K(1915904K)->1752755K(1915904K)
[12.318s][info][gc,metaspace   ] GC(212) Metaspace: 6302K(6528K)->6302K(6528K) NonClass: 5769K(5888K)->5769K(5888K) Class: 533K(640K)->533K(640K)
[12.318s][info][gc             ] GC(212) Pause Young (Allocation Failure) 1729M->1729M(1918M) 86.954ms
[12.318s][info][gc,cpu         ] GC(212) User=0.53s Sys=0.00s Real=0.09s
[12.338s][info][gc,start       ] GC(213) Pause Young (Allocation Failure)
[12.367s][info][gc,heap        ] GC(213) PSYoungGen: 36960K(48640K)->18592K(50688K) Eden: 18432K(18432K)->0K(19968K) From: 18528K(30208K)->18592K(30720K)
[12.367s][info][gc,heap        ] GC(213) ParOldGen: 1752755K(1915904K)->1771419K(1915904K)
[12.367s][info][gc,metaspace   ] GC(213) Metaspace: 6302K(6528K)->6302K(6528K) NonClass: 5769K(5888K)->5769K(5888K) Class: 533K(640K)->533K(640K)
[12.367s][info][gc             ] GC(213) Pause Young (Allocation Failure) 1747M->1748M(1920M) 28.562ms
[12.367s][info][gc,cpu         ] GC(213) User=0.06s Sys=0.00s Real=0.03s
[12.390s][info][gc,start       ] GC(214) Pause Young (Allocation Failure)
[12.419s][info][gc,heap        ] GC(214) PSYoungGen: 38560K(50688K)->20160K(51200K) Eden: 19968K(19968K)->0K(19968K) From: 18592K(30720K)->20160K(31232K)
[12.419s][info][gc,heap        ] GC(214) ParOldGen: 1771419K(1915904K)->1790099K(1915904K)
[12.419s][info][gc,metaspace   ] GC(214) Metaspace: 6302K(6528K)->6302K(6528K) NonClass: 5769K(5888K)->5769K(5888K) Class: 533K(640K)->533K(640K)
[12.419s][info][gc             ] GC(214) Pause Young (Allocation Failure) 1767M->1767M(1921M) 28.533ms
[12.419s][info][gc,cpu         ] GC(214) User=0.12s Sys=0.02s Real=0.03s
[12.439s][info][gc,start       ] GC(215) Pause Young (Allocation Failure)
[12.470s][info][gc,heap        ] GC(215) PSYoungGen: 40128K(51200K)->20032K(54272K) Eden: 19968K(19968K)->0K(22016K) From: 20160K(31232K)->20032K(32256K)
[12.470s][info][gc,heap        ] GC(215) ParOldGen: 1790099K(1915904K)->1810323K(1915904K)
[12.470s][info][gc,metaspace   ] GC(215) Metaspace: 6302K(6528K)->6302K(6528K) NonClass: 5769K(5888K)->5769K(5888K) Class: 533K(640K)->533K(640K)
[12.470s][info][gc             ] GC(215) Pause Young (Allocation Failure) 1787M->1787M(1924M) 31.493ms
[12.470s][info][gc,cpu         ] GC(215) User=0.03s Sys=0.00s Real=0.03s
[12.495s][info][gc,start       ] GC(216) Pause Young (Allocation Failure)
[12.528s][info][gc,heap        ] GC(216) PSYoungGen: 42048K(54272K)->22176K(54784K) Eden: 22016K(22016K)->0K(22016K) From: 20032K(32256K)->22176K(32768K)
[12.528s][info][gc,heap        ] GC(216) ParOldGen: 1810323K(1915904K)->1830539K(1915904K)
[12.528s][info][gc,metaspace   ] GC(216) Metaspace: 6302K(6528K)->6302K(6528K) NonClass: 5769K(5888K)->5769K(5888K) Class: 533K(640K)->533K(640K)
[12.528s][info][gc             ] GC(216) Pause Young (Allocation Failure) 1808M->1809M(1924M) 33.137ms
[12.528s][info][gc,cpu         ] GC(216) User=0.14s Sys=0.00s Real=0.03s
[12.552s][info][gc,start       ] GC(217) Pause Young (Allocation Failure)
[12.583s][info][gc,heap        ] GC(217) PSYoungGen: 44192K(54784K)->22144K(57856K) Eden: 22016K(22016K)->0K(24064K) From: 22176K(32768K)->22144K(33792K)
[12.584s][info][gc,heap        ] GC(217) ParOldGen: 1830539K(1915904K)->1852843K(1915904K)
[12.584s][info][gc,metaspace   ] GC(217) Metaspace: 6302K(6528K)->6302K(6528K) NonClass: 5769K(5888K)->5769K(5888K) Class: 533K(640K)->533K(640K)
[12.584s][info][gc             ] GC(217) Pause Young (Allocation Failure) 1830M->1831M(1927M) 31.739ms
[12.584s][info][gc,cpu         ] GC(217) User=0.06s Sys=0.00s Real=0.03s
[12.612s][info][gc,start       ] GC(218) Pause Young (Allocation Failure)
[12.647s][info][gc,heap        ] GC(218) PSYoungGen: 46208K(57856K)->24224K(58368K) Eden: 24064K(24064K)->0K(24064K) From: 22144K(33792K)->24224K(34304K)
[12.647s][info][gc,heap        ] GC(218) ParOldGen: 1852843K(1915904K)->1875163K(1915904K)
[12.647s][info][gc,metaspace   ] GC(218) Metaspace: 6302K(6528K)->6302K(6528K) NonClass: 5769K(5888K)->5769K(5888K) Class: 533K(640K)->533K(640K)
[12.647s][info][gc             ] GC(218) Pause Young (Allocation Failure) 1854M->1854M(1928M) 34.413ms
[12.647s][info][gc,cpu         ] GC(218) User=0.11s Sys=0.00s Real=0.04s
[12.676s][info][gc,start       ] GC(219) Pause Young (Allocation Failure)
[12.708s][info][gc,heap        ] GC(219) PSYoungGen: 48288K(58368K)->24192K(62464K) Eden: 24064K(24064K)->0K(26624K) From: 24224K(34304K)->24192K(35840K)
[12.708s][info][gc,heap        ] GC(219) ParOldGen: 1875163K(1915904K)->1899555K(1915904K)
[12.708s][info][gc,metaspace   ] GC(219) Metaspace: 6302K(6528K)->6302K(6528K) NonClass: 5769K(5888K)->5769K(5888K) Class: 533K(640K)->533K(640K)
[12.708s][info][gc             ] GC(219) Pause Young (Allocation Failure) 1878M->1878M(1932M) 32.498ms
[12.708s][info][gc,cpu         ] GC(219) User=0.25s Sys=0.00s Real=0.03s
[12.708s][info][gc,start       ] GC(220) Pause Full (Ergonomics)
[12.708s][info][gc,phases,start] GC(220) Marking Phase
[13.133s][info][gc,phases      ] GC(220) Marking Phase 424.783ms
[13.133s][info][gc,phases,start] GC(220) Summary Phase
[13.133s][info][gc,phases      ] GC(220) Summary Phase 0.037ms
[13.133s][info][gc,phases,start] GC(220) Adjust Roots
[13.133s][info][gc,phases      ] GC(220) Adjust Roots 0.197ms
[13.133s][info][gc,phases,start] GC(220) Compaction Phase
[13.305s][info][gc,phases      ] GC(220) Compaction Phase 171.992ms
[13.306s][info][gc,phases,start] GC(220) Post Compact
[13.309s][info][gc,phases      ] GC(220) Post Compact 3.529ms
[13.310s][info][gc,heap        ] GC(220) PSYoungGen: 24192K(62464K)->5640K(62464K) Eden: 0K(26624K)->0K(26624K) From: 24192K(35840K)->5640K(35840K)
[13.310s][info][gc,heap        ] GC(220) ParOldGen: 1899555K(1915904K)->1915730K(2110464K)
[13.310s][info][gc,metaspace   ] GC(220) Metaspace: 6302K(6528K)->6302K(6528K) NonClass: 5769K(5888K)->5769K(5888K) Class: 533K(640K)->533K(640K)
[13.310s][info][gc             ] GC(220) Pause Full (Ergonomics) 1878M->1876M(2122M) 601.760ms
[13.310s][info][gc,cpu         ] GC(220) User=4.30s Sys=0.00s Real=0.60s
[13.340s][info][gc,start       ] GC(221) Pause Young (Allocation Failure)
[13.439s][info][gc,heap        ] GC(221) PSYoungGen: 32264K(62464K)->26784K(62976K) Eden: 26624K(26624K)->0K(26624K) From: 5640K(35840K)->26784K(36352K)
[13.439s][info][gc,heap        ] GC(221) ParOldGen: 1915730K(2110464K)->1921474K(2110464K)
[13.439s][info][gc,metaspace   ] GC(221) Metaspace: 6302K(6528K)->6302K(6528K) NonClass: 5769K(5888K)->5769K(5888K) Class: 533K(640K)->533K(640K)
[13.439s][info][gc             ] GC(221) Pause Young (Allocation Failure) 1902M->1902M(2122M) 99.526ms
[13.439s][info][gc,cpu         ] GC(221) User=0.61s Sys=0.02s Real=0.10s
[13.472s][info][gc,start       ] GC(222) Pause Young (Allocation Failure)
[13.508s][info][gc,heap        ] GC(222) PSYoungGen: 53408K(62976K)->37888K(55808K) Eden: 26624K(26624K)->0K(17920K) From: 26784K(36352K)->37888K(37888K)
[13.508s][info][gc,heap        ] GC(222) ParOldGen: 1921474K(2110464K)->1937082K(2110464K)
[13.508s][info][gc,metaspace   ] GC(222) Metaspace: 6302K(6528K)->6302K(6528K) NonClass: 5769K(5888K)->5769K(5888K) Class: 533K(640K)->533K(640K)
[13.508s][info][gc             ] GC(222) Pause Young (Allocation Failure) 1928M->1928M(2115M) 36.270ms
[13.508s][info][gc,cpu         ] GC(222) User=0.14s Sys=0.05s Real=0.04s
[13.530s][info][gc,start       ] GC(223) Pause Young (Allocation Failure)
[13.567s][info][gc,heap        ] GC(223) PSYoungGen: 55808K(55808K)->18080K(67072K) Eden: 17920K(17920K)->0K(17920K) From: 37888K(37888K)->18080K(49152K)
[13.568s][info][gc,heap        ] GC(223) ParOldGen: 1937082K(2110464K)->1975474K(2110464K)
[13.568s][info][gc,metaspace   ] GC(223) Metaspace: 6302K(6528K)->6302K(6528K) NonClass: 5769K(5888K)->5769K(5888K) Class: 533K(640K)->533K(640K)
[13.568s][info][gc             ] GC(223) Pause Young (Allocation Failure) 1946M->1946M(2126M) 37.143ms
[13.568s][info][gc,cpu         ] GC(223) User=0.17s Sys=0.00s Real=0.04s
[13.590s][info][gc,start       ] GC(224) Pause Young (Allocation Failure)
[13.619s][info][gc,heap        ] GC(224) PSYoungGen: 36000K(67072K)->18048K(62976K) Eden: 17920K(17920K)->0K(19968K) From: 18080K(49152K)->18048K(43008K)
[13.619s][info][gc,heap        ] GC(224) ParOldGen: 1975474K(2110464K)->1993634K(2110464K)
[13.619s][info][gc,metaspace   ] GC(224) Metaspace: 6302K(6528K)->6302K(6528K) NonClass: 5769K(5888K)->5769K(5888K) Class: 533K(640K)->533K(640K)
[13.619s][info][gc             ] GC(224) Pause Young (Allocation Failure) 1964M->1964M(2122M) 29.101ms
[13.619s][info][gc,cpu         ] GC(224) User=0.12s Sys=0.00s Real=0.03s
[13.644s][info][gc,start       ] GC(225) Pause Young (Allocation Failure)
[13.675s][info][gc,heap        ] GC(225) PSYoungGen: 38016K(62976K)->20128K(65024K) Eden: 19968K(19968K)->0K(19968K) From: 18048K(43008K)->20128K(45056K)
[13.675s][info][gc,heap        ] GC(225) ParOldGen: 1993634K(2110464K)->2011826K(2110464K)
[13.675s][info][gc,metaspace   ] GC(225) Metaspace: 6302K(6528K)->6302K(6528K) NonClass: 5769K(5888K)->5769K(5888K) Class: 533K(640K)->533K(640K)
[13.675s][info][gc             ] GC(225) Pause Young (Allocation Failure) 1984M->1984M(2124M) 30.771ms
[13.675s][info][gc,cpu         ] GC(225) User=0.12s Sys=0.02s Real=0.03s
[13.697s][info][gc,start       ] GC(226) Pause Young (Allocation Failure)
[13.730s][info][gc,heap        ] GC(226) PSYoungGen: 40096K(65024K)->20128K(61440K) Eden: 19968K(19968K)->0K(22528K) From: 20128K(45056K)->20128K(38912K)
[13.730s][info][gc,heap        ] GC(226) ParOldGen: 2011826K(2110464K)->2032082K(2110464K)
[13.730s][info][gc,metaspace   ] GC(226) Metaspace: 6302K(6528K)->6302K(6528K) NonClass: 5769K(5888K)->5769K(5888K) Class: 533K(640K)->533K(640K)
[13.730s][info][gc             ] GC(226) Pause Young (Allocation Failure) 2003M->2004M(2121M) 33.318ms
[13.730s][info][gc,cpu         ] GC(226) User=0.12s Sys=0.02s Real=0.03s
[13.755s][info][gc,start       ] GC(227) Pause Young (Allocation Failure)
[13.785s][info][gc,heap        ] GC(227) PSYoungGen: 42656K(61440K)->22720K(63488K) Eden: 22528K(22528K)->0K(22528K) From: 20128K(38912K)->22720K(40960K)
[13.785s][info][gc,heap        ] GC(227) ParOldGen: 2032082K(2110464K)->2052330K(2110464K)
[13.785s][info][gc,metaspace   ] GC(227) Metaspace: 6302K(6528K)->6302K(6528K) NonClass: 5769K(5888K)->5769K(5888K) Class: 533K(640K)->533K(640K)
[13.785s][info][gc             ] GC(227) Pause Young (Allocation Failure) 2026M->2026M(2123M) 30.508ms
[13.786s][info][gc,cpu         ] GC(227) User=0.09s Sys=0.03s Real=0.03s
[13.811s][info][gc,start       ] GC(228) Pause Young (Allocation Failure)
[13.843s][info][gc,heap        ] GC(228) PSYoungGen: 45248K(63488K)->22720K(62464K) Eden: 22528K(22528K)->0K(25088K) From: 22720K(40960K)->22720K(37376K)
[13.843s][info][gc,heap        ] GC(228) ParOldGen: 2052330K(2110464K)->2075170K(2110464K)
[13.843s][info][gc,metaspace   ] GC(228) Metaspace: 6302K(6528K)->6302K(6528K) NonClass: 5769K(5888K)->5769K(5888K) Class: 533K(640K)->533K(640K)
[13.843s][info][gc             ] GC(228) Pause Young (Allocation Failure) 2048M->2048M(2122M) 31.767ms
[13.843s][info][gc,cpu         ] GC(228) User=0.14s Sys=0.00s Real=0.03s
[13.870s][info][gc,start       ] GC(229) Pause Young (Allocation Failure)
[13.902s][info][gc,heap        ] GC(229) PSYoungGen: 47808K(62464K)->25248K(63488K) Eden: 25088K(25088K)->0K(25088K) From: 22720K(37376K)->25248K(38400K)
[13.902s][info][gc,heap        ] GC(229) ParOldGen: 2075170K(2110464K)->2098010K(2110464K)
[13.902s][info][gc,metaspace   ] GC(229) Metaspace: 6302K(6528K)->6302K(6528K) NonClass: 5769K(5888K)->5769K(5888K) Class: 533K(640K)->533K(640K)
[13.902s][info][gc             ] GC(229) Pause Young (Allocation Failure) 2073M->2073M(2123M) 32.288ms
[13.902s][info][gc,cpu         ] GC(229) User=0.12s Sys=0.02s Real=0.03s
[13.902s][info][gc,start       ] GC(230) Pause Full (Ergonomics)
[13.902s][info][gc,phases,start] GC(230) Marking Phase
[14.368s][info][gc,phases      ] GC(230) Marking Phase 466.211ms
[14.368s][info][gc,phases,start] GC(230) Summary Phase
[14.368s][info][gc,phases      ] GC(230) Summary Phase 0.032ms
[14.368s][info][gc,phases,start] GC(230) Adjust Roots
[14.368s][info][gc,phases      ] GC(230) Adjust Roots 0.167ms
[14.368s][info][gc,phases,start] GC(230) Compaction Phase
[14.569s][info][gc,phases      ] GC(230) Compaction Phase 200.424ms
[14.569s][info][gc,phases,start] GC(230) Post Compact
[14.573s][info][gc,phases      ] GC(230) Post Compact 3.827ms
[14.574s][info][gc,heap        ] GC(230) PSYoungGen: 25248K(63488K)->10233K(63488K) Eden: 0K(25088K)->0K(25088K) From: 25248K(38400K)->10233K(38400K)
[14.574s][info][gc,heap        ] GC(230) ParOldGen: 2098010K(2110464K)->2110024K(2322432K)
[14.574s][info][gc,metaspace   ] GC(230) Metaspace: 6302K(6528K)->6302K(6528K) NonClass: 5769K(5888K)->5769K(5888K) Class: 533K(640K)->533K(640K)
[14.574s][info][gc             ] GC(230) Pause Full (Ergonomics) 2073M->2070M(2330M) 671.696ms
[14.574s][info][gc,cpu         ] GC(230) User=4.98s Sys=0.02s Real=0.67s
[14.602s][info][gc,start       ] GC(231) Pause Young (Allocation Failure)
[14.713s][info][gc,heap        ] GC(231) PSYoungGen: 35321K(63488K)->25248K(64512K) Eden: 25088K(25088K)->0K(27648K) From: 10233K(38400K)->25248K(36864K)
[14.713s][info][gc,heap        ] GC(231) ParOldGen: 2110024K(2322432K)->2120408K(2322432K)
[14.713s][info][gc,metaspace   ] GC(231) Metaspace: 6302K(6528K)->6302K(6528K) NonClass: 5769K(5888K)->5769K(5888K) Class: 533K(640K)->533K(640K)
[14.713s][info][gc             ] GC(231) Pause Young (Allocation Failure) 2095M->2095M(2331M) 111.291ms
[14.713s][info][gc,cpu         ] GC(231) User=0.67s Sys=0.00s Real=0.11s
[14.742s][info][gc,start       ] GC(232) Pause Young (Allocation Failure)
[14.777s][info][gc,heap        ] GC(232) PSYoungGen: 52896K(64512K)->37888K(65536K) Eden: 27648K(27648K)->0K(27648K) From: 25248K(36864K)->37888K(37888K)
[14.777s][info][gc,heap        ] GC(232) ParOldGen: 2120408K(2322432K)->2135480K(2322432K)
[14.777s][info][gc,metaspace   ] GC(232) Metaspace: 6302K(6528K)->6302K(6528K) NonClass: 5769K(5888K)->5769K(5888K) Class: 533K(640K)->533K(640K)
[14.777s][info][gc             ] GC(232) Pause Young (Allocation Failure) 2122M->2122M(2332M) 34.790ms
[14.777s][info][gc,cpu         ] GC(232) User=0.14s Sys=0.02s Real=0.04s
[14.811s][info][gc,start       ] GC(233) Pause Young (Allocation Failure)
[14.849s][info][gc,heap        ] GC(233) PSYoungGen: 65536K(65536K)->27840K(76288K) Eden: 27648K(27648K)->0K(30720K) From: 37888K(37888K)->27840K(45568K)
[14.849s][info][gc,heap        ] GC(233) ParOldGen: 2135480K(2322432K)->2173856K(2322432K)
[14.849s][info][gc,metaspace   ] GC(233) Metaspace: 6302K(6528K)->6302K(6528K) NonClass: 5769K(5888K)->5769K(5888K) Class: 533K(640K)->533K(640K)
[14.849s][info][gc             ] GC(233) Pause Young (Allocation Failure) 2149M->2150M(2342M) 38.753ms
[14.849s][info][gc,cpu         ] GC(233) User=0.27s Sys=0.00s Real=0.04s
[14.889s][info][gc,start       ] GC(234) Pause Young (Allocation Failure)
[14.927s][info][gc,heap        ] GC(234) PSYoungGen: 58560K(76288K)->46592K(77312K) Eden: 30720K(30720K)->0K(30720K) From: 27840K(45568K)->46592K(46592K)
[14.927s][info][gc,heap        ] GC(234) ParOldGen: 2173856K(2322432K)->2185824K(2322432K)
[14.927s][info][gc,metaspace   ] GC(234) Metaspace: 6302K(6528K)->6302K(6528K) NonClass: 5769K(5888K)->5769K(5888K) Class: 533K(640K)->533K(640K)
[14.927s][info][gc             ] GC(234) Pause Young (Allocation Failure) 2180M->2180M(2343M) 37.686ms
[14.927s][info][gc,cpu         ] GC(234) User=0.16s Sys=0.00s Real=0.04s
[14.963s][info][gc,start       ] GC(235) Pause Young (Allocation Failure)
[15.009s][info][gc,heap        ] GC(235) PSYoungGen: 77312K(77312K)->30848K(87552K) Eden: 30720K(30720K)->0K(34304K) From: 46592K(46592K)->30848K(53248K)
[15.009s][info][gc,heap        ] GC(235) ParOldGen: 2185824K(2322432K)->2233032K(2322432K)
[15.009s][info][gc,metaspace   ] GC(235) Metaspace: 6302K(6528K)->6302K(6528K) NonClass: 5769K(5888K)->5769K(5888K) Class: 533K(640K)->533K(640K)
[15.009s][info][gc             ] GC(235) Pause Young (Allocation Failure) 2210M->2210M(2353M) 45.980ms
[15.009s][info][gc,cpu         ] GC(235) User=0.23s Sys=0.03s Real=0.05s
[15.048s][info][gc,start       ] GC(236) Pause Young (Allocation Failure)
[15.088s][info][gc,heap        ] GC(236) PSYoungGen: 65152K(87552K)->34464K(89088K) Eden: 34304K(34304K)->0K(34304K) From: 30848K(53248K)->34464K(54784K)
[15.088s][info][gc,heap        ] GC(236) ParOldGen: 2233032K(2322432K)->2264128K(2322432K)
[15.088s][info][gc,metaspace   ] GC(236) Metaspace: 6302K(6528K)->6302K(6528K) NonClass: 5769K(5888K)->5769K(5888K) Class: 533K(640K)->533K(640K)
[15.088s][info][gc             ] GC(236) Pause Young (Allocation Failure) 2244M->2244M(2355M) 40.043ms
[15.088s][info][gc,cpu         ] GC(236) User=0.27s Sys=0.00s Real=0.04s
[15.129s][info][gc,start       ] GC(237) Pause Young (Allocation Failure)
[15.171s][info][gc,heap        ] GC(237) PSYoungGen: 68768K(89088K)->34496K(91648K) Eden: 34304K(34304K)->0K(38400K) From: 34464K(54784K)->34496K(53248K)
[15.171s][info][gc,heap        ] GC(237) ParOldGen: 2264128K(2322432K)->2298744K(2322432K)
[15.171s][info][gc,metaspace   ] GC(237) Metaspace: 6302K(6528K)->6302K(6528K) NonClass: 5769K(5888K)->5769K(5888K) Class: 533K(640K)->533K(640K)
[15.171s][info][gc             ] GC(237) Pause Young (Allocation Failure) 2278M->2278M(2357M) 42.179ms
[15.171s][info][gc,cpu         ] GC(237) User=0.36s Sys=0.00s Real=0.04s
[15.171s][info][gc,start       ] GC(238) Pause Full (Ergonomics)
[15.171s][info][gc,phases,start] GC(238) Marking Phase
[15.691s][info][gc,phases      ] GC(238) Marking Phase 519.928ms
[15.691s][info][gc,phases,start] GC(238) Summary Phase
[15.691s][info][gc,phases      ] GC(238) Summary Phase 0.042ms
[15.691s][info][gc,phases,start] GC(238) Adjust Roots
[15.691s][info][gc,phases      ] GC(238) Adjust Roots 0.213ms
[15.691s][info][gc,phases,start] GC(238) Compaction Phase
[15.894s][info][gc,phases      ] GC(238) Compaction Phase 203.429ms
[15.895s][info][gc,phases,start] GC(238) Post Compact
[15.899s][info][gc,phases      ] GC(238) Post Compact 4.577ms
[15.900s][info][gc,heap        ] GC(238) PSYoungGen: 34496K(91648K)->8210K(92160K) Eden: 0K(38400K)->0K(38912K) From: 34496K(53248K)->8210K(53248K)
[15.900s][info][gc,heap        ] GC(238) ParOldGen: 2298744K(2322432K)->2322262K(2569216K)
[15.900s][info][gc,metaspace   ] GC(238) Metaspace: 6302K(6528K)->6302K(6528K) NonClass: 5769K(5888K)->5769K(5888K) Class: 533K(640K)->533K(640K)
[15.900s][info][gc             ] GC(238) Pause Full (Ergonomics) 2278M->2275M(2599M) 729.608ms
[15.900s][info][gc,cpu         ] GC(238) User=5.50s Sys=0.00s Real=0.73s
[15.947s][info][gc,start       ] GC(239) Pause Young (Allocation Failure)
[16.072s][info][gc,heap        ] GC(239) PSYoungGen: 47122K(92160K)->39072K(92672K) Eden: 38912K(38912K)->0K(38912K) From: 8210K(53248K)->39072K(53760K)
[16.072s][info][gc,heap        ] GC(239) ParOldGen: 2322262K(2569216K)->2330574K(2569216K)
[16.072s][info][gc,metaspace   ] GC(239) Metaspace: 6302K(6528K)->6302K(6528K) NonClass: 5769K(5888K)->5769K(5888K) Class: 533K(640K)->533K(640K)
[16.072s][info][gc             ] GC(239) Pause Young (Allocation Failure) 2313M->2314M(2599M) 124.737ms
[16.072s][info][gc,cpu         ] GC(239) User=0.77s Sys=0.02s Real=0.12s
[16.118s][info][gc,start       ] GC(240) Pause Young (Allocation Failure)
[16.165s][info][gc,heap        ] GC(240) PSYoungGen: 77984K(92672K)->54784K(82432K) Eden: 38912K(38912K)->0K(27648K) From: 39072K(53760K)->54784K(54784K)
[16.165s][info][gc,heap        ] GC(240) ParOldGen: 2330574K(2569216K)->2353918K(2569216K)
[16.165s][info][gc,metaspace   ] GC(240) Metaspace: 6302K(6528K)->6302K(6528K) NonClass: 5769K(5888K)->5769K(5888K) Class: 533K(640K)->533K(640K)
[16.165s][info][gc             ] GC(240) Pause Young (Allocation Failure) 2352M->2352M(2589M) 46.516ms
[16.165s][info][gc,cpu         ] GC(240) User=0.23s Sys=0.03s Real=0.05s
[16.200s][info][gc,start       ] GC(241) Pause Young (Allocation Failure)
[16.247s][info][gc,heap        ] GC(241) PSYoungGen: 82432K(82432K)->27808K(97280K) Eden: 27648K(27648K)->0K(27648K) From: 54784K(54784K)->27808K(69632K)
[16.248s][info][gc,heap        ] GC(241) ParOldGen: 2353918K(2569216K)->2409126K(2569216K)
[16.248s][info][gc,metaspace   ] GC(241) Metaspace: 6302K(6528K)->6302K(6528K) NonClass: 5769K(5888K)->5769K(5888K) Class: 533K(640K)->533K(640K)
[16.248s][info][gc             ] GC(241) Pause Young (Allocation Failure) 2379M->2379M(2604M) 47.270ms
[16.248s][info][gc,cpu         ] GC(241) User=0.27s Sys=0.00s Real=0.05s
[16.280s][info][gc,start       ] GC(242) Pause Young (Allocation Failure)
[16.319s][info][gc,heap        ] GC(242) PSYoungGen: 55456K(97280K)->55456K(93696K) Eden: 27648K(27648K)->0K(26112K) From: 27808K(69632K)->55456K(67584K)
[16.319s][info][gc,heap        ] GC(242) ParOldGen: 2409126K(2569216K)->2409126K(2569216K)
[16.319s][info][gc,metaspace   ] GC(242) Metaspace: 6302K(6528K)->6302K(6528K) NonClass: 5769K(5888K)->5769K(5888K) Class: 533K(640K)->533K(640K)
[16.319s][info][gc             ] GC(242) Pause Young (Allocation Failure) 2406M->2406M(2600M) 38.198ms
[16.319s][info][gc,cpu         ] GC(242) User=0.16s Sys=0.00s Real=0.04s
[16.350s][info][gc,start       ] GC(243) Pause Young (Allocation Failure)
[16.397s][info][gc,heap        ] GC(243) PSYoungGen: 81568K(93696K)->72192K(98304K) Eden: 26112K(26112K)->0K(26112K) From: 55456K(67584K)->72192K(72192K)
[16.397s][info][gc,heap        ] GC(243) ParOldGen: 2409126K(2569216K)->2418510K(2569216K)
[16.397s][info][gc,metaspace   ] GC(243) Metaspace: 6302K(6528K)->6302K(6528K) NonClass: 5769K(5888K)->5769K(5888K) Class: 533K(640K)->533K(640K)
[16.397s][info][gc             ] GC(243) Pause Young (Allocation Failure) 2432M->2432M(2605M) 47.004ms
[16.397s][info][gc,cpu         ] GC(243) User=0.27s Sys=0.00s Real=0.05s
[16.428s][info][gc,start       ] GC(244) Pause Young (Allocation Failure)
[16.482s][info][gc,heap        ] GC(244) PSYoungGen: 98304K(98304K)->48768K(111104K) Eden: 26112K(26112K)->0K(29184K) From: 72192K(72192K)->48768K(81920K)
[16.482s][info][gc,heap        ] GC(244) ParOldGen: 2418510K(2569216K)->2468566K(2569216K)
[16.482s][info][gc,metaspace   ] GC(244) Metaspace: 6302K(6528K)->6302K(6528K) NonClass: 5769K(5888K)->5769K(5888K) Class: 533K(640K)->533K(640K)
[16.482s][info][gc             ] GC(244) Pause Young (Allocation Failure) 2457M->2458M(2617M) 53.914ms
[16.482s][info][gc,cpu         ] GC(244) User=0.36s Sys=0.02s Real=0.05s
[16.520s][info][gc,start       ] GC(245) Pause Young (Allocation Failure)
[16.564s][info][gc,heap        ] GC(245) PSYoungGen: 77952K(111104K)->55488K(112640K) Eden: 29184K(29184K)->0K(29184K) From: 48768K(81920K)->55488K(83456K)
[16.564s][info][gc,heap        ] GC(245) ParOldGen: 2468566K(2569216K)->2491302K(2569216K)
[16.564s][info][gc,metaspace   ] GC(245) Metaspace: 6302K(6528K)->6302K(6528K) NonClass: 5769K(5888K)->5769K(5888K) Class: 533K(640K)->533K(640K)
[16.564s][info][gc             ] GC(245) Pause Young (Allocation Failure) 2486M->2487M(2619M) 44.825ms
[16.564s][info][gc,cpu         ] GC(245) User=0.38s Sys=0.00s Real=0.04s
[16.602s][info][gc,start       ] GC(246) Pause Young (Allocation Failure)
[16.650s][info][gc,heap        ] GC(246) PSYoungGen: 84672K(112640K)->58496K(115712K) Eden: 29184K(29184K)->0K(31232K) From: 55488K(83456K)->58496K(84480K)
[16.650s][info][gc,heap        ] GC(246) ParOldGen: 2491302K(2569216K)->2517662K(2569216K)
[16.650s][info][gc,metaspace   ] GC(246) Metaspace: 6302K(6528K)->6302K(6528K) NonClass: 5769K(5888K)->5769K(5888K) Class: 533K(640K)->533K(640K)
[16.650s][info][gc             ] GC(246) Pause Young (Allocation Failure) 2515M->2515M(2622M) 48.307ms
[16.650s][info][gc,cpu         ] GC(246) User=0.27s Sys=0.00s Real=0.05s
[16.650s][info][gc,start       ] GC(247) Pause Full (Ergonomics)
[16.650s][info][gc,phases,start] GC(247) Marking Phase
[17.250s][info][gc,phases      ] GC(247) Marking Phase 599.499ms
[17.250s][info][gc,phases,start] GC(247) Summary Phase
[17.250s][info][gc,phases      ] GC(247) Summary Phase 0.042ms
[17.250s][info][gc,phases,start] GC(247) Adjust Roots
[17.250s][info][gc,phases      ] GC(247) Adjust Roots 0.204ms
[17.250s][info][gc,phases,start] GC(247) Compaction Phase
[17.502s][info][gc,phases      ] GC(247) Compaction Phase 251.859ms
[17.502s][info][gc,phases,start] GC(247) Post Compact
[17.507s][info][gc,phases      ] GC(247) Post Compact 5.424ms
[17.509s][info][gc,heap        ] GC(247) PSYoungGen: 58496K(115712K)->5153K(115712K) Eden: 0K(31232K)->0K(31232K) From: 58496K(84480K)->5153K(84480K)
[17.509s][info][gc,heap        ] GC(247) ParOldGen: 2517662K(2569216K)->2568776K(2842624K)
[17.509s][info][gc,metaspace   ] GC(247) Metaspace: 6302K(6528K)->6302K(6528K) NonClass: 5769K(5888K)->5769K(5888K) Class: 533K(640K)->533K(640K)
[17.509s][info][gc             ] GC(247) Pause Full (Ergonomics) 2515M->2513M(2889M) 858.646ms
[17.509s][info][gc,cpu         ] GC(247) User=6.48s Sys=0.03s Real=0.86s
[17.555s][info][gc,start       ] GC(248) Pause Young (Allocation Failure)
[17.695s][info][gc,heap        ] GC(248) PSYoungGen: 36385K(115712K)->34720K(117248K) Eden: 31232K(31232K)->0K(31232K) From: 5153K(84480K)->34720K(86016K)
[17.695s][info][gc,heap        ] GC(248) ParOldGen: 2568776K(2842624K)->2570656K(2842624K)
[17.695s][info][gc,metaspace   ] GC(248) Metaspace: 6302K(6528K)->6302K(6528K) NonClass: 5769K(5888K)->5769K(5888K) Class: 533K(640K)->533K(640K)
[17.695s][info][gc             ] GC(248) Pause Young (Allocation Failure) 2544M->2544M(2890M) 140.144ms
[17.695s][info][gc,cpu         ] GC(248) User=0.75s Sys=0.00s Real=0.14s
[17.736s][info][gc,start       ] GC(249) Pause Young (Allocation Failure)
[17.779s][info][gc,heap        ] GC(249) PSYoungGen: 65952K(117248K)->65952K(113664K) Eden: 31232K(31232K)->0K(30208K) From: 34720K(86016K)->65952K(83456K)
[17.779s][info][gc,heap        ] GC(249) ParOldGen: 2570656K(2842624K)->2570656K(2842624K)
[17.779s][info][gc,metaspace   ] GC(249) Metaspace: 6302K(6528K)->6302K(6528K) NonClass: 5769K(5888K)->5769K(5888K) Class: 533K(640K)->533K(640K)
[17.779s][info][gc             ] GC(249) Pause Young (Allocation Failure) 2574M->2574M(2887M) 43.257ms
[17.779s][info][gc,cpu         ] GC(249) User=0.17s Sys=0.00s Real=0.04s
[17.819s][info][gc,start       ] GC(250) Pause Young (Allocation Failure)
[17.872s][info][gc,heap        ] GC(250) PSYoungGen: 96160K(113664K)->87552K(117760K) Eden: 30208K(30208K)->0K(30208K) From: 65952K(83456K)->87552K(87552K)
[17.872s][info][gc,heap        ] GC(250) ParOldGen: 2570656K(2842624K)->2579288K(2842624K)
[17.872s][info][gc,metaspace   ] GC(250) Metaspace: 6302K(6528K)->6302K(6528K) NonClass: 5769K(5888K)->5769K(5888K) Class: 533K(640K)->533K(640K)
[17.872s][info][gc             ] GC(250) Pause Young (Allocation Failure) 2604M->2604M(2891M) 53.535ms
[17.872s][info][gc,cpu         ] GC(250) User=0.27s Sys=0.00s Real=0.05s
[17.910s][info][gc,start       ] GC(251) Pause Young (Allocation Failure)
[17.973s][info][gc,heap        ] GC(251) PSYoungGen: 117760K(117760K)->86464K(126976K) Eden: 30208K(30208K)->0K(25088K) From: 87552K(87552K)->86464K(101888K)
[17.973s][info][gc,heap        ] GC(251) ParOldGen: 2579288K(2842624K)->2611024K(2842624K)
[17.973s][info][gc,metaspace   ] GC(251) Metaspace: 6302K(6528K)->6302K(6528K) NonClass: 5769K(5888K)->5769K(5888K) Class: 533K(640K)->533K(640K)
[17.973s][info][gc             ] GC(251) Pause Young (Allocation Failure) 2633M->2634M(2900M) 62.455ms
[17.973s][info][gc,cpu         ] GC(251) User=0.45s Sys=0.02s Real=0.06s
[18.003s][info][gc,start       ] GC(252) Pause Young (Allocation Failure)
[18.061s][info][gc,heap        ] GC(252) PSYoungGen: 111552K(126976K)->83392K(135168K) Eden: 25088K(25088K)->0K(25088K) From: 86464K(101888K)->83392K(110080K)
[18.061s][info][gc,heap        ] GC(252) ParOldGen: 2611024K(2842624K)->2639408K(2842624K)
[18.061s][info][gc,metaspace   ] GC(252) Metaspace: 6302K(6528K)->6302K(6528K) NonClass: 5769K(5888K)->5769K(5888K) Class: 533K(640K)->533K(640K)
[18.061s][info][gc             ] GC(252) Pause Young (Allocation Failure) 2658M->2658M(2908M) 58.602ms
[18.061s][info][gc,cpu         ] GC(252) User=0.39s Sys=0.00s Real=0.06s
[18.090s][info][gc,start       ] GC(253) Pause Young (Allocation Failure)
[18.149s][info][gc,heap        ] GC(253) PSYoungGen: 108480K(135168K)->80576K(140800K) Eden: 25088K(25088K)->0K(25600K) From: 83392K(110080K)->80576K(115200K)
[18.149s][info][gc,heap        ] GC(253) ParOldGen: 2639408K(2842624K)->2667560K(2842624K)
[18.149s][info][gc,metaspace   ] GC(253) Metaspace: 6302K(6528K)->6302K(6528K) NonClass: 5769K(5888K)->5769K(5888K) Class: 533K(640K)->533K(640K)
[18.149s][info][gc             ] GC(253) Pause Young (Allocation Failure) 2683M->2683M(2913M) 59.648ms
[18.149s][info][gc,cpu         ] GC(253) User=0.38s Sys=0.00s Real=0.06s
[18.181s][info][gc,start       ] GC(254) Pause Young (Allocation Failure)
[18.239s][info][gc,heap        ] GC(254) PSYoungGen: 106176K(140800K)->75968K(143360K) Eden: 25600K(25600K)->0K(25600K) From: 80576K(115200K)->75968K(117760K)
[18.240s][info][gc,heap        ] GC(254) ParOldGen: 2667560K(2842624K)->2698048K(2842624K)
[18.240s][info][gc,metaspace   ] GC(254) Metaspace: 6302K(6528K)->6302K(6528K) NonClass: 5769K(5888K)->5769K(5888K) Class: 533K(640K)->533K(640K)
[18.240s][info][gc             ] GC(254) Pause Young (Allocation Failure) 2708M->2709M(2916M) 58.138ms
[18.240s][info][gc,cpu         ] GC(254) User=0.38s Sys=0.02s Real=0.06s
[18.270s][info][gc,start       ] GC(255) Pause Young (Allocation Failure)
[18.326s][info][gc,heap        ] GC(255) PSYoungGen: 101568K(143360K)->51392K(139776K) Eden: 25600K(25600K)->0K(29184K) From: 75968K(117760K)->51392K(110592K)
[18.326s][info][gc,heap        ] GC(255) ParOldGen: 2698048K(2842624K)->2748656K(2842624K)
[18.326s][info][gc,metaspace   ] GC(255) Metaspace: 6302K(6528K)->6302K(6528K) NonClass: 5769K(5888K)->5769K(5888K) Class: 533K(640K)->533K(640K)
[18.326s][info][gc             ] GC(255) Pause Young (Allocation Failure) 2734M->2734M(2912M) 56.594ms
[18.326s][info][gc,cpu         ] GC(255) User=0.31s Sys=0.08s Real=0.06s
[18.362s][info][gc,start       ] GC(256) Pause Young (Allocation Failure)
[18.410s][info][gc,heap        ] GC(256) PSYoungGen: 80576K(139776K)->29344K(143360K) Eden: 29184K(29184K)->0K(29184K) From: 51392K(110592K)->29344K(114176K)
[18.410s][info][gc,heap        ] GC(256) ParOldGen: 2748656K(2842624K)->2800280K(2842624K)
[18.410s][info][gc,metaspace   ] GC(256) Metaspace: 6302K(6528K)->6302K(6528K) NonClass: 5769K(5888K)->5769K(5888K) Class: 533K(640K)->533K(640K)
[18.410s][info][gc             ] GC(256) Pause Young (Allocation Failure) 2762M->2763M(2916M) 48.124ms
[18.410s][info][gc,cpu         ] GC(256) User=0.22s Sys=0.02s Real=0.05s
[18.410s][info][gc,start       ] GC(257) Pause Full (Ergonomics)
[18.410s][info][gc,phases,start] GC(257) Marking Phase
[19.061s][info][gc,phases      ] GC(257) Marking Phase 650.231ms
[19.061s][info][gc,phases,start] GC(257) Summary Phase
[19.061s][info][gc,phases      ] GC(257) Summary Phase 0.062ms
[19.061s][info][gc,phases,start] GC(257) Adjust Roots
[19.061s][info][gc,phases      ] GC(257) Adjust Roots 0.187ms
[19.061s][info][gc,phases,start] GC(257) Compaction Phase
[19.310s][info][gc,phases      ] GC(257) Compaction Phase 248.685ms
[19.310s][info][gc,phases,start] GC(257) Post Compact
[19.315s][info][gc,phases      ] GC(257) Post Compact 5.287ms
[19.316s][info][gc,heap        ] GC(257) PSYoungGen: 29344K(143360K)->0K(147456K) Eden: 0K(29184K)->0K(33280K) From: 29344K(114176K)->0K(114176K)
[19.316s][info][gc,heap        ] GC(257) ParOldGen: 2800280K(2842624K)->2827087K(3135488K)
[19.316s][info][gc,metaspace   ] GC(257) Metaspace: 6302K(6528K)->6302K(6528K) NonClass: 5769K(5888K)->5769K(5888K) Class: 533K(640K)->533K(640K)
[19.316s][info][gc             ] GC(257) Pause Full (Ergonomics) 2763M->2760M(3206M) 905.920ms
[19.316s][info][gc,cpu         ] GC(257) User=6.92s Sys=0.05s Real=0.91s
[19.898s][info][gc,start       ] GC(258) Pause Young (Allocation Failure)
[20.006s][info][gc,heap        ] GC(258) PSYoungGen: 33280K(147456K)->33440K(147456K) Eden: 33280K(33280K)->0K(33280K) From: 0K(114176K)->33440K(114176K)
[20.006s][info][gc,heap        ] GC(258) ParOldGen: 2958159K(3135488K)->2958159K(3135488K)
[20.006s][info][gc,metaspace   ] GC(258) Metaspace: 6302K(6528K)->6302K(6528K) NonClass: 5769K(5888K)->5769K(5888K) Class: 533K(640K)->533K(640K)
[20.006s][info][gc             ] GC(258) Pause Young (Allocation Failure) 2921M->2921M(3206M) 107.690ms
[20.006s][info][gc,cpu         ] GC(258) User=0.56s Sys=0.00s Real=0.11s
[20.042s][info][gc,start       ] GC(259) Pause Young (Allocation Failure)
[20.091s][info][gc,heap        ] GC(259) PSYoungGen: 66720K(147456K)->66784K(146432K) Eden: 33280K(33280K)->0K(36864K) From: 33440K(114176K)->66784K(109568K)
[20.091s][info][gc,heap        ] GC(259) ParOldGen: 2958159K(3135488K)->2958159K(3135488K)
[20.091s][info][gc,metaspace   ] GC(259) Metaspace: 6302K(6528K)->6302K(6528K) NonClass: 5769K(5888K)->5769K(5888K) Class: 533K(640K)->533K(640K)
[20.091s][info][gc             ] GC(259) Pause Young (Allocation Failure) 2953M->2954M(3205M) 48.957ms
[20.091s][info][gc,cpu         ] GC(259) User=0.27s Sys=0.00s Real=0.05s
[20.131s][info][gc,start       ] GC(260) Pause Young (Allocation Failure)
[20.196s][info][gc,heap        ] GC(260) PSYoungGen: 103648K(146432K)->70400K(147968K) Eden: 36864K(36864K)->0K(36864K) From: 66784K(109568K)->70400K(111104K)
[20.196s][info][gc,heap        ] GC(260) ParOldGen: 2958159K(3135488K)->2991743K(3135488K)
[20.196s][info][gc,metaspace   ] GC(260) Metaspace: 6302K(6528K)->6302K(6528K) NonClass: 5769K(5888K)->5769K(5888K) Class: 533K(640K)->533K(640K)
[20.196s][info][gc             ] GC(260) Pause Young (Allocation Failure) 2990M->2990M(3206M) 64.776ms
[20.196s][info][gc,cpu         ] GC(260) User=0.17s Sys=0.02s Real=0.06s
[20.231s][info][gc,start       ] GC(261) Pause Young (Allocation Failure)
[20.299s][info][gc,heap        ] GC(261) PSYoungGen: 107264K(147968K)->73952K(151552K) Eden: 36864K(36864K)->0K(40448K) From: 70400K(111104K)->73952K(111104K)
[20.299s][info][gc,heap        ] GC(261) ParOldGen: 2991743K(3135488K)->3025343K(3135488K)
[20.299s][info][gc,metaspace   ] GC(261) Metaspace: 6302K(6528K)->6302K(6528K) NonClass: 5769K(5888K)->5769K(5888K) Class: 533K(640K)->533K(640K)
[20.299s][info][gc             ] GC(261) Pause Young (Allocation Failure) 3026M->3026M(3210M) 67.986ms
[20.299s][info][gc,cpu         ] GC(261) User=0.19s Sys=0.00s Real=0.07s
[20.340s][info][gc,start       ] GC(262) Pause Young (Allocation Failure)
[20.406s][info][gc,heap        ] GC(262) PSYoungGen: 114400K(151552K)->77536K(152064K) Eden: 40448K(40448K)->0K(40448K) From: 73952K(111104K)->77536K(111616K)
[20.406s][info][gc,heap        ] GC(262) ParOldGen: 3025343K(3135488K)->3062551K(3135488K)
[20.406s][info][gc,metaspace   ] GC(262) Metaspace: 6302K(6528K)->6302K(6528K) NonClass: 5769K(5888K)->5769K(5888K) Class: 533K(640K)->533K(640K)
[20.406s][info][gc             ] GC(262) Pause Young (Allocation Failure) 3066M->3066M(3210M) 66.683ms
[20.406s][info][gc,cpu         ] GC(262) User=0.19s Sys=0.00s Real=0.07s
[20.446s][info][gc,start       ] GC(263) Pause Young (Allocation Failure)
[20.514s][info][gc,heap        ] GC(263) PSYoungGen: 117984K(152064K)->81152K(156160K) Eden: 40448K(40448K)->0K(43008K) From: 77536K(111616K)->81152K(113152K)
[20.514s][info][gc,heap        ] GC(263) ParOldGen: 3062551K(3135488K)->3099751K(3135488K)
[20.514s][info][gc,metaspace   ] GC(263) Metaspace: 6302K(6528K)->6302K(6528K) NonClass: 5769K(5888K)->5769K(5888K) Class: 533K(640K)->533K(640K)
[20.514s][info][gc             ] GC(263) Pause Young (Allocation Failure) 3105M->3106M(3214M) 68.682ms
[20.514s][info][gc,cpu         ] GC(263) User=0.19s Sys=0.00s Real=0.07s
[20.514s][info][gc,start       ] GC(264) Pause Full (Ergonomics)
[20.514s][info][gc,phases,start] GC(264) Marking Phase
[21.252s][info][gc,phases      ] GC(264) Marking Phase 737.842ms
[21.252s][info][gc,phases,start] GC(264) Summary Phase
[21.252s][info][gc,phases      ] GC(264) Summary Phase 0.104ms
[21.253s][info][gc,phases,start] GC(264) Adjust Roots
[21.253s][info][gc,phases      ] GC(264) Adjust Roots 0.227ms
[21.253s][info][gc,phases,start] GC(264) Compaction Phase
[21.755s][info][gc,phases      ] GC(264) Compaction Phase 502.427ms
[21.755s][info][gc,phases,start] GC(264) Post Compact
[21.762s][info][gc,phases      ] GC(264) Post Compact 6.383ms
[21.763s][info][gc,heap        ] GC(264) PSYoungGen: 81152K(156160K)->0K(158720K) Eden: 0K(43008K)->0K(43008K) From: 81152K(113152K)->0K(115712K)
[21.763s][info][gc,heap        ] GC(264) ParOldGen: 3099751K(3135488K)->3113623K(3443712K)
[21.763s][info][gc,metaspace   ] GC(264) Metaspace: 6302K(6528K)->6302K(6528K) NonClass: 5769K(5888K)->5769K(5888K) Class: 533K(640K)->533K(640K)
[21.763s][info][gc             ] GC(264) Pause Full (Ergonomics) 3106M->3040M(3518M) 1248.463ms
[21.763s][info][gc,cpu         ] GC(264) User=8.80s Sys=0.00s Real=1.25s
[21.810s][info][gc,start       ] GC(265) Pause Young (Allocation Failure)
[21.850s][info][gc,heap        ] GC(265) PSYoungGen: 43008K(158720K)->43168K(157696K) Eden: 43008K(43008K)->0K(47104K) From: 0K(115712K)->43168K(110592K)
[21.850s][info][gc,heap        ] GC(265) ParOldGen: 3113623K(3443712K)->3113623K(3443712K)
[21.850s][info][gc,metaspace   ] GC(265) Metaspace: 6302K(6528K)->6302K(6528K) NonClass: 5769K(5888K)->5769K(5888K) Class: 533K(640K)->533K(640K)
[21.850s][info][gc             ] GC(265) Pause Young (Allocation Failure) 3082M->3082M(3517M) 40.380ms
[21.851s][info][gc,cpu         ] GC(265) User=0.06s Sys=0.00s Real=0.04s
[21.903s][info][gc,start       ] GC(266) Pause Young (Allocation Failure)
[21.962s][info][gc,heap        ] GC(266) PSYoungGen: 90272K(157696K)->90368K(160768K) Eden: 47104K(47104K)->0K(47104K) From: 43168K(110592K)->90368K(113664K)
[21.962s][info][gc,heap        ] GC(266) ParOldGen: 3113623K(3443712K)->3113623K(3443712K)
[21.962s][info][gc,metaspace   ] GC(266) Metaspace: 6302K(6528K)->6302K(6528K) NonClass: 5769K(5888K)->5769K(5888K) Class: 533K(640K)->533K(640K)
[21.962s][info][gc             ] GC(266) Pause Young (Allocation Failure) 3128M->3128M(3520M) 59.238ms
[21.962s][info][gc,cpu         ] GC(266) User=0.28s Sys=0.00s Real=0.06s
[22.015s][info][gc,start       ] GC(267) Pause Young (Allocation Failure)
[22.088s][info][gc,heap        ] GC(267) PSYoungGen: 137472K(160768K)->119296K(149504K) Eden: 47104K(47104K)->0K(30208K) From: 90368K(113664K)->119296K(119296K)
[22.088s][info][gc,heap        ] GC(267) ParOldGen: 3113623K(3443712K)->3131895K(3443712K)
[22.088s][info][gc,metaspace   ] GC(267) Metaspace: 6302K(6528K)->6302K(6528K) NonClass: 5769K(5888K)->5769K(5888K) Class: 533K(640K)->533K(640K)
[22.088s][info][gc             ] GC(267) Pause Young (Allocation Failure) 3174M->3174M(3509M) 73.155ms
[22.088s][info][gc,cpu         ] GC(267) User=0.30s Sys=0.00s Real=0.07s
[22.120s][info][gc,start       ] GC(268) Pause Young (Allocation Failure)
[22.195s][info][gc,heap        ] GC(268) PSYoungGen: 149504K(149504K)->74880K(105472K) Eden: 30208K(30208K)->0K(30208K) From: 119296K(119296K)->74880K(75264K)
[22.195s][info][gc,heap        ] GC(268) ParOldGen: 3131895K(3443712K)->3207191K(3443712K)
[22.195s][info][gc,metaspace   ] GC(268) Metaspace: 6302K(6528K)->6302K(6528K) NonClass: 5769K(5888K)->5769K(5888K) Class: 533K(640K)->533K(640K)
[22.195s][info][gc             ] GC(268) Pause Young (Allocation Failure) 3204M->3205M(3466M) 75.002ms
[22.195s][info][gc,cpu         ] GC(268) User=0.47s Sys=0.02s Real=0.07s
[22.226s][info][gc,start       ] GC(269) Pause Young (Allocation Failure)
[22.291s][info][gc,heap        ] GC(269) PSYoungGen: 105088K(105472K)->60608K(160768K) Eden: 30208K(30208K)->0K(33792K) From: 74880K(75264K)->60608K(126976K)
[22.291s][info][gc,heap        ] GC(269) ParOldGen: 3207191K(3443712K)->3252087K(3443712K)
[22.291s][info][gc,metaspace   ] GC(269) Metaspace: 6302K(6528K)->6302K(6528K) NonClass: 5769K(5888K)->5769K(5888K) Class: 533K(640K)->533K(640K)
[22.291s][info][gc             ] GC(269) Pause Young (Allocation Failure) 3234M->3235M(3520M) 65.208ms
[22.291s][info][gc,cpu         ] GC(269) User=0.25s Sys=0.03s Real=0.07s
[22.328s][info][gc,start       ] GC(270) Pause Young (Allocation Failure)
[22.387s][info][gc,heap        ] GC(270) PSYoungGen: 94400K(160768K)->33920K(164864K) Eden: 33792K(33792K)->0K(33792K) From: 60608K(126976K)->33920K(131072K)
[22.388s][info][gc,heap        ] GC(270) ParOldGen: 3252087K(3443712K)->3313015K(3443712K)
[22.388s][info][gc,metaspace   ] GC(270) Metaspace: 6302K(6528K)->6302K(6528K) NonClass: 5769K(5888K)->5769K(5888K) Class: 533K(640K)->533K(640K)
[22.388s][info][gc             ] GC(270) Pause Young (Allocation Failure) 3268M->3268M(3524M) 60.016ms
[22.388s][info][gc,cpu         ] GC(270) User=0.17s Sys=0.02s Real=0.06s
[22.424s][info][gc,start       ] GC(271) Pause Young (Allocation Failure)
[22.483s][info][gc,heap        ] GC(271) PSYoungGen: 67712K(164864K)->33984K(168448K) Eden: 33792K(33792K)->0K(38400K) From: 33920K(131072K)->33984K(130048K)
[22.483s][info][gc,heap        ] GC(271) ParOldGen: 3313015K(3443712K)->3347127K(3443712K)
[22.483s][info][gc,metaspace   ] GC(271) Metaspace: 6302K(6528K)->6302K(6528K) NonClass: 5769K(5888K)->5769K(5888K) Class: 533K(640K)->533K(640K)
[22.483s][info][gc             ] GC(271) Pause Young (Allocation Failure) 3301M->3301M(3527M) 58.857ms
[22.483s][info][gc,cpu         ] GC(271) User=0.28s Sys=0.00s Real=0.06s
[22.528s][info][gc,start       ] GC(272) Pause Young (Allocation Failure)
[22.588s][info][gc,heap        ] GC(272) PSYoungGen: 72384K(168448K)->38560K(168960K) Eden: 38400K(38400K)->0K(38400K) From: 33984K(130048K)->38560K(130560K)
[22.588s][info][gc,heap        ] GC(272) ParOldGen: 3347127K(3443712K)->3381231K(3443712K)
[22.588s][info][gc,metaspace   ] GC(272) Metaspace: 6302K(6528K)->6302K(6528K) NonClass: 5769K(5888K)->5769K(5888K) Class: 533K(640K)->533K(640K)
[22.588s][info][gc             ] GC(272) Pause Young (Allocation Failure) 3339M->3339M(3528M) 60.814ms
[22.588s][info][gc,cpu         ] GC(272) User=0.16s Sys=0.00s Real=0.06s
[22.589s][info][gc,start       ] GC(273) Pause Full (Ergonomics)
[22.589s][info][gc,phases,start] GC(273) Marking Phase
[23.403s][info][gc,phases      ] GC(273) Marking Phase 814.608ms
[23.403s][info][gc,phases,start] GC(273) Summary Phase
[23.403s][info][gc,phases      ] GC(273) Summary Phase 0.078ms
[23.403s][info][gc,phases,start] GC(273) Adjust Roots
[23.404s][info][gc,phases      ] GC(273) Adjust Roots 0.187ms
[23.404s][info][gc,phases,start] GC(273) Compaction Phase
[23.738s][info][gc,phases      ] GC(273) Compaction Phase 334.365ms
[23.738s][info][gc,phases,start] GC(273) Post Compact
[23.744s][info][gc,phases      ] GC(273) Post Compact 6.245ms
[23.746s][info][gc,heap        ] GC(273) PSYoungGen: 38560K(168960K)->0K(171008K) Eden: 0K(38400K)->0K(43008K) From: 38560K(130560K)->0K(128000K)
[23.746s][info][gc,heap        ] GC(273) ParOldGen: 3381231K(3443712K)->3416997K(3786752K)
[23.746s][info][gc,metaspace   ] GC(273) Metaspace: 6302K(6528K)->6302K(6528K) NonClass: 5769K(5888K)->5769K(5888K) Class: 533K(640K)->533K(640K)
[23.746s][info][gc             ] GC(273) Pause Full (Ergonomics) 3339M->3336M(3865M) 1157.140ms
[23.746s][info][gc,cpu         ] GC(273) User=8.22s Sys=0.00s Real=1.16s
[23.795s][info][gc,start       ] GC(274) Pause Young (Allocation Failure)
[23.843s][info][gc,heap        ] GC(274) PSYoungGen: 43008K(171008K)->43168K(171008K) Eden: 43008K(43008K)->0K(43008K) From: 0K(128000K)->43168K(128000K)
[23.843s][info][gc,heap        ] GC(274) ParOldGen: 3416997K(3786752K)->3416997K(3786752K)
[23.843s][info][gc,metaspace   ] GC(274) Metaspace: 6302K(6528K)->6302K(6528K) NonClass: 5769K(5888K)->5769K(5888K) Class: 533K(640K)->533K(640K)
[23.843s][info][gc             ] GC(274) Pause Young (Allocation Failure) 3378M->3379M(3865M) 47.899ms
[23.843s][info][gc,cpu         ] GC(274) User=0.08s Sys=0.00s Real=0.05s
[23.884s][info][gc,start       ] GC(275) Pause Young (Allocation Failure)
[23.938s][info][gc,heap        ] GC(275) PSYoungGen: 86176K(171008K)->86272K(167936K) Eden: 43008K(43008K)->0K(43520K) From: 43168K(128000K)->86272K(124416K)
[23.938s][info][gc,heap        ] GC(275) ParOldGen: 3416997K(3786752K)->3416997K(3786752K)
[23.938s][info][gc,metaspace   ] GC(275) Metaspace: 6302K(6528K)->6302K(6528K) NonClass: 5769K(5888K)->5769K(5888K) Class: 533K(640K)->533K(640K)
[23.938s][info][gc             ] GC(275) Pause Young (Allocation Failure) 3421M->3421M(3862M) 54.560ms
[23.938s][info][gc,cpu         ] GC(275) User=0.17s Sys=0.00s Real=0.05s
[23.981s][info][gc,start       ] GC(276) Pause Young (Allocation Failure)
[24.049s][info][gc,heap        ] GC(276) PSYoungGen: 129792K(167936K)->128000K(171520K) Eden: 43520K(43520K)->0K(43520K) From: 86272K(124416K)->128000K(128000K)
[24.049s][info][gc,heap        ] GC(276) ParOldGen: 3416997K(3786752K)->3418781K(3786752K)
[24.049s][info][gc,metaspace   ] GC(276) Metaspace: 6302K(6528K)->6302K(6528K) NonClass: 5769K(5888K)->5769K(5888K) Class: 533K(640K)->533K(640K)
[24.049s][info][gc             ] GC(276) Pause Young (Allocation Failure) 3463M->3463M(3865M) 68.504ms
[24.049s][info][gc,cpu         ] GC(276) User=0.23s Sys=0.00s Real=0.07s
[24.098s][info][gc,start       ] GC(277) Pause Young (Allocation Failure)
[24.182s][info][gc,heap        ] GC(277) PSYoungGen: 171520K(171520K)->86976K(193536K) Eden: 43520K(43520K)->0K(48640K) From: 128000K(128000K)->86976K(144896K)
[24.182s][info][gc,heap        ] GC(277) ParOldGen: 3418781K(3786752K)->3504157K(3786752K)
[24.182s][info][gc,metaspace   ] GC(277) Metaspace: 6302K(6528K)->6302K(6528K) NonClass: 5769K(5888K)->5769K(5888K) Class: 533K(640K)->533K(640K)
[24.182s][info][gc             ] GC(277) Pause Young (Allocation Failure) 3506M->3506M(3887M) 84.045ms
[24.182s][info][gc,cpu         ] GC(277) User=0.67s Sys=0.06s Real=0.08s
[24.237s][info][gc,start       ] GC(278) Pause Young (Allocation Failure)
[24.309s][info][gc,heap        ] GC(278) PSYoungGen: 135616K(193536K)->92416K(194048K) Eden: 48640K(48640K)->0K(48640K) From: 86976K(144896K)->92416K(145408K)
[24.309s][info][gc,heap        ] GC(278) ParOldGen: 3504157K(3786752K)->3547765K(3786752K)
[24.309s][info][gc,metaspace   ] GC(278) Metaspace: 6302K(6528K)->6302K(6528K) NonClass: 5769K(5888K)->5769K(5888K) Class: 533K(640K)->533K(640K)
[24.309s][info][gc             ] GC(278) Pause Young (Allocation Failure) 3554M->3554M(3887M) 72.302ms
[24.309s][info][gc,cpu         ] GC(278) User=0.38s Sys=0.03s Real=0.07s
[24.366s][info][gc,start       ] GC(279) Pause Young (Allocation Failure)
[24.446s][info][gc,heap        ] GC(279) PSYoungGen: 141056K(194048K)->97568K(198144K) Eden: 48640K(48640K)->0K(52224K) From: 92416K(145408K)->97568K(145920K)
[24.446s][info][gc,heap        ] GC(279) ParOldGen: 3547765K(3786752K)->3591701K(3786752K)
[24.446s][info][gc,metaspace   ] GC(279) Metaspace: 6302K(6528K)->6302K(6528K) NonClass: 5769K(5888K)->5769K(5888K) Class: 533K(640K)->533K(640K)
[24.447s][info][gc             ] GC(279) Pause Young (Allocation Failure) 3602M->3602M(3891M) 80.704ms
[24.447s][info][gc,cpu         ] GC(279) User=0.42s Sys=0.02s Real=0.08s
[24.499s][info][gc,start       ] GC(280) Pause Young (Allocation Failure)
[24.577s][info][gc,heap        ] GC(280) PSYoungGen: 149792K(198144K)->101152K(200192K) Eden: 52224K(52224K)->0K(52224K) From: 97568K(145920K)->101152K(147968K)
[24.577s][info][gc,heap        ] GC(280) ParOldGen: 3591701K(3786752K)->3640797K(3786752K)
[24.577s][info][gc,metaspace   ] GC(280) Metaspace: 6302K(6528K)->6302K(6528K) NonClass: 5769K(5888K)->5769K(5888K) Class: 533K(640K)->533K(640K)
[24.577s][info][gc             ] GC(280) Pause Young (Allocation Failure) 3653M->3654M(3893M) 78.229ms
[24.577s][info][gc,cpu         ] GC(280) User=0.42s Sys=0.08s Real=0.08s
[24.630s][info][gc,start       ] GC(281) Pause Young (Allocation Failure)
[24.711s][info][gc,heap        ] GC(281) PSYoungGen: 153376K(200192K)->104736K(205312K) Eden: 52224K(52224K)->0K(55296K) From: 101152K(147968K)->104736K(150016K)
[24.711s][info][gc,heap        ] GC(281) ParOldGen: 3640797K(3786752K)->3689893K(3786752K)
[24.711s][info][gc,metaspace   ] GC(281) Metaspace: 6302K(6528K)->6302K(6528K) NonClass: 5769K(5888K)->5769K(5888K) Class: 533K(640K)->533K(640K)
[24.711s][info][gc             ] GC(281) Pause Young (Allocation Failure) 3705M->3705M(3898M) 81.126ms
[24.711s][info][gc,cpu         ] GC(281) User=0.50s Sys=0.00s Real=0.08s
[24.770s][info][gc,start       ] GC(282) Pause Young (Allocation Failure)
[24.855s][info][gc,heap        ] GC(282) PSYoungGen: 160032K(205312K)->107872K(208384K) Eden: 55296K(55296K)->0K(55296K) From: 104736K(150016K)->107872K(153088K)
[24.855s][info][gc,heap        ] GC(282) ParOldGen: 3689893K(3786752K)->3742589K(3786752K)
[24.855s][info][gc,metaspace   ] GC(282) Metaspace: 6302K(6528K)->6302K(6528K) NonClass: 5769K(5888K)->5769K(5888K) Class: 533K(640K)->533K(640K)
[24.855s][info][gc             ] GC(282) Pause Young (Allocation Failure) 3759M->3760M(3901M) 85.175ms
[24.855s][info][gc,cpu         ] GC(282) User=0.39s Sys=0.05s Real=0.09s
[24.855s][info][gc,start       ] GC(283) Pause Full (Ergonomics)
[24.855s][info][gc,phases,start] GC(283) Marking Phase
[25.793s][info][gc,phases      ] GC(283) Marking Phase 937.413ms
[25.793s][info][gc,phases,start] GC(283) Summary Phase
[25.793s][info][gc,phases      ] GC(283) Summary Phase 0.052ms
[25.793s][info][gc,phases,start] GC(283) Adjust Roots
[25.793s][info][gc,phases      ] GC(283) Adjust Roots 0.186ms
[25.793s][info][gc,phases,start] GC(283) Compaction Phase
[26.643s][info][gc,phases      ] GC(283) Compaction Phase 850.226ms
[26.644s][info][gc,phases,start] GC(283) Post Compact
[26.651s][info][gc,phases      ] GC(283) Post Compact 7.335ms
[26.652s][info][gc,heap        ] GC(283) PSYoungGen: 107872K(208384K)->60437K(208384K) Eden: 0K(55296K)->0K(55296K) From: 107872K(153088K)->60437K(153088K)
[26.652s][info][gc,heap        ] GC(283) ParOldGen: 3742589K(3786752K)->3786360K(4203008K)
[26.652s][info][gc,metaspace   ] GC(283) Metaspace: 6302K(6528K)->6302K(6528K) NonClass: 5769K(5888K)->5769K(5888K) Class: 533K(640K)->533K(640K)
[26.652s][info][gc             ] GC(283) Pause Full (Ergonomics) 3760M->3756M(4308M) 1796.872ms
[26.652s][info][gc,cpu         ] GC(283) User=12.64s Sys=0.09s Real=1.80s
[26.718s][info][gc,start       ] GC(284) Pause Young (Allocation Failure)
[26.928s][info][gc,heap        ] GC(284) PSYoungGen: 115733K(208384K)->87936K(205312K) Eden: 55296K(55296K)->0K(60928K) From: 60437K(153088K)->87936K(144384K)
[26.928s][info][gc,heap        ] GC(284) ParOldGen: 3786360K(4203008K)->3814760K(4203008K)
[26.928s][info][gc,metaspace   ] GC(284) Metaspace: 6302K(6528K)->6302K(6528K) NonClass: 5769K(5888K)->5769K(5888K) Class: 533K(640K)->533K(640K)
[26.928s][info][gc             ] GC(284) Pause Young (Allocation Failure) 3810M->3811M(4305M) 209.867ms
[26.928s][info][gc,cpu         ] GC(284) User=1.50s Sys=0.00s Real=0.21s
[26.991s][info][gc,start       ] GC(285) Pause Young (Allocation Failure)
[27.070s][info][gc,heap        ] GC(285) PSYoungGen: 148864K(205312K)->148928K(211456K) Eden: 60928K(60928K)->0K(60928K) From: 87936K(144384K)->148928K(150528K)
[27.070s][info][gc,heap        ] GC(285) ParOldGen: 3814760K(4203008K)->3814760K(4203008K)
[27.070s][info][gc,metaspace   ] GC(285) Metaspace: 6302K(6528K)->6302K(6528K) NonClass: 5769K(5888K)->5769K(5888K) Class: 533K(640K)->533K(640K)
[27.070s][info][gc             ] GC(285) Pause Young (Allocation Failure) 3870M->3870M(4311M) 79.310ms
[27.070s][info][gc,cpu         ] GC(285) User=0.50s Sys=0.00s Real=0.08s
[27.133s][info][gc,start       ] GC(286) Pause Young (Allocation Failure)
[27.248s][info][gc,heap        ] GC(286) PSYoungGen: 209856K(211456K)->167936K(198656K) Eden: 60928K(60928K)->0K(30720K) From: 148928K(150528K)->167936K(167936K)
[27.248s][info][gc,heap        ] GC(286) ParOldGen: 3814760K(4203008K)->3857000K(4203008K)
[27.248s][info][gc,metaspace   ] GC(286) Metaspace: 6302K(6528K)->6302K(6528K) NonClass: 5769K(5888K)->5769K(5888K) Class: 533K(640K)->533K(640K)
[27.248s][info][gc             ] GC(286) Pause Young (Allocation Failure) 3930M->3930M(4298M) 115.431ms
[27.248s][info][gc,cpu         ] GC(286) User=0.64s Sys=0.12s Real=0.12s
[27.282s][info][gc,start       ] GC(287) Pause Young (Allocation Failure)
[27.384s][info][gc,heap        ] GC(287) PSYoungGen: 198656K(198656K)->128192K(235008K) Eden: 30720K(30720K)->0K(30720K) From: 167936K(167936K)->128192K(204288K)
[27.384s][info][gc,heap        ] GC(287) ParOldGen: 3857000K(4203008K)->3928152K(4203008K)
[27.384s][info][gc,metaspace   ] GC(287) Metaspace: 6302K(6528K)->6302K(6528K) NonClass: 5769K(5888K)->5769K(5888K) Class: 533K(640K)->533K(640K)
[27.385s][info][gc             ] GC(287) Pause Young (Allocation Failure) 3960M->3961M(4334M) 102.291ms
[27.385s][info][gc,cpu         ] GC(287) User=0.69s Sys=0.08s Real=0.10s
[27.419s][info][gc,start       ] GC(288) Pause Young (Allocation Failure)
[27.505s][info][gc,heap        ] GC(288) PSYoungGen: 158912K(235008K)->112576K(224768K) Eden: 30720K(30720K)->0K(34816K) From: 128192K(204288K)->112576K(189952K)
[27.505s][info][gc,heap        ] GC(288) ParOldGen: 3928152K(4203008K)->3974880K(4203008K)
[27.505s][info][gc,metaspace   ] GC(288) Metaspace: 6302K(6528K)->6302K(6528K) NonClass: 5769K(5888K)->5769K(5888K) Class: 533K(640K)->533K(640K)
[27.505s][info][gc             ] GC(288) Pause Young (Allocation Failure) 3991M->3991M(4324M) 85.499ms
[27.505s][info][gc,cpu         ] GC(288) User=0.52s Sys=0.05s Real=0.09s
[27.551s][info][gc,start       ] GC(289) Pause Young (Allocation Failure)
[27.630s][info][gc,heap        ] GC(289) PSYoungGen: 147392K(224768K)->96480K(131584K) Eden: 34816K(34816K)->0K(34816K) From: 112576K(189952K)->96480K(96768K)
[27.630s][info][gc,heap        ] GC(289) ParOldGen: 3974880K(4203008K)->4026168K(4203008K)
[27.630s][info][gc,metaspace   ] GC(289) Metaspace: 6302K(6528K)->6302K(6528K) NonClass: 5769K(5888K)->5769K(5888K) Class: 533K(640K)->533K(640K)
[27.630s][info][gc             ] GC(289) Pause Young (Allocation Failure) 4025M->4026M(4233M) 79.430ms
[27.630s][info][gc,cpu         ] GC(289) User=0.59s Sys=0.03s Real=0.08s
[27.665s][info][gc,start       ] GC(290) Pause Young (Allocation Failure)
[27.743s][info][gc,heap        ] GC(290) PSYoungGen: 131296K(131584K)->69824K(223744K) Eden: 34816K(34816K)->0K(39424K) From: 96480K(96768K)->69824K(184320K)
[27.743s][info][gc,heap        ] GC(290) ParOldGen: 4026168K(4203008K)->4088120K(4203008K)
[27.743s][info][gc,metaspace   ] GC(290) Metaspace: 6302K(6528K)->6302K(6528K) NonClass: 5769K(5888K)->5769K(5888K) Class: 533K(640K)->533K(640K)
[27.743s][info][gc             ] GC(290) Pause Young (Allocation Failure) 4060M->4060M(4323M) 78.384ms
[27.743s][info][gc,cpu         ] GC(290) User=0.39s Sys=0.00s Real=0.08s
[27.783s][info][gc,start       ] GC(291) Pause Young (Allocation Failure)
[27.852s][info][gc,heap        ] GC(291) PSYoungGen: 109248K(223744K)->39616K(226304K) Eden: 39424K(39424K)->0K(39424K) From: 69824K(184320K)->39616K(186880K)
[27.852s][info][gc,heap        ] GC(291) ParOldGen: 4088120K(4203008K)->4158352K(4203008K)
[27.852s][info][gc,metaspace   ] GC(291) Metaspace: 6302K(6528K)->6302K(6528K) NonClass: 5769K(5888K)->5769K(5888K) Class: 533K(640K)->533K(640K)
[27.852s][info][gc             ] GC(291) Pause Young (Allocation Failure) 4098M->4099M(4325M) 69.429ms
[27.852s][info][gc,cpu         ] GC(291) User=0.30s Sys=0.02s Real=0.07s
[27.852s][info][gc,start       ] GC(292) Pause Full (Ergonomics)
[27.852s][info][gc,phases,start] GC(292) Marking Phase
[28.832s][info][gc,phases      ] GC(292) Marking Phase 979.561ms
[28.832s][info][gc,phases,start] GC(292) Summary Phase
[28.832s][info][gc,phases      ] GC(292) Summary Phase 0.068ms
[28.832s][info][gc,phases,start] GC(292) Adjust Roots
[28.832s][info][gc,phases      ] GC(292) Adjust Roots 0.177ms
[28.832s][info][gc,phases,start] GC(292) Compaction Phase
[29.192s][info][gc,phases      ] GC(292) Compaction Phase 359.864ms
[29.192s][info][gc,phases,start] GC(292) Post Compact
[29.198s][info][gc,phases      ] GC(292) Post Compact 6.170ms
[29.200s][info][gc,heap        ] GC(292) PSYoungGen: 39616K(226304K)->0K(233984K) Eden: 0K(39424K)->0K(45056K) From: 39616K(186880K)->0K(188928K)
[29.200s][info][gc,heap        ] GC(292) ParOldGen: 4158352K(4203008K)->4194186K(4656128K)
[29.200s][info][gc,metaspace   ] GC(292) Metaspace: 6302K(6528K)->6302K(6528K) NonClass: 5769K(5888K)->5769K(5888K) Class: 533K(640K)->533K(640K)
[29.200s][info][gc             ] GC(292) Pause Full (Ergonomics) 4099M->4095M(4775M) 1347.516ms
[29.200s][info][gc,cpu         ] GC(292) User=9.88s Sys=0.08s Real=1.35s
[29.248s][info][gc,start       ] GC(293) Pause Young (Allocation Failure)
[29.293s][info][gc,heap        ] GC(293) PSYoungGen: 45056K(233984K)->45280K(233984K) Eden: 45056K(45056K)->0K(45056K) From: 0K(188928K)->45280K(188928K)
[29.293s][info][gc,heap        ] GC(293) ParOldGen: 4194186K(4656128K)->4194186K(4656128K)
[29.293s][info][gc,metaspace   ] GC(293) Metaspace: 6302K(6528K)->6302K(6528K) NonClass: 5769K(5888K)->5769K(5888K) Class: 533K(640K)->533K(640K)
[29.293s][info][gc             ] GC(293) Pause Young (Allocation Failure) 4139M->4140M(4775M) 45.149ms
[29.293s][info][gc,cpu         ] GC(293) User=0.08s Sys=0.00s Real=0.05s
[29.346s][info][gc,start       ] GC(294) Pause Young (Allocation Failure)
[29.409s][info][gc,heap        ] GC(294) PSYoungGen: 90336K(233984K)->90400K(218112K) Eden: 45056K(45056K)->0K(49664K) From: 45280K(188928K)->90400K(168448K)
[29.409s][info][gc,heap        ] GC(294) ParOldGen: 4194186K(4656128K)->4194186K(4656128K)
[29.409s][info][gc,metaspace   ] GC(294) Metaspace: 6302K(6528K)->6302K(6528K) NonClass: 5769K(5888K)->5769K(5888K) Class: 533K(640K)->533K(640K)
[29.409s][info][gc             ] GC(294) Pause Young (Allocation Failure) 4184M->4184M(4760M) 63.343ms
[29.409s][info][gc,cpu         ] GC(294) User=0.20s Sys=0.00s Real=0.06s
[29.473s][info][gc,start       ] GC(295) Pause Young (Allocation Failure)
[29.560s][info][gc,heap        ] GC(295) PSYoungGen: 140064K(218112K)->140128K(227840K) Eden: 49664K(49664K)->0K(49664K) From: 90400K(168448K)->140128K(178176K)
[29.560s][info][gc,heap        ] GC(295) ParOldGen: 4194186K(4656128K)->4194186K(4656128K)
[29.560s][info][gc,metaspace   ] GC(295) Metaspace: 6302K(6528K)->6302K(6528K) NonClass: 5769K(5888K)->5769K(5888K) Class: 533K(640K)->533K(640K)
[29.560s][info][gc             ] GC(295) Pause Young (Allocation Failure) 4232M->4232M(4769M) 87.045ms
[29.560s][info][gc,cpu         ] GC(295) User=0.42s Sys=0.00s Real=0.09s
[29.616s][info][gc,start       ] GC(296) Pause Young (Allocation Failure)
[29.714s][info][gc,heap        ] GC(296) PSYoungGen: 189792K(227840K)->144736K(233984K) Eden: 49664K(49664K)->0K(46080K) From: 140128K(178176K)->144736K(187904K)
[29.714s][info][gc,heap        ] GC(296) ParOldGen: 4194186K(4656128K)->4239634K(4656128K)
[29.714s][info][gc,metaspace   ] GC(296) Metaspace: 6302K(6528K)->6302K(6528K) NonClass: 5769K(5888K)->5769K(5888K) Class: 533K(640K)->533K(640K)
[29.714s][info][gc             ] GC(296) Pause Young (Allocation Failure) 4281M->4281M(4775M) 98.324ms
[29.714s][info][gc,cpu         ] GC(296) User=0.53s Sys=0.02s Real=0.10s
[29.767s][info][gc,start       ] GC(297) Pause Young (Allocation Failure)
[29.863s][info][gc,heap        ] GC(297) PSYoungGen: 190816K(233984K)->145760K(243200K) Eden: 46080K(46080K)->0K(46080K) From: 144736K(187904K)->145760K(197120K)
[29.863s][info][gc,heap        ] GC(297) ParOldGen: 4239634K(4656128K)->4285098K(4656128K)
[29.863s][info][gc,metaspace   ] GC(297) Metaspace: 6302K(6528K)->6302K(6528K) NonClass: 5769K(5888K)->5769K(5888K) Class: 533K(640K)->533K(640K)
[29.863s][info][gc             ] GC(297) Pause Young (Allocation Failure) 4326M->4327M(4784M) 95.933ms
[29.863s][info][gc,cpu         ] GC(297) User=0.56s Sys=0.00s Real=0.10s
[29.911s][info][gc,start       ] GC(298) Pause Young (Allocation Failure)
[30.010s][info][gc,heap        ] GC(298) PSYoungGen: 191840K(243200K)->142176K(251904K) Eden: 46080K(46080K)->0K(47616K) From: 145760K(197120K)->142176K(204288K)
[30.010s][info][gc,heap        ] GC(298) ParOldGen: 4285098K(4656128K)->4335210K(4656128K)
[30.010s][info][gc,metaspace   ] GC(298) Metaspace: 6302K(6528K)->6302K(6528K) NonClass: 5769K(5888K)->5769K(5888K) Class: 533K(640K)->533K(640K)
[30.010s][info][gc             ] GC(298) Pause Young (Allocation Failure) 4372M->4372M(4793M) 98.852ms
[30.010s][info][gc,cpu         ] GC(298) User=0.59s Sys=0.05s Real=0.10s
[30.061s][info][gc,start       ] GC(299) Pause Young (Allocation Failure)
[30.155s][info][gc,heap        ] GC(299) PSYoungGen: 189792K(251904K)->140128K(256000K) Eden: 47616K(47616K)->0K(47616K) From: 142176K(204288K)->140128K(208384K)
[30.155s][info][gc,heap        ] GC(299) ParOldGen: 4335210K(4656128K)->4385330K(4656128K)
[30.155s][info][gc,metaspace   ] GC(299) Metaspace: 6302K(6528K)->6302K(6528K) NonClass: 5769K(5888K)->5769K(5888K) Class: 533K(640K)->533K(640K)
[30.155s][info][gc             ] GC(299) Pause Young (Allocation Failure) 4418M->4419M(4797M) 93.724ms
[30.155s][info][gc,cpu         ] GC(299) User=0.61s Sys=0.02s Real=0.09s
[30.218s][info][gc,start       ] GC(300) Pause Young (Allocation Failure)
[30.317s][info][gc,heap        ] GC(300) PSYoungGen: 187744K(256000K)->95456K(249344K) Eden: 47616K(47616K)->0K(53760K) From: 140128K(208384K)->95456K(195584K)
[30.317s][info][gc,heap        ] GC(300) ParOldGen: 4385330K(4656128K)->4478298K(4656128K)
[30.317s][info][gc,metaspace   ] GC(300) Metaspace: 6302K(6528K)->6302K(6528K) NonClass: 5769K(5888K)->5769K(5888K) Class: 533K(640K)->533K(640K)
[30.317s][info][gc             ] GC(300) Pause Young (Allocation Failure) 4465M->4466M(4790M) 98.892ms
[30.317s][info][gc,cpu         ] GC(300) User=0.66s Sys=0.00s Real=0.10s
[30.377s][info][gc,start       ] GC(301) Pause Young (Allocation Failure)
[30.462s][info][gc,heap        ] GC(301) PSYoungGen: 149216K(249344K)->53984K(256512K) Eden: 53760K(53760K)->0K(53760K) From: 95456K(195584K)->53984K(202752K)
[30.462s][info][gc,heap        ] GC(301) ParOldGen: 4478298K(4656128K)->4574362K(4656128K)
[30.462s][info][gc,metaspace   ] GC(301) Metaspace: 6302K(6528K)->6302K(6528K) NonClass: 5769K(5888K)->5769K(5888K) Class: 533K(640K)->533K(640K)
[30.462s][info][gc             ] GC(301) Pause Young (Allocation Failure) 4519M->4519M(4797M) 84.520ms
[30.462s][info][gc,cpu         ] GC(301) User=0.48s Sys=0.03s Real=0.09s
[30.462s][info][gc,start       ] GC(302) Pause Full (Ergonomics)
[30.462s][info][gc,phases,start] GC(302) Marking Phase
[31.522s][info][gc,phases      ] GC(302) Marking Phase 1060.638ms
[31.523s][info][gc,phases,start] GC(302) Summary Phase
[31.523s][info][gc,phases      ] GC(302) Summary Phase 0.118ms
[31.523s][info][gc,phases,start] GC(302) Adjust Roots
[31.523s][info][gc,phases      ] GC(302) Adjust Roots 0.217ms
[31.523s][info][gc,phases,start] GC(302) Compaction Phase
[31.887s][info][gc,phases      ] GC(302) Compaction Phase 363.629ms
[31.887s][info][gc,phases,start] GC(302) Post Compact
[31.894s][info][gc,phases      ] GC(302) Post Compact 6.863ms
[31.895s][info][gc,heap        ] GC(302) PSYoungGen: 53984K(256512K)->0K(263680K) Eden: 0K(53760K)->0K(60416K) From: 53984K(202752K)->0K(203264K)
[31.895s][info][gc,heap        ] GC(302) ParOldGen: 4574362K(4656128K)->4624500K(5144576K)
[31.895s][info][gc,metaspace   ] GC(302) Metaspace: 6302K(6528K)->6302K(6528K) NonClass: 5769K(5888K)->5769K(5888K) Class: 533K(640K)->533K(640K)
[31.895s][info][gc             ] GC(302) Pause Full (Ergonomics) 4519M->4516M(5281M) 1433.369ms
[31.895s][info][gc,cpu         ] GC(302) User=10.80s Sys=0.05s Real=1.43s
[31.965s][info][gc,start       ] GC(303) Pause Young (Allocation Failure)
[32.022s][info][gc,heap        ] GC(303) PSYoungGen: 60416K(263680K)->60608K(263680K) Eden: 60416K(60416K)->0K(60416K) From: 0K(203264K)->60608K(203264K)
[32.022s][info][gc,heap        ] GC(303) ParOldGen: 4624500K(5144576K)->4624500K(5144576K)
[32.022s][info][gc,metaspace   ] GC(303) Metaspace: 6302K(6528K)->6302K(6528K) NonClass: 5769K(5888K)->5769K(5888K) Class: 533K(640K)->533K(640K)
[32.022s][info][gc             ] GC(303) Pause Young (Allocation Failure) 4575M->4575M(5281M) 56.817ms
[32.022s][info][gc,cpu         ] GC(303) User=0.16s Sys=0.00s Real=0.06s
[32.088s][info][gc,start       ] GC(304) Pause Young (Allocation Failure)
[32.158s][info][gc,heap        ] GC(304) PSYoungGen: 121024K(263680K)->121216K(263168K) Eden: 60416K(60416K)->0K(66560K) From: 60608K(203264K)->121216K(196608K)
[32.158s][info][gc,heap        ] GC(304) ParOldGen: 4624500K(5144576K)->4624500K(5144576K)
[32.158s][info][gc,metaspace   ] GC(304) Metaspace: 6302K(6528K)->6302K(6528K) NonClass: 5769K(5888K)->5769K(5888K) Class: 533K(640K)->533K(640K)
[32.158s][info][gc             ] GC(304) Pause Young (Allocation Failure) 4634M->4634M(5281M) 70.378ms
[32.158s][info][gc,cpu         ] GC(304) User=0.30s Sys=0.00s Real=0.07s
[32.243s][info][gc,start       ] GC(305) Pause Young (Allocation Failure)
[32.337s][info][gc,heap        ] GC(305) PSYoungGen: 187776K(263168K)->187808K(265216K) Eden: 66560K(66560K)->0K(66560K) From: 121216K(196608K)->187808K(198656K)
[32.338s][info][gc,heap        ] GC(305) ParOldGen: 4624500K(5144576K)->4624500K(5144576K)
[32.338s][info][gc,metaspace   ] GC(305) Metaspace: 6302K(6528K)->6302K(6528K) NonClass: 5769K(5888K)->5769K(5888K) Class: 533K(640K)->533K(640K)
[32.338s][info][gc             ] GC(305) Pause Young (Allocation Failure) 4699M->4699M(5283M) 94.075ms
[32.338s][info][gc,cpu         ] GC(305) User=0.62s Sys=0.00s Real=0.09s
[32.407s][info][gc,start       ] GC(306) Pause Young (Allocation Failure)
[32.544s][info][gc,heap        ] GC(306) PSYoungGen: 254368K(265216K)->220672K(251392K) Eden: 66560K(66560K)->0K(30720K) From: 187808K(198656K)->220672K(220672K)
[32.545s][info][gc,heap        ] GC(306) ParOldGen: 4624500K(5144576K)->4658468K(5144576K)
[32.545s][info][gc,metaspace   ] GC(306) Metaspace: 6302K(6528K)->6302K(6528K) NonClass: 5769K(5888K)->5769K(5888K) Class: 533K(640K)->533K(640K)
[32.545s][info][gc             ] GC(306) Pause Young (Allocation Failure) 4764M->4764M(5269M) 137.131ms
[32.545s][info][gc,cpu         ] GC(306) User=1.00s Sys=0.05s Real=0.14s
[32.576s][info][gc,start       ] GC(307) Pause Young (Allocation Failure)
[32.720s][info][gc,heap        ] GC(307) PSYoungGen: 251392K(251392K)->148704K(179712K) Eden: 30720K(30720K)->0K(30720K) From: 220672K(220672K)->148704K(148992K)
[32.720s][info][gc,heap        ] GC(307) ParOldGen: 4658468K(5144576K)->4762076K(5144576K)
[32.720s][info][gc,metaspace   ] GC(307) Metaspace: 6302K(6528K)->6302K(6528K) NonClass: 5769K(5888K)->5769K(5888K) Class: 533K(640K)->533K(640K)
[32.720s][info][gc             ] GC(307) Pause Young (Allocation Failure) 4794M->4795M(5199M) 143.528ms
[32.720s][info][gc,cpu         ] GC(307) User=0.98s Sys=0.03s Real=0.14s
[32.753s][info][gc,start       ] GC(308) Pause Young (Allocation Failure)
[32.859s][info][gc,heap        ] GC(308) PSYoungGen: 179424K(179712K)->61632K(288768K) Eden: 30720K(30720K)->0K(34816K) From: 148704K(148992K)->61632K(253952K)
[32.859s][info][gc,heap        ] GC(308) ParOldGen: 4762076K(5144576K)->4880732K(5144576K)
[32.859s][info][gc,metaspace   ] GC(308) Metaspace: 6302K(6528K)->6302K(6528K) NonClass: 5769K(5888K)->5769K(5888K) Class: 533K(640K)->533K(640K)
[32.859s][info][gc             ] GC(308) Pause Young (Allocation Failure) 4825M->4826M(5306M) 105.647ms
[32.859s][info][gc,cpu         ] GC(308) User=0.70s Sys=0.17s Real=0.11s
[32.896s][info][gc,start       ] GC(309) Pause Young (Allocation Failure)
[32.959s][info][gc,heap        ] GC(309) PSYoungGen: 96448K(288768K)->34976K(290816K) Eden: 34816K(34816K)->0K(34816K) From: 61632K(253952K)->34976K(256000K)
[32.959s][info][gc,heap        ] GC(309) ParOldGen: 4880732K(5144576K)->4942700K(5144576K)
[32.959s][info][gc,metaspace   ] GC(309) Metaspace: 6302K(6528K)->6302K(6528K) NonClass: 5769K(5888K)->5769K(5888K) Class: 533K(640K)->533K(640K)
[32.959s][info][gc             ] GC(309) Pause Young (Allocation Failure) 4860M->4861M(5308M) 62.550ms
[32.959s][info][gc,cpu         ] GC(309) User=0.31s Sys=0.06s Real=0.06s
[33.001s][info][gc,start       ] GC(310) Pause Young (Allocation Failure)
[33.053s][info][gc,heap        ] GC(310) PSYoungGen: 69792K(290816K)->34976K(294400K) Eden: 34816K(34816K)->0K(39424K) From: 34976K(256000K)->34976K(254976K)
[33.053s][info][gc,heap        ] GC(310) ParOldGen: 4942700K(5144576K)->4977836K(5144576K)
[33.053s][info][gc,metaspace   ] GC(310) Metaspace: 6302K(6528K)->6302K(6528K) NonClass: 5769K(5888K)->5769K(5888K) Class: 533K(640K)->533K(640K)
[33.053s][info][gc             ] GC(310) Pause Young (Allocation Failure) 4895M->4895M(5311M) 52.783ms
[33.053s][info][gc,cpu         ] GC(310) User=0.25s Sys=0.02s Real=0.05s
[33.102s][info][gc,start       ] GC(311) Pause Young (Allocation Failure)
[33.161s][info][gc,heap        ] GC(311) PSYoungGen: 74400K(294400K)->39584K(295424K) Eden: 39424K(39424K)->0K(39424K) From: 34976K(254976K)->39584K(256000K)
[33.161s][info][gc,heap        ] GC(311) ParOldGen: 4977836K(5144576K)->5012956K(5144576K)
[33.161s][info][gc,metaspace   ] GC(311) Metaspace: 6302K(6528K)->6302K(6528K) NonClass: 5769K(5888K)->5769K(5888K) Class: 533K(640K)->533K(640K)
[33.161s][info][gc             ] GC(311) Pause Young (Allocation Failure) 4933M->4934M(5312M) 58.339ms
[33.161s][info][gc,cpu         ] GC(311) User=0.17s Sys=0.00s Real=0.06s
[33.204s][info][gc,start       ] GC(312) Pause Young (Allocation Failure)
[33.265s][info][gc,heap        ] GC(312) PSYoungGen: 79008K(295424K)->39616K(285184K) Eden: 39424K(39424K)->0K(44544K) From: 39584K(256000K)->39616K(240640K)
[33.265s][info][gc,heap        ] GC(312) ParOldGen: 5012956K(5144576K)->5052724K(5144576K)
[33.265s][info][gc,metaspace   ] GC(312) Metaspace: 6302K(6528K)->6302K(6528K) NonClass: 5769K(5888K)->5769K(5888K) Class: 533K(640K)->533K(640K)
[33.265s][info][gc             ] GC(312) Pause Young (Allocation Failure) 4972M->4972M(5302M) 60.439ms
[33.265s][info][gc,cpu         ] GC(312) User=0.19s Sys=0.00s Real=0.06s
[33.265s][info][gc,start       ] GC(313) Pause Full (Ergonomics)
[33.265s][info][gc,phases,start] GC(313) Marking Phase
[34.424s][info][gc,phases      ] GC(313) Marking Phase 1159.123ms
[34.424s][info][gc,phases,start] GC(313) Summary Phase
[34.424s][info][gc,phases      ] GC(313) Summary Phase 0.121ms
[34.424s][info][gc,phases,start] GC(313) Adjust Roots
[34.424s][info][gc,phases      ] GC(313) Adjust Roots 0.232ms
[34.424s][info][gc,phases,start] GC(313) Compaction Phase
[34.830s][info][gc,phases      ] GC(313) Compaction Phase 405.541ms
[34.830s][info][gc,phases,start] GC(313) Post Compact
[34.838s][info][gc,phases      ] GC(313) Post Compact 7.790ms
[34.840s][info][gc,heap        ] GC(313) PSYoungGen: 39616K(285184K)->0K(290816K) Eden: 0K(44544K)->0K(44544K) From: 39616K(240640K)->0K(246272K)
[34.840s][info][gc,heap        ] GC(313) ParOldGen: 5052724K(5144576K)->5088052K(5653504K)
[34.840s][info][gc,metaspace   ] GC(313) Metaspace: 6302K(6528K)->6302K(6528K) NonClass: 5769K(5888K)->5769K(5888K) Class: 533K(640K)->533K(640K)
[34.840s][info][gc             ] GC(313) Pause Full (Ergonomics) 4972M->4968M(5805M) 1574.839ms
[34.840s][info][gc,cpu         ] GC(313) User=11.95s Sys=0.02s Real=1.58s
[34.890s][info][gc,start       ] GC(314) Pause Young (Allocation Failure)
[34.937s][info][gc,heap        ] GC(314) PSYoungGen: 44544K(290816K)->44736K(280064K) Eden: 44544K(44544K)->0K(49152K) From: 0K(246272K)->44736K(230912K)
[34.938s][info][gc,heap        ] GC(314) ParOldGen: 5088052K(5653504K)->5088052K(5653504K)
[34.938s][info][gc,metaspace   ] GC(314) Metaspace: 6302K(6528K)->6302K(6528K) NonClass: 5769K(5888K)->5769K(5888K) Class: 533K(640K)->533K(640K)
[34.938s][info][gc             ] GC(314) Pause Young (Allocation Failure) 5012M->5012M(5794M) 47.737ms
[34.938s][info][gc,cpu         ] GC(314) User=0.14s Sys=0.00s Real=0.05s
[34.994s][info][gc,start       ] GC(315) Pause Young (Allocation Failure)
[35.062s][info][gc,heap        ] GC(315) PSYoungGen: 93888K(280064K)->93952K(143360K) Eden: 49152K(49152K)->0K(49152K) From: 44736K(230912K)->93952K(94208K)
[35.062s][info][gc,heap        ] GC(315) ParOldGen: 5088052K(5653504K)->5088052K(5653504K)
[35.062s][info][gc,metaspace   ] GC(315) Metaspace: 6302K(6528K)->6302K(6528K) NonClass: 5769K(5888K)->5769K(5888K) Class: 533K(640K)->533K(640K)
[35.062s][info][gc             ] GC(315) Pause Young (Allocation Failure) 5060M->5060M(5661M) 68.399ms
[35.062s][info][gc,cpu         ] GC(315) User=0.27s Sys=0.00s Real=0.07s
[35.117s][info][gc,start       ] GC(316) Pause Young (Allocation Failure)
[35.197s][info][gc,heap        ] GC(316) PSYoungGen: 143104K(143360K)->143200K(273920K) Eden: 49152K(49152K)->0K(47616K) From: 93952K(94208K)->143200K(226304K)
[35.197s][info][gc,heap        ] GC(316) ParOldGen: 5088052K(5653504K)->5088052K(5653504K)
[35.197s][info][gc,metaspace   ] GC(316) Metaspace: 6302K(6528K)->6302K(6528K) NonClass: 5769K(5888K)->5769K(5888K) Class: 533K(640K)->533K(640K)
[35.197s][info][gc             ] GC(316) Pause Young (Allocation Failure) 5108M->5108M(5788M) 80.155ms
[35.197s][info][gc,cpu         ] GC(316) User=0.39s Sys=0.00s Real=0.08s
[35.254s][info][gc,start       ] GC(317) Pause Young (Allocation Failure)
[35.355s][info][gc,heap        ] GC(317) PSYoungGen: 190816K(273920K)->146304K(280576K) Eden: 47616K(47616K)->0K(47616K) From: 143200K(226304K)->146304K(232960K)
[35.355s][info][gc,heap        ] GC(317) ParOldGen: 5088052K(5653504K)->5132996K(5653504K)
[35.355s][info][gc,metaspace   ] GC(317) Metaspace: 6302K(6528K)->6302K(6528K) NonClass: 5769K(5888K)->5769K(5888K) Class: 533K(640K)->533K(640K)
[35.355s][info][gc             ] GC(317) Pause Young (Allocation Failure) 5155M->5155M(5795M) 100.838ms
[35.355s][info][gc,cpu         ] GC(317) User=0.62s Sys=0.02s Real=0.10s
[35.410s][info][gc,start       ] GC(318) Pause Young (Allocation Failure)
[35.512s][info][gc,heap        ] GC(318) PSYoungGen: 193920K(280576K)->144736K(288768K) Eden: 47616K(47616K)->0K(50176K) From: 146304K(232960K)->144736K(238592K)
[35.512s][info][gc,heap        ] GC(318) ParOldGen: 5132996K(5653504K)->5182588K(5653504K)
[35.512s][info][gc,metaspace   ] GC(318) Metaspace: 6302K(6528K)->6302K(6528K) NonClass: 5769K(5888K)->5769K(5888K) Class: 533K(640K)->533K(640K)
[35.512s][info][gc             ] GC(318) Pause Young (Allocation Failure) 5202M->5202M(5803M) 102.517ms
[35.512s][info][gc,cpu         ] GC(318) User=0.69s Sys=0.05s Real=0.10s
[35.571s][info][gc,start       ] GC(319) Pause Young (Allocation Failure)
[35.673s][info][gc,heap        ] GC(319) PSYoungGen: 194912K(288768K)->145792K(291840K) Eden: 50176K(50176K)->0K(50176K) From: 144736K(238592K)->145792K(241664K)
[35.673s][info][gc,heap        ] GC(319) ParOldGen: 5182588K(5653504K)->5232188K(5653504K)
[35.673s][info][gc,metaspace   ] GC(319) Metaspace: 6302K(6528K)->6302K(6528K) NonClass: 5769K(5888K)->5769K(5888K) Class: 533K(640K)->533K(640K)
[35.673s][info][gc             ] GC(319) Pause Young (Allocation Failure) 5251M->5251M(5806M) 102.445ms
[35.673s][info][gc,cpu         ] GC(319) User=0.62s Sys=0.02s Real=0.10s
[35.730s][info][gc,start       ] GC(320) Pause Young (Allocation Failure)
[35.837s][info][gc,heap        ] GC(320) PSYoungGen: 195968K(291840K)->148352K(297984K) Eden: 50176K(50176K)->0K(54784K) From: 145792K(241664K)->148352K(243200K)
[35.837s][info][gc,heap        ] GC(320) ParOldGen: 5232188K(5653504K)->5280236K(5653504K)
[35.837s][info][gc,metaspace   ] GC(320) Metaspace: 6302K(6528K)->6302K(6528K) NonClass: 5769K(5888K)->5769K(5888K) Class: 533K(640K)->533K(640K)
[35.838s][info][gc             ] GC(320) Pause Young (Allocation Failure) 5300M->5301M(5812M) 107.220ms
[35.838s][info][gc,cpu         ] GC(320) User=0.73s Sys=0.03s Real=0.11s
[35.904s][info][gc,start       ] GC(321) Pause Young (Allocation Failure)
[36.017s][info][gc,heap        ] GC(321) PSYoungGen: 203136K(297984K)->105280K(160256K) Eden: 54784K(54784K)->0K(54784K) From: 148352K(243200K)->105280K(105472K)
[36.017s][info][gc,heap        ] GC(321) ParOldGen: 5280236K(5653504K)->5378884K(5653504K)
[36.017s][info][gc,metaspace   ] GC(321) Metaspace: 6302K(6528K)->6302K(6528K) NonClass: 5769K(5888K)->5769K(5888K) Class: 533K(640K)->533K(640K)
[36.017s][info][gc             ] GC(321) Pause Young (Allocation Failure) 5354M->5355M(5677M) 112.293ms
[36.017s][info][gc,cpu         ] GC(321) User=0.69s Sys=0.08s Real=0.11s
[36.080s][info][gc,start       ] GC(322) Pause Young (Allocation Failure)
[36.179s][info][gc,heap        ] GC(322) PSYoungGen: 160064K(160256K)->55008K(288768K) Eden: 54784K(54784K)->0K(61952K) From: 105280K(105472K)->55008K(226816K)
[36.179s][info][gc,heap        ] GC(322) ParOldGen: 5378884K(5653504K)->5484764K(5653504K)
[36.179s][info][gc,metaspace   ] GC(322) Metaspace: 6302K(6528K)->6302K(6528K) NonClass: 5769K(5888K)->5769K(5888K) Class: 533K(640K)->533K(640K)
[36.179s][info][gc             ] GC(322) Pause Young (Allocation Failure) 5409M->5409M(5803M) 98.515ms
[36.179s][info][gc,cpu         ] GC(322) User=0.67s Sys=0.06s Real=0.10s
[36.252s][info][gc,start       ] GC(323) Pause Young (Allocation Failure)
[36.329s][info][gc,heap        ] GC(323) PSYoungGen: 116960K(288768K)->62208K(291840K) Eden: 61952K(61952K)->0K(61952K) From: 55008K(226816K)->62208K(229888K)
[36.329s][info][gc,heap        ] GC(323) ParOldGen: 5484764K(5653504K)->5540036K(5653504K)
[36.329s][info][gc,metaspace   ] GC(323) Metaspace: 6302K(6528K)->6302K(6528K) NonClass: 5769K(5888K)->5769K(5888K) Class: 533K(640K)->533K(640K)
[36.329s][info][gc             ] GC(323) Pause Young (Allocation Failure) 5470M->5470M(5806M) 77.579ms
[36.329s][info][gc,cpu         ] GC(323) User=0.34s Sys=0.06s Real=0.08s
[36.329s][info][gc,start       ] GC(324) Pause Full (Ergonomics)
[36.329s][info][gc,phases,start] GC(324) Marking Phase
[37.637s][info][gc,phases      ] GC(324) Marking Phase 1307.545ms
[37.637s][info][gc,phases,start] GC(324) Summary Phase
[37.637s][info][gc,phases      ] GC(324) Summary Phase 0.093ms
[37.637s][info][gc,phases,start] GC(324) Adjust Roots
[37.637s][info][gc,phases      ] GC(324) Adjust Roots 0.165ms
[37.637s][info][gc,phases,start] GC(324) Compaction Phase
[38.078s][info][gc,phases      ] GC(324) Compaction Phase 440.673ms
[38.078s][info][gc,phases,start] GC(324) Post Compact
[38.086s][info][gc,phases      ] GC(324) Post Compact 8.564ms
[38.088s][info][gc,heap        ] GC(324) PSYoungGen: 62208K(291840K)->0K(294912K) Eden: 0K(61952K)->0K(69632K) From: 62208K(229888K)->0K(225280K)
[38.088s][info][gc,heap        ] GC(324) ParOldGen: 5540036K(5653504K)->5597704K(6218752K)
[38.088s][info][gc,metaspace   ] GC(324) Metaspace: 6302K(6528K)->6302K(6528K) NonClass: 5769K(5888K)->5769K(5888K) Class: 533K(640K)->533K(640K)
[38.089s][info][gc             ] GC(324) Pause Full (Ergonomics) 5470M->5466M(6361M) 1759.297ms
[38.089s][info][gc,cpu         ] GC(324) User=13.50s Sys=0.00s Real=1.76s
[38.171s][info][gc,start       ] GC(325) Pause Young (Allocation Failure)
[38.230s][info][gc,heap        ] GC(325) PSYoungGen: 69632K(294912K)->69824K(139776K) Eden: 69632K(69632K)->0K(69632K) From: 0K(225280K)->69824K(70144K)
[38.230s][info][gc,heap        ] GC(325) ParOldGen: 5597704K(6218752K)->5597704K(6218752K)
[38.230s][info][gc,metaspace   ] GC(325) Metaspace: 6302K(6528K)->6302K(6528K) NonClass: 5769K(5888K)->5769K(5888K) Class: 533K(640K)->533K(640K)
[38.230s][info][gc             ] GC(325) Pause Young (Allocation Failure) 5534M->5534M(6209M) 59.061ms
[38.230s][info][gc,cpu         ] GC(325) User=0.19s Sys=0.00s Real=0.06s
[38.319s][info][gc,start       ] GC(326) Pause Young (Allocation Failure)
[38.400s][info][gc,heap        ] GC(326) PSYoungGen: 139456K(139776K)->139616K(291328K) Eden: 69632K(69632K)->0K(73216K) From: 69824K(70144K)->139616K(218112K)
[38.400s][info][gc,heap        ] GC(326) ParOldGen: 5597704K(6218752K)->5597704K(6218752K)
[38.400s][info][gc,metaspace   ] GC(326) Metaspace: 6302K(6528K)->6302K(6528K) NonClass: 5769K(5888K)->5769K(5888K) Class: 533K(640K)->533K(640K)
[38.400s][info][gc             ] GC(326) Pause Young (Allocation Failure) 5602M->5602M(6357M) 80.838ms
[38.400s][info][gc,cpu         ] GC(326) User=0.53s Sys=0.00s Real=0.08s
[39.552s][info][gc,start       ] GC(327) Pause Young (Allocation Failure)
[39.853s][info][gc,heap        ] GC(327) PSYoungGen: 212832K(291328K)->212928K(294400K) Eden: 73216K(73216K)->0K(73216K) From: 139616K(218112K)->212928K(221184K)
[39.853s][info][gc,heap        ] GC(327) ParOldGen: 5859848K(6218752K)->5859848K(6218752K)
[39.853s][info][gc,metaspace   ] GC(327) Metaspace: 6302K(6528K)->6302K(6528K) NonClass: 5769K(5888K)->5769K(5888K) Class: 533K(640K)->533K(640K)
[39.853s][info][gc             ] GC(327) Pause Young (Allocation Failure) 5930M->5930M(6360M) 301.195ms
[39.853s][info][gc,cpu         ] GC(327) User=1.39s Sys=0.00s Real=0.30s
[39.931s][info][gc,start       ] GC(328) Pause Young (Allocation Failure)
[40.145s][info][gc,heap        ] GC(328) PSYoungGen: 286144K(294400K)->250368K(279552K) Eden: 73216K(73216K)->0K(29184K) From: 212928K(221184K)->250368K(250368K)
[40.145s][info][gc,heap        ] GC(328) ParOldGen: 5859848K(6218752K)->5895952K(6218752K)
[40.145s][info][gc,metaspace   ] GC(328) Metaspace: 6302K(6528K)->6302K(6528K) NonClass: 5769K(5888K)->5769K(5888K) Class: 533K(640K)->533K(640K)
[40.145s][info][gc             ] GC(328) Pause Young (Allocation Failure) 6001M->6002M(6346M) 214.336ms
[40.145s][info][gc,cpu         ] GC(328) User=0.64s Sys=0.03s Real=0.21s
[40.178s][info][gc,start       ] GC(329) Pause Young (Allocation Failure)
[40.325s][info][gc,heap        ] GC(329) PSYoungGen: 279552K(279552K)->165824K(195072K) Eden: 29184K(29184K)->0K(29184K) From: 250368K(250368K)->165824K(165888K)
[40.325s][info][gc,heap        ] GC(329) ParOldGen: 5895952K(6218752K)->6010696K(6218752K)
[40.325s][info][gc,metaspace   ] GC(329) Metaspace: 6302K(6528K)->6302K(6528K) NonClass: 5769K(5888K)->5769K(5888K) Class: 533K(640K)->533K(640K)
[40.325s][info][gc             ] GC(329) Pause Young (Allocation Failure) 6030M->6031M(6263M) 147.213ms
[40.325s][info][gc,cpu         ] GC(329) User=0.86s Sys=0.05s Real=0.15s
[40.357s][info][gc,start       ] GC(330) Pause Young (Allocation Failure)
[40.478s][info][gc,heap        ] GC(330) PSYoungGen: 195008K(195072K)->127840K(300032K) Eden: 29184K(29184K)->0K(33280K) From: 165824K(165888K)->127840K(266752K)
[40.478s][info][gc,heap        ] GC(330) ParOldGen: 6010696K(6218752K)->6078392K(6218752K)
[40.478s][info][gc,metaspace   ] GC(330) Metaspace: 6302K(6528K)->6302K(6528K) NonClass: 5769K(5888K)->5769K(5888K) Class: 533K(640K)->533K(640K)
[40.478s][info][gc             ] GC(330) Pause Young (Allocation Failure) 6060M->6060M(6366M) 121.322ms
[40.479s][info][gc,cpu         ] GC(330) User=0.52s Sys=0.00s Real=0.12s
[40.510s][info][gc,start       ] GC(331) Pause Young (Allocation Failure)
[40.628s][info][gc,heap        ] GC(331) PSYoungGen: 161120K(300032K)->62688K(314880K) Eden: 33280K(33280K)->0K(33280K) From: 127840K(266752K)->62688K(281600K)
[40.628s][info][gc,heap        ] GC(331) ParOldGen: 6078392K(6218752K)->6177600K(6218752K)
[40.628s][info][gc,metaspace   ] GC(331) Metaspace: 6302K(6528K)->6302K(6528K) NonClass: 5769K(5888K)->5769K(5888K) Class: 533K(640K)->533K(640K)
[40.628s][info][gc             ] GC(331) Pause Young (Allocation Failure) 6093M->6094M(6380M) 118.139ms
[40.628s][info][gc,cpu         ] GC(331) User=0.31s Sys=0.02s Real=0.12s
[40.628s][info][gc,start       ] GC(332) Pause Full (Ergonomics)
[40.628s][info][gc,phases,start] GC(332) Marking Phase
[42.005s][info][gc,phases      ] GC(332) Marking Phase 1376.966ms
[42.005s][info][gc,phases,start] GC(332) Summary Phase
[42.005s][info][gc,phases      ] GC(332) Summary Phase 0.114ms
[42.005s][info][gc,phases,start] GC(332) Adjust Roots
[42.005s][info][gc,phases      ] GC(332) Adjust Roots 0.237ms
[42.005s][info][gc,phases,start] GC(332) Compaction Phase
[42.937s][info][gc,phases      ] GC(332) Compaction Phase 931.699ms
[42.937s][info][gc,phases,start] GC(332) Post Compact
[42.947s][info][gc,phases      ] GC(332) Post Compact 10.187ms
[42.950s][info][gc,heap        ] GC(332) PSYoungGen: 62688K(314880K)->0K(316928K) Eden: 0K(33280K)->0K(37888K) From: 62688K(281600K)->0K(279040K)
[42.950s][info][gc,heap        ] GC(332) ParOldGen: 6177600K(6218752K)->6105897K(6794240K)
[42.950s][info][gc,metaspace   ] GC(332) Metaspace: 6302K(6528K)->6302K(6528K) NonClass: 5769K(5888K)->5769K(5888K) Class: 533K(640K)->533K(640K)
[42.950s][info][gc             ] GC(332) Pause Full (Ergonomics) 6094M->5962M(6944M) 2321.812ms
[42.950s][info][gc,cpu         ] GC(332) User=16.03s Sys=0.06s Real=2.32s
[42.988s][info][gc,start       ] GC(333) Pause Young (Allocation Failure)
[43.057s][info][gc,heap        ] GC(333) PSYoungGen: 37888K(316928K)->38048K(316928K) Eden: 37888K(37888K)->0K(37888K) From: 0K(279040K)->38048K(279040K)
[43.057s][info][gc,heap        ] GC(333) ParOldGen: 6105897K(6794240K)->6105897K(6794240K)
[43.057s][info][gc,metaspace   ] GC(333) Metaspace: 6302K(6528K)->6302K(6528K) NonClass: 5769K(5888K)->5769K(5888K) Class: 533K(640K)->533K(640K)
[43.057s][info][gc             ] GC(333) Pause Young (Allocation Failure) 5999M->5999M(6944M) 69.222ms
[43.057s][info][gc,cpu         ] GC(333) User=0.12s Sys=0.00s Real=0.07s
[43.096s][info][gc,start       ] GC(334) Pause Young (Allocation Failure)
[43.182s][info][gc,heap        ] GC(334) PSYoungGen: 75936K(316928K)->38048K(316416K) Eden: 37888K(37888K)->0K(42496K) From: 38048K(279040K)->38048K(273920K)
[43.182s][info][gc,heap        ] GC(334) ParOldGen: 6105897K(6794240K)->6144113K(6794240K)
[43.182s][info][gc,metaspace   ] GC(334) Metaspace: 6302K(6528K)->6302K(6528K) NonClass: 5769K(5888K)->5769K(5888K) Class: 533K(640K)->533K(640K)
[43.182s][info][gc             ] GC(334) Pause Young (Allocation Failure) 6036M->6037M(6944M) 85.836ms
[43.182s][info][gc,cpu         ] GC(334) User=0.20s Sys=0.00s Real=0.09s
[43.232s][info][gc,start       ] GC(335) Pause Young (Allocation Failure)
[43.317s][info][gc,heap        ] GC(335) PSYoungGen: 80544K(316416K)->42656K(318464K) Eden: 42496K(42496K)->0K(42496K) From: 38048K(273920K)->42656K(275968K)
[43.317s][info][gc,heap        ] GC(335) ParOldGen: 6144113K(6794240K)->6182353K(6794240K)
[43.317s][info][gc,metaspace   ] GC(335) Metaspace: 6302K(6528K)->6302K(6528K) NonClass: 5769K(5888K)->5769K(5888K) Class: 533K(640K)->533K(640K)
[43.317s][info][gc             ] GC(335) Pause Young (Allocation Failure) 6078M->6079M(6946M) 85.608ms
[43.317s][info][gc,cpu         ] GC(335) User=0.20s Sys=0.00s Real=0.09s
[43.364s][info][gc,start       ] GC(336) Pause Young (Allocation Failure)
[43.459s][info][gc,heap        ] GC(336) PSYoungGen: 85152K(318464K)->42656K(306176K) Eden: 42496K(42496K)->0K(48128K) From: 42656K(275968K)->42656K(258048K)
[43.459s][info][gc,heap        ] GC(336) ParOldGen: 6182353K(6794240K)->6225233K(6794240K)
[43.459s][info][gc,metaspace   ] GC(336) Metaspace: 6302K(6528K)->6302K(6528K) NonClass: 5769K(5888K)->5769K(5888K) Class: 533K(640K)->533K(640K)
[43.459s][info][gc             ] GC(336) Pause Young (Allocation Failure) 6120M->6120M(6934M) 94.910ms
[43.459s][info][gc,cpu         ] GC(336) User=0.19s Sys=0.03s Real=0.10s
[43.513s][info][gc,start       ] GC(337) Pause Young (Allocation Failure)
[43.613s][info][gc,heap        ] GC(337) PSYoungGen: 90784K(306176K)->48288K(96768K) Eden: 48128K(48128K)->0K(48128K) From: 42656K(258048K)->48288K(48640K)
[43.613s][info][gc,heap        ] GC(337) ParOldGen: 6225233K(6794240K)->6268129K(6794240K)
[43.613s][info][gc,metaspace   ] GC(337) Metaspace: 6302K(6528K)->6302K(6528K) NonClass: 5769K(5888K)->5769K(5888K) Class: 533K(640K)->533K(640K)
[43.613s][info][gc             ] GC(337) Pause Young (Allocation Failure) 6167M->6168M(6729M) 100.753ms
[43.613s][info][gc,cpu         ] GC(337) User=0.25s Sys=0.00s Real=0.10s
[43.665s][info][gc,start       ] GC(338) Pause Young (Allocation Failure)
[43.757s][info][gc,heap        ] GC(338) PSYoungGen: 96416K(96768K)->48320K(291840K) Eden: 48128K(48128K)->0K(54272K) From: 48288K(48640K)->48320K(237568K)
[43.757s][info][gc,heap        ] GC(338) ParOldGen: 6268129K(6794240K)->6316697K(6794240K)
[43.757s][info][gc,metaspace   ] GC(338) Metaspace: 6302K(6528K)->6302K(6528K) NonClass: 5769K(5888K)->5769K(5888K) Class: 533K(640K)->533K(640K)
[43.757s][info][gc             ] GC(338) Pause Young (Allocation Failure) 6215M->6215M(6920M) 92.288ms
[43.757s][info][gc,cpu         ] GC(338) User=0.34s Sys=0.00s Real=0.09s
[43.812s][info][gc,start       ] GC(339) Pause Young (Allocation Failure)
[43.909s][info][gc,heap        ] GC(339) PSYoungGen: 102592K(291840K)->54496K(109056K) Eden: 54272K(54272K)->0K(54272K) From: 48320K(237568K)->54496K(54784K)
[43.909s][info][gc,heap        ] GC(339) ParOldGen: 6316697K(6794240K)->6365257K(6794240K)
[43.909s][info][gc,metaspace   ] GC(339) Metaspace: 6302K(6528K)->6302K(6528K) NonClass: 5769K(5888K)->5769K(5888K) Class: 533K(640K)->533K(640K)
[43.909s][info][gc             ] GC(339) Pause Young (Allocation Failure) 6268M->6269M(6741M) 97.371ms
[43.909s][info][gc,cpu         ] GC(339) User=0.22s Sys=0.00s Real=0.10s
[43.970s][info][gc,start       ] GC(340) Pause Young (Allocation Failure)
[44.075s][info][gc,heap        ] GC(340) PSYoungGen: 108768K(109056K)->54496K(278528K) Eden: 54272K(54272K)->0K(61440K) From: 54496K(54784K)->54496K(217088K)
[44.075s][info][gc,heap        ] GC(340) ParOldGen: 6365257K(6794240K)->6420017K(6794240K)
[44.075s][info][gc,metaspace   ] GC(340) Metaspace: 6302K(6528K)->6302K(6528K) NonClass: 5769K(5888K)->5769K(5888K) Class: 533K(640K)->533K(640K)
[44.076s][info][gc             ] GC(340) Pause Young (Allocation Failure) 6322M->6322M(6907M) 105.534ms
[44.076s][info][gc,cpu         ] GC(340) User=0.36s Sys=0.00s Real=0.11s
[44.152s][info][gc,start       ] GC(341) Pause Young (Allocation Failure)
[44.255s][info][gc,heap        ] GC(341) PSYoungGen: 115936K(278528K)->61632K(123392K) Eden: 61440K(61440K)->0K(61440K) From: 54496K(217088K)->61632K(61952K)
[44.255s][info][gc,heap        ] GC(341) ParOldGen: 6420017K(6794240K)->6474785K(6794240K)
[44.255s][info][gc,metaspace   ] GC(341) Metaspace: 6302K(6528K)->6302K(6528K) NonClass: 5769K(5888K)->5769K(5888K) Class: 533K(640K)->533K(640K)
[44.255s][info][gc             ] GC(341) Pause Young (Allocation Failure) 6382M->6383M(6755M) 102.867ms
[44.255s][info][gc,cpu         ] GC(341) User=0.33s Sys=0.00s Real=0.10s
[44.318s][info][gc,start       ] GC(342) Pause Young (Allocation Failure)
[44.432s][info][gc,heap        ] GC(342) PSYoungGen: 123072K(123392K)->61632K(263168K) Eden: 61440K(61440K)->0K(69120K) From: 61632K(61952K)->61632K(194048K)
[44.432s][info][gc,heap        ] GC(342) ParOldGen: 6474785K(6794240K)->6536777K(6794240K)
[44.432s][info][gc,metaspace   ] GC(342) Metaspace: 6302K(6528K)->6302K(6528K) NonClass: 5769K(5888K)->5769K(5888K) Class: 533K(640K)->533K(640K)
[44.432s][info][gc             ] GC(342) Pause Young (Allocation Failure) 6443M->6443M(6892M) 114.280ms
[44.432s][info][gc,cpu         ] GC(342) User=0.19s Sys=0.11s Real=0.12s
[44.512s][info][gc,start       ] GC(343) Pause Young (Allocation Failure)
[44.627s][info][gc,heap        ] GC(343) PSYoungGen: 130752K(263168K)->69376K(138752K) Eden: 69120K(69120K)->0K(69120K) From: 61632K(194048K)->69376K(69632K)
[44.627s][info][gc,heap        ] GC(343) ParOldGen: 6536777K(6794240K)->6598777K(6794240K)
[44.627s][info][gc,metaspace   ] GC(343) Metaspace: 6302K(6528K)->6302K(6528K) NonClass: 5769K(5888K)->5769K(5888K) Class: 533K(640K)->533K(640K)
[44.627s][info][gc             ] GC(343) Pause Young (Allocation Failure) 6511M->6511M(6770M) 115.435ms
[44.627s][info][gc,cpu         ] GC(343) User=0.30s Sys=0.02s Real=0.11s
[44.713s][info][gc,start       ] GC(344) Pause Young (Allocation Failure)
[44.823s][info][gc,heap        ] GC(344) PSYoungGen: 138496K(138752K)->69344K(249856K) Eden: 69120K(69120K)->0K(77312K) From: 69376K(69632K)->69344K(172544K)
[44.823s][info][gc,heap        ] GC(344) ParOldGen: 6598777K(6794240K)->6668521K(6794240K)
[44.823s][info][gc,metaspace   ] GC(344) Metaspace: 6302K(6528K)->6302K(6528K) NonClass: 5769K(5888K)->5769K(5888K) Class: 533K(640K)->533K(640K)
[44.823s][info][gc             ] GC(344) Pause Young (Allocation Failure) 6579M->6579M(6879M) 110.139ms
[44.823s][info][gc,cpu         ] GC(344) User=0.33s Sys=0.03s Real=0.11s
[44.911s][info][gc,start       ] GC(345) Pause Young (Allocation Failure)
[45.021s][info][gc,heap        ] GC(345) PSYoungGen: 146656K(249856K)->77632K(155136K) Eden: 77312K(77312K)->0K(77312K) From: 69344K(172544K)->77632K(77824K)
[45.021s][info][gc,heap        ] GC(345) ParOldGen: 6668521K(6794240K)->6738257K(6794240K)
[45.021s][info][gc,metaspace   ] GC(345) Metaspace: 6302K(6528K)->6302K(6528K) NonClass: 5769K(5888K)->5769K(5888K) Class: 533K(640K)->533K(640K)
[45.021s][info][gc             ] GC(345) Pause Young (Allocation Failure) 6655M->6656M(6786M) 110.842ms
[45.022s][info][gc,cpu         ] GC(345) User=0.55s Sys=0.05s Real=0.11s
[45.022s][info][gc,start       ] GC(346) Pause Full (Ergonomics)
[45.022s][info][gc,phases,start] GC(346) Marking Phase
[46.664s][info][gc,phases      ] GC(346) Marking Phase 1642.646ms
[46.664s][info][gc,phases,start] GC(346) Summary Phase
[46.664s][info][gc,phases      ] GC(346) Summary Phase 0.078ms
[46.664s][info][gc,phases,start] GC(346) Adjust Roots
[46.665s][info][gc,phases      ] GC(346) Adjust Roots 0.193ms
[46.665s][info][gc,phases,start] GC(346) Compaction Phase
[47.305s][info][gc,phases      ] GC(346) Compaction Phase 640.878ms
[47.306s][info][gc,phases,start] GC(346) Post Compact
[47.316s][info][gc,phases      ] GC(346) Post Compact 10.558ms
[47.318s][info][gc,heap        ] GC(346) PSYoungGen: 77632K(155136K)->15452K(155136K) Eden: 0K(77312K)->0K(77312K) From: 77632K(77824K)->15452K(77824K)
[47.318s][info][gc,heap        ] GC(346) ParOldGen: 6738257K(6794240K)->6794014K(7504896K)
[47.318s][info][gc,metaspace   ] GC(346) Metaspace: 6302K(6528K)->6302K(6528K) NonClass: 5769K(5888K)->5769K(5888K) Class: 533K(640K)->533K(640K)
[47.318s][info][gc             ] GC(346) Pause Full (Ergonomics) 6656M->6649M(7480M) 2296.809ms
[47.318s][info][gc,cpu         ] GC(346) User=16.62s Sys=0.02s Real=2.30s
[47.400s][info][gc,start       ] GC(347) Pause Young (Allocation Failure)
[47.754s][info][gc,heap        ] GC(347) PSYoungGen: 92764K(155136K)->77600K(237568K) Eden: 77312K(77312K)->0K(84992K) From: 15452K(77824K)->77600K(152576K)
[47.754s][info][gc,heap        ] GC(347) ParOldGen: 6794014K(7504896K)->6809646K(7504896K)
[47.754s][info][gc,metaspace   ] GC(347) Metaspace: 6302K(6528K)->6302K(6528K) NonClass: 5769K(5888K)->5769K(5888K) Class: 533K(640K)->533K(640K)
[47.754s][info][gc             ] GC(347) Pause Young (Allocation Failure) 6725M->6725M(7561M) 354.167ms
[47.754s][info][gc,cpu         ] GC(347) User=2.16s Sys=0.00s Real=0.35s
[47.855s][info][gc,start       ] GC(348) Pause Young (Allocation Failure)
[47.987s][info][gc,heap        ] GC(348) PSYoungGen: 162592K(237568K)->162720K(248832K) Eden: 84992K(84992K)->0K(84992K) From: 77600K(152576K)->162720K(163840K)
[47.987s][info][gc,heap        ] GC(348) ParOldGen: 6809646K(7504896K)->6809646K(7504896K)
[47.987s][info][gc,metaspace   ] GC(348) Metaspace: 6302K(6528K)->6302K(6528K) NonClass: 5769K(5888K)->5769K(5888K) Class: 533K(640K)->533K(640K)
[47.987s][info][gc             ] GC(348) Pause Young (Allocation Failure) 6808M->6808M(7572M) 132.944ms
[47.988s][info][gc,cpu         ] GC(348) User=0.47s Sys=0.00s Real=0.13s
[48.070s][info][gc,start       ] GC(349) Pause Young (Allocation Failure)
[48.224s][info][gc,heap        ] GC(349) PSYoungGen: 247712K(248832K)->170400K(260096K) Eden: 84992K(84992K)->0K(72704K) From: 162720K(163840K)->170400K(187392K)
[48.224s][info][gc,heap        ] GC(349) ParOldGen: 6809646K(7504896K)->6887646K(7504896K)
[48.224s][info][gc,metaspace   ] GC(349) Metaspace: 6302K(6528K)->6302K(6528K) NonClass: 5769K(5888K)->5769K(5888K) Class: 533K(640K)->533K(640K)
[48.224s][info][gc             ] GC(349) Pause Young (Allocation Failure) 6891M->6892M(7583M) 154.018ms
[48.224s][info][gc,cpu         ] GC(349) User=0.61s Sys=0.09s Real=0.15s
[48.299s][info][gc,start       ] GC(350) Pause Young (Allocation Failure)
[48.443s][info][gc,heap        ] GC(350) PSYoungGen: 243104K(260096K)->158112K(281088K) Eden: 72704K(72704K)->0K(72704K) From: 170400K(187392K)->158112K(208384K)
[48.443s][info][gc,heap        ] GC(350) ParOldGen: 6887646K(7504896K)->6973398K(7504896K)
[48.443s][info][gc,metaspace   ] GC(350) Metaspace: 6302K(6528K)->6302K(6528K) NonClass: 5769K(5888K)->5769K(5888K) Class: 533K(640K)->533K(640K)
[48.443s][info][gc             ] GC(350) Pause Young (Allocation Failure) 6963M->6964M(7603M) 144.929ms
[48.444s][info][gc,cpu         ] GC(350) User=0.72s Sys=0.03s Real=0.15s
[48.528s][info][gc,start       ] GC(351) Pause Young (Allocation Failure)
[48.661s][info][gc,heap        ] GC(351) PSYoungGen: 230816K(281088K)->145824K(297984K) Eden: 72704K(72704K)->0K(76800K) From: 158112K(208384K)->145824K(221184K)
[48.661s][info][gc,heap        ] GC(351) ParOldGen: 6973398K(7504896K)->7059174K(7504896K)
[48.661s][info][gc,metaspace   ] GC(351) Metaspace: 6302K(6528K)->6302K(6528K) NonClass: 5769K(5888K)->5769K(5888K) Class: 533K(640K)->533K(640K)
[48.661s][info][gc             ] GC(351) Pause Young (Allocation Failure) 7035M->7036M(7620M) 132.708ms
[48.661s][info][gc,cpu         ] GC(351) User=0.64s Sys=0.06s Real=0.13s
[48.738s][info][gc,start       ] GC(352) Pause Young (Allocation Failure)
[48.875s][info][gc,heap        ] GC(352) PSYoungGen: 222624K(297984K)->149888K(302592K) Eden: 76800K(76800K)->0K(76800K) From: 145824K(221184K)->149888K(225792K)
[48.876s][info][gc,heap        ] GC(352) ParOldGen: 7059174K(7504896K)->7132542K(7504896K)
[48.876s][info][gc,metaspace   ] GC(352) Metaspace: 6302K(6528K)->6302K(6528K) NonClass: 5769K(5888K)->5769K(5888K) Class: 533K(640K)->533K(640K)
[48.876s][info][gc             ] GC(352) Pause Young (Allocation Failure) 7111M->7111M(7624M) 137.527ms
[48.876s][info][gc,cpu         ] GC(352) User=0.78s Sys=0.23s Real=0.14s
[48.962s][info][gc,start       ] GC(353) Pause Young (Allocation Failure)
[49.132s][info][gc,heap        ] GC(353) PSYoungGen: 226688K(302592K)->77088K(304128K) Eden: 76800K(76800K)->0K(86528K) From: 149888K(225792K)->77088K(217600K)
[49.132s][info][gc,heap        ] GC(353) ParOldGen: 7132542K(7504896K)->7283350K(7504896K)
[49.132s][info][gc,metaspace   ] GC(353) Metaspace: 6302K(6528K)->6302K(6528K) NonClass: 5769K(5888K)->5769K(5888K) Class: 533K(640K)->533K(640K)
[49.132s][info][gc             ] GC(353) Pause Young (Allocation Failure) 7186M->7187M(7626M) 169.927ms
[49.132s][info][gc,cpu         ] GC(353) User=0.69s Sys=0.56s Real=0.17s
[49.233s][info][gc,start       ] GC(354) Pause Young (Allocation Failure)
[49.360s][info][gc,heap        ] GC(354) PSYoungGen: 163616K(304128K)->86752K(310272K) Eden: 86528K(86528K)->0K(86528K) From: 77088K(217600K)->86752K(223744K)
[49.360s][info][gc,heap        ] GC(354) ParOldGen: 7283350K(7504896K)->7360838K(7504896K)
[49.360s][info][gc,metaspace   ] GC(354) Metaspace: 6302K(6528K)->6302K(6528K) NonClass: 5769K(5888K)->5769K(5888K) Class: 533K(640K)->533K(640K)
[49.360s][info][gc             ] GC(354) Pause Young (Allocation Failure) 7272M->7273M(7632M) 126.912ms
[49.360s][info][gc,cpu         ] GC(354) User=0.44s Sys=0.28s Real=0.13s
[49.445s][info][gc,start       ] GC(355) Pause Young (Allocation Failure)
[49.602s][info][gc,heap        ] GC(355) PSYoungGen: 173280K(310272K)->86752K(296448K) Eden: 86528K(86528K)->0K(97280K) From: 86752K(223744K)->86752K(199168K)
[49.602s][info][gc,heap        ] GC(355) ParOldGen: 7360838K(7504896K)->7448134K(7504896K)
[49.602s][info][gc,metaspace   ] GC(355) Metaspace: 6302K(6528K)->6302K(6528K) NonClass: 5769K(5888K)->5769K(5888K) Class: 533K(640K)->533K(640K)
[49.602s][info][gc             ] GC(355) Pause Young (Allocation Failure) 7357M->7358M(7618M) 157.565ms
[49.602s][info][gc,cpu         ] GC(355) User=0.39s Sys=0.14s Real=0.16s
[49.602s][info][gc,start       ] GC(356) Pause Full (Ergonomics)
[49.602s][info][gc,phases,start] GC(356) Marking Phase
[51.432s][info][gc,phases      ] GC(356) Marking Phase 1829.897ms
[51.432s][info][gc,phases,start] GC(356) Summary Phase
[51.432s][info][gc,phases      ] GC(356) Summary Phase 0.079ms
[51.432s][info][gc,phases,start] GC(356) Adjust Roots
[51.432s][info][gc,phases      ] GC(356) Adjust Roots 0.179ms
[51.432s][info][gc,phases,start] GC(356) Compaction Phase
[52.150s][info][gc,phases      ] GC(356) Compaction Phase 717.347ms
[52.150s][info][gc,phases,start] GC(356) Post Compact
[52.161s][info][gc,phases      ] GC(356) Post Compact 11.224ms
[52.168s][info][gc,heap        ] GC(356) PSYoungGen: 86752K(296448K)->23650K(304640K) Eden: 0K(97280K)->0K(105472K) From: 86752K(199168K)->23650K(199168K)
[52.168s][info][gc,heap        ] GC(356) ParOldGen: 7448134K(7504896K)->7504894K(8324608K)
[52.168s][info][gc,metaspace   ] GC(356) Metaspace: 6302K(6528K)->6302K(6528K) NonClass: 5769K(5888K)->5769K(5888K) Class: 533K(640K)->533K(640K)
[52.168s][info][gc             ] GC(356) Pause Full (Ergonomics) 7358M->7352M(8427M) 2566.032ms
[52.168s][info][gc,cpu         ] GC(356) User=18.56s Sys=0.06s Real=2.57s
[52.279s][info][gc,start       ] GC(357) Pause Young (Allocation Failure)
[52.675s][info][gc,heap        ] GC(357) PSYoungGen: 129122K(304640K)->105728K(312832K) Eden: 105472K(105472K)->0K(105472K) From: 23650K(199168K)->105728K(207360K)
[52.676s][info][gc,heap        ] GC(357) ParOldGen: 7504894K(8324608K)->7528806K(8324608K)
[52.676s][info][gc,metaspace   ] GC(357) Metaspace: 6302K(6528K)->6302K(6528K) NonClass: 5769K(5888K)->5769K(5888K) Class: 533K(640K)->533K(640K)
[52.676s][info][gc             ] GC(357) Pause Young (Allocation Failure) 7455M->7455M(8435M) 396.396ms
[52.676s][info][gc,cpu         ] GC(357) User=2.66s Sys=0.09s Real=0.40s
[52.793s][info][gc,start       ] GC(358) Pause Young (Allocation Failure)
[52.971s][info][gc,heap        ] GC(358) PSYoungGen: 211200K(312832K)->105824K(297984K) Eden: 105472K(105472K)->0K(116736K) From: 105728K(207360K)->105824K(181248K)
[52.971s][info][gc,heap        ] GC(358) ParOldGen: 7528806K(8324608K)->7635230K(8324608K)
[52.971s][info][gc,metaspace   ] GC(358) Metaspace: 6302K(6528K)->6302K(6528K) NonClass: 5769K(5888K)->5769K(5888K) Class: 533K(640K)->533K(640K)
[52.971s][info][gc             ] GC(358) Pause Young (Allocation Failure) 7558M->7559M(8420M) 178.488ms
[52.971s][info][gc,cpu         ] GC(358) User=0.52s Sys=0.38s Real=0.18s
[53.136s][info][gc,start       ] GC(359) Pause Young (Allocation Failure)
[53.320s][info][gc,heap        ] GC(359) PSYoungGen: 222560K(297984K)->117088K(306176K) Eden: 116736K(116736K)->0K(116736K) From: 105824K(181248K)->117088K(189440K)
[53.320s][info][gc,heap        ] GC(359) ParOldGen: 7635230K(8324608K)->7741638K(8324608K)
[53.320s][info][gc,metaspace   ] GC(359) Metaspace: 6302K(6528K)->6302K(6528K) NonClass: 5769K(5888K)->5769K(5888K) Class: 533K(640K)->533K(640K)
[53.320s][info][gc             ] GC(359) Pause Young (Allocation Failure) 7673M->7674M(8428M) 183.726ms
[53.320s][info][gc,cpu         ] GC(359) User=0.67s Sys=0.36s Real=0.18s
[53.459s][info][gc,start       ] GC(360) Pause Young (Allocation Failure)
[53.672s][info][gc,heap        ] GC(360) PSYoungGen: 233824K(306176K)->117024K(309248K) Eden: 116736K(116736K)->0K(129536K) From: 117088K(189440K)->117024K(179712K)
[53.672s][info][gc,heap        ] GC(360) ParOldGen: 7741638K(8324608K)->7859414K(8324608K)
[53.672s][info][gc,metaspace   ] GC(360) Metaspace: 6302K(6528K)->6302K(6528K) NonClass: 5769K(5888K)->5769K(5888K) Class: 533K(640K)->533K(640K)
[53.672s][info][gc             ] GC(360) Pause Young (Allocation Failure) 7788M->7789M(8431M) 213.528ms
[53.672s][info][gc,cpu         ] GC(360) User=0.77s Sys=0.31s Real=0.21s
[53.823s][info][gc,start       ] GC(361) Pause Young (Allocation Failure)
[54.006s][info][gc,heap        ] GC(361) PSYoungGen: 246560K(309248K)->129888K(312320K) Eden: 129536K(129536K)->0K(129536K) From: 117024K(179712K)->129888K(182784K)
[54.006s][info][gc,heap        ] GC(361) ParOldGen: 7859414K(8324608K)->7977198K(8324608K)
[54.006s][info][gc,metaspace   ] GC(361) Metaspace: 6302K(6528K)->6302K(6528K) NonClass: 5769K(5888K)->5769K(5888K) Class: 533K(640K)->533K(640K)
[54.006s][info][gc             ] GC(361) Pause Young (Allocation Failure) 7915M->7917M(8434M) 182.313ms
[54.006s][info][gc,cpu         ] GC(361) User=0.80s Sys=0.39s Real=0.18s
[54.148s][info][gc,start       ] GC(362) Pause Young (Allocation Failure)
[54.351s][info][gc,heap        ] GC(362) PSYoungGen: 259424K(312320K)->129920K(327680K) Eden: 129536K(129536K)->0K(143360K) From: 129888K(182784K)->129920K(184320K)
[54.351s][info][gc,heap        ] GC(362) ParOldGen: 7977198K(8324608K)->8107894K(8324608K)
[54.351s][info][gc,metaspace   ] GC(362) Metaspace: 6302K(6528K)->6302K(6528K) NonClass: 5769K(5888K)->5769K(5888K) Class: 533K(640K)->533K(640K)
[54.351s][info][gc             ] GC(362) Pause Young (Allocation Failure) 8043M->8044M(8449M) 203.468ms
[54.351s][info][gc,cpu         ] GC(362) User=0.77s Sys=0.48s Real=0.20s
[54.520s][info][gc,start       ] GC(363) Pause Young (Allocation Failure)
[54.754s][info][gc,heap        ] GC(363) PSYoungGen: 273280K(327680K)->143776K(328192K) Eden: 143360K(143360K)->0K(143360K) From: 129920K(184320K)->143776K(184832K)
[54.754s][info][gc,heap        ] GC(363) ParOldGen: 8107894K(8324608K)->8238614K(8324608K)
[54.754s][info][gc,metaspace   ] GC(363) Metaspace: 6302K(6528K)->6302K(6528K) NonClass: 5769K(5888K)->5769K(5888K) Class: 533K(640K)->533K(640K)
[54.754s][info][gc             ] GC(363) Pause Young (Allocation Failure) 8184M->8185M(8450M) 234.244ms
[54.754s][info][gc,cpu         ] GC(363) User=1.19s Sys=0.31s Real=0.23s
[54.754s][info][gc,start       ] GC(364) Pause Full (Ergonomics)
[54.754s][info][gc,phases,start] GC(364) Marking Phase
[56.988s][info][gc,phases      ] GC(364) Marking Phase 2233.975ms
[56.989s][info][gc,phases,start] GC(364) Summary Phase
[56.989s][info][gc,phases      ] GC(364) Summary Phase 0.132ms
[56.989s][info][gc,phases,start] GC(364) Adjust Roots
[56.989s][info][gc,phases      ] GC(364) Adjust Roots 0.296ms
[56.989s][info][gc,phases,start] GC(364) Compaction Phase
[57.823s][info][gc,phases      ] GC(364) Compaction Phase 833.980ms
[57.823s][info][gc,phases,start] GC(364) Post Compact
[57.839s][info][gc,phases      ] GC(364) Post Compact 16.382ms
[57.841s][info][gc,heap        ] GC(364) PSYoungGen: 143776K(328192K)->50830K(328192K) Eden: 0K(143360K)->0K(143360K) From: 143776K(184832K)->50830K(184832K)
[57.841s][info][gc,heap        ] GC(364) ParOldGen: 8238614K(8324608K)->8324337K(8533504K)
[57.841s][info][gc,metaspace   ] GC(364) Metaspace: 6302K(6528K)->6302K(6528K) NonClass: 5769K(5888K)->5769K(5888K) Class: 533K(640K)->533K(640K)
[57.841s][info][gc             ] GC(364) Pause Full (Ergonomics) 8185M->8178M(8654M) 3086.834ms
[57.841s][info][gc,cpu         ] GC(364) User=20.14s Sys=0.16s Real=3.09s
[57.995s][info][gc,start       ] GC(365) Pause Young (Allocation Failure)
[58.538s][info][gc,heap        ] GC(365) PSYoungGen: 194190K(328192K)->143776K(345600K) Eden: 143360K(143360K)->0K(156160K) From: 50830K(184832K)->143776K(189440K)
[58.538s][info][gc,heap        ] GC(365) ParOldGen: 8324337K(8533504K)->8375673K(8533504K)
[58.538s][info][gc,metaspace   ] GC(365) Metaspace: 6302K(6528K)->6302K(6528K) NonClass: 5769K(5888K)->5769K(5888K) Class: 533K(640K)->533K(640K)
[58.538s][info][gc             ] GC(365) Pause Young (Allocation Failure) 8318M->8319M(8671M) 542.818ms
[58.538s][info][gc,cpu         ] GC(365) User=3.31s Sys=0.17s Real=0.54s
[58.538s][info][gc,start       ] GC(366) Pause Full (Ergonomics)
[58.538s][info][gc,phases,start] GC(366) Marking Phase
[60.678s][info][gc,phases      ] GC(366) Marking Phase 2139.570ms
[60.678s][info][gc,phases,start] GC(366) Summary Phase
[60.678s][info][gc,phases      ] GC(366) Summary Phase 0.163ms
[60.678s][info][gc,phases,start] GC(366) Adjust Roots
[60.678s][info][gc,phases      ] GC(366) Adjust Roots 0.254ms
[60.678s][info][gc,phases,start] GC(366) Compaction Phase
[61.347s][info][gc,phases      ] GC(366) Compaction Phase 668.681ms
[61.347s][info][gc,phases,start] GC(366) Post Compact
[61.365s][info][gc,phases      ] GC(366) Post Compact 17.446ms
[61.365s][info][gc,heap        ] GC(366) PSYoungGen: 143776K(345600K)->0K(349184K) Eden: 0K(156160K)->0K(156160K) From: 143776K(189440K)->0K(193024K)
[61.365s][info][gc,heap        ] GC(366) ParOldGen: 8375673K(8533504K)->8518495K(8533504K)
[61.365s][info][gc,metaspace   ] GC(366) Metaspace: 6302K(6528K)->6302K(6528K) NonClass: 5769K(5888K)->5769K(5888K) Class: 533K(640K)->533K(640K)
[61.365s][info][gc             ] GC(366) Pause Full (Ergonomics) 8319M->8318M(8674M) 2826.726ms
[61.365s][info][gc,cpu         ] GC(366) User=18.88s Sys=0.14s Real=2.83s
[61.530s][info][gc,start       ] GC(367) Pause Full (Ergonomics)
[61.530s][info][gc,phases,start] GC(367) Marking Phase
[63.669s][info][gc,phases      ] GC(367) Marking Phase 2139.057ms
[63.669s][info][gc,phases,start] GC(367) Summary Phase
[63.669s][info][gc,phases      ] GC(367) Summary Phase 0.144ms
[63.669s][info][gc,phases,start] GC(367) Adjust Roots
[63.670s][info][gc,phases      ] GC(367) Adjust Roots 0.368ms
[63.670s][info][gc,phases,start] GC(367) Compaction Phase
[64.293s][info][gc,phases      ] GC(367) Compaction Phase 623.401ms
[64.293s][info][gc,phases,start] GC(367) Post Compact
[64.312s][info][gc,phases      ] GC(367) Post Compact 18.989ms
[64.312s][info][gc,heap        ] GC(367) PSYoungGen: 156160K(349184K)->141284K(349184K) Eden: 156160K(156160K)->141284K(156160K) From: 0K(193024K)->0K(193024K)
[64.312s][info][gc,heap        ] GC(367) ParOldGen: 8518495K(8533504K)->8533341K(8533504K)
[64.312s][info][gc,metaspace   ] GC(367) Metaspace: 6302K(6528K)->6302K(6528K) NonClass: 5769K(5888K)->5769K(5888K) Class: 533K(640K)->533K(640K)
[64.312s][info][gc             ] GC(367) Pause Full (Ergonomics) 8471M->8471M(8674M) 2782.483ms
[64.313s][info][gc,cpu         ] GC(367) User=19.08s Sys=0.06s Real=2.78s
[64.328s][info][gc,start       ] GC(368) Pause Full (Ergonomics)
[64.328s][info][gc,phases,start] GC(368) Marking Phase
[66.350s][info][gc,phases      ] GC(368) Marking Phase 2022.028ms
[66.350s][info][gc,phases,start] GC(368) Summary Phase
[66.351s][info][gc,phases      ] GC(368) Summary Phase 0.137ms
[66.351s][info][gc,phases,start] GC(368) Adjust Roots
[66.351s][info][gc,phases      ] GC(368) Adjust Roots 0.356ms
[66.351s][info][gc,phases,start] GC(368) Compaction Phase
[66.937s][info][gc,phases      ] GC(368) Compaction Phase 585.865ms
[66.937s][info][gc,phases,start] GC(368) Post Compact
[66.949s][info][gc,phases      ] GC(368) Post Compact 12.378ms
[66.949s][info][gc,heap        ] GC(368) PSYoungGen: 156160K(349184K)->156156K(349184K) Eden: 156160K(156160K)->156156K(156160K) From: 0K(193024K)->0K(193024K)
[66.949s][info][gc,heap        ] GC(368) ParOldGen: 8533341K(8533504K)->8533341K(8533504K)
[66.949s][info][gc,metaspace   ] GC(368) Metaspace: 6302K(6528K)->6302K(6528K) NonClass: 5769K(5888K)->5769K(5888K) Class: 533K(640K)->533K(640K)
[66.949s][info][gc             ] GC(368) Pause Full (Ergonomics) 8485M->8485M(8674M) 2621.252ms
[66.950s][info][gc,cpu         ] GC(368) User=18.83s Sys=0.03s Real=2.62s
[66.950s][info][gc,start       ] GC(369) Pause Full (Ergonomics)
[66.950s][info][gc,phases,start] GC(369) Marking Phase
[68.912s][info][gc,phases      ] GC(369) Marking Phase 1961.840ms
[68.912s][info][gc,phases,start] GC(369) Summary Phase
[68.912s][info][gc,phases      ] GC(369) Summary Phase 0.150ms
[68.912s][info][gc,phases,start] GC(369) Adjust Roots
[68.912s][info][gc,phases      ] GC(369) Adjust Roots 0.321ms
[68.912s][info][gc,phases,start] GC(369) Compaction Phase
[69.462s][info][gc,phases      ] GC(369) Compaction Phase 550.202ms
[69.463s][info][gc,phases,start] GC(369) Post Compact
[69.475s][info][gc,phases      ] GC(369) Post Compact 12.890ms
[69.476s][info][gc,heap        ] GC(369) PSYoungGen: 156160K(349184K)->156159K(349184K) Eden: 156160K(156160K)->156159K(156160K) From: 0K(193024K)->0K(193024K)
[69.476s][info][gc,heap        ] GC(369) ParOldGen: 8533341K(8533504K)->8533341K(8533504K)
[69.476s][info][gc,metaspace   ] GC(369) Metaspace: 6302K(6528K)->6302K(6528K) NonClass: 5769K(5888K)->5769K(5888K) Class: 533K(640K)->533K(640K)
[69.476s][info][gc             ] GC(369) Pause Full (Ergonomics) 8485M->8485M(8674M) 2525.864ms
[69.476s][info][gc,cpu         ] GC(369) User=18.92s Sys=0.03s Real=2.52s
[69.476s][info][gc,start       ] GC(370) Pause Full (Ergonomics)
[69.476s][info][gc,phases,start] GC(370) Marking Phase
[71.414s][info][gc,phases      ] GC(370) Marking Phase 1938.552ms
[71.414s][info][gc,phases,start] GC(370) Summary Phase
[71.415s][info][gc,phases      ] GC(370) Summary Phase 0.133ms
[71.415s][info][gc,phases,start] GC(370) Adjust Roots
[71.415s][info][gc,phases      ] GC(370) Adjust Roots 0.258ms
[71.415s][info][gc,phases,start] GC(370) Compaction Phase
[71.961s][info][gc,phases      ] GC(370) Compaction Phase 546.560ms
[71.961s][info][gc,phases,start] GC(370) Post Compact
[71.975s][info][gc,phases      ] GC(370) Post Compact 13.182ms
[71.975s][info][gc,heap        ] GC(370) PSYoungGen: 156159K(349184K)->156159K(349184K) Eden: 156159K(156160K)->156159K(156160K) From: 0K(193024K)->0K(193024K)
[71.975s][info][gc,heap        ] GC(370) ParOldGen: 8533341K(8533504K)->8533341K(8533504K)
[71.975s][info][gc,metaspace   ] GC(370) Metaspace: 6302K(6528K)->6302K(6528K) NonClass: 5769K(5888K)->5769K(5888K) Class: 533K(640K)->533K(640K)
[71.975s][info][gc             ] GC(370) Pause Full (Ergonomics) 8485M->8485M(8674M) 2499.041ms
[71.975s][info][gc,cpu         ] GC(370) User=18.88s Sys=0.00s Real=2.50s
[71.975s][info][gc,start       ] GC(371) Pause Full (Ergonomics)
[71.975s][info][gc,phases,start] GC(371) Marking Phase
[73.886s][info][gc,phases      ] GC(371) Marking Phase 1910.680ms
[73.886s][info][gc,phases,start] GC(371) Summary Phase
[73.886s][info][gc,phases      ] GC(371) Summary Phase 0.085ms
[73.886s][info][gc,phases,start] GC(371) Adjust Roots
[73.886s][info][gc,phases      ] GC(371) Adjust Roots 0.176ms
[73.886s][info][gc,phases,start] GC(371) Compaction Phase
[74.437s][info][gc,phases      ] GC(371) Compaction Phase 550.635ms
[74.437s][info][gc,phases,start] GC(371) Post Compact
[74.450s][info][gc,phases      ] GC(371) Post Compact 13.051ms
[74.450s][info][gc,heap        ] GC(371) PSYoungGen: 156160K(349184K)->156160K(349184K) Eden: 156160K(156160K)->156160K(156160K) From: 0K(193024K)->0K(193024K)
[74.450s][info][gc,heap        ] GC(371) ParOldGen: 8533346K(8533504K)->8533346K(8533504K)
[74.450s][info][gc,metaspace   ] GC(371) Metaspace: 6302K(6528K)->6302K(6528K) NonClass: 5769K(5888K)->5769K(5888K) Class: 533K(640K)->533K(640K)
[74.450s][info][gc             ] GC(371) Pause Full (Ergonomics) 8485M->8485M(8674M) 2474.974ms
[74.450s][info][gc,cpu         ] GC(371) User=18.66s Sys=0.00s Real=2.48s
[74.450s][info][gc,start       ] GC(372) Pause Full (Ergonomics)
[74.450s][info][gc,phases,start] GC(372) Marking Phase
[76.361s][info][gc,phases      ] GC(372) Marking Phase 1910.371ms
[76.361s][info][gc,phases,start] GC(372) Summary Phase
[76.361s][info][gc,phases      ] GC(372) Summary Phase 0.092ms
[76.361s][info][gc,phases,start] GC(372) Adjust Roots
[76.361s][info][gc,phases      ] GC(372) Adjust Roots 0.193ms
[76.361s][info][gc,phases,start] GC(372) Compaction Phase
[76.922s][info][gc,phases      ] GC(372) Compaction Phase 560.563ms
[76.922s][info][gc,phases,start] GC(372) Post Compact
[76.934s][info][gc,phases      ] GC(372) Post Compact 12.741ms
[76.934s][info][gc,heap        ] GC(372) PSYoungGen: 156160K(349184K)->156160K(349184K) Eden: 156160K(156160K)->156160K(156160K) From: 0K(193024K)->0K(193024K)
[76.934s][info][gc,heap        ] GC(372) ParOldGen: 8533351K(8533504K)->8533351K(8533504K)
[76.934s][info][gc,metaspace   ] GC(372) Metaspace: 6302K(6528K)->6302K(6528K) NonClass: 5769K(5888K)->5769K(5888K) Class: 533K(640K)->533K(640K)
[76.934s][info][gc             ] GC(372) Pause Full (Ergonomics) 8485M->8485M(8674M) 2484.301ms
[76.935s][info][gc,cpu         ] GC(372) User=18.72s Sys=0.00s Real=2.48s
[76.935s][info][gc,start       ] GC(373) Pause Full (Ergonomics)
[76.935s][info][gc,phases,start] GC(373) Marking Phase
[78.855s][info][gc,phases      ] GC(373) Marking Phase 1920.667ms
[78.855s][info][gc,phases,start] GC(373) Summary Phase
[78.856s][info][gc,phases      ] GC(373) Summary Phase 0.094ms
[78.856s][info][gc,phases,start] GC(373) Adjust Roots
[78.856s][info][gc,phases      ] GC(373) Adjust Roots 0.178ms
[78.856s][info][gc,phases,start] GC(373) Compaction Phase
[79.419s][info][gc,phases      ] GC(373) Compaction Phase 563.379ms
[79.419s][info][gc,phases,start] GC(373) Post Compact
[79.432s][info][gc,phases      ] GC(373) Post Compact 12.774ms
[79.432s][info][gc,heap        ] GC(373) PSYoungGen: 156160K(349184K)->156160K(349184K) Eden: 156160K(156160K)->156160K(156160K) From: 0K(193024K)->0K(193024K)
[79.432s][info][gc,heap        ] GC(373) ParOldGen: 8533356K(8533504K)->8533356K(8533504K)
[79.432s][info][gc,metaspace   ] GC(373) Metaspace: 6302K(6528K)->6302K(6528K) NonClass: 5769K(5888K)->5769K(5888K) Class: 533K(640K)->533K(640K)
[79.432s][info][gc             ] GC(373) Pause Full (Ergonomics) 8485M->8485M(8674M) 2497.446ms
[79.432s][info][gc,cpu         ] GC(373) User=18.88s Sys=0.02s Real=2.50s
[79.432s][info][gc,start       ] GC(374) Pause Full (Ergonomics)
[79.432s][info][gc,phases,start] GC(374) Marking Phase
[81.323s][info][gc,phases      ] GC(374) Marking Phase 1890.211ms
[81.323s][info][gc,phases,start] GC(374) Summary Phase
[81.323s][info][gc,phases      ] GC(374) Summary Phase 0.094ms
[81.323s][info][gc,phases,start] GC(374) Adjust Roots
[81.323s][info][gc,phases      ] GC(374) Adjust Roots 0.217ms
[81.323s][info][gc,phases,start] GC(374) Compaction Phase
[81.852s][info][gc,phases      ] GC(374) Compaction Phase 528.663ms
[81.852s][info][gc,phases,start] GC(374) Post Compact
[81.864s][info][gc,phases      ] GC(374) Post Compact 12.644ms
[81.865s][info][gc,heap        ] GC(374) PSYoungGen: 156160K(349184K)->156160K(349184K) Eden: 156160K(156160K)->156160K(156160K) From: 0K(193024K)->0K(193024K)
[81.865s][info][gc,heap        ] GC(374) ParOldGen: 8533361K(8533504K)->8533361K(8533504K)
[81.865s][info][gc,metaspace   ] GC(374) Metaspace: 6302K(6528K)->6302K(6528K) NonClass: 5769K(5888K)->5769K(5888K) Class: 533K(640K)->533K(640K)
[81.865s][info][gc             ] GC(374) Pause Full (Ergonomics) 8485M->8485M(8674M) 2432.180ms
[81.865s][info][gc,cpu         ] GC(374) User=18.62s Sys=0.00s Real=2.43s
[81.865s][info][gc,start       ] GC(375) Pause Full (Ergonomics)
[81.865s][info][gc,phases,start] GC(375) Marking Phase
[83.810s][info][gc,phases      ] GC(375) Marking Phase 1944.848ms
[83.810s][info][gc,phases,start] GC(375) Summary Phase
[83.810s][info][gc,phases      ] GC(375) Summary Phase 0.081ms
[83.810s][info][gc,phases,start] GC(375) Adjust Roots
[83.810s][info][gc,phases      ] GC(375) Adjust Roots 0.174ms
[83.810s][info][gc,phases,start] GC(375) Compaction Phase
[84.401s][info][gc,phases      ] GC(375) Compaction Phase 591.077ms
[84.401s][info][gc,phases,start] GC(375) Post Compact
[84.414s][info][gc,phases      ] GC(375) Post Compact 13.265ms
[84.415s][info][gc,heap        ] GC(375) PSYoungGen: 156160K(349184K)->156160K(349184K) Eden: 156160K(156160K)->156160K(156160K) From: 0K(193024K)->0K(193024K)
[84.415s][info][gc,heap        ] GC(375) ParOldGen: 8533365K(8533504K)->8533365K(8533504K)
[84.415s][info][gc,metaspace   ] GC(375) Metaspace: 6302K(6528K)->6302K(6528K) NonClass: 5769K(5888K)->5769K(5888K) Class: 533K(640K)->533K(640K)
[84.415s][info][gc             ] GC(375) Pause Full (Ergonomics) 8485M->8485M(8674M) 2549.810ms
[84.415s][info][gc,cpu         ] GC(375) User=19.08s Sys=0.00s Real=2.55s
[84.415s][info][gc,start       ] GC(376) Pause Full (Ergonomics)
[84.415s][info][gc,phases,start] GC(376) Marking Phase
[86.358s][info][gc,phases      ] GC(376) Marking Phase 1942.632ms
[86.358s][info][gc,phases,start] GC(376) Summary Phase
[86.358s][info][gc,phases      ] GC(376) Summary Phase 0.088ms
[86.358s][info][gc,phases,start] GC(376) Adjust Roots
[86.358s][info][gc,phases      ] GC(376) Adjust Roots 0.180ms
[86.358s][info][gc,phases,start] GC(376) Compaction Phase
[86.948s][info][gc,phases      ] GC(376) Compaction Phase 589.847ms
[86.948s][info][gc,phases,start] GC(376) Post Compact
[86.961s][info][gc,phases      ] GC(376) Post Compact 12.939ms
[86.961s][info][gc,heap        ] GC(376) PSYoungGen: 156160K(349184K)->156160K(349184K) Eden: 156160K(156160K)->156160K(156160K) From: 0K(193024K)->0K(193024K)
[86.961s][info][gc,heap        ] GC(376) ParOldGen: 8533370K(8533504K)->8533370K(8533504K)
[86.961s][info][gc,metaspace   ] GC(376) Metaspace: 6302K(6528K)->6302K(6528K) NonClass: 5769K(5888K)->5769K(5888K) Class: 533K(640K)->533K(640K)
[86.961s][info][gc             ] GC(376) Pause Full (Ergonomics) 8485M->8485M(8674M) 2546.036ms
[86.961s][info][gc,cpu         ] GC(376) User=19.17s Sys=0.00s Real=2.55s
[86.961s][info][gc,start       ] GC(377) Pause Full (Ergonomics)
[86.961s][info][gc,phases,start] GC(377) Marking Phase
[88.879s][info][gc,phases      ] GC(377) Marking Phase 1917.496ms
[88.879s][info][gc,phases,start] GC(377) Summary Phase
[88.879s][info][gc,phases      ] GC(377) Summary Phase 0.087ms
[88.879s][info][gc,phases,start] GC(377) Adjust Roots
[88.879s][info][gc,phases      ] GC(377) Adjust Roots 0.172ms
[88.879s][info][gc,phases,start] GC(377) Compaction Phase
[89.465s][info][gc,phases      ] GC(377) Compaction Phase 586.017ms
[89.465s][info][gc,phases,start] GC(377) Post Compact
[89.478s][info][gc,phases      ] GC(377) Post Compact 13.329ms
[89.478s][info][gc,heap        ] GC(377) PSYoungGen: 156160K(349184K)->156160K(349184K) Eden: 156160K(156160K)->156160K(156160K) From: 0K(193024K)->0K(193024K)
[89.479s][info][gc,heap        ] GC(377) ParOldGen: 8533375K(8533504K)->8533375K(8533504K)
[89.479s][info][gc,metaspace   ] GC(377) Metaspace: 6302K(6528K)->6302K(6528K) NonClass: 5769K(5888K)->5769K(5888K) Class: 533K(640K)->533K(640K)
[89.479s][info][gc             ] GC(377) Pause Full (Ergonomics) 8485M->8485M(8674M) 2517.455ms
[89.479s][info][gc,cpu         ] GC(377) User=18.72s Sys=0.02s Real=2.52s
[89.479s][info][gc,start       ] GC(378) Pause Full (Ergonomics)
[89.479s][info][gc,phases,start] GC(378) Marking Phase
[91.430s][info][gc,phases      ] GC(378) Marking Phase 1951.147ms
[91.430s][info][gc,phases,start] GC(378) Summary Phase
[91.430s][info][gc,phases      ] GC(378) Summary Phase 0.087ms
[91.430s][info][gc,phases,start] GC(378) Adjust Roots
[91.430s][info][gc,phases      ] GC(378) Adjust Roots 0.173ms
[91.430s][info][gc,phases,start] GC(378) Compaction Phase
[92.016s][info][gc,phases      ] GC(378) Compaction Phase 585.999ms
[92.016s][info][gc,phases,start] GC(378) Post Compact
[92.029s][info][gc,phases      ] GC(378) Post Compact 13.075ms
[92.030s][info][gc,heap        ] GC(378) PSYoungGen: 156160K(349184K)->156160K(349184K) Eden: 156160K(156160K)->156160K(156160K) From: 0K(193024K)->0K(193024K)
[92.030s][info][gc,heap        ] GC(378) ParOldGen: 8533380K(8533504K)->8533380K(8533504K)
[92.030s][info][gc,metaspace   ] GC(378) Metaspace: 6302K(6528K)->6302K(6528K) NonClass: 5769K(5888K)->5769K(5888K) Class: 533K(640K)->533K(640K)
[92.030s][info][gc             ] GC(378) Pause Full (Ergonomics) 8485M->8485M(8674M) 2550.844ms
[92.030s][info][gc,cpu         ] GC(378) User=19.19s Sys=0.00s Real=2.55s
[92.030s][info][gc,start       ] GC(379) Pause Full (Ergonomics)
[92.030s][info][gc,phases,start] GC(379) Marking Phase
[93.966s][info][gc,phases      ] GC(379) Marking Phase 1936.172ms
[93.966s][info][gc,phases,start] GC(379) Summary Phase
[93.966s][info][gc,phases      ] GC(379) Summary Phase 0.093ms
[93.966s][info][gc,phases,start] GC(379) Adjust Roots
[93.966s][info][gc,phases      ] GC(379) Adjust Roots 0.201ms
[93.966s][info][gc,phases,start] GC(379) Compaction Phase
[94.539s][info][gc,phases      ] GC(379) Compaction Phase 572.619ms
[94.539s][info][gc,phases,start] GC(379) Post Compact
[94.554s][info][gc,phases      ] GC(379) Post Compact 14.692ms
[94.554s][info][gc,heap        ] GC(379) PSYoungGen: 156160K(349184K)->156160K(349184K) Eden: 156160K(156160K)->156160K(156160K) From: 0K(193024K)->0K(193024K)
[94.554s][info][gc,heap        ] GC(379) ParOldGen: 8533385K(8533504K)->8533385K(8533504K)
[94.554s][info][gc,metaspace   ] GC(379) Metaspace: 6302K(6528K)->6302K(6528K) NonClass: 5769K(5888K)->5769K(5888K) Class: 533K(640K)->533K(640K)
[94.554s][info][gc             ] GC(379) Pause Full (Ergonomics) 8485M->8485M(8674M) 2524.130ms
[94.554s][info][gc,cpu         ] GC(379) User=19.20s Sys=0.00s Real=2.52s
[94.554s][info][gc,start       ] GC(380) Pause Full (Ergonomics)
[94.554s][info][gc,phases,start] GC(380) Marking Phase
[96.586s][info][gc,phases      ] GC(380) Marking Phase 2031.970ms
[96.586s][info][gc,phases,start] GC(380) Summary Phase
[96.586s][info][gc,phases      ] GC(380) Summary Phase 0.103ms
[96.586s][info][gc,phases,start] GC(380) Adjust Roots
[96.587s][info][gc,phases      ] GC(380) Adjust Roots 0.214ms
[96.587s][info][gc,phases,start] GC(380) Compaction Phase
[97.185s][info][gc,phases      ] GC(380) Compaction Phase 598.738ms
[97.185s][info][gc,phases,start] GC(380) Post Compact
[97.198s][info][gc,phases      ] GC(380) Post Compact 12.835ms
[97.198s][info][gc,heap        ] GC(380) PSYoungGen: 156160K(349184K)->156160K(349184K) Eden: 156160K(156160K)->156160K(156160K) From: 0K(193024K)->0K(193024K)
[97.198s][info][gc,heap        ] GC(380) ParOldGen: 8533390K(8533504K)->8533390K(8533504K)
[97.198s][info][gc,metaspace   ] GC(380) Metaspace: 6302K(6528K)->6302K(6528K) NonClass: 5769K(5888K)->5769K(5888K) Class: 533K(640K)->533K(640K)
[97.198s][info][gc             ] GC(380) Pause Full (Ergonomics) 8485M->8485M(8674M) 2644.212ms
[97.198s][info][gc,cpu         ] GC(380) User=19.17s Sys=0.00s Real=2.64s
[97.199s][info][gc,start       ] GC(381) Pause Full (Ergonomics)
[97.199s][info][gc,phases,start] GC(381) Marking Phase
[99.135s][info][gc,phases      ] GC(381) Marking Phase 1936.084ms
[99.135s][info][gc,phases,start] GC(381) Summary Phase
[99.135s][info][gc,phases      ] GC(381) Summary Phase 0.111ms
[99.135s][info][gc,phases,start] GC(381) Adjust Roots
[99.135s][info][gc,phases      ] GC(381) Adjust Roots 0.225ms
[99.135s][info][gc,phases,start] GC(381) Compaction Phase
[99.703s][info][gc,phases      ] GC(381) Compaction Phase 568.069ms
[99.703s][info][gc,phases,start] GC(381) Post Compact
[99.717s][info][gc,phases      ] GC(381) Post Compact 13.817ms
[99.717s][info][gc,heap        ] GC(381) PSYoungGen: 156160K(349184K)->156160K(349184K) Eden: 156160K(156160K)->156160K(156160K) From: 0K(193024K)->0K(193024K)
[99.717s][info][gc,heap        ] GC(381) ParOldGen: 8533394K(8533504K)->8533394K(8533504K)
[99.717s][info][gc,metaspace   ] GC(381) Metaspace: 6302K(6528K)->6302K(6528K) NonClass: 5769K(5888K)->5769K(5888K) Class: 533K(640K)->533K(640K)
[99.717s][info][gc             ] GC(381) Pause Full (Ergonomics) 8485M->8485M(8674M) 2518.688ms
[99.717s][info][gc,cpu         ] GC(381) User=19.20s Sys=0.02s Real=2.52s
[99.718s][info][gc,start       ] GC(382) Pause Full (Ergonomics)
[99.718s][info][gc,phases,start] GC(382) Marking Phase
[101.658s][info][gc,phases      ] GC(382) Marking Phase 1940.809ms
[101.658s][info][gc,phases,start] GC(382) Summary Phase
[101.659s][info][gc,phases      ] GC(382) Summary Phase 0.138ms
[101.659s][info][gc,phases,start] GC(382) Adjust Roots
[101.659s][info][gc,phases      ] GC(382) Adjust Roots 0.302ms
[101.659s][info][gc,phases,start] GC(382) Compaction Phase
[102.255s][info][gc,phases      ] GC(382) Compaction Phase 596.500ms
[102.256s][info][gc,phases,start] GC(382) Post Compact
[102.270s][info][gc,phases      ] GC(382) Post Compact 14.159ms
[102.270s][info][gc,heap        ] GC(382) PSYoungGen: 156160K(349184K)->156160K(349184K) Eden: 156160K(156160K)->156160K(156160K) From: 0K(193024K)->0K(193024K)
[102.270s][info][gc,heap        ] GC(382) ParOldGen: 8533399K(8533504K)->8533399K(8533504K)
[102.270s][info][gc,metaspace   ] GC(382) Metaspace: 6302K(6528K)->6302K(6528K) NonClass: 5769K(5888K)->5769K(5888K) Class: 533K(640K)->533K(640K)
[102.270s][info][gc             ] GC(382) Pause Full (Ergonomics) 8485M->8485M(8674M) 2552.331ms
[102.270s][info][gc,cpu         ] GC(382) User=19.45s Sys=0.02s Real=2.55s
[102.270s][info][gc,start       ] GC(383) Pause Full (Ergonomics)
[102.270s][info][gc,phases,start] GC(383) Marking Phase
[104.219s][info][gc,phases      ] GC(383) Marking Phase 1949.151ms
[104.219s][info][gc,phases,start] GC(383) Summary Phase
[104.219s][info][gc,phases      ] GC(383) Summary Phase 0.082ms
[104.219s][info][gc,phases,start] GC(383) Adjust Roots
[104.220s][info][gc,phases      ] GC(383) Adjust Roots 0.175ms
[104.220s][info][gc,phases,start] GC(383) Compaction Phase
[104.812s][info][gc,phases      ] GC(383) Compaction Phase 592.225ms
[104.812s][info][gc,phases,start] GC(383) Post Compact
[104.825s][info][gc,phases      ] GC(383) Post Compact 12.951ms
[104.825s][info][gc,heap        ] GC(383) PSYoungGen: 156160K(349184K)->156160K(349184K) Eden: 156160K(156160K)->156160K(156160K) From: 0K(193024K)->0K(193024K)
[104.825s][info][gc,heap        ] GC(383) ParOldGen: 8533404K(8533504K)->8533404K(8533504K)
[104.825s][info][gc,metaspace   ] GC(383) Metaspace: 6302K(6528K)->6302K(6528K) NonClass: 5769K(5888K)->5769K(5888K) Class: 533K(640K)->533K(640K)
[104.825s][info][gc             ] GC(383) Pause Full (Ergonomics) 8485M->8485M(8674M) 2554.930ms
[104.825s][info][gc,cpu         ] GC(383) User=19.44s Sys=0.03s Real=2.56s
[104.825s][info][gc,start       ] GC(384) Pause Full (Ergonomics)
[104.825s][info][gc,phases,start] GC(384) Marking Phase
[106.783s][info][gc,phases      ] GC(384) Marking Phase 1957.856ms
[106.783s][info][gc,phases,start] GC(384) Summary Phase
[106.783s][info][gc,phases      ] GC(384) Summary Phase 0.082ms
[106.783s][info][gc,phases,start] GC(384) Adjust Roots
[106.783s][info][gc,phases      ] GC(384) Adjust Roots 0.202ms
[106.783s][info][gc,phases,start] GC(384) Compaction Phase
[107.437s][info][gc,phases      ] GC(384) Compaction Phase 653.284ms
[107.437s][info][gc,phases,start] GC(384) Post Compact
[107.450s][info][gc,phases      ] GC(384) Post Compact 12.831ms
[107.450s][info][gc,heap        ] GC(384) PSYoungGen: 156160K(349184K)->156160K(349184K) Eden: 156160K(156160K)->156160K(156160K) From: 0K(193024K)->0K(193024K)
[107.450s][info][gc,heap        ] GC(384) ParOldGen: 8533409K(8533504K)->8533409K(8533504K)
[107.450s][info][gc,metaspace   ] GC(384) Metaspace: 6302K(6528K)->6302K(6528K) NonClass: 5769K(5888K)->5769K(5888K) Class: 533K(640K)->533K(640K)
[107.450s][info][gc             ] GC(384) Pause Full (Ergonomics) 8485M->8485M(8674M) 2624.599ms
[107.450s][info][gc,cpu         ] GC(384) User=19.58s Sys=0.02s Real=2.62s
[107.450s][info][gc,start       ] GC(385) Pause Full (Ergonomics)
[107.450s][info][gc,phases,start] GC(385) Marking Phase
[109.424s][info][gc,phases      ] GC(385) Marking Phase 1973.804ms
[109.424s][info][gc,phases,start] GC(385) Summary Phase
[109.424s][info][gc,phases      ] GC(385) Summary Phase 0.083ms
[109.424s][info][gc,phases,start] GC(385) Adjust Roots
[109.424s][info][gc,phases      ] GC(385) Adjust Roots 0.160ms
[109.424s][info][gc,phases,start] GC(385) Compaction Phase
[110.057s][info][gc,phases      ] GC(385) Compaction Phase 632.834ms
[110.057s][info][gc,phases,start] GC(385) Post Compact
[110.070s][info][gc,phases      ] GC(385) Post Compact 12.868ms
[110.070s][info][gc,heap        ] GC(385) PSYoungGen: 156160K(349184K)->156160K(349184K) Eden: 156160K(156160K)->156160K(156160K) From: 0K(193024K)->0K(193024K)
[110.070s][info][gc,heap        ] GC(385) ParOldGen: 8533414K(8533504K)->8533414K(8533504K)
[110.070s][info][gc,metaspace   ] GC(385) Metaspace: 6302K(6528K)->6302K(6528K) NonClass: 5769K(5888K)->5769K(5888K) Class: 533K(640K)->533K(640K)
[110.070s][info][gc             ] GC(385) Pause Full (Ergonomics) 8485M->8485M(8674M) 2620.094ms
[110.070s][info][gc,cpu         ] GC(385) User=19.66s Sys=0.00s Real=2.62s
[110.070s][info][gc,start       ] GC(386) Pause Full (Ergonomics)
[110.070s][info][gc,phases,start] GC(386) Marking Phase
[112.059s][info][gc,phases      ] GC(386) Marking Phase 1988.618ms
[112.059s][info][gc,phases,start] GC(386) Summary Phase
[112.059s][info][gc,phases      ] GC(386) Summary Phase 0.083ms
[112.059s][info][gc,phases,start] GC(386) Adjust Roots
[112.059s][info][gc,phases      ] GC(386) Adjust Roots 0.172ms
[112.059s][info][gc,phases,start] GC(386) Compaction Phase
[112.639s][info][gc,phases      ] GC(386) Compaction Phase 579.544ms
[112.639s][info][gc,phases,start] GC(386) Post Compact
[112.652s][info][gc,phases      ] GC(386) Post Compact 12.899ms
[112.652s][info][gc,heap        ] GC(386) PSYoungGen: 156160K(349184K)->156160K(349184K) Eden: 156160K(156160K)->156160K(156160K) From: 0K(193024K)->0K(193024K)
[112.652s][info][gc,heap        ] GC(386) ParOldGen: 8533419K(8533504K)->8533419K(8533504K)
[112.652s][info][gc,metaspace   ] GC(386) Metaspace: 6302K(6528K)->6302K(6528K) NonClass: 5769K(5888K)->5769K(5888K) Class: 533K(640K)->533K(640K)
[112.652s][info][gc             ] GC(386) Pause Full (Ergonomics) 8485M->8485M(8674M) 2581.649ms
[112.652s][info][gc,cpu         ] GC(386) User=19.95s Sys=0.00s Real=2.58s
[112.652s][info][gc,start       ] GC(387) Pause Full (Ergonomics)
[112.652s][info][gc,phases,start] GC(387) Marking Phase
[114.579s][info][gc,phases      ] GC(387) Marking Phase 1927.134ms
[114.579s][info][gc,phases,start] GC(387) Summary Phase
[114.580s][info][gc,phases      ] GC(387) Summary Phase 0.082ms
[114.580s][info][gc,phases,start] GC(387) Adjust Roots
[114.580s][info][gc,phases      ] GC(387) Adjust Roots 0.165ms
[114.580s][info][gc,phases,start] GC(387) Compaction Phase
[115.188s][info][gc,phases      ] GC(387) Compaction Phase 608.029ms
[115.188s][info][gc,phases,start] GC(387) Post Compact
[115.201s][info][gc,phases      ] GC(387) Post Compact 12.748ms
[115.201s][info][gc,heap        ] GC(387) PSYoungGen: 156160K(349184K)->156160K(349184K) Eden: 156160K(156160K)->156160K(156160K) From: 0K(193024K)->0K(193024K)
[115.201s][info][gc,heap        ] GC(387) ParOldGen: 8533423K(8533504K)->8533423K(8533504K)
[115.201s][info][gc,metaspace   ] GC(387) Metaspace: 6302K(6528K)->6302K(6528K) NonClass: 5769K(5888K)->5769K(5888K) Class: 533K(640K)->533K(640K)
[115.201s][info][gc             ] GC(387) Pause Full (Ergonomics) 8485M->8485M(8674M) 2548.491ms
[115.201s][info][gc,cpu         ] GC(387) User=19.47s Sys=0.03s Real=2.55s
[115.201s][info][gc,start       ] GC(388) Pause Full (Ergonomics)
[115.201s][info][gc,phases,start] GC(388) Marking Phase
[117.190s][info][gc,phases      ] GC(388) Marking Phase 1989.174ms
[117.190s][info][gc,phases,start] GC(388) Summary Phase
[117.190s][info][gc,phases      ] GC(388) Summary Phase 0.085ms
[117.190s][info][gc,phases,start] GC(388) Adjust Roots
[117.190s][info][gc,phases      ] GC(388) Adjust Roots 0.171ms
[117.190s][info][gc,phases,start] GC(388) Compaction Phase
[117.824s][info][gc,phases      ] GC(388) Compaction Phase 633.005ms
[117.824s][info][gc,phases,start] GC(388) Post Compact
[117.836s][info][gc,phases      ] GC(388) Post Compact 12.897ms
[117.837s][info][gc,heap        ] GC(388) PSYoungGen: 156160K(349184K)->156160K(349184K) Eden: 156160K(156160K)->156160K(156160K) From: 0K(193024K)->0K(193024K)
[117.837s][info][gc,heap        ] GC(388) ParOldGen: 8533428K(8533504K)->8533428K(8533504K)
[117.837s][info][gc,metaspace   ] GC(388) Metaspace: 6302K(6528K)->6302K(6528K) NonClass: 5769K(5888K)->5769K(5888K) Class: 533K(640K)->533K(640K)
[117.837s][info][gc             ] GC(388) Pause Full (Ergonomics) 8485M->8485M(8674M) 2635.699ms
[117.837s][info][gc,cpu         ] GC(388) User=19.84s Sys=0.00s Real=2.64s
[117.837s][info][gc,start       ] GC(389) Pause Full (Ergonomics)
[117.837s][info][gc,phases,start] GC(389) Marking Phase
[119.793s][info][gc,phases      ] GC(389) Marking Phase 1955.763ms
[119.793s][info][gc,phases,start] GC(389) Summary Phase
[119.793s][info][gc,phases      ] GC(389) Summary Phase 0.080ms
[119.793s][info][gc,phases,start] GC(389) Adjust Roots
[119.793s][info][gc,phases      ] GC(389) Adjust Roots 0.165ms
[119.793s][info][gc,phases,start] GC(389) Compaction Phase
[120.446s][info][gc,phases      ] GC(389) Compaction Phase 653.145ms
[120.446s][info][gc,phases,start] GC(389) Post Compact
[120.459s][info][gc,phases      ] GC(389) Post Compact 12.951ms
[120.459s][info][gc,heap        ] GC(389) PSYoungGen: 156160K(349184K)->156160K(349184K) Eden: 156160K(156160K)->156160K(156160K) From: 0K(193024K)->0K(193024K)
[120.459s][info][gc,heap        ] GC(389) ParOldGen: 8533433K(8533504K)->8533433K(8533504K)
[120.459s][info][gc,metaspace   ] GC(389) Metaspace: 6302K(6528K)->6302K(6528K) NonClass: 5769K(5888K)->5769K(5888K) Class: 533K(640K)->533K(640K)
[120.459s][info][gc             ] GC(389) Pause Full (Ergonomics) 8485M->8485M(8674M) 2622.452ms
[120.459s][info][gc,cpu         ] GC(389) User=19.55s Sys=0.00s Real=2.62s
[120.460s][info][gc,start       ] GC(390) Pause Full (Ergonomics)
[120.460s][info][gc,phases,start] GC(390) Marking Phase
[122.432s][info][gc,phases      ] GC(390) Marking Phase 1971.986ms
[122.432s][info][gc,phases,start] GC(390) Summary Phase
[122.432s][info][gc,phases      ] GC(390) Summary Phase 0.083ms
[122.432s][info][gc,phases,start] GC(390) Adjust Roots
[122.432s][info][gc,phases      ] GC(390) Adjust Roots 0.174ms
[122.432s][info][gc,phases,start] GC(390) Compaction Phase
[123.079s][info][gc,phases      ] GC(390) Compaction Phase 646.899ms
[123.079s][info][gc,phases,start] GC(390) Post Compact
[123.092s][info][gc,phases      ] GC(390) Post Compact 12.975ms
[123.092s][info][gc,heap        ] GC(390) PSYoungGen: 156160K(349184K)->156160K(349184K) Eden: 156160K(156160K)->156160K(156160K) From: 0K(193024K)->0K(193024K)
[123.092s][info][gc,heap        ] GC(390) ParOldGen: 8533438K(8533504K)->8533438K(8533504K)
[123.092s][info][gc,metaspace   ] GC(390) Metaspace: 6302K(6528K)->6302K(6528K) NonClass: 5769K(5888K)->5769K(5888K) Class: 533K(640K)->533K(640K)
[123.092s][info][gc             ] GC(390) Pause Full (Ergonomics) 8485M->8485M(8674M) 2632.457ms
[123.092s][info][gc,cpu         ] GC(390) User=19.73s Sys=0.02s Real=2.63s
[123.092s][info][gc,start       ] GC(391) Pause Full (Ergonomics)
[123.092s][info][gc,phases,start] GC(391) Marking Phase
[125.064s][info][gc,phases      ] GC(391) Marking Phase 1971.294ms
[125.064s][info][gc,phases,start] GC(391) Summary Phase
[125.064s][info][gc,phases      ] GC(391) Summary Phase 0.082ms
[125.064s][info][gc,phases,start] GC(391) Adjust Roots
[125.064s][info][gc,phases      ] GC(391) Adjust Roots 0.185ms
[125.064s][info][gc,phases,start] GC(391) Compaction Phase
[125.729s][info][gc,phases      ] GC(391) Compaction Phase 664.905ms
[125.729s][info][gc,phases,start] GC(391) Post Compact
[125.742s][info][gc,phases      ] GC(391) Post Compact 12.877ms
[125.742s][info][gc,heap        ] GC(391) PSYoungGen: 156160K(349184K)->156160K(349184K) Eden: 156160K(156160K)->156160K(156160K) From: 0K(193024K)->0K(193024K)
[125.742s][info][gc,heap        ] GC(391) ParOldGen: 8533443K(8533504K)->8533443K(8533504K)
[125.742s][info][gc,metaspace   ] GC(391) Metaspace: 6302K(6528K)->6302K(6528K) NonClass: 5769K(5888K)->5769K(5888K) Class: 533K(640K)->533K(640K)
[125.742s][info][gc             ] GC(391) Pause Full (Ergonomics) 8485M->8485M(8674M) 2649.683ms
[125.742s][info][gc,cpu         ] GC(391) User=20.02s Sys=0.00s Real=2.65s
[125.742s][info][gc,start       ] GC(392) Pause Full (Ergonomics)
[125.742s][info][gc,phases,start] GC(392) Marking Phase
[127.719s][info][gc,phases      ] GC(392) Marking Phase 1977.073ms
[127.719s][info][gc,phases,start] GC(392) Summary Phase
[127.719s][info][gc,phases      ] GC(392) Summary Phase 0.082ms
[127.719s][info][gc,phases,start] GC(392) Adjust Roots
[127.720s][info][gc,phases      ] GC(392) Adjust Roots 0.169ms
[127.720s][info][gc,phases,start] GC(392) Compaction Phase
[128.398s][info][gc,phases      ] GC(392) Compaction Phase 678.561ms
[128.398s][info][gc,phases,start] GC(392) Post Compact
[128.411s][info][gc,phases      ] GC(392) Post Compact 13.053ms
[128.411s][info][gc,heap        ] GC(392) PSYoungGen: 156160K(349184K)->156160K(349184K) Eden: 156160K(156160K)->156160K(156160K) From: 0K(193024K)->0K(193024K)
[128.411s][info][gc,heap        ] GC(392) ParOldGen: 8533448K(8533504K)->8533448K(8533504K)
[128.411s][info][gc,metaspace   ] GC(392) Metaspace: 6302K(6528K)->6302K(6528K) NonClass: 5769K(5888K)->5769K(5888K) Class: 533K(640K)->533K(640K)
[128.411s][info][gc             ] GC(392) Pause Full (Ergonomics) 8485M->8485M(8674M) 2669.294ms
[128.411s][info][gc,cpu         ] GC(392) User=19.88s Sys=0.00s Real=2.67s
[128.412s][info][gc,start       ] GC(393) Pause Full (Ergonomics)
[128.412s][info][gc,phases,start] GC(393) Marking Phase
[130.424s][info][gc,phases      ] GC(393) Marking Phase 2011.959ms
[130.424s][info][gc,phases,start] GC(393) Summary Phase
[130.424s][info][gc,phases      ] GC(393) Summary Phase 0.117ms
[130.424s][info][gc,phases,start] GC(393) Adjust Roots
[130.424s][info][gc,phases      ] GC(393) Adjust Roots 0.179ms
[130.424s][info][gc,phases,start] GC(393) Compaction Phase
[131.102s][info][gc,phases      ] GC(393) Compaction Phase 678.223ms
[131.102s][info][gc,phases,start] GC(393) Post Compact
[131.115s][info][gc,phases      ] GC(393) Post Compact 12.786ms
[131.115s][info][gc,heap        ] GC(393) PSYoungGen: 156160K(349184K)->156160K(349184K) Eden: 156160K(156160K)->156160K(156160K) From: 0K(193024K)->0K(193024K)
[131.115s][info][gc,heap        ] GC(393) ParOldGen: 8533452K(8533504K)->8533452K(8533504K)
[131.115s][info][gc,metaspace   ] GC(393) Metaspace: 6302K(6528K)->6302K(6528K) NonClass: 5769K(5888K)->5769K(5888K) Class: 533K(640K)->533K(640K)
[131.115s][info][gc             ] GC(393) Pause Full (Ergonomics) 8485M->8485M(8674M) 2703.610ms
[131.115s][info][gc,cpu         ] GC(393) User=20.36s Sys=0.00s Real=2.70s
[131.115s][info][gc,start       ] GC(394) Pause Full (Ergonomics)
[131.116s][info][gc,phases,start] GC(394) Marking Phase
[133.104s][info][gc,phases      ] GC(394) Marking Phase 1987.990ms
[133.104s][info][gc,phases,start] GC(394) Summary Phase
[133.104s][info][gc,phases      ] GC(394) Summary Phase 0.082ms
[133.104s][info][gc,phases,start] GC(394) Adjust Roots
[133.104s][info][gc,phases      ] GC(394) Adjust Roots 0.167ms
[133.104s][info][gc,phases,start] GC(394) Compaction Phase
[133.790s][info][gc,phases      ] GC(394) Compaction Phase 686.420ms
[133.790s][info][gc,phases,start] GC(394) Post Compact
[133.803s][info][gc,phases      ] GC(394) Post Compact 13.024ms
[133.803s][info][gc,heap        ] GC(394) PSYoungGen: 156160K(349184K)->156160K(349184K) Eden: 156160K(156160K)->156160K(156160K) From: 0K(193024K)->0K(193024K)
[133.803s][info][gc,heap        ] GC(394) ParOldGen: 8533457K(8533504K)->8533457K(8533504K)
[133.803s][info][gc,metaspace   ] GC(394) Metaspace: 6302K(6528K)->6302K(6528K) NonClass: 5769K(5888K)->5769K(5888K) Class: 533K(640K)->533K(640K)
[133.804s][info][gc             ] GC(394) Pause Full (Ergonomics) 8485M->8485M(8674M) 2688.042ms
[133.804s][info][gc,cpu         ] GC(394) User=20.09s Sys=0.02s Real=2.69s
[133.804s][info][gc,start       ] GC(395) Pause Full (Ergonomics)
[133.804s][info][gc,phases,start] GC(395) Marking Phase
[135.822s][info][gc,phases      ] GC(395) Marking Phase 2018.182ms
[135.822s][info][gc,phases,start] GC(395) Summary Phase
[135.822s][info][gc,phases      ] GC(395) Summary Phase 0.089ms
[135.822s][info][gc,phases,start] GC(395) Adjust Roots
[135.822s][info][gc,phases      ] GC(395) Adjust Roots 0.222ms
[135.822s][info][gc,phases,start] GC(395) Compaction Phase
[136.513s][info][gc,phases      ] GC(395) Compaction Phase 690.955ms
[136.513s][info][gc,phases,start] GC(395) Post Compact
[136.526s][info][gc,phases      ] GC(395) Post Compact 12.916ms
[136.526s][info][gc,heap        ] GC(395) PSYoungGen: 156160K(349184K)->156160K(349184K) Eden: 156160K(156160K)->156160K(156160K) From: 0K(193024K)->0K(193024K)
[136.526s][info][gc,heap        ] GC(395) ParOldGen: 8533462K(8533504K)->8533462K(8533504K)
[136.526s][info][gc,metaspace   ] GC(395) Metaspace: 6302K(6528K)->6302K(6528K) NonClass: 5769K(5888K)->5769K(5888K) Class: 533K(640K)->533K(640K)
[136.526s][info][gc             ] GC(395) Pause Full (Ergonomics) 8485M->8485M(8674M) 2722.718ms
[136.526s][info][gc,cpu         ] GC(395) User=20.11s Sys=0.00s Real=2.72s
[136.527s][info][gc,start       ] GC(396) Pause Full (Ergonomics)
[136.527s][info][gc,phases,start] GC(396) Marking Phase
[138.526s][info][gc,phases      ] GC(396) Marking Phase 1999.758ms
[138.527s][info][gc,phases,start] GC(396) Summary Phase
[138.527s][info][gc,phases      ] GC(396) Summary Phase 0.083ms
[138.527s][info][gc,phases,start] GC(396) Adjust Roots
[138.527s][info][gc,phases      ] GC(396) Adjust Roots 0.175ms
[138.527s][info][gc,phases,start] GC(396) Compaction Phase
[139.234s][info][gc,phases      ] GC(396) Compaction Phase 707.248ms
[139.234s][info][gc,phases,start] GC(396) Post Compact
[139.247s][info][gc,phases      ] GC(396) Post Compact 12.889ms
[139.247s][info][gc,heap        ] GC(396) PSYoungGen: 156160K(349184K)->156160K(349184K) Eden: 156160K(156160K)->156160K(156160K) From: 0K(193024K)->0K(193024K)
[139.247s][info][gc,heap        ] GC(396) ParOldGen: 8533467K(8533504K)->8533467K(8533504K)
[139.247s][info][gc,metaspace   ] GC(396) Metaspace: 6302K(6528K)->6302K(6528K) NonClass: 5769K(5888K)->5769K(5888K) Class: 533K(640K)->533K(640K)
[139.247s][info][gc             ] GC(396) Pause Full (Ergonomics) 8485M->8485M(8674M) 2720.494ms
[139.247s][info][gc,cpu         ] GC(396) User=20.30s Sys=0.00s Real=2.72s
[139.247s][info][gc,start       ] GC(397) Pause Full (Ergonomics)
[139.247s][info][gc,phases,start] GC(397) Marking Phase
[141.284s][info][gc,phases      ] GC(397) Marking Phase 2036.892ms
[141.284s][info][gc,phases,start] GC(397) Summary Phase
[141.284s][info][gc,phases      ] GC(397) Summary Phase 0.093ms
[141.284s][info][gc,phases,start] GC(397) Adjust Roots
[141.285s][info][gc,phases      ] GC(397) Adjust Roots 0.212ms
[141.285s][info][gc,phases,start] GC(397) Compaction Phase
[141.987s][info][gc,phases      ] GC(397) Compaction Phase 702.566ms
[141.987s][info][gc,phases,start] GC(397) Post Compact
[142.000s][info][gc,phases      ] GC(397) Post Compact 12.868ms
[142.000s][info][gc,heap        ] GC(397) PSYoungGen: 156160K(349184K)->156160K(349184K) Eden: 156160K(156160K)->156160K(156160K) From: 0K(193024K)->0K(193024K)
[142.000s][info][gc,heap        ] GC(397) ParOldGen: 8533472K(8533504K)->8533472K(8533504K)
[142.000s][info][gc,metaspace   ] GC(397) Metaspace: 6302K(6528K)->6302K(6528K) NonClass: 5769K(5888K)->5769K(5888K) Class: 533K(640K)->533K(640K)
[142.000s][info][gc             ] GC(397) Pause Full (Ergonomics) 8485M->8485M(8674M) 2752.951ms
[142.000s][info][gc,cpu         ] GC(397) User=20.56s Sys=0.00s Real=2.75s
[142.001s][info][gc,start       ] GC(398) Pause Full (Ergonomics)
[142.001s][info][gc,phases,start] GC(398) Marking Phase
[144.040s][info][gc,phases      ] GC(398) Marking Phase 2038.997ms
[144.040s][info][gc,phases,start] GC(398) Summary Phase
[144.040s][info][gc,phases      ] GC(398) Summary Phase 0.104ms
[144.040s][info][gc,phases,start] GC(398) Adjust Roots
[144.040s][info][gc,phases      ] GC(398) Adjust Roots 0.227ms
[144.040s][info][gc,phases,start] GC(398) Compaction Phase
[144.751s][info][gc,phases      ] GC(398) Compaction Phase 710.821ms
[144.751s][info][gc,phases,start] GC(398) Post Compact
[144.764s][info][gc,phases      ] GC(398) Post Compact 12.880ms
[144.764s][info][gc,heap        ] GC(398) PSYoungGen: 156160K(349184K)->156160K(349184K) Eden: 156160K(156160K)->156160K(156160K) From: 0K(193024K)->0K(193024K)
[144.764s][info][gc,heap        ] GC(398) ParOldGen: 8533477K(8533504K)->8533477K(8533504K)
[144.764s][info][gc,metaspace   ] GC(398) Metaspace: 6302K(6528K)->6302K(6528K) NonClass: 5769K(5888K)->5769K(5888K) Class: 533K(640K)->533K(640K)
[144.764s][info][gc             ] GC(398) Pause Full (Ergonomics) 8485M->8485M(8674M) 2763.428ms
[144.764s][info][gc,cpu         ] GC(398) User=20.80s Sys=0.00s Real=2.76s
[144.764s][info][gc,start       ] GC(399) Pause Full (Ergonomics)
[144.764s][info][gc,phases,start] GC(399) Marking Phase
[146.780s][info][gc,phases      ] GC(399) Marking Phase 2015.621ms
[146.780s][info][gc,phases,start] GC(399) Summary Phase
[146.780s][info][gc,phases      ] GC(399) Summary Phase 0.088ms
[146.780s][info][gc,phases,start] GC(399) Adjust Roots
[146.780s][info][gc,phases      ] GC(399) Adjust Roots 0.187ms
[146.780s][info][gc,phases,start] GC(399) Compaction Phase
[147.499s][info][gc,phases      ] GC(399) Compaction Phase 719.283ms
[147.500s][info][gc,phases,start] GC(399) Post Compact
[147.512s][info][gc,phases      ] GC(399) Post Compact 12.906ms
[147.513s][info][gc,heap        ] GC(399) PSYoungGen: 156160K(349184K)->156160K(349184K) Eden: 156160K(156160K)->156160K(156160K) From: 0K(193024K)->0K(193024K)
[147.513s][info][gc,heap        ] GC(399) ParOldGen: 8533481K(8533504K)->8533481K(8533504K)
[147.513s][info][gc,metaspace   ] GC(399) Metaspace: 6302K(6528K)->6302K(6528K) NonClass: 5769K(5888K)->5769K(5888K) Class: 533K(640K)->533K(640K)
[147.513s][info][gc             ] GC(399) Pause Full (Ergonomics) 8485M->8485M(8674M) 2748.411ms
[147.513s][info][gc,cpu         ] GC(399) User=20.45s Sys=0.00s Real=2.75s
[147.513s][info][gc,start       ] GC(400) Pause Full (Ergonomics)
[147.513s][info][gc,phases,start] GC(400) Marking Phase
[149.554s][info][gc,phases      ] GC(400) Marking Phase 2040.810ms
[149.554s][info][gc,phases,start] GC(400) Summary Phase
[149.554s][info][gc,phases      ] GC(400) Summary Phase 0.118ms
[149.554s][info][gc,phases,start] GC(400) Adjust Roots
[149.554s][info][gc,phases      ] GC(400) Adjust Roots 0.172ms
[149.554s][info][gc,phases,start] GC(400) Compaction Phase
[150.290s][info][gc,phases      ] GC(400) Compaction Phase 735.637ms
[150.290s][info][gc,phases,start] GC(400) Post Compact
[150.303s][info][gc,phases      ] GC(400) Post Compact 13.233ms
[150.303s][info][gc,heap        ] GC(400) PSYoungGen: 156160K(349184K)->156160K(349184K) Eden: 156160K(156160K)->156160K(156160K) From: 0K(193024K)->0K(193024K)
[150.303s][info][gc,heap        ] GC(400) ParOldGen: 8533486K(8533504K)->8533486K(8533504K)
[150.303s][info][gc,metaspace   ] GC(400) Metaspace: 6302K(6528K)->6302K(6528K) NonClass: 5769K(5888K)->5769K(5888K) Class: 533K(640K)->533K(640K)
[150.303s][info][gc             ] GC(400) Pause Full (Ergonomics) 8485M->8485M(8674M) 2790.319ms
[150.303s][info][gc,cpu         ] GC(400) User=20.58s Sys=0.00s Real=2.79s
[150.303s][info][gc,start       ] GC(401) Pause Full (Ergonomics)
[150.303s][info][gc,phases,start] GC(401) Marking Phase
[152.334s][info][gc,phases      ] GC(401) Marking Phase 2030.716ms
[152.334s][info][gc,phases,start] GC(401) Summary Phase
[152.334s][info][gc,phases      ] GC(401) Summary Phase 0.091ms
[152.334s][info][gc,phases,start] GC(401) Adjust Roots
[152.334s][info][gc,phases      ] GC(401) Adjust Roots 0.234ms
[152.334s][info][gc,phases,start] GC(401) Compaction Phase
[153.054s][info][gc,phases      ] GC(401) Compaction Phase 719.800ms
[153.054s][info][gc,phases,start] GC(401) Post Compact
[153.067s][info][gc,phases      ] GC(401) Post Compact 12.966ms
[153.067s][info][gc,heap        ] GC(401) PSYoungGen: 156160K(349184K)->156160K(349184K) Eden: 156160K(156160K)->156160K(156160K) From: 0K(193024K)->0K(193024K)
[153.067s][info][gc,heap        ] GC(401) ParOldGen: 8533491K(8533504K)->8533491K(8533504K)
[153.067s][info][gc,metaspace   ] GC(401) Metaspace: 6302K(6528K)->6302K(6528K) NonClass: 5769K(5888K)->5769K(5888K) Class: 533K(640K)->533K(640K)
[153.067s][info][gc             ] GC(401) Pause Full (Ergonomics) 8485M->8485M(8674M) 2764.152ms
[153.067s][info][gc,cpu         ] GC(401) User=20.48s Sys=0.00s Real=2.76s
[153.068s][info][gc,start       ] GC(402) Pause Full (Ergonomics)
[153.068s][info][gc,phases,start] GC(402) Marking Phase
[155.138s][info][gc,phases      ] GC(402) Marking Phase 2070.455ms
[155.138s][info][gc,phases,start] GC(402) Summary Phase
[155.138s][info][gc,phases      ] GC(402) Summary Phase 0.149ms
[155.138s][info][gc,phases,start] GC(402) Adjust Roots
[155.139s][info][gc,phases      ] GC(402) Adjust Roots 0.341ms
[155.139s][info][gc,phases,start] GC(402) Compaction Phase
[155.856s][info][gc,phases      ] GC(402) Compaction Phase 717.560ms
[155.856s][info][gc,phases,start] GC(402) Post Compact
[155.869s][info][gc,phases      ] GC(402) Post Compact 12.922ms
[155.869s][info][gc,heap        ] GC(402) PSYoungGen: 156160K(349184K)->156160K(349184K) Eden: 156160K(156160K)->156160K(156160K) From: 0K(193024K)->0K(193024K)
[155.870s][info][gc,heap        ] GC(402) ParOldGen: 8533496K(8533504K)->8533496K(8533504K)
[155.870s][info][gc,metaspace   ] GC(402) Metaspace: 6302K(6528K)->6302K(6528K) NonClass: 5769K(5888K)->5769K(5888K) Class: 533K(640K)->533K(640K)
[155.870s][info][gc             ] GC(402) Pause Full (Ergonomics) 8485M->8485M(8674M) 2801.864ms
[155.870s][info][gc,cpu         ] GC(402) User=20.86s Sys=0.00s Real=2.80s
[155.870s][info][gc,start       ] GC(403) Pause Full (Ergonomics)
[155.870s][info][gc,phases,start] GC(403) Marking Phase
[157.945s][info][gc,phases      ] GC(403) Marking Phase 2075.235ms
[157.945s][info][gc,phases,start] GC(403) Summary Phase
[157.945s][info][gc,phases      ] GC(403) Summary Phase 0.082ms
[157.945s][info][gc,phases,start] GC(403) Adjust Roots
[157.945s][info][gc,phases      ] GC(403) Adjust Roots 0.166ms
[157.945s][info][gc,phases,start] GC(403) Compaction Phase
[158.668s][info][gc,phases      ] GC(403) Compaction Phase 722.497ms
[158.668s][info][gc,phases,start] GC(403) Post Compact
[158.681s][info][gc,phases      ] GC(403) Post Compact 12.845ms
[158.681s][info][gc,heap        ] GC(403) PSYoungGen: 156160K(349184K)->156160K(349184K) Eden: 156160K(156160K)->156160K(156160K) From: 0K(193024K)->0K(193024K)
[158.681s][info][gc,heap        ] GC(403) ParOldGen: 8533501K(8533504K)->8533501K(8533504K)
[158.681s][info][gc,metaspace   ] GC(403) Metaspace: 6302K(6528K)->6302K(6528K) NonClass: 5769K(5888K)->5769K(5888K) Class: 533K(640K)->533K(640K)
[158.681s][info][gc             ] GC(403) Pause Full (Ergonomics) 8485M->8485M(8674M) 2811.188ms
[158.681s][info][gc,cpu         ] GC(403) User=20.92s Sys=0.00s Real=2.81s
[158.681s][info][gc,start       ] GC(404) Pause Full (Ergonomics)
[158.681s][info][gc,phases,start] GC(404) Marking Phase
[160.749s][info][gc,phases      ] GC(404) Marking Phase 2067.460ms
[160.749s][info][gc,phases,start] GC(404) Summary Phase
[160.749s][info][gc,phases      ] GC(404) Summary Phase 0.096ms
[160.749s][info][gc,phases,start] GC(404) Adjust Roots
[160.749s][info][gc,phases      ] GC(404) Adjust Roots 0.171ms
[160.749s][info][gc,phases,start] GC(404) Compaction Phase
[161.479s][info][gc,phases      ] GC(404) Compaction Phase 730.143ms
[161.479s][info][gc,phases,start] GC(404) Post Compact
[161.492s][info][gc,phases      ] GC(404) Post Compact 12.880ms
[161.492s][info][gc,heap        ] GC(404) PSYoungGen: 156160K(349184K)->156160K(349184K) Eden: 156160K(156160K)->156160K(156160K) From: 0K(193024K)->0K(193024K)
[161.492s][info][gc,heap        ] GC(404) ParOldGen: 8533503K(8533504K)->8533503K(8533504K)
[161.492s][info][gc,metaspace   ] GC(404) Metaspace: 6302K(6528K)->6302K(6528K) NonClass: 5769K(5888K)->5769K(5888K) Class: 533K(640K)->533K(640K)
[161.492s][info][gc             ] GC(404) Pause Full (Ergonomics) 8485M->8485M(8674M) 2811.100ms
[161.492s][info][gc,cpu         ] GC(404) User=20.83s Sys=0.00s Real=2.81s
[161.492s][info][gc,start       ] GC(405) Pause Full (Allocation Failure)
[161.492s][info][gc,phases,start] GC(405) Marking Phase
[163.600s][info][gc,phases      ] GC(405) Marking Phase 2107.579ms
[163.600s][info][gc,phases,start] GC(405) Summary Phase
[163.600s][info][gc,phases      ] GC(405) Summary Phase 0.091ms
[163.600s][info][gc,phases,start] GC(405) Adjust Roots
[163.601s][info][gc,phases      ] GC(405) Adjust Roots 0.444ms
[163.601s][info][gc,phases,start] GC(405) Compaction Phase
[165.788s][info][gc,phases      ] GC(405) Compaction Phase 2187.485ms
[165.788s][info][gc,phases,start] GC(405) Post Compact
[165.801s][info][gc,phases      ] GC(405) Post Compact 13.055ms
[165.801s][info][gc,heap        ] GC(405) PSYoungGen: 156160K(349184K)->156160K(349184K) Eden: 156160K(156160K)->156160K(156160K) From: 0K(193024K)->0K(193024K)
[165.801s][info][gc,heap        ] GC(405) ParOldGen: 8533503K(8533504K)->8533499K(8533504K)
[165.801s][info][gc,metaspace   ] GC(405) Metaspace: 6302K(6528K)->6300K(6528K) NonClass: 5769K(5888K)->5768K(5888K) Class: 533K(640K)->532K(640K)
[165.801s][info][gc             ] GC(405) Pause Full (Allocation Failure) 8485M->8485M(8674M) 4308.986ms
[165.801s][info][gc,cpu         ] GC(405) User=32.41s Sys=0.00s Real=4.31s
[165.802s][info][gc,start       ] GC(406) Pause Full (Ergonomics)
[165.802s][info][gc,phases,start] GC(406) Marking Phase
[167.876s][info][gc,phases      ] GC(406) Marking Phase 2074.012ms
[167.876s][info][gc,phases,start] GC(406) Summary Phase
[167.876s][info][gc,phases      ] GC(406) Summary Phase 0.086ms
[167.876s][info][gc,phases,start] GC(406) Adjust Roots
[167.876s][info][gc,phases      ] GC(406) Adjust Roots 0.177ms
[167.876s][info][gc,phases,start] GC(406) Compaction Phase
[168.622s][info][gc,phases      ] GC(406) Compaction Phase 745.825ms
[168.622s][info][gc,phases,start] GC(406) Post Compact
[168.635s][info][gc,phases      ] GC(406) Post Compact 13.031ms
[168.635s][info][gc,heap        ] GC(406) PSYoungGen: 156160K(349184K)->156160K(349184K) Eden: 156160K(156160K)->156160K(156160K) From: 0K(193024K)->0K(193024K)
[168.635s][info][gc,heap        ] GC(406) ParOldGen: 8533501K(8533504K)->8533501K(8533504K)
[168.635s][info][gc,metaspace   ] GC(406) Metaspace: 6300K(6528K)->6300K(6528K) NonClass: 5768K(5888K)->5768K(5888K) Class: 532K(640K)->532K(640K)
[168.635s][info][gc             ] GC(406) Pause Full (Ergonomics) 8485M->8485M(8674M) 2833.481ms
[168.635s][info][gc,cpu         ] GC(406) User=20.83s Sys=0.02s Real=2.83s
[168.636s][info][gc,start       ] GC(407) Pause Full (Ergonomics)
[168.636s][info][gc,phases,start] GC(407) Marking Phase
[170.706s][info][gc,phases      ] GC(407) Marking Phase 2070.125ms
[170.706s][info][gc,phases,start] GC(407) Summary Phase
[170.706s][info][gc,phases      ] GC(407) Summary Phase 0.083ms
[170.706s][info][gc,phases,start] GC(407) Adjust Roots
[170.706s][info][gc,phases      ] GC(407) Adjust Roots 0.162ms
[170.706s][info][gc,phases,start] GC(407) Compaction Phase
[171.395s][info][gc,phases      ] GC(407) Compaction Phase 688.786ms
[171.395s][info][gc,phases,start] GC(407) Post Compact
[171.408s][info][gc,phases      ] GC(407) Post Compact 12.741ms
[171.408s][info][gc,heap        ] GC(407) PSYoungGen: 156160K(349184K)->156160K(349184K) Eden: 156160K(156160K)->156160K(156160K) From: 0K(193024K)->0K(193024K)
[171.408s][info][gc,heap        ] GC(407) ParOldGen: 8533503K(8533504K)->8533503K(8533504K)
[171.408s][info][gc,metaspace   ] GC(407) Metaspace: 6300K(6528K)->6300K(6528K) NonClass: 5768K(5888K)->5768K(5888K) Class: 532K(640K)->532K(640K)
[171.408s][info][gc             ] GC(407) Pause Full (Ergonomics) 8485M->8485M(8674M) 2772.263ms
[171.408s][info][gc,cpu         ] GC(407) User=20.98s Sys=0.00s Real=2.77s
[171.408s][info][gc,start       ] GC(408) Pause Full (Allocation Failure)
[171.408s][info][gc,phases,start] GC(408) Marking Phase
[173.499s][info][gc,phases      ] GC(408) Marking Phase 2091.311ms
[173.499s][info][gc,phases,start] GC(408) Summary Phase
[173.499s][info][gc,phases      ] GC(408) Summary Phase 0.085ms
[173.499s][info][gc,phases,start] GC(408) Adjust Roots
[173.500s][info][gc,phases      ] GC(408) Adjust Roots 0.165ms
[173.500s][info][gc,phases,start] GC(408) Compaction Phase
[174.231s][info][gc,phases      ] GC(408) Compaction Phase 731.055ms
[174.231s][info][gc,phases,start] GC(408) Post Compact
[174.244s][info][gc,phases      ] GC(408) Post Compact 12.858ms
[174.244s][info][gc,heap        ] GC(408) PSYoungGen: 156160K(349184K)->156160K(349184K) Eden: 156160K(156160K)->156160K(156160K) From: 0K(193024K)->0K(193024K)
[174.244s][info][gc,heap        ] GC(408) ParOldGen: 8533503K(8533504K)->8533503K(8533504K)
[174.244s][info][gc,metaspace   ] GC(408) Metaspace: 6300K(6528K)->6300K(6528K) NonClass: 5768K(5888K)->5768K(5888K) Class: 532K(640K)->532K(640K)
[174.244s][info][gc             ] GC(408) Pause Full (Allocation Failure) 8485M->8485M(8674M) 2835.796ms
[174.244s][info][gc,cpu         ] GC(408) User=21.30s Sys=0.03s Real=2.84s
[174.244s][info][gc,start       ] GC(409) Pause Full (Ergonomics)
[174.244s][info][gc,phases,start] GC(409) Marking Phase
[176.319s][info][gc,phases      ] GC(409) Marking Phase 2075.057ms
[176.319s][info][gc,phases,start] GC(409) Summary Phase
[176.320s][info][gc,phases      ] GC(409) Summary Phase 0.149ms
[176.320s][info][gc,phases,start] GC(409) Adjust Roots
[176.320s][info][gc,phases      ] GC(409) Adjust Roots 0.268ms
[176.320s][info][gc,phases,start] GC(409) Compaction Phase
[178.526s][info][gc,phases      ] GC(409) Compaction Phase 2205.854ms
[178.526s][info][gc,phases,start] GC(409) Post Compact
[178.539s][info][gc,phases      ] GC(409) Post Compact 13.522ms
[178.539s][info][gc,heap        ] GC(409) PSYoungGen: 156160K(349184K)->156160K(349184K) Eden: 156160K(156160K)->156160K(156160K) From: 0K(193024K)->0K(193024K)
[178.539s][info][gc,heap        ] GC(409) ParOldGen: 8533503K(8533504K)->8533502K(8533504K)
[178.539s][info][gc,metaspace   ] GC(409) Metaspace: 6300K(6528K)->6300K(6528K) NonClass: 5768K(5888K)->5768K(5888K) Class: 532K(640K)->532K(640K)
[178.539s][info][gc             ] GC(409) Pause Full (Ergonomics) 8485M->8485M(8674M) 4295.271ms
[178.540s][info][gc,cpu         ] GC(409) User=32.08s Sys=0.02s Real=4.30s
[178.541s][info][gc,start       ] GC(410) Pause Full (Ergonomics)
[178.541s][info][gc,phases,start] GC(410) Marking Phase
[180.652s][info][gc,phases      ] GC(410) Marking Phase 2111.488ms
[180.652s][info][gc,phases,start] GC(410) Summary Phase
[180.652s][info][gc,phases      ] GC(410) Summary Phase 0.084ms
[180.652s][info][gc,phases,start] GC(410) Adjust Roots
[180.653s][info][gc,phases      ] GC(410) Adjust Roots 0.236ms
[180.653s][info][gc,phases,start] GC(410) Compaction Phase
[182.844s][info][gc,phases      ] GC(410) Compaction Phase 2191.651ms
[182.844s][info][gc,phases,start] GC(410) Post Compact
[182.858s][info][gc,phases      ] GC(410) Post Compact 13.258ms
[182.858s][info][gc,heap        ] GC(410) PSYoungGen: 156160K(349184K)->156160K(349184K) Eden: 156160K(156160K)->156160K(156160K) From: 0K(193024K)->0K(193024K)
[182.858s][info][gc,heap        ] GC(410) ParOldGen: 8533503K(8533504K)->8533502K(8533504K)
[182.858s][info][gc,metaspace   ] GC(410) Metaspace: 6301K(6528K)->6301K(6528K) NonClass: 5768K(5888K)->5768K(5888K) Class: 533K(640K)->533K(640K)
[182.858s][info][gc             ] GC(410) Pause Full (Ergonomics) 8485M->8485M(8674M) 4317.109ms
[182.858s][info][gc,cpu         ] GC(410) User=32.38s Sys=0.02s Real=4.32s
[182.858s][info][gc,heap,exit   ] Heap
[182.858s][info][gc,heap,exit   ]  PSYoungGen      total 349184K, used 156160K [0x00000006fb980000, 0x000000071d900000, 0x0000000800000000)
[182.859s][info][gc,heap,exit   ]   eden space 156160K, 100% used [0x00000006fb980000,0x0000000705200000,0x0000000705200000)
[182.859s][info][gc,heap,exit   ]   from space 193024K, 0% used [0x0000000705200000,0x0000000705200000,0x0000000710e80000)
[182.859s][info][gc,heap,exit   ]   to   space 193024K, 0% used [0x0000000711c80000,0x0000000711c80000,0x000000071d900000)
[182.859s][info][gc,heap,exit   ]  ParOldGen       total 8533504K, used 8533503K [0x00000004f2c00000, 0x00000006fb980000, 0x00000006fb980000)
[182.859s][info][gc,heap,exit   ]   object space 8533504K, 99% used [0x00000004f2c00000,0x00000006fb97fdd0,0x00000006fb980000)
[182.859s][info][gc,heap,exit   ]  Metaspace       used 6305K, committed 6528K, reserved 1114112K
[182.859s][info][gc,heap,exit   ]   class space    used 534K, committed 640K, reserved 1048576K
