[0.013s][info][gc,init] CardTable entry size: 512
[0.013s][info][gc     ] Using Parallel
[0.014s][info][gc,init] Version: 18.0.1+10 (release)
[0.014s][info][gc,init] CPUs: 8 total, 8 available
[0.014s][info][gc,init] Memory: 16063M
[0.014s][info][gc,init] Large Page Support: Disabled
[0.014s][info][gc,init] NUMA Support: Disabled
[0.014s][info][gc,init] Compressed Oops: Enabled (Zero based)
[0.014s][info][gc,init] Alignments: Space 512K, Generation 512K, Heap 2M
[0.014s][info][gc,init] Heap Min Capacity: 2M
[0.014s][info][gc,init] Heap Initial Capacity: 2M
[0.015s][info][gc,init] Heap Max Capacity: 9600M
[0.015s][info][gc,init] Pre-touch: Disabled
[0.015s][info][gc,init] Parallel Workers: 8
[0.015s][info][gc,metaspace] CDS archive(s) not mapped
[0.015s][info][gc,metaspace] Compressed class space mapped at: 0x0000000800000000-0x0000000840000000, reserved size: 1073741824
[0.015s][info][gc,metaspace] Narrow klass base: 0x0000000800000000, Narrow klass shift: 0, Narrow klass range: 0x40000000
[0.110s][info][gc,start    ] GC(0) Pause Young (Allocation Failure)
[0.111s][info][gc,heap     ] GC(0) PSYoungGen: 512K(1024K)->480K(1024K) Eden: 512K(512K)->0K(512K) From: 0K(512K)->480K(512K)
[0.111s][info][gc,heap     ] GC(0) ParOldGen: 0K(512K)->8K(512K)
[0.111s][info][gc,metaspace] GC(0) Metaspace: 4229K(4352K)->4229K(4352K) NonClass: 3908K(3968K)->3908K(3968K) Class: 321K(384K)->321K(384K)
[0.111s][info][gc          ] GC(0) Pause Young (Allocation Failure) 0M->0M(1M) 1.420ms
[0.111s][info][gc,cpu      ] GC(0) User=0.00s Sys=0.00s Real=0.00s
[0.170s][info][gc,start    ] GC(1) Pause Young (Allocation Failure)
[0.171s][info][gc,heap     ] GC(1) PSYoungGen: 991K(1024K)->512K(1536K) Eden: 511K(512K)->0K(1024K) From: 480K(512K)->512K(512K)
[0.171s][info][gc,heap     ] GC(1) ParOldGen: 8K(512K)->88K(512K)
[0.171s][info][gc,metaspace] GC(1) Metaspace: 5879K(6016K)->5879K(6016K) NonClass: 5382K(5504K)->5382K(5504K) Class: 496K(512K)->496K(512K)
[0.171s][info][gc          ] GC(1) Pause Young (Allocation Failure) 0M->0M(2M) 0.947ms
[0.171s][info][gc,cpu      ] GC(1) User=0.00s Sys=0.00s Real=0.00s
[0.190s][info][gc,start    ] GC(2) Pause Young (Allocation Failure)
[0.191s][info][gc,heap     ] GC(2) PSYoungGen: 1536K(1536K)->512K(1536K) Eden: 1024K(1024K)->0K(1024K) From: 512K(512K)->512K(512K)
[0.191s][info][gc,heap     ] GC(2) ParOldGen: 88K(512K)->504K(512K)
[0.191s][info][gc,metaspace] GC(2) Metaspace: 6298K(6464K)->6298K(6464K) NonClass: 5765K(5824K)->5765K(5824K) Class: 533K(640K)->533K(640K)
[0.191s][info][gc          ] GC(2) Pause Young (Allocation Failure) 1M->0M(2M) 1.409ms
[0.191s][info][gc,cpu      ] GC(2) User=0.00s Sys=0.00s Real=0.00s
[0.192s][info][gc,start    ] GC(3) Pause Full (Ergonomics)
[0.192s][info][gc,phases,start] GC(3) Marking Phase
[0.193s][info][gc,phases      ] GC(3) Marking Phase 0.991ms
[0.193s][info][gc,phases,start] GC(3) Summary Phase
[0.193s][info][gc,phases      ] GC(3) Summary Phase 0.015ms
[0.193s][info][gc,phases,start] GC(3) Adjust Roots
[0.193s][info][gc,phases      ] GC(3) Adjust Roots 0.382ms
[0.193s][info][gc,phases,start] GC(3) Compaction Phase
[0.195s][info][gc,phases      ] GC(3) Compaction Phase 1.545ms
[0.195s][info][gc,phases,start] GC(3) Post Compact
[0.195s][info][gc,phases      ] GC(3) Post Compact 0.073ms
[0.195s][info][gc,heap        ] GC(3) PSYoungGen: 512K(1536K)->505K(1536K) Eden: 0K(1024K)->0K(1024K) From: 512K(512K)->505K(512K)
[0.195s][info][gc,heap        ] GC(3) ParOldGen: 504K(512K)->475K(2048K)
[0.195s][info][gc,metaspace   ] GC(3) Metaspace: 6298K(6464K)->6298K(6464K) NonClass: 5765K(5824K)->5765K(5824K) Class: 533K(640K)->533K(640K)
[0.195s][info][gc             ] GC(3) Pause Full (Ergonomics) 0M->0M(3M) 3.244ms
[0.195s][info][gc,cpu         ] GC(3) User=0.00s Sys=0.00s Real=0.00s
[0.196s][info][gc,start       ] GC(4) Pause Young (Allocation Failure)
[0.197s][info][gc,heap        ] GC(4) PSYoungGen: 1529K(1536K)->480K(2560K) Eden: 1024K(1024K)->0K(2048K) From: 505K(512K)->480K(512K)
[0.198s][info][gc,heap        ] GC(4) ParOldGen: 475K(2048K)->1031K(2048K)
[0.198s][info][gc,metaspace   ] GC(4) Metaspace: 6298K(6464K)->6298K(6464K) NonClass: 5765K(5824K)->5765K(5824K) Class: 533K(640K)->533K(640K)
[0.198s][info][gc             ] GC(4) Pause Young (Allocation Failure) 1M->1M(4M) 1.407ms
[0.198s][info][gc,cpu         ] GC(4) User=0.00s Sys=0.00s Real=0.00s
[0.200s][info][gc,start       ] GC(5) Pause Young (Allocation Failure)
[0.202s][info][gc,heap        ] GC(5) PSYoungGen: 2528K(2560K)->480K(2560K) Eden: 2048K(2048K)->0K(2048K) From: 480K(512K)->480K(512K)
[0.202s][info][gc,heap        ] GC(5) ParOldGen: 1031K(2048K)->2103K(2560K)
[0.202s][info][gc,metaspace   ] GC(5) Metaspace: 6298K(6464K)->6298K(6464K) NonClass: 5765K(5824K)->5765K(5824K) Class: 533K(640K)->533K(640K)
[0.202s][info][gc             ] GC(5) Pause Young (Allocation Failure) 3M->2M(5M) 1.984ms
[0.202s][info][gc,cpu         ] GC(5) User=0.00s Sys=0.00s Real=0.00s
[0.202s][info][gc,start       ] GC(6) Pause Full (Ergonomics)
[0.203s][info][gc,phases,start] GC(6) Marking Phase
[0.204s][info][gc,phases      ] GC(6) Marking Phase 1.558ms
[0.204s][info][gc,phases,start] GC(6) Summary Phase
[0.204s][info][gc,phases      ] GC(6) Summary Phase 0.019ms
[0.204s][info][gc,phases,start] GC(6) Adjust Roots
[0.204s][info][gc,phases      ] GC(6) Adjust Roots 0.324ms
[0.204s][info][gc,phases,start] GC(6) Compaction Phase
[0.207s][info][gc,phases      ] GC(6) Compaction Phase 2.157ms
[0.207s][info][gc,phases,start] GC(6) Post Compact
[0.207s][info][gc,phases      ] GC(6) Post Compact 0.036ms
[0.207s][info][gc,heap        ] GC(6) PSYoungGen: 480K(2560K)->0K(4096K) Eden: 0K(2048K)->0K(3072K) From: 480K(512K)->0K(1024K)
[0.207s][info][gc,heap        ] GC(6) ParOldGen: 2103K(2560K)->2542K(6144K)
[0.207s][info][gc,metaspace   ] GC(6) Metaspace: 6298K(6464K)->6298K(6464K) NonClass: 5765K(5824K)->5765K(5824K) Class: 533K(640K)->533K(640K)
[0.207s][info][gc             ] GC(6) Pause Full (Ergonomics) 2M->2M(10M) 4.452ms
[0.207s][info][gc,cpu         ] GC(6) User=0.00s Sys=0.00s Real=0.00s
[0.212s][info][gc,start       ] GC(7) Pause Young (Allocation Failure)
[0.214s][info][gc,heap        ] GC(7) PSYoungGen: 3072K(4096K)->1664K(5120K) Eden: 3072K(3072K)->0K(3072K) From: 0K(1024K)->1664K(2048K)
[0.214s][info][gc,heap        ] GC(7) ParOldGen: 2542K(6144K)->2542K(6144K)
[0.214s][info][gc,metaspace   ] GC(7) Metaspace: 6298K(6464K)->6298K(6464K) NonClass: 5765K(5824K)->5765K(5824K) Class: 533K(640K)->533K(640K)
[0.214s][info][gc             ] GC(7) Pause Young (Allocation Failure) 5M->4M(11M) 1.943ms
[0.214s][info][gc,cpu         ] GC(7) User=0.00s Sys=0.00s Real=0.00s
[0.218s][info][gc,start       ] GC(8) Pause Young (Allocation Failure)
[0.221s][info][gc,heap        ] GC(8) PSYoungGen: 4736K(5120K)->2016K(5632K) Eden: 3072K(3072K)->0K(3584K) From: 1664K(2048K)->2016K(2048K)
[0.221s][info][gc,heap        ] GC(8) ParOldGen: 2542K(6144K)->3774K(6144K)
[0.221s][info][gc,metaspace   ] GC(8) Metaspace: 6298K(6464K)->6298K(6464K) NonClass: 5765K(5824K)->5765K(5824K) Class: 533K(640K)->533K(640K)
[0.221s][info][gc             ] GC(8) Pause Young (Allocation Failure) 7M->5M(11M) 3.351ms
[0.221s][info][gc,cpu         ] GC(8) User=0.00s Sys=0.00s Real=0.00s
[0.228s][info][gc,start       ] GC(9) Pause Young (Allocation Failure)
[0.232s][info][gc,heap        ] GC(9) PSYoungGen: 5600K(5632K)->3040K(6656K) Eden: 3584K(3584K)->0K(3584K) From: 2016K(2048K)->3040K(3072K)
[0.232s][info][gc,heap        ] GC(9) ParOldGen: 3774K(6144K)->4606K(6144K)
[0.232s][info][gc,metaspace   ] GC(9) Metaspace: 6298K(6464K)->6298K(6464K) NonClass: 5765K(5824K)->5765K(5824K) Class: 533K(640K)->533K(640K)
[0.232s][info][gc             ] GC(9) Pause Young (Allocation Failure) 9M->7M(12M) 4.245ms
[0.232s][info][gc,cpu         ] GC(9) User=0.00s Sys=0.00s Real=0.00s
[0.236s][info][gc,start       ] GC(10) Pause Young (Allocation Failure)
[0.241s][info][gc,heap        ] GC(10) PSYoungGen: 6624K(6656K)->4064K(9216K) Eden: 3584K(3584K)->0K(5120K) From: 3040K(3072K)->4064K(4096K)
[0.241s][info][gc,heap        ] GC(10) ParOldGen: 4606K(6144K)->5454K(6144K)
[0.241s][info][gc,metaspace   ] GC(10) Metaspace: 6298K(6464K)->6298K(6464K) NonClass: 5765K(5824K)->5765K(5824K) Class: 533K(640K)->533K(640K)
[0.241s][info][gc             ] GC(10) Pause Young (Allocation Failure) 10M->9M(15M) 4.307ms
[0.241s][info][gc,cpu         ] GC(10) User=0.00s Sys=0.00s Real=0.00s
[0.241s][info][gc,start       ] GC(11) Pause Full (Ergonomics)
[0.241s][info][gc,phases,start] GC(11) Marking Phase
[0.246s][info][gc,phases      ] GC(11) Marking Phase 4.891ms
[0.246s][info][gc,phases,start] GC(11) Summary Phase
[0.246s][info][gc,phases      ] GC(11) Summary Phase 0.019ms
[0.246s][info][gc,phases,start] GC(11) Adjust Roots
[0.246s][info][gc,phases      ] GC(11) Adjust Roots 0.439ms
[0.246s][info][gc,phases,start] GC(11) Compaction Phase
[0.253s][info][gc,phases      ] GC(11) Compaction Phase 7.157ms
[0.254s][info][gc,phases,start] GC(11) Post Compact
[0.254s][info][gc,phases      ] GC(11) Post Compact 0.059ms
[0.254s][info][gc,heap        ] GC(11) PSYoungGen: 4064K(9216K)->3545K(9216K) Eden: 0K(5120K)->0K(5120K) From: 4064K(4096K)->3545K(4096K)
[0.254s][info][gc,heap        ] GC(11) ParOldGen: 5454K(6144K)->5831K(10752K)
[0.254s][info][gc,metaspace   ] GC(11) Metaspace: 6298K(6464K)->6298K(6464K) NonClass: 5765K(5824K)->5765K(5824K) Class: 533K(640K)->533K(640K)
[0.254s][info][gc             ] GC(11) Pause Full (Ergonomics) 9M->9M(19M) 12.941ms
[0.254s][info][gc,cpu         ] GC(11) User=0.02s Sys=0.00s Real=0.01s
[0.262s][info][gc,start       ] GC(12) Pause Young (Allocation Failure)
[0.267s][info][gc,heap        ] GC(12) PSYoungGen: 8665K(9216K)->5088K(10240K) Eden: 5120K(5120K)->0K(5120K) From: 3545K(4096K)->5088K(5120K)
[0.267s][info][gc,heap        ] GC(12) ParOldGen: 5831K(10752K)->6951K(10752K)
[0.267s][info][gc,metaspace   ] GC(12) Metaspace: 6298K(6464K)->6298K(6464K) NonClass: 5765K(5824K)->5765K(5824K) Class: 533K(640K)->533K(640K)
[0.267s][info][gc             ] GC(12) Pause Young (Allocation Failure) 14M->11M(20M) 5.213ms
[0.267s][info][gc,cpu         ] GC(12) User=0.00s Sys=0.00s Real=0.01s
[0.272s][info][gc,start       ] GC(13) Pause Young (Allocation Failure)
[0.278s][info][gc,heap        ] GC(13) PSYoungGen: 10208K(10240K)->6464K(12800K) Eden: 5120K(5120K)->0K(6144K) From: 5088K(5120K)->6464K(6656K)
[0.278s][info][gc,heap        ] GC(13) ParOldGen: 6951K(10752K)->8231K(10752K)
[0.278s][info][gc,metaspace   ] GC(13) Metaspace: 6300K(6464K)->6300K(6464K) NonClass: 5767K(5824K)->5767K(5824K) Class: 533K(640K)->533K(640K)
[0.278s][info][gc             ] GC(13) Pause Young (Allocation Failure) 16M->14M(23M) 6.191ms
[0.278s][info][gc,cpu         ] GC(13) User=0.00s Sys=0.00s Real=0.01s
[0.284s][info][gc,start       ] GC(14) Pause Young (Allocation Failure)
[0.291s][info][gc,heap        ] GC(14) PSYoungGen: 12608K(12800K)->5824K(13824K) Eden: 6144K(6144K)->0K(6144K) From: 6464K(6656K)->5824K(7680K)
[0.291s][info][gc,heap        ] GC(14) ParOldGen: 8231K(10752K)->12111K(12288K)
[0.291s][info][gc,metaspace   ] GC(14) Metaspace: 6300K(6464K)->6300K(6464K) NonClass: 5767K(5824K)->5767K(5824K) Class: 533K(640K)->533K(640K)
[0.291s][info][gc             ] GC(14) Pause Young (Allocation Failure) 20M->17M(25M) 7.396ms
[0.291s][info][gc,cpu         ] GC(14) User=0.00s Sys=0.00s Real=0.01s
[0.291s][info][gc,start       ] GC(15) Pause Full (Ergonomics)
[0.291s][info][gc,phases,start] GC(15) Marking Phase
[0.300s][info][gc,phases      ] GC(15) Marking Phase 8.845ms
[0.300s][info][gc,phases,start] GC(15) Summary Phase
[0.300s][info][gc,phases      ] GC(15) Summary Phase 0.015ms
[0.300s][info][gc,phases,start] GC(15) Adjust Roots
[0.300s][info][gc,phases      ] GC(15) Adjust Roots 0.252ms
[0.300s][info][gc,phases,start] GC(15) Compaction Phase
[0.309s][info][gc,phases      ] GC(15) Compaction Phase 8.907ms
[0.309s][info][gc,phases,start] GC(15) Post Compact
[0.309s][info][gc,phases      ] GC(15) Post Compact 0.068ms
[0.310s][info][gc,heap        ] GC(15) PSYoungGen: 5824K(13824K)->5758K(13824K) Eden: 0K(6144K)->0K(6144K) From: 5824K(7680K)->5758K(7680K)
[0.310s][info][gc,heap        ] GC(15) ParOldGen: 12111K(12288K)->12006K(18944K)
[0.310s][info][gc,metaspace   ] GC(15) Metaspace: 6300K(6464K)->6300K(6464K) NonClass: 5767K(5824K)->5767K(5824K) Class: 533K(640K)->533K(640K)
[0.310s][info][gc             ] GC(15) Pause Full (Ergonomics) 17M->17M(32M) 18.491ms
[0.310s][info][gc,cpu         ] GC(15) User=0.00s Sys=0.00s Real=0.02s
[0.314s][info][gc,start       ] GC(16) Pause Young (Allocation Failure)
[0.323s][info][gc,heap        ] GC(16) PSYoungGen: 11902K(13824K)->3200K(15872K) Eden: 6144K(6144K)->0K(8704K) From: 5758K(7680K)->3200K(7168K)
[0.323s][info][gc,heap        ] GC(16) ParOldGen: 12006K(18944K)->17862K(18944K)
[0.323s][info][gc,metaspace   ] GC(16) Metaspace: 6300K(6464K)->6300K(6464K) NonClass: 5767K(5824K)->5767K(5824K) Class: 533K(640K)->533K(640K)
[0.323s][info][gc             ] GC(16) Pause Young (Allocation Failure) 23M->20M(34M) 8.694ms
[0.323s][info][gc,cpu         ] GC(16) User=0.00s Sys=0.00s Real=0.01s
[0.323s][info][gc,start       ] GC(17) Pause Full (Ergonomics)
[0.323s][info][gc,phases,start] GC(17) Marking Phase
[0.333s][info][gc,phases      ] GC(17) Marking Phase 10.273ms
[0.333s][info][gc,phases,start] GC(17) Summary Phase
[0.333s][info][gc,phases      ] GC(17) Summary Phase 0.019ms
[0.333s][info][gc,phases,start] GC(17) Adjust Roots
[0.334s][info][gc,phases      ] GC(17) Adjust Roots 0.236ms
[0.334s][info][gc,phases,start] GC(17) Compaction Phase
[0.344s][info][gc,phases      ] GC(17) Compaction Phase 9.834ms
[0.344s][info][gc,phases,start] GC(17) Post Compact
[0.344s][info][gc,phases      ] GC(17) Post Compact 0.117ms
[0.344s][info][gc,heap        ] GC(17) PSYoungGen: 3200K(15872K)->2146K(16384K) Eden: 0K(8704K)->0K(9216K) From: 3200K(7168K)->2146K(7168K)
[0.344s][info][gc,heap        ] GC(17) ParOldGen: 17862K(18944K)->18786K(28672K)
[0.344s][info][gc,metaspace   ] GC(17) Metaspace: 6300K(6464K)->6300K(6464K) NonClass: 5767K(5824K)->5767K(5824K) Class: 533K(640K)->533K(640K)
[0.344s][info][gc             ] GC(17) Pause Full (Ergonomics) 20M->20M(44M) 21.006ms
[0.344s][info][gc,cpu         ] GC(17) User=0.00s Sys=0.00s Real=0.02s
[0.353s][info][gc,start       ] GC(18) Pause Young (Allocation Failure)
[0.360s][info][gc,heap        ] GC(18) PSYoungGen: 11362K(16384K)->5312K(16896K) Eden: 9216K(9216K)->0K(9216K) From: 2146K(7168K)->5312K(7680K)
[0.360s][info][gc,heap        ] GC(18) ParOldGen: 18786K(28672K)->20978K(28672K)
[0.360s][info][gc,metaspace   ] GC(18) Metaspace: 6300K(6464K)->6300K(6464K) NonClass: 5767K(5824K)->5767K(5824K) Class: 533K(640K)->533K(640K)
[0.360s][info][gc             ] GC(18) Pause Young (Allocation Failure) 29M->25M(44M) 7.091ms
[0.360s][info][gc,cpu         ] GC(18) User=0.00s Sys=0.00s Real=0.01s
[0.367s][info][gc,start       ] GC(19) Pause Young (Allocation Failure)
[0.376s][info][gc,heap        ] GC(19) PSYoungGen: 14528K(16896K)->4800K(20480K) Eden: 9216K(9216K)->0K(12288K) From: 5312K(7680K)->4800K(8192K)
[0.376s][info][gc,heap        ] GC(19) ParOldGen: 20978K(28672K)->26314K(28672K)
[0.376s][info][gc,metaspace   ] GC(19) Metaspace: 6300K(6464K)->6300K(6464K) NonClass: 5767K(5824K)->5767K(5824K) Class: 533K(640K)->533K(640K)
[0.376s][info][gc             ] GC(19) Pause Young (Allocation Failure) 34M->30M(48M) 9.169ms
[0.376s][info][gc,cpu         ] GC(19) User=0.00s Sys=0.00s Real=0.01s
[0.376s][info][gc,start       ] GC(20) Pause Full (Ergonomics)
[0.376s][info][gc,phases,start] GC(20) Marking Phase
[0.391s][info][gc,phases      ] GC(20) Marking Phase 14.309ms
[0.391s][info][gc,phases,start] GC(20) Summary Phase
[0.391s][info][gc,phases      ] GC(20) Summary Phase 0.018ms
[0.391s][info][gc,phases,start] GC(20) Adjust Roots
[0.391s][info][gc,phases      ] GC(20) Adjust Roots 0.181ms
[0.391s][info][gc,phases,start] GC(20) Compaction Phase
[0.402s][info][gc,phases      ] GC(20) Compaction Phase 10.778ms
[0.402s][info][gc,phases,start] GC(20) Post Compact
[0.402s][info][gc,phases      ] GC(20) Post Compact 0.105ms
[0.402s][info][gc,heap        ] GC(20) PSYoungGen: 4800K(20480K)->2206K(20480K) Eden: 0K(12288K)->0K(12288K) From: 4800K(8192K)->2206K(8192K)
[0.402s][info][gc,heap        ] GC(20) ParOldGen: 26314K(28672K)->28232K(39936K)
[0.402s][info][gc,metaspace   ] GC(20) Metaspace: 6300K(6464K)->6300K(6464K) NonClass: 5767K(5824K)->5767K(5824K) Class: 533K(640K)->533K(640K)
[0.402s][info][gc             ] GC(20) Pause Full (Ergonomics) 30M->29M(59M) 25.728ms
[0.402s][info][gc,cpu         ] GC(20) User=0.00s Sys=0.00s Real=0.03s
[0.413s][info][gc,start       ] GC(21) Pause Young (Allocation Failure)
[0.424s][info][gc,heap        ] GC(21) PSYoungGen: 14494K(20480K)->8192K(20480K) Eden: 12288K(12288K)->0K(12288K) From: 2206K(8192K)->8192K(8192K)
[0.425s][info][gc,heap        ] GC(21) ParOldGen: 28232K(39936K)->33824K(39936K)
[0.425s][info][gc,metaspace   ] GC(21) Metaspace: 6300K(6464K)->6300K(6464K) NonClass: 5767K(5824K)->5767K(5824K) Class: 533K(640K)->533K(640K)
[0.425s][info][gc             ] GC(21) Pause Young (Allocation Failure) 41M->41M(59M) 11.073ms
[0.425s][info][gc,cpu         ] GC(21) User=0.02s Sys=0.00s Real=0.01s
[0.425s][info][gc,start       ] GC(22) Pause Full (Ergonomics)
[0.425s][info][gc,phases,start] GC(22) Marking Phase
[0.441s][info][gc,phases      ] GC(22) Marking Phase 16.705ms
[0.441s][info][gc,phases,start] GC(22) Summary Phase
[0.441s][info][gc,phases      ] GC(22) Summary Phase 0.017ms
[0.441s][info][gc,phases,start] GC(22) Adjust Roots
[0.442s][info][gc,phases      ] GC(22) Adjust Roots 0.168ms
[0.442s][info][gc,phases,start] GC(22) Compaction Phase
[0.453s][info][gc,phases      ] GC(22) Compaction Phase 11.135ms
[0.453s][info][gc,phases,start] GC(22) Post Compact
[0.453s][info][gc,phases      ] GC(22) Post Compact 0.167ms
[0.453s][info][gc,heap        ] GC(22) PSYoungGen: 8192K(20480K)->2044K(20480K) Eden: 0K(12288K)->0K(12288K) From: 8192K(8192K)->2044K(8192K)
[0.453s][info][gc,heap        ] GC(22) ParOldGen: 33824K(39936K)->39855K(54272K)
[0.453s][info][gc,metaspace   ] GC(22) Metaspace: 6300K(6464K)->6300K(6464K) NonClass: 5767K(5824K)->5767K(5824K) Class: 533K(640K)->533K(640K)
[0.453s][info][gc             ] GC(22) Pause Full (Ergonomics) 41M->40M(73M) 28.612ms
[0.453s][info][gc,cpu         ] GC(22) User=0.03s Sys=0.00s Real=0.03s
[0.470s][info][gc,start       ] GC(23) Pause Young (Allocation Failure)
[0.483s][info][gc,heap        ] GC(23) PSYoungGen: 14332K(20480K)->11744K(24064K) Eden: 12288K(12288K)->0K(12288K) From: 2044K(8192K)->11744K(11776K)
[0.483s][info][gc,heap        ] GC(23) ParOldGen: 39855K(54272K)->42487K(54272K)
[0.483s][info][gc,metaspace   ] GC(23) Metaspace: 6300K(6464K)->6300K(6464K) NonClass: 5767K(5824K)->5767K(5824K) Class: 533K(640K)->533K(640K)
[0.483s][info][gc             ] GC(23) Pause Young (Allocation Failure) 52M->52M(76M) 13.264ms
[0.483s][info][gc,cpu         ] GC(23) User=0.00s Sys=0.02s Real=0.01s
[0.497s][info][gc,start       ] GC(24) Pause Young (Allocation Failure)
[0.511s][info][gc,heap        ] GC(24) PSYoungGen: 24032K(24064K)->12320K(26624K) Eden: 12288K(12288K)->0K(12288K) From: 11744K(11776K)->12320K(14336K)
[0.511s][info][gc,heap        ] GC(24) ParOldGen: 42487K(54272K)->54375K(54784K)
[0.511s][info][gc,metaspace   ] GC(24) Metaspace: 6300K(6464K)->6300K(6464K) NonClass: 5767K(5824K)->5767K(5824K) Class: 533K(640K)->533K(640K)
[0.511s][info][gc             ] GC(24) Pause Young (Allocation Failure) 64M->65M(79M) 14.729ms
[0.511s][info][gc,cpu         ] GC(24) User=0.02s Sys=0.00s Real=0.01s
[0.512s][info][gc,start       ] GC(25) Pause Full (Ergonomics)
[0.512s][info][gc,phases,start] GC(25) Marking Phase
[0.537s][info][gc,phases      ] GC(25) Marking Phase 25.068ms
[0.537s][info][gc,phases,start] GC(25) Summary Phase
[0.537s][info][gc,phases      ] GC(25) Summary Phase 0.020ms
[0.537s][info][gc,phases,start] GC(25) Adjust Roots
[0.537s][info][gc,phases      ] GC(25) Adjust Roots 0.164ms
[0.537s][info][gc,phases,start] GC(25) Compaction Phase
[0.556s][info][gc,phases      ] GC(25) Compaction Phase 18.787ms
[0.556s][info][gc,phases,start] GC(25) Post Compact
[0.556s][info][gc,phases      ] GC(25) Post Compact 0.259ms
[0.556s][info][gc,heap        ] GC(25) PSYoungGen: 12320K(26624K)->10723K(26624K) Eden: 0K(12288K)->0K(12288K) From: 12320K(14336K)->10723K(14336K)
[0.556s][info][gc,heap        ] GC(25) ParOldGen: 54375K(54784K)->54671K(73728K)
[0.556s][info][gc,metaspace   ] GC(25) Metaspace: 6300K(6464K)->6300K(6464K) NonClass: 5767K(5824K)->5767K(5824K) Class: 533K(640K)->533K(640K)
[0.556s][info][gc             ] GC(25) Pause Full (Ergonomics) 65M->63M(98M) 44.687ms
[0.556s][info][gc,cpu         ] GC(25) User=0.05s Sys=0.00s Real=0.05s
[0.568s][info][gc,start       ] GC(26) Pause Young (Allocation Failure)
[0.587s][info][gc,heap        ] GC(26) PSYoungGen: 23011K(26624K)->16384K(26112K) Eden: 12288K(12288K)->0K(9728K) From: 10723K(14336K)->16384K(16384K)
[0.587s][info][gc,heap        ] GC(26) ParOldGen: 54671K(73728K)->61415K(73728K)
[0.587s][info][gc,metaspace   ] GC(26) Metaspace: 6300K(6464K)->6300K(6464K) NonClass: 5767K(5824K)->5767K(5824K) Class: 533K(640K)->533K(640K)
[0.587s][info][gc             ] GC(26) Pause Young (Allocation Failure) 75M->75M(97M) 19.117ms
[0.587s][info][gc,cpu         ] GC(26) User=0.00s Sys=0.02s Real=0.02s
[0.599s][info][gc,start       ] GC(27) Pause Young (Allocation Failure)
[0.618s][info][gc,heap        ] GC(27) PSYoungGen: 26112K(26112K)->9760K(31232K) Eden: 9728K(9728K)->0K(9728K) From: 16384K(16384K)->9760K(21504K)
[0.618s][info][gc,heap        ] GC(27) ParOldGen: 61415K(73728K)->78039K(78336K)
[0.618s][info][gc,metaspace   ] GC(27) Metaspace: 6300K(6464K)->6300K(6464K) NonClass: 5767K(5824K)->5767K(5824K) Class: 533K(640K)->533K(640K)
[0.618s][info][gc             ] GC(27) Pause Young (Allocation Failure) 85M->85M(107M) 19.550ms
[0.618s][info][gc,cpu         ] GC(27) User=0.02s Sys=0.00s Real=0.02s
[0.618s][info][gc,start       ] GC(28) Pause Full (Ergonomics)
[0.618s][info][gc,phases,start] GC(28) Marking Phase
[0.654s][info][gc,phases      ] GC(28) Marking Phase 35.746ms
[0.654s][info][gc,phases,start] GC(28) Summary Phase
[0.654s][info][gc,phases      ] GC(28) Summary Phase 0.015ms
[0.654s][info][gc,phases,start] GC(28) Adjust Roots
[0.654s][info][gc,phases      ] GC(28) Adjust Roots 0.209ms
[0.655s][info][gc,phases,start] GC(28) Compaction Phase
[0.680s][info][gc,phases      ] GC(28) Compaction Phase 25.418ms
[0.680s][info][gc,phases,start] GC(28) Post Compact
[0.681s][info][gc,phases      ] GC(28) Post Compact 0.508ms
[0.681s][info][gc,heap        ] GC(28) PSYoungGen: 9760K(31232K)->9187K(31232K) Eden: 0K(9728K)->0K(9728K) From: 9760K(21504K)->9187K(21504K)
[0.681s][info][gc,heap        ] GC(28) ParOldGen: 78039K(78336K)->78164K(103424K)
[0.681s][info][gc,metaspace   ] GC(28) Metaspace: 6300K(6464K)->6300K(6464K) NonClass: 5767K(5824K)->5767K(5824K) Class: 533K(640K)->533K(640K)
[0.681s][info][gc             ] GC(28) Pause Full (Ergonomics) 85M->85M(131M) 62.354ms
[0.681s][info][gc,cpu         ] GC(28) User=0.08s Sys=0.00s Real=0.06s
[0.702s][info][gc,start       ] GC(29) Pause Young (Allocation Failure)
[0.716s][info][gc,heap        ] GC(29) PSYoungGen: 18915K(31232K)->9760K(30720K) Eden: 9728K(9728K)->0K(11776K) From: 9187K(21504K)->9760K(18944K)
[0.716s][info][gc,heap        ] GC(29) ParOldGen: 78164K(103424K)->87508K(103424K)
[0.716s][info][gc,metaspace   ] GC(29) Metaspace: 6300K(6464K)->6300K(6464K) NonClass: 5767K(5824K)->5767K(5824K) Class: 533K(640K)->533K(640K)
[0.716s][info][gc             ] GC(29) Pause Young (Allocation Failure) 94M->94M(131M) 14.092ms
[0.716s][info][gc,cpu         ] GC(29) User=0.00s Sys=0.00s Real=0.02s
[0.726s][info][gc,start       ] GC(30) Pause Young (Allocation Failure)
[0.736s][info][gc,heap        ] GC(30) PSYoungGen: 21536K(30720K)->19936K(31744K) Eden: 11776K(11776K)->0K(11776K) From: 9760K(18944K)->19936K(19968K)
[0.736s][info][gc,heap        ] GC(30) ParOldGen: 87508K(103424K)->89100K(103424K)
[0.736s][info][gc,metaspace   ] GC(30) Metaspace: 6300K(6464K)->6300K(6464K) NonClass: 5767K(5824K)->5767K(5824K) Class: 533K(640K)->533K(640K)
[0.736s][info][gc             ] GC(30) Pause Young (Allocation Failure) 106M->106M(132M) 10.512ms
[0.737s][info][gc,cpu         ] GC(30) User=0.00s Sys=0.00s Real=0.01s
[0.737s][info][gc,start       ] GC(31) Pause Full (Ergonomics)
[0.737s][info][gc,phases,start] GC(31) Marking Phase
[0.767s][info][gc,phases      ] GC(31) Marking Phase 30.418ms
[0.767s][info][gc,phases,start] GC(31) Summary Phase
[0.767s][info][gc,phases      ] GC(31) Summary Phase 0.018ms
[0.767s][info][gc,phases,start] GC(31) Adjust Roots
[0.767s][info][gc,phases      ] GC(31) Adjust Roots 0.144ms
[0.767s][info][gc,phases,start] GC(31) Compaction Phase
[0.792s][info][gc,phases      ] GC(31) Compaction Phase 24.580ms
[0.792s][info][gc,phases,start] GC(31) Post Compact
[0.792s][info][gc,phases      ] GC(31) Post Compact 0.353ms
[0.792s][info][gc,heap        ] GC(31) PSYoungGen: 19936K(31744K)->3545K(31744K) Eden: 0K(11776K)->0K(11776K) From: 19936K(19968K)->3545K(19968K)
[0.792s][info][gc,heap        ] GC(31) ParOldGen: 89100K(103424K)->103215K(131072K)
[0.792s][info][gc,metaspace   ] GC(31) Metaspace: 6300K(6464K)->6300K(6464K) NonClass: 5767K(5824K)->5767K(5824K) Class: 533K(640K)->533K(640K)
[0.792s][info][gc             ] GC(31) Pause Full (Ergonomics) 106M->104M(159M) 55.891ms
[0.792s][info][gc,cpu         ] GC(31) User=0.09s Sys=0.00s Real=0.06s
[0.803s][info][gc,start       ] GC(32) Pause Young (Allocation Failure)
[0.819s][info][gc,heap        ] GC(32) PSYoungGen: 15321K(31744K)->11808K(37376K) Eden: 11776K(11776K)->0K(14336K) From: 3545K(19968K)->11808K(23040K)
[0.819s][info][gc,heap        ] GC(32) ParOldGen: 103215K(131072K)->106823K(131072K)
[0.819s][info][gc,metaspace   ] GC(32) Metaspace: 6300K(6464K)->6300K(6464K) NonClass: 5767K(5824K)->5767K(5824K) Class: 533K(640K)->533K(640K)
[0.819s][info][gc             ] GC(32) Pause Young (Allocation Failure) 115M->115M(164M) 15.668ms
[0.819s][info][gc,cpu         ] GC(32) User=0.02s Sys=0.00s Real=0.02s
[0.832s][info][gc,start       ] GC(33) Pause Young (Allocation Failure)
[0.846s][info][gc,heap        ] GC(33) PSYoungGen: 26144K(37376K)->23552K(37888K) Eden: 14336K(14336K)->0K(14336K) From: 11808K(23040K)->23552K(23552K)
[0.846s][info][gc,heap        ] GC(33) ParOldGen: 106823K(131072K)->109415K(131072K)
[0.846s][info][gc,metaspace   ] GC(33) Metaspace: 6300K(6464K)->6300K(6464K) NonClass: 5767K(5824K)->5767K(5824K) Class: 533K(640K)->533K(640K)
[0.846s][info][gc             ] GC(33) Pause Young (Allocation Failure) 129M->129M(165M) 14.460ms
[0.846s][info][gc,cpu         ] GC(33) User=0.00s Sys=0.00s Real=0.01s
[0.860s][info][gc,start       ] GC(34) Pause Young (Allocation Failure)
[0.884s][info][gc,heap        ] GC(34) PSYoungGen: 37888K(37888K)->14368K(43520K) Eden: 14336K(14336K)->0K(16896K) From: 23552K(23552K)->14368K(26624K)
[0.884s][info][gc,heap        ] GC(34) ParOldGen: 109415K(131072K)->133295K(133632K)
[0.884s][info][gc,metaspace   ] GC(34) Metaspace: 6300K(6464K)->6300K(6464K) NonClass: 5767K(5824K)->5767K(5824K) Class: 533K(640K)->533K(640K)
[0.884s][info][gc             ] GC(34) Pause Young (Allocation Failure) 143M->144M(173M) 24.360ms
[0.884s][info][gc,cpu         ] GC(34) User=0.02s Sys=0.03s Real=0.02s
[0.885s][info][gc,start       ] GC(35) Pause Full (Ergonomics)
[0.885s][info][gc,phases,start] GC(35) Marking Phase
[0.920s][info][gc,phases      ] GC(35) Marking Phase 34.992ms
[0.920s][info][gc,phases,start] GC(35) Summary Phase
[0.920s][info][gc,phases      ] GC(35) Summary Phase 0.017ms
[0.920s][info][gc,phases,start] GC(35) Adjust Roots
[0.920s][info][gc,phases      ] GC(35) Adjust Roots 0.213ms
[0.920s][info][gc,phases,start] GC(35) Compaction Phase
[0.945s][info][gc,phases      ] GC(35) Compaction Phase 25.355ms
[0.945s][info][gc,phases,start] GC(35) Post Compact
[0.946s][info][gc,phases      ] GC(35) Post Compact 0.906ms
[0.947s][info][gc,heap        ] GC(35) PSYoungGen: 14368K(43520K)->13789K(44544K) Eden: 0K(16896K)->0K(17920K) From: 14368K(26624K)->13789K(26624K)
[0.947s][info][gc,heap        ] GC(35) ParOldGen: 133295K(133632K)->133320K(167424K)
[0.947s][info][gc,metaspace   ] GC(35) Metaspace: 6300K(6464K)->6300K(6464K) NonClass: 5767K(5824K)->5767K(5824K) Class: 533K(640K)->533K(640K)
[0.947s][info][gc             ] GC(35) Pause Full (Ergonomics) 144M->143M(207M) 62.041ms
[0.947s][info][gc,cpu         ] GC(35) User=0.16s Sys=0.00s Real=0.06s
[0.964s][info][gc,start       ] GC(36) Pause Young (Allocation Failure)
[0.987s][info][gc,heap        ] GC(36) PSYoungGen: 31709K(44544K)->17984K(45568K) Eden: 17920K(17920K)->0K(17920K) From: 13789K(26624K)->17984K(27648K)
[0.987s][info][gc,heap        ] GC(36) ParOldGen: 133320K(167424K)->147336K(167424K)
[0.987s][info][gc,metaspace   ] GC(36) Metaspace: 6300K(6464K)->6300K(6464K) NonClass: 5767K(5824K)->5767K(5824K) Class: 533K(640K)->533K(640K)
[0.987s][info][gc             ] GC(36) Pause Young (Allocation Failure) 161M->161M(208M) 23.167ms
[0.987s][info][gc,cpu         ] GC(36) User=0.06s Sys=0.02s Real=0.02s
[0.987s][info][gc,start       ] GC(37) Pause Full (Ergonomics)
[0.987s][info][gc,phases,start] GC(37) Marking Phase
[1.029s][info][gc,phases      ] GC(37) Marking Phase 42.532ms
[1.030s][info][gc,phases,start] GC(37) Summary Phase
[1.030s][info][gc,phases      ] GC(37) Summary Phase 0.022ms
[1.030s][info][gc,phases,start] GC(37) Adjust Roots
[1.030s][info][gc,phases      ] GC(37) Adjust Roots 0.144ms
[1.030s][info][gc,phases,start] GC(37) Compaction Phase
[1.048s][info][gc,phases      ] GC(37) Compaction Phase 18.552ms
[1.048s][info][gc,phases,start] GC(37) Post Compact
[1.049s][info][gc,phases      ] GC(37) Post Compact 0.792ms
[1.049s][info][gc,heap        ] GC(37) PSYoungGen: 17984K(45568K)->0K(48128K) Eden: 0K(17920K)->0K(20480K) From: 17984K(27648K)->0K(27648K)
[1.049s][info][gc,heap        ] GC(37) ParOldGen: 147336K(167424K)->164995K(202752K)
[1.049s][info][gc,metaspace   ] GC(37) Metaspace: 6300K(6464K)->6300K(6464K) NonClass: 5767K(5824K)->5767K(5824K) Class: 533K(640K)->533K(640K)
[1.049s][info][gc             ] GC(37) Pause Full (Ergonomics) 161M->161M(245M) 62.582ms
[1.050s][info][gc,cpu         ] GC(37) User=0.16s Sys=0.02s Real=0.06s
[1.086s][info][gc,start       ] GC(38) Pause Young (Allocation Failure)
[1.102s][info][gc,heap        ] GC(38) PSYoungGen: 20480K(48128K)->20576K(48640K) Eden: 20480K(20480K)->0K(20480K) From: 0K(27648K)->20576K(28160K)
[1.102s][info][gc,heap        ] GC(38) ParOldGen: 164995K(202752K)->164995K(202752K)
[1.102s][info][gc,metaspace   ] GC(38) Metaspace: 6300K(6464K)->6300K(6464K) NonClass: 5767K(5824K)->5767K(5824K) Class: 533K(640K)->533K(640K)
[1.102s][info][gc             ] GC(38) Pause Young (Allocation Failure) 181M->181M(245M) 16.265ms
[1.103s][info][gc,cpu         ] GC(38) User=0.00s Sys=0.00s Real=0.02s
[1.122s][info][gc,start       ] GC(39) Pause Young (Allocation Failure)
[1.148s][info][gc,heap        ] GC(39) PSYoungGen: 41056K(48640K)->29664K(40960K) Eden: 20480K(20480K)->0K(11264K) From: 20576K(28160K)->29664K(29696K)
[1.148s][info][gc,heap        ] GC(39) ParOldGen: 164995K(202752K)->184779K(202752K)
[1.148s][info][gc,metaspace   ] GC(39) Metaspace: 6300K(6464K)->6300K(6464K) NonClass: 5767K(5824K)->5767K(5824K) Class: 533K(640K)->533K(640K)
[1.148s][info][gc             ] GC(39) Pause Young (Allocation Failure) 201M->209M(238M) 26.054ms
[1.148s][info][gc,cpu         ] GC(39) User=0.02s Sys=0.00s Real=0.03s
[1.148s][info][gc,start       ] GC(40) Pause Full (Ergonomics)
[1.148s][info][gc,phases,start] GC(40) Marking Phase
[1.197s][info][gc,phases      ] GC(40) Marking Phase 48.846ms
[1.197s][info][gc,phases,start] GC(40) Summary Phase
[1.197s][info][gc,phases      ] GC(40) Summary Phase 0.021ms
[1.197s][info][gc,phases,start] GC(40) Adjust Roots
[1.197s][info][gc,phases      ] GC(40) Adjust Roots 0.138ms
[1.198s][info][gc,phases,start] GC(40) Compaction Phase
[1.235s][info][gc,phases      ] GC(40) Compaction Phase 37.445ms
[1.235s][info][gc,phases,start] GC(40) Post Compact
[1.236s][info][gc,phases      ] GC(40) Post Compact 1.227ms
[1.237s][info][gc,heap        ] GC(40) PSYoungGen: 29664K(40960K)->0K(52736K) Eden: 0K(11264K)->0K(11264K) From: 29664K(29696K)->0K(41472K)
[1.237s][info][gc,heap        ] GC(40) ParOldGen: 184779K(202752K)->201808K(244224K)
[1.237s][info][gc,metaspace   ] GC(40) Metaspace: 6300K(6464K)->6300K(6464K) NonClass: 5767K(5824K)->5767K(5824K) Class: 533K(640K)->533K(640K)
[1.237s][info][gc             ] GC(40) Pause Full (Ergonomics) 209M->197M(290M) 88.311ms
[1.237s][info][gc,cpu         ] GC(40) User=0.27s Sys=0.00s Real=0.09s
[1.248s][info][gc,start       ] GC(41) Pause Young (Allocation Failure)
[1.256s][info][gc,heap        ] GC(41) PSYoungGen: 11264K(52736K)->11328K(50688K) Eden: 11264K(11264K)->0K(12800K) From: 0K(41472K)->11328K(37888K)
[1.256s][info][gc,heap        ] GC(41) ParOldGen: 201808K(244224K)->201808K(244224K)
[1.256s][info][gc,metaspace   ] GC(41) Metaspace: 6300K(6464K)->6300K(6464K) NonClass: 5767K(5824K)->5767K(5824K) Class: 533K(640K)->533K(640K)
[1.256s][info][gc             ] GC(41) Pause Young (Allocation Failure) 208M->208M(288M) 7.715ms
[1.256s][info][gc,cpu         ] GC(41) User=0.00s Sys=0.00s Real=0.01s
[1.269s][info][gc,start       ] GC(42) Pause Young (Allocation Failure)
[1.282s][info][gc,heap        ] GC(42) PSYoungGen: 24128K(50688K)->24128K(52736K) Eden: 12800K(12800K)->0K(12800K) From: 11328K(37888K)->24128K(39936K)
[1.282s][info][gc,heap        ] GC(42) ParOldGen: 201808K(244224K)->201808K(244224K)
[1.282s][info][gc,metaspace   ] GC(42) Metaspace: 6300K(6464K)->6300K(6464K) NonClass: 5767K(5824K)->5767K(5824K) Class: 533K(640K)->533K(640K)
[1.282s][info][gc             ] GC(42) Pause Young (Allocation Failure) 220M->220M(290M) 12.985ms
[1.282s][info][gc,cpu         ] GC(42) User=0.02s Sys=0.00s Real=0.01s
[1.295s][info][gc,start       ] GC(43) Pause Young (Allocation Failure)
[1.314s][info][gc,heap        ] GC(43) PSYoungGen: 36928K(52736K)->36960K(50176K) Eden: 12800K(12800K)->0K(9728K) From: 24128K(39936K)->36960K(40448K)
[1.314s][info][gc,heap        ] GC(43) ParOldGen: 201808K(244224K)->201808K(244224K)
[1.314s][info][gc,metaspace   ] GC(43) Metaspace: 6300K(6464K)->6300K(6464K) NonClass: 5767K(5824K)->5767K(5824K) Class: 533K(640K)->533K(640K)
[1.314s][info][gc             ] GC(43) Pause Young (Allocation Failure) 233M->233M(287M) 18.456ms
[1.314s][info][gc,cpu         ] GC(43) User=0.02s Sys=0.00s Real=0.02s
[1.324s][info][gc,start       ] GC(44) Pause Young (Allocation Failure)
[1.345s][info][gc,heap        ] GC(44) PSYoungGen: 46688K(50176K)->45568K(55296K) Eden: 9728K(9728K)->0K(9728K) From: 36960K(40448K)->45568K(45568K)
[1.345s][info][gc,heap        ] GC(44) ParOldGen: 201808K(244224K)->202840K(244224K)
[1.345s][info][gc,metaspace   ] GC(44) Metaspace: 6300K(6464K)->6300K(6464K) NonClass: 5767K(5824K)->5767K(5824K) Class: 533K(640K)->533K(640K)
[1.345s][info][gc             ] GC(44) Pause Young (Allocation Failure) 242M->242M(292M) 20.869ms
[1.345s][info][gc,cpu         ] GC(44) User=0.08s Sys=0.00s Real=0.02s
[1.355s][info][gc,start       ] GC(45) Pause Young (Allocation Failure)
[1.380s][info][gc,heap        ] GC(45) PSYoungGen: 55296K(55296K)->44608K(59392K) Eden: 9728K(9728K)->0K(6144K) From: 45568K(45568K)->44608K(53248K)
[1.380s][info][gc,heap        ] GC(45) ParOldGen: 202840K(244224K)->213816K(244224K)
[1.380s][info][gc,metaspace   ] GC(45) Metaspace: 6300K(6464K)->6300K(6464K) NonClass: 5767K(5824K)->5767K(5824K) Class: 533K(640K)->533K(640K)
[1.380s][info][gc             ] GC(45) Pause Young (Allocation Failure) 252M->252M(296M) 25.150ms
[1.380s][info][gc,cpu         ] GC(45) User=0.08s Sys=0.02s Real=0.03s
[1.387s][info][gc,start       ] GC(46) Pause Young (Allocation Failure)
[1.410s][info][gc,heap        ] GC(46) PSYoungGen: 50752K(59392K)->25440K(31744K) Eden: 6144K(6144K)->0K(6144K) From: 44608K(53248K)->25440K(25600K)
[1.410s][info][gc,heap        ] GC(46) ParOldGen: 213816K(244224K)->239384K(244224K)
[1.410s][info][gc,metaspace   ] GC(46) Metaspace: 6300K(6464K)->6300K(6464K) NonClass: 5767K(5824K)->5767K(5824K) Class: 533K(640K)->533K(640K)
[1.410s][info][gc             ] GC(46) Pause Young (Allocation Failure) 258M->258M(269M) 23.296ms
[1.410s][info][gc,cpu         ] GC(46) User=0.05s Sys=0.03s Real=0.02s
[1.411s][info][gc,start       ] GC(47) Pause Full (Ergonomics)
[1.411s][info][gc,phases,start] GC(47) Marking Phase
[1.475s][info][gc,phases      ] GC(47) Marking Phase 64.435ms
[1.475s][info][gc,phases,start] GC(47) Summary Phase
[1.475s][info][gc,phases      ] GC(47) Summary Phase 0.018ms
[1.475s][info][gc,phases,start] GC(47) Adjust Roots
[1.475s][info][gc,phases      ] GC(47) Adjust Roots 0.146ms
[1.475s][info][gc,phases,start] GC(47) Compaction Phase
[1.507s][info][gc,phases      ] GC(47) Compaction Phase 31.275ms
[1.507s][info][gc,phases,start] GC(47) Post Compact
[1.508s][info][gc,phases      ] GC(47) Post Compact 1.231ms
[1.508s][info][gc,heap        ] GC(47) PSYoungGen: 25440K(31744K)->20181K(31744K) Eden: 0K(6144K)->0K(6144K) From: 25440K(25600K)->20181K(25600K)
[1.508s][info][gc,heap        ] GC(47) ParOldGen: 239384K(244224K)->243902K(291840K)
[1.508s][info][gc,metaspace   ] GC(47) Metaspace: 6300K(6464K)->6300K(6464K) NonClass: 5767K(5824K)->5767K(5824K) Class: 533K(640K)->533K(640K)
[1.508s][info][gc             ] GC(47) Pause Full (Ergonomics) 258M->257M(316M) 97.597ms
[1.508s][info][gc,cpu         ] GC(47) User=0.41s Sys=0.00s Real=0.10s
[1.516s][info][gc,start       ] GC(48) Pause Young (Allocation Failure)
[1.538s][info][gc,heap        ] GC(48) PSYoungGen: 26325K(31744K)->11232K(60928K) Eden: 6144K(6144K)->0K(7168K) From: 20181K(25600K)->11232K(53760K)
[1.538s][info][gc,heap        ] GC(48) ParOldGen: 243902K(291840K)->259342K(291840K)
[1.538s][info][gc,metaspace   ] GC(48) Metaspace: 6300K(6464K)->6300K(6464K) NonClass: 5767K(5824K)->5767K(5824K) Class: 533K(640K)->533K(640K)
[1.538s][info][gc             ] GC(48) Pause Young (Allocation Failure) 263M->264M(344M) 22.683ms
[1.538s][info][gc,cpu         ] GC(48) User=0.09s Sys=0.00s Real=0.02s
[1.546s][info][gc,start       ] GC(49) Pause Young (Allocation Failure)
[1.557s][info][gc,heap        ] GC(49) PSYoungGen: 18400K(60928K)->13440K(61952K) Eden: 7168K(7168K)->0K(7168K) From: 11232K(53760K)->13440K(54784K)
[1.557s][info][gc,heap        ] GC(49) ParOldGen: 259342K(291840K)->264414K(291840K)
[1.557s][info][gc,metaspace   ] GC(49) Metaspace: 6300K(6464K)->6300K(6464K) NonClass: 5767K(5824K)->5767K(5824K) Class: 533K(640K)->533K(640K)
[1.557s][info][gc             ] GC(49) Pause Young (Allocation Failure) 271M->271M(345M) 10.969ms
[1.557s][info][gc,cpu         ] GC(49) User=0.00s Sys=0.00s Real=0.01s
[1.565s][info][gc,start       ] GC(50) Pause Young (Allocation Failure)
[1.577s][info][gc,heap        ] GC(50) PSYoungGen: 20608K(61952K)->7296K(60928K) Eden: 7168K(7168K)->0K(8704K) From: 13440K(54784K)->7296K(52224K)
[1.577s][info][gc,heap        ] GC(50) ParOldGen: 264414K(291840K)->277894K(291840K)
[1.577s][info][gc,metaspace   ] GC(50) Metaspace: 6300K(6464K)->6300K(6464K) NonClass: 5767K(5824K)->5767K(5824K) Class: 533K(640K)->533K(640K)
[1.577s][info][gc             ] GC(50) Pause Young (Allocation Failure) 278M->278M(344M) 11.762ms
[1.577s][info][gc,cpu         ] GC(50) User=0.02s Sys=0.00s Real=0.01s
[1.577s][info][gc,start       ] GC(51) Pause Full (Ergonomics)
[1.577s][info][gc,phases,start] GC(51) Marking Phase
[1.638s][info][gc,phases      ] GC(51) Marking Phase 61.668ms
[1.638s][info][gc,phases,start] GC(51) Summary Phase
[1.638s][info][gc,phases      ] GC(51) Summary Phase 0.025ms
[1.638s][info][gc,phases,start] GC(51) Adjust Roots
[1.639s][info][gc,phases      ] GC(51) Adjust Roots 0.161ms
[1.639s][info][gc,phases,start] GC(51) Compaction Phase
[1.666s][info][gc,phases      ] GC(51) Compaction Phase 26.999ms
[1.666s][info][gc,phases,start] GC(51) Post Compact
[1.667s][info][gc,phases      ] GC(51) Post Compact 1.182ms
[1.667s][info][gc,heap        ] GC(51) PSYoungGen: 7296K(60928K)->0K(61440K) Eden: 0K(8704K)->0K(8704K) From: 7296K(52224K)->0K(52736K)
[1.667s][info][gc,heap        ] GC(51) ParOldGen: 277894K(291840K)->284475K(333824K)
[1.667s][info][gc,metaspace   ] GC(51) Metaspace: 6300K(6464K)->6300K(6464K) NonClass: 5767K(5824K)->5767K(5824K) Class: 533K(640K)->533K(640K)
[1.667s][info][gc             ] GC(51) Pause Full (Ergonomics) 278M->277M(386M) 90.537ms
[1.667s][info][gc,cpu         ] GC(51) User=0.50s Sys=0.00s Real=0.09s
[1.677s][info][gc,start       ] GC(52) Pause Young (Allocation Failure)
[1.683s][info][gc,heap        ] GC(52) PSYoungGen: 8704K(61440K)->8832K(59904K) Eden: 8704K(8704K)->0K(10240K) From: 0K(52736K)->8832K(49664K)
[1.683s][info][gc,heap        ] GC(52) ParOldGen: 284475K(333824K)->284475K(333824K)
[1.683s][info][gc,metaspace   ] GC(52) Metaspace: 6300K(6464K)->6300K(6464K) NonClass: 5767K(5824K)->5767K(5824K) Class: 533K(640K)->533K(640K)
[1.683s][info][gc             ] GC(52) Pause Young (Allocation Failure) 286M->286M(384M) 5.944ms
[1.683s][info][gc,cpu         ] GC(52) User=0.00s Sys=0.00s Real=0.01s
[1.695s][info][gc,start       ] GC(53) Pause Young (Allocation Failure)
[1.704s][info][gc,heap        ] GC(53) PSYoungGen: 19072K(59904K)->19040K(29696K) Eden: 10240K(10240K)->0K(10240K) From: 8832K(49664K)->19040K(19456K)
[1.704s][info][gc,heap        ] GC(53) ParOldGen: 284475K(333824K)->284475K(333824K)
[1.704s][info][gc,metaspace   ] GC(53) Metaspace: 6300K(6464K)->6300K(6464K) NonClass: 5767K(5824K)->5767K(5824K) Class: 533K(640K)->533K(640K)
[1.704s][info][gc             ] GC(53) Pause Young (Allocation Failure) 296M->296M(355M) 9.742ms
[1.704s][info][gc,cpu         ] GC(53) User=0.02s Sys=0.00s Real=0.01s
[1.716s][info][gc,start       ] GC(54) Pause Young (Allocation Failure)
[1.730s][info][gc,heap        ] GC(54) PSYoungGen: 29280K(29696K)->29280K(58880K) Eden: 10240K(10240K)->0K(10752K) From: 19040K(19456K)->29280K(48128K)
[1.730s][info][gc,heap        ] GC(54) ParOldGen: 284475K(333824K)->284475K(333824K)
[1.730s][info][gc,metaspace   ] GC(54) Metaspace: 6300K(6464K)->6300K(6464K) NonClass: 5767K(5824K)->5767K(5824K) Class: 533K(640K)->533K(640K)
[1.730s][info][gc             ] GC(54) Pause Young (Allocation Failure) 306M->306M(383M) 13.976ms
[1.730s][info][gc,cpu         ] GC(54) User=0.02s Sys=0.00s Real=0.02s
[1.742s][info][gc,start       ] GC(55) Pause Young (Allocation Failure)
[1.761s][info][gc,heap        ] GC(55) PSYoungGen: 40032K(58880K)->31328K(59904K) Eden: 10752K(10752K)->0K(10752K) From: 29280K(48128K)->31328K(49152K)
[1.761s][info][gc,heap        ] GC(55) ParOldGen: 284475K(333824K)->293307K(333824K)
[1.761s][info][gc,metaspace   ] GC(55) Metaspace: 6300K(6464K)->6300K(6464K) NonClass: 5767K(5824K)->5767K(5824K) Class: 533K(640K)->533K(640K)
[1.761s][info][gc             ] GC(55) Pause Young (Allocation Failure) 316M->317M(384M) 18.474ms
[1.761s][info][gc,cpu         ] GC(55) User=0.12s Sys=0.00s Real=0.02s
[1.773s][info][gc,start       ] GC(56) Pause Young (Allocation Failure)
[1.793s][info][gc,heap        ] GC(56) PSYoungGen: 42080K(59904K)->31840K(61440K) Eden: 10752K(10752K)->0K(11264K) From: 31328K(49152K)->31840K(50176K)
[1.793s][info][gc,heap        ] GC(56) ParOldGen: 293307K(333824K)->303683K(333824K)
[1.793s][info][gc,metaspace   ] GC(56) Metaspace: 6300K(6464K)->6300K(6464K) NonClass: 5767K(5824K)->5767K(5824K) Class: 533K(640K)->533K(640K)
[1.793s][info][gc             ] GC(56) Pause Young (Allocation Failure) 327M->327M(386M) 19.625ms
[1.793s][info][gc,cpu         ] GC(56) User=0.12s Sys=0.00s Real=0.02s
[1.805s][info][gc,start       ] GC(57) Pause Young (Allocation Failure)
[1.826s][info][gc,heap        ] GC(57) PSYoungGen: 43104K(61440K)->32896K(62464K) Eden: 11264K(11264K)->0K(11264K) From: 31840K(50176K)->32896K(51200K)
[1.826s][info][gc,heap        ] GC(57) ParOldGen: 303683K(333824K)->314075K(333824K)
[1.826s][info][gc,metaspace   ] GC(57) Metaspace: 6300K(6464K)->6300K(6464K) NonClass: 5767K(5824K)->5767K(5824K) Class: 533K(640K)->533K(640K)
[1.826s][info][gc             ] GC(57) Pause Young (Allocation Failure) 338M->338M(387M) 20.201ms
[1.826s][info][gc,cpu         ] GC(57) User=0.14s Sys=0.00s Real=0.02s
[1.826s][info][gc,start       ] GC(58) Pause Full (Ergonomics)
[1.826s][info][gc,phases,start] GC(58) Marking Phase
[1.901s][info][gc,phases      ] GC(58) Marking Phase 74.796ms
[1.901s][info][gc,phases,start] GC(58) Summary Phase
[1.901s][info][gc,phases      ] GC(58) Summary Phase 0.024ms
[1.901s][info][gc,phases,start] GC(58) Adjust Roots
[1.901s][info][gc,phases      ] GC(58) Adjust Roots 0.156ms
[1.901s][info][gc,phases,start] GC(58) Compaction Phase
[1.935s][info][gc,phases      ] GC(58) Compaction Phase 34.131ms
[1.935s][info][gc,phases,start] GC(58) Post Compact
[1.937s][info][gc,phases      ] GC(58) Post Compact 1.561ms
[1.937s][info][gc,heap        ] GC(58) PSYoungGen: 32896K(62464K)->12749K(62464K) Eden: 0K(11264K)->0K(11264K) From: 32896K(51200K)->12749K(51200K)
[1.937s][info][gc,heap        ] GC(58) ParOldGen: 314075K(333824K)->333499K(381952K)
[1.937s][info][gc,metaspace   ] GC(58) Metaspace: 6300K(6464K)->6300K(6464K) NonClass: 5767K(5824K)->5767K(5824K) Class: 533K(640K)->533K(640K)
[1.937s][info][gc             ] GC(58) Pause Full (Ergonomics) 338M->338M(434M) 111.171ms
[1.937s][info][gc,cpu         ] GC(58) User=0.67s Sys=0.00s Real=0.11s
[2.012s][info][gc,start       ] GC(59) Pause Young (Allocation Failure)
[2.036s][info][gc,heap        ] GC(59) PSYoungGen: 24013K(62464K)->15840K(61952K) Eden: 11264K(11264K)->0K(12800K) From: 12749K(51200K)->15840K(49152K)
[2.036s][info][gc,heap        ] GC(59) ParOldGen: 349883K(381952K)->358363K(381952K)
[2.036s][info][gc,metaspace   ] GC(59) Metaspace: 6300K(6464K)->6300K(6464K) NonClass: 5767K(5824K)->5767K(5824K) Class: 533K(640K)->533K(640K)
[2.036s][info][gc             ] GC(59) Pause Young (Allocation Failure) 365M->365M(433M) 24.614ms
[2.036s][info][gc,cpu         ] GC(59) User=0.11s Sys=0.02s Real=0.03s
[2.049s][info][gc,start       ] GC(60) Pause Young (Allocation Failure)
[2.063s][info][gc,heap        ] GC(60) PSYoungGen: 28640K(61952K)->24192K(37376K) Eden: 12800K(12800K)->0K(12800K) From: 15840K(49152K)->24192K(24576K)
[2.063s][info][gc,heap        ] GC(60) ParOldGen: 358363K(381952K)->362859K(381952K)
[2.063s][info][gc,metaspace   ] GC(60) Metaspace: 6300K(6464K)->6300K(6464K) NonClass: 5767K(5824K)->5767K(5824K) Class: 533K(640K)->533K(640K)
[2.063s][info][gc             ] GC(60) Pause Young (Allocation Failure) 377M->377M(409M) 14.570ms
[2.063s][info][gc,cpu         ] GC(60) User=0.02s Sys=0.00s Real=0.02s
[2.063s][info][gc,start       ] GC(61) Pause Full (Ergonomics)
[2.063s][info][gc,phases,start] GC(61) Marking Phase
[2.145s][info][gc,phases      ] GC(61) Marking Phase 81.185ms
[2.145s][info][gc,phases,start] GC(61) Summary Phase
[2.145s][info][gc,phases      ] GC(61) Summary Phase 0.026ms
[2.145s][info][gc,phases,start] GC(61) Adjust Roots
[2.145s][info][gc,phases      ] GC(61) Adjust Roots 0.148ms
[2.145s][info][gc,phases,start] GC(61) Compaction Phase
[2.205s][info][gc,phases      ] GC(61) Compaction Phase 59.987ms
[2.205s][info][gc,phases,start] GC(61) Post Compact
[2.207s][info][gc,phases      ] GC(61) Post Compact 1.915ms
[2.207s][info][gc,heap        ] GC(61) PSYoungGen: 24192K(37376K)->0K(62976K) Eden: 0K(12800K)->0K(14336K) From: 24192K(24576K)->0K(48640K)
[2.207s][info][gc,heap        ] GC(61) ParOldGen: 362859K(381952K)->378444K(427520K)
[2.207s][info][gc,metaspace   ] GC(61) Metaspace: 6300K(6464K)->6300K(6464K) NonClass: 5767K(5824K)->5767K(5824K) Class: 533K(640K)->533K(640K)
[2.207s][info][gc             ] GC(61) Pause Full (Ergonomics) 377M->369M(479M) 143.764ms
[2.207s][info][gc,cpu         ] GC(61) User=0.89s Sys=0.02s Real=0.14s
[2.226s][info][gc,start       ] GC(62) Pause Young (Allocation Failure)
[2.235s][info][gc,heap        ] GC(62) PSYoungGen: 14336K(62976K)->14464K(62976K) Eden: 14336K(14336K)->0K(14336K) From: 0K(48640K)->14464K(48640K)
[2.236s][info][gc,heap        ] GC(62) ParOldGen: 378444K(427520K)->378444K(427520K)
[2.236s][info][gc,metaspace   ] GC(62) Metaspace: 6300K(6464K)->6300K(6464K) NonClass: 5767K(5824K)->5767K(5824K) Class: 533K(640K)->533K(640K)
[2.236s][info][gc             ] GC(62) Pause Young (Allocation Failure) 383M->383M(479M) 9.461ms
[2.236s][info][gc,cpu         ] GC(62) User=0.02s Sys=0.00s Real=0.01s
[2.251s][info][gc,start       ] GC(63) Pause Young (Allocation Failure)
[2.265s][info][gc,heap        ] GC(63) PSYoungGen: 28800K(62976K)->28864K(63488K) Eden: 14336K(14336K)->0K(15872K) From: 14464K(48640K)->28864K(47616K)
[2.265s][info][gc,heap        ] GC(63) ParOldGen: 378444K(427520K)->378444K(427520K)
[2.265s][info][gc,metaspace   ] GC(63) Metaspace: 6300K(6464K)->6300K(6464K) NonClass: 5767K(5824K)->5767K(5824K) Class: 533K(640K)->533K(640K)
[2.265s][info][gc             ] GC(63) Pause Young (Allocation Failure) 397M->397M(479M) 14.724ms
[2.265s][info][gc,cpu         ] GC(63) User=0.02s Sys=0.00s Real=0.01s
[2.282s][info][gc,start       ] GC(64) Pause Young (Allocation Failure)
[2.303s][info][gc,heap        ] GC(64) PSYoungGen: 44736K(63488K)->44704K(63488K) Eden: 15872K(15872K)->0K(15872K) From: 28864K(47616K)->44704K(47616K)
[2.303s][info][gc,heap        ] GC(64) ParOldGen: 378444K(427520K)->378444K(427520K)
[2.303s][info][gc,metaspace   ] GC(64) Metaspace: 6300K(6464K)->6300K(6464K) NonClass: 5767K(5824K)->5767K(5824K) Class: 533K(640K)->533K(640K)
[2.303s][info][gc             ] GC(64) Pause Young (Allocation Failure) 413M->413M(479M) 21.355ms
[2.303s][info][gc,cpu         ] GC(64) User=0.12s Sys=0.00s Real=0.02s
[2.319s][info][gc,start       ] GC(65) Pause Young (Allocation Failure)
[2.349s][info][gc,heap        ] GC(65) PSYoungGen: 60576K(63488K)->53248K(60928K) Eden: 15872K(15872K)->0K(7680K) From: 44704K(47616K)->53248K(53248K)
[2.349s][info][gc,heap        ] GC(65) ParOldGen: 378444K(427520K)->385724K(427520K)
[2.349s][info][gc,metaspace   ] GC(65) Metaspace: 6300K(6464K)->6300K(6464K) NonClass: 5767K(5824K)->5767K(5824K) Class: 533K(640K)->533K(640K)
[2.349s][info][gc             ] GC(65) Pause Young (Allocation Failure) 428M->428M(477M) 29.493ms
[2.349s][info][gc,cpu         ] GC(65) User=0.14s Sys=0.00s Real=0.03s
[2.357s][info][gc,start       ] GC(66) Pause Young (Allocation Failure)
[2.384s][info][gc,heap        ] GC(66) PSYoungGen: 60928K(60928K)->49440K(71168K) Eden: 7680K(7680K)->0K(7680K) From: 53248K(53248K)->49440K(63488K)
[2.384s][info][gc,heap        ] GC(66) ParOldGen: 385724K(427520K)->397460K(427520K)
[2.384s][info][gc,metaspace   ] GC(66) Metaspace: 6300K(6464K)->6300K(6464K) NonClass: 5767K(5824K)->5767K(5824K) Class: 533K(640K)->533K(640K)
[2.384s][info][gc             ] GC(66) Pause Young (Allocation Failure) 436M->436M(487M) 26.794ms
[2.384s][info][gc,cpu         ] GC(66) User=0.11s Sys=0.02s Real=0.03s
[2.392s][info][gc,start       ] GC(67) Pause Young (Allocation Failure)
[2.418s][info][gc,heap        ] GC(67) PSYoungGen: 57120K(71168K)->29344K(70656K) Eden: 7680K(7680K)->0K(9216K) From: 49440K(63488K)->29344K(61440K)
[2.418s][info][gc,heap        ] GC(67) ParOldGen: 397460K(427520K)->425572K(427520K)
[2.418s][info][gc,metaspace   ] GC(67) Metaspace: 6300K(6464K)->6300K(6464K) NonClass: 5767K(5824K)->5767K(5824K) Class: 533K(640K)->533K(640K)
[2.418s][info][gc             ] GC(67) Pause Young (Allocation Failure) 443M->444M(486M) 25.787ms
[2.418s][info][gc,cpu         ] GC(67) User=0.12s Sys=0.00s Real=0.03s
[2.418s][info][gc,start       ] GC(68) Pause Full (Ergonomics)
[2.418s][info][gc,phases,start] GC(68) Marking Phase
[2.516s][info][gc,phases      ] GC(68) Marking Phase 97.657ms
[2.516s][info][gc,phases,start] GC(68) Summary Phase
[2.516s][info][gc,phases      ] GC(68) Summary Phase 0.019ms
[2.516s][info][gc,phases,start] GC(68) Adjust Roots
[2.516s][info][gc,phases      ] GC(68) Adjust Roots 0.145ms
[2.516s][info][gc,phases,start] GC(68) Compaction Phase
[2.565s][info][gc,phases      ] GC(68) Compaction Phase 48.865ms
[2.565s][info][gc,phases,start] GC(68) Post Compact
[2.567s][info][gc,phases      ] GC(68) Post Compact 2.296ms
[2.567s][info][gc,heap        ] GC(68) PSYoungGen: 29344K(70656K)->26620K(72192K) Eden: 0K(9216K)->0K(10752K) From: 29344K(61440K)->26620K(61440K)
[2.567s][info][gc,heap        ] GC(68) ParOldGen: 425572K(427520K)->427411K(484864K)
[2.568s][info][gc,metaspace   ] GC(68) Metaspace: 6300K(6464K)->6300K(6464K) NonClass: 5767K(5824K)->5767K(5824K) Class: 533K(640K)->533K(640K)
[2.568s][info][gc             ] GC(68) Pause Full (Ergonomics) 444M->443M(544M) 149.531ms
[2.568s][info][gc,cpu         ] GC(68) User=1.00s Sys=0.00s Real=0.15s
[2.579s][info][gc,start       ] GC(69) Pause Young (Allocation Failure)
[2.613s][info][gc,heap        ] GC(69) PSYoungGen: 37372K(72192K)->17792K(75264K) Eden: 10752K(10752K)->0K(10752K) From: 26620K(61440K)->17792K(64512K)
[2.613s][info][gc,heap        ] GC(69) ParOldGen: 427411K(484864K)->447371K(484864K)
[2.613s][info][gc,metaspace   ] GC(69) Metaspace: 6300K(6464K)->6300K(6464K) NonClass: 5767K(5824K)->5767K(5824K) Class: 533K(640K)->533K(640K)
[2.613s][info][gc             ] GC(69) Pause Young (Allocation Failure) 453M->454M(547M) 33.258ms
[2.613s][info][gc,cpu         ] GC(69) User=0.16s Sys=0.00s Real=0.03s
[2.624s][info][gc,start       ] GC(70) Pause Young (Allocation Failure)
[2.640s][info][gc,heap        ] GC(70) PSYoungGen: 28544K(75264K)->21632K(71168K) Eden: 10752K(10752K)->0K(12288K) From: 17792K(64512K)->21632K(58880K)
[2.640s][info][gc,heap        ] GC(70) ParOldGen: 447371K(484864K)->454451K(484864K)
[2.640s][info][gc,metaspace   ] GC(70) Metaspace: 6300K(6464K)->6300K(6464K) NonClass: 5767K(5824K)->5767K(5824K) Class: 533K(640K)->533K(640K)
[2.640s][info][gc             ] GC(70) Pause Young (Allocation Failure) 464M->464M(543M) 15.620ms
[2.640s][info][gc,cpu         ] GC(70) User=0.02s Sys=0.00s Real=0.02s
[2.654s][info][gc,start       ] GC(71) Pause Young (Allocation Failure)
[2.672s][info][gc,heap        ] GC(71) PSYoungGen: 33920K(71168K)->12416K(73216K) Eden: 12288K(12288K)->0K(12288K) From: 21632K(58880K)->12416K(60928K)
[2.672s][info][gc,heap        ] GC(71) ParOldGen: 454451K(484864K)->476219K(484864K)
[2.672s][info][gc,metaspace   ] GC(71) Metaspace: 6300K(6464K)->6300K(6464K) NonClass: 5767K(5824K)->5767K(5824K) Class: 533K(640K)->533K(640K)
[2.672s][info][gc             ] GC(71) Pause Young (Allocation Failure) 476M->477M(545M) 18.776ms
[2.672s][info][gc,cpu         ] GC(71) User=0.12s Sys=0.00s Real=0.02s
[2.672s][info][gc,start       ] GC(72) Pause Full (Ergonomics)
[2.672s][info][gc,phases,start] GC(72) Marking Phase
[2.783s][info][gc,phases      ] GC(72) Marking Phase 110.110ms
[2.783s][info][gc,phases,start] GC(72) Summary Phase
[2.783s][info][gc,phases      ] GC(72) Summary Phase 0.021ms
[2.783s][info][gc,phases,start] GC(72) Adjust Roots
[2.783s][info][gc,phases      ] GC(72) Adjust Roots 0.167ms
[2.783s][info][gc,phases,start] GC(72) Compaction Phase
[2.831s][info][gc,phases      ] GC(72) Compaction Phase 47.827ms
[2.831s][info][gc,phases,start] GC(72) Post Compact
[2.833s][info][gc,phases      ] GC(72) Post Compact 2.568ms
[2.834s][info][gc,heap        ] GC(72) PSYoungGen: 12416K(73216K)->3059K(73216K) Eden: 0K(12288K)->0K(12288K) From: 12416K(60928K)->3059K(60928K)
[2.834s][info][gc,heap        ] GC(72) ParOldGen: 476219K(484864K)->484672K(549888K)
[2.834s][info][gc,metaspace   ] GC(72) Metaspace: 6300K(6464K)->6300K(6464K) NonClass: 5767K(5824K)->5767K(5824K) Class: 533K(640K)->533K(640K)
[2.834s][info][gc             ] GC(72) Pause Full (Ergonomics) 477M->476M(608M) 161.277ms
[2.834s][info][gc,cpu         ] GC(72) User=0.95s Sys=0.00s Real=0.16s
[2.847s][info][gc,start       ] GC(73) Pause Young (Allocation Failure)
[2.875s][info][gc,heap        ] GC(73) PSYoungGen: 15347K(73216K)->12384K(71680K) Eden: 12288K(12288K)->0K(13824K) From: 3059K(60928K)->12384K(57856K)
[2.875s][info][gc,heap        ] GC(73) ParOldGen: 484672K(549888K)->487808K(549888K)
[2.875s][info][gc,metaspace   ] GC(73) Metaspace: 6300K(6464K)->6300K(6464K) NonClass: 5767K(5824K)->5767K(5824K) Class: 533K(640K)->533K(640K)
[2.875s][info][gc             ] GC(73) Pause Young (Allocation Failure) 488M->488M(607M) 27.946ms
[2.875s][info][gc,cpu         ] GC(73) User=0.14s Sys=0.00s Real=0.03s
[2.890s][info][gc,start       ] GC(74) Pause Young (Allocation Failure)
[2.905s][info][gc,heap        ] GC(74) PSYoungGen: 26208K(71680K)->26208K(40448K) Eden: 13824K(13824K)->0K(13824K) From: 12384K(57856K)->26208K(26624K)
[2.905s][info][gc,heap        ] GC(74) ParOldGen: 487808K(549888K)->487808K(549888K)
[2.905s][info][gc,metaspace   ] GC(74) Metaspace: 6300K(6464K)->6300K(6464K) NonClass: 5767K(5824K)->5767K(5824K) Class: 533K(640K)->533K(640K)
[2.905s][info][gc             ] GC(74) Pause Young (Allocation Failure) 501M->501M(576M) 14.846ms
[2.905s][info][gc,cpu         ] GC(74) User=0.02s Sys=0.00s Real=0.02s
[2.920s][info][gc,start       ] GC(75) Pause Young (Allocation Failure)
[2.939s][info][gc,heap        ] GC(75) PSYoungGen: 40032K(40448K)->40032K(69120K) Eden: 13824K(13824K)->0K(12800K) From: 26208K(26624K)->40032K(56320K)
[2.939s][info][gc,heap        ] GC(75) ParOldGen: 487808K(549888K)->487808K(549888K)
[2.939s][info][gc,metaspace   ] GC(75) Metaspace: 6300K(6464K)->6300K(6464K) NonClass: 5767K(5824K)->5767K(5824K) Class: 533K(640K)->533K(640K)
[2.939s][info][gc             ] GC(75) Pause Young (Allocation Failure) 515M->515M(604M) 19.591ms
[2.939s][info][gc,cpu         ] GC(75) User=0.12s Sys=0.00s Real=0.02s
[2.953s][info][gc,start       ] GC(76) Pause Young (Allocation Failure)
[2.978s][info][gc,heap        ] GC(76) PSYoungGen: 52832K(69120K)->40544K(71680K) Eden: 12800K(12800K)->0K(12800K) From: 40032K(56320K)->40544K(58880K)
[2.979s][info][gc,heap        ] GC(76) ParOldGen: 487808K(549888K)->500272K(549888K)
[2.979s][info][gc,metaspace   ] GC(76) Metaspace: 6300K(6464K)->6300K(6464K) NonClass: 5767K(5824K)->5767K(5824K) Class: 533K(640K)->533K(640K)
[2.979s][info][gc             ] GC(76) Pause Young (Allocation Failure) 527M->528M(607M) 25.452ms
[2.979s][info][gc,cpu         ] GC(76) User=0.12s Sys=0.00s Real=0.03s
[2.994s][info][gc,start       ] GC(77) Pause Young (Allocation Failure)
[3.019s][info][gc,heap        ] GC(77) PSYoungGen: 53344K(71680K)->39488K(74752K) Eden: 12800K(12800K)->0K(13824K) From: 40544K(58880K)->39488K(60928K)
[3.019s][info][gc,heap        ] GC(77) ParOldGen: 500272K(549888K)->514272K(549888K)
[3.019s][info][gc,metaspace   ] GC(77) Metaspace: 6300K(6464K)->6300K(6464K) NonClass: 5767K(5824K)->5767K(5824K) Class: 533K(640K)->533K(640K)
[3.019s][info][gc             ] GC(77) Pause Young (Allocation Failure) 540M->540M(610M) 25.747ms
[3.020s][info][gc,cpu         ] GC(77) User=0.14s Sys=0.00s Real=0.03s
[3.035s][info][gc,start       ] GC(78) Pause Young (Allocation Failure)
[3.061s][info][gc,heap        ] GC(78) PSYoungGen: 53312K(74752K)->39552K(75264K) Eden: 13824K(13824K)->0K(13824K) From: 39488K(60928K)->39552K(61440K)
[3.061s][info][gc,heap        ] GC(78) ParOldGen: 514272K(549888K)->528288K(549888K)
[3.061s][info][gc,metaspace   ] GC(78) Metaspace: 6300K(6464K)->6300K(6464K) NonClass: 5767K(5824K)->5767K(5824K) Class: 533K(640K)->533K(640K)
[3.061s][info][gc             ] GC(78) Pause Young (Allocation Failure) 554M->554M(610M) 26.251ms
[3.061s][info][gc,cpu         ] GC(78) User=0.12s Sys=0.00s Real=0.03s
[3.061s][info][gc,start       ] GC(79) Pause Full (Ergonomics)
[3.061s][info][gc,phases,start] GC(79) Marking Phase
[3.187s][info][gc,phases      ] GC(79) Marking Phase 125.296ms
[3.187s][info][gc,phases,start] GC(79) Summary Phase
[3.187s][info][gc,phases      ] GC(79) Summary Phase 0.021ms
[3.187s][info][gc,phases,start] GC(79) Adjust Roots
[3.187s][info][gc,phases      ] GC(79) Adjust Roots 0.148ms
[3.187s][info][gc,phases,start] GC(79) Compaction Phase
[3.242s][info][gc,phases      ] GC(79) Compaction Phase 55.386ms
[3.242s][info][gc,phases,start] GC(79) Post Compact
[3.243s][info][gc,phases      ] GC(79) Post Compact 0.993ms
[3.244s][info][gc,heap        ] GC(79) PSYoungGen: 39552K(75264K)->17355K(75264K) Eden: 0K(13824K)->0K(13824K) From: 39552K(61440K)->17355K(61440K)
[3.244s][info][gc,heap        ] GC(79) ParOldGen: 528288K(549888K)->549542K(615424K)
[3.244s][info][gc,metaspace   ] GC(79) Metaspace: 6300K(6464K)->6300K(6464K) NonClass: 5767K(5824K)->5767K(5824K) Class: 533K(640K)->533K(640K)
[3.244s][info][gc             ] GC(79) Pause Full (Ergonomics) 554M->553M(674M) 182.520ms
[3.244s][info][gc,cpu         ] GC(79) User=1.16s Sys=0.02s Real=0.18s
[3.260s][info][gc,start       ] GC(80) Pause Young (Allocation Failure)
[3.298s][info][gc,heap        ] GC(80) PSYoungGen: 31179K(75264K)->20288K(74752K) Eden: 13824K(13824K)->0K(15360K) From: 17355K(61440K)->20288K(59392K)
[3.298s][info][gc,heap        ] GC(80) ParOldGen: 549542K(615424K)->560718K(615424K)
[3.298s][info][gc,metaspace   ] GC(80) Metaspace: 6300K(6464K)->6300K(6464K) NonClass: 5767K(5824K)->5767K(5824K) Class: 533K(640K)->533K(640K)
[3.298s][info][gc             ] GC(80) Pause Young (Allocation Failure) 567M->567M(674M) 38.842ms
[3.298s][info][gc,cpu         ] GC(80) User=0.27s Sys=0.00s Real=0.04s
[3.315s][info][gc,start       ] GC(81) Pause Young (Allocation Failure)
[3.335s][info][gc,heap        ] GC(81) PSYoungGen: 35648K(74752K)->29248K(45056K) Eden: 15360K(15360K)->0K(15360K) From: 20288K(59392K)->29248K(29696K)
[3.335s][info][gc,heap        ] GC(81) ParOldGen: 560718K(615424K)->567166K(615424K)
[3.335s][info][gc,metaspace   ] GC(81) Metaspace: 6300K(6464K)->6300K(6464K) NonClass: 5767K(5824K)->5767K(5824K) Class: 533K(640K)->533K(640K)
[3.335s][info][gc             ] GC(81) Pause Young (Allocation Failure) 582M->582M(645M) 20.230ms
[3.335s][info][gc,cpu         ] GC(81) User=0.12s Sys=0.00s Real=0.02s
[3.353s][info][gc,start       ] GC(82) Pause Young (Allocation Failure)
[3.377s][info][gc,heap        ] GC(82) PSYoungGen: 44608K(45056K)->30848K(70656K) Eden: 15360K(15360K)->0K(17408K) From: 29248K(29696K)->30848K(53248K)
[3.377s][info][gc,heap        ] GC(82) ParOldGen: 567166K(615424K)->581198K(615424K)
[3.377s][info][gc,metaspace   ] GC(82) Metaspace: 6300K(6464K)->6300K(6464K) NonClass: 5767K(5824K)->5767K(5824K) Class: 533K(640K)->533K(640K)
[3.377s][info][gc             ] GC(82) Pause Young (Allocation Failure) 597M->597M(670M) 24.362ms
[3.377s][info][gc,cpu         ] GC(82) User=0.12s Sys=0.02s Real=0.03s
[3.399s][info][gc,start       ] GC(83) Pause Young (Allocation Failure)
[3.425s][info][gc,heap        ] GC(83) PSYoungGen: 48256K(70656K)->32928K(72704K) Eden: 17408K(17408K)->0K(17408K) From: 30848K(53248K)->32928K(55296K)
[3.425s][info][gc,heap        ] GC(83) ParOldGen: 581198K(615424K)->596774K(615424K)
[3.425s][info][gc,metaspace   ] GC(83) Metaspace: 6300K(6464K)->6300K(6464K) NonClass: 5767K(5824K)->5767K(5824K) Class: 533K(640K)->533K(640K)
[3.425s][info][gc             ] GC(83) Pause Young (Allocation Failure) 614M->614M(672M) 26.321ms
[3.425s][info][gc,cpu         ] GC(83) User=0.12s Sys=0.00s Real=0.03s
[3.425s][info][gc,start       ] GC(84) Pause Full (Ergonomics)
[3.425s][info][gc,phases,start] GC(84) Marking Phase
[3.564s][info][gc,phases      ] GC(84) Marking Phase 138.939ms
[3.564s][info][gc,phases,start] GC(84) Summary Phase
[3.564s][info][gc,phases      ] GC(84) Summary Phase 0.021ms
[3.564s][info][gc,phases,start] GC(84) Adjust Roots
[3.564s][info][gc,phases      ] GC(84) Adjust Roots 0.151ms
[3.564s][info][gc,phases,start] GC(84) Compaction Phase
[3.618s][info][gc,phases      ] GC(84) Compaction Phase 53.919ms
[3.618s][info][gc,phases,start] GC(84) Post Compact
[3.619s][info][gc,phases      ] GC(84) Post Compact 0.968ms
[3.619s][info][gc,heap        ] GC(84) PSYoungGen: 32928K(72704K)->13796K(72704K) Eden: 0K(17408K)->0K(17408K) From: 32928K(55296K)->13796K(55296K)
[3.619s][info][gc,heap        ] GC(84) ParOldGen: 596774K(615424K)->614927K(683520K)
[3.619s][info][gc,metaspace   ] GC(84) Metaspace: 6300K(6464K)->6300K(6464K) NonClass: 5767K(5824K)->5767K(5824K) Class: 533K(640K)->533K(640K)
[3.619s][info][gc             ] GC(84) Pause Full (Ergonomics) 614M->613M(738M) 194.497ms
[3.619s][info][gc,cpu         ] GC(84) User=1.36s Sys=0.00s Real=0.19s
[3.640s][info][gc,start       ] GC(85) Pause Young (Allocation Failure)
[3.682s][info][gc,heap        ] GC(85) PSYoungGen: 31204K(72704K)->24192K(70656K) Eden: 17408K(17408K)->0K(19456K) From: 13796K(55296K)->24192K(51200K)
[3.682s][info][gc,heap        ] GC(85) ParOldGen: 614927K(683520K)->622215K(683520K)
[3.682s][info][gc,metaspace   ] GC(85) Metaspace: 6300K(6464K)->6300K(6464K) NonClass: 5767K(5824K)->5767K(5824K) Class: 533K(640K)->533K(640K)
[3.682s][info][gc             ] GC(85) Pause Young (Allocation Failure) 630M->631M(736M) 41.627ms
[3.682s][info][gc,cpu         ] GC(85) User=0.23s Sys=0.02s Real=0.04s
[3.704s][info][gc,start       ] GC(86) Pause Young (Allocation Failure)
[3.728s][info][gc,heap        ] GC(86) PSYoungGen: 43648K(70656K)->43648K(72192K) Eden: 19456K(19456K)->0K(19456K) From: 24192K(51200K)->43648K(52736K)
[3.728s][info][gc,heap        ] GC(86) ParOldGen: 622215K(683520K)->622215K(683520K)
[3.728s][info][gc,metaspace   ] GC(86) Metaspace: 6300K(6464K)->6300K(6464K) NonClass: 5767K(5824K)->5767K(5824K) Class: 533K(640K)->533K(640K)
[3.728s][info][gc             ] GC(86) Pause Young (Allocation Failure) 650M->650M(738M) 24.450ms
[3.728s][info][gc,cpu         ] GC(86) User=0.12s Sys=0.00s Real=0.02s
[3.753s][info][gc,start       ] GC(87) Pause Young (Allocation Failure)
[3.785s][info][gc,heap        ] GC(87) PSYoungGen: 63104K(72192K)->55808K(68096K) Eden: 19456K(19456K)->0K(12288K) From: 43648K(52736K)->55808K(55808K)
[3.785s][info][gc,heap        ] GC(87) ParOldGen: 622215K(683520K)->629551K(683520K)
[3.785s][info][gc,metaspace   ] GC(87) Metaspace: 6300K(6464K)->6300K(6464K) NonClass: 5767K(5824K)->5767K(5824K) Class: 533K(640K)->533K(640K)
[3.785s][info][gc             ] GC(87) Pause Young (Allocation Failure) 669M->669M(734M) 31.795ms
[3.785s][info][gc,cpu         ] GC(87) User=0.14s Sys=0.00s Real=0.03s
[3.801s][info][gc,start       ] GC(88) Pause Young (Allocation Failure)
[3.834s][info][gc,heap        ] GC(88) PSYoungGen: 68096K(68096K)->31616K(44032K) Eden: 12288K(12288K)->0K(12288K) From: 55808K(55808K)->31616K(31744K)
[3.835s][info][gc,heap        ] GC(88) ParOldGen: 629551K(683520K)->666583K(683520K)
[3.835s][info][gc,metaspace   ] GC(88) Metaspace: 6300K(6464K)->6300K(6464K) NonClass: 5767K(5824K)->5767K(5824K) Class: 533K(640K)->533K(640K)
[3.835s][info][gc             ] GC(88) Pause Young (Allocation Failure) 681M->681M(710M) 33.554ms
[3.835s][info][gc,cpu         ] GC(88) User=0.14s Sys=0.02s Real=0.03s
[3.835s][info][gc,start       ] GC(89) Pause Full (Ergonomics)
[3.835s][info][gc,phases,start] GC(89) Marking Phase
[3.985s][info][gc,phases      ] GC(89) Marking Phase 150.631ms
[3.985s][info][gc,phases,start] GC(89) Summary Phase
[3.985s][info][gc,phases      ] GC(89) Summary Phase 0.030ms
[3.985s][info][gc,phases,start] GC(89) Adjust Roots
[3.986s][info][gc,phases      ] GC(89) Adjust Roots 0.247ms
[3.986s][info][gc,phases,start] GC(89) Compaction Phase
[4.042s][info][gc,phases      ] GC(89) Compaction Phase 56.141ms
[4.042s][info][gc,phases,start] GC(89) Post Compact
[4.043s][info][gc,phases      ] GC(89) Post Compact 1.249ms
[4.044s][info][gc,heap        ] GC(89) PSYoungGen: 31616K(44032K)->14039K(44032K) Eden: 0K(12288K)->0K(12288K) From: 31616K(31744K)->14039K(31744K)
[4.044s][info][gc,heap        ] GC(89) ParOldGen: 666583K(683520K)->683167K(762368K)
[4.044s][info][gc,metaspace   ] GC(89) Metaspace: 6300K(6464K)->6300K(6464K) NonClass: 5767K(5824K)->5767K(5824K) Class: 533K(640K)->533K(640K)
[4.044s][info][gc             ] GC(89) Pause Full (Ergonomics) 681M->680M(787M) 209.056ms
[4.044s][info][gc,cpu         ] GC(89) User=1.48s Sys=0.02s Real=0.21s
[4.180s][info][gc,start       ] GC(90) Pause Young (Allocation Failure)
[4.224s][info][gc,heap        ] GC(90) PSYoungGen: 26327K(44032K)->17664K(76288K) Eden: 12288K(12288K)->0K(13824K) From: 14039K(31744K)->17664K(62464K)
[4.224s][info][gc,heap        ] GC(90) ParOldGen: 715935K(762368K)->724911K(762368K)
[4.224s][info][gc,metaspace   ] GC(90) Metaspace: 6300K(6464K)->6300K(6464K) NonClass: 5767K(5824K)->5767K(5824K) Class: 533K(640K)->533K(640K)
[4.224s][info][gc             ] GC(90) Pause Young (Allocation Failure) 724M->725M(819M) 44.194ms
[4.224s][info][gc,cpu         ] GC(90) User=0.17s Sys=0.00s Real=0.04s
[4.239s][info][gc,start       ] GC(91) Pause Young (Allocation Failure)
[4.263s][info][gc,heap        ] GC(91) PSYoungGen: 31488K(76288K)->31456K(45568K) Eden: 13824K(13824K)->0K(13824K) From: 17664K(62464K)->31456K(31744K)
[4.263s][info][gc,heap        ] GC(91) ParOldGen: 724911K(762368K)->724911K(762368K)
[4.263s][info][gc,metaspace   ] GC(91) Metaspace: 6300K(6464K)->6300K(6464K) NonClass: 5767K(5824K)->5767K(5824K) Class: 533K(640K)->533K(640K)
[4.263s][info][gc             ] GC(91) Pause Young (Allocation Failure) 738M->738M(789M) 23.952ms
[4.263s][info][gc,cpu         ] GC(91) User=0.03s Sys=0.00s Real=0.02s
[4.278s][info][gc,start       ] GC(92) Pause Young (Allocation Failure)
[4.303s][info][gc,heap        ] GC(92) PSYoungGen: 45280K(45568K)->40064K(74240K) Eden: 13824K(13824K)->0K(14848K) From: 31456K(31744K)->40064K(59392K)
[4.303s][info][gc,heap        ] GC(92) ParOldGen: 724911K(762368K)->730223K(762368K)
[4.303s][info][gc,metaspace   ] GC(92) Metaspace: 6300K(6464K)->6300K(6464K) NonClass: 5767K(5824K)->5767K(5824K) Class: 533K(640K)->533K(640K)
[4.303s][info][gc             ] GC(92) Pause Young (Allocation Failure) 752M->752M(817M) 24.805ms
[4.303s][info][gc,cpu         ] GC(92) User=0.03s Sys=0.00s Real=0.03s
[4.319s][info][gc,start       ] GC(93) Pause Young (Allocation Failure)
[4.346s][info][gc,heap        ] GC(93) PSYoungGen: 54912K(74240K)->42656K(74752K) Eden: 14848K(14848K)->0K(14848K) From: 40064K(59392K)->42656K(59904K)
[4.347s][info][gc,heap        ] GC(93) ParOldGen: 730223K(762368K)->742671K(762368K)
[4.347s][info][gc,metaspace   ] GC(93) Metaspace: 6300K(6464K)->6300K(6464K) NonClass: 5767K(5824K)->5767K(5824K) Class: 533K(640K)->533K(640K)
[4.347s][info][gc             ] GC(93) Pause Young (Allocation Failure) 766M->766M(817M) 27.872ms
[4.347s][info][gc,cpu         ] GC(93) User=0.05s Sys=0.00s Real=0.03s
[4.347s][info][gc,start       ] GC(94) Pause Full (Ergonomics)
[4.347s][info][gc,phases,start] GC(94) Marking Phase
[4.523s][info][gc,phases      ] GC(94) Marking Phase 176.037ms
[4.523s][info][gc,phases,start] GC(94) Summary Phase
[4.523s][info][gc,phases      ] GC(94) Summary Phase 0.035ms
[4.523s][info][gc,phases,start] GC(94) Adjust Roots
[4.523s][info][gc,phases      ] GC(94) Adjust Roots 0.245ms
[4.523s][info][gc,phases,start] GC(94) Compaction Phase
[4.647s][info][gc,phases      ] GC(94) Compaction Phase 123.675ms
[4.647s][info][gc,phases,start] GC(94) Post Compact
[4.649s][info][gc,phases      ] GC(94) Post Compact 1.707ms
[4.649s][info][gc,heap        ] GC(94) PSYoungGen: 42656K(74752K)->6129K(74752K) Eden: 0K(14848K)->0K(14848K) From: 42656K(59904K)->6129K(59904K)
[4.649s][info][gc,heap        ] GC(94) ParOldGen: 742671K(762368K)->762118K(841728K)
[4.649s][info][gc,metaspace   ] GC(94) Metaspace: 6300K(6464K)->6300K(6464K) NonClass: 5767K(5824K)->5767K(5824K) Class: 533K(640K)->533K(640K)
[4.649s][info][gc             ] GC(94) Pause Full (Ergonomics) 766M->750M(895M) 302.339ms
[4.649s][info][gc,cpu         ] GC(94) User=1.91s Sys=0.00s Real=0.30s
[4.667s][info][gc,start       ] GC(95) Pause Young (Allocation Failure)
[4.709s][info][gc,heap        ] GC(95) PSYoungGen: 20977K(74752K)->18528K(75776K) Eden: 14848K(14848K)->0K(16384K) From: 6129K(59904K)->18528K(59392K)
[4.709s][info][gc,heap        ] GC(95) ParOldGen: 762118K(841728K)->764782K(841728K)
[4.709s][info][gc,metaspace   ] GC(95) Metaspace: 6300K(6464K)->6300K(6464K) NonClass: 5767K(5824K)->5767K(5824K) Class: 533K(640K)->533K(640K)
[4.709s][info][gc             ] GC(95) Pause Young (Allocation Failure) 764M->764M(896M) 42.260ms
[4.709s][info][gc,cpu         ] GC(95) User=0.27s Sys=0.00s Real=0.04s
[4.725s][info][gc,start       ] GC(96) Pause Young (Allocation Failure)
[4.744s][info][gc,heap        ] GC(96) PSYoungGen: 34912K(75776K)->34880K(76800K) Eden: 16384K(16384K)->0K(16384K) From: 18528K(59392K)->34880K(60416K)
[4.744s][info][gc,heap        ] GC(96) ParOldGen: 764782K(841728K)->764782K(841728K)
[4.744s][info][gc,metaspace   ] GC(96) Metaspace: 6300K(6464K)->6300K(6464K) NonClass: 5767K(5824K)->5767K(5824K) Class: 533K(640K)->533K(640K)
[4.744s][info][gc             ] GC(96) Pause Young (Allocation Failure) 780M->780M(897M) 18.973ms
[4.744s][info][gc,cpu         ] GC(96) User=0.03s Sys=0.00s Real=0.02s
[4.761s][info][gc,start       ] GC(97) Pause Young (Allocation Failure)
[4.786s][info][gc,heap        ] GC(97) PSYoungGen: 51264K(76800K)->49344K(73728K) Eden: 16384K(16384K)->0K(14848K) From: 34880K(60416K)->49344K(58880K)
[4.786s][info][gc,heap        ] GC(97) ParOldGen: 764782K(841728K)->766742K(841728K)
[4.786s][info][gc,metaspace   ] GC(97) Metaspace: 6300K(6464K)->6300K(6464K) NonClass: 5767K(5824K)->5767K(5824K) Class: 533K(640K)->533K(640K)
[4.786s][info][gc             ] GC(97) Pause Young (Allocation Failure) 796M->796M(894M) 24.817ms
[4.786s][info][gc,cpu         ] GC(97) User=0.14s Sys=0.00s Real=0.03s
[4.800s][info][gc,start       ] GC(98) Pause Young (Allocation Failure)
[4.830s][info][gc,heap        ] GC(98) PSYoungGen: 64192K(73728K)->62464K(77312K) Eden: 14848K(14848K)->0K(14848K) From: 49344K(58880K)->62464K(62464K)
[4.830s][info][gc,heap        ] GC(98) ParOldGen: 766742K(841728K)->768494K(841728K)
[4.830s][info][gc,metaspace   ] GC(98) Metaspace: 6300K(6464K)->6300K(6464K) NonClass: 5767K(5824K)->5767K(5824K) Class: 533K(640K)->533K(640K)
[4.830s][info][gc             ] GC(98) Pause Young (Allocation Failure) 811M->811M(897M) 30.040ms
[4.830s][info][gc,cpu         ] GC(98) User=0.14s Sys=0.00s Real=0.03s
[4.846s][info][gc,start       ] GC(99) Pause Young (Allocation Failure)
[4.883s][info][gc,heap        ] GC(99) PSYoungGen: 77312K(77312K)->46144K(87552K) Eden: 14848K(14848K)->0K(16896K) From: 62464K(62464K)->46144K(70656K)
[4.883s][info][gc,heap        ] GC(99) ParOldGen: 768494K(841728K)->800094K(841728K)
[4.883s][info][gc,metaspace   ] GC(99) Metaspace: 6300K(6464K)->6300K(6464K) NonClass: 5767K(5824K)->5767K(5824K) Class: 533K(640K)->533K(640K)
[4.883s][info][gc             ] GC(99) Pause Young (Allocation Failure) 825M->826M(907M) 36.718ms
[4.883s][info][gc,cpu         ] GC(99) User=0.23s Sys=0.02s Real=0.04s
[4.903s][info][gc,start       ] GC(100) Pause Young (Allocation Failure)
[4.935s][info][gc,heap        ] GC(100) PSYoungGen: 63040K(87552K)->31872K(87552K) Eden: 16896K(16896K)->0K(16896K) From: 46144K(70656K)->31872K(70656K)
[4.935s][info][gc,heap        ] GC(100) ParOldGen: 800094K(841728K)->831678K(841728K)
[4.935s][info][gc,metaspace   ] GC(100) Metaspace: 6300K(6464K)->6300K(6464K) NonClass: 5767K(5824K)->5767K(5824K) Class: 533K(640K)->533K(640K)
[4.935s][info][gc             ] GC(100) Pause Young (Allocation Failure) 842M->843M(907M) 32.428ms
[4.935s][info][gc,cpu         ] GC(100) User=0.12s Sys=0.00s Real=0.03s
[4.935s][info][gc,start       ] GC(101) Pause Full (Ergonomics)
[4.935s][info][gc,phases,start] GC(101) Marking Phase
[5.130s][info][gc,phases      ] GC(101) Marking Phase 195.003ms
[5.130s][info][gc,phases,start] GC(101) Summary Phase
[5.130s][info][gc,phases      ] GC(101) Summary Phase 0.031ms
[5.130s][info][gc,phases,start] GC(101) Adjust Roots
[5.130s][info][gc,phases      ] GC(101) Adjust Roots 0.146ms
[5.131s][info][gc,phases,start] GC(101) Compaction Phase
[5.215s][info][gc,phases      ] GC(101) Compaction Phase 84.946ms
[5.216s][info][gc,phases,start] GC(101) Post Compact
[5.218s][info][gc,phases      ] GC(101) Post Compact 1.984ms
[5.218s][info][gc,heap        ] GC(101) PSYoungGen: 31872K(87552K)->20953K(87552K) Eden: 0K(16896K)->0K(16896K) From: 31872K(70656K)->20953K(70656K)
[5.218s][info][gc,heap        ] GC(101) ParOldGen: 831678K(841728K)->841321K(936960K)
[5.218s][info][gc,metaspace   ] GC(101) Metaspace: 6300K(6464K)->6300K(6464K) NonClass: 5767K(5824K)->5767K(5824K) Class: 533K(640K)->533K(640K)
[5.218s][info][gc             ] GC(101) Pause Full (Ergonomics) 843M->842M(1000M) 282.894ms
[5.218s][info][gc,cpu         ] GC(101) User=1.83s Sys=0.00s Real=0.28s
[5.238s][info][gc,start       ] GC(102) Pause Young (Allocation Failure)
[5.289s][info][gc,heap        ] GC(102) PSYoungGen: 37849K(87552K)->17024K(87552K) Eden: 16896K(16896K)->0K(18944K) From: 20953K(70656K)->17024K(68608K)
[5.289s][info][gc,heap        ] GC(102) ParOldGen: 841321K(936960K)->862585K(936960K)
[5.289s][info][gc,metaspace   ] GC(102) Metaspace: 6300K(6464K)->6300K(6464K) NonClass: 5767K(5824K)->5767K(5824K) Class: 533K(640K)->533K(640K)
[5.289s][info][gc             ] GC(102) Pause Young (Allocation Failure) 858M->858M(1000M) 51.095ms
[5.289s][info][gc,cpu         ] GC(102) User=0.27s Sys=0.02s Real=0.05s
[5.309s][info][gc,start       ] GC(103) Pause Young (Allocation Failure)
[5.331s][info][gc,heap        ] GC(103) PSYoungGen: 35968K(87552K)->19072K(88064K) Eden: 18944K(18944K)->0K(18944K) From: 17024K(68608K)->19072K(69120K)
[5.331s][info][gc,heap        ] GC(103) ParOldGen: 862585K(936960K)->879705K(936960K)
[5.331s][info][gc,metaspace   ] GC(103) Metaspace: 6300K(6464K)->6300K(6464K) NonClass: 5767K(5824K)->5767K(5824K) Class: 533K(640K)->533K(640K)
[5.331s][info][gc             ] GC(103) Pause Young (Allocation Failure) 877M->877M(1001M) 21.898ms
[5.331s][info][gc,cpu         ] GC(103) User=0.12s Sys=0.00s Real=0.02s
[5.352s][info][gc,start       ] GC(104) Pause Young (Allocation Failure)
[5.375s][info][gc,heap        ] GC(104) PSYoungGen: 38016K(88064K)->19136K(87552K) Eden: 18944K(18944K)->0K(20992K) From: 19072K(69120K)->19136K(66560K)
[5.375s][info][gc,heap        ] GC(104) ParOldGen: 879705K(936960K)->898897K(936960K)
[5.375s][info][gc,metaspace   ] GC(104) Metaspace: 6300K(6464K)->6300K(6464K) NonClass: 5767K(5824K)->5767K(5824K) Class: 533K(640K)->533K(640K)
[5.375s][info][gc             ] GC(104) Pause Young (Allocation Failure) 896M->896M(1000M) 22.211ms
[5.375s][info][gc,cpu         ] GC(104) User=0.11s Sys=0.03s Real=0.02s
[5.399s][info][gc,start       ] GC(105) Pause Young (Allocation Failure)
[5.422s][info][gc,heap        ] GC(105) PSYoungGen: 40128K(87552K)->21120K(88576K) Eden: 20992K(20992K)->0K(20992K) From: 19136K(66560K)->21120K(67584K)
[5.422s][info][gc,heap        ] GC(105) ParOldGen: 898897K(936960K)->918113K(936960K)
[5.422s][info][gc,metaspace   ] GC(105) Metaspace: 6300K(6464K)->6300K(6464K) NonClass: 5767K(5824K)->5767K(5824K) Class: 533K(640K)->533K(640K)
[5.422s][info][gc             ] GC(105) Pause Young (Allocation Failure) 917M->917M(1001M) 22.498ms
[5.422s][info][gc,cpu         ] GC(105) User=0.11s Sys=0.03s Real=0.02s
[5.422s][info][gc,start       ] GC(106) Pause Full (Ergonomics)
[5.422s][info][gc,phases,start] GC(106) Marking Phase
[5.627s][info][gc,phases      ] GC(106) Marking Phase 205.540ms
[5.627s][info][gc,phases,start] GC(106) Summary Phase
[5.627s][info][gc,phases      ] GC(106) Summary Phase 0.025ms
[5.627s][info][gc,phases,start] GC(106) Adjust Roots
[5.628s][info][gc,phases      ] GC(106) Adjust Roots 0.168ms
[5.628s][info][gc,phases,start] GC(106) Compaction Phase
[5.719s][info][gc,phases      ] GC(106) Compaction Phase 90.992ms
[5.719s][info][gc,phases,start] GC(106) Post Compact
[5.720s][info][gc,phases      ] GC(106) Post Compact 1.823ms
[5.721s][info][gc,heap        ] GC(106) PSYoungGen: 21120K(88576K)->1037K(88576K) Eden: 0K(20992K)->0K(20992K) From: 21120K(67584K)->1037K(67584K)
[5.721s][info][gc,heap        ] GC(106) ParOldGen: 918113K(936960K)->936894K(1038336K)
[5.721s][info][gc,metaspace   ] GC(106) Metaspace: 6300K(6464K)->6300K(6464K) NonClass: 5767K(5824K)->5767K(5824K) Class: 533K(640K)->533K(640K)
[5.721s][info][gc             ] GC(106) Pause Full (Ergonomics) 917M->915M(1100M) 299.282ms
[5.721s][info][gc,cpu         ] GC(106) User=2.02s Sys=0.00s Real=0.30s
[5.747s][info][gc,start       ] GC(107) Pause Young (Allocation Failure)
[5.797s][info][gc,heap        ] GC(107) PSYoungGen: 22029K(88576K)->21120K(84480K) Eden: 20992K(20992K)->0K(23040K) From: 1037K(67584K)->21120K(61440K)
[5.797s][info][gc,heap        ] GC(107) ParOldGen: 936894K(1038336K)->937982K(1038336K)
[5.797s][info][gc,metaspace   ] GC(107) Metaspace: 6300K(6464K)->6300K(6464K) NonClass: 5767K(5824K)->5767K(5824K) Class: 533K(640K)->533K(640K)
[5.797s][info][gc             ] GC(107) Pause Young (Allocation Failure) 936M->936M(1096M) 49.829ms
[5.797s][info][gc,cpu         ] GC(107) User=0.28s Sys=0.00s Real=0.05s
[5.822s][info][gc,start       ] GC(108) Pause Young (Allocation Failure)
[5.846s][info][gc,heap        ] GC(108) PSYoungGen: 44160K(84480K)->44192K(87040K) Eden: 23040K(23040K)->0K(23040K) From: 21120K(61440K)->44192K(64000K)
[5.846s][info][gc,heap        ] GC(108) ParOldGen: 937982K(1038336K)->937982K(1038336K)
[5.846s][info][gc,metaspace   ] GC(108) Metaspace: 6300K(6464K)->6300K(6464K) NonClass: 5767K(5824K)->5767K(5824K) Class: 533K(640K)->533K(640K)
[5.846s][info][gc             ] GC(108) Pause Young (Allocation Failure) 959M->959M(1099M) 24.059ms
[5.846s][info][gc,cpu         ] GC(108) User=0.14s Sys=0.00s Real=0.02s
[5.872s][info][gc,start       ] GC(109) Pause Young (Allocation Failure)
[5.906s][info][gc,heap        ] GC(109) PSYoungGen: 67232K(87040K)->66048K(81920K) Eden: 23040K(23040K)->0K(15872K) From: 44192K(64000K)->66048K(66048K)
[5.906s][info][gc,heap        ] GC(109) ParOldGen: 937982K(1038336K)->939102K(1038336K)
[5.906s][info][gc,metaspace   ] GC(109) Metaspace: 6300K(6464K)->6300K(6464K) NonClass: 5767K(5824K)->5767K(5824K) Class: 533K(640K)->533K(640K)
[5.906s][info][gc             ] GC(109) Pause Young (Allocation Failure) 981M->981M(1094M) 34.368ms
[5.906s][info][gc,cpu         ] GC(109) User=0.19s Sys=0.00s Real=0.03s
[5.924s][info][gc,start       ] GC(110) Pause Young (Allocation Failure)
[5.964s][info][gc,heap        ] GC(110) PSYoungGen: 81920K(81920K)->38656K(54784K) Eden: 15872K(15872K)->0K(15872K) From: 66048K(66048K)->38656K(38912K)
[5.964s][info][gc,heap        ] GC(110) ParOldGen: 939102K(1038336K)->983022K(1038336K)
[5.964s][info][gc,metaspace   ] GC(110) Metaspace: 6300K(6464K)->6300K(6464K) NonClass: 5767K(5824K)->5767K(5824K) Class: 533K(640K)->533K(640K)
[5.964s][info][gc             ] GC(110) Pause Young (Allocation Failure) 997M->997M(1067M) 39.654ms
[5.964s][info][gc,cpu         ] GC(110) User=0.23s Sys=0.02s Real=0.04s
[5.982s][info][gc,start       ] GC(111) Pause Young (Allocation Failure)
[6.011s][info][gc,heap        ] GC(111) PSYoungGen: 54528K(54784K)->31872K(83968K) Eden: 15872K(15872K)->0K(17920K) From: 38656K(38912K)->31872K(66048K)
[6.011s][info][gc,heap        ] GC(111) ParOldGen: 983022K(1038336K)->1005974K(1038336K)
[6.011s][info][gc,metaspace   ] GC(111) Metaspace: 6300K(6464K)->6300K(6464K) NonClass: 5767K(5824K)->5767K(5824K) Class: 533K(640K)->533K(640K)
[6.011s][info][gc             ] GC(111) Pause Young (Allocation Failure) 1013M->1013M(1096M) 28.791ms
[6.011s][info][gc,cpu         ] GC(111) User=0.11s Sys=0.02s Real=0.03s
[6.011s][info][gc,start       ] GC(112) Pause Full (Ergonomics)
[6.011s][info][gc,phases,start] GC(112) Marking Phase
[6.246s][info][gc,phases      ] GC(112) Marking Phase 235.335ms
[6.246s][info][gc,phases,start] GC(112) Summary Phase
[6.246s][info][gc,phases      ] GC(112) Summary Phase 0.029ms
[6.246s][info][gc,phases,start] GC(112) Adjust Roots
[6.247s][info][gc,phases      ] GC(112) Adjust Roots 0.151ms
[6.247s][info][gc,phases,start] GC(112) Compaction Phase
[6.337s][info][gc,phases      ] GC(112) Compaction Phase 89.939ms
[6.337s][info][gc,phases,start] GC(112) Post Compact
[6.339s][info][gc,phases      ] GC(112) Post Compact 2.014ms
[6.339s][info][gc,heap        ] GC(112) PSYoungGen: 31872K(83968K)->0K(87552K) Eden: 0K(17920K)->0K(17920K) From: 31872K(66048K)->0K(69632K)
[6.339s][info][gc,heap        ] GC(112) ParOldGen: 1005974K(1038336K)->1036588K(1153024K)
[6.339s][info][gc,metaspace   ] GC(112) Metaspace: 6300K(6464K)->6300K(6464K) NonClass: 5767K(5824K)->5767K(5824K) Class: 533K(640K)->533K(640K)
[6.339s][info][gc             ] GC(112) Pause Full (Ergonomics) 1013M->1012M(1211M) 328.348ms
[6.339s][info][gc,cpu         ] GC(112) User=2.38s Sys=0.00s Real=0.33s
[6.359s][info][gc,start       ] GC(113) Pause Young (Allocation Failure)
[6.375s][info][gc,heap        ] GC(113) PSYoungGen: 17920K(87552K)->18112K(88576K) Eden: 17920K(17920K)->0K(19968K) From: 0K(69632K)->18112K(68608K)
[6.375s][info][gc,heap        ] GC(113) ParOldGen: 1036588K(1153024K)->1036588K(1153024K)
[6.375s][info][gc,metaspace   ] GC(113) Metaspace: 6300K(6464K)->6300K(6464K) NonClass: 5767K(5824K)->5767K(5824K) Class: 533K(640K)->533K(640K)
[6.375s][info][gc             ] GC(113) Pause Young (Allocation Failure) 1029M->1029M(1212M) 15.977ms
[6.375s][info][gc,cpu         ] GC(113) User=0.00s Sys=0.00s Real=0.02s
[6.397s][info][gc,start       ] GC(114) Pause Young (Allocation Failure)
[6.418s][info][gc,heap        ] GC(114) PSYoungGen: 38080K(88576K)->38080K(89088K) Eden: 19968K(19968K)->0K(19968K) From: 18112K(68608K)->38080K(69120K)
[6.418s][info][gc,heap        ] GC(114) ParOldGen: 1036588K(1153024K)->1036588K(1153024K)
[6.418s][info][gc,metaspace   ] GC(114) Metaspace: 6300K(6464K)->6300K(6464K) NonClass: 5767K(5824K)->5767K(5824K) Class: 533K(640K)->533K(640K)
[6.419s][info][gc             ] GC(114) Pause Young (Allocation Failure) 1049M->1049M(1213M) 21.219ms
[6.419s][info][gc,cpu         ] GC(114) User=0.14s Sys=0.00s Real=0.02s
[6.440s][info][gc,start       ] GC(115) Pause Young (Allocation Failure)
[6.470s][info][gc,heap        ] GC(115) PSYoungGen: 58048K(89088K)->58048K(83968K) Eden: 19968K(19968K)->0K(16384K) From: 38080K(69120K)->58048K(67584K)
[6.470s][info][gc,heap        ] GC(115) ParOldGen: 1036588K(1153024K)->1036588K(1153024K)
[6.470s][info][gc,metaspace   ] GC(115) Metaspace: 6300K(6464K)->6300K(6464K) NonClass: 5767K(5824K)->5767K(5824K) Class: 533K(640K)->533K(640K)
[6.470s][info][gc             ] GC(115) Pause Young (Allocation Failure) 1068M->1068M(1208M) 29.426ms
[6.470s][info][gc,cpu         ] GC(115) User=0.14s Sys=0.00s Real=0.03s
[6.488s][info][gc,start       ] GC(116) Pause Young (Allocation Failure)
[6.524s][info][gc,heap        ] GC(116) PSYoungGen: 74432K(83968K)->73216K(89600K) Eden: 16384K(16384K)->0K(16384K) From: 58048K(67584K)->73216K(73216K)
[6.524s][info][gc,heap        ] GC(116) ParOldGen: 1036588K(1153024K)->1037708K(1153024K)
[6.524s][info][gc,metaspace   ] GC(116) Metaspace: 6300K(6464K)->6300K(6464K) NonClass: 5767K(5824K)->5767K(5824K) Class: 533K(640K)->533K(640K)
[6.524s][info][gc             ] GC(116) Pause Young (Allocation Failure) 1084M->1084M(1213M) 35.675ms
[6.524s][info][gc,cpu         ] GC(116) User=0.25s Sys=0.00s Real=0.04s
[6.543s][info][gc,start       ] GC(117) Pause Young (Allocation Failure)
[6.588s][info][gc,heap        ] GC(117) PSYoungGen: 89600K(89600K)->71968K(94208K) Eden: 16384K(16384K)->0K(10752K) From: 73216K(73216K)->71968K(83456K)
[6.588s][info][gc,heap        ] GC(117) ParOldGen: 1037708K(1153024K)->1055692K(1153024K)
[6.588s][info][gc,metaspace   ] GC(117) Metaspace: 6300K(6464K)->6300K(6464K) NonClass: 5767K(5824K)->5767K(5824K) Class: 533K(640K)->533K(640K)
[6.588s][info][gc             ] GC(117) Pause Young (Allocation Failure) 1100M->1101M(1218M) 44.338ms
[6.588s][info][gc,cpu         ] GC(117) User=0.22s Sys=0.02s Real=0.04s
[6.599s][info][gc,start       ] GC(118) Pause Young (Allocation Failure)
[6.639s][info][gc,heap        ] GC(118) PSYoungGen: 82720K(94208K)->63040K(101888K) Eden: 10752K(10752K)->0K(10752K) From: 71968K(83456K)->63040K(91136K)
[6.639s][info][gc,heap        ] GC(118) ParOldGen: 1055692K(1153024K)->1075652K(1153024K)
[6.639s][info][gc,metaspace   ] GC(118) Metaspace: 6300K(6464K)->6300K(6464K) NonClass: 5767K(5824K)->5767K(5824K) Class: 533K(640K)->533K(640K)
[6.639s][info][gc             ] GC(118) Pause Young (Allocation Failure) 1111M->1112M(1225M) 40.083ms
[6.639s][info][gc,cpu         ] GC(118) User=0.22s Sys=0.03s Real=0.04s
[6.651s][info][gc,start       ] GC(119) Pause Young (Allocation Failure)
[6.687s][info][gc,heap        ] GC(119) PSYoungGen: 73792K(101888K)->37984K(99328K) Eden: 10752K(10752K)->0K(12800K) From: 63040K(91136K)->37984K(86528K)
[6.687s][info][gc,heap        ] GC(119) ParOldGen: 1075652K(1153024K)->1111860K(1153024K)
[6.687s][info][gc,metaspace   ] GC(119) Metaspace: 6300K(6464K)->6300K(6464K) NonClass: 5767K(5824K)->5767K(5824K) Class: 533K(640K)->533K(640K)
[6.687s][info][gc             ] GC(119) Pause Young (Allocation Failure) 1122M->1122M(1223M) 36.428ms
[6.687s][info][gc,cpu         ] GC(119) User=0.25s Sys=0.02s Real=0.04s
[6.687s][info][gc,start       ] GC(120) Pause Full (Ergonomics)
[6.687s][info][gc,phases,start] GC(120) Marking Phase
[6.943s][info][gc,phases      ] GC(120) Marking Phase 255.767ms
[6.943s][info][gc,phases,start] GC(120) Summary Phase
[6.943s][info][gc,phases      ] GC(120) Summary Phase 0.033ms
[6.943s][info][gc,phases,start] GC(120) Adjust Roots
[6.943s][info][gc,phases      ] GC(120) Adjust Roots 0.200ms
[6.943s][info][gc,phases,start] GC(120) Compaction Phase
[7.041s][info][gc,phases      ] GC(120) Compaction Phase 97.255ms
[7.041s][info][gc,phases,start] GC(120) Post Compact
[7.043s][info][gc,phases      ] GC(120) Post Compact 1.900ms
[7.043s][info][gc,heap        ] GC(120) PSYoungGen: 37984K(99328K)->0K(102912K) Eden: 0K(12800K)->0K(12800K) From: 37984K(86528K)->0K(90112K)
[7.043s][info][gc,heap        ] GC(120) ParOldGen: 1111860K(1153024K)->1148506K(1274368K)
[7.043s][info][gc,metaspace   ] GC(120) Metaspace: 6300K(6464K)->6300K(6464K) NonClass: 5767K(5824K)->5767K(5824K) Class: 533K(640K)->533K(640K)
[7.043s][info][gc             ] GC(120) Pause Full (Ergonomics) 1122M->1121M(1345M) 356.073ms
[7.043s][info][gc,cpu         ] GC(120) User=2.44s Sys=0.08s Real=0.36s
[7.061s][info][gc,start       ] GC(121) Pause Young (Allocation Failure)
[7.075s][info][gc,heap        ] GC(121) PSYoungGen: 12800K(102912K)->12928K(104448K) Eden: 12800K(12800K)->0K(14336K) From: 0K(90112K)->12928K(90112K)
[7.075s][info][gc,heap        ] GC(121) ParOldGen: 1148506K(1274368K)->1148506K(1274368K)
[7.075s][info][gc,metaspace   ] GC(121) Metaspace: 6300K(6464K)->6300K(6464K) NonClass: 5767K(5824K)->5767K(5824K) Class: 533K(640K)->533K(640K)
[7.075s][info][gc             ] GC(121) Pause Young (Allocation Failure) 1134M->1134M(1346M) 14.536ms
[7.075s][info][gc,cpu         ] GC(121) User=0.02s Sys=0.00s Real=0.02s
[7.092s][info][gc,start       ] GC(122) Pause Young (Allocation Failure)
[7.109s][info][gc,heap        ] GC(122) PSYoungGen: 27264K(104448K)->27296K(41984K) Eden: 14336K(14336K)->0K(14336K) From: 12928K(90112K)->27296K(27648K)
[7.109s][info][gc,heap        ] GC(122) ParOldGen: 1148506K(1274368K)->1148506K(1274368K)
[7.109s][info][gc,metaspace   ] GC(122) Metaspace: 6300K(6464K)->6300K(6464K) NonClass: 5767K(5824K)->5767K(5824K) Class: 533K(640K)->533K(640K)
[7.109s][info][gc             ] GC(122) Pause Young (Allocation Failure) 1148M->1148M(1285M) 17.438ms
[7.109s][info][gc,cpu         ] GC(122) User=0.03s Sys=0.00s Real=0.02s
[7.126s][info][gc,start       ] GC(123) Pause Young (Allocation Failure)
[7.148s][info][gc,heap        ] GC(123) PSYoungGen: 41632K(41984K)->28768K(99840K) Eden: 14336K(14336K)->0K(16384K) From: 27296K(27648K)->28768K(83456K)
[7.149s][info][gc,heap        ] GC(123) ParOldGen: 1148506K(1274368K)->1161482K(1274368K)
[7.149s][info][gc,metaspace   ] GC(123) Metaspace: 6300K(6464K)->6300K(6464K) NonClass: 5767K(5824K)->5767K(5824K) Class: 533K(640K)->533K(640K)
[7.149s][info][gc             ] GC(123) Pause Young (Allocation Failure) 1162M->1162M(1342M) 22.789ms
[7.149s][info][gc,cpu         ] GC(123) User=0.12s Sys=0.00s Real=0.02s
[7.170s][info][gc,start       ] GC(124) Pause Young (Allocation Failure)
[7.194s][info][gc,heap        ] GC(124) PSYoungGen: 45152K(99840K)->30880K(47616K) Eden: 16384K(16384K)->0K(16384K) From: 28768K(83456K)->30880K(31232K)
[7.194s][info][gc,heap        ] GC(124) ParOldGen: 1161482K(1274368K)->1176018K(1274368K)
[7.194s][info][gc,metaspace   ] GC(124) Metaspace: 6300K(6464K)->6300K(6464K) NonClass: 5767K(5824K)->5767K(5824K) Class: 533K(640K)->533K(640K)
[7.194s][info][gc             ] GC(124) Pause Young (Allocation Failure) 1178M->1178M(1291M) 24.480ms
[7.194s][info][gc,cpu         ] GC(124) User=0.11s Sys=0.02s Real=0.03s
[7.214s][info][gc,start       ] GC(125) Pause Young (Allocation Failure)
[7.240s][info][gc,heap        ] GC(125) PSYoungGen: 47264K(47616K)->32928K(94208K) Eden: 16384K(16384K)->0K(18432K) From: 30880K(31232K)->32928K(75776K)
[7.240s][info][gc,heap        ] GC(125) ParOldGen: 1176018K(1274368K)->1190554K(1274368K)
[7.240s][info][gc,metaspace   ] GC(125) Metaspace: 6300K(6464K)->6300K(6464K) NonClass: 5767K(5824K)->5767K(5824K) Class: 533K(640K)->533K(640K)
[7.240s][info][gc             ] GC(125) Pause Young (Allocation Failure) 1194M->1194M(1336M) 25.630ms
[7.240s][info][gc,cpu         ] GC(125) User=0.19s Sys=0.03s Real=0.03s
[7.262s][info][gc,start       ] GC(126) Pause Young (Allocation Failure)
[7.291s][info][gc,heap        ] GC(126) PSYoungGen: 51360K(94208K)->34944K(53760K) Eden: 18432K(18432K)->0K(18432K) From: 32928K(75776K)->34944K(35328K)
[7.291s][info][gc,heap        ] GC(126) ParOldGen: 1190554K(1274368K)->1207162K(1274368K)
[7.291s][info][gc,metaspace   ] GC(126) Metaspace: 6300K(6464K)->6300K(6464K) NonClass: 5767K(5824K)->5767K(5824K) Class: 533K(640K)->533K(640K)
[7.291s][info][gc             ] GC(126) Pause Young (Allocation Failure) 1212M->1212M(1297M) 29.145ms
[7.291s][info][gc,cpu         ] GC(126) User=0.11s Sys=0.00s Real=0.03s
[7.313s][info][gc,start       ] GC(127) Pause Young (Allocation Failure)
[7.343s][info][gc,heap        ] GC(127) PSYoungGen: 53376K(53760K)->36992K(88576K) Eden: 18432K(18432K)->0K(20992K) From: 34944K(35328K)->36992K(67584K)
[7.343s][info][gc,heap        ] GC(127) ParOldGen: 1207162K(1274368K)->1223786K(1274368K)
[7.343s][info][gc,metaspace   ] GC(127) Metaspace: 6300K(6464K)->6300K(6464K) NonClass: 5767K(5824K)->5767K(5824K) Class: 533K(640K)->533K(640K)
[7.343s][info][gc             ] GC(127) Pause Young (Allocation Failure) 1230M->1231M(1331M) 29.971ms
[7.343s][info][gc,cpu         ] GC(127) User=0.14s Sys=0.00s Real=0.03s
[7.369s][info][gc,start       ] GC(128) Pause Young (Allocation Failure)
[7.402s][info][gc,heap        ] GC(128) PSYoungGen: 57984K(88576K)->39584K(92160K) Eden: 20992K(20992K)->0K(20992K) From: 36992K(67584K)->39584K(71168K)
[7.402s][info][gc,heap        ] GC(128) ParOldGen: 1223786K(1274368K)->1242474K(1274368K)
[7.402s][info][gc,metaspace   ] GC(128) Metaspace: 6300K(6464K)->6300K(6464K) NonClass: 5767K(5824K)->5767K(5824K) Class: 533K(640K)->533K(640K)
[7.402s][info][gc             ] GC(128) Pause Young (Allocation Failure) 1251M->1252M(1334M) 33.567ms
[7.402s][info][gc,cpu         ] GC(128) User=0.16s Sys=0.00s Real=0.03s
[7.402s][info][gc,start       ] GC(129) Pause Full (Ergonomics)
[7.402s][info][gc,phases,start] GC(129) Marking Phase
[7.697s][info][gc,phases      ] GC(129) Marking Phase 294.770ms
[7.697s][info][gc,phases,start] GC(129) Summary Phase
[7.697s][info][gc,phases      ] GC(129) Summary Phase 0.029ms
[7.697s][info][gc,phases,start] GC(129) Adjust Roots
[7.697s][info][gc,phases      ] GC(129) Adjust Roots 0.170ms
[7.697s][info][gc,phases,start] GC(129) Compaction Phase
[7.805s][info][gc,phases      ] GC(129) Compaction Phase 107.909ms
[7.805s][info][gc,phases,start] GC(129) Post Compact
[7.808s][info][gc,phases      ] GC(129) Post Compact 2.115ms
[7.808s][info][gc,heap        ] GC(129) PSYoungGen: 39584K(92160K)->6150K(92160K) Eden: 0K(20992K)->0K(20992K) From: 39584K(71168K)->6150K(71168K)
[7.808s][info][gc,heap        ] GC(129) ParOldGen: 1242474K(1274368K)->1274213K(1397760K)
[7.808s][info][gc,metaspace   ] GC(129) Metaspace: 6300K(6464K)->6300K(6464K) NonClass: 5767K(5824K)->5767K(5824K) Class: 533K(640K)->533K(640K)
[7.808s][info][gc             ] GC(129) Pause Full (Ergonomics) 1252M->1250M(1455M) 405.805ms
[7.808s][info][gc,cpu         ] GC(129) User=3.05s Sys=0.00s Real=0.40s
[7.835s][info][gc,start       ] GC(130) Pause Young (Allocation Failure)
[7.909s][info][gc,heap        ] GC(130) PSYoungGen: 27142K(92160K)->24288K(91136K) Eden: 20992K(20992K)->0K(23552K) From: 6150K(71168K)->24288K(67584K)
[7.909s][info][gc,heap        ] GC(130) ParOldGen: 1274213K(1397760K)->1277197K(1397760K)
[7.909s][info][gc,metaspace   ] GC(130) Metaspace: 6300K(6464K)->6300K(6464K) NonClass: 5767K(5824K)->5767K(5824K) Class: 533K(640K)->533K(640K)
[7.909s][info][gc             ] GC(130) Pause Young (Allocation Failure) 1270M->1270M(1454M) 73.354ms
[7.909s][info][gc,cpu         ] GC(130) User=0.42s Sys=0.00s Real=0.07s
[7.928s][info][gc,start       ] GC(131) Pause Young (Allocation Failure)
[7.951s][info][gc,heap        ] GC(131) PSYoungGen: 47840K(91136K)->36544K(60416K) Eden: 23552K(23552K)->0K(23552K) From: 24288K(67584K)->36544K(36864K)
[7.951s][info][gc,heap        ] GC(131) ParOldGen: 1277197K(1397760K)->1277197K(1397760K)
[7.951s][info][gc,metaspace   ] GC(131) Metaspace: 6300K(6464K)->6300K(6464K) NonClass: 5767K(5824K)->5767K(5824K) Class: 533K(640K)->533K(640K)
[7.951s][info][gc             ] GC(131) Pause Young (Allocation Failure) 1293M->1282M(1424M) 23.258ms
[7.951s][info][gc,cpu         ] GC(131) User=0.14s Sys=0.00s Real=0.02s
[7.975s][info][gc,start       ] GC(132) Pause Young (Allocation Failure)
[8.006s][info][gc,heap        ] GC(132) PSYoungGen: 60096K(60416K)->53152K(88064K) Eden: 23552K(23552K)->0K(23040K) From: 36544K(36864K)->53152K(65024K)
[8.006s][info][gc,heap        ] GC(132) ParOldGen: 1277197K(1397760K)->1277197K(1397760K)
[8.006s][info][gc,metaspace   ] GC(132) Metaspace: 6300K(6464K)->6300K(6464K) NonClass: 5767K(5824K)->5767K(5824K) Class: 533K(640K)->533K(640K)
[8.007s][info][gc             ] GC(132) Pause Young (Allocation Failure) 1305M->1299M(1451M) 31.657ms
[8.007s][info][gc,cpu         ] GC(132) User=0.14s Sys=0.00s Real=0.03s
[8.037s][info][gc,start       ] GC(133) Pause Young (Allocation Failure)
[8.078s][info][gc,heap        ] GC(133) PSYoungGen: 76192K(88064K)->68096K(91136K) Eden: 23040K(23040K)->0K(23040K) From: 53152K(65024K)->68096K(68096K)
[8.078s][info][gc,heap        ] GC(133) ParOldGen: 1277197K(1397760K)->1285317K(1397760K)
[8.078s][info][gc,metaspace   ] GC(133) Metaspace: 6300K(6464K)->6300K(6464K) NonClass: 5767K(5824K)->5767K(5824K) Class: 533K(640K)->533K(640K)
[8.078s][info][gc             ] GC(133) Pause Young (Allocation Failure) 1321M->1321M(1454M) 40.990ms
[8.078s][info][gc,cpu         ] GC(133) User=0.20s Sys=0.05s Real=0.04s
[8.107s][info][gc,start       ] GC(134) Pause Young (Allocation Failure)
[8.155s][info][gc,heap        ] GC(134) PSYoungGen: 91136K(91136K)->59552K(101888K) Eden: 23040K(23040K)->0K(22528K) From: 68096K(68096K)->59552K(79360K)
[8.155s][info][gc,heap        ] GC(134) ParOldGen: 1285317K(1397760K)->1317469K(1397760K)
[8.155s][info][gc,metaspace   ] GC(134) Metaspace: 6300K(6464K)->6300K(6464K) NonClass: 5767K(5824K)->5767K(5824K) Class: 533K(640K)->533K(640K)
[8.155s][info][gc             ] GC(134) Pause Young (Allocation Failure) 1344M->1344M(1464M) 48.044ms
[8.155s][info][gc,cpu         ] GC(134) User=0.25s Sys=0.02s Real=0.05s
[8.184s][info][gc,start       ] GC(135) Pause Young (Allocation Failure)
[8.226s][info][gc,heap        ] GC(135) PSYoungGen: 82080K(101888K)->67200K(104960K) Eden: 22528K(22528K)->0K(22528K) From: 59552K(79360K)->67200K(82432K)
[8.226s][info][gc,heap        ] GC(135) ParOldGen: 1317469K(1397760K)->1332629K(1397760K)
[8.226s][info][gc,metaspace   ] GC(135) Metaspace: 6300K(6464K)->6300K(6464K) NonClass: 5767K(5824K)->5767K(5824K) Class: 533K(640K)->533K(640K)
[8.226s][info][gc             ] GC(135) Pause Young (Allocation Failure) 1366M->1367M(1467M) 42.743ms
[8.226s][info][gc,cpu         ] GC(135) User=0.25s Sys=0.00s Real=0.04s
[8.513s][info][gc,start       ] GC(136) Pause Young (Allocation Failure)
[8.593s][info][gc,heap        ] GC(136) PSYoungGen: 89728K(104960K)->68288K(107520K) Eden: 22528K(22528K)->0K(20480K) From: 67200K(82432K)->68288K(87040K)
[8.593s][info][gc,heap        ] GC(136) ParOldGen: 1398165K(1463808K)->1419893K(1463808K)
[8.593s][info][gc,metaspace   ] GC(136) Metaspace: 6300K(6464K)->6300K(6464K) NonClass: 5767K(5824K)->5767K(5824K) Class: 533K(640K)->533K(640K)
[8.593s][info][gc             ] GC(136) Pause Young (Allocation Failure) 1453M->1453M(1534M) 79.750ms
[8.593s][info][gc,cpu         ] GC(136) User=0.45s Sys=0.05s Real=0.08s
[8.612s][info][gc,start       ] GC(137) Pause Young (Allocation Failure)
[8.656s][info][gc,heap        ] GC(137) PSYoungGen: 88768K(107520K)->88768K(112128K) Eden: 20480K(20480K)->0K(20480K) From: 68288K(87040K)->88768K(91648K)
[8.656s][info][gc,heap        ] GC(137) ParOldGen: 1419893K(1463808K)->1419893K(1463808K)
[8.656s][info][gc,metaspace   ] GC(137) Metaspace: 6300K(6464K)->6300K(6464K) NonClass: 5767K(5824K)->5767K(5824K) Class: 533K(640K)->533K(640K)
[8.656s][info][gc             ] GC(137) Pause Young (Allocation Failure) 1473M->1473M(1539M) 43.974ms
[8.656s][info][gc,cpu         ] GC(137) User=0.17s Sys=0.00s Real=0.04s
[8.675s][info][gc,start       ] GC(138) Pause Young (Allocation Failure)
[8.728s][info][gc,heap        ] GC(138) PSYoungGen: 109248K(112128K)->86240K(118272K) Eden: 20480K(20480K)->0K(15872K) From: 88768K(91648K)->86240K(102400K)
[8.728s][info][gc,heap        ] GC(138) ParOldGen: 1419893K(1463808K)->1443229K(1463808K)
[8.728s][info][gc,metaspace   ] GC(138) Metaspace: 6300K(6464K)->6300K(6464K) NonClass: 5767K(5824K)->5767K(5824K) Class: 533K(640K)->533K(640K)
[8.728s][info][gc             ] GC(138) Pause Young (Allocation Failure) 1493M->1493M(1545M) 52.726ms
[8.728s][info][gc,cpu         ] GC(138) User=0.36s Sys=0.02s Real=0.05s
[8.728s][info][gc,start       ] GC(139) Pause Full (Ergonomics)
[8.728s][info][gc,phases,start] GC(139) Marking Phase
[9.062s][info][gc,phases      ] GC(139) Marking Phase 333.893ms
[9.062s][info][gc,phases,start] GC(139) Summary Phase
[9.062s][info][gc,phases      ] GC(139) Summary Phase 0.039ms
[9.062s][info][gc,phases,start] GC(139) Adjust Roots
[9.062s][info][gc,phases      ] GC(139) Adjust Roots 0.240ms
[9.062s][info][gc,phases,start] GC(139) Compaction Phase
[9.419s][info][gc,phases      ] GC(139) Compaction Phase 357.296ms
[9.419s][info][gc,phases,start] GC(139) Post Compact
[9.423s][info][gc,phases      ] GC(139) Post Compact 3.256ms
[9.423s][info][gc,heap        ] GC(139) PSYoungGen: 86240K(118272K)->31231K(118272K) Eden: 0K(15872K)->0K(15872K) From: 86240K(102400K)->31231K(102400K)
[9.423s][info][gc,heap        ] GC(139) ParOldGen: 1443229K(1463808K)->1463496K(1597952K)
[9.423s][info][gc,metaspace   ] GC(139) Metaspace: 6300K(6464K)->6300K(6464K) NonClass: 5767K(5824K)->5767K(5824K) Class: 533K(640K)->533K(640K)
[9.423s][info][gc             ] GC(139) Pause Full (Ergonomics) 1493M->1459M(1676M) 695.756ms
[9.423s][info][gc,cpu         ] GC(139) User=4.44s Sys=0.03s Real=0.70s
[9.437s][info][gc,start       ] GC(140) Pause Young (Allocation Failure)
[9.518s][info][gc,heap        ] GC(140) PSYoungGen: 47103K(118272K)->30880K(125440K) Eden: 15872K(15872K)->0K(15872K) From: 31231K(102400K)->30880K(109568K)
[9.518s][info][gc,heap        ] GC(140) ParOldGen: 1463496K(1597952K)->1480088K(1597952K)
[9.518s][info][gc,metaspace   ] GC(140) Metaspace: 6300K(6464K)->6300K(6464K) NonClass: 5767K(5824K)->5767K(5824K) Class: 533K(640K)->533K(640K)
[9.518s][info][gc             ] GC(140) Pause Young (Allocation Failure) 1475M->1475M(1683M) 80.987ms
[9.518s][info][gc,cpu         ] GC(140) User=0.38s Sys=0.00s Real=0.08s
[9.533s][info][gc,start       ] GC(141) Pause Young (Allocation Failure)
[9.563s][info][gc,heap        ] GC(141) PSYoungGen: 46752K(125440K)->40768K(119296K) Eden: 15872K(15872K)->0K(17920K) From: 30880K(109568K)->40768K(101376K)
[9.563s][info][gc,heap        ] GC(141) ParOldGen: 1480088K(1597952K)->1486224K(1597952K)
[9.563s][info][gc,metaspace   ] GC(141) Metaspace: 6300K(6464K)->6300K(6464K) NonClass: 5767K(5824K)->5767K(5824K) Class: 533K(640K)->533K(640K)
[9.563s][info][gc             ] GC(141) Pause Young (Allocation Failure) 1491M->1491M(1677M) 29.995ms
[9.563s][info][gc,cpu         ] GC(141) User=0.03s Sys=0.00s Real=0.03s
[9.581s][info][gc,start       ] GC(142) Pause Young (Allocation Failure)
[9.614s][info][gc,heap        ] GC(142) PSYoungGen: 58688K(119296K)->49792K(68096K) Eden: 17920K(17920K)->0K(17920K) From: 40768K(101376K)->49792K(50176K)
[9.614s][info][gc,heap        ] GC(142) ParOldGen: 1486224K(1597952K)->1495192K(1597952K)
[9.614s][info][gc,metaspace   ] GC(142) Metaspace: 6300K(6464K)->6300K(6464K) NonClass: 5767K(5824K)->5767K(5824K) Class: 533K(640K)->533K(640K)
[9.614s][info][gc             ] GC(142) Pause Young (Allocation Failure) 1508M->1508M(1627M) 32.627ms
[9.614s][info][gc,cpu         ] GC(142) User=0.05s Sys=0.00s Real=0.03s
[9.632s][info][gc,start       ] GC(143) Pause Young (Allocation Failure)
[9.668s][info][gc,heap        ] GC(143) PSYoungGen: 67712K(68096K)->51840K(111104K) Eden: 17920K(17920K)->0K(20480K) From: 49792K(50176K)->51840K(90624K)
[9.668s][info][gc,heap        ] GC(143) ParOldGen: 1495192K(1597952K)->1511272K(1597952K)
[9.668s][info][gc,metaspace   ] GC(143) Metaspace: 6300K(6464K)->6300K(6464K) NonClass: 5767K(5824K)->5767K(5824K) Class: 533K(640K)->533K(640K)
[9.668s][info][gc             ] GC(143) Pause Young (Allocation Failure) 1526M->1526M(1669M) 36.073ms
[9.668s][info][gc,cpu         ] GC(143) User=0.08s Sys=0.00s Real=0.04s
[9.689s][info][gc,start       ] GC(144) Pause Young (Allocation Failure)
[9.730s][info][gc,heap        ] GC(144) PSYoungGen: 72320K(111104K)->38528K(115712K) Eden: 20480K(20480K)->0K(20480K) From: 51840K(90624K)->38528K(95232K)
[9.730s][info][gc,heap        ] GC(144) ParOldGen: 1511272K(1597952K)->1545496K(1597952K)
[9.730s][info][gc,metaspace   ] GC(144) Metaspace: 6300K(6464K)->6300K(6464K) NonClass: 5767K(5824K)->5767K(5824K) Class: 533K(640K)->533K(640K)
[9.730s][info][gc             ] GC(144) Pause Young (Allocation Failure) 1546M->1546M(1673M) 40.759ms
[9.730s][info][gc,cpu         ] GC(144) User=0.14s Sys=0.02s Real=0.04s
[9.751s][info][gc,start       ] GC(145) Pause Young (Allocation Failure)
[9.787s][info][gc,heap        ] GC(145) PSYoungGen: 59008K(115712K)->20672K(115200K) Eden: 20480K(20480K)->0K(22016K) From: 38528K(95232K)->20672K(93184K)
[9.787s][info][gc,heap        ] GC(145) ParOldGen: 1545496K(1597952K)->1584392K(1597952K)
[9.787s][info][gc,metaspace   ] GC(145) Metaspace: 6300K(6464K)->6300K(6464K) NonClass: 5767K(5824K)->5767K(5824K) Class: 533K(640K)->533K(640K)
[9.787s][info][gc             ] GC(145) Pause Young (Allocation Failure) 1566M->1567M(1673M) 36.285ms
[9.787s][info][gc,cpu         ] GC(145) User=0.14s Sys=0.00s Real=0.04s
[9.787s][info][gc,start       ] GC(146) Pause Full (Ergonomics)
[9.787s][info][gc,phases,start] GC(146) Marking Phase
[10.136s][info][gc,phases      ] GC(146) Marking Phase 348.955ms
[10.136s][info][gc,phases,start] GC(146) Summary Phase
[10.136s][info][gc,phases      ] GC(146) Summary Phase 0.029ms
[10.136s][info][gc,phases,start] GC(146) Adjust Roots
[10.137s][info][gc,phases      ] GC(146) Adjust Roots 0.159ms
[10.137s][info][gc,phases,start] GC(146) Compaction Phase
[10.294s][info][gc,phases      ] GC(146) Compaction Phase 157.083ms
[10.294s][info][gc,phases,start] GC(146) Post Compact
[10.297s][info][gc,phases      ] GC(146) Post Compact 2.895ms
[10.297s][info][gc,heap        ] GC(146) PSYoungGen: 20672K(115200K)->5629K(115200K) Eden: 0K(22016K)->0K(22016K) From: 20672K(93184K)->5629K(93184K)
[10.297s][info][gc,heap        ] GC(146) ParOldGen: 1584392K(1597952K)->1597452K(1750016K)
[10.297s][info][gc,metaspace   ] GC(146) Metaspace: 6300K(6464K)->6300K(6464K) NonClass: 5767K(5824K)->5767K(5824K) Class: 533K(640K)->533K(640K)
[10.297s][info][gc             ] GC(146) Pause Full (Ergonomics) 1567M->1565M(1821M) 510.016ms
[10.297s][info][gc,cpu         ] GC(146) User=3.48s Sys=0.05s Real=0.51s
[10.321s][info][gc,start       ] GC(147) Pause Young (Allocation Failure)
[10.402s][info][gc,heap        ] GC(147) PSYoungGen: 27645K(115200K)->22176K(116224K) Eden: 22016K(22016K)->0K(22016K) From: 5629K(93184K)->22176K(94208K)
[10.402s][info][gc,heap        ] GC(147) ParOldGen: 1597452K(1750016K)->1603180K(1750016K)
[10.402s][info][gc,metaspace   ] GC(147) Metaspace: 6300K(6464K)->6300K(6464K) NonClass: 5767K(5824K)->5767K(5824K) Class: 533K(640K)->533K(640K)
[10.402s][info][gc             ] GC(147) Pause Young (Allocation Failure) 1587M->1587M(1822M) 81.593ms
[10.402s][info][gc,cpu         ] GC(147) User=0.53s Sys=0.00s Real=0.08s
[10.424s][info][gc,start       ] GC(148) Pause Young (Allocation Failure)
[10.454s][info][gc,heap        ] GC(148) PSYoungGen: 44192K(116224K)->22208K(116224K) Eden: 22016K(22016K)->0K(24576K) From: 22176K(94208K)->22208K(91648K)
[10.454s][info][gc,heap        ] GC(148) ParOldGen: 1603180K(1750016K)->1625476K(1750016K)
[10.454s][info][gc,metaspace   ] GC(148) Metaspace: 6300K(6464K)->6300K(6464K) NonClass: 5767K(5824K)->5767K(5824K) Class: 533K(640K)->533K(640K)
[10.454s][info][gc             ] GC(148) Pause Young (Allocation Failure) 1608M->1609M(1822M) 29.906ms
[10.454s][info][gc,cpu         ] GC(148) User=0.05s Sys=0.00s Real=0.03s
[10.479s][info][gc,start       ] GC(149) Pause Young (Allocation Failure)
[10.511s][info][gc,heap        ] GC(149) PSYoungGen: 46784K(116224K)->24768K(117248K) Eden: 24576K(24576K)->0K(24576K) From: 22208K(91648K)->24768K(92672K)
[10.512s][info][gc,heap        ] GC(149) ParOldGen: 1625476K(1750016K)->1647812K(1750016K)
[10.512s][info][gc,metaspace   ] GC(149) Metaspace: 6300K(6464K)->6300K(6464K) NonClass: 5767K(5824K)->5767K(5824K) Class: 533K(640K)->533K(640K)
[10.512s][info][gc             ] GC(149) Pause Young (Allocation Failure) 1633M->1633M(1823M) 32.546ms
[10.512s][info][gc,cpu         ] GC(149) User=0.08s Sys=0.00s Real=0.03s
[10.537s][info][gc,start       ] GC(150) Pause Young (Allocation Failure)
[10.570s][info][gc,heap        ] GC(150) PSYoungGen: 49344K(117248K)->24736K(114176K) Eden: 24576K(24576K)->0K(27648K) From: 24768K(92672K)->24736K(86528K)
[10.570s][info][gc,heap        ] GC(150) ParOldGen: 1647812K(1750016K)->1672724K(1750016K)
[10.570s][info][gc,metaspace   ] GC(150) Metaspace: 6300K(6464K)->6300K(6464K) NonClass: 5767K(5824K)->5767K(5824K) Class: 533K(640K)->533K(640K)
[10.570s][info][gc             ] GC(150) Pause Young (Allocation Failure) 1657M->1657M(1820M) 32.895ms
[10.570s][info][gc,cpu         ] GC(150) User=0.14s Sys=0.00s Real=0.03s
[10.598s][info][gc,start       ] GC(151) Pause Young (Allocation Failure)
[10.629s][info][gc,heap        ] GC(151) PSYoungGen: 52384K(114176K)->27808K(116224K) Eden: 27648K(27648K)->0K(27648K) From: 24736K(86528K)->27808K(88576K)
[10.629s][info][gc,heap        ] GC(151) ParOldGen: 1672724K(1750016K)->1697644K(1750016K)
[10.629s][info][gc,metaspace   ] GC(151) Metaspace: 6300K(6464K)->6300K(6464K) NonClass: 5767K(5824K)->5767K(5824K) Class: 533K(640K)->533K(640K)
[10.629s][info][gc             ] GC(151) Pause Young (Allocation Failure) 1684M->1685M(1822M) 31.103ms
[10.629s][info][gc,cpu         ] GC(151) User=0.06s Sys=0.00s Real=0.03s
[10.659s][info][gc,start       ] GC(152) Pause Young (Allocation Failure)
[10.694s][info][gc,heap        ] GC(152) PSYoungGen: 55456K(116224K)->27808K(110080K) Eden: 27648K(27648K)->0K(30720K) From: 27808K(88576K)->27808K(79360K)
[10.694s][info][gc,heap        ] GC(152) ParOldGen: 1697644K(1750016K)->1725652K(1750016K)
[10.694s][info][gc,metaspace   ] GC(152) Metaspace: 6300K(6464K)->6300K(6464K) NonClass: 5767K(5824K)->5767K(5824K) Class: 533K(640K)->533K(640K)
[10.694s][info][gc             ] GC(152) Pause Young (Allocation Failure) 1712M->1712M(1816M) 35.398ms
[10.694s][info][gc,cpu         ] GC(152) User=0.14s Sys=0.00s Real=0.04s
[10.694s][info][gc,start       ] GC(153) Pause Full (Ergonomics)
[10.694s][info][gc,phases,start] GC(153) Marking Phase
[11.072s][info][gc,phases      ] GC(153) Marking Phase 377.736ms
[11.072s][info][gc,phases,start] GC(153) Summary Phase
[11.072s][info][gc,phases      ] GC(153) Summary Phase 0.039ms
[11.072s][info][gc,phases,start] GC(153) Adjust Roots
[11.072s][info][gc,phases      ] GC(153) Adjust Roots 0.160ms
[11.072s][info][gc,phases,start] GC(153) Compaction Phase
[11.240s][info][gc,phases      ] GC(153) Compaction Phase 167.147ms
[11.240s][info][gc,phases,start] GC(153) Post Compact
[11.243s][info][gc,phases      ] GC(153) Post Compact 3.126ms
[11.243s][info][gc,heap        ] GC(153) PSYoungGen: 27808K(110080K)->1555K(113152K) Eden: 0K(30720K)->0K(33792K) From: 27808K(79360K)->1555K(79360K)
[11.244s][info][gc,heap        ] GC(153) ParOldGen: 1725652K(1750016K)->1749807K(1913344K)
[11.244s][info][gc,metaspace   ] GC(153) Metaspace: 6300K(6464K)->6300K(6464K) NonClass: 5767K(5824K)->5767K(5824K) Class: 533K(640K)->533K(640K)
[11.244s][info][gc             ] GC(153) Pause Full (Ergonomics) 1712M->1710M(1979M) 549.126ms
[11.244s][info][gc,cpu         ] GC(153) User=4.05s Sys=0.00s Real=0.55s
[11.283s][info][gc,start       ] GC(154) Pause Young (Allocation Failure)
[11.374s][info][gc,heap        ] GC(154) PSYoungGen: 35347K(113152K)->33920K(116224K) Eden: 33792K(33792K)->0K(33792K) From: 1555K(79360K)->33920K(82432K)
[11.374s][info][gc,heap        ] GC(154) ParOldGen: 1749807K(1913344K)->1751415K(1913344K)
[11.374s][info][gc,metaspace   ] GC(154) Metaspace: 6300K(6464K)->6300K(6464K) NonClass: 5767K(5824K)->5767K(5824K) Class: 533K(640K)->533K(640K)
[11.374s][info][gc             ] GC(154) Pause Young (Allocation Failure) 1743M->1743M(1982M) 91.484ms
[11.374s][info][gc,cpu         ] GC(154) User=0.56s Sys=0.00s Real=0.09s
[11.412s][info][gc,start       ] GC(155) Pause Young (Allocation Failure)
[11.452s][info][gc,heap        ] GC(155) PSYoungGen: 67712K(116224K)->67776K(109056K) Eden: 33792K(33792K)->0K(30208K) From: 33920K(82432K)->67776K(78848K)
[11.452s][info][gc,heap        ] GC(155) ParOldGen: 1751415K(1913344K)->1751415K(1913344K)
[11.452s][info][gc,metaspace   ] GC(155) Metaspace: 6300K(6464K)->6300K(6464K) NonClass: 5767K(5824K)->5767K(5824K) Class: 533K(640K)->533K(640K)
[11.452s][info][gc             ] GC(155) Pause Young (Allocation Failure) 1776M->1776M(1975M) 39.931ms
[11.452s][info][gc,cpu         ] GC(155) User=0.16s Sys=0.00s Real=0.04s
[11.482s][info][gc,start       ] GC(156) Pause Young (Allocation Failure)
[11.531s][info][gc,heap        ] GC(156) PSYoungGen: 97984K(109056K)->86016K(116224K) Eden: 30208K(30208K)->0K(30208K) From: 67776K(78848K)->86016K(86016K)
[11.531s][info][gc,heap        ] GC(156) ParOldGen: 1751415K(1913344K)->1763471K(1913344K)
[11.531s][info][gc,metaspace   ] GC(156) Metaspace: 6300K(6464K)->6300K(6464K) NonClass: 5767K(5824K)->5767K(5824K) Class: 533K(640K)->533K(640K)
[11.531s][info][gc             ] GC(156) Pause Young (Allocation Failure) 1806M->1806M(1982M) 49.510ms
[11.531s][info][gc,cpu         ] GC(156) User=0.28s Sys=0.00s Real=0.05s
[11.568s][info][gc,start       ] GC(157) Pause Young (Allocation Failure)
[11.628s][info][gc,heap        ] GC(157) PSYoungGen: 116224K(116224K)->57504K(134144K) Eden: 30208K(30208K)->0K(33792K) From: 86016K(86016K)->57504K(100352K)
[11.628s][info][gc,heap        ] GC(157) ParOldGen: 1763471K(1913344K)->1823087K(1913344K)
[11.628s][info][gc,metaspace   ] GC(157) Metaspace: 6300K(6464K)->6300K(6464K) NonClass: 5767K(5824K)->5767K(5824K) Class: 533K(640K)->533K(640K)
[11.628s][info][gc             ] GC(157) Pause Young (Allocation Failure) 1835M->1836M(1999M) 59.280ms
[11.628s][info][gc,cpu         ] GC(157) User=0.38s Sys=0.02s Real=0.06s
[11.667s][info][gc,start       ] GC(158) Pause Young (Allocation Failure)
[11.715s][info][gc,heap        ] GC(158) PSYoungGen: 91296K(134144K)->64192K(135168K) Eden: 33792K(33792K)->0K(33792K) From: 57504K(100352K)->64192K(101376K)
[11.715s][info][gc,heap        ] GC(158) ParOldGen: 1823087K(1913344K)->1850551K(1913344K)
[11.715s][info][gc,metaspace   ] GC(158) Metaspace: 6300K(6464K)->6300K(6464K) NonClass: 5767K(5824K)->5767K(5824K) Class: 533K(640K)->533K(640K)
[11.715s][info][gc             ] GC(158) Pause Young (Allocation Failure) 1869M->1869M(2000M) 48.016ms
[11.715s][info][gc,cpu         ] GC(158) User=0.38s Sys=0.00s Real=0.05s
[11.754s][info][gc,start       ] GC(159) Pause Young (Allocation Failure)
[11.805s][info][gc,heap        ] GC(159) PSYoungGen: 97984K(135168K)->67776K(138240K) Eden: 33792K(33792K)->0K(35840K) From: 64192K(101376K)->67776K(102400K)
[11.805s][info][gc,heap        ] GC(159) ParOldGen: 1850551K(1913344K)->1881191K(1913344K)
[11.805s][info][gc,metaspace   ] GC(159) Metaspace: 6300K(6464K)->6300K(6464K) NonClass: 5767K(5824K)->5767K(5824K) Class: 533K(640K)->533K(640K)
[11.805s][info][gc             ] GC(159) Pause Young (Allocation Failure) 1902M->1903M(2003M) 51.808ms
[11.805s][info][gc,cpu         ] GC(159) User=0.36s Sys=0.02s Real=0.05s
[11.805s][info][gc,start       ] GC(160) Pause Full (Ergonomics)
[11.805s][info][gc,phases,start] GC(160) Marking Phase
[12.238s][info][gc,phases      ] GC(160) Marking Phase 432.382ms
[12.238s][info][gc,phases,start] GC(160) Summary Phase
[12.238s][info][gc,phases      ] GC(160) Summary Phase 0.052ms
[12.238s][info][gc,phases,start] GC(160) Adjust Roots
[12.238s][info][gc,phases      ] GC(160) Adjust Roots 0.194ms
[12.238s][info][gc,phases,start] GC(160) Compaction Phase
[12.414s][info][gc,phases      ] GC(160) Compaction Phase 176.063ms
[12.414s][info][gc,phases,start] GC(160) Post Compact
[12.418s][info][gc,phases      ] GC(160) Post Compact 3.687ms
[12.419s][info][gc,heap        ] GC(160) PSYoungGen: 67776K(138240K)->33790K(138240K) Eden: 0K(35840K)->0K(35840K) From: 67776K(102400K)->33790K(102400K)
[12.419s][info][gc,heap        ] GC(160) ParOldGen: 1881191K(1913344K)->1912966K(2099200K)
[12.419s][info][gc,metaspace   ] GC(160) Metaspace: 6300K(6464K)->6300K(6464K) NonClass: 5767K(5824K)->5767K(5824K) Class: 533K(640K)->533K(640K)
[12.419s][info][gc             ] GC(160) Pause Full (Ergonomics) 1903M->1901M(2185M) 613.373ms
[12.419s][info][gc,cpu         ] GC(160) User=4.41s Sys=0.05s Real=0.61s
[12.463s][info][gc,start       ] GC(161) Pause Young (Allocation Failure)
[12.579s][info][gc,heap        ] GC(161) PSYoungGen: 69630K(138240K)->53120K(89088K) Eden: 35840K(35840K)->0K(35840K) From: 33790K(102400K)->53120K(53248K)
[12.580s][info][gc,heap        ] GC(161) ParOldGen: 1912966K(2099200K)->1929934K(2099200K)
[12.580s][info][gc,metaspace   ] GC(161) Metaspace: 6300K(6464K)->6300K(6464K) NonClass: 5767K(5824K)->5767K(5824K) Class: 533K(640K)->533K(640K)
[12.580s][info][gc             ] GC(161) Pause Young (Allocation Failure) 1936M->1936M(2137M) 116.314ms
[12.580s][info][gc,cpu         ] GC(161) User=0.88s Sys=0.00s Real=0.12s
[12.625s][info][gc,start       ] GC(162) Pause Young (Allocation Failure)
[12.674s][info][gc,heap        ] GC(162) PSYoungGen: 88960K(89088K)->88992K(130048K) Eden: 35840K(35840K)->0K(30208K) From: 53120K(53248K)->88992K(99840K)
[12.674s][info][gc,heap        ] GC(162) ParOldGen: 1929934K(2099200K)->1929934K(2099200K)
[12.674s][info][gc,metaspace   ] GC(162) Metaspace: 6300K(6464K)->6300K(6464K) NonClass: 5767K(5824K)->5767K(5824K) Class: 533K(640K)->533K(640K)
[12.674s][info][gc             ] GC(162) Pause Young (Allocation Failure) 1971M->1971M(2177M) 49.011ms
[12.674s][info][gc,cpu         ] GC(162) User=0.28s Sys=0.00s Real=0.05s
[12.710s][info][gc,start       ] GC(163) Pause Young (Allocation Failure)
[12.770s][info][gc,heap        ] GC(163) PSYoungGen: 119200K(130048K)->109056K(139264K) Eden: 30208K(30208K)->0K(30208K) From: 88992K(99840K)->109056K(109056K)
[12.770s][info][gc,heap        ] GC(163) ParOldGen: 1929934K(2099200K)->1940118K(2099200K)
[12.770s][info][gc,metaspace   ] GC(163) Metaspace: 6300K(6464K)->6300K(6464K) NonClass: 5767K(5824K)->5767K(5824K) Class: 533K(640K)->533K(640K)
[12.770s][info][gc             ] GC(163) Pause Young (Allocation Failure) 2001M->2001M(2186M) 60.419ms
[12.770s][info][gc,cpu         ] GC(163) User=0.39s Sys=0.00s Real=0.06s
[12.802s][info][gc,start       ] GC(164) Pause Young (Allocation Failure)
[12.874s][info][gc,heap        ] GC(164) PSYoungGen: 139264K(139264K)->91680K(156672K) Eden: 30208K(30208K)->0K(29184K) From: 109056K(109056K)->91680K(127488K)
[12.874s][info][gc,heap        ] GC(164) ParOldGen: 1940118K(2099200K)->1988414K(2099200K)
[12.874s][info][gc,metaspace   ] GC(164) Metaspace: 6300K(6464K)->6300K(6464K) NonClass: 5767K(5824K)->5767K(5824K) Class: 533K(640K)->533K(640K)
[12.874s][info][gc             ] GC(164) Pause Young (Allocation Failure) 2030M->2031M(2203M) 72.311ms
[12.874s][info][gc,cpu         ] GC(164) User=0.48s Sys=0.03s Real=0.07s
[12.904s][info][gc,start       ] GC(165) Pause Young (Allocation Failure)
[12.973s][info][gc,heap        ] GC(165) PSYoungGen: 120864K(156672K)->87648K(161280K) Eden: 29184K(29184K)->0K(29184K) From: 91680K(127488K)->87648K(132096K)
[12.973s][info][gc,heap        ] GC(165) ParOldGen: 1988414K(2099200K)->2022118K(2099200K)
[12.973s][info][gc,metaspace   ] GC(165) Metaspace: 6300K(6464K)->6300K(6464K) NonClass: 5767K(5824K)->5767K(5824K) Class: 533K(640K)->533K(640K)
[12.973s][info][gc             ] GC(165) Pause Young (Allocation Failure) 2059M->2060M(2207M) 68.759ms
[12.973s][info][gc,cpu         ] GC(165) User=0.28s Sys=0.00s Real=0.07s
[13.006s][info][gc,start       ] GC(166) Pause Young (Allocation Failure)
[13.067s][info][gc,heap        ] GC(166) PSYoungGen: 116832K(161280K)->58592K(157184K) Eden: 29184K(29184K)->0K(33280K) From: 87648K(132096K)->58592K(123904K)
[13.067s][info][gc,heap        ] GC(166) ParOldGen: 2022118K(2099200K)->2081126K(2099200K)
[13.067s][info][gc,metaspace   ] GC(166) Metaspace: 6300K(6464K)->6300K(6464K) NonClass: 5767K(5824K)->5767K(5824K) Class: 533K(640K)->533K(640K)
[13.067s][info][gc             ] GC(166) Pause Young (Allocation Failure) 2088M->2089M(2203M) 60.661ms
[13.067s][info][gc,cpu         ] GC(166) User=0.22s Sys=0.16s Real=0.06s
[13.067s][info][gc,start       ] GC(167) Pause Full (Ergonomics)
[13.067s][info][gc,phases,start] GC(167) Marking Phase
[13.534s][info][gc,phases      ] GC(167) Marking Phase 467.040ms
[13.534s][info][gc,phases,start] GC(167) Summary Phase
[13.534s][info][gc,phases      ] GC(167) Summary Phase 0.043ms
[13.534s][info][gc,phases,start] GC(167) Adjust Roots
[13.534s][info][gc,phases      ] GC(167) Adjust Roots 0.219ms
[13.534s][info][gc,phases,start] GC(167) Compaction Phase
[13.736s][info][gc,phases      ] GC(167) Compaction Phase 201.972ms
[13.736s][info][gc,phases,start] GC(167) Post Compact
[13.740s][info][gc,phases      ] GC(167) Post Compact 3.988ms
[13.741s][info][gc,heap        ] GC(167) PSYoungGen: 58592K(157184K)->37868K(161280K) Eden: 0K(33280K)->0K(37376K) From: 58592K(123904K)->37868K(123904K)
[13.741s][info][gc,heap        ] GC(167) ParOldGen: 2081126K(2099200K)->2099164K(2312704K)
[13.741s][info][gc,metaspace   ] GC(167) Metaspace: 6300K(6464K)->6300K(6464K) NonClass: 5767K(5824K)->5767K(5824K) Class: 533K(640K)->533K(640K)
[13.741s][info][gc             ] GC(167) Pause Full (Ergonomics) 2089M->2086M(2416M) 674.470ms
[13.741s][info][gc,cpu         ] GC(167) User=4.86s Sys=0.03s Real=0.67s
[13.782s][info][gc,start       ] GC(168) Pause Young (Allocation Failure)
[13.917s][info][gc,heap        ] GC(168) PSYoungGen: 75244K(161280K)->37536K(166400K) Eden: 37376K(37376K)->0K(37376K) From: 37868K(123904K)->37536K(129024K)
[13.917s][info][gc,heap        ] GC(168) ParOldGen: 2099164K(2312704K)->2137516K(2312704K)
[13.917s][info][gc,metaspace   ] GC(168) Metaspace: 6300K(6464K)->6300K(6464K) NonClass: 5767K(5824K)->5767K(5824K) Class: 533K(640K)->533K(640K)
[13.917s][info][gc             ] GC(168) Pause Young (Allocation Failure) 2123M->2124M(2421M) 134.714ms
[13.917s][info][gc,cpu         ] GC(168) User=0.88s Sys=0.00s Real=0.13s
[13.962s][info][gc,start       ] GC(169) Pause Young (Allocation Failure)
[14.007s][info][gc,heap        ] GC(169) PSYoungGen: 74912K(166400K)->37504K(164864K) Eden: 37376K(37376K)->0K(41472K) From: 37536K(129024K)->37504K(123392K)
[14.007s][info][gc,heap        ] GC(169) ParOldGen: 2137516K(2312704K)->2175388K(2312704K)
[14.007s][info][gc,metaspace   ] GC(169) Metaspace: 6300K(6464K)->6300K(6464K) NonClass: 5767K(5824K)->5767K(5824K) Class: 533K(640K)->533K(640K)
[14.007s][info][gc             ] GC(169) Pause Young (Allocation Failure) 2160M->2161M(2419M) 45.048ms
[14.007s][info][gc,cpu         ] GC(169) User=0.25s Sys=0.02s Real=0.05s
[14.061s][info][gc,start       ] GC(170) Pause Young (Allocation Failure)
[14.108s][info][gc,heap        ] GC(170) PSYoungGen: 78976K(164864K)->41696K(166912K) Eden: 41472K(41472K)->0K(41472K) From: 37504K(123392K)->41696K(125440K)
[14.108s][info][gc,heap        ] GC(170) ParOldGen: 2175388K(2312704K)->2213276K(2312704K)
[14.108s][info][gc,metaspace   ] GC(170) Metaspace: 6300K(6464K)->6300K(6464K) NonClass: 5767K(5824K)->5767K(5824K) Class: 533K(640K)->533K(640K)
[14.108s][info][gc             ] GC(170) Pause Young (Allocation Failure) 2201M->2202M(2421M) 47.539ms
[14.108s][info][gc,cpu         ] GC(170) User=0.20s Sys=0.02s Real=0.05s
[14.156s][info][gc,start       ] GC(171) Pause Young (Allocation Failure)
[14.205s][info][gc,heap        ] GC(171) PSYoungGen: 83168K(166912K)->41632K(160768K) Eden: 41472K(41472K)->0K(46080K) From: 41696K(125440K)->41632K(114688K)
[14.206s][info][gc,heap        ] GC(171) ParOldGen: 2213276K(2312704K)->2255316K(2312704K)
[14.206s][info][gc,metaspace   ] GC(171) Metaspace: 6300K(6464K)->6300K(6464K) NonClass: 5767K(5824K)->5767K(5824K) Class: 533K(640K)->533K(640K)
[14.206s][info][gc             ] GC(171) Pause Young (Allocation Failure) 2242M->2243M(2415M) 49.118ms
[14.206s][info][gc,cpu         ] GC(171) User=0.25s Sys=0.03s Real=0.05s
[14.206s][info][gc,start       ] GC(172) Pause Full (Ergonomics)
[14.206s][info][gc,phases,start] GC(172) Marking Phase
[14.734s][info][gc,phases      ] GC(172) Marking Phase 528.102ms
[14.734s][info][gc,phases,start] GC(172) Summary Phase
[14.734s][info][gc,phases      ] GC(172) Summary Phase 0.068ms
[14.734s][info][gc,phases,start] GC(172) Adjust Roots
[14.734s][info][gc,phases      ] GC(172) Adjust Roots 0.188ms
[14.734s][info][gc,phases,start] GC(172) Compaction Phase
[14.961s][info][gc,phases      ] GC(172) Compaction Phase 227.320ms
[14.962s][info][gc,phases,start] GC(172) Post Compact
[14.966s][info][gc,phases      ] GC(172) Post Compact 4.334ms
[14.967s][info][gc,heap        ] GC(172) PSYoungGen: 41632K(160768K)->0K(164352K) Eden: 0K(46080K)->0K(46080K) From: 41632K(114688K)->0K(118272K)
[14.967s][info][gc,heap        ] GC(172) ParOldGen: 2255316K(2312704K)->2294605K(2525184K)
[14.967s][info][gc,metaspace   ] GC(172) Metaspace: 6300K(6464K)->6300K(6464K) NonClass: 5767K(5824K)->5767K(5824K) Class: 533K(640K)->533K(640K)
[14.967s][info][gc             ] GC(172) Pause Full (Ergonomics) 2243M->2240M(2626M) 761.154ms
[14.967s][info][gc,cpu         ] GC(172) User=5.30s Sys=0.02s Real=0.76s
[15.021s][info][gc,start       ] GC(173) Pause Young (Allocation Failure)
[15.054s][info][gc,heap        ] GC(173) PSYoungGen: 46080K(164352K)->46304K(159744K) Eden: 46080K(46080K)->0K(50176K) From: 0K(118272K)->46304K(109568K)
[15.054s][info][gc,heap        ] GC(173) ParOldGen: 2294605K(2525184K)->2294605K(2525184K)
[15.054s][info][gc,metaspace   ] GC(173) Metaspace: 6300K(6464K)->6300K(6464K) NonClass: 5767K(5824K)->5767K(5824K) Class: 533K(640K)->533K(640K)
[15.054s][info][gc             ] GC(173) Pause Young (Allocation Failure) 2285M->2286M(2622M) 32.453ms
[15.054s][info][gc,cpu         ] GC(173) User=0.12s Sys=0.02s Real=0.03s
[15.111s][info][gc,start       ] GC(174) Pause Young (Allocation Failure)
[15.162s][info][gc,heap        ] GC(174) PSYoungGen: 96480K(159744K)->96544K(164352K) Eden: 50176K(50176K)->0K(50176K) From: 46304K(109568K)->96544K(114176K)
[15.162s][info][gc,heap        ] GC(174) ParOldGen: 2294605K(2525184K)->2294605K(2525184K)
[15.162s][info][gc,metaspace   ] GC(174) Metaspace: 6300K(6464K)->6300K(6464K) NonClass: 5767K(5824K)->5767K(5824K) Class: 533K(640K)->533K(640K)
[15.162s][info][gc             ] GC(174) Pause Young (Allocation Failure) 2335M->2335M(2626M) 51.158ms
[15.162s][info][gc,cpu         ] GC(174) User=0.28s Sys=0.00s Real=0.05s
[15.224s][info][gc,start       ] GC(175) Pause Young (Allocation Failure)
[15.302s][info][gc,heap        ] GC(175) PSYoungGen: 146720K(164352K)->123392K(152064K) Eden: 50176K(50176K)->0K(28672K) From: 96544K(114176K)->123392K(123392K)
[15.302s][info][gc,heap        ] GC(175) ParOldGen: 2294605K(2525184K)->2318061K(2525184K)
[15.302s][info][gc,metaspace   ] GC(175) Metaspace: 6300K(6464K)->6300K(6464K) NonClass: 5767K(5824K)->5767K(5824K) Class: 533K(640K)->533K(640K)
[15.302s][info][gc             ] GC(175) Pause Young (Allocation Failure) 2384M->2384M(2614M) 77.663ms
[15.302s][info][gc,cpu         ] GC(175) User=0.47s Sys=0.03s Real=0.08s
[15.336s][info][gc,start       ] GC(176) Pause Young (Allocation Failure)
[15.414s][info][gc,heap        ] GC(176) PSYoungGen: 152064K(152064K)->73280K(102400K) Eden: 28672K(28672K)->0K(28672K) From: 123392K(123392K)->73280K(73728K)
[15.414s][info][gc,heap        ] GC(176) ParOldGen: 2318061K(2525184K)->2397573K(2525184K)
[15.414s][info][gc,metaspace   ] GC(176) Metaspace: 6300K(6464K)->6300K(6464K) NonClass: 5767K(5824K)->5767K(5824K) Class: 533K(640K)->533K(640K)
[15.414s][info][gc             ] GC(176) Pause Young (Allocation Failure) 2412M->2412M(2566M) 78.596ms
[15.414s][info][gc,cpu         ] GC(176) User=0.33s Sys=0.11s Real=0.08s
[15.450s][info][gc,start       ] GC(177) Pause Young (Allocation Failure)
[15.505s][info][gc,heap        ] GC(177) PSYoungGen: 101952K(102400K)->57504K(164864K) Eden: 28672K(28672K)->0K(32256K) From: 73280K(73728K)->57504K(132608K)
[15.505s][info][gc,heap        ] GC(177) ParOldGen: 2397573K(2525184K)->2442381K(2525184K)
[15.505s][info][gc,metaspace   ] GC(177) Metaspace: 6300K(6464K)->6300K(6464K) NonClass: 5767K(5824K)->5767K(5824K) Class: 533K(640K)->533K(640K)
[15.505s][info][gc             ] GC(177) Pause Young (Allocation Failure) 2440M->2441M(2627M) 55.142ms
[15.505s][info][gc,cpu         ] GC(177) User=0.38s Sys=0.00s Real=0.05s
[15.544s][info][gc,start       ] GC(178) Pause Young (Allocation Failure)
[15.593s][info][gc,heap        ] GC(178) PSYoungGen: 89760K(164864K)->61152K(93696K) Eden: 32256K(32256K)->0K(32256K) From: 57504K(132608K)->61152K(61440K)
[15.593s][info][gc,heap        ] GC(178) ParOldGen: 2442381K(2525184K)->2471317K(2525184K)
[15.593s][info][gc,metaspace   ] GC(178) Metaspace: 6300K(6464K)->6300K(6464K) NonClass: 5767K(5824K)->5767K(5824K) Class: 533K(640K)->533K(640K)
[15.593s][info][gc             ] GC(178) Pause Young (Allocation Failure) 2472M->2473M(2557M) 49.095ms
[15.593s][info][gc,cpu         ] GC(178) User=0.28s Sys=0.00s Real=0.05s
[15.593s][info][gc,start       ] GC(179) Pause Full (Ergonomics)
[15.593s][info][gc,phases,start] GC(179) Marking Phase
[16.175s][info][gc,phases      ] GC(179) Marking Phase 582.107ms
[16.175s][info][gc,phases,start] GC(179) Summary Phase
[16.175s][info][gc,phases      ] GC(179) Summary Phase 0.039ms
[16.175s][info][gc,phases,start] GC(179) Adjust Roots
[16.176s][info][gc,phases      ] GC(179) Adjust Roots 0.182ms
[16.176s][info][gc,phases,start] GC(179) Compaction Phase
[16.402s][info][gc,phases      ] GC(179) Compaction Phase 225.855ms
[16.402s][info][gc,phases,start] GC(179) Post Compact
[16.406s][info][gc,phases      ] GC(179) Post Compact 4.889ms
[16.407s][info][gc,heap        ] GC(179) PSYoungGen: 61152K(93696K)->5686K(93696K) Eden: 0K(32256K)->0K(32256K) From: 61152K(61440K)->5686K(61440K)
[16.407s][info][gc,heap        ] GC(179) ParOldGen: 2471317K(2525184K)->2524762K(2778112K)
[16.407s][info][gc,metaspace   ] GC(179) Metaspace: 6300K(6464K)->6300K(6464K) NonClass: 5767K(5824K)->5767K(5824K) Class: 533K(640K)->533K(640K)
[16.408s][info][gc             ] GC(179) Pause Full (Ergonomics) 2473M->2471M(2804M) 814.299ms
[16.408s][info][gc,cpu         ] GC(179) User=6.05s Sys=0.02s Real=0.81s
[16.446s][info][gc,start       ] GC(180) Pause Young (Allocation Failure)
[16.578s][info][gc,heap        ] GC(180) PSYoungGen: 37942K(93696K)->35296K(164352K) Eden: 32256K(32256K)->0K(35328K) From: 5686K(61440K)->35296K(129024K)
[16.578s][info][gc,heap        ] GC(180) ParOldGen: 2524762K(2778112K)->2527634K(2778112K)
[16.578s][info][gc,metaspace   ] GC(180) Metaspace: 6300K(6464K)->6300K(6464K) NonClass: 5767K(5824K)->5767K(5824K) Class: 533K(640K)->533K(640K)
[16.578s][info][gc             ] GC(180) Pause Young (Allocation Failure) 2502M->2502M(2873M) 131.993ms
[16.578s][info][gc,cpu         ] GC(180) User=0.77s Sys=0.00s Real=0.13s
[16.623s][info][gc,start       ] GC(181) Pause Young (Allocation Failure)
[16.667s][info][gc,heap        ] GC(181) PSYoungGen: 70624K(164352K)->70656K(105984K) Eden: 35328K(35328K)->0K(35328K) From: 35296K(129024K)->70656K(70656K)
[16.667s][info][gc,heap        ] GC(181) ParOldGen: 2527634K(2778112K)->2527634K(2778112K)
[16.667s][info][gc,metaspace   ] GC(181) Metaspace: 6300K(6464K)->6300K(6464K) NonClass: 5767K(5824K)->5767K(5824K) Class: 533K(640K)->533K(640K)
[16.667s][info][gc             ] GC(181) Pause Young (Allocation Failure) 2537M->2537M(2816M) 44.301ms
[16.667s][info][gc,cpu         ] GC(181) User=0.25s Sys=0.00s Real=0.04s
[16.711s][info][gc,start       ] GC(182) Pause Young (Allocation Failure)
[16.767s][info][gc,heap        ] GC(182) PSYoungGen: 105984K(105984K)->106016K(156160K) Eden: 35328K(35328K)->0K(29696K) From: 70656K(70656K)->106016K(126464K)
[16.767s][info][gc,heap        ] GC(182) ParOldGen: 2527634K(2778112K)->2527634K(2778112K)
[16.767s][info][gc,metaspace   ] GC(182) Metaspace: 6300K(6464K)->6300K(6464K) NonClass: 5767K(5824K)->5767K(5824K) Class: 533K(640K)->533K(640K)
[16.767s][info][gc             ] GC(182) Pause Young (Allocation Failure) 2571M->2571M(2865M) 56.400ms
[16.767s][info][gc,cpu         ] GC(182) User=0.31s Sys=0.00s Real=0.06s
[16.806s][info][gc,start       ] GC(183) Pause Young (Allocation Failure)
[16.874s][info][gc,heap        ] GC(183) PSYoungGen: 135712K(156160K)->135680K(165376K) Eden: 29696K(29696K)->0K(29696K) From: 106016K(126464K)->135680K(135680K)
[16.874s][info][gc,heap        ] GC(183) ParOldGen: 2527634K(2778112K)->2527682K(2778112K)
[16.874s][info][gc,metaspace   ] GC(183) Metaspace: 6300K(6464K)->6300K(6464K) NonClass: 5767K(5824K)->5767K(5824K) Class: 533K(640K)->533K(640K)
[16.874s][info][gc             ] GC(183) Pause Young (Allocation Failure) 2600M->2600M(2874M) 68.137ms
[16.875s][info][gc,cpu         ] GC(183) User=0.42s Sys=0.00s Real=0.07s
[16.911s][info][gc,start       ] GC(184) Pause Young (Allocation Failure)
[16.997s][info][gc,heap        ] GC(184) PSYoungGen: 165376K(165376K)->130272K(174080K) Eden: 29696K(29696K)->0K(20480K) From: 135680K(135680K)->130272K(153600K)
[16.998s][info][gc,heap        ] GC(184) ParOldGen: 2527682K(2778112K)->2563130K(2778112K)
[16.998s][info][gc,metaspace   ] GC(184) Metaspace: 6300K(6464K)->6300K(6464K) NonClass: 5767K(5824K)->5767K(5824K) Class: 533K(640K)->533K(640K)
[16.998s][info][gc             ] GC(184) Pause Young (Allocation Failure) 2629M->2630M(2883M) 86.147ms
[16.998s][info][gc,cpu         ] GC(184) User=0.53s Sys=0.02s Real=0.09s
[17.023s][info][gc,start       ] GC(185) Pause Young (Allocation Failure)
[17.104s][info][gc,heap        ] GC(185) PSYoungGen: 150752K(174080K)->115392K(186880K) Eden: 20480K(20480K)->0K(20480K) From: 130272K(153600K)->115392K(166400K)
[17.104s][info][gc,heap        ] GC(185) ParOldGen: 2563130K(2778112K)->2598786K(2778112K)
[17.104s][info][gc,metaspace   ] GC(185) Metaspace: 6300K(6464K)->6300K(6464K) NonClass: 5767K(5824K)->5767K(5824K) Class: 533K(640K)->533K(640K)
[17.104s][info][gc             ] GC(185) Pause Young (Allocation Failure) 2650M->2650M(2895M) 80.817ms
[17.104s][info][gc,cpu         ] GC(185) User=0.50s Sys=0.02s Real=0.08s
[17.126s][info][gc,start       ] GC(186) Pause Young (Allocation Failure)
[17.200s][info][gc,heap        ] GC(186) PSYoungGen: 135872K(186880K)->70848K(182272K) Eden: 20480K(20480K)->0K(23552K) From: 115392K(166400K)->70848K(158720K)
[17.200s][info][gc,heap        ] GC(186) ParOldGen: 2598786K(2778112K)->2664354K(2778112K)
[17.200s][info][gc,metaspace   ] GC(186) Metaspace: 6300K(6464K)->6300K(6464K) NonClass: 5767K(5824K)->5767K(5824K) Class: 533K(640K)->533K(640K)
[17.200s][info][gc             ] GC(186) Pause Young (Allocation Failure) 2670M->2671M(2891M) 74.234ms
[17.200s][info][gc,cpu         ] GC(186) User=0.50s Sys=0.00s Real=0.08s
[17.227s][info][gc,start       ] GC(187) Pause Young (Allocation Failure)
[17.280s][info][gc,heap        ] GC(187) PSYoungGen: 94400K(182272K)->44160K(187904K) Eden: 23552K(23552K)->0K(23552K) From: 70848K(158720K)->44160K(164352K)
[17.280s][info][gc,heap        ] GC(187) ParOldGen: 2664354K(2778112K)->2714946K(2778112K)
[17.280s][info][gc,metaspace   ] GC(187) Metaspace: 6300K(6464K)->6300K(6464K) NonClass: 5767K(5824K)->5767K(5824K) Class: 533K(640K)->533K(640K)
[17.280s][info][gc             ] GC(187) Pause Young (Allocation Failure) 2694M->2694M(2896M) 53.516ms
[17.280s][info][gc,cpu         ] GC(187) User=0.28s Sys=0.00s Real=0.05s
[17.280s][info][gc,start       ] GC(188) Pause Full (Ergonomics)
[17.280s][info][gc,phases,start] GC(188) Marking Phase
[17.912s][info][gc,phases      ] GC(188) Marking Phase 632.078ms
[17.912s][info][gc,phases,start] GC(188) Summary Phase
[17.913s][info][gc,phases      ] GC(188) Summary Phase 0.079ms
[17.913s][info][gc,phases,start] GC(188) Adjust Roots
[17.913s][info][gc,phases      ] GC(188) Adjust Roots 0.285ms
[17.913s][info][gc,phases,start] GC(188) Compaction Phase
[18.133s][info][gc,phases      ] GC(188) Compaction Phase 220.175ms
[18.133s][info][gc,phases,start] GC(188) Post Compact
[18.138s][info][gc,phases      ] GC(188) Post Compact 4.796ms
[18.139s][info][gc,heap        ] GC(188) PSYoungGen: 44160K(187904K)->0K(189952K) Eden: 0K(23552K)->0K(27136K) From: 44160K(164352K)->0K(162816K)
[18.139s][info][gc,heap        ] GC(188) ParOldGen: 2714946K(2778112K)->2757012K(3040768K)
[18.139s][info][gc,metaspace   ] GC(188) Metaspace: 6300K(6464K)->6300K(6464K) NonClass: 5767K(5824K)->5767K(5824K) Class: 533K(640K)->533K(640K)
[18.139s][info][gc             ] GC(188) Pause Full (Ergonomics) 2694M->2692M(3155M) 858.694ms
[18.139s][info][gc,cpu         ] GC(188) User=6.58s Sys=0.00s Real=0.86s
[18.171s][info][gc,start       ] GC(189) Pause Young (Allocation Failure)
[18.196s][info][gc,heap        ] GC(189) PSYoungGen: 27136K(189952K)->27264K(189952K) Eden: 27136K(27136K)->0K(27136K) From: 0K(162816K)->27264K(162816K)
[18.196s][info][gc,heap        ] GC(189) ParOldGen: 2757012K(3040768K)->2757012K(3040768K)
[18.196s][info][gc,metaspace   ] GC(189) Metaspace: 6300K(6464K)->6300K(6464K) NonClass: 5767K(5824K)->5767K(5824K) Class: 533K(640K)->533K(640K)
[18.196s][info][gc             ] GC(189) Pause Young (Allocation Failure) 2718M->2719M(3155M) 25.150ms
[18.196s][info][gc,cpu         ] GC(189) User=0.02s Sys=0.00s Real=0.02s
[18.229s][info][gc,start       ] GC(190) Pause Young (Allocation Failure)
[18.262s][info][gc,heap        ] GC(190) PSYoungGen: 54400K(189952K)->27296K(191488K) Eden: 27136K(27136K)->0K(30208K) From: 27264K(162816K)->27296K(161280K)
[18.262s][info][gc,heap        ] GC(190) ParOldGen: 2757012K(3040768K)->2784396K(3040768K)
[18.262s][info][gc,metaspace   ] GC(190) Metaspace: 6300K(6464K)->6300K(6464K) NonClass: 5767K(5824K)->5767K(5824K) Class: 533K(640K)->533K(640K)
[18.262s][info][gc             ] GC(190) Pause Young (Allocation Failure) 2745M->2745M(3156M) 32.967ms
[18.262s][info][gc,cpu         ] GC(190) User=0.17s Sys=0.00s Real=0.03s
[18.808s][info][gc,start       ] GC(191) Pause Young (Allocation Failure)
[18.916s][info][gc,heap        ] GC(191) PSYoungGen: 57504K(191488K)->30368K(192512K) Eden: 30208K(30208K)->0K(30208K) From: 27296K(161280K)->30368K(162304K)
[18.916s][info][gc,heap        ] GC(191) ParOldGen: 2915468K(3040768K)->2942844K(3040768K)
[18.916s][info][gc,metaspace   ] GC(191) Metaspace: 6300K(6464K)->6300K(6464K) NonClass: 5767K(5824K)->5767K(5824K) Class: 533K(640K)->533K(640K)
[18.916s][info][gc             ] GC(191) Pause Young (Allocation Failure) 2903M->2903M(3157M) 108.449ms
[18.916s][info][gc,cpu         ] GC(191) User=0.64s Sys=0.00s Real=0.11s
[18.951s][info][gc,start       ] GC(192) Pause Young (Allocation Failure)
[19.005s][info][gc,heap        ] GC(192) PSYoungGen: 60576K(192512K)->60576K(175616K) Eden: 30208K(30208K)->0K(33280K) From: 30368K(162304K)->60576K(142336K)
[19.005s][info][gc,heap        ] GC(192) ParOldGen: 2942844K(3040768K)->2942844K(3040768K)
[19.005s][info][gc,metaspace   ] GC(192) Metaspace: 6300K(6464K)->6300K(6464K) NonClass: 5767K(5824K)->5767K(5824K) Class: 533K(640K)->533K(640K)
[19.005s][info][gc             ] GC(192) Pause Young (Allocation Failure) 2933M->2933M(3141M) 53.562ms
[19.005s][info][gc,cpu         ] GC(192) User=0.17s Sys=0.00s Real=0.05s
[19.041s][info][gc,start       ] GC(193) Pause Young (Allocation Failure)
[19.101s][info][gc,heap        ] GC(193) PSYoungGen: 93856K(175616K)->93888K(184320K) Eden: 33280K(33280K)->0K(33280K) From: 60576K(142336K)->93888K(151040K)
[19.101s][info][gc,heap        ] GC(193) ParOldGen: 2942844K(3040768K)->2942844K(3040768K)
[19.101s][info][gc,metaspace   ] GC(193) Metaspace: 6300K(6464K)->6300K(6464K) NonClass: 5767K(5824K)->5767K(5824K) Class: 533K(640K)->533K(640K)
[19.101s][info][gc             ] GC(193) Pause Young (Allocation Failure) 2965M->2965M(3149M) 59.914ms
[19.101s][info][gc,cpu         ] GC(193) User=0.22s Sys=0.00s Real=0.06s
[19.137s][info][gc,start       ] GC(194) Pause Young (Allocation Failure)
[19.212s][info][gc,heap        ] GC(194) PSYoungGen: 127168K(184320K)->96992K(187392K) Eden: 33280K(33280K)->0K(34304K) From: 93888K(151040K)->96992K(153088K)
[19.212s][info][gc,heap        ] GC(194) ParOldGen: 2942844K(3040768K)->2973316K(3040768K)
[19.212s][info][gc,metaspace   ] GC(194) Metaspace: 6300K(6464K)->6300K(6464K) NonClass: 5767K(5824K)->5767K(5824K) Class: 533K(640K)->533K(640K)
[19.212s][info][gc             ] GC(194) Pause Young (Allocation Failure) 2998M->2998M(3152M) 74.890ms
[19.212s][info][gc,cpu         ] GC(194) User=0.25s Sys=0.05s Real=0.07s
[19.247s][info][gc,start       ] GC(195) Pause Young (Allocation Failure)
[19.319s][info][gc,heap        ] GC(195) PSYoungGen: 131296K(187392K)->101120K(189952K) Eden: 34304K(34304K)->0K(34304K) From: 96992K(153088K)->101120K(155648K)
[19.319s][info][gc,heap        ] GC(195) ParOldGen: 2973316K(3040768K)->3003788K(3040768K)
[19.319s][info][gc,metaspace   ] GC(195) Metaspace: 6300K(6464K)->6300K(6464K) NonClass: 5767K(5824K)->5767K(5824K) Class: 533K(640K)->533K(640K)
[19.319s][info][gc             ] GC(195) Pause Young (Allocation Failure) 3031M->3032M(3155M) 72.382ms
[19.319s][info][gc,cpu         ] GC(195) User=0.17s Sys=0.00s Real=0.07s
[19.319s][info][gc,start       ] GC(196) Pause Full (Ergonomics)
[19.319s][info][gc,phases,start] GC(196) Marking Phase
[20.022s][info][gc,phases      ] GC(196) Marking Phase 703.295ms
[20.022s][info][gc,phases,start] GC(196) Summary Phase
[20.022s][info][gc,phases      ] GC(196) Summary Phase 0.068ms
[20.022s][info][gc,phases,start] GC(196) Adjust Roots
[20.023s][info][gc,phases      ] GC(196) Adjust Roots 0.227ms
[20.023s][info][gc,phases,start] GC(196) Compaction Phase
[20.497s][info][gc,phases      ] GC(196) Compaction Phase 474.087ms
[20.497s][info][gc,phases,start] GC(196) Post Compact
[20.504s][info][gc,phases      ] GC(196) Post Compact 6.940ms
[20.505s][info][gc,heap        ] GC(196) PSYoungGen: 101120K(189952K)->0K(197120K) Eden: 0K(34304K)->0K(38912K) From: 101120K(155648K)->0K(158208K)
[20.505s][info][gc,heap        ] GC(196) ParOldGen: 3003788K(3040768K)->3037864K(3322880K)
[20.505s][info][gc,metaspace   ] GC(196) Metaspace: 6300K(6464K)->6300K(6464K) NonClass: 5767K(5824K)->5767K(5824K) Class: 533K(640K)->533K(640K)
[20.505s][info][gc             ] GC(196) Pause Full (Ergonomics) 3032M->2966M(3437M) 1185.895ms
[20.505s][info][gc,cpu         ] GC(196) User=8.22s Sys=0.05s Real=1.19s
[20.542s][info][gc,start       ] GC(197) Pause Young (Allocation Failure)
[20.582s][info][gc,heap        ] GC(197) PSYoungGen: 38912K(197120K)->39136K(197120K) Eden: 38912K(38912K)->0K(38912K) From: 0K(158208K)->39136K(158208K)
[20.582s][info][gc,heap        ] GC(197) ParOldGen: 3037864K(3322880K)->3037864K(3322880K)
[20.582s][info][gc,metaspace   ] GC(197) Metaspace: 6300K(6464K)->6300K(6464K) NonClass: 5767K(5824K)->5767K(5824K) Class: 533K(640K)->533K(640K)
[20.582s][info][gc             ] GC(197) Pause Young (Allocation Failure) 3004M->3004M(3437M) 40.091ms
[20.582s][info][gc,cpu         ] GC(197) User=0.08s Sys=0.00s Real=0.04s
[20.620s][info][gc,start       ] GC(198) Pause Young (Allocation Failure)
[20.672s][info][gc,heap        ] GC(198) PSYoungGen: 78048K(197120K)->78048K(187392K) Eden: 38912K(38912K)->0K(43008K) From: 39136K(158208K)->78048K(144384K)
[20.672s][info][gc,heap        ] GC(198) ParOldGen: 3037864K(3322880K)->3037864K(3322880K)
[20.672s][info][gc,metaspace   ] GC(198) Metaspace: 6300K(6464K)->6300K(6464K) NonClass: 5767K(5824K)->5767K(5824K) Class: 533K(640K)->533K(640K)
[20.672s][info][gc             ] GC(198) Pause Young (Allocation Failure) 3042M->3042M(3428M) 52.663ms
[20.672s][info][gc,cpu         ] GC(198) User=0.08s Sys=0.00s Real=0.05s
[20.714s][info][gc,start       ] GC(199) Pause Young (Allocation Failure)
[20.780s][info][gc,heap        ] GC(199) PSYoungGen: 121056K(187392K)->121152K(193024K) Eden: 43008K(43008K)->0K(43008K) From: 78048K(144384K)->121152K(150016K)
[20.780s][info][gc,heap        ] GC(199) ParOldGen: 3037864K(3322880K)->3037864K(3322880K)
[20.780s][info][gc,metaspace   ] GC(199) Metaspace: 6300K(6464K)->6300K(6464K) NonClass: 5767K(5824K)->5767K(5824K) Class: 533K(640K)->533K(640K)
[20.780s][info][gc             ] GC(199) Pause Young (Allocation Failure) 3084M->3084M(3433M) 66.199ms
[20.780s][info][gc,cpu         ] GC(199) User=0.22s Sys=0.00s Real=0.07s
[20.830s][info][gc,start       ] GC(200) Pause Young (Allocation Failure)
[20.913s][info][gc,heap        ] GC(200) PSYoungGen: 164160K(193024K)->160768K(184320K) Eden: 43008K(43008K)->0K(23552K) From: 121152K(150016K)->160768K(160768K)
[20.913s][info][gc,heap        ] GC(200) ParOldGen: 3037864K(3322880K)->3041208K(3322880K)
[20.913s][info][gc,metaspace   ] GC(200) Metaspace: 6300K(6464K)->6300K(6464K) NonClass: 5767K(5824K)->5767K(5824K) Class: 533K(640K)->533K(640K)
[20.913s][info][gc             ] GC(200) Pause Young (Allocation Failure) 3126M->3126M(3425M) 83.276ms
[20.913s][info][gc,cpu         ] GC(200) User=0.31s Sys=0.00s Real=0.08s
[20.937s][info][gc,start       ] GC(201) Pause Young (Allocation Failure)
[21.024s][info][gc,heap        ] GC(201) PSYoungGen: 184320K(184320K)->146720K(208384K) Eden: 23552K(23552K)->0K(23552K) From: 160768K(160768K)->146720K(184832K)
[21.024s][info][gc,heap        ] GC(201) ParOldGen: 3041208K(3322880K)->3079272K(3322880K)
[21.024s][info][gc,metaspace   ] GC(201) Metaspace: 6300K(6464K)->6300K(6464K) NonClass: 5767K(5824K)->5767K(5824K) Class: 533K(640K)->533K(640K)
[21.024s][info][gc             ] GC(201) Pause Young (Allocation Failure) 3149M->3150M(3448M) 87.371ms
[21.024s][info][gc,cpu         ] GC(201) User=0.44s Sys=0.03s Real=0.09s
[21.048s][info][gc,start       ] GC(202) Pause Young (Allocation Failure)
[21.131s][info][gc,heap        ] GC(202) PSYoungGen: 170272K(208384K)->88640K(204800K) Eden: 23552K(23552K)->0K(27136K) From: 146720K(184832K)->88640K(177664K)
[21.131s][info][gc,heap        ] GC(202) ParOldGen: 3079272K(3322880K)->3161528K(3322880K)
[21.131s][info][gc,metaspace   ] GC(202) Metaspace: 6300K(6464K)->6300K(6464K) NonClass: 5767K(5824K)->5767K(5824K) Class: 533K(640K)->533K(640K)
[21.131s][info][gc             ] GC(202) Pause Young (Allocation Failure) 3173M->3173M(3445M) 82.964ms
[21.131s][info][gc,cpu         ] GC(202) User=0.56s Sys=0.06s Real=0.08s
[21.158s][info][gc,start       ] GC(203) Pause Young (Allocation Failure)
[21.229s][info][gc,heap        ] GC(203) PSYoungGen: 115776K(204800K)->50848K(214528K) Eden: 27136K(27136K)->0K(27136K) From: 88640K(177664K)->50848K(187392K)
[21.229s][info][gc,heap        ] GC(203) ParOldGen: 3161528K(3322880K)->3226976K(3322880K)
[21.229s][info][gc,metaspace   ] GC(203) Metaspace: 6300K(6464K)->6300K(6464K) NonClass: 5767K(5824K)->5767K(5824K) Class: 533K(640K)->533K(640K)
[21.229s][info][gc             ] GC(203) Pause Young (Allocation Failure) 3200M->3201M(3454M) 70.718ms
[21.229s][info][gc,cpu         ] GC(203) User=0.20s Sys=0.03s Real=0.07s
[21.257s][info][gc,start       ] GC(204) Pause Young (Allocation Failure)
[21.309s][info][gc,heap        ] GC(204) PSYoungGen: 77984K(214528K)->27264K(216064K) Eden: 27136K(27136K)->0K(31232K) From: 50848K(187392K)->27264K(184832K)
[21.309s][info][gc,heap        ] GC(204) ParOldGen: 3226976K(3322880K)->3278088K(3322880K)
[21.309s][info][gc,metaspace   ] GC(204) Metaspace: 6300K(6464K)->6300K(6464K) NonClass: 5767K(5824K)->5767K(5824K) Class: 533K(640K)->533K(640K)
[21.309s][info][gc             ] GC(204) Pause Young (Allocation Failure) 3227M->3227M(3456M) 52.622ms
[21.309s][info][gc,cpu         ] GC(204) User=0.17s Sys=0.00s Real=0.05s
[21.309s][info][gc,start       ] GC(205) Pause Full (Ergonomics)
[21.309s][info][gc,phases,start] GC(205) Marking Phase
[22.046s][info][gc,phases      ] GC(205) Marking Phase 737.082ms
[22.047s][info][gc,phases,start] GC(205) Summary Phase
[22.047s][info][gc,phases      ] GC(205) Summary Phase 0.091ms
[22.047s][info][gc,phases,start] GC(205) Adjust Roots
[22.047s][info][gc,phases      ] GC(205) Adjust Roots 0.240ms
[22.047s][info][gc,phases,start] GC(205) Compaction Phase
[22.362s][info][gc,phases      ] GC(205) Compaction Phase 314.764ms
[22.362s][info][gc,phases,start] GC(205) Post Compact
[22.368s][info][gc,phases      ] GC(205) Post Compact 6.222ms
[22.369s][info][gc,heap        ] GC(205) PSYoungGen: 27264K(216064K)->0K(216064K) Eden: 0K(31232K)->0K(31232K) From: 27264K(184832K)->0K(184832K)
[22.369s][info][gc,heap        ] GC(205) ParOldGen: 3278088K(3322880K)->3302825K(3639808K)
[22.369s][info][gc,metaspace   ] GC(205) Metaspace: 6300K(6464K)->6300K(6464K) NonClass: 5767K(5824K)->5767K(5824K) Class: 533K(640K)->533K(640K)
[22.369s][info][gc             ] GC(205) Pause Full (Ergonomics) 3227M->3225M(3765M) 1059.880ms
[22.369s][info][gc,cpu         ] GC(205) User=7.48s Sys=0.00s Real=1.06s
[22.401s][info][gc,start       ] GC(206) Pause Young (Allocation Failure)
[22.439s][info][gc,heap        ] GC(206) PSYoungGen: 31232K(216064K)->31360K(215552K) Eden: 31232K(31232K)->0K(34816K) From: 0K(184832K)->31360K(180736K)
[22.439s][info][gc,heap        ] GC(206) ParOldGen: 3302825K(3639808K)->3302825K(3639808K)
[22.439s][info][gc,metaspace   ] GC(206) Metaspace: 6300K(6464K)->6300K(6464K) NonClass: 5767K(5824K)->5767K(5824K) Class: 533K(640K)->533K(640K)
[22.439s][info][gc             ] GC(206) Pause Young (Allocation Failure) 3255M->3256M(3765M) 38.045ms
[22.439s][info][gc,cpu         ] GC(206) User=0.06s Sys=0.00s Real=0.04s
[22.475s][info][gc,start       ] GC(207) Pause Young (Allocation Failure)
[22.531s][info][gc,heap        ] GC(207) PSYoungGen: 66176K(215552K)->35008K(218112K) Eden: 34816K(34816K)->0K(34816K) From: 31360K(180736K)->35008K(183296K)
[22.531s][info][gc,heap        ] GC(207) ParOldGen: 3302825K(3639808K)->3334345K(3639808K)
[22.531s][info][gc,metaspace   ] GC(207) Metaspace: 6300K(6464K)->6300K(6464K) NonClass: 5767K(5824K)->5767K(5824K) Class: 533K(640K)->533K(640K)
[22.532s][info][gc             ] GC(207) Pause Young (Allocation Failure) 3290M->3290M(3767M) 56.531ms
[22.532s][info][gc,cpu         ] GC(207) User=0.14s Sys=0.02s Real=0.06s
[22.569s][info][gc,start       ] GC(208) Pause Young (Allocation Failure)
[22.630s][info][gc,heap        ] GC(208) PSYoungGen: 69824K(218112K)->34976K(209920K) Eden: 34816K(34816K)->0K(38912K) From: 35008K(183296K)->34976K(171008K)
[22.630s][info][gc,heap        ] GC(208) ParOldGen: 3334345K(3639808K)->3369465K(3639808K)
[22.630s][info][gc,metaspace   ] GC(208) Metaspace: 6300K(6464K)->6300K(6464K) NonClass: 5767K(5824K)->5767K(5824K) Class: 533K(640K)->533K(640K)
[22.630s][info][gc             ] GC(208) Pause Young (Allocation Failure) 3324M->3324M(3759M) 60.425ms
[22.630s][info][gc,cpu         ] GC(208) User=0.22s Sys=0.00s Real=0.06s
[22.672s][info][gc,start       ] GC(209) Pause Young (Allocation Failure)
[22.726s][info][gc,heap        ] GC(209) PSYoungGen: 73888K(209920K)->39136K(78336K) Eden: 38912K(38912K)->0K(38912K) From: 34976K(171008K)->39136K(39424K)
[22.726s][info][gc,heap        ] GC(209) ParOldGen: 3369465K(3639808K)->3404593K(3639808K)
[22.726s][info][gc,metaspace   ] GC(209) Metaspace: 6300K(6464K)->6300K(6464K) NonClass: 5767K(5824K)->5767K(5824K) Class: 533K(640K)->533K(640K)
[22.726s][info][gc             ] GC(209) Pause Young (Allocation Failure) 3362M->3363M(3631M) 54.316ms
[22.726s][info][gc,cpu         ] GC(209) User=0.14s Sys=0.02s Real=0.05s
[22.766s][info][gc,start       ] GC(210) Pause Young (Allocation Failure)
[22.823s][info][gc,heap        ] GC(210) PSYoungGen: 78048K(78336K)->39104K(201216K) Eden: 38912K(38912K)->0K(43520K) From: 39136K(39424K)->39104K(157696K)
[22.823s][info][gc,heap        ] GC(210) ParOldGen: 3404593K(3639808K)->3443857K(3639808K)
[22.823s][info][gc,metaspace   ] GC(210) Metaspace: 6300K(6464K)->6300K(6464K) NonClass: 5767K(5824K)->5767K(5824K) Class: 533K(640K)->533K(640K)
[22.823s][info][gc             ] GC(210) Pause Young (Allocation Failure) 3401M->3401M(3751M) 57.398ms
[22.823s][info][gc,cpu         ] GC(210) User=0.17s Sys=0.02s Real=0.06s
[22.865s][info][gc,start       ] GC(211) Pause Young (Allocation Failure)
[22.920s][info][gc,heap        ] GC(211) PSYoungGen: 82624K(201216K)->43680K(87552K) Eden: 43520K(43520K)->0K(43520K) From: 39104K(157696K)->43680K(44032K)
[22.920s][info][gc,heap        ] GC(211) ParOldGen: 3443857K(3639808K)->3483113K(3639808K)
[22.920s][info][gc,metaspace   ] GC(211) Metaspace: 6300K(6464K)->6300K(6464K) NonClass: 5767K(5824K)->5767K(5824K) Class: 533K(640K)->533K(640K)
[22.920s][info][gc             ] GC(211) Pause Young (Allocation Failure) 3443M->3444M(3640M) 55.170ms
[22.920s][info][gc,cpu         ] GC(211) User=0.22s Sys=0.02s Real=0.06s
[22.965s][info][gc,start       ] GC(212) Pause Young (Allocation Failure)
[23.026s][info][gc,heap        ] GC(212) PSYoungGen: 87200K(87552K)->43680K(192000K) Eden: 43520K(43520K)->0K(48640K) From: 43680K(44032K)->43680K(143360K)
[23.026s][info][gc,heap        ] GC(212) ParOldGen: 3483113K(3639808K)->3527025K(3639808K)
[23.026s][info][gc,metaspace   ] GC(212) Metaspace: 6300K(6464K)->6300K(6464K) NonClass: 5767K(5824K)->5767K(5824K) Class: 533K(640K)->533K(640K)
[23.026s][info][gc             ] GC(212) Pause Young (Allocation Failure) 3486M->3487M(3742M) 61.179ms
[23.026s][info][gc,cpu         ] GC(212) User=0.17s Sys=0.00s Real=0.06s
[23.079s][info][gc,start       ] GC(213) Pause Young (Allocation Failure)
[23.142s][info][gc,heap        ] GC(213) PSYoungGen: 92320K(192000K)->48800K(97792K) Eden: 48640K(48640K)->0K(48640K) From: 43680K(143360K)->48800K(49152K)
[23.142s][info][gc,heap        ] GC(213) ParOldGen: 3527025K(3639808K)->3570929K(3639808K)
[23.142s][info][gc,metaspace   ] GC(213) Metaspace: 6300K(6464K)->6300K(6464K) NonClass: 5767K(5824K)->5767K(5824K) Class: 533K(640K)->533K(640K)
[23.142s][info][gc             ] GC(213) Pause Young (Allocation Failure) 3534M->3534M(3650M) 63.154ms
[23.142s][info][gc,cpu         ] GC(213) User=0.31s Sys=0.05s Real=0.06s
[23.142s][info][gc,start       ] GC(214) Pause Full (Ergonomics)
[23.142s][info][gc,phases,start] GC(214) Marking Phase
[23.980s][info][gc,phases      ] GC(214) Marking Phase 838.083ms
[23.980s][info][gc,phases,start] GC(214) Summary Phase
[23.980s][info][gc,phases      ] GC(214) Summary Phase 0.101ms
[23.980s][info][gc,phases,start] GC(214) Adjust Roots
[23.981s][info][gc,phases      ] GC(214) Adjust Roots 0.261ms
[23.981s][info][gc,phases,start] GC(214) Compaction Phase
[24.351s][info][gc,phases      ] GC(214) Compaction Phase 370.145ms
[24.351s][info][gc,phases,start] GC(214) Post Compact
[24.358s][info][gc,phases      ] GC(214) Post Compact 7.088ms
[24.359s][info][gc,heap        ] GC(214) PSYoungGen: 48800K(97792K)->0K(196608K) Eden: 0K(48640K)->0K(54272K) From: 48800K(49152K)->0K(142336K)
[24.359s][info][gc,heap        ] GC(214) ParOldGen: 3570929K(3639808K)->3616946K(3966976K)
[24.359s][info][gc,metaspace   ] GC(214) Metaspace: 6300K(6464K)->6300K(6464K) NonClass: 5767K(5824K)->5767K(5824K) Class: 533K(640K)->533K(640K)
[24.359s][info][gc             ] GC(214) Pause Full (Ergonomics) 3534M->3532M(4066M) 1217.062ms
[24.359s][info][gc,cpu         ] GC(214) User=8.17s Sys=0.03s Real=1.22s
[24.419s][info][gc,start       ] GC(215) Pause Young (Allocation Failure)
[24.473s][info][gc,heap        ] GC(215) PSYoungGen: 54272K(196608K)->54496K(109056K) Eden: 54272K(54272K)->0K(54272K) From: 0K(142336K)->54496K(54784K)
[24.473s][info][gc,heap        ] GC(215) ParOldGen: 3616946K(3966976K)->3616946K(3966976K)
[24.473s][info][gc,metaspace   ] GC(215) Metaspace: 6300K(6464K)->6300K(6464K) NonClass: 5767K(5824K)->5767K(5824K) Class: 533K(640K)->533K(640K)
[24.473s][info][gc             ] GC(215) Pause Young (Allocation Failure) 3585M->3585M(3980M) 53.436ms
[24.473s][info][gc,cpu         ] GC(215) User=0.14s Sys=0.00s Real=0.05s
[24.528s][info][gc,start       ] GC(216) Pause Young (Allocation Failure)
[24.596s][info][gc,heap        ] GC(216) PSYoungGen: 108768K(109056K)->108832K(182784K) Eden: 54272K(54272K)->0K(48128K) From: 54496K(54784K)->108832K(134656K)
[24.596s][info][gc,heap        ] GC(216) ParOldGen: 3616946K(3966976K)->3616946K(3966976K)
[24.596s][info][gc,metaspace   ] GC(216) Metaspace: 6300K(6464K)->6300K(6464K) NonClass: 5767K(5824K)->5767K(5824K) Class: 533K(640K)->533K(640K)
[24.596s][info][gc             ] GC(216) Pause Young (Allocation Failure) 3638M->3638M(4052M) 68.104ms
[24.596s][info][gc,cpu         ] GC(216) User=0.19s Sys=0.00s Real=0.07s
[24.642s][info][gc,start       ] GC(217) Pause Young (Allocation Failure)
[24.724s][info][gc,heap        ] GC(217) PSYoungGen: 156960K(182784K)->145920K(194048K) Eden: 48128K(48128K)->0K(48128K) From: 108832K(134656K)->145920K(145920K)
[24.724s][info][gc,heap        ] GC(217) ParOldGen: 3616946K(3966976K)->3628066K(3966976K)
[24.724s][info][gc,metaspace   ] GC(217) Metaspace: 6300K(6464K)->6300K(6464K) NonClass: 5767K(5824K)->5767K(5824K) Class: 533K(640K)->533K(640K)
[24.724s][info][gc             ] GC(217) Pause Young (Allocation Failure) 3685M->3685M(4063M) 81.449ms
[24.724s][info][gc,cpu         ] GC(217) User=0.39s Sys=0.00s Real=0.08s
[24.770s][info][gc,start       ] GC(218) Pause Young (Allocation Failure)
[24.866s][info][gc,heap        ] GC(218) PSYoungGen: 194048K(194048K)->89888K(219648K) Eden: 48128K(48128K)->0K(53760K) From: 145920K(145920K)->89888K(165888K)
[24.866s][info][gc,heap        ] GC(218) ParOldGen: 3628066K(3966976K)->3733226K(3966976K)
[24.866s][info][gc,metaspace   ] GC(218) Metaspace: 6300K(6464K)->6300K(6464K) NonClass: 5767K(5824K)->5767K(5824K) Class: 533K(640K)->533K(640K)
[24.866s][info][gc             ] GC(218) Pause Young (Allocation Failure) 3732M->3733M(4088M) 96.307ms
[24.866s][info][gc,cpu         ] GC(218) User=0.62s Sys=0.02s Real=0.10s
[24.925s][info][gc,start       ] GC(219) Pause Young (Allocation Failure)
[25.004s][info][gc,heap        ] GC(219) PSYoungGen: 143648K(219648K)->102176K(222720K) Eden: 53760K(53760K)->0K(53760K) From: 89888K(165888K)->102176K(168960K)
[25.004s][info][gc,heap        ] GC(219) ParOldGen: 3733226K(3966976K)->3775058K(3966976K)
[25.004s][info][gc,metaspace   ] GC(219) Metaspace: 6300K(6464K)->6300K(6464K) NonClass: 5767K(5824K)->5767K(5824K) Class: 533K(640K)->533K(640K)
[25.004s][info][gc             ] GC(219) Pause Young (Allocation Failure) 3786M->3786M(4091M) 79.028ms
[25.004s][info][gc,cpu         ] GC(219) User=0.38s Sys=0.00s Real=0.08s
[25.062s][info][gc,start       ] GC(220) Pause Young (Allocation Failure)
[25.153s][info][gc,heap        ] GC(220) PSYoungGen: 155936K(222720K)->107840K(227840K) Eden: 53760K(53760K)->0K(57856K) From: 102176K(168960K)->107840K(169984K)
[25.153s][info][gc,heap        ] GC(220) ParOldGen: 3775058K(3966976K)->3823618K(3966976K)
[25.153s][info][gc,metaspace   ] GC(220) Metaspace: 6300K(6464K)->6300K(6464K) NonClass: 5767K(5824K)->5767K(5824K) Class: 533K(640K)->533K(640K)
[25.153s][info][gc             ] GC(220) Pause Young (Allocation Failure) 3838M->3839M(4096M) 91.051ms
[25.153s][info][gc,cpu         ] GC(220) User=0.53s Sys=0.00s Real=0.09s
[25.211s][info][gc,start       ] GC(221) Pause Young (Allocation Failure)
[25.313s][info][gc,heap        ] GC(221) PSYoungGen: 165696K(227840K)->111904K(229888K) Eden: 57856K(57856K)->0K(57856K) From: 107840K(169984K)->111904K(172032K)
[25.313s][info][gc,heap        ] GC(221) ParOldGen: 3823618K(3966976K)->3877866K(3966976K)
[25.313s][info][gc,metaspace   ] GC(221) Metaspace: 6300K(6464K)->6300K(6464K) NonClass: 5767K(5824K)->5767K(5824K) Class: 533K(640K)->533K(640K)
[25.313s][info][gc             ] GC(221) Pause Young (Allocation Failure) 3895M->3896M(4098M) 101.910ms
[25.313s][info][gc,cpu         ] GC(221) User=0.33s Sys=0.02s Real=0.10s
[25.313s][info][gc,start       ] GC(222) Pause Full (Ergonomics)
[25.313s][info][gc,phases,start] GC(222) Marking Phase
[26.314s][info][gc,phases      ] GC(222) Marking Phase 1000.086ms
[26.314s][info][gc,phases,start] GC(222) Summary Phase
[26.314s][info][gc,phases      ] GC(222) Summary Phase 0.057ms
[26.314s][info][gc,phases,start] GC(222) Adjust Roots
[26.314s][info][gc,phases      ] GC(222) Adjust Roots 0.246ms
[26.314s][info][gc,phases,start] GC(222) Compaction Phase
[27.174s][info][gc,phases      ] GC(222) Compaction Phase 859.750ms
[27.174s][info][gc,phases,start] GC(222) Post Compact
[27.182s][info][gc,phases      ] GC(222) Post Compact 8.264ms
[27.184s][info][gc,heap        ] GC(222) PSYoungGen: 111904K(229888K)->20093K(229888K) Eden: 0K(57856K)->0K(57856K) From: 111904K(172032K)->20093K(172032K)
[27.184s][info][gc,heap        ] GC(222) ParOldGen: 3877866K(3966976K)->3966814K(4364800K)
[27.184s][info][gc,metaspace   ] GC(222) Metaspace: 6300K(6464K)->6300K(6464K) NonClass: 5767K(5824K)->5767K(5824K) Class: 533K(640K)->533K(640K)
[27.184s][info][gc             ] GC(222) Pause Full (Ergonomics) 3896M->3893M(4487M) 1870.253ms
[27.184s][info][gc,cpu         ] GC(222) User=11.59s Sys=0.05s Real=1.87s
[27.247s][info][gc,start       ] GC(223) Pause Young (Allocation Failure)
[27.463s][info][gc,heap        ] GC(223) PSYoungGen: 77949K(229888K)->61408K(226304K) Eden: 57856K(57856K)->0K(63488K) From: 20093K(172032K)->61408K(162816K)
[27.463s][info][gc,heap        ] GC(223) ParOldGen: 3966814K(4364800K)->3983782K(4364800K)
[27.463s][info][gc,metaspace   ] GC(223) Metaspace: 6300K(6464K)->6300K(6464K) NonClass: 5767K(5824K)->5767K(5824K) Class: 533K(640K)->533K(640K)
[27.463s][info][gc             ] GC(223) Pause Young (Allocation Failure) 3949M->3950M(4483M) 215.909ms
[27.463s][info][gc,cpu         ] GC(223) User=1.38s Sys=0.02s Real=0.22s
[27.538s][info][gc,start       ] GC(224) Pause Young (Allocation Failure)
[27.614s][info][gc,heap        ] GC(224) PSYoungGen: 124896K(226304K)->124960K(232960K) Eden: 63488K(63488K)->0K(63488K) From: 61408K(162816K)->124960K(169472K)
[27.614s][info][gc,heap        ] GC(224) ParOldGen: 3983782K(4364800K)->3983782K(4364800K)
[27.614s][info][gc,metaspace   ] GC(224) Metaspace: 6300K(6464K)->6300K(6464K) NonClass: 5767K(5824K)->5767K(5824K) Class: 533K(640K)->533K(640K)
[27.614s][info][gc             ] GC(224) Pause Young (Allocation Failure) 4012M->4012M(4490M) 76.517ms
[27.615s][info][gc,cpu         ] GC(224) User=0.28s Sys=0.00s Real=0.08s
[27.684s][info][gc,start       ] GC(225) Pause Young (Allocation Failure)
[27.782s][info][gc,heap        ] GC(225) PSYoungGen: 188448K(232960K)->176640K(217088K) Eden: 63488K(63488K)->0K(40448K) From: 124960K(169472K)->176640K(176640K)
[27.782s][info][gc,heap        ] GC(225) ParOldGen: 3983782K(4364800K)->3995694K(4364800K)
[27.782s][info][gc,metaspace   ] GC(225) Metaspace: 6300K(6464K)->6300K(6464K) NonClass: 5767K(5824K)->5767K(5824K) Class: 533K(640K)->533K(640K)
[27.782s][info][gc             ] GC(225) Pause Young (Allocation Failure) 4074M->4074M(4474M) 98.672ms
[27.782s][info][gc,cpu         ] GC(225) User=0.62s Sys=0.03s Real=0.10s
[27.822s][info][gc,start       ] GC(226) Pause Young (Allocation Failure)
[27.930s][info][gc,heap        ] GC(226) PSYoungGen: 217088K(217088K)->160800K(246272K) Eden: 40448K(40448K)->0K(40448K) From: 176640K(176640K)->160800K(205824K)
[27.930s][info][gc,heap        ] GC(226) ParOldGen: 3995694K(4364800K)->4052614K(4364800K)
[27.930s][info][gc,metaspace   ] GC(226) Metaspace: 6300K(6464K)->6300K(6464K) NonClass: 5767K(5824K)->5767K(5824K) Class: 533K(640K)->533K(640K)
[27.930s][info][gc             ] GC(226) Pause Young (Allocation Failure) 4114M->4114M(4503M) 108.548ms
[27.930s][info][gc,cpu         ] GC(226) User=0.81s Sys=0.02s Real=0.11s
[27.973s][info][gc,start       ] GC(227) Pause Young (Allocation Failure)
[28.074s][info][gc,heap        ] GC(227) PSYoungGen: 201248K(246272K)->140160K(262144K) Eden: 40448K(40448K)->0K(43008K) From: 160800K(205824K)->140160K(219136K)
[28.074s][info][gc,heap        ] GC(227) ParOldGen: 4052614K(4364800K)->4114126K(4364800K)
[28.074s][info][gc,metaspace   ] GC(227) Metaspace: 6300K(6464K)->6300K(6464K) NonClass: 5767K(5824K)->5767K(5824K) Class: 533K(640K)->533K(640K)
[28.074s][info][gc             ] GC(227) Pause Young (Allocation Failure) 4154M->4154M(4518M) 101.091ms
[28.074s][info][gc,cpu         ] GC(227) User=0.62s Sys=0.08s Real=0.10s
[28.127s][info][gc,start       ] GC(228) Pause Young (Allocation Failure)
[28.237s][info][gc,heap        ] GC(228) PSYoungGen: 183168K(262144K)->124160K(264192K) Eden: 43008K(43008K)->0K(43008K) From: 140160K(219136K)->124160K(221184K)
[28.237s][info][gc,heap        ] GC(228) ParOldGen: 4114126K(4364800K)->4173614K(4364800K)
[28.237s][info][gc,metaspace   ] GC(228) Metaspace: 6300K(6464K)->6300K(6464K) NonClass: 5767K(5824K)->5767K(5824K) Class: 533K(640K)->533K(640K)
[28.237s][info][gc             ] GC(228) Pause Young (Allocation Failure) 4196M->4197M(4520M) 110.177ms
[28.237s][info][gc,cpu         ] GC(228) User=0.67s Sys=0.02s Real=0.11s
[28.290s][info][gc,start       ] GC(229) Pause Young (Allocation Failure)
[28.380s][info][gc,heap        ] GC(229) PSYoungGen: 167168K(264192K)->126752K(258048K) Eden: 43008K(43008K)->0K(48640K) From: 124160K(221184K)->126752K(209408K)
[28.380s][info][gc,heap        ] GC(229) ParOldGen: 4173614K(4364800K)->4214422K(4364800K)
[28.380s][info][gc,metaspace   ] GC(229) Metaspace: 6300K(6464K)->6300K(6464K) NonClass: 5767K(5824K)->5767K(5824K) Class: 533K(640K)->533K(640K)
[28.380s][info][gc             ] GC(229) Pause Young (Allocation Failure) 4239M->4239M(4514M) 89.948ms
[28.380s][info][gc,cpu         ] GC(229) User=0.64s Sys=0.05s Real=0.09s
[28.433s][info][gc,start       ] GC(230) Pause Young (Allocation Failure)
[28.529s][info][gc,heap        ] GC(230) PSYoungGen: 175392K(258048K)->134976K(261632K) Eden: 48640K(48640K)->0K(48640K) From: 126752K(209408K)->134976K(212992K)
[28.529s][info][gc,heap        ] GC(230) ParOldGen: 4214422K(4364800K)->4255222K(4364800K)
[28.529s][info][gc,metaspace   ] GC(230) Metaspace: 6300K(6464K)->6300K(6464K) NonClass: 5767K(5824K)->5767K(5824K) Class: 533K(640K)->533K(640K)
[28.529s][info][gc             ] GC(230) Pause Young (Allocation Failure) 4286M->4287M(4518M) 95.777ms
[28.529s][info][gc,cpu         ] GC(230) User=0.52s Sys=0.03s Real=0.09s
[28.581s][info][gc,start       ] GC(231) Pause Young (Allocation Failure)
[28.673s][info][gc,heap        ] GC(231) PSYoungGen: 183616K(261632K)->140640K(266240K) Eden: 48640K(48640K)->0K(54272K) From: 134976K(212992K)->140640K(211968K)
[28.673s][info][gc,heap        ] GC(231) ParOldGen: 4255222K(4364800K)->4298606K(4364800K)
[28.673s][info][gc,metaspace   ] GC(231) Metaspace: 6300K(6464K)->6300K(6464K) NonClass: 5767K(5824K)->5767K(5824K) Class: 533K(640K)->533K(640K)
[28.674s][info][gc             ] GC(231) Pause Young (Allocation Failure) 4334M->4335M(4522M) 92.640ms
[28.674s][info][gc,cpu         ] GC(231) User=0.61s Sys=0.02s Real=0.09s
[28.674s][info][gc,start       ] GC(232) Pause Full (Ergonomics)
[28.674s][info][gc,phases,start] GC(232) Marking Phase
[29.699s][info][gc,phases      ] GC(232) Marking Phase 1024.916ms
[29.699s][info][gc,phases,start] GC(232) Summary Phase
[29.699s][info][gc,phases      ] GC(232) Summary Phase 0.083ms
[29.699s][info][gc,phases,start] GC(232) Adjust Roots
[29.699s][info][gc,phases      ] GC(232) Adjust Roots 0.180ms
[29.699s][info][gc,phases,start] GC(232) Compaction Phase
[30.159s][info][gc,phases      ] GC(232) Compaction Phase 460.567ms
[30.160s][info][gc,phases,start] GC(232) Post Compact
[30.166s][info][gc,phases      ] GC(232) Post Compact 6.643ms
[30.168s][info][gc,heap        ] GC(232) PSYoungGen: 140640K(266240K)->71195K(266240K) Eden: 0K(54272K)->0K(54272K) From: 140640K(211968K)->71195K(211968K)
[30.168s][info][gc,heap        ] GC(232) ParOldGen: 4298606K(4364800K)->4364447K(4790272K)
[30.168s][info][gc,metaspace   ] GC(232) Metaspace: 6300K(6464K)->6300K(6464K) NonClass: 5767K(5824K)->5767K(5824K) Class: 533K(640K)->533K(640K)
[30.168s][info][gc             ] GC(232) Pause Full (Ergonomics) 4335M->4331M(4938M) 1494.112ms
[30.168s][info][gc,cpu         ] GC(232) User=10.39s Sys=0.06s Real=1.49s
[30.221s][info][gc,start       ] GC(233) Pause Young (Allocation Failure)
[30.492s][info][gc,heap        ] GC(233) PSYoungGen: 125467K(266240K)->108992K(163328K) Eden: 54272K(54272K)->0K(54272K) From: 71195K(211968K)->108992K(109056K)
[30.492s][info][gc,heap        ] GC(233) ParOldGen: 4364447K(4790272K)->4381439K(4790272K)
[30.492s][info][gc,metaspace   ] GC(233) Metaspace: 6300K(6464K)->6300K(6464K) NonClass: 5767K(5824K)->5767K(5824K) Class: 533K(640K)->533K(640K)
[30.492s][info][gc             ] GC(233) Pause Young (Allocation Failure) 4384M->4385M(4837M) 270.810ms
[30.492s][info][gc,cpu         ] GC(233) User=1.73s Sys=0.03s Real=0.27s
[30.553s][info][gc,start       ] GC(234) Pause Young (Allocation Failure)
[30.643s][info][gc,heap        ] GC(234) PSYoungGen: 163264K(163328K)->163360K(254976K) Eden: 54272K(54272K)->0K(51200K) From: 108992K(109056K)->163360K(203776K)
[30.643s][info][gc,heap        ] GC(234) ParOldGen: 4381439K(4790272K)->4381439K(4790272K)
[30.643s][info][gc,metaspace   ] GC(234) Metaspace: 6300K(6464K)->6300K(6464K) NonClass: 5767K(5824K)->5767K(5824K) Class: 533K(640K)->533K(640K)
[30.643s][info][gc             ] GC(234) Pause Young (Allocation Failure) 4438M->4438M(4927M) 90.050ms
[30.643s][info][gc,cpu         ] GC(234) User=0.62s Sys=0.02s Real=0.09s
[30.709s][info][gc,start       ] GC(235) Pause Young (Allocation Failure)
[30.822s][info][gc,heap        ] GC(235) PSYoungGen: 214560K(254976K)->190304K(264192K) Eden: 51200K(51200K)->0K(51200K) From: 163360K(203776K)->190304K(212992K)
[30.822s][info][gc,heap        ] GC(235) ParOldGen: 4381439K(4790272K)->4405967K(4790272K)
[30.822s][info][gc,metaspace   ] GC(235) Metaspace: 6300K(6464K)->6300K(6464K) NonClass: 5767K(5824K)->5767K(5824K) Class: 533K(640K)->533K(640K)
[30.822s][info][gc             ] GC(235) Pause Young (Allocation Failure) 4488M->4488M(4936M) 112.790ms
[30.822s][info][gc,cpu         ] GC(235) User=0.70s Sys=0.05s Real=0.11s
[30.877s][info][gc,start       ] GC(236) Pause Young (Allocation Failure)
[31.019s][info][gc,heap        ] GC(236) PSYoungGen: 241504K(264192K)->211424K(266240K) Eden: 51200K(51200K)->0K(36352K) From: 190304K(212992K)->211424K(229888K)
[31.019s][info][gc,heap        ] GC(236) ParOldGen: 4405967K(4790272K)->4436423K(4790272K)
[31.019s][info][gc,metaspace   ] GC(236) Metaspace: 6300K(6464K)->6300K(6464K) NonClass: 5767K(5824K)->5767K(5824K) Class: 533K(640K)->533K(640K)
[31.019s][info][gc             ] GC(236) Pause Young (Allocation Failure) 4538M->4538M(4938M) 142.713ms
[31.019s][info][gc,cpu         ] GC(236) User=0.91s Sys=0.08s Real=0.14s
[31.057s][info][gc,start       ] GC(237) Pause Young (Allocation Failure)
[31.193s][info][gc,heap        ] GC(237) PSYoungGen: 247776K(266240K)->193440K(287232K) Eden: 36352K(36352K)->0K(36352K) From: 211424K(229888K)->193440K(250880K)
[31.193s][info][gc,heap        ] GC(237) ParOldGen: 4436423K(4790272K)->4491207K(4790272K)
[31.193s][info][gc,metaspace   ] GC(237) Metaspace: 6300K(6464K)->6300K(6464K) NonClass: 5767K(5824K)->5767K(5824K) Class: 533K(640K)->533K(640K)
[31.193s][info][gc             ] GC(237) Pause Young (Allocation Failure) 4574M->4574M(4958M) 136.297ms
[31.193s][info][gc,cpu         ] GC(237) User=0.92s Sys=0.09s Real=0.14s
[31.230s][info][gc,start       ] GC(238) Pause Young (Allocation Failure)
[31.358s][info][gc,heap        ] GC(238) PSYoungGen: 229792K(287232K)->124224K(285184K) Eden: 36352K(36352K)->0K(41984K) From: 193440K(250880K)->124224K(243200K)
[31.358s][info][gc,heap        ] GC(238) ParOldGen: 4491207K(4790272K)->4597607K(4790272K)
[31.358s][info][gc,metaspace   ] GC(238) Metaspace: 6300K(6464K)->6300K(6464K) NonClass: 5767K(5824K)->5767K(5824K) Class: 533K(640K)->533K(640K)
[31.358s][info][gc             ] GC(238) Pause Young (Allocation Failure) 4610M->4611M(4956M) 127.821ms
[31.358s][info][gc,cpu         ] GC(238) User=0.86s Sys=0.06s Real=0.13s
[31.409s][info][gc,start       ] GC(239) Pause Young (Allocation Failure)
[31.507s][info][gc,heap        ] GC(239) PSYoungGen: 166208K(285184K)->78560K(293888K) Eden: 41984K(41984K)->0K(41984K) From: 124224K(243200K)->78560K(251904K)
[31.507s][info][gc,heap        ] GC(239) ParOldGen: 4597607K(4790272K)->4685919K(4790272K)
[31.507s][info][gc,metaspace   ] GC(239) Metaspace: 6300K(6464K)->6300K(6464K) NonClass: 5767K(5824K)->5767K(5824K) Class: 533K(640K)->533K(640K)
[31.507s][info][gc             ] GC(239) Pause Young (Allocation Failure) 4652M->4652M(4965M) 97.959ms
[31.507s][info][gc,cpu         ] GC(239) User=0.62s Sys=0.02s Real=0.10s
[31.507s][info][gc,start       ] GC(240) Pause Full (Ergonomics)
[31.507s][info][gc,phases,start] GC(240) Marking Phase
[32.610s][info][gc,phases      ] GC(240) Marking Phase 1103.077ms
[32.610s][info][gc,phases,start] GC(240) Summary Phase
[32.610s][info][gc,phases      ] GC(240) Summary Phase 0.089ms
[32.610s][info][gc,phases,start] GC(240) Adjust Roots
[32.610s][info][gc,phases      ] GC(240) Adjust Roots 0.206ms
[32.610s][info][gc,phases,start] GC(240) Compaction Phase
[33.026s][info][gc,phases      ] GC(240) Compaction Phase 415.184ms
[33.026s][info][gc,phases,start] GC(240) Post Compact
[33.033s][info][gc,phases      ] GC(240) Post Compact 7.015ms
[33.034s][info][gc,heap        ] GC(240) PSYoungGen: 78560K(293888K)->0K(299008K) Eden: 0K(41984K)->0K(48128K) From: 78560K(251904K)->0K(250880K)
[33.034s][info][gc,heap        ] GC(240) ParOldGen: 4685919K(4790272K)->4761060K(5252096K)
[33.034s][info][gc,metaspace   ] GC(240) Metaspace: 6300K(6464K)->6300K(6464K) NonClass: 5767K(5824K)->5767K(5824K) Class: 533K(640K)->533K(640K)
[33.034s][info][gc             ] GC(240) Pause Full (Ergonomics) 4652M->4649M(5421M) 1527.416ms
[33.034s][info][gc,cpu         ] GC(240) User=11.14s Sys=0.09s Real=1.53s
[33.092s][info][gc,start       ] GC(241) Pause Young (Allocation Failure)
[33.144s][info][gc,heap        ] GC(241) PSYoungGen: 48128K(299008K)->48288K(299008K) Eden: 48128K(48128K)->0K(48128K) From: 0K(250880K)->48288K(250880K)
[33.144s][info][gc,heap        ] GC(241) ParOldGen: 4761060K(5252096K)->4761060K(5252096K)
[33.144s][info][gc,metaspace   ] GC(241) Metaspace: 6300K(6464K)->6300K(6464K) NonClass: 5767K(5824K)->5767K(5824K) Class: 533K(640K)->533K(640K)
[33.144s][info][gc             ] GC(241) Pause Young (Allocation Failure) 4696M->4696M(5421M) 52.519ms
[33.144s][info][gc,cpu         ] GC(241) User=0.17s Sys=0.00s Real=0.05s
[33.201s][info][gc,start       ] GC(242) Pause Young (Allocation Failure)
[33.266s][info][gc,heap        ] GC(242) PSYoungGen: 96416K(299008K)->48352K(306688K) Eden: 48128K(48128K)->0K(53248K) From: 48288K(250880K)->48352K(253440K)
[33.266s][info][gc,heap        ] GC(242) ParOldGen: 4761060K(5252096K)->4809620K(5252096K)
[33.266s][info][gc,metaspace   ] GC(242) Metaspace: 6300K(6464K)->6300K(6464K) NonClass: 5767K(5824K)->5767K(5824K) Class: 533K(640K)->533K(640K)
[33.266s][info][gc             ] GC(242) Pause Young (Allocation Failure) 4743M->4744M(5428M) 65.082ms
[33.266s][info][gc,cpu         ] GC(242) User=0.23s Sys=0.02s Real=0.06s
[33.322s][info][gc,start       ] GC(243) Pause Young (Allocation Failure)
[33.386s][info][gc,heap        ] GC(243) PSYoungGen: 101600K(306688K)->53504K(306688K) Eden: 53248K(53248K)->0K(53248K) From: 48352K(253440K)->53504K(253440K)
[33.386s][info][gc,heap        ] GC(243) ParOldGen: 4809620K(5252096K)->4858180K(5252096K)
[33.386s][info][gc,metaspace   ] GC(243) Metaspace: 6300K(6464K)->6300K(6464K) NonClass: 5767K(5824K)->5767K(5824K) Class: 533K(640K)->533K(640K)
[33.386s][info][gc             ] GC(243) Pause Young (Allocation Failure) 4796M->4796M(5428M) 63.422ms
[33.386s][info][gc,cpu         ] GC(243) User=0.28s Sys=0.03s Real=0.06s
[33.440s][info][gc,start       ] GC(244) Pause Young (Allocation Failure)
[33.505s][info][gc,heap        ] GC(244) PSYoungGen: 106752K(306688K)->53472K(302592K) Eden: 53248K(53248K)->0K(59392K) From: 53504K(253440K)->53472K(243200K)
[33.505s][info][gc,heap        ] GC(244) ParOldGen: 4858180K(5252096K)->4911892K(5252096K)
[33.505s][info][gc,metaspace   ] GC(244) Metaspace: 6300K(6464K)->6300K(6464K) NonClass: 5767K(5824K)->5767K(5824K) Class: 533K(640K)->533K(640K)
[33.505s][info][gc             ] GC(244) Pause Young (Allocation Failure) 4848M->4848M(5424M) 65.466ms
[33.505s][info][gc,cpu         ] GC(244) User=0.36s Sys=0.03s Real=0.07s
[33.574s][info][gc,start       ] GC(245) Pause Young (Allocation Failure)
[33.643s][info][gc,heap        ] GC(245) PSYoungGen: 112864K(302592K)->59584K(306176K) Eden: 59392K(59392K)->0K(59392K) From: 53472K(243200K)->59584K(246784K)
[33.643s][info][gc,heap        ] GC(245) ParOldGen: 4911892K(5252096K)->4965604K(5252096K)
[33.643s][info][gc,metaspace   ] GC(245) Metaspace: 6300K(6464K)->6300K(6464K) NonClass: 5767K(5824K)->5767K(5824K) Class: 533K(640K)->533K(640K)
[33.643s][info][gc             ] GC(245) Pause Young (Allocation Failure) 4906M->4907M(5428M) 69.698ms
[33.643s][info][gc,cpu         ] GC(245) User=0.33s Sys=0.06s Real=0.07s
[33.712s][info][gc,start       ] GC(246) Pause Young (Allocation Failure)
[33.791s][info][gc,heap        ] GC(246) PSYoungGen: 118976K(306176K)->59584K(291840K) Eden: 59392K(59392K)->0K(66048K) From: 59584K(246784K)->59584K(225792K)
[33.791s][info][gc,heap        ] GC(246) ParOldGen: 4965604K(5252096K)->5025508K(5252096K)
[33.791s][info][gc,metaspace   ] GC(246) Metaspace: 6300K(6464K)->6300K(6464K) NonClass: 5767K(5824K)->5767K(5824K) Class: 533K(640K)->533K(640K)
[33.791s][info][gc             ] GC(246) Pause Young (Allocation Failure) 4965M->4965M(5414M) 78.438ms
[33.791s][info][gc,cpu         ] GC(246) User=0.36s Sys=0.03s Real=0.08s
[33.860s][info][gc,start       ] GC(247) Pause Young (Allocation Failure)
[33.933s][info][gc,heap        ] GC(247) PSYoungGen: 125632K(291840K)->66240K(132608K) Eden: 66048K(66048K)->0K(66048K) From: 59584K(225792K)->66240K(66560K)
[33.933s][info][gc,heap        ] GC(247) ParOldGen: 5025508K(5252096K)->5085420K(5252096K)
[33.933s][info][gc,metaspace   ] GC(247) Metaspace: 6300K(6464K)->6300K(6464K) NonClass: 5767K(5824K)->5767K(5824K) Class: 533K(640K)->533K(640K)
[33.933s][info][gc             ] GC(247) Pause Young (Allocation Failure) 5030M->5030M(5258M) 73.573ms
[33.934s][info][gc,cpu         ] GC(247) User=0.42s Sys=0.06s Real=0.07s
[34.013s][info][gc,start       ] GC(248) Pause Young (Allocation Failure)
[34.089s][info][gc,heap        ] GC(248) PSYoungGen: 132288K(132608K)->66304K(280576K) Eden: 66048K(66048K)->0K(73216K) From: 66240K(66560K)->66304K(207360K)
[34.089s][info][gc,heap        ] GC(248) ParOldGen: 5085420K(5252096K)->5152036K(5252096K)
[34.089s][info][gc,metaspace   ] GC(248) Metaspace: 6300K(6464K)->6300K(6464K) NonClass: 5767K(5824K)->5767K(5824K) Class: 533K(640K)->533K(640K)
[34.089s][info][gc             ] GC(248) Pause Young (Allocation Failure) 5095M->5096M(5403M) 76.261ms
[34.089s][info][gc,cpu         ] GC(248) User=0.45s Sys=0.05s Real=0.08s
[34.174s][info][gc,start       ] GC(249) Pause Young (Allocation Failure)
[34.256s][info][gc,heap        ] GC(249) PSYoungGen: 139520K(280576K)->73472K(146944K) Eden: 73216K(73216K)->0K(73216K) From: 66304K(207360K)->73472K(73728K)
[34.256s][info][gc,heap        ] GC(249) ParOldGen: 5152036K(5252096K)->5218652K(5252096K)
[34.256s][info][gc,metaspace   ] GC(249) Metaspace: 6300K(6464K)->6300K(6464K) NonClass: 5767K(5824K)->5767K(5824K) Class: 533K(640K)->533K(640K)
[34.256s][info][gc             ] GC(249) Pause Young (Allocation Failure) 5167M->5168M(5272M) 81.915ms
[34.256s][info][gc,cpu         ] GC(249) User=0.48s Sys=0.03s Real=0.08s
[34.256s][info][gc,start       ] GC(250) Pause Full (Ergonomics)
[34.256s][info][gc,phases,start] GC(250) Marking Phase
[35.446s][info][gc,phases      ] GC(250) Marking Phase 1189.625ms
[35.446s][info][gc,phases,start] GC(250) Summary Phase
[35.446s][info][gc,phases      ] GC(250) Summary Phase 0.085ms
[35.446s][info][gc,phases,start] GC(250) Adjust Roots
[35.446s][info][gc,phases      ] GC(250) Adjust Roots 0.220ms
[35.446s][info][gc,phases,start] GC(250) Compaction Phase
[35.940s][info][gc,phases      ] GC(250) Compaction Phase 493.728ms
[35.940s][info][gc,phases,start] GC(250) Post Compact
[35.949s][info][gc,phases      ] GC(250) Post Compact 8.928ms
[35.951s][info][gc,heap        ] GC(250) PSYoungGen: 73472K(146944K)->35876K(146944K) Eden: 0K(73216K)->0K(73216K) From: 73472K(73728K)->35876K(73728K)
[35.951s][info][gc,heap        ] GC(250) ParOldGen: 5218652K(5252096K)->5251740K(5774336K)
[35.951s][info][gc,metaspace   ] GC(250) Metaspace: 6300K(6464K)->6300K(6464K) NonClass: 5767K(5824K)->5767K(5824K) Class: 533K(640K)->533K(640K)
[35.951s][info][gc             ] GC(250) Pause Full (Ergonomics) 5168M->5163M(5782M) 1694.528ms
[35.951s][info][gc,cpu         ] GC(250) User=12.61s Sys=0.03s Real=1.69s
[36.041s][info][gc,start       ] GC(251) Pause Young (Allocation Failure)
[36.342s][info][gc,heap        ] GC(251) PSYoungGen: 109092K(146944K)->73504K(266752K) Eden: 73216K(73216K)->0K(79872K) From: 35876K(73728K)->73504K(186880K)
[36.342s][info][gc,heap        ] GC(251) ParOldGen: 5251740K(5774336K)->5287972K(5774336K)
[36.342s][info][gc,metaspace   ] GC(251) Metaspace: 6300K(6464K)->6300K(6464K) NonClass: 5767K(5824K)->5767K(5824K) Class: 533K(640K)->533K(640K)
[36.342s][info][gc             ] GC(251) Pause Young (Allocation Failure) 5235M->5235M(5899M) 301.157ms
[36.342s][info][gc,cpu         ] GC(251) User=1.97s Sys=0.03s Real=0.30s
[36.436s][info][gc,start       ] GC(252) Pause Young (Allocation Failure)
[36.530s][info][gc,heap        ] GC(252) PSYoungGen: 153376K(266752K)->153504K(276992K) Eden: 79872K(79872K)->0K(79872K) From: 73504K(186880K)->153504K(197120K)
[36.530s][info][gc,heap        ] GC(252) ParOldGen: 5287972K(5774336K)->5287972K(5774336K)
[36.530s][info][gc,metaspace   ] GC(252) Metaspace: 6300K(6464K)->6300K(6464K) NonClass: 5767K(5824K)->5767K(5824K) Class: 533K(640K)->533K(640K)
[36.531s][info][gc             ] GC(252) Pause Young (Allocation Failure) 5313M->5313M(5909M) 94.335ms
[36.531s][info][gc,cpu         ] GC(252) User=0.59s Sys=0.00s Real=0.09s
[36.628s][info][gc,start       ] GC(253) Pause Young (Allocation Failure)
[36.758s][info][gc,heap        ] GC(253) PSYoungGen: 233376K(276992K)->210944K(258048K) Eden: 79872K(79872K)->0K(47104K) From: 153504K(197120K)->210944K(210944K)
[36.758s][info][gc,heap        ] GC(253) ParOldGen: 5287972K(5774336K)->5310580K(5774336K)
[36.758s][info][gc,metaspace   ] GC(253) Metaspace: 6300K(6464K)->6300K(6464K) NonClass: 5767K(5824K)->5767K(5824K) Class: 533K(640K)->533K(640K)
[36.758s][info][gc             ] GC(253) Pause Young (Allocation Failure) 5391M->5392M(5891M) 130.395ms
[36.758s][info][gc,cpu         ] GC(253) User=0.83s Sys=0.03s Real=0.13s
[36.810s][info][gc,start       ] GC(254) Pause Young (Allocation Failure)
[36.963s][info][gc,heap        ] GC(254) PSYoungGen: 258048K(258048K)->119264K(166400K) Eden: 47104K(47104K)->0K(47104K) From: 210944K(210944K)->119264K(119296K)
[36.963s][info][gc,heap        ] GC(254) ParOldGen: 5310580K(5774336K)->5450604K(5774336K)
[36.963s][info][gc,metaspace   ] GC(254) Metaspace: 6300K(6464K)->6300K(6464K) NonClass: 5767K(5824K)->5767K(5824K) Class: 533K(640K)->533K(640K)
[36.963s][info][gc             ] GC(254) Pause Young (Allocation Failure) 5438M->5439M(5801M) 153.535ms
[36.964s][info][gc,cpu         ] GC(254) User=0.98s Sys=0.08s Real=0.15s
[37.017s][info][gc,start       ] GC(255) Pause Young (Allocation Failure)
[37.114s][info][gc,heap        ] GC(255) PSYoungGen: 166368K(166400K)->94496K(271872K) Eden: 47104K(47104K)->0K(52736K) From: 119264K(119296K)->94496K(219136K)
[37.114s][info][gc,heap        ] GC(255) ParOldGen: 5450604K(5774336K)->5523052K(5774336K)
[37.114s][info][gc,metaspace   ] GC(255) Metaspace: 6300K(6464K)->6300K(6464K) NonClass: 5767K(5824K)->5767K(5824K) Class: 533K(640K)->533K(640K)
[37.114s][info][gc             ] GC(255) Pause Young (Allocation Failure) 5485M->5485M(5904M) 97.853ms
[37.114s][info][gc,cpu         ] GC(255) User=0.59s Sys=0.06s Real=0.10s
[37.176s][info][gc,start       ] GC(256) Pause Young (Allocation Failure)
[37.265s][info][gc,heap        ] GC(256) PSYoungGen: 147232K(271872K)->100096K(153088K) Eden: 52736K(52736K)->0K(52736K) From: 94496K(219136K)->100096K(100352K)
[37.265s][info][gc,heap        ] GC(256) ParOldGen: 5523052K(5774336K)->5570588K(5774336K)
[37.265s][info][gc,metaspace   ] GC(256) Metaspace: 6300K(6464K)->6300K(6464K) NonClass: 5767K(5824K)->5767K(5824K) Class: 533K(640K)->533K(640K)
[37.265s][info][gc             ] GC(256) Pause Young (Allocation Failure) 5537M->5537M(5788M) 88.354ms
[37.265s][info][gc,cpu         ] GC(256) User=0.45s Sys=0.05s Real=0.09s
[37.332s][info][gc,start       ] GC(257) Pause Young (Allocation Failure)
[37.430s][info][gc,heap        ] GC(257) PSYoungGen: 152832K(153088K)->105760K(256512K) Eden: 52736K(52736K)->0K(59392K) From: 100096K(100352K)->105760K(197120K)
[37.430s][info][gc,heap        ] GC(257) ParOldGen: 5570588K(5774336K)->5618116K(5774336K)
[37.430s][info][gc,metaspace   ] GC(257) Metaspace: 6300K(6464K)->6300K(6464K) NonClass: 5767K(5824K)->5767K(5824K) Class: 533K(640K)->533K(640K)
[37.430s][info][gc             ] GC(257) Pause Young (Allocation Failure) 5589M->5589M(5889M) 98.317ms
[37.430s][info][gc,cpu         ] GC(257) User=0.55s Sys=0.05s Real=0.10s
[38.553s][info][gc,start       ] GC(258) Pause Young (Allocation Failure)
[38.789s][info][gc,heap        ] GC(258) PSYoungGen: 165152K(256512K)->112448K(172032K) Eden: 59392K(59392K)->0K(59392K) From: 105760K(197120K)->112448K(112640K)
[38.789s][info][gc,heap        ] GC(258) ParOldGen: 5880260K(6036992K)->5933476K(6036992K)
[38.789s][info][gc,metaspace   ] GC(258) Metaspace: 6300K(6464K)->6300K(6464K) NonClass: 5767K(5824K)->5767K(5824K) Class: 533K(640K)->533K(640K)
[38.789s][info][gc             ] GC(258) Pause Young (Allocation Failure) 5903M->5904M(6063M) 235.400ms
[38.789s][info][gc,cpu         ] GC(258) User=1.23s Sys=0.03s Real=0.23s
[38.789s][info][gc,start       ] GC(259) Pause Full (Ergonomics)
[38.789s][info][gc,phases,start] GC(259) Marking Phase
[40.114s][info][gc,phases      ] GC(259) Marking Phase 1324.999ms
[40.114s][info][gc,phases,start] GC(259) Summary Phase
[40.114s][info][gc,phases      ] GC(259) Summary Phase 0.200ms
[40.114s][info][gc,phases,start] GC(259) Adjust Roots
[40.114s][info][gc,phases      ] GC(259) Adjust Roots 0.279ms
[40.114s][info][gc,phases,start] GC(259) Compaction Phase
[41.068s][info][gc,phases      ] GC(259) Compaction Phase 953.962ms
[41.068s][info][gc,phases,start] GC(259) Post Compact
[41.078s][info][gc,phases      ] GC(259) Post Compact 9.936ms
[41.080s][info][gc,heap        ] GC(259) PSYoungGen: 112448K(172032K)->0K(265728K) Eden: 0K(59392K)->0K(65536K) From: 112448K(112640K)->0K(200192K)
[41.080s][info][gc,heap        ] GC(259) ParOldGen: 5933476K(6036992K)->5910475K(6484992K)
[41.080s][info][gc,metaspace   ] GC(259) Metaspace: 6300K(6464K)->6300K(6464K) NonClass: 5767K(5824K)->5767K(5824K) Class: 533K(640K)->533K(640K)
[41.080s][info][gc             ] GC(259) Pause Full (Ergonomics) 5904M->5771M(6592M) 2291.297ms
[41.080s][info][gc,cpu         ] GC(259) User=15.45s Sys=0.08s Real=2.29s
[41.148s][info][gc,start       ] GC(260) Pause Young (Allocation Failure)
[41.222s][info][gc,heap        ] GC(260) PSYoungGen: 65536K(265728K)->65728K(265728K) Eden: 65536K(65536K)->0K(65536K) From: 0K(200192K)->65728K(200192K)
[41.222s][info][gc,heap        ] GC(260) ParOldGen: 5910475K(6484992K)->5910475K(6484992K)
[41.222s][info][gc,metaspace   ] GC(260) Metaspace: 6300K(6464K)->6300K(6464K) NonClass: 5767K(5824K)->5767K(5824K) Class: 533K(640K)->533K(640K)
[41.222s][info][gc             ] GC(260) Pause Young (Allocation Failure) 5835M->5836M(6592M) 74.365ms
[41.222s][info][gc,cpu         ] GC(260) User=0.22s Sys=0.00s Real=0.07s
[41.298s][info][gc,start       ] GC(261) Pause Young (Allocation Failure)
[41.407s][info][gc,heap        ] GC(261) PSYoungGen: 131264K(265728K)->131424K(268288K) Eden: 65536K(65536K)->0K(70144K) From: 65728K(200192K)->131424K(198144K)
[41.407s][info][gc,heap        ] GC(261) ParOldGen: 5910475K(6484992K)->5910475K(6484992K)
[41.407s][info][gc,metaspace   ] GC(261) Metaspace: 6300K(6464K)->6300K(6464K) NonClass: 5767K(5824K)->5767K(5824K) Class: 533K(640K)->533K(640K)
[41.407s][info][gc             ] GC(261) Pause Young (Allocation Failure) 5900M->5900M(6595M) 109.537ms
[41.407s][info][gc,cpu         ] GC(261) User=0.31s Sys=0.00s Real=0.11s
[41.482s][info][gc,start       ] GC(262) Pause Young (Allocation Failure)
[41.605s][info][gc,heap        ] GC(262) PSYoungGen: 201568K(268288K)->199168K(269312K) Eden: 70144K(70144K)->0K(70144K) From: 131424K(198144K)->199168K(199168K)
[41.605s][info][gc,heap        ] GC(262) ParOldGen: 5910475K(6484992K)->5912907K(6484992K)
[41.605s][info][gc,metaspace   ] GC(262) Metaspace: 6300K(6464K)->6300K(6464K) NonClass: 5767K(5824K)->5767K(5824K) Class: 533K(640K)->533K(640K)
[41.605s][info][gc             ] GC(262) Pause Young (Allocation Failure) 5968M->5968M(6596M) 123.385ms
[41.605s][info][gc,cpu         ] GC(262) User=0.50s Sys=0.00s Real=0.12s
[41.679s][info][gc,start       ] GC(263) Pause Young (Allocation Failure)
[41.823s][info][gc,heap        ] GC(263) PSYoungGen: 269312K(269312K)->225280K(256512K) Eden: 70144K(70144K)->0K(31232K) From: 199168K(199168K)->225280K(225280K)
[41.823s][info][gc,heap        ] GC(263) ParOldGen: 5912907K(6484992K)->5957395K(6484992K)
[41.823s][info][gc,metaspace   ] GC(263) Metaspace: 6300K(6464K)->6300K(6464K) NonClass: 5767K(5824K)->5767K(5824K) Class: 533K(640K)->533K(640K)
[41.823s][info][gc             ] GC(263) Pause Young (Allocation Failure) 6037M->6037M(6583M) 143.855ms
[41.823s][info][gc,cpu         ] GC(263) User=0.62s Sys=0.03s Real=0.14s
[41.856s][info][gc,start       ] GC(264) Pause Young (Allocation Failure)
[41.999s][info][gc,heap        ] GC(264) PSYoungGen: 256512K(256512K)->146240K(177664K) Eden: 31232K(31232K)->0K(31232K) From: 225280K(225280K)->146240K(146432K)
[41.999s][info][gc,heap        ] GC(264) ParOldGen: 5957395K(6484992K)->6068579K(6484992K)
[41.999s][info][gc,metaspace   ] GC(264) Metaspace: 6300K(6464K)->6300K(6464K) NonClass: 5767K(5824K)->5767K(5824K) Class: 533K(640K)->533K(640K)
[41.999s][info][gc             ] GC(264) Pause Young (Allocation Failure) 6068M->6069M(6506M) 142.876ms
[41.999s][info][gc,cpu         ] GC(264) User=0.73s Sys=0.09s Real=0.14s
[42.032s][info][gc,start       ] GC(265) Pause Young (Allocation Failure)
[42.159s][info][gc,heap        ] GC(265) PSYoungGen: 177472K(177664K)->62656K(296960K) Eden: 31232K(31232K)->0K(35840K) From: 146240K(146432K)->62656K(261120K)
[42.159s][info][gc,heap        ] GC(265) ParOldGen: 6068579K(6484992K)->6184243K(6484992K)
[42.159s][info][gc,metaspace   ] GC(265) Metaspace: 6300K(6464K)->6300K(6464K) NonClass: 5767K(5824K)->5767K(5824K) Class: 533K(640K)->533K(640K)
[42.159s][info][gc             ] GC(265) Pause Young (Allocation Failure) 6099M->6100M(6623M) 126.896ms
[42.159s][info][gc,cpu         ] GC(265) User=0.39s Sys=0.00s Real=0.13s
[42.199s][info][gc,start       ] GC(266) Pause Young (Allocation Failure)
[42.291s][info][gc,heap        ] GC(266) PSYoungGen: 98496K(296960K)->36032K(297472K) Eden: 35840K(35840K)->0K(35840K) From: 62656K(261120K)->36032K(261632K)
[42.292s][info][gc,heap        ] GC(266) ParOldGen: 6184243K(6484992K)->6247227K(6484992K)
[42.292s][info][gc,metaspace   ] GC(266) Metaspace: 6300K(6464K)->6300K(6464K) NonClass: 5767K(5824K)->5767K(5824K) Class: 533K(640K)->533K(640K)
[42.292s][info][gc             ] GC(266) Pause Young (Allocation Failure) 6135M->6135M(6623M) 92.968ms
[42.292s][info][gc,cpu         ] GC(266) User=0.23s Sys=0.03s Real=0.09s
[42.328s][info][gc,start       ] GC(267) Pause Young (Allocation Failure)
[42.416s][info][gc,heap        ] GC(267) PSYoungGen: 71872K(297472K)->36032K(302080K) Eden: 35840K(35840K)->0K(40960K) From: 36032K(261632K)->36032K(261120K)
[42.416s][info][gc,heap        ] GC(267) ParOldGen: 6247227K(6484992K)->6283379K(6484992K)
[42.416s][info][gc,metaspace   ] GC(267) Metaspace: 6300K(6464K)->6300K(6464K) NonClass: 5767K(5824K)->5767K(5824K) Class: 533K(640K)->533K(640K)
[42.416s][info][gc             ] GC(267) Pause Young (Allocation Failure) 6170M->6171M(6628M) 87.764ms
[42.416s][info][gc,cpu         ] GC(267) User=0.17s Sys=0.02s Real=0.09s
[42.460s][info][gc,start       ] GC(268) Pause Young (Allocation Failure)
[42.547s][info][gc,heap        ] GC(268) PSYoungGen: 76992K(302080K)->41152K(303104K) Eden: 40960K(40960K)->0K(40960K) From: 36032K(261120K)->41152K(262144K)
[42.548s][info][gc,heap        ] GC(268) ParOldGen: 6283379K(6484992K)->6319547K(6484992K)
[42.548s][info][gc,metaspace   ] GC(268) Metaspace: 6300K(6464K)->6300K(6464K) NonClass: 5767K(5824K)->5767K(5824K) Class: 533K(640K)->533K(640K)
[42.548s][info][gc             ] GC(268) Pause Young (Allocation Failure) 6211M->6211M(6629M) 87.471ms
[42.548s][info][gc,cpu         ] GC(268) User=0.19s Sys=0.00s Real=0.09s
[42.593s][info][gc,start       ] GC(269) Pause Young (Allocation Failure)
[42.681s][info][gc,heap        ] GC(269) PSYoungGen: 82112K(303104K)->41120K(293888K) Eden: 40960K(40960K)->0K(46592K) From: 41152K(262144K)->41120K(247296K)
[42.681s][info][gc,heap        ] GC(269) ParOldGen: 6319547K(6484992K)->6360883K(6484992K)
[42.681s][info][gc,metaspace   ] GC(269) Metaspace: 6300K(6464K)->6300K(6464K) NonClass: 5767K(5824K)->5767K(5824K) Class: 533K(640K)->533K(640K)
[42.681s][info][gc             ] GC(269) Pause Young (Allocation Failure) 6251M->6251M(6620M) 88.531ms
[42.681s][info][gc,cpu         ] GC(269) User=0.12s Sys=0.03s Real=0.09s
[42.728s][info][gc,start       ] GC(270) Pause Young (Allocation Failure)
[42.812s][info][gc,heap        ] GC(270) PSYoungGen: 87712K(293888K)->46816K(93696K) Eden: 46592K(46592K)->0K(46592K) From: 41120K(247296K)->46816K(47104K)
[42.812s][info][gc,heap        ] GC(270) ParOldGen: 6360883K(6484992K)->6402203K(6484992K)
[42.812s][info][gc,metaspace   ] GC(270) Metaspace: 6300K(6464K)->6300K(6464K) NonClass: 5767K(5824K)->5767K(5824K) Class: 533K(640K)->533K(640K)
[42.812s][info][gc             ] GC(270) Pause Young (Allocation Failure) 6297M->6297M(6424M) 83.718ms
[42.812s][info][gc,cpu         ] GC(270) User=0.19s Sys=0.02s Real=0.08s
[42.812s][info][gc,start       ] GC(271) Pause Full (Ergonomics)
[42.812s][info][gc,phases,start] GC(271) Marking Phase
[44.304s][info][gc,phases      ] GC(271) Marking Phase 1492.022ms
[44.304s][info][gc,phases,start] GC(271) Summary Phase
[44.304s][info][gc,phases      ] GC(271) Summary Phase 0.155ms
[44.304s][info][gc,phases,start] GC(271) Adjust Roots
[44.305s][info][gc,phases      ] GC(271) Adjust Roots 0.276ms
[44.305s][info][gc,phases,start] GC(271) Compaction Phase
[44.985s][info][gc,phases      ] GC(271) Compaction Phase 680.845ms
[44.985s][info][gc,phases,start] GC(271) Post Compact
[44.995s][info][gc,phases      ] GC(271) Post Compact 9.830ms
[44.996s][info][gc,heap        ] GC(271) PSYoungGen: 46816K(93696K)->0K(299008K) Eden: 0K(46592K)->0K(53248K) From: 46816K(47104K)->0K(245760K)
[44.996s][info][gc,heap        ] GC(271) ParOldGen: 6402203K(6484992K)->6444138K(6553600K)
[44.996s][info][gc,metaspace   ] GC(271) Metaspace: 6300K(6464K)->6300K(6464K) NonClass: 5767K(5824K)->5767K(5824K) Class: 533K(640K)->533K(640K)
[44.996s][info][gc             ] GC(271) Pause Full (Ergonomics) 6297M->6293M(6692M) 2183.667ms
[44.996s][info][gc,cpu         ] GC(271) User=14.92s Sys=0.00s Real=2.18s
[45.056s][info][gc,start       ] GC(272) Pause Young (Allocation Failure)
[45.131s][info][gc,heap        ] GC(272) PSYoungGen: 53248K(299008K)->53472K(107008K) Eden: 53248K(53248K)->0K(53248K) From: 0K(245760K)->53472K(53760K)
[45.131s][info][gc,heap        ] GC(272) ParOldGen: 6444138K(6553600K)->6444138K(6553600K)
[45.131s][info][gc,metaspace   ] GC(272) Metaspace: 6300K(6464K)->6300K(6464K) NonClass: 5767K(5824K)->5767K(5824K) Class: 533K(640K)->533K(640K)
[45.131s][info][gc             ] GC(272) Pause Young (Allocation Failure) 6345M->6345M(6504M) 74.976ms
[45.131s][info][gc,cpu         ] GC(272) User=0.17s Sys=0.00s Real=0.07s
[45.191s][info][gc,start       ] GC(273) Pause Young (Allocation Failure)
[45.295s][info][gc,heap        ] GC(273) PSYoungGen: 106720K(107008K)->53504K(278016K) Eden: 53248K(53248K)->0K(59392K) From: 53472K(53760K)->53504K(218624K)
[45.295s][info][gc,heap        ] GC(273) ParOldGen: 6444138K(6553600K)->6497858K(6553600K)
[45.295s][info][gc,metaspace   ] GC(273) Metaspace: 6300K(6464K)->6300K(6464K) NonClass: 5767K(5824K)->5767K(5824K) Class: 533K(640K)->533K(640K)
[45.295s][info][gc             ] GC(273) Pause Young (Allocation Failure) 6397M->6397M(6671M) 104.085ms
[45.295s][info][gc,cpu         ] GC(273) User=0.28s Sys=0.05s Real=0.10s
[45.295s][info][gc,start       ] GC(274) Pause Full (Ergonomics)
[45.295s][info][gc,phases,start] GC(274) Marking Phase
[46.796s][info][gc,phases      ] GC(274) Marking Phase 1500.202ms
[46.796s][info][gc,phases,start] GC(274) Summary Phase
[46.796s][info][gc,phases      ] GC(274) Summary Phase 0.157ms
[46.796s][info][gc,phases,start] GC(274) Adjust Roots
[46.796s][info][gc,phases      ] GC(274) Adjust Roots 0.280ms
[46.796s][info][gc,phases,start] GC(274) Compaction Phase
[47.320s][info][gc,phases      ] GC(274) Compaction Phase 523.611ms
[47.320s][info][gc,phases,start] GC(274) Post Compact
[47.331s][info][gc,phases      ] GC(274) Post Compact 11.163ms
[47.331s][info][gc,heap        ] GC(274) PSYoungGen: 53504K(278016K)->0K(286720K) Eden: 0K(59392K)->0K(59392K) From: 53504K(218624K)->0K(227328K)
[47.331s][info][gc,heap        ] GC(274) ParOldGen: 6497858K(6553600K)->6550567K(6553600K)
[47.331s][info][gc,metaspace   ] GC(274) Metaspace: 6300K(6464K)->6300K(6464K) NonClass: 5767K(5824K)->5767K(5824K) Class: 533K(640K)->533K(640K)
[47.331s][info][gc             ] GC(274) Pause Full (Ergonomics) 6397M->6397M(6680M) 2035.798ms
[47.331s][info][gc,cpu         ] GC(274) User=14.75s Sys=0.05s Real=2.03s
[47.392s][info][gc,start       ] GC(275) Pause Full (Ergonomics)
[47.392s][info][gc,phases,start] GC(275) Marking Phase
[48.911s][info][gc,phases      ] GC(275) Marking Phase 1518.529ms
[48.911s][info][gc,phases,start] GC(275) Summary Phase
[48.911s][info][gc,phases      ] GC(275) Summary Phase 0.118ms
[48.911s][info][gc,phases,start] GC(275) Adjust Roots
[48.911s][info][gc,phases      ] GC(275) Adjust Roots 0.299ms
[48.911s][info][gc,phases,start] GC(275) Compaction Phase
[49.473s][info][gc,phases      ] GC(275) Compaction Phase 561.389ms
[49.473s][info][gc,phases,start] GC(275) Post Compact
[49.482s][info][gc,phases      ] GC(275) Post Compact 9.806ms
[49.483s][info][gc,heap        ] GC(275) PSYoungGen: 59392K(286720K)->56797K(286720K) Eden: 59392K(59392K)->56797K(59392K) From: 0K(227328K)->0K(227328K)
[49.483s][info][gc,heap        ] GC(275) ParOldGen: 6550567K(6553600K)->6553126K(6553600K)
[49.483s][info][gc,metaspace   ] GC(275) Metaspace: 6300K(6464K)->6300K(6464K) NonClass: 5767K(5824K)->5767K(5824K) Class: 533K(640K)->533K(640K)
[49.483s][info][gc             ] GC(275) Pause Full (Ergonomics) 6455M->6455M(6680M) 2090.530ms
[49.483s][info][gc,cpu         ] GC(275) User=14.58s Sys=0.02s Real=2.09s
[49.486s][info][gc,start       ] GC(276) Pause Full (Ergonomics)
[49.486s][info][gc,phases,start] GC(276) Marking Phase
[51.020s][info][gc,phases      ] GC(276) Marking Phase 1534.357ms
[51.020s][info][gc,phases,start] GC(276) Summary Phase
[51.020s][info][gc,phases      ] GC(276) Summary Phase 0.089ms
[51.020s][info][gc,phases,start] GC(276) Adjust Roots
[51.021s][info][gc,phases      ] GC(276) Adjust Roots 0.263ms
[51.021s][info][gc,phases,start] GC(276) Compaction Phase
[51.566s][info][gc,phases      ] GC(276) Compaction Phase 545.242ms
[51.566s][info][gc,phases,start] GC(276) Post Compact
[51.577s][info][gc,phases      ] GC(276) Post Compact 10.967ms
[51.577s][info][gc,heap        ] GC(276) PSYoungGen: 59392K(286720K)->59390K(286720K) Eden: 59392K(59392K)->59390K(59392K) From: 0K(227328K)->0K(227328K)
[51.577s][info][gc,heap        ] GC(276) ParOldGen: 6553126K(6553600K)->6553126K(6553600K)
[51.577s][info][gc,metaspace   ] GC(276) Metaspace: 6300K(6464K)->6300K(6464K) NonClass: 5767K(5824K)->5767K(5824K) Class: 533K(640K)->533K(640K)
[51.577s][info][gc             ] GC(276) Pause Full (Ergonomics) 6457M->6457M(6680M) 2091.271ms
[51.577s][info][gc,cpu         ] GC(276) User=14.52s Sys=0.00s Real=2.09s
[51.577s][info][gc,start       ] GC(277) Pause Full (Ergonomics)
[51.577s][info][gc,phases,start] GC(277) Marking Phase
[53.084s][info][gc,phases      ] GC(277) Marking Phase 1506.741ms
[53.084s][info][gc,phases,start] GC(277) Summary Phase
[53.084s][info][gc,phases      ] GC(277) Summary Phase 0.069ms
[53.084s][info][gc,phases,start] GC(277) Adjust Roots
[53.084s][info][gc,phases      ] GC(277) Adjust Roots 0.189ms
[53.084s][info][gc,phases,start] GC(277) Compaction Phase
[53.619s][info][gc,phases      ] GC(277) Compaction Phase 534.885ms
[53.619s][info][gc,phases,start] GC(277) Post Compact
[53.630s][info][gc,phases      ] GC(277) Post Compact 10.346ms
[53.630s][info][gc,heap        ] GC(277) PSYoungGen: 59392K(286720K)->59392K(286720K) Eden: 59392K(59392K)->59392K(59392K) From: 0K(227328K)->0K(227328K)
[53.630s][info][gc,heap        ] GC(277) ParOldGen: 6553126K(6553600K)->6553126K(6553600K)
[53.630s][info][gc,metaspace   ] GC(277) Metaspace: 6300K(6464K)->6300K(6464K) NonClass: 5767K(5824K)->5767K(5824K) Class: 533K(640K)->533K(640K)
[53.630s][info][gc             ] GC(277) Pause Full (Ergonomics) 6457M->6457M(6680M) 2052.540ms
[53.630s][info][gc,cpu         ] GC(277) User=14.66s Sys=0.00s Real=2.05s
[53.630s][info][gc,start       ] GC(278) Pause Full (Ergonomics)
[53.630s][info][gc,phases,start] GC(278) Marking Phase
[55.144s][info][gc,phases      ] GC(278) Marking Phase 1514.269ms
[55.144s][info][gc,phases,start] GC(278) Summary Phase
[55.145s][info][gc,phases      ] GC(278) Summary Phase 0.069ms
[55.145s][info][gc,phases,start] GC(278) Adjust Roots
[55.145s][info][gc,phases      ] GC(278) Adjust Roots 0.191ms
[55.145s][info][gc,phases,start] GC(278) Compaction Phase
[55.679s][info][gc,phases      ] GC(278) Compaction Phase 533.826ms
[55.679s][info][gc,phases,start] GC(278) Post Compact
[55.689s][info][gc,phases      ] GC(278) Post Compact 10.204ms
[55.689s][info][gc,heap        ] GC(278) PSYoungGen: 59392K(286720K)->59392K(286720K) Eden: 59392K(59392K)->59392K(59392K) From: 0K(227328K)->0K(227328K)
[55.689s][info][gc,heap        ] GC(278) ParOldGen: 6553131K(6553600K)->6553131K(6553600K)
[55.689s][info][gc,metaspace   ] GC(278) Metaspace: 6300K(6464K)->6300K(6464K) NonClass: 5767K(5824K)->5767K(5824K) Class: 533K(640K)->533K(640K)
[55.689s][info][gc             ] GC(278) Pause Full (Ergonomics) 6457M->6457M(6680M) 2058.863ms
[55.689s][info][gc,cpu         ] GC(278) User=14.77s Sys=0.02s Real=2.06s
[55.689s][info][gc,start       ] GC(279) Pause Full (Ergonomics)
[55.689s][info][gc,phases,start] GC(279) Marking Phase
[57.206s][info][gc,phases      ] GC(279) Marking Phase 1516.477ms
[57.206s][info][gc,phases,start] GC(279) Summary Phase
[57.206s][info][gc,phases      ] GC(279) Summary Phase 0.081ms
[57.206s][info][gc,phases,start] GC(279) Adjust Roots
[57.206s][info][gc,phases      ] GC(279) Adjust Roots 0.206ms
[57.206s][info][gc,phases,start] GC(279) Compaction Phase
[57.771s][info][gc,phases      ] GC(279) Compaction Phase 564.524ms
[57.771s][info][gc,phases,start] GC(279) Post Compact
[57.781s][info][gc,phases      ] GC(279) Post Compact 10.631ms
[57.781s][info][gc,heap        ] GC(279) PSYoungGen: 59392K(286720K)->59392K(286720K) Eden: 59392K(59392K)->59392K(59392K) From: 0K(227328K)->0K(227328K)
[57.781s][info][gc,heap        ] GC(279) ParOldGen: 6553135K(6553600K)->6553135K(6553600K)
[57.781s][info][gc,metaspace   ] GC(279) Metaspace: 6300K(6464K)->6300K(6464K) NonClass: 5767K(5824K)->5767K(5824K) Class: 533K(640K)->533K(640K)
[57.781s][info][gc             ] GC(279) Pause Full (Ergonomics) 6457M->6457M(6680M) 2092.289ms
[57.781s][info][gc,cpu         ] GC(279) User=15.03s Sys=0.00s Real=2.09s
[57.782s][info][gc,start       ] GC(280) Pause Full (Ergonomics)
[57.782s][info][gc,phases,start] GC(280) Marking Phase
[59.276s][info][gc,phases      ] GC(280) Marking Phase 1494.441ms
[59.276s][info][gc,phases,start] GC(280) Summary Phase
[59.276s][info][gc,phases      ] GC(280) Summary Phase 0.083ms
[59.276s][info][gc,phases,start] GC(280) Adjust Roots
[59.277s][info][gc,phases      ] GC(280) Adjust Roots 0.231ms
[59.277s][info][gc,phases,start] GC(280) Compaction Phase
[59.828s][info][gc,phases      ] GC(280) Compaction Phase 551.533ms
[59.828s][info][gc,phases,start] GC(280) Post Compact
[59.838s][info][gc,phases      ] GC(280) Post Compact 10.035ms
[59.838s][info][gc,heap        ] GC(280) PSYoungGen: 59392K(286720K)->59392K(286720K) Eden: 59392K(59392K)->59392K(59392K) From: 0K(227328K)->0K(227328K)
[59.838s][info][gc,heap        ] GC(280) ParOldGen: 6553140K(6553600K)->6553140K(6553600K)
[59.838s][info][gc,metaspace   ] GC(280) Metaspace: 6300K(6464K)->6300K(6464K) NonClass: 5767K(5824K)->5767K(5824K) Class: 533K(640K)->533K(640K)
[59.838s][info][gc             ] GC(280) Pause Full (Ergonomics) 6457M->6457M(6680M) 2056.664ms
[59.838s][info][gc,cpu         ] GC(280) User=14.67s Sys=0.00s Real=2.06s
[59.838s][info][gc,start       ] GC(281) Pause Full (Ergonomics)
[59.839s][info][gc,phases,start] GC(281) Marking Phase
[61.359s][info][gc,phases      ] GC(281) Marking Phase 1520.491ms
[61.359s][info][gc,phases,start] GC(281) Summary Phase
[61.359s][info][gc,phases      ] GC(281) Summary Phase 0.072ms
[61.359s][info][gc,phases,start] GC(281) Adjust Roots
[61.359s][info][gc,phases      ] GC(281) Adjust Roots 0.181ms
[61.359s][info][gc,phases,start] GC(281) Compaction Phase
[61.903s][info][gc,phases      ] GC(281) Compaction Phase 543.749ms
[61.903s][info][gc,phases,start] GC(281) Post Compact
[61.914s][info][gc,phases      ] GC(281) Post Compact 10.808ms
[61.914s][info][gc,heap        ] GC(281) PSYoungGen: 59392K(286720K)->59392K(286720K) Eden: 59392K(59392K)->59392K(59392K) From: 0K(227328K)->0K(227328K)
[61.914s][info][gc,heap        ] GC(281) ParOldGen: 6553145K(6553600K)->6553145K(6553600K)
[61.914s][info][gc,metaspace   ] GC(281) Metaspace: 6300K(6464K)->6300K(6464K) NonClass: 5767K(5824K)->5767K(5824K) Class: 533K(640K)->533K(640K)
[61.914s][info][gc             ] GC(281) Pause Full (Ergonomics) 6457M->6457M(6680M) 2075.672ms
[61.914s][info][gc,cpu         ] GC(281) User=14.98s Sys=0.00s Real=2.08s
[61.914s][info][gc,start       ] GC(282) Pause Full (Ergonomics)
[61.914s][info][gc,phases,start] GC(282) Marking Phase
[63.488s][info][gc,phases      ] GC(282) Marking Phase 1573.447ms
[63.488s][info][gc,phases,start] GC(282) Summary Phase
[63.488s][info][gc,phases      ] GC(282) Summary Phase 0.146ms
[63.488s][info][gc,phases,start] GC(282) Adjust Roots
[63.489s][info][gc,phases      ] GC(282) Adjust Roots 0.412ms
[63.489s][info][gc,phases,start] GC(282) Compaction Phase
[64.076s][info][gc,phases      ] GC(282) Compaction Phase 587.220ms
[64.076s][info][gc,phases,start] GC(282) Post Compact
[64.086s][info][gc,phases      ] GC(282) Post Compact 10.336ms
[64.086s][info][gc,heap        ] GC(282) PSYoungGen: 59392K(286720K)->59392K(286720K) Eden: 59392K(59392K)->59392K(59392K) From: 0K(227328K)->0K(227328K)
[64.086s][info][gc,heap        ] GC(282) ParOldGen: 6553150K(6553600K)->6553150K(6553600K)
[64.086s][info][gc,metaspace   ] GC(282) Metaspace: 6300K(6464K)->6300K(6464K) NonClass: 5767K(5824K)->5767K(5824K) Class: 533K(640K)->533K(640K)
[64.086s][info][gc             ] GC(282) Pause Full (Ergonomics) 6457M->6457M(6680M) 2172.009ms
[64.086s][info][gc,cpu         ] GC(282) User=15.09s Sys=0.02s Real=2.17s
[64.087s][info][gc,start       ] GC(283) Pause Full (Ergonomics)
[64.087s][info][gc,phases,start] GC(283) Marking Phase
[65.612s][info][gc,phases      ] GC(283) Marking Phase 1525.124ms
[65.612s][info][gc,phases,start] GC(283) Summary Phase
[65.612s][info][gc,phases      ] GC(283) Summary Phase 0.074ms
[65.612s][info][gc,phases,start] GC(283) Adjust Roots
[65.612s][info][gc,phases      ] GC(283) Adjust Roots 0.262ms
[65.612s][info][gc,phases,start] GC(283) Compaction Phase
[66.154s][info][gc,phases      ] GC(283) Compaction Phase 541.290ms
[66.154s][info][gc,phases,start] GC(283) Post Compact
[66.163s][info][gc,phases      ] GC(283) Post Compact 9.602ms
[66.163s][info][gc,heap        ] GC(283) PSYoungGen: 59392K(286720K)->59392K(286720K) Eden: 59392K(59392K)->59392K(59392K) From: 0K(227328K)->0K(227328K)
[66.163s][info][gc,heap        ] GC(283) ParOldGen: 6553155K(6553600K)->6553155K(6553600K)
[66.163s][info][gc,metaspace   ] GC(283) Metaspace: 6300K(6464K)->6300K(6464K) NonClass: 5767K(5824K)->5767K(5824K) Class: 533K(640K)->533K(640K)
[66.163s][info][gc             ] GC(283) Pause Full (Ergonomics) 6457M->6457M(6680M) 2076.647ms
[66.163s][info][gc,cpu         ] GC(283) User=15.20s Sys=0.02s Real=2.08s
[66.163s][info][gc,start       ] GC(284) Pause Full (Ergonomics)
[66.163s][info][gc,phases,start] GC(284) Marking Phase
[67.650s][info][gc,phases      ] GC(284) Marking Phase 1486.841ms
[67.650s][info][gc,phases,start] GC(284) Summary Phase
[67.650s][info][gc,phases      ] GC(284) Summary Phase 0.066ms
[67.650s][info][gc,phases,start] GC(284) Adjust Roots
[67.651s][info][gc,phases      ] GC(284) Adjust Roots 0.159ms
[67.651s][info][gc,phases,start] GC(284) Compaction Phase
[68.222s][info][gc,phases      ] GC(284) Compaction Phase 571.576ms
[68.222s][info][gc,phases,start] GC(284) Post Compact
[68.232s][info][gc,phases      ] GC(284) Post Compact 9.618ms
[68.232s][info][gc,heap        ] GC(284) PSYoungGen: 59392K(286720K)->59392K(286720K) Eden: 59392K(59392K)->59392K(59392K) From: 0K(227328K)->0K(227328K)
[68.232s][info][gc,heap        ] GC(284) ParOldGen: 6553160K(6553600K)->6553160K(6553600K)
[68.232s][info][gc,metaspace   ] GC(284) Metaspace: 6300K(6464K)->6300K(6464K) NonClass: 5767K(5824K)->5767K(5824K) Class: 533K(640K)->533K(640K)
[68.232s][info][gc             ] GC(284) Pause Full (Ergonomics) 6457M->6457M(6680M) 2068.565ms
[68.232s][info][gc,cpu         ] GC(284) User=14.98s Sys=0.00s Real=2.07s
[68.232s][info][gc,start       ] GC(285) Pause Full (Ergonomics)
[68.232s][info][gc,phases,start] GC(285) Marking Phase
[69.722s][info][gc,phases      ] GC(285) Marking Phase 1490.011ms
[69.722s][info][gc,phases,start] GC(285) Summary Phase
[69.722s][info][gc,phases      ] GC(285) Summary Phase 0.066ms
[69.722s][info][gc,phases,start] GC(285) Adjust Roots
[69.723s][info][gc,phases      ] GC(285) Adjust Roots 0.171ms
[69.723s][info][gc,phases,start] GC(285) Compaction Phase
[70.273s][info][gc,phases      ] GC(285) Compaction Phase 550.524ms
[70.273s][info][gc,phases,start] GC(285) Post Compact
[70.283s][info][gc,phases      ] GC(285) Post Compact 9.736ms
[70.283s][info][gc,heap        ] GC(285) PSYoungGen: 59392K(286720K)->59392K(286720K) Eden: 59392K(59392K)->59392K(59392K) From: 0K(227328K)->0K(227328K)
[70.283s][info][gc,heap        ] GC(285) ParOldGen: 6553164K(6553600K)->6553164K(6553600K)
[70.283s][info][gc,metaspace   ] GC(285) Metaspace: 6300K(6464K)->6300K(6464K) NonClass: 5767K(5824K)->5767K(5824K) Class: 533K(640K)->533K(640K)
[70.283s][info][gc             ] GC(285) Pause Full (Ergonomics) 6457M->6457M(6680M) 2050.806ms
[70.283s][info][gc,cpu         ] GC(285) User=14.91s Sys=0.03s Real=2.05s
[70.283s][info][gc,start       ] GC(286) Pause Full (Ergonomics)
[70.283s][info][gc,phases,start] GC(286) Marking Phase
[71.788s][info][gc,phases      ] GC(286) Marking Phase 1504.572ms
[71.788s][info][gc,phases,start] GC(286) Summary Phase
[71.788s][info][gc,phases      ] GC(286) Summary Phase 0.074ms
[71.788s][info][gc,phases,start] GC(286) Adjust Roots
[71.788s][info][gc,phases      ] GC(286) Adjust Roots 0.273ms
[71.788s][info][gc,phases,start] GC(286) Compaction Phase
[72.359s][info][gc,phases      ] GC(286) Compaction Phase 570.775ms
[72.359s][info][gc,phases,start] GC(286) Post Compact
[72.369s][info][gc,phases      ] GC(286) Post Compact 9.823ms
[72.369s][info][gc,heap        ] GC(286) PSYoungGen: 59392K(286720K)->59392K(286720K) Eden: 59392K(59392K)->59392K(59392K) From: 0K(227328K)->0K(227328K)
[72.369s][info][gc,heap        ] GC(286) ParOldGen: 6553169K(6553600K)->6553169K(6553600K)
[72.369s][info][gc,metaspace   ] GC(286) Metaspace: 6300K(6464K)->6300K(6464K) NonClass: 5767K(5824K)->5767K(5824K) Class: 533K(640K)->533K(640K)
[72.369s][info][gc             ] GC(286) Pause Full (Ergonomics) 6457M->6457M(6680M) 2085.816ms
[72.369s][info][gc,cpu         ] GC(286) User=14.92s Sys=0.02s Real=2.09s
[72.369s][info][gc,start       ] GC(287) Pause Full (Ergonomics)
[72.369s][info][gc,phases,start] GC(287) Marking Phase
[73.846s][info][gc,phases      ] GC(287) Marking Phase 1476.737ms
[73.846s][info][gc,phases,start] GC(287) Summary Phase
[73.846s][info][gc,phases      ] GC(287) Summary Phase 0.068ms
[73.846s][info][gc,phases,start] GC(287) Adjust Roots
[73.846s][info][gc,phases      ] GC(287) Adjust Roots 0.179ms
[73.846s][info][gc,phases,start] GC(287) Compaction Phase
[74.393s][info][gc,phases      ] GC(287) Compaction Phase 546.705ms
[74.393s][info][gc,phases,start] GC(287) Post Compact
[74.403s][info][gc,phases      ] GC(287) Post Compact 9.690ms
[74.403s][info][gc,heap        ] GC(287) PSYoungGen: 59392K(286720K)->59392K(286720K) Eden: 59392K(59392K)->59392K(59392K) From: 0K(227328K)->0K(227328K)
[74.403s][info][gc,heap        ] GC(287) ParOldGen: 6553174K(6553600K)->6553174K(6553600K)
[74.403s][info][gc,metaspace   ] GC(287) Metaspace: 6300K(6464K)->6300K(6464K) NonClass: 5767K(5824K)->5767K(5824K) Class: 533K(640K)->533K(640K)
[74.403s][info][gc             ] GC(287) Pause Full (Ergonomics) 6457M->6457M(6680M) 2033.664ms
[74.403s][info][gc,cpu         ] GC(287) User=15.00s Sys=0.00s Real=2.03s
[74.403s][info][gc,start       ] GC(288) Pause Full (Ergonomics)
[74.403s][info][gc,phases,start] GC(288) Marking Phase
[75.898s][info][gc,phases      ] GC(288) Marking Phase 1495.355ms
[75.898s][info][gc,phases,start] GC(288) Summary Phase
[75.899s][info][gc,phases      ] GC(288) Summary Phase 0.066ms
[75.899s][info][gc,phases,start] GC(288) Adjust Roots
[75.899s][info][gc,phases      ] GC(288) Adjust Roots 0.161ms
[75.899s][info][gc,phases,start] GC(288) Compaction Phase
[76.465s][info][gc,phases      ] GC(288) Compaction Phase 566.512ms
[76.465s][info][gc,phases,start] GC(288) Post Compact
[76.475s][info][gc,phases      ] GC(288) Post Compact 9.612ms
[76.475s][info][gc,heap        ] GC(288) PSYoungGen: 59392K(286720K)->59392K(286720K) Eden: 59392K(59392K)->59392K(59392K) From: 0K(227328K)->0K(227328K)
[76.475s][info][gc,heap        ] GC(288) ParOldGen: 6553179K(6553600K)->6553179K(6553600K)
[76.475s][info][gc,metaspace   ] GC(288) Metaspace: 6300K(6464K)->6300K(6464K) NonClass: 5767K(5824K)->5767K(5824K) Class: 533K(640K)->533K(640K)
[76.475s][info][gc             ] GC(288) Pause Full (Ergonomics) 6457M->6457M(6680M) 2071.974ms
[76.475s][info][gc,cpu         ] GC(288) User=15.03s Sys=0.00s Real=2.07s
[76.475s][info][gc,start       ] GC(289) Pause Full (Ergonomics)
[76.475s][info][gc,phases,start] GC(289) Marking Phase
[78.012s][info][gc,phases      ] GC(289) Marking Phase 1537.085ms
[78.012s][info][gc,phases,start] GC(289) Summary Phase
[78.012s][info][gc,phases      ] GC(289) Summary Phase 0.077ms
[78.012s][info][gc,phases,start] GC(289) Adjust Roots
[78.013s][info][gc,phases      ] GC(289) Adjust Roots 0.199ms
[78.013s][info][gc,phases,start] GC(289) Compaction Phase
[78.570s][info][gc,phases      ] GC(289) Compaction Phase 557.016ms
[78.570s][info][gc,phases,start] GC(289) Post Compact
[78.580s][info][gc,phases      ] GC(289) Post Compact 10.526ms
[78.580s][info][gc,heap        ] GC(289) PSYoungGen: 59392K(286720K)->59392K(286720K) Eden: 59392K(59392K)->59392K(59392K) From: 0K(227328K)->0K(227328K)
[78.580s][info][gc,heap        ] GC(289) ParOldGen: 6553184K(6553600K)->6553184K(6553600K)
[78.580s][info][gc,metaspace   ] GC(289) Metaspace: 6300K(6464K)->6300K(6464K) NonClass: 5767K(5824K)->5767K(5824K) Class: 533K(640K)->533K(640K)
[78.580s][info][gc             ] GC(289) Pause Full (Ergonomics) 6457M->6457M(6680M) 2105.258ms
[78.580s][info][gc,cpu         ] GC(289) User=14.92s Sys=0.00s Real=2.11s
[78.581s][info][gc,start       ] GC(290) Pause Full (Ergonomics)
[78.581s][info][gc,phases,start] GC(290) Marking Phase
[80.088s][info][gc,phases      ] GC(290) Marking Phase 1507.000ms
[80.088s][info][gc,phases,start] GC(290) Summary Phase
[80.088s][info][gc,phases      ] GC(290) Summary Phase 0.093ms
[80.088s][info][gc,phases,start] GC(290) Adjust Roots
[80.088s][info][gc,phases      ] GC(290) Adjust Roots 0.167ms
[80.088s][info][gc,phases,start] GC(290) Compaction Phase
[80.626s][info][gc,phases      ] GC(290) Compaction Phase 538.139ms
[80.626s][info][gc,phases,start] GC(290) Post Compact
[80.636s][info][gc,phases      ] GC(290) Post Compact 9.644ms
[80.636s][info][gc,heap        ] GC(290) PSYoungGen: 59392K(286720K)->59392K(286720K) Eden: 59392K(59392K)->59392K(59392K) From: 0K(227328K)->0K(227328K)
[80.636s][info][gc,heap        ] GC(290) ParOldGen: 6553189K(6553600K)->6553189K(6553600K)
[80.636s][info][gc,metaspace   ] GC(290) Metaspace: 6300K(6464K)->6300K(6464K) NonClass: 5767K(5824K)->5767K(5824K) Class: 533K(640K)->533K(640K)
[80.636s][info][gc             ] GC(290) Pause Full (Ergonomics) 6457M->6457M(6680M) 2055.324ms
[80.636s][info][gc,cpu         ] GC(290) User=15.00s Sys=0.00s Real=2.06s
[80.636s][info][gc,start       ] GC(291) Pause Full (Ergonomics)
[80.636s][info][gc,phases,start] GC(291) Marking Phase
[82.131s][info][gc,phases      ] GC(291) Marking Phase 1495.309ms
[82.132s][info][gc,phases,start] GC(291) Summary Phase
[82.132s][info][gc,phases      ] GC(291) Summary Phase 0.066ms
[82.132s][info][gc,phases,start] GC(291) Adjust Roots
[82.132s][info][gc,phases      ] GC(291) Adjust Roots 0.178ms
[82.132s][info][gc,phases,start] GC(291) Compaction Phase
[82.707s][info][gc,phases      ] GC(291) Compaction Phase 574.831ms
[82.707s][info][gc,phases,start] GC(291) Post Compact
[82.716s][info][gc,phases      ] GC(291) Post Compact 9.749ms
[82.717s][info][gc,heap        ] GC(291) PSYoungGen: 59392K(286720K)->59392K(286720K) Eden: 59392K(59392K)->59392K(59392K) From: 0K(227328K)->0K(227328K)
[82.717s][info][gc,heap        ] GC(291) ParOldGen: 6553193K(6553600K)->6553193K(6553600K)
[82.717s][info][gc,metaspace   ] GC(291) Metaspace: 6300K(6464K)->6300K(6464K) NonClass: 5767K(5824K)->5767K(5824K) Class: 533K(640K)->533K(640K)
[82.717s][info][gc             ] GC(291) Pause Full (Ergonomics) 6457M->6457M(6680M) 2080.422ms
[82.717s][info][gc,cpu         ] GC(291) User=15.09s Sys=0.00s Real=2.08s
[82.717s][info][gc,start       ] GC(292) Pause Full (Ergonomics)
[82.717s][info][gc,phases,start] GC(292) Marking Phase
[84.226s][info][gc,phases      ] GC(292) Marking Phase 1509.481ms
[84.226s][info][gc,phases,start] GC(292) Summary Phase
[84.226s][info][gc,phases      ] GC(292) Summary Phase 0.066ms
[84.226s][info][gc,phases,start] GC(292) Adjust Roots
[84.227s][info][gc,phases      ] GC(292) Adjust Roots 0.164ms
[84.227s][info][gc,phases,start] GC(292) Compaction Phase
[84.761s][info][gc,phases      ] GC(292) Compaction Phase 534.887ms
[84.762s][info][gc,phases,start] GC(292) Post Compact
[84.771s][info][gc,phases      ] GC(292) Post Compact 9.658ms
[84.771s][info][gc,heap        ] GC(292) PSYoungGen: 59392K(286720K)->59392K(286720K) Eden: 59392K(59392K)->59392K(59392K) From: 0K(227328K)->0K(227328K)
[84.771s][info][gc,heap        ] GC(292) ParOldGen: 6553198K(6553600K)->6553198K(6553600K)
[84.771s][info][gc,metaspace   ] GC(292) Metaspace: 6300K(6464K)->6300K(6464K) NonClass: 5767K(5824K)->5767K(5824K) Class: 533K(640K)->533K(640K)
[84.771s][info][gc             ] GC(292) Pause Full (Ergonomics) 6457M->6457M(6680M) 2054.535ms
[84.771s][info][gc,cpu         ] GC(292) User=15.06s Sys=0.00s Real=2.05s
[84.771s][info][gc,start       ] GC(293) Pause Full (Ergonomics)
[84.771s][info][gc,phases,start] GC(293) Marking Phase
[86.243s][info][gc,phases      ] GC(293) Marking Phase 1471.952ms
[86.243s][info][gc,phases,start] GC(293) Summary Phase
[86.244s][info][gc,phases      ] GC(293) Summary Phase 0.073ms
[86.244s][info][gc,phases,start] GC(293) Adjust Roots
[86.244s][info][gc,phases      ] GC(293) Adjust Roots 0.169ms
[86.244s][info][gc,phases,start] GC(293) Compaction Phase
[86.801s][info][gc,phases      ] GC(293) Compaction Phase 557.196ms
[86.801s][info][gc,phases,start] GC(293) Post Compact
[86.810s][info][gc,phases      ] GC(293) Post Compact 9.487ms
[86.811s][info][gc,heap        ] GC(293) PSYoungGen: 59392K(286720K)->59392K(286720K) Eden: 59392K(59392K)->59392K(59392K) From: 0K(227328K)->0K(227328K)
[86.811s][info][gc,heap        ] GC(293) ParOldGen: 6553203K(6553600K)->6553203K(6553600K)
[86.811s][info][gc,metaspace   ] GC(293) Metaspace: 6300K(6464K)->6300K(6464K) NonClass: 5767K(5824K)->5767K(5824K) Class: 533K(640K)->533K(640K)
[86.811s][info][gc             ] GC(293) Pause Full (Ergonomics) 6457M->6457M(6680M) 2039.145ms
[86.811s][info][gc,cpu         ] GC(293) User=14.77s Sys=0.00s Real=2.04s
[86.811s][info][gc,start       ] GC(294) Pause Full (Ergonomics)
[86.811s][info][gc,phases,start] GC(294) Marking Phase
[88.333s][info][gc,phases      ] GC(294) Marking Phase 1522.196ms
[88.333s][info][gc,phases,start] GC(294) Summary Phase
[88.333s][info][gc,phases      ] GC(294) Summary Phase 0.071ms
[88.333s][info][gc,phases,start] GC(294) Adjust Roots
[88.333s][info][gc,phases      ] GC(294) Adjust Roots 0.211ms
[88.333s][info][gc,phases,start] GC(294) Compaction Phase
[88.907s][info][gc,phases      ] GC(294) Compaction Phase 573.632ms
[88.907s][info][gc,phases,start] GC(294) Post Compact
[88.917s][info][gc,phases      ] GC(294) Post Compact 9.796ms
[88.917s][info][gc,heap        ] GC(294) PSYoungGen: 59392K(286720K)->59392K(286720K) Eden: 59392K(59392K)->59392K(59392K) From: 0K(227328K)->0K(227328K)
[88.917s][info][gc,heap        ] GC(294) ParOldGen: 6553208K(6553600K)->6553208K(6553600K)
[88.917s][info][gc,metaspace   ] GC(294) Metaspace: 6300K(6464K)->6300K(6464K) NonClass: 5767K(5824K)->5767K(5824K) Class: 533K(640K)->533K(640K)
[88.917s][info][gc             ] GC(294) Pause Full (Ergonomics) 6457M->6457M(6680M) 2106.233ms
[88.917s][info][gc,cpu         ] GC(294) User=15.22s Sys=0.00s Real=2.11s
[88.917s][info][gc,start       ] GC(295) Pause Full (Ergonomics)
[88.917s][info][gc,phases,start] GC(295) Marking Phase
[90.433s][info][gc,phases      ] GC(295) Marking Phase 1515.712ms
[90.433s][info][gc,phases,start] GC(295) Summary Phase
[90.433s][info][gc,phases      ] GC(295) Summary Phase 0.068ms
[90.433s][info][gc,phases,start] GC(295) Adjust Roots
[90.433s][info][gc,phases      ] GC(295) Adjust Roots 0.218ms
[90.433s][info][gc,phases,start] GC(295) Compaction Phase
[90.999s][info][gc,phases      ] GC(295) Compaction Phase 565.222ms
[90.999s][info][gc,phases,start] GC(295) Post Compact
[91.008s][info][gc,phases      ] GC(295) Post Compact 9.514ms
[91.008s][info][gc,heap        ] GC(295) PSYoungGen: 59392K(286720K)->59392K(286720K) Eden: 59392K(59392K)->59392K(59392K) From: 0K(227328K)->0K(227328K)
[91.008s][info][gc,heap        ] GC(295) ParOldGen: 6553213K(6553600K)->6553213K(6553600K)
[91.008s][info][gc,metaspace   ] GC(295) Metaspace: 6300K(6464K)->6300K(6464K) NonClass: 5767K(5824K)->5767K(5824K) Class: 533K(640K)->533K(640K)
[91.008s][info][gc             ] GC(295) Pause Full (Ergonomics) 6457M->6457M(6680M) 2091.054ms
[91.008s][info][gc,cpu         ] GC(295) User=15.11s Sys=0.00s Real=2.09s
[91.008s][info][gc,start       ] GC(296) Pause Full (Ergonomics)
[91.008s][info][gc,phases,start] GC(296) Marking Phase
[92.497s][info][gc,phases      ] GC(296) Marking Phase 1488.080ms
[92.497s][info][gc,phases,start] GC(296) Summary Phase
[92.497s][info][gc,phases      ] GC(296) Summary Phase 0.114ms
[92.497s][info][gc,phases,start] GC(296) Adjust Roots
[92.497s][info][gc,phases      ] GC(296) Adjust Roots 0.207ms
[92.497s][info][gc,phases,start] GC(296) Compaction Phase
[93.033s][info][gc,phases      ] GC(296) Compaction Phase 535.625ms
[93.033s][info][gc,phases,start] GC(296) Post Compact
[93.042s][info][gc,phases      ] GC(296) Post Compact 9.777ms
[93.043s][info][gc,heap        ] GC(296) PSYoungGen: 59392K(286720K)->59392K(286720K) Eden: 59392K(59392K)->59392K(59392K) From: 0K(227328K)->0K(227328K)
[93.043s][info][gc,heap        ] GC(296) ParOldGen: 6553218K(6553600K)->6553218K(6553600K)
[93.043s][info][gc,metaspace   ] GC(296) Metaspace: 6300K(6464K)->6300K(6464K) NonClass: 5767K(5824K)->5767K(5824K) Class: 533K(640K)->533K(640K)
[93.043s][info][gc             ] GC(296) Pause Full (Ergonomics) 6457M->6457M(6680M) 2034.143ms
[93.043s][info][gc,cpu         ] GC(296) User=14.81s Sys=0.00s Real=2.03s
[93.043s][info][gc,start       ] GC(297) Pause Full (Ergonomics)
[93.043s][info][gc,phases,start] GC(297) Marking Phase
[94.518s][info][gc,phases      ] GC(297) Marking Phase 1475.540ms
[94.518s][info][gc,phases,start] GC(297) Summary Phase
[94.518s][info][gc,phases      ] GC(297) Summary Phase 0.066ms
[94.518s][info][gc,phases,start] GC(297) Adjust Roots
[94.519s][info][gc,phases      ] GC(297) Adjust Roots 0.166ms
[94.519s][info][gc,phases,start] GC(297) Compaction Phase
[95.054s][info][gc,phases      ] GC(297) Compaction Phase 535.097ms
[95.054s][info][gc,phases,start] GC(297) Post Compact
[95.063s][info][gc,phases      ] GC(297) Post Compact 9.697ms
[95.064s][info][gc,heap        ] GC(297) PSYoungGen: 59392K(286720K)->59392K(286720K) Eden: 59392K(59392K)->59392K(59392K) From: 0K(227328K)->0K(227328K)
[95.064s][info][gc,heap        ] GC(297) ParOldGen: 6553222K(6553600K)->6553222K(6553600K)
[95.064s][info][gc,metaspace   ] GC(297) Metaspace: 6300K(6464K)->6300K(6464K) NonClass: 5767K(5824K)->5767K(5824K) Class: 533K(640K)->533K(640K)
[95.064s][info][gc             ] GC(297) Pause Full (Ergonomics) 6457M->6457M(6680M) 2020.833ms
[95.064s][info][gc,cpu         ] GC(297) User=14.61s Sys=0.02s Real=2.02s
[95.064s][info][gc,start       ] GC(298) Pause Full (Ergonomics)
[95.064s][info][gc,phases,start] GC(298) Marking Phase
[96.548s][info][gc,phases      ] GC(298) Marking Phase 1483.767ms
[96.548s][info][gc,phases,start] GC(298) Summary Phase
[96.548s][info][gc,phases      ] GC(298) Summary Phase 0.066ms
[96.548s][info][gc,phases,start] GC(298) Adjust Roots
[96.548s][info][gc,phases      ] GC(298) Adjust Roots 0.203ms
[96.548s][info][gc,phases,start] GC(298) Compaction Phase
[97.100s][info][gc,phases      ] GC(298) Compaction Phase 552.578ms
[97.101s][info][gc,phases,start] GC(298) Post Compact
[97.110s][info][gc,phases      ] GC(298) Post Compact 9.795ms
[97.110s][info][gc,heap        ] GC(298) PSYoungGen: 59392K(286720K)->59392K(286720K) Eden: 59392K(59392K)->59392K(59392K) From: 0K(227328K)->0K(227328K)
[97.110s][info][gc,heap        ] GC(298) ParOldGen: 6553227K(6553600K)->6553227K(6553600K)
[97.110s][info][gc,metaspace   ] GC(298) Metaspace: 6300K(6464K)->6300K(6464K) NonClass: 5767K(5824K)->5767K(5824K) Class: 533K(640K)->533K(640K)
[97.110s][info][gc             ] GC(298) Pause Full (Ergonomics) 6457M->6457M(6680M) 2046.677ms
[97.110s][info][gc,cpu         ] GC(298) User=14.81s Sys=0.00s Real=2.05s
[97.111s][info][gc,start       ] GC(299) Pause Full (Ergonomics)
[97.111s][info][gc,phases,start] GC(299) Marking Phase
[98.615s][info][gc,phases      ] GC(299) Marking Phase 1504.630ms
[98.615s][info][gc,phases,start] GC(299) Summary Phase
[98.615s][info][gc,phases      ] GC(299) Summary Phase 0.070ms
[98.615s][info][gc,phases,start] GC(299) Adjust Roots
[98.616s][info][gc,phases      ] GC(299) Adjust Roots 0.176ms
[98.616s][info][gc,phases,start] GC(299) Compaction Phase
[99.168s][info][gc,phases      ] GC(299) Compaction Phase 552.404ms
[99.168s][info][gc,phases,start] GC(299) Post Compact
[99.178s][info][gc,phases      ] GC(299) Post Compact 9.881ms
[99.178s][info][gc,heap        ] GC(299) PSYoungGen: 59392K(286720K)->59392K(286720K) Eden: 59392K(59392K)->59392K(59392K) From: 0K(227328K)->0K(227328K)
[99.178s][info][gc,heap        ] GC(299) ParOldGen: 6553232K(6553600K)->6553232K(6553600K)
[99.178s][info][gc,metaspace   ] GC(299) Metaspace: 6300K(6464K)->6300K(6464K) NonClass: 5767K(5824K)->5767K(5824K) Class: 533K(640K)->533K(640K)
[99.178s][info][gc             ] GC(299) Pause Full (Ergonomics) 6457M->6457M(6680M) 2067.449ms
[99.178s][info][gc,cpu         ] GC(299) User=15.02s Sys=0.00s Real=2.07s
[99.178s][info][gc,start       ] GC(300) Pause Full (Ergonomics)
[99.178s][info][gc,phases,start] GC(300) Marking Phase
[100.671s][info][gc,phases      ] GC(300) Marking Phase 1492.992ms
[100.671s][info][gc,phases,start] GC(300) Summary Phase
[100.671s][info][gc,phases      ] GC(300) Summary Phase 0.069ms
[100.671s][info][gc,phases,start] GC(300) Adjust Roots
[100.672s][info][gc,phases      ] GC(300) Adjust Roots 0.198ms
[100.672s][info][gc,phases,start] GC(300) Compaction Phase
[101.200s][info][gc,phases      ] GC(300) Compaction Phase 528.789ms
[101.200s][info][gc,phases,start] GC(300) Post Compact
[101.210s][info][gc,phases      ] GC(300) Post Compact 9.775ms
[101.210s][info][gc,heap        ] GC(300) PSYoungGen: 59392K(286720K)->59392K(286720K) Eden: 59392K(59392K)->59392K(59392K) From: 0K(227328K)->0K(227328K)
[101.210s][info][gc,heap        ] GC(300) ParOldGen: 6553237K(6553600K)->6553237K(6553600K)
[101.210s][info][gc,metaspace   ] GC(300) Metaspace: 6300K(6464K)->6300K(6464K) NonClass: 5767K(5824K)->5767K(5824K) Class: 533K(640K)->533K(640K)
[101.210s][info][gc             ] GC(300) Pause Full (Ergonomics) 6457M->6457M(6680M) 2032.124ms
[101.210s][info][gc,cpu         ] GC(300) User=14.91s Sys=0.00s Real=2.03s
[101.211s][info][gc,start       ] GC(301) Pause Full (Ergonomics)
[101.211s][info][gc,phases,start] GC(301) Marking Phase
[102.700s][info][gc,phases      ] GC(301) Marking Phase 1489.949ms
[102.701s][info][gc,phases,start] GC(301) Summary Phase
[102.701s][info][gc,phases      ] GC(301) Summary Phase 0.071ms
[102.701s][info][gc,phases,start] GC(301) Adjust Roots
[102.701s][info][gc,phases      ] GC(301) Adjust Roots 0.194ms
[102.701s][info][gc,phases,start] GC(301) Compaction Phase
[103.268s][info][gc,phases      ] GC(301) Compaction Phase 567.172ms
[103.268s][info][gc,phases,start] GC(301) Post Compact
[103.278s][info][gc,phases      ] GC(301) Post Compact 9.979ms
[103.278s][info][gc,heap        ] GC(301) PSYoungGen: 59392K(286720K)->59392K(286720K) Eden: 59392K(59392K)->59392K(59392K) From: 0K(227328K)->0K(227328K)
[103.278s][info][gc,heap        ] GC(301) ParOldGen: 6553242K(6553600K)->6553242K(6553600K)
[103.278s][info][gc,metaspace   ] GC(301) Metaspace: 6300K(6464K)->6300K(6464K) NonClass: 5767K(5824K)->5767K(5824K) Class: 533K(640K)->533K(640K)
[103.278s][info][gc             ] GC(301) Pause Full (Ergonomics) 6457M->6457M(6680M) 2067.616ms
[103.278s][info][gc,cpu         ] GC(301) User=14.78s Sys=0.02s Real=2.07s
[103.278s][info][gc,start       ] GC(302) Pause Full (Ergonomics)
[103.278s][info][gc,phases,start] GC(302) Marking Phase
[104.769s][info][gc,phases      ] GC(302) Marking Phase 1490.302ms
[104.769s][info][gc,phases,start] GC(302) Summary Phase
[104.769s][info][gc,phases      ] GC(302) Summary Phase 0.066ms
[104.769s][info][gc,phases,start] GC(302) Adjust Roots
[104.769s][info][gc,phases      ] GC(302) Adjust Roots 0.190ms
[104.769s][info][gc,phases,start] GC(302) Compaction Phase
[105.320s][info][gc,phases      ] GC(302) Compaction Phase 551.480ms
[105.321s][info][gc,phases,start] GC(302) Post Compact
[105.330s][info][gc,phases      ] GC(302) Post Compact 9.664ms
[105.330s][info][gc,heap        ] GC(302) PSYoungGen: 59392K(286720K)->59392K(286720K) Eden: 59392K(59392K)->59392K(59392K) From: 0K(227328K)->0K(227328K)
[105.330s][info][gc,heap        ] GC(302) ParOldGen: 6553247K(6553600K)->6553247K(6553600K)
[105.330s][info][gc,metaspace   ] GC(302) Metaspace: 6300K(6464K)->6300K(6464K) NonClass: 5767K(5824K)->5767K(5824K) Class: 533K(640K)->533K(640K)
[105.330s][info][gc             ] GC(302) Pause Full (Ergonomics) 6457M->6457M(6680M) 2051.974ms
[105.330s][info][gc,cpu         ] GC(302) User=14.80s Sys=0.02s Real=2.05s
[105.330s][info][gc,start       ] GC(303) Pause Full (Ergonomics)
[105.330s][info][gc,phases,start] GC(303) Marking Phase
[106.813s][info][gc,phases      ] GC(303) Marking Phase 1482.737ms
[106.813s][info][gc,phases,start] GC(303) Summary Phase
[106.813s][info][gc,phases      ] GC(303) Summary Phase 0.073ms
[106.813s][info][gc,phases,start] GC(303) Adjust Roots
[106.814s][info][gc,phases      ] GC(303) Adjust Roots 0.186ms
[106.814s][info][gc,phases,start] GC(303) Compaction Phase
[107.383s][info][gc,phases      ] GC(303) Compaction Phase 569.445ms
[107.383s][info][gc,phases,start] GC(303) Post Compact
[107.394s][info][gc,phases      ] GC(303) Post Compact 11.065ms
[107.394s][info][gc,heap        ] GC(303) PSYoungGen: 59392K(286720K)->59392K(286720K) Eden: 59392K(59392K)->59392K(59392K) From: 0K(227328K)->0K(227328K)
[107.394s][info][gc,heap        ] GC(303) ParOldGen: 6553251K(6553600K)->6553251K(6553600K)
[107.394s][info][gc,metaspace   ] GC(303) Metaspace: 6300K(6464K)->6300K(6464K) NonClass: 5767K(5824K)->5767K(5824K) Class: 533K(640K)->533K(640K)
[107.394s][info][gc             ] GC(303) Pause Full (Ergonomics) 6457M->6457M(6680M) 2063.842ms
[107.394s][info][gc,cpu         ] GC(303) User=14.72s Sys=0.02s Real=2.06s
[107.394s][info][gc,start       ] GC(304) Pause Full (Ergonomics)
[107.394s][info][gc,phases,start] GC(304) Marking Phase
[108.894s][info][gc,phases      ] GC(304) Marking Phase 1499.674ms
[108.894s][info][gc,phases,start] GC(304) Summary Phase
[108.894s][info][gc,phases      ] GC(304) Summary Phase 0.072ms
[108.894s][info][gc,phases,start] GC(304) Adjust Roots
[108.895s][info][gc,phases      ] GC(304) Adjust Roots 0.196ms
[108.895s][info][gc,phases,start] GC(304) Compaction Phase
[109.443s][info][gc,phases      ] GC(304) Compaction Phase 548.918ms
[109.444s][info][gc,phases,start] GC(304) Post Compact
[109.453s][info][gc,phases      ] GC(304) Post Compact 9.725ms
[109.453s][info][gc,heap        ] GC(304) PSYoungGen: 59392K(286720K)->59392K(286720K) Eden: 59392K(59392K)->59392K(59392K) From: 0K(227328K)->0K(227328K)
[109.453s][info][gc,heap        ] GC(304) ParOldGen: 6553256K(6553600K)->6553256K(6553600K)
[109.453s][info][gc,metaspace   ] GC(304) Metaspace: 6300K(6464K)->6300K(6464K) NonClass: 5767K(5824K)->5767K(5824K) Class: 533K(640K)->533K(640K)
[109.453s][info][gc             ] GC(304) Pause Full (Ergonomics) 6457M->6457M(6680M) 2058.872ms
[109.453s][info][gc,cpu         ] GC(304) User=14.92s Sys=0.02s Real=2.06s
[109.454s][info][gc,start       ] GC(305) Pause Full (Ergonomics)
[109.454s][info][gc,phases,start] GC(305) Marking Phase
[110.953s][info][gc,phases      ] GC(305) Marking Phase 1499.761ms
[110.953s][info][gc,phases,start] GC(305) Summary Phase
[110.954s][info][gc,phases      ] GC(305) Summary Phase 0.142ms
[110.954s][info][gc,phases,start] GC(305) Adjust Roots
[110.954s][info][gc,phases      ] GC(305) Adjust Roots 0.306ms
[110.954s][info][gc,phases,start] GC(305) Compaction Phase
[111.487s][info][gc,phases      ] GC(305) Compaction Phase 533.423ms
[111.487s][info][gc,phases,start] GC(305) Post Compact
[111.497s][info][gc,phases      ] GC(305) Post Compact 9.615ms
[111.497s][info][gc,heap        ] GC(305) PSYoungGen: 59392K(286720K)->59392K(286720K) Eden: 59392K(59392K)->59392K(59392K) From: 0K(227328K)->0K(227328K)
[111.497s][info][gc,heap        ] GC(305) ParOldGen: 6553261K(6553600K)->6553261K(6553600K)
[111.497s][info][gc,metaspace   ] GC(305) Metaspace: 6300K(6464K)->6300K(6464K) NonClass: 5767K(5824K)->5767K(5824K) Class: 533K(640K)->533K(640K)
[111.497s][info][gc             ] GC(305) Pause Full (Ergonomics) 6457M->6457M(6680M) 2043.576ms
[111.497s][info][gc,cpu         ] GC(305) User=14.80s Sys=0.00s Real=2.04s
[111.497s][info][gc,start       ] GC(306) Pause Full (Ergonomics)
[111.497s][info][gc,phases,start] GC(306) Marking Phase
[112.988s][info][gc,phases      ] GC(306) Marking Phase 1490.402ms
[112.988s][info][gc,phases,start] GC(306) Summary Phase
[112.988s][info][gc,phases      ] GC(306) Summary Phase 0.073ms
[112.988s][info][gc,phases,start] GC(306) Adjust Roots
[112.988s][info][gc,phases      ] GC(306) Adjust Roots 0.172ms
[112.988s][info][gc,phases,start] GC(306) Compaction Phase
[113.529s][info][gc,phases      ] GC(306) Compaction Phase 540.581ms
[113.529s][info][gc,phases,start] GC(306) Post Compact
[113.538s][info][gc,phases      ] GC(306) Post Compact 9.636ms
[113.538s][info][gc,heap        ] GC(306) PSYoungGen: 59392K(286720K)->59392K(286720K) Eden: 59392K(59392K)->59392K(59392K) From: 0K(227328K)->0K(227328K)
[113.538s][info][gc,heap        ] GC(306) ParOldGen: 6553266K(6553600K)->6553266K(6553600K)
[113.538s][info][gc,metaspace   ] GC(306) Metaspace: 6300K(6464K)->6300K(6464K) NonClass: 5767K(5824K)->5767K(5824K) Class: 533K(640K)->533K(640K)
[113.538s][info][gc             ] GC(306) Pause Full (Ergonomics) 6457M->6457M(6680M) 2041.160ms
[113.538s][info][gc,cpu         ] GC(306) User=14.70s Sys=0.00s Real=2.04s
[113.539s][info][gc,start       ] GC(307) Pause Full (Ergonomics)
[113.539s][info][gc,phases,start] GC(307) Marking Phase
[115.031s][info][gc,phases      ] GC(307) Marking Phase 1492.133ms
[115.031s][info][gc,phases,start] GC(307) Summary Phase
[115.031s][info][gc,phases      ] GC(307) Summary Phase 0.072ms
[115.031s][info][gc,phases,start] GC(307) Adjust Roots
[115.031s][info][gc,phases      ] GC(307) Adjust Roots 0.179ms
[115.031s][info][gc,phases,start] GC(307) Compaction Phase
[115.571s][info][gc,phases      ] GC(307) Compaction Phase 540.146ms
[115.572s][info][gc,phases,start] GC(307) Post Compact
[115.581s][info][gc,phases      ] GC(307) Post Compact 9.711ms
[115.581s][info][gc,heap        ] GC(307) PSYoungGen: 59392K(286720K)->59392K(286720K) Eden: 59392K(59392K)->59392K(59392K) From: 0K(227328K)->0K(227328K)
[115.581s][info][gc,heap        ] GC(307) ParOldGen: 6553271K(6553600K)->6553271K(6553600K)
[115.581s][info][gc,metaspace   ] GC(307) Metaspace: 6300K(6464K)->6300K(6464K) NonClass: 5767K(5824K)->5767K(5824K) Class: 533K(640K)->533K(640K)
[115.581s][info][gc             ] GC(307) Pause Full (Ergonomics) 6457M->6457M(6680M) 2042.551ms
[115.581s][info][gc,cpu         ] GC(307) User=14.81s Sys=0.02s Real=2.04s
[115.581s][info][gc,start       ] GC(308) Pause Full (Ergonomics)
[115.582s][info][gc,phases,start] GC(308) Marking Phase
[117.072s][info][gc,phases      ] GC(308) Marking Phase 1490.696ms
[117.072s][info][gc,phases,start] GC(308) Summary Phase
[117.072s][info][gc,phases      ] GC(308) Summary Phase 0.079ms
[117.072s][info][gc,phases,start] GC(308) Adjust Roots
[117.073s][info][gc,phases      ] GC(308) Adjust Roots 0.178ms
[117.073s][info][gc,phases,start] GC(308) Compaction Phase
[117.593s][info][gc,phases      ] GC(308) Compaction Phase 520.705ms
[117.593s][info][gc,phases,start] GC(308) Post Compact
[117.603s][info][gc,phases      ] GC(308) Post Compact 9.766ms
[117.603s][info][gc,heap        ] GC(308) PSYoungGen: 59392K(286720K)->59392K(286720K) Eden: 59392K(59392K)->59392K(59392K) From: 0K(227328K)->0K(227328K)
[117.603s][info][gc,heap        ] GC(308) ParOldGen: 6553276K(6553600K)->6553276K(6553600K)
[117.603s][info][gc,metaspace   ] GC(308) Metaspace: 6300K(6464K)->6300K(6464K) NonClass: 5767K(5824K)->5767K(5824K) Class: 533K(640K)->533K(640K)
[117.603s][info][gc             ] GC(308) Pause Full (Ergonomics) 6457M->6457M(6680M) 2021.736ms
[117.603s][info][gc,cpu         ] GC(308) User=14.81s Sys=0.00s Real=2.02s
[117.603s][info][gc,start       ] GC(309) Pause Full (Ergonomics)
[117.603s][info][gc,phases,start] GC(309) Marking Phase
[119.081s][info][gc,phases      ] GC(309) Marking Phase 1477.423ms
[119.081s][info][gc,phases,start] GC(309) Summary Phase
[119.081s][info][gc,phases      ] GC(309) Summary Phase 0.132ms
[119.081s][info][gc,phases,start] GC(309) Adjust Roots
[119.081s][info][gc,phases      ] GC(309) Adjust Roots 0.318ms
[119.081s][info][gc,phases,start] GC(309) Compaction Phase
[119.621s][info][gc,phases      ] GC(309) Compaction Phase 539.307ms
[119.621s][info][gc,phases,start] GC(309) Post Compact
[119.631s][info][gc,phases      ] GC(309) Post Compact 9.683ms
[119.631s][info][gc,heap        ] GC(309) PSYoungGen: 59392K(286720K)->59392K(286720K) Eden: 59392K(59392K)->59392K(59392K) From: 0K(227328K)->0K(227328K)
[119.631s][info][gc,heap        ] GC(309) ParOldGen: 6553280K(6553600K)->6553280K(6553600K)
[119.631s][info][gc,metaspace   ] GC(309) Metaspace: 6300K(6464K)->6300K(6464K) NonClass: 5767K(5824K)->5767K(5824K) Class: 533K(640K)->533K(640K)
[119.631s][info][gc             ] GC(309) Pause Full (Ergonomics) 6457M->6457M(6680M) 2027.244ms
[119.631s][info][gc,cpu         ] GC(309) User=14.70s Sys=0.00s Real=2.03s
[119.631s][info][gc,start       ] GC(310) Pause Full (Ergonomics)
[119.631s][info][gc,phases,start] GC(310) Marking Phase
[121.137s][info][gc,phases      ] GC(310) Marking Phase 1505.794ms
[121.137s][info][gc,phases,start] GC(310) Summary Phase
[121.137s][info][gc,phases      ] GC(310) Summary Phase 0.074ms
[121.137s][info][gc,phases,start] GC(310) Adjust Roots
[121.137s][info][gc,phases      ] GC(310) Adjust Roots 0.190ms
[121.137s][info][gc,phases,start] GC(310) Compaction Phase
[121.677s][info][gc,phases      ] GC(310) Compaction Phase 540.061ms
[121.677s][info][gc,phases,start] GC(310) Post Compact
[121.687s][info][gc,phases      ] GC(310) Post Compact 9.595ms
[121.687s][info][gc,heap        ] GC(310) PSYoungGen: 59392K(286720K)->59392K(286720K) Eden: 59392K(59392K)->59392K(59392K) From: 0K(227328K)->0K(227328K)
[121.687s][info][gc,heap        ] GC(310) ParOldGen: 6553285K(6553600K)->6553285K(6553600K)
[121.687s][info][gc,metaspace   ] GC(310) Metaspace: 6300K(6464K)->6300K(6464K) NonClass: 5767K(5824K)->5767K(5824K) Class: 533K(640K)->533K(640K)
[121.687s][info][gc             ] GC(310) Pause Full (Ergonomics) 6457M->6457M(6680M) 2056.014ms
[121.687s][info][gc,cpu         ] GC(310) User=14.84s Sys=0.00s Real=2.06s
[121.687s][info][gc,start       ] GC(311) Pause Full (Ergonomics)
[121.687s][info][gc,phases,start] GC(311) Marking Phase
[123.158s][info][gc,phases      ] GC(311) Marking Phase 1471.069ms
[123.158s][info][gc,phases,start] GC(311) Summary Phase
[123.158s][info][gc,phases      ] GC(311) Summary Phase 0.093ms
[123.158s][info][gc,phases,start] GC(311) Adjust Roots
[123.159s][info][gc,phases      ] GC(311) Adjust Roots 0.275ms
[123.159s][info][gc,phases,start] GC(311) Compaction Phase
[123.693s][info][gc,phases      ] GC(311) Compaction Phase 534.454ms
[123.693s][info][gc,phases,start] GC(311) Post Compact
[123.703s][info][gc,phases      ] GC(311) Post Compact 9.622ms
[123.703s][info][gc,heap        ] GC(311) PSYoungGen: 59392K(286720K)->59392K(286720K) Eden: 59392K(59392K)->59392K(59392K) From: 0K(227328K)->0K(227328K)
[123.703s][info][gc,heap        ] GC(311) ParOldGen: 6553290K(6553600K)->6553290K(6553600K)
[123.703s][info][gc,metaspace   ] GC(311) Metaspace: 6300K(6464K)->6300K(6464K) NonClass: 5767K(5824K)->5767K(5824K) Class: 533K(640K)->533K(640K)
[123.703s][info][gc             ] GC(311) Pause Full (Ergonomics) 6457M->6457M(6680M) 2015.836ms
[123.703s][info][gc,cpu         ] GC(311) User=14.61s Sys=0.00s Real=2.01s
[123.703s][info][gc,start       ] GC(312) Pause Full (Ergonomics)
[123.703s][info][gc,phases,start] GC(312) Marking Phase
[125.189s][info][gc,phases      ] GC(312) Marking Phase 1485.524ms
[125.189s][info][gc,phases,start] GC(312) Summary Phase
[125.189s][info][gc,phases      ] GC(312) Summary Phase 0.091ms
[125.189s][info][gc,phases,start] GC(312) Adjust Roots
[125.189s][info][gc,phases      ] GC(312) Adjust Roots 0.262ms
[125.189s][info][gc,phases,start] GC(312) Compaction Phase
[125.726s][info][gc,phases      ] GC(312) Compaction Phase 536.835ms
[125.726s][info][gc,phases,start] GC(312) Post Compact
[125.736s][info][gc,phases      ] GC(312) Post Compact 9.803ms
[125.736s][info][gc,heap        ] GC(312) PSYoungGen: 59392K(286720K)->59392K(286720K) Eden: 59392K(59392K)->59392K(59392K) From: 0K(227328K)->0K(227328K)
[125.736s][info][gc,heap        ] GC(312) ParOldGen: 6553295K(6553600K)->6553295K(6553600K)
[125.736s][info][gc,metaspace   ] GC(312) Metaspace: 6300K(6464K)->6300K(6464K) NonClass: 5767K(5824K)->5767K(5824K) Class: 533K(640K)->533K(640K)
[125.736s][info][gc             ] GC(312) Pause Full (Ergonomics) 6457M->6457M(6680M) 2032.844ms
[125.736s][info][gc,cpu         ] GC(312) User=14.72s Sys=0.02s Real=2.03s
[125.736s][info][gc,start       ] GC(313) Pause Full (Ergonomics)
[125.736s][info][gc,phases,start] GC(313) Marking Phase
[127.221s][info][gc,phases      ] GC(313) Marking Phase 1485.389ms
[127.222s][info][gc,phases,start] GC(313) Summary Phase
[127.222s][info][gc,phases      ] GC(313) Summary Phase 0.100ms
[127.222s][info][gc,phases,start] GC(313) Adjust Roots
[127.222s][info][gc,phases      ] GC(313) Adjust Roots 0.271ms
[127.222s][info][gc,phases,start] GC(313) Compaction Phase
[127.762s][info][gc,phases      ] GC(313) Compaction Phase 539.573ms
[127.762s][info][gc,phases,start] GC(313) Post Compact
[127.771s][info][gc,phases      ] GC(313) Post Compact 9.824ms
[127.772s][info][gc,heap        ] GC(313) PSYoungGen: 59392K(286720K)->59392K(286720K) Eden: 59392K(59392K)->59392K(59392K) From: 0K(227328K)->0K(227328K)
[127.772s][info][gc,heap        ] GC(313) ParOldGen: 6553300K(6553600K)->6553300K(6553600K)
[127.772s][info][gc,metaspace   ] GC(313) Metaspace: 6300K(6464K)->6300K(6464K) NonClass: 5767K(5824K)->5767K(5824K) Class: 533K(640K)->533K(640K)
[127.772s][info][gc             ] GC(313) Pause Full (Ergonomics) 6457M->6457M(6680M) 2035.493ms
[127.772s][info][gc,cpu         ] GC(313) User=14.59s Sys=0.02s Real=2.04s
[127.772s][info][gc,start       ] GC(314) Pause Full (Ergonomics)
[127.772s][info][gc,phases,start] GC(314) Marking Phase
[129.260s][info][gc,phases      ] GC(314) Marking Phase 1488.716ms
[129.261s][info][gc,phases,start] GC(314) Summary Phase
[129.261s][info][gc,phases      ] GC(314) Summary Phase 0.115ms
[129.261s][info][gc,phases,start] GC(314) Adjust Roots
[129.261s][info][gc,phases      ] GC(314) Adjust Roots 0.217ms
[129.261s][info][gc,phases,start] GC(314) Compaction Phase
[129.800s][info][gc,phases      ] GC(314) Compaction Phase 539.295ms
[129.800s][info][gc,phases,start] GC(314) Post Compact
[129.810s][info][gc,phases      ] GC(314) Post Compact 9.472ms
[129.810s][info][gc,heap        ] GC(314) PSYoungGen: 59392K(286720K)->59392K(286720K) Eden: 59392K(59392K)->59392K(59392K) From: 0K(227328K)->0K(227328K)
[129.810s][info][gc,heap        ] GC(314) ParOldGen: 6553305K(6553600K)->6553305K(6553600K)
[129.810s][info][gc,metaspace   ] GC(314) Metaspace: 6300K(6464K)->6300K(6464K) NonClass: 5767K(5824K)->5767K(5824K) Class: 533K(640K)->533K(640K)
[129.810s][info][gc             ] GC(314) Pause Full (Ergonomics) 6457M->6457M(6680M) 2038.133ms
[129.810s][info][gc,cpu         ] GC(314) User=14.73s Sys=0.00s Real=2.04s
[129.810s][info][gc,start       ] GC(315) Pause Full (Ergonomics)
[129.810s][info][gc,phases,start] GC(315) Marking Phase
[131.305s][info][gc,phases      ] GC(315) Marking Phase 1495.263ms
[131.305s][info][gc,phases,start] GC(315) Summary Phase
[131.305s][info][gc,phases      ] GC(315) Summary Phase 0.074ms
[131.305s][info][gc,phases,start] GC(315) Adjust Roots
[131.306s][info][gc,phases      ] GC(315) Adjust Roots 0.173ms
[131.306s][info][gc,phases,start] GC(315) Compaction Phase
[131.827s][info][gc,phases      ] GC(315) Compaction Phase 521.693ms
[131.827s][info][gc,phases,start] GC(315) Post Compact
[131.838s][info][gc,phases      ] GC(315) Post Compact 10.451ms
[131.838s][info][gc,heap        ] GC(315) PSYoungGen: 59392K(286720K)->59392K(286720K) Eden: 59392K(59392K)->59392K(59392K) From: 0K(227328K)->0K(227328K)
[131.838s][info][gc,heap        ] GC(315) ParOldGen: 6553309K(6553600K)->6553309K(6553600K)
[131.838s][info][gc,metaspace   ] GC(315) Metaspace: 6300K(6464K)->6300K(6464K) NonClass: 5767K(5824K)->5767K(5824K) Class: 533K(640K)->533K(640K)
[131.838s][info][gc             ] GC(315) Pause Full (Ergonomics) 6457M->6457M(6680M) 2027.984ms
[131.838s][info][gc,cpu         ] GC(315) User=14.61s Sys=0.00s Real=2.03s
[131.838s][info][gc,start       ] GC(316) Pause Full (Ergonomics)
[131.838s][info][gc,phases,start] GC(316) Marking Phase
[133.342s][info][gc,phases      ] GC(316) Marking Phase 1503.293ms
[133.342s][info][gc,phases,start] GC(316) Summary Phase
[133.342s][info][gc,phases      ] GC(316) Summary Phase 0.071ms
[133.342s][info][gc,phases,start] GC(316) Adjust Roots
[133.342s][info][gc,phases      ] GC(316) Adjust Roots 0.168ms
[133.342s][info][gc,phases,start] GC(316) Compaction Phase
[133.861s][info][gc,phases      ] GC(316) Compaction Phase 519.131ms
[133.861s][info][gc,phases,start] GC(316) Post Compact
[133.871s][info][gc,phases      ] GC(316) Post Compact 9.758ms
[133.871s][info][gc,heap        ] GC(316) PSYoungGen: 59392K(286720K)->59392K(286720K) Eden: 59392K(59392K)->59392K(59392K) From: 0K(227328K)->0K(227328K)
[133.871s][info][gc,heap        ] GC(316) ParOldGen: 6553314K(6553600K)->6553314K(6553600K)
[133.871s][info][gc,metaspace   ] GC(316) Metaspace: 6300K(6464K)->6300K(6464K) NonClass: 5767K(5824K)->5767K(5824K) Class: 533K(640K)->533K(640K)
[133.871s][info][gc             ] GC(316) Pause Full (Ergonomics) 6457M->6457M(6680M) 2032.716ms
[133.871s][info][gc,cpu         ] GC(316) User=14.64s Sys=0.00s Real=2.03s
[133.871s][info][gc,start       ] GC(317) Pause Full (Ergonomics)
[133.871s][info][gc,phases,start] GC(317) Marking Phase
[135.338s][info][gc,phases      ] GC(317) Marking Phase 1467.006ms
[135.338s][info][gc,phases,start] GC(317) Summary Phase
[135.338s][info][gc,phases      ] GC(317) Summary Phase 0.069ms
[135.338s][info][gc,phases,start] GC(317) Adjust Roots
[135.339s][info][gc,phases      ] GC(317) Adjust Roots 0.179ms
[135.339s][info][gc,phases,start] GC(317) Compaction Phase
[135.854s][info][gc,phases      ] GC(317) Compaction Phase 515.007ms
[135.854s][info][gc,phases,start] GC(317) Post Compact
[135.863s][info][gc,phases      ] GC(317) Post Compact 9.672ms
[135.863s][info][gc,heap        ] GC(317) PSYoungGen: 59392K(286720K)->59392K(286720K) Eden: 59392K(59392K)->59392K(59392K) From: 0K(227328K)->0K(227328K)
[135.863s][info][gc,heap        ] GC(317) ParOldGen: 6553319K(6553600K)->6553319K(6553600K)
[135.863s][info][gc,metaspace   ] GC(317) Metaspace: 6300K(6464K)->6300K(6464K) NonClass: 5767K(5824K)->5767K(5824K) Class: 533K(640K)->533K(640K)
[135.863s][info][gc             ] GC(317) Pause Full (Ergonomics) 6457M->6457M(6680M) 1992.220ms
[135.863s][info][gc,cpu         ] GC(317) User=14.38s Sys=0.00s Real=1.99s
[135.864s][info][gc,start       ] GC(318) Pause Full (Ergonomics)
[135.864s][info][gc,phases,start] GC(318) Marking Phase
[137.340s][info][gc,phases      ] GC(318) Marking Phase 1476.269ms
[137.340s][info][gc,phases,start] GC(318) Summary Phase
[137.340s][info][gc,phases      ] GC(318) Summary Phase 0.119ms
[137.340s][info][gc,phases,start] GC(318) Adjust Roots
[137.341s][info][gc,phases      ] GC(318) Adjust Roots 0.751ms
[137.341s][info][gc,phases,start] GC(318) Compaction Phase
[137.859s][info][gc,phases      ] GC(318) Compaction Phase 517.585ms
[137.859s][info][gc,phases,start] GC(318) Post Compact
[137.868s][info][gc,phases      ] GC(318) Post Compact 9.558ms
[137.868s][info][gc,heap        ] GC(318) PSYoungGen: 59392K(286720K)->59392K(286720K) Eden: 59392K(59392K)->59392K(59392K) From: 0K(227328K)->0K(227328K)
[137.868s][info][gc,heap        ] GC(318) ParOldGen: 6553324K(6553600K)->6553324K(6553600K)
[137.868s][info][gc,metaspace   ] GC(318) Metaspace: 6300K(6464K)->6300K(6464K) NonClass: 5767K(5824K)->5767K(5824K) Class: 533K(640K)->533K(640K)
[137.868s][info][gc             ] GC(318) Pause Full (Ergonomics) 6457M->6457M(6680M) 2004.659ms
[137.868s][info][gc,cpu         ] GC(318) User=14.33s Sys=0.00s Real=2.01s
[137.868s][info][gc,start       ] GC(319) Pause Full (Ergonomics)
[137.868s][info][gc,phases,start] GC(319) Marking Phase
[139.355s][info][gc,phases      ] GC(319) Marking Phase 1486.255ms
[139.355s][info][gc,phases,start] GC(319) Summary Phase
[139.355s][info][gc,phases      ] GC(319) Summary Phase 0.073ms
[139.355s][info][gc,phases,start] GC(319) Adjust Roots
[139.355s][info][gc,phases      ] GC(319) Adjust Roots 0.185ms
[139.355s][info][gc,phases,start] GC(319) Compaction Phase
[139.866s][info][gc,phases      ] GC(319) Compaction Phase 510.671ms
[139.866s][info][gc,phases,start] GC(319) Post Compact
[139.875s][info][gc,phases      ] GC(319) Post Compact 9.591ms
[139.875s][info][gc,heap        ] GC(319) PSYoungGen: 59392K(286720K)->59392K(286720K) Eden: 59392K(59392K)->59392K(59392K) From: 0K(227328K)->0K(227328K)
[139.875s][info][gc,heap        ] GC(319) ParOldGen: 6553329K(6553600K)->6553329K(6553600K)
[139.875s][info][gc,metaspace   ] GC(319) Metaspace: 6300K(6464K)->6300K(6464K) NonClass: 5767K(5824K)->5767K(5824K) Class: 533K(640K)->533K(640K)
[139.875s][info][gc             ] GC(319) Pause Full (Ergonomics) 6457M->6457M(6680M) 2007.084ms
[139.875s][info][gc,cpu         ] GC(319) User=14.42s Sys=0.02s Real=2.01s
[139.876s][info][gc,start       ] GC(320) Pause Full (Ergonomics)
[139.876s][info][gc,phases,start] GC(320) Marking Phase
[141.365s][info][gc,phases      ] GC(320) Marking Phase 1489.079ms
[141.365s][info][gc,phases,start] GC(320) Summary Phase
[141.365s][info][gc,phases      ] GC(320) Summary Phase 0.095ms
[141.365s][info][gc,phases,start] GC(320) Adjust Roots
[141.365s][info][gc,phases      ] GC(320) Adjust Roots 0.208ms
[141.365s][info][gc,phases,start] GC(320) Compaction Phase
[141.899s][info][gc,phases      ] GC(320) Compaction Phase 533.629ms
[141.899s][info][gc,phases,start] GC(320) Post Compact
[141.909s][info][gc,phases      ] GC(320) Post Compact 10.477ms
[141.909s][info][gc,heap        ] GC(320) PSYoungGen: 59392K(286720K)->59392K(286720K) Eden: 59392K(59392K)->59392K(59392K) From: 0K(227328K)->0K(227328K)
[141.909s][info][gc,heap        ] GC(320) ParOldGen: 6553334K(6553600K)->6553334K(6553600K)
[141.909s][info][gc,metaspace   ] GC(320) Metaspace: 6300K(6464K)->6300K(6464K) NonClass: 5767K(5824K)->5767K(5824K) Class: 533K(640K)->533K(640K)
[141.910s][info][gc             ] GC(320) Pause Full (Ergonomics) 6457M->6457M(6680M) 2033.854ms
[141.910s][info][gc,cpu         ] GC(320) User=14.55s Sys=0.02s Real=2.03s
[141.910s][info][gc,start       ] GC(321) Pause Full (Ergonomics)
[141.910s][info][gc,phases,start] GC(321) Marking Phase
[143.363s][info][gc,phases      ] GC(321) Marking Phase 1453.214ms
[143.363s][info][gc,phases,start] GC(321) Summary Phase
[143.363s][info][gc,phases      ] GC(321) Summary Phase 0.067ms
[143.363s][info][gc,phases,start] GC(321) Adjust Roots
[143.363s][info][gc,phases      ] GC(321) Adjust Roots 0.171ms
[143.363s][info][gc,phases,start] GC(321) Compaction Phase
[143.880s][info][gc,phases      ] GC(321) Compaction Phase 516.625ms
[143.880s][info][gc,phases,start] GC(321) Post Compact
[143.890s][info][gc,phases      ] GC(321) Post Compact 9.629ms
[143.890s][info][gc,heap        ] GC(321) PSYoungGen: 59392K(286720K)->59392K(286720K) Eden: 59392K(59392K)->59392K(59392K) From: 0K(227328K)->0K(227328K)
[143.890s][info][gc,heap        ] GC(321) ParOldGen: 6553338K(6553600K)->6553338K(6553600K)
[143.890s][info][gc,metaspace   ] GC(321) Metaspace: 6300K(6464K)->6300K(6464K) NonClass: 5767K(5824K)->5767K(5824K) Class: 533K(640K)->533K(640K)
[143.890s][info][gc             ] GC(321) Pause Full (Ergonomics) 6457M->6457M(6680M) 1979.998ms
[143.890s][info][gc,cpu         ] GC(321) User=14.33s Sys=0.00s Real=1.98s
[143.890s][info][gc,start       ] GC(322) Pause Full (Ergonomics)
[143.890s][info][gc,phases,start] GC(322) Marking Phase
[145.351s][info][gc,phases      ] GC(322) Marking Phase 1461.299ms
[145.351s][info][gc,phases,start] GC(322) Summary Phase
[145.351s][info][gc,phases      ] GC(322) Summary Phase 0.067ms
[145.351s][info][gc,phases,start] GC(322) Adjust Roots
[145.352s][info][gc,phases      ] GC(322) Adjust Roots 0.166ms
[145.352s][info][gc,phases,start] GC(322) Compaction Phase
[145.876s][info][gc,phases      ] GC(322) Compaction Phase 524.024ms
[145.876s][info][gc,phases,start] GC(322) Post Compact
[145.885s][info][gc,phases      ] GC(322) Post Compact 9.622ms
[145.885s][info][gc,heap        ] GC(322) PSYoungGen: 59392K(286720K)->59392K(286720K) Eden: 59392K(59392K)->59392K(59392K) From: 0K(227328K)->0K(227328K)
[145.885s][info][gc,heap        ] GC(322) ParOldGen: 6553343K(6553600K)->6553343K(6553600K)
[145.885s][info][gc,metaspace   ] GC(322) Metaspace: 6300K(6464K)->6300K(6464K) NonClass: 5767K(5824K)->5767K(5824K) Class: 533K(640K)->533K(640K)
[145.885s][info][gc             ] GC(322) Pause Full (Ergonomics) 6457M->6457M(6680M) 1995.587ms
[145.885s][info][gc,cpu         ] GC(322) User=14.36s Sys=0.00s Real=2.00s
[145.886s][info][gc,start       ] GC(323) Pause Full (Ergonomics)
[145.886s][info][gc,phases,start] GC(323) Marking Phase
[147.369s][info][gc,phases      ] GC(323) Marking Phase 1482.936ms
[147.369s][info][gc,phases,start] GC(323) Summary Phase
[147.369s][info][gc,phases      ] GC(323) Summary Phase 0.067ms
[147.369s][info][gc,phases,start] GC(323) Adjust Roots
[147.369s][info][gc,phases      ] GC(323) Adjust Roots 0.169ms
[147.369s][info][gc,phases,start] GC(323) Compaction Phase
[147.901s][info][gc,phases      ] GC(323) Compaction Phase 531.591ms
[147.901s][info][gc,phases,start] GC(323) Post Compact
[147.911s][info][gc,phases      ] GC(323) Post Compact 10.389ms
[147.911s][info][gc,heap        ] GC(323) PSYoungGen: 59392K(286720K)->59392K(286720K) Eden: 59392K(59392K)->59392K(59392K) From: 0K(227328K)->0K(227328K)
[147.911s][info][gc,heap        ] GC(323) ParOldGen: 6553348K(6553600K)->6553348K(6553600K)
[147.911s][info][gc,metaspace   ] GC(323) Metaspace: 6300K(6464K)->6300K(6464K) NonClass: 5767K(5824K)->5767K(5824K) Class: 533K(640K)->533K(640K)
[147.911s][info][gc             ] GC(323) Pause Full (Ergonomics) 6457M->6457M(6680M) 2025.436ms
[147.911s][info][gc,cpu         ] GC(323) User=14.67s Sys=0.00s Real=2.03s
[147.911s][info][gc,start       ] GC(324) Pause Full (Ergonomics)
[147.911s][info][gc,phases,start] GC(324) Marking Phase
[149.389s][info][gc,phases      ] GC(324) Marking Phase 1477.790ms
[149.389s][info][gc,phases,start] GC(324) Summary Phase
[149.389s][info][gc,phases      ] GC(324) Summary Phase 0.068ms
[149.389s][info][gc,phases,start] GC(324) Adjust Roots
[149.389s][info][gc,phases      ] GC(324) Adjust Roots 0.166ms
[149.389s][info][gc,phases,start] GC(324) Compaction Phase
[149.906s][info][gc,phases      ] GC(324) Compaction Phase 516.834ms
[149.906s][info][gc,phases,start] GC(324) Post Compact
[149.917s][info][gc,phases      ] GC(324) Post Compact 10.701ms
[149.917s][info][gc,heap        ] GC(324) PSYoungGen: 59392K(286720K)->59392K(286720K) Eden: 59392K(59392K)->59392K(59392K) From: 0K(227328K)->0K(227328K)
[149.917s][info][gc,heap        ] GC(324) ParOldGen: 6553353K(6553600K)->6553353K(6553600K)
[149.917s][info][gc,metaspace   ] GC(324) Metaspace: 6300K(6464K)->6300K(6464K) NonClass: 5767K(5824K)->5767K(5824K) Class: 533K(640K)->533K(640K)
[149.917s][info][gc             ] GC(324) Pause Full (Ergonomics) 6457M->6457M(6680M) 2005.891ms
[149.917s][info][gc,cpu         ] GC(324) User=14.44s Sys=0.00s Real=2.00s
[149.917s][info][gc,start       ] GC(325) Pause Full (Ergonomics)
[149.917s][info][gc,phases,start] GC(325) Marking Phase
[151.401s][info][gc,phases      ] GC(325) Marking Phase 1483.166ms
[151.401s][info][gc,phases,start] GC(325) Summary Phase
[151.401s][info][gc,phases      ] GC(325) Summary Phase 0.069ms
[151.401s][info][gc,phases,start] GC(325) Adjust Roots
[151.401s][info][gc,phases      ] GC(325) Adjust Roots 0.207ms
[151.401s][info][gc,phases,start] GC(325) Compaction Phase
[151.916s][info][gc,phases      ] GC(325) Compaction Phase 515.106ms
[151.916s][info][gc,phases,start] GC(325) Post Compact
[151.926s][info][gc,phases      ] GC(325) Post Compact 9.917ms
[151.926s][info][gc,heap        ] GC(325) PSYoungGen: 59392K(286720K)->59392K(286720K) Eden: 59392K(59392K)->59392K(59392K) From: 0K(227328K)->0K(227328K)
[151.926s][info][gc,heap        ] GC(325) ParOldGen: 6553358K(6553600K)->6553358K(6553600K)
[151.926s][info][gc,metaspace   ] GC(325) Metaspace: 6300K(6464K)->6300K(6464K) NonClass: 5767K(5824K)->5767K(5824K) Class: 533K(640K)->533K(640K)
[151.926s][info][gc             ] GC(325) Pause Full (Ergonomics) 6457M->6457M(6680M) 2008.799ms
[151.926s][info][gc,cpu         ] GC(325) User=14.64s Sys=0.00s Real=2.01s
[151.926s][info][gc,start       ] GC(326) Pause Full (Ergonomics)
[151.926s][info][gc,phases,start] GC(326) Marking Phase
[153.403s][info][gc,phases      ] GC(326) Marking Phase 1476.410ms
[153.403s][info][gc,phases,start] GC(326) Summary Phase
[153.403s][info][gc,phases      ] GC(326) Summary Phase 0.071ms
[153.403s][info][gc,phases,start] GC(326) Adjust Roots
[153.403s][info][gc,phases      ] GC(326) Adjust Roots 0.186ms
[153.403s][info][gc,phases,start] GC(326) Compaction Phase
[153.928s][info][gc,phases      ] GC(326) Compaction Phase 524.641ms
[153.928s][info][gc,phases,start] GC(326) Post Compact
[153.937s][info][gc,phases      ] GC(326) Post Compact 9.582ms
[153.938s][info][gc,heap        ] GC(326) PSYoungGen: 59392K(286720K)->59392K(286720K) Eden: 59392K(59392K)->59392K(59392K) From: 0K(227328K)->0K(227328K)
[153.938s][info][gc,heap        ] GC(326) ParOldGen: 6553363K(6553600K)->6553363K(6553600K)
[153.938s][info][gc,metaspace   ] GC(326) Metaspace: 6300K(6464K)->6300K(6464K) NonClass: 5767K(5824K)->5767K(5824K) Class: 533K(640K)->533K(640K)
[153.938s][info][gc             ] GC(326) Pause Full (Ergonomics) 6457M->6457M(6680M) 2011.166ms
[153.938s][info][gc,cpu         ] GC(326) User=14.53s Sys=0.00s Real=2.01s
[153.938s][info][gc,start       ] GC(327) Pause Full (Ergonomics)
[153.938s][info][gc,phases,start] GC(327) Marking Phase
[155.418s][info][gc,phases      ] GC(327) Marking Phase 1480.203ms
[155.418s][info][gc,phases,start] GC(327) Summary Phase
[155.418s][info][gc,phases      ] GC(327) Summary Phase 0.077ms
[155.418s][info][gc,phases,start] GC(327) Adjust Roots
[155.418s][info][gc,phases      ] GC(327) Adjust Roots 0.232ms
[155.418s][info][gc,phases,start] GC(327) Compaction Phase
[155.950s][info][gc,phases      ] GC(327) Compaction Phase 531.584ms
[155.950s][info][gc,phases,start] GC(327) Post Compact
[155.961s][info][gc,phases      ] GC(327) Post Compact 10.621ms
[155.961s][info][gc,heap        ] GC(327) PSYoungGen: 59392K(286720K)->59392K(286720K) Eden: 59392K(59392K)->59392K(59392K) From: 0K(227328K)->0K(227328K)
[155.961s][info][gc,heap        ] GC(327) ParOldGen: 6553367K(6553600K)->6553367K(6553600K)
[155.961s][info][gc,metaspace   ] GC(327) Metaspace: 6300K(6464K)->6300K(6464K) NonClass: 5767K(5824K)->5767K(5824K) Class: 533K(640K)->533K(640K)
[155.961s][info][gc             ] GC(327) Pause Full (Ergonomics) 6457M->6457M(6680M) 2023.084ms
[155.961s][info][gc,cpu         ] GC(327) User=14.44s Sys=0.02s Real=2.02s
[155.961s][info][gc,start       ] GC(328) Pause Full (Ergonomics)
[155.961s][info][gc,phases,start] GC(328) Marking Phase
[157.449s][info][gc,phases      ] GC(328) Marking Phase 1487.632ms
[157.449s][info][gc,phases,start] GC(328) Summary Phase
[157.449s][info][gc,phases      ] GC(328) Summary Phase 0.070ms
[157.449s][info][gc,phases,start] GC(328) Adjust Roots
[157.449s][info][gc,phases      ] GC(328) Adjust Roots 0.193ms
[157.449s][info][gc,phases,start] GC(328) Compaction Phase
[157.975s][info][gc,phases      ] GC(328) Compaction Phase 525.761ms
[157.975s][info][gc,phases,start] GC(328) Post Compact
[157.984s][info][gc,phases      ] GC(328) Post Compact 9.548ms
[157.984s][info][gc,heap        ] GC(328) PSYoungGen: 59392K(286720K)->59392K(286720K) Eden: 59392K(59392K)->59392K(59392K) From: 0K(227328K)->0K(227328K)
[157.984s][info][gc,heap        ] GC(328) ParOldGen: 6553372K(6553600K)->6553372K(6553600K)
[157.985s][info][gc,metaspace   ] GC(328) Metaspace: 6300K(6464K)->6300K(6464K) NonClass: 5767K(5824K)->5767K(5824K) Class: 533K(640K)->533K(640K)
[157.985s][info][gc             ] GC(328) Pause Full (Ergonomics) 6457M->6457M(6680M) 2023.502ms
[157.985s][info][gc,cpu         ] GC(328) User=14.41s Sys=0.00s Real=2.02s
[157.985s][info][gc,start       ] GC(329) Pause Full (Ergonomics)
[157.985s][info][gc,phases,start] GC(329) Marking Phase
[159.457s][info][gc,phases      ] GC(329) Marking Phase 1472.585ms
[159.457s][info][gc,phases,start] GC(329) Summary Phase
[159.458s][info][gc,phases      ] GC(329) Summary Phase 0.186ms
[159.458s][info][gc,phases,start] GC(329) Adjust Roots
[159.458s][info][gc,phases      ] GC(329) Adjust Roots 0.220ms
[159.458s][info][gc,phases,start] GC(329) Compaction Phase
[159.977s][info][gc,phases      ] GC(329) Compaction Phase 519.308ms
[159.977s][info][gc,phases,start] GC(329) Post Compact
[159.987s][info][gc,phases      ] GC(329) Post Compact 9.775ms
[159.987s][info][gc,heap        ] GC(329) PSYoungGen: 59392K(286720K)->59392K(286720K) Eden: 59392K(59392K)->59392K(59392K) From: 0K(227328K)->0K(227328K)
[159.987s][info][gc,heap        ] GC(329) ParOldGen: 6553377K(6553600K)->6553377K(6553600K)
[159.987s][info][gc,metaspace   ] GC(329) Metaspace: 6300K(6464K)->6300K(6464K) NonClass: 5767K(5824K)->5767K(5824K) Class: 533K(640K)->533K(640K)
[159.987s][info][gc             ] GC(329) Pause Full (Ergonomics) 6457M->6457M(6680M) 2002.423ms
[159.987s][info][gc,cpu         ] GC(329) User=14.36s Sys=0.02s Real=2.00s
[159.987s][info][gc,start       ] GC(330) Pause Full (Ergonomics)
[159.987s][info][gc,phases,start] GC(330) Marking Phase
[161.478s][info][gc,phases      ] GC(330) Marking Phase 1490.203ms
[161.478s][info][gc,phases,start] GC(330) Summary Phase
[161.478s][info][gc,phases      ] GC(330) Summary Phase 0.072ms
[161.478s][info][gc,phases,start] GC(330) Adjust Roots
[161.478s][info][gc,phases      ] GC(330) Adjust Roots 0.188ms
[161.478s][info][gc,phases,start] GC(330) Compaction Phase
[161.993s][info][gc,phases      ] GC(330) Compaction Phase 515.026ms
[161.993s][info][gc,phases,start] GC(330) Post Compact
[162.003s][info][gc,phases      ] GC(330) Post Compact 9.714ms
[162.003s][info][gc,heap        ] GC(330) PSYoungGen: 59392K(286720K)->59392K(286720K) Eden: 59392K(59392K)->59392K(59392K) From: 0K(227328K)->0K(227328K)
[162.003s][info][gc,heap        ] GC(330) ParOldGen: 6553382K(6553600K)->6553382K(6553600K)
[162.003s][info][gc,metaspace   ] GC(330) Metaspace: 6300K(6464K)->6300K(6464K) NonClass: 5767K(5824K)->5767K(5824K) Class: 533K(640K)->533K(640K)
[162.003s][info][gc             ] GC(330) Pause Full (Ergonomics) 6457M->6457M(6680M) 2015.514ms
[162.003s][info][gc,cpu         ] GC(330) User=14.66s Sys=0.00s Real=2.02s
[162.003s][info][gc,start       ] GC(331) Pause Full (Ergonomics)
[162.003s][info][gc,phases,start] GC(331) Marking Phase
[163.489s][info][gc,phases      ] GC(331) Marking Phase 1486.153ms
[163.489s][info][gc,phases,start] GC(331) Summary Phase
[163.489s][info][gc,phases      ] GC(331) Summary Phase 0.068ms
[163.489s][info][gc,phases,start] GC(331) Adjust Roots
[163.490s][info][gc,phases      ] GC(331) Adjust Roots 0.164ms
[163.490s][info][gc,phases,start] GC(331) Compaction Phase
[164.021s][info][gc,phases      ] GC(331) Compaction Phase 531.659ms
[164.021s][info][gc,phases,start] GC(331) Post Compact
[164.031s][info][gc,phases      ] GC(331) Post Compact 9.704ms
[164.031s][info][gc,heap        ] GC(331) PSYoungGen: 59392K(286720K)->59392K(286720K) Eden: 59392K(59392K)->59392K(59392K) From: 0K(227328K)->0K(227328K)
[164.031s][info][gc,heap        ] GC(331) ParOldGen: 6553387K(6553600K)->6553387K(6553600K)
[164.031s][info][gc,metaspace   ] GC(331) Metaspace: 6300K(6464K)->6300K(6464K) NonClass: 5767K(5824K)->5767K(5824K) Class: 533K(640K)->533K(640K)
[164.031s][info][gc             ] GC(331) Pause Full (Ergonomics) 6457M->6457M(6680M) 2028.047ms
[164.031s][info][gc,cpu         ] GC(331) User=14.52s Sys=0.02s Real=2.03s
[164.031s][info][gc,start       ] GC(332) Pause Full (Ergonomics)
[164.031s][info][gc,phases,start] GC(332) Marking Phase
[165.515s][info][gc,phases      ] GC(332) Marking Phase 1483.783ms
[165.515s][info][gc,phases,start] GC(332) Summary Phase
[165.515s][info][gc,phases      ] GC(332) Summary Phase 0.073ms
[165.515s][info][gc,phases,start] GC(332) Adjust Roots
[165.515s][info][gc,phases      ] GC(332) Adjust Roots 0.181ms
[165.515s][info][gc,phases,start] GC(332) Compaction Phase
[166.038s][info][gc,phases      ] GC(332) Compaction Phase 522.312ms
[166.038s][info][gc,phases,start] GC(332) Post Compact
[166.048s][info][gc,phases      ] GC(332) Post Compact 9.662ms
[166.048s][info][gc,heap        ] GC(332) PSYoungGen: 59392K(286720K)->59392K(286720K) Eden: 59392K(59392K)->59392K(59392K) From: 0K(227328K)->0K(227328K)
[166.048s][info][gc,heap        ] GC(332) ParOldGen: 6553392K(6553600K)->6553392K(6553600K)
[166.048s][info][gc,metaspace   ] GC(332) Metaspace: 6300K(6464K)->6300K(6464K) NonClass: 5767K(5824K)->5767K(5824K) Class: 533K(640K)->533K(640K)
[166.048s][info][gc             ] GC(332) Pause Full (Ergonomics) 6457M->6457M(6680M) 2016.387ms
[166.048s][info][gc,cpu         ] GC(332) User=14.50s Sys=0.00s Real=2.02s
[166.048s][info][gc,start       ] GC(333) Pause Full (Ergonomics)
[166.048s][info][gc,phases,start] GC(333) Marking Phase
[167.540s][info][gc,phases      ] GC(333) Marking Phase 1492.118ms
[167.540s][info][gc,phases,start] GC(333) Summary Phase
[167.540s][info][gc,phases      ] GC(333) Summary Phase 0.068ms
[167.540s][info][gc,phases,start] GC(333) Adjust Roots
[167.540s][info][gc,phases      ] GC(333) Adjust Roots 0.188ms
[167.540s][info][gc,phases,start] GC(333) Compaction Phase
[168.071s][info][gc,phases      ] GC(333) Compaction Phase 530.774ms
[168.071s][info][gc,phases,start] GC(333) Post Compact
[168.081s][info][gc,phases      ] GC(333) Post Compact 9.653ms
[168.081s][info][gc,heap        ] GC(333) PSYoungGen: 59392K(286720K)->59392K(286720K) Eden: 59392K(59392K)->59392K(59392K) From: 0K(227328K)->0K(227328K)
[168.081s][info][gc,heap        ] GC(333) ParOldGen: 6553396K(6553600K)->6553396K(6553600K)
[168.081s][info][gc,metaspace   ] GC(333) Metaspace: 6300K(6464K)->6300K(6464K) NonClass: 5767K(5824K)->5767K(5824K) Class: 533K(640K)->533K(640K)
[168.081s][info][gc             ] GC(333) Pause Full (Ergonomics) 6457M->6457M(6680M) 2033.094ms
[168.081s][info][gc,cpu         ] GC(333) User=14.69s Sys=0.00s Real=2.03s
[168.081s][info][gc,start       ] GC(334) Pause Full (Ergonomics)
[168.081s][info][gc,phases,start] GC(334) Marking Phase
[169.567s][info][gc,phases      ] GC(334) Marking Phase 1486.179ms
[169.567s][info][gc,phases,start] GC(334) Summary Phase
[169.567s][info][gc,phases      ] GC(334) Summary Phase 0.066ms
[169.567s][info][gc,phases,start] GC(334) Adjust Roots
[169.568s][info][gc,phases      ] GC(334) Adjust Roots 0.164ms
[169.568s][info][gc,phases,start] GC(334) Compaction Phase
[170.089s][info][gc,phases      ] GC(334) Compaction Phase 521.709ms
[170.089s][info][gc,phases,start] GC(334) Post Compact
[170.099s][info][gc,phases      ] GC(334) Post Compact 9.628ms
[170.099s][info][gc,heap        ] GC(334) PSYoungGen: 59392K(286720K)->59392K(286720K) Eden: 59392K(59392K)->59392K(59392K) From: 0K(227328K)->0K(227328K)
[170.099s][info][gc,heap        ] GC(334) ParOldGen: 6553401K(6553600K)->6553401K(6553600K)
[170.099s][info][gc,metaspace   ] GC(334) Metaspace: 6300K(6464K)->6300K(6464K) NonClass: 5767K(5824K)->5767K(5824K) Class: 533K(640K)->533K(640K)
[170.099s][info][gc             ] GC(334) Pause Full (Ergonomics) 6457M->6457M(6680M) 2018.033ms
[170.099s][info][gc,cpu         ] GC(334) User=14.59s Sys=0.00s Real=2.02s
[170.099s][info][gc,start       ] GC(335) Pause Full (Ergonomics)
[170.099s][info][gc,phases,start] GC(335) Marking Phase
[171.580s][info][gc,phases      ] GC(335) Marking Phase 1480.362ms
[171.580s][info][gc,phases,start] GC(335) Summary Phase
[171.580s][info][gc,phases      ] GC(335) Summary Phase 0.066ms
[171.580s][info][gc,phases,start] GC(335) Adjust Roots
[171.580s][info][gc,phases      ] GC(335) Adjust Roots 0.165ms
[171.580s][info][gc,phases,start] GC(335) Compaction Phase
[172.111s][info][gc,phases      ] GC(335) Compaction Phase 530.531ms
[172.111s][info][gc,phases,start] GC(335) Post Compact
[172.120s][info][gc,phases      ] GC(335) Post Compact 9.836ms
[172.121s][info][gc,heap        ] GC(335) PSYoungGen: 59392K(286720K)->59392K(286720K) Eden: 59392K(59392K)->59392K(59392K) From: 0K(227328K)->0K(227328K)
[172.121s][info][gc,heap        ] GC(335) ParOldGen: 6553406K(6553600K)->6553406K(6553600K)
[172.121s][info][gc,metaspace   ] GC(335) Metaspace: 6300K(6464K)->6300K(6464K) NonClass: 5767K(5824K)->5767K(5824K) Class: 533K(640K)->533K(640K)
[172.121s][info][gc             ] GC(335) Pause Full (Ergonomics) 6457M->6457M(6680M) 2021.353ms
[172.121s][info][gc,cpu         ] GC(335) User=14.64s Sys=0.00s Real=2.02s
[172.121s][info][gc,start       ] GC(336) Pause Full (Ergonomics)
[172.121s][info][gc,phases,start] GC(336) Marking Phase
[173.614s][info][gc,phases      ] GC(336) Marking Phase 1493.317ms
[173.614s][info][gc,phases,start] GC(336) Summary Phase
[173.614s][info][gc,phases      ] GC(336) Summary Phase 0.067ms
[173.614s][info][gc,phases,start] GC(336) Adjust Roots
[173.615s][info][gc,phases      ] GC(336) Adjust Roots 0.163ms
[173.615s][info][gc,phases,start] GC(336) Compaction Phase
[174.121s][info][gc,phases      ] GC(336) Compaction Phase 506.715ms
[174.121s][info][gc,phases,start] GC(336) Post Compact
[174.131s][info][gc,phases      ] GC(336) Post Compact 10.041ms
[174.131s][info][gc,heap        ] GC(336) PSYoungGen: 59392K(286720K)->59392K(286720K) Eden: 59392K(59392K)->59392K(59392K) From: 0K(227328K)->0K(227328K)
[174.131s][info][gc,heap        ] GC(336) ParOldGen: 6553411K(6553600K)->6553411K(6553600K)
[174.131s][info][gc,metaspace   ] GC(336) Metaspace: 6300K(6464K)->6300K(6464K) NonClass: 5767K(5824K)->5767K(5824K) Class: 533K(640K)->533K(640K)
[174.131s][info][gc             ] GC(336) Pause Full (Ergonomics) 6457M->6457M(6680M) 2010.629ms
[174.132s][info][gc,cpu         ] GC(336) User=14.47s Sys=0.00s Real=2.01s
[174.132s][info][gc,start       ] GC(337) Pause Full (Ergonomics)
[174.132s][info][gc,phases,start] GC(337) Marking Phase
[175.631s][info][gc,phases      ] GC(337) Marking Phase 1499.309ms
[175.631s][info][gc,phases,start] GC(337) Summary Phase
[175.631s][info][gc,phases      ] GC(337) Summary Phase 0.067ms
[175.631s][info][gc,phases,start] GC(337) Adjust Roots
[175.631s][info][gc,phases      ] GC(337) Adjust Roots 0.168ms
[175.631s][info][gc,phases,start] GC(337) Compaction Phase
[176.152s][info][gc,phases      ] GC(337) Compaction Phase 520.300ms
[176.152s][info][gc,phases,start] GC(337) Post Compact
[176.161s][info][gc,phases      ] GC(337) Post Compact 9.589ms
[176.161s][info][gc,heap        ] GC(337) PSYoungGen: 59392K(286720K)->59392K(286720K) Eden: 59392K(59392K)->59392K(59392K) From: 0K(227328K)->0K(227328K)
[176.161s][info][gc,heap        ] GC(337) ParOldGen: 6553416K(6553600K)->6553416K(6553600K)
[176.161s][info][gc,metaspace   ] GC(337) Metaspace: 6300K(6464K)->6300K(6464K) NonClass: 5767K(5824K)->5767K(5824K) Class: 533K(640K)->533K(640K)
[176.161s][info][gc             ] GC(337) Pause Full (Ergonomics) 6457M->6457M(6680M) 2029.713ms
[176.161s][info][gc,cpu         ] GC(337) User=14.73s Sys=0.00s Real=2.03s
[176.162s][info][gc,start       ] GC(338) Pause Full (Ergonomics)
[176.162s][info][gc,phases,start] GC(338) Marking Phase
[177.638s][info][gc,phases      ] GC(338) Marking Phase 1476.034ms
[177.638s][info][gc,phases,start] GC(338) Summary Phase
[177.638s][info][gc,phases      ] GC(338) Summary Phase 0.067ms
[177.638s][info][gc,phases,start] GC(338) Adjust Roots
[177.638s][info][gc,phases      ] GC(338) Adjust Roots 0.166ms
[177.638s][info][gc,phases,start] GC(338) Compaction Phase
[178.159s][info][gc,phases      ] GC(338) Compaction Phase 521.222ms
[178.159s][info][gc,phases,start] GC(338) Post Compact
[178.169s][info][gc,phases      ] GC(338) Post Compact 9.589ms
[178.169s][info][gc,heap        ] GC(338) PSYoungGen: 59392K(286720K)->59392K(286720K) Eden: 59392K(59392K)->59392K(59392K) From: 0K(227328K)->0K(227328K)
[178.169s][info][gc,heap        ] GC(338) ParOldGen: 6553421K(6553600K)->6553421K(6553600K)
[178.169s][info][gc,metaspace   ] GC(338) Metaspace: 6300K(6464K)->6300K(6464K) NonClass: 5767K(5824K)->5767K(5824K) Class: 533K(640K)->533K(640K)
[178.169s][info][gc             ] GC(338) Pause Full (Ergonomics) 6457M->6457M(6680M) 2007.377ms
[178.169s][info][gc,cpu         ] GC(338) User=14.55s Sys=0.00s Real=2.01s
[178.169s][info][gc,start       ] GC(339) Pause Full (Ergonomics)
[178.169s][info][gc,phases,start] GC(339) Marking Phase
[179.682s][info][gc,phases      ] GC(339) Marking Phase 1512.690ms
[179.682s][info][gc,phases,start] GC(339) Summary Phase
[179.682s][info][gc,phases      ] GC(339) Summary Phase 0.067ms
[179.682s][info][gc,phases,start] GC(339) Adjust Roots
[179.682s][info][gc,phases      ] GC(339) Adjust Roots 0.161ms
[179.682s][info][gc,phases,start] GC(339) Compaction Phase
[180.208s][info][gc,phases      ] GC(339) Compaction Phase 526.307ms
[180.209s][info][gc,phases,start] GC(339) Post Compact
[180.218s][info][gc,phases      ] GC(339) Post Compact 9.726ms
[180.218s][info][gc,heap        ] GC(339) PSYoungGen: 59392K(286720K)->59392K(286720K) Eden: 59392K(59392K)->59392K(59392K) From: 0K(227328K)->0K(227328K)
[180.218s][info][gc,heap        ] GC(339) ParOldGen: 6553425K(6553600K)->6553425K(6553600K)
[180.218s][info][gc,metaspace   ] GC(339) Metaspace: 6300K(6464K)->6300K(6464K) NonClass: 5767K(5824K)->5767K(5824K) Class: 533K(640K)->533K(640K)
[180.218s][info][gc             ] GC(339) Pause Full (Ergonomics) 6457M->6457M(6680M) 2049.245ms
[180.218s][info][gc,cpu         ] GC(339) User=14.97s Sys=0.00s Real=2.05s
[180.219s][info][gc,start       ] GC(340) Pause Full (Ergonomics)
[180.219s][info][gc,phases,start] GC(340) Marking Phase
[181.697s][info][gc,phases      ] GC(340) Marking Phase 1478.153ms
[181.697s][info][gc,phases,start] GC(340) Summary Phase
[181.697s][info][gc,phases      ] GC(340) Summary Phase 0.067ms
[181.697s][info][gc,phases,start] GC(340) Adjust Roots
[181.697s][info][gc,phases      ] GC(340) Adjust Roots 0.168ms
[181.697s][info][gc,phases,start] GC(340) Compaction Phase
[182.236s][info][gc,phases      ] GC(340) Compaction Phase 538.589ms
[182.236s][info][gc,phases,start] GC(340) Post Compact
[182.245s][info][gc,phases      ] GC(340) Post Compact 9.618ms
[182.245s][info][gc,heap        ] GC(340) PSYoungGen: 59392K(286720K)->59392K(286720K) Eden: 59392K(59392K)->59392K(59392K) From: 0K(227328K)->0K(227328K)
[182.245s][info][gc,heap        ] GC(340) ParOldGen: 6553430K(6553600K)->6553430K(6553600K)
[182.245s][info][gc,metaspace   ] GC(340) Metaspace: 6300K(6464K)->6300K(6464K) NonClass: 5767K(5824K)->5767K(5824K) Class: 533K(640K)->533K(640K)
[182.245s][info][gc             ] GC(340) Pause Full (Ergonomics) 6457M->6457M(6680M) 2026.867ms
[182.245s][info][gc,cpu         ] GC(340) User=14.64s Sys=0.00s Real=2.03s
[182.246s][info][gc,start       ] GC(341) Pause Full (Ergonomics)
[182.246s][info][gc,phases,start] GC(341) Marking Phase
[183.741s][info][gc,phases      ] GC(341) Marking Phase 1495.149ms
[183.741s][info][gc,phases,start] GC(341) Summary Phase
[183.741s][info][gc,phases      ] GC(341) Summary Phase 0.066ms
[183.741s][info][gc,phases,start] GC(341) Adjust Roots
[183.741s][info][gc,phases      ] GC(341) Adjust Roots 0.160ms
[183.741s][info][gc,phases,start] GC(341) Compaction Phase
[184.271s][info][gc,phases      ] GC(341) Compaction Phase 529.801ms
[184.271s][info][gc,phases,start] GC(341) Post Compact
[184.281s][info][gc,phases      ] GC(341) Post Compact 9.660ms
[184.281s][info][gc,heap        ] GC(341) PSYoungGen: 59392K(286720K)->59392K(286720K) Eden: 59392K(59392K)->59392K(59392K) From: 0K(227328K)->0K(227328K)
[184.281s][info][gc,heap        ] GC(341) ParOldGen: 6553435K(6553600K)->6553435K(6553600K)
[184.281s][info][gc,metaspace   ] GC(341) Metaspace: 6300K(6464K)->6300K(6464K) NonClass: 5767K(5824K)->5767K(5824K) Class: 533K(640K)->533K(640K)
[184.281s][info][gc             ] GC(341) Pause Full (Ergonomics) 6457M->6457M(6680M) 2035.127ms
[184.281s][info][gc,cpu         ] GC(341) User=14.69s Sys=0.00s Real=2.04s
[184.281s][info][gc,start       ] GC(342) Pause Full (Ergonomics)
[184.281s][info][gc,phases,start] GC(342) Marking Phase
[185.774s][info][gc,phases      ] GC(342) Marking Phase 1493.333ms
[185.774s][info][gc,phases,start] GC(342) Summary Phase
[185.774s][info][gc,phases      ] GC(342) Summary Phase 0.091ms
[185.774s][info][gc,phases,start] GC(342) Adjust Roots
[185.775s][info][gc,phases      ] GC(342) Adjust Roots 0.198ms
[185.775s][info][gc,phases,start] GC(342) Compaction Phase
[186.297s][info][gc,phases      ] GC(342) Compaction Phase 522.219ms
[186.297s][info][gc,phases,start] GC(342) Post Compact
[186.307s][info][gc,phases      ] GC(342) Post Compact 9.598ms
[186.307s][info][gc,heap        ] GC(342) PSYoungGen: 59392K(286720K)->59392K(286720K) Eden: 59392K(59392K)->59392K(59392K) From: 0K(227328K)->0K(227328K)
[186.307s][info][gc,heap        ] GC(342) ParOldGen: 6553440K(6553600K)->6553440K(6553600K)
[186.307s][info][gc,metaspace   ] GC(342) Metaspace: 6300K(6464K)->6300K(6464K) NonClass: 5767K(5824K)->5767K(5824K) Class: 533K(640K)->533K(640K)
[186.307s][info][gc             ] GC(342) Pause Full (Ergonomics) 6457M->6457M(6680M) 2025.742ms
[186.307s][info][gc,cpu         ] GC(342) User=14.69s Sys=0.00s Real=2.03s
[186.307s][info][gc,start       ] GC(343) Pause Full (Ergonomics)
[186.307s][info][gc,phases,start] GC(343) Marking Phase
[187.809s][info][gc,phases      ] GC(343) Marking Phase 1502.038ms
[187.809s][info][gc,phases,start] GC(343) Summary Phase
[187.809s][info][gc,phases      ] GC(343) Summary Phase 0.075ms
[187.809s][info][gc,phases,start] GC(343) Adjust Roots
[187.809s][info][gc,phases      ] GC(343) Adjust Roots 0.216ms
[187.809s][info][gc,phases,start] GC(343) Compaction Phase
[188.340s][info][gc,phases      ] GC(343) Compaction Phase 530.404ms
[188.340s][info][gc,phases,start] GC(343) Post Compact
[188.349s][info][gc,phases      ] GC(343) Post Compact 9.684ms
[188.349s][info][gc,heap        ] GC(343) PSYoungGen: 59392K(286720K)->59392K(286720K) Eden: 59392K(59392K)->59392K(59392K) From: 0K(227328K)->0K(227328K)
[188.349s][info][gc,heap        ] GC(343) ParOldGen: 6553445K(6553600K)->6553445K(6553600K)
[188.349s][info][gc,metaspace   ] GC(343) Metaspace: 6300K(6464K)->6300K(6464K) NonClass: 5767K(5824K)->5767K(5824K) Class: 533K(640K)->533K(640K)
[188.349s][info][gc             ] GC(343) Pause Full (Ergonomics) 6457M->6457M(6680M) 2042.694ms
[188.349s][info][gc,cpu         ] GC(343) User=14.70s Sys=0.00s Real=2.04s
[188.350s][info][gc,start       ] GC(344) Pause Full (Ergonomics)
[188.350s][info][gc,phases,start] GC(344) Marking Phase
[189.817s][info][gc,phases      ] GC(344) Marking Phase 1467.024ms
[189.817s][info][gc,phases,start] GC(344) Summary Phase
[189.817s][info][gc,phases      ] GC(344) Summary Phase 0.066ms
[189.817s][info][gc,phases,start] GC(344) Adjust Roots
[189.817s][info][gc,phases      ] GC(344) Adjust Roots 0.172ms
[189.817s][info][gc,phases,start] GC(344) Compaction Phase
[190.348s][info][gc,phases      ] GC(344) Compaction Phase 531.299ms
[190.348s][info][gc,phases,start] GC(344) Post Compact
[190.358s][info][gc,phases      ] GC(344) Post Compact 9.642ms
[190.358s][info][gc,heap        ] GC(344) PSYoungGen: 59392K(286720K)->59392K(286720K) Eden: 59392K(59392K)->59392K(59392K) From: 0K(227328K)->0K(227328K)
[190.358s][info][gc,heap        ] GC(344) ParOldGen: 6553450K(6553600K)->6553450K(6553600K)
[190.358s][info][gc,metaspace   ] GC(344) Metaspace: 6300K(6464K)->6300K(6464K) NonClass: 5767K(5824K)->5767K(5824K) Class: 533K(640K)->533K(640K)
[190.358s][info][gc             ] GC(344) Pause Full (Ergonomics) 6457M->6457M(6680M) 2008.483ms
[190.358s][info][gc,cpu         ] GC(344) User=14.44s Sys=0.00s Real=2.01s
[190.358s][info][gc,start       ] GC(345) Pause Full (Ergonomics)
[190.358s][info][gc,phases,start] GC(345) Marking Phase
[191.850s][info][gc,phases      ] GC(345) Marking Phase 1491.638ms
[191.850s][info][gc,phases,start] GC(345) Summary Phase
[191.850s][info][gc,phases      ] GC(345) Summary Phase 0.072ms
[191.850s][info][gc,phases,start] GC(345) Adjust Roots
[191.850s][info][gc,phases      ] GC(345) Adjust Roots 0.170ms
[191.850s][info][gc,phases,start] GC(345) Compaction Phase
[192.373s][info][gc,phases      ] GC(345) Compaction Phase 523.005ms
[192.373s][info][gc,phases,start] GC(345) Post Compact
[192.383s][info][gc,phases      ] GC(345) Post Compact 9.558ms
[192.383s][info][gc,heap        ] GC(345) PSYoungGen: 59392K(286720K)->59392K(286720K) Eden: 59392K(59392K)->59392K(59392K) From: 0K(227328K)->0K(227328K)
[192.383s][info][gc,heap        ] GC(345) ParOldGen: 6553454K(6553600K)->6553454K(6553600K)
[192.383s][info][gc,metaspace   ] GC(345) Metaspace: 6300K(6464K)->6300K(6464K) NonClass: 5767K(5824K)->5767K(5824K) Class: 533K(640K)->533K(640K)
[192.383s][info][gc             ] GC(345) Pause Full (Ergonomics) 6457M->6457M(6680M) 2024.735ms
[192.383s][info][gc,cpu         ] GC(345) User=14.75s Sys=0.00s Real=2.02s
[192.383s][info][gc,start       ] GC(346) Pause Full (Ergonomics)
[192.383s][info][gc,phases,start] GC(346) Marking Phase
[193.892s][info][gc,phases      ] GC(346) Marking Phase 1508.907ms
[193.892s][info][gc,phases,start] GC(346) Summary Phase
[193.892s][info][gc,phases      ] GC(346) Summary Phase 0.077ms
[193.892s][info][gc,phases,start] GC(346) Adjust Roots
[193.893s][info][gc,phases      ] GC(346) Adjust Roots 0.198ms
[193.893s][info][gc,phases,start] GC(346) Compaction Phase
[194.417s][info][gc,phases      ] GC(346) Compaction Phase 524.438ms
[194.417s][info][gc,phases,start] GC(346) Post Compact
[194.427s][info][gc,phases      ] GC(346) Post Compact 9.717ms
[194.427s][info][gc,heap        ] GC(346) PSYoungGen: 59392K(286720K)->59392K(286720K) Eden: 59392K(59392K)->59392K(59392K) From: 0K(227328K)->0K(227328K)
[194.427s][info][gc,heap        ] GC(346) ParOldGen: 6553459K(6553600K)->6553459K(6553600K)
[194.427s][info][gc,metaspace   ] GC(346) Metaspace: 6300K(6464K)->6300K(6464K) NonClass: 5767K(5824K)->5767K(5824K) Class: 533K(640K)->533K(640K)
[194.427s][info][gc             ] GC(346) Pause Full (Ergonomics) 6457M->6457M(6680M) 2043.632ms
[194.427s][info][gc,cpu         ] GC(346) User=14.84s Sys=0.02s Real=2.04s
[194.427s][info][gc,start       ] GC(347) Pause Full (Ergonomics)
[194.427s][info][gc,phases,start] GC(347) Marking Phase
[195.892s][info][gc,phases      ] GC(347) Marking Phase 1465.157ms
[195.892s][info][gc,phases,start] GC(347) Summary Phase
[195.892s][info][gc,phases      ] GC(347) Summary Phase 0.069ms
[195.892s][info][gc,phases,start] GC(347) Adjust Roots
[195.893s][info][gc,phases      ] GC(347) Adjust Roots 0.174ms
[195.893s][info][gc,phases,start] GC(347) Compaction Phase
[196.423s][info][gc,phases      ] GC(347) Compaction Phase 530.000ms
[196.423s][info][gc,phases,start] GC(347) Post Compact
[196.432s][info][gc,phases      ] GC(347) Post Compact 9.732ms
[196.432s][info][gc,heap        ] GC(347) PSYoungGen: 59392K(286720K)->59392K(286720K) Eden: 59392K(59392K)->59392K(59392K) From: 0K(227328K)->0K(227328K)
[196.432s][info][gc,heap        ] GC(347) ParOldGen: 6553464K(6553600K)->6553464K(6553600K)
[196.432s][info][gc,metaspace   ] GC(347) Metaspace: 6300K(6464K)->6300K(6464K) NonClass: 5767K(5824K)->5767K(5824K) Class: 533K(640K)->533K(640K)
[196.432s][info][gc             ] GC(347) Pause Full (Ergonomics) 6457M->6457M(6680M) 2005.429ms
[196.432s][info][gc,cpu         ] GC(347) User=14.47s Sys=0.00s Real=2.00s
[196.433s][info][gc,start       ] GC(348) Pause Full (Ergonomics)
[196.433s][info][gc,phases,start] GC(348) Marking Phase
[197.910s][info][gc,phases      ] GC(348) Marking Phase 1477.652ms
[197.910s][info][gc,phases,start] GC(348) Summary Phase
[197.910s][info][gc,phases      ] GC(348) Summary Phase 0.103ms
[197.911s][info][gc,phases,start] GC(348) Adjust Roots
[197.911s][info][gc,phases      ] GC(348) Adjust Roots 0.303ms
[197.911s][info][gc,phases,start] GC(348) Compaction Phase
[198.429s][info][gc,phases      ] GC(348) Compaction Phase 518.193ms
[198.429s][info][gc,phases,start] GC(348) Post Compact
[198.439s][info][gc,phases      ] GC(348) Post Compact 9.719ms
[198.439s][info][gc,heap        ] GC(348) PSYoungGen: 59392K(286720K)->59392K(286720K) Eden: 59392K(59392K)->59392K(59392K) From: 0K(227328K)->0K(227328K)
[198.439s][info][gc,heap        ] GC(348) ParOldGen: 6553469K(6553600K)->6553469K(6553600K)
[198.439s][info][gc,metaspace   ] GC(348) Metaspace: 6300K(6464K)->6300K(6464K) NonClass: 5767K(5824K)->5767K(5824K) Class: 533K(640K)->533K(640K)
[198.439s][info][gc             ] GC(348) Pause Full (Ergonomics) 6457M->6457M(6680M) 2006.373ms
[198.439s][info][gc,cpu         ] GC(348) User=14.39s Sys=0.00s Real=2.01s
[198.439s][info][gc,start       ] GC(349) Pause Full (Ergonomics)
[198.439s][info][gc,phases,start] GC(349) Marking Phase
[199.922s][info][gc,phases      ] GC(349) Marking Phase 1482.964ms
[199.922s][info][gc,phases,start] GC(349) Summary Phase
[199.922s][info][gc,phases      ] GC(349) Summary Phase 0.069ms
[199.922s][info][gc,phases,start] GC(349) Adjust Roots
[199.923s][info][gc,phases      ] GC(349) Adjust Roots 0.190ms
[199.923s][info][gc,phases,start] GC(349) Compaction Phase
[200.440s][info][gc,phases      ] GC(349) Compaction Phase 517.869ms
[200.441s][info][gc,phases,start] GC(349) Post Compact
[200.450s][info][gc,phases      ] GC(349) Post Compact 9.566ms
[200.450s][info][gc,heap        ] GC(349) PSYoungGen: 59392K(286720K)->59392K(286720K) Eden: 59392K(59392K)->59392K(59392K) From: 0K(227328K)->0K(227328K)
[200.450s][info][gc,heap        ] GC(349) ParOldGen: 6553474K(6553600K)->6553474K(6553600K)
[200.450s][info][gc,metaspace   ] GC(349) Metaspace: 6300K(6464K)->6300K(6464K) NonClass: 5767K(5824K)->5767K(5824K) Class: 533K(640K)->533K(640K)
[200.450s][info][gc             ] GC(349) Pause Full (Ergonomics) 6457M->6457M(6680M) 2010.962ms
[200.450s][info][gc,cpu         ] GC(349) User=14.34s Sys=0.03s Real=2.01s
[200.450s][info][gc,start       ] GC(350) Pause Full (Ergonomics)
[200.450s][info][gc,phases,start] GC(350) Marking Phase
[201.949s][info][gc,phases      ] GC(350) Marking Phase 1499.105ms
[201.950s][info][gc,phases,start] GC(350) Summary Phase
[201.950s][info][gc,phases      ] GC(350) Summary Phase 0.065ms
[201.950s][info][gc,phases,start] GC(350) Adjust Roots
[201.950s][info][gc,phases      ] GC(350) Adjust Roots 0.168ms
[201.950s][info][gc,phases,start] GC(350) Compaction Phase
[202.471s][info][gc,phases      ] GC(350) Compaction Phase 521.033ms
[202.471s][info][gc,phases,start] GC(350) Post Compact
[202.481s][info][gc,phases      ] GC(350) Post Compact 9.786ms
[202.481s][info][gc,heap        ] GC(350) PSYoungGen: 59392K(286720K)->59392K(286720K) Eden: 59392K(59392K)->59392K(59392K) From: 0K(227328K)->0K(227328K)
[202.481s][info][gc,heap        ] GC(350) ParOldGen: 6553479K(6553600K)->6553479K(6553600K)
[202.481s][info][gc,metaspace   ] GC(350) Metaspace: 6300K(6464K)->6300K(6464K) NonClass: 5767K(5824K)->5767K(5824K) Class: 533K(640K)->533K(640K)
[202.481s][info][gc             ] GC(350) Pause Full (Ergonomics) 6457M->6457M(6680M) 2030.469ms
[202.481s][info][gc,cpu         ] GC(350) User=14.62s Sys=0.00s Real=2.03s
[202.481s][info][gc,start       ] GC(351) Pause Full (Ergonomics)
[202.481s][info][gc,phases,start] GC(351) Marking Phase
[203.973s][info][gc,phases      ] GC(351) Marking Phase 1491.959ms
[203.973s][info][gc,phases,start] GC(351) Summary Phase
[203.973s][info][gc,phases      ] GC(351) Summary Phase 0.068ms
[203.973s][info][gc,phases,start] GC(351) Adjust Roots
[203.973s][info][gc,phases      ] GC(351) Adjust Roots 0.162ms
[203.973s][info][gc,phases,start] GC(351) Compaction Phase
[204.498s][info][gc,phases      ] GC(351) Compaction Phase 524.245ms
[204.498s][info][gc,phases,start] GC(351) Post Compact
[204.507s][info][gc,phases      ] GC(351) Post Compact 9.718ms
[204.507s][info][gc,heap        ] GC(351) PSYoungGen: 59392K(286720K)->59392K(286720K) Eden: 59392K(59392K)->59392K(59392K) From: 0K(227328K)->0K(227328K)
[204.507s][info][gc,heap        ] GC(351) ParOldGen: 6553483K(6553600K)->6553483K(6553600K)
[204.507s][info][gc,metaspace   ] GC(351) Metaspace: 6300K(6464K)->6300K(6464K) NonClass: 5767K(5824K)->5767K(5824K) Class: 533K(640K)->533K(640K)
[204.507s][info][gc             ] GC(351) Pause Full (Ergonomics) 6457M->6457M(6680M) 2026.471ms
[204.507s][info][gc,cpu         ] GC(351) User=14.66s Sys=0.00s Real=2.03s
[204.508s][info][gc,start       ] GC(352) Pause Full (Ergonomics)
[204.508s][info][gc,phases,start] GC(352) Marking Phase
[206.025s][info][gc,phases      ] GC(352) Marking Phase 1517.717ms
[206.025s][info][gc,phases,start] GC(352) Summary Phase
[206.026s][info][gc,phases      ] GC(352) Summary Phase 0.069ms
[206.026s][info][gc,phases,start] GC(352) Adjust Roots
[206.026s][info][gc,phases      ] GC(352) Adjust Roots 0.170ms
[206.026s][info][gc,phases,start] GC(352) Compaction Phase
[206.555s][info][gc,phases      ] GC(352) Compaction Phase 529.601ms
[206.555s][info][gc,phases,start] GC(352) Post Compact
[206.565s][info][gc,phases      ] GC(352) Post Compact 9.580ms
[206.565s][info][gc,heap        ] GC(352) PSYoungGen: 59392K(286720K)->59392K(286720K) Eden: 59392K(59392K)->59392K(59392K) From: 0K(227328K)->0K(227328K)
[206.565s][info][gc,heap        ] GC(352) ParOldGen: 6553488K(6553600K)->6553488K(6553600K)
[206.565s][info][gc,metaspace   ] GC(352) Metaspace: 6300K(6464K)->6300K(6464K) NonClass: 5767K(5824K)->5767K(5824K) Class: 533K(640K)->533K(640K)
[206.565s][info][gc             ] GC(352) Pause Full (Ergonomics) 6457M->6457M(6680M) 2057.422ms
[206.565s][info][gc,cpu         ] GC(352) User=14.70s Sys=0.00s Real=2.06s
[206.565s][info][gc,start       ] GC(353) Pause Full (Ergonomics)
[206.565s][info][gc,phases,start] GC(353) Marking Phase
[208.065s][info][gc,phases      ] GC(353) Marking Phase 1499.871ms
[208.065s][info][gc,phases,start] GC(353) Summary Phase
[208.065s][info][gc,phases      ] GC(353) Summary Phase 0.091ms
[208.065s][info][gc,phases,start] GC(353) Adjust Roots
[208.066s][info][gc,phases      ] GC(353) Adjust Roots 0.177ms
[208.066s][info][gc,phases,start] GC(353) Compaction Phase
[208.594s][info][gc,phases      ] GC(353) Compaction Phase 528.330ms
[208.594s][info][gc,phases,start] GC(353) Post Compact
[208.604s][info][gc,phases      ] GC(353) Post Compact 9.570ms
[208.604s][info][gc,heap        ] GC(353) PSYoungGen: 59392K(286720K)->59392K(286720K) Eden: 59392K(59392K)->59392K(59392K) From: 0K(227328K)->0K(227328K)
[208.604s][info][gc,heap        ] GC(353) ParOldGen: 6553493K(6553600K)->6553493K(6553600K)
[208.604s][info][gc,metaspace   ] GC(353) Metaspace: 6300K(6464K)->6300K(6464K) NonClass: 5767K(5824K)->5767K(5824K) Class: 533K(640K)->533K(640K)
[208.604s][info][gc             ] GC(353) Pause Full (Ergonomics) 6457M->6457M(6680M) 2038.375ms
[208.604s][info][gc,cpu         ] GC(353) User=14.69s Sys=0.00s Real=2.04s
[208.604s][info][gc,start       ] GC(354) Pause Full (Ergonomics)
[208.604s][info][gc,phases,start] GC(354) Marking Phase
[210.063s][info][gc,phases      ] GC(354) Marking Phase 1459.421ms
[210.063s][info][gc,phases,start] GC(354) Summary Phase
[210.063s][info][gc,phases      ] GC(354) Summary Phase 0.066ms
[210.063s][info][gc,phases,start] GC(354) Adjust Roots
[210.064s][info][gc,phases      ] GC(354) Adjust Roots 0.163ms
[210.064s][info][gc,phases,start] GC(354) Compaction Phase
[210.601s][info][gc,phases      ] GC(354) Compaction Phase 537.416ms
[210.601s][info][gc,phases,start] GC(354) Post Compact
[210.611s][info][gc,phases      ] GC(354) Post Compact 9.674ms
[210.611s][info][gc,heap        ] GC(354) PSYoungGen: 59392K(286720K)->59392K(286720K) Eden: 59392K(59392K)->59392K(59392K) From: 0K(227328K)->0K(227328K)
[210.611s][info][gc,heap        ] GC(354) ParOldGen: 6553498K(6553600K)->6553498K(6553600K)
[210.611s][info][gc,metaspace   ] GC(354) Metaspace: 6300K(6464K)->6300K(6464K) NonClass: 5767K(5824K)->5767K(5824K) Class: 533K(640K)->533K(640K)
[210.611s][info][gc             ] GC(354) Pause Full (Ergonomics) 6457M->6457M(6680M) 2007.026ms
[210.611s][info][gc,cpu         ] GC(354) User=14.47s Sys=0.03s Real=2.01s
[210.611s][info][gc,start       ] GC(355) Pause Full (Ergonomics)
[210.611s][info][gc,phases,start] GC(355) Marking Phase
[212.095s][info][gc,phases      ] GC(355) Marking Phase 1484.055ms
[212.095s][info][gc,phases,start] GC(355) Summary Phase
[212.095s][info][gc,phases      ] GC(355) Summary Phase 0.074ms
[212.095s][info][gc,phases,start] GC(355) Adjust Roots
[212.095s][info][gc,phases      ] GC(355) Adjust Roots 0.211ms
[212.095s][info][gc,phases,start] GC(355) Compaction Phase
[212.614s][info][gc,phases      ] GC(355) Compaction Phase 518.285ms
[212.614s][info][gc,phases,start] GC(355) Post Compact
[212.623s][info][gc,phases      ] GC(355) Post Compact 9.563ms
[212.623s][info][gc,heap        ] GC(355) PSYoungGen: 59392K(286720K)->59392K(286720K) Eden: 59392K(59392K)->59392K(59392K) From: 0K(227328K)->0K(227328K)
[212.623s][info][gc,heap        ] GC(355) ParOldGen: 6553503K(6553600K)->6553503K(6553600K)
[212.623s][info][gc,metaspace   ] GC(355) Metaspace: 6300K(6464K)->6300K(6464K) NonClass: 5767K(5824K)->5767K(5824K) Class: 533K(640K)->533K(640K)
[212.623s][info][gc             ] GC(355) Pause Full (Ergonomics) 6457M->6457M(6680M) 2012.468ms
[212.623s][info][gc,cpu         ] GC(355) User=14.55s Sys=0.00s Real=2.01s
[212.624s][info][gc,start       ] GC(356) Pause Full (Ergonomics)
[212.624s][info][gc,phases,start] GC(356) Marking Phase
[214.126s][info][gc,phases      ] GC(356) Marking Phase 1502.465ms
[214.126s][info][gc,phases,start] GC(356) Summary Phase
[214.126s][info][gc,phases      ] GC(356) Summary Phase 0.077ms
[214.126s][info][gc,phases,start] GC(356) Adjust Roots
[214.127s][info][gc,phases      ] GC(356) Adjust Roots 0.214ms
[214.127s][info][gc,phases,start] GC(356) Compaction Phase
[214.659s][info][gc,phases      ] GC(356) Compaction Phase 532.658ms
[214.659s][info][gc,phases,start] GC(356) Post Compact
[214.670s][info][gc,phases      ] GC(356) Post Compact 10.606ms
[214.670s][info][gc,heap        ] GC(356) PSYoungGen: 59392K(286720K)->59392K(286720K) Eden: 59392K(59392K)->59392K(59392K) From: 0K(227328K)->0K(227328K)
[214.670s][info][gc,heap        ] GC(356) ParOldGen: 6553508K(6553600K)->6553508K(6553600K)
[214.670s][info][gc,metaspace   ] GC(356) Metaspace: 6300K(6464K)->6300K(6464K) NonClass: 5767K(5824K)->5767K(5824K) Class: 533K(640K)->533K(640K)
[214.670s][info][gc             ] GC(356) Pause Full (Ergonomics) 6457M->6457M(6680M) 2046.362ms
[214.670s][info][gc,cpu         ] GC(356) User=14.62s Sys=0.00s Real=2.05s
[214.670s][info][gc,start       ] GC(357) Pause Full (Ergonomics)
[214.670s][info][gc,phases,start] GC(357) Marking Phase
[216.154s][info][gc,phases      ] GC(357) Marking Phase 1483.553ms
[216.154s][info][gc,phases,start] GC(357) Summary Phase
[216.154s][info][gc,phases      ] GC(357) Summary Phase 0.104ms
[216.154s][info][gc,phases,start] GC(357) Adjust Roots
[216.154s][info][gc,phases      ] GC(357) Adjust Roots 0.235ms
[216.154s][info][gc,phases,start] GC(357) Compaction Phase
[216.677s][info][gc,phases      ] GC(357) Compaction Phase 522.382ms
[216.677s][info][gc,phases,start] GC(357) Post Compact
[216.686s][info][gc,phases      ] GC(357) Post Compact 9.732ms
[216.687s][info][gc,heap        ] GC(357) PSYoungGen: 59392K(286720K)->59392K(286720K) Eden: 59392K(59392K)->59392K(59392K) From: 0K(227328K)->0K(227328K)
[216.687s][info][gc,heap        ] GC(357) ParOldGen: 6553512K(6553600K)->6553512K(6553600K)
[216.687s][info][gc,metaspace   ] GC(357) Metaspace: 6300K(6464K)->6300K(6464K) NonClass: 5767K(5824K)->5767K(5824K) Class: 533K(640K)->533K(640K)
[216.687s][info][gc             ] GC(357) Pause Full (Ergonomics) 6457M->6457M(6680M) 2016.348ms
[216.687s][info][gc,cpu         ] GC(357) User=14.34s Sys=0.00s Real=2.02s
[216.687s][info][gc,start       ] GC(358) Pause Full (Ergonomics)
[216.687s][info][gc,phases,start] GC(358) Marking Phase
[218.174s][info][gc,phases      ] GC(358) Marking Phase 1486.803ms
[218.174s][info][gc,phases,start] GC(358) Summary Phase
[218.174s][info][gc,phases      ] GC(358) Summary Phase 0.067ms
[218.174s][info][gc,phases,start] GC(358) Adjust Roots
[218.174s][info][gc,phases      ] GC(358) Adjust Roots 0.166ms
[218.174s][info][gc,phases,start] GC(358) Compaction Phase
[218.705s][info][gc,phases      ] GC(358) Compaction Phase 531.066ms
[218.705s][info][gc,phases,start] GC(358) Post Compact
[218.715s][info][gc,phases      ] GC(358) Post Compact 9.522ms
[218.715s][info][gc,heap        ] GC(358) PSYoungGen: 59392K(286720K)->59392K(286720K) Eden: 59392K(59392K)->59392K(59392K) From: 0K(227328K)->0K(227328K)
[218.715s][info][gc,heap        ] GC(358) ParOldGen: 6553517K(6553600K)->6553517K(6553600K)
[218.715s][info][gc,metaspace   ] GC(358) Metaspace: 6300K(6464K)->6300K(6464K) NonClass: 5767K(5824K)->5767K(5824K) Class: 533K(640K)->533K(640K)
[218.715s][info][gc             ] GC(358) Pause Full (Ergonomics) 6457M->6457M(6680M) 2027.919ms
[218.715s][info][gc,cpu         ] GC(358) User=14.59s Sys=0.00s Real=2.03s
[218.715s][info][gc,start       ] GC(359) Pause Full (Ergonomics)
[218.715s][info][gc,phases,start] GC(359) Marking Phase
[220.217s][info][gc,phases      ] GC(359) Marking Phase 1501.720ms
[220.217s][info][gc,phases,start] GC(359) Summary Phase
[220.217s][info][gc,phases      ] GC(359) Summary Phase 0.091ms
[220.217s][info][gc,phases,start] GC(359) Adjust Roots
[220.217s][info][gc,phases      ] GC(359) Adjust Roots 0.210ms
[220.217s][info][gc,phases,start] GC(359) Compaction Phase
[220.754s][info][gc,phases      ] GC(359) Compaction Phase 536.594ms
[220.754s][info][gc,phases,start] GC(359) Post Compact
[220.763s][info][gc,phases      ] GC(359) Post Compact 9.546ms
[220.763s][info][gc,heap        ] GC(359) PSYoungGen: 59392K(286720K)->59392K(286720K) Eden: 59392K(59392K)->59392K(59392K) From: 0K(227328K)->0K(227328K)
[220.763s][info][gc,heap        ] GC(359) ParOldGen: 6553522K(6553600K)->6553522K(6553600K)
[220.763s][info][gc,metaspace   ] GC(359) Metaspace: 6300K(6464K)->6300K(6464K) NonClass: 5767K(5824K)->5767K(5824K) Class: 533K(640K)->533K(640K)
[220.763s][info][gc             ] GC(359) Pause Full (Ergonomics) 6457M->6457M(6680M) 2048.474ms
[220.763s][info][gc,cpu         ] GC(359) User=14.62s Sys=0.00s Real=2.05s
[220.764s][info][gc,start       ] GC(360) Pause Full (Ergonomics)
[220.764s][info][gc,phases,start] GC(360) Marking Phase
[222.250s][info][gc,phases      ] GC(360) Marking Phase 1486.018ms
[222.250s][info][gc,phases,start] GC(360) Summary Phase
[222.250s][info][gc,phases      ] GC(360) Summary Phase 0.070ms
[222.250s][info][gc,phases,start] GC(360) Adjust Roots
[222.250s][info][gc,phases      ] GC(360) Adjust Roots 0.164ms
[222.250s][info][gc,phases,start] GC(360) Compaction Phase
[222.778s][info][gc,phases      ] GC(360) Compaction Phase 528.016ms
[222.778s][info][gc,phases,start] GC(360) Post Compact
[222.788s][info][gc,phases      ] GC(360) Post Compact 9.666ms
[222.788s][info][gc,heap        ] GC(360) PSYoungGen: 59392K(286720K)->59392K(286720K) Eden: 59392K(59392K)->59392K(59392K) From: 0K(227328K)->0K(227328K)
[222.788s][info][gc,heap        ] GC(360) ParOldGen: 6553527K(6553600K)->6553527K(6553600K)
[222.788s][info][gc,metaspace   ] GC(360) Metaspace: 6300K(6464K)->6300K(6464K) NonClass: 5767K(5824K)->5767K(5824K) Class: 533K(640K)->533K(640K)
[222.788s][info][gc             ] GC(360) Pause Full (Ergonomics) 6457M->6457M(6680M) 2024.226ms
[222.788s][info][gc,cpu         ] GC(360) User=14.53s Sys=0.00s Real=2.02s
[222.788s][info][gc,start       ] GC(361) Pause Full (Ergonomics)
[222.788s][info][gc,phases,start] GC(361) Marking Phase
[224.294s][info][gc,phases      ] GC(361) Marking Phase 1506.111ms
[224.294s][info][gc,phases,start] GC(361) Summary Phase
[224.294s][info][gc,phases      ] GC(361) Summary Phase 0.069ms
[224.294s][info][gc,phases,start] GC(361) Adjust Roots
[224.294s][info][gc,phases      ] GC(361) Adjust Roots 0.168ms
[224.294s][info][gc,phases,start] GC(361) Compaction Phase
[224.824s][info][gc,phases      ] GC(361) Compaction Phase 529.761ms
[224.824s][info][gc,phases,start] GC(361) Post Compact
[224.834s][info][gc,phases      ] GC(361) Post Compact 9.584ms
[224.834s][info][gc,heap        ] GC(361) PSYoungGen: 59392K(286720K)->59392K(286720K) Eden: 59392K(59392K)->59392K(59392K) From: 0K(227328K)->0K(227328K)
[224.834s][info][gc,heap        ] GC(361) ParOldGen: 6553532K(6553600K)->6553532K(6553600K)
[224.834s][info][gc,metaspace   ] GC(361) Metaspace: 6300K(6464K)->6300K(6464K) NonClass: 5767K(5824K)->5767K(5824K) Class: 533K(640K)->533K(640K)
[224.834s][info][gc             ] GC(361) Pause Full (Ergonomics) 6457M->6457M(6680M) 2045.972ms
[224.834s][info][gc,cpu         ] GC(361) User=14.72s Sys=0.02s Real=2.05s
[224.834s][info][gc,start       ] GC(362) Pause Full (Ergonomics)
[224.834s][info][gc,phases,start] GC(362) Marking Phase
[226.329s][info][gc,phases      ] GC(362) Marking Phase 1495.366ms
[226.330s][info][gc,phases,start] GC(362) Summary Phase
[226.330s][info][gc,phases      ] GC(362) Summary Phase 0.069ms
[226.330s][info][gc,phases,start] GC(362) Adjust Roots
[226.330s][info][gc,phases      ] GC(362) Adjust Roots 0.170ms
[226.330s][info][gc,phases,start] GC(362) Compaction Phase
[226.866s][info][gc,phases      ] GC(362) Compaction Phase 535.763ms
[226.866s][info][gc,phases,start] GC(362) Post Compact
[226.875s][info][gc,phases      ] GC(362) Post Compact 9.547ms
[226.875s][info][gc,heap        ] GC(362) PSYoungGen: 59392K(286720K)->59392K(286720K) Eden: 59392K(59392K)->59392K(59392K) From: 0K(227328K)->0K(227328K)
[226.875s][info][gc,heap        ] GC(362) ParOldGen: 6553537K(6553600K)->6553537K(6553600K)
[226.875s][info][gc,metaspace   ] GC(362) Metaspace: 6300K(6464K)->6300K(6464K) NonClass: 5767K(5824K)->5767K(5824K) Class: 533K(640K)->533K(640K)
[226.875s][info][gc             ] GC(362) Pause Full (Ergonomics) 6457M->6457M(6680M) 2041.199ms
[226.875s][info][gc,cpu         ] GC(362) User=14.72s Sys=0.00s Real=2.04s
[226.875s][info][gc,start       ] GC(363) Pause Full (Ergonomics)
[226.876s][info][gc,phases,start] GC(363) Marking Phase
[228.365s][info][gc,phases      ] GC(363) Marking Phase 1489.219ms
[228.365s][info][gc,phases,start] GC(363) Summary Phase
[228.365s][info][gc,phases      ] GC(363) Summary Phase 0.076ms
[228.365s][info][gc,phases,start] GC(363) Adjust Roots
[228.365s][info][gc,phases      ] GC(363) Adjust Roots 0.215ms
[228.365s][info][gc,phases,start] GC(363) Compaction Phase
[228.887s][info][gc,phases      ] GC(363) Compaction Phase 522.023ms
[228.887s][info][gc,phases,start] GC(363) Post Compact
[228.898s][info][gc,phases      ] GC(363) Post Compact 10.799ms
[228.898s][info][gc,heap        ] GC(363) PSYoungGen: 59392K(286720K)->59392K(286720K) Eden: 59392K(59392K)->59392K(59392K) From: 0K(227328K)->0K(227328K)
[228.898s][info][gc,heap        ] GC(363) ParOldGen: 6553541K(6553600K)->6553541K(6553600K)
[228.898s][info][gc,metaspace   ] GC(363) Metaspace: 6300K(6464K)->6300K(6464K) NonClass: 5767K(5824K)->5767K(5824K) Class: 533K(640K)->533K(640K)
[228.898s][info][gc             ] GC(363) Pause Full (Ergonomics) 6457M->6457M(6680M) 2022.688ms
[228.898s][info][gc,cpu         ] GC(363) User=14.53s Sys=0.00s Real=2.02s
[228.898s][info][gc,start       ] GC(364) Pause Full (Ergonomics)
[228.898s][info][gc,phases,start] GC(364) Marking Phase
[230.396s][info][gc,phases      ] GC(364) Marking Phase 1497.391ms
[230.396s][info][gc,phases,start] GC(364) Summary Phase
[230.396s][info][gc,phases      ] GC(364) Summary Phase 0.069ms
[230.396s][info][gc,phases,start] GC(364) Adjust Roots
[230.396s][info][gc,phases      ] GC(364) Adjust Roots 0.171ms
[230.396s][info][gc,phases,start] GC(364) Compaction Phase
[230.934s][info][gc,phases      ] GC(364) Compaction Phase 537.372ms
[230.934s][info][gc,phases,start] GC(364) Post Compact
[230.945s][info][gc,phases      ] GC(364) Post Compact 11.003ms
[230.945s][info][gc,heap        ] GC(364) PSYoungGen: 59392K(286720K)->59392K(286720K) Eden: 59392K(59392K)->59392K(59392K) From: 0K(227328K)->0K(227328K)
[230.945s][info][gc,heap        ] GC(364) ParOldGen: 6553546K(6553600K)->6553546K(6553600K)
[230.945s][info][gc,metaspace   ] GC(364) Metaspace: 6300K(6464K)->6300K(6464K) NonClass: 5767K(5824K)->5767K(5824K) Class: 533K(640K)->533K(640K)
[230.945s][info][gc             ] GC(364) Pause Full (Ergonomics) 6457M->6457M(6680M) 2046.332ms
[230.945s][info][gc,cpu         ] GC(364) User=14.75s Sys=0.08s Real=2.05s
[230.945s][info][gc,start       ] GC(365) Pause Full (Ergonomics)
[230.945s][info][gc,phases,start] GC(365) Marking Phase
[232.415s][info][gc,phases      ] GC(365) Marking Phase 1469.869ms
[232.415s][info][gc,phases,start] GC(365) Summary Phase
[232.415s][info][gc,phases      ] GC(365) Summary Phase 0.068ms
[232.415s][info][gc,phases,start] GC(365) Adjust Roots
[232.415s][info][gc,phases      ] GC(365) Adjust Roots 0.166ms
[232.415s][info][gc,phases,start] GC(365) Compaction Phase
[232.941s][info][gc,phases      ] GC(365) Compaction Phase 526.099ms
[232.941s][info][gc,phases,start] GC(365) Post Compact
[232.951s][info][gc,phases      ] GC(365) Post Compact 9.652ms
[232.951s][info][gc,heap        ] GC(365) PSYoungGen: 59392K(286720K)->59392K(286720K) Eden: 59392K(59392K)->59392K(59392K) From: 0K(227328K)->0K(227328K)
[232.951s][info][gc,heap        ] GC(365) ParOldGen: 6553551K(6553600K)->6553551K(6553600K)
[232.951s][info][gc,metaspace   ] GC(365) Metaspace: 6300K(6464K)->6300K(6464K) NonClass: 5767K(5824K)->5767K(5824K) Class: 533K(640K)->533K(640K)
[232.951s][info][gc             ] GC(365) Pause Full (Ergonomics) 6457M->6457M(6680M) 2006.172ms
[232.951s][info][gc,cpu         ] GC(365) User=14.69s Sys=0.00s Real=2.01s
[232.951s][info][gc,start       ] GC(366) Pause Full (Ergonomics)
[232.951s][info][gc,phases,start] GC(366) Marking Phase
[234.447s][info][gc,phases      ] GC(366) Marking Phase 1495.995ms
[234.447s][info][gc,phases,start] GC(366) Summary Phase
[234.447s][info][gc,phases      ] GC(366) Summary Phase 0.067ms
[234.447s][info][gc,phases,start] GC(366) Adjust Roots
[234.448s][info][gc,phases      ] GC(366) Adjust Roots 0.176ms
[234.448s][info][gc,phases,start] GC(366) Compaction Phase
[234.966s][info][gc,phases      ] GC(366) Compaction Phase 518.185ms
[234.966s][info][gc,phases,start] GC(366) Post Compact
[234.976s][info][gc,phases      ] GC(366) Post Compact 9.709ms
[234.976s][info][gc,heap        ] GC(366) PSYoungGen: 59392K(286720K)->59392K(286720K) Eden: 59392K(59392K)->59392K(59392K) From: 0K(227328K)->0K(227328K)
[234.976s][info][gc,heap        ] GC(366) ParOldGen: 6553556K(6553600K)->6553556K(6553600K)
[234.976s][info][gc,metaspace   ] GC(366) Metaspace: 6300K(6464K)->6300K(6464K) NonClass: 5767K(5824K)->5767K(5824K) Class: 533K(640K)->533K(640K)
[234.976s][info][gc             ] GC(366) Pause Full (Ergonomics) 6457M->6457M(6680M) 2024.432ms
[234.976s][info][gc,cpu         ] GC(366) User=14.66s Sys=0.00s Real=2.02s
[234.976s][info][gc,start       ] GC(367) Pause Full (Ergonomics)
[234.976s][info][gc,phases,start] GC(367) Marking Phase
[236.460s][info][gc,phases      ] GC(367) Marking Phase 1483.929ms
[236.460s][info][gc,phases,start] GC(367) Summary Phase
[236.460s][info][gc,phases      ] GC(367) Summary Phase 0.067ms
[236.460s][info][gc,phases,start] GC(367) Adjust Roots
[236.460s][info][gc,phases      ] GC(367) Adjust Roots 0.182ms
[236.460s][info][gc,phases,start] GC(367) Compaction Phase
[236.983s][info][gc,phases      ] GC(367) Compaction Phase 522.521ms
[236.983s][info][gc,phases,start] GC(367) Post Compact
[236.992s][info][gc,phases      ] GC(367) Post Compact 9.546ms
[236.992s][info][gc,heap        ] GC(367) PSYoungGen: 59392K(286720K)->59392K(286720K) Eden: 59392K(59392K)->59392K(59392K) From: 0K(227328K)->0K(227328K)
[236.992s][info][gc,heap        ] GC(367) ParOldGen: 6553561K(6553600K)->6553561K(6553600K)
[236.992s][info][gc,metaspace   ] GC(367) Metaspace: 6300K(6464K)->6300K(6464K) NonClass: 5767K(5824K)->5767K(5824K) Class: 533K(640K)->533K(640K)
[236.992s][info][gc             ] GC(367) Pause Full (Ergonomics) 6457M->6457M(6680M) 2016.533ms
[236.992s][info][gc,cpu         ] GC(367) User=14.50s Sys=0.02s Real=2.02s
[236.993s][info][gc,start       ] GC(368) Pause Full (Ergonomics)
[236.993s][info][gc,phases,start] GC(368) Marking Phase
[238.452s][info][gc,phases      ] GC(368) Marking Phase 1458.921ms
[238.452s][info][gc,phases,start] GC(368) Summary Phase
[238.452s][info][gc,phases      ] GC(368) Summary Phase 0.067ms
[238.452s][info][gc,phases,start] GC(368) Adjust Roots
[238.452s][info][gc,phases      ] GC(368) Adjust Roots 0.166ms
[238.452s][info][gc,phases,start] GC(368) Compaction Phase
[238.987s][info][gc,phases      ] GC(368) Compaction Phase 534.933ms
[238.987s][info][gc,phases,start] GC(368) Post Compact
[238.997s][info][gc,phases      ] GC(368) Post Compact 9.650ms
[238.997s][info][gc,heap        ] GC(368) PSYoungGen: 59392K(286720K)->59392K(286720K) Eden: 59392K(59392K)->59392K(59392K) From: 0K(227328K)->0K(227328K)
[238.997s][info][gc,heap        ] GC(368) ParOldGen: 6553566K(6553600K)->6553566K(6553600K)
[238.997s][info][gc,metaspace   ] GC(368) Metaspace: 6300K(6464K)->6300K(6464K) NonClass: 5767K(5824K)->5767K(5824K) Class: 533K(640K)->533K(640K)
[238.997s][info][gc             ] GC(368) Pause Full (Ergonomics) 6457M->6457M(6680M) 2004.039ms
[238.997s][info][gc,cpu         ] GC(368) User=14.34s Sys=0.00s Real=2.00s
[238.997s][info][gc,start       ] GC(369) Pause Full (Ergonomics)
[238.997s][info][gc,phases,start] GC(369) Marking Phase
[240.478s][info][gc,phases      ] GC(369) Marking Phase 1480.770ms
[240.478s][info][gc,phases,start] GC(369) Summary Phase
[240.478s][info][gc,phases      ] GC(369) Summary Phase 0.067ms
[240.478s][info][gc,phases,start] GC(369) Adjust Roots
[240.478s][info][gc,phases      ] GC(369) Adjust Roots 0.162ms
[240.478s][info][gc,phases,start] GC(369) Compaction Phase
[241.010s][info][gc,phases      ] GC(369) Compaction Phase 532.331ms
[241.010s][info][gc,phases,start] GC(369) Post Compact
[241.020s][info][gc,phases      ] GC(369) Post Compact 9.624ms
[241.020s][info][gc,heap        ] GC(369) PSYoungGen: 59392K(286720K)->59392K(286720K) Eden: 59392K(59392K)->59392K(59392K) From: 0K(227328K)->0K(227328K)
[241.020s][info][gc,heap        ] GC(369) ParOldGen: 6553570K(6553600K)->6553570K(6553600K)
[241.020s][info][gc,metaspace   ] GC(369) Metaspace: 6300K(6464K)->6300K(6464K) NonClass: 5767K(5824K)->5767K(5824K) Class: 533K(640K)->533K(640K)
[241.020s][info][gc             ] GC(369) Pause Full (Ergonomics) 6457M->6457M(6680M) 2023.214ms
[241.020s][info][gc,cpu         ] GC(369) User=14.53s Sys=0.00s Real=2.02s
[241.020s][info][gc,start       ] GC(370) Pause Full (Ergonomics)
[241.020s][info][gc,phases,start] GC(370) Marking Phase
[242.520s][info][gc,phases      ] GC(370) Marking Phase 1500.173ms
[242.520s][info][gc,phases,start] GC(370) Summary Phase
[242.520s][info][gc,phases      ] GC(370) Summary Phase 0.066ms
[242.520s][info][gc,phases,start] GC(370) Adjust Roots
[242.521s][info][gc,phases      ] GC(370) Adjust Roots 0.170ms
[242.521s][info][gc,phases,start] GC(370) Compaction Phase
[243.047s][info][gc,phases      ] GC(370) Compaction Phase 526.243ms
[243.047s][info][gc,phases,start] GC(370) Post Compact
[243.057s][info][gc,phases      ] GC(370) Post Compact 9.716ms
[243.057s][info][gc,heap        ] GC(370) PSYoungGen: 59392K(286720K)->59392K(286720K) Eden: 59392K(59392K)->59392K(59392K) From: 0K(227328K)->0K(227328K)
[243.057s][info][gc,heap        ] GC(370) ParOldGen: 6553575K(6553600K)->6553575K(6553600K)
[243.057s][info][gc,metaspace   ] GC(370) Metaspace: 6300K(6464K)->6300K(6464K) NonClass: 5767K(5824K)->5767K(5824K) Class: 533K(640K)->533K(640K)
[243.057s][info][gc             ] GC(370) Pause Full (Ergonomics) 6457M->6457M(6680M) 2036.652ms
[243.057s][info][gc,cpu         ] GC(370) User=14.81s Sys=0.00s Real=2.04s
[243.057s][info][gc,start       ] GC(371) Pause Full (Ergonomics)
[243.057s][info][gc,phases,start] GC(371) Marking Phase
[244.548s][info][gc,phases      ] GC(371) Marking Phase 1491.433ms
[244.549s][info][gc,phases,start] GC(371) Summary Phase
[244.549s][info][gc,phases      ] GC(371) Summary Phase 0.068ms
[244.549s][info][gc,phases,start] GC(371) Adjust Roots
[244.549s][info][gc,phases      ] GC(371) Adjust Roots 0.160ms
[244.549s][info][gc,phases,start] GC(371) Compaction Phase
[245.079s][info][gc,phases      ] GC(371) Compaction Phase 530.464ms
[245.079s][info][gc,phases,start] GC(371) Post Compact
[245.089s][info][gc,phases      ] GC(371) Post Compact 9.601ms
[245.089s][info][gc,heap        ] GC(371) PSYoungGen: 59392K(286720K)->59392K(286720K) Eden: 59392K(59392K)->59392K(59392K) From: 0K(227328K)->0K(227328K)
[245.089s][info][gc,heap        ] GC(371) ParOldGen: 6553580K(6553600K)->6553580K(6553600K)
[245.089s][info][gc,metaspace   ] GC(371) Metaspace: 6300K(6464K)->6300K(6464K) NonClass: 5767K(5824K)->5767K(5824K) Class: 533K(640K)->533K(640K)
[245.089s][info][gc             ] GC(371) Pause Full (Ergonomics) 6457M->6457M(6680M) 2032.013ms
[245.089s][info][gc,cpu         ] GC(371) User=14.92s Sys=0.00s Real=2.03s
[245.089s][info][gc,start       ] GC(372) Pause Full (Ergonomics)
[245.089s][info][gc,phases,start] GC(372) Marking Phase
[246.582s][info][gc,phases      ] GC(372) Marking Phase 1492.799ms
[246.582s][info][gc,phases,start] GC(372) Summary Phase
[246.582s][info][gc,phases      ] GC(372) Summary Phase 0.068ms
[246.582s][info][gc,phases,start] GC(372) Adjust Roots
[246.582s][info][gc,phases      ] GC(372) Adjust Roots 0.214ms
[246.582s][info][gc,phases,start] GC(372) Compaction Phase
[247.115s][info][gc,phases      ] GC(372) Compaction Phase 532.606ms
[247.115s][info][gc,phases,start] GC(372) Post Compact
[247.125s][info][gc,phases      ] GC(372) Post Compact 9.663ms
[247.125s][info][gc,heap        ] GC(372) PSYoungGen: 59392K(286720K)->59392K(286720K) Eden: 59392K(59392K)->59392K(59392K) From: 0K(227328K)->0K(227328K)
[247.125s][info][gc,heap        ] GC(372) ParOldGen: 6553585K(6553600K)->6553585K(6553600K)
[247.125s][info][gc,metaspace   ] GC(372) Metaspace: 6300K(6464K)->6300K(6464K) NonClass: 5767K(5824K)->5767K(5824K) Class: 533K(640K)->533K(640K)
[247.125s][info][gc             ] GC(372) Pause Full (Ergonomics) 6457M->6457M(6680M) 2035.639ms
[247.125s][info][gc,cpu         ] GC(372) User=14.55s Sys=0.02s Real=2.04s
[247.125s][info][gc,start       ] GC(373) Pause Full (Ergonomics)
[247.125s][info][gc,phases,start] GC(373) Marking Phase
[248.602s][info][gc,phases      ] GC(373) Marking Phase 1477.178ms
[248.602s][info][gc,phases,start] GC(373) Summary Phase
[248.602s][info][gc,phases      ] GC(373) Summary Phase 0.069ms
[248.602s][info][gc,phases,start] GC(373) Adjust Roots
[248.602s][info][gc,phases      ] GC(373) Adjust Roots 0.169ms
[248.603s][info][gc,phases,start] GC(373) Compaction Phase
[249.132s][info][gc,phases      ] GC(373) Compaction Phase 529.033ms
[249.132s][info][gc,phases,start] GC(373) Post Compact
[249.141s][info][gc,phases      ] GC(373) Post Compact 9.621ms
[249.141s][info][gc,heap        ] GC(373) PSYoungGen: 59392K(286720K)->59392K(286720K) Eden: 59392K(59392K)->59392K(59392K) From: 0K(227328K)->0K(227328K)
[249.141s][info][gc,heap        ] GC(373) ParOldGen: 6553590K(6553600K)->6553590K(6553600K)
[249.141s][info][gc,metaspace   ] GC(373) Metaspace: 6300K(6464K)->6300K(6464K) NonClass: 5767K(5824K)->5767K(5824K) Class: 533K(640K)->533K(640K)
[249.141s][info][gc             ] GC(373) Pause Full (Ergonomics) 6457M->6457M(6680M) 2016.358ms
[249.141s][info][gc,cpu         ] GC(373) User=14.52s Sys=0.00s Real=2.02s
[249.141s][info][gc,start       ] GC(374) Pause Full (Ergonomics)
[249.142s][info][gc,phases,start] GC(374) Marking Phase
[250.606s][info][gc,phases      ] GC(374) Marking Phase 1464.819ms
[250.606s][info][gc,phases,start] GC(374) Summary Phase
[250.606s][info][gc,phases      ] GC(374) Summary Phase 0.067ms
[250.606s][info][gc,phases,start] GC(374) Adjust Roots
[250.607s][info][gc,phases      ] GC(374) Adjust Roots 0.164ms
[250.607s][info][gc,phases,start] GC(374) Compaction Phase
[251.125s][info][gc,phases      ] GC(374) Compaction Phase 518.179ms
[251.125s][info][gc,phases,start] GC(374) Post Compact
[251.135s][info][gc,phases      ] GC(374) Post Compact 9.656ms
[251.135s][info][gc,heap        ] GC(374) PSYoungGen: 59392K(286720K)->59392K(286720K) Eden: 59392K(59392K)->59392K(59392K) From: 0K(227328K)->0K(227328K)
[251.135s][info][gc,heap        ] GC(374) ParOldGen: 6553595K(6553600K)->6553595K(6553600K)
[251.135s][info][gc,metaspace   ] GC(374) Metaspace: 6300K(6464K)->6300K(6464K) NonClass: 5767K(5824K)->5767K(5824K) Class: 533K(640K)->533K(640K)
[251.135s][info][gc             ] GC(374) Pause Full (Ergonomics) 6457M->6457M(6680M) 1993.187ms
[251.135s][info][gc,cpu         ] GC(374) User=14.31s Sys=0.00s Real=1.99s
[251.135s][info][gc,start       ] GC(375) Pause Full (Ergonomics)
[251.135s][info][gc,phases,start] GC(375) Marking Phase
[252.649s][info][gc,phases      ] GC(375) Marking Phase 1513.764ms
[252.649s][info][gc,phases,start] GC(375) Summary Phase
[252.649s][info][gc,phases      ] GC(375) Summary Phase 0.068ms
[252.649s][info][gc,phases,start] GC(375) Adjust Roots
[252.649s][info][gc,phases      ] GC(375) Adjust Roots 0.169ms
[252.649s][info][gc,phases,start] GC(375) Compaction Phase
[253.177s][info][gc,phases      ] GC(375) Compaction Phase 528.273ms
[253.177s][info][gc,phases,start] GC(375) Post Compact
[253.187s][info][gc,phases      ] GC(375) Post Compact 9.649ms
[253.187s][info][gc,heap        ] GC(375) PSYoungGen: 59392K(286720K)->59392K(286720K) Eden: 59392K(59392K)->59392K(59392K) From: 0K(227328K)->0K(227328K)
[253.187s][info][gc,heap        ] GC(375) ParOldGen: 6553599K(6553600K)->6553599K(6553600K)
[253.187s][info][gc,metaspace   ] GC(375) Metaspace: 6300K(6464K)->6300K(6464K) NonClass: 5767K(5824K)->5767K(5824K) Class: 533K(640K)->533K(640K)
[253.187s][info][gc             ] GC(375) Pause Full (Ergonomics) 6457M->6457M(6680M) 2052.215ms
[253.187s][info][gc,cpu         ] GC(375) User=14.97s Sys=0.00s Real=2.05s
[253.187s][info][gc,start       ] GC(376) Pause Full (Allocation Failure)
[253.187s][info][gc,phases,start] GC(376) Marking Phase
[254.674s][info][gc,phases      ] GC(376) Marking Phase 1487.317ms
[254.675s][info][gc,phases,start] GC(376) Summary Phase
[254.675s][info][gc,phases      ] GC(376) Summary Phase 0.069ms
[254.675s][info][gc,phases,start] GC(376) Adjust Roots
[254.675s][info][gc,phases      ] GC(376) Adjust Roots 0.393ms
[254.675s][info][gc,phases,start] GC(376) Compaction Phase
[256.380s][info][gc,phases      ] GC(376) Compaction Phase 1704.493ms
[256.380s][info][gc,phases,start] GC(376) Post Compact
[256.389s][info][gc,phases      ] GC(376) Post Compact 9.810ms
[256.389s][info][gc,heap        ] GC(376) PSYoungGen: 59392K(286720K)->59392K(286720K) Eden: 59392K(59392K)->59392K(59392K) From: 0K(227328K)->0K(227328K)
[256.389s][info][gc,heap        ] GC(376) ParOldGen: 6553599K(6553600K)->6553595K(6553600K)
[256.390s][info][gc,metaspace   ] GC(376) Metaspace: 6300K(6464K)->6298K(6464K) NonClass: 5767K(5824K)->5765K(5824K) Class: 533K(640K)->532K(640K)
[256.390s][info][gc             ] GC(376) Pause Full (Allocation Failure) 6457M->6457M(6680M) 3202.396ms
[256.390s][info][gc,cpu         ] GC(376) User=23.67s Sys=0.08s Real=3.20s
[256.390s][info][gc,start       ] GC(377) Pause Full (Ergonomics)
[256.390s][info][gc,phases,start] GC(377) Marking Phase
[257.873s][info][gc,phases      ] GC(377) Marking Phase 1482.730ms
[257.873s][info][gc,phases,start] GC(377) Summary Phase
[257.873s][info][gc,phases      ] GC(377) Summary Phase 0.070ms
[257.873s][info][gc,phases,start] GC(377) Adjust Roots
[257.873s][info][gc,phases      ] GC(377) Adjust Roots 0.167ms
[257.873s][info][gc,phases,start] GC(377) Compaction Phase
[258.398s][info][gc,phases      ] GC(377) Compaction Phase 525.110ms
[258.398s][info][gc,phases,start] GC(377) Post Compact
[258.408s][info][gc,phases      ] GC(377) Post Compact 9.750ms
[258.408s][info][gc,heap        ] GC(377) PSYoungGen: 59392K(286720K)->59392K(286720K) Eden: 59392K(59392K)->59392K(59392K) From: 0K(227328K)->0K(227328K)
[258.408s][info][gc,heap        ] GC(377) ParOldGen: 6553599K(6553600K)->6553599K(6553600K)
[258.408s][info][gc,metaspace   ] GC(377) Metaspace: 6298K(6464K)->6298K(6464K) NonClass: 5765K(5824K)->5765K(5824K) Class: 532K(640K)->532K(640K)
[258.408s][info][gc             ] GC(377) Pause Full (Ergonomics) 6457M->6457M(6680M) 2018.134ms
[258.408s][info][gc,cpu         ] GC(377) User=14.38s Sys=0.00s Real=2.02s
[258.408s][info][gc,start       ] GC(378) Pause Full (Allocation Failure)
[258.408s][info][gc,phases,start] GC(378) Marking Phase
[259.895s][info][gc,phases      ] GC(378) Marking Phase 1487.144ms
[259.895s][info][gc,phases,start] GC(378) Summary Phase
[259.895s][info][gc,phases      ] GC(378) Summary Phase 0.072ms
[259.895s][info][gc,phases,start] GC(378) Adjust Roots
[259.896s][info][gc,phases      ] GC(378) Adjust Roots 0.162ms
[259.896s][info][gc,phases,start] GC(378) Compaction Phase
[260.423s][info][gc,phases      ] GC(378) Compaction Phase 527.202ms
[260.423s][info][gc,phases,start] GC(378) Post Compact
[260.433s][info][gc,phases      ] GC(378) Post Compact 9.690ms
[260.433s][info][gc,heap        ] GC(378) PSYoungGen: 59392K(286720K)->59392K(286720K) Eden: 59392K(59392K)->59392K(59392K) From: 0K(227328K)->0K(227328K)
[260.433s][info][gc,heap        ] GC(378) ParOldGen: 6553599K(6553600K)->6553599K(6553600K)
[260.433s][info][gc,metaspace   ] GC(378) Metaspace: 6298K(6464K)->6298K(6464K) NonClass: 5765K(5824K)->5765K(5824K) Class: 532K(640K)->532K(640K)
[260.433s][info][gc             ] GC(378) Pause Full (Allocation Failure) 6457M->6457M(6680M) 2024.572ms
[260.433s][info][gc,cpu         ] GC(378) User=14.64s Sys=0.00s Real=2.02s
[260.433s][info][gc,start       ] GC(379) Pause Full (Ergonomics)
[260.433s][info][gc,phases,start] GC(379) Marking Phase
[261.922s][info][gc,phases      ] GC(379) Marking Phase 1488.389ms
[261.922s][info][gc,phases,start] GC(379) Summary Phase
[261.922s][info][gc,phases      ] GC(379) Summary Phase 0.068ms
[261.922s][info][gc,phases,start] GC(379) Adjust Roots
[261.922s][info][gc,phases      ] GC(379) Adjust Roots 0.256ms
[261.922s][info][gc,phases,start] GC(379) Compaction Phase
[263.655s][info][gc,phases      ] GC(379) Compaction Phase 1733.252ms
[263.655s][info][gc,phases,start] GC(379) Post Compact
[263.665s][info][gc,phases      ] GC(379) Post Compact 10.101ms
[263.665s][info][gc,heap        ] GC(379) PSYoungGen: 59392K(286720K)->59392K(286720K) Eden: 59392K(59392K)->59392K(59392K) From: 0K(227328K)->0K(227328K)
[263.665s][info][gc,heap        ] GC(379) ParOldGen: 6553600K(6553600K)->6553598K(6553600K)
[263.666s][info][gc,metaspace   ] GC(379) Metaspace: 6298K(6464K)->6298K(6464K) NonClass: 5765K(5824K)->5765K(5824K) Class: 532K(640K)->532K(640K)
[263.666s][info][gc             ] GC(379) Pause Full (Ergonomics) 6458M->6457M(6680M) 3232.431ms
[263.666s][info][gc,cpu         ] GC(379) User=23.56s Sys=0.05s Real=3.23s
[263.666s][info][gc,start       ] GC(380) Pause Full (Ergonomics)
[263.666s][info][gc,phases,start] GC(380) Marking Phase
[265.152s][info][gc,phases      ] GC(380) Marking Phase 1485.653ms
[265.152s][info][gc,phases,start] GC(380) Summary Phase
[265.152s][info][gc,phases      ] GC(380) Summary Phase 0.067ms
[265.152s][info][gc,phases,start] GC(380) Adjust Roots
[265.152s][info][gc,phases      ] GC(380) Adjust Roots 0.163ms
[265.152s][info][gc,phases,start] GC(380) Compaction Phase
[265.673s][info][gc,phases      ] GC(380) Compaction Phase 520.997ms
[265.673s][info][gc,phases,start] GC(380) Post Compact
[265.683s][info][gc,phases      ] GC(380) Post Compact 9.736ms
[265.683s][info][gc,heap        ] GC(380) PSYoungGen: 59392K(286720K)->59392K(286720K) Eden: 59392K(59392K)->59392K(59392K) From: 0K(227328K)->0K(227328K)
[265.683s][info][gc,heap        ] GC(380) ParOldGen: 6553598K(6553600K)->6553598K(6553600K)
[265.683s][info][gc,metaspace   ] GC(380) Metaspace: 6298K(6464K)->6298K(6464K) NonClass: 5765K(5824K)->5765K(5824K) Class: 532K(640K)->532K(640K)
[265.683s][info][gc             ] GC(380) Pause Full (Ergonomics) 6457M->6457M(6680M) 2016.947ms
[265.683s][info][gc,cpu         ] GC(380) User=14.53s Sys=0.00s Real=2.02s
[265.684s][info][gc,start       ] GC(381) Pause Full (Ergonomics)
[265.684s][info][gc,phases,start] GC(381) Marking Phase
[267.155s][info][gc,phases      ] GC(381) Marking Phase 1470.705ms
[267.155s][info][gc,phases,start] GC(381) Summary Phase
[267.155s][info][gc,phases      ] GC(381) Summary Phase 0.068ms
[267.155s][info][gc,phases,start] GC(381) Adjust Roots
[267.155s][info][gc,phases      ] GC(381) Adjust Roots 0.243ms
[267.155s][info][gc,phases,start] GC(381) Compaction Phase
[268.871s][info][gc,phases      ] GC(381) Compaction Phase 1716.227ms
[268.872s][info][gc,phases,start] GC(381) Post Compact
[268.881s][info][gc,phases      ] GC(381) Post Compact 9.845ms
[268.881s][info][gc,heap        ] GC(381) PSYoungGen: 59392K(286720K)->59392K(286720K) Eden: 59392K(59392K)->59392K(59392K) From: 0K(227328K)->0K(227328K)
[268.881s][info][gc,heap        ] GC(381) ParOldGen: 6553599K(6553600K)->6553597K(6553600K)
[268.881s][info][gc,metaspace   ] GC(381) Metaspace: 6300K(6464K)->6300K(6464K) NonClass: 5766K(5824K)->5766K(5824K) Class: 533K(640K)->533K(640K)
[268.881s][info][gc             ] GC(381) Pause Full (Ergonomics) 6457M->6457M(6680M) 3197.439ms
[268.882s][info][gc,cpu         ] GC(381) User=23.59s Sys=0.02s Real=3.20s
[268.882s][info][gc,heap,exit   ] Heap
[268.882s][info][gc,heap,exit   ]  PSYoungGen      total 286720K, used 59392K [0x0000000738000000, 0x0000000757c80000, 0x0000000800000000)
[268.882s][info][gc,heap,exit   ]   eden space 59392K, 100% used [0x0000000738000000,0x000000073ba00000,0x000000073ba00000)
[268.882s][info][gc,heap,exit   ]   from space 227328K, 0% used [0x0000000749e80000,0x0000000749e80000,0x0000000757c80000)
[268.882s][info][gc,heap,exit   ]   to   space 227328K, 0% used [0x000000073ba00000,0x000000073ba00000,0x0000000749800000)
[268.882s][info][gc,heap,exit   ]  ParOldGen       total 6553600K, used 6553597K [0x00000005a8000000, 0x0000000738000000, 0x0000000738000000)
[268.882s][info][gc,heap,exit   ]   object space 6553600K, 99% used [0x00000005a8000000,0x0000000737fff7e0,0x0000000738000000)
[268.882s][info][gc,heap,exit   ]  Metaspace       used 6303K, committed 6528K, reserved 1114112K
[268.882s][info][gc,heap,exit   ]   class space    used 534K, committed 640K, reserved 1048576K
