[0.014s][info][gc,init] CardTable entry size: 512
[0.014s][info][gc     ] Using Parallel
[0.016s][info][gc,init] Version: 18.0.1+10 (release)
[0.016s][info][gc,init] CPUs: 8 total, 8 available
[0.016s][info][gc,init] Memory: 16063M
[0.016s][info][gc,init] Large Page Support: Disabled
[0.016s][info][gc,init] NUMA Support: Disabled
[0.016s][info][gc,init] Compressed Oops: Enabled (Zero based)
[0.016s][info][gc,init] Alignments: Space 512K, Generation 512K, Heap 2M
[0.016s][info][gc,init] Heap Min Capacity: 2M
[0.016s][info][gc,init] Heap Initial Capacity: 2M
[0.016s][info][gc,init] Heap Max Capacity: 13200M
[0.016s][info][gc,init] Pre-touch: Disabled
[0.016s][info][gc,init] Parallel Workers: 8
[0.017s][info][gc,metaspace] CDS archive(s) not mapped
[0.017s][info][gc,metaspace] Compressed class space mapped at: 0x0000000800000000-0x0000000840000000, reserved size: 1073741824
[0.017s][info][gc,metaspace] Narrow klass base: 0x0000000800000000, Narrow klass shift: 0, Narrow klass range: 0x40000000
[0.120s][info][gc,start    ] GC(0) Pause Young (Allocation Failure)
[0.121s][info][gc,heap     ] GC(0) PSYoungGen: 512K(1024K)->480K(1024K) Eden: 512K(512K)->0K(512K) From: 0K(512K)->480K(512K)
[0.121s][info][gc,heap     ] GC(0) ParOldGen: 0K(512K)->8K(512K)
[0.121s][info][gc,metaspace] GC(0) Metaspace: 4229K(4352K)->4229K(4352K) NonClass: 3908K(3968K)->3908K(3968K) Class: 321K(384K)->321K(384K)
[0.121s][info][gc          ] GC(0) Pause Young (Allocation Failure) 0M->0M(1M) 1.500ms
[0.121s][info][gc,cpu      ] GC(0) User=0.00s Sys=0.00s Real=0.00s
[0.189s][info][gc,start    ] GC(1) Pause Young (Allocation Failure)
[0.190s][info][gc,heap     ] GC(1) PSYoungGen: 991K(1024K)->512K(1536K) Eden: 511K(512K)->0K(1024K) From: 480K(512K)->512K(512K)
[0.190s][info][gc,heap     ] GC(1) ParOldGen: 8K(512K)->96K(512K)
[0.190s][info][gc,metaspace] GC(1) Metaspace: 5877K(6016K)->5877K(6016K) NonClass: 5381K(5504K)->5381K(5504K) Class: 496K(512K)->496K(512K)
[0.190s][info][gc          ] GC(1) Pause Young (Allocation Failure) 0M->0M(2M) 1.140ms
[0.190s][info][gc,cpu      ] GC(1) User=0.00s Sys=0.00s Real=0.00s
[0.213s][info][gc,start    ] GC(2) Pause Young (Allocation Failure)
[0.214s][info][gc,heap     ] GC(2) PSYoungGen: 1536K(1536K)->512K(1536K) Eden: 1024K(1024K)->0K(1024K) From: 512K(512K)->512K(512K)
[0.214s][info][gc,heap     ] GC(2) ParOldGen: 96K(512K)->504K(512K)
[0.214s][info][gc,metaspace] GC(2) Metaspace: 6296K(6464K)->6296K(6464K) NonClass: 5763K(5824K)->5763K(5824K) Class: 533K(640K)->533K(640K)
[0.214s][info][gc          ] GC(2) Pause Young (Allocation Failure) 1M->0M(2M) 1.226ms
[0.214s][info][gc,cpu      ] GC(2) User=0.00s Sys=0.00s Real=0.00s
[0.214s][info][gc,start    ] GC(3) Pause Full (Ergonomics)
[0.214s][info][gc,phases,start] GC(3) Marking Phase
[0.216s][info][gc,phases      ] GC(3) Marking Phase 1.228ms
[0.216s][info][gc,phases,start] GC(3) Summary Phase
[0.216s][info][gc,phases      ] GC(3) Summary Phase 0.020ms
[0.216s][info][gc,phases,start] GC(3) Adjust Roots
[0.216s][info][gc,phases      ] GC(3) Adjust Roots 0.383ms
[0.216s][info][gc,phases,start] GC(3) Compaction Phase
[0.219s][info][gc,phases      ] GC(3) Compaction Phase 2.532ms
[0.219s][info][gc,phases,start] GC(3) Post Compact
[0.219s][info][gc,phases      ] GC(3) Post Compact 0.073ms
[0.219s][info][gc,heap        ] GC(3) PSYoungGen: 512K(1536K)->510K(1536K) Eden: 0K(1024K)->0K(1024K) From: 512K(512K)->510K(512K)
[0.219s][info][gc,heap        ] GC(3) ParOldGen: 504K(512K)->470K(2048K)
[0.219s][info][gc,metaspace   ] GC(3) Metaspace: 6296K(6464K)->6296K(6464K) NonClass: 5763K(5824K)->5763K(5824K) Class: 533K(640K)->533K(640K)
[0.219s][info][gc             ] GC(3) Pause Full (Ergonomics) 0M->0M(3M) 4.526ms
[0.219s][info][gc,cpu         ] GC(3) User=0.00s Sys=0.00s Real=0.01s
[0.220s][info][gc,start       ] GC(4) Pause Young (Allocation Failure)
[0.222s][info][gc,heap        ] GC(4) PSYoungGen: 1534K(1536K)->480K(2560K) Eden: 1024K(1024K)->0K(2048K) From: 510K(512K)->480K(512K)
[0.222s][info][gc,heap        ] GC(4) ParOldGen: 470K(2048K)->1038K(2048K)
[0.222s][info][gc,metaspace   ] GC(4) Metaspace: 6296K(6464K)->6296K(6464K) NonClass: 5763K(5824K)->5763K(5824K) Class: 533K(640K)->533K(640K)
[0.222s][info][gc             ] GC(4) Pause Young (Allocation Failure) 1M->1M(4M) 1.615ms
[0.222s][info][gc,cpu         ] GC(4) User=0.00s Sys=0.00s Real=0.00s
[0.225s][info][gc,start       ] GC(5) Pause Young (Allocation Failure)
[0.227s][info][gc,heap        ] GC(5) PSYoungGen: 2528K(2560K)->480K(2560K) Eden: 2048K(2048K)->0K(2048K) From: 480K(512K)->480K(512K)
[0.227s][info][gc,heap        ] GC(5) ParOldGen: 1038K(2048K)->2107K(2560K)
[0.227s][info][gc,metaspace   ] GC(5) Metaspace: 6296K(6464K)->6296K(6464K) NonClass: 5763K(5824K)->5763K(5824K) Class: 533K(640K)->533K(640K)
[0.227s][info][gc             ] GC(5) Pause Young (Allocation Failure) 3M->2M(5M) 1.788ms
[0.227s][info][gc,cpu         ] GC(5) User=0.00s Sys=0.00s Real=0.00s
[0.227s][info][gc,start       ] GC(6) Pause Full (Ergonomics)
[0.227s][info][gc,phases,start] GC(6) Marking Phase
[0.229s][info][gc,phases      ] GC(6) Marking Phase 1.670ms
[0.229s][info][gc,phases,start] GC(6) Summary Phase
[0.229s][info][gc,phases      ] GC(6) Summary Phase 0.019ms
[0.229s][info][gc,phases,start] GC(6) Adjust Roots
[0.229s][info][gc,phases      ] GC(6) Adjust Roots 0.484ms
[0.229s][info][gc,phases,start] GC(6) Compaction Phase
[0.233s][info][gc,phases      ] GC(6) Compaction Phase 3.963ms
[0.233s][info][gc,phases,start] GC(6) Post Compact
[0.233s][info][gc,phases      ] GC(6) Post Compact 0.028ms
[0.234s][info][gc,heap        ] GC(6) PSYoungGen: 480K(2560K)->0K(4096K) Eden: 0K(2048K)->0K(3072K) From: 480K(512K)->0K(1024K)
[0.234s][info][gc,heap        ] GC(6) ParOldGen: 2107K(2560K)->2542K(6144K)
[0.234s][info][gc,metaspace   ] GC(6) Metaspace: 6296K(6464K)->6296K(6464K) NonClass: 5763K(5824K)->5763K(5824K) Class: 533K(640K)->533K(640K)
[0.234s][info][gc             ] GC(6) Pause Full (Ergonomics) 2M->2M(10M) 6.549ms
[0.234s][info][gc,cpu         ] GC(6) User=0.00s Sys=0.00s Real=0.01s
[0.238s][info][gc,start       ] GC(7) Pause Young (Allocation Failure)
[0.241s][info][gc,heap        ] GC(7) PSYoungGen: 3072K(4096K)->1664K(5120K) Eden: 3072K(3072K)->0K(3072K) From: 0K(1024K)->1664K(2048K)
[0.241s][info][gc,heap        ] GC(7) ParOldGen: 2542K(6144K)->2542K(6144K)
[0.241s][info][gc,metaspace   ] GC(7) Metaspace: 6296K(6464K)->6296K(6464K) NonClass: 5763K(5824K)->5763K(5824K) Class: 533K(640K)->533K(640K)
[0.241s][info][gc             ] GC(7) Pause Young (Allocation Failure) 5M->4M(11M) 2.786ms
[0.241s][info][gc,cpu         ] GC(7) User=0.00s Sys=0.00s Real=0.00s
[0.247s][info][gc,start       ] GC(8) Pause Young (Allocation Failure)
[0.250s][info][gc,heap        ] GC(8) PSYoungGen: 4736K(5120K)->2016K(5632K) Eden: 3072K(3072K)->0K(3584K) From: 1664K(2048K)->2016K(2048K)
[0.250s][info][gc,heap        ] GC(8) ParOldGen: 2542K(6144K)->3774K(6144K)
[0.250s][info][gc,metaspace   ] GC(8) Metaspace: 6296K(6464K)->6296K(6464K) NonClass: 5763K(5824K)->5763K(5824K) Class: 533K(640K)->533K(640K)
[0.250s][info][gc             ] GC(8) Pause Young (Allocation Failure) 7M->5M(11M) 3.272ms
[0.250s][info][gc,cpu         ] GC(8) User=0.00s Sys=0.00s Real=0.00s
[0.257s][info][gc,start       ] GC(9) Pause Young (Allocation Failure)
[0.260s][info][gc,heap        ] GC(9) PSYoungGen: 5600K(5632K)->3040K(6656K) Eden: 3584K(3584K)->0K(3584K) From: 2016K(2048K)->3040K(3072K)
[0.260s][info][gc,heap        ] GC(9) ParOldGen: 3774K(6144K)->4606K(6144K)
[0.260s][info][gc,metaspace   ] GC(9) Metaspace: 6296K(6464K)->6296K(6464K) NonClass: 5763K(5824K)->5763K(5824K) Class: 533K(640K)->533K(640K)
[0.260s][info][gc             ] GC(9) Pause Young (Allocation Failure) 9M->7M(12M) 3.828ms
[0.260s][info][gc,cpu         ] GC(9) User=0.00s Sys=0.00s Real=0.00s
[0.266s][info][gc,start       ] GC(10) Pause Young (Allocation Failure)
[0.271s][info][gc,heap        ] GC(10) PSYoungGen: 6624K(6656K)->4064K(8704K) Eden: 3584K(3584K)->0K(4608K) From: 3040K(3072K)->4064K(4096K)
[0.271s][info][gc,heap        ] GC(10) ParOldGen: 4606K(6144K)->5454K(6144K)
[0.271s][info][gc,metaspace   ] GC(10) Metaspace: 6296K(6464K)->6296K(6464K) NonClass: 5763K(5824K)->5763K(5824K) Class: 533K(640K)->533K(640K)
[0.271s][info][gc             ] GC(10) Pause Young (Allocation Failure) 10M->9M(14M) 4.986ms
[0.271s][info][gc,cpu         ] GC(10) User=0.00s Sys=0.00s Real=0.01s
[0.271s][info][gc,start       ] GC(11) Pause Full (Ergonomics)
[0.271s][info][gc,phases,start] GC(11) Marking Phase
[0.276s][info][gc,phases      ] GC(11) Marking Phase 4.925ms
[0.276s][info][gc,phases,start] GC(11) Summary Phase
[0.276s][info][gc,phases      ] GC(11) Summary Phase 0.017ms
[0.276s][info][gc,phases,start] GC(11) Adjust Roots
[0.277s][info][gc,phases      ] GC(11) Adjust Roots 0.387ms
[0.277s][info][gc,phases,start] GC(11) Compaction Phase
[0.284s][info][gc,phases      ] GC(11) Compaction Phase 7.928ms
[0.285s][info][gc,phases,start] GC(11) Post Compact
[0.285s][info][gc,phases      ] GC(11) Post Compact 0.059ms
[0.285s][info][gc,heap        ] GC(11) PSYoungGen: 4064K(8704K)->3545K(8704K) Eden: 0K(4608K)->0K(4608K) From: 4064K(4096K)->3545K(4096K)
[0.285s][info][gc,heap        ] GC(11) ParOldGen: 5454K(6144K)->5831K(10752K)
[0.285s][info][gc,metaspace   ] GC(11) Metaspace: 6296K(6464K)->6296K(6464K) NonClass: 5763K(5824K)->5763K(5824K) Class: 533K(640K)->533K(640K)
[0.285s][info][gc             ] GC(11) Pause Full (Ergonomics) 9M->9M(19M) 13.696ms
[0.285s][info][gc,cpu         ] GC(11) User=0.00s Sys=0.00s Real=0.01s
[0.290s][info][gc,start       ] GC(12) Pause Young (Allocation Failure)
[0.295s][info][gc,heap        ] GC(12) PSYoungGen: 8013K(8704K)->5088K(9728K) Eden: 4468K(4608K)->0K(4608K) From: 3545K(4096K)->5088K(5120K)
[0.295s][info][gc,heap        ] GC(12) ParOldGen: 5831K(10752K)->6615K(10752K)
[0.295s][info][gc,metaspace   ] GC(12) Metaspace: 6296K(6464K)->6296K(6464K) NonClass: 5763K(5824K)->5763K(5824K) Class: 533K(640K)->533K(640K)
[0.295s][info][gc             ] GC(12) Pause Young (Allocation Failure) 13M->11M(20M) 5.256ms
[0.295s][info][gc,cpu         ] GC(12) User=0.00s Sys=0.00s Real=0.01s
[0.301s][info][gc,start       ] GC(13) Pause Young (Allocation Failure)
[0.308s][info][gc,heap        ] GC(13) PSYoungGen: 9696K(9728K)->6112K(11264K) Eden: 4608K(4608K)->0K(5120K) From: 5088K(5120K)->6112K(6144K)
[0.308s][info][gc,heap        ] GC(13) ParOldGen: 6615K(10752K)->7991K(10752K)
[0.308s][info][gc,metaspace   ] GC(13) Metaspace: 6296K(6464K)->6296K(6464K) NonClass: 5763K(5824K)->5763K(5824K) Class: 533K(640K)->533K(640K)
[0.308s][info][gc             ] GC(13) Pause Young (Allocation Failure) 15M->13M(21M) 7.022ms
[0.308s][info][gc,cpu         ] GC(13) User=0.00s Sys=0.00s Real=0.01s
[0.313s][info][gc,start       ] GC(14) Pause Young (Allocation Failure)
[0.319s][info][gc,heap        ] GC(14) PSYoungGen: 11232K(11264K)->5184K(12800K) Eden: 5120K(5120K)->0K(5120K) From: 6112K(6144K)->5184K(7680K)
[0.319s][info][gc,heap        ] GC(14) ParOldGen: 7991K(10752K)->11607K(11776K)
[0.319s][info][gc,metaspace   ] GC(14) Metaspace: 6298K(6464K)->6298K(6464K) NonClass: 5765K(5824K)->5765K(5824K) Class: 533K(640K)->533K(640K)
[0.319s][info][gc             ] GC(14) Pause Young (Allocation Failure) 18M->16M(24M) 6.189ms
[0.319s][info][gc,cpu         ] GC(14) User=0.00s Sys=0.00s Real=0.01s
[0.319s][info][gc,start       ] GC(15) Pause Full (Ergonomics)
[0.319s][info][gc,phases,start] GC(15) Marking Phase
[0.327s][info][gc,phases      ] GC(15) Marking Phase 7.787ms
[0.327s][info][gc,phases,start] GC(15) Summary Phase
[0.327s][info][gc,phases      ] GC(15) Summary Phase 0.017ms
[0.327s][info][gc,phases,start] GC(15) Adjust Roots
[0.327s][info][gc,phases      ] GC(15) Adjust Roots 0.252ms
[0.327s][info][gc,phases,start] GC(15) Compaction Phase
[0.333s][info][gc,phases      ] GC(15) Compaction Phase 6.476ms
[0.334s][info][gc,phases,start] GC(15) Post Compact
[0.334s][info][gc,phases      ] GC(15) Post Compact 0.073ms
[0.334s][info][gc,heap        ] GC(15) PSYoungGen: 5184K(12800K)->5168K(12800K) Eden: 0K(5120K)->0K(5120K) From: 5184K(7680K)->5168K(7680K)
[0.334s][info][gc,heap        ] GC(15) ParOldGen: 11607K(11776K)->11482K(18432K)
[0.334s][info][gc,metaspace   ] GC(15) Metaspace: 6298K(6464K)->6298K(6464K) NonClass: 5765K(5824K)->5765K(5824K) Class: 533K(640K)->533K(640K)
[0.334s][info][gc             ] GC(15) Pause Full (Ergonomics) 16M->16M(30M) 14.936ms
[0.334s][info][gc,cpu         ] GC(15) User=0.02s Sys=0.00s Real=0.02s
[0.337s][info][gc,start       ] GC(16) Pause Young (Allocation Failure)
[0.344s][info][gc,heap        ] GC(16) PSYoungGen: 10288K(12800K)->2688K(14336K) Eden: 5120K(5120K)->0K(7168K) From: 5168K(7680K)->2688K(7168K)
[0.344s][info][gc,heap        ] GC(16) ParOldGen: 11482K(18432K)->16730K(18432K)
[0.344s][info][gc,metaspace   ] GC(16) Metaspace: 6298K(6464K)->6298K(6464K) NonClass: 5765K(5824K)->5765K(5824K) Class: 533K(640K)->533K(640K)
[0.344s][info][gc             ] GC(16) Pause Young (Allocation Failure) 21M->18M(32M) 6.831ms
[0.344s][info][gc,cpu         ] GC(16) User=0.00s Sys=0.00s Real=0.01s
[0.344s][info][gc,start       ] GC(17) Pause Full (Ergonomics)
[0.344s][info][gc,phases,start] GC(17) Marking Phase
[0.353s][info][gc,phases      ] GC(17) Marking Phase 8.439ms
[0.353s][info][gc,phases,start] GC(17) Summary Phase
[0.353s][info][gc,phases      ] GC(17) Summary Phase 0.015ms
[0.353s][info][gc,phases,start] GC(17) Adjust Roots
[0.353s][info][gc,phases      ] GC(17) Adjust Roots 0.229ms
[0.353s][info][gc,phases,start] GC(17) Compaction Phase
[0.360s][info][gc,phases      ] GC(17) Compaction Phase 7.141ms
[0.360s][info][gc,phases,start] GC(17) Post Compact
[0.360s][info][gc,phases      ] GC(17) Post Compact 0.085ms
[0.360s][info][gc,heap        ] GC(17) PSYoungGen: 2688K(14336K)->1105K(14848K) Eden: 0K(7168K)->0K(7680K) From: 2688K(7168K)->1105K(7168K)
[0.360s][info][gc,heap        ] GC(17) ParOldGen: 16730K(18432K)->18183K(27648K)
[0.360s][info][gc,metaspace   ] GC(17) Metaspace: 6298K(6464K)->6298K(6464K) NonClass: 5765K(5824K)->5765K(5824K) Class: 533K(640K)->533K(640K)
[0.360s][info][gc             ] GC(17) Pause Full (Ergonomics) 18M->18M(41M) 16.256ms
[0.360s][info][gc,cpu         ] GC(17) User=0.02s Sys=0.00s Real=0.02s
[0.364s][info][gc,start       ] GC(18) Pause Young (Allocation Failure)
[0.370s][info][gc,heap        ] GC(18) PSYoungGen: 7799K(14848K)->3456K(15360K) Eden: 6694K(7680K)->0K(7680K) From: 1105K(7168K)->3456K(7680K)
[0.370s][info][gc,heap        ] GC(18) ParOldGen: 18183K(27648K)->19311K(27648K)
[0.370s][info][gc,metaspace   ] GC(18) Metaspace: 6298K(6464K)->6298K(6464K) NonClass: 5765K(5824K)->5765K(5824K) Class: 533K(640K)->533K(640K)
[0.371s][info][gc             ] GC(18) Pause Young (Allocation Failure) 25M->22M(42M) 6.113ms
[0.371s][info][gc,cpu         ] GC(18) User=0.00s Sys=0.00s Real=0.01s
[0.378s][info][gc,start       ] GC(19) Pause Young (Allocation Failure)
[0.386s][info][gc,heap        ] GC(19) PSYoungGen: 11135K(15360K)->4480K(17920K) Eden: 7679K(7680K)->0K(10240K) From: 3456K(7680K)->4480K(7680K)
[0.386s][info][gc,heap        ] GC(19) ParOldGen: 19311K(27648K)->22759K(27648K)
[0.386s][info][gc,metaspace   ] GC(19) Metaspace: 6298K(6464K)->6298K(6464K) NonClass: 5765K(5824K)->5765K(5824K) Class: 533K(640K)->533K(640K)
[0.386s][info][gc             ] GC(19) Pause Young (Allocation Failure) 29M->26M(44M) 7.454ms
[0.386s][info][gc,cpu         ] GC(19) User=0.00s Sys=0.00s Real=0.01s
[0.392s][info][gc,start       ] GC(20) Pause Young (Allocation Failure)
[0.399s][info][gc,heap        ] GC(20) PSYoungGen: 14720K(17920K)->5312K(17920K) Eden: 10240K(10240K)->0K(10240K) From: 4480K(7680K)->5312K(7680K)
[0.399s][info][gc,heap        ] GC(20) ParOldGen: 22759K(27648K)->27279K(27648K)
[0.399s][info][gc,metaspace   ] GC(20) Metaspace: 6298K(6464K)->6298K(6464K) NonClass: 5765K(5824K)->5765K(5824K) Class: 533K(640K)->533K(640K)
[0.399s][info][gc             ] GC(20) Pause Young (Allocation Failure) 36M->31M(44M) 7.171ms
[0.399s][info][gc,cpu         ] GC(20) User=0.02s Sys=0.00s Real=0.01s
[0.399s][info][gc,start       ] GC(21) Pause Full (Ergonomics)
[0.399s][info][gc,phases,start] GC(21) Marking Phase
[0.412s][info][gc,phases      ] GC(21) Marking Phase 12.678ms
[0.412s][info][gc,phases,start] GC(21) Summary Phase
[0.412s][info][gc,phases      ] GC(21) Summary Phase 0.015ms
[0.412s][info][gc,phases,start] GC(21) Adjust Roots
[0.412s][info][gc,phases      ] GC(21) Adjust Roots 0.152ms
[0.412s][info][gc,phases,start] GC(21) Compaction Phase
[0.424s][info][gc,phases      ] GC(21) Compaction Phase 11.559ms
[0.424s][info][gc,phases,start] GC(21) Post Compact
[0.424s][info][gc,phases      ] GC(21) Post Compact 0.117ms
[0.424s][info][gc,heap        ] GC(21) PSYoungGen: 5312K(17920K)->4779K(17920K) Eden: 0K(10240K)->0K(10240K) From: 5312K(7680K)->4779K(7680K)
[0.424s][info][gc,heap        ] GC(21) ParOldGen: 27279K(27648K)->27139K(38912K)
[0.424s][info][gc,metaspace   ] GC(21) Metaspace: 6298K(6464K)->6298K(6464K) NonClass: 5765K(5824K)->5765K(5824K) Class: 533K(640K)->533K(640K)
[0.424s][info][gc             ] GC(21) Pause Full (Ergonomics) 31M->31M(55M) 24.981ms
[0.424s][info][gc,cpu         ] GC(21) User=0.00s Sys=0.00s Real=0.03s
[0.433s][info][gc,start       ] GC(22) Pause Young (Allocation Failure)
[0.445s][info][gc,heap        ] GC(22) PSYoungGen: 15019K(17920K)->8192K(17920K) Eden: 10240K(10240K)->0K(9728K) From: 4779K(7680K)->8192K(8192K)
[0.445s][info][gc,heap        ] GC(22) ParOldGen: 27139K(38912K)->32947K(38912K)
[0.445s][info][gc,metaspace   ] GC(22) Metaspace: 6298K(6464K)->6298K(6464K) NonClass: 5765K(5824K)->5765K(5824K) Class: 533K(640K)->533K(640K)
[0.445s][info][gc             ] GC(22) Pause Young (Allocation Failure) 41M->40M(55M) 12.213ms
[0.445s][info][gc,cpu         ] GC(22) User=0.00s Sys=0.00s Real=0.01s
[0.445s][info][gc,start       ] GC(23) Pause Full (Ergonomics)
[0.445s][info][gc,phases,start] GC(23) Marking Phase
[0.462s][info][gc,phases      ] GC(23) Marking Phase 16.347ms
[0.462s][info][gc,phases,start] GC(23) Summary Phase
[0.462s][info][gc,phases      ] GC(23) Summary Phase 0.015ms
[0.462s][info][gc,phases,start] GC(23) Adjust Roots
[0.462s][info][gc,phases      ] GC(23) Adjust Roots 0.165ms
[0.462s][info][gc,phases,start] GC(23) Compaction Phase
[0.473s][info][gc,phases      ] GC(23) Compaction Phase 10.573ms
[0.473s][info][gc,phases,start] GC(23) Post Compact
[0.473s][info][gc,phases      ] GC(23) Post Compact 0.168ms
[0.473s][info][gc,heap        ] GC(23) PSYoungGen: 8192K(17920K)->2555K(17920K) Eden: 0K(9728K)->0K(9728K) From: 8192K(8192K)->2555K(8192K)
[0.473s][info][gc,heap        ] GC(23) ParOldGen: 32947K(38912K)->38468K(52736K)
[0.473s][info][gc,metaspace   ] GC(23) Metaspace: 6298K(6464K)->6298K(6464K) NonClass: 5765K(5824K)->5765K(5824K) Class: 533K(640K)->533K(640K)
[0.473s][info][gc             ] GC(23) Pause Full (Ergonomics) 40M->40M(69M) 27.643ms
[0.473s][info][gc,cpu         ] GC(23) User=0.03s Sys=0.00s Real=0.03s
[0.487s][info][gc,start       ] GC(24) Pause Young (Allocation Failure)
[0.497s][info][gc,heap        ] GC(24) PSYoungGen: 12283K(17920K)->9728K(20992K) Eden: 9728K(9728K)->0K(9728K) From: 2555K(8192K)->9728K(11264K)
[0.497s][info][gc,heap        ] GC(24) ParOldGen: 38468K(52736K)->41076K(52736K)
[0.497s][info][gc,metaspace   ] GC(24) Metaspace: 6298K(6464K)->6298K(6464K) NonClass: 5765K(5824K)->5765K(5824K) Class: 533K(640K)->533K(640K)
[0.497s][info][gc             ] GC(24) Pause Young (Allocation Failure) 49M->49M(72M) 10.110ms
[0.497s][info][gc,cpu         ] GC(24) User=0.00s Sys=0.00s Real=0.01s
[0.506s][info][gc,start       ] GC(25) Pause Young (Allocation Failure)
[0.519s][info][gc,heap        ] GC(25) PSYoungGen: 19456K(20992K)->12768K(19968K) Eden: 9728K(9728K)->0K(7168K) From: 9728K(11264K)->12768K(12800K)
[0.520s][info][gc,heap        ] GC(25) ParOldGen: 41076K(52736K)->47844K(52736K)
[0.520s][info][gc,metaspace   ] GC(25) Metaspace: 6298K(6464K)->6298K(6464K) NonClass: 5765K(5824K)->5765K(5824K) Class: 533K(640K)->533K(640K)
[0.520s][info][gc             ] GC(25) Pause Young (Allocation Failure) 59M->59M(71M) 13.114ms
[0.520s][info][gc,cpu         ] GC(25) User=0.00s Sys=0.00s Real=0.01s
[0.520s][info][gc,start       ] GC(26) Pause Full (Ergonomics)
[0.520s][info][gc,phases,start] GC(26) Marking Phase
[0.542s][info][gc,phases      ] GC(26) Marking Phase 22.677ms
[0.542s][info][gc,phases,start] GC(26) Summary Phase
[0.542s][info][gc,phases      ] GC(26) Summary Phase 0.021ms
[0.542s][info][gc,phases,start] GC(26) Adjust Roots
[0.543s][info][gc,phases      ] GC(26) Adjust Roots 0.225ms
[0.543s][info][gc,phases,start] GC(26) Compaction Phase
[0.563s][info][gc,phases      ] GC(26) Compaction Phase 19.919ms
[0.563s][info][gc,phases,start] GC(26) Post Compact
[0.563s][info][gc,phases      ] GC(26) Post Compact 0.207ms
[0.563s][info][gc,heap        ] GC(26) PSYoungGen: 12768K(19968K)->8148K(19968K) Eden: 0K(7168K)->0K(7168K) From: 12768K(12800K)->8148K(12800K)
[0.563s][info][gc,heap        ] GC(26) ParOldGen: 47844K(52736K)->51254K(68096K)
[0.563s][info][gc,metaspace   ] GC(26) Metaspace: 6298K(6464K)->6298K(6464K) NonClass: 5765K(5824K)->5765K(5824K) Class: 533K(640K)->533K(640K)
[0.563s][info][gc             ] GC(26) Pause Full (Ergonomics) 59M->58M(86M) 43.459ms
[0.563s][info][gc,cpu         ] GC(26) User=0.03s Sys=0.00s Real=0.04s
[0.571s][info][gc,start       ] GC(27) Pause Young (Allocation Failure)
[0.585s][info][gc,heap        ] GC(27) PSYoungGen: 15316K(19968K)->7200K(24576K) Eden: 7168K(7168K)->0K(7168K) From: 8148K(12800K)->7200K(17408K)
[0.585s][info][gc,heap        ] GC(27) ParOldGen: 51254K(68096K)->59502K(68096K)
[0.585s][info][gc,metaspace   ] GC(27) Metaspace: 6298K(6464K)->6298K(6464K) NonClass: 5765K(5824K)->5765K(5824K) Class: 533K(640K)->533K(640K)
[0.585s][info][gc             ] GC(27) Pause Young (Allocation Failure) 65M->65M(90M) 14.222ms
[0.585s][info][gc,cpu         ] GC(27) User=0.00s Sys=0.02s Real=0.01s
[0.585s][info][gc,start       ] GC(28) Pause Full (Ergonomics)
[0.585s][info][gc,phases,start] GC(28) Marking Phase
[0.611s][info][gc,phases      ] GC(28) Marking Phase 25.861ms
[0.611s][info][gc,phases,start] GC(28) Summary Phase
[0.611s][info][gc,phases      ] GC(28) Summary Phase 0.016ms
[0.611s][info][gc,phases,start] GC(28) Adjust Roots
[0.611s][info][gc,phases      ] GC(28) Adjust Roots 0.158ms
[0.611s][info][gc,phases,start] GC(28) Compaction Phase
[0.627s][info][gc,phases      ] GC(28) Compaction Phase 16.510ms
[0.628s][info][gc,phases,start] GC(28) Post Compact
[0.628s][info][gc,phases      ] GC(28) Post Compact 0.196ms
[0.628s][info][gc,heap        ] GC(28) PSYoungGen: 7200K(24576K)->0K(25088K) Eden: 0K(7168K)->0K(8704K) From: 7200K(17408K)->0K(16384K)
[0.628s][info][gc,heap        ] GC(28) ParOldGen: 59502K(68096K)->66541K(86528K)
[0.628s][info][gc,metaspace   ] GC(28) Metaspace: 6298K(6464K)->6298K(6464K) NonClass: 5765K(5824K)->5765K(5824K) Class: 533K(640K)->533K(640K)
[0.628s][info][gc             ] GC(28) Pause Full (Ergonomics) 65M->64M(109M) 43.046ms
[0.628s][info][gc,cpu         ] GC(28) User=0.05s Sys=0.00s Real=0.04s
[0.636s][info][gc,start       ] GC(29) Pause Young (Allocation Failure)
[0.643s][info][gc,heap        ] GC(29) PSYoungGen: 8704K(25088K)->8704K(25088K) Eden: 8704K(8704K)->0K(8704K) From: 0K(16384K)->8704K(16384K)
[0.643s][info][gc,heap        ] GC(29) ParOldGen: 66541K(86528K)->66541K(86528K)
[0.643s][info][gc,metaspace   ] GC(29) Metaspace: 6298K(6464K)->6298K(6464K) NonClass: 5765K(5824K)->5765K(5824K) Class: 533K(640K)->533K(640K)
[0.643s][info][gc             ] GC(29) Pause Young (Allocation Failure) 73M->73M(109M) 6.744ms
[0.643s][info][gc,cpu         ] GC(29) User=0.02s Sys=0.00s Real=0.01s
[0.652s][info][gc,start       ] GC(30) Pause Young (Allocation Failure)
[0.664s][info][gc,heap        ] GC(30) PSYoungGen: 17408K(25088K)->16384K(23552K) Eden: 8704K(8704K)->0K(7168K) From: 8704K(16384K)->16384K(16384K)
[0.664s][info][gc,heap        ] GC(30) ParOldGen: 66541K(86528K)->67549K(86528K)
[0.664s][info][gc,metaspace   ] GC(30) Metaspace: 6298K(6464K)->6298K(6464K) NonClass: 5765K(5824K)->5765K(5824K) Class: 533K(640K)->533K(640K)
[0.664s][info][gc             ] GC(30) Pause Young (Allocation Failure) 81M->81M(107M) 11.813ms
[0.664s][info][gc,cpu         ] GC(30) User=0.00s Sys=0.00s Real=0.01s
[0.682s][info][gc,start       ] GC(31) Pause Young (Allocation Failure)
[0.699s][info][gc,heap        ] GC(31) PSYoungGen: 23552K(23552K)->15424K(26624K) Eden: 7168K(7168K)->0K(7168K) From: 16384K(16384K)->15424K(19456K)
[0.699s][info][gc,heap        ] GC(31) ParOldGen: 71645K(86528K)->79933K(86528K)
[0.699s][info][gc,metaspace   ] GC(31) Metaspace: 6298K(6464K)->6298K(6464K) NonClass: 5765K(5824K)->5765K(5824K) Class: 533K(640K)->533K(640K)
[0.699s][info][gc             ] GC(31) Pause Young (Allocation Failure) 92M->93M(110M) 17.292ms
[0.699s][info][gc,cpu         ] GC(31) User=0.03s Sys=0.00s Real=0.02s
[0.699s][info][gc,start       ] GC(32) Pause Full (Ergonomics)
[0.699s][info][gc,phases,start] GC(32) Marking Phase
[0.736s][info][gc,phases      ] GC(32) Marking Phase 36.621ms
[0.736s][info][gc,phases,start] GC(32) Summary Phase
[0.736s][info][gc,phases      ] GC(32) Summary Phase 0.021ms
[0.736s][info][gc,phases,start] GC(32) Adjust Roots
[0.736s][info][gc,phases      ] GC(32) Adjust Roots 0.161ms
[0.736s][info][gc,phases,start] GC(32) Compaction Phase
[0.762s][info][gc,phases      ] GC(32) Compaction Phase 25.863ms
[0.762s][info][gc,phases,start] GC(32) Post Compact
[0.762s][info][gc,phases      ] GC(32) Post Compact 0.388ms
[0.763s][info][gc,heap        ] GC(32) PSYoungGen: 15424K(26624K)->6655K(26624K) Eden: 0K(7168K)->0K(7168K) From: 15424K(19456K)->6655K(19456K)
[0.763s][info][gc,heap        ] GC(32) ParOldGen: 79933K(86528K)->86409K(109056K)
[0.763s][info][gc,metaspace   ] GC(32) Metaspace: 6298K(6464K)->6298K(6464K) NonClass: 5765K(5824K)->5765K(5824K) Class: 533K(640K)->533K(640K)
[0.763s][info][gc             ] GC(32) Pause Full (Ergonomics) 93M->90M(132M) 63.458ms
[0.763s][info][gc,cpu         ] GC(32) User=0.11s Sys=0.00s Real=0.06s
[0.769s][info][gc,start       ] GC(33) Pause Young (Allocation Failure)
[0.782s][info][gc,heap        ] GC(33) PSYoungGen: 13823K(26624K)->13888K(29184K) Eden: 7168K(7168K)->0K(8192K) From: 6655K(19456K)->13888K(20992K)
[0.782s][info][gc,heap        ] GC(33) ParOldGen: 86409K(109056K)->86409K(109056K)
[0.782s][info][gc,metaspace   ] GC(33) Metaspace: 6298K(6464K)->6298K(6464K) NonClass: 5765K(5824K)->5765K(5824K) Class: 533K(640K)->533K(640K)
[0.782s][info][gc             ] GC(33) Pause Young (Allocation Failure) 97M->97M(135M) 12.408ms
[0.782s][info][gc,cpu         ] GC(33) User=0.00s Sys=0.00s Real=0.01s
[0.791s][info][gc,start       ] GC(34) Pause Young (Allocation Failure)
[0.801s][info][gc,heap        ] GC(34) PSYoungGen: 22080K(29184K)->21504K(29696K) Eden: 8192K(8192K)->0K(8192K) From: 13888K(20992K)->21504K(21504K)
[0.801s][info][gc,heap        ] GC(34) ParOldGen: 86409K(109056K)->86929K(109056K)
[0.801s][info][gc,metaspace   ] GC(34) Metaspace: 6298K(6464K)->6298K(6464K) NonClass: 5765K(5824K)->5765K(5824K) Class: 533K(640K)->533K(640K)
[0.801s][info][gc             ] GC(34) Pause Young (Allocation Failure) 105M->105M(135M) 10.353ms
[0.801s][info][gc,cpu         ] GC(34) User=0.00s Sys=0.00s Real=0.01s
[0.808s][info][gc,start       ] GC(35) Pause Young (Allocation Failure)
[0.824s][info][gc,heap        ] GC(35) PSYoungGen: 29696K(29696K)->23296K(31232K) Eden: 8192K(8192K)->0K(6144K) From: 21504K(21504K)->23296K(25088K)
[0.824s][info][gc,heap        ] GC(35) ParOldGen: 86929K(109056K)->93449K(109056K)
[0.824s][info][gc,metaspace   ] GC(35) Metaspace: 6298K(6464K)->6298K(6464K) NonClass: 5765K(5824K)->5765K(5824K) Class: 533K(640K)->533K(640K)
[0.824s][info][gc             ] GC(35) Pause Young (Allocation Failure) 113M->114M(137M) 15.518ms
[0.824s][info][gc,cpu         ] GC(35) User=0.02s Sys=0.00s Real=0.02s
[0.831s][info][gc,start       ] GC(36) Pause Young (Allocation Failure)
[0.845s][info][gc,heap        ] GC(36) PSYoungGen: 29440K(31232K)->22336K(34816K) Eden: 6144K(6144K)->0K(6144K) From: 23296K(25088K)->22336K(28672K)
[0.845s][info][gc,heap        ] GC(36) ParOldGen: 93449K(109056K)->100673K(109056K)
[0.845s][info][gc,metaspace   ] GC(36) Metaspace: 6298K(6464K)->6298K(6464K) NonClass: 5765K(5824K)->5765K(5824K) Class: 533K(640K)->533K(640K)
[0.845s][info][gc             ] GC(36) Pause Young (Allocation Failure) 120M->120M(140M) 13.691ms
[0.845s][info][gc,cpu         ] GC(36) User=0.00s Sys=0.00s Real=0.01s
[0.845s][info][gc,start       ] GC(37) Pause Full (Ergonomics)
[0.845s][info][gc,phases,start] GC(37) Marking Phase
[0.888s][info][gc,phases      ] GC(37) Marking Phase 42.956ms
[0.888s][info][gc,phases,start] GC(37) Summary Phase
[0.888s][info][gc,phases      ] GC(37) Summary Phase 0.023ms
[0.888s][info][gc,phases,start] GC(37) Adjust Roots
[0.888s][info][gc,phases      ] GC(37) Adjust Roots 0.146ms
[0.888s][info][gc,phases,start] GC(37) Compaction Phase
[0.913s][info][gc,phases      ] GC(37) Compaction Phase 25.356ms
[0.913s][info][gc,phases,start] GC(37) Post Compact
[0.914s][info][gc,phases      ] GC(37) Post Compact 0.584ms
[0.914s][info][gc,heap        ] GC(37) PSYoungGen: 22336K(34816K)->14054K(34816K) Eden: 0K(6144K)->0K(6144K) From: 22336K(28672K)->14054K(28672K)
[0.914s][info][gc,heap        ] GC(37) ParOldGen: 100673K(109056K)->108591K(134144K)
[0.914s][info][gc,metaspace   ] GC(37) Metaspace: 6298K(6464K)->6298K(6464K) NonClass: 5765K(5824K)->5765K(5824K) Class: 533K(640K)->533K(640K)
[0.914s][info][gc             ] GC(37) Pause Full (Ergonomics) 120M->119M(165M) 69.461ms
[0.914s][info][gc,cpu         ] GC(37) User=0.11s Sys=0.00s Real=0.07s
[0.921s][info][gc,start       ] GC(38) Pause Young (Allocation Failure)
[0.939s][info][gc,heap        ] GC(38) PSYoungGen: 20198K(34816K)->15712K(36352K) Eden: 6144K(6144K)->0K(7168K) From: 14054K(28672K)->15712K(29184K)
[0.939s][info][gc,heap        ] GC(38) ParOldGen: 108591K(134144K)->113231K(134144K)
[0.939s][info][gc,metaspace   ] GC(38) Metaspace: 6298K(6464K)->6298K(6464K) NonClass: 5765K(5824K)->5765K(5824K) Class: 533K(640K)->533K(640K)
[0.939s][info][gc             ] GC(38) Pause Young (Allocation Failure) 125M->125M(166M) 18.618ms
[0.939s][info][gc,cpu         ] GC(38) User=0.05s Sys=0.00s Real=0.02s
[0.946s][info][gc,start       ] GC(39) Pause Young (Allocation Failure)
[0.960s][info][gc,heap        ] GC(39) PSYoungGen: 22880K(36352K)->22880K(37376K) Eden: 7168K(7168K)->0K(7168K) From: 15712K(29184K)->22880K(30208K)
[0.960s][info][gc,heap        ] GC(39) ParOldGen: 113231K(134144K)->113231K(134144K)
[0.960s][info][gc,metaspace   ] GC(39) Metaspace: 6298K(6464K)->6298K(6464K) NonClass: 5765K(5824K)->5765K(5824K) Class: 533K(640K)->533K(640K)
[0.960s][info][gc             ] GC(39) Pause Young (Allocation Failure) 132M->132M(167M) 13.804ms
[0.960s][info][gc,cpu         ] GC(39) User=0.00s Sys=0.00s Real=0.01s
[0.967s][info][gc,start       ] GC(40) Pause Young (Allocation Failure)
[0.985s][info][gc,heap        ] GC(40) PSYoungGen: 30048K(37376K)->24448K(38912K) Eden: 7168K(7168K)->0K(6656K) From: 22880K(30208K)->24448K(32256K)
[0.985s][info][gc,heap        ] GC(40) ParOldGen: 113231K(134144K)->118903K(134144K)
[0.985s][info][gc,metaspace   ] GC(40) Metaspace: 6298K(6464K)->6298K(6464K) NonClass: 5765K(5824K)->5765K(5824K) Class: 533K(640K)->533K(640K)
[0.985s][info][gc             ] GC(40) Pause Young (Allocation Failure) 139M->139M(169M) 18.184ms
[0.985s][info][gc,cpu         ] GC(40) User=0.00s Sys=0.00s Real=0.02s
[0.992s][info][gc,start       ] GC(41) Pause Young (Allocation Failure)
[1.009s][info][gc,heap        ] GC(41) PSYoungGen: 31104K(38912K)->21024K(40960K) Eden: 6656K(6656K)->0K(6656K) From: 24448K(32256K)->21024K(34304K)
[1.009s][info][gc,heap        ] GC(41) ParOldGen: 118903K(134144K)->129135K(134144K)
[1.009s][info][gc,metaspace   ] GC(41) Metaspace: 6298K(6464K)->6298K(6464K) NonClass: 5765K(5824K)->5765K(5824K) Class: 533K(640K)->533K(640K)
[1.009s][info][gc             ] GC(41) Pause Young (Allocation Failure) 146M->146M(171M) 16.688ms
[1.009s][info][gc,cpu         ] GC(41) User=0.02s Sys=0.00s Real=0.02s
[1.009s][info][gc,start       ] GC(42) Pause Full (Ergonomics)
[1.009s][info][gc,phases,start] GC(42) Marking Phase
[1.055s][info][gc,phases      ] GC(42) Marking Phase 46.032ms
[1.055s][info][gc,phases,start] GC(42) Summary Phase
[1.055s][info][gc,phases      ] GC(42) Summary Phase 0.018ms
[1.055s][info][gc,phases,start] GC(42) Adjust Roots
[1.055s][info][gc,phases      ] GC(42) Adjust Roots 0.159ms
[1.055s][info][gc,phases,start] GC(42) Compaction Phase
[1.079s][info][gc,phases      ] GC(42) Compaction Phase 23.542ms
[1.079s][info][gc,phases,start] GC(42) Post Compact
[1.080s][info][gc,phases      ] GC(42) Post Compact 0.912ms
[1.080s][info][gc,heap        ] GC(42) PSYoungGen: 21024K(40960K)->15791K(40960K) Eden: 0K(6656K)->0K(6656K) From: 21024K(34304K)->15791K(34304K)
[1.080s][info][gc,heap        ] GC(42) ParOldGen: 129135K(134144K)->133871K(162816K)
[1.080s][info][gc,metaspace   ] GC(42) Metaspace: 6298K(6464K)->6298K(6464K) NonClass: 5765K(5824K)->5765K(5824K) Class: 533K(640K)->533K(640K)
[1.080s][info][gc             ] GC(42) Pause Full (Ergonomics) 146M->146M(199M) 71.223ms
[1.080s][info][gc,cpu         ] GC(42) User=0.19s Sys=0.00s Real=0.07s
[1.087s][info][gc,start       ] GC(43) Pause Young (Allocation Failure)
[1.109s][info][gc,heap        ] GC(43) PSYoungGen: 22447K(40960K)->11744K(40448K) Eden: 6656K(6656K)->0K(8192K) From: 15791K(34304K)->11744K(32256K)
[1.109s][info][gc,heap        ] GC(43) ParOldGen: 133871K(162816K)->144807K(162816K)
[1.109s][info][gc,metaspace   ] GC(43) Metaspace: 6298K(6464K)->6298K(6464K) NonClass: 5765K(5824K)->5765K(5824K) Class: 533K(640K)->533K(640K)
[1.109s][info][gc             ] GC(43) Pause Young (Allocation Failure) 152M->152M(198M) 21.633ms
[1.109s][info][gc,cpu         ] GC(43) User=0.05s Sys=0.00s Real=0.02s
[1.117s][info][gc,start       ] GC(44) Pause Young (Allocation Failure)
[1.130s][info][gc,heap        ] GC(44) PSYoungGen: 19936K(40448K)->14912K(41472K) Eden: 8192K(8192K)->0K(8192K) From: 11744K(32256K)->14912K(33280K)
[1.130s][info][gc,heap        ] GC(44) ParOldGen: 144807K(162816K)->149951K(162816K)
[1.130s][info][gc,metaspace   ] GC(44) Metaspace: 6298K(6464K)->6298K(6464K) NonClass: 5765K(5824K)->5765K(5824K) Class: 533K(640K)->533K(640K)
[1.130s][info][gc             ] GC(44) Pause Young (Allocation Failure) 160M->160M(199M) 12.790ms
[1.130s][info][gc,cpu         ] GC(44) User=0.00s Sys=0.00s Real=0.01s
[1.130s][info][gc,start       ] GC(45) Pause Full (Ergonomics)
[1.130s][info][gc,phases,start] GC(45) Marking Phase
[1.172s][info][gc,phases      ] GC(45) Marking Phase 41.785ms
[1.172s][info][gc,phases,start] GC(45) Summary Phase
[1.172s][info][gc,phases      ] GC(45) Summary Phase 0.026ms
[1.172s][info][gc,phases,start] GC(45) Adjust Roots
[1.172s][info][gc,phases      ] GC(45) Adjust Roots 0.204ms
[1.172s][info][gc,phases,start] GC(45) Compaction Phase
[1.195s][info][gc,phases      ] GC(45) Compaction Phase 23.316ms
[1.195s][info][gc,phases,start] GC(45) Post Compact
[1.196s][info][gc,phases      ] GC(45) Post Compact 0.804ms
[1.196s][info][gc,heap        ] GC(45) PSYoungGen: 14912K(41472K)->2015K(41472K) Eden: 0K(8192K)->0K(8192K) From: 14912K(33280K)->2015K(33280K)
[1.196s][info][gc,heap        ] GC(45) ParOldGen: 149951K(162816K)->162436K(194048K)
[1.196s][info][gc,metaspace   ] GC(45) Metaspace: 6298K(6464K)->6298K(6464K) NonClass: 5765K(5824K)->5765K(5824K) Class: 533K(640K)->533K(640K)
[1.196s][info][gc             ] GC(45) Pause Full (Ergonomics) 160M->160M(230M) 66.632ms
[1.196s][info][gc,cpu         ] GC(45) User=0.16s Sys=0.00s Real=0.07s
[1.205s][info][gc,start       ] GC(46) Pause Young (Allocation Failure)
[1.221s][info][gc,heap        ] GC(46) PSYoungGen: 10207K(41472K)->8256K(39424K) Eden: 8192K(8192K)->0K(9216K) From: 2015K(33280K)->8256K(30208K)
[1.221s][info][gc,heap        ] GC(46) ParOldGen: 162436K(194048K)->164508K(194048K)
[1.221s][info][gc,metaspace   ] GC(46) Metaspace: 6298K(6464K)->6298K(6464K) NonClass: 5765K(5824K)->5765K(5824K) Class: 533K(640K)->533K(640K)
[1.221s][info][gc             ] GC(46) Pause Young (Allocation Failure) 168M->168M(228M) 16.122ms
[1.221s][info][gc,cpu         ] GC(46) User=0.06s Sys=0.00s Real=0.02s
[1.256s][info][gc,start       ] GC(47) Pause Young (Allocation Failure)
[1.269s][info][gc,heap        ] GC(47) PSYoungGen: 17472K(39424K)->17472K(40448K) Eden: 9216K(9216K)->0K(9216K) From: 8256K(30208K)->17472K(31232K)
[1.269s][info][gc,heap        ] GC(47) ParOldGen: 172700K(194048K)->172700K(194048K)
[1.269s][info][gc,metaspace   ] GC(47) Metaspace: 6298K(6464K)->6298K(6464K) NonClass: 5765K(5824K)->5765K(5824K) Class: 533K(640K)->533K(640K)
[1.269s][info][gc             ] GC(47) Pause Young (Allocation Failure) 185M->185M(229M) 12.351ms
[1.269s][info][gc,cpu         ] GC(47) User=0.02s Sys=0.00s Real=0.01s
[1.278s][info][gc,start       ] GC(48) Pause Young (Allocation Failure)
[1.295s][info][gc,heap        ] GC(48) PSYoungGen: 26688K(40448K)->26656K(38912K) Eden: 9216K(9216K)->0K(8192K) From: 17472K(31232K)->26656K(30720K)
[1.295s][info][gc,heap        ] GC(48) ParOldGen: 172700K(194048K)->172700K(194048K)
[1.295s][info][gc,metaspace   ] GC(48) Metaspace: 6298K(6464K)->6298K(6464K) NonClass: 5765K(5824K)->5765K(5824K) Class: 533K(640K)->533K(640K)
[1.295s][info][gc             ] GC(48) Pause Young (Allocation Failure) 194M->194M(227M) 16.956ms
[1.295s][info][gc,cpu         ] GC(48) User=0.05s Sys=0.00s Real=0.02s
[1.303s][info][gc,start       ] GC(49) Pause Young (Allocation Failure)
[1.322s][info][gc,heap        ] GC(49) PSYoungGen: 34848K(38912K)->26656K(41472K) Eden: 8192K(8192K)->0K(8192K) From: 26656K(30720K)->26656K(33280K)
[1.322s][info][gc,heap        ] GC(49) ParOldGen: 172700K(194048K)->181012K(194048K)
[1.322s][info][gc,metaspace   ] GC(49) Metaspace: 6298K(6464K)->6298K(6464K) NonClass: 5765K(5824K)->5765K(5824K) Class: 533K(640K)->533K(640K)
[1.322s][info][gc             ] GC(49) Pause Young (Allocation Failure) 202M->202M(230M) 18.826ms
[1.322s][info][gc,cpu         ] GC(49) User=0.03s Sys=0.00s Real=0.02s
[1.330s][info][gc,start       ] GC(50) Pause Young (Allocation Failure)
[1.347s][info][gc,heap        ] GC(50) PSYoungGen: 34848K(41472K)->25664K(44544K) Eden: 8192K(8192K)->0K(8704K) From: 26656K(33280K)->25664K(35840K)
[1.347s][info][gc,heap        ] GC(50) ParOldGen: 181012K(194048K)->190348K(194048K)
[1.347s][info][gc,metaspace   ] GC(50) Metaspace: 6298K(6464K)->6298K(6464K) NonClass: 5765K(5824K)->5765K(5824K) Class: 533K(640K)->533K(640K)
[1.347s][info][gc             ] GC(50) Pause Young (Allocation Failure) 210M->210M(233M) 16.779ms
[1.347s][info][gc,cpu         ] GC(50) User=0.11s Sys=0.02s Real=0.02s
[1.347s][info][gc,start       ] GC(51) Pause Full (Ergonomics)
[1.347s][info][gc,phases,start] GC(51) Marking Phase
[1.405s][info][gc,phases      ] GC(51) Marking Phase 58.050ms
[1.405s][info][gc,phases,start] GC(51) Summary Phase
[1.405s][info][gc,phases      ] GC(51) Summary Phase 0.020ms
[1.405s][info][gc,phases,start] GC(51) Adjust Roots
[1.405s][info][gc,phases      ] GC(51) Adjust Roots 0.182ms
[1.405s][info][gc,phases,start] GC(51) Compaction Phase
[1.452s][info][gc,phases      ] GC(51) Compaction Phase 46.575ms
[1.452s][info][gc,phases,start] GC(51) Post Compact
[1.453s][info][gc,phases      ] GC(51) Post Compact 1.040ms
[1.453s][info][gc,heap        ] GC(51) PSYoungGen: 25664K(44544K)->17847K(44544K) Eden: 0K(8704K)->0K(8704K) From: 25664K(35840K)->17847K(35840K)
[1.453s][info][gc,heap        ] GC(51) ParOldGen: 190348K(194048K)->193557K(227840K)
[1.453s][info][gc,metaspace   ] GC(51) Metaspace: 6298K(6464K)->6298K(6464K) NonClass: 5765K(5824K)->5765K(5824K) Class: 533K(640K)->533K(640K)
[1.453s][info][gc             ] GC(51) Pause Full (Ergonomics) 210M->206M(266M) 106.348ms
[1.453s][info][gc,cpu         ] GC(51) User=0.34s Sys=0.00s Real=0.11s
[1.462s][info][gc,start       ] GC(52) Pause Young (Allocation Failure)
[1.485s][info][gc,heap        ] GC(52) PSYoungGen: 26551K(44544K)->14432K(45568K) Eden: 8704K(8704K)->0K(8704K) From: 17847K(35840K)->14432K(36864K)
[1.485s][info][gc,heap        ] GC(52) ParOldGen: 193557K(227840K)->205997K(227840K)
[1.485s][info][gc,metaspace   ] GC(52) Metaspace: 6298K(6464K)->6298K(6464K) NonClass: 5765K(5824K)->5765K(5824K) Class: 533K(640K)->533K(640K)
[1.485s][info][gc             ] GC(52) Pause Young (Allocation Failure) 214M->215M(267M) 23.207ms
[1.485s][info][gc,cpu         ] GC(52) User=0.06s Sys=0.00s Real=0.02s
[1.496s][info][gc,start       ] GC(53) Pause Young (Allocation Failure)
[1.508s][info][gc,heap        ] GC(53) PSYoungGen: 23136K(45568K)->17472K(41984K) Eden: 8704K(8704K)->0K(10240K) From: 14432K(36864K)->17472K(31744K)
[1.508s][info][gc,heap        ] GC(53) ParOldGen: 205997K(227840K)->211717K(227840K)
[1.508s][info][gc,metaspace   ] GC(53) Metaspace: 6298K(6464K)->6298K(6464K) NonClass: 5765K(5824K)->5765K(5824K) Class: 533K(640K)->533K(640K)
[1.508s][info][gc             ] GC(53) Pause Young (Allocation Failure) 223M->223M(263M) 12.571ms
[1.508s][info][gc,cpu         ] GC(53) User=0.02s Sys=0.00s Real=0.01s
[1.520s][info][gc,start       ] GC(54) Pause Young (Allocation Failure)
[1.535s][info][gc,heap        ] GC(54) PSYoungGen: 27712K(41984K)->19008K(44032K) Eden: 10240K(10240K)->0K(10240K) From: 17472K(31744K)->19008K(33792K)
[1.535s][info][gc,heap        ] GC(54) ParOldGen: 211717K(227840K)->220541K(227840K)
[1.535s][info][gc,metaspace   ] GC(54) Metaspace: 6298K(6464K)->6298K(6464K) NonClass: 5765K(5824K)->5765K(5824K) Class: 533K(640K)->533K(640K)
[1.535s][info][gc             ] GC(54) Pause Young (Allocation Failure) 233M->233M(265M) 15.541ms
[1.535s][info][gc,cpu         ] GC(54) User=0.00s Sys=0.02s Real=0.02s
[1.535s][info][gc,start       ] GC(55) Pause Full (Ergonomics)
[1.535s][info][gc,phases,start] GC(55) Marking Phase
[1.596s][info][gc,phases      ] GC(55) Marking Phase 60.603ms
[1.596s][info][gc,phases,start] GC(55) Summary Phase
[1.596s][info][gc,phases      ] GC(55) Summary Phase 0.018ms
[1.596s][info][gc,phases,start] GC(55) Adjust Roots
[1.596s][info][gc,phases      ] GC(55) Adjust Roots 0.158ms
[1.596s][info][gc,phases,start] GC(55) Compaction Phase
[1.623s][info][gc,phases      ] GC(55) Compaction Phase 27.047ms
[1.623s][info][gc,phases,start] GC(55) Post Compact
[1.624s][info][gc,phases      ] GC(55) Post Compact 1.022ms
[1.625s][info][gc,heap        ] GC(55) PSYoungGen: 19008K(44032K)->11217K(44032K) Eden: 0K(10240K)->0K(10240K) From: 19008K(33792K)->11217K(33792K)
[1.625s][info][gc,heap        ] GC(55) ParOldGen: 220541K(227840K)->227741K(265728K)
[1.625s][info][gc,metaspace   ] GC(55) Metaspace: 6298K(6464K)->6298K(6464K) NonClass: 5765K(5824K)->5765K(5824K) Class: 533K(640K)->533K(640K)
[1.625s][info][gc             ] GC(55) Pause Full (Ergonomics) 233M->233M(302M) 89.384ms
[1.625s][info][gc,cpu         ] GC(55) User=0.23s Sys=0.03s Real=0.09s
[1.636s][info][gc,start       ] GC(56) Pause Young (Allocation Failure)
[1.660s][info][gc,heap        ] GC(56) PSYoungGen: 21457K(44032K)->16480K(42496K) Eden: 10240K(10240K)->0K(11776K) From: 11217K(33792K)->16480K(30720K)
[1.660s][info][gc,heap        ] GC(56) ParOldGen: 227741K(265728K)->232877K(265728K)
[1.660s][info][gc,metaspace   ] GC(56) Metaspace: 6298K(6464K)->6298K(6464K) NonClass: 5765K(5824K)->5765K(5824K) Class: 533K(640K)->533K(640K)
[1.660s][info][gc             ] GC(56) Pause Young (Allocation Failure) 243M->243M(301M) 23.551ms
[1.660s][info][gc,cpu         ] GC(56) User=0.03s Sys=0.00s Real=0.02s
[1.673s][info][gc,start       ] GC(57) Pause Young (Allocation Failure)
[1.688s][info][gc,heap        ] GC(57) PSYoungGen: 28256K(42496K)->28320K(43520K) Eden: 11776K(11776K)->0K(11776K) From: 16480K(30720K)->28320K(31744K)
[1.688s][info][gc,heap        ] GC(57) ParOldGen: 232877K(265728K)->232877K(265728K)
[1.688s][info][gc,metaspace   ] GC(57) Metaspace: 6298K(6464K)->6298K(6464K) NonClass: 5765K(5824K)->5765K(5824K) Class: 533K(640K)->533K(640K)
[1.688s][info][gc             ] GC(57) Pause Young (Allocation Failure) 255M->255M(302M) 14.549ms
[1.688s][info][gc,cpu         ] GC(57) User=0.02s Sys=0.00s Real=0.01s
[1.701s][info][gc,start       ] GC(58) Pause Young (Allocation Failure)
[1.721s][info][gc,heap        ] GC(58) PSYoungGen: 40096K(43520K)->33824K(43520K) Eden: 11776K(11776K)->0K(9216K) From: 28320K(31744K)->33824K(34304K)
[1.721s][info][gc,heap        ] GC(58) ParOldGen: 232877K(265728K)->239173K(265728K)
[1.721s][info][gc,metaspace   ] GC(58) Metaspace: 6298K(6464K)->6298K(6464K) NonClass: 5765K(5824K)->5765K(5824K) Class: 533K(640K)->533K(640K)
[1.721s][info][gc             ] GC(58) Pause Young (Allocation Failure) 266M->266M(302M) 20.262ms
[1.721s][info][gc,cpu         ] GC(58) User=0.06s Sys=0.06s Real=0.02s
[1.732s][info][gc,start       ] GC(59) Pause Young (Allocation Failure)
[1.752s][info][gc,heap        ] GC(59) PSYoungGen: 43040K(43520K)->32864K(47616K) Eden: 9216K(9216K)->0K(9216K) From: 33824K(34304K)->32864K(38400K)
[1.752s][info][gc,heap        ] GC(59) ParOldGen: 239173K(265728K)->249557K(265728K)
[1.752s][info][gc,metaspace   ] GC(59) Metaspace: 6298K(6464K)->6298K(6464K) NonClass: 5765K(5824K)->5765K(5824K) Class: 533K(640K)->533K(640K)
[1.752s][info][gc             ] GC(59) Pause Young (Allocation Failure) 275M->275M(306M) 20.206ms
[1.752s][info][gc,cpu         ] GC(59) User=0.09s Sys=0.00s Real=0.02s
[1.763s][info][gc,start       ] GC(60) Pause Young (Allocation Failure)
[1.783s][info][gc,heap        ] GC(60) PSYoungGen: 42080K(47616K)->30304K(50176K) Eden: 9216K(9216K)->0K(9216K) From: 32864K(38400K)->30304K(40960K)
[1.783s][info][gc,heap        ] GC(60) ParOldGen: 249557K(265728K)->261501K(265728K)
[1.783s][info][gc,metaspace   ] GC(60) Metaspace: 6298K(6464K)->6298K(6464K) NonClass: 5765K(5824K)->5765K(5824K) Class: 533K(640K)->533K(640K)
[1.783s][info][gc             ] GC(60) Pause Young (Allocation Failure) 284M->284M(308M) 20.011ms
[1.783s][info][gc,cpu         ] GC(60) User=0.11s Sys=0.00s Real=0.02s
[1.783s][info][gc,start       ] GC(61) Pause Full (Ergonomics)
[1.783s][info][gc,phases,start] GC(61) Marking Phase
[1.849s][info][gc,phases      ] GC(61) Marking Phase 65.796ms
[1.849s][info][gc,phases,start] GC(61) Summary Phase
[1.849s][info][gc,phases      ] GC(61) Summary Phase 0.023ms
[1.849s][info][gc,phases,start] GC(61) Adjust Roots
[1.849s][info][gc,phases      ] GC(61) Adjust Roots 0.148ms
[1.849s][info][gc,phases,start] GC(61) Compaction Phase
[1.878s][info][gc,phases      ] GC(61) Compaction Phase 28.627ms
[1.878s][info][gc,phases,start] GC(61) Post Compact
[1.879s][info][gc,phases      ] GC(61) Post Compact 1.394ms
[1.879s][info][gc,heap        ] GC(61) PSYoungGen: 30304K(50176K)->25512K(50176K) Eden: 0K(9216K)->0K(9216K) From: 30304K(40960K)->25512K(40960K)
[1.879s][info][gc,heap        ] GC(61) ParOldGen: 261501K(265728K)->265509K(306688K)
[1.879s][info][gc,metaspace   ] GC(61) Metaspace: 6298K(6464K)->6298K(6464K) NonClass: 5765K(5824K)->5765K(5824K) Class: 533K(640K)->533K(640K)
[1.879s][info][gc             ] GC(61) Pause Full (Ergonomics) 284M->284M(348M) 96.483ms
[1.880s][info][gc,cpu         ] GC(61) User=0.50s Sys=0.00s Real=0.10s
[1.889s][info][gc,start       ] GC(62) Pause Young (Allocation Failure)
[1.917s][info][gc,heap        ] GC(62) PSYoungGen: 34728K(50176K)->17120K(51712K) Eden: 9216K(9216K)->0K(9216K) From: 25512K(40960K)->17120K(42496K)
[1.917s][info][gc,heap        ] GC(62) ParOldGen: 265509K(306688K)->283533K(306688K)
[1.917s][info][gc,metaspace   ] GC(62) Metaspace: 6298K(6464K)->6298K(6464K) NonClass: 5765K(5824K)->5765K(5824K) Class: 533K(640K)->533K(640K)
[1.917s][info][gc             ] GC(62) Pause Young (Allocation Failure) 293M->293M(350M) 27.338ms
[1.917s][info][gc,cpu         ] GC(62) User=0.14s Sys=0.00s Real=0.03s
[1.927s][info][gc,start       ] GC(63) Pause Young (Allocation Failure)
[1.940s][info][gc,heap        ] GC(63) PSYoungGen: 26336K(51712K)->18528K(49152K) Eden: 9216K(9216K)->0K(10752K) From: 17120K(42496K)->18528K(38400K)
[1.940s][info][gc,heap        ] GC(63) ParOldGen: 283533K(306688K)->291437K(306688K)
[1.940s][info][gc,metaspace   ] GC(63) Metaspace: 6298K(6464K)->6298K(6464K) NonClass: 5765K(5824K)->5765K(5824K) Class: 533K(640K)->533K(640K)
[1.940s][info][gc             ] GC(63) Pause Young (Allocation Failure) 302M->302M(347M) 13.310ms
[1.940s][info][gc,cpu         ] GC(63) User=0.00s Sys=0.00s Real=0.01s
[1.940s][info][gc,start       ] GC(64) Pause Full (Ergonomics)
[1.940s][info][gc,phases,start] GC(64) Marking Phase
[2.006s][info][gc,phases      ] GC(64) Marking Phase 65.571ms
[2.006s][info][gc,phases,start] GC(64) Summary Phase
[2.006s][info][gc,phases      ] GC(64) Summary Phase 0.018ms
[2.006s][info][gc,phases,start] GC(64) Adjust Roots
[2.006s][info][gc,phases      ] GC(64) Adjust Roots 0.145ms
[2.006s][info][gc,phases,start] GC(64) Compaction Phase
[2.035s][info][gc,phases      ] GC(64) Compaction Phase 28.570ms
[2.035s][info][gc,phases,start] GC(64) Post Compact
[2.036s][info][gc,phases      ] GC(64) Post Compact 1.403ms
[2.037s][info][gc,heap        ] GC(64) PSYoungGen: 18528K(49152K)->3045K(50688K) Eden: 0K(10752K)->0K(12288K) From: 18528K(38400K)->3045K(38400K)
[2.037s][info][gc,heap        ] GC(64) ParOldGen: 291437K(306688K)->306350K(352768K)
[2.037s][info][gc,metaspace   ] GC(64) Metaspace: 6298K(6464K)->6298K(6464K) NonClass: 5765K(5824K)->5765K(5824K) Class: 533K(640K)->533K(640K)
[2.037s][info][gc             ] GC(64) Pause Full (Ergonomics) 302M->302M(394M) 96.204ms
[2.037s][info][gc,cpu         ] GC(64) User=0.61s Sys=0.02s Real=0.10s
[2.050s][info][gc,start       ] GC(65) Pause Young (Allocation Failure)
[2.071s][info][gc,heap        ] GC(65) PSYoungGen: 15333K(50688K)->13120K(52224K) Eden: 12288K(12288K)->0K(12288K) From: 3045K(38400K)->13120K(39936K)
[2.071s][info][gc,heap        ] GC(65) ParOldGen: 306350K(352768K)->308758K(352768K)
[2.071s][info][gc,metaspace   ] GC(65) Metaspace: 6298K(6464K)->6298K(6464K) NonClass: 5765K(5824K)->5765K(5824K) Class: 533K(640K)->533K(640K)
[2.071s][info][gc             ] GC(65) Pause Young (Allocation Failure) 314M->314M(395M) 20.795ms
[2.071s][info][gc,cpu         ] GC(65) User=0.12s Sys=0.00s Real=0.02s
[2.085s][info][gc,start       ] GC(66) Pause Young (Allocation Failure)
[2.099s][info][gc,heap        ] GC(66) PSYoungGen: 25408K(52224K)->25408K(53248K) Eden: 12288K(12288K)->0K(13824K) From: 13120K(39936K)->25408K(39424K)
[2.099s][info][gc,heap        ] GC(66) ParOldGen: 308758K(352768K)->308758K(352768K)
[2.099s][info][gc,metaspace   ] GC(66) Metaspace: 6298K(6464K)->6298K(6464K) NonClass: 5765K(5824K)->5765K(5824K) Class: 533K(640K)->533K(640K)
[2.099s][info][gc             ] GC(66) Pause Young (Allocation Failure) 326M->326M(396M) 13.244ms
[2.099s][info][gc,cpu         ] GC(66) User=0.02s Sys=0.00s Real=0.01s
[2.114s][info][gc,start       ] GC(67) Pause Young (Allocation Failure)
[2.133s][info][gc,heap        ] GC(67) PSYoungGen: 39232K(53248K)->39200K(53248K) Eden: 13824K(13824K)->0K(13824K) From: 25408K(39424K)->39200K(39424K)
[2.133s][info][gc,heap        ] GC(67) ParOldGen: 308758K(352768K)->308758K(352768K)
[2.133s][info][gc,metaspace   ] GC(67) Metaspace: 6298K(6464K)->6298K(6464K) NonClass: 5765K(5824K)->5765K(5824K) Class: 533K(640K)->533K(640K)
[2.133s][info][gc             ] GC(67) Pause Young (Allocation Failure) 339M->339M(396M) 18.983ms
[2.133s][info][gc,cpu         ] GC(67) User=0.12s Sys=0.00s Real=0.02s
[2.207s][info][gc,start       ] GC(68) Pause Young (Allocation Failure)
[2.239s][info][gc,heap        ] GC(68) PSYoungGen: 53024K(53248K)->44544K(51200K) Eden: 13824K(13824K)->0K(6656K) From: 39200K(39424K)->44544K(44544K)
[2.239s][info][gc,heap        ] GC(68) ParOldGen: 325142K(352768K)->333622K(352768K)
[2.239s][info][gc,metaspace   ] GC(68) Metaspace: 6298K(6464K)->6298K(6464K) NonClass: 5765K(5824K)->5765K(5824K) Class: 533K(640K)->533K(640K)
[2.239s][info][gc             ] GC(68) Pause Young (Allocation Failure) 369M->369M(394M) 31.904ms
[2.239s][info][gc,cpu         ] GC(68) User=0.14s Sys=0.00s Real=0.03s
[2.245s][info][gc,start       ] GC(69) Pause Young (Allocation Failure)
[2.268s][info][gc,heap        ] GC(69) PSYoungGen: 51200K(51200K)->29728K(59904K) Eden: 6656K(6656K)->0K(6656K) From: 44544K(44544K)->29728K(53248K)
[2.268s][info][gc,heap        ] GC(69) ParOldGen: 333622K(352768K)->355566K(355840K)
[2.268s][info][gc,metaspace   ] GC(69) Metaspace: 6298K(6464K)->6298K(6464K) NonClass: 5765K(5824K)->5765K(5824K) Class: 533K(640K)->533K(640K)
[2.268s][info][gc             ] GC(69) Pause Young (Allocation Failure) 375M->376M(406M) 23.333ms
[2.268s][info][gc,cpu         ] GC(69) User=0.14s Sys=0.00s Real=0.02s
[2.268s][info][gc,start       ] GC(70) Pause Full (Ergonomics)
[2.268s][info][gc,phases,start] GC(70) Marking Phase
[2.348s][info][gc,phases      ] GC(70) Marking Phase 79.804ms
[2.348s][info][gc,phases,start] GC(70) Summary Phase
[2.348s][info][gc,phases      ] GC(70) Summary Phase 0.020ms
[2.348s][info][gc,phases,start] GC(70) Adjust Roots
[2.349s][info][gc,phases      ] GC(70) Adjust Roots 0.181ms
[2.349s][info][gc,phases,start] GC(70) Compaction Phase
[2.423s][info][gc,phases      ] GC(70) Compaction Phase 74.581ms
[2.423s][info][gc,phases,start] GC(70) Post Compact
[2.425s][info][gc,phases      ] GC(70) Post Compact 2.059ms
[2.426s][info][gc,heap        ] GC(70) PSYoungGen: 29728K(59904K)->20784K(59904K) Eden: 0K(6656K)->0K(6656K) From: 29728K(53248K)->20784K(53248K)
[2.426s][info][gc,heap        ] GC(70) ParOldGen: 355566K(355840K)->355528K(408576K)
[2.426s][info][gc,metaspace   ] GC(70) Metaspace: 6298K(6464K)->6298K(6464K) NonClass: 5765K(5824K)->5765K(5824K) Class: 533K(640K)->533K(640K)
[2.426s][info][gc             ] GC(70) Pause Full (Ergonomics) 376M->367M(457M) 157.211ms
[2.426s][info][gc,cpu         ] GC(70) User=0.70s Sys=0.00s Real=0.16s
[2.433s][info][gc,start       ] GC(71) Pause Young (Allocation Failure)
[2.462s][info][gc,heap        ] GC(71) PSYoungGen: 27440K(59904K)->19200K(56832K) Eden: 6656K(6656K)->0K(7680K) From: 20784K(53248K)->19200K(49152K)
[2.462s][info][gc,heap        ] GC(71) ParOldGen: 355528K(408576K)->364048K(408576K)
[2.462s][info][gc,metaspace   ] GC(71) Metaspace: 6298K(6464K)->6298K(6464K) NonClass: 5765K(5824K)->5765K(5824K) Class: 533K(640K)->533K(640K)
[2.462s][info][gc             ] GC(71) Pause Young (Allocation Failure) 373M->374M(454M) 28.336ms
[2.462s][info][gc,cpu         ] GC(71) User=0.09s Sys=0.03s Real=0.03s
[2.471s][info][gc,start       ] GC(72) Pause Young (Allocation Failure)
[2.484s][info][gc,heap        ] GC(72) PSYoungGen: 26880K(56832K)->26848K(34816K) Eden: 7680K(7680K)->0K(7680K) From: 19200K(49152K)->26848K(27136K)
[2.484s][info][gc,heap        ] GC(72) ParOldGen: 364048K(408576K)->364048K(408576K)
[2.484s][info][gc,metaspace   ] GC(72) Metaspace: 6298K(6464K)->6298K(6464K) NonClass: 5765K(5824K)->5765K(5824K) Class: 533K(640K)->533K(640K)
[2.484s][info][gc             ] GC(72) Pause Young (Allocation Failure) 381M->381M(433M) 13.734ms
[2.484s][info][gc,cpu         ] GC(72) User=0.02s Sys=0.00s Real=0.01s
[2.492s][info][gc,start       ] GC(73) Pause Young (Allocation Failure)
[2.508s][info][gc,heap        ] GC(73) PSYoungGen: 34528K(34816K)->27488K(55296K) Eden: 7680K(7680K)->0K(9216K) From: 26848K(27136K)->27488K(46080K)
[2.508s][info][gc,heap        ] GC(73) ParOldGen: 364048K(408576K)->371128K(408576K)
[2.508s][info][gc,metaspace   ] GC(73) Metaspace: 6298K(6464K)->6298K(6464K) NonClass: 5765K(5824K)->5765K(5824K) Class: 533K(640K)->533K(640K)
[2.508s][info][gc             ] GC(73) Pause Young (Allocation Failure) 389M->389M(453M) 16.279ms
[2.508s][info][gc,cpu         ] GC(73) User=0.02s Sys=0.00s Real=0.02s
[2.518s][info][gc,start       ] GC(74) Pause Young (Allocation Failure)
[2.535s][info][gc,heap        ] GC(74) PSYoungGen: 36704K(55296K)->31232K(56320K) Eden: 9216K(9216K)->0K(9216K) From: 27488K(46080K)->31232K(47104K)
[2.535s][info][gc,heap        ] GC(74) ParOldGen: 371128K(408576K)->376664K(408576K)
[2.535s][info][gc,metaspace   ] GC(74) Metaspace: 6298K(6464K)->6298K(6464K) NonClass: 5765K(5824K)->5765K(5824K) Class: 533K(640K)->533K(640K)
[2.535s][info][gc             ] GC(74) Pause Young (Allocation Failure) 398M->398M(454M) 17.262ms
[2.535s][info][gc,cpu         ] GC(74) User=0.11s Sys=0.00s Real=0.02s
[2.545s][info][gc,start       ] GC(75) Pause Young (Allocation Failure)
[2.564s][info][gc,heap        ] GC(75) PSYoungGen: 40448K(56320K)->26240K(53760K) Eden: 9216K(9216K)->0K(10752K) From: 31232K(47104K)->26240K(43008K)
[2.564s][info][gc,heap        ] GC(75) ParOldGen: 376664K(408576K)->391160K(408576K)
[2.564s][info][gc,metaspace   ] GC(75) Metaspace: 6298K(6464K)->6298K(6464K) NonClass: 5765K(5824K)->5765K(5824K) Class: 533K(640K)->533K(640K)
[2.564s][info][gc             ] GC(75) Pause Young (Allocation Failure) 407M->407M(451M) 19.529ms
[2.564s][info][gc,cpu         ] GC(75) User=0.09s Sys=0.03s Real=0.02s
[2.564s][info][gc,start       ] GC(76) Pause Full (Ergonomics)
[2.564s][info][gc,phases,start] GC(76) Marking Phase
[2.655s][info][gc,phases      ] GC(76) Marking Phase 90.304ms
[2.655s][info][gc,phases,start] GC(76) Summary Phase
[2.655s][info][gc,phases      ] GC(76) Summary Phase 0.021ms
[2.655s][info][gc,phases,start] GC(76) Adjust Roots
[2.655s][info][gc,phases      ] GC(76) Adjust Roots 0.229ms
[2.655s][info][gc,phases,start] GC(76) Compaction Phase
[2.703s][info][gc,phases      ] GC(76) Compaction Phase 48.421ms
[2.703s][info][gc,phases,start] GC(76) Post Compact
[2.706s][info][gc,phases      ] GC(76) Post Compact 2.372ms
[2.706s][info][gc,heap        ] GC(76) PSYoungGen: 26240K(53760K)->8140K(55296K) Eden: 0K(10752K)->0K(12288K) From: 26240K(43008K)->8140K(43008K)
[2.706s][info][gc,heap        ] GC(76) ParOldGen: 391160K(408576K)->408474K(462848K)
[2.706s][info][gc,metaspace   ] GC(76) Metaspace: 6298K(6464K)->6298K(6464K) NonClass: 5765K(5824K)->5765K(5824K) Class: 533K(640K)->533K(640K)
[2.706s][info][gc             ] GC(76) Pause Full (Ergonomics) 407M->406M(506M) 141.951ms
[2.706s][info][gc,cpu         ] GC(76) User=0.89s Sys=0.00s Real=0.14s
[2.720s][info][gc,start       ] GC(77) Pause Young (Allocation Failure)
[2.759s][info][gc,heap        ] GC(77) PSYoungGen: 20428K(55296K)->16000K(57344K) Eden: 12288K(12288K)->0K(12288K) From: 8140K(43008K)->16000K(45056K)
[2.759s][info][gc,heap        ] GC(77) ParOldGen: 408474K(462848K)->413106K(462848K)
[2.759s][info][gc,metaspace   ] GC(77) Metaspace: 6298K(6464K)->6298K(6464K) NonClass: 5765K(5824K)->5765K(5824K) Class: 533K(640K)->533K(640K)
[2.759s][info][gc             ] GC(77) Pause Young (Allocation Failure) 418M->419M(508M) 39.003ms
[2.760s][info][gc,cpu         ] GC(77) User=0.20s Sys=0.00s Real=0.04s
[2.773s][info][gc,start       ] GC(78) Pause Young (Allocation Failure)
[2.789s][info][gc,heap        ] GC(78) PSYoungGen: 28288K(57344K)->24704K(54784K) Eden: 12288K(12288K)->0K(13824K) From: 16000K(45056K)->24704K(40960K)
[2.789s][info][gc,heap        ] GC(78) ParOldGen: 413106K(462848K)->416770K(462848K)
[2.789s][info][gc,metaspace   ] GC(78) Metaspace: 6298K(6464K)->6298K(6464K) NonClass: 5765K(5824K)->5765K(5824K) Class: 533K(640K)->533K(640K)
[2.789s][info][gc             ] GC(78) Pause Young (Allocation Failure) 431M->431M(505M) 16.091ms
[2.789s][info][gc,cpu         ] GC(78) User=0.02s Sys=0.00s Real=0.02s
[2.803s][info][gc,start       ] GC(79) Pause Young (Allocation Failure)
[2.830s][info][gc,heap        ] GC(79) PSYoungGen: 38528K(54784K)->26208K(56832K) Eden: 13824K(13824K)->0K(13824K) From: 24704K(40960K)->26208K(43008K)
[2.830s][info][gc,heap        ] GC(79) ParOldGen: 416770K(462848K)->429242K(462848K)
[2.830s][info][gc,metaspace   ] GC(79) Metaspace: 6298K(6464K)->6298K(6464K) NonClass: 5765K(5824K)->5765K(5824K) Class: 533K(640K)->533K(640K)
[2.830s][info][gc             ] GC(79) Pause Young (Allocation Failure) 444M->444M(507M) 26.821ms
[2.830s][info][gc,cpu         ] GC(79) User=0.02s Sys=0.00s Real=0.03s
[2.845s][info][gc,start       ] GC(80) Pause Young (Allocation Failure)
[2.870s][info][gc,heap        ] GC(80) PSYoungGen: 40032K(56832K)->13920K(56832K) Eden: 13824K(13824K)->0K(15360K) From: 26208K(43008K)->13920K(41472K)
[2.870s][info][gc,heap        ] GC(80) ParOldGen: 429242K(462848K)->455690K(462848K)
[2.870s][info][gc,metaspace   ] GC(80) Metaspace: 6298K(6464K)->6298K(6464K) NonClass: 5765K(5824K)->5765K(5824K) Class: 533K(640K)->533K(640K)
[2.870s][info][gc             ] GC(80) Pause Young (Allocation Failure) 458M->458M(507M) 24.365ms
[2.870s][info][gc,cpu         ] GC(80) User=0.19s Sys=0.03s Real=0.02s
[2.870s][info][gc,start       ] GC(81) Pause Full (Ergonomics)
[2.870s][info][gc,phases,start] GC(81) Marking Phase
[2.977s][info][gc,phases      ] GC(81) Marking Phase 107.436ms
[2.977s][info][gc,phases,start] GC(81) Summary Phase
[2.977s][info][gc,phases      ] GC(81) Summary Phase 0.020ms
[2.977s][info][gc,phases,start] GC(81) Adjust Roots
[2.978s][info][gc,phases      ] GC(81) Adjust Roots 0.191ms
[2.978s][info][gc,phases,start] GC(81) Compaction Phase
[3.029s][info][gc,phases      ] GC(81) Compaction Phase 51.692ms
[3.029s][info][gc,phases,start] GC(81) Post Compact
[3.032s][info][gc,phases      ] GC(81) Post Compact 2.502ms
[3.032s][info][gc,heap        ] GC(81) PSYoungGen: 13920K(56832K)->6123K(56832K) Eden: 0K(15360K)->0K(15360K) From: 13920K(41472K)->6123K(41472K)
[3.032s][info][gc,heap        ] GC(81) ParOldGen: 455690K(462848K)->462585K(526336K)
[3.032s][info][gc,metaspace   ] GC(81) Metaspace: 6298K(6464K)->6298K(6464K) NonClass: 5765K(5824K)->5765K(5824K) Class: 533K(640K)->533K(640K)
[3.032s][info][gc             ] GC(81) Pause Full (Ergonomics) 458M->457M(569M) 162.453ms
[3.032s][info][gc,cpu         ] GC(81) User=0.92s Sys=0.00s Real=0.16s
[3.049s][info][gc,start       ] GC(82) Pause Young (Allocation Failure)
[3.081s][info][gc,heap        ] GC(82) PSYoungGen: 21483K(56832K)->15488K(57344K) Eden: 15360K(15360K)->0K(15360K) From: 6123K(41472K)->15488K(41984K)
[3.081s][info][gc,heap        ] GC(82) ParOldGen: 462585K(526336K)->468825K(526336K)
[3.081s][info][gc,metaspace   ] GC(82) Metaspace: 6298K(6464K)->6298K(6464K) NonClass: 5765K(5824K)->5765K(5824K) Class: 533K(640K)->533K(640K)
[3.081s][info][gc             ] GC(82) Pause Young (Allocation Failure) 472M->472M(570M) 32.479ms
[3.081s][info][gc,cpu         ] GC(82) User=0.16s Sys=0.00s Real=0.03s
[3.099s][info][gc,start       ] GC(83) Pause Young (Allocation Failure)
[3.116s][info][gc,heap        ] GC(83) PSYoungGen: 30848K(57344K)->15488K(57856K) Eden: 15360K(15360K)->0K(16896K) From: 15488K(41984K)->15488K(40960K)
[3.116s][info][gc,heap        ] GC(83) ParOldGen: 468825K(526336K)->484401K(526336K)
[3.116s][info][gc,metaspace   ] GC(83) Metaspace: 6298K(6464K)->6298K(6464K) NonClass: 5765K(5824K)->5765K(5824K) Class: 533K(640K)->533K(640K)
[3.116s][info][gc             ] GC(83) Pause Young (Allocation Failure) 487M->488M(570M) 17.392ms
[3.116s][info][gc,cpu         ] GC(83) User=0.05s Sys=0.00s Real=0.02s
[3.135s][info][gc,start       ] GC(84) Pause Young (Allocation Failure)
[3.153s][info][gc,heap        ] GC(84) PSYoungGen: 32384K(57856K)->16992K(58368K) Eden: 16896K(16896K)->0K(16896K) From: 15488K(40960K)->16992K(41472K)
[3.153s][info][gc,heap        ] GC(84) ParOldGen: 484401K(526336K)->499977K(526336K)
[3.153s][info][gc,metaspace   ] GC(84) Metaspace: 6298K(6464K)->6298K(6464K) NonClass: 5765K(5824K)->5765K(5824K) Class: 533K(640K)->533K(640K)
[3.153s][info][gc             ] GC(84) Pause Young (Allocation Failure) 504M->504M(571M) 18.145ms
[3.153s][info][gc,cpu         ] GC(84) User=0.12s Sys=0.00s Real=0.02s
[3.170s][info][gc,start       ] GC(85) Pause Young (Allocation Failure)
[3.189s][info][gc,heap        ] GC(85) PSYoungGen: 33888K(58368K)->17056K(57344K) Eden: 16896K(16896K)->0K(18944K) From: 16992K(41472K)->17056K(38400K)
[3.190s][info][gc,heap        ] GC(85) ParOldGen: 499977K(526336K)->517113K(526336K)
[3.190s][info][gc,metaspace   ] GC(85) Metaspace: 6298K(6464K)->6298K(6464K) NonClass: 5765K(5824K)->5765K(5824K) Class: 533K(640K)->533K(640K)
[3.190s][info][gc             ] GC(85) Pause Young (Allocation Failure) 521M->521M(570M) 19.422ms
[3.190s][info][gc,cpu         ] GC(85) User=0.12s Sys=0.00s Real=0.02s
[3.190s][info][gc,start       ] GC(86) Pause Full (Ergonomics)
[3.190s][info][gc,phases,start] GC(86) Marking Phase
[3.309s][info][gc,phases      ] GC(86) Marking Phase 119.687ms
[3.309s][info][gc,phases,start] GC(86) Summary Phase
[3.309s][info][gc,phases      ] GC(86) Summary Phase 0.111ms
[3.310s][info][gc,phases,start] GC(86) Adjust Roots
[3.310s][info][gc,phases      ] GC(86) Adjust Roots 0.152ms
[3.310s][info][gc,phases,start] GC(86) Compaction Phase
[3.365s][info][gc,phases      ] GC(86) Compaction Phase 54.973ms
[3.365s][info][gc,phases,start] GC(86) Post Compact
[3.366s][info][gc,phases      ] GC(86) Post Compact 0.829ms
[3.366s][info][gc,heap        ] GC(86) PSYoungGen: 17056K(57344K)->7152K(58368K) Eden: 0K(18944K)->0K(19968K) From: 17056K(38400K)->7152K(38400K)
[3.366s][info][gc,heap        ] GC(86) ParOldGen: 517113K(526336K)->525939K(594944K)
[3.366s][info][gc,metaspace   ] GC(86) Metaspace: 6298K(6464K)->6298K(6464K) NonClass: 5765K(5824K)->5765K(5824K) Class: 533K(640K)->533K(640K)
[3.366s][info][gc             ] GC(86) Pause Full (Ergonomics) 521M->520M(638M) 176.268ms
[3.366s][info][gc,cpu         ] GC(86) User=1.12s Sys=0.00s Real=0.18s
[3.389s][info][gc,start       ] GC(87) Pause Young (Allocation Failure)
[3.426s][info][gc,heap        ] GC(87) PSYoungGen: 27120K(58368K)->20096K(59392K) Eden: 19968K(19968K)->0K(19968K) From: 7152K(38400K)->20096K(39424K)
[3.426s][info][gc,heap        ] GC(87) ParOldGen: 525939K(594944K)->533227K(594944K)
[3.426s][info][gc,metaspace   ] GC(87) Metaspace: 6298K(6464K)->6298K(6464K) NonClass: 5765K(5824K)->5765K(5824K) Class: 533K(640K)->533K(640K)
[3.426s][info][gc             ] GC(87) Pause Young (Allocation Failure) 540M->540M(639M) 36.514ms
[3.426s][info][gc,cpu         ] GC(87) User=0.16s Sys=0.00s Real=0.04s
[3.450s][info][gc,start       ] GC(88) Pause Young (Allocation Failure)
[3.471s][info][gc,heap        ] GC(88) PSYoungGen: 40064K(59392K)->37888K(54784K) Eden: 19968K(19968K)->0K(16896K) From: 20096K(39424K)->37888K(37888K)
[3.471s][info][gc,heap        ] GC(88) ParOldGen: 533227K(594944K)->535339K(594944K)
[3.471s][info][gc,metaspace   ] GC(88) Metaspace: 6298K(6464K)->6298K(6464K) NonClass: 5765K(5824K)->5765K(5824K) Class: 533K(640K)->533K(640K)
[3.471s][info][gc             ] GC(88) Pause Young (Allocation Failure) 559M->559M(634M) 21.590ms
[3.471s][info][gc,cpu         ] GC(88) User=0.12s Sys=0.00s Real=0.02s
[3.490s][info][gc,start       ] GC(89) Pause Young (Allocation Failure)
[3.519s][info][gc,heap        ] GC(89) PSYoungGen: 54784K(54784K)->16960K(59904K) Eden: 16896K(16896K)->0K(16896K) From: 37888K(37888K)->16960K(43008K)
[3.519s][info][gc,heap        ] GC(89) ParOldGen: 535339K(594944K)->573699K(594944K)
[3.519s][info][gc,metaspace   ] GC(89) Metaspace: 6298K(6464K)->6298K(6464K) NonClass: 5765K(5824K)->5765K(5824K) Class: 533K(640K)->533K(640K)
[3.519s][info][gc             ] GC(89) Pause Young (Allocation Failure) 576M->576M(639M) 28.413ms
[3.519s][info][gc,cpu         ] GC(89) User=0.05s Sys=0.08s Real=0.03s
[3.519s][info][gc,start       ] GC(90) Pause Full (Ergonomics)
[3.519s][info][gc,phases,start] GC(90) Marking Phase
[3.644s][info][gc,phases      ] GC(90) Marking Phase 125.221ms
[3.644s][info][gc,phases,start] GC(90) Summary Phase
[3.644s][info][gc,phases      ] GC(90) Summary Phase 0.033ms
[3.644s][info][gc,phases,start] GC(90) Adjust Roots
[3.644s][info][gc,phases      ] GC(90) Adjust Roots 0.153ms
[3.644s][info][gc,phases,start] GC(90) Compaction Phase
[3.697s][info][gc,phases      ] GC(90) Compaction Phase 52.429ms
[3.697s][info][gc,phases,start] GC(90) Post Compact
[3.698s][info][gc,phases      ] GC(90) Post Compact 1.157ms
[3.698s][info][gc,heap        ] GC(90) PSYoungGen: 16960K(59904K)->0K(61440K) Eden: 0K(16896K)->0K(18944K) From: 16960K(43008K)->0K(42496K)
[3.698s][info][gc,heap        ] GC(90) ParOldGen: 573699K(594944K)->589831K(671744K)
[3.698s][info][gc,metaspace   ] GC(90) Metaspace: 6298K(6464K)->6298K(6464K) NonClass: 5765K(5824K)->5765K(5824K) Class: 533K(640K)->533K(640K)
[3.698s][info][gc             ] GC(90) Pause Full (Ergonomics) 576M->576M(716M) 179.616ms
[3.699s][info][gc,cpu         ] GC(90) User=1.16s Sys=0.00s Real=0.18s
[3.722s][info][gc,start       ] GC(91) Pause Young (Allocation Failure)
[3.734s][info][gc,heap        ] GC(91) PSYoungGen: 18944K(61440K)->19104K(61440K) Eden: 18944K(18944K)->0K(18944K) From: 0K(42496K)->19104K(42496K)
[3.734s][info][gc,heap        ] GC(91) ParOldGen: 589831K(671744K)->589831K(671744K)
[3.734s][info][gc,metaspace   ] GC(91) Metaspace: 6298K(6464K)->6298K(6464K) NonClass: 5765K(5824K)->5765K(5824K) Class: 533K(640K)->533K(640K)
[3.734s][info][gc             ] GC(91) Pause Young (Allocation Failure) 594M->594M(716M) 12.141ms
[3.734s][info][gc,cpu         ] GC(91) User=0.00s Sys=0.00s Real=0.01s
[3.757s][info][gc,start       ] GC(92) Pause Young (Allocation Failure)
[3.777s][info][gc,heap        ] GC(92) PSYoungGen: 38048K(61440K)->38048K(57856K) Eden: 18944K(18944K)->0K(16896K) From: 19104K(42496K)->38048K(40960K)
[3.777s][info][gc,heap        ] GC(92) ParOldGen: 589831K(671744K)->589831K(671744K)
[3.777s][info][gc,metaspace   ] GC(92) Metaspace: 6298K(6464K)->6298K(6464K) NonClass: 5765K(5824K)->5765K(5824K) Class: 533K(640K)->533K(640K)
[3.777s][info][gc             ] GC(92) Pause Young (Allocation Failure) 613M->613M(712M) 20.329ms
[3.777s][info][gc,cpu         ] GC(92) User=0.11s Sys=0.00s Real=0.02s
[3.798s][info][gc,start       ] GC(93) Pause Young (Allocation Failure)
[3.825s][info][gc,heap        ] GC(93) PSYoungGen: 54944K(57856K)->45056K(61952K) Eden: 16896K(16896K)->0K(16896K) From: 38048K(40960K)->45056K(45056K)
[3.825s][info][gc,heap        ] GC(93) ParOldGen: 589831K(671744K)->599719K(671744K)
[3.825s][info][gc,metaspace   ] GC(93) Metaspace: 6298K(6464K)->6298K(6464K) NonClass: 5765K(5824K)->5765K(5824K) Class: 533K(640K)->533K(640K)
[3.825s][info][gc             ] GC(93) Pause Young (Allocation Failure) 629M->629M(716M) 27.954ms
[3.825s][info][gc,cpu         ] GC(93) User=0.14s Sys=0.00s Real=0.03s
[3.845s][info][gc,start       ] GC(94) Pause Young (Allocation Failure)
[3.876s][info][gc,heap        ] GC(94) PSYoungGen: 61952K(61952K)->31072K(71168K) Eden: 16896K(16896K)->0K(18944K) From: 45056K(45056K)->31072K(52224K)
[3.876s][info][gc,heap        ] GC(94) ParOldGen: 599719K(671744K)->631199K(671744K)
[3.876s][info][gc,metaspace   ] GC(94) Metaspace: 6298K(6464K)->6298K(6464K) NonClass: 5765K(5824K)->5765K(5824K) Class: 533K(640K)->533K(640K)
[3.876s][info][gc             ] GC(94) Pause Young (Allocation Failure) 646M->646M(725M) 30.768ms
[3.876s][info][gc,cpu         ] GC(94) User=0.14s Sys=0.00s Real=0.03s
[3.900s][info][gc,start       ] GC(95) Pause Young (Allocation Failure)
[3.926s][info][gc,heap        ] GC(95) PSYoungGen: 50016K(71168K)->36000K(72192K) Eden: 18944K(18944K)->0K(18944K) From: 31072K(52224K)->36000K(53248K)
[3.926s][info][gc,heap        ] GC(95) ParOldGen: 631199K(671744K)->645407K(671744K)
[3.926s][info][gc,metaspace   ] GC(95) Metaspace: 6298K(6464K)->6298K(6464K) NonClass: 5765K(5824K)->5765K(5824K) Class: 533K(640K)->533K(640K)
[3.926s][info][gc             ] GC(95) Pause Young (Allocation Failure) 665M->665M(726M) 26.208ms
[3.926s][info][gc,cpu         ] GC(95) User=0.12s Sys=0.00s Real=0.03s
[3.926s][info][gc,start       ] GC(96) Pause Full (Ergonomics)
[3.926s][info][gc,phases,start] GC(96) Marking Phase
[4.075s][info][gc,phases      ] GC(96) Marking Phase 149.065ms
[4.075s][info][gc,phases,start] GC(96) Summary Phase
[4.075s][info][gc,phases      ] GC(96) Summary Phase 0.022ms
[4.075s][info][gc,phases,start] GC(96) Adjust Roots
[4.075s][info][gc,phases      ] GC(96) Adjust Roots 0.153ms
[4.075s][info][gc,phases,start] GC(96) Compaction Phase
[4.135s][info][gc,phases      ] GC(96) Compaction Phase 59.852ms
[4.135s][info][gc,phases,start] GC(96) Post Compact
[4.136s][info][gc,phases      ] GC(96) Post Compact 1.103ms
[4.137s][info][gc,heap        ] GC(96) PSYoungGen: 36000K(72192K)->8697K(72192K) Eden: 0K(18944K)->0K(18944K) From: 36000K(53248K)->8697K(53248K)
[4.137s][info][gc,heap        ] GC(96) ParOldGen: 645407K(671744K)->671604K(758272K)
[4.137s][info][gc,metaspace   ] GC(96) Metaspace: 6298K(6464K)->6298K(6464K) NonClass: 5765K(5824K)->5765K(5824K) Class: 533K(640K)->533K(640K)
[4.137s][info][gc             ] GC(96) Pause Full (Ergonomics) 665M->664M(811M) 210.790ms
[4.137s][info][gc,cpu         ] GC(96) User=1.52s Sys=0.00s Real=0.21s
[4.163s][info][gc,start       ] GC(97) Pause Young (Allocation Failure)
[4.208s][info][gc,heap        ] GC(97) PSYoungGen: 27641K(72192K)->23616K(71680K) Eden: 18944K(18944K)->0K(20992K) From: 8697K(53248K)->23616K(50688K)
[4.208s][info][gc,heap        ] GC(97) ParOldGen: 671604K(758272K)->675828K(758272K)
[4.208s][info][gc,metaspace   ] GC(97) Metaspace: 6298K(6464K)->6298K(6464K) NonClass: 5765K(5824K)->5765K(5824K) Class: 533K(640K)->533K(640K)
[4.208s][info][gc             ] GC(97) Pause Young (Allocation Failure) 682M->683M(810M) 44.948ms
[4.208s][info][gc,cpu         ] GC(97) User=0.22s Sys=0.00s Real=0.04s
[4.356s][info][gc,start       ] GC(98) Pause Young (Allocation Failure)
[4.396s][info][gc,heap        ] GC(98) PSYoungGen: 44608K(71680K)->44672K(73216K) Eden: 20992K(20992K)->0K(20992K) From: 23616K(50688K)->44672K(52224K)
[4.396s][info][gc,heap        ] GC(98) ParOldGen: 708596K(758272K)->708596K(758272K)
[4.396s][info][gc,metaspace   ] GC(98) Metaspace: 6298K(6464K)->6298K(6464K) NonClass: 5765K(5824K)->5765K(5824K) Class: 533K(640K)->533K(640K)
[4.396s][info][gc             ] GC(98) Pause Young (Allocation Failure) 735M->735M(812M) 40.060ms
[4.396s][info][gc,cpu         ] GC(98) User=0.17s Sys=0.00s Real=0.04s
[4.418s][info][gc,start       ] GC(99) Pause Young (Allocation Failure)
[4.452s][info][gc,heap        ] GC(99) PSYoungGen: 65664K(73216K)->55808K(68096K) Eden: 20992K(20992K)->0K(12288K) From: 44672K(52224K)->55808K(55808K)
[4.452s][info][gc,heap        ] GC(99) ParOldGen: 708596K(758272K)->718468K(758272K)
[4.452s][info][gc,metaspace   ] GC(99) Metaspace: 6298K(6464K)->6298K(6464K) NonClass: 5765K(5824K)->5765K(5824K) Class: 533K(640K)->533K(640K)
[4.452s][info][gc             ] GC(99) Pause Young (Allocation Failure) 756M->756M(807M) 34.790ms
[4.452s][info][gc,cpu         ] GC(99) User=0.12s Sys=0.03s Real=0.04s
[4.465s][info][gc,start       ] GC(100) Pause Young (Allocation Failure)
[4.498s][info][gc,heap        ] GC(100) PSYoungGen: 68096K(68096K)->48576K(78848K) Eden: 12288K(12288K)->0K(12288K) From: 55808K(55808K)->48576K(66560K)
[4.498s][info][gc,heap        ] GC(100) ParOldGen: 718468K(758272K)->738388K(758272K)
[4.498s][info][gc,metaspace   ] GC(100) Metaspace: 6298K(6464K)->6298K(6464K) NonClass: 5765K(5824K)->5765K(5824K) Class: 533K(640K)->533K(640K)
[4.499s][info][gc             ] GC(100) Pause Young (Allocation Failure) 768M->768M(817M) 33.399ms
[4.499s][info][gc,cpu         ] GC(100) User=0.06s Sys=0.00s Real=0.03s
[4.499s][info][gc,start       ] GC(101) Pause Full (Ergonomics)
[4.499s][info][gc,phases,start] GC(101) Marking Phase
[4.670s][info][gc,phases      ] GC(101) Marking Phase 171.643ms
[4.670s][info][gc,phases,start] GC(101) Summary Phase
[4.670s][info][gc,phases      ] GC(101) Summary Phase 0.022ms
[4.670s][info][gc,phases,start] GC(101) Adjust Roots
[4.670s][info][gc,phases      ] GC(101) Adjust Roots 0.151ms
[4.671s][info][gc,phases,start] GC(101) Compaction Phase
[4.798s][info][gc,phases      ] GC(101) Compaction Phase 127.803ms
[4.798s][info][gc,phases,start] GC(101) Post Compact
[4.800s][info][gc,phases      ] GC(101) Post Compact 1.629ms
[4.800s][info][gc,heap        ] GC(101) PSYoungGen: 48576K(78848K)->11547K(78848K) Eden: 0K(12288K)->0K(12288K) From: 48576K(66560K)->11547K(66560K)
[4.800s][info][gc,heap        ] GC(101) ParOldGen: 738388K(758272K)->758229K(847872K)
[4.800s][info][gc,metaspace   ] GC(101) Metaspace: 6298K(6464K)->6298K(6464K) NonClass: 5765K(5824K)->5765K(5824K) Class: 533K(640K)->533K(640K)
[4.800s][info][gc             ] GC(101) Pause Full (Ergonomics) 768M->751M(905M) 301.888ms
[4.800s][info][gc,cpu         ] GC(101) User=2.06s Sys=0.02s Real=0.30s
[4.815s][info][gc,start       ] GC(102) Pause Young (Allocation Failure)
[4.857s][info][gc,heap        ] GC(102) PSYoungGen: 23835K(78848K)->18688K(81920K) Eden: 12288K(12288K)->0K(13824K) From: 11547K(66560K)->18688K(68096K)
[4.857s][info][gc,heap        ] GC(102) ParOldGen: 758229K(847872K)->763629K(847872K)
[4.857s][info][gc,metaspace   ] GC(102) Metaspace: 6298K(6464K)->6298K(6464K) NonClass: 5765K(5824K)->5765K(5824K) Class: 533K(640K)->533K(640K)
[4.857s][info][gc             ] GC(102) Pause Young (Allocation Failure) 763M->763M(908M) 41.782ms
[4.857s][info][gc,cpu         ] GC(102) User=0.17s Sys=0.00s Real=0.04s
[4.872s][info][gc,start       ] GC(103) Pause Young (Allocation Failure)
[4.893s][info][gc,heap        ] GC(103) PSYoungGen: 32512K(81920K)->32448K(46592K) Eden: 13824K(13824K)->0K(13824K) From: 18688K(68096K)->32448K(32768K)
[4.893s][info][gc,heap        ] GC(103) ParOldGen: 763629K(847872K)->763629K(847872K)
[4.893s][info][gc,metaspace   ] GC(103) Metaspace: 6298K(6464K)->6298K(6464K) NonClass: 5765K(5824K)->5765K(5824K) Class: 533K(640K)->533K(640K)
[4.893s][info][gc             ] GC(103) Pause Young (Allocation Failure) 777M->777M(873M) 21.219ms
[4.893s][info][gc,cpu         ] GC(103) User=0.03s Sys=0.00s Real=0.02s
[4.907s][info][gc,start       ] GC(104) Pause Young (Allocation Failure)
[4.931s][info][gc,heap        ] GC(104) PSYoungGen: 46272K(46592K)->42432K(79872K) Eden: 13824K(13824K)->0K(14848K) From: 32448K(32768K)->42432K(65024K)
[4.931s][info][gc,heap        ] GC(104) ParOldGen: 763629K(847872K)->767573K(847872K)
[4.931s][info][gc,metaspace   ] GC(104) Metaspace: 6298K(6464K)->6298K(6464K) NonClass: 5765K(5824K)->5765K(5824K) Class: 533K(640K)->533K(640K)
[4.931s][info][gc             ] GC(104) Pause Young (Allocation Failure) 790M->791M(906M) 24.154ms
[4.931s][info][gc,cpu         ] GC(104) User=0.05s Sys=0.00s Real=0.02s
[4.946s][info][gc,start       ] GC(105) Pause Young (Allocation Failure)
[4.973s][info][gc,heap        ] GC(105) PSYoungGen: 57280K(79872K)->54880K(80384K) Eden: 14848K(14848K)->0K(14848K) From: 42432K(65024K)->54880K(65536K)
[4.973s][info][gc,heap        ] GC(105) ParOldGen: 767573K(847872K)->770013K(847872K)
[4.973s][info][gc,metaspace   ] GC(105) Metaspace: 6298K(6464K)->6298K(6464K) NonClass: 5765K(5824K)->5765K(5824K) Class: 533K(640K)->533K(640K)
[4.973s][info][gc             ] GC(105) Pause Young (Allocation Failure) 805M->805M(906M) 27.317ms
[4.973s][info][gc,cpu         ] GC(105) User=0.14s Sys=0.00s Real=0.03s
[4.989s][info][gc,start       ] GC(106) Pause Young (Allocation Failure)
[5.022s][info][gc,heap        ] GC(106) PSYoungGen: 69728K(80384K)->57472K(82432K) Eden: 14848K(14848K)->0K(12288K) From: 54880K(65536K)->57472K(70144K)
[5.022s][info][gc,heap        ] GC(106) ParOldGen: 770013K(847872K)->782461K(847872K)
[5.022s][info][gc,metaspace   ] GC(106) Metaspace: 6298K(6464K)->6298K(6464K) NonClass: 5765K(5824K)->5765K(5824K) Class: 533K(640K)->533K(640K)
[5.022s][info][gc             ] GC(106) Pause Young (Allocation Failure) 820M->820M(908M) 32.926ms
[5.022s][info][gc,cpu         ] GC(106) User=0.17s Sys=0.02s Real=0.03s
[5.035s][info][gc,start       ] GC(107) Pause Young (Allocation Failure)
[5.068s][info][gc,heap        ] GC(107) PSYoungGen: 69760K(82432K)->42112K(54784K) Eden: 12288K(12288K)->0K(12288K) From: 57472K(70144K)->42112K(42496K)
[5.068s][info][gc,heap        ] GC(107) ParOldGen: 782461K(847872K)->810421K(847872K)
[5.068s][info][gc,metaspace   ] GC(107) Metaspace: 6298K(6464K)->6298K(6464K) NonClass: 5765K(5824K)->5765K(5824K) Class: 533K(640K)->533K(640K)
[5.068s][info][gc             ] GC(107) Pause Young (Allocation Failure) 832M->832M(881M) 32.907ms
[5.068s][info][gc,cpu         ] GC(107) User=0.12s Sys=0.05s Real=0.03s
[5.082s][info][gc,start       ] GC(108) Pause Young (Allocation Failure)
[5.109s][info][gc,heap        ] GC(108) PSYoungGen: 54400K(54784K)->24704K(84480K) Eden: 12288K(12288K)->0K(14336K) From: 42112K(42496K)->24704K(70144K)
[5.109s][info][gc,heap        ] GC(108) ParOldGen: 810421K(847872K)->840485K(847872K)
[5.109s][info][gc,metaspace   ] GC(108) Metaspace: 6298K(6464K)->6298K(6464K) NonClass: 5765K(5824K)->5765K(5824K) Class: 533K(640K)->533K(640K)
[5.109s][info][gc             ] GC(108) Pause Young (Allocation Failure) 844M->844M(910M) 27.410ms
[5.109s][info][gc,cpu         ] GC(108) User=0.12s Sys=0.00s Real=0.03s
[5.109s][info][gc,start       ] GC(109) Pause Full (Ergonomics)
[5.109s][info][gc,phases,start] GC(109) Marking Phase
[5.303s][info][gc,phases      ] GC(109) Marking Phase 193.446ms
[5.303s][info][gc,phases,start] GC(109) Summary Phase
[5.303s][info][gc,phases      ] GC(109) Summary Phase 0.024ms
[5.303s][info][gc,phases,start] GC(109) Adjust Roots
[5.303s][info][gc,phases      ] GC(109) Adjust Roots 0.156ms
[5.303s][info][gc,phases,start] GC(109) Compaction Phase
[5.394s][info][gc,phases      ] GC(109) Compaction Phase 91.221ms
[5.394s][info][gc,phases,start] GC(109) Post Compact
[5.396s][info][gc,phases      ] GC(109) Post Compact 1.544ms
[5.396s][info][gc,heap        ] GC(109) PSYoungGen: 24704K(84480K)->16337K(85504K) Eden: 0K(14336K)->0K(15360K) From: 24704K(70144K)->16337K(70144K)
[5.396s][info][gc,heap        ] GC(109) ParOldGen: 840485K(847872K)->847429K(949248K)
[5.397s][info][gc,metaspace   ] GC(109) Metaspace: 6298K(6464K)->6298K(6464K) NonClass: 5765K(5824K)->5765K(5824K) Class: 533K(640K)->533K(640K)
[5.397s][info][gc             ] GC(109) Pause Full (Ergonomics) 844M->843M(1010M) 287.176ms
[5.397s][info][gc,cpu         ] GC(109) User=2.11s Sys=0.00s Real=0.29s
[5.415s][info][gc,start       ] GC(110) Pause Young (Allocation Failure)
[5.465s][info][gc,heap        ] GC(110) PSYoungGen: 31697K(85504K)->15488K(86528K) Eden: 15360K(15360K)->0K(15360K) From: 16337K(70144K)->15488K(71168K)
[5.465s][info][gc,heap        ] GC(110) ParOldGen: 847429K(949248K)->864005K(949248K)
[5.465s][info][gc,metaspace   ] GC(110) Metaspace: 6298K(6464K)->6298K(6464K) NonClass: 5765K(5824K)->5765K(5824K) Class: 533K(640K)->533K(640K)
[5.465s][info][gc             ] GC(110) Pause Young (Allocation Failure) 858M->858M(1011M) 50.274ms
[5.465s][info][gc,cpu         ] GC(110) User=0.25s Sys=0.02s Real=0.05s
[5.481s][info][gc,start       ] GC(111) Pause Young (Allocation Failure)
[5.500s][info][gc,heap        ] GC(111) PSYoungGen: 30848K(86528K)->15520K(88064K) Eden: 15360K(15360K)->0K(17408K) From: 15488K(71168K)->15520K(70656K)
[5.500s][info][gc,heap        ] GC(111) ParOldGen: 864005K(949248K)->879573K(949248K)
[5.500s][info][gc,metaspace   ] GC(111) Metaspace: 6298K(6464K)->6298K(6464K) NonClass: 5765K(5824K)->5765K(5824K) Class: 533K(640K)->533K(640K)
[5.500s][info][gc             ] GC(111) Pause Young (Allocation Failure) 873M->874M(1013M) 18.755ms
[5.500s][info][gc,cpu         ] GC(111) User=0.05s Sys=0.00s Real=0.02s
[5.520s][info][gc,start       ] GC(112) Pause Young (Allocation Failure)
[5.539s][info][gc,heap        ] GC(112) PSYoungGen: 32928K(88064K)->17600K(88576K) Eden: 17408K(17408K)->0K(17408K) From: 15520K(70656K)->17600K(71168K)
[5.539s][info][gc,heap        ] GC(112) ParOldGen: 879573K(949248K)->895149K(949248K)
[5.539s][info][gc,metaspace   ] GC(112) Metaspace: 6298K(6464K)->6298K(6464K) NonClass: 5765K(5824K)->5765K(5824K) Class: 533K(640K)->533K(640K)
[5.539s][info][gc             ] GC(112) Pause Young (Allocation Failure) 891M->891M(1013M) 19.344ms
[5.539s][info][gc,cpu         ] GC(112) User=0.09s Sys=0.03s Real=0.02s
[5.558s][info][gc,start       ] GC(113) Pause Young (Allocation Failure)
[5.577s][info][gc,heap        ] GC(113) PSYoungGen: 35008K(88576K)->17536K(86528K) Eden: 17408K(17408K)->0K(19456K) From: 17600K(71168K)->17536K(67072K)
[5.578s][info][gc,heap        ] GC(113) ParOldGen: 895149K(949248K)->912789K(949248K)
[5.578s][info][gc,metaspace   ] GC(113) Metaspace: 6298K(6464K)->6298K(6464K) NonClass: 5765K(5824K)->5765K(5824K) Class: 533K(640K)->533K(640K)
[5.578s][info][gc             ] GC(113) Pause Young (Allocation Failure) 908M->908M(1011M) 19.951ms
[5.578s][info][gc,cpu         ] GC(113) User=0.11s Sys=0.02s Real=0.02s
[5.599s][info][gc,start       ] GC(114) Pause Young (Allocation Failure)
[5.620s][info][gc,heap        ] GC(114) PSYoungGen: 36992K(86528K)->19584K(88064K) Eden: 19456K(19456K)->0K(19456K) From: 17536K(67072K)->19584K(68608K)
[5.620s][info][gc,heap        ] GC(114) ParOldGen: 912789K(949248K)->930429K(949248K)
[5.620s][info][gc,metaspace   ] GC(114) Metaspace: 6298K(6464K)->6298K(6464K) NonClass: 5765K(5824K)->5765K(5824K) Class: 533K(640K)->533K(640K)
[5.620s][info][gc             ] GC(114) Pause Young (Allocation Failure) 927M->927M(1013M) 21.177ms
[5.620s][info][gc,cpu         ] GC(114) User=0.06s Sys=0.06s Real=0.02s
[5.620s][info][gc,start       ] GC(115) Pause Full (Ergonomics)
[5.620s][info][gc,phases,start] GC(115) Marking Phase
[5.833s][info][gc,phases      ] GC(115) Marking Phase 212.601ms
[5.833s][info][gc,phases,start] GC(115) Summary Phase
[5.833s][info][gc,phases      ] GC(115) Summary Phase 0.054ms
[5.833s][info][gc,phases,start] GC(115) Adjust Roots
[5.833s][info][gc,phases      ] GC(115) Adjust Roots 0.157ms
[5.833s][info][gc,phases,start] GC(115) Compaction Phase
[5.922s][info][gc,phases      ] GC(115) Compaction Phase 88.317ms
[5.922s][info][gc,phases,start] GC(115) Post Compact
[5.923s][info][gc,phases      ] GC(115) Post Compact 1.543ms
[5.924s][info][gc,heap        ] GC(115) PSYoungGen: 19584K(88064K)->0K(88576K) Eden: 0K(19456K)->0K(22016K) From: 19584K(68608K)->0K(66560K)
[5.924s][info][gc,heap        ] GC(115) ParOldGen: 930429K(949248K)->948596K(1052160K)
[5.924s][info][gc,metaspace   ] GC(115) Metaspace: 6298K(6464K)->6298K(6464K) NonClass: 5765K(5824K)->5765K(5824K) Class: 533K(640K)->533K(640K)
[5.924s][info][gc             ] GC(115) Pause Full (Ergonomics) 927M->926M(1114M) 303.341ms
[5.924s][info][gc,cpu         ] GC(115) User=2.14s Sys=0.03s Real=0.30s
[5.949s][info][gc,start       ] GC(116) Pause Young (Allocation Failure)
[5.965s][info][gc,heap        ] GC(116) PSYoungGen: 22016K(88576K)->22176K(44544K) Eden: 22016K(22016K)->0K(22016K) From: 0K(66560K)->22176K(22528K)
[5.965s][info][gc,heap        ] GC(116) ParOldGen: 948596K(1052160K)->948596K(1052160K)
[5.965s][info][gc,metaspace   ] GC(116) Metaspace: 6298K(6464K)->6298K(6464K) NonClass: 5765K(5824K)->5765K(5824K) Class: 533K(640K)->533K(640K)
[5.965s][info][gc             ] GC(116) Pause Young (Allocation Failure) 947M->948M(1071M) 15.817ms
[5.965s][info][gc,cpu         ] GC(116) User=0.02s Sys=0.00s Real=0.02s
[5.990s][info][gc,start       ] GC(117) Pause Young (Allocation Failure)
[6.013s][info][gc,heap        ] GC(117) PSYoungGen: 44192K(44544K)->44160K(85504K) Eden: 22016K(22016K)->0K(21504K) From: 22176K(22528K)->44160K(64000K)
[6.013s][info][gc,heap        ] GC(117) ParOldGen: 948596K(1052160K)->948596K(1052160K)
[6.013s][info][gc,metaspace   ] GC(117) Metaspace: 6298K(6464K)->6298K(6464K) NonClass: 5765K(5824K)->5765K(5824K) Class: 533K(640K)->533K(640K)
[6.013s][info][gc             ] GC(117) Pause Young (Allocation Failure) 969M->969M(1111M) 23.169ms
[6.013s][info][gc,cpu         ] GC(117) User=0.12s Sys=0.00s Real=0.02s
[6.037s][info][gc,start       ] GC(118) Pause Young (Allocation Failure)
[6.069s][info][gc,heap        ] GC(118) PSYoungGen: 65664K(85504K)->65696K(88064K) Eden: 21504K(21504K)->0K(21504K) From: 44160K(64000K)->65696K(66560K)
[6.069s][info][gc,heap        ] GC(118) ParOldGen: 948596K(1052160K)->948596K(1052160K)
[6.069s][info][gc,metaspace   ] GC(118) Metaspace: 6298K(6464K)->6298K(6464K) NonClass: 5765K(5824K)->5765K(5824K) Class: 533K(640K)->533K(640K)
[6.069s][info][gc             ] GC(118) Pause Young (Allocation Failure) 990M->990M(1113M) 31.734ms
[6.069s][info][gc,cpu         ] GC(118) User=0.14s Sys=0.00s Real=0.03s
[6.093s][info][gc,start       ] GC(119) Pause Young (Allocation Failure)
[6.135s][info][gc,heap        ] GC(119) PSYoungGen: 87200K(88064K)->75776K(83968K) Eden: 21504K(21504K)->0K(8192K) From: 65696K(66560K)->75776K(75776K)
[6.135s][info][gc,heap        ] GC(119) ParOldGen: 948596K(1052160K)->960060K(1052160K)
[6.135s][info][gc,metaspace   ] GC(119) Metaspace: 6298K(6464K)->6298K(6464K) NonClass: 5765K(5824K)->5765K(5824K) Class: 533K(640K)->533K(640K)
[6.135s][info][gc             ] GC(119) Pause Young (Allocation Failure) 1011M->1011M(1109M) 41.788ms
[6.135s][info][gc,cpu         ] GC(119) User=0.22s Sys=0.05s Real=0.04s
[6.143s][info][gc,start       ] GC(120) Pause Young (Allocation Failure)
[6.182s][info][gc,heap        ] GC(120) PSYoungGen: 83968K(83968K)->46240K(54784K) Eden: 8192K(8192K)->0K(8192K) From: 75776K(75776K)->46240K(46592K)
[6.182s][info][gc,heap        ] GC(120) ParOldGen: 960060K(1052160K)->998364K(1052160K)
[6.182s][info][gc,metaspace   ] GC(120) Metaspace: 6298K(6464K)->6298K(6464K) NonClass: 5765K(5824K)->5765K(5824K) Class: 533K(640K)->533K(640K)
[6.182s][info][gc             ] GC(120) Pause Young (Allocation Failure) 1019M->1020M(1081M) 38.548ms
[6.182s][info][gc,cpu         ] GC(120) User=0.25s Sys=0.00s Real=0.04s
[6.191s][info][gc,start       ] GC(121) Pause Young (Allocation Failure)
[6.219s][info][gc,heap        ] GC(121) PSYoungGen: 54432K(54784K)->16480K(96768K) Eden: 8192K(8192K)->0K(9728K) From: 46240K(46592K)->16480K(87040K)
[6.219s][info][gc,heap        ] GC(121) ParOldGen: 998364K(1052160K)->1036780K(1052160K)
[6.219s][info][gc,metaspace   ] GC(121) Metaspace: 6298K(6464K)->6298K(6464K) NonClass: 5765K(5824K)->5765K(5824K) Class: 533K(640K)->533K(640K)
[6.219s][info][gc             ] GC(121) Pause Young (Allocation Failure) 1028M->1028M(1122M) 27.896ms
[6.219s][info][gc,cpu         ] GC(121) User=0.11s Sys=0.02s Real=0.03s
[6.219s][info][gc,start       ] GC(122) Pause Full (Ergonomics)
[6.219s][info][gc,phases,start] GC(122) Marking Phase
[6.454s][info][gc,phases      ] GC(122) Marking Phase 235.074ms
[6.454s][info][gc,phases,start] GC(122) Summary Phase
[6.454s][info][gc,phases      ] GC(122) Summary Phase 0.038ms
[6.454s][info][gc,phases,start] GC(122) Adjust Roots
[6.454s][info][gc,phases      ] GC(122) Adjust Roots 0.159ms
[6.454s][info][gc,phases,start] GC(122) Compaction Phase
[6.546s][info][gc,phases      ] GC(122) Compaction Phase 91.653ms
[6.546s][info][gc,phases,start] GC(122) Post Compact
[6.548s][info][gc,phases      ] GC(122) Post Compact 1.717ms
[6.548s][info][gc,heap        ] GC(122) PSYoungGen: 16480K(96768K)->0K(97792K) Eden: 0K(9728K)->0K(9728K) From: 16480K(87040K)->0K(88064K)
[6.548s][info][gc,heap        ] GC(122) ParOldGen: 1036780K(1052160K)->1051831K(1173504K)
[6.548s][info][gc,metaspace   ] GC(122) Metaspace: 6298K(6464K)->6298K(6464K) NonClass: 5765K(5824K)->5765K(5824K) Class: 533K(640K)->533K(640K)
[6.549s][info][gc             ] GC(122) Pause Full (Ergonomics) 1028M->1027M(1241M) 329.493ms
[6.549s][info][gc,cpu         ] GC(122) User=2.50s Sys=0.00s Real=0.33s
[6.561s][info][gc,start       ] GC(123) Pause Young (Allocation Failure)
[6.573s][info][gc,heap        ] GC(123) PSYoungGen: 9728K(97792K)->9792K(97280K) Eden: 9728K(9728K)->0K(10752K) From: 0K(88064K)->9792K(86528K)
[6.573s][info][gc,heap        ] GC(123) ParOldGen: 1051831K(1173504K)->1051831K(1173504K)
[6.573s][info][gc,metaspace   ] GC(123) Metaspace: 6298K(6464K)->6298K(6464K) NonClass: 5765K(5824K)->5765K(5824K) Class: 533K(640K)->533K(640K)
[6.573s][info][gc             ] GC(123) Pause Young (Allocation Failure) 1036M->1036M(1241M) 12.241ms
[6.573s][info][gc,cpu         ] GC(123) User=0.00s Sys=0.00s Real=0.01s
[6.585s][info][gc,start       ] GC(124) Pause Young (Allocation Failure)
[6.600s][info][gc,heap        ] GC(124) PSYoungGen: 20544K(97280K)->10848K(98304K) Eden: 10752K(10752K)->0K(10752K) From: 9792K(86528K)->10848K(87552K)
[6.600s][info][gc,heap        ] GC(124) ParOldGen: 1051831K(1173504K)->1061695K(1173504K)
[6.600s][info][gc,metaspace   ] GC(124) Metaspace: 6298K(6464K)->6298K(6464K) NonClass: 5765K(5824K)->5765K(5824K) Class: 533K(640K)->533K(640K)
[6.600s][info][gc             ] GC(124) Pause Young (Allocation Failure) 1047M->1047M(1242M) 14.813ms
[6.600s][info][gc,cpu         ] GC(124) User=0.02s Sys=0.00s Real=0.01s
[6.612s][info][gc,start       ] GC(125) Pause Young (Allocation Failure)
[6.628s][info][gc,heap        ] GC(125) PSYoungGen: 21600K(98304K)->10880K(94720K) Eden: 10752K(10752K)->0K(12288K) From: 10848K(87552K)->10880K(82432K)
[6.628s][info][gc,heap        ] GC(125) ParOldGen: 1061695K(1173504K)->1072591K(1173504K)
[6.628s][info][gc,metaspace   ] GC(125) Metaspace: 6298K(6464K)->6298K(6464K) NonClass: 5765K(5824K)->5765K(5824K) Class: 533K(640K)->533K(640K)
[6.628s][info][gc             ] GC(125) Pause Young (Allocation Failure) 1057M->1058M(1238M) 15.435ms
[6.628s][info][gc,cpu         ] GC(125) User=0.00s Sys=0.00s Real=0.02s
[6.641s][info][gc,start       ] GC(126) Pause Young (Allocation Failure)
[6.657s][info][gc,heap        ] GC(126) PSYoungGen: 23168K(94720K)->12448K(25088K) Eden: 12288K(12288K)->0K(12288K) From: 10880K(82432K)->12448K(12800K)
[6.657s][info][gc,heap        ] GC(126) ParOldGen: 1072591K(1173504K)->1083487K(1173504K)
[6.657s][info][gc,metaspace   ] GC(126) Metaspace: 6298K(6464K)->6298K(6464K) NonClass: 5765K(5824K)->5765K(5824K) Class: 533K(640K)->533K(640K)
[6.657s][info][gc             ] GC(126) Pause Young (Allocation Failure) 1070M->1070M(1170M) 15.636ms
[6.657s][info][gc,cpu         ] GC(126) User=0.02s Sys=0.00s Real=0.02s
[6.670s][info][gc,start       ] GC(127) Pause Young (Allocation Failure)
[6.687s][info][gc,heap        ] GC(127) PSYoungGen: 24736K(25088K)->12416K(90112K) Eden: 12288K(12288K)->0K(13824K) From: 12448K(12800K)->12416K(76288K)
[6.687s][info][gc,heap        ] GC(127) ParOldGen: 1083487K(1173504K)->1095943K(1173504K)
[6.687s][info][gc,metaspace   ] GC(127) Metaspace: 6298K(6464K)->6298K(6464K) NonClass: 5765K(5824K)->5765K(5824K) Class: 533K(640K)->533K(640K)
[6.687s][info][gc             ] GC(127) Pause Young (Allocation Failure) 1082M->1082M(1234M) 16.693ms
[6.687s][info][gc,cpu         ] GC(127) User=0.03s Sys=0.00s Real=0.02s
[6.702s][info][gc,start       ] GC(128) Pause Young (Allocation Failure)
[6.720s][info][gc,heap        ] GC(128) PSYoungGen: 26240K(90112K)->13952K(28160K) Eden: 13824K(13824K)->0K(13824K) From: 12416K(76288K)->13952K(14336K)
[6.720s][info][gc,heap        ] GC(128) ParOldGen: 1095943K(1173504K)->1108391K(1173504K)
[6.720s][info][gc,metaspace   ] GC(128) Metaspace: 6298K(6464K)->6298K(6464K) NonClass: 5765K(5824K)->5765K(5824K) Class: 533K(640K)->533K(640K)
[6.720s][info][gc             ] GC(128) Pause Young (Allocation Failure) 1095M->1096M(1173M) 18.139ms
[6.720s][info][gc,cpu         ] GC(128) User=0.05s Sys=0.00s Real=0.02s
[6.734s][info][gc,start       ] GC(129) Pause Young (Allocation Failure)
[6.753s][info][gc,heap        ] GC(129) PSYoungGen: 27776K(28160K)->13952K(86016K) Eden: 13824K(13824K)->0K(15872K) From: 13952K(14336K)->13952K(70144K)
[6.753s][info][gc,heap        ] GC(129) ParOldGen: 1108391K(1173504K)->1122391K(1173504K)
[6.753s][info][gc,metaspace   ] GC(129) Metaspace: 6298K(6464K)->6298K(6464K) NonClass: 5765K(5824K)->5765K(5824K) Class: 533K(640K)->533K(640K)
[6.753s][info][gc             ] GC(129) Pause Young (Allocation Failure) 1109M->1109M(1230M) 18.214ms
[6.753s][info][gc,cpu         ] GC(129) User=0.03s Sys=0.00s Real=0.02s
[6.770s][info][gc,start       ] GC(130) Pause Young (Allocation Failure)
[6.788s][info][gc,heap        ] GC(130) PSYoungGen: 29824K(86016K)->15968K(32256K) Eden: 15872K(15872K)->0K(15872K) From: 13952K(70144K)->15968K(16384K)
[6.788s][info][gc,heap        ] GC(130) ParOldGen: 1122391K(1173504K)->1136423K(1173504K)
[6.788s][info][gc,metaspace   ] GC(130) Metaspace: 6298K(6464K)->6298K(6464K) NonClass: 5765K(5824K)->5765K(5824K) Class: 533K(640K)->533K(640K)
[6.788s][info][gc             ] GC(130) Pause Young (Allocation Failure) 1125M->1125M(1177M) 18.322ms
[6.788s][info][gc,cpu         ] GC(130) User=0.03s Sys=0.00s Real=0.02s
[6.807s][info][gc,start       ] GC(131) Pause Young (Allocation Failure)
[6.826s][info][gc,heap        ] GC(131) PSYoungGen: 31840K(32256K)->16032K(80896K) Eden: 15872K(15872K)->0K(17920K) From: 15968K(16384K)->16032K(62976K)
[6.826s][info][gc,heap        ] GC(131) ParOldGen: 1136423K(1173504K)->1152511K(1173504K)
[6.826s][info][gc,metaspace   ] GC(131) Metaspace: 6298K(6464K)->6298K(6464K) NonClass: 5765K(5824K)->5765K(5824K) Class: 533K(640K)->533K(640K)
[6.826s][info][gc             ] GC(131) Pause Young (Allocation Failure) 1140M->1141M(1225M) 19.579ms
[6.826s][info][gc,cpu         ] GC(131) User=0.11s Sys=0.02s Real=0.02s
[6.826s][info][gc,start       ] GC(132) Pause Full (Ergonomics)
[6.827s][info][gc,phases,start] GC(132) Marking Phase
[7.097s][info][gc,phases      ] GC(132) Marking Phase 270.471ms
[7.097s][info][gc,phases,start] GC(132) Summary Phase
[7.097s][info][gc,phases      ] GC(132) Summary Phase 0.039ms
[7.097s][info][gc,phases,start] GC(132) Adjust Roots
[7.097s][info][gc,phases      ] GC(132) Adjust Roots 0.151ms
[7.097s][info][gc,phases,start] GC(132) Compaction Phase
[7.194s][info][gc,phases      ] GC(132) Compaction Phase 96.411ms
[7.194s][info][gc,phases,start] GC(132) Post Compact
[7.196s][info][gc,phases      ] GC(132) Post Compact 1.809ms
[7.196s][info][gc,heap        ] GC(132) PSYoungGen: 16032K(80896K)->0K(84480K) Eden: 0K(17920K)->0K(17920K) From: 16032K(62976K)->0K(66560K)
[7.196s][info][gc,heap        ] GC(132) ParOldGen: 1152511K(1173504K)->1166750K(1282048K)
[7.196s][info][gc,metaspace   ] GC(132) Metaspace: 6298K(6464K)->6298K(6464K) NonClass: 5765K(5824K)->5765K(5824K) Class: 533K(640K)->533K(640K)
[7.196s][info][gc             ] GC(132) Pause Full (Ergonomics) 1141M->1139M(1334M) 369.584ms
[7.196s][info][gc,cpu         ] GC(132) User=2.77s Sys=0.00s Real=0.37s
[7.217s][info][gc,start       ] GC(133) Pause Young (Allocation Failure)
[7.233s][info][gc,heap        ] GC(133) PSYoungGen: 17920K(84480K)->18048K(78336K) Eden: 17920K(17920K)->0K(19456K) From: 0K(66560K)->18048K(58880K)
[7.233s][info][gc,heap        ] GC(133) ParOldGen: 1166750K(1282048K)->1166750K(1282048K)
[7.233s][info][gc,metaspace   ] GC(133) Metaspace: 6298K(6464K)->6298K(6464K) NonClass: 5765K(5824K)->5765K(5824K) Class: 533K(640K)->533K(640K)
[7.233s][info][gc             ] GC(133) Pause Young (Allocation Failure) 1156M->1157M(1328M) 16.553ms
[7.233s][info][gc,cpu         ] GC(133) User=0.02s Sys=0.00s Real=0.02s
[7.258s][info][gc,start       ] GC(134) Pause Young (Allocation Failure)
[7.278s][info][gc,heap        ] GC(134) PSYoungGen: 37504K(78336K)->37504K(82432K) Eden: 19456K(19456K)->0K(19456K) From: 18048K(58880K)->37504K(62976K)
[7.278s][info][gc,heap        ] GC(134) ParOldGen: 1166750K(1282048K)->1166750K(1282048K)
[7.278s][info][gc,metaspace   ] GC(134) Metaspace: 6298K(6464K)->6298K(6464K) NonClass: 5765K(5824K)->5765K(5824K) Class: 533K(640K)->533K(640K)
[7.278s][info][gc             ] GC(134) Pause Young (Allocation Failure) 1176M->1176M(1332M) 20.783ms
[7.278s][info][gc,cpu         ] GC(134) User=0.12s Sys=0.00s Real=0.02s
[7.302s][info][gc,start       ] GC(135) Pause Young (Allocation Failure)
[7.331s][info][gc,heap        ] GC(135) PSYoungGen: 56960K(82432K)->56960K(77824K) Eden: 19456K(19456K)->0K(13312K) From: 37504K(62976K)->56960K(64512K)
[7.331s][info][gc,heap        ] GC(135) ParOldGen: 1166750K(1282048K)->1166750K(1282048K)
[7.331s][info][gc,metaspace   ] GC(135) Metaspace: 6298K(6464K)->6298K(6464K) NonClass: 5765K(5824K)->5765K(5824K) Class: 533K(640K)->533K(640K)
[7.331s][info][gc             ] GC(135) Pause Young (Allocation Failure) 1195M->1195M(1328M) 28.897ms
[7.331s][info][gc,cpu         ] GC(135) User=0.12s Sys=0.00s Real=0.03s
[7.347s][info][gc,start       ] GC(136) Pause Young (Allocation Failure)
[7.381s][info][gc,heap        ] GC(136) PSYoungGen: 70272K(77824K)->70304K(86016K) Eden: 13312K(13312K)->0K(13312K) From: 56960K(64512K)->70304K(72704K)
[7.381s][info][gc,heap        ] GC(136) ParOldGen: 1166750K(1282048K)->1166750K(1282048K)
[7.381s][info][gc,metaspace   ] GC(136) Metaspace: 6298K(6464K)->6298K(6464K) NonClass: 5765K(5824K)->5765K(5824K) Class: 533K(640K)->533K(640K)
[7.381s][info][gc             ] GC(136) Pause Young (Allocation Failure) 1208M->1208M(1336M) 34.022ms
[7.381s][info][gc,cpu         ] GC(136) User=0.16s Sys=0.00s Real=0.03s
[7.396s][info][gc,start       ] GC(137) Pause Young (Allocation Failure)
[7.438s][info][gc,heap        ] GC(137) PSYoungGen: 83616K(86016K)->65664K(92672K) Eden: 13312K(13312K)->0K(8192K) From: 70304K(72704K)->65664K(84480K)
[7.438s][info][gc,heap        ] GC(137) ParOldGen: 1166750K(1282048K)->1184934K(1282048K)
[7.438s][info][gc,metaspace   ] GC(137) Metaspace: 6298K(6464K)->6298K(6464K) NonClass: 5765K(5824K)->5765K(5824K) Class: 533K(640K)->533K(640K)
[7.439s][info][gc             ] GC(137) Pause Young (Allocation Failure) 1221M->1221M(1342M) 42.081ms
[7.439s][info][gc,cpu         ] GC(137) User=0.20s Sys=0.05s Real=0.04s
[7.448s][info][gc,start       ] GC(138) Pause Young (Allocation Failure)
[7.485s][info][gc,heap        ] GC(138) PSYoungGen: 73856K(92672K)->54400K(99840K) Eden: 8192K(8192K)->0K(8192K) From: 65664K(84480K)->54400K(91648K)
[7.485s][info][gc,heap        ] GC(138) ParOldGen: 1184934K(1282048K)->1204670K(1282048K)
[7.485s][info][gc,metaspace   ] GC(138) Metaspace: 6298K(6464K)->6298K(6464K) NonClass: 5765K(5824K)->5765K(5824K) Class: 533K(640K)->533K(640K)
[7.485s][info][gc             ] GC(138) Pause Young (Allocation Failure) 1229M->1229M(1349M) 36.845ms
[7.485s][info][gc,cpu         ] GC(138) User=0.25s Sys=0.00s Real=0.04s
[7.495s][info][gc,start       ] GC(139) Pause Young (Allocation Failure)
[7.527s][info][gc,heap        ] GC(139) PSYoungGen: 62592K(99840K)->29792K(93696K) Eden: 8192K(8192K)->0K(9728K) From: 54400K(91648K)->29792K(83968K)
[7.527s][info][gc,heap        ] GC(139) ParOldGen: 1204670K(1282048K)->1237886K(1282048K)
[7.527s][info][gc,metaspace   ] GC(139) Metaspace: 6298K(6464K)->6298K(6464K) NonClass: 5765K(5824K)->5765K(5824K) Class: 533K(640K)->533K(640K)
[7.527s][info][gc             ] GC(139) Pause Young (Allocation Failure) 1237M->1237M(1343M) 32.142ms
[7.527s][info][gc,cpu         ] GC(139) User=0.14s Sys=0.02s Real=0.03s
[7.538s][info][gc,start       ] GC(140) Pause Young (Allocation Failure)
[7.561s][info][gc,heap        ] GC(140) PSYoungGen: 39520K(93696K)->18016K(28160K) Eden: 9728K(9728K)->0K(9728K) From: 29792K(83968K)->18016K(18432K)
[7.561s][info][gc,heap        ] GC(140) ParOldGen: 1237886K(1282048K)->1259670K(1282048K)
[7.561s][info][gc,metaspace   ] GC(140) Metaspace: 6298K(6464K)->6298K(6464K) NonClass: 5765K(5824K)->5765K(5824K) Class: 533K(640K)->533K(640K)
[7.561s][info][gc             ] GC(140) Pause Young (Allocation Failure) 1247M->1247M(1279M) 22.252ms
[7.561s][info][gc,cpu         ] GC(140) User=0.11s Sys=0.02s Real=0.02s
[7.561s][info][gc,start       ] GC(141) Pause Full (Ergonomics)
[7.561s][info][gc,phases,start] GC(141) Marking Phase
[7.853s][info][gc,phases      ] GC(141) Marking Phase 292.273ms
[7.853s][info][gc,phases,start] GC(141) Summary Phase
[7.853s][info][gc,phases      ] GC(141) Summary Phase 0.033ms
[7.853s][info][gc,phases,start] GC(141) Adjust Roots
[7.853s][info][gc,phases      ] GC(141) Adjust Roots 0.157ms
[7.853s][info][gc,phases,start] GC(141) Compaction Phase
[7.954s][info][gc,phases      ] GC(141) Compaction Phase 100.248ms
[7.954s][info][gc,phases,start] GC(141) Post Compact
[7.956s][info][gc,phases      ] GC(141) Post Compact 2.037ms
[7.956s][info][gc,heap        ] GC(141) PSYoungGen: 18016K(28160K)->0K(97792K) Eden: 0K(9728K)->0K(11264K) From: 18016K(18432K)->0K(86528K)
[7.956s][info][gc,heap        ] GC(141) ParOldGen: 1259670K(1282048K)->1276071K(1408000K)
[7.956s][info][gc,metaspace   ] GC(141) Metaspace: 6298K(6464K)->6298K(6464K) NonClass: 5765K(5824K)->5765K(5824K) Class: 533K(640K)->533K(640K)
[7.956s][info][gc             ] GC(141) Pause Full (Ergonomics) 1247M->1246M(1470M) 395.494ms
[7.956s][info][gc,cpu         ] GC(141) User=3.03s Sys=0.02s Real=0.40s
[7.969s][info][gc,start       ] GC(142) Pause Young (Allocation Failure)
[7.984s][info][gc,heap        ] GC(142) PSYoungGen: 11264K(97792K)->11392K(97792K) Eden: 11264K(11264K)->0K(11264K) From: 0K(86528K)->11392K(86528K)
[7.984s][info][gc,heap        ] GC(142) ParOldGen: 1276071K(1408000K)->1276071K(1408000K)
[7.984s][info][gc,metaspace   ] GC(142) Metaspace: 6298K(6464K)->6298K(6464K) NonClass: 5765K(5824K)->5765K(5824K) Class: 533K(640K)->533K(640K)
[7.984s][info][gc             ] GC(142) Pause Young (Allocation Failure) 1257M->1257M(1470M) 14.424ms
[7.984s][info][gc,cpu         ] GC(142) User=0.02s Sys=0.00s Real=0.01s
[7.998s][info][gc,start       ] GC(143) Pause Young (Allocation Failure)
[8.015s][info][gc,heap        ] GC(143) PSYoungGen: 22656K(97792K)->11424K(94208K) Eden: 11264K(11264K)->0K(12800K) From: 11392K(86528K)->11424K(81408K)
[8.015s][info][gc,heap        ] GC(143) ParOldGen: 1276071K(1408000K)->1287503K(1408000K)
[8.015s][info][gc,metaspace   ] GC(143) Metaspace: 6298K(6464K)->6298K(6464K) NonClass: 5765K(5824K)->5765K(5824K) Class: 533K(640K)->533K(640K)
[8.015s][info][gc             ] GC(143) Pause Young (Allocation Failure) 1268M->1268M(1467M) 16.927ms
[8.015s][info][gc,cpu         ] GC(143) User=0.03s Sys=0.00s Real=0.02s
[8.027s][info][gc,start       ] GC(144) Pause Young (Allocation Failure)
[8.042s][info][gc,heap        ] GC(144) PSYoungGen: 24224K(94208K)->8064K(96256K) Eden: 12800K(12800K)->0K(12800K) From: 11424K(81408K)->8064K(83456K)
[8.043s][info][gc,heap        ] GC(144) ParOldGen: 1287503K(1408000K)->1298943K(1408000K)
[8.043s][info][gc,metaspace   ] GC(144) Metaspace: 6298K(6464K)->6298K(6464K) NonClass: 5765K(5824K)->5765K(5824K) Class: 533K(640K)->533K(640K)
[8.043s][info][gc             ] GC(144) Pause Young (Allocation Failure) 1280M->1276M(1469M) 15.216ms
[8.043s][info][gc,cpu         ] GC(144) User=0.03s Sys=0.00s Real=0.01s
[8.052s][info][gc,start       ] GC(145) Pause Young (Allocation Failure)
[8.066s][info][gc,heap        ] GC(145) PSYoungGen: 20864K(96256K)->6784K(92160K) Eden: 12800K(12800K)->0K(14336K) From: 8064K(83456K)->6784K(77824K)
[8.066s][info][gc,heap        ] GC(145) ParOldGen: 1298943K(1408000K)->1306967K(1408000K)
[8.066s][info][gc,metaspace   ] GC(145) Metaspace: 6298K(6464K)->6298K(6464K) NonClass: 5765K(5824K)->5765K(5824K) Class: 533K(640K)->533K(640K)
[8.066s][info][gc             ] GC(145) Pause Young (Allocation Failure) 1288M->1282M(1465M) 13.947ms
[8.066s][info][gc,cpu         ] GC(145) User=0.02s Sys=0.00s Real=0.01s
[8.077s][info][gc,start       ] GC(146) Pause Young (Allocation Failure)
[8.091s][info][gc,heap        ] GC(146) PSYoungGen: 21120K(92160K)->7552K(94208K) Eden: 14336K(14336K)->0K(14336K) From: 6784K(77824K)->7552K(79872K)
[8.091s][info][gc,heap        ] GC(146) ParOldGen: 1306967K(1408000K)->1313711K(1408000K)
[8.091s][info][gc,metaspace   ] GC(146) Metaspace: 6298K(6464K)->6298K(6464K) NonClass: 5765K(5824K)->5765K(5824K) Class: 533K(640K)->533K(640K)
[8.091s][info][gc             ] GC(146) Pause Young (Allocation Failure) 1296M->1290M(1467M) 14.032ms
[8.091s][info][gc,cpu         ] GC(146) User=0.00s Sys=0.00s Real=0.01s
[8.108s][info][gc,start       ] GC(147) Pause Young (Allocation Failure)
[8.125s][info][gc,heap        ] GC(147) PSYoungGen: 21888K(94208K)->14080K(87040K) Eden: 14336K(14336K)->0K(16384K) From: 7552K(79872K)->14080K(70656K)
[8.125s][info][gc,heap        ] GC(147) ParOldGen: 1313711K(1408000K)->1321271K(1408000K)
[8.125s][info][gc,metaspace   ] GC(147) Metaspace: 6298K(6464K)->6298K(6464K) NonClass: 5765K(5824K)->5765K(5824K) Class: 533K(640K)->533K(640K)
[8.125s][info][gc             ] GC(147) Pause Young (Allocation Failure) 1304M->1304M(1460M) 16.589ms
[8.125s][info][gc,cpu         ] GC(147) User=0.03s Sys=0.00s Real=0.02s
[8.146s][info][gc,start       ] GC(148) Pause Young (Allocation Failure)
[8.166s][info][gc,heap        ] GC(148) PSYoungGen: 30464K(87040K)->16480K(33280K) Eden: 16384K(16384K)->0K(16384K) From: 14080K(70656K)->16480K(16896K)
[8.166s][info][gc,heap        ] GC(148) ParOldGen: 1321271K(1408000K)->1335415K(1408000K)
[8.166s][info][gc,metaspace   ] GC(148) Metaspace: 6298K(6464K)->6298K(6464K) NonClass: 5765K(5824K)->5765K(5824K) Class: 533K(640K)->533K(640K)
[8.166s][info][gc             ] GC(148) Pause Young (Allocation Failure) 1320M->1320M(1407M) 20.360ms
[8.166s][info][gc,cpu         ] GC(148) User=0.12s Sys=0.00s Real=0.02s
[8.184s][info][gc,start       ] GC(149) Pause Young (Allocation Failure)
[8.205s][info][gc,heap        ] GC(149) PSYoungGen: 32864K(33280K)->16544K(80384K) Eden: 16384K(16384K)->0K(18432K) From: 16480K(16896K)->16544K(61952K)
[8.206s][info][gc,heap        ] GC(149) ParOldGen: 1335415K(1408000K)->1352031K(1408000K)
[8.206s][info][gc,metaspace   ] GC(149) Metaspace: 6298K(6464K)->6298K(6464K) NonClass: 5765K(5824K)->5765K(5824K) Class: 533K(640K)->533K(640K)
[8.206s][info][gc             ] GC(149) Pause Young (Allocation Failure) 1336M->1336M(1453M) 21.122ms
[8.206s][info][gc,cpu         ] GC(149) User=0.12s Sys=0.00s Real=0.02s
[8.228s][info][gc,start       ] GC(150) Pause Young (Allocation Failure)
[8.251s][info][gc,heap        ] GC(150) PSYoungGen: 34976K(80384K)->18496K(37376K) Eden: 18432K(18432K)->0K(18432K) From: 16544K(61952K)->18496K(18944K)
[8.251s][info][gc,heap        ] GC(150) ParOldGen: 1352031K(1408000K)->1368631K(1408000K)
[8.251s][info][gc,metaspace   ] GC(150) Metaspace: 6298K(6464K)->6298K(6464K) NonClass: 5765K(5824K)->5765K(5824K) Class: 533K(640K)->533K(640K)
[8.251s][info][gc             ] GC(150) Pause Young (Allocation Failure) 1354M->1354M(1411M) 22.892ms
[8.251s][info][gc,cpu         ] GC(150) User=0.12s Sys=0.00s Real=0.02s
[8.275s][info][gc,start       ] GC(151) Pause Young (Allocation Failure)
[8.299s][info][gc,heap        ] GC(151) PSYoungGen: 36928K(37376K)->18624K(76288K) Eden: 18432K(18432K)->0K(20992K) From: 18496K(18944K)->18624K(55296K)
[8.299s][info][gc,heap        ] GC(151) ParOldGen: 1368631K(1408000K)->1387335K(1408000K)
[8.299s][info][gc,metaspace   ] GC(151) Metaspace: 6298K(6464K)->6298K(6464K) NonClass: 5765K(5824K)->5765K(5824K) Class: 533K(640K)->533K(640K)
[8.299s][info][gc             ] GC(151) Pause Young (Allocation Failure) 1372M->1373M(1449M) 24.188ms
[8.299s][info][gc,cpu         ] GC(151) User=0.12s Sys=0.00s Real=0.02s
[8.299s][info][gc,start       ] GC(152) Pause Full (Ergonomics)
[8.299s][info][gc,phases,start] GC(152) Marking Phase
[8.616s][info][gc,phases      ] GC(152) Marking Phase 317.483ms
[8.616s][info][gc,phases,start] GC(152) Summary Phase
[8.617s][info][gc,phases      ] GC(152) Summary Phase 0.047ms
[8.617s][info][gc,phases,start] GC(152) Adjust Roots
[8.617s][info][gc,phases      ] GC(152) Adjust Roots 0.199ms
[8.617s][info][gc,phases,start] GC(152) Compaction Phase
[8.731s][info][gc,phases      ] GC(152) Compaction Phase 114.373ms
[8.731s][info][gc,phases,start] GC(152) Post Compact
[8.734s][info][gc,phases      ] GC(152) Post Compact 2.414ms
[8.734s][info][gc,heap        ] GC(152) PSYoungGen: 18624K(76288K)->0K(79872K) Eden: 0K(20992K)->0K(20992K) From: 18624K(55296K)->0K(58880K)
[8.734s][info][gc,heap        ] GC(152) ParOldGen: 1387335K(1408000K)->1403888K(1539584K)
[8.734s][info][gc,metaspace   ] GC(152) Metaspace: 6298K(6464K)->6298K(6464K) NonClass: 5765K(5824K)->5765K(5824K) Class: 533K(640K)->533K(640K)
[8.734s][info][gc             ] GC(152) Pause Full (Ergonomics) 1373M->1370M(1581M) 435.393ms
[8.734s][info][gc,cpu         ] GC(152) User=3.31s Sys=0.00s Real=0.43s
[9.036s][info][gc,start       ] GC(153) Pause Young (Allocation Failure)
[9.087s][info][gc,heap        ] GC(153) PSYoungGen: 20992K(79872K)->21152K(73216K) Eden: 20992K(20992K)->0K(23040K) From: 0K(58880K)->21152K(50176K)
[9.087s][info][gc,heap        ] GC(153) ParOldGen: 1469424K(1539584K)->1469424K(1539584K)
[9.087s][info][gc,metaspace   ] GC(153) Metaspace: 6298K(6464K)->6298K(6464K) NonClass: 5765K(5824K)->5765K(5824K) Class: 533K(640K)->533K(640K)
[9.087s][info][gc             ] GC(153) Pause Young (Allocation Failure) 1455M->1455M(1575M) 50.346ms
[9.087s][info][gc,cpu         ] GC(153) User=0.25s Sys=0.02s Real=0.05s
[9.108s][info][gc,start       ] GC(154) Pause Young (Allocation Failure)
[9.137s][info][gc,heap        ] GC(154) PSYoungGen: 44192K(73216K)->44256K(77824K) Eden: 23040K(23040K)->0K(23040K) From: 21152K(50176K)->44256K(54784K)
[9.137s][info][gc,heap        ] GC(154) ParOldGen: 1469424K(1539584K)->1469424K(1539584K)
[9.137s][info][gc,metaspace   ] GC(154) Metaspace: 6298K(6464K)->6298K(6464K) NonClass: 5765K(5824K)->5765K(5824K) Class: 533K(640K)->533K(640K)
[9.137s][info][gc             ] GC(154) Pause Young (Allocation Failure) 1478M->1478M(1579M) 28.977ms
[9.137s][info][gc,cpu         ] GC(154) User=0.05s Sys=0.00s Real=0.03s
[9.158s][info][gc,start       ] GC(155) Pause Young (Allocation Failure)
[9.193s][info][gc,heap        ] GC(155) PSYoungGen: 67296K(77824K)->60416K(73728K) Eden: 23040K(23040K)->0K(13312K) From: 44256K(54784K)->60416K(60416K)
[9.193s][info][gc,heap        ] GC(155) ParOldGen: 1469424K(1539584K)->1476240K(1539584K)
[9.193s][info][gc,metaspace   ] GC(155) Metaspace: 6298K(6464K)->6298K(6464K) NonClass: 5765K(5824K)->5765K(5824K) Class: 533K(640K)->533K(640K)
[9.193s][info][gc             ] GC(155) Pause Young (Allocation Failure) 1500M->1500M(1575M) 34.575ms
[9.193s][info][gc,cpu         ] GC(155) User=0.06s Sys=0.03s Real=0.03s
[9.205s][info][gc,start       ] GC(156) Pause Young (Allocation Failure)
[9.242s][info][gc,heap        ] GC(156) PSYoungGen: 73728K(73728K)->36160K(86016K) Eden: 13312K(13312K)->0K(13312K) From: 60416K(60416K)->36160K(72704K)
[9.242s][info][gc,heap        ] GC(156) ParOldGen: 1476240K(1539584K)->1514368K(1539584K)
[9.242s][info][gc,metaspace   ] GC(156) Metaspace: 6298K(6464K)->6298K(6464K) NonClass: 5765K(5824K)->5765K(5824K) Class: 533K(640K)->533K(640K)
[9.242s][info][gc             ] GC(156) Pause Young (Allocation Failure) 1513M->1514M(1587M) 36.676ms
[9.242s][info][gc,cpu         ] GC(156) User=0.20s Sys=0.02s Real=0.04s
[9.242s][info][gc,start       ] GC(157) Pause Full (Ergonomics)
[9.242s][info][gc,phases,start] GC(157) Marking Phase
[9.570s][info][gc,phases      ] GC(157) Marking Phase 328.477ms
[9.571s][info][gc,phases,start] GC(157) Summary Phase
[9.571s][info][gc,phases      ] GC(157) Summary Phase 0.052ms
[9.571s][info][gc,phases,start] GC(157) Adjust Roots
[9.571s][info][gc,phases      ] GC(157) Adjust Roots 0.160ms
[9.571s][info][gc,phases,start] GC(157) Compaction Phase
[9.805s][info][gc,phases      ] GC(157) Compaction Phase 233.911ms
[9.805s][info][gc,phases,start] GC(157) Post Compact
[9.808s][info][gc,phases      ] GC(157) Post Compact 3.009ms
[9.808s][info][gc,heap        ] GC(157) PSYoungGen: 36160K(86016K)->0K(86528K) Eden: 0K(13312K)->0K(15360K) From: 36160K(72704K)->0K(71168K)
[9.808s][info][gc,heap        ] GC(157) ParOldGen: 1514368K(1539584K)->1516920K(1669632K)
[9.808s][info][gc,metaspace   ] GC(157) Metaspace: 6298K(6464K)->6298K(6464K) NonClass: 5765K(5824K)->5765K(5824K) Class: 533K(640K)->533K(640K)
[9.808s][info][gc             ] GC(157) Pause Full (Ergonomics) 1514M->1481M(1715M) 566.389ms
[9.808s][info][gc,cpu         ] GC(157) User=3.89s Sys=0.03s Real=0.57s
[9.824s][info][gc,start       ] GC(158) Pause Young (Allocation Failure)
[9.845s][info][gc,heap        ] GC(158) PSYoungGen: 15360K(86528K)->15456K(86528K) Eden: 15360K(15360K)->0K(15360K) From: 0K(71168K)->15456K(71168K)
[9.845s][info][gc,heap        ] GC(158) ParOldGen: 1516920K(1669632K)->1516920K(1669632K)
[9.845s][info][gc,metaspace   ] GC(158) Metaspace: 6298K(6464K)->6298K(6464K) NonClass: 5765K(5824K)->5765K(5824K) Class: 533K(640K)->533K(640K)
[9.845s][info][gc             ] GC(158) Pause Young (Allocation Failure) 1496M->1496M(1715M) 20.662ms
[9.845s][info][gc,cpu         ] GC(158) User=0.03s Sys=0.00s Real=0.02s
[9.860s][info][gc,start       ] GC(159) Pause Young (Allocation Failure)
[9.886s][info][gc,heap        ] GC(159) PSYoungGen: 30816K(86528K)->30848K(80384K) Eden: 15360K(15360K)->0K(16896K) From: 15456K(71168K)->30848K(63488K)
[9.886s][info][gc,heap        ] GC(159) ParOldGen: 1516920K(1669632K)->1516920K(1669632K)
[9.886s][info][gc,metaspace   ] GC(159) Metaspace: 6298K(6464K)->6298K(6464K) NonClass: 5765K(5824K)->5765K(5824K) Class: 533K(640K)->533K(640K)
[9.886s][info][gc             ] GC(159) Pause Young (Allocation Failure) 1511M->1511M(1709M) 25.512ms
[9.886s][info][gc,cpu         ] GC(159) User=0.03s Sys=0.00s Real=0.03s
[9.903s][info][gc,start       ] GC(160) Pause Young (Allocation Failure)
[9.933s][info][gc,heap        ] GC(160) PSYoungGen: 47744K(80384K)->47744K(83456K) Eden: 16896K(16896K)->0K(16896K) From: 30848K(63488K)->47744K(66560K)
[9.933s][info][gc,heap        ] GC(160) ParOldGen: 1516920K(1669632K)->1516920K(1669632K)
[9.933s][info][gc,metaspace   ] GC(160) Metaspace: 6298K(6464K)->6298K(6464K) NonClass: 5765K(5824K)->5765K(5824K) Class: 533K(640K)->533K(640K)
[9.933s][info][gc             ] GC(160) Pause Young (Allocation Failure) 1527M->1527M(1712M) 29.343ms
[9.933s][info][gc,cpu         ] GC(160) User=0.05s Sys=0.00s Real=0.03s
[9.950s][info][gc,start       ] GC(161) Pause Young (Allocation Failure)
[9.984s][info][gc,heap        ] GC(161) PSYoungGen: 64640K(83456K)->64704K(80384K) Eden: 16896K(16896K)->0K(10240K) From: 47744K(66560K)->64704K(70144K)
[9.985s][info][gc,heap        ] GC(161) ParOldGen: 1516920K(1669632K)->1516920K(1669632K)
[9.985s][info][gc,metaspace   ] GC(161) Metaspace: 6298K(6464K)->6298K(6464K) NonClass: 5765K(5824K)->5765K(5824K) Class: 533K(640K)->533K(640K)
[9.985s][info][gc             ] GC(161) Pause Young (Allocation Failure) 1544M->1544M(1709M) 34.655ms
[9.985s][info][gc,cpu         ] GC(161) User=0.08s Sys=0.00s Real=0.04s
[9.995s][info][gc,start       ] GC(162) Pause Young (Allocation Failure)
[10.032s][info][gc,heap        ] GC(162) PSYoungGen: 74944K(80384K)->59552K(89088K) Eden: 10240K(10240K)->0K(10240K) From: 64704K(70144K)->59552K(78848K)
[10.032s][info][gc,heap        ] GC(162) ParOldGen: 1516920K(1669632K)->1532488K(1669632K)
[10.032s][info][gc,metaspace   ] GC(162) Metaspace: 6298K(6464K)->6298K(6464K) NonClass: 5765K(5824K)->5765K(5824K) Class: 533K(640K)->533K(640K)
[10.032s][info][gc             ] GC(162) Pause Young (Allocation Failure) 1554M->1554M(1717M) 36.715ms
[10.032s][info][gc,cpu         ] GC(162) User=0.16s Sys=0.00s Real=0.04s
[10.042s][info][gc,start       ] GC(163) Pause Young (Allocation Failure)
[10.078s][info][gc,heap        ] GC(163) PSYoungGen: 69792K(89088K)->37536K(87040K) Eden: 10240K(10240K)->0K(11776K) From: 59552K(78848K)->37536K(75264K)
[10.078s][info][gc,heap        ] GC(163) ParOldGen: 1532488K(1669632K)->1565144K(1669632K)
[10.078s][info][gc,metaspace   ] GC(163) Metaspace: 6298K(6464K)->6298K(6464K) NonClass: 5765K(5824K)->5765K(5824K) Class: 533K(640K)->533K(640K)
[10.078s][info][gc             ] GC(163) Pause Young (Allocation Failure) 1564M->1565M(1715M) 36.102ms
[10.078s][info][gc,cpu         ] GC(163) User=0.14s Sys=0.02s Real=0.04s
[10.090s][info][gc,start       ] GC(164) Pause Young (Allocation Failure)
[10.120s][info][gc,heap        ] GC(164) PSYoungGen: 49312K(87040K)->22112K(91648K) Eden: 11776K(11776K)->0K(11776K) From: 37536K(75264K)->22112K(79872K)
[10.120s][info][gc,heap        ] GC(164) ParOldGen: 1565144K(1669632K)->1592632K(1669632K)
[10.120s][info][gc,metaspace   ] GC(164) Metaspace: 6298K(6464K)->6298K(6464K) NonClass: 5765K(5824K)->5765K(5824K) Class: 533K(640K)->533K(640K)
[10.120s][info][gc             ] GC(164) Pause Young (Allocation Failure) 1576M->1576M(1720M) 29.955ms
[10.120s][info][gc,cpu         ] GC(164) User=0.05s Sys=0.00s Real=0.03s
[10.131s][info][gc,start       ] GC(165) Pause Young (Allocation Failure)
[10.157s][info][gc,heap        ] GC(165) PSYoungGen: 33888K(91648K)->11904K(91648K) Eden: 11776K(11776K)->0K(13824K) From: 22112K(79872K)->11904K(77824K)
[10.157s][info][gc,heap        ] GC(165) ParOldGen: 1592632K(1669632K)->1614912K(1669632K)
[10.157s][info][gc,metaspace   ] GC(165) Metaspace: 6298K(6464K)->6298K(6464K) NonClass: 5765K(5824K)->5765K(5824K) Class: 533K(640K)->533K(640K)
[10.157s][info][gc             ] GC(165) Pause Young (Allocation Failure) 1588M->1588M(1720M) 26.312ms
[10.157s][info][gc,cpu         ] GC(165) User=0.02s Sys=0.00s Real=0.03s
[10.171s][info][gc,start       ] GC(166) Pause Young (Allocation Failure)
[10.194s][info][gc,heap        ] GC(166) PSYoungGen: 25728K(91648K)->13920K(91648K) Eden: 13824K(13824K)->0K(13824K) From: 11904K(77824K)->13920K(77824K)
[10.194s][info][gc,heap        ] GC(166) ParOldGen: 1614912K(1669632K)->1626832K(1669632K)
[10.194s][info][gc,metaspace   ] GC(166) Metaspace: 6298K(6464K)->6298K(6464K) NonClass: 5765K(5824K)->5765K(5824K) Class: 533K(640K)->533K(640K)
[10.194s][info][gc             ] GC(166) Pause Young (Allocation Failure) 1602M->1602M(1720M) 23.104ms
[10.194s][info][gc,cpu         ] GC(166) User=0.05s Sys=0.00s Real=0.02s
[10.208s][info][gc,start       ] GC(167) Pause Young (Allocation Failure)
[10.231s][info][gc,heap        ] GC(167) PSYoungGen: 27744K(91648K)->13920K(88064K) Eden: 13824K(13824K)->0K(15872K) From: 13920K(77824K)->13920K(72192K)
[10.231s][info][gc,heap        ] GC(167) ParOldGen: 1626832K(1669632K)->1640832K(1669632K)
[10.231s][info][gc,metaspace   ] GC(167) Metaspace: 6298K(6464K)->6298K(6464K) NonClass: 5765K(5824K)->5765K(5824K) Class: 533K(640K)->533K(640K)
[10.231s][info][gc             ] GC(167) Pause Young (Allocation Failure) 1615M->1615M(1716M) 23.512ms
[10.232s][info][gc,cpu         ] GC(167) User=0.03s Sys=0.00s Real=0.02s
[10.232s][info][gc,start       ] GC(168) Pause Full (Ergonomics)
[10.232s][info][gc,phases,start] GC(168) Marking Phase
[10.585s][info][gc,phases      ] GC(168) Marking Phase 353.038ms
[10.585s][info][gc,phases,start] GC(168) Summary Phase
[10.585s][info][gc,phases      ] GC(168) Summary Phase 0.052ms
[10.585s][info][gc,phases,start] GC(168) Adjust Roots
[10.585s][info][gc,phases      ] GC(168) Adjust Roots 0.169ms
[10.585s][info][gc,phases,start] GC(168) Compaction Phase
[10.738s][info][gc,phases      ] GC(168) Compaction Phase 152.843ms
[10.738s][info][gc,phases,start] GC(168) Post Compact
[10.741s][info][gc,phases      ] GC(168) Post Compact 3.035ms
[10.742s][info][gc,heap        ] GC(168) PSYoungGen: 13920K(88064K)->0K(90112K) Eden: 0K(15872K)->0K(15872K) From: 13920K(72192K)->0K(74240K)
[10.742s][info][gc,heap        ] GC(168) ParOldGen: 1640832K(1669632K)->1652810K(1821184K)
[10.742s][info][gc,metaspace   ] GC(168) Metaspace: 6298K(6464K)->6298K(6464K) NonClass: 5765K(5824K)->5765K(5824K) Class: 533K(640K)->533K(640K)
[10.742s][info][gc             ] GC(168) Pause Full (Ergonomics) 1615M->1614M(1866M) 510.224ms
[10.742s][info][gc,cpu         ] GC(168) User=3.75s Sys=0.00s Real=0.51s
[10.760s][info][gc,start       ] GC(169) Pause Young (Allocation Failure)
[10.779s][info][gc,heap        ] GC(169) PSYoungGen: 15872K(90112K)->16000K(87552K) Eden: 15872K(15872K)->0K(17920K) From: 0K(74240K)->16000K(69632K)
[10.779s][info][gc,heap        ] GC(169) ParOldGen: 1652810K(1821184K)->1652810K(1821184K)
[10.779s][info][gc,metaspace   ] GC(169) Metaspace: 6298K(6464K)->6298K(6464K) NonClass: 5765K(5824K)->5765K(5824K) Class: 533K(640K)->533K(640K)
[10.779s][info][gc             ] GC(169) Pause Young (Allocation Failure) 1629M->1629M(1864M) 19.238ms
[10.779s][info][gc,cpu         ] GC(169) User=0.02s Sys=0.00s Real=0.02s
[10.796s][info][gc,start       ] GC(170) Pause Young (Allocation Failure)
[10.821s][info][gc,heap        ] GC(170) PSYoungGen: 33920K(87552K)->18048K(36352K) Eden: 17920K(17920K)->0K(17920K) From: 16000K(69632K)->18048K(18432K)
[10.821s][info][gc,heap        ] GC(170) ParOldGen: 1652810K(1821184K)->1668898K(1821184K)
[10.821s][info][gc,metaspace   ] GC(170) Metaspace: 6298K(6464K)->6298K(6464K) NonClass: 5765K(5824K)->5765K(5824K) Class: 533K(640K)->533K(640K)
[10.821s][info][gc             ] GC(170) Pause Young (Allocation Failure) 1647M->1647M(1814M) 24.866ms
[10.821s][info][gc,cpu         ] GC(170) User=0.05s Sys=0.00s Real=0.03s
[10.841s][info][gc,start       ] GC(171) Pause Young (Allocation Failure)
[10.871s][info][gc,heap        ] GC(171) PSYoungGen: 35968K(36352K)->18016K(83968K) Eden: 17920K(17920K)->0K(19968K) From: 18048K(18432K)->18016K(64000K)
[10.871s][info][gc,heap        ] GC(171) ParOldGen: 1668898K(1821184K)->1687058K(1821184K)
[10.871s][info][gc,metaspace   ] GC(171) Metaspace: 6298K(6464K)->6298K(6464K) NonClass: 5765K(5824K)->5765K(5824K) Class: 533K(640K)->533K(640K)
[10.871s][info][gc             ] GC(171) Pause Young (Allocation Failure) 1664M->1665M(1860M) 29.456ms
[10.871s][info][gc,cpu         ] GC(171) User=0.03s Sys=0.00s Real=0.03s
[10.891s][info][gc,start       ] GC(172) Pause Young (Allocation Failure)
[10.919s][info][gc,heap        ] GC(172) PSYoungGen: 37984K(83968K)->20096K(40448K) Eden: 19968K(19968K)->0K(19968K) From: 18016K(64000K)->20096K(20480K)
[10.919s][info][gc,heap        ] GC(172) ParOldGen: 1687058K(1821184K)->1705226K(1821184K)
[10.919s][info][gc,metaspace   ] GC(172) Metaspace: 6298K(6464K)->6298K(6464K) NonClass: 5765K(5824K)->5765K(5824K) Class: 533K(640K)->533K(640K)
[10.919s][info][gc             ] GC(172) Pause Young (Allocation Failure) 1684M->1684M(1818M) 28.249ms
[10.919s][info][gc,cpu         ] GC(172) User=0.05s Sys=0.00s Real=0.03s
[10.942s][info][gc,start       ] GC(173) Pause Young (Allocation Failure)
[10.970s][info][gc,heap        ] GC(173) PSYoungGen: 40064K(40448K)->20096K(79872K) Eden: 19968K(19968K)->0K(22528K) From: 20096K(20480K)->20096K(57344K)
[10.970s][info][gc,heap        ] GC(173) ParOldGen: 1705226K(1821184K)->1725466K(1821184K)
[10.970s][info][gc,metaspace   ] GC(173) Metaspace: 6298K(6464K)->6298K(6464K) NonClass: 5765K(5824K)->5765K(5824K) Class: 533K(640K)->533K(640K)
[10.970s][info][gc             ] GC(173) Pause Young (Allocation Failure) 1704M->1704M(1856M) 28.713ms
[10.970s][info][gc,cpu         ] GC(173) User=0.03s Sys=0.00s Real=0.03s
[10.994s][info][gc,start       ] GC(174) Pause Young (Allocation Failure)
[11.026s][info][gc,heap        ] GC(174) PSYoungGen: 42624K(79872K)->22656K(45568K) Eden: 22528K(22528K)->0K(22528K) From: 20096K(57344K)->22656K(23040K)
[11.026s][info][gc,heap        ] GC(174) ParOldGen: 1725466K(1821184K)->1745714K(1821184K)
[11.026s][info][gc,metaspace   ] GC(174) Metaspace: 6298K(6464K)->6298K(6464K) NonClass: 5765K(5824K)->5765K(5824K) Class: 533K(640K)->533K(640K)
[11.026s][info][gc             ] GC(174) Pause Young (Allocation Failure) 1726M->1726M(1823M) 31.930ms
[11.026s][info][gc,cpu         ] GC(174) User=0.03s Sys=0.00s Real=0.03s
[11.050s][info][gc,start       ] GC(175) Pause Young (Allocation Failure)
[11.081s][info][gc,heap        ] GC(175) PSYoungGen: 45184K(45568K)->22688K(76288K) Eden: 22528K(22528K)->0K(25088K) From: 22656K(23040K)->22688K(51200K)
[11.081s][info][gc,heap        ] GC(175) ParOldGen: 1745714K(1821184K)->1768562K(1821184K)
[11.081s][info][gc,metaspace   ] GC(175) Metaspace: 6298K(6464K)->6298K(6464K) NonClass: 5765K(5824K)->5765K(5824K) Class: 533K(640K)->533K(640K)
[11.081s][info][gc             ] GC(175) Pause Young (Allocation Failure) 1748M->1749M(1853M) 31.515ms
[11.081s][info][gc,cpu         ] GC(175) User=0.11s Sys=0.02s Real=0.03s
[11.108s][info][gc,start       ] GC(176) Pause Young (Allocation Failure)
[11.140s][info][gc,heap        ] GC(176) PSYoungGen: 47776K(76288K)->25312K(79360K) Eden: 25088K(25088K)->0K(25088K) From: 22688K(51200K)->25312K(54272K)
[11.140s][info][gc,heap        ] GC(176) ParOldGen: 1768562K(1821184K)->1791394K(1821184K)
[11.140s][info][gc,metaspace   ] GC(176) Metaspace: 6298K(6464K)->6298K(6464K) NonClass: 5765K(5824K)->5765K(5824K) Class: 533K(640K)->533K(640K)
[11.140s][info][gc             ] GC(176) Pause Young (Allocation Failure) 1773M->1774M(1856M) 32.850ms
[11.140s][info][gc,cpu         ] GC(176) User=0.14s Sys=0.02s Real=0.03s
[11.140s][info][gc,start       ] GC(177) Pause Full (Ergonomics)
[11.141s][info][gc,phases,start] GC(177) Marking Phase
[11.541s][info][gc,phases      ] GC(177) Marking Phase 400.573ms
[11.541s][info][gc,phases,start] GC(177) Summary Phase
[11.541s][info][gc,phases      ] GC(177) Summary Phase 0.056ms
[11.541s][info][gc,phases,start] GC(177) Adjust Roots
[11.541s][info][gc,phases      ] GC(177) Adjust Roots 0.161ms
[11.541s][info][gc,phases,start] GC(177) Compaction Phase
[11.720s][info][gc,phases      ] GC(177) Compaction Phase 179.036ms
[11.721s][info][gc,phases,start] GC(177) Post Compact
[11.724s][info][gc,phases      ] GC(177) Post Compact 3.587ms
[11.725s][info][gc,heap        ] GC(177) PSYoungGen: 25312K(79360K)->0K(79872K) Eden: 0K(25088K)->0K(28160K) From: 25312K(54272K)->0K(51712K)
[11.725s][info][gc,heap        ] GC(177) ParOldGen: 1791394K(1821184K)->1814348K(1997312K)
[11.725s][info][gc,metaspace   ] GC(177) Metaspace: 6298K(6464K)->6298K(6464K) NonClass: 5765K(5824K)->5765K(5824K) Class: 533K(640K)->533K(640K)
[11.725s][info][gc             ] GC(177) Pause Full (Ergonomics) 1774M->1771M(2028M) 584.657ms
[11.725s][info][gc,cpu         ] GC(177) User=4.14s Sys=0.00s Real=0.58s
[11.753s][info][gc,start       ] GC(178) Pause Young (Allocation Failure)
[11.778s][info][gc,heap        ] GC(178) PSYoungGen: 28160K(79872K)->28320K(79872K) Eden: 28160K(28160K)->0K(28160K) From: 0K(51712K)->28320K(51712K)
[11.778s][info][gc,heap        ] GC(178) ParOldGen: 1814348K(1997312K)->1814348K(1997312K)
[11.778s][info][gc,metaspace   ] GC(178) Metaspace: 6298K(6464K)->6298K(6464K) NonClass: 5765K(5824K)->5765K(5824K) Class: 533K(640K)->533K(640K)
[11.778s][info][gc             ] GC(178) Pause Young (Allocation Failure) 1799M->1799M(2028M) 24.863ms
[11.778s][info][gc,cpu         ] GC(178) User=0.03s Sys=0.00s Real=0.03s
[11.810s][info][gc,start       ] GC(179) Pause Young (Allocation Failure)
[11.843s][info][gc,heap        ] GC(179) PSYoungGen: 56480K(79872K)->50688K(72192K) Eden: 28160K(28160K)->0K(21504K) From: 28320K(51712K)->50688K(50688K)
[11.843s][info][gc,heap        ] GC(179) ParOldGen: 1814348K(1997312K)->1820132K(1997312K)
[11.843s][info][gc,metaspace   ] GC(179) Metaspace: 6298K(6464K)->6298K(6464K) NonClass: 5765K(5824K)->5765K(5824K) Class: 533K(640K)->533K(640K)
[11.843s][info][gc             ] GC(179) Pause Young (Allocation Failure) 1826M->1826M(2021M) 33.526ms
[11.844s][info][gc,cpu         ] GC(179) User=0.06s Sys=0.00s Real=0.03s
[11.867s][info][gc,start       ] GC(180) Pause Young (Allocation Failure)
[11.906s][info][gc,heap        ] GC(180) PSYoungGen: 72192K(72192K)->21664K(81408K) Eden: 21504K(21504K)->0K(21504K) From: 50688K(50688K)->21664K(59904K)
[11.906s][info][gc,heap        ] GC(180) ParOldGen: 1820132K(1997312K)->1871404K(1997312K)
[11.906s][info][gc,metaspace   ] GC(180) Metaspace: 6298K(6464K)->6298K(6464K) NonClass: 5765K(5824K)->5765K(5824K) Class: 533K(640K)->533K(640K)
[11.906s][info][gc             ] GC(180) Pause Young (Allocation Failure) 1847M->1848M(2030M) 39.069ms
[11.906s][info][gc,cpu         ] GC(180) User=0.22s Sys=0.03s Real=0.04s
[11.930s][info][gc,start       ] GC(181) Pause Young (Allocation Failure)
[11.960s][info][gc,heap        ] GC(181) PSYoungGen: 43168K(81408K)->43136K(78336K) Eden: 21504K(21504K)->0K(20992K) From: 21664K(59904K)->43136K(57344K)
[11.960s][info][gc,heap        ] GC(181) ParOldGen: 1871404K(1997312K)->1871404K(1997312K)
[11.960s][info][gc,metaspace   ] GC(181) Metaspace: 6298K(6464K)->6298K(6464K) NonClass: 5765K(5824K)->5765K(5824K) Class: 533K(640K)->533K(640K)
[11.960s][info][gc             ] GC(181) Pause Young (Allocation Failure) 1869M->1869M(2027M) 29.935ms
[11.960s][info][gc,cpu         ] GC(181) User=0.12s Sys=0.00s Real=0.03s
[11.982s][info][gc,start       ] GC(182) Pause Young (Allocation Failure)
[12.020s][info][gc,heap        ] GC(182) PSYoungGen: 64128K(78336K)->42688K(81408K) Eden: 20992K(20992K)->0K(20992K) From: 43136K(57344K)->42688K(60416K)
[12.020s][info][gc,heap        ] GC(182) ParOldGen: 1871404K(1997312K)->1893204K(1997312K)
[12.020s][info][gc,metaspace   ] GC(182) Metaspace: 6298K(6464K)->6298K(6464K) NonClass: 5765K(5824K)->5765K(5824K) Class: 533K(640K)->533K(640K)
[12.020s][info][gc             ] GC(182) Pause Young (Allocation Failure) 1890M->1890M(2030M) 37.701ms
[12.020s][info][gc,cpu         ] GC(182) User=0.12s Sys=0.02s Real=0.04s
[12.043s][info][gc,start       ] GC(183) Pause Young (Allocation Failure)
[12.079s][info][gc,heap        ] GC(183) PSYoungGen: 63680K(81408K)->42144K(84992K) Eden: 20992K(20992K)->0K(22528K) From: 42688K(60416K)->42144K(62464K)
[12.079s][info][gc,heap        ] GC(183) ParOldGen: 1893204K(1997312K)->1914996K(1997312K)
[12.079s][info][gc,metaspace   ] GC(183) Metaspace: 6298K(6464K)->6298K(6464K) NonClass: 5765K(5824K)->5765K(5824K) Class: 533K(640K)->533K(640K)
[12.079s][info][gc             ] GC(183) Pause Young (Allocation Failure) 1911M->1911M(2033M) 36.093ms
[12.079s][info][gc,cpu         ] GC(183) User=0.14s Sys=0.00s Real=0.04s
[12.106s][info][gc,start       ] GC(184) Pause Young (Allocation Failure)
[12.142s][info][gc,heap        ] GC(184) PSYoungGen: 64672K(84992K)->43648K(86016K) Eden: 22528K(22528K)->0K(22528K) From: 42144K(62464K)->43648K(63488K)
[12.142s][info][gc,heap        ] GC(184) ParOldGen: 1914996K(1997312K)->1936260K(1997312K)
[12.142s][info][gc,metaspace   ] GC(184) Metaspace: 6298K(6464K)->6298K(6464K) NonClass: 5765K(5824K)->5765K(5824K) Class: 533K(640K)->533K(640K)
[12.142s][info][gc             ] GC(184) Pause Young (Allocation Failure) 1933M->1933M(2034M) 36.957ms
[12.143s][info][gc,cpu         ] GC(184) User=0.16s Sys=0.00s Real=0.04s
[12.169s][info][gc,start       ] GC(185) Pause Young (Allocation Failure)
[12.206s][info][gc,heap        ] GC(185) PSYoungGen: 66176K(86016K)->45248K(89088K) Eden: 22528K(22528K)->0K(24064K) From: 43648K(63488K)->45248K(65024K)
[12.206s][info][gc,heap        ] GC(185) ParOldGen: 1936260K(1997312K)->1957532K(1997312K)
[12.206s][info][gc,metaspace   ] GC(185) Metaspace: 6298K(6464K)->6298K(6464K) NonClass: 5765K(5824K)->5765K(5824K) Class: 533K(640K)->533K(640K)
[12.206s][info][gc             ] GC(185) Pause Young (Allocation Failure) 1955M->1955M(2037M) 37.232ms
[12.206s][info][gc,cpu         ] GC(185) User=0.16s Sys=0.00s Real=0.04s
[12.206s][info][gc,start       ] GC(186) Pause Full (Ergonomics)
[12.206s][info][gc,phases,start] GC(186) Marking Phase
[12.641s][info][gc,phases      ] GC(186) Marking Phase 435.269ms
[12.641s][info][gc,phases,start] GC(186) Summary Phase
[12.641s][info][gc,phases      ] GC(186) Summary Phase 0.040ms
[12.641s][info][gc,phases,start] GC(186) Adjust Roots
[12.642s][info][gc,phases      ] GC(186) Adjust Roots 0.244ms
[12.642s][info][gc,phases,start] GC(186) Compaction Phase
[13.199s][info][gc,phases      ] GC(186) Compaction Phase 556.781ms
[13.199s][info][gc,phases,start] GC(186) Post Compact
[13.202s][info][gc,phases      ] GC(186) Post Compact 3.728ms
[13.203s][info][gc,heap        ] GC(186) PSYoungGen: 45248K(89088K)->3614K(89088K) Eden: 0K(24064K)->0K(24064K) From: 45248K(65024K)->3614K(65024K)
[13.203s][info][gc,heap        ] GC(186) ParOldGen: 1957532K(1997312K)->1996856K(2202112K)
[13.203s][info][gc,metaspace   ] GC(186) Metaspace: 6298K(6464K)->6298K(6464K) NonClass: 5765K(5824K)->5765K(5824K) Class: 533K(640K)->533K(640K)
[13.203s][info][gc             ] GC(186) Pause Full (Ergonomics) 1955M->1953M(2237M) 997.063ms
[13.203s][info][gc,cpu         ] GC(186) User=7.16s Sys=0.03s Real=1.00s
[13.236s][info][gc,start       ] GC(187) Pause Young (Allocation Failure)
[13.334s][info][gc,heap        ] GC(187) PSYoungGen: 27678K(89088K)->26464K(90624K) Eden: 24064K(24064K)->0K(24064K) From: 3614K(65024K)->26464K(66560K)
[13.334s][info][gc,heap        ] GC(187) ParOldGen: 1996856K(2202112K)->1998320K(2202112K)
[13.334s][info][gc,metaspace   ] GC(187) Metaspace: 6298K(6464K)->6298K(6464K) NonClass: 5765K(5824K)->5765K(5824K) Class: 533K(640K)->533K(640K)
[13.334s][info][gc             ] GC(187) Pause Young (Allocation Failure) 1977M->1977M(2239M) 97.809ms
[13.334s][info][gc,cpu         ] GC(187) User=0.72s Sys=0.00s Real=0.10s
[13.362s][info][gc,start       ] GC(188) Pause Young (Allocation Failure)
[13.396s][info][gc,heap        ] GC(188) PSYoungGen: 50528K(90624K)->50528K(88064K) Eden: 24064K(24064K)->0K(23552K) From: 26464K(66560K)->50528K(64512K)
[13.397s][info][gc,heap        ] GC(188) ParOldGen: 1998320K(2202112K)->1998320K(2202112K)
[13.397s][info][gc,metaspace   ] GC(188) Metaspace: 6298K(6464K)->6298K(6464K) NonClass: 5765K(5824K)->5765K(5824K) Class: 533K(640K)->533K(640K)
[13.397s][info][gc             ] GC(188) Pause Young (Allocation Failure) 2000M->2000M(2236M) 34.666ms
[13.397s][info][gc,cpu         ] GC(188) User=0.16s Sys=0.00s Real=0.04s
[13.421s][info][gc,start       ] GC(189) Pause Young (Allocation Failure)
[13.462s][info][gc,heap        ] GC(189) PSYoungGen: 74080K(88064K)->67584K(91136K) Eden: 23552K(23552K)->0K(23552K) From: 50528K(64512K)->67584K(67584K)
[13.462s][info][gc,heap        ] GC(189) ParOldGen: 1998320K(2202112K)->2004792K(2202112K)
[13.462s][info][gc,metaspace   ] GC(189) Metaspace: 6298K(6464K)->6298K(6464K) NonClass: 5765K(5824K)->5765K(5824K) Class: 533K(640K)->533K(640K)
[13.462s][info][gc             ] GC(189) Pause Young (Allocation Failure) 2023M->2023M(2239M) 41.613ms
[13.462s][info][gc,cpu         ] GC(189) User=0.25s Sys=0.00s Real=0.04s
[13.487s][info][gc,start       ] GC(190) Pause Young (Allocation Failure)
[13.535s][info][gc,heap        ] GC(190) PSYoungGen: 91136K(91136K)->67616K(98816K) Eden: 23552K(23552K)->0K(19968K) From: 67584K(67584K)->67616K(78848K)
[13.535s][info][gc,heap        ] GC(190) ParOldGen: 2004792K(2202112K)->2028784K(2202112K)
[13.535s][info][gc,metaspace   ] GC(190) Metaspace: 6298K(6464K)->6298K(6464K) NonClass: 5765K(5824K)->5765K(5824K) Class: 533K(640K)->533K(640K)
[13.535s][info][gc             ] GC(190) Pause Young (Allocation Failure) 2046M->2047M(2247M) 47.914ms
[13.535s][info][gc,cpu         ] GC(190) User=0.22s Sys=0.05s Real=0.05s
[13.557s][info][gc,start       ] GC(191) Pause Young (Allocation Failure)
[13.602s][info][gc,heap        ] GC(191) PSYoungGen: 87584K(98816K)->64928K(105472K) Eden: 19968K(19968K)->0K(19968K) From: 67616K(78848K)->64928K(85504K)
[13.602s][info][gc,heap        ] GC(191) ParOldGen: 2028784K(2202112K)->2051768K(2202112K)
[13.602s][info][gc,metaspace   ] GC(191) Metaspace: 6298K(6464K)->6298K(6464K) NonClass: 5765K(5824K)->5765K(5824K) Class: 533K(640K)->533K(640K)
[13.602s][info][gc             ] GC(191) Pause Young (Allocation Failure) 2066M->2067M(2253M) 45.447ms
[13.602s][info][gc,cpu         ] GC(191) User=0.27s Sys=0.00s Real=0.05s
[13.623s][info][gc,start       ] GC(192) Pause Young (Allocation Failure)
[13.667s][info][gc,heap        ] GC(192) PSYoungGen: 84896K(105472K)->63680K(109056K) Eden: 19968K(19968K)->0K(19456K) From: 64928K(85504K)->63680K(89600K)
[13.668s][info][gc,heap        ] GC(192) ParOldGen: 2051768K(2202112K)->2073264K(2202112K)
[13.668s][info][gc,metaspace   ] GC(192) Metaspace: 6298K(6464K)->6298K(6464K) NonClass: 5765K(5824K)->5765K(5824K) Class: 533K(640K)->533K(640K)
[13.668s][info][gc             ] GC(192) Pause Young (Allocation Failure) 2086M->2086M(2257M) 44.542ms
[13.668s][info][gc,cpu         ] GC(192) User=0.27s Sys=0.00s Real=0.04s
[13.688s][info][gc,start       ] GC(193) Pause Young (Allocation Failure)
[13.732s][info][gc,heap        ] GC(193) PSYoungGen: 83136K(109056K)->59552K(112128K) Eden: 19456K(19456K)->0K(19456K) From: 63680K(89600K)->59552K(92672K)
[13.732s][info][gc,heap        ] GC(193) ParOldGen: 2073264K(2202112K)->2097136K(2202112K)
[13.732s][info][gc,metaspace   ] GC(193) Metaspace: 6298K(6464K)->6298K(6464K) NonClass: 5765K(5824K)->5765K(5824K) Class: 533K(640K)->533K(640K)
[13.732s][info][gc             ] GC(193) Pause Young (Allocation Failure) 2105M->2106M(2260M) 43.815ms
[13.732s][info][gc,cpu         ] GC(193) User=0.25s Sys=0.02s Real=0.05s
[13.752s][info][gc,start       ] GC(194) Pause Young (Allocation Failure)
[13.794s][info][gc,heap        ] GC(194) PSYoungGen: 79008K(112128K)->59072K(115200K) Eden: 19456K(19456K)->0K(22528K) From: 59552K(92672K)->59072K(92672K)
[13.794s][info][gc,heap        ] GC(194) ParOldGen: 2097136K(2202112K)->2117376K(2202112K)
[13.794s][info][gc,metaspace   ] GC(194) Metaspace: 6298K(6464K)->6298K(6464K) NonClass: 5765K(5824K)->5765K(5824K) Class: 533K(640K)->533K(640K)
[13.794s][info][gc             ] GC(194) Pause Young (Allocation Failure) 2125M->2125M(2263M) 42.074ms
[13.794s][info][gc,cpu         ] GC(194) User=0.25s Sys=0.00s Real=0.04s
[13.819s][info][gc,start       ] GC(195) Pause Young (Allocation Failure)
[13.862s][info][gc,heap        ] GC(195) PSYoungGen: 81600K(115200K)->61600K(115200K) Eden: 22528K(22528K)->0K(22528K) From: 59072K(92672K)->61600K(92672K)
[13.862s][info][gc,heap        ] GC(195) ParOldGen: 2117376K(2202112K)->2137624K(2202112K)
[13.862s][info][gc,metaspace   ] GC(195) Metaspace: 6298K(6464K)->6298K(6464K) NonClass: 5765K(5824K)->5765K(5824K) Class: 533K(640K)->533K(640K)
[13.863s][info][gc             ] GC(195) Pause Young (Allocation Failure) 2147M->2147M(2263M) 43.643ms
[13.863s][info][gc,cpu         ] GC(195) User=0.27s Sys=0.00s Real=0.04s
[13.890s][info][gc,start       ] GC(196) Pause Young (Allocation Failure)
[13.936s][info][gc,heap        ] GC(196) PSYoungGen: 84128K(115200K)->64672K(117760K) Eden: 22528K(22528K)->0K(24576K) From: 61600K(92672K)->64672K(93184K)
[13.936s][info][gc,heap        ] GC(196) ParOldGen: 2137624K(2202112K)->2157344K(2202112K)
[13.936s][info][gc,metaspace   ] GC(196) Metaspace: 6298K(6464K)->6298K(6464K) NonClass: 5765K(5824K)->5765K(5824K) Class: 533K(640K)->533K(640K)
[13.936s][info][gc             ] GC(196) Pause Young (Allocation Failure) 2169M->2169M(2265M) 45.538ms
[13.936s][info][gc,cpu         ] GC(196) User=0.25s Sys=0.02s Real=0.05s
[13.969s][info][gc,start       ] GC(197) Pause Young (Allocation Failure)
[14.017s][info][gc,heap        ] GC(197) PSYoungGen: 89248K(117760K)->69792K(118784K) Eden: 24576K(24576K)->0K(24576K) From: 64672K(93184K)->69792K(94208K)
[14.017s][info][gc,heap        ] GC(197) ParOldGen: 2157344K(2202112K)->2177072K(2202112K)
[14.017s][info][gc,metaspace   ] GC(197) Metaspace: 6298K(6464K)->6298K(6464K) NonClass: 5765K(5824K)->5765K(5824K) Class: 533K(640K)->533K(640K)
[14.017s][info][gc             ] GC(197) Pause Young (Allocation Failure) 2193M->2194M(2266M) 48.523ms
[14.017s][info][gc,cpu         ] GC(197) User=0.25s Sys=0.03s Real=0.05s
[14.017s][info][gc,start       ] GC(198) Pause Full (Ergonomics)
[14.017s][info][gc,phases,start] GC(198) Marking Phase
[14.527s][info][gc,phases      ] GC(198) Marking Phase 509.655ms
[14.527s][info][gc,phases,start] GC(198) Summary Phase
[14.527s][info][gc,phases      ] GC(198) Summary Phase 0.034ms
[14.527s][info][gc,phases,start] GC(198) Adjust Roots
[14.527s][info][gc,phases      ] GC(198) Adjust Roots 0.159ms
[14.527s][info][gc,phases,start] GC(198) Compaction Phase
[14.719s][info][gc,phases      ] GC(198) Compaction Phase 191.793ms
[14.719s][info][gc,phases,start] GC(198) Post Compact
[14.723s][info][gc,phases      ] GC(198) Post Compact 4.270ms
[14.724s][info][gc,heap        ] GC(198) PSYoungGen: 69792K(118784K)->41931K(118784K) Eden: 0K(24576K)->0K(24576K) From: 69792K(94208K)->41931K(94208K)
[14.724s][info][gc,heap        ] GC(198) ParOldGen: 2177072K(2202112K)->2201886K(2420736K)
[14.724s][info][gc,metaspace   ] GC(198) Metaspace: 6298K(6464K)->6298K(6464K) NonClass: 5765K(5824K)->5765K(5824K) Class: 533K(640K)->533K(640K)
[14.724s][info][gc             ] GC(198) Pause Full (Ergonomics) 2194M->2191M(2480M) 706.992ms
[14.724s][info][gc,cpu         ] GC(198) User=5.23s Sys=0.03s Real=0.71s
[14.755s][info][gc,start       ] GC(199) Pause Young (Allocation Failure)
[14.879s][info][gc,heap        ] GC(199) PSYoungGen: 66507K(118784K)->51904K(115712K) Eden: 24576K(24576K)->0K(27648K) From: 41931K(94208K)->51904K(88064K)
[14.880s][info][gc,heap        ] GC(199) ParOldGen: 2201886K(2420736K)->2216934K(2420736K)
[14.880s][info][gc,metaspace   ] GC(199) Metaspace: 6298K(6464K)->6298K(6464K) NonClass: 5765K(5824K)->5765K(5824K) Class: 533K(640K)->533K(640K)
[14.880s][info][gc             ] GC(199) Pause Young (Allocation Failure) 2215M->2215M(2477M) 124.465ms
[14.880s][info][gc,cpu         ] GC(199) User=0.80s Sys=0.00s Real=0.12s
[14.912s][info][gc,start       ] GC(200) Pause Young (Allocation Failure)
[14.956s][info][gc,heap        ] GC(200) PSYoungGen: 79552K(115712K)->65312K(120320K) Eden: 27648K(27648K)->0K(27648K) From: 51904K(88064K)->65312K(92672K)
[14.957s][info][gc,heap        ] GC(200) ParOldGen: 2216934K(2420736K)->2231350K(2420736K)
[14.957s][info][gc,metaspace   ] GC(200) Metaspace: 6298K(6464K)->6298K(6464K) NonClass: 5765K(5824K)->5765K(5824K) Class: 533K(640K)->533K(640K)
[14.957s][info][gc             ] GC(200) Pause Young (Allocation Failure) 2242M->2242M(2481M) 44.490ms
[14.957s][info][gc,cpu         ] GC(200) User=0.25s Sys=0.00s Real=0.05s
[14.989s][info][gc,start       ] GC(201) Pause Young (Allocation Failure)
[15.038s][info][gc,heap        ] GC(201) PSYoungGen: 92960K(120320K)->80096K(118272K) Eden: 27648K(27648K)->0K(25088K) From: 65312K(92672K)->80096K(93184K)
[15.038s][info][gc,heap        ] GC(201) ParOldGen: 2231350K(2420736K)->2244454K(2420736K)
[15.038s][info][gc,metaspace   ] GC(201) Metaspace: 6298K(6464K)->6298K(6464K) NonClass: 5765K(5824K)->5765K(5824K) Class: 533K(640K)->533K(640K)
[15.038s][info][gc             ] GC(201) Pause Young (Allocation Failure) 2269M->2270M(2479M) 49.491ms
[15.038s][info][gc,cpu         ] GC(201) User=0.28s Sys=0.00s Real=0.05s
[15.067s][info][gc,start       ] GC(202) Pause Young (Allocation Failure)
[15.121s][info][gc,heap        ] GC(202) PSYoungGen: 105184K(118272K)->80608K(123904K) Eden: 25088K(25088K)->0K(25088K) From: 80096K(93184K)->80608K(98816K)
[15.121s][info][gc,heap        ] GC(202) ParOldGen: 2244454K(2420736K)->2269310K(2420736K)
[15.121s][info][gc,metaspace   ] GC(202) Metaspace: 6298K(6464K)->6298K(6464K) NonClass: 5765K(5824K)->5765K(5824K) Class: 533K(640K)->533K(640K)
[15.121s][info][gc             ] GC(202) Pause Young (Allocation Failure) 2294M->2294M(2485M) 53.744ms
[15.121s][info][gc,cpu         ] GC(202) User=0.34s Sys=0.03s Real=0.05s
[15.150s][info][gc,start       ] GC(203) Pause Young (Allocation Failure)
[15.204s][info][gc,heap        ] GC(203) PSYoungGen: 105696K(123904K)->78048K(129024K) Eden: 25088K(25088K)->0K(25600K) From: 80608K(98816K)->78048K(103424K)
[15.204s][info][gc,heap        ] GC(203) ParOldGen: 2269310K(2420736K)->2297206K(2420736K)
[15.204s][info][gc,metaspace   ] GC(203) Metaspace: 6298K(6464K)->6298K(6464K) NonClass: 5765K(5824K)->5765K(5824K) Class: 533K(640K)->533K(640K)
[15.204s][info][gc             ] GC(203) Pause Young (Allocation Failure) 2319M->2319M(2490M) 54.242ms
[15.204s][info][gc,cpu         ] GC(203) User=0.34s Sys=0.03s Real=0.06s
[15.233s][info][gc,start       ] GC(204) Pause Young (Allocation Failure)
[15.287s][info][gc,heap        ] GC(204) PSYoungGen: 103648K(129024K)->75968K(131584K) Eden: 25600K(25600K)->0K(25600K) From: 78048K(103424K)->75968K(105984K)
[15.287s][info][gc,heap        ] GC(204) ParOldGen: 2297206K(2420736K)->2325118K(2420736K)
[15.287s][info][gc,metaspace   ] GC(204) Metaspace: 6298K(6464K)->6298K(6464K) NonClass: 5765K(5824K)->5765K(5824K) Class: 533K(640K)->533K(640K)
[15.287s][info][gc             ] GC(204) Pause Young (Allocation Failure) 2344M->2344M(2492M) 54.545ms
[15.287s][info][gc,cpu         ] GC(204) User=0.36s Sys=0.02s Real=0.06s
[15.317s][info][gc,start       ] GC(205) Pause Young (Allocation Failure)
[15.371s][info][gc,heap        ] GC(205) PSYoungGen: 101568K(131584K)->76480K(135168K) Eden: 25600K(25600K)->0K(28160K) From: 75968K(105984K)->76480K(107008K)
[15.371s][info][gc,heap        ] GC(205) ParOldGen: 2325118K(2420736K)->2350430K(2420736K)
[15.371s][info][gc,metaspace   ] GC(205) Metaspace: 6298K(6464K)->6298K(6464K) NonClass: 5765K(5824K)->5765K(5824K) Class: 533K(640K)->533K(640K)
[15.371s][info][gc             ] GC(205) Pause Young (Allocation Failure) 2369M->2370M(2496M) 53.788ms
[15.371s][info][gc,cpu         ] GC(205) User=0.34s Sys=0.02s Real=0.05s
[15.405s][info][gc,start       ] GC(206) Pause Young (Allocation Failure)
[15.462s][info][gc,heap        ] GC(206) PSYoungGen: 104640K(135168K)->53952K(136192K) Eden: 28160K(28160K)->0K(28160K) From: 76480K(107008K)->53952K(108032K)
[15.462s][info][gc,heap        ] GC(206) ParOldGen: 2350430K(2420736K)->2401566K(2420736K)
[15.462s][info][gc,metaspace   ] GC(206) Metaspace: 6298K(6464K)->6298K(6464K) NonClass: 5765K(5824K)->5765K(5824K) Class: 533K(640K)->533K(640K)
[15.462s][info][gc             ] GC(206) Pause Young (Allocation Failure) 2397M->2397M(2497M) 56.826ms
[15.462s][info][gc,cpu         ] GC(206) User=0.39s Sys=0.00s Real=0.06s
[15.462s][info][gc,start       ] GC(207) Pause Full (Ergonomics)
[15.462s][info][gc,phases,start] GC(207) Marking Phase
[16.017s][info][gc,phases      ] GC(207) Marking Phase 555.033ms
[16.017s][info][gc,phases,start] GC(207) Summary Phase
[16.017s][info][gc,phases      ] GC(207) Summary Phase 0.045ms
[16.017s][info][gc,phases,start] GC(207) Adjust Roots
[16.017s][info][gc,phases      ] GC(207) Adjust Roots 0.159ms
[16.017s][info][gc,phases,start] GC(207) Compaction Phase
[16.226s][info][gc,phases      ] GC(207) Compaction Phase 208.364ms
[16.226s][info][gc,phases,start] GC(207) Post Compact
[16.230s][info][gc,phases      ] GC(207) Post Compact 4.515ms
[16.231s][info][gc,heap        ] GC(207) PSYoungGen: 53952K(136192K)->32742K(136192K) Eden: 0K(28160K)->0K(28160K) From: 53952K(108032K)->32742K(108032K)
[16.231s][info][gc,heap        ] GC(207) ParOldGen: 2401566K(2420736K)->2420230K(2670592K)
[16.231s][info][gc,metaspace   ] GC(207) Metaspace: 6298K(6464K)->6298K(6464K) NonClass: 5765K(5824K)->5765K(5824K) Class: 533K(640K)->533K(640K)
[16.231s][info][gc             ] GC(207) Pause Full (Ergonomics) 2397M->2395M(2741M) 769.318ms
[16.231s][info][gc,cpu         ] GC(207) User=5.78s Sys=0.08s Real=0.77s
[16.268s][info][gc,start       ] GC(208) Pause Young (Allocation Failure)
[16.400s][info][gc,heap        ] GC(208) PSYoungGen: 60902K(136192K)->28288K(135680K) Eden: 28160K(28160K)->0K(30208K) From: 32742K(108032K)->28288K(105472K)
[16.400s][info][gc,heap        ] GC(208) ParOldGen: 2420230K(2670592K)->2453302K(2670592K)
[16.400s][info][gc,metaspace   ] GC(208) Metaspace: 6298K(6464K)->6298K(6464K) NonClass: 5765K(5824K)->5765K(5824K) Class: 533K(640K)->533K(640K)
[16.400s][info][gc             ] GC(208) Pause Young (Allocation Failure) 2422M->2423M(2740M) 131.863ms
[16.400s][info][gc,cpu         ] GC(208) User=0.78s Sys=0.00s Real=0.13s
[16.436s][info][gc,start       ] GC(209) Pause Young (Allocation Failure)
[16.474s][info][gc,heap        ] GC(209) PSYoungGen: 58496K(135680K)->30368K(137216K) Eden: 30208K(30208K)->0K(30208K) From: 28288K(105472K)->30368K(107008K)
[16.474s][info][gc,heap        ] GC(209) ParOldGen: 2453302K(2670592K)->2481718K(2670592K)
[16.474s][info][gc,metaspace   ] GC(209) Metaspace: 6298K(6464K)->6298K(6464K) NonClass: 5765K(5824K)->5765K(5824K) Class: 533K(640K)->533K(640K)
[16.474s][info][gc             ] GC(209) Pause Young (Allocation Failure) 2452M->2453M(2742M) 38.028ms
[16.474s][info][gc,cpu         ] GC(209) User=0.25s Sys=0.00s Real=0.04s
[16.509s][info][gc,start       ] GC(210) Pause Young (Allocation Failure)
[16.547s][info][gc,heap        ] GC(210) PSYoungGen: 60576K(137216K)->30400K(139776K) Eden: 30208K(30208K)->0K(33792K) From: 30368K(107008K)->30400K(105984K)
[16.547s][info][gc,heap        ] GC(210) ParOldGen: 2481718K(2670592K)->2512214K(2670592K)
[16.547s][info][gc,metaspace   ] GC(210) Metaspace: 6298K(6464K)->6298K(6464K) NonClass: 5765K(5824K)->5765K(5824K) Class: 533K(640K)->533K(640K)
[16.547s][info][gc             ] GC(210) Pause Young (Allocation Failure) 2482M->2483M(2744M) 37.891ms
[16.547s][info][gc,cpu         ] GC(210) User=0.19s Sys=0.06s Real=0.04s
[16.586s][info][gc,start       ] GC(211) Pause Young (Allocation Failure)
[16.626s][info][gc,heap        ] GC(211) PSYoungGen: 64192K(139776K)->33952K(140288K) Eden: 33792K(33792K)->0K(33792K) From: 30400K(105984K)->33952K(106496K)
[16.626s][info][gc,heap        ] GC(211) ParOldGen: 2512214K(2670592K)->2542702K(2670592K)
[16.626s][info][gc,metaspace   ] GC(211) Metaspace: 6298K(6464K)->6298K(6464K) NonClass: 5765K(5824K)->5765K(5824K) Class: 533K(640K)->533K(640K)
[16.626s][info][gc             ] GC(211) Pause Young (Allocation Failure) 2516M->2516M(2745M) 39.874ms
[16.626s][info][gc,cpu         ] GC(211) User=0.25s Sys=0.00s Real=0.04s
[16.667s][info][gc,start       ] GC(212) Pause Young (Allocation Failure)
[16.709s][info][gc,heap        ] GC(212) PSYoungGen: 67744K(140288K)->33984K(137728K) Eden: 33792K(33792K)->0K(37888K) From: 33952K(106496K)->33984K(99840K)
[16.709s][info][gc,heap        ] GC(212) ParOldGen: 2542702K(2670592K)->2576798K(2670592K)
[16.709s][info][gc,metaspace   ] GC(212) Metaspace: 6298K(6464K)->6298K(6464K) NonClass: 5765K(5824K)->5765K(5824K) Class: 533K(640K)->533K(640K)
[16.710s][info][gc             ] GC(212) Pause Young (Allocation Failure) 2549M->2549M(2742M) 42.834ms
[16.710s][info][gc,cpu         ] GC(212) User=0.25s Sys=0.00s Real=0.04s
[16.755s][info][gc,start       ] GC(213) Pause Young (Allocation Failure)
[16.798s][info][gc,heap        ] GC(213) PSYoungGen: 71872K(137728K)->38048K(140288K) Eden: 37888K(37888K)->0K(37888K) From: 33984K(99840K)->38048K(102400K)
[16.799s][info][gc,heap        ] GC(213) ParOldGen: 2576798K(2670592K)->2610894K(2670592K)
[16.799s][info][gc,metaspace   ] GC(213) Metaspace: 6298K(6464K)->6298K(6464K) NonClass: 5765K(5824K)->5765K(5824K) Class: 533K(640K)->533K(640K)
[16.799s][info][gc             ] GC(213) Pause Young (Allocation Failure) 2586M->2586M(2745M) 43.711ms
[16.799s][info][gc,cpu         ] GC(213) User=0.23s Sys=0.02s Real=0.04s
[16.847s][info][gc,start       ] GC(214) Pause Young (Allocation Failure)
[16.895s][info][gc,heap        ] GC(214) PSYoungGen: 75936K(140288K)->38080K(135168K) Eden: 37888K(37888K)->0K(41984K) From: 38048K(102400K)->38080K(93184K)
[16.895s][info][gc,heap        ] GC(214) ParOldGen: 2610894K(2670592K)->2649126K(2670592K)
[16.895s][info][gc,metaspace   ] GC(214) Metaspace: 6298K(6464K)->6298K(6464K) NonClass: 5765K(5824K)->5765K(5824K) Class: 533K(640K)->533K(640K)
[16.895s][info][gc             ] GC(214) Pause Young (Allocation Failure) 2623M->2624M(2740M) 48.097ms
[16.895s][info][gc,cpu         ] GC(214) User=0.25s Sys=0.00s Real=0.05s
[16.895s][info][gc,start       ] GC(215) Pause Full (Ergonomics)
[16.895s][info][gc,phases,start] GC(215) Marking Phase
[17.513s][info][gc,phases      ] GC(215) Marking Phase 617.851ms
[17.513s][info][gc,phases,start] GC(215) Summary Phase
[17.513s][info][gc,phases      ] GC(215) Summary Phase 0.039ms
[17.513s][info][gc,phases,start] GC(215) Adjust Roots
[17.514s][info][gc,phases      ] GC(215) Adjust Roots 0.229ms
[17.514s][info][gc,phases,start] GC(215) Compaction Phase
[17.727s][info][gc,phases      ] GC(215) Compaction Phase 213.647ms
[17.727s][info][gc,phases,start] GC(215) Post Compact
[17.732s][info][gc,phases      ] GC(215) Post Compact 5.104ms
[17.734s][info][gc,heap        ] GC(215) PSYoungGen: 38080K(135168K)->14348K(138240K) Eden: 0K(41984K)->0K(45056K) From: 38080K(93184K)->14348K(93184K)
[17.734s][info][gc,heap        ] GC(215) ParOldGen: 2649126K(2670592K)->2670344K(2946560K)
[17.734s][info][gc,metaspace   ] GC(215) Metaspace: 6298K(6464K)->6298K(6464K) NonClass: 5765K(5824K)->5765K(5824K) Class: 533K(640K)->533K(640K)
[17.734s][info][gc             ] GC(215) Pause Full (Ergonomics) 2624M->2621M(3012M) 838.267ms
[17.734s][info][gc,cpu         ] GC(215) User=6.52s Sys=0.00s Real=0.84s
[17.788s][info][gc,start       ] GC(216) Pause Young (Allocation Failure)
[17.938s][info][gc,heap        ] GC(216) PSYoungGen: 59404K(138240K)->45248K(90624K) Eden: 45056K(45056K)->0K(45056K) From: 14348K(93184K)->45248K(45568K)
[17.938s][info][gc,heap        ] GC(216) ParOldGen: 2670344K(2946560K)->2684864K(2946560K)
[17.938s][info][gc,metaspace   ] GC(216) Metaspace: 6298K(6464K)->6298K(6464K) NonClass: 5765K(5824K)->5765K(5824K) Class: 533K(640K)->533K(640K)
[17.938s][info][gc             ] GC(216) Pause Young (Allocation Failure) 2665M->2666M(2966M) 149.728ms
[17.938s][info][gc,cpu         ] GC(216) User=0.86s Sys=0.02s Real=0.15s
[17.990s][info][gc,start       ] GC(217) Pause Young (Allocation Failure)
[18.043s][info][gc,heap        ] GC(217) PSYoungGen: 90304K(90624K)->90336K(129024K) Eden: 45056K(45056K)->0K(37376K) From: 45248K(45568K)->90336K(91648K)
[18.043s][info][gc,heap        ] GC(217) ParOldGen: 2684864K(2946560K)->2684864K(2946560K)
[18.043s][info][gc,metaspace   ] GC(217) Metaspace: 6298K(6464K)->6298K(6464K) NonClass: 5765K(5824K)->5765K(5824K) Class: 533K(640K)->533K(640K)
[18.043s][info][gc             ] GC(217) Pause Young (Allocation Failure) 2710M->2710M(3003M) 53.352ms
[18.043s][info][gc,cpu         ] GC(217) User=0.28s Sys=0.00s Real=0.05s
[18.086s][info][gc,start       ] GC(218) Pause Young (Allocation Failure)
[18.152s][info][gc,heap        ] GC(218) PSYoungGen: 127712K(129024K)->103424K(140800K) Eden: 37376K(37376K)->0K(37376K) From: 90336K(91648K)->103424K(103424K)
[18.152s][info][gc,heap        ] GC(218) ParOldGen: 2684864K(2946560K)->2709312K(2946560K)
[18.152s][info][gc,metaspace   ] GC(218) Metaspace: 6298K(6464K)->6298K(6464K) NonClass: 5765K(5824K)->5765K(5824K) Class: 533K(640K)->533K(640K)
[18.152s][info][gc             ] GC(218) Pause Young (Allocation Failure) 2746M->2746M(3015M) 66.041ms
[18.152s][info][gc,cpu         ] GC(218) User=0.39s Sys=0.02s Real=0.07s
[18.724s][info][gc,start       ] GC(219) Pause Young (Allocation Failure)
[18.855s][info][gc,heap        ] GC(219) PSYoungGen: 140800K(140800K)->67840K(159744K) Eden: 37376K(37376K)->0K(40960K) From: 103424K(103424K)->67840K(118784K)
[18.855s][info][gc,heap        ] GC(219) ParOldGen: 2840384K(2946560K)->2914080K(2946560K)
[18.855s][info][gc,metaspace   ] GC(219) Metaspace: 6298K(6464K)->6298K(6464K) NonClass: 5765K(5824K)->5765K(5824K) Class: 533K(640K)->533K(640K)
[18.855s][info][gc             ] GC(219) Pause Young (Allocation Failure) 2911M->2912M(3033M) 131.042ms
[18.855s][info][gc,cpu         ] GC(219) User=0.77s Sys=0.02s Real=0.13s
[18.855s][info][gc,start       ] GC(220) Pause Full (Ergonomics)
[18.855s][info][gc,phases,start] GC(220) Marking Phase
[19.504s][info][gc,phases      ] GC(220) Marking Phase 648.764ms
[19.504s][info][gc,phases,start] GC(220) Summary Phase
[19.504s][info][gc,phases      ] GC(220) Summary Phase 0.058ms
[19.504s][info][gc,phases,start] GC(220) Adjust Roots
[19.504s][info][gc,phases      ] GC(220) Adjust Roots 0.162ms
[19.504s][info][gc,phases,start] GC(220) Compaction Phase
[19.938s][info][gc,phases      ] GC(220) Compaction Phase 433.864ms
[19.938s][info][gc,phases,start] GC(220) Post Compact
[19.944s][info][gc,phases      ] GC(220) Post Compact 5.843ms
[19.945s][info][gc,heap        ] GC(220) PSYoungGen: 67840K(159744K)->0K(163840K) Eden: 0K(40960K)->0K(40960K) From: 67840K(118784K)->0K(122880K)
[19.945s][info][gc,heap        ] GC(220) ParOldGen: 2914080K(2946560K)->2914970K(3228672K)
[19.945s][info][gc,metaspace   ] GC(220) Metaspace: 6298K(6464K)->6298K(6464K) NonClass: 5765K(5824K)->5765K(5824K) Class: 533K(640K)->533K(640K)
[19.945s][info][gc             ] GC(220) Pause Full (Ergonomics) 2912M->2846M(3313M) 1090.087ms
[19.945s][info][gc,cpu         ] GC(220) User=7.70s Sys=0.02s Real=1.09s
[19.990s][info][gc,start       ] GC(221) Pause Young (Allocation Failure)
[20.032s][info][gc,heap        ] GC(221) PSYoungGen: 40960K(163840K)->41120K(160256K) Eden: 40960K(40960K)->0K(44032K) From: 0K(122880K)->41120K(116224K)
[20.032s][info][gc,heap        ] GC(221) ParOldGen: 2914970K(3228672K)->2914970K(3228672K)
[20.032s][info][gc,metaspace   ] GC(221) Metaspace: 6298K(6464K)->6298K(6464K) NonClass: 5765K(5824K)->5765K(5824K) Class: 533K(640K)->533K(640K)
[20.032s][info][gc             ] GC(221) Pause Young (Allocation Failure) 2886M->2886M(3309M) 41.974ms
[20.032s][info][gc,cpu         ] GC(221) User=0.05s Sys=0.00s Real=0.04s
[20.081s][info][gc,start       ] GC(222) Pause Young (Allocation Failure)
[20.139s][info][gc,heap        ] GC(222) PSYoungGen: 85152K(160256K)->85248K(163840K) Eden: 44032K(44032K)->0K(44032K) From: 41120K(116224K)->85248K(119808K)
[20.139s][info][gc,heap        ] GC(222) ParOldGen: 2914970K(3228672K)->2914970K(3228672K)
[20.139s][info][gc,metaspace   ] GC(222) Metaspace: 6298K(6464K)->6298K(6464K) NonClass: 5765K(5824K)->5765K(5824K) Class: 533K(640K)->533K(640K)
[20.139s][info][gc             ] GC(222) Pause Young (Allocation Failure) 2929M->2929M(3313M) 57.554ms
[20.139s][info][gc,cpu         ] GC(222) User=0.17s Sys=0.00s Real=0.06s
[20.182s][info][gc,start       ] GC(223) Pause Young (Allocation Failure)
[20.252s][info][gc,heap        ] GC(223) PSYoungGen: 129280K(163840K)->123392K(152064K) Eden: 44032K(44032K)->0K(28672K) From: 85248K(119808K)->123392K(123392K)
[20.252s][info][gc,heap        ] GC(223) ParOldGen: 2914970K(3228672K)->2920850K(3228672K)
[20.252s][info][gc,metaspace   ] GC(223) Metaspace: 6298K(6464K)->6298K(6464K) NonClass: 5765K(5824K)->5765K(5824K) Class: 533K(640K)->533K(640K)
[20.252s][info][gc             ] GC(223) Pause Young (Allocation Failure) 2972M->2972M(3301M) 69.807ms
[20.252s][info][gc,cpu         ] GC(223) User=0.23s Sys=0.00s Real=0.07s
[20.282s][info][gc,start       ] GC(224) Pause Young (Allocation Failure)
[20.357s][info][gc,heap        ] GC(224) PSYoungGen: 152064K(152064K)->142848K(171520K) Eden: 28672K(28672K)->0K(28672K) From: 123392K(123392K)->142848K(142848K)
[20.357s][info][gc,heap        ] GC(224) ParOldGen: 2920850K(3228672K)->2930202K(3228672K)
[20.357s][info][gc,metaspace   ] GC(224) Metaspace: 6298K(6464K)->6298K(6464K) NonClass: 5765K(5824K)->5765K(5824K) Class: 533K(640K)->533K(640K)
[20.357s][info][gc             ] GC(224) Pause Young (Allocation Failure) 3000M->3001M(3320M) 74.986ms
[20.357s][info][gc,cpu         ] GC(224) User=0.34s Sys=0.00s Real=0.08s
[20.384s][info][gc,start       ] GC(225) Pause Young (Allocation Failure)
[20.467s][info][gc,heap        ] GC(225) PSYoungGen: 171520K(171520K)->87776K(189952K) Eden: 28672K(28672K)->0K(32256K) From: 142848K(142848K)->87776K(157696K)
[20.467s][info][gc,heap        ] GC(225) ParOldGen: 2930202K(3228672K)->3014698K(3228672K)
[20.467s][info][gc,metaspace   ] GC(225) Metaspace: 6298K(6464K)->6298K(6464K) NonClass: 5765K(5824K)->5765K(5824K) Class: 533K(640K)->533K(640K)
[20.467s][info][gc             ] GC(225) Pause Young (Allocation Failure) 3029M->3029M(3338M) 82.860ms
[20.467s][info][gc,cpu         ] GC(225) User=0.52s Sys=0.02s Real=0.08s
[20.496s][info][gc,start       ] GC(226) Pause Young (Allocation Failure)
[20.562s][info][gc,heap        ] GC(226) PSYoungGen: 120032K(189952K)->89600K(194048K) Eden: 32256K(32256K)->0K(32256K) From: 87776K(157696K)->89600K(161792K)
[20.562s][info][gc,heap        ] GC(226) ParOldGen: 3014698K(3228672K)->3045402K(3228672K)
[20.562s][info][gc,metaspace   ] GC(226) Metaspace: 6298K(6464K)->6298K(6464K) NonClass: 5765K(5824K)->5765K(5824K) Class: 533K(640K)->533K(640K)
[20.562s][info][gc             ] GC(226) Pause Young (Allocation Failure) 3061M->3061M(3342M) 65.411ms
[20.562s][info][gc,cpu         ] GC(226) User=0.19s Sys=0.00s Real=0.07s
[20.596s][info][gc,start       ] GC(227) Pause Young (Allocation Failure)
[20.661s][info][gc,heap        ] GC(227) PSYoungGen: 121856K(194048K)->64704K(182784K) Eden: 32256K(32256K)->0K(36352K) From: 89600K(161792K)->64704K(146432K)
[20.662s][info][gc,heap        ] GC(227) ParOldGen: 3045402K(3228672K)->3102994K(3228672K)
[20.662s][info][gc,metaspace   ] GC(227) Metaspace: 6298K(6464K)->6298K(6464K) NonClass: 5765K(5824K)->5765K(5824K) Class: 533K(640K)->533K(640K)
[20.662s][info][gc             ] GC(227) Pause Young (Allocation Failure) 3093M->3093M(3331M) 65.203ms
[20.662s][info][gc,cpu         ] GC(227) User=0.17s Sys=0.02s Real=0.07s
[20.702s][info][gc,start       ] GC(228) Pause Young (Allocation Failure)
[20.763s][info][gc,heap        ] GC(228) PSYoungGen: 101056K(182784K)->36544K(188416K) Eden: 36352K(36352K)->0K(36352K) From: 64704K(146432K)->36544K(152064K)
[20.764s][info][gc,heap        ] GC(228) ParOldGen: 3102994K(3228672K)->3168058K(3228672K)
[20.764s][info][gc,metaspace   ] GC(228) Metaspace: 6298K(6464K)->6298K(6464K) NonClass: 5765K(5824K)->5765K(5824K) Class: 533K(640K)->533K(640K)
[20.764s][info][gc             ] GC(228) Pause Young (Allocation Failure) 3128M->3129M(3337M) 61.407ms
[20.764s][info][gc,cpu         ] GC(228) User=0.30s Sys=0.00s Real=0.06s
[20.764s][info][gc,start       ] GC(229) Pause Full (Ergonomics)
[20.764s][info][gc,phases,start] GC(229) Marking Phase
[21.484s][info][gc,phases      ] GC(229) Marking Phase 719.869ms
[21.484s][info][gc,phases,start] GC(229) Summary Phase
[21.484s][info][gc,phases      ] GC(229) Summary Phase 0.079ms
[21.484s][info][gc,phases,start] GC(229) Adjust Roots
[21.484s][info][gc,phases      ] GC(229) Adjust Roots 0.161ms
[21.484s][info][gc,phases,start] GC(229) Compaction Phase
[21.773s][info][gc,phases      ] GC(229) Compaction Phase 288.824ms
[21.773s][info][gc,phases,start] GC(229) Post Compact
[21.779s][info][gc,phases      ] GC(229) Post Compact 5.802ms
[21.780s][info][gc,heap        ] GC(229) PSYoungGen: 36544K(188416K)->0K(193024K) Eden: 0K(36352K)->0K(41472K) From: 36544K(152064K)->0K(151552K)
[21.780s][info][gc,heap        ] GC(229) ParOldGen: 3168058K(3228672K)->3201958K(3567616K)
[21.780s][info][gc,metaspace   ] GC(229) Metaspace: 6298K(6464K)->6298K(6464K) NonClass: 5765K(5824K)->5765K(5824K) Class: 533K(640K)->533K(640K)
[21.780s][info][gc             ] GC(229) Pause Full (Ergonomics) 3129M->3126M(3672M) 1016.143ms
[21.780s][info][gc,cpu         ] GC(229) User=7.42s Sys=0.02s Real=1.02s
[21.826s][info][gc,start       ] GC(230) Pause Young (Allocation Failure)
[21.867s][info][gc,heap        ] GC(230) PSYoungGen: 41472K(193024K)->41696K(193024K) Eden: 41472K(41472K)->0K(41472K) From: 0K(151552K)->41696K(151552K)
[21.868s][info][gc,heap        ] GC(230) ParOldGen: 3201958K(3567616K)->3201958K(3567616K)
[21.868s][info][gc,metaspace   ] GC(230) Metaspace: 6298K(6464K)->6298K(6464K) NonClass: 5765K(5824K)->5765K(5824K) Class: 533K(640K)->533K(640K)
[21.868s][info][gc             ] GC(230) Pause Young (Allocation Failure) 3167M->3167M(3672M) 41.848ms
[21.868s][info][gc,cpu         ] GC(230) User=0.06s Sys=0.00s Real=0.04s
[21.911s][info][gc,start       ] GC(231) Pause Young (Allocation Failure)
[21.964s][info][gc,heap        ] GC(231) PSYoungGen: 83168K(193024K)->83200K(190464K) Eden: 41472K(41472K)->0K(46080K) From: 41696K(151552K)->83200K(144384K)
[21.964s][info][gc,heap        ] GC(231) ParOldGen: 3201958K(3567616K)->3201958K(3567616K)
[21.964s][info][gc,metaspace   ] GC(231) Metaspace: 6298K(6464K)->6298K(6464K) NonClass: 5765K(5824K)->5765K(5824K) Class: 533K(640K)->533K(640K)
[21.964s][info][gc             ] GC(231) Pause Young (Allocation Failure) 3208M->3208M(3670M) 53.207ms
[21.964s][info][gc,cpu         ] GC(231) User=0.14s Sys=0.00s Real=0.05s
[22.012s][info][gc,start       ] GC(232) Pause Young (Allocation Failure)
[22.080s][info][gc,heap        ] GC(232) PSYoungGen: 129280K(190464K)->129344K(192512K) Eden: 46080K(46080K)->0K(46080K) From: 83200K(144384K)->129344K(146432K)
[22.080s][info][gc,heap        ] GC(232) ParOldGen: 3201958K(3567616K)->3201958K(3567616K)
[22.080s][info][gc,metaspace   ] GC(232) Metaspace: 6298K(6464K)->6298K(6464K) NonClass: 5765K(5824K)->5765K(5824K) Class: 533K(640K)->533K(640K)
[22.080s][info][gc             ] GC(232) Pause Young (Allocation Failure) 3253M->3253M(3672M) 68.185ms
[22.080s][info][gc,cpu         ] GC(232) User=0.30s Sys=0.00s Real=0.07s
[22.130s][info][gc,start       ] GC(233) Pause Young (Allocation Failure)
[22.215s][info][gc,heap        ] GC(233) PSYoungGen: 175424K(192512K)->133952K(198656K) Eden: 46080K(46080K)->0K(38400K) From: 129344K(146432K)->133952K(160256K)
[22.216s][info][gc,heap        ] GC(233) ParOldGen: 3201958K(3567616K)->3243806K(3567616K)
[22.216s][info][gc,metaspace   ] GC(233) Metaspace: 6298K(6464K)->6298K(6464K) NonClass: 5765K(5824K)->5765K(5824K) Class: 533K(640K)->533K(640K)
[22.216s][info][gc             ] GC(233) Pause Young (Allocation Failure) 3298M->3298M(3678M) 85.204ms
[22.216s][info][gc,cpu         ] GC(233) User=0.45s Sys=0.09s Real=0.08s
[22.256s][info][gc,start       ] GC(234) Pause Young (Allocation Failure)
[22.340s][info][gc,heap        ] GC(234) PSYoungGen: 172352K(198656K)->130880K(211456K) Eden: 38400K(38400K)->0K(38400K) From: 133952K(160256K)->130880K(173056K)
[22.340s][info][gc,heap        ] GC(234) ParOldGen: 3243806K(3567616K)->3285654K(3567616K)
[22.340s][info][gc,metaspace   ] GC(234) Metaspace: 6298K(6464K)->6298K(6464K) NonClass: 5765K(5824K)->5765K(5824K) Class: 533K(640K)->533K(640K)
[22.340s][info][gc             ] GC(234) Pause Young (Allocation Failure) 3336M->3336M(3690M) 84.189ms
[22.340s][info][gc,cpu         ] GC(234) User=0.47s Sys=0.03s Real=0.09s
[22.381s][info][gc,start       ] GC(235) Pause Young (Allocation Failure)
[22.463s][info][gc,heap        ] GC(235) PSYoungGen: 169280K(211456K)->123168K(221184K) Eden: 38400K(38400K)->0K(39424K) From: 130880K(173056K)->123168K(181760K)
[22.463s][info][gc,heap        ] GC(235) ParOldGen: 3285654K(3567616K)->3332150K(3567616K)
[22.463s][info][gc,metaspace   ] GC(235) Metaspace: 6298K(6464K)->6298K(6464K) NonClass: 5765K(5824K)->5765K(5824K) Class: 533K(640K)->533K(640K)
[22.463s][info][gc             ] GC(235) Pause Young (Allocation Failure) 3373M->3374M(3700M) 81.738ms
[22.463s][info][gc,cpu         ] GC(235) User=0.50s Sys=0.03s Real=0.08s
[22.499s][info][gc,start       ] GC(236) Pause Young (Allocation Failure)
[22.580s][info][gc,heap        ] GC(236) PSYoungGen: 162592K(221184K)->78080K(117760K) Eden: 39424K(39424K)->0K(39424K) From: 123168K(181760K)->78080K(78336K)
[22.580s][info][gc,heap        ] GC(236) ParOldGen: 3332150K(3567616K)->3417358K(3567616K)
[22.580s][info][gc,metaspace   ] GC(236) Metaspace: 6298K(6464K)->6298K(6464K) NonClass: 5765K(5824K)->5765K(5824K) Class: 533K(640K)->533K(640K)
[22.580s][info][gc             ] GC(236) Pause Young (Allocation Failure) 3412M->3413M(3599M) 81.175ms
[22.580s][info][gc,cpu         ] GC(236) User=0.41s Sys=0.05s Real=0.08s
[22.618s][info][gc,start       ] GC(237) Pause Young (Allocation Failure)
[22.683s][info][gc,heap        ] GC(237) PSYoungGen: 117504K(117760K)->39616K(222720K) Eden: 39424K(39424K)->0K(44544K) From: 78080K(78336K)->39616K(178176K)
[22.683s][info][gc,heap        ] GC(237) ParOldGen: 3417358K(3567616K)->3495846K(3567616K)
[22.683s][info][gc,metaspace   ] GC(237) Metaspace: 6298K(6464K)->6298K(6464K) NonClass: 5765K(5824K)->5765K(5824K) Class: 533K(640K)->533K(640K)
[22.683s][info][gc             ] GC(237) Pause Young (Allocation Failure) 3452M->3452M(3701M) 65.347ms
[22.683s][info][gc,cpu         ] GC(237) User=0.31s Sys=0.02s Real=0.07s
[22.683s][info][gc,start       ] GC(238) Pause Full (Ergonomics)
[22.683s][info][gc,phases,start] GC(238) Marking Phase
[23.465s][info][gc,phases      ] GC(238) Marking Phase 781.698ms
[23.465s][info][gc,phases,start] GC(238) Summary Phase
[23.465s][info][gc,phases      ] GC(238) Summary Phase 0.089ms
[23.465s][info][gc,phases,start] GC(238) Adjust Roots
[23.465s][info][gc,phases      ] GC(238) Adjust Roots 0.163ms
[23.465s][info][gc,phases,start] GC(238) Compaction Phase
[23.790s][info][gc,phases      ] GC(238) Compaction Phase 324.780ms
[23.790s][info][gc,phases,start] GC(238) Post Compact
[23.797s][info][gc,phases      ] GC(238) Post Compact 6.430ms
[23.798s][info][gc,heap        ] GC(238) PSYoungGen: 39616K(222720K)->0K(222720K) Eden: 0K(44544K)->0K(44544K) From: 39616K(178176K)->0K(178176K)
[23.798s][info][gc,heap        ] GC(238) ParOldGen: 3495846K(3567616K)->3532450K(3948032K)
[23.798s][info][gc,metaspace   ] GC(238) Metaspace: 6298K(6464K)->6298K(6464K) NonClass: 5765K(5824K)->5765K(5824K) Class: 533K(640K)->533K(640K)
[23.798s][info][gc             ] GC(238) Pause Full (Ergonomics) 3452M->3449M(4073M) 1114.891ms
[23.798s][info][gc,cpu         ] GC(238) User=8.06s Sys=0.02s Real=1.11s
[23.844s][info][gc,start       ] GC(239) Pause Young (Allocation Failure)
[23.887s][info][gc,heap        ] GC(239) PSYoungGen: 44544K(222720K)->44704K(220672K) Eden: 44544K(44544K)->0K(49152K) From: 0K(178176K)->44704K(171520K)
[23.887s][info][gc,heap        ] GC(239) ParOldGen: 3532450K(3948032K)->3532450K(3948032K)
[23.887s][info][gc,metaspace   ] GC(239) Metaspace: 6298K(6464K)->6298K(6464K) NonClass: 5765K(5824K)->5765K(5824K) Class: 533K(640K)->533K(640K)
[23.887s][info][gc             ] GC(239) Pause Young (Allocation Failure) 3493M->3493M(4071M) 42.791ms
[23.887s][info][gc,cpu         ] GC(239) User=0.06s Sys=0.00s Real=0.04s
[23.940s][info][gc,start       ] GC(240) Pause Young (Allocation Failure)
[23.998s][info][gc,heap        ] GC(240) PSYoungGen: 93856K(220672K)->93984K(224768K) Eden: 49152K(49152K)->0K(49152K) From: 44704K(171520K)->93984K(175616K)
[23.998s][info][gc,heap        ] GC(240) ParOldGen: 3532450K(3948032K)->3532450K(3948032K)
[23.998s][info][gc,metaspace   ] GC(240) Metaspace: 6298K(6464K)->6298K(6464K) NonClass: 5765K(5824K)->5765K(5824K) Class: 533K(640K)->533K(640K)
[23.998s][info][gc             ] GC(240) Pause Young (Allocation Failure) 3541M->3541M(4075M) 57.593ms
[23.998s][info][gc,cpu         ] GC(240) User=0.27s Sys=0.00s Real=0.06s
[24.051s][info][gc,start       ] GC(241) Pause Young (Allocation Failure)
[24.125s][info][gc,heap        ] GC(241) PSYoungGen: 143136K(224768K)->143200K(211456K) Eden: 49152K(49152K)->0K(40448K) From: 93984K(175616K)->143200K(171008K)
[24.125s][info][gc,heap        ] GC(241) ParOldGen: 3532450K(3948032K)->3532450K(3948032K)
[24.125s][info][gc,metaspace   ] GC(241) Metaspace: 6298K(6464K)->6298K(6464K) NonClass: 5765K(5824K)->5765K(5824K) Class: 533K(640K)->533K(640K)
[24.125s][info][gc             ] GC(241) Pause Young (Allocation Failure) 3589M->3589M(4062M) 74.355ms
[24.125s][info][gc,cpu         ] GC(241) User=0.33s Sys=0.00s Real=0.07s
[24.165s][info][gc,start       ] GC(242) Pause Young (Allocation Failure)
[24.253s][info][gc,heap        ] GC(242) PSYoungGen: 183648K(211456K)->139136K(225280K) Eden: 40448K(40448K)->0K(40448K) From: 143200K(171008K)->139136K(184832K)
[24.253s][info][gc,heap        ] GC(242) ParOldGen: 3532450K(3948032K)->3577402K(3948032K)
[24.253s][info][gc,metaspace   ] GC(242) Metaspace: 6298K(6464K)->6298K(6464K) NonClass: 5765K(5824K)->5765K(5824K) Class: 533K(640K)->533K(640K)
[24.253s][info][gc             ] GC(242) Pause Young (Allocation Failure) 3629M->3629M(4075M) 88.355ms
[24.253s][info][gc,cpu         ] GC(242) User=0.62s Sys=0.02s Real=0.09s
[24.292s][info][gc,start       ] GC(243) Pause Young (Allocation Failure)
[24.379s][info][gc,heap        ] GC(243) PSYoungGen: 179584K(225280K)->130336K(235520K) Eden: 40448K(40448K)->0K(41472K) From: 139136K(184832K)->130336K(194048K)
[24.379s][info][gc,heap        ] GC(243) ParOldGen: 3577402K(3948032K)->3627002K(3948032K)
[24.379s][info][gc,metaspace   ] GC(243) Metaspace: 6298K(6464K)->6298K(6464K) NonClass: 5765K(5824K)->5765K(5824K) Class: 533K(640K)->533K(640K)
[24.379s][info][gc             ] GC(243) Pause Young (Allocation Failure) 3668M->3669M(4085M) 87.228ms
[24.379s][info][gc,cpu         ] GC(243) User=0.58s Sys=0.06s Real=0.09s
[24.418s][info][gc,start       ] GC(244) Pause Young (Allocation Failure)
[24.501s][info][gc,heap        ] GC(244) PSYoungGen: 171808K(235520K)->122688K(239104K) Eden: 41472K(41472K)->0K(41472K) From: 130336K(194048K)->122688K(197632K)
[24.501s][info][gc,heap        ] GC(244) ParOldGen: 3627002K(3948032K)->3676602K(3948032K)
[24.501s][info][gc,metaspace   ] GC(244) Metaspace: 6298K(6464K)->6298K(6464K) NonClass: 5765K(5824K)->5765K(5824K) Class: 533K(640K)->533K(640K)
[24.501s][info][gc             ] GC(244) Pause Young (Allocation Failure) 3709M->3710M(4089M) 83.144ms
[24.501s][info][gc,cpu         ] GC(244) User=0.50s Sys=0.02s Real=0.08s
[24.542s][info][gc,start       ] GC(245) Pause Young (Allocation Failure)
[24.623s][info][gc,heap        ] GC(245) PSYoungGen: 164160K(239104K)->83200K(229888K) Eden: 41472K(41472K)->0K(47104K) From: 122688K(197632K)->83200K(182784K)
[24.623s][info][gc,heap        ] GC(245) ParOldGen: 3676602K(3948032K)->3758202K(3948032K)
[24.623s][info][gc,metaspace   ] GC(245) Metaspace: 6298K(6464K)->6298K(6464K) NonClass: 5765K(5824K)->5765K(5824K) Class: 533K(640K)->533K(640K)
[24.623s][info][gc             ] GC(245) Pause Young (Allocation Failure) 3750M->3751M(4080M) 81.475ms
[24.623s][info][gc,cpu         ] GC(245) User=0.52s Sys=0.02s Real=0.08s
[24.678s][info][gc,start       ] GC(246) Pause Young (Allocation Failure)
[24.749s][info][gc,heap        ] GC(246) PSYoungGen: 130304K(229888K)->47296K(237056K) Eden: 47104K(47104K)->0K(47104K) From: 83200K(182784K)->47296K(189952K)
[24.749s][info][gc,heap        ] GC(246) ParOldGen: 3758202K(3948032K)->3841858K(3948032K)
[24.749s][info][gc,metaspace   ] GC(246) Metaspace: 6298K(6464K)->6298K(6464K) NonClass: 5765K(5824K)->5765K(5824K) Class: 533K(640K)->533K(640K)
[24.749s][info][gc             ] GC(246) Pause Young (Allocation Failure) 3797M->3798M(4087M) 70.723ms
[24.749s][info][gc,cpu         ] GC(246) User=0.47s Sys=0.03s Real=0.07s
[24.749s][info][gc,start       ] GC(247) Pause Full (Ergonomics)
[24.749s][info][gc,phases,start] GC(247) Marking Phase
[25.615s][info][gc,phases      ] GC(247) Marking Phase 866.203ms
[25.616s][info][gc,phases,start] GC(247) Summary Phase
[25.616s][info][gc,phases      ] GC(247) Summary Phase 0.094ms
[25.616s][info][gc,phases,start] GC(247) Adjust Roots
[25.616s][info][gc,phases      ] GC(247) Adjust Roots 0.168ms
[25.616s][info][gc,phases,start] GC(247) Compaction Phase
[25.951s][info][gc,phases      ] GC(247) Compaction Phase 335.158ms
[25.951s][info][gc,phases,start] GC(247) Post Compact
[25.958s][info][gc,phases      ] GC(247) Post Compact 7.182ms
[25.960s][info][gc,heap        ] GC(247) PSYoungGen: 47296K(237056K)->0K(242688K) Eden: 0K(47104K)->0K(53248K) From: 47296K(189952K)->0K(189440K)
[25.960s][info][gc,heap        ] GC(247) ParOldGen: 3841858K(3948032K)->3885991K(4346368K)
[25.960s][info][gc,metaspace   ] GC(247) Metaspace: 6298K(6464K)->6298K(6464K) NonClass: 5765K(5824K)->5765K(5824K) Class: 533K(640K)->533K(640K)
[25.960s][info][gc             ] GC(247) Pause Full (Ergonomics) 3798M->3794M(4481M) 1210.422ms
[25.960s][info][gc,cpu         ] GC(247) User=8.98s Sys=0.03s Real=1.21s
[26.017s][info][gc,start       ] GC(248) Pause Young (Allocation Failure)
[26.063s][info][gc,heap        ] GC(248) PSYoungGen: 53248K(242688K)->53472K(242688K) Eden: 53248K(53248K)->0K(53248K) From: 0K(189440K)->53472K(189440K)
[26.063s][info][gc,heap        ] GC(248) ParOldGen: 3885991K(4346368K)->3885991K(4346368K)
[26.063s][info][gc,metaspace   ] GC(248) Metaspace: 6298K(6464K)->6298K(6464K) NonClass: 5765K(5824K)->5765K(5824K) Class: 533K(640K)->533K(640K)
[26.063s][info][gc             ] GC(248) Pause Young (Allocation Failure) 3846M->3847M(4481M) 45.869ms
[26.063s][info][gc,cpu         ] GC(248) User=0.19s Sys=0.00s Real=0.05s
[26.115s][info][gc,start       ] GC(249) Pause Young (Allocation Failure)
[26.178s][info][gc,heap        ] GC(249) PSYoungGen: 106720K(242688K)->106784K(239616K) Eden: 53248K(53248K)->0K(58880K) From: 53472K(189440K)->106784K(180736K)
[26.178s][info][gc,heap        ] GC(249) ParOldGen: 3885991K(4346368K)->3885991K(4346368K)
[26.178s][info][gc,metaspace   ] GC(249) Metaspace: 6298K(6464K)->6298K(6464K) NonClass: 5765K(5824K)->5765K(5824K) Class: 533K(640K)->533K(640K)
[26.178s][info][gc             ] GC(249) Pause Young (Allocation Failure) 3899M->3899M(4478M) 62.823ms
[26.178s][info][gc,cpu         ] GC(249) User=0.19s Sys=0.00s Real=0.06s
[26.239s][info][gc,start       ] GC(250) Pause Young (Allocation Failure)
[26.322s][info][gc,heap        ] GC(250) PSYoungGen: 165664K(239616K)->165792K(242176K) Eden: 58880K(58880K)->0K(58880K) From: 106784K(180736K)->165792K(183296K)
[26.322s][info][gc,heap        ] GC(250) ParOldGen: 3885991K(4346368K)->3885991K(4346368K)
[26.322s][info][gc,metaspace   ] GC(250) Metaspace: 6298K(6464K)->6298K(6464K) NonClass: 5765K(5824K)->5765K(5824K) Class: 533K(640K)->533K(640K)
[26.322s][info][gc             ] GC(250) Pause Young (Allocation Failure) 3956M->3956M(4481M) 82.990ms
[26.322s][info][gc,cpu         ] GC(250) User=0.50s Sys=0.00s Real=0.08s
[26.389s][info][gc,start       ] GC(251) Pause Young (Allocation Failure)
[26.500s][info][gc,heap        ] GC(251) PSYoungGen: 224672K(242176K)->171456K(249856K) Eden: 58880K(58880K)->0K(48128K) From: 165792K(183296K)->171456K(201728K)
[26.501s][info][gc,heap        ] GC(251) ParOldGen: 3885991K(4346368K)->3939743K(4346368K)
[26.501s][info][gc,metaspace   ] GC(251) Metaspace: 6298K(6464K)->6298K(6464K) NonClass: 5765K(5824K)->5765K(5824K) Class: 533K(640K)->533K(640K)
[26.501s][info][gc             ] GC(251) Pause Young (Allocation Failure) 4014M->4014M(4488M) 111.109ms
[26.501s][info][gc,cpu         ] GC(251) User=0.66s Sys=0.11s Real=0.11s
[26.552s][info][gc,start       ] GC(252) Pause Young (Allocation Failure)
[26.658s][info][gc,heap        ] GC(252) PSYoungGen: 219584K(249856K)->166272K(266752K) Eden: 48128K(48128K)->0K(48128K) From: 171456K(201728K)->166272K(218624K)
[26.658s][info][gc,heap        ] GC(252) ParOldGen: 3939743K(4346368K)->3993471K(4346368K)
[26.658s][info][gc,metaspace   ] GC(252) Metaspace: 6298K(6464K)->6298K(6464K) NonClass: 5765K(5824K)->5765K(5824K) Class: 533K(640K)->533K(640K)
[26.658s][info][gc             ] GC(252) Pause Young (Allocation Failure) 4061M->4062M(4505M) 106.169ms
[26.658s][info][gc,cpu         ] GC(252) User=0.75s Sys=0.00s Real=0.11s
[26.704s][info][gc,start       ] GC(253) Pause Young (Allocation Failure)
[26.808s][info][gc,heap        ] GC(253) PSYoungGen: 214400K(266752K)->155520K(279040K) Eden: 48128K(48128K)->0K(49152K) From: 166272K(218624K)->155520K(229888K)
[26.808s][info][gc,heap        ] GC(253) ParOldGen: 3993471K(4346368K)->4052895K(4346368K)
[26.808s][info][gc,metaspace   ] GC(253) Metaspace: 6298K(6464K)->6298K(6464K) NonClass: 5765K(5824K)->5765K(5824K) Class: 533K(640K)->533K(640K)
[26.808s][info][gc             ] GC(253) Pause Young (Allocation Failure) 4109M->4109M(4517M) 104.520ms
[26.808s][info][gc,cpu         ] GC(253) User=0.83s Sys=0.05s Real=0.10s
[26.859s][info][gc,start       ] GC(254) Pause Young (Allocation Failure)
[26.960s][info][gc,heap        ] GC(254) PSYoungGen: 204672K(279040K)->97600K(146944K) Eden: 49152K(49152K)->0K(49152K) From: 155520K(229888K)->97600K(97792K)
[26.960s][info][gc,heap        ] GC(254) ParOldGen: 4052895K(4346368K)->4160871K(4346368K)
[26.960s][info][gc,metaspace   ] GC(254) Metaspace: 6298K(6464K)->6298K(6464K) NonClass: 5765K(5824K)->5765K(5824K) Class: 533K(640K)->533K(640K)
[26.960s][info][gc             ] GC(254) Pause Young (Allocation Failure) 4157M->4158M(4388M) 100.978ms
[26.960s][info][gc,cpu         ] GC(254) User=0.67s Sys=0.03s Real=0.10s
[27.018s][info][gc,start       ] GC(255) Pause Young (Allocation Failure)
[27.096s][info][gc,heap        ] GC(255) PSYoungGen: 146752K(146944K)->49312K(281600K) Eden: 49152K(49152K)->0K(55808K) From: 97600K(97792K)->49312K(225792K)
[27.096s][info][gc,heap        ] GC(255) ParOldGen: 4160871K(4346368K)->4259015K(4346368K)
[27.096s][info][gc,metaspace   ] GC(255) Metaspace: 6298K(6464K)->6298K(6464K) NonClass: 5765K(5824K)->5765K(5824K) Class: 533K(640K)->533K(640K)
[27.096s][info][gc             ] GC(255) Pause Young (Allocation Failure) 4206M->4207M(4519M) 77.881ms
[27.096s][info][gc,cpu         ] GC(255) User=0.48s Sys=0.03s Real=0.08s
[27.096s][info][gc,start       ] GC(256) Pause Full (Ergonomics)
[27.096s][info][gc,phases,start] GC(256) Marking Phase
[28.063s][info][gc,phases      ] GC(256) Marking Phase 966.694ms
[28.063s][info][gc,phases,start] GC(256) Summary Phase
[28.063s][info][gc,phases      ] GC(256) Summary Phase 0.102ms
[28.063s][info][gc,phases,start] GC(256) Adjust Roots
[28.063s][info][gc,phases      ] GC(256) Adjust Roots 0.158ms
[28.063s][info][gc,phases,start] GC(256) Compaction Phase
[28.427s][info][gc,phases      ] GC(256) Compaction Phase 364.157ms
[28.427s][info][gc,phases,start] GC(256) Post Compact
[28.434s][info][gc,phases      ] GC(256) Post Compact 6.285ms
[28.435s][info][gc,heap        ] GC(256) PSYoungGen: 49312K(281600K)->0K(281600K) Eden: 0K(55808K)->0K(55808K) From: 49312K(225792K)->0K(225792K)
[28.435s][info][gc,heap        ] GC(256) ParOldGen: 4259015K(4346368K)->4304543K(4824064K)
[28.435s][info][gc,metaspace   ] GC(256) Metaspace: 6298K(6464K)->6298K(6464K) NonClass: 5765K(5824K)->5765K(5824K) Class: 533K(640K)->533K(640K)
[28.435s][info][gc             ] GC(256) Pause Full (Ergonomics) 4207M->4203M(4986M) 1339.196ms
[28.435s][info][gc,cpu         ] GC(256) User=9.98s Sys=0.02s Real=1.34s
[28.502s][info][gc,start       ] GC(257) Pause Young (Allocation Failure)
[28.554s][info][gc,heap        ] GC(257) PSYoungGen: 55808K(281600K)->56000K(279552K) Eden: 55808K(55808K)->0K(61440K) From: 0K(225792K)->56000K(218112K)
[28.554s][info][gc,heap        ] GC(257) ParOldGen: 4304543K(4824064K)->4304543K(4824064K)
[28.554s][info][gc,metaspace   ] GC(257) Metaspace: 6298K(6464K)->6298K(6464K) NonClass: 5765K(5824K)->5765K(5824K) Class: 533K(640K)->533K(640K)
[28.554s][info][gc             ] GC(257) Pause Young (Allocation Failure) 4258M->4258M(4984M) 51.291ms
[28.554s][info][gc,cpu         ] GC(257) User=0.17s Sys=0.00s Real=0.05s
[28.616s][info][gc,start       ] GC(258) Pause Young (Allocation Failure)
[28.684s][info][gc,heap        ] GC(258) PSYoungGen: 117440K(279552K)->117536K(179200K) Eden: 61440K(61440K)->0K(61440K) From: 56000K(218112K)->117536K(117760K)
[28.684s][info][gc,heap        ] GC(258) ParOldGen: 4304543K(4824064K)->4304543K(4824064K)
[28.684s][info][gc,metaspace   ] GC(258) Metaspace: 6298K(6464K)->6298K(6464K) NonClass: 5765K(5824K)->5765K(5824K) Class: 533K(640K)->533K(640K)
[28.684s][info][gc             ] GC(258) Pause Young (Allocation Failure) 4318M->4318M(4886M) 68.455ms
[28.684s][info][gc,cpu         ] GC(258) User=0.30s Sys=0.00s Real=0.07s
[28.745s][info][gc,start       ] GC(259) Pause Young (Allocation Failure)
[28.835s][info][gc,heap        ] GC(259) PSYoungGen: 178976K(179200K)->179104K(266752K) Eden: 61440K(61440K)->0K(50688K) From: 117536K(117760K)->179104K(216064K)
[28.835s][info][gc,heap        ] GC(259) ParOldGen: 4304543K(4824064K)->4304543K(4824064K)
[28.835s][info][gc,metaspace   ] GC(259) Metaspace: 6298K(6464K)->6298K(6464K) NonClass: 5765K(5824K)->5765K(5824K) Class: 533K(640K)->533K(640K)
[28.835s][info][gc             ] GC(259) Pause Young (Allocation Failure) 4378M->4378M(4971M) 90.069ms
[28.835s][info][gc,cpu         ] GC(259) User=0.59s Sys=0.03s Real=0.09s
[28.894s][info][gc,start       ] GC(260) Pause Young (Allocation Failure)
[29.013s][info][gc,heap        ] GC(260) PSYoungGen: 229792K(266752K)->173984K(283648K) Eden: 50688K(50688K)->0K(50688K) From: 179104K(216064K)->173984K(232960K)
[29.013s][info][gc,heap        ] GC(260) ParOldGen: 4304543K(4824064K)->4360871K(4824064K)
[29.013s][info][gc,metaspace   ] GC(260) Metaspace: 6298K(6464K)->6298K(6464K) NonClass: 5765K(5824K)->5765K(5824K) Class: 533K(640K)->533K(640K)
[29.013s][info][gc             ] GC(260) Pause Young (Allocation Failure) 4428M->4428M(4988M) 119.698ms
[29.013s][info][gc,cpu         ] GC(260) User=0.75s Sys=0.03s Real=0.12s
[29.075s][info][gc,start       ] GC(261) Pause Young (Allocation Failure)
[29.192s][info][gc,heap        ] GC(261) PSYoungGen: 224672K(283648K)->163232K(295936K) Eden: 50688K(50688K)->0K(52224K) From: 173984K(232960K)->163232K(243712K)
[29.192s][info][gc,heap        ] GC(261) ParOldGen: 4360871K(4824064K)->4422871K(4824064K)
[29.192s][info][gc,metaspace   ] GC(261) Metaspace: 6298K(6464K)->6298K(6464K) NonClass: 5765K(5824K)->5765K(5824K) Class: 533K(640K)->533K(640K)
[29.192s][info][gc             ] GC(261) Pause Young (Allocation Failure) 4478M->4478M(5000M) 117.458ms
[29.192s][info][gc,cpu         ] GC(261) User=0.75s Sys=0.02s Real=0.12s
[29.252s][info][gc,start       ] GC(262) Pause Young (Allocation Failure)
[29.369s][info][gc,heap        ] GC(262) PSYoungGen: 215456K(295936K)->153984K(300032K) Eden: 52224K(52224K)->0K(52224K) From: 163232K(243712K)->153984K(247808K)
[29.369s][info][gc,heap        ] GC(262) ParOldGen: 4422871K(4824064K)->4484871K(4824064K)
[29.369s][info][gc,metaspace   ] GC(262) Metaspace: 6298K(6464K)->6298K(6464K) NonClass: 5765K(5824K)->5765K(5824K) Class: 533K(640K)->533K(640K)
[29.369s][info][gc             ] GC(262) Pause Young (Allocation Failure) 4529M->4530M(5004M) 117.074ms
[29.369s][info][gc,cpu         ] GC(262) User=0.66s Sys=0.03s Real=0.12s
[29.422s][info][gc,start       ] GC(263) Pause Young (Allocation Failure)
[29.530s][info][gc,heap        ] GC(263) PSYoungGen: 206208K(300032K)->155488K(304128K) Eden: 52224K(52224K)->0K(58880K) From: 153984K(247808K)->155488K(245248K)
[29.530s][info][gc,heap        ] GC(263) ParOldGen: 4484871K(4824064K)->4536023K(4824064K)
[29.530s][info][gc,metaspace   ] GC(263) Metaspace: 6298K(6464K)->6298K(6464K) NonClass: 5765K(5824K)->5765K(5824K) Class: 533K(640K)->533K(640K)
[29.531s][info][gc             ] GC(263) Pause Young (Allocation Failure) 4581M->4581M(5008M) 108.111ms
[29.531s][info][gc,cpu         ] GC(263) User=0.86s Sys=0.02s Real=0.11s
[29.594s][info][gc,start       ] GC(264) Pause Young (Allocation Failure)
[29.711s][info][gc,heap        ] GC(264) PSYoungGen: 214368K(304128K)->111424K(170496K) Eden: 58880K(58880K)->0K(58880K) From: 155488K(245248K)->111424K(111616K)
[29.711s][info][gc,heap        ] GC(264) ParOldGen: 4536023K(4824064K)->4639847K(4824064K)
[29.711s][info][gc,metaspace   ] GC(264) Metaspace: 6298K(6464K)->6298K(6464K) NonClass: 5765K(5824K)->5765K(5824K) Class: 533K(640K)->533K(640K)
[29.711s][info][gc             ] GC(264) Pause Young (Allocation Failure) 4639M->4639M(4877M) 116.925ms
[29.711s][info][gc,cpu         ] GC(264) User=0.86s Sys=0.03s Real=0.12s
[29.781s][info][gc,start       ] GC(265) Pause Young (Allocation Failure)
[29.874s][info][gc,heap        ] GC(265) PSYoungGen: 170304K(170496K)->59072K(303104K) Eden: 58880K(58880K)->0K(66048K) From: 111424K(111616K)->59072K(237056K)
[29.874s][info][gc,heap        ] GC(265) ParOldGen: 4639847K(4824064K)->4751935K(4824064K)
[29.874s][info][gc,metaspace   ] GC(265) Metaspace: 6298K(6464K)->6298K(6464K) NonClass: 5765K(5824K)->5765K(5824K) Class: 533K(640K)->533K(640K)
[29.874s][info][gc             ] GC(265) Pause Young (Allocation Failure) 4697M->4698M(5007M) 93.051ms
[29.874s][info][gc,cpu         ] GC(265) User=0.55s Sys=0.09s Real=0.09s
[29.874s][info][gc,start       ] GC(266) Pause Full (Ergonomics)
[29.874s][info][gc,phases,start] GC(266) Marking Phase
[30.950s][info][gc,phases      ] GC(266) Marking Phase 1075.520ms
[30.950s][info][gc,phases,start] GC(266) Summary Phase
[30.950s][info][gc,phases      ] GC(266) Summary Phase 0.115ms
[30.950s][info][gc,phases,start] GC(266) Adjust Roots
[30.950s][info][gc,phases      ] GC(266) Adjust Roots 0.172ms
[30.950s][info][gc,phases,start] GC(266) Compaction Phase
[31.349s][info][gc,phases      ] GC(266) Compaction Phase 398.567ms
[31.349s][info][gc,phases,start] GC(266) Post Compact
[31.356s][info][gc,phases      ] GC(266) Post Compact 6.971ms
[31.357s][info][gc,heap        ] GC(266) PSYoungGen: 59072K(303104K)->0K(303616K) Eden: 0K(66048K)->0K(66048K) From: 59072K(237056K)->0K(237568K)
[31.358s][info][gc,heap        ] GC(266) ParOldGen: 4751935K(4824064K)->4806517K(5376000K)
[31.358s][info][gc,metaspace   ] GC(266) Metaspace: 6298K(6464K)->6298K(6464K) NonClass: 5765K(5824K)->5765K(5824K) Class: 533K(640K)->533K(640K)
[31.358s][info][gc             ] GC(266) Pause Full (Ergonomics) 4698M->4693M(5546M) 1483.363ms
[31.358s][info][gc,cpu         ] GC(266) User=11.31s Sys=0.02s Real=1.48s
[31.427s][info][gc,start       ] GC(267) Pause Young (Allocation Failure)
[31.480s][info][gc,heap        ] GC(267) PSYoungGen: 66048K(303616K)->66240K(303616K) Eden: 66048K(66048K)->0K(72704K) From: 0K(237568K)->66240K(230912K)
[31.480s][info][gc,heap        ] GC(267) ParOldGen: 4806517K(5376000K)->4806517K(5376000K)
[31.480s][info][gc,metaspace   ] GC(267) Metaspace: 6298K(6464K)->6298K(6464K) NonClass: 5765K(5824K)->5765K(5824K) Class: 533K(640K)->533K(640K)
[31.481s][info][gc             ] GC(267) Pause Young (Allocation Failure) 4758M->4758M(5546M) 53.299ms
[31.481s][info][gc,cpu         ] GC(267) User=0.20s Sys=0.00s Real=0.05s
[31.554s][info][gc,start       ] GC(268) Pause Young (Allocation Failure)
[31.629s][info][gc,heap        ] GC(268) PSYoungGen: 138944K(303616K)->139072K(307712K) Eden: 72704K(72704K)->0K(72704K) From: 66240K(230912K)->139072K(235008K)
[31.629s][info][gc,heap        ] GC(268) ParOldGen: 4806517K(5376000K)->4806517K(5376000K)
[31.629s][info][gc,metaspace   ] GC(268) Metaspace: 6298K(6464K)->6298K(6464K) NonClass: 5765K(5824K)->5765K(5824K) Class: 533K(640K)->533K(640K)
[31.629s][info][gc             ] GC(268) Pause Young (Allocation Failure) 4829M->4829M(5550M) 75.061ms
[31.629s][info][gc,cpu         ] GC(268) User=0.52s Sys=0.00s Real=0.07s
[31.709s][info][gc,start       ] GC(269) Pause Young (Allocation Failure)
[31.814s][info][gc,heap        ] GC(269) PSYoungGen: 211776K(307712K)->211968K(287744K) Eden: 72704K(72704K)->0K(55808K) From: 139072K(235008K)->211968K(231936K)
[31.814s][info][gc,heap        ] GC(269) ParOldGen: 4806517K(5376000K)->4806517K(5376000K)
[31.814s][info][gc,metaspace   ] GC(269) Metaspace: 6298K(6464K)->6298K(6464K) NonClass: 5765K(5824K)->5765K(5824K) Class: 533K(640K)->533K(640K)
[31.814s][info][gc             ] GC(269) Pause Young (Allocation Failure) 4900M->4900M(5531M) 104.734ms
[31.814s][info][gc,cpu         ] GC(269) User=0.69s Sys=0.06s Real=0.11s
[31.878s][info][gc,start       ] GC(270) Pause Young (Allocation Failure)
[32.022s][info][gc,heap        ] GC(270) PSYoungGen: 267776K(287744K)->201696K(311808K) Eden: 55808K(55808K)->0K(55808K) From: 211968K(231936K)->201696K(256000K)
[32.022s][info][gc,heap        ] GC(270) ParOldGen: 4806517K(5376000K)->4873165K(5376000K)
[32.022s][info][gc,metaspace   ] GC(270) Metaspace: 6298K(6464K)->6298K(6464K) NonClass: 5765K(5824K)->5765K(5824K) Class: 533K(640K)->533K(640K)
[32.022s][info][gc             ] GC(270) Pause Young (Allocation Failure) 4955M->4955M(5554M) 144.638ms
[32.022s][info][gc,cpu         ] GC(270) User=1.02s Sys=0.00s Real=0.15s
[32.082s][info][gc,start       ] GC(271) Pause Young (Allocation Failure)
[32.225s][info][gc,heap        ] GC(271) PSYoungGen: 257504K(311808K)->184704K(328192K) Eden: 55808K(55808K)->0K(57344K) From: 201696K(256000K)->184704K(270848K)
[32.225s][info][gc,heap        ] GC(271) ParOldGen: 4873165K(5376000K)->4946549K(5376000K)
[32.225s][info][gc,metaspace   ] GC(271) Metaspace: 6298K(6464K)->6298K(6464K) NonClass: 5765K(5824K)->5765K(5824K) Class: 533K(640K)->533K(640K)
[32.225s][info][gc             ] GC(271) Pause Young (Allocation Failure) 5010M->5010M(5570M) 142.902ms
[32.225s][info][gc,cpu         ] GC(271) User=0.94s Sys=0.05s Real=0.14s
[32.288s][info][gc,start       ] GC(272) Pause Young (Allocation Failure)
[32.420s][info][gc,heap        ] GC(272) PSYoungGen: 242048K(328192K)->169376K(333312K) Eden: 57344K(57344K)->0K(57344K) From: 184704K(270848K)->169376K(275968K)
[32.420s][info][gc,heap        ] GC(272) ParOldGen: 4946549K(5376000K)->5019925K(5376000K)
[32.420s][info][gc,metaspace   ] GC(272) Metaspace: 6298K(6464K)->6298K(6464K) NonClass: 5765K(5824K)->5765K(5824K) Class: 533K(640K)->533K(640K)
[32.420s][info][gc             ] GC(272) Pause Young (Allocation Failure) 5066M->5067M(5575M) 132.383ms
[32.420s][info][gc,cpu         ] GC(272) User=0.88s Sys=0.02s Real=0.13s
[32.484s][info][gc,start       ] GC(273) Pause Young (Allocation Failure)
[32.611s][info][gc,heap        ] GC(273) PSYoungGen: 226720K(333312K)->115008K(321536K) Eden: 57344K(57344K)->0K(65024K) From: 169376K(275968K)->115008K(256512K)
[32.611s][info][gc,heap        ] GC(273) ParOldGen: 5019925K(5376000K)->5132509K(5376000K)
[32.611s][info][gc,metaspace   ] GC(273) Metaspace: 6298K(6464K)->6298K(6464K) NonClass: 5765K(5824K)->5765K(5824K) Class: 533K(640K)->533K(640K)
[32.611s][info][gc             ] GC(273) Pause Young (Allocation Failure) 5123M->5124M(5564M) 126.636ms
[32.611s][info][gc,cpu         ] GC(273) User=1.00s Sys=0.00s Real=0.13s
[32.681s][info][gc,start       ] GC(274) Pause Young (Allocation Failure)
[32.782s][info][gc,heap        ] GC(274) PSYoungGen: 180032K(321536K)->65280K(329728K) Eden: 65024K(65024K)->0K(65024K) From: 115008K(256512K)->65280K(264704K)
[32.782s][info][gc,heap        ] GC(274) ParOldGen: 5132509K(5376000K)->5248213K(5376000K)
[32.782s][info][gc,metaspace   ] GC(274) Metaspace: 6298K(6464K)->6298K(6464K) NonClass: 5765K(5824K)->5765K(5824K) Class: 533K(640K)->533K(640K)
[32.782s][info][gc             ] GC(274) Pause Young (Allocation Failure) 5188M->5188M(5572M) 100.572ms
[32.782s][info][gc,cpu         ] GC(274) User=0.47s Sys=0.17s Real=0.10s
[32.782s][info][gc,start       ] GC(275) Pause Full (Ergonomics)
[32.782s][info][gc,phases,start] GC(275) Marking Phase
[33.964s][info][gc,phases      ] GC(275) Marking Phase 1182.541ms
[33.964s][info][gc,phases,start] GC(275) Summary Phase
[33.964s][info][gc,phases      ] GC(275) Summary Phase 0.121ms
[33.965s][info][gc,phases,start] GC(275) Adjust Roots
[33.965s][info][gc,phases      ] GC(275) Adjust Roots 0.166ms
[33.965s][info][gc,phases,start] GC(275) Compaction Phase
[34.388s][info][gc,phases      ] GC(275) Compaction Phase 423.591ms
[34.388s][info][gc,phases,start] GC(275) Post Compact
[34.396s][info][gc,phases      ] GC(275) Post Compact 7.789ms
[34.398s][info][gc,heap        ] GC(275) PSYoungGen: 65280K(329728K)->0K(338432K) Eden: 0K(65024K)->0K(73216K) From: 65280K(264704K)->0K(265216K)
[34.398s][info][gc,heap        ] GC(275) ParOldGen: 5248213K(5376000K)->5309049K(5940224K)
[34.398s][info][gc,metaspace   ] GC(275) Metaspace: 6298K(6464K)->6298K(6464K) NonClass: 5765K(5824K)->5765K(5824K) Class: 533K(640K)->533K(640K)
[34.398s][info][gc             ] GC(275) Pause Full (Ergonomics) 5188M->5184M(6131M) 1616.181ms
[34.398s][info][gc,cpu         ] GC(275) User=12.23s Sys=0.05s Real=1.62s
[34.481s][info][gc,start       ] GC(276) Pause Young (Allocation Failure)
[34.536s][info][gc,heap        ] GC(276) PSYoungGen: 73216K(338432K)->73472K(338432K) Eden: 73216K(73216K)->0K(73216K) From: 0K(265216K)->73472K(265216K)
[34.536s][info][gc,heap        ] GC(276) ParOldGen: 5309049K(5940224K)->5309049K(5940224K)
[34.536s][info][gc,metaspace   ] GC(276) Metaspace: 6298K(6464K)->6298K(6464K) NonClass: 5765K(5824K)->5765K(5824K) Class: 533K(640K)->533K(640K)
[34.536s][info][gc             ] GC(276) Pause Young (Allocation Failure) 5256M->5256M(6131M) 55.330ms
[34.536s][info][gc,cpu         ] GC(276) User=0.19s Sys=0.00s Real=0.06s
[34.618s][info][gc,start       ] GC(277) Pause Young (Allocation Failure)
[34.699s][info][gc,heap        ] GC(277) PSYoungGen: 146688K(338432K)->146784K(330752K) Eden: 73216K(73216K)->0K(80384K) From: 73472K(265216K)->146784K(250368K)
[34.699s][info][gc,heap        ] GC(277) ParOldGen: 5309049K(5940224K)->5309049K(5940224K)
[34.699s][info][gc,metaspace   ] GC(277) Metaspace: 6298K(6464K)->6298K(6464K) NonClass: 5765K(5824K)->5765K(5824K) Class: 533K(640K)->533K(640K)
[34.699s][info][gc             ] GC(277) Pause Young (Allocation Failure) 5327M->5327M(6124M) 81.237ms
[34.699s][info][gc,cpu         ] GC(277) User=0.52s Sys=0.00s Real=0.08s
[34.790s][info][gc,start       ] GC(278) Pause Young (Allocation Failure)
[34.913s][info][gc,heap        ] GC(278) PSYoungGen: 227168K(330752K)->227392K(336384K) Eden: 80384K(80384K)->0K(80384K) From: 146784K(250368K)->227392K(256000K)
[34.913s][info][gc,heap        ] GC(278) ParOldGen: 5309049K(5940224K)->5309049K(5940224K)
[34.913s][info][gc,metaspace   ] GC(278) Metaspace: 6298K(6464K)->6298K(6464K) NonClass: 5765K(5824K)->5765K(5824K) Class: 533K(640K)->533K(640K)
[34.913s][info][gc             ] GC(278) Pause Young (Allocation Failure) 5406M->5406M(6129M) 123.255ms
[34.913s][info][gc,cpu         ] GC(278) User=0.89s Sys=0.00s Real=0.12s
[35.004s][info][gc,start       ] GC(279) Pause Young (Allocation Failure)
[35.180s][info][gc,heap        ] GC(279) PSYoungGen: 307776K(336384K)->234528K(346624K) Eden: 80384K(80384K)->0K(67072K) From: 227392K(256000K)->234528K(279552K)
[35.180s][info][gc,heap        ] GC(279) ParOldGen: 5309049K(5940224K)->5382913K(5940224K)
[35.180s][info][gc,metaspace   ] GC(279) Metaspace: 6298K(6464K)->6298K(6464K) NonClass: 5765K(5824K)->5765K(5824K) Class: 533K(640K)->533K(640K)
[35.180s][info][gc             ] GC(279) Pause Young (Allocation Failure) 5485M->5485M(6139M) 176.338ms
[35.180s][info][gc,cpu         ] GC(279) User=1.17s Sys=0.08s Real=0.18s
[35.259s][info][gc,start       ] GC(280) Pause Young (Allocation Failure)
[35.433s][info][gc,heap        ] GC(280) PSYoungGen: 301600K(346624K)->228352K(368128K) Eden: 67072K(67072K)->0K(67072K) From: 234528K(279552K)->228352K(301056K)
[35.433s][info][gc,heap        ] GC(280) ParOldGen: 5382913K(5940224K)->5456809K(5940224K)
[35.433s][info][gc,metaspace   ] GC(280) Metaspace: 6298K(6464K)->6298K(6464K) NonClass: 5765K(5824K)->5765K(5824K) Class: 533K(640K)->533K(640K)
[35.433s][info][gc             ] GC(280) Pause Young (Allocation Failure) 5551M->5551M(6160M) 173.980ms
[35.433s][info][gc,cpu         ] GC(280) User=1.12s Sys=0.11s Real=0.17s
[35.514s][info][gc,start       ] GC(281) Pause Young (Allocation Failure)
[35.684s][info][gc,heap        ] GC(281) PSYoungGen: 295424K(368128K)->215008K(385536K) Eden: 67072K(67072K)->0K(69632K) From: 228352K(301056K)->215008K(315904K)
[35.684s][info][gc,heap        ] GC(281) ParOldGen: 5456809K(5940224K)->5537913K(5940224K)
[35.684s][info][gc,metaspace   ] GC(281) Metaspace: 6298K(6464K)->6298K(6464K) NonClass: 5765K(5824K)->5765K(5824K) Class: 533K(640K)->533K(640K)
[35.684s][info][gc             ] GC(281) Pause Young (Allocation Failure) 5617M->5618M(6177M) 170.396ms
[35.684s][info][gc,cpu         ] GC(281) User=1.22s Sys=0.05s Real=0.17s
[36.887s][info][gc,start       ] GC(282) Pause Full (Ergonomics)
[36.887s][info][gc,phases,start] GC(282) Marking Phase
[38.220s][info][gc,phases      ] GC(282) Marking Phase 1332.506ms
[38.220s][info][gc,phases,start] GC(282) Summary Phase
[38.220s][info][gc,phases      ] GC(282) Summary Phase 0.079ms
[38.220s][info][gc,phases,start] GC(282) Adjust Roots
[38.220s][info][gc,phases      ] GC(282) Adjust Roots 0.190ms
[38.220s][info][gc,phases,start] GC(282) Compaction Phase
[39.314s][info][gc,phases      ] GC(282) Compaction Phase 1094.539ms
[39.315s][info][gc,phases,start] GC(282) Post Compact
[39.325s][info][gc,phases      ] GC(282) Post Compact 10.188ms
[39.327s][info][gc,heap        ] GC(282) PSYoungGen: 284640K(385536K)->11073K(385536K) Eden: 69632K(69632K)->0K(69632K) From: 215008K(315904K)->11073K(315904K)
[39.327s][info][gc,heap        ] GC(282) ParOldGen: 5800057K(5940224K)->5939801K(6605824K)
[39.327s][info][gc,metaspace   ] GC(282) Metaspace: 6298K(6464K)->6298K(6464K) NonClass: 5765K(5824K)->5765K(5824K) Class: 533K(640K)->533K(640K)
[39.327s][info][gc             ] GC(282) Pause Full (Ergonomics) 5942M->5811M(6827M) 2440.012ms
[39.327s][info][gc,cpu         ] GC(282) User=17.50s Sys=0.12s Real=2.44s
[39.401s][info][gc,start       ] GC(283) Pause Young (Allocation Failure)
[39.697s][info][gc,heap        ] GC(283) PSYoungGen: 80705K(385536K)->74752K(391168K) Eden: 69632K(69632K)->0K(69632K) From: 11073K(315904K)->74752K(321536K)
[39.697s][info][gc,heap        ] GC(283) ParOldGen: 5939801K(6605824K)->5946089K(6605824K)
[39.697s][info][gc,metaspace   ] GC(283) Metaspace: 6298K(6464K)->6298K(6464K) NonClass: 5765K(5824K)->5765K(5824K) Class: 533K(640K)->533K(640K)
[39.697s][info][gc             ] GC(283) Pause Young (Allocation Failure) 5879M->5879M(6833M) 296.246ms
[39.697s][info][gc,cpu         ] GC(283) User=1.95s Sys=0.02s Real=0.30s
[39.773s][info][gc,start       ] GC(284) Pause Young (Allocation Failure)
[39.884s][info][gc,heap        ] GC(284) PSYoungGen: 144384K(391168K)->144480K(367616K) Eden: 69632K(69632K)->0K(77312K) From: 74752K(321536K)->144480K(290304K)
[39.884s][info][gc,heap        ] GC(284) ParOldGen: 5946089K(6605824K)->5946089K(6605824K)
[39.884s][info][gc,metaspace   ] GC(284) Metaspace: 6298K(6464K)->6298K(6464K) NonClass: 5765K(5824K)->5765K(5824K) Class: 533K(640K)->533K(640K)
[39.884s][info][gc             ] GC(284) Pause Young (Allocation Failure) 5947M->5947M(6810M) 110.988ms
[39.884s][info][gc,cpu         ] GC(284) User=0.44s Sys=0.00s Real=0.11s
[39.957s][info][gc,start       ] GC(285) Pause Young (Allocation Failure)
[40.089s][info][gc,heap        ] GC(285) PSYoungGen: 221792K(367616K)->217088K(382464K) Eden: 77312K(77312K)->0K(77312K) From: 144480K(290304K)->217088K(305152K)
[40.089s][info][gc,heap        ] GC(285) ParOldGen: 5946089K(6605824K)->5951033K(6605824K)
[40.089s][info][gc,metaspace   ] GC(285) Metaspace: 6298K(6464K)->6298K(6464K) NonClass: 5765K(5824K)->5765K(5824K) Class: 533K(640K)->533K(640K)
[40.089s][info][gc             ] GC(285) Pause Young (Allocation Failure) 6023M->6023M(6824M) 131.820ms
[40.089s][info][gc,cpu         ] GC(285) User=0.56s Sys=0.00s Real=0.13s
[40.173s][info][gc,start       ] GC(286) Pause Young (Allocation Failure)
[40.328s][info][gc,heap        ] GC(286) PSYoungGen: 294400K(382464K)->224800K(390656K) Eden: 77312K(77312K)->0K(76800K) From: 217088K(305152K)->224800K(313856K)
[40.328s][info][gc,heap        ] GC(286) ParOldGen: 5951033K(6605824K)->6021281K(6605824K)
[40.328s][info][gc,metaspace   ] GC(286) Metaspace: 6298K(6464K)->6298K(6464K) NonClass: 5765K(5824K)->5765K(5824K) Class: 533K(640K)->533K(640K)
[40.328s][info][gc             ] GC(286) Pause Young (Allocation Failure) 6099M->6099M(6832M) 154.976ms
[40.328s][info][gc,cpu         ] GC(286) User=0.81s Sys=0.05s Real=0.15s
[40.408s][info][gc,start       ] GC(287) Pause Young (Allocation Failure)
[40.560s][info][gc,heap        ] GC(287) PSYoungGen: 301600K(390656K)->232000K(399872K) Eden: 76800K(76800K)->0K(76800K) From: 224800K(313856K)->232000K(323072K)
[40.560s][info][gc,heap        ] GC(287) ParOldGen: 6021281K(6605824K)->6091537K(6605824K)
[40.560s][info][gc,metaspace   ] GC(287) Metaspace: 6298K(6464K)->6298K(6464K) NonClass: 5765K(5824K)->5765K(5824K) Class: 533K(640K)->533K(640K)
[40.560s][info][gc             ] GC(287) Pause Young (Allocation Failure) 6174M->6175M(6841M) 152.259ms
[40.560s][info][gc,cpu         ] GC(287) User=0.81s Sys=0.03s Real=0.15s
[40.638s][info][gc,start       ] GC(288) Pause Young (Allocation Failure)
[40.794s][info][gc,heap        ] GC(288) PSYoungGen: 308800K(399872K)->154048K(393216K) Eden: 76800K(76800K)->0K(86528K) From: 232000K(323072K)->154048K(306688K)
[40.794s][info][gc,heap        ] GC(288) ParOldGen: 6091537K(6605824K)->6247497K(6605824K)
[40.794s][info][gc,metaspace   ] GC(288) Metaspace: 6298K(6464K)->6298K(6464K) NonClass: 5765K(5824K)->5765K(5824K) Class: 533K(640K)->533K(640K)
[40.794s][info][gc             ] GC(288) Pause Young (Allocation Failure) 6250M->6251M(6835M) 155.761ms
[40.794s][info][gc,cpu         ] GC(288) User=0.77s Sys=0.06s Real=0.16s
[40.885s][info][gc,start       ] GC(289) Pause Young (Allocation Failure)
[41.025s][info][gc,heap        ] GC(289) PSYoungGen: 240576K(393216K)->86784K(405504K) Eden: 86528K(86528K)->0K(86528K) From: 154048K(306688K)->86784K(318976K)
[41.025s][info][gc,heap        ] GC(289) ParOldGen: 6247497K(6605824K)->6402457K(6605824K)
[41.025s][info][gc,metaspace   ] GC(289) Metaspace: 6298K(6464K)->6298K(6464K) NonClass: 5765K(5824K)->5765K(5824K) Class: 533K(640K)->533K(640K)
[41.025s][info][gc             ] GC(289) Pause Young (Allocation Failure) 6336M->6337M(6847M) 139.468ms
[41.025s][info][gc,cpu         ] GC(289) User=0.61s Sys=0.02s Real=0.14s
[41.119s][info][gc,start       ] GC(290) Pause Young (Allocation Failure)
[41.235s][info][gc,heap        ] GC(290) PSYoungGen: 173312K(405504K)->86752K(409600K) Eden: 86528K(86528K)->0K(97280K) From: 86784K(318976K)->86752K(312320K)
[41.235s][info][gc,heap        ] GC(290) ParOldGen: 6402457K(6605824K)->6489753K(6605824K)
[41.235s][info][gc,metaspace   ] GC(290) Metaspace: 6298K(6464K)->6298K(6464K) NonClass: 5765K(5824K)->5765K(5824K) Class: 533K(640K)->533K(640K)
[41.235s][info][gc             ] GC(290) Pause Young (Allocation Failure) 6421M->6422M(6851M) 116.249ms
[41.235s][info][gc,cpu         ] GC(290) User=0.45s Sys=0.02s Real=0.12s
[41.235s][info][gc,start       ] GC(291) Pause Full (Ergonomics)
[41.235s][info][gc,phases,start] GC(291) Marking Phase
[42.697s][info][gc,phases      ] GC(291) Marking Phase 1461.569ms
[42.697s][info][gc,phases,start] GC(291) Summary Phase
[42.697s][info][gc,phases      ] GC(291) Summary Phase 0.132ms
[42.697s][info][gc,phases,start] GC(291) Adjust Roots
[42.697s][info][gc,phases      ] GC(291) Adjust Roots 0.163ms
[42.697s][info][gc,phases,start] GC(291) Compaction Phase
[43.284s][info][gc,phases      ] GC(291) Compaction Phase 586.283ms
[43.284s][info][gc,phases,start] GC(291) Post Compact
[43.295s][info][gc,phases      ] GC(291) Post Compact 11.088ms
[43.297s][info][gc,heap        ] GC(291) PSYoungGen: 86752K(409600K)->0K(412672K) Eden: 0K(97280K)->0K(97280K) From: 86752K(312320K)->0K(315392K)
[43.297s][info][gc,heap        ] GC(291) ParOldGen: 6489753K(6605824K)->6571161K(7334400K)
[43.297s][info][gc,metaspace   ] GC(291) Metaspace: 6298K(6464K)->6298K(6464K) NonClass: 5765K(5824K)->5765K(5824K) Class: 533K(640K)->533K(640K)
[43.297s][info][gc             ] GC(291) Pause Full (Ergonomics) 6422M->6417M(7565M) 2062.054ms
[43.297s][info][gc,cpu         ] GC(291) User=15.16s Sys=0.09s Real=2.06s
[43.396s][info][gc,start       ] GC(292) Pause Young (Allocation Failure)
[43.488s][info][gc,heap        ] GC(292) PSYoungGen: 97280K(412672K)->97568K(406016K) Eden: 97280K(97280K)->0K(106496K) From: 0K(315392K)->97568K(299520K)
[43.488s][info][gc,heap        ] GC(292) ParOldGen: 6571161K(7334400K)->6571161K(7334400K)
[43.488s][info][gc,metaspace   ] GC(292) Metaspace: 6298K(6464K)->6298K(6464K) NonClass: 5765K(5824K)->5765K(5824K) Class: 533K(640K)->533K(640K)
[43.488s][info][gc             ] GC(292) Pause Young (Allocation Failure) 6512M->6512M(7559M) 92.000ms
[43.488s][info][gc,cpu         ] GC(292) User=0.22s Sys=0.00s Real=0.09s
[43.613s][info][gc,start       ] GC(293) Pause Young (Allocation Failure)
[43.742s][info][gc,heap        ] GC(293) PSYoungGen: 204064K(406016K)->204256K(415232K) Eden: 106496K(106496K)->0K(106496K) From: 97568K(299520K)->204256K(308736K)
[43.742s][info][gc,heap        ] GC(293) ParOldGen: 6571161K(7334400K)->6571161K(7334400K)
[43.743s][info][gc,metaspace   ] GC(293) Metaspace: 6298K(6464K)->6298K(6464K) NonClass: 5765K(5824K)->5765K(5824K) Class: 533K(640K)->533K(640K)
[43.743s][info][gc             ] GC(293) Pause Young (Allocation Failure) 6616M->6616M(7568M) 129.079ms
[43.743s][info][gc,cpu         ] GC(293) User=0.44s Sys=0.00s Real=0.13s
[43.852s][info][gc,start       ] GC(294) Pause Young (Allocation Failure)
[44.011s][info][gc,heap        ] GC(294) PSYoungGen: 310752K(415232K)->311008K(387584K) Eden: 106496K(106496K)->0K(74240K) From: 204256K(308736K)->311008K(313344K)
[44.011s][info][gc,heap        ] GC(294) ParOldGen: 6571161K(7334400K)->6571161K(7334400K)
[44.011s][info][gc,metaspace   ] GC(294) Metaspace: 6298K(6464K)->6298K(6464K) NonClass: 5765K(5824K)->5765K(5824K) Class: 533K(640K)->533K(640K)
[44.011s][info][gc             ] GC(294) Pause Young (Allocation Failure) 6720M->6720M(7541M) 158.565ms
[44.011s][info][gc,cpu         ] GC(294) User=0.75s Sys=0.00s Real=0.16s
[44.100s][info][gc,start       ] GC(295) Pause Young (Allocation Failure)
[44.277s][info][gc,heap        ] GC(295) PSYoungGen: 385248K(387584K)->287904K(430080K) Eden: 74240K(74240K)->0K(74240K) From: 311008K(313344K)->287904K(355840K)
[44.277s][info][gc,heap        ] GC(295) ParOldGen: 6571161K(7334400K)->6669353K(7334400K)
[44.277s][info][gc,metaspace   ] GC(295) Metaspace: 6298K(6464K)->6298K(6464K) NonClass: 5765K(5824K)->5765K(5824K) Class: 533K(640K)->533K(640K)
[44.277s][info][gc             ] GC(295) Pause Young (Allocation Failure) 6793M->6794M(7582M) 177.317ms
[44.277s][info][gc,cpu         ] GC(295) User=1.22s Sys=0.05s Real=0.18s
[44.351s][info][gc,start       ] GC(296) Pause Young (Allocation Failure)
[44.520s][info][gc,heap        ] GC(296) PSYoungGen: 362144K(430080K)->255552K(456192K) Eden: 74240K(74240K)->0K(75264K) From: 287904K(355840K)->255552K(380928K)
[44.520s][info][gc,heap        ] GC(296) ParOldGen: 6669353K(7334400K)->6776825K(7334400K)
[44.521s][info][gc,metaspace   ] GC(296) Metaspace: 6298K(6464K)->6298K(6464K) NonClass: 5765K(5824K)->5765K(5824K) Class: 533K(640K)->533K(640K)
[44.521s][info][gc             ] GC(296) Pause Young (Allocation Failure) 6866M->6867M(7608M) 169.644ms
[44.521s][info][gc,cpu         ] GC(296) User=1.03s Sys=0.03s Real=0.17s
[44.593s][info][gc,start       ] GC(297) Pause Young (Allocation Failure)
[44.754s][info][gc,heap        ] GC(297) PSYoungGen: 330816K(456192K)->149888K(225280K) Eden: 75264K(75264K)->0K(75264K) From: 255552K(380928K)->149888K(150016K)
[44.754s][info][gc,heap        ] GC(297) ParOldGen: 6776825K(7334400K)->6959209K(7334400K)
[44.754s][info][gc,metaspace   ] GC(297) Metaspace: 6298K(6464K)->6298K(6464K) NonClass: 5765K(5824K)->5765K(5824K) Class: 533K(640K)->533K(640K)
[44.754s][info][gc             ] GC(297) Pause Young (Allocation Failure) 6941M->6942M(7382M) 161.192ms
[44.754s][info][gc,cpu         ] GC(297) User=0.94s Sys=0.27s Real=0.16s
[44.832s][info][gc,start       ] GC(298) Pause Young (Allocation Failure)
[44.957s][info][gc,heap        ] GC(298) PSYoungGen: 225152K(225280K)->75552K(459776K) Eden: 75264K(75264K)->0K(84992K) From: 149888K(150016K)->75552K(374784K)
[44.957s][info][gc,heap        ] GC(298) ParOldGen: 6959209K(7334400K)->7110073K(7334400K)
[44.957s][info][gc,metaspace   ] GC(298) Metaspace: 6298K(6464K)->6298K(6464K) NonClass: 5765K(5824K)->5765K(5824K) Class: 533K(640K)->533K(640K)
[44.957s][info][gc             ] GC(298) Pause Young (Allocation Failure) 7015M->7017M(7611M) 124.908ms
[44.957s][info][gc,cpu         ] GC(298) User=0.52s Sys=0.16s Real=0.12s
[44.957s][info][gc,start       ] GC(299) Pause Full (Ergonomics)
[44.957s][info][gc,phases,start] GC(299) Marking Phase
[46.546s][info][gc,phases      ] GC(299) Marking Phase 1589.143ms
[46.546s][info][gc,phases,start] GC(299) Summary Phase
[46.546s][info][gc,phases      ] GC(299) Summary Phase 0.145ms
[46.546s][info][gc,phases,start] GC(299) Adjust Roots
[46.546s][info][gc,phases      ] GC(299) Adjust Roots 0.240ms
[46.546s][info][gc,phases,start] GC(299) Compaction Phase
[47.162s][info][gc,phases      ] GC(299) Compaction Phase 615.485ms
[47.162s][info][gc,phases,start] GC(299) Post Compact
[47.173s][info][gc,phases      ] GC(299) Post Compact 10.584ms
[47.175s][info][gc,heap        ] GC(299) PSYoungGen: 75552K(459776K)->0K(459776K) Eden: 0K(84992K)->0K(84992K) From: 75552K(374784K)->0K(374784K)
[47.175s][info][gc,heap        ] GC(299) ParOldGen: 7110073K(7334400K)->7180227K(8046080K)
[47.175s][info][gc,metaspace   ] GC(299) Metaspace: 6298K(6464K)->6298K(6464K) NonClass: 5765K(5824K)->5765K(5824K) Class: 533K(640K)->533K(640K)
[47.175s][info][gc             ] GC(299) Pause Full (Ergonomics) 7017M->7011M(8306M) 2218.107ms
[47.175s][info][gc,cpu         ] GC(299) User=16.28s Sys=0.06s Real=2.22s
[47.259s][info][gc,start       ] GC(300) Pause Young (Allocation Failure)
[47.341s][info][gc,heap        ] GC(300) PSYoungGen: 84992K(459776K)->85280K(455168K) Eden: 84992K(84992K)->0K(93184K) From: 0K(374784K)->85280K(361984K)
[47.341s][info][gc,heap        ] GC(300) ParOldGen: 7180227K(8046080K)->7180227K(8046080K)
[47.341s][info][gc,metaspace   ] GC(300) Metaspace: 6298K(6464K)->6298K(6464K) NonClass: 5765K(5824K)->5765K(5824K) Class: 533K(640K)->533K(640K)
[47.341s][info][gc             ] GC(300) Pause Young (Allocation Failure) 7094M->7095M(8302M) 82.031ms
[47.341s][info][gc,cpu         ] GC(300) User=0.22s Sys=0.00s Real=0.08s
[47.430s][info][gc,start       ] GC(301) Pause Young (Allocation Failure)
[47.540s][info][gc,heap        ] GC(301) PSYoungGen: 178464K(455168K)->178624K(271872K) Eden: 93184K(93184K)->0K(93184K) From: 85280K(361984K)->178624K(178688K)
[47.540s][info][gc,heap        ] GC(301) ParOldGen: 7180227K(8046080K)->7180227K(8046080K)
[47.540s][info][gc,metaspace   ] GC(301) Metaspace: 6298K(6464K)->6298K(6464K) NonClass: 5765K(5824K)->5765K(5824K) Class: 533K(640K)->533K(640K)
[47.540s][info][gc             ] GC(301) Pause Young (Allocation Failure) 7186M->7186M(8123M) 110.111ms
[47.540s][info][gc,cpu         ] GC(301) User=0.33s Sys=0.00s Real=0.11s
[47.643s][info][gc,start       ] GC(302) Pause Young (Allocation Failure)
[47.786s][info][gc,heap        ] GC(302) PSYoungGen: 271808K(271872K)->186816K(435200K) Eden: 93184K(93184K)->0K(102912K) From: 178624K(178688K)->186816K(332288K)
[47.786s][info][gc,heap        ] GC(302) ParOldGen: 7180227K(8046080K)->7265979K(8046080K)
[47.786s][info][gc,metaspace   ] GC(302) Metaspace: 6298K(6464K)->6298K(6464K) NonClass: 5765K(5824K)->5765K(5824K) Class: 533K(640K)->533K(640K)
[47.786s][info][gc             ] GC(302) Pause Young (Allocation Failure) 7277M->7278M(8282M) 143.058ms
[47.786s][info][gc,cpu         ] GC(302) User=0.66s Sys=0.00s Real=0.14s
[47.888s][info][gc,start       ] GC(303) Pause Young (Allocation Failure)
[48.035s][info][gc,heap        ] GC(303) PSYoungGen: 289728K(435200K)->196608K(445952K) Eden: 102912K(102912K)->0K(102912K) From: 186816K(332288K)->196608K(343040K)
[48.035s][info][gc,heap        ] GC(303) ParOldGen: 7265979K(8046080K)->7359995K(8046080K)
[48.035s][info][gc,metaspace   ] GC(303) Metaspace: 6298K(6464K)->6298K(6464K) NonClass: 5765K(5824K)->5765K(5824K) Class: 533K(640K)->533K(640K)
[48.035s][info][gc             ] GC(303) Pause Young (Allocation Failure) 7378M->7379M(8293M) 147.179ms
[48.035s][info][gc,cpu         ] GC(303) User=0.88s Sys=0.06s Real=0.15s
[48.148s][info][gc,start       ] GC(304) Pause Young (Allocation Failure)
[48.299s][info][gc,heap        ] GC(304) PSYoungGen: 299520K(445952K)->206368K(443904K) Eden: 102912K(102912K)->0K(114688K) From: 196608K(343040K)->206368K(329216K)
[48.299s][info][gc,heap        ] GC(304) ParOldGen: 7359995K(8046080K)->7454019K(8046080K)
[48.299s][info][gc,metaspace   ] GC(304) Metaspace: 6298K(6464K)->6298K(6464K) NonClass: 5765K(5824K)->5765K(5824K) Class: 533K(640K)->533K(640K)
[48.299s][info][gc             ] GC(304) Pause Young (Allocation Failure) 7479M->7480M(8291M) 150.914ms
[48.299s][info][gc,cpu         ] GC(304) User=0.88s Sys=0.06s Real=0.15s
[48.419s][info][gc,start       ] GC(305) Pause Young (Allocation Failure)
[48.578s][info][gc,heap        ] GC(305) PSYoungGen: 321056K(443904K)->218112K(446976K) Eden: 114688K(114688K)->0K(114688K) From: 206368K(329216K)->218112K(332288K)
[48.578s][info][gc,heap        ] GC(305) ParOldGen: 7454019K(8046080K)->7557875K(8046080K)
[48.578s][info][gc,metaspace   ] GC(305) Metaspace: 6298K(6464K)->6298K(6464K) NonClass: 5765K(5824K)->5765K(5824K) Class: 533K(640K)->533K(640K)
[48.578s][info][gc             ] GC(305) Pause Young (Allocation Failure) 7592M->7593M(8294M) 158.425ms
[48.578s][info][gc,cpu         ] GC(305) User=1.03s Sys=0.11s Real=0.16s
[48.713s][info][gc,start       ] GC(306) Pause Young (Allocation Failure)
[48.880s][info][gc,heap        ] GC(306) PSYoungGen: 332800K(446976K)->229984K(457216K) Eden: 114688K(114688K)->0K(124416K) From: 218112K(332288K)->229984K(332800K)
[48.880s][info][gc,heap        ] GC(306) ParOldGen: 7557875K(8046080K)->7661723K(8046080K)
[48.880s][info][gc,metaspace   ] GC(306) Metaspace: 6298K(6464K)->6298K(6464K) NonClass: 5765K(5824K)->5765K(5824K) Class: 533K(640K)->533K(640K)
[48.880s][info][gc             ] GC(306) Pause Young (Allocation Failure) 7705M->7706M(8304M) 166.394ms
[48.880s][info][gc,cpu         ] GC(306) User=1.16s Sys=0.00s Real=0.17s
[49.006s][info][gc,start       ] GC(307) Pause Young (Allocation Failure)
[49.180s][info][gc,heap        ] GC(307) PSYoungGen: 354400K(457216K)->239680K(460288K) Eden: 124416K(124416K)->0K(124416K) From: 229984K(332800K)->239680K(335872K)
[49.180s][info][gc,heap        ] GC(307) ParOldGen: 7661723K(8046080K)->7777451K(8046080K)
[49.180s][info][gc,metaspace   ] GC(307) Metaspace: 6298K(6464K)->6298K(6464K) NonClass: 5765K(5824K)->5765K(5824K) Class: 533K(640K)->533K(640K)
[49.180s][info][gc             ] GC(307) Pause Young (Allocation Failure) 7828M->7829M(8307M) 174.211ms
[49.180s][info][gc,cpu         ] GC(307) User=1.09s Sys=0.17s Real=0.17s
[49.311s][info][gc,start       ] GC(308) Pause Young (Allocation Failure)
[49.495s][info][gc,heap        ] GC(308) PSYoungGen: 364096K(460288K)->249440K(473600K) Eden: 124416K(124416K)->0K(132096K) From: 239680K(335872K)->249440K(341504K)
[49.495s][info][gc,heap        ] GC(308) ParOldGen: 7777451K(8046080K)->7893179K(8046080K)
[49.495s][info][gc,metaspace   ] GC(308) Metaspace: 6298K(6464K)->6298K(6464K) NonClass: 5765K(5824K)->5765K(5824K) Class: 533K(640K)->533K(640K)
[49.495s][info][gc             ] GC(308) Pause Young (Allocation Failure) 7950M->7951M(8320M) 183.883ms
[49.495s][info][gc,cpu         ] GC(308) User=1.33s Sys=0.06s Real=0.18s
[49.495s][info][gc,start       ] GC(309) Pause Full (Ergonomics)
[49.495s][info][gc,phases,start] GC(309) Marking Phase
[51.360s][info][gc,phases      ] GC(309) Marking Phase 1865.144ms
[51.361s][info][gc,phases,start] GC(309) Summary Phase
[51.361s][info][gc,phases      ] GC(309) Summary Phase 0.090ms
[51.361s][info][gc,phases,start] GC(309) Adjust Roots
[51.361s][info][gc,phases      ] GC(309) Adjust Roots 0.174ms
[51.361s][info][gc,phases,start] GC(309) Compaction Phase
[52.079s][info][gc,phases      ] GC(309) Compaction Phase 717.854ms
[52.079s][info][gc,phases,start] GC(309) Post Compact
[52.091s][info][gc,phases      ] GC(309) Post Compact 12.448ms
[52.094s][info][gc,heap        ] GC(309) PSYoungGen: 249440K(473600K)->89345K(473600K) Eden: 0K(132096K)->0K(132096K) From: 249440K(341504K)->89345K(341504K)
[52.094s][info][gc,heap        ] GC(309) ParOldGen: 7893179K(8046080K)->8045998K(8947712K)
[52.094s][info][gc,metaspace   ] GC(309) Metaspace: 6298K(6464K)->6298K(6464K) NonClass: 5765K(5824K)->5765K(5824K) Class: 533K(640K)->533K(640K)
[52.094s][info][gc             ] GC(309) Pause Full (Ergonomics) 7951M->7944M(9200M) 2598.918ms
[52.094s][info][gc,cpu         ] GC(309) User=19.22s Sys=0.03s Real=2.60s
[52.233s][info][gc,start       ] GC(310) Pause Young (Allocation Failure)
[52.706s][info][gc,heap        ] GC(310) PSYoungGen: 221441K(473600K)->177920K(480256K) Eden: 132096K(132096K)->0K(132096K) From: 89345K(341504K)->177920K(348160K)
[52.706s][info][gc,heap        ] GC(310) ParOldGen: 8045998K(8947712K)->8090422K(8947712K)
[52.706s][info][gc,metaspace   ] GC(310) Metaspace: 6298K(6464K)->6298K(6464K) NonClass: 5765K(5824K)->5765K(5824K) Class: 533K(640K)->533K(640K)
[52.706s][info][gc             ] GC(310) Pause Young (Allocation Failure) 8073M->8074M(9207M) 473.129ms
[52.706s][info][gc,cpu         ] GC(310) User=3.41s Sys=0.02s Real=0.47s
[52.844s][info][gc,start       ] GC(311) Pause Young (Allocation Failure)
[53.010s][info][gc,heap        ] GC(311) PSYoungGen: 310016K(480256K)->310304K(452608K) Eden: 132096K(132096K)->0K(116224K) From: 177920K(348160K)->310304K(336384K)
[53.010s][info][gc,heap        ] GC(311) ParOldGen: 8090422K(8947712K)->8090422K(8947712K)
[53.010s][info][gc,metaspace   ] GC(311) Metaspace: 6298K(6464K)->6298K(6464K) NonClass: 5765K(5824K)->5765K(5824K) Class: 533K(640K)->533K(640K)
[53.010s][info][gc             ] GC(311) Pause Young (Allocation Failure) 8203M->8203M(9180M) 166.061ms
[53.010s][info][gc,cpu         ] GC(311) User=1.25s Sys=0.02s Real=0.17s
[53.128s][info][gc,start       ] GC(312) Pause Young (Allocation Failure)
[53.351s][info][gc,heap        ] GC(312) PSYoungGen: 426528K(452608K)->365056K(481280K) Eden: 116224K(116224K)->0K(116224K) From: 310304K(336384K)->365056K(365056K)
[53.351s][info][gc,heap        ] GC(312) ParOldGen: 8090422K(8947712K)->8152438K(8947712K)
[53.351s][info][gc,metaspace   ] GC(312) Metaspace: 6298K(6464K)->6298K(6464K) NonClass: 5765K(5824K)->5765K(5824K) Class: 533K(640K)->533K(640K)
[53.351s][info][gc             ] GC(312) Pause Young (Allocation Failure) 8317M->8317M(9208M) 222.417ms
[53.351s][info][gc,cpu         ] GC(312) User=1.58s Sys=0.05s Real=0.22s
[53.472s][info][gc,start       ] GC(313) Pause Young (Allocation Failure)
[53.739s][info][gc,heap        ] GC(313) PSYoungGen: 481280K(481280K)->335616K(540672K) Eden: 116224K(116224K)->0K(109568K) From: 365056K(365056K)->335616K(431104K)
[53.740s][info][gc,heap        ] GC(313) ParOldGen: 8152438K(8947712K)->8299470K(8947712K)
[53.740s][info][gc,metaspace   ] GC(313) Metaspace: 6298K(6464K)->6298K(6464K) NonClass: 5765K(5824K)->5765K(5824K) Class: 533K(640K)->533K(640K)
[53.740s][info][gc             ] GC(313) Pause Young (Allocation Failure) 8431M->8432M(9266M) 267.088ms
[53.740s][info][gc,cpu         ] GC(313) User=1.64s Sys=0.16s Real=0.27s
[53.853s][info][gc,start       ] GC(314) Pause Young (Allocation Failure)
[54.101s][info][gc,heap        ] GC(314) PSYoungGen: 445184K(540672K)->333376K(560128K) Eden: 109568K(109568K)->0K(109568K) From: 335616K(431104K)->333376K(450560K)
[54.101s][info][gc,heap        ] GC(314) ParOldGen: 8299470K(8947712K)->8412246K(8947712K)
[54.101s][info][gc,metaspace   ] GC(314) Metaspace: 6298K(6464K)->6298K(6464K) NonClass: 5765K(5824K)->5765K(5824K) Class: 533K(640K)->533K(640K)
[54.101s][info][gc             ] GC(314) Pause Young (Allocation Failure) 8539M->8540M(9285M) 248.085ms
[54.101s][info][gc,cpu         ] GC(314) User=1.70s Sys=0.08s Real=0.25s
[54.219s][info][gc,start       ] GC(315) Pause Young (Allocation Failure)
[54.481s][info][gc,heap        ] GC(315) PSYoungGen: 442944K(560128K)->219680K(554496K) Eden: 109568K(109568K)->0K(123392K) From: 333376K(450560K)->219680K(431104K)
[54.482s][info][gc,heap        ] GC(315) ParOldGen: 8412246K(8947712K)->8637254K(8947712K)
[54.482s][info][gc,metaspace   ] GC(315) Metaspace: 6298K(6464K)->6298K(6464K) NonClass: 5765K(5824K)->5765K(5824K) Class: 533K(640K)->533K(640K)
[54.482s][info][gc             ] GC(315) Pause Young (Allocation Failure) 8647M->8649M(9279M) 262.370ms
[54.482s][info][gc,cpu         ] GC(315) User=1.89s Sys=0.11s Real=0.26s
[54.611s][info][gc,start       ] GC(316) Pause Young (Allocation Failure)
[54.835s][info][gc,heap        ] GC(316) PSYoungGen: 343072K(554496K)->123744K(570880K) Eden: 123392K(123392K)->0K(123392K) From: 219680K(431104K)->123744K(447488K)
[54.835s][info][gc,heap        ] GC(316) ParOldGen: 8637254K(8947712K)->8858334K(8947712K)
[54.835s][info][gc,metaspace   ] GC(316) Metaspace: 6298K(6464K)->6298K(6464K) NonClass: 5765K(5824K)->5765K(5824K) Class: 533K(640K)->533K(640K)
[54.835s][info][gc             ] GC(316) Pause Young (Allocation Failure) 8769M->8771M(9295M) 223.999ms
[54.835s][info][gc,cpu         ] GC(316) User=1.27s Sys=0.17s Real=0.22s
[54.835s][info][gc,start       ] GC(317) Pause Full (Ergonomics)
[54.835s][info][gc,phases,start] GC(317) Marking Phase
[56.888s][info][gc,phases      ] GC(317) Marking Phase 2053.018ms
[56.888s][info][gc,phases,start] GC(317) Summary Phase
[56.889s][info][gc,phases      ] GC(317) Summary Phase 0.204ms
[56.889s][info][gc,phases,start] GC(317) Adjust Roots
[56.889s][info][gc,phases      ] GC(317) Adjust Roots 0.303ms
[56.889s][info][gc,phases,start] GC(317) Compaction Phase
[57.635s][info][gc,phases      ] GC(317) Compaction Phase 746.336ms
[57.635s][info][gc,phases,start] GC(317) Post Compact
[57.651s][info][gc,phases      ] GC(317) Post Compact 15.371ms
[57.651s][info][gc,heap        ] GC(317) PSYoungGen: 123744K(570880K)->26795K(570880K) Eden: 0K(123392K)->0K(123392K) From: 123744K(447488K)->26795K(447488K)
[57.651s][info][gc,heap        ] GC(317) ParOldGen: 8858334K(8947712K)->8947500K(9011200K)
[57.651s][info][gc,metaspace   ] GC(317) Metaspace: 6298K(6464K)->6298K(6464K) NonClass: 5765K(5824K)->5765K(5824K) Class: 533K(640K)->533K(640K)
[57.651s][info][gc             ] GC(317) Pause Full (Ergonomics) 8771M->8763M(9357M) 2815.890ms
[57.651s][info][gc,cpu         ] GC(317) User=20.84s Sys=0.16s Real=2.82s
[57.786s][info][gc,start       ] GC(318) Pause Full (Ergonomics)
[57.786s][info][gc,phases,start] GC(318) Marking Phase
[59.804s][info][gc,phases      ] GC(318) Marking Phase 2018.140ms
[59.804s][info][gc,phases,start] GC(318) Summary Phase
[59.804s][info][gc,phases      ] GC(318) Summary Phase 0.103ms
[59.804s][info][gc,phases,start] GC(318) Adjust Roots
[59.805s][info][gc,phases      ] GC(318) Adjust Roots 0.217ms
[59.805s][info][gc,phases,start] GC(318) Compaction Phase
[60.359s][info][gc,phases      ] GC(318) Compaction Phase 553.896ms
[60.359s][info][gc,phases,start] GC(318) Post Compact
[60.373s][info][gc,phases      ] GC(318) Post Compact 13.936ms
[60.373s][info][gc,heap        ] GC(318) PSYoungGen: 150187K(570880K)->86684K(571392K) Eden: 123392K(123392K)->86684K(123392K) From: 26795K(447488K)->0K(448000K)
[60.373s][info][gc,heap        ] GC(318) ParOldGen: 8947500K(9011200K)->9010974K(9011200K)
[60.373s][info][gc,metaspace   ] GC(318) Metaspace: 6298K(6464K)->6298K(6464K) NonClass: 5765K(5824K)->5765K(5824K) Class: 533K(640K)->533K(640K)
[60.373s][info][gc             ] GC(318) Pause Full (Ergonomics) 8884M->8884M(9358M) 2586.631ms
[60.373s][info][gc,cpu         ] GC(318) User=19.58s Sys=0.03s Real=2.59s
[60.410s][info][gc,start       ] GC(319) Pause Full (Ergonomics)
[60.411s][info][gc,phases,start] GC(319) Marking Phase
[62.480s][info][gc,phases      ] GC(319) Marking Phase 2069.469ms
[62.480s][info][gc,phases,start] GC(319) Summary Phase
[62.480s][info][gc,phases      ] GC(319) Summary Phase 0.098ms
[62.480s][info][gc,phases,start] GC(319) Adjust Roots
[62.480s][info][gc,phases      ] GC(319) Adjust Roots 0.185ms
[62.480s][info][gc,phases,start] GC(319) Compaction Phase
[63.008s][info][gc,phases      ] GC(319) Compaction Phase 527.555ms
[63.008s][info][gc,phases,start] GC(319) Post Compact
[63.021s][info][gc,phases      ] GC(319) Post Compact 12.661ms
[63.021s][info][gc,heap        ] GC(319) PSYoungGen: 123392K(571392K)->123383K(570880K) Eden: 123392K(123392K)->123383K(123392K) From: 0K(448000K)->0K(447488K)
[63.021s][info][gc,heap        ] GC(319) ParOldGen: 9010974K(9011200K)->9010974K(9011200K)
[63.021s][info][gc,metaspace   ] GC(319) Metaspace: 6298K(6464K)->6298K(6464K) NonClass: 5765K(5824K)->5765K(5824K) Class: 533K(640K)->533K(640K)
[63.021s][info][gc             ] GC(319) Pause Full (Ergonomics) 8920M->8920M(9357M) 2610.367ms
[63.021s][info][gc,cpu         ] GC(319) User=20.00s Sys=0.02s Real=2.61s
[63.021s][info][gc,start       ] GC(320) Pause Full (Ergonomics)
[63.021s][info][gc,phases,start] GC(320) Marking Phase
[65.053s][info][gc,phases      ] GC(320) Marking Phase 2032.180ms
[65.053s][info][gc,phases,start] GC(320) Summary Phase
[65.053s][info][gc,phases      ] GC(320) Summary Phase 0.088ms
[65.053s][info][gc,phases,start] GC(320) Adjust Roots
[65.054s][info][gc,phases      ] GC(320) Adjust Roots 0.214ms
[65.054s][info][gc,phases,start] GC(320) Compaction Phase
[65.580s][info][gc,phases      ] GC(320) Compaction Phase 526.187ms
[65.580s][info][gc,phases,start] GC(320) Post Compact
[65.592s][info][gc,phases      ] GC(320) Post Compact 12.243ms
[65.592s][info][gc,heap        ] GC(320) PSYoungGen: 123392K(570880K)->123391K(571392K) Eden: 123392K(123392K)->123391K(123392K) From: 0K(447488K)->0K(448000K)
[65.592s][info][gc,heap        ] GC(320) ParOldGen: 9010974K(9011200K)->9010974K(9011200K)
[65.592s][info][gc,metaspace   ] GC(320) Metaspace: 6298K(6464K)->6298K(6464K) NonClass: 5765K(5824K)->5765K(5824K) Class: 533K(640K)->533K(640K)
[65.592s][info][gc             ] GC(320) Pause Full (Ergonomics) 8920M->8920M(9358M) 2571.235ms
[65.592s][info][gc,cpu         ] GC(320) User=19.80s Sys=0.00s Real=2.57s
[65.592s][info][gc,start       ] GC(321) Pause Full (Ergonomics)
[65.592s][info][gc,phases,start] GC(321) Marking Phase
[67.637s][info][gc,phases      ] GC(321) Marking Phase 2044.859ms
[67.637s][info][gc,phases,start] GC(321) Summary Phase
[67.637s][info][gc,phases      ] GC(321) Summary Phase 0.096ms
[67.637s][info][gc,phases,start] GC(321) Adjust Roots
[67.638s][info][gc,phases      ] GC(321) Adjust Roots 0.185ms
[67.638s][info][gc,phases,start] GC(321) Compaction Phase
[68.160s][info][gc,phases      ] GC(321) Compaction Phase 521.836ms
[68.160s][info][gc,phases,start] GC(321) Post Compact
[68.172s][info][gc,phases      ] GC(321) Post Compact 12.351ms
[68.172s][info][gc,heap        ] GC(321) PSYoungGen: 123391K(571392K)->123391K(570880K) Eden: 123391K(123392K)->123391K(123392K) From: 0K(448000K)->0K(447488K)
[68.172s][info][gc,heap        ] GC(321) ParOldGen: 9010974K(9011200K)->9010974K(9011200K)
[68.172s][info][gc,metaspace   ] GC(321) Metaspace: 6298K(6464K)->6298K(6464K) NonClass: 5765K(5824K)->5765K(5824K) Class: 533K(640K)->533K(640K)
[68.172s][info][gc             ] GC(321) Pause Full (Ergonomics) 8920M->8920M(9357M) 2579.630ms
[68.172s][info][gc,cpu         ] GC(321) User=19.95s Sys=0.00s Real=2.58s
[68.172s][info][gc,start       ] GC(322) Pause Full (Ergonomics)
[68.172s][info][gc,phases,start] GC(322) Marking Phase
[70.218s][info][gc,phases      ] GC(322) Marking Phase 2045.605ms
[70.218s][info][gc,phases,start] GC(322) Summary Phase
[70.218s][info][gc,phases      ] GC(322) Summary Phase 0.084ms
[70.218s][info][gc,phases,start] GC(322) Adjust Roots
[70.218s][info][gc,phases      ] GC(322) Adjust Roots 0.165ms
[70.218s][info][gc,phases,start] GC(322) Compaction Phase
[70.741s][info][gc,phases      ] GC(322) Compaction Phase 522.409ms
[70.741s][info][gc,phases,start] GC(322) Post Compact
[70.753s][info][gc,phases      ] GC(322) Post Compact 12.542ms
[70.753s][info][gc,heap        ] GC(322) PSYoungGen: 123391K(570880K)->123391K(571392K) Eden: 123391K(123392K)->123391K(123392K) From: 0K(447488K)->0K(448000K)
[70.753s][info][gc,heap        ] GC(322) ParOldGen: 9010979K(9011200K)->9010979K(9011200K)
[70.753s][info][gc,metaspace   ] GC(322) Metaspace: 6298K(6464K)->6298K(6464K) NonClass: 5765K(5824K)->5765K(5824K) Class: 533K(640K)->533K(640K)
[70.753s][info][gc             ] GC(322) Pause Full (Ergonomics) 8920M->8920M(9358M) 2581.158ms
[70.753s][info][gc,cpu         ] GC(322) User=20.06s Sys=0.00s Real=2.58s
[70.754s][info][gc,start       ] GC(323) Pause Full (Ergonomics)
[70.754s][info][gc,phases,start] GC(323) Marking Phase
[72.793s][info][gc,phases      ] GC(323) Marking Phase 2039.849ms
[72.794s][info][gc,phases,start] GC(323) Summary Phase
[72.794s][info][gc,phases      ] GC(323) Summary Phase 0.086ms
[72.794s][info][gc,phases,start] GC(323) Adjust Roots
[72.794s][info][gc,phases      ] GC(323) Adjust Roots 0.167ms
[72.794s][info][gc,phases,start] GC(323) Compaction Phase
[73.326s][info][gc,phases      ] GC(323) Compaction Phase 531.819ms
[73.326s][info][gc,phases,start] GC(323) Post Compact
[73.339s][info][gc,phases      ] GC(323) Post Compact 13.298ms
[73.339s][info][gc,heap        ] GC(323) PSYoungGen: 123391K(571392K)->123391K(570880K) Eden: 123391K(123392K)->123391K(123392K) From: 0K(448000K)->0K(447488K)
[73.339s][info][gc,heap        ] GC(323) ParOldGen: 9010984K(9011200K)->9010984K(9011200K)
[73.339s][info][gc,metaspace   ] GC(323) Metaspace: 6298K(6464K)->6298K(6464K) NonClass: 5765K(5824K)->5765K(5824K) Class: 533K(640K)->533K(640K)
[73.339s][info][gc             ] GC(323) Pause Full (Ergonomics) 8920M->8920M(9357M) 2585.542ms
[73.339s][info][gc,cpu         ] GC(323) User=19.84s Sys=0.02s Real=2.59s
[73.339s][info][gc,start       ] GC(324) Pause Full (Ergonomics)
[73.339s][info][gc,phases,start] GC(324) Marking Phase
[75.368s][info][gc,phases      ] GC(324) Marking Phase 2028.127ms
[75.368s][info][gc,phases,start] GC(324) Summary Phase
[75.368s][info][gc,phases      ] GC(324) Summary Phase 0.085ms
[75.368s][info][gc,phases,start] GC(324) Adjust Roots
[75.368s][info][gc,phases      ] GC(324) Adjust Roots 0.168ms
[75.368s][info][gc,phases,start] GC(324) Compaction Phase
[75.889s][info][gc,phases      ] GC(324) Compaction Phase 521.207ms
[75.889s][info][gc,phases,start] GC(324) Post Compact
[75.902s][info][gc,phases      ] GC(324) Post Compact 12.633ms
[75.902s][info][gc,heap        ] GC(324) PSYoungGen: 123391K(570880K)->123391K(571392K) Eden: 123391K(123392K)->123391K(123392K) From: 0K(447488K)->0K(448000K)
[75.902s][info][gc,heap        ] GC(324) ParOldGen: 9010989K(9011200K)->9010989K(9011200K)
[75.902s][info][gc,metaspace   ] GC(324) Metaspace: 6298K(6464K)->6298K(6464K) NonClass: 5765K(5824K)->5765K(5824K) Class: 533K(640K)->533K(640K)
[75.902s][info][gc             ] GC(324) Pause Full (Ergonomics) 8920M->8920M(9358M) 2562.542ms
[75.902s][info][gc,cpu         ] GC(324) User=19.83s Sys=0.00s Real=2.56s
[75.902s][info][gc,start       ] GC(325) Pause Full (Ergonomics)
[75.902s][info][gc,phases,start] GC(325) Marking Phase
[77.957s][info][gc,phases      ] GC(325) Marking Phase 2054.750ms
[77.957s][info][gc,phases,start] GC(325) Summary Phase
[77.957s][info][gc,phases      ] GC(325) Summary Phase 0.105ms
[77.957s][info][gc,phases,start] GC(325) Adjust Roots
[77.957s][info][gc,phases      ] GC(325) Adjust Roots 0.188ms
[77.957s][info][gc,phases,start] GC(325) Compaction Phase
[78.497s][info][gc,phases      ] GC(325) Compaction Phase 539.520ms
[78.497s][info][gc,phases,start] GC(325) Post Compact
[78.511s][info][gc,phases      ] GC(325) Post Compact 13.669ms
[78.511s][info][gc,heap        ] GC(325) PSYoungGen: 123391K(571392K)->123391K(570880K) Eden: 123391K(123392K)->123391K(123392K) From: 0K(448000K)->0K(447488K)
[78.511s][info][gc,heap        ] GC(325) ParOldGen: 9010994K(9011200K)->9010994K(9011200K)
[78.511s][info][gc,metaspace   ] GC(325) Metaspace: 6298K(6464K)->6298K(6464K) NonClass: 5765K(5824K)->5765K(5824K) Class: 533K(640K)->533K(640K)
[78.511s][info][gc             ] GC(325) Pause Full (Ergonomics) 8920M->8920M(9357M) 2608.602ms
[78.511s][info][gc,cpu         ] GC(325) User=19.88s Sys=0.02s Real=2.61s
[78.511s][info][gc,start       ] GC(326) Pause Full (Ergonomics)
[78.511s][info][gc,phases,start] GC(326) Marking Phase
[80.525s][info][gc,phases      ] GC(326) Marking Phase 2013.685ms
[80.525s][info][gc,phases,start] GC(326) Summary Phase
[80.525s][info][gc,phases      ] GC(326) Summary Phase 0.087ms
[80.525s][info][gc,phases,start] GC(326) Adjust Roots
[80.525s][info][gc,phases      ] GC(326) Adjust Roots 0.162ms
[80.525s][info][gc,phases,start] GC(326) Compaction Phase
[81.058s][info][gc,phases      ] GC(326) Compaction Phase 533.456ms
[81.059s][info][gc,phases,start] GC(326) Post Compact
[81.071s][info][gc,phases      ] GC(326) Post Compact 12.851ms
[81.071s][info][gc,heap        ] GC(326) PSYoungGen: 123391K(570880K)->123391K(571392K) Eden: 123391K(123392K)->123391K(123392K) From: 0K(447488K)->0K(448000K)
[81.071s][info][gc,heap        ] GC(326) ParOldGen: 9010998K(9011200K)->9010998K(9011200K)
[81.071s][info][gc,metaspace   ] GC(326) Metaspace: 6298K(6464K)->6298K(6464K) NonClass: 5765K(5824K)->5765K(5824K) Class: 533K(640K)->533K(640K)
[81.072s][info][gc             ] GC(326) Pause Full (Ergonomics) 8920M->8920M(9358M) 2560.567ms
[81.072s][info][gc,cpu         ] GC(326) User=19.64s Sys=0.00s Real=2.56s
[81.072s][info][gc,start       ] GC(327) Pause Full (Ergonomics)
[81.072s][info][gc,phases,start] GC(327) Marking Phase
[83.099s][info][gc,phases      ] GC(327) Marking Phase 2026.997ms
[83.099s][info][gc,phases,start] GC(327) Summary Phase
[83.099s][info][gc,phases      ] GC(327) Summary Phase 0.085ms
[83.099s][info][gc,phases,start] GC(327) Adjust Roots
[83.099s][info][gc,phases      ] GC(327) Adjust Roots 0.166ms
[83.099s][info][gc,phases,start] GC(327) Compaction Phase
[83.632s][info][gc,phases      ] GC(327) Compaction Phase 532.518ms
[83.632s][info][gc,phases,start] GC(327) Post Compact
[83.645s][info][gc,phases      ] GC(327) Post Compact 12.816ms
[83.645s][info][gc,heap        ] GC(327) PSYoungGen: 123391K(571392K)->123391K(570880K) Eden: 123391K(123392K)->123391K(123392K) From: 0K(448000K)->0K(447488K)
[83.645s][info][gc,heap        ] GC(327) ParOldGen: 9011003K(9011200K)->9011003K(9011200K)
[83.645s][info][gc,metaspace   ] GC(327) Metaspace: 6298K(6464K)->6298K(6464K) NonClass: 5765K(5824K)->5765K(5824K) Class: 533K(640K)->533K(640K)
[83.645s][info][gc             ] GC(327) Pause Full (Ergonomics) 8920M->8920M(9357M) 2572.922ms
[83.645s][info][gc,cpu         ] GC(327) User=19.80s Sys=0.02s Real=2.57s
[83.645s][info][gc,start       ] GC(328) Pause Full (Ergonomics)
[83.645s][info][gc,phases,start] GC(328) Marking Phase
[85.654s][info][gc,phases      ] GC(328) Marking Phase 2008.852ms
[85.654s][info][gc,phases,start] GC(328) Summary Phase
[85.654s][info][gc,phases      ] GC(328) Summary Phase 0.086ms
[85.654s][info][gc,phases,start] GC(328) Adjust Roots
[85.654s][info][gc,phases      ] GC(328) Adjust Roots 0.166ms
[85.654s][info][gc,phases,start] GC(328) Compaction Phase
[86.178s][info][gc,phases      ] GC(328) Compaction Phase 524.012ms
[86.178s][info][gc,phases,start] GC(328) Post Compact
[86.191s][info][gc,phases      ] GC(328) Post Compact 12.669ms
[86.191s][info][gc,heap        ] GC(328) PSYoungGen: 123391K(570880K)->123391K(571392K) Eden: 123391K(123392K)->123391K(123392K) From: 0K(447488K)->0K(448000K)
[86.191s][info][gc,heap        ] GC(328) ParOldGen: 9011008K(9011200K)->9011008K(9011200K)
[86.191s][info][gc,metaspace   ] GC(328) Metaspace: 6298K(6464K)->6298K(6464K) NonClass: 5765K(5824K)->5765K(5824K) Class: 533K(640K)->533K(640K)
[86.191s][info][gc             ] GC(328) Pause Full (Ergonomics) 8920M->8920M(9358M) 2546.113ms
[86.191s][info][gc,cpu         ] GC(328) User=19.45s Sys=0.00s Real=2.55s
[86.191s][info][gc,start       ] GC(329) Pause Full (Ergonomics)
[86.191s][info][gc,phases,start] GC(329) Marking Phase
[88.250s][info][gc,phases      ] GC(329) Marking Phase 2058.359ms
[88.250s][info][gc,phases,start] GC(329) Summary Phase
[88.250s][info][gc,phases      ] GC(329) Summary Phase 0.097ms
[88.250s][info][gc,phases,start] GC(329) Adjust Roots
[88.250s][info][gc,phases      ] GC(329) Adjust Roots 0.203ms
[88.250s][info][gc,phases,start] GC(329) Compaction Phase
[88.796s][info][gc,phases      ] GC(329) Compaction Phase 545.995ms
[88.796s][info][gc,phases,start] GC(329) Post Compact
[88.809s][info][gc,phases      ] GC(329) Post Compact 13.260ms
[88.809s][info][gc,heap        ] GC(329) PSYoungGen: 123391K(571392K)->123391K(570880K) Eden: 123391K(123392K)->123391K(123392K) From: 0K(448000K)->0K(447488K)
[88.809s][info][gc,heap        ] GC(329) ParOldGen: 9011013K(9011200K)->9011013K(9011200K)
[88.809s][info][gc,metaspace   ] GC(329) Metaspace: 6298K(6464K)->6298K(6464K) NonClass: 5765K(5824K)->5765K(5824K) Class: 533K(640K)->533K(640K)
[88.809s][info][gc             ] GC(329) Pause Full (Ergonomics) 8920M->8920M(9357M) 2618.282ms
[88.809s][info][gc,cpu         ] GC(329) User=19.98s Sys=0.00s Real=2.62s
[88.810s][info][gc,start       ] GC(330) Pause Full (Ergonomics)
[88.810s][info][gc,phases,start] GC(330) Marking Phase
[90.884s][info][gc,phases      ] GC(330) Marking Phase 2074.561ms
[90.884s][info][gc,phases,start] GC(330) Summary Phase
[90.884s][info][gc,phases      ] GC(330) Summary Phase 0.091ms
[90.884s][info][gc,phases,start] GC(330) Adjust Roots
[90.885s][info][gc,phases      ] GC(330) Adjust Roots 0.170ms
[90.885s][info][gc,phases,start] GC(330) Compaction Phase
[91.415s][info][gc,phases      ] GC(330) Compaction Phase 530.098ms
[91.415s][info][gc,phases,start] GC(330) Post Compact
[91.428s][info][gc,phases      ] GC(330) Post Compact 12.901ms
[91.428s][info][gc,heap        ] GC(330) PSYoungGen: 123391K(570880K)->123391K(571392K) Eden: 123391K(123392K)->123391K(123392K) From: 0K(447488K)->0K(448000K)
[91.428s][info][gc,heap        ] GC(330) ParOldGen: 9011018K(9011200K)->9011018K(9011200K)
[91.428s][info][gc,metaspace   ] GC(330) Metaspace: 6298K(6464K)->6298K(6464K) NonClass: 5765K(5824K)->5765K(5824K) Class: 533K(640K)->533K(640K)
[91.428s][info][gc             ] GC(330) Pause Full (Ergonomics) 8920M->8920M(9358M) 2618.139ms
[91.428s][info][gc,cpu         ] GC(330) User=20.25s Sys=0.00s Real=2.62s
[91.428s][info][gc,start       ] GC(331) Pause Full (Ergonomics)
[91.428s][info][gc,phases,start] GC(331) Marking Phase
[93.457s][info][gc,phases      ] GC(331) Marking Phase 2028.816ms
[93.457s][info][gc,phases,start] GC(331) Summary Phase
[93.457s][info][gc,phases      ] GC(331) Summary Phase 0.086ms
[93.457s][info][gc,phases,start] GC(331) Adjust Roots
[93.457s][info][gc,phases      ] GC(331) Adjust Roots 0.164ms
[93.457s][info][gc,phases,start] GC(331) Compaction Phase
[93.972s][info][gc,phases      ] GC(331) Compaction Phase 514.609ms
[93.972s][info][gc,phases,start] GC(331) Post Compact
[93.984s][info][gc,phases      ] GC(331) Post Compact 11.979ms
[93.984s][info][gc,heap        ] GC(331) PSYoungGen: 123391K(571392K)->123391K(570880K) Eden: 123391K(123392K)->123391K(123392K) From: 0K(448000K)->0K(447488K)
[93.984s][info][gc,heap        ] GC(331) ParOldGen: 9011023K(9011200K)->9011023K(9011200K)
[93.984s][info][gc,metaspace   ] GC(331) Metaspace: 6298K(6464K)->6298K(6464K) NonClass: 5765K(5824K)->5765K(5824K) Class: 533K(640K)->533K(640K)
[93.984s][info][gc             ] GC(331) Pause Full (Ergonomics) 8920M->8920M(9357M) 2555.990ms
[93.984s][info][gc,cpu         ] GC(331) User=19.59s Sys=0.03s Real=2.56s
[93.984s][info][gc,start       ] GC(332) Pause Full (Ergonomics)
[93.984s][info][gc,phases,start] GC(332) Marking Phase
[96.029s][info][gc,phases      ] GC(332) Marking Phase 2044.420ms
[96.029s][info][gc,phases,start] GC(332) Summary Phase
[96.029s][info][gc,phases      ] GC(332) Summary Phase 0.101ms
[96.029s][info][gc,phases,start] GC(332) Adjust Roots
[96.029s][info][gc,phases      ] GC(332) Adjust Roots 0.217ms
[96.029s][info][gc,phases,start] GC(332) Compaction Phase
[96.545s][info][gc,phases      ] GC(332) Compaction Phase 516.171ms
[96.545s][info][gc,phases,start] GC(332) Post Compact
[96.557s][info][gc,phases      ] GC(332) Post Compact 12.057ms
[96.557s][info][gc,heap        ] GC(332) PSYoungGen: 123391K(570880K)->123391K(571392K) Eden: 123391K(123392K)->123391K(123392K) From: 0K(447488K)->0K(448000K)
[96.557s][info][gc,heap        ] GC(332) ParOldGen: 9011027K(9011200K)->9011027K(9011200K)
[96.557s][info][gc,metaspace   ] GC(332) Metaspace: 6298K(6464K)->6298K(6464K) NonClass: 5765K(5824K)->5765K(5824K) Class: 533K(640K)->533K(640K)
[96.558s][info][gc             ] GC(332) Pause Full (Ergonomics) 8920M->8920M(9358M) 2573.307ms
[96.558s][info][gc,cpu         ] GC(332) User=20.02s Sys=0.00s Real=2.57s
[96.558s][info][gc,start       ] GC(333) Pause Full (Ergonomics)
[96.558s][info][gc,phases,start] GC(333) Marking Phase
[98.608s][info][gc,phases      ] GC(333) Marking Phase 2050.060ms
[98.608s][info][gc,phases,start] GC(333) Summary Phase
[98.608s][info][gc,phases      ] GC(333) Summary Phase 0.084ms
[98.608s][info][gc,phases,start] GC(333) Adjust Roots
[98.608s][info][gc,phases      ] GC(333) Adjust Roots 0.162ms
[98.608s][info][gc,phases,start] GC(333) Compaction Phase
[99.135s][info][gc,phases      ] GC(333) Compaction Phase 526.833ms
[99.135s][info][gc,phases,start] GC(333) Post Compact
[99.148s][info][gc,phases      ] GC(333) Post Compact 12.923ms
[99.148s][info][gc,heap        ] GC(333) PSYoungGen: 123391K(571392K)->123391K(570880K) Eden: 123391K(123392K)->123391K(123392K) From: 0K(448000K)->0K(447488K)
[99.148s][info][gc,heap        ] GC(333) ParOldGen: 9011032K(9011200K)->9011032K(9011200K)
[99.148s][info][gc,metaspace   ] GC(333) Metaspace: 6298K(6464K)->6298K(6464K) NonClass: 5765K(5824K)->5765K(5824K) Class: 533K(640K)->533K(640K)
[99.148s][info][gc             ] GC(333) Pause Full (Ergonomics) 8920M->8920M(9357M) 2590.381ms
[99.148s][info][gc,cpu         ] GC(333) User=19.89s Sys=0.00s Real=2.59s
[99.148s][info][gc,start       ] GC(334) Pause Full (Ergonomics)
[99.148s][info][gc,phases,start] GC(334) Marking Phase
[101.193s][info][gc,phases      ] GC(334) Marking Phase 2044.326ms
[101.193s][info][gc,phases,start] GC(334) Summary Phase
[101.193s][info][gc,phases      ] GC(334) Summary Phase 0.088ms
[101.193s][info][gc,phases,start] GC(334) Adjust Roots
[101.193s][info][gc,phases      ] GC(334) Adjust Roots 0.174ms
[101.193s][info][gc,phases,start] GC(334) Compaction Phase
[101.713s][info][gc,phases      ] GC(334) Compaction Phase 520.411ms
[101.713s][info][gc,phases,start] GC(334) Post Compact
[101.726s][info][gc,phases      ] GC(334) Post Compact 12.335ms
[101.726s][info][gc,heap        ] GC(334) PSYoungGen: 123391K(570880K)->123391K(571392K) Eden: 123391K(123392K)->123391K(123392K) From: 0K(447488K)->0K(448000K)
[101.726s][info][gc,heap        ] GC(334) ParOldGen: 9011037K(9011200K)->9011037K(9011200K)
[101.726s][info][gc,metaspace   ] GC(334) Metaspace: 6298K(6464K)->6298K(6464K) NonClass: 5765K(5824K)->5765K(5824K) Class: 533K(640K)->533K(640K)
[101.726s][info][gc             ] GC(334) Pause Full (Ergonomics) 8920M->8920M(9358M) 2577.644ms
[101.726s][info][gc,cpu         ] GC(334) User=19.70s Sys=0.00s Real=2.58s
[101.726s][info][gc,start       ] GC(335) Pause Full (Ergonomics)
[101.726s][info][gc,phases,start] GC(335) Marking Phase
[103.784s][info][gc,phases      ] GC(335) Marking Phase 2057.615ms
[103.784s][info][gc,phases,start] GC(335) Summary Phase
[103.784s][info][gc,phases      ] GC(335) Summary Phase 0.086ms
[103.784s][info][gc,phases,start] GC(335) Adjust Roots
[103.784s][info][gc,phases      ] GC(335) Adjust Roots 0.163ms
[103.784s][info][gc,phases,start] GC(335) Compaction Phase
[104.309s][info][gc,phases      ] GC(335) Compaction Phase 525.218ms
[104.309s][info][gc,phases,start] GC(335) Post Compact
[104.322s][info][gc,phases      ] GC(335) Post Compact 12.610ms
[104.322s][info][gc,heap        ] GC(335) PSYoungGen: 123391K(571392K)->123391K(570880K) Eden: 123391K(123392K)->123391K(123392K) From: 0K(448000K)->0K(447488K)
[104.322s][info][gc,heap        ] GC(335) ParOldGen: 9011042K(9011200K)->9011042K(9011200K)
[104.322s][info][gc,metaspace   ] GC(335) Metaspace: 6298K(6464K)->6298K(6464K) NonClass: 5765K(5824K)->5765K(5824K) Class: 533K(640K)->533K(640K)
[104.322s][info][gc             ] GC(335) Pause Full (Ergonomics) 8920M->8920M(9357M) 2596.034ms
[104.322s][info][gc,cpu         ] GC(335) User=19.86s Sys=0.00s Real=2.60s
[104.322s][info][gc,start       ] GC(336) Pause Full (Ergonomics)
[104.322s][info][gc,phases,start] GC(336) Marking Phase
[106.368s][info][gc,phases      ] GC(336) Marking Phase 2045.965ms
[106.368s][info][gc,phases,start] GC(336) Summary Phase
[106.369s][info][gc,phases      ] GC(336) Summary Phase 0.086ms
[106.369s][info][gc,phases,start] GC(336) Adjust Roots
[106.369s][info][gc,phases      ] GC(336) Adjust Roots 0.165ms
[106.369s][info][gc,phases,start] GC(336) Compaction Phase
[106.889s][info][gc,phases      ] GC(336) Compaction Phase 519.811ms
[106.889s][info][gc,phases,start] GC(336) Post Compact
[106.902s][info][gc,phases      ] GC(336) Post Compact 12.864ms
[106.902s][info][gc,heap        ] GC(336) PSYoungGen: 123391K(570880K)->123391K(571392K) Eden: 123391K(123392K)->123391K(123392K) From: 0K(447488K)->0K(448000K)
[106.902s][info][gc,heap        ] GC(336) ParOldGen: 9011047K(9011200K)->9011047K(9011200K)
[106.902s][info][gc,metaspace   ] GC(336) Metaspace: 6298K(6464K)->6298K(6464K) NonClass: 5765K(5824K)->5765K(5824K) Class: 533K(640K)->533K(640K)
[106.902s][info][gc             ] GC(336) Pause Full (Ergonomics) 8920M->8920M(9358M) 2579.231ms
[106.902s][info][gc,cpu         ] GC(336) User=19.94s Sys=0.00s Real=2.58s
[106.902s][info][gc,start       ] GC(337) Pause Full (Ergonomics)
[106.902s][info][gc,phases,start] GC(337) Marking Phase
[108.962s][info][gc,phases      ] GC(337) Marking Phase 2059.895ms
[108.962s][info][gc,phases,start] GC(337) Summary Phase
[108.962s][info][gc,phases      ] GC(337) Summary Phase 0.086ms
[108.962s][info][gc,phases,start] GC(337) Adjust Roots
[108.962s][info][gc,phases      ] GC(337) Adjust Roots 0.171ms
[108.962s][info][gc,phases,start] GC(337) Compaction Phase
[109.485s][info][gc,phases      ] GC(337) Compaction Phase 522.474ms
[109.485s][info][gc,phases,start] GC(337) Post Compact
[109.497s][info][gc,phases      ] GC(337) Post Compact 12.663ms
[109.497s][info][gc,heap        ] GC(337) PSYoungGen: 123391K(571392K)->123391K(570880K) Eden: 123391K(123392K)->123391K(123392K) From: 0K(448000K)->0K(447488K)
[109.497s][info][gc,heap        ] GC(337) ParOldGen: 9011052K(9011200K)->9011052K(9011200K)
[109.497s][info][gc,metaspace   ] GC(337) Metaspace: 6298K(6464K)->6298K(6464K) NonClass: 5765K(5824K)->5765K(5824K) Class: 533K(640K)->533K(640K)
[109.497s][info][gc             ] GC(337) Pause Full (Ergonomics) 8920M->8920M(9357M) 2595.637ms
[109.497s][info][gc,cpu         ] GC(337) User=20.02s Sys=0.00s Real=2.60s
[109.498s][info][gc,start       ] GC(338) Pause Full (Ergonomics)
[109.498s][info][gc,phases,start] GC(338) Marking Phase
[111.569s][info][gc,phases      ] GC(338) Marking Phase 2071.200ms
[111.569s][info][gc,phases,start] GC(338) Summary Phase
[111.569s][info][gc,phases      ] GC(338) Summary Phase 0.085ms
[111.569s][info][gc,phases,start] GC(338) Adjust Roots
[111.569s][info][gc,phases      ] GC(338) Adjust Roots 0.166ms
[111.569s][info][gc,phases,start] GC(338) Compaction Phase
[112.092s][info][gc,phases      ] GC(338) Compaction Phase 522.328ms
[112.092s][info][gc,phases,start] GC(338) Post Compact
[112.104s][info][gc,phases      ] GC(338) Post Compact 12.487ms
[112.104s][info][gc,heap        ] GC(338) PSYoungGen: 123391K(570880K)->123391K(571392K) Eden: 123391K(123392K)->123391K(123392K) From: 0K(447488K)->0K(448000K)
[112.104s][info][gc,heap        ] GC(338) ParOldGen: 9011056K(9011200K)->9011056K(9011200K)
[112.104s][info][gc,metaspace   ] GC(338) Metaspace: 6298K(6464K)->6298K(6464K) NonClass: 5765K(5824K)->5765K(5824K) Class: 533K(640K)->533K(640K)
[112.104s][info][gc             ] GC(338) Pause Full (Ergonomics) 8920M->8920M(9358M) 2606.597ms
[112.104s][info][gc,cpu         ] GC(338) User=20.17s Sys=0.00s Real=2.61s
[112.104s][info][gc,start       ] GC(339) Pause Full (Ergonomics)
[112.105s][info][gc,phases,start] GC(339) Marking Phase
[114.162s][info][gc,phases      ] GC(339) Marking Phase 2056.987ms
[114.162s][info][gc,phases,start] GC(339) Summary Phase
[114.162s][info][gc,phases      ] GC(339) Summary Phase 0.086ms
[114.162s][info][gc,phases,start] GC(339) Adjust Roots
[114.162s][info][gc,phases      ] GC(339) Adjust Roots 0.170ms
[114.162s][info][gc,phases,start] GC(339) Compaction Phase
[114.678s][info][gc,phases      ] GC(339) Compaction Phase 516.305ms
[114.678s][info][gc,phases,start] GC(339) Post Compact
[114.690s][info][gc,phases      ] GC(339) Post Compact 12.049ms
[114.690s][info][gc,heap        ] GC(339) PSYoungGen: 123391K(571392K)->123391K(570880K) Eden: 123391K(123392K)->123391K(123392K) From: 0K(448000K)->0K(447488K)
[114.690s][info][gc,heap        ] GC(339) ParOldGen: 9011061K(9011200K)->9011061K(9011200K)
[114.690s][info][gc,metaspace   ] GC(339) Metaspace: 6298K(6464K)->6298K(6464K) NonClass: 5765K(5824K)->5765K(5824K) Class: 533K(640K)->533K(640K)
[114.690s][info][gc             ] GC(339) Pause Full (Ergonomics) 8920M->8920M(9357M) 2585.936ms
[114.690s][info][gc,cpu         ] GC(339) User=19.94s Sys=0.00s Real=2.59s
[114.691s][info][gc,start       ] GC(340) Pause Full (Ergonomics)
[114.691s][info][gc,phases,start] GC(340) Marking Phase
[116.735s][info][gc,phases      ] GC(340) Marking Phase 2044.604ms
[116.735s][info][gc,phases,start] GC(340) Summary Phase
[116.735s][info][gc,phases      ] GC(340) Summary Phase 0.085ms
[116.735s][info][gc,phases,start] GC(340) Adjust Roots
[116.736s][info][gc,phases      ] GC(340) Adjust Roots 0.169ms
[116.736s][info][gc,phases,start] GC(340) Compaction Phase
[117.259s][info][gc,phases      ] GC(340) Compaction Phase 523.119ms
[117.259s][info][gc,phases,start] GC(340) Post Compact
[117.271s][info][gc,phases      ] GC(340) Post Compact 12.471ms
[117.271s][info][gc,heap        ] GC(340) PSYoungGen: 123391K(570880K)->123391K(571392K) Eden: 123391K(123392K)->123391K(123392K) From: 0K(447488K)->0K(448000K)
[117.271s][info][gc,heap        ] GC(340) ParOldGen: 9011066K(9011200K)->9011066K(9011200K)
[117.271s][info][gc,metaspace   ] GC(340) Metaspace: 6298K(6464K)->6298K(6464K) NonClass: 5765K(5824K)->5765K(5824K) Class: 533K(640K)->533K(640K)
[117.271s][info][gc             ] GC(340) Pause Full (Ergonomics) 8920M->8920M(9358M) 2580.773ms
[117.271s][info][gc,cpu         ] GC(340) User=19.88s Sys=0.00s Real=2.58s
[117.272s][info][gc,start       ] GC(341) Pause Full (Ergonomics)
[117.272s][info][gc,phases,start] GC(341) Marking Phase
[119.310s][info][gc,phases      ] GC(341) Marking Phase 2038.608ms
[119.310s][info][gc,phases,start] GC(341) Summary Phase
[119.310s][info][gc,phases      ] GC(341) Summary Phase 0.091ms
[119.310s][info][gc,phases,start] GC(341) Adjust Roots
[119.311s][info][gc,phases      ] GC(341) Adjust Roots 0.163ms
[119.311s][info][gc,phases,start] GC(341) Compaction Phase
[119.828s][info][gc,phases      ] GC(341) Compaction Phase 517.519ms
[119.828s][info][gc,phases,start] GC(341) Post Compact
[119.840s][info][gc,phases      ] GC(341) Post Compact 12.000ms
[119.840s][info][gc,heap        ] GC(341) PSYoungGen: 123391K(571392K)->123391K(570880K) Eden: 123391K(123392K)->123391K(123392K) From: 0K(448000K)->0K(447488K)
[119.840s][info][gc,heap        ] GC(341) ParOldGen: 9011071K(9011200K)->9011071K(9011200K)
[119.840s][info][gc,metaspace   ] GC(341) Metaspace: 6298K(6464K)->6298K(6464K) NonClass: 5765K(5824K)->5765K(5824K) Class: 533K(640K)->533K(640K)
[119.840s][info][gc             ] GC(341) Pause Full (Ergonomics) 8920M->8920M(9357M) 2568.684ms
[119.840s][info][gc,cpu         ] GC(341) User=19.89s Sys=0.00s Real=2.57s
[119.840s][info][gc,start       ] GC(342) Pause Full (Ergonomics)
[119.841s][info][gc,phases,start] GC(342) Marking Phase
[121.867s][info][gc,phases      ] GC(342) Marking Phase 2026.800ms
[121.867s][info][gc,phases,start] GC(342) Summary Phase
[121.868s][info][gc,phases      ] GC(342) Summary Phase 0.085ms
[121.868s][info][gc,phases,start] GC(342) Adjust Roots
[121.868s][info][gc,phases      ] GC(342) Adjust Roots 0.176ms
[121.868s][info][gc,phases,start] GC(342) Compaction Phase
[122.399s][info][gc,phases      ] GC(342) Compaction Phase 531.156ms
[122.399s][info][gc,phases,start] GC(342) Post Compact
[122.412s][info][gc,phases      ] GC(342) Post Compact 12.760ms
[122.412s][info][gc,heap        ] GC(342) PSYoungGen: 123391K(570880K)->123391K(571392K) Eden: 123391K(123392K)->123391K(123392K) From: 0K(447488K)->0K(448000K)
[122.412s][info][gc,heap        ] GC(342) ParOldGen: 9011076K(9011200K)->9011076K(9011200K)
[122.412s][info][gc,metaspace   ] GC(342) Metaspace: 6298K(6464K)->6298K(6464K) NonClass: 5765K(5824K)->5765K(5824K) Class: 533K(640K)->533K(640K)
[122.412s][info][gc             ] GC(342) Pause Full (Ergonomics) 8920M->8920M(9358M) 2571.412ms
[122.412s][info][gc,cpu         ] GC(342) User=19.81s Sys=0.00s Real=2.57s
[122.412s][info][gc,start       ] GC(343) Pause Full (Ergonomics)
[122.412s][info][gc,phases,start] GC(343) Marking Phase
[124.452s][info][gc,phases      ] GC(343) Marking Phase 2039.587ms
[124.452s][info][gc,phases,start] GC(343) Summary Phase
[124.452s][info][gc,phases      ] GC(343) Summary Phase 0.086ms
[124.452s][info][gc,phases,start] GC(343) Adjust Roots
[124.452s][info][gc,phases      ] GC(343) Adjust Roots 0.167ms
[124.452s][info][gc,phases,start] GC(343) Compaction Phase
[124.983s][info][gc,phases      ] GC(343) Compaction Phase 531.155ms
[124.983s][info][gc,phases,start] GC(343) Post Compact
[124.996s][info][gc,phases      ] GC(343) Post Compact 12.734ms
[124.996s][info][gc,heap        ] GC(343) PSYoungGen: 123391K(571392K)->123391K(570880K) Eden: 123391K(123392K)->123391K(123392K) From: 0K(448000K)->0K(447488K)
[124.996s][info][gc,heap        ] GC(343) ParOldGen: 9011081K(9011200K)->9011081K(9011200K)
[124.996s][info][gc,metaspace   ] GC(343) Metaspace: 6298K(6464K)->6298K(6464K) NonClass: 5765K(5824K)->5765K(5824K) Class: 533K(640K)->533K(640K)
[124.996s][info][gc             ] GC(343) Pause Full (Ergonomics) 8920M->8920M(9357M) 2584.037ms
[124.996s][info][gc,cpu         ] GC(343) User=19.81s Sys=0.02s Real=2.59s
[124.996s][info][gc,start       ] GC(344) Pause Full (Ergonomics)
[124.996s][info][gc,phases,start] GC(344) Marking Phase
[127.040s][info][gc,phases      ] GC(344) Marking Phase 2043.706ms
[127.040s][info][gc,phases,start] GC(344) Summary Phase
[127.040s][info][gc,phases      ] GC(344) Summary Phase 0.084ms
[127.040s][info][gc,phases,start] GC(344) Adjust Roots
[127.040s][info][gc,phases      ] GC(344) Adjust Roots 0.162ms
[127.040s][info][gc,phases,start] GC(344) Compaction Phase
[127.566s][info][gc,phases      ] GC(344) Compaction Phase 525.953ms
[127.566s][info][gc,phases,start] GC(344) Post Compact
[127.579s][info][gc,phases      ] GC(344) Post Compact 12.463ms
[127.579s][info][gc,heap        ] GC(344) PSYoungGen: 123391K(570880K)->123391K(571392K) Eden: 123391K(123392K)->123391K(123392K) From: 0K(447488K)->0K(448000K)
[127.579s][info][gc,heap        ] GC(344) ParOldGen: 9011085K(9011200K)->9011085K(9011200K)
[127.579s][info][gc,metaspace   ] GC(344) Metaspace: 6298K(6464K)->6298K(6464K) NonClass: 5765K(5824K)->5765K(5824K) Class: 533K(640K)->533K(640K)
[127.579s][info][gc             ] GC(344) Pause Full (Ergonomics) 8920M->8920M(9358M) 2582.703ms
[127.579s][info][gc,cpu         ] GC(344) User=19.88s Sys=0.00s Real=2.58s
[127.579s][info][gc,start       ] GC(345) Pause Full (Ergonomics)
[127.579s][info][gc,phases,start] GC(345) Marking Phase
[129.600s][info][gc,phases      ] GC(345) Marking Phase 2021.103ms
[129.600s][info][gc,phases,start] GC(345) Summary Phase
[129.601s][info][gc,phases      ] GC(345) Summary Phase 0.090ms
[129.601s][info][gc,phases,start] GC(345) Adjust Roots
[129.601s][info][gc,phases      ] GC(345) Adjust Roots 0.237ms
[129.601s][info][gc,phases,start] GC(345) Compaction Phase
[130.132s][info][gc,phases      ] GC(345) Compaction Phase 531.252ms
[130.132s][info][gc,phases,start] GC(345) Post Compact
[130.145s][info][gc,phases      ] GC(345) Post Compact 12.797ms
[130.145s][info][gc,heap        ] GC(345) PSYoungGen: 123391K(571392K)->123391K(570880K) Eden: 123391K(123392K)->123391K(123392K) From: 0K(448000K)->0K(447488K)
[130.145s][info][gc,heap        ] GC(345) ParOldGen: 9011090K(9011200K)->9011090K(9011200K)
[130.145s][info][gc,metaspace   ] GC(345) Metaspace: 6298K(6464K)->6298K(6464K) NonClass: 5765K(5824K)->5765K(5824K) Class: 533K(640K)->533K(640K)
[130.145s][info][gc             ] GC(345) Pause Full (Ergonomics) 8920M->8920M(9357M) 2565.800ms
[130.145s][info][gc,cpu         ] GC(345) User=19.64s Sys=0.00s Real=2.57s
[130.145s][info][gc,start       ] GC(346) Pause Full (Ergonomics)
[130.145s][info][gc,phases,start] GC(346) Marking Phase
[132.206s][info][gc,phases      ] GC(346) Marking Phase 2060.853ms
[132.206s][info][gc,phases,start] GC(346) Summary Phase
[132.206s][info][gc,phases      ] GC(346) Summary Phase 0.126ms
[132.206s][info][gc,phases,start] GC(346) Adjust Roots
[132.207s][info][gc,phases      ] GC(346) Adjust Roots 0.194ms
[132.207s][info][gc,phases,start] GC(346) Compaction Phase
[132.741s][info][gc,phases      ] GC(346) Compaction Phase 534.794ms
[132.741s][info][gc,phases,start] GC(346) Post Compact
[132.754s][info][gc,phases      ] GC(346) Post Compact 12.906ms
[132.754s][info][gc,heap        ] GC(346) PSYoungGen: 123391K(570880K)->123391K(571392K) Eden: 123391K(123392K)->123391K(123392K) From: 0K(447488K)->0K(448000K)
[132.754s][info][gc,heap        ] GC(346) ParOldGen: 9011095K(9011200K)->9011095K(9011200K)
[132.754s][info][gc,metaspace   ] GC(346) Metaspace: 6298K(6464K)->6298K(6464K) NonClass: 5765K(5824K)->5765K(5824K) Class: 533K(640K)->533K(640K)
[132.754s][info][gc             ] GC(346) Pause Full (Ergonomics) 8920M->8920M(9358M) 2609.212ms
[132.754s][info][gc,cpu         ] GC(346) User=19.95s Sys=0.00s Real=2.61s
[132.755s][info][gc,start       ] GC(347) Pause Full (Ergonomics)
[132.755s][info][gc,phases,start] GC(347) Marking Phase
[134.812s][info][gc,phases      ] GC(347) Marking Phase 2057.304ms
[134.812s][info][gc,phases,start] GC(347) Summary Phase
[134.812s][info][gc,phases      ] GC(347) Summary Phase 0.085ms
[134.812s][info][gc,phases,start] GC(347) Adjust Roots
[134.812s][info][gc,phases      ] GC(347) Adjust Roots 0.187ms
[134.812s][info][gc,phases,start] GC(347) Compaction Phase
[135.338s][info][gc,phases      ] GC(347) Compaction Phase 525.278ms
[135.338s][info][gc,phases,start] GC(347) Post Compact
[135.350s][info][gc,phases      ] GC(347) Post Compact 12.481ms
[135.350s][info][gc,heap        ] GC(347) PSYoungGen: 123391K(571392K)->123391K(570880K) Eden: 123391K(123392K)->123391K(123392K) From: 0K(448000K)->0K(447488K)
[135.350s][info][gc,heap        ] GC(347) ParOldGen: 9011100K(9011200K)->9011100K(9011200K)
[135.350s][info][gc,metaspace   ] GC(347) Metaspace: 6298K(6464K)->6298K(6464K) NonClass: 5765K(5824K)->5765K(5824K) Class: 533K(640K)->533K(640K)
[135.350s][info][gc             ] GC(347) Pause Full (Ergonomics) 8920M->8920M(9357M) 2595.650ms
[135.350s][info][gc,cpu         ] GC(347) User=20.05s Sys=0.02s Real=2.60s
[135.350s][info][gc,start       ] GC(348) Pause Full (Ergonomics)
[135.351s][info][gc,phases,start] GC(348) Marking Phase
[137.410s][info][gc,phases      ] GC(348) Marking Phase 2059.501ms
[137.410s][info][gc,phases,start] GC(348) Summary Phase
[137.410s][info][gc,phases      ] GC(348) Summary Phase 0.085ms
[137.410s][info][gc,phases,start] GC(348) Adjust Roots
[137.410s][info][gc,phases      ] GC(348) Adjust Roots 0.172ms
[137.410s][info][gc,phases,start] GC(348) Compaction Phase
[137.929s][info][gc,phases      ] GC(348) Compaction Phase 518.431ms
[137.929s][info][gc,phases,start] GC(348) Post Compact
[137.941s][info][gc,phases      ] GC(348) Post Compact 12.201ms
[137.941s][info][gc,heap        ] GC(348) PSYoungGen: 123391K(570880K)->123391K(571392K) Eden: 123391K(123392K)->123391K(123392K) From: 0K(447488K)->0K(448000K)
[137.941s][info][gc,heap        ] GC(348) ParOldGen: 9011105K(9011200K)->9011105K(9011200K)
[137.941s][info][gc,metaspace   ] GC(348) Metaspace: 6298K(6464K)->6298K(6464K) NonClass: 5765K(5824K)->5765K(5824K) Class: 533K(640K)->533K(640K)
[137.941s][info][gc             ] GC(348) Pause Full (Ergonomics) 8920M->8920M(9358M) 2590.797ms
[137.941s][info][gc,cpu         ] GC(348) User=19.84s Sys=0.00s Real=2.59s
[137.942s][info][gc,start       ] GC(349) Pause Full (Ergonomics)
[137.942s][info][gc,phases,start] GC(349) Marking Phase
[139.961s][info][gc,phases      ] GC(349) Marking Phase 2019.730ms
[139.961s][info][gc,phases,start] GC(349) Summary Phase
[139.961s][info][gc,phases      ] GC(349) Summary Phase 0.085ms
[139.961s][info][gc,phases,start] GC(349) Adjust Roots
[139.962s][info][gc,phases      ] GC(349) Adjust Roots 0.163ms
[139.962s][info][gc,phases,start] GC(349) Compaction Phase
[140.490s][info][gc,phases      ] GC(349) Compaction Phase 528.338ms
[140.490s][info][gc,phases,start] GC(349) Post Compact
[140.503s][info][gc,phases      ] GC(349) Post Compact 12.934ms
[140.503s][info][gc,heap        ] GC(349) PSYoungGen: 123391K(571392K)->123391K(570880K) Eden: 123391K(123392K)->123391K(123392K) From: 0K(448000K)->0K(447488K)
[140.503s][info][gc,heap        ] GC(349) ParOldGen: 9011110K(9011200K)->9011110K(9011200K)
[140.503s][info][gc,metaspace   ] GC(349) Metaspace: 6298K(6464K)->6298K(6464K) NonClass: 5765K(5824K)->5765K(5824K) Class: 533K(640K)->533K(640K)
[140.503s][info][gc             ] GC(349) Pause Full (Ergonomics) 8920M->8920M(9357M) 2561.584ms
[140.503s][info][gc,cpu         ] GC(349) User=19.70s Sys=0.00s Real=2.56s
[140.503s][info][gc,start       ] GC(350) Pause Full (Ergonomics)
[140.503s][info][gc,phases,start] GC(350) Marking Phase
[142.556s][info][gc,phases      ] GC(350) Marking Phase 2052.755ms
[142.556s][info][gc,phases,start] GC(350) Summary Phase
[142.556s][info][gc,phases      ] GC(350) Summary Phase 0.096ms
[142.556s][info][gc,phases,start] GC(350) Adjust Roots
[142.556s][info][gc,phases      ] GC(350) Adjust Roots 0.230ms
[142.557s][info][gc,phases,start] GC(350) Compaction Phase
[143.083s][info][gc,phases      ] GC(350) Compaction Phase 526.533ms
[143.083s][info][gc,phases,start] GC(350) Post Compact
[143.097s][info][gc,phases      ] GC(350) Post Compact 13.877ms
[143.097s][info][gc,heap        ] GC(350) PSYoungGen: 123391K(570880K)->123391K(571392K) Eden: 123391K(123392K)->123391K(123392K) From: 0K(447488K)->0K(448000K)
[143.097s][info][gc,heap        ] GC(350) ParOldGen: 9011114K(9011200K)->9011114K(9011200K)
[143.097s][info][gc,metaspace   ] GC(350) Metaspace: 6298K(6464K)->6298K(6464K) NonClass: 5765K(5824K)->5765K(5824K) Class: 533K(640K)->533K(640K)
[143.097s][info][gc             ] GC(350) Pause Full (Ergonomics) 8920M->8920M(9358M) 2593.864ms
[143.097s][info][gc,cpu         ] GC(350) User=19.97s Sys=0.02s Real=2.59s
[143.097s][info][gc,start       ] GC(351) Pause Full (Ergonomics)
[143.097s][info][gc,phases,start] GC(351) Marking Phase
[145.112s][info][gc,phases      ] GC(351) Marking Phase 2014.681ms
[145.112s][info][gc,phases,start] GC(351) Summary Phase
[145.112s][info][gc,phases      ] GC(351) Summary Phase 0.107ms
[145.112s][info][gc,phases,start] GC(351) Adjust Roots
[145.112s][info][gc,phases      ] GC(351) Adjust Roots 0.239ms
[145.113s][info][gc,phases,start] GC(351) Compaction Phase
[145.636s][info][gc,phases      ] GC(351) Compaction Phase 523.529ms
[145.636s][info][gc,phases,start] GC(351) Post Compact
[145.649s][info][gc,phases      ] GC(351) Post Compact 13.094ms
[145.649s][info][gc,heap        ] GC(351) PSYoungGen: 123391K(571392K)->123391K(570880K) Eden: 123391K(123392K)->123391K(123392K) From: 0K(448000K)->0K(447488K)
[145.649s][info][gc,heap        ] GC(351) ParOldGen: 9011119K(9011200K)->9011119K(9011200K)
[145.649s][info][gc,metaspace   ] GC(351) Metaspace: 6298K(6464K)->6298K(6464K) NonClass: 5765K(5824K)->5765K(5824K) Class: 533K(640K)->533K(640K)
[145.649s][info][gc             ] GC(351) Pause Full (Ergonomics) 8920M->8920M(9357M) 2552.005ms
[145.649s][info][gc,cpu         ] GC(351) User=19.45s Sys=0.00s Real=2.55s
[145.650s][info][gc,start       ] GC(352) Pause Full (Ergonomics)
[145.650s][info][gc,phases,start] GC(352) Marking Phase
[147.707s][info][gc,phases      ] GC(352) Marking Phase 2056.995ms
[147.707s][info][gc,phases,start] GC(352) Summary Phase
[147.707s][info][gc,phases      ] GC(352) Summary Phase 0.098ms
[147.707s][info][gc,phases,start] GC(352) Adjust Roots
[147.707s][info][gc,phases      ] GC(352) Adjust Roots 0.252ms
[147.707s][info][gc,phases,start] GC(352) Compaction Phase
[148.240s][info][gc,phases      ] GC(352) Compaction Phase 533.059ms
[148.240s][info][gc,phases,start] GC(352) Post Compact
[148.252s][info][gc,phases      ] GC(352) Post Compact 12.269ms
[148.253s][info][gc,heap        ] GC(352) PSYoungGen: 123391K(570880K)->123391K(571392K) Eden: 123391K(123392K)->123391K(123392K) From: 0K(447488K)->0K(448000K)
[148.253s][info][gc,heap        ] GC(352) ParOldGen: 9011124K(9011200K)->9011124K(9011200K)
[148.253s][info][gc,metaspace   ] GC(352) Metaspace: 6298K(6464K)->6298K(6464K) NonClass: 5765K(5824K)->5765K(5824K) Class: 533K(640K)->533K(640K)
[148.253s][info][gc             ] GC(352) Pause Full (Ergonomics) 8920M->8920M(9358M) 2602.994ms
[148.253s][info][gc,cpu         ] GC(352) User=19.88s Sys=0.00s Real=2.60s
[148.253s][info][gc,start       ] GC(353) Pause Full (Ergonomics)
[148.253s][info][gc,phases,start] GC(353) Marking Phase
[150.312s][info][gc,phases      ] GC(353) Marking Phase 2059.233ms
[150.312s][info][gc,phases,start] GC(353) Summary Phase
[150.312s][info][gc,phases      ] GC(353) Summary Phase 0.086ms
[150.312s][info][gc,phases,start] GC(353) Adjust Roots
[150.312s][info][gc,phases      ] GC(353) Adjust Roots 0.170ms
[150.312s][info][gc,phases,start] GC(353) Compaction Phase
[150.833s][info][gc,phases      ] GC(353) Compaction Phase 520.690ms
[150.833s][info][gc,phases,start] GC(353) Post Compact
[150.845s][info][gc,phases      ] GC(353) Post Compact 12.225ms
[150.845s][info][gc,heap        ] GC(353) PSYoungGen: 123391K(571392K)->123391K(570880K) Eden: 123391K(123392K)->123391K(123392K) From: 0K(448000K)->0K(447488K)
[150.845s][info][gc,heap        ] GC(353) ParOldGen: 9011129K(9011200K)->9011129K(9011200K)
[150.845s][info][gc,metaspace   ] GC(353) Metaspace: 6298K(6464K)->6298K(6464K) NonClass: 5765K(5824K)->5765K(5824K) Class: 533K(640K)->533K(640K)
[150.845s][info][gc             ] GC(353) Pause Full (Ergonomics) 8920M->8920M(9357M) 2592.728ms
[150.845s][info][gc,cpu         ] GC(353) User=20.02s Sys=0.00s Real=2.59s
[150.846s][info][gc,start       ] GC(354) Pause Full (Ergonomics)
[150.846s][info][gc,phases,start] GC(354) Marking Phase
[152.895s][info][gc,phases      ] GC(354) Marking Phase 2048.801ms
[152.895s][info][gc,phases,start] GC(354) Summary Phase
[152.895s][info][gc,phases      ] GC(354) Summary Phase 0.092ms
[152.895s][info][gc,phases,start] GC(354) Adjust Roots
[152.895s][info][gc,phases      ] GC(354) Adjust Roots 0.214ms
[152.895s][info][gc,phases,start] GC(354) Compaction Phase
[153.417s][info][gc,phases      ] GC(354) Compaction Phase 522.120ms
[153.417s][info][gc,phases,start] GC(354) Post Compact
[153.430s][info][gc,phases      ] GC(354) Post Compact 12.578ms
[153.430s][info][gc,heap        ] GC(354) PSYoungGen: 123391K(570880K)->123391K(571392K) Eden: 123391K(123392K)->123391K(123392K) From: 0K(447488K)->0K(448000K)
[153.430s][info][gc,heap        ] GC(354) ParOldGen: 9011134K(9011200K)->9011134K(9011200K)
[153.430s][info][gc,metaspace   ] GC(354) Metaspace: 6298K(6464K)->6298K(6464K) NonClass: 5765K(5824K)->5765K(5824K) Class: 533K(640K)->533K(640K)
[153.430s][info][gc             ] GC(354) Pause Full (Ergonomics) 8920M->8920M(9358M) 2584.119ms
[153.430s][info][gc,cpu         ] GC(354) User=19.88s Sys=0.00s Real=2.58s
[153.430s][info][gc,start       ] GC(355) Pause Full (Ergonomics)
[153.430s][info][gc,phases,start] GC(355) Marking Phase
[155.508s][info][gc,phases      ] GC(355) Marking Phase 2077.979ms
[155.508s][info][gc,phases,start] GC(355) Summary Phase
[155.508s][info][gc,phases      ] GC(355) Summary Phase 0.099ms
[155.508s][info][gc,phases,start] GC(355) Adjust Roots
[155.508s][info][gc,phases      ] GC(355) Adjust Roots 0.263ms
[155.508s][info][gc,phases,start] GC(355) Compaction Phase
[156.035s][info][gc,phases      ] GC(355) Compaction Phase 526.230ms
[156.035s][info][gc,phases,start] GC(355) Post Compact
[156.047s][info][gc,phases      ] GC(355) Post Compact 12.572ms
[156.047s][info][gc,heap        ] GC(355) PSYoungGen: 123391K(571392K)->123391K(570880K) Eden: 123391K(123392K)->123391K(123392K) From: 0K(448000K)->0K(447488K)
[156.047s][info][gc,heap        ] GC(355) ParOldGen: 9011139K(9011200K)->9011139K(9011200K)
[156.047s][info][gc,metaspace   ] GC(355) Metaspace: 6298K(6464K)->6298K(6464K) NonClass: 5765K(5824K)->5765K(5824K) Class: 533K(640K)->533K(640K)
[156.047s][info][gc             ] GC(355) Pause Full (Ergonomics) 8920M->8920M(9357M) 2617.477ms
[156.047s][info][gc,cpu         ] GC(355) User=20.09s Sys=0.00s Real=2.62s
[156.048s][info][gc,start       ] GC(356) Pause Full (Ergonomics)
[156.048s][info][gc,phases,start] GC(356) Marking Phase
[158.109s][info][gc,phases      ] GC(356) Marking Phase 2060.962ms
[158.109s][info][gc,phases,start] GC(356) Summary Phase
[158.109s][info][gc,phases      ] GC(356) Summary Phase 0.140ms
[158.109s][info][gc,phases,start] GC(356) Adjust Roots
[158.109s][info][gc,phases      ] GC(356) Adjust Roots 0.340ms
[158.109s][info][gc,phases,start] GC(356) Compaction Phase
[158.632s][info][gc,phases      ] GC(356) Compaction Phase 522.580ms
[158.632s][info][gc,phases,start] GC(356) Post Compact
[158.645s][info][gc,phases      ] GC(356) Post Compact 12.507ms
[158.645s][info][gc,heap        ] GC(356) PSYoungGen: 123391K(570880K)->123391K(571392K) Eden: 123391K(123392K)->123391K(123392K) From: 0K(447488K)->0K(448000K)
[158.645s][info][gc,heap        ] GC(356) ParOldGen: 9011143K(9011200K)->9011143K(9011200K)
[158.645s][info][gc,metaspace   ] GC(356) Metaspace: 6298K(6464K)->6298K(6464K) NonClass: 5765K(5824K)->5765K(5824K) Class: 533K(640K)->533K(640K)
[158.645s][info][gc             ] GC(356) Pause Full (Ergonomics) 8920M->8920M(9358M) 2596.943ms
[158.645s][info][gc,cpu         ] GC(356) User=20.06s Sys=0.00s Real=2.60s
[158.645s][info][gc,start       ] GC(357) Pause Full (Ergonomics)
[158.645s][info][gc,phases,start] GC(357) Marking Phase
[160.710s][info][gc,phases      ] GC(357) Marking Phase 2065.130ms
[160.710s][info][gc,phases,start] GC(357) Summary Phase
[160.710s][info][gc,phases      ] GC(357) Summary Phase 0.103ms
[160.710s][info][gc,phases,start] GC(357) Adjust Roots
[160.710s][info][gc,phases      ] GC(357) Adjust Roots 0.183ms
[160.710s][info][gc,phases,start] GC(357) Compaction Phase
[161.244s][info][gc,phases      ] GC(357) Compaction Phase 533.548ms
[161.244s][info][gc,phases,start] GC(357) Post Compact
[161.257s][info][gc,phases      ] GC(357) Post Compact 13.003ms
[161.257s][info][gc,heap        ] GC(357) PSYoungGen: 123391K(571392K)->123391K(570880K) Eden: 123391K(123392K)->123391K(123392K) From: 0K(448000K)->0K(447488K)
[161.257s][info][gc,heap        ] GC(357) ParOldGen: 9011148K(9011200K)->9011148K(9011200K)
[161.257s][info][gc,metaspace   ] GC(357) Metaspace: 6298K(6464K)->6298K(6464K) NonClass: 5765K(5824K)->5765K(5824K) Class: 533K(640K)->533K(640K)
[161.257s][info][gc             ] GC(357) Pause Full (Ergonomics) 8920M->8920M(9357M) 2612.301ms
[161.257s][info][gc,cpu         ] GC(357) User=19.94s Sys=0.00s Real=2.61s
[161.257s][info][gc,start       ] GC(358) Pause Full (Ergonomics)
[161.257s][info][gc,phases,start] GC(358) Marking Phase
[163.332s][info][gc,phases      ] GC(358) Marking Phase 2074.324ms
[163.332s][info][gc,phases,start] GC(358) Summary Phase
[163.332s][info][gc,phases      ] GC(358) Summary Phase 0.090ms
[163.332s][info][gc,phases,start] GC(358) Adjust Roots
[163.332s][info][gc,phases      ] GC(358) Adjust Roots 0.165ms
[163.332s][info][gc,phases,start] GC(358) Compaction Phase
[163.864s][info][gc,phases      ] GC(358) Compaction Phase 531.665ms
[163.864s][info][gc,phases,start] GC(358) Post Compact
[163.877s][info][gc,phases      ] GC(358) Post Compact 12.729ms
[163.877s][info][gc,heap        ] GC(358) PSYoungGen: 123391K(570880K)->123391K(571392K) Eden: 123391K(123392K)->123391K(123392K) From: 0K(447488K)->0K(448000K)
[163.877s][info][gc,heap        ] GC(358) ParOldGen: 9011153K(9011200K)->9011153K(9011200K)
[163.877s][info][gc,metaspace   ] GC(358) Metaspace: 6298K(6464K)->6298K(6464K) NonClass: 5765K(5824K)->5765K(5824K) Class: 533K(640K)->533K(640K)
[163.877s][info][gc             ] GC(358) Pause Full (Ergonomics) 8920M->8920M(9358M) 2619.317ms
[163.877s][info][gc,cpu         ] GC(358) User=20.03s Sys=0.00s Real=2.62s
[163.877s][info][gc,start       ] GC(359) Pause Full (Ergonomics)
[163.877s][info][gc,phases,start] GC(359) Marking Phase
[165.901s][info][gc,phases      ] GC(359) Marking Phase 2024.347ms
[165.901s][info][gc,phases,start] GC(359) Summary Phase
[165.901s][info][gc,phases      ] GC(359) Summary Phase 0.085ms
[165.901s][info][gc,phases,start] GC(359) Adjust Roots
[165.902s][info][gc,phases      ] GC(359) Adjust Roots 0.162ms
[165.902s][info][gc,phases,start] GC(359) Compaction Phase
[166.423s][info][gc,phases      ] GC(359) Compaction Phase 521.348ms
[166.423s][info][gc,phases,start] GC(359) Post Compact
[166.435s][info][gc,phases      ] GC(359) Post Compact 11.586ms
[166.435s][info][gc,heap        ] GC(359) PSYoungGen: 123391K(571392K)->123391K(570880K) Eden: 123391K(123392K)->123391K(123392K) From: 0K(448000K)->0K(447488K)
[166.435s][info][gc,heap        ] GC(359) ParOldGen: 9011158K(9011200K)->9011158K(9011200K)
[166.435s][info][gc,metaspace   ] GC(359) Metaspace: 6298K(6464K)->6298K(6464K) NonClass: 5765K(5824K)->5765K(5824K) Class: 533K(640K)->533K(640K)
[166.435s][info][gc             ] GC(359) Pause Full (Ergonomics) 8920M->8920M(9357M) 2557.862ms
[166.435s][info][gc,cpu         ] GC(359) User=19.94s Sys=0.02s Real=2.56s
[166.435s][info][gc,start       ] GC(360) Pause Full (Ergonomics)
[166.435s][info][gc,phases,start] GC(360) Marking Phase
[168.475s][info][gc,phases      ] GC(360) Marking Phase 2039.635ms
[168.475s][info][gc,phases,start] GC(360) Summary Phase
[168.475s][info][gc,phases      ] GC(360) Summary Phase 0.085ms
[168.475s][info][gc,phases,start] GC(360) Adjust Roots
[168.475s][info][gc,phases      ] GC(360) Adjust Roots 0.164ms
[168.475s][info][gc,phases,start] GC(360) Compaction Phase
[169.026s][info][gc,phases      ] GC(360) Compaction Phase 551.062ms
[169.026s][info][gc,phases,start] GC(360) Post Compact
[169.039s][info][gc,phases      ] GC(360) Post Compact 13.200ms
[169.039s][info][gc,heap        ] GC(360) PSYoungGen: 123391K(570880K)->123391K(571392K) Eden: 123391K(123392K)->123391K(123392K) From: 0K(447488K)->0K(448000K)
[169.039s][info][gc,heap        ] GC(360) ParOldGen: 9011163K(9011200K)->9011163K(9011200K)
[169.039s][info][gc,metaspace   ] GC(360) Metaspace: 6298K(6464K)->6298K(6464K) NonClass: 5765K(5824K)->5765K(5824K) Class: 533K(640K)->533K(640K)
[169.039s][info][gc             ] GC(360) Pause Full (Ergonomics) 8920M->8920M(9358M) 2604.462ms
[169.039s][info][gc,cpu         ] GC(360) User=19.84s Sys=0.00s Real=2.61s
[169.040s][info][gc,start       ] GC(361) Pause Full (Ergonomics)
[169.040s][info][gc,phases,start] GC(361) Marking Phase
[171.077s][info][gc,phases      ] GC(361) Marking Phase 2037.313ms
[171.077s][info][gc,phases,start] GC(361) Summary Phase
[171.077s][info][gc,phases      ] GC(361) Summary Phase 0.085ms
[171.077s][info][gc,phases,start] GC(361) Adjust Roots
[171.077s][info][gc,phases      ] GC(361) Adjust Roots 0.173ms
[171.077s][info][gc,phases,start] GC(361) Compaction Phase
[171.622s][info][gc,phases      ] GC(361) Compaction Phase 544.482ms
[171.622s][info][gc,phases,start] GC(361) Post Compact
[171.635s][info][gc,phases      ] GC(361) Post Compact 13.155ms
[171.635s][info][gc,heap        ] GC(361) PSYoungGen: 123391K(571392K)->123391K(570880K) Eden: 123391K(123392K)->123391K(123392K) From: 0K(448000K)->0K(447488K)
[171.635s][info][gc,heap        ] GC(361) ParOldGen: 9011168K(9011200K)->9011168K(9011200K)
[171.635s][info][gc,metaspace   ] GC(361) Metaspace: 6298K(6464K)->6298K(6464K) NonClass: 5765K(5824K)->5765K(5824K) Class: 533K(640K)->533K(640K)
[171.635s][info][gc             ] GC(361) Pause Full (Ergonomics) 8920M->8920M(9357M) 2595.563ms
[171.635s][info][gc,cpu         ] GC(361) User=19.77s Sys=0.00s Real=2.60s
[171.635s][info][gc,start       ] GC(362) Pause Full (Ergonomics)
[171.635s][info][gc,phases,start] GC(362) Marking Phase
[173.673s][info][gc,phases      ] GC(362) Marking Phase 2037.727ms
[173.673s][info][gc,phases,start] GC(362) Summary Phase
[173.673s][info][gc,phases      ] GC(362) Summary Phase 0.086ms
[173.673s][info][gc,phases,start] GC(362) Adjust Roots
[173.673s][info][gc,phases      ] GC(362) Adjust Roots 0.165ms
[173.674s][info][gc,phases,start] GC(362) Compaction Phase
[174.201s][info][gc,phases      ] GC(362) Compaction Phase 527.310ms
[174.201s][info][gc,phases,start] GC(362) Post Compact
[174.214s][info][gc,phases      ] GC(362) Post Compact 12.640ms
[174.214s][info][gc,heap        ] GC(362) PSYoungGen: 123391K(570880K)->123391K(571392K) Eden: 123391K(123392K)->123391K(123392K) From: 0K(447488K)->0K(448000K)
[174.214s][info][gc,heap        ] GC(362) ParOldGen: 9011172K(9011200K)->9011172K(9011200K)
[174.214s][info][gc,metaspace   ] GC(362) Metaspace: 6298K(6464K)->6298K(6464K) NonClass: 5765K(5824K)->5765K(5824K) Class: 533K(640K)->533K(640K)
[174.214s][info][gc             ] GC(362) Pause Full (Ergonomics) 8920M->8920M(9358M) 2578.248ms
[174.214s][info][gc,cpu         ] GC(362) User=19.75s Sys=0.00s Real=2.58s
[174.214s][info][gc,start       ] GC(363) Pause Full (Ergonomics)
[174.214s][info][gc,phases,start] GC(363) Marking Phase
[176.273s][info][gc,phases      ] GC(363) Marking Phase 2058.929ms
[176.273s][info][gc,phases,start] GC(363) Summary Phase
[176.273s][info][gc,phases      ] GC(363) Summary Phase 0.085ms
[176.273s][info][gc,phases,start] GC(363) Adjust Roots
[176.273s][info][gc,phases      ] GC(363) Adjust Roots 0.166ms
[176.273s][info][gc,phases,start] GC(363) Compaction Phase
[176.806s][info][gc,phases      ] GC(363) Compaction Phase 532.849ms
[176.806s][info][gc,phases,start] GC(363) Post Compact
[176.819s][info][gc,phases      ] GC(363) Post Compact 12.867ms
[176.819s][info][gc,heap        ] GC(363) PSYoungGen: 123391K(571392K)->123391K(570880K) Eden: 123391K(123392K)->123391K(123392K) From: 0K(448000K)->0K(447488K)
[176.819s][info][gc,heap        ] GC(363) ParOldGen: 9011177K(9011200K)->9011177K(9011200K)
[176.819s][info][gc,metaspace   ] GC(363) Metaspace: 6298K(6464K)->6298K(6464K) NonClass: 5765K(5824K)->5765K(5824K) Class: 533K(640K)->533K(640K)
[176.819s][info][gc             ] GC(363) Pause Full (Ergonomics) 8920M->8920M(9357M) 2605.239ms
[176.819s][info][gc,cpu         ] GC(363) User=19.98s Sys=0.00s Real=2.61s
[176.819s][info][gc,start       ] GC(364) Pause Full (Ergonomics)
[176.819s][info][gc,phases,start] GC(364) Marking Phase
[178.860s][info][gc,phases      ] GC(364) Marking Phase 2040.289ms
[178.860s][info][gc,phases,start] GC(364) Summary Phase
[178.860s][info][gc,phases      ] GC(364) Summary Phase 0.086ms
[178.860s][info][gc,phases,start] GC(364) Adjust Roots
[178.860s][info][gc,phases      ] GC(364) Adjust Roots 0.172ms
[178.860s][info][gc,phases,start] GC(364) Compaction Phase
[179.383s][info][gc,phases      ] GC(364) Compaction Phase 522.877ms
[179.383s][info][gc,phases,start] GC(364) Post Compact
[179.395s][info][gc,phases      ] GC(364) Post Compact 12.299ms
[179.395s][info][gc,heap        ] GC(364) PSYoungGen: 123391K(570880K)->123391K(571392K) Eden: 123391K(123392K)->123391K(123392K) From: 0K(447488K)->0K(448000K)
[179.395s][info][gc,heap        ] GC(364) ParOldGen: 9011182K(9011200K)->9011182K(9011200K)
[179.395s][info][gc,metaspace   ] GC(364) Metaspace: 6298K(6464K)->6298K(6464K) NonClass: 5765K(5824K)->5765K(5824K) Class: 533K(640K)->533K(640K)
[179.395s][info][gc             ] GC(364) Pause Full (Ergonomics) 8920M->8920M(9358M) 2576.067ms
[179.395s][info][gc,cpu         ] GC(364) User=19.84s Sys=0.03s Real=2.58s
[179.396s][info][gc,start       ] GC(365) Pause Full (Ergonomics)
[179.396s][info][gc,phases,start] GC(365) Marking Phase
[181.454s][info][gc,phases      ] GC(365) Marking Phase 2057.997ms
[181.454s][info][gc,phases,start] GC(365) Summary Phase
[181.454s][info][gc,phases      ] GC(365) Summary Phase 0.086ms
[181.454s][info][gc,phases,start] GC(365) Adjust Roots
[181.454s][info][gc,phases      ] GC(365) Adjust Roots 0.163ms
[181.454s][info][gc,phases,start] GC(365) Compaction Phase
[181.979s][info][gc,phases      ] GC(365) Compaction Phase 525.349ms
[181.979s][info][gc,phases,start] GC(365) Post Compact
[181.992s][info][gc,phases      ] GC(365) Post Compact 12.448ms
[181.992s][info][gc,heap        ] GC(365) PSYoungGen: 123391K(571392K)->123391K(570880K) Eden: 123391K(123392K)->123391K(123392K) From: 0K(448000K)->0K(447488K)
[181.992s][info][gc,heap        ] GC(365) ParOldGen: 9011187K(9011200K)->9011187K(9011200K)
[181.992s][info][gc,metaspace   ] GC(365) Metaspace: 6298K(6464K)->6298K(6464K) NonClass: 5765K(5824K)->5765K(5824K) Class: 533K(640K)->533K(640K)
[181.992s][info][gc             ] GC(365) Pause Full (Ergonomics) 8920M->8920M(9357M) 2596.351ms
[181.992s][info][gc,cpu         ] GC(365) User=19.95s Sys=0.02s Real=2.60s
[181.992s][info][gc,start       ] GC(366) Pause Full (Ergonomics)
[181.992s][info][gc,phases,start] GC(366) Marking Phase
[184.028s][info][gc,phases      ] GC(366) Marking Phase 2035.766ms
[184.028s][info][gc,phases,start] GC(366) Summary Phase
[184.028s][info][gc,phases      ] GC(366) Summary Phase 0.085ms
[184.028s][info][gc,phases,start] GC(366) Adjust Roots
[184.028s][info][gc,phases      ] GC(366) Adjust Roots 0.171ms
[184.028s][info][gc,phases,start] GC(366) Compaction Phase
[184.555s][info][gc,phases      ] GC(366) Compaction Phase 526.888ms
[184.555s][info][gc,phases,start] GC(366) Post Compact
[184.568s][info][gc,phases      ] GC(366) Post Compact 12.529ms
[184.568s][info][gc,heap        ] GC(366) PSYoungGen: 123391K(570880K)->123391K(571392K) Eden: 123391K(123392K)->123391K(123392K) From: 0K(447488K)->0K(448000K)
[184.568s][info][gc,heap        ] GC(366) ParOldGen: 9011192K(9011200K)->9011192K(9011200K)
[184.568s][info][gc,metaspace   ] GC(366) Metaspace: 6298K(6464K)->6298K(6464K) NonClass: 5765K(5824K)->5765K(5824K) Class: 533K(640K)->533K(640K)
[184.568s][info][gc             ] GC(366) Pause Full (Ergonomics) 8920M->8920M(9358M) 2575.783ms
[184.568s][info][gc,cpu         ] GC(366) User=19.84s Sys=0.00s Real=2.58s
[184.568s][info][gc,start       ] GC(367) Pause Full (Ergonomics)
[184.568s][info][gc,phases,start] GC(367) Marking Phase
[186.631s][info][gc,phases      ] GC(367) Marking Phase 2063.306ms
[186.632s][info][gc,phases,start] GC(367) Summary Phase
[186.632s][info][gc,phases      ] GC(367) Summary Phase 0.086ms
[186.632s][info][gc,phases,start] GC(367) Adjust Roots
[186.632s][info][gc,phases      ] GC(367) Adjust Roots 0.168ms
[186.632s][info][gc,phases,start] GC(367) Compaction Phase
[187.177s][info][gc,phases      ] GC(367) Compaction Phase 545.465ms
[187.177s][info][gc,phases,start] GC(367) Post Compact
[187.191s][info][gc,phases      ] GC(367) Post Compact 13.719ms
[187.191s][info][gc,heap        ] GC(367) PSYoungGen: 123391K(571392K)->123391K(570880K) Eden: 123391K(123392K)->123391K(123392K) From: 0K(448000K)->0K(447488K)
[187.191s][info][gc,heap        ] GC(367) ParOldGen: 9011197K(9011200K)->9011197K(9011200K)
[187.191s][info][gc,metaspace   ] GC(367) Metaspace: 6298K(6464K)->6298K(6464K) NonClass: 5765K(5824K)->5765K(5824K) Class: 533K(640K)->533K(640K)
[187.191s][info][gc             ] GC(367) Pause Full (Ergonomics) 8920M->8920M(9357M) 2623.090ms
[187.191s][info][gc,cpu         ] GC(367) User=20.00s Sys=0.02s Real=2.62s
[187.191s][info][gc,start       ] GC(368) Pause Full (Ergonomics)
[187.191s][info][gc,phases,start] GC(368) Marking Phase
[189.245s][info][gc,phases      ] GC(368) Marking Phase 2053.885ms
[189.245s][info][gc,phases,start] GC(368) Summary Phase
[189.245s][info][gc,phases      ] GC(368) Summary Phase 0.086ms
[189.246s][info][gc,phases,start] GC(368) Adjust Roots
[189.246s][info][gc,phases      ] GC(368) Adjust Roots 0.165ms
[189.246s][info][gc,phases,start] GC(368) Compaction Phase
[189.768s][info][gc,phases      ] GC(368) Compaction Phase 522.612ms
[189.768s][info][gc,phases,start] GC(368) Post Compact
[189.781s][info][gc,phases      ] GC(368) Post Compact 12.458ms
[189.781s][info][gc,heap        ] GC(368) PSYoungGen: 123391K(570880K)->123391K(571392K) Eden: 123391K(123392K)->123391K(123392K) From: 0K(447488K)->0K(448000K)
[189.781s][info][gc,heap        ] GC(368) ParOldGen: 9011200K(9011200K)->9011200K(9011200K)
[189.781s][info][gc,metaspace   ] GC(368) Metaspace: 6298K(6464K)->6298K(6464K) NonClass: 5765K(5824K)->5765K(5824K) Class: 533K(640K)->533K(640K)
[189.781s][info][gc             ] GC(368) Pause Full (Ergonomics) 8920M->8920M(9358M) 2589.539ms
[189.781s][info][gc,cpu         ] GC(368) User=19.98s Sys=0.00s Real=2.59s
[189.781s][info][gc,start       ] GC(369) Pause Full (Allocation Failure)
[189.781s][info][gc,phases,start] GC(369) Marking Phase
[191.825s][info][gc,phases      ] GC(369) Marking Phase 2043.925ms
[191.825s][info][gc,phases,start] GC(369) Summary Phase
[191.825s][info][gc,phases      ] GC(369) Summary Phase 0.088ms
[191.825s][info][gc,phases,start] GC(369) Adjust Roots
[191.826s][info][gc,phases      ] GC(369) Adjust Roots 0.418ms
[191.826s][info][gc,phases,start] GC(369) Compaction Phase
[194.108s][info][gc,phases      ] GC(369) Compaction Phase 2282.278ms
[194.108s][info][gc,phases,start] GC(369) Post Compact
[194.121s][info][gc,phases      ] GC(369) Post Compact 13.340ms
[194.121s][info][gc,heap        ] GC(369) PSYoungGen: 123391K(571392K)->123391K(570880K) Eden: 123391K(123392K)->123391K(123392K) From: 0K(448000K)->0K(447488K)
[194.121s][info][gc,heap        ] GC(369) ParOldGen: 9011200K(9011200K)->9011195K(9011200K)
[194.121s][info][gc,metaspace   ] GC(369) Metaspace: 6298K(6464K)->6296K(6464K) NonClass: 5765K(5824K)->5763K(5824K) Class: 533K(640K)->532K(640K)
[194.121s][info][gc             ] GC(369) Pause Full (Allocation Failure) 8920M->8920M(9357M) 4340.359ms
[194.121s][info][gc,cpu         ] GC(369) User=32.62s Sys=0.03s Real=4.34s
[194.122s][info][gc,start       ] GC(370) Pause Full (Ergonomics)
[194.122s][info][gc,phases,start] GC(370) Marking Phase
[196.173s][info][gc,phases      ] GC(370) Marking Phase 2051.445ms
[196.173s][info][gc,phases,start] GC(370) Summary Phase
[196.173s][info][gc,phases      ] GC(370) Summary Phase 0.086ms
[196.173s][info][gc,phases,start] GC(370) Adjust Roots
[196.174s][info][gc,phases      ] GC(370) Adjust Roots 0.165ms
[196.174s][info][gc,phases,start] GC(370) Compaction Phase
[196.696s][info][gc,phases      ] GC(370) Compaction Phase 522.142ms
[196.696s][info][gc,phases,start] GC(370) Post Compact
[196.709s][info][gc,phases      ] GC(370) Post Compact 12.982ms
[196.709s][info][gc,heap        ] GC(370) PSYoungGen: 123391K(570880K)->123391K(571392K) Eden: 123391K(123392K)->123391K(123392K) From: 0K(447488K)->0K(448000K)
[196.709s][info][gc,heap        ] GC(370) ParOldGen: 9011197K(9011200K)->9011197K(9011200K)
[196.709s][info][gc,metaspace   ] GC(370) Metaspace: 6296K(6464K)->6296K(6464K) NonClass: 5763K(5824K)->5763K(5824K) Class: 532K(640K)->532K(640K)
[196.709s][info][gc             ] GC(370) Pause Full (Ergonomics) 8920M->8920M(9358M) 2587.183ms
[196.709s][info][gc,cpu         ] GC(370) User=19.70s Sys=0.00s Real=2.59s
[196.709s][info][gc,start       ] GC(371) Pause Full (Ergonomics)
[196.709s][info][gc,phases,start] GC(371) Marking Phase
[198.761s][info][gc,phases      ] GC(371) Marking Phase 2051.429ms
[198.761s][info][gc,phases,start] GC(371) Summary Phase
[198.761s][info][gc,phases      ] GC(371) Summary Phase 0.084ms
[198.761s][info][gc,phases,start] GC(371) Adjust Roots
[198.761s][info][gc,phases      ] GC(371) Adjust Roots 0.173ms
[198.761s][info][gc,phases,start] GC(371) Compaction Phase
[199.290s][info][gc,phases      ] GC(371) Compaction Phase 528.365ms
[199.290s][info][gc,phases,start] GC(371) Post Compact
[199.302s][info][gc,phases      ] GC(371) Post Compact 12.381ms
[199.302s][info][gc,heap        ] GC(371) PSYoungGen: 123391K(571392K)->123391K(570880K) Eden: 123391K(123392K)->123391K(123392K) From: 0K(448000K)->0K(447488K)
[199.302s][info][gc,heap        ] GC(371) ParOldGen: 9011199K(9011200K)->9011199K(9011200K)
[199.302s][info][gc,metaspace   ] GC(371) Metaspace: 6296K(6464K)->6296K(6464K) NonClass: 5763K(5824K)->5763K(5824K) Class: 532K(640K)->532K(640K)
[199.302s][info][gc             ] GC(371) Pause Full (Ergonomics) 8920M->8920M(9357M) 2592.769ms
[199.302s][info][gc,cpu         ] GC(371) User=19.91s Sys=0.02s Real=2.59s
[199.302s][info][gc,start       ] GC(372) Pause Full (Allocation Failure)
[199.302s][info][gc,phases,start] GC(372) Marking Phase
[201.329s][info][gc,phases      ] GC(372) Marking Phase 2026.739ms
[201.329s][info][gc,phases,start] GC(372) Summary Phase
[201.329s][info][gc,phases      ] GC(372) Summary Phase 0.084ms
[201.329s][info][gc,phases,start] GC(372) Adjust Roots
[201.329s][info][gc,phases      ] GC(372) Adjust Roots 0.162ms
[201.329s][info][gc,phases,start] GC(372) Compaction Phase
[201.847s][info][gc,phases      ] GC(372) Compaction Phase 517.979ms
[201.847s][info][gc,phases,start] GC(372) Post Compact
[201.859s][info][gc,phases      ] GC(372) Post Compact 12.109ms
[201.859s][info][gc,heap        ] GC(372) PSYoungGen: 123391K(570880K)->123391K(571392K) Eden: 123391K(123392K)->123391K(123392K) From: 0K(447488K)->0K(448000K)
[201.859s][info][gc,heap        ] GC(372) ParOldGen: 9011199K(9011200K)->9011199K(9011200K)
[201.859s][info][gc,metaspace   ] GC(372) Metaspace: 6296K(6464K)->6296K(6464K) NonClass: 5763K(5824K)->5763K(5824K) Class: 532K(640K)->532K(640K)
[201.860s][info][gc             ] GC(372) Pause Full (Allocation Failure) 8920M->8920M(9358M) 2557.381ms
[201.860s][info][gc,cpu         ] GC(372) User=19.81s Sys=0.02s Real=2.56s
[201.860s][info][gc,start       ] GC(373) Pause Full (Ergonomics)
[201.860s][info][gc,phases,start] GC(373) Marking Phase
[203.921s][info][gc,phases      ] GC(373) Marking Phase 2061.188ms
[203.921s][info][gc,phases,start] GC(373) Summary Phase
[203.921s][info][gc,phases      ] GC(373) Summary Phase 0.088ms
[203.921s][info][gc,phases,start] GC(373) Adjust Roots
[203.922s][info][gc,phases      ] GC(373) Adjust Roots 0.241ms
[203.922s][info][gc,phases,start] GC(373) Compaction Phase
[206.194s][info][gc,phases      ] GC(373) Compaction Phase 2272.751ms
[206.194s][info][gc,phases,start] GC(373) Post Compact
[206.208s][info][gc,phases      ] GC(373) Post Compact 13.744ms
[206.208s][info][gc,heap        ] GC(373) PSYoungGen: 123391K(571392K)->123391K(570880K) Eden: 123391K(123392K)->123391K(123392K) From: 0K(448000K)->0K(447488K)
[206.208s][info][gc,heap        ] GC(373) ParOldGen: 9011199K(9011200K)->9011198K(9011200K)
[206.208s][info][gc,metaspace   ] GC(373) Metaspace: 6296K(6464K)->6296K(6464K) NonClass: 5763K(5824K)->5763K(5824K) Class: 532K(640K)->532K(640K)
[206.208s][info][gc             ] GC(373) Pause Full (Ergonomics) 8920M->8920M(9357M) 4348.414ms
[206.208s][info][gc,cpu         ] GC(373) User=32.77s Sys=0.02s Real=4.35s
[206.210s][info][gc,start       ] GC(374) Pause Full (Ergonomics)
[206.210s][info][gc,phases,start] GC(374) Marking Phase
[208.291s][info][gc,phases      ] GC(374) Marking Phase 2081.281ms
[208.291s][info][gc,phases,start] GC(374) Summary Phase
[208.291s][info][gc,phases      ] GC(374) Summary Phase 0.088ms
[208.291s][info][gc,phases,start] GC(374) Adjust Roots
[208.291s][info][gc,phases      ] GC(374) Adjust Roots 0.352ms
[208.291s][info][gc,phases,start] GC(374) Compaction Phase
[210.598s][info][gc,phases      ] GC(374) Compaction Phase 2306.215ms
[210.598s][info][gc,phases,start] GC(374) Post Compact
[210.611s][info][gc,phases      ] GC(374) Post Compact 13.428ms
[210.611s][info][gc,heap        ] GC(374) PSYoungGen: 123391K(570880K)->123391K(571392K) Eden: 123391K(123392K)->123391K(123392K) From: 0K(447488K)->0K(448000K)
[210.611s][info][gc,heap        ] GC(374) ParOldGen: 9011199K(9011200K)->9011197K(9011200K)
[210.611s][info][gc,metaspace   ] GC(374) Metaspace: 6298K(6464K)->6298K(6464K) NonClass: 5764K(5824K)->5764K(5824K) Class: 533K(640K)->533K(640K)
[210.611s][info][gc             ] GC(374) Pause Full (Ergonomics) 8920M->8920M(9358M) 4401.756ms
[210.611s][info][gc,cpu         ] GC(374) User=32.92s Sys=0.06s Real=4.40s
[210.612s][info][gc,heap,exit   ] Heap
[210.612s][info][gc,heap,exit   ]  PSYoungGen      total 571392K, used 123391K [0x00000006ed000000, 0x000000072c300000, 0x0000000800000000)
[210.612s][info][gc,heap,exit   ]   eden space 123392K, 99% used [0x00000006ed000000,0x00000006f487fff8,0x00000006f4880000)
[210.612s][info][gc,heap,exit   ]   from space 448000K, 0% used [0x0000000710d80000,0x0000000710d80000,0x000000072c300000)
[210.612s][info][gc,heap,exit   ]   to   space 447488K, 0% used [0x00000006f4880000,0x00000006f4880000,0x000000070fd80000)
[210.612s][info][gc,heap,exit   ]  ParOldGen       total 9011200K, used 9011198K [0x00000004c7000000, 0x00000006ed000000, 0x00000006ed000000)
[210.612s][info][gc,heap,exit   ]   object space 9011200K, 99% used [0x00000004c7000000,0x00000006ecfff818,0x00000006ed000000)
[210.612s][info][gc,heap,exit   ]  Metaspace       used 6301K, committed 6464K, reserved 1114112K
[210.612s][info][gc,heap,exit   ]   class space    used 534K, committed 640K, reserved 1048576K
