[0.011s][info][gc,init] CardTable entry size: 512
[0.011s][info][gc     ] Using Serial
[0.012s][info][gc,init] Version: 18.0.1+10 (release)
[0.012s][info][gc,init] CPUs: 8 total, 8 available
[0.012s][info][gc,init] Memory: 16063M
[0.012s][info][gc,init] Large Page Support: Disabled
[0.012s][info][gc,init] NUMA Support: Disabled
[0.012s][info][gc,init] Compressed Oops: Enabled (Zero based)
[0.012s][info][gc,init] Heap Min Capacity: 2M
[0.012s][info][gc,init] Heap Initial Capacity: 2M
[0.012s][info][gc,init] Heap Max Capacity: 10200M
[0.012s][info][gc,init] Pre-touch: Disabled
[0.012s][info][gc,metaspace] CDS archive(s) not mapped
[0.012s][info][gc,metaspace] Compressed class space mapped at: 0x0000000800000000-0x0000000840000000, reserved size: 1073741824
[0.012s][info][gc,metaspace] Narrow klass base: 0x0000000800000000, Narrow klass shift: 0, Narrow klass range: 0x40000000
[0.168s][info][gc,start    ] GC(0) Pause Young (Allocation Failure)
[0.170s][info][gc,heap     ] GC(0) DefNew: 1023K(1152K)->127K(1152K) Eden: 1023K(1024K)->0K(1024K) From: 0K(128K)->127K(128K)
[0.170s][info][gc,heap     ] GC(0) Tenured: 0K(768K)->439K(768K)
[0.170s][info][gc,metaspace] GC(0) Metaspace: 5899K(6016K)->5899K(6016K) NonClass: 5400K(5504K)->5400K(5504K) Class: 499K(512K)->499K(512K)
[0.170s][info][gc          ] GC(0) Pause Young (Allocation Failure) 0M->0M(1M) 1.811ms
[0.170s][info][gc,cpu      ] GC(0) User=0.00s Sys=0.00s Real=0.00s
[0.190s][info][gc,start    ] GC(1) Pause Young (Allocation Failure)
[0.191s][info][gc          ] GC(1) Pause Young (Allocation Failure) 1M->0M(2M) 1.330ms
[0.191s][info][gc,cpu      ] GC(1) User=0.00s Sys=0.00s Real=0.00s
[0.191s][info][gc,start    ] GC(2) Pause Full (Allocation Failure)
[0.191s][info][gc,phases,start] GC(2) Phase 1: Mark live objects
[0.193s][info][gc,phases      ] GC(2) Phase 1: Mark live objects 1.543ms
[0.193s][info][gc,phases,start] GC(2) Phase 2: Compute new object addresses
[0.193s][info][gc,phases      ] GC(2) Phase 2: Compute new object addresses 0.243ms
[0.193s][info][gc,phases,start] GC(2) Phase 3: Adjust pointers
[0.194s][info][gc,phases      ] GC(2) Phase 3: Adjust pointers 0.491ms
[0.194s][info][gc,phases,start] GC(2) Phase 4: Move objects
[0.194s][info][gc,phases      ] GC(2) Phase 4: Move objects 0.066ms
[0.194s][info][gc,heap        ] GC(2) DefNew: 1151K(1152K)->40K(1152K) Eden: 1024K(1024K)->40K(1024K) From: 127K(128K)->0K(128K)
[0.194s][info][gc,heap        ] GC(2) Tenured: 439K(768K)->960K(1600K)
[0.194s][info][gc,metaspace   ] GC(2) Metaspace: 6296K(6464K)->6296K(6464K) NonClass: 5763K(5824K)->5763K(5824K) Class: 533K(640K)->533K(640K)
[0.194s][info][gc             ] GC(2) Pause Full (Allocation Failure) 0M->0M(2M) 2.656ms
[0.194s][info][gc,cpu         ] GC(2) User=0.00s Sys=0.00s Real=0.00s
[0.195s][info][gc,start       ] GC(3) Pause Young (Allocation Failure)
[0.196s][info][gc,heap        ] GC(3) DefNew: 1024K(1152K)->127K(1152K) Eden: 1024K(1024K)->0K(1024K) From: 0K(128K)->127K(128K)
[0.196s][info][gc,heap        ] GC(3) Tenured: 960K(1600K)->1374K(1600K)
[0.197s][info][gc,metaspace   ] GC(3) Metaspace: 6296K(6464K)->6296K(6464K) NonClass: 5763K(5824K)->5763K(5824K) Class: 533K(640K)->533K(640K)
[0.197s][info][gc             ] GC(3) Pause Young (Allocation Failure) 1M->1M(2M) 1.260ms
[0.197s][info][gc,cpu         ] GC(3) User=0.00s Sys=0.00s Real=0.00s
[0.198s][info][gc,start       ] GC(4) Pause Young (Allocation Failure)
[0.199s][info][gc             ] GC(4) Pause Young (Allocation Failure) 2M->1M(3M) 1.228ms
[0.199s][info][gc,cpu         ] GC(4) User=0.00s Sys=0.00s Real=0.00s
[0.199s][info][gc,start       ] GC(5) Pause Full (Allocation Failure)
[0.199s][info][gc,phases,start] GC(5) Phase 1: Mark live objects
[0.201s][info][gc,phases      ] GC(5) Phase 1: Mark live objects 1.518ms
[0.201s][info][gc,phases,start] GC(5) Phase 2: Compute new object addresses
[0.201s][info][gc,phases      ] GC(5) Phase 2: Compute new object addresses 0.378ms
[0.201s][info][gc,phases,start] GC(5) Phase 3: Adjust pointers
[0.202s][info][gc,phases      ] GC(5) Phase 3: Adjust pointers 0.706ms
[0.202s][info][gc,phases,start] GC(5) Phase 4: Move objects
[0.202s][info][gc,phases      ] GC(5) Phase 4: Move objects 0.069ms
[0.202s][info][gc,heap        ] GC(5) DefNew: 1151K(1152K)->34K(1536K) Eden: 1024K(1024K)->34K(1408K) From: 127K(128K)->0K(128K)
[0.202s][info][gc,heap        ] GC(5) Tenured: 1374K(1600K)->1983K(3308K)
[0.202s][info][gc,metaspace   ] GC(5) Metaspace: 6296K(6464K)->6296K(6464K) NonClass: 5763K(5824K)->5763K(5824K) Class: 533K(640K)->533K(640K)
[0.202s][info][gc             ] GC(5) Pause Full (Allocation Failure) 1M->1M(4M) 3.040ms
[0.202s][info][gc,cpu         ] GC(5) User=0.00s Sys=0.00s Real=0.00s
[0.204s][info][gc,start       ] GC(6) Pause Young (Allocation Failure)
[0.207s][info][gc,heap        ] GC(6) DefNew: 1408K(1536K)->127K(1536K) Eden: 1408K(1408K)->0K(1408K) From: 0K(128K)->127K(128K)
[0.207s][info][gc,heap        ] GC(6) Tenured: 1983K(3308K)->2617K(3308K)
[0.207s][info][gc,metaspace   ] GC(6) Metaspace: 6296K(6464K)->6296K(6464K) NonClass: 5763K(5824K)->5763K(5824K) Class: 533K(640K)->533K(640K)
[0.207s][info][gc             ] GC(6) Pause Young (Allocation Failure) 3M->2M(4M) 2.213ms
[0.207s][info][gc,cpu         ] GC(6) User=0.00s Sys=0.00s Real=0.00s
[0.209s][info][gc,start       ] GC(7) Pause Young (Allocation Failure)
[0.211s][info][gc             ] GC(7) Pause Young (Allocation Failure) 4M->3M(4M) 1.826ms
[0.211s][info][gc,cpu         ] GC(7) User=0.00s Sys=0.00s Real=0.00s
[0.211s][info][gc,start       ] GC(8) Pause Full (Allocation Failure)
[0.211s][info][gc,phases,start] GC(8) Phase 1: Mark live objects
[0.213s][info][gc,phases      ] GC(8) Phase 1: Mark live objects 2.232ms
[0.213s][info][gc,phases,start] GC(8) Phase 2: Compute new object addresses
[0.214s][info][gc,phases      ] GC(8) Phase 2: Compute new object addresses 0.780ms
[0.214s][info][gc,phases,start] GC(8) Phase 3: Adjust pointers
[0.215s][info][gc,phases      ] GC(8) Phase 3: Adjust pointers 1.008ms
[0.215s][info][gc,phases,start] GC(8) Phase 4: Move objects
[0.215s][info][gc,phases      ] GC(8) Phase 4: Move objects 0.078ms
[0.215s][info][gc,heap        ] GC(8) DefNew: 1535K(1536K)->0K(2688K) Eden: 1408K(1408K)->0K(2432K) From: 127K(128K)->0K(256K)
[0.215s][info][gc,heap        ] GC(8) Tenured: 2617K(3308K)->3459K(5768K)
[0.215s][info][gc,metaspace   ] GC(8) Metaspace: 6296K(6464K)->6296K(6464K) NonClass: 5763K(5824K)->5763K(5824K) Class: 533K(640K)->533K(640K)
[0.215s][info][gc             ] GC(8) Pause Full (Allocation Failure) 3M->3M(8M) 4.471ms
[0.215s][info][gc,cpu         ] GC(8) User=0.00s Sys=0.00s Real=0.01s
[0.219s][info][gc,start       ] GC(9) Pause Young (Allocation Failure)
[0.222s][info][gc,heap        ] GC(9) DefNew: 2432K(2688K)->256K(2688K) Eden: 2432K(2432K)->0K(2432K) From: 0K(256K)->256K(256K)
[0.222s][info][gc,heap        ] GC(9) Tenured: 3459K(5768K)->4512K(5768K)
[0.222s][info][gc,metaspace   ] GC(9) Metaspace: 6296K(6464K)->6296K(6464K) NonClass: 5763K(5824K)->5763K(5824K) Class: 533K(640K)->533K(640K)
[0.222s][info][gc             ] GC(9) Pause Young (Allocation Failure) 5M->4M(8M) 3.147ms
[0.222s][info][gc,cpu         ] GC(9) User=0.00s Sys=0.00s Real=0.00s
[0.225s][info][gc,start       ] GC(10) Pause Young (Allocation Failure)
[0.228s][info][gc,heap        ] GC(10) DefNew: 2688K(2688K)->256K(2688K) Eden: 2432K(2432K)->0K(2432K) From: 256K(256K)->256K(256K)
[0.228s][info][gc,heap        ] GC(10) Tenured: 4512K(5768K)->5754K(5768K)
[0.228s][info][gc,metaspace   ] GC(10) Metaspace: 6296K(6464K)->6296K(6464K) NonClass: 5763K(5824K)->5763K(5824K) Class: 533K(640K)->533K(640K)
[0.228s][info][gc             ] GC(10) Pause Young (Allocation Failure) 7M->5M(8M) 2.676ms
[0.228s][info][gc,cpu         ] GC(10) User=0.00s Sys=0.00s Real=0.00s
[0.232s][info][gc,start       ] GC(11) Pause Young (Allocation Failure)
[0.235s][info][gc             ] GC(11) Pause Young (Allocation Failure) 8M->7M(9M) 3.085ms
[0.235s][info][gc,cpu         ] GC(11) User=0.00s Sys=0.00s Real=0.00s
[0.235s][info][gc,start       ] GC(12) Pause Full (Allocation Failure)
[0.235s][info][gc,phases,start] GC(12) Phase 1: Mark live objects
[0.239s][info][gc,phases      ] GC(12) Phase 1: Mark live objects 4.027ms
[0.239s][info][gc,phases,start] GC(12) Phase 2: Compute new object addresses
[0.241s][info][gc,phases      ] GC(12) Phase 2: Compute new object addresses 1.229ms
[0.241s][info][gc,phases,start] GC(12) Phase 3: Adjust pointers
[0.242s][info][gc,phases      ] GC(12) Phase 3: Adjust pointers 1.710ms
[0.243s][info][gc,phases,start] GC(12) Phase 4: Move objects
[0.244s][info][gc,phases      ] GC(12) Phase 4: Move objects 1.149ms
[0.244s][info][gc,heap        ] GC(12) DefNew: 2688K(2688K)->0K(5376K) Eden: 2432K(2432K)->0K(4800K) From: 256K(256K)->0K(576K)
[0.244s][info][gc,heap        ] GC(12) Tenured: 5754K(5768K)->7132K(11888K)
[0.244s][info][gc,metaspace   ] GC(12) Metaspace: 6296K(6464K)->6296K(6464K) NonClass: 5763K(5824K)->5763K(5824K) Class: 533K(640K)->533K(640K)
[0.244s][info][gc             ] GC(12) Pause Full (Allocation Failure) 7M->6M(16M) 8.597ms
[0.244s][info][gc,cpu         ] GC(12) User=0.02s Sys=0.00s Real=0.01s
[0.249s][info][gc,start       ] GC(13) Pause Young (Allocation Failure)
[0.254s][info][gc,heap        ] GC(13) DefNew: 4800K(5376K)->576K(5376K) Eden: 4800K(4800K)->0K(4800K) From: 0K(576K)->576K(576K)
[0.254s][info][gc,heap        ] GC(13) Tenured: 7132K(11888K)->9027K(11888K)
[0.254s][info][gc,metaspace   ] GC(13) Metaspace: 6296K(6464K)->6296K(6464K) NonClass: 5763K(5824K)->5763K(5824K) Class: 533K(640K)->533K(640K)
[0.254s][info][gc             ] GC(13) Pause Young (Allocation Failure) 11M->9M(16M) 5.142ms
[0.254s][info][gc,cpu         ] GC(13) User=0.00s Sys=0.00s Real=0.00s
[0.259s][info][gc,start       ] GC(14) Pause Young (Allocation Failure)
[0.265s][info][gc,heap        ] GC(14) DefNew: 5376K(5376K)->576K(5376K) Eden: 4800K(4800K)->0K(4800K) From: 576K(576K)->576K(576K)
[0.265s][info][gc,heap        ] GC(14) Tenured: 9027K(11888K)->11746K(11888K)
[0.265s][info][gc,metaspace   ] GC(14) Metaspace: 6296K(6464K)->6296K(6464K) NonClass: 5763K(5824K)->5763K(5824K) Class: 533K(640K)->533K(640K)
[0.265s][info][gc             ] GC(14) Pause Young (Allocation Failure) 14M->12M(16M) 6.286ms
[0.265s][info][gc,cpu         ] GC(14) User=0.00s Sys=0.00s Real=0.01s
[0.269s][info][gc,start       ] GC(15) Pause Young (Allocation Failure)
[0.274s][info][gc             ] GC(15) Pause Young (Allocation Failure) 16M->14M(19M) 5.373ms
[0.274s][info][gc,cpu         ] GC(15) User=0.00s Sys=0.00s Real=0.01s
[0.274s][info][gc,start       ] GC(16) Pause Full (Allocation Failure)
[0.274s][info][gc,phases,start] GC(16) Phase 1: Mark live objects
[0.282s][info][gc,phases      ] GC(16) Phase 1: Mark live objects 8.044ms
[0.282s][info][gc,phases,start] GC(16) Phase 2: Compute new object addresses
[0.285s][info][gc,phases      ] GC(16) Phase 2: Compute new object addresses 2.401ms
[0.285s][info][gc,phases,start] GC(16) Phase 3: Adjust pointers
[0.288s][info][gc,phases      ] GC(16) Phase 3: Adjust pointers 2.909ms
[0.288s][info][gc,phases,start] GC(16) Phase 4: Move objects
[0.288s][info][gc,phases      ] GC(16) Phase 4: Move objects 0.168ms
[0.288s][info][gc,heap        ] GC(16) DefNew: 5376K(5376K)->411K(10880K) Eden: 4800K(4800K)->411K(9728K) From: 576K(576K)->0K(1152K)
[0.288s][info][gc,heap        ] GC(16) Tenured: 11746K(11888K)->14384K(23976K)
[0.288s][info][gc,metaspace   ] GC(16) Metaspace: 6298K(6464K)->6298K(6464K) NonClass: 5765K(5824K)->5765K(5824K) Class: 533K(640K)->533K(640K)
[0.288s][info][gc             ] GC(16) Pause Full (Allocation Failure) 14M->14M(34M) 13.879ms
[0.288s][info][gc,cpu         ] GC(16) User=0.02s Sys=0.00s Real=0.01s
[0.295s][info][gc,start       ] GC(17) Pause Young (Allocation Failure)
[0.308s][info][gc,heap        ] GC(17) DefNew: 9728K(10880K)->1152K(10880K) Eden: 9728K(9728K)->0K(9728K) From: 0K(1152K)->1152K(1152K)
[0.308s][info][gc,heap        ] GC(17) Tenured: 14384K(23976K)->18408K(23976K)
[0.308s][info][gc,metaspace   ] GC(17) Metaspace: 6298K(6464K)->6298K(6464K) NonClass: 5765K(5824K)->5765K(5824K) Class: 533K(640K)->533K(640K)
[0.308s][info][gc             ] GC(17) Pause Young (Allocation Failure) 23M->19M(34M) 12.861ms
[0.308s][info][gc,cpu         ] GC(17) User=0.02s Sys=0.00s Real=0.01s
[0.315s][info][gc,start       ] GC(18) Pause Young (Allocation Failure)
[0.327s][info][gc,heap        ] GC(18) DefNew: 10880K(10880K)->1151K(10880K) Eden: 9728K(9728K)->0K(9728K) From: 1152K(1152K)->1151K(1152K)
[0.327s][info][gc,heap        ] GC(18) Tenured: 18408K(23976K)->23929K(23976K)
[0.327s][info][gc,metaspace   ] GC(18) Metaspace: 6298K(6464K)->6298K(6464K) NonClass: 5765K(5824K)->5765K(5824K) Class: 533K(640K)->533K(640K)
[0.327s][info][gc             ] GC(18) Pause Young (Allocation Failure) 28M->24M(34M) 11.860ms
[0.327s][info][gc,cpu         ] GC(18) User=0.02s Sys=0.00s Real=0.01s
[0.332s][info][gc,start       ] GC(19) Pause Young (Allocation Failure)
[0.343s][info][gc             ] GC(19) Pause Young (Allocation Failure) 33M->29M(38M) 11.239ms
[0.343s][info][gc,cpu         ] GC(19) User=0.00s Sys=0.00s Real=0.01s
[0.343s][info][gc,start       ] GC(20) Pause Full (Allocation Failure)
[0.343s][info][gc,phases,start] GC(20) Phase 1: Mark live objects
[0.358s][info][gc,phases      ] GC(20) Phase 1: Mark live objects 14.257ms
[0.358s][info][gc,phases,start] GC(20) Phase 2: Compute new object addresses
[0.363s][info][gc,phases      ] GC(20) Phase 2: Compute new object addresses 4.747ms
[0.363s][info][gc,phases,start] GC(20) Phase 3: Adjust pointers
[0.368s][info][gc,phases      ] GC(20) Phase 3: Adjust pointers 5.483ms
[0.368s][info][gc,phases,start] GC(20) Phase 4: Move objects
[0.368s][info][gc,phases      ] GC(20) Phase 4: Move objects 0.174ms
[0.368s][info][gc,heap        ] GC(20) DefNew: 10879K(10880K)->1074K(21888K) Eden: 9728K(9728K)->1074K(19520K) From: 1151K(1152K)->0K(2368K)
[0.368s][info][gc,heap        ] GC(20) Tenured: 23929K(23976K)->29036K(48396K)
[0.368s][info][gc,metaspace   ] GC(20) Metaspace: 6298K(6464K)->6298K(6464K) NonClass: 5765K(5824K)->5765K(5824K) Class: 533K(640K)->533K(640K)
[0.369s][info][gc             ] GC(20) Pause Full (Allocation Failure) 29M->29M(68M) 25.052ms
[0.369s][info][gc,cpu         ] GC(20) User=0.03s Sys=0.00s Real=0.02s
[0.384s][info][gc,start       ] GC(21) Pause Young (Allocation Failure)
[0.412s][info][gc,heap        ] GC(21) DefNew: 19520K(21888K)->2367K(21888K) Eden: 19520K(19520K)->0K(19520K) From: 0K(2368K)->2367K(2368K)
[0.412s][info][gc,heap        ] GC(21) Tenured: 29036K(48396K)->39333K(48396K)
[0.412s][info][gc,metaspace   ] GC(21) Metaspace: 6298K(6464K)->6298K(6464K) NonClass: 5765K(5824K)->5765K(5824K) Class: 533K(640K)->533K(640K)
[0.412s][info][gc             ] GC(21) Pause Young (Allocation Failure) 47M->40M(68M) 28.001ms
[0.412s][info][gc,cpu         ] GC(21) User=0.02s Sys=0.02s Real=0.03s
[0.431s][info][gc,start       ] GC(22) Pause Young (Allocation Failure)
[0.467s][info][gc             ] GC(22) Pause Young (Allocation Failure) 59M->59M(78M) 36.426ms
[0.467s][info][gc,cpu         ] GC(22) User=0.02s Sys=0.02s Real=0.04s
[0.467s][info][gc,start       ] GC(23) Pause Full (Allocation Failure)
[0.467s][info][gc,phases,start] GC(23) Phase 1: Mark live objects
[0.493s][info][gc,phases      ] GC(23) Phase 1: Mark live objects 25.478ms
[0.493s][info][gc,phases,start] GC(23) Phase 2: Compute new object addresses
[0.502s][info][gc,phases      ] GC(23) Phase 2: Compute new object addresses 9.455ms
[0.502s][info][gc,phases,start] GC(23) Phase 3: Adjust pointers
[0.513s][info][gc,phases      ] GC(23) Phase 3: Adjust pointers 10.651ms
[0.513s][info][gc,phases,start] GC(23) Phase 4: Move objects
[0.513s][info][gc,phases      ] GC(23) Phase 4: Move objects 0.371ms
[0.514s][info][gc,heap        ] GC(23) DefNew: 21887K(21888K)->2238K(44288K) Eden: 19520K(19520K)->2238K(39424K) From: 2367K(2368K)->0K(4864K)
[0.514s][info][gc,heap        ] GC(23) Tenured: 39333K(48396K)->58955K(98260K)
[0.514s][info][gc,metaspace   ] GC(23) Metaspace: 6298K(6464K)->6298K(6464K) NonClass: 5765K(5824K)->5765K(5824K) Class: 533K(640K)->533K(640K)
[0.514s][info][gc             ] GC(23) Pause Full (Allocation Failure) 59M->59M(139M) 46.579ms
[0.514s][info][gc,cpu         ] GC(23) User=0.05s Sys=0.00s Real=0.05s
[0.555s][info][gc,start       ] GC(24) Pause Young (Allocation Failure)
[0.616s][info][gc,heap        ] GC(24) DefNew: 39424K(44288K)->4863K(44288K) Eden: 39424K(39424K)->0K(39424K) From: 0K(4864K)->4863K(4864K)
[0.616s][info][gc,heap        ] GC(24) Tenured: 58955K(98260K)->93491K(98260K)
[0.616s][info][gc,metaspace   ] GC(24) Metaspace: 6298K(6464K)->6298K(6464K) NonClass: 5765K(5824K)->5765K(5824K) Class: 533K(640K)->533K(640K)
[0.616s][info][gc             ] GC(24) Pause Young (Allocation Failure) 96M->96M(139M) 61.981ms
[0.617s][info][gc,cpu         ] GC(24) User=0.03s Sys=0.02s Real=0.06s
[0.649s][info][gc,start       ] GC(25) Pause Young (Allocation Failure)
[0.719s][info][gc             ] GC(25) Pause Young (Allocation Failure) 134M->134M(173M) 69.985ms
[0.719s][info][gc,cpu         ] GC(25) User=0.03s Sys=0.03s Real=0.07s
[0.719s][info][gc,start       ] GC(26) Pause Full (Allocation Failure)
[0.719s][info][gc,phases,start] GC(26) Phase 1: Mark live objects
[0.773s][info][gc,phases      ] GC(26) Phase 1: Mark live objects 54.236ms
[0.773s][info][gc,phases,start] GC(26) Phase 2: Compute new object addresses
[0.794s][info][gc,phases      ] GC(26) Phase 2: Compute new object addresses 20.874ms
[0.794s][info][gc,phases,start] GC(26) Phase 3: Adjust pointers
[0.821s][info][gc,phases      ] GC(26) Phase 3: Adjust pointers 26.749ms
[0.821s][info][gc,phases,start] GC(26) Phase 4: Move objects
[0.846s][info][gc,phases      ] GC(26) Phase 4: Move objects 24.927ms
[0.846s][info][gc,heap        ] GC(26) DefNew: 44287K(44288K)->1017K(99712K) Eden: 39424K(39424K)->1017K(88640K) From: 4863K(4864K)->0K(11072K)
[0.846s][info][gc,heap        ] GC(26) Tenured: 93491K(98260K)->132887K(221480K)
[0.846s][info][gc,metaspace   ] GC(26) Metaspace: 6298K(6464K)->6298K(6464K) NonClass: 5765K(5824K)->5765K(5824K) Class: 533K(640K)->533K(640K)
[0.846s][info][gc             ] GC(26) Pause Full (Allocation Failure) 134M->130M(313M) 127.650ms
[0.846s][info][gc,cpu         ] GC(26) User=0.11s Sys=0.00s Real=0.13s
[0.939s][info][gc,start       ] GC(27) Pause Young (Allocation Failure)
[1.087s][info][gc,heap        ] GC(27) DefNew: 88640K(99712K)->11071K(99712K) Eden: 88640K(88640K)->0K(88640K) From: 0K(11072K)->11071K(11072K)
[1.087s][info][gc,heap        ] GC(27) Tenured: 132887K(221480K)->210429K(221480K)
[1.087s][info][gc,metaspace   ] GC(27) Metaspace: 6298K(6464K)->6298K(6464K) NonClass: 5765K(5824K)->5765K(5824K) Class: 533K(640K)->533K(640K)
[1.087s][info][gc             ] GC(27) Pause Young (Allocation Failure) 216M->216M(313M) 148.508ms
[1.087s][info][gc,cpu         ] GC(27) User=0.09s Sys=0.05s Real=0.15s
[1.168s][info][gc,start       ] GC(28) Pause Young (Allocation Failure)
[1.335s][info][gc             ] GC(28) Pause Young (Allocation Failure) 302M->302M(389M) 166.909ms
[1.335s][info][gc,cpu         ] GC(28) User=0.14s Sys=0.02s Real=0.17s
[1.335s][info][gc,start       ] GC(29) Pause Full (Allocation Failure)
[1.335s][info][gc,phases,start] GC(29) Phase 1: Mark live objects
[1.468s][info][gc,phases      ] GC(29) Phase 1: Mark live objects 132.947ms
[1.468s][info][gc,phases,start] GC(29) Phase 2: Compute new object addresses
[1.516s][info][gc,phases      ] GC(29) Phase 2: Compute new object addresses 47.460ms
[1.516s][info][gc,phases,start] GC(29) Phase 3: Adjust pointers
[1.575s][info][gc,phases      ] GC(29) Phase 3: Adjust pointers 59.167ms
[1.575s][info][gc,phases,start] GC(29) Phase 4: Move objects
[1.577s][info][gc,phases      ] GC(29) Phase 4: Move objects 2.338ms
[1.578s][info][gc,heap        ] GC(29) DefNew: 99711K(99712K)->10931K(224448K) Eden: 88640K(88640K)->10931K(199552K) From: 11071K(11072K)->0K(24896K)
[1.578s][info][gc,heap        ] GC(29) Tenured: 210429K(221480K)->299179K(498636K)
[1.578s][info][gc,metaspace   ] GC(29) Metaspace: 6298K(6464K)->6298K(6464K) NonClass: 5765K(5824K)->5765K(5824K) Class: 533K(640K)->533K(640K)
[1.578s][info][gc             ] GC(29) Pause Full (Allocation Failure) 302M->302M(706M) 243.143ms
[1.578s][info][gc,cpu         ] GC(29) User=0.22s Sys=0.00s Real=0.24s
[1.789s][info][gc,start       ] GC(30) Pause Young (Allocation Failure)
[2.122s][info][gc,heap        ] GC(30) DefNew: 199552K(224448K)->24895K(224448K) Eden: 199552K(199552K)->0K(199552K) From: 0K(24896K)->24895K(24896K)
[2.122s][info][gc,heap        ] GC(30) Tenured: 299179K(498636K)->473810K(498636K)
[2.122s][info][gc,metaspace   ] GC(30) Metaspace: 6298K(6464K)->6298K(6464K) NonClass: 5765K(5824K)->5765K(5824K) Class: 533K(640K)->533K(640K)
[2.122s][info][gc             ] GC(30) Pause Young (Allocation Failure) 487M->487M(706M) 333.446ms
[2.122s][info][gc,cpu         ] GC(30) User=0.23s Sys=0.09s Real=0.33s
[2.303s][info][gc,start       ] GC(31) Pause Young (Allocation Failure)
[2.681s][info][gc             ] GC(31) Pause Young (Allocation Failure) 681M->681M(876M) 377.855ms
[2.681s][info][gc,cpu         ] GC(31) User=0.30s Sys=0.06s Real=0.38s
[2.681s][info][gc,start       ] GC(32) Pause Full (Allocation Failure)
[2.681s][info][gc,phases,start] GC(32) Phase 1: Mark live objects
[2.994s][info][gc,phases      ] GC(32) Phase 1: Mark live objects 313.670ms
[2.995s][info][gc,phases,start] GC(32) Phase 2: Compute new object addresses
[3.099s][info][gc,phases      ] GC(32) Phase 2: Compute new object addresses 104.325ms
[3.099s][info][gc,phases,start] GC(32) Phase 3: Adjust pointers
[3.214s][info][gc,phases      ] GC(32) Phase 3: Adjust pointers 114.897ms
[3.214s][info][gc,phases,start] GC(32) Phase 4: Move objects
[3.219s][info][gc,phases      ] GC(32) Phase 4: Move objects 4.994ms
[3.221s][info][gc,heap        ] GC(32) DefNew: 224447K(224448K)->24799K(505152K) Eden: 199552K(199552K)->24799K(449088K) From: 24895K(24896K)->0K(56064K)
[3.221s][info][gc,heap        ] GC(32) Tenured: 473810K(498636K)->673423K(1122376K)
[3.221s][info][gc,metaspace   ] GC(32) Metaspace: 6298K(6464K)->6298K(6464K) NonClass: 5765K(5824K)->5765K(5824K) Class: 533K(640K)->533K(640K)
[3.221s][info][gc             ] GC(32) Pause Full (Allocation Failure) 681M->681M(1589M) 540.090ms
[3.221s][info][gc,cpu         ] GC(32) User=0.55s Sys=0.00s Real=0.54s
[3.682s][info][gc,start       ] GC(33) Pause Young (Allocation Failure)
[4.455s][info][gc,heap        ] GC(33) DefNew: 449088K(505152K)->56064K(505152K) Eden: 449088K(449088K)->0K(449088K) From: 0K(56064K)->56064K(56064K)
[4.455s][info][gc,heap        ] GC(33) Tenured: 673423K(1122376K)->1066422K(1122376K)
[4.455s][info][gc,metaspace   ] GC(33) Metaspace: 6298K(6464K)->6298K(6464K) NonClass: 5765K(5824K)->5765K(5824K) Class: 533K(640K)->533K(640K)
[4.455s][info][gc             ] GC(33) Pause Young (Allocation Failure) 1096M->1096M(1589M) 772.618ms
[4.455s][info][gc,cpu         ] GC(33) User=0.62s Sys=0.09s Real=0.77s
[4.913s][info][gc,start       ] GC(34) Pause Young (Allocation Failure)
[5.627s][info][gc             ] GC(34) Pause Young (Allocation Failure) 1534M->1481M(1920M) 714.469ms
[5.628s][info][gc,cpu         ] GC(34) User=0.53s Sys=0.16s Real=0.71s
[5.628s][info][gc,start       ] GC(35) Pause Full (Allocation Failure)
[5.628s][info][gc,phases,start] GC(35) Phase 1: Mark live objects
[6.271s][info][gc,phases      ] GC(35) Phase 1: Mark live objects 643.756ms
[6.271s][info][gc,phases,start] GC(35) Phase 2: Compute new object addresses
[6.486s][info][gc,phases      ] GC(35) Phase 2: Compute new object addresses 215.058ms
[6.487s][info][gc,phases,start] GC(35) Phase 3: Adjust pointers
[6.746s][info][gc,phases      ] GC(35) Phase 3: Adjust pointers 259.660ms
[6.746s][info][gc,phases,start] GC(35) Phase 4: Move objects
[6.757s][info][gc,phases      ] GC(35) Phase 4: Move objects 10.789ms
[6.761s][info][gc,heap        ] GC(35) DefNew: 505152K(505152K)->56013K(1095936K) Eden: 449088K(449088K)->56013K(974208K) From: 56064K(56064K)->0K(121728K)
[6.761s][info][gc,heap        ] GC(35) Tenured: 1066422K(1122376K)->1461131K(2435220K)
[6.761s][info][gc,metaspace   ] GC(35) Metaspace: 6298K(6464K)->6298K(6464K) NonClass: 5765K(5824K)->5765K(5824K) Class: 533K(640K)->533K(640K)
[6.761s][info][gc             ] GC(35) Pause Full (Allocation Failure) 1481M->1481M(3448M) 1133.751ms
[6.761s][info][gc,cpu         ] GC(35) User=1.12s Sys=0.00s Real=1.13s
[7.711s][info][gc,start       ] GC(36) Pause Young (Allocation Failure)
[9.450s][info][gc,heap        ] GC(36) DefNew: 974208K(1095936K)->121727K(1095936K) Eden: 974208K(974208K)->0K(974208K) From: 0K(121728K)->121727K(121728K)
[9.450s][info][gc,heap        ] GC(36) Tenured: 1461131K(2435220K)->2313583K(2435220K)
[9.450s][info][gc,metaspace   ] GC(36) Metaspace: 6298K(6464K)->6298K(6464K) NonClass: 5765K(5824K)->5765K(5824K) Class: 533K(640K)->533K(640K)
[9.450s][info][gc             ] GC(36) Pause Young (Allocation Failure) 2378M->2378M(3448M) 1739.655ms
[9.450s][info][gc,cpu         ] GC(36) User=1.52s Sys=0.20s Real=1.74s
[10.421s][info][gc,start       ] GC(37) Pause Young (Allocation Failure)
[12.123s][info][gc             ] GC(37) Pause Young (Allocation Failure) 3329M->3329M(4281M) 1702.321ms
[12.123s][info][gc,cpu         ] GC(37) User=1.50s Sys=0.20s Real=1.70s
[12.123s][info][gc,start       ] GC(38) Pause Full (Allocation Failure)
[12.123s][info][gc,phases,start] GC(38) Phase 1: Mark live objects
[13.649s][info][gc,phases      ] GC(38) Phase 1: Mark live objects 1525.631ms
[13.649s][info][gc,phases,start] GC(38) Phase 2: Compute new object addresses
[14.147s][info][gc,phases      ] GC(38) Phase 2: Compute new object addresses 497.629ms
[14.147s][info][gc,phases,start] GC(38) Phase 3: Adjust pointers
[14.818s][info][gc,phases      ] GC(38) Phase 3: Adjust pointers 671.630ms
[14.818s][info][gc,phases,start] GC(38) Phase 4: Move objects
[15.442s][info][gc,phases      ] GC(38) Phase 4: Move objects 623.647ms
[15.451s][info][gc,heap        ] GC(38) DefNew: 1095935K(1095936K)->27447K(2465920K) Eden: 974208K(974208K)->27447K(2191936K) From: 121727K(121728K)->0K(273984K)
[15.451s][info][gc,heap        ] GC(38) Tenured: 2313583K(2435220K)->3287831K(5479720K)
[15.451s][info][gc,metaspace   ] GC(38) Metaspace: 6298K(6464K)->6298K(6464K) NonClass: 5765K(5824K)->5765K(5824K) Class: 533K(640K)->533K(640K)
[15.451s][info][gc             ] GC(38) Pause Full (Allocation Failure) 3329M->3237M(7759M) 3328.038ms
[15.451s][info][gc,cpu         ] GC(38) User=3.31s Sys=0.00s Real=3.33s
[17.678s][info][gc,start       ] GC(39) Pause Young (Allocation Failure)
[21.499s][info][gc,heap        ] GC(39) DefNew: 2191936K(2465920K)->273983K(2465920K) Eden: 2191936K(2191936K)->0K(2191936K) From: 0K(273984K)->273983K(273984K)
[21.499s][info][gc,heap        ] GC(39) Tenured: 3287831K(5479720K)->5205750K(5479720K)
[21.499s][info][gc,metaspace   ] GC(39) Metaspace: 6298K(6464K)->6298K(6464K) NonClass: 5765K(5824K)->5765K(5824K) Class: 533K(640K)->533K(640K)
[21.500s][info][gc             ] GC(39) Pause Young (Allocation Failure) 5351M->5351M(7759M) 3821.543ms
[21.500s][info][gc,cpu         ] GC(39) User=3.36s Sys=0.44s Real=3.82s
[23.586s][info][gc,start       ] GC(40) Pause Young (Allocation Failure)
[27.686s][info][gc,promotion   ] GC(40) Promotion failed
[27.686s][info][gc             ] GC(40) Pause Young (Allocation Failure) 7491M->9208M(9208M) 4100.592ms
[27.686s][info][gc,cpu         ] GC(40) User=3.53s Sys=0.53s Real=4.10s
[27.686s][info][gc,start       ] GC(41) Pause Full (Allocation Failure)
[27.686s][info][gc,phases,start] GC(41) Phase 1: Mark live objects
[31.279s][info][gc,phases      ] GC(41) Phase 1: Mark live objects 3592.877ms
[31.279s][info][gc,phases,start] GC(41) Phase 2: Compute new object addresses
[32.645s][info][gc,phases      ] GC(41) Phase 2: Compute new object addresses 1365.548ms
[32.645s][info][gc,phases,start] GC(41) Phase 3: Adjust pointers
[34.053s][info][gc,phases      ] GC(41) Phase 3: Adjust pointers 1408.376ms
[34.053s][info][gc,phases,start] GC(41) Phase 4: Move objects
[34.247s][info][gc,phases      ] GC(41) Phase 4: Move objects 193.723ms
[34.250s][info][gc,heap        ] GC(41) DefNew: 2465919K(2465920K)->708445K(3133440K) Eden: 2191936K(2191936K)->708445K(2785280K) From: 273983K(273984K)->0K(348160K)
[34.250s][info][gc,heap        ] GC(41) Tenured: 5205750K(5479720K)->6963199K(6963200K)
[34.250s][info][gc,metaspace   ] GC(41) Metaspace: 6298K(6464K)->6298K(6464K) NonClass: 5765K(5824K)->5765K(5824K) Class: 533K(640K)->533K(640K)
[34.250s][info][gc             ] GC(41) Pause Full (Allocation Failure) 9208M->7491M(9860M) 6563.245ms
[34.250s][info][gc,cpu         ] GC(41) User=6.53s Sys=0.00s Real=6.56s
[37.104s][info][gc,start       ] GC(42) Pause Full (Allocation Failure)
[37.104s][info][gc,phases,start] GC(42) Phase 1: Mark live objects
[41.617s][info][gc,phases      ] GC(42) Phase 1: Mark live objects 4512.771ms
[41.617s][info][gc,phases,start] GC(42) Phase 2: Compute new object addresses
[43.015s][info][gc,phases      ] GC(42) Phase 2: Compute new object addresses 1398.137ms
[43.015s][info][gc,phases,start] GC(42) Phase 3: Adjust pointers
[45.015s][info][gc,phases      ] GC(42) Phase 3: Adjust pointers 2000.358ms
[45.016s][info][gc,phases,start] GC(42) Phase 4: Move objects
[45.385s][info][gc,phases      ] GC(42) Phase 4: Move objects 369.559ms
[45.386s][info][gc,heap        ] GC(42) DefNew: 3133439K(3133440K)->3133416K(3133440K) Eden: 2785280K(2785280K)->2785279K(2785280K) From: 348159K(348160K)->348136K(348160K)
[45.386s][info][gc,heap        ] GC(42) Tenured: 6963199K(6963200K)->6963199K(6963200K)
[45.386s][info][gc,metaspace   ] GC(42) Metaspace: 6298K(6464K)->6298K(6464K) NonClass: 5765K(5824K)->5765K(5824K) Class: 533K(640K)->533K(640K)
[45.386s][info][gc             ] GC(42) Pause Full (Allocation Failure) 9859M->9859M(9860M) 8281.830ms
[45.386s][info][gc,cpu         ] GC(42) User=8.25s Sys=0.00s Real=8.28s
[45.386s][info][gc,start       ] GC(43) Pause Full (Allocation Failure)
[45.386s][info][gc,phases,start] GC(43) Phase 1: Mark live objects
[49.857s][info][gc,phases      ] GC(43) Phase 1: Mark live objects 4470.937ms
[49.857s][info][gc,phases,start] GC(43) Phase 2: Compute new object addresses
[51.229s][info][gc,phases      ] GC(43) Phase 2: Compute new object addresses 1371.499ms
[51.229s][info][gc,phases,start] GC(43) Phase 3: Adjust pointers
[53.066s][info][gc,phases      ] GC(43) Phase 3: Adjust pointers 1837.343ms
[53.066s][info][gc,phases,start] GC(43) Phase 4: Move objects
[53.066s][info][gc,phases      ] GC(43) Phase 4: Move objects 0.017ms
[53.067s][info][gc,heap        ] GC(43) DefNew: 3133439K(3133440K)->3133439K(3133440K) Eden: 2785280K(2785280K)->2785280K(2785280K) From: 348159K(348160K)->348159K(348160K)
[53.067s][info][gc,heap        ] GC(43) Tenured: 6963199K(6963200K)->6963199K(6963200K)
[53.067s][info][gc,metaspace   ] GC(43) Metaspace: 6298K(6464K)->6298K(6464K) NonClass: 5765K(5824K)->5765K(5824K) Class: 533K(640K)->533K(640K)
[53.067s][info][gc             ] GC(43) Pause Full (Allocation Failure) 9859M->9859M(9860M) 7680.628ms
[53.067s][info][gc,cpu         ] GC(43) User=7.64s Sys=0.00s Real=7.68s
[53.067s][info][gc,start       ] GC(44) Pause Full (Allocation Failure)
[53.067s][info][gc,phases,start] GC(44) Phase 1: Mark live objects
[57.529s][info][gc,phases      ] GC(44) Phase 1: Mark live objects 4462.272ms
[57.529s][info][gc,phases,start] GC(44) Phase 2: Compute new object addresses
[58.901s][info][gc,phases      ] GC(44) Phase 2: Compute new object addresses 1371.700ms
[58.901s][info][gc,phases,start] GC(44) Phase 3: Adjust pointers
[61.070s][info][gc,phases      ] GC(44) Phase 3: Adjust pointers 2169.437ms
[61.070s][info][gc,phases,start] GC(44) Phase 4: Move objects
[62.966s][info][gc,phases      ] GC(44) Phase 4: Move objects 1895.152ms
[62.966s][info][gc,heap        ] GC(44) DefNew: 3133439K(3133440K)->3002363K(3133440K) Eden: 2785280K(2785280K)->2785279K(2785280K) From: 348159K(348160K)->217083K(348160K)
[62.966s][info][gc,heap        ] GC(44) Tenured: 6963199K(6963200K)->6963199K(6963200K)
[62.966s][info][gc,metaspace   ] GC(44) Metaspace: 6298K(6464K)->6297K(6464K) NonClass: 5765K(5824K)->5764K(5824K) Class: 533K(640K)->532K(640K)
[62.966s][info][gc             ] GC(44) Pause Full (Allocation Failure) 9859M->9731M(9860M) 9899.582ms
[62.966s][info][gc,cpu         ] GC(44) User=9.83s Sys=0.00s Real=9.90s
[63.323s][info][gc,start       ] GC(45) Pause Full (Allocation Failure)
[63.323s][info][gc,phases,start] GC(45) Phase 1: Mark live objects
[67.845s][info][gc,phases      ] GC(45) Phase 1: Mark live objects 4522.409ms
[67.845s][info][gc,phases,start] GC(45) Phase 2: Compute new object addresses
[69.234s][info][gc,phases      ] GC(45) Phase 2: Compute new object addresses 1388.540ms
[69.234s][info][gc,phases,start] GC(45) Phase 3: Adjust pointers
[71.088s][info][gc,phases      ] GC(45) Phase 3: Adjust pointers 1854.218ms
[71.088s][info][gc,phases,start] GC(45) Phase 4: Move objects
[71.088s][info][gc,phases      ] GC(45) Phase 4: Move objects 0.017ms
[71.089s][info][gc,heap        ] GC(45) DefNew: 3133439K(3133440K)->3133439K(3133440K) Eden: 2785279K(2785280K)->2785279K(2785280K) From: 348159K(348160K)->348159K(348160K)
[71.089s][info][gc,heap        ] GC(45) Tenured: 6963199K(6963200K)->6963199K(6963200K)
[71.089s][info][gc,metaspace   ] GC(45) Metaspace: 6297K(6464K)->6297K(6464K) NonClass: 5764K(5824K)->5764K(5824K) Class: 532K(640K)->532K(640K)
[71.089s][info][gc             ] GC(45) Pause Full (Allocation Failure) 9859M->9859M(9860M) 7766.057ms
[71.089s][info][gc,cpu         ] GC(45) User=7.75s Sys=0.00s Real=7.77s
[71.089s][info][gc,start       ] GC(46) Pause Full (Allocation Failure)
[71.089s][info][gc,phases,start] GC(46) Phase 1: Mark live objects
[75.606s][info][gc,phases      ] GC(46) Phase 1: Mark live objects 4517.538ms
[75.607s][info][gc,phases,start] GC(46) Phase 2: Compute new object addresses
[76.990s][info][gc,phases      ] GC(46) Phase 2: Compute new object addresses 1383.371ms
[76.990s][info][gc,phases,start] GC(46) Phase 3: Adjust pointers
[78.845s][info][gc,phases      ] GC(46) Phase 3: Adjust pointers 1855.253ms
[78.845s][info][gc,phases,start] GC(46) Phase 4: Move objects
[78.845s][info][gc,phases      ] GC(46) Phase 4: Move objects 0.017ms
[78.846s][info][gc,heap        ] GC(46) DefNew: 3133439K(3133440K)->3133439K(3133440K) Eden: 2785279K(2785280K)->2785279K(2785280K) From: 348159K(348160K)->348159K(348160K)
[78.846s][info][gc,heap        ] GC(46) Tenured: 6963199K(6963200K)->6963199K(6963200K)
[78.846s][info][gc,metaspace   ] GC(46) Metaspace: 6297K(6464K)->6297K(6464K) NonClass: 5764K(5824K)->5764K(5824K) Class: 532K(640K)->532K(640K)
[78.846s][info][gc             ] GC(46) Pause Full (Allocation Failure) 9859M->9859M(9860M) 7757.106ms
[78.846s][info][gc,cpu         ] GC(46) User=7.75s Sys=0.00s Real=7.76s
[78.846s][info][gc,start       ] GC(47) Pause Full (Allocation Failure)
[78.846s][info][gc,phases,start] GC(47) Phase 1: Mark live objects
[83.359s][info][gc,phases      ] GC(47) Phase 1: Mark live objects 4513.123ms
[83.359s][info][gc,phases,start] GC(47) Phase 2: Compute new object addresses
[84.748s][info][gc,phases      ] GC(47) Phase 2: Compute new object addresses 1388.783ms
[84.748s][info][gc,phases,start] GC(47) Phase 3: Adjust pointers
[86.599s][info][gc,phases      ] GC(47) Phase 3: Adjust pointers 1851.135ms
[86.600s][info][gc,phases,start] GC(47) Phase 4: Move objects
[86.600s][info][gc,phases      ] GC(47) Phase 4: Move objects 0.017ms
[86.600s][info][gc,heap        ] GC(47) DefNew: 3133439K(3133440K)->3133439K(3133440K) Eden: 2785279K(2785280K)->2785279K(2785280K) From: 348159K(348160K)->348159K(348160K)
[86.600s][info][gc,heap        ] GC(47) Tenured: 6963199K(6963200K)->6963199K(6963200K)
[86.600s][info][gc,metaspace   ] GC(47) Metaspace: 6297K(6464K)->6297K(6464K) NonClass: 5764K(5824K)->5764K(5824K) Class: 532K(640K)->532K(640K)
[86.600s][info][gc             ] GC(47) Pause Full (Allocation Failure) 9859M->9859M(9860M) 7753.872ms
[86.600s][info][gc,cpu         ] GC(47) User=7.75s Sys=0.00s Real=7.75s
[86.600s][info][gc,start       ] GC(48) Pause Full (Allocation Failure)
[86.600s][info][gc,phases,start] GC(48) Phase 1: Mark live objects
[91.116s][info][gc,phases      ] GC(48) Phase 1: Mark live objects 4515.380ms
[91.116s][info][gc,phases,start] GC(48) Phase 2: Compute new object addresses
[92.503s][info][gc,phases      ] GC(48) Phase 2: Compute new object addresses 1387.090ms
[92.503s][info][gc,phases,start] GC(48) Phase 3: Adjust pointers
[94.713s][info][gc,phases      ] GC(48) Phase 3: Adjust pointers 2210.480ms
[94.713s][info][gc,phases,start] GC(48) Phase 4: Move objects
[96.375s][info][gc,phases      ] GC(48) Phase 4: Move objects 1661.217ms
[96.375s][info][gc,heap        ] GC(48) DefNew: 3133439K(3133440K)->3133438K(3133440K) Eden: 2785279K(2785280K)->2785279K(2785280K) From: 348159K(348160K)->348158K(348160K)
[96.375s][info][gc,heap        ] GC(48) Tenured: 6963199K(6963200K)->6963199K(6963200K)
[96.375s][info][gc,metaspace   ] GC(48) Metaspace: 6297K(6464K)->6297K(6464K) NonClass: 5764K(5824K)->5764K(5824K) Class: 532K(640K)->532K(640K)
[96.375s][info][gc             ] GC(48) Pause Full (Allocation Failure) 9859M->9859M(9860M) 9775.097ms
[96.375s][info][gc,cpu         ] GC(48) User=9.77s Sys=0.00s Real=9.78s
[96.376s][info][gc,start       ] GC(49) Pause Full (Allocation Failure)
[96.377s][info][gc,phases,start] GC(49) Phase 1: Mark live objects
[100.887s][info][gc,phases      ] GC(49) Phase 1: Mark live objects 4510.567ms
[100.887s][info][gc,phases,start] GC(49) Phase 2: Compute new object addresses
[102.284s][info][gc,phases      ] GC(49) Phase 2: Compute new object addresses 1397.279ms
[102.285s][info][gc,phases,start] GC(49) Phase 3: Adjust pointers
[104.148s][info][gc,phases      ] GC(49) Phase 3: Adjust pointers 1863.472ms
[104.148s][info][gc,phases,start] GC(49) Phase 4: Move objects
[104.148s][info][gc,phases      ] GC(49) Phase 4: Move objects 0.017ms
[104.149s][info][gc,heap        ] GC(49) DefNew: 3133439K(3133440K)->3133438K(3133440K) Eden: 2785280K(2785280K)->2785279K(2785280K) From: 348159K(348160K)->348158K(348160K)
[104.149s][info][gc,heap        ] GC(49) Tenured: 6963199K(6963200K)->6963199K(6963200K)
[104.149s][info][gc,metaspace   ] GC(49) Metaspace: 6298K(6464K)->6298K(6464K) NonClass: 5764K(5824K)->5764K(5824K) Class: 533K(640K)->533K(640K)
[104.149s][info][gc             ] GC(49) Pause Full (Allocation Failure) 9859M->9859M(9860M) 7772.178ms
[104.149s][info][gc,cpu         ] GC(49) User=7.73s Sys=0.00s Real=7.77s
[104.149s][info][gc,heap,exit   ] Heap
[104.149s][info][gc,heap,exit   ]  def new generation   total 3133440K, used 3133439K [0x0000000582800000, 0x0000000657000000, 0x0000000657000000)
[104.149s][info][gc,heap,exit   ]   eden space 2785280K, 100% used [0x0000000582800000, 0x000000062c800000, 0x000000062c800000)
[104.149s][info][gc,heap,exit   ]   from space 348160K,  99% used [0x000000062c800000, 0x0000000641bfff50, 0x0000000641c00000)
[104.149s][info][gc,heap,exit   ]   to   space 348160K,   0% used [0x0000000641c00000, 0x0000000641c00000, 0x0000000657000000)
[104.149s][info][gc,heap,exit   ]  tenured generation   total 6963200K, used 6963199K [0x0000000657000000, 0x0000000800000000, 0x0000000800000000)
[104.149s][info][gc,heap,exit   ]    the space 6963200K,  99% used [0x0000000657000000, 0x00000007ffffffd0, 0x0000000800000000, 0x0000000800000000)
[104.149s][info][gc,heap,exit   ]  Metaspace       used 6301K, committed 6464K, reserved 1114112K
[104.149s][info][gc,heap,exit   ]   class space    used 534K, committed 640K, reserved 1048576K
