[0.011s][info][gc,init] CardTable entry size: 512
[0.011s][info][gc     ] Using Parallel
[0.012s][info][gc,init] Version: 18.0.1+10 (release)
[0.012s][info][gc,init] CPUs: 8 total, 8 available
[0.012s][info][gc,init] Memory: 16063M
[0.012s][info][gc,init] Large Page Support: Disabled
[0.012s][info][gc,init] NUMA Support: Disabled
[0.012s][info][gc,init] Compressed Oops: Enabled (Zero based)
[0.012s][info][gc,init] Alignments: Space 512K, Generation 512K, Heap 2M
[0.012s][info][gc,init] Heap Min Capacity: 2M
[0.012s][info][gc,init] Heap Initial Capacity: 2M
[0.012s][info][gc,init] Heap Max Capacity: 5900M
[0.013s][info][gc,init] Pre-touch: Disabled
[0.013s][info][gc,init] Parallel Workers: 8
[0.013s][info][gc,metaspace] CDS archive(s) not mapped
[0.013s][info][gc,metaspace] Compressed class space mapped at: 0x0000000800000000-0x0000000840000000, reserved size: 1073741824
[0.013s][info][gc,metaspace] Narrow klass base: 0x0000000800000000, Narrow klass shift: 0, Narrow klass range: 0x40000000
[0.112s][info][gc,start    ] GC(0) Pause Young (Allocation Failure)
[0.113s][info][gc,heap     ] GC(0) PSYoungGen: 512K(1024K)->480K(1024K) Eden: 512K(512K)->0K(512K) From: 0K(512K)->480K(512K)
[0.113s][info][gc,heap     ] GC(0) ParOldGen: 0K(512K)->8K(512K)
[0.113s][info][gc,metaspace] GC(0) Metaspace: 4229K(4352K)->4229K(4352K) NonClass: 3908K(3968K)->3908K(3968K) Class: 321K(384K)->321K(384K)
[0.113s][info][gc          ] GC(0) Pause Young (Allocation Failure) 0M->0M(1M) 1.681ms
[0.113s][info][gc,cpu      ] GC(0) User=0.00s Sys=0.00s Real=0.00s
[0.181s][info][gc,start    ] GC(1) Pause Young (Allocation Failure)
[0.182s][info][gc,heap     ] GC(1) PSYoungGen: 991K(1024K)->512K(1536K) Eden: 511K(512K)->0K(1024K) From: 480K(512K)->512K(512K)
[0.182s][info][gc,heap     ] GC(1) ParOldGen: 8K(512K)->88K(512K)
[0.182s][info][gc,metaspace] GC(1) Metaspace: 5878K(6016K)->5878K(6016K) NonClass: 5381K(5504K)->5381K(5504K) Class: 496K(512K)->496K(512K)
[0.182s][info][gc          ] GC(1) Pause Young (Allocation Failure) 0M->0M(2M) 0.926ms
[0.182s][info][gc,cpu      ] GC(1) User=0.00s Sys=0.00s Real=0.00s
[0.204s][info][gc,start    ] GC(2) Pause Young (Allocation Failure)
[0.205s][info][gc,heap     ] GC(2) PSYoungGen: 1536K(1536K)->512K(1536K) Eden: 1024K(1024K)->0K(1024K) From: 512K(512K)->512K(512K)
[0.205s][info][gc,heap     ] GC(2) ParOldGen: 88K(512K)->512K(1024K)
[0.205s][info][gc,metaspace] GC(2) Metaspace: 6297K(6464K)->6297K(6464K) NonClass: 5763K(5824K)->5763K(5824K) Class: 533K(640K)->533K(640K)
[0.205s][info][gc          ] GC(2) Pause Young (Allocation Failure) 1M->1M(2M) 1.382ms
[0.205s][info][gc,cpu      ] GC(2) User=0.00s Sys=0.00s Real=0.00s
[0.206s][info][gc,start    ] GC(3) Pause Young (Allocation Failure)
[0.208s][info][gc,heap     ] GC(3) PSYoungGen: 1536K(1536K)->480K(2560K) Eden: 1024K(1024K)->0K(2048K) From: 512K(512K)->480K(512K)
[0.208s][info][gc,heap     ] GC(3) ParOldGen: 512K(1024K)->1072K(1536K)
[0.208s][info][gc,metaspace] GC(3) Metaspace: 6297K(6464K)->6297K(6464K) NonClass: 5763K(5824K)->5763K(5824K) Class: 533K(640K)->533K(640K)
[0.208s][info][gc          ] GC(3) Pause Young (Allocation Failure) 2M->1M(4M) 1.499ms
[0.208s][info][gc,cpu      ] GC(3) User=0.00s Sys=0.00s Real=0.00s
[0.208s][info][gc,start    ] GC(4) Pause Full (Ergonomics)
[0.208s][info][gc,phases,start] GC(4) Marking Phase
[0.209s][info][gc,phases      ] GC(4) Marking Phase 1.151ms
[0.209s][info][gc,phases,start] GC(4) Summary Phase
[0.209s][info][gc,phases      ] GC(4) Summary Phase 0.016ms
[0.209s][info][gc,phases,start] GC(4) Adjust Roots
[0.210s][info][gc,phases      ] GC(4) Adjust Roots 0.364ms
[0.210s][info][gc,phases,start] GC(4) Compaction Phase
[0.212s][info][gc,phases      ] GC(4) Compaction Phase 2.682ms
[0.212s][info][gc,phases,start] GC(4) Post Compact
[0.213s][info][gc,phases      ] GC(4) Post Compact 0.100ms
[0.213s][info][gc,heap        ] GC(4) PSYoungGen: 480K(2560K)->0K(2560K) Eden: 0K(2048K)->0K(2048K) From: 480K(512K)->0K(512K)
[0.213s][info][gc,heap        ] GC(4) ParOldGen: 1072K(1536K)->1495K(3584K)
[0.213s][info][gc,metaspace   ] GC(4) Metaspace: 6297K(6464K)->6297K(6464K) NonClass: 5763K(5824K)->5763K(5824K) Class: 533K(640K)->533K(640K)
[0.213s][info][gc             ] GC(4) Pause Full (Ergonomics) 1M->1M(6M) 4.768ms
[0.213s][info][gc,cpu         ] GC(4) User=0.00s Sys=0.00s Real=0.01s
[0.216s][info][gc,start       ] GC(5) Pause Young (Allocation Failure)
[0.218s][info][gc,heap        ] GC(5) PSYoungGen: 2048K(2560K)->480K(3584K) Eden: 2048K(2048K)->0K(3072K) From: 0K(512K)->480K(512K)
[0.218s][info][gc,heap        ] GC(5) ParOldGen: 1495K(3584K)->2111K(3584K)
[0.218s][info][gc,metaspace   ] GC(5) Metaspace: 6297K(6464K)->6297K(6464K) NonClass: 5763K(5824K)->5763K(5824K) Class: 533K(640K)->533K(640K)
[0.218s][info][gc             ] GC(5) Pause Young (Allocation Failure) 3M->2M(7M) 1.554ms
[0.218s][info][gc,cpu         ] GC(5) User=0.00s Sys=0.00s Real=0.00s
[0.222s][info][gc,start       ] GC(6) Pause Young (Allocation Failure)
[0.225s][info][gc,heap        ] GC(6) PSYoungGen: 3552K(3584K)->1504K(4608K) Eden: 3072K(3072K)->0K(3072K) From: 480K(512K)->1504K(1536K)
[0.225s][info][gc,heap        ] GC(6) ParOldGen: 2111K(3584K)->2679K(3584K)
[0.225s][info][gc,metaspace   ] GC(6) Metaspace: 6297K(6464K)->6297K(6464K) NonClass: 5763K(5824K)->5763K(5824K) Class: 533K(640K)->533K(640K)
[0.225s][info][gc             ] GC(6) Pause Young (Allocation Failure) 5M->4M(8M) 2.301ms
[0.225s][info][gc,cpu         ] GC(6) User=0.00s Sys=0.00s Real=0.00s
[0.230s][info][gc,start       ] GC(7) Pause Young (Allocation Failure)
[0.233s][info][gc,heap        ] GC(7) PSYoungGen: 4576K(4608K)->2016K(7168K) Eden: 3072K(3072K)->0K(5120K) From: 1504K(1536K)->2016K(2048K)
[0.233s][info][gc,heap        ] GC(7) ParOldGen: 2679K(3584K)->3775K(4096K)
[0.233s][info][gc,metaspace   ] GC(7) Metaspace: 6297K(6464K)->6297K(6464K) NonClass: 5763K(5824K)->5763K(5824K) Class: 533K(640K)->533K(640K)
[0.233s][info][gc             ] GC(7) Pause Young (Allocation Failure) 7M->5M(11M) 3.021ms
[0.233s][info][gc,cpu         ] GC(7) User=0.00s Sys=0.00s Real=0.00s
[0.233s][info][gc,start       ] GC(8) Pause Full (Ergonomics)
[0.233s][info][gc,phases,start] GC(8) Marking Phase
[0.236s][info][gc,phases      ] GC(8) Marking Phase 2.615ms
[0.236s][info][gc,phases,start] GC(8) Summary Phase
[0.236s][info][gc,phases      ] GC(8) Summary Phase 0.015ms
[0.236s][info][gc,phases,start] GC(8) Adjust Roots
[0.236s][info][gc,phases      ] GC(8) Adjust Roots 0.308ms
[0.236s][info][gc,phases,start] GC(8) Compaction Phase
[0.239s][info][gc,phases      ] GC(8) Compaction Phase 3.049ms
[0.239s][info][gc,phases,start] GC(8) Post Compact
[0.239s][info][gc,phases      ] GC(8) Post Compact 0.034ms
[0.239s][info][gc,heap        ] GC(8) PSYoungGen: 2016K(7168K)->2012K(7168K) Eden: 0K(5120K)->0K(5120K) From: 2016K(2048K)->2012K(2048K)
[0.239s][info][gc,heap        ] GC(8) ParOldGen: 3775K(4096K)->3682K(6656K)
[0.239s][info][gc,metaspace   ] GC(8) Metaspace: 6297K(6464K)->6297K(6464K) NonClass: 5763K(5824K)->5763K(5824K) Class: 533K(640K)->533K(640K)
[0.239s][info][gc             ] GC(8) Pause Full (Ergonomics) 5M->5M(13M) 6.293ms
[0.239s][info][gc,cpu         ] GC(8) User=0.00s Sys=0.00s Real=0.01s
[0.246s][info][gc,start       ] GC(9) Pause Young (Allocation Failure)
[0.250s][info][gc,heap        ] GC(9) PSYoungGen: 7132K(7168K)->3040K(8192K) Eden: 5120K(5120K)->0K(5120K) From: 2012K(2048K)->3040K(3072K)
[0.250s][info][gc,heap        ] GC(9) ParOldGen: 3682K(6656K)->5322K(6656K)
[0.250s][info][gc,metaspace   ] GC(9) Metaspace: 6297K(6464K)->6297K(6464K) NonClass: 5763K(5824K)->5763K(5824K) Class: 533K(640K)->533K(640K)
[0.250s][info][gc             ] GC(9) Pause Young (Allocation Failure) 10M->8M(14M) 4.096ms
[0.250s][info][gc,cpu         ] GC(9) User=0.00s Sys=0.00s Real=0.00s
[0.250s][info][gc,start       ] GC(10) Pause Full (Ergonomics)
[0.250s][info][gc,phases,start] GC(10) Marking Phase
[0.254s][info][gc,phases      ] GC(10) Marking Phase 3.920ms
[0.254s][info][gc,phases,start] GC(10) Summary Phase
[0.254s][info][gc,phases      ] GC(10) Summary Phase 0.019ms
[0.254s][info][gc,phases,start] GC(10) Adjust Roots
[0.254s][info][gc,phases      ] GC(10) Adjust Roots 0.180ms
[0.254s][info][gc,phases,start] GC(10) Compaction Phase
[0.257s][info][gc,phases      ] GC(10) Compaction Phase 2.618ms
[0.257s][info][gc,phases,start] GC(10) Post Compact
[0.257s][info][gc,phases      ] GC(10) Post Compact 0.057ms
[0.257s][info][gc,heap        ] GC(10) PSYoungGen: 3040K(8192K)->2012K(8192K) Eden: 0K(5120K)->0K(5120K) From: 3040K(3072K)->2012K(3072K)
[0.257s][info][gc,heap        ] GC(10) ParOldGen: 5322K(6656K)->6318K(10240K)
[0.257s][info][gc,metaspace   ] GC(10) Metaspace: 6297K(6464K)->6297K(6464K) NonClass: 5763K(5824K)->5763K(5824K) Class: 533K(640K)->533K(640K)
[0.257s][info][gc             ] GC(10) Pause Full (Ergonomics) 8M->8M(18M) 7.161ms
[0.257s][info][gc,cpu         ] GC(10) User=0.00s Sys=0.00s Real=0.01s
[0.264s][info][gc,start       ] GC(11) Pause Young (Allocation Failure)
[0.268s][info][gc,heap        ] GC(11) PSYoungGen: 7132K(8192K)->4192K(11264K) Eden: 5120K(5120K)->0K(6656K) From: 2012K(3072K)->4192K(4608K)
[0.268s][info][gc,heap        ] GC(11) ParOldGen: 6318K(10240K)->6854K(10240K)
[0.268s][info][gc,metaspace   ] GC(11) Metaspace: 6297K(6464K)->6297K(6464K) NonClass: 5763K(5824K)->5763K(5824K) Class: 533K(640K)->533K(640K)
[0.268s][info][gc             ] GC(11) Pause Young (Allocation Failure) 13M->10M(21M) 4.256ms
[0.268s][info][gc,cpu         ] GC(11) User=0.00s Sys=0.00s Real=0.00s
[0.276s][info][gc,start       ] GC(12) Pause Young (Allocation Failure)
[0.282s][info][gc,heap        ] GC(12) PSYoungGen: 10848K(11264K)->5088K(11776K) Eden: 6656K(6656K)->0K(6656K) From: 4192K(4608K)->5088K(5120K)
[0.282s][info][gc,heap        ] GC(12) ParOldGen: 6854K(10240K)->9638K(10240K)
[0.282s][info][gc,metaspace   ] GC(12) Metaspace: 6297K(6464K)->6297K(6464K) NonClass: 5763K(5824K)->5763K(5824K) Class: 533K(640K)->533K(640K)
[0.282s][info][gc             ] GC(12) Pause Young (Allocation Failure) 17M->14M(21M) 5.904ms
[0.282s][info][gc,cpu         ] GC(12) User=0.02s Sys=0.00s Real=0.01s
[0.282s][info][gc,start       ] GC(13) Pause Full (Ergonomics)
[0.282s][info][gc,phases,start] GC(13) Marking Phase
[0.288s][info][gc,phases      ] GC(13) Marking Phase 6.324ms
[0.288s][info][gc,phases,start] GC(13) Summary Phase
[0.288s][info][gc,phases      ] GC(13) Summary Phase 0.016ms
[0.288s][info][gc,phases,start] GC(13) Adjust Roots
[0.289s][info][gc,phases      ] GC(13) Adjust Roots 0.171ms
[0.289s][info][gc,phases,start] GC(13) Compaction Phase
[0.294s][info][gc,phases      ] GC(13) Compaction Phase 5.824ms
[0.295s][info][gc,phases,start] GC(13) Post Compact
[0.295s][info][gc,phases      ] GC(13) Post Compact 0.062ms
[0.295s][info][gc,heap        ] GC(13) PSYoungGen: 5088K(11776K)->4375K(11776K) Eden: 0K(6656K)->0K(6656K) From: 5088K(5120K)->4375K(5120K)
[0.295s][info][gc,heap        ] GC(13) ParOldGen: 9638K(10240K)->10021K(15360K)
[0.295s][info][gc,metaspace   ] GC(13) Metaspace: 6297K(6464K)->6297K(6464K) NonClass: 5763K(5824K)->5763K(5824K) Class: 533K(640K)->533K(640K)
[0.295s][info][gc             ] GC(13) Pause Full (Ergonomics) 14M->14M(26M) 12.688ms
[0.295s][info][gc,cpu         ] GC(13) User=0.00s Sys=0.00s Real=0.01s
[0.299s][info][gc,start       ] GC(14) Pause Young (Allocation Failure)
[0.306s][info][gc,heap        ] GC(14) PSYoungGen: 11031K(11776K)->5376K(15872K) Eden: 6656K(6656K)->0K(8704K) From: 4375K(5120K)->5376K(7168K)
[0.306s][info][gc,heap        ] GC(14) ParOldGen: 10021K(15360K)->12533K(15360K)
[0.306s][info][gc,metaspace   ] GC(14) Metaspace: 6298K(6464K)->6298K(6464K) NonClass: 5765K(5824K)->5765K(5824K) Class: 533K(640K)->533K(640K)
[0.306s][info][gc             ] GC(14) Pause Young (Allocation Failure) 20M->17M(30M) 6.705ms
[0.306s][info][gc,cpu         ] GC(14) User=0.00s Sys=0.00s Real=0.01s
[0.312s][info][gc,start       ] GC(15) Pause Young (Allocation Failure)
[0.318s][info][gc,heap        ] GC(15) PSYoungGen: 14080K(15872K)->7680K(16384K) Eden: 8704K(8704K)->0K(8704K) From: 5376K(7168K)->7680K(7680K)
[0.318s][info][gc,heap        ] GC(15) ParOldGen: 12533K(15360K)->14717K(15360K)
[0.318s][info][gc,metaspace   ] GC(15) Metaspace: 6298K(6464K)->6298K(6464K) NonClass: 5765K(5824K)->5765K(5824K) Class: 533K(640K)->533K(640K)
[0.318s][info][gc             ] GC(15) Pause Young (Allocation Failure) 25M->21M(31M) 6.915ms
[0.318s][info][gc,cpu         ] GC(15) User=0.00s Sys=0.00s Real=0.01s
[0.319s][info][gc,start       ] GC(16) Pause Full (Ergonomics)
[0.319s][info][gc,phases,start] GC(16) Marking Phase
[0.328s][info][gc,phases      ] GC(16) Marking Phase 9.300ms
[0.328s][info][gc,phases,start] GC(16) Summary Phase
[0.328s][info][gc,phases      ] GC(16) Summary Phase 0.019ms
[0.328s][info][gc,phases,start] GC(16) Adjust Roots
[0.328s][info][gc,phases      ] GC(16) Adjust Roots 0.221ms
[0.328s][info][gc,phases,start] GC(16) Compaction Phase
[0.338s][info][gc,phases      ] GC(16) Compaction Phase 9.452ms
[0.338s][info][gc,phases,start] GC(16) Post Compact
[0.338s][info][gc,phases      ] GC(16) Post Compact 0.106ms
[0.338s][info][gc,heap        ] GC(16) PSYoungGen: 7680K(16384K)->7153K(16384K) Eden: 0K(8704K)->0K(8704K) From: 7680K(7680K)->7153K(7680K)
[0.338s][info][gc,heap        ] GC(16) ParOldGen: 14717K(15360K)->15139K(22528K)
[0.338s][info][gc,metaspace   ] GC(16) Metaspace: 6298K(6464K)->6298K(6464K) NonClass: 5765K(5824K)->5765K(5824K) Class: 533K(640K)->533K(640K)
[0.338s][info][gc             ] GC(16) Pause Full (Ergonomics) 21M->21M(38M) 19.466ms
[0.338s][info][gc,cpu         ] GC(16) User=0.00s Sys=0.00s Real=0.02s
[0.346s][info][gc,start       ] GC(17) Pause Young (Allocation Failure)
[0.356s][info][gc,heap        ] GC(17) PSYoungGen: 15857K(16384K)->5024K(21504K) Eden: 8704K(8704K)->0K(11776K) From: 7153K(7680K)->5024K(9728K)
[0.356s][info][gc,heap        ] GC(17) ParOldGen: 15139K(22528K)->22419K(22528K)
[0.356s][info][gc,metaspace   ] GC(17) Metaspace: 6298K(6464K)->6298K(6464K) NonClass: 5765K(5824K)->5765K(5824K) Class: 533K(640K)->533K(640K)
[0.356s][info][gc             ] GC(17) Pause Young (Allocation Failure) 30M->26M(43M) 9.450ms
[0.356s][info][gc,cpu         ] GC(17) User=0.00s Sys=0.00s Real=0.01s
[0.356s][info][gc,start       ] GC(18) Pause Full (Ergonomics)
[0.356s][info][gc,phases,start] GC(18) Marking Phase
[0.367s][info][gc,phases      ] GC(18) Marking Phase 10.656ms
[0.367s][info][gc,phases,start] GC(18) Summary Phase
[0.367s][info][gc,phases      ] GC(18) Summary Phase 0.019ms
[0.367s][info][gc,phases,start] GC(18) Adjust Roots
[0.367s][info][gc,phases      ] GC(18) Adjust Roots 0.203ms
[0.367s][info][gc,phases,start] GC(18) Compaction Phase
[0.376s][info][gc,phases      ] GC(18) Compaction Phase 9.137ms
[0.376s][info][gc,phases,start] GC(18) Post Compact
[0.376s][info][gc,phases      ] GC(18) Post Compact 0.111ms
[0.376s][info][gc,heap        ] GC(18) PSYoungGen: 5024K(21504K)->4990K(21504K) Eden: 0K(11776K)->0K(11776K) From: 5024K(9728K)->4990K(9728K)
[0.376s][info][gc,heap        ] GC(18) ParOldGen: 22419K(22528K)->21780K(32768K)
[0.376s][info][gc,metaspace   ] GC(18) Metaspace: 6298K(6464K)->6298K(6464K) NonClass: 5765K(5824K)->5765K(5824K) Class: 533K(640K)->533K(640K)
[0.376s][info][gc             ] GC(18) Pause Full (Ergonomics) 26M->26M(53M) 20.454ms
[0.376s][info][gc,cpu         ] GC(18) User=0.00s Sys=0.00s Real=0.02s
[0.383s][info][gc,start       ] GC(19) Pause Young (Allocation Failure)
[0.392s][info][gc,heap        ] GC(19) PSYoungGen: 16766K(21504K)->6144K(21504K) Eden: 11776K(11776K)->0K(11776K) From: 4990K(9728K)->6144K(9728K)
[0.392s][info][gc,heap        ] GC(19) ParOldGen: 21780K(32768K)->26844K(32768K)
[0.392s][info][gc,metaspace   ] GC(19) Metaspace: 6298K(6464K)->6298K(6464K) NonClass: 5765K(5824K)->5765K(5824K) Class: 533K(640K)->533K(640K)
[0.392s][info][gc             ] GC(19) Pause Young (Allocation Failure) 37M->32M(53M) 8.744ms
[0.392s][info][gc,cpu         ] GC(19) User=0.00s Sys=0.00s Real=0.01s
[0.392s][info][gc,start       ] GC(20) Pause Full (Ergonomics)
[0.392s][info][gc,phases,start] GC(20) Marking Phase
[0.406s][info][gc,phases      ] GC(20) Marking Phase 13.254ms
[0.406s][info][gc,phases,start] GC(20) Summary Phase
[0.406s][info][gc,phases      ] GC(20) Summary Phase 0.019ms
[0.406s][info][gc,phases,start] GC(20) Adjust Roots
[0.406s][info][gc,phases      ] GC(20) Adjust Roots 0.157ms
[0.406s][info][gc,phases,start] GC(20) Compaction Phase
[0.417s][info][gc,phases      ] GC(20) Compaction Phase 11.283ms
[0.417s][info][gc,phases,start] GC(20) Post Compact
[0.417s][info][gc,phases      ] GC(20) Post Compact 0.132ms
[0.417s][info][gc,heap        ] GC(20) PSYoungGen: 6144K(21504K)->468K(21504K) Eden: 0K(11776K)->0K(11776K) From: 6144K(9728K)->468K(9728K)
[0.417s][info][gc,heap        ] GC(20) ParOldGen: 26844K(32768K)->32392K(45568K)
[0.417s][info][gc,metaspace   ] GC(20) Metaspace: 6298K(6464K)->6298K(6464K) NonClass: 5765K(5824K)->5765K(5824K) Class: 533K(640K)->533K(640K)
[0.418s][info][gc             ] GC(20) Pause Full (Ergonomics) 32M->32M(65M) 25.252ms
[0.418s][info][gc,cpu         ] GC(20) User=0.00s Sys=0.00s Real=0.03s
[0.428s][info][gc,start       ] GC(21) Pause Young (Allocation Failure)
[0.439s][info][gc,heap        ] GC(21) PSYoungGen: 12244K(21504K)->10240K(23552K) Eden: 11776K(11776K)->0K(13312K) From: 468K(9728K)->10240K(10240K)
[0.439s][info][gc,heap        ] GC(21) ParOldGen: 32392K(45568K)->32544K(45568K)
[0.439s][info][gc,metaspace   ] GC(21) Metaspace: 6298K(6464K)->6298K(6464K) NonClass: 5765K(5824K)->5765K(5824K) Class: 533K(640K)->533K(640K)
[0.439s][info][gc             ] GC(21) Pause Young (Allocation Failure) 43M->41M(67M) 10.806ms
[0.439s][info][gc,cpu         ] GC(21) User=0.00s Sys=0.00s Real=0.01s
[0.454s][info][gc,start       ] GC(22) Pause Young (Allocation Failure)
[0.470s][info][gc,heap        ] GC(22) PSYoungGen: 23552K(23552K)->11744K(25088K) Eden: 13312K(13312K)->0K(13312K) From: 10240K(10240K)->11744K(11776K)
[0.470s][info][gc,heap        ] GC(22) ParOldGen: 32544K(45568K)->44520K(45568K)
[0.470s][info][gc,metaspace   ] GC(22) Metaspace: 6298K(6464K)->6298K(6464K) NonClass: 5765K(5824K)->5765K(5824K) Class: 533K(640K)->533K(640K)
[0.470s][info][gc             ] GC(22) Pause Young (Allocation Failure) 54M->54M(69M) 16.707ms
[0.470s][info][gc,cpu         ] GC(22) User=0.02s Sys=0.00s Real=0.02s
[0.470s][info][gc,start       ] GC(23) Pause Full (Ergonomics)
[0.470s][info][gc,phases,start] GC(23) Marking Phase
[0.491s][info][gc,phases      ] GC(23) Marking Phase 20.987ms
[0.491s][info][gc,phases,start] GC(23) Summary Phase
[0.491s][info][gc,phases      ] GC(23) Summary Phase 0.020ms
[0.491s][info][gc,phases,start] GC(23) Adjust Roots
[0.492s][info][gc,phases      ] GC(23) Adjust Roots 0.163ms
[0.492s][info][gc,phases,start] GC(23) Compaction Phase
[0.510s][info][gc,phases      ] GC(23) Compaction Phase 18.610ms
[0.510s][info][gc,phases,start] GC(23) Post Compact
[0.510s][info][gc,phases      ] GC(23) Post Compact 0.188ms
[0.511s][info][gc,heap        ] GC(23) PSYoungGen: 11744K(25088K)->9549K(25088K) Eden: 0K(13312K)->0K(13312K) From: 11744K(11776K)->9549K(11776K)
[0.511s][info][gc,heap        ] GC(23) ParOldGen: 44520K(45568K)->45466K(63488K)
[0.511s][info][gc,metaspace   ] GC(23) Metaspace: 6298K(6464K)->6298K(6464K) NonClass: 5765K(5824K)->5765K(5824K) Class: 533K(640K)->533K(640K)
[0.511s][info][gc             ] GC(23) Pause Full (Ergonomics) 54M->53M(86M) 40.443ms
[0.511s][info][gc,cpu         ] GC(23) User=0.03s Sys=0.00s Real=0.04s
[0.524s][info][gc,start       ] GC(24) Pause Young (Allocation Failure)
[0.543s][info][gc,heap        ] GC(24) PSYoungGen: 22861K(25088K)->13344K(33280K) Eden: 13312K(13312K)->0K(14848K) From: 9549K(11776K)->13344K(18432K)
[0.543s][info][gc,heap        ] GC(24) ParOldGen: 45466K(63488K)->55170K(63488K)
[0.543s][info][gc,metaspace   ] GC(24) Metaspace: 6298K(6464K)->6298K(6464K) NonClass: 5765K(5824K)->5765K(5824K) Class: 533K(640K)->533K(640K)
[0.543s][info][gc             ] GC(24) Pause Young (Allocation Failure) 66M->66M(94M) 19.404ms
[0.543s][info][gc,cpu         ] GC(24) User=0.02s Sys=0.00s Real=0.02s
[0.543s][info][gc,start       ] GC(25) Pause Full (Ergonomics)
[0.543s][info][gc,phases,start] GC(25) Marking Phase
[0.569s][info][gc,phases      ] GC(25) Marking Phase 25.295ms
[0.569s][info][gc,phases,start] GC(25) Summary Phase
[0.569s][info][gc,phases      ] GC(25) Summary Phase 0.020ms
[0.569s][info][gc,phases,start] GC(25) Adjust Roots
[0.569s][info][gc,phases      ] GC(25) Adjust Roots 0.159ms
[0.569s][info][gc,phases,start] GC(25) Compaction Phase
[0.587s][info][gc,phases      ] GC(25) Compaction Phase 18.565ms
[0.588s][info][gc,phases,start] GC(25) Post Compact
[0.588s][info][gc,phases      ] GC(25) Post Compact 0.386ms
[0.588s][info][gc,heap        ] GC(25) PSYoungGen: 13344K(33280K)->5106K(33280K) Eden: 0K(14848K)->0K(14848K) From: 13344K(18432K)->5106K(18432K)
[0.588s][info][gc,heap        ] GC(25) ParOldGen: 55170K(63488K)->63192K(84992K)
[0.588s][info][gc,metaspace   ] GC(25) Metaspace: 6298K(6464K)->6298K(6464K) NonClass: 5765K(5824K)->5765K(5824K) Class: 533K(640K)->533K(640K)
[0.588s][info][gc             ] GC(25) Pause Full (Ergonomics) 66M->66M(115M) 44.890ms
[0.588s][info][gc,cpu         ] GC(25) User=0.05s Sys=0.00s Real=0.05s
[0.603s][info][gc,start       ] GC(26) Pause Young (Allocation Failure)
[0.620s][info][gc,heap        ] GC(26) PSYoungGen: 19954K(33280K)->19456K(34304K) Eden: 14848K(14848K)->0K(14848K) From: 5106K(18432K)->19456K(19456K)
[0.620s][info][gc,heap        ] GC(26) ParOldGen: 63192K(84992K)->63704K(84992K)
[0.620s][info][gc,metaspace   ] GC(26) Metaspace: 6298K(6464K)->6298K(6464K) NonClass: 5765K(5824K)->5765K(5824K) Class: 533K(640K)->533K(640K)
[0.620s][info][gc             ] GC(26) Pause Young (Allocation Failure) 81M->81M(116M) 17.655ms
[0.620s][info][gc,cpu         ] GC(26) User=0.02s Sys=0.00s Real=0.02s
[0.641s][info][gc,start       ] GC(27) Pause Young (Allocation Failure)
[0.671s][info][gc,heap        ] GC(27) PSYoungGen: 34304K(34304K)->14880K(39424K) Eden: 14848K(14848K)->0K(16384K) From: 19456K(19456K)->14880K(23040K)
[0.671s][info][gc,heap        ] GC(27) ParOldGen: 63704K(84992K)->83440K(84992K)
[0.671s][info][gc,metaspace   ] GC(27) Metaspace: 6298K(6464K)->6298K(6464K) NonClass: 5765K(5824K)->5765K(5824K) Class: 533K(640K)->533K(640K)
[0.671s][info][gc             ] GC(27) Pause Young (Allocation Failure) 95M->96M(121M) 29.798ms
[0.671s][info][gc,cpu         ] GC(27) User=0.03s Sys=0.00s Real=0.03s
[0.671s][info][gc,start       ] GC(28) Pause Full (Ergonomics)
[0.671s][info][gc,phases,start] GC(28) Marking Phase
[0.707s][info][gc,phases      ] GC(28) Marking Phase 36.661ms
[0.707s][info][gc,phases,start] GC(28) Summary Phase
[0.708s][info][gc,phases      ] GC(28) Summary Phase 0.020ms
[0.708s][info][gc,phases,start] GC(28) Adjust Roots
[0.708s][info][gc,phases      ] GC(28) Adjust Roots 0.157ms
[0.708s][info][gc,phases,start] GC(28) Compaction Phase
[0.736s][info][gc,phases      ] GC(28) Compaction Phase 28.642ms
[0.736s][info][gc,phases,start] GC(28) Post Compact
[0.737s][info][gc,phases      ] GC(28) Post Compact 0.342ms
[0.737s][info][gc,heap        ] GC(28) PSYoungGen: 14880K(39424K)->14825K(39424K) Eden: 0K(16384K)->0K(16384K) From: 14880K(23040K)->14825K(23040K)
[0.737s][info][gc,heap        ] GC(28) ParOldGen: 83440K(84992K)->81063K(109568K)
[0.737s][info][gc,metaspace   ] GC(28) Metaspace: 6298K(6464K)->6298K(6464K) NonClass: 5765K(5824K)->5765K(5824K) Class: 533K(640K)->533K(640K)
[0.737s][info][gc             ] GC(28) Pause Full (Ergonomics) 96M->93M(145M) 66.226ms
[0.737s][info][gc,cpu         ] GC(28) User=0.09s Sys=0.00s Real=0.07s
[0.753s][info][gc,start       ] GC(29) Pause Young (Allocation Failure)
[0.771s][info][gc,heap        ] GC(29) PSYoungGen: 31209K(39424K)->24032K(40448K) Eden: 16384K(16384K)->0K(16384K) From: 14825K(23040K)->24032K(24064K)
[0.771s][info][gc,heap        ] GC(29) ParOldGen: 81063K(109568K)->88383K(109568K)
[0.771s][info][gc,metaspace   ] GC(29) Metaspace: 6298K(6464K)->6298K(6464K) NonClass: 5765K(5824K)->5765K(5824K) Class: 533K(640K)->533K(640K)
[0.771s][info][gc             ] GC(29) Pause Young (Allocation Failure) 109M->109M(146M) 18.199ms
[0.772s][info][gc,cpu         ] GC(29) User=0.02s Sys=0.03s Real=0.02s
[0.787s][info][gc,start       ] GC(30) Pause Young (Allocation Failure)
[0.808s][info][gc,heap        ] GC(30) PSYoungGen: 40416K(40448K)->16416K(50176K) Eden: 16384K(16384K)->0K(19456K) From: 24032K(24064K)->16416K(30720K)
[0.808s][info][gc,heap        ] GC(30) ParOldGen: 88383K(109568K)->112695K(113152K)
[0.808s][info][gc,metaspace   ] GC(30) Metaspace: 6298K(6464K)->6298K(6464K) NonClass: 5765K(5824K)->5765K(5824K) Class: 533K(640K)->533K(640K)
[0.808s][info][gc             ] GC(30) Pause Young (Allocation Failure) 125M->126M(159M) 21.894ms
[0.808s][info][gc,cpu         ] GC(30) User=0.03s Sys=0.00s Real=0.02s
[0.809s][info][gc,start       ] GC(31) Pause Full (Ergonomics)
[0.809s][info][gc,phases,start] GC(31) Marking Phase
[0.841s][info][gc,phases      ] GC(31) Marking Phase 32.810ms
[0.841s][info][gc,phases,start] GC(31) Summary Phase
[0.841s][info][gc,phases      ] GC(31) Summary Phase 0.015ms
[0.841s][info][gc,phases,start] GC(31) Adjust Roots
[0.842s][info][gc,phases      ] GC(31) Adjust Roots 0.189ms
[0.842s][info][gc,phases,start] GC(31) Compaction Phase
[0.873s][info][gc,phases      ] GC(31) Compaction Phase 31.682ms
[0.873s][info][gc,phases,start] GC(31) Post Compact
[0.874s][info][gc,phases      ] GC(31) Post Compact 0.458ms
[0.874s][info][gc,heap        ] GC(31) PSYoungGen: 16416K(50176K)->15842K(50176K) Eden: 0K(19456K)->0K(19456K) From: 16416K(30720K)->15842K(30720K)
[0.874s][info][gc,heap        ] GC(31) ParOldGen: 112695K(113152K)->112755K(148992K)
[0.874s][info][gc,metaspace   ] GC(31) Metaspace: 6298K(6464K)->6298K(6464K) NonClass: 5765K(5824K)->5765K(5824K) Class: 533K(640K)->533K(640K)
[0.874s][info][gc             ] GC(31) Pause Full (Ergonomics) 126M->125M(194M) 65.591ms
[0.874s][info][gc,cpu         ] GC(31) User=0.09s Sys=0.00s Real=0.07s
[0.894s][info][gc,start       ] GC(32) Pause Young (Allocation Failure)
[0.920s][info][gc,heap        ] GC(32) PSYoungGen: 35298K(50176K)->30720K(50176K) Eden: 19456K(19456K)->0K(19456K) From: 15842K(30720K)->30720K(30720K)
[0.920s][info][gc,heap        ] GC(32) ParOldGen: 112755K(148992K)->117443K(148992K)
[0.920s][info][gc,metaspace   ] GC(32) Metaspace: 6298K(6464K)->6298K(6464K) NonClass: 5765K(5824K)->5765K(5824K) Class: 533K(640K)->533K(640K)
[0.920s][info][gc             ] GC(32) Pause Young (Allocation Failure) 144M->144M(194M) 25.856ms
[0.920s][info][gc,cpu         ] GC(32) User=0.06s Sys=0.02s Real=0.03s
[0.938s][info][gc,start       ] GC(33) Pause Young (Allocation Failure)
[0.966s][info][gc,heap        ] GC(33) PSYoungGen: 50176K(50176K)->19488K(60416K) Eden: 19456K(19456K)->0K(23040K) From: 30720K(30720K)->19488K(37376K)
[0.966s][info][gc,heap        ] GC(33) ParOldGen: 117443K(148992K)->148587K(148992K)
[0.966s][info][gc,metaspace   ] GC(33) Metaspace: 6298K(6464K)->6298K(6464K) NonClass: 5765K(5824K)->5765K(5824K) Class: 533K(640K)->533K(640K)
[0.966s][info][gc             ] GC(33) Pause Young (Allocation Failure) 163M->164M(204M) 27.948ms
[0.966s][info][gc,cpu         ] GC(33) User=0.06s Sys=0.00s Real=0.03s
[0.966s][info][gc,start       ] GC(34) Pause Full (Ergonomics)
[0.966s][info][gc,phases,start] GC(34) Marking Phase
[1.006s][info][gc,phases      ] GC(34) Marking Phase 39.610ms
[1.006s][info][gc,phases,start] GC(34) Summary Phase
[1.006s][info][gc,phases      ] GC(34) Summary Phase 0.017ms
[1.006s][info][gc,phases,start] GC(34) Adjust Roots
[1.006s][info][gc,phases      ] GC(34) Adjust Roots 0.142ms
[1.006s][info][gc,phases,start] GC(34) Compaction Phase
[1.035s][info][gc,phases      ] GC(34) Compaction Phase 29.514ms
[1.035s][info][gc,phases,start] GC(34) Post Compact
[1.036s][info][gc,phases      ] GC(34) Post Compact 0.833ms
[1.036s][info][gc,heap        ] GC(34) PSYoungGen: 19488K(60416K)->18916K(60416K) Eden: 0K(23040K)->0K(23040K) From: 19488K(37376K)->18916K(37376K)
[1.037s][info][gc,heap        ] GC(34) ParOldGen: 148587K(148992K)->148532K(193024K)
[1.037s][info][gc,metaspace   ] GC(34) Metaspace: 6298K(6464K)->6298K(6464K) NonClass: 5765K(5824K)->5765K(5824K) Class: 533K(640K)->533K(640K)
[1.037s][info][gc             ] GC(34) Pause Full (Ergonomics) 164M->163M(247M) 70.663ms
[1.037s][info][gc,cpu         ] GC(34) User=0.17s Sys=0.00s Real=0.07s
[1.079s][info][gc,start       ] GC(35) Pause Young (Allocation Failure)
[1.107s][info][gc,heap        ] GC(35) PSYoungGen: 41956K(60416K)->37344K(60416K) Eden: 23040K(23040K)->0K(23040K) From: 18916K(37376K)->37344K(37376K)
[1.107s][info][gc,heap        ] GC(35) ParOldGen: 148532K(193024K)->153284K(193024K)
[1.107s][info][gc,metaspace   ] GC(35) Metaspace: 6298K(6464K)->6298K(6464K) NonClass: 5765K(5824K)->5765K(5824K) Class: 533K(640K)->533K(640K)
[1.107s][info][gc             ] GC(35) Pause Young (Allocation Failure) 186M->186M(247M) 27.617ms
[1.107s][info][gc,cpu         ] GC(35) User=0.00s Sys=0.00s Real=0.03s
[1.128s][info][gc,start       ] GC(36) Pause Young (Allocation Failure)
[1.160s][info][gc,heap        ] GC(36) PSYoungGen: 60384K(60416K)->23168K(70144K) Eden: 23040K(23040K)->0K(26624K) From: 37344K(37376K)->23168K(43520K)
[1.160s][info][gc,heap        ] GC(36) ParOldGen: 153284K(193024K)->191036K(193024K)
[1.160s][info][gc,metaspace   ] GC(36) Metaspace: 6298K(6464K)->6298K(6464K) NonClass: 5765K(5824K)->5765K(5824K) Class: 533K(640K)->533K(640K)
[1.160s][info][gc             ] GC(36) Pause Young (Allocation Failure) 208M->209M(257M) 31.746ms
[1.160s][info][gc,cpu         ] GC(36) User=0.03s Sys=0.02s Real=0.03s
[1.160s][info][gc,start       ] GC(37) Pause Full (Ergonomics)
[1.160s][info][gc,phases,start] GC(37) Marking Phase
[1.208s][info][gc,phases      ] GC(37) Marking Phase 47.853ms
[1.208s][info][gc,phases,start] GC(37) Summary Phase
[1.208s][info][gc,phases      ] GC(37) Summary Phase 0.017ms
[1.208s][info][gc,phases,start] GC(37) Adjust Roots
[1.208s][info][gc,phases      ] GC(37) Adjust Roots 0.149ms
[1.208s][info][gc,phases,start] GC(37) Compaction Phase
[1.249s][info][gc,phases      ] GC(37) Compaction Phase 41.263ms
[1.249s][info][gc,phases,start] GC(37) Post Compact
[1.250s][info][gc,phases      ] GC(37) Post Compact 0.970ms
[1.251s][info][gc,heap        ] GC(37) PSYoungGen: 23168K(70144K)->16367K(71168K) Eden: 0K(26624K)->0K(27648K) From: 23168K(43520K)->16367K(43520K)
[1.251s][info][gc,heap        ] GC(37) ParOldGen: 191036K(193024K)->193016K(247296K)
[1.251s][info][gc,metaspace   ] GC(37) Metaspace: 6298K(6464K)->6298K(6464K) NonClass: 5765K(5824K)->5765K(5824K) Class: 533K(640K)->533K(640K)
[1.251s][info][gc             ] GC(37) Pause Full (Ergonomics) 209M->204M(311M) 90.794ms
[1.251s][info][gc,cpu         ] GC(37) User=0.31s Sys=0.00s Real=0.09s
[1.281s][info][gc,start       ] GC(38) Pause Young (Allocation Failure)
[1.311s][info][gc,heap        ] GC(38) PSYoungGen: 44015K(71168K)->27776K(72192K) Eden: 27648K(27648K)->0K(27648K) From: 16367K(43520K)->27776K(44544K)
[1.311s][info][gc,heap        ] GC(38) ParOldGen: 193016K(247296K)->209648K(247296K)
[1.311s][info][gc,metaspace   ] GC(38) Metaspace: 6298K(6464K)->6298K(6464K) NonClass: 5765K(5824K)->5765K(5824K) Class: 533K(640K)->533K(640K)
[1.311s][info][gc             ] GC(38) Pause Young (Allocation Failure) 231M->231M(312M) 29.535ms
[1.311s][info][gc,cpu         ] GC(38) User=0.12s Sys=0.00s Real=0.03s
[1.343s][info][gc,start       ] GC(39) Pause Young (Allocation Failure)
[1.371s][info][gc,heap        ] GC(39) PSYoungGen: 55424K(72192K)->45568K(66560K) Eden: 27648K(27648K)->0K(20992K) From: 27776K(44544K)->45568K(45568K)
[1.371s][info][gc,heap        ] GC(39) ParOldGen: 209648K(247296K)->219568K(247296K)
[1.371s][info][gc,metaspace   ] GC(39) Metaspace: 6298K(6464K)->6298K(6464K) NonClass: 5765K(5824K)->5765K(5824K) Class: 533K(640K)->533K(640K)
[1.371s][info][gc             ] GC(39) Pause Young (Allocation Failure) 258M->258M(306M) 27.626ms
[1.371s][info][gc,cpu         ] GC(39) User=0.09s Sys=0.02s Real=0.03s
[1.371s][info][gc,start       ] GC(40) Pause Full (Ergonomics)
[1.371s][info][gc,phases,start] GC(40) Marking Phase
[1.428s][info][gc,phases      ] GC(40) Marking Phase 56.877ms
[1.428s][info][gc,phases,start] GC(40) Summary Phase
[1.428s][info][gc,phases      ] GC(40) Summary Phase 0.018ms
[1.428s][info][gc,phases,start] GC(40) Adjust Roots
[1.428s][info][gc,phases      ] GC(40) Adjust Roots 0.148ms
[1.428s][info][gc,phases,start] GC(40) Compaction Phase
[1.456s][info][gc,phases      ] GC(40) Compaction Phase 28.268ms
[1.456s][info][gc,phases,start] GC(40) Post Compact
[1.457s][info][gc,phases      ] GC(40) Post Compact 1.206ms
[1.458s][info][gc,heap        ] GC(40) PSYoungGen: 45568K(66560K)->17368K(66560K) Eden: 0K(20992K)->0K(20992K) From: 45568K(45568K)->17368K(45568K)
[1.458s][info][gc,heap        ] GC(40) ParOldGen: 219568K(247296K)->247241K(301568K)
[1.458s][info][gc,metaspace   ] GC(40) Metaspace: 6298K(6464K)->6298K(6464K) NonClass: 5765K(5824K)->5765K(5824K) Class: 533K(640K)->533K(640K)
[1.458s][info][gc             ] GC(40) Pause Full (Ergonomics) 258M->258M(359M) 87.092ms
[1.458s][info][gc,cpu         ] GC(40) User=0.44s Sys=0.03s Real=0.09s
[1.480s][info][gc,start       ] GC(41) Pause Young (Allocation Failure)
[1.508s][info][gc,heap        ] GC(41) PSYoungGen: 38360K(66560K)->21184K(77312K) Eden: 20992K(20992K)->0K(20992K) From: 17368K(45568K)->21184K(56320K)
[1.508s][info][gc,heap        ] GC(41) ParOldGen: 247241K(301568K)->264857K(301568K)
[1.508s][info][gc,metaspace   ] GC(41) Metaspace: 6298K(6464K)->6298K(6464K) NonClass: 5765K(5824K)->5765K(5824K) Class: 533K(640K)->533K(640K)
[1.508s][info][gc             ] GC(41) Pause Young (Allocation Failure) 278M->279M(370M) 27.832ms
[1.508s][info][gc,cpu         ] GC(41) User=0.14s Sys=0.00s Real=0.03s
[1.531s][info][gc,start       ] GC(42) Pause Young (Allocation Failure)
[1.551s][info][gc,heap        ] GC(42) PSYoungGen: 42176K(77312K)->42080K(73216K) Eden: 20992K(20992K)->0K(19968K) From: 21184K(56320K)->42080K(53248K)
[1.552s][info][gc,heap        ] GC(42) ParOldGen: 264857K(301568K)->264857K(301568K)
[1.552s][info][gc,metaspace   ] GC(42) Metaspace: 6298K(6464K)->6298K(6464K) NonClass: 5765K(5824K)->5765K(5824K) Class: 533K(640K)->533K(640K)
[1.552s][info][gc             ] GC(42) Pause Young (Allocation Failure) 299M->299M(366M) 20.787ms
[1.552s][info][gc,cpu         ] GC(42) User=0.12s Sys=0.00s Real=0.02s
[1.576s][info][gc,start       ] GC(43) Pause Young (Allocation Failure)
[1.604s][info][gc,heap        ] GC(43) PSYoungGen: 62048K(73216K)->57344K(77312K) Eden: 19968K(19968K)->0K(19968K) From: 42080K(53248K)->57344K(57344K)
[1.604s][info][gc,heap        ] GC(43) ParOldGen: 264857K(301568K)->269609K(301568K)
[1.604s][info][gc,metaspace   ] GC(43) Metaspace: 6298K(6464K)->6298K(6464K) NonClass: 5765K(5824K)->5765K(5824K) Class: 533K(640K)->533K(640K)
[1.604s][info][gc             ] GC(43) Pause Young (Allocation Failure) 319M->319M(370M) 27.793ms
[1.604s][info][gc,cpu         ] GC(43) User=0.12s Sys=0.00s Real=0.03s
[1.627s][info][gc,start       ] GC(44) Pause Young (Allocation Failure)
[1.663s][info][gc,heap        ] GC(44) PSYoungGen: 77312K(77312K)->38112K(91136K) Eden: 19968K(19968K)->0K(23552K) From: 57344K(57344K)->38112K(67584K)
[1.663s][info][gc,heap        ] GC(44) ParOldGen: 269609K(301568K)->309449K(309760K)
[1.663s][info][gc,metaspace   ] GC(44) Metaspace: 6298K(6464K)->6298K(6464K) NonClass: 5765K(5824K)->5765K(5824K) Class: 533K(640K)->533K(640K)
[1.663s][info][gc             ] GC(44) Pause Young (Allocation Failure) 338M->339M(391M) 35.997ms
[1.663s][info][gc,cpu         ] GC(44) User=0.20s Sys=0.02s Real=0.04s
[1.663s][info][gc,start       ] GC(45) Pause Full (Ergonomics)
[1.663s][info][gc,phases,start] GC(45) Marking Phase
[1.740s][info][gc,phases      ] GC(45) Marking Phase 76.904ms
[1.740s][info][gc,phases,start] GC(45) Summary Phase
[1.740s][info][gc,phases      ] GC(45) Summary Phase 0.019ms
[1.740s][info][gc,phases,start] GC(45) Adjust Roots
[1.740s][info][gc,phases      ] GC(45) Adjust Roots 0.145ms
[1.740s][info][gc,phases,start] GC(45) Compaction Phase
[1.782s][info][gc,phases      ] GC(45) Compaction Phase 42.209ms
[1.782s][info][gc,phases,start] GC(45) Post Compact
[1.784s][info][gc,phases      ] GC(45) Post Compact 1.693ms
[1.784s][info][gc,heap        ] GC(45) PSYoungGen: 38112K(91136K)->36857K(91136K) Eden: 0K(23552K)->0K(23552K) From: 38112K(67584K)->36857K(67584K)
[1.784s][info][gc,heap        ] GC(45) ParOldGen: 309449K(309760K)->309550K(372224K)
[1.784s][info][gc,metaspace   ] GC(45) Metaspace: 6298K(6464K)->6298K(6464K) NonClass: 5765K(5824K)->5765K(5824K) Class: 533K(640K)->533K(640K)
[1.785s][info][gc             ] GC(45) Pause Full (Ergonomics) 339M->338M(452M) 121.589ms
[1.785s][info][gc,cpu         ] GC(45) User=0.70s Sys=0.02s Real=0.12s
[1.850s][info][gc,start       ] GC(46) Pause Young (Allocation Failure)
[1.895s][info][gc,heap        ] GC(46) PSYoungGen: 60409K(91136K)->59264K(91136K) Eden: 23552K(23552K)->0K(23552K) From: 36857K(67584K)->59264K(67584K)
[1.895s][info][gc,heap        ] GC(46) ParOldGen: 309550K(372224K)->327534K(372224K)
[1.895s][info][gc,metaspace   ] GC(46) Metaspace: 6298K(6464K)->6298K(6464K) NonClass: 5765K(5824K)->5765K(5824K) Class: 533K(640K)->533K(640K)
[1.895s][info][gc             ] GC(46) Pause Young (Allocation Failure) 361M->377M(452M) 44.849ms
[1.895s][info][gc,cpu         ] GC(46) User=0.16s Sys=0.00s Real=0.05s
[1.918s][info][gc,start       ] GC(47) Pause Young (Allocation Failure)
[1.955s][info][gc,heap        ] GC(47) PSYoungGen: 82816K(91136K)->47264K(101376K) Eden: 23552K(23552K)->0K(26112K) From: 59264K(67584K)->47264K(75264K)
[1.955s][info][gc,heap        ] GC(47) ParOldGen: 327534K(372224K)->347046K(372224K)
[1.955s][info][gc,metaspace   ] GC(47) Metaspace: 6298K(6464K)->6298K(6464K) NonClass: 5765K(5824K)->5765K(5824K) Class: 533K(640K)->533K(640K)
[1.955s][info][gc             ] GC(47) Pause Young (Allocation Failure) 400M->385M(462M) 37.250ms
[1.955s][info][gc,cpu         ] GC(47) User=0.03s Sys=0.00s Real=0.04s
[1.956s][info][gc,start       ] GC(48) Pause Full (Ergonomics)
[1.956s][info][gc,phases,start] GC(48) Marking Phase
[2.033s][info][gc,phases      ] GC(48) Marking Phase 77.007ms
[2.033s][info][gc,phases,start] GC(48) Summary Phase
[2.033s][info][gc,phases      ] GC(48) Summary Phase 0.026ms
[2.033s][info][gc,phases,start] GC(48) Adjust Roots
[2.033s][info][gc,phases      ] GC(48) Adjust Roots 0.156ms
[2.033s][info][gc,phases,start] GC(48) Compaction Phase
[2.100s][info][gc,phases      ] GC(48) Compaction Phase 67.576ms
[2.100s][info][gc,phases,start] GC(48) Post Compact
[2.102s][info][gc,phases      ] GC(48) Post Compact 1.949ms
[2.103s][info][gc,heap        ] GC(48) PSYoungGen: 47264K(101376K)->13306K(101376K) Eden: 0K(26112K)->0K(26112K) From: 47264K(75264K)->13306K(75264K)
[2.103s][info][gc,heap        ] GC(48) ParOldGen: 347046K(372224K)->371973K(435712K)
[2.103s][info][gc,metaspace   ] GC(48) Metaspace: 6298K(6464K)->6298K(6464K) NonClass: 5765K(5824K)->5765K(5824K) Class: 533K(640K)->533K(640K)
[2.103s][info][gc             ] GC(48) Pause Full (Ergonomics) 385M->376M(524M) 147.300ms
[2.103s][info][gc,cpu         ] GC(48) User=0.81s Sys=0.05s Real=0.15s
[2.133s][info][gc,start       ] GC(49) Pause Young (Allocation Failure)
[2.167s][info][gc,heap        ] GC(49) PSYoungGen: 39418K(101376K)->36224K(102400K) Eden: 26112K(26112K)->0K(26112K) From: 13306K(75264K)->36224K(76288K)
[2.167s][info][gc,heap        ] GC(49) ParOldGen: 371973K(435712K)->375405K(435712K)
[2.167s][info][gc,metaspace   ] GC(49) Metaspace: 6298K(6464K)->6298K(6464K) NonClass: 5765K(5824K)->5765K(5824K) Class: 533K(640K)->533K(640K)
[2.167s][info][gc             ] GC(49) Pause Young (Allocation Failure) 401M->401M(525M) 33.701ms
[2.167s][info][gc,cpu         ] GC(49) User=0.17s Sys=0.00s Real=0.04s
[2.193s][info][gc,start       ] GC(50) Pause Young (Allocation Failure)
[2.222s][info][gc,heap        ] GC(50) PSYoungGen: 62336K(102400K)->62432K(96256K) Eden: 26112K(26112K)->0K(23040K) From: 36224K(76288K)->62432K(73216K)
[2.222s][info][gc,heap        ] GC(50) ParOldGen: 375405K(435712K)->375405K(435712K)
[2.222s][info][gc,metaspace   ] GC(50) Metaspace: 6298K(6464K)->6298K(6464K) NonClass: 5765K(5824K)->5765K(5824K) Class: 533K(640K)->533K(640K)
[2.222s][info][gc             ] GC(50) Pause Young (Allocation Failure) 427M->427M(519M) 29.095ms
[2.222s][info][gc,cpu         ] GC(50) User=0.14s Sys=0.00s Real=0.03s
[2.245s][info][gc,start       ] GC(51) Pause Young (Allocation Failure)
[2.283s][info][gc,heap        ] GC(51) PSYoungGen: 85472K(96256K)->75488K(102912K) Eden: 23040K(23040K)->0K(23040K) From: 62432K(73216K)->75488K(79872K)
[2.283s][info][gc,heap        ] GC(51) ParOldGen: 375405K(435712K)->385501K(435712K)
[2.283s][info][gc,metaspace   ] GC(51) Metaspace: 6298K(6464K)->6298K(6464K) NonClass: 5765K(5824K)->5765K(5824K) Class: 533K(640K)->533K(640K)
[2.283s][info][gc             ] GC(51) Pause Young (Allocation Failure) 450M->450M(526M) 38.213ms
[2.283s][info][gc,cpu         ] GC(51) User=0.25s Sys=0.02s Real=0.04s
[2.309s][info][gc,start       ] GC(52) Pause Young (Allocation Failure)
[2.358s][info][gc,heap        ] GC(52) PSYoungGen: 98528K(102912K)->72416K(109056K) Eden: 23040K(23040K)->0K(19456K) From: 75488K(79872K)->72416K(89600K)
[2.358s][info][gc,heap        ] GC(52) ParOldGen: 385501K(435712K)->411973K(435712K)
[2.358s][info][gc,metaspace   ] GC(52) Metaspace: 6298K(6464K)->6298K(6464K) NonClass: 5765K(5824K)->5765K(5824K) Class: 533K(640K)->533K(640K)
[2.358s][info][gc             ] GC(52) Pause Young (Allocation Failure) 472M->473M(532M) 49.102ms
[2.358s][info][gc,cpu         ] GC(52) User=0.41s Sys=0.09s Real=0.05s
[2.358s][info][gc,start       ] GC(53) Pause Full (Ergonomics)
[2.358s][info][gc,phases,start] GC(53) Marking Phase
[2.463s][info][gc,phases      ] GC(53) Marking Phase 105.133ms
[2.463s][info][gc,phases,start] GC(53) Summary Phase
[2.463s][info][gc,phases      ] GC(53) Summary Phase 0.029ms
[2.463s][info][gc,phases,start] GC(53) Adjust Roots
[2.463s][info][gc,phases      ] GC(53) Adjust Roots 0.164ms
[2.463s][info][gc,phases,start] GC(53) Compaction Phase
[2.524s][info][gc,phases      ] GC(53) Compaction Phase 60.408ms
[2.524s][info][gc,phases,start] GC(53) Post Compact
[2.526s][info][gc,phases      ] GC(53) Post Compact 2.558ms
[2.527s][info][gc,heap        ] GC(53) PSYoungGen: 72416K(109056K)->48083K(109056K) Eden: 0K(19456K)->0K(19456K) From: 72416K(89600K)->48083K(89600K)
[2.527s][info][gc,heap        ] GC(53) ParOldGen: 411973K(435712K)->435381K(501248K)
[2.527s][info][gc,metaspace   ] GC(53) Metaspace: 6298K(6464K)->6298K(6464K) NonClass: 5765K(5824K)->5765K(5824K) Class: 533K(640K)->533K(640K)
[2.527s][info][gc             ] GC(53) Pause Full (Ergonomics) 473M->472M(596M) 168.959ms
[2.527s][info][gc,cpu         ] GC(53) User=1.02s Sys=0.02s Real=0.17s
[2.549s][info][gc,start       ] GC(54) Pause Young (Allocation Failure)
[2.602s][info][gc,heap        ] GC(54) PSYoungGen: 67539K(109056K)->34336K(54272K) Eden: 19456K(19456K)->0K(19456K) From: 48083K(89600K)->34336K(34816K)
[2.602s][info][gc,heap        ] GC(54) ParOldGen: 435381K(501248K)->469213K(501248K)
[2.602s][info][gc,metaspace   ] GC(54) Metaspace: 6298K(6464K)->6298K(6464K) NonClass: 5765K(5824K)->5765K(5824K) Class: 533K(640K)->533K(640K)
[2.602s][info][gc             ] GC(54) Pause Young (Allocation Failure) 491M->491M(542M) 52.807ms
[2.602s][info][gc,cpu         ] GC(54) User=0.34s Sys=0.03s Real=0.05s
[2.602s][info][gc,start       ] GC(55) Pause Full (Ergonomics)
[2.602s][info][gc,phases,start] GC(55) Marking Phase
[2.711s][info][gc,phases      ] GC(55) Marking Phase 108.558ms
[2.711s][info][gc,phases,start] GC(55) Summary Phase
[2.711s][info][gc,phases      ] GC(55) Summary Phase 0.026ms
[2.711s][info][gc,phases,start] GC(55) Adjust Roots
[2.711s][info][gc,phases      ] GC(55) Adjust Roots 0.149ms
[2.711s][info][gc,phases,start] GC(55) Compaction Phase
[2.766s][info][gc,phases      ] GC(55) Compaction Phase 55.153ms
[2.766s][info][gc,phases,start] GC(55) Post Compact
[2.769s][info][gc,phases      ] GC(55) Post Compact 2.525ms
[2.769s][info][gc,heap        ] GC(55) PSYoungGen: 34336K(54272K)->1925K(54272K) Eden: 0K(19456K)->0K(19456K) From: 34336K(34816K)->1925K(34816K)
[2.769s][info][gc,heap        ] GC(55) ParOldGen: 469213K(501248K)->500965K(574976K)
[2.769s][info][gc,metaspace   ] GC(55) Metaspace: 6298K(6464K)->6298K(6464K) NonClass: 5765K(5824K)->5765K(5824K) Class: 533K(640K)->533K(640K)
[2.769s][info][gc             ] GC(55) Pause Full (Ergonomics) 491M->491M(614M) 167.130ms
[2.769s][info][gc,cpu         ] GC(55) User=1.03s Sys=0.02s Real=0.17s
[2.791s][info][gc,start       ] GC(56) Pause Young (Allocation Failure)
[2.822s][info][gc,heap        ] GC(56) PSYoungGen: 21381K(54272K)->20320K(112128K) Eden: 19456K(19456K)->0K(22016K) From: 1925K(34816K)->20320K(90112K)
[2.823s][info][gc,heap        ] GC(56) ParOldGen: 500965K(574976K)->502245K(574976K)
[2.823s][info][gc,metaspace   ] GC(56) Metaspace: 6298K(6464K)->6298K(6464K) NonClass: 5765K(5824K)->5765K(5824K) Class: 533K(640K)->533K(640K)
[2.823s][info][gc             ] GC(56) Pause Young (Allocation Failure) 510M->510M(671M) 31.953ms
[2.823s][info][gc,cpu         ] GC(56) User=0.14s Sys=0.00s Real=0.03s
[2.848s][info][gc,start       ] GC(57) Pause Young (Allocation Failure)
[2.870s][info][gc,heap        ] GC(57) PSYoungGen: 42336K(112128K)->42336K(64512K) Eden: 22016K(22016K)->0K(22016K) From: 20320K(90112K)->42336K(42496K)
[2.870s][info][gc,heap        ] GC(57) ParOldGen: 502245K(574976K)->502245K(574976K)
[2.870s][info][gc,metaspace   ] GC(57) Metaspace: 6298K(6464K)->6298K(6464K) NonClass: 5765K(5824K)->5765K(5824K) Class: 533K(640K)->533K(640K)
[2.870s][info][gc             ] GC(57) Pause Young (Allocation Failure) 531M->531M(624M) 21.824ms
[2.870s][info][gc,cpu         ] GC(57) User=0.12s Sys=0.00s Real=0.02s
[2.894s][info][gc,start       ] GC(58) Pause Young (Allocation Failure)
[2.925s][info][gc,heap        ] GC(58) PSYoungGen: 64352K(64512K)->64352K(108032K) Eden: 22016K(22016K)->0K(20480K) From: 42336K(42496K)->64352K(87552K)
[2.925s][info][gc,heap        ] GC(58) ParOldGen: 502245K(574976K)->502245K(574976K)
[2.925s][info][gc,metaspace   ] GC(58) Metaspace: 6298K(6464K)->6298K(6464K) NonClass: 5765K(5824K)->5765K(5824K) Class: 533K(640K)->533K(640K)
[2.925s][info][gc             ] GC(58) Pause Young (Allocation Failure) 553M->553M(667M) 31.145ms
[2.925s][info][gc,cpu         ] GC(58) User=0.16s Sys=0.00s Real=0.03s
[2.948s][info][gc,start       ] GC(59) Pause Young (Allocation Failure)
[2.988s][info][gc,heap        ] GC(59) PSYoungGen: 84832K(108032K)->84800K(112128K) Eden: 20480K(20480K)->0K(20480K) From: 64352K(87552K)->84800K(91648K)
[2.988s][info][gc,heap        ] GC(59) ParOldGen: 502245K(574976K)->502245K(574976K)
[2.988s][info][gc,metaspace   ] GC(59) Metaspace: 6298K(6464K)->6298K(6464K) NonClass: 5765K(5824K)->5765K(5824K) Class: 533K(640K)->533K(640K)
[2.988s][info][gc             ] GC(59) Pause Young (Allocation Failure) 573M->573M(671M) 40.537ms
[2.988s][info][gc,cpu         ] GC(59) User=0.27s Sys=0.00s Real=0.04s
[3.011s][info][gc,start       ] GC(60) Pause Young (Allocation Failure)
[3.066s][info][gc,heap        ] GC(60) PSYoungGen: 105280K(112128K)->101888K(108544K) Eden: 20480K(20480K)->0K(6656K) From: 84800K(91648K)->101888K(101888K)
[3.066s][info][gc,heap        ] GC(60) ParOldGen: 502245K(574976K)->505677K(574976K)
[3.066s][info][gc,metaspace   ] GC(60) Metaspace: 6298K(6464K)->6298K(6464K) NonClass: 5765K(5824K)->5765K(5824K) Class: 533K(640K)->533K(640K)
[3.066s][info][gc             ] GC(60) Pause Young (Allocation Failure) 593M->593M(667M) 54.667ms
[3.066s][info][gc,cpu         ] GC(60) User=0.30s Sys=0.09s Real=0.06s
[3.073s][info][gc,start       ] GC(61) Pause Young (Allocation Failure)
[3.130s][info][gc,heap        ] GC(61) PSYoungGen: 108544K(108544K)->68160K(124928K) Eden: 6656K(6656K)->0K(6656K) From: 101888K(101888K)->68160K(118272K)
[3.130s][info][gc,heap        ] GC(61) ParOldGen: 505677K(574976K)->546653K(574976K)
[3.130s][info][gc,metaspace   ] GC(61) Metaspace: 6298K(6464K)->6298K(6464K) NonClass: 5765K(5824K)->5765K(5824K) Class: 533K(640K)->533K(640K)
[3.130s][info][gc             ] GC(61) Pause Young (Allocation Failure) 599M->600M(683M) 56.238ms
[3.130s][info][gc,cpu         ] GC(61) User=0.34s Sys=0.05s Real=0.06s
[3.130s][info][gc,start       ] GC(62) Pause Full (Ergonomics)
[3.130s][info][gc,phases,start] GC(62) Marking Phase
[3.260s][info][gc,phases      ] GC(62) Marking Phase 130.282ms
[3.260s][info][gc,phases,start] GC(62) Summary Phase
[3.260s][info][gc,phases      ] GC(62) Summary Phase 0.027ms
[3.260s][info][gc,phases,start] GC(62) Adjust Roots
[3.261s][info][gc,phases      ] GC(62) Adjust Roots 0.544ms
[3.261s][info][gc,phases,start] GC(62) Compaction Phase
[3.319s][info][gc,phases      ] GC(62) Compaction Phase 57.809ms
[3.319s][info][gc,phases,start] GC(62) Post Compact
[3.320s][info][gc,phases      ] GC(62) Post Compact 1.123ms
[3.320s][info][gc,heap        ] GC(62) PSYoungGen: 68160K(124928K)->39240K(124928K) Eden: 0K(6656K)->0K(6656K) From: 68160K(118272K)->39240K(118272K)
[3.320s][info][gc,heap        ] GC(62) ParOldGen: 546653K(574976K)->574572K(654336K)
[3.320s][info][gc,metaspace   ] GC(62) Metaspace: 6298K(6464K)->6298K(6464K) NonClass: 5765K(5824K)->5765K(5824K) Class: 533K(640K)->533K(640K)
[3.320s][info][gc             ] GC(62) Pause Full (Ergonomics) 600M->599M(761M) 190.425ms
[3.320s][info][gc,cpu         ] GC(62) User=1.34s Sys=0.02s Real=0.19s
[3.328s][info][gc,start       ] GC(63) Pause Young (Allocation Failure)
[3.377s][info][gc,heap        ] GC(63) PSYoungGen: 45896K(124928K)->22912K(122880K) Eden: 6656K(6656K)->0K(7680K) From: 39240K(118272K)->22912K(115200K)
[3.377s][info][gc,heap        ] GC(63) ParOldGen: 574572K(654336K)->598012K(654336K)
[3.377s][info][gc,metaspace   ] GC(63) Metaspace: 6298K(6464K)->6298K(6464K) NonClass: 5765K(5824K)->5765K(5824K) Class: 533K(640K)->533K(640K)
[3.377s][info][gc             ] GC(63) Pause Young (Allocation Failure) 605M->606M(759M) 49.079ms
[3.377s][info][gc,cpu         ] GC(63) User=0.27s Sys=0.02s Real=0.05s
[3.387s][info][gc,start       ] GC(64) Pause Young (Allocation Failure)
[3.403s][info][gc,heap        ] GC(64) PSYoungGen: 30592K(122880K)->14432K(123904K) Eden: 7680K(7680K)->0K(7680K) From: 22912K(115200K)->14432K(116224K)
[3.403s][info][gc,heap        ] GC(64) ParOldGen: 598012K(654336K)->614364K(654336K)
[3.404s][info][gc,metaspace   ] GC(64) Metaspace: 6298K(6464K)->6298K(6464K) NonClass: 5765K(5824K)->5765K(5824K) Class: 533K(640K)->533K(640K)
[3.404s][info][gc             ] GC(64) Pause Young (Allocation Failure) 613M->614M(760M) 16.819ms
[3.404s][info][gc,cpu         ] GC(64) User=0.03s Sys=0.00s Real=0.02s
[3.404s][info][gc,start       ] GC(65) Pause Full (Ergonomics)
[3.404s][info][gc,phases,start] GC(65) Marking Phase
[3.541s][info][gc,phases      ] GC(65) Marking Phase 137.762ms
[3.541s][info][gc,phases,start] GC(65) Summary Phase
[3.541s][info][gc,phases      ] GC(65) Summary Phase 0.025ms
[3.541s][info][gc,phases,start] GC(65) Adjust Roots
[3.542s][info][gc,phases      ] GC(65) Adjust Roots 0.153ms
[3.542s][info][gc,phases,start] GC(65) Compaction Phase
[3.597s][info][gc,phases      ] GC(65) Compaction Phase 54.843ms
[3.597s][info][gc,phases,start] GC(65) Post Compact
[3.598s][info][gc,phases      ] GC(65) Post Compact 1.003ms
[3.598s][info][gc,heap        ] GC(65) PSYoungGen: 14432K(123904K)->0K(125440K) Eden: 0K(7680K)->0K(9216K) From: 14432K(116224K)->0K(116224K)
[3.598s][info][gc,heap        ] GC(65) ParOldGen: 614364K(654336K)->628089K(710656K)
[3.598s][info][gc,metaspace   ] GC(65) Metaspace: 6298K(6464K)->6298K(6464K) NonClass: 5765K(5824K)->5765K(5824K) Class: 533K(640K)->533K(640K)
[3.598s][info][gc             ] GC(65) Pause Full (Ergonomics) 614M->613M(816M) 194.299ms
[3.598s][info][gc,cpu         ] GC(65) User=1.25s Sys=0.03s Real=0.20s
[3.609s][info][gc,start       ] GC(66) Pause Young (Allocation Failure)
[3.617s][info][gc,heap        ] GC(66) PSYoungGen: 9216K(125440K)->9376K(125440K) Eden: 9216K(9216K)->0K(9216K) From: 0K(116224K)->9376K(116224K)
[3.617s][info][gc,heap        ] GC(66) ParOldGen: 628089K(710656K)->628089K(710656K)
[3.617s][info][gc,metaspace   ] GC(66) Metaspace: 6298K(6464K)->6298K(6464K) NonClass: 5765K(5824K)->5765K(5824K) Class: 533K(640K)->533K(640K)
[3.617s][info][gc             ] GC(66) Pause Young (Allocation Failure) 622M->622M(816M) 8.552ms
[3.617s][info][gc,cpu         ] GC(66) User=0.00s Sys=0.00s Real=0.01s
[3.629s][info][gc,start       ] GC(67) Pause Young (Allocation Failure)
[3.640s][info][gc,heap        ] GC(67) PSYoungGen: 18592K(125440K)->18560K(120832K) Eden: 9216K(9216K)->0K(10240K) From: 9376K(116224K)->18560K(110592K)
[3.640s][info][gc,heap        ] GC(67) ParOldGen: 628089K(710656K)->628089K(710656K)
[3.640s][info][gc,metaspace   ] GC(67) Metaspace: 6298K(6464K)->6298K(6464K) NonClass: 5765K(5824K)->5765K(5824K) Class: 533K(640K)->533K(640K)
[3.640s][info][gc             ] GC(67) Pause Young (Allocation Failure) 631M->631M(812M) 11.555ms
[3.640s][info][gc,cpu         ] GC(67) User=0.02s Sys=0.00s Real=0.01s
[3.652s][info][gc,start       ] GC(68) Pause Young (Allocation Failure)
[3.667s][info][gc,heap        ] GC(68) PSYoungGen: 28800K(120832K)->28768K(39424K) Eden: 10240K(10240K)->0K(10240K) From: 18560K(110592K)->28768K(29184K)
[3.667s][info][gc,heap        ] GC(68) ParOldGen: 628089K(710656K)->628089K(710656K)
[3.667s][info][gc,metaspace   ] GC(68) Metaspace: 6298K(6464K)->6298K(6464K) NonClass: 5765K(5824K)->5765K(5824K) Class: 533K(640K)->533K(640K)
[3.667s][info][gc             ] GC(68) Pause Young (Allocation Failure) 641M->641M(732M) 15.312ms
[3.667s][info][gc,cpu         ] GC(68) User=0.02s Sys=0.00s Real=0.02s
[3.679s][info][gc,start       ] GC(69) Pause Young (Allocation Failure)
[3.699s][info][gc,heap        ] GC(69) PSYoungGen: 39008K(39424K)->39008K(106496K) Eden: 10240K(10240K)->0K(11776K) From: 28768K(29184K)->39008K(94720K)
[3.699s][info][gc,heap        ] GC(69) ParOldGen: 628089K(710656K)->628089K(710656K)
[3.699s][info][gc,metaspace   ] GC(69) Metaspace: 6298K(6464K)->6298K(6464K) NonClass: 5765K(5824K)->5765K(5824K) Class: 533K(640K)->533K(640K)
[3.699s][info][gc             ] GC(69) Pause Young (Allocation Failure) 651M->651M(798M) 20.218ms
[3.699s][info][gc,cpu         ] GC(69) User=0.12s Sys=0.00s Real=0.02s
[3.713s][info][gc,start       ] GC(70) Pause Young (Allocation Failure)
[3.737s][info][gc,heap        ] GC(70) PSYoungGen: 50784K(106496K)->41568K(53760K) Eden: 11776K(11776K)->0K(11776K) From: 39008K(94720K)->41568K(41984K)
[3.737s][info][gc,heap        ] GC(70) ParOldGen: 628089K(710656K)->637441K(710656K)
[3.737s][info][gc,metaspace   ] GC(70) Metaspace: 6298K(6464K)->6298K(6464K) NonClass: 5765K(5824K)->5765K(5824K) Class: 533K(640K)->533K(640K)
[3.737s][info][gc             ] GC(70) Pause Young (Allocation Failure) 662M->663M(746M) 24.586ms
[3.737s][info][gc,cpu         ] GC(70) User=0.12s Sys=0.02s Real=0.02s
[3.752s][info][gc,start       ] GC(71) Pause Young (Allocation Failure)
[3.778s][info][gc,heap        ] GC(71) PSYoungGen: 53344K(53760K)->44160K(100864K) Eden: 11776K(11776K)->0K(13312K) From: 41568K(41984K)->44160K(87552K)
[3.778s][info][gc,heap        ] GC(71) ParOldGen: 637441K(710656K)->646793K(710656K)
[3.778s][info][gc,metaspace   ] GC(71) Metaspace: 6298K(6464K)->6298K(6464K) NonClass: 5765K(5824K)->5765K(5824K) Class: 533K(640K)->533K(640K)
[3.778s][info][gc             ] GC(71) Pause Young (Allocation Failure) 674M->674M(792M) 26.515ms
[3.778s][info][gc,cpu         ] GC(71) User=0.08s Sys=0.05s Real=0.03s
[3.795s][info][gc,start       ] GC(72) Pause Young (Allocation Failure)
[3.823s][info][gc,heap        ] GC(72) PSYoungGen: 57472K(100864K)->47200K(60928K) Eden: 13312K(13312K)->0K(13312K) From: 44160K(87552K)->47200K(47616K)
[3.823s][info][gc,heap        ] GC(72) ParOldGen: 646793K(710656K)->657177K(710656K)
[3.823s][info][gc,metaspace   ] GC(72) Metaspace: 6298K(6464K)->6298K(6464K) NonClass: 5765K(5824K)->5765K(5824K) Class: 533K(640K)->533K(640K)
[3.823s][info][gc             ] GC(72) Pause Young (Allocation Failure) 687M->687M(753M) 28.335ms
[3.823s][info][gc,cpu         ] GC(72) User=0.11s Sys=0.02s Real=0.03s
[3.978s][info][gc,start       ] GC(73) Pause Full (Ergonomics)
[3.978s][info][gc,phases,start] GC(73) Marking Phase
[4.137s][info][gc,phases      ] GC(73) Marking Phase 159.416ms
[4.137s][info][gc,phases,start] GC(73) Summary Phase
[4.137s][info][gc,phases      ] GC(73) Summary Phase 0.022ms
[4.137s][info][gc,phases,start] GC(73) Adjust Roots
[4.137s][info][gc,phases      ] GC(73) Adjust Roots 0.153ms
[4.137s][info][gc,phases,start] GC(73) Compaction Phase
[4.264s][info][gc,phases      ] GC(73) Compaction Phase 126.934ms
[4.264s][info][gc,phases,start] GC(73) Post Compact
[4.266s][info][gc,phases      ] GC(73) Post Compact 1.530ms
[4.266s][info][gc,heap        ] GC(73) PSYoungGen: 60512K(60928K)->22951K(60928K) Eden: 13312K(13312K)->0K(13312K) From: 47200K(47616K)->22951K(47616K)
[4.266s][info][gc,heap        ] GC(73) ParOldGen: 689945K(710656K)->710354K(784384K)
[4.266s][info][gc,metaspace   ] GC(73) Metaspace: 6298K(6464K)->6298K(6464K) NonClass: 5765K(5824K)->5765K(5824K) Class: 533K(640K)->533K(640K)
[4.266s][info][gc             ] GC(73) Pause Full (Ergonomics) 732M->716M(825M) 288.696ms
[4.266s][info][gc,cpu         ] GC(73) User=2.00s Sys=0.02s Real=0.29s
[4.283s][info][gc,start       ] GC(74) Pause Young (Allocation Failure)
[4.329s][info][gc,heap        ] GC(74) PSYoungGen: 36263K(60928K)->24992K(99328K) Eden: 13312K(13312K)->0K(14848K) From: 22951K(47616K)->24992K(84480K)
[4.329s][info][gc,heap        ] GC(74) ParOldGen: 710354K(784384K)->721978K(784384K)
[4.329s][info][gc,metaspace   ] GC(74) Metaspace: 6298K(6464K)->6298K(6464K) NonClass: 5765K(5824K)->5765K(5824K) Class: 533K(640K)->533K(640K)
[4.329s][info][gc             ] GC(74) Pause Young (Allocation Failure) 729M->729M(863M) 46.047ms
[4.329s][info][gc,cpu         ] GC(74) User=0.23s Sys=0.00s Real=0.05s
[4.344s][info][gc,start       ] GC(75) Pause Young (Allocation Failure)
[4.365s][info][gc,heap        ] GC(75) PSYoungGen: 39840K(99328K)->34592K(49664K) Eden: 14848K(14848K)->0K(14848K) From: 24992K(84480K)->34592K(34816K)
[4.365s][info][gc,heap        ] GC(75) ParOldGen: 721978K(784384K)->727250K(784384K)
[4.365s][info][gc,metaspace   ] GC(75) Metaspace: 6298K(6464K)->6298K(6464K) NonClass: 5765K(5824K)->5765K(5824K) Class: 533K(640K)->533K(640K)
[4.365s][info][gc             ] GC(75) Pause Young (Allocation Failure) 743M->743M(814M) 21.217ms
[4.365s][info][gc,cpu         ] GC(75) User=0.03s Sys=0.00s Real=0.02s
[4.381s][info][gc,start       ] GC(76) Pause Young (Allocation Failure)
[4.405s][info][gc,heap        ] GC(76) PSYoungGen: 49440K(49664K)->43168K(94208K) Eden: 14848K(14848K)->0K(16896K) From: 34592K(34816K)->43168K(77312K)
[4.405s][info][gc,heap        ] GC(76) ParOldGen: 727250K(784384K)->733666K(784384K)
[4.405s][info][gc,metaspace   ] GC(76) Metaspace: 6298K(6464K)->6298K(6464K) NonClass: 5765K(5824K)->5765K(5824K) Class: 533K(640K)->533K(640K)
[4.405s][info][gc             ] GC(76) Pause Young (Allocation Failure) 758M->758M(858M) 24.643ms
[4.405s][info][gc,cpu         ] GC(76) User=0.14s Sys=0.00s Real=0.02s
[4.423s][info][gc,start       ] GC(77) Pause Young (Allocation Failure)
[4.451s][info][gc,heap        ] GC(77) PSYoungGen: 60064K(94208K)->46752K(97280K) Eden: 16896K(16896K)->0K(16896K) From: 43168K(77312K)->46752K(80384K)
[4.452s][info][gc,heap        ] GC(77) ParOldGen: 733666K(784384K)->747170K(784384K)
[4.452s][info][gc,metaspace   ] GC(77) Metaspace: 6298K(6464K)->6298K(6464K) NonClass: 5765K(5824K)->5765K(5824K) Class: 533K(640K)->533K(640K)
[4.452s][info][gc             ] GC(77) Pause Young (Allocation Failure) 775M->775M(861M) 28.966ms
[4.452s][info][gc,cpu         ] GC(77) User=0.14s Sys=0.00s Real=0.03s
[4.468s][info][gc,start       ] GC(78) Pause Young (Allocation Failure)
[4.499s][info][gc,heap        ] GC(78) PSYoungGen: 63648K(97280K)->48736K(96768K) Eden: 16896K(16896K)->0K(18944K) From: 46752K(80384K)->48736K(77824K)
[4.499s][info][gc,heap        ] GC(78) ParOldGen: 747170K(784384K)->762218K(784384K)
[4.499s][info][gc,metaspace   ] GC(78) Metaspace: 6298K(6464K)->6298K(6464K) NonClass: 5765K(5824K)->5765K(5824K) Class: 533K(640K)->533K(640K)
[4.499s][info][gc             ] GC(78) Pause Young (Allocation Failure) 791M->791M(860M) 30.845ms
[4.499s][info][gc,cpu         ] GC(78) User=0.11s Sys=0.03s Real=0.03s
[4.499s][info][gc,start       ] GC(79) Pause Full (Ergonomics)
[4.499s][info][gc,phases,start] GC(79) Marking Phase
[4.678s][info][gc,phases      ] GC(79) Marking Phase 178.502ms
[4.678s][info][gc,phases,start] GC(79) Summary Phase
[4.678s][info][gc,phases      ] GC(79) Summary Phase 0.023ms
[4.678s][info][gc,phases,start] GC(79) Adjust Roots
[4.678s][info][gc,phases      ] GC(79) Adjust Roots 0.148ms
[4.678s][info][gc,phases,start] GC(79) Compaction Phase
[4.759s][info][gc,phases      ] GC(79) Compaction Phase 80.772ms
[4.759s][info][gc,phases,start] GC(79) Post Compact
[4.760s][info][gc,phases      ] GC(79) Post Compact 1.509ms
[4.761s][info][gc,heap        ] GC(79) PSYoungGen: 48736K(96768K)->26067K(97280K) Eden: 0K(18944K)->0K(19456K) From: 48736K(77824K)->26067K(77824K)
[4.761s][info][gc,heap        ] GC(79) ParOldGen: 762218K(784384K)->783887K(858624K)
[4.761s][info][gc,metaspace   ] GC(79) Metaspace: 6298K(6464K)->6298K(6464K) NonClass: 5765K(5824K)->5765K(5824K) Class: 533K(640K)->533K(640K)
[4.761s][info][gc             ] GC(79) Pause Full (Ergonomics) 791M->790M(933M) 261.532ms
[4.761s][info][gc,cpu         ] GC(79) User=1.80s Sys=0.02s Real=0.26s
[4.784s][info][gc,start       ] GC(80) Pause Young (Allocation Failure)
[4.837s][info][gc,heap        ] GC(80) PSYoungGen: 45523K(97280K)->27904K(97792K) Eden: 19456K(19456K)->0K(19456K) From: 26067K(77824K)->27904K(78336K)
[4.838s][info][gc,heap        ] GC(80) ParOldGen: 783887K(858624K)->801863K(858624K)
[4.838s][info][gc,metaspace   ] GC(80) Metaspace: 6298K(6464K)->6298K(6464K) NonClass: 5765K(5824K)->5765K(5824K) Class: 533K(640K)->533K(640K)
[4.838s][info][gc             ] GC(80) Pause Young (Allocation Failure) 809M->810M(934M) 53.530ms
[4.838s][info][gc,cpu         ] GC(80) User=0.38s Sys=0.00s Real=0.05s
[4.860s][info][gc,start       ] GC(81) Pause Young (Allocation Failure)
[4.885s][info][gc,heap        ] GC(81) PSYoungGen: 47360K(97792K)->39104K(91136K) Eden: 19456K(19456K)->0K(21504K) From: 27904K(78336K)->39104K(69632K)
[4.885s][info][gc,heap        ] GC(81) ParOldGen: 801863K(858624K)->810335K(858624K)
[4.885s][info][gc,metaspace   ] GC(81) Metaspace: 6298K(6464K)->6298K(6464K) NonClass: 5765K(5824K)->5765K(5824K) Class: 533K(640K)->533K(640K)
[4.885s][info][gc             ] GC(81) Pause Young (Allocation Failure) 829M->829M(927M) 25.508ms
[4.885s][info][gc,cpu         ] GC(81) User=0.12s Sys=0.00s Real=0.03s
[4.909s][info][gc,start       ] GC(82) Pause Young (Allocation Failure)
[4.940s][info][gc,heap        ] GC(82) PSYoungGen: 60608K(91136K)->41120K(94720K) Eden: 21504K(21504K)->0K(21504K) From: 39104K(69632K)->41120K(73216K)
[4.940s][info][gc,heap        ] GC(82) ParOldGen: 810335K(858624K)->830047K(858624K)
[4.940s][info][gc,metaspace   ] GC(82) Metaspace: 6298K(6464K)->6298K(6464K) NonClass: 5765K(5824K)->5765K(5824K) Class: 533K(640K)->533K(640K)
[4.940s][info][gc             ] GC(82) Pause Young (Allocation Failure) 850M->850M(931M) 31.156ms
[4.940s][info][gc,cpu         ] GC(82) User=0.14s Sys=0.00s Real=0.03s
[4.940s][info][gc,start       ] GC(83) Pause Full (Ergonomics)
[4.940s][info][gc,phases,start] GC(83) Marking Phase
[5.143s][info][gc,phases      ] GC(83) Marking Phase 202.896ms
[5.143s][info][gc,phases,start] GC(83) Summary Phase
[5.143s][info][gc,phases      ] GC(83) Summary Phase 0.031ms
[5.143s][info][gc,phases,start] GC(83) Adjust Roots
[5.143s][info][gc,phases      ] GC(83) Adjust Roots 0.167ms
[5.143s][info][gc,phases,start] GC(83) Compaction Phase
[5.226s][info][gc,phases      ] GC(83) Compaction Phase 82.874ms
[5.226s][info][gc,phases,start] GC(83) Post Compact
[5.228s][info][gc,phases      ] GC(83) Post Compact 1.578ms
[5.228s][info][gc,heap        ] GC(83) PSYoungGen: 41120K(94720K)->11778K(94720K) Eden: 0K(21504K)->0K(21504K) From: 41120K(73216K)->11778K(73216K)
[5.228s][info][gc,heap        ] GC(83) ParOldGen: 830047K(858624K)->858503K(940032K)
[5.228s][info][gc,metaspace   ] GC(83) Metaspace: 6298K(6464K)->6298K(6464K) NonClass: 5765K(5824K)->5765K(5824K) Class: 533K(640K)->533K(640K)
[5.228s][info][gc             ] GC(83) Pause Full (Ergonomics) 850M->849M(1010M) 288.216ms
[5.228s][info][gc,cpu         ] GC(83) User=1.91s Sys=0.03s Real=0.29s
[5.255s][info][gc,start       ] GC(84) Pause Young (Allocation Failure)
[5.306s][info][gc,heap        ] GC(84) PSYoungGen: 33282K(94720K)->28032K(91648K) Eden: 21504K(21504K)->0K(23552K) From: 11778K(73216K)->28032K(68096K)
[5.306s][info][gc,heap        ] GC(84) ParOldGen: 858503K(940032K)->863975K(940032K)
[5.306s][info][gc,metaspace   ] GC(84) Metaspace: 6298K(6464K)->6298K(6464K) NonClass: 5765K(5824K)->5765K(5824K) Class: 533K(640K)->533K(640K)
[5.306s][info][gc             ] GC(84) Pause Young (Allocation Failure) 870M->871M(1007M) 51.508ms
[5.306s][info][gc,cpu         ] GC(84) User=0.27s Sys=0.00s Real=0.05s
[5.332s][info][gc,start       ] GC(85) Pause Young (Allocation Failure)
[5.359s][info][gc,heap        ] GC(85) PSYoungGen: 51584K(91648K)->51648K(93184K) Eden: 23552K(23552K)->0K(23552K) From: 28032K(68096K)->51648K(69632K)
[5.359s][info][gc,heap        ] GC(85) ParOldGen: 863975K(940032K)->863975K(940032K)
[5.359s][info][gc,metaspace   ] GC(85) Metaspace: 6298K(6464K)->6298K(6464K) NonClass: 5765K(5824K)->5765K(5824K) Class: 533K(640K)->533K(640K)
[5.359s][info][gc             ] GC(85) Pause Young (Allocation Failure) 894M->894M(1009M) 27.195ms
[5.359s][info][gc,cpu         ] GC(85) User=0.14s Sys=0.00s Real=0.03s
[5.385s][info][gc,start       ] GC(86) Pause Young (Allocation Failure)
[5.421s][info][gc,heap        ] GC(86) PSYoungGen: 75200K(93184K)->71168K(87552K) Eden: 23552K(23552K)->0K(16384K) From: 51648K(69632K)->71168K(71168K)
[5.421s][info][gc,heap        ] GC(86) ParOldGen: 863975K(940032K)->867967K(940032K)
[5.421s][info][gc,metaspace   ] GC(86) Metaspace: 6298K(6464K)->6298K(6464K) NonClass: 5765K(5824K)->5765K(5824K) Class: 533K(640K)->533K(640K)
[5.421s][info][gc             ] GC(86) Pause Young (Allocation Failure) 917M->917M(1003M) 36.404ms
[5.421s][info][gc,cpu         ] GC(86) User=0.20s Sys=0.05s Real=0.04s
[5.439s][info][gc,start       ] GC(87) Pause Young (Allocation Failure)
[5.480s][info][gc,heap        ] GC(87) PSYoungGen: 87552K(87552K)->60768K(97280K) Eden: 16384K(16384K)->0K(16384K) From: 71168K(71168K)->60768K(80896K)
[5.480s][info][gc,heap        ] GC(87) ParOldGen: 867967K(940032K)->895263K(940032K)
[5.480s][info][gc,metaspace   ] GC(87) Metaspace: 6298K(6464K)->6298K(6464K) NonClass: 5765K(5824K)->5765K(5824K) Class: 533K(640K)->533K(640K)
[5.480s][info][gc             ] GC(87) Pause Young (Allocation Failure) 933M->933M(1013M) 41.178ms
[5.480s][info][gc,cpu         ] GC(87) User=0.22s Sys=0.03s Real=0.04s
[5.499s][info][gc,start       ] GC(88) Pause Young (Allocation Failure)
[5.536s][info][gc,heap        ] GC(88) PSYoungGen: 77152K(97280K)->55264K(101376K) Eden: 16384K(16384K)->0K(18432K) From: 60768K(80896K)->55264K(82944K)
[5.536s][info][gc,heap        ] GC(88) ParOldGen: 895263K(940032K)->917367K(940032K)
[5.536s][info][gc,metaspace   ] GC(88) Metaspace: 6298K(6464K)->6298K(6464K) NonClass: 5765K(5824K)->5765K(5824K) Class: 533K(640K)->533K(640K)
[5.536s][info][gc             ] GC(88) Pause Young (Allocation Failure) 949M->949M(1017M) 36.885ms
[5.536s][info][gc,cpu         ] GC(88) User=0.23s Sys=0.02s Real=0.04s
[5.536s][info][gc,start       ] GC(89) Pause Full (Ergonomics)
[5.536s][info][gc,phases,start] GC(89) Marking Phase
[5.758s][info][gc,phases      ] GC(89) Marking Phase 221.403ms
[5.758s][info][gc,phases,start] GC(89) Summary Phase
[5.758s][info][gc,phases      ] GC(89) Summary Phase 0.024ms
[5.758s][info][gc,phases,start] GC(89) Adjust Roots
[5.758s][info][gc,phases      ] GC(89) Adjust Roots 0.154ms
[5.758s][info][gc,phases,start] GC(89) Compaction Phase
[5.846s][info][gc,phases      ] GC(89) Compaction Phase 88.277ms
[5.847s][info][gc,phases,start] GC(89) Post Compact
[5.849s][info][gc,phases      ] GC(89) Post Compact 2.049ms
[5.849s][info][gc,heap        ] GC(89) PSYoungGen: 55264K(101376K)->31533K(101888K) Eden: 0K(18432K)->0K(18944K) From: 55264K(82944K)->31533K(82944K)
[5.849s][info][gc,heap        ] GC(89) ParOldGen: 917367K(940032K)->939972K(1031680K)
[5.849s][info][gc,metaspace   ] GC(89) Metaspace: 6298K(6464K)->6298K(6464K) NonClass: 5765K(5824K)->5765K(5824K) Class: 533K(640K)->533K(640K)
[5.849s][info][gc             ] GC(89) Pause Full (Ergonomics) 949M->948M(1107M) 312.779ms
[5.849s][info][gc,cpu         ] GC(89) User=2.08s Sys=0.03s Real=0.31s
[5.871s][info][gc,start       ] GC(90) Pause Young (Allocation Failure)
[5.934s][info][gc,heap        ] GC(90) PSYoungGen: 50477K(101888K)->38144K(102400K) Eden: 18944K(18944K)->0K(18944K) From: 31533K(82944K)->38144K(83456K)
[5.934s][info][gc,heap        ] GC(90) ParOldGen: 939972K(1031680K)->952748K(1031680K)
[5.934s][info][gc,metaspace   ] GC(90) Metaspace: 6298K(6464K)->6298K(6464K) NonClass: 5765K(5824K)->5765K(5824K) Class: 533K(640K)->533K(640K)
[5.934s][info][gc             ] GC(90) Pause Young (Allocation Failure) 967M->967M(1107M) 62.356ms
[5.934s][info][gc,cpu         ] GC(90) User=0.50s Sys=0.00s Real=0.06s
[5.955s][info][gc,start       ] GC(91) Pause Young (Allocation Failure)
[5.984s][info][gc,heap        ] GC(91) PSYoungGen: 57088K(102400K)->57024K(101888K) Eden: 18944K(18944K)->0K(20480K) From: 38144K(83456K)->57024K(81408K)
[5.984s][info][gc,heap        ] GC(91) ParOldGen: 952748K(1031680K)->952748K(1031680K)
[5.984s][info][gc,metaspace   ] GC(91) Metaspace: 6298K(6464K)->6298K(6464K) NonClass: 5765K(5824K)->5765K(5824K) Class: 533K(640K)->533K(640K)
[5.984s][info][gc             ] GC(91) Pause Young (Allocation Failure) 986M->986M(1107M) 29.281ms
[5.984s][info][gc,cpu         ] GC(91) User=0.14s Sys=0.00s Real=0.03s
[6.007s][info][gc,start       ] GC(92) Pause Young (Allocation Failure)
[6.045s][info][gc,heap        ] GC(92) PSYoungGen: 77504K(101888K)->68128K(102400K) Eden: 20480K(20480K)->0K(20480K) From: 57024K(81408K)->68128K(81920K)
[6.045s][info][gc,heap        ] GC(92) ParOldGen: 952748K(1031680K)->962196K(1031680K)
[6.045s][info][gc,metaspace   ] GC(92) Metaspace: 6298K(6464K)->6298K(6464K) NonClass: 5765K(5824K)->5765K(5824K) Class: 533K(640K)->533K(640K)
[6.045s][info][gc             ] GC(92) Pause Young (Allocation Failure) 1006M->1006M(1107M) 38.397ms
[6.045s][info][gc,cpu         ] GC(92) User=0.27s Sys=0.00s Real=0.04s
[6.067s][info][gc,start       ] GC(93) Pause Young (Allocation Failure)
[6.111s][info][gc,heap        ] GC(93) PSYoungGen: 88608K(102400K)->79040K(101888K) Eden: 20480K(20480K)->0K(15360K) From: 68128K(81920K)->79040K(86528K)
[6.111s][info][gc,heap        ] GC(93) ParOldGen: 962196K(1031680K)->971972K(1031680K)
[6.111s][info][gc,metaspace   ] GC(93) Metaspace: 6298K(6464K)->6298K(6464K) NonClass: 5765K(5824K)->5765K(5824K) Class: 533K(640K)->533K(640K)
[6.111s][info][gc             ] GC(93) Pause Young (Allocation Failure) 1026M->1026M(1107M) 43.952ms
[6.111s][info][gc,cpu         ] GC(93) User=0.17s Sys=0.09s Real=0.04s
[6.128s][info][gc,start       ] GC(94) Pause Young (Allocation Failure)
[6.174s][info][gc,heap        ] GC(94) PSYoungGen: 94400K(101888K)->75456K(109568K) Eden: 15360K(15360K)->0K(15360K) From: 79040K(86528K)->75456K(94208K)
[6.174s][info][gc,heap        ] GC(94) ParOldGen: 971972K(1031680K)->991164K(1031680K)
[6.174s][info][gc,metaspace   ] GC(94) Metaspace: 6298K(6464K)->6298K(6464K) NonClass: 5765K(5824K)->5765K(5824K) Class: 533K(640K)->533K(640K)
[6.174s][info][gc             ] GC(94) Pause Young (Allocation Failure) 1041M->1041M(1114M) 45.504ms
[6.174s][info][gc,cpu         ] GC(94) User=0.25s Sys=0.02s Real=0.04s
[6.191s][info][gc,start       ] GC(95) Pause Young (Allocation Failure)
[6.237s][info][gc,heap        ] GC(95) PSYoungGen: 90816K(109568K)->51360K(108544K) Eden: 15360K(15360K)->0K(17408K) From: 75456K(94208K)->51360K(91136K)
[6.237s][info][gc,heap        ] GC(95) ParOldGen: 991164K(1031680K)->1031092K(1031680K)
[6.237s][info][gc,metaspace   ] GC(95) Metaspace: 6298K(6464K)->6298K(6464K) NonClass: 5765K(5824K)->5765K(5824K) Class: 533K(640K)->533K(640K)
[6.237s][info][gc             ] GC(95) Pause Young (Allocation Failure) 1056M->1057M(1113M) 45.699ms
[6.237s][info][gc,cpu         ] GC(95) User=0.27s Sys=0.00s Real=0.05s
[6.237s][info][gc,start       ] GC(96) Pause Full (Ergonomics)
[6.237s][info][gc,phases,start] GC(96) Marking Phase
[6.479s][info][gc,phases      ] GC(96) Marking Phase 242.578ms
[6.479s][info][gc,phases,start] GC(96) Summary Phase
[6.479s][info][gc,phases      ] GC(96) Summary Phase 0.024ms
[6.479s][info][gc,phases,start] GC(96) Adjust Roots
[6.480s][info][gc,phases      ] GC(96) Adjust Roots 0.155ms
[6.480s][info][gc,phases,start] GC(96) Compaction Phase
[6.581s][info][gc,phases      ] GC(96) Compaction Phase 101.186ms
[6.581s][info][gc,phases,start] GC(96) Post Compact
[6.583s][info][gc,phases      ] GC(96) Post Compact 1.839ms
[6.583s][info][gc,heap        ] GC(96) PSYoungGen: 51360K(108544K)->49573K(111104K) Eden: 0K(17408K)->0K(19968K) From: 51360K(91136K)->49573K(91136K)
[6.583s][info][gc,heap        ] GC(96) ParOldGen: 1031092K(1031680K)->1031308K(1133056K)
[6.583s][info][gc,metaspace   ] GC(96) Metaspace: 6298K(6464K)->6298K(6464K) NonClass: 5765K(5824K)->5765K(5824K) Class: 533K(640K)->533K(640K)
[6.583s][info][gc             ] GC(96) Pause Full (Ergonomics) 1057M->1055M(1215M) 346.451ms
[6.583s][info][gc,cpu         ] GC(96) User=2.47s Sys=0.00s Real=0.35s
[6.609s][info][gc,start       ] GC(97) Pause Young (Allocation Failure)
[6.685s][info][gc,heap        ] GC(97) PSYoungGen: 69541K(111104K)->35040K(114688K) Eden: 19968K(19968K)->0K(19968K) From: 49573K(91136K)->35040K(94720K)
[6.685s][info][gc,heap        ] GC(97) ParOldGen: 1031308K(1133056K)->1066468K(1133056K)
[6.685s][info][gc,metaspace   ] GC(97) Metaspace: 6298K(6464K)->6298K(6464K) NonClass: 5765K(5824K)->5765K(5824K) Class: 533K(640K)->533K(640K)
[6.685s][info][gc             ] GC(97) Pause Young (Allocation Failure) 1075M->1075M(1218M) 75.797ms
[6.685s][info][gc,cpu         ] GC(97) User=0.48s Sys=0.02s Real=0.08s
[6.706s][info][gc,start       ] GC(98) Pause Young (Allocation Failure)
[6.736s][info][gc,heap        ] GC(98) PSYoungGen: 55008K(114688K)->40096K(112128K) Eden: 19968K(19968K)->0K(22528K) From: 35040K(94720K)->40096K(89600K)
[6.736s][info][gc,heap        ] GC(98) ParOldGen: 1066468K(1133056K)->1081620K(1133056K)
[6.736s][info][gc,metaspace   ] GC(98) Metaspace: 6298K(6464K)->6298K(6464K) NonClass: 5765K(5824K)->5765K(5824K) Class: 533K(640K)->533K(640K)
[6.736s][info][gc             ] GC(98) Pause Young (Allocation Failure) 1095M->1095M(1216M) 30.091ms
[6.736s][info][gc,cpu         ] GC(98) User=0.14s Sys=0.00s Real=0.03s
[6.762s][info][gc,start       ] GC(99) Pause Young (Allocation Failure)
[6.795s][info][gc,heap        ] GC(99) PSYoungGen: 62624K(112128K)->42688K(114176K) Eden: 22528K(22528K)->0K(22528K) From: 40096K(89600K)->42688K(91648K)
[6.795s][info][gc,heap        ] GC(99) ParOldGen: 1081620K(1133056K)->1101868K(1133056K)
[6.795s][info][gc,metaspace   ] GC(99) Metaspace: 6298K(6464K)->6298K(6464K) NonClass: 5765K(5824K)->5765K(5824K) Class: 533K(640K)->533K(640K)
[6.795s][info][gc             ] GC(99) Pause Young (Allocation Failure) 1117M->1117M(1218M) 32.878ms
[6.795s][info][gc,cpu         ] GC(99) User=0.14s Sys=0.00s Real=0.03s
[6.795s][info][gc,start       ] GC(100) Pause Full (Ergonomics)
[6.795s][info][gc,phases,start] GC(100) Marking Phase
[7.048s][info][gc,phases      ] GC(100) Marking Phase 253.281ms
[7.048s][info][gc,phases,start] GC(100) Summary Phase
[7.048s][info][gc,phases      ] GC(100) Summary Phase 0.025ms
[7.048s][info][gc,phases,start] GC(100) Adjust Roots
[7.048s][info][gc,phases      ] GC(100) Adjust Roots 0.151ms
[7.048s][info][gc,phases,start] GC(100) Compaction Phase
[7.144s][info][gc,phases      ] GC(100) Compaction Phase 95.465ms
[7.144s][info][gc,phases,start] GC(100) Post Compact
[7.146s][info][gc,phases      ] GC(100) Post Compact 1.946ms
[7.146s][info][gc,heap        ] GC(100) PSYoungGen: 42688K(114176K)->10244K(114176K) Eden: 0K(22528K)->0K(22528K) From: 42688K(91648K)->10244K(91648K)
[7.146s][info][gc,heap        ] GC(100) ParOldGen: 1101868K(1133056K)->1133000K(1243648K)
[7.146s][info][gc,metaspace   ] GC(100) Metaspace: 6298K(6464K)->6298K(6464K) NonClass: 5765K(5824K)->5765K(5824K) Class: 533K(640K)->533K(640K)
[7.146s][info][gc             ] GC(100) Pause Full (Ergonomics) 1117M->1116M(1326M) 351.574ms
[7.147s][info][gc,cpu         ] GC(100) User=2.45s Sys=0.05s Real=0.35s
[7.175s][info][gc,start       ] GC(101) Pause Young (Allocation Failure)
[7.240s][info][gc,heap        ] GC(101) PSYoungGen: 32772K(114176K)->28960K(113152K) Eden: 22528K(22528K)->0K(25088K) From: 10244K(91648K)->28960K(88064K)
[7.240s][info][gc,heap        ] GC(101) ParOldGen: 1133000K(1243648K)->1137048K(1243648K)
[7.240s][info][gc,metaspace   ] GC(101) Metaspace: 6298K(6464K)->6298K(6464K) NonClass: 5765K(5824K)->5765K(5824K) Class: 533K(640K)->533K(640K)
[7.240s][info][gc             ] GC(101) Pause Young (Allocation Failure) 1138M->1138M(1325M) 64.980ms
[7.240s][info][gc,cpu         ] GC(101) User=0.38s Sys=0.00s Real=0.07s
[7.269s][info][gc,start       ] GC(102) Pause Young (Allocation Failure)
[7.298s][info][gc,heap        ] GC(102) PSYoungGen: 54048K(113152K)->54048K(113664K) Eden: 25088K(25088K)->0K(25088K) From: 28960K(88064K)->54048K(88576K)
[7.298s][info][gc,heap        ] GC(102) ParOldGen: 1137048K(1243648K)->1137048K(1243648K)
[7.298s][info][gc,metaspace   ] GC(102) Metaspace: 6298K(6464K)->6298K(6464K) NonClass: 5765K(5824K)->5765K(5824K) Class: 533K(640K)->533K(640K)
[7.298s][info][gc             ] GC(102) Pause Young (Allocation Failure) 1163M->1163M(1325M) 29.754ms
[7.298s][info][gc,cpu         ] GC(102) User=0.14s Sys=0.00s Real=0.03s
[7.330s][info][gc,start       ] GC(103) Pause Young (Allocation Failure)
[7.370s][info][gc,heap        ] GC(103) PSYoungGen: 79136K(113664K)->79200K(107520K) Eden: 25088K(25088K)->0K(20480K) From: 54048K(88576K)->79200K(87040K)
[7.370s][info][gc,heap        ] GC(103) ParOldGen: 1137048K(1243648K)->1137048K(1243648K)
[7.370s][info][gc,metaspace   ] GC(103) Metaspace: 6298K(6464K)->6298K(6464K) NonClass: 5765K(5824K)->5765K(5824K) Class: 533K(640K)->533K(640K)
[7.370s][info][gc             ] GC(103) Pause Young (Allocation Failure) 1187M->1187M(1319M) 40.611ms
[7.370s][info][gc,cpu         ] GC(103) User=0.25s Sys=0.00s Real=0.04s
[7.395s][info][gc,start       ] GC(104) Pause Young (Allocation Failure)
[7.447s][info][gc,heap        ] GC(104) PSYoungGen: 99680K(107520K)->94208K(114688K) Eden: 20480K(20480K)->0K(20480K) From: 79200K(87040K)->94208K(94208K)
[7.447s][info][gc,heap        ] GC(104) ParOldGen: 1137048K(1243648K)->1142472K(1243648K)
[7.447s][info][gc,metaspace   ] GC(104) Metaspace: 6298K(6464K)->6298K(6464K) NonClass: 5765K(5824K)->5765K(5824K) Class: 533K(640K)->533K(640K)
[7.447s][info][gc             ] GC(104) Pause Young (Allocation Failure) 1207M->1207M(1326M) 51.983ms
[7.447s][info][gc,cpu         ] GC(104) User=0.30s Sys=0.00s Real=0.05s
[7.471s][info][gc,start       ] GC(105) Pause Young (Allocation Failure)
[7.535s][info][gc,heap        ] GC(105) PSYoungGen: 114688K(114688K)->87872K(124416K) Eden: 20480K(20480K)->0K(16384K) From: 94208K(94208K)->87872K(108032K)
[7.535s][info][gc,heap        ] GC(105) ParOldGen: 1142472K(1243648K)->1169760K(1243648K)
[7.535s][info][gc,metaspace   ] GC(105) Metaspace: 6298K(6464K)->6298K(6464K) NonClass: 5765K(5824K)->5765K(5824K) Class: 533K(640K)->533K(640K)
[7.535s][info][gc             ] GC(105) Pause Young (Allocation Failure) 1227M->1228M(1336M) 64.338ms
[7.535s][info][gc,cpu         ] GC(105) User=0.34s Sys=0.02s Real=0.06s
[7.554s][info][gc,start       ] GC(106) Pause Young (Allocation Failure)
[7.609s][info][gc,heap        ] GC(106) PSYoungGen: 104256K(124416K)->79872K(131072K) Eden: 16384K(16384K)->0K(16384K) From: 87872K(108032K)->79872K(114688K)
[7.609s][info][gc,heap        ] GC(106) ParOldGen: 1169760K(1243648K)->1194448K(1243648K)
[7.609s][info][gc,metaspace   ] GC(106) Metaspace: 6298K(6464K)->6298K(6464K) NonClass: 5765K(5824K)->5765K(5824K) Class: 533K(640K)->533K(640K)
[7.609s][info][gc             ] GC(106) Pause Young (Allocation Failure) 1244M->1244M(1342M) 55.162ms
[7.609s][info][gc,cpu         ] GC(106) User=0.34s Sys=0.05s Real=0.06s
[7.629s][info][gc,start       ] GC(107) Pause Young (Allocation Failure)
[7.681s][info][gc,heap        ] GC(107) PSYoungGen: 96256K(131072K)->53408K(127488K) Eden: 16384K(16384K)->0K(18944K) From: 79872K(114688K)->53408K(108544K)
[7.681s][info][gc,heap        ] GC(107) ParOldGen: 1194448K(1243648K)->1237848K(1243648K)
[7.681s][info][gc,metaspace   ] GC(107) Metaspace: 6298K(6464K)->6298K(6464K) NonClass: 5765K(5824K)->5765K(5824K) Class: 533K(640K)->533K(640K)
[7.681s][info][gc             ] GC(107) Pause Young (Allocation Failure) 1260M->1260M(1339M) 52.298ms
[7.681s][info][gc,cpu         ] GC(107) User=0.33s Sys=0.05s Real=0.05s
[7.681s][info][gc,start       ] GC(108) Pause Full (Ergonomics)
[7.681s][info][gc,phases,start] GC(108) Marking Phase
[7.975s][info][gc,phases      ] GC(108) Marking Phase 294.329ms
[7.975s][info][gc,phases,start] GC(108) Summary Phase
[7.975s][info][gc,phases      ] GC(108) Summary Phase 0.026ms
[7.975s][info][gc,phases,start] GC(108) Adjust Roots
[7.975s][info][gc,phases      ] GC(108) Adjust Roots 0.150ms
[7.975s][info][gc,phases,start] GC(108) Compaction Phase
[8.081s][info][gc,phases      ] GC(108) Compaction Phase 105.762ms
[8.081s][info][gc,phases,start] GC(108) Post Compact
[8.084s][info][gc,phases      ] GC(108) Post Compact 2.202ms
[8.084s][info][gc,heap        ] GC(108) PSYoungGen: 53408K(127488K)->46004K(130560K) Eden: 0K(18944K)->0K(22016K) From: 53408K(108544K)->46004K(108544K)
[8.084s][info][gc,heap        ] GC(108) ParOldGen: 1237848K(1243648K)->1243453K(1371136K)
[8.084s][info][gc,metaspace   ] GC(108) Metaspace: 6298K(6464K)->6298K(6464K) NonClass: 5765K(5824K)->5765K(5824K) Class: 533K(640K)->533K(640K)
[8.084s][info][gc             ] GC(108) Pause Full (Ergonomics) 1260M->1259M(1466M) 403.223ms
[8.084s][info][gc,cpu         ] GC(108) User=3.02s Sys=0.00s Real=0.40s
[8.110s][info][gc,start       ] GC(109) Pause Young (Allocation Failure)
[8.195s][info][gc,heap        ] GC(109) PSYoungGen: 68020K(130560K)->31616K(134656K) Eden: 22016K(22016K)->0K(22016K) From: 46004K(108544K)->31616K(112640K)
[8.195s][info][gc,heap        ] GC(109) ParOldGen: 1243453K(1371136K)->1275557K(1371136K)
[8.195s][info][gc,metaspace   ] GC(109) Metaspace: 6298K(6464K)->6298K(6464K) NonClass: 5765K(5824K)->5765K(5824K) Class: 533K(640K)->533K(640K)
[8.195s][info][gc             ] GC(109) Pause Young (Allocation Failure) 1280M->1276M(1470M) 85.142ms
[8.195s][info][gc,cpu         ] GC(109) User=0.50s Sys=0.02s Real=0.09s
[8.212s][info][gc,start       ] GC(110) Pause Young (Allocation Failure)
[8.240s][info][gc,heap        ] GC(110) PSYoungGen: 53632K(134656K)->28576K(135680K) Eden: 22016K(22016K)->0K(24576K) From: 31616K(112640K)->28576K(111104K)
[8.240s][info][gc,heap        ] GC(110) ParOldGen: 1275557K(1371136K)->1290189K(1371136K)
[8.240s][info][gc,metaspace   ] GC(110) Metaspace: 6298K(6464K)->6298K(6464K) NonClass: 5765K(5824K)->5765K(5824K) Class: 533K(640K)->533K(640K)
[8.240s][info][gc             ] GC(110) Pause Young (Allocation Failure) 1298M->1287M(1471M) 27.740ms
[8.240s][info][gc,cpu         ] GC(110) User=0.14s Sys=0.00s Real=0.03s
[8.270s][info][gc,start       ] GC(111) Pause Young (Allocation Failure)
[8.300s][info][gc,heap        ] GC(111) PSYoungGen: 53152K(135680K)->35104K(136192K) Eden: 24576K(24576K)->0K(24576K) From: 28576K(111104K)->35104K(111616K)
[8.300s][info][gc,heap        ] GC(111) ParOldGen: 1290189K(1371136K)->1307485K(1371136K)
[8.300s][info][gc,metaspace   ] GC(111) Metaspace: 6298K(6464K)->6298K(6464K) NonClass: 5765K(5824K)->5765K(5824K) Class: 533K(640K)->533K(640K)
[8.301s][info][gc             ] GC(111) Pause Young (Allocation Failure) 1311M->1311M(1472M) 30.393ms
[8.301s][info][gc,cpu         ] GC(111) User=0.14s Sys=0.00s Real=0.03s
[8.331s][info][gc,start       ] GC(112) Pause Young (Allocation Failure)
[8.364s][info][gc,heap        ] GC(112) PSYoungGen: 59680K(136192K)->48224K(126976K) Eden: 24576K(24576K)->0K(27648K) From: 35104K(111616K)->48224K(99328K)
[8.364s][info][gc,heap        ] GC(112) ParOldGen: 1307485K(1371136K)->1319069K(1371136K)
[8.364s][info][gc,metaspace   ] GC(112) Metaspace: 6298K(6464K)->6298K(6464K) NonClass: 5765K(5824K)->5765K(5824K) Class: 533K(640K)->533K(640K)
[8.364s][info][gc             ] GC(112) Pause Young (Allocation Failure) 1335M->1335M(1463M) 33.117ms
[8.364s][info][gc,cpu         ] GC(112) User=0.16s Sys=0.00s Real=0.03s
[8.398s][info][gc,start       ] GC(113) Pause Young (Allocation Failure)
[8.439s][info][gc,heap        ] GC(113) PSYoungGen: 75872K(126976K)->52384K(80384K) Eden: 27648K(27648K)->0K(27648K) From: 48224K(99328K)->52384K(52736K)
[8.439s][info][gc,heap        ] GC(113) ParOldGen: 1319069K(1371136K)->1342901K(1371136K)
[8.439s][info][gc,metaspace   ] GC(113) Metaspace: 6298K(6464K)->6298K(6464K) NonClass: 5765K(5824K)->5765K(5824K) Class: 533K(640K)->533K(640K)
[8.439s][info][gc             ] GC(113) Pause Young (Allocation Failure) 1362M->1362M(1417M) 41.708ms
[8.439s][info][gc,cpu         ] GC(113) User=0.25s Sys=0.00s Real=0.04s
[8.440s][info][gc,start       ] GC(114) Pause Full (Ergonomics)
[8.440s][info][gc,phases,start] GC(114) Marking Phase
[8.766s][info][gc,phases      ] GC(114) Marking Phase 326.920ms
[8.767s][info][gc,phases,start] GC(114) Summary Phase
[8.767s][info][gc,phases      ] GC(114) Summary Phase 0.038ms
[8.767s][info][gc,phases,start] GC(114) Adjust Roots
[8.767s][info][gc,phases      ] GC(114) Adjust Roots 0.232ms
[8.767s][info][gc,phases,start] GC(114) Compaction Phase
[9.141s][info][gc,phases      ] GC(114) Compaction Phase 374.071ms
[9.141s][info][gc,phases,start] GC(114) Post Compact
[9.144s][info][gc,phases      ] GC(114) Post Compact 2.970ms
[9.145s][info][gc,heap        ] GC(114) PSYoungGen: 52384K(80384K)->22521K(80384K) Eden: 0K(27648K)->0K(27648K) From: 52384K(52736K)->22521K(52736K)
[9.145s][info][gc,heap        ] GC(114) ParOldGen: 1342901K(1371136K)->1370971K(1502720K)
[9.145s][info][gc,metaspace   ] GC(114) Metaspace: 6298K(6464K)->6298K(6464K) NonClass: 5765K(5824K)->5765K(5824K) Class: 533K(640K)->533K(640K)
[9.145s][info][gc             ] GC(114) Pause Full (Ergonomics) 1362M->1360M(1546M) 705.073ms
[9.145s][info][gc,cpu         ] GC(114) User=5.00s Sys=0.00s Real=0.71s
[9.436s][info][gc,start       ] GC(115) Pause Young (Allocation Failure)
[9.517s][info][gc,heap        ] GC(115) PSYoungGen: 50169K(80384K)->38784K(124928K) Eden: 27648K(27648K)->0K(30208K) From: 22521K(52736K)->38784K(94720K)
[9.517s][info][gc,heap        ] GC(115) ParOldGen: 1436507K(1502720K)->1448275K(1502720K)
[9.517s][info][gc,metaspace   ] GC(115) Metaspace: 6298K(6464K)->6298K(6464K) NonClass: 5765K(5824K)->5765K(5824K) Class: 533K(640K)->533K(640K)
[9.517s][info][gc             ] GC(115) Pause Young (Allocation Failure) 1451M->1452M(1589M) 80.680ms
[9.517s][info][gc,cpu         ] GC(115) User=0.52s Sys=0.00s Real=0.08s
[9.545s][info][gc,start       ] GC(116) Pause Young (Allocation Failure)
[9.582s][info][gc,heap        ] GC(116) PSYoungGen: 68992K(124928K)->69024K(127488K) Eden: 30208K(30208K)->0K(30208K) From: 38784K(94720K)->69024K(97280K)
[9.582s][info][gc,heap        ] GC(116) ParOldGen: 1448275K(1502720K)->1448275K(1502720K)
[9.582s][info][gc,metaspace   ] GC(116) Metaspace: 6298K(6464K)->6298K(6464K) NonClass: 5765K(5824K)->5765K(5824K) Class: 533K(640K)->533K(640K)
[9.582s][info][gc             ] GC(116) Pause Young (Allocation Failure) 1481M->1481M(1592M) 36.477ms
[9.582s][info][gc,cpu         ] GC(116) User=0.17s Sys=0.00s Real=0.04s
[9.610s][info][gc,start       ] GC(117) Pause Young (Allocation Failure)
[9.658s][info][gc,heap        ] GC(117) PSYoungGen: 99232K(127488K)->99232K(120320K) Eden: 30208K(30208K)->0K(20992K) From: 69024K(97280K)->99232K(99328K)
[9.658s][info][gc,heap        ] GC(117) ParOldGen: 1448275K(1502720K)->1448275K(1502720K)
[9.658s][info][gc,metaspace   ] GC(117) Metaspace: 6298K(6464K)->6298K(6464K) NonClass: 5765K(5824K)->5765K(5824K) Class: 533K(640K)->533K(640K)
[9.658s][info][gc             ] GC(117) Pause Young (Allocation Failure) 1511M->1511M(1585M) 48.146ms
[9.658s][info][gc,cpu         ] GC(117) User=0.27s Sys=0.00s Real=0.05s
[9.678s][info][gc,start       ] GC(118) Pause Young (Allocation Failure)
[9.736s][info][gc,heap        ] GC(118) PSYoungGen: 120224K(120320K)->111616K(132608K) Eden: 20992K(20992K)->0K(20992K) From: 99232K(99328K)->111616K(111616K)
[9.736s][info][gc,heap        ] GC(118) ParOldGen: 1448275K(1502720K)->1456923K(1502720K)
[9.736s][info][gc,metaspace   ] GC(118) Metaspace: 6298K(6464K)->6298K(6464K) NonClass: 5765K(5824K)->5765K(5824K) Class: 533K(640K)->533K(640K)
[9.736s][info][gc             ] GC(118) Pause Young (Allocation Failure) 1531M->1531M(1597M) 57.998ms
[9.736s][info][gc,cpu         ] GC(118) User=0.39s Sys=0.00s Real=0.06s
[9.757s][info][gc,start       ] GC(119) Pause Young (Allocation Failure)
[9.840s][info][gc,heap        ] GC(119) PSYoungGen: 132608K(132608K)->97120K(147968K) Eden: 20992K(20992K)->0K(18432K) From: 111616K(111616K)->97120K(129536K)
[9.840s][info][gc,heap        ] GC(119) ParOldGen: 1456923K(1502720K)->1493019K(1502720K)
[9.840s][info][gc,metaspace   ] GC(119) Metaspace: 6298K(6464K)->6298K(6464K) NonClass: 5765K(5824K)->5765K(5824K) Class: 533K(640K)->533K(640K)
[9.840s][info][gc             ] GC(119) Pause Young (Allocation Failure) 1552M->1552M(1612M) 82.477ms
[9.840s][info][gc,cpu         ] GC(119) User=0.47s Sys=0.16s Real=0.08s
[9.840s][info][gc,start       ] GC(120) Pause Full (Ergonomics)
[9.840s][info][gc,phases,start] GC(120) Marking Phase
[10.182s][info][gc,phases      ] GC(120) Marking Phase 342.130ms
[10.182s][info][gc,phases,start] GC(120) Summary Phase
[10.182s][info][gc,phases      ] GC(120) Summary Phase 0.032ms
[10.182s][info][gc,phases,start] GC(120) Adjust Roots
[10.182s][info][gc,phases      ] GC(120) Adjust Roots 0.231ms
[10.182s][info][gc,phases,start] GC(120) Compaction Phase
[10.437s][info][gc,phases      ] GC(120) Compaction Phase 255.054ms
[10.437s][info][gc,phases,start] GC(120) Post Compact
[10.441s][info][gc,phases      ] GC(120) Post Compact 4.035ms
[10.443s][info][gc,heap        ] GC(120) PSYoungGen: 97120K(147968K)->53837K(147968K) Eden: 0K(18432K)->0K(18432K) From: 97120K(129536K)->53837K(129536K)
[10.443s][info][gc,heap        ] GC(120) ParOldGen: 1493019K(1502720K)->1502313K(1643520K)
[10.443s][info][gc,metaspace   ] GC(120) Metaspace: 6298K(6464K)->6298K(6464K) NonClass: 5765K(5824K)->5765K(5824K) Class: 533K(640K)->533K(640K)
[10.443s][info][gc             ] GC(120) Pause Full (Ergonomics) 1552M->1519M(1749M) 603.208ms
[10.443s][info][gc,cpu         ] GC(120) User=4.23s Sys=0.06s Real=0.60s
[10.463s][info][gc,start       ] GC(121) Pause Young (Allocation Failure)
[10.565s][info][gc,heap        ] GC(121) PSYoungGen: 72269K(147968K)->39104K(153600K) Eden: 18432K(18432K)->0K(18432K) From: 53837K(129536K)->39104K(135168K)
[10.566s][info][gc,heap        ] GC(121) ParOldGen: 1502313K(1643520K)->1536225K(1643520K)
[10.566s][info][gc,metaspace   ] GC(121) Metaspace: 6298K(6464K)->6298K(6464K) NonClass: 5765K(5824K)->5765K(5824K) Class: 533K(640K)->533K(640K)
[10.566s][info][gc             ] GC(121) Pause Young (Allocation Failure) 1537M->1538M(1755M) 102.475ms
[10.566s][info][gc,cpu         ] GC(121) User=0.66s Sys=0.08s Real=0.10s
[10.584s][info][gc,start       ] GC(122) Pause Young (Allocation Failure)
[10.618s][info][gc,heap        ] GC(122) PSYoungGen: 57536K(153600K)->49920K(146432K) Eden: 18432K(18432K)->0K(20992K) From: 39104K(135168K)->49920K(125440K)
[10.618s][info][gc,heap        ] GC(122) ParOldGen: 1536225K(1643520K)->1543961K(1643520K)
[10.618s][info][gc,metaspace   ] GC(122) Metaspace: 6298K(6464K)->6298K(6464K) NonClass: 5765K(5824K)->5765K(5824K) Class: 533K(640K)->533K(640K)
[10.618s][info][gc             ] GC(122) Pause Young (Allocation Failure) 1556M->1556M(1748M) 33.809ms
[10.618s][info][gc,cpu         ] GC(122) User=0.11s Sys=0.02s Real=0.03s
[10.639s][info][gc,start       ] GC(123) Pause Young (Allocation Failure)
[10.682s][info][gc,heap        ] GC(123) PSYoungGen: 70912K(146432K)->58016K(79360K) Eden: 20992K(20992K)->0K(20992K) From: 49920K(125440K)->58016K(58368K)
[10.682s][info][gc,heap        ] GC(123) ParOldGen: 1543961K(1643520K)->1557041K(1643520K)
[10.682s][info][gc,metaspace   ] GC(123) Metaspace: 6298K(6464K)->6298K(6464K) NonClass: 5765K(5824K)->5765K(5824K) Class: 533K(640K)->533K(640K)
[10.682s][info][gc             ] GC(123) Pause Young (Allocation Failure) 1577M->1577M(1682M) 42.790ms
[10.682s][info][gc,cpu         ] GC(123) User=0.03s Sys=0.03s Real=0.04s
[10.702s][info][gc,start       ] GC(124) Pause Young (Allocation Failure)
[10.746s][info][gc,heap        ] GC(124) PSYoungGen: 79008K(79360K)->60576K(135680K) Eden: 20992K(20992K)->0K(24064K) From: 58016K(58368K)->60576K(111616K)
[10.746s][info][gc,heap        ] GC(124) ParOldGen: 1557041K(1643520K)->1575753K(1643520K)
[10.746s][info][gc,metaspace   ] GC(124) Metaspace: 6298K(6464K)->6298K(6464K) NonClass: 5765K(5824K)->5765K(5824K) Class: 533K(640K)->533K(640K)
[10.746s][info][gc             ] GC(124) Pause Young (Allocation Failure) 1597M->1597M(1737M) 43.699ms
[10.746s][info][gc,cpu         ] GC(124) User=0.19s Sys=0.06s Real=0.04s
[10.770s][info][gc,start       ] GC(125) Pause Young (Allocation Failure)
[10.822s][info][gc,heap        ] GC(125) PSYoungGen: 84640K(135680K)->45152K(141312K) Eden: 24064K(24064K)->0K(24064K) From: 60576K(111616K)->45152K(117248K)
[10.822s][info][gc,heap        ] GC(125) ParOldGen: 1575753K(1643520K)->1615753K(1643520K)
[10.822s][info][gc,metaspace   ] GC(125) Metaspace: 6298K(6464K)->6298K(6464K) NonClass: 5765K(5824K)->5765K(5824K) Class: 533K(640K)->533K(640K)
[10.823s][info][gc             ] GC(125) Pause Young (Allocation Failure) 1621M->1621M(1743M) 52.901ms
[10.823s][info][gc,cpu         ] GC(125) User=0.28s Sys=0.09s Real=0.05s
[10.823s][info][gc,start       ] GC(126) Pause Full (Ergonomics)
[10.823s][info][gc,phases,start] GC(126) Marking Phase
[11.173s][info][gc,phases      ] GC(126) Marking Phase 350.092ms
[11.173s][info][gc,phases,start] GC(126) Summary Phase
[11.173s][info][gc,phases      ] GC(126) Summary Phase 0.034ms
[11.173s][info][gc,phases,start] GC(126) Adjust Roots
[11.173s][info][gc,phases      ] GC(126) Adjust Roots 0.169ms
[11.173s][info][gc,phases,start] GC(126) Compaction Phase
[11.347s][info][gc,phases      ] GC(126) Compaction Phase 173.582ms
[11.347s][info][gc,phases,start] GC(126) Post Compact
[11.350s][info][gc,phases      ] GC(126) Post Compact 3.239ms
[11.351s][info][gc,heap        ] GC(126) PSYoungGen: 45152K(141312K)->15871K(141312K) Eden: 0K(24064K)->0K(24064K) From: 45152K(117248K)->15871K(117248K)
[11.351s][info][gc,heap        ] GC(126) ParOldGen: 1615753K(1643520K)->1643032K(1800192K)
[11.351s][info][gc,metaspace   ] GC(126) Metaspace: 6298K(6464K)->6298K(6464K) NonClass: 5765K(5824K)->5765K(5824K) Class: 533K(640K)->533K(640K)
[11.351s][info][gc             ] GC(126) Pause Full (Ergonomics) 1621M->1620M(1896M) 528.905ms
[11.352s][info][gc,cpu         ] GC(126) User=3.56s Sys=0.09s Real=0.53s
[11.377s][info][gc,start       ] GC(127) Pause Young (Allocation Failure)
[11.467s][info][gc,heap        ] GC(127) PSYoungGen: 39935K(141312K)->24192K(141312K) Eden: 24064K(24064K)->0K(26624K) From: 15871K(117248K)->24192K(114688K)
[11.467s][info][gc,heap        ] GC(127) ParOldGen: 1643032K(1800192K)->1659176K(1800192K)
[11.467s][info][gc,metaspace   ] GC(127) Metaspace: 6298K(6464K)->6298K(6464K) NonClass: 5765K(5824K)->5765K(5824K) Class: 533K(640K)->533K(640K)
[11.467s][info][gc             ] GC(127) Pause Young (Allocation Failure) 1643M->1643M(1896M) 90.251ms
[11.467s][info][gc,cpu         ] GC(127) User=0.55s Sys=0.09s Real=0.09s
[11.494s][info][gc,start       ] GC(128) Pause Young (Allocation Failure)
[11.531s][info][gc,heap        ] GC(128) PSYoungGen: 50816K(141312K)->26784K(142336K) Eden: 26624K(26624K)->0K(26624K) From: 24192K(114688K)->26784K(115712K)
[11.531s][info][gc,heap        ] GC(128) ParOldGen: 1659176K(1800192K)->1683616K(1800192K)
[11.531s][info][gc,metaspace   ] GC(128) Metaspace: 6298K(6464K)->6298K(6464K) NonClass: 5765K(5824K)->5765K(5824K) Class: 533K(640K)->533K(640K)
[11.531s][info][gc             ] GC(128) Pause Young (Allocation Failure) 1669M->1670M(1897M) 37.964ms
[11.532s][info][gc,cpu         ] GC(128) User=0.05s Sys=0.05s Real=0.04s
[11.561s][info][gc,start       ] GC(129) Pause Young (Allocation Failure)
[11.599s][info][gc,heap        ] GC(129) PSYoungGen: 53408K(142336K)->26752K(141312K) Eden: 26624K(26624K)->0K(29696K) From: 26784K(115712K)->26752K(111616K)
[11.599s][info][gc,heap        ] GC(129) ParOldGen: 1683616K(1800192K)->1710664K(1800192K)
[11.599s][info][gc,metaspace   ] GC(129) Metaspace: 6298K(6464K)->6298K(6464K) NonClass: 5765K(5824K)->5765K(5824K) Class: 533K(640K)->533K(640K)
[11.599s][info][gc             ] GC(129) Pause Young (Allocation Failure) 1696M->1696M(1896M) 38.022ms
[11.599s][info][gc,cpu         ] GC(129) User=0.16s Sys=0.09s Real=0.04s
[11.633s][info][gc,start       ] GC(130) Pause Young (Allocation Failure)
[11.673s][info][gc,heap        ] GC(130) PSYoungGen: 56448K(141312K)->29856K(142848K) Eden: 29696K(29696K)->0K(29696K) From: 26752K(111616K)->29856K(113152K)
[11.673s][info][gc,heap        ] GC(130) ParOldGen: 1710664K(1800192K)->1737696K(1800192K)
[11.673s][info][gc,metaspace   ] GC(130) Metaspace: 6298K(6464K)->6298K(6464K) NonClass: 5765K(5824K)->5765K(5824K) Class: 533K(640K)->533K(640K)
[11.673s][info][gc             ] GC(130) Pause Young (Allocation Failure) 1725M->1726M(1897M) 39.702ms
[11.673s][info][gc,cpu         ] GC(130) User=0.23s Sys=0.03s Real=0.04s
[11.708s][info][gc,start       ] GC(131) Pause Young (Allocation Failure)
[11.750s][info][gc,heap        ] GC(131) PSYoungGen: 59552K(142848K)->29856K(138752K) Eden: 29696K(29696K)->0K(33280K) From: 29856K(113152K)->29856K(105472K)
[11.750s][info][gc,heap        ] GC(131) ParOldGen: 1737696K(1800192K)->1767864K(1800192K)
[11.750s][info][gc,metaspace   ] GC(131) Metaspace: 6298K(6464K)->6298K(6464K) NonClass: 5765K(5824K)->5765K(5824K) Class: 533K(640K)->533K(640K)
[11.750s][info][gc             ] GC(131) Pause Young (Allocation Failure) 1755M->1755M(1893M) 42.355ms
[11.750s][info][gc,cpu         ] GC(131) User=0.17s Sys=0.09s Real=0.04s
[11.750s][info][gc,start       ] GC(132) Pause Full (Ergonomics)
[11.750s][info][gc,phases,start] GC(132) Marking Phase
[12.153s][info][gc,phases      ] GC(132) Marking Phase 402.371ms
[12.153s][info][gc,phases,start] GC(132) Summary Phase
[12.153s][info][gc,phases      ] GC(132) Summary Phase 0.052ms
[12.153s][info][gc,phases,start] GC(132) Adjust Roots
[12.153s][info][gc,phases      ] GC(132) Adjust Roots 0.239ms
[12.153s][info][gc,phases,start] GC(132) Compaction Phase
[12.320s][info][gc,phases      ] GC(132) Compaction Phase 167.291ms
[12.320s][info][gc,phases,start] GC(132) Post Compact
[12.324s][info][gc,phases      ] GC(132) Post Compact 3.490ms
[12.326s][info][gc,heap        ] GC(132) PSYoungGen: 29856K(138752K)->0K(141312K) Eden: 0K(33280K)->0K(33280K) From: 29856K(105472K)->0K(108032K)
[12.326s][info][gc,heap        ] GC(132) ParOldGen: 1767864K(1800192K)->1795458K(1963520K)
[12.326s][info][gc,metaspace   ] GC(132) Metaspace: 6298K(6464K)->6298K(6464K) NonClass: 5765K(5824K)->5765K(5824K) Class: 533K(640K)->533K(640K)
[12.326s][info][gc             ] GC(132) Pause Full (Ergonomics) 1755M->1753M(2055M) 575.755ms
[12.326s][info][gc,cpu         ] GC(132) User=4.20s Sys=0.03s Real=0.58s
[12.364s][info][gc,start       ] GC(133) Pause Young (Allocation Failure)
[12.390s][info][gc,heap        ] GC(133) PSYoungGen: 33280K(141312K)->33440K(135680K) Eden: 33280K(33280K)->0K(36352K) From: 0K(108032K)->33440K(99328K)
[12.390s][info][gc,heap        ] GC(133) ParOldGen: 1795458K(1963520K)->1795458K(1963520K)
[12.390s][info][gc,metaspace   ] GC(133) Metaspace: 6298K(6464K)->6298K(6464K) NonClass: 5765K(5824K)->5765K(5824K) Class: 533K(640K)->533K(640K)
[12.390s][info][gc             ] GC(133) Pause Young (Allocation Failure) 1785M->1786M(2050M) 26.327ms
[12.390s][info][gc,cpu         ] GC(133) User=0.03s Sys=0.00s Real=0.03s
[12.429s][info][gc,start       ] GC(134) Pause Young (Allocation Failure)
[12.467s][info][gc,heap        ] GC(134) PSYoungGen: 69792K(135680K)->69888K(140288K) Eden: 36352K(36352K)->0K(36352K) From: 33440K(99328K)->69888K(103936K)
[12.467s][info][gc,heap        ] GC(134) ParOldGen: 1795458K(1963520K)->1795458K(1963520K)
[12.467s][info][gc,metaspace   ] GC(134) Metaspace: 6298K(6464K)->6298K(6464K) NonClass: 5765K(5824K)->5765K(5824K) Class: 533K(640K)->533K(640K)
[12.467s][info][gc             ] GC(134) Pause Young (Allocation Failure) 1821M->1821M(2054M) 37.938ms
[12.467s][info][gc,cpu         ] GC(134) User=0.17s Sys=0.00s Real=0.04s
[12.507s][info][gc,start       ] GC(135) Pause Young (Allocation Failure)
[12.561s][info][gc,heap        ] GC(135) PSYoungGen: 106240K(140288K)->106272K(132096K) Eden: 36352K(36352K)->0K(24576K) From: 69888K(103936K)->106272K(107520K)
[12.561s][info][gc,heap        ] GC(135) ParOldGen: 1795458K(1963520K)->1795458K(1963520K)
[12.561s][info][gc,metaspace   ] GC(135) Metaspace: 6298K(6464K)->6298K(6464K) NonClass: 5765K(5824K)->5765K(5824K) Class: 533K(640K)->533K(640K)
[12.561s][info][gc             ] GC(135) Pause Young (Allocation Failure) 1857M->1857M(2046M) 53.275ms
[12.561s][info][gc,cpu         ] GC(135) User=0.31s Sys=0.08s Real=0.05s
[12.587s][info][gc,start       ] GC(136) Pause Young (Allocation Failure)
[12.650s][info][gc,heap        ] GC(136) PSYoungGen: 130848K(132096K)->122880K(147456K) Eden: 24576K(24576K)->0K(24576K) From: 106272K(107520K)->122880K(122880K)
[12.650s][info][gc,heap        ] GC(136) ParOldGen: 1795458K(1963520K)->1803442K(1963520K)
[12.650s][info][gc,metaspace   ] GC(136) Metaspace: 6298K(6464K)->6298K(6464K) NonClass: 5765K(5824K)->5765K(5824K) Class: 533K(640K)->533K(640K)
[12.650s][info][gc             ] GC(136) Pause Young (Allocation Failure) 1881M->1881M(2061M) 62.553ms
[12.650s][info][gc,cpu         ] GC(136) User=0.39s Sys=0.00s Real=0.06s
[12.678s][info][gc,start       ] GC(137) Pause Young (Allocation Failure)
[12.769s][info][gc,heap        ] GC(137) PSYoungGen: 147456K(147456K)->81152K(169984K) Eden: 24576K(24576K)->0K(27648K) From: 122880K(122880K)->81152K(142336K)
[12.769s][info][gc,heap        ] GC(137) ParOldGen: 1803442K(1963520K)->1870786K(1963520K)
[12.769s][info][gc,metaspace   ] GC(137) Metaspace: 6298K(6464K)->6298K(6464K) NonClass: 5765K(5824K)->5765K(5824K) Class: 533K(640K)->533K(640K)
[12.769s][info][gc             ] GC(137) Pause Young (Allocation Failure) 1905M->1906M(2083M) 90.752ms
[12.769s][info][gc,cpu         ] GC(137) User=0.48s Sys=0.16s Real=0.09s
[12.802s][info][gc,start       ] GC(138) Pause Young (Allocation Failure)
[12.865s][info][gc,heap        ] GC(138) PSYoungGen: 108800K(169984K)->75584K(171008K) Eden: 27648K(27648K)->0K(27648K) From: 81152K(142336K)->75584K(143360K)
[12.865s][info][gc,heap        ] GC(138) ParOldGen: 1870786K(1963520K)->1904490K(1963520K)
[12.865s][info][gc,metaspace   ] GC(138) Metaspace: 6298K(6464K)->6298K(6464K) NonClass: 5765K(5824K)->5765K(5824K) Class: 533K(640K)->533K(640K)
[12.865s][info][gc             ] GC(138) Pause Young (Allocation Failure) 1933M->1933M(2084M) 62.473ms
[12.865s][info][gc,cpu         ] GC(138) User=0.34s Sys=0.05s Real=0.06s
[12.898s][info][gc,start       ] GC(139) Pause Young (Allocation Failure)
[12.954s][info][gc,heap        ] GC(139) PSYoungGen: 103232K(171008K)->80064K(167936K) Eden: 27648K(27648K)->0K(31232K) From: 75584K(143360K)->80064K(136704K)
[12.954s][info][gc,heap        ] GC(139) ParOldGen: 1904490K(1963520K)->1927986K(1963520K)
[12.954s][info][gc,metaspace   ] GC(139) Metaspace: 6298K(6464K)->6298K(6464K) NonClass: 5765K(5824K)->5765K(5824K) Class: 533K(640K)->533K(640K)
[12.954s][info][gc             ] GC(139) Pause Young (Allocation Failure) 1960M->1960M(2081M) 56.355ms
[12.954s][info][gc,cpu         ] GC(139) User=0.30s Sys=0.09s Real=0.06s
[12.954s][info][gc,start       ] GC(140) Pause Full (Ergonomics)
[12.954s][info][gc,phases,start] GC(140) Marking Phase
[13.412s][info][gc,phases      ] GC(140) Marking Phase 458.115ms
[13.412s][info][gc,phases,start] GC(140) Summary Phase
[13.413s][info][gc,phases      ] GC(140) Summary Phase 0.054ms
[13.413s][info][gc,phases,start] GC(140) Adjust Roots
[13.413s][info][gc,phases      ] GC(140) Adjust Roots 0.177ms
[13.413s][info][gc,phases,start] GC(140) Compaction Phase
[13.612s][info][gc,phases      ] GC(140) Compaction Phase 199.187ms
[13.612s][info][gc,phases,start] GC(140) Post Compact
[13.616s][info][gc,phases      ] GC(140) Post Compact 3.846ms
[13.617s][info][gc,heap        ] GC(140) PSYoungGen: 80064K(167936K)->42477K(169472K) Eden: 0K(31232K)->0K(32768K) From: 80064K(136704K)->42477K(136704K)
[13.617s][info][gc,heap        ] GC(140) ParOldGen: 1927986K(1963520K)->1963192K(2153472K)
[13.617s][info][gc,metaspace   ] GC(140) Metaspace: 6298K(6464K)->6298K(6464K) NonClass: 5765K(5824K)->5765K(5824K) Class: 533K(640K)->533K(640K)
[13.617s][info][gc             ] GC(140) Pause Full (Ergonomics) 1960M->1958M(2268M) 663.214ms
[13.618s][info][gc,cpu         ] GC(140) User=4.66s Sys=0.02s Real=0.66s
[13.660s][info][gc,start       ] GC(141) Pause Young (Allocation Failure)
[13.783s][info][gc,heap        ] GC(141) PSYoungGen: 75245K(169472K)->61248K(94208K) Eden: 32768K(32768K)->0K(32768K) From: 42477K(136704K)->61248K(61440K)
[13.783s][info][gc,heap        ] GC(141) ParOldGen: 1963192K(2153472K)->1977688K(2153472K)
[13.783s][info][gc,metaspace   ] GC(141) Metaspace: 6298K(6464K)->6298K(6464K) NonClass: 5765K(5824K)->5765K(5824K) Class: 533K(640K)->533K(640K)
[13.784s][info][gc             ] GC(141) Pause Young (Allocation Failure) 1990M->1991M(2195M) 123.631ms
[13.784s][info][gc,cpu         ] GC(141) User=0.72s Sys=0.06s Real=0.12s
[13.819s][info][gc,start       ] GC(142) Pause Young (Allocation Failure)
[13.877s][info][gc,heap        ] GC(142) PSYoungGen: 94016K(94208K)->93984K(163840K) Eden: 32768K(32768K)->0K(32256K) From: 61248K(61440K)->93984K(131584K)
[13.877s][info][gc,heap        ] GC(142) ParOldGen: 1977688K(2153472K)->1977688K(2153472K)
[13.877s][info][gc,metaspace   ] GC(142) Metaspace: 6298K(6464K)->6298K(6464K) NonClass: 5765K(5824K)->5765K(5824K) Class: 533K(640K)->533K(640K)
[13.877s][info][gc             ] GC(142) Pause Young (Allocation Failure) 2023M->2023M(2263M) 57.976ms
[13.877s][info][gc,cpu         ] GC(142) User=0.30s Sys=0.02s Real=0.06s
[13.910s][info][gc,start       ] GC(143) Pause Young (Allocation Failure)
[13.982s][info][gc,heap        ] GC(143) PSYoungGen: 126240K(163840K)->112000K(167936K) Eden: 32256K(32256K)->0K(32256K) From: 93984K(131584K)->112000K(135680K)
[13.982s][info][gc,heap        ] GC(143) ParOldGen: 1977688K(2153472K)->1992232K(2153472K)
[13.982s][info][gc,metaspace   ] GC(143) Metaspace: 6298K(6464K)->6298K(6464K) NonClass: 5765K(5824K)->5765K(5824K) Class: 533K(640K)->533K(640K)
[13.982s][info][gc             ] GC(143) Pause Young (Allocation Failure) 2054M->2054M(2267M) 71.737ms
[13.982s][info][gc,cpu         ] GC(143) User=0.48s Sys=0.02s Real=0.07s
[14.019s][info][gc,start       ] GC(144) Pause Young (Allocation Failure)
[14.119s][info][gc,heap        ] GC(144) PSYoungGen: 144256K(167936K)->130368K(166912K) Eden: 32256K(32256K)->0K(22016K) From: 112000K(135680K)->130368K(144896K)
[14.119s][info][gc,heap        ] GC(144) ParOldGen: 1992232K(2153472K)->2006360K(2153472K)
[14.119s][info][gc,metaspace   ] GC(144) Metaspace: 6298K(6464K)->6298K(6464K) NonClass: 5765K(5824K)->5765K(5824K) Class: 533K(640K)->533K(640K)
[14.119s][info][gc             ] GC(144) Pause Young (Allocation Failure) 2086M->2086M(2266M) 100.166ms
[14.119s][info][gc,cpu         ] GC(144) User=0.38s Sys=0.23s Real=0.10s
[14.142s][info][gc,start       ] GC(145) Pause Young (Allocation Failure)
[14.246s][info][gc,heap        ] GC(145) PSYoungGen: 152384K(166912K)->86752K(109056K) Eden: 22016K(22016K)->0K(22016K) From: 130368K(144896K)->86752K(87040K)
[14.246s][info][gc,heap        ] GC(145) ParOldGen: 2006360K(2153472K)->2072840K(2153472K)
[14.246s][info][gc,metaspace   ] GC(145) Metaspace: 6298K(6464K)->6298K(6464K) NonClass: 5765K(5824K)->5765K(5824K) Class: 533K(640K)->533K(640K)
[14.246s][info][gc             ] GC(145) Pause Young (Allocation Failure) 2108M->2108M(2209M) 104.718ms
[14.246s][info][gc,cpu         ] GC(145) User=0.50s Sys=0.19s Real=0.11s
[14.270s][info][gc,start       ] GC(146) Pause Young (Allocation Failure)
[14.350s][info][gc,heap        ] GC(146) PSYoungGen: 108768K(109056K)->44160K(177152K) Eden: 22016K(22016K)->0K(25600K) From: 86752K(87040K)->44160K(151552K)
[14.350s][info][gc,heap        ] GC(146) ParOldGen: 2072840K(2153472K)->2138264K(2153472K)
[14.350s][info][gc,metaspace   ] GC(146) Metaspace: 6298K(6464K)->6298K(6464K) NonClass: 5765K(5824K)->5765K(5824K) Class: 533K(640K)->533K(640K)
[14.350s][info][gc             ] GC(146) Pause Young (Allocation Failure) 2130M->2131M(2276M) 80.380ms
[14.350s][info][gc,cpu         ] GC(146) User=0.17s Sys=0.31s Real=0.08s
[14.350s][info][gc,start       ] GC(147) Pause Full (Ergonomics)
[14.350s][info][gc,phases,start] GC(147) Marking Phase
[14.862s][info][gc,phases      ] GC(147) Marking Phase 511.430ms
[14.862s][info][gc,phases,start] GC(147) Summary Phase
[14.862s][info][gc,phases      ] GC(147) Summary Phase 0.048ms
[14.862s][info][gc,phases,start] GC(147) Adjust Roots
[14.862s][info][gc,phases      ] GC(147) Adjust Roots 0.175ms
[14.862s][info][gc,phases,start] GC(147) Compaction Phase
[15.066s][info][gc,phases      ] GC(147) Compaction Phase 204.032ms
[15.066s][info][gc,phases,start] GC(147) Post Compact
[15.070s][info][gc,phases      ] GC(147) Post Compact 4.457ms
[15.073s][info][gc,heap        ] GC(147) PSYoungGen: 44160K(177152K)->26599K(178176K) Eden: 0K(25600K)->0K(26624K) From: 44160K(151552K)->26599K(151552K)
[15.073s][info][gc,heap        ] GC(147) ParOldGen: 2138264K(2153472K)->2152968K(2376192K)
[15.073s][info][gc,metaspace   ] GC(147) Metaspace: 6298K(6464K)->6298K(6464K) NonClass: 5765K(5824K)->5765K(5824K) Class: 533K(640K)->533K(640K)
[15.073s][info][gc             ] GC(147) Pause Full (Ergonomics) 2131M->2128M(2494M) 722.613ms
[15.073s][info][gc,cpu         ] GC(147) User=5.09s Sys=0.02s Real=0.72s
[15.104s][info][gc,start       ] GC(148) Pause Young (Allocation Failure)
[15.236s][info][gc,heap        ] GC(148) PSYoungGen: 53223K(178176K)->26752K(179200K) Eden: 26624K(26624K)->0K(26624K) From: 26599K(151552K)->26752K(152576K)
[15.236s][info][gc,heap        ] GC(148) ParOldGen: 2152968K(2376192K)->2179944K(2376192K)
[15.236s][info][gc,metaspace   ] GC(148) Metaspace: 6298K(6464K)->6298K(6464K) NonClass: 5765K(5824K)->5765K(5824K) Class: 533K(640K)->533K(640K)
[15.236s][info][gc             ] GC(148) Pause Young (Allocation Failure) 2154M->2154M(2495M) 131.441ms
[15.236s][info][gc,cpu         ] GC(148) User=0.88s Sys=0.08s Real=0.13s
[15.270s][info][gc,start       ] GC(149) Pause Young (Allocation Failure)
[15.314s][info][gc,heap        ] GC(149) PSYoungGen: 53376K(179200K)->26816K(181760K) Eden: 26624K(26624K)->0K(30208K) From: 26752K(152576K)->26816K(151552K)
[15.315s][info][gc,heap        ] GC(149) ParOldGen: 2179944K(2376192K)->2206952K(2376192K)
[15.315s][info][gc,metaspace   ] GC(149) Metaspace: 6298K(6464K)->6298K(6464K) NonClass: 5765K(5824K)->5765K(5824K) Class: 533K(640K)->533K(640K)
[15.315s][info][gc             ] GC(149) Pause Young (Allocation Failure) 2180M->2181M(2498M) 44.810ms
[15.315s][info][gc,cpu         ] GC(149) User=0.17s Sys=0.08s Real=0.04s
[15.354s][info][gc,start       ] GC(150) Pause Young (Allocation Failure)
[15.398s][info][gc,heap        ] GC(150) PSYoungGen: 57024K(181760K)->30400K(182784K) Eden: 30208K(30208K)->0K(30208K) From: 26816K(151552K)->30400K(152576K)
[15.398s][info][gc,heap        ] GC(150) ParOldGen: 2206952K(2376192K)->2233968K(2376192K)
[15.399s][info][gc,metaspace   ] GC(150) Metaspace: 6298K(6464K)->6298K(6464K) NonClass: 5765K(5824K)->5765K(5824K) Class: 533K(640K)->533K(640K)
[15.399s][info][gc             ] GC(150) Pause Young (Allocation Failure) 2210M->2211M(2499M) 44.588ms
[15.399s][info][gc,cpu         ] GC(150) User=0.20s Sys=0.05s Real=0.04s
[15.434s][info][gc,start       ] GC(151) Pause Young (Allocation Failure)
[15.485s][info][gc,heap        ] GC(151) PSYoungGen: 60608K(182784K)->30368K(177664K) Eden: 30208K(30208K)->0K(33792K) From: 30400K(152576K)->30368K(143872K)
[15.485s][info][gc,heap        ] GC(151) ParOldGen: 2233968K(2376192K)->2264568K(2376192K)
[15.485s][info][gc,metaspace   ] GC(151) Metaspace: 6298K(6464K)->6298K(6464K) NonClass: 5765K(5824K)->5765K(5824K) Class: 533K(640K)->533K(640K)
[15.485s][info][gc             ] GC(151) Pause Young (Allocation Failure) 2240M->2241M(2494M) 50.913ms
[15.485s][info][gc,cpu         ] GC(151) User=0.36s Sys=0.03s Real=0.05s
[15.526s][info][gc,start       ] GC(152) Pause Young (Allocation Failure)
[15.575s][info][gc,heap        ] GC(152) PSYoungGen: 64160K(177664K)->33952K(180736K) Eden: 33792K(33792K)->0K(33792K) From: 30368K(143872K)->33952K(146944K)
[15.575s][info][gc,heap        ] GC(152) ParOldGen: 2264568K(2376192K)->2295032K(2376192K)
[15.575s][info][gc,metaspace   ] GC(152) Metaspace: 6298K(6464K)->6298K(6464K) NonClass: 5765K(5824K)->5765K(5824K) Class: 533K(640K)->533K(640K)
[15.575s][info][gc             ] GC(152) Pause Young (Allocation Failure) 2274M->2274M(2497M) 49.480ms
[15.576s][info][gc,cpu         ] GC(152) User=0.20s Sys=0.08s Real=0.05s
[15.614s][info][gc,start       ] GC(153) Pause Young (Allocation Failure)
[15.673s][info][gc,heap        ] GC(153) PSYoungGen: 67744K(180736K)->33984K(171520K) Eden: 33792K(33792K)->0K(37888K) From: 33952K(146944K)->33984K(133632K)
[15.673s][info][gc,heap        ] GC(153) ParOldGen: 2295032K(2376192K)->2329120K(2376192K)
[15.673s][info][gc,metaspace   ] GC(153) Metaspace: 6298K(6464K)->6298K(6464K) NonClass: 5765K(5824K)->5765K(5824K) Class: 533K(640K)->533K(640K)
[15.673s][info][gc             ] GC(153) Pause Young (Allocation Failure) 2307M->2307M(2488M) 59.275ms
[15.673s][info][gc,cpu         ] GC(153) User=0.25s Sys=0.08s Real=0.06s
[15.673s][info][gc,start       ] GC(154) Pause Full (Ergonomics)
[15.673s][info][gc,phases,start] GC(154) Marking Phase
[16.250s][info][gc,phases      ] GC(154) Marking Phase 577.208ms
[16.250s][info][gc,phases,start] GC(154) Summary Phase
[16.250s][info][gc,phases      ] GC(154) Summary Phase 0.059ms
[16.250s][info][gc,phases,start] GC(154) Adjust Roots
[16.251s][info][gc,phases      ] GC(154) Adjust Roots 0.188ms
[16.251s][info][gc,phases,start] GC(154) Compaction Phase
[16.484s][info][gc,phases      ] GC(154) Compaction Phase 233.151ms
[16.484s][info][gc,phases,start] GC(154) Post Compact
[16.489s][info][gc,phases      ] GC(154) Post Compact 4.730ms
[16.491s][info][gc,heap        ] GC(154) PSYoungGen: 33984K(171520K)->0K(176128K) Eden: 0K(37888K)->0K(37888K) From: 33984K(133632K)->0K(138240K)
[16.491s][info][gc,heap        ] GC(154) ParOldGen: 2329120K(2376192K)->2360627K(2583552K)
[16.491s][info][gc,metaspace   ] GC(154) Metaspace: 6298K(6464K)->6298K(6464K) NonClass: 5765K(5824K)->5765K(5824K) Class: 533K(640K)->533K(640K)
[16.491s][info][gc             ] GC(154) Pause Full (Ergonomics) 2307M->2305M(2695M) 817.695ms
[16.491s][info][gc,cpu         ] GC(154) User=4.95s Sys=0.05s Real=0.82s
[16.534s][info][gc,start       ] GC(155) Pause Young (Allocation Failure)
[16.567s][info][gc,heap        ] GC(155) PSYoungGen: 37888K(176128K)->38080K(167424K) Eden: 37888K(37888K)->0K(41472K) From: 0K(138240K)->38080K(125952K)
[16.567s][info][gc,heap        ] GC(155) ParOldGen: 2360627K(2583552K)->2360627K(2583552K)
[16.567s][info][gc,metaspace   ] GC(155) Metaspace: 6298K(6464K)->6298K(6464K) NonClass: 5765K(5824K)->5765K(5824K) Class: 533K(640K)->533K(640K)
[16.567s][info][gc             ] GC(155) Pause Young (Allocation Failure) 2342M->2342M(2686M) 33.761ms
[16.567s][info][gc,cpu         ] GC(155) User=0.09s Sys=0.00s Real=0.03s
[16.618s][info][gc,start       ] GC(156) Pause Young (Allocation Failure)
[16.665s][info][gc,heap        ] GC(156) PSYoungGen: 79552K(167424K)->79584K(174080K) Eden: 41472K(41472K)->0K(41472K) From: 38080K(125952K)->79584K(132608K)
[16.665s][info][gc,heap        ] GC(156) ParOldGen: 2360627K(2583552K)->2360627K(2583552K)
[16.665s][info][gc,metaspace   ] GC(156) Metaspace: 6298K(6464K)->6298K(6464K) NonClass: 5765K(5824K)->5765K(5824K) Class: 533K(640K)->533K(640K)
[16.665s][info][gc             ] GC(156) Pause Young (Allocation Failure) 2382M->2383M(2693M) 46.920ms
[16.665s][info][gc,cpu         ] GC(156) User=0.27s Sys=0.00s Real=0.05s
[16.716s][info][gc,start       ] GC(157) Pause Young (Allocation Failure)
[16.783s][info][gc,heap        ] GC(157) PSYoungGen: 121056K(174080K)->121152K(163840K) Eden: 41472K(41472K)->0K(29184K) From: 79584K(132608K)->121152K(134656K)
[16.783s][info][gc,heap        ] GC(157) ParOldGen: 2360627K(2583552K)->2360627K(2583552K)
[16.783s][info][gc,metaspace   ] GC(157) Metaspace: 6298K(6464K)->6298K(6464K) NonClass: 5765K(5824K)->5765K(5824K) Class: 533K(640K)->533K(640K)
[16.783s][info][gc             ] GC(157) Pause Young (Allocation Failure) 2423M->2423M(2683M) 67.092ms
[16.783s][info][gc,cpu         ] GC(157) User=0.31s Sys=0.02s Real=0.07s
[16.818s][info][gc,start       ] GC(158) Pause Young (Allocation Failure)
[16.897s][info][gc,heap        ] GC(158) PSYoungGen: 150336K(163840K)->150336K(180224K) Eden: 29184K(29184K)->0K(29184K) From: 121152K(134656K)->150336K(151040K)
[16.897s][info][gc,heap        ] GC(158) ParOldGen: 2360627K(2583552K)->2360627K(2583552K)
[16.897s][info][gc,metaspace   ] GC(158) Metaspace: 6298K(6464K)->6298K(6464K) NonClass: 5765K(5824K)->5765K(5824K) Class: 533K(640K)->533K(640K)
[16.897s][info][gc             ] GC(158) Pause Young (Allocation Failure) 2452M->2452M(2699M) 79.025ms
[16.897s][info][gc,cpu         ] GC(158) User=0.45s Sys=0.00s Real=0.08s
[16.930s][info][gc,start       ] GC(159) Pause Young (Allocation Failure)
[17.046s][info][gc,heap        ] GC(159) PSYoungGen: 179520K(180224K)->141632K(191488K) Eden: 29184K(29184K)->0K(16896K) From: 150336K(151040K)->141632K(174592K)
[17.046s][info][gc,heap        ] GC(159) ParOldGen: 2360627K(2583552K)->2398859K(2583552K)
[17.046s][info][gc,metaspace   ] GC(159) Metaspace: 6298K(6464K)->6298K(6464K) NonClass: 5765K(5824K)->5765K(5824K) Class: 533K(640K)->533K(640K)
[17.046s][info][gc             ] GC(159) Pause Young (Allocation Failure) 2480M->2480M(2710M) 115.823ms
[17.046s][info][gc,cpu         ] GC(159) User=0.69s Sys=0.08s Real=0.12s
[17.065s][info][gc,start       ] GC(160) Pause Young (Allocation Failure)
[17.159s][info][gc,heap        ] GC(160) PSYoungGen: 158528K(191488K)->116960K(207360K) Eden: 16896K(16896K)->0K(16896K) From: 141632K(174592K)->116960K(190464K)
[17.159s][info][gc,heap        ] GC(160) ParOldGen: 2398859K(2583552K)->2440699K(2583552K)
[17.159s][info][gc,metaspace   ] GC(160) Metaspace: 6298K(6464K)->6298K(6464K) NonClass: 5765K(5824K)->5765K(5824K) Class: 533K(640K)->533K(640K)
[17.159s][info][gc             ] GC(160) Pause Young (Allocation Failure) 2497M->2497M(2725M) 93.690ms
[17.159s][info][gc,cpu         ] GC(160) User=0.48s Sys=0.11s Real=0.09s
[17.178s][info][gc,start       ] GC(161) Pause Young (Allocation Failure)
[17.273s][info][gc,heap        ] GC(161) PSYoungGen: 133856K(207360K)->63168K(197632K) Eden: 16896K(16896K)->0K(19456K) From: 116960K(190464K)->63168K(178176K)
[17.273s][info][gc,heap        ] GC(161) ParOldGen: 2440699K(2583552K)->2511955K(2583552K)
[17.273s][info][gc,metaspace   ] GC(161) Metaspace: 6298K(6464K)->6298K(6464K) NonClass: 5765K(5824K)->5765K(5824K) Class: 533K(640K)->533K(640K)
[17.274s][info][gc             ] GC(161) Pause Young (Allocation Failure) 2514M->2514M(2716M) 95.683ms
[17.274s][info][gc,cpu         ] GC(161) User=0.44s Sys=0.16s Real=0.10s
[17.297s][info][gc,start       ] GC(162) Pause Young (Allocation Failure)
[17.354s][info][gc,heap        ] GC(162) PSYoungGen: 82624K(197632K)->36448K(205312K) Eden: 19456K(19456K)->0K(19456K) From: 63168K(178176K)->36448K(185856K)
[17.354s][info][gc,heap        ] GC(162) ParOldGen: 2511955K(2583552K)->2558427K(2583552K)
[17.354s][info][gc,metaspace   ] GC(162) Metaspace: 6298K(6464K)->6298K(6464K) NonClass: 5765K(5824K)->5765K(5824K) Class: 533K(640K)->533K(640K)
[17.354s][info][gc             ] GC(162) Pause Young (Allocation Failure) 2533M->2534M(2723M) 57.398ms
[17.354s][info][gc,cpu         ] GC(162) User=0.30s Sys=0.08s Real=0.06s
[17.354s][info][gc,start       ] GC(163) Pause Full (Ergonomics)
[17.354s][info][gc,phases,start] GC(163) Marking Phase
[17.951s][info][gc,phases      ] GC(163) Marking Phase 596.704ms
[17.951s][info][gc,phases,start] GC(163) Summary Phase
[17.951s][info][gc,phases      ] GC(163) Summary Phase 0.055ms
[17.951s][info][gc,phases,start] GC(163) Adjust Roots
[17.951s][info][gc,phases      ] GC(163) Adjust Roots 0.198ms
[17.951s][info][gc,phases,start] GC(163) Compaction Phase
[18.178s][info][gc,phases      ] GC(163) Compaction Phase 226.832ms
[18.178s][info][gc,phases,start] GC(163) Post Compact
[18.183s][info][gc,phases      ] GC(163) Post Compact 4.724ms
[18.185s][info][gc,heap        ] GC(163) PSYoungGen: 36448K(205312K)->9716K(205312K) Eden: 0K(19456K)->0K(19456K) From: 36448K(185856K)->9716K(185856K)
[18.185s][info][gc,heap        ] GC(163) ParOldGen: 2558427K(2583552K)->2583108K(2840576K)
[18.185s][info][gc,metaspace   ] GC(163) Metaspace: 6298K(6464K)->6298K(6464K) NonClass: 5765K(5824K)->5765K(5824K) Class: 533K(640K)->533K(640K)
[18.185s][info][gc             ] GC(163) Pause Full (Ergonomics) 2534M->2532M(2974M) 830.767ms
[18.185s][info][gc,cpu         ] GC(163) User=6.19s Sys=0.09s Real=0.83s
[18.210s][info][gc,start       ] GC(164) Pause Young (Allocation Failure)
[18.346s][info][gc,heap        ] GC(164) PSYoungGen: 29172K(205312K)->19616K(201216K) Eden: 19456K(19456K)->0K(22016K) From: 9716K(185856K)->19616K(179200K)
[18.346s][info][gc,heap        ] GC(164) ParOldGen: 2583108K(2840576K)->2592948K(2840576K)
[18.346s][info][gc,metaspace   ] GC(164) Metaspace: 6298K(6464K)->6298K(6464K) NonClass: 5765K(5824K)->5765K(5824K) Class: 533K(640K)->533K(640K)
[18.346s][info][gc             ] GC(164) Pause Young (Allocation Failure) 2551M->2551M(2970M) 135.790ms
[18.346s][info][gc,cpu         ] GC(164) User=0.70s Sys=0.02s Real=0.14s
[18.373s][info][gc,start       ] GC(165) Pause Young (Allocation Failure)
[18.409s][info][gc,heap        ] GC(165) PSYoungGen: 41632K(201216K)->22144K(203264K) Eden: 22016K(22016K)->0K(22016K) From: 19616K(179200K)->22144K(181248K)
[18.410s][info][gc,heap        ] GC(165) ParOldGen: 2592948K(2840576K)->2612580K(2840576K)
[18.410s][info][gc,metaspace   ] GC(165) Metaspace: 6298K(6464K)->6298K(6464K) NonClass: 5765K(5824K)->5765K(5824K) Class: 533K(640K)->533K(640K)
[18.410s][info][gc             ] GC(165) Pause Young (Allocation Failure) 2572M->2572M(2972M) 36.726ms
[18.410s][info][gc,cpu         ] GC(165) User=0.12s Sys=0.02s Real=0.04s
[18.438s][info][gc,start       ] GC(166) Pause Young (Allocation Failure)
[18.475s][info][gc,heap        ] GC(166) PSYoungGen: 44160K(203264K)->22176K(195584K) Eden: 22016K(22016K)->0K(25088K) From: 22144K(181248K)->22176K(170496K)
[18.475s][info][gc,heap        ] GC(166) ParOldGen: 2612580K(2840576K)->2634788K(2840576K)
[18.475s][info][gc,metaspace   ] GC(166) Metaspace: 6298K(6464K)->6298K(6464K) NonClass: 5765K(5824K)->5765K(5824K) Class: 533K(640K)->533K(640K)
[18.475s][info][gc             ] GC(166) Pause Young (Allocation Failure) 2594M->2594M(2965M) 36.722ms
[18.475s][info][gc,cpu         ] GC(166) User=0.14s Sys=0.02s Real=0.04s
[18.506s][info][gc,start       ] GC(167) Pause Young (Allocation Failure)
[18.543s][info][gc,heap        ] GC(167) PSYoungGen: 47264K(195584K)->25280K(50688K) Eden: 25088K(25088K)->0K(25088K) From: 22176K(170496K)->25280K(25600K)
[18.543s][info][gc,heap        ] GC(167) ParOldGen: 2634788K(2840576K)->2656996K(2840576K)
[18.543s][info][gc,metaspace   ] GC(167) Metaspace: 6298K(6464K)->6298K(6464K) NonClass: 5765K(5824K)->5765K(5824K) Class: 533K(640K)->533K(640K)
[18.543s][info][gc             ] GC(167) Pause Young (Allocation Failure) 2619M->2619M(2823M) 36.807ms
[18.543s][info][gc,cpu         ] GC(167) User=0.17s Sys=0.08s Real=0.04s
[18.575s][info][gc,start       ] GC(168) Pause Young (Allocation Failure)
[18.616s][info][gc,heap        ] GC(168) PSYoungGen: 50368K(50688K)->25216K(186368K) Eden: 25088K(25088K)->0K(28160K) From: 25280K(25600K)->25216K(158208K)
[18.616s][info][gc,heap        ] GC(168) ParOldGen: 2656996K(2840576K)->2682308K(2840576K)
[18.616s][info][gc,metaspace   ] GC(168) Metaspace: 6298K(6464K)->6298K(6464K) NonClass: 5765K(5824K)->5765K(5824K) Class: 533K(640K)->533K(640K)
[18.616s][info][gc             ] GC(168) Pause Young (Allocation Failure) 2643M->2644M(2956M) 41.097ms
[18.616s][info][gc,cpu         ] GC(168) User=0.33s Sys=0.05s Real=0.04s
[18.647s][info][gc,start       ] GC(169) Pause Young (Allocation Failure)
[18.688s][info][gc,heap        ] GC(169) PSYoungGen: 53376K(186368K)->28320K(56832K) Eden: 28160K(28160K)->0K(28160K) From: 25216K(158208K)->28320K(28672K)
[18.688s][info][gc,heap        ] GC(169) ParOldGen: 2682308K(2840576K)->2707620K(2840576K)
[18.688s][info][gc,metaspace   ] GC(169) Metaspace: 6298K(6464K)->6298K(6464K) NonClass: 5765K(5824K)->5765K(5824K) Class: 533K(640K)->533K(640K)
[18.688s][info][gc             ] GC(169) Pause Young (Allocation Failure) 2671M->2671M(2829M) 40.792ms
[18.688s][info][gc,cpu         ] GC(169) User=0.19s Sys=0.08s Real=0.04s
[18.721s][info][gc,start       ] GC(170) Pause Young (Allocation Failure)
[18.763s][info][gc,heap        ] GC(170) PSYoungGen: 56480K(56832K)->28352K(175616K) Eden: 28160K(28160K)->0K(31744K) From: 28320K(28672K)->28352K(143872K)
[18.763s][info][gc,heap        ] GC(170) ParOldGen: 2707620K(2840576K)->2736020K(2840576K)
[18.763s][info][gc,metaspace   ] GC(170) Metaspace: 6298K(6464K)->6298K(6464K) NonClass: 5765K(5824K)->5765K(5824K) Class: 533K(640K)->533K(640K)
[18.763s][info][gc             ] GC(170) Pause Young (Allocation Failure) 2699M->2699M(2945M) 42.357ms
[18.763s][info][gc,cpu         ] GC(170) User=0.09s Sys=0.16s Real=0.04s
[18.800s][info][gc,start       ] GC(171) Pause Young (Allocation Failure)
[18.844s][info][gc,heap        ] GC(171) PSYoungGen: 60096K(175616K)->31904K(64000K) Eden: 31744K(31744K)->0K(31744K) From: 28352K(143872K)->31904K(32256K)
[18.844s][info][gc,heap        ] GC(171) ParOldGen: 2736020K(2840576K)->2764444K(2840576K)
[18.844s][info][gc,metaspace   ] GC(171) Metaspace: 6298K(6464K)->6298K(6464K) NonClass: 5765K(5824K)->5765K(5824K) Class: 533K(640K)->533K(640K)
[18.844s][info][gc             ] GC(171) Pause Young (Allocation Failure) 2730M->2730M(2836M) 44.084ms
[18.844s][info][gc,cpu         ] GC(171) User=0.25s Sys=0.00s Real=0.04s
[18.881s][info][gc,start       ] GC(172) Pause Young (Allocation Failure)
[18.928s][info][gc,heap        ] GC(172) PSYoungGen: 63648K(64000K)->31872K(165888K) Eden: 31744K(31744K)->0K(35840K) From: 31904K(32256K)->31872K(130048K)
[18.928s][info][gc,heap        ] GC(172) ParOldGen: 2764444K(2840576K)->2796476K(2840576K)
[18.928s][info][gc,metaspace   ] GC(172) Metaspace: 6298K(6464K)->6298K(6464K) NonClass: 5765K(5824K)->5765K(5824K) Class: 533K(640K)->533K(640K)
[18.928s][info][gc             ] GC(172) Pause Young (Allocation Failure) 2761M->2762M(2936M) 47.208ms
[18.928s][info][gc,cpu         ] GC(172) User=0.23s Sys=0.03s Real=0.05s
[18.928s][info][gc,start       ] GC(173) Pause Full (Ergonomics)
[18.928s][info][gc,phases,start] GC(173) Marking Phase
[19.626s][info][gc,phases      ] GC(173) Marking Phase 698.370ms
[19.626s][info][gc,phases,start] GC(173) Summary Phase
[19.627s][info][gc,phases      ] GC(173) Summary Phase 0.056ms
[19.627s][info][gc,phases,start] GC(173) Adjust Roots
[19.627s][info][gc,phases      ] GC(173) Adjust Roots 0.182ms
[19.627s][info][gc,phases,start] GC(173) Compaction Phase
[19.899s][info][gc,phases      ] GC(173) Compaction Phase 272.584ms
[19.899s][info][gc,phases,start] GC(173) Post Compact
[19.905s][info][gc,phases      ] GC(173) Post Compact 5.859ms
[19.907s][info][gc,heap        ] GC(173) PSYoungGen: 31872K(165888K)->0K(172544K) Eden: 0K(35840K)->0K(35840K) From: 31872K(130048K)->0K(136704K)
[19.907s][info][gc,heap        ] GC(173) ParOldGen: 2796476K(2840576K)->2826024K(3081728K)
[19.907s][info][gc,metaspace   ] GC(173) Metaspace: 6298K(6464K)->6298K(6464K) NonClass: 5765K(5824K)->5765K(5824K) Class: 533K(640K)->533K(640K)
[19.907s][info][gc             ] GC(173) Pause Full (Ergonomics) 2762M->2759M(3178M) 979.166ms
[19.907s][info][gc,cpu         ] GC(173) User=6.67s Sys=0.06s Real=0.98s
[20.581s][info][gc,start       ] GC(174) Pause Young (Allocation Failure)
[20.684s][info][gc,heap        ] GC(174) PSYoungGen: 35840K(172544K)->36000K(160256K) Eden: 35840K(35840K)->0K(39424K) From: 0K(136704K)->36000K(120832K)
[20.684s][info][gc,heap        ] GC(174) ParOldGen: 2957096K(3081728K)->2957096K(3081728K)
[20.684s][info][gc,metaspace   ] GC(174) Metaspace: 6298K(6464K)->6298K(6464K) NonClass: 5765K(5824K)->5765K(5824K) Class: 533K(640K)->533K(640K)
[20.684s][info][gc             ] GC(174) Pause Young (Allocation Failure) 2922M->2922M(3166M) 102.966ms
[20.684s][info][gc,cpu         ] GC(174) User=0.45s Sys=0.00s Real=0.10s
[20.726s][info][gc,start       ] GC(175) Pause Young (Allocation Failure)
[20.778s][info][gc,heap        ] GC(175) PSYoungGen: 75424K(160256K)->75488K(168448K) Eden: 39424K(39424K)->0K(39424K) From: 36000K(120832K)->75488K(129024K)
[20.778s][info][gc,heap        ] GC(175) ParOldGen: 2957096K(3081728K)->2957096K(3081728K)
[20.778s][info][gc,metaspace   ] GC(175) Metaspace: 6298K(6464K)->6298K(6464K) NonClass: 5765K(5824K)->5765K(5824K) Class: 533K(640K)->533K(640K)
[20.778s][info][gc             ] GC(175) Pause Young (Allocation Failure) 2961M->2961M(3174M) 52.277ms
[20.778s][info][gc,cpu         ] GC(175) User=0.16s Sys=0.00s Real=0.05s
[20.822s][info][gc,start       ] GC(176) Pause Young (Allocation Failure)
[20.888s][info][gc,heap        ] GC(176) PSYoungGen: 114912K(168448K)->114912K(159232K) Eden: 39424K(39424K)->0K(27136K) From: 75488K(129024K)->114912K(132096K)
[20.888s][info][gc,heap        ] GC(176) ParOldGen: 2957096K(3081728K)->2957096K(3081728K)
[20.888s][info][gc,metaspace   ] GC(176) Metaspace: 6298K(6464K)->6298K(6464K) NonClass: 5765K(5824K)->5765K(5824K) Class: 533K(640K)->533K(640K)
[20.888s][info][gc             ] GC(176) Pause Young (Allocation Failure) 3000M->3000M(3165M) 65.589ms
[20.888s][info][gc,cpu         ] GC(176) User=0.25s Sys=0.00s Real=0.07s
[20.916s][info][gc,start       ] GC(177) Pause Young (Allocation Failure)
[20.996s][info][gc,heap        ] GC(177) PSYoungGen: 142048K(159232K)->106240K(175616K) Eden: 27136K(27136K)->0K(27136K) From: 114912K(132096K)->106240K(148480K)
[20.996s][info][gc,heap        ] GC(177) ParOldGen: 2957096K(3081728K)->2993256K(3081728K)
[20.996s][info][gc,metaspace   ] GC(177) Metaspace: 6298K(6464K)->6298K(6464K) NonClass: 5765K(5824K)->5765K(5824K) Class: 533K(640K)->533K(640K)
[20.996s][info][gc             ] GC(177) Pause Young (Allocation Failure) 3026M->3026M(3181M) 80.775ms
[20.996s][info][gc,cpu         ] GC(177) User=0.22s Sys=0.12s Real=0.08s
[21.025s][info][gc,start       ] GC(178) Pause Young (Allocation Failure)
[21.104s][info][gc,heap        ] GC(178) PSYoungGen: 133376K(175616K)->93888K(186368K) Eden: 27136K(27136K)->0K(28160K) From: 106240K(148480K)->93888K(158208K)
[21.104s][info][gc,heap        ] GC(178) ParOldGen: 2993256K(3081728K)->3033040K(3081728K)
[21.104s][info][gc,metaspace   ] GC(178) Metaspace: 6298K(6464K)->6298K(6464K) NonClass: 5765K(5824K)->5765K(5824K) Class: 533K(640K)->533K(640K)
[21.104s][info][gc             ] GC(178) Pause Young (Allocation Failure) 3053M->3053M(3191M) 79.345ms
[21.104s][info][gc,cpu         ] GC(178) User=0.48s Sys=0.03s Real=0.08s
[21.105s][info][gc,start       ] GC(179) Pause Full (Ergonomics)
[21.105s][info][gc,phases,start] GC(179) Marking Phase
[21.792s][info][gc,phases      ] GC(179) Marking Phase 687.562ms
[21.792s][info][gc,phases,start] GC(179) Summary Phase
[21.792s][info][gc,phases      ] GC(179) Summary Phase 0.097ms
[21.792s][info][gc,phases,start] GC(179) Adjust Roots
[21.793s][info][gc,phases      ] GC(179) Adjust Roots 0.216ms
[21.793s][info][gc,phases,start] GC(179) Compaction Phase
[22.265s][info][gc,phases      ] GC(179) Compaction Phase 472.032ms
[22.265s][info][gc,phases,start] GC(179) Post Compact
[22.272s][info][gc,phases      ] GC(179) Post Compact 7.189ms
[22.274s][info][gc,heap        ] GC(179) PSYoungGen: 93888K(186368K)->0K(188928K) Eden: 0K(28160K)->0K(28160K) From: 93888K(158208K)->0K(160768K)
[22.274s][info][gc,heap        ] GC(179) ParOldGen: 3033040K(3081728K)->3060365K(3338752K)
[22.274s][info][gc,metaspace   ] GC(179) Metaspace: 6298K(6464K)->6298K(6464K) NonClass: 5765K(5824K)->5765K(5824K) Class: 533K(640K)->533K(640K)
[22.274s][info][gc             ] GC(179) Pause Full (Ergonomics) 3053M->2988M(3445M) 1169.280ms
[22.274s][info][gc,cpu         ] GC(179) User=8.20s Sys=0.05s Real=1.17s
[22.301s][info][gc,start       ] GC(180) Pause Young (Allocation Failure)
[22.341s][info][gc,heap        ] GC(180) PSYoungGen: 28160K(188928K)->28352K(184320K) Eden: 28160K(28160K)->0K(31232K) From: 0K(160768K)->28352K(153088K)
[22.341s][info][gc,heap        ] GC(180) ParOldGen: 3060365K(3338752K)->3060365K(3338752K)
[22.341s][info][gc,metaspace   ] GC(180) Metaspace: 6298K(6464K)->6298K(6464K) NonClass: 5765K(5824K)->5765K(5824K) Class: 533K(640K)->533K(640K)
[22.341s][info][gc             ] GC(180) Pause Young (Allocation Failure) 3016M->3016M(3440M) 40.177ms
[22.341s][info][gc,cpu         ] GC(180) User=0.05s Sys=0.00s Real=0.04s
[22.371s][info][gc,start       ] GC(181) Pause Young (Allocation Failure)
[22.418s][info][gc,heap        ] GC(181) PSYoungGen: 59584K(184320K)->59616K(91136K) Eden: 31232K(31232K)->0K(31232K) From: 28352K(153088K)->59616K(59904K)
[22.418s][info][gc,heap        ] GC(181) ParOldGen: 3060365K(3338752K)->3060365K(3338752K)
[22.418s][info][gc,metaspace   ] GC(181) Metaspace: 6298K(6464K)->6298K(6464K) NonClass: 5765K(5824K)->5765K(5824K) Class: 533K(640K)->533K(640K)
[22.418s][info][gc             ] GC(181) Pause Young (Allocation Failure) 3046M->3046M(3349M) 46.337ms
[22.418s][info][gc,cpu         ] GC(181) User=0.19s Sys=0.00s Real=0.05s
[22.450s][info][gc,start       ] GC(182) Pause Young (Allocation Failure)
[22.509s][info][gc,heap        ] GC(182) PSYoungGen: 90848K(91136K)->90880K(179712K) Eden: 31232K(31232K)->0K(32256K) From: 59616K(59904K)->90880K(147456K)
[22.509s][info][gc,heap        ] GC(182) ParOldGen: 3060365K(3338752K)->3060365K(3338752K)
[22.509s][info][gc,metaspace   ] GC(182) Metaspace: 6298K(6464K)->6298K(6464K) NonClass: 5765K(5824K)->5765K(5824K) Class: 533K(640K)->533K(640K)
[22.509s][info][gc             ] GC(182) Pause Young (Allocation Failure) 3077M->3077M(3436M) 58.390ms
[22.509s][info][gc,cpu         ] GC(182) User=0.25s Sys=0.00s Real=0.06s
[22.540s][info][gc,start       ] GC(183) Pause Young (Allocation Failure)
[22.610s][info][gc,heap        ] GC(183) PSYoungGen: 123136K(179712K)->95008K(182272K) Eden: 32256K(32256K)->0K(32256K) From: 90880K(147456K)->95008K(150016K)
[22.610s][info][gc,heap        ] GC(183) ParOldGen: 3060365K(3338752K)->3088789K(3338752K)
[22.610s][info][gc,metaspace   ] GC(183) Metaspace: 6298K(6464K)->6298K(6464K) NonClass: 5765K(5824K)->5765K(5824K) Class: 533K(640K)->533K(640K)
[22.610s][info][gc             ] GC(183) Pause Young (Allocation Failure) 3108M->3109M(3438M) 69.309ms
[22.610s][info][gc,cpu         ] GC(183) User=0.25s Sys=0.06s Real=0.07s
[22.646s][info][gc,start       ] GC(184) Pause Young (Allocation Failure)
[22.718s][info][gc,heap        ] GC(184) PSYoungGen: 127264K(182272K)->95968K(187904K) Eden: 32256K(32256K)->0K(34304K) From: 95008K(150016K)->95968K(153600K)
[22.718s][info][gc,heap        ] GC(184) ParOldGen: 3088789K(3338752K)->3120301K(3338752K)
[22.718s][info][gc,metaspace   ] GC(184) Metaspace: 6298K(6464K)->6298K(6464K) NonClass: 5765K(5824K)->5765K(5824K) Class: 533K(640K)->533K(640K)
[22.718s][info][gc             ] GC(184) Pause Young (Allocation Failure) 3140M->3140M(3444M) 71.962ms
[22.718s][info][gc,cpu         ] GC(184) User=0.39s Sys=0.11s Real=0.07s
[22.753s][info][gc,start       ] GC(185) Pause Young (Allocation Failure)
[22.837s][info][gc,heap        ] GC(185) PSYoungGen: 130272K(187904K)->66784K(101376K) Eden: 34304K(34304K)->0K(34304K) From: 95968K(153600K)->66784K(67072K)
[22.837s][info][gc,heap        ] GC(185) ParOldGen: 3120301K(3338752K)->3184317K(3338752K)
[22.837s][info][gc,metaspace   ] GC(185) Metaspace: 6298K(6464K)->6298K(6464K) NonClass: 5765K(5824K)->5765K(5824K) Class: 533K(640K)->533K(640K)
[22.837s][info][gc             ] GC(185) Pause Young (Allocation Failure) 3174M->3174M(3359M) 84.698ms
[22.837s][info][gc,cpu         ] GC(185) User=0.39s Sys=0.23s Real=0.09s
[22.873s][info][gc,start       ] GC(186) Pause Young (Allocation Failure)
[22.947s][info][gc,heap        ] GC(186) PSYoungGen: 101088K(101376K)->34464K(182272K) Eden: 34304K(34304K)->0K(38912K) From: 66784K(67072K)->34464K(143360K)
[22.947s][info][gc,heap        ] GC(186) ParOldGen: 3184317K(3338752K)->3251437K(3338752K)
[22.947s][info][gc,metaspace   ] GC(186) Metaspace: 6298K(6464K)->6298K(6464K) NonClass: 5765K(5824K)->5765K(5824K) Class: 533K(640K)->533K(640K)
[22.947s][info][gc             ] GC(186) Pause Young (Allocation Failure) 3208M->3208M(3438M) 74.140ms
[22.947s][info][gc,cpu         ] GC(186) User=0.34s Sys=0.16s Real=0.07s
[22.985s][info][gc,start       ] GC(187) Pause Young (Allocation Failure)
[23.042s][info][gc,heap        ] GC(187) PSYoungGen: 73376K(182272K)->39072K(184320K) Eden: 38912K(38912K)->0K(38912K) From: 34464K(143360K)->39072K(145408K)
[23.042s][info][gc,heap        ] GC(187) ParOldGen: 3251437K(3338752K)->3286053K(3338752K)
[23.042s][info][gc,metaspace   ] GC(187) Metaspace: 6298K(6464K)->6298K(6464K) NonClass: 5765K(5824K)->5765K(5824K) Class: 533K(640K)->533K(640K)
[23.042s][info][gc             ] GC(187) Pause Young (Allocation Failure) 3246M->3247M(3440M) 56.855ms
[23.042s][info][gc,cpu         ] GC(187) User=0.19s Sys=0.09s Real=0.06s
[23.042s][info][gc,start       ] GC(188) Pause Full (Ergonomics)
[23.042s][info][gc,phases,start] GC(188) Marking Phase
[23.778s][info][gc,phases      ] GC(188) Marking Phase 735.741ms
[23.778s][info][gc,phases,start] GC(188) Summary Phase
[23.778s][info][gc,phases      ] GC(188) Summary Phase 0.086ms
[23.778s][info][gc,phases,start] GC(188) Adjust Roots
[23.778s][info][gc,phases      ] GC(188) Adjust Roots 0.162ms
[23.778s][info][gc,phases,start] GC(188) Compaction Phase
[24.110s][info][gc,phases      ] GC(188) Compaction Phase 331.626ms
[24.110s][info][gc,phases,start] GC(188) Post Compact
[24.117s][info][gc,phases      ] GC(188) Post Compact 6.499ms
[24.119s][info][gc,heap        ] GC(188) PSYoungGen: 39072K(184320K)->0K(185856K) Eden: 0K(38912K)->0K(44032K) From: 39072K(145408K)->0K(141824K)
[24.119s][info][gc,heap        ] GC(188) ParOldGen: 3286053K(3338752K)->3322766K(3646976K)
[24.119s][info][gc,metaspace   ] GC(188) Metaspace: 6298K(6464K)->6298K(6464K) NonClass: 5765K(5824K)->5765K(5824K) Class: 533K(640K)->533K(640K)
[24.119s][info][gc             ] GC(188) Pause Full (Ergonomics) 3247M->3244M(3743M) 1076.946ms
[24.119s][info][gc,cpu         ] GC(188) User=7.56s Sys=0.06s Real=1.08s
[24.169s][info][gc,start       ] GC(189) Pause Young (Allocation Failure)
[24.213s][info][gc,heap        ] GC(189) PSYoungGen: 44032K(185856K)->44224K(185856K) Eden: 44032K(44032K)->0K(44032K) From: 0K(141824K)->44224K(141824K)
[24.213s][info][gc,heap        ] GC(189) ParOldGen: 3322766K(3646976K)->3322766K(3646976K)
[24.213s][info][gc,metaspace   ] GC(189) Metaspace: 6298K(6464K)->6298K(6464K) NonClass: 5765K(5824K)->5765K(5824K) Class: 533K(640K)->533K(640K)
[24.213s][info][gc             ] GC(189) Pause Young (Allocation Failure) 3287M->3288M(3743M) 44.101ms
[24.213s][info][gc,cpu         ] GC(189) User=0.16s Sys=0.00s Real=0.04s
[24.260s][info][gc,start       ] GC(190) Pause Young (Allocation Failure)
[24.316s][info][gc,heap        ] GC(190) PSYoungGen: 88256K(185856K)->88352K(183296K) Eden: 44032K(44032K)->0K(46080K) From: 44224K(141824K)->88352K(137216K)
[24.316s][info][gc,heap        ] GC(190) ParOldGen: 3322766K(3646976K)->3322766K(3646976K)
[24.316s][info][gc,metaspace   ] GC(190) Metaspace: 6298K(6464K)->6298K(6464K) NonClass: 5765K(5824K)->5765K(5824K) Class: 533K(640K)->533K(640K)
[24.316s][info][gc             ] GC(190) Pause Young (Allocation Failure) 3331M->3331M(3740M) 55.849ms
[24.316s][info][gc,cpu         ] GC(190) User=0.20s Sys=0.00s Real=0.06s
[24.366s][info][gc,start       ] GC(191) Pause Young (Allocation Failure)
[24.447s][info][gc,heap        ] GC(191) PSYoungGen: 134432K(183296K)->90368K(185856K) Eden: 46080K(46080K)->0K(46080K) From: 88352K(137216K)->90368K(139776K)
[24.447s][info][gc,heap        ] GC(191) ParOldGen: 3322766K(3646976K)->3367198K(3646976K)
[24.447s][info][gc,metaspace   ] GC(191) Metaspace: 6298K(6464K)->6298K(6464K) NonClass: 5765K(5824K)->5765K(5824K) Class: 533K(640K)->533K(640K)
[24.447s][info][gc             ] GC(191) Pause Young (Allocation Failure) 3376M->3376M(3743M) 81.256ms
[24.447s][info][gc,cpu         ] GC(191) User=0.31s Sys=0.09s Real=0.08s
[24.491s][info][gc,start       ] GC(192) Pause Young (Allocation Failure)
[24.569s][info][gc,heap        ] GC(192) PSYoungGen: 136448K(185856K)->92448K(191488K) Eden: 46080K(46080K)->0K(49152K) From: 90368K(139776K)->92448K(142336K)
[24.569s][info][gc,heap        ] GC(192) ParOldGen: 3367198K(3646976K)->3411630K(3646976K)
[24.569s][info][gc,metaspace   ] GC(192) Metaspace: 6298K(6464K)->6298K(6464K) NonClass: 5765K(5824K)->5765K(5824K) Class: 533K(640K)->533K(640K)
[24.569s][info][gc             ] GC(192) Pause Young (Allocation Failure) 3421M->3421M(3748M) 78.548ms
[24.569s][info][gc,cpu         ] GC(192) User=0.30s Sys=0.17s Real=0.08s
[24.616s][info][gc,start       ] GC(193) Pause Young (Allocation Failure)
[24.698s][info][gc,heap        ] GC(193) PSYoungGen: 141600K(191488K)->95488K(193536K) Eden: 49152K(49152K)->0K(49152K) From: 92448K(142336K)->95488K(144384K)
[24.698s][info][gc,heap        ] GC(193) ParOldGen: 3411630K(3646976K)->3458118K(3646976K)
[24.698s][info][gc,metaspace   ] GC(193) Metaspace: 6298K(6464K)->6298K(6464K) NonClass: 5765K(5824K)->5765K(5824K) Class: 533K(640K)->533K(640K)
[24.698s][info][gc             ] GC(193) Pause Young (Allocation Failure) 3469M->3470M(3750M) 81.854ms
[24.698s][info][gc,cpu         ] GC(193) User=0.42s Sys=0.11s Real=0.08s
[24.748s][info][gc,start       ] GC(194) Pause Young (Allocation Failure)
[24.833s][info][gc,heap        ] GC(194) PSYoungGen: 144640K(193536K)->98592K(199168K) Eden: 49152K(49152K)->0K(52736K) From: 95488K(144384K)->98592K(146432K)
[24.833s][info][gc,heap        ] GC(194) ParOldGen: 3458118K(3646976K)->3504614K(3646976K)
[24.833s][info][gc,metaspace   ] GC(194) Metaspace: 6298K(6464K)->6298K(6464K) NonClass: 5765K(5824K)->5765K(5824K) Class: 533K(640K)->533K(640K)
[24.833s][info][gc             ] GC(194) Pause Young (Allocation Failure) 3518M->3518M(3756M) 85.244ms
[24.833s][info][gc,cpu         ] GC(194) User=0.39s Sys=0.23s Real=0.09s
[24.891s][info][gc,start       ] GC(195) Pause Young (Allocation Failure)
[24.982s][info][gc,heap        ] GC(195) PSYoungGen: 151328K(199168K)->102144K(201728K) Eden: 52736K(52736K)->0K(52736K) From: 98592K(146432K)->102144K(148992K)
[24.982s][info][gc,heap        ] GC(195) ParOldGen: 3504614K(3646976K)->3554214K(3646976K)
[24.982s][info][gc,metaspace   ] GC(195) Metaspace: 6298K(6464K)->6298K(6464K) NonClass: 5765K(5824K)->5765K(5824K) Class: 533K(640K)->533K(640K)
[24.982s][info][gc             ] GC(195) Pause Young (Allocation Failure) 3570M->3570M(3758M) 91.001ms
[24.982s][info][gc,cpu         ] GC(195) User=0.41s Sys=0.20s Real=0.09s
[25.037s][info][gc,start       ] GC(196) Pause Young (Allocation Failure)
[25.132s][info][gc,heap        ] GC(196) PSYoungGen: 154880K(201728K)->105728K(208384K) Eden: 52736K(52736K)->0K(56320K) From: 102144K(148992K)->105728K(152064K)
[25.132s][info][gc,heap        ] GC(196) ParOldGen: 3554214K(3646976K)->3603814K(3646976K)
[25.132s][info][gc,metaspace   ] GC(196) Metaspace: 6298K(6464K)->6298K(6464K) NonClass: 5765K(5824K)->5765K(5824K) Class: 533K(640K)->533K(640K)
[25.132s][info][gc             ] GC(196) Pause Young (Allocation Failure) 3622M->3622M(3765M) 95.273ms
[25.132s][info][gc,cpu         ] GC(196) User=0.39s Sys=0.25s Real=0.10s
[25.132s][info][gc,start       ] GC(197) Pause Full (Ergonomics)
[25.132s][info][gc,phases,start] GC(197) Marking Phase
[25.941s][info][gc,phases      ] GC(197) Marking Phase 809.288ms
[25.942s][info][gc,phases,start] GC(197) Summary Phase
[25.942s][info][gc,phases      ] GC(197) Summary Phase 0.058ms
[25.942s][info][gc,phases,start] GC(197) Adjust Roots
[25.942s][info][gc,phases      ] GC(197) Adjust Roots 0.162ms
[25.942s][info][gc,phases,start] GC(197) Compaction Phase
[26.732s][info][gc,phases      ] GC(197) Compaction Phase 789.714ms
[26.732s][info][gc,phases,start] GC(197) Post Compact
[26.739s][info][gc,phases      ] GC(197) Post Compact 7.144ms
[26.741s][info][gc,heap        ] GC(197) PSYoungGen: 105728K(208384K)->59914K(208384K) Eden: 0K(56320K)->0K(56320K) From: 105728K(152064K)->59914K(152064K)
[26.741s][info][gc,heap        ] GC(197) ParOldGen: 3603814K(3646976K)->3646601K(4007936K)
[26.741s][info][gc,metaspace   ] GC(197) Metaspace: 6298K(6464K)->6298K(6464K) NonClass: 5765K(5824K)->5765K(5824K) Class: 533K(640K)->533K(640K)
[26.741s][info][gc             ] GC(197) Pause Full (Ergonomics) 3622M->3619M(4117M) 1609.241ms
[26.741s][info][gc,cpu         ] GC(197) User=11.36s Sys=0.08s Real=1.61s
[26.799s][info][gc,start       ] GC(198) Pause Young (Allocation Failure)
[27.030s][info][gc,heap        ] GC(198) PSYoungGen: 116234K(208384K)->56576K(211456K) Eden: 56320K(56320K)->0K(56320K) From: 59914K(152064K)->56576K(155136K)
[27.030s][info][gc,heap        ] GC(198) ParOldGen: 3646601K(4007936K)->3707097K(4007936K)
[27.030s][info][gc,metaspace   ] GC(198) Metaspace: 6298K(6464K)->6298K(6464K) NonClass: 5765K(5824K)->5765K(5824K) Class: 533K(640K)->533K(640K)
[27.030s][info][gc             ] GC(198) Pause Young (Allocation Failure) 3674M->3675M(4120M) 231.617ms
[27.030s][info][gc,cpu         ] GC(198) User=1.48s Sys=0.17s Real=0.23s
[27.086s][info][gc,start       ] GC(199) Pause Young (Allocation Failure)
[27.154s][info][gc,heap        ] GC(199) PSYoungGen: 112896K(211456K)->112992K(207872K) Eden: 56320K(56320K)->0K(56320K) From: 56576K(155136K)->112992K(151552K)
[27.154s][info][gc,heap        ] GC(199) ParOldGen: 3707097K(4007936K)->3707097K(4007936K)
[27.154s][info][gc,metaspace   ] GC(199) Metaspace: 6298K(6464K)->6298K(6464K) NonClass: 5765K(5824K)->5765K(5824K) Class: 533K(640K)->533K(640K)
[27.154s][info][gc             ] GC(199) Pause Young (Allocation Failure) 3730M->3730M(4117M) 68.256ms
[27.154s][info][gc,cpu         ] GC(199) User=0.28s Sys=0.03s Real=0.07s
[27.216s][info][gc,start       ] GC(200) Pause Young (Allocation Failure)
[27.306s][info][gc,heap        ] GC(200) PSYoungGen: 169312K(207872K)->157184K(213504K) Eden: 56320K(56320K)->0K(56320K) From: 112992K(151552K)->157184K(157184K)
[27.306s][info][gc,heap        ] GC(200) ParOldGen: 3707097K(4007936K)->3719265K(4007936K)
[27.306s][info][gc,metaspace   ] GC(200) Metaspace: 6298K(6464K)->6298K(6464K) NonClass: 5765K(5824K)->5765K(5824K) Class: 533K(640K)->533K(640K)
[27.306s][info][gc             ] GC(200) Pause Young (Allocation Failure) 3785M->3785M(4122M) 90.191ms
[27.306s][info][gc,cpu         ] GC(200) User=0.50s Sys=0.03s Real=0.09s
[27.364s][info][gc,start       ] GC(201) Pause Young (Allocation Failure)
[27.516s][info][gc,heap        ] GC(201) PSYoungGen: 213504K(213504K)->112096K(243712K) Eden: 56320K(56320K)->0K(62976K) From: 157184K(157184K)->112096K(180736K)
[27.516s][info][gc,heap        ] GC(201) ParOldGen: 3719265K(4007936K)->3821601K(4007936K)
[27.516s][info][gc,metaspace   ] GC(201) Metaspace: 6298K(6464K)->6298K(6464K) NonClass: 5765K(5824K)->5765K(5824K) Class: 533K(640K)->533K(640K)
[27.516s][info][gc             ] GC(201) Pause Young (Allocation Failure) 3840M->3841M(4152M) 152.183ms
[27.516s][info][gc,cpu         ] GC(201) User=0.66s Sys=0.45s Real=0.15s
[27.576s][info][gc,start       ] GC(202) Pause Young (Allocation Failure)
[27.687s][info][gc,heap        ] GC(202) PSYoungGen: 175072K(243712K)->119616K(244224K) Eden: 62976K(62976K)->0K(62976K) From: 112096K(180736K)->119616K(181248K)
[27.687s][info][gc,heap        ] GC(202) ParOldGen: 3821601K(4007936K)->3877569K(4007936K)
[27.687s][info][gc,metaspace   ] GC(202) Metaspace: 6298K(6464K)->6298K(6464K) NonClass: 5765K(5824K)->5765K(5824K) Class: 533K(640K)->533K(640K)
[27.687s][info][gc             ] GC(202) Pause Young (Allocation Failure) 3903M->3903M(4152M) 110.487ms
[27.687s][info][gc,cpu         ] GC(202) User=0.58s Sys=0.17s Real=0.11s
[27.753s][info][gc,start       ] GC(203) Pause Young (Allocation Failure)
[27.873s][info][gc,heap        ] GC(203) PSYoungGen: 182592K(244224K)->126272K(250880K) Eden: 62976K(62976K)->0K(68096K) From: 119616K(181248K)->126272K(182784K)
[27.873s][info][gc,heap        ] GC(203) ParOldGen: 3877569K(4007936K)->3934393K(4007936K)
[27.873s][info][gc,metaspace   ] GC(203) Metaspace: 6298K(6464K)->6298K(6464K) NonClass: 5765K(5824K)->5765K(5824K) Class: 533K(640K)->533K(640K)
[27.873s][info][gc             ] GC(203) Pause Young (Allocation Failure) 3965M->3965M(4159M) 119.886ms
[27.873s][info][gc,cpu         ] GC(203) User=0.55s Sys=0.33s Real=0.12s
[27.873s][info][gc,start       ] GC(204) Pause Full (Ergonomics)
[27.873s][info][gc,phases,start] GC(204) Marking Phase
[28.766s][info][gc,phases      ] GC(204) Marking Phase 892.689ms
[28.766s][info][gc,phases,start] GC(204) Summary Phase
[28.766s][info][gc,phases      ] GC(204) Summary Phase 0.050ms
[28.766s][info][gc,phases,start] GC(204) Adjust Roots
[28.766s][info][gc,phases      ] GC(204) Adjust Roots 0.164ms
[28.766s][info][gc,phases,start] GC(204) Compaction Phase
[29.176s][info][gc,phases      ] GC(204) Compaction Phase 409.358ms
[29.176s][info][gc,phases,start] GC(204) Post Compact
[29.184s][info][gc,phases      ] GC(204) Post Compact 7.822ms
[29.184s][info][gc,heap        ] GC(204) PSYoungGen: 126272K(250880K)->49752K(250880K) Eden: 0K(68096K)->0K(68096K) From: 126272K(182784K)->49752K(182784K)
[29.184s][info][gc,heap        ] GC(204) ParOldGen: 3934393K(4007936K)->4007808K(4027904K)
[29.184s][info][gc,metaspace   ] GC(204) Metaspace: 6298K(6464K)->6298K(6464K) NonClass: 5765K(5824K)->5765K(5824K) Class: 533K(640K)->533K(640K)
[29.184s][info][gc             ] GC(204) Pause Full (Ergonomics) 3965M->3962M(4178M) 1310.784ms
[29.184s][info][gc,cpu         ] GC(204) User=9.47s Sys=0.11s Real=1.31s
[29.265s][info][gc,start       ] GC(205) Pause Full (Ergonomics)
[29.265s][info][gc,phases,start] GC(205) Marking Phase
[30.181s][info][gc,phases      ] GC(205) Marking Phase 915.973ms
[30.181s][info][gc,phases,start] GC(205) Summary Phase
[30.181s][info][gc,phases      ] GC(205) Summary Phase 0.050ms
[30.181s][info][gc,phases,start] GC(205) Adjust Roots
[30.181s][info][gc,phases      ] GC(205) Adjust Roots 0.218ms
[30.181s][info][gc,phases,start] GC(205) Compaction Phase
[30.487s][info][gc,phases      ] GC(205) Compaction Phase 305.474ms
[30.487s][info][gc,phases,start] GC(205) Post Compact
[30.495s][info][gc,phases      ] GC(205) Post Compact 8.212ms
[30.495s][info][gc,heap        ] GC(205) PSYoungGen: 117848K(250880K)->97857K(250880K) Eden: 68096K(68096K)->68073K(68096K) From: 49752K(182784K)->29784K(182784K)
[30.495s][info][gc,heap        ] GC(205) ParOldGen: 4007808K(4027904K)->4027767K(4027904K)
[30.495s][info][gc,metaspace   ] GC(205) Metaspace: 6298K(6464K)->6298K(6464K) NonClass: 5765K(5824K)->5765K(5824K) Class: 533K(640K)->533K(640K)
[30.495s][info][gc             ] GC(205) Pause Full (Ergonomics) 4028M->4028M(4178M) 1230.330ms
[30.495s][info][gc,cpu         ] GC(205) User=9.22s Sys=0.05s Real=1.23s
[30.496s][info][gc,start       ] GC(206) Pause Full (Ergonomics)
[30.496s][info][gc,phases,start] GC(206) Marking Phase
[31.434s][info][gc,phases      ] GC(206) Marking Phase 938.664ms
[31.434s][info][gc,phases,start] GC(206) Summary Phase
[31.434s][info][gc,phases      ] GC(206) Summary Phase 0.075ms
[31.434s][info][gc,phases,start] GC(206) Adjust Roots
[31.435s][info][gc,phases      ] GC(206) Adjust Roots 0.261ms
[31.435s][info][gc,phases,start] GC(206) Compaction Phase
[31.740s][info][gc,phases      ] GC(206) Compaction Phase 305.794ms
[31.741s][info][gc,phases,start] GC(206) Post Compact
[31.748s][info][gc,phases      ] GC(206) Post Compact 7.456ms
[31.748s][info][gc,heap        ] GC(206) PSYoungGen: 97880K(250880K)->97879K(250880K) Eden: 68096K(68096K)->68095K(68096K) From: 29784K(182784K)->29784K(182784K)
[31.748s][info][gc,heap        ] GC(206) ParOldGen: 4027767K(4027904K)->4027767K(4027904K)
[31.748s][info][gc,metaspace   ] GC(206) Metaspace: 6298K(6464K)->6298K(6464K) NonClass: 5765K(5824K)->5765K(5824K) Class: 533K(640K)->533K(640K)
[31.748s][info][gc             ] GC(206) Pause Full (Ergonomics) 4028M->4028M(4178M) 1252.623ms
[31.748s][info][gc,cpu         ] GC(206) User=9.25s Sys=0.03s Real=1.25s
[31.748s][info][gc,start       ] GC(207) Pause Full (Ergonomics)
[31.748s][info][gc,phases,start] GC(207) Marking Phase
[32.651s][info][gc,phases      ] GC(207) Marking Phase 903.130ms
[32.652s][info][gc,phases,start] GC(207) Summary Phase
[32.652s][info][gc,phases      ] GC(207) Summary Phase 0.081ms
[32.652s][info][gc,phases,start] GC(207) Adjust Roots
[32.652s][info][gc,phases      ] GC(207) Adjust Roots 0.194ms
[32.652s][info][gc,phases,start] GC(207) Compaction Phase
[32.926s][info][gc,phases      ] GC(207) Compaction Phase 273.681ms
[32.926s][info][gc,phases,start] GC(207) Post Compact
[32.933s][info][gc,phases      ] GC(207) Post Compact 7.759ms
[32.933s][info][gc,heap        ] GC(207) PSYoungGen: 97880K(250880K)->97880K(250880K) Eden: 68096K(68096K)->68096K(68096K) From: 29784K(182784K)->29784K(182784K)
[32.933s][info][gc,heap        ] GC(207) ParOldGen: 4027767K(4027904K)->4027767K(4027904K)
[32.933s][info][gc,metaspace   ] GC(207) Metaspace: 6298K(6464K)->6298K(6464K) NonClass: 5765K(5824K)->5765K(5824K) Class: 533K(640K)->533K(640K)
[32.934s][info][gc             ] GC(207) Pause Full (Ergonomics) 4028M->4028M(4178M) 1185.212ms
[32.934s][info][gc,cpu         ] GC(207) User=8.97s Sys=0.00s Real=1.18s
[32.934s][info][gc,start       ] GC(208) Pause Full (Ergonomics)
[32.934s][info][gc,phases,start] GC(208) Marking Phase
[33.866s][info][gc,phases      ] GC(208) Marking Phase 932.405ms
[33.866s][info][gc,phases,start] GC(208) Summary Phase
[33.866s][info][gc,phases      ] GC(208) Summary Phase 0.048ms
[33.866s][info][gc,phases,start] GC(208) Adjust Roots
[33.867s][info][gc,phases      ] GC(208) Adjust Roots 0.190ms
[33.867s][info][gc,phases,start] GC(208) Compaction Phase
[34.166s][info][gc,phases      ] GC(208) Compaction Phase 299.388ms
[34.166s][info][gc,phases,start] GC(208) Post Compact
[34.174s][info][gc,phases      ] GC(208) Post Compact 8.034ms
[34.174s][info][gc,heap        ] GC(208) PSYoungGen: 97880K(250880K)->97880K(250880K) Eden: 68096K(68096K)->68096K(68096K) From: 29784K(182784K)->29784K(182784K)
[34.174s][info][gc,heap        ] GC(208) ParOldGen: 4027772K(4027904K)->4027772K(4027904K)
[34.174s][info][gc,metaspace   ] GC(208) Metaspace: 6298K(6464K)->6298K(6464K) NonClass: 5765K(5824K)->5765K(5824K) Class: 533K(640K)->533K(640K)
[34.174s][info][gc             ] GC(208) Pause Full (Ergonomics) 4028M->4028M(4178M) 1240.415ms
[34.174s][info][gc,cpu         ] GC(208) User=9.39s Sys=0.00s Real=1.24s
[34.174s][info][gc,start       ] GC(209) Pause Full (Ergonomics)
[34.174s][info][gc,phases,start] GC(209) Marking Phase
[35.101s][info][gc,phases      ] GC(209) Marking Phase 926.525ms
[35.101s][info][gc,phases,start] GC(209) Summary Phase
[35.101s][info][gc,phases      ] GC(209) Summary Phase 0.050ms
[35.101s][info][gc,phases,start] GC(209) Adjust Roots
[35.101s][info][gc,phases      ] GC(209) Adjust Roots 0.174ms
[35.101s][info][gc,phases,start] GC(209) Compaction Phase
[35.421s][info][gc,phases      ] GC(209) Compaction Phase 320.152ms
[35.421s][info][gc,phases,start] GC(209) Post Compact
[35.429s][info][gc,phases      ] GC(209) Post Compact 7.414ms
[35.429s][info][gc,heap        ] GC(209) PSYoungGen: 97880K(250880K)->97880K(250880K) Eden: 68096K(68096K)->68096K(68096K) From: 29784K(182784K)->29784K(182784K)
[35.429s][info][gc,heap        ] GC(209) ParOldGen: 4027777K(4027904K)->4027777K(4027904K)
[35.429s][info][gc,metaspace   ] GC(209) Metaspace: 6298K(6464K)->6298K(6464K) NonClass: 5765K(5824K)->5765K(5824K) Class: 533K(640K)->533K(640K)
[35.429s][info][gc             ] GC(209) Pause Full (Ergonomics) 4028M->4028M(4178M) 1254.643ms
[35.429s][info][gc,cpu         ] GC(209) User=9.23s Sys=0.00s Real=1.25s
[35.429s][info][gc,start       ] GC(210) Pause Full (Ergonomics)
[35.429s][info][gc,phases,start] GC(210) Marking Phase
[36.351s][info][gc,phases      ] GC(210) Marking Phase 921.330ms
[36.351s][info][gc,phases,start] GC(210) Summary Phase
[36.351s][info][gc,phases      ] GC(210) Summary Phase 0.048ms
[36.351s][info][gc,phases,start] GC(210) Adjust Roots
[36.351s][info][gc,phases      ] GC(210) Adjust Roots 0.167ms
[36.351s][info][gc,phases,start] GC(210) Compaction Phase
[36.663s][info][gc,phases      ] GC(210) Compaction Phase 312.095ms
[36.663s][info][gc,phases,start] GC(210) Post Compact
[36.671s][info][gc,phases      ] GC(210) Post Compact 7.654ms
[36.671s][info][gc,heap        ] GC(210) PSYoungGen: 97880K(250880K)->97880K(250880K) Eden: 68096K(68096K)->68096K(68096K) From: 29784K(182784K)->29784K(182784K)
[36.671s][info][gc,heap        ] GC(210) ParOldGen: 4027782K(4027904K)->4027782K(4027904K)
[36.671s][info][gc,metaspace   ] GC(210) Metaspace: 6298K(6464K)->6298K(6464K) NonClass: 5765K(5824K)->5765K(5824K) Class: 533K(640K)->533K(640K)
[36.671s][info][gc             ] GC(210) Pause Full (Ergonomics) 4028M->4028M(4178M) 1241.726ms
[36.671s][info][gc,cpu         ] GC(210) User=9.28s Sys=0.00s Real=1.24s
[36.671s][info][gc,start       ] GC(211) Pause Full (Ergonomics)
[36.671s][info][gc,phases,start] GC(211) Marking Phase
[37.588s][info][gc,phases      ] GC(211) Marking Phase 917.026ms
[37.588s][info][gc,phases,start] GC(211) Summary Phase
[37.588s][info][gc,phases      ] GC(211) Summary Phase 0.050ms
[37.588s][info][gc,phases,start] GC(211) Adjust Roots
[37.589s][info][gc,phases      ] GC(211) Adjust Roots 0.197ms
[37.589s][info][gc,phases,start] GC(211) Compaction Phase
[37.893s][info][gc,phases      ] GC(211) Compaction Phase 304.468ms
[37.893s][info][gc,phases,start] GC(211) Post Compact
[37.901s][info][gc,phases      ] GC(211) Post Compact 7.699ms
[37.901s][info][gc,heap        ] GC(211) PSYoungGen: 97880K(250880K)->97880K(250880K) Eden: 68096K(68096K)->68096K(68096K) From: 29784K(182784K)->29784K(182784K)
[37.901s][info][gc,heap        ] GC(211) ParOldGen: 4027787K(4027904K)->4027787K(4027904K)
[37.901s][info][gc,metaspace   ] GC(211) Metaspace: 6298K(6464K)->6298K(6464K) NonClass: 5765K(5824K)->5765K(5824K) Class: 533K(640K)->533K(640K)
[37.901s][info][gc             ] GC(211) Pause Full (Ergonomics) 4028M->4028M(4178M) 1229.778ms
[37.901s][info][gc,cpu         ] GC(211) User=9.11s Sys=0.02s Real=1.23s
[37.901s][info][gc,start       ] GC(212) Pause Full (Ergonomics)
[37.901s][info][gc,phases,start] GC(212) Marking Phase
[38.834s][info][gc,phases      ] GC(212) Marking Phase 932.766ms
[38.834s][info][gc,phases,start] GC(212) Summary Phase
[38.834s][info][gc,phases      ] GC(212) Summary Phase 0.047ms
[38.834s][info][gc,phases,start] GC(212) Adjust Roots
[38.834s][info][gc,phases      ] GC(212) Adjust Roots 0.161ms
[38.834s][info][gc,phases,start] GC(212) Compaction Phase
[39.131s][info][gc,phases      ] GC(212) Compaction Phase 297.081ms
[39.131s][info][gc,phases,start] GC(212) Post Compact
[39.139s][info][gc,phases      ] GC(212) Post Compact 7.603ms
[39.139s][info][gc,heap        ] GC(212) PSYoungGen: 97880K(250880K)->97880K(250880K) Eden: 68096K(68096K)->68096K(68096K) From: 29784K(182784K)->29784K(182784K)
[39.139s][info][gc,heap        ] GC(212) ParOldGen: 4027791K(4027904K)->4027791K(4027904K)
[39.139s][info][gc,metaspace   ] GC(212) Metaspace: 6298K(6464K)->6298K(6464K) NonClass: 5765K(5824K)->5765K(5824K) Class: 533K(640K)->533K(640K)
[39.139s][info][gc             ] GC(212) Pause Full (Ergonomics) 4028M->4028M(4178M) 1238.006ms
[39.139s][info][gc,cpu         ] GC(212) User=9.28s Sys=0.00s Real=1.24s
[39.139s][info][gc,start       ] GC(213) Pause Full (Ergonomics)
[39.139s][info][gc,phases,start] GC(213) Marking Phase
[40.073s][info][gc,phases      ] GC(213) Marking Phase 933.421ms
[40.073s][info][gc,phases,start] GC(213) Summary Phase
[40.073s][info][gc,phases      ] GC(213) Summary Phase 0.058ms
[40.073s][info][gc,phases,start] GC(213) Adjust Roots
[40.073s][info][gc,phases      ] GC(213) Adjust Roots 0.179ms
[40.073s][info][gc,phases,start] GC(213) Compaction Phase
[40.382s][info][gc,phases      ] GC(213) Compaction Phase 308.772ms
[40.382s][info][gc,phases,start] GC(213) Post Compact
[40.390s][info][gc,phases      ] GC(213) Post Compact 7.538ms
[40.390s][info][gc,heap        ] GC(213) PSYoungGen: 97880K(250880K)->97880K(250880K) Eden: 68096K(68096K)->68096K(68096K) From: 29784K(182784K)->29784K(182784K)
[40.390s][info][gc,heap        ] GC(213) ParOldGen: 4027796K(4027904K)->4027796K(4027904K)
[40.390s][info][gc,metaspace   ] GC(213) Metaspace: 6298K(6464K)->6298K(6464K) NonClass: 5765K(5824K)->5765K(5824K) Class: 533K(640K)->533K(640K)
[40.390s][info][gc             ] GC(213) Pause Full (Ergonomics) 4028M->4028M(4178M) 1250.352ms
[40.390s][info][gc,cpu         ] GC(213) User=9.28s Sys=0.00s Real=1.25s
[40.390s][info][gc,start       ] GC(214) Pause Full (Ergonomics)
[40.390s][info][gc,phases,start] GC(214) Marking Phase
[41.334s][info][gc,phases      ] GC(214) Marking Phase 944.287ms
[41.334s][info][gc,phases,start] GC(214) Summary Phase
[41.334s][info][gc,phases      ] GC(214) Summary Phase 0.050ms
[41.334s][info][gc,phases,start] GC(214) Adjust Roots
[41.335s][info][gc,phases      ] GC(214) Adjust Roots 0.169ms
[41.335s][info][gc,phases,start] GC(214) Compaction Phase
[41.625s][info][gc,phases      ] GC(214) Compaction Phase 290.741ms
[41.625s][info][gc,phases,start] GC(214) Post Compact
[41.634s][info][gc,phases      ] GC(214) Post Compact 8.180ms
[41.634s][info][gc,heap        ] GC(214) PSYoungGen: 97880K(250880K)->97880K(250880K) Eden: 68096K(68096K)->68096K(68096K) From: 29784K(182784K)->29784K(182784K)
[41.634s][info][gc,heap        ] GC(214) ParOldGen: 4027801K(4027904K)->4027801K(4027904K)
[41.634s][info][gc,metaspace   ] GC(214) Metaspace: 6298K(6464K)->6298K(6464K) NonClass: 5765K(5824K)->5765K(5824K) Class: 533K(640K)->533K(640K)
[41.634s][info][gc             ] GC(214) Pause Full (Ergonomics) 4028M->4028M(4178M) 1243.780ms
[41.634s][info][gc,cpu         ] GC(214) User=9.31s Sys=0.00s Real=1.24s
[41.634s][info][gc,start       ] GC(215) Pause Full (Ergonomics)
[41.634s][info][gc,phases,start] GC(215) Marking Phase
[42.583s][info][gc,phases      ] GC(215) Marking Phase 948.687ms
[42.583s][info][gc,phases,start] GC(215) Summary Phase
[42.583s][info][gc,phases      ] GC(215) Summary Phase 0.048ms
[42.583s][info][gc,phases,start] GC(215) Adjust Roots
[42.583s][info][gc,phases      ] GC(215) Adjust Roots 0.162ms
[42.583s][info][gc,phases,start] GC(215) Compaction Phase
[42.875s][info][gc,phases      ] GC(215) Compaction Phase 292.431ms
[42.875s][info][gc,phases,start] GC(215) Post Compact
[42.883s][info][gc,phases      ] GC(215) Post Compact 7.653ms
[42.883s][info][gc,heap        ] GC(215) PSYoungGen: 97880K(250880K)->97880K(250880K) Eden: 68096K(68096K)->68096K(68096K) From: 29784K(182784K)->29784K(182784K)
[42.883s][info][gc,heap        ] GC(215) ParOldGen: 4027806K(4027904K)->4027806K(4027904K)
[42.883s][info][gc,metaspace   ] GC(215) Metaspace: 6298K(6464K)->6298K(6464K) NonClass: 5765K(5824K)->5765K(5824K) Class: 533K(640K)->533K(640K)
[42.883s][info][gc             ] GC(215) Pause Full (Ergonomics) 4028M->4028M(4178M) 1249.311ms
[42.883s][info][gc,cpu         ] GC(215) User=9.52s Sys=0.00s Real=1.25s
[42.883s][info][gc,start       ] GC(216) Pause Full (Ergonomics)
[42.884s][info][gc,phases,start] GC(216) Marking Phase
[43.821s][info][gc,phases      ] GC(216) Marking Phase 937.789ms
[43.821s][info][gc,phases,start] GC(216) Summary Phase
[43.821s][info][gc,phases      ] GC(216) Summary Phase 0.048ms
[43.821s][info][gc,phases,start] GC(216) Adjust Roots
[43.822s][info][gc,phases      ] GC(216) Adjust Roots 0.163ms
[43.822s][info][gc,phases,start] GC(216) Compaction Phase
[44.112s][info][gc,phases      ] GC(216) Compaction Phase 290.586ms
[44.112s][info][gc,phases,start] GC(216) Post Compact
[44.120s][info][gc,phases      ] GC(216) Post Compact 8.149ms
[44.121s][info][gc,heap        ] GC(216) PSYoungGen: 97880K(250880K)->97880K(250880K) Eden: 68096K(68096K)->68096K(68096K) From: 29784K(182784K)->29784K(182784K)
[44.121s][info][gc,heap        ] GC(216) ParOldGen: 4027811K(4027904K)->4027811K(4027904K)
[44.121s][info][gc,metaspace   ] GC(216) Metaspace: 6298K(6464K)->6298K(6464K) NonClass: 5765K(5824K)->5765K(5824K) Class: 533K(640K)->533K(640K)
[44.121s][info][gc             ] GC(216) Pause Full (Ergonomics) 4028M->4028M(4178M) 1237.118ms
[44.121s][info][gc,cpu         ] GC(216) User=9.48s Sys=0.00s Real=1.24s
[44.121s][info][gc,start       ] GC(217) Pause Full (Ergonomics)
[44.121s][info][gc,phases,start] GC(217) Marking Phase
[45.049s][info][gc,phases      ] GC(217) Marking Phase 928.547ms
[45.049s][info][gc,phases,start] GC(217) Summary Phase
[45.049s][info][gc,phases      ] GC(217) Summary Phase 0.046ms
[45.050s][info][gc,phases,start] GC(217) Adjust Roots
[45.050s][info][gc,phases      ] GC(217) Adjust Roots 0.161ms
[45.050s][info][gc,phases,start] GC(217) Compaction Phase
[45.381s][info][gc,phases      ] GC(217) Compaction Phase 331.479ms
[45.381s][info][gc,phases,start] GC(217) Post Compact
[45.389s][info][gc,phases      ] GC(217) Post Compact 7.413ms
[45.389s][info][gc,heap        ] GC(217) PSYoungGen: 97880K(250880K)->97880K(250880K) Eden: 68096K(68096K)->68096K(68096K) From: 29784K(182784K)->29784K(182784K)
[45.389s][info][gc,heap        ] GC(217) ParOldGen: 4027816K(4027904K)->4027816K(4027904K)
[45.389s][info][gc,metaspace   ] GC(217) Metaspace: 6298K(6464K)->6298K(6464K) NonClass: 5765K(5824K)->5765K(5824K) Class: 533K(640K)->533K(640K)
[45.389s][info][gc             ] GC(217) Pause Full (Ergonomics) 4029M->4029M(4178M) 1267.980ms
[45.389s][info][gc,cpu         ] GC(217) User=9.27s Sys=0.00s Real=1.27s
[45.389s][info][gc,start       ] GC(218) Pause Full (Ergonomics)
[45.389s][info][gc,phases,start] GC(218) Marking Phase
[46.320s][info][gc,phases      ] GC(218) Marking Phase 930.992ms
[46.320s][info][gc,phases,start] GC(218) Summary Phase
[46.320s][info][gc,phases      ] GC(218) Summary Phase 0.058ms
[46.320s][info][gc,phases,start] GC(218) Adjust Roots
[46.320s][info][gc,phases      ] GC(218) Adjust Roots 0.190ms
[46.320s][info][gc,phases,start] GC(218) Compaction Phase
[46.661s][info][gc,phases      ] GC(218) Compaction Phase 340.998ms
[46.662s][info][gc,phases,start] GC(218) Post Compact
[46.669s][info][gc,phases      ] GC(218) Post Compact 7.469ms
[46.669s][info][gc,heap        ] GC(218) PSYoungGen: 97880K(250880K)->97880K(250880K) Eden: 68096K(68096K)->68096K(68096K) From: 29784K(182784K)->29784K(182784K)
[46.669s][info][gc,heap        ] GC(218) ParOldGen: 4027820K(4027904K)->4027820K(4027904K)
[46.669s][info][gc,metaspace   ] GC(218) Metaspace: 6298K(6464K)->6298K(6464K) NonClass: 5765K(5824K)->5765K(5824K) Class: 533K(640K)->533K(640K)
[46.669s][info][gc             ] GC(218) Pause Full (Ergonomics) 4029M->4029M(4178M) 1280.060ms
[46.669s][info][gc,cpu         ] GC(218) User=9.45s Sys=0.00s Real=1.28s
[46.669s][info][gc,start       ] GC(219) Pause Full (Ergonomics)
[46.669s][info][gc,phases,start] GC(219) Marking Phase
[47.607s][info][gc,phases      ] GC(219) Marking Phase 937.410ms
[47.607s][info][gc,phases,start] GC(219) Summary Phase
[47.607s][info][gc,phases      ] GC(219) Summary Phase 0.048ms
[47.607s][info][gc,phases,start] GC(219) Adjust Roots
[47.607s][info][gc,phases      ] GC(219) Adjust Roots 0.197ms
[47.607s][info][gc,phases,start] GC(219) Compaction Phase
[47.921s][info][gc,phases      ] GC(219) Compaction Phase 313.558ms
[47.921s][info][gc,phases,start] GC(219) Post Compact
[47.928s][info][gc,phases      ] GC(219) Post Compact 7.543ms
[47.928s][info][gc,heap        ] GC(219) PSYoungGen: 97880K(250880K)->97880K(250880K) Eden: 68096K(68096K)->68096K(68096K) From: 29784K(182784K)->29784K(182784K)
[47.928s][info][gc,heap        ] GC(219) ParOldGen: 4027825K(4027904K)->4027825K(4027904K)
[47.928s][info][gc,metaspace   ] GC(219) Metaspace: 6298K(6464K)->6298K(6464K) NonClass: 5765K(5824K)->5765K(5824K) Class: 533K(640K)->533K(640K)
[47.928s][info][gc             ] GC(219) Pause Full (Ergonomics) 4029M->4029M(4178M) 1259.099ms
[47.928s][info][gc,cpu         ] GC(219) User=9.27s Sys=0.00s Real=1.26s
[47.929s][info][gc,start       ] GC(220) Pause Full (Ergonomics)
[47.929s][info][gc,phases,start] GC(220) Marking Phase
[48.856s][info][gc,phases      ] GC(220) Marking Phase 927.574ms
[48.856s][info][gc,phases,start] GC(220) Summary Phase
[48.856s][info][gc,phases      ] GC(220) Summary Phase 0.063ms
[48.856s][info][gc,phases,start] GC(220) Adjust Roots
[48.857s][info][gc,phases      ] GC(220) Adjust Roots 0.231ms
[48.857s][info][gc,phases,start] GC(220) Compaction Phase
[49.152s][info][gc,phases      ] GC(220) Compaction Phase 295.191ms
[49.152s][info][gc,phases,start] GC(220) Post Compact
[49.160s][info][gc,phases      ] GC(220) Post Compact 7.988ms
[49.160s][info][gc,heap        ] GC(220) PSYoungGen: 97880K(250880K)->97880K(250880K) Eden: 68096K(68096K)->68096K(68096K) From: 29784K(182784K)->29784K(182784K)
[49.160s][info][gc,heap        ] GC(220) ParOldGen: 4027830K(4027904K)->4027830K(4027904K)
[49.160s][info][gc,metaspace   ] GC(220) Metaspace: 6298K(6464K)->6298K(6464K) NonClass: 5765K(5824K)->5765K(5824K) Class: 533K(640K)->533K(640K)
[49.160s][info][gc             ] GC(220) Pause Full (Ergonomics) 4029M->4029M(4178M) 1231.421ms
[49.160s][info][gc,cpu         ] GC(220) User=9.28s Sys=0.00s Real=1.23s
[49.160s][info][gc,start       ] GC(221) Pause Full (Ergonomics)
[49.160s][info][gc,phases,start] GC(221) Marking Phase
[50.100s][info][gc,phases      ] GC(221) Marking Phase 939.665ms
[50.100s][info][gc,phases,start] GC(221) Summary Phase
[50.100s][info][gc,phases      ] GC(221) Summary Phase 0.084ms
[50.100s][info][gc,phases,start] GC(221) Adjust Roots
[50.100s][info][gc,phases      ] GC(221) Adjust Roots 0.253ms
[50.100s][info][gc,phases,start] GC(221) Compaction Phase
[50.411s][info][gc,phases      ] GC(221) Compaction Phase 310.165ms
[50.411s][info][gc,phases,start] GC(221) Post Compact
[50.418s][info][gc,phases      ] GC(221) Post Compact 7.542ms
[50.418s][info][gc,heap        ] GC(221) PSYoungGen: 97880K(250880K)->97880K(250880K) Eden: 68096K(68096K)->68096K(68096K) From: 29784K(182784K)->29784K(182784K)
[50.418s][info][gc,heap        ] GC(221) ParOldGen: 4027835K(4027904K)->4027835K(4027904K)
[50.418s][info][gc,metaspace   ] GC(221) Metaspace: 6298K(6464K)->6298K(6464K) NonClass: 5765K(5824K)->5765K(5824K) Class: 533K(640K)->533K(640K)
[50.418s][info][gc             ] GC(221) Pause Full (Ergonomics) 4029M->4029M(4178M) 1258.086ms
[50.418s][info][gc,cpu         ] GC(221) User=9.41s Sys=0.00s Real=1.26s
[50.419s][info][gc,start       ] GC(222) Pause Full (Ergonomics)
[50.419s][info][gc,phases,start] GC(222) Marking Phase
[51.354s][info][gc,phases      ] GC(222) Marking Phase 935.070ms
[51.354s][info][gc,phases,start] GC(222) Summary Phase
[51.354s][info][gc,phases      ] GC(222) Summary Phase 0.058ms
[51.354s][info][gc,phases,start] GC(222) Adjust Roots
[51.354s][info][gc,phases      ] GC(222) Adjust Roots 0.211ms
[51.354s][info][gc,phases,start] GC(222) Compaction Phase
[51.662s][info][gc,phases      ] GC(222) Compaction Phase 307.652ms
[51.662s][info][gc,phases,start] GC(222) Post Compact
[51.669s][info][gc,phases      ] GC(222) Post Compact 7.600ms
[51.669s][info][gc,heap        ] GC(222) PSYoungGen: 97880K(250880K)->97880K(250880K) Eden: 68096K(68096K)->68096K(68096K) From: 29784K(182784K)->29784K(182784K)
[51.670s][info][gc,heap        ] GC(222) ParOldGen: 4027840K(4027904K)->4027840K(4027904K)
[51.670s][info][gc,metaspace   ] GC(222) Metaspace: 6298K(6464K)->6298K(6464K) NonClass: 5765K(5824K)->5765K(5824K) Class: 533K(640K)->533K(640K)
[51.670s][info][gc             ] GC(222) Pause Full (Ergonomics) 4029M->4029M(4178M) 1250.956ms
[51.670s][info][gc,cpu         ] GC(222) User=9.55s Sys=0.00s Real=1.25s
[51.670s][info][gc,start       ] GC(223) Pause Full (Ergonomics)
[51.670s][info][gc,phases,start] GC(223) Marking Phase
[52.612s][info][gc,phases      ] GC(223) Marking Phase 942.560ms
[52.612s][info][gc,phases,start] GC(223) Summary Phase
[52.612s][info][gc,phases      ] GC(223) Summary Phase 0.057ms
[52.612s][info][gc,phases,start] GC(223) Adjust Roots
[52.613s][info][gc,phases      ] GC(223) Adjust Roots 0.215ms
[52.613s][info][gc,phases,start] GC(223) Compaction Phase
[52.932s][info][gc,phases      ] GC(223) Compaction Phase 319.443ms
[52.932s][info][gc,phases,start] GC(223) Post Compact
[52.940s][info][gc,phases      ] GC(223) Post Compact 7.679ms
[52.940s][info][gc,heap        ] GC(223) PSYoungGen: 97880K(250880K)->97880K(250880K) Eden: 68096K(68096K)->68096K(68096K) From: 29784K(182784K)->29784K(182784K)
[52.940s][info][gc,heap        ] GC(223) ParOldGen: 4027845K(4027904K)->4027845K(4027904K)
[52.940s][info][gc,metaspace   ] GC(223) Metaspace: 6298K(6464K)->6298K(6464K) NonClass: 5765K(5824K)->5765K(5824K) Class: 533K(640K)->533K(640K)
[52.940s][info][gc             ] GC(223) Pause Full (Ergonomics) 4029M->4029M(4178M) 1270.299ms
[52.940s][info][gc,cpu         ] GC(223) User=9.34s Sys=0.00s Real=1.27s
[52.940s][info][gc,start       ] GC(224) Pause Full (Ergonomics)
[52.940s][info][gc,phases,start] GC(224) Marking Phase
[53.884s][info][gc,phases      ] GC(224) Marking Phase 943.478ms
[53.884s][info][gc,phases,start] GC(224) Summary Phase
[53.884s][info][gc,phases      ] GC(224) Summary Phase 0.051ms
[53.884s][info][gc,phases,start] GC(224) Adjust Roots
[53.884s][info][gc,phases      ] GC(224) Adjust Roots 0.194ms
[53.884s][info][gc,phases,start] GC(224) Compaction Phase
[54.201s][info][gc,phases      ] GC(224) Compaction Phase 317.287ms
[54.201s][info][gc,phases,start] GC(224) Post Compact
[54.209s][info][gc,phases      ] GC(224) Post Compact 7.431ms
[54.209s][info][gc,heap        ] GC(224) PSYoungGen: 97880K(250880K)->97880K(250880K) Eden: 68096K(68096K)->68096K(68096K) From: 29784K(182784K)->29784K(182784K)
[54.209s][info][gc,heap        ] GC(224) ParOldGen: 4027849K(4027904K)->4027849K(4027904K)
[54.209s][info][gc,metaspace   ] GC(224) Metaspace: 6298K(6464K)->6298K(6464K) NonClass: 5765K(5824K)->5765K(5824K) Class: 533K(640K)->533K(640K)
[54.209s][info][gc             ] GC(224) Pause Full (Ergonomics) 4029M->4029M(4178M) 1268.775ms
[54.209s][info][gc,cpu         ] GC(224) User=9.50s Sys=0.00s Real=1.27s
[54.209s][info][gc,start       ] GC(225) Pause Full (Ergonomics)
[54.209s][info][gc,phases,start] GC(225) Marking Phase
[55.165s][info][gc,phases      ] GC(225) Marking Phase 956.042ms
[55.165s][info][gc,phases,start] GC(225) Summary Phase
[55.165s][info][gc,phases      ] GC(225) Summary Phase 0.048ms
[55.165s][info][gc,phases,start] GC(225) Adjust Roots
[55.166s][info][gc,phases      ] GC(225) Adjust Roots 0.162ms
[55.166s][info][gc,phases,start] GC(225) Compaction Phase
[55.472s][info][gc,phases      ] GC(225) Compaction Phase 306.057ms
[55.472s][info][gc,phases,start] GC(225) Post Compact
[55.480s][info][gc,phases      ] GC(225) Post Compact 7.777ms
[55.480s][info][gc,heap        ] GC(225) PSYoungGen: 97880K(250880K)->97880K(250880K) Eden: 68096K(68096K)->68096K(68096K) From: 29784K(182784K)->29784K(182784K)
[55.480s][info][gc,heap        ] GC(225) ParOldGen: 4027854K(4027904K)->4027854K(4027904K)
[55.480s][info][gc,metaspace   ] GC(225) Metaspace: 6298K(6464K)->6298K(6464K) NonClass: 5765K(5824K)->5765K(5824K) Class: 533K(640K)->533K(640K)
[55.480s][info][gc             ] GC(225) Pause Full (Ergonomics) 4029M->4029M(4178M) 1270.444ms
[55.480s][info][gc,cpu         ] GC(225) User=9.67s Sys=0.00s Real=1.27s
[55.480s][info][gc,start       ] GC(226) Pause Full (Ergonomics)
[55.480s][info][gc,phases,start] GC(226) Marking Phase
[56.424s][info][gc,phases      ] GC(226) Marking Phase 944.510ms
[56.424s][info][gc,phases,start] GC(226) Summary Phase
[56.425s][info][gc,phases      ] GC(226) Summary Phase 0.047ms
[56.425s][info][gc,phases,start] GC(226) Adjust Roots
[56.425s][info][gc,phases      ] GC(226) Adjust Roots 0.210ms
[56.425s][info][gc,phases,start] GC(226) Compaction Phase
[56.737s][info][gc,phases      ] GC(226) Compaction Phase 312.551ms
[56.737s][info][gc,phases,start] GC(226) Post Compact
[56.745s][info][gc,phases      ] GC(226) Post Compact 7.830ms
[56.745s][info][gc,heap        ] GC(226) PSYoungGen: 97880K(250880K)->97880K(250880K) Eden: 68096K(68096K)->68096K(68096K) From: 29784K(182784K)->29784K(182784K)
[56.745s][info][gc,heap        ] GC(226) ParOldGen: 4027859K(4027904K)->4027859K(4027904K)
[56.745s][info][gc,metaspace   ] GC(226) Metaspace: 6298K(6464K)->6298K(6464K) NonClass: 5765K(5824K)->5765K(5824K) Class: 533K(640K)->533K(640K)
[56.745s][info][gc             ] GC(226) Pause Full (Ergonomics) 4029M->4029M(4178M) 1265.481ms
[56.745s][info][gc,cpu         ] GC(226) User=9.44s Sys=0.02s Real=1.27s
[56.746s][info][gc,start       ] GC(227) Pause Full (Ergonomics)
[56.746s][info][gc,phases,start] GC(227) Marking Phase
[57.698s][info][gc,phases      ] GC(227) Marking Phase 952.734ms
[57.698s][info][gc,phases,start] GC(227) Summary Phase
[57.698s][info][gc,phases      ] GC(227) Summary Phase 0.065ms
[57.698s][info][gc,phases,start] GC(227) Adjust Roots
[57.699s][info][gc,phases      ] GC(227) Adjust Roots 0.189ms
[57.699s][info][gc,phases,start] GC(227) Compaction Phase
[58.006s][info][gc,phases      ] GC(227) Compaction Phase 307.133ms
[58.006s][info][gc,phases,start] GC(227) Post Compact
[58.014s][info][gc,phases      ] GC(227) Post Compact 7.693ms
[58.014s][info][gc,heap        ] GC(227) PSYoungGen: 97880K(250880K)->97880K(250880K) Eden: 68096K(68096K)->68096K(68096K) From: 29784K(182784K)->29784K(182784K)
[58.014s][info][gc,heap        ] GC(227) ParOldGen: 4027864K(4027904K)->4027864K(4027904K)
[58.014s][info][gc,metaspace   ] GC(227) Metaspace: 6298K(6464K)->6298K(6464K) NonClass: 5765K(5824K)->5765K(5824K) Class: 533K(640K)->533K(640K)
[58.014s][info][gc             ] GC(227) Pause Full (Ergonomics) 4029M->4029M(4178M) 1268.182ms
[58.014s][info][gc,cpu         ] GC(227) User=9.53s Sys=0.02s Real=1.27s
[58.014s][info][gc,start       ] GC(228) Pause Full (Ergonomics)
[58.014s][info][gc,phases,start] GC(228) Marking Phase
[58.957s][info][gc,phases      ] GC(228) Marking Phase 942.706ms
[58.957s][info][gc,phases,start] GC(228) Summary Phase
[58.957s][info][gc,phases      ] GC(228) Summary Phase 0.047ms
[58.957s][info][gc,phases,start] GC(228) Adjust Roots
[58.957s][info][gc,phases      ] GC(228) Adjust Roots 0.168ms
[58.957s][info][gc,phases,start] GC(228) Compaction Phase
[59.278s][info][gc,phases      ] GC(228) Compaction Phase 320.655ms
[59.278s][info][gc,phases,start] GC(228) Post Compact
[59.285s][info][gc,phases      ] GC(228) Post Compact 7.559ms
[59.285s][info][gc,heap        ] GC(228) PSYoungGen: 97880K(250880K)->97880K(250880K) Eden: 68096K(68096K)->68096K(68096K) From: 29784K(182784K)->29784K(182784K)
[59.285s][info][gc,heap        ] GC(228) ParOldGen: 4027869K(4027904K)->4027869K(4027904K)
[59.285s][info][gc,metaspace   ] GC(228) Metaspace: 6298K(6464K)->6298K(6464K) NonClass: 5765K(5824K)->5765K(5824K) Class: 533K(640K)->533K(640K)
[59.285s][info][gc             ] GC(228) Pause Full (Ergonomics) 4029M->4029M(4178M) 1271.499ms
[59.285s][info][gc,cpu         ] GC(228) User=9.33s Sys=0.00s Real=1.27s
[59.286s][info][gc,start       ] GC(229) Pause Full (Ergonomics)
[59.286s][info][gc,phases,start] GC(229) Marking Phase
[60.213s][info][gc,phases      ] GC(229) Marking Phase 927.647ms
[60.213s][info][gc,phases,start] GC(229) Summary Phase
[60.213s][info][gc,phases      ] GC(229) Summary Phase 0.056ms
[60.213s][info][gc,phases,start] GC(229) Adjust Roots
[60.214s][info][gc,phases      ] GC(229) Adjust Roots 0.165ms
[60.214s][info][gc,phases,start] GC(229) Compaction Phase
[60.530s][info][gc,phases      ] GC(229) Compaction Phase 316.698ms
[60.530s][info][gc,phases,start] GC(229) Post Compact
[60.538s][info][gc,phases      ] GC(229) Post Compact 7.949ms
[60.538s][info][gc,heap        ] GC(229) PSYoungGen: 97880K(250880K)->97880K(250880K) Eden: 68096K(68096K)->68096K(68096K) From: 29784K(182784K)->29784K(182784K)
[60.539s][info][gc,heap        ] GC(229) ParOldGen: 4027874K(4027904K)->4027874K(4027904K)
[60.539s][info][gc,metaspace   ] GC(229) Metaspace: 6298K(6464K)->6298K(6464K) NonClass: 5765K(5824K)->5765K(5824K) Class: 533K(640K)->533K(640K)
[60.539s][info][gc             ] GC(229) Pause Full (Ergonomics) 4029M->4029M(4178M) 1252.873ms
[60.539s][info][gc,cpu         ] GC(229) User=9.33s Sys=0.00s Real=1.25s
[60.539s][info][gc,start       ] GC(230) Pause Full (Ergonomics)
[60.539s][info][gc,phases,start] GC(230) Marking Phase
[61.494s][info][gc,phases      ] GC(230) Marking Phase 954.802ms
[61.494s][info][gc,phases,start] GC(230) Summary Phase
[61.494s][info][gc,phases      ] GC(230) Summary Phase 0.061ms
[61.494s][info][gc,phases,start] GC(230) Adjust Roots
[61.494s][info][gc,phases      ] GC(230) Adjust Roots 0.205ms
[61.494s][info][gc,phases,start] GC(230) Compaction Phase
[61.809s][info][gc,phases      ] GC(230) Compaction Phase 315.205ms
[61.809s][info][gc,phases,start] GC(230) Post Compact
[61.817s][info][gc,phases      ] GC(230) Post Compact 7.713ms
[61.817s][info][gc,heap        ] GC(230) PSYoungGen: 97880K(250880K)->97880K(250880K) Eden: 68096K(68096K)->68096K(68096K) From: 29784K(182784K)->29784K(182784K)
[61.817s][info][gc,heap        ] GC(230) ParOldGen: 4027878K(4027904K)->4027878K(4027904K)
[61.817s][info][gc,metaspace   ] GC(230) Metaspace: 6298K(6464K)->6298K(6464K) NonClass: 5765K(5824K)->5765K(5824K) Class: 533K(640K)->533K(640K)
[61.817s][info][gc             ] GC(230) Pause Full (Ergonomics) 4029M->4029M(4178M) 1278.358ms
[61.817s][info][gc,cpu         ] GC(230) User=9.67s Sys=0.00s Real=1.28s
[61.817s][info][gc,start       ] GC(231) Pause Full (Ergonomics)
[61.817s][info][gc,phases,start] GC(231) Marking Phase
[62.772s][info][gc,phases      ] GC(231) Marking Phase 955.106ms
[62.773s][info][gc,phases,start] GC(231) Summary Phase
[62.773s][info][gc,phases      ] GC(231) Summary Phase 0.047ms
[62.773s][info][gc,phases,start] GC(231) Adjust Roots
[62.773s][info][gc,phases      ] GC(231) Adjust Roots 0.169ms
[62.773s][info][gc,phases,start] GC(231) Compaction Phase
[63.100s][info][gc,phases      ] GC(231) Compaction Phase 327.562ms
[63.100s][info][gc,phases,start] GC(231) Post Compact
[63.108s][info][gc,phases      ] GC(231) Post Compact 7.413ms
[63.108s][info][gc,heap        ] GC(231) PSYoungGen: 97880K(250880K)->97880K(250880K) Eden: 68096K(68096K)->68096K(68096K) From: 29784K(182784K)->29784K(182784K)
[63.108s][info][gc,heap        ] GC(231) ParOldGen: 4027883K(4027904K)->4027883K(4027904K)
[63.108s][info][gc,metaspace   ] GC(231) Metaspace: 6298K(6464K)->6298K(6464K) NonClass: 5765K(5824K)->5765K(5824K) Class: 533K(640K)->533K(640K)
[63.108s][info][gc             ] GC(231) Pause Full (Ergonomics) 4029M->4029M(4178M) 1290.622ms
[63.108s][info][gc,cpu         ] GC(231) User=9.66s Sys=0.00s Real=1.29s
[63.108s][info][gc,start       ] GC(232) Pause Full (Ergonomics)
[63.108s][info][gc,phases,start] GC(232) Marking Phase
[64.053s][info][gc,phases      ] GC(232) Marking Phase 944.565ms
[64.053s][info][gc,phases,start] GC(232) Summary Phase
[64.053s][info][gc,phases      ] GC(232) Summary Phase 0.047ms
[64.053s][info][gc,phases,start] GC(232) Adjust Roots
[64.053s][info][gc,phases      ] GC(232) Adjust Roots 0.191ms
[64.053s][info][gc,phases,start] GC(232) Compaction Phase
[64.404s][info][gc,phases      ] GC(232) Compaction Phase 350.479ms
[64.404s][info][gc,phases,start] GC(232) Post Compact
[64.411s][info][gc,phases      ] GC(232) Post Compact 7.493ms
[64.411s][info][gc,heap        ] GC(232) PSYoungGen: 97880K(250880K)->97880K(250880K) Eden: 68096K(68096K)->68096K(68096K) From: 29784K(182784K)->29784K(182784K)
[64.411s][info][gc,heap        ] GC(232) ParOldGen: 4027888K(4027904K)->4027888K(4027904K)
[64.411s][info][gc,metaspace   ] GC(232) Metaspace: 6298K(6464K)->6298K(6464K) NonClass: 5765K(5824K)->5765K(5824K) Class: 533K(640K)->533K(640K)
[64.411s][info][gc             ] GC(232) Pause Full (Ergonomics) 4029M->4029M(4178M) 1303.151ms
[64.411s][info][gc,cpu         ] GC(232) User=9.41s Sys=0.00s Real=1.30s
[64.411s][info][gc,start       ] GC(233) Pause Full (Ergonomics)
[64.412s][info][gc,phases,start] GC(233) Marking Phase
[65.353s][info][gc,phases      ] GC(233) Marking Phase 941.707ms
[65.353s][info][gc,phases,start] GC(233) Summary Phase
[65.353s][info][gc,phases      ] GC(233) Summary Phase 0.047ms
[65.353s][info][gc,phases,start] GC(233) Adjust Roots
[65.353s][info][gc,phases      ] GC(233) Adjust Roots 0.160ms
[65.354s][info][gc,phases,start] GC(233) Compaction Phase
[65.686s][info][gc,phases      ] GC(233) Compaction Phase 332.175ms
[65.686s][info][gc,phases,start] GC(233) Post Compact
[65.694s][info][gc,phases      ] GC(233) Post Compact 7.974ms
[65.694s][info][gc,heap        ] GC(233) PSYoungGen: 97880K(250880K)->97880K(250880K) Eden: 68096K(68096K)->68096K(68096K) From: 29784K(182784K)->29784K(182784K)
[65.694s][info][gc,heap        ] GC(233) ParOldGen: 4027893K(4027904K)->4027893K(4027904K)
[65.694s][info][gc,metaspace   ] GC(233) Metaspace: 6298K(6464K)->6298K(6464K) NonClass: 5765K(5824K)->5765K(5824K) Class: 533K(640K)->533K(640K)
[65.694s][info][gc             ] GC(233) Pause Full (Ergonomics) 4029M->4029M(4178M) 1282.406ms
[65.694s][info][gc,cpu         ] GC(233) User=9.48s Sys=0.00s Real=1.28s
[65.694s][info][gc,start       ] GC(234) Pause Full (Ergonomics)
[65.694s][info][gc,phases,start] GC(234) Marking Phase
[66.634s][info][gc,phases      ] GC(234) Marking Phase 940.144ms
[66.634s][info][gc,phases,start] GC(234) Summary Phase
[66.634s][info][gc,phases      ] GC(234) Summary Phase 0.067ms
[66.634s][info][gc,phases,start] GC(234) Adjust Roots
[66.635s][info][gc,phases      ] GC(234) Adjust Roots 0.171ms
[66.635s][info][gc,phases,start] GC(234) Compaction Phase
[66.951s][info][gc,phases      ] GC(234) Compaction Phase 315.874ms
[66.951s][info][gc,phases,start] GC(234) Post Compact
[66.958s][info][gc,phases      ] GC(234) Post Compact 7.579ms
[66.958s][info][gc,heap        ] GC(234) PSYoungGen: 97880K(250880K)->97880K(250880K) Eden: 68096K(68096K)->68096K(68096K) From: 29784K(182784K)->29784K(182784K)
[66.958s][info][gc,heap        ] GC(234) ParOldGen: 4027898K(4027904K)->4027898K(4027904K)
[66.958s][info][gc,metaspace   ] GC(234) Metaspace: 6298K(6464K)->6298K(6464K) NonClass: 5765K(5824K)->5765K(5824K) Class: 533K(640K)->533K(640K)
[66.958s][info][gc             ] GC(234) Pause Full (Ergonomics) 4029M->4029M(4178M) 1264.196ms
[66.958s][info][gc,cpu         ] GC(234) User=9.59s Sys=0.00s Real=1.26s
[66.959s][info][gc,start       ] GC(235) Pause Full (Ergonomics)
[66.959s][info][gc,phases,start] GC(235) Marking Phase
[67.909s][info][gc,phases      ] GC(235) Marking Phase 950.211ms
[67.909s][info][gc,phases,start] GC(235) Summary Phase
[67.909s][info][gc,phases      ] GC(235) Summary Phase 0.048ms
[67.909s][info][gc,phases,start] GC(235) Adjust Roots
[67.909s][info][gc,phases      ] GC(235) Adjust Roots 0.220ms
[67.909s][info][gc,phases,start] GC(235) Compaction Phase
[68.227s][info][gc,phases      ] GC(235) Compaction Phase 317.734ms
[68.227s][info][gc,phases,start] GC(235) Post Compact
[68.235s][info][gc,phases      ] GC(235) Post Compact 7.941ms
[68.235s][info][gc,heap        ] GC(235) PSYoungGen: 97880K(250880K)->97880K(250880K) Eden: 68096K(68096K)->68096K(68096K) From: 29784K(182784K)->29784K(182784K)
[68.235s][info][gc,heap        ] GC(235) ParOldGen: 4027903K(4027904K)->4027903K(4027904K)
[68.235s][info][gc,metaspace   ] GC(235) Metaspace: 6298K(6464K)->6298K(6464K) NonClass: 5765K(5824K)->5765K(5824K) Class: 533K(640K)->533K(640K)
[68.235s][info][gc             ] GC(235) Pause Full (Ergonomics) 4029M->4029M(4178M) 1276.519ms
[68.235s][info][gc,cpu         ] GC(235) User=9.62s Sys=0.00s Real=1.28s
[68.235s][info][gc,start       ] GC(236) Pause Full (Ergonomics)
[68.235s][info][gc,phases,start] GC(236) Marking Phase
[69.209s][info][gc,phases      ] GC(236) Marking Phase 974.246ms
[69.210s][info][gc,phases,start] GC(236) Summary Phase
[69.210s][info][gc,phases      ] GC(236) Summary Phase 0.048ms
[69.210s][info][gc,phases,start] GC(236) Adjust Roots
[69.210s][info][gc,phases      ] GC(236) Adjust Roots 0.166ms
[69.210s][info][gc,phases,start] GC(236) Compaction Phase
[69.549s][info][gc,phases      ] GC(236) Compaction Phase 338.879ms
[69.549s][info][gc,phases,start] GC(236) Post Compact
[69.556s][info][gc,phases      ] GC(236) Post Compact 7.740ms
[69.557s][info][gc,heap        ] GC(236) PSYoungGen: 97880K(250880K)->97880K(250880K) Eden: 68096K(68096K)->68096K(68096K) From: 29784K(182784K)->29784K(182784K)
[69.557s][info][gc,heap        ] GC(236) ParOldGen: 4027903K(4027904K)->4027903K(4027904K)
[69.557s][info][gc,metaspace   ] GC(236) Metaspace: 6298K(6464K)->6298K(6464K) NonClass: 5765K(5824K)->5765K(5824K) Class: 533K(640K)->533K(640K)
[69.557s][info][gc             ] GC(236) Pause Full (Ergonomics) 4029M->4029M(4178M) 1321.415ms
[69.557s][info][gc,cpu         ] GC(236) User=9.67s Sys=0.00s Real=1.32s
[69.557s][info][gc,start       ] GC(237) Pause Full (Allocation Failure)
[69.557s][info][gc,phases,start] GC(237) Marking Phase
[70.518s][info][gc,phases      ] GC(237) Marking Phase 961.799ms
[70.519s][info][gc,phases,start] GC(237) Summary Phase
[70.519s][info][gc,phases      ] GC(237) Summary Phase 0.049ms
[70.519s][info][gc,phases,start] GC(237) Adjust Roots
[70.519s][info][gc,phases      ] GC(237) Adjust Roots 0.455ms
[70.519s][info][gc,phases,start] GC(237) Compaction Phase
[71.553s][info][gc,phases      ] GC(237) Compaction Phase 1033.712ms
[71.553s][info][gc,phases,start] GC(237) Post Compact
[71.561s][info][gc,phases      ] GC(237) Post Compact 7.652ms
[71.561s][info][gc,heap        ] GC(237) PSYoungGen: 97880K(250880K)->97880K(250880K) Eden: 68096K(68096K)->68096K(68096K) From: 29784K(182784K)->29784K(182784K)
[71.561s][info][gc,heap        ] GC(237) ParOldGen: 4027903K(4027904K)->4027899K(4027904K)
[71.561s][info][gc,metaspace   ] GC(237) Metaspace: 6298K(6464K)->6297K(6464K) NonClass: 5765K(5824K)->5764K(5824K) Class: 533K(640K)->532K(640K)
[71.561s][info][gc             ] GC(237) Pause Full (Allocation Failure) 4029M->4029M(4178M) 2004.024ms
[71.561s][info][gc,cpu         ] GC(237) User=14.92s Sys=0.02s Real=2.00s
[71.561s][info][gc,start       ] GC(238) Pause Full (Ergonomics)
[71.561s][info][gc,phases,start] GC(238) Marking Phase
[72.504s][info][gc,phases      ] GC(238) Marking Phase 942.947ms
[72.504s][info][gc,phases,start] GC(238) Summary Phase
[72.504s][info][gc,phases      ] GC(238) Summary Phase 0.062ms
[72.504s][info][gc,phases,start] GC(238) Adjust Roots
[72.505s][info][gc,phases      ] GC(238) Adjust Roots 0.220ms
[72.505s][info][gc,phases,start] GC(238) Compaction Phase
[72.814s][info][gc,phases      ] GC(238) Compaction Phase 308.974ms
[72.814s][info][gc,phases,start] GC(238) Post Compact
[72.822s][info][gc,phases      ] GC(238) Post Compact 8.196ms
[72.822s][info][gc,heap        ] GC(238) PSYoungGen: 97880K(250880K)->97880K(250880K) Eden: 68096K(68096K)->68096K(68096K) From: 29784K(182784K)->29784K(182784K)
[72.822s][info][gc,heap        ] GC(238) ParOldGen: 4027903K(4027904K)->4027903K(4027904K)
[72.822s][info][gc,metaspace   ] GC(238) Metaspace: 6297K(6464K)->6297K(6464K) NonClass: 5764K(5824K)->5764K(5824K) Class: 532K(640K)->532K(640K)
[72.822s][info][gc             ] GC(238) Pause Full (Ergonomics) 4029M->4029M(4178M) 1260.828ms
[72.822s][info][gc,cpu         ] GC(238) User=9.23s Sys=0.00s Real=1.26s
[72.823s][info][gc,start       ] GC(239) Pause Full (Ergonomics)
[72.823s][info][gc,phases,start] GC(239) Marking Phase
[73.782s][info][gc,phases      ] GC(239) Marking Phase 958.931ms
[73.782s][info][gc,phases,start] GC(239) Summary Phase
[73.782s][info][gc,phases      ] GC(239) Summary Phase 0.048ms
[73.782s][info][gc,phases,start] GC(239) Adjust Roots
[73.782s][info][gc,phases      ] GC(239) Adjust Roots 0.170ms
[73.782s][info][gc,phases,start] GC(239) Compaction Phase
[74.085s][info][gc,phases      ] GC(239) Compaction Phase 303.436ms
[74.085s][info][gc,phases,start] GC(239) Post Compact
[74.093s][info][gc,phases      ] GC(239) Post Compact 7.531ms
[74.093s][info][gc,heap        ] GC(239) PSYoungGen: 97880K(250880K)->97880K(250880K) Eden: 68096K(68096K)->68096K(68096K) From: 29784K(182784K)->29784K(182784K)
[74.093s][info][gc,heap        ] GC(239) ParOldGen: 4027903K(4027904K)->4027903K(4027904K)
[74.093s][info][gc,metaspace   ] GC(239) Metaspace: 6297K(6464K)->6297K(6464K) NonClass: 5764K(5824K)->5764K(5824K) Class: 532K(640K)->532K(640K)
[74.093s][info][gc             ] GC(239) Pause Full (Ergonomics) 4029M->4029M(4178M) 1270.577ms
[74.093s][info][gc,cpu         ] GC(239) User=9.59s Sys=0.00s Real=1.27s
[74.093s][info][gc,start       ] GC(240) Pause Full (Allocation Failure)
[74.093s][info][gc,phases,start] GC(240) Marking Phase
[75.041s][info][gc,phases      ] GC(240) Marking Phase 947.380ms
[75.041s][info][gc,phases,start] GC(240) Summary Phase
[75.041s][info][gc,phases      ] GC(240) Summary Phase 0.058ms
[75.041s][info][gc,phases,start] GC(240) Adjust Roots
[75.041s][info][gc,phases      ] GC(240) Adjust Roots 0.210ms
[75.041s][info][gc,phases,start] GC(240) Compaction Phase
[75.384s][info][gc,phases      ] GC(240) Compaction Phase 342.884ms
[75.384s][info][gc,phases,start] GC(240) Post Compact
[75.392s][info][gc,phases      ] GC(240) Post Compact 7.651ms
[75.392s][info][gc,heap        ] GC(240) PSYoungGen: 97880K(250880K)->97880K(250880K) Eden: 68096K(68096K)->68096K(68096K) From: 29784K(182784K)->29784K(182784K)
[75.392s][info][gc,heap        ] GC(240) ParOldGen: 4027903K(4027904K)->4027903K(4027904K)
[75.392s][info][gc,metaspace   ] GC(240) Metaspace: 6297K(6464K)->6297K(6464K) NonClass: 5764K(5824K)->5764K(5824K) Class: 532K(640K)->532K(640K)
[75.392s][info][gc             ] GC(240) Pause Full (Allocation Failure) 4029M->4029M(4178M) 1298.508ms
[75.392s][info][gc,cpu         ] GC(240) User=9.58s Sys=0.00s Real=1.30s
[75.392s][info][gc,start       ] GC(241) Pause Full (Ergonomics)
[75.392s][info][gc,phases,start] GC(241) Marking Phase
[76.362s][info][gc,phases      ] GC(241) Marking Phase 969.601ms
[76.362s][info][gc,phases,start] GC(241) Summary Phase
[76.362s][info][gc,phases      ] GC(241) Summary Phase 0.049ms
[76.362s][info][gc,phases,start] GC(241) Adjust Roots
[76.362s][info][gc,phases      ] GC(241) Adjust Roots 0.237ms
[76.362s][info][gc,phases,start] GC(241) Compaction Phase
[77.386s][info][gc,phases      ] GC(241) Compaction Phase 1024.246ms
[77.386s][info][gc,phases,start] GC(241) Post Compact
[77.394s][info][gc,phases      ] GC(241) Post Compact 7.869ms
[77.394s][info][gc,heap        ] GC(241) PSYoungGen: 97880K(250880K)->97880K(250880K) Eden: 68096K(68096K)->68096K(68096K) From: 29784K(182784K)->29784K(182784K)
[77.394s][info][gc,heap        ] GC(241) ParOldGen: 4027904K(4027904K)->4027902K(4027904K)
[77.394s][info][gc,metaspace   ] GC(241) Metaspace: 6297K(6464K)->6297K(6464K) NonClass: 5764K(5824K)->5764K(5824K) Class: 532K(640K)->532K(640K)
[77.394s][info][gc             ] GC(241) Pause Full (Ergonomics) 4029M->4029M(4178M) 2002.340ms
[77.394s][info][gc,cpu         ] GC(241) User=14.59s Sys=0.00s Real=2.00s
[77.396s][info][gc,start       ] GC(242) Pause Full (Ergonomics)
[77.396s][info][gc,phases,start] GC(242) Marking Phase
[78.362s][info][gc,phases      ] GC(242) Marking Phase 966.612ms
[78.362s][info][gc,phases,start] GC(242) Summary Phase
[78.362s][info][gc,phases      ] GC(242) Summary Phase 0.048ms
[78.362s][info][gc,phases,start] GC(242) Adjust Roots
[78.363s][info][gc,phases      ] GC(242) Adjust Roots 0.322ms
[78.363s][info][gc,phases,start] GC(242) Compaction Phase
[79.409s][info][gc,phases      ] GC(242) Compaction Phase 1046.310ms
[79.409s][info][gc,phases,start] GC(242) Post Compact
[79.417s][info][gc,phases      ] GC(242) Post Compact 7.873ms
[79.417s][info][gc,heap        ] GC(242) PSYoungGen: 97880K(250880K)->97880K(250880K) Eden: 68096K(68096K)->68096K(68096K) From: 29784K(182784K)->29784K(182784K)
[79.417s][info][gc,heap        ] GC(242) ParOldGen: 4027903K(4027904K)->4027900K(4027904K)
[79.417s][info][gc,metaspace   ] GC(242) Metaspace: 6298K(6464K)->6298K(6464K) NonClass: 5764K(5824K)->5764K(5824K) Class: 533K(640K)->533K(640K)
[79.417s][info][gc             ] GC(242) Pause Full (Ergonomics) 4029M->4029M(4178M) 2021.538ms
[79.417s][info][gc,cpu         ] GC(242) User=15.06s Sys=0.00s Real=2.02s
[79.418s][info][gc,heap,exit   ] Heap
[79.418s][info][gc,heap,exit   ]  PSYoungGen      total 250880K, used 97880K [0x0000000785180000, 0x00000007a0680000, 0x0000000800000000)
[79.418s][info][gc,heap,exit   ]   eden space 68096K, 100% used [0x0000000785180000,0x0000000789400000,0x0000000789400000)
[79.418s][info][gc,heap,exit   ]   from space 182784K, 16% used [0x0000000794900000,0x0000000796616180,0x000000079fb80000)
[79.418s][info][gc,heap,exit   ]   to   space 185344K, 0% used [0x0000000789400000,0x0000000789400000,0x0000000794900000)
[79.418s][info][gc,heap,exit   ]  ParOldGen       total 4027904K, used 4027901K [0x000000068f400000, 0x0000000785180000, 0x0000000785180000)
[79.418s][info][gc,heap,exit   ]   object space 4027904K, 99% used [0x000000068f400000,0x000000078517f748,0x0000000785180000)
[79.418s][info][gc,heap,exit   ]  Metaspace       used 6301K, committed 6464K, reserved 1114112K
[79.418s][info][gc,heap,exit   ]   class space    used 534K, committed 640K, reserved 1048576K
