[0.013s][info][gc,init] CardTable entry size: 512
[0.013s][info][gc     ] Using Serial
[0.014s][info][gc,init] Version: 18.0.1+10 (release)
[0.014s][info][gc,init] CPUs: 8 total, 8 available
[0.014s][info][gc,init] Memory: 16063M
[0.014s][info][gc,init] Large Page Support: Disabled
[0.014s][info][gc,init] NUMA Support: Disabled
[0.014s][info][gc,init] Compressed Oops: Enabled (Zero based)
[0.014s][info][gc,init] Heap Min Capacity: 2M
[0.014s][info][gc,init] Heap Initial Capacity: 2M
[0.014s][info][gc,init] Heap Max Capacity: 6900M
[0.014s][info][gc,init] Pre-touch: Disabled
[0.014s][info][gc,metaspace] CDS archive(s) not mapped
[0.014s][info][gc,metaspace] Compressed class space mapped at: 0x0000000800000000-0x0000000840000000, reserved size: 1073741824
[0.014s][info][gc,metaspace] Narrow klass base: 0x0000000800000000, Narrow klass shift: 0, Narrow klass range: 0x40000000
[0.192s][info][gc,start    ] GC(0) Pause Young (Allocation Failure)
[0.194s][info][gc,heap     ] GC(0) DefNew: 1023K(1152K)->127K(1152K) Eden: 1023K(1024K)->0K(1024K) From: 0K(128K)->127K(128K)
[0.194s][info][gc,heap     ] GC(0) Tenured: 0K(768K)->439K(768K)
[0.194s][info][gc,metaspace] GC(0) Metaspace: 5899K(6016K)->5899K(6016K) NonClass: 5399K(5504K)->5399K(5504K) Class: 499K(512K)->499K(512K)
[0.194s][info][gc          ] GC(0) Pause Young (Allocation Failure) 0M->0M(1M) 1.721ms
[0.194s][info][gc,cpu      ] GC(0) User=0.00s Sys=0.00s Real=0.00s
[0.213s][info][gc,start    ] GC(1) Pause Young (Allocation Failure)
[0.215s][info][gc          ] GC(1) Pause Young (Allocation Failure) 1M->0M(2M) 1.377ms
[0.215s][info][gc,cpu      ] GC(1) User=0.00s Sys=0.00s Real=0.00s
[0.215s][info][gc,start    ] GC(2) Pause Full (Allocation Failure)
[0.215s][info][gc,phases,start] GC(2) Phase 1: Mark live objects
[0.216s][info][gc,phases      ] GC(2) Phase 1: Mark live objects 1.103ms
[0.216s][info][gc,phases,start] GC(2) Phase 2: Compute new object addresses
[0.216s][info][gc,phases      ] GC(2) Phase 2: Compute new object addresses 0.292ms
[0.216s][info][gc,phases,start] GC(2) Phase 3: Adjust pointers
[0.217s][info][gc,phases      ] GC(2) Phase 3: Adjust pointers 0.621ms
[0.217s][info][gc,phases,start] GC(2) Phase 4: Move objects
[0.217s][info][gc,phases      ] GC(2) Phase 4: Move objects 0.084ms
[0.217s][info][gc,heap        ] GC(2) DefNew: 1151K(1152K)->40K(1152K) Eden: 1024K(1024K)->40K(1024K) From: 127K(128K)->0K(128K)
[0.217s][info][gc,heap        ] GC(2) Tenured: 439K(768K)->959K(1600K)
[0.217s][info][gc,metaspace   ] GC(2) Metaspace: 6295K(6464K)->6295K(6464K) NonClass: 5761K(5824K)->5761K(5824K) Class: 533K(640K)->533K(640K)
[0.217s][info][gc             ] GC(2) Pause Full (Allocation Failure) 0M->0M(2M) 2.431ms
[0.217s][info][gc,cpu         ] GC(2) User=0.00s Sys=0.00s Real=0.00s
[0.219s][info][gc,start       ] GC(3) Pause Young (Allocation Failure)
[0.220s][info][gc,heap        ] GC(3) DefNew: 1024K(1152K)->128K(1152K) Eden: 1024K(1024K)->0K(1024K) From: 0K(128K)->128K(128K)
[0.220s][info][gc,heap        ] GC(3) Tenured: 959K(1600K)->1375K(1600K)
[0.220s][info][gc,metaspace   ] GC(3) Metaspace: 6295K(6464K)->6295K(6464K) NonClass: 5761K(5824K)->5761K(5824K) Class: 533K(640K)->533K(640K)
[0.220s][info][gc             ] GC(3) Pause Young (Allocation Failure) 1M->1M(2M) 1.452ms
[0.220s][info][gc,cpu         ] GC(3) User=0.00s Sys=0.00s Real=0.00s
[0.221s][info][gc,start       ] GC(4) Pause Young (Allocation Failure)
[0.222s][info][gc             ] GC(4) Pause Young (Allocation Failure) 2M->1M(3M) 1.174ms
[0.222s][info][gc,cpu         ] GC(4) User=0.00s Sys=0.00s Real=0.00s
[0.222s][info][gc,start       ] GC(5) Pause Full (Allocation Failure)
[0.222s][info][gc,phases,start] GC(5) Phase 1: Mark live objects
[0.224s][info][gc,phases      ] GC(5) Phase 1: Mark live objects 1.640ms
[0.224s][info][gc,phases,start] GC(5) Phase 2: Compute new object addresses
[0.225s][info][gc,phases      ] GC(5) Phase 2: Compute new object addresses 0.447ms
[0.225s][info][gc,phases,start] GC(5) Phase 3: Adjust pointers
[0.225s][info][gc,phases      ] GC(5) Phase 3: Adjust pointers 0.731ms
[0.225s][info][gc,phases,start] GC(5) Phase 4: Move objects
[0.226s][info][gc,phases      ] GC(5) Phase 4: Move objects 0.079ms
[0.226s][info][gc,heap        ] GC(5) DefNew: 1152K(1152K)->35K(1536K) Eden: 1024K(1024K)->35K(1408K) From: 128K(128K)->0K(128K)
[0.226s][info][gc,heap        ] GC(5) Tenured: 1375K(1600K)->1983K(3308K)
[0.226s][info][gc,metaspace   ] GC(5) Metaspace: 6295K(6464K)->6295K(6464K) NonClass: 5761K(5824K)->5761K(5824K) Class: 533K(640K)->533K(640K)
[0.226s][info][gc             ] GC(5) Pause Full (Allocation Failure) 1M->1M(4M) 3.255ms
[0.226s][info][gc,cpu         ] GC(5) User=0.00s Sys=0.00s Real=0.00s
[0.228s][info][gc,start       ] GC(6) Pause Young (Allocation Failure)
[0.230s][info][gc,heap        ] GC(6) DefNew: 1407K(1536K)->127K(1536K) Eden: 1407K(1408K)->0K(1408K) From: 0K(128K)->127K(128K)
[0.230s][info][gc,heap        ] GC(6) Tenured: 1983K(3308K)->2617K(3308K)
[0.230s][info][gc,metaspace   ] GC(6) Metaspace: 6295K(6464K)->6295K(6464K) NonClass: 5761K(5824K)->5761K(5824K) Class: 533K(640K)->533K(640K)
[0.230s][info][gc             ] GC(6) Pause Young (Allocation Failure) 3M->2M(4M) 2.107ms
[0.230s][info][gc,cpu         ] GC(6) User=0.00s Sys=0.00s Real=0.00s
[0.232s][info][gc,start       ] GC(7) Pause Young (Allocation Failure)
[0.233s][info][gc             ] GC(7) Pause Young (Allocation Failure) 4M->3M(4M) 1.691ms
[0.233s][info][gc,cpu         ] GC(7) User=0.00s Sys=0.00s Real=0.00s
[0.233s][info][gc,start       ] GC(8) Pause Full (Allocation Failure)
[0.233s][info][gc,phases,start] GC(8) Phase 1: Mark live objects
[0.236s][info][gc,phases      ] GC(8) Phase 1: Mark live objects 2.248ms
[0.236s][info][gc,phases,start] GC(8) Phase 2: Compute new object addresses
[0.236s][info][gc,phases      ] GC(8) Phase 2: Compute new object addresses 0.656ms
[0.236s][info][gc,phases,start] GC(8) Phase 3: Adjust pointers
[0.238s][info][gc,phases      ] GC(8) Phase 3: Adjust pointers 1.086ms
[0.238s][info][gc,phases,start] GC(8) Phase 4: Move objects
[0.238s][info][gc,phases      ] GC(8) Phase 4: Move objects 0.083ms
[0.238s][info][gc,heap        ] GC(8) DefNew: 1535K(1536K)->0K(2688K) Eden: 1408K(1408K)->0K(2432K) From: 127K(128K)->0K(256K)
[0.238s][info][gc,heap        ] GC(8) Tenured: 2617K(3308K)->3460K(5768K)
[0.238s][info][gc,metaspace   ] GC(8) Metaspace: 6295K(6464K)->6295K(6464K) NonClass: 5761K(5824K)->5761K(5824K) Class: 533K(640K)->533K(640K)
[0.238s][info][gc             ] GC(8) Pause Full (Allocation Failure) 3M->3M(8M) 4.393ms
[0.238s][info][gc,cpu         ] GC(8) User=0.00s Sys=0.00s Real=0.00s
[0.241s][info][gc,start       ] GC(9) Pause Young (Allocation Failure)
[0.244s][info][gc,heap        ] GC(9) DefNew: 2431K(2688K)->255K(2688K) Eden: 2431K(2432K)->0K(2432K) From: 0K(256K)->255K(256K)
[0.244s][info][gc,heap        ] GC(9) Tenured: 3460K(5768K)->4512K(5768K)
[0.244s][info][gc,metaspace   ] GC(9) Metaspace: 6295K(6464K)->6295K(6464K) NonClass: 5761K(5824K)->5761K(5824K) Class: 533K(640K)->533K(640K)
[0.244s][info][gc             ] GC(9) Pause Young (Allocation Failure) 5M->4M(8M) 2.889ms
[0.244s][info][gc,cpu         ] GC(9) User=0.00s Sys=0.00s Real=0.00s
[0.246s][info][gc,start       ] GC(10) Pause Young (Allocation Failure)
[0.249s][info][gc,heap        ] GC(10) DefNew: 2687K(2688K)->255K(2688K) Eden: 2432K(2432K)->0K(2432K) From: 255K(256K)->255K(256K)
[0.249s][info][gc,heap        ] GC(10) Tenured: 4512K(5768K)->5755K(5768K)
[0.249s][info][gc,metaspace   ] GC(10) Metaspace: 6295K(6464K)->6295K(6464K) NonClass: 5761K(5824K)->5761K(5824K) Class: 533K(640K)->533K(640K)
[0.249s][info][gc             ] GC(10) Pause Young (Allocation Failure) 7M->5M(8M) 2.889ms
[0.249s][info][gc,cpu         ] GC(10) User=0.00s Sys=0.00s Real=0.00s
[0.253s][info][gc,start       ] GC(11) Pause Young (Allocation Failure)
[0.256s][info][gc             ] GC(11) Pause Young (Allocation Failure) 8M->7M(9M) 3.524ms
[0.257s][info][gc,cpu         ] GC(11) User=0.00s Sys=0.00s Real=0.00s
[0.257s][info][gc,start       ] GC(12) Pause Full (Allocation Failure)
[0.257s][info][gc,phases,start] GC(12) Phase 1: Mark live objects
[0.261s][info][gc,phases      ] GC(12) Phase 1: Mark live objects 4.537ms
[0.261s][info][gc,phases,start] GC(12) Phase 2: Compute new object addresses
[0.263s][info][gc,phases      ] GC(12) Phase 2: Compute new object addresses 1.320ms
[0.263s][info][gc,phases,start] GC(12) Phase 3: Adjust pointers
[0.264s][info][gc,phases      ] GC(12) Phase 3: Adjust pointers 1.822ms
[0.265s][info][gc,phases,start] GC(12) Phase 4: Move objects
[0.266s][info][gc,phases      ] GC(12) Phase 4: Move objects 1.319ms
[0.266s][info][gc,heap        ] GC(12) DefNew: 2687K(2688K)->0K(5376K) Eden: 2432K(2432K)->0K(4800K) From: 255K(256K)->0K(576K)
[0.266s][info][gc,heap        ] GC(12) Tenured: 5755K(5768K)->7132K(11888K)
[0.266s][info][gc,metaspace   ] GC(12) Metaspace: 6295K(6464K)->6295K(6464K) NonClass: 5761K(5824K)->5761K(5824K) Class: 533K(640K)->533K(640K)
[0.266s][info][gc             ] GC(12) Pause Full (Allocation Failure) 7M->6M(16M) 9.665ms
[0.266s][info][gc,cpu         ] GC(12) User=0.00s Sys=0.00s Real=0.01s
[0.272s][info][gc,start       ] GC(13) Pause Young (Allocation Failure)
[0.277s][info][gc,heap        ] GC(13) DefNew: 4800K(5376K)->575K(5376K) Eden: 4800K(4800K)->0K(4800K) From: 0K(576K)->575K(576K)
[0.277s][info][gc,heap        ] GC(13) Tenured: 7132K(11888K)->9027K(11888K)
[0.277s][info][gc,metaspace   ] GC(13) Metaspace: 6295K(6464K)->6295K(6464K) NonClass: 5761K(5824K)->5761K(5824K) Class: 533K(640K)->533K(640K)
[0.277s][info][gc             ] GC(13) Pause Young (Allocation Failure) 11M->9M(16M) 5.387ms
[0.277s][info][gc,cpu         ] GC(13) User=0.00s Sys=0.00s Real=0.01s
[0.282s][info][gc,start       ] GC(14) Pause Young (Allocation Failure)
[0.289s][info][gc,heap        ] GC(14) DefNew: 5375K(5376K)->576K(5376K) Eden: 4800K(4800K)->0K(4800K) From: 575K(576K)->576K(576K)
[0.289s][info][gc,heap        ] GC(14) Tenured: 9027K(11888K)->11746K(11888K)
[0.289s][info][gc,metaspace   ] GC(14) Metaspace: 6295K(6464K)->6295K(6464K) NonClass: 5761K(5824K)->5761K(5824K) Class: 533K(640K)->533K(640K)
[0.289s][info][gc             ] GC(14) Pause Young (Allocation Failure) 14M->12M(16M) 6.576ms
[0.289s][info][gc,cpu         ] GC(14) User=0.00s Sys=0.00s Real=0.01s
[0.293s][info][gc,start       ] GC(15) Pause Young (Allocation Failure)
[0.298s][info][gc             ] GC(15) Pause Young (Allocation Failure) 16M->14M(19M) 5.596ms
[0.299s][info][gc,cpu         ] GC(15) User=0.00s Sys=0.00s Real=0.01s
[0.299s][info][gc,start       ] GC(16) Pause Full (Allocation Failure)
[0.299s][info][gc,phases,start] GC(16) Phase 1: Mark live objects
[0.306s][info][gc,phases      ] GC(16) Phase 1: Mark live objects 7.685ms
[0.306s][info][gc,phases,start] GC(16) Phase 2: Compute new object addresses
[0.309s][info][gc,phases      ] GC(16) Phase 2: Compute new object addresses 2.354ms
[0.309s][info][gc,phases,start] GC(16) Phase 3: Adjust pointers
[0.312s][info][gc,phases      ] GC(16) Phase 3: Adjust pointers 3.055ms
[0.312s][info][gc,phases,start] GC(16) Phase 4: Move objects
[0.312s][info][gc,phases      ] GC(16) Phase 4: Move objects 0.173ms
[0.312s][info][gc,heap        ] GC(16) DefNew: 5376K(5376K)->386K(10880K) Eden: 4800K(4800K)->386K(9728K) From: 576K(576K)->0K(1152K)
[0.312s][info][gc,heap        ] GC(16) Tenured: 11746K(11888K)->14384K(23976K)
[0.312s][info][gc,metaspace   ] GC(16) Metaspace: 6297K(6464K)->6297K(6464K) NonClass: 5763K(5824K)->5763K(5824K) Class: 533K(640K)->533K(640K)
[0.312s][info][gc             ] GC(16) Pause Full (Allocation Failure) 14M->14M(34M) 13.641ms
[0.312s][info][gc,cpu         ] GC(16) User=0.02s Sys=0.00s Real=0.01s
[0.321s][info][gc,start       ] GC(17) Pause Young (Allocation Failure)
[0.333s][info][gc,heap        ] GC(17) DefNew: 9728K(10880K)->1151K(10880K) Eden: 9728K(9728K)->0K(9728K) From: 0K(1152K)->1151K(1152K)
[0.333s][info][gc,heap        ] GC(17) Tenured: 14384K(23976K)->18415K(23976K)
[0.333s][info][gc,metaspace   ] GC(17) Metaspace: 6297K(6464K)->6297K(6464K) NonClass: 5763K(5824K)->5763K(5824K) Class: 533K(640K)->533K(640K)
[0.333s][info][gc             ] GC(17) Pause Young (Allocation Failure) 23M->19M(34M) 12.599ms
[0.333s][info][gc,cpu         ] GC(17) User=0.00s Sys=0.00s Real=0.01s
[0.340s][info][gc,start       ] GC(18) Pause Young (Allocation Failure)
[0.352s][info][gc,heap        ] GC(18) DefNew: 10879K(10880K)->1151K(10880K) Eden: 9728K(9728K)->0K(9728K) From: 1151K(1152K)->1151K(1152K)
[0.352s][info][gc,heap        ] GC(18) Tenured: 18415K(23976K)->23936K(23976K)
[0.352s][info][gc,metaspace   ] GC(18) Metaspace: 6297K(6464K)->6297K(6464K) NonClass: 5763K(5824K)->5763K(5824K) Class: 533K(640K)->533K(640K)
[0.352s][info][gc             ] GC(18) Pause Young (Allocation Failure) 28M->24M(34M) 11.766ms
[0.352s][info][gc,cpu         ] GC(18) User=0.00s Sys=0.00s Real=0.01s
[0.359s][info][gc,start       ] GC(19) Pause Young (Allocation Failure)
[0.371s][info][gc             ] GC(19) Pause Young (Allocation Failure) 34M->29M(38M) 11.489ms
[0.371s][info][gc,cpu         ] GC(19) User=0.00s Sys=0.00s Real=0.01s
[0.371s][info][gc,start       ] GC(20) Pause Full (Allocation Failure)
[0.371s][info][gc,phases,start] GC(20) Phase 1: Mark live objects
[0.388s][info][gc,phases      ] GC(20) Phase 1: Mark live objects 17.172ms
[0.388s][info][gc,phases,start] GC(20) Phase 2: Compute new object addresses
[0.393s][info][gc,phases      ] GC(20) Phase 2: Compute new object addresses 4.809ms
[0.393s][info][gc,phases,start] GC(20) Phase 3: Adjust pointers
[0.398s][info][gc,phases      ] GC(20) Phase 3: Adjust pointers 5.543ms
[0.398s][info][gc,phases,start] GC(20) Phase 4: Move objects
[0.399s][info][gc,phases      ] GC(20) Phase 4: Move objects 0.202ms
[0.399s][info][gc,heap        ] GC(20) DefNew: 10879K(10880K)->1080K(21888K) Eden: 9728K(9728K)->1080K(19520K) From: 1151K(1152K)->0K(2368K)
[0.399s][info][gc,heap        ] GC(20) Tenured: 23936K(23976K)->29036K(48396K)
[0.399s][info][gc,metaspace   ] GC(20) Metaspace: 6297K(6464K)->6297K(6464K) NonClass: 5763K(5824K)->5763K(5824K) Class: 533K(640K)->533K(640K)
[0.399s][info][gc             ] GC(20) Pause Full (Allocation Failure) 29M->29M(68M) 28.172ms
[0.399s][info][gc,cpu         ] GC(20) User=0.03s Sys=0.00s Real=0.03s
[0.416s][info][gc,start       ] GC(21) Pause Young (Allocation Failure)
[0.448s][info][gc,heap        ] GC(21) DefNew: 18427K(21888K)->2368K(21888K) Eden: 18427K(19520K)->0K(19520K) From: 0K(2368K)->2368K(2368K)
[0.448s][info][gc,heap        ] GC(21) Tenured: 29036K(48396K)->43096K(48396K)
[0.448s][info][gc,metaspace   ] GC(21) Metaspace: 6297K(6464K)->6297K(6464K) NonClass: 5763K(5824K)->5763K(5824K) Class: 533K(640K)->533K(640K)
[0.448s][info][gc             ] GC(21) Pause Young (Allocation Failure) 46M->44M(68M) 32.387ms
[0.448s][info][gc,cpu         ] GC(21) User=0.05s Sys=0.00s Real=0.03s
[0.466s][info][gc,start       ] GC(22) Pause Young (Allocation Failure)
[0.501s][info][gc             ] GC(22) Pause Young (Allocation Failure) 63M->63M(82M) 34.770ms
[0.501s][info][gc,cpu         ] GC(22) User=0.03s Sys=0.00s Real=0.03s
[0.501s][info][gc,start       ] GC(23) Pause Full (Allocation Failure)
[0.501s][info][gc,phases,start] GC(23) Phase 1: Mark live objects
[0.527s][info][gc,phases      ] GC(23) Phase 1: Mark live objects 26.582ms
[0.528s][info][gc,phases,start] GC(23) Phase 2: Compute new object addresses
[0.538s][info][gc,phases      ] GC(23) Phase 2: Compute new object addresses 9.978ms
[0.538s][info][gc,phases,start] GC(23) Phase 3: Adjust pointers
[0.548s][info][gc,phases      ] GC(23) Phase 3: Adjust pointers 10.889ms
[0.549s][info][gc,phases,start] GC(23) Phase 4: Move objects
[0.549s][info][gc,phases      ] GC(23) Phase 4: Move objects 0.359ms
[0.549s][info][gc,heap        ] GC(23) DefNew: 21888K(21888K)->2350K(47040K) Eden: 19520K(19520K)->2350K(41856K) From: 2368K(2368K)->0K(5184K)
[0.549s][info][gc,heap        ] GC(23) Tenured: 43096K(48396K)->62604K(104340K)
[0.549s][info][gc,metaspace   ] GC(23) Metaspace: 6297K(6464K)->6297K(6464K) NonClass: 5763K(5824K)->5763K(5824K) Class: 533K(640K)->533K(640K)
[0.549s][info][gc             ] GC(23) Pause Full (Allocation Failure) 63M->63M(147M) 48.426ms
[0.549s][info][gc,cpu         ] GC(23) User=0.05s Sys=0.00s Real=0.05s
[0.598s][info][gc,start       ] GC(24) Pause Young (Allocation Failure)
[0.666s][info][gc,heap        ] GC(24) DefNew: 41856K(47040K)->5183K(47040K) Eden: 41856K(41856K)->0K(41856K) From: 0K(5184K)->5183K(5184K)
[0.666s][info][gc,heap        ] GC(24) Tenured: 62604K(104340K)->99251K(104340K)
[0.666s][info][gc,metaspace   ] GC(24) Metaspace: 6297K(6464K)->6297K(6464K) NonClass: 5763K(5824K)->5763K(5824K) Class: 533K(640K)->533K(640K)
[0.666s][info][gc             ] GC(24) Pause Young (Allocation Failure) 102M->101M(147M) 67.546ms
[0.666s][info][gc,cpu         ] GC(24) User=0.06s Sys=0.00s Real=0.07s
[0.701s][info][gc,start       ] GC(25) Pause Young (Allocation Failure)
[0.776s][info][gc             ] GC(25) Pause Young (Allocation Failure) 142M->142M(183M) 75.625ms
[0.776s][info][gc,cpu         ] GC(25) User=0.06s Sys=0.00s Real=0.08s
[0.776s][info][gc,start       ] GC(26) Pause Full (Allocation Failure)
[0.776s][info][gc,phases,start] GC(26) Phase 1: Mark live objects
[0.835s][info][gc,phases      ] GC(26) Phase 1: Mark live objects 58.827ms
[0.835s][info][gc,phases,start] GC(26) Phase 2: Compute new object addresses
[0.857s][info][gc,phases      ] GC(26) Phase 2: Compute new object addresses 22.026ms
[0.857s][info][gc,phases,start] GC(26) Phase 3: Adjust pointers
[0.885s][info][gc,phases      ] GC(26) Phase 3: Adjust pointers 28.095ms
[0.885s][info][gc,phases,start] GC(26) Phase 4: Move objects
[0.913s][info][gc,phases      ] GC(26) Phase 4: Move objects 28.025ms
[0.914s][info][gc,heap        ] GC(26) DefNew: 47039K(47040K)->1341K(105920K) Eden: 41856K(41856K)->1341K(94208K) From: 5183K(5184K)->0K(11712K)
[0.914s][info][gc,heap        ] GC(26) Tenured: 99251K(104340K)->141079K(235136K)
[0.914s][info][gc,metaspace   ] GC(26) Metaspace: 6297K(6464K)->6297K(6464K) NonClass: 5763K(5824K)->5763K(5824K) Class: 533K(640K)->533K(640K)
[0.914s][info][gc             ] GC(26) Pause Full (Allocation Failure) 142M->139M(333M) 137.853ms
[0.914s][info][gc,cpu         ] GC(26) User=0.14s Sys=0.00s Real=0.14s
[1.014s][info][gc,start       ] GC(27) Pause Young (Allocation Failure)
[1.184s][info][gc,heap        ] GC(27) DefNew: 94208K(105920K)->11711K(105920K) Eden: 94208K(94208K)->0K(94208K) From: 0K(11712K)->11711K(11712K)
[1.184s][info][gc,heap        ] GC(27) Tenured: 141079K(235136K)->223545K(235136K)
[1.184s][info][gc,metaspace   ] GC(27) Metaspace: 6297K(6464K)->6297K(6464K) NonClass: 5763K(5824K)->5763K(5824K) Class: 533K(640K)->533K(640K)
[1.184s][info][gc             ] GC(27) Pause Young (Allocation Failure) 229M->229M(333M) 169.498ms
[1.184s][info][gc,cpu         ] GC(27) User=0.14s Sys=0.02s Real=0.17s
[1.271s][info][gc,start       ] GC(28) Pause Young (Allocation Failure)
[1.461s][info][gc             ] GC(28) Pause Young (Allocation Failure) 321M->321M(413M) 189.618ms
[1.461s][info][gc,cpu         ] GC(28) User=0.14s Sys=0.02s Real=0.19s
[1.461s][info][gc,start       ] GC(29) Pause Full (Allocation Failure)
[1.461s][info][gc,phases,start] GC(29) Phase 1: Mark live objects
[1.622s][info][gc,phases      ] GC(29) Phase 1: Mark live objects 160.678ms
[1.622s][info][gc,phases,start] GC(29) Phase 2: Compute new object addresses
[1.672s][info][gc,phases      ] GC(29) Phase 2: Compute new object addresses 49.918ms
[1.672s][info][gc,phases,start] GC(29) Phase 3: Adjust pointers
[1.728s][info][gc,phases      ] GC(29) Phase 3: Adjust pointers 55.998ms
[1.728s][info][gc,phases,start] GC(29) Phase 4: Move objects
[1.730s][info][gc,phases      ] GC(29) Phase 4: Move objects 2.300ms
[1.731s][info][gc,heap        ] GC(29) DefNew: 105919K(105920K)->11602K(238464K) Eden: 94208K(94208K)->11602K(212032K) From: 11711K(11712K)->0K(26432K)
[1.731s][info][gc,heap        ] GC(29) Tenured: 223545K(235136K)->317827K(529716K)
[1.731s][info][gc,metaspace   ] GC(29) Metaspace: 6297K(6464K)->6297K(6464K) NonClass: 5763K(5824K)->5763K(5824K) Class: 533K(640K)->533K(640K)
[1.731s][info][gc             ] GC(29) Pause Full (Allocation Failure) 321M->321M(750M) 270.184ms
[1.731s][info][gc,cpu         ] GC(29) User=0.27s Sys=0.00s Real=0.27s
[1.949s][info][gc,start       ] GC(30) Pause Young (Allocation Failure)
[2.318s][info][gc,heap        ] GC(30) DefNew: 212032K(238464K)->26432K(238464K) Eden: 212032K(212032K)->0K(212032K) From: 0K(26432K)->26432K(26432K)
[2.318s][info][gc,heap        ] GC(30) Tenured: 317827K(529716K)->503401K(529716K)
[2.318s][info][gc,metaspace   ] GC(30) Metaspace: 6297K(6464K)->6297K(6464K) NonClass: 5763K(5824K)->5763K(5824K) Class: 533K(640K)->533K(640K)
[2.318s][info][gc             ] GC(30) Pause Young (Allocation Failure) 517M->517M(750M) 369.490ms
[2.319s][info][gc,cpu         ] GC(30) User=0.33s Sys=0.02s Real=0.37s
[2.489s][info][gc,start       ] GC(31) Pause Young (Allocation Failure)
[2.854s][info][gc             ] GC(31) Pause Young (Allocation Failure) 702M->700M(907M) 364.814ms
[2.854s][info][gc,cpu         ] GC(31) User=0.34s Sys=0.02s Real=0.37s
[2.854s][info][gc,start       ] GC(32) Pause Full (Allocation Failure)
[2.854s][info][gc,phases,start] GC(32) Phase 1: Mark live objects
[3.177s][info][gc,phases      ] GC(32) Phase 1: Mark live objects 323.260ms
[3.177s][info][gc,phases,start] GC(32) Phase 2: Compute new object addresses
[3.286s][info][gc,phases      ] GC(32) Phase 2: Compute new object addresses 108.209ms
[3.286s][info][gc,phases,start] GC(32) Phase 3: Adjust pointers
[3.410s][info][gc,phases      ] GC(32) Phase 3: Adjust pointers 124.185ms
[3.410s][info][gc,phases,start] GC(32) Phase 4: Move objects
[3.415s][info][gc,phases      ] GC(32) Phase 4: Move objects 5.353ms
[3.417s][info][gc,heap        ] GC(32) DefNew: 216079K(238464K)->26276K(518400K) Eden: 189647K(212032K)->26276K(460800K) From: 26432K(26432K)->0K(57600K)
[3.417s][info][gc,heap        ] GC(32) Tenured: 503401K(529716K)->691187K(1151980K)
[3.417s][info][gc,metaspace   ] GC(32) Metaspace: 6297K(6464K)->6297K(6464K) NonClass: 5763K(5824K)->5763K(5824K) Class: 533K(640K)->533K(640K)
[3.417s][info][gc             ] GC(32) Pause Full (Allocation Failure) 700M->700M(1631M) 563.224ms
[3.417s][info][gc,cpu         ] GC(32) User=0.55s Sys=0.00s Real=0.56s
[3.885s][info][gc,start       ] GC(33) Pause Young (Allocation Failure)
[4.671s][info][gc,heap        ] GC(33) DefNew: 460800K(518400K)->57599K(518400K) Eden: 460800K(460800K)->0K(460800K) From: 0K(57600K)->57599K(57600K)
[4.671s][info][gc,heap        ] GC(33) Tenured: 691187K(1151980K)->1094360K(1151980K)
[4.671s][info][gc,metaspace   ] GC(33) Metaspace: 6297K(6464K)->6297K(6464K) NonClass: 5763K(5824K)->5763K(5824K) Class: 533K(640K)->533K(640K)
[4.671s][info][gc             ] GC(33) Pause Young (Allocation Failure) 1124M->1124M(1631M) 785.642ms
[4.671s][info][gc,cpu         ] GC(33) User=0.70s Sys=0.08s Real=0.79s
[5.154s][info][gc,start       ] GC(34) Pause Young (Allocation Failure)
[5.911s][info][gc             ] GC(34) Pause Young (Allocation Failure) 1574M->1523M(1973M) 756.626ms
[5.911s][info][gc,cpu         ] GC(34) User=0.64s Sys=0.12s Real=0.76s
[5.911s][info][gc,start       ] GC(35) Pause Full (Allocation Failure)
[5.911s][info][gc,phases,start] GC(35) Phase 1: Mark live objects
[6.593s][info][gc,phases      ] GC(35) Phase 1: Mark live objects 681.888ms
[6.593s][info][gc,phases,start] GC(35) Phase 2: Compute new object addresses
[6.815s][info][gc,phases      ] GC(35) Phase 2: Compute new object addresses 222.406ms
[6.815s][info][gc,phases,start] GC(35) Phase 3: Adjust pointers
[7.083s][info][gc,phases      ] GC(35) Phase 3: Adjust pointers 268.243ms
[7.083s][info][gc,phases,start] GC(35) Phase 4: Move objects
[7.095s][info][gc,phases      ] GC(35) Phase 4: Move objects 11.276ms
[7.099s][info][gc,heap        ] GC(35) DefNew: 518399K(518400K)->57548K(1126912K) Eden: 460800K(460800K)->57548K(1001728K) From: 57599K(57600K)->0K(125184K)
[7.099s][info][gc,heap        ] GC(35) Tenured: 1094360K(1151980K)->1502447K(2504080K)
[7.099s][info][gc,metaspace   ] GC(35) Metaspace: 6297K(6464K)->6297K(6464K) NonClass: 5763K(5824K)->5763K(5824K) Class: 533K(640K)->533K(640K)
[7.099s][info][gc             ] GC(35) Pause Full (Allocation Failure) 1523M->1523M(3545M) 1188.238ms
[7.099s][info][gc,cpu         ] GC(35) User=1.19s Sys=0.00s Real=1.18s
[8.096s][info][gc,start       ] GC(36) Pause Young (Allocation Failure)
[9.843s][info][gc,heap        ] GC(36) DefNew: 1001728K(1126912K)->125184K(1126912K) Eden: 1001728K(1001728K)->0K(1001728K) From: 0K(125184K)->125184K(125184K)
[9.843s][info][gc,heap        ] GC(36) Tenured: 1502447K(2504080K)->2378963K(2504080K)
[9.843s][info][gc,metaspace   ] GC(36) Metaspace: 6297K(6464K)->6297K(6464K) NonClass: 5763K(5824K)->5763K(5824K) Class: 533K(640K)->533K(640K)
[9.843s][info][gc             ] GC(36) Pause Young (Allocation Failure) 2445M->2445M(3545M) 1746.423ms
[9.843s][info][gc,cpu         ] GC(36) User=1.58s Sys=0.16s Real=1.75s
[10.869s][info][gc,start       ] GC(37) Pause Young (Allocation Failure)
[12.573s][info][gc             ] GC(37) Pause Young (Allocation Failure) 3423M->3423M(4401M) 1704.199ms
[12.573s][info][gc,cpu         ] GC(37) User=1.52s Sys=0.17s Real=1.70s
[12.573s][info][gc,start       ] GC(38) Pause Full (Allocation Failure)
[12.573s][info][gc,phases,start] GC(38) Phase 1: Mark live objects
[14.108s][info][gc,phases      ] GC(38) Phase 1: Mark live objects 1535.454ms
[14.109s][info][gc,phases,start] GC(38) Phase 2: Compute new object addresses
[14.598s][info][gc,phases      ] GC(38) Phase 2: Compute new object addresses 489.548ms
[14.598s][info][gc,phases,start] GC(38) Phase 3: Adjust pointers
[15.269s][info][gc,phases      ] GC(38) Phase 3: Adjust pointers 670.442ms
[15.269s][info][gc,phases,start] GC(38) Phase 4: Move objects
[15.898s][info][gc,phases      ] GC(38) Phase 4: Move objects 628.971ms
[15.904s][info][gc,heap        ] GC(38) DefNew: 1126912K(1126912K)->30947K(2119680K) Eden: 1001728K(1001728K)->30947K(1884160K) From: 125184K(125184K)->0K(235520K)
[15.904s][info][gc,heap        ] GC(38) Tenured: 2378963K(2504080K)->3380691K(4710400K)
[15.904s][info][gc,metaspace   ] GC(38) Metaspace: 6297K(6464K)->6297K(6464K) NonClass: 5763K(5824K)->5763K(5824K) Class: 533K(640K)->533K(640K)
[15.904s][info][gc             ] GC(38) Pause Full (Allocation Failure) 3423M->3331M(6670M) 3330.710ms
[15.904s][info][gc,cpu         ] GC(38) User=3.31s Sys=0.02s Real=3.33s
[17.728s][info][gc,start       ] GC(39) Pause Young (Allocation Failure)
[21.192s][info][gc,promotion   ] GC(39) Promotion failed
[21.192s][info][gc             ] GC(39) Pause Young (Allocation Failure) 5141M->6669M(6670M) 3463.731ms
[21.192s][info][gc,cpu         ] GC(39) User=3.11s Sys=0.36s Real=3.47s
[21.192s][info][gc,start       ] GC(40) Pause Full (Allocation Failure)
[21.192s][info][gc,phases,start] GC(40) Phase 1: Mark live objects
[23.646s][info][gc,phases      ] GC(40) Phase 1: Mark live objects 2454.571ms
[23.646s][info][gc,phases,start] GC(40) Phase 2: Compute new object addresses
[24.529s][info][gc,phases      ] GC(40) Phase 2: Compute new object addresses 882.196ms
[24.529s][info][gc,phases,start] GC(40) Phase 3: Adjust pointers
[25.544s][info][gc,phases      ] GC(40) Phase 3: Adjust pointers 1015.170ms
[25.544s][info][gc,phases,start] GC(40) Phase 4: Move objects
[25.714s][info][gc,phases      ] GC(40) Phase 4: Move objects 169.569ms
[25.714s][info][gc,heap        ] GC(40) DefNew: 1884160K(2119680K)->554417K(2119680K) Eden: 1884160K(1884160K)->554417K(1884160K) From: 0K(235520K)->0K(235520K)
[25.714s][info][gc,heap        ] GC(40) Tenured: 3380691K(4710400K)->4710399K(4710400K)
[25.714s][info][gc,metaspace   ] GC(40) Metaspace: 6297K(6464K)->6297K(6464K) NonClass: 5763K(5824K)->5763K(5824K) Class: 533K(640K)->533K(640K)
[25.714s][info][gc             ] GC(40) Pause Full (Allocation Failure) 6669M->5141M(6670M) 4522.272ms
[25.714s][info][gc,cpu         ] GC(40) User=4.48s Sys=0.00s Real=4.52s
[27.710s][info][gc,start       ] GC(41) Pause Full (Allocation Failure)
[27.710s][info][gc,phases,start] GC(41) Phase 1: Mark live objects
[30.734s][info][gc,phases      ] GC(41) Phase 1: Mark live objects 3024.046ms
[30.734s][info][gc,phases,start] GC(41) Phase 2: Compute new object addresses
[31.648s][info][gc,phases      ] GC(41) Phase 2: Compute new object addresses 913.964ms
[31.648s][info][gc,phases,start] GC(41) Phase 3: Adjust pointers
[32.966s][info][gc,phases      ] GC(41) Phase 3: Adjust pointers 1317.338ms
[32.966s][info][gc,phases,start] GC(41) Phase 4: Move objects
[33.184s][info][gc,phases      ] GC(41) Phase 4: Move objects 218.543ms
[33.185s][info][gc,heap        ] GC(41) DefNew: 2119679K(2119680K)->2119660K(2119680K) Eden: 1884160K(1884160K)->1884159K(1884160K) From: 235519K(235520K)->235500K(235520K)
[33.185s][info][gc,heap        ] GC(41) Tenured: 4710399K(4710400K)->4710399K(4710400K)
[33.185s][info][gc,metaspace   ] GC(41) Metaspace: 6297K(6464K)->6297K(6464K) NonClass: 5763K(5824K)->5763K(5824K) Class: 533K(640K)->533K(640K)
[33.185s][info][gc             ] GC(41) Pause Full (Allocation Failure) 6669M->6669M(6670M) 5474.734ms
[33.185s][info][gc,cpu         ] GC(41) User=5.44s Sys=0.02s Real=5.47s
[33.185s][info][gc,start       ] GC(42) Pause Full (Allocation Failure)
[33.185s][info][gc,phases,start] GC(42) Phase 1: Mark live objects
[36.188s][info][gc,phases      ] GC(42) Phase 1: Mark live objects 3002.896ms
[36.188s][info][gc,phases,start] GC(42) Phase 2: Compute new object addresses
[37.101s][info][gc,phases      ] GC(42) Phase 2: Compute new object addresses 912.746ms
[37.101s][info][gc,phases,start] GC(42) Phase 3: Adjust pointers
[38.332s][info][gc,phases      ] GC(42) Phase 3: Adjust pointers 1231.423ms
[38.333s][info][gc,phases,start] GC(42) Phase 4: Move objects
[38.333s][info][gc,phases      ] GC(42) Phase 4: Move objects 0.017ms
[38.333s][info][gc,heap        ] GC(42) DefNew: 2119679K(2119680K)->2119679K(2119680K) Eden: 1884159K(1884160K)->1884159K(1884160K) From: 235519K(235520K)->235519K(235520K)
[38.333s][info][gc,heap        ] GC(42) Tenured: 4710399K(4710400K)->4710399K(4710400K)
[38.333s][info][gc,metaspace   ] GC(42) Metaspace: 6297K(6464K)->6297K(6464K) NonClass: 5763K(5824K)->5763K(5824K) Class: 533K(640K)->533K(640K)
[38.333s][info][gc             ] GC(42) Pause Full (Allocation Failure) 6669M->6669M(6670M) 5147.740ms
[38.333s][info][gc,cpu         ] GC(42) User=5.14s Sys=0.00s Real=5.15s
[38.333s][info][gc,start       ] GC(43) Pause Full (Allocation Failure)
[38.333s][info][gc,phases,start] GC(43) Phase 1: Mark live objects
[41.430s][info][gc,phases      ] GC(43) Phase 1: Mark live objects 3096.728ms
[41.430s][info][gc,phases,start] GC(43) Phase 2: Compute new object addresses
[42.356s][info][gc,phases      ] GC(43) Phase 2: Compute new object addresses 926.439ms
[42.356s][info][gc,phases,start] GC(43) Phase 3: Adjust pointers
[43.824s][info][gc,phases      ] GC(43) Phase 3: Adjust pointers 1467.875ms
[43.824s][info][gc,phases,start] GC(43) Phase 4: Move objects
[45.044s][info][gc,phases      ] GC(43) Phase 4: Move objects 1219.541ms
[45.044s][info][gc,heap        ] GC(43) DefNew: 2119679K(2119680K)->1988603K(2119680K) Eden: 1884159K(1884160K)->1884159K(1884160K) From: 235519K(235520K)->104443K(235520K)
[45.044s][info][gc,heap        ] GC(43) Tenured: 4710399K(4710400K)->4710400K(4710400K)
[45.044s][info][gc,metaspace   ] GC(43) Metaspace: 6297K(6464K)->6295K(6464K) NonClass: 5763K(5824K)->5762K(5824K) Class: 533K(640K)->532K(640K)
[45.044s][info][gc             ] GC(43) Pause Full (Allocation Failure) 6669M->6541M(6670M) 6711.410ms
[45.044s][info][gc,cpu         ] GC(43) User=6.44s Sys=0.00s Real=6.71s
[45.406s][info][gc,start       ] GC(44) Pause Full (Allocation Failure)
[45.406s][info][gc,phases,start] GC(44) Phase 1: Mark live objects
[48.502s][info][gc,phases      ] GC(44) Phase 1: Mark live objects 3095.491ms
[48.502s][info][gc,phases,start] GC(44) Phase 2: Compute new object addresses
[49.439s][info][gc,phases      ] GC(44) Phase 2: Compute new object addresses 936.718ms
[49.439s][info][gc,phases,start] GC(44) Phase 3: Adjust pointers
[50.704s][info][gc,phases      ] GC(44) Phase 3: Adjust pointers 1264.962ms
[50.704s][info][gc,phases,start] GC(44) Phase 4: Move objects
[50.704s][info][gc,phases      ] GC(44) Phase 4: Move objects 0.016ms
[50.704s][info][gc,heap        ] GC(44) DefNew: 2119679K(2119680K)->2119679K(2119680K) Eden: 1884159K(1884160K)->1884159K(1884160K) From: 235519K(235520K)->235519K(235520K)
[50.704s][info][gc,heap        ] GC(44) Tenured: 4710400K(4710400K)->4710400K(4710400K)
[50.704s][info][gc,metaspace   ] GC(44) Metaspace: 6295K(6464K)->6295K(6464K) NonClass: 5762K(5824K)->5762K(5824K) Class: 532K(640K)->532K(640K)
[50.704s][info][gc             ] GC(44) Pause Full (Allocation Failure) 6669M->6669M(6670M) 5297.907ms
[50.704s][info][gc,cpu         ] GC(44) User=5.27s Sys=0.00s Real=5.30s
[50.704s][info][gc,start       ] GC(45) Pause Full (Allocation Failure)
[50.704s][info][gc,phases,start] GC(45) Phase 1: Mark live objects
[53.799s][info][gc,phases      ] GC(45) Phase 1: Mark live objects 3095.118ms
[53.799s][info][gc,phases,start] GC(45) Phase 2: Compute new object addresses
[54.730s][info][gc,phases      ] GC(45) Phase 2: Compute new object addresses 930.365ms
[54.730s][info][gc,phases,start] GC(45) Phase 3: Adjust pointers
[55.988s][info][gc,phases      ] GC(45) Phase 3: Adjust pointers 1257.857ms
[55.988s][info][gc,phases,start] GC(45) Phase 4: Move objects
[55.988s][info][gc,phases      ] GC(45) Phase 4: Move objects 0.017ms
[55.988s][info][gc,heap        ] GC(45) DefNew: 2119679K(2119680K)->2119679K(2119680K) Eden: 1884159K(1884160K)->1884159K(1884160K) From: 235519K(235520K)->235519K(235520K)
[55.988s][info][gc,heap        ] GC(45) Tenured: 4710400K(4710400K)->4710400K(4710400K)
[55.988s][info][gc,metaspace   ] GC(45) Metaspace: 6295K(6464K)->6295K(6464K) NonClass: 5762K(5824K)->5762K(5824K) Class: 532K(640K)->532K(640K)
[55.988s][info][gc             ] GC(45) Pause Full (Allocation Failure) 6669M->6669M(6670M) 5284.004ms
[55.988s][info][gc,cpu         ] GC(45) User=5.23s Sys=0.00s Real=5.28s
[55.988s][info][gc,start       ] GC(46) Pause Full (Allocation Failure)
[55.988s][info][gc,phases,start] GC(46) Phase 1: Mark live objects
[59.067s][info][gc,phases      ] GC(46) Phase 1: Mark live objects 3078.392ms
[59.067s][info][gc,phases,start] GC(46) Phase 2: Compute new object addresses
[60.009s][info][gc,phases      ] GC(46) Phase 2: Compute new object addresses 942.348ms
[60.009s][info][gc,phases,start] GC(46) Phase 3: Adjust pointers
[61.279s][info][gc,phases      ] GC(46) Phase 3: Adjust pointers 1269.562ms
[61.279s][info][gc,phases,start] GC(46) Phase 4: Move objects
[61.279s][info][gc,phases      ] GC(46) Phase 4: Move objects 0.016ms
[61.279s][info][gc,heap        ] GC(46) DefNew: 2119679K(2119680K)->2119679K(2119680K) Eden: 1884159K(1884160K)->1884159K(1884160K) From: 235519K(235520K)->235519K(235520K)
[61.279s][info][gc,heap        ] GC(46) Tenured: 4710400K(4710400K)->4710400K(4710400K)
[61.279s][info][gc,metaspace   ] GC(46) Metaspace: 6295K(6464K)->6295K(6464K) NonClass: 5762K(5824K)->5762K(5824K) Class: 532K(640K)->532K(640K)
[61.279s][info][gc             ] GC(46) Pause Full (Allocation Failure) 6669M->6669M(6670M) 5290.965ms
[61.279s][info][gc,cpu         ] GC(46) User=5.23s Sys=0.00s Real=5.29s
[61.280s][info][gc,start       ] GC(47) Pause Full (Allocation Failure)
[61.280s][info][gc,phases,start] GC(47) Phase 1: Mark live objects
[64.344s][info][gc,phases      ] GC(47) Phase 1: Mark live objects 3064.317ms
[64.344s][info][gc,phases,start] GC(47) Phase 2: Compute new object addresses
[65.274s][info][gc,phases      ] GC(47) Phase 2: Compute new object addresses 929.366ms
[65.274s][info][gc,phases,start] GC(47) Phase 3: Adjust pointers
[66.769s][info][gc,phases      ] GC(47) Phase 3: Adjust pointers 1495.480ms
[66.769s][info][gc,phases,start] GC(47) Phase 4: Move objects
[67.874s][info][gc,phases      ] GC(47) Phase 4: Move objects 1104.669ms
[67.874s][info][gc,heap        ] GC(47) DefNew: 2119679K(2119680K)->2119678K(2119680K) Eden: 1884159K(1884160K)->1884159K(1884160K) From: 235519K(235520K)->235518K(235520K)
[67.874s][info][gc,heap        ] GC(47) Tenured: 4710400K(4710400K)->4710399K(4710400K)
[67.874s][info][gc,metaspace   ] GC(47) Metaspace: 6295K(6464K)->6295K(6464K) NonClass: 5762K(5824K)->5762K(5824K) Class: 532K(640K)->532K(640K)
[67.874s][info][gc             ] GC(47) Pause Full (Allocation Failure) 6669M->6669M(6670M) 6594.604ms
[67.874s][info][gc,cpu         ] GC(47) User=6.59s Sys=0.00s Real=6.59s
[67.875s][info][gc,start       ] GC(48) Pause Full (Allocation Failure)
[67.875s][info][gc,phases,start] GC(48) Phase 1: Mark live objects
[70.984s][info][gc,phases      ] GC(48) Phase 1: Mark live objects 3108.856ms
[70.984s][info][gc,phases,start] GC(48) Phase 2: Compute new object addresses
[72.057s][info][gc,phases      ] GC(48) Phase 2: Compute new object addresses 1072.558ms
[72.057s][info][gc,phases,start] GC(48) Phase 3: Adjust pointers
[73.360s][info][gc,phases      ] GC(48) Phase 3: Adjust pointers 1303.344ms
[73.360s][info][gc,phases,start] GC(48) Phase 4: Move objects
[73.360s][info][gc,phases      ] GC(48) Phase 4: Move objects 0.017ms
[73.361s][info][gc,heap        ] GC(48) DefNew: 2119679K(2119680K)->2119678K(2119680K) Eden: 1884160K(1884160K)->1884160K(1884160K) From: 235519K(235520K)->235518K(235520K)
[73.361s][info][gc,heap        ] GC(48) Tenured: 4710399K(4710400K)->4710399K(4710400K)
[73.361s][info][gc,metaspace   ] GC(48) Metaspace: 6297K(6464K)->6297K(6464K) NonClass: 5763K(5824K)->5763K(5824K) Class: 533K(640K)->533K(640K)
[73.361s][info][gc             ] GC(48) Pause Full (Allocation Failure) 6669M->6669M(6670M) 5485.435ms
[73.361s][info][gc,cpu         ] GC(48) User=5.36s Sys=0.00s Real=5.49s
[73.361s][info][gc,heap,exit   ] Heap
[73.361s][info][gc,heap,exit   ]  def new generation   total 2119680K, used 2119679K [0x0000000650c00000, 0x00000006e0800000, 0x00000006e0800000)
[73.361s][info][gc,heap,exit   ]   eden space 1884160K, 100% used [0x0000000650c00000, 0x00000006c3c00000, 0x00000006c3c00000)
[73.361s][info][gc,heap,exit   ]   from space 235520K,  99% used [0x00000006d2200000, 0x00000006e07fff00, 0x00000006e0800000)
[73.361s][info][gc,heap,exit   ]   to   space 235520K,   0% used [0x00000006c3c00000, 0x00000006c3c00000, 0x00000006d2200000)
[73.361s][info][gc,heap,exit   ]  tenured generation   total 4710400K, used 4710399K [0x00000006e0800000, 0x0000000800000000, 0x0000000800000000)
[73.361s][info][gc,heap,exit   ]    the space 4710400K,  99% used [0x00000006e0800000, 0x00000007ffffffe0, 0x0000000800000000, 0x0000000800000000)
[73.361s][info][gc,heap,exit   ]  Metaspace       used 6300K, committed 6464K, reserved 1114112K
[73.361s][info][gc,heap,exit   ]   class space    used 534K, committed 640K, reserved 1048576K
