[0.017s][info][gc,init] CardTable entry size: 512
[0.017s][info][gc     ] Using Serial
[0.017s][info][gc,init] Version: 18.0.1+10 (release)
[0.017s][info][gc,init] CPUs: 8 total, 8 available
[0.017s][info][gc,init] Memory: 16063M
[0.017s][info][gc,init] Large Page Support: Disabled
[0.017s][info][gc,init] NUMA Support: Disabled
[0.017s][info][gc,init] Compressed Oops: Enabled (Zero based)
[0.017s][info][gc,init] Heap Min Capacity: 2M
[0.017s][info][gc,init] Heap Initial Capacity: 2M
[0.017s][info][gc,init] Heap Max Capacity: 17100M
[0.017s][info][gc,init] Pre-touch: Disabled
[0.018s][info][gc,metaspace] CDS archive(s) not mapped
[0.018s][info][gc,metaspace] Compressed class space mapped at: 0x0000000800000000-0x0000000840000000, reserved size: 1073741824
[0.018s][info][gc,metaspace] Narrow klass base: 0x0000000800000000, Narrow klass shift: 0, Narrow klass range: 0x40000000
[0.179s][info][gc,start    ] GC(0) Pause Young (Allocation Failure)
[0.180s][info][gc,heap     ] GC(0) DefNew: 1023K(1152K)->127K(1152K) Eden: 1023K(1024K)->0K(1024K) From: 0K(128K)->127K(128K)
[0.180s][info][gc,heap     ] GC(0) Tenured: 0K(768K)->439K(768K)
[0.180s][info][gc,metaspace] GC(0) Metaspace: 5902K(6016K)->5902K(6016K) NonClass: 5402K(5504K)->5402K(5504K) Class: 499K(512K)->499K(512K)
[0.180s][info][gc          ] GC(0) Pause Young (Allocation Failure) 0M->0M(1M) 1.501ms
[0.180s][info][gc,cpu      ] GC(0) User=0.00s Sys=0.00s Real=0.00s
[0.199s][info][gc,start    ] GC(1) Pause Young (Allocation Failure)
[0.200s][info][gc          ] GC(1) Pause Young (Allocation Failure) 1M->0M(2M) 1.052ms
[0.201s][info][gc,cpu      ] GC(1) User=0.00s Sys=0.00s Real=0.00s
[0.201s][info][gc,start    ] GC(2) Pause Full (Allocation Failure)
[0.201s][info][gc,phases,start] GC(2) Phase 1: Mark live objects
[0.201s][info][gc,phases      ] GC(2) Phase 1: Mark live objects 0.831ms
[0.201s][info][gc,phases,start] GC(2) Phase 2: Compute new object addresses
[0.202s][info][gc,phases      ] GC(2) Phase 2: Compute new object addresses 0.195ms
[0.202s][info][gc,phases,start] GC(2) Phase 3: Adjust pointers
[0.202s][info][gc,phases      ] GC(2) Phase 3: Adjust pointers 0.444ms
[0.202s][info][gc,phases,start] GC(2) Phase 4: Move objects
[0.202s][info][gc,phases      ] GC(2) Phase 4: Move objects 0.061ms
[0.202s][info][gc,heap        ] GC(2) DefNew: 1151K(1152K)->40K(1152K) Eden: 1024K(1024K)->40K(1024K) From: 127K(128K)->0K(128K)
[0.202s][info][gc,heap        ] GC(2) Tenured: 439K(768K)->960K(1600K)
[0.202s][info][gc,metaspace   ] GC(2) Metaspace: 6300K(6528K)->6300K(6528K) NonClass: 5767K(5888K)->5767K(5888K) Class: 533K(640K)->533K(640K)
[0.202s][info][gc             ] GC(2) Pause Full (Allocation Failure) 0M->0M(2M) 1.873ms
[0.202s][info][gc,cpu         ] GC(2) User=0.00s Sys=0.00s Real=0.00s
[0.204s][info][gc,start       ] GC(3) Pause Young (Allocation Failure)
[0.205s][info][gc,heap        ] GC(3) DefNew: 1024K(1152K)->127K(1152K) Eden: 1024K(1024K)->0K(1024K) From: 0K(128K)->127K(128K)
[0.205s][info][gc,heap        ] GC(3) Tenured: 960K(1600K)->1374K(1600K)
[0.205s][info][gc,metaspace   ] GC(3) Metaspace: 6300K(6528K)->6300K(6528K) NonClass: 5767K(5888K)->5767K(5888K) Class: 533K(640K)->533K(640K)
[0.205s][info][gc             ] GC(3) Pause Young (Allocation Failure) 1M->1M(2M) 1.353ms
[0.205s][info][gc,cpu         ] GC(3) User=0.00s Sys=0.00s Real=0.00s
[0.207s][info][gc,start       ] GC(4) Pause Young (Allocation Failure)
[0.208s][info][gc             ] GC(4) Pause Young (Allocation Failure) 2M->1M(3M) 1.108ms
[0.208s][info][gc,cpu         ] GC(4) User=0.00s Sys=0.00s Real=0.00s
[0.208s][info][gc,start       ] GC(5) Pause Full (Allocation Failure)
[0.208s][info][gc,phases,start] GC(5) Phase 1: Mark live objects
[0.210s][info][gc,phases      ] GC(5) Phase 1: Mark live objects 1.336ms
[0.210s][info][gc,phases,start] GC(5) Phase 2: Compute new object addresses
[0.210s][info][gc,phases      ] GC(5) Phase 2: Compute new object addresses 0.403ms
[0.210s][info][gc,phases,start] GC(5) Phase 3: Adjust pointers
[0.211s][info][gc,phases      ] GC(5) Phase 3: Adjust pointers 0.764ms
[0.211s][info][gc,phases,start] GC(5) Phase 4: Move objects
[0.211s][info][gc,phases      ] GC(5) Phase 4: Move objects 0.085ms
[0.211s][info][gc,heap        ] GC(5) DefNew: 1151K(1152K)->34K(1536K) Eden: 1024K(1024K)->34K(1408K) From: 127K(128K)->0K(128K)
[0.211s][info][gc,heap        ] GC(5) Tenured: 1374K(1600K)->1983K(3308K)
[0.211s][info][gc,metaspace   ] GC(5) Metaspace: 6300K(6528K)->6300K(6528K) NonClass: 5767K(5888K)->5767K(5888K) Class: 533K(640K)->533K(640K)
[0.211s][info][gc             ] GC(5) Pause Full (Allocation Failure) 1M->1M(4M) 2.986ms
[0.211s][info][gc,cpu         ] GC(5) User=0.00s Sys=0.00s Real=0.00s
[0.213s][info][gc,start       ] GC(6) Pause Young (Allocation Failure)
[0.215s][info][gc,heap        ] GC(6) DefNew: 1408K(1536K)->127K(1536K) Eden: 1408K(1408K)->0K(1408K) From: 0K(128K)->127K(128K)
[0.215s][info][gc,heap        ] GC(6) Tenured: 1983K(3308K)->2617K(3308K)
[0.215s][info][gc,metaspace   ] GC(6) Metaspace: 6300K(6528K)->6300K(6528K) NonClass: 5767K(5888K)->5767K(5888K) Class: 533K(640K)->533K(640K)
[0.215s][info][gc             ] GC(6) Pause Young (Allocation Failure) 3M->2M(4M) 1.650ms
[0.215s][info][gc,cpu         ] GC(6) User=0.00s Sys=0.00s Real=0.00s
[0.216s][info][gc,start       ] GC(7) Pause Young (Allocation Failure)
[0.218s][info][gc             ] GC(7) Pause Young (Allocation Failure) 4M->3M(4M) 1.631ms
[0.218s][info][gc,cpu         ] GC(7) User=0.00s Sys=0.00s Real=0.00s
[0.218s][info][gc,start       ] GC(8) Pause Full (Allocation Failure)
[0.218s][info][gc,phases,start] GC(8) Phase 1: Mark live objects
[0.220s][info][gc,phases      ] GC(8) Phase 1: Mark live objects 1.897ms
[0.220s][info][gc,phases,start] GC(8) Phase 2: Compute new object addresses
[0.220s][info][gc,phases      ] GC(8) Phase 2: Compute new object addresses 0.628ms
[0.221s][info][gc,phases,start] GC(8) Phase 3: Adjust pointers
[0.222s][info][gc,phases      ] GC(8) Phase 3: Adjust pointers 1.055ms
[0.222s][info][gc,phases,start] GC(8) Phase 4: Move objects
[0.222s][info][gc,phases      ] GC(8) Phase 4: Move objects 0.073ms
[0.222s][info][gc,heap        ] GC(8) DefNew: 1535K(1536K)->0K(2688K) Eden: 1408K(1408K)->0K(2432K) From: 127K(128K)->0K(256K)
[0.222s][info][gc,heap        ] GC(8) Tenured: 2617K(3308K)->3460K(5768K)
[0.222s][info][gc,metaspace   ] GC(8) Metaspace: 6300K(6528K)->6300K(6528K) NonClass: 5767K(5888K)->5767K(5888K) Class: 533K(640K)->533K(640K)
[0.222s][info][gc             ] GC(8) Pause Full (Allocation Failure) 3M->3M(8M) 3.967ms
[0.222s][info][gc,cpu         ] GC(8) User=0.00s Sys=0.00s Real=0.00s
[0.226s][info][gc,start       ] GC(9) Pause Young (Allocation Failure)
[0.228s][info][gc,heap        ] GC(9) DefNew: 2432K(2688K)->256K(2688K) Eden: 2432K(2432K)->0K(2432K) From: 0K(256K)->256K(256K)
[0.228s][info][gc,heap        ] GC(9) Tenured: 3460K(5768K)->4512K(5768K)
[0.228s][info][gc,metaspace   ] GC(9) Metaspace: 6300K(6528K)->6300K(6528K) NonClass: 5767K(5888K)->5767K(5888K) Class: 533K(640K)->533K(640K)
[0.228s][info][gc             ] GC(9) Pause Young (Allocation Failure) 5M->4M(8M) 2.433ms
[0.228s][info][gc,cpu         ] GC(9) User=0.00s Sys=0.00s Real=0.00s
[0.230s][info][gc,start       ] GC(10) Pause Young (Allocation Failure)
[0.233s][info][gc,heap        ] GC(10) DefNew: 2688K(2688K)->256K(2688K) Eden: 2432K(2432K)->0K(2432K) From: 256K(256K)->256K(256K)
[0.233s][info][gc,heap        ] GC(10) Tenured: 4512K(5768K)->5755K(5768K)
[0.233s][info][gc,metaspace   ] GC(10) Metaspace: 6300K(6528K)->6300K(6528K) NonClass: 5767K(5888K)->5767K(5888K) Class: 533K(640K)->533K(640K)
[0.233s][info][gc             ] GC(10) Pause Young (Allocation Failure) 7M->5M(8M) 2.767ms
[0.233s][info][gc,cpu         ] GC(10) User=0.02s Sys=0.00s Real=0.00s
[0.237s][info][gc,start       ] GC(11) Pause Young (Allocation Failure)
[0.240s][info][gc             ] GC(11) Pause Young (Allocation Failure) 8M->7M(9M) 3.284ms
[0.240s][info][gc,cpu         ] GC(11) User=0.00s Sys=0.00s Real=0.00s
[0.240s][info][gc,start       ] GC(12) Pause Full (Allocation Failure)
[0.240s][info][gc,phases,start] GC(12) Phase 1: Mark live objects
[0.245s][info][gc,phases      ] GC(12) Phase 1: Mark live objects 4.255ms
[0.245s][info][gc,phases,start] GC(12) Phase 2: Compute new object addresses
[0.246s][info][gc,phases      ] GC(12) Phase 2: Compute new object addresses 1.295ms
[0.246s][info][gc,phases,start] GC(12) Phase 3: Adjust pointers
[0.248s][info][gc,phases      ] GC(12) Phase 3: Adjust pointers 1.766ms
[0.248s][info][gc,phases,start] GC(12) Phase 4: Move objects
[0.249s][info][gc,phases      ] GC(12) Phase 4: Move objects 1.236ms
[0.249s][info][gc,heap        ] GC(12) DefNew: 2688K(2688K)->0K(5376K) Eden: 2432K(2432K)->0K(4800K) From: 256K(256K)->0K(576K)
[0.249s][info][gc,heap        ] GC(12) Tenured: 5755K(5768K)->7132K(11888K)
[0.249s][info][gc,metaspace   ] GC(12) Metaspace: 6300K(6528K)->6300K(6528K) NonClass: 5767K(5888K)->5767K(5888K) Class: 533K(640K)->533K(640K)
[0.249s][info][gc             ] GC(12) Pause Full (Allocation Failure) 7M->6M(16M) 9.064ms
[0.249s][info][gc,cpu         ] GC(12) User=0.02s Sys=0.00s Real=0.01s
[0.255s][info][gc,start       ] GC(13) Pause Young (Allocation Failure)
[0.260s][info][gc,heap        ] GC(13) DefNew: 4800K(5376K)->575K(5376K) Eden: 4800K(4800K)->0K(4800K) From: 0K(576K)->575K(576K)
[0.260s][info][gc,heap        ] GC(13) Tenured: 7132K(11888K)->9027K(11888K)
[0.260s][info][gc,metaspace   ] GC(13) Metaspace: 6300K(6528K)->6300K(6528K) NonClass: 5767K(5888K)->5767K(5888K) Class: 533K(640K)->533K(640K)
[0.260s][info][gc             ] GC(13) Pause Young (Allocation Failure) 11M->9M(16M) 4.828ms
[0.260s][info][gc,cpu         ] GC(13) User=0.00s Sys=0.00s Real=0.00s
[0.265s][info][gc,start       ] GC(14) Pause Young (Allocation Failure)
[0.271s][info][gc,heap        ] GC(14) DefNew: 5375K(5376K)->576K(5376K) Eden: 4800K(4800K)->0K(4800K) From: 575K(576K)->576K(576K)
[0.271s][info][gc,heap        ] GC(14) Tenured: 9027K(11888K)->11746K(11888K)
[0.271s][info][gc,metaspace   ] GC(14) Metaspace: 6300K(6528K)->6300K(6528K) NonClass: 5767K(5888K)->5767K(5888K) Class: 533K(640K)->533K(640K)
[0.271s][info][gc             ] GC(14) Pause Young (Allocation Failure) 14M->12M(16M) 6.492ms
[0.271s][info][gc,cpu         ] GC(14) User=0.00s Sys=0.00s Real=0.01s
[0.275s][info][gc,start       ] GC(15) Pause Young (Allocation Failure)
[0.281s][info][gc             ] GC(15) Pause Young (Allocation Failure) 16M->14M(19M) 5.592ms
[0.281s][info][gc,cpu         ] GC(15) User=0.00s Sys=0.00s Real=0.01s
[0.281s][info][gc,start       ] GC(16) Pause Full (Allocation Failure)
[0.281s][info][gc,phases,start] GC(16) Phase 1: Mark live objects
[0.289s][info][gc,phases      ] GC(16) Phase 1: Mark live objects 7.576ms
[0.289s][info][gc,phases,start] GC(16) Phase 2: Compute new object addresses
[0.291s][info][gc,phases      ] GC(16) Phase 2: Compute new object addresses 2.412ms
[0.291s][info][gc,phases,start] GC(16) Phase 3: Adjust pointers
[0.294s][info][gc,phases      ] GC(16) Phase 3: Adjust pointers 2.843ms
[0.294s][info][gc,phases,start] GC(16) Phase 4: Move objects
[0.294s][info][gc,phases      ] GC(16) Phase 4: Move objects 0.130ms
[0.294s][info][gc,heap        ] GC(16) DefNew: 5376K(5376K)->447K(10816K) Eden: 4800K(4800K)->447K(9664K) From: 576K(576K)->0K(1152K)
[0.294s][info][gc,heap        ] GC(16) Tenured: 11746K(11888K)->14323K(23876K)
[0.294s][info][gc,metaspace   ] GC(16) Metaspace: 6302K(6528K)->6302K(6528K) NonClass: 5769K(5888K)->5769K(5888K) Class: 533K(640K)->533K(640K)
[0.294s][info][gc             ] GC(16) Pause Full (Allocation Failure) 14M->14M(33M) 13.318ms
[0.294s][info][gc,cpu         ] GC(16) User=0.02s Sys=0.00s Real=0.01s
[0.301s][info][gc,start       ] GC(17) Pause Young (Allocation Failure)
[0.313s][info][gc,heap        ] GC(17) DefNew: 9664K(10816K)->1152K(10816K) Eden: 9664K(9664K)->0K(9664K) From: 0K(1152K)->1152K(1152K)
[0.313s][info][gc,heap        ] GC(17) Tenured: 14323K(23876K)->18351K(23876K)
[0.313s][info][gc,metaspace   ] GC(17) Metaspace: 6302K(6528K)->6302K(6528K) NonClass: 5769K(5888K)->5769K(5888K) Class: 533K(640K)->533K(640K)
[0.313s][info][gc             ] GC(17) Pause Young (Allocation Failure) 23M->19M(33M) 11.603ms
[0.313s][info][gc,cpu         ] GC(17) User=0.00s Sys=0.00s Real=0.01s
[0.321s][info][gc,start       ] GC(18) Pause Young (Allocation Failure)
[0.334s][info][gc,heap        ] GC(18) DefNew: 10816K(10816K)->1151K(10816K) Eden: 9664K(9664K)->0K(9664K) From: 1152K(1152K)->1151K(1152K)
[0.334s][info][gc,heap        ] GC(18) Tenured: 18351K(23876K)->23839K(23876K)
[0.334s][info][gc,metaspace   ] GC(18) Metaspace: 6302K(6528K)->6302K(6528K) NonClass: 5769K(5888K)->5769K(5888K) Class: 533K(640K)->533K(640K)
[0.334s][info][gc             ] GC(18) Pause Young (Allocation Failure) 28M->24M(33M) 12.816ms
[0.334s][info][gc,cpu         ] GC(18) User=0.00s Sys=0.00s Real=0.01s
[0.341s][info][gc,start       ] GC(19) Pause Young (Allocation Failure)
[0.352s][info][gc             ] GC(19) Pause Young (Allocation Failure) 33M->29M(38M) 11.521ms
[0.352s][info][gc,cpu         ] GC(19) User=0.00s Sys=0.00s Real=0.01s
[0.352s][info][gc,start       ] GC(20) Pause Full (Allocation Failure)
[0.352s][info][gc,phases,start] GC(20) Phase 1: Mark live objects
[0.367s][info][gc,phases      ] GC(20) Phase 1: Mark live objects 14.273ms
[0.367s][info][gc,phases,start] GC(20) Phase 2: Compute new object addresses
[0.372s][info][gc,phases      ] GC(20) Phase 2: Compute new object addresses 4.936ms
[0.372s][info][gc,phases,start] GC(20) Phase 3: Adjust pointers
[0.377s][info][gc,phases      ] GC(20) Phase 3: Adjust pointers 5.481ms
[0.377s][info][gc,phases,start] GC(20) Phase 4: Move objects
[0.378s][info][gc,phases      ] GC(20) Phase 4: Move objects 0.181ms
[0.378s][info][gc,heap        ] GC(20) DefNew: 10815K(10816K)->1048K(21760K) Eden: 9664K(9664K)->1048K(19392K) From: 1151K(1152K)->0K(2368K)
[0.378s][info][gc,heap        ] GC(20) Tenured: 23839K(23876K)->28935K(48228K)
[0.378s][info][gc,metaspace   ] GC(20) Metaspace: 6302K(6528K)->6302K(6528K) NonClass: 5769K(5888K)->5769K(5888K) Class: 533K(640K)->533K(640K)
[0.378s][info][gc             ] GC(20) Pause Full (Allocation Failure) 29M->29M(68M) 25.295ms
[0.378s][info][gc,cpu         ] GC(20) User=0.03s Sys=0.00s Real=0.03s
[0.391s][info][gc,start       ] GC(21) Pause Young (Allocation Failure)
[0.418s][info][gc,heap        ] GC(21) DefNew: 19392K(21760K)->2367K(21760K) Eden: 19392K(19392K)->0K(19392K) From: 0K(2368K)->2367K(2368K)
[0.418s][info][gc,heap        ] GC(21) Tenured: 28935K(48228K)->39004K(48228K)
[0.418s][info][gc,metaspace   ] GC(21) Metaspace: 6302K(6528K)->6302K(6528K) NonClass: 5769K(5888K)->5769K(5888K) Class: 533K(640K)->533K(640K)
[0.418s][info][gc             ] GC(21) Pause Young (Allocation Failure) 47M->40M(68M) 27.056ms
[0.418s][info][gc,cpu         ] GC(21) User=0.02s Sys=0.00s Real=0.03s
[0.437s][info][gc,start       ] GC(22) Pause Young (Allocation Failure)
[0.473s][info][gc             ] GC(22) Pause Young (Allocation Failure) 59M->59M(78M) 36.587ms
[0.473s][info][gc,cpu         ] GC(22) User=0.03s Sys=0.00s Real=0.04s
[0.473s][info][gc,start       ] GC(23) Pause Full (Allocation Failure)
[0.473s][info][gc,phases,start] GC(23) Phase 1: Mark live objects
[0.497s][info][gc,phases      ] GC(23) Phase 1: Mark live objects 23.989ms
[0.497s][info][gc,phases,start] GC(23) Phase 2: Compute new object addresses
[0.507s][info][gc,phases      ] GC(23) Phase 2: Compute new object addresses 9.655ms
[0.507s][info][gc,phases,start] GC(23) Phase 3: Adjust pointers
[0.519s][info][gc,phases      ] GC(23) Phase 3: Adjust pointers 11.362ms
[0.519s][info][gc,phases,start] GC(23) Phase 4: Move objects
[0.519s][info][gc,phases      ] GC(23) Phase 4: Move objects 0.385ms
[0.519s][info][gc,heap        ] GC(23) DefNew: 21759K(21760K)->2333K(43840K) Eden: 19392K(19392K)->2333K(38976K) From: 2367K(2368K)->0K(4864K)
[0.519s][info][gc,heap        ] GC(23) Tenured: 39004K(48228K)->58403K(97340K)
[0.519s][info][gc,metaspace   ] GC(23) Metaspace: 6302K(6528K)->6302K(6528K) NonClass: 5769K(5888K)->5769K(5888K) Class: 533K(640K)->533K(640K)
[0.519s][info][gc             ] GC(23) Pause Full (Allocation Failure) 59M->59M(137M) 45.987ms
[0.519s][info][gc,cpu         ] GC(23) User=0.05s Sys=0.00s Real=0.05s
[0.560s][info][gc,start       ] GC(24) Pause Young (Allocation Failure)
[0.621s][info][gc,heap        ] GC(24) DefNew: 38976K(43840K)->4863K(43840K) Eden: 38976K(38976K)->0K(38976K) From: 0K(4864K)->4863K(4864K)
[0.621s][info][gc,heap        ] GC(24) Tenured: 58403K(97340K)->92490K(97340K)
[0.621s][info][gc,metaspace   ] GC(24) Metaspace: 6302K(6528K)->6302K(6528K) NonClass: 5769K(5888K)->5769K(5888K) Class: 533K(640K)->533K(640K)
[0.621s][info][gc             ] GC(24) Pause Young (Allocation Failure) 95M->95M(137M) 61.480ms
[0.621s][info][gc,cpu         ] GC(24) User=0.06s Sys=0.00s Real=0.06s
[0.653s][info][gc,start       ] GC(25) Pause Young (Allocation Failure)
[0.719s][info][gc             ] GC(25) Pause Young (Allocation Failure) 133M->133M(171M) 66.797ms
[0.719s][info][gc,cpu         ] GC(25) User=0.08s Sys=0.00s Real=0.07s
[0.720s][info][gc,start       ] GC(26) Pause Full (Allocation Failure)
[0.720s][info][gc,phases,start] GC(26) Phase 1: Mark live objects
[0.775s][info][gc,phases      ] GC(26) Phase 1: Mark live objects 55.764ms
[0.775s][info][gc,phases,start] GC(26) Phase 2: Compute new object addresses
[0.796s][info][gc,phases      ] GC(26) Phase 2: Compute new object addresses 20.624ms
[0.796s][info][gc,phases,start] GC(26) Phase 3: Adjust pointers
[0.824s][info][gc,phases      ] GC(26) Phase 3: Adjust pointers 27.846ms
[0.824s][info][gc,phases,start] GC(26) Phase 4: Move objects
[0.850s][info][gc,phases      ] GC(26) Phase 4: Move objects 25.864ms
[0.850s][info][gc,heap        ] GC(26) DefNew: 43839K(43840K)->943K(98688K) Eden: 38976K(38976K)->943K(87744K) From: 4863K(4864K)->0K(10944K)
[0.850s][info][gc,heap        ] GC(26) Tenured: 92490K(97340K)->131515K(219196K)
[0.850s][info][gc,metaspace   ] GC(26) Metaspace: 6302K(6528K)->6302K(6528K) NonClass: 5769K(5888K)->5769K(5888K) Class: 533K(640K)->533K(640K)
[0.850s][info][gc             ] GC(26) Pause Full (Allocation Failure) 133M->129M(310M) 130.892ms
[0.850s][info][gc,cpu         ] GC(26) User=0.12s Sys=0.00s Real=0.13s
[0.943s][info][gc,start       ] GC(27) Pause Young (Allocation Failure)
[1.085s][info][gc,heap        ] GC(27) DefNew: 87744K(98688K)->10943K(98688K) Eden: 87744K(87744K)->0K(87744K) From: 0K(10944K)->10943K(10944K)
[1.085s][info][gc,heap        ] GC(27) Tenured: 131515K(219196K)->208286K(219196K)
[1.085s][info][gc,metaspace   ] GC(27) Metaspace: 6302K(6528K)->6302K(6528K) NonClass: 5769K(5888K)->5769K(5888K) Class: 533K(640K)->533K(640K)
[1.085s][info][gc             ] GC(27) Pause Young (Allocation Failure) 214M->214M(310M) 141.948ms
[1.085s][info][gc,cpu         ] GC(27) User=0.12s Sys=0.00s Real=0.14s
[1.162s][info][gc,start       ] GC(28) Pause Young (Allocation Failure)
[1.325s][info][gc             ] GC(28) Pause Young (Allocation Failure) 299M->299M(385M) 162.898ms
[1.325s][info][gc,cpu         ] GC(28) User=0.12s Sys=0.03s Real=0.16s
[1.325s][info][gc,start       ] GC(29) Pause Full (Allocation Failure)
[1.325s][info][gc,phases,start] GC(29) Phase 1: Mark live objects
[1.455s][info][gc,phases      ] GC(29) Phase 1: Mark live objects 130.669ms
[1.456s][info][gc,phases,start] GC(29) Phase 2: Compute new object addresses
[1.502s][info][gc,phases      ] GC(29) Phase 2: Compute new object addresses 46.709ms
[1.502s][info][gc,phases,start] GC(29) Phase 3: Adjust pointers
[1.554s][info][gc,phases      ] GC(29) Phase 3: Adjust pointers 51.818ms
[1.554s][info][gc,phases,start] GC(29) Phase 4: Move objects
[1.556s][info][gc,phases      ] GC(29) Phase 4: Move objects 2.221ms
[1.557s][info][gc,heap        ] GC(29) DefNew: 98687K(98688K)->10815K(222144K) Eden: 87744K(87744K)->10815K(197504K) From: 10943K(10944K)->0K(24640K)
[1.557s][info][gc,heap        ] GC(29) Tenured: 208286K(219196K)->296128K(493548K)
[1.557s][info][gc,metaspace   ] GC(29) Metaspace: 6302K(6528K)->6302K(6528K) NonClass: 5769K(5888K)->5769K(5888K) Class: 533K(640K)->533K(640K)
[1.557s][info][gc             ] GC(29) Pause Full (Allocation Failure) 299M->299M(698M) 232.634ms
[1.557s][info][gc,cpu         ] GC(29) User=0.23s Sys=0.00s Real=0.23s
[1.760s][info][gc,start       ] GC(30) Pause Young (Allocation Failure)
[2.100s][info][gc,heap        ] GC(30) DefNew: 197504K(222144K)->24639K(222144K) Eden: 197504K(197504K)->0K(197504K) From: 0K(24640K)->24639K(24640K)
[2.101s][info][gc,heap        ] GC(30) Tenured: 296128K(493548K)->468963K(493548K)
[2.101s][info][gc,metaspace   ] GC(30) Metaspace: 6302K(6528K)->6302K(6528K) NonClass: 5769K(5888K)->5769K(5888K) Class: 533K(640K)->533K(640K)
[2.101s][info][gc             ] GC(30) Pause Young (Allocation Failure) 482M->482M(698M) 340.938ms
[2.101s][info][gc,cpu         ] GC(30) User=0.25s Sys=0.06s Real=0.34s
[2.277s][info][gc,start       ] GC(31) Pause Young (Allocation Failure)
[2.646s][info][gc             ] GC(31) Pause Young (Allocation Failure) 674M->674M(867M) 369.096ms
[2.646s][info][gc,cpu         ] GC(31) User=0.30s Sys=0.08s Real=0.37s
[2.646s][info][gc,start       ] GC(32) Pause Full (Allocation Failure)
[2.646s][info][gc,phases,start] GC(32) Phase 1: Mark live objects
[2.945s][info][gc,phases      ] GC(32) Phase 1: Mark live objects 298.245ms
[2.945s][info][gc,phases,start] GC(32) Phase 2: Compute new object addresses
[3.048s][info][gc,phases      ] GC(32) Phase 2: Compute new object addresses 103.480ms
[3.048s][info][gc,phases,start] GC(32) Phase 3: Adjust pointers
[3.162s][info][gc,phases      ] GC(32) Phase 3: Adjust pointers 113.556ms
[3.162s][info][gc,phases,start] GC(32) Phase 4: Move objects
[3.167s][info][gc,phases      ] GC(32) Phase 4: Move objects 4.932ms
[3.169s][info][gc,heap        ] GC(32) DefNew: 222143K(222144K)->24468K(499968K) Eden: 197504K(197504K)->24468K(444416K) From: 24639K(24640K)->0K(55552K)
[3.169s][info][gc,heap        ] GC(32) Tenured: 468963K(493548K)->666607K(1111016K)
[3.169s][info][gc,metaspace   ] GC(32) Metaspace: 6302K(6528K)->6302K(6528K) NonClass: 5769K(5888K)->5769K(5888K) Class: 533K(640K)->533K(640K)
[3.169s][info][gc             ] GC(32) Pause Full (Allocation Failure) 674M->674M(1573M) 522.428ms
[3.169s][info][gc,cpu         ] GC(32) User=0.50s Sys=0.00s Real=0.52s
[3.621s][info][gc,start       ] GC(33) Pause Young (Allocation Failure)
[4.397s][info][gc,heap        ] GC(33) DefNew: 444416K(499968K)->55551K(499968K) Eden: 444416K(444416K)->0K(444416K) From: 0K(55552K)->55551K(55552K)
[4.397s][info][gc,heap        ] GC(33) Tenured: 666607K(1111016K)->1055444K(1111016K)
[4.397s][info][gc,metaspace   ] GC(33) Metaspace: 6302K(6528K)->6302K(6528K) NonClass: 5769K(5888K)->5769K(5888K) Class: 533K(640K)->533K(640K)
[4.397s][info][gc             ] GC(33) Pause Young (Allocation Failure) 1084M->1084M(1573M) 776.219ms
[4.397s][info][gc,cpu         ] GC(33) User=0.59s Sys=0.16s Real=0.78s
[4.865s][info][gc,start       ] GC(34) Pause Young (Allocation Failure)
[5.573s][info][gc             ] GC(34) Pause Young (Allocation Failure) 1518M->1465M(1899M) 708.006ms
[5.573s][info][gc,cpu         ] GC(34) User=0.56s Sys=0.12s Real=0.71s
[5.573s][info][gc,start       ] GC(35) Pause Full (Allocation Failure)
[5.573s][info][gc,phases,start] GC(35) Phase 1: Mark live objects
[6.207s][info][gc,phases      ] GC(35) Phase 1: Mark live objects 633.477ms
[6.207s][info][gc,phases,start] GC(35) Phase 2: Compute new object addresses
[6.419s][info][gc,phases      ] GC(35) Phase 2: Compute new object addresses 212.760ms
[6.419s][info][gc,phases,start] GC(35) Phase 3: Adjust pointers
[6.674s][info][gc,phases      ] GC(35) Phase 3: Adjust pointers 254.061ms
[6.674s][info][gc,phases,start] GC(35) Phase 4: Move objects
[6.684s][info][gc,phases      ] GC(35) Phase 4: Move objects 10.715ms
[6.688s][info][gc,heap        ] GC(35) DefNew: 499967K(499968K)->55437K(1084224K) Eden: 444416K(444416K)->55437K(963776K) From: 55551K(55552K)->0K(120448K)
[6.688s][info][gc,heap        ] GC(35) Tenured: 1055444K(1111016K)->1445547K(2409248K)
[6.688s][info][gc,metaspace   ] GC(35) Metaspace: 6302K(6528K)->6302K(6528K) NonClass: 5769K(5888K)->5769K(5888K) Class: 533K(640K)->533K(640K)
[6.688s][info][gc             ] GC(35) Pause Full (Allocation Failure) 1465M->1465M(3411M) 1115.204ms
[6.688s][info][gc,cpu         ] GC(35) User=1.11s Sys=0.00s Real=1.12s
[7.627s][info][gc,start       ] GC(36) Pause Young (Allocation Failure)
[9.322s][info][gc,heap        ] GC(36) DefNew: 963776K(1084224K)->120447K(1084224K) Eden: 963776K(963776K)->0K(963776K) From: 0K(120448K)->120447K(120448K)
[9.322s][info][gc,heap        ] GC(36) Tenured: 1445547K(2409248K)->2288842K(2409248K)
[9.322s][info][gc,metaspace   ] GC(36) Metaspace: 6302K(6528K)->6302K(6528K) NonClass: 5769K(5888K)->5769K(5888K) Class: 533K(640K)->533K(640K)
[9.322s][info][gc             ] GC(36) Pause Young (Allocation Failure) 2352M->2352M(3411M) 1694.555ms
[9.322s][info][gc,cpu         ] GC(36) User=1.47s Sys=0.20s Real=1.69s
[10.296s][info][gc,start       ] GC(37) Pause Young (Allocation Failure)
[12.176s][info][gc             ] GC(37) Pause Young (Allocation Failure) 3294M->3293M(4235M) 1879.178ms
[12.176s][info][gc,cpu         ] GC(37) User=1.33s Sys=0.53s Real=1.88s
[12.176s][info][gc,start       ] GC(38) Pause Full (Allocation Failure)
[12.176s][info][gc,phases,start] GC(38) Phase 1: Mark live objects
[13.615s][info][gc,phases      ] GC(38) Phase 1: Mark live objects 1439.636ms
[13.615s][info][gc,phases,start] GC(38) Phase 2: Compute new object addresses
[14.083s][info][gc,phases      ] GC(38) Phase 2: Compute new object addresses 467.026ms
[14.083s][info][gc,phases,start] GC(38) Phase 3: Adjust pointers
[14.719s][info][gc,phases      ] GC(38) Phase 3: Adjust pointers 636.000ms
[14.719s][info][gc,phases,start] GC(38) Phase 4: Move objects
[15.325s][info][gc,phases      ] GC(38) Phase 4: Move objects 606.582ms
[15.344s][info][gc,heap        ] GC(38) DefNew: 1084223K(1084224K)->26181K(2439552K) Eden: 963776K(963776K)->26181K(2168512K) From: 120447K(120448K)->0K(271040K)
[15.344s][info][gc,heap        ] GC(38) Tenured: 2288842K(2409248K)->3252643K(5421076K)
[15.344s][info][gc,metaspace   ] GC(38) Metaspace: 6302K(6528K)->6302K(6528K) NonClass: 5769K(5888K)->5769K(5888K) Class: 533K(640K)->533K(640K)
[15.344s][info][gc             ] GC(38) Pause Full (Allocation Failure) 3293M->3201M(7676M) 3168.067ms
[15.344s][info][gc,cpu         ] GC(38) User=3.14s Sys=0.02s Real=3.17s
[18.043s][info][gc,start       ] GC(39) Pause Young (Allocation Failure)
[22.935s][info][gc,heap        ] GC(39) DefNew: 2168512K(2439552K)->271039K(2439552K) Eden: 2168512K(2168512K)->0K(2168512K) From: 0K(271040K)->271039K(271040K)
[22.935s][info][gc,heap        ] GC(39) Tenured: 3252643K(5421076K)->5150083K(5421076K)
[22.935s][info][gc,metaspace   ] GC(39) Metaspace: 6302K(6528K)->6302K(6528K) NonClass: 5769K(5888K)->5769K(5888K) Class: 533K(640K)->533K(640K)
[22.935s][info][gc             ] GC(39) Pause Young (Allocation Failure) 5294M->5294M(7676M) 4891.591ms
[22.935s][info][gc,cpu         ] GC(39) User=3.28s Sys=1.58s Real=4.89s
[24.941s][info][gc,start       ] GC(40) Pause Young (Allocation Failure)
[30.008s][info][gc             ] GC(40) Pause Young (Allocation Failure) 7411M->7411M(9529M) 5067.262ms
[30.008s][info][gc,cpu         ] GC(40) User=3.11s Sys=1.89s Real=5.07s
[30.008s][info][gc,start       ] GC(41) Pause Full (Allocation Failure)
[30.008s][info][gc,phases,start] GC(41) Phase 1: Mark live objects
[33.203s][info][gc,phases      ] GC(41) Phase 1: Mark live objects 3194.821ms
[33.203s][info][gc,phases,start] GC(41) Phase 2: Compute new object addresses
[34.269s][info][gc,phases      ] GC(41) Phase 2: Compute new object addresses 1066.191ms
[34.269s][info][gc,phases,start] GC(41) Phase 3: Adjust pointers
[35.517s][info][gc,phases      ] GC(41) Phase 3: Adjust pointers 1247.257ms
[35.517s][info][gc,phases,start] GC(41) Phase 4: Move objects
[35.569s][info][gc,phases      ] GC(41) Phase 4: Move objects 52.781ms
[35.800s][info][gc,heap        ] GC(41) DefNew: 2439551K(2439552K)->270924K(5253120K) Eden: 2168512K(2168512K)->270924K(4669440K) From: 271039K(271040K)->0K(583680K)
[35.801s][info][gc,heap        ] GC(41) Tenured: 5150083K(5421076K)->7318679K(11673600K)
[35.801s][info][gc,metaspace   ] GC(41) Metaspace: 6302K(6528K)->6302K(6528K) NonClass: 5769K(5888K)->5769K(5888K) Class: 533K(640K)->533K(640K)
[35.801s][info][gc             ] GC(41) Pause Full (Allocation Failure) 7411M->7411M(16530M) 5792.473ms
[35.801s][info][gc,cpu         ] GC(41) User=5.53s Sys=0.00s Real=5.79s
[41.115s][info][gc,start       ] GC(42) Pause Young (Allocation Failure)
[58.144s][info][gc,heap        ] GC(42) DefNew: 4423577K(5253120K)->583679K(5253120K) Eden: 4423577K(4669440K)->0K(4669440K) From: 0K(583680K)->583679K(583680K)
[58.145s][info][gc,heap        ] GC(42) Tenured: 7318679K(11673600K)->11135339K(11673600K)
[58.145s][info][gc,metaspace   ] GC(42) Metaspace: 6302K(6528K)->6302K(6528K) NonClass: 5769K(5888K)->5769K(5888K) Class: 533K(640K)->533K(640K)
[58.145s][info][gc             ] GC(42) Pause Young (Allocation Failure) 11467M->11444M(16530M) 17030.422ms
[58.145s][info][gc,cpu         ] GC(42) User=5.61s Sys=6.08s Real=17.03s
[69.759s][info][gc,start       ] GC(43) Pause Young (Allocation Failure)
[69.759s][info][gc             ] GC(43) Pause Young (Allocation Failure) 16004M->16004M(16530M) 0.140ms
[69.759s][info][gc,cpu         ] GC(43) User=0.00s Sys=0.00s Real=0.00s
[69.759s][info][gc,start       ] GC(44) Pause Full (Allocation Failure)
[69.759s][info][gc,phases,start] GC(44) Phase 1: Mark live objects
[110.005s][info][gc,phases      ] GC(44) Phase 1: Mark live objects 40245.679ms
[110.005s][info][gc,phases,start] GC(44) Phase 2: Compute new object addresses
[138.857s][info][gc,phases      ] GC(44) Phase 2: Compute new object addresses 28851.858ms
[138.857s][info][gc,phases,start] GC(44) Phase 3: Adjust pointers
[194.656s][info][gc,phases      ] GC(44) Phase 3: Adjust pointers 55797.185ms
[194.656s][info][gc,phases,start] GC(44) Phase 4: Move objects
[196.164s][info][gc,phases      ] GC(44) Phase 4: Move objects 1508.121ms
[196.216s][info][gc,heap        ] GC(44) DefNew: 5253119K(5253120K)->4694860K(5253120K) Eden: 4669440K(4669440K)->4669439K(4669440K) From: 583679K(583680K)->25420K(583680K)
[196.216s][info][gc,heap        ] GC(44) Tenured: 11135339K(11673600K)->11673599K(11673600K)
[196.217s][info][gc,metaspace   ] GC(44) Metaspace: 6302K(6528K)->6302K(6528K) NonClass: 5769K(5888K)->5769K(5888K) Class: 533K(640K)->533K(640K)
[196.218s][info][gc             ] GC(44) Pause Full (Allocation Failure) 16004M->15984M(16530M) 126458.421ms
[196.218s][info][gc,cpu         ] GC(44) User=11.09s Sys=45.50s Real=126.46s
[197.933s][info][gc,start       ] GC(45) Pause Full (Allocation Failure)
[197.934s][info][gc,phases,start] GC(45) Phase 1: Mark live objects
[241.987s][info][gc,phases      ] GC(45) Phase 1: Mark live objects 44052.955ms
[241.991s][info][gc,phases,start] GC(45) Phase 2: Compute new object addresses
[270.796s][info][gc,phases      ] GC(45) Phase 2: Compute new object addresses 28806.306ms
[270.796s][info][gc,phases,start] GC(45) Phase 3: Adjust pointers
[325.605s][info][gc,phases      ] GC(45) Phase 3: Adjust pointers 54803.257ms
[325.607s][info][gc,phases,start] GC(45) Phase 4: Move objects
[325.608s][info][gc,phases      ] GC(45) Phase 4: Move objects 1.063ms
[325.643s][info][gc,heap        ] GC(45) DefNew: 5253119K(5253120K)->5253119K(5253120K) Eden: 4669439K(4669440K)->4669439K(4669440K) From: 583679K(583680K)->583679K(583680K)
[325.643s][info][gc,heap        ] GC(45) Tenured: 11673599K(11673600K)->11673599K(11673600K)
[325.643s][info][gc,metaspace   ] GC(45) Metaspace: 6302K(6528K)->6302K(6528K) NonClass: 5769K(5888K)->5769K(5888K) Class: 533K(640K)->533K(640K)
[325.650s][info][gc             ] GC(45) Pause Full (Allocation Failure) 16529M->16529M(16530M) 127715.854ms
[325.651s][info][gc,cpu         ] GC(45) User=11.48s Sys=44.47s Real=127.72s
[325.651s][info][gc,start       ] GC(46) Pause Full (Allocation Failure)
[325.652s][info][gc,phases,start] GC(46) Phase 1: Mark live objects
[369.694s][info][gc,phases      ] GC(46) Phase 1: Mark live objects 44042.208ms
[369.694s][info][gc,phases,start] GC(46) Phase 2: Compute new object addresses
[396.170s][info][gc,phases      ] GC(46) Phase 2: Compute new object addresses 26474.965ms
[396.170s][info][gc,phases,start] GC(46) Phase 3: Adjust pointers
[458.070s][info][gc,phases      ] GC(46) Phase 3: Adjust pointers 61899.062ms
[458.071s][info][gc,phases,start] GC(46) Phase 4: Move objects
[512.309s][info][gc,phases      ] GC(46) Phase 4: Move objects 54236.970ms
[512.334s][info][gc,heap        ] GC(46) DefNew: 5253119K(5253120K)->4859899K(5253120K) Eden: 4669439K(4669440K)->4669439K(4669440K) From: 583679K(583680K)->190459K(583680K)
[512.335s][info][gc,heap        ] GC(46) Tenured: 11673599K(11673600K)->11673599K(11673600K)
[512.335s][info][gc,metaspace   ] GC(46) Metaspace: 6302K(6528K)->6301K(6528K) NonClass: 5769K(5888K)->5768K(5888K) Class: 533K(640K)->532K(640K)
[512.337s][info][gc             ] GC(46) Pause Full (Allocation Failure) 16529M->16145M(16530M) 186685.225ms
[512.337s][info][gc,cpu         ] GC(46) User=13.38s Sys=68.62s Real=186.69s
[514.011s][info][gc,start       ] GC(47) Pause Full (Allocation Failure)
[514.013s][info][gc,phases,start] GC(47) Phase 1: Mark live objects
[568.108s][info][gc,phases      ] GC(47) Phase 1: Mark live objects 54094.855ms
[568.110s][info][gc,phases,start] GC(47) Phase 2: Compute new object addresses
[596.489s][info][gc,phases      ] GC(47) Phase 2: Compute new object addresses 28378.411ms
[596.489s][info][gc,phases,start] GC(47) Phase 3: Adjust pointers
[656.229s][info][gc,phases      ] GC(47) Phase 3: Adjust pointers 59739.343ms
[656.230s][info][gc,phases,start] GC(47) Phase 4: Move objects
[656.231s][info][gc,phases      ] GC(47) Phase 4: Move objects 0.603ms
[656.251s][info][gc,heap        ] GC(47) DefNew: 5253119K(5253120K)->5253119K(5253120K) Eden: 4669439K(4669440K)->4669439K(4669440K) From: 583679K(583680K)->583679K(583680K)
[656.251s][info][gc,heap        ] GC(47) Tenured: 11673599K(11673600K)->11673599K(11673600K)
[656.251s][info][gc,metaspace   ] GC(47) Metaspace: 6301K(6528K)->6301K(6528K) NonClass: 5768K(5888K)->5768K(5888K) Class: 532K(640K)->532K(640K)
[656.253s][info][gc             ] GC(47) Pause Full (Allocation Failure) 16529M->16529M(16530M) 142241.754ms
[656.254s][info][gc,cpu         ] GC(47) User=10.77s Sys=49.69s Real=142.24s
[656.254s][info][gc,start       ] GC(48) Pause Full (Allocation Failure)
[656.255s][info][gc,phases,start] GC(48) Phase 1: Mark live objects
[704.186s][info][gc,phases      ] GC(48) Phase 1: Mark live objects 47931.058ms
[704.186s][info][gc,phases,start] GC(48) Phase 2: Compute new object addresses
[735.751s][info][gc,phases      ] GC(48) Phase 2: Compute new object addresses 31564.482ms
[735.751s][info][gc,phases,start] GC(48) Phase 3: Adjust pointers
[791.206s][info][gc,phases      ] GC(48) Phase 3: Adjust pointers 55454.837ms
[791.207s][info][gc,phases,start] GC(48) Phase 4: Move objects
[791.207s][info][gc,phases      ] GC(48) Phase 4: Move objects 0.130ms
[791.218s][info][gc,heap        ] GC(48) DefNew: 5253119K(5253120K)->5253119K(5253120K) Eden: 4669439K(4669440K)->4669439K(4669440K) From: 583679K(583680K)->583679K(583680K)
[791.218s][info][gc,heap        ] GC(48) Tenured: 11673599K(11673600K)->11673599K(11673600K)
[791.218s][info][gc,metaspace   ] GC(48) Metaspace: 6301K(6528K)->6301K(6528K) NonClass: 5768K(5888K)->5768K(5888K) Class: 532K(640K)->532K(640K)
[791.219s][info][gc             ] GC(48) Pause Full (Allocation Failure) 16529M->16529M(16530M) 134964.986ms
[791.219s][info][gc,cpu         ] GC(48) User=11.22s Sys=52.39s Real=134.97s
[791.237s][info][gc,start       ] GC(49) Pause Full (Allocation Failure)
[791.238s][info][gc,phases,start] GC(49) Phase 1: Mark live objects
[837.110s][info][gc,phases      ] GC(49) Phase 1: Mark live objects 45871.232ms
[837.110s][info][gc,phases,start] GC(49) Phase 2: Compute new object addresses
[868.621s][info][gc,phases      ] GC(49) Phase 2: Compute new object addresses 31511.163ms
[868.622s][info][gc,phases,start] GC(49) Phase 3: Adjust pointers
[924.304s][info][gc,phases      ] GC(49) Phase 3: Adjust pointers 55681.208ms
[924.305s][info][gc,phases,start] GC(49) Phase 4: Move objects
[924.305s][info][gc,phases      ] GC(49) Phase 4: Move objects 0.189ms
[924.317s][info][gc,heap        ] GC(49) DefNew: 5253119K(5253120K)->5253119K(5253120K) Eden: 4669439K(4669440K)->4669439K(4669440K) From: 583680K(583680K)->583680K(583680K)
[924.317s][info][gc,heap        ] GC(49) Tenured: 11673599K(11673600K)->11673599K(11673600K)
[924.317s][info][gc,metaspace   ] GC(49) Metaspace: 6301K(6528K)->6301K(6528K) NonClass: 5768K(5888K)->5768K(5888K) Class: 532K(640K)->532K(640K)
[924.319s][info][gc             ] GC(49) Pause Full (Allocation Failure) 16529M->16529M(16530M) 133080.902ms
[924.319s][info][gc,cpu         ] GC(49) User=10.59s Sys=51.58s Real=133.08s
[924.319s][info][gc,start       ] GC(50) Pause Full (Allocation Failure)
[924.320s][info][gc,phases,start] GC(50) Phase 1: Mark live objects
[969.503s][info][gc,phases      ] GC(50) Phase 1: Mark live objects 45183.448ms
[969.504s][info][gc,phases,start] GC(50) Phase 2: Compute new object addresses
[1002.291s][info][gc,phases      ] GC(50) Phase 2: Compute new object addresses 32787.347ms
[1002.291s][info][gc,phases,start] GC(50) Phase 3: Adjust pointers
[1062.966s][info][gc,phases      ] GC(50) Phase 3: Adjust pointers 60673.391ms
[1062.966s][info][gc,phases,start] GC(50) Phase 4: Move objects
[1115.609s][info][gc,phases      ] GC(50) Phase 4: Move objects 52637.923ms
[1115.636s][info][gc,heap        ] GC(50) DefNew: 5253119K(5253120K)->5253118K(5253120K) Eden: 4669439K(4669440K)->4669439K(4669440K) From: 583680K(583680K)->583678K(583680K)
[1115.636s][info][gc,heap        ] GC(50) Tenured: 11673599K(11673600K)->11673599K(11673600K)
[1115.636s][info][gc,metaspace   ] GC(50) Metaspace: 6301K(6528K)->6301K(6528K) NonClass: 5768K(5888K)->5768K(5888K) Class: 532K(640K)->532K(640K)
[1115.642s][info][gc             ] GC(50) Pause Full (Allocation Failure) 16529M->16529M(16530M) 191322.885ms
[1115.643s][info][gc,cpu         ] GC(50) User=12.77s Sys=65.80s Real=191.32s
[1115.765s][info][gc,start       ] GC(51) Pause Full (Allocation Failure)
[1115.766s][info][gc,phases,start] GC(51) Phase 1: Mark live objects
[1169.000s][info][gc,phases      ] GC(51) Phase 1: Mark live objects 53233.555ms
[1169.001s][info][gc,phases,start] GC(51) Phase 2: Compute new object addresses
[1197.029s][info][gc,phases      ] GC(51) Phase 2: Compute new object addresses 28027.302ms
[1197.029s][info][gc,phases,start] GC(51) Phase 3: Adjust pointers
[1255.031s][info][gc,phases      ] GC(51) Phase 3: Adjust pointers 58000.080ms
[1255.031s][info][gc,phases,start] GC(51) Phase 4: Move objects
[1255.032s][info][gc,phases      ] GC(51) Phase 4: Move objects 0.995ms
[1255.076s][info][gc,heap        ] GC(51) DefNew: 5253119K(5253120K)->5253119K(5253120K) Eden: 4669439K(4669440K)->4669439K(4669440K) From: 583679K(583680K)->583679K(583680K)
[1255.076s][info][gc,heap        ] GC(51) Tenured: 11673599K(11673600K)->11673599K(11673600K)
[1255.077s][info][gc,metaspace   ] GC(51) Metaspace: 6302K(6528K)->6302K(6528K) NonClass: 5768K(5888K)->5768K(5888K) Class: 533K(640K)->533K(640K)
[1255.079s][info][gc             ] GC(51) Pause Full (Allocation Failure) 16529M->16529M(16530M) 139313.785ms
[1255.081s][info][gc,cpu         ] GC(51) User=9.84s Sys=50.52s Real=139.31s
[1255.137s][info][gc,heap,exit   ] Heap
[1255.137s][info][gc,heap,exit   ]  def new generation   total 5253120K, used 5253119K [0x00000003d3400000, 0x0000000537800000, 0x0000000537800000)
[1255.137s][info][gc,heap,exit   ]   eden space 4669440K,  99% used [0x00000003d3400000, 0x00000004f03ffff8, 0x00000004f0400000)
[1255.137s][info][gc,heap,exit   ]   from space 583680K,  99% used [0x0000000513e00000, 0x00000005377fffd0, 0x0000000537800000)
[1255.137s][info][gc,heap,exit   ]   to   space 583680K,   0% used [0x00000004f0400000, 0x00000004f0400000, 0x0000000513e00000)
[1255.137s][info][gc,heap,exit   ]  tenured generation   total 11673600K, used 11673599K [0x0000000537800000, 0x0000000800000000, 0x0000000800000000)
[1255.137s][info][gc,heap,exit   ]    the space 11673600K,  99% used [0x0000000537800000, 0x00000007ffffffb8, 0x0000000800000000, 0x0000000800000000)
[1255.137s][info][gc,heap,exit   ]  Metaspace       used 6305K, committed 6528K, reserved 1114112K
[1255.137s][info][gc,heap,exit   ]   class space    used 534K, committed 640K, reserved 1048576K
