[0.012s][info][gc,init] CardTable entry size: 512
[0.012s][info][gc     ] Using Serial
[0.012s][info][gc,init] Version: 18.0.1+10 (release)
[0.012s][info][gc,init] CPUs: 8 total, 8 available
[0.012s][info][gc,init] Memory: 16063M
[0.012s][info][gc,init] Large Page Support: Disabled
[0.012s][info][gc,init] NUMA Support: Disabled
[0.012s][info][gc,init] Compressed Oops: Enabled (Zero based)
[0.012s][info][gc,init] Heap Min Capacity: 2M
[0.012s][info][gc,init] Heap Initial Capacity: 2M
[0.012s][info][gc,init] Heap Max Capacity: 7800M
[0.012s][info][gc,init] Pre-touch: Disabled
[0.013s][info][gc,metaspace] CDS archive(s) not mapped
[0.013s][info][gc,metaspace] Compressed class space mapped at: 0x0000000800000000-0x0000000840000000, reserved size: 1073741824
[0.013s][info][gc,metaspace] Narrow klass base: 0x0000000800000000, Narrow klass shift: 0, Narrow klass range: 0x40000000
[0.167s][info][gc,start    ] GC(0) Pause Young (Allocation Failure)
[0.168s][info][gc,heap     ] GC(0) DefNew: 1023K(1152K)->127K(1152K) Eden: 1023K(1024K)->0K(1024K) From: 0K(128K)->127K(128K)
[0.168s][info][gc,heap     ] GC(0) Tenured: 0K(768K)->439K(768K)
[0.168s][info][gc,metaspace] GC(0) Metaspace: 5903K(6016K)->5903K(6016K) NonClass: 5403K(5504K)->5403K(5504K) Class: 499K(512K)->499K(512K)
[0.168s][info][gc          ] GC(0) Pause Young (Allocation Failure) 0M->0M(1M) 1.643ms
[0.168s][info][gc,cpu      ] GC(0) User=0.00s Sys=0.00s Real=0.00s
[0.187s][info][gc,start    ] GC(1) Pause Young (Allocation Failure)
[0.188s][info][gc          ] GC(1) Pause Young (Allocation Failure) 1M->0M(2M) 1.204ms
[0.188s][info][gc,cpu      ] GC(1) User=0.00s Sys=0.00s Real=0.00s
[0.188s][info][gc,start    ] GC(2) Pause Full (Allocation Failure)
[0.188s][info][gc,phases,start] GC(2) Phase 1: Mark live objects
[0.189s][info][gc,phases      ] GC(2) Phase 1: Mark live objects 0.907ms
[0.189s][info][gc,phases,start] GC(2) Phase 2: Compute new object addresses
[0.189s][info][gc,phases      ] GC(2) Phase 2: Compute new object addresses 0.216ms
[0.189s][info][gc,phases,start] GC(2) Phase 3: Adjust pointers
[0.190s][info][gc,phases      ] GC(2) Phase 3: Adjust pointers 0.519ms
[0.190s][info][gc,phases,start] GC(2) Phase 4: Move objects
[0.190s][info][gc,phases      ] GC(2) Phase 4: Move objects 0.061ms
[0.190s][info][gc,heap        ] GC(2) DefNew: 1151K(1152K)->40K(1152K) Eden: 1024K(1024K)->40K(1024K) From: 127K(128K)->0K(128K)
[0.190s][info][gc,heap        ] GC(2) Tenured: 439K(768K)->959K(1600K)
[0.190s][info][gc,metaspace   ] GC(2) Metaspace: 6299K(6464K)->6299K(6464K) NonClass: 5766K(5824K)->5766K(5824K) Class: 533K(640K)->533K(640K)
[0.190s][info][gc             ] GC(2) Pause Full (Allocation Failure) 0M->0M(2M) 1.971ms
[0.190s][info][gc,cpu         ] GC(2) User=0.00s Sys=0.00s Real=0.00s
[0.191s][info][gc,start       ] GC(3) Pause Young (Allocation Failure)
[0.193s][info][gc,heap        ] GC(3) DefNew: 1024K(1152K)->127K(1152K) Eden: 1024K(1024K)->0K(1024K) From: 0K(128K)->127K(128K)
[0.193s][info][gc,heap        ] GC(3) Tenured: 959K(1600K)->1374K(1600K)
[0.193s][info][gc,metaspace   ] GC(3) Metaspace: 6299K(6464K)->6299K(6464K) NonClass: 5766K(5824K)->5766K(5824K) Class: 533K(640K)->533K(640K)
[0.193s][info][gc             ] GC(3) Pause Young (Allocation Failure) 1M->1M(2M) 1.784ms
[0.193s][info][gc,cpu         ] GC(3) User=0.00s Sys=0.00s Real=0.00s
[0.195s][info][gc,start       ] GC(4) Pause Young (Allocation Failure)
[0.196s][info][gc             ] GC(4) Pause Young (Allocation Failure) 2M->1M(3M) 1.180ms
[0.196s][info][gc,cpu         ] GC(4) User=0.00s Sys=0.00s Real=0.00s
[0.196s][info][gc,start       ] GC(5) Pause Full (Allocation Failure)
[0.196s][info][gc,phases,start] GC(5) Phase 1: Mark live objects
[0.197s][info][gc,phases      ] GC(5) Phase 1: Mark live objects 1.356ms
[0.197s][info][gc,phases,start] GC(5) Phase 2: Compute new object addresses
[0.198s][info][gc,phases      ] GC(5) Phase 2: Compute new object addresses 0.343ms
[0.198s][info][gc,phases,start] GC(5) Phase 3: Adjust pointers
[0.199s][info][gc,phases      ] GC(5) Phase 3: Adjust pointers 0.652ms
[0.199s][info][gc,phases,start] GC(5) Phase 4: Move objects
[0.199s][info][gc,phases      ] GC(5) Phase 4: Move objects 0.067ms
[0.199s][info][gc,heap        ] GC(5) DefNew: 1151K(1152K)->34K(1536K) Eden: 1024K(1024K)->34K(1408K) From: 127K(128K)->0K(128K)
[0.199s][info][gc,heap        ] GC(5) Tenured: 1374K(1600K)->1984K(3308K)
[0.199s][info][gc,metaspace   ] GC(5) Metaspace: 6299K(6464K)->6299K(6464K) NonClass: 5766K(5824K)->5766K(5824K) Class: 533K(640K)->533K(640K)
[0.199s][info][gc             ] GC(5) Pause Full (Allocation Failure) 1M->1M(4M) 2.734ms
[0.199s][info][gc,cpu         ] GC(5) User=0.00s Sys=0.00s Real=0.00s
[0.201s][info][gc,start       ] GC(6) Pause Young (Allocation Failure)
[0.202s][info][gc,heap        ] GC(6) DefNew: 1408K(1536K)->127K(1536K) Eden: 1408K(1408K)->0K(1408K) From: 0K(128K)->127K(128K)
[0.202s][info][gc,heap        ] GC(6) Tenured: 1984K(3308K)->2617K(3308K)
[0.202s][info][gc,metaspace   ] GC(6) Metaspace: 6299K(6464K)->6299K(6464K) NonClass: 5766K(5824K)->5766K(5824K) Class: 533K(640K)->533K(640K)
[0.203s][info][gc             ] GC(6) Pause Young (Allocation Failure) 3M->2M(4M) 1.835ms
[0.203s][info][gc,cpu         ] GC(6) User=0.00s Sys=0.00s Real=0.00s
[0.204s][info][gc,start       ] GC(7) Pause Young (Allocation Failure)
[0.206s][info][gc             ] GC(7) Pause Young (Allocation Failure) 4M->3M(4M) 1.506ms
[0.206s][info][gc,cpu         ] GC(7) User=0.00s Sys=0.00s Real=0.00s
[0.206s][info][gc,start       ] GC(8) Pause Full (Allocation Failure)
[0.206s][info][gc,phases,start] GC(8) Phase 1: Mark live objects
[0.208s][info][gc,phases      ] GC(8) Phase 1: Mark live objects 2.679ms
[0.208s][info][gc,phases,start] GC(8) Phase 2: Compute new object addresses
[0.209s][info][gc,phases      ] GC(8) Phase 2: Compute new object addresses 0.589ms
[0.209s][info][gc,phases,start] GC(8) Phase 3: Adjust pointers
[0.210s][info][gc,phases      ] GC(8) Phase 3: Adjust pointers 0.921ms
[0.210s][info][gc,phases,start] GC(8) Phase 4: Move objects
[0.210s][info][gc,phases      ] GC(8) Phase 4: Move objects 0.074ms
[0.210s][info][gc,heap        ] GC(8) DefNew: 1535K(1536K)->0K(2688K) Eden: 1408K(1408K)->0K(2432K) From: 127K(128K)->0K(256K)
[0.210s][info][gc,heap        ] GC(8) Tenured: 2617K(3308K)->3459K(5768K)
[0.210s][info][gc,metaspace   ] GC(8) Metaspace: 6299K(6464K)->6299K(6464K) NonClass: 5766K(5824K)->5766K(5824K) Class: 533K(640K)->533K(640K)
[0.210s][info][gc             ] GC(8) Pause Full (Allocation Failure) 3M->3M(8M) 4.602ms
[0.210s][info][gc,cpu         ] GC(8) User=0.00s Sys=0.00s Real=0.00s
[0.215s][info][gc,start       ] GC(9) Pause Young (Allocation Failure)
[0.218s][info][gc,heap        ] GC(9) DefNew: 2432K(2688K)->256K(2688K) Eden: 2432K(2432K)->0K(2432K) From: 0K(256K)->256K(256K)
[0.219s][info][gc,heap        ] GC(9) Tenured: 3459K(5768K)->4512K(5768K)
[0.219s][info][gc,metaspace   ] GC(9) Metaspace: 6299K(6464K)->6299K(6464K) NonClass: 5766K(5824K)->5766K(5824K) Class: 533K(640K)->533K(640K)
[0.219s][info][gc             ] GC(9) Pause Young (Allocation Failure) 5M->4M(8M) 4.034ms
[0.219s][info][gc,cpu         ] GC(9) User=0.00s Sys=0.00s Real=0.00s
[0.222s][info][gc,start       ] GC(10) Pause Young (Allocation Failure)
[0.226s][info][gc,heap        ] GC(10) DefNew: 2688K(2688K)->256K(2688K) Eden: 2432K(2432K)->0K(2432K) From: 256K(256K)->256K(256K)
[0.226s][info][gc,heap        ] GC(10) Tenured: 4512K(5768K)->5754K(5768K)
[0.226s][info][gc,metaspace   ] GC(10) Metaspace: 6299K(6464K)->6299K(6464K) NonClass: 5766K(5824K)->5766K(5824K) Class: 533K(640K)->533K(640K)
[0.226s][info][gc             ] GC(10) Pause Young (Allocation Failure) 7M->5M(8M) 3.757ms
[0.226s][info][gc,cpu         ] GC(10) User=0.00s Sys=0.00s Real=0.00s
[0.229s][info][gc,start       ] GC(11) Pause Young (Allocation Failure)
[0.233s][info][gc             ] GC(11) Pause Young (Allocation Failure) 8M->7M(9M) 4.304ms
[0.234s][info][gc,cpu         ] GC(11) User=0.00s Sys=0.00s Real=0.01s
[0.234s][info][gc,start       ] GC(12) Pause Full (Allocation Failure)
[0.234s][info][gc,phases,start] GC(12) Phase 1: Mark live objects
[0.240s][info][gc,phases      ] GC(12) Phase 1: Mark live objects 5.938ms
[0.240s][info][gc,phases,start] GC(12) Phase 2: Compute new object addresses
[0.243s][info][gc,phases      ] GC(12) Phase 2: Compute new object addresses 2.909ms
[0.243s][info][gc,phases,start] GC(12) Phase 3: Adjust pointers
[0.245s][info][gc,phases      ] GC(12) Phase 3: Adjust pointers 2.298ms
[0.245s][info][gc,phases,start] GC(12) Phase 4: Move objects
[0.247s][info][gc,phases      ] GC(12) Phase 4: Move objects 1.703ms
[0.247s][info][gc,heap        ] GC(12) DefNew: 2688K(2688K)->0K(5376K) Eden: 2432K(2432K)->0K(4800K) From: 256K(256K)->0K(576K)
[0.247s][info][gc,heap        ] GC(12) Tenured: 5754K(5768K)->7132K(11888K)
[0.247s][info][gc,metaspace   ] GC(12) Metaspace: 6299K(6464K)->6299K(6464K) NonClass: 5766K(5824K)->5766K(5824K) Class: 533K(640K)->533K(640K)
[0.247s][info][gc             ] GC(12) Pause Full (Allocation Failure) 7M->6M(16M) 13.426ms
[0.247s][info][gc,cpu         ] GC(12) User=0.00s Sys=0.00s Real=0.01s
[0.253s][info][gc,start       ] GC(13) Pause Young (Allocation Failure)
[0.259s][info][gc,heap        ] GC(13) DefNew: 4800K(5376K)->576K(5376K) Eden: 4800K(4800K)->0K(4800K) From: 0K(576K)->576K(576K)
[0.259s][info][gc,heap        ] GC(13) Tenured: 7132K(11888K)->9027K(11888K)
[0.259s][info][gc,metaspace   ] GC(13) Metaspace: 6299K(6464K)->6299K(6464K) NonClass: 5766K(5824K)->5766K(5824K) Class: 533K(640K)->533K(640K)
[0.259s][info][gc             ] GC(13) Pause Young (Allocation Failure) 11M->9M(16M) 6.098ms
[0.259s][info][gc,cpu         ] GC(13) User=0.00s Sys=0.00s Real=0.01s
[0.264s][info][gc,start       ] GC(14) Pause Young (Allocation Failure)
[0.271s][info][gc,heap        ] GC(14) DefNew: 5376K(5376K)->576K(5376K) Eden: 4800K(4800K)->0K(4800K) From: 576K(576K)->576K(576K)
[0.271s][info][gc,heap        ] GC(14) Tenured: 9027K(11888K)->11746K(11888K)
[0.271s][info][gc,metaspace   ] GC(14) Metaspace: 6299K(6464K)->6299K(6464K) NonClass: 5766K(5824K)->5766K(5824K) Class: 533K(640K)->533K(640K)
[0.271s][info][gc             ] GC(14) Pause Young (Allocation Failure) 14M->12M(16M) 7.163ms
[0.271s][info][gc,cpu         ] GC(14) User=0.00s Sys=0.00s Real=0.01s
[0.276s][info][gc,start       ] GC(15) Pause Young (Allocation Failure)
[0.283s][info][gc             ] GC(15) Pause Young (Allocation Failure) 16M->14M(19M) 7.014ms
[0.283s][info][gc,cpu         ] GC(15) User=0.00s Sys=0.00s Real=0.01s
[0.283s][info][gc,start       ] GC(16) Pause Full (Allocation Failure)
[0.283s][info][gc,phases,start] GC(16) Phase 1: Mark live objects
[0.292s][info][gc,phases      ] GC(16) Phase 1: Mark live objects 8.880ms
[0.292s][info][gc,phases,start] GC(16) Phase 2: Compute new object addresses
[0.295s][info][gc,phases      ] GC(16) Phase 2: Compute new object addresses 2.451ms
[0.295s][info][gc,phases,start] GC(16) Phase 3: Adjust pointers
[0.298s][info][gc,phases      ] GC(16) Phase 3: Adjust pointers 3.368ms
[0.298s][info][gc,phases,start] GC(16) Phase 4: Move objects
[0.298s][info][gc,phases      ] GC(16) Phase 4: Move objects 0.176ms
[0.298s][info][gc,heap        ] GC(16) DefNew: 5376K(5376K)->386K(10880K) Eden: 4800K(4800K)->386K(9728K) From: 576K(576K)->0K(1152K)
[0.298s][info][gc,heap        ] GC(16) Tenured: 11746K(11888K)->14383K(23976K)
[0.298s][info][gc,metaspace   ] GC(16) Metaspace: 6301K(6464K)->6301K(6464K) NonClass: 5768K(5824K)->5768K(5824K) Class: 533K(640K)->533K(640K)
[0.298s][info][gc             ] GC(16) Pause Full (Allocation Failure) 14M->14M(34M) 15.268ms
[0.298s][info][gc,cpu         ] GC(16) User=0.02s Sys=0.00s Real=0.01s
[0.306s][info][gc,start       ] GC(17) Pause Young (Allocation Failure)
[0.319s][info][gc,heap        ] GC(17) DefNew: 9728K(10880K)->1151K(10880K) Eden: 9728K(9728K)->0K(9728K) From: 0K(1152K)->1151K(1152K)
[0.319s][info][gc,heap        ] GC(17) Tenured: 14383K(23976K)->18415K(23976K)
[0.319s][info][gc,metaspace   ] GC(17) Metaspace: 6301K(6464K)->6301K(6464K) NonClass: 5768K(5824K)->5768K(5824K) Class: 533K(640K)->533K(640K)
[0.319s][info][gc             ] GC(17) Pause Young (Allocation Failure) 23M->19M(34M) 13.526ms
[0.319s][info][gc,cpu         ] GC(17) User=0.00s Sys=0.00s Real=0.01s
[0.326s][info][gc,start       ] GC(18) Pause Young (Allocation Failure)
[0.338s][info][gc,heap        ] GC(18) DefNew: 10879K(10880K)->1151K(10880K) Eden: 9728K(9728K)->0K(9728K) From: 1151K(1152K)->1151K(1152K)
[0.338s][info][gc,heap        ] GC(18) Tenured: 18415K(23976K)->23936K(23976K)
[0.338s][info][gc,metaspace   ] GC(18) Metaspace: 6301K(6464K)->6301K(6464K) NonClass: 5768K(5824K)->5768K(5824K) Class: 533K(640K)->533K(640K)
[0.338s][info][gc             ] GC(18) Pause Young (Allocation Failure) 28M->24M(34M) 11.407ms
[0.338s][info][gc,cpu         ] GC(18) User=0.00s Sys=0.00s Real=0.01s
[0.343s][info][gc,start       ] GC(19) Pause Young (Allocation Failure)
[0.354s][info][gc             ] GC(19) Pause Young (Allocation Failure) 34M->29M(38M) 11.300ms
[0.354s][info][gc,cpu         ] GC(19) User=0.00s Sys=0.00s Real=0.01s
[0.354s][info][gc,start       ] GC(20) Pause Full (Allocation Failure)
[0.354s][info][gc,phases,start] GC(20) Phase 1: Mark live objects
[0.368s][info][gc,phases      ] GC(20) Phase 1: Mark live objects 13.681ms
[0.368s][info][gc,phases,start] GC(20) Phase 2: Compute new object addresses
[0.373s][info][gc,phases      ] GC(20) Phase 2: Compute new object addresses 4.634ms
[0.373s][info][gc,phases,start] GC(20) Phase 3: Adjust pointers
[0.378s][info][gc,phases      ] GC(20) Phase 3: Adjust pointers 5.563ms
[0.378s][info][gc,phases,start] GC(20) Phase 4: Move objects
[0.379s][info][gc,phases      ] GC(20) Phase 4: Move objects 0.170ms
[0.379s][info][gc,heap        ] GC(20) DefNew: 10879K(10880K)->1079K(21888K) Eden: 9728K(9728K)->1079K(19520K) From: 1151K(1152K)->0K(2368K)
[0.379s][info][gc,heap        ] GC(20) Tenured: 23936K(23976K)->29035K(48396K)
[0.379s][info][gc,metaspace   ] GC(20) Metaspace: 6301K(6464K)->6301K(6464K) NonClass: 5768K(5824K)->5768K(5824K) Class: 533K(640K)->533K(640K)
[0.379s][info][gc             ] GC(20) Pause Full (Allocation Failure) 29M->29M(68M) 24.447ms
[0.379s][info][gc,cpu         ] GC(20) User=0.05s Sys=0.00s Real=0.03s
[0.394s][info][gc,start       ] GC(21) Pause Young (Allocation Failure)
[0.421s][info][gc,heap        ] GC(21) DefNew: 19520K(21888K)->2368K(21888K) Eden: 19520K(19520K)->0K(19520K) From: 0K(2368K)->2368K(2368K)
[0.421s][info][gc,heap        ] GC(21) Tenured: 29035K(48396K)->39360K(48396K)
[0.421s][info][gc,metaspace   ] GC(21) Metaspace: 6301K(6464K)->6301K(6464K) NonClass: 5768K(5824K)->5768K(5824K) Class: 533K(640K)->533K(640K)
[0.421s][info][gc             ] GC(21) Pause Young (Allocation Failure) 47M->40M(68M) 27.254ms
[0.421s][info][gc,cpu         ] GC(21) User=0.02s Sys=0.00s Real=0.03s
[0.440s][info][gc,start       ] GC(22) Pause Young (Allocation Failure)
[0.476s][info][gc             ] GC(22) Pause Young (Allocation Failure) 59M->59M(78M) 36.137ms
[0.476s][info][gc,cpu         ] GC(22) User=0.03s Sys=0.00s Real=0.04s
[0.476s][info][gc,start       ] GC(23) Pause Full (Allocation Failure)
[0.476s][info][gc,phases,start] GC(23) Phase 1: Mark live objects
[0.501s][info][gc,phases      ] GC(23) Phase 1: Mark live objects 24.892ms
[0.501s][info][gc,phases,start] GC(23) Phase 2: Compute new object addresses
[0.510s][info][gc,phases      ] GC(23) Phase 2: Compute new object addresses 9.297ms
[0.510s][info][gc,phases,start] GC(23) Phase 3: Adjust pointers
[0.521s][info][gc,phases      ] GC(23) Phase 3: Adjust pointers 10.620ms
[0.521s][info][gc,phases,start] GC(23) Phase 4: Move objects
[0.521s][info][gc,phases      ] GC(23) Phase 4: Move objects 0.343ms
[0.521s][info][gc,heap        ] GC(23) DefNew: 21888K(21888K)->2261K(44288K) Eden: 19520K(19520K)->2261K(39424K) From: 2368K(2368K)->0K(4864K)
[0.521s][info][gc,heap        ] GC(23) Tenured: 39360K(48396K)->58955K(98260K)
[0.521s][info][gc,metaspace   ] GC(23) Metaspace: 6301K(6464K)->6301K(6464K) NonClass: 5768K(5824K)->5768K(5824K) Class: 533K(640K)->533K(640K)
[0.522s][info][gc             ] GC(23) Pause Full (Allocation Failure) 59M->59M(139M) 45.760ms
[0.522s][info][gc,cpu         ] GC(23) User=0.05s Sys=0.00s Real=0.05s
[0.563s][info][gc,start       ] GC(24) Pause Young (Allocation Failure)
[0.624s][info][gc,heap        ] GC(24) DefNew: 39424K(44288K)->4863K(44288K) Eden: 39424K(39424K)->0K(39424K) From: 0K(4864K)->4863K(4864K)
[0.624s][info][gc,heap        ] GC(24) Tenured: 58955K(98260K)->93487K(98260K)
[0.624s][info][gc,metaspace   ] GC(24) Metaspace: 6301K(6464K)->6301K(6464K) NonClass: 5768K(5824K)->5768K(5824K) Class: 533K(640K)->533K(640K)
[0.624s][info][gc             ] GC(24) Pause Young (Allocation Failure) 96M->96M(139M) 61.429ms
[0.624s][info][gc,cpu         ] GC(24) User=0.05s Sys=0.00s Real=0.06s
[0.657s][info][gc,start       ] GC(25) Pause Young (Allocation Failure)
[0.739s][info][gc             ] GC(25) Pause Young (Allocation Failure) 134M->134M(173M) 82.720ms
[0.739s][info][gc,cpu         ] GC(25) User=0.03s Sys=0.00s Real=0.08s
[0.739s][info][gc,start       ] GC(26) Pause Full (Allocation Failure)
[0.739s][info][gc,phases,start] GC(26) Phase 1: Mark live objects
[0.798s][info][gc,phases      ] GC(26) Phase 1: Mark live objects 58.122ms
[0.798s][info][gc,phases,start] GC(26) Phase 2: Compute new object addresses
[0.821s][info][gc,phases      ] GC(26) Phase 2: Compute new object addresses 23.863ms
[0.822s][info][gc,phases,start] GC(26) Phase 3: Adjust pointers
[0.853s][info][gc,phases      ] GC(26) Phase 3: Adjust pointers 31.233ms
[0.853s][info][gc,phases,start] GC(26) Phase 4: Move objects
[0.880s][info][gc,phases      ] GC(26) Phase 4: Move objects 26.996ms
[0.880s][info][gc,heap        ] GC(26) DefNew: 44287K(44288K)->1016K(99712K) Eden: 39424K(39424K)->1016K(88640K) From: 4863K(4864K)->0K(11072K)
[0.880s][info][gc,heap        ] GC(26) Tenured: 93487K(98260K)->132887K(221480K)
[0.880s][info][gc,metaspace   ] GC(26) Metaspace: 6301K(6464K)->6301K(6464K) NonClass: 5768K(5824K)->5768K(5824K) Class: 533K(640K)->533K(640K)
[0.880s][info][gc             ] GC(26) Pause Full (Allocation Failure) 134M->130M(313M) 141.028ms
[0.880s][info][gc,cpu         ] GC(26) User=0.14s Sys=0.00s Real=0.14s
[0.981s][info][gc,start       ] GC(27) Pause Young (Allocation Failure)
[1.140s][info][gc,heap        ] GC(27) DefNew: 88640K(99712K)->11071K(99712K) Eden: 88640K(88640K)->0K(88640K) From: 0K(11072K)->11071K(11072K)
[1.140s][info][gc,heap        ] GC(27) Tenured: 132887K(221480K)->210426K(221480K)
[1.140s][info][gc,metaspace   ] GC(27) Metaspace: 6301K(6464K)->6301K(6464K) NonClass: 5768K(5824K)->5768K(5824K) Class: 533K(640K)->533K(640K)
[1.140s][info][gc             ] GC(27) Pause Young (Allocation Failure) 216M->216M(313M) 159.383ms
[1.140s][info][gc,cpu         ] GC(27) User=0.09s Sys=0.03s Real=0.16s
[1.222s][info][gc,start       ] GC(28) Pause Young (Allocation Failure)
[1.400s][info][gc             ] GC(28) Pause Young (Allocation Failure) 302M->302M(389M) 177.018ms
[1.400s][info][gc,cpu         ] GC(28) User=0.09s Sys=0.03s Real=0.18s
[1.400s][info][gc,start       ] GC(29) Pause Full (Allocation Failure)
[1.400s][info][gc,phases,start] GC(29) Phase 1: Mark live objects
[1.535s][info][gc,phases      ] GC(29) Phase 1: Mark live objects 135.691ms
[1.535s][info][gc,phases,start] GC(29) Phase 2: Compute new object addresses
[1.583s][info][gc,phases      ] GC(29) Phase 2: Compute new object addresses 47.281ms
[1.583s][info][gc,phases,start] GC(29) Phase 3: Adjust pointers
[1.637s][info][gc,phases      ] GC(29) Phase 3: Adjust pointers 53.865ms
[1.637s][info][gc,phases,start] GC(29) Phase 4: Move objects
[1.639s][info][gc,phases      ] GC(29) Phase 4: Move objects 2.647ms
[1.640s][info][gc,heap        ] GC(29) DefNew: 99711K(99712K)->10928K(224448K) Eden: 88640K(88640K)->10928K(199552K) From: 11071K(11072K)->0K(24896K)
[1.641s][info][gc,heap        ] GC(29) Tenured: 210426K(221480K)->299179K(498636K)
[1.641s][info][gc,metaspace   ] GC(29) Metaspace: 6301K(6464K)->6301K(6464K) NonClass: 5768K(5824K)->5768K(5824K) Class: 533K(640K)->533K(640K)
[1.641s][info][gc             ] GC(29) Pause Full (Allocation Failure) 302M->302M(706M) 241.084ms
[1.641s][info][gc,cpu         ] GC(29) User=0.22s Sys=0.00s Real=0.24s
[1.849s][info][gc,start       ] GC(30) Pause Young (Allocation Failure)
[2.191s][info][gc,heap        ] GC(30) DefNew: 199552K(224448K)->24895K(224448K) Eden: 199552K(199552K)->0K(199552K) From: 0K(24896K)->24895K(24896K)
[2.191s][info][gc,heap        ] GC(30) Tenured: 299179K(498636K)->473808K(498636K)
[2.191s][info][gc,metaspace   ] GC(30) Metaspace: 6301K(6464K)->6301K(6464K) NonClass: 5768K(5824K)->5768K(5824K) Class: 533K(640K)->533K(640K)
[2.191s][info][gc             ] GC(30) Pause Young (Allocation Failure) 487M->487M(706M) 342.330ms
[2.191s][info][gc,cpu         ] GC(30) User=0.28s Sys=0.05s Real=0.34s
[2.384s][info][gc,start       ] GC(31) Pause Young (Allocation Failure)
[2.796s][info][gc             ] GC(31) Pause Young (Allocation Failure) 681M->681M(876M) 411.803ms
[2.796s][info][gc,cpu         ] GC(31) User=0.33s Sys=0.05s Real=0.41s
[2.796s][info][gc,start       ] GC(32) Pause Full (Allocation Failure)
[2.796s][info][gc,phases,start] GC(32) Phase 1: Mark live objects
[3.105s][info][gc,phases      ] GC(32) Phase 1: Mark live objects 309.093ms
[3.105s][info][gc,phases,start] GC(32) Phase 2: Compute new object addresses
[3.212s][info][gc,phases      ] GC(32) Phase 2: Compute new object addresses 107.046ms
[3.212s][info][gc,phases,start] GC(32) Phase 3: Adjust pointers
[3.329s][info][gc,phases      ] GC(32) Phase 3: Adjust pointers 116.767ms
[3.329s][info][gc,phases,start] GC(32) Phase 4: Move objects
[3.334s][info][gc,phases      ] GC(32) Phase 4: Move objects 5.064ms
[3.336s][info][gc,heap        ] GC(32) DefNew: 224447K(224448K)->24797K(505152K) Eden: 199552K(199552K)->24797K(449088K) From: 24895K(24896K)->0K(56064K)
[3.336s][info][gc,heap        ] GC(32) Tenured: 473808K(498636K)->673423K(1122376K)
[3.336s][info][gc,metaspace   ] GC(32) Metaspace: 6301K(6464K)->6301K(6464K) NonClass: 5768K(5824K)->5768K(5824K) Class: 533K(640K)->533K(640K)
[3.336s][info][gc             ] GC(32) Pause Full (Allocation Failure) 681M->681M(1589M) 540.150ms
[3.336s][info][gc,cpu         ] GC(32) User=0.47s Sys=0.00s Real=0.54s
[3.811s][info][gc,start       ] GC(33) Pause Young (Allocation Failure)
[4.572s][info][gc,heap        ] GC(33) DefNew: 449088K(505152K)->56064K(505152K) Eden: 449088K(449088K)->0K(449088K) From: 0K(56064K)->56064K(56064K)
[4.572s][info][gc,heap        ] GC(33) Tenured: 673423K(1122376K)->1066419K(1122376K)
[4.572s][info][gc,metaspace   ] GC(33) Metaspace: 6301K(6464K)->6301K(6464K) NonClass: 5768K(5824K)->5768K(5824K) Class: 533K(640K)->533K(640K)
[4.572s][info][gc             ] GC(33) Pause Young (Allocation Failure) 1096M->1096M(1589M) 761.799ms
[4.572s][info][gc,cpu         ] GC(33) User=0.62s Sys=0.14s Real=0.76s
[5.032s][info][gc,start       ] GC(34) Pause Young (Allocation Failure)
[5.759s][info][gc             ] GC(34) Pause Young (Allocation Failure) 1534M->1483M(1921M) 726.905ms
[5.759s][info][gc,cpu         ] GC(34) User=0.59s Sys=0.12s Real=0.73s
[5.759s][info][gc,start       ] GC(35) Pause Full (Allocation Failure)
[5.759s][info][gc,phases,start] GC(35) Phase 1: Mark live objects
[6.413s][info][gc,phases      ] GC(35) Phase 1: Mark live objects 653.785ms
[6.413s][info][gc,phases,start] GC(35) Phase 2: Compute new object addresses
[6.636s][info][gc,phases      ] GC(35) Phase 2: Compute new object addresses 223.003ms
[6.636s][info][gc,phases,start] GC(35) Phase 3: Adjust pointers
[6.893s][info][gc,phases      ] GC(35) Phase 3: Adjust pointers 256.512ms
[6.893s][info][gc,phases,start] GC(35) Phase 4: Move objects
[6.903s][info][gc,phases      ] GC(35) Phase 4: Move objects 10.812ms
[6.907s][info][gc,heap        ] GC(35) DefNew: 505152K(505152K)->55947K(1097216K) Eden: 449088K(449088K)->55947K(975360K) From: 56064K(56064K)->0K(121856K)
[6.907s][info][gc,heap        ] GC(35) Tenured: 1066419K(1122376K)->1462860K(2438100K)
[6.908s][info][gc,metaspace   ] GC(35) Metaspace: 6301K(6464K)->6301K(6464K) NonClass: 5768K(5824K)->5768K(5824K) Class: 533K(640K)->533K(640K)
[6.908s][info][gc             ] GC(35) Pause Full (Allocation Failure) 1483M->1483M(3452M) 1148.709ms
[6.908s][info][gc,cpu         ] GC(35) User=1.09s Sys=0.00s Real=1.15s
[7.866s][info][gc,start       ] GC(36) Pause Young (Allocation Failure)
[9.613s][info][gc,heap        ] GC(36) DefNew: 975360K(1097216K)->121856K(1097216K) Eden: 975360K(975360K)->0K(975360K) From: 0K(121856K)->121856K(121856K)
[9.613s][info][gc,heap        ] GC(36) Tenured: 1462860K(2438100K)->2316331K(2438100K)
[9.613s][info][gc,metaspace   ] GC(36) Metaspace: 6301K(6464K)->6301K(6464K) NonClass: 5768K(5824K)->5768K(5824K) Class: 533K(640K)->533K(640K)
[9.613s][info][gc             ] GC(36) Pause Young (Allocation Failure) 2381M->2381M(3452M) 1747.040ms
[9.613s][info][gc,cpu         ] GC(36) User=1.48s Sys=0.22s Real=1.75s
[10.569s][info][gc,start       ] GC(37) Pause Young (Allocation Failure)
[12.240s][info][gc             ] GC(37) Pause Young (Allocation Failure) 3333M->3333M(4286M) 1671.688ms
[12.240s][info][gc,cpu         ] GC(37) User=1.34s Sys=0.31s Real=1.67s
[12.240s][info][gc,start       ] GC(38) Pause Full (Allocation Failure)
[12.240s][info][gc,phases,start] GC(38) Phase 1: Mark live objects
[13.744s][info][gc,phases      ] GC(38) Phase 1: Mark live objects 1503.334ms
[13.744s][info][gc,phases,start] GC(38) Phase 2: Compute new object addresses
[14.234s][info][gc,phases      ] GC(38) Phase 2: Compute new object addresses 490.590ms
[14.234s][info][gc,phases,start] GC(38) Phase 3: Adjust pointers
[14.907s][info][gc,phases      ] GC(38) Phase 3: Adjust pointers 672.542ms
[14.907s][info][gc,phases,start] GC(38) Phase 4: Move objects
[15.542s][info][gc,phases      ] GC(38) Phase 4: Move objects 635.392ms
[15.551s][info][gc,heap        ] GC(38) DefNew: 1097216K(1097216K)->27638K(2396160K) Eden: 975360K(975360K)->27638K(2129920K) From: 121856K(121856K)->0K(266240K)
[15.551s][info][gc,heap        ] GC(38) Tenured: 2316331K(2438100K)->3291671K(5324800K)
[15.551s][info][gc,metaspace   ] GC(38) Metaspace: 6301K(6464K)->6301K(6464K) NonClass: 5768K(5824K)->5768K(5824K) Class: 533K(640K)->533K(640K)
[15.551s][info][gc             ] GC(38) Pause Full (Allocation Failure) 3333M->3241M(7540M) 3310.874ms
[15.551s][info][gc,cpu         ] GC(38) User=3.28s Sys=0.02s Real=3.31s
[17.701s][info][gc,start       ] GC(39) Pause Young (Allocation Failure)
[21.402s][info][gc,heap        ] GC(39) DefNew: 2129920K(2396160K)->266240K(2396160K) Eden: 2129920K(2129920K)->0K(2129920K) From: 0K(266240K)->266240K(266240K)
[21.402s][info][gc,heap        ] GC(39) Tenured: 3291671K(5324800K)->5155316K(5324800K)
[21.402s][info][gc,metaspace   ] GC(39) Metaspace: 6301K(6464K)->6301K(6464K) NonClass: 5768K(5824K)->5768K(5824K) Class: 533K(640K)->533K(640K)
[21.402s][info][gc             ] GC(39) Pause Young (Allocation Failure) 5294M->5294M(7540M) 3701.160ms
[21.402s][info][gc,cpu         ] GC(39) User=3.25s Sys=0.39s Real=3.70s
[23.423s][info][gc,start       ] GC(40) Pause Young (Allocation Failure)
[23.423s][info][gc             ] GC(40) Pause Young (Allocation Failure) 7374M->7374M(7540M) 0.129ms
[23.423s][info][gc,cpu         ] GC(40) User=0.00s Sys=0.00s Real=0.00s
[23.423s][info][gc,start       ] GC(41) Pause Full (Allocation Failure)
[23.423s][info][gc,phases,start] GC(41) Phase 1: Mark live objects
[26.894s][info][gc,phases      ] GC(41) Phase 1: Mark live objects 3471.501ms
[26.894s][info][gc,phases,start] GC(41) Phase 2: Compute new object addresses
[27.941s][info][gc,phases      ] GC(41) Phase 2: Compute new object addresses 1046.852ms
[27.941s][info][gc,phases,start] GC(41) Phase 3: Adjust pointers
[29.440s][info][gc,phases      ] GC(41) Phase 3: Adjust pointers 1498.696ms
[29.440s][info][gc,phases,start] GC(41) Phase 4: Move objects
[29.899s][info][gc,phases      ] GC(41) Phase 4: Move objects 458.899ms
[29.900s][info][gc,heap        ] GC(41) DefNew: 2396160K(2396160K)->2226650K(2396160K) Eden: 2129920K(2129920K)->2129919K(2129920K) From: 266240K(266240K)->96730K(266240K)
[29.900s][info][gc,heap        ] GC(41) Tenured: 5155316K(5324800K)->5324799K(5324800K)
[29.900s][info][gc,metaspace   ] GC(41) Metaspace: 6301K(6464K)->6301K(6464K) NonClass: 5768K(5824K)->5768K(5824K) Class: 533K(640K)->533K(640K)
[29.900s][info][gc             ] GC(41) Pause Full (Allocation Failure) 7374M->7374M(7540M) 6476.840ms
[29.900s][info][gc,cpu         ] GC(41) User=6.41s Sys=0.02s Real=6.48s
[30.366s][info][gc,start       ] GC(42) Pause Full (Allocation Failure)
[30.367s][info][gc,phases,start] GC(42) Phase 1: Mark live objects
[33.731s][info][gc,phases      ] GC(42) Phase 1: Mark live objects 3364.030ms
[33.731s][info][gc,phases,start] GC(42) Phase 2: Compute new object addresses
[34.768s][info][gc,phases      ] GC(42) Phase 2: Compute new object addresses 1037.520ms
[34.768s][info][gc,phases,start] GC(42) Phase 3: Adjust pointers
[36.143s][info][gc,phases      ] GC(42) Phase 3: Adjust pointers 1374.504ms
[36.143s][info][gc,phases,start] GC(42) Phase 4: Move objects
[36.143s][info][gc,phases      ] GC(42) Phase 4: Move objects 0.018ms
[36.143s][info][gc,heap        ] GC(42) DefNew: 2396160K(2396160K)->2396160K(2396160K) Eden: 2129920K(2129920K)->2129920K(2129920K) From: 266240K(266240K)->266240K(266240K)
[36.143s][info][gc,heap        ] GC(42) Tenured: 5324799K(5324800K)->5324799K(5324800K)
[36.143s][info][gc,metaspace   ] GC(42) Metaspace: 6301K(6464K)->6301K(6464K) NonClass: 5768K(5824K)->5768K(5824K) Class: 533K(640K)->533K(640K)
[36.143s][info][gc             ] GC(42) Pause Full (Allocation Failure) 7539M->7539M(7540M) 5776.936ms
[36.143s][info][gc,cpu         ] GC(42) User=5.78s Sys=0.00s Real=5.78s
[36.143s][info][gc,start       ] GC(43) Pause Full (Allocation Failure)
[36.143s][info][gc,phases,start] GC(43) Phase 1: Mark live objects
[39.513s][info][gc,phases      ] GC(43) Phase 1: Mark live objects 3369.222ms
[39.513s][info][gc,phases,start] GC(43) Phase 2: Compute new object addresses
[40.548s][info][gc,phases      ] GC(43) Phase 2: Compute new object addresses 1035.102ms
[40.548s][info][gc,phases,start] GC(43) Phase 3: Adjust pointers
[42.200s][info][gc,phases      ] GC(43) Phase 3: Adjust pointers 1651.803ms
[42.200s][info][gc,phases,start] GC(43) Phase 4: Move objects
[43.599s][info][gc,phases      ] GC(43) Phase 4: Move objects 1399.494ms
[43.600s][info][gc,heap        ] GC(43) DefNew: 2396160K(2396160K)->2265083K(2396160K) Eden: 2129920K(2129920K)->2129919K(2129920K) From: 266240K(266240K)->135163K(266240K)
[43.600s][info][gc,heap        ] GC(43) Tenured: 5324799K(5324800K)->5324800K(5324800K)
[43.600s][info][gc,metaspace   ] GC(43) Metaspace: 6301K(6464K)->6300K(6464K) NonClass: 5768K(5824K)->5767K(5824K) Class: 533K(640K)->532K(640K)
[43.600s][info][gc             ] GC(43) Pause Full (Allocation Failure) 7539M->7411M(7540M) 7456.417ms
[43.600s][info][gc,cpu         ] GC(43) User=7.44s Sys=0.00s Real=7.46s
[43.970s][info][gc,start       ] GC(44) Pause Full (Allocation Failure)
[43.970s][info][gc,phases,start] GC(44) Phase 1: Mark live objects
[47.378s][info][gc,phases      ] GC(44) Phase 1: Mark live objects 3407.758ms
[47.378s][info][gc,phases,start] GC(44) Phase 2: Compute new object addresses
[48.430s][info][gc,phases      ] GC(44) Phase 2: Compute new object addresses 1051.809ms
[48.430s][info][gc,phases,start] GC(44) Phase 3: Adjust pointers
[49.827s][info][gc,phases      ] GC(44) Phase 3: Adjust pointers 1397.479ms
[49.827s][info][gc,phases,start] GC(44) Phase 4: Move objects
[49.827s][info][gc,phases      ] GC(44) Phase 4: Move objects 0.017ms
[49.828s][info][gc,heap        ] GC(44) DefNew: 2396159K(2396160K)->2396159K(2396160K) Eden: 2129920K(2129920K)->2129920K(2129920K) From: 266239K(266240K)->266239K(266240K)
[49.828s][info][gc,heap        ] GC(44) Tenured: 5324800K(5324800K)->5324800K(5324800K)
[49.828s][info][gc,metaspace   ] GC(44) Metaspace: 6300K(6464K)->6300K(6464K) NonClass: 5767K(5824K)->5767K(5824K) Class: 532K(640K)->532K(640K)
[49.828s][info][gc             ] GC(44) Pause Full (Allocation Failure) 7539M->7539M(7540M) 5857.861ms
[49.828s][info][gc,cpu         ] GC(44) User=5.83s Sys=0.02s Real=5.86s
[49.828s][info][gc,start       ] GC(45) Pause Full (Allocation Failure)
[49.828s][info][gc,phases,start] GC(45) Phase 1: Mark live objects
[53.263s][info][gc,phases      ] GC(45) Phase 1: Mark live objects 3435.003ms
[53.263s][info][gc,phases,start] GC(45) Phase 2: Compute new object addresses
[54.314s][info][gc,phases      ] GC(45) Phase 2: Compute new object addresses 1051.423ms
[54.315s][info][gc,phases,start] GC(45) Phase 3: Adjust pointers
[55.715s][info][gc,phases      ] GC(45) Phase 3: Adjust pointers 1400.875ms
[55.715s][info][gc,phases,start] GC(45) Phase 4: Move objects
[55.715s][info][gc,phases      ] GC(45) Phase 4: Move objects 0.017ms
[55.716s][info][gc,heap        ] GC(45) DefNew: 2396159K(2396160K)->2396159K(2396160K) Eden: 2129920K(2129920K)->2129920K(2129920K) From: 266239K(266240K)->266239K(266240K)
[55.716s][info][gc,heap        ] GC(45) Tenured: 5324800K(5324800K)->5324800K(5324800K)
[55.716s][info][gc,metaspace   ] GC(45) Metaspace: 6300K(6464K)->6300K(6464K) NonClass: 5767K(5824K)->5767K(5824K) Class: 532K(640K)->532K(640K)
[55.716s][info][gc             ] GC(45) Pause Full (Allocation Failure) 7539M->7539M(7540M) 5888.029ms
[55.716s][info][gc,cpu         ] GC(45) User=5.89s Sys=0.00s Real=5.89s
[55.716s][info][gc,start       ] GC(46) Pause Full (Allocation Failure)
[55.716s][info][gc,phases,start] GC(46) Phase 1: Mark live objects
[59.150s][info][gc,phases      ] GC(46) Phase 1: Mark live objects 3433.081ms
[59.150s][info][gc,phases,start] GC(46) Phase 2: Compute new object addresses
[60.201s][info][gc,phases      ] GC(46) Phase 2: Compute new object addresses 1051.802ms
[60.202s][info][gc,phases,start] GC(46) Phase 3: Adjust pointers
[61.597s][info][gc,phases      ] GC(46) Phase 3: Adjust pointers 1395.467ms
[61.597s][info][gc,phases,start] GC(46) Phase 4: Move objects
[61.597s][info][gc,phases      ] GC(46) Phase 4: Move objects 0.016ms
[61.597s][info][gc,heap        ] GC(46) DefNew: 2396160K(2396160K)->2396160K(2396160K) Eden: 2129920K(2129920K)->2129920K(2129920K) From: 266240K(266240K)->266240K(266240K)
[61.597s][info][gc,heap        ] GC(46) Tenured: 5324800K(5324800K)->5324800K(5324800K)
[61.597s][info][gc,metaspace   ] GC(46) Metaspace: 6300K(6464K)->6300K(6464K) NonClass: 5767K(5824K)->5767K(5824K) Class: 532K(640K)->532K(640K)
[61.598s][info][gc             ] GC(46) Pause Full (Allocation Failure) 7540M->7540M(7540M) 5881.141ms
[61.598s][info][gc,cpu         ] GC(46) User=5.84s Sys=0.00s Real=5.88s
[61.598s][info][gc,start       ] GC(47) Pause Full (Allocation Failure)
[61.598s][info][gc,phases,start] GC(47) Phase 1: Mark live objects
[65.024s][info][gc,phases      ] GC(47) Phase 1: Mark live objects 3426.260ms
[65.024s][info][gc,phases,start] GC(47) Phase 2: Compute new object addresses
[66.074s][info][gc,phases      ] GC(47) Phase 2: Compute new object addresses 1050.150ms
[66.074s][info][gc,phases,start] GC(47) Phase 3: Adjust pointers
[67.760s][info][gc,phases      ] GC(47) Phase 3: Adjust pointers 1686.036ms
[67.760s][info][gc,phases,start] GC(47) Phase 4: Move objects
[69.017s][info][gc,phases      ] GC(47) Phase 4: Move objects 1257.135ms
[69.018s][info][gc,heap        ] GC(47) DefNew: 2396160K(2396160K)->2396158K(2396160K) Eden: 2129920K(2129920K)->2129919K(2129920K) From: 266240K(266240K)->266238K(266240K)
[69.018s][info][gc,heap        ] GC(47) Tenured: 5324800K(5324800K)->5324799K(5324800K)
[69.018s][info][gc,metaspace   ] GC(47) Metaspace: 6300K(6464K)->6300K(6464K) NonClass: 5767K(5824K)->5767K(5824K) Class: 532K(640K)->532K(640K)
[69.018s][info][gc             ] GC(47) Pause Full (Allocation Failure) 7540M->7539M(7540M) 7420.391ms
[69.018s][info][gc,cpu         ] GC(47) User=7.42s Sys=0.00s Real=7.42s
[69.019s][info][gc,start       ] GC(48) Pause Full (Allocation Failure)
[69.019s][info][gc,phases,start] GC(48) Phase 1: Mark live objects
[72.461s][info][gc,phases      ] GC(48) Phase 1: Mark live objects 3442.184ms
[72.461s][info][gc,phases,start] GC(48) Phase 2: Compute new object addresses
[73.519s][info][gc,phases      ] GC(48) Phase 2: Compute new object addresses 1057.576ms
[73.519s][info][gc,phases,start] GC(48) Phase 3: Adjust pointers
[75.215s][info][gc,phases      ] GC(48) Phase 3: Adjust pointers 1696.241ms
[75.215s][info][gc,phases,start] GC(48) Phase 4: Move objects
[76.484s][info][gc,phases      ] GC(48) Phase 4: Move objects 1268.548ms
[76.484s][info][gc,heap        ] GC(48) DefNew: 2396159K(2396160K)->2396156K(2396160K) Eden: 2129920K(2129920K)->2129919K(2129920K) From: 266239K(266240K)->266236K(266240K)
[76.485s][info][gc,heap        ] GC(48) Tenured: 5324799K(5324800K)->5324799K(5324800K)
[76.485s][info][gc,metaspace   ] GC(48) Metaspace: 6302K(6528K)->6302K(6528K) NonClass: 5768K(5888K)->5768K(5888K) Class: 533K(640K)->533K(640K)
[76.485s][info][gc             ] GC(48) Pause Full (Allocation Failure) 7539M->7539M(7540M) 7465.434ms
[76.485s][info][gc,cpu         ] GC(48) User=7.38s Sys=0.00s Real=7.47s
[76.485s][info][gc,heap,exit   ] Heap
[76.485s][info][gc,heap,exit   ]  def new generation   total 2396160K, used 2396157K [0x0000000618800000, 0x00000006bb000000, 0x00000006bb000000)
[76.485s][info][gc,heap,exit   ]   eden space 2129920K,  99% used [0x0000000618800000, 0x000000069a7ffff8, 0x000000069a800000)
[76.485s][info][gc,heap,exit   ]   from space 266240K,  99% used [0x00000006aac00000, 0x00000006bafff630, 0x00000006bb000000)
[76.485s][info][gc,heap,exit   ]   to   space 266240K,   0% used [0x000000069a800000, 0x000000069a800000, 0x00000006aac00000)
[76.485s][info][gc,heap,exit   ]  tenured generation   total 5324800K, used 5324799K [0x00000006bb000000, 0x0000000800000000, 0x0000000800000000)
[76.485s][info][gc,heap,exit   ]    the space 5324800K,  99% used [0x00000006bb000000, 0x00000007ffffffc0, 0x0000000800000000, 0x0000000800000000)
[76.485s][info][gc,heap,exit   ]  Metaspace       used 6305K, committed 6528K, reserved 1114112K
[76.485s][info][gc,heap,exit   ]   class space    used 534K, committed 640K, reserved 1048576K
